c[?7l[2J[0mSeaBIOS (version 1.16.0-debian-1.16.0-4)
Booting from ROM...
early console in setup code
c[?7l[2J[    0.000000] Linux version 5.10.158+ (root@joelboxx.c.googlers.com) (gcc (Debian 12.2.0-3) 12.2.0, GNU ld (GNU Binutils for Debian) 2.39) #3 SMP PREEMPT Tue Dec 13 22:39:23 UTC 2022
[    0.000000] Command line: selinux=0 initcall_debug debug console=ttyS0 rcutorture.torture_type=srcud rcupdate.rcu_self_test=1 rcutorture.onoff_interval=1000 rcutorture.onoff_holdoff=30 rcutorture.n_barrier_cbs=4 rcutorture.stat_interval=15 rcutorture.shutdown_secs=3600 rcutorture.test_no_idle_hz=1 rcutorture.verbose=1
[    0.000000] x86/fpu: x87 FPU will use FXSAVE
[    0.000000] BIOS-provided physical RAM map:
[    0.000000] BIOS-e820: [mem 0x0000000000000000-0x000000000009fbff] usable
[    0.000000] BIOS-e820: [mem 0x000000000009fc00-0x000000000009ffff] reserved
[    0.000000] BIOS-e820: [mem 0x00000000000f0000-0x00000000000fffff] reserved
[    0.000000] BIOS-e820: [mem 0x0000000000100000-0x000000001ffdefff] usable
[    0.000000] BIOS-e820: [mem 0x000000001ffdf000-0x000000001fffffff] reserved
[    0.000000] BIOS-e820: [mem 0x00000000b0000000-0x00000000bfffffff] reserved
[    0.000000] BIOS-e820: [mem 0x00000000fed1c000-0x00000000fed1ffff] reserved
[    0.000000] BIOS-e820: [mem 0x00000000feffc000-0x00000000feffffff] reserved
[    0.000000] BIOS-e820: [mem 0x00000000fffc0000-0x00000000ffffffff] reserved
[    0.000000] NX (Execute Disable) protection: active
[    0.000000] SMBIOS 2.8 present.
[    0.000000] DMI: QEMU Standard PC (Q35 + ICH9, 2009), BIOS 1.16.0-debian-1.16.0-4 04/01/2014
[    0.000000] Hypervisor detected: KVM
[    0.000000] kvm-clock: Using msrs 4b564d01 and 4b564d00
[    0.000000] kvm-clock: cpu 0, msr 1bd25001, primary cpu clock
[    0.000075] kvm-clock: using sched offset of 3663757240 cycles
[    0.000501] clocksource: kvm-clock: mask: 0xffffffffffffffff max_cycles: 0x1cd42e4dffb, max_idle_ns: 881590591483 ns
[    0.000763] tsc: Detected 1999.999 MHz processor
[    0.011951] e820: update [mem 0x00000000-0x00000fff] usable ==> reserved
[    0.011965] e820: remove [mem 0x000a0000-0x000fffff] usable
[    0.011976] last_pfn = 0x1ffdf max_arch_pfn = 0x400000000
[    0.012914] MTRR default type: write-back
[    0.012981] MTRR fixed ranges enabled:
[    0.012984]   00000-9FFFF write-back
[    0.012987]   A0000-BFFFF uncachable
[    0.012990]   C0000-FFFFF write-protect
[    0.012992] MTRR variable ranges enabled:
[    0.012995]   0 base 00C0000000 mask FFC0000000 uncachable
[    0.012998]   1 disabled
[    0.013000]   2 disabled
[    0.013002]   3 disabled
[    0.013004]   4 disabled
[    0.013006]   5 disabled
[    0.013008]   6 disabled
[    0.013010]   7 disabled
[    0.013594] x86/PAT: Configuration [0-7]: WB  WC  UC- UC  WB  WC  UC- UC  
[    0.024224] found SMP MP-table at [mem 0x000f5ba0-0x000f5baf]
[    0.025780] check: Scanning 1 areas for low memory corruption
[    0.040563] ACPI: Early table checksum verification disabled
[    0.042638] ACPI: RSDP 0x00000000000F59E0 000014 (v00 BOCHS )
[    0.042977] ACPI: RSDT 0x000000001FFE252A 000038 (v01 BOCHS  BXPC     00000001 BXPC 00000001)
[    0.043315] ACPI: FACP 0x000000001FFE22EA 0000F4 (v03 BOCHS  BXPC     00000001 BXPC 00000001)
[    0.043472] ACPI: DSDT 0x000000001FFE0040 0022AA (v01 BOCHS  BXPC     00000001 BXPC 00000001)
[    0.043481] ACPI: FACS 0x000000001FFE0000 000040
[    0.043488] ACPI: APIC 0x000000001FFE23DE 0000B0 (v01 BOCHS  BXPC     00000001 BXPC 00000001)
[    0.043536] ACPI: HPET 0x000000001FFE248E 000038 (v01 BOCHS  BXPC     00000001 BXPC 00000001)
[    0.043544] ACPI: MCFG 0x000000001FFE24C6 00003C (v01 BOCHS  BXPC     00000001 BXPC 00000001)
[    0.043551] ACPI: WAET 0x000000001FFE2502 000028 (v01 BOCHS  BXPC     00000001 BXPC 00000001)
[    0.043558] ACPI: Reserving FACP table memory at [mem 0x1ffe22ea-0x1ffe23dd]
[    0.043561] ACPI: Reserving DSDT table memory at [mem 0x1ffe0040-0x1ffe22e9]
[    0.043564] ACPI: Reserving FACS table memory at [mem 0x1ffe0000-0x1ffe003f]
[    0.043566] ACPI: Reserving APIC table memory at [mem 0x1ffe23de-0x1ffe248d]
[    0.043569] ACPI: Reserving HPET table memory at [mem 0x1ffe248e-0x1ffe24c5]
[    0.043571] ACPI: Reserving MCFG table memory at [mem 0x1ffe24c6-0x1ffe2501]
[    0.043573] ACPI: Reserving WAET table memory at [mem 0x1ffe2502-0x1ffe2529]
[    0.044411] ACPI: Local APIC address 0xfee00000
[    0.049682] No NUMA configuration found
[    0.049688] Faking a node at [mem 0x0000000000000000-0x000000001ffdefff]
[    0.049888] NODE_DATA(0) allocated [mem 0x1ffdb000-0x1ffdefff]
[    0.052118] Zone ranges:
[    0.052252]   DMA      [mem 0x0000000000001000-0x0000000000ffffff]
[    0.052332]   DMA32    [mem 0x0000000001000000-0x000000001ffdefff]
[    0.052414]   Normal   empty
[    0.052418] Movable zone start for each node
[    0.052421] Early memory node ranges
[    0.052423]   node   0: [mem 0x0000000000001000-0x000000000009efff]
[    0.052598]   node   0: [mem 0x0000000000100000-0x000000001ffdefff]
[    0.052688] Initmem setup node 0 [mem 0x0000000000001000-0x000000001ffdefff]
[    0.052691] On node 0 totalpages: 130941
[    0.052878]   DMA zone: 64 pages used for memmap
[    0.052881]   DMA zone: 21 pages reserved
[    0.052883]   DMA zone: 3998 pages, LIFO batch:0
[    0.052886]   DMA32 zone: 1984 pages used for memmap
[    0.052889]   DMA32 zone: 126943 pages, LIFO batch:31
[    0.060933] On node 0, zone DMA: 1 pages in unavailable ranges
[    0.071236] On node 0, zone DMA: 97 pages in unavailable ranges
[    0.329348] On node 0, zone DMA32: 33 pages in unavailable ranges
[    0.332836] ACPI: PM-Timer IO Port: 0x608
[    0.332844] ACPI: Local APIC address 0xfee00000
[    0.333010] ACPI: LAPIC_NMI (acpi_id[0xff] dfl dfl lint[0x1])
[    0.334478] IOAPIC[0]: apic_id 0, version 17, address 0xfec00000, GSI 0-23
[    0.334791] ACPI: INT_SRC_OVR (bus 0 bus_irq 0 global_irq 2 dfl dfl)
[    0.335010] ACPI: INT_SRC_OVR (bus 0 bus_irq 5 global_irq 5 high level)
[    0.335013] ACPI: INT_SRC_OVR (bus 0 bus_irq 9 global_irq 9 high level)
[    0.335121] ACPI: INT_SRC_OVR (bus 0 bus_irq 10 global_irq 10 high level)
[    0.335181] ACPI: INT_SRC_OVR (bus 0 bus_irq 11 global_irq 11 high level)
[    0.335186] ACPI: IRQ0 used by override.
[    0.335189] ACPI: IRQ5 used by override.
[    0.335191] ACPI: IRQ9 used by override.
[    0.335194] ACPI: IRQ10 used by override.
[    0.335196] ACPI: IRQ11 used by override.
[    0.335320] Using ACPI (MADT) for SMP configuration information
[    0.335326] ACPI: HPET id: 0x8086a201 base: 0xfed00000
[    0.335848] smpboot: Allowing 8 CPUs, 0 hotplug CPUs
[    0.338808] PM: hibernation: Registered nosave memory: [mem 0x00000000-0x00000fff]
[    0.338813] PM: hibernation: Registered nosave memory: [mem 0x0009f000-0x0009ffff]
[    0.338816] PM: hibernation: Registered nosave memory: [mem 0x000a0000-0x000effff]
[    0.338818] PM: hibernation: Registered nosave memory: [mem 0x000f0000-0x000fffff]
[    0.338942] [mem 0x20000000-0xafffffff] available for PCI devices
[    0.339091] Booting paravirtualized kernel on KVM
[    0.339735] clocksource: refined-jiffies: mask: 0xffffffff max_cycles: 0xffffffff, max_idle_ns: 1910969940391419 ns
[    0.375303] setup_percpu: NR_CPUS:8 nr_cpumask_bits:8 nr_cpu_ids:8 nr_node_ids:1
[    0.429130] percpu: Embedded 58 pages/cpu s198480 r8192 d30896 u262144
[    0.429220] pcpu-alloc: s198480 r8192 d30896 u262144 alloc=1*2097152
[    0.429313] pcpu-alloc: [0] 0 1 2 3 4 5 6 7 
[    0.429872] kvm-guest: stealtime: cpu 0, msr 1f41bb40
[    0.431879] Built 1 zonelists, mobility grouping on.  Total pages: 128872
[    0.431883] Policy zone: DMA32
[    0.431986] Kernel command line: selinux=0 initcall_debug debug console=ttyS0 rcutorture.torture_type=srcud rcupdate.rcu_self_test=1 rcutorture.onoff_interval=1000 rcutorture.onoff_holdoff=30 rcutorture.n_barrier_cbs=4 rcutorture.stat_interval=15 rcutorture.shutdown_secs=3600 rcutorture.test_no_idle_hz=1 rcutorture.verbose=1
[    0.442849] Dentry cache hash table entries: 65536 (order: 7, 524288 bytes, linear)
[    0.445116] Inode-cache hash table entries: 32768 (order: 6, 262144 bytes, linear)
[    0.445871] mem auto-init: stack:all(zero), heap alloc:off, heap free:off
[    0.480965] Memory: 465384K/523764K available (16398K kernel code, 2808K rwdata, 4812K rodata, 1504K init, 13284K bss, 58120K reserved, 0K cma-reserved)
[    0.482715] SLUB: HWalign=64, Order=0-3, MinObjects=0, CPUs=8, Nodes=1
[    0.483510] Kernel/User page tables isolation: enabled
[    0.550676] Running RCU self tests
[    0.551966] rcu: RCU calculated value of scheduler-enlistment delay is 100 jiffies.
[    0.554091] rcu: Preemptible hierarchical RCU implementation.
[    0.554097] rcu: 	CONFIG_RCU_FANOUT set to non-default value of 2.
[    0.554101] rcu: 	RCU lockdep checking is enabled.
[    0.554104] rcu: 	Build-time adjustment of leaf fanout to 2.
[    0.554108] rcu: 	Boot-time adjustment of first FQS scan delay to 3 jiffies.
[    0.554111] rcu: 	Boot-time adjustment of subsequent FQS scan delay to 3 jiffies.
[    0.554115] 	Trampoline variant of Tasks RCU enabled.
[    0.554119] 	Rude variant of Tasks RCU enabled.
[    0.554122] 	Tracing variant of Tasks RCU enabled.
[    0.589765] NR_IRQS: 4352, nr_irqs: 488, preallocated irqs: 16
[    0.596981] calling  con_init+0x0/0x24f @ 0
[    0.796378] Console: colour VGA+ 80x25
[    0.796518] initcall con_init+0x0/0x24f returned 0 after 0 usecs
[    0.796523] calling  hvc_console_init+0x0/0x13 @ 0
[    0.796616] initcall hvc_console_init+0x0/0x13 returned 0 after 0 usecs
[    0.796620] calling  univ8250_console_init+0x0/0x26 @ 0
[    1.709628] printk: console [ttyS0] enabled
[    1.715239] initcall univ8250_console_init+0x0/0x26 returned 0 after 0 usecs
[    1.722794] Lock dependency validator: Copyright (c) 2006 Red Hat, Inc., Ingo Molnar
[    1.731014] ... MAX_LOCKDEP_SUBCLASSES:  8
[    1.735320] ... MAX_LOCK_DEPTH:          48
[    1.739824] ... MAX_LOCKDEP_KEYS:        8192
[    1.744437] ... CLASSHASH_SIZE:          4096
[    1.748996] ... MAX_LOCKDEP_ENTRIES:     32768
[    1.753615] ... MAX_LOCKDEP_CHAINS:      65536
[    1.758266] ... CHAINHASH_SIZE:          32768
[    1.762883]  memory used by lock dependency info: 6365 kB
[    1.768550]  memory used for stack traces: 4224 kB
[    1.773563]  per task-struct memory footprint: 1920 bytes
[    1.784567] ACPI: Core revision 20200925
[    1.792009] clocksource: hpet: mask: 0xffffffff max_cycles: 0xffffffff, max_idle_ns: 19112604467 ns
[    1.805283] APIC: Switch to symmetric I/O mode setup
[    1.837737] ..TIMER: vector=0x30 apic1=0 pin1=2 apic2=-1 pin2=-1
[    1.845003] clocksource: tsc-early: mask: 0xffffffffffffffff max_cycles: 0x39a85afc727, max_idle_ns: 881590685098 ns
[    1.857017] Calibrating delay loop (skipped) preset value.. 3999.99 BogoMIPS (lpj=1999999)
[    1.858603] pid_max: default: 32768 minimum: 301
[    1.861317] LSM: Security Framework initializing
[    1.861941] Mount-cache hash table entries: 1024 (order: 1, 8192 bytes, linear)
[    1.862625] Mountpoint-cache hash table entries: 1024 (order: 1, 8192 bytes, linear)
[    1.872743] Last level iTLB entries: 4KB 0, 2MB 0, 4MB 0
[    1.873591] Last level dTLB entries: 4KB 0, 2MB 0, 4MB 0, 1GB 0
[    1.875637] Spectre V1 : Mitigation: usercopy/swapgs barriers and __user pointer sanitization
[    1.876593] Spectre V2 : Mitigation: Retpolines
[    1.877593] Spectre V2 : Spectre v2 / SpectreRSB mitigation: Filling RSB on context switch
[    1.878594] Spectre V2 : Spectre v2 / SpectreRSB : Filling RSB on VMEXIT
[    1.879594] Speculative Store Bypass: Vulnerable
[    1.880632] MDS: Vulnerable: Clear CPU buffers attempted, no microcode
[    1.881592] MMIO Stale Data: Unknown: No mitigations
[    1.966480] Freeing SMP alternatives memory: 40K
[    2.069241] smpboot: CPU0: Intel Common KVM processor (family: 0xf, model: 0x6, stepping: 0x1)
[    2.072763] calling  init_hw_perf_events+0x0/0x6ce @ 1
[    2.073778] RCU test callback executed 1
[    2.075585] Performance Events: unsupported Netburst CPU model 6 no PMU driver, software events only.
[    2.077603] initcall init_hw_perf_events+0x0/0x6ce returned 0 after 3906 usecs
[    2.078635] calling  init_real_mode+0x0/0x1e9 @ 1
[    2.080062] initcall init_real_mode+0x0/0x1e9 returned 0 after 0 usecs
[    2.080600] calling  trace_init_perf_perm_irq_work_exit+0x0/0x12 @ 1
[    2.081634] initcall trace_init_perf_perm_irq_work_exit+0x0/0x12 returned 0 after 0 usecs
[    2.082621] calling  validate_x2apic+0x0/0x4a @ 1
[    2.083647] initcall validate_x2apic+0x0/0x4a returned 0 after 0 usecs
[    2.084600] calling  register_nmi_cpu_backtrace_handler+0x0/0x15 @ 1
[    2.085625] initcall register_nmi_cpu_backtrace_handler+0x0/0x15 returned 0 after 0 usecs
[    2.086602] calling  kvm_setup_vsyscall_timeinfo+0x0/0xce @ 1
[    2.087601] initcall kvm_setup_vsyscall_timeinfo+0x0/0xce returned 0 after 0 usecs
[    2.088602] calling  spawn_ksoftirqd+0x0/0x38 @ 1
[    2.089893] initcall spawn_ksoftirqd+0x0/0x38 returned 0 after 0 usecs
[    2.090600] calling  migration_init+0x0/0x31 @ 1
[    2.091630] initcall migration_init+0x0/0x31 returned 0 after 0 usecs
[    2.092614] calling  srcu_bootup_announce+0x0/0x2f @ 1
[    2.093605] rcu: Hierarchical SRCU implementation.
[    2.094596] initcall srcu_bootup_announce+0x0/0x2f returned 0 after 976 usecs
[    2.095596] calling  rcu_spawn_gp_kthread+0x0/0x1b0 @ 1
[    2.097836] initcall rcu_spawn_gp_kthread+0x0/0x1b0 returned 0 after 976 usecs
[    2.098599] calling  check_cpu_stall_init+0x0/0x1a @ 1
[    2.099598] initcall check_cpu_stall_init+0x0/0x1a returned 0 after 0 usecs
[    2.100599] calling  rcu_sysrq_init+0x0/0x21 @ 1
[    2.101658] initcall rcu_sysrq_init+0x0/0x21 returned 0 after 0 usecs
[    2.102703] calling  trace_init_flags_sys_enter+0x0/0xe @ 1
[    2.103608] RCU test callback executed 2
[    2.104596] initcall trace_init_flags_sys_enter+0x0/0xe returned 0 after 0 usecs
[    2.105599] calling  trace_init_flags_sys_exit+0x0/0xe @ 1
[    2.106597] initcall trace_init_flags_sys_exit+0x0/0xe returned 0 after 0 usecs
[    2.107600] calling  cpu_stop_init+0x0/0x8d @ 1
[    2.109811] initcall cpu_stop_init+0x0/0x8d returned 0 after 976 usecs
[    2.110597] calling  init_kprobes+0x0/0x16e @ 1
[    2.113155] initcall init_kprobes+0x0/0x16e returned 0 after 976 usecs
[    2.113597] calling  init_events+0x0/0x3d @ 1
[    2.115896] initcall init_events+0x0/0x3d returned 0 after 976 usecs
[    2.116600] calling  init_trace_printk+0x0/0xc @ 1
[    2.117605] initcall init_trace_printk+0x0/0xc returned 0 after 0 usecs
[    2.118603] calling  event_trace_enable_again+0x0/0x23 @ 1
[    2.119603] initcall event_trace_enable_again+0x0/0x23 returned 0 after 0 usecs
[    2.121598] calling  static_call_init+0x0/0x79 @ 1
[    2.123596] initcall static_call_init+0x0/0x79 returned 0 after 976 usecs
[    2.124778] calling  jump_label_init_module+0x0/0xc @ 1
[    2.125600] initcall jump_label_init_module+0x0/0xc returned 0 after 0 usecs
[    2.126598] calling  init_zero_pfn+0x0/0x37 @ 1
[    2.127597] initcall init_zero_pfn+0x0/0x37 returned 0 after 0 usecs
[    2.128598] calling  initialize_ptr_random+0x0/0x54 @ 1
[    2.130000] initcall initialize_ptr_random+0x0/0x54 returned 0 after 0 usecs
[    2.130599] calling  efi_memreserve_root_init+0x0/0x25 @ 1
[    2.132647] initcall efi_memreserve_root_init+0x0/0x25 returned 0 after 0 usecs
[    2.133598] calling  efi_earlycon_remap_fb+0x0/0x51 @ 1
[    2.135598] initcall efi_earlycon_remap_fb+0x0/0x51 returned 0 after 0 usecs
[    2.139337] smp: Bringing up secondary CPUs ...
[    2.143220] x86: Booting SMP configuration:
[    2.143607] .... node  #0, CPUs:      #1
[    1.259820] kvm-clock: cpu 1, msr 1bd25041, secondary cpu clock
[    2.169805] kvm-guest: stealtime: cpu 1, msr 1f45bb40
[    2.188619]  #2
[    1.259820] kvm-clock: cpu 2, msr 1bd25081, secondary cpu clock
[    2.212828] kvm-guest: stealtime: cpu 2, msr 1f49bb40
[    2.227314]  #3
[    1.259820] kvm-clock: cpu 3, msr 1bd250c1, secondary cpu clock
[    2.251811] kvm-guest: stealtime: cpu 3, msr 1f4dbb40
[    2.269626]  #4
[    1.259820] kvm-clock: cpu 4, msr 1bd25101, secondary cpu clock
[    2.294905] kvm-guest: stealtime: cpu 4, msr 1f51bb40
[    2.312668]  #5
[    1.259820] kvm-clock: cpu 5, msr 1bd25141, secondary cpu clock
[    2.339866] kvm-guest: stealtime: cpu 5, msr 1f55bb40
[    2.361412]  #6
[    1.259820] kvm-clock: cpu 6, msr 1bd25181, secondary cpu clock
[    2.394817] kvm-guest: stealtime: cpu 6, msr 1f59bb40
[    2.413669]  #7
[    1.259820] kvm-clock: cpu 7, msr 1bd251c1, secondary cpu clock
[    2.439917] kvm-guest: stealtime: cpu 7, msr 1f5dbb40
[    2.455074] smp: Brought up 1 node, 8 CPUs
[    2.455595] smpboot: Max logical packages: 1
[    2.456593] smpboot: Total of 8 processors activated (31999.98 BogoMIPS)
[    2.486595] devtmpfs: initialized
[    2.492699] calling  ipc_ns_init+0x0/0x3d @ 1
[    2.493669] initcall ipc_ns_init+0x0/0x3d returned 0 after 0 usecs
[    2.495595] calling  init_mmap_min_addr+0x0/0x21 @ 1
[    2.496597] initcall init_mmap_min_addr+0x0/0x21 returned 0 after 0 usecs
[    2.497600] calling  pci_realloc_setup_params+0x0/0x3f @ 1
[    2.498605] initcall pci_realloc_setup_params+0x0/0x3f returned 0 after 0 usecs
[    2.499623] calling  net_ns_init+0x0/0x140 @ 1
[    2.502620] initcall net_ns_init+0x0/0x140 returned 0 after 1953 usecs
[    2.503624] calling  e820__register_nvs_regions+0x0/0x37 @ 1
[    2.504599] initcall e820__register_nvs_regions+0x0/0x37 returned 0 after 0 usecs
[    2.505602] calling  cpufreq_register_tsc_scaling+0x0/0x2e @ 1
[    2.506600] initcall cpufreq_register_tsc_scaling+0x0/0x2e returned 0 after 0 usecs
[    2.507602] calling  reboot_init+0x0/0x3c @ 1
[    2.508712] initcall reboot_init+0x0/0x3c returned 0 after 0 usecs
[    2.509596] calling  init_lapic_sysfs+0x0/0x20 @ 1
[    2.510732] initcall init_lapic_sysfs+0x0/0x20 returned 0 after 0 usecs
[    2.511595] calling  alloc_frozen_cpus+0x0/0x7 @ 1
[    2.512601] initcall alloc_frozen_cpus+0x0/0x7 returned 0 after 0 usecs
[    2.513593] calling  cpu_hotplug_pm_sync_init+0x0/0x13 @ 1
[    2.514615] initcall cpu_hotplug_pm_sync_init+0x0/0x13 returned 0 after 0 usecs
[    2.515594] calling  wq_sysfs_init+0x0/0x2a @ 1
[    2.516698] initcall wq_sysfs_init+0x0/0x2a returned 0 after 0 usecs
[    2.517598] calling  ksysfs_init+0x0/0x92 @ 1
[    2.518635] initcall ksysfs_init+0x0/0x92 returned 0 after 0 usecs
[    2.519594] calling  schedutil_gov_init+0x0/0xc @ 1
[    2.521604] initcall schedutil_gov_init+0x0/0xc returned 0 after 976 usecs
[    2.522602] calling  pm_init+0x0/0x76 @ 1
[    2.523759] initcall pm_init+0x0/0x76 returned 0 after 0 usecs
[    2.524601] calling  pm_disk_init+0x0/0x13 @ 1
[    2.525697] initcall pm_disk_init+0x0/0x13 returned 0 after 0 usecs
[    2.526599] calling  swsusp_header_init+0x0/0x2b @ 1
[    2.527604] initcall swsusp_header_init+0x0/0x2b returned 0 after 0 usecs
[    2.528601] calling  rcu_set_runtime_mode+0x0/0x2a @ 1
[    2.533640] initcall rcu_set_runtime_mode+0x0/0x2a returned 0 after 3906 usecs
[    2.534609] calling  init_jiffies_clocksource+0x0/0x13 @ 1
[    2.535597] clocksource: jiffies: mask: 0xffffffff max_cycles: 0xffffffff, max_idle_ns: 1911260446275000 ns
[    2.536636] initcall init_jiffies_clocksource+0x0/0x13 returned 0 after 976 usecs
[    2.537606] calling  futex_init+0x0/0x118 @ 1
[    2.538602] futex hash table entries: 2048 (order: 6, 262144 bytes, linear)
[    2.540848] initcall futex_init+0x0/0x118 returned 0 after 1953 usecs
[    2.541598] calling  cgroup_wq_init+0x0/0x28 @ 1
[    2.542619] initcall cgroup_wq_init+0x0/0x28 returned 0 after 0 usecs
[    2.543595] calling  cgroup1_wq_init+0x0/0x28 @ 1
[    2.544626] initcall cgroup1_wq_init+0x0/0x28 returned 0 after 0 usecs
[    2.545600] calling  init_kprobe_trace_early+0x0/0x2a @ 1
[    2.547798] initcall init_kprobe_trace_early+0x0/0x2a returned 0 after 0 usecs
[    2.548602] calling  fsnotify_init+0x0/0x56 @ 1
[    2.549632] initcall fsnotify_init+0x0/0x56 returned 0 after 0 usecs
[    2.550766] calling  filelock_init+0x0/0xb3 @ 1
[    2.552763] initcall filelock_init+0x0/0xb3 returned 0 after 0 usecs
[    2.553602] calling  init_misc_binfmt+0x0/0x2c @ 1
[    2.554640] initcall init_misc_binfmt+0x0/0x2c returned 0 after 0 usecs
[    2.555604] calling  init_script_binfmt+0x0/0x15 @ 1
[    2.556603] initcall init_script_binfmt+0x0/0x15 returned 0 after 0 usecs
[    2.557597] calling  init_elf_binfmt+0x0/0x15 @ 1
[    2.558598] initcall init_elf_binfmt+0x0/0x15 returned 0 after 0 usecs
[    2.559596] calling  init_compat_elf_binfmt+0x0/0x15 @ 1
[    2.560598] initcall init_compat_elf_binfmt+0x0/0x15 returned 0 after 0 usecs
[    2.561596] calling  debugfs_init+0x0/0x5c @ 1
[    2.562607] initcall debugfs_init+0x0/0x5c returned 0 after 0 usecs
[    2.563597] calling  tracefs_init+0x0/0x3a @ 1
[    2.564609] initcall tracefs_init+0x0/0x3a returned 0 after 0 usecs
[    2.565597] calling  prandom_init_early+0x0/0x15d @ 1
[    2.566597] initcall prandom_init_early+0x0/0x15d returned 0 after 0 usecs
[    2.567625] calling  virtio_init+0x0/0x20 @ 1
[    2.568717] initcall virtio_init+0x0/0x20 returned 0 after 0 usecs
[    2.569596] calling  iommu_init+0x0/0x2a @ 1
[    2.570628] initcall iommu_init+0x0/0x2a returned 0 after 0 usecs
[    2.571596] calling  component_debug_init+0x0/0x1c @ 1
[    2.572925] initcall component_debug_init+0x0/0x1c returned 0 after 0 usecs
[    2.573598] calling  early_resume_init+0x0/0xb9 @ 1
[    2.575237] PM: RTC time: 23:01:24, date: 2022-12-13
[    2.576770] initcall early_resume_init+0x0/0xb9 returned 0 after 1953 usecs
[    2.577673] calling  cpufreq_core_init+0x0/0x62 @ 1
[    2.578613] initcall cpufreq_core_init+0x0/0x62 returned 0 after 0 usecs
[    2.579600] calling  cpufreq_gov_performance_init+0x0/0xc @ 1
[    2.580635] initcall cpufreq_gov_performance_init+0x0/0xc returned 0 after 0 usecs
[    2.581596] calling  cpufreq_gov_userspace_init+0x0/0xc @ 1
[    2.582599] initcall cpufreq_gov_userspace_init+0x0/0xc returned 0 after 0 usecs
[    2.583596] calling  CPU_FREQ_GOV_ONDEMAND_init+0x0/0xc @ 1
[    2.584598] initcall CPU_FREQ_GOV_ONDEMAND_init+0x0/0xc returned 0 after 0 usecs
[    2.585600] calling  cpuidle_init+0x0/0x1f @ 1
[    2.586636] initcall cpuidle_init+0x0/0x1f returned 0 after 0 usecs
[    2.587599] calling  capsule_reboot_register+0x0/0xc @ 1
[    2.589626] initcall capsule_reboot_register+0x0/0xc returned 0 after 976 usecs
[    2.590597] calling  sock_init+0x0/0x93 @ 1
[    2.593745] initcall sock_init+0x0/0x93 returned 0 after 1953 usecs
[    2.594597] calling  net_inuse_init+0x0/0x23 @ 1
[    2.595671] initcall net_inuse_init+0x0/0x23 returned 0 after 0 usecs
[    2.596598] calling  net_defaults_init+0x0/0x23 @ 1
[    2.597599] initcall net_defaults_init+0x0/0x23 returned 0 after 0 usecs
[    2.598596] calling  init_default_flow_dissectors+0x0/0x4f @ 1
[    2.599615] initcall init_default_flow_dissectors+0x0/0x4f returned 0 after 0 usecs
[    2.600599] calling  netpoll_init+0x0/0x44 @ 1
[    2.601608] initcall netpoll_init+0x0/0x44 returned 0 after 0 usecs
[    2.602598] calling  netlink_proto_init+0x0/0x154 @ 1
[    2.606273] NET: Registered protocol family 16
[    2.606789] initcall netlink_proto_init+0x0/0x154 returned 0 after 2929 usecs
[    2.607624] calling  genl_init+0x0/0x35 @ 1
[    2.608696] initcall genl_init+0x0/0x35 returned 0 after 0 usecs
[    2.609598] calling  bsp_pm_check_init+0x0/0x13 @ 1
[    2.610600] initcall bsp_pm_check_init+0x0/0x13 returned 0 after 0 usecs
[    2.611616] calling  irq_sysfs_init+0x0/0xb9 @ 1
[    2.613853] initcall irq_sysfs_init+0x0/0xb9 returned 0 after 976 usecs
[    2.614602] calling  audit_init+0x0/0x127 @ 1
[    2.615610] audit: initializing netlink subsys (disabled)
[    2.618698] audit: type=2000 audit(1670972482.236:1): state=initialized audit_enabled=0 res=1
[    2.618927] initcall audit_init+0x0/0x127 returned 0 after 2929 usecs
[    2.621600] calling  release_early_probes+0x0/0x32 @ 1
[    2.622598] initcall release_early_probes+0x0/0x32 returned 0 after 0 usecs
[    2.623599] calling  bdi_class_init+0x0/0x48 @ 1
[    2.624691] initcall bdi_class_init+0x0/0x48 returned 0 after 0 usecs
[    2.625596] calling  mm_sysfs_init+0x0/0x28 @ 1
[    2.626606] initcall mm_sysfs_init+0x0/0x28 returned 0 after 0 usecs
[    2.627596] calling  init_per_zone_wmark_min+0x0/0x6d @ 1
[    2.628631] initcall init_per_zone_wmark_min+0x0/0x6d returned 0 after 0 usecs
[    2.629602] calling  mpi_init+0x0/0x3e @ 1
[    2.630635] initcall mpi_init+0x0/0x3e returned 0 after 0 usecs
[    2.632597] calling  kobject_uevent_init+0x0/0xc @ 1
[    2.633651] initcall kobject_uevent_init+0x0/0xc returned 0 after 0 usecs
[    2.634600] calling  pcibus_class_init+0x0/0x13 @ 1
[    2.635654] initcall pcibus_class_init+0x0/0x13 returned 0 after 0 usecs
[    2.636612] calling  pci_driver_init+0x0/0x21 @ 1
[    2.637660] initcall pci_driver_init+0x0/0x21 returned 0 after 0 usecs
[    2.638598] calling  backlight_class_init+0x0/0xa8 @ 1
[    2.639784] initcall backlight_class_init+0x0/0xa8 returned 0 after 0 usecs
[    2.640603] calling  tty_class_init+0x0/0x33 @ 1
[    2.641617] initcall tty_class_init+0x0/0x33 returned 0 after 0 usecs
[    2.642597] calling  vtconsole_class_init+0x0/0xb5 @ 1
[    2.643788] initcall vtconsole_class_init+0x0/0xb5 returned 0 after 0 usecs
[    2.644598] calling  iommu_dev_init+0x0/0x13 @ 1
[    2.645668] initcall iommu_dev_init+0x0/0x13 returned 0 after 0 usecs
[    2.646603] calling  mipi_dsi_bus_init+0x0/0xc @ 1
[    2.647661] initcall mipi_dsi_bus_init+0x0/0xc returned 0 after 0 usecs
[    2.648598] calling  devlink_class_init+0x0/0x40 @ 1
[    2.649646] initcall devlink_class_init+0x0/0x40 returned 0 after 0 usecs
[    2.650597] calling  software_node_init+0x0/0x2a @ 1
[    2.651609] initcall software_node_init+0x0/0x2a returned 0 after 0 usecs
[    2.652598] calling  wakeup_sources_debugfs_init+0x0/0x23 @ 1
[    2.653669] initcall wakeup_sources_debugfs_init+0x0/0x23 returned 0 after 0 usecs
[    2.654598] calling  wakeup_sources_sysfs_init+0x0/0x2c @ 1
[    2.655620] initcall wakeup_sources_sysfs_init+0x0/0x2c returned 0 after 0 usecs
[    2.656598] calling  register_node_type+0x0/0x13 @ 1
[    2.657736] initcall register_node_type+0x0/0x13 returned 0 after 0 usecs
[    2.659596] calling  regmap_initcall+0x0/0xc @ 1
[    2.660806] initcall regmap_initcall+0x0/0xc returned 0 after 0 usecs
[    2.661597] calling  i2c_init+0x0/0xb3 @ 1
[    2.663916] initcall i2c_init+0x0/0xb3 returned 0 after 976 usecs
[    2.664596] calling  thermal_init+0x0/0x116 @ 1
[    2.665770] thermal_sys: Registered thermal governor 'step_wise'
[    2.665773] thermal_sys: Registered thermal governor 'user_space'
[    2.666616] initcall thermal_init+0x0/0x116 returned 0 after 976 usecs
[    2.668597] calling  init_menu+0x0/0xc @ 1
[    2.671016] cpuidle: using governor menu
[    2.671598] initcall init_menu+0x0/0xc returned 0 after 976 usecs
[    2.672598] calling  pcc_init+0x0/0x4d @ 1
[    2.673765] initcall pcc_init+0x0/0x4d returned -19 after 0 usecs
[    2.674598] calling  amd_postcore_init+0x0/0x11e @ 1
[    2.675599] initcall amd_postcore_init+0x0/0x11e returned 0 after 0 usecs
[    2.676625] calling  bts_init+0x0/0xba @ 1
[    2.677598] initcall bts_init+0x0/0xba returned -19 after 0 usecs
[    2.678596] calling  pt_init+0x0/0x34d @ 1
[    2.679601] initcall pt_init+0x0/0x34d returned -19 after 0 usecs
[    2.680601] calling  boot_params_ksysfs_init+0x0/0x2ee @ 1
[    2.681839] initcall boot_params_ksysfs_init+0x0/0x2ee returned 0 after 0 usecs
[    2.682603] calling  sbf_init+0x0/0xea @ 1
[    2.683603] initcall sbf_init+0x0/0xea returned 0 after 0 usecs
[    2.684599] calling  arch_kdebugfs_init+0x0/0x219 @ 1
[    2.686882] initcall arch_kdebugfs_init+0x0/0x219 returned 0 after 976 usecs
[    2.687628] calling  intel_pconfig_init+0x0/0x85 @ 1
[    2.688597] initcall intel_pconfig_init+0x0/0x85 returned 0 after 0 usecs
[    2.689640] calling  mtrr_if_init+0x0/0x5d @ 1
[    2.690605] initcall mtrr_if_init+0x0/0x5d returned 0 after 0 usecs
[    2.691599] calling  activate_jump_labels+0x0/0x31 @ 1
[    2.692598] initcall activate_jump_labels+0x0/0x31 returned 0 after 0 usecs
[    2.693600] calling  ffh_cstate_init+0x0/0x29 @ 1
[    2.694613] initcall ffh_cstate_init+0x0/0x29 returned 0 after 0 usecs
[    2.696595] calling  activate_jump_labels+0x0/0x31 @ 1
[    2.699121] initcall activate_jump_labels+0x0/0x31 returned 0 after 976 usecs
[    2.699596] calling  kvm_alloc_cpumask+0x0/0x74 @ 1
[    2.700651] initcall kvm_alloc_cpumask+0x0/0x74 returned 0 after 0 usecs
[    2.701597] calling  kcmp_cookies_init+0x0/0x37 @ 1
[    2.702605] initcall kcmp_cookies_init+0x0/0x37 returned 0 after 0 usecs
[    2.703597] calling  cryptomgr_init+0x0/0xc @ 1
[    2.704699] initcall cryptomgr_init+0x0/0xc returned 0 after 0 usecs
[    2.705595] calling  acpi_pci_init+0x0/0x57 @ 1
[    2.706616] ACPI: bus type PCI registered
[    2.707595] initcall acpi_pci_init+0x0/0x57 returned 0 after 976 usecs
[    2.708595] calling  dma_channel_table_init+0x0/0xd1 @ 1
[    2.709612] initcall dma_channel_table_init+0x0/0xd1 returned 0 after 0 usecs
[    2.710595] calling  dma_bus_init+0x0/0xdc @ 1
[    2.711762] initcall dma_bus_init+0x0/0xdc returned 0 after 0 usecs
[    2.712710] calling  iommu_dma_init+0x0/0x10 @ 1
[    2.713737] initcall iommu_dma_init+0x0/0x10 returned 0 after 0 usecs
[    2.714596] calling  dmi_id_init+0x0/0x37c @ 1
[    2.716904] initcall dmi_id_init+0x0/0x37c returned 0 after 976 usecs
[    2.717596] calling  pci_arch_init+0x0/0x71 @ 1
[    2.720261] PCI: MMCONFIG for domain 0000 [bus 00-ff] at [mem 0xb0000000-0xbfffffff] (base 0xb0000000)
[    2.720599] PCI: MMCONFIG at [mem 0xb0000000-0xbfffffff] reserved in E820
[    2.721696] PCI: Using configuration type 1 for base access
[    2.722693] initcall pci_arch_init+0x0/0x71 returned 0 after 3906 usecs
[    2.723614] calling  init_vdso+0x0/0x13 @ 1
[    2.724825] initcall init_vdso+0x0/0x13 returned 0 after 0 usecs
[    2.725599] calling  sysenter_setup+0x0/0x13 @ 1
[    2.726636] initcall sysenter_setup+0x0/0x13 returned 0 after 0 usecs
[    2.727597] calling  fixup_ht_bug+0x0/0xe5 @ 1
[    2.728597] initcall fixup_ht_bug+0x0/0xe5 returned 0 after 0 usecs
[    2.729598] calling  topology_init+0x0/0x88 @ 1
[    2.733377] initcall topology_init+0x0/0x88 returned 0 after 1953 usecs
[    2.733601] calling  intel_epb_init+0x0/0x68 @ 1
[    2.734598] initcall intel_epb_init+0x0/0x68 returned -19 after 0 usecs
[    2.735597] calling  mtrr_init_finialize+0x0/0x3e @ 1
[    2.736598] initcall mtrr_init_finialize+0x0/0x3e returned 0 after 0 usecs
[    2.737598] calling  uid_cache_init+0x0/0x85 @ 1
[    2.738637] initcall uid_cache_init+0x0/0x85 returned 0 after 0 usecs
[    2.739597] calling  param_sysfs_init+0x0/0x1ba @ 1
[    2.755475] initcall param_sysfs_init+0x0/0x1ba returned 0 after 13671 usecs
[    2.755599] calling  user_namespace_sysctl_init+0x0/0x33 @ 1
[    2.756614] initcall user_namespace_sysctl_init+0x0/0x33 returned 0 after 0 usecs
[    2.757600] calling  proc_schedstat_init+0x0/0x24 @ 1
[    2.758608] initcall proc_schedstat_init+0x0/0x24 returned 0 after 0 usecs
[    2.759597] calling  pm_sysrq_init+0x0/0x18 @ 1
[    2.761696] initcall pm_sysrq_init+0x0/0x18 returned 0 after 976 usecs
[    2.762776] calling  create_proc_profile+0x0/0xd0 @ 1
[    2.763646] initcall create_proc_profile+0x0/0xd0 returned 0 after 0 usecs
[    2.764599] calling  time_ns_init+0x0/0x7 @ 1
[    2.765598] initcall time_ns_init+0x0/0x7 returned 0 after 0 usecs
[    2.766598] calling  crash_save_vmcoreinfo_init+0x0/0x722 @ 1
[    2.767785] initcall crash_save_vmcoreinfo_init+0x0/0x722 returned 0 after 0 usecs
[    2.768599] calling  crash_notes_memory_init+0x0/0x35 @ 1
[    2.769607] initcall crash_notes_memory_init+0x0/0x35 returned 0 after 0 usecs
[    2.770599] calling  cgroup_sysfs_init+0x0/0x13 @ 1
[    2.771647] initcall cgroup_sysfs_init+0x0/0x13 returned 0 after 0 usecs
[    2.772605] calling  cgroup_namespaces_init+0x0/0x7 @ 1
[    2.773600] initcall cgroup_namespaces_init+0x0/0x7 returned 0 after 0 usecs
[    2.774598] calling  init_optprobes+0x0/0x13 @ 1
[    2.775762] Kprobes globally optimized
[    2.776598] initcall init_optprobes+0x0/0x13 returned 0 after 976 usecs
[    2.777619] calling  oom_init+0x0/0x2f @ 1
[    2.784596] initcall oom_init+0x0/0x2f returned 0 after 5859 usecs
[    2.785597] calling  default_bdi_init+0x0/0xb3 @ 1
[    2.792971] initcall default_bdi_init+0x0/0xb3 returned 0 after 4882 usecs
[    2.793597] calling  percpu_enable_async+0x0/0xe @ 1
[    2.794602] initcall percpu_enable_async+0x0/0xe returned 0 after 0 usecs
[    2.795597] calling  kcompactd_init+0x0/0x8d @ 1
[    2.801249] initcall kcompactd_init+0x0/0x8d returned 0 after 3906 usecs
[    2.801686] calling  init_user_reserve+0x0/0x40 @ 1
[    2.802598] initcall init_user_reserve+0x0/0x40 returned 0 after 0 usecs
[    2.803599] calling  init_admin_reserve+0x0/0x40 @ 1
[    2.804598] initcall init_admin_reserve+0x0/0x40 returned 0 after 0 usecs
[    2.805599] calling  init_reserve_notifier+0x0/0x7 @ 1
[    2.806600] initcall init_reserve_notifier+0x0/0x7 returned 0 after 0 usecs
[    2.807603] calling  swap_init_sysfs+0x0/0x62 @ 1
[    2.808619] initcall swap_init_sysfs+0x0/0x62 returned 0 after 0 usecs
[    2.809603] calling  swapfile_init+0x0/0x94 @ 1
[    2.810606] initcall swapfile_init+0x0/0x94 returned 0 after 0 usecs
[    2.811598] calling  hugetlb_init+0x0/0x499 @ 1
[    2.812614] HugeTLB registered 2.00 MiB page size, pre-allocated 0 pages
[    2.814625] initcall hugetlb_init+0x0/0x499 returned 0 after 1953 usecs
[    2.815604] calling  io_wq_init+0x0/0x34 @ 1
[    2.816607] initcall io_wq_init+0x0/0x34 returned 0 after 0 usecs
[    2.817603] calling  seqiv_module_init+0x0/0xc @ 1
[    2.818771] initcall seqiv_module_init+0x0/0xc returned 0 after 0 usecs
[    2.819598] calling  echainiv_module_init+0x0/0xc @ 1
[    2.820599] initcall echainiv_module_init+0x0/0xc returned 0 after 0 usecs
[    2.821823] calling  rsa_init+0x0/0x50 @ 1
[    2.824817] initcall rsa_init+0x0/0x50 returned 0 after 976 usecs
[    2.825131] cryptomgr_test (61) used greatest stack depth: 14864 bytes left
[    2.825598] calling  crypto_cmac_module_init+0x0/0xc @ 1
[    2.825623] initcall crypto_cmac_module_init+0x0/0xc returned 0 after 0 usecs
[    2.825625] calling  hmac_module_init+0x0/0xc @ 1
[    2.825628] initcall hmac_module_init+0x0/0xc returned 0 after 0 usecs
[    2.825630] calling  crypto_null_mod_init+0x0/0x65 @ 1
[    2.831872] initcall crypto_null_mod_init+0x0/0x65 returned 0 after 5859 usecs
[    2.838600] calling  md5_mod_init+0x0/0xc @ 1
[    2.842757] initcall md5_mod_init+0x0/0xc returned 0 after 2929 usecs
[    2.843597] calling  sha256_generic_mod_init+0x0/0x11 @ 1
[    2.847920] initcall sha256_generic_mod_init+0x0/0x11 returned 0 after 1953 usecs
[    2.849594] calling  crypto_cbc_module_init+0x0/0xc @ 1
[    2.850597] initcall crypto_cbc_module_init+0x0/0xc returned 0 after 0 usecs
[    2.851600] calling  crypto_ctr_module_init+0x0/0x11 @ 1
[    2.852617] initcall crypto_ctr_module_init+0x0/0x11 returned 0 after 0 usecs
[    2.853595] calling  crypto_gcm_module_init+0x0/0x64 @ 1
[    2.854615] initcall crypto_gcm_module_init+0x0/0x64 returned 0 after 0 usecs
[    2.855596] calling  crypto_ccm_module_init+0x0/0x11 @ 1
[    2.856601] initcall crypto_ccm_module_init+0x0/0x11 returned 0 after 0 usecs
[    2.857605] calling  aes_init+0x0/0xc @ 1
[    2.859805] initcall aes_init+0x0/0xc returned 0 after 976 usecs
[    2.861612] calling  crc32c_mod_init+0x0/0xc @ 1
[    2.864610] initcall crc32c_mod_init+0x0/0xc returned 0 after 1953 usecs
[    2.865613] calling  crypto_authenc_module_init+0x0/0xc @ 1
[    2.866608] initcall crypto_authenc_module_init+0x0/0xc returned 0 after 0 usecs
[    2.867607] calling  crypto_authenc_esn_module_init+0x0/0xc @ 1
[    2.868607] initcall crypto_authenc_esn_module_init+0x0/0xc returned 0 after 0 usecs
[    2.870599] calling  drbg_init+0x0/0x7c @ 1
[    2.881609] initcall drbg_init+0x0/0x7c returned 0 after 9765 usecs
[    2.882602] calling  ghash_mod_init+0x0/0xc @ 1
[    2.885600] initcall ghash_mod_init+0x0/0xc returned 0 after 1953 usecs
[    2.886612] calling  init_bio+0x0/0x9a @ 1
[    2.888625] initcall init_bio+0x0/0x9a returned 0 after 976 usecs
[    2.889601] calling  blk_settings_init+0x0/0x29 @ 1
[    2.890604] initcall blk_settings_init+0x0/0x29 returned 0 after 0 usecs
[    2.891601] calling  blk_ioc_init+0x0/0x29 @ 1
[    2.892611] initcall blk_ioc_init+0x0/0x29 returned 0 after 0 usecs
[    2.893598] calling  blk_mq_init+0x0/0xb9 @ 1
[    2.894631] initcall blk_mq_init+0x0/0xb9 returned 0 after 0 usecs
[    2.895603] calling  genhd_device_init+0x0/0x75 @ 1
[    2.898201] initcall genhd_device_init+0x0/0x75 returned 0 after 976 usecs
[    2.898631] calling  pci_slot_init+0x0/0x40 @ 1
[    2.899637] initcall pci_slot_init+0x0/0x40 returned 0 after 0 usecs
[    2.900600] calling  fbmem_init+0x0/0xd8 @ 1
[    2.904022] initcall fbmem_init+0x0/0xd8 returned 0 after 1953 usecs
[    2.904607] calling  acpi_init+0x0/0x319 @ 1
[    2.906771] ACPI: Added _OSI(Module Device)
[    2.907597] ACPI: Added _OSI(Processor Device)
[    2.908600] ACPI: Added _OSI(3.0 _SCP Extensions)
[    2.909597] ACPI: Added _OSI(Processor Aggregator Device)
[    2.910599] ACPI: Added _OSI(Linux-Dell-Video)
[    2.911627] ACPI: Added _OSI(Linux-Lenovo-NV-HDMI-Audio)
[    2.912602] ACPI: Added _OSI(Linux-HPI-Hybrid-Graphics)
[    2.919795] ACPI: 1 ACPI AML tables successfully acquired and loaded
[    2.927694] ACPI: Interpreter enabled
[    2.928788] ACPI: (supports S0 S3 S4 S5)
[    2.929595] ACPI: Using IOAPIC for interrupt routing
[    2.930679] PCI: Using host bridge windows from ACPI; if necessary, use "pci=nocrs" and report a bug
[    2.933202] ACPI: Enabled 2 GPEs in block 00 to 3F
[    2.953785] ACPI: PCI Root Bridge [PCI0] (domain 0000 [bus 00-ff])
[    2.954610] acpi PNP0A08:00: _OSC: OS supports [ExtendedConfig ASPM ClockPM Segments MSI HPX-Type3]
[    2.956137] acpi PNP0A08:00: _OSC: platform does not support [LTR]
[    2.956961] acpi PNP0A08:00: _OSC: OS now controls [PME PCIeCapability]
[    2.959853] PCI host bridge to bus 0000:00
[    2.960603] pci_bus 0000:00: root bus resource [io  0x0000-0x0cf7 window]
[    2.961604] pci_bus 0000:00: root bus resource [io  0x0d00-0xffff window]
[    2.963595] pci_bus 0000:00: root bus resource [mem 0x000a0000-0x000bffff window]
[    2.964600] pci_bus 0000:00: root bus resource [mem 0x20000000-0xafffffff window]
[    2.965601] pci_bus 0000:00: root bus resource [mem 0xc0000000-0xfebfffff window]
[    2.966611] pci_bus 0000:00: root bus resource [mem 0x100000000-0x8ffffffff window]
[    2.967607] pci_bus 0000:00: root bus resource [bus 00-ff]
[    2.969995] pci 0000:00:00.0: calling  quirk_mmio_always_on+0x0/0x10 @ 1
[    2.970733] pci 0000:00:00.0: quirk_mmio_always_on+0x0/0x10 took 0 usecs
[    2.971604] pci 0000:00:00.0: [8086:29c0] type 00 class 0x060000
[    2.977927] pci 0000:00:00.0: calling  quirk_igfx_skip_te_disable+0x0/0x80 @ 1
[    2.978608] pci 0000:00:00.0: quirk_igfx_skip_te_disable+0x0/0x80 took 0 usecs
[    2.984360] pci 0000:00:01.0: [1234:1111] type 00 class 0x030000
[    3.003585] pci 0000:00:01.0: reg 0x10: [mem 0xfd000000-0xfdffffff pref]
[    3.027585] pci 0000:00:01.0: reg 0x18: [mem 0xfebf0000-0xfebf0fff]
[    3.071585] pci 0000:00:01.0: reg 0x30: [mem 0xfebe0000-0xfebeffff pref]
[    3.085585] pci 0000:00:01.0: calling  efifb_fixup_resources+0x0/0xf0 @ 1
[    3.087171] pci 0000:00:01.0: efifb_fixup_resources+0x0/0xf0 took 0 usecs
[    3.140273] pci 0000:00:1f.0: [8086:2918] type 00 class 0x060100
[    3.147498] pci 0000:00:1f.0: calling  quirk_ich7_lpc+0x0/0x60 @ 1
[    3.149263] pci 0000:00:1f.0: quirk: [io  0x0600-0x067f] claimed by ICH6 ACPI/GPIO/TCO
[    3.151849] pci 0000:00:1f.0: quirk_ich7_lpc+0x0/0x60 took 2929 usecs
[    3.152996] pci 0000:00:1f.0: calling  quirk_igfx_skip_te_disable+0x0/0x80 @ 1
[    3.154714] pci 0000:00:1f.0: quirk_igfx_skip_te_disable+0x0/0x80 took 0 usecs
[    3.159585] pci 0000:00:1f.2: [8086:2922] type 00 class 0x010601
[    3.170351] pci 0000:00:1f.2: reg 0x20: [io  0xc040-0xc05f]
[    3.172602] pci 0000:00:1f.2: reg 0x24: [mem 0xfebf1000-0xfebf1fff]
[    3.175626] pci 0000:00:1f.2: calling  quirk_igfx_skip_te_disable+0x0/0x80 @ 1
[    3.176605] pci 0000:00:1f.2: quirk_igfx_skip_te_disable+0x0/0x80 took 0 usecs
[    3.182815] pci 0000:00:1f.3: [8086:2930] type 00 class 0x0c0500
[    3.193598] pci 0000:00:1f.3: reg 0x20: [io  0x0700-0x073f]
[    3.198855] pci 0000:00:1f.3: calling  quirk_igfx_skip_te_disable+0x0/0x80 @ 1
[    3.199602] pci 0000:00:1f.3: quirk_igfx_skip_te_disable+0x0/0x80 took 0 usecs
[    3.222552] ACPI: PCI Interrupt Link [LNKA] (IRQs 5 *10 11)
[    3.225313] ACPI: PCI Interrupt Link [LNKB] (IRQs 5 *10 11)
[    3.226795] ACPI: PCI Interrupt Link [LNKC] (IRQs 5 10 *11)
[    3.228667] ACPI: PCI Interrupt Link [LNKD] (IRQs 5 10 *11)
[    3.230796] ACPI: PCI Interrupt Link [LNKE] (IRQs 5 *10 11)
[    3.232781] ACPI: PCI Interrupt Link [LNKF] (IRQs 5 *10 11)
[    3.234785] ACPI: PCI Interrupt Link [LNKG] (IRQs 5 10 *11)
[    3.236252] ACPI: PCI Interrupt Link [LNKH] (IRQs 5 10 *11)
[    3.238884] ACPI: PCI Interrupt Link [GSIA] (IRQs *16)
[    3.239799] ACPI: PCI Interrupt Link [GSIB] (IRQs *17)
[    3.241616] ACPI: PCI Interrupt Link [GSIC] (IRQs *18)
[    3.242819] ACPI: PCI Interrupt Link [GSID] (IRQs *19)
[    3.243740] ACPI: PCI Interrupt Link [GSIE] (IRQs *20)
[    3.244718] ACPI: PCI Interrupt Link [GSIF] (IRQs *21)
[    3.246612] ACPI: PCI Interrupt Link [GSIG] (IRQs *22)
[    3.247738] ACPI: PCI Interrupt Link [GSIH] (IRQs *23)
[    3.267216] initcall acpi_init+0x0/0x319 returned 0 after 352539 usecs
[    3.267923] calling  pnp_init+0x0/0xc @ 1
[    3.269603] initcall pnp_init+0x0/0xc returned 0 after 976 usecs
[    3.270600] calling  misc_init+0x0/0xbf @ 1
[    3.273115] initcall misc_init+0x0/0xbf returned 0 after 976 usecs
[    3.273597] calling  iommu_subsys_init+0x0/0x4e @ 1
[    3.274936] iommu: Default domain type: Translated 
[    3.276596] initcall iommu_subsys_init+0x0/0x4e returned 0 after 1953 usecs
[    3.277600] calling  vga_arb_device_init+0x0/0x261 @ 1
[    3.407585] pci 0000:00:01.0: vgaarb: setting as boot VGA device
[    3.407585] pci 0000:00:01.0: vgaarb: VGA device added: decodes=io+mem,owns=io+mem,locks=none
[    3.407599] pci 0000:00:01.0: vgaarb: bridge control possible
[    3.408596] vgaarb: loaded
[    3.409606] initcall vga_arb_device_init+0x0/0x261 returned 0 after 127929 usecs
[    3.410831] calling  cn_init+0x0/0xf0 @ 1
[    3.415106] initcall cn_init+0x0/0xf0 returned 0 after 1953 usecs
[    3.415600] calling  dma_buf_init+0x0/0xad @ 1
[    3.419026] initcall dma_buf_init+0x0/0xad returned 0 after 1953 usecs
[    3.419599] calling  dma_resv_lockdep+0x0/0x281 @ 1
[    3.424866] initcall dma_resv_lockdep+0x0/0x281 returned 0 after 3906 usecs
[    3.425599] calling  init_scsi+0x0/0x79 @ 1
[    3.437857] SCSI subsystem initialized
[    3.438884] initcall init_scsi+0x0/0x79 returned 0 after 11718 usecs
[    3.439600] calling  ata_init+0x0/0x332 @ 1
[    3.463654] libata version 3.00 loaded.
[    3.464603] initcall ata_init+0x0/0x332 returned 0 after 23437 usecs
[    3.465603] calling  phy_init+0x0/0x250 @ 1
[    3.470988] initcall phy_init+0x0/0x250 returned 0 after 3906 usecs
[    3.471603] calling  init_pcmcia_cs+0x0/0x35 @ 1
[    3.474409] initcall init_pcmcia_cs+0x0/0x35 returned 0 after 976 usecs
[    3.475598] calling  usb_common_init+0x0/0x1c @ 1
[    3.477615] initcall usb_common_init+0x0/0x1c returned 0 after 976 usecs
[    3.478603] calling  usb_init+0x0/0x12e @ 1
[    3.480595] ACPI: bus type USB registered
[    3.489373] usbcore: registered new interface driver usbfs
[    3.490920] usbcore: registered new interface driver hub
[    3.492824] usbcore: registered new device driver usb
[    3.493604] initcall usb_init+0x0/0x12e returned 0 after 13671 usecs
[    3.494599] calling  serio_init+0x0/0x29 @ 1
[    3.497200] initcall serio_init+0x0/0x29 returned 0 after 976 usecs
[    3.497600] calling  input_init+0x0/0xf6 @ 1
[    3.499329] initcall input_init+0x0/0xf6 returned 0 after 0 usecs
[    3.500598] calling  rtc_init+0x0/0x4d @ 1
[    3.501621] initcall rtc_init+0x0/0x4d returned 0 after 0 usecs
[    3.502601] calling  pps_init+0x0/0xa9 @ 1
[    3.503981] pps_core: LinuxPPS API ver. 1 registered
[    3.504597] pps_core: Software ver. 5.3.6 - Copyright 2005-2007 Rodolfo Giometti <giometti@linux.it>
[    3.505603] initcall pps_init+0x0/0xa9 returned 0 after 1953 usecs
[    3.506604] calling  ptp_init+0x0/0x98 @ 1
[    3.507628] PTP clock support registered
[    3.508600] initcall ptp_init+0x0/0x98 returned 0 after 976 usecs
[    3.509599] calling  power_supply_class_init+0x0/0x3f @ 1
[    3.511815] initcall power_supply_class_init+0x0/0x3f returned 0 after 976 usecs
[    3.512598] calling  hwmon_init+0x0/0x104 @ 1
[    3.513628] initcall hwmon_init+0x0/0x104 returned 0 after 0 usecs
[    3.514597] calling  md_init+0x0/0x16b @ 1
[    3.521972] initcall md_init+0x0/0x16b returned 0 after 5859 usecs
[    3.522598] calling  leds_init+0x0/0x3b @ 1
[    3.523644] initcall leds_init+0x0/0x3b returned 0 after 0 usecs
[    3.524598] calling  dmi_init+0x0/0x113 @ 1
[    3.526472] initcall dmi_init+0x0/0x113 returned 0 after 0 usecs
[    3.527603] calling  efisubsys_init+0x0/0x4e7 @ 1
[    3.528749] initcall efisubsys_init+0x0/0x4e7 returned 0 after 0 usecs
[    3.529629] calling  nvmem_init+0x0/0xc @ 1
[    3.531600] initcall nvmem_init+0x0/0xc returned 0 after 976 usecs
[    3.532602] calling  init_soundcore+0x0/0x33 @ 1
[    3.533675] initcall init_soundcore+0x0/0x33 returned 0 after 0 usecs
[    3.534607] calling  alsa_sound_init+0x0/0x8f @ 1
[    3.537283] Advanced Linux Sound Architecture Driver Initialized.
[    3.537600] initcall alsa_sound_init+0x0/0x8f returned 0 after 1953 usecs
[    3.538599] calling  alsa_seq_device_init+0x0/0x71 @ 1
[    3.539659] initcall alsa_seq_device_init+0x0/0x71 returned 0 after 0 usecs
[    3.540598] calling  hda_bus_init+0x0/0xc @ 1
[    3.541645] initcall hda_bus_init+0x0/0xc returned 0 after 0 usecs
[    3.542597] calling  proto_init+0x0/0xc @ 1
[    3.543642] initcall proto_init+0x0/0xc returned 0 after 0 usecs
[    3.544597] calling  net_dev_init+0x0/0x27f @ 1
[    3.560283] initcall net_dev_init+0x0/0x27f returned 0 after 13671 usecs
[    3.560603] calling  neigh_init+0x0/0x84 @ 1
[    3.561663] initcall neigh_init+0x0/0x84 returned 0 after 0 usecs
[    3.562598] calling  fib_notifier_init+0x0/0xc @ 1
[    3.563605] initcall fib_notifier_init+0x0/0xc returned 0 after 0 usecs
[    3.564599] calling  fib_rules_init+0x0/0xab @ 1
[    3.567595] initcall fib_rules_init+0x0/0xab returned 0 after 1953 usecs
[    3.568634] calling  pktsched_init+0x0/0x10e @ 1
[    3.572150] initcall pktsched_init+0x0/0x10e returned 0 after 976 usecs
[    3.572602] calling  tc_filter_init+0x0/0xfa @ 1
[    3.574861] initcall tc_filter_init+0x0/0xfa returned 0 after 976 usecs
[    3.575598] calling  tc_action_init+0x0/0x54 @ 1
[    3.576605] initcall tc_action_init+0x0/0x54 returned 0 after 0 usecs
[    3.577597] calling  ethnl_init+0x0/0x52 @ 1
[    3.580613] initcall ethnl_init+0x0/0x52 returned 0 after 1953 usecs
[    3.581598] calling  nexthop_init+0x0/0xd8 @ 1
[    3.584148] initcall nexthop_init+0x0/0xd8 returned 0 after 976 usecs
[    3.584597] calling  cipso_v4_init+0x0/0x8d @ 1
[    3.587597] initcall cipso_v4_init+0x0/0x8d returned 0 after 1953 usecs
[    3.588597] calling  ieee80211_init+0x0/0x24 @ 1
[    3.591825] initcall ieee80211_init+0x0/0x24 returned 0 after 1953 usecs
[    3.592599] calling  netlbl_init+0x0/0x78 @ 1
[    3.593931] NetLabel: Initializing
[    3.594592] NetLabel:  domain hash size = 128
[    3.595592] NetLabel:  protocols = UNLABELED CIPSOv4 CALIPSO
[    3.600087] NetLabel:  unlabeled traffic allowed by default
[    3.600599] initcall netlbl_init+0x0/0x78 returned 0 after 6835 usecs
[    3.601600] calling  rfkill_init+0x0/0x136 @ 1
[    3.616599] initcall rfkill_init+0x0/0x136 returned 0 after 13671 usecs
[    3.623881] calling  pci_subsys_init+0x0/0x66 @ 1
[    3.627841] PCI: Using ACPI for IRQ routing
[    4.440128] PCI: pci_cache_line_size set to 64 bytes
[    4.443191] e820: reserve RAM buffer [mem 0x0009fc00-0x0009ffff]
[    4.444805] e820: reserve RAM buffer [mem 0x1ffdf000-0x1fffffff]
[    4.446572] initcall pci_subsys_init+0x0/0x66 returned 0 after 800781 usecs
[    4.451014] calling  nmi_warning_debugfs+0x0/0x26 @ 1
[    4.453110] initcall nmi_warning_debugfs+0x0/0x26 returned 0 after 976 usecs
[    4.453599] calling  save_microcode_in_initrd+0x0/0x51 @ 1
[    4.454835] initcall save_microcode_in_initrd+0x0/0x51 returned 0 after 0 usecs
[    4.455619] calling  hpet_late_init+0x0/0x207 @ 1
[    4.457359] hpet: 3 channels of 0 reserved for per-cpu timers
[    4.458825] hpet0: at MMIO 0xfed00000, IRQs 2, 8, 0
[    4.459593] hpet0: 3 comparators, 64-bit 100.000000 MHz counter
[    4.462597] initcall hpet_late_init+0x0/0x207 returned 0 after 5859 usecs
[    4.463598] calling  init_amd_nbs+0x0/0x11c @ 1
[    4.465708] initcall init_amd_nbs+0x0/0x11c returned 0 after 976 usecs
[    4.466634] calling  clocksource_done_booting+0x0/0x43 @ 1
[    4.472361] clocksource: Switched to clocksource kvm-clock
[    4.484182] initcall clocksource_done_booting+0x0/0x43 returned 0 after 16199 usecs
[    4.495480] calling  tracer_init_tracefs+0x0/0x248 @ 1
[    4.931284] initcall tracer_init_tracefs+0x0/0x248 returned 0 after 419151 usecs
[    4.940111] calling  init_trace_printk_function_export+0x0/0x2c @ 1
[    4.949112] initcall init_trace_printk_function_export+0x0/0x2c returned 0 after 28 usecs
[    4.959533] calling  init_kprobe_trace+0x0/0x1ab @ 1
[    4.965929] initcall init_kprobe_trace+0x0/0x1ab returned 0 after 118 usecs
[    4.974409] calling  init_dynamic_event+0x0/0x3d @ 1
[    4.980544] initcall init_dynamic_event+0x0/0x3d returned 0 after 29 usecs
[    4.989955] calling  init_uprobe_trace+0x0/0x5c @ 1
[    4.996391] initcall init_uprobe_trace+0x0/0x5c returned 0 after 88 usecs
[    5.005037] calling  init_pipe_fs+0x0/0x44 @ 1
[    5.012086] initcall init_pipe_fs+0x0/0x44 returned 0 after 831 usecs
[    5.020788] calling  inotify_user_setup+0x0/0x47 @ 1
[    5.027239] initcall inotify_user_setup+0x0/0x47 returned 0 after 83 usecs
[    5.036785] calling  eventpoll_init+0x0/0xeb @ 1
[    5.043948] initcall eventpoll_init+0x0/0xeb returned 0 after 166 usecs
[    5.053853] calling  anon_inode_init+0x0/0x58 @ 1
[    5.061398] initcall anon_inode_init+0x0/0x58 returned 0 after 287 usecs
[    5.070834] calling  proc_locks_init+0x0/0x27 @ 1
[    5.076961] initcall proc_locks_init+0x0/0x27 returned 0 after 224 usecs
[    5.085647] calling  iomap_init+0x0/0x1b @ 1
[    5.092297] initcall iomap_init+0x0/0x1b returned 0 after 1025 usecs
[    5.102264] calling  dquot_init+0x0/0x106 @ 1
[    5.108677] VFS: Disk quotas dquot_6.6.0
[    5.114430] VFS: Dquot-cache hash table entries: 512 (order 0, 4096 bytes)
[    5.122525] initcall dquot_init+0x0/0x106 returned 0 after 13572 usecs
[    5.131016] calling  quota_init+0x0/0x23 @ 1
[    5.138098] initcall quota_init+0x0/0x23 returned 0 after 611 usecs
[    5.147738] calling  proc_cmdline_init+0x0/0x21 @ 1
[    5.155308] initcall proc_cmdline_init+0x0/0x21 returned 0 after 37 usecs
[    5.165534] calling  proc_consoles_init+0x0/0x24 @ 1
[    5.171732] initcall proc_consoles_init+0x0/0x24 returned 0 after 8 usecs
[    5.180922] calling  proc_cpuinfo_init+0x0/0x1e @ 1
[    5.187207] initcall proc_cpuinfo_init+0x0/0x1e returned 0 after 8 usecs
[    5.195362] calling  proc_devices_init+0x0/0x24 @ 1
[    5.201354] initcall proc_devices_init+0x0/0x24 returned 0 after 8 usecs
[    5.209192] calling  proc_interrupts_init+0x0/0x24 @ 1
[    5.215351] initcall proc_interrupts_init+0x0/0x24 returned 0 after 7 usecs
[    5.223750] calling  proc_loadavg_init+0x0/0x21 @ 1
[    5.229700] initcall proc_loadavg_init+0x0/0x21 returned 0 after 8 usecs
[    5.237856] calling  proc_meminfo_init+0x0/0x21 @ 1
[    5.244093] initcall proc_meminfo_init+0x0/0x21 returned 0 after 8 usecs
[    5.252491] calling  proc_stat_init+0x0/0x1e @ 1
[    5.258276] initcall proc_stat_init+0x0/0x1e returned 0 after 9 usecs
[    5.266143] calling  proc_uptime_init+0x0/0x21 @ 1
[    5.271893] initcall proc_uptime_init+0x0/0x21 returned 0 after 7 usecs
[    5.280193] calling  proc_version_init+0x0/0x21 @ 1
[    5.285964] initcall proc_version_init+0x0/0x21 returned 0 after 8 usecs
[    5.293954] calling  proc_softirqs_init+0x0/0x21 @ 1
[    5.299814] initcall proc_softirqs_init+0x0/0x21 returned 0 after 6 usecs
[    5.307668] calling  proc_kcore_init+0x0/0xea @ 1
[    5.313313] initcall proc_kcore_init+0x0/0xea returned 0 after 197 usecs
[    5.321095] calling  vmcore_init+0x0/0x57b @ 1
[    5.326222] initcall vmcore_init+0x0/0x57b returned 0 after 49 usecs
[    5.334480] calling  proc_kmsg_init+0x0/0x21 @ 1
[    5.342025] initcall proc_kmsg_init+0x0/0x21 returned 0 after 56 usecs
[    5.353662] calling  proc_page_init+0x0/0x3b @ 1
[    5.360460] initcall proc_page_init+0x0/0x3b returned 0 after 12 usecs
[    5.370971] calling  init_ramfs_fs+0x0/0xc @ 1
[    5.376718] initcall init_ramfs_fs+0x0/0xc returned 0 after 38 usecs
[    5.384765] calling  init_hugetlbfs_fs+0x0/0xf6 @ 1
[    5.391444] initcall init_hugetlbfs_fs+0x0/0xf6 returned 0 after 647 usecs
[    5.399742] calling  blk_scsi_ioctl_init+0x0/0x2a5 @ 1
[    5.406156] initcall blk_scsi_ioctl_init+0x0/0x2a5 returned 0 after 57 usecs
[    5.414665] calling  acpi_event_init+0x0/0x2c @ 1
[    5.420251] initcall acpi_event_init+0x0/0x2c returned 0 after 114 usecs
[    5.429458] calling  pnp_system_init+0x0/0xc @ 1
[    5.436862] initcall pnp_system_init+0x0/0xc returned 0 after 806 usecs
[    5.446808] calling  pnpacpi_init+0x0/0x69 @ 1
[    5.454034] pnp: PnP ACPI init
[    5.465055] pnp 00:00: Plug and Play ACPI device, IDs PNP0303 (active)
[    5.472828] pnp 00:01: Plug and Play ACPI device, IDs PNP0f13 (active)
[    5.480620] pnp 00:02: Plug and Play ACPI device, IDs PNP0400 (active)
[    5.488233] pnp 00:03: Plug and Play ACPI device, IDs PNP0501 (active)
[    5.495830] pnp 00:04: Plug and Play ACPI device, IDs PNP0b00 (active)
[    5.504584] system 00:05: [mem 0xb0000000-0xbfffffff window] has been reserved
[    5.514143] system 00:05: Plug and Play ACPI device, IDs PNP0c01 (active)
[    5.524809] pnp: PnP ACPI: found 6 devices
[    5.529879] initcall pnpacpi_init+0x0/0x69 returned 0 after 74300 usecs
[    5.538812] calling  chr_dev_init+0x0/0x14d @ 1
[    5.701473] initcall chr_dev_init+0x0/0x14d returned 0 after 152457 usecs
[    5.712363] calling  firmware_class_init+0x0/0x14a @ 1
[    5.720251] initcall firmware_class_init+0x0/0x14a returned 0 after 252 usecs
[    5.730712] calling  init_pcmcia_bus+0x0/0x5b @ 1
[    5.738868] initcall init_pcmcia_bus+0x0/0x5b returned 0 after 835 usecs
[    5.749291] calling  init_acpi_pm_clocksource+0x0/0xda @ 1
[    5.763592] clocksource: acpi_pm: mask: 0xffffff max_cycles: 0xffffff, max_idle_ns: 2085701024 ns
[    5.776919] initcall init_acpi_pm_clocksource+0x0/0xda returned 0 after 18949 usecs
[    5.790881] calling  sysctl_core_init+0x0/0x26 @ 1
[    5.799215] initcall sysctl_core_init+0x0/0x26 returned 0 after 742 usecs
[    5.809520] calling  eth_offload_init+0x0/0x13 @ 1
[    5.818394] initcall eth_offload_init+0x0/0x13 returned 0 after 925 usecs
[    5.827045] calling  ipv4_offload_init+0x0/0x73 @ 1
[    5.833620] initcall ipv4_offload_init+0x0/0x73 returned 0 after 420 usecs
[    5.842324] calling  inet_init+0x0/0x276 @ 1
[    5.849025] NET: Registered protocol family 2
[    5.857043] IP idents hash table entries: 8192 (order: 4, 65536 bytes, linear)
[    5.886339] tcp_listen_portaddr_hash hash table entries: 256 (order: 2, 20480 bytes, linear)
[    5.898804] TCP established hash table entries: 4096 (order: 3, 32768 bytes, linear)
[    5.920607] TCP bind hash table entries: 4096 (order: 6, 294912 bytes, linear)
[    5.947612] TCP: Hash tables configured (established 4096 bind 4096)
[    5.962470] UDP hash table entries: 256 (order: 3, 40960 bytes, linear)
[    5.974403] UDP-Lite hash table entries: 256 (order: 3, 40960 bytes, linear)
[    5.985519] initcall inet_init+0x0/0x276 returned 0 after 134682 usecs
[    5.994492] calling  af_unix_init+0x0/0x4d @ 1
[    6.000974] NET: Registered protocol family 1
[    6.008547] initcall af_unix_init+0x0/0x4d returned 0 after 7906 usecs
[    6.016466] calling  ipv6_offload_init+0x0/0x7e @ 1
[    6.022418] initcall ipv6_offload_init+0x0/0x7e returned 0 after 75 usecs
[    6.030992] calling  init_sunrpc+0x0/0x65 @ 1
[    6.045653] RPC: Registered named UNIX socket transport module.
[    6.053247] RPC: Registered udp transport module.
[    6.059283] RPC: Registered tcp transport module.
[    6.066419] RPC: Registered tcp NFSv4.1 backchannel transport module.
[    6.076105] initcall init_sunrpc+0x0/0x65 returned 0 after 38729 usecs
[    6.085833] calling  cfg80211_init+0x0/0xc5 @ 1
[    6.098475] initcall cfg80211_init+0x0/0xc5 returned 0 after 6474 usecs
[    6.108462] calling  pcibios_assign_resources+0x0/0xbf @ 1
[    6.117496] pci_bus 0000:00: resource 4 [io  0x0000-0x0cf7 window]
[    6.126888] pci_bus 0000:00: resource 5 [io  0x0d00-0xffff window]
[    6.135496] pci_bus 0000:00: resource 6 [mem 0x000a0000-0x000bffff window]
[    6.143760] pci_bus 0000:00: resource 7 [mem 0x20000000-0xafffffff window]
[    6.152235] pci_bus 0000:00: resource 8 [mem 0xc0000000-0xfebfffff window]
[    6.160478] pci_bus 0000:00: resource 9 [mem 0x100000000-0x8ffffffff window]
[    6.169581] initcall pcibios_assign_resources+0x0/0xbf returned 0 after 51773 usecs
[    6.178565] calling  pci_apply_final_quirks+0x0/0x124 @ 1
[    6.185994] pci 0000:00:01.0: calling  pci_fixup_video+0x0/0xe0 @ 1
[    6.193881] pci 0000:00:01.0: Video device with shadowed ROM at [mem 0x000c0000-0x000dffff]
[    6.203914] pci 0000:00:01.0: pci_fixup_video+0x0/0xe0 took 10139 usecs
[    6.212366] PCI: CLS 0 bytes, default 64
[    6.217177] initcall pci_apply_final_quirks+0x0/0x124 returned 0 after 31312 usecs
[    6.226509] calling  acpi_reserve_resources+0x0/0xea @ 1
[    6.234524] initcall acpi_reserve_resources+0x0/0xea returned 0 after 78 usecs
[    6.243503] calling  populate_rootfs+0x0/0x102 @ 1
[    6.252878] initcall populate_rootfs+0x0/0x102 returned 0 after 3601 usecs
[    6.261287] calling  pci_iommu_init+0x0/0x3e @ 1
[    6.267159] initcall pci_iommu_init+0x0/0x3e returned 0 after 120 usecs
[    6.278319] calling  ia32_binfmt_init+0x0/0x13 @ 1
[    6.284306] initcall ia32_binfmt_init+0x0/0x13 returned 0 after 10 usecs
[    6.292532] calling  rapl_pmu_init+0x0/0x267 @ 1
[    6.298460] initcall rapl_pmu_init+0x0/0x267 returned -19 after 75 usecs
[    6.306638] calling  amd_uncore_init+0x0/0x310 @ 1
[    6.312742] initcall amd_uncore_init+0x0/0x310 returned -19 after 0 usecs
[    6.320927] calling  amd_ibs_init+0x0/0x27b @ 1
[    6.326495] initcall amd_ibs_init+0x0/0x27b returned -19 after 0 usecs
[    6.334600] calling  amd_iommu_pc_init+0x0/0x22c @ 1
[    6.340754] initcall amd_iommu_pc_init+0x0/0x22c returned -19 after 45 usecs
[    6.349272] calling  msr_init+0x0/0x55 @ 1
[    6.354876] initcall msr_init+0x0/0x55 returned 0 after 480 usecs
[    6.362383] calling  intel_uncore_init+0x0/0x36f @ 1
[    6.368878] initcall intel_uncore_init+0x0/0x36f returned -19 after 81 usecs
[    6.377462] calling  cstate_pmu_init+0x0/0x1a1 @ 1
[    6.383377] initcall cstate_pmu_init+0x0/0x1a1 returned -19 after 0 usecs
[    6.391764] calling  register_kernel_offset_dumper+0x0/0x1a @ 1
[    6.399098] initcall register_kernel_offset_dumper+0x0/0x1a returned 0 after 34 usecs
[    6.408715] calling  i8259A_init_ops+0x0/0x20 @ 1
[    6.414572] initcall i8259A_init_ops+0x0/0x20 returned 0 after 2 usecs
[    6.422724] calling  init_tsc_clocksource+0x0/0xa4 @ 1
[    6.429165] clocksource: tsc: mask: 0xffffffffffffffff max_cycles: 0x39a85afc727, max_idle_ns: 881590685098 ns
[    6.441433] initcall init_tsc_clocksource+0x0/0xa4 returned 0 after 11980 usecs
[    6.450634] calling  add_rtc_cmos+0x0/0xb0 @ 1
[    6.456405] initcall add_rtc_cmos+0x0/0xb0 returned 0 after 196 usecs
[    6.464432] calling  i8237A_init_ops+0x0/0x3a @ 1
[    6.470420] initcall i8237A_init_ops+0x0/0x3a returned 0 after 88 usecs
[    6.478523] calling  umwait_init+0x0/0x94 @ 1
[    6.484166] initcall umwait_init+0x0/0x94 returned -19 after 17 usecs
[    6.492047] calling  thermal_throttle_init_device+0x0/0x3d @ 1
[    6.499310] initcall thermal_throttle_init_device+0x0/0x3d returned 0 after 42 usecs
[    6.508983] calling  msr_init+0x0/0xd7 @ 1
[    6.539908] initcall msr_init+0x0/0xd7 returned 0 after 25036 usecs
[    6.548438] calling  cpuid_init+0x0/0xd7 @ 1
[    6.574982] initcall cpuid_init+0x0/0xd7 returned 0 after 20474 usecs
[    6.583546] calling  ioapic_init_ops+0x0/0x13 @ 1
[    6.589749] initcall ioapic_init_ops+0x0/0x13 returned 0 after 23 usecs
[    6.598108] calling  add_pcspkr+0x0/0x6c @ 1
[    6.605274] initcall add_pcspkr+0x0/0x6c returned 0 after 776 usecs
[    6.614187] calling  start_periodic_check_for_corruption+0x0/0x30 @ 1
[    6.623346] check: Scanning for low memory corruption every 60 seconds
[    6.635721] initcall start_periodic_check_for_corruption+0x0/0x30 returned 0 after 12302 usecs
[    6.648520] calling  sysfb_init+0x0/0x9c @ 1
[    6.656438] initcall sysfb_init+0x0/0x9c returned 0 after 695 usecs
[    6.666131] calling  audit_classes_init+0x0/0xae @ 1
[    6.673203] initcall audit_classes_init+0x0/0xae returned 0 after 50 usecs
[    6.682953] calling  iosf_mbi_init+0x0/0x24 @ 1
[    6.692663] initcall iosf_mbi_init+0x0/0x24 returned 0 after 1181 usecs
[    6.704418] calling  proc_execdomains_init+0x0/0x21 @ 1
[    6.713225] initcall proc_execdomains_init+0x0/0x21 returned 0 after 407 usecs
[    6.724131] calling  register_warn_debugfs+0x0/0x23 @ 1
[    6.734081] initcall register_warn_debugfs+0x0/0x23 returned 0 after 2852 usecs
[    6.756083] calling  cpuhp_sysfs_init+0x0/0x79 @ 1
[    6.766384] initcall cpuhp_sysfs_init+0x0/0x79 returned 0 after 1757 usecs
[    6.775697] calling  ioresources_init+0x0/0x49 @ 1
[    6.781635] initcall ioresources_init+0x0/0x49 returned 0 after 12 usecs
[    6.792924] calling  lockdep_proc_init+0x0/0x64 @ 1
[    6.801299] initcall lockdep_proc_init+0x0/0x64 returned 0 after 143 usecs
[    6.809751] calling  snapshot_device_init+0x0/0xc @ 1
[    6.823947] initcall snapshot_device_init+0x0/0xc returned 0 after 7551 usecs
[    6.835817] calling  irq_pm_init_ops+0x0/0x13 @ 1
[    6.842355] initcall irq_pm_init_ops+0x0/0x13 returned 0 after 67 usecs
[    6.850650] calling  rcu_torture_init+0x0/0x9be @ 1
[    6.860763] srcud-torture:--- Start of test: nreaders=7 nfakewriters=4 stat_interval=15 verbose=1 test_no_idle_hz=1 shuffle_interval=3 stutter=5 irqreader=1 fqs_duration=0 fqs_holdoff=0 fqs_stutter=3 test_boost=1/0 test_boost_interval=7 test_boost_duration=4 shutdown_secs=3600 stall_cpu=0 stall_cpu_holdoff=10 stall_cpu_irqsoff=0 stall_cpu_block=0 n_barrier_cbs=4 onoff_interval=1000 onoff_holdoff=30 read_exit_delay=13 read_exit_burst=16
[    6.908555] srcud:  Start-test grace-period state: g0 f0x0
[    6.915547] srcud-torture: Creating rcu_torture_writer task
[    6.926791] srcud-torture: Creating rcu_torture_fakewriter task
[    6.927037] srcud-torture: rcu_torture_writer task started
[    6.940617] srcud-torture: Creating rcu_torture_fakewriter task
[    6.941002] srcud-torture: rcu_torture_fakewriter task started
[    6.943945] srcud-torture: GP expediting controlled from boot/sysfs for srcud.
[    6.943948] rcu_torture_writer: Testing expedited GPs.
[    6.943950] rcu_torture_writer: Testing asynchronous GPs.
[    6.943952] rcu_torture_writer: Testing normal GPs.
[    6.994744] srcud-torture: Creating rcu_torture_fakewriter task
[    6.994913] srcud-torture: rcu_torture_fakewriter task started
[    7.006352] srcud-torture: Creating rcu_torture_fakewriter task
[    7.006460] srcud-torture: rcu_torture_fakewriter task started
[    7.034264] srcud-torture: Creating rcu_torture_reader task
[    7.034918] srcud-torture: rcu_torture_fakewriter task started
[    7.046854] srcud-torture: Creating rcu_torture_reader task
[    7.047233] srcud-torture: rcu_torture_reader task started
[    7.068510] srcud-torture: Creating rcu_torture_reader task
[    7.069009] srcud-torture: rcu_torture_reader task started
[    7.079804] srcud-torture: Creating rcu_torture_reader task
[    7.080488] srcud-torture: rcu_torture_reader task started
[    7.103039] srcud-torture: Creating rcu_torture_reader task
[    7.103505] srcud-torture: rcu_torture_reader task started
[    7.113886] srcud-torture: Creating rcu_torture_reader task
[    7.114405] srcud-torture: rcu_torture_reader task started
[    7.138164] srcud-torture: Creating rcu_torture_reader task
[    7.138845] srcud-torture: rcu_torture_reader task started
[    7.153423] srcud-torture: Creating rcu_torture_stats task
[    7.154134] srcud-torture: rcu_torture_reader task started
[    7.165523] srcud-torture: Creating torture_shuffle task
[    7.171156] srcud-torture: rcu_torture_stats task started
[    7.186502] srcud-torture: Creating torture_stutter task
[    7.186516] srcud-torture: torture_shuffle task started
[    7.204466] srcud-torture: Creating torture_shutdown task
[    7.205782] srcud-torture: torture_stutter task started
[    7.234293] srcud-torture: Creating torture_onoff task
[    7.234529] srcud-torture: torture_shutdown task started
[    7.243943] srcud-torture: rcu_torture_fwd_prog_init: Disabled, unsupported by RCU flavor under test
[    7.244594] srcud-torture: torture_onoff task started
[    7.244597] srcud-torture: torture_onoff begin holdoff
[    7.250127] srcud-torture:torture_shutdown task: 3599954 ms remaining
[    7.284977] srcud-torture: Creating rcu_torture_barrier_cbs task
[    7.295543] srcud-torture: Creating rcu_torture_barrier_cbs task
[    7.295855] srcud-torture: rcu_torture_barrier_cbs task started
[    7.306096] srcud-torture: Creating rcu_torture_barrier_cbs task
[    7.306222] srcud-torture: rcu_torture_barrier_cbs task started
[    7.328592] srcud-torture: Creating rcu_torture_barrier_cbs task
[    7.329025] srcud-torture: rcu_torture_barrier_cbs task started
[    7.338756] srcud-torture: Creating rcu_torture_barrier task
[    7.339054] srcud-torture: rcu_torture_barrier_cbs task started
[    7.363129] srcud-torture: Creating rcu_torture_read_exit task
[    7.363783] srcud-torture: rcu_torture_barrier task starting
[    7.372651] initcall rcu_torture_init+0x0/0x9be returned 0 after 501700 usecs
[    7.373239] srcud-torture: rcu_torture_read_exit: Start of test
[    7.398758] calling  timekeeping_init_ops+0x0/0x13 @ 1
[    7.406667] initcall timekeeping_init_ops+0x0/0x13 returned 0 after 22 usecs
[    7.417066] calling  init_clocksource_sysfs+0x0/0x23 @ 1
[    7.425179] initcall init_clocksource_sysfs+0x0/0x23 returned 0 after 245 usecs
[    7.434881] calling  init_timer_list_procfs+0x0/0x31 @ 1
[    7.442903] initcall init_timer_list_procfs+0x0/0x31 returned 0 after 21 usecs
[    7.454190] calling  alarmtimer_init+0x0/0xf5 @ 1
[    7.462017] initcall alarmtimer_init+0x0/0xf5 returned 0 after 644 usecs
[    7.472464] calling  init_posix_timers+0x0/0x29 @ 1
[    7.480441] initcall init_posix_timers+0x0/0x29 returned 0 after 78 usecs
[    7.489684] calling  clockevents_init_sysfs+0x0/0xbf @ 1
[    7.499146] initcall clockevents_init_sysfs+0x0/0xbf returned 0 after 1121 usecs
[    7.511892] calling  proc_dma_init+0x0/0x21 @ 1
[    7.519621] initcall proc_dma_init+0x0/0x21 returned 0 after 105 usecs
[    7.529175] calling  proc_modules_init+0x0/0x1e @ 1
[    7.535260] initcall proc_modules_init+0x0/0x1e returned 0 after 10 usecs
[    7.545022] calling  kallsyms_init+0x0/0x21 @ 1
[    7.551400] initcall kallsyms_init+0x0/0x21 returned 0 after 12 usecs
[    7.560780] calling  pid_namespaces_init+0x0/0x2c @ 1
[    7.567490] initcall pid_namespaces_init+0x0/0x2c returned 0 after 25 usecs
[    7.577099] calling  audit_watch_init+0x0/0x37 @ 1
[    7.584165] initcall audit_watch_init+0x0/0x37 returned 0 after 5 usecs
[    7.594690] calling  audit_fsnotify_init+0x0/0x37 @ 1
[    7.602709] initcall audit_fsnotify_init+0x0/0x37 returned 0 after 4 usecs
[    7.611677] calling  audit_tree_init+0x0/0x6d @ 1
[    7.617536] initcall audit_tree_init+0x0/0x6d returned 0 after 15 usecs
[    7.625834] calling  seccomp_sysctl_init+0x0/0x2b @ 1
[    7.632302] initcall seccomp_sysctl_init+0x0/0x2b returned 0 after 122 usecs
[    7.641255] calling  utsname_sysctl_init+0x0/0x13 @ 1
[    7.647832] initcall utsname_sysctl_init+0x0/0x13 returned 0 after 293 usecs
[    7.656750] calling  init_tracepoints+0x0/0x27 @ 1
[    7.663122] initcall init_tracepoints+0x0/0x27 returned 0 after 152 usecs
[    7.671388] calling  init_blk_tracer+0x0/0x50 @ 1
[    7.690454] initcall init_blk_tracer+0x0/0x50 returned 0 after 5271 usecs
[    7.699044] calling  perf_event_sysfs_init+0x0/0x83 @ 1
[    7.710687] initcall perf_event_sysfs_init+0x0/0x83 returned 0 after 4946 usecs
[    7.719895] calling  system_trusted_keyring_init+0x0/0x60 @ 1
[    7.727058] Initialise system trusted keyrings
[    7.733596] initcall system_trusted_keyring_init+0x0/0x60 returned 0 after 6381 usecs
[    7.743753] calling  kswapd_init+0x0/0x5c @ 1
[    7.754775] initcall kswapd_init+0x0/0x5c returned 0 after 5246 usecs
[    7.764086] calling  extfrag_debug_init+0x0/0x54 @ 1
[    7.770291] initcall extfrag_debug_init+0x0/0x54 returned 0 after 38 usecs
[    7.779218] calling  mm_compute_batch_init+0x0/0x12 @ 1
[    7.785876] initcall mm_compute_batch_init+0x0/0x12 returned 0 after 49 usecs
[    7.795362] calling  slab_proc_init+0x0/0x21 @ 1
[    7.802469] initcall slab_proc_init+0x0/0x21 returned 0 after 772 usecs
[    7.810673] calling  workingset_init+0x0/0x8c @ 1
[    7.817265] workingset: timestamp_bits=56 max_order=17 bucket_order=0
[    7.825908] initcall workingset_init+0x0/0x8c returned 0 after 8437 usecs
[    7.834486] calling  proc_vmalloc_init+0x0/0x32 @ 1
[    7.840941] initcall proc_vmalloc_init+0x0/0x32 returned 0 after 12 usecs
[    7.850487] calling  procswaps_init+0x0/0x1e @ 1
[    7.857425] initcall procswaps_init+0x0/0x1e returned 0 after 199 usecs
[    7.866977] calling  slab_sysfs_init+0x0/0xec @ 1
[    7.888576] initcall slab_sysfs_init+0x0/0xec returned 0 after 14692 usecs
[    7.898247] calling  fcntl_init+0x0/0x29 @ 1
[    7.904841] initcall fcntl_init+0x0/0x29 returned 0 after 310 usecs
[    7.913680] calling  proc_filesystems_init+0x0/0x21 @ 1
[    7.921387] initcall proc_filesystems_init+0x0/0x21 returned 0 after 11 usecs
[    7.931880] calling  start_dirtytime_writeback+0x0/0x29 @ 1
[    7.940987] initcall start_dirtytime_writeback+0x0/0x29 returned 0 after 4 usecs
[    7.952850] calling  blkdev_init+0x0/0x1b @ 1
[    7.960855] initcall blkdev_init+0x0/0x1b returned 0 after 772 usecs
[    7.969222] calling  dio_init+0x0/0x2c @ 1
[    7.974605] initcall dio_init+0x0/0x2c returned 0 after 111 usecs
[    7.982416] calling  dnotify_init+0x0/0x78 @ 1
[    7.988298] initcall dnotify_init+0x0/0x78 returned 0 after 110 usecs
[    7.996787] calling  aio_setup+0x0/0x78 @ 1
[    8.003528] initcall aio_setup+0x0/0x78 returned 0 after 941 usecs
[    8.011461] calling  io_uring_init+0x0/0x2c @ 1
[    8.017368] initcall io_uring_init+0x0/0x2c returned 0 after 18 usecs
[    8.027218] calling  mbcache_init+0x0/0x30 @ 1
[    8.033945] initcall mbcache_init+0x0/0x30 returned 0 after 208 usecs
[    8.043192] calling  init_grace+0x0/0xc @ 1
[    8.049566] initcall init_grace+0x0/0xc returned 0 after 29 usecs
[    8.058511] calling  init_v2_quota_format+0x0/0x21 @ 1
[    8.066489] initcall init_v2_quota_format+0x0/0x21 returned 0 after 155 usecs
[    8.076276] calling  init_devpts_fs+0x0/0x27 @ 1
[    8.083363] initcall init_devpts_fs+0x0/0x27 returned 0 after 182 usecs
[    8.092778] calling  ext4_init_fs+0x0/0x1c2 @ 1
[    8.101284] initcall ext4_init_fs+0x0/0x1c2 returned 0 after 1437 usecs
[    8.111334] calling  journal_init+0x0/0x11c @ 1
[    8.122161] initcall journal_init+0x0/0x11c returned 0 after 246 usecs
[    8.149644] calling  init_fat_fs+0x0/0x49 @ 1
[    8.156422] initcall init_fat_fs+0x0/0x49 returned 0 after 185 usecs
[    8.166768] calling  init_vfat_fs+0x0/0xc @ 1
[    8.174121] initcall init_vfat_fs+0x0/0xc returned 0 after 66 usecs
[    8.184404] calling  init_msdos_fs+0x0/0xc @ 1
[    8.191740] initcall init_msdos_fs+0x0/0xc returned 0 after 7 usecs
[    8.201996] calling  init_iso9660_fs+0x0/0x6c @ 1
[    8.210156] initcall init_iso9660_fs+0x0/0x6c returned 0 after 163 usecs
[    8.220790] calling  init_nfs_fs+0x0/0x13a @ 1
[    8.237280] initcall init_nfs_fs+0x0/0x13a returned 0 after 10055 usecs
[    8.248856] calling  init_nfs_v2+0x0/0x13 @ 1
[    8.257030] initcall init_nfs_v2+0x0/0x13 returned 0 after 493 usecs
[    8.267618] calling  init_nfs_v3+0x0/0x13 @ 1
[    8.275089] initcall init_nfs_v3+0x0/0x13 returned 0 after 3 usecs
[    8.287377] calling  init_nfs_v4+0x0/0x32 @ 1
[    8.295566] NFS: Registering the id_resolver key type
[    8.305124] Key type id_resolver registered
[    8.312873] Key type id_legacy registered
[    8.320936] initcall init_nfs_v4+0x0/0x32 returned 0 after 28114 usecs
[    8.336146] calling  init_nlm+0x0/0x5b @ 1
[    8.344149] initcall init_nlm+0x0/0x5b returned 0 after 421 usecs
[    8.355134] calling  init_nls_cp437+0x0/0xe @ 1
[    8.363996] initcall init_nls_cp437+0x0/0xe returned 0 after 516 usecs
[    8.376243] calling  init_nls_ascii+0x0/0xe @ 1
[    8.383890] initcall init_nls_ascii+0x0/0xe returned 0 after 2 usecs
[    8.393870] calling  init_nls_iso8859_1+0x0/0xe @ 1
[    8.402262] initcall init_nls_iso8859_1+0x0/0xe returned 0 after 2 usecs
[    8.413254] calling  init_nls_utf8+0x0/0x21 @ 1
[    8.420821] initcall init_nls_utf8+0x0/0x21 returned 0 after 2 usecs
[    8.432040] calling  init_autofs_fs+0x0/0x25 @ 1
[    8.442758] initcall init_autofs_fs+0x0/0x25 returned 0 after 2976 usecs
[    8.453764] calling  ipc_init+0x0/0x24 @ 1
[    8.460560] initcall ipc_init+0x0/0x24 returned 0 after 147 usecs
[    8.470595] calling  ipc_sysctl_init+0x0/0x13 @ 1
[    8.477472] initcall ipc_sysctl_init+0x0/0x13 returned 0 after 15 usecs
[    8.487486] calling  init_mqueue_fs+0x0/0xb1 @ 1
[    8.495378] initcall init_mqueue_fs+0x0/0xb1 returned 0 after 583 usecs
[    8.506238] calling  key_proc_init+0x0/0x63 @ 1
[    8.513550] initcall key_proc_init+0x0/0x63 returned 0 after 12 usecs
[    8.524241] calling  selinux_nf_ip_init+0x0/0x2e @ 1
[    8.532409] initcall selinux_nf_ip_init+0x0/0x2e returned 0 after 124 usecs
[    8.544147] calling  init_sel_fs+0x0/0x116 @ 1
[    8.550907] initcall init_sel_fs+0x0/0x116 returned 0 after 1 usecs
[    8.561874] calling  selnl_init+0x0/0x7c @ 1
[    8.574317] initcall selnl_init+0x0/0x7c returned 0 after 4159 usecs
[    8.589008] calling  sel_netif_init+0x0/0x36 @ 1
[    8.596835] initcall sel_netif_init+0x0/0x36 returned 0 after 1 usecs
[    8.607567] calling  sel_netnode_init+0x0/0x33 @ 1
[    8.615179] initcall sel_netnode_init+0x0/0x33 returned 0 after 1 usecs
[    8.626520] calling  sel_netport_init+0x0/0x33 @ 1
[    8.634991] initcall sel_netport_init+0x0/0x33 returned 0 after 1 usecs
[    8.646148] calling  aurule_init+0x0/0x2a @ 1
[    8.654619] initcall aurule_init+0x0/0x2a returned 0 after 3 usecs
[    8.665416] calling  crypto_algapi_init+0x0/0xc @ 1
[    8.673552] initcall crypto_algapi_init+0x0/0xc returned 0 after 11 usecs
[    8.684873] calling  jent_mod_init+0x0/0x2d @ 1
[    8.728168] cryptomgr_test (121) used greatest stack depth: 14616 bytes left
[    8.731191] initcall jent_mod_init+0x0/0x2d returned 0 after 37551 usecs
[    8.748059] calling  asymmetric_key_init+0x0/0xc @ 1
[    8.755991] Key type asymmetric registered
[    8.762818] initcall asymmetric_key_init+0x0/0xc returned 0 after 6665 usecs
[    8.773308] calling  x509_key_init+0x0/0xc @ 1
[    8.781980] Asymmetric key parser 'x509' registered
[    8.789999] initcall x509_key_init+0x0/0xc returned 0 after 9199 usecs
[    8.800441] calling  proc_genhd_init+0x0/0x41 @ 1
[    8.807312] initcall proc_genhd_init+0x0/0x41 returned 0 after 35 usecs
[    8.820766] calling  bsg_init+0x0/0x113 @ 1
[    8.876879] Block layer SCSI generic (bsg) driver version 0.4 loaded (major 251)
[    8.891676] initcall bsg_init+0x0/0x113 returned 0 after 40197 usecs
[    8.904252] calling  deadline_init+0x0/0xc @ 1
[    8.933177] io scheduler mq-deadline registered
[    8.940918] initcall deadline_init+0x0/0xc returned 0 after 27310 usecs
[    8.952429] calling  kyber_init+0x0/0xc @ 1
[    8.959924] io scheduler kyber registered
[    8.967417] initcall kyber_init+0x0/0xc returned 0 after 7411 usecs
[    8.979003] calling  mod_init+0x0/0x7 @ 1
[    8.985847] initcall mod_init+0x0/0x7 returned 0 after 1 usecs
[    8.995009] calling  percpu_counter_startup+0x0/0x55 @ 1
[    9.038503] initcall percpu_counter_startup+0x0/0x55 returned 0 after 33891 usecs
[    9.050892] calling  sg_pool_init+0x0/0xb4 @ 1
[    9.064033] initcall sg_pool_init+0x0/0xb4 returned 0 after 5393 usecs
[    9.074920] calling  pcie_portdrv_init+0x0/0x39 @ 1
[    9.089878] initcall pcie_portdrv_init+0x0/0x39 returned 0 after 6440 usecs
[    9.101043] calling  pci_proc_init+0x0/0x68 @ 1
[    9.109199] initcall pci_proc_init+0x0/0x68 returned 0 after 1020 usecs
[    9.118870] calling  pci_hotplug_init+0x0/0x7 @ 1
[    9.126009] initcall pci_hotplug_init+0x0/0x7 returned 0 after 1 usecs
[    9.136359] calling  efifb_driver_init+0x0/0xe @ 1
[    9.150723] initcall efifb_driver_init+0x0/0xe returned 0 after 5720 usecs
[    9.160947] calling  ged_driver_init+0x0/0xe @ 1
[    9.168313] initcall ged_driver_init+0x0/0xe returned 0 after 564 usecs
[    9.178549] calling  acpi_ac_init+0x0/0x92 @ 1
[    9.201437] initcall acpi_ac_init+0x0/0x92 returned 0 after 15211 usecs
[    9.211582] calling  acpi_button_driver_init+0x0/0x52 @ 1
[    9.235968] input: Power Button as /devices/LNXSYSTM:00/LNXPWRBN:00/input/input0
[    9.266458] ACPI: Power Button [PWRF]
[    9.278285] initcall acpi_button_driver_init+0x0/0x52 returned 0 after 57655 usecs
[    9.290051] calling  acpi_fan_driver_init+0x0/0xe @ 1
[    9.297246] initcall acpi_fan_driver_init+0x0/0xe returned 0 after 75 usecs
[    9.307979] calling  acpi_video_init+0x0/0xcb @ 1
[    9.319119] initcall acpi_video_init+0x0/0xcb returned 0 after 2805 usecs
[    9.329683] calling  acpi_processor_driver_init+0x0/0xad @ 1
[    9.352337] initcall acpi_processor_driver_init+0x0/0xad returned 0 after 13550 usecs
[    9.365699] calling  acpi_thermal_init+0x0/0x71 @ 1
[    9.390178] initcall acpi_thermal_init+0x0/0x71 returned 0 after 15885 usecs
[    9.401464] calling  acpi_battery_init+0x0/0x32 @ 1
[    9.414270] initcall acpi_battery_init+0x0/0x32 returned 0 after 1714 usecs
[    9.425826] calling  bgrt_init+0x0/0xb6 @ 1
[    9.433031] initcall bgrt_init+0x0/0xb6 returned -19 after 0 usecs
[    9.443388] calling  gpio_clk_driver_init+0x0/0xe @ 1
[    9.452140] initcall gpio_clk_driver_init+0x0/0xe returned 0 after 229 usecs
[    9.465020] calling  plt_clk_driver_init+0x0/0xe @ 1
[    9.473154] initcall plt_clk_driver_init+0x0/0xe returned 0 after 39 usecs
[    9.488457] calling  virtio_pci_driver_init+0x0/0x15 @ 1
[    9.498250] initcall virtio_pci_driver_init+0x0/0x15 returned 0 after 1057 usecs
[    9.510097] calling  n_null_init+0x0/0x1e @ 1
[    9.517664] initcall n_null_init+0x0/0x1e returned 0 after 90 usecs
[    9.528560] calling  pty_init+0x0/0x1e8 @ 1
[    9.545620] initcall pty_init+0x0/0x1e8 returned 0 after 9067 usecs
[    9.555356] calling  sysrq_init+0x0/0x62 @ 1
[    9.562270] initcall sysrq_init+0x0/0x62 returned 0 after 295 usecs
[    9.573004] calling  serial8250_init+0x0/0x17e @ 1
[    9.581791] Serial: 8250/16550 driver, 4 ports, IRQ sharing enabled
[    9.600785] 00:03: ttyS0 at I/O 0x3f8 (irq = 4, base_baud = 115200) is a 16550A
[    9.651423] initcall serial8250_init+0x0/0x17e returned 0 after 68262 usecs
[    9.660966] calling  serial_pci_driver_init+0x0/0x15 @ 1
[    9.669449] initcall serial_pci_driver_init+0x0/0x15 returned 0 after 497 usecs
[    9.680557] calling  exar_pci_driver_init+0x0/0x15 @ 1
[    9.688521] initcall exar_pci_driver_init+0x0/0x15 returned 0 after 38 usecs
[    9.699596] calling  lpss8250_pci_driver_init+0x0/0x15 @ 1
[    9.708924] initcall lpss8250_pci_driver_init+0x0/0x15 returned 0 after 314 usecs
[    9.720934] calling  mid8250_pci_driver_init+0x0/0x15 @ 1
[    9.730244] initcall mid8250_pci_driver_init+0x0/0x15 returned 0 after 138 usecs
[    9.741992] calling  virtio_console_init+0x0/0xff @ 1
[    9.757580] initcall virtio_console_init+0x0/0xff returned 0 after 6762 usecs
[    9.768998] calling  hpet_init+0x0/0x64 @ 1
[    9.789635] initcall hpet_init+0x0/0x64 returned 0 after 12655 usecs
[    9.800325] calling  nvram_module_init+0x0/0x83 @ 1
[    9.814698] Non-volatile memory driver v1.3
[    9.825263] initcall nvram_module_init+0x0/0x83 returned 0 after 16218 usecs
[    9.837837] calling  hwrng_modinit+0x0/0x8a @ 1
[    9.851285] initcall hwrng_modinit+0x0/0x8a returned 0 after 5841 usecs
[    9.862022] calling  mod_init+0x0/0x48 @ 1
[    9.869111] initcall mod_init+0x0/0x48 returned -19 after 13 usecs
[    9.879011] calling  agp_init+0x0/0x23 @ 1
[    9.886120] Linux agpgart interface v0.103
[    9.892994] initcall agp_init+0x0/0x23 returned 0 after 6708 usecs
[    9.903865] calling  agp_amd64_mod_init+0x0/0x5 @ 1
[    9.914338] initcall agp_amd64_mod_init+0x0/0x5 returned -19 after 1127 usecs
[    9.926405] calling  agp_intel_init+0x0/0x28 @ 1
[    9.937036] initcall agp_intel_init+0x0/0x28 returned 0 after 2117 usecs
[    9.947695] calling  drm_kms_helper_init+0x0/0x7 @ 1
[    9.956234] initcall drm_kms_helper_init+0x0/0x7 returned 0 after 623 usecs
[    9.967520] calling  drm_core_init+0x0/0xbd @ 1
[    9.981924] initcall drm_core_init+0x0/0xbd returned 0 after 7087 usecs
[    9.992357] calling  i915_init+0x0/0x6b @ 1
[   10.011509] initcall i915_init+0x0/0x6b returned 0 after 11658 usecs
[   10.021595] calling  cn_proc_init+0x0/0x35 @ 1
[   10.028601] initcall cn_proc_init+0x0/0x35 returned 0 after 192 usecs
[   10.038103] calling  topology_sysfs_init+0x0/0x27 @ 1
[   10.049291] initcall topology_sysfs_init+0x0/0x27 returned 0 after 3092 usecs
[   10.060691] calling  cacheinfo_sysfs_init+0x0/0x27 @ 1
[   10.131777] initcall cacheinfo_sysfs_init+0x0/0x27 returned 0 after 62550 usecs
[   10.143338] calling  loop_init+0x0/0x16a @ 1
[   10.692260] loop: module loaded
[   10.697669] initcall loop_init+0x0/0x16a returned 0 after 534924 usecs
[   10.707961] calling  mac_hid_init+0x0/0x21 @ 1
[   10.715285] initcall mac_hid_init+0x0/0x21 returned 0 after 15 usecs
[   10.724386] calling  spi_transport_init+0x0/0x74 @ 1
[   10.732452] initcall spi_transport_init+0x0/0x74 returned 0 after 754 usecs
[   10.744204] calling  init_sd+0x0/0x18c @ 1
[   10.754538] initcall init_sd+0x0/0x18c returned 0 after 2590 usecs
[   10.765808] calling  init_sr+0x0/0x43 @ 1
[   10.774067] initcall init_sr+0x0/0x43 returned 0 after 248 usecs
[   10.784448] calling  init_sg+0x0/0x1c0 @ 1
[   10.793318] initcall init_sg+0x0/0x1c0 returned 0 after 378 usecs
[   10.802919] calling  ahci_pci_driver_init+0x0/0x15 @ 1
[   10.825623] ahci 0000:00:1f.2: version 3.0
[   10.845950] PCI Interrupt Link [GSIA] enabled at IRQ 16
[   11.077111] ahci 0000:00:1f.2: AHCI 0001.0000 32 slots 6 ports 1.5 Gbps 0x3f impl SATA mode
[   11.088459] ahci 0000:00:1f.2: flags: 64bit ncq only 
[   11.155627] scsi host0: ahci
[   11.184194] scsi host1: ahci
[   11.210645] scsi host2: ahci
[   11.232078] scsi host3: ahci
[   11.241996] scsi host4: ahci
[   11.251438] scsi host5: ahci
[   11.257522] ata1: SATA max UDMA/133 abar m4096@0xfebf1000 port 0xfebf1100 irq 24
[   11.269745] ata2: SATA max UDMA/133 abar m4096@0xfebf1000 port 0xfebf1180 irq 24
[   11.281859] ata3: SATA max UDMA/133 abar m4096@0xfebf1000 port 0xfebf1200 irq 24
[   11.293625] ata4: SATA max UDMA/133 abar m4096@0xfebf1000 port 0xfebf1280 irq 24
[   11.305774] ata5: SATA max UDMA/133 abar m4096@0xfebf1000 port 0xfebf1300 irq 24
[   11.346530] ata6: SATA max UDMA/133 abar m4096@0xfebf1000 port 0xfebf1380 irq 24
[   11.372804] initcall ahci_pci_driver_init+0x0/0x15 returned 0 after 535257 usecs
[   11.384540] calling  piix_init+0x0/0x26 @ 1
[   11.392334] initcall piix_init+0x0/0x26 returned 0 after 1240 usecs
[   11.402484] calling  amd_pci_driver_init+0x0/0x15 @ 1
[   11.411151] initcall amd_pci_driver_init+0x0/0x15 returned 0 after 162 usecs
[   11.422826] calling  oldpiix_pci_driver_init+0x0/0x15 @ 1
[   11.430975] initcall oldpiix_pci_driver_init+0x0/0x15 returned 0 after 134 usecs
[   11.442158] calling  sch_pci_driver_init+0x0/0x15 @ 1
[   11.450398] initcall sch_pci_driver_init+0x0/0x15 returned 0 after 137 usecs
[   11.461618] calling  net_olddevs_init+0x0/0x55 @ 1
[   11.469695] initcall net_olddevs_init+0x0/0x55 returned 0 after 572 usecs
[   11.480792] calling  blackhole_netdev_init+0x0/0x78 @ 1
[   11.491478] initcall blackhole_netdev_init+0x0/0x78 returned 0 after 1582 usecs
[   11.502242] calling  phy_module_init+0x0/0x13 @ 1
[   11.510013] initcall phy_module_init+0x0/0x13 returned 0 after 727 usecs
[   11.520366] calling  tg3_driver_init+0x0/0x15 @ 1
[   11.528658] initcall tg3_driver_init+0x0/0x15 returned 0 after 723 usecs
[   11.538161] calling  e100_init_module+0x0/0x4c @ 1
[   11.545858] e100: Intel(R) PRO/100 Network Driver
[   11.555169] e100: Copyright(c) 1999-2006 Intel Corporation
[   11.563280] initcall e100_init_module+0x0/0x4c returned 0 after 17027 usecs
[   11.573602] calling  e1000_init_module+0x0/0x72 @ 1
[   11.581122] e1000: Intel(R) PRO/1000 Network Driver
[   11.588588] e1000: Copyright (c) 1999-2006 Intel Corporation.
[   11.597641] initcall e1000_init_module+0x0/0x72 returned 0 after 16127 usecs
[   11.608376] calling  e1000_init_module+0x0/0x2d @ 1
[   11.616262] e1000e: Intel(R) PRO/1000 Network Driver
[   11.624199] e1000e: Copyright(c) 1999 - 2015 Intel Corporation.
[   11.634388] initcall e1000_init_module+0x0/0x2d returned 0 after 17893 usecs
[   11.646097] calling  sky2_init_module+0x0/0x21 @ 1
[   11.653637] sky2: driver version 1.30
[   11.660207] initcall sky2_init_module+0x0/0x21 returned 0 after 6411 usecs
[   11.671288] calling  forcedeth_pci_driver_init+0x0/0x15 @ 1
[   11.679873] initcall forcedeth_pci_driver_init+0x0/0x15 returned 0 after 153 usecs
[   11.691150] calling  rtl8139_init_module+0x0/0x15 @ 1
[   11.692594] ata1: SATA link down (SStatus 0 SControl 300)
[   11.699420] initcall rtl8139_init_module+0x0/0x15 returned 0 after 138 usecs
[   11.716864] ata5: SATA link down (SStatus 0 SControl 300)
[   11.718947] calling  rtl8169_pci_driver_init+0x0/0x15 @ 1
[   11.732189] ata2: SATA link down (SStatus 0 SControl 300)
[   11.735888] initcall rtl8169_pci_driver_init+0x0/0x15 returned 0 after 144 usecs
[   11.751177] ata4: SATA link down (SStatus 0 SControl 300)
[   11.755166] calling  cdrom_init+0x0/0xc @ 1
[   11.770310] ata3: SATA link up 1.5 Gbps (SStatus 113 SControl 300)
[   11.774101] ata3.00: ATAPI: QEMU DVD-ROM, 2.5+, max UDMA/100
[   11.783409] initcall cdrom_init+0x0/0xc returned 0 after 802 usecs
[   11.791546] ata3.00: applying bridge limits
[   11.801177] calling  nonstatic_sysfs_init+0x0/0xc @ 1
[   11.812846] ata6: SATA link down (SStatus 0 SControl 300)
[   11.816327] initcall nonstatic_sysfs_init+0x0/0xc returned 0 after 78 usecs
[   11.829917] ata3.00: configured for UDMA/100
[   11.837358] calling  yenta_cardbus_driver_init+0x0/0x15 @ 1
[   11.837604] initcall yenta_cardbus_driver_init+0x0/0x15 returned 0 after 234 usecs
[   11.865603] scsi 2:0:0:0: CD-ROM            QEMU     QEMU DVD-ROM     2.5+ PQ: 0 ANSI: 5
[   11.867418] calling  mon_init+0x0/0x144 @ 1
[   11.902277] initcall mon_init+0x0/0x144 returned 0 after 8730 usecs
[   11.911733] calling  ehci_hcd_init+0x0/0x56 @ 1
[   11.918568] ehci_hcd: USB 2.0 'Enhanced' Host Controller (EHCI) Driver
[   11.927806] initcall ehci_hcd_init+0x0/0x56 returned 0 after 9065 usecs
[   11.937055] calling  ehci_pci_init+0x0/0x64 @ 1
[   11.944014] ehci-pci: EHCI PCI platform driver
[   11.950832] initcall ehci_pci_init+0x0/0x64 returned 0 after 6677 usecs
[   11.961289] calling  ohci_hcd_mod_init+0x0/0x4e @ 1
[   11.973541] ohci_hcd: USB 1.1 'Open' Host Controller (OHCI) Driver
[   11.982938] initcall ohci_hcd_mod_init+0x0/0x4e returned 0 after 9207 usecs
[   11.994718] calling  ohci_pci_init+0x0/0x64 @ 1
[   12.001548] ohci-pci: OHCI PCI platform driver
[   12.009062] initcall ohci_pci_init+0x0/0x64 returned 0 after 7353 usecs
[   12.019577] sr 2:0:0:0: [sr0] scsi3-mmc drive: 4x/4x cd/rw xa/form2 tray
[   12.021975] calling  uhci_hcd_init+0x0/0xa8 @ 1
[   12.034259] cdrom: Uniform CD-ROM driver Revision: 3.20
[   12.041366] uhci_hcd: USB Universal Host Controller Interface driver
[   12.042586] initcall uhci_hcd_init+0x0/0xa8 returned 0 after 1243 usecs
[   12.072345] calling  xhci_hcd_init+0x0/0x1e @ 1
[   12.083502] initcall xhci_hcd_init+0x0/0x1e returned 0 after 145 usecs
[   12.096351] calling  xhci_pci_init+0x0/0x49 @ 1
[   12.111055] initcall xhci_pci_init+0x0/0x49 returned 0 after 1093 usecs
[   12.121569] calling  usblp_driver_init+0x0/0x15 @ 1
[   12.128463] sr 2:0:0:0: Attached scsi CD-ROM sr0
[   12.131393] usbcore: registered new interface driver usblp
[   12.140629] sr 2:0:0:0: Attached scsi generic sg0 type 5
[   12.146787] initcall usblp_driver_init+0x0/0x15 returned 0 after 15536 usecs
[   12.166718] calling  usb_storage_driver_init+0x0/0x2a @ 1
[   12.177014] usbcore: registered new interface driver usb-storage
[   12.186881] initcall usb_storage_driver_init+0x0/0x2a returned 0 after 9744 usecs
[   12.213569] calling  i8042_init+0x0/0x4c2 @ 1
[   12.225027] i8042: PNP: PS/2 Controller [PNP0303:KBD,PNP0f13:MOU] at 0x60,0x64 irq 1,12
[   12.254921] serio: i8042 KBD port at 0x60,0x64 irq 1
[   12.269875] serio: i8042 AUX port at 0x60,0x64 irq 12
[   12.277987] initcall i8042_init+0x0/0x4c2 returned 0 after 54660 usecs
[   12.287877] calling  serport_init+0x0/0x2c @ 1
[   12.294868] initcall serport_init+0x0/0x2c returned 0 after 356 usecs
[   12.305367] calling  input_leds_init+0x0/0xc @ 1
[   12.312632] initcall input_leds_init+0x0/0xc returned 0 after 134 usecs
[   12.323430] calling  evdev_init+0x0/0xc @ 1
[   12.336587] initcall evdev_init+0x0/0xc returned 0 after 6374 usecs
[   12.346142] calling  atkbd_init+0x0/0x21 @ 1
[   12.354502] initcall atkbd_init+0x0/0x21 returned 0 after 1150 usecs
[   12.355941] srcud-torture: rcu_torture_read_exit: End of episode
[   12.363902] calling  psmouse_init+0x0/0x7f @ 1
[   12.381653] initcall psmouse_init+0x0/0x7f returned 0 after 1724 usecs
[   12.392036] calling  cmos_init+0x0/0x73 @ 1
[   12.403343] input: AT Translated Set 2 keyboard as /devices/platform/i8042/serio0/input/input1
[   12.405009] rtc_cmos 00:04: RTC can wake from S4
[   12.446279] rtc_cmos 00:04: registered as rtc0
[   12.542727] rtc_cmos 00:04: alarms up to one day, y3k, 242 bytes nvram, hpet irqs
[   12.566722] initcall cmos_init+0x0/0x73 returned 0 after 163684 usecs
[   12.580712] calling  smbalert_driver_init+0x0/0xe @ 1
[   12.593019] initcall smbalert_driver_init+0x0/0xe returned 0 after 2402 usecs
[   12.604913] calling  i2c_i801_init+0x0/0xc5 @ 1
[   12.666269] i801_smbus 0000:00:1f.3: SMBus using PCI interrupt
[   12.693901] i2c i2c-0: 1/1 memory slots populated (from DMI)
[   12.702062] i2c i2c-0: Memory type 0x07 not supported yet, not instantiating SPD
[   12.717242] initcall i2c_i801_init+0x0/0xc5 returned 0 after 102645 usecs
[   12.728353] calling  ptp_kvm_init+0x0/0xf0 @ 1
[   12.745632] initcall ptp_kvm_init+0x0/0xf0 returned 0 after 7089 usecs
[   12.757361] calling  dm_init+0x0/0x3c @ 1
[   12.781553] device-mapper: ioctl: 4.43.0-ioctl (2020-10-01) initialised: dm-devel@redhat.com
[   12.794857] initcall dm_init+0x0/0x3c returned 0 after 30211 usecs
[   12.804120] calling  dm_mirror_init+0x0/0x29 @ 1
[   12.810991] initcall dm_mirror_init+0x0/0x29 returned 0 after 29 usecs
[   12.820461] calling  dm_dirty_log_init+0x0/0x4f @ 1
[   12.827809] initcall dm_dirty_log_init+0x0/0x4f returned 0 after 124 usecs
[   12.837813] calling  dm_zero_init+0x0/0x29 @ 1
[   12.845102] initcall dm_zero_init+0x0/0x29 returned 0 after 473 usecs
[   12.857216] calling  intel_pstate_init+0x0/0x50f @ 1
[   12.864737] intel_pstate: CPU model not supported
[   12.877301] initcall intel_pstate_init+0x0/0x50f returned -19 after 12327 usecs
[   12.887254] calling  haltpoll_init+0x0/0xc0 @ 1
[   12.900850] initcall haltpoll_init+0x0/0xc0 returned -19 after 95 usecs
[   12.910122] calling  efivars_sysfs_init+0x0/0x30 @ 1
[   12.917427] initcall efivars_sysfs_init+0x0/0x30 returned 0 after 96 usecs
[   12.927509] calling  esrt_sysfs_init+0x0/0x2a2 @ 1
[   12.935126] initcall esrt_sysfs_init+0x0/0x2a2 returned -38 after 38 usecs
[   12.944852] calling  hid_init+0x0/0x5c @ 1
[   12.952128] hid: raw HID events driver (C) Jiri Kosina
[   12.960087] initcall hid_init+0x0/0x5c returned 0 after 8213 usecs
[   12.993748] calling  hid_generic_init+0x0/0x15 @ 1
[   13.003023] initcall hid_generic_init+0x0/0x15 returned 0 after 442 usecs
[   13.015017] calling  a4_driver_init+0x0/0x15 @ 1
[   13.027397] initcall a4_driver_init+0x0/0x15 returned 0 after 987 usecs
[   13.075757] calling  apple_driver_init+0x0/0x15 @ 1
[   13.099728] initcall apple_driver_init+0x0/0x15 returned 0 after 359 usecs
[   13.110265] calling  belkin_driver_init+0x0/0x15 @ 1
[   13.135160] initcall belkin_driver_init+0x0/0x15 returned 0 after 51 usecs
[   13.159163] calling  ch_driver_init+0x0/0x15 @ 1
[   13.166328] initcall ch_driver_init+0x0/0x15 returned 0 after 49 usecs
[   13.199120] calling  ch_driver_init+0x0/0x15 @ 1
[   13.206231] initcall ch_driver_init+0x0/0x15 returned 0 after 191 usecs
[   13.231131] calling  cp_driver_init+0x0/0x15 @ 1
[   13.237951] initcall cp_driver_init+0x0/0x15 returned 0 after 69 usecs
[   13.264964] calling  ez_driver_init+0x0/0x15 @ 1
[   13.271765] initcall ez_driver_init+0x0/0x15 returned 0 after 52 usecs
[   13.281087] calling  gyration_driver_init+0x0/0x15 @ 1
[   13.289003] initcall gyration_driver_init+0x0/0x15 returned 0 after 50 usecs
[   13.301241] calling  ite_driver_init+0x0/0x15 @ 1
[   13.309263] initcall ite_driver_init+0x0/0x15 returned 0 after 52 usecs
[   13.319380] calling  ks_driver_init+0x0/0x15 @ 1
[   13.327762] initcall ks_driver_init+0x0/0x15 returned 0 after 271 usecs
[   13.337428] calling  lg_driver_init+0x0/0x15 @ 1
[   13.344439] initcall lg_driver_init+0x0/0x15 returned 0 after 60 usecs
[   13.354298] calling  lg_g15_driver_init+0x0/0x15 @ 1
[   13.361900] initcall lg_g15_driver_init+0x0/0x15 returned 0 after 68 usecs
[   13.371408] calling  ms_driver_init+0x0/0x15 @ 1
[   13.378398] initcall ms_driver_init+0x0/0x15 returned 0 after 691 usecs
[   13.388507] calling  mr_driver_init+0x0/0x15 @ 1
[   13.394957] initcall mr_driver_init+0x0/0x15 returned 0 after 199 usecs
[   13.404205] calling  ntrig_driver_init+0x0/0x15 @ 1
[   13.411356] initcall ntrig_driver_init+0x0/0x15 returned 0 after 87 usecs
[   13.420712] calling  pl_driver_init+0x0/0x15 @ 1
[   13.427431] initcall pl_driver_init+0x0/0x15 returned 0 after 120 usecs
[   13.437032] calling  pl_driver_init+0x0/0x15 @ 1
[   13.443915] initcall pl_driver_init+0x0/0x15 returned 0 after 54 usecs
[   13.453238] calling  redragon_driver_init+0x0/0x15 @ 1
[   13.460487] initcall redragon_driver_init+0x0/0x15 returned 0 after 166 usecs
[   13.470128] calling  samsung_driver_init+0x0/0x15 @ 1
[   13.477726] initcall samsung_driver_init+0x0/0x15 returned 0 after 133 usecs
[   13.507966] calling  sony_init+0x0/0x38 @ 1
[   13.514022] initcall sony_init+0x0/0x38 returned 0 after 59 usecs
[   13.522598] calling  sp_driver_init+0x0/0x15 @ 1
[   13.530497] initcall sp_driver_init+0x0/0x15 returned 0 after 67 usecs
[   13.540592] calling  ts_driver_init+0x0/0x15 @ 1
[   13.560740] initcall ts_driver_init+0x0/0x15 returned 0 after 64 usecs
[   13.587981] calling  hid_init+0x0/0x58 @ 1
[   13.596134] usbcore: registered new interface driver usbhid
[   13.605003] usbhid: USB HID core driver
[   13.613013] initcall hid_init+0x0/0x58 returned 0 after 18051 usecs
[   13.622576] calling  eeepc_laptop_init+0x0/0x57 @ 1
[   13.631794] initcall eeepc_laptop_init+0x0/0x57 returned -19 after 1961 usecs
[   13.641888] calling  pmc_atom_init+0x0/0x27a @ 1
[   13.648402] initcall pmc_atom_init+0x0/0x27a returned -19 after 11 usecs
[   13.657799] calling  alsa_hwdep_init+0x0/0x5e @ 1
[   13.664595] initcall alsa_hwdep_init+0x0/0x5e returned 0 after 251 usecs
[   13.673783] calling  alsa_timer_init+0x0/0x1f9 @ 1
[   13.687517] initcall alsa_timer_init+0x0/0x1f9 returned 0 after 6116 usecs
[   13.698390] calling  snd_hrtimer_init+0x0/0x117 @ 1
[   13.705560] initcall snd_hrtimer_init+0x0/0x117 returned 0 after 5 usecs
[   13.714932] calling  alsa_pcm_init+0x0/0x64 @ 1
[   13.721396] initcall alsa_pcm_init+0x0/0x64 returned 0 after 16 usecs
[   13.730247] calling  alsa_seq_init+0x0/0x4a @ 1
[   13.750517] initcall alsa_seq_init+0x0/0x4a returned 0 after 13421 usecs
[   13.759924] calling  alsa_seq_dummy_init+0x0/0x9c @ 1
[   13.767803] initcall alsa_seq_dummy_init+0x0/0x9c returned 0 after 362 usecs
[   13.777379] calling  azx_driver_init+0x0/0x15 @ 1
[   13.784525] initcall azx_driver_init+0x0/0x15 returned 0 after 252 usecs
[   13.793722] calling  sock_diag_init+0x0/0x2a @ 1
[   13.801565] initcall sock_diag_init+0x0/0x2a returned 0 after 1026 usecs
[   13.811071] calling  blackhole_init+0x0/0xc @ 1
[   13.817943] initcall blackhole_init+0x0/0xc returned 0 after 56 usecs
[   13.827807] calling  nfnetlink_init+0x0/0x61 @ 1
[   13.838995] initcall nfnetlink_init+0x0/0x61 returned 0 after 3046 usecs
[   13.851032] calling  nfnetlink_log_init+0x0/0x99 @ 1
