c[?7l[2J[0mSeaBIOS (version 1.16.0-debian-1.16.0-4)
Booting from ROM...
early console in setup code
c[?7l[2J[    0.000000] Linux version 5.10.152+ (root@joelboxx.c.googlers.com) (gcc (Debian 12.2.0-3) 12.2.0, GNU ld (GNU Binutils for Debian) 2.39) #15 Tue Dec 13 08:25:27 UTC 2022
[    0.000000] Command line: selinux=0 initcall_debug debug console=ttyS0 rcutorture.torture_type=srcud rcupdate.rcu_self_test=1 rcutorture.n_barrier_cbs=4 rcutorture.stat_interval=15 rcutorture.shutdown_secs=1800 rcutorture.test_no_idle_hz=1 rcutorture.verbose=1
[    0.000000] x86/fpu: x87 FPU will use FXSAVE
[    0.000000] BIOS-provided physical RAM map:
[    0.000000] BIOS-e820: [mem 0x0000000000000000-0x000000000009fbff] usable
[    0.000000] BIOS-e820: [mem 0x000000000009fc00-0x000000000009ffff] reserved
[    0.000000] BIOS-e820: [mem 0x00000000000f0000-0x00000000000fffff] reserved
[    0.000000] BIOS-e820: [mem 0x0000000000100000-0x000000001ffdefff] usable
[    0.000000] BIOS-e820: [mem 0x000000001ffdf000-0x000000001fffffff] reserved
[    0.000000] BIOS-e820: [mem 0x00000000b0000000-0x00000000bfffffff] reserved
[    0.000000] BIOS-e820: [mem 0x00000000fed1c000-0x00000000fed1ffff] reserved
[    0.000000] BIOS-e820: [mem 0x00000000feffc000-0x00000000feffffff] reserved
[    0.000000] BIOS-e820: [mem 0x00000000fffc0000-0x00000000ffffffff] reserved
[    0.000000] NX (Execute Disable) protection: active
[    0.000000] SMBIOS 2.8 present.
[    0.000000] DMI: QEMU Standard PC (Q35 + ICH9, 2009), BIOS 1.16.0-debian-1.16.0-4 04/01/2014
[    0.000000] Hypervisor detected: KVM
[    0.000000] kvm-clock: Using msrs 4b564d01 and 4b564d00
[    0.000000] kvm-clock: cpu 0, msr 6eb7001, primary cpu clock
[    0.000057] kvm-clock: using sched offset of 2365908207 cycles
[    0.000242] clocksource: kvm-clock: mask: 0xffffffffffffffff max_cycles: 0x1cd42e4dffb, max_idle_ns: 881590591483 ns
[    0.000400] tsc: Detected 1999.999 MHz processor
[    0.009079] e820: update [mem 0x00000000-0x00000fff] usable ==> reserved
[    0.009092] e820: remove [mem 0x000a0000-0x000fffff] usable
[    0.009105] last_pfn = 0x1ffdf max_arch_pfn = 0x400000000
[    0.010185] MTRR default type: write-back
[    0.010258] MTRR fixed ranges enabled:
[    0.010263]   00000-9FFFF write-back
[    0.010266]   A0000-BFFFF uncachable
[    0.010269]   C0000-FFFFF write-protect
[    0.010272] MTRR variable ranges enabled:
[    0.010276]   0 base 00C0000000 mask FFC0000000 uncachable
[    0.010279]   1 disabled
[    0.010281]   2 disabled
[    0.010284]   3 disabled
[    0.010287]   4 disabled
[    0.010289]   5 disabled
[    0.010356]   6 disabled
[    0.010359]   7 disabled
[    0.010872] x86/PAT: Configuration [0-7]: WB  WC  UC- UC  WB  WC  UC- UC  
[    0.022342] found SMP MP-table at [mem 0x000f5ba0-0x000f5baf]
[    0.025254] check: Scanning 1 areas for low memory corruption
[    0.044179] ACPI: Early table checksum verification disabled
[    0.046498] ACPI: RSDP 0x00000000000F59E0 000014 (v00 BOCHS )
[    0.046972] ACPI: RSDT 0x000000001FFE229A 000038 (v01 BOCHS  BXPC     00000001 BXPC 00000001)
[    0.047302] ACPI: FACP 0x000000001FFE2092 0000F4 (v03 BOCHS  BXPC     00000001 BXPC 00000001)
[    0.047470] ACPI: DSDT 0x000000001FFE0040 002052 (v01 BOCHS  BXPC     00000001 BXPC 00000001)
[    0.047479] ACPI: FACS 0x000000001FFE0000 000040
[    0.047486] ACPI: APIC 0x000000001FFE2186 000078 (v01 BOCHS  BXPC     00000001 BXPC 00000001)
[    0.047493] ACPI: HPET 0x000000001FFE21FE 000038 (v01 BOCHS  BXPC     00000001 BXPC 00000001)
[    0.047500] ACPI: MCFG 0x000000001FFE2236 00003C (v01 BOCHS  BXPC     00000001 BXPC 00000001)
[    0.047507] ACPI: WAET 0x000000001FFE2272 000028 (v01 BOCHS  BXPC     00000001 BXPC 00000001)
[    0.047513] ACPI: Reserving FACP table memory at [mem 0x1ffe2092-0x1ffe2185]
[    0.047516] ACPI: Reserving DSDT table memory at [mem 0x1ffe0040-0x1ffe2091]
[    0.047518] ACPI: Reserving FACS table memory at [mem 0x1ffe0000-0x1ffe003f]
[    0.047593] ACPI: Reserving APIC table memory at [mem 0x1ffe2186-0x1ffe21fd]
[    0.047661] ACPI: Reserving HPET table memory at [mem 0x1ffe21fe-0x1ffe2235]
[    0.047665] ACPI: Reserving MCFG table memory at [mem 0x1ffe2236-0x1ffe2271]
[    0.047667] ACPI: Reserving WAET table memory at [mem 0x1ffe2272-0x1ffe2299]
[    0.048782] ACPI: Local APIC address 0xfee00000
[    0.051275] Zone ranges:
[    0.051441]   DMA      [mem 0x0000000000001000-0x0000000000ffffff]
[    0.051511]   DMA32    [mem 0x0000000001000000-0x000000001ffdefff]
[    0.051515]   Normal   empty
[    0.051518] Movable zone start for each node
[    0.051520] Early memory node ranges
[    0.051522]   node   0: [mem 0x0000000000001000-0x000000000009efff]
[    0.051594]   node   0: [mem 0x0000000000100000-0x000000001ffdefff]
[    0.051724] Initmem setup node 0 [mem 0x0000000000001000-0x000000001ffdefff]
[    0.051795] On node 0 totalpages: 130941
[    0.052041]   DMA zone: 64 pages used for memmap
[    0.052044]   DMA zone: 21 pages reserved
[    0.052112]   DMA zone: 3998 pages, LIFO batch:0
[    0.052114]   DMA32 zone: 1984 pages used for memmap
[    0.052116]   DMA32 zone: 126943 pages, LIFO batch:31
[    0.053166] On node 0, zone DMA: 1 pages in unavailable ranges
[    0.057205] On node 0, zone DMA: 97 pages in unavailable ranges
[    0.200435] On node 0, zone DMA32: 33 pages in unavailable ranges
[    0.204977] ACPI: PM-Timer IO Port: 0x608
[    0.204986] ACPI: Local APIC address 0xfee00000
[    0.205323] ACPI: LAPIC_NMI (acpi_id[0xff] dfl dfl lint[0x1])
[    0.206979] IOAPIC[0]: apic_id 0, version 17, address 0xfec00000, GSI 0-23
[    0.207337] ACPI: INT_SRC_OVR (bus 0 bus_irq 0 global_irq 2 dfl dfl)
[    0.207479] ACPI: INT_SRC_OVR (bus 0 bus_irq 5 global_irq 5 high level)
[    0.207483] ACPI: INT_SRC_OVR (bus 0 bus_irq 9 global_irq 9 high level)
[    0.207613] ACPI: INT_SRC_OVR (bus 0 bus_irq 10 global_irq 10 high level)
[    0.207615] ACPI: INT_SRC_OVR (bus 0 bus_irq 11 global_irq 11 high level)
[    0.207619] ACPI: IRQ0 used by override.
[    0.207626] ACPI: IRQ5 used by override.
[    0.207628] ACPI: IRQ9 used by override.
[    0.207630] ACPI: IRQ10 used by override.
[    0.207632] ACPI: IRQ11 used by override.
[    0.207637] Using ACPI (MADT) for SMP configuration information
[    0.207699] ACPI: HPET id: 0x8086a201 base: 0xfed00000
[    0.208912] kvm-guest: stealtime: cpu 0, msr 665b4c0
[    0.210239] PM: hibernation: Registered nosave memory: [mem 0x00000000-0x00000fff]
[    0.210242] PM: hibernation: Registered nosave memory: [mem 0x0009f000-0x0009ffff]
[    0.210245] PM: hibernation: Registered nosave memory: [mem 0x000a0000-0x000effff]
[    0.210247] PM: hibernation: Registered nosave memory: [mem 0x000f0000-0x000fffff]
[    0.210252] [mem 0x20000000-0xafffffff] available for PCI devices
[    0.210329] Booting paravirtualized kernel on KVM
[    0.211000] clocksource: refined-jiffies: mask: 0xffffffff max_cycles: 0xffffffff, max_idle_ns: 1910969940391419 ns
[    0.262601] pcpu-alloc: s0 r0 d32768 u32768 alloc=1*32768
[    0.262732] pcpu-alloc: [0] 0 
[    0.264885] Built 1 zonelists, mobility grouping on.  Total pages: 128872
[    0.265082] Kernel command line: selinux=0 initcall_debug debug console=ttyS0 rcutorture.torture_type=srcud rcupdate.rcu_self_test=1 rcutorture.n_barrier_cbs=4 rcutorture.stat_interval=15 rcutorture.shutdown_secs=1800 rcutorture.test_no_idle_hz=1 rcutorture.verbose=1
[    0.282666] Dentry cache hash table entries: 65536 (order: 7, 524288 bytes, linear)
[    0.287001] Inode-cache hash table entries: 32768 (order: 6, 262144 bytes, linear)
[    0.287985] mem auto-init: stack:all(zero), heap alloc:off, heap free:off
[    0.296641] Memory: 469272K/523764K available (16397K kernel code, 2822K rwdata, 4748K rodata, 1252K init, 11672K bss, 54232K reserved, 0K cma-reserved)
[    0.298212] SLUB: HWalign=64, Order=0-3, MinObjects=0, CPUs=1, Nodes=1
[    0.299482] Kernel/User page tables isolation: enabled
[    0.310503] Running RCU self tests
[    0.332511] NR_IRQS: 4352, nr_irqs: 256, preallocated irqs: 16
[    0.339550] calling  con_init+0x0/0x24f @ 0
[    0.519399] Console: colour VGA+ 80x25
[    0.519561] initcall con_init+0x0/0x24f returned 0 after 0 usecs
[    0.519566] calling  hvc_console_init+0x0/0x13 @ 0
[    0.519682] initcall hvc_console_init+0x0/0x13 returned 0 after 0 usecs
[    0.519685] calling  univ8250_console_init+0x0/0x26 @ 0
[    1.320650] printk: console [ttyS0] enabled
[    1.325187] initcall univ8250_console_init+0x0/0x26 returned 0 after 0 usecs
[    1.332879] Lock dependency validator: Copyright (c) 2006 Red Hat, Inc., Ingo Molnar
[    1.341108] ... MAX_LOCKDEP_SUBCLASSES:  8
[    1.345522] ... MAX_LOCK_DEPTH:          48
[    1.350139] ... MAX_LOCKDEP_KEYS:        8192
[    1.355107] ... CLASSHASH_SIZE:          4096
[    1.360908] ... MAX_LOCKDEP_ENTRIES:     32768
[    1.365715] ... MAX_LOCKDEP_CHAINS:      65536
[    1.370463] ... CHAINHASH_SIZE:          32768
[    1.375286]  memory used by lock dependency info: 6365 kB
[    1.381116]  memory used for stack traces: 4224 kB
[    1.386382]  per task-struct memory footprint: 1920 bytes
[    1.392224] ACPI: Core revision 20200925
[    1.398032] clocksource: hpet: mask: 0xffffffff max_cycles: 0xffffffff, max_idle_ns: 19112604467 ns
[    1.409056] APIC: Switch to symmetric I/O mode setup
[    1.429459] ..TIMER: vector=0x30 apic1=0 pin1=2 apic2=-1 pin2=-1
[    1.436292] clocksource: tsc-early: mask: 0xffffffffffffffff max_cycles: 0x39a85afc727, max_idle_ns: 881590685098 ns
[    1.447877] Calibrating delay loop (skipped) preset value.. 3999.99 BogoMIPS (lpj=1999999)
[    1.448870] pid_max: default: 32768 minimum: 301
[    1.449952] LSM: Security Framework initializing
[    1.451999] Mount-cache hash table entries: 1024 (order: 1, 8192 bytes, linear)
[    1.452897] Mountpoint-cache hash table entries: 1024 (order: 1, 8192 bytes, linear)
[    1.460654] Last level iTLB entries: 4KB 0, 2MB 0, 4MB 0
[    1.460869] Last level dTLB entries: 4KB 0, 2MB 0, 4MB 0, 1GB 0
[    1.461872] CPU: Intel Common KVM processor (family: 0xf, model: 0x6, stepping: 0x1)
[    1.462880] Spectre V1 : Mitigation: usercopy/swapgs barriers and __user pointer sanitization
[    1.463870] Spectre V2 : Mitigation: Retpolines
[    1.464898] Spectre V2 : Spectre v2 / SpectreRSB mitigation: Filling RSB on context switch
[    1.465882] Spectre V2 : Spectre v2 / SpectreRSB : Filling RSB on VMEXIT
[    1.466868] Speculative Store Bypass: Vulnerable
[    1.467888] MDS: Vulnerable: Clear CPU buffers attempted, no microcode
[    1.468868] MMIO Stale Data: Unknown: No mitigations
[    1.519619] RCU test callback executed 1
[    1.520270] RCU test callback executed 2
[    1.522255] calling  init_hw_perf_events+0x0/0x6ce @ 1
[    1.522871] Performance Events: unsupported Netburst CPU model 6 no PMU driver, software events only.
[    1.523876] initcall init_hw_perf_events+0x0/0x6ce returned 0 after 976 usecs
[    1.524875] calling  init_real_mode+0x0/0x1e9 @ 1
[    1.526191] initcall init_real_mode+0x0/0x1e9 returned 0 after 0 usecs
[    1.526875] calling  trace_init_perf_perm_irq_work_exit+0x0/0x12 @ 1
[    1.527875] initcall trace_init_perf_perm_irq_work_exit+0x0/0x12 returned 0 after 0 usecs
[    1.528886] calling  validate_x2apic+0x0/0x4a @ 1
[    1.529897] initcall validate_x2apic+0x0/0x4a returned 0 after 0 usecs
[    1.530875] calling  register_nmi_cpu_backtrace_handler+0x0/0x15 @ 1
[    1.531905] initcall register_nmi_cpu_backtrace_handler+0x0/0x15 returned 0 after 0 usecs
[    1.532874] calling  kvm_setup_vsyscall_timeinfo+0x0/0x34 @ 1
[    1.533874] initcall kvm_setup_vsyscall_timeinfo+0x0/0x34 returned 0 after 0 usecs
[    1.534874] calling  spawn_ksoftirqd+0x0/0x34 @ 1
[    1.536994] initcall spawn_ksoftirqd+0x0/0x34 returned 0 after 976 usecs
[    1.537889] calling  trace_init_flags_sys_enter+0x0/0xe @ 1
[    1.538874] initcall trace_init_flags_sys_enter+0x0/0xe returned 0 after 0 usecs
[    1.540872] calling  trace_init_flags_sys_exit+0x0/0xe @ 1
[    1.541873] initcall trace_init_flags_sys_exit+0x0/0xe returned 0 after 0 usecs
[    1.542872] calling  init_kprobes+0x0/0x16e @ 1
[    1.544928] initcall init_kprobes+0x0/0x16e returned 0 after 976 usecs
[    1.545876] calling  init_events+0x0/0x3d @ 1
[    1.546934] initcall init_events+0x0/0x3d returned 0 after 0 usecs
[    1.547877] calling  init_trace_printk+0x0/0xc @ 1
[    1.548876] initcall init_trace_printk+0x0/0xc returned 0 after 0 usecs
[    1.549898] calling  event_trace_enable_again+0x0/0x23 @ 1
[    1.551873] initcall event_trace_enable_again+0x0/0x23 returned 0 after 0 usecs
[    1.552873] calling  static_call_init+0x0/0x6f @ 1
[    1.553873] initcall static_call_init+0x0/0x6f returned 0 after 0 usecs
[    1.554872] calling  jump_label_init_module+0x0/0xc @ 1
[    1.555913] initcall jump_label_init_module+0x0/0xc returned 0 after 0 usecs
[    1.557873] calling  init_zero_pfn+0x0/0x37 @ 1
[    1.558873] initcall init_zero_pfn+0x0/0x37 returned 0 after 0 usecs
[    1.559874] calling  initialize_ptr_random+0x0/0x54 @ 1
[    1.560921] initcall initialize_ptr_random+0x0/0x54 returned 0 after 0 usecs
[    1.561874] calling  efi_memreserve_root_init+0x0/0x25 @ 1
[    1.562906] initcall efi_memreserve_root_init+0x0/0x25 returned 0 after 0 usecs
[    1.563874] calling  efi_earlycon_remap_fb+0x0/0x51 @ 1
[    1.564872] initcall efi_earlycon_remap_fb+0x0/0x51 returned 0 after 0 usecs
[    1.668864] devtmpfs: initialized
[    1.670303] calling  ipc_ns_init+0x0/0x3d @ 1
[    1.671014] initcall ipc_ns_init+0x0/0x3d returned 0 after 0 usecs
[    1.671874] calling  init_mmap_min_addr+0x0/0x21 @ 1
[    1.672874] initcall init_mmap_min_addr+0x0/0x21 returned 0 after 0 usecs
[    1.673875] calling  pci_realloc_setup_params+0x0/0x3f @ 1
[    1.674874] initcall pci_realloc_setup_params+0x0/0x3f returned 0 after 0 usecs
[    1.675890] calling  net_ns_init+0x0/0x128 @ 1
[    1.677923] initcall net_ns_init+0x0/0x128 returned 0 after 976 usecs
[    1.678888] calling  e820__register_nvs_regions+0x0/0x37 @ 1
[    1.679874] initcall e820__register_nvs_regions+0x0/0x37 returned 0 after 0 usecs
[    1.680872] calling  cpufreq_register_tsc_scaling+0x0/0x2e @ 1
[    1.681873] initcall cpufreq_register_tsc_scaling+0x0/0x2e returned 0 after 0 usecs
[    1.682874] calling  reboot_init+0x0/0x3c @ 1
[    1.683979] initcall reboot_init+0x0/0x3c returned 0 after 0 usecs
[    1.684872] calling  init_lapic_sysfs+0x0/0x20 @ 1
[    1.685883] initcall init_lapic_sysfs+0x0/0x20 returned 0 after 0 usecs
[    1.686872] calling  wq_sysfs_init+0x0/0x2a @ 1
[    1.687991] initcall wq_sysfs_init+0x0/0x2a returned 0 after 0 usecs
[    1.688872] calling  ksysfs_init+0x0/0x92 @ 1
[    1.689902] initcall ksysfs_init+0x0/0x92 returned 0 after 0 usecs
[    1.690872] calling  pm_init+0x0/0x76 @ 1
[    1.691978] initcall pm_init+0x0/0x76 returned 0 after 0 usecs
[    1.693870] calling  pm_disk_init+0x0/0x13 @ 1
[    1.694964] initcall pm_disk_init+0x0/0x13 returned 0 after 0 usecs
[    1.695872] calling  swsusp_header_init+0x0/0x2b @ 1
[    1.696873] initcall swsusp_header_init+0x0/0x2b returned 0 after 0 usecs
[    1.697871] calling  rcu_set_runtime_mode+0x0/0x25 @ 1
[    1.698871] initcall rcu_set_runtime_mode+0x0/0x25 returned 0 after 0 usecs
[    1.699871] calling  init_jiffies_clocksource+0x0/0x13 @ 1
[    1.700870] clocksource: jiffies: mask: 0xffffffff max_cycles: 0xffffffff, max_idle_ns: 1911260446275000 ns
[    1.701875] initcall init_jiffies_clocksource+0x0/0x13 returned 0 after 976 usecs
[    1.702880] calling  futex_init+0x0/0xf8 @ 1
[    1.704880] futex hash table entries: 256 (order: 2, 22528 bytes, linear)
[    1.706035] initcall futex_init+0x0/0xf8 returned 0 after 976 usecs
[    1.706907] calling  cgroup_wq_init+0x0/0x28 @ 1
[    1.708927] initcall cgroup_wq_init+0x0/0x28 returned 0 after 0 usecs
[    1.709876] calling  cgroup1_wq_init+0x0/0x28 @ 1
[    1.710892] initcall cgroup1_wq_init+0x0/0x28 returned 0 after 0 usecs
[    1.711912] calling  init_kprobe_trace_early+0x0/0x2a @ 1
[    1.712938] initcall init_kprobe_trace_early+0x0/0x2a returned 0 after 0 usecs
[    1.713875] calling  fsnotify_init+0x0/0x56 @ 1
[    1.714893] initcall fsnotify_init+0x0/0x56 returned 0 after 0 usecs
[    1.715872] calling  filelock_init+0x0/0x7f @ 1
[    1.716910] initcall filelock_init+0x0/0x7f returned 0 after 0 usecs
[    1.717872] calling  init_misc_binfmt+0x0/0x2c @ 1
[    1.718927] initcall init_misc_binfmt+0x0/0x2c returned 0 after 0 usecs
[    1.719872] calling  init_script_binfmt+0x0/0x15 @ 1
[    1.720941] initcall init_script_binfmt+0x0/0x15 returned 0 after 0 usecs
[    1.722872] calling  init_elf_binfmt+0x0/0x15 @ 1
[    1.723873] initcall init_elf_binfmt+0x0/0x15 returned 0 after 0 usecs
[    1.724872] calling  init_compat_elf_binfmt+0x0/0x15 @ 1
[    1.725873] initcall init_compat_elf_binfmt+0x0/0x15 returned 0 after 0 usecs
[    1.726873] calling  debugfs_init+0x0/0x5c @ 1
[    1.727933] initcall debugfs_init+0x0/0x5c returned 0 after 0 usecs
[    1.728871] calling  tracefs_init+0x0/0x3a @ 1
[    1.729925] initcall tracefs_init+0x0/0x3a returned 0 after 0 usecs
[    1.730874] calling  prandom_init_early+0x0/0x111 @ 1
[    1.731891] initcall prandom_init_early+0x0/0x111 returned 0 after 0 usecs
[    1.733006] calling  virtio_init+0x0/0x20 @ 1
[    1.733928] initcall virtio_init+0x0/0x20 returned 0 after 0 usecs
[    1.734873] calling  iommu_init+0x0/0x2a @ 1
[    1.735881] initcall iommu_init+0x0/0x2a returned 0 after 0 usecs
[    1.736872] calling  component_debug_init+0x0/0x1c @ 1
[    1.738880] initcall component_debug_init+0x0/0x1c returned 0 after 976 usecs
[    1.739873] calling  early_resume_init+0x0/0xb9 @ 1
[    1.741869] PM: RTC time: 08:31:06, date: 2022-12-13
[    1.742889] initcall early_resume_init+0x0/0xb9 returned 0 after 1953 usecs
[    1.743871] calling  cpufreq_core_init+0x0/0x62 @ 1
[    1.745008] initcall cpufreq_core_init+0x0/0x62 returned 0 after 0 usecs
[    1.745872] calling  cpufreq_gov_performance_init+0x0/0xc @ 1
[    1.746983] initcall cpufreq_gov_performance_init+0x0/0xc returned 0 after 0 usecs
[    1.747871] calling  cpufreq_gov_userspace_init+0x0/0xc @ 1
[    1.748872] initcall cpufreq_gov_userspace_init+0x0/0xc returned 0 after 0 usecs
[    1.749871] calling  CPU_FREQ_GOV_ONDEMAND_init+0x0/0xc @ 1
[    1.750871] initcall CPU_FREQ_GOV_ONDEMAND_init+0x0/0xc returned 0 after 0 usecs
[    1.751870] calling  cpuidle_init+0x0/0x1f @ 1
[    1.752899] initcall cpuidle_init+0x0/0x1f returned 0 after 0 usecs
[    1.753870] calling  capsule_reboot_register+0x0/0xc @ 1
[    1.754903] initcall capsule_reboot_register+0x0/0xc returned 0 after 0 usecs
[    1.755870] calling  sock_init+0x0/0x93 @ 1
[    1.757405] initcall sock_init+0x0/0x93 returned 0 after 0 usecs
[    1.757874] calling  net_inuse_init+0x0/0x23 @ 1
[    1.758909] initcall net_inuse_init+0x0/0x23 returned 0 after 0 usecs
[    1.759871] calling  net_defaults_init+0x0/0x23 @ 1
[    1.760871] initcall net_defaults_init+0x0/0x23 returned 0 after 0 usecs
[    1.762870] calling  init_default_flow_dissectors+0x0/0x4f @ 1
[    1.763886] initcall init_default_flow_dissectors+0x0/0x4f returned 0 after 0 usecs
[    1.764874] calling  netpoll_init+0x0/0x44 @ 1
[    1.765873] initcall netpoll_init+0x0/0x44 returned 0 after 0 usecs
[    1.766873] calling  netlink_proto_init+0x0/0x154 @ 1
[    1.769188] NET: Registered protocol family 16
[    1.770014] initcall netlink_proto_init+0x0/0x154 returned 0 after 976 usecs
[    1.770875] calling  genl_init+0x0/0x35 @ 1
[    1.771945] initcall genl_init+0x0/0x35 returned 0 after 0 usecs
[    1.772898] calling  bsp_pm_check_init+0x0/0x13 @ 1
[    1.773874] initcall bsp_pm_check_init+0x0/0x13 returned 0 after 0 usecs
[    1.774912] calling  irq_sysfs_init+0x0/0xb9 @ 1
[    1.777218] initcall irq_sysfs_init+0x0/0xb9 returned 0 after 976 usecs
[    1.777877] calling  audit_init+0x0/0x127 @ 1
[    1.778910] audit: initializing netlink subsys (disabled)
[    1.780153] initcall audit_init+0x0/0x127 returned 0 after 976 usecs
[    1.780877] calling  release_early_probes+0x0/0x32 @ 1
[    1.781877] initcall release_early_probes+0x0/0x32 returned 0 after 0 usecs
[    1.782878] calling  bdi_class_init+0x0/0x48 @ 1
[    1.783914] initcall bdi_class_init+0x0/0x48 returned 0 after 0 usecs
[    1.784874] calling  mm_sysfs_init+0x0/0x28 @ 1
[    1.785884] initcall mm_sysfs_init+0x0/0x28 returned 0 after 0 usecs
[    1.786873] calling  init_per_zone_wmark_min+0x0/0x5e @ 1
[    1.787905] initcall init_per_zone_wmark_min+0x0/0x5e returned 0 after 0 usecs
[    1.788873] calling  mpi_init+0x0/0x3e @ 1
[    1.789894] initcall mpi_init+0x0/0x3e returned 0 after 0 usecs
[    1.790872] calling  kobject_uevent_init+0x0/0xc @ 1
[    1.791903] initcall kobject_uevent_init+0x0/0xc returned 0 after 0 usecs
[    1.792873] calling  pcibus_class_init+0x0/0x13 @ 1
[    1.793925] initcall pcibus_class_init+0x0/0x13 returned 0 after 0 usecs
[    1.794872] calling  pci_driver_init+0x0/0x21 @ 1
[    1.795988] initcall pci_driver_init+0x0/0x21 returned 0 after 0 usecs
[    1.796876] calling  backlight_class_init+0x0/0xa8 @ 1
[    1.797921] initcall backlight_class_init+0x0/0xa8 returned 0 after 0 usecs
[    1.798876] calling  tty_class_init+0x0/0x33 @ 1
[    1.799908] initcall tty_class_init+0x0/0x33 returned 0 after 0 usecs
[    1.800873] calling  vtconsole_class_init+0x0/0xb5 @ 1
[    1.803009] initcall vtconsole_class_init+0x0/0xb5 returned 0 after 976 usecs
[    1.803876] calling  iommu_dev_init+0x0/0x13 @ 1
[    1.804917] initcall iommu_dev_init+0x0/0x13 returned 0 after 0 usecs
[    1.805876] calling  mipi_dsi_bus_init+0x0/0xc @ 1
[    1.806918] initcall mipi_dsi_bus_init+0x0/0xc returned 0 after 0 usecs
[    1.807874] calling  devlink_class_init+0x0/0x40 @ 1
[    1.808946] initcall devlink_class_init+0x0/0x40 returned 0 after 0 usecs
[    1.809872] calling  software_node_init+0x0/0x2a @ 1
[    1.810882] initcall software_node_init+0x0/0x2a returned 0 after 0 usecs
[    1.811871] calling  wakeup_sources_debugfs_init+0x0/0x23 @ 1
[    1.813891] initcall wakeup_sources_debugfs_init+0x0/0x23 returned 0 after 0 usecs
[    1.814872] calling  wakeup_sources_sysfs_init+0x0/0x2c @ 1
[    1.815939] initcall wakeup_sources_sysfs_init+0x0/0x2c returned 0 after 0 usecs
[    1.816873] calling  regmap_initcall+0x0/0xc @ 1
[    1.817950] initcall regmap_initcall+0x0/0xc returned 0 after 0 usecs
[    1.818872] calling  i2c_init+0x0/0xb3 @ 1
[    1.820909] initcall i2c_init+0x0/0xb3 returned 0 after 976 usecs
[    1.821872] calling  thermal_init+0x0/0x116 @ 1
[    1.822960] thermal_sys: Registered thermal governor 'step_wise'
[    1.822976] thermal_sys: Registered thermal governor 'user_space'
[    1.823890] initcall thermal_init+0x0/0x116 returned 0 after 976 usecs
[    1.825874] calling  init_menu+0x0/0xc @ 1
[    1.827033] cpuidle: using governor menu
[    1.828876] initcall init_menu+0x0/0xc returned 0 after 1953 usecs
[    1.829875] calling  pcc_init+0x0/0x4d @ 1
[    1.830890] initcall pcc_init+0x0/0x4d returned -19 after 0 usecs
[    1.831910] calling  amd_postcore_init+0x0/0x11e @ 1
[    1.833875] initcall amd_postcore_init+0x0/0x11e returned 0 after 0 usecs
[    1.834891] calling  bts_init+0x0/0xba @ 1
[    1.835875] initcall bts_init+0x0/0xba returned -19 after 0 usecs
[    1.836878] calling  pt_init+0x0/0x2f7 @ 1
[    1.838899] initcall pt_init+0x0/0x2f7 returned -19 after 0 usecs
[    1.839877] calling  boot_params_ksysfs_init+0x0/0x2ee @ 1
[    1.840940] initcall boot_params_ksysfs_init+0x0/0x2ee returned 0 after 0 usecs
[    1.841876] calling  sbf_init+0x0/0xea @ 1
[    1.842879] initcall sbf_init+0x0/0xea returned 0 after 0 usecs
[    1.843878] calling  arch_kdebugfs_init+0x0/0x219 @ 1
[    1.844997] initcall arch_kdebugfs_init+0x0/0x219 returned 0 after 0 usecs
[    1.845879] calling  intel_pconfig_init+0x0/0x85 @ 1
[    1.846890] initcall intel_pconfig_init+0x0/0x85 returned 0 after 0 usecs
[    1.847876] calling  mtrr_if_init+0x0/0x5d @ 1
[    1.848881] initcall mtrr_if_init+0x0/0x5d returned 0 after 0 usecs
[    1.849873] calling  activate_jump_labels+0x0/0x31 @ 1
[    1.850877] initcall activate_jump_labels+0x0/0x31 returned 0 after 0 usecs
[    1.851877] calling  ffh_cstate_init+0x0/0x29 @ 1
[    1.852884] initcall ffh_cstate_init+0x0/0x29 returned 0 after 0 usecs
[    1.853879] calling  activate_jump_labels+0x0/0x31 @ 1
[    1.854936] initcall activate_jump_labels+0x0/0x31 returned 0 after 0 usecs
[    1.855878] calling  kvm_alloc_cpumask+0x0/0x2b @ 1
[    1.856902] initcall kvm_alloc_cpumask+0x0/0x2b returned 0 after 0 usecs
[    1.857878] calling  kcmp_cookies_init+0x0/0x37 @ 1
[    1.858882] initcall kcmp_cookies_init+0x0/0x37 returned 0 after 0 usecs
[    1.859874] calling  cryptomgr_init+0x0/0xc @ 1
[    1.860919] initcall cryptomgr_init+0x0/0xc returned 0 after 0 usecs
[    1.861873] calling  acpi_pci_init+0x0/0x57 @ 1
[    1.862902] ACPI: bus type PCI registered
[    1.863873] initcall acpi_pci_init+0x0/0x57 returned 0 after 976 usecs
[    1.864873] calling  dma_channel_table_init+0x0/0xce @ 1
[    1.865901] initcall dma_channel_table_init+0x0/0xce returned 0 after 0 usecs
[    1.866878] calling  dma_bus_init+0x0/0xdc @ 1
[    1.868018] initcall dma_bus_init+0x0/0xdc returned 0 after 0 usecs
[    1.869993] calling  iommu_dma_init+0x0/0x10 @ 1
[    1.870979] initcall iommu_dma_init+0x0/0x10 returned 0 after 0 usecs
[    1.871875] calling  dmi_id_init+0x0/0x37c @ 1
[    1.873142] initcall dmi_id_init+0x0/0x37c returned 0 after 0 usecs
[    1.873904] calling  pci_arch_init+0x0/0x71 @ 1
[    1.876321] PCI: MMCONFIG for domain 0000 [bus 00-ff] at [mem 0xb0000000-0xbfffffff] (base 0xb0000000)
[    1.876880] PCI: MMCONFIG at [mem 0xb0000000-0xbfffffff] reserved in E820
[    1.877958] PCI: Using configuration type 1 for base access
[    1.879909] initcall pci_arch_init+0x0/0x71 returned 0 after 4882 usecs
[    1.880898] calling  init_vdso+0x0/0x13 @ 1
[    1.881968] initcall init_vdso+0x0/0x13 returned 0 after 0 usecs
[    1.882875] calling  sysenter_setup+0x0/0x13 @ 1
[    1.883913] initcall sysenter_setup+0x0/0x13 returned 0 after 0 usecs
[    1.884873] calling  fixup_ht_bug+0x0/0x7f @ 1
[    1.885873] initcall fixup_ht_bug+0x0/0x7f returned 0 after 0 usecs
[    1.886873] calling  topology_init+0x0/0x15 @ 1
[    1.888065] initcall topology_init+0x0/0x15 returned 0 after 0 usecs
[    1.888876] calling  intel_epb_init+0x0/0x68 @ 1
[    1.889873] initcall intel_epb_init+0x0/0x68 returned -19 after 0 usecs
[    1.890873] calling  mtrr_init_finialize+0x0/0x3e @ 1
[    1.891873] initcall mtrr_init_finialize+0x0/0x3e returned 0 after 0 usecs
[    1.892876] calling  uid_cache_init+0x0/0x85 @ 1
[    1.893934] initcall uid_cache_init+0x0/0x85 returned 0 after 0 usecs
[    1.894873] calling  param_sysfs_init+0x0/0x1ba @ 1
[    1.906387] initcall param_sysfs_init+0x0/0x1ba returned 0 after 9765 usecs
[    1.907876] calling  user_namespace_sysctl_init+0x0/0x33 @ 1
[    1.908890] initcall user_namespace_sysctl_init+0x0/0x33 returned 0 after 0 usecs
[    1.909875] calling  proc_schedstat_init+0x0/0x24 @ 1
[    1.910882] initcall proc_schedstat_init+0x0/0x24 returned 0 after 0 usecs
[    1.911874] calling  pm_sysrq_init+0x0/0x18 @ 1
[    1.912914] initcall pm_sysrq_init+0x0/0x18 returned 0 after 0 usecs
[    1.913933] calling  create_proc_profile+0x0/0x50 @ 1
[    1.914875] initcall create_proc_profile+0x0/0x50 returned 0 after 0 usecs
[    1.915874] calling  time_ns_init+0x0/0x7 @ 1
[    1.916892] initcall time_ns_init+0x0/0x7 returned 0 after 0 usecs
[    1.917874] calling  crash_save_vmcoreinfo_init+0x0/0x756 @ 1
[    1.918979] initcall crash_save_vmcoreinfo_init+0x0/0x756 returned 0 after 0 usecs
[    1.919876] calling  crash_notes_memory_init+0x0/0x35 @ 1
[    1.920885] initcall crash_notes_memory_init+0x0/0x35 returned 0 after 0 usecs
[    1.922871] calling  cgroup_sysfs_init+0x0/0x13 @ 1
[    1.924912] initcall cgroup_sysfs_init+0x0/0x13 returned 0 after 0 usecs
[    1.925873] calling  cgroup_namespaces_init+0x0/0x7 @ 1
[    1.926873] initcall cgroup_namespaces_init+0x0/0x7 returned 0 after 0 usecs
[    1.927874] calling  init_optprobes+0x0/0x13 @ 1
[    1.928913] Kprobes globally optimized
[    1.929874] initcall init_optprobes+0x0/0x13 returned 0 after 976 usecs
[    1.930873] calling  oom_init+0x0/0x2f @ 1
[    1.933290] audit: type=2000 audit(1670920265.970:1): state=initialized audit_enabled=0 res=1
[    1.934904] initcall oom_init+0x0/0x2f returned 0 after 2929 usecs
[    1.935889] calling  default_bdi_init+0x0/0xb3 @ 1
[    1.937239] initcall default_bdi_init+0x0/0xb3 returned 0 after 0 usecs
[    1.937897] calling  percpu_enable_async+0x0/0xe @ 1
[    1.941508] initcall percpu_enable_async+0x0/0xe returned 0 after 0 usecs
[    1.941994] calling  kcompactd_init+0x0/0x46 @ 1
[    1.946519] initcall kcompactd_init+0x0/0x46 returned 0 after 2929 usecs
[    1.947151] calling  init_user_reserve+0x0/0x30 @ 1
[    1.950979] initcall init_user_reserve+0x0/0x30 returned 0 after 0 usecs
[    1.951875] calling  init_admin_reserve+0x0/0x30 @ 1
[    1.952874] initcall init_admin_reserve+0x0/0x30 returned 0 after 0 usecs
[    1.953934] calling  init_reserve_notifier+0x0/0x7 @ 1
[    1.954928] initcall init_reserve_notifier+0x0/0x7 returned 0 after 0 usecs
[    1.955874] calling  swap_init_sysfs+0x0/0x62 @ 1
[    1.957874] initcall swap_init_sysfs+0x0/0x62 returned 0 after 976 usecs
[    1.958877] calling  swapfile_init+0x0/0x46 @ 1
[    1.959878] initcall swapfile_init+0x0/0x46 returned 0 after 0 usecs
[    1.960875] calling  hugetlb_init+0x0/0x42c @ 1
[    1.961999] HugeTLB registered 2.00 MiB page size, pre-allocated 0 pages
[    1.962966] initcall hugetlb_init+0x0/0x42c returned 0 after 976 usecs
[    1.963894] calling  io_wq_init+0x0/0x34 @ 1
[    1.965977] initcall io_wq_init+0x0/0x34 returned 0 after 976 usecs
[    1.967875] calling  seqiv_module_init+0x0/0xc @ 1
[    1.969884] initcall seqiv_module_init+0x0/0xc returned 0 after 976 usecs
[    1.970874] calling  echainiv_module_init+0x0/0xc @ 1
[    1.971874] initcall echainiv_module_init+0x0/0xc returned 0 after 0 usecs
[    1.973046] calling  rsa_init+0x0/0x50 @ 1
[    1.977496] cryptomgr_test (18) used greatest stack depth: 14864 bytes left
[    1.978956] initcall rsa_init+0x0/0x50 returned 0 after 4882 usecs
[    1.979891] calling  crypto_cmac_module_init+0x0/0xc @ 1
[    1.980874] initcall crypto_cmac_module_init+0x0/0xc returned 0 after 0 usecs
[    1.981872] calling  hmac_module_init+0x0/0xc @ 1
[    1.982873] initcall hmac_module_init+0x0/0xc returned 0 after 0 usecs
[    1.983872] calling  crypto_null_mod_init+0x0/0x65 @ 1
[    1.985193] initcall crypto_null_mod_init+0x0/0x65 returned 0 after 0 usecs
[    1.985873] calling  md5_mod_init+0x0/0xc @ 1
[    1.986966] initcall md5_mod_init+0x0/0xc returned 0 after 0 usecs
[    1.987871] calling  sha256_generic_mod_init+0x0/0x11 @ 1
[    1.989009] initcall sha256_generic_mod_init+0x0/0x11 returned 0 after 0 usecs
[    1.989872] calling  crypto_cbc_module_init+0x0/0xc @ 1
[    1.990873] initcall crypto_cbc_module_init+0x0/0xc returned 0 after 0 usecs
[    1.991872] calling  crypto_ctr_module_init+0x0/0x11 @ 1
[    1.992888] initcall crypto_ctr_module_init+0x0/0x11 returned 0 after 0 usecs
[    1.993872] calling  crypto_gcm_module_init+0x0/0x64 @ 1
[    1.994913] initcall crypto_gcm_module_init+0x0/0x64 returned 0 after 0 usecs
[    1.995873] calling  crypto_ccm_module_init+0x0/0x11 @ 1
[    1.996878] initcall crypto_ccm_module_init+0x0/0x11 returned 0 after 0 usecs
[    1.997875] calling  aes_init+0x0/0xc @ 1
[    1.999022] initcall aes_init+0x0/0xc returned 0 after 0 usecs
[    1.999895] calling  crc32c_mod_init+0x0/0xc @ 1
[    2.000967] initcall crc32c_mod_init+0x0/0xc returned 0 after 0 usecs
[    2.001872] calling  crypto_authenc_module_init+0x0/0xc @ 1
[    2.002874] initcall crypto_authenc_module_init+0x0/0xc returned 0 after 0 usecs
[    2.003872] calling  crypto_authenc_esn_module_init+0x0/0xc @ 1
[    2.004874] initcall crypto_authenc_esn_module_init+0x0/0xc returned 0 after 0 usecs
[    2.005871] calling  drbg_init+0x0/0x7c @ 1
[    2.008229] initcall drbg_init+0x0/0x7c returned 0 after 976 usecs
[    2.009871] calling  ghash_mod_init+0x0/0xc @ 1
[    2.010961] initcall ghash_mod_init+0x0/0xc returned 0 after 0 usecs
[    2.011871] calling  init_bio+0x0/0x9a @ 1
[    2.014042] initcall init_bio+0x0/0x9a returned 0 after 976 usecs
[    2.014872] calling  blk_settings_init+0x0/0x29 @ 1
[    2.015872] initcall blk_settings_init+0x0/0x29 returned 0 after 0 usecs
[    2.016872] calling  blk_ioc_init+0x0/0x29 @ 1
[    2.017878] initcall blk_ioc_init+0x0/0x29 returned 0 after 0 usecs
[    2.018871] calling  blk_mq_init+0x0/0x96 @ 1
[    2.019890] initcall blk_mq_init+0x0/0x96 returned 0 after 0 usecs
[    2.020870] calling  genhd_device_init+0x0/0x75 @ 1
[    2.024046] initcall genhd_device_init+0x0/0x75 returned 0 after 1953 usecs
[    2.024975] calling  pci_slot_init+0x0/0x40 @ 1
[    2.026024] initcall pci_slot_init+0x0/0x40 returned 0 after 0 usecs
[    2.026871] calling  fbmem_init+0x0/0xd8 @ 1
[    2.033721] initcall fbmem_init+0x0/0xd8 returned 0 after 4882 usecs
[    2.033871] calling  acpi_init+0x0/0x316 @ 1
[    2.036554] ACPI: Added _OSI(Module Device)
[    2.036872] ACPI: Added _OSI(Processor Device)
[    2.037873] ACPI: Added _OSI(3.0 _SCP Extensions)
[    2.038872] ACPI: Added _OSI(Processor Aggregator Device)
[    2.039874] ACPI: Added _OSI(Linux-Dell-Video)
[    2.040876] ACPI: Added _OSI(Linux-Lenovo-NV-HDMI-Audio)
[    2.041874] ACPI: Added _OSI(Linux-HPI-Hybrid-Graphics)
[    2.048710] ACPI: 1 ACPI AML tables successfully acquired and loaded
[    2.056248] ACPI: Interpreter enabled
[    2.057214] ACPI: (supports S0 S3 S4 S5)
[    2.057923] ACPI: Using IOAPIC for interrupt routing
[    2.060128] PCI: Using host bridge windows from ACPI; if necessary, use "pci=nocrs" and report a bug
[    2.061565] ACPI: Enabled 2 GPEs in block 00 to 3F
[    2.073864] ACPI: PCI Root Bridge [PCI0] (domain 0000 [bus 00-ff])
[    2.074990] acpi PNP0A08:00: _OSC: OS supports [ExtendedConfig ASPM ClockPM Segments MSI HPX-Type3]
[    2.077105] acpi PNP0A08:00: _OSC: platform does not support [LTR]
[    2.078122] acpi PNP0A08:00: _OSC: OS now controls [PME PCIeCapability]
[    2.080188] PCI host bridge to bus 0000:00
[    2.080889] pci_bus 0000:00: root bus resource [io  0x0000-0x0cf7 window]
[    2.081920] pci_bus 0000:00: root bus resource [io  0x0d00-0xffff window]
[    2.083874] pci_bus 0000:00: root bus resource [mem 0x000a0000-0x000bffff window]
[    2.084873] pci_bus 0000:00: root bus resource [mem 0x20000000-0xafffffff window]
[    2.085894] pci_bus 0000:00: root bus resource [mem 0xc0000000-0xfebfffff window]
[    2.086893] pci_bus 0000:00: root bus resource [mem 0x100000000-0x8ffffffff window]
[    2.087875] pci_bus 0000:00: root bus resource [bus 00-ff]
[    2.090495] pci 0000:00:00.0: calling  quirk_mmio_always_on+0x0/0x10 @ 1
[    2.090915] pci 0000:00:00.0: quirk_mmio_always_on+0x0/0x10 took 0 usecs
[    2.091872] pci 0000:00:00.0: [8086:29c0] type 00 class 0x060000
[    2.096763] pci 0000:00:00.0: calling  quirk_igfx_skip_te_disable+0x0/0x80 @ 1
[    2.096944] pci 0000:00:00.0: quirk_igfx_skip_te_disable+0x0/0x80 took 0 usecs
[    2.100530] pci 0000:00:01.0: [1234:1111] type 00 class 0x030000
[    2.106734] pci 0000:00:01.0: reg 0x10: [mem 0xfd000000-0xfdffffff pref]
[    2.114729] pci 0000:00:01.0: reg 0x18: [mem 0xfebf0000-0xfebf0fff]
[    2.131186] pci 0000:00:01.0: reg 0x30: [mem 0xfebe0000-0xfebeffff pref]
[    2.134640] pci 0000:00:01.0: calling  efifb_fixup_resources+0x0/0xf0 @ 1
[    2.135918] pci 0000:00:01.0: efifb_fixup_resources+0x0/0xf0 took 0 usecs
[    2.144871] pci 0000:00:1f.0: [8086:2918] type 00 class 0x060100
[    2.151406] pci 0000:00:1f.0: calling  quirk_ich7_lpc+0x0/0x60 @ 1
[    2.152966] pci 0000:00:1f.0: quirk: [io  0x0600-0x067f] claimed by ICH6 ACPI/GPIO/TCO
[    2.155207] pci 0000:00:1f.0: quirk_ich7_lpc+0x0/0x60 took 2929 usecs
[    2.155993] pci 0000:00:1f.0: calling  quirk_igfx_skip_te_disable+0x0/0x80 @ 1
[    2.157935] pci 0000:00:1f.0: quirk_igfx_skip_te_disable+0x0/0x80 took 0 usecs
[    2.161037] pci 0000:00:1f.2: [8086:2922] type 00 class 0x010601
[    2.170873] pci 0000:00:1f.2: reg 0x20: [io  0xc040-0xc05f]
[    2.173872] pci 0000:00:1f.2: reg 0x24: [mem 0xfebf1000-0xfebf1fff]
[    2.176897] pci 0000:00:1f.2: calling  quirk_igfx_skip_te_disable+0x0/0x80 @ 1
[    2.177880] pci 0000:00:1f.2: quirk_igfx_skip_te_disable+0x0/0x80 took 0 usecs
[    2.183486] pci 0000:00:1f.3: [8086:2930] type 00 class 0x0c0500
[    2.190209] pci 0000:00:1f.3: reg 0x20: [io  0x0700-0x073f]
[    2.193617] pci 0000:00:1f.3: calling  quirk_igfx_skip_te_disable+0x0/0x80 @ 1
[    2.193876] pci 0000:00:1f.3: quirk_igfx_skip_te_disable+0x0/0x80 took 0 usecs
[    2.196898] pci_bus 0000:00: on NUMA node 0
[    2.209354] ACPI: PCI Interrupt Link [LNKA] (IRQs 5 *10 11)
[    2.212400] ACPI: PCI Interrupt Link [LNKB] (IRQs 5 *10 11)
[    2.213578] ACPI: PCI Interrupt Link [LNKC] (IRQs 5 10 *11)
[    2.215208] ACPI: PCI Interrupt Link [LNKD] (IRQs 5 10 *11)
[    2.217345] ACPI: PCI Interrupt Link [LNKE] (IRQs 5 *10 11)
[    2.219587] ACPI: PCI Interrupt Link [LNKF] (IRQs 5 *10 11)
[    2.221391] ACPI: PCI Interrupt Link [LNKG] (IRQs 5 10 *11)
[    2.222895] ACPI: PCI Interrupt Link [LNKH] (IRQs 5 10 *11)
[    2.225134] ACPI: PCI Interrupt Link [GSIA] (IRQs *16)
[    2.227028] ACPI: PCI Interrupt Link [GSIB] (IRQs *17)
[    2.228888] ACPI: PCI Interrupt Link [GSIC] (IRQs *18)
[    2.230886] ACPI: PCI Interrupt Link [GSID] (IRQs *19)
[    2.232150] ACPI: PCI Interrupt Link [GSIE] (IRQs *20)
[    2.233142] ACPI: PCI Interrupt Link [GSIF] (IRQs *21)
[    2.234892] ACPI: PCI Interrupt Link [GSIG] (IRQs *22)
[    2.236015] ACPI: PCI Interrupt Link [GSIH] (IRQs *23)
[    2.240270] initcall acpi_init+0x0/0x316 returned 0 after 200195 usecs
[    2.240980] calling  pnp_init+0x0/0xc @ 1
[    2.241949] initcall pnp_init+0x0/0xc returned 0 after 0 usecs
[    2.242875] calling  misc_init+0x0/0xbf @ 1
[    2.246344] initcall misc_init+0x0/0xbf returned 0 after 1953 usecs
[    2.246873] calling  iommu_subsys_init+0x0/0x4e @ 1
[    2.247918] iommu: Default domain type: Translated 
[    2.248874] initcall iommu_subsys_init+0x0/0x4e returned 0 after 976 usecs
[    2.249874] calling  vga_arb_device_init+0x0/0x261 @ 1
[    2.254505] pci 0000:00:01.0: vgaarb: setting as boot VGA device
[    2.254864] pci 0000:00:01.0: vgaarb: VGA device added: decodes=io+mem,owns=io+mem,locks=none
[    2.254876] pci 0000:00:01.0: vgaarb: bridge control possible
[    2.255872] vgaarb: loaded
[    2.256877] initcall vga_arb_device_init+0x0/0x261 returned 0 after 5859 usecs
[    2.257993] calling  cn_init+0x0/0xf0 @ 1
[    2.260222] initcall cn_init+0x0/0xf0 returned 0 after 976 usecs
[    2.260877] calling  dma_buf_init+0x0/0xad @ 1
[    2.263166] initcall dma_buf_init+0x0/0xad returned 0 after 976 usecs
[    2.263881] calling  dma_resv_lockdep+0x0/0x27f @ 1
[    2.266691] initcall dma_resv_lockdep+0x0/0x27f returned 0 after 0 usecs
[    2.266905] calling  init_scsi+0x0/0x79 @ 1
[    2.270573] SCSI subsystem initialized
[    2.270879] initcall init_scsi+0x0/0x79 returned 0 after 2929 usecs
[    2.271880] calling  ata_init+0x0/0x332 @ 1
[    2.276174] libata version 3.00 loaded.
[    2.276877] initcall ata_init+0x0/0x332 returned 0 after 3906 usecs
[    2.277874] calling  phy_init+0x0/0x250 @ 1
[    2.279209] initcall phy_init+0x0/0x250 returned 0 after 0 usecs
[    2.279873] calling  init_pcmcia_cs+0x0/0x35 @ 1
[    2.281089] initcall init_pcmcia_cs+0x0/0x35 returned 0 after 0 usecs
[    2.281873] calling  usb_common_init+0x0/0x1c @ 1
[    2.282955] initcall usb_common_init+0x0/0x1c returned 0 after 0 usecs
[    2.283872] calling  usb_init+0x0/0x12e @ 1
[    2.285121] ACPI: bus type USB registered
[    2.287043] usbcore: registered new interface driver usbfs
[    2.287997] usbcore: registered new interface driver hub
[    2.288936] usbcore: registered new device driver usb
[    2.289874] initcall usb_init+0x0/0x12e returned 0 after 4882 usecs
[    2.290873] calling  serio_init+0x0/0x29 @ 1
[    2.291946] initcall serio_init+0x0/0x29 returned 0 after 0 usecs
[    2.292873] calling  input_init+0x0/0xf6 @ 1
[    2.295326] initcall input_init+0x0/0xf6 returned 0 after 976 usecs
[    2.295877] calling  rtc_init+0x0/0x4d @ 1
[    2.296908] initcall rtc_init+0x0/0x4d returned 0 after 0 usecs
[    2.297872] calling  pps_init+0x0/0xa9 @ 1
[    2.299093] pps_core: LinuxPPS API ver. 1 registered
[    2.299871] pps_core: Software ver. 5.3.6 - Copyright 2005-2007 Rodolfo Giometti <giometti@linux.it>
[    2.301027] initcall pps_init+0x0/0xa9 returned 0 after 1953 usecs
[    2.301874] calling  ptp_init+0x0/0x98 @ 1
[    2.304166] PTP clock support registered
[    2.304874] initcall ptp_init+0x0/0x98 returned 0 after 976 usecs
[    2.305874] calling  power_supply_class_init+0x0/0x3f @ 1
[    2.307020] initcall power_supply_class_init+0x0/0x3f returned 0 after 0 usecs
[    2.307872] calling  hwmon_init+0x0/0x104 @ 1
[    2.308893] initcall hwmon_init+0x0/0x104 returned 0 after 0 usecs
[    2.309872] calling  md_init+0x0/0x16b @ 1
[    2.312931] initcall md_init+0x0/0x16b returned 0 after 1953 usecs
[    2.313876] calling  leds_init+0x0/0x3b @ 1
[    2.315026] initcall leds_init+0x0/0x3b returned 0 after 0 usecs
[    2.315874] calling  dmi_init+0x0/0x113 @ 1
[    2.319180] initcall dmi_init+0x0/0x113 returned 0 after 1953 usecs
[    2.320874] calling  efisubsys_init+0x0/0x4e6 @ 1
[    2.321951] initcall efisubsys_init+0x0/0x4e6 returned 0 after 0 usecs
[    2.322877] calling  nvmem_init+0x0/0xc @ 1
[    2.324297] initcall nvmem_init+0x0/0xc returned 0 after 0 usecs
[    2.324877] calling  init_soundcore+0x0/0x33 @ 1
[    2.326172] initcall init_soundcore+0x0/0x33 returned 0 after 0 usecs
[    2.326877] calling  alsa_sound_init+0x0/0x8f @ 1
[    2.329362] Advanced Linux Sound Architecture Driver Initialized.
[    2.329877] initcall alsa_sound_init+0x0/0x8f returned 0 after 1953 usecs
[    2.330873] calling  alsa_seq_device_init+0x0/0x71 @ 1
[    2.333051] initcall alsa_seq_device_init+0x0/0x71 returned 0 after 976 usecs
[    2.333890] calling  hda_bus_init+0x0/0xc @ 1
[    2.334919] initcall hda_bus_init+0x0/0xc returned 0 after 0 usecs
[    2.335872] calling  proto_init+0x0/0xc @ 1
[    2.336900] initcall proto_init+0x0/0xc returned 0 after 0 usecs
[    2.337872] calling  net_dev_init+0x0/0x231 @ 1
[    2.341072] initcall net_dev_init+0x0/0x231 returned 0 after 1953 usecs
[    2.341873] calling  neigh_init+0x0/0x84 @ 1
[    2.342920] initcall neigh_init+0x0/0x84 returned 0 after 0 usecs
[    2.343872] calling  fib_notifier_init+0x0/0xc @ 1
[    2.344899] initcall fib_notifier_init+0x0/0xc returned 0 after 0 usecs
[    2.345874] calling  fib_rules_init+0x0/0xab @ 1
[    2.346920] initcall fib_rules_init+0x0/0xab returned 0 after 0 usecs
[    2.347875] calling  pktsched_init+0x0/0x10e @ 1
[    2.349900] initcall pktsched_init+0x0/0x10e returned 0 after 976 usecs
[    2.350874] calling  tc_filter_init+0x0/0xfa @ 1
[    2.351942] initcall tc_filter_init+0x0/0xfa returned 0 after 0 usecs
[    2.352878] calling  tc_action_init+0x0/0x54 @ 1
[    2.353907] initcall tc_action_init+0x0/0x54 returned 0 after 0 usecs
[    2.354880] calling  ethnl_init+0x0/0x52 @ 1
[    2.356020] initcall ethnl_init+0x0/0x52 returned 0 after 0 usecs
[    2.356892] calling  nexthop_init+0x0/0xd8 @ 1
[    2.358077] initcall nexthop_init+0x0/0xd8 returned 0 after 0 usecs
[    2.358872] calling  cipso_v4_init+0x0/0x8d @ 1
[    2.359999] initcall cipso_v4_init+0x0/0x8d returned 0 after 0 usecs
[    2.360873] calling  ieee80211_init+0x0/0x24 @ 1
[    2.362166] initcall ieee80211_init+0x0/0x24 returned 0 after 0 usecs
[    2.362873] calling  netlbl_init+0x0/0x78 @ 1
[    2.363870] NetLabel: Initializing
[    2.364869] NetLabel:  domain hash size = 128
[    2.365869] NetLabel:  protocols = UNLABELED CIPSOv4 CALIPSO
[    2.367186] NetLabel:  unlabeled traffic allowed by default
[    2.367875] initcall netlbl_init+0x0/0x78 returned 0 after 3906 usecs
[    2.368875] calling  rfkill_init+0x0/0x136 @ 1
[    2.371097] initcall rfkill_init+0x0/0x136 returned 0 after 976 usecs
[    2.371876] calling  pci_subsys_init+0x0/0x66 @ 1
[    2.373169] PCI: Using ACPI for IRQ routing
[    3.205379] PCI: pci_cache_line_size set to 64 bytes
[    3.208185] e820: reserve RAM buffer [mem 0x0009fc00-0x0009ffff]
[    3.209379] e820: reserve RAM buffer [mem 0x1ffdf000-0x1fffffff]
[    3.210006] initcall pci_subsys_init+0x0/0x66 returned 0 after 817382 usecs
[    3.226647] calling  nmi_warning_debugfs+0x0/0x26 @ 1
[    3.228660] initcall nmi_warning_debugfs+0x0/0x26 returned 0 after 976 usecs
[    3.229067] calling  save_microcode_in_initrd+0x0/0x51 @ 1
[    3.231159] initcall save_microcode_in_initrd+0x0/0x51 returned 0 after 976 usecs
[    3.231873] calling  hpet_late_init+0x0/0x1f6 @ 1
[    3.233585] hpet: 3 channels of 0 reserved for per-cpu timers
[    3.234910] hpet0: at MMIO 0xfed00000, IRQs 2, 8, 0
[    3.235873] hpet0: 3 comparators, 64-bit 100.000000 MHz counter
[    3.244874] initcall hpet_late_init+0x0/0x1f6 returned 0 after 11718 usecs
[    3.245888] calling  init_amd_nbs+0x0/0x11c @ 1
[    3.247234] initcall init_amd_nbs+0x0/0x11c returned 0 after 0 usecs
[    3.247899] calling  clocksource_done_booting+0x0/0x43 @ 1
[    3.250745] clocksource: Switched to clocksource kvm-clock
[    3.266390] initcall clocksource_done_booting+0x0/0x43 returned 0 after 17099 usecs
[    3.276467] calling  tracer_init_tracefs+0x0/0x201 @ 1
[    3.558725] initcall tracer_init_tracefs+0x0/0x201 returned 0 after 268693 usecs
[    3.568478] calling  init_trace_printk_function_export+0x0/0x2c @ 1
[    3.576273] initcall init_trace_printk_function_export+0x0/0x2c returned 0 after 17 usecs
[    3.586053] calling  init_kprobe_trace+0x0/0x1ab @ 1
[    3.592122] initcall init_kprobe_trace+0x0/0x1ab returned 0 after 60 usecs
[    3.600356] calling  init_dynamic_event+0x0/0x3d @ 1
[    3.606966] initcall init_dynamic_event+0x0/0x3d returned 0 after 31 usecs
[    3.615272] calling  init_uprobe_trace+0x0/0x5c @ 1
[    3.622330] initcall init_uprobe_trace+0x0/0x5c returned 0 after 86 usecs
[    3.632335] calling  init_pipe_fs+0x0/0x44 @ 1
[    3.639294] initcall init_pipe_fs+0x0/0x44 returned 0 after 266 usecs
[    3.648698] calling  inotify_user_setup+0x0/0x47 @ 1
[    3.656060] initcall inotify_user_setup+0x0/0x47 returned 0 after 81 usecs
[    3.666732] calling  eventpoll_init+0x0/0xeb @ 1
[    3.674510] initcall eventpoll_init+0x0/0xeb returned 0 after 99 usecs
[    3.683450] calling  anon_inode_init+0x0/0x58 @ 1
[    3.689596] initcall anon_inode_init+0x0/0x58 returned 0 after 151 usecs
[    3.697463] calling  proc_locks_init+0x0/0x27 @ 1
[    3.703012] initcall proc_locks_init+0x0/0x27 returned 0 after 7 usecs
[    3.710652] calling  iomap_init+0x0/0x1b @ 1
[    3.716626] initcall iomap_init+0x0/0x1b returned 0 after 817 usecs
[    3.724085] calling  dquot_init+0x0/0xd7 @ 1
[    3.729221] VFS: Disk quotas dquot_6.6.0
[    3.734019] VFS: Dquot-cache hash table entries: 512 (order 0, 4096 bytes)
[    3.743457] initcall dquot_init+0x0/0xd7 returned 0 after 13898 usecs
[    3.751088] calling  quota_init+0x0/0x23 @ 1
[    3.756300] initcall quota_init+0x0/0x23 returned 0 after 21 usecs
[    3.764594] calling  proc_cmdline_init+0x0/0x21 @ 1
[    3.770461] initcall proc_cmdline_init+0x0/0x21 returned 0 after 37 usecs
[    3.778489] calling  proc_consoles_init+0x0/0x24 @ 1
[    3.784380] initcall proc_consoles_init+0x0/0x24 returned 0 after 6 usecs
[    3.792415] calling  proc_cpuinfo_init+0x0/0x1e @ 1
[    3.798334] initcall proc_cpuinfo_init+0x0/0x1e returned 0 after 5 usecs
[    3.806176] calling  proc_devices_init+0x0/0x24 @ 1
[    3.811992] initcall proc_devices_init+0x0/0x24 returned 0 after 4 usecs
[    3.820000] calling  proc_interrupts_init+0x0/0x24 @ 1
[    3.826175] initcall proc_interrupts_init+0x0/0x24 returned 0 after 5 usecs
[    3.834313] calling  proc_loadavg_init+0x0/0x21 @ 1
[    3.840009] initcall proc_loadavg_init+0x0/0x21 returned 0 after 5 usecs
[    3.848585] calling  proc_meminfo_init+0x0/0x21 @ 1
[    3.855618] initcall proc_meminfo_init+0x0/0x21 returned 0 after 6 usecs
[    3.865215] calling  proc_stat_init+0x0/0x1e @ 1
[    3.871761] initcall proc_stat_init+0x0/0x1e returned 0 after 7 usecs
[    3.880784] calling  proc_uptime_init+0x0/0x21 @ 1
[    3.887577] initcall proc_uptime_init+0x0/0x21 returned 0 after 6 usecs
[    3.896991] calling  proc_version_init+0x0/0x21 @ 1
[    3.903958] initcall proc_version_init+0x0/0x21 returned 0 after 7 usecs
[    3.911862] calling  proc_softirqs_init+0x0/0x21 @ 1
[    3.917569] initcall proc_softirqs_init+0x0/0x21 returned 0 after 5 usecs
[    3.925389] calling  proc_kcore_init+0x0/0xea @ 1
[    3.930788] initcall proc_kcore_init+0x0/0xea returned 0 after 75 usecs
[    3.938297] calling  vmcore_init+0x0/0x57b @ 1
[    3.943395] initcall vmcore_init+0x0/0x57b returned 0 after 17 usecs
[    3.950585] calling  proc_kmsg_init+0x0/0x21 @ 1
[    3.955866] initcall proc_kmsg_init+0x0/0x21 returned 0 after 5 usecs
[    3.964599] calling  proc_page_init+0x0/0x3b @ 1
[    3.969976] initcall proc_page_init+0x0/0x3b returned 0 after 98 usecs
[    3.977311] calling  init_ramfs_fs+0x0/0xc @ 1
[    3.982573] initcall init_ramfs_fs+0x0/0xc returned 0 after 51 usecs
[    3.989999] calling  init_hugetlbfs_fs+0x0/0xf6 @ 1
[    3.997464] initcall init_hugetlbfs_fs+0x0/0xf6 returned 0 after 411 usecs
[    4.007345] calling  blk_scsi_ioctl_init+0x0/0x2a5 @ 1
[    4.014862] initcall blk_scsi_ioctl_init+0x0/0x2a5 returned 0 after 23 usecs
[    4.023985] calling  acpi_event_init+0x0/0x2c @ 1
[    4.029539] initcall acpi_event_init+0x0/0x2c returned 0 after 19 usecs
[    4.037228] calling  pnp_system_init+0x0/0xc @ 1
[    4.042810] initcall pnp_system_init+0x0/0xc returned 0 after 121 usecs
[    4.050584] calling  pnpacpi_init+0x0/0x69 @ 1
[    4.056044] pnp: PnP ACPI init
[    4.060158] pnp 00:00: Plug and Play ACPI device, IDs PNP0303 (active)
[    4.067845] pnp 00:01: Plug and Play ACPI device, IDs PNP0f13 (active)
[    4.075467] pnp 00:02: Plug and Play ACPI device, IDs PNP0400 (active)
[    4.083015] pnp 00:03: Plug and Play ACPI device, IDs PNP0501 (active)
[    4.090565] pnp 00:04: Plug and Play ACPI device, IDs PNP0b00 (active)
[    4.099252] system 00:05: [mem 0xb0000000-0xbfffffff window] has been reserved
[    4.108283] system 00:05: Plug and Play ACPI device, IDs PNP0c01 (active)
[    4.119713] pnp: PnP ACPI: found 6 devices
[    4.125675] initcall pnpacpi_init+0x0/0x69 returned 0 after 68022 usecs
[    4.135275] calling  chr_dev_init+0x0/0x14d @ 1
[    4.151583] initcall chr_dev_init+0x0/0x14d returned 0 after 9491 usecs
[    4.161251] calling  firmware_class_init+0x0/0x14a @ 1
[    4.168647] initcall firmware_class_init+0x0/0x14a returned 0 after 19 usecs
[    4.178333] calling  init_pcmcia_bus+0x0/0x5b @ 1
[    4.183874] initcall init_pcmcia_bus+0x0/0x5b returned 0 after 71 usecs
[    4.191551] calling  init_acpi_pm_clocksource+0x0/0xda @ 1
[    4.203369] clocksource: acpi_pm: mask: 0xffffff max_cycles: 0xffffff, max_idle_ns: 2085701024 ns
[    4.213566] initcall init_acpi_pm_clocksource+0x0/0xda returned 0 after 15279 usecs
[    4.222396] calling  sysctl_core_init+0x0/0x26 @ 1
[    4.228013] initcall sysctl_core_init+0x0/0x26 returned 0 after 40 usecs
[    4.235791] calling  eth_offload_init+0x0/0x13 @ 1
[    4.242437] initcall eth_offload_init+0x0/0x13 returned 0 after 41 usecs
[    4.256753] calling  ipv4_offload_init+0x0/0x73 @ 1
[    4.262764] initcall ipv4_offload_init+0x0/0x73 returned 0 after 268 usecs
[    4.270369] calling  inet_init+0x0/0x276 @ 1
[    4.276407] NET: Registered protocol family 2
[    4.287504] IP idents hash table entries: 8192 (order: 4, 65536 bytes, linear)
[    4.300137] tcp_listen_portaddr_hash hash table entries: 256 (order: 2, 20480 bytes, linear)
[    4.309760] TCP established hash table entries: 4096 (order: 3, 32768 bytes, linear)
[    4.318504] TCP bind hash table entries: 4096 (order: 6, 294912 bytes, linear)
[    4.328247] TCP: Hash tables configured (established 4096 bind 4096)
[    4.336098] UDP hash table entries: 256 (order: 3, 40960 bytes, linear)
[    4.343662] UDP-Lite hash table entries: 256 (order: 3, 40960 bytes, linear)
[    4.351860] initcall inet_init+0x0/0x276 returned 0 after 74779 usecs
[    4.359104] calling  af_unix_init+0x0/0x4d @ 1
[    4.364670] NET: Registered protocol family 1
[    4.369998] initcall af_unix_init+0x0/0x4d returned 0 after 5239 usecs
[    4.377611] calling  ipv6_offload_init+0x0/0x7e @ 1
[    4.383172] initcall ipv6_offload_init+0x0/0x7e returned 0 after 39 usecs
[    4.391464] calling  init_sunrpc+0x0/0x65 @ 1
[    4.411987] RPC: Registered named UNIX socket transport module.
[    4.420625] RPC: Registered udp transport module.
[    4.426078] RPC: Registered tcp transport module.
[    4.431589] RPC: Registered tcp NFSv4.1 backchannel transport module.
[    4.438965] initcall init_sunrpc+0x0/0x65 returned 0 after 41505 usecs
[    4.446467] calling  cfg80211_init+0x0/0xc5 @ 1
[    4.454788] initcall cfg80211_init+0x0/0xc5 returned 0 after 3050 usecs
[    4.462270] calling  pcibios_assign_resources+0x0/0xbf @ 1
[    4.469776] pci_bus 0000:00: resource 4 [io  0x0000-0x0cf7 window]
[    4.478209] pci_bus 0000:00: resource 5 [io  0x0d00-0xffff window]
[    4.486607] pci_bus 0000:00: resource 6 [mem 0x000a0000-0x000bffff window]
[    4.495763] pci_bus 0000:00: resource 7 [mem 0x20000000-0xafffffff window]
[    4.503134] pci_bus 0000:00: resource 8 [mem 0xc0000000-0xfebfffff window]
[    4.510481] pci_bus 0000:00: resource 9 [mem 0x100000000-0x8ffffffff window]
[    4.519373] initcall pcibios_assign_resources+0x0/0xbf returned 0 after 48896 usecs
[    4.529586] calling  pci_apply_final_quirks+0x0/0x124 @ 1
[    4.537875] pci 0000:00:01.0: calling  pci_fixup_video+0x0/0xe0 @ 1
[    4.547345] pci 0000:00:01.0: Video device with shadowed ROM at [mem 0x000c0000-0x000dffff]
[    4.558631] pci 0000:00:01.0: pci_fixup_video+0x0/0xe0 took 11313 usecs
[    4.568068] PCI: CLS 0 bytes, default 64
[    4.573508] initcall pci_apply_final_quirks+0x0/0x124 returned 0 after 35659 usecs
[    4.582133] calling  acpi_reserve_resources+0x0/0xea @ 1
[    4.588062] initcall acpi_reserve_resources+0x0/0xea returned 0 after 163 usecs
[    4.596012] calling  populate_rootfs+0x0/0x102 @ 1
[    4.603821] initcall populate_rootfs+0x0/0x102 returned 0 after 2480 usecs
[    4.611384] calling  pci_iommu_init+0x0/0x3e @ 1
[    4.616577] initcall pci_iommu_init+0x0/0x3e returned 0 after 112 usecs
[    4.625250] calling  ia32_binfmt_init+0x0/0x13 @ 1
[    4.630554] initcall ia32_binfmt_init+0x0/0x13 returned 0 after 51 usecs
[    4.637847] calling  rapl_pmu_init+0x0/0x25f @ 1
[    4.643000] initcall rapl_pmu_init+0x0/0x25f returned -19 after 59 usecs
[    4.650392] calling  amd_uncore_init+0x0/0x310 @ 1
[    4.655628] initcall amd_uncore_init+0x0/0x310 returned -19 after 0 usecs
[    4.662991] calling  amd_ibs_init+0x0/0x24b @ 1
[    4.667964] initcall amd_ibs_init+0x0/0x24b returned -19 after 0 usecs
[    4.675083] calling  amd_iommu_pc_init+0x0/0x22b @ 1
[    4.680590] initcall amd_iommu_pc_init+0x0/0x22b returned -19 after 50 usecs
[    4.688305] calling  msr_init+0x0/0x55 @ 1
[    4.693414] initcall msr_init+0x0/0x55 returned 0 after 360 usecs
[    4.700161] calling  intel_uncore_init+0x0/0x322 @ 1
[    4.705725] initcall intel_uncore_init+0x0/0x322 returned -19 after 39 usecs
[    4.713407] calling  cstate_pmu_init+0x0/0x181 @ 1
[    4.718774] initcall cstate_pmu_init+0x0/0x181 returned -19 after 0 usecs
[    4.726261] calling  register_kernel_offset_dumper+0x0/0x1a @ 1
[    4.732867] initcall register_kernel_offset_dumper+0x0/0x1a returned 0 after 32 usecs
[    4.741495] calling  i8259A_init_ops+0x0/0x20 @ 1
[    4.746747] initcall i8259A_init_ops+0x0/0x20 returned 0 after 1 usecs
[    4.753838] calling  init_tsc_clocksource+0x0/0xa4 @ 1
[    4.759530] clocksource: tsc: mask: 0xffffffffffffffff max_cycles: 0x39a85afc727, max_idle_ns: 881590685098 ns
[    4.770363] initcall init_tsc_clocksource+0x0/0xa4 returned 0 after 10607 usecs
[    4.778396] calling  add_rtc_cmos+0x0/0xb0 @ 1
[    4.783380] initcall add_rtc_cmos+0x0/0xb0 returned 0 after 98 usecs
[    4.790440] calling  i8237A_init_ops+0x0/0x3a @ 1
[    4.795859] initcall i8237A_init_ops+0x0/0x3a returned 0 after 102 usecs
[    4.803306] calling  umwait_init+0x0/0x94 @ 1
[    4.808753] initcall umwait_init+0x0/0x94 returned -19 after 61 usecs
[    4.816030] calling  thermal_throttle_init_device+0x0/0x3d @ 1
[    4.822511] initcall thermal_throttle_init_device+0x0/0x3d returned 0 after 36 usecs
[    4.830846] calling  msr_init+0x0/0xd7 @ 1
[    4.836765] initcall msr_init+0x0/0xd7 returned 0 after 1289 usecs
[    4.843562] calling  cpuid_init+0x0/0xd7 @ 1
[    4.848602] initcall cpuid_init+0x0/0xd7 returned 0 after 305 usecs
[    4.855546] calling  ioapic_init_ops+0x0/0x13 @ 1
[    4.860833] initcall ioapic_init_ops+0x0/0x13 returned 0 after 26 usecs
[    4.868114] calling  add_pcspkr+0x0/0x6c @ 1
[    4.873000] initcall add_pcspkr+0x0/0x6c returned 0 after 168 usecs
[    4.880063] calling  start_periodic_check_for_corruption+0x0/0x30 @ 1
[    4.887248] check: Scanning for low memory corruption every 60 seconds
[    4.894425] initcall start_periodic_check_for_corruption+0x0/0x30 returned 0 after 7041 usecs
[    4.903688] calling  sysfb_init+0x0/0x9c @ 1
[    4.908832] initcall sysfb_init+0x0/0x9c returned 0 after 294 usecs
[    4.915822] calling  audit_classes_init+0x0/0xae @ 1
[    4.921521] initcall audit_classes_init+0x0/0xae returned 0 after 203 usecs
[    4.929345] calling  iosf_mbi_init+0x0/0x24 @ 1
[    4.935517] initcall iosf_mbi_init+0x0/0x24 returned 0 after 895 usecs
[    4.942945] calling  proc_execdomains_init+0x0/0x21 @ 1
[    4.949069] initcall proc_execdomains_init+0x0/0x21 returned 0 after 146 usecs
[    4.957156] calling  register_warn_debugfs+0x0/0x23 @ 1
[    4.962896] initcall register_warn_debugfs+0x0/0x23 returned 0 after 17 usecs
[    4.971212] calling  ioresources_init+0x0/0x49 @ 1
[    4.976688] initcall ioresources_init+0x0/0x49 returned 0 after 59 usecs
[    4.984280] calling  lockdep_proc_init+0x0/0x64 @ 1
[    4.989788] initcall lockdep_proc_init+0x0/0x64 returned 0 after 31 usecs
[    4.997449] calling  snapshot_device_init+0x0/0xc @ 1
[    5.004331] initcall snapshot_device_init+0x0/0xc returned 0 after 1184 usecs
[    5.012226] calling  irq_pm_init_ops+0x0/0x13 @ 1
[    5.017612] initcall irq_pm_init_ops+0x0/0x13 returned 0 after 35 usecs
[    5.024914] calling  rcu_torture_init+0x0/0x8bd @ 1
[    5.030782] srcud-torture:--- Start of test: nreaders=1 nfakewriters=4 stat_interval=15 verbose=1 test_no_idle_hz=1 shuffle_interval=3 stutter=5 irqreader=1 fqs_duration=0 fqs_holdoff=0 fqs_stutter=3 test_boost=1/0 test_boost_interval=7 test_boost_duration=4 shutdown_secs=1800 stall_cpu=0 stall_cpu_holdoff=10 stall_cpu_irqsoff=0 stall_cpu_block=0 n_barrier_cbs=4 onoff_interval=0 onoff_holdoff=0 read_exit_delay=13 read_exit_burst=16
[    5.072865] srcud:  Start-test grace-period state: g0 f0x0
[    5.078932] srcud-torture: Creating rcu_torture_writer task
[    5.085351] srcud-torture: Creating rcu_torture_fakewriter task
[    5.092109] srcud-torture: rcu_torture_writer task started
[    5.098087] srcud-torture: GP expediting controlled from boot/sysfs for srcud.
[    5.105803] rcu_torture_writer: Testing expedited GPs.
[    5.111359] rcu_torture_writer: Testing asynchronous GPs.
[    5.118191] rcu_torture_writer: Testing normal GPs.
[    5.124447] srcud-torture: Creating rcu_torture_fakewriter task
[    5.131637] srcud-torture: rcu_torture_fakewriter task started
[    5.139350] srcud-torture: Creating rcu_torture_fakewriter task
[    5.146002] srcud-torture: rcu_torture_fakewriter task started
[    5.152733] srcud-torture: Creating rcu_torture_fakewriter task
[    5.159257] srcud-torture: rcu_torture_fakewriter task started
[    5.166141] srcud-torture: Creating rcu_torture_reader task
[    5.172242] srcud-torture: rcu_torture_fakewriter task started
[    5.178824] srcud-torture: Creating rcu_torture_stats task
[    5.184846] srcud-torture: rcu_torture_reader task started
[    5.192786] srcud-torture: Creating torture_shuffle task
[    5.199065] srcud-torture: rcu_torture_stats task started
[    5.208016] srcud-torture: Creating torture_stutter task
[    5.214092] srcud-torture: torture_shuffle task started
[    5.220584] srcud-torture: Creating torture_shutdown task
[    5.226824] srcud-torture: torture_stutter task started
[    5.233394] srcud-torture: rcu_torture_fwd_prog_init: Disabled, unsupported by RCU flavor under test
[    5.243580] srcud-torture: Creating rcu_torture_barrier_cbs task
[    5.250410] srcud-torture: torture_shutdown task started
[    5.256361] srcud-torture:torture_shutdown task: 1799964 ms remaining
[    5.263798] srcud-torture: Creating rcu_torture_barrier_cbs task
[    5.270475] srcud-torture: rcu_torture_barrier_cbs task started
[    5.277342] srcud-torture: Creating rcu_torture_barrier_cbs task
[    5.283991] srcud-torture: rcu_torture_barrier_cbs task started
[    5.290639] srcud-torture: Creating rcu_torture_barrier_cbs task
[    5.297223] srcud-torture: rcu_torture_barrier_cbs task started
[    5.303766] srcud-torture: Creating rcu_torture_barrier task
[    5.309926] srcud-torture: rcu_torture_barrier_cbs task started
[    5.316518] srcud-torture: Creating rcu_torture_read_exit task
[    5.323039] srcud-torture: rcu_torture_barrier task starting
[    5.329566] initcall rcu_torture_init+0x0/0x8bd returned 0 after 291967 usecs
[    5.337614] calling  timekeeping_init_ops+0x0/0x13 @ 1
[    5.344786] initcall timekeeping_init_ops+0x0/0x13 returned 0 after 2 usecs
[    5.354645] calling  init_clocksource_sysfs+0x0/0x23 @ 1
[    5.362570] initcall init_clocksource_sysfs+0x0/0x23 returned 0 after 412 usecs
[    5.372134] calling  init_timer_list_procfs+0x0/0x31 @ 1
[    5.378136] initcall init_timer_list_procfs+0x0/0x31 returned 0 after 7 usecs
[    5.386401] calling  alarmtimer_init+0x0/0xf5 @ 1
[    5.392157] initcall alarmtimer_init+0x0/0xf5 returned 0 after 265 usecs
[    5.399719] calling  init_posix_timers+0x0/0x29 @ 1
[    5.405389] initcall init_posix_timers+0x0/0x29 returned 0 after 26 usecs
[    5.413079] calling  clockevents_init_sysfs+0x0/0x8b @ 1
[    5.419233] initcall clockevents_init_sysfs+0x0/0x8b returned 0 after 160 usecs
[    5.427389] calling  proc_dma_init+0x0/0x21 @ 1
[    5.432555] initcall proc_dma_init+0x0/0x21 returned 0 after 29 usecs
[    5.439712] calling  proc_modules_init+0x0/0x1e @ 1
[    5.445245] initcall proc_modules_init+0x0/0x1e returned 0 after 7 usecs
[    5.452795] calling  kallsyms_init+0x0/0x21 @ 1
[    5.457875] initcall kallsyms_init+0x0/0x21 returned 0 after 5 usecs
[    5.464951] calling  pid_namespaces_init+0x0/0x2c @ 1
[    5.470695] initcall pid_namespaces_init+0x0/0x2c returned 0 after 12 usecs
[    5.478536] calling  audit_watch_init+0x0/0x37 @ 1
[    5.483976] initcall audit_watch_init+0x0/0x37 returned 0 after 14 usecs
[    5.491490] calling  audit_fsnotify_init+0x0/0x37 @ 1
[    5.497341] initcall audit_fsnotify_init+0x0/0x37 returned 0 after 2 usecs
[    5.505095] calling  audit_tree_init+0x0/0x6d @ 1
[    5.510422] initcall audit_tree_init+0x0/0x6d returned 0 after 8 usecs
[    5.517817] calling  seccomp_sysctl_init+0x0/0x2b @ 1
[    5.523554] initcall seccomp_sysctl_init+0x0/0x2b returned 0 after 36 usecs
[    5.531310] calling  utsname_sysctl_init+0x0/0x13 @ 1
[    5.537041] initcall utsname_sysctl_init+0x0/0x13 returned 0 after 53 usecs
[    5.544896] calling  init_tracepoints+0x0/0x27 @ 1
[    5.550399] initcall init_tracepoints+0x0/0x27 returned 0 after 19 usecs
[    5.557975] calling  init_blk_tracer+0x0/0x50 @ 1
[    5.564067] initcall init_blk_tracer+0x0/0x50 returned 0 after 710 usecs
[    5.571576] calling  perf_event_sysfs_init+0x0/0x83 @ 1
[    5.578079] initcall perf_event_sysfs_init+0x0/0x83 returned 0 after 534 usecs
[    5.586224] calling  system_trusted_keyring_init+0x0/0x5f @ 1
[    5.592784] Initialise system trusted keyrings
[    5.598036] initcall system_trusted_keyring_init+0x0/0x5f returned 0 after 5126 usecs
[    5.606831] calling  kswapd_init+0x0/0x13 @ 1
[    5.612673] srcud-torture: rcu_torture_read_exit: Start of test
[    5.620734] initcall kswapd_init+0x0/0x13 returned 0 after 7890 usecs
[    5.628729] calling  extfrag_debug_init+0x0/0x54 @ 1
[    5.634499] initcall extfrag_debug_init+0x0/0x54 returned 0 after 26 usecs
[    5.643117] calling  slab_proc_init+0x0/0x21 @ 1
[    5.649420] initcall slab_proc_init+0x0/0x21 returned 0 after 24 usecs
[    5.658800] calling  workingset_init+0x0/0x8c @ 1
[    5.665672] workingset: timestamp_bits=62 max_order=17 bucket_order=0
[    5.675043] initcall workingset_init+0x0/0x8c returned 0 after 9148 usecs
[    5.683996] calling  proc_vmalloc_init+0x0/0x27 @ 1
[    5.689735] initcall proc_vmalloc_init+0x0/0x27 returned 0 after 7 usecs
[    5.698024] calling  procswaps_init+0x0/0x1e @ 1
[    5.704228] initcall procswaps_init+0x0/0x1e returned 0 after 5 usecs
[    5.711633] calling  slab_sysfs_init+0x0/0xec @ 1
[    5.724182] initcall slab_sysfs_init+0x0/0xec returned 0 after 6827 usecs
[    5.732021] calling  fcntl_init+0x0/0x29 @ 1
[    5.737035] initcall fcntl_init+0x0/0x29 returned 0 after 13 usecs
[    5.744139] calling  proc_filesystems_init+0x0/0x21 @ 1
[    5.750199] initcall proc_filesystems_init+0x0/0x21 returned 0 after 6 usecs
[    5.758416] calling  start_dirtytime_writeback+0x0/0x29 @ 1
[    5.764879] initcall start_dirtytime_writeback+0x0/0x29 returned 0 after 2 usecs
[    5.775404] calling  blkdev_init+0x0/0x1b @ 1
[    5.782225] initcall blkdev_init+0x0/0x1b returned 0 after 451 usecs
[    5.791461] calling  dio_init+0x0/0x2c @ 1
[    5.797602] initcall dio_init+0x0/0x2c returned 0 after 127 usecs
[    5.806427] calling  dnotify_init+0x0/0x78 @ 1
[    5.813135] initcall dnotify_init+0x0/0x78 returned 0 after 118 usecs
[    5.822458] calling  aio_setup+0x0/0x78 @ 1
[    5.828696] initcall aio_setup+0x0/0x78 returned 0 after 462 usecs
[    5.836006] calling  io_uring_init+0x0/0x2c @ 1
[    5.841373] initcall io_uring_init+0x0/0x2c returned 0 after 9 usecs
[    5.849018] calling  mbcache_init+0x0/0x30 @ 1
[    5.855498] initcall mbcache_init+0x0/0x30 returned 0 after 96 usecs
[    5.862978] calling  init_grace+0x0/0xc @ 1
[    5.867867] initcall init_grace+0x0/0xc returned 0 after 6 usecs
[    5.874848] calling  init_v2_quota_format+0x0/0x21 @ 1
[    5.881088] initcall init_v2_quota_format+0x0/0x21 returned 0 after 280 usecs
[    5.889304] calling  init_devpts_fs+0x0/0x27 @ 1
[    5.894705] initcall init_devpts_fs+0x0/0x27 returned 0 after 62 usecs
[    5.902223] calling  ext4_init_fs+0x0/0x1c2 @ 1
[    5.908361] initcall ext4_init_fs+0x0/0x1c2 returned 0 after 824 usecs
[    5.915928] calling  journal_init+0x0/0x11c @ 1
[    5.922198] initcall journal_init+0x0/0x11c returned 0 after 171 usecs
[    5.931285] calling  init_fat_fs+0x0/0x49 @ 1
[    5.936658] initcall init_fat_fs+0x0/0x49 returned 0 after 204 usecs
[    5.944011] calling  init_vfat_fs+0x0/0xc @ 1
[    5.949126] initcall init_vfat_fs+0x0/0xc returned 0 after 4 usecs
[    5.956272] calling  init_msdos_fs+0x0/0xc @ 1
[    5.961702] initcall init_msdos_fs+0x0/0xc returned 0 after 4 usecs
[    5.968999] calling  init_iso9660_fs+0x0/0x6c @ 1
[    5.975241] initcall init_iso9660_fs+0x0/0x6c returned 0 after 701 usecs
[    5.983021] calling  init_nfs_fs+0x0/0x13a @ 1
[    5.990184] initcall init_nfs_fs+0x0/0x13a returned 0 after 1906 usecs
[    5.998772] calling  init_nfs_v2+0x0/0x13 @ 1
[    6.005073] initcall init_nfs_v2+0x0/0x13 returned 0 after 283 usecs
[    6.012445] calling  init_nfs_v3+0x0/0x13 @ 1
[    6.017595] initcall init_nfs_v3+0x0/0x13 returned 0 after 1 usecs
[    6.024760] calling  init_nfs_v4+0x0/0x32 @ 1
[    6.029986] NFS: Registering the id_resolver key type
[    6.036022] Key type id_resolver registered
[    6.041085] Key type id_legacy registered
[    6.045993] initcall init_nfs_v4+0x0/0x32 returned 0 after 15649 usecs
[    6.053618] calling  init_nlm+0x0/0x5b @ 1
[    6.058512] initcall init_nlm+0x0/0x5b returned 0 after 70 usecs
[    6.066767] calling  init_nls_cp437+0x0/0xe @ 1
[    6.073523] initcall init_nls_cp437+0x0/0xe returned 0 after 87 usecs
[    6.081083] calling  init_nls_ascii+0x0/0xe @ 1
[    6.086474] initcall init_nls_ascii+0x0/0xe returned 0 after 1 usecs
[    6.093961] calling  init_nls_iso8859_1+0x0/0xe @ 1
[    6.099782] initcall init_nls_iso8859_1+0x0/0xe returned 0 after 1 usecs
[    6.107622] calling  init_nls_utf8+0x0/0x21 @ 1
[    6.113074] initcall init_nls_utf8+0x0/0x21 returned 0 after 2 usecs
[    6.120424] calling  init_autofs_fs+0x0/0x25 @ 1
[    6.126343] initcall init_autofs_fs+0x0/0x25 returned 0 after 334 usecs
[    6.134112] calling  ipc_init+0x0/0x24 @ 1
[    6.139101] initcall ipc_init+0x0/0x24 returned 0 after 59 usecs
[    6.146155] calling  ipc_sysctl_init+0x0/0x13 @ 1
[    6.152017] initcall ipc_sysctl_init+0x0/0x13 returned 0 after 12 usecs
[    6.159624] calling  init_mqueue_fs+0x0/0xb1 @ 1
[    6.166906] initcall init_mqueue_fs+0x0/0xb1 returned 0 after 523 usecs
[    6.174821] calling  key_proc_init+0x0/0x63 @ 1
[    6.180299] initcall key_proc_init+0x0/0x63 returned 0 after 8 usecs
[    6.187694] calling  selinux_nf_ip_init+0x0/0x2e @ 1
[    6.193648] initcall selinux_nf_ip_init+0x0/0x2e returned 0 after 42 usecs
[    6.201555] calling  init_sel_fs+0x0/0x116 @ 1
[    6.206934] initcall init_sel_fs+0x0/0x116 returned 0 after 0 usecs
[    6.214264] calling  selnl_init+0x0/0x7c @ 1
[    6.219405] initcall selnl_init+0x0/0x7c returned 0 after 65 usecs
[    6.226554] calling  sel_netif_init+0x0/0x36 @ 1
[    6.232007] initcall sel_netif_init+0x0/0x36 returned 0 after 0 usecs
[    6.239444] calling  sel_netnode_init+0x0/0x33 @ 1
[    6.245034] initcall sel_netnode_init+0x0/0x33 returned 0 after 0 usecs
[    6.253171] calling  sel_netport_init+0x0/0x33 @ 1
[    6.260092] initcall sel_netport_init+0x0/0x33 returned 0 after 0 usecs
[    6.269718] calling  aurule_init+0x0/0x2a @ 1
[    6.275995] initcall aurule_init+0x0/0x2a returned 0 after 3 usecs
[    6.285122] calling  crypto_algapi_init+0x0/0xc @ 1
[    6.292736] initcall crypto_algapi_init+0x0/0xc returned 0 after 10 usecs
[    6.301364] calling  jent_mod_init+0x0/0x2d @ 1
[    6.316866] initcall jent_mod_init+0x0/0x2d returned 0 after 9791 usecs
[    6.324920] calling  asymmetric_key_init+0x0/0xc @ 1
[    6.330960] Key type asymmetric registered
[    6.335903] initcall asymmetric_key_init+0x0/0xc returned 0 after 4895 usecs
[    6.344170] calling  x509_key_init+0x0/0xc @ 1
[    6.350189] Asymmetric key parser 'x509' registered
[    6.356649] initcall x509_key_init+0x0/0xc returned 0 after 6437 usecs
[    6.364272] calling  proc_genhd_init+0x0/0x41 @ 1
[    6.369867] initcall proc_genhd_init+0x0/0x41 returned 0 after 30 usecs
[    6.377579] calling  bsg_init+0x0/0x113 @ 1
[    6.382609] Block layer SCSI generic (bsg) driver version 0.4 loaded (major 251)
[    6.391133] initcall bsg_init+0x0/0x113 returned 0 after 8358 usecs
[    6.398356] calling  deadline_init+0x0/0xc @ 1
[    6.403594] io scheduler mq-deadline registered
[    6.408912] initcall deadline_init+0x0/0xc returned 0 after 5244 usecs
[    6.416522] calling  kyber_init+0x0/0xc @ 1
[    6.421610] io scheduler kyber registered
[    6.426510] initcall kyber_init+0x0/0xc returned 0 after 4784 usecs
[    6.434036] calling  mod_init+0x0/0x7 @ 1
[    6.438965] initcall mod_init+0x0/0x7 returned 0 after 0 usecs
[    6.445986] calling  sg_pool_init+0x0/0xb4 @ 1
[    6.451542] initcall sg_pool_init+0x0/0xb4 returned 0 after 212 usecs
[    6.459124] calling  pcie_portdrv_init+0x0/0x39 @ 1
[    6.465170] initcall pcie_portdrv_init+0x0/0x39 returned 0 after 62 usecs
[    6.473230] calling  pci_proc_init+0x0/0x68 @ 1
[    6.478680] initcall pci_proc_init+0x0/0x68 returned 0 after 42 usecs
[    6.486267] calling  pci_hotplug_init+0x0/0x7 @ 1
[    6.491879] initcall pci_hotplug_init+0x0/0x7 returned 0 after 0 usecs
[    6.499621] calling  efifb_driver_init+0x0/0xe @ 1
[    6.505962] initcall efifb_driver_init+0x0/0xe returned 0 after 31 usecs
[    6.514422] calling  ged_driver_init+0x0/0xe @ 1
[    6.521400] initcall ged_driver_init+0x0/0xe returned 0 after 98 usecs
[    6.531031] calling  acpi_ac_init+0x0/0x92 @ 1
[    6.538449] initcall acpi_ac_init+0x0/0x92 returned 0 after 768 usecs
[    6.547885] calling  acpi_button_driver_init+0x0/0x52 @ 1
[    6.555776] input: Power Button as /devices/LNXSYSTM:00/LNXPWRBN:00/input/input0
[    6.565536] ACPI: Power Button [PWRF]
[    6.570380] initcall acpi_button_driver_init+0x0/0x52 returned 0 after 15131 usecs
[    6.579329] calling  acpi_fan_driver_init+0x0/0xe @ 1
[    6.585433] initcall acpi_fan_driver_init+0x0/0xe returned 0 after 28 usecs
[    6.593762] calling  acpi_video_init+0x0/0xcb @ 1
[    6.599695] initcall acpi_video_init+0x0/0xcb returned 0 after 195 usecs
[    6.607577] calling  acpi_processor_driver_init+0x0/0xad @ 1
[    6.615415] initcall acpi_processor_driver_init+0x0/0xad returned 0 after 803 usecs
[    6.624741] calling  acpi_thermal_init+0x0/0x71 @ 1
[    6.631012] initcall acpi_thermal_init+0x0/0x71 returned 0 after 290 usecs
[    6.639435] calling  acpi_battery_init+0x0/0x32 @ 1
[    6.645477] initcall acpi_battery_init+0x0/0x32 returned 0 after 63 usecs
[    6.653748] calling  bgrt_init+0x0/0xb6 @ 1
[    6.658971] initcall bgrt_init+0x0/0xb6 returned -19 after 0 usecs
[    6.666552] calling  gpio_clk_driver_init+0x0/0xe @ 1
[    6.672879] initcall gpio_clk_driver_init+0x0/0xe returned 0 after 80 usecs
[    6.681223] calling  plt_clk_driver_init+0x0/0xe @ 1
[    6.687334] initcall plt_clk_driver_init+0x0/0xe returned 0 after 24 usecs
[    6.695579] calling  virtio_pci_driver_init+0x0/0x15 @ 1
[    6.702236] initcall virtio_pci_driver_init+0x0/0x15 returned 0 after 75 usecs
[    6.711135] calling  n_null_init+0x0/0x1e @ 1
[    6.716636] initcall n_null_init+0x0/0x1e returned 0 after 55 usecs
[    6.724438] calling  pty_init+0x0/0x1e8 @ 1
[    6.732032] initcall pty_init+0x0/0x1e8 returned 0 after 979 usecs
[    6.741363] calling  sysrq_init+0x0/0x62 @ 1
[    6.747969] initcall sysrq_init+0x0/0x62 returned 0 after 10 usecs
[    6.757408] calling  serial8250_init+0x0/0x17e @ 1
[    6.764627] Serial: 8250/16550 driver, 4 ports, IRQ sharing enabled
[    6.776204] 00:03: ttyS0 at I/O 0x3f8 (irq = 4, base_baud = 115200) is a 16550A
[    6.790292] initcall serial8250_init+0x0/0x17e returned 0 after 25091 usecs
[    6.800755] calling  serial_pci_driver_init+0x0/0x15 @ 1
[    6.809076] initcall serial_pci_driver_init+0x0/0x15 returned 0 after 332 usecs
[    6.820015] calling  exar_pci_driver_init+0x0/0x15 @ 1
[    6.827014] initcall exar_pci_driver_init+0x0/0x15 returned 0 after 177 usecs
[    6.835630] calling  lpss8250_pci_driver_init+0x0/0x15 @ 1
[    6.842317] initcall lpss8250_pci_driver_init+0x0/0x15 returned 0 after 43 usecs
[    6.851189] calling  mid8250_pci_driver_init+0x0/0x15 @ 1
[    6.857741] initcall mid8250_pci_driver_init+0x0/0x15 returned 0 after 31 usecs
[    6.866607] calling  virtio_console_init+0x0/0xff @ 1
[    6.873066] initcall virtio_console_init+0x0/0xff returned 0 after 332 usecs
[    6.881608] calling  hpet_init+0x0/0x64 @ 1
[    6.887493] initcall hpet_init+0x0/0x64 returned 0 after 650 usecs
[    6.895102] calling  nvram_module_init+0x0/0x83 @ 1
[    6.901357] Non-volatile memory driver v1.3
[    6.906633] initcall nvram_module_init+0x0/0x83 returned 0 after 5282 usecs
[    6.915144] calling  hwrng_modinit+0x0/0x8a @ 1
[    6.921937] initcall hwrng_modinit+0x0/0x8a returned 0 after 133 usecs
[    6.935137] calling  mod_init+0x0/0x48 @ 1
[    6.941575] initcall mod_init+0x0/0x48 returned -19 after 0 usecs
[    6.950087] calling  agp_init+0x0/0x23 @ 1
[    6.955175] Linux agpgart interface v0.103
[    6.960286] initcall agp_init+0x0/0x23 returned 0 after 4988 usecs
[    6.967924] calling  agp_amd64_mod_init+0x0/0x5 @ 1
[    6.974293] initcall agp_amd64_mod_init+0x0/0x5 returned -19 after 180 usecs
[    6.983252] calling  agp_intel_init+0x0/0x28 @ 1
[    6.989741] initcall agp_intel_init+0x0/0x28 returned 0 after 644 usecs
[    6.999152] calling  drm_kms_helper_init+0x0/0x7 @ 1
[    7.005532] initcall drm_kms_helper_init+0x0/0x7 returned 0 after 27 usecs
[    7.014037] calling  drm_core_init+0x0/0xbd @ 1
[    7.019871] initcall drm_core_init+0x0/0xbd returned 0 after 247 usecs
[    7.027981] calling  i915_init+0x0/0x6b @ 1
[    7.033746] initcall i915_init+0x0/0x6b returned 0 after 529 usecs
[    7.041279] calling  cn_proc_init+0x0/0x35 @ 1
[    7.047044] initcall cn_proc_init+0x0/0x35 returned 0 after 260 usecs
[    7.055207] calling  topology_sysfs_init+0x0/0x27 @ 1
[    7.061521] initcall topology_sysfs_init+0x0/0x27 returned 0 after 56 usecs
[    7.070214] calling  cacheinfo_sysfs_init+0x0/0x27 @ 1
[    7.077122] initcall cacheinfo_sysfs_init+0x0/0x27 returned 0 after 514 usecs
[    7.087038] calling  loop_init+0x0/0x16a @ 1
[    7.119415] loop: module loaded
[    7.123603] initcall loop_init+0x0/0x16a returned 0 after 29143 usecs
[    7.132280] calling  mac_hid_init+0x0/0x21 @ 1
[    7.138935] initcall mac_hid_init+0x0/0x21 returned 0 after 9 usecs
[    7.147629] calling  spi_transport_init+0x0/0x74 @ 1
[    7.154598] initcall spi_transport_init+0x0/0x74 returned 0 after 89 usecs
[    7.165581] calling  init_sd+0x0/0x18c @ 1
[    7.172204] initcall init_sd+0x0/0x18c returned 0 after 179 usecs
[    7.181780] calling  init_sr+0x0/0x43 @ 1
[    7.187727] initcall init_sr+0x0/0x43 returned 0 after 40 usecs
[    7.195946] calling  init_sg+0x0/0x1c0 @ 1
[    7.201706] initcall init_sg+0x0/0x1c0 returned 0 after 106 usecs
[    7.210116] calling  ahci_pci_driver_init+0x0/0x15 @ 1
[    7.217415] ahci 0000:00:1f.2: version 3.0
[    7.225377] PCI Interrupt Link [GSIA] enabled at IRQ 16
[    7.241578] ahci 0000:00:1f.2: AHCI 0001.0000 32 slots 6 ports 1.5 Gbps 0x3f impl SATA mode
[    7.253148] ahci 0000:00:1f.2: flags: 64bit ncq only 
[    7.272206] scsi host0: ahci
[    7.278647] scsi host1: ahci
[    7.283734] scsi host2: ahci
[    7.288716] scsi host3: ahci
[    7.294139] scsi host4: ahci
[    7.299506] scsi host5: ahci
[    7.305341] ata1: SATA max UDMA/133 abar m4096@0xfebf1000 port 0xfebf1100 irq 24
[    7.316775] ata2: SATA max UDMA/133 abar m4096@0xfebf1000 port 0xfebf1180 irq 24
[    7.327951] ata3: SATA max UDMA/133 abar m4096@0xfebf1000 port 0xfebf1200 irq 24
[    7.339168] ata4: SATA max UDMA/133 abar m4096@0xfebf1000 port 0xfebf1280 irq 24
[    7.350028] ata5: SATA max UDMA/133 abar m4096@0xfebf1000 port 0xfebf1300 irq 24
[    7.361188] ata6: SATA max UDMA/133 abar m4096@0xfebf1000 port 0xfebf1380 irq 24
[    7.372839] initcall ahci_pci_driver_init+0x0/0x15 returned 0 after 151895 usecs
[    7.386178] calling  piix_init+0x0/0x26 @ 1
[    7.393171] initcall piix_init+0x0/0x26 returned 0 after 114 usecs
[    7.403381] calling  amd_pci_driver_init+0x0/0x15 @ 1
[    7.412158] initcall amd_pci_driver_init+0x0/0x15 returned 0 after 84 usecs
[    7.423113] calling  oldpiix_pci_driver_init+0x0/0x15 @ 1
[    7.432268] initcall oldpiix_pci_driver_init+0x0/0x15 returned 0 after 111 usecs
[    7.444140] calling  sch_pci_driver_init+0x0/0x15 @ 1
[    7.452569] initcall sch_pci_driver_init+0x0/0x15 returned 0 after 534 usecs
[    7.464290] calling  net_olddevs_init+0x0/0x55 @ 1
[    7.473206] initcall net_olddevs_init+0x0/0x55 returned 0 after 42 usecs
[    7.484448] calling  blackhole_netdev_init+0x0/0x78 @ 1
[    7.493674] initcall blackhole_netdev_init+0x0/0x78 returned 0 after 208 usecs
[    7.506117] calling  phy_module_init+0x0/0x13 @ 1
[    7.514485] initcall phy_module_init+0x0/0x13 returned 0 after 337 usecs
[    7.526064] calling  tg3_driver_init+0x0/0x15 @ 1
[    7.534218] initcall tg3_driver_init+0x0/0x15 returned 0 after 69 usecs
[    7.545528] calling  e100_init_module+0x0/0x4c @ 1
[    7.553663] e100: Intel(R) PRO/100 Network Driver
[    7.561774] e100: Copyright(c) 1999-2006 Intel Corporation
[    7.571373] initcall e100_init_module+0x0/0x4c returned 0 after 17308 usecs
[    7.583022] calling  e1000_init_module+0x0/0x72 @ 1
[    7.590566] e1000: Intel(R) PRO/1000 Network Driver
[    7.598112] e1000: Copyright (c) 1999-2006 Intel Corporation.
[    7.606934] initcall e1000_init_module+0x0/0x72 returned 0 after 15962 usecs
[    7.619238] calling  e1000_init_module+0x0/0x2d @ 1
[    7.628127] e1000e: Intel(R) PRO/1000 Network Driver
[    7.637135] e1000e: Copyright(c) 1999 - 2015 Intel Corporation.
[    7.648113] initcall e1000_init_module+0x0/0x2d returned 0 after 19548 usecs
[    7.660396] calling  sky2_init_module+0x0/0x21 @ 1
[    7.668622] sky2: driver version 1.30
[    7.674809] initcall sky2_init_module+0x0/0x21 returned 0 after 6039 usecs
[    7.686294] calling  forcedeth_pci_driver_init+0x0/0x15 @ 1
[    7.695917] initcall forcedeth_pci_driver_init+0x0/0x15 returned 0 after 95 usecs
[    7.708196] calling  rtl8139_init_module+0x0/0x15 @ 1
[    7.717121] initcall rtl8139_init_module+0x0/0x15 returned 0 after 98 usecs
[    7.729435] calling  rtl8169_pci_driver_init+0x0/0x15 @ 1
[    7.739229] initcall rtl8169_pci_driver_init+0x0/0x15 returned 0 after 108 usecs
[    7.752218] calling  cdrom_init+0x0/0xc @ 1
[    7.759713] initcall cdrom_init+0x0/0xc returned 0 after 127 usecs
[    7.770362] calling  nonstatic_sysfs_init+0x0/0xc @ 1
[    7.779245] initcall nonstatic_sysfs_init+0x0/0xc returned 0 after 56 usecs
[    7.791376] calling  yenta_cardbus_driver_init+0x0/0x15 @ 1
[    7.801149] initcall yenta_cardbus_driver_init+0x0/0x15 returned 0 after 102 usecs
[    7.814000] calling  mon_init+0x0/0x144 @ 1
[    7.830429] initcall mon_init+0x0/0x144 returned 0 after 8809 usecs
[    7.840009] calling  ehci_hcd_init+0x0/0x55 @ 1
[    7.846737] ehci_hcd: USB 2.0 'Enhanced' Host Controller (EHCI) Driver
[    7.857342] initcall ehci_hcd_init+0x0/0x55 returned 0 after 10354 usecs
[    7.867116] calling  ehci_pci_init+0x0/0x64 @ 1
[    7.874069] ehci-pci: EHCI PCI platform driver
[    7.880626] initcall ehci_pci_init+0x0/0x64 returned 0 after 6401 usecs
[    7.890479] calling  ohci_hcd_mod_init+0x0/0x4d @ 1
[    7.897727] ohci_hcd: USB 1.1 'Open' Host Controller (OHCI) Driver
[    7.907126] initcall ohci_hcd_mod_init+0x0/0x4d returned 0 after 9175 usecs
[    7.917060] calling  ohci_pci_init+0x0/0x64 @ 1
[    7.923895] ohci-pci: OHCI PCI platform driver
[    7.930965] initcall ohci_pci_init+0x0/0x64 returned 0 after 7029 usecs
[    7.940650] calling  uhci_hcd_init+0x0/0xa6 @ 1
[    7.947223] uhci_hcd: USB Universal Host Controller Interface driver
[    7.956288] initcall uhci_hcd_init+0x0/0xa6 returned 0 after 8851 usecs
[    7.965615] calling  xhci_hcd_init+0x0/0x1e @ 1
[    7.972271] initcall xhci_hcd_init+0x0/0x1e returned 0 after 96 usecs
[    7.981318] calling  xhci_pci_init+0x0/0x49 @ 1
[    7.987744] initcall xhci_pci_init+0x0/0x49 returned 0 after 413 usecs
[    7.997579] calling  usblp_driver_init+0x0/0x15 @ 1
[    8.005208] usbcore: registered new interface driver usblp
[    8.013357] initcall usblp_driver_init+0x0/0x15 returned 0 after 8079 usecs
[    8.023597] calling  usb_storage_driver_init+0x0/0x2a @ 1
[    8.032122] usbcore: registered new interface driver usb-storage
[    8.041852] initcall usb_storage_driver_init+0x0/0x2a returned 0 after 9726 usecs
[    8.053423] calling  i8042_init+0x0/0x4c2 @ 1
[    8.060581] i8042: PNP: PS/2 Controller [PNP0303:KBD,PNP0f13:MOU] at 0x60,0x64 irq 1,12
[    8.084666] serio: i8042 KBD port at 0x60,0x64 irq 1
[    8.093238] serio: i8042 AUX port at 0x60,0x64 irq 12
[    8.102212] initcall i8042_init+0x0/0x4c2 returned 0 after 40908 usecs
[    8.113107] calling  serport_init+0x0/0x2c @ 1
[    8.120204] initcall serport_init+0x0/0x2c returned 0 after 2 usecs
[    8.130866] calling  input_leds_init+0x0/0xc @ 1
[    8.137833] initcall input_leds_init+0x0/0xc returned 0 after 20 usecs
[    8.147296] calling  evdev_init+0x0/0xc @ 1
[    8.157251] initcall evdev_init+0x0/0xc returned 0 after 3339 usecs
[    8.167009] calling  atkbd_init+0x0/0x21 @ 1
[    8.173825] initcall atkbd_init+0x0/0x21 returned 0 after 96 usecs
[    8.183576] calling  psmouse_init+0x0/0x7f @ 1
[    8.190647] initcall psmouse_init+0x0/0x7f returned 0 after 294 usecs
[    8.201177] calling  cmos_init+0x0/0x73 @ 1
[    8.208430] rtc_cmos 00:04: RTC can wake from S4
[    8.226869] input: AT Translated Set 2 keyboard as /devices/platform/i8042/serio0/input/input1
[    8.298988] ata5: SATA link down (SStatus 0 SControl 300)
[    8.322758] ata1: SATA link down (SStatus 0 SControl 300)
[    8.334778] ata4: SATA link down (SStatus 0 SControl 300)
[    8.346059] ata3: SATA link up 1.5 Gbps (SStatus 113 SControl 300)
[    8.359347] ata3.00: ATAPI: QEMU DVD-ROM, 2.5+, max UDMA/100
[    8.375708] ata3.00: applying bridge limits
[    8.383699] ata3.00: configured for UDMA/100
[    8.394795] ata2: SATA link down (SStatus 0 SControl 300)
[    8.440718] scsi 2:0:0:0: CD-ROM            QEMU     QEMU DVD-ROM     2.5+ PQ: 0 ANSI: 5
[    8.472058] rtc_cmos 00:04: registered as rtc0
[    8.480611] rtc_cmos 00:04: alarms up to one day, y3k, 242 bytes nvram, hpet irqs
[    8.492709] initcall cmos_init+0x0/0x73 returned 0 after 278051 usecs
[    8.502725] calling  smbalert_driver_init+0x0/0xe @ 1
[    8.510586] initcall smbalert_driver_init+0x0/0xe returned 0 after 87 usecs
[    8.521595] calling  i2c_i801_init+0x0/0xc5 @ 1
[    8.538609] i801_smbus 0000:00:1f.3: SMBus using PCI interrupt
[    8.549652] i2c i2c-0: 1/1 memory slots populated (from DMI)
[    8.559139] i2c i2c-0: Memory type 0x07 not supported yet, not instantiating SPD
[    8.571883] initcall i2c_i801_init+0x0/0xc5 returned 0 after 42321 usecs
[    8.582593] calling  ptp_kvm_init+0x0/0xf0 @ 1
[    8.593336] ata6: SATA link down (SStatus 0 SControl 300)
[    8.619449] sr 2:0:0:0: [sr0] scsi3-mmc drive: 4x/4x cd/rw xa/form2 tray
[    8.630186] cdrom: Uniform CD-ROM driver Revision: 3.20
[    8.650156] initcall ptp_kvm_init+0x0/0xf0 returned 0 after 58433 usecs
[    8.660977] calling  dm_init+0x0/0x3c @ 1
[    8.689771] sr 2:0:0:0: Attached scsi CD-ROM sr0
[    8.699796] sr 2:0:0:0: Attached scsi generic sg0 type 5
[    8.710272] device-mapper: ioctl: 4.43.0-ioctl (2020-10-01) initialised: dm-devel@redhat.com
[    8.723515] initcall dm_init+0x0/0x3c returned 0 after 54526 usecs
[    8.734019] calling  dm_mirror_init+0x0/0x29 @ 1
[    8.741949] initcall dm_mirror_init+0x0/0x29 returned 0 after 28 usecs
[    8.753126] calling  dm_dirty_log_init+0x0/0x4f @ 1
[    8.761660] initcall dm_dirty_log_init+0x0/0x4f returned 0 after 552 usecs
[    8.773592] calling  dm_zero_init+0x0/0x29 @ 1
[    8.780401] initcall dm_zero_init+0x0/0x29 returned 0 after 3 usecs
[    8.789430] calling  intel_pstate_init+0x0/0x4a4 @ 1
[    8.797296] intel_pstate: CPU model not supported
[    8.803777] initcall intel_pstate_init+0x0/0x4a4 returned -19 after 6991 usecs
[    8.815340] calling  haltpoll_init+0x0/0xc0 @ 1
[    8.822646] initcall haltpoll_init+0x0/0xc0 returned -19 after 270 usecs
[    8.833641] calling  efivars_sysfs_init+0x0/0x30 @ 1
[    8.842696] initcall efivars_sysfs_init+0x0/0x30 returned 0 after 85 usecs
[    8.852702] calling  esrt_sysfs_init+0x0/0x2a2 @ 1
[    8.860410] initcall esrt_sysfs_init+0x0/0x2a2 returned -38 after 115 usecs
[    8.871165] calling  hid_init+0x0/0x5c @ 1
[    8.878231] hid: raw HID events driver (C) Jiri Kosina
[    8.887855] initcall hid_init+0x0/0x5c returned 0 after 10009 usecs
[    8.898782] calling  hid_generic_init+0x0/0x15 @ 1
[    8.907567] initcall hid_generic_init+0x0/0x15 returned 0 after 338 usecs
[    8.918973] calling  a4_driver_init+0x0/0x15 @ 1
[    8.926801] initcall a4_driver_init+0x0/0x15 returned 0 after 39 usecs
[    8.937677] calling  apple_driver_init+0x0/0x15 @ 1
[    8.945814] initcall apple_driver_init+0x0/0x15 returned 0 after 84 usecs
[    8.956642] calling  belkin_driver_init+0x0/0x15 @ 1
[    8.964878] initcall belkin_driver_init+0x0/0x15 returned 0 after 81 usecs
[    8.975773] calling  ch_driver_init+0x0/0x15 @ 1
[    8.983419] initcall ch_driver_init+0x0/0x15 returned 0 after 134 usecs
[    8.992983] calling  ch_driver_init+0x0/0x15 @ 1
[    8.999499] initcall ch_driver_init+0x0/0x15 returned 0 after 32 usecs
[    9.010131] calling  cp_driver_init+0x0/0x15 @ 1
[    9.018058] initcall cp_driver_init+0x0/0x15 returned 0 after 34 usecs
[    9.029251] calling  ez_driver_init+0x0/0x15 @ 1
[    9.037525] initcall ez_driver_init+0x0/0x15 returned 0 after 34 usecs
[    9.048499] calling  gyration_driver_init+0x0/0x15 @ 1
[    9.057591] initcall gyration_driver_init+0x0/0x15 returned 0 after 46 usecs
[    9.069974] calling  ite_driver_init+0x0/0x15 @ 1
[    9.078506] initcall ite_driver_init+0x0/0x15 returned 0 after 143 usecs
[    9.088030] calling  ks_driver_init+0x0/0x15 @ 1
[    9.095600] initcall ks_driver_init+0x0/0x15 returned 0 after 35 usecs
[    9.107127] calling  lg_driver_init+0x0/0x15 @ 1
[    9.114899] initcall lg_driver_init+0x0/0x15 returned 0 after 168 usecs
[    9.124923] calling  lg_g15_driver_init+0x0/0x15 @ 1
[    9.132485] initcall lg_g15_driver_init+0x0/0x15 returned 0 after 94 usecs
[    9.143129] calling  ms_driver_init+0x0/0x15 @ 1
[    9.150827] initcall ms_driver_init+0x0/0x15 returned 0 after 124 usecs
[    9.160315] calling  mr_driver_init+0x0/0x15 @ 1
[    9.168076] initcall mr_driver_init+0x0/0x15 returned 0 after 40 usecs
[    9.176703] calling  ntrig_driver_init+0x0/0x15 @ 1
[    9.183822] initcall ntrig_driver_init+0x0/0x15 returned 0 after 60 usecs
[    9.193922] calling  pl_driver_init+0x0/0x15 @ 1
[    9.201481] initcall pl_driver_init+0x0/0x15 returned 0 after 218 usecs
[    9.212963] calling  pl_driver_init+0x0/0x15 @ 1
[    9.221022] initcall pl_driver_init+0x0/0x15 returned 0 after 131 usecs
[    9.231989] calling  redragon_driver_init+0x0/0x15 @ 1
[    9.240044] initcall redragon_driver_init+0x0/0x15 returned 0 after 40 usecs
[    9.250880] calling  samsung_driver_init+0x0/0x15 @ 1
[    9.259424] initcall samsung_driver_init+0x0/0x15 returned 0 after 44 usecs
[    9.271045] calling  sony_init+0x0/0x38 @ 1
[    9.278710] initcall sony_init+0x0/0x38 returned 0 after 49 usecs
[    9.289942] calling  sp_driver_init+0x0/0x15 @ 1
[    9.298686] initcall sp_driver_init+0x0/0x15 returned 0 after 80 usecs
[    9.310510] calling  ts_driver_init+0x0/0x15 @ 1
[    9.318901] initcall ts_driver_init+0x0/0x15 returned 0 after 92 usecs
[    9.330101] calling  hid_init+0x0/0x58 @ 1
[    9.337453] usbcore: registered new interface driver usbhid
[    9.347302] usbhid: USB HID core driver
[    9.354519] initcall hid_init+0x0/0x58 returned 0 after 16886 usecs
[    9.366189] calling  eeepc_laptop_init+0x0/0x57 @ 1
[    9.375742] initcall eeepc_laptop_init+0x0/0x57 returned -19 after 449 usecs
[    9.388600] calling  pmc_atom_init+0x0/0x27a @ 1
[    9.397008] initcall pmc_atom_init+0x0/0x27a returned -19 after 9 usecs
[    9.409756] calling  alsa_hwdep_init+0x0/0x5e @ 1
[    9.421873] initcall alsa_hwdep_init+0x0/0x5e returned 0 after 2551 usecs
[    9.431297] calling  alsa_timer_init+0x0/0x1f9 @ 1
[    9.450450] initcall alsa_timer_init+0x0/0x1f9 returned 0 after 11526 usecs
[    9.462213] calling  snd_hrtimer_init+0x0/0x117 @ 1
[    9.469638] initcall snd_hrtimer_init+0x0/0x117 returned 0 after 5 usecs
[    9.480349] calling  alsa_pcm_init+0x0/0x64 @ 1
[    9.487777] initcall alsa_pcm_init+0x0/0x64 returned 0 after 76 usecs
[    9.497508] calling  alsa_seq_init+0x0/0x4a @ 1
[    9.543913] initcall alsa_seq_init+0x0/0x4a returned 0 after 37902 usecs
[    9.554785] calling  alsa_seq_dummy_init+0x0/0x9c @ 1
[    9.563718] initcall alsa_seq_dummy_init+0x0/0x9c returned 0 after 281 usecs
[    9.575826] calling  azx_driver_init+0x0/0x15 @ 1
[    9.584797] initcall azx_driver_init+0x0/0x15 returned 0 after 1204 usecs
[    9.595704] calling  sock_diag_init+0x0/0x2a @ 1
[    9.607546] initcall sock_diag_init+0x0/0x2a returned 0 after 4874 usecs
[    9.619082] calling  blackhole_init+0x0/0xc @ 1
[    9.626839] initcall blackhole_init+0x0/0xc returned 0 after 164 usecs
[    9.637855] calling  nfnetlink_init+0x0/0x61 @ 1
[    9.645898] initcall nfnetlink_init+0x0/0x61 returned 0 after 694 usecs
[    9.655484] calling  nfnetlink_log_init+0x0/0x99 @ 1
[    9.664584] initcall nfnetlink_log_init+0x0/0x99 returned 0 after 789 usecs
[    9.676751] calling  nf_conntrack_standalone_init+0x0/0x87 @ 1
[    9.692828] initcall nf_conntrack_standalone_init+0x0/0x87 returned 0 after 6033 usecs
[    9.706212] calling  ctnetlink_init+0x0/0x83 @ 1
[    9.714600] initcall ctnetlink_init+0x0/0x83 returned 0 after 108 usecs
[    9.725783] calling  nf_conntrack_ftp_init+0x0/0x12c @ 1
[    9.734626] initcall nf_conntrack_ftp_init+0x0/0x12c returned 0 after 106 usecs
[    9.746182] calling  nf_conntrack_irc_init+0x0/0x129 @ 1
[    9.754701] initcall nf_conntrack_irc_init+0x0/0x129 returned 0 after 77 usecs
[    9.766228] calling  nf_conntrack_sip_init+0x0/0x172 @ 1
[    9.774750] initcall nf_conntrack_sip_init+0x0/0x172 returned 0 after 9 usecs
[    9.786265] calling  nf_nat_init+0x0/0xf0 @ 1
[    9.793906] initcall nf_nat_init+0x0/0xf0 returned 0 after 884 usecs
[    9.804852] calling  nf_nat_ftp_init+0x0/0x2a @ 1
[    9.812232] initcall nf_nat_ftp_init+0x0/0x2a returned 0 after 42 usecs
[    9.823267] calling  nf_nat_irc_init+0x0/0x2a @ 1
[    9.830686] initcall nf_nat_irc_init+0x0/0x2a returned 0 after 2 usecs
[    9.841328] calling  nf_nat_sip_init+0x0/0x36 @ 1
[    9.848854] initcall nf_nat_sip_init+0x0/0x36 returned 0 after 3 usecs
[    9.859086] calling  xt_init+0x0/0x113 @ 1
[    9.866156] initcall xt_init+0x0/0x113 returned 0 after 454 usecs
[    9.875271] calling  tcpudp_mt_init+0x0/0x11 @ 1
[    9.882834] initcall tcpudp_mt_init+0x0/0x11 returned 0 after 273 usecs
[    9.893250] calling  connsecmark_tg_init+0x0/0xc @ 1
[    9.900956] initcall connsecmark_tg_init+0x0/0xc returned 0 after 2 usecs
[    9.911586] calling  nflog_tg_init+0x0/0xc @ 1
[    9.918630] initcall nflog_tg_init+0x0/0xc returned 0 after 1 usecs
[    9.928075] calling  secmark_tg_init+0x0/0x11 @ 1
[    9.935705] initcall secmark_tg_init+0x0/0x11 returned 0 after 2 usecs
[    9.946506] calling  tcpmss_tg_init+0x0/0x11 @ 1
[    9.954345] initcall tcpmss_tg_init+0x0/0x11 returned 0 after 2 usecs
[    9.964375] calling  conntrack_mt_init+0x0/0x11 @ 1
[    9.972637] initcall conntrack_mt_init+0x0/0x11 returned 0 after 3 usecs
[    9.984092] calling  policy_mt_init+0x0/0x11 @ 1
[    9.992061] initcall policy_mt_init+0x0/0x11 returned 0 after 3 usecs
[   10.003011] calling  state_mt_init+0x0/0xc @ 1
[   10.010547] initcall state_mt_init+0x0/0xc returned 0 after 2 usecs
[   10.021349] calling  gre_offload_init+0x0/0x48 @ 1
[   10.029826] initcall gre_offload_init+0x0/0x48 returned 0 after 275 usecs
[   10.040342] calling  sysctl_ipv4_init+0x0/0x46 @ 1
[   10.049600] initcall sysctl_ipv4_init+0x0/0x46 returned 0 after 839 usecs
[   10.060425] calling  tunnel4_init+0x0/0x58 @ 1
[   10.068589] initcall tunnel4_init+0x0/0x58 returned 0 after 143 usecs
[   10.079349] calling  nf_defrag_init+0x0/0xc @ 1
[   10.087506] initcall nf_defrag_init+0x0/0xc returned 0 after 78 usecs
[   10.098533] calling  ip_tables_init+0x0/0x8d @ 1
[   10.106438] initcall ip_tables_init+0x0/0x8d returned 0 after 254 usecs
[   10.117685] calling  iptable_filter_init+0x0/0x4c @ 1
[   10.128894] initcall iptable_filter_init+0x0/0x4c returned 0 after 2385 usecs
[   10.139623] calling  iptable_mangle_init+0x0/0xb8 @ 1
[   10.147769] initcall iptable_mangle_init+0x0/0xb8 returned 0 after 137 usecs
[   10.158533] calling  reject_tg_init+0x0/0xc @ 1
[   10.166460] initcall reject_tg_init+0x0/0xc returned 0 after 2 usecs
[   10.177147] calling  cubictcp_register+0x0/0x53 @ 1
[   10.189214] initcall cubictcp_register+0x0/0x53 returned 0 after 322 usecs
[   10.198790] calling  xfrm_user_init+0x0/0x45 @ 1
[   10.205093] Initializing XFRM netlink socket
[   10.212302] initcall xfrm_user_init+0x0/0x45 returned 0 after 7190 usecs
[   10.222102] calling  inet6_init+0x0/0x35e @ 1
[   10.231741] NET: Registered protocol family 10
[   10.268135] input: ImExPS/2 Generic Explorer Mouse as /devices/platform/i8042/serio1/input/input3
[   10.508462] srcud-torture: rcu_torture_read_exit: End of episode
[   10.521806] Segment Routing with IPv6
[   10.527051] initcall inet6_init+0x0/0x35e returned 0 after 291595 usecs
[   10.536177] calling  ah6_init+0x0/0x71 @ 1
[   10.542214] initcall ah6_init+0x0/0x71 returned 0 after 343 usecs
[   10.550756] calling  esp6_init+0x0/0x71 @ 1
[   10.556544] initcall esp6_init+0x0/0x71 returned 0 after 3 usecs
[   10.564863] calling  ip6_tables_init+0x0/0x8d @ 1
[   10.571622] initcall ip6_tables_init+0x0/0x8d returned 0 after 58 usecs
[   10.581539] calling  ip6table_filter_init+0x0/0x4c @ 1
[   10.588649] initcall ip6table_filter_init+0x0/0x4c returned 0 after 199 usecs
[   10.599100] calling  ip6table_mangle_init+0x0/0xb8 @ 1
[   10.607117] initcall ip6table_mangle_init+0x0/0xb8 returned 0 after 340 usecs
[   10.618554] calling  nf_defrag_init+0x0/0x45 @ 1
[   10.625919] initcall nf_defrag_init+0x0/0x45 returned 0 after 160 usecs
[   10.635605] calling  ipv6header_mt6_init+0x0/0xc @ 1
[   10.643130] initcall ipv6header_mt6_init+0x0/0xc returned 0 after 2 usecs
[   10.652486] calling  reject_tg6_init+0x0/0xc @ 1
[   10.659166] initcall reject_tg6_init+0x0/0xc returned 0 after 2 usecs
[   10.668812] calling  sit_init+0x0/0xc3 @ 1
[   10.675331] sit: IPv6, IPv4 and MPLS over IPv4 tunneling driver
[   10.687378] initcall sit_init+0x0/0xc3 returned 0 after 11760 usecs
[   10.697164] calling  packet_init+0x0/0x75 @ 1
[   10.703861] NET: Registered protocol family 17
[   10.710724] initcall packet_init+0x0/0x75 returned 0 after 6791 usecs
[   10.720244] calling  init_rpcsec_gss+0x0/0x60 @ 1
[   10.727659] initcall init_rpcsec_gss+0x0/0x60 returned 0 after 534 usecs
[   10.737110] calling  init_dns_resolver+0x0/0xcd @ 1
