c[?7l[2J[0mSeaBIOS (version 1.16.0-debian-1.16.0-4)
Booting from ROM...
early console in setup code
c[?7l[2J[    0.000000] Linux version 5.10.158+ (root@joelboxx.c.googlers.com) (gcc (Debian 12.2.0-3) 12.2.0, GNU ld (GNU Binutils for Debian) 2.39) #5 SMP PREEMPT Tue Dec 13 02:33:21 UTC 2022
[    0.000000] Command line: selinux=0 initcall_debug debug console=ttyS0 rcutorture.onoff_interval=1000 rcutorture.onoff_holdoff=30 rcutorture.n_barrier_cbs=4 rcutorture.stat_interval=15 rcutorture.shutdown_secs=1800 rcutorture.test_no_idle_hz=1 rcutorture.verbose=1
[    0.000000] x86/fpu: x87 FPU will use FXSAVE
[    0.000000] BIOS-provided physical RAM map:
[    0.000000] BIOS-e820: [mem 0x0000000000000000-0x000000000009fbff] usable
[    0.000000] BIOS-e820: [mem 0x000000000009fc00-0x000000000009ffff] reserved
[    0.000000] BIOS-e820: [mem 0x00000000000f0000-0x00000000000fffff] reserved
[    0.000000] BIOS-e820: [mem 0x0000000000100000-0x000000001ffdefff] usable
[    0.000000] BIOS-e820: [mem 0x000000001ffdf000-0x000000001fffffff] reserved
[    0.000000] BIOS-e820: [mem 0x00000000b0000000-0x00000000bfffffff] reserved
[    0.000000] BIOS-e820: [mem 0x00000000fed1c000-0x00000000fed1ffff] reserved
[    0.000000] BIOS-e820: [mem 0x00000000feffc000-0x00000000feffffff] reserved
[    0.000000] BIOS-e820: [mem 0x00000000fffc0000-0x00000000ffffffff] reserved
[    0.000000] NX (Execute Disable) protection: active
[    0.000000] SMBIOS 2.8 present.
[    0.000000] DMI: QEMU Standard PC (Q35 + ICH9, 2009), BIOS 1.16.0-debian-1.16.0-4 04/01/2014
[    0.000000] Hypervisor detected: KVM
[    0.000000] kvm-clock: Using msrs 4b564d01 and 4b564d00
[    0.000000] kvm-clock: cpu 0, msr 14f1f001, primary cpu clock
[    0.000073] kvm-clock: using sched offset of 2603504194 cycles
[    0.000409] clocksource: kvm-clock: mask: 0xffffffffffffffff max_cycles: 0x1cd42e4dffb, max_idle_ns: 881590591483 ns
[    0.000918] tsc: Detected 1999.999 MHz processor
[    0.014691] e820: update [mem 0x00000000-0x00000fff] usable ==> reserved
[    0.014702] e820: remove [mem 0x000a0000-0x000fffff] usable
[    0.014712] last_pfn = 0x1ffdf max_arch_pfn = 0x400000000
[    0.015779] MTRR default type: write-back
[    0.015886] MTRR fixed ranges enabled:
[    0.015890]   00000-9FFFF write-back
[    0.015892]   A0000-BFFFF uncachable
[    0.015894]   C0000-FFFFF write-protect
[    0.015896] MTRR variable ranges enabled:
[    0.015899]   0 base 00C0000000 mask FFC0000000 uncachable
[    0.015901]   1 disabled
[    0.015903]   2 disabled
[    0.015905]   3 disabled
[    0.015906]   4 disabled
[    0.015908]   5 disabled
[    0.015910]   6 disabled
[    0.015911]   7 disabled
[    0.016335] x86/PAT: Configuration [0-7]: WB  WC  UC- UC  WB  WC  UC- UC  
[    0.026347] found SMP MP-table at [mem 0x000f5ba0-0x000f5baf]
[    0.030389] check: Scanning 1 areas for low memory corruption
[    0.052749] ACPI: Early table checksum verification disabled
[    0.056340] ACPI: RSDP 0x00000000000F59E0 000014 (v00 BOCHS )
[    0.057047] ACPI: RSDT 0x000000001FFE252A 000038 (v01 BOCHS  BXPC     00000001 BXPC 00000001)
[    0.057431] ACPI: FACP 0x000000001FFE22EA 0000F4 (v03 BOCHS  BXPC     00000001 BXPC 00000001)
[    0.057797] ACPI: DSDT 0x000000001FFE0040 0022AA (v01 BOCHS  BXPC     00000001 BXPC 00000001)
[    0.057865] ACPI: FACS 0x000000001FFE0000 000040
[    0.057872] ACPI: APIC 0x000000001FFE23DE 0000B0 (v01 BOCHS  BXPC     00000001 BXPC 00000001)
[    0.057878] ACPI: HPET 0x000000001FFE248E 000038 (v01 BOCHS  BXPC     00000001 BXPC 00000001)
[    0.057884] ACPI: MCFG 0x000000001FFE24C6 00003C (v01 BOCHS  BXPC     00000001 BXPC 00000001)
[    0.057890] ACPI: WAET 0x000000001FFE2502 000028 (v01 BOCHS  BXPC     00000001 BXPC 00000001)
[    0.058004] ACPI: Reserving FACP table memory at [mem 0x1ffe22ea-0x1ffe23dd]
[    0.058009] ACPI: Reserving DSDT table memory at [mem 0x1ffe0040-0x1ffe22e9]
[    0.058011] ACPI: Reserving FACS table memory at [mem 0x1ffe0000-0x1ffe003f]
[    0.058013] ACPI: Reserving APIC table memory at [mem 0x1ffe23de-0x1ffe248d]
[    0.058015] ACPI: Reserving HPET table memory at [mem 0x1ffe248e-0x1ffe24c5]
[    0.058017] ACPI: Reserving MCFG table memory at [mem 0x1ffe24c6-0x1ffe2501]
[    0.058019] ACPI: Reserving WAET table memory at [mem 0x1ffe2502-0x1ffe2529]
[    0.059564] ACPI: Local APIC address 0xfee00000
[    0.065604] No NUMA configuration found
[    0.065609] Faking a node at [mem 0x0000000000000000-0x000000001ffdefff]
[    0.065970] NODE_DATA(0) allocated [mem 0x1ffdb000-0x1ffdefff]
[    0.069534] Zone ranges:
[    0.069750]   DMA      [mem 0x0000000000001000-0x0000000000ffffff]
[    0.069832]   DMA32    [mem 0x0000000001000000-0x000000001ffdefff]
[    0.069835]   Normal   empty
[    0.069838] Movable zone start for each node
[    0.069840] Early memory node ranges
[    0.069842]   node   0: [mem 0x0000000000001000-0x000000000009efff]
[    0.069922]   node   0: [mem 0x0000000000100000-0x000000001ffdefff]
[    0.070103] Initmem setup node 0 [mem 0x0000000000001000-0x000000001ffdefff]
[    0.070202] On node 0 totalpages: 130941
[    0.070377]   DMA zone: 64 pages used for memmap
[    0.070379]   DMA zone: 21 pages reserved
[    0.070382]   DMA zone: 3998 pages, LIFO batch:0
[    0.070384]   DMA32 zone: 1984 pages used for memmap
[    0.070386]   DMA32 zone: 126943 pages, LIFO batch:31
[    0.074050] On node 0, zone DMA: 1 pages in unavailable ranges
[    0.079675] On node 0, zone DMA: 97 pages in unavailable ranges
[    0.279039] On node 0, zone DMA32: 33 pages in unavailable ranges
[    0.282714] ACPI: PM-Timer IO Port: 0x608
[    0.282720] ACPI: Local APIC address 0xfee00000
[    0.283012] ACPI: LAPIC_NMI (acpi_id[0xff] dfl dfl lint[0x1])
[    0.284523] IOAPIC[0]: apic_id 0, version 17, address 0xfec00000, GSI 0-23
[    0.284635] ACPI: INT_SRC_OVR (bus 0 bus_irq 0 global_irq 2 dfl dfl)
[    0.284707] ACPI: INT_SRC_OVR (bus 0 bus_irq 5 global_irq 5 high level)
[    0.284709] ACPI: INT_SRC_OVR (bus 0 bus_irq 9 global_irq 9 high level)
[    0.284877] ACPI: INT_SRC_OVR (bus 0 bus_irq 10 global_irq 10 high level)
[    0.284879] ACPI: INT_SRC_OVR (bus 0 bus_irq 11 global_irq 11 high level)
[    0.284882] ACPI: IRQ0 used by override.
[    0.284884] ACPI: IRQ5 used by override.
[    0.284886] ACPI: IRQ9 used by override.
[    0.284888] ACPI: IRQ10 used by override.
[    0.284953] ACPI: IRQ11 used by override.
[    0.284957] Using ACPI (MADT) for SMP configuration information
[    0.285015] ACPI: HPET id: 0x8086a201 base: 0xfed00000
[    0.285717] smpboot: Allowing 8 CPUs, 0 hotplug CPUs
[    0.288196] PM: hibernation: Registered nosave memory: [mem 0x00000000-0x00000fff]
[    0.288288] PM: hibernation: Registered nosave memory: [mem 0x0009f000-0x0009ffff]
[    0.288290] PM: hibernation: Registered nosave memory: [mem 0x000a0000-0x000effff]
[    0.288292] PM: hibernation: Registered nosave memory: [mem 0x000f0000-0x000fffff]
[    0.288297] [mem 0x20000000-0xafffffff] available for PCI devices
[    0.288483] Booting paravirtualized kernel on KVM
[    0.289375] clocksource: refined-jiffies: mask: 0xffffffff max_cycles: 0xffffffff, max_idle_ns: 1910969940391419 ns
[    0.330932] setup_percpu: NR_CPUS:8 nr_cpumask_bits:8 nr_cpu_ids:8 nr_node_ids:1
[    0.377969] percpu: Embedded 58 pages/cpu s197776 r8192 d31600 u262144
[    0.378122] pcpu-alloc: s197776 r8192 d31600 u262144 alloc=1*2097152
[    0.378212] pcpu-alloc: [0] 0 1 2 3 4 5 6 7 
[    0.378807] kvm-guest: stealtime: cpu 0, msr 1f41bac0
[    0.379446] Built 1 zonelists, mobility grouping on.  Total pages: 128872
[    0.379449] Policy zone: DMA32
[    0.379608] Kernel command line: selinux=0 initcall_debug debug console=ttyS0 rcutorture.onoff_interval=1000 rcutorture.onoff_holdoff=30 rcutorture.n_barrier_cbs=4 rcutorture.stat_interval=15 rcutorture.shutdown_secs=1800 rcutorture.test_no_idle_hz=1 rcutorture.verbose=1
[    0.397536] Dentry cache hash table entries: 65536 (order: 7, 524288 bytes, linear)
[    0.401868] Inode-cache hash table entries: 32768 (order: 6, 262144 bytes, linear)
[    0.402901] mem auto-init: stack:all(zero), heap alloc:off, heap free:off
[    0.415572] Memory: 471528K/523764K available (16397K kernel code, 2793K rwdata, 4768K rodata, 1540K init, 7164K bss, 51976K reserved, 0K cma-reserved)
[    0.416608] SLUB: HWalign=64, Order=0-3, MinObjects=0, CPUs=8, Nodes=1
[    0.448844] Kernel/User page tables isolation: enabled
[    0.464756] rcu: Preemptible hierarchical RCU implementation.
[    0.464761] rcu: 	CONFIG_RCU_FANOUT set to non-default value of 3.
[    0.464764] rcu: 	Build-time adjustment of leaf fanout to 3.
[    0.464810] rcu: 	RCU callback double-/use-after-free debug enabled.
[    0.464901] 	Trampoline variant of Tasks RCU enabled.
[    0.464904] 	Rude variant of Tasks RCU enabled.
[    0.464906] 	Tracing variant of Tasks RCU enabled.
[    0.465035] rcu: RCU calculated value of scheduler-enlistment delay is 100 jiffies.
[    0.484907] NR_IRQS: 4352, nr_irqs: 488, preallocated irqs: 16
[    0.488368] calling  con_init+0x0/0x24f @ 0
[    0.672857] Console: colour VGA+ 80x25
[    0.672875] initcall con_init+0x0/0x24f returned 0 after 0 usecs
[    0.672879] calling  hvc_console_init+0x0/0x13 @ 0
[    0.672956] initcall hvc_console_init+0x0/0x13 returned 0 after 0 usecs
[    0.672959] calling  univ8250_console_init+0x0/0x26 @ 0
[    1.633983] printk: console [ttyS0] enabled
[    1.639449] initcall univ8250_console_init+0x0/0x26 returned 0 after 0 usecs
[    1.647492] Lock dependency validator: Copyright (c) 2006 Red Hat, Inc., Ingo Molnar
[    1.656149] ... MAX_LOCKDEP_SUBCLASSES:  8
[    1.660893] ... MAX_LOCK_DEPTH:          48
[    1.665659] ... MAX_LOCKDEP_KEYS:        8192
[    1.670595] ... CLASSHASH_SIZE:          4096
[    1.675578] ... MAX_LOCKDEP_ENTRIES:     32768
[    1.680620] ... MAX_LOCKDEP_CHAINS:      65536
[    1.685664] ... CHAINHASH_SIZE:          32768
[    1.690687]  memory used by lock dependency info: 3637 kB
[    1.696773]  per task-struct memory footprint: 1920 bytes
[    1.705347] ACPI: Core revision 20200925
[    1.712482] clocksource: hpet: mask: 0xffffffff max_cycles: 0xffffffff, max_idle_ns: 19112604467 ns
[    1.724681] APIC: Switch to symmetric I/O mode setup
[    1.745421] ..TIMER: vector=0x30 apic1=0 pin1=2 apic2=-1 pin2=-1
[    1.752418] clocksource: tsc-early: mask: 0xffffffffffffffff max_cycles: 0x39a85afc727, max_idle_ns: 881590685098 ns
[    1.764397] Calibrating delay loop (skipped) preset value.. 3999.99 BogoMIPS (lpj=1999999)
[    1.765183] pid_max: default: 32768 minimum: 301
[    1.766629] LSM: Security Framework initializing
[    1.768208] Mount-cache hash table entries: 1024 (order: 1, 8192 bytes, linear)
[    1.769205] Mountpoint-cache hash table entries: 1024 (order: 1, 8192 bytes, linear)
[    1.777344] Last level iTLB entries: 4KB 0, 2MB 0, 4MB 0
[    1.778168] Last level dTLB entries: 4KB 0, 2MB 0, 4MB 0, 1GB 0
[    1.779237] Spectre V1 : Mitigation: usercopy/swapgs barriers and __user pointer sanitization
[    1.780177] Spectre V2 : Mitigation: Retpolines
[    1.781167] Spectre V2 : Spectre v2 / SpectreRSB mitigation: Filling RSB on context switch
[    1.782167] Spectre V2 : Spectre v2 / SpectreRSB : Filling RSB on VMEXIT
[    1.783168] Speculative Store Bypass: Vulnerable
[    1.784203] MDS: Vulnerable: Clear CPU buffers attempted, no microcode
[    1.785167] MMIO Stale Data: Unknown: No mitigations
[    1.830169] Freeing SMP alternatives memory: 40K
[    1.935163] smpboot: CPU0: Intel Common KVM processor (family: 0xf, model: 0x6, stepping: 0x1)
[    1.936664] calling  init_hw_perf_events+0x0/0x6ce @ 1
[    1.937171] Performance Events: unsupported Netburst CPU model 6 no PMU driver, software events only.
[    1.938178] initcall init_hw_perf_events+0x0/0x6ce returned 0 after 976 usecs
[    1.939190] calling  init_real_mode+0x0/0x1e9 @ 1
[    1.940556] initcall init_real_mode+0x0/0x1e9 returned 0 after 0 usecs
[    1.941172] calling  trace_init_perf_perm_irq_work_exit+0x0/0x12 @ 1
[    1.942187] initcall trace_init_perf_perm_irq_work_exit+0x0/0x12 returned 0 after 0 usecs
[    1.943185] calling  validate_x2apic+0x0/0x4a @ 1
[    1.944193] initcall validate_x2apic+0x0/0x4a returned 0 after 0 usecs
[    1.945170] calling  register_nmi_cpu_backtrace_handler+0x0/0x15 @ 1
[    1.946193] initcall register_nmi_cpu_backtrace_handler+0x0/0x15 returned 0 after 0 usecs
[    1.947172] calling  kvm_setup_vsyscall_timeinfo+0x0/0xce @ 1
[    1.948172] initcall kvm_setup_vsyscall_timeinfo+0x0/0xce returned 0 after 0 usecs
[    1.949170] calling  spawn_ksoftirqd+0x0/0x38 @ 1
[    1.950294] initcall spawn_ksoftirqd+0x0/0x38 returned 0 after 0 usecs
[    1.951170] calling  migration_init+0x0/0x31 @ 1
[    1.952171] initcall migration_init+0x0/0x31 returned 0 after 0 usecs
[    1.953172] calling  srcu_bootup_announce+0x0/0x2f @ 1
[    1.954175] rcu: Hierarchical SRCU implementation.
[    1.955172] initcall srcu_bootup_announce+0x0/0x2f returned 0 after 976 usecs
[    1.956170] calling  rcu_spawn_gp_kthread+0x0/0x1b0 @ 1
[    1.957315] initcall rcu_spawn_gp_kthread+0x0/0x1b0 returned 0 after 0 usecs
[    1.958172] calling  check_cpu_stall_init+0x0/0x1a @ 1
[    1.959171] initcall check_cpu_stall_init+0x0/0x1a returned 0 after 0 usecs
[    1.960169] calling  rcu_sysrq_init+0x0/0x21 @ 1
[    1.961207] initcall rcu_sysrq_init+0x0/0x21 returned 0 after 0 usecs
[    1.962203] calling  trace_init_flags_sys_enter+0x0/0xe @ 1
[    1.963190] initcall trace_init_flags_sys_enter+0x0/0xe returned 0 after 0 usecs
[    1.964169] calling  trace_init_flags_sys_exit+0x0/0xe @ 1
[    1.965172] initcall trace_init_flags_sys_exit+0x0/0xe returned 0 after 0 usecs
[    1.966182] calling  cpu_stop_init+0x0/0x8d @ 1
[    1.967301] initcall cpu_stop_init+0x0/0x8d returned 0 after 0 usecs
[    1.968171] calling  init_kprobes+0x0/0x16e @ 1
[    1.970453] initcall init_kprobes+0x0/0x16e returned 0 after 976 usecs
[    1.971171] calling  init_events+0x0/0x3d @ 1
[    1.972580] initcall init_events+0x0/0x3d returned 0 after 0 usecs
[    1.973170] calling  init_trace_printk+0x0/0xc @ 1
[    1.974172] initcall init_trace_printk+0x0/0xc returned 0 after 0 usecs
[    1.975171] calling  event_trace_enable_again+0x0/0x23 @ 1
[    1.976171] initcall event_trace_enable_again+0x0/0x23 returned 0 after 0 usecs
[    1.977170] calling  static_call_init+0x0/0x79 @ 1
[    1.978170] initcall static_call_init+0x0/0x79 returned 0 after 0 usecs
[    1.979170] calling  jump_label_init_module+0x0/0xc @ 1
[    1.980170] initcall jump_label_init_module+0x0/0xc returned 0 after 0 usecs
[    1.981170] calling  init_zero_pfn+0x0/0x37 @ 1
[    1.982169] initcall init_zero_pfn+0x0/0x37 returned 0 after 0 usecs
[    1.983170] calling  initialize_ptr_random+0x0/0x54 @ 1
[    1.984196] initcall initialize_ptr_random+0x0/0x54 returned 0 after 0 usecs
[    1.985185] calling  efi_memreserve_root_init+0x0/0x25 @ 1
[    1.986189] initcall efi_memreserve_root_init+0x0/0x25 returned 0 after 0 usecs
[    1.987172] calling  efi_earlycon_remap_fb+0x0/0x51 @ 1
[    1.988184] initcall efi_earlycon_remap_fb+0x0/0x51 returned 0 after 0 usecs
[    1.991308] smp: Bringing up secondary CPUs ...
[    1.993886] x86: Booting SMP configuration:
[    1.994193] .... node  #0, CPUs:      #1
[    1.273657] kvm-clock: cpu 1, msr 14f1f041, secondary cpu clock
[    2.020361] kvm-guest: stealtime: cpu 1, msr 1f45bac0
[    2.035624]  #2
[    1.273657] kvm-clock: cpu 2, msr 14f1f081, secondary cpu clock
[    2.057360] kvm-guest: stealtime: cpu 2, msr 1f49bac0
[    2.072173]  #3
[    1.273657] kvm-clock: cpu 3, msr 14f1f0c1, secondary cpu clock
[    2.093339] kvm-guest: stealtime: cpu 3, msr 1f4dbac0
[    2.108602]  #4
[    1.273657] kvm-clock: cpu 4, msr 14f1f101, secondary cpu clock
[    2.132371] kvm-guest: stealtime: cpu 4, msr 1f51bac0
[    2.149760]  #5
[    1.273657] kvm-clock: cpu 5, msr 14f1f141, secondary cpu clock
[    2.173313] kvm-guest: stealtime: cpu 5, msr 1f55bac0
[    2.189593]  #6
[    1.273657] kvm-clock: cpu 6, msr 14f1f181, secondary cpu clock
[    2.211360] kvm-guest: stealtime: cpu 6, msr 1f59bac0
[    2.226176]  #7
[    1.273657] kvm-clock: cpu 7, msr 14f1f1c1, secondary cpu clock
[    2.248343] kvm-guest: stealtime: cpu 7, msr 1f5dbac0
[    2.264496] smp: Brought up 1 node, 8 CPUs
[    2.265174] smpboot: Max logical packages: 1
[    2.266172] smpboot: Total of 8 processors activated (31999.98 BogoMIPS)
[    2.286435] devtmpfs: initialized
[    2.289987] calling  ipc_ns_init+0x0/0x3d @ 1
[    2.290217] initcall ipc_ns_init+0x0/0x3d returned 0 after 0 usecs
[    2.291175] calling  init_mmap_min_addr+0x0/0x21 @ 1
[    2.292176] initcall init_mmap_min_addr+0x0/0x21 returned 0 after 0 usecs
[    2.293179] calling  pci_realloc_setup_params+0x0/0x3f @ 1
[    2.294177] initcall pci_realloc_setup_params+0x0/0x3f returned 0 after 0 usecs
[    2.295175] calling  net_ns_init+0x0/0x140 @ 1
[    2.298174] initcall net_ns_init+0x0/0x140 returned 0 after 1953 usecs
[    2.299190] calling  e820__register_nvs_regions+0x0/0x37 @ 1
[    2.300174] initcall e820__register_nvs_regions+0x0/0x37 returned 0 after 0 usecs
[    2.301176] calling  cpufreq_register_tsc_scaling+0x0/0x2e @ 1
[    2.302173] initcall cpufreq_register_tsc_scaling+0x0/0x2e returned 0 after 0 usecs
[    2.303176] calling  reboot_init+0x0/0x3c @ 1
[    2.304316] initcall reboot_init+0x0/0x3c returned 0 after 0 usecs
[    2.305175] calling  init_lapic_sysfs+0x0/0x20 @ 1
[    2.306175] initcall init_lapic_sysfs+0x0/0x20 returned 0 after 0 usecs
[    2.307172] calling  alloc_frozen_cpus+0x0/0x7 @ 1
[    2.308170] initcall alloc_frozen_cpus+0x0/0x7 returned 0 after 0 usecs
[    2.309171] calling  cpu_hotplug_pm_sync_init+0x0/0x13 @ 1
[    2.310182] initcall cpu_hotplug_pm_sync_init+0x0/0x13 returned 0 after 0 usecs
[    2.311170] calling  wq_sysfs_init+0x0/0x2a @ 1
[    2.312315] initcall wq_sysfs_init+0x0/0x2a returned 0 after 0 usecs
[    2.313171] calling  ksysfs_init+0x0/0x92 @ 1
[    2.314187] initcall ksysfs_init+0x0/0x92 returned 0 after 0 usecs
[    2.315170] calling  schedutil_gov_init+0x0/0xc @ 1
[    2.316219] initcall schedutil_gov_init+0x0/0xc returned 0 after 0 usecs
[    2.317170] calling  pm_init+0x0/0x76 @ 1
[    2.318255] initcall pm_init+0x0/0x76 returned 0 after 0 usecs
[    2.319170] calling  pm_disk_init+0x0/0x13 @ 1
[    2.320195] initcall pm_disk_init+0x0/0x13 returned 0 after 0 usecs
[    2.321171] calling  swsusp_header_init+0x0/0x2b @ 1
[    2.322173] initcall swsusp_header_init+0x0/0x2b returned 0 after 0 usecs
[    2.323170] calling  rcu_set_runtime_mode+0x0/0x16 @ 1
[    2.324183] initcall rcu_set_runtime_mode+0x0/0x16 returned 0 after 0 usecs
[    2.325171] calling  init_jiffies_clocksource+0x0/0x13 @ 1
[    2.326170] clocksource: jiffies: mask: 0xffffffff max_cycles: 0xffffffff, max_idle_ns: 1911260446275000 ns
[    2.327175] initcall init_jiffies_clocksource+0x0/0x13 returned 0 after 976 usecs
[    2.328174] calling  futex_init+0x0/0x118 @ 1
[    2.329176] futex hash table entries: 2048 (order: 6, 262144 bytes, linear)
[    2.330916] initcall futex_init+0x0/0x118 returned 0 after 976 usecs
[    2.331175] calling  cgroup_wq_init+0x0/0x28 @ 1
[    2.332215] initcall cgroup_wq_init+0x0/0x28 returned 0 after 0 usecs
[    2.333176] calling  cgroup1_wq_init+0x0/0x28 @ 1
[    2.334195] initcall cgroup1_wq_init+0x0/0x28 returned 0 after 0 usecs
[    2.335176] calling  init_kprobe_trace_early+0x0/0x2a @ 1
[    2.336239] initcall init_kprobe_trace_early+0x0/0x2a returned 0 after 0 usecs
[    2.337175] calling  fsnotify_init+0x0/0x56 @ 1
[    2.338189] initcall fsnotify_init+0x0/0x56 returned 0 after 0 usecs
[    2.339171] calling  filelock_init+0x0/0xb3 @ 1
[    2.340217] initcall filelock_init+0x0/0xb3 returned 0 after 0 usecs
[    2.341171] calling  init_misc_binfmt+0x0/0x2c @ 1
[    2.342207] initcall init_misc_binfmt+0x0/0x2c returned 0 after 0 usecs
[    2.343175] calling  init_script_binfmt+0x0/0x15 @ 1
[    2.344176] initcall init_script_binfmt+0x0/0x15 returned 0 after 0 usecs
[    2.345173] calling  init_elf_binfmt+0x0/0x15 @ 1
[    2.346172] initcall init_elf_binfmt+0x0/0x15 returned 0 after 0 usecs
[    2.347171] calling  init_compat_elf_binfmt+0x0/0x15 @ 1
[    2.348172] initcall init_compat_elf_binfmt+0x0/0x15 returned 0 after 0 usecs
[    2.349170] calling  debugfs_init+0x0/0x5c @ 1
[    2.350181] initcall debugfs_init+0x0/0x5c returned 0 after 0 usecs
[    2.351170] calling  tracefs_init+0x0/0x3a @ 1
[    2.352176] initcall tracefs_init+0x0/0x3a returned 0 after 0 usecs
[    2.353171] calling  prandom_init_early+0x0/0x15d @ 1
[    2.354172] initcall prandom_init_early+0x0/0x15d returned 0 after 0 usecs
[    2.355312] calling  virtio_init+0x0/0x20 @ 1
[    2.356253] initcall virtio_init+0x0/0x20 returned 0 after 0 usecs
[    2.357172] calling  iommu_init+0x0/0x2a @ 1
[    2.358220] initcall iommu_init+0x0/0x2a returned 0 after 0 usecs
[    2.359171] calling  component_debug_init+0x0/0x1c @ 1
[    2.360330] initcall component_debug_init+0x0/0x1c returned 0 after 0 usecs
[    2.361173] calling  early_resume_init+0x0/0xb9 @ 1
[    2.363168] PM: RTC time: 02:52:20, date: 2022-12-13
[    2.364172] initcall early_resume_init+0x0/0xb9 returned 0 after 1953 usecs
[    2.365169] calling  cpufreq_core_init+0x0/0x62 @ 1
[    2.366184] initcall cpufreq_core_init+0x0/0x62 returned 0 after 0 usecs
[    2.367172] calling  cpufreq_gov_performance_init+0x0/0xc @ 1
[    2.368173] initcall cpufreq_gov_performance_init+0x0/0xc returned 0 after 0 usecs
[    2.369170] calling  cpufreq_gov_userspace_init+0x0/0xc @ 1
[    2.370172] initcall cpufreq_gov_userspace_init+0x0/0xc returned 0 after 0 usecs
[    2.371171] calling  CPU_FREQ_GOV_ONDEMAND_init+0x0/0xc @ 1
[    2.372187] initcall CPU_FREQ_GOV_ONDEMAND_init+0x0/0xc returned 0 after 0 usecs
[    2.374170] calling  cpuidle_init+0x0/0x1f @ 1
[    2.375210] initcall cpuidle_init+0x0/0x1f returned 0 after 0 usecs
[    2.376171] calling  capsule_reboot_register+0x0/0xc @ 1
[    2.377196] initcall capsule_reboot_register+0x0/0xc returned 0 after 0 usecs
[    2.378172] calling  sock_init+0x0/0x93 @ 1
[    2.380659] initcall sock_init+0x0/0x93 returned 0 after 976 usecs
[    2.381171] calling  net_inuse_init+0x0/0x23 @ 1
[    2.382177] initcall net_inuse_init+0x0/0x23 returned 0 after 0 usecs
[    2.383170] calling  net_defaults_init+0x0/0x23 @ 1
[    2.384171] initcall net_defaults_init+0x0/0x23 returned 0 after 0 usecs
[    2.385170] calling  init_default_flow_dissectors+0x0/0x4f @ 1
[    2.386243] initcall init_default_flow_dissectors+0x0/0x4f returned 0 after 0 usecs
[    2.387170] calling  netpoll_init+0x0/0x44 @ 1
[    2.388170] initcall netpoll_init+0x0/0x44 returned 0 after 0 usecs
[    2.389169] calling  netlink_proto_init+0x0/0x154 @ 1
[    2.390618] NET: Registered protocol family 16
[    2.391263] initcall netlink_proto_init+0x0/0x154 returned 0 after 976 usecs
[    2.392171] calling  genl_init+0x0/0x35 @ 1
[    2.394213] initcall genl_init+0x0/0x35 returned 0 after 0 usecs
[    2.395187] calling  bsp_pm_check_init+0x0/0x13 @ 1
[    2.396172] initcall bsp_pm_check_init+0x0/0x13 returned 0 after 0 usecs
[    2.397190] calling  irq_sysfs_init+0x0/0xb9 @ 1
[    2.398414] initcall irq_sysfs_init+0x0/0xb9 returned 0 after 0 usecs
[    2.399171] calling  audit_init+0x0/0x127 @ 1
[    2.400174] audit: initializing netlink subsys (disabled)
[    2.408357] initcall audit_init+0x0/0x127 returned 0 after 7812 usecs
[    2.408189] audit: type=2000 audit(1670899939.334:1): state=initialized audit_enabled=0 res=1
[    2.409177] calling  release_early_probes+0x0/0x32 @ 1
[    2.411194] initcall release_early_probes+0x0/0x32 returned 0 after 0 usecs
[    2.412177] calling  bdi_class_init+0x0/0x48 @ 1
[    2.413282] initcall bdi_class_init+0x0/0x48 returned 0 after 0 usecs
[    2.414190] calling  mm_sysfs_init+0x0/0x28 @ 1
[    2.415185] initcall mm_sysfs_init+0x0/0x28 returned 0 after 0 usecs
[    2.416176] calling  init_per_zone_wmark_min+0x0/0x6d @ 1
[    2.417217] initcall init_per_zone_wmark_min+0x0/0x6d returned 0 after 0 usecs
[    2.418184] calling  mpi_init+0x0/0x3e @ 1
[    2.419217] initcall mpi_init+0x0/0x3e returned 0 after 0 usecs
[    2.420199] calling  kobject_uevent_init+0x0/0xc @ 1
[    2.421263] initcall kobject_uevent_init+0x0/0xc returned 0 after 0 usecs
[    2.422174] calling  pcibus_class_init+0x0/0x13 @ 1
[    2.423220] initcall pcibus_class_init+0x0/0x13 returned 0 after 0 usecs
[    2.424172] calling  pci_driver_init+0x0/0x21 @ 1
[    2.425227] initcall pci_driver_init+0x0/0x21 returned 0 after 0 usecs
[    2.426171] calling  backlight_class_init+0x0/0xa8 @ 1
[    2.427200] initcall backlight_class_init+0x0/0xa8 returned 0 after 0 usecs
[    2.428171] calling  tty_class_init+0x0/0x33 @ 1
[    2.429182] initcall tty_class_init+0x0/0x33 returned 0 after 0 usecs
[    2.430171] calling  vtconsole_class_init+0x0/0xb5 @ 1
[    2.431285] initcall vtconsole_class_init+0x0/0xb5 returned 0 after 0 usecs
[    2.432172] calling  iommu_dev_init+0x0/0x13 @ 1
[    2.433251] initcall iommu_dev_init+0x0/0x13 returned 0 after 0 usecs
[    2.434187] calling  mipi_dsi_bus_init+0x0/0xc @ 1
[    2.435216] initcall mipi_dsi_bus_init+0x0/0xc returned 0 after 0 usecs
[    2.436171] calling  devlink_class_init+0x0/0x40 @ 1
[    2.437189] initcall devlink_class_init+0x0/0x40 returned 0 after 0 usecs
[    2.438170] calling  software_node_init+0x0/0x2a @ 1
[    2.439181] initcall software_node_init+0x0/0x2a returned 0 after 0 usecs
[    2.440173] calling  wakeup_sources_debugfs_init+0x0/0x23 @ 1
[    2.441293] initcall wakeup_sources_debugfs_init+0x0/0x23 returned 0 after 0 usecs
[    2.442174] calling  wakeup_sources_sysfs_init+0x0/0x2c @ 1
[    2.443234] initcall wakeup_sources_sysfs_init+0x0/0x2c returned 0 after 0 usecs
[    2.444172] calling  register_node_type+0x0/0x13 @ 1
[    2.445260] initcall register_node_type+0x0/0x13 returned 0 after 0 usecs
[    2.446173] calling  regmap_initcall+0x0/0xc @ 1
[    2.448254] initcall regmap_initcall+0x0/0xc returned 0 after 0 usecs
[    2.449177] calling  i2c_init+0x0/0xb3 @ 1
[    2.450365] initcall i2c_init+0x0/0xb3 returned 0 after 0 usecs
[    2.451175] calling  thermal_init+0x0/0x116 @ 1
[    2.452231] thermal_sys: Registered thermal governor 'step_wise'
[    2.452233] thermal_sys: Registered thermal governor 'user_space'
[    2.453192] initcall thermal_init+0x0/0x116 returned 0 after 976 usecs
[    2.455174] calling  init_menu+0x0/0xc @ 1
[    2.458219] cpuidle: using governor menu
[    2.463179] initcall init_menu+0x0/0xc returned 0 after 6835 usecs
[    2.471180] calling  pcc_init+0x0/0x4d @ 1
[    2.476178] initcall pcc_init+0x0/0x4d returned -19 after 0 usecs
[    2.483176] calling  amd_postcore_init+0x0/0x11e @ 1
[    2.490174] initcall amd_postcore_init+0x0/0x11e returned 0 after 0 usecs
[    2.498207] calling  bts_init+0x0/0xba @ 1
[    2.503172] initcall bts_init+0x0/0xba returned -19 after 0 usecs
[    2.510172] calling  pt_init+0x0/0x34d @ 1
[    2.516171] initcall pt_init+0x0/0x34d returned -19 after 0 usecs
[    2.523175] calling  boot_params_ksysfs_init+0x0/0x2ee @ 1
[    2.530233] initcall boot_params_ksysfs_init+0x0/0x2ee returned 0 after 0 usecs
[    2.539172] calling  sbf_init+0x0/0xea @ 1
[    2.544173] initcall sbf_init+0x0/0xea returned 0 after 0 usecs
[    2.551174] calling  arch_kdebugfs_init+0x0/0x219 @ 1
[    2.557448] initcall arch_kdebugfs_init+0x0/0x219 returned 0 after 976 usecs
[    2.566172] calling  intel_pconfig_init+0x0/0x85 @ 1
[    2.572172] initcall intel_pconfig_init+0x0/0x85 returned 0 after 0 usecs
[    2.581172] calling  mtrr_if_init+0x0/0x5d @ 1
[    2.586247] initcall mtrr_if_init+0x0/0x5d returned 0 after 0 usecs
[    2.594174] calling  activate_jump_labels+0x0/0x31 @ 1
[    2.601173] initcall activate_jump_labels+0x0/0x31 returned 0 after 0 usecs
[    2.609173] calling  ffh_cstate_init+0x0/0x29 @ 1
[    2.616185] initcall ffh_cstate_init+0x0/0x29 returned 0 after 0 usecs
[    2.624174] calling  activate_jump_labels+0x0/0x31 @ 1
[    2.630889] initcall activate_jump_labels+0x0/0x31 returned 0 after 976 usecs
[    2.640193] calling  kvm_alloc_cpumask+0x0/0x74 @ 1
[    2.646220] initcall kvm_alloc_cpumask+0x0/0x74 returned 0 after 0 usecs
[    2.654190] calling  kcmp_cookies_init+0x0/0x37 @ 1
[    2.659178] initcall kcmp_cookies_init+0x0/0x37 returned 0 after 0 usecs
[    2.667173] calling  cryptomgr_init+0x0/0xc @ 1
[    2.673266] initcall cryptomgr_init+0x0/0xc returned 0 after 0 usecs
[    2.681173] calling  acpi_pci_init+0x0/0x57 @ 1
[    2.687189] ACPI: bus type PCI registered
[    2.692174] initcall acpi_pci_init+0x0/0x57 returned 0 after 4882 usecs
[    2.700177] calling  dma_channel_table_init+0x0/0xd1 @ 1
[    2.706189] initcall dma_channel_table_init+0x0/0xd1 returned 0 after 0 usecs
[    2.715178] calling  dma_bus_init+0x0/0xdc @ 1
[    2.720515] initcall dma_bus_init+0x0/0xdc returned 0 after 976 usecs
[    2.728245] calling  iommu_dma_init+0x0/0x10 @ 1
[    2.734211] initcall iommu_dma_init+0x0/0x10 returned 0 after 0 usecs
[    2.742174] calling  dmi_id_init+0x0/0x37c @ 1
[    2.748190] initcall dmi_id_init+0x0/0x37c returned 0 after 0 usecs
[    2.756173] calling  pci_arch_init+0x0/0x71 @ 1
[    2.761884] PCI: MMCONFIG for domain 0000 [bus 00-ff] at [mem 0xb0000000-0xbfffffff] (base 0xb0000000)
[    2.773219] PCI: MMCONFIG at [mem 0xb0000000-0xbfffffff] reserved in E820
[    2.782199] PCI: Using configuration type 1 for base access
[    2.787227] initcall pci_arch_init+0x0/0x71 returned 0 after 25390 usecs
[    2.795191] calling  init_vdso+0x0/0x13 @ 1
[    2.800211] initcall init_vdso+0x0/0x13 returned 0 after 0 usecs
[    2.807172] calling  sysenter_setup+0x0/0x13 @ 1
[    2.813211] initcall sysenter_setup+0x0/0x13 returned 0 after 0 usecs
[    2.821171] calling  fixup_ht_bug+0x0/0xe5 @ 1
[    2.827171] initcall fixup_ht_bug+0x0/0xe5 returned 0 after 0 usecs
[    2.834173] calling  topology_init+0x0/0x88 @ 1
[    2.840595] initcall topology_init+0x0/0x88 returned 0 after 976 usecs
[    2.849174] calling  intel_epb_init+0x0/0x68 @ 1
[    2.854173] initcall intel_epb_init+0x0/0x68 returned -19 after 0 usecs
[    2.862172] calling  mtrr_init_finialize+0x0/0x3e @ 1
[    2.868172] initcall mtrr_init_finialize+0x0/0x3e returned 0 after 0 usecs
[    2.877172] calling  uid_cache_init+0x0/0x85 @ 1
[    2.882196] initcall uid_cache_init+0x0/0x85 returned 0 after 0 usecs
[    2.890173] calling  param_sysfs_init+0x0/0x1ba @ 1
[    2.905575] initcall param_sysfs_init+0x0/0x1ba returned 0 after 9765 usecs
[    2.916181] calling  user_namespace_sysctl_init+0x0/0x33 @ 1
[    2.924201] initcall user_namespace_sysctl_init+0x0/0x33 returned 0 after 0 usecs
[    2.935179] calling  proc_schedstat_init+0x0/0x24 @ 1
[    2.942181] initcall proc_schedstat_init+0x0/0x24 returned 0 after 0 usecs
[    2.950173] calling  pm_sysrq_init+0x0/0x18 @ 1
[    2.958174] initcall pm_sysrq_init+0x0/0x18 returned 0 after 1953 usecs
[    2.966207] calling  create_proc_profile+0x0/0xd0 @ 1
[    2.972172] initcall create_proc_profile+0x0/0xd0 returned 0 after 0 usecs
[    2.980190] calling  time_ns_init+0x0/0x7 @ 1
[    2.985172] initcall time_ns_init+0x0/0x7 returned 0 after 0 usecs
[    2.993173] calling  crash_save_vmcoreinfo_init+0x0/0x722 @ 1
[    3.000325] initcall crash_save_vmcoreinfo_init+0x0/0x722 returned 0 after 0 usecs
[    3.009174] calling  crash_notes_memory_init+0x0/0x35 @ 1
[    3.016194] initcall crash_notes_memory_init+0x0/0x35 returned 0 after 0 usecs
[    3.026180] calling  cgroup_sysfs_init+0x0/0x13 @ 1
[    3.033288] initcall cgroup_sysfs_init+0x0/0x13 returned 0 after 0 usecs
[    3.043177] calling  cgroup_namespaces_init+0x0/0x7 @ 1
[    3.051177] initcall cgroup_namespaces_init+0x0/0x7 returned 0 after 0 usecs
[    3.060174] calling  init_optprobes+0x0/0x13 @ 1
[    3.065184] Kprobes globally optimized
[    3.071177] initcall init_optprobes+0x0/0x13 returned 0 after 5859 usecs
[    3.079173] calling  oom_init+0x0/0x2f @ 1
[    3.085450] initcall oom_init+0x0/0x2f returned 0 after 976 usecs
[    3.092173] calling  default_bdi_init+0x0/0xb3 @ 1
[    3.100174] initcall default_bdi_init+0x0/0xb3 returned 0 after 1953 usecs
[    3.108173] calling  percpu_enable_async+0x0/0xe @ 1
[    3.114172] initcall percpu_enable_async+0x0/0xe returned 0 after 0 usecs
[    3.122174] calling  kcompactd_init+0x0/0x8d @ 1
[    3.130379] initcall kcompactd_init+0x0/0x8d returned 0 after 976 usecs
[    3.138239] calling  init_user_reserve+0x0/0x40 @ 1
[    3.144173] initcall init_user_reserve+0x0/0x40 returned 0 after 0 usecs
[    3.153202] calling  init_admin_reserve+0x0/0x40 @ 1
[    3.159172] initcall init_admin_reserve+0x0/0x40 returned 0 after 0 usecs
[    3.167174] calling  init_reserve_notifier+0x0/0x7 @ 1
[    3.174171] initcall init_reserve_notifier+0x0/0x7 returned 0 after 0 usecs
[    3.182172] calling  swap_init_sysfs+0x0/0x62 @ 1
[    3.188183] initcall swap_init_sysfs+0x0/0x62 returned 0 after 0 usecs
[    3.196171] calling  swapfile_init+0x0/0x94 @ 1
[    3.202173] initcall swapfile_init+0x0/0x94 returned 0 after 0 usecs
[    3.210172] calling  hugetlb_init+0x0/0x499 @ 1
[    3.216173] HugeTLB registered 2.00 MiB page size, pre-allocated 0 pages
[    3.224320] initcall hugetlb_init+0x0/0x499 returned 0 after 7812 usecs
[    3.233174] calling  io_wq_init+0x0/0x34 @ 1
[    3.239175] initcall io_wq_init+0x0/0x34 returned 0 after 0 usecs
[    3.246174] calling  seqiv_module_init+0x0/0xc @ 1
[    3.253194] initcall seqiv_module_init+0x0/0xc returned 0 after 0 usecs
[    3.264178] calling  echainiv_module_init+0x0/0xc @ 1
[    3.271184] initcall echainiv_module_init+0x0/0xc returned 0 after 0 usecs
[    3.281204] calling  rsa_init+0x0/0x50 @ 1
[    3.288177] initcall rsa_init+0x0/0x50 returned 0 after 1953 usecs
[    3.288210] cryptomgr_test (61) used greatest stack depth: 15400 bytes left
[    3.295175] calling  crypto_cmac_module_init+0x0/0xc @ 1
[    3.295179] initcall crypto_cmac_module_init+0x0/0xc returned 0 after 0 usecs
[    3.295181] calling  hmac_module_init+0x0/0xc @ 1
[    3.295200] initcall hmac_module_init+0x0/0xc returned 0 after 0 usecs
[    3.295212] calling  crypto_null_mod_init+0x0/0x65 @ 1
[    3.300201] initcall crypto_null_mod_init+0x0/0x65 returned 0 after 4882 usecs
[    3.304565] cryptomgr_test (63) used greatest stack depth: 15256 bytes left
[    3.356179] calling  md5_mod_init+0x0/0xc @ 1
[    3.362342] initcall md5_mod_init+0x0/0xc returned 0 after 976 usecs
[    3.370172] calling  sha256_generic_mod_init+0x0/0x11 @ 1
[    3.379176] initcall sha256_generic_mod_init+0x0/0x11 returned 0 after 1953 usecs
[    3.389204] calling  crypto_cbc_module_init+0x0/0xc @ 1
[    3.396177] initcall crypto_cbc_module_init+0x0/0xc returned 0 after 0 usecs
[    3.405174] calling  crypto_ctr_module_init+0x0/0x11 @ 1
[    3.411175] initcall crypto_ctr_module_init+0x0/0x11 returned 0 after 0 usecs
[    3.420173] calling  crypto_gcm_module_init+0x0/0x64 @ 1
[    3.426215] initcall crypto_gcm_module_init+0x0/0x64 returned 0 after 0 usecs
[    3.435174] calling  crypto_ccm_module_init+0x0/0x11 @ 1
[    3.441176] initcall crypto_ccm_module_init+0x0/0x11 returned 0 after 0 usecs
[    3.450174] calling  aes_init+0x0/0xc @ 1
[    3.456317] initcall aes_init+0x0/0xc returned 0 after 976 usecs
[    3.463175] calling  crc32c_mod_init+0x0/0xc @ 1
[    3.470173] initcall crc32c_mod_init+0x0/0xc returned 0 after 976 usecs
[    3.478175] calling  crypto_authenc_module_init+0x0/0xc @ 1
[    3.484177] initcall crypto_authenc_module_init+0x0/0xc returned 0 after 0 usecs
[    3.493175] calling  crypto_authenc_esn_module_init+0x0/0xc @ 1
[    3.501176] initcall crypto_authenc_esn_module_init+0x0/0xc returned 0 after 0 usecs
[    3.510174] calling  drbg_init+0x0/0x7c @ 1
[    3.525173] initcall drbg_init+0x0/0x7c returned 0 after 9765 usecs
[    3.532312] calling  ghash_mod_init+0x0/0xc @ 1
[    3.539602] initcall ghash_mod_init+0x0/0xc returned 0 after 976 usecs
[    3.547320] calling  init_bio+0x0/0x9a @ 1
[    3.552471] initcall init_bio+0x0/0x9a returned 0 after 0 usecs
[    3.559174] calling  blk_settings_init+0x0/0x29 @ 1
[    3.565172] initcall blk_settings_init+0x0/0x29 returned 0 after 0 usecs
[    3.573172] calling  blk_ioc_init+0x0/0x29 @ 1
[    3.579231] initcall blk_ioc_init+0x0/0x29 returned 0 after 0 usecs
[    3.586172] calling  blk_mq_init+0x0/0xb9 @ 1
[    3.592175] initcall blk_mq_init+0x0/0xb9 returned 0 after 0 usecs
[    3.599171] calling  genhd_device_init+0x0/0x75 @ 1
[    3.607407] initcall genhd_device_init+0x0/0x75 returned 0 after 1953 usecs
[    3.616217] calling  pci_slot_init+0x0/0x40 @ 1
[    3.619184] initcall pci_slot_init+0x0/0x40 returned 0 after 0 usecs
[    3.628184] calling  fbmem_init+0x0/0xd8 @ 1
[    3.633526] initcall fbmem_init+0x0/0xd8 returned 0 after 0 usecs
[    3.640174] calling  acpi_init+0x0/0x319 @ 1
[    3.646246] ACPI: Added _OSI(Module Device)
[    3.651170] ACPI: Added _OSI(Processor Device)
[    3.656170] ACPI: Added _OSI(3.0 _SCP Extensions)
[    3.662186] ACPI: Added _OSI(Processor Aggregator Device)
[    3.668187] ACPI: Added _OSI(Linux-Dell-Video)
[    3.674171] ACPI: Added _OSI(Linux-Lenovo-NV-HDMI-Audio)
[    3.680170] ACPI: Added _OSI(Linux-HPI-Hybrid-Graphics)
[    3.689734] ACPI: 1 ACPI AML tables successfully acquired and loaded
[    3.705487] ACPI: Interpreter enabled
[    3.709404] ACPI: (supports S0 S3 S4 S5)
[    3.714171] ACPI: Using IOAPIC for interrupt routing
[    3.721238] PCI: Using host bridge windows from ACPI; if necessary, use "pci=nocrs" and report a bug
[    3.733848] ACPI: Enabled 2 GPEs in block 00 to 3F
[    3.748839] ACPI: PCI Root Bridge [PCI0] (domain 0000 [bus 00-ff])
[    3.757179] acpi PNP0A08:00: _OSC: OS supports [ExtendedConfig ASPM ClockPM Segments MSI HPX-Type3]
[    3.764381] acpi PNP0A08:00: _OSC: platform does not support [LTR]
[    3.773311] acpi PNP0A08:00: _OSC: OS now controls [PME PCIeCapability]
[    3.782350] PCI host bridge to bus 0000:00
[    3.788276] pci_bus 0000:00: root bus resource [io  0x0000-0x0cf7 window]
[    3.797181] pci_bus 0000:00: root bus resource [io  0x0d00-0xffff window]
[    3.804173] pci_bus 0000:00: root bus resource [mem 0x000a0000-0x000bffff window]
[    3.815174] pci_bus 0000:00: root bus resource [mem 0x20000000-0xafffffff window]
[    3.824172] pci_bus 0000:00: root bus resource [mem 0xc0000000-0xfebfffff window]
[    3.834172] pci_bus 0000:00: root bus resource [mem 0x100000000-0x8ffffffff window]
[    3.843175] pci_bus 0000:00: root bus resource [bus 00-ff]
[    3.851281] pci 0000:00:00.0: calling  quirk_mmio_always_on+0x0/0x10 @ 1
[    3.860178] pci 0000:00:00.0: quirk_mmio_always_on+0x0/0x10 took 0 usecs
[    3.868270] pci 0000:00:00.0: [8086:29c0] type 00 class 0x060000
[    3.879286] pci 0000:00:00.0: calling  quirk_igfx_skip_te_disable+0x0/0x80 @ 1
[    3.887178] pci 0000:00:00.0: quirk_igfx_skip_te_disable+0x0/0x80 took 0 usecs
[    3.899170] pci 0000:00:01.0: [1234:1111] type 00 class 0x030000
[    3.915816] pci 0000:00:01.0: reg 0x10: [mem 0xfd000000-0xfdffffff pref]
[    3.944163] pci 0000:00:01.0: reg 0x18: [mem 0xfebf0000-0xfebf0fff]
[    3.990163] pci 0000:00:01.0: reg 0x30: [mem 0xfebe0000-0xfebeffff pref]
[    4.016163] pci 0000:00:01.0: calling  efifb_fixup_resources+0x0/0xf0 @ 1
[    4.028464] pci 0000:00:01.0: efifb_fixup_resources+0x0/0xf0 took 0 usecs
[    4.064174] pci 0000:00:1f.0: [8086:2918] type 00 class 0x060100
[    4.078163] pci 0000:00:1f.0: calling  quirk_ich7_lpc+0x0/0x60 @ 1
[    4.089941] pci 0000:00:1f.0: quirk: [io  0x0600-0x067f] claimed by ICH6 ACPI/GPIO/TCO
[    4.097593] pci 0000:00:1f.0: quirk_ich7_lpc+0x0/0x60 took 7812 usecs
[    4.104163] pci 0000:00:1f.0: calling  quirk_igfx_skip_te_disable+0x0/0x80 @ 1
[    4.112672] pci 0000:00:1f.0: quirk_igfx_skip_te_disable+0x0/0x80 took 1953 usecs
[    4.127116] pci 0000:00:1f.2: [8086:2922] type 00 class 0x010601
[    4.142172] pci 0000:00:1f.2: reg 0x20: [io  0xc040-0xc05f]
[    4.150172] pci 0000:00:1f.2: reg 0x24: [mem 0xfebf1000-0xfebf1fff]
[    4.160922] pci 0000:00:1f.2: calling  quirk_igfx_skip_te_disable+0x0/0x80 @ 1
[    4.169181] pci 0000:00:1f.2: quirk_igfx_skip_te_disable+0x0/0x80 took 0 usecs
[    4.183522] pci 0000:00:1f.3: [8086:2930] type 00 class 0x0c0500
[    4.198376] pci 0000:00:1f.3: reg 0x20: [io  0x0700-0x073f]
[    4.207655] pci 0000:00:1f.3: calling  quirk_igfx_skip_te_disable+0x0/0x80 @ 1
[    4.217181] pci 0000:00:1f.3: quirk_igfx_skip_te_disable+0x0/0x80 took 0 usecs
[    4.232108] ACPI: PCI Interrupt Link [LNKA] (IRQs 5 *10 11)
[    4.240445] ACPI: PCI Interrupt Link [LNKB] (IRQs 5 *10 11)
[    4.248628] ACPI: PCI Interrupt Link [LNKC] (IRQs 5 10 *11)
[    4.255627] ACPI: PCI Interrupt Link [LNKD] (IRQs 5 10 *11)
[    4.263603] ACPI: PCI Interrupt Link [LNKE] (IRQs 5 *10 11)
[    4.270287] ACPI: PCI Interrupt Link [LNKF] (IRQs 5 *10 11)
[    4.277512] ACPI: PCI Interrupt Link [LNKG] (IRQs 5 10 *11)
[    4.284658] ACPI: PCI Interrupt Link [LNKH] (IRQs 5 10 *11)
[    4.292404] ACPI: PCI Interrupt Link [GSIA] (IRQs *16)
[    4.298192] ACPI: PCI Interrupt Link [GSIB] (IRQs *17)
[    4.304207] ACPI: PCI Interrupt Link [GSIC] (IRQs *18)
[    4.309200] ACPI: PCI Interrupt Link [GSID] (IRQs *19)
[    4.315210] ACPI: PCI Interrupt Link [GSIE] (IRQs *20)
[    4.322194] ACPI: PCI Interrupt Link [GSIF] (IRQs *21)
[    4.329255] ACPI: PCI Interrupt Link [GSIG] (IRQs *22)
[    4.335232] ACPI: PCI Interrupt Link [GSIH] (IRQs *23)
[    4.345978] initcall acpi_init+0x0/0x319 returned 0 after 683593 usecs
[    4.354388] calling  pnp_init+0x0/0xc @ 1
[    4.360245] initcall pnp_init+0x0/0xc returned 0 after 0 usecs
[    4.367174] calling  misc_init+0x0/0xbf @ 1
[    4.373784] initcall misc_init+0x0/0xbf returned 0 after 976 usecs
[    4.382191] calling  iommu_subsys_init+0x0/0x4e @ 1
[    4.388167] iommu: Default domain type: Translated 
[    4.394176] initcall iommu_subsys_init+0x0/0x4e returned 0 after 5859 usecs
[    4.403174] calling  vga_arb_device_init+0x0/0x261 @ 1
[    4.412619] pci 0000:00:01.0: vgaarb: setting as boot VGA device
[    4.413163] pci 0000:00:01.0: vgaarb: VGA device added: decodes=io+mem,owns=io+mem,locks=none
[    4.427178] pci 0000:00:01.0: vgaarb: bridge control possible
[    4.433170] vgaarb: loaded
[    4.436177] initcall vga_arb_device_init+0x0/0x261 returned 0 after 25390 usecs
[    4.444163] calling  cn_init+0x0/0xf0 @ 1
[    4.456375] initcall cn_init+0x0/0xf0 returned 0 after 5859 usecs
[    4.463176] calling  dma_buf_init+0x0/0xad @ 1
[    4.470356] initcall dma_buf_init+0x0/0xad returned 0 after 976 usecs
[    4.478174] calling  dma_resv_lockdep+0x0/0x276 @ 1
[    4.491934] initcall dma_resv_lockdep+0x0/0x276 returned 0 after 5859 usecs
[    4.499177] calling  init_scsi+0x0/0x79 @ 1
[    4.510288] SCSI subsystem initialized
[    4.515176] initcall init_scsi+0x0/0x79 returned 0 after 9765 usecs
[    4.523176] calling  ata_init+0x0/0x332 @ 1
[    4.542958] libata version 3.00 loaded.
[    4.547179] initcall ata_init+0x0/0x332 returned 0 after 18554 usecs
[    4.555176] calling  phy_init+0x0/0x250 @ 1
[    4.563277] initcall phy_init+0x0/0x250 returned 0 after 1953 usecs
[    4.571176] calling  init_pcmcia_cs+0x0/0x35 @ 1
[    4.577716] initcall init_pcmcia_cs+0x0/0x35 returned 0 after 976 usecs
[    4.586330] calling  usb_common_init+0x0/0x1c @ 1
[    4.594185] initcall usb_common_init+0x0/0x1c returned 0 after 0 usecs
[    4.602174] calling  usb_init+0x0/0x12e @ 1
[    4.609364] ACPI: bus type USB registered
[    4.617915] usbcore: registered new interface driver usbfs
[    4.625195] usbcore: registered new interface driver hub
[    4.632315] usbcore: registered new device driver usb
[    4.638178] initcall usb_init+0x0/0x12e returned 0 after 28320 usecs
[    4.645175] calling  serio_init+0x0/0x29 @ 1
[    4.651322] initcall serio_init+0x0/0x29 returned 0 after 0 usecs
[    4.658172] calling  input_init+0x0/0xf6 @ 1
[    4.664443] initcall input_init+0x0/0xf6 returned 0 after 0 usecs
[    4.672173] calling  rtc_init+0x0/0x4d @ 1
[    4.677189] initcall rtc_init+0x0/0x4d returned 0 after 0 usecs
[    4.685172] calling  pps_init+0x0/0xa9 @ 1
[    4.690417] pps_core: LinuxPPS API ver. 1 registered
[    4.696168] pps_core: Software ver. 5.3.6 - Copyright 2005-2007 Rodolfo Giometti <giometti@linux.it>
[    4.707173] initcall pps_init+0x0/0xa9 returned 0 after 16601 usecs
[    4.715172] calling  ptp_init+0x0/0x98 @ 1
[    4.720188] PTP clock support registered
[    4.725172] initcall ptp_init+0x0/0x98 returned 0 after 4882 usecs
[    4.732172] calling  power_supply_class_init+0x0/0x3f @ 1
[    4.739824] initcall power_supply_class_init+0x0/0x3f returned 0 after 976 usecs
[    4.749173] calling  hwmon_init+0x0/0x104 @ 1
[    4.754194] initcall hwmon_init+0x0/0x104 returned 0 after 0 usecs
[    4.762172] calling  md_init+0x0/0x16b @ 1
[    4.768494] initcall md_init+0x0/0x16b returned 0 after 1953 usecs
[    4.776174] calling  leds_init+0x0/0x3b @ 1
[    4.782239] initcall leds_init+0x0/0x3b returned 0 after 0 usecs
[    4.789176] calling  dmi_init+0x0/0x113 @ 1
[    4.796176] initcall dmi_init+0x0/0x113 returned 0 after 1953 usecs
[    4.803172] calling  efisubsys_init+0x0/0x4e7 @ 1
[    4.810375] initcall efisubsys_init+0x0/0x4e7 returned 0 after 0 usecs
[    4.817173] calling  nvmem_init+0x0/0xc @ 1
[    4.824557] initcall nvmem_init+0x0/0xc returned 0 after 976 usecs
[    4.832178] calling  init_soundcore+0x0/0x33 @ 1
[    4.837311] initcall init_soundcore+0x0/0x33 returned 0 after 0 usecs
[    4.844174] calling  alsa_sound_init+0x0/0x8f @ 1
[    4.850170] Advanced Linux Sound Architecture Driver Initialized.
[    4.856175] initcall alsa_sound_init+0x0/0x8f returned 0 after 7812 usecs
[    4.862175] calling  alsa_seq_device_init+0x0/0x71 @ 1
[    4.868163] initcall alsa_seq_device_init+0x0/0x71 returned 0 after 976 usecs
[    4.876175] calling  hda_bus_init+0x0/0xc @ 1
[    4.882580] initcall hda_bus_init+0x0/0xc returned 0 after 976 usecs
[    4.891173] calling  proto_init+0x0/0xc @ 1
[    4.896542] initcall proto_init+0x0/0xc returned 0 after 0 usecs
[    4.901172] calling  net_dev_init+0x0/0x27f @ 1
[    4.915367] initcall net_dev_init+0x0/0x27f returned 0 after 7812 usecs
[    4.924413] calling  neigh_init+0x0/0x84 @ 1
[    4.927457] initcall neigh_init+0x0/0x84 returned 0 after 0 usecs
[    4.932174] calling  fib_notifier_init+0x0/0xc @ 1
[    4.939382] initcall fib_notifier_init+0x0/0xc returned 0 after 0 usecs
[    4.949173] calling  fib_rules_init+0x0/0xab @ 1
[    4.954443] initcall fib_rules_init+0x0/0xab returned 0 after 976 usecs
[    4.962174] calling  pktsched_init+0x0/0x10e @ 1
[    4.967207] initcall pktsched_init+0x0/0x10e returned 0 after 0 usecs
[    4.972173] calling  tc_filter_init+0x0/0xfa @ 1
[    4.978179] initcall tc_filter_init+0x0/0xfa returned 0 after 0 usecs
[    4.985173] calling  tc_action_init+0x0/0x54 @ 1
[    4.990177] initcall tc_action_init+0x0/0x54 returned 0 after 0 usecs
[    4.996174] calling  ethnl_init+0x0/0x52 @ 1
[    4.999572] initcall ethnl_init+0x0/0x52 returned 0 after 0 usecs
[    5.009349] calling  nexthop_init+0x0/0xd8 @ 1
[    5.015502] initcall nexthop_init+0x0/0xd8 returned 0 after 0 usecs
[    5.023173] calling  cipso_v4_init+0x0/0x8d @ 1
[    5.030273] initcall cipso_v4_init+0x0/0x8d returned 0 after 976 usecs
[    5.038172] calling  ieee80211_init+0x0/0x24 @ 1
[    5.044993] initcall ieee80211_init+0x0/0x24 returned 0 after 2929 usecs
[    5.053217] calling  netlbl_init+0x0/0x78 @ 1
[    5.059183] NetLabel: Initializing
[    5.063170] NetLabel:  domain hash size = 128
[    5.069169] NetLabel:  protocols = UNLABELED CIPSOv4 CALIPSO
[    5.076492] NetLabel:  unlabeled traffic allowed by default
[    5.084176] initcall netlbl_init+0x0/0x78 returned 0 after 24414 usecs
[    5.092176] calling  rfkill_init+0x0/0x136 @ 1
[    5.098323] initcall rfkill_init+0x0/0x136 returned 0 after 976 usecs
[    5.106199] calling  pci_subsys_init+0x0/0x66 @ 1
[    5.112290] PCI: Using ACPI for IRQ routing
[    5.852361] PCI: pci_cache_line_size set to 64 bytes
[    5.862470] e820: reserve RAM buffer [mem 0x0009fc00-0x0009ffff]
[    5.871491] e820: reserve RAM buffer [mem 0x1ffdf000-0x1fffffff]
[    5.878761] initcall pci_subsys_init+0x0/0x66 returned 0 after 749023 usecs
[    5.900163] calling  nmi_warning_debugfs+0x0/0x26 @ 1
[    5.907734] initcall nmi_warning_debugfs+0x0/0x26 returned 0 after 976 usecs
[    5.916175] calling  save_microcode_in_initrd+0x0/0x51 @ 1
[    5.924510] initcall save_microcode_in_initrd+0x0/0x51 returned 0 after 0 usecs
[    5.935202] calling  hpet_late_init+0x0/0x207 @ 1
[    5.941256] hpet: 3 channels of 0 reserved for per-cpu timers
[    5.948565] hpet0: at MMIO 0xfed00000, IRQs 2, 8, 0
[    5.955172] hpet0: 3 comparators, 64-bit 100.000000 MHz counter
[    5.968178] initcall hpet_late_init+0x0/0x207 returned 0 after 26367 usecs
[    5.976176] calling  init_amd_nbs+0x0/0x11c @ 1
[    5.982403] initcall init_amd_nbs+0x0/0x11c returned 0 after 0 usecs
[    5.989196] calling  clocksource_done_booting+0x0/0x43 @ 1
[    5.999794] clocksource: Switched to clocksource kvm-clock
[    6.006720] initcall clocksource_done_booting+0x0/0x43 returned 0 after 9327 usecs
[    6.015653] calling  tracer_init_tracefs+0x0/0x248 @ 1
[    6.386661] initcall tracer_init_tracefs+0x0/0x248 returned 0 after 356413 usecs
[    6.395618] calling  init_trace_printk_function_export+0x0/0x2c @ 1
[    6.403297] initcall init_trace_printk_function_export+0x0/0x2c returned 0 after 89 usecs
[    6.412989] calling  init_kprobe_trace+0x0/0x1ab @ 1
[    6.418993] initcall init_kprobe_trace+0x0/0x1ab returned 0 after 31 usecs
[    6.427269] calling  init_dynamic_event+0x0/0x3d @ 1
[    6.433308] initcall init_dynamic_event+0x0/0x3d returned 0 after 11 usecs
[    6.442075] calling  init_uprobe_trace+0x0/0x5c @ 1
[    6.448404] initcall init_uprobe_trace+0x0/0x5c returned 0 after 466 usecs
[    6.457033] calling  init_pipe_fs+0x0/0x44 @ 1
[    6.466509] initcall init_pipe_fs+0x0/0x44 returned 0 after 614 usecs
[    6.475346] calling  inotify_user_setup+0x0/0x47 @ 1
[    6.485739] initcall inotify_user_setup+0x0/0x47 returned 0 after 245 usecs
[    6.498102] calling  eventpoll_init+0x0/0xeb @ 1
[    6.509254] initcall eventpoll_init+0x0/0xeb returned 0 after 269 usecs
[    6.517853] calling  anon_inode_init+0x0/0x58 @ 1
[    6.525958] initcall anon_inode_init+0x0/0x58 returned 0 after 366 usecs
[    6.537263] calling  proc_locks_init+0x0/0x27 @ 1
[    6.546369] initcall proc_locks_init+0x0/0x27 returned 0 after 203 usecs
[    6.559641] calling  iomap_init+0x0/0x1b @ 1
[    6.572583] initcall iomap_init+0x0/0x1b returned 0 after 5005 usecs
[    6.584494] calling  dquot_init+0x0/0x106 @ 1
[    6.590815] VFS: Disk quotas dquot_6.6.0
[    6.613015] VFS: Dquot-cache hash table entries: 512 (order 0, 4096 bytes)
[    6.626111] initcall dquot_init+0x0/0x106 returned 0 after 34461 usecs
[    6.638397] calling  quota_init+0x0/0x23 @ 1
[    6.649594] initcall quota_init+0x0/0x23 returned 0 after 337 usecs
[    6.658855] calling  proc_cmdline_init+0x0/0x21 @ 1
[    6.668375] initcall proc_cmdline_init+0x0/0x21 returned 0 after 200 usecs
[    6.679556] calling  proc_consoles_init+0x0/0x24 @ 1
[    6.687673] initcall proc_consoles_init+0x0/0x24 returned 0 after 9 usecs
[    6.698046] calling  proc_cpuinfo_init+0x0/0x1e @ 1
[    6.705236] initcall proc_cpuinfo_init+0x0/0x1e returned 0 after 9 usecs
[    6.714176] calling  proc_devices_init+0x0/0x24 @ 1
[    6.728067] initcall proc_devices_init+0x0/0x24 returned 0 after 8 usecs
[    6.736677] calling  proc_interrupts_init+0x0/0x24 @ 1
[    6.743871] initcall proc_interrupts_init+0x0/0x24 returned 0 after 8 usecs
[    6.753302] calling  proc_loadavg_init+0x0/0x21 @ 1
[    6.760274] initcall proc_loadavg_init+0x0/0x21 returned 0 after 9 usecs
[    6.771153] calling  proc_meminfo_init+0x0/0x21 @ 1
[    6.778074] initcall proc_meminfo_init+0x0/0x21 returned 0 after 142 usecs
[    6.786456] calling  proc_stat_init+0x0/0x1e @ 1
[    6.792097] initcall proc_stat_init+0x0/0x1e returned 0 after 6 usecs
[    6.800174] calling  proc_uptime_init+0x0/0x21 @ 1
[    6.806165] initcall proc_uptime_init+0x0/0x21 returned 0 after 6 usecs
[    6.814062] calling  proc_version_init+0x0/0x21 @ 1
[    6.819821] initcall proc_version_init+0x0/0x21 returned 0 after 7 usecs
[    6.827618] calling  proc_softirqs_init+0x0/0x21 @ 1
[    6.833664] initcall proc_softirqs_init+0x0/0x21 returned 0 after 5 usecs
[    6.841948] calling  proc_kcore_init+0x0/0xea @ 1
[    6.847802] initcall proc_kcore_init+0x0/0xea returned 0 after 88 usecs
[    6.864436] calling  vmcore_init+0x0/0x57b @ 1
[    6.870835] initcall vmcore_init+0x0/0x57b returned 0 after 181 usecs
[    6.879412] calling  proc_kmsg_init+0x0/0x21 @ 1
[    6.885830] initcall proc_kmsg_init+0x0/0x21 returned 0 after 732 usecs
[    6.893841] calling  proc_page_init+0x0/0x3b @ 1
[    6.899457] initcall proc_page_init+0x0/0x3b returned 0 after 55 usecs
[    6.907214] calling  init_ramfs_fs+0x0/0xc @ 1
[    6.913841] initcall init_ramfs_fs+0x0/0xc returned 0 after 634 usecs
[    6.923161] calling  init_hugetlbfs_fs+0x0/0xf6 @ 1
[    6.938650] initcall init_hugetlbfs_fs+0x0/0xf6 returned 0 after 8148 usecs
[    6.947259] calling  blk_scsi_ioctl_init+0x0/0x2a5 @ 1
[    6.953377] initcall blk_scsi_ioctl_init+0x0/0x2a5 returned 0 after 65 usecs
[    6.961651] calling  acpi_event_init+0x0/0x2c @ 1
[    6.967964] initcall acpi_event_init+0x0/0x2c returned 0 after 723 usecs
[    6.975962] calling  pnp_system_init+0x0/0xc @ 1
[    6.983470] initcall pnp_system_init+0x0/0xc returned 0 after 1726 usecs
[    6.991503] calling  pnpacpi_init+0x0/0x69 @ 1
[    6.996945] pnp: PnP ACPI init
[    7.004020] pnp 00:00: Plug and Play ACPI device, IDs PNP0303 (active)
[    7.012140] pnp 00:01: Plug and Play ACPI device, IDs PNP0f13 (active)
[    7.020297] pnp 00:02: Plug and Play ACPI device, IDs PNP0400 (active)
[    7.028322] pnp 00:03: Plug and Play ACPI device, IDs PNP0501 (active)
[    7.036404] pnp 00:04: Plug and Play ACPI device, IDs PNP0b00 (active)
[    7.045344] system 00:05: [mem 0xb0000000-0xbfffffff window] has been reserved
[    7.054557] system 00:05: Plug and Play ACPI device, IDs PNP0c01 (active)
[    7.069591] pnp: PnP ACPI: found 6 devices
[    7.074665] initcall pnpacpi_init+0x0/0x69 returned 0 after 75952 usecs
[    7.083364] calling  chr_dev_init+0x0/0x14d @ 1
[    7.240956] initcall chr_dev_init+0x0/0x14d returned 0 after 148502 usecs
[    7.248849] calling  firmware_class_init+0x0/0x14a @ 1
[    7.255503] initcall firmware_class_init+0x0/0x14a returned 0 after 195 usecs
[    7.265188] calling  init_pcmcia_bus+0x0/0x5b @ 1
[    7.271416] initcall init_pcmcia_bus+0x0/0x5b returned 0 after 747 usecs
[    7.279554] calling  init_acpi_pm_clocksource+0x0/0xda @ 1
[    7.292099] clocksource: acpi_pm: mask: 0xffffff max_cycles: 0xffffff, max_idle_ns: 2085701024 ns
[    7.303385] initcall init_acpi_pm_clocksource+0x0/0xda returned 0 after 16661 usecs
[    7.312368] calling  sysctl_core_init+0x0/0x26 @ 1
[    7.319643] initcall sysctl_core_init+0x0/0x26 returned 0 after 482 usecs
[    7.329321] calling  eth_offload_init+0x0/0x13 @ 1
[    7.336501] initcall eth_offload_init+0x0/0x13 returned 0 after 127 usecs
[    7.346253] calling  ipv4_offload_init+0x0/0x73 @ 1
[    7.352140] initcall ipv4_offload_init+0x0/0x73 returned 0 after 170 usecs
[    7.360004] calling  inet_init+0x0/0x276 @ 1
[    7.365162] NET: Registered protocol family 2
[    7.371131] IP idents hash table entries: 8192 (order: 4, 65536 bytes, linear)
[    7.388591] tcp_listen_portaddr_hash hash table entries: 256 (order: 2, 20480 bytes, linear)
[    7.398122] TCP established hash table entries: 4096 (order: 3, 32768 bytes, linear)
[    7.406784] TCP bind hash table entries: 4096 (order: 6, 294912 bytes, linear)
[    7.427503] TCP: Hash tables configured (established 4096 bind 4096)
[    7.434788] UDP hash table entries: 256 (order: 3, 40960 bytes, linear)
[    7.441897] UDP-Lite hash table entries: 256 (order: 3, 40960 bytes, linear)
[    7.449651] initcall inet_init+0x0/0x276 returned 0 after 82745 usecs
[    7.456766] calling  af_unix_init+0x0/0x4d @ 1
[    7.461523] NET: Registered protocol family 1
[    7.466282] initcall af_unix_init+0x0/0x4d returned 0 after 4679 usecs
[    7.474891] calling  ipv6_offload_init+0x0/0x7e @ 1
[    7.480413] initcall ipv6_offload_init+0x0/0x7e returned 0 after 227 usecs
[    7.487672] calling  init_sunrpc+0x0/0x65 @ 1
[    7.498267] RPC: Registered named UNIX socket transport module.
[    7.505304] RPC: Registered udp transport module.
[    7.510807] RPC: Registered tcp transport module.
[    7.516281] RPC: Registered tcp NFSv4.1 backchannel transport module.
[    7.523528] initcall init_sunrpc+0x0/0x65 returned 0 after 30424 usecs
[    7.531095] calling  cfg80211_init+0x0/0xc5 @ 1
[    7.539875] initcall cfg80211_init+0x0/0xc5 returned 0 after 3523 usecs
[    7.547480] calling  pcibios_assign_resources+0x0/0xbf @ 1
[    7.554045] pci_bus 0000:00: resource 4 [io  0x0000-0x0cf7 window]
[    7.561124] pci_bus 0000:00: resource 5 [io  0x0d00-0xffff window]
[    7.568272] pci_bus 0000:00: resource 6 [mem 0x000a0000-0x000bffff window]
[    7.576264] pci_bus 0000:00: resource 7 [mem 0x20000000-0xafffffff window]
[    7.584036] pci_bus 0000:00: resource 8 [mem 0xc0000000-0xfebfffff window]
[    7.591877] pci_bus 0000:00: resource 9 [mem 0x100000000-0x8ffffffff window]
[    7.600175] initcall pcibios_assign_resources+0x0/0xbf returned 0 after 45299 usecs
[    7.608904] calling  pci_apply_final_quirks+0x0/0x124 @ 1
[    7.615662] pci 0000:00:01.0: calling  pci_fixup_video+0x0/0xe0 @ 1
[    7.623324] pci 0000:00:01.0: Video device with shadowed ROM at [mem 0x000c0000-0x000dffff]
[    7.632842] pci 0000:00:01.0: pci_fixup_video+0x0/0xe0 took 9730 usecs
[    7.640562] PCI: CLS 0 bytes, default 64
[    7.645136] initcall pci_apply_final_quirks+0x0/0x124 returned 0 after 29144 usecs
[    7.653931] calling  acpi_reserve_resources+0x0/0xea @ 1
[    7.660139] initcall acpi_reserve_resources+0x0/0xea returned 0 after 19 usecs
[    7.668399] calling  populate_rootfs+0x0/0x102 @ 1
[    7.675782] initcall populate_rootfs+0x0/0x102 returned 0 after 1613 usecs
[    7.683860] calling  pci_iommu_init+0x0/0x3e @ 1
[    7.689462] initcall pci_iommu_init+0x0/0x3e returned 0 after 95 usecs
[    7.698374] calling  ia32_binfmt_init+0x0/0x13 @ 1
[    7.704033] initcall ia32_binfmt_init+0x0/0x13 returned 0 after 28 usecs
[    7.711729] calling  rapl_pmu_init+0x0/0x267 @ 1
[    7.717274] initcall rapl_pmu_init+0x0/0x267 returned -19 after 129 usecs
[    7.725259] calling  amd_uncore_init+0x0/0x310 @ 1
[    7.731017] initcall amd_uncore_init+0x0/0x310 returned -19 after 0 usecs
[    7.739032] calling  amd_ibs_init+0x0/0x27b @ 1
[    7.744449] initcall amd_ibs_init+0x0/0x27b returned -19 after 0 usecs
[    7.752127] calling  amd_iommu_pc_init+0x0/0x22c @ 1
[    7.758039] initcall amd_iommu_pc_init+0x0/0x22c returned -19 after 37 usecs
[    7.766465] calling  msr_init+0x0/0x55 @ 1
[    7.774554] initcall msr_init+0x0/0x55 returned 0 after 2144 usecs
[    7.781842] calling  intel_uncore_init+0x0/0x36f @ 1
[    7.787802] initcall intel_uncore_init+0x0/0x36f returned -19 after 56 usecs
[    7.795967] calling  cstate_pmu_init+0x0/0x1a1 @ 1
[    7.801788] initcall cstate_pmu_init+0x0/0x1a1 returned -19 after 0 usecs
[    7.809854] calling  register_kernel_offset_dumper+0x0/0x1a @ 1
[    7.816858] initcall register_kernel_offset_dumper+0x0/0x1a returned 0 after 25 usecs
[    7.826222] calling  i8259A_init_ops+0x0/0x20 @ 1
[    7.832009] initcall i8259A_init_ops+0x0/0x20 returned 0 after 2 usecs
[    7.839887] calling  init_tsc_clocksource+0x0/0xa4 @ 1
[    7.845970] clocksource: tsc: mask: 0xffffffffffffffff max_cycles: 0x39a85afc727, max_idle_ns: 881590685098 ns
[    7.857610] initcall init_tsc_clocksource+0x0/0xa4 returned 0 after 11365 usecs
[    7.866150] calling  add_rtc_cmos+0x0/0xb0 @ 1
[    7.871562] initcall add_rtc_cmos+0x0/0xb0 returned 0 after 20 usecs
[    7.879373] calling  i8237A_init_ops+0x0/0x3a @ 1
[    7.885102] initcall i8237A_init_ops+0x0/0x3a returned 0 after 94 usecs
[    7.892899] calling  umwait_init+0x0/0x94 @ 1
[    7.898139] initcall umwait_init+0x0/0x94 returned -19 after 14 usecs
[    7.905704] calling  thermal_throttle_init_device+0x0/0x3d @ 1
[    7.912813] initcall thermal_throttle_init_device+0x0/0x3d returned 0 after 43 usecs
[    7.921926] calling  msr_init+0x0/0xd7 @ 1
[    7.948669] initcall msr_init+0x0/0xd7 returned 0 after 21320 usecs
[    7.958367] calling  cpuid_init+0x0/0xd7 @ 1
[    7.977615] initcall cpuid_init+0x0/0xd7 returned 0 after 12384 usecs
[    7.987254] calling  ioapic_init_ops+0x0/0x13 @ 1
[    7.994142] initcall ioapic_init_ops+0x0/0x13 returned 0 after 51 usecs
[    8.003881] calling  add_pcspkr+0x0/0x6c @ 1
[    8.008976] initcall add_pcspkr+0x0/0x6c returned 0 after 83 usecs
[    8.016599] calling  start_periodic_check_for_corruption+0x0/0x30 @ 1
[    8.026106] check: Scanning for low memory corruption every 60 seconds
[    8.035802] initcall start_periodic_check_for_corruption+0x0/0x30 returned 0 after 9517 usecs
[    8.050752] calling  sysfb_init+0x0/0x9c @ 1
[    8.056447] initcall sysfb_init+0x0/0x9c returned 0 after 152 usecs
[    8.064370] calling  audit_classes_init+0x0/0xae @ 1
[    8.070661] initcall audit_classes_init+0x0/0xae returned 0 after 25 usecs
[    8.079332] calling  iosf_mbi_init+0x0/0x24 @ 1
[    8.085537] initcall iosf_mbi_init+0x0/0x24 returned 0 after 222 usecs
[    8.093629] calling  proc_execdomains_init+0x0/0x21 @ 1
[    8.100415] initcall proc_execdomains_init+0x0/0x21 returned 0 after 99 usecs
[    8.109276] calling  register_warn_debugfs+0x0/0x23 @ 1
[    8.116607] initcall register_warn_debugfs+0x0/0x23 returned 0 after 600 usecs
[    8.125807] calling  cpuhp_sysfs_init+0x0/0x79 @ 1
[    8.132069] initcall cpuhp_sysfs_init+0x0/0x79 returned 0 after 171 usecs
[    8.140470] calling  ioresources_init+0x0/0x49 @ 1
[    8.146540] initcall ioresources_init+0x0/0x49 returned 0 after 9 usecs
[    8.154394] calling  lockdep_proc_init+0x0/0x44 @ 1
[    8.160367] initcall lockdep_proc_init+0x0/0x44 returned 0 after 59 usecs
[    8.168369] calling  snapshot_device_init+0x0/0xc @ 1
[    8.176178] initcall snapshot_device_init+0x0/0xc returned 0 after 1736 usecs
[    8.184703] calling  irq_pm_init_ops+0x0/0x13 @ 1
[    8.190362] initcall irq_pm_init_ops+0x0/0x13 returned 0 after 19 usecs
[    8.198385] calling  rcu_torture_init+0x0/0xaad @ 1
[    8.204408] rcu-torture:--- Start of test: nreaders=7 nfakewriters=4 stat_interval=15 verbose=1 test_no_idle_hz=1 shuffle_interval=3 stutter=5 irqreader=1 fqs_duration=0 fqs_holdoff=0 fqs_stutter=3 test_boost=1/0 test_boost_interval=7 test_boost_duration=4 shutdown_secs=1800 stall_cpu=0 stall_cpu_holdoff=10 stall_cpu_irqsoff=0 stall_cpu_block=0 n_barrier_cbs=4 onoff_interval=1000 onoff_holdoff=30 read_exit_delay=13 read_exit_burst=16
[    8.248906] rcu:  Start-test grace-period state: g-1056 f0x0
[    8.255791] rcu-torture: Creating rcu_torture_writer task
[    8.264020] rcu-torture: Creating rcu_torture_fakewriter task
[    8.264403] rcu-torture: rcu_torture_writer task started
[    8.272889] rcu-torture: Creating rcu_torture_fakewriter task
[    8.273161] rcu-torture: rcu_torture_fakewriter task started
[    8.277322] rcu-torture: GP expediting controlled from boot/sysfs for rcu.
[    8.287130] rcu-torture: Creating rcu_torture_fakewriter task
[    8.287559] rcu-torture: rcu_torture_fakewriter task started
[    8.292405] rcu_torture_writer: Testing conditional GPs.
[    8.305928] rcu-torture: Creating rcu_torture_fakewriter task
[    8.306372] rcu-torture: rcu_torture_fakewriter task started
[    8.309548] rcu_torture_writer: Testing expedited GPs.
[    8.317763] rcu-torture: Creating rcu_torture_reader task
[    8.317942] rcu-torture: rcu_torture_fakewriter task started
[    8.323499] rcu_torture_writer: Testing asynchronous GPs.
[    8.332786] rcu-torture: Creating rcu_torture_reader task
[    8.333057] rcu-torture: rcu_torture_reader task started
[    8.339540] rcu_torture_writer: Testing normal GPs.
[    8.349008] rcu-torture: Creating rcu_torture_reader task
[    8.349359] rcu-torture: rcu_torture_reader task started
[    8.403442] rcu-torture: Creating rcu_torture_reader task
[    8.403488] rcu-torture: rcu_torture_reader task started
[    8.411801] rcu-torture: Creating rcu_torture_reader task
[    8.412138] rcu-torture: rcu_torture_reader task started
[    8.432549] rcu-torture: Creating rcu_torture_reader task
[    8.432565] rcu-torture: rcu_torture_reader task started
[    8.440774] rcu-torture: Creating rcu_torture_reader task
[    8.441066] rcu-torture: rcu_torture_reader task started
[    8.459571] rcu-torture: Creating rcu_torture_stats task
[    8.459581] rcu-torture: rcu_torture_reader task started
[    8.466994] rcu-torture: Creating torture_shuffle task
[    8.467359] rcu-torture: rcu_torture_stats task started
[    8.486468] rcu-torture: Creating torture_stutter task
[    8.486492] rcu-torture: torture_shuffle task started
[    8.494464] rcu-torture: Creating torture_shutdown task
[    8.495289] rcu-torture: torture_stutter task started
[    8.515782] rcu-torture: Creating torture_onoff task
[    8.515831] rcu-torture: torture_shutdown task started
[    8.523154] rcu-torture: torture_onoff task started
[    8.523262] rcu-torture: Creating rcu_torture_fwd_prog task
[    8.524149] rcu-torture: Creating rcu_torture_barrier_cbs task
[    8.524172] rcu-torture: rcu_torture_fwd_progress task started
[    8.525105] rcu-torture: Creating rcu_torture_barrier_cbs task
[    8.525170] rcu-torture: rcu_torture_barrier_cbs task started
[    8.526058] rcu-torture: Creating rcu_torture_barrier_cbs task
[    8.526115] rcu-torture: rcu_torture_barrier_cbs task started
[    8.526966] rcu-torture: Creating rcu_torture_barrier_cbs task
[    8.527094] rcu-torture: rcu_torture_barrier_cbs task started
[    8.527960] rcu-torture: Creating rcu_torture_barrier task
[    8.528008] rcu-torture: rcu_torture_barrier_cbs task started
[    8.528869] rcu-torture: Creating rcu_torture_read_exit task
[    8.528898] rcu-torture: rcu_torture_barrier task starting
[    8.529639] initcall rcu_torture_init+0x0/0xaad returned 0 after 317816 usecs
[    8.529643] calling  timekeeping_init_ops+0x0/0x13 @ 1
[    8.529693] initcall timekeeping_init_ops+0x0/0x13 returned 0 after 45 usecs
[    8.529695] calling  init_clocksource_sysfs+0x0/0x23 @ 1
[    8.529881] initcall init_clocksource_sysfs+0x0/0x23 returned 0 after 179 usecs
[    8.529883] calling  init_timer_list_procfs+0x0/0x31 @ 1
[    8.529891] initcall init_timer_list_procfs+0x0/0x31 returned 0 after 5 usecs
[    8.529893] calling  alarmtimer_init+0x0/0xf5 @ 1
[    8.530001] initcall alarmtimer_init+0x0/0xf5 returned 0 after 103 usecs
[    8.530003] calling  init_posix_timers+0x0/0x29 @ 1
[    8.530316] rcu-torture: rcu_torture_read_exit: Start of test
[    8.530463] rcu-torture:torture_shutdown task: 1799964 ms remaining
[    8.532974] initcall init_posix_timers+0x0/0x29 returned 0 after 2895 usecs
[    8.537596] rcu-torture: torture_onoff begin holdoff
[    8.544669] calling  clockevents_init_sysfs+0x0/0xbf @ 1
[    8.745640] initcall clockevents_init_sysfs+0x0/0xbf returned 0 after 276 usecs
[    8.754626] calling  proc_dma_init+0x0/0x21 @ 1
[    8.760331] initcall proc_dma_init+0x0/0x21 returned 0 after 55 usecs
[    8.768349] calling  proc_modules_init+0x0/0x1e @ 1
[    8.774332] initcall proc_modules_init+0x0/0x1e returned 0 after 5 usecs
[    8.782588] calling  kallsyms_init+0x0/0x21 @ 1
[    8.788409] initcall kallsyms_init+0x0/0x21 returned 0 after 4 usecs
[    8.796494] calling  pid_namespaces_init+0x0/0x2c @ 1
[    8.802771] initcall pid_namespaces_init+0x0/0x2c returned 0 after 19 usecs
[    8.811286] calling  audit_watch_init+0x0/0x37 @ 1
[    8.817418] initcall audit_watch_init+0x0/0x37 returned 0 after 223 usecs
[    8.826136] calling  audit_fsnotify_init+0x0/0x37 @ 1
[    8.832468] initcall audit_fsnotify_init+0x0/0x37 returned 0 after 2 usecs
[    8.840876] calling  audit_tree_init+0x0/0x6d @ 1
[    8.846826] initcall audit_tree_init+0x0/0x6d returned 0 after 13 usecs
[    8.855258] calling  seccomp_sysctl_init+0x0/0x2b @ 1
[    8.861652] initcall seccomp_sysctl_init+0x0/0x2b returned 0 after 38 usecs
[    8.870120] calling  utsname_sysctl_init+0x0/0x13 @ 1
[    8.876575] initcall utsname_sysctl_init+0x0/0x13 returned 0 after 27 usecs
[    8.885120] calling  init_tracepoints+0x0/0x27 @ 1
[    8.891135] initcall init_tracepoints+0x0/0x27 returned 0 after 32 usecs
[    8.899900] calling  init_blk_tracer+0x0/0x50 @ 1
[    8.926281] initcall init_blk_tracer+0x0/0x50 returned 0 after 18507 usecs
[    8.937578] calling  perf_event_sysfs_init+0x0/0x83 @ 1
[    8.952063] initcall perf_event_sysfs_init+0x0/0x83 returned 0 after 6716 usecs
[    8.962965] calling  system_trusted_keyring_init+0x0/0x60 @ 1
[    8.970832] Initialise system trusted keyrings
[    8.978464] initcall system_trusted_keyring_init+0x0/0x60 returned 0 after 7449 usecs
[    8.991158] calling  kswapd_init+0x0/0x5c @ 1
[    9.002362] initcall kswapd_init+0x0/0x5c returned 0 after 4107 usecs
[    9.012832] calling  extfrag_debug_init+0x0/0x54 @ 1
[    9.021759] initcall extfrag_debug_init+0x0/0x54 returned 0 after 786 usecs
[    9.033252] calling  mm_compute_batch_init+0x0/0x12 @ 1
[    9.042418] initcall mm_compute_batch_init+0x0/0x12 returned 0 after 48 usecs
[    9.051961] calling  slab_proc_init+0x0/0x21 @ 1
[    9.058688] initcall slab_proc_init+0x0/0x21 returned 0 after 213 usecs
[    9.067772] calling  workingset_init+0x0/0x8c @ 1
[    9.074234] workingset: timestamp_bits=56 max_order=17 bucket_order=0
[    9.083852] initcall workingset_init+0x0/0x8c returned 0 after 9434 usecs
[    9.094164] calling  proc_vmalloc_init+0x0/0x32 @ 1
[    9.102257] initcall proc_vmalloc_init+0x0/0x32 returned 0 after 26 usecs
[    9.113740] calling  procswaps_init+0x0/0x1e @ 1
[    9.121966] initcall procswaps_init+0x0/0x1e returned 0 after 76 usecs
[    9.132863] calling  slab_sysfs_init+0x0/0xec @ 1
[    9.147878] initcall slab_sysfs_init+0x0/0xec returned 0 after 6853 usecs
[    9.159450] calling  fcntl_init+0x0/0x29 @ 1
[    9.167095] initcall fcntl_init+0x0/0x29 returned 0 after 205 usecs
[    9.177929] calling  proc_filesystems_init+0x0/0x21 @ 1
[    9.186642] initcall proc_filesystems_init+0x0/0x21 returned 0 after 8 usecs
[    9.198085] calling  start_dirtytime_writeback+0x0/0x29 @ 1
[    9.207605] initcall start_dirtytime_writeback+0x0/0x29 returned 0 after 72 usecs
[    9.219903] calling  blkdev_init+0x0/0x1b @ 1
[    9.227856] initcall blkdev_init+0x0/0x1b returned 0 after 446 usecs
[    9.240499] calling  dio_init+0x0/0x2c @ 1
[    9.247715] initcall dio_init+0x0/0x2c returned 0 after 100 usecs
[    9.258119] calling  dnotify_init+0x0/0x78 @ 1
[    9.266658] initcall dnotify_init+0x0/0x78 returned 0 after 558 usecs
[    9.277801] calling  aio_setup+0x0/0x78 @ 1
[    9.287398] initcall aio_setup+0x0/0x78 returned 0 after 1715 usecs
[    9.300852] calling  io_uring_init+0x0/0x2c @ 1
[    9.310958] initcall io_uring_init+0x0/0x2c returned 0 after 17 usecs
[    9.321838] calling  mbcache_init+0x0/0x30 @ 1
[    9.329928] initcall mbcache_init+0x0/0x30 returned 0 after 106 usecs
[    9.340888] calling  init_grace+0x0/0xc @ 1
[    9.348186] initcall init_grace+0x0/0xc returned 0 after 256 usecs
[    9.358883] calling  init_v2_quota_format+0x0/0x21 @ 1
[    9.367667] initcall init_v2_quota_format+0x0/0x21 returned 0 after 82 usecs
[    9.379272] calling  init_devpts_fs+0x0/0x27 @ 1
[    9.387392] initcall init_devpts_fs+0x0/0x27 returned 0 after 394 usecs
[    9.398032] calling  ext4_init_fs+0x0/0x1c2 @ 1
[    9.407368] initcall ext4_init_fs+0x0/0x1c2 returned 0 after 1559 usecs
[    9.418347] calling  journal_init+0x0/0x11c @ 1
[    9.426090] initcall journal_init+0x0/0x11c returned 0 after 137 usecs
[    9.436643] calling  init_fat_fs+0x0/0x49 @ 1
[    9.443859] initcall init_fat_fs+0x0/0x49 returned 0 after 131 usecs
[    9.454114] calling  init_vfat_fs+0x0/0xc @ 1
[    9.461853] initcall init_vfat_fs+0x0/0xc returned 0 after 62 usecs
[    9.472589] calling  init_msdos_fs+0x0/0xc @ 1
[    9.481648] initcall init_msdos_fs+0x0/0xc returned 0 after 4 usecs
[    9.490691] calling  init_iso9660_fs+0x0/0x6c @ 1
[    9.497491] initcall init_iso9660_fs+0x0/0x6c returned 0 after 112 usecs
[    9.506633] calling  init_nfs_fs+0x0/0x13a @ 1
[    9.516611] initcall init_nfs_fs+0x0/0x13a returned 0 after 3145 usecs
[    9.525893] calling  init_nfs_v2+0x0/0x13 @ 1
[    9.532453] initcall init_nfs_v2+0x0/0x13 returned 0 after 101 usecs
[    9.541571] calling  init_nfs_v3+0x0/0x13 @ 1
[    9.548140] initcall init_nfs_v3+0x0/0x13 returned 0 after 18 usecs
[    9.557134] calling  init_nfs_v4+0x0/0x32 @ 1
[    9.563943] NFS: Registering the id_resolver key type
[    9.571056] Key type id_resolver registered
[    9.576746] Key type id_legacy registered
[    9.582592] initcall init_nfs_v4+0x0/0x32 returned 0 after 18323 usecs
[    9.594956] calling  init_nlm+0x0/0x5b @ 1
[    9.602643] initcall init_nlm+0x0/0x5b returned 0 after 543 usecs
[    9.612601] calling  init_nls_cp437+0x0/0xe @ 1
[    9.620134] initcall init_nls_cp437+0x0/0xe returned 0 after 37 usecs
[    9.630553] calling  init_nls_ascii+0x0/0xe @ 1
[    9.636549] initcall init_nls_ascii+0x0/0xe returned 0 after 1 usecs
[    9.644988] calling  init_nls_iso8859_1+0x0/0xe @ 1
[    9.651502] initcall init_nls_iso8859_1+0x0/0xe returned 0 after 1 usecs
[    9.660506] calling  init_nls_utf8+0x0/0x21 @ 1
[    9.666544] initcall init_nls_utf8+0x0/0x21 returned 0 after 1 usecs
[    9.675708] calling  init_autofs_fs+0x0/0x25 @ 1
[    9.684554] initcall init_autofs_fs+0x0/0x25 returned 0 after 1986 usecs
[    9.693454] calling  ipc_init+0x0/0x24 @ 1
[    9.699037] initcall ipc_init+0x0/0x24 returned 0 after 81 usecs
[    9.707236] calling  ipc_sysctl_init+0x0/0x13 @ 1
[    9.714135] initcall ipc_sysctl_init+0x0/0x13 returned 0 after 28 usecs
[    9.723277] calling  init_mqueue_fs+0x0/0xb1 @ 1
[    9.730528] initcall init_mqueue_fs+0x0/0xb1 returned 0 after 212 usecs
[    9.740338] calling  key_proc_init+0x0/0x63 @ 1
[    9.746957] initcall key_proc_init+0x0/0x63 returned 0 after 27 usecs
[    9.756545] calling  selinux_nf_ip_init+0x0/0x2e @ 1
[    9.764552] initcall selinux_nf_ip_init+0x0/0x2e returned 0 after 115 usecs
[    9.774867] calling  init_sel_fs+0x0/0x116 @ 1
[    9.781167] initcall init_sel_fs+0x0/0x116 returned 0 after 0 usecs
[    9.789808] calling  selnl_init+0x0/0x7c @ 1
[    9.798889] initcall selnl_init+0x0/0x7c returned 0 after 1586 usecs
[    9.809748] calling  sel_netif_init+0x0/0x36 @ 1
[    9.817680] initcall sel_netif_init+0x0/0x36 returned 0 after 0 usecs
[    9.829081] calling  sel_netnode_init+0x0/0x33 @ 1
[    9.837554] initcall sel_netnode_init+0x0/0x33 returned 0 after 0 usecs
[    9.848935] calling  sel_netport_init+0x0/0x33 @ 1
[    9.856693] initcall sel_netport_init+0x0/0x33 returned 0 after 0 usecs
[    9.866099] calling  aurule_init+0x0/0x2a @ 1
[    9.872488] initcall aurule_init+0x0/0x2a returned 0 after 19 usecs
[    9.881451] calling  crypto_algapi_init+0x0/0xc @ 1
[    9.888582] initcall crypto_algapi_init+0x0/0xc returned 0 after 6 usecs
[    9.898649] calling  jent_mod_init+0x0/0x2d @ 1
[    9.920931] initcall jent_mod_init+0x0/0x2d returned 0 after 14396 usecs
[    9.930902] calling  asymmetric_key_init+0x0/0xc @ 1
[    9.939421] Key type asymmetric registered
[    9.945176] initcall asymmetric_key_init+0x0/0xc returned 0 after 5619 usecs
[    9.956703] calling  x509_key_init+0x0/0xc @ 1
[    9.963598] Asymmetric key parser 'x509' registered
[    9.970725] initcall x509_key_init+0x0/0xc returned 0 after 7009 usecs
[    9.980123] calling  proc_genhd_init+0x0/0x41 @ 1
[    9.986369] initcall proc_genhd_init+0x0/0x41 returned 0 after 10 usecs
[    9.995118] calling  bsg_init+0x0/0x113 @ 1
[   10.001172] Block layer SCSI generic (bsg) driver version 0.4 loaded (major 251)
[   10.010624] initcall bsg_init+0x0/0x113 returned 0 after 9589 usecs
[   10.019042] calling  deadline_init+0x0/0xc @ 1
[   10.025453] io scheduler mq-deadline registered
[   10.031629] initcall deadline_init+0x0/0xc returned 0 after 6336 usecs
[   10.040121] calling  kyber_init+0x0/0xc @ 1
[   10.045860] io scheduler kyber registered
[   10.051839] initcall kyber_init+0x0/0xc returned 0 after 5868 usecs
[   10.060720] calling  mod_init+0x0/0x7 @ 1
[   10.066617] initcall mod_init+0x0/0x7 returned 0 after 0 usecs
[   10.074426] calling  debug_objects_init_debugfs+0x0/0x3b @ 1
[   10.082915] initcall debug_objects_init_debugfs+0x0/0x3b returned 0 after 738 usecs
[   10.093575] calling  percpu_counter_startup+0x0/0x55 @ 1
[   10.110333] initcall percpu_counter_startup+0x0/0x55 returned 0 after 8884 usecs
[   10.122447] calling  sg_pool_init+0x0/0xb4 @ 1
[   10.130187] initcall sg_pool_init+0x0/0xb4 returned 0 after 1907 usecs
[   10.139091] calling  pcie_portdrv_init+0x0/0x39 @ 1
[   10.148227] initcall pcie_portdrv_init+0x0/0x39 returned 0 after 2289 usecs
[   10.158499] calling  pci_proc_init+0x0/0x68 @ 1
[   10.165228] initcall pci_proc_init+0x0/0x68 returned 0 after 108 usecs
[   10.175049] calling  pci_hotplug_init+0x0/0x7 @ 1
[   10.182051] initcall pci_hotplug_init+0x0/0x7 returned 0 after 32 usecs
[   10.191832] calling  efifb_driver_init+0x0/0xe @ 1
[   10.200157] initcall efifb_driver_init+0x0/0xe returned 0 after 953 usecs
[   10.210068] calling  ged_driver_init+0x0/0xe @ 1
[   10.218797] initcall ged_driver_init+0x0/0xe returned 0 after 848 usecs
[   10.228238] calling  acpi_ac_init+0x0/0x92 @ 1
[   10.239950] initcall acpi_ac_init+0x0/0x92 returned 0 after 4767 usecs
[   10.249958] calling  acpi_button_driver_init+0x0/0x52 @ 1
[   10.259778] input: Power Button as /devices/LNXSYSTM:00/LNXPWRBN:00/input/input0
[   10.274685] ACPI: Power Button [PWRF]
[   10.280927] initcall acpi_button_driver_init+0x0/0x52 returned 0 after 22169 usecs
[   10.291124] calling  acpi_fan_driver_init+0x0/0xe @ 1
[   10.298092] initcall acpi_fan_driver_init+0x0/0xe returned 0 after 38 usecs
[   10.307405] calling  acpi_video_init+0x0/0xcb @ 1
[   10.314642] initcall acpi_video_init+0x0/0xcb returned 0 after 544 usecs
[   10.324778] calling  acpi_processor_driver_init+0x0/0xad @ 1
[   10.340001] initcall acpi_processor_driver_init+0x0/0xad returned 0 after 6735 usecs
[   10.350310] calling  acpi_thermal_init+0x0/0x71 @ 1
[   10.362079] initcall acpi_thermal_init+0x0/0x71 returned 0 after 4820 usecs
[   10.371964] calling  acpi_battery_init+0x0/0x32 @ 1
[   10.379707] initcall acpi_battery_init+0x0/0x32 returned 0 after 632 usecs
[   10.389396] calling  bgrt_init+0x0/0xb6 @ 1
[   10.395682] initcall bgrt_init+0x0/0xb6 returned -19 after 0 usecs
[   10.404707] calling  gpio_clk_driver_init+0x0/0xe @ 1
[   10.412390] initcall gpio_clk_driver_init+0x0/0xe returned 0 after 292 usecs
[   10.422280] calling  plt_clk_driver_init+0x0/0xe @ 1
[   10.429474] initcall plt_clk_driver_init+0x0/0xe returned 0 after 61 usecs
[   10.439335] calling  virtio_pci_driver_init+0x0/0x15 @ 1
[   10.447163] initcall virtio_pci_driver_init+0x0/0x15 returned 0 after 165 usecs
[   10.457725] calling  n_null_init+0x0/0x1e @ 1
[   10.464513] initcall n_null_init+0x0/0x1e returned 0 after 118 usecs
[   10.473675] calling  pty_init+0x0/0x1e8 @ 1
[   10.481395] initcall pty_init+0x0/0x1e8 returned 0 after 1355 usecs
[   10.490674] calling  sysrq_init+0x0/0x62 @ 1
[   10.496974] initcall sysrq_init+0x0/0x62 returned 0 after 64 usecs
[   10.505705] calling  serial8250_init+0x0/0x17e @ 1
[   10.513017] Serial: 8250/16550 driver, 4 ports, IRQ sharing enabled
[   10.524519] 00:03: ttyS0 at I/O 0x3f8 (irq = 4, base_baud = 115200) is a 16550A
[   10.540771] initcall serial8250_init+0x0/0x17e returned 0 after 27204 usecs
[   10.550803] calling  serial_pci_driver_init+0x0/0x15 @ 1
[   10.562020] initcall serial_pci_driver_init+0x0/0x15 returned 0 after 205 usecs
[   10.572440] calling  exar_pci_driver_init+0x0/0x15 @ 1
[   10.580032] initcall exar_pci_driver_init+0x0/0x15 returned 0 after 48 usecs
[   10.589910] calling  lpss8250_pci_driver_init+0x0/0x15 @ 1
[   10.598433] initcall lpss8250_pci_driver_init+0x0/0x15 returned 0 after 100 usecs
[   10.610381] calling  mid8250_pci_driver_init+0x0/0x15 @ 1
[   10.619337] initcall mid8250_pci_driver_init+0x0/0x15 returned 0 after 53 usecs
[   10.630869] calling  virtio_console_init+0x0/0xff @ 1
[   10.638245] initcall virtio_console_init+0x0/0xff returned 0 after 536 usecs
[   10.648523] calling  hpet_init+0x0/0x64 @ 1
[   10.658030] initcall hpet_init+0x0/0x64 returned 0 after 3312 usecs
[   10.667108] calling  nvram_module_init+0x0/0x83 @ 1
[   10.676230] Non-volatile memory driver v1.3
[   10.682828] initcall nvram_module_init+0x0/0x83 returned 0 after 8442 usecs
[   10.692649] calling  hwrng_modinit+0x0/0x8a @ 1
[   10.701783] initcall hwrng_modinit+0x0/0x8a returned 0 after 2328 usecs
[   10.713914] calling  mod_init+0x0/0x48 @ 1
[   10.720348] initcall mod_init+0x0/0x48 returned -19 after 0 usecs
[   10.732496] calling  agp_init+0x0/0x23 @ 1
[   10.739410] Linux agpgart interface v0.103
[   10.745859] initcall agp_init+0x0/0x23 returned 0 after 6294 usecs
[   10.755682] calling  agp_amd64_mod_init+0x0/0x5 @ 1
[   10.764429] initcall agp_amd64_mod_init+0x0/0x5 returned -19 after 644 usecs
[   10.777608] calling  agp_intel_init+0x0/0x28 @ 1
[   10.786035] initcall agp_intel_init+0x0/0x28 returned 0 after 1116 usecs
[   10.796685] calling  drm_kms_helper_init+0x0/0x7 @ 1
[   10.805218] initcall drm_kms_helper_init+0x0/0x7 returned 0 after 277 usecs
[   10.816180] calling  drm_core_init+0x0/0xbd @ 1
[   10.826936] initcall drm_core_init+0x0/0xbd returned 0 after 3865 usecs
[   10.837614] calling  i915_init+0x0/0x6b @ 1
[   10.845834] initcall i915_init+0x0/0x6b returned 0 after 1809 usecs
[   10.855311] calling  cn_proc_init+0x0/0x35 @ 1
[   10.863679] initcall cn_proc_init+0x0/0x35 returned 0 after 31 usecs
[   10.874451] calling  topology_sysfs_init+0x0/0x27 @ 1
[   10.883194] initcall topology_sysfs_init+0x0/0x27 returned 0 after 250 usecs
[   10.898759] calling  cacheinfo_sysfs_init+0x0/0x27 @ 1
[   10.935966] initcall cacheinfo_sysfs_init+0x0/0x27 returned 0 after 26804 usecs
[   10.946636] calling  loop_init+0x0/0x16a @ 1
[   11.224289] hrtimer: interrupt took 2703964 ns
[   11.384228] loop: module loaded
[   11.389596] initcall loop_init+0x0/0x16a returned 0 after 425564 usecs
[   11.401189] calling  mac_hid_init+0x0/0x21 @ 1
[   11.408878] initcall mac_hid_init+0x0/0x21 returned 0 after 1372 usecs
[   11.418112] calling  spi_transport_init+0x0/0x74 @ 1
[   11.427920] initcall spi_transport_init+0x0/0x74 returned 0 after 2572 usecs
[   11.438436] calling  init_sd+0x0/0x18c @ 1
[   11.448163] initcall init_sd+0x0/0x18c returned 0 after 3983 usecs
[   11.456684] calling  init_sr+0x0/0x43 @ 1
[   11.462561] initcall init_sr+0x0/0x43 returned 0 after 411 usecs
[   11.471223] calling  init_sg+0x0/0x1c0 @ 1
[   11.479013] initcall init_sg+0x0/0x1c0 returned 0 after 1616 usecs
[   11.489170] calling  ahci_pci_driver_init+0x0/0x15 @ 1
[   11.503280] ahci 0000:00:1f.2: version 3.0
[   11.534139] PCI Interrupt Link [GSIA] enabled at IRQ 16
[   11.626935] ahci 0000:00:1f.2: AHCI 0001.0000 32 slots 6 ports 1.5 Gbps 0x3f impl SATA mode
[   11.638890] ahci 0000:00:1f.2: flags: 64bit ncq only 
[   11.729052] scsi host0: ahci
[   11.757823] scsi host1: ahci
[   11.782503] scsi host2: ahci
[   11.804886] scsi host3: ahci
[   11.824805] scsi host4: ahci
[   11.845286] scsi host5: ahci
[   11.852847] ata1: SATA max UDMA/133 abar m4096@0xfebf1000 port 0xfebf1100 irq 24
[   11.864196] ata2: SATA max UDMA/133 abar m4096@0xfebf1000 port 0xfebf1180 irq 24
[   11.874797] ata3: SATA max UDMA/133 abar m4096@0xfebf1000 port 0xfebf1200 irq 24
[   11.885978] ata4: SATA max UDMA/133 abar m4096@0xfebf1000 port 0xfebf1280 irq 24
[   11.897010] ata5: SATA max UDMA/133 abar m4096@0xfebf1000 port 0xfebf1300 irq 24
[   11.910538] ata6: SATA max UDMA/133 abar m4096@0xfebf1000 port 0xfebf1380 irq 24
[   11.927462] initcall ahci_pci_driver_init+0x0/0x15 returned 0 after 420827 usecs
[   11.939993] calling  piix_init+0x0/0x26 @ 1
[   11.946786] initcall piix_init+0x0/0x26 returned 0 after 387 usecs
[   11.956624] calling  amd_pci_driver_init+0x0/0x15 @ 1
[   11.964797] initcall amd_pci_driver_init+0x0/0x15 returned 0 after 101 usecs
[   11.975572] calling  oldpiix_pci_driver_init+0x0/0x15 @ 1
[   11.983759] initcall oldpiix_pci_driver_init+0x0/0x15 returned 0 after 119 usecs
[   11.995857] calling  sch_pci_driver_init+0x0/0x15 @ 1
[   12.004664] initcall sch_pci_driver_init+0x0/0x15 returned 0 after 73 usecs
[   12.016925] calling  net_olddevs_init+0x0/0x55 @ 1
[   12.025612] initcall net_olddevs_init+0x0/0x55 returned 0 after 623 usecs
[   12.036109] calling  blackhole_netdev_init+0x0/0x78 @ 1
[   12.049514] initcall blackhole_netdev_init+0x0/0x78 returned 0 after 5280 usecs
[   12.061527] calling  phy_module_init+0x0/0x13 @ 1
[   12.071023] initcall phy_module_init+0x0/0x13 returned 0 after 1495 usecs
[   12.083008] calling  tg3_driver_init+0x0/0x15 @ 1
[   12.092017] initcall tg3_driver_init+0x0/0x15 returned 0 after 487 usecs
[   12.103448] calling  e100_init_module+0x0/0x4c @ 1
[   12.112319] e100: Intel(R) PRO/100 Network Driver
[   12.120687] e100: Copyright(c) 1999-2006 Intel Corporation
[   12.131532] initcall e100_init_module+0x0/0x4c returned 0 after 18757 usecs
[   12.143996] calling  e1000_init_module+0x0/0x72 @ 1
[   12.152981] e1000: Intel(R) PRO/1000 Network Driver
[   12.161944] e1000: Copyright (c) 1999-2006 Intel Corporation.
[   12.172621] initcall e1000_init_module+0x0/0x72 returned 0 after 19173 usecs
[   12.185572] calling  e1000_init_module+0x0/0x2d @ 1
[   12.194552] e1000e: Intel(R) PRO/1000 Network Driver
[   12.204158] e1000e: Copyright(c) 1999 - 2015 Intel Corporation.
[   12.215565] initcall e1000_init_module+0x0/0x2d returned 0 after 20534 usecs
[   12.227292] calling  sky2_init_module+0x0/0x21 @ 1
[   12.235747] sky2: driver version 1.30
[   12.242141] initcall sky2_init_module+0x0/0x21 returned 0 after 6238 usecs
[   12.252881] ata1: SATA link down (SStatus 0 SControl 300)
[   12.253783] calling  forcedeth_pci_driver_init+0x0/0x15 @ 1
[   12.253945] initcall forcedeth_pci_driver_init+0x0/0x15 returned 0 after 153 usecs
[   12.266108] ata4: SATA link down (SStatus 0 SControl 300)
[   12.270562] calling  rtl8139_init_module+0x0/0x15 @ 1
[   12.270865] initcall rtl8139_init_module+0x0/0x15 returned 0 after 291 usecs
[   12.289737] ata6: SATA link down (SStatus 0 SControl 300)
[   12.294466] calling  rtl8169_pci_driver_init+0x0/0x15 @ 1
[   12.317257] ata5: SATA link down (SStatus 0 SControl 300)
[   12.322968] initcall rtl8169_pci_driver_init+0x0/0x15 returned 0 after 1783 usecs
[   12.337262] ata3: SATA link up 1.5 Gbps (SStatus 113 SControl 300)
[   12.338010] calling  cdrom_init+0x0/0xc @ 1
[   12.351825] ata3.00: ATAPI: QEMU DVD-ROM, 2.5+, max UDMA/100
[   12.358940] initcall cdrom_init+0x0/0xc returned 0 after 354 usecs
[   12.364754] ata3.00: applying bridge limits
[   12.372498] calling  nonstatic_sysfs_init+0x0/0xc @ 1
[   12.372602] initcall nonstatic_sysfs_init+0x0/0xc returned 0 after 97 usecs
[   12.372604] calling  yenta_cardbus_driver_init+0x0/0x15 @ 1
[   12.373180] initcall yenta_cardbus_driver_init+0x0/0x15 returned 0 after 558 usecs
[   12.387150] ata2: SATA link down (SStatus 0 SControl 300)
[   12.389099] calling  mon_init+0x0/0x144 @ 1
[   12.397457] initcall mon_init+0x0/0x144 returned 0 after 8153 usecs
[   12.412735] ata3.00: configured for UDMA/100
[   12.416097] calling  ehci_hcd_init+0x0/0x56 @ 1
[   12.416541] ehci_hcd: USB 2.0 'Enhanced' Host Controller (EHCI) Driver
[   12.416546] initcall ehci_hcd_init+0x0/0x56 returned 0 after 434 usecs
[   12.416548] calling  ehci_pci_init+0x0/0x64 @ 1
[   12.416549] ehci-pci: EHCI PCI platform driver
[   12.418170] initcall ehci_pci_init+0x0/0x64 returned 0 after 1580 usecs
[   12.437134] scsi 2:0:0:0: CD-ROM            QEMU     QEMU DVD-ROM     2.5+ PQ: 0 ANSI: 5
[   12.437988] calling  ohci_hcd_mod_init+0x0/0x4e @ 1
[   12.438050] ohci_hcd: USB 1.1 'Open' Host Controller (OHCI) Driver
[   12.438830] initcall ohci_hcd_mod_init+0x0/0x4e returned 0 after 816 usecs
[   12.564022] calling  ohci_pci_init+0x0/0x64 @ 1
[   12.570657] ohci-pci: OHCI PCI platform driver
[   12.577048] initcall ohci_pci_init+0x0/0x64 returned 0 after 6270 usecs
[   12.586314] calling  uhci_hcd_init+0x0/0xa8 @ 1
[   12.593010] uhci_hcd: USB Universal Host Controller Interface driver
[   12.602696] initcall uhci_hcd_init+0x0/0xa8 returned 0 after 9498 usecs
[   12.613568] calling  xhci_hcd_init+0x0/0x1e @ 1
[   12.621657] initcall xhci_hcd_init+0x0/0x1e returned 0 after 64 usecs
[   12.632582] calling  xhci_pci_init+0x0/0x49 @ 1
[   12.640611] initcall xhci_pci_init+0x0/0x49 returned 0 after 259 usecs
[   12.651450] calling  usblp_driver_init+0x0/0x15 @ 1
[   12.660302] usbcore: registered new interface driver usblp
[   12.671802] initcall usblp_driver_init+0x0/0x15 returned 0 after 12310 usecs
[   12.672628] sr 2:0:0:0: [sr0] scsi3-mmc drive: 4x/4x cd/rw xa/form2 tray
[   12.683181] calling  usb_storage_driver_init+0x0/0x2a @ 1
[   12.693805] cdrom: Uniform CD-ROM driver Revision: 3.20
[   12.701586] usbcore: registered new interface driver usb-storage
[   12.718396] initcall usb_storage_driver_init+0x0/0x2a returned 0 after 16570 usecs
[   12.730140] calling  i8042_init+0x0/0x4c2 @ 1
[   12.738034] i8042: PNP: PS/2 Controller [PNP0303:KBD,PNP0f13:MOU] at 0x60,0x64 irq 1,12
[   12.765710] serio: i8042 KBD port at 0x60,0x64 irq 1
[   12.770368] sr 2:0:0:0: Attached scsi CD-ROM sr0
[   12.774648] serio: i8042 AUX port at 0x60,0x64 irq 12
[   12.786629] sr 2:0:0:0: Attached scsi generic sg0 type 5
[   12.790488] initcall i8042_init+0x0/0x4c2 returned 0 after 52140 usecs
[   12.809756] calling  serport_init+0x0/0x2c @ 1
[   12.817067] initcall serport_init+0x0/0x2c returned 0 after 76 usecs
[   12.827869] calling  input_leds_init+0x0/0xc @ 1
[   12.836903] initcall input_leds_init+0x0/0xc returned 0 after 838 usecs
[   12.848462] calling  evdev_init+0x0/0xc @ 1
[   12.856827] initcall evdev_init+0x0/0xc returned 0 after 1477 usecs
[   12.866265] calling  atkbd_init+0x0/0x21 @ 1
[   12.876049] initcall atkbd_init+0x0/0x21 returned 0 after 1360 usecs
[   12.884989] calling  psmouse_init+0x0/0x7f @ 1
[   12.895729] initcall psmouse_init+0x0/0x7f returned 0 after 969 usecs
[   12.906421] calling  cmos_init+0x0/0x73 @ 1
[   12.915416] input: AT Translated Set 2 keyboard as /devices/platform/i8042/serio0/input/input1
[   12.925711] rtc_cmos 00:04: RTC can wake from S4
[   12.947070] rtc_cmos 00:04: registered as rtc0
[   12.956011] rtc_cmos 00:04: alarms up to one day, y3k, 242 bytes nvram, hpet irqs
[   12.975168] initcall cmos_init+0x0/0x73 returned 0 after 60227 usecs
[   12.987326] calling  smbalert_driver_init+0x0/0xe @ 1
[   12.999526] initcall smbalert_driver_init+0x0/0xe returned 0 after 342 usecs
[   13.010285] calling  i2c_i801_init+0x0/0xc5 @ 1
[   13.027085] i801_smbus 0000:00:1f.3: SMBus using PCI interrupt
[   13.039683] i2c i2c-0: 1/1 memory slots populated (from DMI)
[   13.051301] i2c i2c-0: Memory type 0x07 not supported yet, not instantiating SPD
[   13.072037] initcall i2c_i801_init+0x0/0xc5 returned 0 after 53891 usecs
[   13.088185] calling  ptp_kvm_init+0x0/0xf0 @ 1
[   13.099066] initcall ptp_kvm_init+0x0/0xf0 returned 0 after 3416 usecs
[   13.110104] calling  dm_init+0x0/0x3c @ 1
[   13.119138] device-mapper: ioctl: 4.43.0-ioctl (2020-10-01) initialised: dm-devel@redhat.com
[   13.133159] initcall dm_init+0x0/0x3c returned 0 after 16242 usecs
[   13.143571] calling  dm_mirror_init+0x0/0x29 @ 1
[   13.181082] initcall dm_mirror_init+0x0/0x29 returned 0 after 2410 usecs
[   13.192118] calling  dm_dirty_log_init+0x0/0x4f @ 1
[   13.202511] initcall dm_dirty_log_init+0x0/0x4f returned 0 after 2912 usecs
[   13.213565] calling  dm_zero_init+0x0/0x29 @ 1
[   13.220805] initcall dm_zero_init+0x0/0x29 returned 0 after 73 usecs
[   13.231754] calling  intel_pstate_init+0x0/0x50f @ 1
[   13.242686] intel_pstate: CPU model not supported
[   13.251611] initcall intel_pstate_init+0x0/0x50f returned -19 after 10931 usecs
[   13.263773] calling  haltpoll_init+0x0/0xc0 @ 1
[   13.274284] initcall haltpoll_init+0x0/0xc0 returned -19 after 1398 usecs
[   13.285521] calling  efivars_sysfs_init+0x0/0x30 @ 1
[   13.293974] initcall efivars_sysfs_init+0x0/0x30 returned 0 after 493 usecs
[   13.304379] calling  esrt_sysfs_init+0x0/0x2a2 @ 1
[   13.313534] initcall esrt_sysfs_init+0x0/0x2a2 returned -38 after 493 usecs
[   13.325395] calling  hid_init+0x0/0x5c @ 1
[   13.337297] hid: raw HID events driver (C) Jiri Kosina
[   13.344536] initcall hid_init+0x0/0x5c returned 0 after 12136 usecs
[   13.353547] calling  hid_generic_init+0x0/0x15 @ 1
[   13.362024] initcall hid_generic_init+0x0/0x15 returned 0 after 1493 usecs
[   13.371415] calling  a4_driver_init+0x0/0x15 @ 1
[   13.377476] initcall a4_driver_init+0x0/0x15 returned 0 after 26 usecs
[   13.386196] calling  apple_driver_init+0x0/0x15 @ 1
[   13.393107] initcall apple_driver_init+0x0/0x15 returned 0 after 249 usecs
[   13.402404] calling  belkin_driver_init+0x0/0x15 @ 1
[   13.412590] initcall belkin_driver_init+0x0/0x15 returned 0 after 27 usecs
[   13.421605] calling  ch_driver_init+0x0/0x15 @ 1
[   13.427767] initcall ch_driver_init+0x0/0x15 returned 0 after 55 usecs
[   13.458216] calling  ch_driver_init+0x0/0x15 @ 1
[   13.466365] initcall ch_driver_init+0x0/0x15 returned 0 after 36 usecs
[   13.478040] calling  cp_driver_init+0x0/0x15 @ 1
[   13.485088] initcall cp_driver_init+0x0/0x15 returned 0 after 123 usecs
[   13.495680] calling  ez_driver_init+0x0/0x15 @ 1
[   13.504300] initcall ez_driver_init+0x0/0x15 returned 0 after 375 usecs
[   13.517891] calling  gyration_driver_init+0x0/0x15 @ 1
[   13.526173] initcall gyration_driver_init+0x0/0x15 returned 0 after 35 usecs
[   13.537394] calling  ite_driver_init+0x0/0x15 @ 1
[   13.545335] initcall ite_driver_init+0x0/0x15 returned 0 after 430 usecs
[   13.555931] calling  ks_driver_init+0x0/0x15 @ 1
[   13.563544] initcall ks_driver_init+0x0/0x15 returned 0 after 361 usecs
[   13.574463] calling  lg_driver_init+0x0/0x15 @ 1
[   13.582647] initcall lg_driver_init+0x0/0x15 returned 0 after 351 usecs
[   13.593767] calling  lg_g15_driver_init+0x0/0x15 @ 1
[   13.603359] initcall lg_g15_driver_init+0x0/0x15 returned 0 after 732 usecs
[   13.613428] calling  ms_driver_init+0x0/0x15 @ 1
[   13.619931] rcu_torture_rea (150) used greatest stack depth: 15120 bytes left
[   13.620150] initcall ms_driver_init+0x0/0x15 returned 0 after 238 usecs
[   13.638391] calling  mr_driver_init+0x0/0x15 @ 1
[   13.644416] initcall mr_driver_init+0x0/0x15 returned 0 after 46 usecs
[   13.653327] calling  ntrig_driver_init+0x0/0x15 @ 1
[   13.660129] initcall ntrig_driver_init+0x0/0x15 returned 0 after 80 usecs
[   13.669551] calling  pl_driver_init+0x0/0x15 @ 1
[   13.676058] initcall pl_driver_init+0x0/0x15 returned 0 after 40 usecs
[   13.685530] calling  pl_driver_init+0x0/0x15 @ 1
[   13.692055] initcall pl_driver_init+0x0/0x15 returned 0 after 94 usecs
[   13.700975] calling  redragon_driver_init+0x0/0x15 @ 1
[   13.708128] initcall redragon_driver_init+0x0/0x15 returned 0 after 41 usecs
[   13.716011] rcu-torture: rcu_torture_read_exit: End of episode
[   13.717136] calling  samsung_driver_init+0x0/0x15 @ 1
[   13.731703] initcall samsung_driver_init+0x0/0x15 returned 0 after 48 usecs
[   13.741064] calling  sony_init+0x0/0x38 @ 1
[   13.746959] initcall sony_init+0x0/0x38 returned 0 after 170 usecs
[   13.755693] calling  sp_driver_init+0x0/0x15 @ 1
[   13.762531] initcall sp_driver_init+0x0/0x15 returned 0 after 120 usecs
[   13.771775] calling  ts_driver_init+0x0/0x15 @ 1
[   13.779016] initcall ts_driver_init+0x0/0x15 returned 0 after 52 usecs
[   13.789979] calling  hid_init+0x0/0x58 @ 1
[   13.797898] usbcore: registered new interface driver usbhid
[   13.806665] usbhid: USB HID core driver
[   13.812524] initcall hid_init+0x0/0x58 returned 0 after 15301 usecs
[   13.822323] calling  eeepc_laptop_init+0x0/0x57 @ 1
[   13.832532] initcall eeepc_laptop_init+0x0/0x57 returned -19 after 2822 usecs
[   13.843468] calling  pmc_atom_init+0x0/0x27a @ 1
[   13.851072] initcall pmc_atom_init+0x0/0x27a returned -19 after 257 usecs
[   13.859845] input: ImExPS/2 Generic Explorer Mouse as /devices/platform/i8042/serio1/input/input3
[   13.861733] calling  alsa_hwdep_init+0x0/0x5e @ 1
[   13.882528] initcall alsa_hwdep_init+0x0/0x5e returned 0 after 464 usecs
[   13.892956] calling  alsa_timer_init+0x0/0x1f9 @ 1
[   13.903143] initcall alsa_timer_init+0x0/0x1f9 returned 0 after 2591 usecs
[   13.914342] calling  snd_hrtimer_init+0x0/0x117 @ 1
[   13.922900] initcall snd_hrtimer_init+0x0/0x117 returned 0 after 213 usecs
[   13.934318] calling  alsa_pcm_init+0x0/0x64 @ 1
[   13.941720] initcall alsa_pcm_init+0x0/0x64 returned 0 after 330 usecs
[   13.951944] calling  alsa_seq_init+0x0/0x4a @ 1
[   13.991441] initcall alsa_seq_init+0x0/0x4a returned 0 after 16296 usecs
[   14.001485] calling  alsa_seq_dummy_init+0x0/0x9c @ 1
[   14.028903] initcall alsa_seq_dummy_init+0x0/0x9c returned 0 after 130 usecs
[   14.040128] calling  azx_driver_init+0x0/0x15 @ 1
[   14.047958] initcall azx_driver_init+0x0/0x15 returned 0 after 492 usecs
[   14.058186] calling  sock_diag_init+0x0/0x2a @ 1
[   14.066416] initcall sock_diag_init+0x0/0x2a returned 0 after 1255 usecs
[   14.076150] calling  blackhole_init+0x0/0xc @ 1
[   14.083180] initcall blackhole_init+0x0/0xc returned 0 after 46 usecs
[   14.092781] calling  nfnetlink_init+0x0/0x61 @ 1
[   14.099955] initcall nfnetlink_init+0x0/0x61 returned 0 after 270 usecs
[   14.109892] calling  nfnetlink_log_init+0x0/0x99 @ 1
[   14.117411] initcall nfnetlink_log_init+0x0/0x99 returned 0 after 282 usecs
[   14.127550] calling  nf_conntrack_standalone_init+0x0/0x87 @ 1
