c[?7l[2J[0mSeaBIOS (version 1.16.0-debian-1.16.0-4)
Booting from ROM...
early console in setup code
c[?7l[2J[    0.000000] Linux version 5.10.155+ (root@joelboxx.c.googlers.com) (gcc (Debian 12.2.0-3) 12.2.0, GNU ld (GNU Binutils for Debian) 2.39) #19 PREEMPT Tue Dec 13 05:41:22 UTC 2022
[    0.000000] Command line: selinux=0 initcall_debug debug console=ttyS0 rcutorture.n_barrier_cbs=4 rcutorture.stat_interval=15 rcutorture.shutdown_secs=1800 rcutorture.test_no_idle_hz=1 rcutorture.verbose=1
[    0.000000] x86/fpu: x87 FPU will use FXSAVE
[    0.000000] BIOS-provided physical RAM map:
[    0.000000] BIOS-e820: [mem 0x0000000000000000-0x000000000009fbff] usable
[    0.000000] BIOS-e820: [mem 0x000000000009fc00-0x000000000009ffff] reserved
[    0.000000] BIOS-e820: [mem 0x00000000000f0000-0x00000000000fffff] reserved
[    0.000000] BIOS-e820: [mem 0x0000000000100000-0x000000001ffdefff] usable
[    0.000000] BIOS-e820: [mem 0x000000001ffdf000-0x000000001fffffff] reserved
[    0.000000] BIOS-e820: [mem 0x00000000b0000000-0x00000000bfffffff] reserved
[    0.000000] BIOS-e820: [mem 0x00000000fed1c000-0x00000000fed1ffff] reserved
[    0.000000] BIOS-e820: [mem 0x00000000feffc000-0x00000000feffffff] reserved
[    0.000000] BIOS-e820: [mem 0x00000000fffc0000-0x00000000ffffffff] reserved
[    0.000000] NX (Execute Disable) protection: active
[    0.000000] SMBIOS 2.8 present.
[    0.000000] DMI: QEMU Standard PC (Q35 + ICH9, 2009), BIOS 1.16.0-debian-1.16.0-4 04/01/2014
[    0.000000] Hypervisor detected: KVM
[    0.000000] kvm-clock: Using msrs 4b564d01 and 4b564d00
[    0.000000] kvm-clock: cpu 0, msr d066001, primary cpu clock
[    0.000001] kvm-clock: using sched offset of 1572497047 cycles
[    0.000085] clocksource: kvm-clock: mask: 0xffffffffffffffff max_cycles: 0x1cd42e4dffb, max_idle_ns: 881590591483 ns
[    0.000089] tsc: Detected 1999.999 MHz processor
[    0.008278] e820: update [mem 0x00000000-0x00000fff] usable ==> reserved
[    0.008286] e820: remove [mem 0x000a0000-0x000fffff] usable
[    0.008292] last_pfn = 0x1ffdf max_arch_pfn = 0x400000000
[    0.009003] MTRR default type: write-back
[    0.009005] MTRR fixed ranges enabled:
[    0.009006]   00000-9FFFF write-back
[    0.009008]   A0000-BFFFF uncachable
[    0.009009]   C0000-FFFFF write-protect
[    0.009010] MTRR variable ranges enabled:
[    0.009011]   0 base 00C0000000 mask FFC0000000 uncachable
[    0.009012]   1 disabled
[    0.009013]   2 disabled
[    0.009013]   3 disabled
[    0.009014]   4 disabled
[    0.009015]   5 disabled
[    0.009016]   6 disabled
[    0.009016]   7 disabled
[    0.009285] x86/PAT: Configuration [0-7]: WB  WC  UC- UC  WB  WC  UC- UC  
[    0.018303] found SMP MP-table at [mem 0x000f5ba0-0x000f5baf]
[    0.020486] check: Scanning 1 areas for low memory corruption
[    0.028973] ACPI: Early table checksum verification disabled
[    0.030375] ACPI: RSDP 0x00000000000F59E0 000014 (v00 BOCHS )
[    0.030613] ACPI: RSDT 0x000000001FFE229A 000038 (v01 BOCHS  BXPC     00000001 BXPC 00000001)
[    0.030954] ACPI: FACP 0x000000001FFE2092 0000F4 (v03 BOCHS  BXPC     00000001 BXPC 00000001)
[    0.031035] ACPI: DSDT 0x000000001FFE0040 002052 (v01 BOCHS  BXPC     00000001 BXPC 00000001)
[    0.031040] ACPI: FACS 0x000000001FFE0000 000040
[    0.031044] ACPI: APIC 0x000000001FFE2186 000078 (v01 BOCHS  BXPC     00000001 BXPC 00000001)
[    0.031048] ACPI: HPET 0x000000001FFE21FE 000038 (v01 BOCHS  BXPC     00000001 BXPC 00000001)
[    0.031052] ACPI: MCFG 0x000000001FFE2236 00003C (v01 BOCHS  BXPC     00000001 BXPC 00000001)
[    0.031056] ACPI: WAET 0x000000001FFE2272 000028 (v01 BOCHS  BXPC     00000001 BXPC 00000001)
[    0.031059] ACPI: Reserving FACP table memory at [mem 0x1ffe2092-0x1ffe2185]
[    0.031061] ACPI: Reserving DSDT table memory at [mem 0x1ffe0040-0x1ffe2091]
[    0.031062] ACPI: Reserving FACS table memory at [mem 0x1ffe0000-0x1ffe003f]
[    0.031063] ACPI: Reserving APIC table memory at [mem 0x1ffe2186-0x1ffe21fd]
[    0.031064] ACPI: Reserving HPET table memory at [mem 0x1ffe21fe-0x1ffe2235]
[    0.031117] ACPI: Reserving MCFG table memory at [mem 0x1ffe2236-0x1ffe2271]
[    0.031118] ACPI: Reserving WAET table memory at [mem 0x1ffe2272-0x1ffe2299]
[    0.031757] ACPI: Local APIC address 0xfee00000
[    0.033262] Zone ranges:
[    0.033308]   DMA      [mem 0x0000000000001000-0x0000000000ffffff]
[    0.033342]   DMA32    [mem 0x0000000001000000-0x000000001ffdefff]
[    0.033344]   Normal   empty
[    0.033346] Movable zone start for each node
[    0.033346] Early memory node ranges
[    0.033348]   node   0: [mem 0x0000000000001000-0x000000000009efff]
[    0.033349]   node   0: [mem 0x0000000000100000-0x000000001ffdefff]
[    0.033441] Initmem setup node 0 [mem 0x0000000000001000-0x000000001ffdefff]
[    0.033444] On node 0 totalpages: 130941
[    0.033446]   DMA zone: 64 pages used for memmap
[    0.033447]   DMA zone: 21 pages reserved
[    0.033448]   DMA zone: 3998 pages, LIFO batch:0
[    0.033450]   DMA32 zone: 1984 pages used for memmap
[    0.033451]   DMA32 zone: 126943 pages, LIFO batch:31
[    0.049737] On node 0, zone DMA: 1 pages in unavailable ranges
[    0.053660] On node 0, zone DMA: 97 pages in unavailable ranges
[    0.178647] On node 0, zone DMA32: 33 pages in unavailable ranges
[    0.182329] ACPI: PM-Timer IO Port: 0x608
[    0.182334] ACPI: Local APIC address 0xfee00000
[    0.182575] ACPI: LAPIC_NMI (acpi_id[0xff] dfl dfl lint[0x1])
[    0.183835] IOAPIC[0]: apic_id 0, version 17, address 0xfec00000, GSI 0-23
[    0.183900] ACPI: INT_SRC_OVR (bus 0 bus_irq 0 global_irq 2 dfl dfl)
[    0.183902] ACPI: INT_SRC_OVR (bus 0 bus_irq 5 global_irq 5 high level)
[    0.183903] ACPI: INT_SRC_OVR (bus 0 bus_irq 9 global_irq 9 high level)
[    0.184081] ACPI: INT_SRC_OVR (bus 0 bus_irq 10 global_irq 10 high level)
[    0.184083] ACPI: INT_SRC_OVR (bus 0 bus_irq 11 global_irq 11 high level)
[    0.184086] ACPI: IRQ0 used by override.
[    0.184087] ACPI: IRQ5 used by override.
[    0.184088] ACPI: IRQ9 used by override.
[    0.184089] ACPI: IRQ10 used by override.
[    0.184090] ACPI: IRQ11 used by override.
[    0.184093] Using ACPI (MADT) for SMP configuration information
[    0.184095] ACPI: HPET id: 0x8086a201 base: 0xfed00000
[    0.184914] kvm-guest: stealtime: cpu 0, msr c84d780
[    0.185828] PM: hibernation: Registered nosave memory: [mem 0x00000000-0x00000fff]
[    0.185830] PM: hibernation: Registered nosave memory: [mem 0x0009f000-0x0009ffff]
[    0.185831] PM: hibernation: Registered nosave memory: [mem 0x000a0000-0x000effff]
[    0.185832] PM: hibernation: Registered nosave memory: [mem 0x000f0000-0x000fffff]
[    0.185835] [mem 0x20000000-0xafffffff] available for PCI devices
[    0.185907] Booting paravirtualized kernel on KVM
[    0.186354] clocksource: refined-jiffies: mask: 0xffffffff max_cycles: 0xffffffff, max_idle_ns: 1910969940391419 ns
[    0.223077] pcpu-alloc: s0 r0 d32768 u32768 alloc=1*32768
[    0.223083] pcpu-alloc: [0] 0 
[    0.223272] Built 1 zonelists, mobility grouping on.  Total pages: 128872
[    0.223323] Kernel command line: selinux=0 initcall_debug debug console=ttyS0 rcutorture.n_barrier_cbs=4 rcutorture.stat_interval=15 rcutorture.shutdown_secs=1800 rcutorture.test_no_idle_hz=1 rcutorture.verbose=1
[    0.238527] Dentry cache hash table entries: 65536 (order: 7, 524288 bytes, linear)
[    0.244603] Inode-cache hash table entries: 32768 (order: 6, 262144 bytes, linear)
[    0.245456] mem auto-init: stack:all(zero), heap alloc:off, heap free:off
[    0.257096] Memory: 481560K/523764K available (14349K kernel code, 2620K rwdata, 4632K rodata, 1256K init, 1736K bss, 41944K reserved, 0K cma-reserved)
[    0.257361] SLUB: HWalign=64, Order=0-3, MinObjects=0, CPUs=1, Nodes=1
[    0.257649] Kernel/User page tables isolation: enabled
[    0.272723] rcu: Preemptible hierarchical RCU implementation.
[    0.272810] 	Trampoline variant of Tasks RCU enabled.
[    0.272811] 	Rude variant of Tasks RCU enabled.
[    0.272812] 	Tracing variant of Tasks RCU enabled.
[    0.272873] rcu: RCU calculated value of scheduler-enlistment delay is 100 jiffies.
[    0.291039] NR_IRQS: 4352, nr_irqs: 256, preallocated irqs: 16
[    0.293880] calling  con_init+0x0/0x22a @ 0
[    0.464629] Console: colour VGA+ 80x25
[    0.464642] initcall con_init+0x0/0x22a returned 0 after 0 usecs
[    0.464644] calling  hvc_console_init+0x0/0x13 @ 0
[    0.464704] initcall hvc_console_init+0x0/0x13 returned 0 after 0 usecs
[    0.464706] calling  univ8250_console_init+0x0/0x26 @ 0
[    1.307279] printk: console [ttyS0] enabled
[    1.313237] initcall univ8250_console_init+0x0/0x26 returned 0 after 0 usecs
[    1.321750] ACPI: Core revision 20200925
[    1.330174] clocksource: hpet: mask: 0xffffffff max_cycles: 0xffffffff, max_idle_ns: 19112604467 ns
[    1.345034] APIC: Switch to symmetric I/O mode setup
[    1.385705] ..TIMER: vector=0x30 apic1=0 pin1=2 apic2=-1 pin2=-1
[    1.392964] clocksource: tsc-early: mask: 0xffffffffffffffff max_cycles: 0x39a85afc727, max_idle_ns: 881590685098 ns
[    1.404964] Calibrating delay loop (skipped) preset value.. 3999.99 BogoMIPS (lpj=1999999)
[    1.406679] pid_max: default: 32768 minimum: 301
[    1.408202] LSM: Security Framework initializing
[    1.410086] Mount-cache hash table entries: 1024 (order: 1, 8192 bytes, linear)
[    1.410772] Mountpoint-cache hash table entries: 1024 (order: 1, 8192 bytes, linear)
[    1.418676] Last level iTLB entries: 4KB 0, 2MB 0, 4MB 0
[    1.419676] Last level dTLB entries: 4KB 0, 2MB 0, 4MB 0, 1GB 0
[    1.420726] CPU: Intel Common KVM processor (family: 0xf, model: 0x6, stepping: 0x1)
[    1.421705] Spectre V1 : Mitigation: usercopy/swapgs barriers and __user pointer sanitization
[    1.425145] Spectre V2 : Mitigation: Retpolines
[    1.426676] Spectre V2 : Spectre v2 / SpectreRSB mitigation: Filling RSB on context switch
[    1.427675] Spectre V2 : Spectre v2 / SpectreRSB : Filling RSB on VMEXIT
[    1.428709] Speculative Store Bypass: Vulnerable
[    1.430042] MDS: Vulnerable: Clear CPU buffers attempted, no microcode
[    1.431675] MMIO Stale Data: Unknown: No mitigations
[    1.496889] calling  init_hw_perf_events+0x0/0x6ce @ 1
[    1.497695] Performance Events: unsupported Netburst CPU model 6 no PMU driver, software events only.
[    1.498681] initcall init_hw_perf_events+0x0/0x6ce returned 0 after 976 usecs
[    1.499686] calling  init_real_mode+0x0/0x1e9 @ 1
[    1.501104] initcall init_real_mode+0x0/0x1e9 returned 0 after 0 usecs
[    1.501680] calling  trace_init_perf_perm_irq_work_exit+0x0/0x12 @ 1
[    1.502679] initcall trace_init_perf_perm_irq_work_exit+0x0/0x12 returned 0 after 0 usecs
[    1.503683] calling  validate_x2apic+0x0/0x4a @ 1
[    1.504711] initcall validate_x2apic+0x0/0x4a returned 0 after 0 usecs
[    1.505697] calling  register_nmi_cpu_backtrace_handler+0x0/0x15 @ 1
[    1.506680] initcall register_nmi_cpu_backtrace_handler+0x0/0x15 returned 0 after 0 usecs
[    1.508680] calling  kvm_setup_vsyscall_timeinfo+0x0/0x34 @ 1
[    1.509709] initcall kvm_setup_vsyscall_timeinfo+0x0/0x34 returned 0 after 0 usecs
[    1.510679] calling  spawn_ksoftirqd+0x0/0x34 @ 1
[    1.511787] initcall spawn_ksoftirqd+0x0/0x34 returned 0 after 0 usecs
[    1.512679] calling  srcu_bootup_announce+0x0/0x2f @ 1
[    1.513676] rcu: Hierarchical SRCU implementation.
[    1.514697] initcall srcu_bootup_announce+0x0/0x2f returned 0 after 976 usecs
[    1.515688] calling  rcu_spawn_gp_kthread+0x0/0x195 @ 1
[    1.516782] initcall rcu_spawn_gp_kthread+0x0/0x195 returned 0 after 0 usecs
[    1.517682] calling  check_cpu_stall_init+0x0/0x1a @ 1
[    1.518682] initcall check_cpu_stall_init+0x0/0x1a returned 0 after 0 usecs
[    1.519679] calling  rcu_sysrq_init+0x0/0x21 @ 1
[    1.520683] initcall rcu_sysrq_init+0x0/0x21 returned 0 after 0 usecs
[    1.521679] calling  trace_init_flags_sys_enter+0x0/0xe @ 1
[    1.522679] initcall trace_init_flags_sys_enter+0x0/0xe returned 0 after 0 usecs
[    1.523679] calling  trace_init_flags_sys_exit+0x0/0xe @ 1
[    1.524678] initcall trace_init_flags_sys_exit+0x0/0xe returned 0 after 0 usecs
[    1.525680] calling  init_kprobes+0x0/0x14d @ 1
[    1.527266] initcall init_kprobes+0x0/0x14d returned 0 after 0 usecs
[    1.527679] calling  init_events+0x0/0x3d @ 1
[    1.530139] initcall init_events+0x0/0x3d returned 0 after 0 usecs
[    1.530682] calling  init_trace_printk+0x0/0xc @ 1
[    1.531681] initcall init_trace_printk+0x0/0xc returned 0 after 0 usecs
[    1.532681] calling  event_trace_enable_again+0x0/0x23 @ 1
[    1.533680] initcall event_trace_enable_again+0x0/0x23 returned 0 after 0 usecs
[    1.534680] calling  static_call_init+0x0/0x6d @ 1
[    1.535681] initcall static_call_init+0x0/0x6d returned 0 after 0 usecs
[    1.536680] calling  jump_label_init_module+0x0/0xc @ 1
[    1.537679] initcall jump_label_init_module+0x0/0xc returned 0 after 0 usecs
[    1.538681] calling  init_zero_pfn+0x0/0x37 @ 1
[    1.539679] initcall init_zero_pfn+0x0/0x37 returned 0 after 0 usecs
[    1.540695] calling  initialize_ptr_random+0x0/0x54 @ 1
[    1.541680] initcall initialize_ptr_random+0x0/0x54 returned 0 after 0 usecs
[    1.542678] calling  efi_memreserve_root_init+0x0/0x25 @ 1
[    1.543730] initcall efi_memreserve_root_init+0x0/0x25 returned 0 after 0 usecs
[    1.545678] calling  efi_earlycon_remap_fb+0x0/0x51 @ 1
[    1.546678] initcall efi_earlycon_remap_fb+0x0/0x51 returned 0 after 0 usecs
[    1.669450] devtmpfs: initialized
[    1.671900] calling  ipc_ns_init+0x0/0x3d @ 1
[    1.672717] initcall ipc_ns_init+0x0/0x3d returned 0 after 0 usecs
[    1.673679] calling  init_mmap_min_addr+0x0/0x21 @ 1
[    1.674677] initcall init_mmap_min_addr+0x0/0x21 returned 0 after 0 usecs
[    1.675679] calling  pci_realloc_setup_params+0x0/0x3f @ 1
[    1.676678] initcall pci_realloc_setup_params+0x0/0x3f returned 0 after 0 usecs
[    1.677692] calling  net_ns_init+0x0/0x13f @ 1
[    1.679678] initcall net_ns_init+0x0/0x13f returned 0 after 976 usecs
[    1.680693] calling  e820__register_nvs_regions+0x0/0x37 @ 1
[    1.681678] initcall e820__register_nvs_regions+0x0/0x37 returned 0 after 0 usecs
[    1.682686] calling  cpufreq_register_tsc_scaling+0x0/0x2e @ 1
[    1.683679] initcall cpufreq_register_tsc_scaling+0x0/0x2e returned 0 after 0 usecs
[    1.684678] calling  reboot_init+0x0/0x3c @ 1
[    1.685764] initcall reboot_init+0x0/0x3c returned 0 after 0 usecs
[    1.686678] calling  init_lapic_sysfs+0x0/0x20 @ 1
[    1.687678] initcall init_lapic_sysfs+0x0/0x20 returned 0 after 0 usecs
[    1.688678] calling  wq_sysfs_init+0x0/0x2a @ 1
[    1.689738] initcall wq_sysfs_init+0x0/0x2a returned 0 after 0 usecs
[    1.690679] calling  ksysfs_init+0x0/0x92 @ 1
[    1.691685] initcall ksysfs_init+0x0/0x92 returned 0 after 0 usecs
[    1.692677] calling  pm_init+0x0/0x76 @ 1
[    1.693711] initcall pm_init+0x0/0x76 returned 0 after 0 usecs
[    1.694677] calling  pm_disk_init+0x0/0x13 @ 1
[    1.695680] initcall pm_disk_init+0x0/0x13 returned 0 after 0 usecs
[    1.696677] calling  swsusp_header_init+0x0/0x2b @ 1
[    1.697678] initcall swsusp_header_init+0x0/0x2b returned 0 after 0 usecs
[    1.698677] calling  rcu_set_runtime_mode+0x0/0x16 @ 1
[    1.699677] initcall rcu_set_runtime_mode+0x0/0x16 returned 0 after 0 usecs
[    1.700677] calling  init_jiffies_clocksource+0x0/0x13 @ 1
[    1.701677] clocksource: jiffies: mask: 0xffffffff max_cycles: 0xffffffff, max_idle_ns: 1911260446275000 ns
[    1.702691] initcall init_jiffies_clocksource+0x0/0x13 returned 0 after 976 usecs
[    1.703678] calling  futex_init+0x0/0xd5 @ 1
[    1.704678] futex hash table entries: 256 (order: 0, 6144 bytes, linear)
[    1.705758] initcall futex_init+0x0/0xd5 returned 0 after 976 usecs
[    1.706686] calling  cgroup_wq_init+0x0/0x28 @ 1
[    1.707682] initcall cgroup_wq_init+0x0/0x28 returned 0 after 0 usecs
[    1.708677] calling  cgroup1_wq_init+0x0/0x28 @ 1
[    1.709700] initcall cgroup1_wq_init+0x0/0x28 returned 0 after 0 usecs
[    1.710678] calling  init_kprobe_trace_early+0x0/0x2a @ 1
[    1.711691] initcall init_kprobe_trace_early+0x0/0x2a returned 0 after 0 usecs
[    1.712677] calling  fsnotify_init+0x0/0x48 @ 1
[    1.713720] initcall fsnotify_init+0x0/0x48 returned 0 after 0 usecs
[    1.714677] calling  filelock_init+0x0/0x60 @ 1
[    1.716678] initcall filelock_init+0x0/0x60 returned 0 after 976 usecs
[    1.717681] calling  init_misc_binfmt+0x0/0x2c @ 1
[    1.718694] initcall init_misc_binfmt+0x0/0x2c returned 0 after 0 usecs
[    1.719678] calling  init_script_binfmt+0x0/0x15 @ 1
[    1.720678] initcall init_script_binfmt+0x0/0x15 returned 0 after 0 usecs
[    1.721677] calling  init_elf_binfmt+0x0/0x15 @ 1
[    1.722677] initcall init_elf_binfmt+0x0/0x15 returned 0 after 0 usecs
[    1.723676] calling  init_compat_elf_binfmt+0x0/0x15 @ 1
[    1.724676] initcall init_compat_elf_binfmt+0x0/0x15 returned 0 after 0 usecs
[    1.725680] calling  debugfs_init+0x0/0x5c @ 1
[    1.727734] initcall debugfs_init+0x0/0x5c returned 0 after 976 usecs
[    1.728679] calling  tracefs_init+0x0/0x3a @ 1
[    1.729682] initcall tracefs_init+0x0/0x3a returned 0 after 0 usecs
[    1.730678] calling  prandom_init_early+0x0/0x111 @ 1
[    1.731677] initcall prandom_init_early+0x0/0x111 returned 0 after 0 usecs
[    1.732719] calling  virtio_init+0x0/0x20 @ 1
[    1.734679] initcall virtio_init+0x0/0x20 returned 0 after 976 usecs
[    1.735678] calling  iommu_init+0x0/0x2a @ 1
[    1.736681] initcall iommu_init+0x0/0x2a returned 0 after 0 usecs
[    1.737679] calling  component_debug_init+0x0/0x1c @ 1
[    1.738748] initcall component_debug_init+0x0/0x1c returned 0 after 0 usecs
[    1.739682] calling  early_resume_init+0x0/0xb9 @ 1
[    1.741676] PM: RTC time: 05:41:51, date: 2022-12-13
[    1.742680] initcall early_resume_init+0x0/0xb9 returned 0 after 1953 usecs
[    1.743680] calling  cpufreq_core_init+0x0/0x62 @ 1
[    1.744705] initcall cpufreq_core_init+0x0/0x62 returned 0 after 0 usecs
[    1.745679] calling  cpufreq_gov_performance_init+0x0/0xc @ 1
[    1.746679] initcall cpufreq_gov_performance_init+0x0/0xc returned 0 after 0 usecs
[    1.747680] calling  cpufreq_gov_userspace_init+0x0/0xc @ 1
[    1.748710] initcall cpufreq_gov_userspace_init+0x0/0xc returned 0 after 0 usecs
[    1.750680] calling  CPU_FREQ_GOV_ONDEMAND_init+0x0/0xc @ 1
[    1.751680] initcall CPU_FREQ_GOV_ONDEMAND_init+0x0/0xc returned 0 after 0 usecs
[    1.752679] calling  cpuidle_init+0x0/0x1f @ 1
[    1.753730] initcall cpuidle_init+0x0/0x1f returned 0 after 0 usecs
[    1.754679] calling  capsule_reboot_register+0x0/0xc @ 1
[    1.755696] initcall capsule_reboot_register+0x0/0xc returned 0 after 0 usecs
[    1.756678] calling  sock_init+0x0/0x93 @ 1
[    1.757931] initcall sock_init+0x0/0x93 returned 0 after 0 usecs
[    1.758677] calling  net_inuse_init+0x0/0x23 @ 1
[    1.759682] initcall net_inuse_init+0x0/0x23 returned 0 after 0 usecs
[    1.760678] calling  net_defaults_init+0x0/0x23 @ 1
[    1.761678] initcall net_defaults_init+0x0/0x23 returned 0 after 0 usecs
[    1.762678] calling  init_default_flow_dissectors+0x0/0x4f @ 1
[    1.763678] initcall init_default_flow_dissectors+0x0/0x4f returned 0 after 0 usecs
[    1.764677] calling  netpoll_init+0x0/0x25 @ 1
[    1.765677] initcall netpoll_init+0x0/0x25 returned 0 after 0 usecs
[    1.766678] calling  netlink_proto_init+0x0/0x14f @ 1
[    1.767922] NET: Registered protocol family 16
[    1.768706] initcall netlink_proto_init+0x0/0x14f returned 0 after 976 usecs
[    1.769678] calling  genl_init+0x0/0x35 @ 1
[    1.770686] initcall genl_init+0x0/0x35 returned 0 after 0 usecs
[    1.771678] calling  bsp_pm_check_init+0x0/0x13 @ 1
[    1.772678] initcall bsp_pm_check_init+0x0/0x13 returned 0 after 0 usecs
[    1.773693] calling  irq_sysfs_init+0x0/0xb7 @ 1
[    1.775859] initcall irq_sysfs_init+0x0/0xb7 returned 0 after 976 usecs
[    1.776680] calling  audit_init+0x0/0x15d @ 1
[    1.778732] audit: initializing netlink subsys (disabled)
[    1.781135] initcall audit_init+0x0/0x15d returned 0 after 1953 usecs
[    1.781690] calling  release_early_probes+0x0/0x32 @ 1
[    1.782679] initcall release_early_probes+0x0/0x32 returned 0 after 0 usecs
[    1.783679] calling  bdi_class_init+0x0/0x48 @ 1
[    1.784681] audit: type=2000 audit(1670910109.275:1): state=initialized audit_enabled=0 res=1
[    1.785736] initcall bdi_class_init+0x0/0x48 returned 0 after 976 usecs
[    1.786684] calling  mm_sysfs_init+0x0/0x28 @ 1
[    1.788680] initcall mm_sysfs_init+0x0/0x28 returned 0 after 0 usecs
[    1.789680] calling  init_per_zone_wmark_min+0x0/0x5e @ 1
[    1.790681] initcall init_per_zone_wmark_min+0x0/0x5e returned 0 after 0 usecs
[    1.791678] calling  mpi_init+0x0/0x3e @ 1
[    1.792710] initcall mpi_init+0x0/0x3e returned 0 after 0 usecs
[    1.793678] calling  kobject_uevent_init+0x0/0xc @ 1
[    1.794687] initcall kobject_uevent_init+0x0/0xc returned 0 after 0 usecs
[    1.795678] calling  pcibus_class_init+0x0/0x13 @ 1
[    1.796688] initcall pcibus_class_init+0x0/0x13 returned 0 after 0 usecs
[    1.797678] calling  pci_driver_init+0x0/0x21 @ 1
[    1.799709] initcall pci_driver_init+0x0/0x21 returned 0 after 0 usecs
[    1.800678] calling  backlight_class_init+0x0/0xa8 @ 1
[    1.801700] initcall backlight_class_init+0x0/0xa8 returned 0 after 0 usecs
[    1.802678] calling  tty_class_init+0x0/0x33 @ 1
[    1.803686] initcall tty_class_init+0x0/0x33 returned 0 after 0 usecs
[    1.804680] calling  vtconsole_class_init+0x0/0xb5 @ 1
[    1.805733] initcall vtconsole_class_init+0x0/0xb5 returned 0 after 0 usecs
[    1.806706] calling  iommu_dev_init+0x0/0x13 @ 1
[    1.808712] initcall iommu_dev_init+0x0/0x13 returned 0 after 0 usecs
[    1.809678] calling  mipi_dsi_bus_init+0x0/0xc @ 1
[    1.810708] initcall mipi_dsi_bus_init+0x0/0xc returned 0 after 0 usecs
[    1.811682] calling  devlink_class_init+0x0/0x40 @ 1
[    1.812699] initcall devlink_class_init+0x0/0x40 returned 0 after 0 usecs
[    1.813681] calling  software_node_init+0x0/0x2a @ 1
[    1.814688] initcall software_node_init+0x0/0x2a returned 0 after 0 usecs
[    1.815683] calling  wakeup_sources_debugfs_init+0x0/0x23 @ 1
[    1.816769] initcall wakeup_sources_debugfs_init+0x0/0x23 returned 0 after 0 usecs
[    1.817680] calling  wakeup_sources_sysfs_init+0x0/0x2c @ 1
[    1.818689] initcall wakeup_sources_sysfs_init+0x0/0x2c returned 0 after 0 usecs
[    1.819679] calling  regmap_initcall+0x0/0xc @ 1
[    1.820758] initcall regmap_initcall+0x0/0xc returned 0 after 0 usecs
[    1.821679] calling  i2c_init+0x0/0xb3 @ 1
[    1.822754] initcall i2c_init+0x0/0xb3 returned 0 after 0 usecs
[    1.823682] calling  thermal_init+0x0/0xf2 @ 1
[    1.824693] thermal_sys: Registered thermal governor 'step_wise'
[    1.824694] thermal_sys: Registered thermal governor 'user_space'
[    1.826694] initcall thermal_init+0x0/0xf2 returned 0 after 1953 usecs
[    1.828680] calling  init_menu+0x0/0xc @ 1
[    1.829760] cpuidle: using governor menu
[    1.830692] initcall init_menu+0x0/0xc returned 0 after 976 usecs
[    1.831678] calling  pcc_init+0x0/0x4d @ 1
[    1.832679] initcall pcc_init+0x0/0x4d returned -19 after 0 usecs
[    1.833684] calling  amd_postcore_init+0x0/0x11e @ 1
[    1.834679] initcall amd_postcore_init+0x0/0x11e returned 0 after 0 usecs
[    1.835693] calling  bts_init+0x0/0xba @ 1
[    1.836677] initcall bts_init+0x0/0xba returned -19 after 0 usecs
[    1.837677] calling  pt_init+0x0/0x2ef @ 1
[    1.838677] initcall pt_init+0x0/0x2ef returned -19 after 0 usecs
[    1.839678] calling  boot_params_ksysfs_init+0x0/0x2ee @ 1
[    1.840688] initcall boot_params_ksysfs_init+0x0/0x2ee returned 0 after 0 usecs
[    1.841677] calling  sbf_init+0x0/0xfe @ 1
[    1.842677] initcall sbf_init+0x0/0xfe returned 0 after 0 usecs
[    1.843680] calling  arch_kdebugfs_init+0x0/0x219 @ 1
[    1.844860] initcall arch_kdebugfs_init+0x0/0x219 returned 0 after 0 usecs
[    1.845678] calling  intel_pconfig_init+0x0/0x85 @ 1
[    1.846678] initcall intel_pconfig_init+0x0/0x85 returned 0 after 0 usecs
[    1.848678] calling  mtrr_if_init+0x0/0x5d @ 1
[    1.849682] initcall mtrr_if_init+0x0/0x5d returned 0 after 0 usecs
[    1.850679] calling  activate_jump_labels+0x0/0x31 @ 1
[    1.851678] initcall activate_jump_labels+0x0/0x31 returned 0 after 0 usecs
[    1.852679] calling  ffh_cstate_init+0x0/0x29 @ 1
[    1.853681] initcall ffh_cstate_init+0x0/0x29 returned 0 after 0 usecs
[    1.854699] calling  activate_jump_labels+0x0/0x31 @ 1
[    1.855761] initcall activate_jump_labels+0x0/0x31 returned 0 after 0 usecs
[    1.856679] calling  kvm_alloc_cpumask+0x0/0x2b @ 1
[    1.857715] initcall kvm_alloc_cpumask+0x0/0x2b returned 0 after 0 usecs
[    1.858678] calling  kcmp_cookies_init+0x0/0x37 @ 1
[    1.859681] initcall kcmp_cookies_init+0x0/0x37 returned 0 after 0 usecs
[    1.860677] calling  cryptomgr_init+0x0/0xc @ 1
[    1.861718] initcall cryptomgr_init+0x0/0xc returned 0 after 0 usecs
[    1.862678] calling  acpi_pci_init+0x0/0x57 @ 1
[    1.863689] ACPI: bus type PCI registered
[    1.864678] initcall acpi_pci_init+0x0/0x57 returned 0 after 976 usecs
[    1.865679] calling  dma_channel_table_init+0x0/0xce @ 1
[    1.866682] initcall dma_channel_table_init+0x0/0xce returned 0 after 0 usecs
[    1.867677] calling  dma_bus_init+0x0/0xdc @ 1
[    1.868772] initcall dma_bus_init+0x0/0xdc returned 0 after 0 usecs
[    1.869751] calling  iommu_dma_init+0x0/0x10 @ 1
[    1.870679] initcall iommu_dma_init+0x0/0x10 returned 0 after 0 usecs
[    1.871679] calling  dmi_id_init+0x0/0x37c @ 1
[    1.872730] initcall dmi_id_init+0x0/0x37c returned 0 after 0 usecs
[    1.873678] calling  pci_arch_init+0x0/0x71 @ 1
[    1.876234] PCI: MMCONFIG for domain 0000 [bus 00-ff] at [mem 0xb0000000-0xbfffffff] (base 0xb0000000)
[    1.876679] PCI: MMCONFIG at [mem 0xb0000000-0xbfffffff] reserved in E820
[    1.877768] PCI: Using configuration type 1 for base access
[    1.878743] initcall pci_arch_init+0x0/0x71 returned 0 after 3906 usecs
[    1.879708] calling  init_vdso+0x0/0x13 @ 1
[    1.880709] initcall init_vdso+0x0/0x13 returned 0 after 0 usecs
[    1.881682] calling  sysenter_setup+0x0/0x13 @ 1
[    1.882727] initcall sysenter_setup+0x0/0x13 returned 0 after 0 usecs
[    1.883681] calling  fixup_ht_bug+0x0/0x7f @ 1
[    1.884680] initcall fixup_ht_bug+0x0/0x7f returned 0 after 0 usecs
[    1.885679] calling  topology_init+0x0/0x15 @ 1
[    1.886742] initcall topology_init+0x0/0x15 returned 0 after 0 usecs
[    1.887679] calling  intel_epb_init+0x0/0x68 @ 1
[    1.888680] initcall intel_epb_init+0x0/0x68 returned -19 after 0 usecs
[    1.890065] calling  mtrr_init_finialize+0x0/0x3e @ 1
[    1.890699] initcall mtrr_init_finialize+0x0/0x3e returned 0 after 0 usecs
[    1.891681] calling  uid_cache_init+0x0/0x92 @ 1
[    1.892687] initcall uid_cache_init+0x0/0x92 returned 0 after 0 usecs
[    1.893681] calling  param_sysfs_init+0x0/0x1ba @ 1
[    1.903672] initcall param_sysfs_init+0x0/0x1ba returned 0 after 6835 usecs
[    1.904742] calling  user_namespace_sysctl_init+0x0/0x33 @ 1
[    1.906806] initcall user_namespace_sysctl_init+0x0/0x33 returned 0 after 976 usecs
[    1.907684] calling  proc_schedstat_init+0x0/0x24 @ 1
[    1.908748] initcall proc_schedstat_init+0x0/0x24 returned 0 after 0 usecs
[    1.909682] calling  pm_sysrq_init+0x0/0x18 @ 1
[    1.911771] initcall pm_sysrq_init+0x0/0x18 returned 0 after 0 usecs
[    1.912817] calling  create_proc_profile+0x0/0x50 @ 1
[    1.913680] initcall create_proc_profile+0x0/0x50 returned 0 after 0 usecs
[    1.914679] calling  time_ns_init+0x0/0x7 @ 1
[    1.915701] initcall time_ns_init+0x0/0x7 returned 0 after 0 usecs
[    1.916679] calling  crash_save_vmcoreinfo_init+0x0/0x756 @ 1
[    1.918775] initcall crash_save_vmcoreinfo_init+0x0/0x756 returned 0 after 976 usecs
[    1.919679] calling  crash_notes_memory_init+0x0/0x35 @ 1
[    1.920705] initcall crash_notes_memory_init+0x0/0x35 returned 0 after 0 usecs
[    1.921678] calling  cgroup_sysfs_init+0x0/0x13 @ 1
[    1.922684] initcall cgroup_sysfs_init+0x0/0x13 returned 0 after 0 usecs
[    1.923683] calling  cgroup_namespaces_init+0x0/0x7 @ 1
[    1.924679] initcall cgroup_namespaces_init+0x0/0x7 returned 0 after 0 usecs
[    1.925678] calling  init_optprobes+0x0/0x13 @ 1
[    1.926847] Kprobes globally optimized
[    1.927679] initcall init_optprobes+0x0/0x13 returned 0 after 976 usecs
[    1.928679] calling  oom_init+0x0/0x2f @ 1
[    1.930941] initcall oom_init+0x0/0x2f returned 0 after 976 usecs
[    1.931680] calling  default_bdi_init+0x0/0x35 @ 1
[    1.933981] initcall default_bdi_init+0x0/0x35 returned 0 after 976 usecs
[    1.934678] calling  percpu_enable_async+0x0/0xe @ 1
[    1.935677] initcall percpu_enable_async+0x0/0xe returned 0 after 0 usecs
[    1.936683] calling  kcompactd_init+0x0/0x46 @ 1
[    1.937851] initcall kcompactd_init+0x0/0x46 returned 0 after 0 usecs
[    1.938794] calling  init_user_reserve+0x0/0x30 @ 1
[    1.939694] initcall init_user_reserve+0x0/0x30 returned 0 after 0 usecs
[    1.940680] calling  init_admin_reserve+0x0/0x30 @ 1
[    1.941689] initcall init_admin_reserve+0x0/0x30 returned 0 after 0 usecs
[    1.942695] calling  init_reserve_notifier+0x0/0x7 @ 1
[    1.943693] initcall init_reserve_notifier+0x0/0x7 returned 0 after 0 usecs
[    1.944678] calling  swap_init_sysfs+0x0/0x62 @ 1
[    1.945710] initcall swap_init_sysfs+0x0/0x62 returned 0 after 0 usecs
[    1.946678] calling  swapfile_init+0x0/0x46 @ 1
[    1.947681] initcall swapfile_init+0x0/0x46 returned 0 after 0 usecs
[    1.948680] calling  hugetlb_init+0x0/0x42f @ 1
[    1.949730] HugeTLB registered 2.00 MiB page size, pre-allocated 0 pages
[    1.950724] initcall hugetlb_init+0x0/0x42f returned 0 after 976 usecs
[    1.951681] calling  io_wq_init+0x0/0x34 @ 1
[    1.952716] initcall io_wq_init+0x0/0x34 returned 0 after 0 usecs
[    1.953678] calling  seqiv_module_init+0x0/0xc @ 1
[    1.954762] initcall seqiv_module_init+0x0/0xc returned 0 after 0 usecs
[    1.955677] calling  echainiv_module_init+0x0/0xc @ 1
[    1.956677] initcall echainiv_module_init+0x0/0xc returned 0 after 0 usecs
[    1.958792] calling  rsa_init+0x0/0x50 @ 1
[    1.960861] initcall rsa_init+0x0/0x50 returned 0 after 976 usecs
[    1.961682] calling  crypto_cmac_module_init+0x0/0xc @ 1
[    1.962681] initcall crypto_cmac_module_init+0x0/0xc returned 0 after 0 usecs
[    1.963679] calling  hmac_module_init+0x0/0xc @ 1
[    1.965848] cryptomgr_test (21) used greatest stack depth: 15528 bytes left
[    1.966690] initcall hmac_module_init+0x0/0xc returned 0 after 976 usecs
[    1.968681] calling  crypto_null_mod_init+0x0/0x65 @ 1
[    1.970754] initcall crypto_null_mod_init+0x0/0x65 returned 0 after 976 usecs
[    1.971679] calling  md5_mod_init+0x0/0xc @ 1
[    1.972719] initcall md5_mod_init+0x0/0xc returned 0 after 0 usecs
[    1.973686] calling  sha256_generic_mod_init+0x0/0x11 @ 1
[    1.974760] initcall sha256_generic_mod_init+0x0/0x11 returned 0 after 0 usecs
[    1.975683] calling  crypto_cbc_module_init+0x0/0xc @ 1
[    1.976679] initcall crypto_cbc_module_init+0x0/0xc returned 0 after 0 usecs
[    1.977681] calling  crypto_ctr_module_init+0x0/0x11 @ 1
[    1.978715] initcall crypto_ctr_module_init+0x0/0x11 returned 0 after 0 usecs
[    1.979686] calling  crypto_gcm_module_init+0x0/0x64 @ 1
[    1.980699] initcall crypto_gcm_module_init+0x0/0x64 returned 0 after 0 usecs
[    1.981691] calling  crypto_ccm_module_init+0x0/0x11 @ 1
[    1.982689] initcall crypto_ccm_module_init+0x0/0x11 returned 0 after 0 usecs
[    1.983682] calling  aes_init+0x0/0xc @ 1
[    1.984716] initcall aes_init+0x0/0xc returned 0 after 0 usecs
[    1.985678] calling  crc32c_mod_init+0x0/0xc @ 1
[    1.986723] initcall crc32c_mod_init+0x0/0xc returned 0 after 0 usecs
[    1.987687] calling  crypto_authenc_module_init+0x0/0xc @ 1
[    1.988699] initcall crypto_authenc_module_init+0x0/0xc returned 0 after 0 usecs
[    1.989726] calling  crypto_authenc_esn_module_init+0x0/0xc @ 1
[    1.990684] initcall crypto_authenc_esn_module_init+0x0/0xc returned 0 after 0 usecs
[    1.991704] calling  drbg_init+0x0/0x7c @ 1
[    1.993697] initcall drbg_init+0x0/0x7c returned 0 after 976 usecs
[    1.994683] calling  ghash_mod_init+0x0/0xc @ 1
[    1.995739] initcall ghash_mod_init+0x0/0xc returned 0 after 0 usecs
[    1.996700] calling  init_bio+0x0/0x9a @ 1
[    1.998723] initcall init_bio+0x0/0x9a returned 0 after 976 usecs
[    1.999683] calling  blk_settings_init+0x0/0x29 @ 1
[    2.001688] initcall blk_settings_init+0x0/0x29 returned 0 after 0 usecs
[    2.002684] calling  blk_ioc_init+0x0/0x29 @ 1
[    2.003685] initcall blk_ioc_init+0x0/0x29 returned 0 after 0 usecs
[    2.004680] calling  blk_mq_init+0x0/0x96 @ 1
[    2.005777] initcall blk_mq_init+0x0/0x96 returned 0 after 0 usecs
[    2.006680] calling  genhd_device_init+0x0/0x75 @ 1
[    2.007942] initcall genhd_device_init+0x0/0x75 returned 0 after 0 usecs
[    2.008716] calling  pci_slot_init+0x0/0x40 @ 1
[    2.009685] initcall pci_slot_init+0x0/0x40 returned 0 after 0 usecs
[    2.010679] calling  fbmem_init+0x0/0xd8 @ 1
[    2.011786] initcall fbmem_init+0x0/0xd8 returned 0 after 0 usecs
[    2.012679] calling  acpi_init+0x0/0x316 @ 1
[    2.014079] ACPI: Added _OSI(Module Device)
[    2.015677] ACPI: Added _OSI(Processor Device)
[    2.016677] ACPI: Added _OSI(3.0 _SCP Extensions)
[    2.017677] ACPI: Added _OSI(Processor Aggregator Device)
[    2.018691] ACPI: Added _OSI(Linux-Dell-Video)
[    2.019677] ACPI: Added _OSI(Linux-Lenovo-NV-HDMI-Audio)
[    2.020676] ACPI: Added _OSI(Linux-HPI-Hybrid-Graphics)
[    2.024138] ACPI: 1 ACPI AML tables successfully acquired and loaded
[    2.027882] ACPI: Interpreter enabled
[    2.028826] ACPI: (supports S0 S3 S4 S5)
[    2.029691] ACPI: Using IOAPIC for interrupt routing
[    2.030983] PCI: Using host bridge windows from ACPI; if necessary, use "pci=nocrs" and report a bug
[    2.031950] ACPI: Enabled 2 GPEs in block 00 to 3F
[    2.037815] ACPI: PCI Root Bridge [PCI0] (domain 0000 [bus 00-ff])
[    2.038841] acpi PNP0A08:00: _OSC: OS supports [ExtendedConfig ASPM ClockPM Segments MSI HPX-Type3]
[    2.039785] acpi PNP0A08:00: _OSC: platform does not support [LTR]
[    2.040792] acpi PNP0A08:00: _OSC: OS now controls [PME PCIeCapability]
[    2.041840] PCI host bridge to bus 0000:00
[    2.042678] pci_bus 0000:00: root bus resource [io  0x0000-0x0cf7 window]
[    2.043678] pci_bus 0000:00: root bus resource [io  0x0d00-0xffff window]
[    2.044678] pci_bus 0000:00: root bus resource [mem 0x000a0000-0x000bffff window]
[    2.045678] pci_bus 0000:00: root bus resource [mem 0x20000000-0xafffffff window]
[    2.046678] pci_bus 0000:00: root bus resource [mem 0xc0000000-0xfebfffff window]
[    2.047695] pci_bus 0000:00: root bus resource [mem 0x100000000-0x8ffffffff window]
[    2.048678] pci_bus 0000:00: root bus resource [bus 00-ff]
[    2.050316] pci 0000:00:00.0: calling  quirk_mmio_always_on+0x0/0x10 @ 1
[    2.050682] pci 0000:00:00.0: quirk_mmio_always_on+0x0/0x10 took 0 usecs
[    2.051697] pci 0000:00:00.0: [8086:29c0] type 00 class 0x060000
[    2.056656] pci 0000:00:00.0: calling  quirk_igfx_skip_te_disable+0x0/0x80 @ 1
[    2.057697] pci 0000:00:00.0: quirk_igfx_skip_te_disable+0x0/0x80 took 0 usecs
[    2.060759] pci 0000:00:01.0: [1234:1111] type 00 class 0x030000
[    2.067336] pci 0000:00:01.0: reg 0x10: [mem 0xfd000000-0xfdffffff pref]
[    2.077232] pci 0000:00:01.0: reg 0x18: [mem 0xfebf0000-0xfebf0fff]
[    2.092335] pci 0000:00:01.0: reg 0x30: [mem 0xfebe0000-0xfebeffff pref]
[    2.094672] pci 0000:00:01.0: calling  efifb_fixup_resources+0x0/0xf0 @ 1
[    2.096682] pci 0000:00:01.0: efifb_fixup_resources+0x0/0xf0 took 976 usecs
[    2.104378] pci 0000:00:1f.0: [8086:2918] type 00 class 0x060100
[    2.109785] pci 0000:00:1f.0: calling  quirk_ich7_lpc+0x0/0x60 @ 1
[    2.110988] pci 0000:00:1f.0: quirk: [io  0x0600-0x067f] claimed by ICH6 ACPI/GPIO/TCO
[    2.112106] pci 0000:00:1f.0: quirk_ich7_lpc+0x0/0x60 took 976 usecs
[    2.112772] pci 0000:00:1f.0: calling  quirk_igfx_skip_te_disable+0x0/0x80 @ 1
[    2.113704] pci 0000:00:1f.0: quirk_igfx_skip_te_disable+0x0/0x80 took 0 usecs
[    2.117680] pci 0000:00:1f.2: [8086:2922] type 00 class 0x010601
[    2.129681] pci 0000:00:1f.2: reg 0x20: [io  0xc040-0xc05f]
[    2.132384] pci 0000:00:1f.2: reg 0x24: [mem 0xfebf1000-0xfebf1fff]
[    2.134357] pci 0000:00:1f.2: calling  quirk_igfx_skip_te_disable+0x0/0x80 @ 1
[    2.134682] pci 0000:00:1f.2: quirk_igfx_skip_te_disable+0x0/0x80 took 0 usecs
[    2.139677] pci 0000:00:1f.3: [8086:2930] type 00 class 0x0c0500
[    2.146678] pci 0000:00:1f.3: reg 0x20: [io  0x0700-0x073f]
[    2.149871] pci 0000:00:1f.3: calling  quirk_igfx_skip_te_disable+0x0/0x80 @ 1
[    2.150681] pci 0000:00:1f.3: quirk_igfx_skip_te_disable+0x0/0x80 took 0 usecs
[    2.153903] pci_bus 0000:00: on NUMA node 0
[    2.159676] ACPI: PCI Interrupt Link [LNKA] (IRQs 5 *10 11)
[    2.161211] ACPI: PCI Interrupt Link [LNKB] (IRQs 5 *10 11)
[    2.163061] ACPI: PCI Interrupt Link [LNKC] (IRQs 5 10 *11)
[    2.164970] ACPI: PCI Interrupt Link [LNKD] (IRQs 5 10 *11)
[    2.166831] ACPI: PCI Interrupt Link [LNKE] (IRQs 5 *10 11)
[    2.168694] ACPI: PCI Interrupt Link [LNKF] (IRQs 5 *10 11)
[    2.170924] ACPI: PCI Interrupt Link [LNKG] (IRQs 5 10 *11)
[    2.172881] ACPI: PCI Interrupt Link [LNKH] (IRQs 5 10 *11)
[    2.173880] ACPI: PCI Interrupt Link [GSIA] (IRQs *16)
[    2.174688] ACPI: PCI Interrupt Link [GSIB] (IRQs *17)
[    2.175705] ACPI: PCI Interrupt Link [GSIC] (IRQs *18)
[    2.176714] ACPI: PCI Interrupt Link [GSID] (IRQs *19)
[    2.177722] ACPI: PCI Interrupt Link [GSIE] (IRQs *20)
[    2.178691] ACPI: PCI Interrupt Link [GSIF] (IRQs *21)
[    2.179688] ACPI: PCI Interrupt Link [GSIG] (IRQs *22)
[    2.180706] ACPI: PCI Interrupt Link [GSIH] (IRQs *23)
[    2.183854] initcall acpi_init+0x0/0x316 returned 0 after 166015 usecs
[    2.184812] calling  pnp_init+0x0/0xc @ 1
[    2.186721] initcall pnp_init+0x0/0xc returned 0 after 0 usecs
[    2.187678] calling  misc_init+0x0/0xbf @ 1
[    2.189677] initcall misc_init+0x0/0xbf returned 0 after 976 usecs
[    2.190679] calling  iommu_subsys_init+0x0/0x4e @ 1
[    2.191749] iommu: Default domain type: Translated 
[    2.192678] initcall iommu_subsys_init+0x0/0x4e returned 0 after 976 usecs
[    2.193679] calling  vga_arb_device_init+0x0/0x26c @ 1
[    2.196251] pci 0000:00:01.0: vgaarb: setting as boot VGA device
[    2.196672] pci 0000:00:01.0: vgaarb: VGA device added: decodes=io+mem,owns=io+mem,locks=none
[    2.196679] pci 0000:00:01.0: vgaarb: bridge control possible
[    2.197675] vgaarb: loaded
[    2.198679] initcall vga_arb_device_init+0x0/0x26c returned 0 after 3906 usecs
[    2.199733] calling  cn_init+0x0/0xf0 @ 1
[    2.201895] initcall cn_init+0x0/0xf0 returned 0 after 976 usecs
[    2.202682] calling  dma_buf_init+0x0/0xad @ 1
[    2.205234] initcall dma_buf_init+0x0/0xad returned 0 after 976 usecs
[    2.205684] calling  init_scsi+0x0/0x79 @ 1
[    2.207236] SCSI subsystem initialized
[    2.207680] initcall init_scsi+0x0/0x79 returned 0 after 976 usecs
[    2.208679] calling  ata_init+0x0/0x332 @ 1
[    2.210250] libata version 3.00 loaded.
[    2.210680] initcall ata_init+0x0/0x332 returned 0 after 976 usecs
[    2.211679] calling  phy_init+0x0/0x250 @ 1
[    2.213726] initcall phy_init+0x0/0x250 returned 0 after 976 usecs
[    2.214680] calling  init_pcmcia_cs+0x0/0x35 @ 1
[    2.215747] initcall init_pcmcia_cs+0x0/0x35 returned 0 after 0 usecs
[    2.216678] calling  usb_common_init+0x0/0x1c @ 1
[    2.217702] initcall usb_common_init+0x0/0x1c returned 0 after 0 usecs
[    2.218678] calling  usb_init+0x0/0x12e @ 1
[    2.219725] ACPI: bus type USB registered
[    2.220944] usbcore: registered new interface driver usbfs
[    2.221943] usbcore: registered new interface driver hub
[    2.222686] usbcore: registered new device driver usb
[    2.223680] initcall usb_init+0x0/0x12e returned 0 after 3906 usecs
[    2.224679] calling  serio_init+0x0/0x29 @ 1
[    2.225737] initcall serio_init+0x0/0x29 returned 0 after 0 usecs
[    2.226678] calling  input_init+0x0/0xf6 @ 1
[    2.227738] initcall input_init+0x0/0xf6 returned 0 after 0 usecs
[    2.228680] calling  rtc_init+0x0/0x4d @ 1
[    2.229687] initcall rtc_init+0x0/0x4d returned 0 after 0 usecs
[    2.230677] calling  pps_init+0x0/0xa9 @ 1
[    2.231702] pps_core: LinuxPPS API ver. 1 registered
[    2.232675] pps_core: Software ver. 5.3.6 - Copyright 2005-2007 Rodolfo Giometti <giometti@linux.it>
[    2.233678] initcall pps_init+0x0/0xa9 returned 0 after 1953 usecs
[    2.234677] calling  ptp_init+0x0/0x98 @ 1
[    2.235682] PTP clock support registered
[    2.236678] initcall ptp_init+0x0/0x98 returned 0 after 976 usecs
[    2.237678] calling  power_supply_class_init+0x0/0x3f @ 1
[    2.238756] initcall power_supply_class_init+0x0/0x3f returned 0 after 0 usecs
[    2.239677] calling  hwmon_init+0x0/0x104 @ 1
[    2.240717] initcall hwmon_init+0x0/0x104 returned 0 after 0 usecs
[    2.241677] calling  md_init+0x0/0x16b @ 1
[    2.242944] initcall md_init+0x0/0x16b returned 0 after 0 usecs
[    2.243678] calling  leds_init+0x0/0x3b @ 1
[    2.244698] initcall leds_init+0x0/0x3b returned 0 after 0 usecs
[    2.245677] calling  dmi_init+0x0/0x113 @ 1
[    2.246746] initcall dmi_init+0x0/0x113 returned 0 after 0 usecs
[    2.247676] calling  efisubsys_init+0x0/0x4e6 @ 1
[    2.248697] initcall efisubsys_init+0x0/0x4e6 returned 0 after 0 usecs
[    2.249678] calling  nvmem_init+0x0/0xc @ 1
[    2.250777] initcall nvmem_init+0x0/0xc returned 0 after 0 usecs
[    2.251677] calling  init_soundcore+0x0/0x33 @ 1
[    2.252702] initcall init_soundcore+0x0/0x33 returned 0 after 0 usecs
[    2.253676] calling  alsa_sound_init+0x0/0x8f @ 1
[    2.254889] Advanced Linux Sound Architecture Driver Initialized.
[    2.255677] initcall alsa_sound_init+0x0/0x8f returned 0 after 976 usecs
[    2.256677] calling  alsa_seq_device_init+0x0/0x71 @ 1
[    2.257704] initcall alsa_seq_device_init+0x0/0x71 returned 0 after 0 usecs
[    2.258677] calling  hda_bus_init+0x0/0xc @ 1
[    2.259746] initcall hda_bus_init+0x0/0xc returned 0 after 0 usecs
[    2.260677] calling  proto_init+0x0/0xc @ 1
[    2.261765] initcall proto_init+0x0/0xc returned 0 after 0 usecs
[    2.262679] calling  net_dev_init+0x0/0x1cc @ 1
[    2.264703] initcall net_dev_init+0x0/0x1cc returned 0 after 976 usecs
[    2.265680] calling  neigh_init+0x0/0x84 @ 1
[    2.266678] initcall neigh_init+0x0/0x84 returned 0 after 0 usecs
[    2.267677] calling  fib_notifier_init+0x0/0xc @ 1
[    2.268743] initcall fib_notifier_init+0x0/0xc returned 0 after 0 usecs
[    2.269676] calling  fib_rules_init+0x0/0xab @ 1
[    2.270721] initcall fib_rules_init+0x0/0xab returned 0 after 0 usecs
[    2.271677] calling  pktsched_init+0x0/0x10e @ 1
[    2.272722] initcall pktsched_init+0x0/0x10e returned 0 after 0 usecs
[    2.273681] calling  tc_filter_init+0x0/0xfa @ 1
[    2.274716] initcall tc_filter_init+0x0/0xfa returned 0 after 0 usecs
[    2.275678] calling  tc_action_init+0x0/0x54 @ 1
[    2.276678] initcall tc_action_init+0x0/0x54 returned 0 after 0 usecs
[    2.277678] calling  ethnl_init+0x0/0x52 @ 1
[    2.278756] initcall ethnl_init+0x0/0x52 returned 0 after 0 usecs
[    2.279678] calling  nexthop_init+0x0/0xd8 @ 1
[    2.281230] initcall nexthop_init+0x0/0xd8 returned 0 after 0 usecs
[    2.281682] calling  cipso_v4_init+0x0/0x5a @ 1
[    2.283736] initcall cipso_v4_init+0x0/0x5a returned 0 after 976 usecs
[    2.284679] calling  ieee80211_init+0x0/0x24 @ 1
[    2.287011] initcall ieee80211_init+0x0/0x24 returned 0 after 976 usecs
[    2.287680] calling  netlbl_init+0x0/0x78 @ 1
[    2.288963] NetLabel: Initializing
[    2.289676] NetLabel:  domain hash size = 128
[    2.290755] NetLabel:  protocols = UNLABELED CIPSOv4 CALIPSO
[    2.294828] NetLabel:  unlabeled traffic allowed by default
[    2.295682] initcall netlbl_init+0x0/0x78 returned 0 after 6835 usecs
[    2.296683] calling  rfkill_init+0x0/0x111 @ 1
[    2.298121] initcall rfkill_init+0x0/0x111 returned 0 after 0 usecs
[    2.298681] calling  pci_subsys_init+0x0/0x66 @ 1
[    2.300675] PCI: Using ACPI for IRQ routing
[    3.049572] PCI: pci_cache_line_size set to 64 bytes
[    3.051313] e820: reserve RAM buffer [mem 0x0009fc00-0x0009ffff]
[    3.051721] e820: reserve RAM buffer [mem 0x1ffdf000-0x1fffffff]
[    3.052752] initcall pci_subsys_init+0x0/0x66 returned 0 after 735351 usecs
[    3.062670] calling  nmi_warning_debugfs+0x0/0x26 @ 1
[    3.063738] initcall nmi_warning_debugfs+0x0/0x26 returned 0 after 0 usecs
[    3.065679] calling  save_microcode_in_initrd+0x0/0x51 @ 1
[    3.066836] initcall save_microcode_in_initrd+0x0/0x51 returned 0 after 0 usecs
[    3.067679] calling  hpet_late_init+0x0/0x1f6 @ 1
[    3.069739] hpet: 3 channels of 0 reserved for per-cpu timers
[    3.071675] hpet0: at MMIO 0xfed00000, IRQs 2, 8, 0
[    3.072675] hpet0: 3 comparators, 64-bit 100.000000 MHz counter
[    3.076680] initcall hpet_late_init+0x0/0x1f6 returned 0 after 7812 usecs
[    3.077679] calling  init_amd_nbs+0x0/0x11c @ 1
[    3.079341] initcall init_amd_nbs+0x0/0x11c returned 0 after 0 usecs
[    3.079678] calling  clocksource_done_booting+0x0/0x41 @ 1
[    3.081198] clocksource: Switched to clocksource kvm-clock
[    3.092801] initcall clocksource_done_booting+0x0/0x41 returned 0 after 11837 usecs
[    3.103756] calling  tracer_init_tracefs+0x0/0x1fb @ 1
[    3.561574] initcall tracer_init_tracefs+0x0/0x1fb returned 0 after 439679 usecs
[    3.570844] calling  init_trace_printk_function_export+0x0/0x2c @ 1
[    3.578110] initcall init_trace_printk_function_export+0x0/0x2c returned 0 after 10 usecs
[    3.588416] calling  init_kprobe_trace+0x0/0x1a9 @ 1
[    3.594779] initcall init_kprobe_trace+0x0/0x1a9 returned 0 after 92 usecs
[    3.603821] calling  init_dynamic_event+0x0/0x3d @ 1
[    3.609844] initcall init_dynamic_event+0x0/0x3d returned 0 after 56 usecs
[    3.617752] calling  init_uprobe_trace+0x0/0x5c @ 1
[    3.623465] initcall init_uprobe_trace+0x0/0x5c returned 0 after 7 usecs
[    3.631197] calling  init_pipe_fs+0x0/0x44 @ 1
[    3.636463] initcall init_pipe_fs+0x0/0x44 returned 0 after 36 usecs
[    3.643870] calling  inotify_user_setup+0x0/0x47 @ 1
[    3.649852] initcall inotify_user_setup+0x0/0x47 returned 0 after 19 usecs
[    3.657865] calling  eventpoll_init+0x0/0xcc @ 1
[    3.663296] initcall eventpoll_init+0x0/0xcc returned 0 after 16 usecs
[    3.670920] calling  anon_inode_init+0x0/0x58 @ 1
[    3.676500] initcall anon_inode_init+0x0/0x58 returned 0 after 39 usecs
[    3.684269] calling  proc_locks_init+0x0/0x27 @ 1
[    3.689855] initcall proc_locks_init+0x0/0x27 returned 0 after 4 usecs
[    3.697411] calling  iomap_init+0x0/0x1b @ 1
[    3.702956] initcall iomap_init+0x0/0x1b returned 0 after 518 usecs
[    3.710956] calling  dquot_init+0x0/0xd7 @ 1
[    3.716394] VFS: Disk quotas dquot_6.6.0
[    3.721520] VFS: Dquot-cache hash table entries: 512 (order 0, 4096 bytes)
[    3.729888] initcall dquot_init+0x0/0xd7 returned 0 after 13174 usecs
[    3.737418] calling  quota_init+0x0/0x23 @ 1
[    3.742632] initcall quota_init+0x0/0x23 returned 0 after 10 usecs
[    3.751543] calling  proc_cmdline_init+0x0/0x21 @ 1
[    3.757738] initcall proc_cmdline_init+0x0/0x21 returned 0 after 4 usecs
[    3.766175] calling  proc_consoles_init+0x0/0x24 @ 1
[    3.772345] initcall proc_consoles_init+0x0/0x24 returned 0 after 25 usecs
[    3.780421] calling  proc_cpuinfo_init+0x0/0x1e @ 1
[    3.786654] initcall proc_cpuinfo_init+0x0/0x1e returned 0 after 4 usecs
[    3.794748] calling  proc_devices_init+0x0/0x24 @ 1
[    3.801118] initcall proc_devices_init+0x0/0x24 returned 0 after 4 usecs
[    3.809360] calling  proc_interrupts_init+0x0/0x24 @ 1
[    3.815778] initcall proc_interrupts_init+0x0/0x24 returned 0 after 4 usecs
[    3.824649] calling  proc_loadavg_init+0x0/0x21 @ 1
[    3.830794] initcall proc_loadavg_init+0x0/0x21 returned 0 after 4 usecs
[    3.839321] calling  proc_meminfo_init+0x0/0x21 @ 1
[    3.845385] initcall proc_meminfo_init+0x0/0x21 returned 0 after 3 usecs
[    3.853387] calling  proc_stat_init+0x0/0x1e @ 1
[    3.858992] initcall proc_stat_init+0x0/0x1e returned 0 after 4 usecs
[    3.866773] calling  proc_uptime_init+0x0/0x21 @ 1
[    3.872547] initcall proc_uptime_init+0x0/0x21 returned 0 after 3 usecs
[    3.880452] calling  proc_version_init+0x0/0x21 @ 1
[    3.886357] initcall proc_version_init+0x0/0x21 returned 0 after 3 usecs
[    3.894377] calling  proc_softirqs_init+0x0/0x21 @ 1
[    3.900338] initcall proc_softirqs_init+0x0/0x21 returned 0 after 2 usecs
[    3.908493] calling  proc_kcore_init+0x0/0xea @ 1
[    3.914229] initcall proc_kcore_init+0x0/0xea returned 0 after 23 usecs
[    3.922145] calling  vmcore_init+0x0/0x578 @ 1
[    3.927532] initcall vmcore_init+0x0/0x578 returned 0 after 14 usecs
[    3.935165] calling  proc_kmsg_init+0x0/0x21 @ 1
[    3.940766] initcall proc_kmsg_init+0x0/0x21 returned 0 after 3 usecs
[    3.948538] calling  proc_page_init+0x0/0x3b @ 1
[    3.954177] initcall proc_page_init+0x0/0x3b returned 0 after 4 usecs
[    3.961822] calling  init_ramfs_fs+0x0/0xc @ 1
[    3.967365] initcall init_ramfs_fs+0x0/0xc returned 0 after 2 usecs
[    3.974780] calling  init_hugetlbfs_fs+0x0/0xf6 @ 1
[    3.980618] initcall init_hugetlbfs_fs+0x0/0xf6 returned 0 after 48 usecs
[    3.988668] calling  blk_scsi_ioctl_init+0x0/0x2a5 @ 1
[    3.994792] initcall blk_scsi_ioctl_init+0x0/0x2a5 returned 0 after 24 usecs
[    4.003138] calling  acpi_event_init+0x0/0x2c @ 1
[    4.008779] initcall acpi_event_init+0x0/0x2c returned 0 after 10 usecs
[    4.016607] calling  pnp_system_init+0x0/0xc @ 1
[    4.022242] initcall pnp_system_init+0x0/0xc returned 0 after 55 usecs
[    4.029973] calling  pnpacpi_init+0x0/0x69 @ 1
[    4.035401] pnp: PnP ACPI init
[    4.039434] pnp 00:00: Plug and Play ACPI device, IDs PNP0303 (active)
[    4.047091] pnp 00:01: Plug and Play ACPI device, IDs PNP0f13 (active)
[    4.054876] pnp 00:02: Plug and Play ACPI device, IDs PNP0400 (active)
[    4.062574] pnp 00:03: Plug and Play ACPI device, IDs PNP0501 (active)
[    4.070472] pnp 00:04: Plug and Play ACPI device, IDs PNP0b00 (active)
[    4.078302] system 00:05: [mem 0xb0000000-0xbfffffff window] has been reserved
[    4.086951] system 00:05: Plug and Play ACPI device, IDs PNP0c01 (active)
[    4.096251] pnp: PnP ACPI: found 6 devices
[    4.101394] initcall pnpacpi_init+0x0/0x69 returned 0 after 64510 usecs
[    4.109712] calling  chr_dev_init+0x0/0x14d @ 1
[    4.118203] initcall chr_dev_init+0x0/0x14d returned 0 after 2575 usecs
[    4.126182] calling  firmware_class_init+0x0/0xde @ 1
[    4.132273] initcall firmware_class_init+0x0/0xde returned 0 after 17 usecs
[    4.140681] calling  init_pcmcia_bus+0x0/0x5b @ 1
[    4.146541] initcall init_pcmcia_bus+0x0/0x5b returned 0 after 14 usecs
[    4.154443] calling  init_acpi_pm_clocksource+0x0/0xda @ 1
[    4.166509] clocksource: acpi_pm: mask: 0xffffff max_cycles: 0xffffff, max_idle_ns: 2085701024 ns
[    4.177247] initcall init_acpi_pm_clocksource+0x0/0xda returned 0 after 15856 usecs
[    4.186314] calling  sysctl_core_init+0x0/0x26 @ 1
[    4.192137] initcall sysctl_core_init+0x0/0x26 returned 0 after 31 usecs
[    4.204640] calling  eth_offload_init+0x0/0x13 @ 1
[    4.210635] initcall eth_offload_init+0x0/0x13 returned 0 after 78 usecs
[    4.218783] calling  ipv4_offload_init+0x0/0x73 @ 1
[    4.224911] initcall ipv4_offload_init+0x0/0x73 returned 0 after 93 usecs
[    4.233362] calling  inet_init+0x0/0x276 @ 1
[    4.239973] NET: Registered protocol family 2
[    4.249395] IP idents hash table entries: 8192 (order: 4, 65536 bytes, linear)
[    4.264283] tcp_listen_portaddr_hash hash table entries: 256 (order: 0, 4096 bytes, linear)
[    4.275412] TCP established hash table entries: 4096 (order: 3, 32768 bytes, linear)
[    4.284683] TCP bind hash table entries: 4096 (order: 3, 32768 bytes, linear)
[    4.293481] TCP: Hash tables configured (established 4096 bind 4096)
[    4.301456] UDP hash table entries: 256 (order: 1, 8192 bytes, linear)
[    4.309297] UDP-Lite hash table entries: 256 (order: 1, 8192 bytes, linear)
[    4.317946] initcall inet_init+0x0/0x276 returned 0 after 77264 usecs
[    4.326595] calling  af_unix_init+0x0/0x4d @ 1
[    4.332647] NET: Registered protocol family 1
[    4.338074] initcall af_unix_init+0x0/0x4d returned 0 after 5317 usecs
[    4.345998] calling  ipv6_offload_init+0x0/0x7e @ 1
[    4.352224] initcall ipv6_offload_init+0x0/0x7e returned 0 after 73 usecs
[    4.360475] calling  init_sunrpc+0x0/0x65 @ 1
[    4.367051] RPC: Registered named UNIX socket transport module.
[    4.374478] RPC: Registered udp transport module.
[    4.380342] RPC: Registered tcp transport module.
[    4.386104] RPC: Registered tcp NFSv4.1 backchannel transport module.
[    4.393969] initcall init_sunrpc+0x0/0x65 returned 0 after 27396 usecs
[    4.401895] calling  cfg80211_init+0x0/0xc5 @ 1
[    4.409851] initcall cfg80211_init+0x0/0xc5 returned 0 after 2321 usecs
[    4.417866] calling  pcibios_assign_resources+0x0/0xcb @ 1
[    4.425013] pci_bus 0000:00: resource 4 [io  0x0000-0x0cf7 window]
[    4.432460] pci_bus 0000:00: resource 5 [io  0x0d00-0xffff window]
[    4.439965] pci_bus 0000:00: resource 6 [mem 0x000a0000-0x000bffff window]
[    4.451388] pci_bus 0000:00: resource 7 [mem 0x20000000-0xafffffff window]
[    4.459295] pci_bus 0000:00: resource 8 [mem 0xc0000000-0xfebfffff window]
[    4.467300] pci_bus 0000:00: resource 9 [mem 0x100000000-0x8ffffffff window]
[    4.476035] initcall pcibios_assign_resources+0x0/0xcb returned 0 after 50328 usecs
[    4.485243] calling  pci_apply_final_quirks+0x0/0x124 @ 1
[    4.493825] pci 0000:00:01.0: calling  pci_fixup_video+0x0/0xe0 @ 1
[    4.504147] pci 0000:00:01.0: Video device with shadowed ROM at [mem 0x000c0000-0x000dffff]
[    4.515885] pci 0000:00:01.0: pci_fixup_video+0x0/0xe0 took 11907 usecs
[    4.527885] PCI: CLS 0 bytes, default 64
[    4.532481] initcall pci_apply_final_quirks+0x0/0x124 returned 0 after 38775 usecs
[    4.541177] calling  acpi_reserve_resources+0x0/0xea @ 1
[    4.547380] initcall acpi_reserve_resources+0x0/0xea returned 0 after 45 usecs
[    4.555800] calling  populate_rootfs+0x0/0x102 @ 1
[    4.562373] initcall populate_rootfs+0x0/0x102 returned 0 after 876 usecs
[    4.570314] calling  pci_iommu_init+0x0/0x3e @ 1
[    4.575846] initcall pci_iommu_init+0x0/0x3e returned 0 after 114 usecs
[    4.585402] calling  ia32_binfmt_init+0x0/0x13 @ 1
[    4.591272] initcall ia32_binfmt_init+0x0/0x13 returned 0 after 54 usecs
[    4.599159] calling  rapl_pmu_init+0x0/0x25f @ 1
[    4.604626] initcall rapl_pmu_init+0x0/0x25f returned -19 after 30 usecs
[    4.612436] calling  amd_uncore_init+0x0/0x310 @ 1
[    4.618083] initcall amd_uncore_init+0x0/0x310 returned -19 after 0 usecs
[    4.625917] calling  amd_ibs_init+0x0/0x273 @ 1
[    4.631281] initcall amd_ibs_init+0x0/0x273 returned -19 after 0 usecs
[    4.638857] calling  amd_iommu_pc_init+0x0/0x20c @ 1
[    4.644745] initcall amd_iommu_pc_init+0x0/0x20c returned -19 after 20 usecs
[    4.653073] calling  msr_init+0x0/0x55 @ 1
[    4.658020] initcall msr_init+0x0/0x55 returned 0 after 42 usecs
[    4.665067] calling  intel_uncore_init+0x0/0x322 @ 1
[    4.670928] initcall intel_uncore_init+0x0/0x322 returned -19 after 29 usecs
[    4.679085] calling  cstate_pmu_init+0x0/0x181 @ 1
[    4.684843] initcall cstate_pmu_init+0x0/0x181 returned -19 after 0 usecs
[    4.693060] calling  register_kernel_offset_dumper+0x0/0x1a @ 1
[    4.700050] initcall register_kernel_offset_dumper+0x0/0x1a returned 0 after 34 usecs
[    4.709250] calling  i8259A_init_ops+0x0/0x20 @ 1
[    4.714954] initcall i8259A_init_ops+0x0/0x20 returned 0 after 1 usecs
[    4.722852] calling  init_tsc_clocksource+0x0/0xa4 @ 1
[    4.728966] clocksource: tsc: mask: 0xffffffffffffffff max_cycles: 0x39a85afc727, max_idle_ns: 881590685098 ns
[    4.740607] initcall init_tsc_clocksource+0x0/0xa4 returned 0 after 11397 usecs
[    4.749529] calling  add_rtc_cmos+0x0/0xb0 @ 1
[    4.754737] initcall add_rtc_cmos+0x0/0xb0 returned 0 after 78 usecs
[    4.762168] calling  i8237A_init_ops+0x0/0x3a @ 1
[    4.767864] initcall i8237A_init_ops+0x0/0x3a returned 0 after 127 usecs
[    4.775806] calling  umwait_init+0x0/0x94 @ 1
[    4.780954] initcall umwait_init+0x0/0x94 returned -19 after 17 usecs
[    4.788371] calling  thermal_throttle_init_device+0x0/0x3d @ 1
[    4.795119] initcall thermal_throttle_init_device+0x0/0x3d returned 0 after 13 usecs
[    4.804001] calling  msr_init+0x0/0xd7 @ 1
[    4.809204] initcall msr_init+0x0/0xd7 returned 0 after 398 usecs
[    4.816415] calling  cpuid_init+0x0/0xd7 @ 1
[    4.821652] initcall cpuid_init+0x0/0xd7 returned 0 after 154 usecs
[    4.828925] calling  ioapic_init_ops+0x0/0x13 @ 1
[    4.834478] initcall ioapic_init_ops+0x0/0x13 returned 0 after 26 usecs
[    4.842172] calling  add_pcspkr+0x0/0x6c @ 1
[    4.847245] initcall add_pcspkr+0x0/0x6c returned 0 after 41 usecs
[    4.855311] calling  start_periodic_check_for_corruption+0x0/0x30 @ 1
[    4.863338] check: Scanning for low memory corruption every 60 seconds
[    4.870951] initcall start_periodic_check_for_corruption+0x0/0x30 returned 0 after 7463 usecs
[    4.881805] calling  sysfb_init+0x0/0x9c @ 1
[    4.886894] initcall sysfb_init+0x0/0x9c returned 0 after 111 usecs
[    4.894651] calling  audit_classes_init+0x0/0xae @ 1
[    4.900790] initcall audit_classes_init+0x0/0xae returned 0 after 30 usecs
[    4.908742] calling  iosf_mbi_init+0x0/0x24 @ 1
[    4.914421] initcall iosf_mbi_init+0x0/0x24 returned 0 after 198 usecs
[    4.922102] calling  proc_execdomains_init+0x0/0x21 @ 1
[    4.928218] initcall proc_execdomains_init+0x0/0x21 returned 0 after 25 usecs
[    4.936559] calling  register_warn_debugfs+0x0/0x23 @ 1
[    4.942832] initcall register_warn_debugfs+0x0/0x23 returned 0 after 154 usecs
[    4.951149] calling  ioresources_init+0x0/0x49 @ 1
[    4.956692] initcall ioresources_init+0x0/0x49 returned 0 after 6 usecs
[    4.964325] calling  snapshot_device_init+0x0/0xc @ 1
[    4.970461] initcall snapshot_device_init+0x0/0xc returned 0 after 247 usecs
[    4.978559] calling  irq_pm_init_ops+0x0/0x13 @ 1
[    4.984143] initcall irq_pm_init_ops+0x0/0x13 returned 0 after 38 usecs
[    4.991963] calling  rcu_torture_init+0x0/0x964 @ 1
[    4.998328] rcu-torture:--- Start of test: nreaders=1 nfakewriters=4 stat_interval=15 verbose=1 test_no_idle_hz=1 shuffle_interval=3 stutter=5 irqreader=1 fqs_duration=0 fqs_holdoff=0 fqs_stutter=3 test_boost=1/0 test_boost_interval=7 test_boost_duration=4 shutdown_secs=1800 stall_cpu=0 stall_cpu_holdoff=10 stall_cpu_irqsoff=0 stall_cpu_block=0 n_barrier_cbs=4 onoff_interval=0 onoff_holdoff=0 read_exit_delay=13 read_exit_burst=16
[    5.044926] rcu:  Start-test grace-period state: g-1088 f0x0
[    5.051385] rcu-torture: Creating rcu_torture_writer task
[    5.057779] rcu-torture: Creating rcu_torture_fakewriter task
[    5.064416] rcu-torture: rcu_torture_writer task started
[    5.070581] rcu-torture: GP expediting controlled from boot/sysfs for rcu.
[    5.078396] rcu-torture: Creating rcu_torture_fakewriter task
[    5.084923] rcu-torture: rcu_torture_fakewriter task started
[    5.095430] rcu-torture: Creating rcu_torture_fakewriter task
[    5.103206] rcu-torture: rcu_torture_fakewriter task started
[    5.110133] rcu_torture_writer: Testing conditional GPs.
[    5.118002] rcu-torture: Creating rcu_torture_fakewriter task
[    5.126186] rcu-torture: rcu_torture_fakewriter task started
[    5.134323] rcu_torture_writer: Testing expedited GPs.
[    5.141852] rcu-torture: Creating rcu_torture_reader task
[    5.148109] rcu-torture: rcu_torture_fakewriter task started
[    5.154632] rcu_torture_writer: Testing asynchronous GPs.
[    5.161063] rcu-torture: Creating rcu_torture_stats task
[    5.167316] rcu-torture: rcu_torture_reader task started
[    5.173504] rcu_torture_writer: Testing normal GPs.
[    5.179552] rcu-torture: Creating torture_shuffle task
[    5.186078] rcu-torture: rcu_torture_stats task started
[    5.192893] rcu-torture: Creating torture_stutter task
[    5.199296] rcu-torture: torture_shuffle task started
[    5.205797] rcu-torture: Creating torture_shutdown task
[    5.211979] rcu-torture: torture_stutter task started
[    5.218949] rcu-torture: Creating rcu_torture_fwd_prog task
[    5.227848] rcu-torture: torture_shutdown task started
[    5.235394] rcu-torture:torture_shutdown task: 1799970 ms remaining
[    5.242833] rcu-torture: Creating rcu_torture_barrier_cbs task
[    5.249855] rcu-torture: rcu_torture_fwd_progress task started
[    5.257036] rcu-torture: Creating rcu_torture_barrier_cbs task
[    5.264020] rcu-torture: rcu_torture_barrier_cbs task started
[    5.271164] rcu-torture: Creating rcu_torture_barrier_cbs task
[    5.278039] rcu-torture: rcu_torture_barrier_cbs task started
[    5.284843] rcu-torture: Creating rcu_torture_barrier_cbs task
[    5.291819] rcu-torture: rcu_torture_barrier_cbs task started
[    5.298857] rcu-torture: Creating rcu_torture_barrier task
[    5.305290] rcu-torture: rcu_torture_barrier_cbs task started
[    5.312908] rcu-torture: Creating rcu_torture_read_exit task
[    5.319450] rcu-torture: rcu_torture_barrier task starting
[    5.326081] initcall rcu_torture_init+0x0/0x964 returned 0 after 320095 usecs
[    5.334481] rcu-torture: rcu_torture_read_exit: Start of test
[    5.341149] calling  timekeeping_init_ops+0x0/0x13 @ 1
[    5.347053] initcall timekeeping_init_ops+0x0/0x13 returned 0 after 6 usecs
[    5.355079] calling  init_clocksource_sysfs+0x0/0x23 @ 1
[    5.361344] initcall init_clocksource_sysfs+0x0/0x23 returned 0 after 147 usecs
[    5.369569] calling  init_timer_list_procfs+0x0/0x31 @ 1
[    5.375619] initcall init_timer_list_procfs+0x0/0x31 returned 0 after 8 usecs
[    5.383877] calling  alarmtimer_init+0x0/0xb5 @ 1
[    5.389478] initcall alarmtimer_init+0x0/0xb5 returned 0 after 130 usecs
[    5.397183] calling  init_posix_timers+0x0/0x29 @ 1
[    5.403307] initcall init_posix_timers+0x0/0x29 returned 0 after 12 usecs
[    5.411187] calling  clockevents_init_sysfs+0x0/0x8b @ 1
[    5.417444] initcall clockevents_init_sysfs+0x0/0x8b returned 0 after 104 usecs
[    5.425758] calling  proc_dma_init+0x0/0x21 @ 1
[    5.431181] initcall proc_dma_init+0x0/0x21 returned 0 after 10 usecs
[    5.438527] calling  proc_modules_init+0x0/0x1e @ 1
[    5.444242] initcall proc_modules_init+0x0/0x1e returned 0 after 9 usecs
[    5.451979] calling  kallsyms_init+0x0/0x21 @ 1
[    5.457269] initcall kallsyms_init+0x0/0x21 returned 0 after 10 usecs
[    5.465969] calling  pid_namespaces_init+0x0/0x2c @ 1
[    5.473533] initcall pid_namespaces_init+0x0/0x2c returned 0 after 24 usecs
[    5.483916] calling  audit_watch_init+0x0/0x37 @ 1
[    5.491683] initcall audit_watch_init+0x0/0x37 returned 0 after 9 usecs
[    5.499281] calling  audit_fsnotify_init+0x0/0x37 @ 1
[    5.505004] initcall audit_fsnotify_init+0x0/0x37 returned 0 after 6 usecs
[    5.512626] calling  audit_tree_init+0x0/0x6d @ 1
[    5.517971] initcall audit_tree_init+0x0/0x6d returned 0 after 9 usecs
[    5.525355] calling  seccomp_sysctl_init+0x0/0x2b @ 1
[    5.531102] initcall seccomp_sysctl_init+0x0/0x2b returned 0 after 25 usecs
[    5.538963] calling  utsname_sysctl_init+0x0/0x13 @ 1
[    5.544802] initcall utsname_sysctl_init+0x0/0x13 returned 0 after 25 usecs
[    5.552584] calling  init_tracepoints+0x0/0x27 @ 1
[    5.558123] initcall init_tracepoints+0x0/0x27 returned 0 after 62 usecs
[    5.565673] calling  init_blk_tracer+0x0/0x50 @ 1
[    5.571298] initcall init_blk_tracer+0x0/0x50 returned 0 after 312 usecs
[    5.578899] calling  perf_event_sysfs_init+0x0/0x81 @ 1
[    5.586819] initcall perf_event_sysfs_init+0x0/0x81 returned 0 after 1942 usecs
[    5.595125] calling  system_trusted_keyring_init+0x0/0x5f @ 1
[    5.602556] Initialise system trusted keyrings
[    5.608738] initcall system_trusted_keyring_init+0x0/0x5f returned 0 after 5998 usecs
[    5.619375] calling  kswapd_init+0x0/0x13 @ 1
[    5.625589] initcall kswapd_init+0x0/0x13 returned 0 after 208 usecs
[    5.634181] calling  extfrag_debug_init+0x0/0x54 @ 1
[    5.640973] initcall extfrag_debug_init+0x0/0x54 returned 0 after 75 usecs
[    5.650355] calling  slab_proc_init+0x0/0x21 @ 1
[    5.656891] initcall slab_proc_init+0x0/0x21 returned 0 after 80 usecs
[    5.665182] calling  workingset_init+0x0/0x8c @ 1
[    5.670611] workingset: timestamp_bits=62 max_order=17 bucket_order=0
[    5.678580] initcall workingset_init+0x0/0x8c returned 0 after 7782 usecs
[    5.686230] calling  proc_vmalloc_init+0x0/0x27 @ 1
[    5.691859] initcall proc_vmalloc_init+0x0/0x27 returned 0 after 19 usecs
[    5.699559] calling  procswaps_init+0x0/0x1e @ 1
[    5.704967] initcall procswaps_init+0x0/0x1e returned 0 after 5 usecs
[    5.712347] calling  slab_sysfs_init+0x0/0xea @ 1
[    5.720428] initcall slab_sysfs_init+0x0/0xea returned 0 after 2554 usecs
[    5.728235] calling  fcntl_init+0x0/0x29 @ 1
[    5.733216] initcall fcntl_init+0x0/0x29 returned 0 after 10 usecs
[    5.740383] calling  proc_filesystems_init+0x0/0x21 @ 1
[    5.747133] initcall proc_filesystems_init+0x0/0x21 returned 0 after 9 usecs
[    5.755176] calling  start_dirtytime_writeback+0x0/0x29 @ 1
[    5.761560] initcall start_dirtytime_writeback+0x0/0x29 returned 0 after 5 usecs
[    5.770020] calling  blkdev_init+0x0/0x1b @ 1
[    5.775199] initcall blkdev_init+0x0/0x1b returned 0 after 122 usecs
[    5.782492] calling  dio_init+0x0/0x2c @ 1
[    5.787270] initcall dio_init+0x0/0x2c returned 0 after 45 usecs
[    5.795954] calling  dnotify_init+0x0/0x78 @ 1
[    5.801145] initcall dnotify_init+0x0/0x78 returned 0 after 16 usecs
[    5.808383] calling  aio_setup+0x0/0x78 @ 1
[    5.813345] initcall aio_setup+0x0/0x78 returned 0 after 104 usecs
[    5.820452] calling  io_uring_init+0x0/0x2c @ 1
[    5.825795] initcall io_uring_init+0x0/0x2c returned 0 after 8 usecs
[    5.832954] calling  mbcache_init+0x0/0x30 @ 1
[    5.838208] initcall mbcache_init+0x0/0x30 returned 0 after 67 usecs
[    5.845543] calling  init_grace+0x0/0xc @ 1
[    5.850385] initcall init_grace+0x0/0xc returned 0 after 9 usecs
[    5.857143] calling  init_v2_quota_format+0x0/0x21 @ 1
[    5.862944] initcall init_v2_quota_format+0x0/0x21 returned 0 after 2 usecs
[    5.870737] calling  init_devpts_fs+0x0/0x27 @ 1
[    5.876039] initcall init_devpts_fs+0x0/0x27 returned 0 after 28 usecs
[    5.883448] calling  ext4_init_fs+0x0/0x1cb @ 1
[    5.889018] initcall ext4_init_fs+0x0/0x1cb returned 0 after 436 usecs
[    5.897835] calling  journal_init+0x0/0x11c @ 1
[    5.903010] initcall journal_init+0x0/0x11c returned 0 after 80 usecs
[    5.910257] calling  init_fat_fs+0x0/0x49 @ 1
[    5.915231] initcall init_fat_fs+0x0/0x49 returned 0 after 55 usecs
[    5.922943] calling  init_vfat_fs+0x0/0xc @ 1
[    5.928863] initcall init_vfat_fs+0x0/0xc returned 0 after 10 usecs
[    5.936020] calling  init_msdos_fs+0x0/0xc @ 1
[    5.941098] initcall init_msdos_fs+0x0/0xc returned 0 after 4 usecs
[    5.948311] calling  init_iso9660_fs+0x0/0x6c @ 1
[    5.953930] initcall init_iso9660_fs+0x0/0x6c returned 0 after 54 usecs
[    5.961585] calling  init_nfs_fs+0x0/0x13a @ 1
[    5.967368] initcall init_nfs_fs+0x0/0x13a returned 0 after 576 usecs
[    5.974853] calling  init_nfs_v2+0x0/0x13 @ 1
[    5.979939] initcall init_nfs_v2+0x0/0x13 returned 0 after 36 usecs
[    5.987035] calling  init_nfs_v3+0x0/0x13 @ 1
[    5.992140] initcall init_nfs_v3+0x0/0x13 returned 0 after 2 usecs
[    5.999234] calling  init_nfs_v4+0x0/0x32 @ 1
[    6.005596] NFS: Registering the id_resolver key type
[    6.011531] Key type id_resolver registered
[    6.017145] Key type id_legacy registered
[    6.022860] initcall init_nfs_v4+0x0/0x32 returned 0 after 16922 usecs
[    6.032088] calling  init_nlm+0x0/0x5b @ 1
[    6.038098] initcall init_nlm+0x0/0x5b returned 0 after 53 usecs
[    6.046271] calling  init_nls_cp437+0x0/0xe @ 1
[    6.051540] initcall init_nls_cp437+0x0/0xe returned 0 after 2 usecs
[    6.058797] calling  init_nls_ascii+0x0/0xe @ 1
[    6.064120] initcall init_nls_ascii+0x0/0xe returned 0 after 5 usecs
[    6.071511] calling  init_nls_iso8859_1+0x0/0xe @ 1
[    6.077234] initcall init_nls_iso8859_1+0x0/0xe returned 0 after 6 usecs
[    6.084955] calling  init_nls_utf8+0x0/0x21 @ 1
[    6.090228] initcall init_nls_utf8+0x0/0x21 returned 0 after 3 usecs
[    6.097554] calling  init_autofs_fs+0x0/0x25 @ 1
[    6.103810] initcall init_autofs_fs+0x0/0x25 returned 0 after 484 usecs
[    6.111552] calling  ipc_init+0x0/0x24 @ 1
[    6.116344] initcall ipc_init+0x0/0x24 returned 0 after 34 usecs
[    6.123326] calling  ipc_sysctl_init+0x0/0x13 @ 1
[    6.128863] initcall ipc_sysctl_init+0x0/0x13 returned 0 after 12 usecs
[    6.136474] calling  init_mqueue_fs+0x0/0x92 @ 1
[    6.141989] initcall init_mqueue_fs+0x0/0x92 returned 0 after 88 usecs
[    6.149586] calling  key_proc_init+0x0/0x63 @ 1
[    6.154868] initcall key_proc_init+0x0/0x63 returned 0 after 9 usecs
[    6.162166] calling  selinux_nf_ip_init+0x0/0x2e @ 1
[    6.167908] initcall selinux_nf_ip_init+0x0/0x2e returned 0 after 42 usecs
[    6.175804] calling  init_sel_fs+0x0/0x116 @ 1
[    6.182451] initcall init_sel_fs+0x0/0x116 returned 0 after 5 usecs
[    6.189551] calling  selnl_init+0x0/0x7c @ 1
[    6.194463] initcall selnl_init+0x0/0x7c returned 0 after 69 usecs
[    6.201523] calling  sel_netif_init+0x0/0x36 @ 1
[    6.206877] initcall sel_netif_init+0x0/0x36 returned 0 after 14 usecs
[    6.218926] calling  sel_netnode_init+0x0/0x33 @ 1
[    6.225013] initcall sel_netnode_init+0x0/0x33 returned 0 after 497 usecs
[    6.234002] calling  sel_netport_init+0x0/0x33 @ 1
[    6.240978] initcall sel_netport_init+0x0/0x33 returned 0 after 61 usecs
[    6.250478] calling  aurule_init+0x0/0x2a @ 1
[    6.256952] initcall aurule_init+0x0/0x2a returned 0 after 316 usecs
[    6.265833] calling  crypto_algapi_init+0x0/0xc @ 1
[    6.272269] initcall crypto_algapi_init+0x0/0xc returned 0 after 336 usecs
[    6.281027] calling  jent_mod_init+0x0/0x2d @ 1
[    6.296318] initcall jent_mod_init+0x0/0x2d returned 0 after 9820 usecs
[    6.304051] calling  asymmetric_key_init+0x0/0xc @ 1
[    6.309922] Key type asymmetric registered
[    6.314676] initcall asymmetric_key_init+0x0/0xc returned 0 after 4747 usecs
[    6.322643] calling  x509_key_init+0x0/0xc @ 1
[    6.327904] Asymmetric key parser 'x509' registered
[    6.333480] initcall x509_key_init+0x0/0xc returned 0 after 5459 usecs
[    6.340966] calling  proc_genhd_init+0x0/0x41 @ 1
[    6.347437] initcall proc_genhd_init+0x0/0x41 returned 0 after 75 usecs
[    6.355767] calling  bsg_init+0x0/0x113 @ 1
[    6.362907] Block layer SCSI generic (bsg) driver version 0.4 loaded (major 251)
[    6.373632] initcall bsg_init+0x0/0x113 returned 0 after 11385 usecs
[    6.382818] calling  deadline_init+0x0/0xc @ 1
[    6.388025] io scheduler mq-deadline registered
[    6.393384] initcall deadline_init+0x0/0xc returned 0 after 5238 usecs
[    6.400956] calling  kyber_init+0x0/0xc @ 1
[    6.405856] io scheduler kyber registered
[    6.410819] initcall kyber_init+0x0/0xc returned 0 after 4839 usecs
[    6.418072] calling  mod_init+0x0/0x7 @ 1
[    6.422879] initcall mod_init+0x0/0x7 returned 0 after 29 usecs
[    6.429692] calling  sg_pool_init+0x0/0xb4 @ 1
[    6.435828] initcall sg_pool_init+0x0/0xb4 returned 0 after 924 usecs
[    6.443587] calling  pcie_portdrv_init+0x0/0x39 @ 1
[    6.451301] initcall pcie_portdrv_init+0x0/0x39 returned 0 after 785 usecs
[    6.459488] calling  pci_proc_init+0x0/0x68 @ 1
[    6.465371] initcall pci_proc_init+0x0/0x68 returned 0 after 516 usecs
[    6.473078] calling  pci_hotplug_init+0x0/0x7 @ 1
[    6.478595] initcall pci_hotplug_init+0x0/0x7 returned 0 after 5 usecs
[    6.486234] calling  efifb_driver_init+0x0/0xe @ 1
[    6.492274] initcall efifb_driver_init+0x0/0xe returned 0 after 342 usecs
[    6.500145] calling  ged_driver_init+0x0/0xe @ 1
[    6.505803] initcall ged_driver_init+0x0/0xe returned 0 after 193 usecs
[    6.513466] calling  acpi_ac_init+0x0/0x92 @ 1
[    6.519438] initcall acpi_ac_init+0x0/0x92 returned 0 after 609 usecs
[    6.527124] calling  acpi_button_driver_init+0x0/0x52 @ 1
[    6.534271] input: Power Button as /devices/LNXSYSTM:00/LNXPWRBN:00/input/input0
[    6.546890] ACPI: Power Button [PWRF]
[    6.551736] initcall acpi_button_driver_init+0x0/0x52 returned 0 after 17723 usecs
[    6.560518] calling  acpi_fan_driver_init+0x0/0xe @ 1
[    6.566642] initcall acpi_fan_driver_init+0x0/0xe returned 0 after 20 usecs
[    6.574925] calling  acpi_video_init+0x0/0xcb @ 1
[    6.580516] initcall acpi_video_init+0x0/0xcb returned 0 after 114 usecs
[    6.588393] calling  acpi_processor_driver_init+0x0/0xad @ 1
[    6.595796] initcall acpi_processor_driver_init+0x0/0xad returned 0 after 714 usecs
[    6.604829] calling  acpi_thermal_init+0x0/0x71 @ 1
[    6.610680] initcall acpi_thermal_init+0x0/0x71 returned 0 after 97 usecs
[    6.618501] calling  acpi_battery_init+0x0/0x32 @ 1
[    6.624208] initcall acpi_battery_init+0x0/0x32 returned 0 after 70 usecs
[    6.632196] calling  bgrt_init+0x0/0xb6 @ 1
[    6.637243] initcall bgrt_init+0x0/0xb6 returned -19 after 5 usecs
[    6.644628] calling  gpio_clk_driver_init+0x0/0xe @ 1
[    6.650512] initcall gpio_clk_driver_init+0x0/0xe returned 0 after 54 usecs
[    6.659407] calling  plt_clk_driver_init+0x0/0xe @ 1
[    6.666864] initcall plt_clk_driver_init+0x0/0xe returned 0 after 19 usecs
[    6.677001] calling  virtio_pci_driver_init+0x0/0x15 @ 1
[    6.684697] initcall virtio_pci_driver_init+0x0/0x15 returned 0 after 79 usecs
[    6.693470] calling  n_null_init+0x0/0x1e @ 1
[    6.698595] initcall n_null_init+0x0/0x1e returned 0 after 29 usecs
[    6.705879] calling  pty_init+0x0/0x1e8 @ 1
[    6.711828] initcall pty_init+0x0/0x1e8 returned 0 after 954 usecs
[    6.719323] calling  sysrq_init+0x0/0x62 @ 1
[    6.724347] initcall sysrq_init+0x0/0x62 returned 0 after 10 usecs
[    6.732032] calling  serial8250_init+0x0/0x17e @ 1
[    6.739120] Serial: 8250/16550 driver, 4 ports, IRQ sharing enabled
[    6.749900] 00:03: ttyS0 at I/O 0x3f8 (irq = 4, base_baud = 115200) is a 16550A
[    6.762510] initcall serial8250_init+0x0/0x17e returned 0 after 22890 usecs
[    6.771000] calling  serial_pci_driver_init+0x0/0x15 @ 1
[    6.777596] initcall serial_pci_driver_init+0x0/0x15 returned 0 after 86 usecs
[    6.786063] calling  exar_pci_driver_init+0x0/0x15 @ 1
[    6.792167] initcall exar_pci_driver_init+0x0/0x15 returned 0 after 29 usecs
[    6.800470] calling  lpss8250_pci_driver_init+0x0/0x15 @ 1
[    6.807016] initcall lpss8250_pci_driver_init+0x0/0x15 returned 0 after 20 usecs
[    6.815692] calling  mid8250_pci_driver_init+0x0/0x15 @ 1
[    6.822203] initcall mid8250_pci_driver_init+0x0/0x15 returned 0 after 21 usecs
[    6.830865] calling  virtio_console_init+0x0/0xff @ 1
[    6.837189] initcall virtio_console_init+0x0/0xff returned 0 after 280 usecs
[    6.845412] calling  hpet_init+0x0/0x64 @ 1
[    6.851065] initcall hpet_init+0x0/0x64 returned 0 after 590 usecs
[    6.858465] calling  nvram_module_init+0x0/0x83 @ 1
[    6.864518] Non-volatile memory driver v1.3
[    6.872042] initcall nvram_module_init+0x0/0x83 returned 0 after 7476 usecs
[    6.880257] calling  hwrng_modinit+0x0/0x8a @ 1
[    6.885869] initcall hwrng_modinit+0x0/0x8a returned 0 after 65 usecs
[    6.893631] calling  mod_init+0x0/0x48 @ 1
[    6.898557] initcall mod_init+0x0/0x48 returned -19 after 2 usecs
[    6.906166] calling  agp_init+0x0/0x23 @ 1
[    6.911421] Linux agpgart interface v0.103
[    6.916466] initcall agp_init+0x0/0x23 returned 0 after 4929 usecs
[    6.925604] calling  agp_amd64_mod_init+0x0/0x5 @ 1
[    6.932082] initcall agp_amd64_mod_init+0x0/0x5 returned -19 after 119 usecs
[    6.942589] calling  agp_intel_init+0x0/0x28 @ 1
[    6.950932] initcall agp_intel_init+0x0/0x28 returned 0 after 1031 usecs
[    6.961409] calling  drm_kms_helper_init+0x0/0x7 @ 1
[    6.967890] initcall drm_kms_helper_init+0x0/0x7 returned 0 after 29 usecs
[    6.976324] calling  drm_core_init+0x0/0x9e @ 1
[    6.982293] initcall drm_core_init+0x0/0x9e returned 0 after 192 usecs
[    6.991234] calling  i915_init+0x0/0x6b @ 1
[    6.997620] initcall i915_init+0x0/0x6b returned 0 after 907 usecs
[    7.005126] calling  cn_proc_init+0x0/0x35 @ 1
[    7.010824] initcall cn_proc_init+0x0/0x35 returned 0 after 4 usecs
[    7.018467] calling  topology_sysfs_init+0x0/0x27 @ 1
[    7.024581] initcall topology_sysfs_init+0x0/0x27 returned 0 after 33 usecs
[    7.033037] calling  cacheinfo_sysfs_init+0x0/0x27 @ 1
[    7.039525] initcall cacheinfo_sysfs_init+0x0/0x27 returned 0 after 235 usecs
[    7.048283] calling  loop_init+0x0/0x168 @ 1
[    7.065830] loop: module loaded
[    7.069991] initcall loop_init+0x0/0x168 returned 0 after 16005 usecs
[    7.077913] calling  mac_hid_init+0x0/0x21 @ 1
[    7.083689] initcall mac_hid_init+0x0/0x21 returned 0 after 41 usecs
[    7.091556] calling  spi_transport_init+0x0/0x74 @ 1
[    7.098407] initcall spi_transport_init+0x0/0x74 returned 0 after 644 usecs
[    7.107798] calling  init_sd+0x0/0x18c @ 1
[    7.114112] initcall init_sd+0x0/0x18c returned 0 after 97 usecs
[    7.123286] calling  init_sr+0x0/0x43 @ 1
[    7.129520] initcall init_sr+0x0/0x43 returned 0 after 24 usecs
[    7.138569] calling  init_sg+0x0/0x1c0 @ 1
[    7.144835] initcall init_sg+0x0/0x1c0 returned 0 after 222 usecs
[    7.154274] calling  ahci_pci_driver_init+0x0/0x15 @ 1
[    7.162531] ahci 0000:00:1f.2: version 3.0
[    7.172192] PCI Interrupt Link [GSIA] enabled at IRQ 16
[    7.187259] ahci 0000:00:1f.2: AHCI 0001.0000 32 slots 6 ports 1.5 Gbps 0x3f impl SATA mode
[    7.197269] ahci 0000:00:1f.2: flags: 64bit ncq only 
[    7.212507] scsi host0: ahci
[    7.216938] scsi host1: ahci
[    7.221941] scsi host2: ahci
[    7.226051] scsi host3: ahci
[    7.230365] scsi host4: ahci
[    7.234677] scsi host5: ahci
[    7.238923] ata1: SATA max UDMA/133 abar m4096@0xfebf1000 port 0xfebf1100 irq 24
[    7.248217] ata2: SATA max UDMA/133 abar m4096@0xfebf1000 port 0xfebf1180 irq 24
[    7.257371] ata3: SATA max UDMA/133 abar m4096@0xfebf1000 port 0xfebf1200 irq 24
[    7.266615] ata4: SATA max UDMA/133 abar m4096@0xfebf1000 port 0xfebf1280 irq 24
[    7.275872] ata5: SATA max UDMA/133 abar m4096@0xfebf1000 port 0xfebf1300 irq 24
[    7.284884] ata6: SATA max UDMA/133 abar m4096@0xfebf1000 port 0xfebf1380 irq 24
[    7.295077] initcall ahci_pci_driver_init+0x0/0x15 returned 0 after 129965 usecs
[    7.307218] calling  piix_init+0x0/0x26 @ 1
[    7.312898] initcall piix_init+0x0/0x26 returned 0 after 394 usecs
[    7.320371] calling  amd_pci_driver_init+0x0/0x15 @ 1
[    7.327245] initcall amd_pci_driver_init+0x0/0x15 returned 0 after 32 usecs
[    7.336653] calling  oldpiix_pci_driver_init+0x0/0x15 @ 1
[    7.343896] initcall oldpiix_pci_driver_init+0x0/0x15 returned 0 after 69 usecs
[    7.354281] calling  sch_pci_driver_init+0x0/0x15 @ 1
[    7.360984] initcall sch_pci_driver_init+0x0/0x15 returned 0 after 32 usecs
[    7.371909] calling  net_olddevs_init+0x0/0x55 @ 1
[    7.378060] initcall net_olddevs_init+0x0/0x55 returned 0 after 145 usecs
[    7.386475] calling  blackhole_netdev_init+0x0/0x78 @ 1
[    7.393409] initcall blackhole_netdev_init+0x0/0x78 returned 0 after 357 usecs
[    7.402982] calling  phy_module_init+0x0/0x13 @ 1
[    7.410282] initcall phy_module_init+0x0/0x13 returned 0 after 231 usecs
[    7.418878] calling  tg3_driver_init+0x0/0x15 @ 1
[    7.424941] initcall tg3_driver_init+0x0/0x15 returned 0 after 76 usecs
[    7.433186] calling  e100_init_module+0x0/0x4c @ 1
[    7.439271] e100: Intel(R) PRO/100 Network Driver
[    7.445161] e100: Copyright(c) 1999-2006 Intel Corporation
[    7.452171] initcall e100_init_module+0x0/0x4c returned 0 after 12600 usecs
[    7.461248] calling  e1000_init_module+0x0/0x72 @ 1
[    7.467765] e1000: Intel(R) PRO/1000 Network Driver
[    7.474308] e1000: Copyright (c) 1999-2006 Intel Corporation.
[    7.482774] initcall e1000_init_module+0x0/0x72 returned 0 after 14814 usecs
[    7.492627] calling  e1000_init_module+0x0/0x2d @ 1
[    7.499266] e1000e: Intel(R) PRO/1000 Network Driver
[    7.506079] e1000e: Copyright(c) 1999 - 2015 Intel Corporation.
[    7.514287] initcall e1000_init_module+0x0/0x2d returned 0 after 14672 usecs
[    7.524313] calling  sky2_init_module+0x0/0x21 @ 1
[    7.531506] sky2: driver version 1.30
[    7.537941] initcall sky2_init_module+0x0/0x21 returned 0 after 6832 usecs
[    7.548919] calling  forcedeth_pci_driver_init+0x0/0x15 @ 1
[    7.558144] initcall forcedeth_pci_driver_init+0x0/0x15 returned 0 after 489 usecs
[    7.568733] calling  rtl8139_init_module+0x0/0x15 @ 1
[    7.576618] initcall rtl8139_init_module+0x0/0x15 returned 0 after 630 usecs
[    7.588427] calling  rtl8169_pci_driver_init+0x0/0x15 @ 1
[    7.597427] initcall rtl8169_pci_driver_init+0x0/0x15 returned 0 after 432 usecs
[    7.608815] calling  cdrom_init+0x0/0xc @ 1
[    7.614509] initcall cdrom_init+0x0/0xc returned 0 after 378 usecs
[    7.622983] calling  nonstatic_sysfs_init+0x0/0xc @ 1
[    7.631512] ata4: SATA link down (SStatus 0 SControl 300)
[    7.640091] initcall nonstatic_sysfs_init+0x0/0xc returned 0 after 9637 usecs
[    7.653411] ata3: SATA link up 1.5 Gbps (SStatus 113 SControl 300)
[    7.664537] calling  yenta_cardbus_driver_init+0x0/0x15 @ 1
[    7.673927] ata2: SATA link down (SStatus 0 SControl 300)
[    7.681056] initcall yenta_cardbus_driver_init+0x0/0x15 returned 0 after 8966 usecs
[    7.692612] ata1: SATA link down (SStatus 0 SControl 300)
[    7.703018] ata6: SATA link down (SStatus 0 SControl 300)
[    7.710639] calling  mon_init+0x0/0x123 @ 1
[    7.716575] initcall mon_init+0x0/0x123 returned 0 after 290 usecs
[    7.726880] ata5: SATA link down (SStatus 0 SControl 300)
[    7.734674] ata3.00: ATAPI: QEMU DVD-ROM, 2.5+, max UDMA/100
[    7.742352] calling  ehci_hcd_init+0x0/0x55 @ 1
[    7.748387] ata3.00: applying bridge limits
[    7.754100] ehci_hcd: USB 2.0 'Enhanced' Host Controller (EHCI) Driver
[    7.763799] ata3.00: configured for UDMA/100
[    7.769848] initcall ehci_hcd_init+0x0/0x55 returned 0 after 20964 usecs
[    7.780042] calling  ehci_pci_init+0x0/0x64 @ 1
[    7.786215] ehci-pci: EHCI PCI platform driver
[    7.793906] scsi 2:0:0:0: CD-ROM            QEMU     QEMU DVD-ROM     2.5+ PQ: 0 ANSI: 5
[    7.804439] initcall ehci_pci_init+0x0/0x64 returned 0 after 17794 usecs
[    7.815577] calling  ohci_hcd_mod_init+0x0/0x4d @ 1
[    7.822185] ohci_hcd: USB 1.1 'Open' Host Controller (OHCI) Driver
[    7.830374] initcall ohci_hcd_mod_init+0x0/0x4d returned 0 after 8000 usecs
[    7.839884] calling  ohci_pci_init+0x0/0x64 @ 1
[    7.846243] ohci-pci: OHCI PCI platform driver
[    7.852190] initcall ohci_pci_init+0x0/0x64 returned 0 after 5807 usecs
[    7.861336] sr 2:0:0:0: [sr0] scsi3-mmc drive: 4x/4x cd/rw xa/form2 tray
[    7.869479] calling  uhci_hcd_init+0x0/0xa6 @ 1
[    7.875133] cdrom: Uniform CD-ROM driver Revision: 3.20
[    7.881667] uhci_hcd: USB Universal Host Controller Interface driver
[    7.890056] initcall uhci_hcd_init+0x0/0xa6 returned 0 after 14618 usecs
[    7.898510] calling  xhci_hcd_init+0x0/0x1e @ 1
[    7.904172] initcall xhci_hcd_init+0x0/0x1e returned 0 after 11 usecs
[    7.912156] calling  xhci_pci_init+0x0/0x49 @ 1
[    7.918090] initcall xhci_pci_init+0x0/0x49 returned 0 after 69 usecs
[    7.927414] calling  usblp_driver_init+0x0/0x15 @ 1
[    7.933586] usbcore: registered new interface driver usblp
[    7.942117] sr 2:0:0:0: Attached scsi CD-ROM sr0
[    7.948440] initcall usblp_driver_init+0x0/0x15 returned 0 after 14602 usecs
[    7.958169] sr 2:0:0:0: Attached scsi generic sg0 type 5
[    7.965424] calling  usb_storage_driver_init+0x0/0x2a @ 1
[    7.972974] usbcore: registered new interface driver usb-storage
[    7.980949] initcall usb_storage_driver_init+0x0/0x2a returned 0 after 8127 usecs
[    7.990485] calling  i8042_init+0x0/0x4c2 @ 1
[    7.996962] i8042: PNP: PS/2 Controller [PNP0303:KBD,PNP0f13:MOU] at 0x60,0x64 irq 1,12
[    8.017559] serio: i8042 KBD port at 0x60,0x64 irq 1
[    8.025452] serio: i8042 AUX port at 0x60,0x64 irq 12
[    8.033513] initcall i8042_init+0x0/0x4c2 returned 0 after 36016 usecs
[    8.044230] calling  serport_init+0x0/0x2c @ 1
[    8.051512] initcall serport_init+0x0/0x2c returned 0 after 4 usecs
[    8.060721] calling  input_leds_init+0x0/0xc @ 1
[    8.066752] initcall input_leds_init+0x0/0xc returned 0 after 8 usecs
[    8.075517] calling  evdev_init+0x0/0xc @ 1
[    8.081416] initcall evdev_init+0x0/0xc returned 0 after 171 usecs
[    8.089877] calling  atkbd_init+0x0/0x21 @ 1
[    8.098284] input: AT Translated Set 2 keyboard as /devices/platform/i8042/serio0/input/input1
[    8.109569] initcall atkbd_init+0x0/0x21 returned 0 after 13867 usecs
[    8.118266] calling  psmouse_init+0x0/0x7f @ 1
[    8.129048] initcall psmouse_init+0x0/0x7f returned 0 after 4624 usecs
[    8.148007] calling  cmos_init+0x0/0x73 @ 1
[    8.158636] rtc_cmos 00:04: RTC can wake from S4
[    8.170544] rtc_cmos 00:04: registered as rtc0
[    8.177169] rtc_cmos 00:04: alarms up to one day, y3k, 242 bytes nvram, hpet irqs
[    8.187506] initcall cmos_init+0x0/0x73 returned 0 after 32798 usecs
[    8.196420] calling  smbalert_driver_init+0x0/0xe @ 1
[    8.203951] initcall smbalert_driver_init+0x0/0xe returned 0 after 365 usecs
[    8.213514] calling  i2c_i801_init+0x0/0xc5 @ 1
[    8.221540] i801_smbus 0000:00:1f.3: SMBus using PCI interrupt
[    8.229919] i2c i2c-0: 1/1 memory slots populated (from DMI)
[    8.237173] i2c i2c-0: Memory type 0x07 not supported yet, not instantiating SPD
[    8.247194] initcall i2c_i801_init+0x0/0xc5 returned 0 after 26711 usecs
[    8.258151] calling  ptp_kvm_init+0x0/0xf0 @ 1
[    8.264480] initcall ptp_kvm_init+0x0/0xf0 returned 0 after 171 usecs
[    8.273537] calling  dm_init+0x0/0x3c @ 1
[    8.279654] device-mapper: ioctl: 4.43.0-ioctl (2020-10-01) initialised: dm-devel@redhat.com
[    8.292124] initcall dm_init+0x0/0x3c returned 0 after 12495 usecs
[    8.301152] calling  dm_mirror_init+0x0/0x29 @ 1
[    8.307779] initcall dm_mirror_init+0x0/0x29 returned 0 after 3 usecs
[    8.317131] calling  dm_dirty_log_init+0x0/0x4f @ 1
[    8.323831] initcall dm_dirty_log_init+0x0/0x4f returned 0 after 38 usecs
[    8.332893] calling  dm_zero_init+0x0/0x29 @ 1
[    8.339300] initcall dm_zero_init+0x0/0x29 returned 0 after 9 usecs
[    8.347890] calling  intel_pstate_init+0x0/0x4a2 @ 1
[    8.354731] intel_pstate: CPU model not supported
[    8.361471] initcall intel_pstate_init+0x0/0x4a2 returned -19 after 6641 usecs
[    8.376113] calling  haltpoll_init+0x0/0xc0 @ 1
[    8.390205] initcall haltpoll_init+0x0/0xc0 returned -19 after 6346 usecs
[    8.402878] calling  efivars_sysfs_init+0x0/0x30 @ 1
[    8.411590] initcall efivars_sysfs_init+0x0/0x30 returned 0 after 70 usecs
[    8.422426] calling  esrt_sysfs_init+0x0/0x2a2 @ 1
[    8.429649] initcall esrt_sysfs_init+0x0/0x2a2 returned -38 after 42 usecs
[    8.439647] calling  hid_init+0x0/0x5c @ 1
[    8.446024] hid: raw HID events driver (C) Jiri Kosina
[    8.454117] initcall hid_init+0x0/0x5c returned 0 after 8008 usecs
[    8.463250] calling  hid_generic_init+0x0/0x15 @ 1
[    8.470315] initcall hid_generic_init+0x0/0x15 returned 0 after 132 usecs
[    8.481205] calling  a4_driver_init+0x0/0x15 @ 1
[    8.489290] initcall a4_driver_init+0x0/0x15 returned 0 after 33 usecs
[    8.499403] calling  apple_driver_init+0x0/0x15 @ 1
[    8.507633] initcall apple_driver_init+0x0/0x15 returned 0 after 60 usecs
[    8.518545] calling  belkin_driver_init+0x0/0x15 @ 1
[    8.526996] initcall belkin_driver_init+0x0/0x15 returned 0 after 61 usecs
[    8.538122] calling  ch_driver_init+0x0/0x15 @ 1
[    8.546076] initcall ch_driver_init+0x0/0x15 returned 0 after 36 usecs
[    8.558244] calling  ch_driver_init+0x0/0x15 @ 1
[    8.564451] initcall ch_driver_init+0x0/0x15 returned 0 after 22 usecs
[    8.573559] calling  cp_driver_init+0x0/0x15 @ 1
[    8.580172] initcall cp_driver_init+0x0/0x15 returned 0 after 25 usecs
[    8.589254] calling  ez_driver_init+0x0/0x15 @ 1
[    8.601663] initcall ez_driver_init+0x0/0x15 returned 0 after 6102 usecs
[    8.611069] calling  gyration_driver_init+0x0/0x15 @ 1
[    8.618163] initcall gyration_driver_init+0x0/0x15 returned 0 after 17 usecs
[    8.628138] calling  ite_driver_init+0x0/0x15 @ 1
[    8.635488] initcall ite_driver_init+0x0/0x15 returned 0 after 20 usecs
[    8.645142] calling  ks_driver_init+0x0/0x15 @ 1
[    8.652259] initcall ks_driver_init+0x0/0x15 returned 0 after 44 usecs
[    8.662110] calling  lg_driver_init+0x0/0x15 @ 1
[    8.669145] initcall lg_driver_init+0x0/0x15 returned 0 after 49 usecs
[    8.679140] calling  lg_g15_driver_init+0x0/0x15 @ 1
[    8.686872] initcall lg_g15_driver_init+0x0/0x15 returned 0 after 27 usecs
[    8.697887] calling  ms_driver_init+0x0/0x15 @ 1
[    8.705350] initcall ms_driver_init+0x0/0x15 returned 0 after 29 usecs
[    8.715860] calling  mr_driver_init+0x0/0x15 @ 1
[    8.723080] initcall mr_driver_init+0x0/0x15 returned 0 after 40 usecs
[    8.733376] calling  ntrig_driver_init+0x0/0x15 @ 1
[    8.741237] initcall ntrig_driver_init+0x0/0x15 returned 0 after 135 usecs
[    8.751620] calling  pl_driver_init+0x0/0x15 @ 1
[    8.758639] initcall pl_driver_init+0x0/0x15 returned 0 after 25 usecs
[    8.768278] calling  pl_driver_init+0x0/0x15 @ 1
[    8.775506] initcall pl_driver_init+0x0/0x15 returned 0 after 24 usecs
[    8.785961] calling  redragon_driver_init+0x0/0x15 @ 1
[    8.793767] initcall redragon_driver_init+0x0/0x15 returned 0 after 24 usecs
[    8.804288] calling  samsung_driver_init+0x0/0x15 @ 1
[    8.826673] input: ImExPS/2 Generic Explorer Mouse as /devices/platform/i8042/serio1/input/input3
[    8.840665] initcall samsung_driver_init+0x0/0x15 returned 0 after 27434 usecs
[    8.853530] calling  sony_init+0x0/0x38 @ 1
[    8.863254] initcall sony_init+0x0/0x38 returned 0 after 1026 usecs
[    8.873564] calling  sp_driver_init+0x0/0x15 @ 1
[    8.881180] initcall sp_driver_init+0x0/0x15 returned 0 after 30 usecs
[    8.893924] calling  ts_driver_init+0x0/0x15 @ 1
[    8.902228] initcall ts_driver_init+0x0/0x15 returned 0 after 31 usecs
[    8.913326] calling  hid_init+0x0/0x58 @ 1
[    8.920675] usbcore: registered new interface driver usbhid
[    8.931322] usbhid: USB HID core driver
[    8.937728] initcall hid_init+0x0/0x58 returned 0 after 16809 usecs
[    8.947698] calling  eeepc_laptop_init+0x0/0x57 @ 1
[    8.955560] initcall eeepc_laptop_init+0x0/0x57 returned -19 after 234 usecs
[    8.967022] calling  pmc_atom_init+0x0/0x27a @ 1
[    8.977685] initcall pmc_atom_init+0x0/0x27a returned -19 after 13 usecs
[    8.987909] calling  alsa_hwdep_init+0x0/0x5e @ 1
[    8.995627] initcall alsa_hwdep_init+0x0/0x5e returned 0 after 552 usecs
[    9.006450] calling  alsa_timer_init+0x0/0x1f0 @ 1
[    9.014641] initcall alsa_timer_init+0x0/0x1f0 returned 0 after 300 usecs
[    9.026284] calling  snd_hrtimer_init+0x0/0x117 @ 1
[    9.033538] initcall snd_hrtimer_init+0x0/0x117 returned 0 after 12 usecs
[    9.043941] calling  alsa_pcm_init+0x0/0x64 @ 1
[    9.052275] initcall alsa_pcm_init+0x0/0x64 returned 0 after 183 usecs
[    9.063048] calling  alsa_seq_init+0x0/0x4a @ 1
[    9.071417] initcall alsa_seq_init+0x0/0x4a returned 0 after 533 usecs
[    9.082226] calling  alsa_seq_dummy_init+0x0/0x9c @ 1
[    9.090997] initcall alsa_seq_dummy_init+0x0/0x9c returned 0 after 89 usecs
[    9.103407] calling  azx_driver_init+0x0/0x15 @ 1
[    9.112288] initcall azx_driver_init+0x0/0x15 returned 0 after 244 usecs
[    9.124510] calling  sock_diag_init+0x0/0x2a @ 1
[    9.133614] initcall sock_diag_init+0x0/0x2a returned 0 after 634 usecs
[    9.145779] calling  blackhole_init+0x0/0xc @ 1
[    9.154054] initcall blackhole_init+0x0/0xc returned 0 after 66 usecs
[    9.165768] calling  nfnetlink_init+0x0/0x57 @ 1
[    9.174937] initcall nfnetlink_init+0x0/0x57 returned 0 after 284 usecs
[    9.187084] calling  nfnetlink_log_init+0x0/0x99 @ 1
[    9.196611] initcall nfnetlink_log_init+0x0/0x99 returned 0 after 240 usecs
[    9.209608] calling  nf_conntrack_standalone_init+0x0/0x87 @ 1
[    9.223208] initcall nf_conntrack_standalone_init+0x0/0x87 returned 0 after 3366 usecs
[    9.237585] calling  ctnetlink_init+0x0/0x83 @ 1
[    9.262947] initcall ctnetlink_init+0x0/0x83 returned 0 after 16894 usecs
[    9.287863] calling  nf_conntrack_ftp_init+0x0/0x12c @ 1
[    9.307912] initcall nf_conntrack_ftp_init+0x0/0x12c returned 0 after 9927 usecs
[    9.334985] calling  nf_conntrack_irc_init+0x0/0x129 @ 1
[    9.352012] initcall nf_conntrack_irc_init+0x0/0x129 returned 0 after 8445 usecs
[    9.381901] calling  nf_conntrack_sip_init+0x0/0x172 @ 1
[    9.399858] initcall nf_conntrack_sip_init+0x0/0x172 returned 0 after 9088 usecs
[    9.427032] calling  nf_nat_init+0x0/0xbb @ 1
[    9.441352] initcall nf_nat_init+0x0/0xbb returned 0 after 6934 usecs
[    9.464037] calling  nf_nat_ftp_init+0x0/0x2a @ 1
[    9.477877] initcall nf_nat_ftp_init+0x0/0x2a returned 0 after 6272 usecs
[    9.500972] calling  nf_nat_irc_init+0x0/0x2a @ 1
[    9.523006] initcall nf_nat_irc_init+0x0/0x2a returned 0 after 13150 usecs
[    9.547021] calling  nf_nat_sip_init+0x0/0x36 @ 1
[    9.565229] initcall nf_nat_sip_init+0x0/0x36 returned 0 after 8064 usecs
[    9.586992] calling  xt_init+0x0/0xcf @ 1
[    9.603136] initcall xt_init+0x0/0xcf returned 0 after 7084 usecs
[    9.625002] calling  tcpudp_mt_init+0x0/0x11 @ 1
[    9.642155] initcall tcpudp_mt_init+0x0/0x11 returned 0 after 8852 usecs
[    9.665870] calling  connsecmark_tg_init+0x0/0xc @ 1
[    9.686142] initcall connsecmark_tg_init+0x0/0xc returned 0 after 13085 usecs
[    9.705829] calling  nflog_tg_init+0x0/0xc @ 1
[    9.723028] initcall nflog_tg_init+0x0/0xc returned 0 after 9705 usecs
[    9.741965] calling  secmark_tg_init+0x0/0x11 @ 1
[    9.755028] initcall secmark_tg_init+0x0/0x11 returned 0 after 5972 usecs
[    9.773968] calling  tcpmss_tg_init+0x0/0x11 @ 1
[    9.787030] initcall tcpmss_tg_init+0x0/0x11 returned 0 after 6301 usecs
[    9.811007] calling  conntrack_mt_init+0x0/0x11 @ 1
[    9.823933] initcall conntrack_mt_init+0x0/0x11 returned 0 after 5269 usecs
[    9.845963] calling  policy_mt_init+0x0/0x11 @ 1
[    9.860900] initcall policy_mt_init+0x0/0x11 returned 0 after 7123 usecs
[    9.884869] calling  state_mt_init+0x0/0xc @ 1
[    9.899970] initcall state_mt_init+0x0/0xc returned 0 after 7641 usecs
[    9.921912] calling  gre_offload_init+0x0/0x48 @ 1
[    9.937307] initcall gre_offload_init+0x0/0x48 returned 0 after 7573 usecs
[    9.960983] calling  sysctl_ipv4_init+0x0/0x46 @ 1
[    9.976052] initcall sysctl_ipv4_init+0x0/0x46 returned 0 after 7616 usecs
[    9.998937] calling  tunnel4_init+0x0/0x58 @ 1
[   10.017021] initcall tunnel4_init+0x0/0x58 returned 0 after 9979 usecs
[   10.039966] calling  nf_defrag_init+0x0/0xc @ 1
[   10.054963] initcall nf_defrag_init+0x0/0xc returned 0 after 7231 usecs
[   10.082937] calling  ip_tables_init+0x0/0x8d @ 1
[   10.103155] initcall ip_tables_init+0x0/0x8d returned 0 after 11995 usecs
[   10.123950] calling  iptable_filter_init+0x0/0x4c @ 1
[   10.144601] initcall iptable_filter_init+0x0/0x4c returned 0 after 11190 usecs
[   10.170824] calling  iptable_mangle_init+0x0/0xb8 @ 1
[   10.190038] initcall iptable_mangle_init+0x0/0xb8 returned 0 after 9865 usecs
[   10.218856] calling  reject_tg_init+0x0/0xc @ 1
[   10.233940] initcall reject_tg_init+0x0/0xc returned 0 after 6848 usecs
[   10.256900] calling  cubictcp_register+0x0/0x53 @ 1
[   10.272129] initcall cubictcp_register+0x0/0x53 returned 0 after 2804 usecs
[   10.283886] calling  xfrm_user_init+0x0/0x45 @ 1
[   10.291549] Initializing XFRM netlink socket
[   10.302441] initcall xfrm_user_init+0x0/0x45 returned 0 after 11431 usecs
[   10.323129] calling  inet6_init+0x0/0x35e @ 1
[   10.342168] NET: Registered protocol family 10
[   10.349203] rcu_torture_rea (89) used greatest stack depth: 15504 bytes left
[   10.380570] Segment Routing with IPv6
[   10.387261] initcall inet6_init+0x0/0x35e returned 0 after 55186 usecs
[   10.398429] rcu-torture: rcu_torture_read_exit: End of episode
[   10.408051] calling  ah6_init+0x0/0x71 @ 1
[   10.415699] initcall ah6_init+0x0/0x71 returned 0 after 772 usecs
[   10.428555] calling  esp6_init+0x0/0x71 @ 1
[   10.435104] initcall esp6_init+0x0/0x71 returned 0 after 6 usecs
[   10.446960] calling  ip6_tables_init+0x0/0x8d @ 1
[   10.454721] initcall ip6_tables_init+0x0/0x8d returned 0 after 666 usecs
[   10.464143] calling  ip6table_filter_init+0x0/0x4c @ 1
[   10.475161] initcall ip6table_filter_init+0x0/0x4c returned 0 after 3595 usecs
[   10.486271] calling  ip6table_mangle_init+0x0/0xb8 @ 1
[   10.494606] initcall ip6table_mangle_init+0x0/0xb8 returned 0 after 349 usecs
[   10.506224] calling  nf_defrag_init+0x0/0x45 @ 1
[   10.513658] initcall nf_defrag_init+0x0/0x45 returned 0 after 294 usecs
[   10.524398] calling  ipv6header_mt6_init+0x0/0xc @ 1
[   10.534338] initcall ipv6header_mt6_init+0x0/0xc returned 0 after 1731 usecs
[   10.546609] calling  reject_tg6_init+0x0/0xc @ 1
[   10.554676] initcall reject_tg6_init+0x0/0xc returned 0 after 233 usecs
[   10.568418] calling  sit_init+0x0/0xc3 @ 1
[   10.576300] sit: IPv6, IPv4 and MPLS over IPv4 tunneling driver
[   10.595567] initcall sit_init+0x0/0xc3 returned 0 after 19522 usecs
[   10.606894] calling  packet_init+0x0/0x75 @ 1
[   10.614686] NET: Registered protocol family 17
[   10.623591] initcall packet_init+0x0/0x75 returned 0 after 9311 usecs
[   10.637374] calling  init_rpcsec_gss+0x0/0x60 @ 1
[   10.645704] initcall init_rpcsec_gss+0x0/0x60 returned 0 after 1117 usecs
[   10.655520] calling  init_dns_resolver+0x0/0xca @ 1
[   10.663776] Key type dns_resolver registered
