c[?7l[2J[0mSeaBIOS (version 1.16.0-debian-1.16.0-4)
Booting from ROM...
early console in setup code
c[?7l[2J[    0.000000] Linux version 5.10.152+ (root@joelboxx.c.googlers.com) (gcc (Debian 12.2.0-3) 12.2.0, GNU ld (GNU Binutils for Debian) 2.39) #17 Tue Dec 13 08:28:02 UTC 2022
[    0.000000] Command line: selinux=0 initcall_debug debug console=ttyS0 rcutorture.n_barrier_cbs=4 rcutorture.stat_interval=15 rcutorture.shutdown_secs=1800 rcutorture.test_no_idle_hz=1 rcutorture.verbose=1
[    0.000000] x86/fpu: x87 FPU will use FXSAVE
[    0.000000] BIOS-provided physical RAM map:
[    0.000000] BIOS-e820: [mem 0x0000000000000000-0x000000000009fbff] usable
[    0.000000] BIOS-e820: [mem 0x000000000009fc00-0x000000000009ffff] reserved
[    0.000000] BIOS-e820: [mem 0x00000000000f0000-0x00000000000fffff] reserved
[    0.000000] BIOS-e820: [mem 0x0000000000100000-0x000000001ffdefff] usable
[    0.000000] BIOS-e820: [mem 0x000000001ffdf000-0x000000001fffffff] reserved
[    0.000000] BIOS-e820: [mem 0x00000000b0000000-0x00000000bfffffff] reserved
[    0.000000] BIOS-e820: [mem 0x00000000fed1c000-0x00000000fed1ffff] reserved
[    0.000000] BIOS-e820: [mem 0x00000000feffc000-0x00000000feffffff] reserved
[    0.000000] BIOS-e820: [mem 0x00000000fffc0000-0x00000000ffffffff] reserved
[    0.000000] NX (Execute Disable) protection: active
[    0.000000] SMBIOS 2.8 present.
[    0.000000] DMI: QEMU Standard PC (Q35 + ICH9, 2009), BIOS 1.16.0-debian-1.16.0-4 04/01/2014
[    0.000000] Hypervisor detected: KVM
[    0.000000] kvm-clock: Using msrs 4b564d01 and 4b564d00
[    0.000000] kvm-clock: cpu 0, msr f43f001, primary cpu clock
[    0.000001] kvm-clock: using sched offset of 2120250521 cycles
[    0.000323] clocksource: kvm-clock: mask: 0xffffffffffffffff max_cycles: 0x1cd42e4dffb, max_idle_ns: 881590591483 ns
[    0.000567] tsc: Detected 1999.999 MHz processor
[    0.011544] e820: update [mem 0x00000000-0x00000fff] usable ==> reserved
[    0.011551] e820: remove [mem 0x000a0000-0x000fffff] usable
[    0.011560] last_pfn = 0x1ffdf max_arch_pfn = 0x400000000
[    0.013134] MTRR default type: write-back
[    0.013223] MTRR fixed ranges enabled:
[    0.013225]   00000-9FFFF write-back
[    0.013227]   A0000-BFFFF uncachable
[    0.013229]   C0000-FFFFF write-protect
[    0.013231] MTRR variable ranges enabled:
[    0.013233]   0 base 00C0000000 mask FFC0000000 uncachable
[    0.013235]   1 disabled
[    0.013236]   2 disabled
[    0.013237]   3 disabled
[    0.013238]   4 disabled
[    0.013239]   5 disabled
[    0.013240]   6 disabled
[    0.013242]   7 disabled
[    0.013830] x86/PAT: Configuration [0-7]: WB  WC  UC- UC  WB  WC  UC- UC  
[    0.026630] found SMP MP-table at [mem 0x000f5ba0-0x000f5baf]
[    0.031296] check: Scanning 1 areas for low memory corruption
[    0.043200] ACPI: Early table checksum verification disabled
[    0.045819] ACPI: RSDP 0x00000000000F59E0 000014 (v00 BOCHS )
[    0.046292] ACPI: RSDT 0x000000001FFE229A 000038 (v01 BOCHS  BXPC     00000001 BXPC 00000001)
[    0.046742] ACPI: FACP 0x000000001FFE2092 0000F4 (v03 BOCHS  BXPC     00000001 BXPC 00000001)
[    0.046755] ACPI: DSDT 0x000000001FFE0040 002052 (v01 BOCHS  BXPC     00000001 BXPC 00000001)
[    0.046762] ACPI: FACS 0x000000001FFE0000 000040
[    0.046767] ACPI: APIC 0x000000001FFE2186 000078 (v01 BOCHS  BXPC     00000001 BXPC 00000001)
[    0.046774] ACPI: HPET 0x000000001FFE21FE 000038 (v01 BOCHS  BXPC     00000001 BXPC 00000001)
[    0.046781] ACPI: MCFG 0x000000001FFE2236 00003C (v01 BOCHS  BXPC     00000001 BXPC 00000001)
[    0.046787] ACPI: WAET 0x000000001FFE2272 000028 (v01 BOCHS  BXPC     00000001 BXPC 00000001)
[    0.046792] ACPI: Reserving FACP table memory at [mem 0x1ffe2092-0x1ffe2185]
[    0.046802] ACPI: Reserving DSDT table memory at [mem 0x1ffe0040-0x1ffe2091]
[    0.046804] ACPI: Reserving FACS table memory at [mem 0x1ffe0000-0x1ffe003f]
[    0.046805] ACPI: Reserving APIC table memory at [mem 0x1ffe2186-0x1ffe21fd]
[    0.046807] ACPI: Reserving HPET table memory at [mem 0x1ffe21fe-0x1ffe2235]
[    0.046809] ACPI: Reserving MCFG table memory at [mem 0x1ffe2236-0x1ffe2271]
[    0.046810] ACPI: Reserving WAET table memory at [mem 0x1ffe2272-0x1ffe2299]
[    0.047759] ACPI: Local APIC address 0xfee00000
[    0.050113] Zone ranges:
[    0.050244]   DMA      [mem 0x0000000000001000-0x0000000000ffffff]
[    0.050421]   DMA32    [mem 0x0000000001000000-0x000000001ffdefff]
[    0.050592]   Normal   empty
[    0.050594] Movable zone start for each node
[    0.050596] Early memory node ranges
[    0.050598]   node   0: [mem 0x0000000000001000-0x000000000009efff]
[    0.050731]   node   0: [mem 0x0000000000100000-0x000000001ffdefff]
[    0.050734] Initmem setup node 0 [mem 0x0000000000001000-0x000000001ffdefff]
[    0.050737] On node 0 totalpages: 130941
[    0.050925]   DMA zone: 64 pages used for memmap
[    0.050926]   DMA zone: 21 pages reserved
[    0.051008]   DMA zone: 3998 pages, LIFO batch:0
[    0.051010]   DMA32 zone: 1984 pages used for memmap
[    0.051012]   DMA32 zone: 126943 pages, LIFO batch:31
[    0.053510] On node 0, zone DMA: 1 pages in unavailable ranges
[    0.058899] On node 0, zone DMA: 97 pages in unavailable ranges
[    0.182555] On node 0, zone DMA32: 33 pages in unavailable ranges
[    0.186482] ACPI: PM-Timer IO Port: 0x608
[    0.186488] ACPI: Local APIC address 0xfee00000
[    0.186805] ACPI: LAPIC_NMI (acpi_id[0xff] dfl dfl lint[0x1])
[    0.188039] IOAPIC[0]: apic_id 0, version 17, address 0xfec00000, GSI 0-23
[    0.188109] ACPI: INT_SRC_OVR (bus 0 bus_irq 0 global_irq 2 dfl dfl)
[    0.188205] ACPI: INT_SRC_OVR (bus 0 bus_irq 5 global_irq 5 high level)
[    0.188206] ACPI: INT_SRC_OVR (bus 0 bus_irq 9 global_irq 9 high level)
[    0.188369] ACPI: INT_SRC_OVR (bus 0 bus_irq 10 global_irq 10 high level)
[    0.188370] ACPI: INT_SRC_OVR (bus 0 bus_irq 11 global_irq 11 high level)
[    0.188372] ACPI: IRQ0 used by override.
[    0.188373] ACPI: IRQ5 used by override.
[    0.188374] ACPI: IRQ9 used by override.
[    0.188375] ACPI: IRQ10 used by override.
[    0.188376] ACPI: IRQ11 used by override.
[    0.188379] Using ACPI (MADT) for SMP configuration information
[    0.188436] ACPI: HPET id: 0x8086a201 base: 0xfed00000
[    0.189380] kvm-guest: stealtime: cpu 0, msr ec4c780
[    0.191323] PM: hibernation: Registered nosave memory: [mem 0x00000000-0x00000fff]
[    0.191325] PM: hibernation: Registered nosave memory: [mem 0x0009f000-0x0009ffff]
[    0.191326] PM: hibernation: Registered nosave memory: [mem 0x000a0000-0x000effff]
[    0.191327] PM: hibernation: Registered nosave memory: [mem 0x000f0000-0x000fffff]
[    0.191329] [mem 0x20000000-0xafffffff] available for PCI devices
[    0.191405] Booting paravirtualized kernel on KVM
[    0.192115] clocksource: refined-jiffies: mask: 0xffffffff max_cycles: 0xffffffff, max_idle_ns: 1910969940391419 ns
[    0.209806] pcpu-alloc: s0 r0 d32768 u32768 alloc=1*32768
[    0.209875] pcpu-alloc: [0] 0 
[    0.210842] Built 1 zonelists, mobility grouping on.  Total pages: 128872
[    0.211070] Kernel command line: selinux=0 initcall_debug debug console=ttyS0 rcutorture.n_barrier_cbs=4 rcutorture.stat_interval=15 rcutorture.shutdown_secs=1800 rcutorture.test_no_idle_hz=1 rcutorture.verbose=1
[    0.212645] Dentry cache hash table entries: 65536 (order: 7, 524288 bytes, linear)
[    0.212685] Inode-cache hash table entries: 32768 (order: 6, 262144 bytes, linear)
[    0.213738] mem auto-init: stack:all(zero), heap alloc:off, heap free:off
[    0.223211] Memory: 481560K/523764K available (14349K kernel code, 2609K rwdata, 4608K rodata, 1252K init, 1892K bss, 41944K reserved, 0K cma-reserved)
[    0.224164] SLUB: HWalign=64, Order=0-3, MinObjects=0, CPUs=1, Nodes=1
[    0.224763] Kernel/User page tables isolation: enabled
[    0.249565] NR_IRQS: 4352, nr_irqs: 256, preallocated irqs: 16
[    0.252728] calling  con_init+0x0/0x22a @ 0
[    0.445263] Console: colour VGA+ 80x25
[    0.445277] initcall con_init+0x0/0x22a returned 0 after 0 usecs
[    0.445280] calling  hvc_console_init+0x0/0x13 @ 0
[    0.445344] initcall hvc_console_init+0x0/0x13 returned 0 after 0 usecs
[    0.445346] calling  univ8250_console_init+0x0/0x26 @ 0
[    1.255067] printk: console [ttyS0] enabled
[    1.261483] initcall univ8250_console_init+0x0/0x26 returned 0 after 0 usecs
[    1.272959] ACPI: Core revision 20200925
[    1.281417] clocksource: hpet: mask: 0xffffffff max_cycles: 0xffffffff, max_idle_ns: 19112604467 ns
[    1.296610] APIC: Switch to symmetric I/O mode setup
[    1.323266] ..TIMER: vector=0x30 apic1=0 pin1=2 apic2=-1 pin2=-1
[    1.330241] clocksource: tsc-early: mask: 0xffffffffffffffff max_cycles: 0x39a85afc727, max_idle_ns: 881590685098 ns
[    1.345092] Calibrating delay loop (skipped) preset value.. 3999.99 BogoMIPS (lpj=1999999)
[    1.346142] pid_max: default: 32768 minimum: 301
[    1.347684] LSM: Security Framework initializing
[    1.348485] Mount-cache hash table entries: 1024 (order: 1, 8192 bytes, linear)
[    1.349131] Mountpoint-cache hash table entries: 1024 (order: 1, 8192 bytes, linear)
[    1.356389] Last level iTLB entries: 4KB 0, 2MB 0, 4MB 0
[    1.357093] Last level dTLB entries: 4KB 0, 2MB 0, 4MB 0, 1GB 0
[    1.358129] CPU: Intel Common KVM processor (family: 0xf, model: 0x6, stepping: 0x1)
[    1.359110] Spectre V1 : Mitigation: usercopy/swapgs barriers and __user pointer sanitization
[    1.360095] Spectre V2 : Mitigation: Retpolines
[    1.361092] Spectre V2 : Spectre v2 / SpectreRSB mitigation: Filling RSB on context switch
[    1.362092] Spectre V2 : Spectre v2 / SpectreRSB : Filling RSB on VMEXIT
[    1.363093] Speculative Store Bypass: Vulnerable
[    1.365209] MDS: Vulnerable: Clear CPU buffers attempted, no microcode
[    1.366092] MMIO Stale Data: Unknown: No mitigations
[    1.429452] calling  init_hw_perf_events+0x0/0x6ce @ 1
[    1.430094] Performance Events: unsupported Netburst CPU model 6 no PMU driver, software events only.
[    1.431099] initcall init_hw_perf_events+0x0/0x6ce returned 0 after 976 usecs
[    1.432096] calling  init_real_mode+0x0/0x1e9 @ 1
[    1.433482] initcall init_real_mode+0x0/0x1e9 returned 0 after 0 usecs
[    1.434097] calling  trace_init_perf_perm_irq_work_exit+0x0/0x12 @ 1
[    1.435106] initcall trace_init_perf_perm_irq_work_exit+0x0/0x12 returned 0 after 0 usecs
[    1.436111] calling  validate_x2apic+0x0/0x4a @ 1
[    1.437120] initcall validate_x2apic+0x0/0x4a returned 0 after 0 usecs
[    1.438095] calling  register_nmi_cpu_backtrace_handler+0x0/0x15 @ 1
[    1.439095] initcall register_nmi_cpu_backtrace_handler+0x0/0x15 returned 0 after 0 usecs
[    1.440098] calling  kvm_setup_vsyscall_timeinfo+0x0/0x34 @ 1
[    1.441097] initcall kvm_setup_vsyscall_timeinfo+0x0/0x34 returned 0 after 0 usecs
[    1.442111] calling  spawn_ksoftirqd+0x0/0x34 @ 1
[    1.443169] initcall spawn_ksoftirqd+0x0/0x34 returned 0 after 0 usecs
[    1.444109] calling  trace_init_flags_sys_enter+0x0/0xe @ 1
[    1.445095] initcall trace_init_flags_sys_enter+0x0/0xe returned 0 after 0 usecs
[    1.446095] calling  trace_init_flags_sys_exit+0x0/0xe @ 1
[    1.447098] initcall trace_init_flags_sys_exit+0x0/0xe returned 0 after 0 usecs
[    1.448097] calling  init_kprobes+0x0/0x14d @ 1
[    1.450238] initcall init_kprobes+0x0/0x14d returned 0 after 976 usecs
[    1.451109] calling  init_events+0x0/0x3d @ 1
[    1.452332] initcall init_events+0x0/0x3d returned 0 after 0 usecs
[    1.453096] calling  init_trace_printk+0x0/0xc @ 1
[    1.454097] initcall init_trace_printk+0x0/0xc returned 0 after 0 usecs
[    1.456096] calling  event_trace_enable_again+0x0/0x23 @ 1
[    1.457110] initcall event_trace_enable_again+0x0/0x23 returned 0 after 0 usecs
[    1.458096] calling  static_call_init+0x0/0x6d @ 1
[    1.459095] initcall static_call_init+0x0/0x6d returned 0 after 0 usecs
[    1.460099] calling  jump_label_init_module+0x0/0xc @ 1
[    1.461107] initcall jump_label_init_module+0x0/0xc returned 0 after 0 usecs
[    1.462095] calling  init_zero_pfn+0x0/0x37 @ 1
[    1.463094] initcall init_zero_pfn+0x0/0x37 returned 0 after 0 usecs
[    1.464109] calling  initialize_ptr_random+0x0/0x54 @ 1
[    1.465096] initcall initialize_ptr_random+0x0/0x54 returned 0 after 0 usecs
[    1.466109] calling  efi_memreserve_root_init+0x0/0x25 @ 1
[    1.467136] initcall efi_memreserve_root_init+0x0/0x25 returned 0 after 0 usecs
[    1.468096] calling  efi_earlycon_remap_fb+0x0/0x51 @ 1
[    1.469095] initcall efi_earlycon_remap_fb+0x0/0x51 returned 0 after 0 usecs
[    1.576260] devtmpfs: initialized
[    1.577503] calling  ipc_ns_init+0x0/0x3d @ 1
[    1.578100] initcall ipc_ns_init+0x0/0x3d returned 0 after 0 usecs
[    1.579096] calling  init_mmap_min_addr+0x0/0x21 @ 1
[    1.580095] initcall init_mmap_min_addr+0x0/0x21 returned 0 after 0 usecs
[    1.581095] calling  pci_realloc_setup_params+0x0/0x3f @ 1
[    1.582095] initcall pci_realloc_setup_params+0x0/0x3f returned 0 after 0 usecs
[    1.583102] calling  net_ns_init+0x0/0x11c @ 1
[    1.585099] initcall net_ns_init+0x0/0x11c returned 0 after 976 usecs
[    1.586108] calling  e820__register_nvs_regions+0x0/0x37 @ 1
[    1.587096] initcall e820__register_nvs_regions+0x0/0x37 returned 0 after 0 usecs
[    1.588098] calling  cpufreq_register_tsc_scaling+0x0/0x2e @ 1
[    1.589097] initcall cpufreq_register_tsc_scaling+0x0/0x2e returned 0 after 0 usecs
[    1.591096] calling  reboot_init+0x0/0x3c @ 1
[    1.593108] initcall reboot_init+0x0/0x3c returned 0 after 976 usecs
[    1.594096] calling  init_lapic_sysfs+0x0/0x20 @ 1
[    1.595096] initcall init_lapic_sysfs+0x0/0x20 returned 0 after 0 usecs
[    1.596095] calling  wq_sysfs_init+0x0/0x2a @ 1
[    1.597222] initcall wq_sysfs_init+0x0/0x2a returned 0 after 0 usecs
[    1.598098] calling  ksysfs_init+0x0/0x92 @ 1
[    1.599105] initcall ksysfs_init+0x0/0x92 returned 0 after 0 usecs
[    1.600095] calling  pm_init+0x0/0x76 @ 1
[    1.601141] initcall pm_init+0x0/0x76 returned 0 after 0 usecs
[    1.602109] calling  pm_disk_init+0x0/0x13 @ 1
[    1.603118] initcall pm_disk_init+0x0/0x13 returned 0 after 0 usecs
[    1.604095] calling  swsusp_header_init+0x0/0x2b @ 1
[    1.605096] initcall swsusp_header_init+0x0/0x2b returned 0 after 0 usecs
[    1.606095] calling  rcu_set_runtime_mode+0x0/0x11 @ 1
[    1.607095] initcall rcu_set_runtime_mode+0x0/0x11 returned 0 after 0 usecs
[    1.608095] calling  init_jiffies_clocksource+0x0/0x13 @ 1
[    1.609094] clocksource: jiffies: mask: 0xffffffff max_cycles: 0xffffffff, max_idle_ns: 1911260446275000 ns
[    1.610096] initcall init_jiffies_clocksource+0x0/0x13 returned 0 after 976 usecs
[    1.611096] calling  futex_init+0x0/0xd5 @ 1
[    1.612096] futex hash table entries: 256 (order: 0, 6144 bytes, linear)
[    1.613141] initcall futex_init+0x0/0xd5 returned 0 after 976 usecs
[    1.614095] calling  cgroup_wq_init+0x0/0x28 @ 1
[    1.615104] initcall cgroup_wq_init+0x0/0x28 returned 0 after 0 usecs
[    1.616095] calling  cgroup1_wq_init+0x0/0x28 @ 1
[    1.617098] initcall cgroup1_wq_init+0x0/0x28 returned 0 after 0 usecs
[    1.618094] calling  init_kprobe_trace_early+0x0/0x2a @ 1
[    1.619117] initcall init_kprobe_trace_early+0x0/0x2a returned 0 after 0 usecs
[    1.620094] calling  fsnotify_init+0x0/0x48 @ 1
[    1.621101] initcall fsnotify_init+0x0/0x48 returned 0 after 0 usecs
[    1.622095] calling  filelock_init+0x0/0x60 @ 1
[    1.623145] initcall filelock_init+0x0/0x60 returned 0 after 0 usecs
[    1.624094] calling  init_misc_binfmt+0x0/0x2c @ 1
[    1.625109] initcall init_misc_binfmt+0x0/0x2c returned 0 after 0 usecs
[    1.626098] calling  init_script_binfmt+0x0/0x15 @ 1
[    1.627097] initcall init_script_binfmt+0x0/0x15 returned 0 after 0 usecs
[    1.628114] calling  init_elf_binfmt+0x0/0x15 @ 1
[    1.629099] initcall init_elf_binfmt+0x0/0x15 returned 0 after 0 usecs
[    1.630098] calling  init_compat_elf_binfmt+0x0/0x15 @ 1
[    1.631100] initcall init_compat_elf_binfmt+0x0/0x15 returned 0 after 0 usecs
[    1.632121] calling  debugfs_init+0x0/0x5c @ 1
[    1.633101] initcall debugfs_init+0x0/0x5c returned 0 after 0 usecs
[    1.634094] calling  tracefs_init+0x0/0x3a @ 1
[    1.635115] initcall tracefs_init+0x0/0x3a returned 0 after 0 usecs
[    1.636095] calling  prandom_init_early+0x0/0x111 @ 1
[    1.637095] initcall prandom_init_early+0x0/0x111 returned 0 after 0 usecs
[    1.638097] calling  virtio_init+0x0/0x20 @ 1
[    1.639144] initcall virtio_init+0x0/0x20 returned 0 after 0 usecs
[    1.640098] calling  iommu_init+0x0/0x2a @ 1
[    1.641122] initcall iommu_init+0x0/0x2a returned 0 after 0 usecs
[    1.642098] calling  component_debug_init+0x0/0x1c @ 1
[    1.643174] initcall component_debug_init+0x0/0x1c returned 0 after 0 usecs
[    1.644098] calling  early_resume_init+0x0/0xb9 @ 1
[    1.646093] PM: RTC time: 08:31:07, date: 2022-12-13
[    1.647112] initcall early_resume_init+0x0/0xb9 returned 0 after 1953 usecs
[    1.648096] calling  cpufreq_core_init+0x0/0x62 @ 1
[    1.649189] initcall cpufreq_core_init+0x0/0x62 returned 0 after 0 usecs
[    1.650096] calling  cpufreq_gov_performance_init+0x0/0xc @ 1
[    1.651115] initcall cpufreq_gov_performance_init+0x0/0xc returned 0 after 0 usecs
[    1.652095] calling  cpufreq_gov_userspace_init+0x0/0xc @ 1
[    1.653095] initcall cpufreq_gov_userspace_init+0x0/0xc returned 0 after 0 usecs
[    1.654095] calling  CPU_FREQ_GOV_ONDEMAND_init+0x0/0xc @ 1
[    1.655098] initcall CPU_FREQ_GOV_ONDEMAND_init+0x0/0xc returned 0 after 0 usecs
[    1.656096] calling  cpuidle_init+0x0/0x1f @ 1
[    1.657153] initcall cpuidle_init+0x0/0x1f returned 0 after 0 usecs
[    1.658096] calling  capsule_reboot_register+0x0/0xc @ 1
[    1.659154] initcall capsule_reboot_register+0x0/0xc returned 0 after 0 usecs
[    1.660097] calling  sock_init+0x0/0x93 @ 1
[    1.661454] initcall sock_init+0x0/0x93 returned 0 after 0 usecs
[    1.662097] calling  net_inuse_init+0x0/0x23 @ 1
[    1.663102] initcall net_inuse_init+0x0/0x23 returned 0 after 0 usecs
[    1.664096] calling  net_defaults_init+0x0/0x23 @ 1
[    1.665097] initcall net_defaults_init+0x0/0x23 returned 0 after 0 usecs
[    1.666097] calling  init_default_flow_dissectors+0x0/0x4f @ 1
[    1.667099] initcall init_default_flow_dissectors+0x0/0x4f returned 0 after 0 usecs
[    1.668098] calling  netpoll_init+0x0/0x25 @ 1
[    1.669097] initcall netpoll_init+0x0/0x25 returned 0 after 0 usecs
[    1.670098] calling  netlink_proto_init+0x0/0x14f @ 1
[    1.671441] NET: Registered protocol family 16
[    1.673116] initcall netlink_proto_init+0x0/0x14f returned 0 after 1953 usecs
[    1.674097] calling  genl_init+0x0/0x35 @ 1
[    1.675104] initcall genl_init+0x0/0x35 returned 0 after 0 usecs
[    1.676095] calling  bsp_pm_check_init+0x0/0x13 @ 1
[    1.677095] initcall bsp_pm_check_init+0x0/0x13 returned 0 after 0 usecs
[    1.678109] calling  irq_sysfs_init+0x0/0xb7 @ 1
[    1.679246] initcall irq_sysfs_init+0x0/0xb7 returned 0 after 0 usecs
[    1.680100] calling  audit_init+0x0/0x15d @ 1
[    1.681105] audit: initializing netlink subsys (disabled)
[    1.682264] initcall audit_init+0x0/0x15d returned 0 after 976 usecs
[    1.683099] calling  release_early_probes+0x0/0x32 @ 1
[    1.684098] initcall release_early_probes+0x0/0x32 returned 0 after 0 usecs
[    1.685096] calling  bdi_class_init+0x0/0x48 @ 1
[    1.686146] initcall bdi_class_init+0x0/0x48 returned 0 after 0 usecs
[    1.687098] calling  mm_sysfs_init+0x0/0x28 @ 1
[    1.688129] initcall mm_sysfs_init+0x0/0x28 returned 0 after 0 usecs
[    1.689114] calling  init_per_zone_wmark_min+0x0/0x5e @ 1
[    1.690098] initcall init_per_zone_wmark_min+0x0/0x5e returned 0 after 0 usecs
[    1.691096] calling  mpi_init+0x0/0x3e @ 1
[    1.692097] initcall mpi_init+0x0/0x3e returned 0 after 0 usecs
[    1.693095] calling  kobject_uevent_init+0x0/0xc @ 1
[    1.694163] initcall kobject_uevent_init+0x0/0xc returned 0 after 0 usecs
[    1.695095] calling  pcibus_class_init+0x0/0x13 @ 1
[    1.696136] initcall pcibus_class_init+0x0/0x13 returned 0 after 0 usecs
[    1.697107] calling  pci_driver_init+0x0/0x21 @ 1
[    1.698136] initcall pci_driver_init+0x0/0x21 returned 0 after 0 usecs
[    1.699095] calling  backlight_class_init+0x0/0xa8 @ 1
[    1.700117] initcall backlight_class_init+0x0/0xa8 returned 0 after 0 usecs
[    1.701096] calling  tty_class_init+0x0/0x33 @ 1
[    1.702103] initcall tty_class_init+0x0/0x33 returned 0 after 0 usecs
[    1.703095] calling  vtconsole_class_init+0x0/0xb5 @ 1
[    1.704183] initcall vtconsole_class_init+0x0/0xb5 returned 0 after 0 usecs
[    1.705096] calling  iommu_dev_init+0x0/0x13 @ 1
[    1.706144] initcall iommu_dev_init+0x0/0x13 returned 0 after 0 usecs
[    1.707096] calling  mipi_dsi_bus_init+0x0/0xc @ 1
[    1.708177] initcall mipi_dsi_bus_init+0x0/0xc returned 0 after 0 usecs
[    1.709098] calling  devlink_class_init+0x0/0x40 @ 1
[    1.710113] initcall devlink_class_init+0x0/0x40 returned 0 after 0 usecs
[    1.711099] calling  software_node_init+0x0/0x2a @ 1
[    1.712106] initcall software_node_init+0x0/0x2a returned 0 after 0 usecs
[    1.713100] calling  wakeup_sources_debugfs_init+0x0/0x23 @ 1
[    1.714150] initcall wakeup_sources_debugfs_init+0x0/0x23 returned 0 after 0 usecs
[    1.715098] calling  wakeup_sources_sysfs_init+0x0/0x2c @ 1
[    1.716109] initcall wakeup_sources_sysfs_init+0x0/0x2c returned 0 after 0 usecs
[    1.717096] calling  regmap_initcall+0x0/0xc @ 1
[    1.718148] initcall regmap_initcall+0x0/0xc returned 0 after 0 usecs
[    1.719095] calling  i2c_init+0x0/0xb3 @ 1
[    1.720209] initcall i2c_init+0x0/0xb3 returned 0 after 0 usecs
[    1.721095] calling  thermal_init+0x0/0xf2 @ 1
[    1.722130] thermal_sys: Registered thermal governor 'step_wise'
[    1.722131] thermal_sys: Registered thermal governor 'user_space'
[    1.723104] initcall thermal_init+0x0/0xf2 returned 0 after 976 usecs
[    1.725096] calling  init_menu+0x0/0xc @ 1
[    1.726108] cpuidle: using governor menu
[    1.727095] initcall init_menu+0x0/0xc returned 0 after 976 usecs
[    1.728097] calling  pcc_init+0x0/0x4d @ 1
[    1.729097] initcall pcc_init+0x0/0x4d returned -19 after 0 usecs
[    1.730096] calling  amd_postcore_init+0x0/0x11e @ 1
[    1.731096] initcall amd_postcore_init+0x0/0x11e returned 0 after 0 usecs
[    1.732108] calling  bts_init+0x0/0xba @ 1
[    1.733096] initcall bts_init+0x0/0xba returned -19 after 0 usecs
[    1.734096] calling  pt_init+0x0/0x2ef @ 1
[    1.735095] initcall pt_init+0x0/0x2ef returned -19 after 0 usecs
[    1.736096] calling  boot_params_ksysfs_init+0x0/0x2ee @ 1
[    1.737146] initcall boot_params_ksysfs_init+0x0/0x2ee returned 0 after 0 usecs
[    1.738137] calling  sbf_init+0x0/0xb9 @ 1
[    1.740096] initcall sbf_init+0x0/0xb9 returned 0 after 0 usecs
[    1.741098] calling  arch_kdebugfs_init+0x0/0x219 @ 1
[    1.742306] initcall arch_kdebugfs_init+0x0/0x219 returned 0 after 0 usecs
[    1.743096] calling  intel_pconfig_init+0x0/0x85 @ 1
[    1.744115] initcall intel_pconfig_init+0x0/0x85 returned 0 after 0 usecs
[    1.745096] calling  mtrr_if_init+0x0/0x5d @ 1
[    1.746101] initcall mtrr_if_init+0x0/0x5d returned 0 after 0 usecs
[    1.747096] calling  activate_jump_labels+0x0/0x31 @ 1
[    1.748096] initcall activate_jump_labels+0x0/0x31 returned 0 after 0 usecs
[    1.749097] calling  ffh_cstate_init+0x0/0x29 @ 1
[    1.750098] initcall ffh_cstate_init+0x0/0x29 returned 0 after 0 usecs
[    1.751095] calling  activate_jump_labels+0x0/0x31 @ 1
[    1.752107] initcall activate_jump_labels+0x0/0x31 returned 0 after 0 usecs
[    1.753096] calling  kvm_alloc_cpumask+0x0/0x2b @ 1
[    1.754121] initcall kvm_alloc_cpumask+0x0/0x2b returned 0 after 0 usecs
[    1.755097] calling  kcmp_cookies_init+0x0/0x37 @ 1
[    1.756100] initcall kcmp_cookies_init+0x0/0x37 returned 0 after 0 usecs
[    1.757095] calling  cryptomgr_init+0x0/0xc @ 1
[    1.758141] initcall cryptomgr_init+0x0/0xc returned 0 after 0 usecs
[    1.759095] calling  acpi_pci_init+0x0/0x57 @ 1
[    1.760094] ACPI: bus type PCI registered
[    1.761095] initcall acpi_pci_init+0x0/0x57 returned 0 after 976 usecs
[    1.762095] calling  dma_channel_table_init+0x0/0xce @ 1
[    1.763100] initcall dma_channel_table_init+0x0/0xce returned 0 after 0 usecs
[    1.764095] calling  dma_bus_init+0x0/0xdc @ 1
[    1.766150] initcall dma_bus_init+0x0/0xdc returned 0 after 976 usecs
[    1.767099] calling  iommu_dma_init+0x0/0x10 @ 1
[    1.768125] initcall iommu_dma_init+0x0/0x10 returned 0 after 0 usecs
[    1.769120] calling  dmi_id_init+0x0/0x37c @ 1
[    1.771101] initcall dmi_id_init+0x0/0x37c returned 0 after 976 usecs
[    1.772102] calling  pci_arch_init+0x0/0x71 @ 1
[    1.775102] PCI: MMCONFIG for domain 0000 [bus 00-ff] at [mem 0xb0000000-0xbfffffff] (base 0xb0000000)
[    1.776116] PCI: MMCONFIG at [mem 0xb0000000-0xbfffffff] reserved in E820
[    1.777158] PCI: Using configuration type 1 for base access
[    1.778165] initcall pci_arch_init+0x0/0x71 returned 0 after 4882 usecs
[    1.779159] calling  init_vdso+0x0/0x13 @ 1
[    1.781119] initcall init_vdso+0x0/0x13 returned 0 after 0 usecs
[    1.782098] calling  sysenter_setup+0x0/0x13 @ 1
[    1.783137] initcall sysenter_setup+0x0/0x13 returned 0 after 0 usecs
[    1.784099] calling  fixup_ht_bug+0x0/0x7f @ 1
[    1.785097] initcall fixup_ht_bug+0x0/0x7f returned 0 after 0 usecs
[    1.786097] calling  topology_init+0x0/0x15 @ 1
[    1.787193] initcall topology_init+0x0/0x15 returned 0 after 0 usecs
[    1.788097] calling  intel_epb_init+0x0/0x68 @ 1
[    1.789097] initcall intel_epb_init+0x0/0x68 returned -19 after 0 usecs
[    1.790096] calling  mtrr_init_finialize+0x0/0x3e @ 1
[    1.791097] initcall mtrr_init_finialize+0x0/0x3e returned 0 after 0 usecs
[    1.792097] calling  uid_cache_init+0x0/0x6f @ 1
[    1.793102] initcall uid_cache_init+0x0/0x6f returned 0 after 0 usecs
[    1.794096] calling  param_sysfs_init+0x0/0x1ba @ 1
[    1.798086] initcall param_sysfs_init+0x0/0x1ba returned 0 after 1953 usecs
[    1.799116] calling  user_namespace_sysctl_init+0x0/0x33 @ 1
[    1.800177] initcall user_namespace_sysctl_init+0x0/0x33 returned 0 after 0 usecs
[    1.801097] calling  proc_schedstat_init+0x0/0x24 @ 1
[    1.802100] initcall proc_schedstat_init+0x0/0x24 returned 0 after 0 usecs
[    1.803096] calling  pm_sysrq_init+0x0/0x18 @ 1
[    1.804119] initcall pm_sysrq_init+0x0/0x18 returned 0 after 0 usecs
[    1.805170] calling  create_proc_profile+0x0/0x50 @ 1
[    1.806097] initcall create_proc_profile+0x0/0x50 returned 0 after 0 usecs
[    1.807097] calling  time_ns_init+0x0/0x7 @ 1
[    1.808097] initcall time_ns_init+0x0/0x7 returned 0 after 0 usecs
[    1.809097] calling  crash_save_vmcoreinfo_init+0x0/0x756 @ 1
[    1.810330] initcall crash_save_vmcoreinfo_init+0x0/0x756 returned 0 after 0 usecs
[    1.811098] calling  crash_notes_memory_init+0x0/0x35 @ 1
[    1.812100] initcall crash_notes_memory_init+0x0/0x35 returned 0 after 0 usecs
[    1.813096] calling  cgroup_sysfs_init+0x0/0x13 @ 1
[    1.814135] initcall cgroup_sysfs_init+0x0/0x13 returned 0 after 0 usecs
[    1.815096] calling  cgroup_namespaces_init+0x0/0x7 @ 1
[    1.816096] initcall cgroup_namespaces_init+0x0/0x7 returned 0 after 0 usecs
[    1.817095] calling  init_optprobes+0x0/0x13 @ 1
[    1.818093] Kprobes globally optimized
[    1.819096] initcall init_optprobes+0x0/0x13 returned 0 after 976 usecs
[    1.820094] calling  oom_init+0x0/0x2f @ 1
[    1.822185] audit: type=2000 audit(1670920265.773:1): state=initialized audit_enabled=0 res=1
[    1.823118] initcall oom_init+0x0/0x2f returned 0 after 1953 usecs
[    1.824096] calling  default_bdi_init+0x0/0x35 @ 1
[    1.825214] initcall default_bdi_init+0x0/0x35 returned 0 after 0 usecs
[    1.826095] calling  percpu_enable_async+0x0/0xe @ 1
[    1.828094] initcall percpu_enable_async+0x0/0xe returned 0 after 0 usecs
[    1.829109] calling  kcompactd_init+0x0/0x46 @ 1
[    1.831136] initcall kcompactd_init+0x0/0x46 returned 0 after 976 usecs
[    1.832104] calling  init_user_reserve+0x0/0x30 @ 1
[    1.833096] initcall init_user_reserve+0x0/0x30 returned 0 after 0 usecs
[    1.834098] calling  init_admin_reserve+0x0/0x30 @ 1
[    1.835097] initcall init_admin_reserve+0x0/0x30 returned 0 after 0 usecs
[    1.836097] calling  init_reserve_notifier+0x0/0x7 @ 1
[    1.837096] initcall init_reserve_notifier+0x0/0x7 returned 0 after 0 usecs
[    1.838097] calling  swap_init_sysfs+0x0/0x62 @ 1
[    1.839150] initcall swap_init_sysfs+0x0/0x62 returned 0 after 0 usecs
[    1.840095] calling  swapfile_init+0x0/0x46 @ 1
[    1.841095] initcall swapfile_init+0x0/0x46 returned 0 after 0 usecs
[    1.842099] calling  hugetlb_init+0x0/0x411 @ 1
[    1.843099] HugeTLB registered 2.00 MiB page size, pre-allocated 0 pages
[    1.844114] initcall hugetlb_init+0x0/0x411 returned 0 after 976 usecs
[    1.845122] calling  io_wq_init+0x0/0x34 @ 1
[    1.846100] initcall io_wq_init+0x0/0x34 returned 0 after 0 usecs
[    1.847098] calling  seqiv_module_init+0x0/0xc @ 1
[    1.848097] initcall seqiv_module_init+0x0/0xc returned 0 after 0 usecs
[    1.849115] calling  echainiv_module_init+0x0/0xc @ 1
[    1.850099] initcall echainiv_module_init+0x0/0xc returned 0 after 0 usecs
[    1.851100] calling  rsa_init+0x0/0x50 @ 1
[    1.853134] cryptomgr_test (17) used greatest stack depth: 15544 bytes left
[    1.854116] initcall rsa_init+0x0/0x50 returned 0 after 1953 usecs
[    1.855097] calling  crypto_cmac_module_init+0x0/0xc @ 1
[    1.856097] initcall crypto_cmac_module_init+0x0/0xc returned 0 after 0 usecs
[    1.857096] calling  hmac_module_init+0x0/0xc @ 1
[    1.858096] initcall hmac_module_init+0x0/0xc returned 0 after 0 usecs
[    1.859095] calling  crypto_null_mod_init+0x0/0x65 @ 1
[    1.860207] initcall crypto_null_mod_init+0x0/0x65 returned 0 after 0 usecs
[    1.861096] calling  md5_mod_init+0x0/0xc @ 1
[    1.862134] initcall md5_mod_init+0x0/0xc returned 0 after 0 usecs
[    1.864118] calling  sha256_generic_mod_init+0x0/0x11 @ 1
[    1.865411] initcall sha256_generic_mod_init+0x0/0x11 returned 0 after 0 usecs
[    1.866097] calling  crypto_cbc_module_init+0x0/0xc @ 1
[    1.867098] initcall crypto_cbc_module_init+0x0/0xc returned 0 after 0 usecs
[    1.868098] calling  crypto_ctr_module_init+0x0/0x11 @ 1
[    1.869136] initcall crypto_ctr_module_init+0x0/0x11 returned 0 after 0 usecs
[    1.871097] calling  crypto_gcm_module_init+0x0/0x64 @ 1
[    1.872133] initcall crypto_gcm_module_init+0x0/0x64 returned 0 after 0 usecs
[    1.873095] calling  crypto_ccm_module_init+0x0/0x11 @ 1
[    1.874098] initcall crypto_ccm_module_init+0x0/0x11 returned 0 after 0 usecs
[    1.875096] calling  aes_init+0x0/0xc @ 1
[    1.876144] initcall aes_init+0x0/0xc returned 0 after 0 usecs
[    1.877095] calling  crc32c_mod_init+0x0/0xc @ 1
[    1.878127] initcall crc32c_mod_init+0x0/0xc returned 0 after 0 usecs
[    1.879096] calling  crypto_authenc_module_init+0x0/0xc @ 1
[    1.880104] initcall crypto_authenc_module_init+0x0/0xc returned 0 after 0 usecs
[    1.881096] calling  crypto_authenc_esn_module_init+0x0/0xc @ 1
[    1.882096] initcall crypto_authenc_esn_module_init+0x0/0xc returned 0 after 0 usecs
[    1.884902] calling  drbg_init+0x0/0x7c @ 1
[    1.888585] initcall drbg_init+0x0/0x7c returned 0 after 2929 usecs
[    1.889095] calling  ghash_mod_init+0x0/0xc @ 1
[    1.890151] initcall ghash_mod_init+0x0/0xc returned 0 after 0 usecs
[    1.891097] calling  init_bio+0x0/0x9a @ 1
[    1.893468] initcall init_bio+0x0/0x9a returned 0 after 976 usecs
[    1.894097] calling  blk_settings_init+0x0/0x29 @ 1
[    1.895097] initcall blk_settings_init+0x0/0x29 returned 0 after 0 usecs
[    1.896097] calling  blk_ioc_init+0x0/0x29 @ 1
[    1.897098] initcall blk_ioc_init+0x0/0x29 returned 0 after 0 usecs
[    1.898094] calling  blk_mq_init+0x0/0x96 @ 1
[    1.899150] initcall blk_mq_init+0x0/0x96 returned 0 after 0 usecs
[    1.900095] calling  genhd_device_init+0x0/0x75 @ 1
[    1.903364] initcall genhd_device_init+0x0/0x75 returned 0 after 1953 usecs
[    1.904096] calling  pci_slot_init+0x0/0x40 @ 1
[    1.905243] initcall pci_slot_init+0x0/0x40 returned 0 after 0 usecs
[    1.907095] calling  fbmem_init+0x0/0xd8 @ 1
[    1.909205] initcall fbmem_init+0x0/0xd8 returned 0 after 976 usecs
[    1.910127] calling  acpi_init+0x0/0x316 @ 1
[    1.912603] ACPI: Added _OSI(Module Device)
[    1.913095] ACPI: Added _OSI(Processor Device)
[    1.914096] ACPI: Added _OSI(3.0 _SCP Extensions)
[    1.915094] ACPI: Added _OSI(Processor Aggregator Device)
[    1.916097] ACPI: Added _OSI(Linux-Dell-Video)
[    1.917094] ACPI: Added _OSI(Linux-Lenovo-NV-HDMI-Audio)
[    1.918095] ACPI: Added _OSI(Linux-HPI-Hybrid-Graphics)
[    1.922548] ACPI: 1 ACPI AML tables successfully acquired and loaded
[    1.927418] ACPI: Interpreter enabled
[    1.928235] ACPI: (supports S0 S3 S4 S5)
[    1.929147] ACPI: Using IOAPIC for interrupt routing
[    1.930284] PCI: Using host bridge windows from ACPI; if necessary, use "pci=nocrs" and report a bug
[    1.932453] ACPI: Enabled 2 GPEs in block 00 to 3F
[    1.938631] ACPI: PCI Root Bridge [PCI0] (domain 0000 [bus 00-ff])
[    1.939321] acpi PNP0A08:00: _OSC: OS supports [ExtendedConfig ASPM ClockPM Segments MSI HPX-Type3]
[    1.940193] acpi PNP0A08:00: _OSC: platform does not support [LTR]
[    1.941153] acpi PNP0A08:00: _OSC: OS now controls [PME PCIeCapability]
[    1.943348] PCI host bridge to bus 0000:00
[    1.944112] pci_bus 0000:00: root bus resource [io  0x0000-0x0cf7 window]
[    1.945095] pci_bus 0000:00: root bus resource [io  0x0d00-0xffff window]
[    1.946095] pci_bus 0000:00: root bus resource [mem 0x000a0000-0x000bffff window]
[    1.947094] pci_bus 0000:00: root bus resource [mem 0x20000000-0xafffffff window]
[    1.948094] pci_bus 0000:00: root bus resource [mem 0xc0000000-0xfebfffff window]
[    1.949095] pci_bus 0000:00: root bus resource [mem 0x100000000-0x8ffffffff window]
[    1.950095] pci_bus 0000:00: root bus resource [bus 00-ff]
[    1.952408] pci 0000:00:00.0: calling  quirk_mmio_always_on+0x0/0x10 @ 1
[    1.953098] pci 0000:00:00.0: quirk_mmio_always_on+0x0/0x10 took 0 usecs
[    1.954096] pci 0000:00:00.0: [8086:29c0] type 00 class 0x060000
[    1.958879] pci 0000:00:00.0: calling  quirk_igfx_skip_te_disable+0x0/0x80 @ 1
[    1.960097] pci 0000:00:00.0: quirk_igfx_skip_te_disable+0x0/0x80 took 976 usecs
[    1.963748] pci 0000:00:01.0: [1234:1111] type 00 class 0x030000
[    1.968721] pci 0000:00:01.0: reg 0x10: [mem 0xfd000000-0xfdffffff pref]
[    1.976819] pci 0000:00:01.0: reg 0x18: [mem 0xfebf0000-0xfebf0fff]
[    1.991938] pci 0000:00:01.0: reg 0x30: [mem 0xfebe0000-0xfebeffff pref]
[    1.994645] pci 0000:00:01.0: calling  efifb_fixup_resources+0x0/0xf0 @ 1
[    1.995133] pci 0000:00:01.0: efifb_fixup_resources+0x0/0xf0 took 0 usecs
[    2.006064] pci 0000:00:1f.0: [8086:2918] type 00 class 0x060100
[    2.012618] pci 0000:00:1f.0: calling  quirk_ich7_lpc+0x0/0x60 @ 1
[    2.013335] pci 0000:00:1f.0: quirk: [io  0x0600-0x067f] claimed by ICH6 ACPI/GPIO/TCO
[    2.014541] pci 0000:00:1f.0: quirk_ich7_lpc+0x0/0x60 took 976 usecs
[    2.015102] pci 0000:00:1f.0: calling  quirk_igfx_skip_te_disable+0x0/0x80 @ 1
[    2.016148] pci 0000:00:1f.0: quirk_igfx_skip_te_disable+0x0/0x80 took 0 usecs
[    2.019181] pci 0000:00:1f.2: [8086:2922] type 00 class 0x010601
[    2.028963] pci 0000:00:1f.2: reg 0x20: [io  0xc040-0xc05f]
[    2.030503] pci 0000:00:1f.2: reg 0x24: [mem 0xfebf1000-0xfebf1fff]
[    2.032711] pci 0000:00:1f.2: calling  quirk_igfx_skip_te_disable+0x0/0x80 @ 1
[    2.033097] pci 0000:00:1f.2: quirk_igfx_skip_te_disable+0x0/0x80 took 0 usecs
[    2.038018] pci 0000:00:1f.3: [8086:2930] type 00 class 0x0c0500
[    2.047586] pci 0000:00:1f.3: reg 0x20: [io  0x0700-0x073f]
[    2.050582] pci 0000:00:1f.3: calling  quirk_igfx_skip_te_disable+0x0/0x80 @ 1
[    2.051099] pci 0000:00:1f.3: quirk_igfx_skip_te_disable+0x0/0x80 took 0 usecs
[    2.054289] pci_bus 0000:00: on NUMA node 0
[    2.059286] ACPI: PCI Interrupt Link [LNKA] (IRQs 5 *10 11)
[    2.060482] ACPI: PCI Interrupt Link [LNKB] (IRQs 5 *10 11)
[    2.062108] ACPI: PCI Interrupt Link [LNKC] (IRQs 5 10 *11)
[    2.064297] ACPI: PCI Interrupt Link [LNKD] (IRQs 5 10 *11)
[    2.065531] ACPI: PCI Interrupt Link [LNKE] (IRQs 5 *10 11)
[    2.066495] ACPI: PCI Interrupt Link [LNKF] (IRQs 5 *10 11)
[    2.067500] ACPI: PCI Interrupt Link [LNKG] (IRQs 5 10 *11)
[    2.068501] ACPI: PCI Interrupt Link [LNKH] (IRQs 5 10 *11)
[    2.069280] ACPI: PCI Interrupt Link [GSIA] (IRQs *16)
[    2.070117] ACPI: PCI Interrupt Link [GSIB] (IRQs *17)
[    2.071103] ACPI: PCI Interrupt Link [GSIC] (IRQs *18)
[    2.072143] ACPI: PCI Interrupt Link [GSID] (IRQs *19)
[    2.073103] ACPI: PCI Interrupt Link [GSIE] (IRQs *20)
[    2.074122] ACPI: PCI Interrupt Link [GSIF] (IRQs *21)
[    2.075102] ACPI: PCI Interrupt Link [GSIG] (IRQs *22)
[    2.076102] ACPI: PCI Interrupt Link [GSIH] (IRQs *23)
[    2.079660] initcall acpi_init+0x0/0x316 returned 0 after 164062 usecs
[    2.081095] calling  pnp_init+0x0/0xc @ 1
[    2.082131] initcall pnp_init+0x0/0xc returned 0 after 0 usecs
[    2.083099] calling  misc_init+0x0/0xbf @ 1
[    2.084406] initcall misc_init+0x0/0xbf returned 0 after 0 usecs
[    2.085100] calling  iommu_subsys_init+0x0/0x4e @ 1
[    2.086191] iommu: Default domain type: Translated 
[    2.087101] initcall iommu_subsys_init+0x0/0x4e returned 0 after 976 usecs
[    2.088102] calling  vga_arb_device_init+0x0/0x26c @ 1
[    2.091310] pci 0000:00:01.0: vgaarb: setting as boot VGA device
[    2.092090] pci 0000:00:01.0: vgaarb: VGA device added: decodes=io+mem,owns=io+mem,locks=none
[    2.092096] pci 0000:00:01.0: vgaarb: bridge control possible
[    2.093093] vgaarb: loaded
[    2.094097] initcall vga_arb_device_init+0x0/0x26c returned 0 after 4882 usecs
[    2.095102] calling  cn_init+0x0/0xf0 @ 1
[    2.097442] initcall cn_init+0x0/0xf0 returned 0 after 976 usecs
[    2.098100] calling  dma_buf_init+0x0/0xad @ 1
[    2.100188] initcall dma_buf_init+0x0/0xad returned 0 after 976 usecs
[    2.101097] calling  init_scsi+0x0/0x79 @ 1
[    2.102701] SCSI subsystem initialized
[    2.103116] initcall init_scsi+0x0/0x79 returned 0 after 976 usecs
[    2.104156] calling  ata_init+0x0/0x332 @ 1
[    2.112204] libata version 3.00 loaded.
[    2.113097] initcall ata_init+0x0/0x332 returned 0 after 7812 usecs
[    2.114096] calling  phy_init+0x0/0x250 @ 1
[    2.116369] initcall phy_init+0x0/0x250 returned 0 after 976 usecs
[    2.117096] calling  init_pcmcia_cs+0x0/0x35 @ 1
[    2.118437] initcall init_pcmcia_cs+0x0/0x35 returned 0 after 0 usecs
[    2.119098] calling  usb_common_init+0x0/0x1c @ 1
[    2.120192] initcall usb_common_init+0x0/0x1c returned 0 after 0 usecs
[    2.121099] calling  usb_init+0x0/0x12e @ 1
[    2.123538] ACPI: bus type USB registered
[    2.128184] usbcore: registered new interface driver usbfs
[    2.129449] usbcore: registered new interface driver hub
[    2.131223] usbcore: registered new device driver usb
[    2.132099] initcall usb_init+0x0/0x12e returned 0 after 9765 usecs
[    2.133099] calling  serio_init+0x0/0x29 @ 1
[    2.135216] initcall serio_init+0x0/0x29 returned 0 after 976 usecs
[    2.136098] calling  input_init+0x0/0xf6 @ 1
[    2.137260] initcall input_init+0x0/0xf6 returned 0 after 0 usecs
[    2.138096] calling  rtc_init+0x0/0x4d @ 1
[    2.139122] initcall rtc_init+0x0/0x4d returned 0 after 0 usecs
[    2.140095] calling  pps_init+0x0/0xa9 @ 1
[    2.142185] pps_core: LinuxPPS API ver. 1 registered
[    2.143092] pps_core: Software ver. 5.3.6 - Copyright 2005-2007 Rodolfo Giometti <giometti@linux.it>
[    2.144096] initcall pps_init+0x0/0xa9 returned 0 after 2929 usecs
[    2.145095] calling  ptp_init+0x0/0x98 @ 1
[    2.146102] PTP clock support registered
[    2.147141] initcall ptp_init+0x0/0x98 returned 0 after 976 usecs
[    2.148094] calling  power_supply_class_init+0x0/0x3f @ 1
[    2.149213] initcall power_supply_class_init+0x0/0x3f returned 0 after 0 usecs
[    2.150095] calling  hwmon_init+0x0/0x104 @ 1
[    2.151137] initcall hwmon_init+0x0/0x104 returned 0 after 0 usecs
[    2.152095] calling  md_init+0x0/0x16b @ 1
[    2.154389] initcall md_init+0x0/0x16b returned 0 after 976 usecs
[    2.155114] calling  leds_init+0x0/0x3b @ 1
[    2.156135] initcall leds_init+0x0/0x3b returned 0 after 0 usecs
[    2.157096] calling  dmi_init+0x0/0x113 @ 1
[    2.159137] initcall dmi_init+0x0/0x113 returned 0 after 976 usecs
[    2.160097] calling  efisubsys_init+0x0/0x4e6 @ 1
[    2.161119] initcall efisubsys_init+0x0/0x4e6 returned 0 after 0 usecs
[    2.162096] calling  nvmem_init+0x0/0xc @ 1
[    2.163135] initcall nvmem_init+0x0/0xc returned 0 after 0 usecs
[    2.164096] calling  init_soundcore+0x0/0x33 @ 1
[    2.165208] initcall init_soundcore+0x0/0x33 returned 0 after 0 usecs
[    2.166096] calling  alsa_sound_init+0x0/0x8f @ 1
[    2.167194] Advanced Linux Sound Architecture Driver Initialized.
[    2.168095] initcall alsa_sound_init+0x0/0x8f returned 0 after 976 usecs
[    2.169111] calling  alsa_seq_device_init+0x0/0x71 @ 1
[    2.170181] initcall alsa_seq_device_init+0x0/0x71 returned 0 after 0 usecs
[    2.171095] calling  hda_bus_init+0x0/0xc @ 1
[    2.172157] initcall hda_bus_init+0x0/0xc returned 0 after 0 usecs
[    2.173095] calling  proto_init+0x0/0xc @ 1
[    2.174272] initcall proto_init+0x0/0xc returned 0 after 0 usecs
[    2.175095] calling  net_dev_init+0x0/0x1cc @ 1
[    2.178161] initcall net_dev_init+0x0/0x1cc returned 0 after 1953 usecs
[    2.179095] calling  neigh_init+0x0/0x84 @ 1
[    2.180097] initcall neigh_init+0x0/0x84 returned 0 after 0 usecs
[    2.181095] calling  fib_notifier_init+0x0/0xc @ 1
[    2.182122] initcall fib_notifier_init+0x0/0xc returned 0 after 0 usecs
[    2.183095] calling  fib_rules_init+0x0/0xab @ 1
[    2.184136] initcall fib_rules_init+0x0/0xab returned 0 after 0 usecs
[    2.185095] calling  pktsched_init+0x0/0x10e @ 1
[    2.187143] initcall pktsched_init+0x0/0x10e returned 0 after 976 usecs
[    2.188432] calling  tc_filter_init+0x0/0xfa @ 1
[    2.190098] initcall tc_filter_init+0x0/0xfa returned 0 after 976 usecs
[    2.191097] calling  tc_action_init+0x0/0x54 @ 1
[    2.192097] initcall tc_action_init+0x0/0x54 returned 0 after 0 usecs
[    2.193097] calling  ethnl_init+0x0/0x52 @ 1
[    2.195109] initcall ethnl_init+0x0/0x52 returned 0 after 976 usecs
[    2.196099] calling  nexthop_init+0x0/0xd8 @ 1
[    2.197422] initcall nexthop_init+0x0/0xd8 returned 0 after 0 usecs
[    2.198097] calling  cipso_v4_init+0x0/0x5a @ 1
[    2.200244] initcall cipso_v4_init+0x0/0x5a returned 0 after 976 usecs
[    2.201096] calling  ieee80211_init+0x0/0x24 @ 1
[    2.202187] initcall ieee80211_init+0x0/0x24 returned 0 after 0 usecs
[    2.203096] calling  netlbl_init+0x0/0x78 @ 1
[    2.204246] NetLabel: Initializing
[    2.205093] NetLabel:  domain hash size = 128
[    2.206093] NetLabel:  protocols = UNLABELED CIPSOv4 CALIPSO
[    2.209092] NetLabel:  unlabeled traffic allowed by default
[    2.210097] initcall netlbl_init+0x0/0x78 returned 0 after 5859 usecs
[    2.211097] calling  rfkill_init+0x0/0x111 @ 1
[    2.213096] initcall rfkill_init+0x0/0x111 returned 0 after 976 usecs
[    2.214097] calling  pci_subsys_init+0x0/0x66 @ 1
[    2.215447] PCI: Using ACPI for IRQ routing
[    3.042372] PCI: pci_cache_line_size set to 64 bytes
[    3.046253] e820: reserve RAM buffer [mem 0x0009fc00-0x0009ffff]
[    3.048096] e820: reserve RAM buffer [mem 0x1ffdf000-0x1fffffff]
[    3.049544] initcall pci_subsys_init+0x0/0x66 returned 0 after 814453 usecs
[    3.053090] calling  nmi_warning_debugfs+0x0/0x26 @ 1
[    3.054498] initcall nmi_warning_debugfs+0x0/0x26 returned 0 after 0 usecs
[    3.055608] calling  save_microcode_in_initrd+0x0/0x51 @ 1
[    3.058570] initcall save_microcode_in_initrd+0x0/0x51 returned 0 after 976 usecs
[    3.059315] calling  hpet_late_init+0x0/0x1f6 @ 1
[    3.062875] hpet: 3 channels of 0 reserved for per-cpu timers
[    3.064090] hpet0: at MMIO 0xfed00000, IRQs 2, 8, 0
[    3.065096] hpet0: 3 comparators, 64-bit 100.000000 MHz counter
[    3.073100] initcall hpet_late_init+0x0/0x1f6 returned 0 after 12695 usecs
[    3.074101] calling  init_amd_nbs+0x0/0x11c @ 1
[    3.075102] initcall init_amd_nbs+0x0/0x11c returned 0 after 0 usecs
[    3.076204] calling  clocksource_done_booting+0x0/0x41 @ 1
[    3.077168] clocksource: Switched to clocksource kvm-clock
[    3.086002] initcall clocksource_done_booting+0x0/0x41 returned 0 after 8696 usecs
[    3.095975] calling  tracer_init_tracefs+0x0/0x1fb @ 1
[    3.423674] initcall tracer_init_tracefs+0x0/0x1fb returned 0 after 313271 usecs
[    3.436999] calling  init_trace_printk_function_export+0x0/0x2c @ 1
[    3.445088] initcall init_trace_printk_function_export+0x0/0x2c returned 0 after 9 usecs
[    3.456087] calling  init_kprobe_trace+0x0/0x1a9 @ 1
[    3.463629] initcall init_kprobe_trace+0x0/0x1a9 returned 0 after 11 usecs
[    3.472322] calling  init_dynamic_event+0x0/0x3d @ 1
[    3.479270] initcall init_dynamic_event+0x0/0x3d returned 0 after 118 usecs
[    3.488954] calling  init_uprobe_trace+0x0/0x5c @ 1
[    3.495722] initcall init_uprobe_trace+0x0/0x5c returned 0 after 71 usecs
[    3.504463] calling  init_pipe_fs+0x0/0x44 @ 1
[    3.510688] initcall init_pipe_fs+0x0/0x44 returned 0 after 499 usecs
[    3.518808] calling  inotify_user_setup+0x0/0x47 @ 1
[    3.525014] initcall inotify_user_setup+0x0/0x47 returned 0 after 58 usecs
[    3.533462] calling  eventpoll_init+0x0/0xcc @ 1
[    3.539347] initcall eventpoll_init+0x0/0xcc returned 0 after 84 usecs
[    3.547353] calling  anon_inode_init+0x0/0x58 @ 1
[    3.553247] initcall anon_inode_init+0x0/0x58 returned 0 after 70 usecs
[    3.561350] calling  proc_locks_init+0x0/0x27 @ 1
[    3.575785] initcall proc_locks_init+0x0/0x27 returned 0 after 1025 usecs
[    3.584017] calling  iomap_init+0x0/0x1b @ 1
[    3.590765] initcall iomap_init+0x0/0x1b returned 0 after 1405 usecs
[    3.598376] calling  dquot_init+0x0/0xd7 @ 1
[    3.603539] VFS: Disk quotas dquot_6.6.0
[    3.608872] VFS: Dquot-cache hash table entries: 512 (order 0, 4096 bytes)
[    3.617274] initcall dquot_init+0x0/0xd7 returned 0 after 13409 usecs
[    3.625153] calling  quota_init+0x0/0x23 @ 1
[    3.631070] initcall quota_init+0x0/0x23 returned 0 after 494 usecs
[    3.638970] calling  proc_cmdline_init+0x0/0x21 @ 1
[    3.645054] initcall proc_cmdline_init+0x0/0x21 returned 0 after 23 usecs
[    3.653605] calling  proc_consoles_init+0x0/0x24 @ 1
[    3.660002] initcall proc_consoles_init+0x0/0x24 returned 0 after 23 usecs
[    3.668645] calling  proc_cpuinfo_init+0x0/0x1e @ 1
[    3.674946] initcall proc_cpuinfo_init+0x0/0x1e returned 0 after 3 usecs
[    3.683457] calling  proc_devices_init+0x0/0x24 @ 1
[    3.689887] initcall proc_devices_init+0x0/0x24 returned 0 after 3 usecs
[    3.698653] calling  proc_interrupts_init+0x0/0x24 @ 1
[    3.705223] initcall proc_interrupts_init+0x0/0x24 returned 0 after 3 usecs
[    3.713796] calling  proc_loadavg_init+0x0/0x21 @ 1
[    3.719889] initcall proc_loadavg_init+0x0/0x21 returned 0 after 3 usecs
[    3.728229] calling  proc_meminfo_init+0x0/0x21 @ 1
[    3.735272] initcall proc_meminfo_init+0x0/0x21 returned 0 after 3 usecs
[    3.745303] calling  proc_stat_init+0x0/0x1e @ 1
[    3.752393] initcall proc_stat_init+0x0/0x1e returned 0 after 3 usecs
[    3.762032] calling  proc_uptime_init+0x0/0x21 @ 1
[    3.769182] initcall proc_uptime_init+0x0/0x21 returned 0 after 3 usecs
[    3.779106] calling  proc_version_init+0x0/0x21 @ 1
[    3.786348] initcall proc_version_init+0x0/0x21 returned 0 after 4 usecs
[    3.796138] calling  proc_softirqs_init+0x0/0x21 @ 1
[    3.803398] initcall proc_softirqs_init+0x0/0x21 returned 0 after 4 usecs
[    3.813244] calling  proc_kcore_init+0x0/0xea @ 1
[    3.820458] initcall proc_kcore_init+0x0/0xea returned 0 after 165 usecs
[    3.830361] calling  vmcore_init+0x0/0x578 @ 1
[    3.836926] initcall vmcore_init+0x0/0x578 returned 0 after 18 usecs
[    3.846163] calling  proc_kmsg_init+0x0/0x21 @ 1
[    3.853228] initcall proc_kmsg_init+0x0/0x21 returned 0 after 4 usecs
[    3.862244] calling  proc_page_init+0x0/0x3b @ 1
[    3.867674] initcall proc_page_init+0x0/0x3b returned 0 after 3 usecs
[    3.875254] calling  init_ramfs_fs+0x0/0xc @ 1
[    3.880807] initcall init_ramfs_fs+0x0/0xc returned 0 after 254 usecs
[    3.888451] calling  init_hugetlbfs_fs+0x0/0xf6 @ 1
[    3.895427] initcall init_hugetlbfs_fs+0x0/0xf6 returned 0 after 1101 usecs
[    3.903736] calling  blk_scsi_ioctl_init+0x0/0x2a5 @ 1
[    3.910034] initcall blk_scsi_ioctl_init+0x0/0x2a5 returned 0 after 58 usecs
[    3.918309] calling  acpi_event_init+0x0/0x2c @ 1
[    3.923983] initcall acpi_event_init+0x0/0x2c returned 0 after 103 usecs
[    3.931944] calling  pnp_system_init+0x0/0xc @ 1
[    3.938020] initcall pnp_system_init+0x0/0xc returned 0 after 544 usecs
[    3.945936] calling  pnpacpi_init+0x0/0x69 @ 1
[    3.951274] pnp: PnP ACPI init
[    3.956840] pnp 00:00: Plug and Play ACPI device, IDs PNP0303 (active)
[    3.964706] pnp 00:01: Plug and Play ACPI device, IDs PNP0f13 (active)
[    3.972535] pnp 00:02: Plug and Play ACPI device, IDs PNP0400 (active)
[    3.980304] pnp 00:03: Plug and Play ACPI device, IDs PNP0501 (active)
[    3.987967] pnp 00:04: Plug and Play ACPI device, IDs PNP0b00 (active)
[    3.996014] system 00:05: [mem 0xb0000000-0xbfffffff window] has been reserved
[    4.004603] system 00:05: Plug and Play ACPI device, IDs PNP0c01 (active)
[    4.015834] pnp: PnP ACPI: found 6 devices
[    4.020616] initcall pnpacpi_init+0x0/0x69 returned 0 after 67741 usecs
[    4.028209] calling  chr_dev_init+0x0/0x14d @ 1
[    4.041420] initcall chr_dev_init+0x0/0x14d returned 0 after 7737 usecs
[    4.048985] calling  firmware_class_init+0x0/0xde @ 1
[    4.054820] initcall firmware_class_init+0x0/0xde returned 0 after 91 usecs
[    4.062690] calling  init_pcmcia_bus+0x0/0x5b @ 1
[    4.068271] initcall init_pcmcia_bus+0x0/0x5b returned 0 after 60 usecs
[    4.075908] calling  init_acpi_pm_clocksource+0x0/0xda @ 1
[    4.087675] clocksource: acpi_pm: mask: 0xffffff max_cycles: 0xffffff, max_idle_ns: 2085701024 ns
[    4.097608] initcall init_acpi_pm_clocksource+0x0/0xda returned 0 after 15007 usecs
[    4.106290] calling  sysctl_core_init+0x0/0x26 @ 1
[    4.111980] initcall sysctl_core_init+0x0/0x26 returned 0 after 213 usecs
[    4.119799] calling  eth_offload_init+0x0/0x13 @ 1
[    4.125335] initcall eth_offload_init+0x0/0x13 returned 0 after 26 usecs
[    4.133014] calling  ipv4_offload_init+0x0/0x73 @ 1
[    4.138684] initcall ipv4_offload_init+0x0/0x73 returned 0 after 51 usecs
[    4.146385] calling  inet_init+0x0/0x276 @ 1
[    4.151424] NET: Registered protocol family 2
[    4.156995] IP idents hash table entries: 8192 (order: 4, 65536 bytes, linear)
[    4.166716] tcp_listen_portaddr_hash hash table entries: 256 (order: 0, 4096 bytes, linear)
[    4.176310] TCP established hash table entries: 4096 (order: 3, 32768 bytes, linear)
[    4.185285] TCP bind hash table entries: 4096 (order: 3, 32768 bytes, linear)
[    4.193982] TCP: Hash tables configured (established 4096 bind 4096)
[    4.202088] UDP hash table entries: 256 (order: 1, 8192 bytes, linear)
[    4.209668] UDP-Lite hash table entries: 256 (order: 1, 8192 bytes, linear)
[    4.220360] initcall inet_init+0x0/0x276 returned 0 after 67418 usecs
[    4.228589] calling  af_unix_init+0x0/0x4d @ 1
[    4.234120] NET: Registered protocol family 1
[    4.239438] initcall af_unix_init+0x0/0x4d returned 0 after 5196 usecs
[    4.246994] calling  ipv6_offload_init+0x0/0x7e @ 1
[    4.252691] initcall ipv6_offload_init+0x0/0x7e returned 0 after 58 usecs
[    4.260541] calling  init_sunrpc+0x0/0x65 @ 1
[    4.266728] RPC: Registered named UNIX socket transport module.
[    4.273612] RPC: Registered udp transport module.
[    4.279104] RPC: Registered tcp transport module.
[    4.285174] RPC: Registered tcp NFSv4.1 backchannel transport module.
[    4.294524] initcall init_sunrpc+0x0/0x65 returned 0 after 28269 usecs
[    4.304421] calling  cfg80211_init+0x0/0xc5 @ 1
[    4.312123] initcall cfg80211_init+0x0/0xc5 returned 0 after 899 usecs
[    4.321628] calling  pcibios_assign_resources+0x0/0xa8 @ 1
[    4.329720] pci_bus 0000:00: resource 4 [io  0x0000-0x0cf7 window]
[    4.338662] pci_bus 0000:00: resource 5 [io  0x0d00-0xffff window]
[    4.346812] pci_bus 0000:00: resource 6 [mem 0x000a0000-0x000bffff window]
[    4.354724] pci_bus 0000:00: resource 7 [mem 0x20000000-0xafffffff window]
[    4.362564] pci_bus 0000:00: resource 8 [mem 0xc0000000-0xfebfffff window]
[    4.370504] pci_bus 0000:00: resource 9 [mem 0x100000000-0x8ffffffff window]
[    4.378746] initcall pcibios_assign_resources+0x0/0xa8 returned 0 after 48042 usecs
[    4.387693] calling  pci_apply_final_quirks+0x0/0x124 @ 1
[    4.394270] pci 0000:00:01.0: calling  pci_fixup_video+0x0/0xe0 @ 1
[    4.401939] pci 0000:00:01.0: Video device with shadowed ROM at [mem 0x000c0000-0x000dffff]
[    4.411542] pci 0000:00:01.0: pci_fixup_video+0x0/0xe0 took 9713 usecs
[    4.419511] PCI: CLS 0 bytes, default 64
[    4.426703] initcall pci_apply_final_quirks+0x0/0x124 returned 0 after 31927 usecs
[    4.435044] calling  acpi_reserve_resources+0x0/0xea @ 1
[    4.440913] initcall acpi_reserve_resources+0x0/0xea returned 0 after 39 usecs
[    4.448862] calling  populate_rootfs+0x0/0x102 @ 1
[    4.455197] initcall populate_rootfs+0x0/0x102 returned 0 after 858 usecs
[    4.463433] calling  pci_iommu_init+0x0/0x3e @ 1
[    4.468918] initcall pci_iommu_init+0x0/0x3e returned 0 after 122 usecs
[    4.478324] calling  ia32_binfmt_init+0x0/0x13 @ 1
[    4.485240] initcall ia32_binfmt_init+0x0/0x13 returned 0 after 44 usecs
[    4.494740] calling  rapl_pmu_init+0x0/0x25f @ 1
[    4.501375] initcall rapl_pmu_init+0x0/0x25f returned -19 after 53 usecs
[    4.510150] calling  amd_uncore_init+0x0/0x310 @ 1
[    4.515595] initcall amd_uncore_init+0x0/0x310 returned -19 after 0 usecs
[    4.523306] calling  amd_ibs_init+0x0/0x233 @ 1
[    4.528447] initcall amd_ibs_init+0x0/0x233 returned -19 after 0 usecs
[    4.535790] calling  amd_iommu_pc_init+0x0/0x20c @ 1
[    4.543382] initcall amd_iommu_pc_init+0x0/0x20c returned -19 after 57 usecs
[    4.551606] calling  msr_init+0x0/0x55 @ 1
[    4.556417] initcall msr_init+0x0/0x55 returned 0 after 102 usecs
[    4.563318] calling  intel_uncore_init+0x0/0x31e @ 1
[    4.568953] initcall intel_uncore_init+0x0/0x31e returned -19 after 28 usecs
[    4.585211] calling  cstate_pmu_init+0x0/0x181 @ 1
[    4.591621] initcall cstate_pmu_init+0x0/0x181 returned -19 after 162 usecs
[    4.600072] calling  register_kernel_offset_dumper+0x0/0x1a @ 1
[    4.606844] initcall register_kernel_offset_dumper+0x0/0x1a returned 0 after 60 usecs
[    4.615664] calling  i8259A_init_ops+0x0/0x20 @ 1
[    4.621264] initcall i8259A_init_ops+0x0/0x20 returned 0 after 197 usecs
[    4.628692] calling  init_tsc_clocksource+0x0/0xa4 @ 1
[    4.634624] clocksource: tsc: mask: 0xffffffffffffffff max_cycles: 0x39a85afc727, max_idle_ns: 881590685098 ns
[    4.645594] initcall init_tsc_clocksource+0x0/0xa4 returned 0 after 10813 usecs
[    4.653578] calling  add_rtc_cmos+0x0/0xb0 @ 1
[    4.658825] initcall add_rtc_cmos+0x0/0xb0 returned 0 after 264 usecs
[    4.665833] calling  i8237A_init_ops+0x0/0x3a @ 1
[    4.671278] initcall i8237A_init_ops+0x0/0x3a returned 0 after 293 usecs
[    4.678467] calling  umwait_init+0x0/0x94 @ 1
[    4.683243] initcall umwait_init+0x0/0x94 returned -19 after 19 usecs
[    4.690719] calling  thermal_throttle_init_device+0x0/0x3d @ 1
[    4.698620] initcall thermal_throttle_init_device+0x0/0x3d returned 0 after 22 usecs
[    4.708994] calling  msr_init+0x0/0xd7 @ 1
[    4.721691] initcall msr_init+0x0/0xd7 returned 0 after 6412 usecs
[    4.728612] calling  cpuid_init+0x0/0xd7 @ 1
[    4.733686] initcall cpuid_init+0x0/0xd7 returned 0 after 344 usecs
[    4.740550] calling  ioapic_init_ops+0x0/0x13 @ 1
[    4.745831] initcall ioapic_init_ops+0x0/0x13 returned 0 after 16 usecs
[    4.753018] calling  add_pcspkr+0x0/0x6c @ 1
[    4.758064] initcall add_pcspkr+0x0/0x6c returned 0 after 386 usecs
[    4.764897] calling  start_periodic_check_for_corruption+0x0/0x30 @ 1
[    4.771899] check: Scanning for low memory corruption every 60 seconds
[    4.778946] initcall start_periodic_check_for_corruption+0x0/0x30 returned 0 after 6895 usecs
[    4.788064] calling  sysfb_init+0x0/0x9c @ 1
[    4.792909] initcall sysfb_init+0x0/0x9c returned 0 after 146 usecs
[    4.799664] calling  audit_classes_init+0x0/0xae @ 1
[    4.805205] initcall audit_classes_init+0x0/0xae returned 0 after 171 usecs
[    4.812719] calling  iosf_mbi_init+0x0/0x24 @ 1
[    4.818425] initcall iosf_mbi_init+0x0/0x24 returned 0 after 751 usecs
[    4.825535] calling  proc_execdomains_init+0x0/0x21 @ 1
[    4.831442] initcall proc_execdomains_init+0x0/0x21 returned 0 after 137 usecs
[    4.839287] calling  register_warn_debugfs+0x0/0x23 @ 1
[    4.845312] initcall register_warn_debugfs+0x0/0x23 returned 0 after 334 usecs
[    4.853103] calling  ioresources_init+0x0/0x49 @ 1
[    4.858418] initcall ioresources_init+0x0/0x49 returned 0 after 17 usecs
[    4.865727] calling  snapshot_device_init+0x0/0xc @ 1
[    4.873710] initcall snapshot_device_init+0x0/0xc returned 0 after 2394 usecs
[    4.881645] calling  irq_pm_init_ops+0x0/0x13 @ 1
[    4.886924] initcall irq_pm_init_ops+0x0/0x13 returned 0 after 22 usecs
[    4.894194] calling  rcu_torture_init+0x0/0x89f @ 1
[    4.899775] rcu-torture:--- Start of test: nreaders=1 nfakewriters=4 stat_interval=15 verbose=1 test_no_idle_hz=1 shuffle_interval=3 stutter=5 irqreader=1 fqs_duration=0 fqs_holdoff=0 fqs_stutter=3 test_boost=1/0 test_boost_interval=7 test_boost_duration=4 shutdown_secs=1800 stall_cpu=0 stall_cpu_holdoff=10 stall_cpu_irqsoff=0 stall_cpu_block=0 n_barrier_cbs=4 onoff_interval=0 onoff_holdoff=0 read_exit_delay=13 read_exit_burst=16
[    4.940846] rcu:  Start-test grace-period state: g0 f0x0
[    4.946710] rcu-torture: Creating rcu_torture_writer task
[    4.953921] rcu-torture: Creating rcu_torture_fakewriter task
[    4.960371] rcu-torture: rcu_torture_writer task started
[    4.966296] rcu-torture: GP expediting controlled from boot/sysfs for rcu.
[    4.973918] rcu_torture_writer: Testing conditional GPs.
[    4.979858] rcu_torture_writer: Testing expedited GPs.
[    4.985680] rcu_torture_writer: Testing asynchronous GPs.
[    4.991804] rcu_torture_writer: Testing normal GPs.
[    4.997337] rcu-torture: Creating rcu_torture_fakewriter task
[    5.003850] rcu-torture: rcu_torture_fakewriter task started
[    5.011558] rcu-torture: Creating rcu_torture_fakewriter task
[    5.017962] rcu-torture: rcu_torture_fakewriter task started
[    5.024642] rcu-torture: Creating rcu_torture_fakewriter task
[    5.031038] rcu-torture: rcu_torture_fakewriter task started
[    5.038340] rcu-torture: Creating rcu_torture_reader task
[    5.044399] rcu-torture: rcu_torture_fakewriter task started
[    5.050819] rcu-torture: Creating rcu_torture_stats task
[    5.056714] rcu-torture: rcu_torture_reader task started
[    5.064955] rcu-torture: Creating torture_shuffle task
[    5.071690] rcu-torture: rcu_torture_stats task started
[    5.078942] rcu-torture: Creating torture_stutter task
[    5.084618] rcu-torture: torture_shuffle task started
[    5.091882] rcu-torture: Creating torture_shutdown task
[    5.097732] rcu-torture: torture_stutter task started
[    5.103897] rcu-torture: Creating rcu_torture_fwd_prog task
[    5.110256] rcu-torture: torture_shutdown task started
[    5.116036] rcu-torture:torture_shutdown task: 1799975 ms remaining
[    5.123237] rcu-torture: Creating rcu_torture_barrier_cbs task
[    5.129904] rcu-torture: rcu_torture_fwd_progress task started
[    5.136697] rcu-torture: Creating rcu_torture_barrier_cbs task
[    5.143356] rcu-torture: rcu_torture_barrier_cbs task started
[    5.151234] rcu-torture: Creating rcu_torture_barrier_cbs task
[    5.159196] rcu-torture: rcu_torture_barrier_cbs task started
[    5.167947] rcu-torture: Creating rcu_torture_barrier_cbs task
[    5.176226] rcu-torture: rcu_torture_barrier_cbs task started
[    5.184370] rcu-torture: Creating rcu_torture_barrier task
[    5.190925] rcu-torture: rcu_torture_barrier_cbs task started
[    5.198245] rcu-torture: Creating rcu_torture_read_exit task
[    5.204604] rcu-torture: rcu_torture_barrier task starting
[    5.211453] initcall rcu_torture_init+0x0/0x89f returned 0 after 304494 usecs
[    5.219436] calling  timekeeping_init_ops+0x0/0x13 @ 1
[    5.225204] initcall timekeeping_init_ops+0x0/0x13 returned 0 after 10 usecs
[    5.232938] calling  init_clocksource_sysfs+0x0/0x23 @ 1
[    5.238908] initcall init_clocksource_sysfs+0x0/0x23 returned 0 after 88 usecs
[    5.246791] calling  init_timer_list_procfs+0x0/0x31 @ 1
[    5.252573] initcall init_timer_list_procfs+0x0/0x31 returned 0 after 3 usecs
[    5.260363] calling  alarmtimer_init+0x0/0xb5 @ 1
[    5.265777] initcall alarmtimer_init+0x0/0xb5 returned 0 after 235 usecs
[    5.273147] calling  init_posix_timers+0x0/0x29 @ 1
[    5.278672] initcall init_posix_timers+0x0/0x29 returned 0 after 134 usecs
[    5.286158] calling  clockevents_init_sysfs+0x0/0x8b @ 1
[    5.292029] initcall clockevents_init_sysfs+0x0/0x8b returned 0 after 103 usecs
[    5.300118] calling  proc_dma_init+0x0/0x21 @ 1
[    5.306261] initcall proc_dma_init+0x0/0x21 returned 0 after 262 usecs
[    5.313524] calling  proc_modules_init+0x0/0x1e @ 1
[    5.319178] initcall proc_modules_init+0x0/0x1e returned 0 after 2 usecs
[    5.326572] calling  kallsyms_init+0x0/0x21 @ 1
[    5.331529] initcall kallsyms_init+0x0/0x21 returned 0 after 2 usecs
[    5.339382] calling  pid_namespaces_init+0x0/0x2c @ 1
[    5.344958] initcall pid_namespaces_init+0x0/0x2c returned 0 after 29 usecs
[    5.352455] calling  audit_watch_init+0x0/0x37 @ 1
[    5.357767] initcall audit_watch_init+0x0/0x37 returned 0 after 1 usecs
[    5.364966] calling  audit_fsnotify_init+0x0/0x37 @ 1
[    5.370482] initcall audit_fsnotify_init+0x0/0x37 returned 0 after 0 usecs
[    5.378071] calling  audit_tree_init+0x0/0x6d @ 1
[    5.383404] initcall audit_tree_init+0x0/0x6d returned 0 after 53 usecs
[    5.390711] calling  seccomp_sysctl_init+0x0/0x2b @ 1
[    5.396506] initcall seccomp_sysctl_init+0x0/0x2b returned 0 after 115 usecs
[    5.404323] calling  utsname_sysctl_init+0x0/0x13 @ 1
[    5.410231] initcall utsname_sysctl_init+0x0/0x13 returned 0 after 118 usecs
[    5.418305] calling  init_tracepoints+0x0/0x27 @ 1
[    5.425292] initcall init_tracepoints+0x0/0x27 returned 0 after 41 usecs
[    5.434739] calling  init_blk_tracer+0x0/0x50 @ 1
[    5.441816] initcall init_blk_tracer+0x0/0x50 returned 0 after 438 usecs
[    5.451310] calling  perf_event_sysfs_init+0x0/0x81 @ 1
[    5.459106] initcall perf_event_sysfs_init+0x0/0x81 returned 0 after 465 usecs
[    5.468995] calling  system_trusted_keyring_init+0x0/0x5f @ 1
[    5.476821] Initialise system trusted keyrings
[    5.482637] initcall system_trusted_keyring_init+0x0/0x5f returned 0 after 5677 usecs
[    5.491144] calling  kswapd_init+0x0/0x13 @ 1
[    5.496016] rcu-torture: rcu_torture_read_exit: Start of test
[    5.502650] initcall kswapd_init+0x0/0x13 returned 0 after 6484 usecs
[    5.509754] calling  extfrag_debug_init+0x0/0x54 @ 1
[    5.515483] initcall extfrag_debug_init+0x0/0x54 returned 0 after 109 usecs
[    5.523428] calling  slab_proc_init+0x0/0x21 @ 1
[    5.528674] initcall slab_proc_init+0x0/0x21 returned 0 after 25 usecs
[    5.536085] calling  workingset_init+0x0/0x8c @ 1
[    5.541442] workingset: timestamp_bits=62 max_order=17 bucket_order=0
[    5.548771] initcall workingset_init+0x0/0x8c returned 0 after 7170 usecs
[    5.557908] calling  proc_vmalloc_init+0x0/0x27 @ 1
[    5.563474] initcall proc_vmalloc_init+0x0/0x27 returned 0 after 36 usecs
[    5.571229] calling  procswaps_init+0x0/0x1e @ 1
[    5.576539] initcall procswaps_init+0x0/0x1e returned 0 after 64 usecs
[    5.583877] calling  slab_sysfs_init+0x0/0xea @ 1
[    5.591462] initcall slab_sysfs_init+0x0/0xea returned 0 after 2226 usecs
[    5.599185] calling  fcntl_init+0x0/0x29 @ 1
[    5.604060] initcall fcntl_init+0x0/0x29 returned 0 after 7 usecs
[    5.611446] calling  proc_filesystems_init+0x0/0x21 @ 1
[    5.618867] initcall proc_filesystems_init+0x0/0x21 returned 0 after 4 usecs
[    5.628794] calling  start_dirtytime_writeback+0x0/0x29 @ 1
[    5.636684] initcall start_dirtytime_writeback+0x0/0x29 returned 0 after 1 usecs
[    5.645272] calling  blkdev_init+0x0/0x1b @ 1
[    5.650443] initcall blkdev_init+0x0/0x1b returned 0 after 172 usecs
[    5.657567] calling  dio_init+0x0/0x2c @ 1
[    5.662307] initcall dio_init+0x0/0x2c returned 0 after 41 usecs
[    5.669140] calling  dnotify_init+0x0/0x78 @ 1
[    5.674329] initcall dnotify_init+0x0/0x78 returned 0 after 8 usecs
[    5.681467] calling  aio_setup+0x0/0x78 @ 1
[    5.686527] initcall aio_setup+0x0/0x78 returned 0 after 266 usecs
[    5.693373] calling  io_uring_init+0x0/0x2c @ 1
[    5.698559] initcall io_uring_init+0x0/0x2c returned 0 after 5 usecs
[    5.705644] calling  mbcache_init+0x0/0x30 @ 1
[    5.710764] initcall mbcache_init+0x0/0x30 returned 0 after 39 usecs
[    5.717924] calling  init_grace+0x0/0xc @ 1
[    5.723274] initcall init_grace+0x0/0xc returned 0 after 108 usecs
[    5.730315] calling  init_v2_quota_format+0x0/0x21 @ 1
[    5.736215] initcall init_v2_quota_format+0x0/0x21 returned 0 after 13 usecs
[    5.744155] calling  init_devpts_fs+0x0/0x27 @ 1
[    5.749569] initcall init_devpts_fs+0x0/0x27 returned 0 after 146 usecs
[    5.757026] calling  ext4_init_fs+0x0/0x1cb @ 1
[    5.762479] initcall ext4_init_fs+0x0/0x1cb returned 0 after 265 usecs
[    5.769865] calling  journal_init+0x0/0x11c @ 1
[    5.775272] initcall journal_init+0x0/0x11c returned 0 after 67 usecs
[    5.782510] calling  init_fat_fs+0x0/0x49 @ 1
[    5.787589] initcall init_fat_fs+0x0/0x49 returned 0 after 95 usecs
[    5.794738] calling  init_vfat_fs+0x0/0xc @ 1
[    5.799721] initcall init_vfat_fs+0x0/0xc returned 0 after 2 usecs
[    5.806723] calling  init_msdos_fs+0x0/0xc @ 1
[    5.811868] initcall init_msdos_fs+0x0/0xc returned 0 after 2 usecs
[    5.818955] calling  init_iso9660_fs+0x0/0x6c @ 1
[    5.824795] rcu_torture_rea (62) used greatest stack depth: 15512 bytes left
[    5.832795] initcall init_iso9660_fs+0x0/0x6c returned 0 after 8214 usecs
[    5.840579] calling  init_nfs_fs+0x0/0x13a @ 1
[    5.846606] initcall init_nfs_fs+0x0/0x13a returned 0 after 799 usecs
[    5.854014] calling  init_nfs_v2+0x0/0x13 @ 1
[    5.859048] initcall init_nfs_v2+0x0/0x13 returned 0 after 11 usecs
[    5.866190] calling  init_nfs_v3+0x0/0x13 @ 1
[    5.871238] initcall init_nfs_v3+0x0/0x13 returned 0 after 0 usecs
[    5.878314] calling  init_nfs_v4+0x0/0x32 @ 1
[    5.883350] NFS: Registering the id_resolver key type
[    5.889105] Key type id_resolver registered
[    5.893976] Key type id_legacy registered
[    5.898734] initcall init_nfs_v4+0x0/0x32 returned 0 after 15063 usecs
[    5.906188] calling  init_nlm+0x0/0x5b @ 1
[    5.910991] initcall init_nlm+0x0/0x5b returned 0 after 71 usecs
[    5.917853] calling  init_nls_cp437+0x0/0xe @ 1
[    5.923192] initcall init_nls_cp437+0x0/0xe returned 0 after 111 usecs
[    5.930643] calling  init_nls_ascii+0x0/0xe @ 1
[    5.935885] initcall init_nls_ascii+0x0/0xe returned 0 after 0 usecs
[    5.943198] calling  init_nls_iso8859_1+0x0/0xe @ 1
[    5.948774] initcall init_nls_iso8859_1+0x0/0xe returned 0 after 0 usecs
[    5.956408] calling  init_nls_utf8+0x0/0x21 @ 1
[    5.961620] initcall init_nls_utf8+0x0/0x21 returned 0 after 1 usecs
[    5.968886] calling  init_autofs_fs+0x0/0x25 @ 1
[    5.974475] initcall init_autofs_fs+0x0/0x25 returned 0 after 207 usecs
[    5.982089] calling  ipc_init+0x0/0x24 @ 1
[    5.986995] initcall ipc_init+0x0/0x24 returned 0 after 50 usecs
[    5.993904] calling  ipc_sysctl_init+0x0/0x13 @ 1
[    5.999423] initcall ipc_sysctl_init+0x0/0x13 returned 0 after 56 usecs
[    6.007046] calling  init_mqueue_fs+0x0/0x92 @ 1
[    6.012621] initcall init_mqueue_fs+0x0/0x92 returned 0 after 195 usecs
[    6.020143] calling  key_proc_init+0x0/0x63 @ 1
[    6.025417] initcall key_proc_init+0x0/0x63 returned 0 after 15 usecs
[    6.032768] calling  selinux_nf_ip_init+0x0/0x2e @ 1
[    6.038597] initcall selinux_nf_ip_init+0x0/0x2e returned 0 after 67 usecs
[    6.046616] calling  init_sel_fs+0x0/0x116 @ 1
[    6.051800] initcall init_sel_fs+0x0/0x116 returned 0 after 0 usecs
[    6.058962] calling  selnl_init+0x0/0x7c @ 1
[    6.064186] initcall selnl_init+0x0/0x7c returned 0 after 264 usecs
[    6.071356] calling  sel_netif_init+0x0/0x36 @ 1
[    6.076652] initcall sel_netif_init+0x0/0x36 returned 0 after 0 usecs
[    6.084057] calling  sel_netnode_init+0x0/0x33 @ 1
[    6.089556] initcall sel_netnode_init+0x0/0x33 returned 0 after 0 usecs
[    6.097068] calling  sel_netport_init+0x0/0x33 @ 1
[    6.103608] initcall sel_netport_init+0x0/0x33 returned 0 after 0 usecs
[    6.111996] calling  aurule_init+0x0/0x2a @ 1
[    6.116950] initcall aurule_init+0x0/0x2a returned 0 after 2 usecs
[    6.125396] calling  crypto_algapi_init+0x0/0xc @ 1
[    6.131005] initcall crypto_algapi_init+0x0/0xc returned 0 after 6 usecs
[    6.139778] calling  jent_mod_init+0x0/0x2d @ 1
[    6.154590] initcall jent_mod_init+0x0/0x2d returned 0 after 9199 usecs
[    6.162067] calling  asymmetric_key_init+0x0/0xc @ 1
[    6.167691] Key type asymmetric registered
[    6.172337] initcall asymmetric_key_init+0x0/0xc returned 0 after 4538 usecs
[    6.180389] calling  x509_key_init+0x0/0xc @ 1
[    6.185467] Asymmetric key parser 'x509' registered
[    6.191087] initcall x509_key_init+0x0/0xc returned 0 after 5513 usecs
[    6.198388] calling  proc_genhd_init+0x0/0x41 @ 1
[    6.203741] initcall proc_genhd_init+0x0/0x41 returned 0 after 20 usecs
[    6.211226] calling  bsg_init+0x0/0x113 @ 1
[    6.215990] Block layer SCSI generic (bsg) driver version 0.4 loaded (major 251)
[    6.224257] initcall bsg_init+0x0/0x113 returned 0 after 8100 usecs
[    6.231279] calling  deadline_init+0x0/0xc @ 1
[    6.236396] io scheduler mq-deadline registered
[    6.241546] initcall deadline_init+0x0/0xc returned 0 after 5045 usecs
[    6.248851] calling  kyber_init+0x0/0xc @ 1
[    6.253628] io scheduler kyber registered
[    6.258195] initcall kyber_init+0x0/0xc returned 0 after 4473 usecs
[    6.265212] calling  mod_init+0x0/0x7 @ 1
[    6.269922] initcall mod_init+0x0/0x7 returned 0 after 0 usecs
[    6.276570] calling  sg_pool_init+0x0/0xb4 @ 1
[    6.281921] initcall sg_pool_init+0x0/0xb4 returned 0 after 170 usecs
[    6.289212] calling  pcie_portdrv_init+0x0/0x39 @ 1
[    6.294910] initcall pcie_portdrv_init+0x0/0x39 returned 0 after 102 usecs
[    6.302711] calling  pci_proc_init+0x0/0x68 @ 1
[    6.307867] initcall pci_proc_init+0x0/0x68 returned 0 after 27 usecs
[    6.315269] calling  pci_hotplug_init+0x0/0x7 @ 1
[    6.320702] initcall pci_hotplug_init+0x0/0x7 returned 0 after 0 usecs
[    6.328148] calling  efifb_driver_init+0x0/0xe @ 1
[    6.333722] initcall efifb_driver_init+0x0/0xe returned 0 after 40 usecs
[    6.341277] calling  ged_driver_init+0x0/0xe @ 1
[    6.346702] initcall ged_driver_init+0x0/0xe returned 0 after 77 usecs
[    6.354103] calling  acpi_ac_init+0x0/0x92 @ 1
[    6.359610] initcall acpi_ac_init+0x0/0x92 returned 0 after 395 usecs
[    6.366979] calling  acpi_button_driver_init+0x0/0x52 @ 1
[    6.373599] input: Power Button as /devices/LNXSYSTM:00/LNXPWRBN:00/input/input0
[    6.382244] ACPI: Power Button [PWRF]
[    6.387188] initcall acpi_button_driver_init+0x0/0x52 returned 0 after 13752 usecs
[    6.396346] calling  acpi_fan_driver_init+0x0/0xe @ 1
[    6.402264] initcall acpi_fan_driver_init+0x0/0xe returned 0 after 18 usecs
[    6.410104] calling  acpi_video_init+0x0/0xcb @ 1
[    6.415570] initcall acpi_video_init+0x0/0xcb returned 0 after 71 usecs
[    6.423039] calling  acpi_processor_driver_init+0x0/0xad @ 1
[    6.429947] initcall acpi_processor_driver_init+0x0/0xad returned 0 after 571 usecs
[    6.438462] calling  acpi_thermal_init+0x0/0x71 @ 1
[    6.444183] initcall acpi_thermal_init+0x0/0x71 returned 0 after 168 usecs
[    6.451864] calling  acpi_battery_init+0x0/0x32 @ 1
[    6.457433] initcall acpi_battery_init+0x0/0x32 returned 0 after 25 usecs
[    6.465112] calling  bgrt_init+0x0/0xb6 @ 1
[    6.470216] initcall bgrt_init+0x0/0xb6 returned -19 after 0 usecs
[    6.477257] calling  gpio_clk_driver_init+0x0/0xe @ 1
[    6.483370] initcall gpio_clk_driver_init+0x0/0xe returned 0 after 54 usecs
[    6.491353] calling  plt_clk_driver_init+0x0/0xe @ 1
[    6.497216] initcall plt_clk_driver_init+0x0/0xe returned 0 after 150 usecs
[    6.505186] calling  virtio_pci_driver_init+0x0/0x15 @ 1
[    6.511246] initcall virtio_pci_driver_init+0x0/0x15 returned 0 after 37 usecs
[    6.519345] calling  n_null_init+0x0/0x1e @ 1
[    6.524299] initcall n_null_init+0x0/0x1e returned 0 after 11 usecs
[    6.531379] calling  pty_init+0x0/0x1e8 @ 1
[    6.536710] initcall pty_init+0x0/0x1e8 returned 0 after 503 usecs
[    6.543709] calling  sysrq_init+0x0/0x62 @ 1
[    6.548604] initcall sysrq_init+0x0/0x62 returned 0 after 5 usecs
[    6.555527] calling  serial8250_init+0x0/0x17e @ 1
[    6.561016] Serial: 8250/16550 driver, 4 ports, IRQ sharing enabled
[    6.569315] 00:03: ttyS0 at I/O 0x3f8 (irq = 4, base_baud = 115200) is a 16550A
[    6.579065] initcall serial8250_init+0x0/0x17e returned 0 after 17661 usecs
[    6.593950] calling  serial_pci_driver_init+0x0/0x15 @ 1
[    6.604424] initcall serial_pci_driver_init+0x0/0x15 returned 0 after 2331 usecs
[    6.613367] calling  exar_pci_driver_init+0x0/0x15 @ 1
[    6.619869] initcall exar_pci_driver_init+0x0/0x15 returned 0 after 203 usecs
[    6.628417] calling  lpss8250_pci_driver_init+0x0/0x15 @ 1
[    6.635050] initcall lpss8250_pci_driver_init+0x0/0x15 returned 0 after 20 usecs
[    6.643747] calling  mid8250_pci_driver_init+0x0/0x15 @ 1
[    6.650268] initcall mid8250_pci_driver_init+0x0/0x15 returned 0 after 18 usecs
[    6.658999] calling  virtio_console_init+0x0/0xff @ 1
[    6.666332] initcall virtio_console_init+0x0/0xff returned 0 after 1100 usecs
[    6.674873] calling  hpet_init+0x0/0x64 @ 1
[    6.683466] initcall hpet_init+0x0/0x64 returned 0 after 3416 usecs
[    6.691016] calling  nvram_module_init+0x0/0x83 @ 1
[    6.697285] Non-volatile memory driver v1.3
[    6.702352] initcall nvram_module_init+0x0/0x83 returned 0 after 5182 usecs
[    6.710871] calling  hwrng_modinit+0x0/0x8a @ 1
[    6.717146] initcall hwrng_modinit+0x0/0x8a returned 0 after 79 usecs
[    6.724886] calling  mod_init+0x0/0x48 @ 1
[    6.731051] initcall mod_init+0x0/0x48 returned -19 after 0 usecs
[    6.740187] calling  agp_init+0x0/0x23 @ 1
[    6.746441] Linux agpgart interface v0.103
[    6.752742] initcall agp_init+0x0/0x23 returned 0 after 6151 usecs
[    6.760895] calling  agp_amd64_mod_init+0x0/0x5 @ 1
[    6.766951] initcall agp_amd64_mod_init+0x0/0x5 returned -19 after 113 usecs
[    6.775531] calling  agp_intel_init+0x0/0x28 @ 1
[    6.785688] initcall agp_intel_init+0x0/0x28 returned 0 after 4272 usecs
[    6.794083] calling  drm_kms_helper_init+0x0/0x7 @ 1
[    6.800237] initcall drm_kms_helper_init+0x0/0x7 returned 0 after 32 usecs
[    6.808726] calling  drm_core_init+0x0/0x9e @ 1
[    6.814755] initcall drm_core_init+0x0/0x9e returned 0 after 368 usecs
[    6.822745] calling  i915_init+0x0/0x6b @ 1
[    6.830483] initcall i915_init+0x0/0x6b returned 0 after 2240 usecs
[    6.838280] calling  cn_proc_init+0x0/0x35 @ 1
[    6.844620] initcall cn_proc_init+0x0/0x35 returned 0 after 27 usecs
[    6.853675] calling  topology_sysfs_init+0x0/0x27 @ 1
[    6.859914] initcall topology_sysfs_init+0x0/0x27 returned 0 after 82 usecs
[    6.868294] calling  cacheinfo_sysfs_init+0x0/0x27 @ 1
[    6.875017] initcall cacheinfo_sysfs_init+0x0/0x27 returned 0 after 358 usecs
[    6.883638] calling  loop_init+0x0/0x168 @ 1
[    6.903519] loop: module loaded
[    6.907542] initcall loop_init+0x0/0x168 returned 0 after 18225 usecs
[    6.915330] calling  mac_hid_init+0x0/0x21 @ 1
[    6.921659] initcall mac_hid_init+0x0/0x21 returned 0 after 96 usecs
[    6.931369] calling  spi_transport_init+0x0/0x74 @ 1
[    6.939404] initcall spi_transport_init+0x0/0x74 returned 0 after 312 usecs
[    6.949921] calling  init_sd+0x0/0x18c @ 1
[    6.956300] initcall init_sd+0x0/0x18c returned 0 after 141 usecs
[    6.965447] calling  init_sr+0x0/0x43 @ 1
[    6.971645] initcall init_sr+0x0/0x43 returned 0 after 44 usecs
[    6.980552] calling  init_sg+0x0/0x1c0 @ 1
[    6.985643] initcall init_sg+0x0/0x1c0 returned 0 after 76 usecs
[    6.992871] calling  ahci_pci_driver_init+0x0/0x15 @ 1
[    6.999321] ahci 0000:00:1f.2: version 3.0
[    7.005764] PCI Interrupt Link [GSIA] enabled at IRQ 16
[    7.019519] ahci 0000:00:1f.2: AHCI 0001.0000 32 slots 6 ports 1.5 Gbps 0x3f impl SATA mode
[    7.029764] ahci 0000:00:1f.2: flags: 64bit ncq only 
[    7.049430] scsi host0: ahci
[    7.054646] scsi host1: ahci
[    7.059972] scsi host2: ahci
[    7.065940] scsi host3: ahci
[    7.070991] scsi host4: ahci
[    7.076001] scsi host5: ahci
[    7.080897] ata1: SATA max UDMA/133 abar m4096@0xfebf1000 port 0xfebf1100 irq 24
[    7.092090] ata2: SATA max UDMA/133 abar m4096@0xfebf1000 port 0xfebf1180 irq 24
[    7.101324] ata3: SATA max UDMA/133 abar m4096@0xfebf1000 port 0xfebf1200 irq 24
[    7.113643] ata4: SATA max UDMA/133 abar m4096@0xfebf1000 port 0xfebf1280 irq 24
[    7.122872] ata5: SATA max UDMA/133 abar m4096@0xfebf1000 port 0xfebf1300 irq 24
[    7.131935] ata6: SATA max UDMA/133 abar m4096@0xfebf1000 port 0xfebf1380 irq 24
[    7.141229] initcall ahci_pci_driver_init+0x0/0x15 returned 0 after 138789 usecs
[    7.150415] calling  piix_init+0x0/0x26 @ 1
[    7.155844] initcall piix_init+0x0/0x26 returned 0 after 72 usecs
[    7.163554] calling  amd_pci_driver_init+0x0/0x15 @ 1
[    7.169834] initcall amd_pci_driver_init+0x0/0x15 returned 0 after 20 usecs
[    7.178208] calling  oldpiix_pci_driver_init+0x0/0x15 @ 1
[    7.184930] initcall oldpiix_pci_driver_init+0x0/0x15 returned 0 after 48 usecs
[    7.193951] calling  sch_pci_driver_init+0x0/0x15 @ 1
[    7.200305] initcall sch_pci_driver_init+0x0/0x15 returned 0 after 58 usecs
[    7.208994] calling  net_olddevs_init+0x0/0x55 @ 1
[    7.215066] initcall net_olddevs_init+0x0/0x55 returned 0 after 103 usecs
[    7.223291] calling  blackhole_netdev_init+0x0/0x78 @ 1
[    7.230226] initcall blackhole_netdev_init+0x0/0x78 returned 0 after 387 usecs
[    7.239136] calling  phy_module_init+0x0/0x13 @ 1
[    7.245331] initcall phy_module_init+0x0/0x13 returned 0 after 311 usecs
[    7.253606] calling  tg3_driver_init+0x0/0x15 @ 1
[    7.259470] initcall tg3_driver_init+0x0/0x15 returned 0 after 17 usecs
[    7.267723] calling  e100_init_module+0x0/0x4c @ 1
[    7.274080] e100: Intel(R) PRO/100 Network Driver
[    7.280043] e100: Copyright(c) 1999-2006 Intel Corporation
[    7.288463] initcall e100_init_module+0x0/0x4c returned 0 after 14078 usecs
[    7.297179] calling  e1000_init_module+0x0/0x72 @ 1
[    7.303718] e1000: Intel(R) PRO/1000 Network Driver
[    7.310240] e1000: Copyright (c) 1999-2006 Intel Corporation.
[    7.317431] initcall e1000_init_module+0x0/0x72 returned 0 after 13388 usecs
[    7.326263] calling  e1000_init_module+0x0/0x2d @ 1
[    7.332591] e1000e: Intel(R) PRO/1000 Network Driver
[    7.339000] e1000e: Copyright(c) 1999 - 2015 Intel Corporation.
[    7.346846] initcall e1000_init_module+0x0/0x2d returned 0 after 13917 usecs
[    7.355804] calling  sky2_init_module+0x0/0x21 @ 1
[    7.361942] sky2: driver version 1.30
[    7.366870] initcall sky2_init_module+0x0/0x21 returned 0 after 4810 usecs
[    7.375712] calling  forcedeth_pci_driver_init+0x0/0x15 @ 1
[    7.382777] initcall forcedeth_pci_driver_init+0x0/0x15 returned 0 after 36 usecs
[    7.392295] calling  rtl8139_init_module+0x0/0x15 @ 1
[    7.399100] initcall rtl8139_init_module+0x0/0x15 returned 0 after 19 usecs
[    7.408345] calling  rtl8169_pci_driver_init+0x0/0x15 @ 1
[    7.415893] initcall rtl8169_pci_driver_init+0x0/0x15 returned 0 after 21 usecs
[    7.426364] calling  cdrom_init+0x0/0xc @ 1
[    7.431863] initcall cdrom_init+0x0/0xc returned 0 after 83 usecs
[    7.439735] calling  nonstatic_sysfs_init+0x0/0xc @ 1
[    7.446519] initcall nonstatic_sysfs_init+0x0/0xc returned 0 after 1 usecs
[    7.456018] calling  yenta_cardbus_driver_init+0x0/0x15 @ 1
[    7.463794] initcall yenta_cardbus_driver_init+0x0/0x15 returned 0 after 60 usecs
[    7.473999] calling  mon_init+0x0/0x123 @ 1
[    7.485106] initcall mon_init+0x0/0x123 returned 0 after 5200 usecs
[    7.494219] calling  ehci_hcd_init+0x0/0x55 @ 1
[    7.500890] ehci_hcd: USB 2.0 'Enhanced' Host Controller (EHCI) Driver
[    7.510334] initcall ehci_hcd_init+0x0/0x55 returned 0 after 9253 usecs
[    7.519825] calling  ehci_pci_init+0x0/0x64 @ 1
[    7.526502] ehci-pci: EHCI PCI platform driver
[    7.533065] initcall ehci_pci_init+0x0/0x64 returned 0 after 6406 usecs
[    7.542676] calling  ohci_hcd_mod_init+0x0/0x4d @ 1
[    7.549347] ohci_hcd: USB 1.1 'Open' Host Controller (OHCI) Driver
[    7.558708] initcall ohci_hcd_mod_init+0x0/0x4d returned 0 after 9137 usecs
[    7.569846] calling  ohci_pci_init+0x0/0x64 @ 1
[    7.577276] ohci-pci: OHCI PCI platform driver
[    7.584814] initcall ohci_pci_init+0x0/0x64 returned 0 after 7389 usecs
[    7.604827] calling  uhci_hcd_init+0x0/0xa6 @ 1
[    7.612849] uhci_hcd: USB Universal Host Controller Interface driver
[    7.630000] initcall uhci_hcd_init+0x0/0xa6 returned 0 after 16985 usecs
[    7.640928] calling  xhci_hcd_init+0x0/0x1e @ 1
[    7.650311] initcall xhci_hcd_init+0x0/0x1e returned 0 after 1608 usecs
[    7.659974] calling  xhci_pci_init+0x0/0x49 @ 1
[    7.668000] initcall xhci_pci_init+0x0/0x49 returned 0 after 562 usecs
[    7.677111] calling  usblp_driver_init+0x0/0x15 @ 1
[    7.684375] usbcore: registered new interface driver usblp
[    7.692074] initcall usblp_driver_init+0x0/0x15 returned 0 after 7909 usecs
[    7.701727] calling  usb_storage_driver_init+0x0/0x2a @ 1
[    7.709359] usbcore: registered new interface driver usb-storage
[    7.718438] initcall usb_storage_driver_init+0x0/0x2a returned 0 after 9043 usecs
[    7.729185] calling  i8042_init+0x0/0x4c2 @ 1
[    7.736100] i8042: PNP: PS/2 Controller [PNP0303:KBD,PNP0f13:MOU] at 0x60,0x64 irq 1,12
[    7.763274] serio: i8042 KBD port at 0x60,0x64 irq 1
[    7.771569] serio: i8042 AUX port at 0x60,0x64 irq 12
[    7.779442] initcall i8042_init+0x0/0x4c2 returned 0 after 43253 usecs
[    7.788997] calling  serport_init+0x0/0x2c @ 1
[    7.795973] initcall serport_init+0x0/0x2c returned 0 after 54 usecs
[    7.805982] calling  input_leds_init+0x0/0xc @ 1
[    7.813270] initcall input_leds_init+0x0/0xc returned 0 after 246 usecs
[    7.823541] calling  evdev_init+0x0/0xc @ 1
[    7.837428] initcall evdev_init+0x0/0xc returned 0 after 6848 usecs
[    7.847541] calling  atkbd_init+0x0/0x21 @ 1
[    7.855151] initcall atkbd_init+0x0/0x21 returned 0 after 199 usecs
[    7.865619] calling  psmouse_init+0x0/0x7f @ 1
[    7.873492] initcall psmouse_init+0x0/0x7f returned 0 after 172 usecs
[    7.882638] calling  cmos_init+0x0/0x73 @ 1
[    7.889413] rtc_cmos 00:04: RTC can wake from S4
[    7.905888] input: AT Translated Set 2 keyboard as /devices/platform/i8042/serio0/input/input1
[    7.946248] ata1: SATA link down (SStatus 0 SControl 300)
[    7.958363] ata2: SATA link down (SStatus 0 SControl 300)
[    7.969332] ata3: SATA link up 1.5 Gbps (SStatus 113 SControl 300)
[    7.981318] ata3.00: ATAPI: QEMU DVD-ROM, 2.5+, max UDMA/100
[    7.990317] ata3.00: applying bridge limits
[    7.997730] ata3.00: configured for UDMA/100
[    8.007892] ata4: SATA link down (SStatus 0 SControl 300)
[    8.021081] scsi 2:0:0:0: CD-ROM            QEMU     QEMU DVD-ROM     2.5+ PQ: 0 ANSI: 5
[    8.038546] rtc_cmos 00:04: registered as rtc0
[    8.046385] rtc_cmos 00:04: alarms up to one day, y3k, 242 bytes nvram, hpet irqs
[    8.057656] initcall cmos_init+0x0/0x73 returned 0 after 165342 usecs
[    8.067269] calling  smbalert_driver_init+0x0/0xe @ 1
[    8.074998] initcall smbalert_driver_init+0x0/0xe returned 0 after 69 usecs
[    8.085289] calling  i2c_i801_init+0x0/0xc5 @ 1
[    8.104351] i801_smbus 0000:00:1f.3: SMBus using PCI interrupt
[    8.115145] i2c i2c-0: 1/1 memory slots populated (from DMI)
[    8.123329] i2c i2c-0: Memory type 0x07 not supported yet, not instantiating SPD
[    8.134704] initcall i2c_i801_init+0x0/0xc5 returned 0 after 41334 usecs
[    8.144855] calling  ptp_kvm_init+0x0/0xf0 @ 1
[    8.154992] ata6: SATA link down (SStatus 0 SControl 300)
[    8.165238] ata5: SATA link down (SStatus 0 SControl 300)
[    8.186155] sr 2:0:0:0: [sr0] scsi3-mmc drive: 4x/4x cd/rw xa/form2 tray
[    8.196309] cdrom: Uniform CD-ROM driver Revision: 3.20
[    8.207707] initcall ptp_kvm_init+0x0/0xf0 returned 0 after 54743 usecs
[    8.218105] calling  dm_init+0x0/0x3c @ 1
[    8.237074] sr 2:0:0:0: Attached scsi CD-ROM sr0
[    8.245353] device-mapper: ioctl: 4.43.0-ioctl (2020-10-01) initialised: dm-devel@redhat.com
[    8.257381] initcall dm_init+0x0/0x3c returned 0 after 31737 usecs
[    8.266544] calling  dm_mirror_init+0x0/0x29 @ 1
[    8.273067] initcall dm_mirror_init+0x0/0x29 returned 0 after 69 usecs
[    8.282852] calling  dm_dirty_log_init+0x0/0x4f @ 1
[    8.291403] initcall dm_dirty_log_init+0x0/0x4f returned 0 after 136 usecs
[    8.301939] calling  dm_zero_init+0x0/0x29 @ 1
[    8.308478] initcall dm_zero_init+0x0/0x29 returned 0 after 63 usecs
[    8.318174] calling  intel_pstate_init+0x0/0x4a2 @ 1
[    8.326091] intel_pstate: CPU model not supported
[    8.333281] initcall intel_pstate_init+0x0/0x4a2 returned -19 after 7300 usecs
[    8.343963] calling  haltpoll_init+0x0/0xc0 @ 1
[    8.350993] initcall haltpoll_init+0x0/0xc0 returned -19 after 85 usecs
[    8.361373] calling  efivars_sysfs_init+0x0/0x30 @ 1
[    8.369562] initcall efivars_sysfs_init+0x0/0x30 returned 0 after 109 usecs
[    8.380053] calling  esrt_sysfs_init+0x0/0x2a2 @ 1
[    8.388896] initcall esrt_sysfs_init+0x0/0x2a2 returned -38 after 38 usecs
[    8.398945] calling  hid_init+0x0/0x5c @ 1
[    8.405317] hid: raw HID events driver (C) Jiri Kosina
[    8.413446] initcall hid_init+0x0/0x5c returned 0 after 8335 usecs
[    8.423195] calling  hid_generic_init+0x0/0x15 @ 1
[    8.430832] initcall hid_generic_init+0x0/0x15 returned 0 after 102 usecs
[    8.441161] calling  a4_driver_init+0x0/0x15 @ 1
[    8.448111] initcall a4_driver_init+0x0/0x15 returned 0 after 21 usecs
[    8.458027] calling  apple_driver_init+0x0/0x15 @ 1
[    8.465652] initcall apple_driver_init+0x0/0x15 returned 0 after 84 usecs
[    8.476179] calling  belkin_driver_init+0x0/0x15 @ 1
[    8.483997] initcall belkin_driver_init+0x0/0x15 returned 0 after 20 usecs
[    8.494561] calling  ch_driver_init+0x0/0x15 @ 1
[    8.502835] initcall ch_driver_init+0x0/0x15 returned 0 after 23 usecs
[    8.512875] calling  ch_driver_init+0x0/0x15 @ 1
[    8.519977] initcall ch_driver_init+0x0/0x15 returned 0 after 25 usecs
[    8.529725] calling  cp_driver_init+0x0/0x15 @ 1
[    8.536968] initcall cp_driver_init+0x0/0x15 returned 0 after 19 usecs
[    8.554378] calling  ez_driver_init+0x0/0x15 @ 1
[    8.561844] initcall ez_driver_init+0x0/0x15 returned 0 after 24 usecs
[    8.572363] calling  gyration_driver_init+0x0/0x15 @ 1
[    8.581137] initcall gyration_driver_init+0x0/0x15 returned 0 after 54 usecs
[    8.591422] calling  ite_driver_init+0x0/0x15 @ 1
[    8.598105] initcall ite_driver_init+0x0/0x15 returned 0 after 26 usecs
[    8.618450] calling  ks_driver_init+0x0/0x15 @ 1
[    8.633098] initcall ks_driver_init+0x0/0x15 returned 0 after 5539 usecs
[    8.643564] calling  lg_driver_init+0x0/0x15 @ 1
[    8.651470] initcall lg_driver_init+0x0/0x15 returned 0 after 469 usecs
[    8.663181] calling  lg_g15_driver_init+0x0/0x15 @ 1
[    8.672282] initcall lg_g15_driver_init+0x0/0x15 returned 0 after 157 usecs
[    8.684578] calling  ms_driver_init+0x0/0x15 @ 1
[    8.692299] initcall ms_driver_init+0x0/0x15 returned 0 after 23 usecs
[    8.703097] calling  mr_driver_init+0x0/0x15 @ 1
[    8.710417] initcall mr_driver_init+0x0/0x15 returned 0 after 458 usecs
[    8.719859] calling  ntrig_driver_init+0x0/0x15 @ 1
[    8.727209] initcall ntrig_driver_init+0x0/0x15 returned 0 after 23 usecs
[    8.736732] calling  pl_driver_init+0x0/0x15 @ 1
[    8.743185] initcall pl_driver_init+0x0/0x15 returned 0 after 23 usecs
[    8.751946] calling  pl_driver_init+0x0/0x15 @ 1
[    8.758660] initcall pl_driver_init+0x0/0x15 returned 0 after 23 usecs
[    8.768479] calling  redragon_driver_init+0x0/0x15 @ 1
[    8.776757] initcall redragon_driver_init+0x0/0x15 returned 0 after 50 usecs
[    8.788305] calling  samsung_driver_init+0x0/0x15 @ 1
[    8.795390] initcall samsung_driver_init+0x0/0x15 returned 0 after 212 usecs
[    8.806751] calling  sony_init+0x0/0x38 @ 1
[    8.813766] initcall sony_init+0x0/0x38 returned 0 after 228 usecs
[    8.823740] calling  sp_driver_init+0x0/0x15 @ 1
[    8.831274] initcall sp_driver_init+0x0/0x15 returned 0 after 51 usecs
[    8.841925] calling  ts_driver_init+0x0/0x15 @ 1
[    8.849571] initcall ts_driver_init+0x0/0x15 returned 0 after 19 usecs
[    8.859805] calling  hid_init+0x0/0x58 @ 1
[    8.868687] usbcore: registered new interface driver usbhid
[    8.878101] usbhid: USB HID core driver
[    8.884310] initcall hid_init+0x0/0x58 returned 0 after 17782 usecs
[    8.894286] calling  eeepc_laptop_init+0x0/0x57 @ 1
[    8.907720] initcall eeepc_laptop_init+0x0/0x57 returned -19 after 5151 usecs
[    8.919736] calling  pmc_atom_init+0x0/0x27a @ 1
[    8.927753] initcall pmc_atom_init+0x0/0x27a returned -19 after 402 usecs
[    8.938569] calling  alsa_hwdep_init+0x0/0x5e @ 1
[    8.947666] initcall alsa_hwdep_init+0x0/0x5e returned 0 after 1495 usecs
[    8.958392] calling  alsa_timer_init+0x0/0x1f0 @ 1
[    9.005733] sr 2:0:0:0: Attached scsi generic sg0 type 5
[    9.018975] initcall alsa_timer_init+0x0/0x1f0 returned 0 after 51073 usecs
[    9.030119] calling  snd_hrtimer_init+0x0/0x117 @ 1
[    9.037975] initcall snd_hrtimer_init+0x0/0x117 returned 0 after 2 usecs
[    9.047749] calling  alsa_pcm_init+0x0/0x64 @ 1
[    9.055024] initcall alsa_pcm_init+0x0/0x64 returned 0 after 76 usecs
[    9.064733] calling  alsa_seq_init+0x0/0x4a @ 1
[    9.073587] initcall alsa_seq_init+0x0/0x4a returned 0 after 1831 usecs
[    9.085051] calling  alsa_seq_dummy_init+0x0/0x9c @ 1
[    9.094122] initcall alsa_seq_dummy_init+0x0/0x9c returned 0 after 181 usecs
[    9.106857] calling  azx_driver_init+0x0/0x15 @ 1
[    9.115611] initcall azx_driver_init+0x0/0x15 returned 0 after 1010 usecs
[    9.126592] calling  sock_diag_init+0x0/0x2a @ 1
[    9.135060] initcall sock_diag_init+0x0/0x2a returned 0 after 920 usecs
[    9.145911] calling  blackhole_init+0x0/0xc @ 1
[    9.152880] initcall blackhole_init+0x0/0xc returned 0 after 79 usecs
[    9.163983] calling  nfnetlink_init+0x0/0x57 @ 1
[    9.171715] initcall nfnetlink_init+0x0/0x57 returned 0 after 692 usecs
[    9.180767] calling  nfnetlink_log_init+0x0/0x99 @ 1
[    9.189481] initcall nfnetlink_log_init+0x0/0x99 returned 0 after 484 usecs
[    9.200910] calling  nf_conntrack_standalone_init+0x0/0x87 @ 1
[    9.217011] initcall nf_conntrack_standalone_init+0x0/0x87 returned 0 after 6194 usecs
[    9.230503] calling  ctnetlink_init+0x0/0x83 @ 1
[    9.238317] initcall ctnetlink_init+0x0/0x83 returned 0 after 2 usecs
[    9.248996] calling  nf_conntrack_ftp_init+0x0/0x12c @ 1
[    9.257680] initcall nf_conntrack_ftp_init+0x0/0x12c returned 0 after 7 usecs
[    9.267900] calling  nf_conntrack_irc_init+0x0/0x129 @ 1
[    9.276573] initcall nf_conntrack_irc_init+0x0/0x129 returned 0 after 164 usecs
[    9.289170] calling  nf_conntrack_sip_init+0x0/0x172 @ 1
[    9.298139] initcall nf_conntrack_sip_init+0x0/0x172 returned 0 after 8 usecs
[    9.308667] calling  nf_nat_init+0x0/0xbb @ 1
[    9.316622] initcall nf_nat_init+0x0/0xbb returned 0 after 930 usecs
[    9.326269] calling  nf_nat_ftp_init+0x0/0x2a @ 1
[    9.333492] initcall nf_nat_ftp_init+0x0/0x2a returned 0 after 0 usecs
[    9.342944] calling  nf_nat_irc_init+0x0/0x2a @ 1
[    9.350016] initcall nf_nat_irc_init+0x0/0x2a returned 0 after 0 usecs
[    9.358931] calling  nf_nat_sip_init+0x0/0x36 @ 1
[    9.365803] initcall nf_nat_sip_init+0x0/0x36 returned 0 after 1 usecs
[    9.375569] calling  xt_init+0x0/0xcf @ 1
[    9.382338] initcall xt_init+0x0/0xcf returned 0 after 154 usecs
[    9.391702] calling  tcpudp_mt_init+0x0/0x11 @ 1
[    9.398779] initcall tcpudp_mt_init+0x0/0x11 returned 0 after 103 usecs
[    9.408556] calling  connsecmark_tg_init+0x0/0xc @ 1
[    9.416437] initcall connsecmark_tg_init+0x0/0xc returned 0 after 1 usecs
[    9.427313] calling  nflog_tg_init+0x0/0xc @ 1
[    9.434556] initcall nflog_tg_init+0x0/0xc returned 0 after 1 usecs
[    9.445353] calling  secmark_tg_init+0x0/0x11 @ 1
[    9.452808] initcall secmark_tg_init+0x0/0x11 returned 0 after 61 usecs
[    9.464161] calling  tcpmss_tg_init+0x0/0x11 @ 1
[    9.472678] initcall tcpmss_tg_init+0x0/0x11 returned 0 after 1 usecs
[    9.484650] calling  conntrack_mt_init+0x0/0x11 @ 1
[    9.493651] initcall conntrack_mt_init+0x0/0x11 returned 0 after 1 usecs
[    9.504998] calling  policy_mt_init+0x0/0x11 @ 1
[    9.511559] initcall policy_mt_init+0x0/0x11 returned 0 after 1 usecs
[    9.521007] calling  state_mt_init+0x0/0xc @ 1
[    9.528103] initcall state_mt_init+0x0/0xc returned 0 after 1 usecs
[    9.538728] calling  gre_offload_init+0x0/0x48 @ 1
[    9.548561] initcall gre_offload_init+0x0/0x48 returned 0 after 176 usecs
[    9.560900] calling  sysctl_ipv4_init+0x0/0x46 @ 1
[    9.570305] initcall sysctl_ipv4_init+0x0/0x46 returned 0 after 545 usecs
[    9.582596] calling  tunnel4_init+0x0/0x58 @ 1
[    9.593072] initcall tunnel4_init+0x0/0x58 returned 0 after 281 usecs
[    9.602508] calling  nf_defrag_init+0x0/0xc @ 1
[    9.608976] initcall nf_defrag_init+0x0/0xc returned 0 after 126 usecs
[    9.619009] calling  ip_tables_init+0x0/0x8d @ 1
[    9.627648] initcall ip_tables_init+0x0/0x8d returned 0 after 216 usecs
[    9.638275] calling  iptable_filter_init+0x0/0x4c @ 1
[    9.650592] initcall iptable_filter_init+0x0/0x4c returned 0 after 4166 usecs
[    9.663626] calling  iptable_mangle_init+0x0/0xb8 @ 1
[    9.672621] initcall iptable_mangle_init+0x0/0xb8 returned 0 after 222 usecs
[    9.684270] calling  reject_tg_init+0x0/0xc @ 1
[    9.691721] initcall reject_tg_init+0x0/0xc returned 0 after 0 usecs
[    9.702081] calling  cubictcp_register+0x0/0x53 @ 1
[    9.709772] initcall cubictcp_register+0x0/0x53 returned 0 after 105 usecs
[    9.719277] calling  xfrm_user_init+0x0/0x45 @ 1
[    9.725878] Initializing XFRM netlink socket
[    9.732597] initcall xfrm_user_init+0x0/0x45 returned 0 after 6701 usecs
[    9.742824] calling  inet6_init+0x0/0x35e @ 1
[    9.756959] NET: Registered protocol family 10
[    9.788742] input: ImExPS/2 Generic Explorer Mouse as /devices/platform/i8042/serio1/input/input3
[   10.582063] Segment Routing with IPv6
[   10.588674] initcall inet6_init+0x0/0x35e returned 0 after 818072 usecs
[   10.599271] calling  ah6_init+0x0/0x71 @ 1
[   10.605950] initcall ah6_init+0x0/0x71 returned 0 after 38 usecs
[   10.625280] calling  esp6_init+0x0/0x71 @ 1
[   10.633695] initcall esp6_init+0x0/0x71 returned 0 after 941 usecs
[   10.643694] calling  ip6_tables_init+0x0/0x8d @ 1
[   10.652753] initcall ip6_tables_init+0x0/0x8d returned 0 after 1323 usecs
[   10.662296] calling  ip6table_filter_init+0x0/0x4c @ 1
[   10.682129] initcall ip6table_filter_init+0x0/0x4c returned 0 after 12921 usecs
[   10.692441] calling  ip6table_mangle_init+0x0/0xb8 @ 1
[   10.701228] initcall ip6table_mangle_init+0x0/0xb8 returned 0 after 1200 usecs
[   10.711201] calling  nf_defrag_init+0x0/0x45 @ 1
[   10.723469] initcall nf_defrag_init+0x0/0x45 returned 0 after 5639 usecs
[   10.732668] calling  ipv6header_mt6_init+0x0/0xc @ 1
[   10.739487] initcall ipv6header_mt6_init+0x0/0xc returned 0 after 1 usecs
[   10.748609] calling  reject_tg6_init+0x0/0xc @ 1
[   10.754938] initcall reject_tg6_init+0x0/0xc returned 0 after 1 usecs
[   10.763612] calling  sit_init+0x0/0xc3 @ 1
[   10.769133] sit: IPv6, IPv4 and MPLS over IPv4 tunneling driver
[   10.788577] initcall sit_init+0x0/0xc3 returned 0 after 18983 usecs
[   10.799211] calling  packet_init+0x0/0x75 @ 1
[   10.806831] NET: Registered protocol family 17
[   10.813628] initcall packet_init+0x0/0x75 returned 0 after 7006 usecs
[   10.822823] calling  init_rpcsec_gss+0x0/0x60 @ 1
[   10.833115] initcall init_rpcsec_gss+0x0/0x60 returned 0 after 2186 usecs
[   10.842966] calling  init_dns_resolver+0x0/0xca @ 1
[   10.851923] Key type dns_resolver registered
[   10.859017] initcall init_dns_resolver+0x0/0xca returned 0 after 8323 usecs
[   10.870066] calling  pm_check_save_msr+0x0/0x70 @ 1
[   10.878043] initcall pm_check_save_msr+0x0/0x70 returned 0 after 456 usecs
[   10.889178] calling  mcheck_init_device+0x0/0x112 @ 1
[   10.899430] initcall mcheck_init_device+0x0/0x112 returned 0 after 1679 usecs
[   10.910602] calling  mcheck_late_init+0x0/0x58 @ 1
[   10.918436] initcall mcheck_late_init+0x0/0x58 returned 0 after 770 usecs
[   10.927659] calling  severities_debugfs_init+0x0/0x29 @ 1
[   10.935096] initcall severities_debugfs_init+0x0/0x29 returned 0 after 64 usecs
[   10.946033] calling  microcode_init+0x0/0x1bd @ 1
[   10.953405] initcall microcode_init+0x0/0x1bd returned -22 after 118 usecs
[   10.963616] calling  hpet_insert_resource+0x0/0x22 @ 1
[   10.971907] initcall hpet_insert_resource+0x0/0x22 returned 0 after 112 usecs
[   10.982717] calling  start_sync_check_timer+0x0/0x4f @ 1
[   10.990764] initcall start_sync_check_timer+0x0/0x4f returned 0 after 78 usecs
