c[?7l[2J[0mSeaBIOS (version 1.16.0-debian-1.16.0-4)
Booting from ROM...
early console in setup code
c[?7l[2J[    0.000000] Linux version 5.10.158+ (root@joelboxx.c.googlers.com) (gcc (Debian 12.2.0-3) 12.2.0, GNU ld (GNU Binutils for Debian) 2.39) #5 SMP PREEMPT Tue Dec 13 22:42:05 UTC 2022
[    0.000000] Command line: selinux=0 initcall_debug debug console=ttyS0 rcutorture.onoff_interval=1000 rcutorture.onoff_holdoff=30 rcutorture.n_barrier_cbs=4 rcutorture.stat_interval=15 rcutorture.shutdown_secs=3600 rcutorture.test_no_idle_hz=1 rcutorture.verbose=1
[    0.000000] x86/fpu: x87 FPU will use FXSAVE
[    0.000000] BIOS-provided physical RAM map:
[    0.000000] BIOS-e820: [mem 0x0000000000000000-0x000000000009fbff] usable
[    0.000000] BIOS-e820: [mem 0x000000000009fc00-0x000000000009ffff] reserved
[    0.000000] BIOS-e820: [mem 0x00000000000f0000-0x00000000000fffff] reserved
[    0.000000] BIOS-e820: [mem 0x0000000000100000-0x000000001ffdefff] usable
[    0.000000] BIOS-e820: [mem 0x000000001ffdf000-0x000000001fffffff] reserved
[    0.000000] BIOS-e820: [mem 0x00000000b0000000-0x00000000bfffffff] reserved
[    0.000000] BIOS-e820: [mem 0x00000000fed1c000-0x00000000fed1ffff] reserved
[    0.000000] BIOS-e820: [mem 0x00000000feffc000-0x00000000feffffff] reserved
[    0.000000] BIOS-e820: [mem 0x00000000fffc0000-0x00000000ffffffff] reserved
[    0.000000] NX (Execute Disable) protection: active
[    0.000000] SMBIOS 2.8 present.
[    0.000000] DMI: QEMU Standard PC (Q35 + ICH9, 2009), BIOS 1.16.0-debian-1.16.0-4 04/01/2014
[    0.000000] Hypervisor detected: KVM
[    0.000000] kvm-clock: Using msrs 4b564d01 and 4b564d00
[    0.000000] kvm-clock: cpu 0, msr 1b91f001, primary cpu clock
[    0.000073] kvm-clock: using sched offset of 3394563203 cycles
[    0.000421] clocksource: kvm-clock: mask: 0xffffffffffffffff max_cycles: 0x1cd42e4dffb, max_idle_ns: 881590591483 ns
[    0.000778] tsc: Detected 1999.999 MHz processor
[    0.010062] e820: update [mem 0x00000000-0x00000fff] usable ==> reserved
[    0.010071] e820: remove [mem 0x000a0000-0x000fffff] usable
[    0.010080] last_pfn = 0x1ffdf max_arch_pfn = 0x400000000
[    0.011130] MTRR default type: write-back
[    0.011211] MTRR fixed ranges enabled:
[    0.011214]   00000-9FFFF write-back
[    0.011216]   A0000-BFFFF uncachable
[    0.011218]   C0000-FFFFF write-protect
[    0.011220] MTRR variable ranges enabled:
[    0.011223]   0 base 00C0000000 mask FFC0000000 uncachable
[    0.011225]   1 disabled
[    0.011226]   2 disabled
[    0.011228]   3 disabled
[    0.011229]   4 disabled
[    0.011231]   5 disabled
[    0.011233]   6 disabled
[    0.011234]   7 disabled
[    0.011745] x86/PAT: Configuration [0-7]: WB  WC  UC- UC  WB  WC  UC- UC  
[    0.021307] found SMP MP-table at [mem 0x000f5ba0-0x000f5baf]
[    0.025159] check: Scanning 1 areas for low memory corruption
[    0.044359] ACPI: Early table checksum verification disabled
[    0.046891] ACPI: RSDP 0x00000000000F59E0 000014 (v00 BOCHS )
[    0.047497] ACPI: RSDT 0x000000001FFE252A 000038 (v01 BOCHS  BXPC     00000001 BXPC 00000001)
[    0.047904] ACPI: FACP 0x000000001FFE22EA 0000F4 (v03 BOCHS  BXPC     00000001 BXPC 00000001)
[    0.048186] ACPI: DSDT 0x000000001FFE0040 0022AA (v01 BOCHS  BXPC     00000001 BXPC 00000001)
[    0.048277] ACPI: FACS 0x000000001FFE0000 000040
[    0.048287] ACPI: APIC 0x000000001FFE23DE 0000B0 (v01 BOCHS  BXPC     00000001 BXPC 00000001)
[    0.048296] ACPI: HPET 0x000000001FFE248E 000038 (v01 BOCHS  BXPC     00000001 BXPC 00000001)
[    0.048306] ACPI: MCFG 0x000000001FFE24C6 00003C (v01 BOCHS  BXPC     00000001 BXPC 00000001)
[    0.048316] ACPI: WAET 0x000000001FFE2502 000028 (v01 BOCHS  BXPC     00000001 BXPC 00000001)
[    0.048392] ACPI: Reserving FACP table memory at [mem 0x1ffe22ea-0x1ffe23dd]
[    0.048397] ACPI: Reserving DSDT table memory at [mem 0x1ffe0040-0x1ffe22e9]
[    0.048400] ACPI: Reserving FACS table memory at [mem 0x1ffe0000-0x1ffe003f]
[    0.048402] ACPI: Reserving APIC table memory at [mem 0x1ffe23de-0x1ffe248d]
[    0.048406] ACPI: Reserving HPET table memory at [mem 0x1ffe248e-0x1ffe24c5]
[    0.048409] ACPI: Reserving MCFG table memory at [mem 0x1ffe24c6-0x1ffe2501]
[    0.048412] ACPI: Reserving WAET table memory at [mem 0x1ffe2502-0x1ffe2529]
[    0.049889] ACPI: Local APIC address 0xfee00000
[    0.055610] No NUMA configuration found
[    0.055616] Faking a node at [mem 0x0000000000000000-0x000000001ffdefff]
[    0.055928] NODE_DATA(0) allocated [mem 0x1ffdb000-0x1ffdefff]
[    0.059193] Zone ranges:
[    0.059421]   DMA      [mem 0x0000000000001000-0x0000000000ffffff]
[    0.059524]   DMA32    [mem 0x0000000001000000-0x000000001ffdefff]
[    0.059529]   Normal   empty
[    0.059533] Movable zone start for each node
[    0.059536] Early memory node ranges
[    0.059539]   node   0: [mem 0x0000000000001000-0x000000000009efff]
[    0.059643]   node   0: [mem 0x0000000000100000-0x000000001ffdefff]
[    0.059793] Initmem setup node 0 [mem 0x0000000000001000-0x000000001ffdefff]
[    0.059868] On node 0 totalpages: 130941
[    0.060060]   DMA zone: 64 pages used for memmap
[    0.060064]   DMA zone: 21 pages reserved
[    0.060067]   DMA zone: 3998 pages, LIFO batch:0
[    0.060070]   DMA32 zone: 1984 pages used for memmap
[    0.060074]   DMA32 zone: 126943 pages, LIFO batch:31
[    0.105458] On node 0, zone DMA: 1 pages in unavailable ranges
[    0.111831] On node 0, zone DMA: 97 pages in unavailable ranges
[    0.403880] On node 0, zone DMA32: 33 pages in unavailable ranges
[    0.407277] ACPI: PM-Timer IO Port: 0x608
[    0.407284] ACPI: Local APIC address 0xfee00000
[    0.407717] ACPI: LAPIC_NMI (acpi_id[0xff] dfl dfl lint[0x1])
[    0.409018] IOAPIC[0]: apic_id 0, version 17, address 0xfec00000, GSI 0-23
[    0.409055] ACPI: INT_SRC_OVR (bus 0 bus_irq 0 global_irq 2 dfl dfl)
[    0.409106] ACPI: INT_SRC_OVR (bus 0 bus_irq 5 global_irq 5 high level)
[    0.409109] ACPI: INT_SRC_OVR (bus 0 bus_irq 9 global_irq 9 high level)
[    0.409254] ACPI: INT_SRC_OVR (bus 0 bus_irq 10 global_irq 10 high level)
[    0.409257] ACPI: INT_SRC_OVR (bus 0 bus_irq 11 global_irq 11 high level)
[    0.409260] ACPI: IRQ0 used by override.
[    0.409262] ACPI: IRQ5 used by override.
[    0.409264] ACPI: IRQ9 used by override.
[    0.409266] ACPI: IRQ10 used by override.
[    0.409301] ACPI: IRQ11 used by override.
[    0.409306] Using ACPI (MADT) for SMP configuration information
[    0.409389] ACPI: HPET id: 0x8086a201 base: 0xfed00000
[    0.409818] smpboot: Allowing 8 CPUs, 0 hotplug CPUs
[    0.412275] PM: hibernation: Registered nosave memory: [mem 0x00000000-0x00000fff]
[    0.412367] PM: hibernation: Registered nosave memory: [mem 0x0009f000-0x0009ffff]
[    0.412369] PM: hibernation: Registered nosave memory: [mem 0x000a0000-0x000effff]
[    0.412371] PM: hibernation: Registered nosave memory: [mem 0x000f0000-0x000fffff]
[    0.412376] [mem 0x20000000-0xafffffff] available for PCI devices
[    0.412439] Booting paravirtualized kernel on KVM
[    0.413063] clocksource: refined-jiffies: mask: 0xffffffff max_cycles: 0xffffffff, max_idle_ns: 1910969940391419 ns
[    0.439777] setup_percpu: NR_CPUS:8 nr_cpumask_bits:8 nr_cpu_ids:8 nr_node_ids:1
[    0.504340] percpu: Embedded 58 pages/cpu s197776 r8192 d31600 u262144
[    0.504447] pcpu-alloc: s197776 r8192 d31600 u262144 alloc=1*2097152
[    0.504480] pcpu-alloc: [0] 0 1 2 3 4 5 6 7 
[    0.504886] kvm-guest: stealtime: cpu 0, msr 1f41bac0
[    0.505464] Built 1 zonelists, mobility grouping on.  Total pages: 128872
[    0.505468] Policy zone: DMA32
[    0.505585] Kernel command line: selinux=0 initcall_debug debug console=ttyS0 rcutorture.onoff_interval=1000 rcutorture.onoff_holdoff=30 rcutorture.n_barrier_cbs=4 rcutorture.stat_interval=15 rcutorture.shutdown_secs=3600 rcutorture.test_no_idle_hz=1 rcutorture.verbose=1
[    0.518760] Dentry cache hash table entries: 65536 (order: 7, 524288 bytes, linear)
[    0.521170] Inode-cache hash table entries: 32768 (order: 6, 262144 bytes, linear)
[    0.522013] mem auto-init: stack:all(zero), heap alloc:off, heap free:off
[    0.722372] Memory: 471528K/523764K available (16397K kernel code, 2793K rwdata, 4768K rodata, 1540K init, 7164K bss, 51976K reserved, 0K cma-reserved)
[    0.723899] SLUB: HWalign=64, Order=0-3, MinObjects=0, CPUs=8, Nodes=1
[    0.741557] Kernel/User page tables isolation: enabled
[    0.788397] rcu: Preemptible hierarchical RCU implementation.
[    0.788403] rcu: 	CONFIG_RCU_FANOUT set to non-default value of 3.
[    0.788406] rcu: 	Build-time adjustment of leaf fanout to 3.
[    0.788538] rcu: 	RCU callback double-/use-after-free debug enabled.
[    0.788752] 	Trampoline variant of Tasks RCU enabled.
[    0.788754] 	Rude variant of Tasks RCU enabled.
[    0.788756] 	Tracing variant of Tasks RCU enabled.
[    0.789275] rcu: RCU calculated value of scheduler-enlistment delay is 100 jiffies.
[    0.830324] NR_IRQS: 4352, nr_irqs: 488, preallocated irqs: 16
[    0.840935] calling  con_init+0x0/0x24f @ 0
[    1.028177] Console: colour VGA+ 80x25
[    1.028189] initcall con_init+0x0/0x24f returned 0 after 0 usecs
[    1.028193] calling  hvc_console_init+0x0/0x13 @ 0
[    1.028245] initcall hvc_console_init+0x0/0x13 returned 0 after 0 usecs
[    1.028248] calling  univ8250_console_init+0x0/0x26 @ 0
[    1.975124] printk: console [ttyS0] enabled
[    1.980425] initcall univ8250_console_init+0x0/0x26 returned 0 after 0 usecs
[    1.988011] Lock dependency validator: Copyright (c) 2006 Red Hat, Inc., Ingo Molnar
[    1.996308] ... MAX_LOCKDEP_SUBCLASSES:  8
[    2.000645] ... MAX_LOCK_DEPTH:          48
[    2.005047] ... MAX_LOCKDEP_KEYS:        8192
[    2.009701] ... CLASSHASH_SIZE:          4096
[    2.014259] ... MAX_LOCKDEP_ENTRIES:     32768
[    2.018943] ... MAX_LOCKDEP_CHAINS:      65536
[    2.023578] ... CHAINHASH_SIZE:          32768
[    2.028228]  memory used by lock dependency info: 3637 kB
[    2.033871]  per task-struct memory footprint: 1920 bytes
[    2.042886] ACPI: Core revision 20200925
[    2.051577] clocksource: hpet: mask: 0xffffffff max_cycles: 0xffffffff, max_idle_ns: 19112604467 ns
[    2.063940] APIC: Switch to symmetric I/O mode setup
[    2.092848] ..TIMER: vector=0x30 apic1=0 pin1=2 apic2=-1 pin2=-1
[    2.101144] clocksource: tsc-early: mask: 0xffffffffffffffff max_cycles: 0x39a85afc727, max_idle_ns: 881590685098 ns
[    2.113746] Calibrating delay loop (skipped) preset value.. 3999.99 BogoMIPS (lpj=1999999)
[    2.114490] pid_max: default: 32768 minimum: 301
[    2.116895] LSM: Security Framework initializing
[    2.117978] Mount-cache hash table entries: 1024 (order: 1, 8192 bytes, linear)
[    2.118509] Mountpoint-cache hash table entries: 1024 (order: 1, 8192 bytes, linear)
[    2.128924] Last level iTLB entries: 4KB 0, 2MB 0, 4MB 0
[    2.129469] Last level dTLB entries: 4KB 0, 2MB 0, 4MB 0, 1GB 0
[    2.130542] Spectre V1 : Mitigation: usercopy/swapgs barriers and __user pointer sanitization
[    2.131481] Spectre V2 : Mitigation: Retpolines
[    2.132467] Spectre V2 : Spectre v2 / SpectreRSB mitigation: Filling RSB on context switch
[    2.133468] Spectre V2 : Spectre v2 / SpectreRSB : Filling RSB on VMEXIT
[    2.134469] Speculative Store Bypass: Vulnerable
[    2.135504] MDS: Vulnerable: Clear CPU buffers attempted, no microcode
[    2.136467] MMIO Stale Data: Unknown: No mitigations
[    2.205199] Freeing SMP alternatives memory: 40K
[    2.308462] smpboot: CPU0: Intel Common KVM processor (family: 0xf, model: 0x6, stepping: 0x1)
[    2.312557] calling  init_hw_perf_events+0x0/0x6ce @ 1
[    2.313469] Performance Events: unsupported Netburst CPU model 6 no PMU driver, software events only.
[    2.314474] initcall init_hw_perf_events+0x0/0x6ce returned 0 after 976 usecs
[    2.315520] calling  init_real_mode+0x0/0x1e9 @ 1
[    2.316887] initcall init_real_mode+0x0/0x1e9 returned 0 after 0 usecs
[    2.317475] calling  trace_init_perf_perm_irq_work_exit+0x0/0x12 @ 1
[    2.318500] initcall trace_init_perf_perm_irq_work_exit+0x0/0x12 returned 0 after 0 usecs
[    2.319533] calling  validate_x2apic+0x0/0x4a @ 1
[    2.320495] initcall validate_x2apic+0x0/0x4a returned 0 after 0 usecs
[    2.321472] calling  register_nmi_cpu_backtrace_handler+0x0/0x15 @ 1
[    2.322507] initcall register_nmi_cpu_backtrace_handler+0x0/0x15 returned 0 after 0 usecs
[    2.323472] calling  kvm_setup_vsyscall_timeinfo+0x0/0xce @ 1
[    2.324472] initcall kvm_setup_vsyscall_timeinfo+0x0/0xce returned 0 after 0 usecs
[    2.325471] calling  spawn_ksoftirqd+0x0/0x38 @ 1
[    2.326649] initcall spawn_ksoftirqd+0x0/0x38 returned 0 after 0 usecs
[    2.327471] calling  migration_init+0x0/0x31 @ 1
[    2.328470] initcall migration_init+0x0/0x31 returned 0 after 0 usecs
[    2.329470] calling  srcu_bootup_announce+0x0/0x2f @ 1
[    2.330476] rcu: Hierarchical SRCU implementation.
[    2.331471] initcall srcu_bootup_announce+0x0/0x2f returned 0 after 976 usecs
[    2.332470] calling  rcu_spawn_gp_kthread+0x0/0x1b0 @ 1
[    2.333603] initcall rcu_spawn_gp_kthread+0x0/0x1b0 returned 0 after 0 usecs
[    2.334473] calling  check_cpu_stall_init+0x0/0x1a @ 1
[    2.335471] initcall check_cpu_stall_init+0x0/0x1a returned 0 after 0 usecs
[    2.336475] calling  rcu_sysrq_init+0x0/0x21 @ 1
[    2.337513] initcall rcu_sysrq_init+0x0/0x21 returned 0 after 0 usecs
[    2.338511] calling  trace_init_flags_sys_enter+0x0/0xe @ 1
[    2.339492] initcall trace_init_flags_sys_enter+0x0/0xe returned 0 after 0 usecs
[    2.340470] calling  trace_init_flags_sys_exit+0x0/0xe @ 1
[    2.341498] initcall trace_init_flags_sys_exit+0x0/0xe returned 0 after 0 usecs
[    2.343484] calling  cpu_stop_init+0x0/0x8d @ 1
[    2.344718] initcall cpu_stop_init+0x0/0x8d returned 0 after 0 usecs
[    2.345470] calling  init_kprobes+0x0/0x16e @ 1
[    2.348019] initcall init_kprobes+0x0/0x16e returned 0 after 976 usecs
[    2.348471] calling  init_events+0x0/0x3d @ 1
[    2.350512] initcall init_events+0x0/0x3d returned 0 after 976 usecs
[    2.351473] calling  init_trace_printk+0x0/0xc @ 1
[    2.352472] initcall init_trace_printk+0x0/0xc returned 0 after 0 usecs
[    2.353471] calling  event_trace_enable_again+0x0/0x23 @ 1
[    2.354472] initcall event_trace_enable_again+0x0/0x23 returned 0 after 0 usecs
[    2.355471] calling  static_call_init+0x0/0x79 @ 1
[    2.356471] initcall static_call_init+0x0/0x79 returned 0 after 0 usecs
[    2.357470] calling  jump_label_init_module+0x0/0xc @ 1
[    2.358471] initcall jump_label_init_module+0x0/0xc returned 0 after 0 usecs
[    2.359470] calling  init_zero_pfn+0x0/0x37 @ 1
[    2.360472] initcall init_zero_pfn+0x0/0x37 returned 0 after 0 usecs
[    2.361476] calling  initialize_ptr_random+0x0/0x54 @ 1
[    2.362503] initcall initialize_ptr_random+0x0/0x54 returned 0 after 0 usecs
[    2.363497] calling  efi_memreserve_root_init+0x0/0x25 @ 1
[    2.364529] initcall efi_memreserve_root_init+0x0/0x25 returned 0 after 0 usecs
[    2.365479] calling  efi_earlycon_remap_fb+0x0/0x51 @ 1
[    2.366494] initcall efi_earlycon_remap_fb+0x0/0x51 returned 0 after 0 usecs
[    2.369595] smp: Bringing up secondary CPUs ...
[    2.374834] x86: Booting SMP configuration:
[    2.375523] .... node  #0, CPUs:      #1
[    1.272195] kvm-clock: cpu 1, msr 1b91f041, secondary cpu clock
[    2.409163] kvm-guest: stealtime: cpu 1, msr 1f45bac0
[    2.423536]  #2
[    1.272195] kvm-clock: cpu 2, msr 1b91f081, secondary cpu clock
[    2.448665] kvm-guest: stealtime: cpu 2, msr 1f49bac0
[    2.465863]  #3
[    1.272195] kvm-clock: cpu 3, msr 1b91f0c1, secondary cpu clock
[    2.490464] kvm-guest: stealtime: cpu 3, msr 1f4dbac0
[    2.504170]  #4
[    1.272195] kvm-clock: cpu 4, msr 1b91f101, secondary cpu clock
[    2.528748] kvm-guest: stealtime: cpu 4, msr 1f51bac0
[    2.544056]  #5
[    1.272195] kvm-clock: cpu 5, msr 1b91f141, secondary cpu clock
[    2.567464] kvm-guest: stealtime: cpu 5, msr 1f55bac0
[    2.581771]  #6
[    1.272195] kvm-clock: cpu 6, msr 1b91f181, secondary cpu clock
[    2.606710] kvm-guest: stealtime: cpu 6, msr 1f59bac0
[    2.624199]  #7
[    1.272195] kvm-clock: cpu 7, msr 1b91f1c1, secondary cpu clock
[    2.651718] kvm-guest: stealtime: cpu 7, msr 1f5dbac0
[    2.668712] smp: Brought up 1 node, 8 CPUs
[    2.669469] smpboot: Max logical packages: 1
[    2.670469] smpboot: Total of 8 processors activated (31999.98 BogoMIPS)
[    2.725472] devtmpfs: initialized
[    2.735199] calling  ipc_ns_init+0x0/0x3d @ 1
[    2.736476] initcall ipc_ns_init+0x0/0x3d returned 0 after 976 usecs
[    2.737470] calling  init_mmap_min_addr+0x0/0x21 @ 1
[    2.738469] initcall init_mmap_min_addr+0x0/0x21 returned 0 after 0 usecs
[    2.739469] calling  pci_realloc_setup_params+0x0/0x3f @ 1
[    2.740472] initcall pci_realloc_setup_params+0x0/0x3f returned 0 after 0 usecs
[    2.741472] calling  net_ns_init+0x0/0x140 @ 1
[    2.744665] initcall net_ns_init+0x0/0x140 returned 0 after 1953 usecs
[    2.745489] calling  e820__register_nvs_regions+0x0/0x37 @ 1
[    2.746471] initcall e820__register_nvs_regions+0x0/0x37 returned 0 after 0 usecs
[    2.747478] calling  cpufreq_register_tsc_scaling+0x0/0x2e @ 1
[    2.748476] initcall cpufreq_register_tsc_scaling+0x0/0x2e returned 0 after 0 usecs
[    2.749472] calling  reboot_init+0x0/0x3c @ 1
[    2.751563] initcall reboot_init+0x0/0x3c returned 0 after 976 usecs
[    2.752472] calling  init_lapic_sysfs+0x0/0x20 @ 1
[    2.753473] initcall init_lapic_sysfs+0x0/0x20 returned 0 after 0 usecs
[    2.754471] calling  alloc_frozen_cpus+0x0/0x7 @ 1
[    2.755471] initcall alloc_frozen_cpus+0x0/0x7 returned 0 after 0 usecs
[    2.756470] calling  cpu_hotplug_pm_sync_init+0x0/0x13 @ 1
[    2.757481] initcall cpu_hotplug_pm_sync_init+0x0/0x13 returned 0 after 0 usecs
[    2.758472] calling  wq_sysfs_init+0x0/0x2a @ 1
[    2.759579] initcall wq_sysfs_init+0x0/0x2a returned 0 after 0 usecs
[    2.760470] calling  ksysfs_init+0x0/0x92 @ 1
[    2.761533] initcall ksysfs_init+0x0/0x92 returned 0 after 0 usecs
[    2.762470] calling  schedutil_gov_init+0x0/0xc @ 1
[    2.763514] initcall schedutil_gov_init+0x0/0xc returned 0 after 0 usecs
[    2.765469] calling  pm_init+0x0/0x76 @ 1
[    2.768653] initcall pm_init+0x0/0x76 returned 0 after 1953 usecs
[    2.769471] calling  pm_disk_init+0x0/0x13 @ 1
[    2.770493] initcall pm_disk_init+0x0/0x13 returned 0 after 0 usecs
[    2.771472] calling  swsusp_header_init+0x0/0x2b @ 1
[    2.772473] initcall swsusp_header_init+0x0/0x2b returned 0 after 0 usecs
[    2.773470] calling  rcu_set_runtime_mode+0x0/0x16 @ 1
[    2.774483] initcall rcu_set_runtime_mode+0x0/0x16 returned 0 after 0 usecs
[    2.775471] calling  init_jiffies_clocksource+0x0/0x13 @ 1
[    2.776470] clocksource: jiffies: mask: 0xffffffff max_cycles: 0xffffffff, max_idle_ns: 1911260446275000 ns
[    2.777475] initcall init_jiffies_clocksource+0x0/0x13 returned 0 after 976 usecs
[    2.778470] calling  futex_init+0x0/0x118 @ 1
[    2.779476] futex hash table entries: 2048 (order: 6, 262144 bytes, linear)
[    2.780629] initcall futex_init+0x0/0x118 returned 0 after 976 usecs
[    2.781477] calling  cgroup_wq_init+0x0/0x28 @ 1
[    2.782510] initcall cgroup_wq_init+0x0/0x28 returned 0 after 0 usecs
[    2.783473] calling  cgroup1_wq_init+0x0/0x28 @ 1
[    2.784490] initcall cgroup1_wq_init+0x0/0x28 returned 0 after 0 usecs
[    2.785472] calling  init_kprobe_trace_early+0x0/0x2a @ 1
[    2.786541] initcall init_kprobe_trace_early+0x0/0x2a returned 0 after 0 usecs
[    2.787476] calling  fsnotify_init+0x0/0x56 @ 1
[    2.788493] initcall fsnotify_init+0x0/0x56 returned 0 after 0 usecs
[    2.789506] calling  filelock_init+0x0/0xb3 @ 1
[    2.791520] initcall filelock_init+0x0/0xb3 returned 0 after 0 usecs
[    2.792472] calling  init_misc_binfmt+0x0/0x2c @ 1
[    2.793499] initcall init_misc_binfmt+0x0/0x2c returned 0 after 0 usecs
[    2.794471] calling  init_script_binfmt+0x0/0x15 @ 1
[    2.795472] initcall init_script_binfmt+0x0/0x15 returned 0 after 0 usecs
[    2.796473] calling  init_elf_binfmt+0x0/0x15 @ 1
[    2.797471] initcall init_elf_binfmt+0x0/0x15 returned 0 after 0 usecs
[    2.798472] calling  init_compat_elf_binfmt+0x0/0x15 @ 1
[    2.799472] initcall init_compat_elf_binfmt+0x0/0x15 returned 0 after 0 usecs
[    2.800471] calling  debugfs_init+0x0/0x5c @ 1
[    2.801479] initcall debugfs_init+0x0/0x5c returned 0 after 0 usecs
[    2.802470] calling  tracefs_init+0x0/0x3a @ 1
[    2.803476] initcall tracefs_init+0x0/0x3a returned 0 after 0 usecs
[    2.804471] calling  prandom_init_early+0x0/0x15d @ 1
[    2.805471] initcall prandom_init_early+0x0/0x15d returned 0 after 0 usecs
[    2.807115] calling  virtio_init+0x0/0x20 @ 1
[    2.808536] initcall virtio_init+0x0/0x20 returned 0 after 0 usecs
[    2.809476] calling  iommu_init+0x0/0x2a @ 1
[    2.810523] initcall iommu_init+0x0/0x2a returned 0 after 0 usecs
[    2.811479] calling  component_debug_init+0x0/0x1c @ 1
[    2.812656] initcall component_debug_init+0x0/0x1c returned 0 after 0 usecs
[    2.813479] calling  early_resume_init+0x0/0xb9 @ 1
[    2.815471] PM: RTC time: 23:01:24, date: 2022-12-13
[    2.816480] initcall early_resume_init+0x0/0xb9 returned 0 after 1953 usecs
[    2.817478] calling  cpufreq_core_init+0x0/0x62 @ 1
[    2.818491] initcall cpufreq_core_init+0x0/0x62 returned 0 after 0 usecs
[    2.819475] calling  cpufreq_gov_performance_init+0x0/0xc @ 1
[    2.820474] initcall cpufreq_gov_performance_init+0x0/0xc returned 0 after 0 usecs
[    2.821472] calling  cpufreq_gov_userspace_init+0x0/0xc @ 1
[    2.822473] initcall cpufreq_gov_userspace_init+0x0/0xc returned 0 after 0 usecs
[    2.823471] calling  CPU_FREQ_GOV_ONDEMAND_init+0x0/0xc @ 1
[    2.824491] initcall CPU_FREQ_GOV_ONDEMAND_init+0x0/0xc returned 0 after 0 usecs
[    2.825479] calling  cpuidle_init+0x0/0x1f @ 1
[    2.826515] initcall cpuidle_init+0x0/0x1f returned 0 after 0 usecs
[    2.828470] calling  capsule_reboot_register+0x0/0xc @ 1
[    2.829503] initcall capsule_reboot_register+0x0/0xc returned 0 after 0 usecs
[    2.830471] calling  sock_init+0x0/0x93 @ 1
[    2.832238] initcall sock_init+0x0/0x93 returned 0 after 0 usecs
[    2.832472] calling  net_inuse_init+0x0/0x23 @ 1
[    2.833478] initcall net_inuse_init+0x0/0x23 returned 0 after 0 usecs
[    2.834474] calling  net_defaults_init+0x0/0x23 @ 1
[    2.835473] initcall net_defaults_init+0x0/0x23 returned 0 after 0 usecs
[    2.836474] calling  init_default_flow_dissectors+0x0/0x4f @ 1
[    2.837514] initcall init_default_flow_dissectors+0x0/0x4f returned 0 after 0 usecs
[    2.838472] calling  netpoll_init+0x0/0x44 @ 1
[    2.839472] initcall netpoll_init+0x0/0x44 returned 0 after 0 usecs
[    2.840471] calling  netlink_proto_init+0x0/0x154 @ 1
[    2.842638] NET: Registered protocol family 16
[    2.844579] initcall netlink_proto_init+0x0/0x154 returned 0 after 2929 usecs
[    2.845472] calling  genl_init+0x0/0x35 @ 1
[    2.846511] initcall genl_init+0x0/0x35 returned 0 after 0 usecs
[    2.847493] calling  bsp_pm_check_init+0x0/0x13 @ 1
[    2.848472] initcall bsp_pm_check_init+0x0/0x13 returned 0 after 0 usecs
[    2.849487] calling  irq_sysfs_init+0x0/0xb9 @ 1
[    2.851719] initcall irq_sysfs_init+0x0/0xb9 returned 0 after 976 usecs
[    2.852478] calling  audit_init+0x0/0x127 @ 1
[    2.853480] audit: initializing netlink subsys (disabled)
[    2.867662] initcall audit_init+0x0/0x127 returned 0 after 13671 usecs
[    2.867505] audit: type=2000 audit(1670972482.206:1): state=initialized audit_enabled=0 res=1
[    2.868474] calling  release_early_probes+0x0/0x32 @ 1
[    2.870488] initcall release_early_probes+0x0/0x32 returned 0 after 0 usecs
[    2.871476] calling  bdi_class_init+0x0/0x48 @ 1
[    2.872557] initcall bdi_class_init+0x0/0x48 returned 0 after 0 usecs
[    2.873488] calling  mm_sysfs_init+0x0/0x28 @ 1
[    2.874480] initcall mm_sysfs_init+0x0/0x28 returned 0 after 0 usecs
[    2.875477] calling  init_per_zone_wmark_min+0x0/0x6d @ 1
[    2.877477] initcall init_per_zone_wmark_min+0x0/0x6d returned 0 after 976 usecs
[    2.878475] calling  mpi_init+0x0/0x3e @ 1
[    2.880473] initcall mpi_init+0x0/0x3e returned 0 after 976 usecs
[    2.881491] calling  kobject_uevent_init+0x0/0xc @ 1
[    2.882496] initcall kobject_uevent_init+0x0/0xc returned 0 after 0 usecs
[    2.883474] calling  pcibus_class_init+0x0/0x13 @ 1
[    2.885495] initcall pcibus_class_init+0x0/0x13 returned 0 after 0 usecs
[    2.886474] calling  pci_driver_init+0x0/0x21 @ 1
[    2.887527] initcall pci_driver_init+0x0/0x21 returned 0 after 0 usecs
[    2.888473] calling  backlight_class_init+0x0/0xa8 @ 1
[    2.889504] initcall backlight_class_init+0x0/0xa8 returned 0 after 0 usecs
[    2.890474] calling  tty_class_init+0x0/0x33 @ 1
[    2.891493] initcall tty_class_init+0x0/0x33 returned 0 after 0 usecs
[    2.893471] calling  vtconsole_class_init+0x0/0xb5 @ 1
[    2.894572] initcall vtconsole_class_init+0x0/0xb5 returned 0 after 0 usecs
[    2.895474] calling  iommu_dev_init+0x0/0x13 @ 1
[    2.896525] initcall iommu_dev_init+0x0/0x13 returned 0 after 0 usecs
[    2.897511] calling  mipi_dsi_bus_init+0x0/0xc @ 1
[    2.899667] initcall mipi_dsi_bus_init+0x0/0xc returned 0 after 0 usecs
[    2.900473] calling  devlink_class_init+0x0/0x40 @ 1
[    2.901495] initcall devlink_class_init+0x0/0x40 returned 0 after 0 usecs
[    2.902473] calling  software_node_init+0x0/0x2a @ 1
[    2.903485] initcall software_node_init+0x0/0x2a returned 0 after 0 usecs
[    2.904479] calling  wakeup_sources_debugfs_init+0x0/0x23 @ 1
[    2.905609] initcall wakeup_sources_debugfs_init+0x0/0x23 returned 0 after 0 usecs
[    2.906472] calling  wakeup_sources_sysfs_init+0x0/0x2c @ 1
[    2.907493] initcall wakeup_sources_sysfs_init+0x0/0x2c returned 0 after 0 usecs
[    2.908473] calling  register_node_type+0x0/0x13 @ 1
[    2.909563] initcall register_node_type+0x0/0x13 returned 0 after 0 usecs
[    2.910477] calling  regmap_initcall+0x0/0xc @ 1
[    2.912516] initcall regmap_initcall+0x0/0xc returned 0 after 976 usecs
[    2.913475] calling  i2c_init+0x0/0xb3 @ 1
[    2.914574] initcall i2c_init+0x0/0xb3 returned 0 after 0 usecs
[    2.915471] calling  thermal_init+0x0/0x116 @ 1
[    2.916510] thermal_sys: Registered thermal governor 'step_wise'
[    2.916512] thermal_sys: Registered thermal governor 'user_space'
[    2.917488] initcall thermal_init+0x0/0x116 returned 0 after 976 usecs
[    2.919473] calling  init_menu+0x0/0xc @ 1
[    2.922891] cpuidle: using governor menu
[    2.928481] initcall init_menu+0x0/0xc returned 0 after 7812 usecs
[    2.935475] calling  pcc_init+0x0/0x4d @ 1
[    2.940476] initcall pcc_init+0x0/0x4d returned -19 after 0 usecs
[    2.947473] calling  amd_postcore_init+0x0/0x11e @ 1
[    2.953473] initcall amd_postcore_init+0x0/0x11e returned 0 after 0 usecs
[    2.961490] calling  bts_init+0x0/0xba @ 1
[    2.966471] initcall bts_init+0x0/0xba returned -19 after 0 usecs
[    2.974473] calling  pt_init+0x0/0x34d @ 1
[    2.979473] initcall pt_init+0x0/0x34d returned -19 after 0 usecs
[    2.986473] calling  boot_params_ksysfs_init+0x0/0x2ee @ 1
[    2.993514] initcall boot_params_ksysfs_init+0x0/0x2ee returned 0 after 0 usecs
[    3.001472] calling  sbf_init+0x0/0xea @ 1
[    3.006471] initcall sbf_init+0x0/0xea returned 0 after 0 usecs
[    3.014471] calling  arch_kdebugfs_init+0x0/0x219 @ 1
[    3.021545] initcall arch_kdebugfs_init+0x0/0x219 returned 0 after 0 usecs
[    3.031474] calling  intel_pconfig_init+0x0/0x85 @ 1
[    3.037472] initcall intel_pconfig_init+0x0/0x85 returned 0 after 0 usecs
[    3.045472] calling  mtrr_if_init+0x0/0x5d @ 1
[    3.050483] initcall mtrr_if_init+0x0/0x5d returned 0 after 0 usecs
[    3.058471] calling  activate_jump_labels+0x0/0x31 @ 1
[    3.061472] initcall activate_jump_labels+0x0/0x31 returned 0 after 0 usecs
[    3.063471] calling  ffh_cstate_init+0x0/0x29 @ 1
[    3.069479] initcall ffh_cstate_init+0x0/0x29 returned 0 after 0 usecs
[    3.077478] calling  activate_jump_labels+0x0/0x31 @ 1
[    3.086901] initcall activate_jump_labels+0x0/0x31 returned 0 after 2929 usecs
[    3.095774] calling  kvm_alloc_cpumask+0x0/0x74 @ 1
[    3.104534] initcall kvm_alloc_cpumask+0x0/0x74 returned 0 after 0 usecs
[    3.112681] calling  kcmp_cookies_init+0x0/0x37 @ 1
[    3.118488] initcall kcmp_cookies_init+0x0/0x37 returned 0 after 0 usecs
[    3.127475] calling  cryptomgr_init+0x0/0xc @ 1
[    3.133747] initcall cryptomgr_init+0x0/0xc returned 0 after 0 usecs
[    3.140476] calling  acpi_pci_init+0x0/0x57 @ 1
[    3.147507] ACPI: bus type PCI registered
[    3.151474] initcall acpi_pci_init+0x0/0x57 returned 0 after 3906 usecs
[    3.160474] calling  dma_channel_table_init+0x0/0xd1 @ 1
[    3.167493] initcall dma_channel_table_init+0x0/0xd1 returned 0 after 0 usecs
[    3.176474] calling  dma_bus_init+0x0/0xdc @ 1
[    3.182757] initcall dma_bus_init+0x0/0xdc returned 0 after 0 usecs
[    3.190964] calling  iommu_dma_init+0x0/0x10 @ 1
[    3.196560] initcall iommu_dma_init+0x0/0x10 returned 0 after 0 usecs
[    3.204472] calling  dmi_id_init+0x0/0x37c @ 1
[    3.210728] initcall dmi_id_init+0x0/0x37c returned 0 after 0 usecs
[    3.219474] calling  pci_arch_init+0x0/0x71 @ 1
[    3.226823] PCI: MMCONFIG for domain 0000 [bus 00-ff] at [mem 0xb0000000-0xbfffffff] (base 0xb0000000)
[    3.238475] PCI: MMCONFIG at [mem 0xb0000000-0xbfffffff] reserved in E820
[    3.246499] PCI: Using configuration type 1 for base access
[    3.253593] initcall pci_arch_init+0x0/0x71 returned 0 after 27343 usecs
[    3.261491] calling  init_vdso+0x0/0x13 @ 1
[    3.266551] initcall init_vdso+0x0/0x13 returned 0 after 0 usecs
[    3.274471] calling  sysenter_setup+0x0/0x13 @ 1
[    3.279559] initcall sysenter_setup+0x0/0x13 returned 0 after 0 usecs
[    3.288472] calling  fixup_ht_bug+0x0/0xe5 @ 1
[    3.293472] initcall fixup_ht_bug+0x0/0xe5 returned 0 after 0 usecs
[    3.301473] calling  topology_init+0x0/0x88 @ 1
[    3.307529] initcall topology_init+0x0/0x88 returned 0 after 0 usecs
[    3.315472] calling  intel_epb_init+0x0/0x68 @ 1
[    3.321472] initcall intel_epb_init+0x0/0x68 returned -19 after 0 usecs
[    3.328472] calling  mtrr_init_finialize+0x0/0x3e @ 1
[    3.335473] initcall mtrr_init_finialize+0x0/0x3e returned 0 after 0 usecs
[    3.343473] calling  uid_cache_init+0x0/0x85 @ 1
[    3.349495] initcall uid_cache_init+0x0/0x85 returned 0 after 0 usecs
[    3.357473] calling  param_sysfs_init+0x0/0x1ba @ 1
[    3.373488] initcall param_sysfs_init+0x0/0x1ba returned 0 after 9765 usecs
[    3.382510] calling  user_namespace_sysctl_init+0x0/0x33 @ 1
[    3.389485] initcall user_namespace_sysctl_init+0x0/0x33 returned 0 after 0 usecs
[    3.398473] calling  proc_schedstat_init+0x0/0x24 @ 1
[    3.404478] initcall proc_schedstat_init+0x0/0x24 returned 0 after 0 usecs
[    3.413471] calling  pm_sysrq_init+0x0/0x18 @ 1
[    3.424475] initcall pm_sysrq_init+0x0/0x18 returned 0 after 5859 usecs
[    3.433602] calling  create_proc_profile+0x0/0xd0 @ 1
[    3.440477] initcall create_proc_profile+0x0/0xd0 returned 0 after 0 usecs
[    3.449489] calling  time_ns_init+0x0/0x7 @ 1
[    3.454472] initcall time_ns_init+0x0/0x7 returned 0 after 0 usecs
[    3.462478] calling  crash_save_vmcoreinfo_init+0x0/0x722 @ 1
[    3.470867] initcall crash_save_vmcoreinfo_init+0x0/0x722 returned 0 after 976 usecs
[    3.480474] calling  crash_notes_memory_init+0x0/0x35 @ 1
[    3.487480] initcall crash_notes_memory_init+0x0/0x35 returned 0 after 0 usecs
[    3.495473] calling  cgroup_sysfs_init+0x0/0x13 @ 1
[    3.503033] initcall cgroup_sysfs_init+0x0/0x13 returned 0 after 976 usecs
[    3.511474] calling  cgroup_namespaces_init+0x0/0x7 @ 1
[    3.518474] initcall cgroup_namespaces_init+0x0/0x7 returned 0 after 0 usecs
[    3.527473] calling  init_optprobes+0x0/0x13 @ 1
[    3.532489] Kprobes globally optimized
[    3.537473] initcall init_optprobes+0x0/0x13 returned 0 after 4882 usecs
[    3.545472] calling  oom_init+0x0/0x2f @ 1
[    3.551714] initcall oom_init+0x0/0x2f returned 0 after 976 usecs
[    3.559472] calling  default_bdi_init+0x0/0xb3 @ 1
[    3.565665] initcall default_bdi_init+0x0/0xb3 returned 0 after 976 usecs
[    3.574475] calling  percpu_enable_async+0x0/0xe @ 1
[    3.580471] initcall percpu_enable_async+0x0/0xe returned 0 after 0 usecs
[    3.588472] calling  kcompactd_init+0x0/0x8d @ 1
[    3.594645] initcall kcompactd_init+0x0/0x8d returned 0 after 976 usecs
[    3.603549] calling  init_user_reserve+0x0/0x40 @ 1
[    3.609473] initcall init_user_reserve+0x0/0x40 returned 0 after 0 usecs
[    3.617472] calling  init_admin_reserve+0x0/0x40 @ 1
[    3.623495] initcall init_admin_reserve+0x0/0x40 returned 0 after 0 usecs
[    3.631474] calling  init_reserve_notifier+0x0/0x7 @ 1
[    3.637475] initcall init_reserve_notifier+0x0/0x7 returned 0 after 0 usecs
[    3.645473] calling  swap_init_sysfs+0x0/0x62 @ 1
[    3.652494] initcall swap_init_sysfs+0x0/0x62 returned 0 after 976 usecs
[    3.661474] calling  swapfile_init+0x0/0x94 @ 1
[    3.666473] initcall swapfile_init+0x0/0x94 returned 0 after 0 usecs
[    3.674472] calling  hugetlb_init+0x0/0x499 @ 1
[    3.679478] HugeTLB registered 2.00 MiB page size, pre-allocated 0 pages
[    3.688513] initcall hugetlb_init+0x0/0x499 returned 0 after 8789 usecs
[    3.693475] calling  io_wq_init+0x0/0x34 @ 1
[    3.698475] initcall io_wq_init+0x0/0x34 returned 0 after 0 usecs
[    3.706472] calling  seqiv_module_init+0x0/0xc @ 1
[    3.713489] initcall seqiv_module_init+0x0/0xc returned 0 after 0 usecs
[    3.721474] calling  echainiv_module_init+0x0/0xc @ 1
[    3.728475] initcall echainiv_module_init+0x0/0xc returned 0 after 0 usecs
[    3.737900] calling  rsa_init+0x0/0x50 @ 1
[    3.748662] initcall rsa_init+0x0/0x50 returned 0 after 5859 usecs
[    3.749333] cryptomgr_test (61) used greatest stack depth: 15400 bytes left
[    3.756475] calling  crypto_cmac_module_init+0x0/0xc @ 1
[    3.756479] initcall crypto_cmac_module_init+0x0/0xc returned 0 after 0 usecs
[    3.784480] calling  hmac_module_init+0x0/0xc @ 1
[    3.791554] initcall hmac_module_init+0x0/0xc returned 0 after 0 usecs
[    3.798588] calling  crypto_null_mod_init+0x0/0x65 @ 1
[    3.809762] cryptomgr_test (63) used greatest stack depth: 15256 bytes left
[    3.816509] initcall crypto_null_mod_init+0x0/0x65 returned 0 after 10742 usecs
[    3.827478] calling  md5_mod_init+0x0/0xc @ 1
[    3.834679] initcall md5_mod_init+0x0/0xc returned 0 after 976 usecs
[    3.842623] calling  sha256_generic_mod_init+0x0/0x11 @ 1
[    3.850809] initcall sha256_generic_mod_init+0x0/0x11 returned 0 after 1953 usecs
[    3.860619] calling  crypto_cbc_module_init+0x0/0xc @ 1
[    3.867178] initcall crypto_cbc_module_init+0x0/0xc returned 0 after 0 usecs
[    3.878631] calling  crypto_ctr_module_init+0x0/0x11 @ 1
[    3.886672] initcall crypto_ctr_module_init+0x0/0x11 returned 0 after 0 usecs
[    3.898480] calling  crypto_gcm_module_init+0x0/0x64 @ 1
[    3.906664] initcall crypto_gcm_module_init+0x0/0x64 returned 0 after 0 usecs
[    3.917479] calling  crypto_ccm_module_init+0x0/0x11 @ 1
[    3.926477] initcall crypto_ccm_module_init+0x0/0x11 returned 0 after 0 usecs
[    3.937475] calling  aes_init+0x0/0xc @ 1
[    3.945492] initcall aes_init+0x0/0xc returned 0 after 1953 usecs
[    3.954484] calling  crc32c_mod_init+0x0/0xc @ 1
[    3.963498] initcall crc32c_mod_init+0x0/0xc returned 0 after 976 usecs
[    3.973478] calling  crypto_authenc_module_init+0x0/0xc @ 1
[    3.982479] initcall crypto_authenc_module_init+0x0/0xc returned 0 after 0 usecs
[    3.993476] calling  crypto_authenc_esn_module_init+0x0/0xc @ 1
[    4.003476] initcall crypto_authenc_esn_module_init+0x0/0xc returned 0 after 0 usecs
[    4.015473] calling  drbg_init+0x0/0x7c @ 1
[    4.030476] initcall drbg_init+0x0/0x7c returned 0 after 8789 usecs
[    4.040477] calling  ghash_mod_init+0x0/0xc @ 1
[    4.048653] initcall ghash_mod_init+0x0/0xc returned 0 after 976 usecs
[    4.057476] calling  init_bio+0x0/0x9a @ 1
[    4.062552] initcall init_bio+0x0/0x9a returned 0 after 0 usecs
[    4.070474] calling  blk_settings_init+0x0/0x29 @ 1
[    4.076476] initcall blk_settings_init+0x0/0x29 returned 0 after 0 usecs
[    4.086473] calling  blk_ioc_init+0x0/0x29 @ 1
[    4.092516] initcall blk_ioc_init+0x0/0x29 returned 0 after 0 usecs
[    4.100636] calling  blk_mq_init+0x0/0xb9 @ 1
[    4.106477] initcall blk_mq_init+0x0/0xb9 returned 0 after 0 usecs
[    4.114475] calling  genhd_device_init+0x0/0x75 @ 1
[    4.123150] initcall genhd_device_init+0x0/0x75 returned 0 after 1953 usecs
[    4.132532] calling  pci_slot_init+0x0/0x40 @ 1
[    4.138486] initcall pci_slot_init+0x0/0x40 returned 0 after 0 usecs
[    4.147477] calling  fbmem_init+0x0/0xd8 @ 1
[    4.153638] initcall fbmem_init+0x0/0xd8 returned 0 after 0 usecs
[    4.163479] calling  acpi_init+0x0/0x319 @ 1
[    4.169548] ACPI: Added _OSI(Module Device)
[    4.176474] ACPI: Added _OSI(Processor Device)
[    4.183474] ACPI: Added _OSI(3.0 _SCP Extensions)
[    4.190490] ACPI: Added _OSI(Processor Aggregator Device)
[    4.197491] ACPI: Added _OSI(Linux-Dell-Video)
[    4.202469] ACPI: Added _OSI(Linux-Lenovo-NV-HDMI-Audio)
[    4.209470] ACPI: Added _OSI(Linux-HPI-Hybrid-Graphics)
[    4.220317] ACPI: 1 ACPI AML tables successfully acquired and loaded
[    4.236253] ACPI: Interpreter enabled
[    4.242630] ACPI: (supports S0 S3 S4 S5)
[    4.248471] ACPI: Using IOAPIC for interrupt routing
[    4.256540] PCI: Using host bridge windows from ACPI; if necessary, use "pci=nocrs" and report a bug
[    4.271030] ACPI: Enabled 2 GPEs in block 00 to 3F
[    4.300690] ACPI: PCI Root Bridge [PCI0] (domain 0000 [bus 00-ff])
[    4.310481] acpi PNP0A08:00: _OSC: OS supports [ExtendedConfig ASPM ClockPM Segments MSI HPX-Type3]
[    4.324692] acpi PNP0A08:00: _OSC: platform does not support [LTR]
[    4.332635] acpi PNP0A08:00: _OSC: OS now controls [PME PCIeCapability]
[    4.340653] PCI host bridge to bus 0000:00
[    4.345489] pci_bus 0000:00: root bus resource [io  0x0000-0x0cf7 window]
[    4.351472] pci_bus 0000:00: root bus resource [io  0x0d00-0xffff window]
[    4.357472] pci_bus 0000:00: root bus resource [mem 0x000a0000-0x000bffff window]
[    4.362475] pci_bus 0000:00: root bus resource [mem 0x20000000-0xafffffff window]
[    4.373474] pci_bus 0000:00: root bus resource [mem 0xc0000000-0xfebfffff window]
[    4.384473] pci_bus 0000:00: root bus resource [mem 0x100000000-0x8ffffffff window]
[    4.396474] pci_bus 0000:00: root bus resource [bus 00-ff]
[    4.403756] pci 0000:00:00.0: calling  quirk_mmio_always_on+0x0/0x10 @ 1
[    4.411477] pci 0000:00:00.0: quirk_mmio_always_on+0x0/0x10 took 0 usecs
[    4.419491] pci 0000:00:00.0: [8086:29c0] type 00 class 0x060000
[    4.430287] pci 0000:00:00.0: calling  quirk_igfx_skip_te_disable+0x0/0x80 @ 1
[    4.438478] pci 0000:00:00.0: quirk_igfx_skip_te_disable+0x0/0x80 took 0 usecs
[    4.449144] pci 0000:00:01.0: [1234:1111] type 00 class 0x030000
[    4.466362] pci 0000:00:01.0: reg 0x10: [mem 0xfd000000-0xfdffffff pref]
[    4.497462] pci 0000:00:01.0: reg 0x18: [mem 0xfebf0000-0xfebf0fff]
[    4.538462] pci 0000:00:01.0: reg 0x30: [mem 0xfebe0000-0xfebeffff pref]
[    4.567462] pci 0000:00:01.0: calling  efifb_fixup_resources+0x0/0xf0 @ 1
[    4.574098] pci 0000:00:01.0: efifb_fixup_resources+0x0/0xf0 took 0 usecs
[    4.610472] pci 0000:00:1f.0: [8086:2918] type 00 class 0x060100
[    4.625462] pci 0000:00:1f.0: calling  quirk_ich7_lpc+0x0/0x60 @ 1
[    4.630891] pci 0000:00:1f.0: quirk: [io  0x0600-0x067f] claimed by ICH6 ACPI/GPIO/TCO
[    4.637893] pci 0000:00:1f.0: quirk_ich7_lpc+0x0/0x60 took 8789 usecs
[    4.646462] pci 0000:00:1f.0: calling  quirk_igfx_skip_te_disable+0x0/0x80 @ 1
[    4.649818] pci 0000:00:1f.0: quirk_igfx_skip_te_disable+0x0/0x80 took 1953 usecs
[    4.657285] pci 0000:00:1f.2: [8086:2922] type 00 class 0x010601
[    4.671191] pci 0000:00:1f.2: reg 0x20: [io  0xc040-0xc05f]
[    4.672472] pci 0000:00:1f.2: reg 0x24: [mem 0xfebf1000-0xfebf1fff]
[    4.680434] pci 0000:00:1f.2: calling  quirk_igfx_skip_te_disable+0x0/0x80 @ 1
[    4.687480] pci 0000:00:1f.2: quirk_igfx_skip_te_disable+0x0/0x80 took 0 usecs
[    4.693011] pci 0000:00:1f.3: [8086:2930] type 00 class 0x0c0500
[    4.699966] pci 0000:00:1f.3: reg 0x20: [io  0x0700-0x073f]
[    4.707959] pci 0000:00:1f.3: calling  quirk_igfx_skip_te_disable+0x0/0x80 @ 1
[    4.710481] pci 0000:00:1f.3: quirk_igfx_skip_te_disable+0x0/0x80 took 0 usecs
[    4.745117] ACPI: PCI Interrupt Link [LNKA] (IRQs 5 *10 11)
[    4.748944] ACPI: PCI Interrupt Link [LNKB] (IRQs 5 *10 11)
[    4.755755] ACPI: PCI Interrupt Link [LNKC] (IRQs 5 10 *11)
[    4.759985] ACPI: PCI Interrupt Link [LNKD] (IRQs 5 10 *11)
[    4.767837] ACPI: PCI Interrupt Link [LNKE] (IRQs 5 *10 11)
[    4.771932] ACPI: PCI Interrupt Link [LNKF] (IRQs 5 *10 11)
[    4.776945] ACPI: PCI Interrupt Link [LNKG] (IRQs 5 10 *11)
[    4.784920] ACPI: PCI Interrupt Link [LNKH] (IRQs 5 10 *11)
[    4.788686] ACPI: PCI Interrupt Link [GSIA] (IRQs *16)
[    4.795494] ACPI: PCI Interrupt Link [GSIB] (IRQs *17)
[    4.801491] ACPI: PCI Interrupt Link [GSIC] (IRQs *18)
[    4.807494] ACPI: PCI Interrupt Link [GSID] (IRQs *19)
[    4.814494] ACPI: PCI Interrupt Link [GSIE] (IRQs *20)
[    4.820491] ACPI: PCI Interrupt Link [GSIF] (IRQs *21)
[    4.827462] ACPI: PCI Interrupt Link [GSIG] (IRQs *22)
[    4.832073] ACPI: PCI Interrupt Link [GSIH] (IRQs *23)
[    4.854462] initcall acpi_init+0x0/0x319 returned 0 after 667968 usecs
[    4.863903] calling  pnp_init+0x0/0xc @ 1
[    4.867652] initcall pnp_init+0x0/0xc returned 0 after 1953 usecs
[    4.873472] calling  misc_init+0x0/0xbf @ 1
[    4.882121] initcall misc_init+0x0/0xbf returned 0 after 1953 usecs
[    4.889625] calling  iommu_subsys_init+0x0/0x4e @ 1
[    4.895817] iommu: Default domain type: Translated 
[    4.900501] initcall iommu_subsys_init+0x0/0x4e returned 0 after 4882 usecs
[    4.909473] calling  vga_arb_device_init+0x0/0x261 @ 1
[    4.925078] pci 0000:00:01.0: vgaarb: setting as boot VGA device
[    4.925462] pci 0000:00:01.0: vgaarb: VGA device added: decodes=io+mem,owns=io+mem,locks=none
[    4.943477] pci 0000:00:01.0: vgaarb: bridge control possible
[    4.950469] vgaarb: loaded
[    4.953476] initcall vga_arb_device_init+0x0/0x261 returned 0 after 36132 usecs
[    4.963175] calling  cn_init+0x0/0xf0 @ 1
[    4.971747] initcall cn_init+0x0/0xf0 returned 0 after 4882 usecs
[    4.978477] calling  dma_buf_init+0x0/0xad @ 1
[    4.988475] initcall dma_buf_init+0x0/0xad returned 0 after 3906 usecs
[    4.994474] calling  dma_resv_lockdep+0x0/0x276 @ 1
[    5.005551] initcall dma_resv_lockdep+0x0/0x276 returned 0 after 4882 usecs
[    5.013475] calling  init_scsi+0x0/0x79 @ 1
[    5.022399] SCSI subsystem initialized
[    5.028472] initcall init_scsi+0x0/0x79 returned 0 after 10742 usecs
[    5.035472] calling  ata_init+0x0/0x332 @ 1
[    5.052259] libata version 3.00 loaded.
[    5.055474] initcall ata_init+0x0/0x332 returned 0 after 14648 usecs
[    5.065475] calling  phy_init+0x0/0x250 @ 1
[    5.071786] initcall phy_init+0x0/0x250 returned 0 after 1953 usecs
[    5.079474] calling  init_pcmcia_cs+0x0/0x35 @ 1
[    5.084877] initcall init_pcmcia_cs+0x0/0x35 returned 0 after 1953 usecs
[    5.094694] calling  usb_common_init+0x0/0x1c @ 1
[    5.100702] initcall usb_common_init+0x0/0x1c returned 0 after 0 usecs
[    5.108474] calling  usb_init+0x0/0x12e @ 1
[    5.113610] ACPI: bus type USB registered
[    5.120973] usbcore: registered new interface driver usbfs
[    5.128624] usbcore: registered new interface driver hub
[    5.137932] usbcore: registered new device driver usb
[    5.145481] initcall usb_init+0x0/0x12e returned 0 after 31250 usecs
[    5.152473] calling  serio_init+0x0/0x29 @ 1
[    5.158879] initcall serio_init+0x0/0x29 returned 0 after 976 usecs
[    5.166472] calling  input_init+0x0/0xf6 @ 1
[    5.170711] initcall input_init+0x0/0xf6 returned 0 after 1953 usecs
[    5.180474] calling  rtc_init+0x0/0x4d @ 1
[    5.185488] initcall rtc_init+0x0/0x4d returned 0 after 0 usecs
[    5.192474] calling  pps_init+0x0/0xa9 @ 1
[    5.197758] pps_core: LinuxPPS API ver. 1 registered
[    5.203468] pps_core: Software ver. 5.3.6 - Copyright 2005-2007 Rodolfo Giometti <giometti@linux.it>
[    5.214473] initcall pps_init+0x0/0xa9 returned 0 after 16601 usecs
[    5.221473] calling  ptp_init+0x0/0x98 @ 1
[    5.226483] PTP clock support registered
[    5.231473] initcall ptp_init+0x0/0x98 returned 0 after 4882 usecs
[    5.243486] calling  power_supply_class_init+0x0/0x3f @ 1
[    5.252087] initcall power_supply_class_init+0x0/0x3f returned 0 after 0 usecs
[    5.262479] calling  hwmon_init+0x0/0x104 @ 1
[    5.264502] initcall hwmon_init+0x0/0x104 returned 0 after 0 usecs
[    5.272471] calling  md_init+0x0/0x16b @ 1
[    5.282271] initcall md_init+0x0/0x16b returned 0 after 2929 usecs
[    5.289472] calling  leds_init+0x0/0x3b @ 1
[    5.294532] initcall leds_init+0x0/0x3b returned 0 after 0 usecs
[    5.301471] calling  dmi_init+0x0/0x113 @ 1
[    5.306644] initcall dmi_init+0x0/0x113 returned 0 after 0 usecs
[    5.313470] calling  efisubsys_init+0x0/0x4e7 @ 1
[    5.319570] initcall efisubsys_init+0x0/0x4e7 returned 0 after 0 usecs
[    5.327471] calling  nvmem_init+0x0/0xc @ 1
[    5.333013] initcall nvmem_init+0x0/0xc returned 0 after 0 usecs
[    5.340475] calling  init_soundcore+0x0/0x33 @ 1
[    5.346471] initcall init_soundcore+0x0/0x33 returned 0 after 0 usecs
[    5.357474] calling  alsa_sound_init+0x0/0x8f @ 1
[    5.365472] Advanced Linux Sound Architecture Driver Initialized.
[    5.373471] initcall alsa_sound_init+0x0/0x8f returned 0 after 8789 usecs
[    5.381472] calling  alsa_seq_device_init+0x0/0x71 @ 1
[    5.387657] initcall alsa_seq_device_init+0x0/0x71 returned 0 after 0 usecs
[    5.394601] calling  hda_bus_init+0x0/0xc @ 1
[    5.399684] initcall hda_bus_init+0x0/0xc returned 0 after 0 usecs
[    5.406471] calling  proto_init+0x0/0xc @ 1
[    5.412594] initcall proto_init+0x0/0xc returned 0 after 0 usecs
[    5.419470] calling  net_dev_init+0x0/0x27f @ 1
[    5.429462] initcall net_dev_init+0x0/0x27f returned 0 after 4882 usecs
[    5.438572] calling  neigh_init+0x0/0x84 @ 1
[    5.442475] initcall neigh_init+0x0/0x84 returned 0 after 0 usecs
[    5.450471] calling  fib_notifier_init+0x0/0xc @ 1
[    5.455599] initcall fib_notifier_init+0x0/0xc returned 0 after 0 usecs
[    5.463472] calling  fib_rules_init+0x0/0xab @ 1
[    5.469598] initcall fib_rules_init+0x0/0xab returned 0 after 0 usecs
[    5.477473] calling  pktsched_init+0x0/0x10e @ 1
[    5.482582] initcall pktsched_init+0x0/0x10e returned 0 after 0 usecs
[    5.490471] calling  tc_filter_init+0x0/0xfa @ 1
[    5.495533] initcall tc_filter_init+0x0/0xfa returned 0 after 0 usecs
[    5.502497] calling  tc_action_init+0x0/0x54 @ 1
[    5.509473] initcall tc_action_init+0x0/0x54 returned 0 after 0 usecs
[    5.516470] calling  ethnl_init+0x0/0x52 @ 1
[    5.521715] initcall ethnl_init+0x0/0x52 returned 0 after 2929 usecs
[    5.529845] calling  nexthop_init+0x0/0xd8 @ 1
[    5.537054] initcall nexthop_init+0x0/0xd8 returned 0 after 1953 usecs
[    5.544474] calling  cipso_v4_init+0x0/0x8d @ 1
[    5.550706] initcall cipso_v4_init+0x0/0x8d returned 0 after 0 usecs
[    5.557475] calling  ieee80211_init+0x0/0x24 @ 1
[    5.565555] initcall ieee80211_init+0x0/0x24 returned 0 after 976 usecs
[    5.574477] calling  netlbl_init+0x0/0x78 @ 1
[    5.579301] NetLabel: Initializing
[    5.583468] NetLabel:  domain hash size = 128
[    5.585468] NetLabel:  protocols = UNLABELED CIPSOv4 CALIPSO
[    5.592467] NetLabel:  unlabeled traffic allowed by default
[    5.597475] initcall netlbl_init+0x0/0x78 returned 0 after 18554 usecs
[    5.604472] calling  rfkill_init+0x0/0x136 @ 1
[    5.612963] initcall rfkill_init+0x0/0x136 returned 0 after 2929 usecs
[    5.621483] calling  pci_subsys_init+0x0/0x66 @ 1
[    5.626042] PCI: Using ACPI for IRQ routing
[    6.300462] PCI: pci_cache_line_size set to 64 bytes
[    6.309292] e820: reserve RAM buffer [mem 0x0009fc00-0x0009ffff]
[    6.316789] e820: reserve RAM buffer [mem 0x1ffdf000-0x1fffffff]
[    6.323462] initcall pci_subsys_init+0x0/0x66 returned 0 after 680664 usecs
[    6.337267] calling  nmi_warning_debugfs+0x0/0x26 @ 1
[    6.344712] initcall nmi_warning_debugfs+0x0/0x26 returned 0 after 976 usecs
[    6.353473] calling  save_microcode_in_initrd+0x0/0x51 @ 1
[    6.359759] initcall save_microcode_in_initrd+0x0/0x51 returned 0 after 976 usecs
[    6.368492] calling  hpet_late_init+0x0/0x207 @ 1
[    6.375020] hpet: 3 channels of 0 reserved for per-cpu timers
[    6.381807] hpet0: at MMIO 0xfed00000, IRQs 2, 8, 0
[    6.388469] hpet0: 3 comparators, 64-bit 100.000000 MHz counter
[    6.399474] initcall hpet_late_init+0x0/0x207 returned 0 after 24414 usecs
[    6.407474] calling  init_amd_nbs+0x0/0x11c @ 1
[    6.413470] initcall init_amd_nbs+0x0/0x11c returned 0 after 0 usecs
[    6.420558] calling  clocksource_done_booting+0x0/0x43 @ 1
[    6.430129] clocksource: Switched to clocksource kvm-clock
[    6.437767] initcall clocksource_done_booting+0x0/0x43 returned 0 after 10057 usecs
[    6.447247] calling  tracer_init_tracefs+0x0/0x248 @ 1
[    6.717048] initcall tracer_init_tracefs+0x0/0x248 returned 0 after 257363 usecs
[    6.726158] calling  init_trace_printk_function_export+0x0/0x2c @ 1
[    6.733685] initcall init_trace_printk_function_export+0x0/0x2c returned 0 after 19 usecs
[    6.743452] calling  init_kprobe_trace+0x0/0x1ab @ 1
[    6.749347] initcall init_kprobe_trace+0x0/0x1ab returned 0 after 46 usecs
[    6.757329] calling  init_dynamic_event+0x0/0x3d @ 1
[    6.763277] initcall init_dynamic_event+0x0/0x3d returned 0 after 14 usecs
[    6.771902] calling  init_uprobe_trace+0x0/0x5c @ 1
[    6.778234] initcall init_uprobe_trace+0x0/0x5c returned 0 after 112 usecs
[    6.786780] calling  init_pipe_fs+0x0/0x44 @ 1
[    6.792832] initcall init_pipe_fs+0x0/0x44 returned 0 after 276 usecs
[    6.801087] calling  inotify_user_setup+0x0/0x47 @ 1
[    6.807634] initcall inotify_user_setup+0x0/0x47 returned 0 after 184 usecs
[    6.816804] calling  eventpoll_init+0x0/0xeb @ 1
[    6.822874] initcall eventpoll_init+0x0/0xeb returned 0 after 127 usecs
[    6.832266] calling  anon_inode_init+0x0/0x58 @ 1
[    6.839733] initcall anon_inode_init+0x0/0x58 returned 0 after 143 usecs
[    6.850007] calling  proc_locks_init+0x0/0x27 @ 1
[    6.856986] initcall proc_locks_init+0x0/0x27 returned 0 after 68 usecs
[    6.865197] calling  iomap_init+0x0/0x1b @ 1
[    6.870943] initcall iomap_init+0x0/0x1b returned 0 after 611 usecs
[    6.878293] calling  dquot_init+0x0/0x106 @ 1
[    6.884429] VFS: Disk quotas dquot_6.6.0
[    6.891016] VFS: Dquot-cache hash table entries: 512 (order 0, 4096 bytes)
[    6.898997] initcall dquot_init+0x0/0x106 returned 0 after 14224 usecs
[    6.907727] calling  quota_init+0x0/0x23 @ 1
[    6.914654] initcall quota_init+0x0/0x23 returned 0 after 728 usecs
[    6.923698] calling  proc_cmdline_init+0x0/0x21 @ 1
[    6.930721] initcall proc_cmdline_init+0x0/0x21 returned 0 after 59 usecs
[    6.939402] calling  proc_consoles_init+0x0/0x24 @ 1
[    6.945265] initcall proc_consoles_init+0x0/0x24 returned 0 after 7 usecs
[    6.953170] calling  proc_cpuinfo_init+0x0/0x1e @ 1
[    6.958813] initcall proc_cpuinfo_init+0x0/0x1e returned 0 after 6 usecs
[    6.966573] calling  proc_devices_init+0x0/0x24 @ 1
[    6.972286] initcall proc_devices_init+0x0/0x24 returned 0 after 5 usecs
[    6.979993] calling  proc_interrupts_init+0x0/0x24 @ 1
[    6.985946] initcall proc_interrupts_init+0x0/0x24 returned 0 after 5 usecs
[    6.993872] calling  proc_loadavg_init+0x0/0x21 @ 1
[    6.999608] initcall proc_loadavg_init+0x0/0x21 returned 0 after 4 usecs
[    7.007274] calling  proc_meminfo_init+0x0/0x21 @ 1
[    7.012997] initcall proc_meminfo_init+0x0/0x21 returned 0 after 11 usecs
[    7.020716] calling  proc_stat_init+0x0/0x1e @ 1
[    7.026126] initcall proc_stat_init+0x0/0x1e returned 0 after 4 usecs
[    7.033747] calling  proc_uptime_init+0x0/0x21 @ 1
[    7.039336] initcall proc_uptime_init+0x0/0x21 returned 0 after 4 usecs
[    7.046869] calling  proc_version_init+0x0/0x21 @ 1
[    7.052545] initcall proc_version_init+0x0/0x21 returned 0 after 4 usecs
[    7.060206] calling  proc_softirqs_init+0x0/0x21 @ 1
[    7.066096] initcall proc_softirqs_init+0x0/0x21 returned 0 after 4 usecs
[    7.073894] calling  proc_kcore_init+0x0/0xea @ 1
[    7.079672] initcall proc_kcore_init+0x0/0xea returned 0 after 223 usecs
[    7.087390] calling  vmcore_init+0x0/0x57b @ 1
[    7.092620] initcall vmcore_init+0x0/0x57b returned 0 after 33 usecs
[    7.099869] calling  proc_kmsg_init+0x0/0x21 @ 1
[    7.105260] initcall proc_kmsg_init+0x0/0x21 returned 0 after 5 usecs
[    7.112674] calling  proc_page_init+0x0/0x3b @ 1
[    7.118131] initcall proc_page_init+0x0/0x3b returned 0 after 8 usecs
[    7.125374] calling  init_ramfs_fs+0x0/0xc @ 1
[    7.130723] initcall init_ramfs_fs+0x0/0xc returned 0 after 199 usecs
[    7.138036] calling  init_hugetlbfs_fs+0x0/0xf6 @ 1
[    7.143980] initcall init_hugetlbfs_fs+0x0/0xf6 returned 0 after 222 usecs
[    7.152137] calling  blk_scsi_ioctl_init+0x0/0x2a5 @ 1
[    7.158082] initcall blk_scsi_ioctl_init+0x0/0x2a5 returned 0 after 55 usecs
[    7.166029] calling  acpi_event_init+0x0/0x2c @ 1
[    7.171704] initcall acpi_event_init+0x0/0x2c returned 0 after 274 usecs
[    7.179316] calling  pnp_system_init+0x0/0xc @ 1
[    7.185728] initcall pnp_system_init+0x0/0xc returned 0 after 929 usecs
[    7.193312] calling  pnpacpi_init+0x0/0x69 @ 1
[    7.198576] pnp: PnP ACPI init
[    7.205107] pnp 00:00: Plug and Play ACPI device, IDs PNP0303 (active)
[    7.212938] pnp 00:01: Plug and Play ACPI device, IDs PNP0f13 (active)
[    7.220764] pnp 00:02: Plug and Play ACPI device, IDs PNP0400 (active)
[    7.228430] pnp 00:03: Plug and Play ACPI device, IDs PNP0501 (active)
[    7.236080] pnp 00:04: Plug and Play ACPI device, IDs PNP0b00 (active)
[    7.243709] system 00:05: [mem 0xb0000000-0xbfffffff window] has been reserved
[    7.251936] system 00:05: Plug and Play ACPI device, IDs PNP0c01 (active)
[    7.261356] pnp: PnP ACPI: found 6 devices
[    7.266089] initcall pnpacpi_init+0x0/0x69 returned 0 after 65996 usecs
[    7.273602] calling  chr_dev_init+0x0/0x14d @ 1
[    7.398493] initcall chr_dev_init+0x0/0x14d returned 0 after 116656 usecs
[    7.407746] calling  firmware_class_init+0x0/0x14a @ 1
[    7.413865] initcall firmware_class_init+0x0/0x14a returned 0 after 203 usecs
[    7.422018] calling  init_pcmcia_bus+0x0/0x5b @ 1
[    7.429212] initcall init_pcmcia_bus+0x0/0x5b returned 0 after 1703 usecs
[    7.437056] calling  init_acpi_pm_clocksource+0x0/0xda @ 1
[    7.449109] clocksource: acpi_pm: mask: 0xffffff max_cycles: 0xffffff, max_idle_ns: 2085701024 ns
[    7.459738] initcall init_acpi_pm_clocksource+0x0/0xda returned 0 after 15776 usecs
[    7.469058] calling  sysctl_core_init+0x0/0x26 @ 1
[    7.475214] initcall sysctl_core_init+0x0/0x26 returned 0 after 265 usecs
[    7.483373] calling  eth_offload_init+0x0/0x13 @ 1
[    7.489351] initcall eth_offload_init+0x0/0x13 returned 0 after 112 usecs
[    7.497529] calling  ipv4_offload_init+0x0/0x73 @ 1
[    7.503879] initcall ipv4_offload_init+0x0/0x73 returned 0 after 168 usecs
[    7.512649] calling  inet_init+0x0/0x276 @ 1
[    7.520735] NET: Registered protocol family 2
[    7.526934] IP idents hash table entries: 8192 (order: 4, 65536 bytes, linear)
[    7.551684] tcp_listen_portaddr_hash hash table entries: 256 (order: 2, 20480 bytes, linear)
[    7.564449] TCP established hash table entries: 4096 (order: 3, 32768 bytes, linear)
[    7.581979] TCP bind hash table entries: 4096 (order: 6, 294912 bytes, linear)
[    7.663064] TCP: Hash tables configured (established 4096 bind 4096)
[    7.671158] UDP hash table entries: 256 (order: 3, 40960 bytes, linear)
[    7.679121] UDP-Lite hash table entries: 256 (order: 3, 40960 bytes, linear)
[    7.689605] initcall inet_init+0x0/0x276 returned 0 after 167752 usecs
[    7.697604] calling  af_unix_init+0x0/0x4d @ 1
[    7.703174] NET: Registered protocol family 1
[    7.709128] initcall af_unix_init+0x0/0x4d returned 0 after 5848 usecs
[    7.717150] calling  ipv6_offload_init+0x0/0x7e @ 1
[    7.723336] initcall ipv6_offload_init+0x0/0x7e returned 0 after 85 usecs
[    7.731716] calling  init_sunrpc+0x0/0x65 @ 1
[    7.745315] RPC: Registered named UNIX socket transport module.
[    7.752984] RPC: Registered udp transport module.
[    7.758812] RPC: Registered tcp transport module.
[    7.764776] RPC: Registered tcp NFSv4.1 backchannel transport module.
[    7.772794] initcall init_sunrpc+0x0/0x65 returned 0 after 34907 usecs
[    7.781304] calling  cfg80211_init+0x0/0xc5 @ 1
[    7.794168] initcall cfg80211_init+0x0/0xc5 returned 0 after 5764 usecs
[    7.804557] calling  pcibios_assign_resources+0x0/0xbf @ 1
[    7.813712] pci_bus 0000:00: resource 4 [io  0x0000-0x0cf7 window]
[    7.821020] pci_bus 0000:00: resource 5 [io  0x0d00-0xffff window]
[    7.828271] pci_bus 0000:00: resource 6 [mem 0x000a0000-0x000bffff window]
[    7.836572] pci_bus 0000:00: resource 7 [mem 0x20000000-0xafffffff window]
[    7.844566] pci_bus 0000:00: resource 8 [mem 0xc0000000-0xfebfffff window]
[    7.852711] pci_bus 0000:00: resource 9 [mem 0x100000000-0x8ffffffff window]
[    7.862105] initcall pcibios_assign_resources+0x0/0xbf returned 0 after 47942 usecs
[    7.871417] calling  pci_apply_final_quirks+0x0/0x124 @ 1
[    7.878637] pci 0000:00:01.0: calling  pci_fixup_video+0x0/0xe0 @ 1
[    7.886247] pci 0000:00:01.0: Video device with shadowed ROM at [mem 0x000c0000-0x000dffff]
[    7.896070] pci 0000:00:01.0: pci_fixup_video+0x0/0xe0 took 9890 usecs
[    7.904382] PCI: CLS 0 bytes, default 64
[    7.909289] initcall pci_apply_final_quirks+0x0/0x124 returned 0 after 30655 usecs
[    7.917973] calling  acpi_reserve_resources+0x0/0xea @ 1
[    7.924301] initcall acpi_reserve_resources+0x0/0xea returned 0 after 35 usecs
[    7.932627] calling  populate_rootfs+0x0/0x102 @ 1
[    7.943616] initcall populate_rootfs+0x0/0x102 returned 0 after 5249 usecs
[    7.951932] calling  pci_iommu_init+0x0/0x3e @ 1
[    7.957429] initcall pci_iommu_init+0x0/0x3e returned 0 after 41 usecs
[    7.967275] calling  ia32_binfmt_init+0x0/0x13 @ 1
[    7.972987] initcall ia32_binfmt_init+0x0/0x13 returned 0 after 7 usecs
[    7.981005] calling  rapl_pmu_init+0x0/0x267 @ 1
[    7.986625] initcall rapl_pmu_init+0x0/0x267 returned -19 after 106 usecs
[    7.994601] calling  amd_uncore_init+0x0/0x310 @ 1
[    8.000312] initcall amd_uncore_init+0x0/0x310 returned -19 after 0 usecs
[    8.008082] calling  amd_ibs_init+0x0/0x27b @ 1
[    8.014037] initcall amd_ibs_init+0x0/0x27b returned -19 after 0 usecs
[    8.023595] calling  amd_iommu_pc_init+0x0/0x22c @ 1
[    8.030797] initcall amd_iommu_pc_init+0x0/0x22c returned -19 after 103 usecs
[    8.040893] calling  msr_init+0x0/0x55 @ 1
[    8.046881] initcall msr_init+0x0/0x55 returned 0 after 157 usecs
[    8.054655] calling  intel_uncore_init+0x0/0x36f @ 1
[    8.060812] initcall intel_uncore_init+0x0/0x36f returned -19 after 27 usecs
[    8.069210] calling  cstate_pmu_init+0x0/0x1a1 @ 1
[    8.074867] initcall cstate_pmu_init+0x0/0x1a1 returned -19 after 0 usecs
[    8.082534] calling  register_kernel_offset_dumper+0x0/0x1a @ 1
[    8.089169] initcall register_kernel_offset_dumper+0x0/0x1a returned 0 after 14 usecs
[    8.098087] calling  i8259A_init_ops+0x0/0x20 @ 1
[    8.103490] initcall i8259A_init_ops+0x0/0x20 returned 0 after 1 usecs
[    8.110951] calling  init_tsc_clocksource+0x0/0xa4 @ 1
[    8.116894] clocksource: tsc: mask: 0xffffffffffffffff max_cycles: 0x39a85afc727, max_idle_ns: 881590685098 ns
[    8.128091] initcall init_tsc_clocksource+0x0/0xa4 returned 0 after 10933 usecs
[    8.136775] calling  add_rtc_cmos+0x0/0xb0 @ 1
[    8.142148] initcall add_rtc_cmos+0x0/0xb0 returned 0 after 74 usecs
[    8.149329] calling  i8237A_init_ops+0x0/0x3a @ 1
[    8.154804] initcall i8237A_init_ops+0x0/0x3a returned 0 after 119 usecs
[    8.162357] calling  umwait_init+0x0/0x94 @ 1
[    8.167396] initcall umwait_init+0x0/0x94 returned -19 after 30 usecs
[    8.174885] calling  thermal_throttle_init_device+0x0/0x3d @ 1
[    8.182628] initcall thermal_throttle_init_device+0x0/0x3d returned 0 after 178 usecs
[    8.191669] calling  msr_init+0x0/0xd7 @ 1
[    8.222622] initcall msr_init+0x0/0xd7 returned 0 after 25586 usecs
[    8.230714] calling  cpuid_init+0x0/0xd7 @ 1
[    8.252276] initcall cpuid_init+0x0/0xd7 returned 0 after 15939 usecs
[    8.259810] calling  ioapic_init_ops+0x0/0x13 @ 1
[    8.265579] initcall ioapic_init_ops+0x0/0x13 returned 0 after 17 usecs
[    8.273374] calling  add_pcspkr+0x0/0x6c @ 1
[    8.278310] initcall add_pcspkr+0x0/0x6c returned 0 after 74 usecs
[    8.285719] calling  start_periodic_check_for_corruption+0x0/0x30 @ 1
[    8.293360] check: Scanning for low memory corruption every 60 seconds
[    8.300831] initcall start_periodic_check_for_corruption+0x0/0x30 returned 0 after 7428 usecs
[    8.311798] calling  sysfb_init+0x0/0x9c @ 1
[    8.317046] initcall sysfb_init+0x0/0x9c returned 0 after 188 usecs
[    8.324143] calling  audit_classes_init+0x0/0xae @ 1
[    8.331072] initcall audit_classes_init+0x0/0xae returned 0 after 192 usecs
[    8.339290] calling  iosf_mbi_init+0x0/0x24 @ 1
[    8.345032] initcall iosf_mbi_init+0x0/0x24 returned 0 after 174 usecs
[    8.352692] calling  proc_execdomains_init+0x0/0x21 @ 1
[    8.358899] initcall proc_execdomains_init+0x0/0x21 returned 0 after 65 usecs
[    8.367220] calling  register_warn_debugfs+0x0/0x23 @ 1
[    8.373707] initcall register_warn_debugfs+0x0/0x23 returned 0 after 181 usecs
[    8.382374] calling  cpuhp_sysfs_init+0x0/0x79 @ 1
[    8.388306] initcall cpuhp_sysfs_init+0x0/0x79 returned 0 after 185 usecs
[    8.397381] calling  ioresources_init+0x0/0x49 @ 1
[    8.407725] initcall ioresources_init+0x0/0x49 returned 0 after 9 usecs
[    8.416177] calling  lockdep_proc_init+0x0/0x44 @ 1
[    8.422198] initcall lockdep_proc_init+0x0/0x44 returned 0 after 57 usecs
[    8.430290] calling  snapshot_device_init+0x0/0xc @ 1
[    8.438089] initcall snapshot_device_init+0x0/0xc returned 0 after 1636 usecs
[    8.446585] calling  irq_pm_init_ops+0x0/0x13 @ 1
[    8.452458] initcall irq_pm_init_ops+0x0/0x13 returned 0 after 102 usecs
[    8.460336] calling  rcu_torture_init+0x0/0xaad @ 1
[    8.466289] rcu-torture:--- Start of test: nreaders=7 nfakewriters=4 stat_interval=15 verbose=1 test_no_idle_hz=1 shuffle_interval=3 stutter=5 irqreader=1 fqs_duration=0 fqs_holdoff=0 fqs_stutter=3 test_boost=1/0 test_boost_interval=7 test_boost_duration=4 shutdown_secs=3600 stall_cpu=0 stall_cpu_holdoff=10 stall_cpu_irqsoff=0 stall_cpu_block=0 n_barrier_cbs=4 onoff_interval=1000 onoff_holdoff=30 read_exit_delay=13 read_exit_burst=16
[    8.509300] rcu:  Start-test grace-period state: g-1040 f0x0
[    8.515913] rcu-torture: Creating rcu_torture_writer task
[    8.527307] rcu-torture: Creating rcu_torture_fakewriter task
[    8.529493] rcu-torture: rcu_torture_writer task started
[    8.537066] rcu-torture: Creating rcu_torture_fakewriter task
[    8.537948] rcu-torture: rcu_torture_fakewriter task started
[    8.540504] rcu-torture: GP expediting controlled from boot/sysfs for rcu.
[    8.552100] rcu-torture: Creating rcu_torture_fakewriter task
[    8.553044] rcu-torture: rcu_torture_fakewriter task started
[    8.555163] rcu_torture_writer: Testing conditional GPs.
[    8.566037] rcu-torture: Creating rcu_torture_fakewriter task
[    8.566349] rcu-torture: rcu_torture_fakewriter task started
[    8.570339] rcu_torture_writer: Testing expedited GPs.
[    8.581472] rcu-torture: Creating rcu_torture_reader task
[    8.581869] rcu-torture: rcu_torture_fakewriter task started
[    8.583843] rcu_torture_writer: Testing asynchronous GPs.
[    8.592963] rcu-torture: Creating rcu_torture_reader task
[    8.593422] rcu-torture: rcu_torture_reader task started
[    8.597817] rcu_torture_writer: Testing normal GPs.
[    8.606595] rcu-torture: Creating rcu_torture_reader task
[    8.606891] rcu-torture: rcu_torture_reader task started
[    8.659075] rcu-torture: Creating rcu_torture_reader task
[    8.659301] rcu-torture: rcu_torture_reader task started
[    8.668415] rcu-torture: Creating rcu_torture_reader task
[    8.668784] rcu-torture: rcu_torture_reader task started
[    8.690394] rcu-torture: Creating rcu_torture_reader task
[    8.690790] rcu-torture: rcu_torture_reader task started
[    8.701156] rcu-torture: Creating rcu_torture_reader task
[    8.701785] rcu-torture: rcu_torture_reader task started
[    8.722129] rcu-torture: Creating rcu_torture_stats task
[    8.722412] rcu-torture: rcu_torture_reader task started
[    8.738417] rcu-torture: Creating torture_shuffle task
[    8.739887] rcu-torture: rcu_torture_stats task started
[    8.748223] rcu-torture: Creating torture_stutter task
[    8.748241] rcu-torture: torture_shuffle task started
[    8.766956] rcu-torture: Creating torture_shutdown task
[    8.767316] rcu-torture: torture_stutter task started
[    8.775270] rcu-torture: Creating torture_onoff task
[    8.775294] rcu-torture: torture_shutdown task started
[    8.775297] rcu-torture:torture_shutdown task: 3599991 ms remaining
[    8.803068] rcu-torture: Creating rcu_torture_fwd_prog task
[    8.803342] rcu-torture: torture_onoff task started
[    8.810944] rcu-torture: Creating rcu_torture_barrier_cbs task
[    8.810964] rcu-torture: rcu_torture_fwd_progress task started
[    8.816064] rcu-torture: torture_onoff begin holdoff
[    8.824872] rcu-torture: Creating rcu_torture_barrier_cbs task
[    8.824967] rcu-torture: rcu_torture_barrier_cbs task started
[    8.852705] rcu-torture: Creating rcu_torture_barrier_cbs task
[    8.852907] rcu-torture: rcu_torture_barrier_cbs task started
[    8.864374] rcu-torture: Creating rcu_torture_barrier_cbs task
[    8.864827] rcu-torture: rcu_torture_barrier_cbs task started
[    8.882902] rcu-torture: Creating rcu_torture_barrier task
[    8.882963] rcu-torture: rcu_torture_barrier_cbs task started
[    8.891403] rcu-torture: Creating rcu_torture_read_exit task
[    8.891420] rcu-torture: rcu_torture_barrier task starting
[    8.913775] initcall rcu_torture_init+0x0/0xaad returned 0 after 437254 usecs
[    8.913879] rcu-torture: rcu_torture_read_exit: Start of test
[    8.922715] calling  timekeeping_init_ops+0x0/0x13 @ 1
[    8.931403] rcu_torture_rea (124) used greatest stack depth: 15120 bytes left
[    8.935975] initcall timekeeping_init_ops+0x0/0x13 returned 0 after 2 usecs
[    8.935979] calling  init_clocksource_sysfs+0x0/0x23 @ 1
[    8.936479] initcall init_clocksource_sysfs+0x0/0x23 returned 0 after 483 usecs
[    8.968781] calling  init_timer_list_procfs+0x0/0x31 @ 1
[    8.975307] initcall init_timer_list_procfs+0x0/0x31 returned 0 after 7 usecs
[    8.983702] calling  alarmtimer_init+0x0/0xf5 @ 1
[    8.989440] initcall alarmtimer_init+0x0/0xf5 returned 0 after 101 usecs
[    8.997472] calling  init_posix_timers+0x0/0x29 @ 1
[    9.003989] initcall init_posix_timers+0x0/0x29 returned 0 after 355 usecs
[    9.012217] calling  clockevents_init_sysfs+0x0/0xbf @ 1
[    9.018903] initcall clockevents_init_sysfs+0x0/0xbf returned 0 after 380 usecs
[    9.027575] calling  proc_dma_init+0x0/0x21 @ 1
[    9.033887] initcall proc_dma_init+0x0/0x21 returned 0 after 301 usecs
[    9.041738] calling  proc_modules_init+0x0/0x1e @ 1
[    9.047760] initcall proc_modules_init+0x0/0x1e returned 0 after 5 usecs
[    9.055758] calling  kallsyms_init+0x0/0x21 @ 1
[    9.061272] initcall kallsyms_init+0x0/0x21 returned 0 after 5 usecs
[    9.069049] calling  pid_namespaces_init+0x0/0x2c @ 1
[    9.075176] initcall pid_namespaces_init+0x0/0x2c returned 0 after 17 usecs
[    9.083526] calling  audit_watch_init+0x0/0x37 @ 1
[    9.089603] initcall audit_watch_init+0x0/0x37 returned 0 after 2 usecs
[    9.098450] calling  audit_fsnotify_init+0x0/0x37 @ 1
[    9.105591] initcall audit_fsnotify_init+0x0/0x37 returned 0 after 4 usecs
[    9.114505] calling  audit_tree_init+0x0/0x6d @ 1
[    9.120981] initcall audit_tree_init+0x0/0x6d returned 0 after 13 usecs
[    9.129785] calling  seccomp_sysctl_init+0x0/0x2b @ 1
[    9.136770] initcall seccomp_sysctl_init+0x0/0x2b returned 0 after 33 usecs
[    9.146905] calling  utsname_sysctl_init+0x0/0x13 @ 1
[    9.154295] initcall utsname_sysctl_init+0x0/0x13 returned 0 after 30 usecs
[    9.164894] calling  init_tracepoints+0x0/0x27 @ 1
[    9.173131] initcall init_tracepoints+0x0/0x27 returned 0 after 38 usecs
[    9.181614] calling  init_blk_tracer+0x0/0x50 @ 1
[    9.189038] initcall init_blk_tracer+0x0/0x50 returned 0 after 1416 usecs
[    9.197609] calling  perf_event_sysfs_init+0x0/0x83 @ 1
[    9.204773] initcall perf_event_sysfs_init+0x0/0x83 returned 0 after 500 usecs
[    9.214859] calling  system_trusted_keyring_init+0x0/0x60 @ 1
[    9.222198] Initialise system trusted keyrings
[    9.229475] initcall system_trusted_keyring_init+0x0/0x60 returned 0 after 7103 usecs
[    9.240464] calling  kswapd_init+0x0/0x5c @ 1
[    9.251923] initcall kswapd_init+0x0/0x5c returned 0 after 5088 usecs
[    9.261586] calling  extfrag_debug_init+0x0/0x54 @ 1
[    9.270501] initcall extfrag_debug_init+0x0/0x54 returned 0 after 260 usecs
[    9.282019] calling  mm_compute_batch_init+0x0/0x12 @ 1
[    9.289126] initcall mm_compute_batch_init+0x0/0x12 returned 0 after 33 usecs
[    9.303150] calling  slab_proc_init+0x0/0x21 @ 1
[    9.313571] initcall slab_proc_init+0x0/0x21 returned 0 after 1028 usecs
[    9.325160] calling  workingset_init+0x0/0x8c @ 1
[    9.332874] workingset: timestamp_bits=56 max_order=17 bucket_order=0
[    9.343678] initcall workingset_init+0x0/0x8c returned 0 after 10544 usecs
[    9.355359] calling  proc_vmalloc_init+0x0/0x32 @ 1
[    9.367934] initcall proc_vmalloc_init+0x0/0x32 returned 0 after 7 usecs
[    9.377371] calling  procswaps_init+0x0/0x1e @ 1
[    9.386004] initcall procswaps_init+0x0/0x1e returned 0 after 244 usecs
[    9.398130] calling  slab_sysfs_init+0x0/0xec @ 1
[    9.532402] initcall slab_sysfs_init+0x0/0xec returned 0 after 122179 usecs
[    9.541050] calling  fcntl_init+0x0/0x29 @ 1
[    9.547056] initcall fcntl_init+0x0/0x29 returned 0 after 181 usecs
[    9.556012] calling  proc_filesystems_init+0x0/0x21 @ 1
[    9.562697] initcall proc_filesystems_init+0x0/0x21 returned 0 after 6 usecs
[    9.571687] calling  start_dirtytime_writeback+0x0/0x29 @ 1
[    9.579356] initcall start_dirtytime_writeback+0x0/0x29 returned 0 after 2 usecs
[    9.589190] calling  blkdev_init+0x0/0x1b @ 1
[    9.595753] initcall blkdev_init+0x0/0x1b returned 0 after 451 usecs
[    9.604153] calling  dio_init+0x0/0x2c @ 1
[    9.609745] initcall dio_init+0x0/0x2c returned 0 after 73 usecs
[    9.617857] calling  dnotify_init+0x0/0x78 @ 1
[    9.624102] initcall dnotify_init+0x0/0x78 returned 0 after 113 usecs
[    9.632828] calling  aio_setup+0x0/0x78 @ 1
[    9.638902] initcall aio_setup+0x0/0x78 returned 0 after 401 usecs
[    9.647159] calling  io_uring_init+0x0/0x2c @ 1
[    9.653381] initcall io_uring_init+0x0/0x2c returned 0 after 11 usecs
[    9.663092] calling  mbcache_init+0x0/0x30 @ 1
[    9.670350] initcall mbcache_init+0x0/0x30 returned 0 after 128 usecs
[    9.680725] calling  init_grace+0x0/0xc @ 1
[    9.687623] initcall init_grace+0x0/0xc returned 0 after 5 usecs
[    9.697609] calling  init_v2_quota_format+0x0/0x21 @ 1
[    9.705778] initcall init_v2_quota_format+0x0/0x21 returned 0 after 323 usecs
[    9.715209] calling  init_devpts_fs+0x0/0x27 @ 1
[    9.721280] initcall init_devpts_fs+0x0/0x27 returned 0 after 33 usecs
[    9.730019] calling  ext4_init_fs+0x0/0x1c2 @ 1
[    9.738452] initcall ext4_init_fs+0x0/0x1c2 returned 0 after 2336 usecs
[    9.748300] calling  journal_init+0x0/0x11c @ 1
[    9.756014] initcall journal_init+0x0/0x11c returned 0 after 273 usecs
[    9.767393] calling  init_fat_fs+0x0/0x49 @ 1
[    9.776250] initcall init_fat_fs+0x0/0x49 returned 0 after 266 usecs
[    9.789326] calling  init_vfat_fs+0x0/0xc @ 1
[    9.796880] initcall init_vfat_fs+0x0/0xc returned 0 after 68 usecs
[    9.805545] calling  init_msdos_fs+0x0/0xc @ 1
[    9.811793] initcall init_msdos_fs+0x0/0xc returned 0 after 4 usecs
[    9.820156] calling  init_iso9660_fs+0x0/0x6c @ 1
[    9.827155] initcall init_iso9660_fs+0x0/0x6c returned 0 after 233 usecs
[    9.835907] calling  init_nfs_fs+0x0/0x13a @ 1
[    9.847570] initcall init_nfs_fs+0x0/0x13a returned 0 after 5485 usecs
[    9.856639] calling  init_nfs_v2+0x0/0x13 @ 1
[    9.862715] initcall init_nfs_v2+0x0/0x13 returned 0 after 115 usecs
[    9.871834] calling  init_nfs_v3+0x0/0x13 @ 1
[    9.878108] initcall init_nfs_v3+0x0/0x13 returned 0 after 32 usecs
[    9.887038] calling  init_nfs_v4+0x0/0x32 @ 1
[    9.893150] NFS: Registering the id_resolver key type
[    9.900174] Key type id_resolver registered
[    9.905888] Key type id_legacy registered
[    9.912062] initcall init_nfs_v4+0x0/0x32 returned 0 after 18516 usecs
[    9.921052] calling  init_nlm+0x0/0x5b @ 1
[    9.927431] initcall init_nlm+0x0/0x5b returned 0 after 56 usecs
[    9.935627] calling  init_nls_cp437+0x0/0xe @ 1
[    9.942031] initcall init_nls_cp437+0x0/0xe returned 0 after 69 usecs
[    9.951558] calling  init_nls_ascii+0x0/0xe @ 1
[    9.957853] initcall init_nls_ascii+0x0/0xe returned 0 after 1 usecs
[    9.967257] calling  init_nls_iso8859_1+0x0/0xe @ 1
[    9.974639] initcall init_nls_iso8859_1+0x0/0xe returned 0 after 1 usecs
[    9.983928] calling  init_nls_utf8+0x0/0x21 @ 1
[    9.990372] initcall init_nls_utf8+0x0/0x21 returned 0 after 1 usecs
[    9.999182] calling  init_autofs_fs+0x0/0x25 @ 1
[   10.007016] initcall init_autofs_fs+0x0/0x25 returned 0 after 1489 usecs
[   10.016687] calling  ipc_init+0x0/0x24 @ 1
[   10.022868] initcall ipc_init+0x0/0x24 returned 0 after 75 usecs
[   10.031602] calling  ipc_sysctl_init+0x0/0x13 @ 1
[   10.038164] initcall ipc_sysctl_init+0x0/0x13 returned 0 after 14 usecs
[   10.047405] calling  init_mqueue_fs+0x0/0xb1 @ 1
[   10.054351] initcall init_mqueue_fs+0x0/0xb1 returned 0 after 628 usecs
[   10.063764] calling  key_proc_init+0x0/0x63 @ 1
[   10.070337] initcall key_proc_init+0x0/0x63 returned 0 after 6 usecs
[   10.079207] calling  selinux_nf_ip_init+0x0/0x2e @ 1
[   10.085983] initcall selinux_nf_ip_init+0x0/0x2e returned 0 after 16 usecs
[   10.095800] calling  init_sel_fs+0x0/0x116 @ 1
[   10.102773] initcall init_sel_fs+0x0/0x116 returned 0 after 0 usecs
[   10.112891] calling  selnl_init+0x0/0x7c @ 1
[   10.119773] initcall selnl_init+0x0/0x7c returned 0 after 319 usecs
[   10.131134] calling  sel_netif_init+0x0/0x36 @ 1
[   10.137312] initcall sel_netif_init+0x0/0x36 returned 0 after 0 usecs
[   10.145396] calling  sel_netnode_init+0x0/0x33 @ 1
[   10.151781] initcall sel_netnode_init+0x0/0x33 returned 0 after 0 usecs
[   10.161222] calling  sel_netport_init+0x0/0x33 @ 1
[   10.168155] initcall sel_netport_init+0x0/0x33 returned 0 after 1 usecs
[   10.177536] calling  aurule_init+0x0/0x2a @ 1
[   10.183965] initcall aurule_init+0x0/0x2a returned 0 after 2 usecs
[   10.192718] calling  crypto_algapi_init+0x0/0xc @ 1
[   10.199886] initcall crypto_algapi_init+0x0/0xc returned 0 after 6 usecs
[   10.209333] calling  jent_mod_init+0x0/0x2d @ 1
[   10.228250] initcall jent_mod_init+0x0/0x2d returned 0 after 11595 usecs
[   10.238248] calling  asymmetric_key_init+0x0/0xc @ 1
[   10.245309] Key type asymmetric registered
[   10.251186] initcall asymmetric_key_init+0x0/0xc returned 0 after 5736 usecs
[   10.260861] calling  x509_key_init+0x0/0xc @ 1
[   10.267334] Asymmetric key parser 'x509' registered
[   10.274454] initcall x509_key_init+0x0/0xc returned 0 after 7006 usecs
[   10.296889] calling  proc_genhd_init+0x0/0x41 @ 1
[   10.303966] initcall proc_genhd_init+0x0/0x41 returned 0 after 82 usecs
[   10.313654] calling  bsg_init+0x0/0x113 @ 1
[   10.320914] Block layer SCSI generic (bsg) driver version 0.4 loaded (major 251)
[   10.330335] initcall bsg_init+0x0/0x113 returned 0 after 10242 usecs
[   10.338276] calling  deadline_init+0x0/0xc @ 1
[   10.345022] io scheduler mq-deadline registered
[   10.350786] initcall deadline_init+0x0/0xc returned 0 after 6142 usecs
[   10.359281] calling  kyber_init+0x0/0xc @ 1
[   10.364972] io scheduler kyber registered
[   10.370845] initcall kyber_init+0x0/0xc returned 0 after 5675 usecs
[   10.379800] calling  mod_init+0x0/0x7 @ 1
[   10.385492] initcall mod_init+0x0/0x7 returned 0 after 0 usecs
[   10.393652] calling  debug_objects_init_debugfs+0x0/0x3b @ 1
[   10.401330] initcall debug_objects_init_debugfs+0x0/0x3b returned 0 after 117 usecs
[   10.411632] calling  percpu_counter_startup+0x0/0x55 @ 1
[   10.433269] initcall percpu_counter_startup+0x0/0x55 returned 0 after 13785 usecs
[   10.444467] calling  sg_pool_init+0x0/0xb4 @ 1
[   10.455794] initcall sg_pool_init+0x0/0xb4 returned 0 after 4591 usecs
[   10.464945] calling  pcie_portdrv_init+0x0/0x39 @ 1
[   10.472010] initcall pcie_portdrv_init+0x0/0x39 returned 0 after 198 usecs
[   10.481748] calling  pci_proc_init+0x0/0x68 @ 1
[   10.488274] initcall pci_proc_init+0x0/0x68 returned 0 after 25 usecs
[   10.497564] calling  pci_hotplug_init+0x0/0x7 @ 1
[   10.504824] initcall pci_hotplug_init+0x0/0x7 returned 0 after 0 usecs
[   10.513963] calling  efifb_driver_init+0x0/0xe @ 1
[   10.520731] initcall efifb_driver_init+0x0/0xe returned 0 after 35 usecs
[   10.531466] calling  ged_driver_init+0x0/0xe @ 1
[   10.539013] initcall ged_driver_init+0x0/0xe returned 0 after 48 usecs
[   10.549555] calling  acpi_ac_init+0x0/0x92 @ 1
[   10.556323] initcall acpi_ac_init+0x0/0x92 returned 0 after 152 usecs
[   10.564768] calling  acpi_button_driver_init+0x0/0x52 @ 1
[   10.573434] input: Power Button as /devices/LNXSYSTM:00/LNXPWRBN:00/input/input0
[   10.586780] ACPI: Power Button [PWRF]
[   10.593395] initcall acpi_button_driver_init+0x0/0x52 returned 0 after 20812 usecs
[   10.605086] calling  acpi_fan_driver_init+0x0/0xe @ 1
[   10.612884] initcall acpi_fan_driver_init+0x0/0xe returned 0 after 34 usecs
[   10.623551] calling  acpi_video_init+0x0/0xcb @ 1
[   10.631068] initcall acpi_video_init+0x0/0xcb returned 0 after 172 usecs
[   10.640815] calling  acpi_processor_driver_init+0x0/0xad @ 1
[   10.652779] initcall acpi_processor_driver_init+0x0/0xad returned 0 after 3368 usecs
[   10.664039] calling  acpi_thermal_init+0x0/0x71 @ 1
[   10.673473] initcall acpi_thermal_init+0x0/0x71 returned 0 after 2357 usecs
[   10.684191] calling  acpi_battery_init+0x0/0x32 @ 1
[   10.691746] initcall acpi_battery_init+0x0/0x32 returned 0 after 77 usecs
[   10.702379] calling  bgrt_init+0x0/0xb6 @ 1
[   10.709346] initcall bgrt_init+0x0/0xb6 returned -19 after 0 usecs
[   10.719436] calling  gpio_clk_driver_init+0x0/0xe @ 1
[   10.727372] initcall gpio_clk_driver_init+0x0/0xe returned 0 after 135 usecs
[   10.759937] calling  plt_clk_driver_init+0x0/0xe @ 1
[   10.767997] initcall plt_clk_driver_init+0x0/0xe returned 0 after 29 usecs
[   10.778793] calling  virtio_pci_driver_init+0x0/0x15 @ 1
[   10.787450] initcall virtio_pci_driver_init+0x0/0x15 returned 0 after 146 usecs
[   10.800223] calling  n_null_init+0x0/0x1e @ 1
[   10.808354] initcall n_null_init+0x0/0x1e returned 0 after 24 usecs
[   10.818740] calling  pty_init+0x0/0x1e8 @ 1
[   10.827163] initcall pty_init+0x0/0x1e8 returned 0 after 1889 usecs
[   10.837681] calling  sysrq_init+0x0/0x62 @ 1
[   10.844578] initcall sysrq_init+0x0/0x62 returned 0 after 25 usecs
[   10.856670] calling  serial8250_init+0x0/0x17e @ 1
[   10.864361] Serial: 8250/16550 driver, 4 ports, IRQ sharing enabled
[   10.877937] 00:03: ttyS0 at I/O 0x3f8 (irq = 4, base_baud = 115200) is a 16550A
[   10.907566] initcall serial8250_init+0x0/0x17e returned 0 after 41265 usecs
[   10.917950] calling  serial_pci_driver_init+0x0/0x15 @ 1
[   10.925293] initcall serial_pci_driver_init+0x0/0x15 returned 0 after 111 usecs
[   10.935700] calling  exar_pci_driver_init+0x0/0x15 @ 1
[   10.942820] initcall exar_pci_driver_init+0x0/0x15 returned 0 after 44 usecs
[   10.953364] calling  lpss8250_pci_driver_init+0x0/0x15 @ 1
[   10.961268] initcall lpss8250_pci_driver_init+0x0/0x15 returned 0 after 280 usecs
[   10.971484] calling  mid8250_pci_driver_init+0x0/0x15 @ 1
[   10.978983] initcall mid8250_pci_driver_init+0x0/0x15 returned 0 after 47 usecs
[   10.988830] calling  virtio_console_init+0x0/0xff @ 1
[   10.996737] initcall virtio_console_init+0x0/0xff returned 0 after 155 usecs
[   11.008257] calling  hpet_init+0x0/0x64 @ 1
[   11.019942] initcall hpet_init+0x0/0x64 returned 0 after 4428 usecs
[   11.029444] calling  nvram_module_init+0x0/0x83 @ 1
[   11.038104] Non-volatile memory driver v1.3
[   11.044721] initcall nvram_module_init+0x0/0x83 returned 0 after 8312 usecs
[   11.056029] calling  hwrng_modinit+0x0/0x8a @ 1
[   11.069347] initcall hwrng_modinit+0x0/0x8a returned 0 after 6008 usecs
[   11.080428] calling  mod_init+0x0/0x48 @ 1
[   11.086721] initcall mod_init+0x0/0x48 returned -19 after 0 usecs
[   11.095717] calling  agp_init+0x0/0x23 @ 1
[   11.102125] Linux agpgart interface v0.103
[   11.108840] initcall agp_init+0x0/0x23 returned 0 after 6556 usecs
[   11.118613] calling  agp_amd64_mod_init+0x0/0x5 @ 1
[   11.127139] initcall agp_amd64_mod_init+0x0/0x5 returned -19 after 160 usecs
[   11.138365] calling  agp_intel_init+0x0/0x28 @ 1
[   11.148248] initcall agp_intel_init+0x0/0x28 returned 0 after 1310 usecs
[   11.161366] calling  drm_kms_helper_init+0x0/0x7 @ 1
[   11.169265] initcall drm_kms_helper_init+0x0/0x7 returned 0 after 0 usecs
[   11.180432] calling  drm_core_init+0x0/0xbd @ 1
[   11.191180] initcall drm_core_init+0x0/0xbd returned 0 after 3431 usecs
[   11.201651] calling  i915_init+0x0/0x6b @ 1
[   11.212802] hrtimer: interrupt took 2868505 ns
[   11.220503] initcall i915_init+0x0/0x6b returned 0 after 11804 usecs
[   11.231239] calling  cn_proc_init+0x0/0x35 @ 1
[   11.239099] initcall cn_proc_init+0x0/0x35 returned 0 after 26 usecs
[   11.248965] calling  topology_sysfs_init+0x0/0x27 @ 1
[   11.257149] initcall topology_sysfs_init+0x0/0x27 returned 0 after 171 usecs
[   11.268229] calling  cacheinfo_sysfs_init+0x0/0x27 @ 1
[   11.310128] initcall cacheinfo_sysfs_init+0x0/0x27 returned 0 after 32915 usecs
[   11.321210] calling  loop_init+0x0/0x16a @ 1
[   11.581083] loop: module loaded
[   11.586558] initcall loop_init+0x0/0x16a returned 0 after 252498 usecs
[   11.597383] calling  mac_hid_init+0x0/0x21 @ 1
[   11.604404] initcall mac_hid_init+0x0/0x21 returned 0 after 196 usecs
[   11.614728] calling  spi_transport_init+0x0/0x74 @ 1
[   11.623090] initcall spi_transport_init+0x0/0x74 returned 0 after 717 usecs
[   11.632989] calling  init_sd+0x0/0x18c @ 1
[   11.641519] initcall init_sd+0x0/0x18c returned 0 after 2417 usecs
[   11.651299] calling  init_sr+0x0/0x43 @ 1
[   11.659100] initcall init_sr+0x0/0x43 returned 0 after 194 usecs
[   11.668300] calling  init_sg+0x0/0x1c0 @ 1
[   11.674937] initcall init_sg+0x0/0x1c0 returned 0 after 399 usecs
[   11.684214] calling  ahci_pci_driver_init+0x0/0x15 @ 1
[   11.694087] ahci 0000:00:1f.2: version 3.0
[   11.706046] PCI Interrupt Link [GSIA] enabled at IRQ 16
[   11.809632] ahci 0000:00:1f.2: AHCI 0001.0000 32 slots 6 ports 1.5 Gbps 0x3f impl SATA mode
[   11.823177] ahci 0000:00:1f.2: flags: 64bit ncq only 
[   11.939624] scsi host0: ahci
[   11.987278] scsi host1: ahci
[   12.017019] scsi host2: ahci
[   12.044209] scsi host3: ahci
[   12.064148] scsi host4: ahci
[   12.078237] scsi host5: ahci
[   12.090187] ata1: SATA max UDMA/133 abar m4096@0xfebf1000 port 0xfebf1100 irq 24
[   12.101919] ata2: SATA max UDMA/133 abar m4096@0xfebf1000 port 0xfebf1180 irq 24
[   12.114211] ata3: SATA max UDMA/133 abar m4096@0xfebf1000 port 0xfebf1200 irq 24
[   12.126564] ata4: SATA max UDMA/133 abar m4096@0xfebf1000 port 0xfebf1280 irq 24
[   12.139250] ata5: SATA max UDMA/133 abar m4096@0xfebf1000 port 0xfebf1300 irq 24
[   12.152437] ata6: SATA max UDMA/133 abar m4096@0xfebf1000 port 0xfebf1380 irq 24
[   12.169735] initcall ahci_pci_driver_init+0x0/0x15 returned 0 after 465958 usecs
[   12.184844] calling  piix_init+0x0/0x26 @ 1
[   12.194093] initcall piix_init+0x0/0x26 returned 0 after 1249 usecs
[   12.205140] calling  amd_pci_driver_init+0x0/0x15 @ 1
[   12.214979] initcall amd_pci_driver_init+0x0/0x15 returned 0 after 556 usecs
[   12.226203] calling  oldpiix_pci_driver_init+0x0/0x15 @ 1
[   12.236350] initcall oldpiix_pci_driver_init+0x0/0x15 returned 0 after 524 usecs
[   12.248985] calling  sch_pci_driver_init+0x0/0x15 @ 1
[   12.260300] initcall sch_pci_driver_init+0x0/0x15 returned 0 after 37 usecs
[   12.270867] calling  net_olddevs_init+0x0/0x55 @ 1
[   12.282154] initcall net_olddevs_init+0x0/0x55 returned 0 after 4450 usecs
[   12.292754] calling  blackhole_netdev_init+0x0/0x78 @ 1
[   12.304411] initcall blackhole_netdev_init+0x0/0x78 returned 0 after 3546 usecs
[   12.316196] calling  phy_module_init+0x0/0x13 @ 1
[   12.325451] initcall phy_module_init+0x0/0x13 returned 0 after 1574 usecs
[   12.336999] calling  tg3_driver_init+0x0/0x15 @ 1
[   12.345342] initcall tg3_driver_init+0x0/0x15 returned 0 after 502 usecs
[   12.356111] calling  e100_init_module+0x0/0x4c @ 1
[   12.364137] e100: Intel(R) PRO/100 Network Driver
[   12.371833] e100: Copyright(c) 1999-2006 Intel Corporation
[   12.381525] initcall e100_init_module+0x0/0x4c returned 0 after 17126 usecs
[   12.393064] calling  e1000_init_module+0x0/0x72 @ 1
[   12.401272] e1000: Intel(R) PRO/1000 Network Driver
[   12.409449] e1000: Copyright (c) 1999-2006 Intel Corporation.
[   12.419194] initcall e1000_init_module+0x0/0x72 returned 0 after 17496 usecs
[   12.431019] calling  e1000_init_module+0x0/0x2d @ 1
[   12.442113] e1000e: Intel(R) PRO/1000 Network Driver
[   12.450732] e1000e: Copyright(c) 1999 - 2015 Intel Corporation.
[   12.462267] initcall e1000_init_module+0x0/0x2d returned 0 after 19730 usecs
[   12.474247] calling  sky2_init_module+0x0/0x21 @ 1
[   12.482819] sky2: driver version 1.30
[   12.489109] initcall sky2_init_module+0x0/0x21 returned 0 after 6137 usecs
[   12.490341] ata1: SATA link down (SStatus 0 SControl 300)
[   12.499966] calling  forcedeth_pci_driver_init+0x0/0x15 @ 1
[   12.500107] initcall forcedeth_pci_driver_init+0x0/0x15 returned 0 after 132 usecs
[   12.513501] ata2: SATA link down (SStatus 0 SControl 300)
[   12.519893] calling  rtl8139_init_module+0x0/0x15 @ 1
[   12.520051] initcall rtl8139_init_module+0x0/0x15 returned 0 after 150 usecs
[   12.538104] ata4: SATA link down (SStatus 0 SControl 300)
[   12.541214] calling  rtl8169_pci_driver_init+0x0/0x15 @ 1
[   12.557876] ata3: SATA link up 1.5 Gbps (SStatus 113 SControl 300)
[   12.563567] initcall rtl8169_pci_driver_init+0x0/0x15 returned 0 after 1498 usecs
[   12.576967] ata5: SATA link down (SStatus 0 SControl 300)
[   12.580252] calling  cdrom_init+0x0/0xc @ 1
[   12.591599] ata3.00: ATAPI: QEMU DVD-ROM, 2.5+, max UDMA/100
[   12.603432] initcall cdrom_init+0x0/0xc returned 0 after 776 usecs
[   12.611728] ata3.00: applying bridge limits
[   12.618922] calling  nonstatic_sysfs_init+0x0/0xc @ 1
[   12.633144] ata6: SATA link down (SStatus 0 SControl 300)
[   12.640481] initcall nonstatic_sysfs_init+0x0/0xc returned 0 after 298 usecs
[   12.657016] ata3.00: configured for UDMA/100
[   12.657718] calling  yenta_cardbus_driver_init+0x0/0x15 @ 1
[   12.691372] initcall yenta_cardbus_driver_init+0x0/0x15 returned 0 after 299 usecs
[   12.693221] scsi 2:0:0:0: CD-ROM            QEMU     QEMU DVD-ROM     2.5+ PQ: 0 ANSI: 5
[   12.703856] calling  mon_init+0x0/0x144 @ 1
[   12.738274] initcall mon_init+0x0/0x144 returned 0 after 16012 usecs
[   12.747847] calling  ehci_hcd_init+0x0/0x56 @ 1
[   12.755234] ehci_hcd: USB 2.0 'Enhanced' Host Controller (EHCI) Driver
[   12.766931] initcall ehci_hcd_init+0x0/0x56 returned 0 after 11664 usecs
[   12.776596] calling  ehci_pci_init+0x0/0x64 @ 1
[   12.783351] ehci-pci: EHCI PCI platform driver
[   12.796932] initcall ehci_pci_init+0x0/0x64 returned 0 after 13259 usecs
[   12.812097] calling  ohci_hcd_mod_init+0x0/0x4e @ 1
[   12.812518] sr 2:0:0:0: [sr0] scsi3-mmc drive: 4x/4x cd/rw xa/form2 tray
[   12.821023] ohci_hcd: USB 1.1 'Open' Host Controller (OHCI) Driver
[   12.821463] initcall ohci_hcd_mod_init+0x0/0x4e returned 0 after 402 usecs
[   12.821466] calling  ohci_pci_init+0x0/0x64 @ 1
[   12.821467] ohci-pci: OHCI PCI platform driver
[   12.822010] initcall ohci_pci_init+0x0/0x64 returned 0 after 527 usecs
[   12.822012] calling  uhci_hcd_init+0x0/0xa8 @ 1
[   12.822180] uhci_hcd: USB Universal Host Controller Interface driver
[   12.824067] initcall uhci_hcd_init+0x0/0xa8 returned 0 after 2003 usecs
[   12.833306] cdrom: Uniform CD-ROM driver Revision: 3.20
[   12.840903] calling  xhci_hcd_init+0x0/0x1e @ 1
[   12.921610] initcall xhci_hcd_init+0x0/0x1e returned 0 after 1000 usecs
[   12.941511] calling  xhci_pci_init+0x0/0x49 @ 1
[   12.949491] initcall xhci_pci_init+0x0/0x49 returned 0 after 241 usecs
[   12.965682] calling  usblp_driver_init+0x0/0x15 @ 1
[   12.984709] usbcore: registered new interface driver usblp
[   13.004819] initcall usblp_driver_init+0x0/0x15 returned 0 after 20287 usecs
[   13.019507] calling  usb_storage_driver_init+0x0/0x2a @ 1
[   13.049258] usbcore: registered new interface driver usb-storage
[   13.058424] initcall usb_storage_driver_init+0x0/0x2a returned 0 after 30367 usecs
[   13.069863] calling  i8042_init+0x0/0x4c2 @ 1
[   13.083230] i8042: PNP: PS/2 Controller [PNP0303:KBD,PNP0f13:MOU] at 0x60,0x64 irq 1,12
[   13.114335] sr 2:0:0:0: Attached scsi CD-ROM sr0
[   13.124319] sr 2:0:0:0: Attached scsi generic sg0 type 5
[   13.136364] serio: i8042 KBD port at 0x60,0x64 irq 1
[   13.144414] serio: i8042 AUX port at 0x60,0x64 irq 12
[   13.153167] initcall i8042_init+0x0/0x4c2 returned 0 after 74604 usecs
[   13.163266] calling  serport_init+0x0/0x2c @ 1
[   13.170423] initcall serport_init+0x0/0x2c returned 0 after 473 usecs
[   13.181516] calling  input_leds_init+0x0/0xc @ 1
[   13.190562] initcall input_leds_init+0x0/0xc returned 0 after 1325 usecs
[   13.201049] calling  evdev_init+0x0/0xc @ 1
[   13.211170] initcall evdev_init+0x0/0xc returned 0 after 2064 usecs
[   13.219927] calling  atkbd_init+0x0/0x21 @ 1
[   13.228011] initcall atkbd_init+0x0/0x21 returned 0 after 1819 usecs
[   13.243011] calling  psmouse_init+0x0/0x7f @ 1
[   13.258410] input: AT Translated Set 2 keyboard as /devices/platform/i8042/serio0/input/input1
[   13.270977] initcall psmouse_init+0x0/0x7f returned 0 after 21015 usecs
[   13.280282] calling  cmos_init+0x0/0x73 @ 1
[   13.300145] rtc_cmos 00:04: RTC can wake from S4
[   13.329415] rtc_cmos 00:04: registered as rtc0
[   13.337551] rtc_cmos 00:04: alarms up to one day, y3k, 242 bytes nvram, hpet irqs
[   13.350279] initcall cmos_init+0x0/0x73 returned 0 after 61545 usecs
[   13.361527] calling  smbalert_driver_init+0x0/0xe @ 1
[   13.373310] initcall smbalert_driver_init+0x0/0xe returned 0 after 340 usecs
[   13.385527] calling  i2c_i801_init+0x0/0xc5 @ 1
[   13.408910] i801_smbus 0000:00:1f.3: SMBus using PCI interrupt
[   13.436823] i2c i2c-0: 1/1 memory slots populated (from DMI)
[   13.446047] i2c i2c-0: Memory type 0x07 not supported yet, not instantiating SPD
[   13.461409] initcall i2c_i801_init+0x0/0xc5 returned 0 after 66635 usecs
[   13.471972] calling  ptp_kvm_init+0x0/0xf0 @ 1
[   13.482296] initcall ptp_kvm_init+0x0/0xf0 returned 0 after 1766 usecs
[   13.492495] calling  dm_init+0x0/0x3c @ 1
[   13.510795] device-mapper: ioctl: 4.43.0-ioctl (2020-10-01) initialised: dm-devel@redhat.com
[   13.525408] initcall dm_init+0x0/0x3c returned 0 after 24982 usecs
[   13.536626] calling  dm_mirror_init+0x0/0x29 @ 1
[   13.543713] initcall dm_mirror_init+0x0/0x29 returned 0 after 3 usecs
[   13.553727] calling  dm_dirty_log_init+0x0/0x4f @ 1
[   13.561789] initcall dm_dirty_log_init+0x0/0x4f returned 0 after 137 usecs
[   13.572007] calling  dm_zero_init+0x0/0x29 @ 1
[   13.595419] initcall dm_zero_init+0x0/0x29 returned 0 after 970 usecs
[   13.604219] calling  intel_pstate_init+0x0/0x50f @ 1
[   13.611338] intel_pstate: CPU model not supported
[   13.618636] initcall intel_pstate_init+0x0/0x50f returned -19 after 7262 usecs
[   13.629454] calling  haltpoll_init+0x0/0xc0 @ 1
[   13.636878] initcall haltpoll_init+0x0/0xc0 returned -19 after 126 usecs
[   13.648011] calling  efivars_sysfs_init+0x0/0x30 @ 1
[   13.658290] initcall efivars_sysfs_init+0x0/0x30 returned 0 after 1371 usecs
[   13.670165] calling  esrt_sysfs_init+0x0/0x2a2 @ 1
[   13.678398] initcall esrt_sysfs_init+0x0/0x2a2 returned -38 after 839 usecs
[   13.689055] calling  hid_init+0x0/0x5c @ 1
[   13.701294] hid: raw HID events driver (C) Jiri Kosina
[   13.709147] initcall hid_init+0x0/0x5c returned 0 after 11342 usecs
[   13.718813] calling  hid_generic_init+0x0/0x15 @ 1
[   13.728123] initcall hid_generic_init+0x0/0x15 returned 0 after 672 usecs
[   13.738953] calling  a4_driver_init+0x0/0x15 @ 1
[   13.747310] initcall a4_driver_init+0x0/0x15 returned 0 after 298 usecs
[   13.757452] calling  apple_driver_init+0x0/0x15 @ 1
[   13.766033] initcall apple_driver_init+0x0/0x15 returned 0 after 103 usecs
[   13.776928] calling  belkin_driver_init+0x0/0x15 @ 1
[   13.784727] initcall belkin_driver_init+0x0/0x15 returned 0 after 29 usecs
[   13.795416] calling  ch_driver_init+0x0/0x15 @ 1
[   13.802558] initcall ch_driver_init+0x0/0x15 returned 0 after 118 usecs
[   13.812838] calling  ch_driver_init+0x0/0x15 @ 1
[   13.819980] initcall ch_driver_init+0x0/0x15 returned 0 after 30 usecs
[   13.829881] calling  cp_driver_init+0x0/0x15 @ 1
[   13.837009] initcall cp_driver_init+0x0/0x15 returned 0 after 142 usecs
[   13.847415] calling  ez_driver_init+0x0/0x15 @ 1
[   13.854607] initcall ez_driver_init+0x0/0x15 returned 0 after 51 usecs
[   13.864984] calling  gyration_driver_init+0x0/0x15 @ 1
[   13.873160] initcall gyration_driver_init+0x0/0x15 returned 0 after 34 usecs
[   13.885123] calling  ite_driver_init+0x0/0x15 @ 1
[   13.893079] initcall ite_driver_init+0x0/0x15 returned 0 after 133 usecs
[   13.903933] calling  ks_driver_init+0x0/0x15 @ 1
[   13.911827] initcall ks_driver_init+0x0/0x15 returned 0 after 38 usecs
[   13.925430] calling  lg_driver_init+0x0/0x15 @ 1
[   13.932342] initcall lg_driver_init+0x0/0x15 returned 0 after 39 usecs
[   13.935958] rcu-torture: rcu_torture_read_exit: End of episode
[   13.941470] calling  lg_g15_driver_init+0x0/0x15 @ 1
[   13.957420] initcall lg_g15_driver_init+0x0/0x15 returned 0 after 289 usecs
[   13.968038] calling  ms_driver_init+0x0/0x15 @ 1
[   13.975065] initcall ms_driver_init+0x0/0x15 returned 0 after 408 usecs
[   13.984901] calling  mr_driver_init+0x0/0x15 @ 1
[   13.993039] initcall mr_driver_init+0x0/0x15 returned 0 after 287 usecs
[   14.005125] calling  ntrig_driver_init+0x0/0x15 @ 1
[   14.014807] initcall ntrig_driver_init+0x0/0x15 returned 0 after 464 usecs
[   14.027379] calling  pl_driver_init+0x0/0x15 @ 1
[   14.037151] initcall pl_driver_init+0x0/0x15 returned 0 after 1359 usecs
[   14.048478] calling  pl_driver_init+0x0/0x15 @ 1
[   14.057029] initcall pl_driver_init+0x0/0x15 returned 0 after 48 usecs
[   14.068835] calling  redragon_driver_init+0x0/0x15 @ 1
[   14.077636] initcall redragon_driver_init+0x0/0x15 returned 0 after 172 usecs
[   14.089064] calling  samsung_driver_init+0x0/0x15 @ 1
[   14.097739] initcall samsung_driver_init+0x0/0x15 returned 0 after 39 usecs
[   14.108259] calling  sony_init+0x0/0x38 @ 1
[   14.114968] initcall sony_init+0x0/0x38 returned 0 after 65 usecs
[   14.123760] calling  sp_driver_init+0x0/0x15 @ 1
[   14.153599] initcall sp_driver_init+0x0/0x15 returned 0 after 8234 usecs
[   14.168020] calling  ts_driver_init+0x0/0x15 @ 1
[   14.178442] initcall ts_driver_init+0x0/0x15 returned 0 after 3093 usecs
[   14.188662] calling  hid_init+0x0/0x58 @ 1
[   14.197984] usbcore: registered new interface driver usbhid
[   14.207466] usbhid: USB HID core driver
[   14.213672] initcall hid_init+0x0/0x58 returned 0 after 17748 usecs
[   14.227893] calling  eeepc_laptop_init+0x0/0x57 @ 1
[   14.237965] initcall eeepc_laptop_init+0x0/0x57 returned -19 after 2207 usecs
[   14.251782] calling  pmc_atom_init+0x0/0x27a @ 1
[   14.259733] initcall pmc_atom_init+0x0/0x27a returned -19 after 648 usecs
[   14.269853] calling  alsa_hwdep_init+0x0/0x5e @ 1
[   14.286421] initcall alsa_hwdep_init+0x0/0x5e returned 0 after 9212 usecs
[   14.297631] calling  alsa_timer_init+0x0/0x1f9 @ 1
[   14.312954] initcall alsa_timer_init+0x0/0x1f9 returned 0 after 6738 usecs
[   14.325140] calling  snd_hrtimer_init+0x0/0x117 @ 1
[   14.326065] input: ImExPS/2 Generic Explorer Mouse as /devices/platform/i8042/serio1/input/input3
[   14.333144] initcall snd_hrtimer_init+0x0/0x117 returned 0 after 327 usecs
[   14.356070] calling  alsa_pcm_init+0x0/0x64 @ 1
[   14.363363] initcall alsa_pcm_init+0x0/0x64 returned 0 after 10 usecs
[   14.373270] calling  alsa_seq_init+0x0/0x4a @ 1
[   14.385062] initcall alsa_seq_init+0x0/0x4a returned 0 after 4605 usecs
[   14.395726] calling  alsa_seq_dummy_init+0x0/0x9c @ 1
[   14.403846] initcall alsa_seq_dummy_init+0x0/0x9c returned 0 after 67 usecs
[   14.414159] calling  azx_driver_init+0x0/0x15 @ 1
[   14.421900] initcall azx_driver_init+0x0/0x15 returned 0 after 391 usecs
[   14.432474] calling  sock_diag_init+0x0/0x2a @ 1
[   14.443822] initcall sock_diag_init+0x0/0x2a returned 0 after 4076 usecs
[   14.454358] calling  blackhole_init+0x0/0xc @ 1
[   14.461484] initcall blackhole_init+0x0/0xc returned 0 after 81 usecs
[   14.471312] calling  nfnetlink_init+0x0/0x61 @ 1
[   14.479020] initcall nfnetlink_init+0x0/0x61 returned 0 after 229 usecs
[   14.489510] calling  nfnetlink_log_init+0x0/0x99 @ 1
[   14.497217] initcall nfnetlink_log_init+0x0/0x99 returned 0 after 727 usecs
[   14.512037] calling  nf_conntrack_standalone_init+0x0/0x87 @ 1
