c[?7l[2J[0mSeaBIOS (version 1.16.0-debian-1.16.0-4)
Booting from ROM...
early console in setup code
c[?7l[2J[    0.000000] Linux version 5.10.158+ (root@joelboxx.c.googlers.com) (gcc (Debian 12.2.0-3) 12.2.0, GNU ld (GNU Binutils for Debian) 2.39) #2 SMP Tue Dec 13 22:37:58 UTC 2022
[    0.000000] Command line: selinux=0 initcall_debug debug console=ttyS0 nohz_full=2-9 rcutorture.onoff_interval=1000 rcutorture.onoff_holdoff=30 rcutorture.n_barrier_cbs=4 rcutorture.stat_interval=15 rcutorture.shutdown_secs=3600 rcutorture.test_no_idle_hz=1 rcutorture.verbose=1
[    0.000000] x86/fpu: x87 FPU will use FXSAVE
[    0.000000] BIOS-provided physical RAM map:
[    0.000000] BIOS-e820: [mem 0x0000000000000000-0x000000000009fbff] usable
[    0.000000] BIOS-e820: [mem 0x000000000009fc00-0x000000000009ffff] reserved
[    0.000000] BIOS-e820: [mem 0x00000000000f0000-0x00000000000fffff] reserved
[    0.000000] BIOS-e820: [mem 0x0000000000100000-0x000000001ffdefff] usable
[    0.000000] BIOS-e820: [mem 0x000000001ffdf000-0x000000001fffffff] reserved
[    0.000000] BIOS-e820: [mem 0x00000000b0000000-0x00000000bfffffff] reserved
[    0.000000] BIOS-e820: [mem 0x00000000fed1c000-0x00000000fed1ffff] reserved
[    0.000000] BIOS-e820: [mem 0x00000000feffc000-0x00000000feffffff] reserved
[    0.000000] BIOS-e820: [mem 0x00000000fffc0000-0x00000000ffffffff] reserved
[    0.000000] NX (Execute Disable) protection: active
[    0.000000] SMBIOS 2.8 present.
[    0.000000] DMI: QEMU Standard PC (Q35 + ICH9, 2009), BIOS 1.16.0-debian-1.16.0-4 04/01/2014
[    0.000000] Hypervisor detected: KVM
[    0.000000] kvm-clock: Using msrs 4b564d01 and 4b564d00
[    0.000000] kvm-clock: cpu 0, msr 12ea9001, primary cpu clock
[    0.000001] kvm-clock: using sched offset of 3142548844 cycles
[    0.000528] clocksource: kvm-clock: mask: 0xffffffffffffffff max_cycles: 0x1cd42e4dffb, max_idle_ns: 881590591483 ns
[    0.000820] tsc: Detected 1999.999 MHz processor
[    0.012045] e820: update [mem 0x00000000-0x00000fff] usable ==> reserved
[    0.012050] e820: remove [mem 0x000a0000-0x000fffff] usable
[    0.012058] last_pfn = 0x1ffdf max_arch_pfn = 0x400000000
[    0.013021] MTRR default type: write-back
[    0.013127] MTRR fixed ranges enabled:
[    0.013128]   00000-9FFFF write-back
[    0.013130]   A0000-BFFFF uncachable
[    0.013131]   C0000-FFFFF write-protect
[    0.013132] MTRR variable ranges enabled:
[    0.013134]   0 base 00C0000000 mask FFC0000000 uncachable
[    0.013135]   1 disabled
[    0.013136]   2 disabled
[    0.013137]   3 disabled
[    0.013137]   4 disabled
[    0.013138]   5 disabled
[    0.013139]   6 disabled
[    0.013237]   7 disabled
[    0.013824] x86/PAT: Configuration [0-7]: WB  WC  UC- UC  WB  WC  UC- UC  
[    0.025273] found SMP MP-table at [mem 0x000f5ba0-0x000f5baf]
[    0.029385] check: Scanning 1 areas for low memory corruption
[    0.047324] ACPI: Early table checksum verification disabled
[    0.050833] ACPI: RSDP 0x00000000000F59E0 000014 (v00 BOCHS )
[    0.051381] ACPI: RSDT 0x000000001FFE281A 000038 (v01 BOCHS  BXPC     00000001 BXPC 00000001)
[    0.051695] ACPI: FACP 0x000000001FFE259A 0000F4 (v03 BOCHS  BXPC     00000001 BXPC 00000001)
[    0.051921] ACPI: DSDT 0x000000001FFE0040 00255A (v01 BOCHS  BXPC     00000001 BXPC 00000001)
[    0.051925] ACPI: FACS 0x000000001FFE0000 000040
[    0.051929] ACPI: APIC 0x000000001FFE268E 0000F0 (v01 BOCHS  BXPC     00000001 BXPC 00000001)
[    0.051934] ACPI: HPET 0x000000001FFE277E 000038 (v01 BOCHS  BXPC     00000001 BXPC 00000001)
[    0.051938] ACPI: MCFG 0x000000001FFE27B6 00003C (v01 BOCHS  BXPC     00000001 BXPC 00000001)
[    0.051942] ACPI: WAET 0x000000001FFE27F2 000028 (v01 BOCHS  BXPC     00000001 BXPC 00000001)
[    0.051946] ACPI: Reserving FACP table memory at [mem 0x1ffe259a-0x1ffe268d]
[    0.051948] ACPI: Reserving DSDT table memory at [mem 0x1ffe0040-0x1ffe2599]
[    0.051949] ACPI: Reserving FACS table memory at [mem 0x1ffe0000-0x1ffe003f]
[    0.051950] ACPI: Reserving APIC table memory at [mem 0x1ffe268e-0x1ffe277d]
[    0.051951] ACPI: Reserving HPET table memory at [mem 0x1ffe277e-0x1ffe27b5]
[    0.051952] ACPI: Reserving MCFG table memory at [mem 0x1ffe27b6-0x1ffe27f1]
[    0.051953] ACPI: Reserving WAET table memory at [mem 0x1ffe27f2-0x1ffe2819]
[    0.053464] ACPI: Local APIC address 0xfee00000
[    0.059628] No NUMA configuration found
[    0.059631] Faking a node at [mem 0x0000000000000000-0x000000001ffdefff]
[    0.060128] NODE_DATA(0) allocated [mem 0x1ffdb000-0x1ffdefff]
[    0.063759] Zone ranges:
[    0.063975]   DMA      [mem 0x0000000000001000-0x0000000000ffffff]
[    0.064085]   DMA32    [mem 0x0000000001000000-0x000000001ffdefff]
[    0.064087]   Normal   empty
[    0.064089] Movable zone start for each node
[    0.064090] Early memory node ranges
[    0.064174]   node   0: [mem 0x0000000000001000-0x000000000009efff]
[    0.064268]   node   0: [mem 0x0000000000100000-0x000000001ffdefff]
[    0.064486] Initmem setup node 0 [mem 0x0000000000001000-0x000000001ffdefff]
[    0.064488] On node 0 totalpages: 130941
[    0.064746]   DMA zone: 64 pages used for memmap
[    0.064747]   DMA zone: 21 pages reserved
[    0.064748]   DMA zone: 3998 pages, LIFO batch:0
[    0.064749]   DMA32 zone: 1984 pages used for memmap
[    0.064750]   DMA32 zone: 126943 pages, LIFO batch:31
[    0.111236] On node 0, zone DMA: 1 pages in unavailable ranges
[    0.118545] On node 0, zone DMA: 97 pages in unavailable ranges
[    0.431466] On node 0, zone DMA32: 33 pages in unavailable ranges
[    0.435329] ACPI: PM-Timer IO Port: 0x608
[    0.435340] ACPI: Local APIC address 0xfee00000
[    0.435971] ACPI: LAPIC_NMI (acpi_id[0xff] dfl dfl lint[0x1])
[    0.437918] IOAPIC[0]: apic_id 0, version 17, address 0xfec00000, GSI 0-23
[    0.437924] ACPI: INT_SRC_OVR (bus 0 bus_irq 0 global_irq 2 dfl dfl)
[    0.438036] ACPI: INT_SRC_OVR (bus 0 bus_irq 5 global_irq 5 high level)
[    0.438037] ACPI: INT_SRC_OVR (bus 0 bus_irq 9 global_irq 9 high level)
[    0.438243] ACPI: INT_SRC_OVR (bus 0 bus_irq 10 global_irq 10 high level)
[    0.438244] ACPI: INT_SRC_OVR (bus 0 bus_irq 11 global_irq 11 high level)
[    0.438246] ACPI: IRQ0 used by override.
[    0.438248] ACPI: IRQ5 used by override.
[    0.438249] ACPI: IRQ9 used by override.
[    0.438250] ACPI: IRQ10 used by override.
[    0.438251] ACPI: IRQ11 used by override.
[    0.438355] Using ACPI (MADT) for SMP configuration information
[    0.438357] ACPI: HPET id: 0x8086a201 base: 0xfed00000
[    0.439071] smpboot: Allowing 16 CPUs, 0 hotplug CPUs
[    0.441551] PM: hibernation: Registered nosave memory: [mem 0x00000000-0x00000fff]
[    0.441554] PM: hibernation: Registered nosave memory: [mem 0x0009f000-0x0009ffff]
[    0.441555] PM: hibernation: Registered nosave memory: [mem 0x000a0000-0x000effff]
[    0.441557] PM: hibernation: Registered nosave memory: [mem 0x000f0000-0x000fffff]
[    0.441769] [mem 0x20000000-0xafffffff] available for PCI devices
[    0.441980] Booting paravirtualized kernel on KVM
[    0.443042] clocksource: refined-jiffies: mask: 0xffffffff max_cycles: 0xffffffff, max_idle_ns: 1910969940391419 ns
[    0.483237] setup_percpu: NR_CPUS:16 nr_cpumask_bits:16 nr_cpu_ids:16 nr_node_ids:1
[    0.653924] percpu: Embedded 56 pages/cpu s191448 r8192 d29736 u262144
[    0.654001] pcpu-alloc: s191448 r8192 d29736 u262144 alloc=1*2097152
[    0.654029] pcpu-alloc: [0] 00 01 02 03 04 05 06 07 [0] 08 09 10 11 12 13 14 15 
[    0.654437] kvm-guest: stealtime: cpu 0, msr 1f21b600
[    0.654697] Built 1 zonelists, mobility grouping on.  Total pages: 128872
[    0.654699] Policy zone: DMA32
[    0.654739] Kernel command line: selinux=0 initcall_debug debug console=ttyS0 nohz_full=2-9 rcutorture.onoff_interval=1000 rcutorture.onoff_holdoff=30 rcutorture.n_barrier_cbs=4 rcutorture.stat_interval=15 rcutorture.shutdown_secs=3600 rcutorture.test_no_idle_hz=1 rcutorture.verbose=1
[    0.664021] Dentry cache hash table entries: 65536 (order: 7, 524288 bytes, linear)
[    0.667106] Inode-cache hash table entries: 32768 (order: 6, 262144 bytes, linear)
[    0.668509] mem auto-init: stack:all(zero), heap alloc:off, heap free:off
[    0.868007] Memory: 477988K/523764K available (14349K kernel code, 2565K rwdata, 4680K rodata, 1492K init, 1476K bss, 45516K reserved, 0K cma-reserved)
[    0.868650] SLUB: HWalign=64, Order=0-3, MinObjects=0, CPUs=16, Nodes=1
[    0.869028] Kernel/User page tables isolation: enabled
[    0.907192] rcu: Hierarchical RCU implementation.
[    0.907196] rcu: 	RCU event tracing is enabled.
[    0.907198] rcu: 	CONFIG_RCU_FANOUT set to non-default value of 2.
[    0.907199] rcu: 	Four(or more)-level hierarchy is enabled.
[    0.907200] rcu: 	Build-time adjustment of leaf fanout to 2.
[    0.907345] 	Trampoline variant of Tasks RCU enabled.
[    0.907346] 	Rude variant of Tasks RCU enabled.
[    0.907347] 	Tracing variant of Tasks RCU enabled.
[    0.907455] rcu: RCU calculated value of scheduler-enlistment delay is 100 jiffies.
[    0.924357] NR_IRQS: 4352, nr_irqs: 552, preallocated irqs: 16
[    0.927024] NO_HZ: Full dynticks CPUs: 2-9.
[    0.927027] rcu: 	Offload RCU callbacks from CPUs: 2-9.
[    0.929440] calling  con_init+0x0/0x22a @ 0
[    1.147740] Console: colour VGA+ 80x25
[    1.147752] initcall con_init+0x0/0x22a returned 0 after 0 usecs
[    1.147755] calling  hvc_console_init+0x0/0x13 @ 0
[    1.147816] initcall hvc_console_init+0x0/0x13 returned 0 after 0 usecs
[    1.147818] calling  univ8250_console_init+0x0/0x26 @ 0
[    2.067121] printk: console [ttyS0] enabled
[    2.071477] initcall univ8250_console_init+0x0/0x26 returned 0 after 0 usecs
[    2.087844] ACPI: Core revision 20200925
[    2.095633] clocksource: hpet: mask: 0xffffffff max_cycles: 0xffffffff, max_idle_ns: 19112604467 ns
[    2.108008] APIC: Switch to symmetric I/O mode setup
[    2.113483] Switched APIC routing to physical flat.
[    2.136654] ..TIMER: vector=0x30 apic1=0 pin1=2 apic2=-1 pin2=-1
[    2.144017] clocksource: tsc-early: mask: 0xffffffffffffffff max_cycles: 0x39a85afc727, max_idle_ns: 881590685098 ns
[    2.156079] Calibrating delay loop (skipped) preset value.. 3999.99 BogoMIPS (lpj=1999999)
[    2.156511] pid_max: default: 32768 minimum: 301
[    2.158847] LSM: Security Framework initializing
[    2.159964] Mount-cache hash table entries: 1024 (order: 1, 8192 bytes, linear)
[    2.160521] Mountpoint-cache hash table entries: 1024 (order: 1, 8192 bytes, linear)
[    2.171268] Last level iTLB entries: 4KB 0, 2MB 0, 4MB 0
[    2.171472] Last level dTLB entries: 4KB 0, 2MB 0, 4MB 0, 1GB 0
[    2.172606] Spectre V1 : Mitigation: usercopy/swapgs barriers and __user pointer sanitization
[    2.173495] Spectre V2 : Mitigation: Retpolines
[    2.174470] Spectre V2 : Spectre v2 / SpectreRSB mitigation: Filling RSB on context switch
[    2.175471] Spectre V2 : Spectre v2 / SpectreRSB : Filling RSB on VMEXIT
[    2.176471] Speculative Store Bypass: Vulnerable
[    2.177505] MDS: Vulnerable: Clear CPU buffers attempted, no microcode
[    2.179469] MMIO Stale Data: Unknown: No mitigations
[    2.253892] Freeing SMP alternatives memory: 44K
[    2.360342] smpboot: CPU0: Intel Common KVM processor (family: 0xf, model: 0x6, stepping: 0x1)
[    2.363467] calling  init_hw_perf_events+0x0/0x6ce @ 1
[    2.364471] Performance Events: unsupported Netburst CPU model 6 no PMU driver, software events only.
[    2.365476] initcall init_hw_perf_events+0x0/0x6ce returned 0 after 976 usecs
[    2.366473] calling  init_real_mode+0x0/0x1e9 @ 1
[    2.368744] initcall init_real_mode+0x0/0x1e9 returned 0 after 976 usecs
[    2.369473] calling  trace_init_perf_perm_irq_work_exit+0x0/0x12 @ 1
[    2.370472] initcall trace_init_perf_perm_irq_work_exit+0x0/0x12 returned 0 after 0 usecs
[    2.371488] calling  validate_x2apic+0x0/0x4a @ 1
[    2.372498] initcall validate_x2apic+0x0/0x4a returned 0 after 0 usecs
[    2.373472] calling  register_nmi_cpu_backtrace_handler+0x0/0x15 @ 1
[    2.374473] initcall register_nmi_cpu_backtrace_handler+0x0/0x15 returned 0 after 0 usecs
[    2.376467] calling  kvm_setup_vsyscall_timeinfo+0x0/0xce @ 1
[    2.377477] initcall kvm_setup_vsyscall_timeinfo+0x0/0xce returned 0 after 0 usecs
[    2.378476] calling  spawn_ksoftirqd+0x0/0x38 @ 1
[    2.379600] initcall spawn_ksoftirqd+0x0/0x38 returned 0 after 0 usecs
[    2.380475] calling  migration_init+0x0/0x3c @ 1
[    2.381513] initcall migration_init+0x0/0x3c returned 0 after 0 usecs
[    2.382473] calling  srcu_bootup_announce+0x0/0x2f @ 1
[    2.383470] rcu: Hierarchical SRCU implementation.
[    2.384491] initcall srcu_bootup_announce+0x0/0x2f returned 0 after 976 usecs
[    2.385473] calling  rcu_spawn_gp_kthread+0x0/0x1dd @ 1
[    2.386753] initcall rcu_spawn_gp_kthread+0x0/0x1dd returned 0 after 0 usecs
[    2.387475] calling  check_cpu_stall_init+0x0/0x1a @ 1
[    2.388474] initcall check_cpu_stall_init+0x0/0x1a returned 0 after 0 usecs
[    2.389474] calling  rcu_sysrq_init+0x0/0x21 @ 1
[    2.391473] initcall rcu_sysrq_init+0x0/0x21 returned 0 after 0 usecs
[    2.392475] calling  trace_init_flags_sys_enter+0x0/0xe @ 1
[    2.393495] initcall trace_init_flags_sys_enter+0x0/0xe returned 0 after 0 usecs
[    2.394477] calling  trace_init_flags_sys_exit+0x0/0xe @ 1
[    2.395473] initcall trace_init_flags_sys_exit+0x0/0xe returned 0 after 0 usecs
[    2.396475] calling  cpu_stop_init+0x0/0x6e @ 1
[    2.398546] initcall cpu_stop_init+0x0/0x6e returned 0 after 976 usecs
[    2.399494] calling  init_kprobes+0x0/0x165 @ 1
[    2.401838] initcall init_kprobes+0x0/0x165 returned 0 after 976 usecs
[    2.402474] calling  init_events+0x0/0x3d @ 1
[    2.404563] initcall init_events+0x0/0x3d returned 0 after 976 usecs
[    2.405474] calling  init_trace_printk+0x0/0xc @ 1
[    2.406473] initcall init_trace_printk+0x0/0xc returned 0 after 0 usecs
[    2.407472] calling  event_trace_enable_again+0x0/0x23 @ 1
[    2.408473] initcall event_trace_enable_again+0x0/0x23 returned 0 after 0 usecs
[    2.409477] calling  static_call_init+0x0/0x77 @ 1
[    2.410475] initcall static_call_init+0x0/0x77 returned 0 after 0 usecs
[    2.411474] calling  jump_label_init_module+0x0/0xc @ 1
[    2.412476] initcall jump_label_init_module+0x0/0xc returned 0 after 0 usecs
[    2.413476] calling  init_zero_pfn+0x0/0x37 @ 1
[    2.414475] initcall init_zero_pfn+0x0/0x37 returned 0 after 0 usecs
[    2.415490] calling  initialize_ptr_random+0x0/0x54 @ 1
[    2.416473] initcall initialize_ptr_random+0x0/0x54 returned 0 after 0 usecs
[    2.417489] calling  efi_memreserve_root_init+0x0/0x25 @ 1
[    2.418521] initcall efi_memreserve_root_init+0x0/0x25 returned 0 after 0 usecs
[    2.419474] calling  efi_earlycon_remap_fb+0x0/0x51 @ 1
[    2.420474] initcall efi_earlycon_remap_fb+0x0/0x51 returned 0 after 0 usecs
[    2.425614] smp: Bringing up secondary CPUs ...
[    2.427535] x86: Booting SMP configuration:
[    2.428507] .... node  #0, CPUs:        #1
[    1.224255] kvm-clock: cpu 1, msr 12ea9041, secondary cpu clock
[    2.453655] kvm-guest: stealtime: cpu 1, msr 1f25b600
[    2.467532]   #2
[    1.224255] kvm-clock: cpu 2, msr 12ea9081, secondary cpu clock
[    2.489468] kvm-guest: stealtime: cpu 2, msr 1f29b600
[    2.503942]   #3
[    1.224255] kvm-clock: cpu 3, msr 12ea90c1, secondary cpu clock
[    2.525801] kvm-guest: stealtime: cpu 3, msr 1f2db600
[    2.539530]   #4
[    1.224255] kvm-clock: cpu 4, msr 12ea9101, secondary cpu clock
[    2.566467] kvm-guest: stealtime: cpu 4, msr 1f31b600
[    2.584877]   #5
[    1.224255] kvm-clock: cpu 5, msr 12ea9141, secondary cpu clock
[    2.612858] kvm-guest: stealtime: cpu 5, msr 1f35b600
[    2.627474]   #6
[    1.224255] kvm-clock: cpu 6, msr 12ea9181, secondary cpu clock
[    2.649871] kvm-guest: stealtime: cpu 6, msr 1f39b600
[    2.665552]   #7
[    1.224255] kvm-clock: cpu 7, msr 12ea91c1, secondary cpu clock
[    2.688467] kvm-guest: stealtime: cpu 7, msr 1f3db600
[    2.702813]   #8
[    1.224255] kvm-clock: cpu 8, msr 12ea9201, secondary cpu clock
[    2.727468] kvm-guest: stealtime: cpu 8, msr 1f41b600
[    2.743407]   #9
[    1.224255] kvm-clock: cpu 9, msr 12ea9241, secondary cpu clock
[    2.766467] kvm-guest: stealtime: cpu 9, msr 1f45b600
[    2.780853]  #10
[    1.224255] kvm-clock: cpu 10, msr 12ea9281, secondary cpu clock
[    2.803659] kvm-guest: stealtime: cpu 10, msr 1f49b600
[    2.819272]  #11
[    1.224255] kvm-clock: cpu 11, msr 12ea92c1, secondary cpu clock
[    2.846092] kvm-guest: stealtime: cpu 11, msr 1f4db600
[    2.864479]  #12
[    1.224255] kvm-clock: cpu 12, msr 12ea9301, secondary cpu clock
[    2.894037] kvm-guest: stealtime: cpu 12, msr 1f51b600
[    2.912581]  #13
[    1.224255] kvm-clock: cpu 13, msr 12ea9341, secondary cpu clock
[    2.942585] kvm-guest: stealtime: cpu 13, msr 1f55b600
[    2.961569]  #14
[    1.224255] kvm-clock: cpu 14, msr 12ea9381, secondary cpu clock
[    2.987604] kvm-guest: stealtime: cpu 14, msr 1f59b600
[    3.006206]  #15
[    1.224255] kvm-clock: cpu 15, msr 12ea93c1, secondary cpu clock
[    3.032584] kvm-guest: stealtime: cpu 15, msr 1f5db600
[    3.047795] smp: Brought up 1 node, 16 CPUs
[    3.048471] smpboot: Max logical packages: 1
[    3.049472] smpboot: Total of 16 processors activated (63999.96 BogoMIPS)
[    3.073702] devtmpfs: initialized
[    3.076597] calling  ipc_ns_init+0x0/0x3d @ 1
[    3.077527] initcall ipc_ns_init+0x0/0x3d returned 0 after 0 usecs
[    3.078476] calling  init_mmap_min_addr+0x0/0x21 @ 1
[    3.079510] initcall init_mmap_min_addr+0x0/0x21 returned 0 after 0 usecs
[    3.081480] calling  pci_realloc_setup_params+0x0/0x3f @ 1
[    3.082479] initcall pci_realloc_setup_params+0x0/0x3f returned 0 after 0 usecs
[    3.083502] calling  net_ns_init+0x0/0x11c @ 1
[    3.085683] initcall net_ns_init+0x0/0x11c returned 0 after 976 usecs
[    3.086498] calling  e820__register_nvs_regions+0x0/0x37 @ 1
[    3.087490] initcall e820__register_nvs_regions+0x0/0x37 returned 0 after 0 usecs
[    3.088474] calling  cpufreq_register_tsc_scaling+0x0/0x2e @ 1
[    3.089473] initcall cpufreq_register_tsc_scaling+0x0/0x2e returned 0 after 0 usecs
[    3.090475] calling  reboot_init+0x0/0x3c @ 1
[    3.091654] initcall reboot_init+0x0/0x3c returned 0 after 0 usecs
[    3.092476] calling  init_lapic_sysfs+0x0/0x20 @ 1
[    3.093474] initcall init_lapic_sysfs+0x0/0x20 returned 0 after 0 usecs
[    3.094472] calling  alloc_frozen_cpus+0x0/0x7 @ 1
[    3.095471] initcall alloc_frozen_cpus+0x0/0x7 returned 0 after 0 usecs
[    3.096472] calling  cpu_hotplug_pm_sync_init+0x0/0x13 @ 1
[    3.097473] initcall cpu_hotplug_pm_sync_init+0x0/0x13 returned 0 after 0 usecs
[    3.098476] calling  wq_sysfs_init+0x0/0x2a @ 1
[    3.099566] initcall wq_sysfs_init+0x0/0x2a returned 0 after 0 usecs
[    3.100476] calling  ksysfs_init+0x0/0x92 @ 1
[    3.101486] initcall ksysfs_init+0x0/0x92 returned 0 after 0 usecs
[    3.102478] calling  schedutil_gov_init+0x0/0xc @ 1
[    3.103553] initcall schedutil_gov_init+0x0/0xc returned 0 after 0 usecs
[    3.105483] calling  pm_init+0x0/0x76 @ 1
[    3.107533] initcall pm_init+0x0/0x76 returned 0 after 976 usecs
[    3.108476] calling  pm_disk_init+0x0/0x13 @ 1
[    3.109502] initcall pm_disk_init+0x0/0x13 returned 0 after 0 usecs
[    3.110476] calling  swsusp_header_init+0x0/0x2b @ 1
[    3.111480] initcall swsusp_header_init+0x0/0x2b returned 0 after 0 usecs
[    3.112479] calling  rcu_set_runtime_mode+0x0/0x16 @ 1
[    3.114487] initcall rcu_set_runtime_mode+0x0/0x16 returned 0 after 976 usecs
[    3.115474] calling  init_jiffies_clocksource+0x0/0x13 @ 1
[    3.116472] clocksource: jiffies: mask: 0xffffffff max_cycles: 0xffffffff, max_idle_ns: 1911260446275000 ns
[    3.117475] initcall init_jiffies_clocksource+0x0/0x13 returned 0 after 976 usecs
[    3.118475] calling  futex_init+0x0/0xf7 @ 1
[    3.119481] futex hash table entries: 4096 (order: 6, 262144 bytes, linear)
[    3.121962] initcall futex_init+0x0/0xf7 returned 0 after 1953 usecs
[    3.122477] calling  cgroup_wq_init+0x0/0x28 @ 1
[    3.123495] initcall cgroup_wq_init+0x0/0x28 returned 0 after 0 usecs
[    3.124488] calling  cgroup1_wq_init+0x0/0x28 @ 1
[    3.126485] initcall cgroup1_wq_init+0x0/0x28 returned 0 after 976 usecs
[    3.127482] calling  init_kprobe_trace_early+0x0/0x2a @ 1
[    3.128532] initcall init_kprobe_trace_early+0x0/0x2a returned 0 after 0 usecs
[    3.129500] calling  fsnotify_init+0x0/0x48 @ 1
[    3.130508] initcall fsnotify_init+0x0/0x48 returned 0 after 0 usecs
[    3.131475] calling  filelock_init+0x0/0x96 @ 1
[    3.132508] initcall filelock_init+0x0/0x96 returned 0 after 0 usecs
[    3.133473] calling  init_misc_binfmt+0x0/0x2c @ 1
[    3.134491] initcall init_misc_binfmt+0x0/0x2c returned 0 after 0 usecs
[    3.135474] calling  init_script_binfmt+0x0/0x15 @ 1
[    3.136511] initcall init_script_binfmt+0x0/0x15 returned 0 after 0 usecs
[    3.137473] calling  init_elf_binfmt+0x0/0x15 @ 1
[    3.138473] initcall init_elf_binfmt+0x0/0x15 returned 0 after 0 usecs
[    3.139472] calling  init_compat_elf_binfmt+0x0/0x15 @ 1
[    3.140472] initcall init_compat_elf_binfmt+0x0/0x15 returned 0 after 0 usecs
[    3.141473] calling  debugfs_init+0x0/0x5c @ 1
[    3.142479] initcall debugfs_init+0x0/0x5c returned 0 after 0 usecs
[    3.143472] calling  tracefs_init+0x0/0x3a @ 1
[    3.144476] initcall tracefs_init+0x0/0x3a returned 0 after 0 usecs
[    3.145473] calling  prandom_init_early+0x0/0x15d @ 1
[    3.146474] initcall prandom_init_early+0x0/0x15d returned 0 after 0 usecs
[    3.147609] calling  virtio_init+0x0/0x20 @ 1
[    3.149505] initcall virtio_init+0x0/0x20 returned 0 after 0 usecs
[    3.150474] calling  iommu_init+0x0/0x2a @ 1
[    3.151492] initcall iommu_init+0x0/0x2a returned 0 after 0 usecs
[    3.152472] calling  component_debug_init+0x0/0x1c @ 1
[    3.154545] initcall component_debug_init+0x0/0x1c returned 0 after 0 usecs
[    3.155473] calling  early_resume_init+0x0/0xb9 @ 1
[    3.157470] PM: RTC time: 23:01:24, date: 2022-12-13
[    3.158488] initcall early_resume_init+0x0/0xb9 returned 0 after 1953 usecs
[    3.159472] calling  cpufreq_core_init+0x0/0x62 @ 1
[    3.160491] initcall cpufreq_core_init+0x0/0x62 returned 0 after 0 usecs
[    3.161473] calling  cpufreq_gov_performance_init+0x0/0xc @ 1
[    3.162472] initcall cpufreq_gov_performance_init+0x0/0xc returned 0 after 0 usecs
[    3.163488] calling  cpufreq_gov_userspace_init+0x0/0xc @ 1
[    3.164473] initcall cpufreq_gov_userspace_init+0x0/0xc returned 0 after 0 usecs
[    3.165472] calling  CPU_FREQ_GOV_ONDEMAND_init+0x0/0xc @ 1
[    3.166472] initcall CPU_FREQ_GOV_ONDEMAND_init+0x0/0xc returned 0 after 0 usecs
[    3.167472] calling  cpuidle_init+0x0/0x1f @ 1
[    3.168510] initcall cpuidle_init+0x0/0x1f returned 0 after 0 usecs
[    3.169472] calling  capsule_reboot_register+0x0/0xc @ 1
[    3.171477] initcall capsule_reboot_register+0x0/0xc returned 0 after 976 usecs
[    3.172476] calling  sock_init+0x0/0x93 @ 1
[    3.175020] initcall sock_init+0x0/0x93 returned 0 after 976 usecs
[    3.175475] calling  net_inuse_init+0x0/0x23 @ 1
[    3.176481] initcall net_inuse_init+0x0/0x23 returned 0 after 0 usecs
[    3.177474] calling  net_defaults_init+0x0/0x23 @ 1
[    3.178477] initcall net_defaults_init+0x0/0x23 returned 0 after 0 usecs
[    3.179480] calling  init_default_flow_dissectors+0x0/0x4f @ 1
[    3.181474] initcall init_default_flow_dissectors+0x0/0x4f returned 0 after 976 usecs
[    3.182476] calling  netpoll_init+0x0/0x26 @ 1
[    3.183474] initcall netpoll_init+0x0/0x26 returned 0 after 0 usecs
[    3.185475] calling  netlink_proto_init+0x0/0x14f @ 1
[    3.188001] NET: Registered protocol family 16
[    3.188494] initcall netlink_proto_init+0x0/0x14f returned 0 after 1953 usecs
[    3.189475] calling  genl_init+0x0/0x35 @ 1
[    3.190559] initcall genl_init+0x0/0x35 returned 0 after 0 usecs
[    3.191503] calling  bsp_pm_check_init+0x0/0x13 @ 1
[    3.192477] initcall bsp_pm_check_init+0x0/0x13 returned 0 after 0 usecs
[    3.193510] calling  irq_sysfs_init+0x0/0xb7 @ 1
[    3.195664] initcall irq_sysfs_init+0x0/0xb7 returned 0 after 976 usecs
[    3.196475] calling  audit_init+0x0/0x160 @ 1
[    3.197476] audit: initializing netlink subsys (disabled)
[    3.201474] initcall audit_init+0x0/0x160 returned 0 after 3906 usecs
[    3.201479] audit: type=2000 audit(1670972482.393:1): state=initialized audit_enabled=0 res=1
[    3.202477] calling  release_early_probes+0x0/0x32 @ 1
[    3.204480] initcall release_early_probes+0x0/0x32 returned 0 after 0 usecs
[    3.205482] calling  bdi_class_init+0x0/0x48 @ 1
[    3.206532] initcall bdi_class_init+0x0/0x48 returned 0 after 0 usecs
[    3.207476] calling  mm_sysfs_init+0x0/0x28 @ 1
[    3.208480] initcall mm_sysfs_init+0x0/0x28 returned 0 after 0 usecs
[    3.209473] calling  init_per_zone_wmark_min+0x0/0x6d @ 1
[    3.210478] initcall init_per_zone_wmark_min+0x0/0x6d returned 0 after 0 usecs
[    3.211477] calling  mpi_init+0x0/0x3e @ 1
[    3.212490] initcall mpi_init+0x0/0x3e returned 0 after 0 usecs
[    3.213473] calling  kobject_uevent_init+0x0/0xc @ 1
[    3.214481] initcall kobject_uevent_init+0x0/0xc returned 0 after 0 usecs
[    3.215473] calling  pcibus_class_init+0x0/0x13 @ 1
[    3.216573] initcall pcibus_class_init+0x0/0x13 returned 0 after 0 usecs
[    3.217472] calling  pci_driver_init+0x0/0x21 @ 1
[    3.218503] initcall pci_driver_init+0x0/0x21 returned 0 after 0 usecs
[    3.219473] calling  backlight_class_init+0x0/0xa8 @ 1
[    3.220501] initcall backlight_class_init+0x0/0xa8 returned 0 after 0 usecs
[    3.221474] calling  tty_class_init+0x0/0x33 @ 1
[    3.222498] initcall tty_class_init+0x0/0x33 returned 0 after 0 usecs
[    3.223476] calling  vtconsole_class_init+0x0/0xb5 @ 1
[    3.224560] initcall vtconsole_class_init+0x0/0xb5 returned 0 after 0 usecs
[    3.225475] calling  iommu_dev_init+0x0/0x13 @ 1
[    3.226505] initcall iommu_dev_init+0x0/0x13 returned 0 after 0 usecs
[    3.227473] calling  mipi_dsi_bus_init+0x0/0xc @ 1
[    3.228523] initcall mipi_dsi_bus_init+0x0/0xc returned 0 after 0 usecs
[    3.229475] calling  devlink_class_init+0x0/0x40 @ 1
[    3.231485] initcall devlink_class_init+0x0/0x40 returned 0 after 0 usecs
[    3.232476] calling  software_node_init+0x0/0x2a @ 1
[    3.233480] initcall software_node_init+0x0/0x2a returned 0 after 0 usecs
[    3.234475] calling  wakeup_sources_debugfs_init+0x0/0x23 @ 1
[    3.235503] initcall wakeup_sources_debugfs_init+0x0/0x23 returned 0 after 0 usecs
[    3.236473] calling  wakeup_sources_sysfs_init+0x0/0x2c @ 1
[    3.237490] initcall wakeup_sources_sysfs_init+0x0/0x2c returned 0 after 0 usecs
[    3.238475] calling  register_node_type+0x0/0x13 @ 1
[    3.239576] initcall register_node_type+0x0/0x13 returned 0 after 0 usecs
[    3.240475] calling  regmap_initcall+0x0/0xc @ 1
[    3.241616] initcall regmap_initcall+0x0/0xc returned 0 after 0 usecs
[    3.242529] calling  i2c_init+0x0/0xb3 @ 1
[    3.245789] initcall i2c_init+0x0/0xb3 returned 0 after 976 usecs
[    3.246476] calling  thermal_init+0x0/0xf2 @ 1
[    3.247557] thermal_sys: Registered thermal governor 'step_wise'
[    3.248470] thermal_sys: Registered thermal governor 'user_space'
[    3.249489] initcall thermal_init+0x0/0xf2 returned 0 after 1953 usecs
[    3.251479] calling  init_menu+0x0/0xc @ 1
[    3.260475] cpuidle: using governor menu
[    3.264485] initcall init_menu+0x0/0xc returned 0 after 11718 usecs
[    3.273477] calling  pcc_init+0x0/0x4d @ 1
[    3.279481] initcall pcc_init+0x0/0x4d returned -19 after 0 usecs
[    3.286478] calling  amd_postcore_init+0x0/0x11e @ 1
[    3.293475] initcall amd_postcore_init+0x0/0x11e returned 0 after 0 usecs
[    3.302501] calling  bts_init+0x0/0xba @ 1
[    3.306476] initcall bts_init+0x0/0xba returned -19 after 0 usecs
[    3.314476] calling  pt_init+0x0/0x341 @ 1
[    3.319475] initcall pt_init+0x0/0x341 returned -19 after 0 usecs
[    3.326475] calling  boot_params_ksysfs_init+0x0/0x2ee @ 1
[    3.333474] initcall boot_params_ksysfs_init+0x0/0x2ee returned 0 after 0 usecs
[    3.342475] calling  sbf_init+0x0/0xea @ 1
[    3.348474] initcall sbf_init+0x0/0xea returned 0 after 0 usecs
[    3.355476] calling  arch_kdebugfs_init+0x0/0x219 @ 1
[    3.363197] initcall arch_kdebugfs_init+0x0/0x219 returned 0 after 976 usecs
[    3.373475] calling  intel_pconfig_init+0x0/0x85 @ 1
[    3.379475] initcall intel_pconfig_init+0x0/0x85 returned 0 after 0 usecs
[    3.388476] calling  mtrr_if_init+0x0/0x5d @ 1
[    3.394594] initcall mtrr_if_init+0x0/0x5d returned 0 after 0 usecs
[    3.402474] calling  activate_jump_labels+0x0/0x31 @ 1
[    3.408475] initcall activate_jump_labels+0x0/0x31 returned 0 after 0 usecs
[    3.418476] calling  ffh_cstate_init+0x0/0x29 @ 1
[    3.425484] initcall ffh_cstate_init+0x0/0x29 returned 0 after 0 usecs
[    3.435476] calling  activate_jump_labels+0x0/0x31 @ 1
[    3.445214] initcall activate_jump_labels+0x0/0x31 returned 0 after 1953 usecs
[    3.455474] calling  kvm_alloc_cpumask+0x0/0x74 @ 1
[    3.461528] initcall kvm_alloc_cpumask+0x0/0x74 returned 0 after 0 usecs
[    3.469474] calling  kcmp_cookies_init+0x0/0x37 @ 1
[    3.475479] initcall kcmp_cookies_init+0x0/0x37 returned 0 after 0 usecs
[    3.483475] calling  cryptomgr_init+0x0/0xc @ 1
[    3.488530] initcall cryptomgr_init+0x0/0xc returned 0 after 0 usecs
[    3.496473] calling  acpi_pci_init+0x0/0x57 @ 1
[    3.501472] ACPI: bus type PCI registered
[    3.506473] initcall acpi_pci_init+0x0/0x57 returned 0 after 4882 usecs
[    3.514474] calling  dma_channel_table_init+0x0/0xd1 @ 1
[    3.520486] initcall dma_channel_table_init+0x0/0xd1 returned 0 after 0 usecs
[    3.529473] calling  dma_bus_init+0x0/0xdc @ 1
[    3.534315] initcall dma_bus_init+0x0/0xdc returned 0 after 1953 usecs
[    3.544609] calling  iommu_dma_init+0x0/0x10 @ 1
[    3.550495] initcall iommu_dma_init+0x0/0x10 returned 0 after 0 usecs
[    3.558475] calling  dmi_id_init+0x0/0x37c @ 1
[    3.566252] initcall dmi_id_init+0x0/0x37c returned 0 after 3906 usecs
[    3.574479] calling  pci_arch_init+0x0/0x71 @ 1
[    3.582815] PCI: MMCONFIG for domain 0000 [bus 00-ff] at [mem 0xb0000000-0xbfffffff] (base 0xb0000000)
[    3.594477] PCI: MMCONFIG at [mem 0xb0000000-0xbfffffff] reserved in E820
[    3.603505] PCI: Using configuration type 1 for base access
[    3.613543] initcall pci_arch_init+0x0/0x71 returned 0 after 30273 usecs
[    3.620498] calling  init_vdso+0x0/0x13 @ 1
[    3.626576] initcall init_vdso+0x0/0x13 returned 0 after 0 usecs
[    3.633475] calling  sysenter_setup+0x0/0x13 @ 1
[    3.640479] initcall sysenter_setup+0x0/0x13 returned 0 after 1953 usecs
[    3.647476] calling  fixup_ht_bug+0x0/0xe5 @ 1
[    3.654475] initcall fixup_ht_bug+0x0/0xe5 returned 0 after 0 usecs
[    3.662477] calling  topology_init+0x0/0x88 @ 1
[    3.667901] initcall topology_init+0x0/0x88 returned 0 after 976 usecs
[    3.676476] calling  intel_epb_init+0x0/0x68 @ 1
[    3.682476] initcall intel_epb_init+0x0/0x68 returned -19 after 0 usecs
[    3.690474] calling  mtrr_init_finialize+0x0/0x3e @ 1
[    3.696502] initcall mtrr_init_finialize+0x0/0x3e returned 0 after 0 usecs
[    3.704477] calling  uid_cache_init+0x0/0x81 @ 1
[    3.710480] initcall uid_cache_init+0x0/0x81 returned 0 after 0 usecs
[    3.718475] calling  param_sysfs_init+0x0/0x1ba @ 1
[    3.735281] initcall param_sysfs_init+0x0/0x1ba returned 0 after 10742 usecs
[    3.744492] calling  user_namespace_sysctl_init+0x0/0x33 @ 1
[    3.750485] initcall user_namespace_sysctl_init+0x0/0x33 returned 0 after 0 usecs
[    3.760474] calling  proc_schedstat_init+0x0/0x24 @ 1
[    3.766479] initcall proc_schedstat_init+0x0/0x24 returned 0 after 0 usecs
[    3.775474] calling  pm_sysrq_init+0x0/0x18 @ 1
[    3.782623] initcall pm_sysrq_init+0x0/0x18 returned 0 after 1953 usecs
[    3.791536] calling  create_proc_profile+0x0/0xd0 @ 1
[    3.797476] initcall create_proc_profile+0x0/0xd0 returned 0 after 0 usecs
[    3.806476] calling  time_ns_init+0x0/0x7 @ 1
[    3.812478] initcall time_ns_init+0x0/0x7 returned 0 after 0 usecs
[    3.820476] calling  crash_save_vmcoreinfo_init+0x0/0x722 @ 1
[    3.827547] initcall crash_save_vmcoreinfo_init+0x0/0x722 returned 0 after 0 usecs
[    3.834474] calling  crash_notes_memory_init+0x0/0x35 @ 1
[    3.841473] initcall crash_notes_memory_init+0x0/0x35 returned 0 after 976 usecs
[    3.851474] calling  cgroup_sysfs_init+0x0/0x13 @ 1
[    3.858473] initcall cgroup_sysfs_init+0x0/0x13 returned 0 after 0 usecs
[    3.866476] calling  cgroup_namespaces_init+0x0/0x7 @ 1
[    3.875476] initcall cgroup_namespaces_init+0x0/0x7 returned 0 after 0 usecs
[    3.884475] calling  init_optprobes+0x0/0x13 @ 1
[    3.891472] Kprobes globally optimized
[    3.895474] initcall init_optprobes+0x0/0x13 returned 0 after 3906 usecs
[    3.904478] calling  oom_init+0x0/0x2f @ 1
[    3.914733] initcall oom_init+0x0/0x2f returned 0 after 3906 usecs
[    3.924482] calling  default_bdi_init+0x0/0xb3 @ 1
[    3.933905] initcall default_bdi_init+0x0/0xb3 returned 0 after 1953 usecs
[    3.944485] calling  percpu_enable_async+0x0/0xe @ 1
[    3.951477] initcall percpu_enable_async+0x0/0xe returned 0 after 0 usecs
[    3.959475] calling  kcompactd_init+0x0/0x8d @ 1
[    3.967822] initcall kcompactd_init+0x0/0x8d returned 0 after 1953 usecs
[    3.976554] calling  init_user_reserve+0x0/0x40 @ 1
[    3.982479] initcall init_user_reserve+0x0/0x40 returned 0 after 0 usecs
[    3.991477] calling  init_admin_reserve+0x0/0x40 @ 1
[    3.997477] initcall init_admin_reserve+0x0/0x40 returned 0 after 0 usecs
[    4.006479] calling  init_reserve_notifier+0x0/0x7 @ 1
[    4.013474] initcall init_reserve_notifier+0x0/0x7 returned 0 after 0 usecs
[    4.022477] calling  swap_init_sysfs+0x0/0x62 @ 1
[    4.028489] initcall swap_init_sysfs+0x0/0x62 returned 0 after 0 usecs
[    4.037477] calling  swapfile_init+0x0/0x94 @ 1
[    4.042477] initcall swapfile_init+0x0/0x94 returned 0 after 0 usecs
[    4.051475] calling  hugetlb_init+0x0/0x496 @ 1
[    4.056482] HugeTLB registered 2.00 MiB page size, pre-allocated 0 pages
[    4.065497] initcall hugetlb_init+0x0/0x496 returned 0 after 8789 usecs
[    4.074475] calling  io_wq_init+0x0/0x34 @ 1
[    4.079475] initcall io_wq_init+0x0/0x34 returned 0 after 0 usecs
[    4.087475] calling  seqiv_module_init+0x0/0xc @ 1
[    4.093476] initcall seqiv_module_init+0x0/0xc returned 0 after 0 usecs
[    4.102475] calling  echainiv_module_init+0x0/0xc @ 1
[    4.108476] initcall echainiv_module_init+0x0/0xc returned 0 after 0 usecs
[    4.117576] calling  rsa_init+0x0/0x50 @ 1
[    4.123639] initcall rsa_init+0x0/0x50 returned 0 after 976 usecs
[    4.123639] cryptomgr_test (119) used greatest stack depth: 15504 bytes left
[    4.131476] calling  crypto_cmac_module_init+0x0/0xc @ 1
[    4.131479] initcall crypto_cmac_module_init+0x0/0xc returned 0 after 0 usecs
[    4.131480] calling  hmac_module_init+0x0/0xc @ 1
[    4.131483] initcall hmac_module_init+0x0/0xc returned 0 after 0 usecs
[    4.131484] calling  crypto_null_mod_init+0x0/0x65 @ 1
[    4.136480] initcall crypto_null_mod_init+0x0/0x65 returned 0 after 4882 usecs
[    4.187484] calling  md5_mod_init+0x0/0xc @ 1
[    4.194648] initcall md5_mod_init+0x0/0xc returned 0 after 976 usecs
[    4.202476] calling  sha256_generic_mod_init+0x0/0x11 @ 1
[    4.211653] initcall sha256_generic_mod_init+0x0/0x11 returned 0 after 1953 usecs
[    4.221614] calling  crypto_cbc_module_init+0x0/0xc @ 1
[    4.228500] initcall crypto_cbc_module_init+0x0/0xc returned 0 after 0 usecs
[    4.239476] calling  crypto_ctr_module_init+0x0/0x11 @ 1
[    4.248478] initcall crypto_ctr_module_init+0x0/0x11 returned 0 after 0 usecs
[    4.258475] calling  crypto_gcm_module_init+0x0/0x64 @ 1
[    4.265516] initcall crypto_gcm_module_init+0x0/0x64 returned 0 after 0 usecs
[    4.275478] calling  crypto_ccm_module_init+0x0/0x11 @ 1
[    4.283485] initcall crypto_ccm_module_init+0x0/0x11 returned 0 after 0 usecs
[    4.294522] calling  aes_init+0x0/0xc @ 1
[    4.302673] initcall aes_init+0x0/0xc returned 0 after 1953 usecs
[    4.309476] calling  crc32c_mod_init+0x0/0xc @ 1
[    4.316642] initcall crc32c_mod_init+0x0/0xc returned 0 after 976 usecs
[    4.324475] calling  crypto_authenc_module_init+0x0/0xc @ 1
[    4.332479] initcall crypto_authenc_module_init+0x0/0xc returned 0 after 0 usecs
[    4.342476] calling  crypto_authenc_esn_module_init+0x0/0xc @ 1
[    4.349476] initcall crypto_authenc_esn_module_init+0x0/0xc returned 0 after 0 usecs
[    4.358474] calling  drbg_init+0x0/0x7c @ 1
[    4.371602] initcall drbg_init+0x0/0x7c returned 0 after 6835 usecs
[    4.379475] calling  ghash_mod_init+0x0/0xc @ 1
[    4.386475] initcall ghash_mod_init+0x0/0xc returned 0 after 1953 usecs
[    4.394475] calling  init_bio+0x0/0x9a @ 1
[    4.399551] initcall init_bio+0x0/0x9a returned 0 after 0 usecs
[    4.406473] calling  blk_settings_init+0x0/0x29 @ 1
[    4.412473] initcall blk_settings_init+0x0/0x29 returned 0 after 0 usecs
[    4.421473] calling  blk_ioc_init+0x0/0x29 @ 1
[    4.426530] initcall blk_ioc_init+0x0/0x29 returned 0 after 0 usecs
[    4.434473] calling  blk_mq_init+0x0/0xb9 @ 1
[    4.439475] initcall blk_mq_init+0x0/0xb9 returned 0 after 0 usecs
[    4.447473] calling  genhd_device_init+0x0/0x75 @ 1
[    4.455620] initcall genhd_device_init+0x0/0x75 returned 0 after 976 usecs
[    4.464616] calling  pci_slot_init+0x0/0x40 @ 1
[    4.469484] initcall pci_slot_init+0x0/0x40 returned 0 after 0 usecs
[    4.477475] calling  fbmem_init+0x0/0xd8 @ 1
[    4.482530] initcall fbmem_init+0x0/0xd8 returned 0 after 976 usecs
[    4.490474] calling  acpi_init+0x0/0x319 @ 1
[    4.501013] ACPI: Added _OSI(Module Device)
[    4.506473] ACPI: Added _OSI(Processor Device)
[    4.512472] ACPI: Added _OSI(3.0 _SCP Extensions)
[    4.518472] ACPI: Added _OSI(Processor Aggregator Device)
[    4.525521] ACPI: Added _OSI(Linux-Dell-Video)
[    4.530472] ACPI: Added _OSI(Linux-Lenovo-NV-HDMI-Audio)
[    4.537471] ACPI: Added _OSI(Linux-HPI-Hybrid-Graphics)
[    4.545930] ACPI: 1 ACPI AML tables successfully acquired and loaded
[    4.560812] ACPI: Interpreter enabled
[    4.565734] ACPI: (supports S0 S3 S4 S5)
[    4.570546] ACPI: Using IOAPIC for interrupt routing
[    4.578069] PCI: Using host bridge windows from ACPI; if necessary, use "pci=nocrs" and report a bug
[    4.589853] ACPI: Enabled 2 GPEs in block 00 to 3F
[    4.612262] ACPI: PCI Root Bridge [PCI0] (domain 0000 [bus 00-ff])
[    4.620500] acpi PNP0A08:00: _OSC: OS supports [ExtendedConfig ASPM ClockPM Segments MSI HPX-Type3]
[    4.635577] acpi PNP0A08:00: _OSC: platform does not support [LTR]
[    4.643557] acpi PNP0A08:00: _OSC: OS now controls [PME PCIeCapability]
[    4.656145] PCI host bridge to bus 0000:00
[    4.661618] pci_bus 0000:00: root bus resource [io  0x0000-0x0cf7 window]
[    4.668310] pci_bus 0000:00: root bus resource [io  0x0d00-0xffff window]
[    4.677475] pci_bus 0000:00: root bus resource [mem 0x000a0000-0x000bffff window]
[    4.687475] pci_bus 0000:00: root bus resource [mem 0x20000000-0xafffffff window]
[    4.695476] pci_bus 0000:00: root bus resource [mem 0xc0000000-0xfebfffff window]
[    4.706475] pci_bus 0000:00: root bus resource [mem 0x100000000-0x8ffffffff window]
[    4.717475] pci_bus 0000:00: root bus resource [bus 00-ff]
[    4.726467] pci 0000:00:00.0: calling  quirk_mmio_always_on+0x0/0x10 @ 1
[    4.736480] pci 0000:00:00.0: quirk_mmio_always_on+0x0/0x10 took 0 usecs
[    4.746537] pci 0000:00:00.0: [8086:29c0] type 00 class 0x060000
[    4.758363] pci 0000:00:00.0: calling  quirk_igfx_skip_te_disable+0x0/0x80 @ 1
[    4.769505] pci 0000:00:00.0: quirk_igfx_skip_te_disable+0x0/0x80 took 0 usecs
[    4.786189] pci 0000:00:01.0: [1234:1111] type 00 class 0x030000
[    4.806467] pci 0000:00:01.0: reg 0x10: [mem 0xfd000000-0xfdffffff pref]
[    4.840467] pci 0000:00:01.0: reg 0x18: [mem 0xfebf0000-0xfebf0fff]
[    4.896857] pci 0000:00:01.0: reg 0x30: [mem 0xfebe0000-0xfebeffff pref]
[    4.915481] pci 0000:00:01.0: calling  efifb_fixup_resources+0x0/0xf0 @ 1
[    4.921900] pci 0000:00:01.0: efifb_fixup_resources+0x0/0xf0 took 0 usecs
[    4.950472] pci 0000:00:1f.0: [8086:2918] type 00 class 0x060100
[    4.963244] pci 0000:00:1f.0: calling  quirk_ich7_lpc+0x0/0x60 @ 1
[    4.972916] pci 0000:00:1f.0: quirk: [io  0x0600-0x067f] claimed by ICH6 ACPI/GPIO/TCO
[    4.985003] pci 0000:00:1f.0: quirk_ich7_lpc+0x0/0x60 took 11718 usecs
[    4.991467] pci 0000:00:1f.0: calling  quirk_igfx_skip_te_disable+0x0/0x80 @ 1
[    5.003478] pci 0000:00:1f.0: quirk_igfx_skip_te_disable+0x0/0x80 took 976 usecs
[    5.013297] pci 0000:00:1f.2: [8086:2922] type 00 class 0x010601
[    5.029521] pci 0000:00:1f.2: reg 0x20: [io  0xc040-0xc05f]
[    5.039153] pci 0000:00:1f.2: reg 0x24: [mem 0xfebf1000-0xfebf1fff]
[    5.048588] pci 0000:00:1f.2: calling  quirk_igfx_skip_te_disable+0x0/0x80 @ 1
[    5.057479] pci 0000:00:1f.2: quirk_igfx_skip_te_disable+0x0/0x80 took 0 usecs
[    5.069811] pci 0000:00:1f.3: [8086:2930] type 00 class 0x0c0500
[    5.084473] pci 0000:00:1f.3: reg 0x20: [io  0x0700-0x073f]
[    5.093480] pci 0000:00:1f.3: calling  quirk_igfx_skip_te_disable+0x0/0x80 @ 1
[    5.102481] pci 0000:00:1f.3: quirk_igfx_skip_te_disable+0x0/0x80 took 0 usecs
[    5.128482] ACPI: PCI Interrupt Link [LNKA] (IRQs 5 *10 11)
[    5.136896] ACPI: PCI Interrupt Link [LNKB] (IRQs 5 *10 11)
[    5.144480] ACPI: PCI Interrupt Link [LNKC] (IRQs 5 10 *11)
[    5.151473] ACPI: PCI Interrupt Link [LNKD] (IRQs 5 10 *11)
[    5.157869] ACPI: PCI Interrupt Link [LNKE] (IRQs 5 *10 11)
[    5.167479] ACPI: PCI Interrupt Link [LNKF] (IRQs 5 *10 11)
[    5.174686] ACPI: PCI Interrupt Link [LNKG] (IRQs 5 10 *11)
[    5.181888] ACPI: PCI Interrupt Link [LNKH] (IRQs 5 10 *11)
[    5.188658] ACPI: PCI Interrupt Link [GSIA] (IRQs *16)
[    5.196487] ACPI: PCI Interrupt Link [GSIB] (IRQs *17)
[    5.201485] ACPI: PCI Interrupt Link [GSIC] (IRQs *18)
[    5.209486] ACPI: PCI Interrupt Link [GSID] (IRQs *19)
[    5.214484] ACPI: PCI Interrupt Link [GSIE] (IRQs *20)
[    5.221489] ACPI: PCI Interrupt Link [GSIF] (IRQs *21)
[    5.228486] ACPI: PCI Interrupt Link [GSIG] (IRQs *22)
[    5.234605] ACPI: PCI Interrupt Link [GSIH] (IRQs *23)
[    5.258482] initcall acpi_init+0x0/0x319 returned 0 after 743164 usecs
[    5.267872] calling  pnp_init+0x0/0xc @ 1
[    5.272737] initcall pnp_init+0x0/0xc returned 0 after 0 usecs
[    5.280476] calling  misc_init+0x0/0xbf @ 1
[    5.287987] initcall misc_init+0x0/0xbf returned 0 after 2929 usecs
[    5.295482] calling  iommu_subsys_init+0x0/0x4e @ 1
[    5.302760] iommu: Default domain type: Translated 
[    5.308474] initcall iommu_subsys_init+0x0/0x4e returned 0 after 5859 usecs
[    5.317545] calling  vga_arb_device_init+0x0/0x261 @ 1
[    5.332207] pci 0000:00:01.0: vgaarb: setting as boot VGA device
[    5.332467] pci 0000:00:01.0: vgaarb: VGA device added: decodes=io+mem,owns=io+mem,locks=none
[    5.350476] pci 0000:00:01.0: vgaarb: bridge control possible
[    5.358472] vgaarb: loaded
[    5.363479] initcall vga_arb_device_init+0x0/0x261 returned 0 after 40039 usecs
[    5.373786] calling  cn_init+0x0/0xf0 @ 1
[    5.381208] initcall cn_init+0x0/0xf0 returned 0 after 976 usecs
[    5.392597] calling  dma_buf_init+0x0/0xad @ 1
[    5.403237] initcall dma_buf_init+0x0/0xad returned 0 after 4882 usecs
[    5.411479] calling  init_scsi+0x0/0x79 @ 1
[    5.419283] SCSI subsystem initialized
[    5.424478] initcall init_scsi+0x0/0x79 returned 0 after 8789 usecs
[    5.432477] calling  ata_init+0x0/0x332 @ 1
[    5.439630] libata version 3.00 loaded.
[    5.444477] initcall ata_init+0x0/0x332 returned 0 after 6835 usecs
[    5.453477] calling  phy_init+0x0/0x250 @ 1
[    5.460244] initcall phy_init+0x0/0x250 returned 0 after 1953 usecs
[    5.467475] calling  init_pcmcia_cs+0x0/0x35 @ 1
[    5.473845] initcall init_pcmcia_cs+0x0/0x35 returned 0 after 976 usecs
[    5.482477] calling  usb_common_init+0x0/0x1c @ 1
[    5.489484] initcall usb_common_init+0x0/0x1c returned 0 after 0 usecs
[    5.499477] calling  usb_init+0x0/0x12e @ 1
[    5.505156] ACPI: bus type USB registered
[    5.514671] usbcore: registered new interface driver usbfs
[    5.522981] usbcore: registered new interface driver hub
[    5.529610] usbcore: registered new device driver usb
[    5.536479] initcall usb_init+0x0/0x12e returned 0 after 31250 usecs
[    5.543477] calling  serio_init+0x0/0x29 @ 1
[    5.549604] initcall serio_init+0x0/0x29 returned 0 after 0 usecs
[    5.556477] calling  input_init+0x0/0xf6 @ 1
[    5.564032] initcall input_init+0x0/0xf6 returned 0 after 0 usecs
[    5.571481] calling  rtc_init+0x0/0x4d @ 1
[    5.577636] initcall rtc_init+0x0/0x4d returned 0 after 0 usecs
[    5.584476] calling  pps_init+0x0/0xa9 @ 1
[    5.591629] pps_core: LinuxPPS API ver. 1 registered
[    5.597472] pps_core: Software ver. 5.3.6 - Copyright 2005-2007 Rodolfo Giometti <giometti@linux.it>
[    5.609532] initcall pps_init+0x0/0xa9 returned 0 after 17578 usecs
[    5.618478] calling  ptp_init+0x0/0x98 @ 1
[    5.624491] PTP clock support registered
[    5.629477] initcall ptp_init+0x0/0x98 returned 0 after 4882 usecs
[    5.638477] calling  power_supply_class_init+0x0/0x3f @ 1
[    5.645864] initcall power_supply_class_init+0x0/0x3f returned 0 after 0 usecs
[    5.655477] calling  hwmon_init+0x0/0x104 @ 1
[    5.661600] initcall hwmon_init+0x0/0x104 returned 0 after 0 usecs
[    5.669477] calling  md_init+0x0/0x16b @ 1
[    5.679725] initcall md_init+0x0/0x16b returned 0 after 6835 usecs
[    5.686479] calling  leds_init+0x0/0x3b @ 1
[    5.692809] initcall leds_init+0x0/0x3b returned 0 after 976 usecs
[    5.699475] calling  dmi_init+0x0/0x113 @ 1
[    5.706783] initcall dmi_init+0x0/0x113 returned 0 after 1953 usecs
[    5.714475] calling  efisubsys_init+0x0/0x4e7 @ 1
[    5.720592] initcall efisubsys_init+0x0/0x4e7 returned 0 after 0 usecs
[    5.727475] calling  nvmem_init+0x0/0xc @ 1
[    5.734856] initcall nvmem_init+0x0/0xc returned 0 after 0 usecs
[    5.738474] calling  init_soundcore+0x0/0x33 @ 1
[    5.742483] initcall init_soundcore+0x0/0x33 returned 0 after 0 usecs
[    5.748474] calling  alsa_sound_init+0x0/0x8f @ 1
[    5.754846] Advanced Linux Sound Architecture Driver Initialized.
[    5.762481] initcall alsa_sound_init+0x0/0x8f returned 0 after 10742 usecs
[    5.770479] calling  alsa_seq_device_init+0x0/0x71 @ 1
[    5.775501] initcall alsa_seq_device_init+0x0/0x71 returned 0 after 0 usecs
[    5.779475] calling  hda_bus_init+0x0/0xc @ 1
[    5.785487] initcall hda_bus_init+0x0/0xc returned 0 after 1953 usecs
[    5.789474] calling  proto_init+0x0/0xc @ 1
[    5.793867] initcall proto_init+0x0/0xc returned 0 after 1953 usecs
[    5.802475] calling  net_dev_init+0x0/0x209 @ 1
[    5.811245] initcall net_dev_init+0x0/0x209 returned 0 after 2929 usecs
[    5.818475] calling  neigh_init+0x0/0x84 @ 1
[    5.822476] initcall neigh_init+0x0/0x84 returned 0 after 0 usecs
[    5.829475] calling  fib_notifier_init+0x0/0xc @ 1
[    5.834743] initcall fib_notifier_init+0x0/0xc returned 0 after 0 usecs
[    5.843475] calling  fib_rules_init+0x0/0xab @ 1
[    5.848476] initcall fib_rules_init+0x0/0xab returned 0 after 0 usecs
[    5.857476] calling  pktsched_init+0x0/0x10e @ 1
[    5.862832] initcall pktsched_init+0x0/0x10e returned 0 after 0 usecs
[    5.867475] calling  tc_filter_init+0x0/0xfa @ 1
[    5.873626] initcall tc_filter_init+0x0/0xfa returned 0 after 0 usecs
[    5.883475] calling  tc_action_init+0x0/0x54 @ 1
[    5.887478] initcall tc_action_init+0x0/0x54 returned 0 after 0 usecs
[    5.896479] calling  ethnl_init+0x0/0x52 @ 1
[    5.902493] initcall ethnl_init+0x0/0x52 returned 0 after 0 usecs
[    5.911476] calling  nexthop_init+0x0/0xd8 @ 1
[    5.919177] initcall nexthop_init+0x0/0xd8 returned 0 after 0 usecs
[    5.927629] calling  cipso_v4_init+0x0/0x5d @ 1
[    5.933860] initcall cipso_v4_init+0x0/0x5d returned 0 after 0 usecs
[    5.943531] calling  ieee80211_init+0x0/0x24 @ 1
[    5.950704] initcall ieee80211_init+0x0/0x24 returned 0 after 0 usecs
[    5.958475] calling  netlbl_init+0x0/0x78 @ 1
[    5.963524] NetLabel: Initializing
[    5.968472] NetLabel:  domain hash size = 128
[    5.974472] NetLabel:  protocols = UNLABELED CIPSOv4 CALIPSO
[    5.983471] NetLabel:  unlabeled traffic allowed by default
[    5.992481] initcall netlbl_init+0x0/0x78 returned 0 after 28320 usecs
[    6.000479] calling  rfkill_init+0x0/0x111 @ 1
[    6.007912] initcall rfkill_init+0x0/0x111 returned 0 after 1953 usecs
[    6.015476] calling  pci_subsys_init+0x0/0x66 @ 1
[    6.022602] PCI: Using ACPI for IRQ routing
[    6.715801] PCI: pci_cache_line_size set to 64 bytes
[    6.723574] e820: reserve RAM buffer [mem 0x0009fc00-0x0009ffff]
[    6.732879] e820: reserve RAM buffer [mem 0x1ffdf000-0x1fffffff]
[    6.742474] initcall pci_subsys_init+0x0/0x66 returned 0 after 702148 usecs
[    6.756294] calling  nmi_warning_debugfs+0x0/0x26 @ 1
[    6.764106] initcall nmi_warning_debugfs+0x0/0x26 returned 0 after 976 usecs
[    6.772575] calling  save_microcode_in_initrd+0x0/0x51 @ 1
[    6.781821] initcall save_microcode_in_initrd+0x0/0x51 returned 0 after 0 usecs
[    6.793522] calling  hpet_late_init+0x0/0x207 @ 1
[    6.801597] hpet: 3 channels of 0 reserved for per-cpu timers
[    6.808769] hpet0: at MMIO 0xfed00000, IRQs 2, 8, 0
[    6.814475] hpet0: 3 comparators, 64-bit 100.000000 MHz counter
[    6.826476] initcall hpet_late_init+0x0/0x207 returned 0 after 25390 usecs
[    6.837478] calling  init_amd_nbs+0x0/0x11c @ 1
[    6.844630] initcall init_amd_nbs+0x0/0x11c returned 0 after 0 usecs
[    6.854479] calling  clocksource_done_booting+0x0/0x41 @ 1
[    6.869413] clocksource: Switched to clocksource kvm-clock
[    6.876339] initcall clocksource_done_booting+0x0/0x41 returned 0 after 12564 usecs
[    6.885724] calling  tracer_init_tracefs+0x0/0x242 @ 1
[    7.167865] initcall tracer_init_tracefs+0x0/0x242 returned 0 after 269227 usecs
[    7.177550] calling  init_trace_printk_function_export+0x0/0x2c @ 1
[    7.185868] initcall init_trace_printk_function_export+0x0/0x2c returned 0 after 10 usecs
[    7.196582] calling  init_kprobe_trace+0x0/0x1a9 @ 1
[    7.203230] initcall init_kprobe_trace+0x0/0x1a9 returned 0 after 110 usecs
[    7.212084] calling  init_dynamic_event+0x0/0x3d @ 1
[    7.218566] initcall init_dynamic_event+0x0/0x3d returned 0 after 10 usecs
[    7.227065] calling  init_uprobe_trace+0x0/0x5c @ 1
[    7.233394] initcall init_uprobe_trace+0x0/0x5c returned 0 after 155 usecs
[    7.242188] calling  init_pipe_fs+0x0/0x44 @ 1
[    7.249736] initcall init_pipe_fs+0x0/0x44 returned 0 after 1923 usecs
[    7.258028] calling  inotify_user_setup+0x0/0x47 @ 1
[    7.264690] initcall inotify_user_setup+0x0/0x47 returned 0 after 233 usecs
[    7.273250] calling  eventpoll_init+0x0/0xd4 @ 1
[    7.279150] initcall eventpoll_init+0x0/0xd4 returned 0 after 174 usecs
[    7.287075] calling  anon_inode_init+0x0/0x58 @ 1
[    7.292869] initcall anon_inode_init+0x0/0x58 returned 0 after 135 usecs
[    7.301057] calling  proc_locks_init+0x0/0x27 @ 1
[    7.307027] initcall proc_locks_init+0x0/0x27 returned 0 after 279 usecs
[    7.314939] calling  iomap_init+0x0/0x1b @ 1
[    7.323716] initcall iomap_init+0x0/0x1b returned 0 after 2971 usecs
[    7.331308] calling  dquot_init+0x0/0x106 @ 1
[    7.336529] VFS: Disk quotas dquot_6.6.0
[    7.342278] VFS: Dquot-cache hash table entries: 512 (order 0, 4096 bytes)
[    7.350361] initcall dquot_init+0x0/0x106 returned 0 after 13503 usecs
[    7.358212] calling  quota_init+0x0/0x23 @ 1
[    7.364669] initcall quota_init+0x0/0x23 returned 0 after 1360 usecs
[    7.372253] calling  proc_cmdline_init+0x0/0x21 @ 1
[    7.378365] initcall proc_cmdline_init+0x0/0x21 returned 0 after 21 usecs
[    7.386499] calling  proc_consoles_init+0x0/0x24 @ 1
[    7.392451] initcall proc_consoles_init+0x0/0x24 returned 0 after 39 usecs
[    7.400592] calling  proc_cpuinfo_init+0x0/0x1e @ 1
[    7.406346] initcall proc_cpuinfo_init+0x0/0x1e returned 0 after 3 usecs
[    7.414136] calling  proc_devices_init+0x0/0x24 @ 1
[    7.420078] initcall proc_devices_init+0x0/0x24 returned 0 after 30 usecs
[    7.428007] calling  proc_interrupts_init+0x0/0x24 @ 1
[    7.434049] initcall proc_interrupts_init+0x0/0x24 returned 0 after 3 usecs
[    7.442523] calling  proc_loadavg_init+0x0/0x21 @ 1
[    7.448326] initcall proc_loadavg_init+0x0/0x21 returned 0 after 3 usecs
[    7.456160] calling  proc_meminfo_init+0x0/0x21 @ 1
[    7.462093] initcall proc_meminfo_init+0x0/0x21 returned 0 after 2 usecs
[    7.469932] calling  proc_stat_init+0x0/0x1e @ 1
[    7.475728] initcall proc_stat_init+0x0/0x1e returned 0 after 58 usecs
[    7.483601] calling  proc_uptime_init+0x0/0x21 @ 1
[    7.489568] initcall proc_uptime_init+0x0/0x21 returned 0 after 4 usecs
[    7.499043] calling  proc_version_init+0x0/0x21 @ 1
[    7.506451] initcall proc_version_init+0x0/0x21 returned 0 after 44 usecs
[    7.516605] calling  proc_softirqs_init+0x0/0x21 @ 1
[    7.524318] initcall proc_softirqs_init+0x0/0x21 returned 0 after 5 usecs
[    7.532538] calling  proc_kcore_init+0x0/0xea @ 1
[    7.538216] initcall proc_kcore_init+0x0/0xea returned 0 after 62 usecs
[    7.546045] calling  vmcore_init+0x0/0x578 @ 1
[    7.551237] initcall vmcore_init+0x0/0x578 returned 0 after 21 usecs
[    7.558735] calling  proc_kmsg_init+0x0/0x21 @ 1
[    7.564494] initcall proc_kmsg_init+0x0/0x21 returned 0 after 4 usecs
[    7.572066] calling  proc_page_init+0x0/0x3b @ 1
[    7.577534] initcall proc_page_init+0x0/0x3b returned 0 after 3 usecs
[    7.585182] calling  init_ramfs_fs+0x0/0xc @ 1
[    7.590467] initcall init_ramfs_fs+0x0/0xc returned 0 after 44 usecs
[    7.597876] calling  init_hugetlbfs_fs+0x0/0xf6 @ 1
[    7.603991] initcall init_hugetlbfs_fs+0x0/0xf6 returned 0 after 162 usecs
[    7.612092] calling  blk_scsi_ioctl_init+0x0/0x2a5 @ 1
[    7.618229] initcall blk_scsi_ioctl_init+0x0/0x2a5 returned 0 after 42 usecs
[    7.626680] calling  acpi_event_init+0x0/0x2c @ 1
[    7.632362] initcall acpi_event_init+0x0/0x2c returned 0 after 75 usecs
[    7.640571] calling  pnp_system_init+0x0/0xc @ 1
[    7.646889] initcall pnp_system_init+0x0/0xc returned 0 after 668 usecs
[    7.654694] calling  pnpacpi_init+0x0/0x69 @ 1
[    7.660140] pnp: PnP ACPI init
[    7.666227] pnp 00:00: Plug and Play ACPI device, IDs PNP0303 (active)
[    7.676010] pnp 00:01: Plug and Play ACPI device, IDs PNP0f13 (active)
[    7.686275] pnp 00:02: Plug and Play ACPI device, IDs PNP0400 (active)
[    7.695900] pnp 00:03: Plug and Play ACPI device, IDs PNP0501 (active)
[    7.705981] pnp 00:04: Plug and Play ACPI device, IDs PNP0b00 (active)
[    7.713874] system 00:05: [mem 0xb0000000-0xbfffffff window] has been reserved
[    7.722804] system 00:05: Plug and Play ACPI device, IDs PNP0c01 (active)
[    7.737218] pnp: PnP ACPI: found 6 devices
[    7.742689] initcall pnpacpi_init+0x0/0x69 returned 0 after 80619 usecs
[    7.750702] calling  chr_dev_init+0x0/0x14d @ 1
[    7.829894] initcall chr_dev_init+0x0/0x14d returned 0 after 70771 usecs
[    7.838148] calling  firmware_class_init+0x0/0xe7 @ 1
[    7.844783] initcall firmware_class_init+0x0/0xe7 returned 0 after 102 usecs
[    7.853374] calling  init_pcmcia_bus+0x0/0x5b @ 1
[    7.859688] initcall init_pcmcia_bus+0x0/0x5b returned 0 after 209 usecs
[    7.868695] calling  init_acpi_pm_clocksource+0x0/0xda @ 1
[    7.881308] clocksource: acpi_pm: mask: 0xffffff max_cycles: 0xffffff, max_idle_ns: 2085701024 ns
[    7.892434] initcall init_acpi_pm_clocksource+0x0/0xda returned 0 after 16268 usecs
[    7.901824] calling  sysctl_core_init+0x0/0x26 @ 1
[    7.908286] initcall sysctl_core_init+0x0/0x26 returned 0 after 378 usecs
[    7.916530] calling  eth_offload_init+0x0/0x13 @ 1
[    7.922382] initcall eth_offload_init+0x0/0x13 returned 0 after 13 usecs
[    7.930662] calling  ipv4_offload_init+0x0/0x73 @ 1
[    7.936768] initcall ipv4_offload_init+0x0/0x73 returned 0 after 85 usecs
[    7.944985] calling  inet_init+0x0/0x276 @ 1
[    7.951871] NET: Registered protocol family 2
[    7.959224] IP idents hash table entries: 8192 (order: 4, 65536 bytes, linear)
[    7.980902] tcp_listen_portaddr_hash hash table entries: 256 (order: 0, 4096 bytes, linear)
[    7.992748] TCP established hash table entries: 4096 (order: 3, 32768 bytes, linear)
[    8.004091] TCP bind hash table entries: 4096 (order: 4, 65536 bytes, linear)
[    8.015101] TCP: Hash tables configured (established 4096 bind 4096)
[    8.024268] UDP hash table entries: 256 (order: 1, 8192 bytes, linear)
[    8.034032] UDP-Lite hash table entries: 256 (order: 1, 8192 bytes, linear)
[    8.044750] initcall inet_init+0x0/0x276 returned 0 after 90949 usecs
[    8.053311] calling  af_unix_init+0x0/0x4d @ 1
[    8.058967] NET: Registered protocol family 1
[    8.064718] initcall af_unix_init+0x0/0x4d returned 0 after 5636 usecs
[    8.073150] calling  ipv6_offload_init+0x0/0x7e @ 1
[    8.080113] initcall ipv6_offload_init+0x0/0x7e returned 0 after 146 usecs
[    8.088595] calling  init_sunrpc+0x0/0x65 @ 1
[    8.103152] RPC: Registered named UNIX socket transport module.
[    8.110412] RPC: Registered udp transport module.
[    8.116234] RPC: Registered tcp transport module.
[    8.121885] RPC: Registered tcp NFSv4.1 backchannel transport module.
[    8.130023] initcall init_sunrpc+0x0/0x65 returned 0 after 34928 usecs
[    8.138099] calling  cfg80211_init+0x0/0xc5 @ 1
[    8.146203] initcall cfg80211_init+0x0/0xc5 returned 0 after 2478 usecs
[    8.154448] calling  pcibios_assign_resources+0x0/0xbf @ 1
[    8.161329] pci_bus 0000:00: resource 4 [io  0x0000-0x0cf7 window]
[    8.168825] pci_bus 0000:00: resource 5 [io  0x0d00-0xffff window]
[    8.176398] pci_bus 0000:00: resource 6 [mem 0x000a0000-0x000bffff window]
[    8.184839] pci_bus 0000:00: resource 7 [mem 0x20000000-0xafffffff window]
[    8.193241] pci_bus 0000:00: resource 8 [mem 0xc0000000-0xfebfffff window]
[    8.201700] pci_bus 0000:00: resource 9 [mem 0x100000000-0x8ffffffff window]
[    8.210683] initcall pcibios_assign_resources+0x0/0xbf returned 0 after 48427 usecs
[    8.220300] calling  pci_apply_final_quirks+0x0/0x124 @ 1
[    8.228597] pci 0000:00:01.0: calling  pci_fixup_video+0x0/0xe0 @ 1
[    8.236785] pci 0000:00:01.0: Video device with shadowed ROM at [mem 0x000c0000-0x000dffff]
[    8.246829] pci 0000:00:01.0: pci_fixup_video+0x0/0xe0 took 10232 usecs
[    8.255166] PCI: CLS 0 bytes, default 64
[    8.260021] initcall pci_apply_final_quirks+0x0/0x124 returned 0 after 31985 usecs
[    8.269334] calling  acpi_reserve_resources+0x0/0xea @ 1
[    8.276067] initcall acpi_reserve_resources+0x0/0xea returned 0 after 53 usecs
[    8.286150] calling  populate_rootfs+0x0/0x102 @ 1
[    8.294597] initcall populate_rootfs+0x0/0x102 returned 0 after 2650 usecs
[    8.294597] calling  pci_iommu_init+0x0/0x3e @ 1
[    8.294597] initcall pci_iommu_init+0x0/0x3e returned 0 after 35 usecs
[    8.294597] calling  ia32_binfmt_init+0x0/0x13 @ 1
[    8.294597] initcall ia32_binfmt_init+0x0/0x13 returned 0 after 264 usecs
[    8.294597] calling  rapl_pmu_init+0x0/0x267 @ 1
[    8.294597] initcall rapl_pmu_init+0x0/0x267 returned -19 after 77 usecs
[    8.294597] calling  amd_uncore_init+0x0/0x310 @ 1
[    8.294597] initcall amd_uncore_init+0x0/0x310 returned -19 after 0 usecs
[    8.294597] calling  amd_ibs_init+0x0/0x243 @ 1
[    8.294597] initcall amd_ibs_init+0x0/0x243 returned -19 after 0 usecs
[    8.294597] calling  amd_iommu_pc_init+0x0/0x215 @ 1
[    8.294597] initcall amd_iommu_pc_init+0x0/0x215 returned -19 after 30 usecs
[    8.294597] calling  msr_init+0x0/0x55 @ 1
[    8.294597] initcall msr_init+0x0/0x55 returned 0 after 134 usecs
[    8.294597] calling  intel_uncore_init+0x0/0x36f @ 1
[    8.294597] initcall intel_uncore_init+0x0/0x36f returned -19 after 32 usecs
[    8.294597] calling  cstate_pmu_init+0x0/0x1a1 @ 1
[    8.294597] initcall cstate_pmu_init+0x0/0x1a1 returned -19 after 0 usecs
[    8.294597] calling  register_kernel_offset_dumper+0x0/0x1a @ 1
[    8.294597] initcall register_kernel_offset_dumper+0x0/0x1a returned 0 after 1 usecs
[    8.294597] calling  i8259A_init_ops+0x0/0x20 @ 1
[    8.294597] initcall i8259A_init_ops+0x0/0x20 returned 0 after 1 usecs
[    8.294597] calling  init_tsc_clocksource+0x0/0xa4 @ 1
[    8.294597] clocksource: tsc: mask: 0xffffffffffffffff max_cycles: 0x39a85afc727, max_idle_ns: 881590685098 ns
[    8.294597] initcall init_tsc_clocksource+0x0/0xa4 returned 0 after 11288 usecs
[    8.294597] calling  add_rtc_cmos+0x0/0xb0 @ 1
[    8.294597] initcall add_rtc_cmos+0x0/0xb0 returned 0 after 19 usecs
[    8.294597] calling  i8237A_init_ops+0x0/0x3a @ 1
[    8.294597] initcall i8237A_init_ops+0x0/0x3a returned 0 after 92 usecs
[    8.294597] calling  umwait_init+0x0/0x94 @ 1
[    8.294597] initcall umwait_init+0x0/0x94 returned -19 after 15 usecs
[    8.294597] calling  thermal_throttle_init_device+0x0/0x3d @ 1
[    8.294597] initcall thermal_throttle_init_device+0x0/0x3d returned 0 after 37 usecs
[    8.294597] calling  msr_init+0x0/0xd7 @ 1
[    8.644403] initcall msr_init+0x0/0xd7 returned 0 after 97186 usecs
[    8.652352] calling  cpuid_init+0x0/0xd7 @ 1
[    8.726589] initcall cpuid_init+0x0/0xd7 returned 0 after 67109 usecs
[    8.728381] calling  ioapic_init_ops+0x0/0x13 @ 1
[    8.728381] initcall ioapic_init_ops+0x0/0x13 returned 0 after 67 usecs
[    8.728381] calling  add_pcspkr+0x0/0x6c @ 1
[    8.728381] initcall add_pcspkr+0x0/0x6c returned 0 after 1022 usecs
[    8.728381] calling  start_periodic_check_for_corruption+0x0/0x30 @ 1
[    8.728381] check: Scanning for low memory corruption every 60 seconds
[    8.782650] initcall start_periodic_check_for_corruption+0x0/0x30 returned 0 after 8303 usecs
[    8.793889] calling  sysfb_init+0x0/0x9c @ 1
[    8.799679] initcall sysfb_init+0x0/0x9c returned 0 after 272 usecs
[    8.808679] calling  audit_classes_init+0x0/0xae @ 1
[    8.816133] initcall audit_classes_init+0x0/0xae returned 0 after 61 usecs
[    8.826394] calling  iosf_mbi_init+0x0/0x24 @ 1
[    8.834213] initcall iosf_mbi_init+0x0/0x24 returned 0 after 978 usecs
[    8.843599] calling  proc_execdomains_init+0x0/0x21 @ 1
[    8.850135] initcall proc_execdomains_init+0x0/0x21 returned 0 after 383 usecs
[    8.858570] calling  register_warn_debugfs+0x0/0x23 @ 1
[    8.865405] initcall register_warn_debugfs+0x0/0x23 returned 0 after 393 usecs
[    8.873877] calling  cpuhp_sysfs_init+0x0/0x79 @ 1
[    8.880124] initcall cpuhp_sysfs_init+0x0/0x79 returned 0 after 565 usecs
[    8.889177] calling  ioresources_init+0x0/0x49 @ 1
[    8.894862] initcall ioresources_init+0x0/0x49 returned 0 after 6 usecs
[    8.902736] calling  snapshot_device_init+0x0/0xc @ 1
[    8.910052] initcall snapshot_device_init+0x0/0xc returned 0 after 1128 usecs
[    8.918700] calling  irq_pm_init_ops+0x0/0x13 @ 1
[    8.924664] initcall irq_pm_init_ops+0x0/0x13 returned 0 after 54 usecs
[    8.932388] calling  rcu_torture_init+0x0/0x9a6 @ 1
[    8.938458] rcu-torture:--- Start of test: nreaders=15 nfakewriters=4 stat_interval=15 verbose=1 test_no_idle_hz=1 shuffle_interval=3 stutter=5 irqreader=1 fqs_duration=0 fqs_holdoff=0 fqs_stutter=3 test_boost=1/0 test_boost_interval=7 test_boost_duration=4 shutdown_secs=3600 stall_cpu=0 stall_cpu_holdoff=10 stall_cpu_irqsoff=0 stall_cpu_block=0 n_barrier_cbs=4 onoff_interval=1000 onoff_holdoff=30 read_exit_delay=13 read_exit_burst=16
[    8.983666] rcu:  Start-test grace-period state: g-1008 f0x0
[    8.991884] rcu-torture: Creating rcu_torture_writer task
[    9.001024] rcu-torture: Creating rcu_torture_fakewriter task
[    9.001251] rcu-torture: rcu_torture_writer task started
[    9.010866] rcu-torture: Creating rcu_torture_fakewriter task
[    9.011346] rcu-torture: rcu_torture_fakewriter task started
[    9.015188] rcu-torture: GP expediting controlled from boot/sysfs for rcu.
[    9.015192] rcu_torture_writer: Testing conditional GPs.
[    9.024294] rcu-torture: Creating rcu_torture_fakewriter task
[    9.024594] rcu-torture: rcu_torture_fakewriter task started
[    9.029526] rcu_torture_writer: Testing expedited GPs.
[    9.040764] rcu-torture: Creating rcu_torture_fakewriter task
[    9.041846] rcu-torture: rcu_torture_fakewriter task started
[    9.044577] rcu_torture_writer: Testing asynchronous GPs.
[    9.053906] rcu-torture: Creating rcu_torture_reader task
[    9.054447] rcu-torture: rcu_torture_fakewriter task started
[    9.058672] rcu_torture_writer: Testing normal GPs.
[    9.067014] rcu-torture: Creating rcu_torture_reader task
[    9.067173] rcu-torture: rcu_torture_reader task started
[    9.121940] rcu-torture: Creating rcu_torture_reader task
[    9.122216] rcu-torture: rcu_torture_reader task started
[    9.130735] rcu-torture: Creating rcu_torture_reader task
[    9.131075] rcu-torture: rcu_torture_reader task started
[    9.152003] rcu-torture: Creating rcu_torture_reader task
[    9.152490] rcu-torture: rcu_torture_reader task started
[    9.160652] rcu-torture: Creating rcu_torture_reader task
[    9.160669] rcu-torture: rcu_torture_reader task started
[    9.183002] rcu-torture: Creating rcu_torture_reader task
[    9.183032] rcu-torture: rcu_torture_reader task started
[    9.192458] rcu-torture: Creating rcu_torture_reader task
[    9.192493] rcu-torture: rcu_torture_reader task started
[    9.211376] rcu-torture: Creating rcu_torture_reader task
[    9.211394] rcu-torture: rcu_torture_reader task started
[    9.226150] rcu-torture: rcu_torture_reader task started
[    9.226311] rcu-torture: Creating rcu_torture_reader task
[    9.240333] rcu-torture: Creating rcu_torture_reader task
[    9.240352] rcu-torture: rcu_torture_reader task started
[    9.253056] rcu-torture: Creating rcu_torture_reader task
[    9.253234] rcu-torture: rcu_torture_reader task started
[    9.270230] rcu-torture: Creating rcu_torture_reader task
[    9.270261] rcu-torture: rcu_torture_reader task started
[    9.278397] rcu-torture: Creating rcu_torture_reader task
[    9.278411] rcu-torture: rcu_torture_reader task started
[    9.298886] rcu-torture: Creating rcu_torture_reader task
[    9.298917] rcu-torture: rcu_torture_reader task started
[    9.313355] rcu-torture: Creating rcu_torture_stats task
[    9.313376] rcu-torture: rcu_torture_reader task started
[    9.330912] rcu-torture: Creating torture_shuffle task
[    9.330927] rcu-torture: rcu_torture_stats task started
[    9.694480] rcu-torture: Creating torture_stutter task
[    9.694642] rcu-torture: torture_shuffle task started
[    9.708806] rcu-torture: torture_stutter task started
[    9.708939] rcu-torture: Creating torture_shutdown task
[    9.723270] rcu-torture: Creating torture_onoff task
[    9.723295] rcu-torture: torture_shutdown task started
[    9.731288] rcu-torture: torture_onoff task started
[    9.731343] rcu-torture: Creating rcu_torture_fwd_prog task
[    9.734182] rcu-torture: Creating rcu_torture_barrier_cbs task
[    9.734316] rcu-torture: rcu_torture_fwd_progress task started
[    9.736471] rcu-torture:torture_shutdown task: 3599972 ms remaining
[    9.736525] rcu-torture: Creating rcu_torture_barrier_cbs task
[    9.736839] rcu-torture: rcu_torture_barrier_cbs task started
[    9.743515] rcu-torture: torture_onoff begin holdoff
[    9.750898] rcu-torture: Creating rcu_torture_barrier_cbs task
[    9.750910] rcu-torture: rcu_torture_barrier_cbs task started
[    9.808882] rcu-torture: Creating rcu_torture_barrier_cbs task
[    9.808965] rcu-torture: rcu_torture_barrier_cbs task started
[    9.817385] rcu-torture: Creating rcu_torture_barrier task
[    9.818301] rcu-torture: rcu_torture_barrier_cbs task started
[    9.838984] rcu-torture: Creating rcu_torture_read_exit task
[    9.839014] rcu-torture: rcu_torture_barrier task starting
[    9.847893] rcu-torture: rcu_torture_read_exit: Start of test
[    9.847978] initcall rcu_torture_init+0x0/0x9a6 returned 0 after 888446 usecs
[    9.847982] calling  timekeeping_init_ops+0x0/0x13 @ 1
[    9.847998] initcall timekeeping_init_ops+0x0/0x13 returned 0 after 14 usecs
[    9.848000] calling  init_clocksource_sysfs+0x0/0x23 @ 1
[    9.848231] initcall init_clocksource_sysfs+0x0/0x23 returned 0 after 223 usecs
[    9.848233] calling  init_timer_list_procfs+0x0/0x31 @ 1
[    9.848238] initcall init_timer_list_procfs+0x0/0x31 returned 0 after 3 usecs
[    9.848239] calling  alarmtimer_init+0x0/0xc7 @ 1
[    9.848377] initcall alarmtimer_init+0x0/0xc7 returned 0 after 132 usecs
[    9.848378] calling  init_posix_timers+0x0/0x29 @ 1
[    9.848447] initcall init_posix_timers+0x0/0x29 returned 0 after 66 usecs
[    9.848449] calling  clockevents_init_sysfs+0x0/0xbf @ 1
[    9.848925] initcall clockevents_init_sysfs+0x0/0xbf returned 0 after 463 usecs
[    9.848927] calling  proc_dma_init+0x0/0x21 @ 1
[    9.848944] initcall proc_dma_init+0x0/0x21 returned 0 after 15 usecs
[    9.848945] calling  proc_modules_init+0x0/0x1e @ 1
[    9.848984] initcall proc_modules_init+0x0/0x1e returned 0 after 36 usecs
[    9.848985] calling  kallsyms_init+0x0/0x21 @ 1
[    9.848987] initcall kallsyms_init+0x0/0x21 returned 0 after 0 usecs
[    9.848989] calling  pid_namespaces_init+0x0/0x2c @ 1
[    9.849525] initcall pid_namespaces_init+0x0/0x2c returned 0 after 521 usecs
[    9.849527] calling  audit_watch_init+0x0/0x37 @ 1
[    9.849541] initcall audit_watch_init+0x0/0x37 returned 0 after 12 usecs
[    9.849547] calling  audit_fsnotify_init+0x0/0x37 @ 1
[    9.849547] initcall audit_fsnotify_init+0x0/0x37 returned 0 after 0 usecs
[    9.849547] calling  audit_tree_init+0x0/0x6d @ 1
[    9.849547] initcall audit_tree_init+0x0/0x6d returned 0 after 1 usecs
[    9.849547] calling  seccomp_sysctl_init+0x0/0x2b @ 1
[    9.849547] initcall seccomp_sysctl_init+0x0/0x2b returned 0 after 113 usecs
[    9.849547] calling  utsname_sysctl_init+0x0/0x13 @ 1
[    9.849547] initcall utsname_sysctl_init+0x0/0x13 returned 0 after 136 usecs
[    9.849547] calling  init_tracepoints+0x0/0x27 @ 1
[    9.849547] initcall init_tracepoints+0x0/0x27 returned 0 after 155 usecs
[    9.849547] calling  init_blk_tracer+0x0/0x50 @ 1
[    9.849547] initcall init_blk_tracer+0x0/0x50 returned 0 after 1449 usecs
[    9.849547] calling  perf_event_sysfs_init+0x0/0x81 @ 1
[    9.849547] initcall perf_event_sysfs_init+0x0/0x81 returned 0 after 306 usecs
[    9.849547] calling  system_trusted_keyring_init+0x0/0x60 @ 1
[    9.849547] Initialise system trusted keyrings
[    9.849547] initcall system_trusted_keyring_init+0x0/0x60 returned 0 after 59 usecs
[    9.849547] calling  kswapd_init+0x0/0x5c @ 1
[    9.854295] initcall kswapd_init+0x0/0x5c returned 0 after 2322 usecs
[    9.854297] calling  extfrag_debug_init+0x0/0x54 @ 1
[    9.854860] initcall extfrag_debug_init+0x0/0x54 returned 0 after 546 usecs
[   10.208019] calling  mm_compute_batch_init+0x0/0x12 @ 1
[   10.214629] initcall mm_compute_batch_init+0x0/0x12 returned 0 after 1 usecs
[   10.223594] calling  slab_proc_init+0x0/0x21 @ 1
[   10.229393] initcall slab_proc_init+0x0/0x21 returned 0 after 35 usecs
[   10.237339] calling  workingset_init+0x0/0x8c @ 1
[   10.243524] workingset: timestamp_bits=56 max_order=17 bucket_order=0
[   10.251595] initcall workingset_init+0x0/0x8c returned 0 after 7900 usecs
[   10.260161] calling  proc_vmalloc_init+0x0/0x32 @ 1
[   10.266256] initcall proc_vmalloc_init+0x0/0x32 returned 0 after 21 usecs
[   10.275650] calling  procswaps_init+0x0/0x1e @ 1
[   10.282108] initcall procswaps_init+0x0/0x1e returned 0 after 109 usecs
[   10.303211] calling  slab_sysfs_init+0x0/0xea @ 1
[   10.316334] initcall slab_sysfs_init+0x0/0xea returned 0 after 6083 usecs
[   10.325084] calling  fcntl_init+0x0/0x29 @ 1
[   10.330576] initcall fcntl_init+0x0/0x29 returned 0 after 26 usecs
[   10.338621] calling  proc_filesystems_init+0x0/0x21 @ 1
[   10.346120] initcall proc_filesystems_init+0x0/0x21 returned 0 after 338 usecs
[   10.356014] calling  start_dirtytime_writeback+0x0/0x29 @ 1
[   10.363859] initcall start_dirtytime_writeback+0x0/0x29 returned 0 after 76 usecs
[   10.374588] calling  blkdev_init+0x0/0x1b @ 1
[   10.380729] initcall blkdev_init+0x0/0x1b returned 0 after 184 usecs
[   10.389651] calling  dio_init+0x0/0x2c @ 1
[   10.396998] initcall dio_init+0x0/0x2c returned 0 after 1463 usecs
[   10.405784] calling  dnotify_init+0x0/0x78 @ 1
[   10.412352] initcall dnotify_init+0x0/0x78 returned 0 after 18 usecs
[   10.421293] calling  aio_setup+0x0/0x78 @ 1
[   10.452335] initcall aio_setup+0x0/0x78 returned 0 after 24667 usecs
[   10.461403] calling  io_uring_init+0x0/0x2c @ 1
[   10.467812] initcall io_uring_init+0x0/0x2c returned 0 after 10 usecs
[   10.476826] calling  mbcache_init+0x0/0x30 @ 1
[   10.483309] initcall mbcache_init+0x0/0x30 returned 0 after 320 usecs
[   10.493220] calling  init_grace+0x0/0xc @ 1
[   10.499338] initcall init_grace+0x0/0xc returned 0 after 402 usecs
[   10.507660] calling  init_v2_quota_format+0x0/0x21 @ 1
[   10.514442] initcall init_v2_quota_format+0x0/0x21 returned 0 after 94 usecs
[   10.524080] calling  init_devpts_fs+0x0/0x27 @ 1
[   10.532238] initcall init_devpts_fs+0x0/0x27 returned 0 after 1563 usecs
[   10.541977] calling  ext4_init_fs+0x0/0x1d0 @ 1
[   10.549358] initcall ext4_init_fs+0x0/0x1d0 returned 0 after 933 usecs
[   10.558293] calling  journal_init+0x0/0x11c @ 1
[   10.565112] initcall journal_init+0x0/0x11c returned 0 after 59 usecs
[   10.573982] calling  init_fat_fs+0x0/0x49 @ 1
[   10.580160] initcall init_fat_fs+0x0/0x49 returned 0 after 127 usecs
[   10.588844] calling  init_vfat_fs+0x0/0xc @ 1
[   10.594901] initcall init_vfat_fs+0x0/0xc returned 0 after 5 usecs
[   10.603447] calling  init_msdos_fs+0x0/0xc @ 1
[   10.609945] initcall init_msdos_fs+0x0/0xc returned 0 after 4 usecs
[   10.618915] calling  init_iso9660_fs+0x0/0x6c @ 1
[   10.627206] initcall init_iso9660_fs+0x0/0x6c returned 0 after 1236 usecs
[   10.640120] calling  init_nfs_fs+0x0/0x13a @ 1
[   10.654654] initcall init_nfs_fs+0x0/0x13a returned 0 after 7997 usecs
[   10.654654] calling  init_nfs_v2+0x0/0x13 @ 1
[   10.654654] initcall init_nfs_v2+0x0/0x13 returned 0 after 134 usecs
[   10.654654] calling  init_nfs_v3+0x0/0x13 @ 1
[   10.654654] initcall init_nfs_v3+0x0/0x13 returned 0 after 35 usecs
[   10.654654] calling  init_nfs_v4+0x0/0x32 @ 1
[   10.694746] NFS: Registering the id_resolver key type
[   10.694746] Key type id_resolver registered
[   10.694746] Key type id_legacy registered
[   10.694746] initcall init_nfs_v4+0x0/0x32 returned 0 after 19282 usecs
[   10.694746] calling  init_nlm+0x0/0x5b @ 1
[   10.694746] initcall init_nlm+0x0/0x5b returned 0 after 139 usecs
[   10.694746] calling  init_nls_cp437+0x0/0xe @ 1
[   10.694746] initcall init_nls_cp437+0x0/0xe returned 0 after 89 usecs
[   10.694746] calling  init_nls_ascii+0x0/0xe @ 1
[   10.694746] initcall init_nls_ascii+0x0/0xe returned 0 after 1 usecs
[   10.694746] calling  init_nls_iso8859_1+0x0/0xe @ 1
[   10.694746] initcall init_nls_iso8859_1+0x0/0xe returned 0 after 1 usecs
[   10.694746] calling  init_nls_utf8+0x0/0x21 @ 1
[   10.694746] initcall init_nls_utf8+0x0/0x21 returned 0 after 1 usecs
[   10.694746] calling  init_autofs_fs+0x0/0x25 @ 1
[   10.816908] initcall init_autofs_fs+0x0/0x25 returned 0 after 3273 usecs
[   10.817596] calling  ipc_init+0x0/0x24 @ 1
[   10.817596] initcall ipc_init+0x0/0x24 returned 0 after 230 usecs
[   10.817596] calling  ipc_sysctl_init+0x0/0x13 @ 1
[   10.817596] initcall ipc_sysctl_init+0x0/0x13 returned 0 after 57 usecs
[   10.817596] calling  init_mqueue_fs+0x0/0x9a @ 1
[   10.817596] initcall init_mqueue_fs+0x0/0x9a returned 0 after 655 usecs
[   10.817596] calling  key_proc_init+0x0/0x63 @ 1
[   10.817596] initcall key_proc_init+0x0/0x63 returned 0 after 250 usecs
[   10.817596] calling  selinux_nf_ip_init+0x0/0x2e @ 1
[   10.817596] initcall selinux_nf_ip_init+0x0/0x2e returned 0 after 259 usecs
[   10.817596] calling  init_sel_fs+0x0/0x116 @ 1
[   10.940716] initcall init_sel_fs+0x0/0x116 returned 0 after 1 usecs
[   10.949611] calling  selnl_init+0x0/0x7c @ 1
[   10.956284] initcall selnl_init+0x0/0x7c returned 0 after 912 usecs
[   10.964636] calling  sel_netif_init+0x0/0x36 @ 1
[   10.970842] initcall sel_netif_init+0x0/0x36 returned 0 after 0 usecs
[   10.979816] calling  sel_netnode_init+0x0/0x33 @ 1
[   10.986290] initcall sel_netnode_init+0x0/0x33 returned 0 after 0 usecs
[   10.995590] calling  sel_netport_init+0x0/0x33 @ 1
[   11.001995] initcall sel_netport_init+0x0/0x33 returned 0 after 1 usecs
[   11.010712] calling  aurule_init+0x0/0x2a @ 1
[   11.016595] initcall aurule_init+0x0/0x2a returned 0 after 2 usecs
[   11.024626] calling  crypto_algapi_init+0x0/0xc @ 1
[   11.031144] initcall crypto_algapi_init+0x0/0xc returned 0 after 6 usecs
[   11.039879] calling  jent_mod_init+0x0/0x2d @ 1
[   11.062149] initcall jent_mod_init+0x0/0x2d returned 0 after 15436 usecs
[   11.074075] calling  asymmetric_key_init+0x0/0xc @ 1
[   11.074640] Key type asymmetric registered
[   11.074640] initcall asymmetric_key_init+0x0/0xc returned 0 after 5268 usecs
[   11.074640] calling  x509_key_init+0x0/0xc @ 1
[   11.074640] Asymmetric key parser 'x509' registered
[   11.074640] initcall x509_key_init+0x0/0xc returned 0 after 7942 usecs
[   11.074640] calling  proc_genhd_init+0x0/0x41 @ 1
[   11.074640] initcall proc_genhd_init+0x0/0x41 returned 0 after 8 usecs
[   11.074640] calling  bsg_init+0x0/0x113 @ 1
[   11.074640] Block layer SCSI generic (bsg) driver version 0.4 loaded (major 251)
[   11.074640] initcall bsg_init+0x0/0x113 returned 0 after 12909 usecs
[   11.074640] calling  deadline_init+0x0/0xc @ 1
[   11.074640] io scheduler mq-deadline registered
[   11.074640] initcall deadline_init+0x0/0xc returned 0 after 8201 usecs
[   11.074640] calling  kyber_init+0x0/0xc @ 1
[   11.074640] io scheduler kyber registered
[   11.074640] initcall kyber_init+0x0/0xc returned 0 after 5427 usecs
[   11.074640] calling  mod_init+0x0/0x7 @ 1
[   11.074640] initcall mod_init+0x0/0x7 returned 0 after 0 usecs
[   11.074640] calling  percpu_counter_startup+0x0/0x55 @ 1
[   11.278279] initcall percpu_counter_startup+0x0/0x55 returned 0 after 36862 usecs
[   11.289773] calling  sg_pool_init+0x0/0xb4 @ 1
[   11.290470] initcall sg_pool_init+0x0/0xb4 returned 0 after 89 usecs
[   11.290470] calling  pcie_portdrv_init+0x0/0x39 @ 1
[   11.290470] initcall pcie_portdrv_init+0x0/0x39 returned 0 after 2718 usecs
[   11.290470] calling  pci_proc_init+0x0/0x68 @ 1
[   11.290470] initcall pci_proc_init+0x0/0x68 returned 0 after 281 usecs
[   11.290470] calling  pci_hotplug_init+0x0/0x7 @ 1
[   11.290470] initcall pci_hotplug_init+0x0/0x7 returned 0 after 0 usecs
[   11.290470] calling  efifb_driver_init+0x0/0xe @ 1
[   11.290470] initcall efifb_driver_init+0x0/0xe returned 0 after 1465 usecs
[   11.290470] calling  ged_driver_init+0x0/0xe @ 1
[   11.290470] initcall ged_driver_init+0x0/0xe returned 0 after 540 usecs
[   11.290470] calling  acpi_ac_init+0x0/0x92 @ 1
[   11.290470] initcall acpi_ac_init+0x0/0x92 returned 0 after 1322 usecs
[   11.290470] calling  acpi_button_driver_init+0x0/0x52 @ 1
[   11.290470] input: Power Button as /devices/LNXSYSTM:00/LNXPWRBN:00/input/input0
[   11.438279] ACPI: Power Button [PWRF]
[   11.446090] initcall acpi_button_driver_init+0x0/0x52 returned 0 after 25539 usecs
[   11.457592] calling  acpi_fan_driver_init+0x0/0xe @ 1
[   11.465146] initcall acpi_fan_driver_init+0x0/0xe returned 0 after 34 usecs
[   11.475207] calling  acpi_video_init+0x0/0xcb @ 1
[   11.482546] initcall acpi_video_init+0x0/0xcb returned 0 after 508 usecs
[   11.508660] calling  acpi_processor_driver_init+0x0/0xad @ 1
[   11.556260] initcall acpi_processor_driver_init+0x0/0xad returned 0 after 34190 usecs
[   11.570108] calling  acpi_thermal_init+0x0/0x71 @ 1
[   11.626469] initcall acpi_thermal_init+0x0/0x71 returned 0 after 46889 usecs
[   11.636607] calling  acpi_battery_init+0x0/0x32 @ 1
[   11.644459] initcall acpi_battery_init+0x0/0x32 returned 0 after 823 usecs
[   11.654484] calling  bgrt_init+0x0/0xb6 @ 1
[   11.660826] initcall bgrt_init+0x0/0xb6 returned -19 after 0 usecs
[   11.669928] calling  gpio_clk_driver_init+0x0/0xe @ 1
[   11.679938] initcall gpio_clk_driver_init+0x0/0xe returned 0 after 2324 usecs
[   11.690777] calling  plt_clk_driver_init+0x0/0xe @ 1
[   11.698071] initcall plt_clk_driver_init+0x0/0xe returned 0 after 27 usecs
[   11.708307] calling  virtio_pci_driver_init+0x0/0x15 @ 1
[   11.718130] initcall virtio_pci_driver_init+0x0/0x15 returned 0 after 1313 usecs
[   11.729233] calling  n_null_init+0x0/0x1e @ 1
[   11.735782] initcall n_null_init+0x0/0x1e returned 0 after 184 usecs
[   11.745178] calling  pty_init+0x0/0x1e8 @ 1
[   11.762135] initcall pty_init+0x0/0x1e8 returned 0 after 10167 usecs
[   11.772044] calling  sysrq_init+0x0/0x62 @ 1
[   11.781150] initcall sysrq_init+0x0/0x62 returned 0 after 3036 usecs
[   11.790092] calling  serial8250_init+0x0/0x17e @ 1
[   11.797095] Serial: 8250/16550 driver, 4 ports, IRQ sharing enabled
[   11.809814] 00:03: ttyS0 at I/O 0x3f8 (irq = 4, base_baud = 115200) is a 16550A
[   11.844743] initcall serial8250_init+0x0/0x17e returned 0 after 46987 usecs
[   11.844743] calling  serial_pci_driver_init+0x0/0x15 @ 1
[   11.844743] initcall serial_pci_driver_init+0x0/0x15 returned 0 after 1305 usecs
[   11.844743] calling  exar_pci_driver_init+0x0/0x15 @ 1
[   11.844743] initcall exar_pci_driver_init+0x0/0x15 returned 0 after 28 usecs
[   11.844743] calling  lpss8250_pci_driver_init+0x0/0x15 @ 1
[   11.844743] initcall lpss8250_pci_driver_init+0x0/0x15 returned 0 after 817 usecs
[   11.844743] calling  mid8250_pci_driver_init+0x0/0x15 @ 1
[   11.844743] initcall mid8250_pci_driver_init+0x0/0x15 returned 0 after 35 usecs
[   11.844743] calling  virtio_console_init+0x0/0xff @ 1
[   11.844743] initcall virtio_console_init+0x0/0xff returned 0 after 3314 usecs
[   11.844743] calling  hpet_init+0x0/0x64 @ 1
[   11.968723] initcall hpet_init+0x0/0x64 returned 0 after 14930 usecs
[   11.968723] calling  nvram_module_init+0x0/0x83 @ 1
[   11.995420] Non-volatile memory driver v1.3
[   11.995637] initcall nvram_module_init+0x0/0x83 returned 0 after 11174 usecs
[   11.995637] calling  hwrng_modinit+0x0/0x8a @ 1
[   12.022702] initcall hwrng_modinit+0x0/0x8a returned 0 after 4853 usecs
[   12.022702] calling  mod_init+0x0/0x48 @ 1
[   12.022702] initcall mod_init+0x0/0x48 returned -19 after 1 usecs
[   12.022702] calling  agp_init+0x0/0x23 @ 1
[   12.022702] Linux agpgart interface v0.103
[   12.022702] initcall agp_init+0x0/0x23 returned 0 after 6213 usecs
[   12.022702] calling  agp_amd64_mod_init+0x0/0x5 @ 1
[   12.022702] initcall agp_amd64_mod_init+0x0/0x5 returned -19 after 371 usecs
[   12.022702] calling  agp_intel_init+0x0/0x28 @ 1
[   12.022702] initcall agp_intel_init+0x0/0x28 returned 0 after 2722 usecs
[   12.022702] calling  drm_kms_helper_init+0x0/0x7 @ 1
[   12.022702] initcall drm_kms_helper_init+0x0/0x7 returned 0 after 97 usecs
[   12.022702] calling  drm_core_init+0x0/0xa4 @ 1
[   12.022702] initcall drm_core_init+0x0/0xa4 returned 0 after 968 usecs
[   12.022702] calling  i915_init+0x0/0x6b @ 1
[   12.022702] initcall i915_init+0x0/0x6b returned 0 after 3215 usecs
[   12.022702] calling  cn_proc_init+0x0/0x35 @ 1
[   12.022702] initcall cn_proc_init+0x0/0x35 returned 0 after 3 usecs
[   12.022702] calling  topology_sysfs_init+0x0/0x27 @ 1
[   12.022702] initcall topology_sysfs_init+0x0/0x27 returned 0 after 3990 usecs
[   12.022702] calling  cacheinfo_sysfs_init+0x0/0x27 @ 1
[   12.318189] initcall cacheinfo_sysfs_init+0x0/0x27 returned 0 after 105704 usecs
[   12.318797] calling  loop_init+0x0/0x168 @ 1
[   12.563639] loop: module loaded
[   12.563639] initcall loop_init+0x0/0x168 returned 0 after 230719 usecs
[   12.563639] calling  mac_hid_init+0x0/0x21 @ 1
[   12.563639] initcall mac_hid_init+0x0/0x21 returned 0 after 128 usecs
[   12.563639] calling  spi_transport_init+0x0/0x74 @ 1
[   12.563639] initcall spi_transport_init+0x0/0x74 returned 0 after 583 usecs
[   12.563639] calling  init_sd+0x0/0x18c @ 1
[   12.563639] initcall init_sd+0x0/0x18c returned 0 after 245 usecs
[   12.563639] calling  init_sr+0x0/0x43 @ 1
[   12.563639] initcall init_sr+0x0/0x43 returned 0 after 50 usecs
[   12.563639] calling  init_sg+0x0/0x1c0 @ 1
[   12.563639] initcall init_sg+0x0/0x1c0 returned 0 after 74 usecs
[   12.563639] calling  ahci_pci_driver_init+0x0/0x15 @ 1
[   12.563639] ahci 0000:00:1f.2: version 3.0
[   12.563639] PCI Interrupt Link [GSIA] enabled at IRQ 16
[   12.563639] ahci 0000:00:1f.2: AHCI 0001.0000 32 slots 6 ports 1.5 Gbps 0x3f impl SATA mode
[   12.563639] ahci 0000:00:1f.2: flags: 64bit ncq only 
[   13.813484] scsi host0: ahci
[   13.822153] scsi host1: ahci
[   13.830138] scsi host2: ahci
[   13.837363] scsi host3: ahci
[   13.844234] scsi host4: ahci
[   13.852830] scsi host5: ahci
[   13.858537] ata1: SATA max UDMA/133 abar m4096@0xfebf1000 port 0xfebf1100 irq 24
[   13.869729] ata2: SATA max UDMA/133 abar m4096@0xfebf1000 port 0xfebf1180 irq 24
[   13.881091] ata3: SATA max UDMA/133 abar m4096@0xfebf1000 port 0xfebf1200 irq 24
[   13.892977] ata4: SATA max UDMA/133 abar m4096@0xfebf1000 port 0xfebf1280 irq 24
[   13.905355] ata5: SATA max UDMA/133 abar m4096@0xfebf1000 port 0xfebf1300 irq 24
[   13.917145] ata6: SATA max UDMA/133 abar m4096@0xfebf1000 port 0xfebf1380 irq 24
[   13.930835] initcall ahci_pci_driver_init+0x0/0x15 returned 0 after 1222955 usecs
[   13.943909] calling  piix_init+0x0/0x26 @ 1
[   13.951078] initcall piix_init+0x0/0x26 returned 0 after 419 usecs
[   13.961018] calling  amd_pci_driver_init+0x0/0x15 @ 1
[   13.969486] initcall amd_pci_driver_init+0x0/0x15 returned 0 after 29 usecs
[   13.980577] calling  oldpiix_pci_driver_init+0x0/0x15 @ 1
[   13.989006] initcall oldpiix_pci_driver_init+0x0/0x15 returned 0 after 236 usecs
[   14.000417] calling  sch_pci_driver_init+0x0/0x15 @ 1
[   14.008139] initcall sch_pci_driver_init+0x0/0x15 returned 0 after 27 usecs
[   14.018618] calling  net_olddevs_init+0x0/0x55 @ 1
[   14.026287] initcall net_olddevs_init+0x0/0x55 returned 0 after 407 usecs
[   14.037719] calling  blackhole_netdev_init+0x0/0x78 @ 1
[   14.047073] initcall blackhole_netdev_init+0x0/0x78 returned 0 after 1378 usecs
[   14.057505] calling  phy_module_init+0x0/0x13 @ 1
[   14.066488] initcall phy_module_init+0x0/0x13 returned 0 after 1444 usecs
[   14.077142] calling  tg3_driver_init+0x0/0x15 @ 1
[   14.084331] initcall tg3_driver_init+0x0/0x15 returned 0 after 296 usecs
[   14.093522] calling  e100_init_module+0x0/0x4c @ 1
[   14.100563] e100: Intel(R) PRO/100 Network Driver
[   14.107352] e100: Copyright(c) 1999-2006 Intel Corporation
[   14.115214] initcall e100_init_module+0x0/0x4c returned 0 after 14497 usecs
[   14.124819] calling  e1000_init_module+0x0/0x72 @ 1
[   14.131656] e1000: Intel(R) PRO/1000 Network Driver
[   14.138741] e1000: Copyright (c) 1999-2006 Intel Corporation.
[   14.147796] initcall e1000_init_module+0x0/0x72 returned 0 after 15757 usecs
[   14.158826] calling  e1000_init_module+0x0/0x2d @ 1
[   14.166643] e1000e: Intel(R) PRO/1000 Network Driver
[   14.174770] e1000e: Copyright(c) 1999 - 2015 Intel Corporation.
[   14.184751] initcall e1000_init_module+0x0/0x2d returned 0 after 17821 usecs
[   14.196200] calling  sky2_init_module+0x0/0x21 @ 1
[   14.204342] sky2: driver version 1.30
[   14.211423] initcall sky2_init_module+0x0/0x21 returned 0 after 6910 usecs
[   14.223140] calling  forcedeth_pci_driver_init+0x0/0x15 @ 1
[   14.235521] initcall forcedeth_pci_driver_init+0x0/0x15 returned 0 after 36 usecs
[   14.248417] calling  rtl8139_init_module+0x0/0x15 @ 1
[   14.256080] ata2: SATA link down (SStatus 0 SControl 300)
[   14.258813] initcall rtl8139_init_module+0x0/0x15 returned 0 after 59 usecs
[   14.258816] calling  rtl8169_pci_driver_init+0x0/0x15 @ 1
[   14.259031] initcall rtl8169_pci_driver_init+0x0/0x15 returned 0 after 206 usecs
[   14.278154] ata5: SATA link down (SStatus 0 SControl 300)
[   14.281689] calling  cdrom_init+0x0/0xc @ 1
[   14.302394] ata6: SATA link down (SStatus 0 SControl 300)
[   14.310050] initcall cdrom_init+0x0/0xc returned 0 after 1228 usecs
[   14.326167] ata3: SATA link up 1.5 Gbps (SStatus 113 SControl 300)
[   14.340941] calling  nonstatic_sysfs_init+0x0/0xc @ 1
[   14.341057] initcall nonstatic_sysfs_init+0x0/0xc returned 0 after 108 usecs
[   14.361470] ata1: SATA link down (SStatus 0 SControl 300)
[   14.367708] calling  yenta_cardbus_driver_init+0x0/0x15 @ 1
[   14.381858] ata4: SATA link down (SStatus 0 SControl 300)
[   14.387895] initcall yenta_cardbus_driver_init+0x0/0x15 returned 0 after 168 usecs
[   14.399009] ata3.00: ATAPI: QEMU DVD-ROM, 2.5+, max UDMA/100
[   14.405083] calling  mon_init+0x0/0x12d @ 1
[   14.413815] ata3.00: applying bridge limits
[   14.427130] initcall mon_init+0x0/0x12d returned 0 after 1647 usecs
[   14.440887] ata3.00: configured for UDMA/100
[   14.441838] calling  ehci_hcd_init+0x0/0x56 @ 1
[   14.473244] ehci_hcd: USB 2.0 'Enhanced' Host Controller (EHCI) Driver
[   14.481833] scsi 2:0:0:0: CD-ROM            QEMU     QEMU DVD-ROM     2.5+ PQ: 0 ANSI: 5
[   14.483894] initcall ehci_hcd_init+0x0/0x56 returned 0 after 10508 usecs
[   14.519901] calling  ehci_pci_init+0x0/0x64 @ 1
[   14.527253] ehci-pci: EHCI PCI platform driver
[   14.534964] initcall ehci_pci_init+0x0/0x64 returned 0 after 7523 usecs
[   14.547383] calling  ohci_hcd_mod_init+0x0/0x4e @ 1
[   14.554321] ohci_hcd: USB 1.1 'Open' Host Controller (OHCI) Driver
[   14.563164] initcall ohci_hcd_mod_init+0x0/0x4e returned 0 after 8629 usecs
[   14.573146] calling  ohci_pci_init+0x0/0x64 @ 1
[   14.579562] ohci-pci: OHCI PCI platform driver
[   14.586144] initcall ohci_pci_init+0x0/0x64 returned 0 after 6421 usecs
[   14.595574] calling  uhci_hcd_init+0x0/0xa8 @ 1
[   14.602115] uhci_hcd: USB Universal Host Controller Interface driver
[   14.611304] initcall uhci_hcd_init+0x0/0xa8 returned 0 after 9001 usecs
[   14.620599] calling  xhci_hcd_init+0x0/0x1e @ 1
[   14.627786] initcall xhci_hcd_init+0x0/0x1e returned 0 after 56 usecs
[   14.637883] calling  xhci_pci_init+0x0/0x49 @ 1
[   14.644827] initcall xhci_pci_init+0x0/0x49 returned 0 after 407 usecs
[   14.654138] calling  usblp_driver_init+0x0/0x15 @ 1
[   14.661094] usbcore: registered new interface driver usblp
[   14.669375] initcall usblp_driver_init+0x0/0x15 returned 0 after 8380 usecs
[   14.679491] calling  usb_storage_driver_init+0x0/0x2a @ 1
[   14.695342] usbcore: registered new interface driver usb-storage
[   14.703580] initcall usb_storage_driver_init+0x0/0x2a returned 0 after 8123 usecs
[   14.722656] calling  i8042_init+0x0/0x4c2 @ 1
[   14.729741] i8042: PNP: PS/2 Controller [PNP0303:KBD,PNP0f13:MOU] at 0x60,0x64 irq 1,12
[   14.765169] serio: i8042 KBD port at 0x60,0x64 irq 1
[   14.781010] serio: i8042 AUX port at 0x60,0x64 irq 12
[   14.789332] initcall i8042_init+0x0/0x4c2 returned 0 after 58663 usecs
[   14.801945] calling  serport_init+0x0/0x2c @ 1
[   14.809280] rcu_torture_rea (217) used greatest stack depth: 15008 bytes left
[   14.821782] initcall serport_init+0x0/0x2c returned 0 after 1 usecs
[   14.833921] calling  input_leds_init+0x0/0xc @ 1
[   14.840734] initcall input_leds_init+0x0/0xc returned 0 after 18 usecs
[   14.852002] calling  evdev_init+0x0/0xc @ 1
[   14.865178] initcall evdev_init+0x0/0xc returned 0 after 6688 usecs
[   14.865178] calling  atkbd_init+0x0/0x21 @ 1
[   14.883864] initcall atkbd_init+0x0/0x21 returned 0 after 1491 usecs
[   14.893782] calling  psmouse_init+0x0/0x7f @ 1
[   14.901458] initcall psmouse_init+0x0/0x7f returned 0 after 165 usecs
[   14.911797] calling  cmos_init+0x0/0x73 @ 1
[   14.920286] rtc_cmos 00:04: RTC can wake from S4
[   14.920874] rcu-torture: rcu_torture_read_exit: End of episode
[   14.921913] sr 2:0:0:0: [sr0] scsi3-mmc drive: 4x/4x cd/rw xa/form2 tray
[   14.922155] cdrom: Uniform CD-ROM driver Revision: 3.20
[   14.935684] rtc_cmos 00:04: registered as rtc0
[   14.946461] input: AT Translated Set 2 keyboard as /devices/platform/i8042/serio0/input/input1
[   14.951899] rtc_cmos 00:04: alarms up to one day, y3k, 242 bytes nvram, hpet irqs
[   15.007415] initcall cmos_init+0x0/0x73 returned 0 after 85914 usecs
[   15.018491] calling  smbalert_driver_init+0x0/0xe @ 1
[   15.026951] initcall smbalert_driver_init+0x0/0xe returned 0 after 180 usecs
[   15.037215] calling  i2c_i801_init+0x0/0xc5 @ 1
[   15.048769] i801_smbus 0000:00:1f.3: SMBus using PCI interrupt
[   15.058183] i2c i2c-0: 1/1 memory slots populated (from DMI)
[   15.067372] i2c i2c-0: Memory type 0x07 not supported yet, not instantiating SPD
[   15.078437] initcall i2c_i801_init+0x0/0xc5 returned 0 after 33632 usecs
[   15.088703] calling  ptp_kvm_init+0x0/0xf0 @ 1
[   15.096999] initcall ptp_kvm_init+0x0/0xf0 returned 0 after 1111 usecs
[   15.107543] calling  dm_init+0x0/0x3c @ 1
[   15.117286] device-mapper: ioctl: 4.43.0-ioctl (2020-10-01) initialised: dm-devel@redhat.com
[   15.129998] initcall dm_init+0x0/0x3c returned 0 after 15914 usecs
[   15.130676] calling  dm_mirror_init+0x0/0x29 @ 1
[   15.130676] initcall dm_mirror_init+0x0/0x29 returned 0 after 91 usecs
[   15.130676] calling  dm_dirty_log_init+0x0/0x4f @ 1
[   15.130676] initcall dm_dirty_log_init+0x0/0x4f returned 0 after 20 usecs
[   15.207307] calling  dm_zero_init+0x0/0x29 @ 1
[   15.213711] initcall dm_zero_init+0x0/0x29 returned 0 after 23 usecs
[   15.223152] calling  intel_pstate_init+0x0/0x50d @ 1
[   15.230168] intel_pstate: CPU model not supported
[   15.237044] initcall intel_pstate_init+0x0/0x50d returned -19 after 6755 usecs
[   15.247318] calling  haltpoll_init+0x0/0xc0 @ 1
[   15.254148] initcall haltpoll_init+0x0/0xc0 returned -19 after 33 usecs
[   15.264355] calling  efivars_sysfs_init+0x0/0x30 @ 1
[   15.272359] initcall efivars_sysfs_init+0x0/0x30 returned 0 after 198 usecs
[   15.282399] calling  esrt_sysfs_init+0x0/0x2a2 @ 1
[   15.289911] initcall esrt_sysfs_init+0x0/0x2a2 returned -38 after 496 usecs
[   15.300057] calling  hid_init+0x0/0x5c @ 1
[   15.306455] hid: raw HID events driver (C) Jiri Kosina
[   15.315929] initcall hid_init+0x0/0x5c returned 0 after 9490 usecs
[   15.324524] calling  hid_generic_init+0x0/0x15 @ 1
[   15.331915] initcall hid_generic_init+0x0/0x15 returned 0 after 355 usecs
[   15.342155] calling  a4_driver_init+0x0/0x15 @ 1
[   15.349043] initcall a4_driver_init+0x0/0x15 returned 0 after 27 usecs
[   15.358560] calling  apple_driver_init+0x0/0x15 @ 1
[   15.365978] initcall apple_driver_init+0x0/0x15 returned 0 after 26 usecs
[   15.375688] calling  belkin_driver_init+0x0/0x15 @ 1
[   15.383093] initcall belkin_driver_init+0x0/0x15 returned 0 after 59 usecs
[   15.401882] calling  ch_driver_init+0x0/0x15 @ 1
[   15.409020] initcall ch_driver_init+0x0/0x15 returned 0 after 89 usecs
[   15.419710] calling  ch_driver_init+0x0/0x15 @ 1
[   15.426548] initcall ch_driver_init+0x0/0x15 returned 0 after 21 usecs
[   15.436136] calling  cp_driver_init+0x0/0x15 @ 1
[   15.443028] initcall cp_driver_init+0x0/0x15 returned 0 after 45 usecs
[   15.452279] calling  ez_driver_init+0x0/0x15 @ 1
[   15.458696] initcall ez_driver_init+0x0/0x15 returned 0 after 15 usecs
[   15.467662] calling  gyration_driver_init+0x0/0x15 @ 1
[   15.474650] initcall gyration_driver_init+0x0/0x15 returned 0 after 15 usecs
[   15.485168] calling  ite_driver_init+0x0/0x15 @ 1
[   15.492076] initcall ite_driver_init+0x0/0x15 returned 0 after 18 usecs
[   15.502487] calling  ks_driver_init+0x0/0x15 @ 1
[   15.509727] initcall ks_driver_init+0x0/0x15 returned 0 after 135 usecs
[   15.520641] calling  lg_driver_init+0x0/0x15 @ 1
[   15.527671] initcall lg_driver_init+0x0/0x15 returned 0 after 175 usecs
[   15.539880] calling  lg_g15_driver_init+0x0/0x15 @ 1
[   15.547810] initcall lg_g15_driver_init+0x0/0x15 returned 0 after 31 usecs
[   15.558691] calling  ms_driver_init+0x0/0x15 @ 1
[   15.566031] initcall ms_driver_init+0x0/0x15 returned 0 after 29 usecs
[   15.576011] calling  mr_driver_init+0x0/0x15 @ 1
[   15.583502] initcall mr_driver_init+0x0/0x15 returned 0 after 48 usecs
[   15.593395] calling  ntrig_driver_init+0x0/0x15 @ 1
[   15.600909] initcall ntrig_driver_init+0x0/0x15 returned 0 after 31 usecs
[   15.652653] calling  pl_driver_init+0x0/0x15 @ 1
[   15.671676] initcall pl_driver_init+0x0/0x15 returned 0 after 51 usecs
[   15.680435] calling  pl_driver_init+0x0/0x15 @ 1
[   15.686620] initcall pl_driver_init+0x0/0x15 returned 0 after 30 usecs
[   15.696613] calling  redragon_driver_init+0x0/0x15 @ 1
[   15.704613] initcall redragon_driver_init+0x0/0x15 returned 0 after 120 usecs
[   15.715325] calling  samsung_driver_init+0x0/0x15 @ 1
[   15.723151] initcall samsung_driver_init+0x0/0x15 returned 0 after 31 usecs
[   15.733613] calling  sony_init+0x0/0x38 @ 1
[   15.740049] initcall sony_init+0x0/0x38 returned 0 after 28 usecs
[   15.749156] calling  sp_driver_init+0x0/0x15 @ 1
[   15.756018] initcall sp_driver_init+0x0/0x15 returned 0 after 27 usecs
[   15.765971] calling  ts_driver_init+0x0/0x15 @ 1
[   15.772921] initcall ts_driver_init+0x0/0x15 returned 0 after 41 usecs
[   15.782010] calling  hid_init+0x0/0x58 @ 1
[   15.787821] usbcore: registered new interface driver usbhid
[   15.795880] usbhid: USB HID core driver
[   15.809134] initcall hid_init+0x0/0x58 returned 0 after 20927 usecs
[   15.817856] calling  eeepc_laptop_init+0x0/0x57 @ 1
[   15.824874] initcall eeepc_laptop_init+0x0/0x57 returned -19 after 153 usecs
[   15.834872] calling  pmc_atom_init+0x0/0x27a @ 1
[   15.841357] initcall pmc_atom_init+0x0/0x27a returned -19 after 5 usecs
[   15.850319] calling  alsa_hwdep_init+0x0/0x5e @ 1
[   15.857969] initcall alsa_hwdep_init+0x0/0x5e returned 0 after 141 usecs
[   15.867588] calling  alsa_timer_init+0x0/0x1f0 @ 1
[   15.874913] initcall alsa_timer_init+0x0/0x1f0 returned 0 after 540 usecs
[   15.884314] calling  snd_hrtimer_init+0x0/0x117 @ 1
[   15.891560] initcall snd_hrtimer_init+0x0/0x117 returned 0 after 2 usecs
[   15.900985] calling  alsa_pcm_init+0x0/0x64 @ 1
