c[?7l[2J[0mSeaBIOS (version 1.16.0-debian-1.16.0-4)
Booting from ROM...
early console in setup code
c[?7l[2J[    0.000000] Linux version 5.10.156+ (root@joelboxx.c.googlers.com) (gcc (Debian 12.2.0-3) 12.2.0, GNU ld (GNU Binutils for Debian) 2.39) #17 Tue Dec 13 04:42:27 UTC 2022
[    0.000000] Command line: selinux=0 initcall_debug debug console=ttyS0 rcutorture.n_barrier_cbs=4 rcutorture.stat_interval=15 rcutorture.shutdown_secs=1800 rcutorture.test_no_idle_hz=1 rcutorture.verbose=1
[    0.000000] x86/fpu: x87 FPU will use FXSAVE
[    0.000000] BIOS-provided physical RAM map:
[    0.000000] BIOS-e820: [mem 0x0000000000000000-0x000000000009fbff] usable
[    0.000000] BIOS-e820: [mem 0x000000000009fc00-0x000000000009ffff] reserved
[    0.000000] BIOS-e820: [mem 0x00000000000f0000-0x00000000000fffff] reserved
[    0.000000] BIOS-e820: [mem 0x0000000000100000-0x000000001ffdefff] usable
[    0.000000] BIOS-e820: [mem 0x000000001ffdf000-0x000000001fffffff] reserved
[    0.000000] BIOS-e820: [mem 0x00000000b0000000-0x00000000bfffffff] reserved
[    0.000000] BIOS-e820: [mem 0x00000000fed1c000-0x00000000fed1ffff] reserved
[    0.000000] BIOS-e820: [mem 0x00000000feffc000-0x00000000feffffff] reserved
[    0.000000] BIOS-e820: [mem 0x00000000fffc0000-0x00000000ffffffff] reserved
[    0.000000] NX (Execute Disable) protection: active
[    0.000000] SMBIOS 2.8 present.
[    0.000000] DMI: QEMU Standard PC (Q35 + ICH9, 2009), BIOS 1.16.0-debian-1.16.0-4 04/01/2014
[    0.000000] Hypervisor detected: KVM
[    0.000000] kvm-clock: Using msrs 4b564d01 and 4b564d00
[    0.000000] kvm-clock: cpu 0, msr f83f001, primary cpu clock
[    0.000001] kvm-clock: using sched offset of 2800685815 cycles
[    0.000080] clocksource: kvm-clock: mask: 0xffffffffffffffff max_cycles: 0x1cd42e4dffb, max_idle_ns: 881590591483 ns
[    0.000089] tsc: Detected 1999.999 MHz processor
[    0.003338] e820: update [mem 0x00000000-0x00000fff] usable ==> reserved
[    0.003343] e820: remove [mem 0x000a0000-0x000fffff] usable
[    0.003349] last_pfn = 0x1ffdf max_arch_pfn = 0x400000000
[    0.004090] MTRR default type: write-back
[    0.004141] MTRR fixed ranges enabled:
[    0.004142]   00000-9FFFF write-back
[    0.004144]   A0000-BFFFF uncachable
[    0.004145]   C0000-FFFFF write-protect
[    0.004146] MTRR variable ranges enabled:
[    0.004147]   0 base 00C0000000 mask FFC0000000 uncachable
[    0.004148]   1 disabled
[    0.004149]   2 disabled
[    0.004150]   3 disabled
[    0.004150]   4 disabled
[    0.004151]   5 disabled
[    0.004151]   6 disabled
[    0.004152]   7 disabled
[    0.004393] x86/PAT: Configuration [0-7]: WB  WC  UC- UC  WB  WC  UC- UC  
[    0.013475] found SMP MP-table at [mem 0x000f5ba0-0x000f5baf]
[    0.014938] check: Scanning 1 areas for low memory corruption
[    0.021835] ACPI: Early table checksum verification disabled
[    0.023170] ACPI: RSDP 0x00000000000F59E0 000014 (v00 BOCHS )
[    0.023377] ACPI: RSDT 0x000000001FFE229A 000038 (v01 BOCHS  BXPC     00000001 BXPC 00000001)
[    0.023513] ACPI: FACP 0x000000001FFE2092 0000F4 (v03 BOCHS  BXPC     00000001 BXPC 00000001)
[    0.023590] ACPI: DSDT 0x000000001FFE0040 002052 (v01 BOCHS  BXPC     00000001 BXPC 00000001)
[    0.023595] ACPI: FACS 0x000000001FFE0000 000040
[    0.023598] ACPI: APIC 0x000000001FFE2186 000078 (v01 BOCHS  BXPC     00000001 BXPC 00000001)
[    0.023602] ACPI: HPET 0x000000001FFE21FE 000038 (v01 BOCHS  BXPC     00000001 BXPC 00000001)
[    0.023606] ACPI: MCFG 0x000000001FFE2236 00003C (v01 BOCHS  BXPC     00000001 BXPC 00000001)
[    0.023610] ACPI: WAET 0x000000001FFE2272 000028 (v01 BOCHS  BXPC     00000001 BXPC 00000001)
[    0.023614] ACPI: Reserving FACP table memory at [mem 0x1ffe2092-0x1ffe2185]
[    0.023616] ACPI: Reserving DSDT table memory at [mem 0x1ffe0040-0x1ffe2091]
[    0.023617] ACPI: Reserving FACS table memory at [mem 0x1ffe0000-0x1ffe003f]
[    0.023618] ACPI: Reserving APIC table memory at [mem 0x1ffe2186-0x1ffe21fd]
[    0.023619] ACPI: Reserving HPET table memory at [mem 0x1ffe21fe-0x1ffe2235]
[    0.023620] ACPI: Reserving MCFG table memory at [mem 0x1ffe2236-0x1ffe2271]
[    0.023621] ACPI: Reserving WAET table memory at [mem 0x1ffe2272-0x1ffe2299]
[    0.024253] ACPI: Local APIC address 0xfee00000
[    0.025774] Zone ranges:
[    0.025851]   DMA      [mem 0x0000000000001000-0x0000000000ffffff]
[    0.025936]   DMA32    [mem 0x0000000001000000-0x000000001ffdefff]
[    0.025987]   Normal   empty
[    0.025988] Movable zone start for each node
[    0.025989] Early memory node ranges
[    0.025990]   node   0: [mem 0x0000000000001000-0x000000000009efff]
[    0.026036]   node   0: [mem 0x0000000000100000-0x000000001ffdefff]
[    0.026079] Initmem setup node 0 [mem 0x0000000000001000-0x000000001ffdefff]
[    0.026081] On node 0 totalpages: 130941
[    0.026192]   DMA zone: 64 pages used for memmap
[    0.026193]   DMA zone: 21 pages reserved
[    0.026220]   DMA zone: 3998 pages, LIFO batch:0
[    0.026222]   DMA32 zone: 1984 pages used for memmap
[    0.026223]   DMA32 zone: 126943 pages, LIFO batch:31
[    0.030862] On node 0, zone DMA: 1 pages in unavailable ranges
[    0.032489] On node 0, zone DMA: 97 pages in unavailable ranges
[    0.135677] On node 0, zone DMA32: 33 pages in unavailable ranges
[    0.140085] ACPI: PM-Timer IO Port: 0x608
[    0.140094] ACPI: Local APIC address 0xfee00000
[    0.140292] ACPI: LAPIC_NMI (acpi_id[0xff] dfl dfl lint[0x1])
[    0.140930] IOAPIC[0]: apic_id 0, version 17, address 0xfec00000, GSI 0-23
[    0.140957] ACPI: INT_SRC_OVR (bus 0 bus_irq 0 global_irq 2 dfl dfl)
[    0.141011] ACPI: INT_SRC_OVR (bus 0 bus_irq 5 global_irq 5 high level)
[    0.141012] ACPI: INT_SRC_OVR (bus 0 bus_irq 9 global_irq 9 high level)
[    0.141047] ACPI: INT_SRC_OVR (bus 0 bus_irq 10 global_irq 10 high level)
[    0.141049] ACPI: INT_SRC_OVR (bus 0 bus_irq 11 global_irq 11 high level)
[    0.141052] ACPI: IRQ0 used by override.
[    0.141054] ACPI: IRQ5 used by override.
[    0.141055] ACPI: IRQ9 used by override.
[    0.141056] ACPI: IRQ10 used by override.
[    0.141057] ACPI: IRQ11 used by override.
[    0.141061] Using ACPI (MADT) for SMP configuration information
[    0.141077] ACPI: HPET id: 0x8086a201 base: 0xfed00000
[    0.141629] kvm-guest: stealtime: cpu 0, msr f04d780
[    0.141971] PM: hibernation: Registered nosave memory: [mem 0x00000000-0x00000fff]
[    0.141974] PM: hibernation: Registered nosave memory: [mem 0x0009f000-0x0009ffff]
[    0.141976] PM: hibernation: Registered nosave memory: [mem 0x000a0000-0x000effff]
[    0.141977] PM: hibernation: Registered nosave memory: [mem 0x000f0000-0x000fffff]
[    0.141980] [mem 0x20000000-0xafffffff] available for PCI devices
[    0.141990] Booting paravirtualized kernel on KVM
[    0.142252] clocksource: refined-jiffies: mask: 0xffffffff max_cycles: 0xffffffff, max_idle_ns: 1910969940391419 ns
[    0.156760] pcpu-alloc: s0 r0 d32768 u32768 alloc=1*32768
[    0.156773] pcpu-alloc: [0] 0 
[    0.156894] Built 1 zonelists, mobility grouping on.  Total pages: 128872
[    0.156950] Kernel command line: selinux=0 initcall_debug debug console=ttyS0 rcutorture.n_barrier_cbs=4 rcutorture.stat_interval=15 rcutorture.shutdown_secs=1800 rcutorture.test_no_idle_hz=1 rcutorture.verbose=1
[    0.160154] Dentry cache hash table entries: 65536 (order: 7, 524288 bytes, linear)
[    0.160888] Inode-cache hash table entries: 32768 (order: 6, 262144 bytes, linear)
[    0.161320] mem auto-init: stack:all(zero), heap alloc:off, heap free:off
[    0.166968] Memory: 481560K/523764K available (14349K kernel code, 2612K rwdata, 4608K rodata, 1248K init, 1892K bss, 41944K reserved, 0K cma-reserved)
[    0.167169] SLUB: HWalign=64, Order=0-3, MinObjects=0, CPUs=1, Nodes=1
[    0.167286] Kernel/User page tables isolation: enabled
[    0.181332] NR_IRQS: 4352, nr_irqs: 256, preallocated irqs: 16
[    0.182724] calling  con_init+0x0/0x22a @ 0
[    0.270041] Console: colour VGA+ 80x25
[    0.270762] initcall con_init+0x0/0x22a returned 0 after 0 usecs
[    0.270836] calling  hvc_console_init+0x0/0x13 @ 0
[    0.270858] initcall hvc_console_init+0x0/0x13 returned 0 after 0 usecs
[    0.270860] calling  univ8250_console_init+0x0/0x26 @ 0
[    1.075810] printk: console [ttyS0] enabled
[    1.081773] initcall univ8250_console_init+0x0/0x26 returned 0 after 0 usecs
[    1.090820] ACPI: Core revision 20200925
[    1.098609] clocksource: hpet: mask: 0xffffffff max_cycles: 0xffffffff, max_idle_ns: 19112604467 ns
[    1.110692] APIC: Switch to symmetric I/O mode setup
[    1.135300] ..TIMER: vector=0x30 apic1=0 pin1=2 apic2=-1 pin2=-1
[    1.142667] clocksource: tsc-early: mask: 0xffffffffffffffff max_cycles: 0x39a85afc727, max_idle_ns: 881590685098 ns
[    1.154974] Calibrating delay loop (skipped) preset value.. 3999.99 BogoMIPS (lpj=1999999)
[    1.155850] pid_max: default: 32768 minimum: 301
[    1.157268] LSM: Security Framework initializing
[    1.158150] Mount-cache hash table entries: 1024 (order: 1, 8192 bytes, linear)
[    1.158863] Mountpoint-cache hash table entries: 1024 (order: 1, 8192 bytes, linear)
[    1.165852] Last level iTLB entries: 4KB 0, 2MB 0, 4MB 0
[    1.166829] Last level dTLB entries: 4KB 0, 2MB 0, 4MB 0, 1GB 0
[    1.167861] CPU: Intel Common KVM processor (family: 0xf, model: 0x6, stepping: 0x1)
[    1.168849] Spectre V1 : Mitigation: usercopy/swapgs barriers and __user pointer sanitization
[    1.169830] Spectre V2 : Mitigation: Retpolines
[    1.170828] Spectre V2 : Spectre v2 / SpectreRSB mitigation: Filling RSB on context switch
[    1.171829] Spectre V2 : Spectre v2 / SpectreRSB : Filling RSB on VMEXIT
[    1.172829] Speculative Store Bypass: Vulnerable
[    1.173942] MDS: Vulnerable: Clear CPU buffers attempted, no microcode
[    1.175829] MMIO Stale Data: Unknown: No mitigations
[    1.253704] calling  init_hw_perf_events+0x0/0x6ce @ 1
[    1.253831] Performance Events: unsupported Netburst CPU model 6 no PMU driver, software events only.
[    1.254836] initcall init_hw_perf_events+0x0/0x6ce returned 0 after 976 usecs
[    1.256834] calling  init_real_mode+0x0/0x1e9 @ 1
[    1.258321] initcall init_real_mode+0x0/0x1e9 returned 0 after 0 usecs
[    1.258833] calling  trace_init_perf_perm_irq_work_exit+0x0/0x12 @ 1
[    1.259833] initcall trace_init_perf_perm_irq_work_exit+0x0/0x12 returned 0 after 0 usecs
[    1.260844] calling  validate_x2apic+0x0/0x4a @ 1
[    1.261857] initcall validate_x2apic+0x0/0x4a returned 0 after 0 usecs
[    1.262832] calling  register_nmi_cpu_backtrace_handler+0x0/0x15 @ 1
[    1.263838] initcall register_nmi_cpu_backtrace_handler+0x0/0x15 returned 0 after 0 usecs
[    1.264833] calling  kvm_setup_vsyscall_timeinfo+0x0/0x34 @ 1
[    1.265833] initcall kvm_setup_vsyscall_timeinfo+0x0/0x34 returned 0 after 0 usecs
[    1.266853] calling  spawn_ksoftirqd+0x0/0x34 @ 1
[    1.267970] initcall spawn_ksoftirqd+0x0/0x34 returned 0 after 0 usecs
[    1.269851] calling  trace_init_flags_sys_enter+0x0/0xe @ 1
[    1.270834] initcall trace_init_flags_sys_enter+0x0/0xe returned 0 after 0 usecs
[    1.271833] calling  trace_init_flags_sys_exit+0x0/0xe @ 1
[    1.272836] initcall trace_init_flags_sys_exit+0x0/0xe returned 0 after 0 usecs
[    1.273834] calling  init_kprobes+0x0/0x14d @ 1
[    1.276429] initcall init_kprobes+0x0/0x14d returned 0 after 976 usecs
[    1.276846] calling  init_events+0x0/0x3d @ 1
[    1.279852] initcall init_events+0x0/0x3d returned 0 after 976 usecs
[    1.280831] calling  init_trace_printk+0x0/0xc @ 1
[    1.281833] initcall init_trace_printk+0x0/0xc returned 0 after 0 usecs
[    1.282831] calling  event_trace_enable_again+0x0/0x23 @ 1
[    1.283845] initcall event_trace_enable_again+0x0/0x23 returned 0 after 0 usecs
[    1.284832] calling  static_call_init+0x0/0x6d @ 1
[    1.285831] initcall static_call_init+0x0/0x6d returned 0 after 0 usecs
[    1.286831] calling  jump_label_init_module+0x0/0xc @ 1
[    1.287831] initcall jump_label_init_module+0x0/0xc returned 0 after 0 usecs
[    1.288832] calling  init_zero_pfn+0x0/0x37 @ 1
[    1.289831] initcall init_zero_pfn+0x0/0x37 returned 0 after 0 usecs
[    1.290847] calling  initialize_ptr_random+0x0/0x54 @ 1
[    1.291832] initcall initialize_ptr_random+0x0/0x54 returned 0 after 0 usecs
[    1.292845] calling  efi_memreserve_root_init+0x0/0x25 @ 1
[    1.293868] initcall efi_memreserve_root_init+0x0/0x25 returned 0 after 0 usecs
[    1.294833] calling  efi_earlycon_remap_fb+0x0/0x51 @ 1
[    1.295832] initcall efi_earlycon_remap_fb+0x0/0x51 returned 0 after 0 usecs
[    1.408614] devtmpfs: initialized
[    1.411114] calling  ipc_ns_init+0x0/0x3d @ 1
[    1.411897] initcall ipc_ns_init+0x0/0x3d returned 0 after 0 usecs
[    1.412833] calling  init_mmap_min_addr+0x0/0x21 @ 1
[    1.413832] initcall init_mmap_min_addr+0x0/0x21 returned 0 after 0 usecs
[    1.414832] calling  pci_realloc_setup_params+0x0/0x3f @ 1
[    1.415832] initcall pci_realloc_setup_params+0x0/0x3f returned 0 after 0 usecs
[    1.416832] calling  net_ns_init+0x0/0x11c @ 1
[    1.417997] initcall net_ns_init+0x0/0x11c returned 0 after 0 usecs
[    1.418847] calling  e820__register_nvs_regions+0x0/0x37 @ 1
[    1.419835] initcall e820__register_nvs_regions+0x0/0x37 returned 0 after 0 usecs
[    1.420836] calling  cpufreq_register_tsc_scaling+0x0/0x2e @ 1
[    1.421834] initcall cpufreq_register_tsc_scaling+0x0/0x2e returned 0 after 0 usecs
[    1.422835] calling  reboot_init+0x0/0x3c @ 1
[    1.423890] initcall reboot_init+0x0/0x3c returned 0 after 0 usecs
[    1.424837] calling  init_lapic_sysfs+0x0/0x20 @ 1
[    1.425835] initcall init_lapic_sysfs+0x0/0x20 returned 0 after 0 usecs
[    1.426834] calling  wq_sysfs_init+0x0/0x2a @ 1
[    1.427923] initcall wq_sysfs_init+0x0/0x2a returned 0 after 0 usecs
[    1.428833] calling  ksysfs_init+0x0/0x92 @ 1
[    1.429855] initcall ksysfs_init+0x0/0x92 returned 0 after 0 usecs
[    1.431832] calling  pm_init+0x0/0x76 @ 1
[    1.432884] initcall pm_init+0x0/0x76 returned 0 after 0 usecs
[    1.433846] calling  pm_disk_init+0x0/0x13 @ 1
[    1.434853] initcall pm_disk_init+0x0/0x13 returned 0 after 0 usecs
[    1.435831] calling  swsusp_header_init+0x0/0x2b @ 1
[    1.436834] initcall swsusp_header_init+0x0/0x2b returned 0 after 0 usecs
[    1.437832] calling  rcu_set_runtime_mode+0x0/0x11 @ 1
[    1.438832] initcall rcu_set_runtime_mode+0x0/0x11 returned 0 after 0 usecs
[    1.439832] calling  init_jiffies_clocksource+0x0/0x13 @ 1
[    1.440831] clocksource: jiffies: mask: 0xffffffff max_cycles: 0xffffffff, max_idle_ns: 1911260446275000 ns
[    1.441837] initcall init_jiffies_clocksource+0x0/0x13 returned 0 after 976 usecs
[    1.442838] calling  futex_init+0x0/0xd5 @ 1
[    1.443836] futex hash table entries: 256 (order: 0, 6144 bytes, linear)
[    1.444903] initcall futex_init+0x0/0xd5 returned 0 after 976 usecs
[    1.445834] calling  cgroup_wq_init+0x0/0x28 @ 1
[    1.446838] initcall cgroup_wq_init+0x0/0x28 returned 0 after 0 usecs
[    1.447832] calling  cgroup1_wq_init+0x0/0x28 @ 1
[    1.448837] initcall cgroup1_wq_init+0x0/0x28 returned 0 after 0 usecs
[    1.449831] calling  init_kprobe_trace_early+0x0/0x2a @ 1
[    1.450850] initcall init_kprobe_trace_early+0x0/0x2a returned 0 after 0 usecs
[    1.451833] calling  fsnotify_init+0x0/0x48 @ 1
[    1.452841] initcall fsnotify_init+0x0/0x48 returned 0 after 0 usecs
[    1.453831] calling  filelock_init+0x0/0x60 @ 1
[    1.455868] initcall filelock_init+0x0/0x60 returned 0 after 0 usecs
[    1.456831] calling  init_misc_binfmt+0x0/0x2c @ 1
[    1.458832] initcall init_misc_binfmt+0x0/0x2c returned 0 after 976 usecs
[    1.459831] calling  init_script_binfmt+0x0/0x15 @ 1
[    1.460831] initcall init_script_binfmt+0x0/0x15 returned 0 after 0 usecs
[    1.461845] calling  init_elf_binfmt+0x0/0x15 @ 1
[    1.462831] initcall init_elf_binfmt+0x0/0x15 returned 0 after 0 usecs
[    1.463831] calling  init_compat_elf_binfmt+0x0/0x15 @ 1
[    1.464830] initcall init_compat_elf_binfmt+0x0/0x15 returned 0 after 0 usecs
[    1.465852] calling  debugfs_init+0x0/0x5c @ 1
[    1.466836] initcall debugfs_init+0x0/0x5c returned 0 after 0 usecs
[    1.467829] calling  tracefs_init+0x0/0x3a @ 1
[    1.468848] initcall tracefs_init+0x0/0x3a returned 0 after 0 usecs
[    1.469830] calling  prandom_init_early+0x0/0x111 @ 1
[    1.470830] initcall prandom_init_early+0x0/0x111 returned 0 after 0 usecs
[    1.471918] calling  virtio_init+0x0/0x20 @ 1
[    1.472883] initcall virtio_init+0x0/0x20 returned 0 after 0 usecs
[    1.473830] calling  iommu_init+0x0/0x2a @ 1
[    1.474847] initcall iommu_init+0x0/0x2a returned 0 after 0 usecs
[    1.475829] calling  component_debug_init+0x0/0x1c @ 1
[    1.476909] initcall component_debug_init+0x0/0x1c returned 0 after 0 usecs
[    1.477830] calling  early_resume_init+0x0/0xb9 @ 1
[    1.479558] PM: RTC time: 04:45:32, date: 2022-12-13
[    1.479853] initcall early_resume_init+0x0/0xb9 returned 0 after 976 usecs
[    1.480830] calling  cpufreq_core_init+0x0/0x62 @ 1
[    1.481873] initcall cpufreq_core_init+0x0/0x62 returned 0 after 0 usecs
[    1.482830] calling  cpufreq_gov_performance_init+0x0/0xc @ 1
[    1.483834] initcall cpufreq_gov_performance_init+0x0/0xc returned 0 after 0 usecs
[    1.484835] calling  cpufreq_gov_userspace_init+0x0/0xc @ 1
[    1.485834] initcall cpufreq_gov_userspace_init+0x0/0xc returned 0 after 0 usecs
[    1.486832] calling  CPU_FREQ_GOV_ONDEMAND_init+0x0/0xc @ 1
[    1.487832] initcall CPU_FREQ_GOV_ONDEMAND_init+0x0/0xc returned 0 after 0 usecs
[    1.488830] calling  cpuidle_init+0x0/0x1f @ 1
[    1.489892] initcall cpuidle_init+0x0/0x1f returned 0 after 0 usecs
[    1.490831] calling  capsule_reboot_register+0x0/0xc @ 1
[    1.491860] initcall capsule_reboot_register+0x0/0xc returned 0 after 0 usecs
[    1.492832] calling  sock_init+0x0/0x93 @ 1
[    1.494084] initcall sock_init+0x0/0x93 returned 0 after 0 usecs
[    1.494831] calling  net_inuse_init+0x0/0x23 @ 1
[    1.495836] initcall net_inuse_init+0x0/0x23 returned 0 after 0 usecs
[    1.496830] calling  net_defaults_init+0x0/0x23 @ 1
[    1.497831] initcall net_defaults_init+0x0/0x23 returned 0 after 0 usecs
[    1.498831] calling  init_default_flow_dissectors+0x0/0x4f @ 1
[    1.499831] initcall init_default_flow_dissectors+0x0/0x4f returned 0 after 0 usecs
[    1.500830] calling  netpoll_init+0x0/0x25 @ 1
[    1.501830] initcall netpoll_init+0x0/0x25 returned 0 after 0 usecs
[    1.502830] calling  netlink_proto_init+0x0/0x14f @ 1
[    1.504906] NET: Registered protocol family 16
[    1.505846] initcall netlink_proto_init+0x0/0x14f returned 0 after 1953 usecs
[    1.506831] calling  genl_init+0x0/0x35 @ 1
[    1.507838] initcall genl_init+0x0/0x35 returned 0 after 0 usecs
[    1.508829] calling  bsp_pm_check_init+0x0/0x13 @ 1
[    1.509830] initcall bsp_pm_check_init+0x0/0x13 returned 0 after 0 usecs
[    1.510844] calling  irq_sysfs_init+0x0/0xb7 @ 1
[    1.511935] initcall irq_sysfs_init+0x0/0xb7 returned 0 after 0 usecs
[    1.512834] calling  audit_init+0x0/0x15d @ 1
[    1.513835] audit: initializing netlink subsys (disabled)
[    1.515001] initcall audit_init+0x0/0x15d returned 0 after 976 usecs
[    1.515834] calling  release_early_probes+0x0/0x32 @ 1
[    1.516835] initcall release_early_probes+0x0/0x32 returned 0 after 0 usecs
[    1.517834] calling  bdi_class_init+0x0/0x48 @ 1
[    1.518903] initcall bdi_class_init+0x0/0x48 returned 0 after 0 usecs
[    1.519838] calling  mm_sysfs_init+0x0/0x28 @ 1
[    1.520854] initcall mm_sysfs_init+0x0/0x28 returned 0 after 0 usecs
[    1.521833] calling  init_per_zone_wmark_min+0x0/0x5e @ 1
[    1.522833] initcall init_per_zone_wmark_min+0x0/0x5e returned 0 after 0 usecs
[    1.523831] calling  mpi_init+0x0/0x3e @ 1
[    1.524850] initcall mpi_init+0x0/0x3e returned 0 after 0 usecs
[    1.525831] calling  kobject_uevent_init+0x0/0xc @ 1
[    1.526886] initcall kobject_uevent_init+0x0/0xc returned 0 after 0 usecs
[    1.527831] calling  pcibus_class_init+0x0/0x13 @ 1
[    1.528857] initcall pcibus_class_init+0x0/0x13 returned 0 after 0 usecs
[    1.529844] calling  pci_driver_init+0x0/0x21 @ 1
[    1.530876] initcall pci_driver_init+0x0/0x21 returned 0 after 0 usecs
[    1.531831] calling  backlight_class_init+0x0/0xa8 @ 1
[    1.532869] initcall backlight_class_init+0x0/0xa8 returned 0 after 0 usecs
[    1.533830] calling  tty_class_init+0x0/0x33 @ 1
[    1.534836] initcall tty_class_init+0x0/0x33 returned 0 after 0 usecs
[    1.535830] calling  vtconsole_class_init+0x0/0xb5 @ 1
[    1.536902] initcall vtconsole_class_init+0x0/0xb5 returned 0 after 0 usecs
[    1.537830] calling  iommu_dev_init+0x0/0x13 @ 1
[    1.539853] initcall iommu_dev_init+0x0/0x13 returned 0 after 976 usecs
[    1.540833] calling  mipi_dsi_bus_init+0x0/0xc @ 1
[    1.541965] initcall mipi_dsi_bus_init+0x0/0xc returned 0 after 0 usecs
[    1.542834] calling  devlink_class_init+0x0/0x40 @ 1
[    1.543886] initcall devlink_class_init+0x0/0x40 returned 0 after 0 usecs
[    1.544831] calling  software_node_init+0x0/0x2a @ 1
[    1.545834] initcall software_node_init+0x0/0x2a returned 0 after 0 usecs
[    1.546832] calling  wakeup_sources_debugfs_init+0x0/0x23 @ 1
[    1.547858] initcall wakeup_sources_debugfs_init+0x0/0x23 returned 0 after 0 usecs
[    1.548832] calling  wakeup_sources_sysfs_init+0x0/0x2c @ 1
[    1.549840] initcall wakeup_sources_sysfs_init+0x0/0x2c returned 0 after 0 usecs
[    1.550831] calling  regmap_initcall+0x0/0xc @ 1
[    1.552850] initcall regmap_initcall+0x0/0xc returned 0 after 976 usecs
[    1.553830] calling  i2c_init+0x0/0xb3 @ 1
[    1.554885] initcall i2c_init+0x0/0xb3 returned 0 after 0 usecs
[    1.555829] calling  thermal_init+0x0/0xf2 @ 1
[    1.556858] thermal_sys: Registered thermal governor 'step_wise'
[    1.556859] thermal_sys: Registered thermal governor 'user_space'
[    1.557837] initcall thermal_init+0x0/0xf2 returned 0 after 976 usecs
[    1.560830] calling  init_menu+0x0/0xc @ 1
[    1.561829] cpuidle: using governor menu
[    1.562829] initcall init_menu+0x0/0xc returned 0 after 976 usecs
[    1.563830] calling  pcc_init+0x0/0x4d @ 1
[    1.564831] initcall pcc_init+0x0/0x4d returned -19 after 0 usecs
[    1.565830] calling  amd_postcore_init+0x0/0x11e @ 1
[    1.566830] initcall amd_postcore_init+0x0/0x11e returned 0 after 0 usecs
[    1.567844] calling  bts_init+0x0/0xba @ 1
[    1.568830] initcall bts_init+0x0/0xba returned -19 after 0 usecs
[    1.569830] calling  pt_init+0x0/0x2ef @ 1
[    1.570833] initcall pt_init+0x0/0x2ef returned -19 after 0 usecs
[    1.571831] calling  boot_params_ksysfs_init+0x0/0x2ee @ 1
[    1.572885] initcall boot_params_ksysfs_init+0x0/0x2ee returned 0 after 0 usecs
[    1.573834] calling  sbf_init+0x0/0xb9 @ 1
[    1.574831] initcall sbf_init+0x0/0xb9 returned 0 after 0 usecs
[    1.575833] calling  arch_kdebugfs_init+0x0/0x219 @ 1
[    1.577116] initcall arch_kdebugfs_init+0x0/0x219 returned 0 after 0 usecs
[    1.577831] calling  intel_pconfig_init+0x0/0x85 @ 1
[    1.578853] initcall intel_pconfig_init+0x0/0x85 returned 0 after 0 usecs
[    1.579833] calling  mtrr_if_init+0x0/0x5d @ 1
[    1.580837] initcall mtrr_if_init+0x0/0x5d returned 0 after 0 usecs
[    1.581833] calling  activate_jump_labels+0x0/0x31 @ 1
[    1.582832] initcall activate_jump_labels+0x0/0x31 returned 0 after 0 usecs
[    1.583832] calling  ffh_cstate_init+0x0/0x29 @ 1
[    1.584834] initcall ffh_cstate_init+0x0/0x29 returned 0 after 0 usecs
[    1.585831] calling  activate_jump_labels+0x0/0x31 @ 1
[    1.586843] initcall activate_jump_labels+0x0/0x31 returned 0 after 0 usecs
[    1.587831] calling  kvm_alloc_cpumask+0x0/0x2b @ 1
[    1.588857] initcall kvm_alloc_cpumask+0x0/0x2b returned 0 after 0 usecs
[    1.589832] calling  kcmp_cookies_init+0x0/0x37 @ 1
[    1.590836] initcall kcmp_cookies_init+0x0/0x37 returned 0 after 0 usecs
[    1.592832] calling  cryptomgr_init+0x0/0xc @ 1
[    1.593906] initcall cryptomgr_init+0x0/0xc returned 0 after 0 usecs
[    1.594832] calling  acpi_pci_init+0x0/0x57 @ 1
[    1.595831] ACPI: bus type PCI registered
[    1.596834] initcall acpi_pci_init+0x0/0x57 returned 0 after 976 usecs
[    1.597834] calling  dma_channel_table_init+0x0/0xce @ 1
[    1.598841] initcall dma_channel_table_init+0x0/0xce returned 0 after 0 usecs
[    1.599834] calling  dma_bus_init+0x0/0xdc @ 1
[    1.600922] initcall dma_bus_init+0x0/0xdc returned 0 after 0 usecs
[    1.601907] calling  iommu_dma_init+0x0/0x10 @ 1
[    1.602847] initcall iommu_dma_init+0x0/0x10 returned 0 after 0 usecs
[    1.603849] calling  dmi_id_init+0x0/0x37c @ 1
[    1.604978] initcall dmi_id_init+0x0/0x37c returned 0 after 0 usecs
[    1.605832] calling  pci_arch_init+0x0/0x71 @ 1
[    1.607500] PCI: MMCONFIG for domain 0000 [bus 00-ff] at [mem 0xb0000000-0xbfffffff] (base 0xb0000000)
[    1.607833] PCI: MMCONFIG at [mem 0xb0000000-0xbfffffff] reserved in E820
[    1.608848] PCI: Using configuration type 1 for base access
[    1.609879] initcall pci_arch_init+0x0/0x71 returned 0 after 2929 usecs
[    1.610872] calling  init_vdso+0x0/0x13 @ 1
[    1.611865] initcall init_vdso+0x0/0x13 returned 0 after 0 usecs
[    1.612832] calling  sysenter_setup+0x0/0x13 @ 1
[    1.613860] initcall sysenter_setup+0x0/0x13 returned 0 after 0 usecs
[    1.614832] calling  fixup_ht_bug+0x0/0x7f @ 1
[    1.615837] initcall fixup_ht_bug+0x0/0x7f returned 0 after 0 usecs
[    1.616832] calling  topology_init+0x0/0x15 @ 1
[    1.617892] initcall topology_init+0x0/0x15 returned 0 after 0 usecs
[    1.618832] calling  intel_epb_init+0x0/0x68 @ 1
[    1.619831] initcall intel_epb_init+0x0/0x68 returned -19 after 0 usecs
[    1.620832] calling  mtrr_init_finialize+0x0/0x3e @ 1
[    1.621832] initcall mtrr_init_finialize+0x0/0x3e returned 0 after 0 usecs
[    1.622832] calling  uid_cache_init+0x0/0x6f @ 1
[    1.623838] initcall uid_cache_init+0x0/0x6f returned 0 after 0 usecs
[    1.624832] calling  param_sysfs_init+0x0/0x1ba @ 1
[    1.628528] initcall param_sysfs_init+0x0/0x1ba returned 0 after 1953 usecs
[    1.628848] calling  user_namespace_sysctl_init+0x0/0x33 @ 1
[    1.629896] initcall user_namespace_sysctl_init+0x0/0x33 returned 0 after 0 usecs
[    1.630832] calling  proc_schedstat_init+0x0/0x24 @ 1
[    1.631836] initcall proc_schedstat_init+0x0/0x24 returned 0 after 0 usecs
[    1.632831] calling  pm_sysrq_init+0x0/0x18 @ 1
[    1.633831] initcall pm_sysrq_init+0x0/0x18 returned 0 after 0 usecs
[    1.634900] calling  create_proc_profile+0x0/0x50 @ 1
[    1.635833] initcall create_proc_profile+0x0/0x50 returned 0 after 0 usecs
[    1.636832] calling  time_ns_init+0x0/0x7 @ 1
[    1.637832] initcall time_ns_init+0x0/0x7 returned 0 after 0 usecs
[    1.638833] calling  crash_save_vmcoreinfo_init+0x0/0x756 @ 1
[    1.639935] initcall crash_save_vmcoreinfo_init+0x0/0x756 returned 0 after 0 usecs
[    1.640839] calling  crash_notes_memory_init+0x0/0x35 @ 1
[    1.641838] initcall crash_notes_memory_init+0x0/0x35 returned 0 after 0 usecs
[    1.642833] calling  cgroup_sysfs_init+0x0/0x13 @ 1
[    1.643880] initcall cgroup_sysfs_init+0x0/0x13 returned 0 after 0 usecs
[    1.644833] calling  cgroup_namespaces_init+0x0/0x7 @ 1
[    1.645835] initcall cgroup_namespaces_init+0x0/0x7 returned 0 after 0 usecs
[    1.646833] calling  init_optprobes+0x0/0x13 @ 1
[    1.647829] Kprobes globally optimized
[    1.649832] initcall init_optprobes+0x0/0x13 returned 0 after 1953 usecs
[    1.650831] calling  oom_init+0x0/0x2f @ 1
[    1.651939] audit: type=2000 audit(1670906730.737:1): state=initialized audit_enabled=0 res=1
[    1.652885] initcall oom_init+0x0/0x2f returned 0 after 976 usecs
[    1.653832] calling  default_bdi_init+0x0/0x35 @ 1
[    1.655144] initcall default_bdi_init+0x0/0x35 returned 0 after 0 usecs
[    1.655831] calling  percpu_enable_async+0x0/0xe @ 1
[    1.656830] initcall percpu_enable_async+0x0/0xe returned 0 after 0 usecs
[    1.657830] calling  kcompactd_init+0x0/0x46 @ 1
[    1.659202] initcall kcompactd_init+0x0/0x46 returned 0 after 0 usecs
[    1.659952] calling  init_user_reserve+0x0/0x30 @ 1
[    1.660834] initcall init_user_reserve+0x0/0x30 returned 0 after 0 usecs
[    1.661835] calling  init_admin_reserve+0x0/0x30 @ 1
[    1.662835] initcall init_admin_reserve+0x0/0x30 returned 0 after 0 usecs
[    1.663834] calling  init_reserve_notifier+0x0/0x7 @ 1
[    1.664832] initcall init_reserve_notifier+0x0/0x7 returned 0 after 0 usecs
[    1.665833] calling  swap_init_sysfs+0x0/0x62 @ 1
[    1.666860] initcall swap_init_sysfs+0x0/0x62 returned 0 after 0 usecs
[    1.667832] calling  swapfile_init+0x0/0x46 @ 1
[    1.668833] initcall swapfile_init+0x0/0x46 returned 0 after 0 usecs
[    1.669833] calling  hugetlb_init+0x0/0x411 @ 1
[    1.670833] HugeTLB registered 2.00 MiB page size, pre-allocated 0 pages
[    1.671859] initcall hugetlb_init+0x0/0x411 returned 0 after 976 usecs
[    1.672833] calling  io_wq_init+0x0/0x34 @ 1
[    1.673865] initcall io_wq_init+0x0/0x34 returned 0 after 0 usecs
[    1.674834] calling  seqiv_module_init+0x0/0xc @ 1
[    1.675833] initcall seqiv_module_init+0x0/0xc returned 0 after 0 usecs
[    1.677902] calling  echainiv_module_init+0x0/0xc @ 1
[    1.678833] initcall echainiv_module_init+0x0/0xc returned 0 after 0 usecs
[    1.680059] calling  rsa_init+0x0/0x50 @ 1
[    1.682029] cryptomgr_test (17) used greatest stack depth: 15544 bytes left
[    1.682843] initcall rsa_init+0x0/0x50 returned 0 after 976 usecs
[    1.683832] calling  crypto_cmac_module_init+0x0/0xc @ 1
[    1.684832] initcall crypto_cmac_module_init+0x0/0xc returned 0 after 0 usecs
[    1.685830] calling  hmac_module_init+0x0/0xc @ 1
[    1.686830] initcall hmac_module_init+0x0/0xc returned 0 after 0 usecs
[    1.687831] calling  crypto_null_mod_init+0x0/0x65 @ 1
[    1.688926] initcall crypto_null_mod_init+0x0/0x65 returned 0 after 0 usecs
[    1.689831] calling  md5_mod_init+0x0/0xc @ 1
[    1.690865] initcall md5_mod_init+0x0/0xc returned 0 after 0 usecs
[    1.691830] calling  sha256_generic_mod_init+0x0/0x11 @ 1
[    1.692873] initcall sha256_generic_mod_init+0x0/0x11 returned 0 after 0 usecs
[    1.693830] calling  crypto_cbc_module_init+0x0/0xc @ 1
[    1.694830] initcall crypto_cbc_module_init+0x0/0xc returned 0 after 0 usecs
[    1.695829] calling  crypto_ctr_module_init+0x0/0x11 @ 1
[    1.696830] initcall crypto_ctr_module_init+0x0/0x11 returned 0 after 0 usecs
[    1.697833] calling  crypto_gcm_module_init+0x0/0x64 @ 1
[    1.698867] initcall crypto_gcm_module_init+0x0/0x64 returned 0 after 0 usecs
[    1.699832] calling  crypto_ccm_module_init+0x0/0x11 @ 1
[    1.700834] initcall crypto_ccm_module_init+0x0/0x11 returned 0 after 0 usecs
[    1.701830] calling  aes_init+0x0/0xc @ 1
[    1.702878] initcall aes_init+0x0/0xc returned 0 after 0 usecs
[    1.703830] calling  crc32c_mod_init+0x0/0xc @ 1
[    1.704861] initcall crc32c_mod_init+0x0/0xc returned 0 after 0 usecs
[    1.706831] calling  crypto_authenc_module_init+0x0/0xc @ 1
[    1.707832] initcall crypto_authenc_module_init+0x0/0xc returned 0 after 0 usecs
[    1.708830] calling  crypto_authenc_esn_module_init+0x0/0xc @ 1
[    1.709831] initcall crypto_authenc_esn_module_init+0x0/0xc returned 0 after 0 usecs
[    1.710834] calling  drbg_init+0x0/0x7c @ 1
[    1.711982] initcall drbg_init+0x0/0x7c returned 0 after 0 usecs
[    1.712832] calling  ghash_mod_init+0x0/0xc @ 1
[    1.713876] initcall ghash_mod_init+0x0/0xc returned 0 after 0 usecs
[    1.714833] calling  init_bio+0x0/0x9a @ 1
[    1.716160] initcall init_bio+0x0/0x9a returned 0 after 0 usecs
[    1.716831] calling  blk_settings_init+0x0/0x29 @ 1
[    1.717832] initcall blk_settings_init+0x0/0x29 returned 0 after 0 usecs
[    1.718833] calling  blk_ioc_init+0x0/0x29 @ 1
[    1.719838] initcall blk_ioc_init+0x0/0x29 returned 0 after 0 usecs
[    1.720833] calling  blk_mq_init+0x0/0x96 @ 1
[    1.721872] initcall blk_mq_init+0x0/0x96 returned 0 after 0 usecs
[    1.722833] calling  genhd_device_init+0x0/0x75 @ 1
[    1.724924] initcall genhd_device_init+0x0/0x75 returned 0 after 976 usecs
[    1.726023] calling  pci_slot_init+0x0/0x40 @ 1
[    1.727934] initcall pci_slot_init+0x0/0x40 returned 0 after 0 usecs
[    1.728833] calling  fbmem_init+0x0/0xd8 @ 1
[    1.729883] initcall fbmem_init+0x0/0xd8 returned 0 after 0 usecs
[    1.730833] calling  acpi_init+0x0/0x316 @ 1
[    1.731879] ACPI: Added _OSI(Module Device)
[    1.732829] ACPI: Added _OSI(Processor Device)
[    1.733829] ACPI: Added _OSI(3.0 _SCP Extensions)
[    1.734829] ACPI: Added _OSI(Processor Aggregator Device)
[    1.735831] ACPI: Added _OSI(Linux-Dell-Video)
[    1.736830] ACPI: Added _OSI(Linux-Lenovo-NV-HDMI-Audio)
[    1.737830] ACPI: Added _OSI(Linux-HPI-Hybrid-Graphics)
[    1.743331] ACPI: 1 ACPI AML tables successfully acquired and loaded
[    1.746984] ACPI: Interpreter enabled
[    1.747868] ACPI: (supports S0 S3 S4 S5)
[    1.748829] ACPI: Using IOAPIC for interrupt routing
[    1.749881] PCI: Using host bridge windows from ACPI; if necessary, use "pci=nocrs" and report a bug
[    1.752077] ACPI: Enabled 2 GPEs in block 00 to 3F
[    1.758831] ACPI: PCI Root Bridge [PCI0] (domain 0000 [bus 00-ff])
[    1.759836] acpi PNP0A08:00: _OSC: OS supports [ExtendedConfig ASPM ClockPM Segments MSI HPX-Type3]
[    1.761920] acpi PNP0A08:00: _OSC: platform does not support [LTR]
[    1.763070] acpi PNP0A08:00: _OSC: OS now controls [PME PCIeCapability]
[    1.765007] PCI host bridge to bus 0000:00
[    1.765847] pci_bus 0000:00: root bus resource [io  0x0000-0x0cf7 window]
[    1.766835] pci_bus 0000:00: root bus resource [io  0x0d00-0xffff window]
[    1.767835] pci_bus 0000:00: root bus resource [mem 0x000a0000-0x000bffff window]
[    1.768834] pci_bus 0000:00: root bus resource [mem 0x20000000-0xafffffff window]
[    1.769834] pci_bus 0000:00: root bus resource [mem 0xc0000000-0xfebfffff window]
[    1.770834] pci_bus 0000:00: root bus resource [mem 0x100000000-0x8ffffffff window]
[    1.771834] pci_bus 0000:00: root bus resource [bus 00-ff]
[    1.774271] pci 0000:00:00.0: calling  quirk_mmio_always_on+0x0/0x10 @ 1
[    1.774840] pci 0000:00:00.0: quirk_mmio_always_on+0x0/0x10 took 0 usecs
[    1.775878] pci 0000:00:00.0: [8086:29c0] type 00 class 0x060000
[    1.780962] pci 0000:00:00.0: calling  quirk_igfx_skip_te_disable+0x0/0x80 @ 1
[    1.781841] pci 0000:00:00.0: quirk_igfx_skip_te_disable+0x0/0x80 took 0 usecs
[    1.785505] pci 0000:00:01.0: [1234:1111] type 00 class 0x030000
[    1.791194] pci 0000:00:01.0: reg 0x10: [mem 0xfd000000-0xfdffffff pref]
[    1.811825] pci 0000:00:01.0: reg 0x18: [mem 0xfebf0000-0xfebf0fff]
[    1.841825] pci 0000:00:01.0: reg 0x30: [mem 0xfebe0000-0xfebeffff pref]
[    1.859825] pci 0000:00:01.0: calling  efifb_fixup_resources+0x0/0xf0 @ 1
[    1.861097] pci 0000:00:01.0: efifb_fixup_resources+0x0/0xf0 took 0 usecs
[    1.887139] pci 0000:00:1f.0: [8086:2918] type 00 class 0x060100
[    1.894138] pci 0000:00:1f.0: calling  quirk_ich7_lpc+0x0/0x60 @ 1
[    1.896292] pci 0000:00:1f.0: quirk: [io  0x0600-0x067f] claimed by ICH6 ACPI/GPIO/TCO
[    1.897256] pci 0000:00:1f.0: quirk_ich7_lpc+0x0/0x60 took 1953 usecs
[    1.898660] pci 0000:00:1f.0: calling  quirk_igfx_skip_te_disable+0x0/0x80 @ 1
[    1.899930] pci 0000:00:1f.0: quirk_igfx_skip_te_disable+0x0/0x80 took 0 usecs
[    1.905121] pci 0000:00:1f.2: [8086:2922] type 00 class 0x010601
[    1.915825] pci 0000:00:1f.2: reg 0x20: [io  0xc040-0xc05f]
[    1.918832] pci 0000:00:1f.2: reg 0x24: [mem 0xfebf1000-0xfebf1fff]
[    1.922013] pci 0000:00:1f.2: calling  quirk_igfx_skip_te_disable+0x0/0x80 @ 1
[    1.922836] pci 0000:00:1f.2: quirk_igfx_skip_te_disable+0x0/0x80 took 0 usecs
[    1.928488] pci 0000:00:1f.3: [8086:2930] type 00 class 0x0c0500
[    1.936831] pci 0000:00:1f.3: reg 0x20: [io  0x0700-0x073f]
[    1.940034] pci 0000:00:1f.3: calling  quirk_igfx_skip_te_disable+0x0/0x80 @ 1
[    1.940840] pci 0000:00:1f.3: quirk_igfx_skip_te_disable+0x0/0x80 took 0 usecs
[    1.944825] pci_bus 0000:00: on NUMA node 0
[    1.966339] ACPI: PCI Interrupt Link [LNKA] (IRQs 5 *10 11)
[    1.968962] ACPI: PCI Interrupt Link [LNKB] (IRQs 5 *10 11)
[    1.971267] ACPI: PCI Interrupt Link [LNKC] (IRQs 5 10 *11)
[    1.972236] ACPI: PCI Interrupt Link [LNKD] (IRQs 5 10 *11)
[    1.973994] ACPI: PCI Interrupt Link [LNKE] (IRQs 5 *10 11)
[    1.975937] ACPI: PCI Interrupt Link [LNKF] (IRQs 5 *10 11)
[    1.977684] ACPI: PCI Interrupt Link [LNKG] (IRQs 5 10 *11)
[    1.979572] ACPI: PCI Interrupt Link [LNKH] (IRQs 5 10 *11)
[    1.980051] ACPI: PCI Interrupt Link [GSIA] (IRQs *16)
[    1.982837] ACPI: PCI Interrupt Link [GSIB] (IRQs *17)
[    1.983848] ACPI: PCI Interrupt Link [GSIC] (IRQs *18)
[    1.985837] ACPI: PCI Interrupt Link [GSID] (IRQs *19)
[    1.986847] ACPI: PCI Interrupt Link [GSIE] (IRQs *20)
[    1.988916] ACPI: PCI Interrupt Link [GSIF] (IRQs *21)
[    1.989844] ACPI: PCI Interrupt Link [GSIG] (IRQs *22)
[    1.990846] ACPI: PCI Interrupt Link [GSIH] (IRQs *23)
[    2.007825] initcall acpi_init+0x0/0x316 returned 0 after 268554 usecs
[    2.009835] calling  pnp_init+0x0/0xc @ 1
[    2.011052] initcall pnp_init+0x0/0xc returned 0 after 0 usecs
[    2.011835] calling  misc_init+0x0/0xbf @ 1
[    2.016670] initcall misc_init+0x0/0xbf returned 0 after 2929 usecs
[    2.016837] calling  iommu_subsys_init+0x0/0x4e @ 1
[    2.019408] iommu: Default domain type: Translated 
[    2.019836] initcall iommu_subsys_init+0x0/0x4e returned 0 after 1953 usecs
[    2.020838] calling  vga_arb_device_init+0x0/0x26c @ 1
[    2.036937] pci 0000:00:01.0: vgaarb: setting as boot VGA device
[    2.037825] pci 0000:00:01.0: vgaarb: VGA device added: decodes=io+mem,owns=io+mem,locks=none
[    2.038094] pci 0000:00:01.0: vgaarb: bridge control possible
[    2.038829] vgaarb: loaded
[    2.039836] initcall vga_arb_device_init+0x0/0x26c returned 0 after 17578 usecs
[    2.041825] calling  cn_init+0x0/0xf0 @ 1
[    2.048701] initcall cn_init+0x0/0xf0 returned 0 after 4882 usecs
[    2.048835] calling  dma_buf_init+0x0/0xad @ 1
[    2.055519] initcall dma_buf_init+0x0/0xad returned 0 after 4882 usecs
[    2.055835] calling  init_scsi+0x0/0x79 @ 1
[    2.062712] SCSI subsystem initialized
[    2.063253] initcall init_scsi+0x0/0x79 returned 0 after 5859 usecs
[    2.065000] calling  ata_init+0x0/0x332 @ 1
[    2.078528] libata version 3.00 loaded.
[    2.078834] initcall ata_init+0x0/0x332 returned 0 after 12695 usecs
[    2.079835] calling  phy_init+0x0/0x250 @ 1
[    2.083843] initcall phy_init+0x0/0x250 returned 0 after 2929 usecs
[    2.084835] calling  init_pcmcia_cs+0x0/0x35 @ 1
[    2.086159] initcall init_pcmcia_cs+0x0/0x35 returned 0 after 0 usecs
[    2.086833] calling  usb_common_init+0x0/0x1c @ 1
[    2.087933] initcall usb_common_init+0x0/0x1c returned 0 after 0 usecs
[    2.088832] calling  usb_init+0x0/0x12e @ 1
[    2.089952] ACPI: bus type USB registered
[    2.091386] usbcore: registered new interface driver usbfs
[    2.091884] usbcore: registered new interface driver hub
[    2.093040] usbcore: registered new device driver usb
[    2.093835] initcall usb_init+0x0/0x12e returned 0 after 3906 usecs
[    2.094837] calling  serio_init+0x0/0x29 @ 1
[    2.095908] initcall serio_init+0x0/0x29 returned 0 after 0 usecs
[    2.096836] calling  input_init+0x0/0xf6 @ 1
[    2.098901] initcall input_init+0x0/0xf6 returned 0 after 976 usecs
[    2.099832] calling  rtc_init+0x0/0x4d @ 1
[    2.100857] initcall rtc_init+0x0/0x4d returned 0 after 0 usecs
[    2.101832] calling  pps_init+0x0/0xa9 @ 1
[    2.102866] pps_core: LinuxPPS API ver. 1 registered
[    2.103829] pps_core: Software ver. 5.3.6 - Copyright 2005-2007 Rodolfo Giometti <giometti@linux.it>
[    2.104833] initcall pps_init+0x0/0xa9 returned 0 after 1953 usecs
[    2.105834] calling  ptp_init+0x0/0x98 @ 1
[    2.106842] PTP clock support registered
[    2.107835] initcall ptp_init+0x0/0x98 returned 0 after 976 usecs
[    2.108834] calling  power_supply_class_init+0x0/0x3f @ 1
[    2.109991] initcall power_supply_class_init+0x0/0x3f returned 0 after 0 usecs
[    2.110836] calling  hwmon_init+0x0/0x104 @ 1
[    2.112105] initcall hwmon_init+0x0/0x104 returned 0 after 0 usecs
[    2.112832] calling  md_init+0x0/0x16b @ 1
[    2.114917] initcall md_init+0x0/0x16b returned 0 after 976 usecs
[    2.115872] calling  leds_init+0x0/0x3b @ 1
[    2.116870] initcall leds_init+0x0/0x3b returned 0 after 0 usecs
[    2.117873] calling  dmi_init+0x0/0x113 @ 1
[    2.120111] initcall dmi_init+0x0/0x113 returned 0 after 0 usecs
[    2.120834] calling  efisubsys_init+0x0/0x4e6 @ 1
[    2.121933] initcall efisubsys_init+0x0/0x4e6 returned 0 after 0 usecs
[    2.122835] calling  nvmem_init+0x0/0xc @ 1
[    2.124111] initcall nvmem_init+0x0/0xc returned 0 after 0 usecs
[    2.124841] calling  init_soundcore+0x0/0x33 @ 1
[    2.125872] initcall init_soundcore+0x0/0x33 returned 0 after 0 usecs
[    2.126844] calling  alsa_sound_init+0x0/0x8f @ 1
[    2.129011] Advanced Linux Sound Architecture Driver Initialized.
[    2.129839] initcall alsa_sound_init+0x0/0x8f returned 0 after 1953 usecs
[    2.130996] calling  alsa_seq_device_init+0x0/0x71 @ 1
[    2.132066] initcall alsa_seq_device_init+0x0/0x71 returned 0 after 0 usecs
[    2.132840] calling  hda_bus_init+0x0/0xc @ 1
[    2.134985] initcall hda_bus_init+0x0/0xc returned 0 after 976 usecs
[    2.135837] calling  proto_init+0x0/0xc @ 1
[    2.137295] initcall proto_init+0x0/0xc returned 0 after 0 usecs
[    2.137836] calling  net_dev_init+0x0/0x1cc @ 1
[    2.147532] initcall net_dev_init+0x0/0x1cc returned 0 after 7812 usecs
[    2.147834] calling  neigh_init+0x0/0x84 @ 1
[    2.148836] initcall neigh_init+0x0/0x84 returned 0 after 0 usecs
[    2.149833] calling  fib_notifier_init+0x0/0xc @ 1
[    2.150908] initcall fib_notifier_init+0x0/0xc returned 0 after 0 usecs
[    2.151834] calling  fib_rules_init+0x0/0xab @ 1
[    2.152859] initcall fib_rules_init+0x0/0xab returned 0 after 0 usecs
[    2.153832] calling  pktsched_init+0x0/0x10e @ 1
[    2.155213] initcall pktsched_init+0x0/0x10e returned 0 after 0 usecs
[    2.155835] calling  tc_filter_init+0x0/0xfa @ 1
[    2.156891] initcall tc_filter_init+0x0/0xfa returned 0 after 0 usecs
[    2.157980] calling  tc_action_init+0x0/0x54 @ 1
[    2.158836] initcall tc_action_init+0x0/0x54 returned 0 after 0 usecs
[    2.159833] calling  ethnl_init+0x0/0x52 @ 1
[    2.162975] initcall ethnl_init+0x0/0x52 returned 0 after 1953 usecs
[    2.163834] calling  nexthop_init+0x0/0xd8 @ 1
[    2.165196] initcall nexthop_init+0x0/0xd8 returned 0 after 0 usecs
[    2.165834] calling  cipso_v4_init+0x0/0x5a @ 1
[    2.166877] initcall cipso_v4_init+0x0/0x5a returned 0 after 0 usecs
[    2.167832] calling  ieee80211_init+0x0/0x24 @ 1
[    2.170294] initcall ieee80211_init+0x0/0x24 returned 0 after 976 usecs
[    2.170832] calling  netlbl_init+0x0/0x78 @ 1
[    2.171930] NetLabel: Initializing
[    2.172829] NetLabel:  domain hash size = 128
[    2.173829] NetLabel:  protocols = UNLABELED CIPSOv4 CALIPSO
[    2.176674] NetLabel:  unlabeled traffic allowed by default
[    2.176834] initcall netlbl_init+0x0/0x78 returned 0 after 4882 usecs
[    2.177833] calling  rfkill_init+0x0/0x111 @ 1
[    2.180521] initcall rfkill_init+0x0/0x111 returned 0 after 976 usecs
[    2.180833] calling  pci_subsys_init+0x0/0x66 @ 1
[    2.182007] PCI: Using ACPI for IRQ routing
[    2.961295] PCI: pci_cache_line_size set to 64 bytes
[    2.964483] e820: reserve RAM buffer [mem 0x0009fc00-0x0009ffff]
[    2.966033] e820: reserve RAM buffer [mem 0x1ffdf000-0x1fffffff]
[    2.967336] initcall pci_subsys_init+0x0/0x66 returned 0 after 766601 usecs
[    2.969948] calling  nmi_warning_debugfs+0x0/0x26 @ 1
[    2.971483] initcall nmi_warning_debugfs+0x0/0x26 returned 0 after 0 usecs
[    2.971845] calling  save_microcode_in_initrd+0x0/0x51 @ 1
[    2.973050] initcall save_microcode_in_initrd+0x0/0x51 returned 0 after 0 usecs
[    2.973911] calling  hpet_late_init+0x0/0x1f6 @ 1
[    2.983152] hpet: 3 channels of 0 reserved for per-cpu timers
[    2.985774] hpet0: at MMIO 0xfed00000, IRQs 2, 8, 0
[    2.986830] hpet0: 3 comparators, 64-bit 100.000000 MHz counter
[    2.990836] initcall hpet_late_init+0x0/0x1f6 returned 0 after 15625 usecs
[    2.991835] calling  init_amd_nbs+0x0/0x11c @ 1
[    2.993086] initcall init_amd_nbs+0x0/0x11c returned 0 after 0 usecs
[    2.993849] calling  clocksource_done_booting+0x0/0x41 @ 1
[    2.997083] clocksource: Switched to clocksource kvm-clock
[    3.005391] initcall clocksource_done_booting+0x0/0x41 returned 0 after 10311 usecs
[    3.014524] calling  tracer_init_tracefs+0x0/0x1fb @ 1
[    3.203260] initcall tracer_init_tracefs+0x0/0x1fb returned 0 after 178249 usecs
[    3.211967] calling  init_trace_printk_function_export+0x0/0x2c @ 1
[    3.219490] initcall init_trace_printk_function_export+0x0/0x2c returned 0 after 7 usecs
[    3.231204] calling  init_kprobe_trace+0x0/0x1a9 @ 1
[    3.238647] initcall init_kprobe_trace+0x0/0x1a9 returned 0 after 11 usecs
[    3.248618] calling  init_dynamic_event+0x0/0x3d @ 1
[    3.255061] initcall init_dynamic_event+0x0/0x3d returned 0 after 192 usecs
[    3.263211] calling  init_uprobe_trace+0x0/0x5c @ 1
[    3.268993] initcall init_uprobe_trace+0x0/0x5c returned 0 after 70 usecs
[    3.276826] calling  init_pipe_fs+0x0/0x44 @ 1
[    3.283691] initcall init_pipe_fs+0x0/0x44 returned 0 after 1655 usecs
[    3.291421] calling  inotify_user_setup+0x0/0x47 @ 1
[    3.297199] initcall inotify_user_setup+0x0/0x47 returned 0 after 42 usecs
[    3.305103] calling  eventpoll_init+0x0/0xcc @ 1
[    3.310608] initcall eventpoll_init+0x0/0xcc returned 0 after 88 usecs
[    3.318041] calling  anon_inode_init+0x0/0x58 @ 1
[    3.323839] initcall anon_inode_init+0x0/0x58 returned 0 after 110 usecs
[    3.331651] calling  proc_locks_init+0x0/0x27 @ 1
[    3.337291] initcall proc_locks_init+0x0/0x27 returned 0 after 114 usecs
[    3.345067] calling  iomap_init+0x0/0x1b @ 1
[    3.352296] initcall iomap_init+0x0/0x1b returned 0 after 2079 usecs
[    3.359709] calling  dquot_init+0x0/0xd7 @ 1
[    3.364840] VFS: Disk quotas dquot_6.6.0
[    3.369857] VFS: Dquot-cache hash table entries: 512 (order 0, 4096 bytes)
[    3.377890] initcall dquot_init+0x0/0xd7 returned 0 after 12739 usecs
[    3.385495] calling  quota_init+0x0/0x23 @ 1
[    3.391240] initcall quota_init+0x0/0x23 returned 0 after 656 usecs
[    3.398654] calling  proc_cmdline_init+0x0/0x21 @ 1
[    3.404400] initcall proc_cmdline_init+0x0/0x21 returned 0 after 45 usecs
[    3.412341] calling  proc_consoles_init+0x0/0x24 @ 1
[    3.418502] initcall proc_consoles_init+0x0/0x24 returned 0 after 66 usecs
[    3.426682] calling  proc_cpuinfo_init+0x0/0x1e @ 1
[    3.432538] initcall proc_cpuinfo_init+0x0/0x1e returned 0 after 16 usecs
[    3.440331] calling  proc_devices_init+0x0/0x24 @ 1
[    3.445996] initcall proc_devices_init+0x0/0x24 returned 0 after 13 usecs
[    3.453807] calling  proc_interrupts_init+0x0/0x24 @ 1
[    3.459986] initcall proc_interrupts_init+0x0/0x24 returned 0 after 3 usecs
[    3.467945] calling  proc_loadavg_init+0x0/0x21 @ 1
[    3.473683] initcall proc_loadavg_init+0x0/0x21 returned 0 after 3 usecs
[    3.481469] calling  proc_meminfo_init+0x0/0x21 @ 1
[    3.487135] initcall proc_meminfo_init+0x0/0x21 returned 0 after 4 usecs
[    3.495290] calling  proc_stat_init+0x0/0x1e @ 1
[    3.500705] initcall proc_stat_init+0x0/0x1e returned 0 after 4 usecs
[    3.509555] calling  proc_uptime_init+0x0/0x21 @ 1
[    3.515054] initcall proc_uptime_init+0x0/0x21 returned 0 after 4 usecs
[    3.522423] calling  proc_version_init+0x0/0x21 @ 1
[    3.528069] initcall proc_version_init+0x0/0x21 returned 0 after 3 usecs
[    3.535727] calling  proc_softirqs_init+0x0/0x21 @ 1
[    3.541386] initcall proc_softirqs_init+0x0/0x21 returned 0 after 2 usecs
[    3.549071] calling  proc_kcore_init+0x0/0xea @ 1
[    3.554539] initcall proc_kcore_init+0x0/0xea returned 0 after 49 usecs
[    3.561998] calling  vmcore_init+0x0/0x578 @ 1
[    3.567138] initcall vmcore_init+0x0/0x578 returned 0 after 21 usecs
[    3.574289] calling  proc_kmsg_init+0x0/0x21 @ 1
[    3.579490] initcall proc_kmsg_init+0x0/0x21 returned 0 after 3 usecs
[    3.586764] calling  proc_page_init+0x0/0x3b @ 1
[    3.592012] initcall proc_page_init+0x0/0x3b returned 0 after 3 usecs
[    3.599536] calling  init_ramfs_fs+0x0/0xc @ 1
[    3.604562] initcall init_ramfs_fs+0x0/0xc returned 0 after 26 usecs
[    3.611704] calling  init_hugetlbfs_fs+0x0/0xf6 @ 1
[    3.617495] initcall init_hugetlbfs_fs+0x0/0xf6 returned 0 after 260 usecs
[    3.625121] calling  blk_scsi_ioctl_init+0x0/0x2a5 @ 1
[    3.630978] initcall blk_scsi_ioctl_init+0x0/0x2a5 returned 0 after 39 usecs
[    3.638821] calling  acpi_event_init+0x0/0x2c @ 1
[    3.644578] initcall acpi_event_init+0x0/0x2c returned 0 after 56 usecs
[    3.652824] calling  pnp_system_init+0x0/0xc @ 1
[    3.659530] initcall pnp_system_init+0x0/0xc returned 0 after 520 usecs
[    3.666957] calling  pnpacpi_init+0x0/0x69 @ 1
[    3.672072] pnp: PnP ACPI init
[    3.677393] pnp 00:00: Plug and Play ACPI device, IDs PNP0303 (active)
[    3.685029] pnp 00:01: Plug and Play ACPI device, IDs PNP0f13 (active)
[    3.692506] pnp 00:02: Plug and Play ACPI device, IDs PNP0400 (active)
[    3.700009] pnp 00:03: Plug and Play ACPI device, IDs PNP0501 (active)
[    3.707508] pnp 00:04: Plug and Play ACPI device, IDs PNP0b00 (active)
[    3.715241] system 00:05: [mem 0xb0000000-0xbfffffff window] has been reserved
[    3.723932] system 00:05: Plug and Play ACPI device, IDs PNP0c01 (active)
[    3.734530] pnp: PnP ACPI: found 6 devices
[    3.745775] initcall pnpacpi_init+0x0/0x69 returned 0 after 71599 usecs
[    3.755414] calling  chr_dev_init+0x0/0x14d @ 1
[    3.773665] initcall chr_dev_init+0x0/0x14d returned 0 after 12075 usecs
[    3.781284] calling  firmware_class_init+0x0/0xde @ 1
[    3.787214] initcall firmware_class_init+0x0/0xde returned 0 after 136 usecs
[    3.795135] calling  init_pcmcia_bus+0x0/0x5b @ 1
[    3.800608] initcall init_pcmcia_bus+0x0/0x5b returned 0 after 155 usecs
[    3.809530] calling  init_acpi_pm_clocksource+0x0/0xda @ 1
[    3.821329] clocksource: acpi_pm: mask: 0xffffff max_cycles: 0xffffff, max_idle_ns: 2085701024 ns
[    3.831326] initcall init_acpi_pm_clocksource+0x0/0xda returned 0 after 15114 usecs
[    3.839879] calling  sysctl_core_init+0x0/0x26 @ 1
[    3.845773] initcall sysctl_core_init+0x0/0x26 returned 0 after 308 usecs
[    3.853581] calling  eth_offload_init+0x0/0x13 @ 1
[    3.859092] initcall eth_offload_init+0x0/0x13 returned 0 after 26 usecs
[    3.867398] calling  ipv4_offload_init+0x0/0x73 @ 1
[    3.873200] initcall ipv4_offload_init+0x0/0x73 returned 0 after 113 usecs
[    3.881135] calling  inet_init+0x0/0x276 @ 1
[    3.886480] NET: Registered protocol family 2
[    3.893260] IP idents hash table entries: 8192 (order: 4, 65536 bytes, linear)
[    3.904134] tcp_listen_portaddr_hash hash table entries: 256 (order: 0, 4096 bytes, linear)
[    3.913795] TCP established hash table entries: 4096 (order: 3, 32768 bytes, linear)
[    3.924798] TCP bind hash table entries: 4096 (order: 3, 32768 bytes, linear)
[    3.933276] TCP: Hash tables configured (established 4096 bind 4096)
[    3.941478] UDP hash table entries: 256 (order: 1, 8192 bytes, linear)
[    3.949063] UDP-Lite hash table entries: 256 (order: 1, 8192 bytes, linear)
[    3.959724] initcall inet_init+0x0/0x276 returned 0 after 71825 usecs
[    3.967191] calling  af_unix_init+0x0/0x4d @ 1
[    3.972710] NET: Registered protocol family 1
[    3.977979] initcall af_unix_init+0x0/0x4d returned 0 after 5201 usecs
[    3.985920] calling  ipv6_offload_init+0x0/0x7e @ 1
[    3.992144] initcall ipv6_offload_init+0x0/0x7e returned 0 after 102 usecs
[    4.000383] calling  init_sunrpc+0x0/0x65 @ 1
[    4.007691] RPC: Registered named UNIX socket transport module.
[    4.014535] RPC: Registered udp transport module.
[    4.020000] RPC: Registered tcp transport module.
[    4.025358] RPC: Registered tcp NFSv4.1 backchannel transport module.
[    4.032765] initcall init_sunrpc+0x0/0x65 returned 0 after 26677 usecs
[    4.040673] calling  cfg80211_init+0x0/0xc5 @ 1
[    4.051295] initcall cfg80211_init+0x0/0xc5 returned 0 after 5074 usecs
[    4.059163] calling  pcibios_assign_resources+0x0/0xa8 @ 1
[    4.065793] pci_bus 0000:00: resource 4 [io  0x0000-0x0cf7 window]
[    4.072725] pci_bus 0000:00: resource 5 [io  0x0d00-0xffff window]
[    4.079583] pci_bus 0000:00: resource 6 [mem 0x000a0000-0x000bffff window]
[    4.087150] pci_bus 0000:00: resource 7 [mem 0x20000000-0xafffffff window]
[    4.094815] pci_bus 0000:00: resource 8 [mem 0xc0000000-0xfebfffff window]
[    4.102462] pci_bus 0000:00: resource 9 [mem 0x100000000-0x8ffffffff window]
[    4.110463] initcall pcibios_assign_resources+0x0/0xa8 returned 0 after 44075 usecs
[    4.119887] calling  pci_apply_final_quirks+0x0/0x124 @ 1
[    4.126532] pci 0000:00:01.0: calling  pci_fixup_video+0x0/0xe0 @ 1
[    4.133975] pci 0000:00:01.0: Video device with shadowed ROM at [mem 0x000c0000-0x000dffff]
[    4.143282] pci 0000:00:01.0: pci_fixup_video+0x0/0xe0 took 9488 usecs
[    4.150830] PCI: CLS 0 bytes, default 64
[    4.155372] initcall pci_apply_final_quirks+0x0/0x124 returned 0 after 28553 usecs
[    4.164248] calling  acpi_reserve_resources+0x0/0xea @ 1
[    4.170400] initcall acpi_reserve_resources+0x0/0xea returned 0 after 36 usecs
[    4.178687] calling  populate_rootfs+0x0/0x102 @ 1
[    4.185567] initcall populate_rootfs+0x0/0x102 returned 0 after 1283 usecs
[    4.193716] calling  pci_iommu_init+0x0/0x3e @ 1
[    4.199176] initcall pci_iommu_init+0x0/0x3e returned 0 after 99 usecs
[    4.208699] calling  ia32_binfmt_init+0x0/0x13 @ 1
[    4.214393] initcall ia32_binfmt_init+0x0/0x13 returned 0 after 41 usecs
[    4.222481] calling  rapl_pmu_init+0x0/0x25f @ 1
[    4.228329] initcall rapl_pmu_init+0x0/0x25f returned -19 after 48 usecs
[    4.236486] calling  amd_uncore_init+0x0/0x310 @ 1
[    4.242555] initcall amd_uncore_init+0x0/0x310 returned -19 after 0 usecs
[    4.250796] calling  amd_ibs_init+0x0/0x233 @ 1
[    4.256212] initcall amd_ibs_init+0x0/0x233 returned -19 after 0 usecs
[    4.263933] calling  amd_iommu_pc_init+0x0/0x20c @ 1
[    4.269934] initcall amd_iommu_pc_init+0x0/0x20c returned -19 after 121 usecs
[    4.278203] calling  msr_init+0x0/0x55 @ 1
[    4.283943] initcall msr_init+0x0/0x55 returned 0 after 336 usecs
[    4.291625] calling  intel_uncore_init+0x0/0x31e @ 1
[    4.297277] initcall intel_uncore_init+0x0/0x31e returned -19 after 64 usecs
[    4.305833] calling  cstate_pmu_init+0x0/0x181 @ 1
[    4.311373] initcall cstate_pmu_init+0x0/0x181 returned -19 after 0 usecs
[    4.320672] calling  register_kernel_offset_dumper+0x0/0x1a @ 1
[    4.328977] initcall register_kernel_offset_dumper+0x0/0x1a returned 0 after 31 usecs
[    4.339803] calling  i8259A_init_ops+0x0/0x20 @ 1
[    4.346626] initcall i8259A_init_ops+0x0/0x20 returned 0 after 1 usecs
[    4.355762] calling  init_tsc_clocksource+0x0/0xa4 @ 1
[    4.363058] clocksource: tsc: mask: 0xffffffffffffffff max_cycles: 0x39a85afc727, max_idle_ns: 881590685098 ns
[    4.376695] initcall init_tsc_clocksource+0x0/0xa4 returned 0 after 13314 usecs
[    4.387023] calling  add_rtc_cmos+0x0/0xb0 @ 1
[    4.393505] initcall add_rtc_cmos+0x0/0xb0 returned 0 after 88 usecs
[    4.402579] calling  i8237A_init_ops+0x0/0x3a @ 1
[    4.409264] initcall i8237A_init_ops+0x0/0x3a returned 0 after 98 usecs
[    4.416796] calling  umwait_init+0x0/0x94 @ 1
[    4.421915] initcall umwait_init+0x0/0x94 returned -19 after 21 usecs
[    4.429315] calling  thermal_throttle_init_device+0x0/0x3d @ 1
[    4.436029] initcall thermal_throttle_init_device+0x0/0x3d returned 0 after 18 usecs
[    4.444758] calling  msr_init+0x0/0xd7 @ 1
[    4.449659] initcall msr_init+0x0/0xd7 returned 0 after 181 usecs
[    4.456663] calling  cpuid_init+0x0/0xd7 @ 1
[    4.461834] initcall cpuid_init+0x0/0xd7 returned 0 after 246 usecs
[    4.469007] calling  ioapic_init_ops+0x0/0x13 @ 1
[    4.474472] initcall ioapic_init_ops+0x0/0x13 returned 0 after 29 usecs
[    4.483122] calling  add_pcspkr+0x0/0x6c @ 1
[    4.489432] initcall add_pcspkr+0x0/0x6c returned 0 after 79 usecs
[    4.498687] calling  start_periodic_check_for_corruption+0x0/0x30 @ 1
[    4.507945] check: Scanning for low memory corruption every 60 seconds
[    4.515599] initcall start_periodic_check_for_corruption+0x0/0x30 returned 0 after 7566 usecs
[    4.527156] calling  sysfb_init+0x0/0x9c @ 1
[    4.534608] initcall sysfb_init+0x0/0x9c returned 0 after 254 usecs
[    4.543576] calling  audit_classes_init+0x0/0xae @ 1
[    4.552701] initcall audit_classes_init+0x0/0xae returned 0 after 110 usecs
[    4.560723] calling  iosf_mbi_init+0x0/0x24 @ 1
[    4.566309] initcall iosf_mbi_init+0x0/0x24 returned 0 after 366 usecs
[    4.573820] calling  proc_execdomains_init+0x0/0x21 @ 1
[    4.579818] initcall proc_execdomains_init+0x0/0x21 returned 0 after 28 usecs
[    4.588041] calling  register_warn_debugfs+0x0/0x23 @ 1
[    4.594161] initcall register_warn_debugfs+0x0/0x23 returned 0 after 26 usecs
[    4.602298] calling  ioresources_init+0x0/0x49 @ 1
[    4.607841] initcall ioresources_init+0x0/0x49 returned 0 after 5 usecs
[    4.615449] calling  snapshot_device_init+0x0/0xc @ 1
[    4.624165] initcall snapshot_device_init+0x0/0xc returned 0 after 2824 usecs
[    4.632386] calling  irq_pm_init_ops+0x0/0x13 @ 1
[    4.637932] initcall irq_pm_init_ops+0x0/0x13 returned 0 after 93 usecs
[    4.645415] calling  rcu_torture_init+0x0/0x89f @ 1
[    4.651113] rcu-torture:--- Start of test: nreaders=1 nfakewriters=4 stat_interval=15 verbose=1 test_no_idle_hz=1 shuffle_interval=3 stutter=5 irqreader=1 fqs_duration=0 fqs_holdoff=0 fqs_stutter=3 test_boost=1/0 test_boost_interval=7 test_boost_duration=4 shutdown_secs=1800 stall_cpu=0 stall_cpu_holdoff=10 stall_cpu_irqsoff=0 stall_cpu_block=0 n_barrier_cbs=4 onoff_interval=0 onoff_holdoff=0 read_exit_delay=13 read_exit_burst=16
[    4.696276] rcu:  Start-test grace-period state: g0 f0x0
[    4.702294] rcu-torture: Creating rcu_torture_writer task
[    4.708658] rcu-torture: Creating rcu_torture_fakewriter task
[    4.715635] rcu-torture: rcu_torture_writer task started
[    4.721873] rcu-torture: GP expediting controlled from boot/sysfs for rcu.
[    4.729932] rcu_torture_writer: Testing conditional GPs.
[    4.736111] rcu_torture_writer: Testing expedited GPs.
[    4.742262] rcu_torture_writer: Testing asynchronous GPs.
[    4.748637] rcu_torture_writer: Testing normal GPs.
[    4.759146] rcu-torture: Creating rcu_torture_fakewriter task
[    4.767920] rcu-torture: rcu_torture_fakewriter task started
[    4.774730] rcu-torture: Creating rcu_torture_fakewriter task
[    4.781469] rcu-torture: rcu_torture_fakewriter task started
[    4.789017] rcu-torture: Creating rcu_torture_fakewriter task
[    4.795939] rcu-torture: rcu_torture_fakewriter task started
[    4.803266] rcu-torture: Creating rcu_torture_reader task
[    4.810548] rcu-torture: rcu_torture_fakewriter task started
[    4.818657] rcu-torture: Creating rcu_torture_stats task
[    4.825113] rcu-torture: rcu_torture_reader task started
[    4.833303] rcu-torture: Creating torture_shuffle task
[    4.839438] rcu-torture: rcu_torture_stats task started
[    4.847338] rcu-torture: Creating torture_stutter task
[    4.853458] rcu-torture: torture_shuffle task started
[    4.860335] rcu-torture: Creating torture_shutdown task
[    4.866504] rcu-torture: torture_stutter task started
[    4.872618] rcu-torture: Creating rcu_torture_fwd_prog task
[    4.879017] rcu-torture: torture_shutdown task started
[    4.885093] rcu-torture:torture_shutdown task: 1799975 ms remaining
[    4.892721] rcu-torture: Creating rcu_torture_barrier_cbs task
[    4.899722] rcu-torture: rcu_torture_fwd_progress task started
[    4.907306] rcu-torture: Creating rcu_torture_barrier_cbs task
[    4.914441] rcu-torture: rcu_torture_barrier_cbs task started
[    4.921657] rcu-torture: Creating rcu_torture_barrier_cbs task
[    4.928549] rcu-torture: rcu_torture_barrier_cbs task started
[    4.935765] rcu-torture: Creating rcu_torture_barrier_cbs task
[    4.942934] rcu-torture: rcu_torture_barrier_cbs task started
[    4.951382] rcu-torture: Creating rcu_torture_barrier task
[    4.958019] rcu-torture: rcu_torture_barrier_cbs task started
[    4.969239] rcu-torture: Creating rcu_torture_read_exit task
[    4.976917] rcu-torture: rcu_torture_barrier task starting
[    4.984907] initcall rcu_torture_init+0x0/0x89f returned 0 after 325956 usecs
[    4.994235] calling  timekeeping_init_ops+0x0/0x13 @ 1
[    5.000511] initcall timekeeping_init_ops+0x0/0x13 returned 0 after 120 usecs
[    5.008918] calling  init_clocksource_sysfs+0x0/0x23 @ 1
[    5.018169] initcall init_clocksource_sysfs+0x0/0x23 returned 0 after 2820 usecs
[    5.027195] calling  init_timer_list_procfs+0x0/0x31 @ 1
[    5.034056] initcall init_timer_list_procfs+0x0/0x31 returned 0 after 276 usecs
[    5.044468] calling  alarmtimer_init+0x0/0xb5 @ 1
[    5.050940] initcall alarmtimer_init+0x0/0xb5 returned 0 after 646 usecs
[    5.059087] calling  init_posix_timers+0x0/0x29 @ 1
[    5.065196] initcall init_posix_timers+0x0/0x29 returned 0 after 246 usecs
[    5.073445] calling  clockevents_init_sysfs+0x0/0x8b @ 1
[    5.081564] initcall clockevents_init_sysfs+0x0/0x8b returned 0 after 253 usecs
[    5.094412] calling  proc_dma_init+0x0/0x21 @ 1
[    5.100771] initcall proc_dma_init+0x0/0x21 returned 0 after 43 usecs
[    5.108488] calling  proc_modules_init+0x0/0x1e @ 1
[    5.114223] initcall proc_modules_init+0x0/0x1e returned 0 after 41 usecs
[    5.122048] calling  kallsyms_init+0x0/0x21 @ 1
[    5.127344] initcall kallsyms_init+0x0/0x21 returned 0 after 3 usecs
[    5.134647] calling  pid_namespaces_init+0x0/0x2c @ 1
[    5.140516] initcall pid_namespaces_init+0x0/0x2c returned 0 after 40 usecs
[    5.148418] calling  audit_watch_init+0x0/0x37 @ 1
[    5.154119] initcall audit_watch_init+0x0/0x37 returned 0 after 51 usecs
[    5.161999] calling  audit_fsnotify_init+0x0/0x37 @ 1
[    5.168028] initcall audit_fsnotify_init+0x0/0x37 returned 0 after 1 usecs
[    5.176633] calling  audit_tree_init+0x0/0x6d @ 1
[    5.182661] initcall audit_tree_init+0x0/0x6d returned 0 after 37 usecs
[    5.192337] calling  seccomp_sysctl_init+0x0/0x2b @ 1
[    5.199976] initcall seccomp_sysctl_init+0x0/0x2b returned 0 after 249 usecs
[    5.210045] calling  utsname_sysctl_init+0x0/0x13 @ 1
[    5.216458] initcall utsname_sysctl_init+0x0/0x13 returned 0 after 113 usecs
[    5.224520] calling  init_tracepoints+0x0/0x27 @ 1
[    5.230134] initcall init_tracepoints+0x0/0x27 returned 0 after 67 usecs
[    5.237971] calling  init_blk_tracer+0x0/0x50 @ 1
[    5.246480] initcall init_blk_tracer+0x0/0x50 returned 0 after 1620 usecs
[    5.254466] calling  perf_event_sysfs_init+0x0/0x81 @ 1
[    5.261139] initcall perf_event_sysfs_init+0x0/0x81 returned 0 after 620 usecs
[    5.269458] calling  system_trusted_keyring_init+0x0/0x5f @ 1
[    5.276164] Initialise system trusted keyrings
[    5.281731] initcall system_trusted_keyring_init+0x0/0x5f returned 0 after 5434 usecs
[    5.291426] calling  kswapd_init+0x0/0x13 @ 1
[    5.296606] rcu-torture: rcu_torture_read_exit: Start of test
[    5.304391] initcall kswapd_init+0x0/0x13 returned 0 after 7622 usecs
[    5.311936] calling  extfrag_debug_init+0x0/0x54 @ 1
[    5.318167] initcall extfrag_debug_init+0x0/0x54 returned 0 after 378 usecs
[    5.326442] calling  slab_proc_init+0x0/0x21 @ 1
[    5.332052] initcall slab_proc_init+0x0/0x21 returned 0 after 31 usecs
[    5.339887] calling  workingset_init+0x0/0x8c @ 1
[    5.345474] workingset: timestamp_bits=62 max_order=17 bucket_order=0
[    5.353258] initcall workingset_init+0x0/0x8c returned 0 after 7615 usecs
[    5.361181] calling  proc_vmalloc_init+0x0/0x27 @ 1
[    5.367363] initcall proc_vmalloc_init+0x0/0x27 returned 0 after 51 usecs
[    5.375252] calling  procswaps_init+0x0/0x1e @ 1
[    5.380818] initcall procswaps_init+0x0/0x1e returned 0 after 79 usecs
[    5.388442] calling  slab_sysfs_init+0x0/0xea @ 1
[    5.396436] initcall slab_sysfs_init+0x0/0xea returned 0 after 2343 usecs
[    5.404915] calling  fcntl_init+0x0/0x29 @ 1
[    5.410218] initcall fcntl_init+0x0/0x29 returned 0 after 7 usecs
[    5.417551] calling  proc_filesystems_init+0x0/0x21 @ 1
[    5.424052] initcall proc_filesystems_init+0x0/0x21 returned 0 after 4 usecs
[    5.432461] calling  start_dirtytime_writeback+0x0/0x29 @ 1
[    5.439222] initcall start_dirtytime_writeback+0x0/0x29 returned 0 after 68 usecs
[    5.448113] calling  blkdev_init+0x0/0x1b @ 1
[    5.453943] initcall blkdev_init+0x0/0x1b returned 0 after 309 usecs
[    5.461517] calling  dio_init+0x0/0x2c @ 1
[    5.466763] initcall dio_init+0x0/0x2c returned 0 after 55 usecs
[    5.473942] calling  dnotify_init+0x0/0x78 @ 1
[    5.479143] initcall dnotify_init+0x0/0x78 returned 0 after 9 usecs
[    5.486506] calling  aio_setup+0x0/0x78 @ 1
[    5.492078] initcall aio_setup+0x0/0x78 returned 0 after 560 usecs
[    5.499471] calling  io_uring_init+0x0/0x2c @ 1
[    5.504827] initcall io_uring_init+0x0/0x2c returned 0 after 7 usecs
[    5.512200] calling  mbcache_init+0x0/0x30 @ 1
[    5.517664] initcall mbcache_init+0x0/0x30 returned 0 after 39 usecs
[    5.525075] calling  init_grace+0x0/0xc @ 1
[    5.530153] initcall init_grace+0x0/0xc returned 0 after 145 usecs
[    5.537407] calling  init_v2_quota_format+0x0/0x21 @ 1
[    5.543611] initcall init_v2_quota_format+0x0/0x21 returned 0 after 45 usecs
[    5.552146] calling  init_devpts_fs+0x0/0x27 @ 1
[    5.558509] initcall init_devpts_fs+0x0/0x27 returned 0 after 259 usecs
[    5.567272] calling  ext4_init_fs+0x0/0x1cb @ 1
[    5.574393] initcall ext4_init_fs+0x0/0x1cb returned 0 after 789 usecs
[    5.583302] calling  journal_init+0x0/0x11c @ 1
[    5.590051] initcall journal_init+0x0/0x11c returned 0 after 239 usecs
[    5.598744] calling  init_fat_fs+0x0/0x49 @ 1
[    5.605673] initcall init_fat_fs+0x0/0x49 returned 0 after 77 usecs
[    5.614163] calling  init_vfat_fs+0x0/0xc @ 1
[    5.620216] initcall init_vfat_fs+0x0/0xc returned 0 after 5 usecs
[    5.629365] calling  init_msdos_fs+0x0/0xc @ 1
[    5.636481] initcall init_msdos_fs+0x0/0xc returned 0 after 3 usecs
[    5.645820] calling  init_iso9660_fs+0x0/0x6c @ 1
[    5.653486] rcu_torture_rea (62) used greatest stack depth: 15512 bytes left
[    5.664125] initcall init_iso9660_fs+0x0/0x6c returned 0 after 10943 usecs
[    5.674572] calling  init_nfs_fs+0x0/0x13a @ 1
[    5.682288] initcall init_nfs_fs+0x0/0x13a returned 0 after 1117 usecs
[    5.692088] calling  init_nfs_v2+0x0/0x13 @ 1
[    5.698752] initcall init_nfs_v2+0x0/0x13 returned 0 after 42 usecs
[    5.708151] calling  init_nfs_v3+0x0/0x13 @ 1
[    5.714956] initcall init_nfs_v3+0x0/0x13 returned 0 after 19 usecs
[    5.724579] calling  init_nfs_v4+0x0/0x32 @ 1
[    5.731420] NFS: Registering the id_resolver key type
[    5.739064] Key type id_resolver registered
[    5.745618] Key type id_legacy registered
[    5.752057] initcall init_nfs_v4+0x0/0x32 returned 0 after 20198 usecs
[    5.761983] calling  init_nlm+0x0/0x5b @ 1
[    5.769073] initcall init_nlm+0x0/0x5b returned 0 after 248 usecs
[    5.779242] calling  init_nls_cp437+0x0/0xe @ 1
[    5.785398] initcall init_nls_cp437+0x0/0xe returned 0 after 105 usecs
[    5.794108] calling  init_nls_ascii+0x0/0xe @ 1
[    5.800076] initcall init_nls_ascii+0x0/0xe returned 0 after 0 usecs
[    5.808510] calling  init_nls_iso8859_1+0x0/0xe @ 1
[    5.814973] initcall init_nls_iso8859_1+0x0/0xe returned 0 after 1 usecs
[    5.823877] calling  init_nls_utf8+0x0/0x21 @ 1
[    5.830190] initcall init_nls_utf8+0x0/0x21 returned 0 after 1 usecs
[    5.839124] calling  init_autofs_fs+0x0/0x25 @ 1
[    5.848695] initcall init_autofs_fs+0x0/0x25 returned 0 after 2465 usecs
[    5.859059] calling  ipc_init+0x0/0x24 @ 1
[    5.865387] initcall ipc_init+0x0/0x24 returned 0 after 49 usecs
[    5.876484] calling  ipc_sysctl_init+0x0/0x13 @ 1
[    5.882613] initcall ipc_sysctl_init+0x0/0x13 returned 0 after 133 usecs
[    5.890989] calling  init_mqueue_fs+0x0/0x92 @ 1
[    5.897293] initcall init_mqueue_fs+0x0/0x92 returned 0 after 262 usecs
[    5.905674] calling  key_proc_init+0x0/0x63 @ 1
[    5.911419] initcall key_proc_init+0x0/0x63 returned 0 after 17 usecs
[    5.919490] calling  selinux_nf_ip_init+0x0/0x2e @ 1
[    5.926483] initcall selinux_nf_ip_init+0x0/0x2e returned 0 after 224 usecs
[    5.936676] calling  init_sel_fs+0x0/0x116 @ 1
[    5.942353] initcall init_sel_fs+0x0/0x116 returned 0 after 0 usecs
[    5.951941] calling  selnl_init+0x0/0x7c @ 1
[    5.959111] initcall selnl_init+0x0/0x7c returned 0 after 450 usecs
[    5.969056] calling  sel_netif_init+0x0/0x36 @ 1
[    5.975958] initcall sel_netif_init+0x0/0x36 returned 0 after 0 usecs
[    5.984125] calling  sel_netnode_init+0x0/0x33 @ 1
[    5.990524] initcall sel_netnode_init+0x0/0x33 returned 0 after 0 usecs
[    5.999238] calling  sel_netport_init+0x0/0x33 @ 1
[    6.005294] initcall sel_netport_init+0x0/0x33 returned 0 after 0 usecs
[    6.015542] calling  aurule_init+0x0/0x2a @ 1
[    6.021741] initcall aurule_init+0x0/0x2a returned 0 after 2 usecs
[    6.029914] calling  crypto_algapi_init+0x0/0xc @ 1
[    6.036237] initcall crypto_algapi_init+0x0/0xc returned 0 after 5 usecs
[    6.045091] calling  jent_mod_init+0x0/0x2d @ 1
[    6.061361] initcall jent_mod_init+0x0/0x2d returned 0 after 9979 usecs
[    6.071484] calling  asymmetric_key_init+0x0/0xc @ 1
[    6.078903] Key type asymmetric registered
[    6.085431] initcall asymmetric_key_init+0x0/0xc returned 0 after 6372 usecs
[    6.094504] calling  x509_key_init+0x0/0xc @ 1
[    6.101700] Asymmetric key parser 'x509' registered
[    6.109631] initcall x509_key_init+0x0/0xc returned 0 after 7794 usecs
[    6.119965] calling  proc_genhd_init+0x0/0x41 @ 1
[    6.127365] initcall proc_genhd_init+0x0/0x41 returned 0 after 26 usecs
[    6.137225] calling  bsg_init+0x0/0x113 @ 1
[    6.144168] Block layer SCSI generic (bsg) driver version 0.4 loaded (major 251)
[    6.156206] initcall bsg_init+0x0/0x113 returned 0 after 11964 usecs
[    6.166392] calling  deadline_init+0x0/0xc @ 1
[    6.172816] io scheduler mq-deadline registered
[    6.178958] initcall deadline_init+0x0/0xc returned 0 after 6011 usecs
[    6.187996] calling  kyber_init+0x0/0xc @ 1
[    6.194964] io scheduler kyber registered
[    6.201260] initcall kyber_init+0x0/0xc returned 0 after 6164 usecs
[    6.211199] calling  mod_init+0x0/0x7 @ 1
[    6.217390] initcall mod_init+0x0/0x7 returned 0 after 0 usecs
[    6.225013] calling  sg_pool_init+0x0/0xb4 @ 1
[    6.231127] initcall sg_pool_init+0x0/0xb4 returned 0 after 122 usecs
[    6.241333] calling  pcie_portdrv_init+0x0/0x39 @ 1
[    6.249169] initcall pcie_portdrv_init+0x0/0x39 returned 0 after 835 usecs
[    6.259408] calling  pci_proc_init+0x0/0x68 @ 1
[    6.265994] initcall pci_proc_init+0x0/0x68 returned 0 after 46 usecs
[    6.275780] calling  pci_hotplug_init+0x0/0x7 @ 1
[    6.282530] initcall pci_hotplug_init+0x0/0x7 returned 0 after 0 usecs
[    6.291960] calling  efifb_driver_init+0x0/0xe @ 1
[    6.299163] initcall efifb_driver_init+0x0/0xe returned 0 after 46 usecs
[    6.308788] calling  ged_driver_init+0x0/0xe @ 1
[    6.316798] initcall ged_driver_init+0x0/0xe returned 0 after 174 usecs
[    6.327646] calling  acpi_ac_init+0x0/0x92 @ 1
[    6.337817] initcall acpi_ac_init+0x0/0x92 returned 0 after 1907 usecs
[    6.348476] calling  acpi_button_driver_init+0x0/0x52 @ 1
[    6.359077] input: Power Button as /devices/LNXSYSTM:00/LNXPWRBN:00/input/input0
[    6.376078] ACPI: Power Button [PWRF]
[    6.381567] initcall acpi_button_driver_init+0x0/0x52 returned 0 after 22802 usecs
[    6.391701] calling  acpi_fan_driver_init+0x0/0xe @ 1
[    6.398513] initcall acpi_fan_driver_init+0x0/0xe returned 0 after 19 usecs
[    6.407660] calling  acpi_video_init+0x0/0xcb @ 1
[    6.416079] initcall acpi_video_init+0x0/0xcb returned 0 after 82 usecs
[    6.425513] calling  acpi_processor_driver_init+0x0/0xad @ 1
[    6.435308] initcall acpi_processor_driver_init+0x0/0xad returned 0 after 1502 usecs
[    6.446444] calling  acpi_thermal_init+0x0/0x71 @ 1
[    6.453337] initcall acpi_thermal_init+0x0/0x71 returned 0 after 97 usecs
[    6.463112] calling  acpi_battery_init+0x0/0x32 @ 1
[    6.470069] initcall acpi_battery_init+0x0/0x32 returned 0 after 30 usecs
[    6.479893] calling  bgrt_init+0x0/0xb6 @ 1
[    6.486955] initcall bgrt_init+0x0/0xb6 returned -19 after 0 usecs
[    6.496453] calling  gpio_clk_driver_init+0x0/0xe @ 1
[    6.504809] initcall gpio_clk_driver_init+0x0/0xe returned 0 after 144 usecs
[    6.514860] calling  plt_clk_driver_init+0x0/0xe @ 1
[    6.522313] initcall plt_clk_driver_init+0x0/0xe returned 0 after 68 usecs
[    6.533478] calling  virtio_pci_driver_init+0x0/0x15 @ 1
[    6.541397] initcall virtio_pci_driver_init+0x0/0x15 returned 0 after 54 usecs
[    6.552012] calling  n_null_init+0x0/0x1e @ 1
[    6.559762] initcall n_null_init+0x0/0x1e returned 0 after 20 usecs
[    6.570184] calling  pty_init+0x0/0x1e8 @ 1
[    6.577332] initcall pty_init+0x0/0x1e8 returned 0 after 1049 usecs
[    6.586471] calling  sysrq_init+0x0/0x62 @ 1
[    6.592948] initcall sysrq_init+0x0/0x62 returned 0 after 6 usecs
[    6.603123] calling  serial8250_init+0x0/0x17e @ 1
[    6.610343] Serial: 8250/16550 driver, 4 ports, IRQ sharing enabled
[    6.621443] 00:03: ttyS0 at I/O 0x3f8 (irq = 4, base_baud = 115200) is a 16550A
[    6.634830] initcall serial8250_init+0x0/0x17e returned 0 after 23947 usecs
[    6.644911] calling  serial_pci_driver_init+0x0/0x15 @ 1
[    6.653058] initcall serial_pci_driver_init+0x0/0x15 returned 0 after 222 usecs
[    6.663956] calling  exar_pci_driver_init+0x0/0x15 @ 1
[    6.671638] initcall exar_pci_driver_init+0x0/0x15 returned 0 after 45 usecs
[    6.681602] calling  lpss8250_pci_driver_init+0x0/0x15 @ 1
[    6.690112] initcall lpss8250_pci_driver_init+0x0/0x15 returned 0 after 40 usecs
[    6.701366] calling  mid8250_pci_driver_init+0x0/0x15 @ 1
[    6.709782] initcall mid8250_pci_driver_init+0x0/0x15 returned 0 after 25 usecs
[    6.720827] calling  virtio_console_init+0x0/0xff @ 1
[    6.729240] initcall virtio_console_init+0x0/0xff returned 0 after 381 usecs
[    6.740025] calling  hpet_init+0x0/0x64 @ 1
[    6.748519] initcall hpet_init+0x0/0x64 returned 0 after 2157 usecs
[    6.758838] calling  nvram_module_init+0x0/0x83 @ 1
[    6.766634] Non-volatile memory driver v1.3
[    6.773331] initcall nvram_module_init+0x0/0x83 returned 0 after 6802 usecs
[    6.792930] calling  hwrng_modinit+0x0/0x8a @ 1
[    6.820841] initcall hwrng_modinit+0x0/0x8a returned 0 after 16877 usecs
[    6.831163] calling  mod_init+0x0/0x48 @ 1
[    6.837356] initcall mod_init+0x0/0x48 returned -19 after 257 usecs
[    6.848249] calling  agp_init+0x0/0x23 @ 1
[    6.856290] Linux agpgart interface v0.103
[    6.863804] initcall agp_init+0x0/0x23 returned 0 after 7333 usecs
[    6.874901] calling  agp_amd64_mod_init+0x0/0x5 @ 1
[    6.887778] initcall agp_amd64_mod_init+0x0/0x5 returned -19 after 3265 usecs
[    6.901745] calling  agp_intel_init+0x0/0x28 @ 1
[    6.914206] initcall agp_intel_init+0x0/0x28 returned 0 after 3003 usecs
[    6.924986] calling  drm_kms_helper_init+0x0/0x7 @ 1
[    6.933036] initcall drm_kms_helper_init+0x0/0x7 returned 0 after 181 usecs
[    6.943939] calling  drm_core_init+0x0/0x9e @ 1
[    6.955437] initcall drm_core_init+0x0/0x9e returned 0 after 2440 usecs
[    6.966274] calling  i915_init+0x0/0x6b @ 1
[    6.985427] initcall i915_init+0x0/0x6b returned 0 after 11995 usecs
[    6.996379] calling  cn_proc_init+0x0/0x35 @ 1
[    7.004313] initcall cn_proc_init+0x0/0x35 returned 0 after 226 usecs
[    7.015385] calling  topology_sysfs_init+0x0/0x27 @ 1
[    7.024935] initcall topology_sysfs_init+0x0/0x27 returned 0 after 843 usecs
[    7.037190] calling  cacheinfo_sysfs_init+0x0/0x27 @ 1
[    7.047085] initcall cacheinfo_sysfs_init+0x0/0x27 returned 0 after 748 usecs
[    7.059197] calling  loop_init+0x0/0x168 @ 1
[    7.106429] loop: module loaded
[    7.112197] initcall loop_init+0x0/0x168 returned 0 after 44089 usecs
[    7.123208] calling  mac_hid_init+0x0/0x21 @ 1
[    7.131128] initcall mac_hid_init+0x0/0x21 returned 0 after 110 usecs
[    7.141073] calling  spi_transport_init+0x0/0x74 @ 1
[    7.149733] initcall spi_transport_init+0x0/0x74 returned 0 after 782 usecs
[    7.160660] calling  init_sd+0x0/0x18c @ 1
[    7.167345] initcall init_sd+0x0/0x18c returned 0 after 264 usecs
[    7.177021] calling  init_sr+0x0/0x43 @ 1
[    7.183666] initcall init_sr+0x0/0x43 returned 0 after 80 usecs
[    7.193071] calling  init_sg+0x0/0x1c0 @ 1
[    7.200323] initcall init_sg+0x0/0x1c0 returned 0 after 504 usecs
[    7.210327] calling  ahci_pci_driver_init+0x0/0x15 @ 1
[    7.219868] ahci 0000:00:1f.2: version 3.0
[    7.233488] PCI Interrupt Link [GSIA] enabled at IRQ 16
[    7.256437] ahci 0000:00:1f.2: AHCI 0001.0000 32 slots 6 ports 1.5 Gbps 0x3f impl SATA mode
[    7.269250] ahci 0000:00:1f.2: flags: 64bit ncq only 
[    7.298189] scsi host0: ahci
[    7.303450] scsi host1: ahci
[    7.309318] scsi host2: ahci
[    7.318481] scsi host3: ahci
[    7.323334] scsi host4: ahci
[    7.328243] scsi host5: ahci
[    7.333296] ata1: SATA max UDMA/133 abar m4096@0xfebf1000 port 0xfebf1100 irq 24
[    7.344054] ata2: SATA max UDMA/133 abar m4096@0xfebf1000 port 0xfebf1180 irq 24
[    7.355961] ata3: SATA max UDMA/133 abar m4096@0xfebf1000 port 0xfebf1200 irq 24
[    7.368632] ata4: SATA max UDMA/133 abar m4096@0xfebf1000 port 0xfebf1280 irq 24
[    7.381389] ata5: SATA max UDMA/133 abar m4096@0xfebf1000 port 0xfebf1300 irq 24
[    7.391998] ata6: SATA max UDMA/133 abar m4096@0xfebf1000 port 0xfebf1380 irq 24
[    7.402367] initcall ahci_pci_driver_init+0x0/0x15 returned 0 after 179454 usecs
[    7.416882] calling  piix_init+0x0/0x26 @ 1
[    7.423910] initcall piix_init+0x0/0x26 returned 0 after 367 usecs
[    7.433396] calling  amd_pci_driver_init+0x0/0x15 @ 1
[    7.441234] initcall amd_pci_driver_init+0x0/0x15 returned 0 after 26 usecs
[    7.451101] calling  oldpiix_pci_driver_init+0x0/0x15 @ 1
[    7.459271] initcall oldpiix_pci_driver_init+0x0/0x15 returned 0 after 185 usecs
[    7.470468] calling  sch_pci_driver_init+0x0/0x15 @ 1
[    7.478536] initcall sch_pci_driver_init+0x0/0x15 returned 0 after 76 usecs
[    7.489159] calling  net_olddevs_init+0x0/0x55 @ 1
[    7.497431] initcall net_olddevs_init+0x0/0x55 returned 0 after 339 usecs
[    7.508050] calling  blackhole_netdev_init+0x0/0x78 @ 1
[    7.517355] initcall blackhole_netdev_init+0x0/0x78 returned 0 after 921 usecs
[    7.528979] calling  phy_module_init+0x0/0x13 @ 1
[    7.537137] initcall phy_module_init+0x0/0x13 returned 0 after 794 usecs
[    7.547610] calling  tg3_driver_init+0x0/0x15 @ 1
[    7.555267] initcall tg3_driver_init+0x0/0x15 returned 0 after 56 usecs
[    7.565637] calling  e100_init_module+0x0/0x4c @ 1
[    7.573108] e100: Intel(R) PRO/100 Network Driver
[    7.580698] e100: Copyright(c) 1999-2006 Intel Corporation
[    7.589397] initcall e100_init_module+0x0/0x4c returned 0 after 15916 usecs
[    7.601923] calling  e1000_init_module+0x0/0x72 @ 1
[    7.608924] e1000: Intel(R) PRO/1000 Network Driver
[    7.617015] e1000: Copyright (c) 1999-2006 Intel Corporation.
[    7.625841] initcall e1000_init_module+0x0/0x72 returned 0 after 16553 usecs
[    7.636659] calling  e1000_init_module+0x0/0x2d @ 1
[    7.644410] e1000e: Intel(R) PRO/1000 Network Driver
[    7.652344] e1000e: Copyright(c) 1999 - 2015 Intel Corporation.
[    7.661503] initcall e1000_init_module+0x0/0x2d returned 0 after 16712 usecs
[    7.673317] calling  sky2_init_module+0x0/0x21 @ 1
[    7.680929] sky2: driver version 1.30
[    7.687100] initcall sky2_init_module+0x0/0x21 returned 0 after 6022 usecs
[    7.697652] calling  forcedeth_pci_driver_init+0x0/0x15 @ 1
[    7.706597] initcall forcedeth_pci_driver_init+0x0/0x15 returned 0 after 72 usecs
[    7.718620] calling  rtl8139_init_module+0x0/0x15 @ 1
[    7.727122] initcall rtl8139_init_module+0x0/0x15 returned 0 after 220 usecs
[    7.739172] calling  rtl8169_pci_driver_init+0x0/0x15 @ 1
[    7.748778] initcall rtl8169_pci_driver_init+0x0/0x15 returned 0 after 126 usecs
[    7.761310] calling  cdrom_init+0x0/0xc @ 1
[    7.768842] initcall cdrom_init+0x0/0xc returned 0 after 92 usecs
[    7.779189] calling  nonstatic_sysfs_init+0x0/0xc @ 1
[    7.788181] initcall nonstatic_sysfs_init+0x0/0xc returned 0 after 26 usecs
[    7.799324] calling  yenta_cardbus_driver_init+0x0/0x15 @ 1
[    7.807858] initcall yenta_cardbus_driver_init+0x0/0x15 returned 0 after 286 usecs
[    7.819503] calling  mon_init+0x0/0x123 @ 1
[    7.841287] initcall mon_init+0x0/0x123 returned 0 after 14529 usecs
[    7.850752] calling  ehci_hcd_init+0x0/0x55 @ 1
[    7.858007] ehci_hcd: USB 2.0 'Enhanced' Host Controller (EHCI) Driver
[    7.868229] initcall ehci_hcd_init+0x0/0x55 returned 0 after 10083 usecs
[    7.878571] calling  ehci_pci_init+0x0/0x64 @ 1
[    7.885521] ehci-pci: EHCI PCI platform driver
[    7.892391] initcall ehci_pci_init+0x0/0x64 returned 0 after 6704 usecs
[    7.902745] calling  ohci_hcd_mod_init+0x0/0x4d @ 1
[    7.909641] ohci_hcd: USB 1.1 'Open' Host Controller (OHCI) Driver
[    7.918868] initcall ohci_hcd_mod_init+0x0/0x4d returned 0 after 9006 usecs
[    7.930583] calling  ohci_pci_init+0x0/0x64 @ 1
[    7.939123] ohci-pci: OHCI PCI platform driver
[    7.946838] initcall ohci_pci_init+0x0/0x64 returned 0 after 7679 usecs
[    7.958270] calling  uhci_hcd_init+0x0/0xa6 @ 1
[    7.966218] uhci_hcd: USB Universal Host Controller Interface driver
[    7.977769] initcall uhci_hcd_init+0x0/0xa6 returned 0 after 11213 usecs
[    7.989397] calling  xhci_hcd_init+0x0/0x1e @ 1
[    7.997686] initcall xhci_hcd_init+0x0/0x1e returned 0 after 100 usecs
[    8.009223] calling  xhci_pci_init+0x0/0x49 @ 1
[    8.018137] initcall xhci_pci_init+0x0/0x49 returned 0 after 548 usecs
[    8.029255] calling  usblp_driver_init+0x0/0x15 @ 1
[    8.038102] usbcore: registered new interface driver usblp
[    8.047777] initcall usblp_driver_init+0x0/0x15 returned 0 after 9553 usecs
[    8.060239] calling  usb_storage_driver_init+0x0/0x2a @ 1
[    8.069528] usbcore: registered new interface driver usb-storage
[    8.080226] initcall usb_storage_driver_init+0x0/0x2a returned 0 after 10617 usecs
[    8.093520] calling  i8042_init+0x0/0x4c2 @ 1
[    8.103604] i8042: PNP: PS/2 Controller [PNP0303:KBD,PNP0f13:MOU] at 0x60,0x64 irq 1,12
[    8.128415] serio: i8042 KBD port at 0x60,0x64 irq 1
[    8.137369] serio: i8042 AUX port at 0x60,0x64 irq 12
[    8.145757] initcall i8042_init+0x0/0x4c2 returned 0 after 42898 usecs
[    8.156051] calling  serport_init+0x0/0x2c @ 1
[    8.163090] initcall serport_init+0x0/0x2c returned 0 after 17 usecs
[    8.173004] calling  input_leds_init+0x0/0xc @ 1
[    8.183981] initcall input_leds_init+0x0/0xc returned 0 after 519 usecs
[    8.193782] calling  evdev_init+0x0/0xc @ 1
[    8.205418] initcall evdev_init+0x0/0xc returned 0 after 4261 usecs
[    8.216986] calling  atkbd_init+0x0/0x21 @ 1
[    8.224656] initcall atkbd_init+0x0/0x21 returned 0 after 142 usecs
[    8.235511] calling  psmouse_init+0x0/0x7f @ 1
[    8.243426] initcall psmouse_init+0x0/0x7f returned 0 after 393 usecs
[    8.253602] calling  cmos_init+0x0/0x73 @ 1
[    8.261477] rtc_cmos 00:04: RTC can wake from S4
[    8.279431] input: AT Translated Set 2 keyboard as /devices/platform/i8042/serio0/input/input1
[    8.323663] ata4: SATA link down (SStatus 0 SControl 300)
[    8.334273] ata5: SATA link down (SStatus 0 SControl 300)
[    8.344761] ata1: SATA link down (SStatus 0 SControl 300)
[    8.355825] ata3: SATA link up 1.5 Gbps (SStatus 113 SControl 300)
[    8.367366] ata3.00: ATAPI: QEMU DVD-ROM, 2.5+, max UDMA/100
[    8.376301] ata3.00: applying bridge limits
[    8.385784] ata3.00: configured for UDMA/100
[    8.397239] ata2: SATA link down (SStatus 0 SControl 300)
[    8.410406] scsi 2:0:0:0: CD-ROM            QEMU     QEMU DVD-ROM     2.5+ PQ: 0 ANSI: 5
[    8.428152] rtc_cmos 00:04: registered as rtc0
[    8.440653] rtc_cmos 00:04: alarms up to one day, y3k, 242 bytes nvram, hpet irqs
[    8.452781] initcall cmos_init+0x0/0x73 returned 0 after 188201 usecs
[    8.464446] calling  smbalert_driver_init+0x0/0xe @ 1
[    8.473255] initcall smbalert_driver_init+0x0/0xe returned 0 after 88 usecs
[    8.484729] calling  i2c_i801_init+0x0/0xc5 @ 1
[    8.495404] i801_smbus 0000:00:1f.3: SMBus using PCI interrupt
[    8.506362] i2c i2c-0: 1/1 memory slots populated (from DMI)
[    8.516264] i2c i2c-0: Memory type 0x07 not supported yet, not instantiating SPD
[    8.529048] initcall i2c_i801_init+0x0/0xc5 returned 0 after 35762 usecs
[    8.540023] calling  ptp_kvm_init+0x0/0xf0 @ 1
[    8.548532] ata6: SATA link down (SStatus 0 SControl 300)
[    8.568655] sr 2:0:0:0: [sr0] scsi3-mmc drive: 4x/4x cd/rw xa/form2 tray
[    8.579257] cdrom: Uniform CD-ROM driver Revision: 3.20
[    8.591138] initcall ptp_kvm_init+0x0/0xf0 returned 0 after 43023 usecs
[    8.601962] calling  dm_init+0x0/0x3c @ 1
[    8.613160] sr 2:0:0:0: Attached scsi CD-ROM sr0
[    8.623268] sr 2:0:0:0: Attached scsi generic sg0 type 5
[    8.635430] device-mapper: ioctl: 4.43.0-ioctl (2020-10-01) initialised: dm-devel@redhat.com
[    8.649756] initcall dm_init+0x0/0x3c returned 0 after 39724 usecs
[    8.660203] calling  dm_mirror_init+0x0/0x29 @ 1
[    8.668833] initcall dm_mirror_init+0x0/0x29 returned 0 after 63 usecs
[    8.680389] calling  dm_dirty_log_init+0x0/0x4f @ 1
[    8.689218] initcall dm_dirty_log_init+0x0/0x4f returned 0 after 119 usecs
[    8.699896] calling  dm_zero_init+0x0/0x29 @ 1
[    8.707182] initcall dm_zero_init+0x0/0x29 returned 0 after 2 usecs
[    8.717800] calling  intel_pstate_init+0x0/0x4a2 @ 1
[    8.726457] intel_pstate: CPU model not supported
[    8.733948] initcall intel_pstate_init+0x0/0x4a2 returned -19 after 7345 usecs
[    8.745126] calling  haltpoll_init+0x0/0xc0 @ 1
[    8.752394] initcall haltpoll_init+0x0/0xc0 returned -19 after 130 usecs
[    8.762911] calling  efivars_sysfs_init+0x0/0x30 @ 1
[    8.772079] initcall efivars_sysfs_init+0x0/0x30 returned 0 after 247 usecs
[    8.783783] calling  esrt_sysfs_init+0x0/0x2a2 @ 1
[    8.801975] initcall esrt_sysfs_init+0x0/0x2a2 returned -38 after 745 usecs
[    8.817072] calling  hid_init+0x0/0x5c @ 1
[    8.831380] hid: raw HID events driver (C) Jiri Kosina
[    8.847524] initcall hid_init+0x0/0x5c returned 0 after 22878 usecs
[    8.857879] calling  hid_generic_init+0x0/0x15 @ 1
[    8.875431] initcall hid_generic_init+0x0/0x15 returned 0 after 9837 usecs
[    8.885562] calling  a4_driver_init+0x0/0x15 @ 1
[    8.893275] initcall a4_driver_init+0x0/0x15 returned 0 after 26 usecs
[    8.904353] calling  apple_driver_init+0x0/0x15 @ 1
[    8.913421] initcall apple_driver_init+0x0/0x15 returned 0 after 578 usecs
[    8.925126] calling  belkin_driver_init+0x0/0x15 @ 1
[    8.933878] initcall belkin_driver_init+0x0/0x15 returned 0 after 24 usecs
[    8.944689] calling  ch_driver_init+0x0/0x15 @ 1
[    8.951765] initcall ch_driver_init+0x0/0x15 returned 0 after 21 usecs
[    8.961297] calling  ch_driver_init+0x0/0x15 @ 1
[    8.968200] initcall ch_driver_init+0x0/0x15 returned 0 after 115 usecs
[    8.977956] calling  cp_driver_init+0x0/0x15 @ 1
[    8.984803] initcall cp_driver_init+0x0/0x15 returned 0 after 20 usecs
[    8.994628] calling  ez_driver_init+0x0/0x15 @ 1
[    9.001921] initcall ez_driver_init+0x0/0x15 returned 0 after 16 usecs
[    9.012659] calling  gyration_driver_init+0x0/0x15 @ 1
[    9.021299] initcall gyration_driver_init+0x0/0x15 returned 0 after 105 usecs
[    9.032266] calling  ite_driver_init+0x0/0x15 @ 1
[    9.039131] initcall ite_driver_init+0x0/0x15 returned 0 after 21 usecs
[    9.049151] calling  ks_driver_init+0x0/0x15 @ 1
[    9.056505] initcall ks_driver_init+0x0/0x15 returned 0 after 26 usecs
[    9.066699] calling  lg_driver_init+0x0/0x15 @ 1
[    9.074998] initcall lg_driver_init+0x0/0x15 returned 0 after 58 usecs
[    9.086224] calling  lg_g15_driver_init+0x0/0x15 @ 1
[    9.094749] initcall lg_g15_driver_init+0x0/0x15 returned 0 after 95 usecs
[    9.106166] calling  ms_driver_init+0x0/0x15 @ 1
[    9.113748] initcall ms_driver_init+0x0/0x15 returned 0 after 22 usecs
[    9.124525] calling  mr_driver_init+0x0/0x15 @ 1
[    9.132086] initcall mr_driver_init+0x0/0x15 returned 0 after 21 usecs
[    9.142407] calling  ntrig_driver_init+0x0/0x15 @ 1
[    9.150256] initcall ntrig_driver_init+0x0/0x15 returned 0 after 29 usecs
[    9.161244] calling  pl_driver_init+0x0/0x15 @ 1
[    9.169206] initcall pl_driver_init+0x0/0x15 returned 0 after 93 usecs
[    9.180074] calling  pl_driver_init+0x0/0x15 @ 1
[    9.188038] initcall pl_driver_init+0x0/0x15 returned 0 after 53 usecs
[    9.197781] calling  redragon_driver_init+0x0/0x15 @ 1
[    9.205719] initcall redragon_driver_init+0x0/0x15 returned 0 after 239 usecs
[    9.217004] calling  samsung_driver_init+0x0/0x15 @ 1
[    9.227029] initcall samsung_driver_init+0x0/0x15 returned 0 after 29 usecs
[    9.238005] calling  sony_init+0x0/0x38 @ 1
[    9.244669] initcall sony_init+0x0/0x38 returned 0 after 28 usecs
[    9.254446] calling  sp_driver_init+0x0/0x15 @ 1
[    9.262349] initcall sp_driver_init+0x0/0x15 returned 0 after 384 usecs
[    9.272286] calling  ts_driver_init+0x0/0x15 @ 1
[    9.279433] initcall ts_driver_init+0x0/0x15 returned 0 after 24 usecs
[    9.290026] calling  hid_init+0x0/0x58 @ 1
[    9.298991] usbcore: registered new interface driver usbhid
[    9.308556] usbhid: USB HID core driver
[    9.314309] initcall hid_init+0x0/0x58 returned 0 after 17458 usecs
[    9.324828] calling  eeepc_laptop_init+0x0/0x57 @ 1
[    9.341134] initcall eeepc_laptop_init+0x0/0x57 returned -19 after 7053 usecs
[    9.352320] calling  pmc_atom_init+0x0/0x27a @ 1
[    9.360593] initcall pmc_atom_init+0x0/0x27a returned -19 after 727 usecs
[    9.370948] calling  alsa_hwdep_init+0x0/0x5e @ 1
[    9.379538] initcall alsa_hwdep_init+0x0/0x5e returned 0 after 886 usecs
[    9.391154] calling  alsa_timer_init+0x0/0x1f0 @ 1
[    9.645933] input: ImExPS/2 Generic Explorer Mouse as /devices/platform/i8042/serio1/input/input3
[   10.294996] initcall alsa_timer_init+0x0/0x1f0 returned 0 after 874996 usecs
[   10.305440] calling  snd_hrtimer_init+0x0/0x117 @ 1
[   10.313007] initcall snd_hrtimer_init+0x0/0x117 returned 0 after 5 usecs
[   10.323144] calling  alsa_pcm_init+0x0/0x64 @ 1
[   10.330290] initcall alsa_pcm_init+0x0/0x64 returned 0 after 46 usecs
[   10.339658] calling  alsa_seq_init+0x0/0x4a @ 1
[   10.403581] initcall alsa_seq_init+0x0/0x4a returned 0 after 55970 usecs
[   10.413170] calling  alsa_seq_dummy_init+0x0/0x9c @ 1
[   10.420652] initcall alsa_seq_dummy_init+0x0/0x9c returned 0 after 248 usecs
[   10.431112] calling  azx_driver_init+0x0/0x15 @ 1
[   10.439179] initcall azx_driver_init+0x0/0x15 returned 0 after 958 usecs
[   10.448672] calling  sock_diag_init+0x0/0x2a @ 1
[   10.456379] initcall sock_diag_init+0x0/0x2a returned 0 after 716 usecs
[   10.466683] calling  blackhole_init+0x0/0xc @ 1
[   10.473000] initcall blackhole_init+0x0/0xc returned 0 after 80 usecs
[   10.481480] calling  nfnetlink_init+0x0/0x57 @ 1
[   10.488139] initcall nfnetlink_init+0x0/0x57 returned 0 after 80 usecs
[   10.496135] calling  nfnetlink_log_init+0x0/0x99 @ 1
[   10.503788] initcall nfnetlink_log_init+0x0/0x99 returned 0 after 1088 usecs
[   10.512880] calling  nf_conntrack_standalone_init+0x0/0x87 @ 1
[   10.524539] initcall nf_conntrack_standalone_init+0x0/0x87 returned 0 after 3423 usecs
[   10.536142] calling  ctnetlink_init+0x0/0x83 @ 1
[   10.542988] initcall ctnetlink_init+0x0/0x83 returned 0 after 1 usecs
[   10.552622] calling  nf_conntrack_ftp_init+0x0/0x12c @ 1
[   10.560209] initcall nf_conntrack_ftp_init+0x0/0x12c returned 0 after 18 usecs
[   10.571267] calling  nf_conntrack_irc_init+0x0/0x129 @ 1
[   10.580141] initcall nf_conntrack_irc_init+0x0/0x129 returned 0 after 487 usecs
[   10.591849] calling  nf_conntrack_sip_init+0x0/0x172 @ 1
[   10.600571] initcall nf_conntrack_sip_init+0x0/0x172 returned 0 after 7 usecs
[   10.612270] calling  nf_nat_init+0x0/0xbb @ 1
[   10.619765] initcall nf_nat_init+0x0/0xbb returned 0 after 291 usecs
[   10.629958] calling  nf_nat_ftp_init+0x0/0x2a @ 1
[   10.637367] initcall nf_nat_ftp_init+0x0/0x2a returned 0 after 1 usecs
[   10.647491] calling  nf_nat_irc_init+0x0/0x2a @ 1
[   10.655239] initcall nf_nat_irc_init+0x0/0x2a returned 0 after 1 usecs
[   10.665610] calling  nf_nat_sip_init+0x0/0x36 @ 1
[   10.673121] initcall nf_nat_sip_init+0x0/0x36 returned 0 after 1 usecs
[   10.683374] calling  xt_init+0x0/0xcf @ 1
[   10.689794] initcall xt_init+0x0/0xcf returned 0 after 35 usecs
[   10.699144] calling  tcpudp_mt_init+0x0/0x11 @ 1
[   10.706664] initcall tcpudp_mt_init+0x0/0x11 returned 0 after 19 usecs
[   10.715824] calling  connsecmark_tg_init+0x0/0xc @ 1
[   10.723145] initcall connsecmark_tg_init+0x0/0xc returned 0 after 1 usecs
[   10.732216] calling  nflog_tg_init+0x0/0xc @ 1
[   10.738712] initcall nflog_tg_init+0x0/0xc returned 0 after 0 usecs
[   10.747575] calling  secmark_tg_init+0x0/0x11 @ 1
[   10.754202] initcall secmark_tg_init+0x0/0x11 returned 0 after 0 usecs
[   10.762492] calling  tcpmss_tg_init+0x0/0x11 @ 1
[   10.768634] initcall tcpmss_tg_init+0x0/0x11 returned 0 after 15 usecs
[   10.777825] calling  conntrack_mt_init+0x0/0x11 @ 1
[   10.785121] initcall conntrack_mt_init+0x0/0x11 returned 0 after 1 usecs
[   10.794099] calling  policy_mt_init+0x0/0x11 @ 1
[   10.800599] initcall policy_mt_init+0x0/0x11 returned 0 after 0 usecs
[   10.816152] calling  state_mt_init+0x0/0xc @ 1
[   10.823266] initcall state_mt_init+0x0/0xc returned 0 after 262 usecs
[   10.831960] calling  gre_offload_init+0x0/0x48 @ 1
[   10.838998] initcall gre_offload_init+0x0/0x48 returned 0 after 118 usecs
[   10.848115] calling  sysctl_ipv4_init+0x0/0x46 @ 1
[   10.856277] initcall sysctl_ipv4_init+0x0/0x46 returned 0 after 1307 usecs
[   10.865396] calling  tunnel4_init+0x0/0x58 @ 1
[   10.871744] initcall tunnel4_init+0x0/0x58 returned 0 after 64 usecs
[   10.880407] calling  nf_defrag_init+0x0/0xc @ 1
[   10.887000] initcall nf_defrag_init+0x0/0xc returned 0 after 15 usecs
[   10.895899] calling  ip_tables_init+0x0/0x8d @ 1
[   10.903278] initcall ip_tables_init+0x0/0x8d returned 0 after 695 usecs
[   10.912600] calling  iptable_filter_init+0x0/0x4c @ 1
[   10.921891] initcall iptable_filter_init+0x0/0x4c returned 0 after 1825 usecs
[   10.932504] calling  iptable_mangle_init+0x0/0xb8 @ 1
[   10.939746] initcall iptable_mangle_init+0x0/0xb8 returned 0 after 270 usecs
[   10.949969] calling  reject_tg_init+0x0/0xc @ 1
[   10.956338] initcall reject_tg_init+0x0/0xc returned 0 after 1 usecs
[   10.965259] calling  cubictcp_register+0x0/0x53 @ 1
[   10.972174] initcall cubictcp_register+0x0/0x53 returned 0 after 36 usecs
[   10.982004] calling  xfrm_user_init+0x0/0x45 @ 1
[   10.988723] Initializing XFRM netlink socket
[   10.995649] initcall xfrm_user_init+0x0/0x45 returned 0 after 6843 usecs
[   11.005209] calling  inet6_init+0x0/0x35e @ 1
[   11.014155] NET: Registered protocol family 10
[   11.027121] rcu-torture: rcu_torture_read_exit: End of episode
[   11.040343] Segment Routing with IPv6
[   11.045981] initcall inet6_init+0x0/0x35e returned 0 after 33728 usecs
[   11.055134] calling  ah6_init+0x0/0x71 @ 1
[   11.060959] initcall ah6_init+0x0/0x71 returned 0 after 15 usecs
[   11.069373] calling  esp6_init+0x0/0x71 @ 1
[   11.075356] initcall esp6_init+0x0/0x71 returned 0 after 1 usecs
[   11.083884] calling  ip6_tables_init+0x0/0x8d @ 1
[   11.090984] initcall ip6_tables_init+0x0/0x8d returned 0 after 134 usecs
[   11.100332] calling  ip6table_filter_init+0x0/0x4c @ 1
[   11.107886] initcall ip6table_filter_init+0x0/0x4c returned 0 after 159 usecs
[   11.120628] calling  ip6table_mangle_init+0x0/0xb8 @ 1
[   11.128062] initcall ip6table_mangle_init+0x0/0xb8 returned 0 after 165 usecs
[   11.138128] calling  nf_defrag_init+0x0/0x45 @ 1
[   11.144771] initcall nf_defrag_init+0x0/0x45 returned 0 after 71 usecs
[   11.153913] calling  ipv6header_mt6_init+0x0/0xc @ 1
[   11.160934] initcall ipv6header_mt6_init+0x0/0xc returned 0 after 0 usecs
[   11.170295] calling  reject_tg6_init+0x0/0xc @ 1
[   11.177021] initcall reject_tg6_init+0x0/0xc returned 0 after 1 usecs
[   11.186038] calling  sit_init+0x0/0xc3 @ 1
[   11.192082] sit: IPv6, IPv4 and MPLS over IPv4 tunneling driver
[   11.208475] initcall sit_init+0x0/0xc3 returned 0 after 16005 usecs
[   11.216839] calling  packet_init+0x0/0x75 @ 1
[   11.222938] NET: Registered protocol family 17
[   11.229075] initcall packet_init+0x0/0x75 returned 0 after 6079 usecs
[   11.237969] calling  init_rpcsec_gss+0x0/0x60 @ 1
[   11.244822] initcall init_rpcsec_gss+0x0/0x60 returned 0 after 411 usecs
[   11.254035] calling  init_dns_resolver+0x0/0xca @ 1
[   11.261067] Key type dns_resolver registered
[   11.267040] initcall init_dns_resolver+0x0/0xca returned 0 after 6202 usecs
[   11.276811] calling  pm_check_save_msr+0x0/0x80 @ 1
[   11.284116] initcall pm_check_save_msr+0x0/0x80 returned 0 after 672 usecs
[   11.293903] calling  mcheck_init_device+0x0/0x112 @ 1
[   11.301931] initcall mcheck_init_device+0x0/0x112 returned 0 after 933 usecs
[   11.313435] calling  mcheck_late_init+0x0/0x58 @ 1
[   11.320791] initcall mcheck_late_init+0x0/0x58 returned 0 after 428 usecs
[   11.330424] calling  severities_debugfs_init+0x0/0x29 @ 1
[   11.337979] initcall severities_debugfs_init+0x0/0x29 returned 0 after 52 usecs
[   11.348011] calling  microcode_init+0x0/0x1bd @ 1
[   11.354507] initcall microcode_init+0x0/0x1bd returned -22 after 47 usecs
[   11.363820] calling  hpet_insert_resource+0x0/0x22 @ 1
[   11.371077] initcall hpet_insert_resource+0x0/0x22 returned 0 after 96 usecs
[   11.380801] calling  start_sync_check_timer+0x0/0x4f @ 1
