c[?7l[2J[0mSeaBIOS (version 1.16.0-debian-1.16.0-4)
Booting from ROM...
early console in setup code
c[?7l[2J[    0.000000] Linux version 5.10.153+ (root@joelboxx.c.googlers.com) (gcc (Debian 12.2.0-3) 12.2.0, GNU ld (GNU Binutils for Debian) 2.39) #4 SMP PREEMPT Tue Dec 13 07:14:20 UTC 2022
[    0.000000] Command line: selinux=0 initcall_debug debug console=ttyS0 maxcpus=8 nr_cpus=43 rcutree.gp_preinit_delay=3 rcutree.gp_init_delay=3 rcutree.gp_cleanup_delay=3 rcu_nocbs=0 rcutorture.fwd_progress=0 rcutorture.onoff_interval=1000 rcutorture.onoff_holdoff=30 rcutorture.n_barrier_cbs=4 rcutorture.stat_interval=15 rcutorture.shutdown_secs=1800 rcutorture.test_no_idle_hz=1 rcutorture.verbose=1
[    0.000000] x86/fpu: x87 FPU will use FXSAVE
[    0.000000] BIOS-provided physical RAM map:
[    0.000000] BIOS-e820: [mem 0x0000000000000000-0x000000000009fbff] usable
[    0.000000] BIOS-e820: [mem 0x000000000009fc00-0x000000000009ffff] reserved
[    0.000000] BIOS-e820: [mem 0x00000000000f0000-0x00000000000fffff] reserved
[    0.000000] BIOS-e820: [mem 0x0000000000100000-0x000000001ffdefff] usable
[    0.000000] BIOS-e820: [mem 0x000000001ffdf000-0x000000001fffffff] reserved
[    0.000000] BIOS-e820: [mem 0x00000000b0000000-0x00000000bfffffff] reserved
[    0.000000] BIOS-e820: [mem 0x00000000fed1c000-0x00000000fed1ffff] reserved
[    0.000000] BIOS-e820: [mem 0x00000000feffc000-0x00000000feffffff] reserved
[    0.000000] BIOS-e820: [mem 0x00000000fffc0000-0x00000000ffffffff] reserved
[    0.000000] NX (Execute Disable) protection: active
[    0.000000] SMBIOS 2.8 present.
[    0.000000] DMI: QEMU Standard PC (Q35 + ICH9, 2009), BIOS 1.16.0-debian-1.16.0-4 04/01/2014
[    0.000000] Hypervisor detected: KVM
[    0.000000] kvm-clock: Using msrs 4b564d01 and 4b564d00
[    0.000000] kvm-clock: cpu 0, msr 7872001, primary cpu clock
[    0.000001] kvm-clock: using sched offset of 1989569349 cycles
[    0.000417] clocksource: kvm-clock: mask: 0xffffffffffffffff max_cycles: 0x1cd42e4dffb, max_idle_ns: 881590591483 ns
[    0.000637] tsc: Detected 1999.999 MHz processor
[    0.013291] e820: update [mem 0x00000000-0x00000fff] usable ==> reserved
[    0.013298] e820: remove [mem 0x000a0000-0x000fffff] usable
[    0.013305] last_pfn = 0x1ffdf max_arch_pfn = 0x400000000
[    0.014337] MTRR default type: write-back
[    0.014426] MTRR fixed ranges enabled:
[    0.014428]   00000-9FFFF write-back
[    0.014429]   A0000-BFFFF uncachable
[    0.014430]   C0000-FFFFF write-protect
[    0.014431] MTRR variable ranges enabled:
[    0.014433]   0 base 00C0000000 mask FFC0000000 uncachable
[    0.014434]   1 disabled
[    0.014435]   2 disabled
[    0.014435]   3 disabled
[    0.014436]   4 disabled
[    0.014437]   5 disabled
[    0.014438]   6 disabled
[    0.014438]   7 disabled
[    0.015026] x86/PAT: Configuration [0-7]: WB  WC  UC- UC  WB  WC  UC- UC  
[    0.024569] found SMP MP-table at [mem 0x000f5ba0-0x000f5baf]
[    0.028246] check: Scanning 1 areas for low memory corruption
[    0.046676] ACPI: Early table checksum verification disabled
[    0.050375] ACPI: RSDP 0x00000000000F59E0 000014 (v00 BOCHS )
[    0.050963] ACPI: RSDT 0x000000001FFE3206 000038 (v01 BOCHS  BXPC     00000001 BXPC 00000001)
[    0.051563] ACPI: FACP 0x000000001FFE2EAE 0000F4 (v03 BOCHS  BXPC     00000001 BXPC 00000001)
[    0.051761] ACPI: DSDT 0x000000001FFE0040 002E6E (v01 BOCHS  BXPC     00000001 BXPC 00000001)
[    0.051766] ACPI: FACS 0x000000001FFE0000 000040
[    0.051770] ACPI: APIC 0x000000001FFE2FA2 0001C8 (v01 BOCHS  BXPC     00000001 BXPC 00000001)
[    0.051775] ACPI: HPET 0x000000001FFE316A 000038 (v01 BOCHS  BXPC     00000001 BXPC 00000001)
[    0.051779] ACPI: MCFG 0x000000001FFE31A2 00003C (v01 BOCHS  BXPC     00000001 BXPC 00000001)
[    0.051783] ACPI: WAET 0x000000001FFE31DE 000028 (v01 BOCHS  BXPC     00000001 BXPC 00000001)
[    0.051787] ACPI: Reserving FACP table memory at [mem 0x1ffe2eae-0x1ffe2fa1]
[    0.051789] ACPI: Reserving DSDT table memory at [mem 0x1ffe0040-0x1ffe2ead]
[    0.051791] ACPI: Reserving FACS table memory at [mem 0x1ffe0000-0x1ffe003f]
[    0.051792] ACPI: Reserving APIC table memory at [mem 0x1ffe2fa2-0x1ffe3169]
[    0.051793] ACPI: Reserving HPET table memory at [mem 0x1ffe316a-0x1ffe31a1]
[    0.051794] ACPI: Reserving MCFG table memory at [mem 0x1ffe31a2-0x1ffe31dd]
[    0.051795] ACPI: Reserving WAET table memory at [mem 0x1ffe31de-0x1ffe3205]
[    0.053359] ACPI: Local APIC address 0xfee00000
[    0.060359] No NUMA configuration found
[    0.060362] Faking a node at [mem 0x0000000000000000-0x000000001ffdefff]
[    0.060910] NODE_DATA(0) allocated [mem 0x1ffbd000-0x1ffdefff]
[    0.066925] Zone ranges:
[    0.067144]   DMA      [mem 0x0000000000001000-0x0000000000ffffff]
[    0.067258]   DMA32    [mem 0x0000000001000000-0x000000001ffdefff]
[    0.067260]   Normal   empty
[    0.067262] Movable zone start for each node
[    0.067265] Early memory node ranges
[    0.067266]   node   0: [mem 0x0000000000001000-0x000000000009efff]
[    0.067366]   node   0: [mem 0x0000000000100000-0x000000001ffdefff]
[    0.067454] Initmem setup node 0 [mem 0x0000000000001000-0x000000001ffdefff]
[    0.067456] On node 0 totalpages: 130941
[    0.067660]   DMA zone: 64 pages used for memmap
[    0.067662]   DMA zone: 21 pages reserved
[    0.067760]   DMA zone: 3998 pages, LIFO batch:0
[    0.067762]   DMA32 zone: 1984 pages used for memmap
[    0.067763]   DMA32 zone: 126943 pages, LIFO batch:31
[    0.069153] On node 0, zone DMA: 1 pages in unavailable ranges
[    0.074543] On node 0, zone DMA: 97 pages in unavailable ranges
[    0.307784] On node 0, zone DMA32: 33 pages in unavailable ranges
[    0.315809] ACPI: PM-Timer IO Port: 0x608
[    0.316040] ACPI: Local APIC address 0xfee00000
[    0.317559] ACPI: LAPIC_NMI (acpi_id[0xff] dfl dfl lint[0x1])
[    0.319961] IOAPIC[0]: apic_id 0, version 17, address 0xfec00000, GSI 0-23
[    0.319968] ACPI: INT_SRC_OVR (bus 0 bus_irq 0 global_irq 2 dfl dfl)
[    0.320197] ACPI: INT_SRC_OVR (bus 0 bus_irq 5 global_irq 5 high level)
[    0.320199] ACPI: INT_SRC_OVR (bus 0 bus_irq 9 global_irq 9 high level)
[    0.320448] ACPI: INT_SRC_OVR (bus 0 bus_irq 10 global_irq 10 high level)
[    0.320450] ACPI: INT_SRC_OVR (bus 0 bus_irq 11 global_irq 11 high level)
[    0.320453] ACPI: IRQ0 used by override.
[    0.320454] ACPI: IRQ5 used by override.
[    0.320455] ACPI: IRQ9 used by override.
[    0.320456] ACPI: IRQ10 used by override.
[    0.320458] ACPI: IRQ11 used by override.
[    0.320763] Using ACPI (MADT) for SMP configuration information
[    0.320912] ACPI: HPET id: 0x8086a201 base: 0xfed00000
[    0.322611] smpboot: Allowing 43 CPUs, 0 hotplug CPUs
[    0.325754] PM: hibernation: Registered nosave memory: [mem 0x00000000-0x00000fff]
[    0.325757] PM: hibernation: Registered nosave memory: [mem 0x0009f000-0x0009ffff]
[    0.325759] PM: hibernation: Registered nosave memory: [mem 0x000a0000-0x000effff]
[    0.325760] PM: hibernation: Registered nosave memory: [mem 0x000f0000-0x000fffff]
[    0.325903] [mem 0x20000000-0xafffffff] available for PCI devices
[    0.326118] Booting paravirtualized kernel on KVM
[    0.327039] clocksource: refined-jiffies: mask: 0xffffffff max_cycles: 0xffffffff, max_idle_ns: 1910969940391419 ns
[    0.378934] setup_percpu: NR_CPUS:8192 nr_cpumask_bits:43 nr_cpu_ids:43 nr_node_ids:1
[    0.672920] percpu: Embedded 56 pages/cpu s191448 r8192 d29736 u262144
[    0.673000] pcpu-alloc: s191448 r8192 d29736 u262144 alloc=1*2097152
[    0.673103] pcpu-alloc: [0] 00 01 02 03 04 05 06 07 [0] 08 09 10 11 12 13 14 15 
[    0.673113] pcpu-alloc: [0] 16 17 18 19 20 21 22 23 [0] 24 25 26 27 28 29 30 31 
[    0.673187] pcpu-alloc: [0] 32 33 34 35 36 37 38 39 [0] 40 41 42 -- -- -- -- -- 
[    0.673998] kvm-guest: stealtime: cpu 0, msr 1ea1b600
[    0.675186] Built 1 zonelists, mobility grouping on.  Total pages: 128872
[    0.675188] Policy zone: DMA32
[    0.675291] Kernel command line: selinux=0 initcall_debug debug console=ttyS0 maxcpus=8 nr_cpus=43 rcutree.gp_preinit_delay=3 rcutree.gp_init_delay=3 rcutree.gp_cleanup_delay=3 rcu_nocbs=0 rcutorture.fwd_progress=0 rcutorture.onoff_interval=1000 rcutorture.onoff_holdoff=30 rcutorture.n_barrier_cbs=4 rcutorture.stat_interval=15 rcutorture.shutdown_secs=1800 rcutorture.test_no_idle_hz=1 rcutorture.verbose=1
[    0.686342] printk: log_buf_len individual max cpu contribution: 4096 bytes
[    0.686345] printk: log_buf_len total cpu_extra contributions: 172032 bytes
[    0.686346] printk: log_buf_len min size: 262144 bytes
[    0.732150] printk: log_buf_len: 524288 bytes
[    0.732156] printk: early log buf free: 254256(96%)
[    0.742082] Dentry cache hash table entries: 65536 (order: 7, 524288 bytes, linear)
[    0.756995] Inode-cache hash table entries: 32768 (order: 6, 262144 bytes, linear)
[    0.762791] mem auto-init: stack:all(zero), heap alloc:off, heap free:off
[    0.786167] Memory: 465404K/523764K available (16397K kernel code, 3411K rwdata, 4832K rodata, 2188K init, 1896K bss, 58100K reserved, 0K cma-reserved)
[    0.787720] SLUB: HWalign=64, Order=0-3, MinObjects=0, CPUs=43, Nodes=1
[    0.788566] Kernel/User page tables isolation: enabled
[    0.802446] rcu: Preemptible hierarchical RCU implementation.
[    0.802491] rcu: 	RCU event tracing is enabled.
[    0.802493] rcu: 	RCU dyntick-idle grace-period acceleration is enabled.
[    0.802533] rcu: 	RCU restricting CPUs from NR_CPUS=8192 to nr_cpu_ids=43.
[    0.802591] rcu: 	RCU debug GP pre-init slowdown 3 jiffies.
[    0.802592] rcu: 	RCU debug GP init slowdown 3 jiffies.
[    0.802593] rcu: 	RCU debug GP init slowdown 3 jiffies.
[    0.802726] 	Trampoline variant of Tasks RCU enabled.
[    0.802727] 	Rude variant of Tasks RCU enabled.
[    0.802728] 	Tracing variant of Tasks RCU enabled.
[    0.802957] rcu: RCU calculated value of scheduler-enlistment delay is 100 jiffies.
[    0.802959] rcu: Adjusting geometry for rcu_fanout_leaf=16, nr_cpu_ids=43
[    0.830812] NR_IRQS: 524544, nr_irqs: 768, preallocated irqs: 16
[    0.832327] rcu: 	Offload RCU callbacks from CPUs: 0.
[    0.835007] calling  con_init+0x0/0x22a @ 0
[    1.030685] Console: colour VGA+ 80x25
[    1.030703] initcall con_init+0x0/0x22a returned 0 after 0 usecs
[    1.030707] calling  hvc_console_init+0x0/0x13 @ 0
[    1.030773] initcall hvc_console_init+0x0/0x13 returned 0 after 0 usecs
[    1.030776] calling  univ8250_console_init+0x0/0x26 @ 0
[    2.052758] printk: console [ttyS0] enabled
[    2.058208] initcall univ8250_console_init+0x0/0x26 returned 0 after 0 usecs
[    2.069847] ACPI: Core revision 20200925
[    2.077104] clocksource: hpet: mask: 0xffffffff max_cycles: 0xffffffff, max_idle_ns: 19112604467 ns
[    2.090401] APIC: Switch to symmetric I/O mode setup
[    2.096501] Switched APIC routing to physical flat.
[    2.117765] ..TIMER: vector=0x30 apic1=0 pin1=2 apic2=-1 pin2=-1
[    2.126491] clocksource: tsc-early: mask: 0xffffffffffffffff max_cycles: 0x39a85afc727, max_idle_ns: 881590685098 ns
[    2.139559] Calibrating delay loop (skipped) preset value.. 3999.99 BogoMIPS (lpj=1999999)
[    2.140255] pid_max: default: 44032 minimum: 344
[    2.142647] LSM: Security Framework initializing
[    2.143682] Mount-cache hash table entries: 1024 (order: 1, 8192 bytes, linear)
[    2.144210] Mountpoint-cache hash table entries: 1024 (order: 1, 8192 bytes, linear)
[    2.154670] Last level iTLB entries: 4KB 0, 2MB 0, 4MB 0
[    2.156176] Last level dTLB entries: 4KB 0, 2MB 0, 4MB 0, 1GB 0
[    2.157302] Spectre V1 : Mitigation: usercopy/swapgs barriers and __user pointer sanitization
[    2.158189] Spectre V2 : Mitigation: Retpolines
[    2.159175] Spectre V2 : Spectre v2 / SpectreRSB mitigation: Filling RSB on context switch
[    2.160175] Spectre V2 : Spectre v2 / SpectreRSB : Filling RSB on VMEXIT
[    2.161176] Speculative Store Bypass: Vulnerable
[    2.162236] MDS: Vulnerable: Clear CPU buffers attempted, no microcode
[    2.163175] MMIO Stale Data: Unknown: No mitigations
[    2.212008] Freeing SMP alternatives memory: 40K
[    2.318172] smpboot: CPU0: Intel Common KVM processor (family: 0xf, model: 0x6, stepping: 0x1)
[    2.320869] calling  init_hw_perf_events+0x0/0x6ce @ 1
[    2.321177] Performance Events: unsupported Netburst CPU model 6 no PMU driver, software events only.
[    2.323183] initcall init_hw_perf_events+0x0/0x6ce returned 0 after 1953 usecs
[    2.324199] calling  init_real_mode+0x0/0x1e9 @ 1
[    2.326558] initcall init_real_mode+0x0/0x1e9 returned 0 after 0 usecs
[    2.327184] calling  trace_init_perf_perm_irq_work_exit+0x0/0x12 @ 1
[    2.328190] initcall trace_init_perf_perm_irq_work_exit+0x0/0x12 returned 0 after 0 usecs
[    2.329195] calling  validate_x2apic+0x0/0x4a @ 1
[    2.330217] initcall validate_x2apic+0x0/0x4a returned 0 after 0 usecs
[    2.331178] calling  register_nmi_cpu_backtrace_handler+0x0/0x15 @ 1
[    2.332182] initcall register_nmi_cpu_backtrace_handler+0x0/0x15 returned 0 after 0 usecs
[    2.333182] calling  kvm_setup_vsyscall_timeinfo+0x0/0xd0 @ 1
[    2.334184] initcall kvm_setup_vsyscall_timeinfo+0x0/0xd0 returned 0 after 0 usecs
[    2.335205] calling  spawn_ksoftirqd+0x0/0x38 @ 1
[    2.336315] initcall spawn_ksoftirqd+0x0/0x38 returned 0 after 0 usecs
[    2.337183] calling  migration_init+0x0/0x31 @ 1
[    2.338183] initcall migration_init+0x0/0x31 returned 0 after 0 usecs
[    2.339182] calling  srcu_bootup_announce+0x0/0x2f @ 1
[    2.340182] rcu: Hierarchical SRCU implementation.
[    2.341203] initcall srcu_bootup_announce+0x0/0x2f returned 0 after 976 usecs
[    2.342181] calling  rcu_spawn_gp_kthread+0x0/0x1dd @ 1
[    2.344331] initcall rcu_spawn_gp_kthread+0x0/0x1dd returned 0 after 976 usecs
[    2.345181] calling  check_cpu_stall_init+0x0/0x1a @ 1
[    2.346219] initcall check_cpu_stall_init+0x0/0x1a returned 0 after 0 usecs
[    2.347184] calling  rcu_sysrq_init+0x0/0x21 @ 1
[    2.348186] initcall rcu_sysrq_init+0x0/0x21 returned 0 after 0 usecs
[    2.349182] calling  trace_init_flags_sys_enter+0x0/0xe @ 1
[    2.350194] initcall trace_init_flags_sys_enter+0x0/0xe returned 0 after 0 usecs
[    2.351181] calling  trace_init_flags_sys_exit+0x0/0xe @ 1
[    2.352181] initcall trace_init_flags_sys_exit+0x0/0xe returned 0 after 0 usecs
[    2.353181] calling  cpu_stop_init+0x0/0x6e @ 1
[    2.355476] initcall cpu_stop_init+0x0/0x6e returned 0 after 976 usecs
[    2.356181] calling  init_kprobes+0x0/0x165 @ 1
[    2.358238] initcall init_kprobes+0x0/0x165 returned 0 after 976 usecs
[    2.359179] calling  init_events+0x0/0x3d @ 1
[    2.361516] initcall init_events+0x0/0x3d returned 0 after 976 usecs
[    2.362178] calling  init_trace_printk+0x0/0xc @ 1
[    2.363177] initcall init_trace_printk+0x0/0xc returned 0 after 0 usecs
[    2.364177] calling  event_trace_enable_again+0x0/0x23 @ 1
[    2.365178] initcall event_trace_enable_again+0x0/0x23 returned 0 after 0 usecs
[    2.366190] calling  static_call_init+0x0/0x77 @ 1
[    2.367193] initcall static_call_init+0x0/0x77 returned 0 after 0 usecs
[    2.368182] calling  jump_label_init_module+0x0/0xc @ 1
[    2.369196] initcall jump_label_init_module+0x0/0xc returned 0 after 0 usecs
[    2.370183] calling  init_zero_pfn+0x0/0x37 @ 1
[    2.371181] initcall init_zero_pfn+0x0/0x37 returned 0 after 0 usecs
[    2.372180] calling  initialize_ptr_random+0x0/0x54 @ 1
[    2.373180] initcall initialize_ptr_random+0x0/0x54 returned 0 after 0 usecs
[    2.374200] calling  efi_memreserve_root_init+0x0/0x25 @ 1
[    2.375241] initcall efi_memreserve_root_init+0x0/0x25 returned 0 after 0 usecs
[    2.376180] calling  efi_earlycon_remap_fb+0x0/0x51 @ 1
[    2.377180] initcall efi_earlycon_remap_fb+0x0/0x51 returned 0 after 0 usecs
[    2.381196] smp: Bringing up secondary CPUs ...
[    2.383192] x86: Booting SMP configuration:
[    2.384211] .... node  #0, CPUs:        #1
[    1.301624] kvm-clock: cpu 1, msr 7872041, secondary cpu clock
[    2.409173] kvm-guest: stealtime: cpu 1, msr 1ea5b600
[    2.422583]   #2
[    1.301624] kvm-clock: cpu 2, msr 7872081, secondary cpu clock
[    2.445309] kvm-guest: stealtime: cpu 2, msr 1ea9b600
[    2.460630]   #3
[    1.301624] kvm-clock: cpu 3, msr 78720c1, secondary cpu clock
[    2.485399] kvm-guest: stealtime: cpu 3, msr 1eadb600
[    2.499691]   #4
[    1.301624] kvm-clock: cpu 4, msr 7872101, secondary cpu clock
[    2.524483] kvm-guest: stealtime: cpu 4, msr 1eb1b600
[    2.542473]   #5
[    1.301624] kvm-clock: cpu 5, msr 7872141, secondary cpu clock
[    2.566347] kvm-guest: stealtime: cpu 5, msr 1eb5b600
[    2.581658]   #6
[    1.301624] kvm-clock: cpu 6, msr 7872181, secondary cpu clock
[    2.602317] kvm-guest: stealtime: cpu 6, msr 1eb9b600
[    2.616661]   #7
[    1.301624] kvm-clock: cpu 7, msr 78721c1, secondary cpu clock
[    2.640361] kvm-guest: stealtime: cpu 7, msr 1ebdb600
[    2.654189] smp: Brought up 1 node, 8 CPUs
[    2.655193] smpboot: Max logical packages: 6
[    2.656183] smpboot: Total of 8 processors activated (31999.98 BogoMIPS)
[    2.675175] devtmpfs: initialized
[    2.678808] calling  ipc_ns_init+0x0/0x3d @ 1
[    2.679261] initcall ipc_ns_init+0x0/0x3d returned 0 after 0 usecs
[    2.680180] calling  init_mmap_min_addr+0x0/0x21 @ 1
[    2.681179] initcall init_mmap_min_addr+0x0/0x21 returned 0 after 0 usecs
[    2.682179] calling  pci_realloc_setup_params+0x0/0x3f @ 1
[    2.683179] initcall pci_realloc_setup_params+0x0/0x3f returned 0 after 0 usecs
[    2.684179] calling  net_ns_init+0x0/0x140 @ 1
[    2.686482] initcall net_ns_init+0x0/0x140 returned 0 after 976 usecs
[    2.687224] calling  e820__register_nvs_regions+0x0/0x37 @ 1
[    2.688181] initcall e820__register_nvs_regions+0x0/0x37 returned 0 after 0 usecs
[    2.689179] calling  cpufreq_register_tsc_scaling+0x0/0x2e @ 1
[    2.690181] initcall cpufreq_register_tsc_scaling+0x0/0x2e returned 0 after 0 usecs
[    2.691180] calling  reboot_init+0x0/0x3c @ 1
[    2.692247] initcall reboot_init+0x0/0x3c returned 0 after 0 usecs
[    2.693179] calling  init_lapic_sysfs+0x0/0x20 @ 1
[    2.694180] initcall init_lapic_sysfs+0x0/0x20 returned 0 after 0 usecs
[    2.695180] calling  alloc_frozen_cpus+0x0/0x1d @ 1
[    2.696182] initcall alloc_frozen_cpus+0x0/0x1d returned 0 after 0 usecs
[    2.697180] calling  cpu_hotplug_pm_sync_init+0x0/0x13 @ 1
[    2.698180] initcall cpu_hotplug_pm_sync_init+0x0/0x13 returned 0 after 0 usecs
[    2.699183] calling  wq_sysfs_init+0x0/0x2a @ 1
[    2.700249] initcall wq_sysfs_init+0x0/0x2a returned 0 after 0 usecs
[    2.701188] calling  ksysfs_init+0x0/0x92 @ 1
[    2.702242] initcall ksysfs_init+0x0/0x92 returned 0 after 0 usecs
[    2.703184] calling  schedutil_gov_init+0x0/0xc @ 1
[    2.704255] initcall schedutil_gov_init+0x0/0xc returned 0 after 0 usecs
[    2.705184] calling  pm_init+0x0/0x76 @ 1
[    2.707237] initcall pm_init+0x0/0x76 returned 0 after 976 usecs
[    2.708183] calling  pm_disk_init+0x0/0x13 @ 1
[    2.709265] initcall pm_disk_init+0x0/0x13 returned 0 after 0 usecs
[    2.710181] calling  swsusp_header_init+0x0/0x2b @ 1
[    2.711181] initcall swsusp_header_init+0x0/0x2b returned 0 after 0 usecs
[    2.713179] calling  rcu_set_runtime_mode+0x0/0x16 @ 1
[    2.716206] initcall rcu_set_runtime_mode+0x0/0x16 returned 0 after 1953 usecs
[    2.717180] calling  init_jiffies_clocksource+0x0/0x13 @ 1
[    2.718180] clocksource: jiffies: mask: 0xffffffff max_cycles: 0xffffffff, max_idle_ns: 1911260446275000 ns
[    2.719182] initcall init_jiffies_clocksource+0x0/0x13 returned 0 after 976 usecs
[    2.720180] calling  futex_init+0x0/0xfd @ 1
[    2.721210] futex hash table entries: 16384 (order: 8, 1048576 bytes, linear)
[    2.726384] initcall futex_init+0x0/0xfd returned 0 after 4882 usecs
[    2.727182] calling  cgroup_wq_init+0x0/0x28 @ 1
[    2.728227] initcall cgroup_wq_init+0x0/0x28 returned 0 after 0 usecs
[    2.729182] calling  cgroup1_wq_init+0x0/0x28 @ 1
[    2.730207] initcall cgroup1_wq_init+0x0/0x28 returned 0 after 0 usecs
[    2.731179] calling  init_kprobe_trace_early+0x0/0x2a @ 1
[    2.732210] initcall init_kprobe_trace_early+0x0/0x2a returned 0 after 0 usecs
[    2.733180] calling  fsnotify_init+0x0/0x48 @ 1
[    2.734252] initcall fsnotify_init+0x0/0x48 returned 0 after 0 usecs
[    2.735180] calling  filelock_init+0x0/0x96 @ 1
[    2.736252] initcall filelock_init+0x0/0x96 returned 0 after 0 usecs
[    2.737181] calling  init_misc_binfmt+0x0/0x2c @ 1
[    2.738243] initcall init_misc_binfmt+0x0/0x2c returned 0 after 0 usecs
[    2.739178] calling  init_script_binfmt+0x0/0x15 @ 1
[    2.740180] initcall init_script_binfmt+0x0/0x15 returned 0 after 0 usecs
[    2.741179] calling  init_elf_binfmt+0x0/0x15 @ 1
[    2.742179] initcall init_elf_binfmt+0x0/0x15 returned 0 after 0 usecs
[    2.743179] calling  init_compat_elf_binfmt+0x0/0x15 @ 1
[    2.744179] initcall init_compat_elf_binfmt+0x0/0x15 returned 0 after 0 usecs
[    2.745179] calling  debugfs_init+0x0/0x5c @ 1
[    2.746200] initcall debugfs_init+0x0/0x5c returned 0 after 0 usecs
[    2.747179] calling  tracefs_init+0x0/0x3a @ 1
[    2.748184] initcall tracefs_init+0x0/0x3a returned 0 after 0 usecs
[    2.749178] calling  prandom_init_early+0x0/0x15d @ 1
[    2.750181] initcall prandom_init_early+0x0/0x15d returned 0 after 0 usecs
[    2.751255] calling  virtio_init+0x0/0x20 @ 1
[    2.752291] initcall virtio_init+0x0/0x20 returned 0 after 0 usecs
[    2.753179] calling  iommu_init+0x0/0x2a @ 1
[    2.754236] initcall iommu_init+0x0/0x2a returned 0 after 0 usecs
[    2.755179] calling  component_debug_init+0x0/0x1c @ 1
[    2.756264] initcall component_debug_init+0x0/0x1c returned 0 after 0 usecs
[    2.757178] calling  early_resume_init+0x0/0xb9 @ 1
[    2.759176] PM: RTC time: 07:34:33, date: 2022-12-13
[    2.760207] initcall early_resume_init+0x0/0xb9 returned 0 after 1953 usecs
[    2.761201] calling  cpufreq_core_init+0x0/0x62 @ 1
[    2.762196] initcall cpufreq_core_init+0x0/0x62 returned 0 after 0 usecs
[    2.763180] calling  cpufreq_gov_performance_init+0x0/0xc @ 1
[    2.764179] initcall cpufreq_gov_performance_init+0x0/0xc returned 0 after 0 usecs
[    2.765180] calling  cpufreq_gov_userspace_init+0x0/0xc @ 1
[    2.766178] initcall cpufreq_gov_userspace_init+0x0/0xc returned 0 after 0 usecs
[    2.767178] calling  CPU_FREQ_GOV_ONDEMAND_init+0x0/0xc @ 1
[    2.768183] initcall CPU_FREQ_GOV_ONDEMAND_init+0x0/0xc returned 0 after 0 usecs
[    2.769182] calling  cpuidle_init+0x0/0x1f @ 1
[    2.770228] initcall cpuidle_init+0x0/0x1f returned 0 after 0 usecs
[    2.771183] calling  capsule_reboot_register+0x0/0xc @ 1
[    2.772215] initcall capsule_reboot_register+0x0/0xc returned 0 after 0 usecs
[    2.773181] calling  sock_init+0x0/0x93 @ 1
[    2.776202] initcall sock_init+0x0/0x93 returned 0 after 1953 usecs
[    2.777180] calling  net_inuse_init+0x0/0x23 @ 1
[    2.778190] initcall net_inuse_init+0x0/0x23 returned 0 after 0 usecs
[    2.779180] calling  net_defaults_init+0x0/0x23 @ 1
[    2.780179] initcall net_defaults_init+0x0/0x23 returned 0 after 0 usecs
[    2.781179] calling  init_default_flow_dissectors+0x0/0x4f @ 1
[    2.782194] initcall init_default_flow_dissectors+0x0/0x4f returned 0 after 0 usecs
[    2.783181] calling  netpoll_init+0x0/0x26 @ 1
[    2.784178] initcall netpoll_init+0x0/0x26 returned 0 after 0 usecs
[    2.785183] calling  netlink_proto_init+0x0/0x14f @ 1
[    2.787443] NET: Registered protocol family 16
[    2.788211] initcall netlink_proto_init+0x0/0x14f returned 0 after 1953 usecs
[    2.789180] calling  genl_init+0x0/0x35 @ 1
[    2.790282] initcall genl_init+0x0/0x35 returned 0 after 0 usecs
[    2.791193] calling  bsp_pm_check_init+0x0/0x13 @ 1
[    2.792179] initcall bsp_pm_check_init+0x0/0x13 returned 0 after 0 usecs
[    2.793232] calling  irq_sysfs_init+0x0/0xb7 @ 1
[    2.794248] initcall irq_sysfs_init+0x0/0xb7 returned 0 after 0 usecs
[    2.795181] calling  audit_init+0x0/0x160 @ 1
[    2.796206] audit: initializing netlink subsys (disabled)
[    2.799586] initcall audit_init+0x0/0x160 returned 0 after 2929 usecs
[    2.799362] audit: type=2000 audit(1670916871.660:1): state=initialized audit_enabled=0 res=1
[    2.801186] calling  release_early_probes+0x0/0x32 @ 1
[    2.802185] initcall release_early_probes+0x0/0x32 returned 0 after 0 usecs
[    2.803184] calling  bdi_class_init+0x0/0x48 @ 1
[    2.804306] initcall bdi_class_init+0x0/0x48 returned 0 after 0 usecs
[    2.805181] calling  mm_sysfs_init+0x0/0x28 @ 1
[    2.806189] initcall mm_sysfs_init+0x0/0x28 returned 0 after 0 usecs
[    2.807182] calling  init_per_zone_wmark_min+0x0/0x6d @ 1
[    2.808184] initcall init_per_zone_wmark_min+0x0/0x6d returned 0 after 0 usecs
[    2.809183] calling  mpi_init+0x0/0x3e @ 1
[    2.811252] initcall mpi_init+0x0/0x3e returned 0 after 0 usecs
[    2.812184] calling  kobject_uevent_init+0x0/0xc @ 1
[    2.813189] initcall kobject_uevent_init+0x0/0xc returned 0 after 0 usecs
[    2.814181] calling  pcibus_class_init+0x0/0x13 @ 1
[    2.815191] initcall pcibus_class_init+0x0/0x13 returned 0 after 0 usecs
[    2.816180] calling  pci_driver_init+0x0/0x21 @ 1
[    2.817238] initcall pci_driver_init+0x0/0x21 returned 0 after 0 usecs
[    2.818181] calling  backlight_class_init+0x0/0xa8 @ 1
[    2.819206] initcall backlight_class_init+0x0/0xa8 returned 0 after 0 usecs
[    2.820181] calling  tty_class_init+0x0/0x33 @ 1
[    2.821191] initcall tty_class_init+0x0/0x33 returned 0 after 0 usecs
[    2.822190] calling  vtconsole_class_init+0x0/0xb5 @ 1
[    2.824297] initcall vtconsole_class_init+0x0/0xb5 returned 0 after 976 usecs
[    2.825183] calling  iommu_dev_init+0x0/0x13 @ 1
[    2.826206] initcall iommu_dev_init+0x0/0x13 returned 0 after 0 usecs
[    2.827181] calling  mipi_dsi_bus_init+0x0/0xc @ 1
[    2.828226] initcall mipi_dsi_bus_init+0x0/0xc returned 0 after 0 usecs
[    2.829205] calling  devlink_class_init+0x0/0x40 @ 1
[    2.830195] initcall devlink_class_init+0x0/0x40 returned 0 after 0 usecs
[    2.831182] calling  software_node_init+0x0/0x2a @ 1
[    2.832238] initcall software_node_init+0x0/0x2a returned 0 after 0 usecs
[    2.833182] calling  wakeup_sources_debugfs_init+0x0/0x23 @ 1
[    2.834212] initcall wakeup_sources_debugfs_init+0x0/0x23 returned 0 after 0 usecs
[    2.835184] calling  wakeup_sources_sysfs_init+0x0/0x2c @ 1
[    2.836193] initcall wakeup_sources_sysfs_init+0x0/0x2c returned 0 after 0 usecs
[    2.837181] calling  register_node_type+0x0/0x13 @ 1
[    2.838251] initcall register_node_type+0x0/0x13 returned 0 after 0 usecs
[    2.839181] calling  regmap_initcall+0x0/0xc @ 1
[    2.840248] initcall regmap_initcall+0x0/0xc returned 0 after 0 usecs
[    2.841180] calling  i2c_init+0x0/0xb3 @ 1
[    2.843220] initcall i2c_init+0x0/0xb3 returned 0 after 976 usecs
[    2.844181] calling  thermal_init+0x0/0xf2 @ 1
[    2.845211] thermal_sys: Registered thermal governor 'step_wise'
[    2.845212] thermal_sys: Registered thermal governor 'user_space'
[    2.846192] initcall thermal_init+0x0/0xf2 returned 0 after 976 usecs
[    2.849181] calling  init_menu+0x0/0xc @ 1
[    2.852317] cpuidle: using governor menu
[    2.857185] initcall init_menu+0x0/0xc returned 0 after 6835 usecs
[    2.865182] calling  pcc_init+0x0/0x4d @ 1
[    2.869228] initcall pcc_init+0x0/0x4d returned -19 after 976 usecs
[    2.877180] calling  amd_postcore_init+0x0/0x11e @ 1
[    2.884182] initcall amd_postcore_init+0x0/0x11e returned 0 after 0 usecs
[    2.894224] calling  bts_init+0x0/0xba @ 1
[    2.901183] initcall bts_init+0x0/0xba returned -19 after 0 usecs
[    2.910183] calling  pt_init+0x0/0x341 @ 1
[    2.916187] initcall pt_init+0x0/0x341 returned -19 after 0 usecs
[    2.926194] calling  boot_params_ksysfs_init+0x0/0x2ee @ 1
[    2.936258] initcall boot_params_ksysfs_init+0x0/0x2ee returned 0 after 0 usecs
[    2.947189] calling  sbf_init+0x0/0xea @ 1
[    2.952182] initcall sbf_init+0x0/0xea returned 0 after 0 usecs
[    2.960180] calling  arch_kdebugfs_init+0x0/0x219 @ 1
[    2.966466] initcall arch_kdebugfs_init+0x0/0x219 returned 0 after 0 usecs
[    2.974180] calling  intel_pconfig_init+0x0/0x85 @ 1
[    2.980179] initcall intel_pconfig_init+0x0/0x85 returned 0 after 0 usecs
[    2.988179] calling  mtrr_if_init+0x0/0x5d @ 1
[    2.999214] initcall mtrr_if_init+0x0/0x5d returned 0 after 5859 usecs
[    3.008184] calling  activate_jump_labels+0x0/0x31 @ 1
[    3.015183] initcall activate_jump_labels+0x0/0x31 returned 0 after 0 usecs
[    3.025204] calling  ffh_cstate_init+0x0/0x29 @ 1
[    3.031193] initcall ffh_cstate_init+0x0/0x29 returned 0 after 0 usecs
[    3.040183] calling  activate_jump_labels+0x0/0x31 @ 1
[    3.051183] initcall activate_jump_labels+0x0/0x31 returned 0 after 2929 usecs
[    3.060186] calling  kvm_alloc_cpumask+0x0/0x87 @ 1
[    3.067231] initcall kvm_alloc_cpumask+0x0/0x87 returned 0 after 0 usecs
[    3.076183] calling  kcmp_cookies_init+0x0/0x37 @ 1
[    3.083188] initcall kcmp_cookies_init+0x0/0x37 returned 0 after 0 usecs
[    3.091183] calling  cryptomgr_init+0x0/0xc @ 1
[    3.097248] initcall cryptomgr_init+0x0/0xc returned 0 after 976 usecs
[    3.106193] calling  acpi_pci_init+0x0/0x57 @ 1
[    3.110179] ACPI: bus type PCI registered
[    3.117188] initcall acpi_pci_init+0x0/0x57 returned 0 after 6835 usecs
[    3.127184] calling  dma_channel_table_init+0x0/0xd1 @ 1
[    3.136205] initcall dma_channel_table_init+0x0/0xd1 returned 0 after 0 usecs
[    3.148222] calling  dma_bus_init+0x0/0xdc @ 1
[    3.156521] initcall dma_bus_init+0x0/0xdc returned 0 after 0 usecs
[    3.166246] calling  iommu_dma_init+0x0/0x10 @ 1
[    3.174201] initcall iommu_dma_init+0x0/0x10 returned 0 after 0 usecs
[    3.184183] calling  dmi_id_init+0x0/0x37c @ 1
[    3.192183] initcall dmi_id_init+0x0/0x37c returned 0 after 0 usecs
[    3.202182] calling  pci_arch_init+0x0/0x71 @ 1
[    3.210859] PCI: MMCONFIG for domain 0000 [bus 00-ff] at [mem 0xb0000000-0xbfffffff] (base 0xb0000000)
[    3.225199] PCI: MMCONFIG at [mem 0xb0000000-0xbfffffff] reserved in E820
[    3.234183] PCI: Using configuration type 1 for base access
[    3.243315] initcall pci_arch_init+0x0/0x71 returned 0 after 32226 usecs
[    3.251236] calling  init_vdso+0x0/0x13 @ 1
[    3.257211] initcall init_vdso+0x0/0x13 returned 0 after 0 usecs
[    3.265185] calling  sysenter_setup+0x0/0x13 @ 1
[    3.271232] initcall sysenter_setup+0x0/0x13 returned 0 after 0 usecs
[    3.279187] calling  fixup_ht_bug+0x0/0xe5 @ 1
[    3.285181] initcall fixup_ht_bug+0x0/0xe5 returned 0 after 0 usecs
[    3.293183] calling  topology_init+0x0/0x8b @ 1
[    3.302703] initcall topology_init+0x0/0x8b returned 0 after 2929 usecs
[    3.311183] calling  intel_epb_init+0x0/0x68 @ 1
[    3.317184] initcall intel_epb_init+0x0/0x68 returned -19 after 0 usecs
[    3.326181] calling  mtrr_init_finialize+0x0/0x3e @ 1
[    3.333181] initcall mtrr_init_finialize+0x0/0x3e returned 0 after 0 usecs
[    3.343185] calling  uid_cache_init+0x0/0x85 @ 1
[    3.350190] initcall uid_cache_init+0x0/0x85 returned 0 after 0 usecs
[    3.360185] calling  param_sysfs_init+0x0/0x1ba @ 1
[    3.370295] initcall param_sysfs_init+0x0/0x1ba returned 0 after 3906 usecs
[    3.379183] calling  user_namespace_sysctl_init+0x0/0x33 @ 1
[    3.386194] initcall user_namespace_sysctl_init+0x0/0x33 returned 0 after 0 usecs
[    3.395179] calling  proc_schedstat_init+0x0/0x24 @ 1
[    3.402198] initcall proc_schedstat_init+0x0/0x24 returned 0 after 0 usecs
[    3.408181] calling  pm_sysrq_init+0x0/0x18 @ 1
[    3.419191] initcall pm_sysrq_init+0x0/0x18 returned 0 after 3906 usecs
[    3.428208] calling  create_proc_profile+0x0/0xd0 @ 1
[    3.435186] initcall create_proc_profile+0x0/0xd0 returned 0 after 0 usecs
[    3.446188] calling  time_ns_init+0x0/0x7 @ 1
[    3.454199] initcall time_ns_init+0x0/0x7 returned 0 after 0 usecs
[    3.460181] calling  crash_save_vmcoreinfo_init+0x0/0x722 @ 1
[    3.470178] initcall crash_save_vmcoreinfo_init+0x0/0x722 returned 0 after 0 usecs
[    3.483182] calling  crash_notes_memory_init+0x0/0x35 @ 1
[    3.492197] initcall crash_notes_memory_init+0x0/0x35 returned 0 after 0 usecs
[    3.504191] calling  cgroup_sysfs_init+0x0/0x13 @ 1
[    3.512403] initcall cgroup_sysfs_init+0x0/0x13 returned 0 after 976 usecs
[    3.524183] calling  cgroup_namespaces_init+0x0/0x7 @ 1
[    3.533182] initcall cgroup_namespaces_init+0x0/0x7 returned 0 after 0 usecs
[    3.543182] calling  init_optprobes+0x0/0x13 @ 1
[    3.549179] Kprobes globally optimized
[    3.554181] initcall init_optprobes+0x0/0x13 returned 0 after 4882 usecs
[    3.563181] calling  oom_init+0x0/0x2f @ 1
[    3.569346] initcall oom_init+0x0/0x2f returned 0 after 976 usecs
[    3.577181] calling  default_bdi_init+0x0/0xb3 @ 1
[    3.585425] initcall default_bdi_init+0x0/0xb3 returned 0 after 976 usecs
[    3.594180] calling  percpu_enable_async+0x0/0xe @ 1
[    3.601182] initcall percpu_enable_async+0x0/0xe returned 0 after 0 usecs
[    3.610203] calling  kcompactd_init+0x0/0x90 @ 1
[    3.618366] initcall kcompactd_init+0x0/0x90 returned 0 after 976 usecs
[    3.627226] calling  init_user_reserve+0x0/0x40 @ 1
[    3.634182] initcall init_user_reserve+0x0/0x40 returned 0 after 0 usecs
[    3.643180] calling  init_admin_reserve+0x0/0x40 @ 1
[    3.648184] initcall init_admin_reserve+0x0/0x40 returned 0 after 0 usecs
[    3.658186] calling  init_reserve_notifier+0x0/0x7 @ 1
[    3.665182] initcall init_reserve_notifier+0x0/0x7 returned 0 after 0 usecs
[    3.675185] calling  swap_init_sysfs+0x0/0x62 @ 1
[    3.681212] initcall swap_init_sysfs+0x0/0x62 returned 0 after 0 usecs
[    3.690193] calling  swapfile_init+0x0/0x96 @ 1
[    3.696247] initcall swapfile_init+0x0/0x96 returned 0 after 0 usecs
[    3.705180] calling  hugetlb_init+0x0/0x49f @ 1
[    3.711332] HugeTLB registered 2.00 MiB page size, pre-allocated 0 pages
[    3.720232] initcall hugetlb_init+0x0/0x49f returned 0 after 8789 usecs
[    3.729182] calling  io_wq_init+0x0/0x34 @ 1
[    3.734200] initcall io_wq_init+0x0/0x34 returned 0 after 0 usecs
[    3.742180] calling  seqiv_module_init+0x0/0xc @ 1
[    3.748181] initcall seqiv_module_init+0x0/0xc returned 0 after 0 usecs
[    3.757180] calling  echainiv_module_init+0x0/0xc @ 1
[    3.760340] initcall echainiv_module_init+0x0/0xc returned 0 after 0 usecs
[    3.769486] calling  rsa_init+0x0/0x50 @ 1
[    3.777352] initcall rsa_init+0x0/0x50 returned 0 after 976 usecs
[    3.777352] cryptomgr_test (63) used greatest stack depth: 15504 bytes left
[    3.785183] calling  crypto_cmac_module_init+0x0/0xc @ 1
[    3.785188] initcall crypto_cmac_module_init+0x0/0xc returned 0 after 0 usecs
[    3.785215] calling  hmac_module_init+0x0/0xc @ 1
[    3.785218] initcall hmac_module_init+0x0/0xc returned 0 after 0 usecs
[    3.785220] calling  crypto_null_mod_init+0x0/0x65 @ 1
[    3.792451] initcall crypto_null_mod_init+0x0/0x65 returned 0 after 6835 usecs
[    3.794451] cryptomgr_test (65) used greatest stack depth: 15408 bytes left
[    3.802182] calling  md5_mod_init+0x0/0xc @ 1
[    3.803182] initcall md5_mod_init+0x0/0xc returned 0 after 976 usecs
[    3.870187] calling  sha256_generic_mod_init+0x0/0x11 @ 1
[    3.881387] initcall sha256_generic_mod_init+0x0/0x11 returned 0 after 1953 usecs
[    3.891183] calling  crypto_cbc_module_init+0x0/0xc @ 1
[    3.898344] initcall crypto_cbc_module_init+0x0/0xc returned 0 after 0 usecs
[    3.908572] calling  crypto_ctr_module_init+0x0/0x11 @ 1
[    3.915186] initcall crypto_ctr_module_init+0x0/0x11 returned 0 after 0 usecs
[    3.925184] calling  crypto_gcm_module_init+0x0/0x64 @ 1
[    3.935359] initcall crypto_gcm_module_init+0x0/0x64 returned 0 after 0 usecs
[    3.945191] calling  crypto_ccm_module_init+0x0/0x11 @ 1
[    3.953186] initcall crypto_ccm_module_init+0x0/0x11 returned 0 after 0 usecs
[    3.962182] calling  aes_init+0x0/0xc @ 1
[    3.969183] initcall aes_init+0x0/0xc returned 0 after 1953 usecs
[    3.977186] calling  crc32c_mod_init+0x0/0xc @ 1
[    3.986180] initcall crc32c_mod_init+0x0/0xc returned 0 after 2929 usecs
[    3.995184] calling  crypto_authenc_module_init+0x0/0xc @ 1
[    4.002252] initcall crypto_authenc_module_init+0x0/0xc returned 0 after 0 usecs
[    4.011183] calling  crypto_authenc_esn_module_init+0x0/0xc @ 1
[    4.019187] initcall crypto_authenc_esn_module_init+0x0/0xc returned 0 after 0 usecs
[    4.028182] calling  drbg_init+0x0/0x7c @ 1
[    4.043338] initcall drbg_init+0x0/0x7c returned 0 after 8789 usecs
[    4.052186] calling  ghash_mod_init+0x0/0xc @ 1
[    4.060659] initcall ghash_mod_init+0x0/0xc returned 0 after 1953 usecs
[    4.072185] calling  init_bio+0x0/0x9a @ 1
[    4.078375] initcall init_bio+0x0/0x9a returned 0 after 976 usecs
[    4.087182] calling  blk_settings_init+0x0/0x29 @ 1
[    4.093180] initcall blk_settings_init+0x0/0x29 returned 0 after 0 usecs
[    4.101185] calling  blk_ioc_init+0x0/0x29 @ 1
[    4.107185] initcall blk_ioc_init+0x0/0x29 returned 0 after 0 usecs
[    4.115180] calling  blk_mq_init+0x0/0xb9 @ 1
[    4.120255] initcall blk_mq_init+0x0/0xb9 returned 0 after 0 usecs
[    4.128183] calling  genhd_device_init+0x0/0x75 @ 1
[    4.136178] initcall genhd_device_init+0x0/0x75 returned 0 after 1953 usecs
[    4.145240] calling  pci_slot_init+0x0/0x40 @ 1
[    4.151225] initcall pci_slot_init+0x0/0x40 returned 0 after 0 usecs
[    4.160186] calling  fbmem_init+0x0/0xd8 @ 1
[    4.166280] initcall fbmem_init+0x0/0xd8 returned 0 after 0 usecs
[    4.174182] calling  acpi_init+0x0/0x319 @ 1
[    4.179402] ACPI: Added _OSI(Module Device)
[    4.185178] ACPI: Added _OSI(Processor Device)
[    4.191179] ACPI: Added _OSI(3.0 _SCP Extensions)
[    4.197176] ACPI: Added _OSI(Processor Aggregator Device)
[    4.204178] ACPI: Added _OSI(Linux-Dell-Video)
[    4.209179] ACPI: Added _OSI(Linux-Lenovo-NV-HDMI-Audio)
[    4.216178] ACPI: Added _OSI(Linux-HPI-Hybrid-Graphics)
[    4.229078] ACPI: 1 ACPI AML tables successfully acquired and loaded
[    4.243312] ACPI: Interpreter enabled
[    4.248229] ACPI: (supports S0 S3 S4 S5)
[    4.254179] ACPI: Using IOAPIC for interrupt routing
[    4.260280] PCI: Using host bridge windows from ACPI; if necessary, use "pci=nocrs" and report a bug
[    4.272532] ACPI: Enabled 2 GPEs in block 00 to 3F
[    4.296712] ACPI: PCI Root Bridge [PCI0] (domain 0000 [bus 00-ff])
[    4.305189] acpi PNP0A08:00: _OSC: OS supports [ExtendedConfig ASPM ClockPM Segments MSI HPX-Type3]
[    4.317268] acpi PNP0A08:00: _OSC: platform does not support [LTR]
[    4.326278] acpi PNP0A08:00: _OSC: OS now controls [PME PCIeCapability]
[    4.334300] PCI host bridge to bus 0000:00
[    4.340201] pci_bus 0000:00: root bus resource [io  0x0000-0x0cf7 window]
[    4.349181] pci_bus 0000:00: root bus resource [io  0x0d00-0xffff window]
[    4.358183] pci_bus 0000:00: root bus resource [mem 0x000a0000-0x000bffff window]
[    4.367182] pci_bus 0000:00: root bus resource [mem 0x20000000-0xafffffff window]
[    4.378185] pci_bus 0000:00: root bus resource [mem 0xc0000000-0xfebfffff window]
[    4.388215] pci_bus 0000:00: root bus resource [mem 0x100000000-0x8ffffffff window]
[    4.399197] pci_bus 0000:00: root bus resource [bus 00-ff]
[    4.407450] pci 0000:00:00.0: calling  quirk_mmio_always_on+0x0/0x10 @ 1
[    4.414189] pci 0000:00:00.0: quirk_mmio_always_on+0x0/0x10 took 0 usecs
[    4.424183] pci 0000:00:00.0: [8086:29c0] type 00 class 0x060000
[    4.435744] pci 0000:00:00.0: calling  quirk_igfx_skip_te_disable+0x0/0x80 @ 1
[    4.446182] pci 0000:00:00.0: quirk_igfx_skip_te_disable+0x0/0x80 took 0 usecs
[    4.456779] pci 0000:00:01.0: [1234:1111] type 00 class 0x030000
[    4.475172] pci 0000:00:01.0: reg 0x10: [mem 0xfd000000-0xfdffffff pref]
[    4.505172] pci 0000:00:01.0: reg 0x18: [mem 0xfebf0000-0xfebf0fff]
[    4.555172] pci 0000:00:01.0: reg 0x30: [mem 0xfebe0000-0xfebeffff pref]
[    4.577172] pci 0000:00:01.0: calling  efifb_fixup_resources+0x0/0xf0 @ 1
[    4.589114] pci 0000:00:01.0: efifb_fixup_resources+0x0/0xf0 took 0 usecs
[    4.619788] pci 0000:00:1f.0: [8086:2918] type 00 class 0x060100
[    4.632172] pci 0000:00:1f.0: calling  quirk_ich7_lpc+0x0/0x60 @ 1
[    4.641854] pci 0000:00:1f.0: quirk: [io  0x0600-0x067f] claimed by ICH6 ACPI/GPIO/TCO
[    4.653268] pci 0000:00:1f.0: quirk_ich7_lpc+0x0/0x60 took 11718 usecs
[    4.663349] pci 0000:00:1f.0: calling  quirk_igfx_skip_te_disable+0x0/0x80 @ 1
[    4.675296] pci 0000:00:1f.0: quirk_igfx_skip_te_disable+0x0/0x80 took 0 usecs
[    4.689542] pci 0000:00:1f.2: [8086:2922] type 00 class 0x010601
[    4.706180] pci 0000:00:1f.2: reg 0x20: [io  0xc040-0xc05f]
[    4.716706] pci 0000:00:1f.2: reg 0x24: [mem 0xfebf1000-0xfebf1fff]
[    4.725385] pci 0000:00:1f.2: calling  quirk_igfx_skip_te_disable+0x0/0x80 @ 1
[    4.734194] pci 0000:00:1f.2: quirk_igfx_skip_te_disable+0x0/0x80 took 0 usecs
[    4.748871] pci 0000:00:1f.3: [8086:2930] type 00 class 0x0c0500
[    4.761672] pci 0000:00:1f.3: reg 0x20: [io  0x0700-0x073f]
[    4.773303] pci 0000:00:1f.3: calling  quirk_igfx_skip_te_disable+0x0/0x80 @ 1
[    4.784193] pci 0000:00:1f.3: quirk_igfx_skip_te_disable+0x0/0x80 took 0 usecs
[    4.806839] ACPI: PCI Interrupt Link [LNKA] (IRQs 5 *10 11)
[    4.812595] ACPI: PCI Interrupt Link [LNKB] (IRQs 5 *10 11)
[    4.818207] ACPI: PCI Interrupt Link [LNKC] (IRQs 5 10 *11)
[    4.824580] ACPI: PCI Interrupt Link [LNKD] (IRQs 5 10 *11)
[    4.830586] ACPI: PCI Interrupt Link [LNKE] (IRQs 5 *10 11)
[    4.837583] ACPI: PCI Interrupt Link [LNKF] (IRQs 5 *10 11)
[    4.846195] ACPI: PCI Interrupt Link [LNKG] (IRQs 5 10 *11)
[    4.855438] ACPI: PCI Interrupt Link [LNKH] (IRQs 5 10 *11)
[    4.864397] ACPI: PCI Interrupt Link [GSIA] (IRQs *16)
[    4.871195] ACPI: PCI Interrupt Link [GSIB] (IRQs *17)
[    4.879195] ACPI: PCI Interrupt Link [GSIC] (IRQs *18)
[    4.885193] ACPI: PCI Interrupt Link [GSID] (IRQs *19)
[    4.893193] ACPI: PCI Interrupt Link [GSIE] (IRQs *20)
[    4.899192] ACPI: PCI Interrupt Link [GSIF] (IRQs *21)
[    4.906205] ACPI: PCI Interrupt Link [GSIG] (IRQs *22)
[    4.913199] ACPI: PCI Interrupt Link [GSIH] (IRQs *23)
[    4.943613] initcall acpi_init+0x0/0x319 returned 0 after 746093 usecs
[    4.952291] calling  pnp_init+0x0/0xc @ 1
[    4.958278] initcall pnp_init+0x0/0xc returned 0 after 0 usecs
[    4.966185] calling  misc_init+0x0/0xbf @ 1
[    4.972381] initcall misc_init+0x0/0xbf returned 0 after 0 usecs
[    4.981183] calling  iommu_subsys_init+0x0/0x4e @ 1
[    4.989406] iommu: Default domain type: Translated 
[    4.997187] initcall iommu_subsys_init+0x0/0x4e returned 0 after 7812 usecs
[    5.011202] calling  vga_arb_device_init+0x0/0x261 @ 1
[    5.020314] pci 0000:00:01.0: vgaarb: setting as boot VGA device
[    5.021172] pci 0000:00:01.0: vgaarb: VGA device added: decodes=io+mem,owns=io+mem,locks=none
[    5.040186] pci 0000:00:01.0: vgaarb: bridge control possible
[    5.048184] vgaarb: loaded
[    5.052191] initcall vga_arb_device_init+0x0/0x261 returned 0 after 33203 usecs
[    5.063579] calling  cn_init+0x0/0xf0 @ 1
[    5.073904] initcall cn_init+0x0/0xf0 returned 0 after 2929 usecs
[    5.083190] calling  dma_buf_init+0x0/0xad @ 1
[    5.093895] initcall dma_buf_init+0x0/0xad returned 0 after 4882 usecs
[    5.103209] calling  init_scsi+0x0/0x79 @ 1
[    5.112627] SCSI subsystem initialized
[    5.117188] initcall init_scsi+0x0/0x79 returned 0 after 7812 usecs
[    5.127200] calling  ata_init+0x0/0x332 @ 1
[    5.135603] libata version 3.00 loaded.
[    5.141182] initcall ata_init+0x0/0x332 returned 0 after 8789 usecs
[    5.148181] calling  phy_init+0x0/0x250 @ 1
[    5.155506] initcall phy_init+0x0/0x250 returned 0 after 976 usecs
[    5.164182] calling  init_pcmcia_cs+0x0/0x35 @ 1
[    5.171191] initcall init_pcmcia_cs+0x0/0x35 returned 0 after 0 usecs
[    5.180181] calling  usb_common_init+0x0/0x1c @ 1
[    5.186234] initcall usb_common_init+0x0/0x1c returned 0 after 0 usecs
[    5.195180] calling  usb_init+0x0/0x12e @ 1
[    5.200855] ACPI: bus type USB registered
[    5.207815] usbcore: registered new interface driver usbfs
[    5.217208] usbcore: registered new interface driver hub
[    5.225459] usbcore: registered new device driver usb
[    5.233189] initcall usb_init+0x0/0x12e returned 0 after 32226 usecs
[    5.240186] calling  serio_init+0x0/0x29 @ 1
[    5.247553] initcall serio_init+0x0/0x29 returned 0 after 976 usecs
[    5.257187] calling  input_init+0x0/0xf6 @ 1
[    5.263431] initcall input_init+0x0/0xf6 returned 0 after 976 usecs
[    5.272182] calling  rtc_init+0x0/0x4d @ 1
[    5.277190] initcall rtc_init+0x0/0x4d returned 0 after 0 usecs
[    5.286180] calling  pps_init+0x0/0xa9 @ 1
[    5.289311] pps_core: LinuxPPS API ver. 1 registered
[    5.296176] pps_core: Software ver. 5.3.6 - Copyright 2005-2007 Rodolfo Giometti <giometti@linux.it>
[    5.308180] initcall pps_init+0x0/0xa9 returned 0 after 18554 usecs
[    5.317180] calling  ptp_init+0x0/0x98 @ 1
[    5.323190] PTP clock support registered
[    5.328179] initcall ptp_init+0x0/0x98 returned 0 after 4882 usecs
[    5.336182] calling  power_supply_class_init+0x0/0x3f @ 1
[    5.343643] initcall power_supply_class_init+0x0/0x3f returned 0 after 0 usecs
[    5.354181] calling  hwmon_init+0x0/0x104 @ 1
[    5.361198] initcall hwmon_init+0x0/0x104 returned 0 after 0 usecs
[    5.369180] calling  md_init+0x0/0x16b @ 1
[    5.379323] initcall md_init+0x0/0x16b returned 0 after 5859 usecs
[    5.389186] calling  leds_init+0x0/0x3b @ 1
[    5.395271] initcall leds_init+0x0/0x3b returned 0 after 0 usecs
[    5.403181] calling  dmi_init+0x0/0x113 @ 1
[    5.409449] initcall dmi_init+0x0/0x113 returned 0 after 0 usecs
[    5.417182] calling  efisubsys_init+0x0/0x4e7 @ 1
[    5.423291] initcall efisubsys_init+0x0/0x4e7 returned 0 after 976 usecs
[    5.430180] calling  nvmem_init+0x0/0xc @ 1
[    5.437393] initcall nvmem_init+0x0/0xc returned 0 after 976 usecs
[    5.445179] calling  init_soundcore+0x0/0x33 @ 1
[    5.451313] initcall init_soundcore+0x0/0x33 returned 0 after 0 usecs
[    5.458179] calling  alsa_sound_init+0x0/0x8f @ 1
[    5.467390] Advanced Linux Sound Architecture Driver Initialized.
[    5.476183] initcall alsa_sound_init+0x0/0x8f returned 0 after 9765 usecs
[    5.483835] calling  alsa_seq_device_init+0x0/0x71 @ 1
[    5.491228] initcall alsa_seq_device_init+0x0/0x71 returned 0 after 0 usecs
[    5.501180] calling  hda_bus_init+0x0/0xc @ 1
[    5.504407] initcall hda_bus_init+0x0/0xc returned 0 after 0 usecs
[    5.513180] calling  proto_init+0x0/0xc @ 1
[    5.519497] initcall proto_init+0x0/0xc returned 0 after 0 usecs
[    5.526179] calling  net_dev_init+0x0/0x209 @ 1
[    5.547604] initcall net_dev_init+0x0/0x209 returned 0 after 14648 usecs
[    5.552183] calling  neigh_init+0x0/0x84 @ 1
[    5.557182] initcall neigh_init+0x0/0x84 returned 0 after 0 usecs
[    5.564181] calling  fib_notifier_init+0x0/0xc @ 1
[    5.570358] initcall fib_notifier_init+0x0/0xc returned 0 after 0 usecs
[    5.579179] calling  fib_rules_init+0x0/0xab @ 1
[    5.585517] initcall fib_rules_init+0x0/0xab returned 0 after 976 usecs
[    5.590179] calling  pktsched_init+0x0/0x10e @ 1
[    5.598479] initcall pktsched_init+0x0/0x10e returned 0 after 0 usecs
[    5.605180] calling  tc_filter_init+0x0/0xfa @ 1
[    5.614433] initcall tc_filter_init+0x0/0xfa returned 0 after 0 usecs
[    5.620181] calling  tc_action_init+0x0/0x54 @ 1
[    5.622183] initcall tc_action_init+0x0/0x54 returned 0 after 0 usecs
[    5.631179] calling  ethnl_init+0x0/0x52 @ 1
[    5.635382] initcall ethnl_init+0x0/0x52 returned 0 after 1953 usecs
[    5.644186] calling  nexthop_init+0x0/0xd8 @ 1
[    5.650180] initcall nexthop_init+0x0/0xd8 returned 0 after 0 usecs
[    5.657180] calling  cipso_v4_init+0x0/0x5d @ 1
[    5.661564] initcall cipso_v4_init+0x0/0x5d returned 0 after 0 usecs
[    5.670297] calling  ieee80211_init+0x0/0x24 @ 1
[    5.678343] initcall ieee80211_init+0x0/0x24 returned 0 after 976 usecs
[    5.685185] calling  netlbl_init+0x0/0x78 @ 1
[    5.691328] NetLabel: Initializing
[    5.697176] NetLabel:  domain hash size = 128
[    5.701177] NetLabel:  protocols = UNLABELED CIPSOv4 CALIPSO
[    5.709350] NetLabel:  unlabeled traffic allowed by default
[    5.717184] initcall netlbl_init+0x0/0x78 returned 0 after 25390 usecs
[    5.725182] calling  rfkill_init+0x0/0x111 @ 1
[    5.731443] initcall rfkill_init+0x0/0x111 returned 0 after 976 usecs
[    5.740180] calling  pci_subsys_init+0x0/0x66 @ 1
[    5.746223] PCI: Using ACPI for IRQ routing
[    6.536044] PCI: pci_cache_line_size set to 64 bytes
[    6.544269] e820: reserve RAM buffer [mem 0x0009fc00-0x0009ffff]
[    6.552333] e820: reserve RAM buffer [mem 0x1ffdf000-0x1fffffff]
[    6.560809] initcall pci_subsys_init+0x0/0x66 returned 0 after 794921 usecs
[    6.572199] calling  nmi_warning_debugfs+0x0/0x26 @ 1
[    6.579913] initcall nmi_warning_debugfs+0x0/0x26 returned 0 after 976 usecs
[    6.589206] calling  save_microcode_in_initrd+0x0/0x51 @ 1
[    6.596489] initcall save_microcode_in_initrd+0x0/0x51 returned 0 after 0 usecs
[    6.606193] calling  hpet_late_init+0x0/0x20d @ 1
[    6.612389] hpet: 3 channels of 0 reserved for per-cpu timers
[    6.620297] hpet0: at MMIO 0xfed00000, IRQs 2, 8, 0
[    6.627176] hpet0: 3 comparators, 64-bit 100.000000 MHz counter
[    6.638181] initcall hpet_late_init+0x0/0x20d returned 0 after 25390 usecs
[    6.647181] calling  init_amd_nbs+0x0/0x11c @ 1
[    6.653326] initcall init_amd_nbs+0x0/0x11c returned 0 after 0 usecs
[    6.661195] calling  clocksource_done_booting+0x0/0x41 @ 1
[    6.674623] clocksource: Switched to clocksource kvm-clock
[    6.681813] initcall clocksource_done_booting+0x0/0x41 returned 0 after 13316 usecs
[    6.691580] calling  tracer_init_tracefs+0x0/0x242 @ 1
[    6.913001] initcall tracer_init_tracefs+0x0/0x242 returned 0 after 209076 usecs
[    6.922567] calling  init_trace_printk_function_export+0x0/0x2c @ 1
[    6.930494] initcall init_trace_printk_function_export+0x0/0x2c returned 0 after 11 usecs
[    6.941466] calling  init_kprobe_trace+0x0/0x1a9 @ 1
[    6.948945] initcall init_kprobe_trace+0x0/0x1a9 returned 0 after 58 usecs
[    6.957369] calling  init_dynamic_event+0x0/0x3d @ 1
[    6.963601] initcall init_dynamic_event+0x0/0x3d returned 0 after 23 usecs
[    6.972042] calling  init_uprobe_trace+0x0/0x5c @ 1
[    6.978305] initcall init_uprobe_trace+0x0/0x5c returned 0 after 40 usecs
[    6.986617] calling  init_pipe_fs+0x0/0x44 @ 1
[    6.992641] initcall init_pipe_fs+0x0/0x44 returned 0 after 522 usecs
[    7.000653] calling  inotify_user_setup+0x0/0x47 @ 1
[    7.006837] initcall inotify_user_setup+0x0/0x47 returned 0 after 63 usecs
[    7.015876] calling  eventpoll_init+0x0/0xd4 @ 1
[    7.021927] initcall eventpoll_init+0x0/0xd4 returned 0 after 150 usecs
[    7.030197] calling  anon_inode_init+0x0/0x58 @ 1
[    7.036152] initcall anon_inode_init+0x0/0x58 returned 0 after 83 usecs
[    7.044387] calling  proc_locks_init+0x0/0x27 @ 1
[    7.050603] initcall proc_locks_init+0x0/0x27 returned 0 after 146 usecs
[    7.058983] calling  iomap_init+0x0/0x1b @ 1
[    7.065276] initcall iomap_init+0x0/0x1b returned 0 after 823 usecs
[    7.073054] calling  dquot_init+0x0/0x106 @ 1
[    7.092633] VFS: Disk quotas dquot_6.6.0
[    7.103437] VFS: Dquot-cache hash table entries: 512 (order 0, 4096 bytes)
[    7.115379] initcall dquot_init+0x0/0x106 returned 0 after 22617 usecs
[    7.127938] calling  quota_init+0x0/0x23 @ 1
[    7.137938] initcall quota_init+0x0/0x23 returned 0 after 1471 usecs
[    7.148459] calling  proc_cmdline_init+0x0/0x21 @ 1
[    7.156649] initcall proc_cmdline_init+0x0/0x21 returned 0 after 205 usecs
[    7.168074] calling  proc_consoles_init+0x0/0x24 @ 1
[    7.174899] initcall proc_consoles_init+0x0/0x24 returned 0 after 21 usecs
[    7.183781] calling  proc_cpuinfo_init+0x0/0x1e @ 1
[    7.190145] initcall proc_cpuinfo_init+0x0/0x1e returned 0 after 5 usecs
[    7.201138] calling  proc_devices_init+0x0/0x24 @ 1
[    7.209444] initcall proc_devices_init+0x0/0x24 returned 0 after 101 usecs
[    7.221412] calling  proc_interrupts_init+0x0/0x24 @ 1
[    7.230118] initcall proc_interrupts_init+0x0/0x24 returned 0 after 4 usecs
[    7.238975] calling  proc_loadavg_init+0x0/0x21 @ 1
[    7.245122] initcall proc_loadavg_init+0x0/0x21 returned 0 after 4 usecs
[    7.253470] calling  proc_meminfo_init+0x0/0x21 @ 1
[    7.259816] initcall proc_meminfo_init+0x0/0x21 returned 0 after 3 usecs
[    7.268166] calling  proc_stat_init+0x0/0x1e @ 1
[    7.273937] initcall proc_stat_init+0x0/0x1e returned 0 after 16 usecs
[    7.281959] calling  proc_uptime_init+0x0/0x21 @ 1
[    7.287967] initcall proc_uptime_init+0x0/0x21 returned 0 after 62 usecs
[    7.296488] calling  proc_version_init+0x0/0x21 @ 1
[    7.302549] initcall proc_version_init+0x0/0x21 returned 0 after 24 usecs
[    7.310845] calling  proc_softirqs_init+0x0/0x21 @ 1
[    7.316923] initcall proc_softirqs_init+0x0/0x21 returned 0 after 2 usecs
[    7.325280] calling  proc_kcore_init+0x0/0xea @ 1
[    7.331422] initcall proc_kcore_init+0x0/0xea returned 0 after 297 usecs
[    7.339743] calling  vmcore_init+0x0/0x578 @ 1
[    7.345338] initcall vmcore_init+0x0/0x578 returned 0 after 31 usecs
[    7.353139] calling  proc_kmsg_init+0x0/0x21 @ 1
[    7.358938] initcall proc_kmsg_init+0x0/0x21 returned 0 after 3 usecs
[    7.366846] calling  proc_page_init+0x0/0x3b @ 1
[    7.372576] initcall proc_page_init+0x0/0x3b returned 0 after 3 usecs
[    7.381365] calling  init_ramfs_fs+0x0/0xc @ 1
[    7.387939] initcall init_ramfs_fs+0x0/0xc returned 0 after 940 usecs
[    7.395943] calling  init_hugetlbfs_fs+0x0/0xf6 @ 1
[    7.403600] initcall init_hugetlbfs_fs+0x0/0xf6 returned 0 after 1454 usecs
[    7.412277] calling  blk_scsi_ioctl_init+0x0/0x2a5 @ 1
[    7.418802] initcall blk_scsi_ioctl_init+0x0/0x2a5 returned 0 after 20 usecs
[    7.427455] calling  acpi_event_init+0x0/0x2c @ 1
[    7.433749] initcall acpi_event_init+0x0/0x2c returned 0 after 91 usecs
[    7.441931] calling  pnp_system_init+0x0/0xc @ 1
[    7.449666] initcall pnp_system_init+0x0/0xc returned 0 after 1153 usecs
[    7.458636] calling  pnpacpi_init+0x0/0x69 @ 1
[    7.464280] pnp: PnP ACPI init
[    7.474160] pnp 00:00: Plug and Play ACPI device, IDs PNP0303 (active)
[    7.482577] pnp 00:01: Plug and Play ACPI device, IDs PNP0f13 (active)
[    7.491683] pnp 00:02: Plug and Play ACPI device, IDs PNP0400 (active)
[    7.499582] pnp 00:03: Plug and Play ACPI device, IDs PNP0501 (active)
[    7.507560] pnp 00:04: Plug and Play ACPI device, IDs PNP0b00 (active)
[    7.515937] system 00:05: [mem 0xb0000000-0xbfffffff window] has been reserved
[    7.524714] system 00:05: Plug and Play ACPI device, IDs PNP0c01 (active)
[    7.534397] pnp: PnP ACPI: found 6 devices
[    7.539465] initcall pnpacpi_init+0x0/0x69 returned 0 after 73551 usecs
[    7.547495] calling  chr_dev_init+0x0/0x14d @ 1
[    7.648933] initcall chr_dev_init+0x0/0x14d returned 0 after 93614 usecs
[    7.658200] calling  firmware_class_init+0x0/0xe7 @ 1
[    7.665643] initcall firmware_class_init+0x0/0xe7 returned 0 after 426 usecs
[    7.674567] calling  init_pcmcia_bus+0x0/0x5b @ 1
[    7.680805] initcall init_pcmcia_bus+0x0/0x5b returned 0 after 302 usecs
[    7.689286] calling  init_acpi_pm_clocksource+0x0/0xda @ 1
[    7.701816] clocksource: acpi_pm: mask: 0xffffff max_cycles: 0xffffff, max_idle_ns: 2085701024 ns
[    7.712926] initcall init_acpi_pm_clocksource+0x0/0xda returned 0 after 16234 usecs
[    7.722702] calling  sysctl_core_init+0x0/0x26 @ 1
[    7.728828] initcall sysctl_core_init+0x0/0x26 returned 0 after 173 usecs
[    7.737290] calling  eth_offload_init+0x0/0x13 @ 1
[    7.743584] initcall eth_offload_init+0x0/0x13 returned 0 after 45 usecs
[    7.752243] calling  ipv4_offload_init+0x0/0x73 @ 1
[    7.758786] initcall ipv4_offload_init+0x0/0x73 returned 0 after 58 usecs
[    7.767729] calling  inet_init+0x0/0x276 @ 1
[    7.774430] NET: Registered protocol family 2
[    7.782018] IP idents hash table entries: 8192 (order: 4, 65536 bytes, linear)
[    7.808492] tcp_listen_portaddr_hash hash table entries: 256 (order: 0, 4096 bytes, linear)
[    7.820382] TCP established hash table entries: 4096 (order: 3, 32768 bytes, linear)
[    7.832109] TCP bind hash table entries: 4096 (order: 4, 65536 bytes, linear)
[    7.843477] TCP: Hash tables configured (established 4096 bind 4096)
[    7.854769] UDP hash table entries: 256 (order: 1, 8192 bytes, linear)
[    7.863195] UDP-Lite hash table entries: 256 (order: 1, 8192 bytes, linear)
[    7.872483] initcall inet_init+0x0/0x276 returned 0 after 96895 usecs
[    7.880822] calling  af_unix_init+0x0/0x4d @ 1
[    7.886761] NET: Registered protocol family 1
[    7.892493] initcall af_unix_init+0x0/0x4d returned 0 after 5598 usecs
[    7.900872] calling  ipv6_offload_init+0x0/0x7e @ 1
[    7.907227] initcall ipv6_offload_init+0x0/0x7e returned 0 after 36 usecs
[    7.915903] calling  init_sunrpc+0x0/0x65 @ 1
[    7.928996] RPC: Registered named UNIX socket transport module.
[    7.936659] RPC: Registered udp transport module.
[    7.942666] RPC: Registered tcp transport module.
[    7.948669] RPC: Registered tcp NFSv4.1 backchannel transport module.
[    7.956865] initcall init_sunrpc+0x0/0x65 returned 0 after 34500 usecs
[    7.965292] calling  cfg80211_init+0x0/0xc5 @ 1
[    7.973801] initcall cfg80211_init+0x0/0xc5 returned 0 after 2741 usecs
[    7.982072] calling  pcibios_assign_resources+0x0/0xbf @ 1
[    7.989383] pci_bus 0000:00: resource 4 [io  0x0000-0x0cf7 window]
[    7.997010] pci_bus 0000:00: resource 5 [io  0x0d00-0xffff window]
[    8.005282] pci_bus 0000:00: resource 6 [mem 0x000a0000-0x000bffff window]
[    8.013932] pci_bus 0000:00: resource 7 [mem 0x20000000-0xafffffff window]
[    8.024467] pci_bus 0000:00: resource 8 [mem 0xc0000000-0xfebfffff window]
[    8.033156] pci_bus 0000:00: resource 9 [mem 0x100000000-0x8ffffffff window]
[    8.042118] initcall pcibios_assign_resources+0x0/0xbf returned 0 after 51943 usecs
[    8.051477] calling  pci_apply_final_quirks+0x0/0x124 @ 1
[    8.058541] pci 0000:00:01.0: calling  pci_fixup_video+0x0/0xe0 @ 1
[    8.066559] pci 0000:00:01.0: Video device with shadowed ROM at [mem 0x000c0000-0x000dffff]
[    8.076992] pci 0000:00:01.0: pci_fixup_video+0x0/0xe0 took 10467 usecs
[    8.085686] PCI: CLS 0 bytes, default 64
[    8.091598] initcall pci_apply_final_quirks+0x0/0x124 returned 0 after 33214 usecs
[    8.101465] calling  acpi_reserve_resources+0x0/0xea @ 1
[    8.108172] initcall acpi_reserve_resources+0x0/0xea returned 0 after 18 usecs
[    8.117314] calling  populate_rootfs+0x0/0x102 @ 1
[    8.124635] initcall populate_rootfs+0x0/0x102 returned 0 after 1184 usecs
[    8.133417] calling  pci_iommu_init+0x0/0x3e @ 1
[    8.139549] initcall pci_iommu_init+0x0/0x3e returned 0 after 92 usecs
[    8.149896] calling  ia32_binfmt_init+0x0/0x13 @ 1
[    8.156114] initcall ia32_binfmt_init+0x0/0x13 returned 0 after 6 usecs
[    8.164366] calling  rapl_pmu_init+0x0/0x267 @ 1
[    8.171517] initcall rapl_pmu_init+0x0/0x267 returned -19 after 198 usecs
[    8.179841] calling  amd_uncore_init+0x0/0x310 @ 1
[    8.185922] initcall amd_uncore_init+0x0/0x310 returned -19 after 0 usecs
[    8.197060] calling  amd_ibs_init+0x0/0x27b @ 1
[    8.204510] initcall amd_ibs_init+0x0/0x27b returned -19 after 0 usecs
[    8.215158] calling  amd_iommu_pc_init+0x0/0x215 @ 1
[    8.221995] initcall amd_iommu_pc_init+0x0/0x215 returned -19 after 33 usecs
[    8.230959] calling  msr_init+0x0/0x55 @ 1
[    8.236399] initcall msr_init+0x0/0x55 returned 0 after 164 usecs
[    8.244112] calling  intel_uncore_init+0x0/0x36f @ 1
[    8.250586] initcall intel_uncore_init+0x0/0x36f returned -19 after 27 usecs
[    8.259574] calling  cstate_pmu_init+0x0/0x1a1 @ 1
[    8.265703] initcall cstate_pmu_init+0x0/0x1a1 returned -19 after 0 usecs
[    8.274255] calling  register_kernel_offset_dumper+0x0/0x1a @ 1
[    8.281904] initcall register_kernel_offset_dumper+0x0/0x1a returned 0 after 77 usecs
[    8.291873] calling  i8259A_init_ops+0x0/0x20 @ 1
[    8.298137] initcall i8259A_init_ops+0x0/0x20 returned 0 after 1 usecs
[    8.308656] calling  init_tsc_clocksource+0x0/0xa4 @ 1
[    8.317159] clocksource: tsc: mask: 0xffffffffffffffff max_cycles: 0x39a85afc727, max_idle_ns: 881590685098 ns
[    8.333444] initcall init_tsc_clocksource+0x0/0xa4 returned 0 after 15901 usecs
[    8.342679] calling  add_rtc_cmos+0x0/0xb0 @ 1
[    8.348488] initcall add_rtc_cmos+0x0/0xb0 returned 0 after 253 usecs
[    8.356630] calling  i8237A_init_ops+0x0/0x3a @ 1
[    8.364504] initcall i8237A_init_ops+0x0/0x3a returned 0 after 107 usecs
[    8.375087] calling  umwait_init+0x0/0x94 @ 1
[    8.381409] initcall umwait_init+0x0/0x94 returned -19 after 24 usecs
[    8.389673] calling  thermal_throttle_init_device+0x0/0x3d @ 1
[    8.397315] initcall thermal_throttle_init_device+0x0/0x3d returned 0 after 115 usecs
[    8.410161] calling  msr_init+0x0/0xd7 @ 1
[    8.444271] initcall msr_init+0x0/0xd7 returned 0 after 26590 usecs
[    8.454872] calling  cpuid_init+0x0/0xd7 @ 1
[    8.479566] initcall cpuid_init+0x0/0xd7 returned 0 after 17094 usecs
[    8.488327] calling  ioapic_init_ops+0x0/0x13 @ 1
[    8.495133] initcall ioapic_init_ops+0x0/0x13 returned 0 after 35 usecs
[    8.504187] calling  add_pcspkr+0x0/0x6c @ 1
[    8.509943] initcall add_pcspkr+0x0/0x6c returned 0 after 65 usecs
[    8.517973] calling  start_periodic_check_for_corruption+0x0/0x30 @ 1
[    8.526289] check: Scanning for low memory corruption every 60 seconds
[    8.534532] initcall start_periodic_check_for_corruption+0x0/0x30 returned 0 after 8149 usecs
[    8.546131] calling  sysfb_init+0x0/0x9c @ 1
[    8.551770] initcall sysfb_init+0x0/0x9c returned 0 after 172 usecs
[    8.559703] calling  audit_classes_init+0x0/0xae @ 1
[    8.566546] initcall audit_classes_init+0x0/0xae returned 0 after 32 usecs
[    8.577739] calling  iosf_mbi_init+0x0/0x24 @ 1
[    8.585875] initcall iosf_mbi_init+0x0/0x24 returned 0 after 430 usecs
[    8.596000] calling  proc_execdomains_init+0x0/0x21 @ 1
[    8.602708] initcall proc_execdomains_init+0x0/0x21 returned 0 after 36 usecs
[    8.611618] calling  register_warn_debugfs+0x0/0x23 @ 1
[    8.619070] initcall register_warn_debugfs+0x0/0x23 returned 0 after 133 usecs
[    8.628323] calling  cpuhp_sysfs_init+0x0/0x79 @ 1
[    8.634814] initcall cpuhp_sysfs_init+0x0/0x79 returned 0 after 537 usecs
[    8.643466] calling  ioresources_init+0x0/0x49 @ 1
[    8.651350] initcall ioresources_init+0x0/0x49 returned 0 after 6 usecs
[    8.661803] calling  snapshot_device_init+0x0/0xc @ 1
[    8.671929] initcall snapshot_device_init+0x0/0xc returned 0 after 1560 usecs
[    8.683347] calling  irq_pm_init_ops+0x0/0x13 @ 1
[    8.690850] initcall irq_pm_init_ops+0x0/0x13 returned 0 after 34 usecs
[    8.700405] calling  rcu_torture_init+0x0/0x9a6 @ 1
[    8.706534] rcu-torture:--- Start of test: nreaders=7 nfakewriters=4 stat_interval=15 verbose=1 test_no_idle_hz=1 shuffle_interval=3 stutter=5 irqreader=1 fqs_duration=0 fqs_holdoff=0 fqs_stutter=3 test_boost=1/0 test_boost_interval=7 test_boost_duration=4 shutdown_secs=1800 stall_cpu=0 stall_cpu_holdoff=10 stall_cpu_irqsoff=0 stall_cpu_block=0 n_barrier_cbs=4 onoff_interval=1000 onoff_holdoff=30 read_exit_delay=13 read_exit_burst=16
[    8.753165] rcu:  Start-test grace-period state: g-1060 f0x0
[    8.764159] rcu-torture: Creating rcu_torture_writer task
[    8.775184] rcu-torture: Creating rcu_torture_fakewriter task
[    8.775510] rcu-torture: rcu_torture_writer task started
[    8.786679] rcu-torture: Creating rcu_torture_fakewriter task
[    8.786959] rcu-torture: rcu_torture_fakewriter task started
[    8.791251] rcu-torture: GP expediting controlled from boot/sysfs for rcu.
[    8.791252] rcu_torture_writer: Testing conditional GPs.
[    8.791253] rcu_torture_writer: Testing expedited GPs.
[    8.791254] rcu_torture_writer: Testing asynchronous GPs.
[    8.791254] rcu_torture_writer: Testing normal GPs.
[    8.857893] rcu-torture: Creating rcu_torture_fakewriter task
[    8.858399] rcu-torture: rcu_torture_fakewriter task started
[    8.869398] rcu-torture: Creating rcu_torture_fakewriter task
[    8.869693] rcu-torture: rcu_torture_fakewriter task started
[    8.896462] rcu-torture: rcu_torture_fakewriter task started
[    8.896518] rcu-torture: Creating rcu_torture_reader task
[    8.915593] rcu-torture: Creating rcu_torture_reader task
[    8.915820] rcu-torture: rcu_torture_reader task started
[    8.925339] rcu-torture: Creating rcu_torture_reader task
[    8.925664] rcu-torture: rcu_torture_reader task started
[    8.948604] rcu-torture: Creating rcu_torture_reader task
[    8.951426] rcu-torture: rcu_torture_reader task started
[    8.959695] rcu-torture: Creating rcu_torture_reader task
[    8.959883] rcu-torture: rcu_torture_reader task started
[    8.981922] rcu-torture: Creating rcu_torture_reader task
[    8.982340] rcu-torture: rcu_torture_reader task started
[    8.991402] rcu-torture: rcu_torture_reader task started
[    8.991475] rcu-torture: Creating rcu_torture_reader task
[    8.992626] rcu-torture: Creating rcu_torture_stats task
[    8.992648] rcu-torture: rcu_torture_reader task started
[    8.993811] rcu-torture: Creating torture_shuffle task
[    8.994318] rcu-torture: rcu_torture_stats task started
[    9.020750] rcu-torture: Creating torture_stutter task
[    9.021196] rcu-torture: torture_shuffle task started
[    9.054793] rcu-torture: Creating torture_shutdown task
[    9.056305] rcu-torture: torture_stutter task started
[    9.064902] rcu-torture: Creating torture_onoff task
[    9.065094] rcu-torture: torture_shutdown task started
[    9.065096] rcu-torture:torture_shutdown task: 1799989 ms remaining
[    9.101389] rcu-torture: Creating rcu_torture_barrier_cbs task
[    9.101860] rcu-torture: torture_onoff task started
[    9.113916] rcu-torture: Creating rcu_torture_barrier_cbs task
[    9.114306] rcu-torture: rcu_torture_barrier_cbs task started
[    9.138957] rcu-torture: Creating rcu_torture_barrier_cbs task
[    9.138979] rcu-torture: rcu_torture_barrier_cbs task started
[    9.148401]   #8
[    9.148890] rcu-torture: Creating rcu_torture_barrier_cbs task
[    9.148914] rcu-torture: rcu_torture_barrier_cbs task started
[    9.151150] rcu-torture: Creating rcu_torture_barrier task
[    9.151569] rcu-torture: rcu_torture_barrier_cbs task started
[    9.152915] rcu-torture: Creating rcu_torture_read_exit task
[    9.153525] rcu-torture: rcu_torture_barrier task starting
[    9.154348] initcall rcu_torture_init+0x0/0x9a6 returned 0 after 437424 usecs
[    9.154351] calling  timekeeping_init_ops+0x0/0x13 @ 1
[    9.154370] initcall timekeeping_init_ops+0x0/0x13 returned 0 after 14 usecs
[    9.154372] calling  init_clocksource_sysfs+0x0/0x23 @ 1
[    9.154481] initcall init_clocksource_sysfs+0x0/0x23 returned 0 after 104 usecs
[    9.154483] calling  init_timer_list_procfs+0x0/0x31 @ 1
[    9.154489] initcall init_timer_list_procfs+0x0/0x31 returned 0 after 4 usecs
[    9.154492] calling  alarmtimer_init+0x0/0xc7 @ 1
[    9.154565] initcall alarmtimer_init+0x0/0xc7 returned 0 after 69 usecs
[    9.154567] calling  init_posix_timers+0x0/0x29 @ 1
[    9.154775] rcu-torture: rcu_torture_read_exit: Start of test
[    1.301624] kvm-clock: cpu 8, msr 7872201, secondary cpu clock
[    9.328499] kvm-guest: stealtime: cpu 8, msr 1ec1b600
[    9.346893] initcall init_posix_timers+0x0/0x29 returned 0 after 187807 usecs
[    9.357141] calling  clockevents_init_sysfs+0x0/0xbf @ 1
[    9.367773] initcall clockevents_init_sysfs+0x0/0xbf returned 0 after 3217 usecs
[    9.371130]   #9
[    9.378288] calling  proc_dma_init+0x0/0x21 @ 1
[    9.388107] initcall proc_dma_init+0x0/0x21 returned 0 after 28 usecs
[    1.301624] kvm-clock: cpu 9, msr 7872241, secondary cpu clock
[    9.397788] calling  proc_modules_init+0x0/0x1e @ 1
[    9.414723] initcall proc_modules_init+0x0/0x1e returned 0 after 1124 usecs
[    9.418563] kvm-guest: stealtime: cpu 9, msr 1ec5b600
[    9.425401] calling  kallsyms_init+0x0/0x21 @ 1
[    9.439104] initcall kallsyms_init+0x0/0x21 returned 0 after 4 usecs
[    9.448154] calling  pid_namespaces_init+0x0/0x2c @ 1
[    9.468584]  #10
[    1.301624] kvm-clock: cpu 10, msr 7872281, secondary cpu clock
[    9.497742] kvm-guest: stealtime: cpu 10, msr 1ec9b600
[    9.518764] initcall pid_namespaces_init+0x0/0x2c returned 0 after 62162 usecs
[    9.530814] calling  audit_watch_init+0x0/0x37 @ 1
[    9.537843] initcall audit_watch_init+0x0/0x37 returned 0 after 1 usecs
[    9.547488] calling  audit_fsnotify_init+0x0/0x37 @ 1
[    9.554657]  #11
[    9.554881] initcall audit_fsnotify_init+0x0/0x37 returned 0 after 2 usecs
[    9.566519] calling  audit_tree_init+0x0/0x6d @ 1
[    1.301624] kvm-clock: cpu 11, msr 78722c1, secondary cpu clock
[    9.586861] kvm-guest: stealtime: cpu 11, msr 1ecdb600
[    9.606122] initcall audit_tree_init+0x0/0x6d returned 0 after 32427 usecs
[    9.618197] calling  seccomp_sysctl_init+0x0/0x2b @ 1
[    9.626101] initcall seccomp_sysctl_init+0x0/0x2b returned 0 after 40 usecs
[    9.635748] calling  utsname_sysctl_init+0x0/0x13 @ 1
[    9.639694]  #12
[    9.642872] initcall utsname_sysctl_init+0x0/0x13 returned 0 after 12 usecs
[    9.642875] calling  init_tracepoints+0x0/0x27 @ 1
[    9.642939] initcall init_tracepoints+0x0/0x27 returned 0 after 59 usecs
[    9.642940] calling  init_blk_tracer+0x0/0x50 @ 1
[    9.644028] initcall init_blk_tracer+0x0/0x50 returned 0 after 1057 usecs
[    9.644031] calling  perf_event_sysfs_init+0x0/0x81 @ 1
[    9.644599] initcall perf_event_sysfs_init+0x0/0x81 returned 0 after 520 usecs
[    1.301624] kvm-clock: cpu 12, msr 7872301, secondary cpu clock
[    9.664477] calling  system_trusted_keyring_init+0x0/0x60 @ 1
[    9.725991] Initialise system trusted keyrings
[    9.730872] kvm-guest: stealtime: cpu 12, msr 1ed1b600
[    9.732519] initcall system_trusted_keyring_init+0x0/0x60 returned 0 after 7724 usecs
[    9.752071] calling  kswapd_init+0x0/0x5f @ 1
[    9.761500] initcall kswapd_init+0x0/0x5f returned 0 after 2898 usecs
[    9.770458] calling  extfrag_debug_init+0x0/0x54 @ 1
[    9.773481]  #13
[    9.777582] initcall extfrag_debug_init+0x0/0x54 returned 0 after 36 usecs
[    9.790211] calling  mm_compute_batch_init+0x0/0x12 @ 1
[    1.301624] kvm-clock: cpu 13, msr 7872341, secondary cpu clock
[    9.798060] initcall mm_compute_batch_init+0x0/0x12 returned 0 after 45 usecs
[    9.818185] calling  slab_proc_init+0x0/0x21 @ 1
[    9.822711] kvm-guest: stealtime: cpu 13, msr 1ed5b600
[    9.824830] initcall slab_proc_init+0x0/0x21 returned 0 after 137 usecs
[    9.842789] calling  workingset_init+0x0/0x8c @ 1
[    9.850867] workingset: timestamp_bits=52 max_order=17 bucket_order=0
[    9.862928] initcall workingset_init+0x0/0x8c returned 0 after 11779 usecs
[    9.874615] calling  proc_vmalloc_init+0x0/0x32 @ 1
[    9.882190]  #14
[    9.882727] initcall proc_vmalloc_init+0x0/0x32 returned 0 after 5 usecs
[    9.896630] calling  procswaps_init+0x0/0x1e @ 1
[    1.301624] kvm-clock: cpu 14, msr 7872381, secondary cpu clock
[    9.904322] initcall procswaps_init+0x0/0x1e returned 0 after 36 usecs
[    9.926805] calling  slab_sysfs_init+0x0/0xea @ 1
[    9.930142] kvm-guest: stealtime: cpu 14, msr 1ed9b600
[    9.939749] initcall slab_sysfs_init+0x0/0xea returned 0 after 4466 usecs
[    9.952441] calling  fcntl_init+0x0/0x29 @ 1
[    9.980516]  #15
[    1.301624] kvm-clock: cpu 15, msr 78723c1, secondary cpu clock
[   10.015806] kvm-guest: stealtime: cpu 15, msr 1eddb600
[   10.036811] initcall fcntl_init+0x0/0x29 returned 0 after 75987 usecs
[   10.047329] calling  proc_filesystems_init+0x0/0x21 @ 1
[   10.055860] initcall proc_filesystems_init+0x0/0x21 returned 0 after 88 usecs
[   10.067658] calling  start_dirtytime_writeback+0x0/0x29 @ 1
[   10.067857]  #16
[   10.076736] initcall start_dirtytime_writeback+0x0/0x29 returned 0 after 2 usecs
[   10.091457] calling  blkdev_init+0x0/0x1b @ 1
[    1.301624] kvm-clock: cpu 16, msr 7872401, secondary cpu clock
[   10.119745] kvm-guest: stealtime: cpu 16, msr 1ee1b600
[   10.145055] initcall blkdev_init+0x0/0x1b returned 0 after 45566 usecs
[   10.155629] calling  dio_init+0x0/0x2c @ 1
[   10.181619]  #17
[    1.301624] kvm-clock: cpu 17, msr 7872441, secondary cpu clock
[   10.224798] kvm-guest: stealtime: cpu 17, msr 1ee5b600
[   10.255733] initcall dio_init+0x0/0x2c returned 0 after 89596 usecs
[   10.265306] calling  dnotify_init+0x0/0x78 @ 1
[   10.273195] initcall dnotify_init+0x0/0x78 returned 0 after 16 usecs
[   10.284651] calling  aio_setup+0x0/0x78 @ 1
[   10.338094]  #18
[    1.301624] kvm-clock: cpu 18, msr 7872481, secondary cpu clock
[   10.381059] kvm-guest: stealtime: cpu 18, msr 1ee9b600
[   10.406987] initcall aio_setup+0x0/0x78 returned 0 after 113024 usecs
[   10.416546] calling  io_uring_init+0x0/0x2c @ 1
[   10.423578] initcall io_uring_init+0x0/0x2c returned 0 after 11 usecs
[   10.433065] calling  mbcache_init+0x0/0x30 @ 1
[   10.473523]  #19
[    1.301624] kvm-clock: cpu 19, msr 78724c1, secondary cpu clock
[   10.516681] kvm-guest: stealtime: cpu 19, msr 1eedb600
[   10.540507] initcall mbcache_init+0x0/0x30 returned 0 after 98236 usecs
[   10.550953] calling  init_grace+0x0/0xc @ 1
[   10.558033] initcall init_grace+0x0/0xc returned 0 after 29 usecs
[   10.567967] calling  init_v2_quota_format+0x0/0x21 @ 1
[   10.575992] initcall init_v2_quota_format+0x0/0x21 returned 0 after 68 usecs
[   10.581021]  #20
[   10.587370] calling  init_devpts_fs+0x0/0x27 @ 1
[   10.598144] initcall init_devpts_fs+0x0/0x27 returned 0 after 227 usecs
[    1.301624] kvm-clock: cpu 20, msr 7872501, secondary cpu clock
[   10.608499] calling  ext4_init_fs+0x0/0x1d0 @ 1
[   10.631333] kvm-guest: stealtime: cpu 20, msr 1ef1b600
[   10.645740] initcall ext4_init_fs+0x0/0x1d0 returned 0 after 19053 usecs
[   10.656289] calling  journal_init+0x0/0x11c @ 1
[   10.671218]  #21
[    1.301624] kvm-clock: cpu 21, msr 7872541, secondary cpu clock
[   10.710148] kvm-guest: stealtime: cpu 21, msr 1ef5b600
[   10.740080] initcall journal_init+0x0/0x11c returned 0 after 74553 usecs
[   10.754079] calling  init_fat_fs+0x0/0x49 @ 1
[   10.781037]  #22
[    1.301624] kvm-clock: cpu 22, msr 7872581, secondary cpu clock
[   10.824955] kvm-guest: stealtime: cpu 22, msr 1ef9b600
[   10.852541] initcall init_fat_fs+0x0/0x49 returned 0 after 88509 usecs
[   10.863643] calling  init_vfat_fs+0x0/0xc @ 1
[   10.870927] initcall init_vfat_fs+0x0/0xc returned 0 after 5 usecs
[   10.881031] calling  init_msdos_fs+0x0/0xc @ 1
[   10.888894] initcall init_msdos_fs+0x0/0xc returned 0 after 5 usecs
[   10.894605]  #23
[   10.899299] calling  init_iso9660_fs+0x0/0x6c @ 1
[    1.301624] kvm-clock: cpu 23, msr 78725c1, secondary cpu clock
[   10.948773] kvm-guest: stealtime: cpu 23, msr 1efdb600
[   10.975757] initcall init_iso9660_fs+0x0/0x6c returned 0 after 74651 usecs
[   10.988084] calling  init_nfs_fs+0x0/0x13a @ 1
[   11.002797] initcall init_nfs_fs+0x0/0x13a returned 0 after 5865 usecs
[   11.014122] calling  init_nfs_v2+0x0/0x13 @ 1
[   11.021787] initcall init_nfs_v2+0x0/0x13 returned 0 after 214 usecs
[   11.032281] calling  init_nfs_v3+0x0/0x13 @ 1
[   11.038720]  #24
[   11.039764] initcall init_nfs_v3+0x0/0x13 returned 0 after 2 usecs
[   11.039771] calling  init_nfs_v4+0x0/0x32 @ 1
[   11.059552] NFS: Registering the id_resolver key type
[    1.301624] kvm-clock: cpu 24, msr 7872601, secondary cpu clock
[   11.068848] Key type id_resolver registered
[   11.089546] Key type id_legacy registered
[   11.094194] kvm-guest: stealtime: cpu 24, msr 1f01b600
[   11.096247] initcall init_nfs_v4+0x0/0x32 returned 0 after 35909 usecs
[   11.116699] calling  init_nlm+0x0/0x5b @ 1
[   11.123522] initcall init_nlm+0x0/0x5b returned 0 after 217 usecs
[   11.133069] calling  init_nls_cp437+0x0/0xe @ 1
[   11.140669] initcall init_nls_cp437+0x0/0xe returned 0 after 107 usecs
[   11.151271] calling  init_nls_ascii+0x0/0xe @ 1
[   11.158722] initcall init_nls_ascii+0x0/0xe returned 0 after 1 usecs
[   11.168808] calling  init_nls_iso8859_1+0x0/0xe @ 1
[   11.171762]  #25
[   11.177811] initcall init_nls_iso8859_1+0x0/0xe returned 0 after 2 usecs
[   11.177816] calling  init_nls_utf8+0x0/0x21 @ 1
[   11.177822] initcall init_nls_utf8+0x0/0x21 returned 0 after 0 usecs
[    1.301624] kvm-clock: cpu 25, msr 7872641, secondary cpu clock
[   11.211709] calling  init_autofs_fs+0x0/0x25 @ 1
[   11.243869] initcall init_autofs_fs+0x0/0x25 returned 0 after 15267 usecs
[   11.244900] kvm-guest: stealtime: cpu 25, msr 1f05b600
[   11.255795] calling  ipc_init+0x0/0x24 @ 1
[   11.272201] initcall ipc_init+0x0/0x24 returned 0 after 1023 usecs
[   11.282488] calling  ipc_sysctl_init+0x0/0x13 @ 1
[   11.290187] initcall ipc_sysctl_init+0x0/0x13 returned 0 after 14 usecs
[   11.300584] calling  init_mqueue_fs+0x0/0x9a @ 1
[   11.307545]  #26
[    1.301624] kvm-clock: cpu 26, msr 7872681, secondary cpu clock
[   11.347804] kvm-guest: stealtime: cpu 26, msr 1f09b600
[   11.374532] initcall init_mqueue_fs+0x0/0x9a returned 0 after 64610 usecs
[   11.388884] calling  key_proc_init+0x0/0x63 @ 1
[   11.396716] initcall key_proc_init+0x0/0x63 returned 0 after 7 usecs
[   11.406034] calling  selinux_nf_ip_init+0x0/0x2e @ 1
[   11.413893] initcall selinux_nf_ip_init+0x0/0x2e returned 0 after 826 usecs
[   11.422121]  #27
[   11.424534] calling  init_sel_fs+0x0/0x116 @ 1
[   11.424537] initcall init_sel_fs+0x0/0x116 returned 0 after 0 usecs
[   11.424540] calling  selnl_init+0x0/0x7c @ 1
[   11.424613] initcall selnl_init+0x0/0x7c returned 0 after 68 usecs
[    1.301624] kvm-clock: cpu 27, msr 78726c1, secondary cpu clock
[   11.445880] calling  sel_netif_init+0x0/0x36 @ 1
[   11.481611] initcall sel_netif_init+0x0/0x36 returned 0 after 1460 usecs
[   11.486270] kvm-guest: stealtime: cpu 27, msr 1f0db600
[   11.493194] calling  sel_netnode_init+0x0/0x33 @ 1
[   11.509705] initcall sel_netnode_init+0x0/0x33 returned 0 after 1 usecs
[   11.520643] calling  sel_netport_init+0x0/0x33 @ 1
[   11.528384] initcall sel_netport_init+0x0/0x33 returned 0 after 1 usecs
[   11.538676] calling  aurule_init+0x0/0x2a @ 1
[   11.546530] initcall aurule_init+0x0/0x2a returned 0 after 1 usecs
[   11.551671]  #28
[   11.557535] calling  crypto_algapi_init+0x0/0xc @ 1
[   11.569886] initcall crypto_algapi_init+0x0/0xc returned 0 after 7 usecs
[    1.301624] kvm-clock: cpu 28, msr 7872701, secondary cpu clock
[   11.580123] calling  jent_mod_init+0x0/0x2d @ 1
[   11.605297] kvm-guest: stealtime: cpu 28, msr 1f11b600
[   11.617003] initcall jent_mod_init+0x0/0x2d returned 0 after 19883 usecs
[   11.627661] calling  asymmetric_key_init+0x0/0xc @ 1
[   11.636091] Key type asymmetric registered
[   11.643078] initcall asymmetric_key_init+0x0/0xc returned 0 after 7059 usecs
[   11.653561] calling  x509_key_init+0x0/0xc @ 1
[   11.660943] Asymmetric key parser 'x509' registered
[   11.668541] initcall x509_key_init+0x0/0xc returned 0 after 7479 usecs
[   11.672231]  #29
[   11.679058] calling  proc_genhd_init+0x0/0x41 @ 1
[   11.689809] initcall proc_genhd_init+0x0/0x41 returned 0 after 7 usecs
[    1.301624] kvm-clock: cpu 29, msr 7872741, secondary cpu clock
[   11.699737] calling  bsg_init+0x0/0x113 @ 1
[   11.739082] Block layer SCSI generic (bsg) driver version 0.4 loaded (major 251)
[   11.743742] kvm-guest: stealtime: cpu 29, msr 1f15b600
[   11.751433] initcall bsg_init+0x0/0x113 returned 0 after 34391 usecs
[   11.772125] calling  deadline_init+0x0/0xc @ 1
[   11.779098] io scheduler mq-deadline registered
[   11.785653] initcall deadline_init+0x0/0xc returned 0 after 6575 usecs
[   11.795069] calling  kyber_init+0x0/0xc @ 1
[   11.802044] io scheduler kyber registered
[   11.806129]  #30
[   11.808189] initcall kyber_init+0x0/0xc returned 0 after 6003 usecs
[   11.820560] calling  mod_init+0x0/0x7 @ 1
[    1.301624] kvm-clock: cpu 30, msr 7872781, secondary cpu clock
[   11.826646] initcall mod_init+0x0/0x7 returned 0 after 0 usecs
[   11.844947] calling  percpu_counter_startup+0x0/0x55 @ 1
[   11.859920] kvm-guest: stealtime: cpu 30, msr 1f19b600
[   11.970870]  #31
[    1.301624] kvm-clock: cpu 31, msr 78727c1, secondary cpu clock
[   12.027129] kvm-guest: stealtime: cpu 31, msr 1f1db600
[   12.051693] initcall percpu_counter_startup+0x0/0x55 returned 0 after 193245 usecs
[   12.065134] calling  sg_pool_init+0x0/0xb4 @ 1
[   12.098206]  #32
[    1.301624] kvm-clock: cpu 32, msr 7872801, secondary cpu clock
[   12.148131] kvm-guest: stealtime: cpu 32, msr 1f21b600
[   12.172399] initcall sg_pool_init+0x0/0xb4 returned 0 after 97651 usecs
[   12.184613] calling  pcie_portdrv_init+0x0/0x39 @ 1
[   12.193826] initcall pcie_portdrv_init+0x0/0x39 returned 0 after 81 usecs
[   12.206205] calling  pci_proc_init+0x0/0x68 @ 1
[   12.214510] initcall pci_proc_init+0x0/0x68 returned 0 after 93 usecs
[   12.224996] calling  pci_hotplug_init+0x0/0x7 @ 1
[   12.232054] initcall pci_hotplug_init+0x0/0x7 returned 0 after 1 usecs
[   12.239199]  #33
[   12.241730] calling  efifb_driver_init+0x0/0xe @ 1
[   12.251140] initcall efifb_driver_init+0x0/0xe returned 0 after 27 usecs
[   12.260767] calling  ged_driver_init+0x0/0xe @ 1
[    1.301624] kvm-clock: cpu 33, msr 7872841, secondary cpu clock
[   12.267951] initcall ged_driver_init+0x0/0xe returned 0 after 161 usecs
[   12.290409] calling  acpi_ac_init+0x0/0x92 @ 1
[   12.297395] kvm-guest: stealtime: cpu 33, msr 1f25b600
[   12.298937] initcall acpi_ac_init+0x0/0x92 returned 0 after 801 usecs
[   12.316652] calling  acpi_button_driver_init+0x0/0x52 @ 1
[   12.338433] input: Power Button as /devices/LNXSYSTM:00/LNXPWRBN:00/input/input0
[   12.353466] ACPI: Power Button [PWRF]
[   12.359795] initcall acpi_button_driver_init+0x0/0x52 returned 0 after 34341 usecs
[   12.371429] calling  acpi_fan_driver_init+0x0/0xe @ 1
[   12.379630] initcall acpi_fan_driver_init+0x0/0xe returned 0 after 27 usecs
[   12.381455]  #34
[   12.390102] calling  acpi_video_init+0x0/0xcb @ 1
[   12.400782] initcall acpi_video_init+0x0/0xcb returned 0 after 198 usecs
[    1.301624] kvm-clock: cpu 34, msr 7872881, secondary cpu clock
[   12.412916] calling  acpi_processor_driver_init+0x0/0xad @ 1
[   12.462877] kvm-guest: stealtime: cpu 34, msr 1f29b600
[   12.531418]  #35
[    1.301624] kvm-clock: cpu 35, msr 78728c1, secondary cpu clock
[   12.602345] kvm-guest: stealtime: cpu 35, msr 1f2db600
[   12.659971] torture_onoff-torture:rcu: Initial online 36: errno -16
[   12.665713] initcall acpi_processor_driver_init+0x0/0xad returned 0 after 225813 usecs
[   12.684896] calling  acpi_thermal_init+0x0/0x71 @ 1
[   12.698695] initcall acpi_thermal_init+0x0/0x71 returned 0 after 5163 usecs
[   12.709294] calling  acpi_battery_init+0x0/0x32 @ 1
[   12.717708] initcall acpi_battery_init+0x0/0x32 returned 0 after 935 usecs
[   12.727769] calling  bgrt_init+0x0/0xb6 @ 1
[   12.734435] initcall bgrt_init+0x0/0xb6 returned -19 after 0 usecs
[   12.744469] calling  gpio_clk_driver_init+0x0/0xe @ 1
[   12.745812]  #37
[   12.752842] initcall gpio_clk_driver_init+0x0/0xe returned 0 after 35 usecs
[   12.767132] calling  plt_clk_driver_init+0x0/0xe @ 1
[   12.774098] initcall plt_clk_driver_init+0x0/0xe returned 0 after 181 usecs
[    1.301624] kvm-clock: cpu 37, msr 7872941, secondary cpu clock
[   12.783567] calling  virtio_pci_driver_init+0x0/0x15 @ 1
[   12.800940] initcall virtio_pci_driver_init+0x0/0x15 returned 0 after 177 usecs
[   12.859054] calling  n_null_init+0x0/0x1e @ 1
[   12.864204] kvm-guest: stealtime: cpu 37, msr 1f35b600
[   12.866453] initcall n_null_init+0x0/0x1e returned 0 after 23 usecs
[   12.885062] calling  pty_init+0x0/0x1e8 @ 1
[   12.896773] initcall pty_init+0x0/0x1e8 returned 0 after 4477 usecs
[   12.906461] calling  sysrq_init+0x0/0x62 @ 1
[   12.913890] initcall sysrq_init+0x0/0x62 returned 0 after 257 usecs
[   12.924000] calling  serial8250_init+0x0/0x17e @ 1
[   12.931369] Serial: 8250/16550 driver, 4 ports, IRQ sharing enabled
[   12.943125] 00:03: ttyS0 at I/O 0x3f8 (irq = 4, base_baud = 115200) is a 16550A
[   12.964951]  #38
[   12.966178] initcall serial8250_init+0x0/0x17e returned 0 after 34150 usecs
[    1.301624] kvm-clock: cpu 38, msr 7872981, secondary cpu clock
[   12.982003] calling  serial_pci_driver_init+0x0/0x15 @ 1
[   13.005996] initcall serial_pci_driver_init+0x0/0x15 returned 0 after 3062 usecs
[   13.019376] calling  exar_pci_driver_init+0x0/0x15 @ 1
[   13.024890] kvm-guest: stealtime: cpu 38, msr 1f39b600
[   13.027045] initcall exar_pci_driver_init+0x0/0x15 returned 0 after 28 usecs
[   13.047764] calling  lpss8250_pci_driver_init+0x0/0x15 @ 1
[   13.056674] initcall lpss8250_pci_driver_init+0x0/0x15 returned 0 after 126 usecs
[   13.070059] calling  mid8250_pci_driver_init+0x0/0x15 @ 1
[   13.079898] initcall mid8250_pci_driver_init+0x0/0x15 returned 0 after 33 usecs
[   13.092994] calling  virtio_console_init+0x0/0xff @ 1
[   13.102054] initcall virtio_console_init+0x0/0xff returned 0 after 288 usecs
[   13.113404] calling  hpet_init+0x0/0x64 @ 1
[   13.113587]  #39
[   13.123937] initcall hpet_init+0x0/0x64 returned 0 after 3248 usecs
[   13.138751] calling  nvram_module_init+0x0/0x83 @ 1
[   13.150198] Non-volatile memory driver v1.3
[    1.301624] kvm-clock: cpu 39, msr 78729c1, secondary cpu clock
[   13.157008] initcall nvram_module_init+0x0/0x83 returned 0 after 8886 usecs
[   13.179022] calling  hwrng_modinit+0x0/0x8a @ 1
[   13.190512] initcall hwrng_modinit+0x0/0x8a returned 0 after 3630 usecs
[   13.200326] calling  mod_init+0x0/0x48 @ 1
[   13.206729] initcall mod_init+0x0/0x48 returned -19 after 0 usecs
[   13.216125] calling  agp_init+0x0/0x23 @ 1
[   13.222184] Linux agpgart interface v0.103
[   13.229050] initcall agp_init+0x0/0x23 returned 0 after 6702 usecs
[   13.238113] calling  agp_amd64_mod_init+0x0/0x5 @ 1
[   13.245985] initcall agp_amd64_mod_init+0x0/0x5 returned -19 after 106 usecs
[   13.257626] calling  agp_intel_init+0x0/0x28 @ 1
[   13.375118] kvm-guest: stealtime: cpu 39, msr 1f3db600
[   13.416574]  #40
[    1.301624] kvm-clock: cpu 40, msr 7872a01, secondary cpu clock
[   13.493084] kvm-guest: stealtime: cpu 40, msr 1f41b600
[   13.532023] initcall agp_intel_init+0x0/0x28 returned 0 after 257021 usecs
[   13.543250] calling  drm_kms_helper_init+0x0/0x7 @ 1
[   13.549073]  #41
[   13.552925] initcall drm_kms_helper_init+0x0/0x7 returned 0 after 64 usecs
[   13.567713] calling  drm_core_init+0x0/0xa4 @ 1
[    1.301624] kvm-clock: cpu 41, msr 7872a41, secondary cpu clock
[   13.575451] initcall drm_core_init+0x0/0xa4 returned 0 after 464 usecs
[   13.629404] calling  i915_init+0x0/0x6b @ 1
[   13.637694] kvm-guest: stealtime: cpu 41, msr 1f45b600
[   13.649043] initcall i915_init+0x0/0x6b returned 0 after 12337 usecs
[   13.659245] calling  cn_proc_init+0x0/0x35 @ 1
[   13.665397]  #42
[   13.666508] initcall cn_proc_init+0x0/0x35 returned 0 after 2 usecs
[   13.679558] calling  topology_sysfs_init+0x0/0x27 @ 1
[    1.301624] kvm-clock: cpu 42, msr 7872a81, secondary cpu clock
[   13.725843] kvm-guest: stealtime: cpu 42, msr 1f49b600
[   13.748816] initcall topology_sysfs_init+0x0/0x27 returned 0 after 59829 usecs
[   13.751091] rcu-torture: torture_onoff begin holdoff
[   13.760447] calling  cacheinfo_sysfs_init+0x0/0x27 @ 1
[   13.814162] initcall cacheinfo_sysfs_init+0x0/0x27 returned 0 after 52444 usecs
[   13.825890] calling  loop_init+0x0/0x168 @ 1
[   13.898201] loop: module loaded
[   13.903630] initcall loop_init+0x0/0x168 returned 0 after 69365 usecs
[   13.914588] calling  mac_hid_init+0x0/0x21 @ 1
[   13.922320] initcall mac_hid_init+0x0/0x21 returned 0 after 7 usecs
[   13.932860] calling  spi_transport_init+0x0/0x74 @ 1
[   13.941518] initcall spi_transport_init+0x0/0x74 returned 0 after 81 usecs
[   13.954451] calling  init_sd+0x0/0x18c @ 1
[   13.962868] initcall init_sd+0x0/0x18c returned 0 after 248 usecs
[   13.971918] calling  init_sr+0x0/0x43 @ 1
[   13.978336] initcall init_sr+0x0/0x43 returned 0 after 44 usecs
[   13.987349] calling  init_sg+0x0/0x1c0 @ 1
[   13.993700] initcall init_sg+0x0/0x1c0 returned 0 after 75 usecs
[   14.003357] calling  ahci_pci_driver_init+0x0/0x15 @ 1
[   14.011790] ahci 0000:00:1f.2: version 3.0
[   14.020206] PCI Interrupt Link [GSIA] enabled at IRQ 16
[   14.037181] ahci 0000:00:1f.2: AHCI 0001.0000 32 slots 6 ports 1.5 Gbps 0x3f impl SATA mode
[   14.053863] ahci 0000:00:1f.2: flags: 64bit ncq only 
[   14.095670] scsi host0: ahci
[   14.130320] scsi host1: ahci
[   14.179323] scsi host2: ahci
[   14.179586] rcu_torture_rea (394) used greatest stack depth: 14944 bytes left
[   14.187037] scsi host3: ahci
[   14.210771] scsi host4: ahci
[   14.219051] rcu-torture: rcu_torture_read_exit: End of episode
[   14.225881] scsi host5: ahci
[   14.234143] ata1: SATA max UDMA/133 abar m4096@0xfebf1000 port 0xfebf1100 irq 24
[   14.246919] ata2: SATA max UDMA/133 abar m4096@0xfebf1000 port 0xfebf1180 irq 24
[   14.259541] ata3: SATA max UDMA/133 abar m4096@0xfebf1000 port 0xfebf1200 irq 24
[   14.272348] ata4: SATA max UDMA/133 abar m4096@0xfebf1000 port 0xfebf1280 irq 24
[   14.285589] ata5: SATA max UDMA/133 abar m4096@0xfebf1000 port 0xfebf1300 irq 24
[   14.299000] ata6: SATA max UDMA/133 abar m4096@0xfebf1000 port 0xfebf1380 irq 24
[   14.325615] initcall ahci_pci_driver_init+0x0/0x15 returned 0 after 306574 usecs
[   14.337904] calling  piix_init+0x0/0x26 @ 1
[   14.346862] initcall piix_init+0x0/0x26 returned 0 after 73 usecs
[   14.357513] calling  amd_pci_driver_init+0x0/0x15 @ 1
[   14.367727] initcall amd_pci_driver_init+0x0/0x15 returned 0 after 55 usecs
[   14.380093] calling  oldpiix_pci_driver_init+0x0/0x15 @ 1
[   14.388719] initcall oldpiix_pci_driver_init+0x0/0x15 returned 0 after 58 usecs
[   14.400479] calling  sch_pci_driver_init+0x0/0x15 @ 1
[   14.408278] initcall sch_pci_driver_init+0x0/0x15 returned 0 after 28 usecs
[   14.419761] calling  net_olddevs_init+0x0/0x55 @ 1
[   14.427601] initcall net_olddevs_init+0x0/0x55 returned 0 after 46 usecs
[   14.438644] calling  blackhole_netdev_init+0x0/0x78 @ 1
[   14.447612] initcall blackhole_netdev_init+0x0/0x78 returned 0 after 402 usecs
[   14.459592] calling  phy_module_init+0x0/0x13 @ 1
[   14.467525] initcall phy_module_init+0x0/0x13 returned 0 after 189 usecs
[   14.478406] calling  tg3_driver_init+0x0/0x15 @ 1
[   14.485994] initcall tg3_driver_init+0x0/0x15 returned 0 after 76 usecs
[   14.496738] calling  e100_init_module+0x0/0x4c @ 1
[   14.504451] e100: Intel(R) PRO/100 Network Driver
[   14.512583] e100: Copyright(c) 1999-2006 Intel Corporation
[   14.522003] initcall e100_init_module+0x0/0x4c returned 0 after 17173 usecs
[   14.531764] calling  e1000_init_module+0x0/0x72 @ 1
[   14.538060] e1000: Intel(R) PRO/1000 Network Driver
[   14.545534] e1000: Copyright (c) 1999-2006 Intel Corporation.
[   14.554409] initcall e1000_init_module+0x0/0x72 returned 0 after 16006 usecs
[   14.564478] calling  e1000_init_module+0x0/0x2d @ 1
[   14.572258] e1000e: Intel(R) PRO/1000 Network Driver
[   14.579730] e1000e: Copyright(c) 1999 - 2015 Intel Corporation.
[   14.587955] initcall e1000_init_module+0x0/0x2d returned 0 after 15394 usecs
[   14.598450] calling  sky2_init_module+0x0/0x21 @ 1
[   14.605547] sky2: driver version 1.30
[   14.610956] initcall sky2_init_module+0x0/0x21 returned 0 after 5278 usecs
[   14.620894] calling  forcedeth_pci_driver_init+0x0/0x15 @ 1
[   14.629144] initcall forcedeth_pci_driver_init+0x0/0x15 returned 0 after 59 usecs
[   14.640438] calling  rtl8139_init_module+0x0/0x15 @ 1
[   14.647513] initcall rtl8139_init_module+0x0/0x15 returned 0 after 67 usecs
[   14.658373] calling  rtl8169_pci_driver_init+0x0/0x15 @ 1
[   14.661548] ata3: SATA link up 1.5 Gbps (SStatus 113 SControl 300)
[   14.667378] initcall rtl8169_pci_driver_init+0x0/0x15 returned 0 after 64 usecs
[   14.681017] ata5: SATA link down (SStatus 0 SControl 300)
[   14.690343] calling  cdrom_init+0x0/0xc @ 1
[   14.700300] ata1: SATA link down (SStatus 0 SControl 300)
[   14.704514] initcall cdrom_init+0x0/0xc returned 0 after 82 usecs
[   14.715096] ata2: SATA link down (SStatus 0 SControl 300)
[   14.722026] calling  nonstatic_sysfs_init+0x0/0xc @ 1
[   14.722031] initcall nonstatic_sysfs_init+0x0/0xc returned 0 after 1 usecs
[   14.731660] ata6: SATA link down (SStatus 0 SControl 300)
[   14.737589] calling  yenta_cardbus_driver_init+0x0/0x15 @ 1
[   14.737652] initcall yenta_cardbus_driver_init+0x0/0x15 returned 0 after 58 usecs
[   14.750024] ata4: SATA link down (SStatus 0 SControl 300)
[   14.756562] calling  mon_init+0x0/0x12d @ 1
[   14.757535] initcall mon_init+0x0/0x12d returned 0 after 945 usecs
[   14.765793] ata3.00: ATAPI: QEMU DVD-ROM, 2.5+, max UDMA/100
[   14.776081] calling  ehci_hcd_init+0x0/0x56 @ 1
[   14.784499] ata3.00: applying bridge limits
[   14.790345] ehci_hcd: USB 2.0 'Enhanced' Host Controller (EHCI) Driver
[   14.790352] initcall ehci_hcd_init+0x0/0x56 returned 0 after 3 usecs
[   14.801948] ata3.00: configured for UDMA/100
[   14.806986] calling  ehci_pci_init+0x0/0x64 @ 1
[   14.806989] ehci-pci: EHCI PCI platform driver
[   14.807104] initcall ehci_pci_init+0x0/0x64 returned 0 after 112 usecs
[   14.831690] scsi 2:0:0:0: CD-ROM            QEMU     QEMU DVD-ROM     2.5+ PQ: 0 ANSI: 5
[   14.837795] calling  ohci_hcd_mod_init+0x0/0x4e @ 1
[   14.837798] ohci_hcd: USB 1.1 'Open' Host Controller (OHCI) Driver
[   14.896782] initcall ohci_hcd_mod_init+0x0/0x4e returned 0 after 57592 usecs
[   14.906749] calling  ohci_pci_init+0x0/0x64 @ 1
[   14.912924] ohci-pci: OHCI PCI platform driver
[   14.919756] initcall ohci_pci_init+0x0/0x64 returned 0 after 6668 usecs
[   14.929362] calling  uhci_hcd_init+0x0/0xa8 @ 1
[   14.936682] uhci_hcd: USB Universal Host Controller Interface driver
[   14.939743] sr 2:0:0:0: [sr0] scsi3-mmc drive: 4x/4x cd/rw xa/form2 tray
[   14.946654] initcall uhci_hcd_init+0x0/0xa8 returned 0 after 9737 usecs
[   14.956429] cdrom: Uniform CD-ROM driver Revision: 3.20
[   14.966236] calling  xhci_hcd_init+0x0/0x1e @ 1
[   14.980806] initcall xhci_hcd_init+0x0/0x1e returned 0 after 30 usecs
[   14.989763] calling  xhci_pci_init+0x0/0x49 @ 1
[   14.996124] initcall xhci_pci_init+0x0/0x49 returned 0 after 66 usecs
[   15.005530] calling  usblp_driver_init+0x0/0x15 @ 1
[   15.012573] usbcore: registered new interface driver usblp
[   15.020999] initcall usblp_driver_init+0x0/0x15 returned 0 after 8324 usecs
[   15.030980] calling  usb_storage_driver_init+0x0/0x2a @ 1
[   15.038857] usbcore: registered new interface driver usb-storage
[   15.048349] initcall usb_storage_driver_init+0x0/0x2a returned 0 after 9352 usecs
[   15.059744] calling  i8042_init+0x0/0x4c2 @ 1
[   15.066723] i8042: PNP: PS/2 Controller [PNP0303:KBD,PNP0f13:MOU] at 0x60,0x64 irq 1,12
[   15.090113] serio: i8042 KBD port at 0x60,0x64 irq 1
[   15.098099] serio: i8042 AUX port at 0x60,0x64 irq 12
[   15.107945] initcall i8042_init+0x0/0x4c2 returned 0 after 40381 usecs
[   15.117878] calling  serport_init+0x0/0x2c @ 1
[   15.124119] initcall serport_init+0x0/0x2c returned 0 after 1 usecs
[   15.133071] calling  input_leds_init+0x0/0xc @ 1
[   15.140070] initcall input_leds_init+0x0/0xc returned 0 after 2 usecs
[   15.149237] calling  evdev_init+0x0/0xc @ 1
[   15.155748] initcall evdev_init+0x0/0xc returned 0 after 727 usecs
[   15.165661] calling  atkbd_init+0x0/0x21 @ 1
[   15.171681] initcall atkbd_init+0x0/0x21 returned 0 after 308 usecs
[   15.180565] calling  psmouse_init+0x0/0x7f @ 1
[   15.187536] initcall psmouse_init+0x0/0x7f returned 0 after 926 usecs
[   15.191681] input: AT Translated Set 2 keyboard as /devices/platform/i8042/serio0/input/input1
[   15.197743] calling  cmos_init+0x0/0x73 @ 1
[   15.218801] rtc_cmos 00:04: RTC can wake from S4
[   15.233502] rtc_cmos 00:04: registered as rtc0
[   15.241978] rtc_cmos 00:04: alarms up to one day, y3k, 242 bytes nvram, hpet irqs
[   15.254784] initcall cmos_init+0x0/0x73 returned 0 after 35747 usecs
[   15.265581] calling  smbalert_driver_init+0x0/0xe @ 1
[   15.273539] initcall smbalert_driver_init+0x0/0xe returned 0 after 90 usecs
[   15.284569] calling  i2c_i801_init+0x0/0xc5 @ 1
[   15.293107] i801_smbus 0000:00:1f.3: SMBus using PCI interrupt
[   15.296826] sr 2:0:0:0: Attached scsi CD-ROM sr0
[   15.301877] i2c i2c-0: 1/1 memory slots populated (from DMI)
[   15.309445] sr 2:0:0:0: Attached scsi generic sg0 type 5
[   15.316301] i2c i2c-0: Memory type 0x07 not supported yet, not instantiating SPD
[   15.337424] initcall i2c_i801_init+0x0/0xc5 returned 0 after 45343 usecs
[   15.348091] calling  ptp_kvm_init+0x0/0xf0 @ 1
[   15.355443] initcall ptp_kvm_init+0x0/0xf0 returned 0 after 729 usecs
[   15.365490] calling  dm_init+0x0/0x3c @ 1
[   15.372832] device-mapper: ioctl: 4.43.0-ioctl (2020-10-01) initialised: dm-devel@redhat.com
[   15.385723] initcall dm_init+0x0/0x3c returned 0 after 13646 usecs
[   15.395173] calling  dm_mirror_init+0x0/0x29 @ 1
[   15.402177] initcall dm_mirror_init+0x0/0x29 returned 0 after 24 usecs
[   15.412487] calling  dm_dirty_log_init+0x0/0x4f @ 1
[   15.419642] initcall dm_dirty_log_init+0x0/0x4f returned 0 after 17 usecs
[   15.430186] calling  dm_zero_init+0x0/0x29 @ 1
[   15.437420] initcall dm_zero_init+0x0/0x29 returned 0 after 3 usecs
[   15.447355] calling  intel_pstate_init+0x0/0x513 @ 1
[   15.455159] intel_pstate: CPU model not supported
[   15.462433] initcall intel_pstate_init+0x0/0x513 returned -19 after 7795 usecs
[   15.474769] calling  haltpoll_init+0x0/0xc0 @ 1
[   15.483226] initcall haltpoll_init+0x0/0xc0 returned -19 after 91 usecs
[   15.494432] calling  efivars_sysfs_init+0x0/0x30 @ 1
[   15.505078] initcall efivars_sysfs_init+0x0/0x30 returned 0 after 146 usecs
[   15.514652] calling  esrt_sysfs_init+0x0/0x2a2 @ 1
[   15.523399] initcall esrt_sysfs_init+0x0/0x2a2 returned -38 after 225 usecs
[   15.532801] calling  hid_init+0x0/0x5c @ 1
[   15.538508] hid: raw HID events driver (C) Jiri Kosina
[   15.545889] initcall hid_init+0x0/0x5c returned 0 after 7340 usecs
[   15.555109] calling  hid_generic_init+0x0/0x15 @ 1
