c[?7l[2J[0mSeaBIOS (version 1.16.0-debian-1.16.0-4)
Booting from ROM...
early console in setup code
c[?7l[2J[    0.000000] Linux version 5.10.154+ (root@joelboxx.c.googlers.com) (gcc (Debian 12.2.0-3) 12.2.0, GNU ld (GNU Binutils for Debian) 2.39) #1 SMP PREEMPT Tue Dec 13 06:13:22 UTC 2022
[    0.000000] Command line: selinux=0 initcall_debug debug console=ttyS0 rcutorture.onoff_interval=200 rcutorture.onoff_holdoff=30 rcutree.gp_preinit_delay=12 rcutree.gp_init_delay=3 rcutree.gp_cleanup_delay=3 rcutree.kthread_prio=2 threadirqs rcutorture.n_barrier_cbs=4 rcutorture.stat_interval=15 rcutorture.shutdown_secs=1800 rcutorture.test_no_idle_hz=1 rcutorture.verbose=1
[    0.000000] x86/fpu: x87 FPU will use FXSAVE
[    0.000000] BIOS-provided physical RAM map:
[    0.000000] BIOS-e820: [mem 0x0000000000000000-0x000000000009fbff] usable
[    0.000000] BIOS-e820: [mem 0x000000000009fc00-0x000000000009ffff] reserved
[    0.000000] BIOS-e820: [mem 0x00000000000f0000-0x00000000000fffff] reserved
[    0.000000] BIOS-e820: [mem 0x0000000000100000-0x000000001ffdefff] usable
[    0.000000] BIOS-e820: [mem 0x000000001ffdf000-0x000000001fffffff] reserved
[    0.000000] BIOS-e820: [mem 0x00000000b0000000-0x00000000bfffffff] reserved
[    0.000000] BIOS-e820: [mem 0x00000000fed1c000-0x00000000fed1ffff] reserved
[    0.000000] BIOS-e820: [mem 0x00000000feffc000-0x00000000feffffff] reserved
[    0.000000] BIOS-e820: [mem 0x00000000fffc0000-0x00000000ffffffff] reserved
[    0.000000] NX (Execute Disable) protection: active
[    0.000000] SMBIOS 2.8 present.
[    0.000000] DMI: QEMU Standard PC (Q35 + ICH9, 2009), BIOS 1.16.0-debian-1.16.0-4 04/01/2014
[    0.000000] Hypervisor detected: KVM
[    0.000000] kvm-clock: Using msrs 4b564d01 and 4b564d00
[    0.000000] kvm-clock: cpu 0, msr 12ebb001, primary cpu clock
[    0.000001] kvm-clock: using sched offset of 2684177311 cycles
[    0.000149] clocksource: kvm-clock: mask: 0xffffffffffffffff max_cycles: 0x1cd42e4dffb, max_idle_ns: 881590591483 ns
[    0.000295] tsc: Detected 1999.999 MHz processor
[    0.008214] e820: update [mem 0x00000000-0x00000fff] usable ==> reserved
[    0.008219] e820: remove [mem 0x000a0000-0x000fffff] usable
[    0.008226] last_pfn = 0x1ffdf max_arch_pfn = 0x400000000
[    0.009122] MTRR default type: write-back
[    0.009124] MTRR fixed ranges enabled:
[    0.009126]   00000-9FFFF write-back
[    0.009127]   A0000-BFFFF uncachable
[    0.009128]   C0000-FFFFF write-protect
[    0.009130] MTRR variable ranges enabled:
[    0.009131]   0 base 00C0000000 mask FFC0000000 uncachable
[    0.009132]   1 disabled
[    0.009133]   2 disabled
[    0.009134]   3 disabled
[    0.009135]   4 disabled
[    0.009136]   5 disabled
[    0.009136]   6 disabled
[    0.009137]   7 disabled
[    0.009504] x86/PAT: Configuration [0-7]: WB  WC  UC- UC  WB  WC  UC- UC  
[    0.018464] found SMP MP-table at [mem 0x000f5ba0-0x000f5baf]
[    0.020144] check: Scanning 1 areas for low memory corruption
[    0.026258] ACPI: Early table checksum verification disabled
[    0.027130] ACPI: RSDP 0x00000000000F59E0 000014 (v00 BOCHS )
[    0.027273] ACPI: RSDT 0x000000001FFE281A 000038 (v01 BOCHS  BXPC     00000001 BXPC 00000001)
[    0.027424] ACPI: FACP 0x000000001FFE259A 0000F4 (v03 BOCHS  BXPC     00000001 BXPC 00000001)
[    0.027502] ACPI: DSDT 0x000000001FFE0040 00255A (v01 BOCHS  BXPC     00000001 BXPC 00000001)
[    0.027508] ACPI: FACS 0x000000001FFE0000 000040
[    0.027512] ACPI: APIC 0x000000001FFE268E 0000F0 (v01 BOCHS  BXPC     00000001 BXPC 00000001)
[    0.027517] ACPI: HPET 0x000000001FFE277E 000038 (v01 BOCHS  BXPC     00000001 BXPC 00000001)
[    0.027521] ACPI: MCFG 0x000000001FFE27B6 00003C (v01 BOCHS  BXPC     00000001 BXPC 00000001)
[    0.027526] ACPI: WAET 0x000000001FFE27F2 000028 (v01 BOCHS  BXPC     00000001 BXPC 00000001)
[    0.027530] ACPI: Reserving FACP table memory at [mem 0x1ffe259a-0x1ffe268d]
[    0.027532] ACPI: Reserving DSDT table memory at [mem 0x1ffe0040-0x1ffe2599]
[    0.027533] ACPI: Reserving FACS table memory at [mem 0x1ffe0000-0x1ffe003f]
[    0.027534] ACPI: Reserving APIC table memory at [mem 0x1ffe268e-0x1ffe277d]
[    0.027536] ACPI: Reserving HPET table memory at [mem 0x1ffe277e-0x1ffe27b5]
[    0.027537] ACPI: Reserving MCFG table memory at [mem 0x1ffe27b6-0x1ffe27f1]
[    0.027538] ACPI: Reserving WAET table memory at [mem 0x1ffe27f2-0x1ffe2819]
[    0.027838] ACPI: Local APIC address 0xfee00000
[    0.031645] No NUMA configuration found
[    0.031647] Faking a node at [mem 0x0000000000000000-0x000000001ffdefff]
[    0.031769] NODE_DATA(0) allocated [mem 0x1ffdb000-0x1ffdefff]
[    0.032440] Zone ranges:
[    0.032477]   DMA      [mem 0x0000000000001000-0x0000000000ffffff]
[    0.032479]   DMA32    [mem 0x0000000001000000-0x000000001ffdefff]
[    0.032481]   Normal   empty
[    0.032483] Movable zone start for each node
[    0.032484] Early memory node ranges
[    0.032508]   node   0: [mem 0x0000000000001000-0x000000000009efff]
[    0.032530]   node   0: [mem 0x0000000000100000-0x000000001ffdefff]
[    0.032550] Initmem setup node 0 [mem 0x0000000000001000-0x000000001ffdefff]
[    0.032553] On node 0 totalpages: 130941
[    0.032620]   DMA zone: 64 pages used for memmap
[    0.032622]   DMA zone: 21 pages reserved
[    0.032651]   DMA zone: 3998 pages, LIFO batch:0
[    0.032653]   DMA32 zone: 1984 pages used for memmap
[    0.032655]   DMA32 zone: 126943 pages, LIFO batch:31
[    0.039624] On node 0, zone DMA: 1 pages in unavailable ranges
[    0.042145] On node 0, zone DMA: 97 pages in unavailable ranges
[    0.129917] On node 0, zone DMA32: 33 pages in unavailable ranges
[    0.133581] ACPI: PM-Timer IO Port: 0x608
[    0.133586] ACPI: Local APIC address 0xfee00000
[    0.133778] ACPI: LAPIC_NMI (acpi_id[0xff] dfl dfl lint[0x1])
[    0.134659] IOAPIC[0]: apic_id 0, version 17, address 0xfec00000, GSI 0-23
[    0.134666] ACPI: INT_SRC_OVR (bus 0 bus_irq 0 global_irq 2 dfl dfl)
[    0.134699] ACPI: INT_SRC_OVR (bus 0 bus_irq 5 global_irq 5 high level)
[    0.134701] ACPI: INT_SRC_OVR (bus 0 bus_irq 9 global_irq 9 high level)
[    0.134788] ACPI: INT_SRC_OVR (bus 0 bus_irq 10 global_irq 10 high level)
[    0.134789] ACPI: INT_SRC_OVR (bus 0 bus_irq 11 global_irq 11 high level)
[    0.134792] ACPI: IRQ0 used by override.
[    0.134793] ACPI: IRQ5 used by override.
[    0.134794] ACPI: IRQ9 used by override.
[    0.134795] ACPI: IRQ10 used by override.
[    0.134796] ACPI: IRQ11 used by override.
[    0.134841] Using ACPI (MADT) for SMP configuration information
[    0.134844] ACPI: HPET id: 0x8086a201 base: 0xfed00000
[    0.135154] smpboot: Allowing 16 CPUs, 0 hotplug CPUs
[    0.136202] PM: hibernation: Registered nosave memory: [mem 0x00000000-0x00000fff]
[    0.136205] PM: hibernation: Registered nosave memory: [mem 0x0009f000-0x0009ffff]
[    0.136206] PM: hibernation: Registered nosave memory: [mem 0x000a0000-0x000effff]
[    0.136207] PM: hibernation: Registered nosave memory: [mem 0x000f0000-0x000fffff]
[    0.136211] [mem 0x20000000-0xafffffff] available for PCI devices
[    0.136239] Booting paravirtualized kernel on KVM
[    0.136668] clocksource: refined-jiffies: mask: 0xffffffff max_cycles: 0xffffffff, max_idle_ns: 1910969940391419 ns
[    0.159541] setup_percpu: NR_CPUS:16 nr_cpumask_bits:16 nr_cpu_ids:16 nr_node_ids:1
[    0.196907] percpu: Embedded 55 pages/cpu s186328 r8192 d30760 u262144
[    0.196919] pcpu-alloc: s186328 r8192 d30760 u262144 alloc=1*2097152
[    0.196921] pcpu-alloc: [0] 00 01 02 03 04 05 06 07 [0] 08 09 10 11 12 13 14 15 
[    0.197190] kvm-guest: stealtime: cpu 0, msr 1f21b600
[    0.197258] Built 1 zonelists, mobility grouping on.  Total pages: 128872
[    0.197260] Policy zone: DMA32
[    0.197278] Kernel command line: selinux=0 initcall_debug debug console=ttyS0 rcutorture.onoff_interval=200 rcutorture.onoff_holdoff=30 rcutree.gp_preinit_delay=12 rcutree.gp_init_delay=3 rcutree.gp_cleanup_delay=3 rcutree.kthread_prio=2 threadirqs rcutorture.n_barrier_cbs=4 rcutorture.stat_interval=15 rcutorture.shutdown_secs=1800 rcutorture.test_no_idle_hz=1 rcutorture.verbose=1
[    0.205423] Dentry cache hash table entries: 65536 (order: 7, 524288 bytes, linear)
[    0.209835] Inode-cache hash table entries: 32768 (order: 6, 262144 bytes, linear)
[    0.210805] mem auto-init: stack:all(zero), heap alloc:off, heap free:off
[    0.215297] Memory: 476004K/523764K available (16397K kernel code, 2561K rwdata, 4696K rodata, 1496K init, 1404K bss, 47500K reserved, 0K cma-reserved)
[    0.215802] SLUB: HWalign=64, Order=0-3, MinObjects=0, CPUs=16, Nodes=1
[    0.216011] Kernel/User page tables isolation: enabled
[    0.221325] rcu: Preemptible hierarchical RCU implementation.
[    0.221328] rcu: 	RCU event tracing is enabled.
[    0.221330] rcu: 	CONFIG_RCU_FANOUT set to non-default value of 2.
[    0.221331] rcu: 	Four(or more)-level hierarchy is enabled.
[    0.221332] rcu: 	Build-time adjustment of leaf fanout to 2.
[    0.221353] rcu: 	RCU priority boosting: priority 2 delay 500 ms.
[    0.221354] rcu: 	RCU debug GP pre-init slowdown 12 jiffies.
[    0.221356] rcu: 	RCU debug GP init slowdown 3 jiffies.
[    0.221357] rcu: 	RCU debug GP init slowdown 3 jiffies.
[    0.221384] 	Trampoline variant of Tasks RCU enabled.
[    0.221385] 	Rude variant of Tasks RCU enabled.
[    0.221415] 	Tracing variant of Tasks RCU enabled.
[    0.221472] rcu: RCU calculated value of scheduler-enlistment delay is 100 jiffies.
[    0.230817] NR_IRQS: 4352, nr_irqs: 552, preallocated irqs: 16
[    0.232264] calling  con_init+0x0/0x22a @ 0
[    0.332055] Console: colour VGA+ 80x25
[    0.332066] initcall con_init+0x0/0x22a returned 0 after 0 usecs
[    0.332069] calling  hvc_console_init+0x0/0x13 @ 0
[    0.332093] initcall hvc_console_init+0x0/0x13 returned 0 after 0 usecs
[    0.332094] calling  univ8250_console_init+0x0/0x26 @ 0
[    1.333826] printk: console [ttyS0] enabled
[    1.340061] initcall univ8250_console_init+0x0/0x26 returned 0 after 0 usecs
[    1.349598] ACPI: Core revision 20200925
[    1.356648] clocksource: hpet: mask: 0xffffffff max_cycles: 0xffffffff, max_idle_ns: 19112604467 ns
[    1.368487] APIC: Switch to symmetric I/O mode setup
[    1.374294] Switched APIC routing to physical flat.
[    1.397483] ..TIMER: vector=0x30 apic1=0 pin1=2 apic2=-1 pin2=-1
[    1.406619] clocksource: tsc-early: mask: 0xffffffffffffffff max_cycles: 0x39a85afc727, max_idle_ns: 881590685098 ns
[    1.422670] Calibrating delay loop (skipped) preset value.. 3999.99 BogoMIPS (lpj=1999999)
[    1.424348] pid_max: default: 32768 minimum: 301
[    1.425611] LSM: Security Framework initializing
[    1.426508] Mount-cache hash table entries: 1024 (order: 1, 8192 bytes, linear)
[    1.427360] Mountpoint-cache hash table entries: 1024 (order: 1, 8192 bytes, linear)
[    1.439488] Last level iTLB entries: 4KB 0, 2MB 0, 4MB 0
[    1.440334] Last level dTLB entries: 4KB 0, 2MB 0, 4MB 0, 1GB 0
[    1.441402] Spectre V1 : Mitigation: usercopy/swapgs barriers and __user pointer sanitization
[    1.442352] Spectre V2 : Mitigation: Retpolines
[    1.443331] Spectre V2 : Spectre v2 / SpectreRSB mitigation: Filling RSB on context switch
[    1.444332] Spectre V2 : Spectre v2 / SpectreRSB : Filling RSB on VMEXIT
[    1.445332] Speculative Store Bypass: Vulnerable
[    1.446373] MDS: Vulnerable: Clear CPU buffers attempted, no microcode
[    1.447331] MMIO Stale Data: Unknown: No mitigations
[    1.513653] Freeing SMP alternatives memory: 40K
[    1.617279] smpboot: CPU0: Intel Common KVM processor (family: 0xf, model: 0x6, stepping: 0x1)
[    1.620285] calling  init_hw_perf_events+0x0/0x6ce @ 1
[    1.620332] Performance Events: unsupported Netburst CPU model 6 no PMU driver, software events only.
[    1.621338] initcall init_hw_perf_events+0x0/0x6ce returned 0 after 976 usecs
[    1.622334] calling  init_real_mode+0x0/0x1e9 @ 1
[    1.624812] initcall init_real_mode+0x0/0x1e9 returned 0 after 976 usecs
[    1.625379] calling  trace_init_perf_perm_irq_work_exit+0x0/0x12 @ 1
[    1.627339] initcall trace_init_perf_perm_irq_work_exit+0x0/0x12 returned 0 after 0 usecs
[    1.628341] calling  validate_x2apic+0x0/0x4a @ 1
[    1.629361] initcall validate_x2apic+0x0/0x4a returned 0 after 0 usecs
[    1.630336] calling  register_nmi_cpu_backtrace_handler+0x0/0x15 @ 1
[    1.631335] initcall register_nmi_cpu_backtrace_handler+0x0/0x15 returned 0 after 0 usecs
[    1.632336] calling  kvm_setup_vsyscall_timeinfo+0x0/0xce @ 1
[    1.633336] initcall kvm_setup_vsyscall_timeinfo+0x0/0xce returned 0 after 0 usecs
[    1.634335] calling  spawn_ksoftirqd+0x0/0x38 @ 1
[    1.635431] initcall spawn_ksoftirqd+0x0/0x38 returned 0 after 0 usecs
[    1.636335] calling  migration_init+0x0/0x31 @ 1
[    1.637386] initcall migration_init+0x0/0x31 returned 0 after 0 usecs
[    1.638335] calling  srcu_bootup_announce+0x0/0x2f @ 1
[    1.639337] rcu: Hierarchical SRCU implementation.
[    1.640357] initcall srcu_bootup_announce+0x0/0x2f returned 0 after 976 usecs
[    1.641339] calling  rcu_spawn_gp_kthread+0x0/0x1e1 @ 1
[    1.642609] initcall rcu_spawn_gp_kthread+0x0/0x1e1 returned 0 after 0 usecs
[    1.643341] calling  check_cpu_stall_init+0x0/0x1a @ 1
[    1.644339] initcall check_cpu_stall_init+0x0/0x1a returned 0 after 0 usecs
[    1.645361] calling  rcu_sysrq_init+0x0/0x21 @ 1
[    1.646349] initcall rcu_sysrq_init+0x0/0x21 returned 0 after 0 usecs
[    1.647335] calling  trace_init_flags_sys_enter+0x0/0xe @ 1
[    1.648335] initcall trace_init_flags_sys_enter+0x0/0xe returned 0 after 0 usecs
[    1.649337] calling  trace_init_flags_sys_exit+0x0/0xe @ 1
[    1.650350] initcall trace_init_flags_sys_exit+0x0/0xe returned 0 after 0 usecs
[    1.651336] calling  cpu_stop_init+0x0/0x6e @ 1
[    1.652512] initcall cpu_stop_init+0x0/0x6e returned 0 after 0 usecs
[    1.653335] calling  init_kprobes+0x0/0x165 @ 1
[    1.655998] initcall init_kprobes+0x0/0x165 returned 0 after 976 usecs
[    1.656335] calling  init_events+0x0/0x3d @ 1
[    1.657784] initcall init_events+0x0/0x3d returned 0 after 0 usecs
[    1.658334] calling  init_trace_printk+0x0/0xc @ 1
[    1.659334] initcall init_trace_printk+0x0/0xc returned 0 after 0 usecs
[    1.660334] calling  event_trace_enable_again+0x0/0x23 @ 1
[    1.661334] initcall event_trace_enable_again+0x0/0x23 returned 0 after 0 usecs
[    1.662333] calling  static_call_init+0x0/0x77 @ 1
[    1.663333] initcall static_call_init+0x0/0x77 returned 0 after 0 usecs
[    1.664334] calling  jump_label_init_module+0x0/0xc @ 1
[    1.665334] initcall jump_label_init_module+0x0/0xc returned 0 after 0 usecs
[    1.666332] calling  init_zero_pfn+0x0/0x37 @ 1
[    1.667332] initcall init_zero_pfn+0x0/0x37 returned 0 after 0 usecs
[    1.668333] calling  initialize_ptr_random+0x0/0x54 @ 1
[    1.669333] initcall initialize_ptr_random+0x0/0x54 returned 0 after 0 usecs
[    1.670336] calling  efi_memreserve_root_init+0x0/0x25 @ 1
[    1.671371] initcall efi_memreserve_root_init+0x0/0x25 returned 0 after 0 usecs
[    1.672339] calling  efi_earlycon_remap_fb+0x0/0x51 @ 1
[    1.673339] initcall efi_earlycon_remap_fb+0x0/0x51 returned 0 after 0 usecs
[    1.676622] smp: Bringing up secondary CPUs ...
[    1.679009] x86: Booting SMP configuration:
[    1.679333] .... node  #0, CPUs:        #1
[    1.187634] kvm-clock: cpu 1, msr 12ebb041, secondary cpu clock
[    1.705328] kvm-guest: stealtime: cpu 1, msr 1f25b600
[    1.719848]   #2
[    1.187634] kvm-clock: cpu 2, msr 12ebb081, secondary cpu clock
[    1.742331] kvm-guest: stealtime: cpu 2, msr 1f29b600
[    1.756934]   #3
[    1.187634] kvm-clock: cpu 3, msr 12ebb0c1, secondary cpu clock
[    1.778921] kvm-guest: stealtime: cpu 3, msr 1f2db600
[    1.794092]   #4
[    1.187634] kvm-clock: cpu 4, msr 12ebb101, secondary cpu clock
[    1.816625] kvm-guest: stealtime: cpu 4, msr 1f31b600
[    1.831972]   #5
[    1.187634] kvm-clock: cpu 5, msr 12ebb141, secondary cpu clock
[    1.854526] kvm-guest: stealtime: cpu 5, msr 1f35b600
[    1.869148]   #6
[    1.187634] kvm-clock: cpu 6, msr 12ebb181, secondary cpu clock
[    1.891721] kvm-guest: stealtime: cpu 6, msr 1f39b600
[    1.907176]   #7
[    1.187634] kvm-clock: cpu 7, msr 12ebb1c1, secondary cpu clock
[    1.932525] kvm-guest: stealtime: cpu 7, msr 1f3db600
[    1.953174]   #8
[    1.187634] kvm-clock: cpu 8, msr 12ebb201, secondary cpu clock
[    1.975503] kvm-guest: stealtime: cpu 8, msr 1f41b600
[    1.990337]   #9
[    1.187634] kvm-clock: cpu 9, msr 12ebb241, secondary cpu clock
[    2.013676] kvm-guest: stealtime: cpu 9, msr 1f45b600
[    2.029229]  #10
[    1.187634] kvm-clock: cpu 10, msr 12ebb281, secondary cpu clock
[    2.052328] kvm-guest: stealtime: cpu 10, msr 1f49b600
[    2.068248]  #11
[    1.187634] kvm-clock: cpu 11, msr 12ebb2c1, secondary cpu clock
[    2.089942] kvm-guest: stealtime: cpu 11, msr 1f4db600
[    2.106270]  #12
[    1.187634] kvm-clock: cpu 12, msr 12ebb301, secondary cpu clock
[    2.128874] kvm-guest: stealtime: cpu 12, msr 1f51b600
[    2.145338]  #13
[    1.187634] kvm-clock: cpu 13, msr 12ebb341, secondary cpu clock
[    2.167909] kvm-guest: stealtime: cpu 13, msr 1f55b600
[    2.184393]  #14
[    1.187634] kvm-clock: cpu 14, msr 12ebb381, secondary cpu clock
[    2.210659] kvm-guest: stealtime: cpu 14, msr 1f59b600
[    2.229838]  #15
[    1.187634] kvm-clock: cpu 15, msr 12ebb3c1, secondary cpu clock
[    2.256684] kvm-guest: stealtime: cpu 15, msr 1f5db600
[    2.273770] smp: Brought up 1 node, 16 CPUs
[    2.274345] smpboot: Max logical packages: 1
[    2.275345] smpboot: Total of 16 processors activated (63999.96 BogoMIPS)
[    2.301640] devtmpfs: initialized
[    2.308411] calling  ipc_ns_init+0x0/0x3d @ 1
[    2.314409] initcall ipc_ns_init+0x0/0x3d returned 0 after 0 usecs
[    2.322340] calling  init_mmap_min_addr+0x0/0x21 @ 1
[    2.329337] initcall init_mmap_min_addr+0x0/0x21 returned 0 after 0 usecs
[    2.337336] calling  pci_realloc_setup_params+0x0/0x3f @ 1
[    2.344336] initcall pci_realloc_setup_params+0x0/0x3f returned 0 after 0 usecs
[    2.354391] calling  net_ns_init+0x0/0x140 @ 1
[    2.360543] initcall net_ns_init+0x0/0x140 returned 0 after 1953 usecs
[    2.369361] calling  e820__register_nvs_regions+0x0/0x37 @ 1
[    2.377339] initcall e820__register_nvs_regions+0x0/0x37 returned 0 after 0 usecs
[    2.387337] calling  cpufreq_register_tsc_scaling+0x0/0x2e @ 1
[    2.394335] initcall cpufreq_register_tsc_scaling+0x0/0x2e returned 0 after 0 usecs
[    2.405338] calling  reboot_init+0x0/0x3c @ 1
[    2.410451] initcall reboot_init+0x0/0x3c returned 0 after 0 usecs
[    2.419336] calling  init_lapic_sysfs+0x0/0x20 @ 1
[    2.425335] initcall init_lapic_sysfs+0x0/0x20 returned 0 after 0 usecs
[    2.434336] calling  alloc_frozen_cpus+0x0/0x7 @ 1
[    2.440336] initcall alloc_frozen_cpus+0x0/0x7 returned 0 after 0 usecs
[    2.449336] calling  cpu_hotplug_pm_sync_init+0x0/0x13 @ 1
[    2.455338] initcall cpu_hotplug_pm_sync_init+0x0/0x13 returned 0 after 0 usecs
[    2.466337] calling  wq_sysfs_init+0x0/0x2a @ 1
[    2.472382] initcall wq_sysfs_init+0x0/0x2a returned 0 after 0 usecs
[    2.481336] calling  ksysfs_init+0x0/0x92 @ 1
[    2.487348] initcall ksysfs_init+0x0/0x92 returned 0 after 0 usecs
[    2.496335] calling  schedutil_gov_init+0x0/0xc @ 1
[    2.502465] initcall schedutil_gov_init+0x0/0xc returned 0 after 0 usecs
[    2.512335] calling  pm_init+0x0/0x76 @ 1
[    2.515497] initcall pm_init+0x0/0x76 returned 0 after 976 usecs
[    2.523335] calling  pm_disk_init+0x0/0x13 @ 1
[    2.529341] initcall pm_disk_init+0x0/0x13 returned 0 after 0 usecs
[    2.538335] calling  swsusp_header_init+0x0/0x2b @ 1
[    2.545340] initcall swsusp_header_init+0x0/0x2b returned 0 after 0 usecs
[    2.555354] calling  rcu_set_runtime_mode+0x0/0x16 @ 1
[    2.561413] initcall rcu_set_runtime_mode+0x0/0x16 returned 0 after 0 usecs
[    2.571336] calling  init_jiffies_clocksource+0x0/0x13 @ 1
[    2.579335] clocksource: jiffies: mask: 0xffffffff max_cycles: 0xffffffff, max_idle_ns: 1911260446275000 ns
[    2.592338] initcall init_jiffies_clocksource+0x0/0x13 returned 0 after 12695 usecs
[    2.602336] calling  futex_init+0x0/0xf7 @ 1
[    2.607341] futex hash table entries: 4096 (order: 6, 262144 bytes, linear)
[    2.619457] initcall futex_init+0x0/0xf7 returned 0 after 11718 usecs
[    2.628336] calling  cgroup_wq_init+0x0/0x28 @ 1
[    2.633349] initcall cgroup_wq_init+0x0/0x28 returned 0 after 0 usecs
[    2.641335] calling  cgroup1_wq_init+0x0/0x28 @ 1
[    2.647346] initcall cgroup1_wq_init+0x0/0x28 returned 0 after 0 usecs
[    2.654335] calling  init_kprobe_trace_early+0x0/0x2a @ 1
[    2.661389] initcall init_kprobe_trace_early+0x0/0x2a returned 0 after 0 usecs
[    2.670336] calling  fsnotify_init+0x0/0x48 @ 1
[    2.675371] initcall fsnotify_init+0x0/0x48 returned 0 after 0 usecs
[    2.683335] calling  filelock_init+0x0/0x96 @ 1
[    2.689351] initcall filelock_init+0x0/0x96 returned 0 after 0 usecs
[    2.698351] calling  init_misc_binfmt+0x0/0x2c @ 1
[    2.704357] initcall init_misc_binfmt+0x0/0x2c returned 0 after 0 usecs
[    2.712349] calling  init_script_binfmt+0x0/0x15 @ 1
[    2.718337] initcall init_script_binfmt+0x0/0x15 returned 0 after 0 usecs
[    2.726334] calling  init_elf_binfmt+0x0/0x15 @ 1
[    2.732335] initcall init_elf_binfmt+0x0/0x15 returned 0 after 0 usecs
[    2.740334] calling  init_compat_elf_binfmt+0x0/0x15 @ 1
[    2.746335] initcall init_compat_elf_binfmt+0x0/0x15 returned 0 after 0 usecs
[    2.754335] calling  debugfs_init+0x0/0x5c @ 1
[    2.760373] initcall debugfs_init+0x0/0x5c returned 0 after 0 usecs
[    2.767334] calling  tracefs_init+0x0/0x3a @ 1
[    2.772340] initcall tracefs_init+0x0/0x3a returned 0 after 0 usecs
[    2.780334] calling  prandom_init_early+0x0/0x15d @ 1
[    2.786335] initcall prandom_init_early+0x0/0x15d returned 0 after 0 usecs
[    2.794467] calling  virtio_init+0x0/0x20 @ 1
[    2.799373] initcall virtio_init+0x0/0x20 returned 0 after 976 usecs
[    2.807336] calling  iommu_init+0x0/0x2a @ 1
[    2.812342] initcall iommu_init+0x0/0x2a returned 0 after 0 usecs
[    2.820334] calling  component_debug_init+0x0/0x1c @ 1
[    2.826660] initcall component_debug_init+0x0/0x1c returned 0 after 976 usecs
[    2.836335] calling  early_resume_init+0x0/0xb9 @ 1
[    2.842332] PM: RTC time: 06:38:15, date: 2022-12-13
[    2.849336] initcall early_resume_init+0x0/0xb9 returned 0 after 6835 usecs
[    2.857357] calling  cpufreq_core_init+0x0/0x62 @ 1
[    2.864343] initcall cpufreq_core_init+0x0/0x62 returned 0 after 0 usecs
[    2.872334] calling  cpufreq_gov_performance_init+0x0/0xc @ 1
[    2.879335] initcall cpufreq_gov_performance_init+0x0/0xc returned 0 after 0 usecs
[    2.889335] calling  cpufreq_gov_userspace_init+0x0/0xc @ 1
[    2.896335] initcall cpufreq_gov_userspace_init+0x0/0xc returned 0 after 0 usecs
[    2.905334] calling  CPU_FREQ_GOV_ONDEMAND_init+0x0/0xc @ 1
[    2.911336] initcall CPU_FREQ_GOV_ONDEMAND_init+0x0/0xc returned 0 after 0 usecs
[    2.920335] calling  cpuidle_init+0x0/0x1f @ 1
[    2.926379] initcall cpuidle_init+0x0/0x1f returned 0 after 0 usecs
[    2.934349] calling  capsule_reboot_register+0x0/0xc @ 1
[    2.941353] initcall capsule_reboot_register+0x0/0xc returned 0 after 0 usecs
[    2.949336] calling  sock_init+0x0/0x93 @ 1
[    2.955353] initcall sock_init+0x0/0x93 returned 0 after 976 usecs
[    2.963335] calling  net_inuse_init+0x0/0x23 @ 1
[    2.968341] initcall net_inuse_init+0x0/0x23 returned 0 after 0 usecs
[    2.976335] calling  net_defaults_init+0x0/0x23 @ 1
[    2.982334] initcall net_defaults_init+0x0/0x23 returned 0 after 0 usecs
[    2.990337] calling  init_default_flow_dissectors+0x0/0x4f @ 1
[    2.997337] initcall init_default_flow_dissectors+0x0/0x4f returned 0 after 0 usecs
[    3.006339] calling  netpoll_init+0x0/0x26 @ 1
[    3.011338] initcall netpoll_init+0x0/0x26 returned 0 after 0 usecs
[    3.019340] calling  netlink_proto_init+0x0/0x14f @ 1
[    3.025710] NET: Registered protocol family 16
[    3.030358] initcall netlink_proto_init+0x0/0x14f returned 0 after 4882 usecs
[    3.039368] calling  genl_init+0x0/0x35 @ 1
[    3.044366] initcall genl_init+0x0/0x35 returned 0 after 0 usecs
[    3.053339] calling  bsp_pm_check_init+0x0/0x13 @ 1
[    3.059381] initcall bsp_pm_check_init+0x0/0x13 returned 0 after 0 usecs
[    3.067374] calling  irq_sysfs_init+0x0/0xb7 @ 1
[    3.073449] initcall irq_sysfs_init+0x0/0xb7 returned 0 after 0 usecs
[    3.081337] calling  audit_init+0x0/0x160 @ 1
[    3.087338] audit: initializing netlink subsys (disabled)
[    3.094711] initcall audit_init+0x0/0x160 returned 0 after 7812 usecs
[    3.095039] audit: type=2000 audit(1670913494.317:1): state=initialized audit_enabled=0 res=1
[    3.103351] calling  release_early_probes+0x0/0x32 @ 1
[    3.103355] initcall release_early_probes+0x0/0x32 returned 0 after 0 usecs
[    3.103358] calling  bdi_class_init+0x0/0x48 @ 1
[    3.103411] initcall bdi_class_init+0x0/0x48 returned 0 after 0 usecs
[    3.103413] calling  mm_sysfs_init+0x0/0x28 @ 1
[    3.103417] initcall mm_sysfs_init+0x0/0x28 returned 0 after 0 usecs
[    3.103421] calling  init_per_zone_wmark_min+0x0/0x6d @ 1
[    3.103428] initcall init_per_zone_wmark_min+0x0/0x6d returned 0 after 0 usecs
[    3.103430] calling  mpi_init+0x0/0x3e @ 1
[    3.103448] initcall mpi_init+0x0/0x3e returned 0 after 0 usecs
[    3.184341] calling  kobject_uevent_init+0x0/0xc @ 1
[    3.190360] initcall kobject_uevent_init+0x0/0xc returned 0 after 0 usecs
[    3.199343] calling  pcibus_class_init+0x0/0x13 @ 1
[    3.204354] initcall pcibus_class_init+0x0/0x13 returned 0 after 0 usecs
[    3.213338] calling  pci_driver_init+0x0/0x21 @ 1
[    3.218379] initcall pci_driver_init+0x0/0x21 returned 0 after 0 usecs
[    3.226335] calling  backlight_class_init+0x0/0xa8 @ 1
[    3.232366] initcall backlight_class_init+0x0/0xa8 returned 0 after 0 usecs
[    3.240335] calling  tty_class_init+0x0/0x33 @ 1
[    3.245343] initcall tty_class_init+0x0/0x33 returned 0 after 0 usecs
[    3.253336] calling  vtconsole_class_init+0x0/0xb5 @ 1
[    3.259409] initcall vtconsole_class_init+0x0/0xb5 returned 0 after 0 usecs
[    3.267335] calling  iommu_dev_init+0x0/0x13 @ 1
[    3.272361] initcall iommu_dev_init+0x0/0x13 returned 0 after 0 usecs
[    3.280335] calling  mipi_dsi_bus_init+0x0/0xc @ 1
[    3.285347] initcall mipi_dsi_bus_init+0x0/0xc returned 0 after 0 usecs
[    3.293336] calling  devlink_class_init+0x0/0x40 @ 1
[    3.299342] initcall devlink_class_init+0x0/0x40 returned 0 after 0 usecs
[    3.307334] calling  software_node_init+0x0/0x2a @ 1
[    3.312340] initcall software_node_init+0x0/0x2a returned 0 after 0 usecs
[    3.316335] calling  wakeup_sources_debugfs_init+0x0/0x23 @ 1
[    3.324627] initcall wakeup_sources_debugfs_init+0x0/0x23 returned 0 after 0 usecs
[    3.333336] calling  wakeup_sources_sysfs_init+0x0/0x2c @ 1
[    3.341353] initcall wakeup_sources_sysfs_init+0x0/0x2c returned 0 after 0 usecs
[    3.349341] calling  register_node_type+0x0/0x13 @ 1
[    3.356613] initcall register_node_type+0x0/0x13 returned 0 after 0 usecs
[    3.365335] calling  regmap_initcall+0x0/0xc @ 1
[    3.370547] initcall regmap_initcall+0x0/0xc returned 0 after 976 usecs
[    3.379503] calling  i2c_init+0x0/0xb3 @ 1
[    3.384580] initcall i2c_init+0x0/0xb3 returned 0 after 976 usecs
[    3.393336] calling  thermal_init+0x0/0xf2 @ 1
[    3.396331] thermal_sys: Registered thermal governor 'step_wise'
[    3.396332] thermal_sys: Registered thermal governor 'user_space'
[    3.404348] initcall thermal_init+0x0/0xf2 returned 0 after 7812 usecs
[    3.419336] calling  init_menu+0x0/0xc @ 1
[    3.430338] cpuidle: using governor menu
[    3.437342] initcall init_menu+0x0/0xc returned 0 after 12695 usecs
[    3.446342] calling  pcc_init+0x0/0x4d @ 1
[    3.453351] initcall pcc_init+0x0/0x4d returned -19 after 0 usecs
[    3.460341] calling  amd_postcore_init+0x0/0x11e @ 1
[    3.470339] initcall amd_postcore_init+0x0/0x11e returned 0 after 0 usecs
[    3.480415] calling  bts_init+0x0/0xba @ 1
[    3.488342] initcall bts_init+0x0/0xba returned -19 after 0 usecs
[    3.496339] calling  pt_init+0x0/0x341 @ 1
[    3.501336] initcall pt_init+0x0/0x341 returned -19 after 0 usecs
[    3.509336] calling  boot_params_ksysfs_init+0x0/0x2ee @ 1
[    3.516343] initcall boot_params_ksysfs_init+0x0/0x2ee returned 0 after 0 usecs
[    3.526337] calling  sbf_init+0x0/0xea @ 1
[    3.532337] initcall sbf_init+0x0/0xea returned 0 after 0 usecs
[    3.540338] calling  arch_kdebugfs_init+0x0/0x219 @ 1
[    3.548143] initcall arch_kdebugfs_init+0x0/0x219 returned 0 after 1953 usecs
[    3.558339] calling  intel_pconfig_init+0x0/0x85 @ 1
[    3.566339] initcall intel_pconfig_init+0x0/0x85 returned 0 after 0 usecs
[    3.575337] calling  mtrr_if_init+0x0/0x5d @ 1
[    3.581545] initcall mtrr_if_init+0x0/0x5d returned 0 after 0 usecs
[    3.590338] calling  activate_jump_labels+0x0/0x31 @ 1
[    3.598337] initcall activate_jump_labels+0x0/0x31 returned 0 after 0 usecs
[    3.608339] calling  ffh_cstate_init+0x0/0x29 @ 1
[    3.616342] initcall ffh_cstate_init+0x0/0x29 returned 0 after 0 usecs
[    3.625339] calling  activate_jump_labels+0x0/0x31 @ 1
[    3.634588] initcall activate_jump_labels+0x0/0x31 returned 0 after 976 usecs
[    3.645337] calling  kvm_alloc_cpumask+0x0/0x74 @ 1
[    3.652399] initcall kvm_alloc_cpumask+0x0/0x74 returned 0 after 976 usecs
[    3.663338] calling  kcmp_cookies_init+0x0/0x37 @ 1
[    3.670342] initcall kcmp_cookies_init+0x0/0x37 returned 0 after 0 usecs
[    3.681338] calling  cryptomgr_init+0x0/0xc @ 1
[    3.688371] initcall cryptomgr_init+0x0/0xc returned 0 after 0 usecs
[    3.697336] calling  acpi_pci_init+0x0/0x57 @ 1
[    3.704335] ACPI: bus type PCI registered
[    3.711336] initcall acpi_pci_init+0x0/0x57 returned 0 after 5859 usecs
[    3.721338] calling  dma_channel_table_init+0x0/0xd1 @ 1
[    3.729351] initcall dma_channel_table_init+0x0/0xd1 returned 0 after 0 usecs
[    3.740338] calling  dma_bus_init+0x0/0xdc @ 1
[    3.747576] initcall dma_bus_init+0x0/0xdc returned 0 after 0 usecs
[    3.756414] calling  iommu_dma_init+0x0/0x10 @ 1
[    3.761342] initcall iommu_dma_init+0x0/0x10 returned 0 after 0 usecs
[    3.769336] calling  dmi_id_init+0x0/0x37c @ 1
[    3.774350] initcall dmi_id_init+0x0/0x37c returned 0 after 0 usecs
[    3.783334] calling  pci_arch_init+0x0/0x71 @ 1
[    3.789361] PCI: MMCONFIG for domain 0000 [bus 00-ff] at [mem 0xb0000000-0xbfffffff] (base 0xb0000000)
[    3.800336] PCI: MMCONFIG at [mem 0xb0000000-0xbfffffff] reserved in E820
[    3.807355] PCI: Using configuration type 1 for base access
[    3.813387] initcall pci_arch_init+0x0/0x71 returned 0 after 24414 usecs
[    3.822357] calling  init_vdso+0x0/0x13 @ 1
[    3.826417] initcall init_vdso+0x0/0x13 returned 0 after 976 usecs
[    3.834334] calling  sysenter_setup+0x0/0x13 @ 1
[    3.840506] initcall sysenter_setup+0x0/0x13 returned 0 after 0 usecs
[    3.848336] calling  fixup_ht_bug+0x0/0xe5 @ 1
[    3.854336] initcall fixup_ht_bug+0x0/0xe5 returned 0 after 0 usecs
[    3.863337] calling  topology_init+0x0/0x88 @ 1
[    3.870881] initcall topology_init+0x0/0x88 returned 0 after 0 usecs
[    3.880390] calling  intel_epb_init+0x0/0x68 @ 1
[    3.887336] initcall intel_epb_init+0x0/0x68 returned -19 after 0 usecs
[    3.895335] calling  mtrr_init_finialize+0x0/0x3e @ 1
[    3.902335] initcall mtrr_init_finialize+0x0/0x3e returned 0 after 0 usecs
[    3.907335] calling  uid_cache_init+0x0/0x85 @ 1
[    3.913341] initcall uid_cache_init+0x0/0x85 returned 0 after 0 usecs
[    3.921335] calling  param_sysfs_init+0x0/0x1ba @ 1
[    3.934796] initcall param_sysfs_init+0x0/0x1ba returned 0 after 6835 usecs
[    3.943664] calling  user_namespace_sysctl_init+0x0/0x33 @ 1
[    3.951644] initcall user_namespace_sysctl_init+0x0/0x33 returned 0 after 0 usecs
[    3.961351] calling  proc_schedstat_init+0x0/0x24 @ 1
[    3.967380] initcall proc_schedstat_init+0x0/0x24 returned 0 after 0 usecs
[    3.976335] calling  pm_sysrq_init+0x0/0x18 @ 1
[    3.984285] initcall pm_sysrq_init+0x0/0x18 returned 0 after 1953 usecs
[    3.994343] calling  create_proc_profile+0x0/0xd0 @ 1
[    4.001339] initcall create_proc_profile+0x0/0xd0 returned 0 after 0 usecs
[    4.011348] calling  time_ns_init+0x0/0x7 @ 1
[    4.017337] initcall time_ns_init+0x0/0x7 returned 0 after 0 usecs
[    4.025336] calling  crash_save_vmcoreinfo_init+0x0/0x722 @ 1
[    4.032472] initcall crash_save_vmcoreinfo_init+0x0/0x722 returned 0 after 0 usecs
[    4.042335] calling  crash_notes_memory_init+0x0/0x35 @ 1
[    4.049342] initcall crash_notes_memory_init+0x0/0x35 returned 0 after 0 usecs
[    4.058335] calling  cgroup_sysfs_init+0x0/0x13 @ 1
[    4.065349] initcall cgroup_sysfs_init+0x0/0x13 returned 0 after 0 usecs
[    4.074336] calling  cgroup_namespaces_init+0x0/0x7 @ 1
[    4.080336] initcall cgroup_namespaces_init+0x0/0x7 returned 0 after 0 usecs
[    4.089336] calling  init_optprobes+0x0/0x13 @ 1
[    4.095333] Kprobes globally optimized
[    4.100337] initcall init_optprobes+0x0/0x13 returned 0 after 4882 usecs
[    4.101336] calling  oom_init+0x0/0x2f @ 1
[    4.115328] initcall oom_init+0x0/0x2f returned 0 after 5859 usecs
[    4.126346] calling  default_bdi_init+0x0/0xb3 @ 1
[    4.140711] initcall default_bdi_init+0x0/0xb3 returned 0 after 5859 usecs
[    4.151339] calling  percpu_enable_async+0x0/0xe @ 1
[    4.158339] initcall percpu_enable_async+0x0/0xe returned 0 after 0 usecs
[    4.168345] calling  kcompactd_init+0x0/0x8d @ 1
[    4.181262] initcall kcompactd_init+0x0/0x8d returned 0 after 5859 usecs
[    4.189512] calling  init_user_reserve+0x0/0x40 @ 1
[    4.195339] initcall init_user_reserve+0x0/0x40 returned 0 after 0 usecs
[    4.203343] calling  init_admin_reserve+0x0/0x40 @ 1
[    4.210336] initcall init_admin_reserve+0x0/0x40 returned 0 after 0 usecs
[    4.218338] calling  init_reserve_notifier+0x0/0x7 @ 1
[    4.224338] initcall init_reserve_notifier+0x0/0x7 returned 0 after 0 usecs
[    4.233337] calling  swap_init_sysfs+0x0/0x62 @ 1
[    4.240040] initcall swap_init_sysfs+0x0/0x62 returned 0 after 976 usecs
[    4.246336] calling  swapfile_init+0x0/0x94 @ 1
[    4.253334] initcall swapfile_init+0x0/0x94 returned 0 after 976 usecs
[    4.261336] calling  hugetlb_init+0x0/0x496 @ 1
[    4.267396] HugeTLB registered 2.00 MiB page size, pre-allocated 0 pages
[    4.278440] initcall hugetlb_init+0x0/0x496 returned 0 after 10742 usecs
[    4.286340] calling  io_wq_init+0x0/0x34 @ 1
[    4.291337] initcall io_wq_init+0x0/0x34 returned 0 after 0 usecs
[    4.299337] calling  seqiv_module_init+0x0/0xc @ 1
[    4.306336] initcall seqiv_module_init+0x0/0xc returned 0 after 0 usecs
[    4.314336] calling  echainiv_module_init+0x0/0xc @ 1
[    4.320335] initcall echainiv_module_init+0x0/0xc returned 0 after 0 usecs
[    4.329424] calling  rsa_init+0x0/0x50 @ 1
[    4.335359] cryptomgr_test (132) used greatest stack depth: 15504 bytes left
[    4.335349] initcall rsa_init+0x0/0x50 returned 0 after 976 usecs
[    4.354351] calling  crypto_cmac_module_init+0x0/0xc @ 1
[    4.362606] initcall crypto_cmac_module_init+0x0/0xc returned 0 after 0 usecs
[    4.373343] calling  hmac_module_init+0x0/0xc @ 1
[    4.380614] initcall hmac_module_init+0x0/0xc returned 0 after 976 usecs
[    4.391343] calling  crypto_null_mod_init+0x0/0x65 @ 1
[    4.403506] cryptomgr_test (135) used greatest stack depth: 15408 bytes left
[    4.404475] initcall crypto_null_mod_init+0x0/0x65 returned 0 after 4882 usecs
[    4.420353] calling  md5_mod_init+0x0/0xc @ 1
[    4.427575] initcall md5_mod_init+0x0/0xc returned 0 after 976 usecs
[    4.435345] calling  sha256_generic_mod_init+0x0/0x11 @ 1
[    4.444114] initcall sha256_generic_mod_init+0x0/0x11 returned 0 after 1953 usecs
[    4.454340] calling  crypto_cbc_module_init+0x0/0xc @ 1
[    4.460503] initcall crypto_cbc_module_init+0x0/0xc returned 0 after 0 usecs
[    4.470342] calling  crypto_ctr_module_init+0x0/0x11 @ 1
[    4.477489] initcall crypto_ctr_module_init+0x0/0x11 returned 0 after 0 usecs
[    4.486339] calling  crypto_gcm_module_init+0x0/0x64 @ 1
[    4.493428] initcall crypto_gcm_module_init+0x0/0x64 returned 0 after 0 usecs
[    4.503354] calling  crypto_ccm_module_init+0x0/0x11 @ 1
[    4.509336] initcall crypto_ccm_module_init+0x0/0x11 returned 0 after 0 usecs
[    4.518338] calling  aes_init+0x0/0xc @ 1
[    4.525830] initcall aes_init+0x0/0xc returned 0 after 976 usecs
[    4.533342] calling  crc32c_mod_init+0x0/0xc @ 1
[    4.540067] initcall crc32c_mod_init+0x0/0xc returned 0 after 976 usecs
[    4.548339] calling  crypto_authenc_module_init+0x0/0xc @ 1
[    4.556328] initcall crypto_authenc_module_init+0x0/0xc returned 0 after 0 usecs
[    4.565348] calling  crypto_authenc_esn_module_init+0x0/0xc @ 1
[    4.572505] initcall crypto_authenc_esn_module_init+0x0/0xc returned 0 after 0 usecs
[    4.582340] calling  drbg_init+0x0/0x7c @ 1
[    4.610103] cryptomgr_test (149) used greatest stack depth: 15208 bytes left
[    4.610171] initcall drbg_init+0x0/0x7c returned 0 after 22460 usecs
[    4.627343] calling  ghash_mod_init+0x0/0xc @ 1
[    4.634787] initcall ghash_mod_init+0x0/0xc returned 0 after 976 usecs
[    4.642494] calling  init_bio+0x0/0x9a @ 1
[    4.647569] initcall init_bio+0x0/0x9a returned 0 after 976 usecs
[    4.655574] calling  blk_settings_init+0x0/0x29 @ 1
[    4.661338] initcall blk_settings_init+0x0/0x29 returned 0 after 0 usecs
[    4.669485] calling  blk_ioc_init+0x0/0x29 @ 1
[    4.675340] initcall blk_ioc_init+0x0/0x29 returned 0 after 0 usecs
[    4.682492] calling  blk_mq_init+0x0/0xb9 @ 1
[    4.688338] initcall blk_mq_init+0x0/0xb9 returned 0 after 0 usecs
[    4.696334] calling  genhd_device_init+0x0/0x75 @ 1
[    4.703533] initcall genhd_device_init+0x0/0x75 returned 0 after 976 usecs
[    4.711398] calling  pci_slot_init+0x0/0x40 @ 1
[    4.717341] initcall pci_slot_init+0x0/0x40 returned 0 after 0 usecs
[    4.725336] calling  fbmem_init+0x0/0xd8 @ 1
[    4.730514] initcall fbmem_init+0x0/0xd8 returned 0 after 0 usecs
[    4.738334] calling  acpi_init+0x0/0x319 @ 1
[    4.743381] ACPI: Added _OSI(Module Device)
[    4.750335] ACPI: Added _OSI(Processor Device)
[    4.755335] ACPI: Added _OSI(3.0 _SCP Extensions)
[    4.762337] ACPI: Added _OSI(Processor Aggregator Device)
[    4.769338] ACPI: Added _OSI(Linux-Dell-Video)
[    4.775335] ACPI: Added _OSI(Linux-Lenovo-NV-HDMI-Audio)
[    4.782331] ACPI: Added _OSI(Linux-HPI-Hybrid-Graphics)
[    4.794772] ACPI: 1 ACPI AML tables successfully acquired and loaded
[    4.814648] ACPI: Interpreter enabled
[    4.815801] ACPI: (supports S0 S3 S4 S5)
[    4.821333] ACPI: Using IOAPIC for interrupt routing
[    4.828384] PCI: Using host bridge windows from ACPI; if necessary, use "pci=nocrs" and report a bug
[    4.839137] ACPI: Enabled 2 GPEs in block 00 to 3F
[    4.859916] ACPI: PCI Root Bridge [PCI0] (domain 0000 [bus 00-ff])
[    4.868344] acpi PNP0A08:00: _OSC: OS supports [ExtendedConfig ASPM ClockPM Segments MSI HPX-Type3]
[    4.881395] acpi PNP0A08:00: _OSC: platform does not support [LTR]
[    4.889416] acpi PNP0A08:00: _OSC: OS now controls [PME PCIeCapability]
[    4.898603] PCI host bridge to bus 0000:00
[    4.903336] pci_bus 0000:00: root bus resource [io  0x0000-0x0cf7 window]
[    4.912334] pci_bus 0000:00: root bus resource [io  0x0d00-0xffff window]
[    4.921334] pci_bus 0000:00: root bus resource [mem 0x000a0000-0x000bffff window]
[    4.930334] pci_bus 0000:00: root bus resource [mem 0x20000000-0xafffffff window]
[    4.940335] pci_bus 0000:00: root bus resource [mem 0xc0000000-0xfebfffff window]
[    4.949334] pci_bus 0000:00: root bus resource [mem 0x100000000-0x8ffffffff window]
[    4.958336] pci_bus 0000:00: root bus resource [bus 00-ff]
[    4.967462] pci 0000:00:00.0: calling  quirk_mmio_always_on+0x0/0x10 @ 1
[    4.978347] pci 0000:00:00.0: quirk_mmio_always_on+0x0/0x10 took 0 usecs
[    4.987680] pci 0000:00:00.0: [8086:29c0] type 00 class 0x060000
[    4.999328] pci 0000:00:00.0: calling  quirk_igfx_skip_te_disable+0x0/0x80 @ 1
[    5.007342] pci 0000:00:00.0: quirk_igfx_skip_te_disable+0x0/0x80 took 0 usecs
[    5.017508] pci 0000:00:01.0: [1234:1111] type 00 class 0x030000
[    5.040328] pci 0000:00:01.0: reg 0x10: [mem 0xfd000000-0xfdffffff pref]
[    5.065042] pci 0000:00:01.0: reg 0x18: [mem 0xfebf0000-0xfebf0fff]
[    5.110328] pci 0000:00:01.0: reg 0x30: [mem 0xfebe0000-0xfebeffff pref]
[    5.129328] pci 0000:00:01.0: calling  efifb_fixup_resources+0x0/0xf0 @ 1
[    5.138365] pci 0000:00:01.0: efifb_fixup_resources+0x0/0xf0 took 0 usecs
[    5.165623] pci 0000:00:1f.0: [8086:2918] type 00 class 0x060100
[    5.180087] pci 0000:00:1f.0: calling  quirk_ich7_lpc+0x0/0x60 @ 1
[    5.189335] pci 0000:00:1f.0: quirk: [io  0x0600-0x067f] claimed by ICH6 ACPI/GPIO/TCO
[    5.199748] pci 0000:00:1f.0: quirk_ich7_lpc+0x0/0x60 took 10742 usecs
[    5.208875] pci 0000:00:1f.0: calling  quirk_igfx_skip_te_disable+0x0/0x80 @ 1
[    5.217472] pci 0000:00:1f.0: quirk_igfx_skip_te_disable+0x0/0x80 took 0 usecs
[    5.228333] pci 0000:00:1f.2: [8086:2922] type 00 class 0x010601
[    5.244254] pci 0000:00:1f.2: reg 0x20: [io  0xc040-0xc05f]
[    5.252334] pci 0000:00:1f.2: reg 0x24: [mem 0xfebf1000-0xfebf1fff]
[    5.261521] pci 0000:00:1f.2: calling  quirk_igfx_skip_te_disable+0x0/0x80 @ 1
[    5.270340] pci 0000:00:1f.2: quirk_igfx_skip_te_disable+0x0/0x80 took 0 usecs
[    5.284876] pci 0000:00:1f.3: [8086:2930] type 00 class 0x0c0500
[    5.300621] pci 0000:00:1f.3: reg 0x20: [io  0x0700-0x073f]
[    5.311472] pci 0000:00:1f.3: calling  quirk_igfx_skip_te_disable+0x0/0x80 @ 1
[    5.322358] pci 0000:00:1f.3: quirk_igfx_skip_te_disable+0x0/0x80 took 0 usecs
[    5.337389] ACPI: PCI Interrupt Link [LNKA] (IRQs 5 *10 11)
[    5.344349] ACPI: PCI Interrupt Link [LNKB] (IRQs 5 *10 11)
[    5.350753] ACPI: PCI Interrupt Link [LNKC] (IRQs 5 10 *11)
[    5.357721] ACPI: PCI Interrupt Link [LNKD] (IRQs 5 10 *11)
[    5.364734] ACPI: PCI Interrupt Link [LNKE] (IRQs 5 *10 11)
[    5.372348] ACPI: PCI Interrupt Link [LNKF] (IRQs 5 *10 11)
[    5.379613] ACPI: PCI Interrupt Link [LNKG] (IRQs 5 10 *11)
[    5.386734] ACPI: PCI Interrupt Link [LNKH] (IRQs 5 10 *11)
[    5.393546] ACPI: PCI Interrupt Link [GSIA] (IRQs *16)
[    5.400346] ACPI: PCI Interrupt Link [GSIB] (IRQs *17)
[    5.406362] ACPI: PCI Interrupt Link [GSIC] (IRQs *18)
[    5.412346] ACPI: PCI Interrupt Link [GSID] (IRQs *19)
[    5.418382] ACPI: PCI Interrupt Link [GSIE] (IRQs *20)
[    5.424346] ACPI: PCI Interrupt Link [GSIF] (IRQs *21)
[    5.432379] ACPI: PCI Interrupt Link [GSIG] (IRQs *22)
[    5.440396] ACPI: PCI Interrupt Link [GSIH] (IRQs *23)
[    5.453489] initcall acpi_init+0x0/0x319 returned 0 after 693359 usecs
[    5.462548] calling  pnp_init+0x0/0xc @ 1
[    5.467415] initcall pnp_init+0x0/0xc returned 0 after 0 usecs
[    5.476345] calling  misc_init+0x0/0xbf @ 1
[    5.482481] initcall misc_init+0x0/0xbf returned 0 after 976 usecs
[    5.489336] calling  iommu_subsys_init+0x0/0x4e @ 1
[    5.495388] iommu: Default domain type: Translated 
[    5.501335] initcall iommu_subsys_init+0x0/0x4e returned 0 after 5859 usecs
[    5.509335] calling  vga_arb_device_init+0x0/0x261 @ 1
[    5.516800] pci 0000:00:01.0: vgaarb: setting as boot VGA device
[    5.517328] pci 0000:00:01.0: vgaarb: VGA device added: decodes=io+mem,owns=io+mem,locks=none
[    5.533335] pci 0000:00:01.0: vgaarb: bridge control possible
[    5.540331] vgaarb: loaded
[    5.543337] initcall vga_arb_device_init+0x0/0x261 returned 0 after 27343 usecs
[    5.552541] calling  cn_init+0x0/0xf0 @ 1
[    5.559011] initcall cn_init+0x0/0xf0 returned 0 after 1953 usecs
[    5.566337] calling  dma_buf_init+0x0/0xad @ 1
[    5.571936] initcall dma_buf_init+0x0/0xad returned 0 after 0 usecs
[    5.580337] calling  init_scsi+0x0/0x79 @ 1
[    5.586351] SCSI subsystem initialized
[    5.590336] initcall init_scsi+0x0/0x79 returned 0 after 4882 usecs
[    5.598335] calling  ata_init+0x0/0x332 @ 1
[    5.604428] libata version 3.00 loaded.
[    5.609335] initcall ata_init+0x0/0x332 returned 0 after 5859 usecs
[    5.616335] calling  phy_init+0x0/0x250 @ 1
[    5.621737] initcall phy_init+0x0/0x250 returned 0 after 0 usecs
[    5.628352] calling  init_pcmcia_cs+0x0/0x35 @ 1
[    5.634391] initcall init_pcmcia_cs+0x0/0x35 returned 0 after 0 usecs
[    5.642334] calling  usb_common_init+0x0/0x1c @ 1
[    5.647407] initcall usb_common_init+0x0/0x1c returned 0 after 0 usecs
[    5.655334] calling  usb_init+0x0/0x12e @ 1
[    5.660421] ACPI: bus type USB registered
[    5.665621] usbcore: registered new interface driver usbfs
[    5.672420] usbcore: registered new interface driver hub
[    5.678351] usbcore: registered new device driver usb
[    5.684336] initcall usb_init+0x0/0x12e returned 0 after 23437 usecs
[    5.691335] calling  serio_init+0x0/0x29 @ 1
[    5.696392] initcall serio_init+0x0/0x29 returned 0 after 0 usecs
[    5.703336] calling  input_init+0x0/0xf6 @ 1
[    5.708389] initcall input_init+0x0/0xf6 returned 0 after 0 usecs
[    5.715335] calling  rtc_init+0x0/0x4d @ 1
[    5.720343] initcall rtc_init+0x0/0x4d returned 0 after 0 usecs
[    5.727334] calling  pps_init+0x0/0xa9 @ 1
[    5.732363] pps_core: LinuxPPS API ver. 1 registered
[    5.738330] pps_core: Software ver. 5.3.6 - Copyright 2005-2007 Rodolfo Giometti <giometti@linux.it>
[    5.748336] initcall pps_init+0x0/0xa9 returned 0 after 15625 usecs
[    5.755334] calling  ptp_init+0x0/0x98 @ 1
[    5.760341] PTP clock support registered
[    5.765334] initcall ptp_init+0x0/0x98 returned 0 after 4882 usecs
[    5.772338] calling  power_supply_class_init+0x0/0x3f @ 1
[    5.778419] initcall power_supply_class_init+0x0/0x3f returned 0 after 976 usecs
[    5.788336] calling  hwmon_init+0x0/0x104 @ 1
[    5.793348] initcall hwmon_init+0x0/0x104 returned 0 after 0 usecs
[    5.800334] calling  md_init+0x0/0x16b @ 1
[    5.807379] initcall md_init+0x0/0x16b returned 0 after 1953 usecs
[    5.815337] calling  leds_init+0x0/0x3b @ 1
[    5.821370] initcall leds_init+0x0/0x3b returned 0 after 0 usecs
[    5.830337] calling  dmi_init+0x0/0x113 @ 1
[    5.836534] initcall dmi_init+0x0/0x113 returned 0 after 976 usecs
[    5.845346] calling  efisubsys_init+0x0/0x4e7 @ 1
[    5.851362] initcall efisubsys_init+0x0/0x4e7 returned 0 after 0 usecs
[    5.859337] calling  nvmem_init+0x0/0xc @ 1
[    5.864433] initcall nvmem_init+0x0/0xc returned 0 after 0 usecs
[    5.871336] calling  init_soundcore+0x0/0x33 @ 1
[    5.877353] initcall init_soundcore+0x0/0x33 returned 0 after 0 usecs
[    5.886340] calling  alsa_sound_init+0x0/0x8f @ 1
[    5.893628] Advanced Linux Sound Architecture Driver Initialized.
[    5.903343] initcall alsa_sound_init+0x0/0x8f returned 0 after 9765 usecs
[    5.913341] calling  alsa_seq_device_init+0x0/0x71 @ 1
[    5.919397] initcall alsa_seq_device_init+0x0/0x71 returned 0 after 0 usecs
[    5.928340] calling  hda_bus_init+0x0/0xc @ 1
[    5.935365] initcall hda_bus_init+0x0/0xc returned 0 after 0 usecs
[    5.944341] calling  proto_init+0x0/0xc @ 1
[    5.951385] initcall proto_init+0x0/0xc returned 0 after 0 usecs
[    5.960341] calling  net_dev_init+0x0/0x209 @ 1
[    5.967242] initcall net_dev_init+0x0/0x209 returned 0 after 976 usecs
[    5.974339] calling  neigh_init+0x0/0x84 @ 1
[    5.980361] initcall neigh_init+0x0/0x84 returned 0 after 0 usecs
[    5.987337] calling  fib_notifier_init+0x0/0xc @ 1
[    5.993340] initcall fib_notifier_init+0x0/0xc returned 0 after 0 usecs
[    6.002340] calling  fib_rules_init+0x0/0xab @ 1
[    6.008381] initcall fib_rules_init+0x0/0xab returned 0 after 0 usecs
[    6.016342] calling  pktsched_init+0x0/0x10e @ 1
[    6.021381] initcall pktsched_init+0x0/0x10e returned 0 after 0 usecs
[    6.029341] calling  tc_filter_init+0x0/0xfa @ 1
[    6.035404] initcall tc_filter_init+0x0/0xfa returned 0 after 0 usecs
[    6.042337] calling  tc_action_init+0x0/0x54 @ 1
[    6.047339] initcall tc_action_init+0x0/0x54 returned 0 after 0 usecs
[    6.055336] calling  ethnl_init+0x0/0x52 @ 1
[    6.060456] initcall ethnl_init+0x0/0x52 returned 0 after 0 usecs
[    6.067335] calling  nexthop_init+0x0/0xd8 @ 1
[    6.073336] initcall nexthop_init+0x0/0xd8 returned 0 after 0 usecs
[    6.080334] calling  cipso_v4_init+0x0/0x5d @ 1
[    6.085466] initcall cipso_v4_init+0x0/0x5d returned 0 after 0 usecs
[    6.094334] calling  ieee80211_init+0x0/0x24 @ 1
[    6.099486] initcall ieee80211_init+0x0/0x24 returned 0 after 0 usecs
[    6.107334] calling  netlbl_init+0x0/0x78 @ 1
[    6.112374] NetLabel: Initializing
[    6.116331] NetLabel:  domain hash size = 128
[    6.121330] NetLabel:  protocols = UNLABELED CIPSOv4 CALIPSO
[    6.128506] NetLabel:  unlabeled traffic allowed by default
[    6.134335] initcall netlbl_init+0x0/0x78 returned 0 after 21484 usecs
[    6.142335] calling  rfkill_init+0x0/0x111 @ 1
[    6.147894] initcall rfkill_init+0x0/0x111 returned 0 after 976 usecs
[    6.155340] calling  pci_subsys_init+0x0/0x66 @ 1
[    6.161484] PCI: Using ACPI for IRQ routing
[    6.913328] PCI: pci_cache_line_size set to 64 bytes
[    6.920864] e820: reserve RAM buffer [mem 0x0009fc00-0x0009ffff]
[    6.927549] e820: reserve RAM buffer [mem 0x1ffdf000-0x1fffffff]
[    6.934754] initcall pci_subsys_init+0x0/0x66 returned 0 after 755859 usecs
[    6.945229] calling  nmi_warning_debugfs+0x0/0x26 @ 1
[    6.951946] initcall nmi_warning_debugfs+0x0/0x26 returned 0 after 0 usecs
[    6.959337] calling  save_microcode_in_initrd+0x0/0x51 @ 1
[    6.966513] initcall save_microcode_in_initrd+0x0/0x51 returned 0 after 0 usecs
[    6.974336] calling  hpet_late_init+0x0/0x207 @ 1
[    6.980739] hpet: 3 channels of 0 reserved for per-cpu timers
[    6.987567] hpet0: at MMIO 0xfed00000, IRQs 2, 8, 0
[    6.993334] hpet0: 3 comparators, 64-bit 100.000000 MHz counter
[    7.005338] initcall hpet_late_init+0x0/0x207 returned 0 after 24414 usecs
[    7.013336] calling  init_amd_nbs+0x0/0x11c @ 1
[    7.019334] initcall init_amd_nbs+0x0/0x11c returned 0 after 0 usecs
[    7.026336] calling  clocksource_done_booting+0x0/0x41 @ 1
[    7.035954] clocksource: Switched to clocksource kvm-clock
[    7.042547] initcall clocksource_done_booting+0x0/0x41 returned 0 after 9973 usecs
[    7.051331] calling  tracer_init_tracefs+0x0/0x242 @ 1
[    7.245550] initcall tracer_init_tracefs+0x0/0x242 returned 0 after 183821 usecs
[    7.254031] calling  init_trace_printk_function_export+0x0/0x2c @ 1
[    7.261177] initcall init_trace_printk_function_export+0x0/0x2c returned 0 after 8 usecs
[    7.270399] calling  init_kprobe_trace+0x0/0x1a9 @ 1
[    7.276151] initcall init_kprobe_trace+0x0/0x1a9 returned 0 after 8 usecs
[    7.283946] calling  init_dynamic_event+0x0/0x3d @ 1
[    7.289721] initcall init_dynamic_event+0x0/0x3d returned 0 after 6 usecs
[    7.297479] calling  init_uprobe_trace+0x0/0x5c @ 1
[    7.303047] initcall init_uprobe_trace+0x0/0x5c returned 0 after 23 usecs
[    7.310759] calling  init_pipe_fs+0x0/0x44 @ 1
[    7.316199] initcall init_pipe_fs+0x0/0x44 returned 0 after 340 usecs
[    7.324132] calling  inotify_user_setup+0x0/0x47 @ 1
[    7.329966] initcall inotify_user_setup+0x0/0x47 returned 0 after 39 usecs
[    7.337753] calling  eventpoll_init+0x0/0xd4 @ 1
[    7.343178] initcall eventpoll_init+0x0/0xd4 returned 0 after 90 usecs
[    7.351521] calling  anon_inode_init+0x0/0x58 @ 1
[    7.358692] initcall anon_inode_init+0x0/0x58 returned 0 after 111 usecs
[    7.368537] calling  proc_locks_init+0x0/0x27 @ 1
[    7.375750] initcall proc_locks_init+0x0/0x27 returned 0 after 216 usecs
[    7.384499] calling  iomap_init+0x0/0x1b @ 1
[    7.390242] initcall iomap_init+0x0/0x1b returned 0 after 656 usecs
[    7.397535] calling  dquot_init+0x0/0x106 @ 1
[    7.402633] VFS: Disk quotas dquot_6.6.0
[    7.407650] VFS: Dquot-cache hash table entries: 512 (order 0, 4096 bytes)
[    7.415656] initcall dquot_init+0x0/0x106 returned 0 after 12715 usecs
[    7.424541] calling  quota_init+0x0/0x23 @ 1
[    7.430261] initcall quota_init+0x0/0x23 returned 0 after 285 usecs
[    7.437578] calling  proc_cmdline_init+0x0/0x21 @ 1
[    7.443265] initcall proc_cmdline_init+0x0/0x21 returned 0 after 3 usecs
[    7.451112] calling  proc_consoles_init+0x0/0x24 @ 1
[    7.456981] initcall proc_consoles_init+0x0/0x24 returned 0 after 3 usecs
[    7.465004] calling  proc_cpuinfo_init+0x0/0x1e @ 1
[    7.470795] initcall proc_cpuinfo_init+0x0/0x1e returned 0 after 2 usecs
[    7.478670] calling  proc_devices_init+0x0/0x24 @ 1
[    7.484398] initcall proc_devices_init+0x0/0x24 returned 0 after 2 usecs
[    7.492188] calling  proc_interrupts_init+0x0/0x24 @ 1
[    7.498253] initcall proc_interrupts_init+0x0/0x24 returned 0 after 3 usecs
[    7.506502] calling  proc_loadavg_init+0x0/0x21 @ 1
[    7.512261] initcall proc_loadavg_init+0x0/0x21 returned 0 after 3 usecs
[    7.520080] calling  proc_meminfo_init+0x0/0x21 @ 1
[    7.525914] initcall proc_meminfo_init+0x0/0x21 returned 0 after 2 usecs
[    7.533708] calling  proc_stat_init+0x0/0x1e @ 1
[    7.539154] initcall proc_stat_init+0x0/0x1e returned 0 after 3 usecs
[    7.546883] calling  proc_uptime_init+0x0/0x21 @ 1
[    7.552686] initcall proc_uptime_init+0x0/0x21 returned 0 after 2 usecs
[    7.560525] calling  proc_version_init+0x0/0x21 @ 1
[    7.566384] initcall proc_version_init+0x0/0x21 returned 0 after 2 usecs
[    7.574516] calling  proc_softirqs_init+0x0/0x21 @ 1
[    7.580511] initcall proc_softirqs_init+0x0/0x21 returned 0 after 2 usecs
[    7.589046] calling  proc_kcore_init+0x0/0xea @ 1
[    7.596350] initcall proc_kcore_init+0x0/0xea returned 0 after 79 usecs
[    7.606358] calling  vmcore_init+0x0/0x578 @ 1
[    7.613206] initcall vmcore_init+0x0/0x578 returned 0 after 35 usecs
[    7.622094] calling  proc_kmsg_init+0x0/0x21 @ 1
[    7.627778] initcall proc_kmsg_init+0x0/0x21 returned 0 after 20 usecs
[    7.635691] calling  proc_page_init+0x0/0x3b @ 1
[    7.641312] initcall proc_page_init+0x0/0x3b returned 0 after 4 usecs
[    7.649005] calling  init_ramfs_fs+0x0/0xc @ 1
[    7.654359] initcall init_ramfs_fs+0x0/0xc returned 0 after 4 usecs
[    7.662346] calling  init_hugetlbfs_fs+0x0/0xf6 @ 1
[    7.670339] initcall init_hugetlbfs_fs+0x0/0xf6 returned 0 after 462 usecs
[    7.678544] calling  blk_scsi_ioctl_init+0x0/0x2a5 @ 1
[    7.684679] initcall blk_scsi_ioctl_init+0x0/0x2a5 returned 0 after 23 usecs
[    7.693046] calling  acpi_event_init+0x0/0x2c @ 1
[    7.698764] initcall acpi_event_init+0x0/0x2c returned 0 after 70 usecs
[    7.706449] calling  pnp_system_init+0x0/0xc @ 1
[    7.712570] initcall pnp_system_init+0x0/0xc returned 0 after 628 usecs
[    7.720432] calling  pnpacpi_init+0x0/0x69 @ 1
[    7.725787] pnp: PnP ACPI init
[    7.730709] pnp 00:00: Plug and Play ACPI device, IDs PNP0303 (active)
[    7.738513] pnp 00:01: Plug and Play ACPI device, IDs PNP0f13 (active)
[    7.746339] pnp 00:02: Plug and Play ACPI device, IDs PNP0400 (active)
[    7.754086] pnp 00:03: Plug and Play ACPI device, IDs PNP0501 (active)
[    7.763689] pnp 00:04: Plug and Play ACPI device, IDs PNP0b00 (active)
[    7.773880] system 00:05: [mem 0xb0000000-0xbfffffff window] has been reserved
[    7.784688] system 00:05: Plug and Play ACPI device, IDs PNP0c01 (active)
[    7.794806] pnp: PnP ACPI: found 6 devices
[    7.799713] initcall pnpacpi_init+0x0/0x69 returned 0 after 72199 usecs
[    7.807469] calling  chr_dev_init+0x0/0x14d @ 1
[    7.844690] initcall chr_dev_init+0x0/0x14d returned 0 after 31129 usecs
[    7.887494] calling  firmware_class_init+0x0/0xe7 @ 1
[    7.895479] initcall firmware_class_init+0x0/0xe7 returned 0 after 559 usecs
[    7.903771] calling  init_pcmcia_bus+0x0/0x5b @ 1
[    7.912870] initcall init_pcmcia_bus+0x0/0x5b returned 0 after 3258 usecs
[    7.921158] calling  init_acpi_pm_clocksource+0x0/0xda @ 1
[    7.933589] clocksource: acpi_pm: mask: 0xffffff max_cycles: 0xffffff, max_idle_ns: 2085701024 ns
[    7.944125] initcall init_acpi_pm_clocksource+0x0/0xda returned 0 after 15926 usecs
[    7.953360] calling  sysctl_core_init+0x0/0x26 @ 1
[    7.959758] initcall sysctl_core_init+0x0/0x26 returned 0 after 549 usecs
[    7.967990] calling  eth_offload_init+0x0/0x13 @ 1
[    7.973954] initcall eth_offload_init+0x0/0x13 returned 0 after 113 usecs
[    7.982139] calling  ipv4_offload_init+0x0/0x73 @ 1
[    7.988202] initcall ipv4_offload_init+0x0/0x73 returned 0 after 86 usecs
[    7.996429] calling  inet_init+0x0/0x276 @ 1
[    8.002834] NET: Registered protocol family 2
[    8.009523] IP idents hash table entries: 8192 (order: 4, 65536 bytes, linear)
[    8.025292] tcp_listen_portaddr_hash hash table entries: 256 (order: 0, 4096 bytes, linear)
[    8.035500] TCP established hash table entries: 4096 (order: 3, 32768 bytes, linear)
[    8.045246] TCP bind hash table entries: 4096 (order: 4, 65536 bytes, linear)
[    8.057733] TCP: Hash tables configured (established 4096 bind 4096)
[    8.066254] UDP hash table entries: 256 (order: 1, 8192 bytes, linear)
[    8.074612] UDP-Lite hash table entries: 256 (order: 1, 8192 bytes, linear)
[    8.083621] initcall inet_init+0x0/0x276 returned 0 after 80000 usecs
[    8.091494] calling  af_unix_init+0x0/0x4d @ 1
[    8.097079] NET: Registered protocol family 1
[    8.102776] initcall af_unix_init+0x0/0x4d returned 0 after 5591 usecs
[    8.113057] calling  ipv6_offload_init+0x0/0x7e @ 1
[    8.120774] initcall ipv6_offload_init+0x0/0x7e returned 0 after 131 usecs
[    8.131211] calling  init_sunrpc+0x0/0x65 @ 1
[    8.140912] RPC: Registered named UNIX socket transport module.
[    8.148000] RPC: Registered udp transport module.
[    8.153695] RPC: Registered tcp transport module.
[    8.159418] RPC: Registered tcp NFSv4.1 backchannel transport module.
[    8.167224] initcall init_sunrpc+0x0/0x65 returned 0 after 29338 usecs
[    8.175142] calling  cfg80211_init+0x0/0xc5 @ 1
[    8.195005] initcall cfg80211_init+0x0/0xc5 returned 0 after 12135 usecs
[    8.204856] calling  pcibios_assign_resources+0x0/0xbf @ 1
[    8.212244] pci_bus 0000:00: resource 4 [io  0x0000-0x0cf7 window]
[    8.220088] pci_bus 0000:00: resource 5 [io  0x0d00-0xffff window]
[    8.227925] pci_bus 0000:00: resource 6 [mem 0x000a0000-0x000bffff window]
[    8.236488] pci_bus 0000:00: resource 7 [mem 0x20000000-0xafffffff window]
[    8.245592] pci_bus 0000:00: resource 8 [mem 0xc0000000-0xfebfffff window]
[    8.253710] pci_bus 0000:00: resource 9 [mem 0x100000000-0x8ffffffff window]
[    8.262624] initcall pcibios_assign_resources+0x0/0xbf returned 0 after 49526 usecs
[    8.271727] calling  pci_apply_final_quirks+0x0/0x124 @ 1
[    8.278477] pci 0000:00:01.0: calling  pci_fixup_video+0x0/0xe0 @ 1
[    8.286681] pci 0000:00:01.0: Video device with shadowed ROM at [mem 0x000c0000-0x000dffff]
[    8.296415] pci 0000:00:01.0: pci_fixup_video+0x0/0xe0 took 10090 usecs
[    8.304608] PCI: CLS 0 bytes, default 64
[    8.309295] initcall pci_apply_final_quirks+0x0/0x124 returned 0 after 30491 usecs
[    8.318071] calling  acpi_reserve_resources+0x0/0xea @ 1
[    8.324316] initcall acpi_reserve_resources+0x0/0xea returned 0 after 71 usecs
[    8.332765] calling  populate_rootfs+0x0/0x102 @ 1
[    8.341225] initcall populate_rootfs+0x0/0x102 returned 0 after 2496 usecs
[    8.349424] calling  pci_iommu_init+0x0/0x3e @ 1
[    8.355166] initcall pci_iommu_init+0x0/0x3e returned 0 after 246 usecs
[    8.364952] calling  ia32_binfmt_init+0x0/0x13 @ 1
[    8.370668] initcall ia32_binfmt_init+0x0/0x13 returned 0 after 19 usecs
[    8.379428] calling  rapl_pmu_init+0x0/0x267 @ 1
[    8.385830] initcall rapl_pmu_init+0x0/0x267 returned -19 after 280 usecs
[    8.393938] calling  amd_uncore_init+0x0/0x310 @ 1
[    8.399670] initcall amd_uncore_init+0x0/0x310 returned -19 after 0 usecs
[    8.407941] calling  amd_ibs_init+0x0/0x27b @ 1
[    8.413388] initcall amd_ibs_init+0x0/0x27b returned -19 after 0 usecs
[    8.421242] calling  amd_iommu_pc_init+0x0/0x215 @ 1
[    8.427210] initcall amd_iommu_pc_init+0x0/0x215 returned -19 after 35 usecs
[    8.435666] calling  msr_init+0x0/0x55 @ 1
[    8.440769] initcall msr_init+0x0/0x55 returned 0 after 113 usecs
[    8.448067] calling  intel_uncore_init+0x0/0x36f @ 1
[    8.454058] initcall intel_uncore_init+0x0/0x36f returned -19 after 31 usecs
[    8.462325] calling  cstate_pmu_init+0x0/0x1a1 @ 1
[    8.468082] initcall cstate_pmu_init+0x0/0x1a1 returned -19 after 0 usecs
[    8.476219] calling  register_kernel_offset_dumper+0x0/0x1a @ 1
[    8.483424] initcall register_kernel_offset_dumper+0x0/0x1a returned 0 after 48 usecs
[    8.492943] calling  i8259A_init_ops+0x0/0x20 @ 1
[    8.498642] initcall i8259A_init_ops+0x0/0x20 returned 0 after 1 usecs
[    8.506601] calling  init_tsc_clocksource+0x0/0xa4 @ 1
[    8.513045] clocksource: tsc: mask: 0xffffffffffffffff max_cycles: 0x39a85afc727, max_idle_ns: 881590685098 ns
[    8.525268] initcall init_tsc_clocksource+0x0/0xa4 returned 0 after 11935 usecs
[    8.534277] calling  add_rtc_cmos+0x0/0xb0 @ 1
[    8.539866] initcall add_rtc_cmos+0x0/0xb0 returned 0 after 139 usecs
[    8.547665] calling  i8237A_init_ops+0x0/0x3a @ 1
[    8.553748] initcall i8237A_init_ops+0x0/0x3a returned 0 after 101 usecs
[    8.561892] calling  umwait_init+0x0/0x94 @ 1
[    8.567513] initcall umwait_init+0x0/0x94 returned -19 after 38 usecs
[    8.575375] calling  thermal_throttle_init_device+0x0/0x3d @ 1
[    8.582678] initcall thermal_throttle_init_device+0x0/0x3d returned 0 after 37 usecs
[    8.592155] calling  msr_init+0x0/0xd7 @ 1
[    8.622261] initcall msr_init+0x0/0xd7 returned 0 after 24312 usecs
[    8.630215] calling  cpuid_init+0x0/0xd7 @ 1
[    8.650297] initcall cpuid_init+0x0/0xd7 returned 0 after 14418 usecs
[    8.658522] calling  ioapic_init_ops+0x0/0x13 @ 1
[    8.664527] initcall ioapic_init_ops+0x0/0x13 returned 0 after 26 usecs
[    8.672801] calling  add_pcspkr+0x0/0x6c @ 1
[    8.678293] initcall add_pcspkr+0x0/0x6c returned 0 after 87 usecs
[    8.686109] calling  start_periodic_check_for_corruption+0x0/0x30 @ 1
[    8.694099] check: Scanning for low memory corruption every 60 seconds
[    8.702058] initcall start_periodic_check_for_corruption+0x0/0x30 returned 0 after 7833 usecs
[    8.713027] calling  sysfb_init+0x0/0x9c @ 1
[    8.718393] initcall sysfb_init+0x0/0x9c returned 0 after 113 usecs
[    8.725994] calling  audit_classes_init+0x0/0xae @ 1
[    8.731884] initcall audit_classes_init+0x0/0xae returned 0 after 57 usecs
[    8.740221] calling  iosf_mbi_init+0x0/0x24 @ 1
[    8.746088] initcall iosf_mbi_init+0x0/0x24 returned 0 after 253 usecs
[    8.753993] calling  proc_execdomains_init+0x0/0x21 @ 1
[    8.760448] initcall proc_execdomains_init+0x0/0x21 returned 0 after 164 usecs
[    8.769217] calling  register_warn_debugfs+0x0/0x23 @ 1
[    8.775703] initcall register_warn_debugfs+0x0/0x23 returned 0 after 95 usecs
[    8.784215] calling  cpuhp_sysfs_init+0x0/0x79 @ 1
[    8.790657] initcall cpuhp_sysfs_init+0x0/0x79 returned 0 after 483 usecs
[    8.801273] calling  ioresources_init+0x0/0x49 @ 1
[    8.807156] initcall ioresources_init+0x0/0x49 returned 0 after 7 usecs
[    8.815024] calling  snapshot_device_init+0x0/0xc @ 1
[    8.822740] initcall snapshot_device_init+0x0/0xc returned 0 after 979 usecs
[    8.831221] calling  irq_pm_init_ops+0x0/0x13 @ 1
[    8.836950] initcall irq_pm_init_ops+0x0/0x13 returned 0 after 35 usecs
[    8.844788] calling  rcu_torture_init+0x0/0x9a6 @ 1
[    8.850666] rcu-torture:--- Start of test: nreaders=15 nfakewriters=4 stat_interval=15 verbose=1 test_no_idle_hz=1 shuffle_interval=3 stutter=5 irqreader=1 fqs_duration=0 fqs_holdoff=0 fqs_stutter=3 test_boost=1/0 test_boost_interval=7 test_boost_duration=4 shutdown_secs=1800 stall_cpu=0 stall_cpu_holdoff=10 stall_cpu_irqsoff=0 stall_cpu_block=0 n_barrier_cbs=4 onoff_interval=200 onoff_holdoff=30 read_exit_delay=13 read_exit_burst=16
[    8.898043] rcu:  Start-test grace-period state: g-968 f0x0
[    8.906925] rcu-torture: Creating rcu_torture_writer task
[    8.915902] rcu-torture: Creating rcu_torture_fakewriter task
[    8.915947] rcu-torture: rcu_torture_writer task started
[    8.925613] rcu-torture: Creating rcu_torture_fakewriter task
[    8.925641] rcu-torture: rcu_torture_fakewriter task started
[    8.931193] rcu-torture: GP expediting controlled from boot/sysfs for rcu.
[    8.939105] rcu-torture: Creating rcu_torture_fakewriter task
[    8.939120] rcu-torture: rcu_torture_fakewriter task started
[    8.945306] rcu_torture_writer: Testing conditional GPs.
[    8.955008] rcu-torture: Creating rcu_torture_fakewriter task
[    8.955076] rcu-torture: rcu_torture_fakewriter task started
[    8.961492] rcu_torture_writer: Testing expedited GPs.
[    8.969741] rcu-torture: Creating rcu_torture_reader task
[    8.969773] rcu-torture: rcu_torture_fakewriter task started
[    8.975302] rcu_torture_writer: Testing asynchronous GPs.
[    8.983938] rcu-torture: Creating rcu_torture_reader task
[    8.983968] rcu-torture: rcu_torture_reader task started
[    8.989716] rcu_torture_writer: Testing normal GPs.
[    8.997962] rcu-torture: Creating rcu_torture_reader task
[    8.997993] rcu-torture: rcu_torture_reader task started
[    9.056026] rcu-torture: Creating rcu_torture_reader task
[    9.056055] rcu-torture: rcu_torture_reader task started
[    9.063894] rcu-torture: Creating rcu_torture_reader task
[    9.063911] rcu-torture: rcu_torture_reader task started
[    9.089745] rcu-torture: Creating rcu_torture_reader task
[    9.089795] rcu-torture: rcu_torture_reader task started
[    9.099977] rcu-torture: Creating rcu_torture_reader task
[    9.099980] rcu-torture: rcu_torture_reader task started
[    9.124741] rcu-torture: Creating rcu_torture_reader task
[    9.124744] rcu-torture: rcu_torture_reader task started
[    9.148816] rcu-torture: Creating rcu_torture_reader task
[    9.148822] rcu-torture: rcu_torture_reader task started
[    9.157939] rcu-torture: Creating rcu_torture_reader task
[    9.157959] rcu-torture: rcu_torture_reader task started
[    9.180287] rcu-torture: Creating rcu_torture_reader task
[    9.180313] rcu-torture: rcu_torture_reader task started
[    9.188312] rcu-torture: Creating rcu_torture_reader task
[    9.188410] rcu-torture: rcu_torture_reader task started
[    9.210994] rcu-torture: Creating rcu_torture_reader task
[    9.211047] rcu-torture: rcu_torture_reader task started
[    9.220564] rcu-torture: Creating rcu_torture_reader task
[    9.220667] rcu-torture: rcu_torture_reader task started
[    9.243512] rcu-torture: Creating rcu_torture_reader task
[    9.243533] rcu-torture: rcu_torture_reader task started
[    9.252065] rcu-torture: Creating rcu_torture_stats task
[    9.252105] rcu-torture: rcu_torture_reader task started
[    9.272960] rcu-torture: Creating torture_shuffle task
[    9.273004] rcu-torture: rcu_torture_stats task started
[    9.281249] rcu-torture: Creating torture_stutter task
[    9.281268] rcu-torture: torture_shuffle task started
[    9.302904] rcu-torture: Creating torture_shutdown task
[    9.302921] rcu-torture: torture_stutter task started
[    9.311505] rcu-torture: Creating torture_onoff task
[    9.311507] rcu-torture: torture_shutdown task started
[    9.311510] rcu-torture:torture_shutdown task: 1799991 ms remaining
[    9.340668] rcu-torture: Creating rcu_torture_fwd_prog task
[    9.340801] rcu-torture: torture_onoff task started
[    9.349680] rcu-torture: Creating rcu_torture_barrier_cbs task
[    9.349705] rcu-torture: rcu_torture_fwd_progress task started
[    9.355192] rcu-torture: torture_onoff begin holdoff
[    9.364165] rcu-torture: Creating rcu_torture_barrier_cbs task
[    9.364220] rcu-torture: rcu_torture_barrier_cbs task started
[    9.397867] rcu-torture: rcu_torture_barrier_cbs task started
[    9.398358] rcu-torture: Creating rcu_torture_barrier_cbs task
[    9.416575] rcu-torture: Creating rcu_torture_barrier_cbs task
[    9.416608] rcu-torture: rcu_torture_barrier_cbs task started
[    9.427571] rcu-torture: Creating rcu_torture_barrier task
[    9.427583] rcu-torture: rcu_torture_barrier_cbs task started
[    9.452183] rcu-torture: Creating rcu_torture_read_exit task
[    9.452203] rcu-torture: rcu_torture_barrier task starting
[    9.461208] rcu-torture: rcu_torture_read_exit: Start of test
[    9.461222] initcall rcu_torture_init+0x0/0x9a6 returned 0 after 596316 usecs
[    9.461226] calling  timekeeping_init_ops+0x0/0x13 @ 1
[    9.461243] initcall timekeeping_init_ops+0x0/0x13 returned 0 after 14 usecs
[    9.461244] calling  init_clocksource_sysfs+0x0/0x23 @ 1
[    9.461488] initcall init_clocksource_sysfs+0x0/0x23 returned 0 after 234 usecs
[    9.461490] calling  init_timer_list_procfs+0x0/0x31 @ 1
[    9.461498] initcall init_timer_list_procfs+0x0/0x31 returned 0 after 4 usecs
[    9.461500] calling  alarmtimer_init+0x0/0xc7 @ 1
[    9.461643] initcall alarmtimer_init+0x0/0xc7 returned 0 after 137 usecs
[    9.461645] calling  init_posix_timers+0x0/0x29 @ 1
[    9.461652] initcall init_posix_timers+0x0/0x29 returned 0 after 4 usecs
[    9.461654] calling  clockevents_init_sysfs+0x0/0xbf @ 1
[    9.461897] initcall clockevents_init_sysfs+0x0/0xbf returned 0 after 235 usecs
[    9.461899] calling  proc_dma_init+0x0/0x21 @ 1
[    9.461913] initcall proc_dma_init+0x0/0x21 returned 0 after 12 usecs
[    9.461915] calling  proc_modules_init+0x0/0x1e @ 1
[    9.461918] initcall proc_modules_init+0x0/0x1e returned 0 after 1 usecs
[    9.461920] calling  kallsyms_init+0x0/0x21 @ 1
[    9.461922] initcall kallsyms_init+0x0/0x21 returned 0 after 0 usecs
[    9.461924] calling  pid_namespaces_init+0x0/0x2c @ 1
[    9.462013] initcall pid_namespaces_init+0x0/0x2c returned 0 after 75 usecs
[    9.462015] calling  audit_watch_init+0x0/0x37 @ 1
[    9.462018] initcall audit_watch_init+0x0/0x37 returned 0 after 0 usecs
[    9.462019] calling  audit_fsnotify_init+0x0/0x37 @ 1
[    9.462021] initcall audit_fsnotify_init+0x0/0x37 returned 0 after 0 usecs
[    9.462023] calling  audit_tree_init+0x0/0x6d @ 1
[    9.462025] initcall audit_tree_init+0x0/0x6d returned 0 after 1 usecs
[    9.462027] calling  seccomp_sysctl_init+0x0/0x2b @ 1
[    9.462053] initcall seccomp_sysctl_init+0x0/0x2b returned 0 after 22 usecs
[    9.462054] calling  utsname_sysctl_init+0x0/0x13 @ 1
[    9.462076] initcall utsname_sysctl_init+0x0/0x13 returned 0 after 19 usecs
[    9.462078] calling  init_tracepoints+0x0/0x27 @ 1
[    9.462121] initcall init_tracepoints+0x0/0x27 returned 0 after 40 usecs
[    9.462122] calling  init_blk_tracer+0x0/0x50 @ 1
[    9.462893] initcall init_blk_tracer+0x0/0x50 returned 0 after 732 usecs
[    9.462896] calling  perf_event_sysfs_init+0x0/0x81 @ 1
[    9.463104] initcall perf_event_sysfs_init+0x0/0x81 returned 0 after 200 usecs
[    9.463107] calling  system_trusted_keyring_init+0x0/0x60 @ 1
[    9.463108] Initialise system trusted keyrings
[    9.463185] initcall system_trusted_keyring_init+0x0/0x60 returned 0 after 73 usecs
[    9.463187] calling  kswapd_init+0x0/0x5c @ 1
[    9.464099] initcall kswapd_init+0x0/0x5c returned 0 after 886 usecs
[    9.464101] calling  extfrag_debug_init+0x0/0x54 @ 1
[    9.464136] initcall extfrag_debug_init+0x0/0x54 returned 0 after 32 usecs
[    9.464138] calling  mm_compute_batch_init+0x0/0x12 @ 1
[    9.464141] initcall mm_compute_batch_init+0x0/0x12 returned 0 after 0 usecs
[    9.464143] calling  slab_proc_init+0x0/0x21 @ 1
[    9.464202] initcall slab_proc_init+0x0/0x21 returned 0 after 55 usecs
[    9.464203] calling  workingset_init+0x0/0x8c @ 1
[    9.464233] workingset: timestamp_bits=56 max_order=17 bucket_order=0
[    9.464283] initcall workingset_init+0x0/0x8c returned 0 after 76 usecs
[    9.464284] calling  proc_vmalloc_init+0x0/0x32 @ 1
[    9.464286] initcall proc_vmalloc_init+0x0/0x32 returned 0 after 1 usecs
[    9.464288] calling  procswaps_init+0x0/0x1e @ 1
[    9.464340] initcall procswaps_init+0x0/0x1e returned 0 after 49 usecs
[    9.464342] calling  slab_sysfs_init+0x0/0xea @ 1
[    9.468875] initcall slab_sysfs_init+0x0/0xea returned 0 after 4422 usecs
[   10.004513] calling  fcntl_init+0x0/0x29 @ 1
[   10.019332] initcall fcntl_init+0x0/0x29 returned 0 after 5419 usecs
[   10.032025] calling  proc_filesystems_init+0x0/0x21 @ 1
[   10.043264] initcall proc_filesystems_init+0x0/0x21 returned 0 after 889 usecs
[   10.056996] calling  start_dirtytime_writeback+0x0/0x29 @ 1
[   10.068052] initcall start_dirtytime_writeback+0x0/0x29 returned 0 after 220 usecs
[   10.081779] calling  blkdev_init+0x0/0x1b @ 1
[   10.094784] initcall blkdev_init+0x0/0x1b returned 0 after 5857 usecs
[   10.106150] calling  dio_init+0x0/0x2c @ 1
[   10.119646] initcall dio_init+0x0/0x2c returned 0 after 5610 usecs
[   10.130876] calling  dnotify_init+0x0/0x78 @ 1
[   10.139837] initcall dnotify_init+0x0/0x78 returned 0 after 807 usecs
[   10.150932] calling  aio_setup+0x0/0x78 @ 1
[   10.164770] initcall aio_setup+0x0/0x78 returned 0 after 6032 usecs
[   10.175186] calling  io_uring_init+0x0/0x2c @ 1
[   10.184720] initcall io_uring_init+0x0/0x2c returned 0 after 637 usecs
[   10.197229] calling  mbcache_init+0x0/0x30 @ 1
[   10.206804] initcall mbcache_init+0x0/0x30 returned 0 after 1272 usecs
[   10.219274] calling  init_grace+0x0/0xc @ 1
[   10.228748] initcall init_grace+0x0/0xc returned 0 after 954 usecs
[   10.240260] calling  init_v2_quota_format+0x0/0x21 @ 1
[   10.251113] initcall init_v2_quota_format+0x0/0x21 returned 0 after 512 usecs
[   10.264896] calling  init_devpts_fs+0x0/0x27 @ 1
[   10.275379] initcall init_devpts_fs+0x0/0x27 returned 0 after 1665 usecs
[   10.288886] calling  ext4_init_fs+0x0/0x1d0 @ 1
[   10.300595] initcall ext4_init_fs+0x0/0x1d0 returned 0 after 2692 usecs
[   10.310951] calling  journal_init+0x0/0x11c @ 1
[   10.319829] initcall journal_init+0x0/0x11c returned 0 after 626 usecs
[   10.331841] calling  init_fat_fs+0x0/0x49 @ 1
[   10.340714] initcall init_fat_fs+0x0/0x49 returned 0 after 626 usecs
[   10.352123] calling  init_vfat_fs+0x0/0xc @ 1
[   10.360949] initcall init_vfat_fs+0x0/0xc returned 0 after 4 usecs
[   10.372642] calling  init_msdos_fs+0x0/0xc @ 1
[   10.380767] initcall init_msdos_fs+0x0/0xc returned 0 after 4 usecs
[   10.391268] calling  init_iso9660_fs+0x0/0x6c @ 1
[   10.403378] initcall init_iso9660_fs+0x0/0x6c returned 0 after 4448 usecs
[   10.417855] calling  init_nfs_fs+0x0/0x13a @ 1
[   10.454231] initcall init_nfs_fs+0x0/0x13a returned 0 after 27910 usecs
[   10.466066] calling  init_nfs_v2+0x0/0x13 @ 1
[   10.473850] initcall init_nfs_v2+0x0/0x13 returned 0 after 502 usecs
[   10.486650] calling  init_nfs_v3+0x0/0x13 @ 1
[   10.496025] initcall init_nfs_v3+0x0/0x13 returned 0 after 101 usecs
[   10.505294] calling  init_nfs_v4+0x0/0x32 @ 1
[   10.512131] NFS: Registering the id_resolver key type
[   10.520979] Key type id_resolver registered
[   10.527535] Key type id_legacy registered
[   10.534705] initcall init_nfs_v4+0x0/0x32 returned 0 after 22073 usecs
[   10.545477] calling  init_nlm+0x0/0x5b @ 1
[   10.553728] initcall init_nlm+0x0/0x5b returned 0 after 761 usecs
[   10.564227] calling  init_nls_cp437+0x0/0xe @ 1
[   10.572757] initcall init_nls_cp437+0x0/0xe returned 0 after 93 usecs
[   10.583881] calling  init_nls_ascii+0x0/0xe @ 1
[   10.591337] initcall init_nls_ascii+0x0/0xe returned 0 after 0 usecs
[   10.602498] calling  init_nls_iso8859_1+0x0/0xe @ 1
[   10.610391] initcall init_nls_iso8859_1+0x0/0xe returned 0 after 1 usecs
[   10.622169] calling  init_nls_utf8+0x0/0x21 @ 1
[   10.629788] initcall init_nls_utf8+0x0/0x21 returned 0 after 1 usecs
[   10.641179] calling  init_autofs_fs+0x0/0x25 @ 1
[   10.657036] initcall init_autofs_fs+0x0/0x25 returned 0 after 7554 usecs
[   10.668662] calling  ipc_init+0x0/0x24 @ 1
[   10.676841] initcall ipc_init+0x0/0x24 returned 0 after 1158 usecs
[   10.686751] calling  ipc_sysctl_init+0x0/0x13 @ 1
[   10.695488] initcall ipc_sysctl_init+0x0/0x13 returned 0 after 1361 usecs
[   10.706293] calling  init_mqueue_fs+0x0/0x9a @ 1
[   10.717250] initcall init_mqueue_fs+0x0/0x9a returned 0 after 3414 usecs
[   10.727792] calling  key_proc_init+0x0/0x63 @ 1
[   10.736831] initcall key_proc_init+0x0/0x63 returned 0 after 55 usecs
[   10.747675] calling  selinux_nf_ip_init+0x0/0x2e @ 1
[   10.756064] initcall selinux_nf_ip_init+0x0/0x2e returned 0 after 140 usecs
[   10.766856] calling  init_sel_fs+0x0/0x116 @ 1
[   10.773837] initcall init_sel_fs+0x0/0x116 returned 0 after 1 usecs
[   10.784603] calling  selnl_init+0x0/0x7c @ 1
[   10.794212] initcall selnl_init+0x0/0x7c returned 0 after 2432 usecs
[   10.805789] calling  sel_netif_init+0x0/0x36 @ 1
[   10.813449] initcall sel_netif_init+0x0/0x36 returned 0 after 1 usecs
[   10.824676] calling  sel_netnode_init+0x0/0x33 @ 1
[   10.832581] initcall sel_netnode_init+0x0/0x33 returned 0 after 365 usecs
[   10.842606] calling  sel_netport_init+0x0/0x33 @ 1
[   10.850904] initcall sel_netport_init+0x0/0x33 returned 0 after 558 usecs
[   10.862763] calling  aurule_init+0x0/0x2a @ 1
[   10.870761] initcall aurule_init+0x0/0x2a returned 0 after 2 usecs
[   10.881604] calling  crypto_algapi_init+0x0/0xc @ 1
[   10.888832] initcall crypto_algapi_init+0x0/0xc returned 0 after 6 usecs
[   10.898841] calling  jent_mod_init+0x0/0x2d @ 1
[   10.918696] initcall jent_mod_init+0x0/0x2d returned 0 after 12689 usecs
[   10.929982] calling  asymmetric_key_init+0x0/0xc @ 1
[   10.938297] Key type asymmetric registered
[   10.945527] initcall asymmetric_key_init+0x0/0xc returned 0 after 7072 usecs
[   10.957708] calling  x509_key_init+0x0/0xc @ 1
[   10.965608] Asymmetric key parser 'x509' registered
[   10.973893] initcall x509_key_init+0x0/0xc returned 0 after 8221 usecs
[   10.984341] calling  proc_genhd_init+0x0/0x41 @ 1
[   10.992172] initcall proc_genhd_init+0x0/0x41 returned 0 after 59 usecs
[   11.003239] calling  bsg_init+0x0/0x113 @ 1
[   11.012101] Block layer SCSI generic (bsg) driver version 0.4 loaded (major 251)
[   11.024218] initcall bsg_init+0x0/0x113 returned 0 after 13290 usecs
[   11.035350] calling  deadline_init+0x0/0xc @ 1
[   11.043544] io scheduler mq-deadline registered
[   11.050644] initcall deadline_init+0x0/0xc returned 0 after 7051 usecs
[   11.061541] calling  kyber_init+0x0/0xc @ 1
[   11.067568] io scheduler kyber registered
[   11.073725] initcall kyber_init+0x0/0xc returned 0 after 6010 usecs
[   11.083577] calling  mod_init+0x0/0x7 @ 1
[   11.090624] initcall mod_init+0x0/0x7 returned 0 after 0 usecs
[   11.100256] calling  percpu_counter_startup+0x0/0x55 @ 1
[   11.135482] initcall percpu_counter_startup+0x0/0x55 returned 0 after 26776 usecs
[   11.147915] calling  sg_pool_init+0x0/0xb4 @ 1
[   11.156731] initcall sg_pool_init+0x0/0xb4 returned 0 after 1170 usecs
[   11.167057] calling  pcie_portdrv_init+0x0/0x39 @ 1
[   11.179225] initcall pcie_portdrv_init+0x0/0x39 returned 0 after 4161 usecs
[   11.191210] calling  pci_proc_init+0x0/0x68 @ 1
[   11.199769] initcall pci_proc_init+0x0/0x68 returned 0 after 194 usecs
[   11.209855] calling  pci_hotplug_init+0x0/0x7 @ 1
[   11.216395] initcall pci_hotplug_init+0x0/0x7 returned 0 after 0 usecs
[   11.226497] calling  efifb_driver_init+0x0/0xe @ 1
[   11.234969] initcall efifb_driver_init+0x0/0xe returned 0 after 504 usecs
[   11.245826] calling  ged_driver_init+0x0/0xe @ 1
[   11.253785] initcall ged_driver_init+0x0/0xe returned 0 after 494 usecs
[   11.263873] calling  acpi_ac_init+0x0/0x92 @ 1
[   11.272530] initcall acpi_ac_init+0x0/0x92 returned 0 after 1645 usecs
[   11.282766] calling  acpi_button_driver_init+0x0/0x52 @ 1
[   11.292087] input: Power Button as /devices/LNXSYSTM:00/LNXPWRBN:00/input/input0
[   11.306107] ACPI: Power Button [PWRF]
[   11.318214] initcall acpi_button_driver_init+0x0/0x52 returned 0 after 26704 usecs
[   11.331599] calling  acpi_fan_driver_init+0x0/0xe @ 1
[   11.340575] initcall acpi_fan_driver_init+0x0/0xe returned 0 after 26 usecs
[   11.352318] calling  acpi_video_init+0x0/0xcb @ 1
[   11.361053] initcall acpi_video_init+0x0/0xcb returned 0 after 782 usecs
[   11.372609] calling  acpi_processor_driver_init+0x0/0xad @ 1
[   11.387272] initcall acpi_processor_driver_init+0x0/0xad returned 0 after 5007 usecs
[   11.400914] calling  acpi_thermal_init+0x0/0x71 @ 1
[   11.415903] initcall acpi_thermal_init+0x0/0x71 returned 0 after 5626 usecs
[   11.427751] calling  acpi_battery_init+0x0/0x32 @ 1
[   11.437225] initcall acpi_battery_init+0x0/0x32 returned 0 after 449 usecs
[   11.449545] calling  bgrt_init+0x0/0xb6 @ 1
[   11.456582] initcall bgrt_init+0x0/0xb6 returned -19 after 49 usecs
[   11.466626] calling  gpio_clk_driver_init+0x0/0xe @ 1
[   11.474784] initcall gpio_clk_driver_init+0x0/0xe returned 0 after 68 usecs
[   11.486693] calling  plt_clk_driver_init+0x0/0xe @ 1
[   11.496281] initcall plt_clk_driver_init+0x0/0xe returned 0 after 28 usecs
[   11.509663] calling  virtio_pci_driver_init+0x0/0x15 @ 1
[   11.519328] initcall virtio_pci_driver_init+0x0/0x15 returned 0 after 152 usecs
[   11.531567] calling  n_null_init+0x0/0x1e @ 1
[   11.539342] initcall n_null_init+0x0/0x1e returned 0 after 115 usecs
[   11.551197] calling  pty_init+0x0/0x1e8 @ 1
[   11.564051] initcall pty_init+0x0/0x1e8 returned 0 after 5059 usecs
[   11.574992] calling  sysrq_init+0x0/0x62 @ 1
[   11.582534] initcall sysrq_init+0x0/0x62 returned 0 after 6 usecs
[   11.593874] calling  serial8250_init+0x0/0x17e @ 1
[   11.602693] Serial: 8250/16550 driver, 4 ports, IRQ sharing enabled
[   11.617891] 00:03: ttyS0 at I/O 0x3f8 (irq = 4, base_baud = 115200) is a 16550A
[   11.650672] initcall serial8250_init+0x0/0x17e returned 0 after 46920 usecs
[   11.661657] calling  serial_pci_driver_init+0x0/0x15 @ 1
[   11.670890] initcall serial_pci_driver_init+0x0/0x15 returned 0 after 195 usecs
[   11.683363] calling  exar_pci_driver_init+0x0/0x15 @ 1
[   11.692835] initcall exar_pci_driver_init+0x0/0x15 returned 0 after 26 usecs
[   11.704729] calling  lpss8250_pci_driver_init+0x0/0x15 @ 1
[   11.714366] initcall lpss8250_pci_driver_init+0x0/0x15 returned 0 after 91 usecs
[   11.726873] calling  mid8250_pci_driver_init+0x0/0x15 @ 1
[   11.736060] initcall mid8250_pci_driver_init+0x0/0x15 returned 0 after 24 usecs
[   11.748872] calling  virtio_console_init+0x0/0xff @ 1
[   11.758415] initcall virtio_console_init+0x0/0xff returned 0 after 440 usecs
[   11.770977] calling  hpet_init+0x0/0x64 @ 1
[   11.783745] initcall hpet_init+0x0/0x64 returned 0 after 5358 usecs
[   11.793173] calling  nvram_module_init+0x0/0x83 @ 1
[   11.808979] Non-volatile memory driver v1.3
[   11.815179] initcall nvram_module_init+0x0/0x83 returned 0 after 14175 usecs
[   11.825859] calling  hwrng_modinit+0x0/0x8a @ 1
[   11.835258] initcall hwrng_modinit+0x0/0x8a returned 0 after 2801 usecs
[   11.845462] calling  mod_init+0x0/0x48 @ 1
[   11.851150] initcall mod_init+0x0/0x48 returned -19 after 4 usecs
[   11.859774] calling  agp_init+0x0/0x23 @ 1
[   11.865760] Linux agpgart interface v0.103
[   11.871952] initcall agp_init+0x0/0x23 returned 0 after 6043 usecs
[   11.880948] calling  agp_amd64_mod_init+0x0/0x5 @ 1
[   11.888529] initcall agp_amd64_mod_init+0x0/0x5 returned -19 after 362 usecs
[   11.898761] calling  agp_intel_init+0x0/0x28 @ 1
[   11.906688] initcall agp_intel_init+0x0/0x28 returned 0 after 1513 usecs
[   11.917757] calling  drm_kms_helper_init+0x0/0x7 @ 1
[   11.926876] initcall drm_kms_helper_init+0x0/0x7 returned 0 after 638 usecs
[   11.938805] calling  drm_core_init+0x0/0xa4 @ 1
[   11.947190] initcall drm_core_init+0x0/0xa4 returned 0 after 878 usecs
[   11.958257] calling  i915_init+0x0/0x6b @ 1
[   11.967231] initcall i915_init+0x0/0x6b returned 0 after 1616 usecs
[   11.978058] calling  cn_proc_init+0x0/0x35 @ 1
[   11.985893] initcall cn_proc_init+0x0/0x35 returned 0 after 5 usecs
[   11.997062] calling  topology_sysfs_init+0x0/0x27 @ 1
[   12.006577] initcall topology_sysfs_init+0x0/0x27 returned 0 after 713 usecs
[   12.018534] calling  cacheinfo_sysfs_init+0x0/0x27 @ 1
[   12.053840] initcall cacheinfo_sysfs_init+0x0/0x27 returned 0 after 25863 usecs
[   12.066539] calling  loop_init+0x0/0x168 @ 1
[   12.202901] loop: module loaded
[   12.209200] initcall loop_init+0x0/0x168 returned 0 after 132108 usecs
[   12.221608] calling  mac_hid_init+0x0/0x21 @ 1
[   12.230038] initcall mac_hid_init+0x0/0x21 returned 0 after 9 usecs
[   12.243718] calling  spi_transport_init+0x0/0x74 @ 1
[   12.252045] initcall spi_transport_init+0x0/0x74 returned 0 after 425 usecs
[   12.262742] calling  init_sd+0x0/0x18c @ 1
[   12.269835] initcall init_sd+0x0/0x18c returned 0 after 209 usecs
[   12.279620] calling  init_sr+0x0/0x43 @ 1
[   12.286216] initcall init_sr+0x0/0x43 returned 0 after 36 usecs
[   12.295223] calling  init_sg+0x0/0x1c0 @ 1
[   12.301964] initcall init_sg+0x0/0x1c0 returned 0 after 321 usecs
[   12.311941] calling  ahci_pci_driver_init+0x0/0x15 @ 1
[   12.321267] ahci 0000:00:1f.2: version 3.0
[   12.336328] PCI Interrupt Link [GSIA] enabled at IRQ 16
[   12.376724] ahci 0000:00:1f.2: AHCI 0001.0000 32 slots 6 ports 1.5 Gbps 0x3f impl SATA mode
[   12.389797] ahci 0000:00:1f.2: flags: 64bit ncq only 
[   12.431143] scsi host0: ahci
[   12.438690] scsi host1: ahci
[   12.450121] scsi host2: ahci
[   12.458086] scsi host3: ahci
[   12.466340] scsi host4: ahci
[   12.474659] scsi host5: ahci
[   12.480099] ata1: SATA max UDMA/133 abar m4096@0xfebf1000 port 0xfebf1100 irq 24
[   12.492695] ata2: SATA max UDMA/133 abar m4096@0xfebf1000 port 0xfebf1180 irq 24
[   12.505486] ata3: SATA max UDMA/133 abar m4096@0xfebf1000 port 0xfebf1200 irq 24
[   12.518274] ata4: SATA max UDMA/133 abar m4096@0xfebf1000 port 0xfebf1280 irq 24
[   12.530649] ata5: SATA max UDMA/133 abar m4096@0xfebf1000 port 0xfebf1300 irq 24
[   12.543266] ata6: SATA max UDMA/133 abar m4096@0xfebf1000 port 0xfebf1380 irq 24
[   12.555207] initcall ahci_pci_driver_init+0x0/0x15 returned 0 after 229730 usecs
[   12.567896] calling  piix_init+0x0/0x26 @ 1
[   12.575129] initcall piix_init+0x0/0x26 returned 0 after 466 usecs
[   12.585353] calling  amd_pci_driver_init+0x0/0x15 @ 1
[   12.594614] initcall amd_pci_driver_init+0x0/0x15 returned 0 after 473 usecs
[   12.606154] calling  oldpiix_pci_driver_init+0x0/0x15 @ 1
[   12.615055] initcall oldpiix_pci_driver_init+0x0/0x15 returned 0 after 43 usecs
[   12.627268] calling  sch_pci_driver_init+0x0/0x15 @ 1
[   12.635620] initcall sch_pci_driver_init+0x0/0x15 returned 0 after 88 usecs
[   12.646146] calling  net_olddevs_init+0x0/0x55 @ 1
[   12.654772] initcall net_olddevs_init+0x0/0x55 returned 0 after 800 usecs
[   12.666208] calling  blackhole_netdev_init+0x0/0x78 @ 1
[   12.675892] initcall blackhole_netdev_init+0x0/0x78 returned 0 after 860 usecs
[   12.688564] calling  phy_module_init+0x0/0x13 @ 1
[   12.696969] initcall phy_module_init+0x0/0x13 returned 0 after 782 usecs
[   12.708162] calling  tg3_driver_init+0x0/0x15 @ 1
[   12.716666] initcall tg3_driver_init+0x0/0x15 returned 0 after 729 usecs
[   12.727788] calling  e100_init_module+0x0/0x4c @ 1
[   12.735467] e100: Intel(R) PRO/100 Network Driver
[   12.742817] e100: Copyright(c) 1999-2006 Intel Corporation
[   12.751718] initcall e100_init_module+0x0/0x4c returned 0 after 15873 usecs
[   12.762563] calling  e1000_init_module+0x0/0x72 @ 1
[   12.770522] e1000: Intel(R) PRO/1000 Network Driver
[   12.778478] e1000: Copyright (c) 1999-2006 Intel Corporation.
[   12.788024] initcall e1000_init_module+0x0/0x72 returned 0 after 17371 usecs
[   12.799800] calling  e1000_init_module+0x0/0x2d @ 1
[   12.807890] e1000e: Intel(R) PRO/1000 Network Driver
[   12.816005] e1000e: Copyright(c) 1999 - 2015 Intel Corporation.
[   12.826109] initcall e1000_init_module+0x0/0x2d returned 0 after 17785 usecs
[   12.837352] calling  sky2_init_module+0x0/0x21 @ 1
[   12.845074] sky2: driver version 1.30
[   12.850970] initcall sky2_init_module+0x0/0x21 returned 0 after 5753 usecs
[   12.861998] calling  forcedeth_pci_driver_init+0x0/0x15 @ 1
[   12.869314] ata1: SATA link down (SStatus 0 SControl 300)
[   12.871137] initcall forcedeth_pci_driver_init+0x0/0x15 returned 0 after 187 usecs
[   12.886020] ata4: SATA link down (SStatus 0 SControl 300)
[   12.891147] calling  rtl8139_init_module+0x0/0x15 @ 1
[   12.908788] initcall rtl8139_init_module+0x0/0x15 returned 0 after 657 usecs
[   12.908910] ata5: SATA link down (SStatus 0 SControl 300)
[   12.917959] calling  rtl8169_pci_driver_init+0x0/0x15 @ 1
[   12.934800] initcall rtl8169_pci_driver_init+0x0/0x15 returned 0 after 1334 usecs
[   12.945052] calling  cdrom_init+0x0/0xc @ 1
[   12.950336] ata3: SATA link up 1.5 Gbps (SStatus 113 SControl 300)
[   12.961017] initcall cdrom_init+0x0/0xc returned 0 after 52 usecs
[   12.961021] calling  nonstatic_sysfs_init+0x0/0xc @ 1
[   12.961115] initcall nonstatic_sysfs_init+0x0/0xc returned 0 after 89 usecs
[   12.961118] calling  yenta_cardbus_driver_init+0x0/0x15 @ 1
[   12.961335] initcall yenta_cardbus_driver_init+0x0/0x15 returned 0 after 209 usecs
[   12.977904] ata6: SATA link down (SStatus 0 SControl 300)
[   12.985000] calling  mon_init+0x0/0x12d @ 1
[   12.985980] initcall mon_init+0x0/0x12d returned 0 after 951 usecs
[   12.997817] ata2: SATA link down (SStatus 0 SControl 300)
[   13.003895] calling  ehci_hcd_init+0x0/0x56 @ 1
[   13.003985] ehci_hcd: USB 2.0 'Enhanced' Host Controller (EHCI) Driver
[   13.014649] ata3.00: ATAPI: QEMU DVD-ROM, 2.5+, max UDMA/100
[   13.023861] initcall ehci_hcd_init+0x0/0x56 returned 0 after 19488 usecs
[   13.033408] ata3.00: applying bridge limits
[   13.040544] calling  ehci_pci_init+0x0/0x64 @ 1
[   13.040546] ehci-pci: EHCI PCI platform driver
[   13.040708] initcall ehci_pci_init+0x0/0x64 returned 0 after 157 usecs
[   13.054012] ata3.00: configured for UDMA/100
[   13.058824] calling  ohci_hcd_mod_init+0x0/0x4e @ 1
[   13.088986] scsi 2:0:0:0: CD-ROM            QEMU     QEMU DVD-ROM     2.5+ PQ: 0 ANSI: 5
[   13.093939] ohci_hcd: USB 1.1 'Open' Host Controller (OHCI) Driver
[   13.167749] initcall ohci_hcd_mod_init+0x0/0x4e returned 0 after 72441 usecs
[   13.177949] calling  ohci_pci_init+0x0/0x64 @ 1
[   13.184831] ohci-pci: OHCI PCI platform driver
[   13.191932] initcall ohci_pci_init+0x0/0x64 returned 0 after 6936 usecs
[   13.197941] sr 2:0:0:0: [sr0] scsi3-mmc drive: 4x/4x cd/rw xa/form2 tray
[   13.201905] calling  uhci_hcd_init+0x0/0xa8 @ 1
[   13.201910] uhci_hcd: USB Universal Host Controller Interface driver
[   13.213442] cdrom: Uniform CD-ROM driver Revision: 3.20
[   13.220684] initcall uhci_hcd_init+0x0/0xa8 returned 0 after 18329 usecs
[   13.249281] calling  xhci_hcd_init+0x0/0x1e @ 1
[   13.255800] initcall xhci_hcd_init+0x0/0x1e returned 0 after 31 usecs
[   13.265656] calling  xhci_pci_init+0x0/0x49 @ 1
[   13.272840] initcall xhci_pci_init+0x0/0x49 returned 0 after 426 usecs
[   13.283974] calling  usblp_driver_init+0x0/0x15 @ 1
[   13.292697] usbcore: registered new interface driver usblp
[   13.302292] initcall usblp_driver_init+0x0/0x15 returned 0 after 9983 usecs
[   13.307888] sr 2:0:0:0: Attached scsi CD-ROM sr0
[   13.315678] calling  usb_storage_driver_init+0x0/0x2a @ 1
[   13.324644] sr 2:0:0:0: Attached scsi generic sg0 type 5
[   13.332574] usbcore: registered new interface driver usb-storage
[   13.352242] initcall usb_storage_driver_init+0x0/0x2a returned 0 after 19280 usecs
[   13.364555] calling  i8042_init+0x0/0x4c2 @ 1
[   13.371458] i8042: PNP: PS/2 Controller [PNP0303:KBD,PNP0f13:MOU] at 0x60,0x64 irq 1,12
[   13.409931] irq/12-i8042 (233) used greatest stack depth: 15160 bytes left
[   13.414052] serio: i8042 KBD port at 0x60,0x64 irq 1
[   13.428831] serio: i8042 AUX port at 0x60,0x64 irq 12
[   13.436687] initcall i8042_init+0x0/0x4c2 returned 0 after 63904 usecs
[   13.446591] calling  serport_init+0x0/0x2c @ 1
[   13.453295] initcall serport_init+0x0/0x2c returned 0 after 11 usecs
[   13.463267] calling  input_leds_init+0x0/0xc @ 1
[   13.470532] initcall input_leds_init+0x0/0xc returned 0 after 15 usecs
[   13.480709] calling  evdev_init+0x0/0xc @ 1
[   13.487768] initcall evdev_init+0x0/0xc returned 0 after 729 usecs
[   13.496686] calling  atkbd_init+0x0/0x21 @ 1
[   13.503665] initcall atkbd_init+0x0/0x21 returned 0 after 604 usecs
[   13.512989] calling  psmouse_init+0x0/0x7f @ 1
[   13.520119] initcall psmouse_init+0x0/0x7f returned 0 after 528 usecs
[   13.529894] calling  cmos_init+0x0/0x73 @ 1
[   13.537799] input: AT Translated Set 2 keyboard as /devices/platform/i8042/serio0/input/input1
[   13.549933] rtc_cmos 00:04: RTC can wake from S4
[   13.564708] rtc_cmos 00:04: registered as rtc0
[   13.571317] rtc_cmos 00:04: alarms up to one day, y3k, 242 bytes nvram, hpet irqs
[   13.581827] initcall cmos_init+0x0/0x73 returned 0 after 44256 usecs
[   13.590811] calling  smbalert_driver_init+0x0/0xe @ 1
[   13.598980] initcall smbalert_driver_init+0x0/0xe returned 0 after 894 usecs
[   13.609840] calling  i2c_i801_init+0x0/0xc5 @ 1
[   13.622908] i801_smbus 0000:00:1f.3: SMBus using PCI interrupt
[   13.632589] i2c i2c-0: 1/1 memory slots populated (from DMI)
[   13.641137] i2c i2c-0: Memory type 0x07 not supported yet, not instantiating SPD
[   13.654515] initcall i2c_i801_init+0x0/0xc5 returned 0 after 37028 usecs
[   13.665114] calling  ptp_kvm_init+0x0/0xf0 @ 1
[   13.673943] initcall ptp_kvm_init+0x0/0xf0 returned 0 after 999 usecs
[   13.683721] calling  dm_init+0x0/0x3c @ 1
[   13.691582] device-mapper: ioctl: 4.43.0-ioctl (2020-10-01) initialised: dm-devel@redhat.com
[   13.703252] initcall dm_init+0x0/0x3c returned 0 after 13299 usecs
[   13.712651] calling  dm_mirror_init+0x0/0x29 @ 1
[   13.720612] initcall dm_mirror_init+0x0/0x29 returned 0 after 1007 usecs
[   13.730190] calling  dm_dirty_log_init+0x0/0x4f @ 1
[   13.737607] initcall dm_dirty_log_init+0x0/0x4f returned 0 after 284 usecs
[   13.747815] calling  dm_zero_init+0x0/0x29 @ 1
[   13.768259] initcall dm_zero_init+0x0/0x29 returned 0 after 2 usecs
[   13.778721] calling  intel_pstate_init+0x0/0x50d @ 1
[   13.786159] intel_pstate: CPU model not supported
[   13.803960] initcall intel_pstate_init+0x0/0x50d returned -19 after 17396 usecs
[   13.813907] calling  haltpoll_init+0x0/0xc0 @ 1
[   13.820883] initcall haltpoll_init+0x0/0xc0 returned -19 after 28 usecs
[   13.830826] calling  efivars_sysfs_init+0x0/0x30 @ 1
[   13.838335] initcall efivars_sysfs_init+0x0/0x30 returned 0 after 40 usecs
[   13.848549] calling  esrt_sysfs_init+0x0/0x2a2 @ 1
[   13.856528] initcall esrt_sysfs_init+0x0/0x2a2 returned -38 after 50 usecs
[   13.866885] calling  hid_init+0x0/0x5c @ 1
[   13.873668] hid: raw HID events driver (C) Jiri Kosina
[   13.881526] initcall hid_init+0x0/0x5c returned 0 after 7969 usecs
[   13.890834] calling  hid_generic_init+0x0/0x15 @ 1
[   13.898046] initcall hid_generic_init+0x0/0x15 returned 0 after 117 usecs
[   13.908120] calling  a4_driver_init+0x0/0x15 @ 1
[   13.915397] initcall a4_driver_init+0x0/0x15 returned 0 after 251 usecs
[   13.925678] calling  apple_driver_init+0x0/0x15 @ 1
[   13.933332] initcall apple_driver_init+0x0/0x15 returned 0 after 302 usecs
[   13.943642] calling  belkin_driver_init+0x0/0x15 @ 1
[   13.951137] initcall belkin_driver_init+0x0/0x15 returned 0 after 229 usecs
[   13.961626] calling  ch_driver_init+0x0/0x15 @ 1
[   13.968893] initcall ch_driver_init+0x0/0x15 returned 0 after 234 usecs
[   13.982601] calling  ch_driver_init+0x0/0x15 @ 1
[   13.989686] initcall ch_driver_init+0x0/0x15 returned 0 after 259 usecs
[   13.999761] calling  cp_driver_init+0x0/0x15 @ 1
[   14.007083] initcall cp_driver_init+0x0/0x15 returned 0 after 255 usecs
[   14.017307] calling  ez_driver_init+0x0/0x15 @ 1
[   14.024703] initcall ez_driver_init+0x0/0x15 returned 0 after 384 usecs
[   14.034094] calling  gyration_driver_init+0x0/0x15 @ 1
[   14.042235] initcall gyration_driver_init+0x0/0x15 returned 0 after 228 usecs
[   14.052176] calling  ite_driver_init+0x0/0x15 @ 1
[   14.059633] initcall ite_driver_init+0x0/0x15 returned 0 after 17 usecs
[   14.068485] calling  ks_driver_init+0x0/0x15 @ 1
[   14.089221] initcall ks_driver_init+0x0/0x15 returned 0 after 22 usecs
[   14.098017] calling  lg_driver_init+0x0/0x15 @ 1
[   14.120449] initcall lg_driver_init+0x0/0x15 returned 0 after 28 usecs
[   14.132210] calling  lg_g15_driver_init+0x0/0x15 @ 1
[   14.142795] initcall lg_g15_driver_init+0x0/0x15 returned 0 after 2518 usecs
[   14.154608] calling  ms_driver_init+0x0/0x15 @ 1
[   14.161340] initcall ms_driver_init+0x0/0x15 returned 0 after 36 usecs
[   14.171311] calling  mr_driver_init+0x0/0x15 @ 1
[   14.178030] initcall mr_driver_init+0x0/0x15 returned 0 after 50 usecs
[   14.188094] calling  ntrig_driver_init+0x0/0x15 @ 1
[   14.199746] initcall ntrig_driver_init+0x0/0x15 returned 0 after 46 usecs
[   14.209724] calling  pl_driver_init+0x0/0x15 @ 1
[   14.217249] initcall pl_driver_init+0x0/0x15 returned 0 after 22 usecs
[   14.237263] calling  pl_driver_init+0x0/0x15 @ 1
[   14.243619] initcall pl_driver_init+0x0/0x15 returned 0 after 23 usecs
[   14.252841] calling  redragon_driver_init+0x0/0x15 @ 1
[   14.259860] initcall redragon_driver_init+0x0/0x15 returned 0 after 24 usecs
[   14.270039] calling  samsung_driver_init+0x0/0x15 @ 1
[   14.283148] initcall samsung_driver_init+0x0/0x15 returned 0 after 256 usecs
[   14.293158] calling  sony_init+0x0/0x38 @ 1
[   14.298996] initcall sony_init+0x0/0x38 returned 0 after 266 usecs
[   14.308072] calling  sp_driver_init+0x0/0x15 @ 1
[   14.317584] initcall sp_driver_init+0x0/0x15 returned 0 after 758 usecs
[   14.327718] calling  ts_driver_init+0x0/0x15 @ 1
[   14.335136] initcall ts_driver_init+0x0/0x15 returned 0 after 249 usecs
[   14.344881] calling  hid_init+0x0/0x58 @ 1
[   14.350954] usbcore: registered new interface driver usbhid
[   14.359127] usbhid: USB HID core driver
[   14.364733] initcall hid_init+0x0/0x58 returned 0 after 13699 usecs
[   14.373394] calling  eeepc_laptop_init+0x0/0x57 @ 1
[   14.380342] initcall eeepc_laptop_init+0x0/0x57 returned -19 after 298 usecs
[   14.390234] calling  pmc_atom_init+0x0/0x27a @ 1
