c[?7l[2J[0mSeaBIOS (version 1.16.0-debian-1.16.0-4)
Booting from ROM...
early console in setup code
c[?7l[2J[    0.000000] Linux version 5.10.154+ (root@joelboxx.c.googlers.com) (gcc (Debian 12.2.0-3) 12.2.0, GNU ld (GNU Binutils for Debian) 2.39) #13 SMP PREEMPT Tue Dec 13 06:29:59 UTC 2022
[    0.000000] Command line: selinux=0 initcall_debug debug console=ttyS0 rcutorture.torture_type=tasks nohz_full=1 rcutorture.onoff_interval=1000 rcutorture.onoff_holdoff=30 rcutorture.n_barrier_cbs=4 rcutorture.stat_interval=15 rcutorture.shutdown_secs=1800 rcutorture.test_no_idle_hz=1 rcutorture.verbose=1
[    0.000000] x86/fpu: x87 FPU will use FXSAVE
[    0.000000] BIOS-provided physical RAM map:
[    0.000000] BIOS-e820: [mem 0x0000000000000000-0x000000000009fbff] usable
[    0.000000] BIOS-e820: [mem 0x000000000009fc00-0x000000000009ffff] reserved
[    0.000000] BIOS-e820: [mem 0x00000000000f0000-0x00000000000fffff] reserved
[    0.000000] BIOS-e820: [mem 0x0000000000100000-0x000000001ffdefff] usable
[    0.000000] BIOS-e820: [mem 0x000000001ffdf000-0x000000001fffffff] reserved
[    0.000000] BIOS-e820: [mem 0x00000000b0000000-0x00000000bfffffff] reserved
[    0.000000] BIOS-e820: [mem 0x00000000fed1c000-0x00000000fed1ffff] reserved
[    0.000000] BIOS-e820: [mem 0x00000000feffc000-0x00000000feffffff] reserved
[    0.000000] BIOS-e820: [mem 0x00000000fffc0000-0x00000000ffffffff] reserved
[    0.000000] NX (Execute Disable) protection: active
[    0.000000] SMBIOS 2.8 present.
[    0.000000] DMI: QEMU Standard PC (Q35 + ICH9, 2009), BIOS 1.16.0-debian-1.16.0-4 04/01/2014
[    0.000000] Hypervisor detected: KVM
[    0.000000] kvm-clock: Using msrs 4b564d01 and 4b564d00
[    0.000000] kvm-clock: cpu 0, msr 12cbd001, primary cpu clock
[    0.000001] kvm-clock: using sched offset of 2719846277 cycles
[    0.000108] clocksource: kvm-clock: mask: 0xffffffffffffffff max_cycles: 0x1cd42e4dffb, max_idle_ns: 881590591483 ns
[    0.000179] tsc: Detected 1999.999 MHz processor
[    0.004205] e820: update [mem 0x00000000-0x00000fff] usable ==> reserved
[    0.004210] e820: remove [mem 0x000a0000-0x000fffff] usable
[    0.004217] last_pfn = 0x1ffdf max_arch_pfn = 0x400000000
[    0.005316] MTRR default type: write-back
[    0.005405] MTRR fixed ranges enabled:
[    0.005406]   00000-9FFFF write-back
[    0.005408]   A0000-BFFFF uncachable
[    0.005409]   C0000-FFFFF write-protect
[    0.005411] MTRR variable ranges enabled:
[    0.005413]   0 base 00C0000000 mask FFC0000000 uncachable
[    0.005414]   1 disabled
[    0.005415]   2 disabled
[    0.005415]   3 disabled
[    0.005416]   4 disabled
[    0.005417]   5 disabled
[    0.005418]   6 disabled
[    0.005419]   7 disabled
[    0.010494] x86/PAT: Configuration [0-7]: WB  WC  UC- UC  WB  WC  UC- UC  
[    0.019954] found SMP MP-table at [mem 0x000f5ba0-0x000f5baf]
[    0.021530] check: Scanning 1 areas for low memory corruption
[    0.029932] ACPI: Early table checksum verification disabled
[    0.031277] ACPI: RSDP 0x00000000000F59E0 000014 (v00 BOCHS )
[    0.031528] ACPI: RSDT 0x000000001FFE22F5 000038 (v01 BOCHS  BXPC     00000001 BXPC 00000001)
[    0.031673] ACPI: FACP 0x000000001FFE20E5 0000F4 (v03 BOCHS  BXPC     00000001 BXPC 00000001)
[    0.031755] ACPI: DSDT 0x000000001FFE0040 0020A5 (v01 BOCHS  BXPC     00000001 BXPC 00000001)
[    0.031786] ACPI: FACS 0x000000001FFE0000 000040
[    0.031790] ACPI: APIC 0x000000001FFE21D9 000080 (v01 BOCHS  BXPC     00000001 BXPC 00000001)
[    0.031795] ACPI: HPET 0x000000001FFE2259 000038 (v01 BOCHS  BXPC     00000001 BXPC 00000001)
[    0.031799] ACPI: MCFG 0x000000001FFE2291 00003C (v01 BOCHS  BXPC     00000001 BXPC 00000001)
[    0.031803] ACPI: WAET 0x000000001FFE22CD 000028 (v01 BOCHS  BXPC     00000001 BXPC 00000001)
[    0.031807] ACPI: Reserving FACP table memory at [mem 0x1ffe20e5-0x1ffe21d8]
[    0.031809] ACPI: Reserving DSDT table memory at [mem 0x1ffe0040-0x1ffe20e4]
[    0.031811] ACPI: Reserving FACS table memory at [mem 0x1ffe0000-0x1ffe003f]
[    0.031812] ACPI: Reserving APIC table memory at [mem 0x1ffe21d9-0x1ffe2258]
[    0.031813] ACPI: Reserving HPET table memory at [mem 0x1ffe2259-0x1ffe2290]
[    0.031814] ACPI: Reserving MCFG table memory at [mem 0x1ffe2291-0x1ffe22cc]
[    0.031815] ACPI: Reserving WAET table memory at [mem 0x1ffe22cd-0x1ffe22f4]
[    0.032495] ACPI: Local APIC address 0xfee00000
[    0.036497] No NUMA configuration found
[    0.036500] Faking a node at [mem 0x0000000000000000-0x000000001ffdefff]
[    0.036724] NODE_DATA(0) allocated [mem 0x1ffdb000-0x1ffdefff]
[    0.038009] Zone ranges:
[    0.038082]   DMA      [mem 0x0000000000001000-0x0000000000ffffff]
[    0.038115]   DMA32    [mem 0x0000000001000000-0x000000001ffdefff]
[    0.038117]   Normal   empty
[    0.038118] Movable zone start for each node
[    0.038149] Early memory node ranges
[    0.038151]   node   0: [mem 0x0000000000001000-0x000000000009efff]
[    0.038183]   node   0: [mem 0x0000000000100000-0x000000001ffdefff]
[    0.038272] Initmem setup node 0 [mem 0x0000000000001000-0x000000001ffdefff]
[    0.038274] On node 0 totalpages: 130941
[    0.038362]   DMA zone: 64 pages used for memmap
[    0.038363]   DMA zone: 21 pages reserved
[    0.038365]   DMA zone: 3998 pages, LIFO batch:0
[    0.038366]   DMA32 zone: 1984 pages used for memmap
[    0.038368]   DMA32 zone: 126943 pages, LIFO batch:31
[    0.042028] On node 0, zone DMA: 1 pages in unavailable ranges
[    0.044225] On node 0, zone DMA: 97 pages in unavailable ranges
[    0.126168] On node 0, zone DMA32: 33 pages in unavailable ranges
[    0.129726] ACPI: PM-Timer IO Port: 0x608
[    0.129731] ACPI: Local APIC address 0xfee00000
[    0.129863] ACPI: LAPIC_NMI (acpi_id[0xff] dfl dfl lint[0x1])
[    0.130417] IOAPIC[0]: apic_id 0, version 17, address 0xfec00000, GSI 0-23
[    0.130423] ACPI: INT_SRC_OVR (bus 0 bus_irq 0 global_irq 2 dfl dfl)
[    0.130490] ACPI: INT_SRC_OVR (bus 0 bus_irq 5 global_irq 5 high level)
[    0.130492] ACPI: INT_SRC_OVR (bus 0 bus_irq 9 global_irq 9 high level)
[    0.130548] ACPI: INT_SRC_OVR (bus 0 bus_irq 10 global_irq 10 high level)
[    0.130549] ACPI: INT_SRC_OVR (bus 0 bus_irq 11 global_irq 11 high level)
[    0.130552] ACPI: IRQ0 used by override.
[    0.130553] ACPI: IRQ5 used by override.
[    0.130554] ACPI: IRQ9 used by override.
[    0.130555] ACPI: IRQ10 used by override.
[    0.130556] ACPI: IRQ11 used by override.
[    0.130569] Using ACPI (MADT) for SMP configuration information
[    0.130572] ACPI: HPET id: 0x8086a201 base: 0xfed00000
[    0.130783] smpboot: Allowing 2 CPUs, 0 hotplug CPUs
[    0.131363] PM: hibernation: Registered nosave memory: [mem 0x00000000-0x00000fff]
[    0.131366] PM: hibernation: Registered nosave memory: [mem 0x0009f000-0x0009ffff]
[    0.131367] PM: hibernation: Registered nosave memory: [mem 0x000a0000-0x000effff]
[    0.131368] PM: hibernation: Registered nosave memory: [mem 0x000f0000-0x000fffff]
[    0.131371] [mem 0x20000000-0xafffffff] available for PCI devices
[    0.131592] Booting paravirtualized kernel on KVM
[    0.131714] clocksource: refined-jiffies: mask: 0xffffffff max_cycles: 0xffffffff, max_idle_ns: 1910969940391419 ns
[    0.156079] setup_percpu: NR_CPUS:2 nr_cpumask_bits:2 nr_cpu_ids:2 nr_node_ids:1
[    0.169563] percpu: Embedded 56 pages/cpu s191448 r8192 d29736 u1048576
[    0.169608] pcpu-alloc: s191448 r8192 d29736 u1048576 alloc=1*2097152
[    0.169634] pcpu-alloc: [0] 0 1 
[    0.169902] kvm-guest: stealtime: cpu 0, msr 1f41b600
[    0.169974] Built 1 zonelists, mobility grouping on.  Total pages: 128872
[    0.169976] Policy zone: DMA32
[    0.170015] Kernel command line: selinux=0 initcall_debug debug console=ttyS0 rcutorture.torture_type=tasks nohz_full=1 rcutorture.onoff_interval=1000 rcutorture.onoff_holdoff=30 rcutorture.n_barrier_cbs=4 rcutorture.stat_interval=15 rcutorture.shutdown_secs=1800 rcutorture.test_no_idle_hz=1 rcutorture.verbose=1
[    0.181397] Dentry cache hash table entries: 65536 (order: 7, 524288 bytes, linear)
[    0.183954] Inode-cache hash table entries: 32768 (order: 6, 262144 bytes, linear)
[    0.184535] mem auto-init: stack:all(zero), heap alloc:off, heap free:off
[    0.189345] Memory: 479080K/523764K available (16397K kernel code, 2543K rwdata, 4708K rodata, 1508K init, 1396K bss, 44424K reserved, 0K cma-reserved)
[    0.189964] SLUB: HWalign=64, Order=0-3, MinObjects=0, CPUs=2, Nodes=1
[    0.190182] Kernel/User page tables isolation: enabled
[    0.196271] rcu: Preemptible hierarchical RCU implementation.
[    0.196276] rcu: 	RCU event tracing is enabled.
[    0.196326] 	Trampoline variant of Tasks RCU enabled.
[    0.196328] 	Rude variant of Tasks RCU enabled.
[    0.196329] 	Tracing variant of Tasks RCU enabled.
[    0.196381] rcu: RCU calculated value of scheduler-enlistment delay is 100 jiffies.
[    0.204246] NR_IRQS: 4352, nr_irqs: 440, preallocated irqs: 16
[    0.205574] NO_HZ: Full dynticks CPUs: 1.
[    0.205577] rcu: 	Offload RCU callbacks from CPUs: 1.
[    0.206507] calling  con_init+0x0/0x22a @ 0
[    0.306433] Console: colour VGA+ 80x25
[    0.306449] initcall con_init+0x0/0x22a returned 0 after 0 usecs
[    0.306467] calling  hvc_console_init+0x0/0x13 @ 0
[    0.306500] initcall hvc_console_init+0x0/0x13 returned 0 after 0 usecs
[    0.306502] calling  univ8250_console_init+0x0/0x26 @ 0
[    1.308861] printk: console [ttyS0] enabled
[    1.314340] initcall univ8250_console_init+0x0/0x26 returned 0 after 0 usecs
[    1.323895] ACPI: Core revision 20200925
[    1.330775] clocksource: hpet: mask: 0xffffffff max_cycles: 0xffffffff, max_idle_ns: 19112604467 ns
[    1.342856] APIC: Switch to symmetric I/O mode setup
[    1.365286] ..TIMER: vector=0x30 apic1=0 pin1=2 apic2=-1 pin2=-1
[    1.372396] clocksource: tsc-early: mask: 0xffffffffffffffff max_cycles: 0x39a85afc727, max_idle_ns: 881590685098 ns
[    1.384680] Calibrating delay loop (skipped) preset value.. 3999.99 BogoMIPS (lpj=1999999)
[    1.386360] pid_max: default: 32768 minimum: 301
[    1.388633] LSM: Security Framework initializing
[    1.389673] Mount-cache hash table entries: 1024 (order: 1, 8192 bytes, linear)
[    1.390366] Mountpoint-cache hash table entries: 1024 (order: 1, 8192 bytes, linear)
[    1.398715] Last level iTLB entries: 4KB 0, 2MB 0, 4MB 0
[    1.399306] Last level dTLB entries: 4KB 0, 2MB 0, 4MB 0, 1GB 0
[    1.401380] Spectre V1 : Mitigation: usercopy/swapgs barriers and __user pointer sanitization
[    1.402338] Spectre V2 : Mitigation: Retpolines
[    1.403306] Spectre V2 : Spectre v2 / SpectreRSB mitigation: Filling RSB on context switch
[    1.404306] Spectre V2 : Spectre v2 / SpectreRSB : Filling RSB on VMEXIT
[    1.405306] Speculative Store Bypass: Vulnerable
[    1.406334] MDS: Vulnerable: Clear CPU buffers attempted, no microcode
[    1.407306] MMIO Stale Data: Unknown: No mitigations
[    1.477514] Freeing SMP alternatives memory: 40K
[    1.583213] smpboot: CPU0: Intel Common KVM processor (family: 0xf, model: 0x6, stepping: 0x1)
[    1.585008] calling  init_hw_perf_events+0x0/0x6ce @ 1
[    1.585307] Performance Events: unsupported Netburst CPU model 6 no PMU driver, software events only.
[    1.586314] initcall init_hw_perf_events+0x0/0x6ce returned 0 after 976 usecs
[    1.587309] calling  init_real_mode+0x0/0x1e9 @ 1
[    1.588891] initcall init_real_mode+0x0/0x1e9 returned 0 after 0 usecs
[    1.589308] calling  trace_init_perf_perm_irq_work_exit+0x0/0x12 @ 1
[    1.590307] initcall trace_init_perf_perm_irq_work_exit+0x0/0x12 returned 0 after 0 usecs
[    1.591331] calling  validate_x2apic+0x0/0x4a @ 1
[    1.592332] initcall validate_x2apic+0x0/0x4a returned 0 after 0 usecs
[    1.593312] calling  register_nmi_cpu_backtrace_handler+0x0/0x15 @ 1
[    1.594311] initcall register_nmi_cpu_backtrace_handler+0x0/0x15 returned 0 after 0 usecs
[    1.595313] calling  kvm_setup_vsyscall_timeinfo+0x0/0xd1 @ 1
[    1.596311] initcall kvm_setup_vsyscall_timeinfo+0x0/0xd1 returned 0 after 0 usecs
[    1.597323] calling  spawn_ksoftirqd+0x0/0x38 @ 1
[    1.599369] initcall spawn_ksoftirqd+0x0/0x38 returned 0 after 976 usecs
[    1.600311] calling  migration_init+0x0/0x3d @ 1
[    1.601313] initcall migration_init+0x0/0x3d returned 0 after 0 usecs
[    1.602311] calling  srcu_bootup_announce+0x0/0x2f @ 1
[    1.603327] rcu: Hierarchical SRCU implementation.
[    1.604310] initcall srcu_bootup_announce+0x0/0x2f returned 0 after 976 usecs
[    1.605309] calling  rcu_spawn_gp_kthread+0x0/0x1dd @ 1
[    1.607375] initcall rcu_spawn_gp_kthread+0x0/0x1dd returned 0 after 976 usecs
[    1.608322] calling  check_cpu_stall_init+0x0/0x1a @ 1
[    1.609309] initcall check_cpu_stall_init+0x0/0x1a returned 0 after 0 usecs
[    1.610309] calling  rcu_sysrq_init+0x0/0x21 @ 1
[    1.611316] initcall rcu_sysrq_init+0x0/0x21 returned 0 after 0 usecs
[    1.612317] calling  trace_init_flags_sys_enter+0x0/0xe @ 1
[    1.613310] initcall trace_init_flags_sys_enter+0x0/0xe returned 0 after 0 usecs
[    1.614310] calling  trace_init_flags_sys_exit+0x0/0xe @ 1
[    1.615310] initcall trace_init_flags_sys_exit+0x0/0xe returned 0 after 0 usecs
[    1.616312] calling  cpu_stop_init+0x0/0x6e @ 1
[    1.618428] initcall cpu_stop_init+0x0/0x6e returned 0 after 0 usecs
[    1.619316] calling  init_kprobes+0x0/0x165 @ 1
[    1.622073] initcall init_kprobes+0x0/0x165 returned 0 after 976 usecs
[    1.622311] calling  init_events+0x0/0x3d @ 1
[    1.624685] initcall init_events+0x0/0x3d returned 0 after 0 usecs
[    1.625310] calling  init_trace_printk+0x0/0xc @ 1
[    1.626323] initcall init_trace_printk+0x0/0xc returned 0 after 0 usecs
[    1.627310] calling  event_trace_enable_again+0x0/0x23 @ 1
[    1.628310] initcall event_trace_enable_again+0x0/0x23 returned 0 after 0 usecs
[    1.629309] calling  static_call_init+0x0/0x77 @ 1
[    1.630322] initcall static_call_init+0x0/0x77 returned 0 after 0 usecs
[    1.631309] calling  jump_label_init_module+0x0/0xc @ 1
[    1.632309] initcall jump_label_init_module+0x0/0xc returned 0 after 0 usecs
[    1.633308] calling  init_zero_pfn+0x0/0x37 @ 1
[    1.634307] initcall init_zero_pfn+0x0/0x37 returned 0 after 0 usecs
[    1.635328] calling  initialize_ptr_random+0x0/0x54 @ 1
[    1.636309] initcall initialize_ptr_random+0x0/0x54 returned 0 after 0 usecs
[    1.637321] calling  efi_memreserve_root_init+0x0/0x25 @ 1
[    1.638351] initcall efi_memreserve_root_init+0x0/0x25 returned 0 after 0 usecs
[    1.639309] calling  efi_earlycon_remap_fb+0x0/0x51 @ 1
[    1.640308] initcall efi_earlycon_remap_fb+0x0/0x51 returned 0 after 0 usecs
[    1.641610] smp: Bringing up secondary CPUs ...
[    1.643571] x86: Booting SMP configuration:
[    1.644342] .... node  #0, CPUs:      #1
[    1.175609] kvm-clock: cpu 1, msr 12cbd041, secondary cpu clock
[    1.669304] kvm-guest: stealtime: cpu 1, msr 1f51b600
[    1.682677] smp: Brought up 1 node, 2 CPUs
[    1.683312] smpboot: Max logical packages: 1
[    1.684310] smpboot: Total of 2 processors activated (7999.99 BogoMIPS)
[    1.696866] devtmpfs: initialized
[    1.699740] calling  ipc_ns_init+0x0/0x3d @ 1
[    1.700363] initcall ipc_ns_init+0x0/0x3d returned 0 after 0 usecs
[    1.701313] calling  init_mmap_min_addr+0x0/0x21 @ 1
[    1.702315] initcall init_mmap_min_addr+0x0/0x21 returned 0 after 0 usecs
[    1.703318] calling  pci_realloc_setup_params+0x0/0x3f @ 1
[    1.704311] initcall pci_realloc_setup_params+0x0/0x3f returned 0 after 0 usecs
[    1.705312] calling  net_ns_init+0x0/0x140 @ 1
[    1.707615] initcall net_ns_init+0x0/0x140 returned 0 after 976 usecs
[    1.708329] calling  e820__register_nvs_regions+0x0/0x37 @ 1
[    1.709311] initcall e820__register_nvs_regions+0x0/0x37 returned 0 after 0 usecs
[    1.710310] calling  cpufreq_register_tsc_scaling+0x0/0x2e @ 1
[    1.711312] initcall cpufreq_register_tsc_scaling+0x0/0x2e returned 0 after 0 usecs
[    1.712315] calling  reboot_init+0x0/0x3c @ 1
[    1.713368] initcall reboot_init+0x0/0x3c returned 0 after 0 usecs
[    1.714310] calling  init_lapic_sysfs+0x0/0x20 @ 1
[    1.715313] initcall init_lapic_sysfs+0x0/0x20 returned 0 after 0 usecs
[    1.716315] calling  alloc_frozen_cpus+0x0/0x7 @ 1
[    1.717320] initcall alloc_frozen_cpus+0x0/0x7 returned 0 after 0 usecs
[    1.718316] calling  cpu_hotplug_pm_sync_init+0x0/0x13 @ 1
[    1.720314] initcall cpu_hotplug_pm_sync_init+0x0/0x13 returned 0 after 0 usecs
[    1.721310] calling  wq_sysfs_init+0x0/0x2a @ 1
[    1.722384] initcall wq_sysfs_init+0x0/0x2a returned 0 after 0 usecs
[    1.723310] calling  ksysfs_init+0x0/0x92 @ 1
[    1.724383] initcall ksysfs_init+0x0/0x92 returned 0 after 0 usecs
[    1.725309] calling  schedutil_gov_init+0x0/0xc @ 1
[    1.726349] initcall schedutil_gov_init+0x0/0xc returned 0 after 0 usecs
[    1.727310] calling  pm_init+0x0/0x76 @ 1
[    1.728388] initcall pm_init+0x0/0x76 returned 0 after 0 usecs
[    1.729311] calling  pm_disk_init+0x0/0x13 @ 1
[    1.730375] initcall pm_disk_init+0x0/0x13 returned 0 after 0 usecs
[    1.731312] calling  swsusp_header_init+0x0/0x2b @ 1
[    1.732319] initcall swsusp_header_init+0x0/0x2b returned 0 after 0 usecs
[    1.733311] calling  rcu_set_runtime_mode+0x0/0x16 @ 1
[    1.734313] initcall rcu_set_runtime_mode+0x0/0x16 returned 0 after 0 usecs
[    1.735311] calling  init_jiffies_clocksource+0x0/0x13 @ 1
[    1.736310] clocksource: jiffies: mask: 0xffffffff max_cycles: 0xffffffff, max_idle_ns: 1911260446275000 ns
[    1.737317] initcall init_jiffies_clocksource+0x0/0x13 returned 0 after 976 usecs
[    1.738312] calling  futex_init+0x0/0xfa @ 1
[    1.739314] futex hash table entries: 512 (order: 3, 32768 bytes, linear)
[    1.741352] initcall futex_init+0x0/0xfa returned 0 after 1953 usecs
[    1.742311] calling  cgroup_wq_init+0x0/0x28 @ 1
[    1.743317] initcall cgroup_wq_init+0x0/0x28 returned 0 after 0 usecs
[    1.744312] calling  cgroup1_wq_init+0x0/0x28 @ 1
[    1.745332] initcall cgroup1_wq_init+0x0/0x28 returned 0 after 0 usecs
[    1.746312] calling  init_kprobe_trace_early+0x0/0x2a @ 1
[    1.747339] initcall init_kprobe_trace_early+0x0/0x2a returned 0 after 0 usecs
[    1.748312] calling  fsnotify_init+0x0/0x48 @ 1
[    1.749327] initcall fsnotify_init+0x0/0x48 returned 0 after 0 usecs
[    1.750311] calling  filelock_init+0x0/0x96 @ 1
[    1.751342] initcall filelock_init+0x0/0x96 returned 0 after 0 usecs
[    1.752310] calling  init_misc_binfmt+0x0/0x2c @ 1
[    1.754353] initcall init_misc_binfmt+0x0/0x2c returned 0 after 0 usecs
[    1.755310] calling  init_script_binfmt+0x0/0x15 @ 1
[    1.756311] initcall init_script_binfmt+0x0/0x15 returned 0 after 0 usecs
[    1.757342] calling  init_elf_binfmt+0x0/0x15 @ 1
[    1.758310] initcall init_elf_binfmt+0x0/0x15 returned 0 after 0 usecs
[    1.759310] calling  init_compat_elf_binfmt+0x0/0x15 @ 1
[    1.760309] initcall init_compat_elf_binfmt+0x0/0x15 returned 0 after 0 usecs
[    1.761310] calling  debugfs_init+0x0/0x5c @ 1
[    1.762338] initcall debugfs_init+0x0/0x5c returned 0 after 0 usecs
[    1.763312] calling  tracefs_init+0x0/0x3a @ 1
[    1.764317] initcall tracefs_init+0x0/0x3a returned 0 after 0 usecs
[    1.765315] calling  prandom_init_early+0x0/0x15d @ 1
[    1.766311] initcall prandom_init_early+0x0/0x15d returned 0 after 0 usecs
[    1.767470] calling  virtio_init+0x0/0x20 @ 1
[    1.769414] initcall virtio_init+0x0/0x20 returned 0 after 976 usecs
[    1.770311] calling  iommu_init+0x0/0x2a @ 1
[    1.771367] initcall iommu_init+0x0/0x2a returned 0 after 0 usecs
[    1.772311] calling  component_debug_init+0x0/0x1c @ 1
[    1.773373] initcall component_debug_init+0x0/0x1c returned 0 after 0 usecs
[    1.774315] calling  early_resume_init+0x0/0xb9 @ 1
[    1.776922] PM: RTC time: 06:38:14, date: 2022-12-13
[    1.777312] initcall early_resume_init+0x0/0xb9 returned 0 after 976 usecs
[    1.778309] calling  cpufreq_core_init+0x0/0x62 @ 1
[    1.779369] initcall cpufreq_core_init+0x0/0x62 returned 0 after 0 usecs
[    1.780313] calling  cpufreq_gov_performance_init+0x0/0xc @ 1
[    1.781309] initcall cpufreq_gov_performance_init+0x0/0xc returned 0 after 0 usecs
[    1.782309] calling  cpufreq_gov_userspace_init+0x0/0xc @ 1
[    1.783312] initcall cpufreq_gov_userspace_init+0x0/0xc returned 0 after 0 usecs
[    1.784310] calling  CPU_FREQ_GOV_ONDEMAND_init+0x0/0xc @ 1
[    1.785311] initcall CPU_FREQ_GOV_ONDEMAND_init+0x0/0xc returned 0 after 0 usecs
[    1.786308] calling  cpuidle_init+0x0/0x1f @ 1
[    1.787344] initcall cpuidle_init+0x0/0x1f returned 0 after 0 usecs
[    1.788309] calling  capsule_reboot_register+0x0/0xc @ 1
[    1.789386] initcall capsule_reboot_register+0x0/0xc returned 0 after 0 usecs
[    1.790314] calling  sock_init+0x0/0x93 @ 1
[    1.792536] initcall sock_init+0x0/0x93 returned 0 after 976 usecs
[    1.794310] calling  net_inuse_init+0x0/0x23 @ 1
[    1.795313] initcall net_inuse_init+0x0/0x23 returned 0 after 0 usecs
[    1.796310] calling  net_defaults_init+0x0/0x23 @ 1
[    1.797310] initcall net_defaults_init+0x0/0x23 returned 0 after 0 usecs
[    1.798312] calling  init_default_flow_dissectors+0x0/0x4f @ 1
[    1.799312] initcall init_default_flow_dissectors+0x0/0x4f returned 0 after 0 usecs
[    1.800311] calling  netpoll_init+0x0/0x26 @ 1
[    1.801310] initcall netpoll_init+0x0/0x26 returned 0 after 0 usecs
[    1.802310] calling  netlink_proto_init+0x0/0x14f @ 1
[    1.804349] NET: Registered protocol family 16
[    1.805354] initcall netlink_proto_init+0x0/0x14f returned 0 after 1953 usecs
[    1.806327] calling  genl_init+0x0/0x35 @ 1
[    1.807333] initcall genl_init+0x0/0x35 returned 0 after 0 usecs
[    1.808326] calling  bsp_pm_check_init+0x0/0x13 @ 1
[    1.809312] initcall bsp_pm_check_init+0x0/0x13 returned 0 after 0 usecs
[    1.810330] calling  irq_sysfs_init+0x0/0xb7 @ 1
[    1.811449] initcall irq_sysfs_init+0x0/0xb7 returned 0 after 0 usecs
[    1.812312] calling  audit_init+0x0/0x160 @ 1
[    1.813313] audit: initializing netlink subsys (disabled)
[    1.815313] initcall audit_init+0x0/0x160 returned 0 after 1953 usecs
[    1.816314] calling  release_early_probes+0x0/0x32 @ 1
[    1.817312] initcall release_early_probes+0x0/0x32 returned 0 after 0 usecs
[    1.818314] calling  bdi_class_init+0x0/0x48 @ 1
[    1.819384] initcall bdi_class_init+0x0/0x48 returned 0 after 0 usecs
[    1.820373] calling  mm_sysfs_init+0x0/0x28 @ 1
[    1.821317] audit: type=2000 audit(1670913493.078:1): state=initialized audit_enabled=0 res=1
[    1.821757] initcall mm_sysfs_init+0x0/0x28 returned 0 after 0 usecs
[    1.831402] calling  init_per_zone_wmark_min+0x0/0x6d @ 1
[    1.836315] initcall init_per_zone_wmark_min+0x0/0x6d returned 0 after 0 usecs
[    1.845312] calling  mpi_init+0x0/0x3e @ 1
[    1.850309] initcall mpi_init+0x0/0x3e returned 0 after 0 usecs
[    1.857313] calling  kobject_uevent_init+0x0/0xc @ 1
[    1.864586] initcall kobject_uevent_init+0x0/0xc returned 0 after 976 usecs
[    1.873310] calling  pcibus_class_init+0x0/0x13 @ 1
[    1.879708] initcall pcibus_class_init+0x0/0x13 returned 0 after 1953 usecs
[    1.888310] calling  pci_driver_init+0x0/0x21 @ 1
[    1.894532] initcall pci_driver_init+0x0/0x21 returned 0 after 976 usecs
[    1.903311] calling  backlight_class_init+0x0/0xa8 @ 1
[    1.909356] initcall backlight_class_init+0x0/0xa8 returned 0 after 0 usecs
[    1.918311] calling  tty_class_init+0x0/0x33 @ 1
[    1.923321] initcall tty_class_init+0x0/0x33 returned 0 after 0 usecs
[    1.931310] calling  vtconsole_class_init+0x0/0xb5 @ 1
[    1.937465] initcall vtconsole_class_init+0x0/0xb5 returned 0 after 0 usecs
[    1.946311] calling  iommu_dev_init+0x0/0x13 @ 1
[    1.951337] initcall iommu_dev_init+0x0/0x13 returned 0 after 0 usecs
[    1.959310] calling  mipi_dsi_bus_init+0x0/0xc @ 1
[    1.965357] initcall mipi_dsi_bus_init+0x0/0xc returned 0 after 0 usecs
[    1.973310] calling  devlink_class_init+0x0/0x40 @ 1
[    1.979319] initcall devlink_class_init+0x0/0x40 returned 0 after 0 usecs
[    1.987312] calling  software_node_init+0x0/0x2a @ 1
[    1.993316] initcall software_node_init+0x0/0x2a returned 0 after 0 usecs
[    2.002313] calling  wakeup_sources_debugfs_init+0x0/0x23 @ 1
[    2.009446] initcall wakeup_sources_debugfs_init+0x0/0x23 returned 0 after 0 usecs
[    2.019311] calling  wakeup_sources_sysfs_init+0x0/0x2c @ 1
[    2.025322] initcall wakeup_sources_sysfs_init+0x0/0x2c returned 0 after 0 usecs
[    2.034310] calling  register_node_type+0x0/0x13 @ 1
[    2.040321] initcall register_node_type+0x0/0x13 returned 0 after 0 usecs
[    2.048309] calling  regmap_initcall+0x0/0xc @ 1
[    2.054418] initcall regmap_initcall+0x0/0xc returned 0 after 0 usecs
[    2.061309] calling  i2c_init+0x0/0xb3 @ 1
[    2.066441] initcall i2c_init+0x0/0xb3 returned 0 after 0 usecs
[    2.073309] calling  thermal_init+0x0/0xf2 @ 1
[    2.079348] thermal_sys: Registered thermal governor 'step_wise'
[    2.079350] thermal_sys: Registered thermal governor 'user_space'
[    2.086319] initcall thermal_init+0x0/0xf2 returned 0 after 6835 usecs
[    2.101341] calling  init_menu+0x0/0xc @ 1
[    2.108367] cpuidle: using governor menu
[    2.109310] initcall init_menu+0x0/0xc returned 0 after 2929 usecs
[    2.110311] calling  pcc_init+0x0/0x4d @ 1
[    2.111310] initcall pcc_init+0x0/0x4d returned -19 after 0 usecs
[    2.112310] calling  amd_postcore_init+0x0/0x11e @ 1
[    2.113311] initcall amd_postcore_init+0x0/0x11e returned 0 after 0 usecs
[    2.114330] calling  bts_init+0x0/0xba @ 1
[    2.115309] initcall bts_init+0x0/0xba returned -19 after 0 usecs
[    2.116308] calling  pt_init+0x0/0x341 @ 1
[    2.117307] initcall pt_init+0x0/0x341 returned -19 after 0 usecs
[    2.118307] calling  boot_params_ksysfs_init+0x0/0x2ee @ 1
[    2.119354] initcall boot_params_ksysfs_init+0x0/0x2ee returned 0 after 0 usecs
[    2.120307] calling  sbf_init+0x0/0xea @ 1
[    2.121308] initcall sbf_init+0x0/0xea returned 0 after 0 usecs
[    2.122309] calling  arch_kdebugfs_init+0x0/0x219 @ 1
[    2.123556] initcall arch_kdebugfs_init+0x0/0x219 returned 0 after 0 usecs
[    2.124310] calling  intel_pconfig_init+0x0/0x85 @ 1
[    2.125326] initcall intel_pconfig_init+0x0/0x85 returned 0 after 0 usecs
[    2.126310] calling  mtrr_if_init+0x0/0x5d @ 1
[    2.127318] initcall mtrr_if_init+0x0/0x5d returned 0 after 0 usecs
[    2.128338] calling  activate_jump_labels+0x0/0x31 @ 1
[    2.129311] initcall activate_jump_labels+0x0/0x31 returned 0 after 0 usecs
[    2.130313] calling  ffh_cstate_init+0x0/0x29 @ 1
[    2.131317] initcall ffh_cstate_init+0x0/0x29 returned 0 after 0 usecs
[    2.132311] calling  activate_jump_labels+0x0/0x31 @ 1
[    2.134769] initcall activate_jump_labels+0x0/0x31 returned 0 after 976 usecs
[    2.135326] calling  kvm_alloc_cpumask+0x0/0x74 @ 1
[    2.136358] initcall kvm_alloc_cpumask+0x0/0x74 returned 0 after 0 usecs
[    2.137310] calling  kcmp_cookies_init+0x0/0x37 @ 1
[    2.138313] initcall kcmp_cookies_init+0x0/0x37 returned 0 after 0 usecs
[    2.139310] calling  cryptomgr_init+0x0/0xc @ 1
[    2.140383] initcall cryptomgr_init+0x0/0xc returned 0 after 0 usecs
[    2.141310] calling  acpi_pci_init+0x0/0x57 @ 1
[    2.142308] ACPI: bus type PCI registered
[    2.143309] initcall acpi_pci_init+0x0/0x57 returned 0 after 976 usecs
[    2.144309] calling  dma_channel_table_init+0x0/0xd1 @ 1
[    2.145315] initcall dma_channel_table_init+0x0/0xd1 returned 0 after 0 usecs
[    2.146308] calling  dma_bus_init+0x0/0xdc @ 1
[    2.148385] initcall dma_bus_init+0x0/0xdc returned 0 after 976 usecs
[    2.149377] calling  iommu_dma_init+0x0/0x10 @ 1
[    2.150336] initcall iommu_dma_init+0x0/0x10 returned 0 after 0 usecs
[    2.151324] calling  dmi_id_init+0x0/0x37c @ 1
[    2.152436] initcall dmi_id_init+0x0/0x37c returned 0 after 0 usecs
[    2.153312] calling  pci_arch_init+0x0/0x71 @ 1
[    2.155826] PCI: MMCONFIG for domain 0000 [bus 00-ff] at [mem 0xb0000000-0xbfffffff] (base 0xb0000000)
[    2.156311] PCI: MMCONFIG at [mem 0xb0000000-0xbfffffff] reserved in E820
[    2.157345] PCI: Using configuration type 1 for base access
[    2.158353] initcall pci_arch_init+0x0/0x71 returned 0 after 3906 usecs
[    2.159339] calling  init_vdso+0x0/0x13 @ 1
[    2.160348] initcall init_vdso+0x0/0x13 returned 0 after 0 usecs
[    2.161311] calling  sysenter_setup+0x0/0x13 @ 1
[    2.162348] initcall sysenter_setup+0x0/0x13 returned 0 after 0 usecs
[    2.163312] calling  fixup_ht_bug+0x0/0xe5 @ 1
[    2.164310] initcall fixup_ht_bug+0x0/0xe5 returned 0 after 0 usecs
[    2.165338] calling  topology_init+0x0/0x88 @ 1
[    2.166511] initcall topology_init+0x0/0x88 returned 0 after 0 usecs
[    2.167310] calling  intel_epb_init+0x0/0x68 @ 1
[    2.168308] initcall intel_epb_init+0x0/0x68 returned -19 after 0 usecs
[    2.170308] calling  mtrr_init_finialize+0x0/0x3e @ 1
[    2.171309] initcall mtrr_init_finialize+0x0/0x3e returned 0 after 0 usecs
[    2.172310] calling  uid_cache_init+0x0/0x85 @ 1
[    2.173316] initcall uid_cache_init+0x0/0x85 returned 0 after 0 usecs
[    2.174309] calling  param_sysfs_init+0x0/0x1ba @ 1
[    2.179586] initcall param_sysfs_init+0x0/0x1ba returned 0 after 3906 usecs
[    2.180323] calling  user_namespace_sysctl_init+0x0/0x33 @ 1
[    2.181342] initcall user_namespace_sysctl_init+0x0/0x33 returned 0 after 0 usecs
[    2.182312] calling  proc_schedstat_init+0x0/0x24 @ 1
[    2.183317] initcall proc_schedstat_init+0x0/0x24 returned 0 after 0 usecs
[    2.184329] calling  pm_sysrq_init+0x0/0x18 @ 1
[    2.186326] initcall pm_sysrq_init+0x0/0x18 returned 0 after 976 usecs
[    2.195413] calling  create_proc_profile+0x0/0xd0 @ 1
[    2.203314] initcall create_proc_profile+0x0/0xd0 returned 0 after 0 usecs
[    2.212314] calling  time_ns_init+0x0/0x7 @ 1
[    2.217311] initcall time_ns_init+0x0/0x7 returned 0 after 0 usecs
[    2.223312] calling  crash_save_vmcoreinfo_init+0x0/0x722 @ 1
[    2.232690] initcall crash_save_vmcoreinfo_init+0x0/0x722 returned 0 after 976 usecs
[    2.242313] calling  crash_notes_memory_init+0x0/0x35 @ 1
[    2.249324] initcall crash_notes_memory_init+0x0/0x35 returned 0 after 0 usecs
[    2.258311] calling  cgroup_sysfs_init+0x0/0x13 @ 1
[    2.263308] initcall cgroup_sysfs_init+0x0/0x13 returned 0 after 0 usecs
[    2.271314] calling  cgroup_namespaces_init+0x0/0x7 @ 1
[    2.279310] initcall cgroup_namespaces_init+0x0/0x7 returned 0 after 0 usecs
[    2.288312] calling  init_optprobes+0x0/0x13 @ 1
[    2.294309] Kprobes globally optimized
[    2.298311] initcall init_optprobes+0x0/0x13 returned 0 after 3906 usecs
[    2.307312] calling  oom_init+0x0/0x2f @ 1
[    2.314304] initcall oom_init+0x0/0x2f returned 0 after 1953 usecs
[    2.322377] calling  default_bdi_init+0x0/0xb3 @ 1
[    2.331357] initcall default_bdi_init+0x0/0xb3 returned 0 after 3906 usecs
[    2.340311] calling  percpu_enable_async+0x0/0xe @ 1
[    2.345311] initcall percpu_enable_async+0x0/0xe returned 0 after 0 usecs
[    2.355312] calling  kcompactd_init+0x0/0x8d @ 1
[    2.367320] initcall kcompactd_init+0x0/0x8d returned 0 after 5859 usecs
[    2.377080] calling  init_user_reserve+0x0/0x40 @ 1
[    2.384458] initcall init_user_reserve+0x0/0x40 returned 0 after 0 usecs
[    2.393318] calling  init_admin_reserve+0x0/0x40 @ 1
[    2.401314] initcall init_admin_reserve+0x0/0x40 returned 0 after 0 usecs
[    2.411315] calling  init_reserve_notifier+0x0/0x7 @ 1
[    2.418312] initcall init_reserve_notifier+0x0/0x7 returned 0 after 0 usecs
[    2.425312] calling  swap_init_sysfs+0x0/0x62 @ 1
[    2.431321] initcall swap_init_sysfs+0x0/0x62 returned 0 after 0 usecs
[    2.439309] calling  swapfile_init+0x0/0x94 @ 1
[    2.444311] initcall swapfile_init+0x0/0x94 returned 0 after 0 usecs
[    2.452309] calling  hugetlb_init+0x0/0x499 @ 1
[    2.457531] HugeTLB registered 2.00 MiB page size, pre-allocated 0 pages
[    2.465442] initcall hugetlb_init+0x0/0x499 returned 0 after 8789 usecs
[    2.474310] calling  io_wq_init+0x0/0x34 @ 1
[    2.479309] initcall io_wq_init+0x0/0x34 returned 0 after 0 usecs
[    2.486309] calling  seqiv_module_init+0x0/0xc @ 1
[    2.492308] initcall seqiv_module_init+0x0/0xc returned 0 after 0 usecs
[    2.500311] calling  echainiv_module_init+0x0/0xc @ 1
[    2.506308] initcall echainiv_module_init+0x0/0xc returned 0 after 0 usecs
[    2.514356] calling  rsa_init+0x0/0x50 @ 1
[    2.520877] initcall rsa_init+0x0/0x50 returned 0 after 1953 usecs
[    2.521326] cryptomgr_test (31) used greatest stack depth: 15184 bytes left
[    2.521328] calling  crypto_cmac_module_init+0x0/0xc @ 1
[    2.521332] initcall crypto_cmac_module_init+0x0/0xc returned 0 after 0 usecs
[    2.539314] calling  hmac_module_init+0x0/0xc @ 1
[    2.546315] initcall hmac_module_init+0x0/0xc returned 0 after 0 usecs
[    2.556313] calling  crypto_null_mod_init+0x0/0x65 @ 1
[    2.567386] initcall crypto_null_mod_init+0x0/0x65 returned 0 after 2929 usecs
[    2.575313] calling  md5_mod_init+0x0/0xc @ 1
[    2.581708] initcall md5_mod_init+0x0/0xc returned 0 after 976 usecs
[    2.589449] calling  sha256_generic_mod_init+0x0/0x11 @ 1
[    2.596482] cryptomgr_test (37) used greatest stack depth: 15136 bytes left
[    2.598503] initcall sha256_generic_mod_init+0x0/0x11 returned 0 after 2929 usecs
[    2.607313] calling  crypto_cbc_module_init+0x0/0xc @ 1
[    2.613308] initcall crypto_cbc_module_init+0x0/0xc returned 0 after 0 usecs
[    2.621309] calling  crypto_ctr_module_init+0x0/0x11 @ 1
[    2.628310] initcall crypto_ctr_module_init+0x0/0x11 returned 0 after 0 usecs
[    2.636309] calling  crypto_gcm_module_init+0x0/0x64 @ 1
[    2.642353] initcall crypto_gcm_module_init+0x0/0x64 returned 0 after 0 usecs
[    2.648310] calling  crypto_ccm_module_init+0x0/0x11 @ 1
[    2.655310] initcall crypto_ccm_module_init+0x0/0x11 returned 0 after 0 usecs
[    2.663324] calling  aes_init+0x0/0xc @ 1
[    2.669463] initcall aes_init+0x0/0xc returned 0 after 976 usecs
[    2.676311] calling  crc32c_mod_init+0x0/0xc @ 1
[    2.683308] initcall crc32c_mod_init+0x0/0xc returned 0 after 976 usecs
[    2.689311] calling  crypto_authenc_module_init+0x0/0xc @ 1
[    2.695570] initcall crypto_authenc_module_init+0x0/0xc returned 0 after 0 usecs
[    2.704311] calling  crypto_authenc_esn_module_init+0x0/0xc @ 1
[    2.712309] initcall crypto_authenc_esn_module_init+0x0/0xc returned 0 after 0 usecs
[    2.721309] calling  drbg_init+0x0/0x7c @ 1
[    2.733705] initcall drbg_init+0x0/0x7c returned 0 after 5859 usecs
[    2.743302] calling  ghash_mod_init+0x0/0xc @ 1
[    2.752496] initcall ghash_mod_init+0x0/0xc returned 0 after 2929 usecs
[    2.760311] calling  init_bio+0x0/0x9a @ 1
[    2.766558] initcall init_bio+0x0/0x9a returned 0 after 976 usecs
[    2.774310] calling  blk_settings_init+0x0/0x29 @ 1
[    2.777311] initcall blk_settings_init+0x0/0x29 returned 0 after 0 usecs
[    2.785311] calling  blk_ioc_init+0x0/0x29 @ 1
[    2.790374] initcall blk_ioc_init+0x0/0x29 returned 0 after 0 usecs
[    2.798309] calling  blk_mq_init+0x0/0xb9 @ 1
[    2.803543] initcall blk_mq_init+0x0/0xb9 returned 0 after 976 usecs
[    2.811309] calling  genhd_device_init+0x0/0x75 @ 1
[    2.822212] initcall genhd_device_init+0x0/0x75 returned 0 after 4882 usecs
[    2.831686] calling  pci_slot_init+0x0/0x40 @ 1
[    2.836464] initcall pci_slot_init+0x0/0x40 returned 0 after 976 usecs
[    2.844309] calling  fbmem_init+0x0/0xd8 @ 1
[    2.852810] initcall fbmem_init+0x0/0xd8 returned 0 after 2929 usecs
[    2.860324] calling  acpi_init+0x0/0x319 @ 1
[    2.866970] ACPI: Added _OSI(Module Device)
[    2.872307] ACPI: Added _OSI(Processor Device)
[    2.878310] ACPI: Added _OSI(3.0 _SCP Extensions)
[    2.885310] ACPI: Added _OSI(Processor Aggregator Device)
[    2.894311] ACPI: Added _OSI(Linux-Dell-Video)
[    2.901310] ACPI: Added _OSI(Linux-Lenovo-NV-HDMI-Audio)
[    2.908309] ACPI: Added _OSI(Linux-HPI-Hybrid-Graphics)
[    2.918003] ACPI: 1 ACPI AML tables successfully acquired and loaded
[    2.933451] ACPI: Interpreter enabled
[    2.938388] ACPI: (supports S0 S3 S4 S5)
[    2.943305] ACPI: Using IOAPIC for interrupt routing
[    2.949505] PCI: Using host bridge windows from ACPI; if necessary, use "pci=nocrs" and report a bug
[    2.961498] ACPI: Enabled 2 GPEs in block 00 to 3F
[    2.984302] ACPI: PCI Root Bridge [PCI0] (domain 0000 [bus 00-ff])
[    2.994998] acpi PNP0A08:00: _OSC: OS supports [ExtendedConfig ASPM ClockPM Segments MSI HPX-Type3]
[    3.008421] acpi PNP0A08:00: _OSC: platform does not support [LTR]
[    3.016383] acpi PNP0A08:00: _OSC: OS now controls [PME PCIeCapability]
[    3.025552] PCI host bridge to bus 0000:00
[    3.030392] pci_bus 0000:00: root bus resource [io  0x0000-0x0cf7 window]
[    3.039452] pci_bus 0000:00: root bus resource [io  0x0d00-0xffff window]
[    3.047309] pci_bus 0000:00: root bus resource [mem 0x000a0000-0x000bffff window]
[    3.057309] pci_bus 0000:00: root bus resource [mem 0x20000000-0xafffffff window]
[    3.065312] pci_bus 0000:00: root bus resource [mem 0xc0000000-0xfebfffff window]
[    3.075309] pci_bus 0000:00: root bus resource [mem 0x100000000-0x8ffffffff window]
[    3.084310] pci_bus 0000:00: root bus resource [bus 00-ff]
[    3.093949] pci 0000:00:00.0: calling  quirk_mmio_always_on+0x0/0x10 @ 1
[    3.102313] pci 0000:00:00.0: quirk_mmio_always_on+0x0/0x10 took 0 usecs
[    3.111395] pci 0000:00:00.0: [8086:29c0] type 00 class 0x060000
[    3.121302] pci 0000:00:00.0: calling  quirk_igfx_skip_te_disable+0x0/0x80 @ 1
[    3.132311] pci 0000:00:00.0: quirk_igfx_skip_te_disable+0x0/0x80 took 0 usecs
[    3.143854] pci 0000:00:01.0: [1234:1111] type 00 class 0x030000
[    3.161302] pci 0000:00:01.0: reg 0x10: [mem 0xfd000000-0xfdffffff pref]
[    3.183302] pci 0000:00:01.0: reg 0x18: [mem 0xfebf0000-0xfebf0fff]
[    3.207657] pci 0000:00:01.0: reg 0x30: [mem 0xfebe0000-0xfebeffff pref]
[    3.218128] pci 0000:00:01.0: calling  efifb_fixup_resources+0x0/0xf0 @ 1
[    3.226335] pci 0000:00:01.0: efifb_fixup_resources+0x0/0xf0 took 0 usecs
[    3.243309] pci 0000:00:1f.0: [8086:2918] type 00 class 0x060100
[    3.257983] pci 0000:00:1f.0: calling  quirk_ich7_lpc+0x0/0x60 @ 1
[    3.267628] pci 0000:00:1f.0: quirk: [io  0x0600-0x067f] claimed by ICH6 ACPI/GPIO/TCO
[    3.280459] pci 0000:00:1f.0: quirk_ich7_lpc+0x0/0x60 took 12695 usecs
[    3.288490] pci 0000:00:1f.0: calling  quirk_igfx_skip_te_disable+0x0/0x80 @ 1
[    3.297360] pci 0000:00:1f.0: quirk_igfx_skip_te_disable+0x0/0x80 took 0 usecs
[    3.307750] pci 0000:00:1f.2: [8086:2922] type 00 class 0x010601
[    3.323311] pci 0000:00:1f.2: reg 0x20: [io  0xc040-0xc05f]
[    3.331756] pci 0000:00:1f.2: reg 0x24: [mem 0xfebf1000-0xfebf1fff]
[    3.340988] pci 0000:00:1f.2: calling  quirk_igfx_skip_te_disable+0x0/0x80 @ 1
[    3.348315] pci 0000:00:1f.2: quirk_igfx_skip_te_disable+0x0/0x80 took 0 usecs
[    3.361095] pci 0000:00:1f.3: [8086:2930] type 00 class 0x0c0500
[    3.373309] pci 0000:00:1f.3: reg 0x20: [io  0x0700-0x073f]
[    3.382955] pci 0000:00:1f.3: calling  quirk_igfx_skip_te_disable+0x0/0x80 @ 1
[    3.391409] pci 0000:00:1f.3: quirk_igfx_skip_te_disable+0x0/0x80 took 0 usecs
[    3.403003] ACPI: PCI Interrupt Link [LNKA] (IRQs 5 *10 11)
[    3.409714] ACPI: PCI Interrupt Link [LNKB] (IRQs 5 *10 11)
[    3.416696] ACPI: PCI Interrupt Link [LNKC] (IRQs 5 10 *11)
[    3.423710] ACPI: PCI Interrupt Link [LNKD] (IRQs 5 10 *11)
[    3.430701] ACPI: PCI Interrupt Link [LNKE] (IRQs 5 *10 11)
[    3.437720] ACPI: PCI Interrupt Link [LNKF] (IRQs 5 *10 11)
[    3.444745] ACPI: PCI Interrupt Link [LNKG] (IRQs 5 10 *11)
[    3.451690] ACPI: PCI Interrupt Link [LNKH] (IRQs 5 10 *11)
[    3.458334] ACPI: PCI Interrupt Link [GSIA] (IRQs *16)
[    3.464318] ACPI: PCI Interrupt Link [GSIB] (IRQs *17)
[    3.470333] ACPI: PCI Interrupt Link [GSIC] (IRQs *18)
[    3.476317] ACPI: PCI Interrupt Link [GSID] (IRQs *19)
[    3.482342] ACPI: PCI Interrupt Link [GSIE] (IRQs *20)
[    3.488335] ACPI: PCI Interrupt Link [GSIF] (IRQs *21)
[    3.494333] ACPI: PCI Interrupt Link [GSIG] (IRQs *22)
[    3.500362] ACPI: PCI Interrupt Link [GSIH] (IRQs *23)
[    3.508302] initcall acpi_init+0x0/0x319 returned 0 after 626953 usecs
[    3.516435] calling  pnp_init+0x0/0xc @ 1
[    3.521362] initcall pnp_init+0x0/0xc returned 0 after 0 usecs
[    3.527309] calling  misc_init+0x0/0xbf @ 1
[    3.533651] initcall misc_init+0x0/0xbf returned 0 after 0 usecs
[    3.540311] calling  iommu_subsys_init+0x0/0x4e @ 1
[    3.545412] iommu: Default domain type: Translated 
[    3.551310] initcall iommu_subsys_init+0x0/0x4e returned 0 after 5859 usecs
[    3.559311] calling  vga_arb_device_init+0x0/0x261 @ 1
[    3.567506] pci 0000:00:01.0: vgaarb: setting as boot VGA device
[    3.568302] pci 0000:00:01.0: vgaarb: VGA device added: decodes=io+mem,owns=io+mem,locks=none
[    3.584313] pci 0000:00:01.0: vgaarb: bridge control possible
[    3.591307] vgaarb: loaded
[    3.594312] initcall vga_arb_device_init+0x0/0x261 returned 0 after 28320 usecs
[    3.603348] calling  cn_init+0x0/0xf0 @ 1
[    3.606984] initcall cn_init+0x0/0xf0 returned 0 after 2929 usecs
[    3.614312] calling  dma_buf_init+0x0/0xad @ 1
[    3.619732] initcall dma_buf_init+0x0/0xad returned 0 after 976 usecs
[    3.627310] calling  init_scsi+0x0/0x79 @ 1
[    3.634167] SCSI subsystem initialized
[    3.637311] initcall init_scsi+0x0/0x79 returned 0 after 4882 usecs
[    3.645310] calling  ata_init+0x0/0x332 @ 1
[    3.662056] libata version 3.00 loaded.
[    3.667318] initcall ata_init+0x0/0x332 returned 0 after 17578 usecs
[    3.675317] calling  phy_init+0x0/0x250 @ 1
[    3.681623] initcall phy_init+0x0/0x250 returned 0 after 976 usecs
[    3.689312] calling  init_pcmcia_cs+0x0/0x35 @ 1
[    3.695318] initcall init_pcmcia_cs+0x0/0x35 returned 0 after 0 usecs
[    3.704310] calling  usb_common_init+0x0/0x1c @ 1
[    3.710391] initcall usb_common_init+0x0/0x1c returned 0 after 0 usecs
[    3.718310] calling  usb_init+0x0/0x12e @ 1
[    3.724306] ACPI: bus type USB registered
[    3.731598] usbcore: registered new interface driver usbfs
[    3.739308] usbcore: registered new interface driver hub
[    3.746324] usbcore: registered new device driver usb
[    3.752317] initcall usb_init+0x0/0x12e returned 0 after 27343 usecs
[    3.760313] calling  serio_init+0x0/0x29 @ 1
[    3.767455] initcall serio_init+0x0/0x29 returned 0 after 0 usecs
[    3.776313] calling  input_init+0x0/0xf6 @ 1
[    3.782438] initcall input_init+0x0/0xf6 returned 0 after 0 usecs
[    3.791312] calling  rtc_init+0x0/0x4d @ 1
[    3.797426] initcall rtc_init+0x0/0x4d returned 0 after 0 usecs
[    3.804310] calling  pps_init+0x0/0xa9 @ 1
[    3.808322] pps_core: LinuxPPS API ver. 1 registered
[    3.814307] pps_core: Software ver. 5.3.6 - Copyright 2005-2007 Rodolfo Giometti <giometti@linux.it>
[    3.827456] initcall pps_init+0x0/0xa9 returned 0 after 18554 usecs
[    3.836314] calling  ptp_init+0x0/0x98 @ 1
[    3.841325] PTP clock support registered
[    3.846312] initcall ptp_init+0x0/0x98 returned 0 after 4882 usecs
[    3.854318] calling  power_supply_class_init+0x0/0x3f @ 1
[    3.861310] initcall power_supply_class_init+0x0/0x3f returned 0 after 976 usecs
[    3.871315] calling  hwmon_init+0x0/0x104 @ 1
[    3.878316] initcall hwmon_init+0x0/0x104 returned 0 after 1953 usecs
[    3.885310] calling  md_init+0x0/0x16b @ 1
[    3.905839] initcall md_init+0x0/0x16b returned 0 after 13671 usecs
[    3.906641] calling  leds_init+0x0/0x3b @ 1
[    3.909511] initcall leds_init+0x0/0x3b returned 0 after 976 usecs
[    3.910311] calling  dmi_init+0x0/0x113 @ 1
[    3.914043] initcall dmi_init+0x0/0x113 returned 0 after 1953 usecs
[    3.914310] calling  efisubsys_init+0x0/0x4e7 @ 1
[    3.915389] initcall efisubsys_init+0x0/0x4e7 returned 0 after 0 usecs
[    3.916310] calling  nvmem_init+0x0/0xc @ 1
[    3.917871] initcall nvmem_init+0x0/0xc returned 0 after 0 usecs
[    3.918313] calling  init_soundcore+0x0/0x33 @ 1
[    3.920310] initcall init_soundcore+0x0/0x33 returned 0 after 976 usecs
[    3.921312] calling  alsa_sound_init+0x0/0x8f @ 1
[    3.924044] Advanced Linux Sound Architecture Driver Initialized.
[    3.924312] initcall alsa_sound_init+0x0/0x8f returned 0 after 1953 usecs
[    3.925312] calling  alsa_seq_device_init+0x0/0x71 @ 1
[    3.926613] initcall alsa_seq_device_init+0x0/0x71 returned 0 after 0 usecs
[    3.928469] calling  hda_bus_init+0x0/0xc @ 1
[    3.929515] initcall hda_bus_init+0x0/0xc returned 0 after 0 usecs
[    3.930309] calling  proto_init+0x0/0xc @ 1
[    3.932720] initcall proto_init+0x0/0xc returned 0 after 976 usecs
[    3.933310] calling  net_dev_init+0x0/0x209 @ 1
[    3.948209] initcall net_dev_init+0x0/0x209 returned 0 after 12695 usecs
[    3.948311] calling  neigh_init+0x0/0x84 @ 1
[    3.949312] initcall neigh_init+0x0/0x84 returned 0 after 0 usecs
[    3.950310] calling  fib_notifier_init+0x0/0xc @ 1
[    3.952308] initcall fib_notifier_init+0x0/0xc returned 0 after 0 usecs
[    3.953310] calling  fib_rules_init+0x0/0xab @ 1
[    3.954870] initcall fib_rules_init+0x0/0xab returned 0 after 0 usecs
[    3.955311] calling  pktsched_init+0x0/0x10e @ 1
[    3.956597] initcall pktsched_init+0x0/0x10e returned 0 after 0 usecs
[    3.957310] calling  tc_filter_init+0x0/0xfa @ 1
[    3.959310] initcall tc_filter_init+0x0/0xfa returned 0 after 976 usecs
[    3.960312] calling  tc_action_init+0x0/0x54 @ 1
[    3.961312] initcall tc_action_init+0x0/0x54 returned 0 after 0 usecs
[    3.962311] calling  ethnl_init+0x0/0x52 @ 1
[    3.964905] initcall ethnl_init+0x0/0x52 returned 0 after 976 usecs
[    3.965311] calling  nexthop_init+0x0/0xd8 @ 1
[    3.966413] initcall nexthop_init+0x0/0xd8 returned 0 after 0 usecs
[    3.967366] calling  cipso_v4_init+0x0/0x5d @ 1
[    3.968617] initcall cipso_v4_init+0x0/0x5d returned 0 after 0 usecs
[    3.969310] calling  ieee80211_init+0x0/0x24 @ 1
[    3.972324] initcall ieee80211_init+0x0/0x24 returned 0 after 1953 usecs
[    3.973309] calling  netlbl_init+0x0/0x78 @ 1
[    3.974343] NetLabel: Initializing
[    3.975307] NetLabel:  domain hash size = 128
[    3.976306] NetLabel:  protocols = UNLABELED CIPSOv4 CALIPSO
[    3.978605] NetLabel:  unlabeled traffic allowed by default
[    3.979313] initcall netlbl_init+0x0/0x78 returned 0 after 4882 usecs
[    3.980311] calling  rfkill_init+0x0/0x111 @ 1
[    3.982311] initcall rfkill_init+0x0/0x111 returned 0 after 976 usecs
[    3.983311] calling  pci_subsys_init+0x0/0x66 @ 1
[    3.984355] PCI: Using ACPI for IRQ routing
[    4.709389] PCI: pci_cache_line_size set to 64 bytes
[    4.711757] e820: reserve RAM buffer [mem 0x0009fc00-0x0009ffff]
[    4.712339] e820: reserve RAM buffer [mem 0x1ffdf000-0x1fffffff]
[    4.713384] initcall pci_subsys_init+0x0/0x66 returned 0 after 711914 usecs
[    4.716454] calling  nmi_warning_debugfs+0x0/0x26 @ 1
[    4.717410] initcall nmi_warning_debugfs+0x0/0x26 returned 0 after 0 usecs
[    4.718334] calling  save_microcode_in_initrd+0x0/0x51 @ 1
[    4.719441] initcall save_microcode_in_initrd+0x0/0x51 returned 0 after 0 usecs
[    4.720316] calling  hpet_late_init+0x0/0x20a @ 1
[    4.722506] hpet: 3 channels of 0 reserved for per-cpu timers
[    4.723506] hpet0: at MMIO 0xfed00000, IRQs 2, 8, 0
[    4.724313] hpet0: 3 comparators, 64-bit 100.000000 MHz counter
[    4.731313] initcall hpet_late_init+0x0/0x20a returned 0 after 8789 usecs
[    4.732311] calling  init_amd_nbs+0x0/0x11c @ 1
[    4.733330] initcall init_amd_nbs+0x0/0x11c returned 0 after 0 usecs
[    4.734324] calling  clocksource_done_booting+0x0/0x41 @ 1
[    4.735912] clocksource: Switched to clocksource kvm-clock
[    4.742428] initcall clocksource_done_booting+0x0/0x41 returned 0 after 6953 usecs
[    4.751412] calling  tracer_init_tracefs+0x0/0x242 @ 1
[    4.933742] initcall tracer_init_tracefs+0x0/0x242 returned 0 after 171947 usecs
[    4.942582] calling  init_trace_printk_function_export+0x0/0x2c @ 1
[    4.950012] initcall init_trace_printk_function_export+0x0/0x2c returned 0 after 9 usecs
[    4.959366] calling  init_kprobe_trace+0x0/0x1a9 @ 1
[    4.965277] initcall init_kprobe_trace+0x0/0x1a9 returned 0 after 12 usecs
[    4.973385] calling  init_dynamic_event+0x0/0x3d @ 1
[    4.979529] initcall init_dynamic_event+0x0/0x3d returned 0 after 220 usecs
[    4.989389] calling  init_uprobe_trace+0x0/0x5c @ 1
[    4.995244] initcall init_uprobe_trace+0x0/0x5c returned 0 after 57 usecs
[    5.003208] calling  init_pipe_fs+0x0/0x44 @ 1
[    5.008619] initcall init_pipe_fs+0x0/0x44 returned 0 after 94 usecs
[    5.016037] calling  inotify_user_setup+0x0/0x47 @ 1
[    5.021883] initcall inotify_user_setup+0x0/0x47 returned 0 after 29 usecs
[    5.029869] calling  eventpoll_init+0x0/0xd4 @ 1
[    5.035305] initcall eventpoll_init+0x0/0xd4 returned 0 after 41 usecs
[    5.042771] calling  anon_inode_init+0x0/0x58 @ 1
[    5.048319] initcall anon_inode_init+0x0/0x58 returned 0 after 63 usecs
[    5.056855] calling  proc_locks_init+0x0/0x27 @ 1
[    5.063814] initcall proc_locks_init+0x0/0x27 returned 0 after 4 usecs
[    5.071304] calling  iomap_init+0x0/0x1b @ 1
[    5.076721] initcall iomap_init+0x0/0x1b returned 0 after 467 usecs
[    5.083925] calling  dquot_init+0x0/0x106 @ 1
[    5.089005] VFS: Disk quotas dquot_6.6.0
[    5.093651] VFS: Dquot-cache hash table entries: 512 (order 0, 4096 bytes)
[    5.101614] initcall dquot_init+0x0/0x106 returned 0 after 12322 usecs
[    5.109160] calling  quota_init+0x0/0x23 @ 1
[    5.114209] initcall quota_init+0x0/0x23 returned 0 after 10 usecs
[    5.121305] calling  proc_cmdline_init+0x0/0x21 @ 1
[    5.126984] initcall proc_cmdline_init+0x0/0x21 returned 0 after 29 usecs
[    5.134717] calling  proc_consoles_init+0x0/0x24 @ 1
[    5.140497] initcall proc_consoles_init+0x0/0x24 returned 0 after 3 usecs
[    5.148208] calling  proc_cpuinfo_init+0x0/0x1e @ 1
[    5.153813] initcall proc_cpuinfo_init+0x0/0x1e returned 0 after 2 usecs
[    5.161688] calling  proc_devices_init+0x0/0x24 @ 1
[    5.167396] initcall proc_devices_init+0x0/0x24 returned 0 after 3 usecs
[    5.175175] calling  proc_interrupts_init+0x0/0x24 @ 1
[    5.181115] initcall proc_interrupts_init+0x0/0x24 returned 0 after 3 usecs
[    5.189209] calling  proc_loadavg_init+0x0/0x21 @ 1
[    5.195137] initcall proc_loadavg_init+0x0/0x21 returned 0 after 2 usecs
[    5.203163] calling  proc_meminfo_init+0x0/0x21 @ 1
[    5.208939] initcall proc_meminfo_init+0x0/0x21 returned 0 after 2 usecs
[    5.216919] calling  proc_stat_init+0x0/0x1e @ 1
[    5.222398] initcall proc_stat_init+0x0/0x1e returned 0 after 3 usecs
[    5.229950] calling  proc_uptime_init+0x0/0x21 @ 1
[    5.236651] initcall proc_uptime_init+0x0/0x21 returned 0 after 2 usecs
[    5.244982] calling  proc_version_init+0x0/0x21 @ 1
[    5.250914] initcall proc_version_init+0x0/0x21 returned 0 after 2 usecs
[    5.259036] calling  proc_softirqs_init+0x0/0x21 @ 1
[    5.265252] initcall proc_softirqs_init+0x0/0x21 returned 0 after 2 usecs
[    5.273506] calling  proc_kcore_init+0x0/0xea @ 1
[    5.279413] initcall proc_kcore_init+0x0/0xea returned 0 after 47 usecs
[    5.287402] calling  vmcore_init+0x0/0x578 @ 1
[    5.292856] initcall vmcore_init+0x0/0x578 returned 0 after 0 usecs
[    5.301035] calling  proc_kmsg_init+0x0/0x21 @ 1
[    5.306568] initcall proc_kmsg_init+0x0/0x21 returned 0 after 2 usecs
[    5.314211] calling  proc_page_init+0x0/0x3b @ 1
[    5.320684] initcall proc_page_init+0x0/0x3b returned 0 after 4 usecs
[    5.329023] calling  init_ramfs_fs+0x0/0xc @ 1
[    5.335219] initcall init_ramfs_fs+0x0/0xc returned 0 after 846 usecs
[    5.342919] calling  init_hugetlbfs_fs+0x0/0xf6 @ 1
[    5.348782] initcall init_hugetlbfs_fs+0x0/0xf6 returned 0 after 133 usecs
[    5.356819] calling  blk_scsi_ioctl_init+0x0/0x2a5 @ 1
[    5.362967] initcall blk_scsi_ioctl_init+0x0/0x2a5 returned 0 after 22 usecs
[    5.372797] calling  acpi_event_init+0x0/0x2c @ 1
[    5.379830] initcall acpi_event_init+0x0/0x2c returned 0 after 15 usecs
[    5.389414] calling  pnp_system_init+0x0/0xc @ 1
[    5.396229] initcall pnp_system_init+0x0/0xc returned 0 after 77 usecs
[    5.403848] calling  pnpacpi_init+0x0/0x69 @ 1
[    5.409123] pnp: PnP ACPI init
[    5.413112] pnp 00:00: Plug and Play ACPI device, IDs PNP0303 (active)
[    5.420783] pnp 00:01: Plug and Play ACPI device, IDs PNP0f13 (active)
[    5.428438] pnp 00:02: Plug and Play ACPI device, IDs PNP0400 (active)
[    5.436086] pnp 00:03: Plug and Play ACPI device, IDs PNP0501 (active)
[    5.443899] pnp 00:04: Plug and Play ACPI device, IDs PNP0b00 (active)
[    5.451682] system 00:05: [mem 0xb0000000-0xbfffffff window] has been reserved
[    5.460061] system 00:05: Plug and Play ACPI device, IDs PNP0c01 (active)
[    5.469100] pnp: PnP ACPI: found 6 devices
[    5.473997] initcall pnpacpi_init+0x0/0x69 returned 0 after 63361 usecs
[    5.481593] calling  chr_dev_init+0x0/0x14d @ 1
[    5.491254] initcall chr_dev_init+0x0/0x14d returned 0 after 4314 usecs
[    5.499017] calling  firmware_class_init+0x0/0xe7 @ 1
[    5.504926] initcall firmware_class_init+0x0/0xe7 returned 0 after 37 usecs
[    5.513022] calling  init_pcmcia_bus+0x0/0x5b @ 1
[    5.518568] initcall init_pcmcia_bus+0x0/0x5b returned 0 after 16 usecs
[    5.526317] calling  init_acpi_pm_clocksource+0x0/0xda @ 1
[    5.538142] clocksource: acpi_pm: mask: 0xffffff max_cycles: 0xffffff, max_idle_ns: 2085701024 ns
[    5.548375] initcall init_acpi_pm_clocksource+0x0/0xda returned 0 after 15291 usecs
[    5.558296] calling  sysctl_core_init+0x0/0x26 @ 1
[    5.567018] initcall sysctl_core_init+0x0/0x26 returned 0 after 31 usecs
[    5.575133] calling  eth_offload_init+0x0/0x13 @ 1
[    5.581105] initcall eth_offload_init+0x0/0x13 returned 0 after 1 usecs
[    5.589056] calling  ipv4_offload_init+0x0/0x73 @ 1
[    5.595275] initcall ipv4_offload_init+0x0/0x73 returned 0 after 118 usecs
[    5.603637] calling  inet_init+0x0/0x276 @ 1
[    5.609061] NET: Registered protocol family 2
[    5.614971] IP idents hash table entries: 8192 (order: 4, 65536 bytes, linear)
[    5.625585] tcp_listen_portaddr_hash hash table entries: 256 (order: 0, 4096 bytes, linear)
[    5.635995] TCP established hash table entries: 4096 (order: 3, 32768 bytes, linear)
[    5.645258] TCP bind hash table entries: 4096 (order: 4, 65536 bytes, linear)
[    5.654568] TCP: Hash tables configured (established 4096 bind 4096)
[    5.662563] UDP hash table entries: 256 (order: 1, 8192 bytes, linear)
[    5.670416] UDP-Lite hash table entries: 256 (order: 1, 8192 bytes, linear)
[    5.678957] initcall inet_init+0x0/0x276 returned 0 after 68414 usecs
[    5.686361] calling  af_unix_init+0x0/0x4d @ 1
[    5.691532] NET: Registered protocol family 1
[    5.696632] initcall af_unix_init+0x0/0x4d returned 0 after 4981 usecs
[    5.704135] calling  ipv6_offload_init+0x0/0x7e @ 1
[    5.710093] initcall ipv6_offload_init+0x0/0x7e returned 0 after 71 usecs
[    5.718204] calling  init_sunrpc+0x0/0x65 @ 1
[    5.724271] RPC: Registered named UNIX socket transport module.
[    5.733344] RPC: Registered udp transport module.
[    5.741088] RPC: Registered tcp transport module.
[    5.747952] RPC: Registered tcp NFSv4.1 backchannel transport module.
[    5.756968] initcall init_sunrpc+0x0/0x65 returned 0 after 32718 usecs
[    5.764649] calling  cfg80211_init+0x0/0xc5 @ 1
[    5.770851] initcall cfg80211_init+0x0/0xc5 returned 0 after 818 usecs
[    5.778483] calling  pcibios_assign_resources+0x0/0xbf @ 1
[    5.784896] pci_bus 0000:00: resource 4 [io  0x0000-0x0cf7 window]
[    5.792072] pci_bus 0000:00: resource 5 [io  0x0d00-0xffff window]
[    5.799232] pci_bus 0000:00: resource 6 [mem 0x000a0000-0x000bffff window]
[    5.807099] pci_bus 0000:00: resource 7 [mem 0x20000000-0xafffffff window]
[    5.814973] pci_bus 0000:00: resource 8 [mem 0xc0000000-0xfebfffff window]
[    5.822839] pci_bus 0000:00: resource 9 [mem 0x100000000-0x8ffffffff window]
[    5.830855] initcall pcibios_assign_resources+0x0/0xbf returned 0 after 44936 usecs
[    5.839498] calling  pci_apply_final_quirks+0x0/0x124 @ 1
[    5.846067] pci 0000:00:01.0: calling  pci_fixup_video+0x0/0xe0 @ 1
[    5.853649] pci 0000:00:01.0: Video device with shadowed ROM at [mem 0x000c0000-0x000dffff]
[    5.863192] pci 0000:00:01.0: pci_fixup_video+0x0/0xe0 took 9680 usecs
[    5.871116] PCI: CLS 0 bytes, default 64
[    5.875828] initcall pci_apply_final_quirks+0x0/0x124 returned 0 after 29353 usecs
[    5.884596] calling  acpi_reserve_resources+0x0/0xea @ 1
[    5.890766] initcall acpi_reserve_resources+0x0/0xea returned 0 after 16 usecs
[    5.899976] calling  populate_rootfs+0x0/0x102 @ 1
[    5.906485] initcall populate_rootfs+0x0/0x102 returned 0 after 722 usecs
[    5.914303] calling  pci_iommu_init+0x0/0x3e @ 1
[    5.919786] initcall pci_iommu_init+0x0/0x3e returned 0 after 55 usecs
[    5.927318] calling  ia32_binfmt_init+0x0/0x13 @ 1
[    5.932914] initcall ia32_binfmt_init+0x0/0x13 returned 0 after 5 usecs
[    5.940903] calling  rapl_pmu_init+0x0/0x267 @ 1
[    5.946479] initcall rapl_pmu_init+0x0/0x267 returned -19 after 32 usecs
[    5.961359] calling  amd_uncore_init+0x0/0x310 @ 1
[    5.968407] initcall amd_uncore_init+0x0/0x310 returned -19 after 50 usecs
[    5.976453] calling  amd_ibs_init+0x0/0x27b @ 1
[    5.981763] initcall amd_ibs_init+0x0/0x27b returned -19 after 0 usecs
[    5.989298] calling  amd_iommu_pc_init+0x0/0x215 @ 1
[    5.995576] initcall amd_iommu_pc_init+0x0/0x215 returned -19 after 65 usecs
[    6.005729] calling  msr_init+0x0/0x55 @ 1
[    6.012572] initcall msr_init+0x0/0x55 returned 0 after 654 usecs
[    6.021519] calling  intel_uncore_init+0x0/0x36f @ 1
[    6.028055] initcall intel_uncore_init+0x0/0x36f returned -19 after 57 usecs
[    6.036185] calling  cstate_pmu_init+0x0/0x1a1 @ 1
[    6.041816] initcall cstate_pmu_init+0x0/0x1a1 returned -19 after 0 usecs
[    6.051610] calling  register_kernel_offset_dumper+0x0/0x1a @ 1
[    6.060307] initcall register_kernel_offset_dumper+0x0/0x1a returned 0 after 74 usecs
[    6.071656] calling  i8259A_init_ops+0x0/0x20 @ 1
[    6.078767] initcall i8259A_init_ops+0x0/0x20 returned 0 after 157 usecs
[    6.089458] calling  init_tsc_clocksource+0x0/0xa4 @ 1
[    6.096319] clocksource: tsc: mask: 0xffffffffffffffff max_cycles: 0x39a85afc727, max_idle_ns: 881590685098 ns
[    6.109021] initcall init_tsc_clocksource+0x0/0xa4 returned 0 after 12540 usecs
[    6.118239] calling  add_rtc_cmos+0x0/0xb0 @ 1
[    6.124142] initcall add_rtc_cmos+0x0/0xb0 returned 0 after 154 usecs
[    6.132386] calling  i8237A_init_ops+0x0/0x3a @ 1
[    6.138839] initcall i8237A_init_ops+0x0/0x3a returned 0 after 154 usecs
[    6.147114] calling  umwait_init+0x0/0x94 @ 1
[    6.153001] initcall umwait_init+0x0/0x94 returned -19 after 274 usecs
[    6.161097] calling  thermal_throttle_init_device+0x0/0x3d @ 1
[    6.168297] initcall thermal_throttle_init_device+0x0/0x3d returned 0 after 78 usecs
[    6.178950] calling  msr_init+0x0/0xd7 @ 1
[    6.189884] initcall msr_init+0x0/0xd7 returned 0 after 5280 usecs
[    6.197388] calling  cpuid_init+0x0/0xd7 @ 1
[    6.204669] initcall cpuid_init+0x0/0xd7 returned 0 after 2059 usecs
[    6.212908] calling  ioapic_init_ops+0x0/0x13 @ 1
[    6.218984] initcall ioapic_init_ops+0x0/0x13 returned 0 after 27 usecs
[    6.228831] calling  add_pcspkr+0x0/0x6c @ 1
[    6.235707] initcall add_pcspkr+0x0/0x6c returned 0 after 215 usecs
[    6.245709] calling  start_periodic_check_for_corruption+0x0/0x30 @ 1
[    6.255703] check: Scanning for low memory corruption every 60 seconds
[    6.264460] initcall start_periodic_check_for_corruption+0x0/0x30 returned 0 after 8591 usecs
[    6.276718] calling  sysfb_init+0x0/0x9c @ 1
[    6.282793] initcall sysfb_init+0x0/0x9c returned 0 after 235 usecs
[    6.291200] calling  audit_classes_init+0x0/0xae @ 1
[    6.298007] initcall audit_classes_init+0x0/0xae returned 0 after 65 usecs
[    6.307059] calling  iosf_mbi_init+0x0/0x24 @ 1
[    6.313852] initcall iosf_mbi_init+0x0/0x24 returned 0 after 831 usecs
[    6.322468] calling  proc_execdomains_init+0x0/0x21 @ 1
[    6.329728] initcall proc_execdomains_init+0x0/0x21 returned 0 after 435 usecs
[    6.339816] calling  register_warn_debugfs+0x0/0x23 @ 1
[    6.346952] initcall register_warn_debugfs+0x0/0x23 returned 0 after 159 usecs
[    6.356111] calling  cpuhp_sysfs_init+0x0/0x79 @ 1
[    6.362778] initcall cpuhp_sysfs_init+0x0/0x79 returned 0 after 230 usecs
[    6.372785] calling  ioresources_init+0x0/0x49 @ 1
[    6.379557] initcall ioresources_init+0x0/0x49 returned 0 after 26 usecs
[    6.387905] calling  snapshot_device_init+0x0/0xc @ 1
[    6.394805] initcall snapshot_device_init+0x0/0xc returned 0 after 524 usecs
[    6.403617] calling  irq_pm_init_ops+0x0/0x13 @ 1
[    6.409520] initcall irq_pm_init_ops+0x0/0x13 returned 0 after 16 usecs
[    6.422019] calling  rcu_torture_init+0x0/0x9a6 @ 1
[    6.428169] tasks-torture:--- Start of test: nreaders=1 nfakewriters=4 stat_interval=15 verbose=1 test_no_idle_hz=1 shuffle_interval=3 stutter=5 irqreader=1 fqs_duration=0 fqs_holdoff=0 fqs_stutter=3 test_boost=1/0 test_boost_interval=7 test_boost_duration=4 shutdown_secs=1800 stall_cpu=0 stall_cpu_holdoff=10 stall_cpu_irqsoff=0 stall_cpu_block=0 n_barrier_cbs=4 onoff_interval=1000 onoff_holdoff=30 read_exit_delay=13 read_exit_burst=16
[    6.479565] tasks:  Start-test grace-period state: g0 f0x0
[    6.486101] tasks-torture: Creating rcu_torture_writer task
[    6.493897] tasks-torture: Creating rcu_torture_fakewriter task
[    6.501118] tasks-torture: rcu_torture_writer task started
[    6.508077] tasks-torture: GP expediting controlled from boot/sysfs for tasks.
[    6.508717] tasks-torture: Creating rcu_torture_fakewriter task
[    6.517019] tasks-torture: rcu_torture_fakewriter task started
[    6.534402] rcu_torture_writer: Testing expedited GPs.
[    6.541349] rcu_torture_writer: Testing asynchronous GPs.
[    6.543077] tasks-torture: Creating rcu_torture_fakewriter task
[    6.548160] tasks-torture: rcu_torture_fakewriter task started
[    6.565331] rcu_torture_writer: Testing normal GPs.
[    6.565736] tasks-torture: Creating rcu_torture_fakewriter task
[    6.571220] tasks-torture: rcu_torture_fakewriter task started
[    6.586002] tasks-torture: Creating rcu_torture_reader task
[    6.586029] tasks-torture: rcu_torture_fakewriter task started
[    6.600983] tasks-torture: Creating rcu_torture_stats task
[    6.601013] tasks-torture: rcu_torture_reader task started
[    6.615607] tasks-torture: rcu_torture_stats task started
[    6.615722] tasks-torture: Creating torture_shuffle task
[    6.629276] tasks-torture: Creating torture_stutter task
[    6.629300] tasks-torture: torture_shuffle task started
[    6.643010] tasks-torture: Creating torture_shutdown task
[    6.643049] tasks-torture: torture_stutter task started
[    6.658936] tasks-torture: Creating torture_onoff task
[    6.658964] tasks-torture: torture_shutdown task started
[    6.672559] tasks-torture:torture_shutdown task: 1799970 ms remaining
[    6.672973] tasks-torture: rcu_torture_fwd_prog_init: Disabled, unsupported by RCU flavor under test
[    6.680952] tasks-torture: torture_onoff task started
[    6.680954] tasks-torture: torture_onoff begin holdoff
[    6.707477] tasks-torture: Creating rcu_torture_barrier_cbs task
[    6.715960] tasks-torture: Creating rcu_torture_barrier_cbs task
[    6.715995] tasks-torture: rcu_torture_barrier_cbs task started
[    6.731511] tasks-torture: rcu_torture_barrier_cbs task started
[    6.731632] tasks-torture: Creating rcu_torture_barrier_cbs task
[    6.746711] tasks-torture: Creating rcu_torture_barrier_cbs task
[    6.746744] tasks-torture: rcu_torture_barrier_cbs task started
[    6.763163] tasks-torture: Creating rcu_torture_barrier task
[    6.763218] tasks-torture: rcu_torture_barrier_cbs task started
[    6.778938] tasks-torture: Creating rcu_torture_read_exit task
[    6.778968] tasks-torture: rcu_torture_barrier task starting
[    6.794369] initcall rcu_torture_init+0x0/0x9a6 returned 0 after 357693 usecs
[    6.794591] tasks-torture: rcu_torture_read_exit: Start of test
[    6.794696] calling  timekeeping_init_ops+0x0/0x13 @ 1
[    6.794696] initcall timekeeping_init_ops+0x0/0x13 returned 0 after 17 usecs
[    6.794696] calling  init_clocksource_sysfs+0x0/0x23 @ 1
[    6.794696] initcall init_clocksource_sysfs+0x0/0x23 returned 0 after 141 usecs
[    6.838468] calling  init_timer_list_procfs+0x0/0x31 @ 1
[    6.838468] initcall init_timer_list_procfs+0x0/0x31 returned 0 after 6 usecs
[    6.838468] calling  alarmtimer_init+0x0/0xc7 @ 1
[    6.838468] initcall alarmtimer_init+0x0/0xc7 returned 0 after 1259 usecs
[    6.838468] calling  init_posix_timers+0x0/0x29 @ 1
[    6.838468] initcall init_posix_timers+0x0/0x29 returned 0 after 189 usecs
[    6.838468] calling  clockevents_init_sysfs+0x0/0xbf @ 1
[    6.838468] initcall clockevents_init_sysfs+0x0/0xbf returned 0 after 199 usecs
[    6.838468] calling  proc_dma_init+0x0/0x21 @ 1
[    6.903087] initcall proc_dma_init+0x0/0x21 returned 0 after 19 usecs
[    6.911207] calling  proc_modules_init+0x0/0x1e @ 1
[    6.911501] initcall proc_modules_init+0x0/0x1e returned 0 after 21 usecs
[    6.911501] calling  kallsyms_init+0x0/0x21 @ 1
[    6.911501] initcall kallsyms_init+0x0/0x21 returned 0 after 3 usecs
[    6.911501] calling  pid_namespaces_init+0x0/0x2c @ 1
[    6.911501] initcall pid_namespaces_init+0x0/0x2c returned 0 after 61 usecs
[    6.911501] calling  audit_watch_init+0x0/0x37 @ 1
[    6.911501] initcall audit_watch_init+0x0/0x37 returned 0 after 12 usecs
[    6.911501] calling  audit_fsnotify_init+0x0/0x37 @ 1
[    6.911501] initcall audit_fsnotify_init+0x0/0x37 returned 0 after 71 usecs
[    6.911501] calling  audit_tree_init+0x0/0x6d @ 1
[    6.911501] initcall audit_tree_init+0x0/0x6d returned 0 after 19 usecs
[    6.911501] calling  seccomp_sysctl_init+0x0/0x2b @ 1
[    6.911501] initcall seccomp_sysctl_init+0x0/0x2b returned 0 after 41 usecs
[    6.911501] calling  utsname_sysctl_init+0x0/0x13 @ 1
[    6.911501] initcall utsname_sysctl_init+0x0/0x13 returned 0 after 96 usecs
[    6.911501] calling  init_tracepoints+0x0/0x27 @ 1
[    6.911501] initcall init_tracepoints+0x0/0x27 returned 0 after 13 usecs
[    6.911501] calling  init_blk_tracer+0x0/0x50 @ 1
[    6.911501] initcall init_blk_tracer+0x0/0x50 returned 0 after 596 usecs
[    6.911501] calling  perf_event_sysfs_init+0x0/0x81 @ 1
[    6.911501] initcall perf_event_sysfs_init+0x0/0x81 returned 0 after 878 usecs
[    6.911501] calling  system_trusted_keyring_init+0x0/0x60 @ 1
[    6.911501] Initialise system trusted keyrings
[    6.911501] initcall system_trusted_keyring_init+0x0/0x60 returned 0 after 5137 usecs
[    6.911501] calling  kswapd_init+0x0/0x5c @ 1
[    7.089271] initcall kswapd_init+0x0/0x5c returned 0 after 1033 usecs
[    7.097142] calling  extfrag_debug_init+0x0/0x54 @ 1
[    7.098054] initcall extfrag_debug_init+0x0/0x54 returned 0 after 215 usecs
[    7.111455] calling  mm_compute_batch_init+0x0/0x12 @ 1
[    7.117998] initcall mm_compute_batch_init+0x0/0x12 returned 0 after 1 usecs
[    7.118915] calling  slab_proc_init+0x0/0x21 @ 1
[    7.118915] initcall slab_proc_init+0x0/0x21 returned 0 after 47 usecs
[    7.118915] calling  workingset_init+0x0/0x8c @ 1
[    7.118915] workingset: timestamp_bits=56 max_order=17 bucket_order=0
[    7.118915] initcall workingset_init+0x0/0x8c returned 0 after 7359 usecs
[    7.118915] calling  proc_vmalloc_init+0x0/0x32 @ 1
[    7.118915] initcall proc_vmalloc_init+0x0/0x32 returned 0 after 5 usecs
[    7.118915] calling  procswaps_init+0x0/0x1e @ 1
[    7.118915] initcall procswaps_init+0x0/0x1e returned 0 after 64 usecs
[    7.187515] calling  slab_sysfs_init+0x0/0xea @ 1
[    7.187515] initcall slab_sysfs_init+0x0/0xea returned 0 after 4662 usecs
[    7.187515] calling  fcntl_init+0x0/0x29 @ 1
[    7.187515] initcall fcntl_init+0x0/0x29 returned 0 after 10 usecs
[    7.187515] calling  proc_filesystems_init+0x0/0x21 @ 1
[    7.187515] initcall proc_filesystems_init+0x0/0x21 returned 0 after 5 usecs
[    7.187515] calling  start_dirtytime_writeback+0x0/0x29 @ 1
[    7.187515] initcall start_dirtytime_writeback+0x0/0x29 returned 0 after 4 usecs
[    7.187515] calling  blkdev_init+0x0/0x1b @ 1
[    7.187515] initcall blkdev_init+0x0/0x1b returned 0 after 208 usecs
[    7.187515] calling  dio_init+0x0/0x2c @ 1
[    7.187515] initcall dio_init+0x0/0x2c returned 0 after 218 usecs
[    7.187515] calling  dnotify_init+0x0/0x78 @ 1
[    7.187515] initcall dnotify_init+0x0/0x78 returned 0 after 10 usecs
[    7.187515] calling  aio_setup+0x0/0x78 @ 1
[    7.187515] initcall aio_setup+0x0/0x78 returned 0 after 187 usecs
[    7.300470] calling  io_uring_init+0x0/0x2c @ 1
[    7.300470] initcall io_uring_init+0x0/0x2c returned 0 after 5 usecs
[    7.300470] calling  mbcache_init+0x0/0x30 @ 1
[    7.300470] initcall mbcache_init+0x0/0x30 returned 0 after 76 usecs
[    7.300470] calling  init_grace+0x0/0xc @ 1
[    7.300470] initcall init_grace+0x0/0xc returned 0 after 183 usecs
[    7.300470] calling  init_v2_quota_format+0x0/0x21 @ 1
[    7.300470] initcall init_v2_quota_format+0x0/0x21 returned 0 after 53 usecs
[    7.300470] calling  init_devpts_fs+0x0/0x27 @ 1
[    7.300470] initcall init_devpts_fs+0x0/0x27 returned 0 after 162 usecs
[    7.300470] calling  ext4_init_fs+0x0/0x1d0 @ 1
[    7.388195] initcall ext4_init_fs+0x0/0x1d0 returned 0 after 842 usecs
[    7.388539] calling  journal_init+0x0/0x11c @ 1
[    7.388539] initcall journal_init+0x0/0x11c returned 0 after 180 usecs
[    7.388539] calling  init_fat_fs+0x0/0x49 @ 1
[    7.388539] initcall init_fat_fs+0x0/0x49 returned 0 after 83 usecs
[    7.388539] calling  init_vfat_fs+0x0/0xc @ 1
[    7.388539] initcall init_vfat_fs+0x0/0xc returned 0 after 4 usecs
[    7.388539] calling  init_msdos_fs+0x0/0xc @ 1
[    7.388539] initcall init_msdos_fs+0x0/0xc returned 0 after 3 usecs
[    7.388539] calling  init_iso9660_fs+0x0/0x6c @ 1
[    7.388539] initcall init_iso9660_fs+0x0/0x6c returned 0 after 270 usecs
[    7.388539] calling  init_nfs_fs+0x0/0x13a @ 1
[    7.474838] initcall init_nfs_fs+0x0/0x13a returned 0 after 2029 usecs
[    7.483100] calling  init_nfs_v2+0x0/0x13 @ 1
[    7.488926] initcall init_nfs_v2+0x0/0x13 returned 0 after 104 usecs
[    7.497539] calling  init_nfs_v3+0x0/0x13 @ 1
[    7.503080] initcall init_nfs_v3+0x0/0x13 returned 0 after 14 usecs
[    7.511042] calling  init_nfs_v4+0x0/0x32 @ 1
[    7.516821] NFS: Registering the id_resolver key type
[    7.523227] Key type id_resolver registered
[    7.528544] Key type id_legacy registered
[    7.533807] initcall init_nfs_v4+0x0/0x32 returned 0 after 16761 usecs
[    7.541964] calling  init_nlm+0x0/0x5b @ 1
[    7.547297] initcall init_nlm+0x0/0x5b returned 0 after 124 usecs
[    7.555020] calling  init_nls_cp437+0x0/0xe @ 1
[    7.560759] initcall init_nls_cp437+0x0/0xe returned 0 after 13 usecs
[    7.568910] calling  init_nls_ascii+0x0/0xe @ 1
[    7.574779] initcall init_nls_ascii+0x0/0xe returned 0 after 1 usecs
[    7.582841] calling  init_nls_iso8859_1+0x0/0xe @ 1
[    7.588675] initcall init_nls_iso8859_1+0x0/0xe returned 0 after 0 usecs
[    7.596593] calling  init_nls_utf8+0x0/0x21 @ 1
[    7.601957] initcall init_nls_utf8+0x0/0x21 returned 0 after 1 usecs
[    7.609486] calling  init_autofs_fs+0x0/0x25 @ 1
[    7.615746] initcall init_autofs_fs+0x0/0x25 returned 0 after 685 usecs
[    7.623915] calling  ipc_init+0x0/0x24 @ 1
[    7.628940] initcall ipc_init+0x0/0x24 returned 0 after 65 usecs
[    7.636051] calling  ipc_sysctl_init+0x0/0x13 @ 1
[    7.641683] initcall ipc_sysctl_init+0x0/0x13 returned 0 after 28 usecs
[    7.649497] calling  init_mqueue_fs+0x0/0x9a @ 1
[    7.655588] initcall init_mqueue_fs+0x0/0x9a returned 0 after 368 usecs
[    7.663616] calling  key_proc_init+0x0/0x63 @ 1
[    7.669118] initcall key_proc_init+0x0/0x63 returned 0 after 7 usecs
[    7.676737] calling  selinux_nf_ip_init+0x0/0x2e @ 1
[    7.682750] initcall selinux_nf_ip_init+0x0/0x2e returned 0 after 56 usecs
[    7.691086] calling  init_sel_fs+0x0/0x116 @ 1
[    7.696533] initcall init_sel_fs+0x0/0x116 returned 0 after 15 usecs
[    7.704250] calling  selnl_init+0x0/0x7c @ 1
[    7.709702] initcall selnl_init+0x0/0x7c returned 0 after 205 usecs
[    7.717292] calling  sel_netif_init+0x0/0x36 @ 1
[    7.722978] initcall sel_netif_init+0x0/0x36 returned 0 after 0 usecs
[    7.730849] calling  sel_netnode_init+0x0/0x33 @ 1
[    7.736755] initcall sel_netnode_init+0x0/0x33 returned 0 after 2 usecs
[    7.744747] calling  sel_netport_init+0x0/0x33 @ 1
[    7.750702] initcall sel_netport_init+0x0/0x33 returned 0 after 0 usecs
[    7.758793] calling  aurule_init+0x0/0x2a @ 1
[    7.764261] initcall aurule_init+0x0/0x2a returned 0 after 1 usecs
[    7.771810] calling  crypto_algapi_init+0x0/0xc @ 1
[    7.777901] initcall crypto_algapi_init+0x0/0xc returned 0 after 6 usecs
[    7.786062] calling  jent_mod_init+0x0/0x2d @ 1
[    7.802569] cryptomgr_test (79) used greatest stack depth: 14968 bytes left
[    7.802670] initcall jent_mod_init+0x0/0x2d returned 0 after 10809 usecs
[    7.821910] calling  asymmetric_key_init+0x0/0xc @ 1
[    7.828423] Key type asymmetric registered
[    7.833755] initcall asymmetric_key_init+0x0/0xc returned 0 after 5207 usecs
[    7.842945] calling  x509_key_init+0x0/0xc @ 1
[    7.849949] Asymmetric key parser 'x509' registered
[    7.856186] initcall x509_key_init+0x0/0xc returned 0 after 6236 usecs
[    7.856856] calling  proc_genhd_init+0x0/0x41 @ 1
[    7.856856] initcall proc_genhd_init+0x0/0x41 returned 0 after 8 usecs
[    7.856856] calling  bsg_init+0x0/0x113 @ 1
[    7.856856] Block layer SCSI generic (bsg) driver version 0.4 loaded (major 251)
[    7.856856] initcall bsg_init+0x0/0x113 returned 0 after 8718 usecs
[    7.856856] calling  deadline_init+0x0/0xc @ 1
[    7.856856] io scheduler mq-deadline registered
[    7.856856] initcall deadline_init+0x0/0xc returned 0 after 5384 usecs
[    7.856856] calling  kyber_init+0x0/0xc @ 1
[    7.856856] io scheduler kyber registered
[    7.856856] initcall kyber_init+0x0/0xc returned 0 after 4749 usecs
[    7.856856] calling  mod_init+0x0/0x7 @ 1
[    7.856856] initcall mod_init+0x0/0x7 returned 0 after 0 usecs
[    7.856856] calling  percpu_counter_startup+0x0/0x55 @ 1
[    7.954928] initcall percpu_counter_startup+0x0/0x55 returned 0 after 1025 usecs
[    7.963786] calling  sg_pool_init+0x0/0xb4 @ 1
[    7.963786] initcall sg_pool_init+0x0/0xb4 returned 0 after 279 usecs
[    7.963786] calling  pcie_portdrv_init+0x0/0x39 @ 1
[    7.963786] initcall pcie_portdrv_init+0x0/0x39 returned 0 after 97 usecs
[    7.963786] calling  pci_proc_init+0x0/0x68 @ 1
[    7.963786] initcall pci_proc_init+0x0/0x68 returned 0 after 48 usecs
[    7.963786] calling  pci_hotplug_init+0x0/0x7 @ 1
[    7.963786] initcall pci_hotplug_init+0x0/0x7 returned 0 after 0 usecs
[    7.963786] calling  efifb_driver_init+0x0/0xe @ 1
[    7.963786] initcall efifb_driver_init+0x0/0xe returned 0 after 25 usecs
[    7.963786] calling  ged_driver_init+0x0/0xe @ 1
[    7.963786] initcall ged_driver_init+0x0/0xe returned 0 after 1613 usecs
[    7.963786] calling  acpi_ac_init+0x0/0x92 @ 1
[    7.963786] initcall acpi_ac_init+0x0/0x92 returned 0 after 1736 usecs
[    7.963786] calling  acpi_button_driver_init+0x0/0x52 @ 1
[    7.963786] input: Power Button as /devices/LNXSYSTM:00/LNXPWRBN:00/input/input0
[    8.088879] ACPI: Power Button [PWRF]
[    8.095666] initcall acpi_button_driver_init+0x0/0x52 returned 0 after 20420 usecs
[    8.108128] calling  acpi_fan_driver_init+0x0/0xe @ 1
[    8.116739] initcall acpi_fan_driver_init+0x0/0xe returned 0 after 34 usecs
[    8.128800] calling  acpi_video_init+0x0/0xcb @ 1
[    8.137159] initcall acpi_video_init+0x0/0xcb returned 0 after 173 usecs
[    8.148264] calling  acpi_processor_driver_init+0x0/0xad @ 1
[    8.158913] initcall acpi_processor_driver_init+0x0/0xad returned 0 after 1173 usecs
[    8.170192] calling  acpi_thermal_init+0x0/0x71 @ 1
[    8.178500] initcall acpi_thermal_init+0x0/0x71 returned 0 after 426 usecs
[    8.188138] calling  acpi_battery_init+0x0/0x32 @ 1
[    8.195262] initcall acpi_battery_init+0x0/0x32 returned 0 after 12 usecs
[    8.205296] calling  bgrt_init+0x0/0xb6 @ 1
[    8.211965] initcall bgrt_init+0x0/0xb6 returned -19 after 4 usecs
[    8.221520] calling  gpio_clk_driver_init+0x0/0xe @ 1
[    8.229985] initcall gpio_clk_driver_init+0x0/0xe returned 0 after 86 usecs
[    8.240466] calling  plt_clk_driver_init+0x0/0xe @ 1
[    8.248182] initcall plt_clk_driver_init+0x0/0xe returned 0 after 64 usecs
[    8.259216] calling  virtio_pci_driver_init+0x0/0x15 @ 1
[    8.267778] initcall virtio_pci_driver_init+0x0/0x15 returned 0 after 126 usecs
[    8.278668] calling  n_null_init+0x0/0x1e @ 1
[    8.285558] initcall n_null_init+0x0/0x1e returned 0 after 67 usecs
[    8.295560] calling  pty_init+0x0/0x1e8 @ 1
[    8.302781] initcall pty_init+0x0/0x1e8 returned 0 after 941 usecs
[    8.312692] calling  sysrq_init+0x0/0x62 @ 1
[    8.319558] initcall sysrq_init+0x0/0x62 returned 0 after 12 usecs
[    8.329838] calling  serial8250_init+0x0/0x17e @ 1
[    8.337488] Serial: 8250/16550 driver, 4 ports, IRQ sharing enabled
[    8.350729] 00:03: ttyS0 at I/O 0x3f8 (irq = 4, base_baud = 115200) is a 16550A
[    8.367173] initcall serial8250_init+0x0/0x17e returned 0 after 29282 usecs
[    8.377079] calling  serial_pci_driver_init+0x0/0x15 @ 1
[    8.385089] initcall serial_pci_driver_init+0x0/0x15 returned 0 after 553 usecs
[    8.395238] calling  exar_pci_driver_init+0x0/0x15 @ 1
[    8.402448] initcall exar_pci_driver_init+0x0/0x15 returned 0 after 88 usecs
[    8.413047] calling  lpss8250_pci_driver_init+0x0/0x15 @ 1
[    8.422312] initcall lpss8250_pci_driver_init+0x0/0x15 returned 0 after 480 usecs
[    8.434816] calling  mid8250_pci_driver_init+0x0/0x15 @ 1
[    8.444733] initcall mid8250_pci_driver_init+0x0/0x15 returned 0 after 40 usecs
[    8.457533] calling  virtio_console_init+0x0/0xff @ 1
[    8.466909] initcall virtio_console_init+0x0/0xff returned 0 after 276 usecs
[    8.478062] calling  hpet_init+0x0/0x64 @ 1
[    8.487196] initcall hpet_init+0x0/0x64 returned 0 after 2300 usecs
[    8.496973] calling  nvram_module_init+0x0/0x83 @ 1
[    8.504569] Non-volatile memory driver v1.3
[    8.511293] initcall nvram_module_init+0x0/0x83 returned 0 after 6720 usecs
[    8.522881] calling  hwrng_modinit+0x0/0x8a @ 1
[    8.530704] initcall hwrng_modinit+0x0/0x8a returned 0 after 94 usecs
[    8.541311] calling  mod_init+0x0/0x48 @ 1
[    8.548312] initcall mod_init+0x0/0x48 returned -19 after 9 usecs
[    8.558097] calling  agp_init+0x0/0x23 @ 1
[    8.565100] Linux agpgart interface v0.103
[    8.571691] initcall agp_init+0x0/0x23 returned 0 after 6447 usecs
[    8.581508] calling  agp_amd64_mod_init+0x0/0x5 @ 1
[    8.590113] initcall agp_amd64_mod_init+0x0/0x5 returned -19 after 373 usecs
[    8.601807] calling  agp_intel_init+0x0/0x28 @ 1
[    8.610255] initcall agp_intel_init+0x0/0x28 returned 0 after 801 usecs
[    8.621808] calling  drm_kms_helper_init+0x0/0x7 @ 1
[    8.630617] initcall drm_kms_helper_init+0x0/0x7 returned 0 after 335 usecs
[    8.641791] calling  drm_core_init+0x0/0xa4 @ 1
[    8.650641] initcall drm_core_init+0x0/0xa4 returned 0 after 655 usecs
[    8.661026] calling  i915_init+0x0/0x6b @ 1
[    8.669625] initcall i915_init+0x0/0x6b returned 0 after 1253 usecs
[    8.679689] calling  cn_proc_init+0x0/0x35 @ 1
[    8.687077] initcall cn_proc_init+0x0/0x35 returned 0 after 12 usecs
[    8.697957] calling  topology_sysfs_init+0x0/0x27 @ 1
[    8.706937] initcall topology_sysfs_init+0x0/0x27 returned 0 after 122 usecs
[    8.718665] calling  cacheinfo_sysfs_init+0x0/0x27 @ 1
[    8.729813] initcall cacheinfo_sysfs_init+0x0/0x27 returned 0 after 2629 usecs
[    8.741899] calling  loop_init+0x0/0x168 @ 1
[    8.840132] loop: module loaded
[    8.845748] initcall loop_init+0x0/0x168 returned 0 after 94005 usecs
[    8.858125] calling  mac_hid_init+0x0/0x21 @ 1
[    8.866044] initcall mac_hid_init+0x0/0x21 returned 0 after 13 usecs
[    8.875901] calling  spi_transport_init+0x0/0x74 @ 1
[    8.884871] initcall spi_transport_init+0x0/0x74 returned 0 after 695 usecs
[    8.901250] calling  init_sd+0x0/0x18c @ 1
[    8.908266] initcall init_sd+0x0/0x18c returned 0 after 242 usecs
[    8.918600] calling  init_sr+0x0/0x43 @ 1
[    8.925540] initcall init_sr+0x0/0x43 returned 0 after 228 usecs
[    8.935585] calling  init_sg+0x0/0x1c0 @ 1
[    8.943914] initcall init_sg+0x0/0x1c0 returned 0 after 1080 usecs
[    8.954641] calling  ahci_pci_driver_init+0x0/0x15 @ 1
[    8.963913] ahci 0000:00:1f.2: version 3.0
[    8.979747] PCI Interrupt Link [GSIA] enabled at IRQ 16
[    9.004522] ahci 0000:00:1f.2: AHCI 0001.0000 32 slots 6 ports 1.5 Gbps 0x3f impl SATA mode
[    9.017113] ahci 0000:00:1f.2: flags: 64bit ncq only 
[    9.056091] scsi host0: ahci
[    9.070803] scsi host1: ahci
[    9.154722] scsi host2: ahci
[    9.179476] scsi host3: ahci
[    9.192728] scsi host4: ahci
[    9.205408] scsi host5: ahci
[    9.205746] ata1: SATA max UDMA/133 abar m4096@0xfebf1000 port 0xfebf1100 irq 24
[    9.205746] ata2: SATA max UDMA/133 abar m4096@0xfebf1000 port 0xfebf1180 irq 24
[    9.205746] ata3: SATA max UDMA/133 abar m4096@0xfebf1000 port 0xfebf1200 irq 24
[    9.205746] ata4: SATA max UDMA/133 abar m4096@0xfebf1000 port 0xfebf1280 irq 24
[    9.205746] ata5: SATA max UDMA/133 abar m4096@0xfebf1000 port 0xfebf1300 irq 24
[    9.280195] ata6: SATA max UDMA/133 abar m4096@0xfebf1000 port 0xfebf1380 irq 24
[    9.293500] initcall ahci_pci_driver_init+0x0/0x15 returned 0 after 326286 usecs
[    9.293500] calling  piix_init+0x0/0x26 @ 1
[    9.293500] initcall piix_init+0x0/0x26 returned 0 after 2005 usecs
[    9.293500] calling  amd_pci_driver_init+0x0/0x15 @ 1
[    9.293500] initcall amd_pci_driver_init+0x0/0x15 returned 0 after 54 usecs
[    9.293500] calling  oldpiix_pci_driver_init+0x0/0x15 @ 1
[    9.293500] initcall oldpiix_pci_driver_init+0x0/0x15 returned 0 after 562 usecs
[    9.293500] calling  sch_pci_driver_init+0x0/0x15 @ 1
[    9.293500] initcall sch_pci_driver_init+0x0/0x15 returned 0 after 89 usecs
[    9.391242] calling  net_olddevs_init+0x0/0x55 @ 1
[    9.391511] initcall net_olddevs_init+0x0/0x55 returned 0 after 803 usecs
[    9.391511] calling  blackhole_netdev_init+0x0/0x78 @ 1
[    9.391511] initcall blackhole_netdev_init+0x0/0x78 returned 0 after 1932 usecs
[    9.391511] calling  phy_module_init+0x0/0x13 @ 1
[    9.391511] initcall phy_module_init+0x0/0x13 returned 0 after 804 usecs
[    9.391511] calling  tg3_driver_init+0x0/0x15 @ 1
[    9.391511] initcall tg3_driver_init+0x0/0x15 returned 0 after 936 usecs
[    9.391511] calling  e100_init_module+0x0/0x4c @ 1
[    9.391511] e100: Intel(R) PRO/100 Network Driver
[    9.391511] e100: Copyright(c) 1999-2006 Intel Corporation
[    9.391511] initcall e100_init_module+0x0/0x4c returned 0 after 17143 usecs
[    9.391511] calling  e1000_init_module+0x0/0x72 @ 1
[    9.391511] e1000: Intel(R) PRO/1000 Network Driver
[    9.391511] e1000: Copyright (c) 1999-2006 Intel Corporation.
[    9.391511] initcall e1000_init_module+0x0/0x72 returned 0 after 16587 usecs
[    9.391511] calling  e1000_init_module+0x0/0x2d @ 1
[    9.391511] e1000e: Intel(R) PRO/1000 Network Driver
[    9.391511] e1000e: Copyright(c) 1999 - 2015 Intel Corporation.
[    9.391511] initcall e1000_init_module+0x0/0x2d returned 0 after 17031 usecs
[    9.391511] calling  sky2_init_module+0x0/0x21 @ 1
[    9.391511] sky2: driver version 1.30
[    9.391511] initcall sky2_init_module+0x0/0x21 returned 0 after 6514 usecs
[    9.612517] ata3: SATA link up 1.5 Gbps (SStatus 113 SControl 300)
[    9.391511] calling  forcedeth_pci_driver_init+0x0/0x15 @ 1
[    9.391511] initcall forcedeth_pci_driver_init+0x0/0x15 returned 0 after 28 usecs
[    9.391511] calling  rtl8139_init_module+0x0/0x15 @ 1
[    9.391511] initcall rtl8139_init_module+0x0/0x15 returned 0 after 82 usecs
[    9.630093] ata6: SATA link down (SStatus 0 SControl 300)
[    9.391511] calling  rtl8169_pci_driver_init+0x0/0x15 @ 1
[    9.391511] initcall rtl8169_pci_driver_init+0x0/0x15 returned 0 after 100 usecs
[    9.391511] calling  cdrom_init+0x0/0xc @ 1
[    9.391511] initcall cdrom_init+0x0/0xc returned 0 after 1259 usecs
[    9.652243] ata4: SATA link down (SStatus 0 SControl 300)
[    9.391511] calling  nonstatic_sysfs_init+0x0/0xc @ 1
[    9.391511] initcall nonstatic_sysfs_init+0x0/0xc returned 0 after 80 usecs
[    9.391511] calling  yenta_cardbus_driver_init+0x0/0x15 @ 1
[    9.391511] initcall yenta_cardbus_driver_init+0x0/0x15 returned 0 after 211 usecs
[    9.671813] ata5: SATA link down (SStatus 0 SControl 300)
[    9.677442] calling  mon_init+0x0/0x12d @ 1
[    9.689126] ata1: SATA link down (SStatus 0 SControl 300)
[    9.798693] initcall mon_init+0x0/0x12d returned 0 after 97646 usecs
[    9.803233] ata2: SATA link down (SStatus 0 SControl 300)
[    9.808016] calling  ehci_hcd_init+0x0/0x56 @ 1
[    9.808230] ehci_hcd: USB 2.0 'Enhanced' Host Controller (EHCI) Driver
[    9.818593] ata3.00: ATAPI: QEMU DVD-ROM, 2.5+, max UDMA/100
[    9.824601] initcall ehci_hcd_init+0x0/0x56 returned 0 after 16189 usecs
[    9.834708] ata3.00: applying bridge limits
[    9.842625] calling  ehci_pci_init+0x0/0x64 @ 1
[    9.855203] ata3.00: configured for UDMA/100
[    9.860063] ehci-pci: EHCI PCI platform driver
[    9.883333] initcall ehci_pci_init+0x0/0x64 returned 0 after 22740 usecs
[    9.892303] scsi 2:0:0:0: CD-ROM            QEMU     QEMU DVD-ROM     2.5+ PQ: 0 ANSI: 5
[    9.893703] calling  ohci_hcd_mod_init+0x0/0x4e @ 1
[    9.917184] ohci_hcd: USB 1.1 'Open' Host Controller (OHCI) Driver
[    9.928924] initcall ohci_hcd_mod_init+0x0/0x4e returned 0 after 11798 usecs
[    9.941345] calling  ohci_pci_init+0x0/0x64 @ 1
[    9.943943] sr 2:0:0:0: [sr0] scsi3-mmc drive: 4x/4x cd/rw xa/form2 tray
[    9.948919] ohci-pci: OHCI PCI platform driver
[    9.960000] cdrom: Uniform CD-ROM driver Revision: 3.20
[    9.959994] initcall ohci_pci_init+0x0/0x64 returned 0 after 17983 usecs
[    9.986869] calling  uhci_hcd_init+0x0/0xa8 @ 1
[    9.994854] uhci_hcd: USB Universal Host Controller Interface driver
[   10.007081] initcall uhci_hcd_init+0x0/0xa8 returned 0 after 11943 usecs
[   10.019711] calling  xhci_hcd_init+0x0/0x1e @ 1
[   10.028898] initcall xhci_hcd_init+0x0/0x1e returned 0 after 243 usecs
[   10.042829] calling  xhci_pci_init+0x0/0x49 @ 1
[   10.050880] initcall xhci_pci_init+0x0/0x49 returned 0 after 415 usecs
[   10.053714] sr 2:0:0:0: Attached scsi CD-ROM sr0
[   10.061518] calling  usblp_driver_init+0x0/0x15 @ 1
[   10.070784] sr 2:0:0:0: Attached scsi generic sg0 type 5
[   10.077870] usbcore: registered new interface driver usblp
[   10.096017] initcall usblp_driver_init+0x0/0x15 returned 0 after 18167 usecs
[   10.108252] calling  usb_storage_driver_init+0x0/0x2a @ 1
[   10.118585] usbcore: registered new interface driver usb-storage
[   10.129965] initcall usb_storage_driver_init+0x0/0x2a returned 0 after 11482 usecs
[   10.143775] calling  i8042_init+0x0/0x4c2 @ 1
[   10.154024] i8042: PNP: PS/2 Controller [PNP0303:KBD,PNP0f13:MOU] at 0x60,0x64 irq 1,12
[   10.186064] serio: i8042 KBD port at 0x60,0x64 irq 1
[   10.195141] serio: i8042 AUX port at 0x60,0x64 irq 12
[   10.204912] initcall i8042_init+0x0/0x4c2 returned 0 after 51597 usecs
[   10.216261] calling  serport_init+0x0/0x2c @ 1
[   10.225809] initcall serport_init+0x0/0x2c returned 0 after 248 usecs
[   10.237156] calling  input_leds_init+0x0/0xc @ 1
[   10.245854] initcall input_leds_init+0x0/0xc returned 0 after 608 usecs
[   10.257214] calling  evdev_init+0x0/0xc @ 1
[   10.266881] initcall evdev_init+0x0/0xc returned 0 after 850 usecs
[   10.277853] calling  atkbd_init+0x0/0x21 @ 1
[   10.287278] initcall atkbd_init+0x0/0x21 returned 0 after 1314 usecs
[   10.292965] input: AT Translated Set 2 keyboard as /devices/platform/i8042/serio0/input/input1
[   10.298343] calling  psmouse_init+0x0/0x7f @ 1
[   10.321958] initcall psmouse_init+0x0/0x7f returned 0 after 778 usecs
[   10.334601] calling  cmos_init+0x0/0x73 @ 1
[   10.346876] rtc_cmos 00:04: RTC can wake from S4
[   10.368964] rtc_cmos 00:04: registered as rtc0
[   10.378653] rtc_cmos 00:04: alarms up to one day, y3k, 242 bytes nvram, hpet irqs
[   10.392312] initcall cmos_init+0x0/0x73 returned 0 after 48407 usecs
[   10.403242] calling  smbalert_driver_init+0x0/0xe @ 1
[   10.413209] initcall smbalert_driver_init+0x0/0xe returned 0 after 435 usecs
[   10.425821] calling  i2c_i801_init+0x0/0xc5 @ 1
[   10.458184] i801_smbus 0000:00:1f.3: SMBus using PCI interrupt
[   10.477127] i2c i2c-0: 1/1 memory slots populated (from DMI)
[   10.488743] i2c i2c-0: Memory type 0x07 not supported yet, not instantiating SPD
[   10.517378] initcall i2c_i801_init+0x0/0xc5 returned 0 after 80777 usecs
[   10.530863] calling  ptp_kvm_init+0x0/0xf0 @ 1
[   10.552038] initcall ptp_kvm_init+0x0/0xf0 returned 0 after 4008 usecs
[   10.563172] calling  dm_init+0x0/0x3c @ 1
[   10.573138] device-mapper: ioctl: 4.43.0-ioctl (2020-10-01) initialised: dm-devel@redhat.com
[   10.588334] initcall dm_init+0x0/0x3c returned 0 after 16819 usecs
[   10.598798] calling  dm_mirror_init+0x0/0x29 @ 1
[   10.608228] initcall dm_mirror_init+0x0/0x29 returned 0 after 35 usecs
[   10.619123] calling  dm_dirty_log_init+0x0/0x4f @ 1
[   10.627935] initcall dm_dirty_log_init+0x0/0x4f returned 0 after 122 usecs
[   10.639320] calling  dm_zero_init+0x0/0x29 @ 1
[   10.647105] initcall dm_zero_init+0x0/0x29 returned 0 after 14 usecs
[   10.658882] calling  intel_pstate_init+0x0/0x510 @ 1
[   10.668153] intel_pstate: CPU model not supported
[   10.676860] initcall intel_pstate_init+0x0/0x510 returned -19 after 8639 usecs
[   10.688897] calling  haltpoll_init+0x0/0xc0 @ 1
[   10.698137] initcall haltpoll_init+0x0/0xc0 returned -19 after 92 usecs
[   10.709772] calling  efivars_sysfs_init+0x0/0x30 @ 1
[   10.718187] initcall efivars_sysfs_init+0x0/0x30 returned 0 after 64 usecs
[   10.730059] calling  esrt_sysfs_init+0x0/0x2a2 @ 1
[   10.738518] initcall esrt_sysfs_init+0x0/0x2a2 returned -38 after 209 usecs
[   10.750192] calling  hid_init+0x0/0x5c @ 1
[   10.757787] hid: raw HID events driver (C) Jiri Kosina
[   10.768335] initcall hid_init+0x0/0x5c returned 0 after 10955 usecs
[   10.778952] calling  hid_generic_init+0x0/0x15 @ 1
[   10.787688] initcall hid_generic_init+0x0/0x15 returned 0 after 643 usecs
[   10.799761] calling  a4_driver_init+0x0/0x15 @ 1
[   10.807719] initcall a4_driver_init+0x0/0x15 returned 0 after 285 usecs
[   10.819822] calling  apple_driver_init+0x0/0x15 @ 1
[   10.829285] initcall apple_driver_init+0x0/0x15 returned 0 after 1208 usecs
[   10.841651] calling  belkin_driver_init+0x0/0x15 @ 1
[   10.853040] initcall belkin_driver_init+0x0/0x15 returned 0 after 1400 usecs
[   10.864757] calling  ch_driver_init+0x0/0x15 @ 1
[   10.872318] initcall ch_driver_init+0x0/0x15 returned 0 after 23 usecs
[   10.883682] calling  ch_driver_init+0x0/0x15 @ 1
[   10.891471] initcall ch_driver_init+0x0/0x15 returned 0 after 28 usecs
[   10.902189] calling  cp_driver_init+0x0/0x15 @ 1
[   10.910154] initcall cp_driver_init+0x0/0x15 returned 0 after 66 usecs
[   10.920371] calling  ez_driver_init+0x0/0x15 @ 1
[   10.927731] initcall ez_driver_init+0x0/0x15 returned 0 after 21 usecs
[   10.938566] calling  gyration_driver_init+0x0/0x15 @ 1
[   10.947007] initcall gyration_driver_init+0x0/0x15 returned 0 after 21 usecs
[   10.958572] calling  ite_driver_init+0x0/0x15 @ 1
[   10.966633] initcall ite_driver_init+0x0/0x15 returned 0 after 83 usecs
[   10.977376] calling  ks_driver_init+0x0/0x15 @ 1
[   10.985257] initcall ks_driver_init+0x0/0x15 returned 0 after 23 usecs
[   10.994794] calling  lg_driver_init+0x0/0x15 @ 1
[   11.002029] initcall lg_driver_init+0x0/0x15 returned 0 after 31 usecs
[   11.011489] calling  lg_g15_driver_init+0x0/0x15 @ 1
[   11.018825] initcall lg_g15_driver_init+0x0/0x15 returned 0 after 193 usecs
[   11.028265] calling  ms_driver_init+0x0/0x15 @ 1
[   11.034767] initcall ms_driver_init+0x0/0x15 returned 0 after 16 usecs
[   11.044450] calling  mr_driver_init+0x0/0x15 @ 1
[   11.053764] initcall mr_driver_init+0x0/0x15 returned 0 after 19 usecs
[   11.064281] calling  ntrig_driver_init+0x0/0x15 @ 1
[   11.072894] initcall ntrig_driver_init+0x0/0x15 returned 0 after 625 usecs
[   11.084276] calling  pl_driver_init+0x0/0x15 @ 1
[   11.092094] initcall pl_driver_init+0x0/0x15 returned 0 after 260 usecs
[   11.103188] calling  pl_driver_init+0x0/0x15 @ 1
[   11.110831] initcall pl_driver_init+0x0/0x15 returned 0 after 247 usecs
[   11.121861] calling  redragon_driver_init+0x0/0x15 @ 1
[   11.129729] initcall redragon_driver_init+0x0/0x15 returned 0 after 237 usecs
[   11.141330] calling  samsung_driver_init+0x0/0x15 @ 1
[   11.149961] initcall samsung_driver_init+0x0/0x15 returned 0 after 263 usecs
[   11.162090] calling  sony_init+0x0/0x38 @ 1
[   11.170177] initcall sony_init+0x0/0x38 returned 0 after 328 usecs
[   11.180124] calling  sp_driver_init+0x0/0x15 @ 1
[   11.187708] initcall sp_driver_init+0x0/0x15 returned 0 after 262 usecs
[   11.197883] calling  ts_driver_init+0x0/0x15 @ 1
[   11.205272] initcall ts_driver_init+0x0/0x15 returned 0 after 37 usecs
[   11.215388] calling  hid_init+0x0/0x58 @ 1
[   11.221441] usbcore: registered new interface driver usbhid
[   11.229823] usbhid: USB HID core driver
[   11.235984] initcall hid_init+0x0/0x58 returned 0 after 14266 usecs
[   11.245727] calling  eeepc_laptop_init+0x0/0x57 @ 1
[   11.253858] initcall eeepc_laptop_init+0x0/0x57 returned -19 after 315 usecs
[   11.265108] calling  pmc_atom_init+0x0/0x27a @ 1
[   11.272626] initcall pmc_atom_init+0x0/0x27a returned -19 after 5 usecs
[   11.282857] calling  alsa_hwdep_init+0x0/0x5e @ 1
[   11.290704] initcall alsa_hwdep_init+0x0/0x5e returned 0 after 252 usecs
[   11.301322] calling  alsa_timer_init+0x0/0x1f0 @ 1
[   11.308925] initcall alsa_timer_init+0x0/0x1f0 returned 0 after 545 usecs
[   11.319469] calling  snd_hrtimer_init+0x0/0x117 @ 1
[   11.327041] initcall snd_hrtimer_init+0x0/0x117 returned 0 after 8 usecs
[   11.336979] calling  alsa_pcm_init+0x0/0x64 @ 1
[   11.344010] initcall alsa_pcm_init+0x0/0x64 returned 0 after 8 usecs
[   11.354885] calling  alsa_seq_init+0x0/0x4a @ 1
[   11.364313] initcall alsa_seq_init+0x0/0x4a returned 0 after 1523 usecs
[   11.374749] calling  alsa_seq_dummy_init+0x0/0x9c @ 1
[   11.382630] initcall alsa_seq_dummy_init+0x0/0x9c returned 0 after 25 usecs
[   11.392904] calling  azx_driver_init+0x0/0x15 @ 1
[   11.400033] initcall azx_driver_init+0x0/0x15 returned 0 after 402 usecs
[   11.409832] calling  sock_diag_init+0x0/0x2a @ 1
[   11.417590] initcall sock_diag_init+0x0/0x2a returned 0 after 923 usecs
[   11.427320] calling  blackhole_init+0x0/0xc @ 1
[   11.434064] initcall blackhole_init+0x0/0xc returned 0 after 200 usecs
[   11.444323] calling  nfnetlink_init+0x0/0x57 @ 1
[   11.451941] initcall nfnetlink_init+0x0/0x57 returned 0 after 330 usecs
[   11.463066] calling  nfnetlink_log_init+0x0/0x99 @ 1
[   11.472034] initcall nfnetlink_log_init+0x0/0x99 returned 0 after 436 usecs
[   11.484051] calling  nf_conntrack_standalone_init+0x0/0x87 @ 1
[   11.499631] initcall nf_conntrack_standalone_init+0x0/0x87 returned 0 after 5148 usecs
[   11.512903] calling  ctnetlink_init+0x0/0x83 @ 1
[   11.521049] initcall ctnetlink_init+0x0/0x83 returned 0 after 253 usecs
[   11.532573] calling  nf_conntrack_ftp_init+0x0/0x12c @ 1
[   11.541700] initcall nf_conntrack_ftp_init+0x0/0x12c returned 0 after 296 usecs
[   11.553899] calling  nf_conntrack_irc_init+0x0/0x129 @ 1
[   11.563258] initcall nf_conntrack_irc_init+0x0/0x129 returned 0 after 655 usecs
[   11.575276] calling  nf_conntrack_sip_init+0x0/0x172 @ 1
[   11.587118] initcall nf_conntrack_sip_init+0x0/0x172 returned 0 after 237 usecs
[   11.599279] calling  nf_nat_init+0x0/0xd2 @ 1
[   11.607874] input: ImExPS/2 Generic Explorer Mouse as /devices/platform/i8042/serio1/input/input3
[   11.622110] initcall nf_nat_init+0x0/0xd2 returned 0 after 15665 usecs
[   11.632248] calling  nf_nat_ftp_init+0x0/0x2a @ 1
[   11.639806] initcall nf_nat_ftp_init+0x0/0x2a returned 0 after 48 usecs
[   11.649791] calling  nf_nat_irc_init+0x0/0x2a @ 1
[   11.657651] initcall nf_nat_irc_init+0x0/0x2a returned 0 after 9 usecs
[   11.667844] calling  nf_nat_sip_init+0x0/0x36 @ 1
[   11.675391] initcall nf_nat_sip_init+0x0/0x36 returned 0 after 9 usecs
[   11.685727] calling  xt_init+0x0/0xf8 @ 1
[   11.692065] initcall xt_init+0x0/0xf8 returned 0 after 51 usecs
[   11.701982] calling  tcpudp_mt_init+0x0/0x11 @ 1
[   11.709174] initcall tcpudp_mt_init+0x0/0x11 returned 0 after 51 usecs
[   11.719766] calling  connsecmark_tg_init+0x0/0xc @ 1
[   11.729068] initcall connsecmark_tg_init+0x0/0xc returned 0 after 465 usecs
[   11.743559] calling  nflog_tg_init+0x0/0xc @ 1
[   11.752637] initcall nflog_tg_init+0x0/0xc returned 0 after 1209 usecs
[   11.764024] calling  secmark_tg_init+0x0/0x11 @ 1
[   11.773247] initcall secmark_tg_init+0x0/0x11 returned 0 after 1054 usecs
[   11.784526] calling  tcpmss_tg_init+0x0/0x11 @ 1
[   11.792276] initcall tcpmss_tg_init+0x0/0x11 returned 0 after 208 usecs
[   11.803967] calling  conntrack_mt_init+0x0/0x11 @ 1
[   11.812177] initcall conntrack_mt_init+0x0/0x11 returned 0 after 278 usecs
[   11.825729] calling  policy_mt_init+0x0/0x11 @ 1
[   11.833029] initcall policy_mt_init+0x0/0x11 returned 0 after 245 usecs
[   11.842978] calling  state_mt_init+0x0/0xc @ 1
[   11.850595] initcall state_mt_init+0x0/0xc returned 0 after 29 usecs
[   11.864964] calling  gre_offload_init+0x0/0x48 @ 1
[   11.872897] initcall gre_offload_init+0x0/0x48 returned 0 after 335 usecs
[   11.883889] calling  sysctl_ipv4_init+0x0/0x46 @ 1
[   11.892021] initcall sysctl_ipv4_init+0x0/0x46 returned 0 after 709 usecs
[   11.903070] calling  tunnel4_init+0x0/0x58 @ 1
[   11.909471] initcall tunnel4_init+0x0/0x58 returned 0 after 68 usecs
[   11.918766] calling  nf_defrag_init+0x0/0xc @ 1
[   11.925114] initcall nf_defrag_init+0x0/0xc returned 0 after 200 usecs
