c[?7l[2J[0mSeaBIOS (version 1.16.0-debian-1.16.0-4)
Booting from ROM...
early console in setup code
c[?7l[2J[    0.000000] Linux version 5.10.157+ (root@joelboxx.c.googlers.com) (gcc (Debian 12.2.0-3) 12.2.0, GNU ld (GNU Binutils for Debian) 2.39) #16 Tue Dec 13 03:44:23 UTC 2022
[    0.000000] Command line: selinux=0 initcall_debug debug console=ttyS0 rcutorture.torture_type=tasks rcutorture.n_barrier_cbs=4 rcutorture.stat_interval=15 rcutorture.shutdown_secs=1800 rcutorture.test_no_idle_hz=1 rcutorture.verbose=1
[    0.000000] x86/fpu: x87 FPU will use FXSAVE
[    0.000000] BIOS-provided physical RAM map:
[    0.000000] BIOS-e820: [mem 0x0000000000000000-0x000000000009fbff] usable
[    0.000000] BIOS-e820: [mem 0x000000000009fc00-0x000000000009ffff] reserved
[    0.000000] BIOS-e820: [mem 0x00000000000f0000-0x00000000000fffff] reserved
[    0.000000] BIOS-e820: [mem 0x0000000000100000-0x000000001ffdefff] usable
[    0.000000] BIOS-e820: [mem 0x000000001ffdf000-0x000000001fffffff] reserved
[    0.000000] BIOS-e820: [mem 0x00000000b0000000-0x00000000bfffffff] reserved
[    0.000000] BIOS-e820: [mem 0x00000000fed1c000-0x00000000fed1ffff] reserved
[    0.000000] BIOS-e820: [mem 0x00000000feffc000-0x00000000feffffff] reserved
[    0.000000] BIOS-e820: [mem 0x00000000fffc0000-0x00000000ffffffff] reserved
[    0.000000] NX (Execute Disable) protection: active
[    0.000000] SMBIOS 2.8 present.
[    0.000000] DMI: QEMU Standard PC (Q35 + ICH9, 2009), BIOS 1.16.0-debian-1.16.0-4 04/01/2014
[    0.000000] Hypervisor detected: KVM
[    0.000000] kvm-clock: Using msrs 4b564d01 and 4b564d00
[    0.000000] kvm-clock: cpu 0, msr 12443001, primary cpu clock
[    0.000001] kvm-clock: using sched offset of 1094240349 cycles
[    0.000230] clocksource: kvm-clock: mask: 0xffffffffffffffff max_cycles: 0x1cd42e4dffb, max_idle_ns: 881590591483 ns
[    0.000289] tsc: Detected 1999.999 MHz processor
[    0.009697] e820: update [mem 0x00000000-0x00000fff] usable ==> reserved
[    0.009701] e820: remove [mem 0x000a0000-0x000fffff] usable
[    0.009708] last_pfn = 0x1ffdf max_arch_pfn = 0x400000000
[    0.010567] MTRR default type: write-back
[    0.010631] MTRR fixed ranges enabled:
[    0.010633]   00000-9FFFF write-back
[    0.010634]   A0000-BFFFF uncachable
[    0.010635]   C0000-FFFFF write-protect
[    0.010636] MTRR variable ranges enabled:
[    0.010638]   0 base 00C0000000 mask FFC0000000 uncachable
[    0.010638]   1 disabled
[    0.010639]   2 disabled
[    0.010640]   3 disabled
[    0.010640]   4 disabled
[    0.010641]   5 disabled
[    0.010642]   6 disabled
[    0.010642]   7 disabled
[    0.010990] x86/PAT: Configuration [0-7]: WB  WC  UC- UC  WB  WC  UC- UC  
[    0.019440] found SMP MP-table at [mem 0x000f5ba0-0x000f5baf]
[    0.022627] check: Scanning 1 areas for low memory corruption
[    0.039030] ACPI: Early table checksum verification disabled
[    0.041758] ACPI: RSDP 0x00000000000F59E0 000014 (v00 BOCHS )
[    0.042118] ACPI: RSDT 0x000000001FFE229A 000038 (v01 BOCHS  BXPC     00000001 BXPC 00000001)
[    0.042127] ACPI: FACP 0x000000001FFE2092 0000F4 (v03 BOCHS  BXPC     00000001 BXPC 00000001)
[    0.042225] ACPI: DSDT 0x000000001FFE0040 002052 (v01 BOCHS  BXPC     00000001 BXPC 00000001)
[    0.042229] ACPI: FACS 0x000000001FFE0000 000040
[    0.042233] ACPI: APIC 0x000000001FFE2186 000078 (v01 BOCHS  BXPC     00000001 BXPC 00000001)
[    0.042237] ACPI: HPET 0x000000001FFE21FE 000038 (v01 BOCHS  BXPC     00000001 BXPC 00000001)
[    0.042241] ACPI: MCFG 0x000000001FFE2236 00003C (v01 BOCHS  BXPC     00000001 BXPC 00000001)
[    0.042244] ACPI: WAET 0x000000001FFE2272 000028 (v01 BOCHS  BXPC     00000001 BXPC 00000001)
[    0.042248] ACPI: Reserving FACP table memory at [mem 0x1ffe2092-0x1ffe2185]
[    0.042250] ACPI: Reserving DSDT table memory at [mem 0x1ffe0040-0x1ffe2091]
[    0.042251] ACPI: Reserving FACS table memory at [mem 0x1ffe0000-0x1ffe003f]
[    0.042252] ACPI: Reserving APIC table memory at [mem 0x1ffe2186-0x1ffe21fd]
[    0.042253] ACPI: Reserving HPET table memory at [mem 0x1ffe21fe-0x1ffe2235]
[    0.042254] ACPI: Reserving MCFG table memory at [mem 0x1ffe2236-0x1ffe2271]
[    0.042255] ACPI: Reserving WAET table memory at [mem 0x1ffe2272-0x1ffe2299]
[    0.043409] ACPI: Local APIC address 0xfee00000
[    0.045687] Zone ranges:
[    0.045811]   DMA      [mem 0x0000000000001000-0x0000000000ffffff]
[    0.045871]   DMA32    [mem 0x0000000001000000-0x000000001ffdefff]
[    0.045872]   Normal   empty
[    0.045874] Movable zone start for each node
[    0.045874] Early memory node ranges
[    0.045876]   node   0: [mem 0x0000000000001000-0x000000000009efff]
[    0.045968]   node   0: [mem 0x0000000000100000-0x000000001ffdefff]
[    0.046005] Initmem setup node 0 [mem 0x0000000000001000-0x000000001ffdefff]
[    0.046041] On node 0 totalpages: 130941
[    0.046177]   DMA zone: 64 pages used for memmap
[    0.046178]   DMA zone: 21 pages reserved
[    0.046891]   DMA zone: 3998 pages, LIFO batch:0
[    0.046899]   DMA32 zone: 1984 pages used for memmap
[    0.046902]   DMA32 zone: 126943 pages, LIFO batch:31
[    0.048068] On node 0, zone DMA: 1 pages in unavailable ranges
[    0.053316] On node 0, zone DMA: 97 pages in unavailable ranges
[    0.229863] On node 0, zone DMA32: 33 pages in unavailable ranges
[    0.234305] ACPI: PM-Timer IO Port: 0x608
[    0.234311] ACPI: Local APIC address 0xfee00000
[    0.234433] ACPI: LAPIC_NMI (acpi_id[0xff] dfl dfl lint[0x1])
[    0.235895] IOAPIC[0]: apic_id 0, version 17, address 0xfec00000, GSI 0-23
[    0.235899] ACPI: INT_SRC_OVR (bus 0 bus_irq 0 global_irq 2 dfl dfl)
[    0.235967] ACPI: INT_SRC_OVR (bus 0 bus_irq 5 global_irq 5 high level)
[    0.235968] ACPI: INT_SRC_OVR (bus 0 bus_irq 9 global_irq 9 high level)
[    0.235970] ACPI: INT_SRC_OVR (bus 0 bus_irq 10 global_irq 10 high level)
[    0.235971] ACPI: INT_SRC_OVR (bus 0 bus_irq 11 global_irq 11 high level)
[    0.235973] ACPI: IRQ0 used by override.
[    0.235974] ACPI: IRQ5 used by override.
[    0.235975] ACPI: IRQ9 used by override.
[    0.235975] ACPI: IRQ10 used by override.
[    0.235976] ACPI: IRQ11 used by override.
[    0.235978] Using ACPI (MADT) for SMP configuration information
[    0.236049] ACPI: HPET id: 0x8086a201 base: 0xfed00000
[    0.237123] kvm-guest: stealtime: cpu 0, msr 11c4d780
[    0.237869] PM: hibernation: Registered nosave memory: [mem 0x00000000-0x00000fff]
[    0.237872] PM: hibernation: Registered nosave memory: [mem 0x0009f000-0x0009ffff]
[    0.237873] PM: hibernation: Registered nosave memory: [mem 0x000a0000-0x000effff]
[    0.237874] PM: hibernation: Registered nosave memory: [mem 0x000f0000-0x000fffff]
[    0.237876] [mem 0x20000000-0xafffffff] available for PCI devices
[    0.238042] Booting paravirtualized kernel on KVM
[    0.238503] clocksource: refined-jiffies: mask: 0xffffffff max_cycles: 0xffffffff, max_idle_ns: 1910969940391419 ns
[    0.283254] pcpu-alloc: s0 r0 d32768 u32768 alloc=1*32768
[    0.283411] pcpu-alloc: [0] 0 
[    0.284309] Built 1 zonelists, mobility grouping on.  Total pages: 128872
[    0.284436] Kernel command line: selinux=0 initcall_debug debug console=ttyS0 rcutorture.torture_type=tasks rcutorture.n_barrier_cbs=4 rcutorture.stat_interval=15 rcutorture.shutdown_secs=1800 rcutorture.test_no_idle_hz=1 rcutorture.verbose=1
[    0.295101] Dentry cache hash table entries: 65536 (order: 7, 524288 bytes, linear)
[    0.295142] Inode-cache hash table entries: 32768 (order: 6, 262144 bytes, linear)
[    0.296481] mem auto-init: stack:all(zero), heap alloc:off, heap free:off
[    0.308048] Memory: 481560K/523764K available (14349K kernel code, 2619K rwdata, 4612K rodata, 1252K init, 1876K bss, 41944K reserved, 0K cma-reserved)
[    0.309102] SLUB: HWalign=64, Order=0-3, MinObjects=0, CPUs=1, Nodes=1
[    0.309867] Kernel/User page tables isolation: enabled
[    0.343660] NR_IRQS: 4352, nr_irqs: 256, preallocated irqs: 16
[    0.348377] calling  con_init+0x0/0x22a @ 0
[    0.558260] Console: colour VGA+ 80x25
[    0.558276] initcall con_init+0x0/0x22a returned 0 after 0 usecs
[    0.558279] calling  hvc_console_init+0x0/0x13 @ 0
[    0.558282] initcall hvc_console_init+0x0/0x13 returned 0 after 0 usecs
[    0.558284] calling  univ8250_console_init+0x0/0x26 @ 0
[    1.354882] printk: console [ttyS0] enabled
[    1.361820] initcall univ8250_console_init+0x0/0x26 returned 0 after 0 usecs
[    1.370489] ACPI: Core revision 20200925
[    1.386620] clocksource: hpet: mask: 0xffffffff max_cycles: 0xffffffff, max_idle_ns: 19112604467 ns
[    1.400556] APIC: Switch to symmetric I/O mode setup
[    1.451022] ..TIMER: vector=0x30 apic1=0 pin1=2 apic2=-1 pin2=-1
[    1.458458] clocksource: tsc-early: mask: 0xffffffffffffffff max_cycles: 0x39a85afc727, max_idle_ns: 881590685098 ns
[    1.470173] Calibrating delay loop (skipped) preset value.. 3999.99 BogoMIPS (lpj=1999999)
[    1.472057] pid_max: default: 32768 minimum: 301
[    1.474601] LSM: Security Framework initializing
[    1.477291] Mount-cache hash table entries: 1024 (order: 1, 8192 bytes, linear)
[    1.478010] Mountpoint-cache hash table entries: 1024 (order: 1, 8192 bytes, linear)
[    1.493757] Last level iTLB entries: 4KB 0, 2MB 0, 4MB 0
[    1.494920] Last level dTLB entries: 4KB 0, 2MB 0, 4MB 0, 1GB 0
[    1.497116] CPU: Intel Common KVM processor (family: 0xf, model: 0x6, stepping: 0x1)
[    1.498061] Spectre V1 : Mitigation: usercopy/swapgs barriers and __user pointer sanitization
[    1.499920] Spectre V2 : Mitigation: Retpolines
[    1.500918] Spectre V2 : Spectre v2 / SpectreRSB mitigation: Filling RSB on context switch
[    1.502918] Spectre V2 : Spectre v2 / SpectreRSB : Filling RSB on VMEXIT
[    1.503919] Speculative Store Bypass: Vulnerable
[    1.505218] MDS: Vulnerable: Clear CPU buffers attempted, no microcode
[    1.505919] MMIO Stale Data: Unknown: No mitigations
[    1.723402] calling  init_hw_perf_events+0x0/0x6ce @ 1
[    1.723992] Performance Events: unsupported Netburst CPU model 6 no PMU driver, software events only.
[    1.724929] initcall init_hw_perf_events+0x0/0x6ce returned 0 after 976 usecs
[    1.725925] calling  init_real_mode+0x0/0x1e9 @ 1
[    1.729194] initcall init_real_mode+0x0/0x1e9 returned 0 after 1953 usecs
[    1.729924] calling  trace_init_perf_perm_irq_work_exit+0x0/0x12 @ 1
[    1.730925] initcall trace_init_perf_perm_irq_work_exit+0x0/0x12 returned 0 after 0 usecs
[    1.732032] calling  validate_x2apic+0x0/0x4a @ 1
[    1.732949] initcall validate_x2apic+0x0/0x4a returned 0 after 0 usecs
[    1.733924] calling  register_nmi_cpu_backtrace_handler+0x0/0x15 @ 1
[    1.734925] initcall register_nmi_cpu_backtrace_handler+0x0/0x15 returned 0 after 0 usecs
[    1.735925] calling  kvm_setup_vsyscall_timeinfo+0x0/0x34 @ 1
[    1.736923] initcall kvm_setup_vsyscall_timeinfo+0x0/0x34 returned 0 after 0 usecs
[    1.738984] calling  spawn_ksoftirqd+0x0/0x34 @ 1
[    1.740262] initcall spawn_ksoftirqd+0x0/0x34 returned 0 after 0 usecs
[    1.740923] calling  trace_init_flags_sys_enter+0x0/0xe @ 1
[    1.741923] initcall trace_init_flags_sys_enter+0x0/0xe returned 0 after 0 usecs
[    1.742922] calling  trace_init_flags_sys_exit+0x0/0xe @ 1
[    1.744921] initcall trace_init_flags_sys_exit+0x0/0xe returned 0 after 0 usecs
[    1.745921] calling  init_kprobes+0x0/0x14d @ 1
[    1.750662] initcall init_kprobes+0x0/0x14d returned 0 after 2929 usecs
[    1.752916] calling  init_events+0x0/0x3d @ 1
[    1.756398] initcall init_events+0x0/0x3d returned 0 after 976 usecs
[    1.756923] calling  init_trace_printk+0x0/0xc @ 1
[    1.758109] initcall init_trace_printk+0x0/0xc returned 0 after 0 usecs
[    1.759921] calling  event_trace_enable_again+0x0/0x23 @ 1
[    1.760993] initcall event_trace_enable_again+0x0/0x23 returned 0 after 0 usecs
[    1.761924] calling  static_call_init+0x0/0x6d @ 1
[    1.763923] initcall static_call_init+0x0/0x6d returned 0 after 976 usecs
[    1.764924] calling  jump_label_init_module+0x0/0xc @ 1
[    1.766924] initcall jump_label_init_module+0x0/0xc returned 0 after 0 usecs
[    1.767925] calling  init_zero_pfn+0x0/0x37 @ 1
[    1.768981] initcall init_zero_pfn+0x0/0x37 returned 0 after 0 usecs
[    1.771071] calling  initialize_ptr_random+0x0/0x54 @ 1
[    1.772922] initcall initialize_ptr_random+0x0/0x54 returned 0 after 976 usecs
[    1.774993] calling  efi_memreserve_root_init+0x0/0x25 @ 1
[    1.776174] initcall efi_memreserve_root_init+0x0/0x25 returned 0 after 0 usecs
[    1.776990] calling  efi_earlycon_remap_fb+0x0/0x51 @ 1
[    1.778993] initcall efi_earlycon_remap_fb+0x0/0x51 returned 0 after 0 usecs
[    1.942114] devtmpfs: initialized
[    1.953085] calling  ipc_ns_init+0x0/0x3d @ 1
[    1.954390] initcall ipc_ns_init+0x0/0x3d returned 0 after 0 usecs
[    1.954961] calling  init_mmap_min_addr+0x0/0x21 @ 1
[    1.955921] initcall init_mmap_min_addr+0x0/0x21 returned 0 after 0 usecs
[    1.956920] calling  pci_realloc_setup_params+0x0/0x3f @ 1
[    1.957921] initcall pci_realloc_setup_params+0x0/0x3f returned 0 after 0 usecs
[    1.958921] calling  net_ns_init+0x0/0x11c @ 1
[    1.962260] initcall net_ns_init+0x0/0x11c returned 0 after 1953 usecs
[    1.963039] calling  e820__register_nvs_regions+0x0/0x37 @ 1
[    1.964041] initcall e820__register_nvs_regions+0x0/0x37 returned 0 after 0 usecs
[    1.964979] calling  cpufreq_register_tsc_scaling+0x0/0x2e @ 1
[    1.965950] initcall cpufreq_register_tsc_scaling+0x0/0x2e returned 0 after 0 usecs
[    1.966922] calling  reboot_init+0x0/0x3c @ 1
[    1.969365] initcall reboot_init+0x0/0x3c returned 0 after 976 usecs
[    1.969921] calling  init_lapic_sysfs+0x0/0x20 @ 1
[    1.971920] initcall init_lapic_sysfs+0x0/0x20 returned 0 after 976 usecs
[    1.972922] calling  wq_sysfs_init+0x0/0x2a @ 1
[    1.975765] initcall wq_sysfs_init+0x0/0x2a returned 0 after 976 usecs
[    1.975921] calling  ksysfs_init+0x0/0x92 @ 1
[    1.976928] initcall ksysfs_init+0x0/0x92 returned 0 after 0 usecs
[    1.977921] calling  pm_init+0x0/0x76 @ 1
[    1.980251] initcall pm_init+0x0/0x76 returned 0 after 976 usecs
[    1.980920] calling  pm_disk_init+0x0/0x13 @ 1
[    1.982988] initcall pm_disk_init+0x0/0x13 returned 0 after 976 usecs
[    1.983922] calling  swsusp_header_init+0x0/0x2b @ 1
[    1.984923] initcall swsusp_header_init+0x0/0x2b returned 0 after 0 usecs
[    1.985920] calling  rcu_set_runtime_mode+0x0/0x11 @ 1
[    1.986968] initcall rcu_set_runtime_mode+0x0/0x11 returned 0 after 0 usecs
[    1.987923] calling  init_jiffies_clocksource+0x0/0x13 @ 1
[    1.988975] clocksource: jiffies: mask: 0xffffffff max_cycles: 0xffffffff, max_idle_ns: 1911260446275000 ns
[    1.989924] initcall init_jiffies_clocksource+0x0/0x13 returned 0 after 976 usecs
[    1.990922] calling  futex_init+0x0/0xd5 @ 1
[    1.991975] futex hash table entries: 256 (order: 0, 6144 bytes, linear)
[    1.993433] initcall futex_init+0x0/0xd5 returned 0 after 976 usecs
[    1.993924] calling  cgroup_wq_init+0x0/0x28 @ 1
[    1.995927] initcall cgroup_wq_init+0x0/0x28 returned 0 after 976 usecs
[    1.996922] calling  cgroup1_wq_init+0x0/0x28 @ 1
[    1.997926] initcall cgroup1_wq_init+0x0/0x28 returned 0 after 0 usecs
[    1.998921] calling  init_kprobe_trace_early+0x0/0x2a @ 1
[    1.999971] initcall init_kprobe_trace_early+0x0/0x2a returned 0 after 0 usecs
[    2.000923] calling  fsnotify_init+0x0/0x48 @ 1
[    2.001929] initcall fsnotify_init+0x0/0x48 returned 0 after 0 usecs
[    2.002921] calling  filelock_init+0x0/0x60 @ 1
[    2.003984] initcall filelock_init+0x0/0x60 returned 0 after 0 usecs
[    2.004922] calling  init_misc_binfmt+0x0/0x2c @ 1
[    2.005975] initcall init_misc_binfmt+0x0/0x2c returned 0 after 0 usecs
[    2.006984] calling  init_script_binfmt+0x0/0x15 @ 1
[    2.007921] initcall init_script_binfmt+0x0/0x15 returned 0 after 0 usecs
[    2.008921] calling  init_elf_binfmt+0x0/0x15 @ 1
[    2.009921] initcall init_elf_binfmt+0x0/0x15 returned 0 after 0 usecs
[    2.010921] calling  init_compat_elf_binfmt+0x0/0x15 @ 1
[    2.011921] initcall init_compat_elf_binfmt+0x0/0x15 returned 0 after 0 usecs
[    2.012921] calling  debugfs_init+0x0/0x5c @ 1
[    2.015543] initcall debugfs_init+0x0/0x5c returned 0 after 0 usecs
[    2.015920] calling  tracefs_init+0x0/0x3a @ 1
[    2.017960] initcall tracefs_init+0x0/0x3a returned 0 after 976 usecs
[    2.018924] calling  prandom_init_early+0x0/0x111 @ 1
[    2.020126] initcall prandom_init_early+0x0/0x111 returned 0 after 0 usecs
[    2.022545] calling  virtio_init+0x0/0x20 @ 1
[    2.024997] initcall virtio_init+0x0/0x20 returned 0 after 0 usecs
[    2.025922] calling  iommu_init+0x0/0x2a @ 1
[    2.027039] initcall iommu_init+0x0/0x2a returned 0 after 0 usecs
[    2.027920] calling  component_debug_init+0x0/0x1c @ 1
[    2.031328] initcall component_debug_init+0x0/0x1c returned 0 after 1953 usecs
[    2.031922] calling  early_resume_init+0x0/0xb9 @ 1
[    2.033920] PM: RTC time: 03:48:43, date: 2022-12-13
[    2.035013] initcall early_resume_init+0x0/0xb9 returned 0 after 1953 usecs
[    2.035922] calling  cpufreq_core_init+0x0/0x62 @ 1
[    2.038012] initcall cpufreq_core_init+0x0/0x62 returned 0 after 976 usecs
[    2.038922] calling  cpufreq_gov_performance_init+0x0/0xc @ 1
[    2.039967] initcall cpufreq_gov_performance_init+0x0/0xc returned 0 after 0 usecs
[    2.040921] calling  cpufreq_gov_userspace_init+0x0/0xc @ 1
[    2.041922] initcall cpufreq_gov_userspace_init+0x0/0xc returned 0 after 0 usecs
[    2.042923] calling  CPU_FREQ_GOV_ONDEMAND_init+0x0/0xc @ 1
[    2.043922] initcall CPU_FREQ_GOV_ONDEMAND_init+0x0/0xc returned 0 after 0 usecs
[    2.044922] calling  cpuidle_init+0x0/0x1f @ 1
[    2.046132] initcall cpuidle_init+0x0/0x1f returned 0 after 0 usecs
[    2.046921] calling  capsule_reboot_register+0x0/0xc @ 1
[    2.047922] initcall capsule_reboot_register+0x0/0xc returned 0 after 0 usecs
[    2.048921] calling  sock_init+0x0/0x93 @ 1
[    2.053028] initcall sock_init+0x0/0x93 returned 0 after 2929 usecs
[    2.053922] calling  net_inuse_init+0x0/0x23 @ 1
[    2.055926] initcall net_inuse_init+0x0/0x23 returned 0 after 976 usecs
[    2.056920] calling  net_defaults_init+0x0/0x23 @ 1
[    2.057921] initcall net_defaults_init+0x0/0x23 returned 0 after 0 usecs
[    2.058920] calling  init_default_flow_dissectors+0x0/0x4f @ 1
[    2.059921] initcall init_default_flow_dissectors+0x0/0x4f returned 0 after 0 usecs
[    2.060920] calling  netpoll_init+0x0/0x25 @ 1
[    2.061921] initcall netpoll_init+0x0/0x25 returned 0 after 0 usecs
[    2.062921] calling  netlink_proto_init+0x0/0x14f @ 1
[    2.065973] NET: Registered protocol family 16
[    2.067634] initcall netlink_proto_init+0x0/0x14f returned 0 after 2929 usecs
[    2.067926] calling  genl_init+0x0/0x35 @ 1
[    2.069071] initcall genl_init+0x0/0x35 returned 0 after 0 usecs
[    2.069923] calling  bsp_pm_check_init+0x0/0x13 @ 1
[    2.071034] initcall bsp_pm_check_init+0x0/0x13 returned 0 after 0 usecs
[    2.072094] calling  irq_sysfs_init+0x0/0xb7 @ 1
[    2.074140] initcall irq_sysfs_init+0x0/0xb7 returned 0 after 976 usecs
[    2.074921] calling  audit_init+0x0/0x15d @ 1
[    2.075926] audit: initializing netlink subsys (disabled)
[    2.078361] initcall audit_init+0x0/0x15d returned 0 after 1953 usecs
[    2.078923] calling  release_early_probes+0x0/0x32 @ 1
[    2.079921] initcall release_early_probes+0x0/0x32 returned 0 after 0 usecs
[    2.080921] calling  bdi_class_init+0x0/0x48 @ 1
[    2.081938] initcall bdi_class_init+0x0/0x48 returned 0 after 0 usecs
[    2.082921] calling  mm_sysfs_init+0x0/0x28 @ 1
[    2.083969] initcall mm_sysfs_init+0x0/0x28 returned 0 after 0 usecs
[    2.084923] calling  init_per_zone_wmark_min+0x0/0x5e @ 1
[    2.086059] initcall init_per_zone_wmark_min+0x0/0x5e returned 0 after 0 usecs
[    2.086926] calling  mpi_init+0x0/0x3e @ 1
[    2.088009] initcall mpi_init+0x0/0x3e returned 0 after 0 usecs
[    2.088922] calling  kobject_uevent_init+0x0/0xc @ 1
[    2.090145] initcall kobject_uevent_init+0x0/0xc returned 0 after 0 usecs
[    2.090923] calling  pcibus_class_init+0x0/0x13 @ 1
[    2.092021] initcall pcibus_class_init+0x0/0x13 returned 0 after 0 usecs
[    2.093922] calling  pci_driver_init+0x0/0x21 @ 1
[    2.095009] initcall pci_driver_init+0x0/0x21 returned 0 after 0 usecs
[    2.096921] calling  backlight_class_init+0x0/0xa8 @ 1
[    2.097957] initcall backlight_class_init+0x0/0xa8 returned 0 after 0 usecs
[    2.098923] calling  tty_class_init+0x0/0x33 @ 1
[    2.099971] initcall tty_class_init+0x0/0x33 returned 0 after 0 usecs
[    2.100922] calling  vtconsole_class_init+0x0/0xb5 @ 1
[    2.102106] initcall vtconsole_class_init+0x0/0xb5 returned 0 after 0 usecs
[    2.102921] calling  iommu_dev_init+0x0/0x13 @ 1
[    2.103944] initcall iommu_dev_init+0x0/0x13 returned 0 after 0 usecs
[    2.105923] calling  mipi_dsi_bus_init+0x0/0xc @ 1
[    2.106982] initcall mipi_dsi_bus_init+0x0/0xc returned 0 after 0 usecs
[    2.107921] calling  devlink_class_init+0x0/0x40 @ 1
[    2.108953] initcall devlink_class_init+0x0/0x40 returned 0 after 0 usecs
[    2.109922] calling  software_node_init+0x0/0x2a @ 1
[    2.110925] initcall software_node_init+0x0/0x2a returned 0 after 0 usecs
[    2.111920] calling  wakeup_sources_debugfs_init+0x0/0x23 @ 1
[    2.112927] initcall wakeup_sources_debugfs_init+0x0/0x23 returned 0 after 0 usecs
[    2.113920] calling  wakeup_sources_sysfs_init+0x0/0x2c @ 1
[    2.114930] initcall wakeup_sources_sysfs_init+0x0/0x2c returned 0 after 0 usecs
[    2.115919] calling  regmap_initcall+0x0/0xc @ 1
[    2.116981] initcall regmap_initcall+0x0/0xc returned 0 after 0 usecs
[    2.117920] calling  i2c_init+0x0/0xb3 @ 1
[    2.119116] initcall i2c_init+0x0/0xb3 returned 0 after 0 usecs
[    2.119921] calling  thermal_init+0x0/0xf2 @ 1
[    2.120998] thermal_sys: Registered thermal governor 'step_wise'
[    2.120999] thermal_sys: Registered thermal governor 'user_space'
[    2.121928] initcall thermal_init+0x0/0xf2 returned 0 after 976 usecs
[    2.123921] calling  init_menu+0x0/0xc @ 1
[    2.124931] cpuidle: using governor menu
[    2.125920] initcall init_menu+0x0/0xc returned 0 after 976 usecs
[    2.126919] calling  pcc_init+0x0/0x4d @ 1
[    2.127992] initcall pcc_init+0x0/0x4d returned -19 after 0 usecs
[    2.128920] calling  amd_postcore_init+0x0/0x11e @ 1
[    2.129930] initcall amd_postcore_init+0x0/0x11e returned 0 after 0 usecs
[    2.130948] calling  bts_init+0x0/0xba @ 1
[    2.131955] initcall bts_init+0x0/0xba returned -19 after 0 usecs
[    2.132921] calling  pt_init+0x0/0x2ef @ 1
[    2.133940] initcall pt_init+0x0/0x2ef returned -19 after 0 usecs
[    2.134922] calling  boot_params_ksysfs_init+0x0/0x2ee @ 1
[    2.135981] initcall boot_params_ksysfs_init+0x0/0x2ee returned 0 after 0 usecs
[    2.136920] calling  sbf_init+0x0/0xb9 @ 1
[    2.137921] initcall sbf_init+0x0/0xb9 returned 0 after 0 usecs
[    2.138921] calling  arch_kdebugfs_init+0x0/0x219 @ 1
[    2.139969] initcall arch_kdebugfs_init+0x0/0x219 returned 0 after 0 usecs
[    2.140922] calling  intel_pconfig_init+0x0/0x85 @ 1
[    2.141946] initcall intel_pconfig_init+0x0/0x85 returned 0 after 0 usecs
[    2.142920] calling  mtrr_if_init+0x0/0x5d @ 1
[    2.143936] initcall mtrr_if_init+0x0/0x5d returned 0 after 0 usecs
[    2.144921] calling  activate_jump_labels+0x0/0x31 @ 1
[    2.145933] initcall activate_jump_labels+0x0/0x31 returned 0 after 0 usecs
[    2.146923] calling  ffh_cstate_init+0x0/0x29 @ 1
[    2.147926] initcall ffh_cstate_init+0x0/0x29 returned 0 after 0 usecs
[    2.148922] calling  activate_jump_labels+0x0/0x31 @ 1
[    2.150121] initcall activate_jump_labels+0x0/0x31 returned 0 after 0 usecs
[    2.150921] calling  kvm_alloc_cpumask+0x0/0x2b @ 1
[    2.151955] initcall kvm_alloc_cpumask+0x0/0x2b returned 0 after 0 usecs
[    2.152923] calling  kcmp_cookies_init+0x0/0x37 @ 1
[    2.153925] initcall kcmp_cookies_init+0x0/0x37 returned 0 after 0 usecs
[    2.154923] calling  cryptomgr_init+0x0/0xc @ 1
[    2.155949] initcall cryptomgr_init+0x0/0xc returned 0 after 0 usecs
[    2.156921] calling  acpi_pci_init+0x0/0x57 @ 1
[    2.157919] ACPI: bus type PCI registered
[    2.158921] initcall acpi_pci_init+0x0/0x57 returned 0 after 976 usecs
[    2.159925] calling  dma_channel_table_init+0x0/0xce @ 1
[    2.160927] initcall dma_channel_table_init+0x0/0xce returned 0 after 0 usecs
[    2.161923] calling  dma_bus_init+0x0/0xdc @ 1
[    2.163934] initcall dma_bus_init+0x0/0xdc returned 0 after 976 usecs
[    2.165011] calling  iommu_dma_init+0x0/0x10 @ 1
[    2.165937] initcall iommu_dma_init+0x0/0x10 returned 0 after 0 usecs
[    2.166920] calling  dmi_id_init+0x0/0x37c @ 1
[    2.168137] initcall dmi_id_init+0x0/0x37c returned 0 after 0 usecs
[    2.168921] calling  pci_arch_init+0x0/0x71 @ 1
[    2.170652] PCI: MMCONFIG for domain 0000 [bus 00-ff] at [mem 0xb0000000-0xbfffffff] (base 0xb0000000)
[    2.170923] PCI: MMCONFIG at [mem 0xb0000000-0xbfffffff] reserved in E820
[    2.174049] PCI: Using configuration type 1 for base access
[    2.174983] initcall pci_arch_init+0x0/0x71 returned 0 after 4882 usecs
[    2.175951] calling  init_vdso+0x0/0x13 @ 1
[    2.176964] initcall init_vdso+0x0/0x13 returned 0 after 0 usecs
[    2.177920] calling  sysenter_setup+0x0/0x13 @ 1
[    2.178954] initcall sysenter_setup+0x0/0x13 returned 0 after 0 usecs
[    2.179921] calling  fixup_ht_bug+0x0/0x7f @ 1
[    2.180954] initcall fixup_ht_bug+0x0/0x7f returned 0 after 0 usecs
[    2.181923] calling  topology_init+0x0/0x15 @ 1
[    2.183046] initcall topology_init+0x0/0x15 returned 0 after 0 usecs
[    2.183923] calling  intel_epb_init+0x0/0x68 @ 1
[    2.184921] initcall intel_epb_init+0x0/0x68 returned -19 after 0 usecs
[    2.186921] calling  mtrr_init_finialize+0x0/0x3e @ 1
[    2.187949] initcall mtrr_init_finialize+0x0/0x3e returned 0 after 0 usecs
[    2.188923] calling  uid_cache_init+0x0/0x6f @ 1
[    2.189927] initcall uid_cache_init+0x0/0x6f returned 0 after 0 usecs
[    2.190922] calling  param_sysfs_init+0x0/0x1ba @ 1
[    2.194805] initcall param_sysfs_init+0x0/0x1ba returned 0 after 1953 usecs
[    2.194923] calling  user_namespace_sysctl_init+0x0/0x33 @ 1
[    2.196116] initcall user_namespace_sysctl_init+0x0/0x33 returned 0 after 0 usecs
[    2.196924] calling  proc_schedstat_init+0x0/0x24 @ 1
[    2.197927] initcall proc_schedstat_init+0x0/0x24 returned 0 after 0 usecs
[    2.198921] calling  pm_sysrq_init+0x0/0x18 @ 1
[    2.199920] initcall pm_sysrq_init+0x0/0x18 returned 0 after 0 usecs
[    2.201120] calling  create_proc_profile+0x0/0x50 @ 1
[    2.201923] initcall create_proc_profile+0x0/0x50 returned 0 after 0 usecs
[    2.202921] calling  time_ns_init+0x0/0x7 @ 1
[    2.203920] initcall time_ns_init+0x0/0x7 returned 0 after 0 usecs
[    2.205921] calling  crash_save_vmcoreinfo_init+0x0/0x756 @ 1
[    2.207085] initcall crash_save_vmcoreinfo_init+0x0/0x756 returned 0 after 0 usecs
[    2.207921] calling  crash_notes_memory_init+0x0/0x35 @ 1
[    2.208924] initcall crash_notes_memory_init+0x0/0x35 returned 0 after 0 usecs
[    2.209920] calling  cgroup_sysfs_init+0x0/0x13 @ 1
[    2.210944] initcall cgroup_sysfs_init+0x0/0x13 returned 0 after 0 usecs
[    2.211921] calling  cgroup_namespaces_init+0x0/0x7 @ 1
[    2.212920] initcall cgroup_namespaces_init+0x0/0x7 returned 0 after 0 usecs
[    2.213920] calling  init_optprobes+0x0/0x13 @ 1
[    2.215918] Kprobes globally optimized
[    2.216920] initcall init_optprobes+0x0/0x13 returned 0 after 1953 usecs
[    2.217920] calling  oom_init+0x0/0x2f @ 1
[    2.219084] audit: type=2000 audit(1670903322.094:1): state=initialized audit_enabled=0 res=1
[    2.219944] initcall oom_init+0x0/0x2f returned 0 after 976 usecs
[    2.220920] calling  default_bdi_init+0x0/0x35 @ 1
[    2.222041] initcall default_bdi_init+0x0/0x35 returned 0 after 0 usecs
[    2.222922] calling  percpu_enable_async+0x0/0xe @ 1
[    2.223921] initcall percpu_enable_async+0x0/0xe returned 0 after 0 usecs
[    2.224923] calling  kcompactd_init+0x0/0x46 @ 1
[    2.227105] initcall kcompactd_init+0x0/0x46 returned 0 after 976 usecs
[    2.228041] calling  init_user_reserve+0x0/0x30 @ 1
[    2.228961] initcall init_user_reserve+0x0/0x30 returned 0 after 0 usecs
[    2.230923] calling  init_admin_reserve+0x0/0x30 @ 1
[    2.231922] initcall init_admin_reserve+0x0/0x30 returned 0 after 0 usecs
[    2.232922] calling  init_reserve_notifier+0x0/0x7 @ 1
[    2.233922] initcall init_reserve_notifier+0x0/0x7 returned 0 after 0 usecs
[    2.234923] calling  swap_init_sysfs+0x0/0x62 @ 1
[    2.235960] initcall swap_init_sysfs+0x0/0x62 returned 0 after 0 usecs
[    2.236921] calling  swapfile_init+0x0/0x46 @ 1
[    2.237922] initcall swapfile_init+0x0/0x46 returned 0 after 0 usecs
[    2.238922] calling  hugetlb_init+0x0/0x411 @ 1
[    2.239958] HugeTLB registered 2.00 MiB page size, pre-allocated 0 pages
[    2.240946] initcall hugetlb_init+0x0/0x411 returned 0 after 976 usecs
[    2.241921] calling  io_wq_init+0x0/0x34 @ 1
[    2.242921] initcall io_wq_init+0x0/0x34 returned 0 after 0 usecs
[    2.243921] calling  seqiv_module_init+0x0/0xc @ 1
[    2.244976] initcall seqiv_module_init+0x0/0xc returned 0 after 0 usecs
[    2.245921] calling  echainiv_module_init+0x0/0xc @ 1
[    2.246921] initcall echainiv_module_init+0x0/0xc returned 0 after 0 usecs
[    2.247979] calling  rsa_init+0x0/0x50 @ 1
[    2.252680] cryptomgr_test (17) used greatest stack depth: 15544 bytes left
[    2.253250] initcall rsa_init+0x0/0x50 returned 0 after 2929 usecs
[    2.255164] calling  crypto_cmac_module_init+0x0/0xc @ 1
[    2.255950] initcall crypto_cmac_module_init+0x0/0xc returned 0 after 0 usecs
[    2.256923] calling  hmac_module_init+0x0/0xc @ 1
[    2.257925] initcall hmac_module_init+0x0/0xc returned 0 after 0 usecs
[    2.258924] calling  crypto_null_mod_init+0x0/0x65 @ 1
[    2.260079] initcall crypto_null_mod_init+0x0/0x65 returned 0 after 0 usecs
[    2.260923] calling  md5_mod_init+0x0/0xc @ 1
[    2.261965] initcall md5_mod_init+0x0/0xc returned 0 after 0 usecs
[    2.262922] calling  sha256_generic_mod_init+0x0/0x11 @ 1
[    2.263991] initcall sha256_generic_mod_init+0x0/0x11 returned 0 after 0 usecs
[    2.264926] calling  crypto_cbc_module_init+0x0/0xc @ 1
[    2.265927] initcall crypto_cbc_module_init+0x0/0xc returned 0 after 0 usecs
[    2.266923] calling  crypto_ctr_module_init+0x0/0x11 @ 1
[    2.267948] initcall crypto_ctr_module_init+0x0/0x11 returned 0 after 0 usecs
[    2.268922] calling  crypto_gcm_module_init+0x0/0x64 @ 1
[    2.269952] initcall crypto_gcm_module_init+0x0/0x64 returned 0 after 0 usecs
[    2.270924] calling  crypto_ccm_module_init+0x0/0x11 @ 1
[    2.271925] initcall crypto_ccm_module_init+0x0/0x11 returned 0 after 0 usecs
[    2.272923] calling  aes_init+0x0/0xc @ 1
[    2.274001] initcall aes_init+0x0/0xc returned 0 after 0 usecs
[    2.274923] calling  crc32c_mod_init+0x0/0xc @ 1
[    2.275977] initcall crc32c_mod_init+0x0/0xc returned 0 after 0 usecs
[    2.276926] calling  crypto_authenc_module_init+0x0/0xc @ 1
[    2.277925] initcall crypto_authenc_module_init+0x0/0xc returned 0 after 0 usecs
[    2.278923] calling  crypto_authenc_esn_module_init+0x0/0xc @ 1
[    2.279924] initcall crypto_authenc_esn_module_init+0x0/0xc returned 0 after 0 usecs
[    2.280922] calling  drbg_init+0x0/0x7c @ 1
[    2.282102] initcall drbg_init+0x0/0x7c returned 0 after 0 usecs
[    2.282922] calling  ghash_mod_init+0x0/0xc @ 1
[    2.283961] initcall ghash_mod_init+0x0/0xc returned 0 after 0 usecs
[    2.284922] calling  init_bio+0x0/0x9a @ 1
[    2.286332] initcall init_bio+0x0/0x9a returned 0 after 0 usecs
[    2.286921] calling  blk_settings_init+0x0/0x29 @ 1
[    2.287921] initcall blk_settings_init+0x0/0x29 returned 0 after 0 usecs
[    2.288921] calling  blk_ioc_init+0x0/0x29 @ 1
[    2.289924] initcall blk_ioc_init+0x0/0x29 returned 0 after 0 usecs
[    2.290921] calling  blk_mq_init+0x0/0x96 @ 1
[    2.291940] initcall blk_mq_init+0x0/0x96 returned 0 after 0 usecs
[    2.292921] calling  genhd_device_init+0x0/0x75 @ 1
[    2.295564] initcall genhd_device_init+0x0/0x75 returned 0 after 976 usecs
[    2.296023] calling  pci_slot_init+0x0/0x40 @ 1
[    2.298921] initcall pci_slot_init+0x0/0x40 returned 0 after 976 usecs
[    2.299920] calling  fbmem_init+0x0/0xd8 @ 1
[    2.302154] initcall fbmem_init+0x0/0xd8 returned 0 after 976 usecs
[    2.302921] calling  acpi_init+0x0/0x316 @ 1
[    2.304918] ACPI: Added _OSI(Module Device)
[    2.305918] ACPI: Added _OSI(Processor Device)
[    2.306918] ACPI: Added _OSI(3.0 _SCP Extensions)
[    2.307920] ACPI: Added _OSI(Processor Aggregator Device)
[    2.308920] ACPI: Added _OSI(Linux-Dell-Video)
[    2.309920] ACPI: Added _OSI(Linux-Lenovo-NV-HDMI-Audio)
[    2.310919] ACPI: Added _OSI(Linux-HPI-Hybrid-Graphics)
[    2.315933] ACPI: 1 ACPI AML tables successfully acquired and loaded
[    2.321169] ACPI: Interpreter enabled
[    2.322109] ACPI: (supports S0 S3 S4 S5)
[    2.322945] ACPI: Using IOAPIC for interrupt routing
[    2.324963] PCI: Using host bridge windows from ACPI; if necessary, use "pci=nocrs" and report a bug
[    2.326182] ACPI: Enabled 2 GPEs in block 00 to 3F
[    2.332491] ACPI: PCI Root Bridge [PCI0] (domain 0000 [bus 00-ff])
[    2.333054] acpi PNP0A08:00: _OSC: OS supports [ExtendedConfig ASPM ClockPM Segments MSI HPX-Type3]
[    2.334227] acpi PNP0A08:00: _OSC: platform does not support [LTR]
[    2.335998] acpi PNP0A08:00: _OSC: OS now controls [PME PCIeCapability]
[    2.337101] PCI host bridge to bus 0000:00
[    2.337939] pci_bus 0000:00: root bus resource [io  0x0000-0x0cf7 window]
[    2.338922] pci_bus 0000:00: root bus resource [io  0x0d00-0xffff window]
[    2.339923] pci_bus 0000:00: root bus resource [mem 0x000a0000-0x000bffff window]
[    2.340924] pci_bus 0000:00: root bus resource [mem 0x20000000-0xafffffff window]
[    2.341923] pci_bus 0000:00: root bus resource [mem 0xc0000000-0xfebfffff window]
[    2.342922] pci_bus 0000:00: root bus resource [mem 0x100000000-0x8ffffffff window]
[    2.343923] pci_bus 0000:00: root bus resource [bus 00-ff]
[    2.346291] pci 0000:00:00.0: calling  quirk_mmio_always_on+0x0/0x10 @ 1
[    2.346924] pci 0000:00:00.0: quirk_mmio_always_on+0x0/0x10 took 0 usecs
[    2.347934] pci 0000:00:00.0: [8086:29c0] type 00 class 0x060000
[    2.352154] pci 0000:00:00.0: calling  quirk_igfx_skip_te_disable+0x0/0x80 @ 1
[    2.352924] pci 0000:00:00.0: quirk_igfx_skip_te_disable+0x0/0x80 took 0 usecs
[    2.355422] pci 0000:00:01.0: [1234:1111] type 00 class 0x030000
[    2.360338] pci 0000:00:01.0: reg 0x10: [mem 0xfd000000-0xfdffffff pref]
[    2.369412] pci 0000:00:01.0: reg 0x18: [mem 0xfebf0000-0xfebf0fff]
[    2.384104] pci 0000:00:01.0: reg 0x30: [mem 0xfebe0000-0xfebeffff pref]
[    2.386916] pci 0000:00:01.0: calling  efifb_fixup_resources+0x0/0xf0 @ 1
[    2.387943] pci 0000:00:01.0: efifb_fixup_resources+0x0/0xf0 took 0 usecs
[    2.394937] pci 0000:00:1f.0: [8086:2918] type 00 class 0x060100
[    2.401140] pci 0000:00:1f.0: calling  quirk_ich7_lpc+0x0/0x60 @ 1
[    2.403131] pci 0000:00:1f.0: quirk: [io  0x0600-0x067f] claimed by ICH6 ACPI/GPIO/TCO
[    2.404327] pci 0000:00:1f.0: quirk_ich7_lpc+0x0/0x60 took 976 usecs
[    2.405022] pci 0000:00:1f.0: calling  quirk_igfx_skip_te_disable+0x0/0x80 @ 1
[    2.405928] pci 0000:00:1f.0: quirk_igfx_skip_te_disable+0x0/0x80 took 0 usecs
[    2.409163] pci 0000:00:1f.2: [8086:2922] type 00 class 0x010601
[    2.417923] pci 0000:00:1f.2: reg 0x20: [io  0xc040-0xc05f]
[    2.420787] pci 0000:00:1f.2: reg 0x24: [mem 0xfebf1000-0xfebf1fff]
[    2.423118] pci 0000:00:1f.2: calling  quirk_igfx_skip_te_disable+0x0/0x80 @ 1
[    2.423928] pci 0000:00:1f.2: quirk_igfx_skip_te_disable+0x0/0x80 took 0 usecs
[    2.429510] pci 0000:00:1f.3: [8086:2930] type 00 class 0x0c0500
[    2.437226] pci 0000:00:1f.3: reg 0x20: [io  0x0700-0x073f]
[    2.441189] pci 0000:00:1f.3: calling  quirk_igfx_skip_te_disable+0x0/0x80 @ 1
[    2.441929] pci 0000:00:1f.3: quirk_igfx_skip_te_disable+0x0/0x80 took 0 usecs
[    2.444883] pci_bus 0000:00: on NUMA node 0
[    2.448324] ACPI: PCI Interrupt Link [LNKA] (IRQs 5 *10 11)
[    2.450045] ACPI: PCI Interrupt Link [LNKB] (IRQs 5 *10 11)
[    2.451297] ACPI: PCI Interrupt Link [LNKC] (IRQs 5 10 *11)
[    2.453293] ACPI: PCI Interrupt Link [LNKD] (IRQs 5 10 *11)
[    2.455127] ACPI: PCI Interrupt Link [LNKE] (IRQs 5 *10 11)
[    2.456934] ACPI: PCI Interrupt Link [LNKF] (IRQs 5 *10 11)
[    2.458317] ACPI: PCI Interrupt Link [LNKG] (IRQs 5 10 *11)
[    2.459319] ACPI: PCI Interrupt Link [LNKH] (IRQs 5 10 *11)
[    2.460098] ACPI: PCI Interrupt Link [GSIA] (IRQs *16)
[    2.461924] ACPI: PCI Interrupt Link [GSIB] (IRQs *17)
[    2.462929] ACPI: PCI Interrupt Link [GSIC] (IRQs *18)
[    2.463952] ACPI: PCI Interrupt Link [GSID] (IRQs *19)
[    2.464929] ACPI: PCI Interrupt Link [GSIE] (IRQs *20)
[    2.465972] ACPI: PCI Interrupt Link [GSIF] (IRQs *21)
[    2.466937] ACPI: PCI Interrupt Link [GSIG] (IRQs *22)
[    2.467932] ACPI: PCI Interrupt Link [GSIH] (IRQs *23)
[    2.471389] initcall acpi_init+0x0/0x316 returned 0 after 163085 usecs
[    2.472011] calling  pnp_init+0x0/0xc @ 1
[    2.472943] initcall pnp_init+0x0/0xc returned 0 after 0 usecs
[    2.473920] calling  misc_init+0x0/0xbf @ 1
[    2.475188] initcall misc_init+0x0/0xbf returned 0 after 0 usecs
[    2.475921] calling  iommu_subsys_init+0x0/0x4e @ 1
[    2.477041] iommu: Default domain type: Translated 
[    2.478923] initcall iommu_subsys_init+0x0/0x4e returned 0 after 1953 usecs
[    2.479922] calling  vga_arb_device_init+0x0/0x26c @ 1
[    2.482184] pci 0000:00:01.0: vgaarb: setting as boot VGA device
[    2.482916] pci 0000:00:01.0: vgaarb: VGA device added: decodes=io+mem,owns=io+mem,locks=none
[    2.482920] pci 0000:00:01.0: vgaarb: bridge control possible
[    2.483919] vgaarb: loaded
[    2.484922] initcall vga_arb_device_init+0x0/0x26c returned 0 after 3906 usecs
[    2.486022] calling  cn_init+0x0/0xf0 @ 1
[    2.488078] initcall cn_init+0x0/0xf0 returned 0 after 976 usecs
[    2.488949] calling  dma_buf_init+0x0/0xad @ 1
[    2.492132] initcall dma_buf_init+0x0/0xad returned 0 after 976 usecs
[    2.492925] calling  init_scsi+0x0/0x79 @ 1
[    2.495003] SCSI subsystem initialized
[    2.495925] initcall init_scsi+0x0/0x79 returned 0 after 1953 usecs
[    2.496924] calling  ata_init+0x0/0x332 @ 1
[    2.499735] libata version 3.00 loaded.
[    2.499922] initcall ata_init+0x0/0x332 returned 0 after 1953 usecs
[    2.500922] calling  phy_init+0x0/0x250 @ 1
[    2.503104] initcall phy_init+0x0/0x250 returned 0 after 976 usecs
[    2.503923] calling  init_pcmcia_cs+0x0/0x35 @ 1
[    2.505070] initcall init_pcmcia_cs+0x0/0x35 returned 0 after 0 usecs
[    2.505924] calling  usb_common_init+0x0/0x1c @ 1
[    2.506948] initcall usb_common_init+0x0/0x1c returned 0 after 0 usecs
[    2.507923] calling  usb_init+0x0/0x12e @ 1
[    2.509028] ACPI: bus type USB registered
[    2.511084] usbcore: registered new interface driver usbfs
[    2.512930] usbcore: registered new interface driver hub
[    2.513960] usbcore: registered new device driver usb
[    2.514924] initcall usb_init+0x0/0x12e returned 0 after 5859 usecs
[    2.515922] calling  serio_init+0x0/0x29 @ 1
[    2.517130] initcall serio_init+0x0/0x29 returned 0 after 0 usecs
[    2.517923] calling  input_init+0x0/0xf6 @ 1
[    2.519298] initcall input_init+0x0/0xf6 returned 0 after 0 usecs
[    2.519924] calling  rtc_init+0x0/0x4d @ 1
[    2.521004] initcall rtc_init+0x0/0x4d returned 0 after 0 usecs
[    2.521921] calling  pps_init+0x0/0xa9 @ 1
[    2.522956] pps_core: LinuxPPS API ver. 1 registered
[    2.523918] pps_core: Software ver. 5.3.6 - Copyright 2005-2007 Rodolfo Giometti <giometti@linux.it>
[    2.524923] initcall pps_init+0x0/0xa9 returned 0 after 1953 usecs
[    2.525921] calling  ptp_init+0x0/0x98 @ 1
[    2.526929] PTP clock support registered
[    2.527921] initcall ptp_init+0x0/0x98 returned 0 after 976 usecs
[    2.528921] calling  power_supply_class_init+0x0/0x3f @ 1
[    2.529998] initcall power_supply_class_init+0x0/0x3f returned 0 after 0 usecs
[    2.530923] calling  hwmon_init+0x0/0x104 @ 1
[    2.533151] initcall hwmon_init+0x0/0x104 returned 0 after 976 usecs
[    2.533922] calling  md_init+0x0/0x16b @ 1
[    2.535264] initcall md_init+0x0/0x16b returned 0 after 0 usecs
[    2.535924] calling  leds_init+0x0/0x3b @ 1
[    2.536956] initcall leds_init+0x0/0x3b returned 0 after 0 usecs
[    2.537922] calling  dmi_init+0x0/0x113 @ 1
[    2.539078] initcall dmi_init+0x0/0x113 returned 0 after 0 usecs
[    2.539922] calling  efisubsys_init+0x0/0x4e6 @ 1
[    2.540951] initcall efisubsys_init+0x0/0x4e6 returned 0 after 0 usecs
[    2.541964] calling  nvmem_init+0x0/0xc @ 1
[    2.542971] initcall nvmem_init+0x0/0xc returned 0 after 0 usecs
[    2.543921] calling  init_soundcore+0x0/0x33 @ 1
[    2.544944] initcall init_soundcore+0x0/0x33 returned 0 after 0 usecs
[    2.545921] calling  alsa_sound_init+0x0/0x8f @ 1
[    2.547037] Advanced Linux Sound Architecture Driver Initialized.
[    2.547922] initcall alsa_sound_init+0x0/0x8f returned 0 after 976 usecs
[    2.548921] calling  alsa_seq_device_init+0x0/0x71 @ 1
[    2.549990] initcall alsa_seq_device_init+0x0/0x71 returned 0 after 0 usecs
[    2.550921] calling  hda_bus_init+0x0/0xc @ 1
[    2.552011] initcall hda_bus_init+0x0/0xc returned 0 after 0 usecs
[    2.552922] calling  proto_init+0x0/0xc @ 1
[    2.553967] initcall proto_init+0x0/0xc returned 0 after 0 usecs
[    2.554921] calling  net_dev_init+0x0/0x1cc @ 1
[    2.558645] initcall net_dev_init+0x0/0x1cc returned 0 after 1953 usecs
[    2.558923] calling  neigh_init+0x0/0x84 @ 1
[    2.559925] initcall neigh_init+0x0/0x84 returned 0 after 0 usecs
[    2.560922] calling  fib_notifier_init+0x0/0xc @ 1
[    2.561928] initcall fib_notifier_init+0x0/0xc returned 0 after 0 usecs
[    2.562922] calling  fib_rules_init+0x0/0xab @ 1
[    2.563964] initcall fib_rules_init+0x0/0xab returned 0 after 0 usecs
[    2.564936] calling  pktsched_init+0x0/0x10e @ 1
[    2.565957] initcall pktsched_init+0x0/0x10e returned 0 after 0 usecs
[    2.566920] calling  tc_filter_init+0x0/0xfa @ 1
[    2.567959] initcall tc_filter_init+0x0/0xfa returned 0 after 0 usecs
[    2.568921] calling  tc_action_init+0x0/0x54 @ 1
[    2.569922] initcall tc_action_init+0x0/0x54 returned 0 after 0 usecs
[    2.570921] calling  ethnl_init+0x0/0x52 @ 1
[    2.572924] initcall ethnl_init+0x0/0x52 returned 0 after 976 usecs
[    2.573928] calling  nexthop_init+0x0/0xd8 @ 1
[    2.575011] initcall nexthop_init+0x0/0xd8 returned 0 after 0 usecs
[    2.576936] calling  cipso_v4_init+0x0/0x5a @ 1
[    2.577971] initcall cipso_v4_init+0x0/0x5a returned 0 after 0 usecs
[    2.578923] calling  ieee80211_init+0x0/0x24 @ 1
[    2.580034] initcall ieee80211_init+0x0/0x24 returned 0 after 0 usecs
[    2.580923] calling  netlbl_init+0x0/0x78 @ 1
[    2.581933] NetLabel: Initializing
[    2.582918] NetLabel:  domain hash size = 128
[    2.583918] NetLabel:  protocols = UNLABELED CIPSOv4 CALIPSO
[    2.585154] NetLabel:  unlabeled traffic allowed by default
[    2.585925] initcall netlbl_init+0x0/0x78 returned 0 after 3906 usecs
[    2.586925] calling  rfkill_init+0x0/0x111 @ 1
[    2.588082] initcall rfkill_init+0x0/0x111 returned 0 after 0 usecs
[    2.588924] calling  pci_subsys_init+0x0/0x66 @ 1
[    2.589997] PCI: Using ACPI for IRQ routing
[    3.333115] PCI: pci_cache_line_size set to 64 bytes
[    3.335367] e820: reserve RAM buffer [mem 0x0009fc00-0x0009ffff]
[    3.335963] e820: reserve RAM buffer [mem 0x1ffdf000-0x1fffffff]
[    3.337959] initcall pci_subsys_init+0x0/0x66 returned 0 after 730468 usecs
[    3.341380] calling  nmi_warning_debugfs+0x0/0x26 @ 1
[    3.341973] initcall nmi_warning_debugfs+0x0/0x26 returned 0 after 0 usecs
[    3.342937] calling  save_microcode_in_initrd+0x0/0x51 @ 1
[    3.344052] initcall save_microcode_in_initrd+0x0/0x51 returned 0 after 0 usecs
[    3.344923] calling  hpet_late_init+0x0/0x1f6 @ 1
[    3.346131] hpet: 3 channels of 0 reserved for per-cpu timers
[    3.347053] hpet0: at MMIO 0xfed00000, IRQs 2, 8, 0
[    3.347919] hpet0: 3 comparators, 64-bit 100.000000 MHz counter
[    3.353923] initcall hpet_late_init+0x0/0x1f6 returned 0 after 7812 usecs
[    3.354924] calling  init_amd_nbs+0x0/0x11c @ 1
[    3.355926] initcall init_amd_nbs+0x0/0x11c returned 0 after 0 usecs
[    3.356941] calling  clocksource_done_booting+0x0/0x41 @ 1
[    3.357984] clocksource: Switched to clocksource kvm-clock
[    3.366643] initcall clocksource_done_booting+0x0/0x41 returned 0 after 8516 usecs
[    3.376838] calling  tracer_init_tracefs+0x0/0x1fb @ 1
[    3.578047] initcall tracer_init_tracefs+0x0/0x1fb returned 0 after 190346 usecs
[    3.587346] calling  init_trace_printk_function_export+0x0/0x2c @ 1
[    3.595188] initcall init_trace_printk_function_export+0x0/0x2c returned 0 after 7 usecs
[    3.605260] calling  init_kprobe_trace+0x0/0x1a9 @ 1
[    3.611621] initcall init_kprobe_trace+0x0/0x1a9 returned 0 after 8 usecs
[    3.620139] calling  init_dynamic_event+0x0/0x3d @ 1
[    3.626737] initcall init_dynamic_event+0x0/0x3d returned 0 after 58 usecs
[    3.635162] calling  init_uprobe_trace+0x0/0x5c @ 1
[    3.641315] initcall init_uprobe_trace+0x0/0x5c returned 0 after 23 usecs
[    3.649774] calling  init_pipe_fs+0x0/0x44 @ 1
[    3.655427] initcall init_pipe_fs+0x0/0x44 returned 0 after 179 usecs
[    3.663264] calling  inotify_user_setup+0x0/0x47 @ 1
[    3.669482] initcall inotify_user_setup+0x0/0x47 returned 0 after 43 usecs
[    3.677975] calling  eventpoll_init+0x0/0xcc @ 1
[    3.683930] initcall eventpoll_init+0x0/0xcc returned 0 after 57 usecs
[    3.692113] calling  anon_inode_init+0x0/0x58 @ 1
[    3.698133] initcall anon_inode_init+0x0/0x58 returned 0 after 109 usecs
[    3.706438] calling  proc_locks_init+0x0/0x27 @ 1
[    3.712340] initcall proc_locks_init+0x0/0x27 returned 0 after 122 usecs
[    3.720951] calling  iomap_init+0x0/0x1b @ 1
[    3.727256] initcall iomap_init+0x0/0x1b returned 0 after 670 usecs
[    3.735288] calling  dquot_init+0x0/0xd7 @ 1
[    3.741359] VFS: Disk quotas dquot_6.6.0
[    3.746677] VFS: Dquot-cache hash table entries: 512 (order 0, 4096 bytes)
[    3.757147] initcall dquot_init+0x0/0xd7 returned 0 after 15413 usecs
[    3.765159] calling  quota_init+0x0/0x23 @ 1
[    3.770523] initcall quota_init+0x0/0x23 returned 0 after 34 usecs
[    3.778244] calling  proc_cmdline_init+0x0/0x21 @ 1
[    3.784367] initcall proc_cmdline_init+0x0/0x21 returned 0 after 28 usecs
[    3.792844] calling  proc_consoles_init+0x0/0x24 @ 1
[    3.799059] initcall proc_consoles_init+0x0/0x24 returned 0 after 26 usecs
[    3.807410] calling  proc_cpuinfo_init+0x0/0x1e @ 1
[    3.813569] initcall proc_cpuinfo_init+0x0/0x1e returned 0 after 4 usecs
[    3.821765] calling  proc_devices_init+0x0/0x24 @ 1
[    3.830361] initcall proc_devices_init+0x0/0x24 returned 0 after 4 usecs
[    3.839440] calling  proc_interrupts_init+0x0/0x24 @ 1
[    3.846796] initcall proc_interrupts_init+0x0/0x24 returned 0 after 5 usecs
[    3.855277] calling  proc_loadavg_init+0x0/0x21 @ 1
[    3.861516] initcall proc_loadavg_init+0x0/0x21 returned 0 after 4 usecs
[    3.870617] calling  proc_meminfo_init+0x0/0x21 @ 1
[    3.880300] initcall proc_meminfo_init+0x0/0x21 returned 0 after 215 usecs
[    3.890806] calling  proc_stat_init+0x0/0x1e @ 1
[    3.923182] initcall proc_stat_init+0x0/0x1e returned 0 after 3289 usecs
[    3.937854] calling  proc_uptime_init+0x0/0x21 @ 1
[    3.944856] initcall proc_uptime_init+0x0/0x21 returned 0 after 86 usecs
[    3.955293] calling  proc_version_init+0x0/0x21 @ 1
[    3.964384] initcall proc_version_init+0x0/0x21 returned 0 after 610 usecs
[    3.974659] calling  proc_softirqs_init+0x0/0x21 @ 1
[    3.981770] initcall proc_softirqs_init+0x0/0x21 returned 0 after 99 usecs
[    3.990529] calling  proc_kcore_init+0x0/0xea @ 1
[    3.997720] initcall proc_kcore_init+0x0/0xea returned 0 after 1407 usecs
[    4.006109] calling  vmcore_init+0x0/0x578 @ 1
[    4.011711] initcall vmcore_init+0x0/0x578 returned 0 after 95 usecs
[    4.019481] calling  proc_kmsg_init+0x0/0x21 @ 1
[    4.025451] initcall proc_kmsg_init+0x0/0x21 returned 0 after 229 usecs
[    4.033783] calling  proc_page_init+0x0/0x3b @ 1
[    4.039776] initcall proc_page_init+0x0/0x3b returned 0 after 5 usecs
[    4.048330] calling  init_ramfs_fs+0x0/0xc @ 1
[    4.056980] initcall init_ramfs_fs+0x0/0xc returned 0 after 1139 usecs
[    4.066900] calling  init_hugetlbfs_fs+0x0/0xf6 @ 1
[    4.075307] initcall init_hugetlbfs_fs+0x0/0xf6 returned 0 after 959 usecs
[    4.086090] calling  blk_scsi_ioctl_init+0x0/0x2a5 @ 1
[    4.094380] initcall blk_scsi_ioctl_init+0x0/0x2a5 returned 0 after 358 usecs
[    4.105349] calling  acpi_event_init+0x0/0x2c @ 1
[    4.115761] initcall acpi_event_init+0x0/0x2c returned 0 after 3128 usecs
[    4.124291] calling  pnp_system_init+0x0/0xc @ 1
[    4.132121] initcall pnp_system_init+0x0/0xc returned 0 after 2022 usecs
[    4.140249] calling  pnpacpi_init+0x0/0x69 @ 1
[    4.145675] pnp: PnP ACPI init
[    4.150647] pnp 00:00: Plug and Play ACPI device, IDs PNP0303 (active)
[    4.158728] pnp 00:01: Plug and Play ACPI device, IDs PNP0f13 (active)
[    4.166831] pnp 00:02: Plug and Play ACPI device, IDs PNP0400 (active)
[    4.176771] pnp 00:03: Plug and Play ACPI device, IDs PNP0501 (active)
[    4.186793] pnp 00:04: Plug and Play ACPI device, IDs PNP0b00 (active)
[    4.197262] system 00:05: [mem 0xb0000000-0xbfffffff window] has been reserved
[    4.207134] system 00:05: Plug and Play ACPI device, IDs PNP0c01 (active)
[    4.217041] pnp: PnP ACPI: found 6 devices
[    4.222112] initcall pnpacpi_init+0x0/0x69 returned 0 after 74707 usecs
[    4.230190] calling  chr_dev_init+0x0/0x14d @ 1
[    4.241676] initcall chr_dev_init+0x0/0x14d returned 0 after 5806 usecs
[    4.250038] calling  firmware_class_init+0x0/0xde @ 1
[    4.256286] initcall firmware_class_init+0x0/0xde returned 0 after 62 usecs
[    4.264683] calling  init_pcmcia_bus+0x0/0x5b @ 1
[    4.270662] initcall init_pcmcia_bus+0x0/0x5b returned 0 after 243 usecs
[    4.278752] calling  init_acpi_pm_clocksource+0x0/0xda @ 1
[    4.291071] clocksource: acpi_pm: mask: 0xffffff max_cycles: 0xffffff, max_idle_ns: 2085701024 ns
[    4.302082] initcall init_acpi_pm_clocksource+0x0/0xda returned 0 after 16278 usecs
[    4.313573] calling  sysctl_core_init+0x0/0x26 @ 1
[    4.321186] initcall sysctl_core_init+0x0/0x26 returned 0 after 340 usecs
[    4.331148] calling  eth_offload_init+0x0/0x13 @ 1
[    4.336993] initcall eth_offload_init+0x0/0x13 returned 0 after 15 usecs
[    4.345142] calling  ipv4_offload_init+0x0/0x73 @ 1
[    4.351402] initcall ipv4_offload_init+0x0/0x73 returned 0 after 149 usecs
[    4.359901] calling  inet_init+0x0/0x276 @ 1
[    4.365630] NET: Registered protocol family 2
[    4.372321] IP idents hash table entries: 8192 (order: 4, 65536 bytes, linear)
[    4.387545] tcp_listen_portaddr_hash hash table entries: 256 (order: 0, 4096 bytes, linear)
[    4.400090] TCP established hash table entries: 4096 (order: 3, 32768 bytes, linear)
[    4.412300] TCP bind hash table entries: 4096 (order: 3, 32768 bytes, linear)
[    4.423778] TCP: Hash tables configured (established 4096 bind 4096)
[    4.433861] UDP hash table entries: 256 (order: 1, 8192 bytes, linear)
[    4.443750] UDP-Lite hash table entries: 256 (order: 1, 8192 bytes, linear)
[    4.454605] initcall inet_init+0x0/0x276 returned 0 after 87359 usecs
[    4.464196] calling  af_unix_init+0x0/0x4d @ 1
[    4.469937] NET: Registered protocol family 1
[    4.475435] initcall af_unix_init+0x0/0x4d returned 0 after 5391 usecs
[    4.483630] calling  ipv6_offload_init+0x0/0x7e @ 1
[    4.489599] initcall ipv6_offload_init+0x0/0x7e returned 0 after 18 usecs
[    4.497803] calling  init_sunrpc+0x0/0x65 @ 1
[    4.504048] RPC: Registered named UNIX socket transport module.
[    4.511248] RPC: Registered udp transport module.
[    4.517085] RPC: Registered tcp transport module.
[    4.522858] RPC: Registered tcp NFSv4.1 backchannel transport module.
[    4.530899] initcall init_sunrpc+0x0/0x65 returned 0 after 27137 usecs
[    4.538830] calling  cfg80211_init+0x0/0xc5 @ 1
[    4.545366] initcall cfg80211_init+0x0/0xc5 returned 0 after 941 usecs
[    4.553280] calling  pcibios_assign_resources+0x0/0xa8 @ 1
[    4.559928] pci_bus 0000:00: resource 4 [io  0x0000-0x0cf7 window]
[    4.568158] pci_bus 0000:00: resource 5 [io  0x0d00-0xffff window]
[    4.576498] pci_bus 0000:00: resource 6 [mem 0x000a0000-0x000bffff window]
[    4.584659] pci_bus 0000:00: resource 7 [mem 0x20000000-0xafffffff window]
[    4.592926] pci_bus 0000:00: resource 8 [mem 0xc0000000-0xfebfffff window]
[    4.601187] pci_bus 0000:00: resource 9 [mem 0x100000000-0x8ffffffff window]
[    4.609813] initcall pcibios_assign_resources+0x0/0xa8 returned 0 after 48758 usecs
[    4.619269] calling  pci_apply_final_quirks+0x0/0x124 @ 1
[    4.627083] pci 0000:00:01.0: calling  pci_fixup_video+0x0/0xe0 @ 1
[    4.636611] pci 0000:00:01.0: Video device with shadowed ROM at [mem 0x000c0000-0x000dffff]
[    4.647271] pci 0000:00:01.0: pci_fixup_video+0x0/0xe0 took 10824 usecs
[    4.656086] PCI: CLS 0 bytes, default 64
[    4.661593] initcall pci_apply_final_quirks+0x0/0x124 returned 0 after 34529 usecs
[    4.671098] calling  acpi_reserve_resources+0x0/0xea @ 1
[    4.678614] initcall acpi_reserve_resources+0x0/0xea returned 0 after 414 usecs
[    4.689700] calling  populate_rootfs+0x0/0x102 @ 1
[    4.717666] initcall populate_rootfs+0x0/0x102 returned 0 after 20864 usecs
[    4.726634] calling  pci_iommu_init+0x0/0x3e @ 1
[    4.733763] initcall pci_iommu_init+0x0/0x3e returned 0 after 793 usecs
[    4.765001] calling  ia32_binfmt_init+0x0/0x13 @ 1
[    4.771273] initcall ia32_binfmt_init+0x0/0x13 returned 0 after 7 usecs
[    4.779399] calling  rapl_pmu_init+0x0/0x25f @ 1
[    4.786051] initcall rapl_pmu_init+0x0/0x25f returned -19 after 484 usecs
[    4.795467] calling  amd_uncore_init+0x0/0x310 @ 1
[    4.801806] initcall amd_uncore_init+0x0/0x310 returned -19 after 0 usecs
[    4.810516] calling  amd_ibs_init+0x0/0x233 @ 1
[    4.816375] initcall amd_ibs_init+0x0/0x233 returned -19 after 0 usecs
[    4.824759] calling  amd_iommu_pc_init+0x0/0x20c @ 1
[    4.831552] initcall amd_iommu_pc_init+0x0/0x20c returned -19 after 0 usecs
[    4.841078] calling  msr_init+0x0/0x55 @ 1
[    4.851350] initcall msr_init+0x0/0x55 returned 0 after 4726 usecs
[    4.859273] calling  intel_uncore_init+0x0/0x31e @ 1
[    4.870038] initcall intel_uncore_init+0x0/0x31e returned -19 after 2119 usecs
[    4.880554] calling  cstate_pmu_init+0x0/0x181 @ 1
[    4.887684] initcall cstate_pmu_init+0x0/0x181 returned -19 after 1 usecs
[    4.898488] calling  register_kernel_offset_dumper+0x0/0x1a @ 1
[    4.952570] initcall register_kernel_offset_dumper+0x0/0x1a returned 0 after 5270 usecs
[    4.971799] calling  i8259A_init_ops+0x0/0x20 @ 1
[    4.978886] initcall i8259A_init_ops+0x0/0x20 returned 0 after 969 usecs
[    4.989258] calling  init_tsc_clocksource+0x0/0xa4 @ 1
[    4.998460] clocksource: tsc: mask: 0xffffffffffffffff max_cycles: 0x39a85afc727, max_idle_ns: 881590685098 ns
[    5.012558] initcall init_tsc_clocksource+0x0/0xa4 returned 0 after 16520 usecs
[    5.021976] calling  add_rtc_cmos+0x0/0xb0 @ 1
[    5.030325] initcall add_rtc_cmos+0x0/0xb0 returned 0 after 2598 usecs
[    5.038628] calling  i8237A_init_ops+0x0/0x3a @ 1
[    5.048020] initcall i8237A_init_ops+0x0/0x3a returned 0 after 3283 usecs
[    5.056862] calling  umwait_init+0x0/0x94 @ 1
[    5.063037] initcall umwait_init+0x0/0x94 returned -19 after 439 usecs
[    5.071198] calling  thermal_throttle_init_device+0x0/0x3d @ 1
[    5.079034] initcall thermal_throttle_init_device+0x0/0x3d returned 0 after 372 usecs
[    5.089033] calling  msr_init+0x0/0xd7 @ 1
[    5.187036] initcall msr_init+0x0/0xd7 returned 0 after 90328 usecs
[    5.194816] calling  cpuid_init+0x0/0xd7 @ 1
[    5.206518] initcall cpuid_init+0x0/0xd7 returned 0 after 5684 usecs
[    5.216030] calling  ioapic_init_ops+0x0/0x13 @ 1
[    5.223671] initcall ioapic_init_ops+0x0/0x13 returned 0 after 627 usecs
[    5.232728] calling  add_pcspkr+0x0/0x6c @ 1
[    5.239149] initcall add_pcspkr+0x0/0x6c returned 0 after 1035 usecs
[    5.247374] calling  start_periodic_check_for_corruption+0x0/0x30 @ 1
[    5.255244] check: Scanning for low memory corruption every 60 seconds
[    5.263382] initcall start_periodic_check_for_corruption+0x0/0x30 returned 0 after 7944 usecs
[    5.274551] calling  sysfb_init+0x0/0x9c @ 1
[    5.280771] initcall sysfb_init+0x0/0x9c returned 0 after 137 usecs
[    5.288432] calling  audit_classes_init+0x0/0xae @ 1
[    5.294565] initcall audit_classes_init+0x0/0xae returned 0 after 38 usecs
[    5.302929] calling  iosf_mbi_init+0x0/0x24 @ 1
[    5.309576] initcall iosf_mbi_init+0x0/0x24 returned 0 after 1077 usecs
[    5.317517] calling  proc_execdomains_init+0x0/0x21 @ 1
[    5.324161] initcall proc_execdomains_init+0x0/0x21 returned 0 after 389 usecs
[    5.332712] calling  register_warn_debugfs+0x0/0x23 @ 1
[    5.339317] initcall register_warn_debugfs+0x0/0x23 returned 0 after 212 usecs
[    5.348027] calling  ioresources_init+0x0/0x49 @ 1
[    5.353918] initcall ioresources_init+0x0/0x49 returned 0 after 21 usecs
[    5.362037] calling  snapshot_device_init+0x0/0xc @ 1
[    5.370133] initcall snapshot_device_init+0x0/0xc returned 0 after 1937 usecs
[    5.378708] calling  irq_pm_init_ops+0x0/0x13 @ 1
[    5.384483] initcall irq_pm_init_ops+0x0/0x13 returned 0 after 19 usecs
[    5.392594] calling  rcu_torture_init+0x0/0x89f @ 1
[    5.398813] tasks-torture:--- Start of test: nreaders=1 nfakewriters=4 stat_interval=15 verbose=1 test_no_idle_hz=1 shuffle_interval=3 stutter=5 irqreader=1 fqs_duration=0 fqs_holdoff=0 fqs_stutter=3 test_boost=1/0 test_boost_interval=7 test_boost_duration=4 shutdown_secs=1800 stall_cpu=0 stall_cpu_holdoff=10 stall_cpu_irqsoff=0 stall_cpu_block=0 n_barrier_cbs=4 onoff_interval=0 onoff_holdoff=0 read_exit_delay=13 read_exit_burst=16
[    5.446424] tasks:  Start-test grace-period state: g0 f0x0
[    5.454689] tasks-torture: Creating rcu_torture_writer task
[    5.465804] tasks-torture: Creating rcu_torture_fakewriter task
[    5.474359] tasks-torture: rcu_torture_writer task started
[    5.481143] tasks-torture: GP expediting controlled from boot/sysfs for tasks.
[    5.491612] rcu_torture_writer: Testing expedited GPs.
[    5.498538] rcu_torture_writer: Testing asynchronous GPs.
[    5.505563] rcu_torture_writer: Testing normal GPs.
[    5.511700] tasks-torture: Creating rcu_torture_fakewriter task
[    5.519038] tasks-torture: rcu_torture_fakewriter task started
[    5.527569] tasks-torture: Creating rcu_torture_fakewriter task
[    5.535123] tasks-torture: rcu_torture_fakewriter task started
[    5.546834] tasks-torture: Creating rcu_torture_fakewriter task
[    5.554290] tasks-torture: rcu_torture_fakewriter task started
[    5.561382] tasks-torture: Creating rcu_torture_reader task
[    5.568166] tasks-torture: rcu_torture_fakewriter task started
[    5.577514] tasks-torture: Creating rcu_torture_stats task
[    5.584729] tasks-torture: rcu_torture_reader task started
[    5.595497] tasks-torture: Creating torture_shuffle task
[    5.602612] tasks-torture: rcu_torture_stats task started
[    5.611984] tasks-torture: Creating torture_stutter task
[    5.620794] tasks-torture: torture_shuffle task started
[    5.629632] tasks-torture: Creating torture_shutdown task
[    5.637727] tasks-torture: torture_stutter task started
[    5.645592] tasks-torture: rcu_torture_fwd_prog_init: Disabled, unsupported by RCU flavor under test
[    5.658319] tasks-torture: Creating rcu_torture_barrier_cbs task
[    5.666113] tasks-torture: torture_shutdown task started
[    5.673527] tasks-torture:torture_shutdown task: 1799956 ms remaining
[    5.681795] tasks-torture: Creating rcu_torture_barrier_cbs task
[    5.689779] tasks-torture: rcu_torture_barrier_cbs task started
[    5.698595] tasks-torture: Creating rcu_torture_barrier_cbs task
[    5.706195] tasks-torture: rcu_torture_barrier_cbs task started
[    5.714667] tasks-torture: Creating rcu_torture_barrier_cbs task
[    5.722780] tasks-torture: rcu_torture_barrier_cbs task started
[    5.730508] tasks-torture: Creating rcu_torture_barrier task
[    5.738037] tasks-torture: rcu_torture_barrier_cbs task started
[    5.752987] tasks-torture: Creating rcu_torture_read_exit task
[    5.763039] tasks-torture: rcu_torture_barrier task starting
[    5.771754] initcall rcu_torture_init+0x0/0x89f returned 0 after 364418 usecs
[    5.782211] calling  timekeeping_init_ops+0x0/0x13 @ 1
[    5.790733] initcall timekeeping_init_ops+0x0/0x13 returned 0 after 458 usecs
[    5.801253] calling  init_clocksource_sysfs+0x0/0x23 @ 1
[    5.810833] initcall init_clocksource_sysfs+0x0/0x23 returned 0 after 1874 usecs
[    5.820324] calling  init_timer_list_procfs+0x0/0x31 @ 1
[    5.827284] initcall init_timer_list_procfs+0x0/0x31 returned 0 after 5 usecs
[    5.836849] calling  alarmtimer_init+0x0/0xb5 @ 1
[    5.842898] initcall alarmtimer_init+0x0/0xb5 returned 0 after 161 usecs
[    5.851549] calling  init_posix_timers+0x0/0x29 @ 1
[    5.858175] initcall init_posix_timers+0x0/0x29 returned 0 after 109 usecs
[    5.866890] calling  clockevents_init_sysfs+0x0/0x8b @ 1
[    5.873840] initcall clockevents_init_sysfs+0x0/0x8b returned 0 after 136 usecs
[    5.883166] calling  proc_dma_init+0x0/0x21 @ 1
[    5.889131] initcall proc_dma_init+0x0/0x21 returned 0 after 18 usecs
[    5.897371] calling  proc_modules_init+0x0/0x1e @ 1
[    5.903647] initcall proc_modules_init+0x0/0x1e returned 0 after 19 usecs
[    5.912475] calling  kallsyms_init+0x0/0x21 @ 1
[    5.918559] initcall kallsyms_init+0x0/0x21 returned 0 after 3 usecs
[    5.926661] calling  pid_namespaces_init+0x0/0x2c @ 1
[    5.933268] initcall pid_namespaces_init+0x0/0x2c returned 0 after 40 usecs
[    5.942191] calling  audit_watch_init+0x0/0x37 @ 1
[    5.948393] initcall audit_watch_init+0x0/0x37 returned 0 after 16 usecs
[    5.956878] calling  audit_fsnotify_init+0x0/0x37 @ 1
[    5.963717] initcall audit_fsnotify_init+0x0/0x37 returned 0 after 1 usecs
[    5.972574] calling  audit_tree_init+0x0/0x6d @ 1
[    5.978693] initcall audit_tree_init+0x0/0x6d returned 0 after 36 usecs
[    5.987182] calling  seccomp_sysctl_init+0x0/0x2b @ 1
[    5.994040] initcall seccomp_sysctl_init+0x0/0x2b returned 0 after 276 usecs
[    6.002999] calling  utsname_sysctl_init+0x0/0x13 @ 1
[    6.009687] initcall utsname_sysctl_init+0x0/0x13 returned 0 after 75 usecs
[    6.018911] calling  init_tracepoints+0x0/0x27 @ 1
[    6.025365] initcall init_tracepoints+0x0/0x27 returned 0 after 21 usecs
[    6.034414] calling  init_blk_tracer+0x0/0x50 @ 1
[    6.042497] initcall init_blk_tracer+0x0/0x50 returned 0 after 1514 usecs
[    6.051299] calling  perf_event_sysfs_init+0x0/0x81 @ 1
[    6.058925] initcall perf_event_sysfs_init+0x0/0x81 returned 0 after 604 usecs
[    6.068675] calling  system_trusted_keyring_init+0x0/0x5f @ 1
[    6.076546] Initialise system trusted keyrings
[    6.082777] initcall system_trusted_keyring_init+0x0/0x5f returned 0 after 6079 usecs
[    6.093175] calling  kswapd_init+0x0/0x13 @ 1
[    6.098968] tasks-torture: rcu_torture_read_exit: Start of test
[    6.107863] initcall kswapd_init+0x0/0x13 returned 0 after 8690 usecs
[    6.116350] calling  extfrag_debug_init+0x0/0x54 @ 1
[    6.122883] initcall extfrag_debug_init+0x0/0x54 returned 0 after 88 usecs
[    6.131916] calling  slab_proc_init+0x0/0x21 @ 1
[    6.138047] initcall slab_proc_init+0x0/0x21 returned 0 after 59 usecs
[    6.146373] calling  workingset_init+0x0/0x8c @ 1
[    6.152578] workingset: timestamp_bits=62 max_order=17 bucket_order=0
[    6.161057] initcall workingset_init+0x0/0x8c returned 0 after 8375 usecs
[    6.169426] calling  proc_vmalloc_init+0x0/0x27 @ 1
[    6.175615] initcall proc_vmalloc_init+0x0/0x27 returned 0 after 36 usecs
[    6.183998] calling  procswaps_init+0x0/0x1e @ 1
[    6.189899] initcall procswaps_init+0x0/0x1e returned 0 after 51 usecs
[    6.198381] calling  slab_sysfs_init+0x0/0xea @ 1
[    6.208502] initcall slab_sysfs_init+0x0/0xea returned 0 after 3868 usecs
[    6.217327] calling  fcntl_init+0x0/0x29 @ 1
[    6.223591] initcall fcntl_init+0x0/0x29 returned 0 after 9 usecs
[    6.231405] calling  proc_filesystems_init+0x0/0x21 @ 1
[    6.238213] initcall proc_filesystems_init+0x0/0x21 returned 0 after 4 usecs
[    6.246905] calling  start_dirtytime_writeback+0x0/0x29 @ 1
[    6.253816] initcall start_dirtytime_writeback+0x0/0x29 returned 0 after 1 usecs
[    6.262955] calling  blkdev_init+0x0/0x1b @ 1
[    6.268489] initcall blkdev_init+0x0/0x1b returned 0 after 153 usecs
[    6.276281] calling  dio_init+0x0/0x2c @ 1
[    6.281519] initcall dio_init+0x0/0x2c returned 0 after 44 usecs
[    6.289077] calling  dnotify_init+0x0/0x78 @ 1
[    6.294766] initcall dnotify_init+0x0/0x78 returned 0 after 11 usecs
[    6.302683] calling  aio_setup+0x0/0x78 @ 1
[    6.308437] initcall aio_setup+0x0/0x78 returned 0 after 421 usecs
[    6.316272] calling  io_uring_init+0x0/0x2c @ 1
[    6.322143] initcall io_uring_init+0x0/0x2c returned 0 after 6 usecs
[    6.330187] calling  mbcache_init+0x0/0x30 @ 1
[    6.336101] initcall mbcache_init+0x0/0x30 returned 0 after 152 usecs
[    6.344408] calling  init_grace+0x0/0xc @ 1
[    6.350053] initcall init_grace+0x0/0xc returned 0 after 196 usecs
[    6.358004] calling  init_v2_quota_format+0x0/0x21 @ 1
[    6.364687] initcall init_v2_quota_format+0x0/0x21 returned 0 after 26 usecs
[    6.373641] calling  init_devpts_fs+0x0/0x27 @ 1
[    6.379798] initcall init_devpts_fs+0x0/0x27 returned 0 after 204 usecs
[    6.388323] calling  ext4_init_fs+0x0/0x1cb @ 1
[    6.394492] initcall ext4_init_fs+0x0/0x1cb returned 0 after 336 usecs
[    6.402818] calling  journal_init+0x0/0x11c @ 1
[    6.408830] initcall journal_init+0x0/0x11c returned 0 after 82 usecs
[    6.416978] calling  init_fat_fs+0x0/0x49 @ 1
[    6.422718] initcall init_fat_fs+0x0/0x49 returned 0 after 101 usecs
[    6.430798] calling  init_vfat_fs+0x0/0xc @ 1
[    6.436519] initcall init_vfat_fs+0x0/0xc returned 0 after 62 usecs
[    6.445546] calling  init_msdos_fs+0x0/0xc @ 1
[    6.451008] initcall init_msdos_fs+0x0/0xc returned 0 after 3 usecs
[    6.458650] calling  init_iso9660_fs+0x0/0x6c @ 1
[    6.465075] rcu_torture_rea (61) used greatest stack depth: 15536 bytes left
[    6.473723] initcall init_iso9660_fs+0x0/0x6c returned 0 after 9022 usecs
[    6.481940] calling  init_nfs_fs+0x0/0x13a @ 1
[    6.488340] initcall init_nfs_fs+0x0/0x13a returned 0 after 934 usecs
[    6.496180] calling  init_nfs_v2+0x0/0x13 @ 1
[    6.501631] initcall init_nfs_v2+0x0/0x13 returned 0 after 46 usecs
[    6.509391] calling  init_nfs_v3+0x0/0x13 @ 1
[    6.514854] initcall init_nfs_v3+0x0/0x13 returned 0 after 17 usecs
[    6.522826] calling  init_nfs_v4+0x0/0x32 @ 1
[    6.528404] NFS: Registering the id_resolver key type
[    6.534811] Key type id_resolver registered
[    6.540147] Key type id_legacy registered
[    6.545333] initcall init_nfs_v4+0x0/0x32 returned 0 after 16530 usecs
[    6.553445] calling  init_nlm+0x0/0x5b @ 1
[    6.558816] initcall init_nlm+0x0/0x5b returned 0 after 122 usecs
[    6.567514] calling  init_nls_cp437+0x0/0xe @ 1
[    6.574511] initcall init_nls_cp437+0x0/0xe returned 0 after 56 usecs
[    6.587239] calling  init_nls_ascii+0x0/0xe @ 1
[    6.593207] initcall init_nls_ascii+0x0/0xe returned 0 after 1 usecs
[    6.601584] calling  init_nls_iso8859_1+0x0/0xe @ 1
[    6.608996] initcall init_nls_iso8859_1+0x0/0xe returned 0 after 1 usecs
[    6.618084] calling  init_nls_utf8+0x0/0x21 @ 1
[    6.624041] initcall init_nls_utf8+0x0/0x21 returned 0 after 1 usecs
[    6.632128] calling  init_autofs_fs+0x0/0x25 @ 1
[    6.645302] initcall init_autofs_fs+0x0/0x25 returned 0 after 883 usecs
[    6.655038] calling  ipc_init+0x0/0x24 @ 1
[    6.661402] initcall ipc_init+0x0/0x24 returned 0 after 71 usecs
[    6.670302] calling  ipc_sysctl_init+0x0/0x13 @ 1
[    6.677533] initcall ipc_sysctl_init+0x0/0x13 returned 0 after 54 usecs
[    6.687439] calling  init_mqueue_fs+0x0/0x92 @ 1
[    6.694212] initcall init_mqueue_fs+0x0/0x92 returned 0 after 283 usecs
[    6.702262] calling  key_proc_init+0x0/0x63 @ 1
[    6.708361] initcall key_proc_init+0x0/0x63 returned 0 after 327 usecs
[    6.716240] calling  selinux_nf_ip_init+0x0/0x2e @ 1
[    6.722326] initcall selinux_nf_ip_init+0x0/0x2e returned 0 after 44 usecs
[    6.730475] calling  init_sel_fs+0x0/0x116 @ 1
[    6.735848] initcall init_sel_fs+0x0/0x116 returned 0 after 0 usecs
[    6.743297] calling  selnl_init+0x0/0x7c @ 1
[    6.749129] initcall selnl_init+0x0/0x7c returned 0 after 609 usecs
[    6.756609] calling  sel_netif_init+0x0/0x36 @ 1
[    6.762201] initcall sel_netif_init+0x0/0x36 returned 0 after 0 usecs
[    6.769990] calling  sel_netnode_init+0x0/0x33 @ 1
[    6.775896] initcall sel_netnode_init+0x0/0x33 returned 0 after 0 usecs
[    6.785458] calling  sel_netport_init+0x0/0x33 @ 1
[    6.791292] initcall sel_netport_init+0x0/0x33 returned 0 after 0 usecs
[    6.799278] calling  aurule_init+0x0/0x2a @ 1
[    6.804666] initcall aurule_init+0x0/0x2a returned 0 after 1 usecs
[    6.812107] calling  crypto_algapi_init+0x0/0xc @ 1
[    6.818037] initcall crypto_algapi_init+0x0/0xc returned 0 after 4 usecs
[    6.826460] calling  jent_mod_init+0x0/0x2d @ 1
[    6.843573] initcall jent_mod_init+0x0/0x2d returned 0 after 9601 usecs
[    6.851418] calling  asymmetric_key_init+0x0/0xc @ 1
[    6.857315] Key type asymmetric registered
[    6.862291] initcall asymmetric_key_init+0x0/0xc returned 0 after 4857 usecs
[    6.870494] calling  x509_key_init+0x0/0xc @ 1
[    6.875830] Asymmetric key parser 'x509' registered
[    6.881727] initcall x509_key_init+0x0/0xc returned 0 after 5756 usecs
[    6.889337] calling  proc_genhd_init+0x0/0x41 @ 1
[    6.894890] initcall proc_genhd_init+0x0/0x41 returned 0 after 22 usecs
[    6.902559] calling  bsg_init+0x0/0x113 @ 1
[    6.907604] Block layer SCSI generic (bsg) driver version 0.4 loaded (major 251)
[    6.920325] initcall bsg_init+0x0/0x113 returned 0 after 11964 usecs
[    6.928221] calling  deadline_init+0x0/0xc @ 1
[    6.933698] io scheduler mq-deadline registered
[    6.939079] initcall deadline_init+0x0/0xc returned 0 after 5367 usecs
[    6.946964] calling  kyber_init+0x0/0xc @ 1
[    6.952339] io scheduler kyber registered
[    6.957211] initcall kyber_init+0x0/0xc returned 0 after 4859 usecs
[    6.964712] calling  mod_init+0x0/0x7 @ 1
[    6.969756] initcall mod_init+0x0/0x7 returned 0 after 0 usecs
[    6.977275] calling  sg_pool_init+0x0/0xb4 @ 1
[    6.984893] initcall sg_pool_init+0x0/0xb4 returned 0 after 1976 usecs
[    6.992918] calling  pcie_portdrv_init+0x0/0x39 @ 1
[    7.000289] initcall pcie_portdrv_init+0x0/0x39 returned 0 after 1332 usecs
[    7.008850] calling  pci_proc_init+0x0/0x68 @ 1
[    7.014659] initcall pci_proc_init+0x0/0x68 returned 0 after 160 usecs
[    7.022761] calling  pci_hotplug_init+0x0/0x7 @ 1
[    7.028433] initcall pci_hotplug_init+0x0/0x7 returned 0 after 0 usecs
[    7.036246] calling  efifb_driver_init+0x0/0xe @ 1
[    7.042549] initcall efifb_driver_init+0x0/0xe returned 0 after 220 usecs
[    7.050815] calling  ged_driver_init+0x0/0xe @ 1
[    7.056814] initcall ged_driver_init+0x0/0xe returned 0 after 230 usecs
[    7.064979] calling  acpi_ac_init+0x0/0x92 @ 1
[    7.070929] initcall acpi_ac_init+0x0/0x92 returned 0 after 455 usecs
[    7.078839] calling  acpi_button_driver_init+0x0/0x52 @ 1
[    7.086745] input: Power Button as /devices/LNXSYSTM:00/LNXPWRBN:00/input/input0
[    7.096796] ACPI: Power Button [PWRF]
[    7.101732] initcall acpi_button_driver_init+0x0/0x52 returned 0 after 15750 usecs
[    7.110770] calling  acpi_fan_driver_init+0x0/0xe @ 1
[    7.117012] initcall acpi_fan_driver_init+0x0/0xe returned 0 after 16 usecs
[    7.125621] calling  acpi_video_init+0x0/0xcb @ 1
[    7.131486] initcall acpi_video_init+0x0/0xcb returned 0 after 77 usecs
[    7.139672] calling  acpi_processor_driver_init+0x0/0xad @ 1
[    7.147792] initcall acpi_processor_driver_init+0x0/0xad returned 0 after 1140 usecs
[    7.157065] calling  acpi_thermal_init+0x0/0x71 @ 1
[    7.164452] initcall acpi_thermal_init+0x0/0x71 returned 0 after 1487 usecs
[    7.174009] calling  acpi_battery_init+0x0/0x32 @ 1
[    7.179772] initcall acpi_battery_init+0x0/0x32 returned 0 after 20 usecs
[    7.187623] calling  bgrt_init+0x0/0xb6 @ 1
[    7.192510] initcall bgrt_init+0x0/0xb6 returned -19 after 0 usecs
[    7.200464] calling  gpio_clk_driver_init+0x0/0xe @ 1
[    7.206477] initcall gpio_clk_driver_init+0x0/0xe returned 0 after 109 usecs
[    7.215909] calling  plt_clk_driver_init+0x0/0xe @ 1
[    7.222363] initcall plt_clk_driver_init+0x0/0xe returned 0 after 19 usecs
[    7.230705] calling  virtio_pci_driver_init+0x0/0x15 @ 1
[    7.238365] initcall virtio_pci_driver_init+0x0/0x15 returned 0 after 87 usecs
[    7.248876] calling  n_null_init+0x0/0x1e @ 1
[    7.255199] initcall n_null_init+0x0/0x1e returned 0 after 1 usecs
[    7.264207] calling  pty_init+0x0/0x1e8 @ 1
[    7.271689] initcall pty_init+0x0/0x1e8 returned 0 after 1702 usecs
[    7.279005] calling  sysrq_init+0x0/0x62 @ 1
[    7.284007] initcall sysrq_init+0x0/0x62 returned 0 after 18 usecs
[    7.290975] calling  serial8250_init+0x0/0x17e @ 1
[    7.296605] Serial: 8250/16550 driver, 4 ports, IRQ sharing enabled
[    7.305071] 00:03: ttyS0 at I/O 0x3f8 (irq = 4, base_baud = 115200) is a 16550A
[    7.315155] initcall serial8250_init+0x0/0x17e returned 0 after 18211 usecs
[    7.325585] calling  serial_pci_driver_init+0x0/0x15 @ 1
[    7.332043] initcall serial_pci_driver_init+0x0/0x15 returned 0 after 215 usecs
[    7.340811] calling  exar_pci_driver_init+0x0/0x15 @ 1
[    7.347050] initcall exar_pci_driver_init+0x0/0x15 returned 0 after 38 usecs
[    7.355401] calling  lpss8250_pci_driver_init+0x0/0x15 @ 1
[    7.363167] initcall lpss8250_pci_driver_init+0x0/0x15 returned 0 after 44 usecs
[    7.373497] calling  mid8250_pci_driver_init+0x0/0x15 @ 1
[    7.381241] initcall mid8250_pci_driver_init+0x0/0x15 returned 0 after 27 usecs
[    7.391162] calling  virtio_console_init+0x0/0xff @ 1
[    7.397392] initcall virtio_console_init+0x0/0xff returned 0 after 377 usecs
[    7.405863] calling  hpet_init+0x0/0x64 @ 1
[    7.411449] initcall hpet_init+0x0/0x64 returned 0 after 664 usecs
[    7.418606] calling  nvram_module_init+0x0/0x83 @ 1
[    7.424664] Non-volatile memory driver v1.3
[    7.429463] initcall nvram_module_init+0x0/0x83 returned 0 after 4788 usecs
[    7.437338] calling  hwrng_modinit+0x0/0x8a @ 1
[    7.442566] initcall hwrng_modinit+0x0/0x8a returned 0 after 101 usecs
[    7.449874] calling  mod_init+0x0/0x48 @ 1
[    7.454705] initcall mod_init+0x0/0x48 returned -19 after 0 usecs
[    7.462264] calling  agp_init+0x0/0x23 @ 1
[    7.468155] Linux agpgart interface v0.103
[    7.473636] initcall agp_init+0x0/0x23 returned 0 after 5350 usecs
[    7.481436] calling  agp_amd64_mod_init+0x0/0x5 @ 1
[    7.490289] initcall agp_amd64_mod_init+0x0/0x5 returned -19 after 1981 usecs
[    7.498611] calling  agp_intel_init+0x0/0x28 @ 1
[    7.504620] initcall agp_intel_init+0x0/0x28 returned 0 after 680 usecs
[    7.512002] calling  drm_kms_helper_init+0x0/0x7 @ 1
[    7.517678] initcall drm_kms_helper_init+0x0/0x7 returned 0 after 81 usecs
[    7.525319] calling  drm_core_init+0x0/0x9e @ 1
[    7.530540] initcall drm_core_init+0x0/0x9e returned 0 after 105 usecs
[    7.537740] calling  i915_init+0x0/0x6b @ 1
[    7.543865] initcall i915_init+0x0/0x6b returned 0 after 1310 usecs
[    7.550930] calling  cn_proc_init+0x0/0x35 @ 1
[    7.555997] initcall cn_proc_init+0x0/0x35 returned 0 after 13 usecs
[    7.563098] calling  topology_sysfs_init+0x0/0x27 @ 1
[    7.569813] initcall topology_sysfs_init+0x0/0x27 returned 0 after 30 usecs
[    7.578257] calling  cacheinfo_sysfs_init+0x0/0x27 @ 1
[    7.584478] initcall cacheinfo_sysfs_init+0x0/0x27 returned 0 after 220 usecs
[    7.592646] calling  loop_init+0x0/0x168 @ 1
[    7.610482] loop: module loaded
[    7.614261] initcall loop_init+0x0/0x168 returned 0 after 16288 usecs
[    7.622706] calling  mac_hid_init+0x0/0x21 @ 1
[    7.629428] initcall mac_hid_init+0x0/0x21 returned 0 after 26 usecs
[    7.638762] calling  spi_transport_init+0x0/0x74 @ 1
[    7.646369] initcall spi_transport_init+0x0/0x74 returned 0 after 162 usecs
[    7.656242] calling  init_sd+0x0/0x18c @ 1
[    7.661232] initcall init_sd+0x0/0x18c returned 0 after 104 usecs
[    7.668518] calling  init_sr+0x0/0x43 @ 1
[    7.673420] initcall init_sr+0x0/0x43 returned 0 after 54 usecs
[    7.680441] calling  init_sg+0x0/0x1c0 @ 1
[    7.685420] initcall init_sg+0x0/0x1c0 returned 0 after 53 usecs
[    7.692473] calling  ahci_pci_driver_init+0x0/0x15 @ 1
[    7.698727] ahci 0000:00:1f.2: version 3.0
[    7.705131] PCI Interrupt Link [GSIA] enabled at IRQ 16
[    7.718309] ahci 0000:00:1f.2: AHCI 0001.0000 32 slots 6 ports 1.5 Gbps 0x3f impl SATA mode
[    7.728164] ahci 0000:00:1f.2: flags: 64bit ncq only 
[    7.753415] scsi host0: ahci
[    7.757432] scsi host1: ahci
[    7.761744] scsi host2: ahci
[    7.770650] scsi host3: ahci
[    7.775456] scsi host4: ahci
[    7.780897] scsi host5: ahci
[    7.784928] ata1: SATA max UDMA/133 abar m4096@0xfebf1000 port 0xfebf1100 irq 24
[    7.793472] ata2: SATA max UDMA/133 abar m4096@0xfebf1000 port 0xfebf1180 irq 24
[    7.802032] ata3: SATA max UDMA/133 abar m4096@0xfebf1000 port 0xfebf1200 irq 24
[    7.810626] ata4: SATA max UDMA/133 abar m4096@0xfebf1000 port 0xfebf1280 irq 24
[    7.819102] ata5: SATA max UDMA/133 abar m4096@0xfebf1000 port 0xfebf1300 irq 24
[    7.827639] ata6: SATA max UDMA/133 abar m4096@0xfebf1000 port 0xfebf1380 irq 24
[    7.836158] initcall ahci_pci_driver_init+0x0/0x15 returned 0 after 134404 usecs
[    7.844915] calling  piix_init+0x0/0x26 @ 1
[    7.850021] initcall piix_init+0x0/0x26 returned 0 after 142 usecs
[    7.857259] calling  amd_pci_driver_init+0x0/0x15 @ 1
[    7.863174] initcall amd_pci_driver_init+0x0/0x15 returned 0 after 22 usecs
[    7.871261] calling  oldpiix_pci_driver_init+0x0/0x15 @ 1
[    7.878297] initcall oldpiix_pci_driver_init+0x0/0x15 returned 0 after 56 usecs
[    7.889924] calling  sch_pci_driver_init+0x0/0x15 @ 1
[    7.897679] initcall sch_pci_driver_init+0x0/0x15 returned 0 after 52 usecs
[    7.907374] calling  net_olddevs_init+0x0/0x55 @ 1
[    7.913273] initcall net_olddevs_init+0x0/0x55 returned 0 after 250 usecs
[    7.921211] calling  blackhole_netdev_init+0x0/0x78 @ 1
[    7.927690] initcall blackhole_netdev_init+0x0/0x78 returned 0 after 363 usecs
[    7.936259] calling  phy_module_init+0x0/0x13 @ 1
[    7.941873] initcall phy_module_init+0x0/0x13 returned 0 after 106 usecs
[    7.949696] calling  tg3_driver_init+0x0/0x15 @ 1
[    7.955308] initcall tg3_driver_init+0x0/0x15 returned 0 after 52 usecs
[    7.962979] calling  e100_init_module+0x0/0x4c @ 1
[    7.968645] e100: Intel(R) PRO/100 Network Driver
[    7.974084] e100: Copyright(c) 1999-2006 Intel Corporation
[    7.980381] initcall e100_init_module+0x0/0x4c returned 0 after 11472 usecs
[    7.988505] calling  e1000_init_module+0x0/0x72 @ 1
[    7.994154] e1000: Intel(R) PRO/1000 Network Driver
[    7.999869] e1000: Copyright (c) 1999-2006 Intel Corporation.
[    8.008045] initcall e1000_init_module+0x0/0x72 returned 0 after 13561 usecs
[    8.016405] calling  e1000_init_module+0x0/0x2d @ 1
[    8.022104] e1000e: Intel(R) PRO/1000 Network Driver
[    8.028054] e1000e: Copyright(c) 1999 - 2015 Intel Corporation.
[    8.035104] initcall e1000_init_module+0x0/0x2d returned 0 after 12692 usecs
[    8.043162] calling  sky2_init_module+0x0/0x21 @ 1
[    8.048791] sky2: driver version 1.30
[    8.053914] initcall sky2_init_module+0x0/0x21 returned 0 after 5000 usecs
[    8.062281] calling  forcedeth_pci_driver_init+0x0/0x15 @ 1
[    8.069586] initcall forcedeth_pci_driver_init+0x0/0x15 returned 0 after 41 usecs
[    8.079845] calling  rtl8139_init_module+0x0/0x15 @ 1
[    8.087382] initcall rtl8139_init_module+0x0/0x15 returned 0 after 48 usecs
[    8.097397] calling  rtl8169_pci_driver_init+0x0/0x15 @ 1
[    8.105072] initcall rtl8169_pci_driver_init+0x0/0x15 returned 0 after 146 usecs
[    8.114347] calling  cdrom_init+0x0/0xc @ 1
[    8.119678] initcall cdrom_init+0x0/0xc returned 0 after 31 usecs
[    8.127542] calling  nonstatic_sysfs_init+0x0/0xc @ 1
[    8.134768] initcall nonstatic_sysfs_init+0x0/0xc returned 0 after 33 usecs
[    8.144237] calling  yenta_cardbus_driver_init+0x0/0x15 @ 1
[    8.151466] initcall yenta_cardbus_driver_init+0x0/0x15 returned 0 after 75 usecs
[    8.161269] calling  mon_init+0x0/0x123 @ 1
[    8.173315] initcall mon_init+0x0/0x123 returned 0 after 6241 usecs
[    8.182233] calling  ehci_hcd_init+0x0/0x55 @ 1
[    8.188673] ehci_hcd: USB 2.0 'Enhanced' Host Controller (EHCI) Driver
[    8.198112] initcall ehci_hcd_init+0x0/0x55 returned 0 after 9292 usecs
[    8.207361] calling  ehci_pci_init+0x0/0x64 @ 1
[    8.213723] ehci-pci: EHCI PCI platform driver
[    8.220327] initcall ehci_pci_init+0x0/0x64 returned 0 after 6446 usecs
[    8.229343] calling  ohci_hcd_mod_init+0x0/0x4d @ 1
[    8.236717] ohci_hcd: USB 1.1 'Open' Host Controller (OHCI) Driver
[    8.246111] initcall ohci_hcd_mod_init+0x0/0x4d returned 0 after 9139 usecs
[    8.255559] calling  ohci_pci_init+0x0/0x64 @ 1
[    8.262516] ohci-pci: OHCI PCI platform driver
[    8.268253] initcall ohci_pci_init+0x0/0x64 returned 0 after 5618 usecs
[    8.276507] calling  uhci_hcd_init+0x0/0xa6 @ 1
[    8.282500] uhci_hcd: USB Universal Host Controller Interface driver
[    8.290601] initcall uhci_hcd_init+0x0/0xa6 returned 0 after 7909 usecs
[    8.299006] calling  xhci_hcd_init+0x0/0x1e @ 1
[    8.304826] initcall xhci_hcd_init+0x0/0x1e returned 0 after 24 usecs
[    8.312984] calling  xhci_pci_init+0x0/0x49 @ 1
[    8.318909] initcall xhci_pci_init+0x0/0x49 returned 0 after 110 usecs
[    8.327216] calling  usblp_driver_init+0x0/0x15 @ 1
[    8.333787] usbcore: registered new interface driver usblp
[    8.340996] initcall usblp_driver_init+0x0/0x15 returned 0 after 7132 usecs
[    8.350333] calling  usb_storage_driver_init+0x0/0x2a @ 1
[    8.358377] usbcore: registered new interface driver usb-storage
[    8.366091] initcall usb_storage_driver_init+0x0/0x2a returned 0 after 7594 usecs
[    8.375518] calling  i8042_init+0x0/0x4c2 @ 1
[    8.381413] i8042: PNP: PS/2 Controller [PNP0303:KBD,PNP0f13:MOU] at 0x60,0x64 irq 1,12
[    8.399360] serio: i8042 KBD port at 0x60,0x64 irq 1
[    8.405684] serio: i8042 AUX port at 0x60,0x64 irq 12
[    8.412158] initcall i8042_init+0x0/0x4c2 returned 0 after 30200 usecs
[    8.420437] calling  serport_init+0x0/0x2c @ 1
[    8.426070] initcall serport_init+0x0/0x2c returned 0 after 0 usecs
[    8.433865] calling  input_leds_init+0x0/0xc @ 1
[    8.439846] initcall input_leds_init+0x0/0xc returned 0 after 1 usecs
[    8.447969] calling  evdev_init+0x0/0xc @ 1
[    8.454534] initcall evdev_init+0x0/0xc returned 0 after 1279 usecs
[    8.463601] calling  atkbd_init+0x0/0x21 @ 1
[    8.468814] initcall atkbd_init+0x0/0x21 returned 0 after 71 usecs
[    8.476268] calling  psmouse_init+0x0/0x7f @ 1
[    8.481798] initcall psmouse_init+0x0/0x7f returned 0 after 67 usecs
[    8.489429] calling  cmos_init+0x0/0x73 @ 1
[    8.495162] rtc_cmos 00:04: RTC can wake from S4
[    8.506880] input: AT Translated Set 2 keyboard as /devices/platform/i8042/serio0/input/input1
[    8.544668] rtc_cmos 00:04: registered as rtc0
[    8.551666] rtc_cmos 00:04: alarms up to one day, y3k, 242 bytes nvram, hpet irqs
[    8.563184] initcall cmos_init+0x0/0x73 returned 0 after 67009 usecs
[    8.572797] calling  smbalert_driver_init+0x0/0xe @ 1
[    8.581489] initcall smbalert_driver_init+0x0/0xe returned 0 after 105 usecs
[    8.594066] calling  i2c_i801_init+0x0/0xc5 @ 1
[    8.602934] i801_smbus 0000:00:1f.3: SMBus using PCI interrupt
[    8.612158] i2c i2c-0: 1/1 memory slots populated (from DMI)
[    8.618910] i2c i2c-0: Memory type 0x07 not supported yet, not instantiating SPD
[    8.627834] initcall i2c_i801_init+0x0/0xc5 returned 0 after 26377 usecs
[    8.636220] calling  ptp_kvm_init+0x0/0xf0 @ 1
[    8.643293] ata3: SATA link up 1.5 Gbps (SStatus 113 SControl 300)
[    8.652149] ata3.00: ATAPI: QEMU DVD-ROM, 2.5+, max UDMA/100
[    8.659069] ata3.00: applying bridge limits
[    8.665102] ata3.00: configured for UDMA/100
[    8.672856] ata1: SATA link down (SStatus 0 SControl 300)
[    8.680925] ata4: SATA link down (SStatus 0 SControl 300)
[    8.688645] ata2: SATA link down (SStatus 0 SControl 300)
[    8.696557] ata5: SATA link down (SStatus 0 SControl 300)
[    8.704933] scsi 2:0:0:0: CD-ROM            QEMU     QEMU DVD-ROM     2.5+ PQ: 0 ANSI: 5
[    8.718835] initcall ptp_kvm_init+0x0/0xf0 returned 0 after 75305 usecs
[    8.726912] calling  dm_init+0x0/0x3c @ 1
[    8.733593] sr 2:0:0:0: [sr0] scsi3-mmc drive: 4x/4x cd/rw xa/form2 tray
[    8.741847] cdrom: Uniform CD-ROM driver Revision: 3.20
[    8.749062] device-mapper: ioctl: 4.43.0-ioctl (2020-10-01) initialised: dm-devel@redhat.com
[    8.759511] initcall dm_init+0x0/0x3c returned 0 after 26858 usecs
[    8.767592] calling  dm_mirror_init+0x0/0x29 @ 1
[    8.773505] initcall dm_mirror_init+0x0/0x29 returned 0 after 17 usecs
[    8.781821] calling  dm_dirty_log_init+0x0/0x4f @ 1
[    8.788095] initcall dm_dirty_log_init+0x0/0x4f returned 0 after 72 usecs
[    8.796729] calling  dm_zero_init+0x0/0x29 @ 1
[    8.802227] initcall dm_zero_init+0x0/0x29 returned 0 after 1 usecs
[    8.810064] calling  intel_pstate_init+0x0/0x4a2 @ 1
[    8.816161] intel_pstate: CPU model not supported
[    8.821911] initcall intel_pstate_init+0x0/0x4a2 returned -19 after 5632 usecs
[    8.830465] calling  haltpoll_init+0x0/0xc0 @ 1
[    8.836106] initcall haltpoll_init+0x0/0xc0 returned -19 after 28 usecs
[    8.844414] calling  efivars_sysfs_init+0x0/0x30 @ 1
[    8.850539] initcall efivars_sysfs_init+0x0/0x30 returned 0 after 28 usecs
[    8.858983] calling  esrt_sysfs_init+0x0/0x2a2 @ 1
[    8.865163] initcall esrt_sysfs_init+0x0/0x2a2 returned -38 after 27 usecs
[    8.873676] calling  hid_init+0x0/0x5c @ 1
[    8.878846] hid: raw HID events driver (C) Jiri Kosina
[    8.885303] initcall hid_init+0x0/0x5c returned 0 after 6371 usecs
[    8.892893] calling  hid_generic_init+0x0/0x15 @ 1
[    8.898882] initcall hid_generic_init+0x0/0x15 returned 0 after 68 usecs
[    8.907295] calling  a4_driver_init+0x0/0x15 @ 1
[    8.912911] initcall a4_driver_init+0x0/0x15 returned 0 after 17 usecs
[    8.920862] calling  apple_driver_init+0x0/0x15 @ 1
[    8.927143] initcall apple_driver_init+0x0/0x15 returned 0 after 52 usecs
[    8.939742] calling  belkin_driver_init+0x0/0x15 @ 1
[    8.949202] initcall belkin_driver_init+0x0/0x15 returned 0 after 3253 usecs
[    8.957836] calling  ch_driver_init+0x0/0x15 @ 1
[    8.963679] initcall ch_driver_init+0x0/0x15 returned 0 after 18 usecs
[    8.971754] calling  ch_driver_init+0x0/0x15 @ 1
[    8.977852] initcall ch_driver_init+0x0/0x15 returned 0 after 13 usecs
[    8.986082] calling  cp_driver_init+0x0/0x15 @ 1
[    8.992262] initcall cp_driver_init+0x0/0x15 returned 0 after 30 usecs
[    9.000262] calling  ez_driver_init+0x0/0x15 @ 1
[    9.007004] initcall ez_driver_init+0x0/0x15 returned 0 after 18 usecs
[    9.015806] calling  gyration_driver_init+0x0/0x15 @ 1
[    9.022695] initcall gyration_driver_init+0x0/0x15 returned 0 after 135 usecs
[    9.031662] calling  ite_driver_init+0x0/0x15 @ 1
[    9.037246] initcall ite_driver_init+0x0/0x15 returned 0 after 20 usecs
[    9.045292] calling  ks_driver_init+0x0/0x15 @ 1
[    9.051178] initcall ks_driver_init+0x0/0x15 returned 0 after 21 usecs
[    9.059430] calling  lg_driver_init+0x0/0x15 @ 1
[    9.065650] initcall lg_driver_init+0x0/0x15 returned 0 after 188 usecs
[    9.074667] calling  lg_g15_driver_init+0x0/0x15 @ 1
[    9.081410] initcall lg_g15_driver_init+0x0/0x15 returned 0 after 32 usecs
[    9.090083] calling  ms_driver_init+0x0/0x15 @ 1
[    9.096078] initcall ms_driver_init+0x0/0x15 returned 0 after 70 usecs
[    9.103995] calling  mr_driver_init+0x0/0x15 @ 1
[    9.110508] initcall mr_driver_init+0x0/0x15 returned 0 after 43 usecs
[    9.118857] calling  ntrig_driver_init+0x0/0x15 @ 1
[    9.125275] initcall ntrig_driver_init+0x0/0x15 returned 0 after 47 usecs
[    9.133923] calling  pl_driver_init+0x0/0x15 @ 1
[    9.140194] initcall pl_driver_init+0x0/0x15 returned 0 after 25 usecs
[    9.148242] calling  pl_driver_init+0x0/0x15 @ 1
[    9.154065] initcall pl_driver_init+0x0/0x15 returned 0 after 21 usecs
[    9.162704] calling  redragon_driver_init+0x0/0x15 @ 1
[    9.169606] initcall redragon_driver_init+0x0/0x15 returned 0 after 22 usecs
[    9.178751] calling  samsung_driver_init+0x0/0x15 @ 1
[    9.185193] initcall samsung_driver_init+0x0/0x15 returned 0 after 63 usecs
[    9.194414] calling  sony_init+0x0/0x38 @ 1
[    9.200409] initcall sony_init+0x0/0x38 returned 0 after 50 usecs
[    9.211330] calling  sp_driver_init+0x0/0x15 @ 1
[    9.218248] initcall sp_driver_init+0x0/0x15 returned 0 after 35 usecs
[    9.226798] calling  ts_driver_init+0x0/0x15 @ 1
[    9.233904] initcall ts_driver_init+0x0/0x15 returned 0 after 26 usecs
[    9.243728] calling  hid_init+0x0/0x58 @ 1
[    9.250451] usbcore: registered new interface driver usbhid
[    9.257811] usbhid: USB HID core driver
[    9.262600] initcall hid_init+0x0/0x58 returned 0 after 12287 usecs
[    9.270240] calling  eeepc_laptop_init+0x0/0x57 @ 1
[    9.277826] initcall eeepc_laptop_init+0x0/0x57 returned -19 after 1526 usecs
[    9.286655] calling  pmc_atom_init+0x0/0x27a @ 1
[    9.294169] initcall pmc_atom_init+0x0/0x27a returned -19 after 252 usecs
[    9.302574] calling  alsa_hwdep_init+0x0/0x5e @ 1
[    9.308745] initcall alsa_hwdep_init+0x0/0x5e returned 0 after 253 usecs
[    9.316909] calling  alsa_timer_init+0x0/0x1f0 @ 1
[    9.326248] ata6: SATA link down (SStatus 0 SControl 300)
[    9.350608] sr 2:0:0:0: Attached scsi CD-ROM sr0
[    9.357851] sr 2:0:0:0: Attached scsi generic sg0 type 5
[    9.365463] initcall alsa_timer_init+0x0/0x1f0 returned 0 after 41610 usecs
[    9.374930] calling  snd_hrtimer_init+0x0/0x117 @ 1
[    9.381390] initcall snd_hrtimer_init+0x0/0x117 returned 0 after 3 usecs
[    9.390135] calling  alsa_pcm_init+0x0/0x64 @ 1
[    9.396243] initcall alsa_pcm_init+0x0/0x64 returned 0 after 8 usecs
[    9.404593] calling  alsa_seq_init+0x0/0x4a @ 1
[    9.411582] initcall alsa_seq_init+0x0/0x4a returned 0 after 384 usecs
[    9.420699] calling  alsa_seq_dummy_init+0x0/0x9c @ 1
[    9.428459] initcall alsa_seq_dummy_init+0x0/0x9c returned 0 after 43 usecs
[    9.439152] calling  azx_driver_init+0x0/0x15 @ 1
[    9.447223] initcall azx_driver_init+0x0/0x15 returned 0 after 503 usecs
[    9.457826] calling  sock_diag_init+0x0/0x2a @ 1
[    9.465690] initcall sock_diag_init+0x0/0x2a returned 0 after 674 usecs
[    9.476186] calling  blackhole_init+0x0/0xc @ 1
[    9.483398] initcall blackhole_init+0x0/0xc returned 0 after 50 usecs
[    9.491731] calling  nfnetlink_init+0x0/0x57 @ 1
[    9.498069] initcall nfnetlink_init+0x0/0x57 returned 0 after 246 usecs
[    9.506397] calling  nfnetlink_log_init+0x0/0x99 @ 1
[    9.513168] initcall nfnetlink_log_init+0x0/0x99 returned 0 after 332 usecs
[    9.522051] calling  nf_conntrack_standalone_init+0x0/0x87 @ 1
[    9.533445] initcall nf_conntrack_standalone_init+0x0/0x87 returned 0 after 2560 usecs
[    9.543562] calling  ctnetlink_init+0x0/0x83 @ 1
[    9.549494] initcall ctnetlink_init+0x0/0x83 returned 0 after 1 usecs
[    9.557657] calling  nf_conntrack_ftp_init+0x0/0x12c @ 1
[    9.564507] initcall nf_conntrack_ftp_init+0x0/0x12c returned 0 after 27 usecs
[    9.573711] calling  nf_conntrack_irc_init+0x0/0x129 @ 1
[    9.584187] initcall nf_conntrack_irc_init+0x0/0x129 returned 0 after 86 usecs
[    9.594091] calling  nf_conntrack_sip_init+0x0/0x172 @ 1
[    9.601408] initcall nf_conntrack_sip_init+0x0/0x172 returned 0 after 7 usecs
[    9.611097] calling  nf_nat_init+0x0/0xbb @ 1
[    9.617357] initcall nf_nat_init+0x0/0xbb returned 0 after 247 usecs
[    9.625858] calling  nf_nat_ftp_init+0x0/0x2a @ 1
[    9.632595] initcall nf_nat_ftp_init+0x0/0x2a returned 0 after 1 usecs
[    9.641440] calling  nf_nat_irc_init+0x0/0x2a @ 1
[    9.648038] initcall nf_nat_irc_init+0x0/0x2a returned 0 after 1 usecs
[    9.657080] calling  nf_nat_sip_init+0x0/0x36 @ 1
[    9.663741] initcall nf_nat_sip_init+0x0/0x36 returned 0 after 1 usecs
[    9.672682] calling  xt_init+0x0/0xcf @ 1
[    9.678449] initcall xt_init+0x0/0xcf returned 0 after 44 usecs
[    9.686337] calling  tcpudp_mt_init+0x0/0x11 @ 1
[    9.692776] initcall tcpudp_mt_init+0x0/0x11 returned 0 after 29 usecs
[    9.701589] calling  connsecmark_tg_init+0x0/0xc @ 1
[    9.708195] initcall connsecmark_tg_init+0x0/0xc returned 0 after 1 usecs
[    9.717866] calling  nflog_tg_init+0x0/0xc @ 1
[    9.724156] initcall nflog_tg_init+0x0/0xc returned 0 after 1 usecs
[    9.733866] calling  secmark_tg_init+0x0/0x11 @ 1
[    9.741395] initcall secmark_tg_init+0x0/0x11 returned 0 after 1 usecs
[    9.751636] calling  tcpmss_tg_init+0x0/0x11 @ 1
[    9.759232] initcall tcpmss_tg_init+0x0/0x11 returned 0 after 2 usecs
[    9.768142] calling  conntrack_mt_init+0x0/0x11 @ 1
[    9.775556] initcall conntrack_mt_init+0x0/0x11 returned 0 after 1 usecs
[    9.785095] calling  policy_mt_init+0x0/0x11 @ 1
[    9.793272] initcall policy_mt_init+0x0/0x11 returned 0 after 1 usecs
[    9.801954] calling  state_mt_init+0x0/0xc @ 1
[    9.807449] initcall state_mt_init+0x0/0xc returned 0 after 1 usecs
[    9.816249] calling  gre_offload_init+0x0/0x48 @ 1
[    9.823202] initcall gre_offload_init+0x0/0x48 returned 0 after 118 usecs
[    9.832499] calling  sysctl_ipv4_init+0x0/0x46 @ 1
[    9.839507] initcall sysctl_ipv4_init+0x0/0x46 returned 0 after 260 usecs
[    9.850288] calling  tunnel4_init+0x0/0x58 @ 1
[    9.856436] initcall tunnel4_init+0x0/0x58 returned 0 after 126 usecs
[    9.864830] calling  nf_defrag_init+0x0/0xc @ 1
[    9.871051] initcall nf_defrag_init+0x0/0xc returned 0 after 115 usecs
[    9.879684] calling  ip_tables_init+0x0/0x8d @ 1
[    9.886228] initcall ip_tables_init+0x0/0x8d returned 0 after 276 usecs
[    9.894898] calling  iptable_filter_init+0x0/0x4c @ 1
[    9.902495] initcall iptable_filter_init+0x0/0x4c returned 0 after 770 usecs
[    9.911697] calling  iptable_mangle_init+0x0/0xb8 @ 1
[    9.918568] initcall iptable_mangle_init+0x0/0xb8 returned 0 after 71 usecs
[    9.927672] calling  reject_tg_init+0x0/0xc @ 1
[    9.933785] initcall reject_tg_init+0x0/0xc returned 0 after 0 usecs
[    9.942357] calling  cubictcp_register+0x0/0x53 @ 1
[    9.949244] initcall cubictcp_register+0x0/0x53 returned 0 after 148 usecs
[    9.958974] calling  xfrm_user_init+0x0/0x45 @ 1
[    9.965576] Initializing XFRM netlink socket
[    9.972128] initcall xfrm_user_init+0x0/0x45 returned 0 after 6426 usecs
[    9.981658] calling  inet6_init+0x0/0x35e @ 1
[    9.989732] NET: Registered protocol family 10
[   10.230246] input: ImExPS/2 Generic Explorer Mouse as /devices/platform/i8042/serio1/input/input3
[   10.677933] Segment Routing with IPv6
[   10.683837] initcall inet6_init+0x0/0x35e returned 0 after 679337 usecs
[   10.693198] calling  ah6_init+0x0/0x71 @ 1
[   10.699406] initcall ah6_init+0x0/0x71 returned 0 after 106 usecs
[   10.708400] calling  esp6_init+0x0/0x71 @ 1
[   10.714659] initcall esp6_init+0x0/0x71 returned 0 after 1 usecs
[   10.723512] calling  ip6_tables_init+0x0/0x8d @ 1
[   10.730452] initcall ip6_tables_init+0x0/0x8d returned 0 after 157 usecs
[   10.739800] calling  ip6table_filter_init+0x0/0x4c @ 1
[   10.748237] initcall ip6table_filter_init+0x0/0x4c returned 0 after 535 usecs
[   10.760227] calling  ip6table_mangle_init+0x0/0xb8 @ 1
[   10.769220] initcall ip6table_mangle_init+0x0/0xb8 returned 0 after 367 usecs
[   10.781179] calling  nf_defrag_init+0x0/0x45 @ 1
[   10.789090] initcall nf_defrag_init+0x0/0x45 returned 0 after 198 usecs
[   10.800406] calling  ipv6header_mt6_init+0x0/0xc @ 1
[   10.808934] initcall ipv6header_mt6_init+0x0/0xc returned 0 after 1 usecs
[   10.818544] calling  reject_tg6_init+0x0/0xc @ 1
[   10.825318] initcall reject_tg6_init+0x0/0xc returned 0 after 1 usecs
[   10.834788] calling  sit_init+0x0/0xc3 @ 1
[   10.841011] sit: IPv6, IPv4 and MPLS over IPv4 tunneling driver
[   10.854987] initcall sit_init+0x0/0xc3 returned 0 after 13642 usecs
[   10.866139] calling  packet_init+0x0/0x75 @ 1
[   10.873686] NET: Registered protocol family 17
[   10.880631] initcall packet_init+0x0/0x75 returned 0 after 6811 usecs
[   10.890312] calling  init_rpcsec_gss+0x0/0x60 @ 1
[   10.897680] initcall init_rpcsec_gss+0x0/0x60 returned 0 after 161 usecs
[   10.907648] calling  init_dns_resolver+0x0/0xca @ 1
[   10.915717] Key type dns_resolver registered
[   10.923158] initcall init_dns_resolver+0x0/0xca returned 0 after 7651 usecs
[   10.935497] calling  pm_check_save_msr+0x0/0x80 @ 1
[   10.952007] initcall pm_check_save_msr+0x0/0x80 returned 0 after 1520 usecs
[   10.966665] calling  mcheck_init_device+0x0/0x112 @ 1
[   10.981451] initcall mcheck_init_device+0x0/0x112 returned 0 after 6954 usecs
[   10.997215] calling  mcheck_late_init+0x0/0x58 @ 1
[   11.005515] initcall mcheck_late_init+0x0/0x58 returned 0 after 1155 usecs
[   11.016465] calling  severities_debugfs_init+0x0/0x29 @ 1
[   11.025520] initcall severities_debugfs_init+0x0/0x29 returned 0 after 40 usecs
[   11.037512] calling  microcode_init+0x0/0x1bd @ 1
[   11.044897] initcall microcode_init+0x0/0x1bd returned -22 after 22 usecs
[   11.056348] calling  hpet_insert_resource+0x0/0x22 @ 1
[   11.065859] initcall hpet_insert_resource+0x0/0x22 returned 0 after 339 usecs
[   11.078333] calling  start_sync_check_timer+0x0/0x4f @ 1
