c[?7l[2J[0mSeaBIOS (version 1.16.0-debian-1.16.0-4)
Booting from ROM...
early console in setup code
c[?7l[2J[    0.000000] Linux version 5.10.158+ (root@joelboxx.c.googlers.com) (gcc (Debian 12.2.0-3) 12.2.0, GNU ld (GNU Binutils for Debian) 2.39) #9 SMP Tue Dec 13 22:47:31 UTC 2022
[    0.000000] Command line: selinux=0 initcall_debug debug console=ttyS0 rcutorture.torture_type=tasks-tracing rcutorture.onoff_interval=1000 rcutorture.onoff_holdoff=30 rcutorture.n_barrier_cbs=4 rcutorture.stat_interval=15 rcutorture.shutdown_secs=3600 rcutorture.test_no_idle_hz=1 rcutorture.verbose=1
[    0.000000] x86/fpu: x87 FPU will use FXSAVE
[    0.000000] BIOS-provided physical RAM map:
[    0.000000] BIOS-e820: [mem 0x0000000000000000-0x000000000009fbff] usable
[    0.000000] BIOS-e820: [mem 0x000000000009fc00-0x000000000009ffff] reserved
[    0.000000] BIOS-e820: [mem 0x00000000000f0000-0x00000000000fffff] reserved
[    0.000000] BIOS-e820: [mem 0x0000000000100000-0x000000001ffdefff] usable
[    0.000000] BIOS-e820: [mem 0x000000001ffdf000-0x000000001fffffff] reserved
[    0.000000] BIOS-e820: [mem 0x00000000b0000000-0x00000000bfffffff] reserved
[    0.000000] BIOS-e820: [mem 0x00000000fed1c000-0x00000000fed1ffff] reserved
[    0.000000] BIOS-e820: [mem 0x00000000feffc000-0x00000000feffffff] reserved
[    0.000000] BIOS-e820: [mem 0x00000000fffc0000-0x00000000ffffffff] reserved
[    0.000000] NX (Execute Disable) protection: active
[    0.000000] SMBIOS 2.8 present.
[    0.000000] DMI: QEMU Standard PC (Q35 + ICH9, 2009), BIOS 1.16.0-debian-1.16.0-4 04/01/2014
[    0.000000] Hypervisor detected: KVM
[    0.000000] kvm-clock: Using msrs 4b564d01 and 4b564d00
[    0.000000] kvm-clock: cpu 0, msr 1b71f001, primary cpu clock
[    0.000023] kvm-clock: using sched offset of 4728127712 cycles
[    0.000168] clocksource: kvm-clock: mask: 0xffffffffffffffff max_cycles: 0x1cd42e4dffb, max_idle_ns: 881590591483 ns
[    0.000256] tsc: Detected 1999.999 MHz processor
[    0.003870] e820: update [mem 0x00000000-0x00000fff] usable ==> reserved
[    0.003879] e820: remove [mem 0x000a0000-0x000fffff] usable
[    0.003889] last_pfn = 0x1ffdf max_arch_pfn = 0x400000000
[    0.004584] MTRR default type: write-back
[    0.004618] MTRR fixed ranges enabled:
[    0.004621]   00000-9FFFF write-back
[    0.004623]   A0000-BFFFF uncachable
[    0.004626]   C0000-FFFFF write-protect
[    0.004628] MTRR variable ranges enabled:
[    0.004631]   0 base 00C0000000 mask FFC0000000 uncachable
[    0.004633]   1 disabled
[    0.004635]   2 disabled
[    0.004636]   3 disabled
[    0.004638]   4 disabled
[    0.004640]   5 disabled
[    0.004642]   6 disabled
[    0.004644]   7 disabled
[    0.005032] x86/PAT: Configuration [0-7]: WB  WC  UC- UC  WB  WC  UC- UC  
[    0.013906] found SMP MP-table at [mem 0x000f5ba0-0x000f5baf]
[    0.015393] check: Scanning 1 areas for low memory corruption
[    0.026673] ACPI: Early table checksum verification disabled
[    0.027742] ACPI: RSDP 0x00000000000F59E0 000014 (v00 BOCHS )
[    0.027870] ACPI: RSDT 0x000000001FFE23B1 000038 (v01 BOCHS  BXPC     00000001 BXPC 00000001)
[    0.027986] ACPI: FACP 0x000000001FFE2191 0000F4 (v03 BOCHS  BXPC     00000001 BXPC 00000001)
[    0.028046] ACPI: DSDT 0x000000001FFE0040 002151 (v01 BOCHS  BXPC     00000001 BXPC 00000001)
[    0.028074] ACPI: FACS 0x000000001FFE0000 000040
[    0.028081] ACPI: APIC 0x000000001FFE2285 000090 (v01 BOCHS  BXPC     00000001 BXPC 00000001)
[    0.028103] ACPI: HPET 0x000000001FFE2315 000038 (v01 BOCHS  BXPC     00000001 BXPC 00000001)
[    0.028110] ACPI: MCFG 0x000000001FFE234D 00003C (v01 BOCHS  BXPC     00000001 BXPC 00000001)
[    0.028117] ACPI: WAET 0x000000001FFE2389 000028 (v01 BOCHS  BXPC     00000001 BXPC 00000001)
[    0.028123] ACPI: Reserving FACP table memory at [mem 0x1ffe2191-0x1ffe2284]
[    0.028127] ACPI: Reserving DSDT table memory at [mem 0x1ffe0040-0x1ffe2190]
[    0.028129] ACPI: Reserving FACS table memory at [mem 0x1ffe0000-0x1ffe003f]
[    0.028131] ACPI: Reserving APIC table memory at [mem 0x1ffe2285-0x1ffe2314]
[    0.028134] ACPI: Reserving HPET table memory at [mem 0x1ffe2315-0x1ffe234c]
[    0.028136] ACPI: Reserving MCFG table memory at [mem 0x1ffe234d-0x1ffe2388]
[    0.028138] ACPI: Reserving WAET table memory at [mem 0x1ffe2389-0x1ffe23b0]
[    0.028780] ACPI: Local APIC address 0xfee00000
[    0.031886] No NUMA configuration found
[    0.031890] Faking a node at [mem 0x0000000000000000-0x000000001ffdefff]
[    0.031917] NODE_DATA(0) allocated [mem 0x1ffdb000-0x1ffdefff]
[    0.032367] Zone ranges:
[    0.032391]   DMA      [mem 0x0000000000001000-0x0000000000ffffff]
[    0.032402]   DMA32    [mem 0x0000000001000000-0x000000001ffdefff]
[    0.032406]   Normal   empty
[    0.032419] Movable zone start for each node
[    0.032421] Early memory node ranges
[    0.032424]   node   0: [mem 0x0000000000001000-0x000000000009efff]
[    0.032434]   node   0: [mem 0x0000000000100000-0x000000001ffdefff]
[    0.032463] Initmem setup node 0 [mem 0x0000000000001000-0x000000001ffdefff]
[    0.032477] On node 0 totalpages: 130941
[    0.032514]   DMA zone: 64 pages used for memmap
[    0.032517]   DMA zone: 21 pages reserved
[    0.032526]   DMA zone: 3998 pages, LIFO batch:0
[    0.032529]   DMA32 zone: 1984 pages used for memmap
[    0.032531]   DMA32 zone: 126943 pages, LIFO batch:31
[    0.048237] On node 0, zone DMA: 1 pages in unavailable ranges
[    0.049451] On node 0, zone DMA: 97 pages in unavailable ranges
[    0.139499] On node 0, zone DMA32: 33 pages in unavailable ranges
[    0.142855] ACPI: PM-Timer IO Port: 0x608
[    0.142862] ACPI: Local APIC address 0xfee00000
[    0.142986] ACPI: LAPIC_NMI (acpi_id[0xff] dfl dfl lint[0x1])
[    0.143603] IOAPIC[0]: apic_id 0, version 17, address 0xfec00000, GSI 0-23
[    0.143700] ACPI: INT_SRC_OVR (bus 0 bus_irq 0 global_irq 2 dfl dfl)
[    0.143727] ACPI: INT_SRC_OVR (bus 0 bus_irq 5 global_irq 5 high level)
[    0.143730] ACPI: INT_SRC_OVR (bus 0 bus_irq 9 global_irq 9 high level)
[    0.143765] ACPI: INT_SRC_OVR (bus 0 bus_irq 10 global_irq 10 high level)
[    0.143791] ACPI: INT_SRC_OVR (bus 0 bus_irq 11 global_irq 11 high level)
[    0.143796] ACPI: IRQ0 used by override.
[    0.143798] ACPI: IRQ5 used by override.
[    0.143800] ACPI: IRQ9 used by override.
[    0.143803] ACPI: IRQ10 used by override.
[    0.143805] ACPI: IRQ11 used by override.
[    0.143839] Using ACPI (MADT) for SMP configuration information
[    0.143852] ACPI: HPET id: 0x8086a201 base: 0xfed00000
[    0.144016] smpboot: Allowing 4 CPUs, 0 hotplug CPUs
[    0.145009] PM: hibernation: Registered nosave memory: [mem 0x00000000-0x00000fff]
[    0.145014] PM: hibernation: Registered nosave memory: [mem 0x0009f000-0x0009ffff]
[    0.145016] PM: hibernation: Registered nosave memory: [mem 0x000a0000-0x000effff]
[    0.145019] PM: hibernation: Registered nosave memory: [mem 0x000f0000-0x000fffff]
[    0.145042] [mem 0x20000000-0xafffffff] available for PCI devices
[    0.145083] Booting paravirtualized kernel on KVM
[    0.145290] clocksource: refined-jiffies: mask: 0xffffffff max_cycles: 0xffffffff, max_idle_ns: 1910969940391419 ns
[    0.161403] setup_percpu: NR_CPUS:4 nr_cpumask_bits:4 nr_cpu_ids:4 nr_node_ids:1
[    0.170026] percpu: Embedded 58 pages/cpu s198480 r8192 d30896 u524288
[    0.170069] pcpu-alloc: s198480 r8192 d30896 u524288 alloc=1*2097152
[    0.170086] pcpu-alloc: [0] 0 1 2 3 
[    0.170289] kvm-guest: stealtime: cpu 0, msr 1f41bb40
[    0.171047] Built 1 zonelists, mobility grouping on.  Total pages: 128872
[    0.171051] Policy zone: DMA32
[    0.171070] Kernel command line: selinux=0 initcall_debug debug console=ttyS0 rcutorture.torture_type=tasks-tracing rcutorture.onoff_interval=1000 rcutorture.onoff_holdoff=30 rcutorture.n_barrier_cbs=4 rcutorture.stat_interval=15 rcutorture.shutdown_secs=3600 rcutorture.test_no_idle_hz=1 rcutorture.verbose=1
[    0.176134] Dentry cache hash table entries: 65536 (order: 7, 524288 bytes, linear)
[    0.176742] Inode-cache hash table entries: 32768 (order: 6, 262144 bytes, linear)
[    0.177255] mem auto-init: stack:all(zero), heap alloc:off, heap free:off
[    0.206753] Memory: 466312K/523764K available (16398K kernel code, 2805K rwdata, 4824K rodata, 1500K init, 13308K bss, 57192K reserved, 0K cma-reserved)
[    0.207483] SLUB: HWalign=64, Order=0-3, MinObjects=0, CPUs=4, Nodes=1
[    0.208060] Kernel/User page tables isolation: enabled
[    0.221979] Running RCU self tests
[    0.222418] rcu: Hierarchical RCU implementation.
[    0.222424] rcu: 	RCU event tracing is enabled.
[    0.222435] rcu: 	RCU lockdep checking is enabled.
[    0.222449] 	Trampoline variant of Tasks RCU enabled.
[    0.222452] 	Rude variant of Tasks RCU enabled.
[    0.222455] 	Tracing variant of Tasks RCU enabled.
[    0.222513] rcu: RCU calculated value of scheduler-enlistment delay is 100 jiffies.
[    0.228301] NR_IRQS: 4352, nr_irqs: 456, preallocated irqs: 16
[    0.230344] calling  con_init+0x0/0x24f @ 0
[    0.320617] Console: colour VGA+ 80x25
[    0.320665] initcall con_init+0x0/0x24f returned 0 after 0 usecs
[    0.320670] calling  hvc_console_init+0x0/0x13 @ 0
[    0.320683] initcall hvc_console_init+0x0/0x13 returned 0 after 0 usecs
[    0.320687] calling  univ8250_console_init+0x0/0x26 @ 0
[    1.265341] printk: console [ttyS0] enabled
[    1.272278] initcall univ8250_console_init+0x0/0x26 returned 0 after 0 usecs
[    1.280578] Lock dependency validator: Copyright (c) 2006 Red Hat, Inc., Ingo Molnar
[    1.289251] ... MAX_LOCKDEP_SUBCLASSES:  8
[    1.293863] ... MAX_LOCK_DEPTH:          48
[    1.299856] ... MAX_LOCKDEP_KEYS:        8192
[    1.305957] ... CLASSHASH_SIZE:          4096
[    1.312527] ... MAX_LOCKDEP_ENTRIES:     32768
[    1.319278] ... MAX_LOCKDEP_CHAINS:      65536
[    1.325500] ... CHAINHASH_SIZE:          32768
[    1.331776]  memory used by lock dependency info: 6365 kB
[    1.339273]  memory used for stack traces: 4224 kB
[    1.345220]  per task-struct memory footprint: 1920 bytes
[    1.365432] ACPI: Core revision 20200925
[    1.381176] clocksource: hpet: mask: 0xffffffff max_cycles: 0xffffffff, max_idle_ns: 19112604467 ns
[    1.399086] APIC: Switch to symmetric I/O mode setup
[    1.433701] ..TIMER: vector=0x30 apic1=0 pin1=2 apic2=-1 pin2=-1
[    1.441421] clocksource: tsc-early: mask: 0xffffffffffffffff max_cycles: 0x39a85afc727, max_idle_ns: 881590685098 ns
[    1.454783] Calibrating delay loop (skipped) preset value.. 3999.99 BogoMIPS (lpj=1999999)
[    1.456947] pid_max: default: 32768 minimum: 301
[    1.461015] LSM: Security Framework initializing
[    1.463459] Mount-cache hash table entries: 1024 (order: 1, 8192 bytes, linear)
[    1.463884] Mountpoint-cache hash table entries: 1024 (order: 1, 8192 bytes, linear)
[    1.476087] Last level iTLB entries: 4KB 0, 2MB 0, 4MB 0
[    1.476814] Last level dTLB entries: 4KB 0, 2MB 0, 4MB 0, 1GB 0
[    1.478127] Spectre V1 : Mitigation: usercopy/swapgs barriers and __user pointer sanitization
[    1.478816] Spectre V2 : Mitigation: Retpolines
[    1.479813] Spectre V2 : Spectre v2 / SpectreRSB mitigation: Filling RSB on context switch
[    1.480816] Spectre V2 : Spectre v2 / SpectreRSB : Filling RSB on VMEXIT
[    1.481818] Speculative Store Bypass: Vulnerable
[    1.482863] MDS: Vulnerable: Clear CPU buffers attempted, no microcode
[    1.483815] MMIO Stale Data: Unknown: No mitigations
[    1.557040] Freeing SMP alternatives memory: 40K
[    1.662808] smpboot: CPU0: Intel Common KVM processor (family: 0xf, model: 0x6, stepping: 0x1)
[    1.665434] calling  init_hw_perf_events+0x0/0x6ce @ 1
[    1.665817] Performance Events: unsupported Netburst CPU model 6 no PMU driver, software events only.
[    1.666825] initcall init_hw_perf_events+0x0/0x6ce returned 0 after 976 usecs
[    1.667821] calling  init_real_mode+0x0/0x1e9 @ 1
[    1.669363] initcall init_real_mode+0x0/0x1e9 returned 0 after 0 usecs
[    1.669819] calling  trace_init_perf_perm_irq_work_exit+0x0/0x12 @ 1
[    1.670839] initcall trace_init_perf_perm_irq_work_exit+0x0/0x12 returned 0 after 0 usecs
[    1.671843] calling  validate_x2apic+0x0/0x4a @ 1
[    1.672859] initcall validate_x2apic+0x0/0x4a returned 0 after 0 usecs
[    1.673824] calling  register_nmi_cpu_backtrace_handler+0x0/0x15 @ 1
[    1.675820] initcall register_nmi_cpu_backtrace_handler+0x0/0x15 returned 0 after 976 usecs
[    1.676844] calling  kvm_setup_vsyscall_timeinfo+0x0/0xd1 @ 1
[    1.677834] initcall kvm_setup_vsyscall_timeinfo+0x0/0xd1 returned 0 after 0 usecs
[    1.678821] calling  spawn_ksoftirqd+0x0/0x38 @ 1
[    1.680182] initcall spawn_ksoftirqd+0x0/0x38 returned 0 after 0 usecs
[    1.680822] calling  migration_init+0x0/0x33 @ 1
[    1.681826] initcall migration_init+0x0/0x33 returned 0 after 0 usecs
[    1.682826] calling  srcu_bootup_announce+0x0/0x2f @ 1
[    1.683819] rcu: Hierarchical SRCU implementation.
[    1.684837] initcall srcu_bootup_announce+0x0/0x2f returned 0 after 976 usecs
[    1.686861] calling  rcu_spawn_gp_kthread+0x0/0x1b0 @ 1
[    1.687966] initcall rcu_spawn_gp_kthread+0x0/0x1b0 returned 0 after 0 usecs
[    1.688823] calling  check_cpu_stall_init+0x0/0x1a @ 1
[    1.689823] initcall check_cpu_stall_init+0x0/0x1a returned 0 after 0 usecs
[    1.690821] calling  rcu_sysrq_init+0x0/0x21 @ 1
[    1.691825] initcall rcu_sysrq_init+0x0/0x21 returned 0 after 0 usecs
[    1.692821] calling  trace_init_flags_sys_enter+0x0/0xe @ 1
[    1.693819] initcall trace_init_flags_sys_enter+0x0/0xe returned 0 after 0 usecs
[    1.694818] calling  trace_init_flags_sys_exit+0x0/0xe @ 1
[    1.695818] initcall trace_init_flags_sys_exit+0x0/0xe returned 0 after 0 usecs
[    1.696817] calling  cpu_stop_init+0x0/0x8d @ 1
[    1.698024] initcall cpu_stop_init+0x0/0x8d returned 0 after 0 usecs
[    1.699853] calling  init_kprobes+0x0/0x16e @ 1
[    1.702358] initcall init_kprobes+0x0/0x16e returned 0 after 976 usecs
[    1.702818] calling  init_events+0x0/0x3d @ 1
[    1.704273] initcall init_events+0x0/0x3d returned 0 after 0 usecs
[    1.704820] calling  init_trace_printk+0x0/0xc @ 1
[    1.705818] initcall init_trace_printk+0x0/0xc returned 0 after 0 usecs
[    1.706819] calling  event_trace_enable_again+0x0/0x23 @ 1
[    1.707822] initcall event_trace_enable_again+0x0/0x23 returned 0 after 0 usecs
[    1.708823] calling  static_call_init+0x0/0x79 @ 1
[    1.709820] initcall static_call_init+0x0/0x79 returned 0 after 0 usecs
[    1.710817] calling  jump_label_init_module+0x0/0xc @ 1
[    1.711818] initcall jump_label_init_module+0x0/0xc returned 0 after 0 usecs
[    1.712818] calling  init_zero_pfn+0x0/0x37 @ 1
[    1.713818] initcall init_zero_pfn+0x0/0x37 returned 0 after 0 usecs
[    1.714820] calling  initialize_ptr_random+0x0/0x54 @ 1
[    1.715917] initcall initialize_ptr_random+0x0/0x54 returned 0 after 0 usecs
[    1.716891] calling  efi_memreserve_root_init+0x0/0x25 @ 1
[    1.717963] initcall efi_memreserve_root_init+0x0/0x25 returned 0 after 0 usecs
[    1.718819] calling  efi_earlycon_remap_fb+0x0/0x51 @ 1
[    1.719818] initcall efi_earlycon_remap_fb+0x0/0x51 returned 0 after 0 usecs
[    1.721428] smp: Bringing up secondary CPUs ...
[    1.724621] x86: Booting SMP configuration:
[    1.724817] .... node  #0, CPUs:      #1
[    1.218415] kvm-clock: cpu 1, msr 1b71f041, secondary cpu clock
[    1.751150] kvm-guest: stealtime: cpu 1, msr 1f49bb40
[    1.768262]  #2
[    1.218415] kvm-clock: cpu 2, msr 1b71f081, secondary cpu clock
[    1.790991] kvm-guest: stealtime: cpu 2, msr 1f51bb40
[    1.807830]  #3
[    1.218415] kvm-clock: cpu 3, msr 1b71f0c1, secondary cpu clock
[    1.831008] kvm-guest: stealtime: cpu 3, msr 1f59bb40
[    1.846908] smp: Brought up 1 node, 4 CPUs
[    1.847818] smpboot: Max logical packages: 1
[    1.848818] smpboot: Total of 4 processors activated (15999.99 BogoMIPS)
[    1.875337] devtmpfs: initialized
[    1.878914] calling  ipc_ns_init+0x0/0x3d @ 1
[    1.879919] initcall ipc_ns_init+0x0/0x3d returned 0 after 0 usecs
[    1.880825] calling  init_mmap_min_addr+0x0/0x21 @ 1
[    1.881824] initcall init_mmap_min_addr+0x0/0x21 returned 0 after 0 usecs
[    1.882828] calling  pci_realloc_setup_params+0x0/0x3f @ 1
[    1.883829] initcall pci_realloc_setup_params+0x0/0x3f returned 0 after 0 usecs
[    1.884825] calling  net_ns_init+0x0/0x12a @ 1
[    1.887859] initcall net_ns_init+0x0/0x12a returned 0 after 1953 usecs
[    1.888841] calling  e820__register_nvs_regions+0x0/0x37 @ 1
[    1.889821] initcall e820__register_nvs_regions+0x0/0x37 returned 0 after 0 usecs
[    1.890821] calling  cpufreq_register_tsc_scaling+0x0/0x2e @ 1
[    1.891819] initcall cpufreq_register_tsc_scaling+0x0/0x2e returned 0 after 0 usecs
[    1.892823] calling  reboot_init+0x0/0x3c @ 1
[    1.895198] initcall reboot_init+0x0/0x3c returned 0 after 976 usecs
[    1.895819] calling  init_lapic_sysfs+0x0/0x20 @ 1
[    1.896847] initcall init_lapic_sysfs+0x0/0x20 returned 0 after 0 usecs
[    1.897819] calling  alloc_frozen_cpus+0x0/0x7 @ 1
[    1.898817] initcall alloc_frozen_cpus+0x0/0x7 returned 0 after 0 usecs
[    1.899819] calling  cpu_hotplug_pm_sync_init+0x0/0x13 @ 1
[    1.900856] initcall cpu_hotplug_pm_sync_init+0x0/0x13 returned 0 after 0 usecs
[    1.901823] calling  wq_sysfs_init+0x0/0x2a @ 1
[    1.902912] initcall wq_sysfs_init+0x0/0x2a returned 0 after 0 usecs
[    1.903818] calling  ksysfs_init+0x0/0x92 @ 1
[    1.904850] initcall ksysfs_init+0x0/0x92 returned 0 after 0 usecs
[    1.905818] calling  schedutil_gov_init+0x0/0xc @ 1
[    1.906979] initcall schedutil_gov_init+0x0/0xc returned 0 after 0 usecs
[    1.907817] calling  pm_init+0x0/0x76 @ 1
[    1.909817] initcall pm_init+0x0/0x76 returned 0 after 976 usecs
[    1.910822] calling  pm_disk_init+0x0/0x13 @ 1
[    1.911904] initcall pm_disk_init+0x0/0x13 returned 0 after 0 usecs
[    1.912817] calling  swsusp_header_init+0x0/0x2b @ 1
[    1.913820] initcall swsusp_header_init+0x0/0x2b returned 0 after 0 usecs
[    1.914816] calling  rcu_set_runtime_mode+0x0/0x2a @ 1
[    1.918116] initcall rcu_set_runtime_mode+0x0/0x2a returned 0 after 1953 usecs
[    1.918827] calling  init_jiffies_clocksource+0x0/0x13 @ 1
[    1.919819] clocksource: jiffies: mask: 0xffffffff max_cycles: 0xffffffff, max_idle_ns: 1911260446275000 ns
[    1.920827] initcall init_jiffies_clocksource+0x0/0x13 returned 0 after 976 usecs
[    1.921822] calling  futex_init+0x0/0x11b @ 1
[    1.922903] futex hash table entries: 1024 (order: 5, 131072 bytes, linear)
[    1.928985] initcall futex_init+0x0/0x11b returned 0 after 5859 usecs
[    1.929825] calling  cgroup_wq_init+0x0/0x28 @ 1
[    1.930982] initcall cgroup_wq_init+0x0/0x28 returned 0 after 0 usecs
[    1.931823] calling  cgroup1_wq_init+0x0/0x28 @ 1
[    1.932932] initcall cgroup1_wq_init+0x0/0x28 returned 0 after 0 usecs
[    1.933822] calling  init_kprobe_trace_early+0x0/0x2a @ 1
[    1.935823] initcall init_kprobe_trace_early+0x0/0x2a returned 0 after 976 usecs
[    1.936893] calling  fsnotify_init+0x0/0x56 @ 1
[    1.937932] initcall fsnotify_init+0x0/0x56 returned 0 after 0 usecs
[    1.938824] calling  filelock_init+0x0/0xb3 @ 1
[    1.939935] initcall filelock_init+0x0/0xb3 returned 0 after 0 usecs
[    1.940824] calling  init_misc_binfmt+0x0/0x2c @ 1
[    1.942916] initcall init_misc_binfmt+0x0/0x2c returned 0 after 976 usecs
[    1.943821] calling  init_script_binfmt+0x0/0x15 @ 1
[    1.944822] initcall init_script_binfmt+0x0/0x15 returned 0 after 0 usecs
[    1.945820] calling  init_elf_binfmt+0x0/0x15 @ 1
[    1.946820] initcall init_elf_binfmt+0x0/0x15 returned 0 after 0 usecs
[    1.947819] calling  init_compat_elf_binfmt+0x0/0x15 @ 1
[    1.948821] initcall init_compat_elf_binfmt+0x0/0x15 returned 0 after 0 usecs
[    1.949821] calling  debugfs_init+0x0/0x5c @ 1
[    1.951830] initcall debugfs_init+0x0/0x5c returned 0 after 0 usecs
[    1.952820] calling  tracefs_init+0x0/0x3a @ 1
[    1.953845] initcall tracefs_init+0x0/0x3a returned 0 after 0 usecs
[    1.954820] calling  prandom_init_early+0x0/0x15d @ 1
[    1.955826] initcall prandom_init_early+0x0/0x15d returned 0 after 0 usecs
[    1.956962] calling  virtio_init+0x0/0x20 @ 1
[    1.959031] initcall virtio_init+0x0/0x20 returned 0 after 976 usecs
[    1.959820] calling  iommu_init+0x0/0x2a @ 1
[    1.960890] initcall iommu_init+0x0/0x2a returned 0 after 0 usecs
[    1.961820] calling  component_debug_init+0x0/0x1c @ 1
[    1.963346] initcall component_debug_init+0x0/0x1c returned 0 after 0 usecs
[    1.963820] calling  early_resume_init+0x0/0xb9 @ 1
[    1.965433] PM: RTC time: 23:01:24, date: 2022-12-13
[    1.965819] initcall early_resume_init+0x0/0xb9 returned 0 after 976 usecs
[    1.966818] calling  cpufreq_core_init+0x0/0x62 @ 1
[    1.967829] initcall cpufreq_core_init+0x0/0x62 returned 0 after 0 usecs
[    1.968818] calling  cpufreq_gov_performance_init+0x0/0xc @ 1
[    1.969820] initcall cpufreq_gov_performance_init+0x0/0xc returned 0 after 0 usecs
[    1.970824] calling  cpufreq_gov_userspace_init+0x0/0xc @ 1
[    1.971829] initcall cpufreq_gov_userspace_init+0x0/0xc returned 0 after 0 usecs
[    1.972828] calling  CPU_FREQ_GOV_ONDEMAND_init+0x0/0xc @ 1
[    1.973853] initcall CPU_FREQ_GOV_ONDEMAND_init+0x0/0xc returned 0 after 0 usecs
[    1.974821] calling  cpuidle_init+0x0/0x1f @ 1
[    1.976042] initcall cpuidle_init+0x0/0x1f returned 0 after 0 usecs
[    1.977817] calling  capsule_reboot_register+0x0/0xc @ 1
[    1.978924] initcall capsule_reboot_register+0x0/0xc returned 0 after 0 usecs
[    1.979818] calling  sock_init+0x0/0x93 @ 1
[    1.983494] initcall sock_init+0x0/0x93 returned 0 after 1953 usecs
[    1.983819] calling  net_inuse_init+0x0/0x23 @ 1
[    1.984966] initcall net_inuse_init+0x0/0x23 returned 0 after 0 usecs
[    1.985819] calling  net_defaults_init+0x0/0x23 @ 1
[    1.986821] initcall net_defaults_init+0x0/0x23 returned 0 after 0 usecs
[    1.987824] calling  init_default_flow_dissectors+0x0/0x4f @ 1
[    1.989817] initcall init_default_flow_dissectors+0x0/0x4f returned 0 after 976 usecs
[    1.990972] calling  netpoll_init+0x0/0x44 @ 1
[    1.992819] initcall netpoll_init+0x0/0x44 returned 0 after 0 usecs
[    1.993822] calling  netlink_proto_init+0x0/0x154 @ 1
[    1.998136] NET: Registered protocol family 16
[    1.999114] initcall netlink_proto_init+0x0/0x154 returned 0 after 3906 usecs
[    1.999820] calling  genl_init+0x0/0x35 @ 1
[    2.001824] initcall genl_init+0x0/0x35 returned 0 after 976 usecs
[    2.002838] calling  bsp_pm_check_init+0x0/0x13 @ 1
[    2.003822] initcall bsp_pm_check_init+0x0/0x13 returned 0 after 0 usecs
[    2.004839] calling  irq_sysfs_init+0x0/0xb9 @ 1
[    2.006124] initcall irq_sysfs_init+0x0/0xb9 returned 0 after 0 usecs
[    2.006820] calling  audit_init+0x0/0x127 @ 1
[    2.007824] audit: initializing netlink subsys (disabled)
[    2.010372] initcall audit_init+0x0/0x127 returned 0 after 1953 usecs
[    2.009909] audit: type=2000 audit(1670972483.230:1): state=initialized audit_enabled=0 res=1
[    2.010820] calling  release_early_probes+0x0/0x32 @ 1
[    2.010825] initcall release_early_probes+0x0/0x32 returned 0 after 0 usecs
[    2.013822] calling  bdi_class_init+0x0/0x48 @ 1
[    2.014884] initcall bdi_class_init+0x0/0x48 returned 0 after 0 usecs
[    2.015820] calling  mm_sysfs_init+0x0/0x28 @ 1
[    2.016831] initcall mm_sysfs_init+0x0/0x28 returned 0 after 0 usecs
[    2.017824] calling  init_per_zone_wmark_min+0x0/0x6d @ 1
[    2.018903] initcall init_per_zone_wmark_min+0x0/0x6d returned 0 after 0 usecs
[    2.019822] calling  mpi_init+0x0/0x3e @ 1
[    2.020884] initcall mpi_init+0x0/0x3e returned 0 after 0 usecs
[    2.021857] calling  kobject_uevent_init+0x0/0xc @ 1
[    2.022858] initcall kobject_uevent_init+0x0/0xc returned 0 after 0 usecs
[    2.023822] calling  pcibus_class_init+0x0/0x13 @ 1
[    2.024861] initcall pcibus_class_init+0x0/0x13 returned 0 after 0 usecs
[    2.025821] calling  pci_driver_init+0x0/0x21 @ 1
[    2.027042] initcall pci_driver_init+0x0/0x21 returned 0 after 0 usecs
[    2.027819] calling  backlight_class_init+0x0/0xa8 @ 1
[    2.028858] initcall backlight_class_init+0x0/0xa8 returned 0 after 0 usecs
[    2.029820] calling  tty_class_init+0x0/0x33 @ 1
[    2.031837] initcall tty_class_init+0x0/0x33 returned 0 after 0 usecs
[    2.032820] calling  vtconsole_class_init+0x0/0xb5 @ 1
[    2.036038] initcall vtconsole_class_init+0x0/0xb5 returned 0 after 1953 usecs
[    2.036820] calling  iommu_dev_init+0x0/0x13 @ 1
[    2.038023] initcall iommu_dev_init+0x0/0x13 returned 0 after 0 usecs
[    2.038821] calling  mipi_dsi_bus_init+0x0/0xc @ 1
[    2.040086] initcall mipi_dsi_bus_init+0x0/0xc returned 0 after 0 usecs
[    2.040822] calling  devlink_class_init+0x0/0x40 @ 1
[    2.042865] initcall devlink_class_init+0x0/0x40 returned 0 after 976 usecs
[    2.043821] calling  software_node_init+0x0/0x2a @ 1
[    2.044832] initcall software_node_init+0x0/0x2a returned 0 after 0 usecs
[    2.045821] calling  wakeup_sources_debugfs_init+0x0/0x23 @ 1
[    2.046949] initcall wakeup_sources_debugfs_init+0x0/0x23 returned 0 after 0 usecs
[    2.047821] calling  wakeup_sources_sysfs_init+0x0/0x2c @ 1
[    2.048848] initcall wakeup_sources_sysfs_init+0x0/0x2c returned 0 after 0 usecs
[    2.049856] calling  register_node_type+0x0/0x13 @ 1
[    2.051918] initcall register_node_type+0x0/0x13 returned 0 after 0 usecs
[    2.052819] calling  regmap_initcall+0x0/0xc @ 1
[    2.054075] initcall regmap_initcall+0x0/0xc returned 0 after 0 usecs
[    2.054822] calling  i2c_init+0x0/0xb3 @ 1
[    2.056853] initcall i2c_init+0x0/0xb3 returned 0 after 976 usecs
[    2.057824] calling  thermal_init+0x0/0x116 @ 1
[    2.058949] thermal_sys: Registered thermal governor 'step_wise'
[    2.058953] thermal_sys: Registered thermal governor 'user_space'
[    2.059852] initcall thermal_init+0x0/0x116 returned 0 after 976 usecs
[    2.061824] calling  init_menu+0x0/0xc @ 1
[    2.063002] cpuidle: using governor menu
[    2.063826] initcall init_menu+0x0/0xc returned 0 after 976 usecs
[    2.064825] calling  pcc_init+0x0/0x4d @ 1
[    2.065849] initcall pcc_init+0x0/0x4d returned -19 after 0 usecs
[    2.066825] calling  amd_postcore_init+0x0/0x11e @ 1
[    2.067823] initcall amd_postcore_init+0x0/0x11e returned 0 after 0 usecs
[    2.068845] calling  bts_init+0x0/0xba @ 1
[    2.069821] initcall bts_init+0x0/0xba returned -19 after 0 usecs
[    2.070820] calling  pt_init+0x0/0x34d @ 1
[    2.071825] initcall pt_init+0x0/0x34d returned -19 after 0 usecs
[    2.072820] calling  boot_params_ksysfs_init+0x0/0x2ee @ 1
[    2.073876] initcall boot_params_ksysfs_init+0x0/0x2ee returned 0 after 0 usecs
[    2.074823] calling  sbf_init+0x0/0xea @ 1
[    2.075822] initcall sbf_init+0x0/0xea returned 0 after 0 usecs
[    2.076822] calling  arch_kdebugfs_init+0x0/0x219 @ 1
[    2.078028] initcall arch_kdebugfs_init+0x0/0x219 returned 0 after 0 usecs
[    2.078819] calling  intel_pconfig_init+0x0/0x85 @ 1
[    2.079818] initcall intel_pconfig_init+0x0/0x85 returned 0 after 0 usecs
[    2.080818] calling  mtrr_if_init+0x0/0x5d @ 1
[    2.081824] initcall mtrr_if_init+0x0/0x5d returned 0 after 0 usecs
[    2.083816] calling  activate_jump_labels+0x0/0x31 @ 1
[    2.084818] initcall activate_jump_labels+0x0/0x31 returned 0 after 0 usecs
[    2.085820] calling  ffh_cstate_init+0x0/0x29 @ 1
[    2.086825] initcall ffh_cstate_init+0x0/0x29 returned 0 after 0 usecs
[    2.087819] calling  activate_jump_labels+0x0/0x31 @ 1
[    2.089922] initcall activate_jump_labels+0x0/0x31 returned 0 after 976 usecs
[    2.090821] calling  kvm_alloc_cpumask+0x0/0x74 @ 1
[    2.091899] initcall kvm_alloc_cpumask+0x0/0x74 returned 0 after 0 usecs
[    2.092829] calling  kcmp_cookies_init+0x0/0x37 @ 1
[    2.093838] initcall kcmp_cookies_init+0x0/0x37 returned 0 after 0 usecs
[    2.094827] calling  cryptomgr_init+0x0/0xc @ 1
[    2.095913] initcall cryptomgr_init+0x0/0xc returned 0 after 0 usecs
[    2.096821] calling  acpi_pci_init+0x0/0x57 @ 1
[    2.097891] ACPI: bus type PCI registered
[    2.100836] initcall acpi_pci_init+0x0/0x57 returned 0 after 2929 usecs
[    2.101826] calling  dma_channel_table_init+0x0/0xd1 @ 1
[    2.102847] initcall dma_channel_table_init+0x0/0xd1 returned 0 after 0 usecs
[    2.103827] calling  dma_bus_init+0x0/0xdc @ 1
[    2.104951] initcall dma_bus_init+0x0/0xdc returned 0 after 0 usecs
[    2.105915] calling  iommu_dma_init+0x0/0x10 @ 1
[    2.106963] initcall iommu_dma_init+0x0/0x10 returned 0 after 0 usecs
[    2.107819] calling  dmi_id_init+0x0/0x37c @ 1
[    2.109960] initcall dmi_id_init+0x0/0x37c returned 0 after 976 usecs
[    2.110824] calling  pci_arch_init+0x0/0x71 @ 1
[    2.113878] PCI: MMCONFIG for domain 0000 [bus 00-ff] at [mem 0xb0000000-0xbfffffff] (base 0xb0000000)
[    2.114822] PCI: MMCONFIG at [mem 0xb0000000-0xbfffffff] reserved in E820
[    2.115914] PCI: Using configuration type 1 for base access
[    2.116962] initcall pci_arch_init+0x0/0x71 returned 0 after 4882 usecs
[    2.117837] calling  init_vdso+0x0/0x13 @ 1
[    2.118861] initcall init_vdso+0x0/0x13 returned 0 after 0 usecs
[    2.119824] calling  sysenter_setup+0x0/0x13 @ 1
[    2.120869] initcall sysenter_setup+0x0/0x13 returned 0 after 0 usecs
[    2.121822] calling  fixup_ht_bug+0x0/0xe5 @ 1
[    2.122820] initcall fixup_ht_bug+0x0/0xe5 returned 0 after 0 usecs
[    2.123822] calling  topology_init+0x0/0x88 @ 1
[    2.130873] initcall topology_init+0x0/0x88 returned 0 after 5859 usecs
[    2.131821] calling  intel_epb_init+0x0/0x68 @ 1
[    2.132823] initcall intel_epb_init+0x0/0x68 returned -19 after 0 usecs
[    2.133823] calling  mtrr_init_finialize+0x0/0x3e @ 1
[    2.134821] initcall mtrr_init_finialize+0x0/0x3e returned 0 after 0 usecs
[    2.135820] calling  uid_cache_init+0x0/0x85 @ 1
[    2.136852] initcall uid_cache_init+0x0/0x85 returned 0 after 0 usecs
[    2.137819] calling  param_sysfs_init+0x0/0x1ba @ 1
[    2.149711] initcall param_sysfs_init+0x0/0x1ba returned 0 after 9765 usecs
[    2.149823] calling  user_namespace_sysctl_init+0x0/0x33 @ 1
[    2.150841] initcall user_namespace_sysctl_init+0x0/0x33 returned 0 after 0 usecs
[    2.151820] calling  proc_schedstat_init+0x0/0x24 @ 1
[    2.152830] initcall proc_schedstat_init+0x0/0x24 returned 0 after 0 usecs
[    2.153822] calling  pm_sysrq_init+0x0/0x18 @ 1
[    2.155868] initcall pm_sysrq_init+0x0/0x18 returned 0 after 976 usecs
[    2.157988] calling  create_proc_profile+0x0/0xd0 @ 1
[    2.158829] initcall create_proc_profile+0x0/0xd0 returned 0 after 0 usecs
[    2.160820] calling  time_ns_init+0x0/0x7 @ 1
[    2.161818] initcall time_ns_init+0x0/0x7 returned 0 after 0 usecs
[    2.162819] calling  crash_save_vmcoreinfo_init+0x0/0x722 @ 1
[    2.165118] initcall crash_save_vmcoreinfo_init+0x0/0x722 returned 0 after 976 usecs
[    2.165821] calling  crash_notes_memory_init+0x0/0x35 @ 1
[    2.166824] initcall crash_notes_memory_init+0x0/0x35 returned 0 after 0 usecs
[    2.167822] calling  cgroup_sysfs_init+0x0/0x13 @ 1
[    2.168836] initcall cgroup_sysfs_init+0x0/0x13 returned 0 after 0 usecs
[    2.169979] calling  cgroup_namespaces_init+0x0/0x7 @ 1
[    2.170834] initcall cgroup_namespaces_init+0x0/0x7 returned 0 after 0 usecs
[    2.171828] calling  init_optprobes+0x0/0x13 @ 1
[    2.172975] Kprobes globally optimized
[    2.173829] initcall init_optprobes+0x0/0x13 returned 0 after 976 usecs
[    2.174829] calling  oom_init+0x0/0x2f @ 1
[    2.180821] initcall oom_init+0x0/0x2f returned 0 after 4882 usecs
[    2.181823] calling  default_bdi_init+0x0/0xb3 @ 1
[    2.186828] initcall default_bdi_init+0x0/0xb3 returned 0 after 3906 usecs
[    2.187824] calling  percpu_enable_async+0x0/0xe @ 1
[    2.188827] initcall percpu_enable_async+0x0/0xe returned 0 after 0 usecs
[    2.189823] calling  kcompactd_init+0x0/0x8d @ 1
[    2.200824] initcall kcompactd_init+0x0/0x8d returned 0 after 7812 usecs
[    2.202178] calling  init_user_reserve+0x0/0x40 @ 1
[    2.203827] initcall init_user_reserve+0x0/0x40 returned 0 after 0 usecs
[    2.204824] calling  init_admin_reserve+0x0/0x40 @ 1
[    2.205823] initcall init_admin_reserve+0x0/0x40 returned 0 after 0 usecs
[    2.206823] calling  init_reserve_notifier+0x0/0x7 @ 1
[    2.207824] initcall init_reserve_notifier+0x0/0x7 returned 0 after 0 usecs
[    2.208822] calling  swap_init_sysfs+0x0/0x62 @ 1
[    2.210132] initcall swap_init_sysfs+0x0/0x62 returned 0 after 0 usecs
[    2.211822] calling  swapfile_init+0x0/0x94 @ 1
[    2.213054] initcall swapfile_init+0x0/0x94 returned 0 after 0 usecs
[    2.213822] calling  hugetlb_init+0x0/0x4a1 @ 1
[    2.214823] HugeTLB registered 2.00 MiB page size, pre-allocated 0 pages
[    2.218460] initcall hugetlb_init+0x0/0x4a1 returned 0 after 2929 usecs
[    2.223808] calling  io_wq_init+0x0/0x34 @ 1
[    2.227819] initcall io_wq_init+0x0/0x34 returned 0 after 2929 usecs
[    2.229283] calling  seqiv_module_init+0x0/0xc @ 1
[    2.233827] initcall seqiv_module_init+0x0/0xc returned 0 after 1953 usecs
[    2.234824] calling  echainiv_module_init+0x0/0xc @ 1
[    2.235825] initcall echainiv_module_init+0x0/0xc returned 0 after 0 usecs
[    2.237808] calling  rsa_init+0x0/0x50 @ 1
[    2.278837] initcall rsa_init+0x0/0x50 returned 0 after 39062 usecs
[    2.279826] calling  crypto_cmac_module_init+0x0/0xc @ 1
[    2.280826] initcall crypto_cmac_module_init+0x0/0xc returned 0 after 0 usecs
[    2.282824] calling  hmac_module_init+0x0/0xc @ 1
[    2.281808] cryptomgr_test (39) used greatest stack depth: 14848 bytes left
[    2.283826] initcall hmac_module_init+0x0/0xc returned 0 after 0 usecs
[    2.285824] calling  crypto_null_mod_init+0x0/0x65 @ 1
[    2.324842] initcall crypto_null_mod_init+0x0/0x65 returned 0 after 37109 usecs
[    2.332832] calling  md5_mod_init+0x0/0xc @ 1
[    2.347647] initcall md5_mod_init+0x0/0xc returned 0 after 8789 usecs
[    2.355824] calling  sha256_generic_mod_init+0x0/0x11 @ 1
[    2.377838] initcall sha256_generic_mod_init+0x0/0x11 returned 0 after 17578 usecs
[    2.384832] calling  crypto_cbc_module_init+0x0/0xc @ 1
[    2.390080] initcall crypto_cbc_module_init+0x0/0xc returned 0 after 0 usecs
[    2.397821] calling  crypto_ctr_module_init+0x0/0x11 @ 1
[    2.403828] initcall crypto_ctr_module_init+0x0/0x11 returned 0 after 0 usecs
[    2.411820] calling  crypto_gcm_module_init+0x0/0x64 @ 1
[    2.417262] initcall crypto_gcm_module_init+0x0/0x64 returned 0 after 1953 usecs
[    2.427821] calling  crypto_ccm_module_init+0x0/0x11 @ 1
[    2.434822] initcall crypto_ccm_module_init+0x0/0x11 returned 0 after 0 usecs
[    2.444909] calling  aes_init+0x0/0xc @ 1
[    2.454465] initcall aes_init+0x0/0xc returned 0 after 3906 usecs
[    2.463055] calling  crc32c_mod_init+0x0/0xc @ 1
[    2.473490] initcall crc32c_mod_init+0x0/0xc returned 0 after 3906 usecs
[    2.482291] calling  crypto_authenc_module_init+0x0/0xc @ 1
[    2.487824] initcall crypto_authenc_module_init+0x0/0xc returned 0 after 0 usecs
[    2.496822] calling  crypto_authenc_esn_module_init+0x0/0xc @ 1
[    2.505084] initcall crypto_authenc_esn_module_init+0x0/0xc returned 0 after 0 usecs
[    2.513819] calling  drbg_init+0x0/0x7c @ 1
[    2.575828] initcall drbg_init+0x0/0x7c returned 0 after 55664 usecs
[    2.583826] calling  ghash_mod_init+0x0/0xc @ 1
[    2.593865] initcall ghash_mod_init+0x0/0xc returned 0 after 4882 usecs
[    2.601824] calling  init_bio+0x0/0x9a @ 1
[    2.610467] initcall init_bio+0x0/0x9a returned 0 after 3906 usecs
[    2.616818] calling  blk_settings_init+0x0/0x29 @ 1
[    2.621974] initcall blk_settings_init+0x0/0x29 returned 0 after 0 usecs
[    2.630821] calling  blk_ioc_init+0x0/0x29 @ 1
[    2.636821] initcall blk_ioc_init+0x0/0x29 returned 0 after 0 usecs
[    2.642821] calling  blk_mq_init+0x0/0xb9 @ 1
[    2.648936] initcall blk_mq_init+0x0/0xb9 returned 0 after 0 usecs
[    2.656819] calling  genhd_device_init+0x0/0x75 @ 1
[    2.672620] initcall genhd_device_init+0x0/0x75 returned 0 after 9765 usecs
[    2.682393] calling  pci_slot_init+0x0/0x40 @ 1
[    2.692041] initcall pci_slot_init+0x0/0x40 returned 0 after 1953 usecs
[    2.699821] calling  fbmem_init+0x0/0xd8 @ 1
[    2.719079] initcall fbmem_init+0x0/0xd8 returned 0 after 10742 usecs
[    2.727822] calling  acpi_init+0x0/0x319 @ 1
[    2.736815] ACPI: Added _OSI(Module Device)
[    2.741817] ACPI: Added _OSI(Processor Device)
[    2.748818] ACPI: Added _OSI(3.0 _SCP Extensions)
[    2.755818] ACPI: Added _OSI(Processor Aggregator Device)
[    2.763821] ACPI: Added _OSI(Linux-Dell-Video)
[    2.768819] ACPI: Added _OSI(Linux-Lenovo-NV-HDMI-Audio)
[    2.775822] ACPI: Added _OSI(Linux-HPI-Hybrid-Graphics)
[    2.797688] ACPI: 1 ACPI AML tables successfully acquired and loaded
[    2.827361] ACPI: Interpreter enabled
[    2.835345] ACPI: (supports S0 S3 S4 S5)
[    2.841044] ACPI: Using IOAPIC for interrupt routing
[    2.849667] PCI: Using host bridge windows from ACPI; if necessary, use "pci=nocrs" and report a bug
[    2.864748] ACPI: Enabled 2 GPEs in block 00 to 3F
[    2.901518] ACPI: PCI Root Bridge [PCI0] (domain 0000 [bus 00-ff])
[    2.911408] acpi PNP0A08:00: _OSC: OS supports [ExtendedConfig ASPM ClockPM Segments MSI HPX-Type3]
[    2.924592] acpi PNP0A08:00: _OSC: platform does not support [LTR]
[    2.932001] acpi PNP0A08:00: _OSC: OS now controls [PME PCIeCapability]
[    2.946497] PCI host bridge to bus 0000:00
[    2.951972] pci_bus 0000:00: root bus resource [io  0x0000-0x0cf7 window]
[    2.959828] pci_bus 0000:00: root bus resource [io  0x0d00-0xffff window]
[    2.967822] pci_bus 0000:00: root bus resource [mem 0x000a0000-0x000bffff window]
[    2.976819] pci_bus 0000:00: root bus resource [mem 0x20000000-0xafffffff window]
[    2.986822] pci_bus 0000:00: root bus resource [mem 0xc0000000-0xfebfffff window]
[    2.995821] pci_bus 0000:00: root bus resource [mem 0x100000000-0x8ffffffff window]
[    3.005830] pci_bus 0000:00: root bus resource [bus 00-ff]
[    3.014879] pci 0000:00:00.0: calling  quirk_mmio_always_on+0x0/0x10 @ 1
[    3.023338] pci 0000:00:00.0: quirk_mmio_always_on+0x0/0x10 took 0 usecs
[    3.031822] pci 0000:00:00.0: [8086:29c0] type 00 class 0x060000
[    3.042456] pci 0000:00:00.0: calling  quirk_igfx_skip_te_disable+0x0/0x80 @ 1
[    3.050907] pci 0000:00:00.0: quirk_igfx_skip_te_disable+0x0/0x80 took 0 usecs
[    3.063816] pci 0000:00:01.0: [1234:1111] type 00 class 0x030000
[    3.083808] pci 0000:00:01.0: reg 0x10: [mem 0xfd000000-0xfdffffff pref]
[    3.116808] pci 0000:00:01.0: reg 0x18: [mem 0xfebf0000-0xfebf0fff]
[    3.153808] pci 0000:00:01.0: reg 0x30: [mem 0xfebe0000-0xfebeffff pref]
[    3.176787] pci 0000:00:01.0: calling  efifb_fixup_resources+0x0/0xf0 @ 1
[    3.184975] pci 0000:00:01.0: efifb_fixup_resources+0x0/0xf0 took 0 usecs
[    3.204240] pci 0000:00:1f.0: [8086:2918] type 00 class 0x060100
[    3.210222] pci 0000:00:1f.0: calling  quirk_ich7_lpc+0x0/0x60 @ 1
[    3.219344] pci 0000:00:1f.0: quirk: [io  0x0600-0x067f] claimed by ICH6 ACPI/GPIO/TCO
[    3.231827] pci 0000:00:1f.0: quirk_ich7_lpc+0x0/0x60 took 12695 usecs
[    3.241043] pci 0000:00:1f.0: calling  quirk_igfx_skip_te_disable+0x0/0x80 @ 1
[    3.250920] pci 0000:00:1f.0: quirk_igfx_skip_te_disable+0x0/0x80 took 0 usecs
[    3.261312] pci 0000:00:1f.2: [8086:2922] type 00 class 0x010601
[    3.276818] pci 0000:00:1f.2: reg 0x20: [io  0xc040-0xc05f]
[    3.284818] pci 0000:00:1f.2: reg 0x24: [mem 0xfebf1000-0xfebf1fff]
[    3.293349] pci 0000:00:1f.2: calling  quirk_igfx_skip_te_disable+0x0/0x80 @ 1
[    3.300822] pci 0000:00:1f.2: quirk_igfx_skip_te_disable+0x0/0x80 took 0 usecs
[    3.313425] pci 0000:00:1f.3: [8086:2930] type 00 class 0x0c0500
[    3.325844] pci 0000:00:1f.3: reg 0x20: [io  0x0700-0x073f]
[    3.338434] pci 0000:00:1f.3: calling  quirk_igfx_skip_te_disable+0x0/0x80 @ 1
[    3.348828] pci 0000:00:1f.3: quirk_igfx_skip_te_disable+0x0/0x80 took 0 usecs
[    3.402510] ACPI: PCI Interrupt Link [LNKA] (IRQs 5 *10 11)
[    3.413484] ACPI: PCI Interrupt Link [LNKB] (IRQs 5 *10 11)
[    3.423862] ACPI: PCI Interrupt Link [LNKC] (IRQs 5 10 *11)
[    3.431888] ACPI: PCI Interrupt Link [LNKD] (IRQs 5 10 *11)
[    3.441205] ACPI: PCI Interrupt Link [LNKE] (IRQs 5 *10 11)
[    3.450429] ACPI: PCI Interrupt Link [LNKF] (IRQs 5 *10 11)
[    3.459899] ACPI: PCI Interrupt Link [LNKG] (IRQs 5 10 *11)
[    3.470133] ACPI: PCI Interrupt Link [LNKH] (IRQs 5 10 *11)
[    3.475080] ACPI: PCI Interrupt Link [GSIA] (IRQs *16)
[    3.481838] ACPI: PCI Interrupt Link [GSIB] (IRQs *17)
[    3.489847] ACPI: PCI Interrupt Link [GSIC] (IRQs *18)
[    3.496034] ACPI: PCI Interrupt Link [GSID] (IRQs *19)
[    3.503972] ACPI: PCI Interrupt Link [GSIE] (IRQs *20)
[    3.509007] ACPI: PCI Interrupt Link [GSIF] (IRQs *21)
[    3.518110] ACPI: PCI Interrupt Link [GSIG] (IRQs *22)
[    3.522836] ACPI: PCI Interrupt Link [GSIH] (IRQs *23)
[    3.551808] initcall acpi_init+0x0/0x319 returned 0 after 798828 usecs
[    3.557051] calling  pnp_init+0x0/0xc @ 1
[    3.564278] initcall pnp_init+0x0/0xc returned 0 after 0 usecs
[    3.568833] calling  misc_init+0x0/0xbf @ 1
[    3.577833] initcall misc_init+0x0/0xbf returned 0 after 2929 usecs
[    3.586080] calling  iommu_subsys_init+0x0/0x4e @ 1
[    3.592148] iommu: Default domain type: Translated 
[    3.598820] initcall iommu_subsys_init+0x0/0x4e returned 0 after 6835 usecs
[    3.605808] calling  vga_arb_device_init+0x0/0x261 @ 1
[    3.647808] pci 0000:00:01.0: vgaarb: setting as boot VGA device
[    3.651817] pci 0000:00:01.0: vgaarb: VGA device added: decodes=io+mem,owns=io+mem,locks=none
[    3.656827] pci 0000:00:01.0: vgaarb: bridge control possible
[    3.664818] vgaarb: loaded
[    3.668826] initcall vga_arb_device_init+0x0/0x261 returned 0 after 57617 usecs
[    3.680178] calling  cn_init+0x0/0xf0 @ 1
[    3.687814] initcall cn_init+0x0/0xf0 returned 0 after 1953 usecs
[    3.696822] calling  dma_buf_init+0x0/0xad @ 1
[    3.705585] initcall dma_buf_init+0x0/0xad returned 0 after 1953 usecs
[    3.714821] calling  dma_resv_lockdep+0x0/0x281 @ 1
[    3.726247] initcall dma_resv_lockdep+0x0/0x281 returned 0 after 3906 usecs
[    3.736820] calling  init_scsi+0x0/0x79 @ 1
[    3.745129] SCSI subsystem initialized
[    3.749821] initcall init_scsi+0x0/0x79 returned 0 after 5859 usecs
[    3.759820] calling  ata_init+0x0/0x332 @ 1
[    3.767473] libata version 3.00 loaded.
[    3.772827] initcall ata_init+0x0/0x332 returned 0 after 6835 usecs
[    3.782823] calling  phy_init+0x0/0x250 @ 1
[    3.790233] initcall phy_init+0x0/0x250 returned 0 after 976 usecs
[    3.798820] calling  init_pcmcia_cs+0x0/0x35 @ 1
[    3.805960] initcall init_pcmcia_cs+0x0/0x35 returned 0 after 0 usecs
[    3.815820] calling  usb_common_init+0x0/0x1c @ 1
[    3.822001] initcall usb_common_init+0x0/0x1c returned 0 after 0 usecs
[    3.831820] calling  usb_init+0x0/0x12e @ 1
[    3.838019] ACPI: bus type USB registered
[    3.846573] usbcore: registered new interface driver usbfs
[    3.855833] usbcore: registered new interface driver hub
[    3.863916] usbcore: registered new device driver usb
[    3.871824] initcall usb_init+0x0/0x12e returned 0 after 33203 usecs
[    3.881822] calling  serio_init+0x0/0x29 @ 1
[    3.888954] initcall serio_init+0x0/0x29 returned 0 after 0 usecs
[    3.897825] calling  input_init+0x0/0xf6 @ 1
[    3.904990] initcall input_init+0x0/0xf6 returned 0 after 0 usecs
[    3.914823] calling  rtc_init+0x0/0x4d @ 1
[    3.920865] initcall rtc_init+0x0/0x4d returned 0 after 0 usecs
[    3.929821] calling  pps_init+0x0/0xa9 @ 1
[    3.935995] pps_core: LinuxPPS API ver. 1 registered
[    3.943817] pps_core: Software ver. 5.3.6 - Copyright 2005-2007 Rodolfo Giometti <giometti@linux.it>
[    3.957824] initcall pps_init+0x0/0xa9 returned 0 after 21484 usecs
[    3.966822] calling  ptp_init+0x0/0x98 @ 1
[    3.972852] PTP clock support registered
[    3.978817] initcall ptp_init+0x0/0x98 returned 0 after 5859 usecs
[    3.987822] calling  power_supply_class_init+0x0/0x3f @ 1
[    3.995858] initcall power_supply_class_init+0x0/0x3f returned 0 after 976 usecs
[    4.005821] calling  hwmon_init+0x0/0x104 @ 1
[    4.012852] initcall hwmon_init+0x0/0x104 returned 0 after 0 usecs
[    4.021819] calling  md_init+0x0/0x16b @ 1
[    4.029906] initcall md_init+0x0/0x16b returned 0 after 1953 usecs
[    4.038825] calling  leds_init+0x0/0x3b @ 1
[    4.043860] initcall leds_init+0x0/0x3b returned 0 after 0 usecs
[    4.050818] calling  dmi_init+0x0/0x113 @ 1
[    4.056070] initcall dmi_init+0x0/0x113 returned 0 after 0 usecs
[    4.062817] calling  efisubsys_init+0x0/0x4e7 @ 1
[    4.067864] initcall efisubsys_init+0x0/0x4e7 returned 0 after 0 usecs
[    4.075817] calling  nvmem_init+0x0/0xc @ 1
[    4.081009] initcall nvmem_init+0x0/0xc returned 0 after 0 usecs
[    4.087817] calling  init_soundcore+0x0/0x33 @ 1
[    4.092921] initcall init_soundcore+0x0/0x33 returned 0 after 0 usecs
[    4.100817] calling  alsa_sound_init+0x0/0x8f @ 1
[    4.106938] Advanced Linux Sound Architecture Driver Initialized.
[    4.113819] initcall alsa_sound_init+0x0/0x8f returned 0 after 7812 usecs
[    4.121818] calling  alsa_seq_device_init+0x0/0x71 @ 1
[    4.127885] initcall alsa_seq_device_init+0x0/0x71 returned 0 after 0 usecs
[    4.135817] calling  hda_bus_init+0x0/0xc @ 1
[    4.140864] initcall hda_bus_init+0x0/0xc returned 0 after 0 usecs
[    4.147817] calling  proto_init+0x0/0xc @ 1
[    4.154966] initcall proto_init+0x0/0xc returned 0 after 0 usecs
[    4.161823] calling  net_dev_init+0x0/0x27f @ 1
[    4.170438] initcall net_dev_init+0x0/0x27f returned 0 after 2929 usecs
[    4.177838] calling  neigh_init+0x0/0x84 @ 1
[    4.182842] initcall neigh_init+0x0/0x84 returned 0 after 0 usecs
[    4.189819] calling  fib_notifier_init+0x0/0xc @ 1
[    4.195824] initcall fib_notifier_init+0x0/0xc returned 0 after 0 usecs
[    4.203859] calling  fib_rules_init+0x0/0xab @ 1
[    4.209892] initcall fib_rules_init+0x0/0xab returned 0 after 0 usecs
[    4.216819] calling  pktsched_init+0x0/0x10e @ 1
[    4.223021] initcall pktsched_init+0x0/0x10e returned 0 after 0 usecs
[    4.229818] calling  tc_filter_init+0x0/0xfa @ 1
[    4.235898] initcall tc_filter_init+0x0/0xfa returned 0 after 0 usecs
[    4.243818] calling  tc_action_init+0x0/0x54 @ 1
[    4.248822] initcall tc_action_init+0x0/0x54 returned 0 after 0 usecs
[    4.256817] calling  ethnl_init+0x0/0x52 @ 1
[    4.262007] initcall ethnl_init+0x0/0x52 returned 0 after 0 usecs
[    4.268819] calling  nexthop_init+0x0/0xd8 @ 1
[    4.274961] initcall nexthop_init+0x0/0xd8 returned 0 after 0 usecs
[    4.281818] calling  cipso_v4_init+0x0/0x8d @ 1
[    4.288151] initcall cipso_v4_init+0x0/0x8d returned 0 after 0 usecs
[    4.296886] calling  ieee80211_init+0x0/0x24 @ 1
[    4.304818] initcall ieee80211_init+0x0/0x24 returned 0 after 976 usecs
[    4.313821] calling  netlbl_init+0x0/0x78 @ 1
[    4.319818] NetLabel: Initializing
[    4.324817] NetLabel:  domain hash size = 128
[    4.330816] NetLabel:  protocols = UNLABELED CIPSOv4 CALIPSO
[    4.338026] NetLabel:  unlabeled traffic allowed by default
[    4.345823] initcall netlbl_init+0x0/0x78 returned 0 after 25390 usecs
[    4.352819] calling  rfkill_init+0x0/0x136 @ 1
[    4.359236] initcall rfkill_init+0x0/0x136 returned 0 after 976 usecs
[    4.366823] calling  pci_subsys_init+0x0/0x66 @ 1
[    4.371938] PCI: Using ACPI for IRQ routing
[    5.067816] PCI: pci_cache_line_size set to 64 bytes
[    5.074357] e820: reserve RAM buffer [mem 0x0009fc00-0x0009ffff]
[    5.081099] e820: reserve RAM buffer [mem 0x1ffdf000-0x1fffffff]
[    5.087978] initcall pci_subsys_init+0x0/0x66 returned 0 after 699218 usecs
[    5.097715] calling  nmi_warning_debugfs+0x0/0x26 @ 1
[    5.103816] initcall nmi_warning_debugfs+0x0/0x26 returned 0 after 976 usecs
[    5.112226] calling  save_microcode_in_initrd+0x0/0x51 @ 1
[    5.118901] initcall save_microcode_in_initrd+0x0/0x51 returned 0 after 0 usecs
[    5.127853] calling  hpet_late_init+0x0/0x20a @ 1
[    5.135128] hpet: 3 channels of 0 reserved for per-cpu timers
[    5.141961] hpet0: at MMIO 0xfed00000, IRQs 2, 8, 0
[    5.147817] hpet0: 3 comparators, 64-bit 100.000000 MHz counter
[    5.159820] initcall hpet_late_init+0x0/0x20a returned 0 after 24414 usecs
[    5.167820] calling  init_amd_nbs+0x0/0x11c @ 1
[    5.172873] initcall init_amd_nbs+0x0/0x11c returned 0 after 0 usecs
[    5.180820] calling  clocksource_done_booting+0x0/0x43 @ 1
[    5.195497] clocksource: Switched to clocksource kvm-clock
[    5.210863] initcall clocksource_done_booting+0x0/0x43 returned 0 after 21760 usecs
[    5.220707] calling  tracer_init_tracefs+0x0/0x248 @ 1
[    5.686698] initcall tracer_init_tracefs+0x0/0x248 returned 0 after 448449 usecs
[    5.695214] calling  init_trace_printk_function_export+0x0/0x2c @ 1
[    5.702415] initcall init_trace_printk_function_export+0x0/0x2c returned 0 after 15 usecs
[    5.711695] calling  init_kprobe_trace+0x0/0x1ab @ 1
[    5.717578] initcall init_kprobe_trace+0x0/0x1ab returned 0 after 40 usecs
[    5.725357] calling  init_dynamic_event+0x0/0x3d @ 1
[    5.731112] initcall init_dynamic_event+0x0/0x3d returned 0 after 12 usecs
[    5.739161] calling  init_uprobe_trace+0x0/0x5c @ 1
[    5.745017] initcall init_uprobe_trace+0x0/0x5c returned 0 after 33 usecs
[    5.752949] calling  init_pipe_fs+0x0/0x44 @ 1
[    5.758757] initcall init_pipe_fs+0x0/0x44 returned 0 after 635 usecs
[    5.766223] calling  inotify_user_setup+0x0/0x47 @ 1
[    5.772484] initcall inotify_user_setup+0x0/0x47 returned 0 after 360 usecs
[    5.780501] calling  eventpoll_init+0x0/0xeb @ 1
[    5.793697] initcall eventpoll_init+0x0/0xeb returned 0 after 486 usecs
[    5.801565] calling  anon_inode_init+0x0/0x58 @ 1
[    5.808544] initcall anon_inode_init+0x0/0x58 returned 0 after 952 usecs
[    5.816313] calling  proc_locks_init+0x0/0x27 @ 1
[    5.822554] initcall proc_locks_init+0x0/0x27 returned 0 after 716 usecs
[    5.830316] calling  iomap_init+0x0/0x1b @ 1
[    5.840160] initcall iomap_init+0x0/0x1b returned 0 after 4685 usecs
[    5.848961] calling  dquot_init+0x0/0x106 @ 1
[    5.854500] VFS: Disk quotas dquot_6.6.0
[    5.859681] VFS: Dquot-cache hash table entries: 512 (order 0, 4096 bytes)
[    5.868296] initcall dquot_init+0x0/0x106 returned 0 after 13469 usecs
[    5.875915] calling  quota_init+0x0/0x23 @ 1
[    5.882293] initcall quota_init+0x0/0x23 returned 0 after 950 usecs
[    5.889763] calling  proc_cmdline_init+0x0/0x21 @ 1
[    5.895755] initcall proc_cmdline_init+0x0/0x21 returned 0 after 69 usecs
[    5.903787] calling  proc_consoles_init+0x0/0x24 @ 1
[    5.909684] initcall proc_consoles_init+0x0/0x24 returned 0 after 8 usecs
[    5.917488] calling  proc_cpuinfo_init+0x0/0x1e @ 1
[    5.923338] initcall proc_cpuinfo_init+0x0/0x1e returned 0 after 70 usecs
[    5.931259] calling  proc_devices_init+0x0/0x24 @ 1
[    5.937117] initcall proc_devices_init+0x0/0x24 returned 0 after 6 usecs
[    5.945269] calling  proc_interrupts_init+0x0/0x24 @ 1
[    5.951346] initcall proc_interrupts_init+0x0/0x24 returned 0 after 6 usecs
[    5.959552] calling  proc_loadavg_init+0x0/0x21 @ 1
[    5.965639] initcall proc_loadavg_init+0x0/0x21 returned 0 after 6 usecs
[    5.973815] calling  proc_meminfo_init+0x0/0x21 @ 1
[    5.980060] initcall proc_meminfo_init+0x0/0x21 returned 0 after 5 usecs
[    5.988435] calling  proc_stat_init+0x0/0x1e @ 1
[    5.994382] initcall proc_stat_init+0x0/0x1e returned 0 after 7 usecs
[    6.002508] calling  proc_uptime_init+0x0/0x21 @ 1
[    6.008475] initcall proc_uptime_init+0x0/0x21 returned 0 after 6 usecs
[    6.016480] calling  proc_version_init+0x0/0x21 @ 1
[    6.022451] initcall proc_version_init+0x0/0x21 returned 0 after 7 usecs
[    6.030426] calling  proc_softirqs_init+0x0/0x21 @ 1
[    6.036546] initcall proc_softirqs_init+0x0/0x21 returned 0 after 6 usecs
[    6.044898] calling  proc_kcore_init+0x0/0xea @ 1
[    6.051146] initcall proc_kcore_init+0x0/0xea returned 0 after 431 usecs
[    6.059242] calling  vmcore_init+0x0/0x57b @ 1
[    6.064711] initcall vmcore_init+0x0/0x57b returned 0 after 36 usecs
[    6.072466] calling  proc_kmsg_init+0x0/0x21 @ 1
[    6.078045] initcall proc_kmsg_init+0x0/0x21 returned 0 after 7 usecs
[    6.085871] calling  proc_page_init+0x0/0x3b @ 1
[    6.091607] initcall proc_page_init+0x0/0x3b returned 0 after 9 usecs
[    6.100789] calling  init_ramfs_fs+0x0/0xc @ 1
[    6.106253] initcall init_ramfs_fs+0x0/0xc returned 0 after 36 usecs
[    6.113723] calling  init_hugetlbfs_fs+0x0/0xf6 @ 1
[    6.120668] initcall init_hugetlbfs_fs+0x0/0xf6 returned 0 after 1196 usecs
[    6.128811] calling  blk_scsi_ioctl_init+0x0/0x2a5 @ 1
[    6.135095] initcall blk_scsi_ioctl_init+0x0/0x2a5 returned 0 after 62 usecs
[    6.143589] calling  acpi_event_init+0x0/0x2c @ 1
[    6.149536] initcall acpi_event_init+0x0/0x2c returned 0 after 152 usecs
[    6.157614] calling  pnp_system_init+0x0/0xc @ 1
[    6.164548] initcall pnp_system_init+0x0/0xc returned 0 after 1212 usecs
[    6.172412] calling  pnpacpi_init+0x0/0x69 @ 1
[    6.177723] pnp: PnP ACPI init
[    6.185345] pnp 00:00: Plug and Play ACPI device, IDs PNP0303 (active)
[    6.195257] pnp 00:01: Plug and Play ACPI device, IDs PNP0f13 (active)
[    6.205121] pnp 00:02: Plug and Play ACPI device, IDs PNP0400 (active)
[    6.215137] pnp 00:03: Plug and Play ACPI device, IDs PNP0501 (active)
[    6.223148] pnp 00:04: Plug and Play ACPI device, IDs PNP0b00 (active)
[    6.233783] system 00:05: [mem 0xb0000000-0xbfffffff window] has been reserved
[    6.243015] system 00:05: Plug and Play ACPI device, IDs PNP0c01 (active)
[    6.253525] pnp: PnP ACPI: found 6 devices
[    6.258643] initcall pnpacpi_init+0x0/0x69 returned 0 after 79085 usecs
[    6.266484] calling  chr_dev_init+0x0/0x14d @ 1
[    6.378371] initcall chr_dev_init+0x0/0x14d returned 0 after 103919 usecs
[    6.387306] calling  firmware_class_init+0x0/0x14a @ 1
[    6.394370] initcall firmware_class_init+0x0/0x14a returned 0 after 562 usecs
[    6.403968] calling  init_pcmcia_bus+0x0/0x5b @ 1
[    6.410541] initcall init_pcmcia_bus+0x0/0x5b returned 0 after 235 usecs
[    6.420272] calling  init_acpi_pm_clocksource+0x0/0xda @ 1
[    6.433420] clocksource: acpi_pm: mask: 0xffffff max_cycles: 0xffffff, max_idle_ns: 2085701024 ns
[    6.445159] initcall init_acpi_pm_clocksource+0x0/0xda returned 0 after 17077 usecs
[    6.454698] calling  sysctl_core_init+0x0/0x26 @ 1
[    6.461174] initcall sysctl_core_init+0x0/0x26 returned 0 after 244 usecs
[    6.469882] calling  eth_offload_init+0x0/0x13 @ 1
[    6.476807] initcall eth_offload_init+0x0/0x13 returned 0 after 234 usecs
[    6.485604] calling  ipv4_offload_init+0x0/0x73 @ 1
[    6.492250] initcall ipv4_offload_init+0x0/0x73 returned 0 after 109 usecs
[    6.501120] calling  inet_init+0x0/0x276 @ 1
[    6.507292] NET: Registered protocol family 2
[    6.515291] IP idents hash table entries: 8192 (order: 4, 65536 bytes, linear)
[    6.531435] tcp_listen_portaddr_hash hash table entries: 256 (order: 2, 20480 bytes, linear)
[    6.543313] TCP established hash table entries: 4096 (order: 3, 32768 bytes, linear)
[    6.554334] TCP bind hash table entries: 4096 (order: 6, 294912 bytes, linear)
[    6.576487] TCP: Hash tables configured (established 4096 bind 4096)
[    6.587916] UDP hash table entries: 256 (order: 3, 40960 bytes, linear)
[    6.599730] UDP-Lite hash table entries: 256 (order: 3, 40960 bytes, linear)
[    6.611160] initcall inet_init+0x0/0x276 returned 0 after 101914 usecs
[    6.619663] calling  af_unix_init+0x0/0x4d @ 1
[    6.625586] NET: Registered protocol family 1
[    6.635632] initcall af_unix_init+0x0/0x4d returned 0 after 9835 usecs
[    6.653306] calling  ipv6_offload_init+0x0/0x7e @ 1
[    6.661477] initcall ipv6_offload_init+0x0/0x7e returned 0 after 361 usecs
[    6.672614] calling  init_sunrpc+0x0/0x65 @ 1
[    6.708820] RPC: Registered named UNIX socket transport module.
[    6.717703] RPC: Registered udp transport module.
[    6.725452] RPC: Registered tcp transport module.
[    6.731731] RPC: Registered tcp NFSv4.1 backchannel transport module.
[    6.740142] initcall init_sunrpc+0x0/0x65 returned 0 after 58594 usecs
[    6.749617] calling  cfg80211_init+0x0/0xc5 @ 1
[    6.780277] initcall cfg80211_init+0x0/0xc5 returned 0 after 17392 usecs
[    6.788550] calling  pcibios_assign_resources+0x0/0xbf @ 1
[    6.796910] pci_bus 0000:00: resource 4 [io  0x0000-0x0cf7 window]
[    6.804705] pci_bus 0000:00: resource 5 [io  0x0d00-0xffff window]
[    6.818322] pci_bus 0000:00: resource 6 [mem 0x000a0000-0x000bffff window]
[    6.827810] pci_bus 0000:00: resource 7 [mem 0x20000000-0xafffffff window]
[    6.836702] pci_bus 0000:00: resource 8 [mem 0xc0000000-0xfebfffff window]
[    6.846352] pci_bus 0000:00: resource 9 [mem 0x100000000-0x8ffffffff window]
[    6.861004] initcall pcibios_assign_resources+0x0/0xbf returned 0 after 63823 usecs
[    6.871425] calling  pci_apply_final_quirks+0x0/0x124 @ 1
[    6.879362] pci 0000:00:01.0: calling  pci_fixup_video+0x0/0xe0 @ 1
[    6.888291] pci 0000:00:01.0: Video device with shadowed ROM at [mem 0x000c0000-0x000dffff]
[    6.898788] pci 0000:00:01.0: pci_fixup_video+0x0/0xe0 took 10958 usecs
[    6.907875] PCI: CLS 0 bytes, default 64
[    6.914139] initcall pci_apply_final_quirks+0x0/0x124 returned 0 after 34802 usecs
[    6.925224] calling  acpi_reserve_resources+0x0/0xea @ 1
[    6.933689] initcall acpi_reserve_resources+0x0/0xea returned 0 after 56 usecs
[    6.944981] calling  populate_rootfs+0x0/0x102 @ 1
[    6.963978] initcall populate_rootfs+0x0/0x102 returned 0 after 11300 usecs
[    6.973259] calling  pci_iommu_init+0x0/0x3e @ 1
[    6.980069] initcall pci_iommu_init+0x0/0x3e returned 0 after 741 usecs
[    6.989210] calling  ia32_binfmt_init+0x0/0x13 @ 1
[    6.995435] initcall ia32_binfmt_init+0x0/0x13 returned 0 after 59 usecs
[    7.003675] calling  rapl_pmu_init+0x0/0x267 @ 1
[    7.010201] initcall rapl_pmu_init+0x0/0x267 returned -19 after 534 usecs
[    7.018704] calling  amd_uncore_init+0x0/0x310 @ 1
[    7.024785] initcall amd_uncore_init+0x0/0x310 returned -19 after 0 usecs
[    7.033175] calling  amd_ibs_init+0x0/0x25f @ 1
[    7.039161] initcall amd_ibs_init+0x0/0x25f returned -19 after 0 usecs
[    7.047383] calling  amd_iommu_pc_init+0x0/0x22c @ 1
[    7.053618] initcall amd_iommu_pc_init+0x0/0x22c returned -19 after 68 usecs
[    7.062493] calling  msr_init+0x0/0x55 @ 1
[    7.068144] initcall msr_init+0x0/0x55 returned 0 after 218 usecs
[    7.075765] calling  intel_uncore_init+0x0/0x36f @ 1
[    7.082846] initcall intel_uncore_init+0x0/0x36f returned -19 after 338 usecs
[    7.091691] calling  cstate_pmu_init+0x0/0x1a1 @ 1
[    7.098426] initcall cstate_pmu_init+0x0/0x1a1 returned -19 after 0 usecs
[    7.107392] calling  register_kernel_offset_dumper+0x0/0x1a @ 1
[    7.115149] initcall register_kernel_offset_dumper+0x0/0x1a returned 0 after 156 usecs
[    7.125163] calling  i8259A_init_ops+0x0/0x20 @ 1
[    7.131605] initcall i8259A_init_ops+0x0/0x20 returned 0 after 3 usecs
[    7.140413] calling  init_tsc_clocksource+0x0/0xa4 @ 1
[    7.147206] clocksource: tsc: mask: 0xffffffffffffffff max_cycles: 0x39a85afc727, max_idle_ns: 881590685098 ns
[    7.159932] initcall init_tsc_clocksource+0x0/0xa4 returned 0 after 12423 usecs
[    7.170608] calling  add_rtc_cmos+0x0/0xb0 @ 1
[    7.178046] initcall add_rtc_cmos+0x0/0xb0 returned 0 after 223 usecs
[    7.186348] calling  i8237A_init_ops+0x0/0x3a @ 1
[    7.192564] initcall i8237A_init_ops+0x0/0x3a returned 0 after 299 usecs
[    7.201137] calling  umwait_init+0x0/0x94 @ 1
[    7.207052] initcall umwait_init+0x0/0x94 returned -19 after 152 usecs
[    7.215471] calling  thermal_throttle_init_device+0x0/0x3d @ 1
[    7.224148] initcall thermal_throttle_init_device+0x0/0x3d returned 0 after 201 usecs
[    7.234257] calling  msr_init+0x0/0xd7 @ 1
[    7.253207] initcall msr_init+0x0/0xd7 returned 0 after 12942 usecs
[    7.261202] calling  cpuid_init+0x0/0xd7 @ 1
[    7.275146] initcall cpuid_init+0x0/0xd7 returned 0 after 8086 usecs
[    7.282960] calling  ioapic_init_ops+0x0/0x13 @ 1
[    7.288668] initcall ioapic_init_ops+0x0/0x13 returned 0 after 28 usecs
[    7.296704] calling  add_pcspkr+0x0/0x6c @ 1
[    7.302188] initcall add_pcspkr+0x0/0x6c returned 0 after 113 usecs
[    7.310463] calling  start_periodic_check_for_corruption+0x0/0x30 @ 1
[    7.318537] check: Scanning for low memory corruption every 60 seconds
[    7.326305] initcall start_periodic_check_for_corruption+0x0/0x30 returned 0 after 7730 usecs
[    7.336624] calling  sysfb_init+0x0/0x9c @ 1
[    7.342630] initcall sysfb_init+0x0/0x9c returned 0 after 488 usecs
[    7.350422] calling  audit_classes_init+0x0/0xae @ 1
[    7.357011] initcall audit_classes_init+0x0/0xae returned 0 after 54 usecs
[    7.365707] calling  iosf_mbi_init+0x0/0x24 @ 1
[    7.372356] initcall iosf_mbi_init+0x0/0x24 returned 0 after 628 usecs
[    7.380793] calling  proc_execdomains_init+0x0/0x21 @ 1
[    7.387641] initcall proc_execdomains_init+0x0/0x21 returned 0 after 10 usecs
[    7.396450] calling  register_warn_debugfs+0x0/0x23 @ 1
[    7.403114] initcall register_warn_debugfs+0x0/0x23 returned 0 after 26 usecs
[    7.412318] calling  cpuhp_sysfs_init+0x0/0x79 @ 1
[    7.418707] initcall cpuhp_sysfs_init+0x0/0x79 returned 0 after 136 usecs
[    7.427130] calling  ioresources_init+0x0/0x49 @ 1
[    7.433215] initcall ioresources_init+0x0/0x49 returned 0 after 12 usecs
[    7.443000] calling  lockdep_proc_init+0x0/0x64 @ 1
[    7.449254] initcall lockdep_proc_init+0x0/0x64 returned 0 after 34 usecs
[    7.457676] calling  snapshot_device_init+0x0/0xc @ 1
[    7.465694] initcall snapshot_device_init+0x0/0xc returned 0 after 1615 usecs
[    7.475090] calling  irq_pm_init_ops+0x0/0x13 @ 1
[    7.481685] initcall irq_pm_init_ops+0x0/0x13 returned 0 after 21 usecs
[    7.491170] calling  rcu_torture_init+0x0/0x9be @ 1
[    7.499619] tasks-tracing-torture:--- Start of test: nreaders=3 nfakewriters=4 stat_interval=15 verbose=1 test_no_idle_hz=1 shuffle_interval=3 stutter=5 irqreader=1 fqs_duration=0 fqs_holdoff=0 fqs_stutter=3 test_boost=1/0 test_boost_interval=7 test_boost_duration=4 shutdown_secs=3600 stall_cpu=0 stall_cpu_holdoff=10 stall_cpu_irqsoff=0 stall_cpu_block=0 n_barrier_cbs=4 onoff_interval=1000 onoff_holdoff=30 read_exit_delay=13 read_exit_burst=16
[    7.552238] tasks-tracing:  Start-test grace-period state: g0 f0x0
[    7.562325] tasks-tracing-torture: Creating rcu_torture_writer task
[    7.574712] tasks-tracing-torture: Creating rcu_torture_fakewriter task
[    7.575260] tasks-tracing-torture: rcu_torture_writer task started
[    7.587810] tasks-tracing-torture: Creating rcu_torture_fakewriter task
[    7.588533] tasks-tracing-torture: rcu_torture_fakewriter task started
[    7.592181] tasks-tracing-torture: GP expediting controlled from boot/sysfs for tasks-tracing.
[    7.592184] rcu_torture_writer: Testing expedited GPs.
[    7.592186] rcu_torture_writer: Testing asynchronous GPs.
[    7.592187] rcu_torture_writer: Testing normal GPs.
[    7.647361] tasks-tracing-torture: Creating rcu_torture_fakewriter task
[    7.647734] tasks-tracing-torture: rcu_torture_fakewriter task started
[    7.659476] tasks-tracing-torture: Creating rcu_torture_fakewriter task
[    7.660067] tasks-tracing-torture: rcu_torture_fakewriter task started
[    7.705888] tasks-tracing-torture: Creating rcu_torture_reader task
[    7.708308] tasks-tracing-torture: rcu_torture_fakewriter task started
[    7.722218] tasks-tracing-torture: Creating rcu_torture_reader task
[    7.723731] tasks-tracing-torture: rcu_torture_reader task started
[    7.748568] tasks-tracing-torture: Creating rcu_torture_reader task
[    7.749850] tasks-tracing-torture: rcu_torture_reader task started
[    7.766662] tasks-tracing-torture: Creating rcu_torture_stats task
[    7.767888] tasks-tracing-torture: rcu_torture_reader task started
[    7.777260] tasks-tracing-torture: Creating torture_shuffle task
[    7.780046] tasks-tracing-torture: rcu_torture_stats task started
[    7.808357] tasks-tracing-torture: Creating torture_stutter task
[    7.808395] tasks-tracing-torture: torture_shuffle task started
[    7.820335] tasks-tracing-torture: torture_stutter task started
[    7.820410] tasks-tracing-torture: Creating torture_shutdown task
[    7.827315] tasks-tracing-torture: Creating torture_onoff task
[    7.827318] tasks-tracing-torture: torture_shutdown task started
[    7.827322] tasks-tracing-torture:torture_shutdown task: 3599993 ms remaining
[    7.885142] tasks-tracing-torture: rcu_torture_fwd_prog_init: Disabled, unsupported by RCU flavor under test
[    7.886165] tasks-tracing-torture: torture_onoff task started
[    7.900568] tasks-tracing-torture: Creating rcu_torture_barrier_cbs task
[    7.902722] tasks-tracing-torture: Creating rcu_torture_barrier_cbs task
[    7.902750] tasks-tracing-torture: rcu_torture_barrier_cbs task started
[    7.908414] tasks-tracing-torture: torture_onoff begin holdoff
[    7.956501] tasks-tracing-torture: Creating rcu_torture_barrier_cbs task
[    7.957659] tasks-tracing-torture: rcu_torture_barrier_cbs task started
[    7.969300] tasks-tracing-torture: Creating rcu_torture_barrier_cbs task
[    7.969429] tasks-tracing-torture: rcu_torture_barrier_cbs task started
[    8.002413] tasks-tracing-torture: Creating rcu_torture_barrier task
[    8.003176] tasks-tracing-torture: rcu_torture_barrier_cbs task started
[    8.014618] tasks-tracing-torture: Creating rcu_torture_read_exit task
[    8.015535] tasks-tracing-torture: rcu_torture_barrier task starting
[    8.047297] initcall rcu_torture_init+0x0/0x9be returned 0 after 535392 usecs
[    8.047843] tasks-tracing-torture: rcu_torture_read_exit: Start of test
[    8.058059] calling  timekeeping_init_ops+0x0/0x13 @ 1
[    8.058066] initcall timekeeping_init_ops+0x0/0x13 returned 0 after 2 usecs
[    8.058070] calling  init_clocksource_sysfs+0x0/0x23 @ 1
[    8.059373] initcall init_clocksource_sysfs+0x0/0x23 returned 0 after 1266 usecs
[    8.072349] rcu_torture_rea (87) used greatest stack depth: 14352 bytes left
[    8.074995] calling  init_timer_list_procfs+0x0/0x31 @ 1
[    8.075040] initcall init_timer_list_procfs+0x0/0x31 returned 0 after 39 usecs
[    8.075044] calling  alarmtimer_init+0x0/0xf5 @ 1
[    8.075248] initcall alarmtimer_init+0x0/0xf5 returned 0 after 195 usecs
[    8.178919] calling  init_posix_timers+0x0/0x29 @ 1
[    8.187610] initcall init_posix_timers+0x0/0x29 returned 0 after 132 usecs
[    8.198285] calling  clockevents_init_sysfs+0x0/0xbf @ 1
[    8.207867] initcall clockevents_init_sysfs+0x0/0xbf returned 0 after 1184 usecs
[    8.219312] calling  proc_dma_init+0x0/0x21 @ 1
[    8.226536] initcall proc_dma_init+0x0/0x21 returned 0 after 49 usecs
[    8.236176] calling  proc_modules_init+0x0/0x1e @ 1
[    8.243628] initcall proc_modules_init+0x0/0x1e returned 0 after 7 usecs
[    8.253306] calling  kallsyms_init+0x0/0x21 @ 1
[    8.260031] initcall kallsyms_init+0x0/0x21 returned 0 after 8 usecs
[    8.268831] calling  pid_namespaces_init+0x0/0x2c @ 1
[    8.276003] initcall pid_namespaces_init+0x0/0x2c returned 0 after 18 usecs
[    8.286755] calling  audit_watch_init+0x0/0x37 @ 1
[    8.294215] initcall audit_watch_init+0x0/0x37 returned 0 after 361 usecs
[    8.304178] calling  audit_fsnotify_init+0x0/0x37 @ 1
[    8.312012] initcall audit_fsnotify_init+0x0/0x37 returned 0 after 4 usecs
[    8.321810] calling  audit_tree_init+0x0/0x6d @ 1
[    8.328126] initcall audit_tree_init+0x0/0x6d returned 0 after 13 usecs
[    8.338018] calling  seccomp_sysctl_init+0x0/0x2b @ 1
[    8.348294] initcall seccomp_sysctl_init+0x0/0x2b returned 0 after 92 usecs
[    8.358528] calling  utsname_sysctl_init+0x0/0x13 @ 1
[    8.366809] initcall utsname_sysctl_init+0x0/0x13 returned 0 after 135 usecs
[    8.377719] calling  init_tracepoints+0x0/0x27 @ 1
[    8.385862] initcall init_tracepoints+0x0/0x27 returned 0 after 3 usecs
[    8.396457] calling  init_blk_tracer+0x0/0x50 @ 1
[    8.404826] initcall init_blk_tracer+0x0/0x50 returned 0 after 307 usecs
[    8.415566] calling  perf_event_sysfs_init+0x0/0x83 @ 1
[    8.424627] initcall perf_event_sysfs_init+0x0/0x83 returned 0 after 1062 usecs
[    8.437366] calling  system_trusted_keyring_init+0x0/0x60 @ 1
[    8.446780] Initialise system trusted keyrings
[    8.454522] initcall system_trusted_keyring_init+0x0/0x60 returned 0 after 7556 usecs
[    8.466961] calling  kswapd_init+0x0/0x5c @ 1
[    8.481653] initcall kswapd_init+0x0/0x5c returned 0 after 7319 usecs
[    8.491540] calling  extfrag_debug_init+0x0/0x54 @ 1
[    8.499400] initcall extfrag_debug_init+0x0/0x54 returned 0 after 39 usecs
[    8.510481] calling  mm_compute_batch_init+0x0/0x12 @ 1
[    8.518725] initcall mm_compute_batch_init+0x0/0x12 returned 0 after 26 usecs
[    8.530232] calling  slab_proc_init+0x0/0x21 @ 1
[    8.538130] initcall slab_proc_init+0x0/0x21 returned 0 after 102 usecs
[    8.549859] calling  workingset_init+0x0/0x8c @ 1
[    8.557283] workingset: timestamp_bits=56 max_order=17 bucket_order=0
[    8.568317] initcall workingset_init+0x0/0x8c returned 0 after 10772 usecs
[    8.577798] calling  proc_vmalloc_init+0x0/0x32 @ 1
[    8.585253] initcall proc_vmalloc_init+0x0/0x32 returned 0 after 9 usecs
[    8.611023] calling  procswaps_init+0x0/0x1e @ 1
[    8.624173] initcall procswaps_init+0x0/0x1e returned 0 after 2834 usecs
[    8.635320] calling  slab_sysfs_init+0x0/0xec @ 1
[    8.799233] initcall slab_sysfs_init+0x0/0xec returned 0 after 151896 usecs
[    8.810583] calling  fcntl_init+0x0/0x29 @ 1
[    8.824195] initcall fcntl_init+0x0/0x29 returned 0 after 6575 usecs
[    8.833074] calling  proc_filesystems_init+0x0/0x21 @ 1
[    8.840802] initcall proc_filesystems_init+0x0/0x21 returned 0 after 319 usecs
[    8.850746] calling  start_dirtytime_writeback+0x0/0x29 @ 1
[    8.858878] initcall start_dirtytime_writeback+0x0/0x29 returned 0 after 278 usecs
[    8.870871] calling  blkdev_init+0x0/0x1b @ 1
[    8.882844] initcall blkdev_init+0x0/0x1b returned 0 after 4919 usecs
[    8.893277] calling  dio_init+0x0/0x2c @ 1
[    8.899952] initcall dio_init+0x0/0x2c returned 0 after 297 usecs
[    8.909069] calling  dnotify_init+0x0/0x78 @ 1
[    8.916847] initcall dnotify_init+0x0/0x78 returned 0 after 1022 usecs
[    8.926839] calling  aio_setup+0x0/0x78 @ 1
[    8.954798] initcall aio_setup+0x0/0x78 returned 0 after 20937 usecs
[    8.964596] calling  io_uring_init+0x0/0x2c @ 1
[    8.972022] initcall io_uring_init+0x0/0x2c returned 0 after 16 usecs
[    8.982700] calling  mbcache_init+0x0/0x30 @ 1
[    8.990154] initcall mbcache_init+0x0/0x30 returned 0 after 246 usecs
[    8.999726] calling  init_grace+0x0/0xc @ 1
[    9.007649] initcall init_grace+0x0/0xc returned 0 after 806 usecs
[    9.016886] calling  init_v2_quota_format+0x0/0x21 @ 1
[    9.025516] initcall init_v2_quota_format+0x0/0x21 returned 0 after 1351 usecs
[    9.035823] calling  init_devpts_fs+0x0/0x27 @ 1
[    9.045394] initcall init_devpts_fs+0x0/0x27 returned 0 after 2684 usecs
[    9.056056] calling  ext4_init_fs+0x0/0x1c2 @ 1
[    9.067350] initcall ext4_init_fs+0x0/0x1c2 returned 0 after 4456 usecs
[    9.077138] calling  journal_init+0x0/0x11c @ 1
[    9.084567] initcall journal_init+0x0/0x11c returned 0 after 716 usecs
[    9.096704] calling  init_fat_fs+0x0/0x49 @ 1
[    9.105430] initcall init_fat_fs+0x0/0x49 returned 0 after 629 usecs
[    9.116562] calling  init_vfat_fs+0x0/0xc @ 1
[    9.123033] initcall init_vfat_fs+0x0/0xc returned 0 after 6 usecs
[    9.131834] calling  init_msdos_fs+0x0/0xc @ 1
[    9.138247] initcall init_msdos_fs+0x0/0xc returned 0 after 4 usecs
[    9.148482] calling  init_iso9660_fs+0x0/0x6c @ 1
[    9.158243] initcall init_iso9660_fs+0x0/0x6c returned 0 after 3041 usecs
[    9.168209] calling  init_nfs_fs+0x0/0x13a @ 1
[    9.215687] initcall init_nfs_fs+0x0/0x13a returned 0 after 37975 usecs
[    9.226107] calling  init_nfs_v2+0x0/0x13 @ 1
[    9.235211] initcall init_nfs_v2+0x0/0x13 returned 0 after 2065 usecs
[    9.245629] calling  init_nfs_v3+0x0/0x13 @ 1
[    9.252468] initcall init_nfs_v3+0x0/0x13 returned 0 after 3 usecs
[    9.263027] calling  init_nfs_v4+0x0/0x32 @ 1
[    9.270044] NFS: Registering the id_resolver key type
[    9.281151] Key type id_resolver registered
[    9.288590] Key type id_legacy registered
[    9.295276] initcall init_nfs_v4+0x0/0x32 returned 0 after 24978 usecs
[    9.304849] calling  init_nlm+0x0/0x5b @ 1
[    9.311462] initcall init_nlm+0x0/0x5b returned 0 after 270 usecs
[    9.321460] calling  init_nls_cp437+0x0/0xe @ 1
[    9.329191] initcall init_nls_cp437+0x0/0xe returned 0 after 559 usecs
[    9.339219] calling  init_nls_ascii+0x0/0xe @ 1
[    9.346207] initcall init_nls_ascii+0x0/0xe returned 0 after 2 usecs
[    9.355591] calling  init_nls_iso8859_1+0x0/0xe @ 1
[    9.363538] initcall init_nls_iso8859_1+0x0/0xe returned 0 after 2 usecs
[    9.373634] calling  init_nls_utf8+0x0/0x21 @ 1
[    9.381025] initcall init_nls_utf8+0x0/0x21 returned 0 after 3 usecs
[    9.391241] calling  init_autofs_fs+0x0/0x25 @ 1
[    9.414452] initcall init_autofs_fs+0x0/0x25 returned 0 after 15231 usecs
[    9.426124] calling  ipc_init+0x0/0x24 @ 1
[    9.433530] initcall ipc_init+0x0/0x24 returned 0 after 1142 usecs
[    9.443815] calling  ipc_sysctl_init+0x0/0x13 @ 1
[    9.452191] initcall ipc_sysctl_init+0x0/0x13 returned 0 after 389 usecs
[    9.463801] calling  init_mqueue_fs+0x0/0xb1 @ 1
[    9.481743] initcall init_mqueue_fs+0x0/0xb1 returned 0 after 10081 usecs
[    9.492621] calling  key_proc_init+0x0/0x63 @ 1
[    9.500302] initcall key_proc_init+0x0/0x63 returned 0 after 397 usecs
[    9.511355] calling  selinux_nf_ip_init+0x0/0x2e @ 1
[    9.520744] initcall selinux_nf_ip_init+0x0/0x2e returned 0 after 148 usecs
[    9.531666] calling  init_sel_fs+0x0/0x116 @ 1
[    9.539076] initcall init_sel_fs+0x0/0x116 returned 0 after 1 usecs
[    9.550096] calling  selnl_init+0x0/0x7c @ 1
[    9.560295] initcall selnl_init+0x0/0x7c returned 0 after 2217 usecs
[    9.571388] calling  sel_netif_init+0x0/0x36 @ 1
[    9.578730] initcall sel_netif_init+0x0/0x36 returned 0 after 1 usecs
[    9.589370] calling  sel_netnode_init+0x0/0x33 @ 1
[    9.597062] initcall sel_netnode_init+0x0/0x33 returned 0 after 0 usecs
[    9.607495] calling  sel_netport_init+0x0/0x33 @ 1
[    9.614649] initcall sel_netport_init+0x0/0x33 returned 0 after 1 usecs
[    9.625151] calling  aurule_init+0x0/0x2a @ 1
[    9.631817] initcall aurule_init+0x0/0x2a returned 0 after 3 usecs
[    9.641966] calling  crypto_algapi_init+0x0/0xc @ 1
[    9.650062] initcall crypto_algapi_init+0x0/0xc returned 0 after 167 usecs
[    9.659054] calling  jent_mod_init+0x0/0x2d @ 1
[    9.695394] initcall jent_mod_init+0x0/0x2d returned 0 after 28549 usecs
[    9.706176] calling  asymmetric_key_init+0x0/0xc @ 1
[    9.714353] Key type asymmetric registered
[    9.721433] initcall asymmetric_key_init+0x0/0xc returned 0 after 6912 usecs
[    9.733246] calling  x509_key_init+0x0/0xc @ 1
[    9.741770] Asymmetric key parser 'x509' registered
[    9.752161] initcall x509_key_init+0x0/0xc returned 0 after 11107 usecs
[    9.763301] calling  proc_genhd_init+0x0/0x41 @ 1
[    9.771226] initcall proc_genhd_init+0x0/0x41 returned 0 after 13 usecs
[    9.783723] calling  bsg_init+0x0/0x113 @ 1
[    9.793369] Block layer SCSI generic (bsg) driver version 0.4 loaded (major 251)
[    9.807471] initcall bsg_init+0x0/0x113 returned 0 after 15228 usecs
[    9.818395] calling  deadline_init+0x0/0xc @ 1
[    9.827098] io scheduler mq-deadline registered
[    9.835407] initcall deadline_init+0x0/0xc returned 0 after 8265 usecs
[    9.846192] calling  kyber_init+0x0/0xc @ 1
[    9.853393] io scheduler kyber registered
[    9.860577] initcall kyber_init+0x0/0xc returned 0 after 7066 usecs
[    9.870635] calling  mod_init+0x0/0x7 @ 1
[    9.877624] initcall mod_init+0x0/0x7 returned 0 after 0 usecs
[    9.887292] calling  percpu_counter_startup+0x0/0x55 @ 1
[    9.901121] initcall percpu_counter_startup+0x0/0x55 returned 0 after 4854 usecs
[    9.914322] calling  sg_pool_init+0x0/0xb4 @ 1
[    9.923492] initcall sg_pool_init+0x0/0xb4 returned 0 after 1995 usecs
[    9.934429] calling  pcie_portdrv_init+0x0/0x39 @ 1
[    9.946710] initcall pcie_portdrv_init+0x0/0x39 returned 0 after 3955 usecs
[    9.957458] calling  pci_proc_init+0x0/0x68 @ 1
[    9.965703] initcall pci_proc_init+0x0/0x68 returned 0 after 227 usecs
[    9.975574] calling  pci_hotplug_init+0x0/0x7 @ 1
[    9.982729] initcall pci_hotplug_init+0x0/0x7 returned 0 after 0 usecs
[    9.992661] calling  efifb_driver_init+0x0/0xe @ 1
[   10.002460] initcall efifb_driver_init+0x0/0xe returned 0 after 1699 usecs
[   10.012619] calling  ged_driver_init+0x0/0xe @ 1
[   10.021652] initcall ged_driver_init+0x0/0xe returned 0 after 380 usecs
[   10.031467] calling  acpi_ac_init+0x0/0x92 @ 1
[   10.046388] initcall acpi_ac_init+0x0/0x92 returned 0 after 7554 usecs
[   10.057394] calling  acpi_button_driver_init+0x0/0x52 @ 1
[   10.142845] input: Power Button as /devices/LNXSYSTM:00/LNXPWRBN:00/input/input0
[   10.180366] ACPI: Power Button [PWRF]
[   10.192068] initcall acpi_button_driver_init+0x0/0x52 returned 0 after 111120 usecs
[   10.206436] calling  acpi_fan_driver_init+0x0/0xe @ 1
[   10.220449] initcall acpi_fan_driver_init+0x0/0xe returned 0 after 5781 usecs
[   10.231900] calling  acpi_video_init+0x0/0xcb @ 1
[   10.249433] initcall acpi_video_init+0x0/0xcb returned 0 after 5079 usecs
[   10.259758] calling  acpi_processor_driver_init+0x0/0xad @ 1
[   10.286529] initcall acpi_processor_driver_init+0x0/0xad returned 0 after 18066 usecs
[   10.301429] calling  acpi_thermal_init+0x0/0x71 @ 1
[   10.333287] initcall acpi_thermal_init+0x0/0x71 returned 0 after 23639 usecs
[   10.344769] calling  acpi_battery_init+0x0/0x32 @ 1
[   10.353419] initcall acpi_battery_init+0x0/0x32 returned 0 after 778 usecs
[   10.373893] calling  bgrt_init+0x0/0xb6 @ 1
[   10.379712] initcall bgrt_init+0x0/0xb6 returned -19 after 0 usecs
[   10.388248] calling  gpio_clk_driver_init+0x0/0xe @ 1
[   10.395572] initcall gpio_clk_driver_init+0x0/0xe returned 0 after 240 usecs
[   10.405626] calling  plt_clk_driver_init+0x0/0xe @ 1
[   10.412591] initcall plt_clk_driver_init+0x0/0xe returned 0 after 33 usecs
[   10.421878] calling  virtio_pci_driver_init+0x0/0x15 @ 1
[   10.431575] initcall virtio_pci_driver_init+0x0/0x15 returned 0 after 1553 usecs
[   10.441111] calling  n_null_init+0x0/0x1e @ 1
[   10.447689] initcall n_null_init+0x0/0x1e returned 0 after 434 usecs
[   10.456006] calling  pty_init+0x0/0x1e8 @ 1
[   10.476749] initcall pty_init+0x0/0x1e8 returned 0 after 13825 usecs
[   10.485944] calling  sysrq_init+0x0/0x62 @ 1
[   10.493190] initcall sysrq_init+0x0/0x62 returned 0 after 1046 usecs
[   10.503304] calling  serial8250_init+0x0/0x17e @ 1
[   10.511341] Serial: 8250/16550 driver, 4 ports, IRQ sharing enabled
[   10.534235] 00:03: ttyS0 at I/O 0x3f8 (irq = 4, base_baud = 115200) is a 16550A
[   10.584149] initcall serial8250_init+0x0/0x17e returned 0 after 71540 usecs
[   10.593928] calling  serial_pci_driver_init+0x0/0x15 @ 1
[   10.605342] initcall serial_pci_driver_init+0x0/0x15 returned 0 after 3801 usecs
[   10.616861] calling  exar_pci_driver_init+0x0/0x15 @ 1
[   10.624584] initcall exar_pci_driver_init+0x0/0x15 returned 0 after 50 usecs
[   10.634623] calling  lpss8250_pci_driver_init+0x0/0x15 @ 1
[   10.643368] initcall lpss8250_pci_driver_init+0x0/0x15 returned 0 after 898 usecs
[   10.654750] calling  mid8250_pci_driver_init+0x0/0x15 @ 1
[   10.662744] initcall mid8250_pci_driver_init+0x0/0x15 returned 0 after 48 usecs
[   10.673630] calling  virtio_console_init+0x0/0xff @ 1
[   10.684790] initcall virtio_console_init+0x0/0xff returned 0 after 3153 usecs
[   10.695732] calling  hpet_init+0x0/0x64 @ 1
[   10.714692] initcall hpet_init+0x0/0x64 returned 0 after 12721 usecs
[   10.724030] calling  nvram_module_init+0x0/0x83 @ 1
[   10.733712] Non-volatile memory driver v1.3
[   10.740644] initcall nvram_module_init+0x0/0x83 returned 0 after 9278 usecs
[   10.751354] calling  hwrng_modinit+0x0/0x8a @ 1
[   10.762809] initcall hwrng_modinit+0x0/0x8a returned 0 after 4748 usecs
[   10.774676] calling  mod_init+0x0/0x48 @ 1
[   10.781674] initcall mod_init+0x0/0x48 returned -19 after 1 usecs
[   10.792395] calling  agp_init+0x0/0x23 @ 1
[   10.799184] Linux agpgart interface v0.103
[   10.806130] initcall agp_init+0x0/0x23 returned 0 after 6779 usecs
[   10.829257] calling  agp_amd64_mod_init+0x0/0x5 @ 1
[   10.845323] initcall agp_amd64_mod_init+0x0/0x5 returned -19 after 7561 usecs
[   10.855551] calling  agp_intel_init+0x0/0x28 @ 1
[   10.865458] initcall agp_intel_init+0x0/0x28 returned 0 after 2815 usecs
[   10.875358] calling  drm_kms_helper_init+0x0/0x7 @ 1
[   10.882077] initcall drm_kms_helper_init+0x0/0x7 returned 0 after 96 usecs
[   10.892796] calling  drm_core_init+0x0/0xbd @ 1
[   10.900327] initcall drm_core_init+0x0/0xbd returned 0 after 1263 usecs
[   10.909373] calling  i915_init+0x0/0x6b @ 1
[   10.924144] hrtimer: interrupt took 4452780 ns
[   10.943741] initcall i915_init+0x0/0x6b returned 0 after 27471 usecs
[   10.953960] calling  cn_proc_init+0x0/0x35 @ 1
[   10.960497] initcall cn_proc_init+0x0/0x35 returned 0 after 542 usecs
[   10.986344] calling  topology_sysfs_init+0x0/0x27 @ 1
[   10.996295] initcall topology_sysfs_init+0x0/0x27 returned 0 after 1984 usecs
[   11.021284] calling  cacheinfo_sysfs_init+0x0/0x27 @ 1
[   11.093352] initcall cacheinfo_sysfs_init+0x0/0x27 returned 0 after 62274 usecs
[   11.104114] calling  loop_init+0x0/0x16a @ 1
[   11.403726] loop: module loaded
[   11.409044] initcall loop_init+0x0/0x16a returned 0 after 283097 usecs
[   11.419596] calling  mac_hid_init+0x0/0x21 @ 1
[   11.427252] initcall mac_hid_init+0x0/0x21 returned 0 after 77 usecs
[   11.437319] calling  spi_transport_init+0x0/0x74 @ 1
[   11.446585] initcall spi_transport_init+0x0/0x74 returned 0 after 1204 usecs
[   11.458138] calling  init_sd+0x0/0x18c @ 1
[   11.465561] initcall init_sd+0x0/0x18c returned 0 after 574 usecs
[   11.475536] calling  init_sr+0x0/0x43 @ 1
[   11.482583] initcall init_sr+0x0/0x43 returned 0 after 75 usecs
[   11.491957] calling  init_sg+0x0/0x1c0 @ 1
[   11.499403] initcall init_sg+0x0/0x1c0 returned 0 after 179 usecs
[   11.508720] calling  ahci_pci_driver_init+0x0/0x15 @ 1
[   11.517758] ahci 0000:00:1f.2: version 3.0
[   11.532703] PCI Interrupt Link [GSIA] enabled at IRQ 16
[   11.650370] ahci 0000:00:1f.2: AHCI 0001.0000 32 slots 6 ports 1.5 Gbps 0x3f impl SATA mode
[   11.680558] ahci 0000:00:1f.2: flags: 64bit ncq only 
[   11.736938] scsi host0: ahci
[   11.764656] scsi host1: ahci
[   11.791513] scsi host2: ahci
[   11.812684] scsi host3: ahci
[   11.838295] scsi host4: ahci
[   11.850676] scsi host5: ahci
[   11.856492] ata1: SATA max UDMA/133 abar m4096@0xfebf1000 port 0xfebf1100 irq 24
[   11.868102] ata2: SATA max UDMA/133 abar m4096@0xfebf1000 port 0xfebf1180 irq 24
[   11.879228] ata3: SATA max UDMA/133 abar m4096@0xfebf1000 port 0xfebf1200 irq 24
[   11.889800] ata4: SATA max UDMA/133 abar m4096@0xfebf1000 port 0xfebf1280 irq 24
[   11.900706] ata5: SATA max UDMA/133 abar m4096@0xfebf1000 port 0xfebf1300 irq 24
[   11.911517] ata6: SATA max UDMA/133 abar m4096@0xfebf1000 port 0xfebf1380 irq 24
[   11.924943] initcall ahci_pci_driver_init+0x0/0x15 returned 0 after 398337 usecs
[   11.935682] calling  piix_init+0x0/0x26 @ 1
[   11.942127] initcall piix_init+0x0/0x26 returned 0 after 549 usecs
[   11.950710] calling  amd_pci_driver_init+0x0/0x15 @ 1
[   11.957899] initcall amd_pci_driver_init+0x0/0x15 returned 0 after 144 usecs
[   11.967733] calling  oldpiix_pci_driver_init+0x0/0x15 @ 1
[   11.975286] initcall oldpiix_pci_driver_init+0x0/0x15 returned 0 after 247 usecs
[   11.985730] calling  sch_pci_driver_init+0x0/0x15 @ 1
[   11.992434] initcall sch_pci_driver_init+0x0/0x15 returned 0 after 50 usecs
[   12.002680] calling  net_olddevs_init+0x0/0x55 @ 1
[   12.010487] initcall net_olddevs_init+0x0/0x55 returned 0 after 460 usecs
[   12.020799] calling  blackhole_netdev_init+0x0/0x78 @ 1
[   12.031000] initcall blackhole_netdev_init+0x0/0x78 returned 0 after 951 usecs
[   12.044474] calling  phy_module_init+0x0/0x13 @ 1
[   12.052493] initcall phy_module_init+0x0/0x13 returned 0 after 631 usecs
[   12.062760] calling  tg3_driver_init+0x0/0x15 @ 1
[   12.070282] initcall tg3_driver_init+0x0/0x15 returned 0 after 145 usecs
[   12.079969] calling  e100_init_module+0x0/0x4c @ 1
[   12.086396] e100: Intel(R) PRO/100 Network Driver
[   12.093559] e100: Copyright(c) 1999-2006 Intel Corporation
[   12.101752] initcall e100_init_module+0x0/0x4c returned 0 after 14993 usecs
[   12.111891] calling  e1000_init_module+0x0/0x72 @ 1
[   12.119969] e1000: Intel(R) PRO/1000 Network Driver
[   12.127294] e1000: Copyright (c) 1999-2006 Intel Corporation.
[   12.136104] initcall e1000_init_module+0x0/0x72 returned 0 after 15738 usecs
[   12.146678] calling  e1000_init_module+0x0/0x2d @ 1
[   12.153913] e1000e: Intel(R) PRO/1000 Network Driver
[   12.161395] e1000e: Copyright(c) 1999 - 2015 Intel Corporation.
[   12.170671] initcall e1000_init_module+0x0/0x2d returned 0 after 16378 usecs
[   12.181429] calling  sky2_init_module+0x0/0x21 @ 1
[   12.188636] sky2: driver version 1.30
[   12.195615] initcall sky2_init_module+0x0/0x21 returned 0 after 8124 usecs
[   12.215223] calling  forcedeth_pci_driver_init+0x0/0x15 @ 1
[   12.223564] initcall forcedeth_pci_driver_init+0x0/0x15 returned 0 after 165 usecs
[   12.237874] calling  rtl8139_init_module+0x0/0x15 @ 1
[   12.245790] initcall rtl8139_init_module+0x0/0x15 returned 0 after 270 usecs
[   12.256393] calling  rtl8169_pci_driver_init+0x0/0x15 @ 1
[   12.270091] initcall rtl8169_pci_driver_init+0x0/0x15 returned 0 after 275 usecs
[   12.270890] ata1: SATA link down (SStatus 0 SControl 300)
[   12.280630] calling  cdrom_init+0x0/0xc @ 1
[   12.281409] initcall cdrom_init+0x0/0xc returned 0 after 754 usecs
[   12.294206] ata4: SATA link down (SStatus 0 SControl 300)
[   12.297849] calling  nonstatic_sysfs_init+0x0/0xc @ 1
[   12.310718] ata2: SATA link down (SStatus 0 SControl 300)
[   12.317148] initcall nonstatic_sysfs_init+0x0/0xc returned 0 after 208 usecs
[   12.327752] ata3: SATA link up 1.5 Gbps (SStatus 113 SControl 300)
[   12.333534] calling  yenta_cardbus_driver_init+0x0/0x15 @ 1
[   12.334011] initcall yenta_cardbus_driver_init+0x0/0x15 returned 0 after 458 usecs
[   12.348699] ata5: SATA link down (SStatus 0 SControl 300)
[   12.354872] calling  mon_init+0x0/0x144 @ 1
[   12.364620] ata3.00: ATAPI: QEMU DVD-ROM, 2.5+, max UDMA/100
[   12.399788] ata3.00: applying bridge limits
[   12.407961] ata6: SATA link down (SStatus 0 SControl 300)
[   12.418252] initcall mon_init+0x0/0x144 returned 0 after 41283 usecs
[   12.425185] ata3.00: configured for UDMA/100
[   12.426952] calling  ehci_hcd_init+0x0/0x56 @ 1
[   12.427027] ehci_hcd: USB 2.0 'Enhanced' Host Controller (EHCI) Driver
[   12.448519] initcall ehci_hcd_init+0x0/0x56 returned 0 after 21052 usecs
[   12.458457] calling  ehci_pci_init+0x0/0x64 @ 1
[   12.459005] scsi 2:0:0:0: CD-ROM            QEMU     QEMU DVD-ROM     2.5+ PQ: 0 ANSI: 5
[   12.464769] ehci-pci: EHCI PCI platform driver
[   12.465187] initcall ehci_pci_init+0x0/0x64 returned 0 after 404 usecs
[   12.494147] calling  ohci_hcd_mod_init+0x0/0x4e @ 1
[   12.500669] ohci_hcd: USB 1.1 'Open' Host Controller (OHCI) Driver
[   12.511219] initcall ohci_hcd_mod_init+0x0/0x4e returned 0 after 10298 usecs
[   12.521212] calling  ohci_pci_init+0x0/0x64 @ 1
[   12.528177] ohci-pci: OHCI PCI platform driver
[   12.535711] initcall ohci_pci_init+0x0/0x64 returned 0 after 7833 usecs
[   12.545109] calling  uhci_hcd_init+0x0/0xa8 @ 1
[   12.552181] uhci_hcd: USB Universal Host Controller Interface driver
[   12.565085] initcall uhci_hcd_init+0x0/0xa8 returned 0 after 12596 usecs
[   12.575701] calling  xhci_hcd_init+0x0/0x1e @ 1
[   12.583487] initcall xhci_hcd_init+0x0/0x1e returned 0 after 433 usecs
[   12.598106] calling  xhci_pci_init+0x0/0x49 @ 1
[   12.606709] initcall xhci_pci_init+0x0/0x49 returned 0 after 1428 usecs
[   12.615919] calling  usblp_driver_init+0x0/0x15 @ 1
[   12.623273] usbcore: registered new interface driver usblp
[   12.639692] initcall usblp_driver_init+0x0/0x15 returned 0 after 16307 usecs
[   12.651325] calling  usb_storage_driver_init+0x0/0x2a @ 1
[   12.660575] usbcore: registered new interface driver usb-storage
[   12.671088] initcall usb_storage_driver_init+0x0/0x2a returned 0 after 10391 usecs
[   12.682347] calling  i8042_init+0x0/0x4c2 @ 1
[   12.689507] i8042: PNP: PS/2 Controller [PNP0303:KBD,PNP0f13:MOU] at 0x60,0x64 irq 1,12
[   12.711477] serio: i8042 KBD port at 0x60,0x64 irq 1
[   12.715122] sr 2:0:0:0: [sr0] scsi3-mmc drive: 4x/4x cd/rw xa/form2 tray
[   12.723203] serio: i8042 AUX port at 0x60,0x64 irq 12
[   12.732479] cdrom: Uniform CD-ROM driver Revision: 3.20
[   12.740478] initcall i8042_init+0x0/0x4c2 returned 0 after 50535 usecs
[   12.758462] calling  serport_init+0x0/0x2c @ 1
[   12.765265] initcall serport_init+0x0/0x2c returned 0 after 367 usecs
[   12.774199] calling  input_leds_init+0x0/0xc @ 1
[   12.781133] initcall input_leds_init+0x0/0xc returned 0 after 288 usecs
[   12.790479] calling  evdev_init+0x0/0xc @ 1
[   12.799776] initcall evdev_init+0x0/0xc returned 0 after 3537 usecs
[   12.809253] calling  atkbd_init+0x0/0x21 @ 1
[   12.815201] initcall atkbd_init+0x0/0x21 returned 0 after 211 usecs
[   12.823346] calling  psmouse_init+0x0/0x7f @ 1
[   12.829198] initcall psmouse_init+0x0/0x7f returned 0 after 200 usecs
[   12.837805] calling  cmos_init+0x0/0x73 @ 1
[   12.844720] rtc_cmos 00:04: RTC can wake from S4
[   12.858992] input: AT Translated Set 2 keyboard as /devices/platform/i8042/serio0/input/input1
[   12.899591] rtc_cmos 00:04: registered as rtc0
[   12.901407] sr 2:0:0:0: Attached scsi CD-ROM sr0
[   12.906689] rtc_cmos 00:04: alarms up to one day, y3k, 242 bytes nvram, hpet irqs
[   12.915663] sr 2:0:0:0: Attached scsi generic sg0 type 5
[   12.929101] initcall cmos_init+0x0/0x73 returned 0 after 83404 usecs
[   12.945068] calling  smbalert_driver_init+0x0/0xe @ 1
[   12.951574] initcall smbalert_driver_init+0x0/0xe returned 0 after 70 usecs
[   12.960494] calling  i2c_i801_init+0x0/0xc5 @ 1
[   12.971409] i801_smbus 0000:00:1f.3: SMBus using PCI interrupt
[   12.980090] i2c i2c-0: 1/1 memory slots populated (from DMI)
[   12.990469] i2c i2c-0: Memory type 0x07 not supported yet, not instantiating SPD
[   13.009142] initcall i2c_i801_init+0x0/0xc5 returned 0 after 41558 usecs
[   13.018402] calling  ptp_kvm_init+0x0/0xf0 @ 1
[   13.026542] initcall ptp_kvm_init+0x0/0xf0 returned 0 after 1879 usecs
[   13.027668] tasks-tracing-torture: rcu_torture_read_exit: End of episode
[   13.051177] calling  dm_init+0x0/0x3c @ 1
[   13.054468] device-mapper: ioctl: 4.43.0-ioctl (2020-10-01) initialised: dm-devel@redhat.com
[   13.054476] initcall dm_init+0x0/0x3c returned 0 after 3214 usecs
[   13.054479] calling  dm_mirror_init+0x0/0x29 @ 1
[   13.054484] initcall dm_mirror_init+0x0/0x29 returned 0 after 1 usecs
[   13.054486] calling  dm_dirty_log_init+0x0/0x4f @ 1
[   13.054574] initcall dm_dirty_log_init+0x0/0x4f returned 0 after 82 usecs
[   13.054576] calling  dm_zero_init+0x0/0x29 @ 1
[   13.054592] initcall dm_zero_init+0x0/0x29 returned 0 after 12 usecs
[   13.054594] calling  intel_pstate_init+0x0/0x512 @ 1
[   13.054687] intel_pstate: CPU model not supported
[   13.054692] initcall intel_pstate_init+0x0/0x512 returned -19 after 91 usecs
[   13.054694] calling  haltpoll_init+0x0/0xc0 @ 1
[   13.054739] initcall haltpoll_init+0x0/0xc0 returned -19 after 39 usecs
[   13.054900] calling  efivars_sysfs_init+0x0/0x30 @ 1
[   13.055190] initcall efivars_sysfs_init+0x0/0x30 returned 0 after 29 usecs
[   13.055193] calling  esrt_sysfs_init+0x0/0x2a2 @ 1
[   13.055206] initcall esrt_sysfs_init+0x0/0x2a2 returned -38 after 9 usecs
[   13.055209] calling  hid_init+0x0/0x5c @ 1
[   13.055336] hid: raw HID events driver (C) Jiri Kosina
[   13.055406] initcall hid_init+0x0/0x5c returned 0 after 189 usecs
[   13.055410] calling  hid_generic_init+0x0/0x15 @ 1
[   13.055481] initcall hid_generic_init+0x0/0x15 returned 0 after 65 usecs
[   13.055483] calling  a4_driver_init+0x0/0x15 @ 1
[   13.055503] initcall a4_driver_init+0x0/0x15 returned 0 after 16 usecs
[   13.055505] calling  apple_driver_init+0x0/0x15 @ 1
[   13.055559] initcall apple_driver_init+0x0/0x15 returned 0 after 49 usecs
[   13.055562] calling  belkin_driver_init+0x0/0x15 @ 1
[   13.055581] initcall belkin_driver_init+0x0/0x15 returned 0 after 15 usecs
[   13.055584] calling  ch_driver_init+0x0/0x15 @ 1
[   13.055603] initcall ch_driver_init+0x0/0x15 returned 0 after 15 usecs
[   13.055606] calling  ch_driver_init+0x0/0x15 @ 1
[   13.055625] initcall ch_driver_init+0x0/0x15 returned 0 after 16 usecs
[   13.055628] calling  cp_driver_init+0x0/0x15 @ 1
[   13.055661] initcall cp_driver_init+0x0/0x15 returned 0 after 29 usecs
[   13.055664] calling  ez_driver_init+0x0/0x15 @ 1
[   13.055685] initcall ez_driver_init+0x0/0x15 returned 0 after 17 usecs
[   13.055687] calling  gyration_driver_init+0x0/0x15 @ 1
[   13.055708] initcall gyration_driver_init+0x0/0x15 returned 0 after 17 usecs
[   13.055710] calling  ite_driver_init+0x0/0x15 @ 1
[   13.055732] initcall ite_driver_init+0x0/0x15 returned 0 after 17 usecs
[   13.055734] calling  ks_driver_init+0x0/0x15 @ 1
[   13.055755] initcall ks_driver_init+0x0/0x15 returned 0 after 17 usecs
[   13.055758] calling  lg_driver_init+0x0/0x15 @ 1
[   13.055789] initcall lg_driver_init+0x0/0x15 returned 0 after 27 usecs
[   13.055898] calling  lg_g15_driver_init+0x0/0x15 @ 1
[   13.056068] initcall lg_g15_driver_init+0x0/0x15 returned 0 after 76 usecs
[   13.056071] calling  ms_driver_init+0x0/0x15 @ 1
[   13.056094] initcall ms_driver_init+0x0/0x15 returned 0 after 19 usecs
[   13.056096] calling  mr_driver_init+0x0/0x15 @ 1
[   13.056119] initcall mr_driver_init+0x0/0x15 returned 0 after 18 usecs
[   13.056122] calling  ntrig_driver_init+0x0/0x15 @ 1
[   13.056155] initcall ntrig_driver_init+0x0/0x15 returned 0 after 29 usecs
[   13.056158] calling  pl_driver_init+0x0/0x15 @ 1
[   13.056182] initcall pl_driver_init+0x0/0x15 returned 0 after 20 usecs
[   13.056184] calling  pl_driver_init+0x0/0x15 @ 1
[   13.056208] initcall pl_driver_init+0x0/0x15 returned 0 after 19 usecs
[   13.056210] calling  redragon_driver_init+0x0/0x15 @ 1
[   13.056251] initcall redragon_driver_init+0x0/0x15 returned 0 after 36 usecs
[   13.056254] calling  samsung_driver_init+0x0/0x15 @ 1
[   13.056302] initcall samsung_driver_init+0x0/0x15 returned 0 after 44 usecs
[   13.056305] calling  sony_init+0x0/0x38 @ 1
[   13.056353] initcall sony_init+0x0/0x38 returned 0 after 29 usecs
[   13.056356] calling  sp_driver_init+0x0/0x15 @ 1
[   13.056383] initcall sp_driver_init+0x0/0x15 returned 0 after 22 usecs
[   13.056385] calling  ts_driver_init+0x0/0x15 @ 1
[   13.056411] initcall ts_driver_init+0x0/0x15 returned 0 after 21 usecs
[   13.056413] calling  hid_init+0x0/0x58 @ 1
[   13.056468] usbcore: registered new interface driver usbhid
[   13.056469] usbhid: USB HID core driver
[   13.056472] initcall hid_init+0x0/0x58 returned 0 after 54 usecs
[   13.056475] calling  eeepc_laptop_init+0x0/0x57 @ 1
[   13.056714] initcall eeepc_laptop_init+0x0/0x57 returned -19 after 229 usecs
[   13.056717] calling  pmc_atom_init+0x0/0x27a @ 1
[   13.056738] initcall pmc_atom_init+0x0/0x27a returned -19 after 17 usecs
[   13.056741] calling  alsa_hwdep_init+0x0/0x5e @ 1
[   13.057134] initcall alsa_hwdep_init+0x0/0x5e returned 0 after 378 usecs
[   13.057138] calling  alsa_timer_init+0x0/0x1f9 @ 1
[   13.058460] initcall alsa_timer_init+0x0/0x1f9 returned 0 after 1284 usecs
[   13.058464] calling  snd_hrtimer_init+0x0/0x117 @ 1
[   13.058470] initcall snd_hrtimer_init+0x0/0x117 returned 0 after 1 usecs
[   13.058473] calling  alsa_pcm_init+0x0/0x64 @ 1
[   13.058481] initcall alsa_pcm_init+0x0/0x64 returned 0 after 5 usecs
[   13.058484] calling  alsa_seq_init+0x0/0x4a @ 1
[   13.059830] initcall alsa_seq_init+0x0/0x4a returned 0 after 1308 usecs
[   13.059834] calling  alsa_seq_dummy_init+0x0/0x9c @ 1
[   13.060105] initcall alsa_seq_dummy_init+0x0/0x9c returned 0 after 259 usecs
[   13.060108] calling  azx_driver_init+0x0/0x15 @ 1
[   13.060207] initcall azx_driver_init+0x0/0x15 returned 0 after 93 usecs
[   13.060210] calling  sock_diag_init+0x0/0x2a @ 1
[   13.060535] initcall sock_diag_init+0x0/0x2a returned 0 after 314 usecs
[   13.060537] calling  blackhole_init+0x0/0xc @ 1
[   13.060551] initcall blackhole_init+0x0/0xc returned 0 after 10 usecs
[   13.060553] calling  nfnetlink_init+0x0/0x61 @ 1
[   13.060657] initcall nfnetlink_init+0x0/0x61 returned 0 after 98 usecs
[   13.060659] calling  nfnetlink_log_init+0x0/0x99 @ 1
[   13.061177] initcall nfnetlink_log_init+0x0/0x99 returned 0 after 500 usecs
[   13.061180] calling  nf_conntrack_standalone_init+0x0/0x87 @ 1
[   13.073508] initcall nf_conntrack_standalone_init+0x0/0x87 returned 0 after 12033 usecs
[   13.972390] calling  ctnetlink_init+0x0/0x83 @ 1
[   13.977396] input: ImExPS/2 Generic Explorer Mouse as /devices/platform/i8042/serio1/input/input3
[   13.979089] initcall ctnetlink_init+0x0/0x83 returned 0 after 74 usecs
[   14.000620] calling  nf_conntrack_ftp_init+0x0/0x12c @ 1
[   14.008011] initcall nf_conntrack_ftp_init+0x0/0x12c returned 0 after 183 usecs
[   14.017834] calling  nf_conntrack_irc_init+0x0/0x129 @ 1
[   14.025301] initcall nf_conntrack_irc_init+0x0/0x129 returned 0 after 24 usecs
[   14.034978] calling  nf_conntrack_sip_init+0x0/0x172 @ 1
[   14.042191] initcall nf_conntrack_sip_init+0x0/0x172 returned 0 after 51 usecs
[   14.060888] calling  nf_nat_init+0x0/0xf0 @ 1
[   14.074081] initcall nf_nat_init+0x0/0xf0 returned 0 after 6764 usecs
[   14.082473] calling  nf_nat_ftp_init+0x0/0x2a @ 1
[   14.088749] initcall nf_nat_ftp_init+0x0/0x2a returned 0 after 69 usecs
