c[?7l[2J[0mSeaBIOS (version 1.16.0-debian-1.16.0-4)
Booting from ROM...
early console in setup code
c[?7l[2J[    0.000000] Linux version 5.10.154+ (root@joelboxx.c.googlers.com) (gcc (Debian 12.2.0-3) 12.2.0, GNU ld (GNU Binutils for Debian) 2.39) #19 PREEMPT Tue Dec 13 06:37:45 UTC 2022
[    0.000000] Command line: selinux=0 initcall_debug debug console=ttyS0 rcutorture.n_barrier_cbs=4 rcutorture.stat_interval=15 rcutorture.shutdown_secs=1800 rcutorture.test_no_idle_hz=1 rcutorture.verbose=1
[    0.000000] x86/fpu: x87 FPU will use FXSAVE
[    0.000000] BIOS-provided physical RAM map:
[    0.000000] BIOS-e820: [mem 0x0000000000000000-0x000000000009fbff] usable
[    0.000000] BIOS-e820: [mem 0x000000000009fc00-0x000000000009ffff] reserved
[    0.000000] BIOS-e820: [mem 0x00000000000f0000-0x00000000000fffff] reserved
[    0.000000] BIOS-e820: [mem 0x0000000000100000-0x000000001ffdefff] usable
[    0.000000] BIOS-e820: [mem 0x000000001ffdf000-0x000000001fffffff] reserved
[    0.000000] BIOS-e820: [mem 0x00000000b0000000-0x00000000bfffffff] reserved
[    0.000000] BIOS-e820: [mem 0x00000000fed1c000-0x00000000fed1ffff] reserved
[    0.000000] BIOS-e820: [mem 0x00000000feffc000-0x00000000feffffff] reserved
[    0.000000] BIOS-e820: [mem 0x00000000fffc0000-0x00000000ffffffff] reserved
[    0.000000] NX (Execute Disable) protection: active
[    0.000000] SMBIOS 2.8 present.
[    0.000000] DMI: QEMU Standard PC (Q35 + ICH9, 2009), BIOS 1.16.0-debian-1.16.0-4 04/01/2014
[    0.000000] Hypervisor detected: KVM
[    0.000000] kvm-clock: Using msrs 4b564d01 and 4b564d00
[    0.000000] kvm-clock: cpu 0, msr 1cc66001, primary cpu clock
[    0.000001] kvm-clock: using sched offset of 2581031994 cycles
[    0.000152] clocksource: kvm-clock: mask: 0xffffffffffffffff max_cycles: 0x1cd42e4dffb, max_idle_ns: 881590591483 ns
[    0.000242] tsc: Detected 1999.999 MHz processor
[    0.005589] e820: update [mem 0x00000000-0x00000fff] usable ==> reserved
[    0.005594] e820: remove [mem 0x000a0000-0x000fffff] usable
[    0.005600] last_pfn = 0x1ffdf max_arch_pfn = 0x400000000
[    0.006460] MTRR default type: write-back
[    0.006499] MTRR fixed ranges enabled:
[    0.006500]   00000-9FFFF write-back
[    0.006502]   A0000-BFFFF uncachable
[    0.006503]   C0000-FFFFF write-protect
[    0.006504] MTRR variable ranges enabled:
[    0.006505]   0 base 00C0000000 mask FFC0000000 uncachable
[    0.006506]   1 disabled
[    0.006507]   2 disabled
[    0.006508]   3 disabled
[    0.006509]   4 disabled
[    0.006509]   5 disabled
[    0.006510]   6 disabled
[    0.006511]   7 disabled
[    0.006839] x86/PAT: Configuration [0-7]: WB  WC  UC- UC  WB  WC  UC- UC  
[    0.015715] found SMP MP-table at [mem 0x000f5ba0-0x000f5baf]
[    0.017179] check: Scanning 1 areas for low memory corruption
[    0.023528] ACPI: Early table checksum verification disabled
[    0.029286] ACPI: RSDP 0x00000000000F59E0 000014 (v00 BOCHS )
[    0.031353] ACPI: RSDT 0x000000001FFE229A 000038 (v01 BOCHS  BXPC     00000001 BXPC 00000001)
[    0.031555] ACPI: FACP 0x000000001FFE2092 0000F4 (v03 BOCHS  BXPC     00000001 BXPC 00000001)
[    0.031653] ACPI: DSDT 0x000000001FFE0040 002052 (v01 BOCHS  BXPC     00000001 BXPC 00000001)
[    0.031657] ACPI: FACS 0x000000001FFE0000 000040
[    0.031661] ACPI: APIC 0x000000001FFE2186 000078 (v01 BOCHS  BXPC     00000001 BXPC 00000001)
[    0.031665] ACPI: HPET 0x000000001FFE21FE 000038 (v01 BOCHS  BXPC     00000001 BXPC 00000001)
[    0.031669] ACPI: MCFG 0x000000001FFE2236 00003C (v01 BOCHS  BXPC     00000001 BXPC 00000001)
[    0.031673] ACPI: WAET 0x000000001FFE2272 000028 (v01 BOCHS  BXPC     00000001 BXPC 00000001)
[    0.031677] ACPI: Reserving FACP table memory at [mem 0x1ffe2092-0x1ffe2185]
[    0.031679] ACPI: Reserving DSDT table memory at [mem 0x1ffe0040-0x1ffe2091]
[    0.031680] ACPI: Reserving FACS table memory at [mem 0x1ffe0000-0x1ffe003f]
[    0.031681] ACPI: Reserving APIC table memory at [mem 0x1ffe2186-0x1ffe21fd]
[    0.031682] ACPI: Reserving HPET table memory at [mem 0x1ffe21fe-0x1ffe2235]
[    0.031723] ACPI: Reserving MCFG table memory at [mem 0x1ffe2236-0x1ffe2271]
[    0.031725] ACPI: Reserving WAET table memory at [mem 0x1ffe2272-0x1ffe2299]
[    0.032579] ACPI: Local APIC address 0xfee00000
[    0.034176] Zone ranges:
[    0.034253]   DMA      [mem 0x0000000000001000-0x0000000000ffffff]
[    0.034326]   DMA32    [mem 0x0000000001000000-0x000000001ffdefff]
[    0.034358]   Normal   empty
[    0.034359] Movable zone start for each node
[    0.034360] Early memory node ranges
[    0.034362]   node   0: [mem 0x0000000000001000-0x000000000009efff]
[    0.034393]   node   0: [mem 0x0000000000100000-0x000000001ffdefff]
[    0.034428] Initmem setup node 0 [mem 0x0000000000001000-0x000000001ffdefff]
[    0.034430] On node 0 totalpages: 130941
[    0.034471]   DMA zone: 64 pages used for memmap
[    0.034472]   DMA zone: 21 pages reserved
[    0.034525]   DMA zone: 3998 pages, LIFO batch:0
[    0.034527]   DMA32 zone: 1984 pages used for memmap
[    0.034528]   DMA32 zone: 126943 pages, LIFO batch:31
[    0.038290] On node 0, zone DMA: 1 pages in unavailable ranges
[    0.038310] On node 0, zone DMA: 97 pages in unavailable ranges
[    0.118439] On node 0, zone DMA32: 33 pages in unavailable ranges
[    0.122974] ACPI: PM-Timer IO Port: 0x608
[    0.122982] ACPI: Local APIC address 0xfee00000
[    0.123159] ACPI: LAPIC_NMI (acpi_id[0xff] dfl dfl lint[0x1])
[    0.124221] IOAPIC[0]: apic_id 0, version 17, address 0xfec00000, GSI 0-23
[    0.124263] ACPI: INT_SRC_OVR (bus 0 bus_irq 0 global_irq 2 dfl dfl)
[    0.124329] ACPI: INT_SRC_OVR (bus 0 bus_irq 5 global_irq 5 high level)
[    0.124331] ACPI: INT_SRC_OVR (bus 0 bus_irq 9 global_irq 9 high level)
[    0.124417] ACPI: INT_SRC_OVR (bus 0 bus_irq 10 global_irq 10 high level)
[    0.124419] ACPI: INT_SRC_OVR (bus 0 bus_irq 11 global_irq 11 high level)
[    0.124422] ACPI: IRQ0 used by override.
[    0.124424] ACPI: IRQ5 used by override.
[    0.124425] ACPI: IRQ9 used by override.
[    0.124426] ACPI: IRQ10 used by override.
[    0.124427] ACPI: IRQ11 used by override.
[    0.124430] Using ACPI (MADT) for SMP configuration information
[    0.124433] ACPI: HPET id: 0x8086a201 base: 0xfed00000
[    0.125329] kvm-guest: stealtime: cpu 0, msr 1c44d780
[    0.125972] PM: hibernation: Registered nosave memory: [mem 0x00000000-0x00000fff]
[    0.125975] PM: hibernation: Registered nosave memory: [mem 0x0009f000-0x0009ffff]
[    0.125976] PM: hibernation: Registered nosave memory: [mem 0x000a0000-0x000effff]
[    0.125978] PM: hibernation: Registered nosave memory: [mem 0x000f0000-0x000fffff]
[    0.126004] [mem 0x20000000-0xafffffff] available for PCI devices
[    0.126037] Booting paravirtualized kernel on KVM
[    0.126390] clocksource: refined-jiffies: mask: 0xffffffff max_cycles: 0xffffffff, max_idle_ns: 1910969940391419 ns
[    0.143506] pcpu-alloc: s0 r0 d32768 u32768 alloc=1*32768
[    0.143528] pcpu-alloc: [0] 0 
[    0.143704] Built 1 zonelists, mobility grouping on.  Total pages: 128872
[    0.143769] Kernel command line: selinux=0 initcall_debug debug console=ttyS0 rcutorture.n_barrier_cbs=4 rcutorture.stat_interval=15 rcutorture.shutdown_secs=1800 rcutorture.test_no_idle_hz=1 rcutorture.verbose=1
[    0.153251] Dentry cache hash table entries: 65536 (order: 7, 524288 bytes, linear)
[    0.156144] Inode-cache hash table entries: 32768 (order: 6, 262144 bytes, linear)
[    0.157278] mem auto-init: stack:all(zero), heap alloc:off, heap free:off
[    0.162774] Memory: 481560K/523764K available (14349K kernel code, 2620K rwdata, 4632K rodata, 1256K init, 1736K bss, 41944K reserved, 0K cma-reserved)
[    0.163294] SLUB: HWalign=64, Order=0-3, MinObjects=0, CPUs=1, Nodes=1
[    0.163664] Kernel/User page tables isolation: enabled
[    0.169268] rcu: Preemptible hierarchical RCU implementation.
[    0.169338] 	Trampoline variant of Tasks RCU enabled.
[    0.169340] 	Rude variant of Tasks RCU enabled.
[    0.169342] 	Tracing variant of Tasks RCU enabled.
[    0.169447] rcu: RCU calculated value of scheduler-enlistment delay is 100 jiffies.
[    0.183839] NR_IRQS: 4352, nr_irqs: 256, preallocated irqs: 16
[    0.186568] calling  con_init+0x0/0x22a @ 0
[    0.308495] Console: colour VGA+ 80x25
[    0.308513] initcall con_init+0x0/0x22a returned 0 after 0 usecs
[    0.308517] calling  hvc_console_init+0x0/0x13 @ 0
[    0.308584] initcall hvc_console_init+0x0/0x13 returned 0 after 0 usecs
[    0.308586] calling  univ8250_console_init+0x0/0x26 @ 0
[    1.198929] printk: console [ttyS0] enabled
[    1.204281] initcall univ8250_console_init+0x0/0x26 returned 0 after 0 usecs
[    1.212759] ACPI: Core revision 20200925
[    1.221387] clocksource: hpet: mask: 0xffffffff max_cycles: 0xffffffff, max_idle_ns: 19112604467 ns
[    1.233161] APIC: Switch to symmetric I/O mode setup
[    1.254112] ..TIMER: vector=0x30 apic1=0 pin1=2 apic2=-1 pin2=-1
[    1.261258] clocksource: tsc-early: mask: 0xffffffffffffffff max_cycles: 0x39a85afc727, max_idle_ns: 881590685098 ns
[    1.273870] Calibrating delay loop (skipped) preset value.. 3999.99 BogoMIPS (lpj=1999999)
[    1.274869] pid_max: default: 32768 minimum: 301
[    1.276251] LSM: Security Framework initializing
[    1.278250] Mount-cache hash table entries: 1024 (order: 1, 8192 bytes, linear)
[    1.278878] Mountpoint-cache hash table entries: 1024 (order: 1, 8192 bytes, linear)
[    1.288201] Last level iTLB entries: 4KB 0, 2MB 0, 4MB 0
[    1.288856] Last level dTLB entries: 4KB 0, 2MB 0, 4MB 0, 1GB 0
[    1.289910] CPU: Intel Common KVM processor (family: 0xf, model: 0x6, stepping: 0x1)
[    1.291902] Spectre V1 : Mitigation: usercopy/swapgs barriers and __user pointer sanitization
[    1.293854] Spectre V2 : Mitigation: Retpolines
[    1.294852] Spectre V2 : Spectre v2 / SpectreRSB mitigation: Filling RSB on context switch
[    1.295852] Spectre V2 : Spectre v2 / SpectreRSB : Filling RSB on VMEXIT
[    1.296852] Speculative Store Bypass: Vulnerable
[    1.298891] MDS: Vulnerable: Clear CPU buffers attempted, no microcode
[    1.299851] MMIO Stale Data: Unknown: No mitigations
[    1.358639] calling  init_hw_perf_events+0x0/0x6ce @ 1
[    1.358853] Performance Events: unsupported Netburst CPU model 6 no PMU driver, software events only.
[    1.359858] initcall init_hw_perf_events+0x0/0x6ce returned 0 after 976 usecs
[    1.360857] calling  init_real_mode+0x0/0x1e9 @ 1
[    1.362261] initcall init_real_mode+0x0/0x1e9 returned 0 after 0 usecs
[    1.363856] calling  trace_init_perf_perm_irq_work_exit+0x0/0x12 @ 1
[    1.364858] initcall trace_init_perf_perm_irq_work_exit+0x0/0x12 returned 0 after 0 usecs
[    1.365879] calling  validate_x2apic+0x0/0x4a @ 1
[    1.366885] initcall validate_x2apic+0x0/0x4a returned 0 after 0 usecs
[    1.367870] calling  register_nmi_cpu_backtrace_handler+0x0/0x15 @ 1
[    1.368857] initcall register_nmi_cpu_backtrace_handler+0x0/0x15 returned 0 after 0 usecs
[    1.369856] calling  kvm_setup_vsyscall_timeinfo+0x0/0x34 @ 1
[    1.370855] initcall kvm_setup_vsyscall_timeinfo+0x0/0x34 returned 0 after 0 usecs
[    1.371855] calling  spawn_ksoftirqd+0x0/0x34 @ 1
[    1.372988] initcall spawn_ksoftirqd+0x0/0x34 returned 0 after 0 usecs
[    1.373858] calling  srcu_bootup_announce+0x0/0x2f @ 1
[    1.374865] rcu: Hierarchical SRCU implementation.
[    1.375856] initcall srcu_bootup_announce+0x0/0x2f returned 0 after 976 usecs
[    1.376860] calling  rcu_spawn_gp_kthread+0x0/0x195 @ 1
[    1.377951] initcall rcu_spawn_gp_kthread+0x0/0x195 returned 0 after 0 usecs
[    1.378858] calling  check_cpu_stall_init+0x0/0x1a @ 1
[    1.379859] initcall check_cpu_stall_init+0x0/0x1a returned 0 after 0 usecs
[    1.380857] calling  rcu_sysrq_init+0x0/0x21 @ 1
[    1.381861] initcall rcu_sysrq_init+0x0/0x21 returned 0 after 0 usecs
[    1.382855] calling  trace_init_flags_sys_enter+0x0/0xe @ 1
[    1.383855] initcall trace_init_flags_sys_enter+0x0/0xe returned 0 after 0 usecs
[    1.384855] calling  trace_init_flags_sys_exit+0x0/0xe @ 1
[    1.385855] initcall trace_init_flags_sys_exit+0x0/0xe returned 0 after 0 usecs
[    1.386891] calling  init_kprobes+0x0/0x14d @ 1
[    1.389167] initcall init_kprobes+0x0/0x14d returned 0 after 976 usecs
[    1.389856] calling  init_events+0x0/0x3d @ 1
[    1.392058] initcall init_events+0x0/0x3d returned 0 after 976 usecs
[    1.392857] calling  init_trace_printk+0x0/0xc @ 1
[    1.393857] initcall init_trace_printk+0x0/0xc returned 0 after 0 usecs
[    1.394856] calling  event_trace_enable_again+0x0/0x23 @ 1
[    1.395856] initcall event_trace_enable_again+0x0/0x23 returned 0 after 0 usecs
[    1.396856] calling  static_call_init+0x0/0x6d @ 1
[    1.398855] initcall static_call_init+0x0/0x6d returned 0 after 0 usecs
[    1.399855] calling  jump_label_init_module+0x0/0xc @ 1
[    1.400855] initcall jump_label_init_module+0x0/0xc returned 0 after 0 usecs
[    1.401855] calling  init_zero_pfn+0x0/0x37 @ 1
[    1.402858] initcall init_zero_pfn+0x0/0x37 returned 0 after 0 usecs
[    1.403856] calling  initialize_ptr_random+0x0/0x54 @ 1
[    1.404856] initcall initialize_ptr_random+0x0/0x54 returned 0 after 0 usecs
[    1.405922] calling  efi_memreserve_root_init+0x0/0x25 @ 1
[    1.407950] initcall efi_memreserve_root_init+0x0/0x25 returned 0 after 0 usecs
[    1.408859] calling  efi_earlycon_remap_fb+0x0/0x51 @ 1
[    1.409857] initcall efi_earlycon_remap_fb+0x0/0x51 returned 0 after 0 usecs
[    1.528151] devtmpfs: initialized
[    1.531426] calling  ipc_ns_init+0x0/0x3d @ 1
[    1.531921] initcall ipc_ns_init+0x0/0x3d returned 0 after 0 usecs
[    1.532858] calling  init_mmap_min_addr+0x0/0x21 @ 1
[    1.533859] initcall init_mmap_min_addr+0x0/0x21 returned 0 after 0 usecs
[    1.534856] calling  pci_realloc_setup_params+0x0/0x3f @ 1
[    1.535855] initcall pci_realloc_setup_params+0x0/0x3f returned 0 after 0 usecs
[    1.536873] calling  net_ns_init+0x0/0x13f @ 1
[    1.538039] initcall net_ns_init+0x0/0x13f returned 0 after 0 usecs
[    1.538878] calling  e820__register_nvs_regions+0x0/0x37 @ 1
[    1.539856] initcall e820__register_nvs_regions+0x0/0x37 returned 0 after 0 usecs
[    1.540858] calling  cpufreq_register_tsc_scaling+0x0/0x2e @ 1
[    1.541865] initcall cpufreq_register_tsc_scaling+0x0/0x2e returned 0 after 0 usecs
[    1.542856] calling  reboot_init+0x0/0x3c @ 1
[    1.543952] initcall reboot_init+0x0/0x3c returned 0 after 0 usecs
[    1.544857] calling  init_lapic_sysfs+0x0/0x20 @ 1
[    1.545858] initcall init_lapic_sysfs+0x0/0x20 returned 0 after 0 usecs
[    1.547855] calling  wq_sysfs_init+0x0/0x2a @ 1
[    1.548962] initcall wq_sysfs_init+0x0/0x2a returned 0 after 0 usecs
[    1.549855] calling  ksysfs_init+0x0/0x92 @ 1
[    1.550864] initcall ksysfs_init+0x0/0x92 returned 0 after 0 usecs
[    1.551854] calling  pm_init+0x0/0x76 @ 1
[    1.552908] initcall pm_init+0x0/0x76 returned 0 after 0 usecs
[    1.553855] calling  pm_disk_init+0x0/0x13 @ 1
[    1.554965] initcall pm_disk_init+0x0/0x13 returned 0 after 0 usecs
[    1.555854] calling  swsusp_header_init+0x0/0x2b @ 1
[    1.556856] initcall swsusp_header_init+0x0/0x2b returned 0 after 0 usecs
[    1.557854] calling  rcu_set_runtime_mode+0x0/0x16 @ 1
[    1.558855] initcall rcu_set_runtime_mode+0x0/0x16 returned 0 after 0 usecs
[    1.559855] calling  init_jiffies_clocksource+0x0/0x13 @ 1
[    1.560853] clocksource: jiffies: mask: 0xffffffff max_cycles: 0xffffffff, max_idle_ns: 1911260446275000 ns
[    1.561856] initcall init_jiffies_clocksource+0x0/0x13 returned 0 after 976 usecs
[    1.562855] calling  futex_init+0x0/0xd5 @ 1
[    1.563856] futex hash table entries: 256 (order: 0, 6144 bytes, linear)
[    1.564939] initcall futex_init+0x0/0xd5 returned 0 after 976 usecs
[    1.565855] calling  cgroup_wq_init+0x0/0x28 @ 1
[    1.566860] initcall cgroup_wq_init+0x0/0x28 returned 0 after 0 usecs
[    1.567855] calling  cgroup1_wq_init+0x0/0x28 @ 1
[    1.568887] initcall cgroup1_wq_init+0x0/0x28 returned 0 after 0 usecs
[    1.569857] calling  init_kprobe_trace_early+0x0/0x2a @ 1
[    1.570871] initcall init_kprobe_trace_early+0x0/0x2a returned 0 after 0 usecs
[    1.571855] calling  fsnotify_init+0x0/0x48 @ 1
[    1.572864] initcall fsnotify_init+0x0/0x48 returned 0 after 0 usecs
[    1.573854] calling  filelock_init+0x0/0x60 @ 1
[    1.574890] initcall filelock_init+0x0/0x60 returned 0 after 0 usecs
[    1.575854] calling  init_misc_binfmt+0x0/0x2c @ 1
[    1.576867] initcall init_misc_binfmt+0x0/0x2c returned 0 after 0 usecs
[    1.577854] calling  init_script_binfmt+0x0/0x15 @ 1
[    1.578854] initcall init_script_binfmt+0x0/0x15 returned 0 after 0 usecs
[    1.579854] calling  init_elf_binfmt+0x0/0x15 @ 1
[    1.580854] initcall init_elf_binfmt+0x0/0x15 returned 0 after 0 usecs
[    1.581853] calling  init_compat_elf_binfmt+0x0/0x15 @ 1
[    1.582855] initcall init_compat_elf_binfmt+0x0/0x15 returned 0 after 0 usecs
[    1.583855] calling  debugfs_init+0x0/0x5c @ 1
[    1.584881] initcall debugfs_init+0x0/0x5c returned 0 after 0 usecs
[    1.585855] calling  tracefs_init+0x0/0x3a @ 1
[    1.586875] initcall tracefs_init+0x0/0x3a returned 0 after 0 usecs
[    1.587855] calling  prandom_init_early+0x0/0x111 @ 1
[    1.588855] initcall prandom_init_early+0x0/0x111 returned 0 after 0 usecs
[    1.589897] calling  virtio_init+0x0/0x20 @ 1
[    1.590893] initcall virtio_init+0x0/0x20 returned 0 after 0 usecs
[    1.591855] calling  iommu_init+0x0/0x2a @ 1
[    1.592887] initcall iommu_init+0x0/0x2a returned 0 after 0 usecs
[    1.593854] calling  component_debug_init+0x0/0x1c @ 1
[    1.595030] initcall component_debug_init+0x0/0x1c returned 0 after 0 usecs
[    1.595854] calling  early_resume_init+0x0/0xb9 @ 1
[    1.597852] PM: RTC time: 06:38:13, date: 2022-12-13
[    1.598858] initcall early_resume_init+0x0/0xb9 returned 0 after 1953 usecs
[    1.599856] calling  cpufreq_core_init+0x0/0x62 @ 1
[    1.600884] initcall cpufreq_core_init+0x0/0x62 returned 0 after 0 usecs
[    1.601856] calling  cpufreq_gov_performance_init+0x0/0xc @ 1
[    1.602855] initcall cpufreq_gov_performance_init+0x0/0xc returned 0 after 0 usecs
[    1.603859] calling  cpufreq_gov_userspace_init+0x0/0xc @ 1
[    1.604860] initcall cpufreq_gov_userspace_init+0x0/0xc returned 0 after 0 usecs
[    1.605859] calling  CPU_FREQ_GOV_ONDEMAND_init+0x0/0xc @ 1
[    1.606860] initcall CPU_FREQ_GOV_ONDEMAND_init+0x0/0xc returned 0 after 0 usecs
[    1.607856] calling  cpuidle_init+0x0/0x1f @ 1
[    1.608901] initcall cpuidle_init+0x0/0x1f returned 0 after 0 usecs
[    1.609855] calling  capsule_reboot_register+0x0/0xc @ 1
[    1.610875] initcall capsule_reboot_register+0x0/0xc returned 0 after 0 usecs
[    1.611857] calling  sock_init+0x0/0x93 @ 1
[    1.613017] initcall sock_init+0x0/0x93 returned 0 after 0 usecs
[    1.613855] calling  net_inuse_init+0x0/0x23 @ 1
[    1.614862] initcall net_inuse_init+0x0/0x23 returned 0 after 0 usecs
[    1.615855] calling  net_defaults_init+0x0/0x23 @ 1
[    1.616855] initcall net_defaults_init+0x0/0x23 returned 0 after 0 usecs
[    1.617857] calling  init_default_flow_dissectors+0x0/0x4f @ 1
[    1.618860] initcall init_default_flow_dissectors+0x0/0x4f returned 0 after 0 usecs
[    1.619858] calling  netpoll_init+0x0/0x25 @ 1
[    1.620858] initcall netpoll_init+0x0/0x25 returned 0 after 0 usecs
[    1.621858] calling  netlink_proto_init+0x0/0x14f @ 1
[    1.623178] NET: Registered protocol family 16
[    1.624866] initcall netlink_proto_init+0x0/0x14f returned 0 after 1953 usecs
[    1.625859] calling  genl_init+0x0/0x35 @ 1
[    1.626868] initcall genl_init+0x0/0x35 returned 0 after 0 usecs
[    1.627871] calling  bsp_pm_check_init+0x0/0x13 @ 1
[    1.629855] initcall bsp_pm_check_init+0x0/0x13 returned 0 after 0 usecs
[    1.630886] calling  irq_sysfs_init+0x0/0xb7 @ 1
[    1.631942] initcall irq_sysfs_init+0x0/0xb7 returned 0 after 0 usecs
[    1.632856] calling  audit_init+0x0/0x15d @ 1
[    1.633879] audit: initializing netlink subsys (disabled)
[    1.635908] initcall audit_init+0x0/0x15d returned 0 after 1953 usecs
[    1.636874] calling  release_early_probes+0x0/0x32 @ 1
[    1.637855] initcall release_early_probes+0x0/0x32 returned 0 after 0 usecs
[    1.638855] calling  bdi_class_init+0x0/0x48 @ 1
[    1.639858] audit: type=2000 audit(1670913492.863:1): state=initialized audit_enabled=0 res=1
[    1.640922] initcall bdi_class_init+0x0/0x48 returned 0 after 976 usecs
[    1.641856] calling  mm_sysfs_init+0x0/0x28 @ 1
[    1.642886] initcall mm_sysfs_init+0x0/0x28 returned 0 after 0 usecs
[    1.643856] calling  init_per_zone_wmark_min+0x0/0x5e @ 1
[    1.644861] initcall init_per_zone_wmark_min+0x0/0x5e returned 0 after 0 usecs
[    1.645858] calling  mpi_init+0x0/0x3e @ 1
[    1.646901] initcall mpi_init+0x0/0x3e returned 0 after 0 usecs
[    1.647858] calling  kobject_uevent_init+0x0/0xc @ 1
[    1.648868] initcall kobject_uevent_init+0x0/0xc returned 0 after 0 usecs
[    1.649857] calling  pcibus_class_init+0x0/0x13 @ 1
[    1.650894] initcall pcibus_class_init+0x0/0x13 returned 0 after 0 usecs
[    1.651857] calling  pci_driver_init+0x0/0x21 @ 1
[    1.652907] initcall pci_driver_init+0x0/0x21 returned 0 after 0 usecs
[    1.653858] calling  backlight_class_init+0x0/0xa8 @ 1
[    1.654909] initcall backlight_class_init+0x0/0xa8 returned 0 after 0 usecs
[    1.655859] calling  tty_class_init+0x0/0x33 @ 1
[    1.656869] initcall tty_class_init+0x0/0x33 returned 0 after 0 usecs
[    1.658855] calling  vtconsole_class_init+0x0/0xb5 @ 1
[    1.659960] initcall vtconsole_class_init+0x0/0xb5 returned 0 after 0 usecs
[    1.660856] calling  iommu_dev_init+0x0/0x13 @ 1
[    1.661905] initcall iommu_dev_init+0x0/0x13 returned 0 after 0 usecs
[    1.662858] calling  mipi_dsi_bus_init+0x0/0xc @ 1
[    1.663911] initcall mipi_dsi_bus_init+0x0/0xc returned 0 after 0 usecs
[    1.664858] calling  devlink_class_init+0x0/0x40 @ 1
[    1.665868] initcall devlink_class_init+0x0/0x40 returned 0 after 0 usecs
[    1.666854] calling  software_node_init+0x0/0x2a @ 1
[    1.667860] initcall software_node_init+0x0/0x2a returned 0 after 0 usecs
[    1.668855] calling  wakeup_sources_debugfs_init+0x0/0x23 @ 1
[    1.669906] initcall wakeup_sources_debugfs_init+0x0/0x23 returned 0 after 0 usecs
[    1.670855] calling  wakeup_sources_sysfs_init+0x0/0x2c @ 1
[    1.671867] initcall wakeup_sources_sysfs_init+0x0/0x2c returned 0 after 0 usecs
[    1.672856] calling  regmap_initcall+0x0/0xc @ 1
[    1.673915] initcall regmap_initcall+0x0/0xc returned 0 after 0 usecs
[    1.674855] calling  i2c_init+0x0/0xb3 @ 1
[    1.675950] initcall i2c_init+0x0/0xb3 returned 0 after 0 usecs
[    1.676854] calling  thermal_init+0x0/0xf2 @ 1
[    1.677869] thermal_sys: Registered thermal governor 'step_wise'
[    1.677869] thermal_sys: Registered thermal governor 'user_space'
[    1.678971] initcall thermal_init+0x0/0xf2 returned 0 after 976 usecs
[    1.681856] calling  init_menu+0x0/0xc @ 1
[    1.682945] cpuidle: using governor menu
[    1.683869] initcall init_menu+0x0/0xc returned 0 after 976 usecs
[    1.684854] calling  pcc_init+0x0/0x4d @ 1
[    1.685855] initcall pcc_init+0x0/0x4d returned -19 after 0 usecs
[    1.686860] calling  amd_postcore_init+0x0/0x11e @ 1
[    1.687854] initcall amd_postcore_init+0x0/0x11e returned 0 after 0 usecs
[    1.688871] calling  bts_init+0x0/0xba @ 1
[    1.689855] initcall bts_init+0x0/0xba returned -19 after 0 usecs
[    1.690854] calling  pt_init+0x0/0x2ef @ 1
[    1.691853] initcall pt_init+0x0/0x2ef returned -19 after 0 usecs
[    1.692854] calling  boot_params_ksysfs_init+0x0/0x2ee @ 1
[    1.693886] initcall boot_params_ksysfs_init+0x0/0x2ee returned 0 after 0 usecs
[    1.694855] calling  sbf_init+0x0/0xfe @ 1
[    1.696853] initcall sbf_init+0x0/0xfe returned 0 after 0 usecs
[    1.697853] calling  arch_kdebugfs_init+0x0/0x219 @ 1
[    1.700279] initcall arch_kdebugfs_init+0x0/0x219 returned 0 after 976 usecs
[    1.700856] calling  intel_pconfig_init+0x0/0x85 @ 1
[    1.701870] initcall intel_pconfig_init+0x0/0x85 returned 0 after 0 usecs
[    1.702854] calling  mtrr_if_init+0x0/0x5d @ 1
[    1.703860] initcall mtrr_if_init+0x0/0x5d returned 0 after 0 usecs
[    1.704856] calling  activate_jump_labels+0x0/0x31 @ 1
[    1.705856] initcall activate_jump_labels+0x0/0x31 returned 0 after 0 usecs
[    1.706855] calling  ffh_cstate_init+0x0/0x29 @ 1
[    1.707859] initcall ffh_cstate_init+0x0/0x29 returned 0 after 0 usecs
[    1.708907] calling  activate_jump_labels+0x0/0x31 @ 1
[    1.710145] initcall activate_jump_labels+0x0/0x31 returned 0 after 0 usecs
[    1.710857] calling  kvm_alloc_cpumask+0x0/0x2b @ 1
[    1.711881] initcall kvm_alloc_cpumask+0x0/0x2b returned 0 after 0 usecs
[    1.713856] calling  kcmp_cookies_init+0x0/0x37 @ 1
[    1.714860] initcall kcmp_cookies_init+0x0/0x37 returned 0 after 0 usecs
[    1.715855] calling  cryptomgr_init+0x0/0xc @ 1
[    1.716908] initcall cryptomgr_init+0x0/0xc returned 0 after 0 usecs
[    1.717855] calling  acpi_pci_init+0x0/0x57 @ 1
[    1.718914] ACPI: bus type PCI registered
[    1.720855] initcall acpi_pci_init+0x0/0x57 returned 0 after 1953 usecs
[    1.721856] calling  dma_channel_table_init+0x0/0xce @ 1
[    1.722862] initcall dma_channel_table_init+0x0/0xce returned 0 after 0 usecs
[    1.723856] calling  dma_bus_init+0x0/0xdc @ 1
[    1.724966] initcall dma_bus_init+0x0/0xdc returned 0 after 0 usecs
[    1.725941] calling  iommu_dma_init+0x0/0x10 @ 1
[    1.726879] initcall iommu_dma_init+0x0/0x10 returned 0 after 0 usecs
[    1.727856] calling  dmi_id_init+0x0/0x37c @ 1
[    1.728998] initcall dmi_id_init+0x0/0x37c returned 0 after 0 usecs
[    1.729854] calling  pci_arch_init+0x0/0x71 @ 1
[    1.732337] PCI: MMCONFIG for domain 0000 [bus 00-ff] at [mem 0xb0000000-0xbfffffff] (base 0xb0000000)
[    1.732858] PCI: MMCONFIG at [mem 0xb0000000-0xbfffffff] reserved in E820
[    1.733878] PCI: Using configuration type 1 for base access
[    1.734913] initcall pci_arch_init+0x0/0x71 returned 0 after 3906 usecs
[    1.735890] calling  init_vdso+0x0/0x13 @ 1
[    1.736892] initcall init_vdso+0x0/0x13 returned 0 after 0 usecs
[    1.738854] calling  sysenter_setup+0x0/0x13 @ 1
[    1.739916] initcall sysenter_setup+0x0/0x13 returned 0 after 0 usecs
[    1.740856] calling  fixup_ht_bug+0x0/0x7f @ 1
[    1.741854] initcall fixup_ht_bug+0x0/0x7f returned 0 after 0 usecs
[    1.742855] calling  topology_init+0x0/0x15 @ 1
[    1.743907] initcall topology_init+0x0/0x15 returned 0 after 0 usecs
[    1.744854] calling  intel_epb_init+0x0/0x68 @ 1
[    1.746854] initcall intel_epb_init+0x0/0x68 returned -19 after 0 usecs
[    1.747903] calling  mtrr_init_finialize+0x0/0x3e @ 1
[    1.749854] initcall mtrr_init_finialize+0x0/0x3e returned 0 after 0 usecs
[    1.750857] calling  uid_cache_init+0x0/0x92 @ 1
[    1.751863] initcall uid_cache_init+0x0/0x92 returned 0 after 0 usecs
[    1.752857] calling  param_sysfs_init+0x0/0x1ba @ 1
[    1.757979] initcall param_sysfs_init+0x0/0x1ba returned 0 after 3906 usecs
[    1.758871] calling  user_namespace_sysctl_init+0x0/0x33 @ 1
[    1.760882] initcall user_namespace_sysctl_init+0x0/0x33 returned 0 after 976 usecs
[    1.761854] calling  proc_schedstat_init+0x0/0x24 @ 1
[    1.762857] initcall proc_schedstat_init+0x0/0x24 returned 0 after 0 usecs
[    1.763853] calling  pm_sysrq_init+0x0/0x18 @ 1
[    1.764868] initcall pm_sysrq_init+0x0/0x18 returned 0 after 0 usecs
[    1.765875] calling  create_proc_profile+0x0/0x50 @ 1
[    1.767854] initcall create_proc_profile+0x0/0x50 returned 0 after 0 usecs
[    1.768855] calling  time_ns_init+0x0/0x7 @ 1
[    1.769854] initcall time_ns_init+0x0/0x7 returned 0 after 0 usecs
[    1.770856] calling  crash_save_vmcoreinfo_init+0x0/0x756 @ 1
[    1.771939] initcall crash_save_vmcoreinfo_init+0x0/0x756 returned 0 after 0 usecs
[    1.772855] calling  crash_notes_memory_init+0x0/0x35 @ 1
[    1.773858] initcall crash_notes_memory_init+0x0/0x35 returned 0 after 0 usecs
[    1.774855] calling  cgroup_sysfs_init+0x0/0x13 @ 1
[    1.775880] initcall cgroup_sysfs_init+0x0/0x13 returned 0 after 0 usecs
[    1.776856] calling  cgroup_namespaces_init+0x0/0x7 @ 1
[    1.777855] initcall cgroup_namespaces_init+0x0/0x7 returned 0 after 0 usecs
[    1.778855] calling  init_optprobes+0x0/0x13 @ 1
[    1.779852] Kprobes globally optimized
[    1.780858] initcall init_optprobes+0x0/0x13 returned 0 after 976 usecs
[    1.781857] calling  oom_init+0x0/0x2f @ 1
[    1.782971] initcall oom_init+0x0/0x2f returned 0 after 0 usecs
[    1.783858] calling  default_bdi_init+0x0/0x35 @ 1
[    1.784989] initcall default_bdi_init+0x0/0x35 returned 0 after 0 usecs
[    1.785860] calling  percpu_enable_async+0x0/0xe @ 1
[    1.786856] initcall percpu_enable_async+0x0/0xe returned 0 after 0 usecs
[    1.787857] calling  kcompactd_init+0x0/0x46 @ 1
[    1.789061] initcall kcompactd_init+0x0/0x46 returned 0 after 0 usecs
[    1.790013] calling  init_user_reserve+0x0/0x30 @ 1
[    1.790879] initcall init_user_reserve+0x0/0x30 returned 0 after 0 usecs
[    1.791857] calling  init_admin_reserve+0x0/0x30 @ 1
[    1.792863] initcall init_admin_reserve+0x0/0x30 returned 0 after 0 usecs
[    1.793858] calling  init_reserve_notifier+0x0/0x7 @ 1
[    1.794855] initcall init_reserve_notifier+0x0/0x7 returned 0 after 0 usecs
[    1.795855] calling  swap_init_sysfs+0x0/0x62 @ 1
[    1.796883] initcall swap_init_sysfs+0x0/0x62 returned 0 after 0 usecs
[    1.797854] calling  swapfile_init+0x0/0x46 @ 1
[    1.798857] initcall swapfile_init+0x0/0x46 returned 0 after 0 usecs
[    1.799855] calling  hugetlb_init+0x0/0x42f @ 1
[    1.800855] HugeTLB registered 2.00 MiB page size, pre-allocated 0 pages
[    1.801884] initcall hugetlb_init+0x0/0x42f returned 0 after 976 usecs
[    1.802855] calling  io_wq_init+0x0/0x34 @ 1
[    1.803855] initcall io_wq_init+0x0/0x34 returned 0 after 0 usecs
[    1.804854] calling  seqiv_module_init+0x0/0xc @ 1
[    1.805855] initcall seqiv_module_init+0x0/0xc returned 0 after 0 usecs
[    1.806854] calling  echainiv_module_init+0x0/0xc @ 1
[    1.807854] initcall echainiv_module_init+0x0/0xc returned 0 after 0 usecs
[    1.808923] calling  rsa_init+0x0/0x50 @ 1
[    1.811193] initcall rsa_init+0x0/0x50 returned 0 after 976 usecs
[    1.811857] calling  crypto_cmac_module_init+0x0/0xc @ 1
[    1.813856] initcall crypto_cmac_module_init+0x0/0xc returned 0 after 976 usecs
[    1.814882] cryptomgr_test (21) used greatest stack depth: 15528 bytes left
[    1.815871] calling  hmac_module_init+0x0/0xc @ 1
[    1.816867] initcall hmac_module_init+0x0/0xc returned 0 after 0 usecs
[    1.817866] calling  crypto_null_mod_init+0x0/0x65 @ 1
[    1.819043] initcall crypto_null_mod_init+0x0/0x65 returned 0 after 0 usecs
[    1.819859] calling  md5_mod_init+0x0/0xc @ 1
[    1.820918] initcall md5_mod_init+0x0/0xc returned 0 after 0 usecs
[    1.821861] calling  sha256_generic_mod_init+0x0/0x11 @ 1
[    1.822919] initcall sha256_generic_mod_init+0x0/0x11 returned 0 after 0 usecs
[    1.824870] calling  crypto_cbc_module_init+0x0/0xc @ 1
[    1.825860] initcall crypto_cbc_module_init+0x0/0xc returned 0 after 0 usecs
[    1.826876] calling  crypto_ctr_module_init+0x0/0x11 @ 1
[    1.827875] initcall crypto_ctr_module_init+0x0/0x11 returned 0 after 0 usecs
[    1.828861] calling  crypto_gcm_module_init+0x0/0x64 @ 1
[    1.830858] initcall crypto_gcm_module_init+0x0/0x64 returned 0 after 976 usecs
[    1.831860] calling  crypto_ccm_module_init+0x0/0x11 @ 1
[    1.832859] initcall crypto_ccm_module_init+0x0/0x11 returned 0 after 0 usecs
[    1.833855] calling  aes_init+0x0/0xc @ 1
[    1.834899] initcall aes_init+0x0/0xc returned 0 after 0 usecs
[    1.835854] calling  crc32c_mod_init+0x0/0xc @ 1
[    1.836914] initcall crc32c_mod_init+0x0/0xc returned 0 after 0 usecs
[    1.837867] calling  crypto_authenc_module_init+0x0/0xc @ 1
[    1.838889] initcall crypto_authenc_module_init+0x0/0xc returned 0 after 0 usecs
[    1.839874] calling  crypto_authenc_esn_module_init+0x0/0xc @ 1
[    1.840869] initcall crypto_authenc_esn_module_init+0x0/0xc returned 0 after 0 usecs
[    1.842049] calling  drbg_init+0x0/0x7c @ 1
[    1.843167] initcall drbg_init+0x0/0x7c returned 0 after 0 usecs
[    1.843858] calling  ghash_mod_init+0x0/0xc @ 1
[    1.844905] initcall ghash_mod_init+0x0/0xc returned 0 after 0 usecs
[    1.845860] calling  init_bio+0x0/0x9a @ 1
[    1.847873] initcall init_bio+0x0/0x9a returned 0 after 976 usecs
[    1.848860] calling  blk_settings_init+0x0/0x29 @ 1
[    1.849858] initcall blk_settings_init+0x0/0x29 returned 0 after 0 usecs
[    1.850858] calling  blk_ioc_init+0x0/0x29 @ 1
[    1.851863] initcall blk_ioc_init+0x0/0x29 returned 0 after 0 usecs
[    1.852863] calling  blk_mq_init+0x0/0x96 @ 1
[    1.854854] initcall blk_mq_init+0x0/0x96 returned 0 after 976 usecs
[    1.855856] calling  genhd_device_init+0x0/0x75 @ 1
[    1.858496] initcall genhd_device_init+0x0/0x75 returned 0 after 0 usecs
[    1.859016] calling  pci_slot_init+0x0/0x40 @ 1
[    1.859861] initcall pci_slot_init+0x0/0x40 returned 0 after 0 usecs
[    1.860857] calling  fbmem_init+0x0/0xd8 @ 1
[    1.862098] initcall fbmem_init+0x0/0xd8 returned 0 after 0 usecs
[    1.862859] calling  acpi_init+0x0/0x316 @ 1
[    1.864451] ACPI: Added _OSI(Module Device)
[    1.864853] ACPI: Added _OSI(Processor Device)
[    1.865853] ACPI: Added _OSI(3.0 _SCP Extensions)
[    1.866855] ACPI: Added _OSI(Processor Aggregator Device)
[    1.867856] ACPI: Added _OSI(Linux-Dell-Video)
[    1.868856] ACPI: Added _OSI(Linux-Lenovo-NV-HDMI-Audio)
[    1.869861] ACPI: Added _OSI(Linux-HPI-Hybrid-Graphics)
[    1.873728] ACPI: 1 ACPI AML tables successfully acquired and loaded
[    1.877065] ACPI: Interpreter enabled
[    1.878142] ACPI: (supports S0 S3 S4 S5)
[    1.878852] ACPI: Using IOAPIC for interrupt routing
[    1.880898] PCI: Using host bridge windows from ACPI; if necessary, use "pci=nocrs" and report a bug
[    1.882196] ACPI: Enabled 2 GPEs in block 00 to 3F
[    1.889324] ACPI: PCI Root Bridge [PCI0] (domain 0000 [bus 00-ff])
[    1.889858] acpi PNP0A08:00: _OSC: OS supports [ExtendedConfig ASPM ClockPM Segments MSI HPX-Type3]
[    1.890964] acpi PNP0A08:00: _OSC: platform does not support [LTR]
[    1.891960] acpi PNP0A08:00: _OSC: OS now controls [PME PCIeCapability]
[    1.892962] PCI host bridge to bus 0000:00
[    1.893875] pci_bus 0000:00: root bus resource [io  0x0000-0x0cf7 window]
[    1.894857] pci_bus 0000:00: root bus resource [io  0x0d00-0xffff window]
[    1.895857] pci_bus 0000:00: root bus resource [mem 0x000a0000-0x000bffff window]
[    1.896855] pci_bus 0000:00: root bus resource [mem 0x20000000-0xafffffff window]
[    1.897854] pci_bus 0000:00: root bus resource [mem 0xc0000000-0xfebfffff window]
[    1.898871] pci_bus 0000:00: root bus resource [mem 0x100000000-0x8ffffffff window]
[    1.899854] pci_bus 0000:00: root bus resource [bus 00-ff]
[    1.901320] pci 0000:00:00.0: calling  quirk_mmio_always_on+0x0/0x10 @ 1
[    1.901857] pci 0000:00:00.0: quirk_mmio_always_on+0x0/0x10 took 0 usecs
[    1.903848] pci 0000:00:00.0: [8086:29c0] type 00 class 0x060000
[    1.908649] pci 0000:00:00.0: calling  quirk_igfx_skip_te_disable+0x0/0x80 @ 1
[    1.908857] pci 0000:00:00.0: quirk_igfx_skip_te_disable+0x0/0x80 took 0 usecs
[    1.911287] pci 0000:00:01.0: [1234:1111] type 00 class 0x030000
[    1.917540] pci 0000:00:01.0: reg 0x10: [mem 0xfd000000-0xfdffffff pref]
[    1.927848] pci 0000:00:01.0: reg 0x18: [mem 0xfebf0000-0xfebf0fff]
[    1.943503] pci 0000:00:01.0: reg 0x30: [mem 0xfebe0000-0xfebeffff pref]
[    1.946848] pci 0000:00:01.0: calling  efifb_fixup_resources+0x0/0xf0 @ 1
[    1.947891] pci 0000:00:01.0: efifb_fixup_resources+0x0/0xf0 took 0 usecs
[    1.963443] pci 0000:00:1f.0: [8086:2918] type 00 class 0x060100
[    1.970145] pci 0000:00:1f.0: calling  quirk_ich7_lpc+0x0/0x60 @ 1
[    1.972162] pci 0000:00:1f.0: quirk: [io  0x0600-0x067f] claimed by ICH6 ACPI/GPIO/TCO
[    1.973285] pci 0000:00:1f.0: quirk_ich7_lpc+0x0/0x60 took 1953 usecs
[    1.974012] pci 0000:00:1f.0: calling  quirk_igfx_skip_te_disable+0x0/0x80 @ 1
[    1.974871] pci 0000:00:1f.0: quirk_igfx_skip_te_disable+0x0/0x80 took 0 usecs
[    1.978455] pci 0000:00:1f.2: [8086:2922] type 00 class 0x010601
[    1.987703] pci 0000:00:1f.2: reg 0x20: [io  0xc040-0xc05f]
[    1.988855] pci 0000:00:1f.2: reg 0x24: [mem 0xfebf1000-0xfebf1fff]
[    1.991764] pci 0000:00:1f.2: calling  quirk_igfx_skip_te_disable+0x0/0x80 @ 1
[    1.991857] pci 0000:00:1f.2: quirk_igfx_skip_te_disable+0x0/0x80 took 0 usecs
[    1.996405] pci 0000:00:1f.3: [8086:2930] type 00 class 0x0c0500
[    2.002854] pci 0000:00:1f.3: reg 0x20: [io  0x0700-0x073f]
[    2.005869] pci 0000:00:1f.3: calling  quirk_igfx_skip_te_disable+0x0/0x80 @ 1
[    2.006858] pci 0000:00:1f.3: quirk_igfx_skip_te_disable+0x0/0x80 took 0 usecs
[    2.009387] pci_bus 0000:00: on NUMA node 0
[    2.012064] ACPI: PCI Interrupt Link [LNKA] (IRQs 5 *10 11)
[    2.013261] ACPI: PCI Interrupt Link [LNKB] (IRQs 5 *10 11)
[    2.014219] ACPI: PCI Interrupt Link [LNKC] (IRQs 5 10 *11)
[    2.016069] ACPI: PCI Interrupt Link [LNKD] (IRQs 5 10 *11)
[    2.017249] ACPI: PCI Interrupt Link [LNKE] (IRQs 5 *10 11)
[    2.019335] ACPI: PCI Interrupt Link [LNKF] (IRQs 5 *10 11)
[    2.020527] ACPI: PCI Interrupt Link [LNKG] (IRQs 5 10 *11)
[    2.021870] ACPI: PCI Interrupt Link [LNKH] (IRQs 5 10 *11)
[    2.023110] ACPI: PCI Interrupt Link [GSIA] (IRQs *16)
[    2.023867] ACPI: PCI Interrupt Link [GSIB] (IRQs *17)
[    2.024983] ACPI: PCI Interrupt Link [GSIC] (IRQs *18)
[    2.026858] ACPI: PCI Interrupt Link [GSID] (IRQs *19)
[    2.027976] ACPI: PCI Interrupt Link [GSIE] (IRQs *20)
[    2.028871] ACPI: PCI Interrupt Link [GSIF] (IRQs *21)
[    2.029867] ACPI: PCI Interrupt Link [GSIG] (IRQs *22)
[    2.030952] ACPI: PCI Interrupt Link [GSIH] (IRQs *23)
[    2.044382] initcall acpi_init+0x0/0x316 returned 0 after 175781 usecs
[    2.044964] calling  pnp_init+0x0/0xc @ 1
[    2.046864] initcall pnp_init+0x0/0xc returned 0 after 976 usecs
[    2.047856] calling  misc_init+0x0/0xbf @ 1
[    2.051855] initcall misc_init+0x0/0xbf returned 0 after 2929 usecs
[    2.052857] calling  iommu_subsys_init+0x0/0x4e @ 1
[    2.054813] iommu: Default domain type: Translated 
[    2.055856] initcall iommu_subsys_init+0x0/0x4e returned 0 after 1953 usecs
[    2.057095] calling  vga_arb_device_init+0x0/0x26c @ 1
[    2.061272] pci 0000:00:01.0: vgaarb: setting as boot VGA device
[    2.061848] pci 0000:00:01.0: vgaarb: VGA device added: decodes=io+mem,owns=io+mem,locks=none
[    2.061859] pci 0000:00:01.0: vgaarb: bridge control possible
[    2.062855] vgaarb: loaded
[    2.063858] initcall vga_arb_device_init+0x0/0x26c returned 0 after 5859 usecs
[    2.064909] calling  cn_init+0x0/0xf0 @ 1
[    2.066221] initcall cn_init+0x0/0xf0 returned 0 after 0 usecs
[    2.066856] calling  dma_buf_init+0x0/0xad @ 1
[    2.068216] initcall dma_buf_init+0x0/0xad returned 0 after 0 usecs
[    2.068856] calling  init_scsi+0x0/0x79 @ 1
[    2.071017] SCSI subsystem initialized
[    2.071856] initcall init_scsi+0x0/0x79 returned 0 after 1953 usecs
[    2.072856] calling  ata_init+0x0/0x332 @ 1
[    2.076064] libata version 3.00 loaded.
[    2.077855] initcall ata_init+0x0/0x332 returned 0 after 3906 usecs
[    2.078855] calling  phy_init+0x0/0x250 @ 1
[    2.080907] initcall phy_init+0x0/0x250 returned 0 after 976 usecs
[    2.081856] calling  init_pcmcia_cs+0x0/0x35 @ 1
[    2.082995] initcall init_pcmcia_cs+0x0/0x35 returned 0 after 0 usecs
[    2.083858] calling  usb_common_init+0x0/0x1c @ 1
[    2.084918] initcall usb_common_init+0x0/0x1c returned 0 after 0 usecs
[    2.085856] calling  usb_init+0x0/0x12e @ 1
[    2.086910] ACPI: bus type USB registered
[    2.088084] usbcore: registered new interface driver usbfs
[    2.089881] usbcore: registered new interface driver hub
[    2.091871] usbcore: registered new device driver usb
[    2.092859] initcall usb_init+0x0/0x12e returned 0 after 5859 usecs
[    2.093858] calling  serio_init+0x0/0x29 @ 1
[    2.094912] initcall serio_init+0x0/0x29 returned 0 after 0 usecs
[    2.095888] calling  input_init+0x0/0xf6 @ 1
[    2.097912] initcall input_init+0x0/0xf6 returned 0 after 0 usecs
[    2.098857] calling  rtc_init+0x0/0x4d @ 1
[    2.100862] initcall rtc_init+0x0/0x4d returned 0 after 976 usecs
[    2.101855] calling  pps_init+0x0/0xa9 @ 1
[    2.102935] pps_core: LinuxPPS API ver. 1 registered
[    2.103851] pps_core: Software ver. 5.3.6 - Copyright 2005-2007 Rodolfo Giometti <giometti@linux.it>
[    2.104855] initcall pps_init+0x0/0xa9 returned 0 after 1953 usecs
[    2.105857] calling  ptp_init+0x0/0x98 @ 1
[    2.106862] PTP clock support registered
[    2.107855] initcall ptp_init+0x0/0x98 returned 0 after 976 usecs
[    2.108854] calling  power_supply_class_init+0x0/0x3f @ 1
[    2.110854] initcall power_supply_class_init+0x0/0x3f returned 0 after 976 usecs
[    2.111854] calling  hwmon_init+0x0/0x104 @ 1
[    2.112907] initcall hwmon_init+0x0/0x104 returned 0 after 0 usecs
[    2.114853] calling  md_init+0x0/0x16b @ 1
[    2.117224] initcall md_init+0x0/0x16b returned 0 after 976 usecs
[    2.117854] calling  leds_init+0x0/0x3b @ 1
[    2.118877] initcall leds_init+0x0/0x3b returned 0 after 0 usecs
[    2.119854] calling  dmi_init+0x0/0x113 @ 1
[    2.121138] initcall dmi_init+0x0/0x113 returned 0 after 0 usecs
[    2.121853] calling  efisubsys_init+0x0/0x4e6 @ 1
[    2.122873] initcall efisubsys_init+0x0/0x4e6 returned 0 after 0 usecs
[    2.124852] calling  nvmem_init+0x0/0xc @ 1
[    2.126854] initcall nvmem_init+0x0/0xc returned 0 after 976 usecs
[    2.127856] calling  init_soundcore+0x0/0x33 @ 1
[    2.128901] initcall init_soundcore+0x0/0x33 returned 0 after 0 usecs
[    2.129855] calling  alsa_sound_init+0x0/0x8f @ 1
[    2.130989] Advanced Linux Sound Architecture Driver Initialized.
[    2.131855] initcall alsa_sound_init+0x0/0x8f returned 0 after 976 usecs
[    2.132855] calling  alsa_seq_device_init+0x0/0x71 @ 1
[    2.133889] initcall alsa_seq_device_init+0x0/0x71 returned 0 after 0 usecs
[    2.134855] calling  hda_bus_init+0x0/0xc @ 1
[    2.135882] initcall hda_bus_init+0x0/0xc returned 0 after 0 usecs
[    2.136854] calling  proto_init+0x0/0xc @ 1
[    2.137913] initcall proto_init+0x0/0xc returned 0 after 0 usecs
[    2.138856] calling  net_dev_init+0x0/0x1cc @ 1
[    2.141028] initcall net_dev_init+0x0/0x1cc returned 0 after 976 usecs
[    2.141855] calling  neigh_init+0x0/0x84 @ 1
[    2.142857] initcall neigh_init+0x0/0x84 returned 0 after 0 usecs
[    2.144855] calling  fib_notifier_init+0x0/0xc @ 1
[    2.145879] initcall fib_notifier_init+0x0/0xc returned 0 after 0 usecs
[    2.146857] calling  fib_rules_init+0x0/0xab @ 1
[    2.147906] initcall fib_rules_init+0x0/0xab returned 0 after 0 usecs
[    2.148855] calling  pktsched_init+0x0/0x10e @ 1
[    2.149974] initcall pktsched_init+0x0/0x10e returned 0 after 0 usecs
[    2.150854] calling  tc_filter_init+0x0/0xfa @ 1
[    2.152855] initcall tc_filter_init+0x0/0xfa returned 0 after 976 usecs
[    2.153855] calling  tc_action_init+0x0/0x54 @ 1
[    2.154855] initcall tc_action_init+0x0/0x54 returned 0 after 0 usecs
[    2.155853] calling  ethnl_init+0x0/0x52 @ 1
[    2.158211] initcall ethnl_init+0x0/0x52 returned 0 after 976 usecs
[    2.158856] calling  nexthop_init+0x0/0xd8 @ 1
[    2.160025] initcall nexthop_init+0x0/0xd8 returned 0 after 0 usecs
[    2.160856] calling  cipso_v4_init+0x0/0x5a @ 1
[    2.162993] initcall cipso_v4_init+0x0/0x5a returned 0 after 976 usecs
[    2.163923] calling  ieee80211_init+0x0/0x24 @ 1
[    2.165446] initcall ieee80211_init+0x0/0x24 returned 0 after 0 usecs
[    2.165854] calling  netlbl_init+0x0/0x78 @ 1
[    2.167020] NetLabel: Initializing
[    2.167852] NetLabel:  domain hash size = 128
[    2.168979] NetLabel:  protocols = UNLABELED CIPSOv4 CALIPSO
[    2.171851] NetLabel:  unlabeled traffic allowed by default
[    2.172856] initcall netlbl_init+0x0/0x78 returned 0 after 5859 usecs
[    2.173855] calling  rfkill_init+0x0/0x111 @ 1
[    2.176413] initcall rfkill_init+0x0/0x111 returned 0 after 976 usecs
[    2.176855] calling  pci_subsys_init+0x0/0x66 @ 1
[    2.178018] PCI: Using ACPI for IRQ routing
[    2.931873] PCI: pci_cache_line_size set to 64 bytes
[    2.934546] e820: reserve RAM buffer [mem 0x0009fc00-0x0009ffff]
[    2.934891] e820: reserve RAM buffer [mem 0x1ffdf000-0x1fffffff]
[    2.935935] initcall pci_subsys_init+0x0/0x66 returned 0 after 740234 usecs
[    2.938709] calling  nmi_warning_debugfs+0x0/0x26 @ 1
[    2.938955] initcall nmi_warning_debugfs+0x0/0x26 returned 0 after 0 usecs
[    2.939856] calling  save_microcode_in_initrd+0x0/0x51 @ 1
[    2.941876] initcall save_microcode_in_initrd+0x0/0x51 returned 0 after 976 usecs
[    2.942888] calling  hpet_late_init+0x0/0x1f6 @ 1
[    2.945170] hpet: 3 channels of 0 reserved for per-cpu timers
[    2.947020] hpet0: at MMIO 0xfed00000, IRQs 2, 8, 0
[    2.948852] hpet0: 3 comparators, 64-bit 100.000000 MHz counter
[    2.953869] initcall hpet_late_init+0x0/0x1f6 returned 0 after 9765 usecs
[    2.954858] calling  init_amd_nbs+0x0/0x11c @ 1
[    2.955915] initcall init_amd_nbs+0x0/0x11c returned 0 after 0 usecs
[    2.956856] calling  clocksource_done_booting+0x0/0x41 @ 1
[    2.957913] clocksource: Switched to clocksource kvm-clock
[    2.965154] initcall clocksource_done_booting+0x0/0x41 returned 0 after 7130 usecs
[    2.973947] calling  tracer_init_tracefs+0x0/0x1fb @ 1
[    3.155905] initcall tracer_init_tracefs+0x0/0x1fb returned 0 after 171376 usecs
[    3.165767] calling  init_trace_printk_function_export+0x0/0x2c @ 1
[    3.173163] initcall init_trace_printk_function_export+0x0/0x2c returned 0 after 9 usecs
[    3.182526] calling  init_kprobe_trace+0x0/0x1a9 @ 1
[    3.188436] initcall init_kprobe_trace+0x0/0x1a9 returned 0 after 22 usecs
[    3.196705] calling  init_dynamic_event+0x0/0x3d @ 1
[    3.202677] initcall init_dynamic_event+0x0/0x3d returned 0 after 90 usecs
[    3.210798] calling  init_uprobe_trace+0x0/0x5c @ 1
[    3.216694] initcall init_uprobe_trace+0x0/0x5c returned 0 after 52 usecs
[    3.224911] calling  init_pipe_fs+0x0/0x44 @ 1
[    3.231161] initcall init_pipe_fs+0x0/0x44 returned 0 after 969 usecs
[    3.238820] calling  inotify_user_setup+0x0/0x47 @ 1
[    3.244713] initcall inotify_user_setup+0x0/0x47 returned 0 after 69 usecs
[    3.252742] calling  eventpoll_init+0x0/0xcc @ 1
[    3.258225] initcall eventpoll_init+0x0/0xcc returned 0 after 73 usecs
[    3.265862] calling  anon_inode_init+0x0/0x58 @ 1
[    3.271639] initcall anon_inode_init+0x0/0x58 returned 0 after 108 usecs
[    3.279628] calling  proc_locks_init+0x0/0x27 @ 1
[    3.285443] initcall proc_locks_init+0x0/0x27 returned 0 after 119 usecs
[    3.293345] calling  iomap_init+0x0/0x1b @ 1
[    3.299244] initcall iomap_init+0x0/0x1b returned 0 after 730 usecs
[    3.306960] calling  dquot_init+0x0/0xd7 @ 1
[    3.312747] VFS: Disk quotas dquot_6.6.0
[    3.317749] VFS: Dquot-cache hash table entries: 512 (order 0, 4096 bytes)
[    3.326300] initcall dquot_init+0x0/0xd7 returned 0 after 13426 usecs
[    3.333924] calling  quota_init+0x0/0x23 @ 1
[    3.339551] initcall quota_init+0x0/0x23 returned 0 after 476 usecs
[    3.347569] calling  proc_cmdline_init+0x0/0x21 @ 1
[    3.353920] initcall proc_cmdline_init+0x0/0x21 returned 0 after 19 usecs
[    3.362635] calling  proc_consoles_init+0x0/0x24 @ 1
[    3.368801] initcall proc_consoles_init+0x0/0x24 returned 0 after 42 usecs
[    3.377476] calling  proc_cpuinfo_init+0x0/0x1e @ 1
[    3.383576] initcall proc_cpuinfo_init+0x0/0x1e returned 0 after 5 usecs
[    3.391688] calling  proc_devices_init+0x0/0x24 @ 1
[    3.397603] initcall proc_devices_init+0x0/0x24 returned 0 after 18 usecs
[    3.405692] calling  proc_interrupts_init+0x0/0x24 @ 1
[    3.411851] initcall proc_interrupts_init+0x0/0x24 returned 0 after 4 usecs
[    3.420087] calling  proc_loadavg_init+0x0/0x21 @ 1
[    3.426011] initcall proc_loadavg_init+0x0/0x21 returned 0 after 3 usecs
[    3.433943] calling  proc_meminfo_init+0x0/0x21 @ 1
[    3.439849] initcall proc_meminfo_init+0x0/0x21 returned 0 after 3 usecs
[    3.447690] calling  proc_stat_init+0x0/0x1e @ 1
[    3.453255] initcall proc_stat_init+0x0/0x1e returned 0 after 3 usecs
[    3.460945] calling  proc_uptime_init+0x0/0x21 @ 1
[    3.466597] initcall proc_uptime_init+0x0/0x21 returned 0 after 4 usecs
[    3.474492] calling  proc_version_init+0x0/0x21 @ 1
[    3.480265] initcall proc_version_init+0x0/0x21 returned 0 after 3 usecs
[    3.488013] calling  proc_softirqs_init+0x0/0x21 @ 1
[    3.493724] initcall proc_softirqs_init+0x0/0x21 returned 0 after 3 usecs
[    3.501637] calling  proc_kcore_init+0x0/0xea @ 1
[    3.507234] initcall proc_kcore_init+0x0/0xea returned 0 after 57 usecs
[    3.514814] calling  vmcore_init+0x0/0x578 @ 1
[    3.520510] initcall vmcore_init+0x0/0x578 returned 0 after 19 usecs
[    3.527687] calling  proc_kmsg_init+0x0/0x21 @ 1
[    3.532858] initcall proc_kmsg_init+0x0/0x21 returned 0 after 4 usecs
[    3.540209] calling  proc_page_init+0x0/0x3b @ 1
[    3.545424] initcall proc_page_init+0x0/0x3b returned 0 after 4 usecs
[    3.552700] calling  init_ramfs_fs+0x0/0xc @ 1
[    3.557788] initcall init_ramfs_fs+0x0/0xc returned 0 after 24 usecs
[    3.565052] calling  init_hugetlbfs_fs+0x0/0xf6 @ 1
[    3.571198] initcall init_hugetlbfs_fs+0x0/0xf6 returned 0 after 94 usecs
[    3.578870] calling  blk_scsi_ioctl_init+0x0/0x2a5 @ 1
[    3.585455] initcall blk_scsi_ioctl_init+0x0/0x2a5 returned 0 after 38 usecs
[    3.597060] calling  acpi_event_init+0x0/0x2c @ 1
[    3.602862] initcall acpi_event_init+0x0/0x2c returned 0 after 149 usecs
[    3.612078] calling  pnp_system_init+0x0/0xc @ 1
[    3.618386] initcall pnp_system_init+0x0/0xc returned 0 after 723 usecs
[    3.626406] calling  pnpacpi_init+0x0/0x69 @ 1
[    3.631986] pnp: PnP ACPI init
[    3.640369] pnp 00:00: Plug and Play ACPI device, IDs PNP0303 (active)
[    3.648575] pnp 00:01: Plug and Play ACPI device, IDs PNP0f13 (active)
[    3.656362] pnp 00:02: Plug and Play ACPI device, IDs PNP0400 (active)
[    3.664066] pnp 00:03: Plug and Play ACPI device, IDs PNP0501 (active)
[    3.671981] pnp 00:04: Plug and Play ACPI device, IDs PNP0b00 (active)
[    3.680172] system 00:05: [mem 0xb0000000-0xbfffffff window] has been reserved
[    3.688736] system 00:05: Plug and Play ACPI device, IDs PNP0c01 (active)
[    3.698305] pnp: PnP ACPI: found 6 devices
[    3.703259] initcall pnpacpi_init+0x0/0x69 returned 0 after 69610 usecs
[    3.711105] calling  chr_dev_init+0x0/0x14d @ 1
[    3.719290] initcall chr_dev_init+0x0/0x14d returned 0 after 2700 usecs
[    3.727204] calling  firmware_class_init+0x0/0xde @ 1
[    3.733267] initcall firmware_class_init+0x0/0xde returned 0 after 73 usecs
[    3.741405] calling  init_pcmcia_bus+0x0/0x5b @ 1
[    3.747068] initcall init_pcmcia_bus+0x0/0x5b returned 0 after 97 usecs
[    3.754928] calling  init_acpi_pm_clocksource+0x0/0xda @ 1
[    3.767111] clocksource: acpi_pm: mask: 0xffffff max_cycles: 0xffffff, max_idle_ns: 2085701024 ns
[    3.777333] initcall init_acpi_pm_clocksource+0x0/0xda returned 0 after 15564 usecs
[    3.786263] calling  sysctl_core_init+0x0/0x26 @ 1
[    3.792175] initcall sysctl_core_init+0x0/0x26 returned 0 after 191 usecs
[    3.800229] calling  eth_offload_init+0x0/0x13 @ 1
[    3.806005] initcall eth_offload_init+0x0/0x13 returned 0 after 18 usecs
[    3.813977] calling  ipv4_offload_init+0x0/0x73 @ 1
[    3.819819] initcall ipv4_offload_init+0x0/0x73 returned 0 after 50 usecs
[    3.827750] calling  inet_init+0x0/0x276 @ 1
[    3.833114] NET: Registered protocol family 2
[    3.840106] IP idents hash table entries: 8192 (order: 4, 65536 bytes, linear)
[    3.853172] tcp_listen_portaddr_hash hash table entries: 256 (order: 0, 4096 bytes, linear)
[    3.865214] TCP established hash table entries: 4096 (order: 3, 32768 bytes, linear)
[    3.874214] TCP bind hash table entries: 4096 (order: 3, 32768 bytes, linear)
[    3.882415] TCP: Hash tables configured (established 4096 bind 4096)
[    3.890305] UDP hash table entries: 256 (order: 1, 8192 bytes, linear)
[    3.898332] UDP-Lite hash table entries: 256 (order: 1, 8192 bytes, linear)
[    3.906767] initcall inet_init+0x0/0x276 returned 0 after 72118 usecs
[    3.914449] calling  af_unix_init+0x0/0x4d @ 1
[    3.919753] NET: Registered protocol family 1
[    3.924987] initcall af_unix_init+0x0/0x4d returned 0 after 5126 usecs
[    3.933201] calling  ipv6_offload_init+0x0/0x7e @ 1
[    3.939193] initcall ipv6_offload_init+0x0/0x7e returned 0 after 52 usecs
[    3.947237] calling  init_sunrpc+0x0/0x65 @ 1
[    3.953561] RPC: Registered named UNIX socket transport module.
[    3.960839] RPC: Registered udp transport module.
[    3.966699] RPC: Registered tcp transport module.
[    3.972473] RPC: Registered tcp NFSv4.1 backchannel transport module.
[    3.980364] initcall init_sunrpc+0x0/0x65 returned 0 after 27074 usecs
[    3.988418] calling  cfg80211_init+0x0/0xc5 @ 1
[    3.997607] initcall cfg80211_init+0x0/0xc5 returned 0 after 3487 usecs
[    4.005530] calling  pcibios_assign_resources+0x0/0xcb @ 1
[    4.014518] pci_bus 0000:00: resource 4 [io  0x0000-0x0cf7 window]
[    4.022937] pci_bus 0000:00: resource 5 [io  0x0d00-0xffff window]
[    4.030720] pci_bus 0000:00: resource 6 [mem 0x000a0000-0x000bffff window]
[    4.038755] pci_bus 0000:00: resource 7 [mem 0x20000000-0xafffffff window]
[    4.046692] pci_bus 0000:00: resource 8 [mem 0xc0000000-0xfebfffff window]
[    4.054794] pci_bus 0000:00: resource 9 [mem 0x100000000-0x8ffffffff window]
[    4.063065] initcall pcibios_assign_resources+0x0/0xcb returned 0 after 49192 usecs
[    4.071984] calling  pci_apply_final_quirks+0x0/0x124 @ 1
[    4.079222] pci 0000:00:01.0: calling  pci_fixup_video+0x0/0xe0 @ 1
[    4.087255] pci 0000:00:01.0: Video device with shadowed ROM at [mem 0x000c0000-0x000dffff]
[    4.097131] pci 0000:00:01.0: pci_fixup_video+0x0/0xe0 took 10027 usecs
[    4.105447] PCI: CLS 0 bytes, default 64
[    4.110295] initcall pci_apply_final_quirks+0x0/0x124 returned 0 after 30723 usecs
[    4.119247] calling  acpi_reserve_resources+0x0/0xea @ 1
[    4.125619] initcall acpi_reserve_resources+0x0/0xea returned 0 after 31 usecs
[    4.134689] calling  populate_rootfs+0x0/0x102 @ 1
[    4.141691] initcall populate_rootfs+0x0/0x102 returned 0 after 820 usecs
[    4.149731] calling  pci_iommu_init+0x0/0x3e @ 1
[    4.155400] initcall pci_iommu_init+0x0/0x3e returned 0 after 94 usecs
[    4.164458] calling  ia32_binfmt_init+0x0/0x13 @ 1
[    4.170352] initcall ia32_binfmt_init+0x0/0x13 returned 0 after 16 usecs
[    4.178210] calling  rapl_pmu_init+0x0/0x25f @ 1
[    4.183913] initcall rapl_pmu_init+0x0/0x25f returned -19 after 144 usecs
[    4.192092] calling  amd_uncore_init+0x0/0x310 @ 1
[    4.197728] initcall amd_uncore_init+0x0/0x310 returned -19 after 0 usecs
[    4.205530] calling  amd_ibs_init+0x0/0x273 @ 1
[    4.210865] initcall amd_ibs_init+0x0/0x273 returned -19 after 0 usecs
[    4.218452] calling  amd_iommu_pc_init+0x0/0x20c @ 1
[    4.224318] initcall amd_iommu_pc_init+0x0/0x20c returned -19 after 21 usecs
[    4.232489] calling  msr_init+0x0/0x55 @ 1
[    4.237362] initcall msr_init+0x0/0x55 returned 0 after 94 usecs
[    4.244362] calling  intel_uncore_init+0x0/0x322 @ 1
[    4.250194] initcall intel_uncore_init+0x0/0x322 returned -19 after 53 usecs
[    4.259167] calling  cstate_pmu_init+0x0/0x181 @ 1
[    4.264681] initcall cstate_pmu_init+0x0/0x181 returned -19 after 0 usecs
[    4.272442] calling  register_kernel_offset_dumper+0x0/0x1a @ 1
[    4.279299] initcall register_kernel_offset_dumper+0x0/0x1a returned 0 after 17 usecs
[    4.288228] calling  i8259A_init_ops+0x0/0x20 @ 1
[    4.294146] initcall i8259A_init_ops+0x0/0x20 returned 0 after 1 usecs
[    4.301770] calling  init_tsc_clocksource+0x0/0xa4 @ 1
[    4.308506] clocksource: tsc: mask: 0xffffffffffffffff max_cycles: 0x39a85afc727, max_idle_ns: 881590685098 ns
[    4.320732] initcall init_tsc_clocksource+0x0/0xa4 returned 0 after 11938 usecs
[    4.328944] calling  add_rtc_cmos+0x0/0xb0 @ 1
[    4.334165] initcall add_rtc_cmos+0x0/0xb0 returned 0 after 2 usecs
[    4.341270] calling  i8237A_init_ops+0x0/0x3a @ 1
[    4.346735] initcall i8237A_init_ops+0x0/0x3a returned 0 after 85 usecs
[    4.355170] calling  umwait_init+0x0/0x94 @ 1
[    4.361574] initcall umwait_init+0x0/0x94 returned -19 after 17 usecs
[    4.368901] calling  thermal_throttle_init_device+0x0/0x3d @ 1
[    4.375509] initcall thermal_throttle_init_device+0x0/0x3d returned 0 after 11 usecs
[    4.384574] calling  msr_init+0x0/0xd7 @ 1
[    4.389420] initcall msr_init+0x0/0xd7 returned 0 after 127 usecs
[    4.396348] calling  cpuid_init+0x0/0xd7 @ 1
[    4.401408] initcall cpuid_init+0x0/0xd7 returned 0 after 112 usecs
[    4.408643] calling  ioapic_init_ops+0x0/0x13 @ 1
[    4.414147] initcall ioapic_init_ops+0x0/0x13 returned 0 after 19 usecs
[    4.421659] calling  add_pcspkr+0x0/0x6c @ 1
[    4.426617] initcall add_pcspkr+0x0/0x6c returned 0 after 54 usecs
[    4.433839] calling  start_periodic_check_for_corruption+0x0/0x30 @ 1
[    4.441171] check: Scanning for low memory corruption every 60 seconds
[    4.448674] initcall start_periodic_check_for_corruption+0x0/0x30 returned 0 after 7388 usecs
[    4.459172] calling  sysfb_init+0x0/0x9c @ 1
[    4.464357] initcall sysfb_init+0x0/0x9c returned 0 after 203 usecs
[    4.471587] calling  audit_classes_init+0x0/0xae @ 1
[    4.477285] initcall audit_classes_init+0x0/0xae returned 0 after 28 usecs
[    4.485038] calling  iosf_mbi_init+0x0/0x24 @ 1
[    4.490410] initcall iosf_mbi_init+0x0/0x24 returned 0 after 132 usecs
[    4.497732] calling  proc_execdomains_init+0x0/0x21 @ 1
[    4.503664] initcall proc_execdomains_init+0x0/0x21 returned 0 after 17 usecs
[    4.511749] calling  register_warn_debugfs+0x0/0x23 @ 1
[    4.517715] initcall register_warn_debugfs+0x0/0x23 returned 0 after 8 usecs
[    4.525689] calling  ioresources_init+0x0/0x49 @ 1
[    4.531070] initcall ioresources_init+0x0/0x49 returned 0 after 4 usecs
[    4.538540] calling  snapshot_device_init+0x0/0xc @ 1
[    4.544398] initcall snapshot_device_init+0x0/0xc returned 0 after 72 usecs
[    4.552247] calling  irq_pm_init_ops+0x0/0x13 @ 1
[    4.557579] initcall irq_pm_init_ops+0x0/0x13 returned 0 after 14 usecs
[    4.565191] calling  rcu_torture_init+0x0/0x964 @ 1
[    4.571057] rcu-torture:--- Start of test: nreaders=1 nfakewriters=4 stat_interval=15 verbose=1 test_no_idle_hz=1 shuffle_interval=3 stutter=5 irqreader=1 fqs_duration=0 fqs_holdoff=0 fqs_stutter=3 test_boost=1/0 test_boost_interval=7 test_boost_duration=4 shutdown_secs=1800 stall_cpu=0 stall_cpu_holdoff=10 stall_cpu_irqsoff=0 stall_cpu_block=0 n_barrier_cbs=4 onoff_interval=0 onoff_holdoff=0 read_exit_delay=13 read_exit_burst=16
[    4.613087] rcu:  Start-test grace-period state: g-1096 f0x0
[    4.619414] rcu-torture: Creating rcu_torture_writer task
[    4.625712] rcu-torture: Creating rcu_torture_fakewriter task
[    4.634011] rcu-torture: rcu_torture_writer task started
[    4.641735] rcu-torture: GP expediting controlled from boot/sysfs for rcu.
[    4.652401] rcu-torture: Creating rcu_torture_fakewriter task
[    4.660046] rcu-torture: rcu_torture_fakewriter task started
[    4.667023] rcu-torture: Creating rcu_torture_fakewriter task
[    4.674535] rcu-torture: rcu_torture_fakewriter task started
[    4.681025] rcu_torture_writer: Testing conditional GPs.
[    4.687235] rcu-torture: Creating rcu_torture_fakewriter task
[    4.694010] rcu-torture: rcu_torture_fakewriter task started
[    4.700739] rcu_torture_writer: Testing expedited GPs.
[    4.707493] rcu-torture: Creating rcu_torture_reader task
[    4.713762] rcu-torture: rcu_torture_fakewriter task started
[    4.720353] rcu_torture_writer: Testing asynchronous GPs.
[    4.726659] rcu-torture: Creating rcu_torture_stats task
[    4.732960] rcu-torture: rcu_torture_reader task started
[    4.739180] rcu_torture_writer: Testing normal GPs.
[    4.744972] rcu-torture: Creating torture_shuffle task
[    4.751940] rcu-torture: rcu_torture_stats task started
[    4.758157] rcu-torture: Creating torture_stutter task
[    4.764606] rcu-torture: torture_shuffle task started
[    4.770757] rcu-torture: Creating torture_shutdown task
[    4.777463] rcu-torture: torture_stutter task started
[    4.785666] rcu-torture: Creating rcu_torture_fwd_prog task
[    4.792260] rcu-torture: torture_shutdown task started
[    4.798480] rcu-torture:torture_shutdown task: 1799972 ms remaining
[    4.805792] rcu-torture: Creating rcu_torture_barrier_cbs task
[    4.812580] rcu-torture: rcu_torture_fwd_progress task started
[    4.819486] rcu-torture: Creating rcu_torture_barrier_cbs task
[    4.826327] rcu-torture: rcu_torture_barrier_cbs task started
[    4.833450] rcu-torture: Creating rcu_torture_barrier_cbs task
[    4.840500] rcu-torture: rcu_torture_barrier_cbs task started
[    4.847402] rcu-torture: Creating rcu_torture_barrier_cbs task
[    4.854392] rcu-torture: rcu_torture_barrier_cbs task started
[    4.861217] rcu-torture: Creating rcu_torture_barrier task
[    4.867787] rcu-torture: rcu_torture_barrier_cbs task started
[    4.874875] rcu-torture: Creating rcu_torture_read_exit task
[    4.881672] rcu-torture: rcu_torture_barrier task starting
[    4.888327] initcall rcu_torture_init+0x0/0x964 returned 0 after 309969 usecs
[    4.896833] rcu-torture: rcu_torture_read_exit: Start of test
[    4.903727] calling  timekeeping_init_ops+0x0/0x13 @ 1
[    4.909999] initcall timekeeping_init_ops+0x0/0x13 returned 0 after 5 usecs
[    4.918514] calling  init_clocksource_sysfs+0x0/0x23 @ 1
[    4.925089] initcall init_clocksource_sysfs+0x0/0x23 returned 0 after 73 usecs
[    4.934004] calling  init_timer_list_procfs+0x0/0x31 @ 1
[    4.940563] initcall init_timer_list_procfs+0x0/0x31 returned 0 after 7 usecs
[    4.949392] calling  alarmtimer_init+0x0/0xb5 @ 1
[    4.955299] initcall alarmtimer_init+0x0/0xb5 returned 0 after 47 usecs
[    4.963444] calling  init_posix_timers+0x0/0x29 @ 1
[    4.969460] initcall init_posix_timers+0x0/0x29 returned 0 after 12 usecs
[    4.977991] calling  clockevents_init_sysfs+0x0/0x8b @ 1
[    4.984596] initcall clockevents_init_sysfs+0x0/0x8b returned 0 after 58 usecs
[    4.993486] calling  proc_dma_init+0x0/0x21 @ 1
[    4.999096] initcall proc_dma_init+0x0/0x21 returned 0 after 20 usecs
[    5.006964] calling  proc_modules_init+0x0/0x1e @ 1
[    5.012874] initcall proc_modules_init+0x0/0x1e returned 0 after 6 usecs
[    5.026899] calling  kallsyms_init+0x0/0x21 @ 1
[    5.033485] initcall kallsyms_init+0x0/0x21 returned 0 after 464 usecs
[    5.041383] calling  pid_namespaces_init+0x0/0x2c @ 1
[    5.047947] initcall pid_namespaces_init+0x0/0x2c returned 0 after 460 usecs
[    5.056449] calling  audit_watch_init+0x0/0x37 @ 1
[    5.062321] initcall audit_watch_init+0x0/0x37 returned 0 after 57 usecs
[    5.070820] calling  audit_fsnotify_init+0x0/0x37 @ 1
[    5.077045] initcall audit_fsnotify_init+0x0/0x37 returned 0 after 5 usecs
[    5.087160] calling  audit_tree_init+0x0/0x6d @ 1
[    5.094166] initcall audit_tree_init+0x0/0x6d returned 0 after 67 usecs
[    5.104099] calling  seccomp_sysctl_init+0x0/0x2b @ 1
[    5.111398] initcall seccomp_sysctl_init+0x0/0x2b returned 0 after 396 usecs
[    5.119875] calling  utsname_sysctl_init+0x0/0x13 @ 1
[    5.126124] initcall utsname_sysctl_init+0x0/0x13 returned 0 after 235 usecs
[    5.134515] calling  init_tracepoints+0x0/0x27 @ 1
[    5.140222] initcall init_tracepoints+0x0/0x27 returned 0 after 81 usecs
[    5.148142] calling  init_blk_tracer+0x0/0x50 @ 1
[    5.155506] initcall init_blk_tracer+0x0/0x50 returned 0 after 1661 usecs
[    5.164173] calling  perf_event_sysfs_init+0x0/0x81 @ 1
[    5.174361] initcall perf_event_sysfs_init+0x0/0x81 returned 0 after 2237 usecs
[    5.185066] calling  system_trusted_keyring_init+0x0/0x5f @ 1
[    5.192460] Initialise system trusted keyrings
[    5.198034] initcall system_trusted_keyring_init+0x0/0x5f returned 0 after 5460 usecs
[    5.208570] calling  kswapd_init+0x0/0x13 @ 1
[    5.217232] initcall kswapd_init+0x0/0x13 returned 0 after 2013 usecs
[    5.227653] calling  extfrag_debug_init+0x0/0x54 @ 1
[    5.235690] initcall extfrag_debug_init+0x0/0x54 returned 0 after 1773 usecs
[    5.244450] calling  slab_proc_init+0x0/0x21 @ 1
[    5.251203] initcall slab_proc_init+0x0/0x21 returned 0 after 680 usecs
[    5.260218] calling  workingset_init+0x0/0x8c @ 1
[    5.265996] workingset: timestamp_bits=62 max_order=17 bucket_order=0
[    5.274332] initcall workingset_init+0x0/0x8c returned 0 after 8154 usecs
[    5.283263] calling  proc_vmalloc_init+0x0/0x27 @ 1
[    5.289361] initcall proc_vmalloc_init+0x0/0x27 returned 0 after 21 usecs
[    5.297802] calling  procswaps_init+0x0/0x1e @ 1
[    5.303604] initcall procswaps_init+0x0/0x1e returned 0 after 118 usecs
[    5.311685] calling  slab_sysfs_init+0x0/0xea @ 1
[    5.322103] initcall slab_sysfs_init+0x0/0xea returned 0 after 4501 usecs
[    5.332201] calling  fcntl_init+0x0/0x29 @ 1
[    5.337487] initcall fcntl_init+0x0/0x29 returned 0 after 64 usecs
[    5.344966] calling  proc_filesystems_init+0x0/0x21 @ 1
[    5.351245] initcall proc_filesystems_init+0x0/0x21 returned 0 after 26 usecs
[    5.359715] calling  start_dirtytime_writeback+0x0/0x29 @ 1
[    5.366437] initcall start_dirtytime_writeback+0x0/0x29 returned 0 after 4 usecs
[    5.376283] calling  blkdev_init+0x0/0x1b @ 1
[    5.382092] initcall blkdev_init+0x0/0x1b returned 0 after 220 usecs
[    5.391777] calling  dio_init+0x0/0x2c @ 1
[    5.396830] initcall dio_init+0x0/0x2c returned 0 after 59 usecs
[    5.403922] calling  dnotify_init+0x0/0x78 @ 1
[    5.409475] initcall dnotify_init+0x0/0x78 returned 0 after 24 usecs
[    5.417142] calling  aio_setup+0x0/0x78 @ 1
[    5.422316] initcall aio_setup+0x0/0x78 returned 0 after 182 usecs
[    5.429504] calling  io_uring_init+0x0/0x2c @ 1
[    5.434972] initcall io_uring_init+0x0/0x2c returned 0 after 11 usecs
[    5.442571] calling  mbcache_init+0x0/0x30 @ 1
[    5.447797] initcall mbcache_init+0x0/0x30 returned 0 after 63 usecs
[    5.455198] calling  init_grace+0x0/0xc @ 1
[    5.460571] initcall init_grace+0x0/0xc returned 0 after 128 usecs
[    5.467814] calling  init_v2_quota_format+0x0/0x21 @ 1
[    5.475110] initcall init_v2_quota_format+0x0/0x21 returned 0 after 64 usecs
[    5.483868] calling  init_devpts_fs+0x0/0x27 @ 1
[    5.489549] initcall init_devpts_fs+0x0/0x27 returned 0 after 168 usecs
[    5.497259] calling  ext4_init_fs+0x0/0x1cb @ 1
[    5.502841] initcall ext4_init_fs+0x0/0x1cb returned 0 after 351 usecs
[    5.510367] calling  journal_init+0x0/0x11c @ 1
[    5.515779] initcall journal_init+0x0/0x11c returned 0 after 118 usecs
[    5.523807] calling  init_fat_fs+0x0/0x49 @ 1
[    5.529057] initcall init_fat_fs+0x0/0x49 returned 0 after 58 usecs
[    5.537329] calling  init_vfat_fs+0x0/0xc @ 1
[    5.543614] initcall init_vfat_fs+0x0/0xc returned 0 after 9 usecs
[    5.553397] calling  init_msdos_fs+0x0/0xc @ 1
[    5.560069] initcall init_msdos_fs+0x0/0xc returned 0 after 11 usecs
[    5.569851] calling  init_iso9660_fs+0x0/0x6c @ 1
[    5.577131] initcall init_iso9660_fs+0x0/0x6c returned 0 after 65 usecs
[    5.587286] calling  init_nfs_fs+0x0/0x13a @ 1
[    5.595093] initcall init_nfs_fs+0x0/0x13a returned 0 after 1012 usecs
[    5.605008] calling  init_nfs_v2+0x0/0x13 @ 1
[    5.611995] initcall init_nfs_v2+0x0/0x13 returned 0 after 172 usecs
[    5.621645] calling  init_nfs_v3+0x0/0x13 @ 1
[    5.628411] initcall init_nfs_v3+0x0/0x13 returned 0 after 7 usecs
[    5.637787] calling  init_nfs_v4+0x0/0x32 @ 1
[    5.644452] NFS: Registering the id_resolver key type
[    5.652082] Key type id_resolver registered
[    5.659327] Key type id_legacy registered
[    5.665766] initcall init_nfs_v4+0x0/0x32 returned 0 after 20875 usecs
[    5.675460] calling  init_nlm+0x0/0x5b @ 1
[    5.681721] initcall init_nlm+0x0/0x5b returned 0 after 128 usecs
[    5.690814] calling  init_nls_cp437+0x0/0xe @ 1
[    5.697596] initcall init_nls_cp437+0x0/0xe returned 0 after 58 usecs
[    5.707260] calling  init_nls_ascii+0x0/0xe @ 1
[    5.714204] initcall init_nls_ascii+0x0/0xe returned 0 after 7 usecs
[    5.723530] calling  init_nls_iso8859_1+0x0/0xe @ 1
[    5.730963] initcall init_nls_iso8859_1+0x0/0xe returned 0 after 9 usecs
[    5.740973] calling  init_nls_utf8+0x0/0x21 @ 1
[    5.747746] initcall init_nls_utf8+0x0/0x21 returned 0 after 10 usecs
[    5.757585] calling  init_autofs_fs+0x0/0x25 @ 1
[    5.763960] initcall init_autofs_fs+0x0/0x25 returned 0 after 615 usecs
[    5.773350] calling  ipc_init+0x0/0x24 @ 1
[    5.778536] initcall ipc_init+0x0/0x24 returned 0 after 42 usecs
[    5.786075] calling  ipc_sysctl_init+0x0/0x13 @ 1
[    5.794309] initcall ipc_sysctl_init+0x0/0x13 returned 0 after 28 usecs
[    5.802560] calling  init_mqueue_fs+0x0/0x92 @ 1
[    5.808261] initcall init_mqueue_fs+0x0/0x92 returned 0 after 170 usecs
[    5.816422] calling  key_proc_init+0x0/0x63 @ 1
[    5.821981] initcall key_proc_init+0x0/0x63 returned 0 after 11 usecs
[    5.829585] calling  selinux_nf_ip_init+0x0/0x2e @ 1
[    5.835666] initcall selinux_nf_ip_init+0x0/0x2e returned 0 after 53 usecs
[    5.844123] calling  init_sel_fs+0x0/0x116 @ 1
[    5.849679] initcall init_sel_fs+0x0/0x116 returned 0 after 7 usecs
[    5.857311] calling  selnl_init+0x0/0x7c @ 1
[    5.862850] initcall selnl_init+0x0/0x7c returned 0 after 267 usecs
[    5.870811] calling  sel_netif_init+0x0/0x36 @ 1
[    5.876886] initcall sel_netif_init+0x0/0x36 returned 0 after 24 usecs
[    5.885331] calling  sel_netnode_init+0x0/0x33 @ 1
[    5.892015] initcall sel_netnode_init+0x0/0x33 returned 0 after 6 usecs
[    5.900978] calling  sel_netport_init+0x0/0x33 @ 1
[    5.907403] initcall sel_netport_init+0x0/0x33 returned 0 after 13 usecs
[    5.916745] calling  aurule_init+0x0/0x2a @ 1
[    5.923251] initcall aurule_init+0x0/0x2a returned 0 after 4 usecs
[    5.932031] calling  crypto_algapi_init+0x0/0xc @ 1
[    5.939152] initcall crypto_algapi_init+0x0/0xc returned 0 after 23 usecs
[    5.947812] calling  jent_mod_init+0x0/0x2d @ 1
[    5.963859] initcall jent_mod_init+0x0/0x2d returned 0 after 9917 usecs
[    5.972409] calling  asymmetric_key_init+0x0/0xc @ 1
[    5.978829] Key type asymmetric registered
[    5.984144] initcall asymmetric_key_init+0x0/0xc returned 0 after 5197 usecs
[    5.992972] calling  x509_key_init+0x0/0xc @ 1
[    5.998772] Asymmetric key parser 'x509' registered
[    6.004958] initcall x509_key_init+0x0/0xc returned 0 after 6101 usecs
[    6.013142] calling  proc_genhd_init+0x0/0x41 @ 1
[    6.019276] initcall proc_genhd_init+0x0/0x41 returned 0 after 30 usecs
[    6.027583] calling  bsg_init+0x0/0x113 @ 1
[    6.033095] Block layer SCSI generic (bsg) driver version 0.4 loaded (major 251)
[    6.042396] initcall bsg_init+0x0/0x113 returned 0 after 9203 usecs
[    6.051302] calling  deadline_init+0x0/0xc @ 1
[    6.058270] io scheduler mq-deadline registered
[    6.065253] initcall deadline_init+0x0/0xc returned 0 after 6849 usecs
[    6.074946] calling  kyber_init+0x0/0xc @ 1
[    6.080578] io scheduler kyber registered
[    6.085810] initcall kyber_init+0x0/0xc returned 0 after 5051 usecs
[    6.093670] calling  mod_init+0x0/0x7 @ 1
[    6.099759] initcall mod_init+0x0/0x7 returned 0 after 32 usecs
[    6.108915] calling  sg_pool_init+0x0/0xb4 @ 1
[    6.116270] initcall sg_pool_init+0x0/0xb4 returned 0 after 372 usecs
[    6.125408] calling  pcie_portdrv_init+0x0/0x39 @ 1
[    6.132585] initcall pcie_portdrv_init+0x0/0x39 returned 0 after 527 usecs
[    6.141620] calling  pci_proc_init+0x0/0x68 @ 1
[    6.148041] initcall pci_proc_init+0x0/0x68 returned 0 after 186 usecs
[    6.156503] calling  pci_hotplug_init+0x0/0x7 @ 1
[    6.162838] initcall pci_hotplug_init+0x0/0x7 returned 0 after 4 usecs
[    6.172576] calling  efifb_driver_init+0x0/0xe @ 1
[    6.180269] initcall efifb_driver_init+0x0/0xe returned 0 after 377 usecs
[    6.190765] calling  ged_driver_init+0x0/0xe @ 1
[    6.198087] initcall ged_driver_init+0x0/0xe returned 0 after 236 usecs
[    6.206962] calling  acpi_ac_init+0x0/0x92 @ 1
[    6.213803] initcall acpi_ac_init+0x0/0x92 returned 0 after 709 usecs
[    6.223395] calling  acpi_button_driver_init+0x0/0x52 @ 1
[    6.232188] input: Power Button as /devices/LNXSYSTM:00/LNXPWRBN:00/input/input0
[    6.249018] ACPI: Power Button [PWRF]
[    6.254301] initcall acpi_button_driver_init+0x0/0x52 returned 0 after 22181 usecs
[    6.264815] calling  acpi_fan_driver_init+0x0/0xe @ 1
[    6.271561] initcall acpi_fan_driver_init+0x0/0xe returned 0 after 22 usecs
[    6.279733] calling  acpi_video_init+0x0/0xcb @ 1
[    6.285836] initcall acpi_video_init+0x0/0xcb returned 0 after 234 usecs
[    6.294579] calling  acpi_processor_driver_init+0x0/0xad @ 1
[    6.302650] initcall acpi_processor_driver_init+0x0/0xad returned 0 after 683 usecs
[    6.312144] calling  acpi_thermal_init+0x0/0x71 @ 1
[    6.318340] initcall acpi_thermal_init+0x0/0x71 returned 0 after 74 usecs
[    6.326544] calling  acpi_battery_init+0x0/0x32 @ 1
[    6.333072] initcall acpi_battery_init+0x0/0x32 returned 0 after 101 usecs
[    6.342526] calling  bgrt_init+0x0/0xb6 @ 1
[    6.348541] initcall bgrt_init+0x0/0xb6 returned -19 after 10 usecs
[    6.357232] calling  gpio_clk_driver_init+0x0/0xe @ 1
[    6.364299] initcall gpio_clk_driver_init+0x0/0xe returned 0 after 61 usecs
[    6.373606] calling  plt_clk_driver_init+0x0/0xe @ 1
[    6.380396] initcall plt_clk_driver_init+0x0/0xe returned 0 after 22 usecs
[    6.389808] calling  virtio_pci_driver_init+0x0/0x15 @ 1
[    6.397221] initcall virtio_pci_driver_init+0x0/0x15 returned 0 after 65 usecs
[    6.407073] calling  n_null_init+0x0/0x1e @ 1
[    6.413159] initcall n_null_init+0x0/0x1e returned 0 after 43 usecs
[    6.421672] calling  pty_init+0x0/0x1e8 @ 1
[    6.427822] initcall pty_init+0x0/0x1e8 returned 0 after 305 usecs
[    6.436628] calling  sysrq_init+0x0/0x62 @ 1
[    6.442540] initcall sysrq_init+0x0/0x62 returned 0 after 32 usecs
[    6.451143] calling  serial8250_init+0x0/0x17e @ 1
[    6.457855] Serial: 8250/16550 driver, 4 ports, IRQ sharing enabled
[    6.468071] 00:03: ttyS0 at I/O 0x3f8 (irq = 4, base_baud = 115200) is a 16550A
[    6.479988] initcall serial8250_init+0x0/0x17e returned 0 after 21773 usecs
[    6.489050] calling  serial_pci_driver_init+0x0/0x15 @ 1
[    6.496203] initcall serial_pci_driver_init+0x0/0x15 returned 0 after 158 usecs
[    6.507179] calling  exar_pci_driver_init+0x0/0x15 @ 1
[    6.514978] initcall exar_pci_driver_init+0x0/0x15 returned 0 after 115 usecs
[    6.524195] calling  lpss8250_pci_driver_init+0x0/0x15 @ 1
[    6.531362] initcall lpss8250_pci_driver_init+0x0/0x15 returned 0 after 27 usecs
[    6.541229] calling  mid8250_pci_driver_init+0x0/0x15 @ 1
[    6.548235] initcall mid8250_pci_driver_init+0x0/0x15 returned 0 after 25 usecs
[    6.557990] calling  virtio_console_init+0x0/0xff @ 1
[    6.564534] initcall virtio_console_init+0x0/0xff returned 0 after 117 usecs
[    6.573625] calling  hpet_init+0x0/0x64 @ 1
[    6.579867] initcall hpet_init+0x0/0x64 returned 0 after 685 usecs
[    6.587968] calling  nvram_module_init+0x0/0x83 @ 1
[    6.594662] Non-volatile memory driver v1.3
[    6.600204] initcall nvram_module_init+0x0/0x83 returned 0 after 5549 usecs
[    6.609294] calling  hwrng_modinit+0x0/0x8a @ 1
[    6.615486] initcall hwrng_modinit+0x0/0x8a returned 0 after 77 usecs
[    6.624126] calling  mod_init+0x0/0x48 @ 1
[    6.629638] initcall mod_init+0x0/0x48 returned -19 after 7 usecs
[    6.637600] calling  agp_init+0x0/0x23 @ 1
[    6.643333] Linux agpgart interface v0.103
[    6.648915] initcall agp_init+0x0/0x23 returned 0 after 5452 usecs
[    6.657332] calling  agp_amd64_mod_init+0x0/0x5 @ 1
[    6.664197] initcall agp_amd64_mod_init+0x0/0x5 returned -19 after 133 usecs
[    6.673939] calling  agp_intel_init+0x0/0x28 @ 1
[    6.680607] initcall agp_intel_init+0x0/0x28 returned 0 after 449 usecs
[    6.689648] calling  drm_kms_helper_init+0x0/0x7 @ 1
[    6.696534] initcall drm_kms_helper_init+0x0/0x7 returned 0 after 37 usecs
[    6.706073] calling  drm_core_init+0x0/0x9e @ 1
[    6.712700] initcall drm_core_init+0x0/0x9e returned 0 after 557 usecs
[    6.721701] calling  i915_init+0x0/0x6b @ 1
[    6.728126] initcall i915_init+0x0/0x6b returned 0 after 463 usecs
[    6.736326] calling  cn_proc_init+0x0/0x35 @ 1
[    6.742485] initcall cn_proc_init+0x0/0x35 returned 0 after 12 usecs
[    6.751457] calling  topology_sysfs_init+0x0/0x27 @ 1
[    6.758798] initcall topology_sysfs_init+0x0/0x27 returned 0 after 47 usecs
[    6.768645] calling  cacheinfo_sysfs_init+0x0/0x27 @ 1
[    6.776178] initcall cacheinfo_sysfs_init+0x0/0x27 returned 0 after 247 usecs
[    6.785793] calling  loop_init+0x0/0x168 @ 1
[    6.815627] loop: module loaded
[    6.820647] initcall loop_init+0x0/0x168 returned 0 after 28238 usecs
[    6.830084] calling  mac_hid_init+0x0/0x21 @ 1
[    6.837340] initcall mac_hid_init+0x0/0x21 returned 0 after 96 usecs
[    6.848039] calling  spi_transport_init+0x0/0x74 @ 1
[    6.857068] initcall spi_transport_init+0x0/0x74 returned 0 after 250 usecs
[    6.868302] calling  init_sd+0x0/0x18c @ 1
[    6.875132] initcall init_sd+0x0/0x18c returned 0 after 65 usecs
[    6.884838] calling  init_sr+0x0/0x43 @ 1
[    6.891583] initcall init_sr+0x0/0x43 returned 0 after 37 usecs
[    6.901681] calling  init_sg+0x0/0x1c0 @ 1
[    6.909105] initcall init_sg+0x0/0x1c0 returned 0 after 205 usecs
[    6.919893] calling  ahci_pci_driver_init+0x0/0x15 @ 1
[    6.928271] ahci 0000:00:1f.2: version 3.0
[    6.937085] PCI Interrupt Link [GSIA] enabled at IRQ 16
[    6.955635] ahci 0000:00:1f.2: AHCI 0001.0000 32 slots 6 ports 1.5 Gbps 0x3f impl SATA mode
[    6.969252] ahci 0000:00:1f.2: flags: 64bit ncq only 
[    7.000083] scsi host0: ahci
[    7.007295] scsi host1: ahci
[    7.014020] scsi host2: ahci
[    7.020185] scsi host3: ahci
[    7.026822] scsi host4: ahci
[    7.081099] scsi host5: ahci
[    7.091660] ata1: SATA max UDMA/133 abar m4096@0xfebf1000 port 0xfebf1100 irq 24
[    7.104817] ata2: SATA max UDMA/133 abar m4096@0xfebf1000 port 0xfebf1180 irq 24
[    7.115994] ata3: SATA max UDMA/133 abar m4096@0xfebf1000 port 0xfebf1200 irq 24
[    7.126664] ata4: SATA max UDMA/133 abar m4096@0xfebf1000 port 0xfebf1280 irq 24
[    7.139121] ata5: SATA max UDMA/133 abar m4096@0xfebf1000 port 0xfebf1300 irq 24
[    7.152067] ata6: SATA max UDMA/133 abar m4096@0xfebf1000 port 0xfebf1380 irq 24
[    7.170936] initcall ahci_pci_driver_init+0x0/0x15 returned 0 after 236455 usecs
[    7.193494] calling  piix_init+0x0/0x26 @ 1
[    7.202365] initcall piix_init+0x0/0x26 returned 0 after 2172 usecs
[    7.213149] calling  amd_pci_driver_init+0x0/0x15 @ 1
[    7.222484] initcall amd_pci_driver_init+0x0/0x15 returned 0 after 37 usecs
[    7.235236] calling  oldpiix_pci_driver_init+0x0/0x15 @ 1
[    7.245192] initcall oldpiix_pci_driver_init+0x0/0x15 returned 0 after 150 usecs
[    7.256774] calling  sch_pci_driver_init+0x0/0x15 @ 1
[    7.264956] initcall sch_pci_driver_init+0x0/0x15 returned 0 after 39 usecs
[    7.276250] calling  net_olddevs_init+0x0/0x55 @ 1
[    7.284906] initcall net_olddevs_init+0x0/0x55 returned 0 after 475 usecs
[    7.297511] calling  blackhole_netdev_init+0x0/0x78 @ 1
[    7.307929] initcall blackhole_netdev_init+0x0/0x78 returned 0 after 993 usecs
[    7.322043] calling  phy_module_init+0x0/0x13 @ 1
[    7.331151] initcall phy_module_init+0x0/0x13 returned 0 after 736 usecs
[    7.342768] calling  tg3_driver_init+0x0/0x15 @ 1
[    7.350703] initcall tg3_driver_init+0x0/0x15 returned 0 after 493 usecs
[    7.361651] calling  e100_init_module+0x0/0x4c @ 1
[    7.369067] e100: Intel(R) PRO/100 Network Driver
[    7.376816] e100: Copyright(c) 1999-2006 Intel Corporation
[    7.386190] initcall e100_init_module+0x0/0x4c returned 0 after 16793 usecs
[    7.399396] calling  e1000_init_module+0x0/0x72 @ 1
[    7.409934] e1000: Intel(R) PRO/1000 Network Driver
[    7.420333] e1000: Copyright (c) 1999-2006 Intel Corporation.
[    7.430760] initcall e1000_init_module+0x0/0x72 returned 0 after 21365 usecs
[    7.443088] calling  e1000_init_module+0x0/0x2d @ 1
[    7.452851] e1000e: Intel(R) PRO/1000 Network Driver
[    7.463227] e1000e: Copyright(c) 1999 - 2015 Intel Corporation.
[    7.473506] initcall e1000_init_module+0x0/0x2d returned 0 after 21506 usecs
[    7.493516] ata1: SATA link down (SStatus 0 SControl 300)
[    7.502581] calling  sky2_init_module+0x0/0x21 @ 1
[    7.511077] sky2: driver version 1.30
[    7.521882] ata2: SATA link down (SStatus 0 SControl 300)
[    7.531454] initcall sky2_init_module+0x0/0x21 returned 0 after 20002 usecs
[    7.546119] ata5: SATA link down (SStatus 0 SControl 300)
[    7.555438] calling  forcedeth_pci_driver_init+0x0/0x15 @ 1
[    7.567762] ata4: SATA link down (SStatus 0 SControl 300)
[    7.576744] initcall forcedeth_pci_driver_init+0x0/0x15 returned 0 after 12165 usecs
[    7.592751] ata3: SATA link up 1.5 Gbps (SStatus 113 SControl 300)
[    7.602784] calling  rtl8139_init_module+0x0/0x15 @ 1
[    7.615519] ata6: SATA link down (SStatus 0 SControl 300)
[    7.624333] initcall rtl8139_init_module+0x0/0x15 returned 0 after 12831 usecs
[    7.637267] ata3.00: ATAPI: QEMU DVD-ROM, 2.5+, max UDMA/100
[    7.646985] ata3.00: applying bridge limits
[    7.654150] calling  rtl8169_pci_driver_init+0x0/0x15 @ 1
[    7.664752] ata3.00: configured for UDMA/100
[    7.672136] initcall rtl8169_pci_driver_init+0x0/0x15 returned 0 after 8716 usecs
[    7.687451] calling  cdrom_init+0x0/0xc @ 1
[    7.695138] initcall cdrom_init+0x0/0xc returned 0 after 460 usecs
[    7.712631] scsi 2:0:0:0: CD-ROM            QEMU     QEMU DVD-ROM     2.5+ PQ: 0 ANSI: 5
[    7.726150] calling  nonstatic_sysfs_init+0x0/0xc @ 1
[    7.738541] initcall nonstatic_sysfs_init+0x0/0xc returned 0 after 3405 usecs
[    7.754953] calling  yenta_cardbus_driver_init+0x0/0x15 @ 1
[    7.763695] initcall yenta_cardbus_driver_init+0x0/0x15 returned 0 after 927 usecs
[    7.777799] calling  mon_init+0x0/0x123 @ 1
[    7.789857] sr 2:0:0:0: [sr0] scsi3-mmc drive: 4x/4x cd/rw xa/form2 tray
[    7.808739] initcall mon_init+0x0/0x123 returned 0 after 24398 usecs
[    7.818429] cdrom: Uniform CD-ROM driver Revision: 3.20
[    7.826231] calling  ehci_hcd_init+0x0/0x55 @ 1
[    7.835244] ehci_hcd: USB 2.0 'Enhanced' Host Controller (EHCI) Driver
[    7.844903] initcall ehci_hcd_init+0x0/0x55 returned 0 after 11152 usecs
[    7.857107] calling  ehci_pci_init+0x0/0x64 @ 1
[    7.864577] ehci-pci: EHCI PCI platform driver
[    7.872482] initcall ehci_pci_init+0x0/0x64 returned 0 after 7728 usecs
[    7.884053] calling  ohci_hcd_mod_init+0x0/0x4d @ 1
[    7.891898] ohci_hcd: USB 1.1 'Open' Host Controller (OHCI) Driver
[    7.907452] initcall ohci_hcd_mod_init+0x0/0x4d returned 0 after 15257 usecs
[    7.928843] sr 2:0:0:0: Attached scsi CD-ROM sr0
[    7.937154] calling  ohci_pci_init+0x0/0x64 @ 1
[    7.945944] sr 2:0:0:0: Attached scsi generic sg0 type 5
[    7.954956] ohci-pci: OHCI PCI platform driver
[    7.964309] initcall ohci_pci_init+0x0/0x64 returned 0 after 18492 usecs
[    7.974745] calling  uhci_hcd_init+0x0/0xa6 @ 1
[    7.982027] uhci_hcd: USB Universal Host Controller Interface driver
[    7.994500] initcall uhci_hcd_init+0x0/0xa6 returned 0 after 12187 usecs
[    8.005713] calling  xhci_hcd_init+0x0/0x1e @ 1
[    8.013458] initcall xhci_hcd_init+0x0/0x1e returned 0 after 304 usecs
[    8.023697] calling  xhci_pci_init+0x0/0x49 @ 1
[    8.032264] initcall xhci_pci_init+0x0/0x49 returned 0 after 436 usecs
[    8.043114] calling  usblp_driver_init+0x0/0x15 @ 1
[    8.052012] usbcore: registered new interface driver usblp
[    8.061194] initcall usblp_driver_init+0x0/0x15 returned 0 after 9573 usecs
[    8.073875] calling  usb_storage_driver_init+0x0/0x2a @ 1
[    8.082819] usbcore: registered new interface driver usb-storage
[    8.093055] initcall usb_storage_driver_init+0x0/0x2a returned 0 after 10189 usecs
[    8.107086] calling  i8042_init+0x0/0x4c2 @ 1
[    8.118341] i8042: PNP: PS/2 Controller [PNP0303:KBD,PNP0f13:MOU] at 0x60,0x64 irq 1,12
[    8.147611] serio: i8042 KBD port at 0x60,0x64 irq 1
[    8.158193] serio: i8042 AUX port at 0x60,0x64 irq 12
[    8.166325] initcall i8042_init+0x0/0x4c2 returned 0 after 49510 usecs
[    8.177148] calling  serport_init+0x0/0x2c @ 1
[    8.185160] initcall serport_init+0x0/0x2c returned 0 after 240 usecs
[    8.197051] calling  input_leds_init+0x0/0xc @ 1
[    8.204626] initcall input_leds_init+0x0/0xc returned 0 after 186 usecs
[    8.214659] calling  evdev_init+0x0/0xc @ 1
[    8.222365] initcall evdev_init+0x0/0xc returned 0 after 1079 usecs
[    8.232366] calling  atkbd_init+0x0/0x21 @ 1
[    8.243101] initcall atkbd_init+0x0/0x21 returned 0 after 3679 usecs
[    8.253878] input: AT Translated Set 2 keyboard as /devices/platform/i8042/serio0/input/input1
[    8.267147] calling  psmouse_init+0x0/0x7f @ 1
[    8.277700] initcall psmouse_init+0x0/0x7f returned 0 after 3546 usecs
[    8.299408] calling  cmos_init+0x0/0x73 @ 1
[    8.314297] rtc_cmos 00:04: RTC can wake from S4
[    8.335326] rtc_cmos 00:04: registered as rtc0
[    8.343868] rtc_cmos 00:04: alarms up to one day, y3k, 242 bytes nvram, hpet irqs
[    8.355565] initcall cmos_init+0x0/0x73 returned 0 after 48382 usecs
[    8.365576] calling  smbalert_driver_init+0x0/0xe @ 1
[    8.373681] initcall smbalert_driver_init+0x0/0xe returned 0 after 254 usecs
[    8.383701] calling  i2c_i801_init+0x0/0xc5 @ 1
[    8.395539] i801_smbus 0000:00:1f.3: SMBus using PCI interrupt
[    8.405363] i2c i2c-0: 1/1 memory slots populated (from DMI)
[    8.413526] i2c i2c-0: Memory type 0x07 not supported yet, not instantiating SPD
[    8.424571] initcall i2c_i801_init+0x0/0xc5 returned 0 after 33206 usecs
[    8.436466] calling  ptp_kvm_init+0x0/0xf0 @ 1
[    8.445572] initcall ptp_kvm_init+0x0/0xf0 returned 0 after 602 usecs
[    8.457104] calling  dm_init+0x0/0x3c @ 1
[    8.466557] device-mapper: ioctl: 4.43.0-ioctl (2020-10-01) initialised: dm-devel@redhat.com
[    8.477968] initcall dm_init+0x0/0x3c returned 0 after 13435 usecs
[    8.486137] calling  dm_mirror_init+0x0/0x29 @ 1
[    8.492520] initcall dm_mirror_init+0x0/0x29 returned 0 after 108 usecs
[    8.501943] calling  dm_dirty_log_init+0x0/0x4f @ 1
[    8.509672] initcall dm_dirty_log_init+0x0/0x4f returned 0 after 277 usecs
[    8.520543] calling  dm_zero_init+0x0/0x29 @ 1
[    8.527333] initcall dm_zero_init+0x0/0x29 returned 0 after 26 usecs
[    8.541520] calling  intel_pstate_init+0x0/0x4a2 @ 1
[    8.561297] intel_pstate: CPU model not supported
[    8.568666] initcall intel_pstate_init+0x0/0x4a2 returned -19 after 17689 usecs
[    8.579760] calling  haltpoll_init+0x0/0xc0 @ 1
[    8.586781] initcall haltpoll_init+0x0/0xc0 returned -19 after 55 usecs
[    8.598295] calling  efivars_sysfs_init+0x0/0x30 @ 1
[    8.606661] initcall efivars_sysfs_init+0x0/0x30 returned 0 after 93 usecs
[    8.617819] calling  esrt_sysfs_init+0x0/0x2a2 @ 1
[    8.626074] initcall esrt_sysfs_init+0x0/0x2a2 returned -38 after 211 usecs
[    8.636862] calling  hid_init+0x0/0x5c @ 1
[    8.643596] hid: raw HID events driver (C) Jiri Kosina
[    8.651899] initcall hid_init+0x0/0x5c returned 0 after 8274 usecs
[    8.661559] calling  hid_generic_init+0x0/0x15 @ 1
[    8.669282] initcall hid_generic_init+0x0/0x15 returned 0 after 79 usecs
[    8.679640] calling  a4_driver_init+0x0/0x15 @ 1
[    8.688000] initcall a4_driver_init+0x0/0x15 returned 0 after 32 usecs
[    8.699595] calling  apple_driver_init+0x0/0x15 @ 1
[    8.708210] initcall apple_driver_init+0x0/0x15 returned 0 after 57 usecs
[    8.719829] calling  belkin_driver_init+0x0/0x15 @ 1
[    8.728232] initcall belkin_driver_init+0x0/0x15 returned 0 after 142 usecs
[    8.740411] calling  ch_driver_init+0x0/0x15 @ 1
[    8.748410] initcall ch_driver_init+0x0/0x15 returned 0 after 37 usecs
[    8.760038] calling  ch_driver_init+0x0/0x15 @ 1
[    8.767693] initcall ch_driver_init+0x0/0x15 returned 0 after 27 usecs
[    8.787591] calling  cp_driver_init+0x0/0x15 @ 1
[    8.795137] initcall cp_driver_init+0x0/0x15 returned 0 after 26 usecs
[    8.806025] calling  ez_driver_init+0x0/0x15 @ 1
[    8.813985] initcall ez_driver_init+0x0/0x15 returned 0 after 32 usecs
[    8.824538] calling  gyration_driver_init+0x0/0x15 @ 1
[    8.832388] initcall gyration_driver_init+0x0/0x15 returned 0 after 25 usecs
[    8.843083] calling  ite_driver_init+0x0/0x15 @ 1
[    8.851089] initcall ite_driver_init+0x0/0x15 returned 0 after 25 usecs
[    8.884024] calling  ks_driver_init+0x0/0x15 @ 1
[    8.899093] initcall ks_driver_init+0x0/0x15 returned 0 after 7116 usecs
[    8.922135] calling  lg_driver_init+0x0/0x15 @ 1
[    8.936143] initcall lg_driver_init+0x0/0x15 returned 0 after 6786 usecs
[    8.957055] calling  lg_g15_driver_init+0x0/0x15 @ 1
[    8.973115] initcall lg_g15_driver_init+0x0/0x15 returned 0 after 7887 usecs
[    9.012967] calling  ms_driver_init+0x0/0x15 @ 1
[    9.032738] input: ImExPS/2 Generic Explorer Mouse as /devices/platform/i8042/serio1/input/input3
[    9.053077] initcall ms_driver_init+0x0/0x15 returned 0 after 31437 usecs
[    9.074009] calling  mr_driver_init+0x0/0x15 @ 1
[    9.092124] initcall mr_driver_init+0x0/0x15 returned 0 after 10354 usecs
[    9.113033] calling  ntrig_driver_init+0x0/0x15 @ 1
[    9.131090] initcall ntrig_driver_init+0x0/0x15 returned 0 after 9024 usecs
[    9.153035] calling  pl_driver_init+0x0/0x15 @ 1
[    9.172116] initcall pl_driver_init+0x0/0x15 returned 0 after 10731 usecs
[    9.195108] calling  pl_driver_init+0x0/0x15 @ 1
[    9.212252] initcall pl_driver_init+0x0/0x15 returned 0 after 8285 usecs
[    9.232119] calling  redragon_driver_init+0x0/0x15 @ 1
[    9.247225] initcall redragon_driver_init+0x0/0x15 returned 0 after 6995 usecs
[    9.269063] calling  samsung_driver_init+0x0/0x15 @ 1
[    9.287068] initcall samsung_driver_init+0x0/0x15 returned 0 after 9855 usecs
[    9.318106] calling  sony_init+0x0/0x38 @ 1
[    9.334112] initcall sony_init+0x0/0x38 returned 0 after 8483 usecs
[    9.357042] calling  sp_driver_init+0x0/0x15 @ 1
[    9.373183] initcall sp_driver_init+0x0/0x15 returned 0 after 7975 usecs
[    9.395001] calling  ts_driver_init+0x0/0x15 @ 1
[    9.411065] initcall ts_driver_init+0x0/0x15 returned 0 after 8349 usecs
[    9.438114] calling  hid_init+0x0/0x58 @ 1
[    9.450239] usbcore: registered new interface driver usbhid
[    9.470157] usbhid: USB HID core driver
[    9.483084] initcall hid_init+0x0/0x58 returned 0 after 37068 usecs
[    9.504035] calling  eeepc_laptop_init+0x0/0x57 @ 1
[    9.520549] initcall eeepc_laptop_init+0x0/0x57 returned -19 after 8177 usecs
[    9.549080] calling  pmc_atom_init+0x0/0x27a @ 1
[    9.565062] initcall pmc_atom_init+0x0/0x27a returned -19 after 7879 usecs
[    9.586025] calling  alsa_hwdep_init+0x0/0x5e @ 1
[    9.604308] initcall alsa_hwdep_init+0x0/0x5e returned 0 after 10015 usecs
[    9.630032] calling  alsa_timer_init+0x0/0x1f0 @ 1
[    9.646469] initcall alsa_timer_init+0x0/0x1f0 returned 0 after 8125 usecs
[    9.673093] calling  snd_hrtimer_init+0x0/0x117 @ 1
[    9.688173] initcall snd_hrtimer_init+0x0/0x117 returned 0 after 6847 usecs
[    9.712789] calling  alsa_pcm_init+0x0/0x64 @ 1
[    9.726433] initcall alsa_pcm_init+0x0/0x64 returned 0 after 6670 usecs
[    9.749113] calling  alsa_seq_init+0x0/0x4a @ 1
[    9.766831] initcall alsa_seq_init+0x0/0x4a returned 0 after 10448 usecs
[    9.785005] calling  alsa_seq_dummy_init+0x0/0x9c @ 1
[    9.801993] initcall alsa_seq_dummy_init+0x0/0x9c returned 0 after 8516 usecs
[    9.825974] calling  azx_driver_init+0x0/0x15 @ 1
[    9.840094] initcall azx_driver_init+0x0/0x15 returned 0 after 6883 usecs
[    9.862000] calling  sock_diag_init+0x0/0x2a @ 1
[    9.877658] initcall sock_diag_init+0x0/0x2a returned 0 after 8116 usecs
[    9.889037] calling  blackhole_init+0x0/0xc @ 1
[    9.896852] initcall blackhole_init+0x0/0xc returned 0 after 427 usecs
[    9.910910] calling  nfnetlink_init+0x0/0x57 @ 1
[    9.918752] initcall nfnetlink_init+0x0/0x57 returned 0 after 755 usecs
[    9.929571] calling  nfnetlink_log_init+0x0/0x99 @ 1
[    9.939990] initcall nfnetlink_log_init+0x0/0x99 returned 0 after 1920 usecs
[    9.952156] rcu_torture_rea (92) used greatest stack depth: 15464 bytes left
[    9.964001] calling  nf_conntrack_standalone_init+0x0/0x87 @ 1
[    9.975649] initcall nf_conntrack_standalone_init+0x0/0x87 returned 0 after 1738 usecs
[    9.990584] rcu-torture: rcu_torture_read_exit: End of episode
[   10.000973] calling  ctnetlink_init+0x0/0x83 @ 1
[   10.008053] initcall ctnetlink_init+0x0/0x83 returned 0 after 241 usecs
[   10.017533] calling  nf_conntrack_ftp_init+0x0/0x12c @ 1
[   10.026554] initcall nf_conntrack_ftp_init+0x0/0x12c returned 0 after 1194 usecs
[   10.037131] calling  nf_conntrack_irc_init+0x0/0x129 @ 1
[   10.045768] initcall nf_conntrack_irc_init+0x0/0x129 returned 0 after 9 usecs
[   10.056777] calling  nf_conntrack_sip_init+0x0/0x172 @ 1
[   10.064377] initcall nf_conntrack_sip_init+0x0/0x172 returned 0 after 10 usecs
[   10.074864] calling  nf_nat_init+0x0/0xbb @ 1
[   10.081782] initcall nf_nat_init+0x0/0xbb returned 0 after 415 usecs
[   10.090795] calling  nf_nat_ftp_init+0x0/0x2a @ 1
[   10.097447] initcall nf_nat_ftp_init+0x0/0x2a returned 0 after 4 usecs
[   10.106465] calling  nf_nat_irc_init+0x0/0x2a @ 1
[   10.114197] initcall nf_nat_irc_init+0x0/0x2a returned 0 after 1347 usecs
[   10.124958] calling  nf_nat_sip_init+0x0/0x36 @ 1
[   10.132386] initcall nf_nat_sip_init+0x0/0x36 returned 0 after 970 usecs
[   10.141504] calling  xt_init+0x0/0xcf @ 1
[   10.147362] initcall xt_init+0x0/0xcf returned 0 after 47 usecs
[   10.156857] calling  tcpudp_mt_init+0x0/0x11 @ 1
[   10.164182] initcall tcpudp_mt_init+0x0/0x11 returned 0 after 48 usecs
[   10.175254] calling  connsecmark_tg_init+0x0/0xc @ 1
[   10.185018] initcall connsecmark_tg_init+0x0/0xc returned 0 after 1584 usecs
[   10.197439] calling  nflog_tg_init+0x0/0xc @ 1
[   10.204595] initcall nflog_tg_init+0x0/0xc returned 0 after 420 usecs
[   10.214597] calling  secmark_tg_init+0x0/0x11 @ 1
[   10.223012] initcall secmark_tg_init+0x0/0x11 returned 0 after 1098 usecs
[   10.235870] calling  tcpmss_tg_init+0x0/0x11 @ 1
[   10.243989] initcall tcpmss_tg_init+0x0/0x11 returned 0 after 670 usecs
[   10.255353] calling  conntrack_mt_init+0x0/0x11 @ 1
[   10.262694] initcall conntrack_mt_init+0x0/0x11 returned 0 after 6 usecs
[   10.273157] calling  policy_mt_init+0x0/0x11 @ 1
[   10.279938] initcall policy_mt_init+0x0/0x11 returned 0 after 6 usecs
[   10.290947] calling  state_mt_init+0x0/0xc @ 1
[   10.301008] initcall state_mt_init+0x0/0xc returned 0 after 3834 usecs
[   10.310345] calling  gre_offload_init+0x0/0x48 @ 1
[   10.317269] initcall gre_offload_init+0x0/0x48 returned 0 after 160 usecs
[   10.327583] calling  sysctl_ipv4_init+0x0/0x46 @ 1
[   10.335145] initcall sysctl_ipv4_init+0x0/0x46 returned 0 after 470 usecs
[   10.346703] calling  tunnel4_init+0x0/0x58 @ 1
[   10.354002] initcall tunnel4_init+0x0/0x58 returned 0 after 638 usecs
[   10.364300] calling  nf_defrag_init+0x0/0xc @ 1
[   10.371348] initcall nf_defrag_init+0x0/0xc returned 0 after 38 usecs
[   10.381112] calling  ip_tables_init+0x0/0x8d @ 1
[   10.390060] initcall ip_tables_init+0x0/0x8d returned 0 after 2041 usecs
[   10.401763] calling  iptable_filter_init+0x0/0x4c @ 1
[   10.411521] initcall iptable_filter_init+0x0/0x4c returned 0 after 1571 usecs
[   10.422618] calling  iptable_mangle_init+0x0/0xb8 @ 1
[   10.431214] initcall iptable_mangle_init+0x0/0xb8 returned 0 after 205 usecs
[   10.442763] calling  reject_tg_init+0x0/0xc @ 1
[   10.449539] initcall reject_tg_init+0x0/0xc returned 0 after 3 usecs
[   10.459094] calling  cubictcp_register+0x0/0x53 @ 1
[   10.467034] initcall cubictcp_register+0x0/0x53 returned 0 after 230 usecs
[   10.480417] calling  xfrm_user_init+0x0/0x45 @ 1
[   10.487368] Initializing XFRM netlink socket
[   10.493759] initcall xfrm_user_init+0x0/0x45 returned 0 after 6239 usecs
[   10.503420] calling  inet6_init+0x0/0x35e @ 1
[   10.510866] NET: Registered protocol family 10
[   10.523847] Segment Routing with IPv6
[   10.531384] initcall inet6_init+0x0/0x35e returned 0 after 21065 usecs
[   10.541386] calling  ah6_init+0x0/0x71 @ 1
[   10.550631] initcall ah6_init+0x0/0x71 returned 0 after 2623 usecs
[   10.561036] calling  esp6_init+0x0/0x71 @ 1
[   10.568064] initcall esp6_init+0x0/0x71 returned 0 after 8 usecs
[   10.577471] calling  ip6_tables_init+0x0/0x8d @ 1
[   10.584834] initcall ip6_tables_init+0x0/0x8d returned 0 after 120 usecs
[   10.594916] calling  ip6table_filter_init+0x0/0x4c @ 1
[   10.602674] initcall ip6table_filter_init+0x0/0x4c returned 0 after 143 usecs
[   10.612819] calling  ip6table_mangle_init+0x0/0xb8 @ 1
[   10.620107] initcall ip6table_mangle_init+0x0/0xb8 returned 0 after 77 usecs
[   10.629990] calling  nf_defrag_init+0x0/0x45 @ 1
[   10.637562] initcall nf_defrag_init+0x0/0x45 returned 0 after 1175 usecs
[   10.648061] calling  ipv6header_mt6_init+0x0/0xc @ 1
[   10.656139] initcall ipv6header_mt6_init+0x0/0xc returned 0 after 510 usecs
[   10.667095] calling  reject_tg6_init+0x0/0xc @ 1
[   10.674549] initcall reject_tg6_init+0x0/0xc returned 0 after 5 usecs
[   10.685544] calling  sit_init+0x0/0xc3 @ 1
[   10.693334] sit: IPv6, IPv4 and MPLS over IPv4 tunneling driver
[   10.710166] initcall sit_init+0x0/0xc3 returned 0 after 17159 usecs
[   10.721094] calling  packet_init+0x0/0x75 @ 1
[   10.728876] NET: Registered protocol family 17
[   10.736451] initcall packet_init+0x0/0x75 returned 0 after 7438 usecs
[   10.746130] calling  init_rpcsec_gss+0x0/0x60 @ 1
[   10.753351] initcall init_rpcsec_gss+0x0/0x60 returned 0 after 663 usecs
[   10.763776] calling  init_dns_resolver+0x0/0xca @ 1
