c[?7l[2J[0mSeaBIOS (version 1.16.0-debian-1.16.0-4)
Booting from ROM...
early console in setup code
c[?7l[2J[    0.000000] Linux version 5.10.157+ (root@joelboxx.c.googlers.com) (gcc (Debian 12.2.0-3) 12.2.0, GNU ld (GNU Binutils for Debian) 2.39) #5 SMP PREEMPT Tue Dec 13 03:29:45 UTC 2022
[    0.000000] Command line: selinux=0 initcall_debug debug console=ttyS0 rcutorture.onoff_interval=1000 rcutorture.onoff_holdoff=30 rcutorture.n_barrier_cbs=4 rcutorture.stat_interval=15 rcutorture.shutdown_secs=1800 rcutorture.test_no_idle_hz=1 rcutorture.verbose=1
[    0.000000] x86/fpu: x87 FPU will use FXSAVE
[    0.000000] BIOS-provided physical RAM map:
[    0.000000] BIOS-e820: [mem 0x0000000000000000-0x000000000009fbff] usable
[    0.000000] BIOS-e820: [mem 0x000000000009fc00-0x000000000009ffff] reserved
[    0.000000] BIOS-e820: [mem 0x00000000000f0000-0x00000000000fffff] reserved
[    0.000000] BIOS-e820: [mem 0x0000000000100000-0x000000001ffdefff] usable
[    0.000000] BIOS-e820: [mem 0x000000001ffdf000-0x000000001fffffff] reserved
[    0.000000] BIOS-e820: [mem 0x00000000b0000000-0x00000000bfffffff] reserved
[    0.000000] BIOS-e820: [mem 0x00000000fed1c000-0x00000000fed1ffff] reserved
[    0.000000] BIOS-e820: [mem 0x00000000feffc000-0x00000000feffffff] reserved
[    0.000000] BIOS-e820: [mem 0x00000000fffc0000-0x00000000ffffffff] reserved
[    0.000000] NX (Execute Disable) protection: active
[    0.000000] SMBIOS 2.8 present.
[    0.000000] DMI: QEMU Standard PC (Q35 + ICH9, 2009), BIOS 1.16.0-debian-1.16.0-4 04/01/2014
[    0.000000] Hypervisor detected: KVM
[    0.000000] kvm-clock: Using msrs 4b564d01 and 4b564d00
[    0.000000] kvm-clock: cpu 0, msr 18523001, primary cpu clock
[    0.000118] kvm-clock: using sched offset of 2123175687 cycles
[    0.000520] clocksource: kvm-clock: mask: 0xffffffffffffffff max_cycles: 0x1cd42e4dffb, max_idle_ns: 881590591483 ns
[    0.000941] tsc: Detected 1999.999 MHz processor
[    0.010721] e820: update [mem 0x00000000-0x00000fff] usable ==> reserved
[    0.010729] e820: remove [mem 0x000a0000-0x000fffff] usable
[    0.010738] last_pfn = 0x1ffdf max_arch_pfn = 0x400000000
[    0.011573] MTRR default type: write-back
[    0.011653] MTRR fixed ranges enabled:
[    0.011656]   00000-9FFFF write-back
[    0.011658]   A0000-BFFFF uncachable
[    0.011660]   C0000-FFFFF write-protect
[    0.011662] MTRR variable ranges enabled:
[    0.011665]   0 base 00C0000000 mask FFC0000000 uncachable
[    0.011667]   1 disabled
[    0.011668]   2 disabled
[    0.011670]   3 disabled
[    0.011672]   4 disabled
[    0.011673]   5 disabled
[    0.011675]   6 disabled
[    0.011676]   7 disabled
[    0.012184] x86/PAT: Configuration [0-7]: WB  WC  UC- UC  WB  WC  UC- UC  
[    0.021595] found SMP MP-table at [mem 0x000f5ba0-0x000f5baf]
[    0.024784] check: Scanning 1 areas for low memory corruption
[    0.042325] ACPI: Early table checksum verification disabled
[    0.044932] ACPI: RSDP 0x00000000000F59E0 000014 (v00 BOCHS )
[    0.045474] ACPI: RSDT 0x000000001FFE252A 000038 (v01 BOCHS  BXPC     00000001 BXPC 00000001)
[    0.045933] ACPI: FACP 0x000000001FFE22EA 0000F4 (v03 BOCHS  BXPC     00000001 BXPC 00000001)
[    0.046108] ACPI: DSDT 0x000000001FFE0040 0022AA (v01 BOCHS  BXPC     00000001 BXPC 00000001)
[    0.046116] ACPI: FACS 0x000000001FFE0000 000040
[    0.046122] ACPI: APIC 0x000000001FFE23DE 0000B0 (v01 BOCHS  BXPC     00000001 BXPC 00000001)
[    0.046129] ACPI: HPET 0x000000001FFE248E 000038 (v01 BOCHS  BXPC     00000001 BXPC 00000001)
[    0.046135] ACPI: MCFG 0x000000001FFE24C6 00003C (v01 BOCHS  BXPC     00000001 BXPC 00000001)
[    0.046141] ACPI: WAET 0x000000001FFE2502 000028 (v01 BOCHS  BXPC     00000001 BXPC 00000001)
[    0.046229] ACPI: Reserving FACP table memory at [mem 0x1ffe22ea-0x1ffe23dd]
[    0.046232] ACPI: Reserving DSDT table memory at [mem 0x1ffe0040-0x1ffe22e9]
[    0.046234] ACPI: Reserving FACS table memory at [mem 0x1ffe0000-0x1ffe003f]
[    0.046237] ACPI: Reserving APIC table memory at [mem 0x1ffe23de-0x1ffe248d]
[    0.046239] ACPI: Reserving HPET table memory at [mem 0x1ffe248e-0x1ffe24c5]
[    0.046241] ACPI: Reserving MCFG table memory at [mem 0x1ffe24c6-0x1ffe2501]
[    0.046243] ACPI: Reserving WAET table memory at [mem 0x1ffe2502-0x1ffe2529]
[    0.047453] ACPI: Local APIC address 0xfee00000
[    0.059729] No NUMA configuration found
[    0.060969] Faking a node at [mem 0x0000000000000000-0x000000001ffdefff]
[    0.061524] NODE_DATA(0) allocated [mem 0x1ffdb000-0x1ffdefff]
[    0.067710] Zone ranges:
[    0.067866]   DMA      [mem 0x0000000000001000-0x0000000000ffffff]
[    0.067940]   DMA32    [mem 0x0000000001000000-0x000000001ffdefff]
[    0.067945]   Normal   empty
[    0.067948] Movable zone start for each node
[    0.067950] Early memory node ranges
[    0.067952]   node   0: [mem 0x0000000000001000-0x000000000009efff]
[    0.068025]   node   0: [mem 0x0000000000100000-0x000000001ffdefff]
[    0.068128] Initmem setup node 0 [mem 0x0000000000001000-0x000000001ffdefff]
[    0.068158] On node 0 totalpages: 130941
[    0.068284]   DMA zone: 64 pages used for memmap
[    0.068286]   DMA zone: 21 pages reserved
[    0.068355]   DMA zone: 3998 pages, LIFO batch:0
[    0.068357]   DMA32 zone: 1984 pages used for memmap
[    0.068359]   DMA32 zone: 126943 pages, LIFO batch:31
[    0.070586] On node 0, zone DMA: 1 pages in unavailable ranges
[    0.075666] On node 0, zone DMA: 97 pages in unavailable ranges
[    0.277802] On node 0, zone DMA32: 33 pages in unavailable ranges
[    0.283240] ACPI: PM-Timer IO Port: 0x608
[    0.283476] ACPI: Local APIC address 0xfee00000
[    0.284275] ACPI: LAPIC_NMI (acpi_id[0xff] dfl dfl lint[0x1])
[    0.285821] IOAPIC[0]: apic_id 0, version 17, address 0xfec00000, GSI 0-23
[    0.285872] ACPI: INT_SRC_OVR (bus 0 bus_irq 0 global_irq 2 dfl dfl)
[    0.286009] ACPI: INT_SRC_OVR (bus 0 bus_irq 5 global_irq 5 high level)
[    0.286012] ACPI: INT_SRC_OVR (bus 0 bus_irq 9 global_irq 9 high level)
[    0.286181] ACPI: INT_SRC_OVR (bus 0 bus_irq 10 global_irq 10 high level)
[    0.286183] ACPI: INT_SRC_OVR (bus 0 bus_irq 11 global_irq 11 high level)
[    0.286186] ACPI: IRQ0 used by override.
[    0.286188] ACPI: IRQ5 used by override.
[    0.286191] ACPI: IRQ9 used by override.
[    0.286193] ACPI: IRQ10 used by override.
[    0.286241] ACPI: IRQ11 used by override.
[    0.286247] Using ACPI (MADT) for SMP configuration information
[    0.286305] ACPI: HPET id: 0x8086a201 base: 0xfed00000
[    0.286969] smpboot: Allowing 8 CPUs, 0 hotplug CPUs
[    0.289342] PM: hibernation: Registered nosave memory: [mem 0x00000000-0x00000fff]
[    0.289402] PM: hibernation: Registered nosave memory: [mem 0x0009f000-0x0009ffff]
[    0.289405] PM: hibernation: Registered nosave memory: [mem 0x000a0000-0x000effff]
[    0.289407] PM: hibernation: Registered nosave memory: [mem 0x000f0000-0x000fffff]
[    0.289526] [mem 0x20000000-0xafffffff] available for PCI devices
[    0.289629] Booting paravirtualized kernel on KVM
[    0.290193] clocksource: refined-jiffies: mask: 0xffffffff max_cycles: 0xffffffff, max_idle_ns: 1910969940391419 ns
[    0.333099] setup_percpu: NR_CPUS:8 nr_cpumask_bits:8 nr_cpu_ids:8 nr_node_ids:1
[    1.511659] percpu: Embedded 58 pages/cpu s197776 r8192 d31600 u262144
[    1.513896] pcpu-alloc: s197776 r8192 d31600 u262144 alloc=1*2097152
[    1.513953] pcpu-alloc: [0] 0 1 2 3 4 5 6 7 
[    1.516127] kvm-guest: stealtime: cpu 0, msr 1f41bac0
[    1.520273] Built 1 zonelists, mobility grouping on.  Total pages: 128872
[    1.520427] Policy zone: DMA32
[    1.521054] Kernel command line: selinux=0 initcall_debug debug console=ttyS0 rcutorture.onoff_interval=1000 rcutorture.onoff_holdoff=30 rcutorture.n_barrier_cbs=4 rcutorture.stat_interval=15 rcutorture.shutdown_secs=1800 rcutorture.test_no_idle_hz=1 rcutorture.verbose=1
[    1.537844] Dentry cache hash table entries: 65536 (order: 7, 524288 bytes, linear)
[    1.544324] Inode-cache hash table entries: 32768 (order: 6, 262144 bytes, linear)
[    1.545668] mem auto-init: stack:all(zero), heap alloc:off, heap free:off
[    1.724602] Memory: 471528K/523764K available (16397K kernel code, 2794K rwdata, 4788K rodata, 1556K init, 7148K bss, 51976K reserved, 0K cma-reserved)
[    1.725450] SLUB: HWalign=64, Order=0-3, MinObjects=0, CPUs=8, Nodes=1
[    1.741989] Kernel/User page tables isolation: enabled
[    1.755685] rcu: Preemptible hierarchical RCU implementation.
[    1.755689] rcu: 	CONFIG_RCU_FANOUT set to non-default value of 3.
[    1.755692] rcu: 	Build-time adjustment of leaf fanout to 3.
[    1.755748] rcu: 	RCU callback double-/use-after-free debug enabled.
[    1.755804] 	Trampoline variant of Tasks RCU enabled.
[    1.755807] 	Rude variant of Tasks RCU enabled.
[    1.755875] 	Tracing variant of Tasks RCU enabled.
[    1.756130] rcu: RCU calculated value of scheduler-enlistment delay is 100 jiffies.
[    1.775200] NR_IRQS: 4352, nr_irqs: 488, preallocated irqs: 16
[    1.779810] calling  con_init+0x0/0x24f @ 0
[    1.914268] Console: colour VGA+ 80x25
[    1.914281] initcall con_init+0x0/0x24f returned 0 after 0 usecs
[    1.914285] calling  hvc_console_init+0x0/0x13 @ 0
[    1.914376] initcall hvc_console_init+0x0/0x13 returned 0 after 0 usecs
[    1.914378] calling  univ8250_console_init+0x0/0x26 @ 0
[    2.877599] printk: console [ttyS0] enabled
[    2.882233] initcall univ8250_console_init+0x0/0x26 returned 0 after 0 usecs
[    2.889928] Lock dependency validator: Copyright (c) 2006 Red Hat, Inc., Ingo Molnar
[    2.898452] ... MAX_LOCKDEP_SUBCLASSES:  8
[    2.902989] ... MAX_LOCK_DEPTH:          48
[    2.907614] ... MAX_LOCKDEP_KEYS:        8192
[    2.912401] ... CLASSHASH_SIZE:          4096
[    2.917109] ... MAX_LOCKDEP_ENTRIES:     32768
[    2.921878] ... MAX_LOCKDEP_CHAINS:      65536
[    2.926668] ... CHAINHASH_SIZE:          32768
[    2.931433]  memory used by lock dependency info: 3637 kB
[    2.937321]  per task-struct memory footprint: 1920 bytes
[    2.943165] ACPI: Core revision 20200925
[    2.949151] clocksource: hpet: mask: 0xffffffff max_cycles: 0xffffffff, max_idle_ns: 19112604467 ns
[    2.960012] APIC: Switch to symmetric I/O mode setup
[    2.982687] ..TIMER: vector=0x30 apic1=0 pin1=2 apic2=-1 pin2=-1
[    2.989624] clocksource: tsc-early: mask: 0xffffffffffffffff max_cycles: 0x39a85afc727, max_idle_ns: 881590685098 ns
[    3.001141] Calibrating delay loop (skipped) preset value.. 3999.99 BogoMIPS (lpj=1999999)
[    3.002131] pid_max: default: 32768 minimum: 301
[    3.004169] LSM: Security Framework initializing
[    3.005337] Mount-cache hash table entries: 1024 (order: 1, 8192 bytes, linear)
[    3.006166] Mountpoint-cache hash table entries: 1024 (order: 1, 8192 bytes, linear)
[    3.015036] Last level iTLB entries: 4KB 0, 2MB 0, 4MB 0
[    3.015127] Last level dTLB entries: 4KB 0, 2MB 0, 4MB 0, 1GB 0
[    3.016233] Spectre V1 : Mitigation: usercopy/swapgs barriers and __user pointer sanitization
[    3.017144] Spectre V2 : Mitigation: Retpolines
[    3.018127] Spectre V2 : Spectre v2 / SpectreRSB mitigation: Filling RSB on context switch
[    3.019125] Spectre V2 : Spectre v2 / SpectreRSB : Filling RSB on VMEXIT
[    3.020125] Speculative Store Bypass: Vulnerable
[    3.021147] MDS: Vulnerable: Clear CPU buffers attempted, no microcode
[    3.022125] MMIO Stale Data: Unknown: No mitigations
[    3.081559] Freeing SMP alternatives memory: 40K
[    3.187120] smpboot: CPU0: Intel Common KVM processor (family: 0xf, model: 0x6, stepping: 0x1)
[    3.189120] calling  init_hw_perf_events+0x0/0x6ce @ 1
[    3.190139] Performance Events: unsupported Netburst CPU model 6 no PMU driver, software events only.
[    3.191131] initcall init_hw_perf_events+0x0/0x6ce returned 0 after 976 usecs
[    3.192159] calling  init_real_mode+0x0/0x1e9 @ 1
[    3.193506] initcall init_real_mode+0x0/0x1e9 returned 0 after 0 usecs
[    3.194129] calling  trace_init_perf_perm_irq_work_exit+0x0/0x12 @ 1
[    3.195131] initcall trace_init_perf_perm_irq_work_exit+0x0/0x12 returned 0 after 0 usecs
[    3.196153] calling  validate_x2apic+0x0/0x4a @ 1
[    3.197150] initcall validate_x2apic+0x0/0x4a returned 0 after 0 usecs
[    3.198128] calling  register_nmi_cpu_backtrace_handler+0x0/0x15 @ 1
[    3.199136] initcall register_nmi_cpu_backtrace_handler+0x0/0x15 returned 0 after 0 usecs
[    3.200129] calling  kvm_setup_vsyscall_timeinfo+0x0/0xce @ 1
[    3.201127] initcall kvm_setup_vsyscall_timeinfo+0x0/0xce returned 0 after 0 usecs
[    3.202139] calling  spawn_ksoftirqd+0x0/0x38 @ 1
[    3.203255] initcall spawn_ksoftirqd+0x0/0x38 returned 0 after 0 usecs
[    3.204128] calling  migration_init+0x0/0x31 @ 1
[    3.205127] initcall migration_init+0x0/0x31 returned 0 after 0 usecs
[    3.206127] calling  srcu_bootup_announce+0x0/0x2f @ 1
[    3.207133] rcu: Hierarchical SRCU implementation.
[    3.208127] initcall srcu_bootup_announce+0x0/0x2f returned 0 after 976 usecs
[    3.209130] calling  rcu_spawn_gp_kthread+0x0/0x1b0 @ 1
[    3.210285] initcall rcu_spawn_gp_kthread+0x0/0x1b0 returned 0 after 0 usecs
[    3.211129] calling  check_cpu_stall_init+0x0/0x1a @ 1
[    3.212128] initcall check_cpu_stall_init+0x0/0x1a returned 0 after 0 usecs
[    3.213127] calling  rcu_sysrq_init+0x0/0x21 @ 1
[    3.214165] initcall rcu_sysrq_init+0x0/0x21 returned 0 after 0 usecs
[    3.215157] calling  trace_init_flags_sys_enter+0x0/0xe @ 1
[    3.216134] initcall trace_init_flags_sys_enter+0x0/0xe returned 0 after 0 usecs
[    3.217127] calling  trace_init_flags_sys_exit+0x0/0xe @ 1
[    3.218132] initcall trace_init_flags_sys_exit+0x0/0xe returned 0 after 0 usecs
[    3.219128] calling  cpu_stop_init+0x0/0x8d @ 1
[    3.220264] initcall cpu_stop_init+0x0/0x8d returned 0 after 0 usecs
[    3.221129] calling  init_kprobes+0x0/0x16e @ 1
[    3.223751] initcall init_kprobes+0x0/0x16e returned 0 after 976 usecs
[    3.224132] calling  init_events+0x0/0x3d @ 1
[    3.225140] initcall init_events+0x0/0x3d returned 0 after 0 usecs
[    3.226125] calling  init_trace_printk+0x0/0xc @ 1
[    3.227127] initcall init_trace_printk+0x0/0xc returned 0 after 0 usecs
[    3.228127] calling  event_trace_enable_again+0x0/0x23 @ 1
[    3.229127] initcall event_trace_enable_again+0x0/0x23 returned 0 after 0 usecs
[    3.230126] calling  static_call_init+0x0/0x79 @ 1
[    3.231131] initcall static_call_init+0x0/0x79 returned 0 after 0 usecs
[    3.232130] calling  jump_label_init_module+0x0/0xc @ 1
[    3.233127] initcall jump_label_init_module+0x0/0xc returned 0 after 0 usecs
[    3.234143] calling  init_zero_pfn+0x0/0x37 @ 1
[    3.235126] initcall init_zero_pfn+0x0/0x37 returned 0 after 0 usecs
[    3.236126] calling  initialize_ptr_random+0x0/0x54 @ 1
[    3.237137] initcall initialize_ptr_random+0x0/0x54 returned 0 after 0 usecs
[    3.238149] calling  efi_memreserve_root_init+0x0/0x25 @ 1
[    3.239145] initcall efi_memreserve_root_init+0x0/0x25 returned 0 after 0 usecs
[    3.240128] calling  efi_earlycon_remap_fb+0x0/0x51 @ 1
[    3.241172] initcall efi_earlycon_remap_fb+0x0/0x51 returned 0 after 0 usecs
[    3.245196] smp: Bringing up secondary CPUs ...
[    3.247786] x86: Booting SMP configuration:
[    3.248142] .... node  #0, CPUs:      #1
[    1.221631] kvm-clock: cpu 1, msr 18523041, secondary cpu clock
[    3.276329] kvm-guest: stealtime: cpu 1, msr 1f45bac0
[    3.290133]  #2
[    1.221631] kvm-clock: cpu 2, msr 18523081, secondary cpu clock
[    3.313302] kvm-guest: stealtime: cpu 2, msr 1f49bac0
[    3.327460]  #3
[    1.221631] kvm-clock: cpu 3, msr 185230c1, secondary cpu clock
[    3.350287] kvm-guest: stealtime: cpu 3, msr 1f4dbac0
[    3.364946]  #4
[    1.221631] kvm-clock: cpu 4, msr 18523101, secondary cpu clock
[    3.387402] kvm-guest: stealtime: cpu 4, msr 1f51bac0
[    3.401694]  #5
[    1.221631] kvm-clock: cpu 5, msr 18523141, secondary cpu clock
[    3.424279] kvm-guest: stealtime: cpu 5, msr 1f55bac0
[    3.438636]  #6
[    1.221631] kvm-clock: cpu 6, msr 18523181, secondary cpu clock
[    3.461400] kvm-guest: stealtime: cpu 6, msr 1f59bac0
[    3.478852]  #7
[    1.221631] kvm-clock: cpu 7, msr 185231c1, secondary cpu clock
[    3.501294] kvm-guest: stealtime: cpu 7, msr 1f5dbac0
[    3.516538] smp: Brought up 1 node, 8 CPUs
[    3.517129] smpboot: Max logical packages: 1
[    3.519127] smpboot: Total of 8 processors activated (31999.98 BogoMIPS)
[    3.523326] devtmpfs: initialized
[    3.524819] calling  ipc_ns_init+0x0/0x3d @ 1
[    3.525239] initcall ipc_ns_init+0x0/0x3d returned 0 after 0 usecs
[    3.526129] calling  init_mmap_min_addr+0x0/0x21 @ 1
[    3.528129] initcall init_mmap_min_addr+0x0/0x21 returned 0 after 0 usecs
[    3.529129] calling  pci_realloc_setup_params+0x0/0x3f @ 1
[    3.530132] initcall pci_realloc_setup_params+0x0/0x3f returned 0 after 0 usecs
[    3.531130] calling  net_ns_init+0x0/0x140 @ 1
[    3.533611] initcall net_ns_init+0x0/0x140 returned 0 after 976 usecs
[    3.534147] calling  e820__register_nvs_regions+0x0/0x37 @ 1
[    3.535133] initcall e820__register_nvs_regions+0x0/0x37 returned 0 after 0 usecs
[    3.536130] calling  cpufreq_register_tsc_scaling+0x0/0x2e @ 1
[    3.537129] initcall cpufreq_register_tsc_scaling+0x0/0x2e returned 0 after 0 usecs
[    3.538130] calling  reboot_init+0x0/0x3c @ 1
[    3.539179] initcall reboot_init+0x0/0x3c returned 0 after 0 usecs
[    3.540131] calling  init_lapic_sysfs+0x0/0x20 @ 1
[    3.541132] initcall init_lapic_sysfs+0x0/0x20 returned 0 after 0 usecs
[    3.542130] calling  alloc_frozen_cpus+0x0/0x7 @ 1
[    3.543129] initcall alloc_frozen_cpus+0x0/0x7 returned 0 after 0 usecs
[    3.544129] calling  cpu_hotplug_pm_sync_init+0x0/0x13 @ 1
[    3.545145] initcall cpu_hotplug_pm_sync_init+0x0/0x13 returned 0 after 0 usecs
[    3.546134] calling  wq_sysfs_init+0x0/0x2a @ 1
[    3.547216] initcall wq_sysfs_init+0x0/0x2a returned 0 after 0 usecs
[    3.548132] calling  ksysfs_init+0x0/0x92 @ 1
[    3.549161] initcall ksysfs_init+0x0/0x92 returned 0 after 0 usecs
[    3.550132] calling  schedutil_gov_init+0x0/0xc @ 1
[    3.551183] initcall schedutil_gov_init+0x0/0xc returned 0 after 0 usecs
[    3.552131] calling  pm_init+0x0/0x76 @ 1
[    3.554197] initcall pm_init+0x0/0x76 returned 0 after 976 usecs
[    3.555128] calling  pm_disk_init+0x0/0x13 @ 1
[    3.556177] initcall pm_disk_init+0x0/0x13 returned 0 after 0 usecs
[    3.557128] calling  swsusp_header_init+0x0/0x2b @ 1
[    3.558130] initcall swsusp_header_init+0x0/0x2b returned 0 after 0 usecs
[    3.560127] calling  rcu_set_runtime_mode+0x0/0x16 @ 1
[    3.561139] initcall rcu_set_runtime_mode+0x0/0x16 returned 0 after 0 usecs
[    3.562127] calling  init_jiffies_clocksource+0x0/0x13 @ 1
[    3.563127] clocksource: jiffies: mask: 0xffffffff max_cycles: 0xffffffff, max_idle_ns: 1911260446275000 ns
[    3.564130] initcall init_jiffies_clocksource+0x0/0x13 returned 0 after 976 usecs
[    3.565128] calling  futex_init+0x0/0x118 @ 1
[    3.566131] futex hash table entries: 2048 (order: 6, 262144 bytes, linear)
[    3.567242] initcall futex_init+0x0/0x118 returned 0 after 976 usecs
[    3.568128] calling  cgroup_wq_init+0x0/0x28 @ 1
[    3.569144] initcall cgroup_wq_init+0x0/0x28 returned 0 after 0 usecs
[    3.570128] calling  cgroup1_wq_init+0x0/0x28 @ 1
[    3.571142] initcall cgroup1_wq_init+0x0/0x28 returned 0 after 0 usecs
[    3.572127] calling  init_kprobe_trace_early+0x0/0x2a @ 1
[    3.573160] initcall init_kprobe_trace_early+0x0/0x2a returned 0 after 0 usecs
[    3.574133] calling  fsnotify_init+0x0/0x56 @ 1
[    3.575155] initcall fsnotify_init+0x0/0x56 returned 0 after 0 usecs
[    3.576132] calling  filelock_init+0x0/0xb3 @ 1
[    3.577168] initcall filelock_init+0x0/0xb3 returned 0 after 0 usecs
[    3.578129] calling  init_misc_binfmt+0x0/0x2c @ 1
[    3.579140] initcall init_misc_binfmt+0x0/0x2c returned 0 after 0 usecs
[    3.580133] calling  init_script_binfmt+0x0/0x15 @ 1
[    3.581135] initcall init_script_binfmt+0x0/0x15 returned 0 after 0 usecs
[    3.582131] calling  init_elf_binfmt+0x0/0x15 @ 1
[    3.583130] initcall init_elf_binfmt+0x0/0x15 returned 0 after 0 usecs
[    3.584130] calling  init_compat_elf_binfmt+0x0/0x15 @ 1
[    3.585132] initcall init_compat_elf_binfmt+0x0/0x15 returned 0 after 0 usecs
[    3.586129] calling  debugfs_init+0x0/0x5c @ 1
[    3.587164] initcall debugfs_init+0x0/0x5c returned 0 after 0 usecs
[    3.588128] calling  tracefs_init+0x0/0x3a @ 1
[    3.589141] initcall tracefs_init+0x0/0x3a returned 0 after 0 usecs
[    3.590131] calling  prandom_init_early+0x0/0x15d @ 1
[    3.591134] initcall prandom_init_early+0x0/0x15d returned 0 after 0 usecs
[    3.592228] calling  virtio_init+0x0/0x20 @ 1
[    3.594185] initcall virtio_init+0x0/0x20 returned 0 after 976 usecs
[    3.595130] calling  iommu_init+0x0/0x2a @ 1
[    3.596145] initcall iommu_init+0x0/0x2a returned 0 after 0 usecs
[    3.597130] calling  component_debug_init+0x0/0x1c @ 1
[    3.598241] initcall component_debug_init+0x0/0x1c returned 0 after 0 usecs
[    3.599130] calling  early_resume_init+0x0/0xb9 @ 1
[    3.600783] PM: RTC time: 03:48:46, date: 2022-12-13
[    3.601130] initcall early_resume_init+0x0/0xb9 returned 0 after 976 usecs
[    3.602129] calling  cpufreq_core_init+0x0/0x62 @ 1
[    3.603138] initcall cpufreq_core_init+0x0/0x62 returned 0 after 0 usecs
[    3.604128] calling  cpufreq_gov_performance_init+0x0/0xc @ 1
[    3.605133] initcall cpufreq_gov_performance_init+0x0/0xc returned 0 after 0 usecs
[    3.606130] calling  cpufreq_gov_userspace_init+0x0/0xc @ 1
[    3.607131] initcall cpufreq_gov_userspace_init+0x0/0xc returned 0 after 0 usecs
[    3.608128] calling  CPU_FREQ_GOV_ONDEMAND_init+0x0/0xc @ 1
[    3.609146] initcall CPU_FREQ_GOV_ONDEMAND_init+0x0/0xc returned 0 after 0 usecs
[    3.610128] calling  cpuidle_init+0x0/0x1f @ 1
[    3.612154] initcall cpuidle_init+0x0/0x1f returned 0 after 976 usecs
[    3.613129] calling  capsule_reboot_register+0x0/0xc @ 1
[    3.614173] initcall capsule_reboot_register+0x0/0xc returned 0 after 0 usecs
[    3.615132] calling  sock_init+0x0/0x93 @ 1
[    3.617579] initcall sock_init+0x0/0x93 returned 0 after 976 usecs
[    3.618131] calling  net_inuse_init+0x0/0x23 @ 1
[    3.619136] initcall net_inuse_init+0x0/0x23 returned 0 after 0 usecs
[    3.620128] calling  net_defaults_init+0x0/0x23 @ 1
[    3.621128] initcall net_defaults_init+0x0/0x23 returned 0 after 0 usecs
[    3.623131] calling  init_default_flow_dissectors+0x0/0x4f @ 1
[    3.624154] initcall init_default_flow_dissectors+0x0/0x4f returned 0 after 0 usecs
[    3.625130] calling  netpoll_init+0x0/0x44 @ 1
[    3.626131] initcall netpoll_init+0x0/0x44 returned 0 after 0 usecs
[    3.627130] calling  netlink_proto_init+0x0/0x154 @ 1
[    3.628273] NET: Registered protocol family 16
[    3.629199] initcall netlink_proto_init+0x0/0x154 returned 0 after 976 usecs
[    3.630131] calling  genl_init+0x0/0x35 @ 1
[    3.632143] initcall genl_init+0x0/0x35 returned 0 after 976 usecs
[    3.633165] calling  bsp_pm_check_init+0x0/0x13 @ 1
[    3.634131] initcall bsp_pm_check_init+0x0/0x13 returned 0 after 0 usecs
[    3.635155] calling  irq_sysfs_init+0x0/0xb9 @ 1
[    3.636358] initcall irq_sysfs_init+0x0/0xb9 returned 0 after 0 usecs
[    3.637136] calling  audit_init+0x0/0x127 @ 1
[    3.638133] audit: initializing netlink subsys (disabled)
[    3.645373] initcall audit_init+0x0/0x127 returned 0 after 6835 usecs
[    3.645160] audit: type=2000 audit(1670903324.681:1): state=initialized audit_enabled=0 res=1
[    3.647134] calling  release_early_probes+0x0/0x32 @ 1
[    3.648134] initcall release_early_probes+0x0/0x32 returned 0 after 0 usecs
[    3.649156] calling  bdi_class_init+0x0/0x48 @ 1
[    3.650200] initcall bdi_class_init+0x0/0x48 returned 0 after 0 usecs
[    3.651154] calling  mm_sysfs_init+0x0/0x28 @ 1
[    3.653144] initcall mm_sysfs_init+0x0/0x28 returned 0 after 0 usecs
[    3.654133] calling  init_per_zone_wmark_min+0x0/0x6d @ 1
[    3.655167] initcall init_per_zone_wmark_min+0x0/0x6d returned 0 after 0 usecs
[    3.656134] calling  mpi_init+0x0/0x3e @ 1
[    3.657150] initcall mpi_init+0x0/0x3e returned 0 after 0 usecs
[    3.658166] calling  kobject_uevent_init+0x0/0xc @ 1
[    3.659145] initcall kobject_uevent_init+0x0/0xc returned 0 after 0 usecs
[    3.660128] calling  pcibus_class_init+0x0/0x13 @ 1
[    3.661148] initcall pcibus_class_init+0x0/0x13 returned 0 after 0 usecs
[    3.662132] calling  pci_driver_init+0x0/0x21 @ 1
[    3.663192] initcall pci_driver_init+0x0/0x21 returned 0 after 0 usecs
[    3.664128] calling  backlight_class_init+0x0/0xa8 @ 1
[    3.665151] initcall backlight_class_init+0x0/0xa8 returned 0 after 0 usecs
[    3.666128] calling  tty_class_init+0x0/0x33 @ 1
[    3.667137] initcall tty_class_init+0x0/0x33 returned 0 after 0 usecs
[    3.668127] calling  vtconsole_class_init+0x0/0xb5 @ 1
[    3.669218] initcall vtconsole_class_init+0x0/0xb5 returned 0 after 0 usecs
[    3.670128] calling  iommu_dev_init+0x0/0x13 @ 1
[    3.671160] initcall iommu_dev_init+0x0/0x13 returned 0 after 0 usecs
[    3.672158] calling  mipi_dsi_bus_init+0x0/0xc @ 1
[    3.673171] initcall mipi_dsi_bus_init+0x0/0xc returned 0 after 0 usecs
[    3.674128] calling  devlink_class_init+0x0/0x40 @ 1
[    3.675148] initcall devlink_class_init+0x0/0x40 returned 0 after 0 usecs
[    3.676127] calling  software_node_init+0x0/0x2a @ 1
[    3.677132] initcall software_node_init+0x0/0x2a returned 0 after 0 usecs
[    3.678128] calling  wakeup_sources_debugfs_init+0x0/0x23 @ 1
[    3.679140] initcall wakeup_sources_debugfs_init+0x0/0x23 returned 0 after 0 usecs
[    3.680128] calling  wakeup_sources_sysfs_init+0x0/0x2c @ 1
[    3.681142] initcall wakeup_sources_sysfs_init+0x0/0x2c returned 0 after 0 usecs
[    3.682127] calling  register_node_type+0x0/0x13 @ 1
[    3.683175] initcall register_node_type+0x0/0x13 returned 0 after 0 usecs
[    3.684128] calling  regmap_initcall+0x0/0xc @ 1
[    3.685152] initcall regmap_initcall+0x0/0xc returned 0 after 0 usecs
[    3.686126] calling  i2c_init+0x0/0xb3 @ 1
[    3.687268] initcall i2c_init+0x0/0xb3 returned 0 after 0 usecs
[    3.689126] calling  thermal_init+0x0/0x116 @ 1
[    3.690132] thermal_sys: Registered thermal governor 'step_wise'
[    3.690134] thermal_sys: Registered thermal governor 'user_space'
[    3.691139] initcall thermal_init+0x0/0x116 returned 0 after 976 usecs
[    3.693127] calling  init_menu+0x0/0xc @ 1
[    3.696303] cpuidle: using governor menu
[    3.701135] initcall init_menu+0x0/0xc returned 0 after 6835 usecs
[    3.709133] calling  pcc_init+0x0/0x4d @ 1
[    3.714155] initcall pcc_init+0x0/0x4d returned -19 after 0 usecs
[    3.721131] calling  amd_postcore_init+0x0/0x11e @ 1
[    3.728131] initcall amd_postcore_init+0x0/0x11e returned 0 after 0 usecs
[    3.736457] calling  bts_init+0x0/0xba @ 1
[    3.742131] initcall bts_init+0x0/0xba returned -19 after 0 usecs
[    3.749128] calling  pt_init+0x0/0x34d @ 1
[    3.756186] initcall pt_init+0x0/0x34d returned -19 after 0 usecs
[    3.765134] calling  boot_params_ksysfs_init+0x0/0x2ee @ 1
[    3.772206] initcall boot_params_ksysfs_init+0x0/0x2ee returned 0 after 0 usecs
[    3.782133] calling  sbf_init+0x0/0xea @ 1
[    3.787131] initcall sbf_init+0x0/0xea returned 0 after 0 usecs
[    3.795133] calling  arch_kdebugfs_init+0x0/0x219 @ 1
[    3.801379] initcall arch_kdebugfs_init+0x0/0x219 returned 0 after 976 usecs
[    3.811133] calling  intel_pconfig_init+0x0/0x85 @ 1
[    3.817132] initcall intel_pconfig_init+0x0/0x85 returned 0 after 0 usecs
[    3.826132] calling  mtrr_if_init+0x0/0x5d @ 1
[    3.831144] initcall mtrr_if_init+0x0/0x5d returned 0 after 0 usecs
[    3.839130] calling  activate_jump_labels+0x0/0x31 @ 1
[    3.846130] initcall activate_jump_labels+0x0/0x31 returned 0 after 0 usecs
[    3.856142] calling  ffh_cstate_init+0x0/0x29 @ 1
[    3.864155] initcall ffh_cstate_init+0x0/0x29 returned 0 after 0 usecs
[    3.874130] calling  activate_jump_labels+0x0/0x31 @ 1
[    3.882976] initcall activate_jump_labels+0x0/0x31 returned 0 after 976 usecs
[    3.894151] calling  kvm_alloc_cpumask+0x0/0x74 @ 1
[    3.902194] initcall kvm_alloc_cpumask+0x0/0x74 returned 0 after 0 usecs
[    3.911148] calling  kcmp_cookies_init+0x0/0x37 @ 1
[    3.917133] initcall kcmp_cookies_init+0x0/0x37 returned 0 after 0 usecs
[    3.926127] calling  cryptomgr_init+0x0/0xc @ 1
[    3.931207] initcall cryptomgr_init+0x0/0xc returned 0 after 0 usecs
[    3.939128] calling  acpi_pci_init+0x0/0x57 @ 1
[    3.945148] ACPI: bus type PCI registered
[    3.950127] initcall acpi_pci_init+0x0/0x57 returned 0 after 4882 usecs
[    3.959128] calling  dma_channel_table_init+0x0/0xd1 @ 1
[    3.965138] initcall dma_channel_table_init+0x0/0xd1 returned 0 after 0 usecs
[    3.975131] calling  dma_bus_init+0x0/0xdc @ 1
[    3.982292] initcall dma_bus_init+0x0/0xdc returned 0 after 0 usecs
[    3.990163] calling  iommu_dma_init+0x0/0x10 @ 1
[    3.995144] initcall iommu_dma_init+0x0/0x10 returned 0 after 0 usecs
[    4.002129] calling  dmi_id_init+0x0/0x37c @ 1
[    4.007284] initcall dmi_id_init+0x0/0x37c returned 0 after 0 usecs
[    4.015129] calling  pci_arch_init+0x0/0x71 @ 1
[    4.021131] PCI: MMCONFIG for domain 0000 [bus 00-ff] at [mem 0xb0000000-0xbfffffff] (base 0xb0000000)
[    4.033130] PCI: MMCONFIG at [mem 0xb0000000-0xbfffffff] reserved in E820
[    4.041174] PCI: Using configuration type 1 for base access
[    4.048165] initcall pci_arch_init+0x0/0x71 returned 0 after 27343 usecs
[    4.056148] calling  init_vdso+0x0/0x13 @ 1
[    4.062159] initcall init_vdso+0x0/0x13 returned 0 after 0 usecs
[    4.069126] calling  sysenter_setup+0x0/0x13 @ 1
[    4.075172] initcall sysenter_setup+0x0/0x13 returned 0 after 0 usecs
[    4.083127] calling  fixup_ht_bug+0x0/0xe5 @ 1
[    4.089127] initcall fixup_ht_bug+0x0/0xe5 returned 0 after 0 usecs
[    4.097127] calling  topology_init+0x0/0x88 @ 1
[    4.103425] initcall topology_init+0x0/0x88 returned 0 after 0 usecs
[    4.111129] calling  intel_epb_init+0x0/0x68 @ 1
[    4.116127] initcall intel_epb_init+0x0/0x68 returned -19 after 0 usecs
[    4.125126] calling  mtrr_init_finialize+0x0/0x3e @ 1
[    4.131127] initcall mtrr_init_finialize+0x0/0x3e returned 0 after 0 usecs
[    4.140127] calling  uid_cache_init+0x0/0x85 @ 1
[    4.146160] initcall uid_cache_init+0x0/0x85 returned 0 after 0 usecs
[    4.154125] calling  param_sysfs_init+0x0/0x1ba @ 1
[    4.168656] initcall param_sysfs_init+0x0/0x1ba returned 0 after 8789 usecs
[    4.178155] calling  user_namespace_sysctl_init+0x0/0x33 @ 1
[    4.185137] initcall user_namespace_sysctl_init+0x0/0x33 returned 0 after 0 usecs
[    4.194126] calling  proc_schedstat_init+0x0/0x24 @ 1
[    4.200135] initcall proc_schedstat_init+0x0/0x24 returned 0 after 0 usecs
[    4.209126] calling  pm_sysrq_init+0x0/0x18 @ 1
[    4.217130] initcall pm_sysrq_init+0x0/0x18 returned 0 after 1953 usecs
[    4.225172] calling  create_proc_profile+0x0/0xd0 @ 1
[    4.232129] initcall create_proc_profile+0x0/0xd0 returned 0 after 0 usecs
[    4.241153] calling  time_ns_init+0x0/0x7 @ 1
[    4.246138] initcall time_ns_init+0x0/0x7 returned 0 after 0 usecs
[    4.253133] calling  crash_save_vmcoreinfo_init+0x0/0x722 @ 1
[    4.261199] initcall crash_save_vmcoreinfo_init+0x0/0x722 returned 0 after 0 usecs
[    4.270131] calling  crash_notes_memory_init+0x0/0x35 @ 1
[    4.276137] initcall crash_notes_memory_init+0x0/0x35 returned 0 after 0 usecs
[    4.285131] calling  cgroup_sysfs_init+0x0/0x13 @ 1
[    4.292355] initcall cgroup_sysfs_init+0x0/0x13 returned 0 after 0 usecs
[    4.300131] calling  cgroup_namespaces_init+0x0/0x7 @ 1
[    4.307130] initcall cgroup_namespaces_init+0x0/0x7 returned 0 after 0 usecs
[    4.316129] calling  init_optprobes+0x0/0x13 @ 1
[    4.322150] Kprobes globally optimized
[    4.327129] initcall init_optprobes+0x0/0x13 returned 0 after 4882 usecs
[    4.333129] calling  oom_init+0x0/0x2f @ 1
[    4.339464] initcall oom_init+0x0/0x2f returned 0 after 1953 usecs
[    4.346129] calling  default_bdi_init+0x0/0xb3 @ 1
[    4.354200] initcall default_bdi_init+0x0/0xb3 returned 0 after 976 usecs
[    4.362135] calling  percpu_enable_async+0x0/0xe @ 1
[    4.368133] initcall percpu_enable_async+0x0/0xe returned 0 after 0 usecs
[    4.376134] calling  kcompactd_init+0x0/0x8d @ 1
[    4.383425] initcall kcompactd_init+0x0/0x8d returned 0 after 976 usecs
[    4.391339] calling  init_user_reserve+0x0/0x40 @ 1
[    4.399147] initcall init_user_reserve+0x0/0x40 returned 0 after 0 usecs
[    4.407140] calling  init_admin_reserve+0x0/0x40 @ 1
[    4.414244] initcall init_admin_reserve+0x0/0x40 returned 0 after 0 usecs
[    4.423143] calling  init_reserve_notifier+0x0/0x7 @ 1
[    4.429141] initcall init_reserve_notifier+0x0/0x7 returned 0 after 0 usecs
[    4.439141] calling  swap_init_sysfs+0x0/0x62 @ 1
[    4.445154] initcall swap_init_sysfs+0x0/0x62 returned 0 after 0 usecs
[    4.454136] calling  swapfile_init+0x0/0x94 @ 1
[    4.459139] initcall swapfile_init+0x0/0x94 returned 0 after 0 usecs
[    4.469136] calling  hugetlb_init+0x0/0x499 @ 1
[    4.475150] HugeTLB registered 2.00 MiB page size, pre-allocated 0 pages
[    4.483203] initcall hugetlb_init+0x0/0x499 returned 0 after 7812 usecs
[    4.493136] calling  io_wq_init+0x0/0x34 @ 1
[    4.499137] initcall io_wq_init+0x0/0x34 returned 0 after 0 usecs
[    4.509143] calling  seqiv_module_init+0x0/0xc @ 1
[    4.514153] initcall seqiv_module_init+0x0/0xc returned 0 after 0 usecs
[    4.524130] calling  echainiv_module_init+0x0/0xc @ 1
[    4.530131] initcall echainiv_module_init+0x0/0xc returned 0 after 0 usecs
[    4.539342] calling  rsa_init+0x0/0x50 @ 1
[    4.547500] initcall rsa_init+0x0/0x50 returned 0 after 2929 usecs
[    4.548303] cryptomgr_test (61) used greatest stack depth: 15400 bytes left
[    4.556129] calling  crypto_cmac_module_init+0x0/0xc @ 1
[    4.556133] initcall crypto_cmac_module_init+0x0/0xc returned 0 after 0 usecs
[    4.556135] calling  hmac_module_init+0x0/0xc @ 1
[    4.556170] initcall hmac_module_init+0x0/0xc returned 0 after 0 usecs
[    4.556196] calling  crypto_null_mod_init+0x0/0x65 @ 1
[    4.561162] initcall crypto_null_mod_init+0x0/0x65 returned 0 after 4882 usecs
[    4.565481] cryptomgr_test (65) used greatest stack depth: 15344 bytes left
[    4.570130] calling  md5_mod_init+0x0/0xc @ 1
[    4.574131] initcall md5_mod_init+0x0/0xc returned 0 after 3906 usecs
[    4.580426] cryptomgr_test (63) used greatest stack depth: 15256 bytes left
[    4.648137] calling  sha256_generic_mod_init+0x0/0x11 @ 1
[    4.657136] initcall sha256_generic_mod_init+0x0/0x11 returned 0 after 2929 usecs
[    4.668136] calling  crypto_cbc_module_init+0x0/0xc @ 1
[    4.676138] initcall crypto_cbc_module_init+0x0/0xc returned 0 after 0 usecs
[    4.686132] calling  crypto_ctr_module_init+0x0/0x11 @ 1
[    4.692131] initcall crypto_ctr_module_init+0x0/0x11 returned 0 after 0 usecs
[    4.701128] calling  crypto_gcm_module_init+0x0/0x64 @ 1
[    4.707204] initcall crypto_gcm_module_init+0x0/0x64 returned 0 after 0 usecs
[    4.715128] calling  crypto_ccm_module_init+0x0/0x11 @ 1
[    4.722131] initcall crypto_ccm_module_init+0x0/0x11 returned 0 after 0 usecs
[    4.730142] calling  aes_init+0x0/0xc @ 1
[    4.737128] initcall aes_init+0x0/0xc returned 0 after 1953 usecs
[    4.744129] calling  crc32c_mod_init+0x0/0xc @ 1
[    4.751428] initcall crc32c_mod_init+0x0/0xc returned 0 after 1953 usecs
[    4.760154] calling  crypto_authenc_module_init+0x0/0xc @ 1
[    4.767309] initcall crypto_authenc_module_init+0x0/0xc returned 0 after 0 usecs
[    4.776129] calling  crypto_authenc_esn_module_init+0x0/0xc @ 1
[    4.783128] initcall crypto_authenc_esn_module_init+0x0/0xc returned 0 after 0 usecs
[    4.792128] calling  drbg_init+0x0/0x7c @ 1
[    4.806601] initcall drbg_init+0x0/0x7c returned 0 after 8789 usecs
[    4.814130] calling  ghash_mod_init+0x0/0xc @ 1
[    4.820514] initcall ghash_mod_init+0x0/0xc returned 0 after 1953 usecs
[    4.828128] calling  init_bio+0x0/0x9a @ 1
[    4.833479] initcall init_bio+0x0/0x9a returned 0 after 976 usecs
[    4.841128] calling  blk_settings_init+0x0/0x29 @ 1
[    4.847126] initcall blk_settings_init+0x0/0x29 returned 0 after 0 usecs
[    4.855126] calling  blk_ioc_init+0x0/0x29 @ 1
[    4.860132] initcall blk_ioc_init+0x0/0x29 returned 0 after 0 usecs
[    4.867126] calling  blk_mq_init+0x0/0xb9 @ 1
[    4.873129] initcall blk_mq_init+0x0/0xb9 returned 0 after 0 usecs
[    4.880128] calling  genhd_device_init+0x0/0x75 @ 1
[    4.888158] initcall genhd_device_init+0x0/0x75 returned 0 after 1953 usecs
[    4.897252] calling  pci_slot_init+0x0/0x40 @ 1
[    4.903142] initcall pci_slot_init+0x0/0x40 returned 0 after 0 usecs
[    4.910137] calling  fbmem_init+0x0/0xd8 @ 1
[    4.920559] initcall fbmem_init+0x0/0xd8 returned 0 after 3906 usecs
[    4.928131] calling  acpi_init+0x0/0x319 @ 1
[    4.933191] ACPI: Added _OSI(Module Device)
[    4.939148] ACPI: Added _OSI(Processor Device)
[    4.944127] ACPI: Added _OSI(3.0 _SCP Extensions)
[    4.950145] ACPI: Added _OSI(Processor Aggregator Device)
[    4.957131] ACPI: Added _OSI(Linux-Dell-Video)
[    4.962127] ACPI: Added _OSI(Linux-Lenovo-NV-HDMI-Audio)
[    4.969128] ACPI: Added _OSI(Linux-HPI-Hybrid-Graphics)
[    4.980598] ACPI: 1 ACPI AML tables successfully acquired and loaded
[    4.996289] ACPI: Interpreter enabled
[    5.002203] ACPI: (supports S0 S3 S4 S5)
[    5.008128] ACPI: Using IOAPIC for interrupt routing
[    5.016204] PCI: Using host bridge windows from ACPI; if necessary, use "pci=nocrs" and report a bug
[    5.030703] ACPI: Enabled 2 GPEs in block 00 to 3F
[    5.047786] ACPI: PCI Root Bridge [PCI0] (domain 0000 [bus 00-ff])
[    5.057145] acpi PNP0A08:00: _OSC: OS supports [ExtendedConfig ASPM ClockPM Segments MSI HPX-Type3]
[    5.071353] acpi PNP0A08:00: _OSC: platform does not support [LTR]
[    5.080305] acpi PNP0A08:00: _OSC: OS now controls [PME PCIeCapability]
[    5.087365] PCI host bridge to bus 0000:00
[    5.094181] pci_bus 0000:00: root bus resource [io  0x0000-0x0cf7 window]
[    5.104129] pci_bus 0000:00: root bus resource [io  0x0d00-0xffff window]
[    5.114130] pci_bus 0000:00: root bus resource [mem 0x000a0000-0x000bffff window]
[    5.125133] pci_bus 0000:00: root bus resource [mem 0x20000000-0xafffffff window]
[    5.134129] pci_bus 0000:00: root bus resource [mem 0xc0000000-0xfebfffff window]
[    5.143130] pci_bus 0000:00: root bus resource [mem 0x100000000-0x8ffffffff window]
[    5.151134] pci_bus 0000:00: root bus resource [bus 00-ff]
[    5.159810] pci 0000:00:00.0: calling  quirk_mmio_always_on+0x0/0x10 @ 1
[    5.168170] pci 0000:00:00.0: quirk_mmio_always_on+0x0/0x10 took 0 usecs
[    5.177291] pci 0000:00:00.0: [8086:29c0] type 00 class 0x060000
[    5.185141] pci 0000:00:00.0: calling  quirk_igfx_skip_te_disable+0x0/0x80 @ 1
[    5.197138] pci 0000:00:00.0: quirk_igfx_skip_te_disable+0x0/0x80 took 0 usecs
[    5.208716] pci 0000:00:01.0: [1234:1111] type 00 class 0x030000
[    5.226120] pci 0000:00:01.0: reg 0x10: [mem 0xfd000000-0xfdffffff pref]
[    5.263120] pci 0000:00:01.0: reg 0x18: [mem 0xfebf0000-0xfebf0fff]
[    5.315120] pci 0000:00:01.0: reg 0x30: [mem 0xfebe0000-0xfebeffff pref]
[    5.342120] pci 0000:00:01.0: calling  efifb_fixup_resources+0x0/0xf0 @ 1
[    5.353424] pci 0000:00:01.0: efifb_fixup_resources+0x0/0xf0 took 0 usecs
[    5.394910] pci 0000:00:1f.0: [8086:2918] type 00 class 0x060100
[    5.407653] pci 0000:00:1f.0: calling  quirk_ich7_lpc+0x0/0x60 @ 1
[    5.416172] pci 0000:00:1f.0: quirk: [io  0x0600-0x067f] claimed by ICH6 ACPI/GPIO/TCO
[    5.426604] pci 0000:00:1f.0: quirk_ich7_lpc+0x0/0x60 took 10742 usecs
[    5.435182] pci 0000:00:1f.0: calling  quirk_igfx_skip_te_disable+0x0/0x80 @ 1
[    5.444183] pci 0000:00:1f.0: quirk_igfx_skip_te_disable+0x0/0x80 took 0 usecs
[    5.455507] pci 0000:00:1f.2: [8086:2922] type 00 class 0x010601
[    5.473128] pci 0000:00:1f.2: reg 0x20: [io  0xc040-0xc05f]
[    5.483129] pci 0000:00:1f.2: reg 0x24: [mem 0xfebf1000-0xfebf1fff]
[    5.492236] pci 0000:00:1f.2: calling  quirk_igfx_skip_te_disable+0x0/0x80 @ 1
[    5.502132] pci 0000:00:1f.2: quirk_igfx_skip_te_disable+0x0/0x80 took 0 usecs
[    5.514214] pci 0000:00:1f.3: [8086:2930] type 00 class 0x0c0500
[    5.528528] pci 0000:00:1f.3: reg 0x20: [io  0x0700-0x073f]
[    5.537885] pci 0000:00:1f.3: calling  quirk_igfx_skip_te_disable+0x0/0x80 @ 1
[    5.547159] pci 0000:00:1f.3: quirk_igfx_skip_te_disable+0x0/0x80 took 0 usecs
[    5.565368] ACPI: PCI Interrupt Link [LNKA] (IRQs 5 *10 11)
[    5.573290] ACPI: PCI Interrupt Link [LNKB] (IRQs 5 *10 11)
[    5.581138] ACPI: PCI Interrupt Link [LNKC] (IRQs 5 10 *11)
[    5.589157] ACPI: PCI Interrupt Link [LNKD] (IRQs 5 10 *11)
[    5.597593] ACPI: PCI Interrupt Link [LNKE] (IRQs 5 *10 11)
[    5.605669] ACPI: PCI Interrupt Link [LNKF] (IRQs 5 *10 11)
[    5.612611] ACPI: PCI Interrupt Link [LNKG] (IRQs 5 10 *11)
[    5.621478] ACPI: PCI Interrupt Link [LNKH] (IRQs 5 10 *11)
[    5.629160] ACPI: PCI Interrupt Link [GSIA] (IRQs *16)
[    5.636148] ACPI: PCI Interrupt Link [GSIB] (IRQs *17)
[    5.642274] ACPI: PCI Interrupt Link [GSIC] (IRQs *18)
[    5.652159] ACPI: PCI Interrupt Link [GSID] (IRQs *19)
[    5.660227] ACPI: PCI Interrupt Link [GSIE] (IRQs *20)
[    5.668181] ACPI: PCI Interrupt Link [GSIF] (IRQs *21)
[    5.676284] ACPI: PCI Interrupt Link [GSIG] (IRQs *22)
[    5.683227] ACPI: PCI Interrupt Link [GSIH] (IRQs *23)
[    5.701120] initcall acpi_init+0x0/0x319 returned 0 after 750976 usecs
[    5.711127] calling  pnp_init+0x0/0xc @ 1
[    5.716165] initcall pnp_init+0x0/0xc returned 0 after 976 usecs
[    5.724304] calling  misc_init+0x0/0xbf @ 1
[    5.730812] initcall misc_init+0x0/0xbf returned 0 after 976 usecs
[    5.739130] calling  iommu_subsys_init+0x0/0x4e @ 1
[    5.745234] iommu: Default domain type: Translated 
[    5.752128] initcall iommu_subsys_init+0x0/0x4e returned 0 after 7812 usecs
[    5.761130] calling  vga_arb_device_init+0x0/0x261 @ 1
[    5.771273] pci 0000:00:01.0: vgaarb: setting as boot VGA device
[    5.772120] pci 0000:00:01.0: vgaarb: VGA device added: decodes=io+mem,owns=io+mem,locks=none
[    5.791131] pci 0000:00:01.0: vgaarb: bridge control possible
[    5.798126] vgaarb: loaded
[    5.800131] initcall vga_arb_device_init+0x0/0x261 returned 0 after 31250 usecs
[    5.810761] calling  cn_init+0x0/0xf0 @ 1
[    5.820731] initcall cn_init+0x0/0xf0 returned 0 after 4882 usecs
[    5.829130] calling  dma_buf_init+0x0/0xad @ 1
[    5.835638] initcall dma_buf_init+0x0/0xad returned 0 after 1953 usecs
[    5.844129] calling  dma_resv_lockdep+0x0/0x276 @ 1
[    5.857298] initcall dma_resv_lockdep+0x0/0x276 returned 0 after 8789 usecs
[    5.867129] calling  init_scsi+0x0/0x79 @ 1
[    5.875361] SCSI subsystem initialized
[    5.882130] initcall init_scsi+0x0/0x79 returned 0 after 9765 usecs
[    5.889130] calling  ata_init+0x0/0x332 @ 1
[    5.908312] libata version 3.00 loaded.
[    5.915135] initcall ata_init+0x0/0x332 returned 0 after 19531 usecs
[    5.921130] calling  phy_init+0x0/0x250 @ 1
[    5.921135] initcall phy_init+0x0/0x250 returned 0 after 0 usecs
[    5.929130] calling  init_pcmcia_cs+0x0/0x35 @ 1
[    5.932654] initcall init_pcmcia_cs+0x0/0x35 returned 0 after 0 usecs
[    5.938130] calling  usb_common_init+0x0/0x1c @ 1
[    5.942137] initcall usb_common_init+0x0/0x1c returned 0 after 0 usecs
[    5.951128] calling  usb_init+0x0/0x12e @ 1
[    5.956230] ACPI: bus type USB registered
[    5.964687] usbcore: registered new interface driver usbfs
[    5.972316] usbcore: registered new interface driver hub
[    5.979309] usbcore: registered new device driver usb
[    5.986131] initcall usb_init+0x0/0x12e returned 0 after 29296 usecs
[    5.995166] calling  serio_init+0x0/0x29 @ 1
[    6.000204] initcall serio_init+0x0/0x29 returned 0 after 0 usecs
[    6.008133] calling  input_init+0x0/0xf6 @ 1
[    6.013180] initcall input_init+0x0/0xf6 returned 0 after 0 usecs
[    6.021127] calling  rtc_init+0x0/0x4d @ 1
[    6.027166] initcall rtc_init+0x0/0x4d returned 0 after 0 usecs
[    6.036130] calling  pps_init+0x0/0xa9 @ 1
[    6.042218] pps_core: LinuxPPS API ver. 1 registered
[    6.051128] pps_core: Software ver. 5.3.6 - Copyright 2005-2007 Rodolfo Giometti <giometti@linux.it>
[    6.063130] initcall pps_init+0x0/0xa9 returned 0 after 20507 usecs
[    6.071128] calling  ptp_init+0x0/0x98 @ 1
[    6.076141] PTP clock support registered
[    6.081127] initcall ptp_init+0x0/0x98 returned 0 after 4882 usecs
[    6.089127] calling  power_supply_class_init+0x0/0x3f @ 1
[    6.095364] initcall power_supply_class_init+0x0/0x3f returned 0 after 976 usecs
[    6.105129] calling  hwmon_init+0x0/0x104 @ 1
[    6.111145] initcall hwmon_init+0x0/0x104 returned 0 after 0 usecs
[    6.119128] calling  md_init+0x0/0x16b @ 1
[    6.125612] initcall md_init+0x0/0x16b returned 0 after 1953 usecs
[    6.134128] calling  leds_init+0x0/0x3b @ 1
[    6.139161] initcall leds_init+0x0/0x3b returned 0 after 0 usecs
[    6.147134] calling  dmi_init+0x0/0x113 @ 1
[    6.152238] initcall dmi_init+0x0/0x113 returned 0 after 0 usecs
[    6.161133] calling  efisubsys_init+0x0/0x4e7 @ 1
[    6.167156] initcall efisubsys_init+0x0/0x4e7 returned 0 after 0 usecs
[    6.175128] calling  nvmem_init+0x0/0xc @ 1
[    6.180240] initcall nvmem_init+0x0/0xc returned 0 after 0 usecs
[    6.188129] calling  init_soundcore+0x0/0x33 @ 1
[    6.194160] initcall init_soundcore+0x0/0x33 returned 0 after 0 usecs
[    6.202129] calling  alsa_sound_init+0x0/0x8f @ 1
[    6.208288] Advanced Linux Sound Architecture Driver Initialized.
[    6.216129] initcall alsa_sound_init+0x0/0x8f returned 0 after 7812 usecs
[    6.225145] calling  alsa_seq_device_init+0x0/0x71 @ 1
[    6.232187] initcall alsa_seq_device_init+0x0/0x71 returned 0 after 0 usecs
[    6.241129] calling  hda_bus_init+0x0/0xc @ 1
[    6.246189] initcall hda_bus_init+0x0/0xc returned 0 after 0 usecs
[    6.254129] calling  proto_init+0x0/0xc @ 1
[    6.260203] initcall proto_init+0x0/0xc returned 0 after 0 usecs
[    6.267164] calling  net_dev_init+0x0/0x27f @ 1
[    6.274656] initcall net_dev_init+0x0/0x27f returned 0 after 1953 usecs
[    6.283130] calling  neigh_init+0x0/0x84 @ 1
[    6.289135] initcall neigh_init+0x0/0x84 returned 0 after 0 usecs
[    6.297131] calling  fib_notifier_init+0x0/0xc @ 1
[    6.302251] initcall fib_notifier_init+0x0/0xc returned 0 after 0 usecs
[    6.311128] calling  fib_rules_init+0x0/0xab @ 1
[    6.316175] initcall fib_rules_init+0x0/0xab returned 0 after 976 usecs
[    6.325127] calling  pktsched_init+0x0/0x10e @ 1
[    6.331187] initcall pktsched_init+0x0/0x10e returned 0 after 0 usecs
[    6.339128] calling  tc_filter_init+0x0/0xfa @ 1
[    6.344167] initcall tc_filter_init+0x0/0xfa returned 0 after 0 usecs
[    6.352128] calling  tc_action_init+0x0/0x54 @ 1
[    6.358129] initcall tc_action_init+0x0/0x54 returned 0 after 0 usecs
[    6.366128] calling  ethnl_init+0x0/0x52 @ 1
[    6.372249] initcall ethnl_init+0x0/0x52 returned 0 after 0 usecs
[    6.380128] calling  nexthop_init+0x0/0xd8 @ 1
[    6.385350] initcall nexthop_init+0x0/0xd8 returned 0 after 976 usecs
[    6.394127] calling  cipso_v4_init+0x0/0x8d @ 1
[    6.399401] initcall cipso_v4_init+0x0/0x8d returned 0 after 0 usecs
[    6.408129] calling  ieee80211_init+0x0/0x24 @ 1
[    6.413351] initcall ieee80211_init+0x0/0x24 returned 0 after 976 usecs
[    6.422138] calling  netlbl_init+0x0/0x78 @ 1
[    6.427141] NetLabel: Initializing
[    6.432127] NetLabel:  domain hash size = 128
[    6.437125] NetLabel:  protocols = UNLABELED CIPSOv4 CALIPSO
[    6.444282] NetLabel:  unlabeled traffic allowed by default
[    6.451128] initcall netlbl_init+0x0/0x78 returned 0 after 23437 usecs
[    6.459130] calling  rfkill_init+0x0/0x136 @ 1
[    6.466249] initcall rfkill_init+0x0/0x136 returned 0 after 976 usecs
[    6.474131] calling  pci_subsys_init+0x0/0x66 @ 1
[    6.480173] PCI: Using ACPI for IRQ routing
[    7.228120] PCI: pci_cache_line_size set to 64 bytes
[    7.236777] e820: reserve RAM buffer [mem 0x0009fc00-0x0009ffff]
[    7.244401] e820: reserve RAM buffer [mem 0x1ffdf000-0x1fffffff]
[    7.252559] initcall pci_subsys_init+0x0/0x66 returned 0 after 753906 usecs
[    7.261882] calling  nmi_warning_debugfs+0x0/0x26 @ 1
[    7.269294] initcall nmi_warning_debugfs+0x0/0x26 returned 0 after 1953 usecs
[    7.278146] calling  save_microcode_in_initrd+0x0/0x51 @ 1
[    7.284167] initcall save_microcode_in_initrd+0x0/0x51 returned 0 after 0 usecs
[    7.294138] calling  hpet_late_init+0x0/0x207 @ 1
[    7.300019] hpet: 3 channels of 0 reserved for per-cpu timers
[    7.307501] hpet0: at MMIO 0xfed00000, IRQs 2, 8, 0
[    7.313126] hpet0: 3 comparators, 64-bit 100.000000 MHz counter
[    7.326131] initcall hpet_late_init+0x0/0x207 returned 0 after 26367 usecs
[    7.335130] calling  init_amd_nbs+0x0/0x11c @ 1
[    7.340401] initcall init_amd_nbs+0x0/0x11c returned 0 after 0 usecs
[    7.348145] calling  clocksource_done_booting+0x0/0x43 @ 1
[    7.357076] clocksource: Switched to clocksource kvm-clock
[    7.364507] initcall clocksource_done_booting+0x0/0x43 returned 0 after 10138 usecs
[    7.373454] calling  tracer_init_tracefs+0x0/0x248 @ 1
[    7.652384] initcall tracer_init_tracefs+0x0/0x248 returned 0 after 266522 usecs
[    7.660881] calling  init_trace_printk_function_export+0x0/0x2c @ 1
[    7.668043] initcall init_trace_printk_function_export+0x0/0x2c returned 0 after 17 usecs
[    7.677311] calling  init_kprobe_trace+0x0/0x1ab @ 1
[    7.683093] initcall init_kprobe_trace+0x0/0x1ab returned 0 after 58 usecs
[    7.690859] calling  init_dynamic_event+0x0/0x3d @ 1
[    7.696730] initcall init_dynamic_event+0x0/0x3d returned 0 after 10 usecs
[    7.704664] calling  init_uprobe_trace+0x0/0x5c @ 1
[    7.710565] initcall init_uprobe_trace+0x0/0x5c returned 0 after 145 usecs
[    7.718611] calling  init_pipe_fs+0x0/0x44 @ 1
[    7.724077] initcall init_pipe_fs+0x0/0x44 returned 0 after 218 usecs
[    7.731603] calling  inotify_user_setup+0x0/0x47 @ 1
[    7.737774] initcall inotify_user_setup+0x0/0x47 returned 0 after 183 usecs
[    7.745873] calling  eventpoll_init+0x0/0xeb @ 1
[    7.751419] initcall eventpoll_init+0x0/0xeb returned 0 after 101 usecs
[    7.759276] calling  anon_inode_init+0x0/0x58 @ 1
[    7.764915] initcall anon_inode_init+0x0/0x58 returned 0 after 127 usecs
[    7.772766] calling  proc_locks_init+0x0/0x27 @ 1
[    7.778466] initcall proc_locks_init+0x0/0x27 returned 0 after 123 usecs
[    7.786191] calling  iomap_init+0x0/0x1b @ 1
[    7.792073] initcall iomap_init+0x0/0x1b returned 0 after 860 usecs
[    7.799328] calling  dquot_init+0x0/0x106 @ 1
[    7.804447] VFS: Disk quotas dquot_6.6.0
[    7.809541] VFS: Dquot-cache hash table entries: 512 (order 0, 4096 bytes)
[    7.817608] initcall dquot_init+0x0/0x106 returned 0 after 12860 usecs
[    7.825079] calling  quota_init+0x0/0x23 @ 1
[    7.832789] initcall quota_init+0x0/0x23 returned 0 after 2616 usecs
[    7.839994] calling  proc_cmdline_init+0x0/0x21 @ 1
[    7.845644] initcall proc_cmdline_init+0x0/0x21 returned 0 after 33 usecs
[    7.853887] calling  proc_consoles_init+0x0/0x24 @ 1
[    7.859732] initcall proc_consoles_init+0x0/0x24 returned 0 after 7 usecs
[    7.867568] calling  proc_cpuinfo_init+0x0/0x1e @ 1
[    7.873374] initcall proc_cpuinfo_init+0x0/0x1e returned 0 after 8 usecs
[    7.881135] calling  proc_devices_init+0x0/0x24 @ 1
[    7.888290] initcall proc_devices_init+0x0/0x24 returned 0 after 8 usecs
[    7.896074] calling  proc_interrupts_init+0x0/0x24 @ 1
[    7.902052] initcall proc_interrupts_init+0x0/0x24 returned 0 after 6 usecs
[    7.909957] calling  proc_loadavg_init+0x0/0x21 @ 1
[    7.915802] initcall proc_loadavg_init+0x0/0x21 returned 0 after 5 usecs
[    7.923604] calling  proc_meminfo_init+0x0/0x21 @ 1
[    7.929357] initcall proc_meminfo_init+0x0/0x21 returned 0 after 58 usecs
[    7.937230] calling  proc_stat_init+0x0/0x1e @ 1
[    7.942634] initcall proc_stat_init+0x0/0x1e returned 0 after 5 usecs
[    7.950338] calling  proc_uptime_init+0x0/0x21 @ 1
[    7.955952] initcall proc_uptime_init+0x0/0x21 returned 0 after 5 usecs
[    7.963567] calling  proc_version_init+0x0/0x21 @ 1
[    7.969300] initcall proc_version_init+0x0/0x21 returned 0 after 4 usecs
[    7.977072] calling  proc_softirqs_init+0x0/0x21 @ 1
[    7.990227] initcall proc_softirqs_init+0x0/0x21 returned 0 after 1187 usecs
[    7.998736] calling  proc_kcore_init+0x0/0xea @ 1
[    8.007992] initcall proc_kcore_init+0x0/0xea returned 0 after 3636 usecs
[    8.015847] calling  vmcore_init+0x0/0x57b @ 1
[    8.022417] initcall vmcore_init+0x0/0x57b returned 0 after 33 usecs
[    8.031734] calling  proc_kmsg_init+0x0/0x21 @ 1
[    8.038580] initcall proc_kmsg_init+0x0/0x21 returned 0 after 10 usecs
[    8.048267] calling  proc_page_init+0x0/0x3b @ 1
[    8.053738] initcall proc_page_init+0x0/0x3b returned 0 after 22 usecs
[    8.061338] calling  init_ramfs_fs+0x0/0xc @ 1
[    8.066797] initcall init_ramfs_fs+0x0/0xc returned 0 after 349 usecs
[    8.074178] calling  init_hugetlbfs_fs+0x0/0xf6 @ 1
[    8.081495] initcall init_hugetlbfs_fs+0x0/0xf6 returned 0 after 1604 usecs
[    8.089518] calling  blk_scsi_ioctl_init+0x0/0x2a5 @ 1
[    8.095604] initcall blk_scsi_ioctl_init+0x0/0x2a5 returned 0 after 79 usecs
[    8.103832] calling  acpi_event_init+0x0/0x2c @ 1
[    8.109966] initcall acpi_event_init+0x0/0x2c returned 0 after 587 usecs
[    8.117852] calling  pnp_system_init+0x0/0xc @ 1
[    8.124316] initcall pnp_system_init+0x0/0xc returned 0 after 1068 usecs
[    8.131885] calling  pnpacpi_init+0x0/0x69 @ 1
[    8.137302] pnp: PnP ACPI init
[    8.142914] pnp 00:00: Plug and Play ACPI device, IDs PNP0303 (active)
[    8.150859] pnp 00:01: Plug and Play ACPI device, IDs PNP0f13 (active)
[    8.158574] pnp 00:02: Plug and Play ACPI device, IDs PNP0400 (active)
[    8.166337] pnp 00:03: Plug and Play ACPI device, IDs PNP0501 (active)
[    8.173918] pnp 00:04: Plug and Play ACPI device, IDs PNP0b00 (active)
[    8.183030] system 00:05: [mem 0xb0000000-0xbfffffff window] has been reserved
[    8.192049] system 00:05: Plug and Play ACPI device, IDs PNP0c01 (active)
[    8.202016] pnp: PnP ACPI: found 6 devices
[    8.206942] initcall pnpacpi_init+0x0/0x69 returned 0 after 68171 usecs
[    8.215705] calling  chr_dev_init+0x0/0x14d @ 1
[    8.317539] initcall chr_dev_init+0x0/0x14d returned 0 after 93629 usecs
[    8.325624] calling  firmware_class_init+0x0/0x14a @ 1
[    8.332023] initcall firmware_class_init+0x0/0x14a returned 0 after 218 usecs
[    8.340601] calling  init_pcmcia_bus+0x0/0x5b @ 1
[    8.346505] initcall init_pcmcia_bus+0x0/0x5b returned 0 after 222 usecs
[    8.354674] calling  init_acpi_pm_clocksource+0x0/0xda @ 1
[    8.366738] clocksource: acpi_pm: mask: 0xffffff max_cycles: 0xffffff, max_idle_ns: 2085701024 ns
[    8.377307] initcall init_acpi_pm_clocksource+0x0/0xda returned 0 after 15679 usecs
[    8.386253] calling  sysctl_core_init+0x0/0x26 @ 1
[    8.392657] initcall sysctl_core_init+0x0/0x26 returned 0 after 368 usecs
[    8.400678] calling  eth_offload_init+0x0/0x13 @ 1
[    8.406532] initcall eth_offload_init+0x0/0x13 returned 0 after 37 usecs
[    8.414512] calling  ipv4_offload_init+0x0/0x73 @ 1
[    8.420580] initcall ipv4_offload_init+0x0/0x73 returned 0 after 171 usecs
[    8.429058] calling  inet_init+0x0/0x276 @ 1
[    8.434392] NET: Registered protocol family 2
[    8.440587] IP idents hash table entries: 8192 (order: 4, 65536 bytes, linear)
[    8.458317] tcp_listen_portaddr_hash hash table entries: 256 (order: 2, 20480 bytes, linear)
[    8.469816] TCP established hash table entries: 4096 (order: 3, 32768 bytes, linear)
[    8.480539] TCP bind hash table entries: 4096 (order: 6, 294912 bytes, linear)
[    8.495606] TCP: Hash tables configured (established 4096 bind 4096)
[    8.504349] UDP hash table entries: 256 (order: 3, 40960 bytes, linear)
[    8.512808] UDP-Lite hash table entries: 256 (order: 3, 40960 bytes, linear)
[    8.522415] initcall inet_init+0x0/0x276 returned 0 after 86105 usecs
[    8.530418] calling  af_unix_init+0x0/0x4d @ 1
[    8.536026] NET: Registered protocol family 1
[    8.541852] initcall af_unix_init+0x0/0x4d returned 0 after 5726 usecs
[    8.553019] calling  ipv6_offload_init+0x0/0x7e @ 1
[    8.559255] initcall ipv6_offload_init+0x0/0x7e returned 0 after 145 usecs
[    8.567483] calling  init_sunrpc+0x0/0x65 @ 1
[    8.580840] RPC: Registered named UNIX socket transport module.
[    8.588292] RPC: Registered udp transport module.
[    8.594098] RPC: Registered tcp transport module.
[    8.599858] RPC: Registered tcp NFSv4.1 backchannel transport module.
[    8.607662] initcall init_sunrpc+0x0/0x65 returned 0 after 33571 usecs
[    8.615804] calling  cfg80211_init+0x0/0xc5 @ 1
[    8.626294] initcall cfg80211_init+0x0/0xc5 returned 0 after 4554 usecs
[    8.634288] calling  pcibios_assign_resources+0x0/0xbf @ 1
[    8.640956] pci_bus 0000:00: resource 4 [io  0x0000-0x0cf7 window]
[    8.648468] pci_bus 0000:00: resource 5 [io  0x0d00-0xffff window]
[    8.655762] pci_bus 0000:00: resource 6 [mem 0x000a0000-0x000bffff window]
[    8.664221] pci_bus 0000:00: resource 7 [mem 0x20000000-0xafffffff window]
[    8.673332] pci_bus 0000:00: resource 8 [mem 0xc0000000-0xfebfffff window]
[    8.683731] pci_bus 0000:00: resource 9 [mem 0x100000000-0x8ffffffff window]
[    8.691976] initcall pcibios_assign_resources+0x0/0xbf returned 0 after 50005 usecs
[    8.701251] calling  pci_apply_final_quirks+0x0/0x124 @ 1
[    8.709394] pci 0000:00:01.0: calling  pci_fixup_video+0x0/0xe0 @ 1
[    8.717980] pci 0000:00:01.0: Video device with shadowed ROM at [mem 0x000c0000-0x000dffff]
[    8.728023] pci 0000:00:01.0: pci_fixup_video+0x0/0xe0 took 10294 usecs
[    8.736506] PCI: CLS 0 bytes, default 64
[    8.741293] initcall pci_apply_final_quirks+0x0/0x124 returned 0 after 31851 usecs
[    8.750308] calling  acpi_reserve_resources+0x0/0xea @ 1
[    8.756697] initcall acpi_reserve_resources+0x0/0xea returned 0 after 56 usecs
[    8.765249] calling  populate_rootfs+0x0/0x102 @ 1
[    8.773486] initcall populate_rootfs+0x0/0x102 returned 0 after 2258 usecs
[    8.783773] calling  pci_iommu_init+0x0/0x3e @ 1
[    8.791062] initcall pci_iommu_init+0x0/0x3e returned 0 after 142 usecs
[    8.802767] calling  ia32_binfmt_init+0x0/0x13 @ 1
[    8.808591] initcall ia32_binfmt_init+0x0/0x13 returned 0 after 24 usecs
[    8.816521] calling  rapl_pmu_init+0x0/0x267 @ 1
[    8.822316] initcall rapl_pmu_init+0x0/0x267 returned -19 after 80 usecs
[    8.830438] calling  amd_uncore_init+0x0/0x310 @ 1
[    8.836301] initcall amd_uncore_init+0x0/0x310 returned -19 after 0 usecs
[    8.844458] calling  amd_ibs_init+0x0/0x27b @ 1
[    8.850415] initcall amd_ibs_init+0x0/0x27b returned -19 after 0 usecs
[    8.858542] calling  amd_iommu_pc_init+0x0/0x22c @ 1
[    8.864739] initcall amd_iommu_pc_init+0x0/0x22c returned -19 after 43 usecs
[    8.873240] calling  msr_init+0x0/0x55 @ 1
[    8.878424] initcall msr_init+0x0/0x55 returned 0 after 160 usecs
[    8.885744] calling  intel_uncore_init+0x0/0x36f @ 1
[    8.891874] initcall intel_uncore_init+0x0/0x36f returned -19 after 35 usecs
[    8.900507] calling  cstate_pmu_init+0x0/0x1a1 @ 1
[    8.906256] initcall cstate_pmu_init+0x0/0x1a1 returned -19 after 0 usecs
[    8.914408] calling  register_kernel_offset_dumper+0x0/0x1a @ 1
[    8.921507] initcall register_kernel_offset_dumper+0x0/0x1a returned 0 after 29 usecs
[    8.930791] calling  i8259A_init_ops+0x0/0x20 @ 1
[    8.936694] initcall i8259A_init_ops+0x0/0x20 returned 0 after 2 usecs
[    8.944423] calling  init_tsc_clocksource+0x0/0xa4 @ 1
[    8.950680] clocksource: tsc: mask: 0xffffffffffffffff max_cycles: 0x39a85afc727, max_idle_ns: 881590685098 ns
[    8.962715] initcall init_tsc_clocksource+0x0/0xa4 returned 0 after 11752 usecs
[    8.971643] calling  add_rtc_cmos+0x0/0xb0 @ 1
[    8.977042] initcall add_rtc_cmos+0x0/0xb0 returned 0 after 26 usecs
[    8.984642] calling  i8237A_init_ops+0x0/0x3a @ 1
[    8.990428] initcall i8237A_init_ops+0x0/0x3a returned 0 after 142 usecs
[    8.998458] calling  umwait_init+0x0/0x94 @ 1
[    9.003719] initcall umwait_init+0x0/0x94 returned -19 after 13 usecs
[    9.011399] calling  thermal_throttle_init_device+0x0/0x3d @ 1
[    9.018611] initcall thermal_throttle_init_device+0x0/0x3d returned 0 after 30 usecs
[    9.027807] calling  msr_init+0x0/0xd7 @ 1
[    9.050850] initcall msr_init+0x0/0xd7 returned 0 after 16340 usecs
[    9.060591] calling  cpuid_init+0x0/0xd7 @ 1
[    9.083272] initcall cpuid_init+0x0/0xd7 returned 0 after 15604 usecs
[    9.091072] calling  ioapic_init_ops+0x0/0x13 @ 1
[    9.096911] initcall ioapic_init_ops+0x0/0x13 returned 0 after 34 usecs
[    9.105239] calling  add_pcspkr+0x0/0x6c @ 1
[    9.110791] initcall add_pcspkr+0x0/0x6c returned 0 after 107 usecs
[    9.118526] calling  start_periodic_check_for_corruption+0x0/0x30 @ 1
[    9.128016] check: Scanning for low memory corruption every 60 seconds
[    9.135974] initcall start_periodic_check_for_corruption+0x0/0x30 returned 0 after 8525 usecs
[    9.147653] calling  sysfb_init+0x0/0x9c @ 1
[    9.153340] initcall sysfb_init+0x0/0x9c returned 0 after 353 usecs
[    9.161680] calling  audit_classes_init+0x0/0xae @ 1
[    9.167849] initcall audit_classes_init+0x0/0xae returned 0 after 32 usecs
[    9.176496] calling  iosf_mbi_init+0x0/0x24 @ 1
[    9.182439] initcall iosf_mbi_init+0x0/0x24 returned 0 after 212 usecs
[    9.190586] calling  proc_execdomains_init+0x0/0x21 @ 1
[    9.205242] initcall proc_execdomains_init+0x0/0x21 returned 0 after 1738 usecs
[    9.215003] calling  register_warn_debugfs+0x0/0x23 @ 1
[    9.224311] initcall register_warn_debugfs+0x0/0x23 returned 0 after 2460 usecs
[    9.233249] calling  cpuhp_sysfs_init+0x0/0x79 @ 1
[    9.240600] initcall cpuhp_sysfs_init+0x0/0x79 returned 0 after 1421 usecs
[    9.248857] calling  ioresources_init+0x0/0x49 @ 1
[    9.254850] initcall ioresources_init+0x0/0x49 returned 0 after 46 usecs
[    9.263288] calling  lockdep_proc_init+0x0/0x44 @ 1
[    9.269378] initcall lockdep_proc_init+0x0/0x44 returned 0 after 113 usecs
[    9.277686] calling  snapshot_device_init+0x0/0xc @ 1
[    9.289381] initcall snapshot_device_init+0x0/0xc returned 0 after 5370 usecs
[    9.297927] calling  irq_pm_init_ops+0x0/0x13 @ 1
[    9.303588] initcall irq_pm_init_ops+0x0/0x13 returned 0 after 149 usecs
[    9.312260] calling  rcu_torture_init+0x0/0xaad @ 1
[    9.321287] rcu-torture:--- Start of test: nreaders=7 nfakewriters=4 stat_interval=15 verbose=1 test_no_idle_hz=1 shuffle_interval=3 stutter=5 irqreader=1 fqs_duration=0 fqs_holdoff=0 fqs_stutter=3 test_boost=1/0 test_boost_interval=7 test_boost_duration=4 shutdown_secs=1800 stall_cpu=0 stall_cpu_holdoff=10 stall_cpu_irqsoff=0 stall_cpu_block=0 n_barrier_cbs=4 onoff_interval=1000 onoff_holdoff=30 read_exit_delay=13 read_exit_burst=16
[    9.369371] rcu:  Start-test grace-period state: g-1064 f0x0
[    9.376582] rcu-torture: Creating rcu_torture_writer task
[    9.387482] rcu-torture: Creating rcu_torture_fakewriter task
[    9.387842] rcu-torture: rcu_torture_writer task started
[    9.397995] rcu-torture: Creating rcu_torture_fakewriter task
[    9.398561] rcu-torture: rcu_torture_fakewriter task started
[    9.402145] rcu-torture: GP expediting controlled from boot/sysfs for rcu.
[    9.411468] rcu-torture: Creating rcu_torture_fakewriter task
[    9.411591] rcu-torture: rcu_torture_fakewriter task started
[    9.418374] rcu_torture_writer: Testing conditional GPs.
[    9.428675] rcu-torture: Creating rcu_torture_fakewriter task
[    9.429044] rcu-torture: rcu_torture_fakewriter task started
[    9.435399] rcu_torture_writer: Testing expedited GPs.
[    9.444483] rcu-torture: Creating rcu_torture_reader task
[    9.444892] rcu-torture: rcu_torture_fakewriter task started
[    9.448729] rcu_torture_writer: Testing asynchronous GPs.
[    9.458265] rcu-torture: Creating rcu_torture_reader task
[    9.458631] rcu-torture: rcu_torture_reader task started
[    9.463141] rcu_torture_writer: Testing normal GPs.
[    9.471916] rcu-torture: Creating rcu_torture_reader task
[    9.472387] rcu-torture: rcu_torture_reader task started
[    9.527500] rcu-torture: Creating rcu_torture_reader task
[    9.527603] rcu-torture: rcu_torture_reader task started
[    9.537051] rcu-torture: Creating rcu_torture_reader task
[    9.537563] rcu-torture: rcu_torture_reader task started
[    9.557137] rcu-torture: Creating rcu_torture_reader task
[    9.557513] rcu-torture: rcu_torture_reader task started
[    9.565579] rcu-torture: Creating rcu_torture_reader task
[    9.565628] rcu-torture: rcu_torture_reader task started
[    9.587845] rcu-torture: Creating rcu_torture_stats task
[    9.588416] rcu-torture: rcu_torture_reader task started
[    9.597328] rcu-torture: rcu_torture_stats task started
[    9.597352] rcu-torture: Creating torture_shuffle task
[    9.599080] rcu-torture: Creating torture_stutter task
[    9.600336] rcu-torture: torture_shuffle task started
[    9.603043] rcu-torture: Creating torture_shutdown task
[    9.603858] rcu-torture: torture_stutter task started
[    9.645625] rcu-torture: Creating torture_onoff task
[    9.646638] rcu-torture: torture_shutdown task started
[    9.654605] rcu-torture: Creating rcu_torture_fwd_prog task
[    9.654920] rcu-torture: torture_onoff task started
[    9.654922] rcu-torture: torture_onoff begin holdoff
[    9.659491] rcu-torture:torture_shutdown task: 1799943 ms remaining
[    9.668841] rcu-torture: Creating rcu_torture_barrier_cbs task
[    9.673795] rcu-torture: rcu_torture_fwd_progress task started
[    9.710650] rcu-torture: Creating rcu_torture_barrier_cbs task
[    9.711095] rcu-torture: rcu_torture_barrier_cbs task started
[    9.720806] rcu-torture: Creating rcu_torture_barrier_cbs task
[    9.720855] rcu-torture: rcu_torture_barrier_cbs task started
[    9.747718] rcu-torture: Creating rcu_torture_barrier_cbs task
[    9.747827] rcu-torture: rcu_torture_barrier_cbs task started
[    9.756717] rcu-torture: Creating rcu_torture_barrier task
[    9.756762] rcu-torture: rcu_torture_barrier_cbs task started
[    9.780856] rcu-torture: Creating rcu_torture_read_exit task
[    9.780876] rcu-torture: rcu_torture_barrier task starting
[    9.790131] rcu-torture: rcu_torture_read_exit: Start of test
[    9.790504] initcall rcu_torture_init+0x0/0xaad returned 0 after 460903 usecs
[    9.790509] calling  timekeeping_init_ops+0x0/0x13 @ 1
[    9.790523] initcall timekeeping_init_ops+0x0/0x13 returned 0 after 12 usecs
[    9.790526] calling  init_clocksource_sysfs+0x0/0x23 @ 1
[    9.790859] initcall init_clocksource_sysfs+0x0/0x23 returned 0 after 322 usecs
[    9.790861] calling  init_timer_list_procfs+0x0/0x31 @ 1
[    9.790919] initcall init_timer_list_procfs+0x0/0x31 returned 0 after 53 usecs
[    9.790921] calling  alarmtimer_init+0x0/0xf5 @ 1
[    9.791329] initcall alarmtimer_init+0x0/0xf5 returned 0 after 395 usecs
[    9.791332] calling  init_posix_timers+0x0/0x29 @ 1
[    9.791618] initcall init_posix_timers+0x0/0x29 returned 0 after 276 usecs
[    9.791620] calling  clockevents_init_sysfs+0x0/0xbf @ 1
[    9.792020] initcall clockevents_init_sysfs+0x0/0xbf returned 0 after 387 usecs
[    9.792022] calling  proc_dma_init+0x0/0x21 @ 1
[    9.792426] initcall proc_dma_init+0x0/0x21 returned 0 after 391 usecs
[    9.792429] calling  proc_modules_init+0x0/0x1e @ 1
[    9.792451] initcall proc_modules_init+0x0/0x1e returned 0 after 19 usecs
[    9.792467] calling  kallsyms_init+0x0/0x21 @ 1
[    9.792471] initcall kallsyms_init+0x0/0x21 returned 0 after 1 usecs
[    9.792485] calling  pid_namespaces_init+0x0/0x2c @ 1
[    9.792509] initcall pid_namespaces_init+0x0/0x2c returned 0 after 21 usecs
[    9.792511] calling  audit_watch_init+0x0/0x37 @ 1
[    9.792538] initcall audit_watch_init+0x0/0x37 returned 0 after 23 usecs
[    9.792540] calling  audit_fsnotify_init+0x0/0x37 @ 1
[    9.792543] initcall audit_fsnotify_init+0x0/0x37 returned 0 after 0 usecs
[    9.792545] calling  audit_tree_init+0x0/0x6d @ 1
[    9.792550] initcall audit_tree_init+0x0/0x6d returned 0 after 2 usecs
[    9.792552] calling  seccomp_sysctl_init+0x0/0x2b @ 1
[    9.792647] initcall seccomp_sysctl_init+0x0/0x2b returned 0 after 89 usecs
[    9.792649] calling  utsname_sysctl_init+0x0/0x13 @ 1
[    9.792727] initcall utsname_sysctl_init+0x0/0x13 returned 0 after 73 usecs
[    9.792730] calling  init_tracepoints+0x0/0x27 @ 1
[    9.792771] initcall init_tracepoints+0x0/0x27 returned 0 after 38 usecs
[    9.792773] calling  init_blk_tracer+0x0/0x50 @ 1
[    9.793718] initcall init_blk_tracer+0x0/0x50 returned 0 after 919 usecs
[    9.793734] calling  perf_event_sysfs_init+0x0/0x83 @ 1
[    9.794517] initcall perf_event_sysfs_init+0x0/0x83 returned 0 after 760 usecs
[    9.794519] calling  system_trusted_keyring_init+0x0/0x60 @ 1
[    9.794521] Initialise system trusted keyrings
[    9.794637] initcall system_trusted_keyring_init+0x0/0x60 returned 0 after 112 usecs
[    9.794639] calling  kswapd_init+0x0/0x5c @ 1
[    9.795964] initcall kswapd_init+0x0/0x5c returned 0 after 1289 usecs
[   10.154242] calling  extfrag_debug_init+0x0/0x54 @ 1
[   10.161402] initcall extfrag_debug_init+0x0/0x54 returned 0 after 528 usecs
[   10.170583] calling  mm_compute_batch_init+0x0/0x12 @ 1
[   10.177824] initcall mm_compute_batch_init+0x0/0x12 returned 0 after 22 usecs
[   10.188494] calling  slab_proc_init+0x0/0x21 @ 1
[   10.194753] initcall slab_proc_init+0x0/0x21 returned 0 after 96 usecs
[   10.203530] calling  workingset_init+0x0/0x8c @ 1
[   10.210418] workingset: timestamp_bits=56 max_order=17 bucket_order=0
[   10.219818] initcall workingset_init+0x0/0x8c returned 0 after 9177 usecs
[   10.229614] calling  proc_vmalloc_init+0x0/0x32 @ 1
[   10.236908] initcall proc_vmalloc_init+0x0/0x32 returned 0 after 9 usecs
[   10.246674] calling  procswaps_init+0x0/0x1e @ 1
[   10.253839] initcall procswaps_init+0x0/0x1e returned 0 after 82 usecs
[   10.263049] calling  slab_sysfs_init+0x0/0xec @ 1
[   10.277830] initcall slab_sysfs_init+0x0/0xec returned 0 after 7894 usecs
[   10.287243] calling  fcntl_init+0x0/0x29 @ 1
[   10.295796] initcall fcntl_init+0x0/0x29 returned 0 after 589 usecs
[   10.304510] calling  proc_filesystems_init+0x0/0x21 @ 1
[   10.311590] initcall proc_filesystems_init+0x0/0x21 returned 0 after 38 usecs
[   10.321457] calling  start_dirtytime_writeback+0x0/0x29 @ 1
[   10.329285] initcall start_dirtytime_writeback+0x0/0x29 returned 0 after 36 usecs
[   10.339772] calling  blkdev_init+0x0/0x1b @ 1
[   10.346518] initcall blkdev_init+0x0/0x1b returned 0 after 568 usecs
[   10.355617] calling  dio_init+0x0/0x2c @ 1
[   10.361968] initcall dio_init+0x0/0x2c returned 0 after 206 usecs
[   10.370682] calling  dnotify_init+0x0/0x78 @ 1
[   10.376971] initcall dnotify_init+0x0/0x78 returned 0 after 328 usecs
[   10.386303] calling  aio_setup+0x0/0x78 @ 1
[   10.393713] initcall aio_setup+0x0/0x78 returned 0 after 1529 usecs
[   10.402288] calling  io_uring_init+0x0/0x2c @ 1
[   10.408538] initcall io_uring_init+0x0/0x2c returned 0 after 9 usecs
[   10.417234] calling  mbcache_init+0x0/0x30 @ 1
[   10.423573] initcall mbcache_init+0x0/0x30 returned 0 after 192 usecs
[   10.432746] calling  init_grace+0x0/0xc @ 1
[   10.438855] initcall init_grace+0x0/0xc returned 0 after 340 usecs
[   10.447092] calling  init_v2_quota_format+0x0/0x21 @ 1
[   10.454660] initcall init_v2_quota_format+0x0/0x21 returned 0 after 130 usecs
[   10.466093] calling  init_devpts_fs+0x0/0x27 @ 1
[   10.473943] initcall init_devpts_fs+0x0/0x27 returned 0 after 301 usecs
[   10.484507] calling  ext4_init_fs+0x0/0x1c2 @ 1
[   10.493948] initcall ext4_init_fs+0x0/0x1c2 returned 0 after 2415 usecs
[   10.504578] calling  journal_init+0x0/0x11c @ 1
[   10.512688] initcall journal_init+0x0/0x11c returned 0 after 660 usecs
[   10.522076] calling  init_fat_fs+0x0/0x49 @ 1
[   10.527968] initcall init_fat_fs+0x0/0x49 returned 0 after 146 usecs
[   10.536232] calling  init_vfat_fs+0x0/0xc @ 1
[   10.541886] initcall init_vfat_fs+0x0/0xc returned 0 after 64 usecs
[   10.550171] calling  init_msdos_fs+0x0/0xc @ 1
[   10.556013] initcall init_msdos_fs+0x0/0xc returned 0 after 5 usecs
[   10.564446] calling  init_iso9660_fs+0x0/0x6c @ 1
[   10.570652] initcall init_iso9660_fs+0x0/0x6c returned 0 after 127 usecs
[   10.579475] calling  init_nfs_fs+0x0/0x13a @ 1
[   10.592762] initcall init_nfs_fs+0x0/0x13a returned 0 after 7182 usecs
[   10.601576] calling  init_nfs_v2+0x0/0x13 @ 1
[   10.607702] initcall init_nfs_v2+0x0/0x13 returned 0 after 117 usecs
[   10.616912] calling  init_nfs_v3+0x0/0x13 @ 1
[   10.623683] initcall init_nfs_v3+0x0/0x13 returned 0 after 19 usecs
[   10.632749] calling  init_nfs_v4+0x0/0x32 @ 1
[   10.639035] NFS: Registering the id_resolver key type
[   10.646337] Key type id_resolver registered
[   10.652289] Key type id_legacy registered
[   10.658342] initcall init_nfs_v4+0x0/0x32 returned 0 after 18894 usecs
[   10.667310] calling  init_nlm+0x0/0x5b @ 1
[   10.673591] initcall init_nlm+0x0/0x5b returned 0 after 148 usecs
[   10.682253] calling  init_nls_cp437+0x0/0xe @ 1
[   10.688735] initcall init_nls_cp437+0x0/0xe returned 0 after 44 usecs
[   10.697668] calling  init_nls_ascii+0x0/0xe @ 1
[   10.703842] initcall init_nls_ascii+0x0/0xe returned 0 after 1 usecs
[   10.712340] calling  init_nls_iso8859_1+0x0/0xe @ 1
[   10.719076] initcall init_nls_iso8859_1+0x0/0xe returned 0 after 1 usecs
[   10.728422] calling  init_nls_utf8+0x0/0x21 @ 1
[   10.734824] initcall init_nls_utf8+0x0/0x21 returned 0 after 1 usecs
[   10.743614] calling  init_autofs_fs+0x0/0x25 @ 1
[   10.751987] initcall init_autofs_fs+0x0/0x25 returned 0 after 1377 usecs
[   10.761235] calling  ipc_init+0x0/0x24 @ 1
[   10.767373] initcall ipc_init+0x0/0x24 returned 0 after 229 usecs
[   10.775663] calling  ipc_sysctl_init+0x0/0x13 @ 1
[   10.782550] initcall ipc_sysctl_init+0x0/0x13 returned 0 after 35 usecs
[   10.791524] calling  init_mqueue_fs+0x0/0xb1 @ 1
[   10.799043] initcall init_mqueue_fs+0x0/0xb1 returned 0 after 616 usecs
[   10.808512] calling  key_proc_init+0x0/0x63 @ 1
[   10.814954] initcall key_proc_init+0x0/0x63 returned 0 after 26 usecs
[   10.823749] calling  selinux_nf_ip_init+0x0/0x2e @ 1
[   10.830710] initcall selinux_nf_ip_init+0x0/0x2e returned 0 after 106 usecs
[   10.840403] calling  init_sel_fs+0x0/0x116 @ 1
[   10.846668] initcall init_sel_fs+0x0/0x116 returned 0 after 1 usecs
[   10.854843] calling  selnl_init+0x0/0x7c @ 1
[   10.862768] initcall selnl_init+0x0/0x7c returned 0 after 2023 usecs
[   10.871598] calling  sel_netif_init+0x0/0x36 @ 1
[   10.877867] initcall sel_netif_init+0x0/0x36 returned 0 after 1 usecs
[   10.886361] calling  sel_netnode_init+0x0/0x33 @ 1
[   10.893005] initcall sel_netnode_init+0x0/0x33 returned 0 after 0 usecs
[   10.902105] calling  sel_netport_init+0x0/0x33 @ 1
[   10.908846] initcall sel_netport_init+0x0/0x33 returned 0 after 0 usecs
[   10.917919] calling  aurule_init+0x0/0x2a @ 1
[   10.924282] initcall aurule_init+0x0/0x2a returned 0 after 3 usecs
[   10.932832] calling  crypto_algapi_init+0x0/0xc @ 1
[   10.940351] initcall crypto_algapi_init+0x0/0xc returned 0 after 9 usecs
[   10.951810] calling  jent_mod_init+0x0/0x2d @ 1
[   10.976678] initcall jent_mod_init+0x0/0x2d returned 0 after 16418 usecs
[   10.986499] calling  asymmetric_key_init+0x0/0xc @ 1
[   10.994574] Key type asymmetric registered
[   11.001354] initcall asymmetric_key_init+0x0/0xc returned 0 after 6620 usecs
[   11.012281] calling  x509_key_init+0x0/0xc @ 1
[   11.019393] Asymmetric key parser 'x509' registered
[   11.027058] initcall x509_key_init+0x0/0xc returned 0 after 7562 usecs
[   11.036960] calling  proc_genhd_init+0x0/0x41 @ 1
[   11.045776] initcall proc_genhd_init+0x0/0x41 returned 0 after 9 usecs
[   11.055912] calling  bsg_init+0x0/0x113 @ 1
[   11.062751] Block layer SCSI generic (bsg) driver version 0.4 loaded (major 251)
[   11.074606] initcall bsg_init+0x0/0x113 returned 0 after 11700 usecs
[   11.084673] calling  deadline_init+0x0/0xc @ 1
[   11.091972] io scheduler mq-deadline registered
[   11.099231] initcall deadline_init+0x0/0xc returned 0 after 7153 usecs
[   11.109757] calling  kyber_init+0x0/0xc @ 1
[   11.116345] io scheduler kyber registered
[   11.123143] initcall kyber_init+0x0/0xc returned 0 after 6628 usecs
[   11.132571] calling  mod_init+0x0/0x7 @ 1
[   11.138548] initcall mod_init+0x0/0x7 returned 0 after 0 usecs
[   11.147863] calling  debug_objects_init_debugfs+0x0/0x3b @ 1
[   11.158034] initcall debug_objects_init_debugfs+0x0/0x3b returned 0 after 286 usecs
[   11.170103] calling  percpu_counter_startup+0x0/0x55 @ 1
[   11.192801] initcall percpu_counter_startup+0x0/0x55 returned 0 after 14872 usecs
[   11.203767] calling  sg_pool_init+0x0/0xb4 @ 1
[   11.210963] initcall sg_pool_init+0x0/0xb4 returned 0 after 712 usecs
[   11.220536] calling  pcie_portdrv_init+0x0/0x39 @ 1
[   11.228919] initcall pcie_portdrv_init+0x0/0x39 returned 0 after 1109 usecs
[   11.239716] calling  pci_proc_init+0x0/0x68 @ 1
[   11.246640] initcall pci_proc_init+0x0/0x68 returned 0 after 72 usecs
[   11.256303] calling  pci_hotplug_init+0x0/0x7 @ 1
[   11.263558] initcall pci_hotplug_init+0x0/0x7 returned 0 after 62 usecs
[   11.273073] calling  efifb_driver_init+0x0/0xe @ 1
[   11.280086] initcall efifb_driver_init+0x0/0xe returned 0 after 35 usecs
[   11.289927] calling  ged_driver_init+0x0/0xe @ 1
[   11.297563] initcall ged_driver_init+0x0/0xe returned 0 after 561 usecs
[   11.307106] calling  acpi_ac_init+0x0/0x92 @ 1
[   11.316905] initcall acpi_ac_init+0x0/0x92 returned 0 after 2883 usecs
[   11.326801] calling  acpi_button_driver_init+0x0/0x52 @ 1
[   11.337968] input: Power Button as /devices/LNXSYSTM:00/LNXPWRBN:00/input/input0
[   11.357005] ACPI: Power Button [PWRF]
[   11.365978] initcall acpi_button_driver_init+0x0/0x52 returned 0 after 30072 usecs
[   11.378138] calling  acpi_fan_driver_init+0x0/0xe @ 1
[   11.386073] initcall acpi_fan_driver_init+0x0/0xe returned 0 after 42 usecs
[   11.397188] calling  acpi_video_init+0x0/0xcb @ 1
[   11.405583] initcall acpi_video_init+0x0/0xcb returned 0 after 451 usecs
[   11.416166] calling  acpi_processor_driver_init+0x0/0xad @ 1
[   11.433463] initcall acpi_processor_driver_init+0x0/0xad returned 0 after 7914 usecs
[   11.446035] calling  acpi_thermal_init+0x0/0x71 @ 1
[   11.459719] initcall acpi_thermal_init+0x0/0x71 returned 0 after 4843 usecs
[   11.470364] calling  acpi_battery_init+0x0/0x32 @ 1
[   11.477627] initcall acpi_battery_init+0x0/0x32 returned 0 after 252 usecs
[   11.487604] calling  bgrt_init+0x0/0xb6 @ 1
[   11.494027] initcall bgrt_init+0x0/0xb6 returned -19 after 0 usecs
[   11.502890] calling  gpio_clk_driver_init+0x0/0xe @ 1
[   11.510388] initcall gpio_clk_driver_init+0x0/0xe returned 0 after 325 usecs
[   11.520625] calling  plt_clk_driver_init+0x0/0xe @ 1
[   11.527828] initcall plt_clk_driver_init+0x0/0xe returned 0 after 30 usecs
[   11.537951] calling  virtio_pci_driver_init+0x0/0x15 @ 1
[   11.545688] initcall virtio_pci_driver_init+0x0/0x15 returned 0 after 96 usecs
[   11.555907] calling  n_null_init+0x0/0x1e @ 1
[   11.562048] initcall n_null_init+0x0/0x1e returned 0 after 38 usecs
[   11.571307] calling  pty_init+0x0/0x1e8 @ 1
[   11.582603] initcall pty_init+0x0/0x1e8 returned 0 after 4857 usecs
[   11.594869] calling  sysrq_init+0x0/0x62 @ 1
[   11.602709] initcall sysrq_init+0x0/0x62 returned 0 after 67 usecs
[   11.611507] calling  serial8250_init+0x0/0x17e @ 1
[   11.619019] Serial: 8250/16550 driver, 4 ports, IRQ sharing enabled
[   11.631566] 00:03: ttyS0 at I/O 0x3f8 (irq = 4, base_baud = 115200) is a 16550A
[   11.700225] initcall serial8250_init+0x0/0x17e returned 0 after 79154 usecs
[   11.712647] calling  serial_pci_driver_init+0x0/0x15 @ 1
[   11.721368] initcall serial_pci_driver_init+0x0/0x15 returned 0 after 1671 usecs
[   11.731858] calling  exar_pci_driver_init+0x0/0x15 @ 1
[   11.739403] initcall exar_pci_driver_init+0x0/0x15 returned 0 after 158 usecs
[   11.749409] calling  lpss8250_pci_driver_init+0x0/0x15 @ 1
[   11.757511] initcall lpss8250_pci_driver_init+0x0/0x15 returned 0 after 38 usecs
[   11.768339] calling  mid8250_pci_driver_init+0x0/0x15 @ 1
[   11.775756] initcall mid8250_pci_driver_init+0x0/0x15 returned 0 after 40 usecs
[   11.785871] calling  virtio_console_init+0x0/0xff @ 1
[   11.796714] initcall virtio_console_init+0x0/0xff returned 0 after 3682 usecs
[   11.807008] calling  hpet_init+0x0/0x64 @ 1
[   11.823675] initcall hpet_init+0x0/0x64 returned 0 after 10049 usecs
[   11.833249] calling  nvram_module_init+0x0/0x83 @ 1
[   11.842718] Non-volatile memory driver v1.3
[   11.848830] initcall nvram_module_init+0x0/0x83 returned 0 after 7500 usecs
[   11.858516] calling  hwrng_modinit+0x0/0x8a @ 1
[   11.867830] initcall hwrng_modinit+0x0/0x8a returned 0 after 3265 usecs
[   11.877794] calling  mod_init+0x0/0x48 @ 1
[   11.883764] initcall mod_init+0x0/0x48 returned -19 after 0 usecs
[   11.892191] calling  agp_init+0x0/0x23 @ 1
[   11.898092] Linux agpgart interface v0.103
[   11.903725] initcall agp_init+0x0/0x23 returned 0 after 5494 usecs
[   11.912001] calling  agp_amd64_mod_init+0x0/0x5 @ 1
[   11.922042] initcall agp_amd64_mod_init+0x0/0x5 returned -19 after 3198 usecs
[   11.933049] calling  agp_intel_init+0x0/0x28 @ 1
[   11.942483] initcall agp_intel_init+0x0/0x28 returned 0 after 2552 usecs
[   11.952527] calling  drm_kms_helper_init+0x0/0x7 @ 1
[   11.960026] initcall drm_kms_helper_init+0x0/0x7 returned 0 after 119 usecs
[   11.970655] calling  drm_core_init+0x0/0xbd @ 1
[   11.978531] initcall drm_core_init+0x0/0xbd returned 0 after 1300 usecs
[   11.988731] calling  i915_init+0x0/0x6b @ 1
[   12.003090] initcall i915_init+0x0/0x6b returned 0 after 8156 usecs
[   12.012548] calling  cn_proc_init+0x0/0x35 @ 1
[   12.019104] initcall cn_proc_init+0x0/0x35 returned 0 after 37 usecs
[   12.028457] calling  topology_sysfs_init+0x0/0x27 @ 1
[   12.036399] initcall topology_sysfs_init+0x0/0x27 returned 0 after 712 usecs
[   12.046876] calling  cacheinfo_sysfs_init+0x0/0x27 @ 1
[   12.074249] initcall cacheinfo_sysfs_init+0x0/0x27 returned 0 after 20124 usecs
[   12.084925] calling  loop_init+0x0/0x16a @ 1
[   12.319426] loop: module loaded
[   12.325219] initcall loop_init+0x0/0x16a returned 0 after 228071 usecs
[   12.334602] calling  mac_hid_init+0x0/0x21 @ 1
[   12.341574] initcall mac_hid_init+0x0/0x21 returned 0 after 85 usecs
[   12.349691] calling  spi_transport_init+0x0/0x74 @ 1
[   12.357021] initcall spi_transport_init+0x0/0x74 returned 0 after 399 usecs
[   12.367651] calling  init_sd+0x0/0x18c @ 1
[   12.374832] initcall init_sd+0x0/0x18c returned 0 after 332 usecs
[   12.383633] calling  init_sr+0x0/0x43 @ 1
[   12.390031] initcall init_sr+0x0/0x43 returned 0 after 121 usecs
[   12.400358] calling  init_sg+0x0/0x1c0 @ 1
[   12.407982] initcall init_sg+0x0/0x1c0 returned 0 after 322 usecs
[   12.417129] calling  ahci_pci_driver_init+0x0/0x15 @ 1
[   12.426989] ahci 0000:00:1f.2: version 3.0
[   12.469123] PCI Interrupt Link [GSIA] enabled at IRQ 16
[   12.501142] ahci 0000:00:1f.2: AHCI 0001.0000 32 slots 6 ports 1.5 Gbps 0x3f impl SATA mode
[   12.512967] ahci 0000:00:1f.2: flags: 64bit ncq only 
[   12.587084] scsi host0: ahci
[   12.610644] scsi host1: ahci
[   12.624267] scsi host2: ahci
[   12.645913] scsi host3: ahci
[   12.667439] scsi host4: ahci
[   12.690912] scsi host5: ahci
[   12.698824] ata1: SATA max UDMA/133 abar m4096@0xfebf1000 port 0xfebf1100 irq 24
[   12.711588] ata2: SATA max UDMA/133 abar m4096@0xfebf1000 port 0xfebf1180 irq 24
[   12.722036] ata3: SATA max UDMA/133 abar m4096@0xfebf1000 port 0xfebf1200 irq 24
[   12.733079] ata4: SATA max UDMA/133 abar m4096@0xfebf1000 port 0xfebf1280 irq 24
[   12.744148] ata5: SATA max UDMA/133 abar m4096@0xfebf1000 port 0xfebf1300 irq 24
[   12.755939] ata6: SATA max UDMA/133 abar m4096@0xfebf1000 port 0xfebf1380 irq 24
[   12.767920] initcall ahci_pci_driver_init+0x0/0x15 returned 0 after 335080 usecs
[   12.777900] calling  piix_init+0x0/0x26 @ 1
[   12.784544] initcall piix_init+0x0/0x26 returned 0 after 243 usecs
[   12.793116] calling  amd_pci_driver_init+0x0/0x15 @ 1
[   12.803628] initcall amd_pci_driver_init+0x0/0x15 returned 0 after 791 usecs
[   12.813625] calling  oldpiix_pci_driver_init+0x0/0x15 @ 1
[   12.821380] initcall oldpiix_pci_driver_init+0x0/0x15 returned 0 after 117 usecs
[   12.832641] calling  sch_pci_driver_init+0x0/0x15 @ 1
[   12.841040] initcall sch_pci_driver_init+0x0/0x15 returned 0 after 171 usecs
[   12.852991] calling  net_olddevs_init+0x0/0x55 @ 1
[   12.861892] initcall net_olddevs_init+0x0/0x55 returned 0 after 851 usecs
[   12.872597] calling  blackhole_netdev_init+0x0/0x78 @ 1
[   12.881529] initcall blackhole_netdev_init+0x0/0x78 returned 0 after 1465 usecs
[   12.891848] calling  phy_module_init+0x0/0x13 @ 1
[   12.899991] initcall phy_module_init+0x0/0x13 returned 0 after 1246 usecs
[   12.909818] calling  tg3_driver_init+0x0/0x15 @ 1
[   12.917018] initcall tg3_driver_init+0x0/0x15 returned 0 after 267 usecs
[   12.926603] calling  e100_init_module+0x0/0x4c @ 1
[   12.933173] e100: Intel(R) PRO/100 Network Driver
[   12.940975] e100: Copyright(c) 1999-2006 Intel Corporation
[   12.950407] initcall e100_init_module+0x0/0x4c returned 0 after 16825 usecs
[   12.961850] calling  e1000_init_module+0x0/0x72 @ 1
[   12.969301] e1000: Intel(R) PRO/1000 Network Driver
[   12.976419] e1000: Copyright (c) 1999-2006 Intel Corporation.
[   12.987950] initcall e1000_init_module+0x0/0x72 returned 0 after 18266 usecs
[   12.999008] calling  e1000_init_module+0x0/0x2d @ 1
[   13.006066] e1000e: Intel(R) PRO/1000 Network Driver
[   13.014652] e1000e: Copyright(c) 1999 - 2015 Intel Corporation.
[   13.023356] initcall e1000_init_module+0x0/0x2d returned 0 after 16911 usecs
[   13.032553] calling  sky2_init_module+0x0/0x21 @ 1
[   13.039647] sky2: driver version 1.30
[   13.045509] initcall sky2_init_module+0x0/0x21 returned 0 after 5715 usecs
[   13.056519] calling  forcedeth_pci_driver_init+0x0/0x15 @ 1
[   13.067766] initcall forcedeth_pci_driver_init+0x0/0x15 returned 0 after 2769 usecs
[   13.077841] calling  rtl8139_init_module+0x0/0x15 @ 1
[   13.085122] initcall rtl8139_init_module+0x0/0x15 returned 0 after 163 usecs
[   13.091090] ata1: SATA link down (SStatus 0 SControl 300)
[   13.094561] calling  rtl8169_pci_driver_init+0x0/0x15 @ 1
[   13.094621] initcall rtl8169_pci_driver_init+0x0/0x15 returned 0 after 55 usecs
[   13.112245] ata2: SATA link down (SStatus 0 SControl 300)
[   13.121647] calling  cdrom_init+0x0/0xc @ 1
[   13.121828] initcall cdrom_init+0x0/0xc returned 0 after 173 usecs
[   13.133716] ata6: SATA link down (SStatus 0 SControl 300)
[   13.136772] calling  nonstatic_sysfs_init+0x0/0xc @ 1
[   13.150161] ata3: SATA link up 1.5 Gbps (SStatus 113 SControl 300)
[   13.155030] initcall nonstatic_sysfs_init+0x0/0xc returned 0 after 82 usecs
[   13.164793] ata3.00: ATAPI: QEMU DVD-ROM, 2.5+, max UDMA/100
[   13.171974] calling  yenta_cardbus_driver_init+0x0/0x15 @ 1
[   13.172429] initcall yenta_cardbus_driver_init+0x0/0x15 returned 0 after 440 usecs
[   13.182278] ata3.00: applying bridge limits
[   13.190263] calling  mon_init+0x0/0x144 @ 1
[   13.193787] initcall mon_init+0x0/0x144 returned 0 after 3436 usecs
[   13.203335] ata5: SATA link down (SStatus 0 SControl 300)
[   13.212510] calling  ehci_hcd_init+0x0/0x56 @ 1
[   13.222101] ata4: SATA link down (SStatus 0 SControl 300)
[   13.225624] ehci_hcd: USB 2.0 'Enhanced' Host Controller (EHCI) Driver
[   13.236034] ata3.00: configured for UDMA/100
[   13.244654] initcall ehci_hcd_init+0x0/0x56 returned 0 after 18677 usecs
[   13.244710] calling  ehci_pci_init+0x0/0x64 @ 1
[   13.244712] ehci-pci: EHCI PCI platform driver
[   13.245160] initcall ehci_pci_init+0x0/0x64 returned 0 after 435 usecs
[   13.262879] scsi 2:0:0:0: CD-ROM            QEMU     QEMU DVD-ROM     2.5+ PQ: 0 ANSI: 5
[   13.272851] calling  ohci_hcd_mod_init+0x0/0x4e @ 1
[   13.272890] ohci_hcd: USB 1.1 'Open' Host Controller (OHCI) Driver
[   13.347692] initcall ohci_hcd_mod_init+0x0/0x4e returned 0 after 73075 usecs
[   13.359017] calling  ohci_pci_init+0x0/0x64 @ 1
[   13.367059] ohci-pci: OHCI PCI platform driver
[   13.373926] initcall ohci_pci_init+0x0/0x64 returned 0 after 6821 usecs
[   13.384434] calling  uhci_hcd_init+0x0/0xa8 @ 1
[   13.391923] uhci_hcd: USB Universal Host Controller Interface driver
[   13.402020] initcall uhci_hcd_init+0x0/0xa8 returned 0 after 9858 usecs
[   13.412484] calling  xhci_hcd_init+0x0/0x1e @ 1
[   13.419924] initcall xhci_hcd_init+0x0/0x1e returned 0 after 113 usecs
[   13.430452] calling  xhci_pci_init+0x0/0x49 @ 1
[   13.438733] initcall xhci_pci_init+0x0/0x49 returned 0 after 177 usecs
[   13.450284] calling  usblp_driver_init+0x0/0x15 @ 1
[   13.460026] usbcore: registered new interface driver usblp
[   13.468397] initcall usblp_driver_init+0x0/0x15 returned 0 after 9383 usecs
[   13.479405] calling  usb_storage_driver_init+0x0/0x2a @ 1
[   13.488033] usbcore: registered new interface driver usb-storage
[   13.497658] initcall usb_storage_driver_init+0x0/0x2a returned 0 after 9520 usecs
[   13.509152] calling  i8042_init+0x0/0x4c2 @ 1
[   13.517995] i8042: PNP: PS/2 Controller [PNP0303:KBD,PNP0f13:MOU] at 0x60,0x64 irq 1,12
[   13.528927] sr 2:0:0:0: [sr0] scsi3-mmc drive: 4x/4x cd/rw xa/form2 tray
[   13.542676] serio: i8042 KBD port at 0x60,0x64 irq 1
[   13.543924] serio: i8042 AUX port at 0x60,0x64 irq 12
[   13.550444] cdrom: Uniform CD-ROM driver Revision: 3.20
[   13.558189] initcall i8042_init+0x0/0x4c2 returned 0 after 40859 usecs
[   13.574933] calling  serport_init+0x0/0x2c @ 1
[   13.581445] initcall serport_init+0x0/0x2c returned 0 after 33 usecs
[   13.590595] calling  input_leds_init+0x0/0xc @ 1
[   13.597052] initcall input_leds_init+0x0/0xc returned 0 after 81 usecs
[   13.607021] calling  evdev_init+0x0/0xc @ 1
[   13.618950] initcall evdev_init+0x0/0xc returned 0 after 5806 usecs
[   13.628903] calling  atkbd_init+0x0/0x21 @ 1
[   13.636029] initcall atkbd_init+0x0/0x21 returned 0 after 1204 usecs
[   13.645842] calling  psmouse_init+0x0/0x7f @ 1
[   13.653869] initcall psmouse_init+0x0/0x7f returned 0 after 1180 usecs
[   13.663389] calling  cmos_init+0x0/0x73 @ 1
[   13.666354] sr 2:0:0:0: Attached scsi CD-ROM sr0
[   13.670195] rtc_cmos 00:04: RTC can wake from S4
[   13.712776] input: AT Translated Set 2 keyboard as /devices/platform/i8042/serio0/input/input1
[   13.720737] sr 2:0:0:0: Attached scsi generic sg0 type 5
[   13.736550] rtc_cmos 00:04: registered as rtc0
[   13.752769] rtc_cmos 00:04: alarms up to one day, y3k, 242 bytes nvram, hpet irqs
[   13.763701] initcall cmos_init+0x0/0x73 returned 0 after 91721 usecs
[   13.773092] calling  smbalert_driver_init+0x0/0xe @ 1
[   13.782044] initcall smbalert_driver_init+0x0/0xe returned 0 after 558 usecs
[   13.794120] calling  i2c_i801_init+0x0/0xc5 @ 1
[   13.811489] i801_smbus 0000:00:1f.3: SMBus using PCI interrupt
[   13.829506] i2c i2c-0: 1/1 memory slots populated (from DMI)
[   13.837788] i2c i2c-0: Memory type 0x07 not supported yet, not instantiating SPD
[   13.854986] initcall i2c_i801_init+0x0/0xc5 returned 0 after 53277 usecs
[   13.866884] calling  ptp_kvm_init+0x0/0xf0 @ 1
[   13.874834] initcall ptp_kvm_init+0x0/0xf0 returned 0 after 1084 usecs
[   13.884955] calling  dm_init+0x0/0x3c @ 1
[   13.896934] device-mapper: ioctl: 4.43.0-ioctl (2020-10-01) initialised: dm-devel@redhat.com
[   13.909527] initcall dm_init+0x0/0x3c returned 0 after 15827 usecs
[   13.918770] calling  dm_mirror_init+0x0/0x29 @ 1
[   13.925034] initcall dm_mirror_init+0x0/0x29 returned 0 after 2 usecs
[   13.933759] calling  dm_dirty_log_init+0x0/0x4f @ 1
[   13.940353] initcall dm_dirty_log_init+0x0/0x4f returned 0 after 85 usecs
[   13.949208] calling  dm_zero_init+0x0/0x29 @ 1
[   13.955075] initcall dm_zero_init+0x0/0x29 returned 0 after 3 usecs
[   13.963333] calling  intel_pstate_init+0x0/0x50f @ 1
[   13.973394] intel_pstate: CPU model not supported
[   13.980715] initcall intel_pstate_init+0x0/0x50f returned -19 after 7245 usecs
[   13.992293] calling  haltpoll_init+0x0/0xc0 @ 1
[   13.999674] initcall haltpoll_init+0x0/0xc0 returned -19 after 33 usecs
[   14.010924] calling  efivars_sysfs_init+0x0/0x30 @ 1
[   14.019368] initcall efivars_sysfs_init+0x0/0x30 returned 0 after 36 usecs
[   14.030513] calling  esrt_sysfs_init+0x0/0x2a2 @ 1
[   14.037996] initcall esrt_sysfs_init+0x0/0x2a2 returned -38 after 87 usecs
[   14.048641] calling  hid_init+0x0/0x5c @ 1
[   14.055590] hid: raw HID events driver (C) Jiri Kosina
[   14.065568] initcall hid_init+0x0/0x5c returned 0 after 10009 usecs
[   14.075208] calling  hid_generic_init+0x0/0x15 @ 1
[   14.094568] initcall hid_generic_init+0x0/0x15 returned 0 after 97 usecs
[   14.120668] calling  a4_driver_init+0x0/0x15 @ 1
[   14.128489] initcall a4_driver_init+0x0/0x15 returned 0 after 465 usecs
[   14.152749] calling  apple_driver_init+0x0/0x15 @ 1
[   14.176451] initcall apple_driver_init+0x0/0x15 returned 0 after 43 usecs
[   14.185851] calling  belkin_driver_init+0x0/0x15 @ 1
[   14.209809] initcall belkin_driver_init+0x0/0x15 returned 0 after 34 usecs
[   14.219480] calling  ch_driver_init+0x0/0x15 @ 1
[   14.242562] initcall ch_driver_init+0x0/0x15 returned 0 after 36 usecs
[   14.268275] calling  ch_driver_init+0x0/0x15 @ 1
[   14.275650] initcall ch_driver_init+0x0/0x15 returned 0 after 529 usecs
[   14.300793] calling  cp_driver_init+0x0/0x15 @ 1
[   14.323376] initcall cp_driver_init+0x0/0x15 returned 0 after 41 usecs
[   14.333046] calling  ez_driver_init+0x0/0x15 @ 1
[   14.351716] initcall ez_driver_init+0x0/0x15 returned 0 after 36 usecs
[   14.360815] calling  gyration_driver_init+0x0/0x15 @ 1
[   14.380268] initcall gyration_driver_init+0x0/0x15 returned 0 after 43 usecs
[   14.390520] calling  ite_driver_init+0x0/0x15 @ 1
[   14.409647] initcall ite_driver_init+0x0/0x15 returned 0 after 41 usecs
[   14.419618] calling  ks_driver_init+0x0/0x15 @ 1
[   14.442024] initcall ks_driver_init+0x0/0x15 returned 0 after 111 usecs
[   14.450857] calling  lg_driver_init+0x0/0x15 @ 1
[   14.475350] initcall lg_driver_init+0x0/0x15 returned 0 after 47 usecs
[   14.502695] calling  lg_g15_driver_init+0x0/0x15 @ 1
[   14.510426] initcall lg_g15_driver_init+0x0/0x15 returned 0 after 147 usecs
[   14.521972] input: ImExPS/2 Generic Explorer Mouse as /devices/platform/i8042/serio1/input/input3
[   14.535708] calling  ms_driver_init+0x0/0x15 @ 1
[   14.535847] initcall ms_driver_init+0x0/0x15 returned 0 after 130 usecs
[   14.535850] calling  mr_driver_init+0x0/0x15 @ 1
[   14.535978] initcall mr_driver_init+0x0/0x15 returned 0 after 121 usecs
[   14.535981] calling  ntrig_driver_init+0x0/0x15 @ 1
[   14.536024] initcall ntrig_driver_init+0x0/0x15 returned 0 after 39 usecs
[   14.536026] calling  pl_driver_init+0x0/0x15 @ 1
[   14.536043] initcall pl_driver_init+0x0/0x15 returned 0 after 14 usecs
[   14.536045] calling  pl_driver_init+0x0/0x15 @ 1
[   14.536062] initcall pl_driver_init+0x0/0x15 returned 0 after 13 usecs
[   14.536064] calling  redragon_driver_init+0x0/0x15 @ 1
[   14.536141] initcall redragon_driver_init+0x0/0x15 returned 0 after 71 usecs
[   14.536143] calling  samsung_driver_init+0x0/0x15 @ 1
[   14.536275] initcall samsung_driver_init+0x0/0x15 returned 0 after 125 usecs
[   14.536277] calling  sony_init+0x0/0x38 @ 1
[   14.536313] initcall sony_init+0x0/0x38 returned 0 after 33 usecs
[   14.536315] calling  sp_driver_init+0x0/0x15 @ 1
[   14.536333] initcall sp_driver_init+0x0/0x15 returned 0 after 14 usecs
[   14.536336] calling  ts_driver_init+0x0/0x15 @ 1
[   14.536353] initcall ts_driver_init+0x0/0x15 returned 0 after 14 usecs
[   14.536355] calling  hid_init+0x0/0x58 @ 1
[   14.536750] usbcore: registered new interface driver usbhid
[   14.536752] usbhid: USB HID core driver
[   14.536757] initcall hid_init+0x0/0x58 returned 0 after 387 usecs
[   14.536760] calling  eeepc_laptop_init+0x0/0x57 @ 1
[   14.537146] initcall eeepc_laptop_init+0x0/0x57 returned -19 after 372 usecs
[   14.537149] calling  pmc_atom_init+0x0/0x27a @ 1
[   14.537289] initcall pmc_atom_init+0x0/0x27a returned -19 after 7 usecs
[   14.537292] calling  alsa_hwdep_init+0x0/0x5e @ 1
[   14.537505] initcall alsa_hwdep_init+0x0/0x5e returned 0 after 204 usecs
[   14.537507] calling  alsa_timer_init+0x0/0x1f9 @ 1
[   14.538115] initcall alsa_timer_init+0x0/0x1f9 returned 0 after 589 usecs
[   14.538118] calling  snd_hrtimer_init+0x0/0x117 @ 1
[   14.538123] initcall snd_hrtimer_init+0x0/0x117 returned 0 after 1 usecs
[   14.538125] calling  alsa_pcm_init+0x0/0x64 @ 1
[   14.538131] initcall alsa_pcm_init+0x0/0x64 returned 0 after 3 usecs
[   14.538134] calling  alsa_seq_init+0x0/0x4a @ 1
[   14.538786] initcall alsa_seq_init+0x0/0x4a returned 0 after 632 usecs
[   14.538789] calling  alsa_seq_dummy_init+0x0/0x9c @ 1
[   14.538812] initcall alsa_seq_dummy_init+0x0/0x9c returned 0 after 18 usecs
[   14.538814] calling  azx_driver_init+0x0/0x15 @ 1
[   14.538941] initcall azx_driver_init+0x0/0x15 returned 0 after 120 usecs
[   14.538987] calling  sock_diag_init+0x0/0x2a @ 1
[   14.539598] initcall sock_diag_init+0x0/0x2a returned 0 after 592 usecs
[   14.539601] calling  blackhole_init+0x0/0xc @ 1
[   14.539637] initcall blackhole_init+0x0/0xc returned 0 after 32 usecs
[   14.539640] calling  nfnetlink_init+0x0/0x61 @ 1
[   14.539832] initcall nfnetlink_init+0x0/0x61 returned 0 after 184 usecs
[   14.539835] calling  nfnetlink_log_init+0x0/0x99 @ 1
[   14.540580] initcall nfnetlink_log_init+0x0/0x99 returned 0 after 724 usecs
[   14.540584] calling  nf_conntrack_standalone_init+0x0/0x87 @ 1
[   14.541555] initcall nf_conntrack_standalone_init+0x0/0x87 returned 0 after 943 usecs
[   14.541558] calling  ctnetlink_init+0x0/0x83 @ 1
