c[?7l[2J[0mSeaBIOS (version 1.16.0-debian-1.16.0-4)
Booting from ROM...
early console in setup code
c[?7l[2J[    0.000000] Linux version 5.10.158+ (root@joelboxx.c.googlers.com) (gcc (Debian 12.2.0-3) 12.2.0, GNU ld (GNU Binutils for Debian) 2.39) #4 SMP PREEMPT Tue Dec 13 22:40:45 UTC 2022
[    0.000000] Command line: selinux=0 initcall_debug debug console=ttyS0 maxcpus=8 nr_cpus=43 rcutree.gp_preinit_delay=3 rcutree.gp_init_delay=3 rcutree.gp_cleanup_delay=3 rcu_nocbs=0 rcutorture.fwd_progress=0 rcutorture.onoff_interval=1000 rcutorture.onoff_holdoff=30 rcutorture.n_barrier_cbs=4 rcutorture.stat_interval=15 rcutorture.shutdown_secs=3600 rcutorture.test_no_idle_hz=1 rcutorture.verbose=1
[    0.000000] x86/fpu: x87 FPU will use FXSAVE
[    0.000000] BIOS-provided physical RAM map:
[    0.000000] BIOS-e820: [mem 0x0000000000000000-0x000000000009fbff] usable
[    0.000000] BIOS-e820: [mem 0x000000000009fc00-0x000000000009ffff] reserved
[    0.000000] BIOS-e820: [mem 0x00000000000f0000-0x00000000000fffff] reserved
[    0.000000] BIOS-e820: [mem 0x0000000000100000-0x000000001ffdefff] usable
[    0.000000] BIOS-e820: [mem 0x000000001ffdf000-0x000000001fffffff] reserved
[    0.000000] BIOS-e820: [mem 0x00000000b0000000-0x00000000bfffffff] reserved
[    0.000000] BIOS-e820: [mem 0x00000000fed1c000-0x00000000fed1ffff] reserved
[    0.000000] BIOS-e820: [mem 0x00000000feffc000-0x00000000feffffff] reserved
[    0.000000] BIOS-e820: [mem 0x00000000fffc0000-0x00000000ffffffff] reserved
[    0.000000] NX (Execute Disable) protection: active
[    0.000000] SMBIOS 2.8 present.
[    0.000000] DMI: QEMU Standard PC (Q35 + ICH9, 2009), BIOS 1.16.0-debian-1.16.0-4 04/01/2014
[    0.000000] Hypervisor detected: KVM
[    0.000000] kvm-clock: Using msrs 4b564d01 and 4b564d00
[    0.000000] kvm-clock: cpu 0, msr 1666e001, primary cpu clock
[    0.000001] kvm-clock: using sched offset of 3269835989 cycles
[    0.000761] clocksource: kvm-clock: mask: 0xffffffffffffffff max_cycles: 0x1cd42e4dffb, max_idle_ns: 881590591483 ns
[    0.001307] tsc: Detected 1999.999 MHz processor
[    0.012506] e820: update [mem 0x00000000-0x00000fff] usable ==> reserved
[    0.012511] e820: remove [mem 0x000a0000-0x000fffff] usable
[    0.012518] last_pfn = 0x1ffdf max_arch_pfn = 0x400000000
[    0.014010] MTRR default type: write-back
[    0.014094] MTRR fixed ranges enabled:
[    0.014096]   00000-9FFFF write-back
[    0.014097]   A0000-BFFFF uncachable
[    0.014099]   C0000-FFFFF write-protect
[    0.014100] MTRR variable ranges enabled:
[    0.014102]   0 base 00C0000000 mask FFC0000000 uncachable
[    0.014104]   1 disabled
[    0.014105]   2 disabled
[    0.014106]   3 disabled
[    0.014106]   4 disabled
[    0.014107]   5 disabled
[    0.014108]   6 disabled
[    0.014109]   7 disabled
[    0.014669] x86/PAT: Configuration [0-7]: WB  WC  UC- UC  WB  WC  UC- UC  
[    0.024400] found SMP MP-table at [mem 0x000f5ba0-0x000f5baf]
[    0.029906] check: Scanning 1 areas for low memory corruption
[    0.045640] ACPI: Early table checksum verification disabled
[    0.048789] ACPI: RSDP 0x00000000000F59E0 000014 (v00 BOCHS )
[    0.049302] ACPI: RSDT 0x000000001FFE3206 000038 (v01 BOCHS  BXPC     00000001 BXPC 00000001)
[    0.049795] ACPI: FACP 0x000000001FFE2EAE 0000F4 (v03 BOCHS  BXPC     00000001 BXPC 00000001)
[    0.049900] ACPI: DSDT 0x000000001FFE0040 002E6E (v01 BOCHS  BXPC     00000001 BXPC 00000001)
[    0.049906] ACPI: FACS 0x000000001FFE0000 000040
[    0.049910] ACPI: APIC 0x000000001FFE2FA2 0001C8 (v01 BOCHS  BXPC     00000001 BXPC 00000001)
[    0.049915] ACPI: HPET 0x000000001FFE316A 000038 (v01 BOCHS  BXPC     00000001 BXPC 00000001)
[    0.049919] ACPI: MCFG 0x000000001FFE31A2 00003C (v01 BOCHS  BXPC     00000001 BXPC 00000001)
[    0.049923] ACPI: WAET 0x000000001FFE31DE 000028 (v01 BOCHS  BXPC     00000001 BXPC 00000001)
[    0.049928] ACPI: Reserving FACP table memory at [mem 0x1ffe2eae-0x1ffe2fa1]
[    0.049930] ACPI: Reserving DSDT table memory at [mem 0x1ffe0040-0x1ffe2ead]
[    0.050027] ACPI: Reserving FACS table memory at [mem 0x1ffe0000-0x1ffe003f]
[    0.050029] ACPI: Reserving APIC table memory at [mem 0x1ffe2fa2-0x1ffe3169]
[    0.050030] ACPI: Reserving HPET table memory at [mem 0x1ffe316a-0x1ffe31a1]
[    0.050031] ACPI: Reserving MCFG table memory at [mem 0x1ffe31a2-0x1ffe31dd]
[    0.050032] ACPI: Reserving WAET table memory at [mem 0x1ffe31de-0x1ffe3205]
[    0.051763] ACPI: Local APIC address 0xfee00000
[    0.060467] No NUMA configuration found
[    0.060565] Faking a node at [mem 0x0000000000000000-0x000000001ffdefff]
[    0.060973] NODE_DATA(0) allocated [mem 0x1ffbd000-0x1ffdefff]
[    0.063010] Zone ranges:
[    0.063197]   DMA      [mem 0x0000000000001000-0x0000000000ffffff]
[    0.063294]   DMA32    [mem 0x0000000001000000-0x000000001ffdefff]
[    0.063297]   Normal   empty
[    0.063299] Movable zone start for each node
[    0.063302] Early memory node ranges
[    0.063303]   node   0: [mem 0x0000000000001000-0x000000000009efff]
[    0.063305]   node   0: [mem 0x0000000000100000-0x000000001ffdefff]
[    0.063544] Initmem setup node 0 [mem 0x0000000000001000-0x000000001ffdefff]
[    0.063547] On node 0 totalpages: 130941
[    0.063750]   DMA zone: 64 pages used for memmap
[    0.063751]   DMA zone: 21 pages reserved
[    0.063856]   DMA zone: 3998 pages, LIFO batch:0
[    0.063858]   DMA32 zone: 1984 pages used for memmap
[    0.063859]   DMA32 zone: 126943 pages, LIFO batch:31
[    0.125761] On node 0, zone DMA: 1 pages in unavailable ranges
[    0.131440] On node 0, zone DMA: 97 pages in unavailable ranges
[    1.117035] On node 0, zone DMA32: 33 pages in unavailable ranges
[    1.123880] ACPI: PM-Timer IO Port: 0x608
[    1.123940] ACPI: Local APIC address 0xfee00000
[    1.125217] ACPI: LAPIC_NMI (acpi_id[0xff] dfl dfl lint[0x1])
[    1.127198] IOAPIC[0]: apic_id 0, version 17, address 0xfec00000, GSI 0-23
[    1.127204] ACPI: INT_SRC_OVR (bus 0 bus_irq 0 global_irq 2 dfl dfl)
[    1.127375] ACPI: INT_SRC_OVR (bus 0 bus_irq 5 global_irq 5 high level)
[    1.127377] ACPI: INT_SRC_OVR (bus 0 bus_irq 9 global_irq 9 high level)
[    1.127578] ACPI: INT_SRC_OVR (bus 0 bus_irq 10 global_irq 10 high level)
[    1.127579] ACPI: INT_SRC_OVR (bus 0 bus_irq 11 global_irq 11 high level)
[    1.127582] ACPI: IRQ0 used by override.
[    1.127583] ACPI: IRQ5 used by override.
[    1.127585] ACPI: IRQ9 used by override.
[    1.127586] ACPI: IRQ10 used by override.
[    1.127654] ACPI: IRQ11 used by override.
[    1.127726] Using ACPI (MADT) for SMP configuration information
[    1.127789] ACPI: HPET id: 0x8086a201 base: 0xfed00000
[    1.129145] smpboot: Allowing 43 CPUs, 0 hotplug CPUs
[    1.132095] PM: hibernation: Registered nosave memory: [mem 0x00000000-0x00000fff]
[    1.132098] PM: hibernation: Registered nosave memory: [mem 0x0009f000-0x0009ffff]
[    1.132099] PM: hibernation: Registered nosave memory: [mem 0x000a0000-0x000effff]
[    1.132100] PM: hibernation: Registered nosave memory: [mem 0x000f0000-0x000fffff]
[    1.132228] [mem 0x20000000-0xafffffff] available for PCI devices
[    1.132361] Booting paravirtualized kernel on KVM
[    1.133175] clocksource: refined-jiffies: mask: 0xffffffff max_cycles: 0xffffffff, max_idle_ns: 1910969940391419 ns
[    1.177610] setup_percpu: NR_CPUS:8192 nr_cpumask_bits:43 nr_cpu_ids:43 nr_node_ids:1
[    1.622821] percpu: Embedded 56 pages/cpu s191448 r8192 d29736 u262144
[    1.623078] pcpu-alloc: s191448 r8192 d29736 u262144 alloc=1*2097152
[    1.623333] pcpu-alloc: [0] 00 01 02 03 04 05 06 07 [0] 08 09 10 11 12 13 14 15 
[    1.623343] pcpu-alloc: [0] 16 17 18 19 20 21 22 23 [0] 24 25 26 27 28 29 30 31 
[    1.623352] pcpu-alloc: [0] 32 33 34 35 36 37 38 39 [0] 40 41 42 -- -- -- -- -- 
[    1.624648] kvm-guest: stealtime: cpu 0, msr 1ea1b600
[    1.626135] Built 1 zonelists, mobility grouping on.  Total pages: 128872
[    1.626285] Policy zone: DMA32
[    1.626384] Kernel command line: selinux=0 initcall_debug debug console=ttyS0 maxcpus=8 nr_cpus=43 rcutree.gp_preinit_delay=3 rcutree.gp_init_delay=3 rcutree.gp_cleanup_delay=3 rcu_nocbs=0 rcutorture.fwd_progress=0 rcutorture.onoff_interval=1000 rcutorture.onoff_holdoff=30 rcutorture.n_barrier_cbs=4 rcutorture.stat_interval=15 rcutorture.shutdown_secs=3600 rcutorture.test_no_idle_hz=1 rcutorture.verbose=1
[    1.637144] printk: log_buf_len individual max cpu contribution: 4096 bytes
[    1.637147] printk: log_buf_len total cpu_extra contributions: 172032 bytes
[    1.637148] printk: log_buf_len min size: 262144 bytes
[    1.691156] printk: log_buf_len: 524288 bytes
[    1.691160] printk: early log buf free: 254248(96%)
[    1.691787] Dentry cache hash table entries: 65536 (order: 7, 524288 bytes, linear)
[    1.691858] Inode-cache hash table entries: 32768 (order: 6, 262144 bytes, linear)
[    1.693785] mem auto-init: stack:all(zero), heap alloc:off, heap free:off
[    1.725957] Memory: 465404K/523764K available (16397K kernel code, 3411K rwdata, 4808K rodata, 2172K init, 1912K bss, 58100K reserved, 0K cma-reserved)
[    1.727442] SLUB: HWalign=64, Order=0-3, MinObjects=0, CPUs=43, Nodes=1
[    1.728103] Kernel/User page tables isolation: enabled
[    1.806332] rcu: Preemptible hierarchical RCU implementation.
[    1.806336] rcu: 	RCU event tracing is enabled.
[    1.806338] rcu: 	RCU dyntick-idle grace-period acceleration is enabled.
[    1.806393] rcu: 	RCU restricting CPUs from NR_CPUS=8192 to nr_cpu_ids=43.
[    1.806395] rcu: 	RCU debug GP pre-init slowdown 3 jiffies.
[    1.806446] rcu: 	RCU debug GP init slowdown 3 jiffies.
[    1.806447] rcu: 	RCU debug GP init slowdown 3 jiffies.
[    1.806568] 	Trampoline variant of Tasks RCU enabled.
[    1.806569] 	Rude variant of Tasks RCU enabled.
[    1.806570] 	Tracing variant of Tasks RCU enabled.
[    1.806710] rcu: RCU calculated value of scheduler-enlistment delay is 100 jiffies.
[    1.806712] rcu: Adjusting geometry for rcu_fanout_leaf=16, nr_cpu_ids=43
[    1.823776] NR_IRQS: 524544, nr_irqs: 768, preallocated irqs: 16
[    1.824868] rcu: 	Offload RCU callbacks from CPUs: 0.
[    1.826398] calling  con_init+0x0/0x22a @ 0
[    1.953057] Console: colour VGA+ 80x25
[    1.953070] initcall con_init+0x0/0x22a returned 0 after 0 usecs
[    1.953073] calling  hvc_console_init+0x0/0x13 @ 0
[    1.953133] initcall hvc_console_init+0x0/0x13 returned 0 after 0 usecs
[    1.953135] calling  univ8250_console_init+0x0/0x26 @ 0
[    2.974113] printk: console [ttyS0] enabled
[    2.979928] initcall univ8250_console_init+0x0/0x26 returned 0 after 0 usecs
[    2.989659] ACPI: Core revision 20200925
[    2.996226] clocksource: hpet: mask: 0xffffffff max_cycles: 0xffffffff, max_idle_ns: 19112604467 ns
[    3.007899] APIC: Switch to symmetric I/O mode setup
[    3.013620] Switched APIC routing to physical flat.
[    3.039528] ..TIMER: vector=0x30 apic1=0 pin1=2 apic2=-1 pin2=-1
[    3.047355] clocksource: tsc-early: mask: 0xffffffffffffffff max_cycles: 0x39a85afc727, max_idle_ns: 881590685098 ns
[    3.060503] Calibrating delay loop (skipped) preset value.. 3999.99 BogoMIPS (lpj=1999999)
[    3.061456] pid_max: default: 44032 minimum: 344
[    3.063624] LSM: Security Framework initializing
[    3.065608] Mount-cache hash table entries: 1024 (order: 1, 8192 bytes, linear)
[    3.066531] Mountpoint-cache hash table entries: 1024 (order: 1, 8192 bytes, linear)
[    3.075275] Last level iTLB entries: 4KB 0, 2MB 0, 4MB 0
[    3.075454] Last level dTLB entries: 4KB 0, 2MB 0, 4MB 0, 1GB 0
[    3.076557] Spectre V1 : Mitigation: usercopy/swapgs barriers and __user pointer sanitization
[    3.077470] Spectre V2 : Mitigation: Retpolines
[    3.078454] Spectre V2 : Spectre v2 / SpectreRSB mitigation: Filling RSB on context switch
[    3.079454] Spectre V2 : Spectre v2 / SpectreRSB : Filling RSB on VMEXIT
[    3.080455] Speculative Store Bypass: Vulnerable
[    3.081458] MDS: Vulnerable: Clear CPU buffers attempted, no microcode
[    3.083453] MMIO Stale Data: Unknown: No mitigations
[    3.266490] Freeing SMP alternatives memory: 40K
[    3.372362] smpboot: CPU0: Intel Common KVM processor (family: 0xf, model: 0x6, stepping: 0x1)
[    3.375449] calling  init_hw_perf_events+0x0/0x6ce @ 1
[    3.376456] Performance Events: unsupported Netburst CPU model 6 no PMU driver, software events only.
[    3.377464] initcall init_hw_perf_events+0x0/0x6ce returned 0 after 976 usecs
[    3.378469] calling  init_real_mode+0x0/0x1e9 @ 1
[    3.380102] initcall init_real_mode+0x0/0x1e9 returned 0 after 0 usecs
[    3.380459] calling  trace_init_perf_perm_irq_work_exit+0x0/0x12 @ 1
[    3.381461] initcall trace_init_perf_perm_irq_work_exit+0x0/0x12 returned 0 after 0 usecs
[    3.382474] calling  validate_x2apic+0x0/0x4a @ 1
[    3.383484] initcall validate_x2apic+0x0/0x4a returned 0 after 0 usecs
[    3.384459] calling  register_nmi_cpu_backtrace_handler+0x0/0x15 @ 1
[    3.385464] initcall register_nmi_cpu_backtrace_handler+0x0/0x15 returned 0 after 0 usecs
[    3.386460] calling  kvm_setup_vsyscall_timeinfo+0x0/0xd0 @ 1
[    3.387462] initcall kvm_setup_vsyscall_timeinfo+0x0/0xd0 returned 0 after 0 usecs
[    3.388459] calling  spawn_ksoftirqd+0x0/0x38 @ 1
[    3.389583] initcall spawn_ksoftirqd+0x0/0x38 returned 0 after 0 usecs
[    3.390459] calling  migration_init+0x0/0x31 @ 1
[    3.391458] initcall migration_init+0x0/0x31 returned 0 after 0 usecs
[    3.392475] calling  srcu_bootup_announce+0x0/0x2f @ 1
[    3.393463] rcu: Hierarchical SRCU implementation.
[    3.394459] initcall srcu_bootup_announce+0x0/0x2f returned 0 after 976 usecs
[    3.395458] calling  rcu_spawn_gp_kthread+0x0/0x1dd @ 1
[    3.397482] initcall rcu_spawn_gp_kthread+0x0/0x1dd returned 0 after 976 usecs
[    3.398463] calling  check_cpu_stall_init+0x0/0x1a @ 1
[    3.399459] initcall check_cpu_stall_init+0x0/0x1a returned 0 after 0 usecs
[    3.400474] calling  rcu_sysrq_init+0x0/0x21 @ 1
[    3.401463] initcall rcu_sysrq_init+0x0/0x21 returned 0 after 0 usecs
[    3.402459] calling  trace_init_flags_sys_enter+0x0/0xe @ 1
[    3.403458] initcall trace_init_flags_sys_enter+0x0/0xe returned 0 after 0 usecs
[    3.404466] calling  trace_init_flags_sys_exit+0x0/0xe @ 1
[    3.405456] initcall trace_init_flags_sys_exit+0x0/0xe returned 0 after 0 usecs
[    3.406456] calling  cpu_stop_init+0x0/0x6e @ 1
[    3.407774] initcall cpu_stop_init+0x0/0x6e returned 0 after 0 usecs
[    3.408456] calling  init_kprobes+0x0/0x165 @ 1
[    3.410688] initcall init_kprobes+0x0/0x165 returned 0 after 976 usecs
[    3.411456] calling  init_events+0x0/0x3d @ 1
[    3.412470] initcall init_events+0x0/0x3d returned 0 after 0 usecs
[    3.413456] calling  init_trace_printk+0x0/0xc @ 1
[    3.414456] initcall init_trace_printk+0x0/0xc returned 0 after 0 usecs
[    3.415454] calling  event_trace_enable_again+0x0/0x23 @ 1
[    3.416455] initcall event_trace_enable_again+0x0/0x23 returned 0 after 0 usecs
[    3.417456] calling  static_call_init+0x0/0x77 @ 1
[    3.418456] initcall static_call_init+0x0/0x77 returned 0 after 0 usecs
[    3.419458] calling  jump_label_init_module+0x0/0xc @ 1
[    3.420459] initcall jump_label_init_module+0x0/0xc returned 0 after 0 usecs
[    3.421459] calling  init_zero_pfn+0x0/0x37 @ 1
[    3.422458] initcall init_zero_pfn+0x0/0x37 returned 0 after 0 usecs
[    3.423456] calling  initialize_ptr_random+0x0/0x54 @ 1
[    3.424458] initcall initialize_ptr_random+0x0/0x54 returned 0 after 0 usecs
[    3.425458] calling  efi_memreserve_root_init+0x0/0x25 @ 1
[    3.426479] initcall efi_memreserve_root_init+0x0/0x25 returned 0 after 0 usecs
[    3.427457] calling  efi_earlycon_remap_fb+0x0/0x51 @ 1
[    3.428456] initcall efi_earlycon_remap_fb+0x0/0x51 returned 0 after 0 usecs
[    3.434337] smp: Bringing up secondary CPUs ...
[    3.436813] x86: Booting SMP configuration:
[    3.437455] .... node  #0, CPUs:        #1
[    1.232436] kvm-clock: cpu 1, msr 1666e041, secondary cpu clock
[    3.462738] kvm-guest: stealtime: cpu 1, msr 1ea5b600
[    3.479466]   #2
[    1.232436] kvm-clock: cpu 2, msr 1666e081, secondary cpu clock
[    3.503597] kvm-guest: stealtime: cpu 2, msr 1ea9b600
[    3.520123]   #3
[    1.232436] kvm-clock: cpu 3, msr 1666e0c1, secondary cpu clock
[    3.542596] kvm-guest: stealtime: cpu 3, msr 1eadb600
[    3.558971]   #4
[    1.232436] kvm-clock: cpu 4, msr 1666e101, secondary cpu clock
[    3.581627] kvm-guest: stealtime: cpu 4, msr 1eb1b600
[    3.597459]   #5
[    1.232436] kvm-clock: cpu 5, msr 1666e141, secondary cpu clock
[    3.619604] kvm-guest: stealtime: cpu 5, msr 1eb5b600
[    3.637461]   #6
[    1.232436] kvm-clock: cpu 6, msr 1666e181, secondary cpu clock
[    3.663977] kvm-guest: stealtime: cpu 6, msr 1eb9b600
[    3.680202]   #7
[    1.232436] kvm-clock: cpu 7, msr 1666e1c1, secondary cpu clock
[    3.704644] kvm-guest: stealtime: cpu 7, msr 1ebdb600
[    3.723505] smp: Brought up 1 node, 8 CPUs
[    3.724475] smpboot: Max logical packages: 6
[    3.725461] smpboot: Total of 8 processors activated (31999.98 BogoMIPS)
[    3.731454] devtmpfs: initialized
[    3.732814] calling  ipc_ns_init+0x0/0x3d @ 1
[    3.733532] initcall ipc_ns_init+0x0/0x3d returned 0 after 0 usecs
[    3.734459] calling  init_mmap_min_addr+0x0/0x21 @ 1
[    3.735459] initcall init_mmap_min_addr+0x0/0x21 returned 0 after 0 usecs
[    3.736461] calling  pci_realloc_setup_params+0x0/0x3f @ 1
[    3.737462] initcall pci_realloc_setup_params+0x0/0x3f returned 0 after 0 usecs
[    3.738566] calling  net_ns_init+0x0/0x140 @ 1
[    3.740720] initcall net_ns_init+0x0/0x140 returned 0 after 976 usecs
[    3.741500] calling  e820__register_nvs_regions+0x0/0x37 @ 1
[    3.742460] initcall e820__register_nvs_regions+0x0/0x37 returned 0 after 0 usecs
[    3.743459] calling  cpufreq_register_tsc_scaling+0x0/0x2e @ 1
[    3.744459] initcall cpufreq_register_tsc_scaling+0x0/0x2e returned 0 after 0 usecs
[    3.745463] calling  reboot_init+0x0/0x3c @ 1
[    3.747501] initcall reboot_init+0x0/0x3c returned 0 after 976 usecs
[    3.748460] calling  init_lapic_sysfs+0x0/0x20 @ 1
[    3.749459] initcall init_lapic_sysfs+0x0/0x20 returned 0 after 0 usecs
[    3.750459] calling  alloc_frozen_cpus+0x0/0x1d @ 1
[    3.751462] initcall alloc_frozen_cpus+0x0/0x1d returned 0 after 0 usecs
[    3.752462] calling  cpu_hotplug_pm_sync_init+0x0/0x13 @ 1
[    3.753461] initcall cpu_hotplug_pm_sync_init+0x0/0x13 returned 0 after 0 usecs
[    3.754459] calling  wq_sysfs_init+0x0/0x2a @ 1
[    3.755532] initcall wq_sysfs_init+0x0/0x2a returned 0 after 0 usecs
[    3.756461] calling  ksysfs_init+0x0/0x92 @ 1
[    3.757493] initcall ksysfs_init+0x0/0x92 returned 0 after 0 usecs
[    3.758459] calling  schedutil_gov_init+0x0/0xc @ 1
[    3.759500] initcall schedutil_gov_init+0x0/0xc returned 0 after 0 usecs
[    3.760465] calling  pm_init+0x0/0x76 @ 1
[    3.761522] initcall pm_init+0x0/0x76 returned 0 after 0 usecs
[    3.762459] calling  pm_disk_init+0x0/0x13 @ 1
[    3.763563] initcall pm_disk_init+0x0/0x13 returned 0 after 0 usecs
[    3.764461] calling  swsusp_header_init+0x0/0x2b @ 1
[    3.765465] initcall swsusp_header_init+0x0/0x2b returned 0 after 0 usecs
[    3.766458] calling  rcu_set_runtime_mode+0x0/0x16 @ 1
[    3.767468] initcall rcu_set_runtime_mode+0x0/0x16 returned 0 after 0 usecs
[    3.768460] calling  init_jiffies_clocksource+0x0/0x13 @ 1
[    3.769458] clocksource: jiffies: mask: 0xffffffff max_cycles: 0xffffffff, max_idle_ns: 1911260446275000 ns
[    3.770463] initcall init_jiffies_clocksource+0x0/0x13 returned 0 after 976 usecs
[    3.771459] calling  futex_init+0x0/0xfd @ 1
[    3.772463] futex hash table entries: 16384 (order: 8, 1048576 bytes, linear)
[    3.773776] initcall futex_init+0x0/0xfd returned 0 after 976 usecs
[    3.774461] calling  cgroup_wq_init+0x0/0x28 @ 1
[    3.775492] initcall cgroup_wq_init+0x0/0x28 returned 0 after 0 usecs
[    3.776459] calling  cgroup1_wq_init+0x0/0x28 @ 1
[    3.777488] initcall cgroup1_wq_init+0x0/0x28 returned 0 after 0 usecs
[    3.778459] calling  init_kprobe_trace_early+0x0/0x2a @ 1
[    3.779461] initcall init_kprobe_trace_early+0x0/0x2a returned 0 after 0 usecs
[    3.780460] calling  fsnotify_init+0x0/0x48 @ 1
[    3.781551] initcall fsnotify_init+0x0/0x48 returned 0 after 0 usecs
[    3.782461] calling  filelock_init+0x0/0x96 @ 1
[    3.783615] initcall filelock_init+0x0/0x96 returned 0 after 0 usecs
[    3.784459] calling  init_misc_binfmt+0x0/0x2c @ 1
[    3.785463] initcall init_misc_binfmt+0x0/0x2c returned 0 after 0 usecs
[    3.786458] calling  init_script_binfmt+0x0/0x15 @ 1
[    3.787460] initcall init_script_binfmt+0x0/0x15 returned 0 after 0 usecs
[    3.788459] calling  init_elf_binfmt+0x0/0x15 @ 1
[    3.789462] initcall init_elf_binfmt+0x0/0x15 returned 0 after 0 usecs
[    3.790459] calling  init_compat_elf_binfmt+0x0/0x15 @ 1
[    3.791460] initcall init_compat_elf_binfmt+0x0/0x15 returned 0 after 0 usecs
[    3.792460] calling  debugfs_init+0x0/0x5c @ 1
[    3.793489] initcall debugfs_init+0x0/0x5c returned 0 after 0 usecs
[    3.795458] calling  tracefs_init+0x0/0x3a @ 1
[    3.796465] initcall tracefs_init+0x0/0x3a returned 0 after 0 usecs
[    3.797457] calling  prandom_init_early+0x0/0x15d @ 1
[    3.798462] initcall prandom_init_early+0x0/0x15d returned 0 after 0 usecs
[    3.799665] calling  virtio_init+0x0/0x20 @ 1
[    3.801493] initcall virtio_init+0x0/0x20 returned 0 after 0 usecs
[    3.802460] calling  iommu_init+0x0/0x2a @ 1
[    3.803464] initcall iommu_init+0x0/0x2a returned 0 after 0 usecs
[    3.804457] calling  component_debug_init+0x0/0x1c @ 1
[    3.806465] initcall component_debug_init+0x0/0x1c returned 0 after 976 usecs
[    3.807457] calling  early_resume_init+0x0/0xb9 @ 1
[    3.809455] PM: RTC time: 23:01:25, date: 2022-12-13
[    3.810492] initcall early_resume_init+0x0/0xb9 returned 0 after 1953 usecs
[    3.811461] calling  cpufreq_core_init+0x0/0x62 @ 1
[    3.812479] initcall cpufreq_core_init+0x0/0x62 returned 0 after 0 usecs
[    3.813460] calling  cpufreq_gov_performance_init+0x0/0xc @ 1
[    3.814461] initcall cpufreq_gov_performance_init+0x0/0xc returned 0 after 0 usecs
[    3.815459] calling  cpufreq_gov_userspace_init+0x0/0xc @ 1
[    3.816459] initcall cpufreq_gov_userspace_init+0x0/0xc returned 0 after 0 usecs
[    3.817459] calling  CPU_FREQ_GOV_ONDEMAND_init+0x0/0xc @ 1
[    3.818457] initcall CPU_FREQ_GOV_ONDEMAND_init+0x0/0xc returned 0 after 0 usecs
[    3.819458] calling  cpuidle_init+0x0/0x1f @ 1
[    3.820493] initcall cpuidle_init+0x0/0x1f returned 0 after 0 usecs
[    3.821459] calling  capsule_reboot_register+0x0/0xc @ 1
[    3.822471] initcall capsule_reboot_register+0x0/0xc returned 0 after 0 usecs
[    3.823464] calling  sock_init+0x0/0x93 @ 1
[    3.827554] initcall sock_init+0x0/0x93 returned 0 after 2929 usecs
[    3.828465] calling  net_inuse_init+0x0/0x23 @ 1
[    3.829469] initcall net_inuse_init+0x0/0x23 returned 0 after 0 usecs
[    3.830459] calling  net_defaults_init+0x0/0x23 @ 1
[    3.831459] initcall net_defaults_init+0x0/0x23 returned 0 after 0 usecs
[    3.832458] calling  init_default_flow_dissectors+0x0/0x4f @ 1
[    3.833473] initcall init_default_flow_dissectors+0x0/0x4f returned 0 after 0 usecs
[    3.834460] calling  netpoll_init+0x0/0x26 @ 1
[    3.835459] initcall netpoll_init+0x0/0x26 returned 0 after 0 usecs
[    3.836460] calling  netlink_proto_init+0x0/0x14f @ 1
[    3.837583] NET: Registered protocol family 16
[    3.838502] initcall netlink_proto_init+0x0/0x14f returned 0 after 976 usecs
[    3.839461] calling  genl_init+0x0/0x35 @ 1
[    3.840553] initcall genl_init+0x0/0x35 returned 0 after 0 usecs
[    3.841458] calling  bsp_pm_check_init+0x0/0x13 @ 1
[    3.842458] initcall bsp_pm_check_init+0x0/0x13 returned 0 after 0 usecs
[    3.843484] calling  irq_sysfs_init+0x0/0xb7 @ 1
[    3.845466] initcall irq_sysfs_init+0x0/0xb7 returned 0 after 976 usecs
[    3.846460] calling  audit_init+0x0/0x160 @ 1
[    3.847472] audit: initializing netlink subsys (disabled)
[    3.849697] initcall audit_init+0x0/0x160 returned 0 after 1953 usecs
[    3.849697] audit: type=2000 audit(1670972483.139:1): state=initialized audit_enabled=0 res=1
[    3.850466] calling  release_early_probes+0x0/0x32 @ 1
[    3.852464] initcall release_early_probes+0x0/0x32 returned 0 after 0 usecs
[    3.853462] calling  bdi_class_init+0x0/0x48 @ 1
[    3.855479] initcall bdi_class_init+0x0/0x48 returned 0 after 0 usecs
[    3.856463] calling  mm_sysfs_init+0x0/0x28 @ 1
[    3.857465] initcall mm_sysfs_init+0x0/0x28 returned 0 after 0 usecs
[    3.858461] calling  init_per_zone_wmark_min+0x0/0x6d @ 1
[    3.859465] initcall init_per_zone_wmark_min+0x0/0x6d returned 0 after 0 usecs
[    3.860458] calling  mpi_init+0x0/0x3e @ 1
[    3.861640] initcall mpi_init+0x0/0x3e returned 0 after 0 usecs
[    3.862456] calling  kobject_uevent_init+0x0/0xc @ 1
[    3.863467] initcall kobject_uevent_init+0x0/0xc returned 0 after 0 usecs
[    3.864457] calling  pcibus_class_init+0x0/0x13 @ 1
[    3.865471] initcall pcibus_class_init+0x0/0x13 returned 0 after 0 usecs
[    3.866458] calling  pci_driver_init+0x0/0x21 @ 1
[    3.867491] initcall pci_driver_init+0x0/0x21 returned 0 after 0 usecs
[    3.868459] calling  backlight_class_init+0x0/0xa8 @ 1
[    3.869573] initcall backlight_class_init+0x0/0xa8 returned 0 after 0 usecs
[    3.870461] calling  tty_class_init+0x0/0x33 @ 1
[    3.871471] initcall tty_class_init+0x0/0x33 returned 0 after 0 usecs
[    3.872464] calling  vtconsole_class_init+0x0/0xb5 @ 1
[    3.873533] initcall vtconsole_class_init+0x0/0xb5 returned 0 after 0 usecs
[    3.874458] calling  iommu_dev_init+0x0/0x13 @ 1
[    3.875487] initcall iommu_dev_init+0x0/0x13 returned 0 after 0 usecs
[    3.876456] calling  mipi_dsi_bus_init+0x0/0xc @ 1
[    3.877517] initcall mipi_dsi_bus_init+0x0/0xc returned 0 after 0 usecs
[    3.878457] calling  devlink_class_init+0x0/0x40 @ 1
[    3.879466] initcall devlink_class_init+0x0/0x40 returned 0 after 0 usecs
[    3.880456] calling  software_node_init+0x0/0x2a @ 1
[    3.881461] initcall software_node_init+0x0/0x2a returned 0 after 0 usecs
[    3.882456] calling  wakeup_sources_debugfs_init+0x0/0x23 @ 1
[    3.883465] initcall wakeup_sources_debugfs_init+0x0/0x23 returned 0 after 0 usecs
[    3.884462] calling  wakeup_sources_sysfs_init+0x0/0x2c @ 1
[    3.885478] initcall wakeup_sources_sysfs_init+0x0/0x2c returned 0 after 0 usecs
[    3.886461] calling  register_node_type+0x0/0x13 @ 1
[    3.887491] initcall register_node_type+0x0/0x13 returned 0 after 0 usecs
[    3.888461] calling  regmap_initcall+0x0/0xc @ 1
[    3.889481] initcall regmap_initcall+0x0/0xc returned 0 after 0 usecs
[    3.890458] calling  i2c_init+0x0/0xb3 @ 1
[    3.891497] initcall i2c_init+0x0/0xb3 returned 0 after 0 usecs
[    3.892457] calling  thermal_init+0x0/0xf2 @ 1
[    3.893455] thermal_sys: Registered thermal governor 'step_wise'
[    3.893456] thermal_sys: Registered thermal governor 'user_space'
[    3.894469] initcall thermal_init+0x0/0xf2 returned 0 after 976 usecs
[    3.896458] calling  init_menu+0x0/0xc @ 1
[    3.899798] cpuidle: using governor menu
[    3.906464] initcall init_menu+0x0/0xc returned 0 after 8789 usecs
[    3.916463] calling  pcc_init+0x0/0x4d @ 1
[    3.923460] initcall pcc_init+0x0/0x4d returned -19 after 0 usecs
[    3.933460] calling  amd_postcore_init+0x0/0x11e @ 1
[    3.941459] initcall amd_postcore_init+0x0/0x11e returned 0 after 0 usecs
[    3.953501] calling  bts_init+0x0/0xba @ 1
[    3.960459] initcall bts_init+0x0/0xba returned -19 after 0 usecs
[    3.969468] calling  pt_init+0x0/0x341 @ 1
[    3.976467] initcall pt_init+0x0/0x341 returned -19 after 0 usecs
[    3.986466] calling  boot_params_ksysfs_init+0x0/0x2ee @ 1
[    3.994493] initcall boot_params_ksysfs_init+0x0/0x2ee returned 0 after 0 usecs
[    4.007466] calling  sbf_init+0x0/0xea @ 1
[    4.013461] initcall sbf_init+0x0/0xea returned 0 after 0 usecs
[    4.022469] calling  arch_kdebugfs_init+0x0/0x219 @ 1
[    4.031573] initcall arch_kdebugfs_init+0x0/0x219 returned 0 after 0 usecs
[    4.042462] calling  intel_pconfig_init+0x0/0x85 @ 1
[    4.051465] initcall intel_pconfig_init+0x0/0x85 returned 0 after 0 usecs
[    4.062461] calling  mtrr_if_init+0x0/0x5d @ 1
[    4.078483] initcall mtrr_if_init+0x0/0x5d returned 0 after 9765 usecs
[    4.087461] calling  activate_jump_labels+0x0/0x31 @ 1
[    4.094457] initcall activate_jump_labels+0x0/0x31 returned 0 after 0 usecs
[    4.103457] calling  ffh_cstate_init+0x0/0x29 @ 1
[    4.110470] initcall ffh_cstate_init+0x0/0x29 returned 0 after 0 usecs
[    4.121460] calling  activate_jump_labels+0x0/0x31 @ 1
[    4.133501] initcall activate_jump_labels+0x0/0x31 returned 0 after 3906 usecs
[    4.144462] calling  kvm_alloc_cpumask+0x0/0x87 @ 1
[    4.151523] initcall kvm_alloc_cpumask+0x0/0x87 returned 0 after 0 usecs
[    4.162471] calling  kcmp_cookies_init+0x0/0x37 @ 1
[    4.170469] initcall kcmp_cookies_init+0x0/0x37 returned 0 after 0 usecs
[    4.181462] calling  cryptomgr_init+0x0/0xc @ 1
[    4.189531] initcall cryptomgr_init+0x0/0xc returned 0 after 0 usecs
[    4.199461] calling  acpi_pci_init+0x0/0x57 @ 1
[    4.205455] ACPI: bus type PCI registered
[    4.210459] initcall acpi_pci_init+0x0/0x57 returned 0 after 4882 usecs
[    4.214458] calling  dma_channel_table_init+0x0/0xd1 @ 1
[    4.221480] initcall dma_channel_table_init+0x0/0xd1 returned 0 after 0 usecs
[    4.225459] calling  dma_bus_init+0x0/0xdc @ 1
[    4.232644] initcall dma_bus_init+0x0/0xdc returned 0 after 0 usecs
[    4.242602] calling  iommu_dma_init+0x0/0x10 @ 1
[    4.250483] initcall iommu_dma_init+0x0/0x10 returned 0 after 0 usecs
[    4.260462] calling  dmi_id_init+0x0/0x37c @ 1
[    4.267601] initcall dmi_id_init+0x0/0x37c returned 0 after 0 usecs
[    4.277461] calling  pci_arch_init+0x0/0x71 @ 1
[    4.286034] PCI: MMCONFIG for domain 0000 [bus 00-ff] at [mem 0xb0000000-0xbfffffff] (base 0xb0000000)
[    4.300461] PCI: MMCONFIG at [mem 0xb0000000-0xbfffffff] reserved in E820
[    4.312486] PCI: Using configuration type 1 for base access
[    4.321511] initcall pci_arch_init+0x0/0x71 returned 0 after 35156 usecs
[    4.328505] calling  init_vdso+0x0/0x13 @ 1
[    4.335662] initcall init_vdso+0x0/0x13 returned 0 after 0 usecs
[    4.346465] calling  sysenter_setup+0x0/0x13 @ 1
[    4.353531] initcall sysenter_setup+0x0/0x13 returned 0 after 0 usecs
[    4.364468] calling  fixup_ht_bug+0x0/0xe5 @ 1
[    4.371471] initcall fixup_ht_bug+0x0/0xe5 returned 0 after 0 usecs
[    4.380462] calling  topology_init+0x0/0x8b @ 1
[    4.388058] initcall topology_init+0x0/0x8b returned 0 after 0 usecs
[    4.396460] calling  intel_epb_init+0x0/0x68 @ 1
[    4.403460] initcall intel_epb_init+0x0/0x68 returned -19 after 0 usecs
[    4.414463] calling  mtrr_init_finialize+0x0/0x3e @ 1
[    4.421466] initcall mtrr_init_finialize+0x0/0x3e returned 0 after 0 usecs
[    4.429463] calling  uid_cache_init+0x0/0x85 @ 1
[    4.437472] initcall uid_cache_init+0x0/0x85 returned 0 after 0 usecs
[    4.446466] calling  param_sysfs_init+0x0/0x1ba @ 1
[    4.457666] initcall param_sysfs_init+0x0/0x1ba returned 0 after 3906 usecs
[    4.467462] calling  user_namespace_sysctl_init+0x0/0x33 @ 1
[    4.475476] initcall user_namespace_sysctl_init+0x0/0x33 returned 0 after 0 usecs
[    4.485466] calling  proc_schedstat_init+0x0/0x24 @ 1
[    4.492469] initcall proc_schedstat_init+0x0/0x24 returned 0 after 0 usecs
[    4.502468] calling  pm_sysrq_init+0x0/0x18 @ 1
[    4.520449] initcall pm_sysrq_init+0x0/0x18 returned 0 after 7812 usecs
[    4.528026] calling  create_proc_profile+0x0/0xd0 @ 1
[    4.533472] initcall create_proc_profile+0x0/0xd0 returned 0 after 0 usecs
[    4.539467] calling  time_ns_init+0x0/0x7 @ 1
[    4.545466] initcall time_ns_init+0x0/0x7 returned 0 after 0 usecs
[    4.553466] calling  crash_save_vmcoreinfo_init+0x0/0x722 @ 1
[    4.558829] initcall crash_save_vmcoreinfo_init+0x0/0x722 returned 0 after 0 usecs
[    4.562462] calling  crash_notes_memory_init+0x0/0x35 @ 1
[    4.570478] initcall crash_notes_memory_init+0x0/0x35 returned 0 after 0 usecs
[    4.581462] calling  cgroup_sysfs_init+0x0/0x13 @ 1
[    4.587679] initcall cgroup_sysfs_init+0x0/0x13 returned 0 after 0 usecs
[    4.589459] calling  cgroup_namespaces_init+0x0/0x7 @ 1
[    4.593460] initcall cgroup_namespaces_init+0x0/0x7 returned 0 after 0 usecs
[    4.595459] calling  init_optprobes+0x0/0x13 @ 1
[    4.599455] Kprobes globally optimized
[    4.602459] initcall init_optprobes+0x0/0x13 returned 0 after 2929 usecs
[    4.605459] calling  oom_init+0x0/0x2f @ 1
[    4.614458] initcall oom_init+0x0/0x2f returned 0 after 3906 usecs
[    4.618462] calling  default_bdi_init+0x0/0xb3 @ 1
[    4.629519] initcall default_bdi_init+0x0/0xb3 returned 0 after 3906 usecs
[    4.639462] calling  percpu_enable_async+0x0/0xe @ 1
[    4.644460] initcall percpu_enable_async+0x0/0xe returned 0 after 0 usecs
[    4.650459] calling  kcompactd_init+0x0/0x90 @ 1
[    4.660459] initcall kcompactd_init+0x0/0x90 returned 0 after 4882 usecs
[    4.666134] calling  init_user_reserve+0x0/0x40 @ 1
[    4.672467] initcall init_user_reserve+0x0/0x40 returned 0 after 0 usecs
[    4.678470] calling  init_admin_reserve+0x0/0x40 @ 1
[    4.684464] initcall init_admin_reserve+0x0/0x40 returned 0 after 0 usecs
[    4.690462] calling  init_reserve_notifier+0x0/0x7 @ 1
[    4.692457] initcall init_reserve_notifier+0x0/0x7 returned 0 after 0 usecs
[    4.698462] calling  swap_init_sysfs+0x0/0x62 @ 1
[    4.703471] initcall swap_init_sysfs+0x0/0x62 returned 0 after 0 usecs
[    4.707461] calling  swapfile_init+0x0/0x96 @ 1
[    4.710459] initcall swapfile_init+0x0/0x96 returned 0 after 0 usecs
[    4.715460] calling  hugetlb_init+0x0/0x49f @ 1
[    4.720837] HugeTLB registered 2.00 MiB page size, pre-allocated 0 pages
[    4.726457] initcall hugetlb_init+0x0/0x49f returned 0 after 8789 usecs
[    4.731459] calling  io_wq_init+0x0/0x34 @ 1
[    4.735461] initcall io_wq_init+0x0/0x34 returned 0 after 0 usecs
[    4.739460] calling  seqiv_module_init+0x0/0xc @ 1
[    4.742460] initcall seqiv_module_init+0x0/0xc returned 0 after 0 usecs
[    4.746458] calling  echainiv_module_init+0x0/0xc @ 1
[    4.748461] initcall echainiv_module_init+0x0/0xc returned 0 after 0 usecs
[    4.756449] calling  rsa_init+0x0/0x50 @ 1
[    4.766488] cryptomgr_test (63) used greatest stack depth: 15504 bytes left
[    4.766469] initcall rsa_init+0x0/0x50 returned 0 after 6835 usecs
[    4.780469] calling  crypto_cmac_module_init+0x0/0xc @ 1
[    4.783463] initcall crypto_cmac_module_init+0x0/0xc returned 0 after 0 usecs
[    4.789461] calling  hmac_module_init+0x0/0xc @ 1
[    4.795460] initcall hmac_module_init+0x0/0xc returned 0 after 0 usecs
[    4.803459] calling  crypto_null_mod_init+0x0/0x65 @ 1
[    4.827469] initcall crypto_null_mod_init+0x0/0x65 returned 0 after 18554 usecs
[    4.838465] calling  md5_mod_init+0x0/0xc @ 1
[    4.853482] initcall md5_mod_init+0x0/0xc returned 0 after 6835 usecs
[    4.863463] calling  sha256_generic_mod_init+0x0/0x11 @ 1
[    4.881463] initcall sha256_generic_mod_init+0x0/0x11 returned 0 after 10742 usecs
[    4.893465] calling  crypto_cbc_module_init+0x0/0xc @ 1
[    4.901460] initcall crypto_cbc_module_init+0x0/0xc returned 0 after 0 usecs
[    4.913460] calling  crypto_ctr_module_init+0x0/0x11 @ 1
[    4.920460] initcall crypto_ctr_module_init+0x0/0x11 returned 0 after 0 usecs
[    4.934458] calling  crypto_gcm_module_init+0x0/0x64 @ 1
[    4.942598] initcall crypto_gcm_module_init+0x0/0x64 returned 0 after 0 usecs
[    4.952461] calling  crypto_ccm_module_init+0x0/0x11 @ 1
[    4.958461] initcall crypto_ccm_module_init+0x0/0x11 returned 0 after 0 usecs
[    4.966459] calling  aes_init+0x0/0xc @ 1
[    4.979463] initcall aes_init+0x0/0xc returned 0 after 9765 usecs
[    4.983459] calling  crc32c_mod_init+0x0/0xc @ 1
[    4.995264] cryptomgr_test (78) used greatest stack depth: 15136 bytes left
[    4.995467] initcall crc32c_mod_init+0x0/0xc returned 0 after 8789 usecs
[    5.013461] calling  crypto_authenc_module_init+0x0/0xc @ 1
[    5.020460] initcall crypto_authenc_module_init+0x0/0xc returned 0 after 0 usecs
[    5.030458] calling  crypto_authenc_esn_module_init+0x0/0xc @ 1
[    5.038460] initcall crypto_authenc_esn_module_init+0x0/0xc returned 0 after 0 usecs
[    5.048458] calling  drbg_init+0x0/0x7c @ 1
[    5.081016] initcall drbg_init+0x0/0x7c returned 0 after 26367 usecs
[    5.090460] calling  ghash_mod_init+0x0/0xc @ 1
[    5.100586] initcall ghash_mod_init+0x0/0xc returned 0 after 4882 usecs
[    5.111086] calling  init_bio+0x0/0x9a @ 1
[    5.116628] initcall init_bio+0x0/0x9a returned 0 after 0 usecs
[    5.124459] calling  blk_settings_init+0x0/0x29 @ 1
[    5.131459] initcall blk_settings_init+0x0/0x29 returned 0 after 0 usecs
[    5.139459] calling  blk_ioc_init+0x0/0x29 @ 1
[    5.146463] initcall blk_ioc_init+0x0/0x29 returned 0 after 0 usecs
[    5.152458] calling  blk_mq_init+0x0/0xb9 @ 1
[    5.157462] initcall blk_mq_init+0x0/0xb9 returned 0 after 0 usecs
[    5.165457] calling  genhd_device_init+0x0/0x75 @ 1
[    5.176621] initcall genhd_device_init+0x0/0x75 returned 0 after 2929 usecs
[    5.187634] calling  pci_slot_init+0x0/0x40 @ 1
[    5.193466] initcall pci_slot_init+0x0/0x40 returned 0 after 0 usecs
[    5.202456] calling  fbmem_init+0x0/0xd8 @ 1
[    5.209239] initcall fbmem_init+0x0/0xd8 returned 0 after 976 usecs
[    5.217458] calling  acpi_init+0x0/0x319 @ 1
[    5.222642] ACPI: Added _OSI(Module Device)
[    5.228455] ACPI: Added _OSI(Processor Device)
[    5.234456] ACPI: Added _OSI(3.0 _SCP Extensions)
[    5.240454] ACPI: Added _OSI(Processor Aggregator Device)
[    5.247456] ACPI: Added _OSI(Linux-Dell-Video)
[    5.253460] ACPI: Added _OSI(Linux-Lenovo-NV-HDMI-Audio)
[    5.262465] ACPI: Added _OSI(Linux-HPI-Hybrid-Graphics)
[    5.270750] ACPI: 1 ACPI AML tables successfully acquired and loaded
[    5.292807] ACPI: Interpreter enabled
[    5.297594] ACPI: (supports S0 S3 S4 S5)
[    5.302456] ACPI: Using IOAPIC for interrupt routing
[    5.308530] PCI: Using host bridge windows from ACPI; if necessary, use "pci=nocrs" and report a bug
[    5.321741] ACPI: Enabled 2 GPEs in block 00 to 3F
[    5.360803] ACPI: PCI Root Bridge [PCI0] (domain 0000 [bus 00-ff])
[    5.369462] acpi PNP0A08:00: _OSC: OS supports [ExtendedConfig ASPM ClockPM Segments MSI HPX-Type3]
[    5.381551] acpi PNP0A08:00: _OSC: platform does not support [LTR]
[    5.389694] acpi PNP0A08:00: _OSC: OS now controls [PME PCIeCapability]
[    5.398525] PCI host bridge to bus 0000:00
[    5.404545] pci_bus 0000:00: root bus resource [io  0x0000-0x0cf7 window]
[    5.412457] pci_bus 0000:00: root bus resource [io  0x0d00-0xffff window]
[    5.422458] pci_bus 0000:00: root bus resource [mem 0x000a0000-0x000bffff window]
[    5.431472] pci_bus 0000:00: root bus resource [mem 0x20000000-0xafffffff window]
[    5.443464] pci_bus 0000:00: root bus resource [mem 0xc0000000-0xfebfffff window]
[    5.456461] pci_bus 0000:00: root bus resource [mem 0x100000000-0x8ffffffff window]
[    5.468459] pci_bus 0000:00: root bus resource [bus 00-ff]
[    5.476242] pci 0000:00:00.0: calling  quirk_mmio_always_on+0x0/0x10 @ 1
[    5.484459] pci 0000:00:00.0: quirk_mmio_always_on+0x0/0x10 took 0 usecs
[    5.493459] pci 0000:00:00.0: [8086:29c0] type 00 class 0x060000
[    5.504308] pci 0000:00:00.0: calling  quirk_igfx_skip_te_disable+0x0/0x80 @ 1
[    5.513460] pci 0000:00:00.0: quirk_igfx_skip_te_disable+0x0/0x80 took 0 usecs
[    5.523183] pci 0000:00:01.0: [1234:1111] type 00 class 0x030000
[    5.546449] pci 0000:00:01.0: reg 0x10: [mem 0xfd000000-0xfdffffff pref]
[    5.579449] pci 0000:00:01.0: reg 0x18: [mem 0xfebf0000-0xfebf0fff]
[    5.638449] pci 0000:00:01.0: reg 0x30: [mem 0xfebe0000-0xfebeffff pref]
[    5.653449] pci 0000:00:01.0: calling  efifb_fixup_resources+0x0/0xf0 @ 1
[    5.662560] pci 0000:00:01.0: efifb_fixup_resources+0x0/0xf0 took 0 usecs
[    5.684663] pci 0000:00:1f.0: [8086:2918] type 00 class 0x060100
[    5.697380] pci 0000:00:1f.0: calling  quirk_ich7_lpc+0x0/0x60 @ 1
[    5.705944] pci 0000:00:1f.0: quirk: [io  0x0600-0x067f] claimed by ICH6 ACPI/GPIO/TCO
[    5.716622] pci 0000:00:1f.0: quirk_ich7_lpc+0x0/0x60 took 10742 usecs
[    5.724651] pci 0000:00:1f.0: calling  quirk_igfx_skip_te_disable+0x0/0x80 @ 1
[    5.734492] pci 0000:00:1f.0: quirk_igfx_skip_te_disable+0x0/0x80 took 0 usecs
[    5.745551] pci 0000:00:1f.2: [8086:2922] type 00 class 0x010601
[    5.762457] pci 0000:00:1f.2: reg 0x20: [io  0xc040-0xc05f]
[    5.770456] pci 0000:00:1f.2: reg 0x24: [mem 0xfebf1000-0xfebf1fff]
[    5.780477] pci 0000:00:1f.2: calling  quirk_igfx_skip_te_disable+0x0/0x80 @ 1
[    5.789463] pci 0000:00:1f.2: quirk_igfx_skip_te_disable+0x0/0x80 took 0 usecs
[    5.803455] pci 0000:00:1f.3: [8086:2930] type 00 class 0x0c0500
[    5.817808] pci 0000:00:1f.3: reg 0x20: [io  0x0700-0x073f]
[    5.826242] pci 0000:00:1f.3: calling  quirk_igfx_skip_te_disable+0x0/0x80 @ 1
[    5.837461] pci 0000:00:1f.3: quirk_igfx_skip_te_disable+0x0/0x80 took 0 usecs
[    5.862776] ACPI: PCI Interrupt Link [LNKA] (IRQs 5 *10 11)
[    5.870877] ACPI: PCI Interrupt Link [LNKB] (IRQs 5 *10 11)
[    5.878663] ACPI: PCI Interrupt Link [LNKC] (IRQs 5 10 *11)
[    5.886589] ACPI: PCI Interrupt Link [LNKD] (IRQs 5 10 *11)
[    5.893760] ACPI: PCI Interrupt Link [LNKE] (IRQs 5 *10 11)
[    5.901969] ACPI: PCI Interrupt Link [LNKF] (IRQs 5 *10 11)
[    5.911728] ACPI: PCI Interrupt Link [LNKG] (IRQs 5 10 *11)
[    5.920481] ACPI: PCI Interrupt Link [LNKH] (IRQs 5 10 *11)
[    5.929738] ACPI: PCI Interrupt Link [GSIA] (IRQs *16)
[    5.936487] ACPI: PCI Interrupt Link [GSIB] (IRQs *17)
[    5.945462] ACPI: PCI Interrupt Link [GSIC] (IRQs *18)
[    5.953489] ACPI: PCI Interrupt Link [GSID] (IRQs *19)
[    5.959480] ACPI: PCI Interrupt Link [GSIE] (IRQs *20)
[    5.966475] ACPI: PCI Interrupt Link [GSIF] (IRQs *21)
[    5.973472] ACPI: PCI Interrupt Link [GSIG] (IRQs *22)
[    5.980472] ACPI: PCI Interrupt Link [GSIH] (IRQs *23)
[    6.060449] initcall acpi_init+0x0/0x319 returned 0 after 817382 usecs
[    6.070087] calling  pnp_init+0x0/0xc @ 1
[    6.074473] initcall pnp_init+0x0/0xc returned 0 after 0 usecs
[    6.080461] calling  misc_init+0x0/0xbf @ 1
[    6.088943] initcall misc_init+0x0/0xbf returned 0 after 1953 usecs
[    6.097458] calling  iommu_subsys_init+0x0/0x4e @ 1
[    6.101449] iommu: Default domain type: Translated 
[    6.110459] initcall iommu_subsys_init+0x0/0x4e returned 0 after 9765 usecs
[    6.119458] calling  vga_arb_device_init+0x0/0x261 @ 1
[    6.135650] pci 0000:00:01.0: vgaarb: setting as boot VGA device
[    6.136449] pci 0000:00:01.0: vgaarb: VGA device added: decodes=io+mem,owns=io+mem,locks=none
[    6.154462] pci 0000:00:01.0: vgaarb: bridge control possible
[    6.163454] vgaarb: loaded
[    6.166460] initcall vga_arb_device_init+0x0/0x261 returned 0 after 40039 usecs
[    6.176534] calling  cn_init+0x0/0xf0 @ 1
[    6.183109] initcall cn_init+0x0/0xf0 returned 0 after 976 usecs
[    6.190458] calling  dma_buf_init+0x0/0xad @ 1
[    6.197687] initcall dma_buf_init+0x0/0xad returned 0 after 976 usecs
[    6.204456] calling  init_scsi+0x0/0x79 @ 1
[    6.211997] SCSI subsystem initialized
[    6.216458] initcall init_scsi+0x0/0x79 returned 0 after 5859 usecs
[    6.224507] calling  ata_init+0x0/0x332 @ 1
[    6.234039] libata version 3.00 loaded.
[    6.238456] initcall ata_init+0x0/0x332 returned 0 after 7812 usecs
[    6.246456] calling  phy_init+0x0/0x250 @ 1
[    6.252585] initcall phy_init+0x0/0x250 returned 0 after 976 usecs
[    6.259456] calling  init_pcmcia_cs+0x0/0x35 @ 1
[    6.265619] initcall init_pcmcia_cs+0x0/0x35 returned 0 after 0 usecs
[    6.273455] calling  usb_common_init+0x0/0x1c @ 1
[    6.279556] initcall usb_common_init+0x0/0x1c returned 0 after 0 usecs
[    6.287458] calling  usb_init+0x0/0x12e @ 1
[    6.293585] ACPI: bus type USB registered
[    6.299606] usbcore: registered new interface driver usbfs
[    6.306784] usbcore: registered new interface driver hub
[    6.313542] usbcore: registered new device driver usb
[    6.320460] initcall usb_init+0x0/0x12e returned 0 after 26367 usecs
[    6.328456] calling  serio_init+0x0/0x29 @ 1
[    6.333653] initcall serio_init+0x0/0x29 returned 0 after 0 usecs
[    6.341457] calling  input_init+0x0/0xf6 @ 1
[    6.347551] initcall input_init+0x0/0xf6 returned 0 after 0 usecs
[    6.355456] calling  rtc_init+0x0/0x4d @ 1
[    6.360501] initcall rtc_init+0x0/0x4d returned 0 after 0 usecs
[    6.368456] calling  pps_init+0x0/0xa9 @ 1
[    6.373464] pps_core: LinuxPPS API ver. 1 registered
[    6.379454] pps_core: Software ver. 5.3.6 - Copyright 2005-2007 Rodolfo Giometti <giometti@linux.it>
[    6.391462] initcall pps_init+0x0/0xa9 returned 0 after 17578 usecs
[    6.399459] calling  ptp_init+0x0/0x98 @ 1
[    6.403471] PTP clock support registered
[    6.408457] initcall ptp_init+0x0/0x98 returned 0 after 4882 usecs
[    6.416460] calling  power_supply_class_init+0x0/0x3f @ 1
[    6.423584] initcall power_supply_class_init+0x0/0x3f returned 0 after 976 usecs
[    6.433457] calling  hwmon_init+0x0/0x104 @ 1
[    6.439490] initcall hwmon_init+0x0/0x104 returned 0 after 0 usecs
[    6.447457] calling  md_init+0x0/0x16b @ 1
[    6.454657] initcall md_init+0x0/0x16b returned 0 after 1953 usecs
[    6.462457] calling  leds_init+0x0/0x3b @ 1
[    6.467485] initcall leds_init+0x0/0x3b returned 0 after 0 usecs
[    6.475463] calling  dmi_init+0x0/0x113 @ 1
[    6.480742] initcall dmi_init+0x0/0x113 returned 0 after 0 usecs
[    6.488462] calling  efisubsys_init+0x0/0x4e7 @ 1
[    6.494490] initcall efisubsys_init+0x0/0x4e7 returned 0 after 0 usecs
[    6.503477] calling  nvmem_init+0x0/0xc @ 1
[    6.508674] initcall nvmem_init+0x0/0xc returned 0 after 0 usecs
[    6.516455] calling  init_soundcore+0x0/0x33 @ 1
[    6.522486] initcall init_soundcore+0x0/0x33 returned 0 after 0 usecs
[    6.530456] calling  alsa_sound_init+0x0/0x8f @ 1
[    6.536604] Advanced Linux Sound Architecture Driver Initialized.
[    6.543456] initcall alsa_sound_init+0x0/0x8f returned 0 after 6835 usecs
[    6.552496] calling  alsa_seq_device_init+0x0/0x71 @ 1
[    6.558511] initcall alsa_seq_device_init+0x0/0x71 returned 0 after 0 usecs
[    6.567455] calling  hda_bus_init+0x0/0xc @ 1
[    6.573510] initcall hda_bus_init+0x0/0xc returned 0 after 0 usecs
[    6.580455] calling  proto_init+0x0/0xc @ 1
[    6.586521] initcall proto_init+0x0/0xc returned 0 after 0 usecs
[    6.593455] calling  net_dev_init+0x0/0x209 @ 1
[    6.602321] initcall net_dev_init+0x0/0x209 returned 0 after 2929 usecs
[    6.610456] calling  neigh_init+0x0/0x84 @ 1
[    6.615457] initcall neigh_init+0x0/0x84 returned 0 after 0 usecs
[    6.623456] calling  fib_notifier_init+0x0/0xc @ 1
[    6.634464] initcall fib_notifier_init+0x0/0xc returned 0 after 0 usecs
[    6.643457] calling  fib_rules_init+0x0/0xab @ 1
[    6.649545] initcall fib_rules_init+0x0/0xab returned 0 after 0 usecs
[    6.657456] calling  pktsched_init+0x0/0x10e @ 1
[    6.663495] initcall pktsched_init+0x0/0x10e returned 0 after 0 usecs
[    6.671455] calling  tc_filter_init+0x0/0xfa @ 1
[    6.676512] initcall tc_filter_init+0x0/0xfa returned 0 after 976 usecs
[    6.685455] calling  tc_action_init+0x0/0x54 @ 1
[    6.691457] initcall tc_action_init+0x0/0x54 returned 0 after 0 usecs
[    6.699456] calling  ethnl_init+0x0/0x52 @ 1
[    6.704592] initcall ethnl_init+0x0/0x52 returned 0 after 976 usecs
[    6.713456] calling  nexthop_init+0x0/0xd8 @ 1
[    6.718681] initcall nexthop_init+0x0/0xd8 returned 0 after 0 usecs
[    6.726456] calling  cipso_v4_init+0x0/0x5d @ 1
[    6.732519] initcall cipso_v4_init+0x0/0x5d returned 0 after 0 usecs
[    6.741457] calling  ieee80211_init+0x0/0x24 @ 1
[    6.747609] initcall ieee80211_init+0x0/0x24 returned 0 after 0 usecs
[    6.755456] calling  netlbl_init+0x0/0x78 @ 1
[    6.761476] NetLabel: Initializing
[    6.765454] NetLabel:  domain hash size = 128
[    6.771453] NetLabel:  protocols = UNLABELED CIPSOv4 CALIPSO
[    6.778611] NetLabel:  unlabeled traffic allowed by default
[    6.786458] initcall netlbl_init+0x0/0x78 returned 0 after 24414 usecs
[    6.794457] calling  rfkill_init+0x0/0x111 @ 1
[    6.800674] initcall rfkill_init+0x0/0x111 returned 0 after 0 usecs
[    6.808458] calling  pci_subsys_init+0x0/0x66 @ 1
[    6.814496] PCI: Using ACPI for IRQ routing
[    7.527638] PCI: pci_cache_line_size set to 64 bytes
[    7.534865] e820: reserve RAM buffer [mem 0x0009fc00-0x0009ffff]
[    7.542518] e820: reserve RAM buffer [mem 0x1ffdf000-0x1fffffff]
[    7.549598] initcall pci_subsys_init+0x0/0x66 returned 0 after 717773 usecs
[    7.560449] calling  nmi_warning_debugfs+0x0/0x26 @ 1
[    7.566766] initcall nmi_warning_debugfs+0x0/0x26 returned 0 after 0 usecs
[    7.575458] calling  save_microcode_in_initrd+0x0/0x51 @ 1
[    7.582617] initcall save_microcode_in_initrd+0x0/0x51 returned 0 after 0 usecs
[    7.592139] calling  hpet_late_init+0x0/0x20d @ 1
[    7.597998] hpet: 3 channels of 0 reserved for per-cpu timers
[    7.606486] hpet0: at MMIO 0xfed00000, IRQs 2, 8, 0
[    7.612453] hpet0: 3 comparators, 64-bit 100.000000 MHz counter
[    7.623459] initcall hpet_late_init+0x0/0x20d returned 0 after 25390 usecs
[    7.631457] calling  init_amd_nbs+0x0/0x11c @ 1
[    7.637477] initcall init_amd_nbs+0x0/0x11c returned 0 after 0 usecs
[    7.645471] calling  clocksource_done_booting+0x0/0x41 @ 1
[    7.656490] clocksource: Switched to clocksource kvm-clock
[    7.663553] initcall clocksource_done_booting+0x0/0x41 returned 0 after 10838 usecs
[    7.673015] calling  tracer_init_tracefs+0x0/0x242 @ 1
[    8.000457] initcall tracer_init_tracefs+0x0/0x242 returned 0 after 313035 usecs
[    8.009814] calling  init_trace_printk_function_export+0x0/0x2c @ 1
[    8.018152] initcall init_trace_printk_function_export+0x0/0x2c returned 0 after 562 usecs
[    8.028069] calling  init_kprobe_trace+0x0/0x1a9 @ 1
[    8.034056] initcall init_kprobe_trace+0x0/0x1a9 returned 0 after 38 usecs
[    8.042213] calling  init_dynamic_event+0x0/0x3d @ 1
[    8.048280] initcall init_dynamic_event+0x0/0x3d returned 0 after 16 usecs
[    8.056956] calling  init_uprobe_trace+0x0/0x5c @ 1
[    8.063073] initcall init_uprobe_trace+0x0/0x5c returned 0 after 36 usecs
[    8.071562] calling  init_pipe_fs+0x0/0x44 @ 1
[    8.082753] initcall init_pipe_fs+0x0/0x44 returned 0 after 5507 usecs
[    8.093235] calling  inotify_user_setup+0x0/0x47 @ 1
[    8.101085] initcall inotify_user_setup+0x0/0x47 returned 0 after 107 usecs
[    8.109743] calling  eventpoll_init+0x0/0xd4 @ 1
[    8.115642] initcall eventpoll_init+0x0/0xd4 returned 0 after 120 usecs
[    8.124424] calling  anon_inode_init+0x0/0x58 @ 1
[    8.130383] initcall anon_inode_init+0x0/0x58 returned 0 after 76 usecs
[    8.138577] calling  proc_locks_init+0x0/0x27 @ 1
[    8.144691] initcall proc_locks_init+0x0/0x27 returned 0 after 111 usecs
[    8.152961] calling  iomap_init+0x0/0x1b @ 1
[    8.158375] initcall iomap_init+0x0/0x1b returned 0 after 184 usecs
[    8.166073] calling  dquot_init+0x0/0x106 @ 1
[    8.171530] VFS: Disk quotas dquot_6.6.0
[    8.177861] VFS: Dquot-cache hash table entries: 512 (order 0, 4096 bytes)
[    8.186299] initcall dquot_init+0x0/0x106 returned 0 after 14485 usecs
[    8.194538] calling  quota_init+0x0/0x23 @ 1
[    8.200198] initcall quota_init+0x0/0x23 returned 0 after 376 usecs
[    8.207933] calling  proc_cmdline_init+0x0/0x21 @ 1
[    8.213939] initcall proc_cmdline_init+0x0/0x21 returned 0 after 25 usecs
[    8.222223] calling  proc_consoles_init+0x0/0x24 @ 1
[    8.228569] initcall proc_consoles_init+0x0/0x24 returned 0 after 4 usecs
[    8.236948] calling  proc_cpuinfo_init+0x0/0x1e @ 1
[    8.243015] initcall proc_cpuinfo_init+0x0/0x1e returned 0 after 6 usecs
[    8.251278] calling  proc_devices_init+0x0/0x24 @ 1
[    8.257209] initcall proc_devices_init+0x0/0x24 returned 0 after 16 usecs
[    8.265555] calling  proc_interrupts_init+0x0/0x24 @ 1
[    8.272824] initcall proc_interrupts_init+0x0/0x24 returned 0 after 4 usecs
[    8.289725] calling  proc_loadavg_init+0x0/0x21 @ 1
[    8.295821] initcall proc_loadavg_init+0x0/0x21 returned 0 after 3 usecs
[    8.304839] calling  proc_meminfo_init+0x0/0x21 @ 1
[    8.311407] initcall proc_meminfo_init+0x0/0x21 returned 0 after 4 usecs
[    8.320336] calling  proc_stat_init+0x0/0x1e @ 1
[    8.326459] initcall proc_stat_init+0x0/0x1e returned 0 after 4 usecs
[    8.334950] calling  proc_uptime_init+0x0/0x21 @ 1
[    8.341283] initcall proc_uptime_init+0x0/0x21 returned 0 after 24 usecs
[    8.350286] calling  proc_version_init+0x0/0x21 @ 1
[    8.356635] initcall proc_version_init+0x0/0x21 returned 0 after 3 usecs
[    8.365429] calling  proc_softirqs_init+0x0/0x21 @ 1
[    8.371949] initcall proc_softirqs_init+0x0/0x21 returned 0 after 3 usecs
[    8.381061] calling  proc_kcore_init+0x0/0xea @ 1
[    8.387784] initcall proc_kcore_init+0x0/0xea returned 0 after 372 usecs
[    8.398549] calling  vmcore_init+0x0/0x578 @ 1
[    8.405393] initcall vmcore_init+0x0/0x578 returned 0 after 70 usecs
[    8.415335] calling  proc_kmsg_init+0x0/0x21 @ 1
[    8.422703] initcall proc_kmsg_init+0x0/0x21 returned 0 after 7 usecs
[    8.432937] calling  proc_page_init+0x0/0x3b @ 1
[    8.439399] initcall proc_page_init+0x0/0x3b returned 0 after 8 usecs
[    8.447834] calling  init_ramfs_fs+0x0/0xc @ 1
[    8.453799] initcall init_ramfs_fs+0x0/0xc returned 0 after 69 usecs
[    8.462094] calling  init_hugetlbfs_fs+0x0/0xf6 @ 1
[    8.468824] initcall init_hugetlbfs_fs+0x0/0xf6 returned 0 after 279 usecs
[    8.477989] calling  blk_scsi_ioctl_init+0x0/0x2a5 @ 1
[    8.484928] initcall blk_scsi_ioctl_init+0x0/0x2a5 returned 0 after 22 usecs
[    8.494274] calling  acpi_event_init+0x0/0x2c @ 1
[    8.501061] initcall acpi_event_init+0x0/0x2c returned 0 after 349 usecs
[    8.509893] calling  pnp_system_init+0x0/0xc @ 1
[    8.516730] initcall pnp_system_init+0x0/0xc returned 0 after 732 usecs
[    8.525454] calling  pnpacpi_init+0x0/0x69 @ 1
[    8.531403] pnp: PnP ACPI init
[    8.537934] pnp 00:00: Plug and Play ACPI device, IDs PNP0303 (active)
[    8.546603] pnp 00:01: Plug and Play ACPI device, IDs PNP0f13 (active)
[    8.555209] pnp 00:02: Plug and Play ACPI device, IDs PNP0400 (active)
[    8.563722] pnp 00:03: Plug and Play ACPI device, IDs PNP0501 (active)
[    8.572452] pnp 00:04: Plug and Play ACPI device, IDs PNP0b00 (active)
[    8.581149] system 00:05: [mem 0xb0000000-0xbfffffff window] has been reserved
[    8.590616] system 00:05: Plug and Play ACPI device, IDs PNP0c01 (active)
[    8.601340] pnp: PnP ACPI: found 6 devices
[    8.606989] initcall pnpacpi_init+0x0/0x69 returned 0 after 73864 usecs
[    8.615583] calling  chr_dev_init+0x0/0x14d @ 1
[    8.726246] initcall chr_dev_init+0x0/0x14d returned 0 after 102178 usecs
[    8.735105] calling  firmware_class_init+0x0/0xe7 @ 1
[    8.741879] initcall firmware_class_init+0x0/0xe7 returned 0 after 490 usecs
[    8.750641] calling  init_pcmcia_bus+0x0/0x5b @ 1
[    8.756780] initcall init_pcmcia_bus+0x0/0x5b returned 0 after 191 usecs
[    8.765280] calling  init_acpi_pm_clocksource+0x0/0xda @ 1
[    8.778065] clocksource: acpi_pm: mask: 0xffffff max_cycles: 0xffffff, max_idle_ns: 2085701024 ns
[    8.789081] initcall init_acpi_pm_clocksource+0x0/0xda returned 0 after 16260 usecs
[    8.798658] calling  sysctl_core_init+0x0/0x26 @ 1
[    8.806142] initcall sysctl_core_init+0x0/0x26 returned 0 after 200 usecs
[    8.817029] calling  eth_offload_init+0x0/0x13 @ 1
[    8.824864] initcall eth_offload_init+0x0/0x13 returned 0 after 47 usecs
[    8.835554] calling  ipv4_offload_init+0x0/0x73 @ 1
[    8.843867] initcall ipv4_offload_init+0x0/0x73 returned 0 after 149 usecs
[    8.852952] calling  inet_init+0x0/0x276 @ 1
[    8.859299] NET: Registered protocol family 2
[    8.867131] IP idents hash table entries: 8192 (order: 4, 65536 bytes, linear)
[    8.888194] tcp_listen_portaddr_hash hash table entries: 256 (order: 0, 4096 bytes, linear)
[    8.899337] TCP established hash table entries: 4096 (order: 3, 32768 bytes, linear)
[    8.911158] TCP bind hash table entries: 4096 (order: 4, 65536 bytes, linear)
[    8.920421] TCP: Hash tables configured (established 4096 bind 4096)
[    8.930206] UDP hash table entries: 256 (order: 1, 8192 bytes, linear)
[    8.938549] UDP-Lite hash table entries: 256 (order: 1, 8192 bytes, linear)
[    8.948443] initcall inet_init+0x0/0x276 returned 0 after 87886 usecs
[    8.956793] calling  af_unix_init+0x0/0x4d @ 1
[    8.962449] NET: Registered protocol family 1
[    8.968216] initcall af_unix_init+0x0/0x4d returned 0 after 5633 usecs
[    8.976527] calling  ipv6_offload_init+0x0/0x7e @ 1
[    8.982828] initcall ipv6_offload_init+0x0/0x7e returned 0 after 38 usecs
[    8.992906] calling  init_sunrpc+0x0/0x65 @ 1
[    9.006350] RPC: Registered named UNIX socket transport module.
[    9.013985] RPC: Registered udp transport module.
[    9.020034] RPC: Registered tcp transport module.
[    9.026308] RPC: Registered tcp NFSv4.1 backchannel transport module.
[    9.034647] initcall init_sunrpc+0x0/0x65 returned 0 after 34853 usecs
[    9.043061] calling  cfg80211_init+0x0/0xc5 @ 1
[    9.055271] initcall cfg80211_init+0x0/0xc5 returned 0 after 6281 usecs
[    9.066079] calling  pcibios_assign_resources+0x0/0xbf @ 1
[    9.076023] pci_bus 0000:00: resource 4 [io  0x0000-0x0cf7 window]
[    9.096501] pci_bus 0000:00: resource 5 [io  0x0d00-0xffff window]
[    9.104916] pci_bus 0000:00: resource 6 [mem 0x000a0000-0x000bffff window]
[    9.114287] pci_bus 0000:00: resource 7 [mem 0x20000000-0xafffffff window]
[    9.124788] pci_bus 0000:00: resource 8 [mem 0xc0000000-0xfebfffff window]
[    9.134913] pci_bus 0000:00: resource 9 [mem 0x100000000-0x8ffffffff window]
[    9.148698] initcall pcibios_assign_resources+0x0/0xbf returned 0 after 70758 usecs
[    9.160317] calling  pci_apply_final_quirks+0x0/0x124 @ 1
[    9.172750] pci 0000:00:01.0: calling  pci_fixup_video+0x0/0xe0 @ 1
[    9.185465] pci 0000:00:01.0: Video device with shadowed ROM at [mem 0x000c0000-0x000dffff]
[    9.200883] pci 0000:00:01.0: pci_fixup_video+0x0/0xe0 took 15664 usecs
[    9.211698] PCI: CLS 0 bytes, default 64
[    9.218281] initcall pci_apply_final_quirks+0x0/0x124 returned 0 after 47256 usecs
[    9.229097] calling  acpi_reserve_resources+0x0/0xea @ 1
[    9.237019] initcall acpi_reserve_resources+0x0/0xea returned 0 after 154 usecs
[    9.254165] calling  populate_rootfs+0x0/0x102 @ 1
[    9.282288] initcall populate_rootfs+0x0/0x102 returned 0 after 20710 usecs
[    9.293392] calling  pci_iommu_init+0x0/0x3e @ 1
[    9.302246] initcall pci_iommu_init+0x0/0x3e returned 0 after 975 usecs
[    9.326053] calling  ia32_binfmt_init+0x0/0x13 @ 1
[    9.334265] initcall ia32_binfmt_init+0x0/0x13 returned 0 after 810 usecs
[    9.347773] calling  rapl_pmu_init+0x0/0x267 @ 1
[    9.357440] initcall rapl_pmu_init+0x0/0x267 returned -19 after 341 usecs
[    9.370122] calling  amd_uncore_init+0x0/0x310 @ 1
[    9.379333] initcall amd_uncore_init+0x0/0x310 returned -19 after 1 usecs
[    9.391397] calling  amd_ibs_init+0x0/0x27b @ 1
[    9.398892] initcall amd_ibs_init+0x0/0x27b returned -19 after 1 usecs
[    9.407866] calling  amd_iommu_pc_init+0x0/0x215 @ 1
[    9.414211] initcall amd_iommu_pc_init+0x0/0x215 returned -19 after 51 usecs
[    9.423208] calling  msr_init+0x0/0x55 @ 1
[    9.431778] initcall msr_init+0x0/0x55 returned 0 after 2791 usecs
[    9.441482] calling  intel_uncore_init+0x0/0x36f @ 1
[    9.449900] initcall intel_uncore_init+0x0/0x36f returned -19 after 59 usecs
[    9.462034] calling  cstate_pmu_init+0x0/0x1a1 @ 1
[    9.469185] initcall cstate_pmu_init+0x0/0x1a1 returned -19 after 1 usecs
[    9.477941] calling  register_kernel_offset_dumper+0x0/0x1a @ 1
[    9.485831] initcall register_kernel_offset_dumper+0x0/0x1a returned 0 after 124 usecs
[    9.496822] calling  i8259A_init_ops+0x0/0x20 @ 1
[    9.503193] initcall i8259A_init_ops+0x0/0x20 returned 0 after 145 usecs
[    9.511961] calling  init_tsc_clocksource+0x0/0xa4 @ 1
[    9.518791] clocksource: tsc: mask: 0xffffffffffffffff max_cycles: 0x39a85afc727, max_idle_ns: 881590685098 ns
[    9.532029] initcall init_tsc_clocksource+0x0/0xa4 returned 0 after 12988 usecs
[    9.541547] calling  add_rtc_cmos+0x0/0xb0 @ 1
[    9.547658] initcall add_rtc_cmos+0x0/0xb0 returned 0 after 307 usecs
[    9.556151] calling  i8237A_init_ops+0x0/0x3a @ 1
[    9.562584] initcall i8237A_init_ops+0x0/0x3a returned 0 after 159 usecs
[    9.571613] calling  umwait_init+0x0/0x94 @ 1
[    9.577373] initcall umwait_init+0x0/0x94 returned -19 after 55 usecs
[    9.585799] calling  thermal_throttle_init_device+0x0/0x3d @ 1
[    9.593662] initcall thermal_throttle_init_device+0x0/0x3d returned 0 after 60 usecs
[    9.606401] calling  msr_init+0x0/0xd7 @ 1
[    9.707156] initcall msr_init+0x0/0xd7 returned 0 after 91439 usecs
[    9.715943] calling  cpuid_init+0x0/0xd7 @ 1
[    9.744655] initcall cpuid_init+0x0/0xd7 returned 0 after 22125 usecs
[    9.753736] calling  ioapic_init_ops+0x0/0x13 @ 1
[    9.760589] initcall ioapic_init_ops+0x0/0x13 returned 0 after 34 usecs
[    9.770080] calling  add_pcspkr+0x0/0x6c @ 1
[    9.776379] initcall add_pcspkr+0x0/0x6c returned 0 after 223 usecs
[    9.785259] calling  start_periodic_check_for_corruption+0x0/0x30 @ 1
[    9.794694] check: Scanning for low memory corruption every 60 seconds
[    9.803950] initcall start_periodic_check_for_corruption+0x0/0x30 returned 0 after 9122 usecs
[    9.816628] calling  sysfb_init+0x0/0x9c @ 1
[    9.822951] initcall sysfb_init+0x0/0x9c returned 0 after 164 usecs
[    9.831902] calling  audit_classes_init+0x0/0xae @ 1
[    9.839056] initcall audit_classes_init+0x0/0xae returned 0 after 125 usecs
[    9.849289] calling  iosf_mbi_init+0x0/0x24 @ 1
[    9.856828] initcall iosf_mbi_init+0x0/0x24 returned 0 after 780 usecs
[    9.866147] calling  proc_execdomains_init+0x0/0x21 @ 1
[    9.873350] initcall proc_execdomains_init+0x0/0x21 returned 0 after 41 usecs
[    9.882926] calling  register_warn_debugfs+0x0/0x23 @ 1
[    9.890007] initcall register_warn_debugfs+0x0/0x23 returned 0 after 137 usecs
[    9.899405] calling  cpuhp_sysfs_init+0x0/0x79 @ 1
[    9.906971] initcall cpuhp_sysfs_init+0x0/0x79 returned 0 after 925 usecs
[    9.916695] calling  ioresources_init+0x0/0x49 @ 1
[    9.923723] initcall ioresources_init+0x0/0x49 returned 0 after 8 usecs
[    9.932871] calling  snapshot_device_init+0x0/0xc @ 1
[    9.941607] initcall snapshot_device_init+0x0/0xc returned 0 after 1507 usecs
[    9.951549] calling  irq_pm_init_ops+0x0/0x13 @ 1
[    9.958287] initcall irq_pm_init_ops+0x0/0x13 returned 0 after 33 usecs
[    9.967584] calling  rcu_torture_init+0x0/0x9a6 @ 1
[    9.975102] rcu-torture:--- Start of test: nreaders=7 nfakewriters=4 stat_interval=15 verbose=1 test_no_idle_hz=1 shuffle_interval=3 stutter=5 irqreader=1 fqs_duration=0 fqs_holdoff=0 fqs_stutter=3 test_boost=1/0 test_boost_interval=7 test_boost_duration=4 shutdown_secs=3600 stall_cpu=0 stall_cpu_holdoff=10 stall_cpu_irqsoff=0 stall_cpu_block=0 n_barrier_cbs=4 onoff_interval=1000 onoff_holdoff=30 read_exit_delay=13 read_exit_burst=16
[   10.029466] rcu:  Start-test grace-period state: g-1028 f0x0
[   10.041288] rcu-torture: Creating rcu_torture_writer task
[   10.053082] rcu-torture: Creating rcu_torture_fakewriter task
[   10.053635] rcu-torture: rcu_torture_writer task started
[   10.063796] rcu-torture: Creating rcu_torture_fakewriter task
[   10.064040] rcu-torture: rcu_torture_fakewriter task started
[   10.068879] rcu-torture: GP expediting controlled from boot/sysfs for rcu.
[   10.068883] rcu_torture_writer: Testing conditional GPs.
[   10.080111] rcu-torture: Creating rcu_torture_fakewriter task
[   10.080652] rcu-torture: rcu_torture_fakewriter task started
[   10.085896] rcu_torture_writer: Testing expedited GPs.
[   10.097466] rcu-torture: Creating rcu_torture_fakewriter task
[   10.097808] rcu-torture: rcu_torture_fakewriter task started
[   10.102312] rcu_torture_writer: Testing asynchronous GPs.
[   10.111997] rcu-torture: Creating rcu_torture_reader task
[   10.112303] rcu-torture: rcu_torture_fakewriter task started
[   10.118305] rcu_torture_writer: Testing normal GPs.
[   10.127763] rcu-torture: Creating rcu_torture_reader task
[   10.128128] rcu-torture: rcu_torture_reader task started
[   10.207506] rcu-torture: Creating rcu_torture_reader task
[   10.207682] rcu-torture: rcu_torture_reader task started
[   10.220896] rcu-torture: Creating rcu_torture_reader task
[   10.221667] rcu-torture: rcu_torture_reader task started
[   10.245942] rcu-torture: Creating rcu_torture_reader task
[   10.246218] rcu-torture: rcu_torture_reader task started
[   10.262084] rcu-torture: Creating rcu_torture_reader task
[   10.263226] rcu-torture: rcu_torture_reader task started
[   10.276613] rcu-torture: Creating rcu_torture_reader task
[   10.277991] rcu-torture: rcu_torture_reader task started
[   10.289865] rcu-torture: Creating rcu_torture_stats task
[   10.290853] rcu-torture: rcu_torture_reader task started
[   10.318217] rcu-torture: Creating torture_shuffle task
[   10.318263] rcu-torture: rcu_torture_stats task started
[   10.337126] rcu-torture: Creating torture_stutter task
[   10.338931] rcu-torture: torture_shuffle task started
[   10.350830] rcu-torture: Creating torture_shutdown task
[   10.351125] rcu-torture: torture_stutter task started
[   10.375965] rcu-torture: Creating torture_onoff task
[   10.376010] rcu-torture: torture_shutdown task started
[   10.386406] rcu-torture: Creating rcu_torture_barrier_cbs task
[   10.386427] rcu-torture: torture_onoff task started
[   10.391868] rcu-torture:torture_shutdown task: 3599958 ms remaining
[   10.404042] rcu-torture: rcu_torture_barrier_cbs task started
[   10.404411] rcu-torture: Creating rcu_torture_barrier_cbs task
[   10.407850] rcu-torture: Creating rcu_torture_barrier_cbs task
[   10.408384] rcu-torture: rcu_torture_barrier_cbs task started
[   10.411008] rcu-torture: Creating rcu_torture_barrier_cbs task
[   10.411673] rcu-torture: rcu_torture_barrier_cbs task started
[   10.417421]   #8
[    1.232436] kvm-clock: cpu 8, msr 1666e201, secondary cpu clock
[   10.444475] rcu-torture: Creating rcu_torture_barrier task
[   10.444506] rcu-torture: rcu_torture_barrier_cbs task started
[   10.519013] rcu-torture: Creating rcu_torture_read_exit task
[   10.519707] rcu-torture: rcu_torture_barrier task starting
[   10.527119] kvm-guest: stealtime: cpu 8, msr 1ec1b600
[   10.531237] initcall rcu_torture_init+0x0/0x9a6 returned 0 after 543287 usecs
[   10.531318] rcu-torture: rcu_torture_read_exit: Start of test
[   10.537641] rcu_torture_rea (129) used greatest stack depth: 14944 bytes left
[   10.544300] calling  timekeeping_init_ops+0x0/0x13 @ 1
[   10.544320] initcall timekeeping_init_ops+0x0/0x13 returned 0 after 17 usecs
[   10.544322] calling  init_clocksource_sysfs+0x0/0x23 @ 1
[   10.544896] initcall init_clocksource_sysfs+0x0/0x23 returned 0 after 558 usecs
[   10.620263] calling  init_timer_list_procfs+0x0/0x31 @ 1
[   10.641173] initcall init_timer_list_procfs+0x0/0x31 returned 0 after 97 usecs
[   10.652515] calling  alarmtimer_init+0x0/0xc7 @ 1
[   10.660381] initcall alarmtimer_init+0x0/0xc7 returned 0 after 313 usecs
[   10.666426]   #9
[   10.671056] calling  init_posix_timers+0x0/0x29 @ 1
[    1.232436] kvm-clock: cpu 9, msr 1666e241, secondary cpu clock
[   10.703770] kvm-guest: stealtime: cpu 9, msr 1ec5b600
[   10.732321] initcall init_posix_timers+0x0/0x29 returned 0 after 48670 usecs
[   10.743001] calling  clockevents_init_sysfs+0x0/0xbf @ 1
[   10.756150] initcall clockevents_init_sysfs+0x0/0xbf returned 0 after 5102 usecs
[   10.767150] calling  proc_dma_init+0x0/0x21 @ 1
[   10.774720] initcall proc_dma_init+0x0/0x21 returned 0 after 69 usecs
[   10.784787] calling  proc_modules_init+0x0/0x1e @ 1
[   10.792742] initcall proc_modules_init+0x0/0x1e returned 0 after 6 usecs
[   10.803136] calling  kallsyms_init+0x0/0x21 @ 1
[   10.810129] initcall kallsyms_init+0x0/0x21 returned 0 after 6 usecs
[   10.819153] calling  pid_namespaces_init+0x0/0x2c @ 1
[   10.825450]  #10
[    1.232436] kvm-clock: cpu 10, msr 1666e281, secondary cpu clock
[   10.865118] kvm-guest: stealtime: cpu 10, msr 1ec9b600
[   10.890322] initcall pid_namespaces_init+0x0/0x2c returned 0 after 61647 usecs
[   10.903869] calling  audit_watch_init+0x0/0x37 @ 1
[   10.911004] initcall audit_watch_init+0x0/0x37 returned 0 after 42 usecs
[   10.921295] calling  audit_fsnotify_init+0x0/0x37 @ 1
[   10.927903]  #11
[   10.930454] initcall audit_fsnotify_init+0x0/0x37 returned 0 after 2 usecs
[   10.943783] calling  audit_tree_init+0x0/0x6d @ 1
[    1.232436] kvm-clock: cpu 11, msr 1666e2c1, secondary cpu clock
[   10.966304] kvm-guest: stealtime: cpu 11, msr 1ecdb600
[   10.990147] initcall audit_tree_init+0x0/0x6d returned 0 after 38810 usecs
[   11.001564] calling  seccomp_sysctl_init+0x0/0x2b @ 1
[   11.010083] initcall seccomp_sysctl_init+0x0/0x2b returned 0 after 39 usecs
[   11.020287]  #12
[   11.020685] calling  utsname_sysctl_init+0x0/0x13 @ 1
[   11.020839] initcall utsname_sysctl_init+0x0/0x13 returned 0 after 147 usecs
[    1.232436] kvm-clock: cpu 12, msr 1666e301, secondary cpu clock
[   11.043402] calling  init_tracepoints+0x0/0x27 @ 1
[   11.061393] initcall init_tracepoints+0x0/0x27 returned 0 after 1498 usecs
[   11.066265] kvm-guest: stealtime: cpu 12, msr 1ed1b600
[   11.072681] calling  init_blk_tracer+0x0/0x50 @ 1
[   11.095787] initcall init_blk_tracer+0x0/0x50 returned 0 after 6568 usecs
[   11.107054] calling  perf_event_sysfs_init+0x0/0x81 @ 1
[   11.117708] initcall perf_event_sysfs_init+0x0/0x81 returned 0 after 1104 usecs
[   11.130288] calling  system_trusted_keyring_init+0x0/0x60 @ 1
[   11.140671] Initialise system trusted keyrings
[   11.149323] initcall system_trusted_keyring_init+0x0/0x60 returned 0 after 8443 usecs
[   11.163090] calling  kswapd_init+0x0/0x5f @ 1
[   11.175285] initcall kswapd_init+0x0/0x5f returned 0 after 5198 usecs
[   11.177986]  #13
[   11.185408] calling  extfrag_debug_init+0x0/0x54 @ 1
[   11.199842] initcall extfrag_debug_init+0x0/0x54 returned 0 after 2348 usecs
[    1.232436] kvm-clock: cpu 13, msr 1666e341, secondary cpu clock
[   11.212110] calling  mm_compute_batch_init+0x0/0x12 @ 1
[   11.233316] initcall mm_compute_batch_init+0x0/0x12 returned 0 after 1365 usecs
[   11.239570] kvm-guest: stealtime: cpu 13, msr 1ed5b600
[   11.246252] calling  slab_proc_init+0x0/0x21 @ 1
[   11.262423] initcall slab_proc_init+0x0/0x21 returned 0 after 377 usecs
[   11.272812] calling  workingset_init+0x0/0x8c @ 1
[   11.280543] workingset: timestamp_bits=52 max_order=17 bucket_order=0
[   11.293155] initcall workingset_init+0x0/0x8c returned 0 after 12416 usecs
[   11.305939] calling  proc_vmalloc_init+0x0/0x32 @ 1
[   11.318232] initcall proc_vmalloc_init+0x0/0x32 returned 0 after 6 usecs
[   11.328265] calling  procswaps_init+0x0/0x1e @ 1
[   11.335500] initcall procswaps_init+0x0/0x1e returned 0 after 356 usecs
[   11.345304] calling  slab_sysfs_init+0x0/0xea @ 1
[   11.404890] initcall slab_sysfs_init+0x0/0xea returned 0 after 51308 usecs
[   11.415405] calling  fcntl_init+0x0/0x29 @ 1
[   11.434916]  #14
[    1.232436] kvm-clock: cpu 14, msr 1666e381, secondary cpu clock
[   11.475847] kvm-guest: stealtime: cpu 14, msr 1ed9b600
[   11.511170] initcall fcntl_init+0x0/0x29 returned 0 after 88222 usecs
[   11.521909] calling  proc_filesystems_init+0x0/0x21 @ 1
[   11.532137] initcall proc_filesystems_init+0x0/0x21 returned 0 after 1771 usecs
[   11.545306] calling  start_dirtytime_writeback+0x0/0x29 @ 1
[   11.555052] initcall start_dirtytime_writeback+0x0/0x29 returned 0 after 3 usecs
[   11.566951] calling  blkdev_init+0x0/0x1b @ 1
[   11.607102]  #15
[    1.232436] kvm-clock: cpu 15, msr 1666e3c1, secondary cpu clock
[   11.671533] kvm-guest: stealtime: cpu 15, msr 1eddb600
[   11.716506] initcall blkdev_init+0x0/0x1b returned 0 after 138969 usecs
[   11.727484] calling  dio_init+0x0/0x2c @ 1
[   11.736504] initcall dio_init+0x0/0x2c returned 0 after 2094 usecs
[   11.746236] calling  dnotify_init+0x0/0x78 @ 1
[   11.755020] initcall dnotify_init+0x0/0x78 returned 0 after 1568 usecs
[   11.765403] calling  aio_setup+0x0/0x78 @ 1
[   11.808979]  #16
[    1.232436] kvm-clock: cpu 16, msr 1666e401, secondary cpu clock
[   11.858659] kvm-guest: stealtime: cpu 16, msr 1ee1b600
[   11.892827] initcall aio_setup+0x0/0x78 returned 0 after 118087 usecs
[   11.904374] calling  io_uring_init+0x0/0x2c @ 1
[   11.912224] initcall io_uring_init+0x0/0x2c returned 0 after 11 usecs
[   11.922894] calling  mbcache_init+0x0/0x30 @ 1
[   11.930007] initcall mbcache_init+0x0/0x30 returned 0 after 263 usecs
[   11.940199] calling  init_grace+0x0/0xc @ 1
[   11.947318] initcall init_grace+0x0/0xc returned 0 after 499 usecs
[   11.956906] calling  init_v2_quota_format+0x0/0x21 @ 1
[   11.965501] initcall init_v2_quota_format+0x0/0x21 returned 0 after 939 usecs
[   11.976205] calling  init_devpts_fs+0x0/0x27 @ 1
[   11.984523] initcall init_devpts_fs+0x0/0x27 returned 0 after 1316 usecs
[   11.994534]  #17
[   11.995002] calling  ext4_init_fs+0x0/0x1d0 @ 1
[    1.232436] kvm-clock: cpu 17, msr 1666e441, secondary cpu clock
[   12.038970] kvm-guest: stealtime: cpu 17, msr 1ee5b600
[   12.073466] initcall ext4_init_fs+0x0/0x1d0 returned 0 after 66356 usecs
[   12.084096] calling  journal_init+0x0/0x11c @ 1
[   12.093029] initcall journal_init+0x0/0x11c returned 0 after 1388 usecs
[   12.103131] calling  init_fat_fs+0x0/0x49 @ 1
[   12.156584]  #18
[    1.232436] kvm-clock: cpu 18, msr 1666e481, secondary cpu clock
[   12.213375] kvm-guest: stealtime: cpu 18, msr 1ee9b600
[   12.246126] initcall init_fat_fs+0x0/0x49 returned 0 after 132529 usecs
[   12.256841] calling  init_vfat_fs+0x0/0xc @ 1
[   12.263749] initcall init_vfat_fs+0x0/0xc returned 0 after 5 usecs
[   12.274782] calling  init_msdos_fs+0x0/0xc @ 1
[   12.283355] initcall init_msdos_fs+0x0/0xc returned 0 after 6 usecs
[   12.294644] calling  init_iso9660_fs+0x0/0x6c @ 1
[   12.317828]  #19
[    1.232436] kvm-clock: cpu 19, msr 1666e4c1, secondary cpu clock
[   12.362297] kvm-guest: stealtime: cpu 19, msr 1eedb600
[   12.394211] initcall init_iso9660_fs+0x0/0x6c returned 0 after 89535 usecs
[   12.408782] calling  init_nfs_fs+0x0/0x13a @ 1
[   12.452909]  #20
[    1.232436] kvm-clock: cpu 20, msr 1666e501, secondary cpu clock
[   12.512654] kvm-guest: stealtime: cpu 20, msr 1ef1b600
[   12.601412] initcall init_nfs_fs+0x0/0x13a returned 0 after 179838 usecs
[   12.612064] calling  init_nfs_v2+0x0/0x13 @ 1
[   12.619187] initcall init_nfs_v2+0x0/0x13 returned 0 after 224 usecs
[   12.630007] calling  init_nfs_v3+0x0/0x13 @ 1
[   12.637093] initcall init_nfs_v3+0x0/0x13 returned 0 after 1 usecs
[   12.646509] calling  init_nfs_v4+0x0/0x32 @ 1
[   12.653297] NFS: Registering the id_resolver key type
[   12.661089] Key type id_resolver registered
[   12.667725] Key type id_legacy registered
[   12.674881] initcall init_nfs_v4+0x0/0x32 returned 0 after 21190 usecs
[   12.684879]  #21
[   12.686010] calling  init_nlm+0x0/0x5b @ 1
[   12.697308] initcall init_nlm+0x0/0x5b returned 0 after 222 usecs
[   12.708029] calling  init_nls_cp437+0x0/0xe @ 1
[    1.232436] kvm-clock: cpu 21, msr 1666e541, secondary cpu clock
[   12.716074] initcall init_nls_cp437+0x0/0xe returned 0 after 227 usecs
[   12.735040] calling  init_nls_ascii+0x0/0xe @ 1
[   12.742266] initcall init_nls_ascii+0x0/0xe returned 0 after 1 usecs
[   12.754383] calling  init_nls_iso8859_1+0x0/0xe @ 1
[   12.761745] initcall init_nls_iso8859_1+0x0/0xe returned 0 after 1 usecs
[   12.765048] kvm-guest: stealtime: cpu 21, msr 1ef5b600
[   12.771914] calling  init_nls_utf8+0x0/0x21 @ 1
[   12.788935] initcall init_nls_utf8+0x0/0x21 returned 0 after 2 usecs
[   12.799712] calling  init_autofs_fs+0x0/0x25 @ 1
[   12.813395] initcall init_autofs_fs+0x0/0x25 returned 0 after 5738 usecs
[   12.825853] calling  ipc_init+0x0/0x24 @ 1
[   12.833664] initcall ipc_init+0x0/0x24 returned 0 after 680 usecs
[   12.844039] calling  ipc_sysctl_init+0x0/0x13 @ 1
[   12.862156] initcall ipc_sysctl_init+0x0/0x13 returned 0 after 160 usecs
[   12.872505]  #22
[   12.873237] calling  init_mqueue_fs+0x0/0x9a @ 1
[    1.232436] kvm-clock: cpu 22, msr 1666e581, secondary cpu clock
[   12.968390] kvm-guest: stealtime: cpu 22, msr 1ef9b600
[   13.013261] initcall init_mqueue_fs+0x0/0x9a returned 0 after 136730 usecs
[   13.024758] calling  key_proc_init+0x0/0x63 @ 1
[   13.031593] initcall key_proc_init+0x0/0x63 returned 0 after 7 usecs
[   13.041187] calling  selinux_nf_ip_init+0x0/0x2e @ 1
[   13.049397] initcall selinux_nf_ip_init+0x0/0x2e returned 0 after 147 usecs
[   13.059899] calling  init_sel_fs+0x0/0x116 @ 1
[   13.066496] initcall init_sel_fs+0x0/0x116 returned 0 after 1 usecs
[   13.075606] calling  selnl_init+0x0/0x7c @ 1
[   13.083890] initcall selnl_init+0x0/0x7c returned 0 after 1720 usecs
[   13.093154] calling  sel_netif_init+0x0/0x36 @ 1
[   13.100048] initcall sel_netif_init+0x0/0x36 returned 0 after 1 usecs
[   13.109272] calling  sel_netnode_init+0x0/0x33 @ 1
[   13.116444] initcall sel_netnode_init+0x0/0x33 returned 0 after 1 usecs
[   13.126128] calling  sel_netport_init+0x0/0x33 @ 1
[   13.131476]  #23
[   13.133165] initcall sel_netport_init+0x0/0x33 returned 0 after 1 usecs
[   13.145867] calling  aurule_init+0x0/0x2a @ 1
[   13.152339] initcall aurule_init+0x0/0x2a returned 0 after 1 usecs
[    1.232436] kvm-clock: cpu 23, msr 1666e5c1, secondary cpu clock
[   13.161416] calling  crypto_algapi_init+0x0/0xc @ 1
[   13.183713] initcall crypto_algapi_init+0x0/0xc returned 0 after 4599 usecs
[   13.195657] calling  jent_mod_init+0x0/0x2d @ 1
[   13.231956] kvm-guest: stealtime: cpu 23, msr 1efdb600
[   13.245039] initcall jent_mod_init+0x0/0x2d returned 0 after 40987 usecs
[   13.255982] calling  asymmetric_key_init+0x0/0xc @ 1
[   13.264908] Key type asymmetric registered
[   13.272040] initcall asymmetric_key_init+0x0/0xc returned 0 after 7218 usecs
[   13.283022] calling  x509_key_init+0x0/0xc @ 1
[   13.290270] Asymmetric key parser 'x509' registered
[   13.303050] initcall x509_key_init+0x0/0xc returned 0 after 12643 usecs
[   13.313075]  #24
[   13.321330] calling  proc_genhd_init+0x0/0x41 @ 1
[   13.332342] initcall proc_genhd_init+0x0/0x41 returned 0 after 9 usecs
[    1.232436] kvm-clock: cpu 24, msr 1666e601, secondary cpu clock
[   13.342973] calling  bsg_init+0x0/0x113 @ 1
[   13.372044] Block layer SCSI generic (bsg) driver version 0.4 loaded (major 251)
[   13.380528] kvm-guest: stealtime: cpu 24, msr 1f01b600
[   13.385831] initcall bsg_init+0x0/0x113 returned 0 after 24995 usecs
[   13.402101] calling  deadline_init+0x0/0xc @ 1
[   13.408920] io scheduler mq-deadline registered
[   13.415403] initcall deadline_init+0x0/0xc returned 0 after 6600 usecs
[   13.424945] calling  kyber_init+0x0/0xc @ 1
[   13.431224] io scheduler kyber registered
[   13.438156] initcall kyber_init+0x0/0xc returned 0 after 6766 usecs
[   13.447124] calling  mod_init+0x0/0x7 @ 1
[   13.452939] initcall mod_init+0x0/0x7 returned 0 after 0 usecs
[   13.465089]  #25
[   13.476792] calling  percpu_counter_startup+0x0/0x55 @ 1
[    1.232436] kvm-clock: cpu 25, msr 1666e641, secondary cpu clock
[   13.617239] kvm-guest: stealtime: cpu 25, msr 1f05b600
[   13.762405]  #26
[    1.232436] kvm-clock: cpu 26, msr 1666e681, secondary cpu clock
[   13.864974] kvm-guest: stealtime: cpu 26, msr 1f09b600
[   13.893099] initcall percpu_counter_startup+0x0/0x55 returned 0 after 406537 usecs
[   13.905207] calling  sg_pool_init+0x0/0xb4 @ 1
[   13.939668]  #27
[    1.232436] kvm-clock: cpu 27, msr 1666e6c1, secondary cpu clock
[   14.056305] kvm-guest: stealtime: cpu 27, msr 1f0db600
[   14.087887] initcall sg_pool_init+0x0/0xb4 returned 0 after 170896 usecs
[   14.100976] calling  pcie_portdrv_init+0x0/0x39 @ 1
[   14.109545] initcall pcie_portdrv_init+0x0/0x39 returned 0 after 218 usecs
[   14.121241] calling  pci_proc_init+0x0/0x68 @ 1
[   14.128340] initcall pci_proc_init+0x0/0x68 returned 0 after 172 usecs
[   14.136891]  #28
[   14.138743] calling  pci_hotplug_init+0x0/0x7 @ 1
[   14.149707] initcall pci_hotplug_init+0x0/0x7 returned 0 after 1 usecs
[    1.232436] kvm-clock: cpu 28, msr 1666e701, secondary cpu clock
[   14.160168] calling  efifb_driver_init+0x0/0xe @ 1
[   14.178027] initcall efifb_driver_init+0x0/0xe returned 0 after 33 usecs
[   14.188879] calling  ged_driver_init+0x0/0xe @ 1
[   14.237924] initcall ged_driver_init+0x0/0xe returned 0 after 37352 usecs
[   14.248554] calling  acpi_ac_init+0x0/0x92 @ 1
[   14.250918] kvm-guest: stealtime: cpu 28, msr 1f11b600
[   14.256062] initcall acpi_ac_init+0x0/0x92 returned 0 after 450 usecs
[   14.275044] calling  acpi_button_driver_init+0x0/0x52 @ 1
[   14.284985] input: Power Button as /devices/LNXSYSTM:00/LNXPWRBN:00/input/input0
[   14.298256] ACPI: Power Button [PWRF]
[   14.305248] initcall acpi_button_driver_init+0x0/0x52 returned 0 after 21663 usecs
[   14.318171] calling  acpi_fan_driver_init+0x0/0xe @ 1
[   14.327160]  #29
[   14.327265] initcall acpi_fan_driver_init+0x0/0xe returned 0 after 53 usecs
[   14.342219] calling  acpi_video_init+0x0/0xcb @ 1
[    1.232436] kvm-clock: cpu 29, msr 1666e741, secondary cpu clock
[   14.350812] initcall acpi_video_init+0x0/0xcb returned 0 after 261 usecs
[   14.377792] calling  acpi_processor_driver_init+0x0/0xad @ 1
[   14.447218] kvm-guest: stealtime: cpu 29, msr 1f15b600
[   14.507905]  #30
[    1.232436] kvm-clock: cpu 30, msr 1666e781, secondary cpu clock
[   14.578966] kvm-guest: stealtime: cpu 30, msr 1f19b600
[   14.632727] torture_onoff-torture:rcu: Initial online 31: errno -16
[   14.635109] initcall acpi_processor_driver_init+0x0/0xad returned 0 after 223044 usecs
[   14.656256] calling  acpi_thermal_init+0x0/0x71 @ 1
[   14.667885] initcall acpi_thermal_init+0x0/0x71 returned 0 after 2877 usecs
[   14.679054] calling  acpi_battery_init+0x0/0x32 @ 1
[   14.694502]  #32
[   14.712238] initcall acpi_battery_init+0x0/0x32 returned 0 after 437 usecs
[   14.726106] calling  bgrt_init+0x0/0xb6 @ 1
[    1.232436] kvm-clock: cpu 32, msr 1666e801, secondary cpu clock
[   14.732793] initcall bgrt_init+0x0/0xb6 returned -19 after 1 usecs
[   14.771159] calling  gpio_clk_driver_init+0x0/0xe @ 1
[   14.778246] kvm-guest: stealtime: cpu 32, msr 1f21b600
[   14.779743] initcall gpio_clk_driver_init+0x0/0xe returned 0 after 480 usecs
[   14.797911] calling  plt_clk_driver_init+0x0/0xe @ 1
[   14.805735] initcall plt_clk_driver_init+0x0/0xe returned 0 after 26 usecs
[   14.817723] calling  virtio_pci_driver_init+0x0/0x15 @ 1
[   14.826459] initcall virtio_pci_driver_init+0x0/0x15 returned 0 after 46 usecs
[   14.838243] calling  n_null_init+0x0/0x1e @ 1
[   14.845843] initcall n_null_init+0x0/0x1e returned 0 after 84 usecs
[   14.852464]  #33
[   14.855909] calling  pty_init+0x0/0x1e8 @ 1
[   14.869039] initcall pty_init+0x0/0x1e8 returned 0 after 2884 usecs
[    1.232436] kvm-clock: cpu 33, msr 1666e841, secondary cpu clock
[   14.879029] calling  sysrq_init+0x0/0x62 @ 1
[   14.942049] initcall sysrq_init+0x0/0x62 returned 0 after 45092 usecs
[   14.952371] calling  serial8250_init+0x0/0x17e @ 1
[   14.953037] kvm-guest: stealtime: cpu 33, msr 1f25b600
[   14.960178] Serial: 8250/16550 driver, 4 ports, IRQ sharing enabled
[   14.985538] 00:03: ttyS0 at I/O 0x3f8 (irq = 4, base_baud = 115200) is a 16550A
[   15.021272] initcall serial8250_init+0x0/0x17e returned 0 after 60383 usecs
[   15.037762] calling  serial_pci_driver_init+0x0/0x15 @ 1
[   15.050296] initcall serial_pci_driver_init+0x0/0x15 returned 0 after 660 usecs
[   15.061122] calling  exar_pci_driver_init+0x0/0x15 @ 1
[   15.069838] initcall exar_pci_driver_init+0x0/0x15 returned 0 after 578 usecs
[   15.080455] calling  lpss8250_pci_driver_init+0x0/0x15 @ 1
[   15.088745] initcall lpss8250_pci_driver_init+0x0/0x15 returned 0 after 28 usecs
[   15.092744]  #34
[   15.100422] calling  mid8250_pci_driver_init+0x0/0x15 @ 1
[   15.111869] initcall mid8250_pci_driver_init+0x0/0x15 returned 0 after 26 usecs
[    1.232436] kvm-clock: cpu 34, msr 1666e881, secondary cpu clock
[   15.133141] calling  virtio_console_init+0x0/0xff @ 1
[   15.158456] initcall virtio_console_init+0x0/0xff returned 0 after 6534 usecs
[   15.201587] calling  hpet_init+0x0/0x64 @ 1
[   15.206622] kvm-guest: stealtime: cpu 34, msr 1f29b600
[   15.210433] initcall hpet_init+0x0/0x64 returned 0 after 2547 usecs
[   15.226647] calling  nvram_module_init+0x0/0x83 @ 1
[   15.238333] Non-volatile memory driver v1.3
[   15.244885] initcall nvram_module_init+0x0/0x83 returned 0 after 9387 usecs
[   15.255458] calling  hwrng_modinit+0x0/0x8a @ 1
[   15.264230] initcall hwrng_modinit+0x0/0x8a returned 0 after 1223 usecs
[   15.267877]  #35
[   15.274809] calling  mod_init+0x0/0x48 @ 1
[   15.274813] initcall mod_init+0x0/0x48 returned -19 after 0 usecs
[   15.274815] calling  agp_init+0x0/0x23 @ 1
[   15.274817] Linux agpgart interface v0.103
[   15.274819] initcall agp_init+0x0/0x23 returned 0 after 1 usecs
[   15.274822] calling  agp_amd64_mod_init+0x0/0x5 @ 1
[   15.275009] initcall agp_amd64_mod_init+0x0/0x5 returned -19 after 179 usecs
[    1.232436] kvm-clock: cpu 35, msr 1666e8c1, secondary cpu clock
[   15.294017] calling  agp_intel_init+0x0/0x28 @ 1
[   15.417040] kvm-guest: stealtime: cpu 35, msr 1f2db600
[   15.475661]  #36
[    1.232436] kvm-clock: cpu 36, msr 1666e901, secondary cpu clock
[   15.589762] kvm-guest: stealtime: cpu 36, msr 1f31b600
[   15.623874] initcall agp_intel_init+0x0/0x28 returned 0 after 261270 usecs
[   15.625915] rcu-torture: rcu_torture_read_exit: End of episode
[   15.633936] calling  drm_kms_helper_init+0x0/0x7 @ 1
[   15.638793]  #37
[   15.650569] initcall drm_kms_helper_init+0x0/0x7 returned 0 after 52 usecs
[    1.232436] kvm-clock: cpu 37, msr 1666e941, secondary cpu clock
[   15.777541] calling  drm_core_init+0x0/0xa4 @ 1
[   15.782968] kvm-guest: stealtime: cpu 37, msr 1f35b600
[   15.787808] initcall drm_core_init+0x0/0xa4 returned 0 after 476 usecs
[   15.812393] calling  i915_init+0x0/0x6b @ 1
[   15.819818] initcall i915_init+0x0/0x6b returned 0 after 696 usecs
[   15.829468] calling  cn_proc_init+0x0/0x35 @ 1
[   15.836427] initcall cn_proc_init+0x0/0x35 returned 0 after 3 usecs
[   15.845846] calling  topology_sysfs_init+0x0/0x27 @ 1
[   15.847630]  #38
[    1.232436] kvm-clock: cpu 38, msr 1666e981, secondary cpu clock
[   16.028044] kvm-guest: stealtime: cpu 38, msr 1f39b600
[   16.063199] initcall topology_sysfs_init+0x0/0x27 returned 0 after 204724 usecs
[   16.074057] calling  cacheinfo_sysfs_init+0x0/0x27 @ 1
[   16.092821]  #39
[    1.232436] kvm-clock: cpu 39, msr 1666e9c1, secondary cpu clock
[   16.325211] kvm-guest: stealtime: cpu 39, msr 1f3db600
[   16.438068] initcall cacheinfo_sysfs_init+0x0/0x27 returned 0 after 346559 usecs
[   16.449850] calling  loop_init+0x0/0x168 @ 1
[   16.460136]  #40
[    1.232436] kvm-clock: cpu 40, msr 1666ea01, secondary cpu clock
[   16.603290] kvm-guest: stealtime: cpu 40, msr 1f41b600
[   16.677622]  #41
[    1.232436] kvm-clock: cpu 41, msr 1666ea41, secondary cpu clock
[   16.771324] kvm-guest: stealtime: cpu 41, msr 1f45b600
[   16.833165]  #42
[    1.232436] kvm-clock: cpu 42, msr 1666ea81, secondary cpu clock
[   16.923033] kvm-guest: stealtime: cpu 42, msr 1f49b600
[   16.957025] rcu-torture: torture_onoff begin holdoff
[   17.036976] loop: module loaded
[   17.041420] initcall loop_init+0x0/0x168 returned 0 after 570884 usecs
[   17.049903] calling  mac_hid_init+0x0/0x21 @ 1
[   17.056947] initcall mac_hid_init+0x0/0x21 returned 0 after 10 usecs
[   17.065469] calling  spi_transport_init+0x0/0x74 @ 1
[   17.074014] initcall spi_transport_init+0x0/0x74 returned 0 after 180 usecs
[   17.083464] calling  init_sd+0x0/0x18c @ 1
[   17.089850] initcall init_sd+0x0/0x18c returned 0 after 212 usecs
[   17.099126] calling  init_sr+0x0/0x43 @ 1
[   17.105673] initcall init_sr+0x0/0x43 returned 0 after 54 usecs
[   17.114988] calling  init_sg+0x0/0x1c0 @ 1
[   17.122095] initcall init_sg+0x0/0x1c0 returned 0 after 35 usecs
[   17.131825] calling  ahci_pci_driver_init+0x0/0x15 @ 1
[   17.140677] ahci 0000:00:1f.2: version 3.0
[   17.148474] PCI Interrupt Link [GSIA] enabled at IRQ 16
[   17.165742] ahci 0000:00:1f.2: AHCI 0001.0000 32 slots 6 ports 1.5 Gbps 0x3f impl SATA mode
[   17.178043] ahci 0000:00:1f.2: flags: 64bit ncq only 
[   17.194980] scsi host0: ahci
[   17.202832] scsi host1: ahci
[   17.212298] scsi host2: ahci
[   17.221310] scsi host3: ahci
[   17.230763] scsi host4: ahci
[   17.238980] scsi host5: ahci
[   17.243850] ata1: SATA max UDMA/133 abar m4096@0xfebf1000 port 0xfebf1100 irq 24
[   17.254943] ata2: SATA max UDMA/133 abar m4096@0xfebf1000 port 0xfebf1180 irq 24
[   17.267492] ata3: SATA max UDMA/133 abar m4096@0xfebf1000 port 0xfebf1200 irq 24
[   17.280163] ata4: SATA max UDMA/133 abar m4096@0xfebf1000 port 0xfebf1280 irq 24
[   17.291141] ata5: SATA max UDMA/133 abar m4096@0xfebf1000 port 0xfebf1300 irq 24
[   17.306304] ata6: SATA max UDMA/133 abar m4096@0xfebf1000 port 0xfebf1380 irq 24
[   17.318003] initcall ahci_pci_driver_init+0x0/0x15 returned 0 after 173473 usecs
[   17.335373] calling  piix_init+0x0/0x26 @ 1
[   17.342390] initcall piix_init+0x0/0x26 returned 0 after 75 usecs
[   17.351601] calling  amd_pci_driver_init+0x0/0x15 @ 1
[   17.359722] initcall amd_pci_driver_init+0x0/0x15 returned 0 after 42 usecs
[   17.370740] calling  oldpiix_pci_driver_init+0x0/0x15 @ 1
[   17.378992] initcall oldpiix_pci_driver_init+0x0/0x15 returned 0 after 85 usecs
[   17.390467] calling  sch_pci_driver_init+0x0/0x15 @ 1
[   17.398719] initcall sch_pci_driver_init+0x0/0x15 returned 0 after 38 usecs
[   17.409261] calling  net_olddevs_init+0x0/0x55 @ 1
[   17.415373] initcall net_olddevs_init+0x0/0x55 returned 0 after 160 usecs
[   17.424246] calling  blackhole_netdev_init+0x0/0x78 @ 1
[   17.432343] initcall blackhole_netdev_init+0x0/0x78 returned 0 after 441 usecs
[   17.442854] calling  phy_module_init+0x0/0x13 @ 1
[   17.450585] initcall phy_module_init+0x0/0x13 returned 0 after 434 usecs
[   17.460302] calling  tg3_driver_init+0x0/0x15 @ 1
[   17.467689] initcall tg3_driver_init+0x0/0x15 returned 0 after 66 usecs
[   17.478421] calling  e100_init_module+0x0/0x4c @ 1
[   17.486855] e100: Intel(R) PRO/100 Network Driver
[   17.494886] e100: Copyright(c) 1999-2006 Intel Corporation
[   17.504175] initcall e100_init_module+0x0/0x4c returned 0 after 16952 usecs
[   17.513904] calling  e1000_init_module+0x0/0x72 @ 1
[   17.520835] e1000: Intel(R) PRO/1000 Network Driver
[   17.528168] e1000: Copyright (c) 1999-2006 Intel Corporation.
[   17.537685] initcall e1000_init_module+0x0/0x72 returned 0 after 16449 usecs
[   17.548409] calling  e1000_init_module+0x0/0x2d @ 1
[   17.556009] e1000e: Intel(R) PRO/1000 Network Driver
[   17.563708] e1000e: Copyright(c) 1999 - 2015 Intel Corporation.
[   17.572666] initcall e1000_init_module+0x0/0x2d returned 0 after 16284 usecs
[   17.583067] calling  sky2_init_module+0x0/0x21 @ 1
[   17.590390] sky2: driver version 1.30
[   17.595791] initcall sky2_init_module+0x0/0x21 returned 0 after 5270 usecs
[   17.605987] calling  forcedeth_pci_driver_init+0x0/0x15 @ 1
[   17.614361] initcall forcedeth_pci_driver_init+0x0/0x15 returned 0 after 124 usecs
[   17.625547] calling  rtl8139_init_module+0x0/0x15 @ 1
[   17.631085] ata1: SATA link down (SStatus 0 SControl 300)
[   17.633051] initcall rtl8139_init_module+0x0/0x15 returned 0 after 37 usecs
[   17.643045] ata2: SATA link down (SStatus 0 SControl 300)
[   17.651243] calling  rtl8169_pci_driver_init+0x0/0x15 @ 1
[   17.651326] initcall rtl8169_pci_driver_init+0x0/0x15 returned 0 after 78 usecs
[   17.661688] ata3: SATA link up 1.5 Gbps (SStatus 113 SControl 300)
[   17.667419] calling  cdrom_init+0x0/0xc @ 1
[   17.667612] initcall cdrom_init+0x0/0xc returned 0 after 183 usecs
[   17.681382] ata4: SATA link down (SStatus 0 SControl 300)
[   17.689423] calling  nonstatic_sysfs_init+0x0/0xc @ 1
[   17.697401] ata5: SATA link down (SStatus 0 SControl 300)
[   17.705128] initcall nonstatic_sysfs_init+0x0/0xc returned 0 after 53 usecs
[   17.714663] ata6: SATA link down (SStatus 0 SControl 300)
[   17.720434] calling  yenta_cardbus_driver_init+0x0/0x15 @ 1
[   17.720609] initcall yenta_cardbus_driver_init+0x0/0x15 returned 0 after 167 usecs
[   17.729024] ata3.00: ATAPI: QEMU DVD-ROM, 2.5+, max UDMA/100
[   17.738421] calling  mon_init+0x0/0x12d @ 1
[   17.740270] initcall mon_init+0x0/0x12d returned 0 after 1799 usecs
[   17.747443] ata3.00: applying bridge limits
[   17.750155] ata3.00: configured for UDMA/100
[   17.756668] calling  ehci_hcd_init+0x0/0x56 @ 1
[   17.756751] ehci_hcd: USB 2.0 'Enhanced' Host Controller (EHCI) Driver
[   17.773469] scsi 2:0:0:0: CD-ROM            QEMU     QEMU DVD-ROM     2.5+ PQ: 0 ANSI: 5
[   17.775854] initcall ehci_hcd_init+0x0/0x56 returned 0 after 18729 usecs
[   17.775858] calling  ehci_pci_init+0x0/0x64 @ 1
[   17.775860] ehci-pci: EHCI PCI platform driver
[   17.775987] initcall ehci_pci_init+0x0/0x64 returned 0 after 123 usecs
[   17.775989] calling  ohci_hcd_mod_init+0x0/0x4e @ 1
[   17.776050] ohci_hcd: USB 1.1 'Open' Host Controller (OHCI) Driver
[   17.776064] initcall ohci_hcd_mod_init+0x0/0x4e returned 0 after 70 usecs
[   17.776066] calling  ohci_pci_init+0x0/0x64 @ 1
[   17.776067] ohci-pci: OHCI PCI platform driver
[   17.776129] initcall ohci_pci_init+0x0/0x64 returned 0 after 59 usecs
[   17.776131] calling  uhci_hcd_init+0x0/0xa8 @ 1
[   17.776132] uhci_hcd: USB Universal Host Controller Interface driver
[   17.776173] initcall uhci_hcd_init+0x0/0xa8 returned 0 after 38 usecs
[   17.776175] calling  xhci_hcd_init+0x0/0x1e @ 1
[   17.776201] initcall xhci_hcd_init+0x0/0x1e returned 0 after 23 usecs
[   17.776202] calling  xhci_pci_init+0x0/0x49 @ 1
[   17.776240] initcall xhci_pci_init+0x0/0x49 returned 0 after 34 usecs
[   17.776242] calling  usblp_driver_init+0x0/0x15 @ 1
[   17.776344] usbcore: registered new interface driver usblp
[   17.776346] initcall usblp_driver_init+0x0/0x15 returned 0 after 99 usecs
[   17.776348] calling  usb_storage_driver_init+0x0/0x2a @ 1
[   17.776395] usbcore: registered new interface driver usb-storage
[   17.776397] initcall usb_storage_driver_init+0x0/0x2a returned 0 after 45 usecs
[   17.776399] calling  i8042_init+0x0/0x4c2 @ 1
[   17.776500] i8042: PNP: PS/2 Controller [PNP0303:KBD,PNP0f13:MOU] at 0x60,0x64 irq 1,12
[   18.057219] sr 2:0:0:0: [sr0] scsi3-mmc drive: 4x/4x cd/rw xa/form2 tray
[   18.057334] serio: i8042 KBD port at 0x60,0x64 irq 1
[   18.068016] cdrom: Uniform CD-ROM driver Revision: 3.20
[   18.084167] serio: i8042 AUX port at 0x60,0x64 irq 12
[   18.091790] initcall i8042_init+0x0/0x4c2 returned 0 after 307988 usecs
[   18.101311] calling  serport_init+0x0/0x2c @ 1
[   18.107601] initcall serport_init+0x0/0x2c returned 0 after 1 usecs
[   18.117301] calling  input_leds_init+0x0/0xc @ 1
[   18.124384] initcall input_leds_init+0x0/0xc returned 0 after 4 usecs
[   18.134630] calling  evdev_init+0x0/0xc @ 1
[   18.142368] initcall evdev_init+0x0/0xc returned 0 after 900 usecs
[   18.148258] sr 2:0:0:0: Attached scsi CD-ROM sr0
[   18.151785] calling  atkbd_init+0x0/0x21 @ 1
[   18.159863] sr 2:0:0:0: Attached scsi generic sg0 type 5
[   18.166081] initcall atkbd_init+0x0/0x21 returned 0 after 502 usecs
[   18.185031] calling  psmouse_init+0x0/0x7f @ 1
[   18.192248] initcall psmouse_init+0x0/0x7f returned 0 after 253 usecs
[   18.202757] calling  cmos_init+0x0/0x73 @ 1
[   18.210198] rtc_cmos 00:04: RTC can wake from S4
[   18.218453] input: AT Translated Set 2 keyboard as /devices/platform/i8042/serio0/input/input1
[   18.225757] rtc_cmos 00:04: registered as rtc0
[   18.241642] rtc_cmos 00:04: alarms up to one day, y3k, 242 bytes nvram, hpet irqs
[   18.255381] initcall cmos_init+0x0/0x73 returned 0 after 45064 usecs
[   18.267159] calling  smbalert_driver_init+0x0/0xe @ 1
[   18.276617] initcall smbalert_driver_init+0x0/0xe returned 0 after 527 usecs
[   18.288567] calling  i2c_i801_init+0x0/0xc5 @ 1
[   18.298576] i801_smbus 0000:00:1f.3: SMBus using PCI interrupt
[   18.308351] i2c i2c-0: 1/1 memory slots populated (from DMI)
[   18.317306] i2c i2c-0: Memory type 0x07 not supported yet, not instantiating SPD
[   18.330703] initcall i2c_i801_init+0x0/0xc5 returned 0 after 34054 usecs
[   18.352965] calling  ptp_kvm_init+0x0/0xf0 @ 1
[   18.361609] initcall ptp_kvm_init+0x0/0xf0 returned 0 after 1423 usecs
[   18.371865] calling  dm_init+0x0/0x3c @ 1
[   18.380401] device-mapper: ioctl: 4.43.0-ioctl (2020-10-01) initialised: dm-devel@redhat.com
[   18.392870] initcall dm_init+0x0/0x3c returned 0 after 13791 usecs
[   18.402865] calling  dm_mirror_init+0x0/0x29 @ 1
[   18.410311] initcall dm_mirror_init+0x0/0x29 returned 0 after 25 usecs
[   18.420194] calling  dm_dirty_log_init+0x0/0x4f @ 1
[   18.427716] initcall dm_dirty_log_init+0x0/0x4f returned 0 after 56 usecs
[   18.438106] calling  dm_zero_init+0x0/0x29 @ 1
[   18.444514] initcall dm_zero_init+0x0/0x29 returned 0 after 4 usecs
[   18.453953] calling  intel_pstate_init+0x0/0x513 @ 1
[   18.461495] intel_pstate: CPU model not supported
[   18.468334] initcall intel_pstate_init+0x0/0x513 returned -19 after 6675 usecs
[   18.479300] calling  haltpoll_init+0x0/0xc0 @ 1
[   18.485790] initcall haltpoll_init+0x0/0xc0 returned -19 after 35 usecs
[   18.496315] calling  efivars_sysfs_init+0x0/0x30 @ 1
[   18.503799] initcall efivars_sysfs_init+0x0/0x30 returned 0 after 69 usecs
[   18.514721] calling  esrt_sysfs_init+0x0/0x2a2 @ 1
[   18.522348] initcall esrt_sysfs_init+0x0/0x2a2 returned -38 after 47 usecs
[   18.537721] calling  hid_init+0x0/0x5c @ 1
[   18.545020] hid: raw HID events driver (C) Jiri Kosina
[   18.552908] initcall hid_init+0x0/0x5c returned 0 after 7878 usecs
