c[?7l[2J[0mSeaBIOS (version 1.16.0-debian-1.16.0-4)
Booting from ROM...
early console in setup code
c[?7l[2J[    0.000000] Linux version 5.10.158+ (root@joelboxx.c.googlers.com) (gcc (Debian 12.2.0-3) 12.2.0, GNU ld (GNU Binutils for Debian) 2.39) #7 SMP Tue Dec 13 02:36:00 UTC 2022
[    0.000000] Command line: selinux=0 initcall_debug debug console=ttyS0 rcutree.gp_preinit_delay=3 rcutree.gp_init_delay=3 rcutree.gp_cleanup_delay=3 rcupdate.rcu_self_test=1 rcutorture.onoff_interval=1000 rcutorture.onoff_holdoff=30 rcutorture.n_barrier_cbs=4 rcutorture.stat_interval=15 rcutorture.shutdown_secs=1800 rcutorture.test_no_idle_hz=1 rcutorture.verbose=1
[    0.000000] x86/fpu: x87 FPU will use FXSAVE
[    0.000000] BIOS-provided physical RAM map:
[    0.000000] BIOS-e820: [mem 0x0000000000000000-0x000000000009fbff] usable
[    0.000000] BIOS-e820: [mem 0x000000000009fc00-0x000000000009ffff] reserved
[    0.000000] BIOS-e820: [mem 0x00000000000f0000-0x00000000000fffff] reserved
[    0.000000] BIOS-e820: [mem 0x0000000000100000-0x000000001ffdefff] usable
[    0.000000] BIOS-e820: [mem 0x000000001ffdf000-0x000000001fffffff] reserved
[    0.000000] BIOS-e820: [mem 0x00000000b0000000-0x00000000bfffffff] reserved
[    0.000000] BIOS-e820: [mem 0x00000000fed1c000-0x00000000fed1ffff] reserved
[    0.000000] BIOS-e820: [mem 0x00000000feffc000-0x00000000feffffff] reserved
[    0.000000] BIOS-e820: [mem 0x00000000fffc0000-0x00000000ffffffff] reserved
[    0.000000] NX (Execute Disable) protection: active
[    0.000000] SMBIOS 2.8 present.
[    0.000000] DMI: QEMU Standard PC (Q35 + ICH9, 2009), BIOS 1.16.0-debian-1.16.0-4 04/01/2014
[    0.000000] Hypervisor detected: KVM
[    0.000000] kvm-clock: Using msrs 4b564d01 and 4b564d00
[    0.000000] kvm-clock: cpu 0, msr 1b91f001, primary cpu clock
[    0.000001] kvm-clock: using sched offset of 3079904479 cycles
[    0.000128] clocksource: kvm-clock: mask: 0xffffffffffffffff max_cycles: 0x1cd42e4dffb, max_idle_ns: 881590591483 ns
[    0.000322] tsc: Detected 1999.999 MHz processor
[    0.007369] e820: update [mem 0x00000000-0x00000fff] usable ==> reserved
[    0.007378] e820: remove [mem 0x000a0000-0x000fffff] usable
[    0.007388] last_pfn = 0x1ffdf max_arch_pfn = 0x400000000
[    0.008122] MTRR default type: write-back
[    0.008283] MTRR fixed ranges enabled:
[    0.008286]   00000-9FFFF write-back
[    0.008288]   A0000-BFFFF uncachable
[    0.008290]   C0000-FFFFF write-protect
[    0.008293] MTRR variable ranges enabled:
[    0.008296]   0 base 00C0000000 mask FFC0000000 uncachable
[    0.008298]   1 disabled
[    0.008300]   2 disabled
[    0.008302]   3 disabled
[    0.008303]   4 disabled
[    0.008305]   5 disabled
[    0.008307]   6 disabled
[    0.008309]   7 disabled
[    0.008628] x86/PAT: Configuration [0-7]: WB  WC  UC- UC  WB  WC  UC- UC  
[    0.032189] found SMP MP-table at [mem 0x000f5ba0-0x000f5baf]
[    0.037436] check: Scanning 1 areas for low memory corruption
[    0.056642] ACPI: Early table checksum verification disabled
[    0.058811] ACPI: RSDP 0x00000000000F59E0 000014 (v00 BOCHS )
[    0.059155] ACPI: RSDT 0x000000001FFE252A 000038 (v01 BOCHS  BXPC     00000001 BXPC 00000001)
[    0.059946] ACPI: FACP 0x000000001FFE22EA 0000F4 (v03 BOCHS  BXPC     00000001 BXPC 00000001)
[    0.060017] ACPI: DSDT 0x000000001FFE0040 0022AA (v01 BOCHS  BXPC     00000001 BXPC 00000001)
[    0.060168] ACPI: FACS 0x000000001FFE0000 000040
[    0.060175] ACPI: APIC 0x000000001FFE23DE 0000B0 (v01 BOCHS  BXPC     00000001 BXPC 00000001)
[    0.060182] ACPI: HPET 0x000000001FFE248E 000038 (v01 BOCHS  BXPC     00000001 BXPC 00000001)
[    0.060189] ACPI: MCFG 0x000000001FFE24C6 00003C (v01 BOCHS  BXPC     00000001 BXPC 00000001)
[    0.060196] ACPI: WAET 0x000000001FFE2502 000028 (v01 BOCHS  BXPC     00000001 BXPC 00000001)
[    0.060203] ACPI: Reserving FACP table memory at [mem 0x1ffe22ea-0x1ffe23dd]
[    0.060205] ACPI: Reserving DSDT table memory at [mem 0x1ffe0040-0x1ffe22e9]
[    0.060208] ACPI: Reserving FACS table memory at [mem 0x1ffe0000-0x1ffe003f]
[    0.060210] ACPI: Reserving APIC table memory at [mem 0x1ffe23de-0x1ffe248d]
[    0.060212] ACPI: Reserving HPET table memory at [mem 0x1ffe248e-0x1ffe24c5]
[    0.060214] ACPI: Reserving MCFG table memory at [mem 0x1ffe24c6-0x1ffe2501]
[    0.060217] ACPI: Reserving WAET table memory at [mem 0x1ffe2502-0x1ffe2529]
[    0.060886] ACPI: Local APIC address 0xfee00000
[    0.064377] No NUMA configuration found
[    0.064381] Faking a node at [mem 0x0000000000000000-0x000000001ffdefff]
[    0.064561] NODE_DATA(0) allocated [mem 0x1ffdb000-0x1ffdefff]
[    0.066978] Zone ranges:
[    0.066981]   DMA      [mem 0x0000000000001000-0x0000000000ffffff]
[    0.066985]   DMA32    [mem 0x0000000001000000-0x000000001ffdefff]
[    0.066989]   Normal   empty
[    0.066992] Movable zone start for each node
[    0.066995] Early memory node ranges
[    0.066997]   node   0: [mem 0x0000000000001000-0x000000000009efff]
[    0.067175]   node   0: [mem 0x0000000000100000-0x000000001ffdefff]
[    0.067235] Initmem setup node 0 [mem 0x0000000000001000-0x000000001ffdefff]
[    0.067238] On node 0 totalpages: 130941
[    0.067374]   DMA zone: 64 pages used for memmap
[    0.067377]   DMA zone: 21 pages reserved
[    0.067409]   DMA zone: 3998 pages, LIFO batch:0
[    0.067412]   DMA32 zone: 1984 pages used for memmap
[    0.067414]   DMA32 zone: 126943 pages, LIFO batch:31
[    0.091241] On node 0, zone DMA: 1 pages in unavailable ranges
[    0.095353] On node 0, zone DMA: 97 pages in unavailable ranges
[    0.204145] On node 0, zone DMA32: 33 pages in unavailable ranges
[    0.207640] ACPI: PM-Timer IO Port: 0x608
[    0.207647] ACPI: Local APIC address 0xfee00000
[    0.207787] ACPI: LAPIC_NMI (acpi_id[0xff] dfl dfl lint[0x1])
[    0.208884] IOAPIC[0]: apic_id 0, version 17, address 0xfec00000, GSI 0-23
[    0.209038] ACPI: INT_SRC_OVR (bus 0 bus_irq 0 global_irq 2 dfl dfl)
[    0.209042] ACPI: INT_SRC_OVR (bus 0 bus_irq 5 global_irq 5 high level)
[    0.209044] ACPI: INT_SRC_OVR (bus 0 bus_irq 9 global_irq 9 high level)
[    0.209204] ACPI: INT_SRC_OVR (bus 0 bus_irq 10 global_irq 10 high level)
[    0.209208] ACPI: INT_SRC_OVR (bus 0 bus_irq 11 global_irq 11 high level)
[    0.209211] ACPI: IRQ0 used by override.
[    0.209214] ACPI: IRQ5 used by override.
[    0.209216] ACPI: IRQ9 used by override.
[    0.209218] ACPI: IRQ10 used by override.
[    0.209220] ACPI: IRQ11 used by override.
[    0.209256] Using ACPI (MADT) for SMP configuration information
[    0.209259] ACPI: HPET id: 0x8086a201 base: 0xfed00000
[    0.209464] smpboot: Allowing 8 CPUs, 0 hotplug CPUs
[    0.210867] PM: hibernation: Registered nosave memory: [mem 0x00000000-0x00000fff]
[    0.210871] PM: hibernation: Registered nosave memory: [mem 0x0009f000-0x0009ffff]
[    0.210873] PM: hibernation: Registered nosave memory: [mem 0x000a0000-0x000effff]
[    0.210876] PM: hibernation: Registered nosave memory: [mem 0x000f0000-0x000fffff]
[    0.210881] [mem 0x20000000-0xafffffff] available for PCI devices
[    0.210916] Booting paravirtualized kernel on KVM
[    0.211164] clocksource: refined-jiffies: mask: 0xffffffff max_cycles: 0xffffffff, max_idle_ns: 1910969940391419 ns
[    0.244328] setup_percpu: NR_CPUS:8 nr_cpumask_bits:8 nr_cpu_ids:8 nr_node_ids:1
[    0.290551] percpu: Embedded 58 pages/cpu s199184 r8192 d30192 u262144
[    0.290569] pcpu-alloc: s199184 r8192 d30192 u262144 alloc=1*2097152
[    0.290573] pcpu-alloc: [0] 0 1 2 3 4 5 6 7 
[    0.291074] kvm-guest: stealtime: cpu 0, msr 1f41bb40
[    0.292064] Built 1 zonelists, mobility grouping on.  Total pages: 128872
[    0.292070] Policy zone: DMA32
[    0.292077] Kernel command line: selinux=0 initcall_debug debug console=ttyS0 rcutree.gp_preinit_delay=3 rcutree.gp_init_delay=3 rcutree.gp_cleanup_delay=3 rcupdate.rcu_self_test=1 rcutorture.onoff_interval=1000 rcutorture.onoff_holdoff=30 rcutorture.n_barrier_cbs=4 rcutorture.stat_interval=15 rcutorture.shutdown_secs=1800 rcutorture.test_no_idle_hz=1 rcutorture.verbose=1
[    0.297625] Dentry cache hash table entries: 65536 (order: 7, 524288 bytes, linear)
[    0.298590] Inode-cache hash table entries: 32768 (order: 6, 262144 bytes, linear)
[    0.299117] mem auto-init: stack:all(zero), heap alloc:off, heap free:off
[    0.302162] Memory: 465384K/523764K available (16398K kernel code, 2799K rwdata, 4824K rodata, 1504K init, 13308K bss, 58120K reserved, 0K cma-reserved)
[    0.302580] SLUB: HWalign=64, Order=0-3, MinObjects=0, CPUs=8, Nodes=1
[    0.302750] Kernel/User page tables isolation: enabled
[    0.312553] Running RCU self tests
[    0.312884] rcu: RCU calculated value of scheduler-enlistment delay is 100 jiffies.
[    0.313363] rcu: Hierarchical RCU implementation.
[    0.313366] rcu: 	CONFIG_RCU_FANOUT set to non-default value of 6.
[    0.313368] rcu: 	RCU lockdep checking is enabled.
[    0.313370] rcu: 	Build-time adjustment of leaf fanout to 6.
[    0.313373] rcu: 	Boot-time adjustment of first FQS scan delay to 3 jiffies.
[    0.313375] rcu: 	Boot-time adjustment of subsequent FQS scan delay to 3 jiffies.
[    0.313377] rcu: 	RCU debug GP pre-init slowdown 3 jiffies.
[    0.313380] rcu: 	RCU debug GP init slowdown 3 jiffies.
[    0.313382] rcu: 	RCU debug GP init slowdown 3 jiffies.
[    0.313384] 	Trampoline variant of Tasks RCU enabled.
[    0.313386] 	Rude variant of Tasks RCU enabled.
[    0.313388] 	Tracing variant of Tasks RCU enabled.
[    0.319725] NR_IRQS: 4352, nr_irqs: 488, preallocated irqs: 16
[    0.321328] rcu: 	Offload RCU callbacks from CPUs: (none).
[    0.322454] calling  con_init+0x0/0x24f @ 0
[    0.431754] Console: colour VGA+ 80x25
[    0.431780] initcall con_init+0x0/0x24f returned 0 after 0 usecs
[    0.431786] calling  hvc_console_init+0x0/0x13 @ 0
[    0.431790] initcall hvc_console_init+0x0/0x13 returned 0 after 0 usecs
[    0.431794] calling  univ8250_console_init+0x0/0x26 @ 0
[    1.436879] printk: console [ttyS0] enabled
[    1.441262] initcall univ8250_console_init+0x0/0x26 returned 0 after 0 usecs
[    1.448635] Lock dependency validator: Copyright (c) 2006 Red Hat, Inc., Ingo Molnar
[    1.456827] ... MAX_LOCKDEP_SUBCLASSES:  8
[    1.461142] ... MAX_LOCK_DEPTH:          48
[    1.465516] ... MAX_LOCKDEP_KEYS:        8192
[    1.470202] ... CLASSHASH_SIZE:          4096
[    1.474803] ... MAX_LOCKDEP_ENTRIES:     32768
[    1.479546] ... MAX_LOCKDEP_CHAINS:      65536
[    1.484286] ... CHAINHASH_SIZE:          32768
[    1.489024]  memory used by lock dependency info: 6365 kB
[    1.494734]  memory used for stack traces: 4224 kB
[    1.499736]  per task-struct memory footprint: 1920 bytes
[    1.505620] ACPI: Core revision 20200925
[    1.511357] clocksource: hpet: mask: 0xffffffff max_cycles: 0xffffffff, max_idle_ns: 19112604467 ns
[    1.522642] APIC: Switch to symmetric I/O mode setup
[    1.549395] ..TIMER: vector=0x30 apic1=0 pin1=2 apic2=-1 pin2=-1
[    1.556377] clocksource: tsc-early: mask: 0xffffffffffffffff max_cycles: 0x39a85afc727, max_idle_ns: 881590685098 ns
[    1.568149] Calibrating delay loop (skipped) preset value.. 3999.99 BogoMIPS (lpj=1999999)
[    1.569105] pid_max: default: 32768 minimum: 301
[    1.570415] LSM: Security Framework initializing
[    1.571188] Mount-cache hash table entries: 1024 (order: 1, 8192 bytes, linear)
[    1.572112] Mountpoint-cache hash table entries: 1024 (order: 1, 8192 bytes, linear)
[    1.582311] Last level iTLB entries: 4KB 0, 2MB 0, 4MB 0
[    1.583104] Last level dTLB entries: 4KB 0, 2MB 0, 4MB 0, 1GB 0
[    1.584147] Spectre V1 : Mitigation: usercopy/swapgs barriers and __user pointer sanitization
[    1.585105] Spectre V2 : Mitigation: Retpolines
[    1.587101] Spectre V2 : Spectre v2 / SpectreRSB mitigation: Filling RSB on context switch
[    1.588102] Spectre V2 : Spectre v2 / SpectreRSB : Filling RSB on VMEXIT
[    1.589102] Speculative Store Bypass: Vulnerable
[    1.590109] MDS: Vulnerable: Clear CPU buffers attempted, no microcode
[    1.591101] MMIO Stale Data: Unknown: No mitigations
[    1.687657] Freeing SMP alternatives memory: 40K
[    1.789715] smpboot: CPU0: Intel Common KVM processor (family: 0xf, model: 0x6, stepping: 0x1)
[    1.791977] calling  init_hw_perf_events+0x0/0x6ce @ 1
[    1.792105] Performance Events: unsupported Netburst CPU model 6 no PMU driver, software events only.
[    1.793156] initcall init_hw_perf_events+0x0/0x6ce returned 0 after 976 usecs
[    1.794106] calling  init_real_mode+0x0/0x1e9 @ 1
[    1.796337] initcall init_real_mode+0x0/0x1e9 returned 0 after 976 usecs
[    1.797106] calling  trace_init_perf_perm_irq_work_exit+0x0/0x12 @ 1
[    1.798106] initcall trace_init_perf_perm_irq_work_exit+0x0/0x12 returned 0 after 0 usecs
[    1.799113] calling  validate_x2apic+0x0/0x4a @ 1
[    1.800139] initcall validate_x2apic+0x0/0x4a returned 0 after 0 usecs
[    1.801112] calling  register_nmi_cpu_backtrace_handler+0x0/0x15 @ 1
[    1.802126] initcall register_nmi_cpu_backtrace_handler+0x0/0x15 returned 0 after 0 usecs
[    1.803111] calling  kvm_setup_vsyscall_timeinfo+0x0/0xce @ 1
[    1.804109] initcall kvm_setup_vsyscall_timeinfo+0x0/0xce returned 0 after 0 usecs
[    1.805107] calling  spawn_ksoftirqd+0x0/0x38 @ 1
[    1.806175] RCU test callback executed 1
[    1.807229] initcall spawn_ksoftirqd+0x0/0x38 returned 0 after 976 usecs
[    1.808108] calling  migration_init+0x0/0x33 @ 1
[    1.809109] initcall migration_init+0x0/0x33 returned 0 after 0 usecs
[    1.810107] calling  srcu_bootup_announce+0x0/0x2f @ 1
[    1.811104] rcu: Hierarchical SRCU implementation.
[    1.812106] initcall srcu_bootup_announce+0x0/0x2f returned 0 after 976 usecs
[    1.813106] calling  rcu_spawn_gp_kthread+0x0/0x1dd @ 1
[    1.814195] initcall rcu_spawn_gp_kthread+0x0/0x1dd returned 0 after 0 usecs
[    1.815109] calling  check_cpu_stall_init+0x0/0x1a @ 1
[    1.816108] initcall check_cpu_stall_init+0x0/0x1a returned 0 after 0 usecs
[    1.817109] calling  rcu_sysrq_init+0x0/0x21 @ 1
[    1.818108] initcall rcu_sysrq_init+0x0/0x21 returned 0 after 0 usecs
[    1.819108] calling  trace_init_flags_sys_enter+0x0/0xe @ 1
[    1.820108] initcall trace_init_flags_sys_enter+0x0/0xe returned 0 after 0 usecs
[    1.821105] calling  trace_init_flags_sys_exit+0x0/0xe @ 1
[    1.822105] initcall trace_init_flags_sys_exit+0x0/0xe returned 0 after 0 usecs
[    1.823106] calling  cpu_stop_init+0x0/0x8d @ 1
[    1.824251] initcall cpu_stop_init+0x0/0x8d returned 0 after 0 usecs
[    1.825137] calling  init_kprobes+0x0/0x16e @ 1
[    1.826376] initcall init_kprobes+0x0/0x16e returned 0 after 0 usecs
[    1.827106] calling  init_events+0x0/0x3d @ 1
[    1.828154] initcall init_events+0x0/0x3d returned 0 after 0 usecs
[    1.829107] calling  init_trace_printk+0x0/0xc @ 1
[    1.830107] initcall init_trace_printk+0x0/0xc returned 0 after 0 usecs
[    1.831123] calling  event_trace_enable_again+0x0/0x23 @ 1
[    1.832107] initcall event_trace_enable_again+0x0/0x23 returned 0 after 0 usecs
[    1.833106] calling  static_call_init+0x0/0x79 @ 1
[    1.834106] initcall static_call_init+0x0/0x79 returned 0 after 0 usecs
[    1.835107] calling  jump_label_init_module+0x0/0xc @ 1
[    1.836109] initcall jump_label_init_module+0x0/0xc returned 0 after 0 usecs
[    1.837112] calling  init_zero_pfn+0x0/0x37 @ 1
[    1.838110] initcall init_zero_pfn+0x0/0x37 returned 0 after 0 usecs
[    1.839106] calling  initialize_ptr_random+0x0/0x54 @ 1
[    1.840141] initcall initialize_ptr_random+0x0/0x54 returned 0 after 0 usecs
[    1.841108] calling  efi_memreserve_root_init+0x0/0x25 @ 1
[    1.842108] initcall efi_memreserve_root_init+0x0/0x25 returned 0 after 0 usecs
[    1.843105] calling  efi_earlycon_remap_fb+0x0/0x51 @ 1
[    1.844106] initcall efi_earlycon_remap_fb+0x0/0x51 returned 0 after 0 usecs
[    1.845468] smp: Bringing up secondary CPUs ...
[    1.846121] RCU test callback executed 2
[    1.849151] x86: Booting SMP configuration:
[    1.850105] .... node  #0, CPUs:      #1
[    1.244726] kvm-clock: cpu 1, msr 1b91f041, secondary cpu clock
[    1.874361] kvm-guest: stealtime: cpu 1, msr 1f45bb40
[    1.892110]  #2
[    1.244726] kvm-clock: cpu 2, msr 1b91f081, secondary cpu clock
[    1.913297] kvm-guest: stealtime: cpu 2, msr 1f49bb40
[    1.928580]  #3
[    1.244726] kvm-clock: cpu 3, msr 1b91f0c1, secondary cpu clock
[    1.950309] kvm-guest: stealtime: cpu 3, msr 1f4dbb40
[    1.965879]  #4
[    1.244726] kvm-clock: cpu 4, msr 1b91f101, secondary cpu clock
[    1.988274] kvm-guest: stealtime: cpu 4, msr 1f51bb40
[    2.003111]  #5
[    1.244726] kvm-clock: cpu 5, msr 1b91f141, secondary cpu clock
[    2.029278] kvm-guest: stealtime: cpu 5, msr 1f55bb40
[    2.045045]  #6
[    1.244726] kvm-clock: cpu 6, msr 1b91f181, secondary cpu clock
[    2.067305] kvm-guest: stealtime: cpu 6, msr 1f59bb40
[    2.083414]  #7
[    1.244726] kvm-clock: cpu 7, msr 1b91f1c1, secondary cpu clock
[    2.106286] kvm-guest: stealtime: cpu 7, msr 1f5dbb40
[    2.121391] smp: Brought up 1 node, 8 CPUs
[    2.122105] smpboot: Max logical packages: 1
[    2.123105] smpboot: Total of 8 processors activated (31999.98 BogoMIPS)
[    2.131103] devtmpfs: initialized
[    2.133693] calling  ipc_ns_init+0x0/0x3d @ 1
[    2.134120] initcall ipc_ns_init+0x0/0x3d returned 0 after 0 usecs
[    2.135108] calling  init_mmap_min_addr+0x0/0x21 @ 1
[    2.136112] initcall init_mmap_min_addr+0x0/0x21 returned 0 after 0 usecs
[    2.137112] calling  pci_realloc_setup_params+0x0/0x3f @ 1
[    2.138113] initcall pci_realloc_setup_params+0x0/0x3f returned 0 after 0 usecs
[    2.139111] calling  net_ns_init+0x0/0x12a @ 1
[    2.142332] initcall net_ns_init+0x0/0x12a returned 0 after 1953 usecs
[    2.143127] calling  e820__register_nvs_regions+0x0/0x37 @ 1
[    2.144108] initcall e820__register_nvs_regions+0x0/0x37 returned 0 after 0 usecs
[    2.145106] calling  cpufreq_register_tsc_scaling+0x0/0x2e @ 1
[    2.147105] initcall cpufreq_register_tsc_scaling+0x0/0x2e returned 0 after 0 usecs
[    2.148106] calling  reboot_init+0x0/0x3c @ 1
[    2.149108] initcall reboot_init+0x0/0x3c returned 0 after 0 usecs
[    2.150106] calling  init_lapic_sysfs+0x0/0x20 @ 1
[    2.152104] initcall init_lapic_sysfs+0x0/0x20 returned 0 after 976 usecs
[    2.154106] calling  alloc_frozen_cpus+0x0/0x7 @ 1
[    2.155106] initcall alloc_frozen_cpus+0x0/0x7 returned 0 after 0 usecs
[    2.156108] calling  cpu_hotplug_pm_sync_init+0x0/0x13 @ 1
[    2.157145] initcall cpu_hotplug_pm_sync_init+0x0/0x13 returned 0 after 0 usecs
[    2.158107] calling  wq_sysfs_init+0x0/0x2a @ 1
[    2.159200] initcall wq_sysfs_init+0x0/0x2a returned 0 after 0 usecs
[    2.160106] calling  ksysfs_init+0x0/0x92 @ 1
[    2.161135] initcall ksysfs_init+0x0/0x92 returned 0 after 0 usecs
[    2.162108] calling  schedutil_gov_init+0x0/0xc @ 1
[    2.163227] initcall schedutil_gov_init+0x0/0xc returned 0 after 0 usecs
[    2.164106] calling  pm_init+0x0/0x76 @ 1
[    2.165210] initcall pm_init+0x0/0x76 returned 0 after 0 usecs
[    2.166109] calling  pm_disk_init+0x0/0x13 @ 1
[    2.167125] initcall pm_disk_init+0x0/0x13 returned 0 after 0 usecs
[    2.168111] calling  swsusp_header_init+0x0/0x2b @ 1
[    2.169113] initcall swsusp_header_init+0x0/0x2b returned 0 after 0 usecs
[    2.170122] calling  rcu_set_runtime_mode+0x0/0x2a @ 1
[    2.174197] initcall rcu_set_runtime_mode+0x0/0x2a returned 0 after 2929 usecs
[    2.175115] calling  init_jiffies_clocksource+0x0/0x13 @ 1
[    2.176105] clocksource: jiffies: mask: 0xffffffff max_cycles: 0xffffffff, max_idle_ns: 1911260446275000 ns
[    2.177110] initcall init_jiffies_clocksource+0x0/0x13 returned 0 after 976 usecs
[    2.178107] calling  futex_init+0x0/0x118 @ 1
[    2.179111] futex hash table entries: 2048 (order: 6, 262144 bytes, linear)
[    2.181175] initcall futex_init+0x0/0x118 returned 0 after 1953 usecs
[    2.182109] calling  cgroup_wq_init+0x0/0x28 @ 1
[    2.183124] initcall cgroup_wq_init+0x0/0x28 returned 0 after 0 usecs
[    2.184106] calling  cgroup1_wq_init+0x0/0x28 @ 1
[    2.185124] initcall cgroup1_wq_init+0x0/0x28 returned 0 after 0 usecs
[    2.186105] calling  init_kprobe_trace_early+0x0/0x2a @ 1
[    2.187154] initcall init_kprobe_trace_early+0x0/0x2a returned 0 after 0 usecs
[    2.188105] calling  fsnotify_init+0x0/0x56 @ 1
[    2.189141] initcall fsnotify_init+0x0/0x56 returned 0 after 0 usecs
[    2.190106] calling  filelock_init+0x0/0xb3 @ 1
[    2.191142] initcall filelock_init+0x0/0xb3 returned 0 after 0 usecs
[    2.193107] calling  init_misc_binfmt+0x0/0x2c @ 1
[    2.194125] initcall init_misc_binfmt+0x0/0x2c returned 0 after 0 usecs
[    2.195109] calling  init_script_binfmt+0x0/0x15 @ 1
[    2.197108] initcall init_script_binfmt+0x0/0x15 returned 0 after 0 usecs
[    2.198110] calling  init_elf_binfmt+0x0/0x15 @ 1
[    2.199111] initcall init_elf_binfmt+0x0/0x15 returned 0 after 0 usecs
[    2.200110] calling  init_compat_elf_binfmt+0x0/0x15 @ 1
[    2.201108] initcall init_compat_elf_binfmt+0x0/0x15 returned 0 after 0 usecs
[    2.202111] calling  debugfs_init+0x0/0x5c @ 1
[    2.203117] initcall debugfs_init+0x0/0x5c returned 0 after 0 usecs
[    2.204107] calling  tracefs_init+0x0/0x3a @ 1
[    2.205116] initcall tracefs_init+0x0/0x3a returned 0 after 0 usecs
[    2.206105] calling  prandom_init_early+0x0/0x15d @ 1
[    2.207106] initcall prandom_init_early+0x0/0x15d returned 0 after 0 usecs
[    2.208106] calling  virtio_init+0x0/0x20 @ 1
[    2.209165] initcall virtio_init+0x0/0x20 returned 0 after 0 usecs
[    2.210107] calling  iommu_init+0x0/0x2a @ 1
[    2.211114] initcall iommu_init+0x0/0x2a returned 0 after 0 usecs
[    2.212106] calling  component_debug_init+0x0/0x1c @ 1
[    2.213383] initcall component_debug_init+0x0/0x1c returned 0 after 0 usecs
[    2.214106] calling  early_resume_init+0x0/0xb9 @ 1
[    2.216102] PM: RTC time: 02:52:22, date: 2022-12-13
[    2.217108] initcall early_resume_init+0x0/0xb9 returned 0 after 1953 usecs
[    2.218109] calling  cpufreq_core_init+0x0/0x62 @ 1
[    2.219136] initcall cpufreq_core_init+0x0/0x62 returned 0 after 0 usecs
[    2.220107] calling  cpufreq_gov_performance_init+0x0/0xc @ 1
[    2.221108] initcall cpufreq_gov_performance_init+0x0/0xc returned 0 after 0 usecs
[    2.222105] calling  cpufreq_gov_userspace_init+0x0/0xc @ 1
[    2.223108] initcall cpufreq_gov_userspace_init+0x0/0xc returned 0 after 0 usecs
[    2.224107] calling  CPU_FREQ_GOV_ONDEMAND_init+0x0/0xc @ 1
[    2.225110] initcall CPU_FREQ_GOV_ONDEMAND_init+0x0/0xc returned 0 after 0 usecs
[    2.226106] calling  cpuidle_init+0x0/0x1f @ 1
[    2.227138] initcall cpuidle_init+0x0/0x1f returned 0 after 0 usecs
[    2.228106] calling  capsule_reboot_register+0x0/0xc @ 1
[    2.229128] initcall capsule_reboot_register+0x0/0xc returned 0 after 0 usecs
[    2.230105] calling  sock_init+0x0/0x93 @ 1
[    2.240628] initcall sock_init+0x0/0x93 returned 0 after 9765 usecs
[    2.249107] calling  net_inuse_init+0x0/0x23 @ 1
[    2.254138] initcall net_inuse_init+0x0/0x23 returned 0 after 0 usecs
[    2.262104] calling  net_defaults_init+0x0/0x23 @ 1
[    2.268106] initcall net_defaults_init+0x0/0x23 returned 0 after 0 usecs
[    2.276104] calling  init_default_flow_dissectors+0x0/0x4f @ 1
[    2.283106] initcall init_default_flow_dissectors+0x0/0x4f returned 0 after 0 usecs
[    2.293108] calling  netpoll_init+0x0/0x44 @ 1
[    2.299108] initcall netpoll_init+0x0/0x44 returned 0 after 0 usecs
[    2.308108] calling  netlink_proto_init+0x0/0x154 @ 1
[    2.314474] NET: Registered protocol family 16
[    2.319444] initcall netlink_proto_init+0x0/0x154 returned 0 after 5859 usecs
[    2.328168] calling  genl_init+0x0/0x35 @ 1
[    2.333318] initcall genl_init+0x0/0x35 returned 0 after 0 usecs
[    2.340106] calling  bsp_pm_check_init+0x0/0x13 @ 1
[    2.346106] initcall bsp_pm_check_init+0x0/0x13 returned 0 after 0 usecs
[    2.355151] calling  irq_sysfs_init+0x0/0xb9 @ 1
[    2.360506] initcall irq_sysfs_init+0x0/0xb9 returned 0 after 976 usecs
[    2.369109] calling  audit_init+0x0/0x127 @ 1
[    2.374114] audit: initializing netlink subsys (disabled)
[    2.382445] initcall audit_init+0x0/0x127 returned 0 after 8789 usecs
[    2.383123] audit: type=2000 audit(1670899940.348:1): state=initialized audit_enabled=0 res=1
[    2.391109] calling  release_early_probes+0x0/0x32 @ 1
[    2.391114] initcall release_early_probes+0x0/0x32 returned 0 after 0 usecs
[    2.416112] calling  bdi_class_init+0x0/0x48 @ 1
[    2.422510] initcall bdi_class_init+0x0/0x48 returned 0 after 0 usecs
[    2.431113] calling  mm_sysfs_init+0x0/0x28 @ 1
[    2.437127] initcall mm_sysfs_init+0x0/0x28 returned 0 after 0 usecs
[    2.445109] calling  init_per_zone_wmark_min+0x0/0x6d @ 1
[    2.452147] initcall init_per_zone_wmark_min+0x0/0x6d returned 0 after 0 usecs
[    2.461109] calling  mpi_init+0x0/0x3e @ 1
[    2.467113] initcall mpi_init+0x0/0x3e returned 0 after 0 usecs
[    2.474106] calling  kobject_uevent_init+0x0/0xc @ 1
[    2.481154] initcall kobject_uevent_init+0x0/0xc returned 0 after 0 usecs
[    2.489114] calling  pcibus_class_init+0x0/0x13 @ 1
[    2.495130] initcall pcibus_class_init+0x0/0x13 returned 0 after 0 usecs
[    2.503106] calling  pci_driver_init+0x0/0x21 @ 1
[    2.509177] initcall pci_driver_init+0x0/0x21 returned 0 after 0 usecs
[    2.517107] calling  backlight_class_init+0x0/0xa8 @ 1
[    2.523146] initcall backlight_class_init+0x0/0xa8 returned 0 after 0 usecs
[    2.532107] calling  tty_class_init+0x0/0x33 @ 1
[    2.538136] initcall tty_class_init+0x0/0x33 returned 0 after 0 usecs
[    2.545108] calling  vtconsole_class_init+0x0/0xb5 @ 1
[    2.552307] initcall vtconsole_class_init+0x0/0xb5 returned 0 after 0 usecs
[    2.560107] calling  iommu_dev_init+0x0/0x13 @ 1
[    2.566123] initcall iommu_dev_init+0x0/0x13 returned 0 after 0 usecs
[    2.573104] calling  mipi_dsi_bus_init+0x0/0xc @ 1
[    2.579137] initcall mipi_dsi_bus_init+0x0/0xc returned 0 after 0 usecs
[    2.587106] calling  devlink_class_init+0x0/0x40 @ 1
[    2.593181] initcall devlink_class_init+0x0/0x40 returned 0 after 0 usecs
[    2.601116] calling  software_node_init+0x0/0x2a @ 1
[    2.607124] initcall software_node_init+0x0/0x2a returned 0 after 0 usecs
[    2.616113] calling  wakeup_sources_debugfs_init+0x0/0x23 @ 1
[    2.623133] initcall wakeup_sources_debugfs_init+0x0/0x23 returned 0 after 0 usecs
[    2.634114] calling  wakeup_sources_sysfs_init+0x0/0x2c @ 1
[    2.641136] initcall wakeup_sources_sysfs_init+0x0/0x2c returned 0 after 0 usecs
[    2.650107] calling  register_node_type+0x0/0x13 @ 1
[    2.655188] initcall register_node_type+0x0/0x13 returned 0 after 976 usecs
[    2.664106] calling  regmap_initcall+0x0/0xc @ 1
[    2.670242] initcall regmap_initcall+0x0/0xc returned 0 after 0 usecs
[    2.678111] calling  i2c_init+0x0/0xb3 @ 1
[    2.683314] initcall i2c_init+0x0/0xb3 returned 0 after 0 usecs
[    2.691108] calling  thermal_init+0x0/0x116 @ 1
[    2.696181] thermal_sys: Registered thermal governor 'step_wise'
[    2.696184] thermal_sys: Registered thermal governor 'user_space'
[    2.704138] initcall thermal_init+0x0/0x116 returned 0 after 7812 usecs
[    2.719108] calling  init_menu+0x0/0xc @ 1
[    2.726200] cpuidle: using governor menu
[    2.731111] initcall init_menu+0x0/0xc returned 0 after 6835 usecs
[    2.739107] calling  pcc_init+0x0/0x4d @ 1
[    2.741105] initcall pcc_init+0x0/0x4d returned -19 after 976 usecs
[    2.748107] calling  amd_postcore_init+0x0/0x11e @ 1
[    2.754107] initcall amd_postcore_init+0x0/0x11e returned 0 after 0 usecs
[    2.762131] calling  bts_init+0x0/0xba @ 1
[    2.767107] initcall bts_init+0x0/0xba returned -19 after 0 usecs
[    2.775107] calling  pt_init+0x0/0x34d @ 1
[    2.780108] initcall pt_init+0x0/0x34d returned -19 after 0 usecs
[    2.787107] calling  boot_params_ksysfs_init+0x0/0x2ee @ 1
[    2.793262] initcall boot_params_ksysfs_init+0x0/0x2ee returned 0 after 0 usecs
[    2.803110] calling  sbf_init+0x0/0xea @ 1
[    2.808107] initcall sbf_init+0x0/0xea returned 0 after 0 usecs
[    2.815130] calling  arch_kdebugfs_init+0x0/0x219 @ 1
[    2.822223] initcall arch_kdebugfs_init+0x0/0x219 returned 0 after 0 usecs
[    2.831111] calling  intel_pconfig_init+0x0/0x85 @ 1
[    2.837105] initcall intel_pconfig_init+0x0/0x85 returned 0 after 0 usecs
[    2.846111] calling  mtrr_if_init+0x0/0x5d @ 1
[    2.851171] initcall mtrr_if_init+0x0/0x5d returned 0 after 0 usecs
[    2.859106] calling  activate_jump_labels+0x0/0x31 @ 1
[    2.865108] initcall activate_jump_labels+0x0/0x31 returned 0 after 0 usecs
[    2.874107] calling  ffh_cstate_init+0x0/0x29 @ 1
[    2.879111] initcall ffh_cstate_init+0x0/0x29 returned 0 after 0 usecs
[    2.888109] calling  activate_jump_labels+0x0/0x31 @ 1
[    2.895390] initcall activate_jump_labels+0x0/0x31 returned 0 after 976 usecs
[    2.904106] calling  kvm_alloc_cpumask+0x0/0x74 @ 1
[    2.910151] initcall kvm_alloc_cpumask+0x0/0x74 returned 0 after 0 usecs
[    2.918109] calling  kcmp_cookies_init+0x0/0x37 @ 1
[    2.924127] initcall kcmp_cookies_init+0x0/0x37 returned 0 after 0 usecs
[    2.932112] calling  cryptomgr_init+0x0/0xc @ 1
[    2.937147] initcall cryptomgr_init+0x0/0xc returned 0 after 0 usecs
[    2.945108] calling  acpi_pci_init+0x0/0x57 @ 1
[    2.950117] ACPI: bus type PCI registered
[    2.955107] initcall acpi_pci_init+0x0/0x57 returned 0 after 4882 usecs
[    2.963107] calling  dma_channel_table_init+0x0/0xd1 @ 1
[    2.969131] initcall dma_channel_table_init+0x0/0xd1 returned 0 after 0 usecs
[    2.978106] calling  dma_bus_init+0x0/0xdc @ 1
[    2.983442] initcall dma_bus_init+0x0/0xdc returned 0 after 0 usecs
[    2.991110] calling  iommu_dma_init+0x0/0x10 @ 1
[    2.996210] initcall iommu_dma_init+0x0/0x10 returned 0 after 0 usecs
[    3.002111] calling  dmi_id_init+0x0/0x37c @ 1
[    3.008595] initcall dmi_id_init+0x0/0x37c returned 0 after 0 usecs
[    3.016110] calling  pci_arch_init+0x0/0x71 @ 1
[    3.022662] PCI: MMCONFIG for domain 0000 [bus 00-ff] at [mem 0xb0000000-0xbfffffff] (base 0xb0000000)
[    3.033114] PCI: MMCONFIG at [mem 0xb0000000-0xbfffffff] reserved in E820
[    3.042115] PCI: Using configuration type 1 for base access
[    3.048114] initcall pci_arch_init+0x0/0x71 returned 0 after 26367 usecs
[    3.057142] calling  init_vdso+0x0/0x13 @ 1
[    3.062129] initcall init_vdso+0x0/0x13 returned 0 after 0 usecs
[    3.069107] calling  sysenter_setup+0x0/0x13 @ 1
[    3.074140] initcall sysenter_setup+0x0/0x13 returned 0 after 0 usecs
[    3.082106] calling  fixup_ht_bug+0x0/0xe5 @ 1
[    3.087125] initcall fixup_ht_bug+0x0/0xe5 returned 0 after 0 usecs
[    3.091108] calling  topology_init+0x0/0x88 @ 1
[    3.098131] initcall topology_init+0x0/0x88 returned 0 after 1953 usecs
[    3.106110] calling  intel_epb_init+0x0/0x68 @ 1
[    3.112108] initcall intel_epb_init+0x0/0x68 returned -19 after 0 usecs
[    3.120110] calling  mtrr_init_finialize+0x0/0x3e @ 1
[    3.126108] initcall mtrr_init_finialize+0x0/0x3e returned 0 after 0 usecs
[    3.134110] calling  uid_cache_init+0x0/0x85 @ 1
[    3.140146] initcall uid_cache_init+0x0/0x85 returned 0 after 0 usecs
[    3.148111] calling  param_sysfs_init+0x0/0x1ba @ 1
[    3.171463] initcall param_sysfs_init+0x0/0x1ba returned 0 after 17578 usecs
[    3.182112] calling  user_namespace_sysctl_init+0x0/0x33 @ 1
[    3.188135] initcall user_namespace_sysctl_init+0x0/0x33 returned 0 after 0 usecs
[    3.198110] calling  proc_schedstat_init+0x0/0x24 @ 1
[    3.204118] initcall proc_schedstat_init+0x0/0x24 returned 0 after 0 usecs
[    3.212108] calling  pm_sysrq_init+0x0/0x18 @ 1
[    3.223394] initcall pm_sysrq_init+0x0/0x18 returned 0 after 4882 usecs
[    3.232119] calling  create_proc_profile+0x0/0xd0 @ 1
[    3.240112] initcall create_proc_profile+0x0/0xd0 returned 0 after 0 usecs
[    3.251118] calling  time_ns_init+0x0/0x7 @ 1
[    3.256109] initcall time_ns_init+0x0/0x7 returned 0 after 0 usecs
[    3.265108] calling  crash_save_vmcoreinfo_init+0x0/0x722 @ 1
[    3.272559] initcall crash_save_vmcoreinfo_init+0x0/0x722 returned 0 after 0 usecs
[    3.283110] calling  crash_notes_memory_init+0x0/0x35 @ 1
[    3.290113] initcall crash_notes_memory_init+0x0/0x35 returned 0 after 0 usecs
[    3.298109] calling  cgroup_sysfs_init+0x0/0x13 @ 1
[    3.302773] initcall cgroup_sysfs_init+0x0/0x13 returned 0 after 0 usecs
[    3.311355] calling  cgroup_namespaces_init+0x0/0x7 @ 1
[    3.318109] initcall cgroup_namespaces_init+0x0/0x7 returned 0 after 0 usecs
[    3.326107] calling  init_optprobes+0x0/0x13 @ 1
[    3.333230] Kprobes globally optimized
[    3.339112] initcall init_optprobes+0x0/0x13 returned 0 after 5859 usecs
[    3.348112] calling  oom_init+0x0/0x2f @ 1
[    3.360717] initcall oom_init+0x0/0x2f returned 0 after 4882 usecs
[    3.369601] calling  default_bdi_init+0x0/0xb3 @ 1
[    3.382751] initcall default_bdi_init+0x0/0xb3 returned 0 after 6835 usecs
[    3.395116] calling  percpu_enable_async+0x0/0xe @ 1
[    3.398108] initcall percpu_enable_async+0x0/0xe returned 0 after 0 usecs
[    3.404108] calling  kcompactd_init+0x0/0x8d @ 1
[    3.414146] initcall kcompactd_init+0x0/0x8d returned 0 after 3906 usecs
[    3.423109] calling  init_user_reserve+0x0/0x40 @ 1
[    3.430115] initcall init_user_reserve+0x0/0x40 returned 0 after 0 usecs
[    3.438111] calling  init_admin_reserve+0x0/0x40 @ 1
[    3.446112] initcall init_admin_reserve+0x0/0x40 returned 0 after 0 usecs
[    3.456112] calling  init_reserve_notifier+0x0/0x7 @ 1
[    3.461110] initcall init_reserve_notifier+0x0/0x7 returned 0 after 0 usecs
[    3.468109] calling  swap_init_sysfs+0x0/0x62 @ 1
[    3.476136] initcall swap_init_sysfs+0x0/0x62 returned 0 after 0 usecs
[    3.483117] calling  swapfile_init+0x0/0x94 @ 1
[    3.489113] initcall swapfile_init+0x0/0x94 returned 0 after 0 usecs
[    3.498107] calling  hugetlb_init+0x0/0x49e @ 1
[    3.504282] HugeTLB registered 2.00 MiB page size, pre-allocated 0 pages
[    3.512210] initcall hugetlb_init+0x0/0x49e returned 0 after 8789 usecs
[    3.522120] calling  io_wq_init+0x0/0x34 @ 1
[    3.528229] initcall io_wq_init+0x0/0x34 returned 0 after 0 usecs
[    3.537110] calling  seqiv_module_init+0x0/0xc @ 1
[    3.547338] initcall seqiv_module_init+0x0/0xc returned 0 after 0 usecs
[    3.554111] calling  echainiv_module_init+0x0/0xc @ 1
[    3.559110] initcall echainiv_module_init+0x0/0xc returned 0 after 0 usecs
[    3.565112] calling  rsa_init+0x0/0x50 @ 1
[    3.577957] initcall rsa_init+0x0/0x50 returned 0 after 7812 usecs
[    3.577796] cryptomgr_test (69) used greatest stack depth: 14864 bytes left
[    3.588109] calling  crypto_cmac_module_init+0x0/0xc @ 1
[    3.588116] initcall crypto_cmac_module_init+0x0/0xc returned 0 after 0 usecs
[    3.588119] calling  hmac_module_init+0x0/0xc @ 1
[    3.588123] initcall hmac_module_init+0x0/0xc returned 0 after 0 usecs
[    3.588126] calling  crypto_null_mod_init+0x0/0x65 @ 1
[    3.600165] initcall crypto_null_mod_init+0x0/0x65 returned 0 after 11718 usecs
[    3.646118] calling  md5_mod_init+0x0/0xc @ 1
[    3.655111] initcall md5_mod_init+0x0/0xc returned 0 after 2929 usecs
[    3.665112] calling  sha256_generic_mod_init+0x0/0x11 @ 1
[    3.688116] initcall sha256_generic_mod_init+0x0/0x11 returned 0 after 15625 usecs
[    3.697127] calling  crypto_cbc_module_init+0x0/0xc @ 1
[    3.704120] initcall crypto_cbc_module_init+0x0/0xc returned 0 after 0 usecs
[    3.713119] calling  crypto_ctr_module_init+0x0/0x11 @ 1
[    3.717118] initcall crypto_ctr_module_init+0x0/0x11 returned 0 after 0 usecs
[    3.729115] calling  crypto_gcm_module_init+0x0/0x64 @ 1
[    3.736364] initcall crypto_gcm_module_init+0x0/0x64 returned 0 after 0 usecs
[    3.746109] calling  crypto_ccm_module_init+0x0/0x11 @ 1
[    3.752110] initcall crypto_ccm_module_init+0x0/0x11 returned 0 after 0 usecs
[    3.761107] calling  aes_init+0x0/0xc @ 1
[    3.769526] initcall aes_init+0x0/0xc returned 0 after 2929 usecs
[    3.778111] calling  crc32c_mod_init+0x0/0xc @ 1
[    3.789116] initcall crc32c_mod_init+0x0/0xc returned 0 after 2929 usecs
[    3.799118] calling  crypto_authenc_module_init+0x0/0xc @ 1
[    3.807117] initcall crypto_authenc_module_init+0x0/0xc returned 0 after 0 usecs
[    3.816110] calling  crypto_authenc_esn_module_init+0x0/0xc @ 1
[    3.824183] initcall crypto_authenc_esn_module_init+0x0/0xc returned 0 after 0 usecs
[    3.835115] calling  drbg_init+0x0/0x7c @ 1
[    3.852277] initcall drbg_init+0x0/0x7c returned 0 after 10742 usecs
[    3.861264] calling  ghash_mod_init+0x0/0xc @ 1
[    3.868110] initcall ghash_mod_init+0x0/0xc returned 0 after 976 usecs
[    3.877113] calling  init_bio+0x0/0x9a @ 1
[    3.882500] initcall init_bio+0x0/0x9a returned 0 after 976 usecs
[    3.892116] calling  blk_settings_init+0x0/0x29 @ 1
[    3.900096] initcall blk_settings_init+0x0/0x29 returned 0 after 0 usecs
[    3.909113] calling  blk_ioc_init+0x0/0x29 @ 1
[    3.915121] initcall blk_ioc_init+0x0/0x29 returned 0 after 0 usecs
[    3.923108] calling  blk_mq_init+0x0/0xb9 @ 1
[    3.929112] initcall blk_mq_init+0x0/0xb9 returned 0 after 0 usecs
[    3.936107] calling  genhd_device_init+0x0/0x75 @ 1
[    3.944585] initcall genhd_device_init+0x0/0x75 returned 0 after 1953 usecs
[    3.954108] calling  pci_slot_init+0x0/0x40 @ 1
[    3.959131] initcall pci_slot_init+0x0/0x40 returned 0 after 0 usecs
[    3.968108] calling  fbmem_init+0x0/0xd8 @ 1
[    3.973198] initcall fbmem_init+0x0/0xd8 returned 0 after 0 usecs
[    3.980108] calling  acpi_init+0x0/0x319 @ 1
[    3.985152] ACPI: Added _OSI(Module Device)
[    3.991105] ACPI: Added _OSI(Processor Device)
[    3.997106] ACPI: Added _OSI(3.0 _SCP Extensions)
[    4.003107] ACPI: Added _OSI(Processor Aggregator Device)
[    4.017820] ACPI: Added _OSI(Linux-Dell-Video)
[    4.024107] ACPI: Added _OSI(Linux-Lenovo-NV-HDMI-Audio)
[    4.031106] ACPI: Added _OSI(Linux-HPI-Hybrid-Graphics)
[    4.054377] ACPI: 1 ACPI AML tables successfully acquired and loaded
[    4.103470] ACPI: Interpreter enabled
[    4.110119] ACPI: (supports S0 S3 S4 S5)
[    4.115381] ACPI: Using IOAPIC for interrupt routing
[    4.123251] PCI: Using host bridge windows from ACPI; if necessary, use "pci=nocrs" and report a bug
[    4.134096] ACPI: Enabled 2 GPEs in block 00 to 3F
[    4.198002] ACPI: PCI Root Bridge [PCI0] (domain 0000 [bus 00-ff])
[    4.206346] acpi PNP0A08:00: _OSC: OS supports [ExtendedConfig ASPM ClockPM Segments MSI HPX-Type3]
[    4.218516] acpi PNP0A08:00: _OSC: platform does not support [LTR]
[    4.226174] acpi PNP0A08:00: _OSC: OS now controls [PME PCIeCapability]
[    4.239282] PCI host bridge to bus 0000:00
[    4.246126] pci_bus 0000:00: root bus resource [io  0x0000-0x0cf7 window]
[    4.257109] pci_bus 0000:00: root bus resource [io  0x0d00-0xffff window]
[    4.265106] pci_bus 0000:00: root bus resource [mem 0x000a0000-0x000bffff window]
[    4.274105] pci_bus 0000:00: root bus resource [mem 0x20000000-0xafffffff window]
[    4.283113] pci_bus 0000:00: root bus resource [mem 0xc0000000-0xfebfffff window]
[    4.293174] pci_bus 0000:00: root bus resource [mem 0x100000000-0x8ffffffff window]
[    4.302135] pci_bus 0000:00: root bus resource [bus 00-ff]
[    4.310518] pci 0000:00:00.0: calling  quirk_mmio_always_on+0x0/0x10 @ 1
[    4.319173] pci 0000:00:00.0: quirk_mmio_always_on+0x0/0x10 took 0 usecs
[    4.328126] pci 0000:00:00.0: [8086:29c0] type 00 class 0x060000
[    4.338227] pci 0000:00:00.0: calling  quirk_igfx_skip_te_disable+0x0/0x80 @ 1
[    4.347177] pci 0000:00:00.0: quirk_igfx_skip_te_disable+0x0/0x80 took 0 usecs
[    4.358273] pci 0000:00:01.0: [1234:1111] type 00 class 0x030000
[    4.374104] pci 0000:00:01.0: reg 0x10: [mem 0xfd000000-0xfdffffff pref]
[    4.402096] pci 0000:00:01.0: reg 0x18: [mem 0xfebf0000-0xfebf0fff]
[    4.458106] pci 0000:00:01.0: reg 0x30: [mem 0xfebe0000-0xfebeffff pref]
[    4.472238] pci 0000:00:01.0: calling  efifb_fixup_resources+0x0/0xf0 @ 1
[    4.481232] pci 0000:00:01.0: efifb_fixup_resources+0x0/0xf0 took 0 usecs
[    4.505103] pci 0000:00:1f.0: [8086:2918] type 00 class 0x060100
[    4.518118] pci 0000:00:1f.0: calling  quirk_ich7_lpc+0x0/0x60 @ 1
[    4.526247] pci 0000:00:1f.0: quirk: [io  0x0600-0x067f] claimed by ICH6 ACPI/GPIO/TCO
[    4.537638] pci 0000:00:1f.0: quirk_ich7_lpc+0x0/0x60 took 10742 usecs
[    4.545115] pci 0000:00:1f.0: calling  quirk_igfx_skip_te_disable+0x0/0x80 @ 1
[    4.555149] pci 0000:00:1f.0: quirk_igfx_skip_te_disable+0x0/0x80 took 0 usecs
[    4.569354] pci 0000:00:1f.2: [8086:2922] type 00 class 0x010601
[    4.585106] pci 0000:00:1f.2: reg 0x20: [io  0xc040-0xc05f]
[    4.594103] pci 0000:00:1f.2: reg 0x24: [mem 0xfebf1000-0xfebf1fff]
[    4.604348] pci 0000:00:1f.2: calling  quirk_igfx_skip_te_disable+0x0/0x80 @ 1
[    4.616123] pci 0000:00:1f.2: quirk_igfx_skip_te_disable+0x0/0x80 took 0 usecs
[    4.632207] pci 0000:00:1f.3: [8086:2930] type 00 class 0x0c0500
[    4.650104] pci 0000:00:1f.3: reg 0x20: [io  0x0700-0x073f]
[    4.659543] pci 0000:00:1f.3: calling  quirk_igfx_skip_te_disable+0x0/0x80 @ 1
[    4.670116] pci 0000:00:1f.3: quirk_igfx_skip_te_disable+0x0/0x80 took 0 usecs
[    4.721706] ACPI: PCI Interrupt Link [LNKA] (IRQs 5 *10 11)
[    4.732102] ACPI: PCI Interrupt Link [LNKB] (IRQs 5 *10 11)
[    4.740332] ACPI: PCI Interrupt Link [LNKC] (IRQs 5 10 *11)
[    4.748145] ACPI: PCI Interrupt Link [LNKD] (IRQs 5 10 *11)
[    4.756572] ACPI: PCI Interrupt Link [LNKE] (IRQs 5 *10 11)
[    4.766169] ACPI: PCI Interrupt Link [LNKF] (IRQs 5 *10 11)
[    4.774173] ACPI: PCI Interrupt Link [LNKG] (IRQs 5 10 *11)
[    4.784419] ACPI: PCI Interrupt Link [LNKH] (IRQs 5 10 *11)
[    4.792582] ACPI: PCI Interrupt Link [GSIA] (IRQs *16)
[    4.798284] ACPI: PCI Interrupt Link [GSIB] (IRQs *17)
[    4.805200] ACPI: PCI Interrupt Link [GSIC] (IRQs *18)
[    4.812242] ACPI: PCI Interrupt Link [GSID] (IRQs *19)
[    4.819197] ACPI: PCI Interrupt Link [GSIE] (IRQs *20)
[    4.825204] ACPI: PCI Interrupt Link [GSIF] (IRQs *21)
[    4.832400] ACPI: PCI Interrupt Link [GSIG] (IRQs *22)
[    4.839270] ACPI: PCI Interrupt Link [GSIH] (IRQs *23)
[    4.852776] initcall acpi_init+0x0/0x319 returned 0 after 847656 usecs
[    4.862299] calling  pnp_init+0x0/0xc @ 1
[    4.868278] initcall pnp_init+0x0/0xc returned 0 after 976 usecs
[    4.876110] calling  misc_init+0x0/0xbf @ 1
[    4.881131] initcall misc_init+0x0/0xbf returned 0 after 0 usecs
[    4.889106] calling  iommu_subsys_init+0x0/0x4e @ 1
[    4.894147] iommu: Default domain type: Translated 
[    4.900107] initcall iommu_subsys_init+0x0/0x4e returned 0 after 5859 usecs
[    4.909107] calling  vga_arb_device_init+0x0/0x261 @ 1
[    4.919669] pci 0000:00:01.0: vgaarb: setting as boot VGA device
[    4.920096] pci 0000:00:01.0: vgaarb: VGA device added: decodes=io+mem,owns=io+mem,locks=none
[    4.938117] pci 0000:00:01.0: vgaarb: bridge control possible
[    4.945122] vgaarb: loaded
[    4.948113] initcall vga_arb_device_init+0x0/0x261 returned 0 after 32226 usecs
[    4.959115] calling  cn_init+0x0/0xf0 @ 1
[    4.965459] initcall cn_init+0x0/0xf0 returned 0 after 976 usecs
[    4.976115] calling  dma_buf_init+0x0/0xad @ 1
[    4.984111] initcall dma_buf_init+0x0/0xad returned 0 after 976 usecs
[    4.994111] calling  dma_resv_lockdep+0x0/0x281 @ 1
[    5.002933] initcall dma_resv_lockdep+0x0/0x281 returned 0 after 1953 usecs
[    5.013110] calling  init_scsi+0x0/0x79 @ 1
[    5.020372] SCSI subsystem initialized
[    5.026105] initcall init_scsi+0x0/0x79 returned 0 after 5859 usecs
[    5.036117] calling  ata_init+0x0/0x332 @ 1
[    5.045733] libata version 3.00 loaded.
[    5.051110] initcall ata_init+0x0/0x332 returned 0 after 8789 usecs
[    5.060113] calling  phy_init+0x0/0x250 @ 1
[    5.067138] initcall phy_init+0x0/0x250 returned 0 after 0 usecs
[    5.076104] calling  init_pcmcia_cs+0x0/0x35 @ 1
[    5.083334] initcall init_pcmcia_cs+0x0/0x35 returned 0 after 976 usecs
[    5.093109] calling  usb_common_init+0x0/0x1c @ 1
[    5.100172] initcall usb_common_init+0x0/0x1c returned 0 after 976 usecs
[    5.111107] calling  usb_init+0x0/0x12e @ 1
[    5.117240] ACPI: bus type USB registered
[    5.125215] usbcore: registered new interface driver usbfs
[    5.131199] usbcore: registered new interface driver hub
[    5.138219] usbcore: registered new device driver usb
[    5.144109] initcall usb_init+0x0/0x12e returned 0 after 26367 usecs
[    5.152108] calling  serio_init+0x0/0x29 @ 1
[    5.157187] initcall serio_init+0x0/0x29 returned 0 after 0 usecs
[    5.165162] calling  input_init+0x0/0xf6 @ 1
[    5.170108] initcall input_init+0x0/0xf6 returned 0 after 0 usecs
[    5.178106] calling  rtc_init+0x0/0x4d @ 1
[    5.183140] initcall rtc_init+0x0/0x4d returned 0 after 0 usecs
[    5.190105] calling  pps_init+0x0/0xa9 @ 1
[    5.195133] pps_core: LinuxPPS API ver. 1 registered
[    5.202104] pps_core: Software ver. 5.3.6 - Copyright 2005-2007 Rodolfo Giometti <giometti@linux.it>
[    5.213130] initcall pps_init+0x0/0xa9 returned 0 after 17578 usecs
[    5.220106] calling  ptp_init+0x0/0x98 @ 1
[    5.225424] PTP clock support registered
[    5.230107] initcall ptp_init+0x0/0x98 returned 0 after 4882 usecs
[    5.239110] calling  power_supply_class_init+0x0/0x3f @ 1
[    5.246210] initcall power_supply_class_init+0x0/0x3f returned 0 after 0 usecs
[    5.255106] calling  hwmon_init+0x0/0x104 @ 1
[    5.260127] initcall hwmon_init+0x0/0x104 returned 0 after 0 usecs
[    5.268109] calling  md_init+0x0/0x16b @ 1
[    5.277814] initcall md_init+0x0/0x16b returned 0 after 4882 usecs
[    5.286107] calling  leds_init+0x0/0x3b @ 1
[    5.291159] initcall leds_init+0x0/0x3b returned 0 after 0 usecs
[    5.299107] calling  dmi_init+0x0/0x113 @ 1
[    5.304110] initcall dmi_init+0x0/0x113 returned 0 after 976 usecs
[    5.311116] calling  efisubsys_init+0x0/0x4e7 @ 1
[    5.318181] initcall efisubsys_init+0x0/0x4e7 returned 0 after 0 usecs
[    5.326107] calling  nvmem_init+0x0/0xc @ 1
[    5.331322] initcall nvmem_init+0x0/0xc returned 0 after 976 usecs
[    5.339106] calling  init_soundcore+0x0/0x33 @ 1
[    5.345158] initcall init_soundcore+0x0/0x33 returned 0 after 0 usecs
[    5.353106] calling  alsa_sound_init+0x0/0x8f @ 1
[    5.359104] Advanced Linux Sound Architecture Driver Initialized.
[    5.367106] initcall alsa_sound_init+0x0/0x8f returned 0 after 7812 usecs
[    5.375106] calling  alsa_seq_device_init+0x0/0x71 @ 1
[    5.381182] initcall alsa_seq_device_init+0x0/0x71 returned 0 after 0 usecs
[    5.389106] calling  hda_bus_init+0x0/0xc @ 1
[    5.395172] initcall hda_bus_init+0x0/0xc returned 0 after 0 usecs
[    5.402105] calling  proto_init+0x0/0xc @ 1
[    5.407166] initcall proto_init+0x0/0xc returned 0 after 0 usecs
[    5.415106] calling  net_dev_init+0x0/0x27f @ 1
[    5.424449] initcall net_dev_init+0x0/0x27f returned 0 after 4882 usecs
[    5.434109] calling  neigh_init+0x0/0x84 @ 1
[    5.440136] initcall neigh_init+0x0/0x84 returned 0 after 0 usecs
[    5.448116] calling  fib_notifier_init+0x0/0xc @ 1
[    5.454182] initcall fib_notifier_init+0x0/0xc returned 0 after 0 usecs
[    5.462107] calling  fib_rules_init+0x0/0xab @ 1
[    5.468183] initcall fib_rules_init+0x0/0xab returned 0 after 0 usecs
[    5.475105] calling  pktsched_init+0x0/0x10e @ 1
[    5.481269] initcall pktsched_init+0x0/0x10e returned 0 after 0 usecs
[    5.489104] calling  tc_filter_init+0x0/0xfa @ 1
[    5.495132] initcall tc_filter_init+0x0/0xfa returned 0 after 0 usecs
[    5.503104] calling  tc_action_init+0x0/0x54 @ 1
[    5.508103] initcall tc_action_init+0x0/0x54 returned 0 after 0 usecs
[    5.516104] calling  ethnl_init+0x0/0x52 @ 1
[    5.521182] initcall ethnl_init+0x0/0x52 returned 0 after 976 usecs
[    5.530114] calling  nexthop_init+0x0/0xd8 @ 1
[    5.535219] initcall nexthop_init+0x0/0xd8 returned 0 after 0 usecs
[    5.543106] calling  cipso_v4_init+0x0/0x8d @ 1
[    5.548552] initcall cipso_v4_init+0x0/0x8d returned 0 after 976 usecs
[    5.557106] calling  ieee80211_init+0x0/0x24 @ 1
[    5.562384] initcall ieee80211_init+0x0/0x24 returned 0 after 976 usecs
[    5.571107] calling  netlbl_init+0x0/0x78 @ 1
[    5.576127] NetLabel: Initializing
[    5.580114] NetLabel:  domain hash size = 128
[    5.586105] NetLabel:  protocols = UNLABELED CIPSOv4 CALIPSO
[    5.593213] NetLabel:  unlabeled traffic allowed by default
[    5.600111] initcall netlbl_init+0x0/0x78 returned 0 after 23437 usecs
[    5.608112] calling  rfkill_init+0x0/0x136 @ 1
[    5.614386] initcall rfkill_init+0x0/0x136 returned 0 after 976 usecs
[    5.622108] calling  pci_subsys_init+0x0/0x66 @ 1
[    5.628107] PCI: Using ACPI for IRQ routing
[    6.354426] PCI: pci_cache_line_size set to 64 bytes
[    6.362766] e820: reserve RAM buffer [mem 0x0009fc00-0x0009ffff]
[    6.372280] e820: reserve RAM buffer [mem 0x1ffdf000-0x1fffffff]
[    6.380325] initcall pci_subsys_init+0x0/0x66 returned 0 after 734375 usecs
[    6.389437] calling  nmi_warning_debugfs+0x0/0x26 @ 1
[    6.396102] initcall nmi_warning_debugfs+0x0/0x26 returned 0 after 976 usecs
[    6.405110] calling  save_microcode_in_initrd+0x0/0x51 @ 1
[    6.411348] initcall save_microcode_in_initrd+0x0/0x51 returned 0 after 976 usecs
[    6.420109] calling  hpet_late_init+0x0/0x207 @ 1
[    6.426777] hpet: 3 channels of 0 reserved for per-cpu timers
[    6.434172] hpet0: at MMIO 0xfed00000, IRQs 2, 8, 0
[    6.440106] hpet0: 3 comparators, 64-bit 100.000000 MHz counter
[    6.457109] initcall hpet_late_init+0x0/0x207 returned 0 after 30273 usecs
[    6.465109] calling  init_amd_nbs+0x0/0x11c @ 1
[    6.472105] initcall init_amd_nbs+0x0/0x11c returned 0 after 976 usecs
[    6.480110] calling  clocksource_done_booting+0x0/0x43 @ 1
[    6.492249] clocksource: Switched to clocksource kvm-clock
[    6.500019] initcall clocksource_done_booting+0x0/0x43 returned 0 after 11633 usecs
[    6.508935] calling  tracer_init_tracefs+0x0/0x248 @ 1
[    6.937226] initcall tracer_init_tracefs+0x0/0x248 returned 0 after 412233 usecs
[    6.945707] calling  init_trace_printk_function_export+0x0/0x2c @ 1
[    6.953246] initcall init_trace_printk_function_export+0x0/0x2c returned 0 after 17 usecs
[    6.962466] calling  init_kprobe_trace+0x0/0x1ab @ 1
[    6.968174] initcall init_kprobe_trace+0x0/0x1ab returned 0 after 19 usecs
[    6.976026] calling  init_dynamic_event+0x0/0x3d @ 1
[    6.981728] initcall init_dynamic_event+0x0/0x3d returned 0 after 10 usecs
[    6.991437] calling  init_uprobe_trace+0x0/0x5c @ 1
[    6.998661] initcall init_uprobe_trace+0x0/0x5c returned 0 after 74 usecs
[    7.008428] calling  init_pipe_fs+0x0/0x44 @ 1
[    7.014915] initcall init_pipe_fs+0x0/0x44 returned 0 after 331 usecs
[    7.022303] calling  inotify_user_setup+0x0/0x47 @ 1
[    7.028488] initcall inotify_user_setup+0x0/0x47 returned 0 after 283 usecs
[    7.036554] calling  eventpoll_init+0x0/0xeb @ 1
[    7.041954] initcall eventpoll_init+0x0/0xeb returned 0 after 69 usecs
[    7.049471] calling  anon_inode_init+0x0/0x58 @ 1
[    7.055113] initcall anon_inode_init+0x0/0x58 returned 0 after 191 usecs
[    7.062800] calling  proc_locks_init+0x0/0x27 @ 1
[    7.068521] initcall proc_locks_init+0x0/0x27 returned 0 after 218 usecs
[    7.076698] calling  iomap_init+0x0/0x1b @ 1
[    7.084101] initcall iomap_init+0x0/0x1b returned 0 after 2211 usecs
[    7.091445] calling  dquot_init+0x0/0x106 @ 1
[    7.096659] VFS: Disk quotas dquot_6.6.0
[    7.101522] VFS: Dquot-cache hash table entries: 512 (order 0, 4096 bytes)
[    7.109616] initcall dquot_init+0x0/0x106 returned 0 after 12650 usecs
[    7.117290] calling  quota_init+0x0/0x23 @ 1
[    7.123001] initcall quota_init+0x0/0x23 returned 0 after 623 usecs
[    7.130440] calling  proc_cmdline_init+0x0/0x21 @ 1
[    7.136425] initcall proc_cmdline_init+0x0/0x21 returned 0 after 13 usecs
[    7.144563] calling  proc_consoles_init+0x0/0x24 @ 1
[    7.150599] initcall proc_consoles_init+0x0/0x24 returned 0 after 8 usecs
[    7.158804] calling  proc_cpuinfo_init+0x0/0x1e @ 1
[    7.164783] initcall proc_cpuinfo_init+0x0/0x1e returned 0 after 7 usecs
[    7.172905] calling  proc_devices_init+0x0/0x24 @ 1
[    7.179438] initcall proc_devices_init+0x0/0x24 returned 0 after 7 usecs
[    7.187470] calling  proc_interrupts_init+0x0/0x24 @ 1
[    7.193716] initcall proc_interrupts_init+0x0/0x24 returned 0 after 7 usecs
[    7.202040] calling  proc_loadavg_init+0x0/0x21 @ 1
[    7.208053] initcall proc_loadavg_init+0x0/0x21 returned 0 after 7 usecs
[    7.216179] calling  proc_meminfo_init+0x0/0x21 @ 1
[    7.222056] initcall proc_meminfo_init+0x0/0x21 returned 0 after 6 usecs
[    7.230228] calling  proc_stat_init+0x0/0x1e @ 1
[    7.235879] initcall proc_stat_init+0x0/0x1e returned 0 after 6 usecs
[    7.243713] calling  proc_uptime_init+0x0/0x21 @ 1
[    7.249528] initcall proc_uptime_init+0x0/0x21 returned 0 after 5 usecs
[    7.257478] calling  proc_version_init+0x0/0x21 @ 1
[    7.263360] initcall proc_version_init+0x0/0x21 returned 0 after 5 usecs
[    7.271407] calling  proc_softirqs_init+0x0/0x21 @ 1
[    7.277437] initcall proc_softirqs_init+0x0/0x21 returned 0 after 5 usecs
[    7.285556] calling  proc_kcore_init+0x0/0xea @ 1
[    7.291383] initcall proc_kcore_init+0x0/0xea returned 0 after 147 usecs
[    7.299404] calling  vmcore_init+0x0/0x57b @ 1
[    7.304899] initcall vmcore_init+0x0/0x57b returned 0 after 14 usecs
[    7.312510] calling  proc_kmsg_init+0x0/0x21 @ 1
[    7.318158] initcall proc_kmsg_init+0x0/0x21 returned 0 after 7 usecs
[    7.326238] calling  proc_page_init+0x0/0x3b @ 1
[    7.331879] initcall proc_page_init+0x0/0x3b returned 0 after 9 usecs
[    7.339621] calling  init_ramfs_fs+0x0/0xc @ 1
[    7.345386] initcall init_ramfs_fs+0x0/0xc returned 0 after 25 usecs
[    7.353105] calling  init_hugetlbfs_fs+0x0/0xf6 @ 1
[    7.360857] initcall init_hugetlbfs_fs+0x0/0xf6 returned 0 after 1004 usecs
[    7.371001] calling  blk_scsi_ioctl_init+0x0/0x2a5 @ 1
[    7.378748] initcall blk_scsi_ioctl_init+0x0/0x2a5 returned 0 after 48 usecs
[    7.389058] calling  acpi_event_init+0x0/0x2c @ 1
[    7.395877] initcall acpi_event_init+0x0/0x2c returned 0 after 70 usecs
[    7.412256] calling  pnp_system_init+0x0/0xc @ 1
[    7.420463] initcall pnp_system_init+0x0/0xc returned 0 after 2201 usecs
[    7.428501] calling  pnpacpi_init+0x0/0x69 @ 1
[    7.433906] pnp: PnP ACPI init
[    7.444243] pnp 00:00: Plug and Play ACPI device, IDs PNP0303 (active)
[    7.452297] pnp 00:01: Plug and Play ACPI device, IDs PNP0f13 (active)
[    7.460503] pnp 00:02: Plug and Play ACPI device, IDs PNP0400 (active)
[    7.469424] pnp 00:03: Plug and Play ACPI device, IDs PNP0501 (active)
[    7.477637] pnp 00:04: Plug and Play ACPI device, IDs PNP0b00 (active)
[    7.488768] system 00:05: [mem 0xb0000000-0xbfffffff window] has been reserved
[    7.500106] system 00:05: Plug and Play ACPI device, IDs PNP0c01 (active)
[    7.515019] pnp: PnP ACPI: found 6 devices
[    7.521740] initcall pnpacpi_init+0x0/0x69 returned 0 after 85768 usecs
[    7.532232] calling  chr_dev_init+0x0/0x14d @ 1
[    7.668300] initcall chr_dev_init+0x0/0x14d returned 0 after 125945 usecs
[    7.676566] calling  firmware_class_init+0x0/0x14a @ 1
[    7.682880] initcall firmware_class_init+0x0/0x14a returned 0 after 103 usecs
[    7.691345] calling  init_pcmcia_bus+0x0/0x5b @ 1
[    7.697260] initcall init_pcmcia_bus+0x0/0x5b returned 0 after 394 usecs
[    7.707748] calling  init_acpi_pm_clocksource+0x0/0xda @ 1
[    7.720014] clocksource: acpi_pm: mask: 0xffffff max_cycles: 0xffffff, max_idle_ns: 2085701024 ns
[    7.730657] initcall init_acpi_pm_clocksource+0x0/0xda returned 0 after 15922 usecs
[    7.739931] calling  sysctl_core_init+0x0/0x26 @ 1
[    7.745983] initcall sysctl_core_init+0x0/0x26 returned 0 after 294 usecs
[    7.756613] calling  eth_offload_init+0x0/0x13 @ 1
[    7.762666] initcall eth_offload_init+0x0/0x13 returned 0 after 172 usecs
[    7.771057] calling  ipv4_offload_init+0x0/0x73 @ 1
[    7.776934] initcall ipv4_offload_init+0x0/0x73 returned 0 after 37 usecs
[    7.785149] calling  inet_init+0x0/0x276 @ 1
[    7.790805] NET: Registered protocol family 2
[    7.798341] IP idents hash table entries: 8192 (order: 4, 65536 bytes, linear)
[    7.817338] tcp_listen_portaddr_hash hash table entries: 256 (order: 2, 20480 bytes, linear)
[    7.829591] TCP established hash table entries: 4096 (order: 3, 32768 bytes, linear)
[    7.839535] TCP bind hash table entries: 4096 (order: 6, 294912 bytes, linear)
[    7.869981] TCP: Hash tables configured (established 4096 bind 4096)
[    7.880046] UDP hash table entries: 256 (order: 3, 40960 bytes, linear)
[    7.888964] UDP-Lite hash table entries: 256 (order: 3, 40960 bytes, linear)
[    7.897980] initcall inet_init+0x0/0x276 returned 0 after 104963 usecs
[    7.906482] calling  af_unix_init+0x0/0x4d @ 1
[    7.912104] NET: Registered protocol family 1
[    7.917622] initcall af_unix_init+0x0/0x4d returned 0 after 5434 usecs
[    7.925881] calling  ipv6_offload_init+0x0/0x7e @ 1
[    7.931780] initcall ipv6_offload_init+0x0/0x7e returned 0 after 58 usecs
[    7.940205] calling  init_sunrpc+0x0/0x65 @ 1
[    7.954533] RPC: Registered named UNIX socket transport module.
[    7.962626] RPC: Registered udp transport module.
[    7.968804] RPC: Registered tcp transport module.
[    7.974972] RPC: Registered tcp NFSv4.1 backchannel transport module.
[    7.984576] initcall init_sunrpc+0x0/0x65 returned 0 after 37783 usecs
[    7.994689] calling  cfg80211_init+0x0/0xc5 @ 1
[    8.006123] initcall cfg80211_init+0x0/0xc5 returned 0 after 4148 usecs
[    8.017109] calling  pcibios_assign_resources+0x0/0xbf @ 1
[    8.026411] pci_bus 0000:00: resource 4 [io  0x0000-0x0cf7 window]
[    8.036086] pci_bus 0000:00: resource 5 [io  0x0d00-0xffff window]
[    8.045699] pci_bus 0000:00: resource 6 [mem 0x000a0000-0x000bffff window]
[    8.054274] pci_bus 0000:00: resource 7 [mem 0x20000000-0xafffffff window]
[    8.062556] pci_bus 0000:00: resource 8 [mem 0xc0000000-0xfebfffff window]
[    8.070918] pci_bus 0000:00: resource 9 [mem 0x100000000-0x8ffffffff window]
[    8.079948] initcall pcibios_assign_resources+0x0/0xbf returned 0 after 52967 usecs
[    8.089203] calling  pci_apply_final_quirks+0x0/0x124 @ 1
[    8.096348] pci 0000:00:01.0: calling  pci_fixup_video+0x0/0xe0 @ 1
[    8.104588] pci 0000:00:01.0: Video device with shadowed ROM at [mem 0x000c0000-0x000dffff]
[    8.114981] pci 0000:00:01.0: pci_fixup_video+0x0/0xe0 took 10651 usecs
[    8.125059] PCI: CLS 0 bytes, default 64
[    8.129907] initcall pci_apply_final_quirks+0x0/0x124 returned 0 after 33061 usecs
[    8.139608] calling  acpi_reserve_resources+0x0/0xea @ 1
[    8.146469] initcall acpi_reserve_resources+0x0/0xea returned 0 after 24 usecs
[    8.155931] calling  populate_rootfs+0x0/0x102 @ 1
[    8.167510] initcall populate_rootfs+0x0/0x102 returned 0 after 5167 usecs
[    8.176548] calling  pci_iommu_init+0x0/0x3e @ 1
[    8.182666] initcall pci_iommu_init+0x0/0x3e returned 0 after 62 usecs
[    8.191469] calling  ia32_binfmt_init+0x0/0x13 @ 1
[    8.198076] initcall ia32_binfmt_init+0x0/0x13 returned 0 after 168 usecs
[    8.206976] calling  rapl_pmu_init+0x0/0x267 @ 1
[    8.213332] initcall rapl_pmu_init+0x0/0x267 returned -19 after 140 usecs
[    8.222143] calling  amd_uncore_init+0x0/0x310 @ 1
[    8.228768] initcall amd_uncore_init+0x0/0x310 returned -19 after 0 usecs
[    8.237839] calling  amd_ibs_init+0x0/0x25f @ 1
[    8.243946] initcall amd_ibs_init+0x0/0x25f returned -19 after 1 usecs
[    8.252322] calling  amd_iommu_pc_init+0x0/0x22c @ 1
[    8.258815] initcall amd_iommu_pc_init+0x0/0x22c returned -19 after 158 usecs
[    8.268259] calling  msr_init+0x0/0x55 @ 1
[    8.273894] initcall msr_init+0x0/0x55 returned 0 after 113 usecs
[    8.281885] calling  intel_uncore_init+0x0/0x36f @ 1
[    8.288356] initcall intel_uncore_init+0x0/0x36f returned -19 after 17 usecs
[    8.297462] calling  cstate_pmu_init+0x0/0x1a1 @ 1
[    8.304398] initcall cstate_pmu_init+0x0/0x1a1 returned -19 after 0 usecs
[    8.313995] calling  register_kernel_offset_dumper+0x0/0x1a @ 1
[    8.322257] initcall register_kernel_offset_dumper+0x0/0x1a returned 0 after 81 usecs
[    8.331937] calling  i8259A_init_ops+0x0/0x20 @ 1
[    8.337939] initcall i8259A_init_ops+0x0/0x20 returned 0 after 3 usecs
[    8.345853] calling  init_tsc_clocksource+0x0/0xa4 @ 1
[    8.352267] clocksource: tsc: mask: 0xffffffffffffffff max_cycles: 0x39a85afc727, max_idle_ns: 881590685098 ns
[    8.364659] initcall init_tsc_clocksource+0x0/0xa4 returned 0 after 12102 usecs
[    8.373544] calling  add_rtc_cmos+0x0/0xb0 @ 1
[    8.379891] initcall add_rtc_cmos+0x0/0xb0 returned 0 after 85 usecs
[    8.389004] calling  i8237A_init_ops+0x0/0x3a @ 1
[    8.396633] initcall i8237A_init_ops+0x0/0x3a returned 0 after 536 usecs
[    8.406054] calling  umwait_init+0x0/0x94 @ 1
[    8.411252] initcall umwait_init+0x0/0x94 returned -19 after 17 usecs
[    8.418794] calling  thermal_throttle_init_device+0x0/0x3d @ 1
[    8.425466] initcall thermal_throttle_init_device+0x0/0x3d returned 0 after 14 usecs
[    8.434390] calling  msr_init+0x0/0xd7 @ 1
[    8.458974] initcall msr_init+0x0/0xd7 returned 0 after 19231 usecs
[    8.466945] calling  cpuid_init+0x0/0xd7 @ 1
[    8.485870] initcall cpuid_init+0x0/0xd7 returned 0 after 13152 usecs
[    8.494030] calling  ioapic_init_ops+0x0/0x13 @ 1
[    8.500290] initcall ioapic_init_ops+0x0/0x13 returned 0 after 34 usecs
[    8.508850] calling  add_pcspkr+0x0/0x6c @ 1
[    8.514456] initcall add_pcspkr+0x0/0x6c returned 0 after 93 usecs
[    8.522222] calling  start_periodic_check_for_corruption+0x0/0x30 @ 1
[    8.530049] check: Scanning for low memory corruption every 60 seconds
[    8.537925] initcall start_periodic_check_for_corruption+0x0/0x30 returned 0 after 7719 usecs
[    8.548527] calling  sysfb_init+0x0/0x9c @ 1
[    8.553907] initcall sysfb_init+0x0/0x9c returned 0 after 101 usecs
[    8.561721] calling  audit_classes_init+0x0/0xae @ 1
[    8.567949] initcall audit_classes_init+0x0/0xae returned 0 after 73 usecs
[    8.576605] calling  iosf_mbi_init+0x0/0x24 @ 1
[    8.583491] initcall iosf_mbi_init+0x0/0x24 returned 0 after 524 usecs
[    8.591668] calling  proc_execdomains_init+0x0/0x21 @ 1
[    8.598508] initcall proc_execdomains_init+0x0/0x21 returned 0 after 127 usecs
[    8.607320] calling  register_warn_debugfs+0x0/0x23 @ 1
[    8.614312] initcall register_warn_debugfs+0x0/0x23 returned 0 after 260 usecs
[    8.623331] calling  cpuhp_sysfs_init+0x0/0x79 @ 1
[    8.629765] initcall cpuhp_sysfs_init+0x0/0x79 returned 0 after 197 usecs
[    8.640295] calling  ioresources_init+0x0/0x49 @ 1
[    8.646991] initcall ioresources_init+0x0/0x49 returned 0 after 14 usecs
[    8.655739] calling  lockdep_proc_init+0x0/0x64 @ 1
[    8.662494] initcall lockdep_proc_init+0x0/0x64 returned 0 after 63 usecs
[    8.671627] calling  snapshot_device_init+0x0/0xc @ 1
[    8.680890] initcall snapshot_device_init+0x0/0xc returned 0 after 2506 usecs
[    8.691535] calling  irq_pm_init_ops+0x0/0x13 @ 1
[    8.698194] initcall irq_pm_init_ops+0x0/0x13 returned 0 after 22 usecs
[    8.712491] calling  rcu_torture_init+0x0/0x9be @ 1
[    8.719768] rcu-torture:--- Start of test: nreaders=7 nfakewriters=4 stat_interval=15 verbose=1 test_no_idle_hz=1 shuffle_interval=3 stutter=5 irqreader=1 fqs_duration=0 fqs_holdoff=0 fqs_stutter=3 test_boost=1/0 test_boost_interval=7 test_boost_duration=4 shutdown_secs=1800 stall_cpu=0 stall_cpu_holdoff=10 stall_cpu_irqsoff=0 stall_cpu_block=0 n_barrier_cbs=4 onoff_interval=1000 onoff_holdoff=30 read_exit_delay=13 read_exit_burst=16
[    8.773260] rcu:  Start-test grace-period state: g-1048 f0x0
[    8.781349] rcu-torture: Creating rcu_torture_writer task
[    8.791923] rcu-torture: Creating rcu_torture_fakewriter task
[    8.792642] rcu-torture: rcu_torture_writer task started
[    8.802903] rcu-torture: Creating rcu_torture_fakewriter task
[    8.803316] rcu-torture: rcu_torture_fakewriter task started
[    8.807687] rcu-torture: GP expediting controlled from boot/sysfs for rcu.
[    8.807689] rcu_torture_writer: Testing conditional GPs.
[    8.807690] rcu_torture_writer: Testing expedited GPs.
[    8.807692] rcu_torture_writer: Testing asynchronous GPs.
[    8.807693] rcu_torture_writer: Testing normal GPs.
[    8.866359] rcu-torture: Creating rcu_torture_fakewriter task
[    8.866689] rcu-torture: rcu_torture_fakewriter task started
[    8.879612] rcu-torture: Creating rcu_torture_fakewriter task
[    8.880243] rcu-torture: rcu_torture_fakewriter task started
[    8.907674] rcu-torture: Creating rcu_torture_reader task
[    8.908115] rcu-torture: rcu_torture_fakewriter task started
[    8.919035] rcu-torture: Creating rcu_torture_reader task
[    8.919608] rcu-torture: rcu_torture_reader task started
[    8.942667] rcu-torture: Creating rcu_torture_reader task
[    8.943068] rcu-torture: rcu_torture_reader task started
[    8.952634] rcu-torture: Creating rcu_torture_reader task
[    8.953072] rcu-torture: rcu_torture_reader task started
[    8.976662] rcu-torture: Creating rcu_torture_reader task
[    8.976988] rcu-torture: rcu_torture_reader task started
[    8.986115] rcu-torture: Creating rcu_torture_reader task
[    8.986541] rcu-torture: rcu_torture_reader task started
[    9.012518] rcu-torture: Creating rcu_torture_reader task
[    9.012596] rcu-torture: rcu_torture_reader task started
[    9.022699] rcu-torture: Creating rcu_torture_stats task
[    9.023091] rcu-torture: rcu_torture_reader task started
[    9.045096] rcu-torture: Creating torture_shuffle task
[    9.045127] rcu-torture: rcu_torture_stats task started
[    9.060528] rcu-torture: Creating torture_stutter task
[    9.062250] rcu-torture: torture_shuffle task started
[    9.076011] rcu-torture: Creating torture_shutdown task
[    9.076014] rcu-torture: torture_stutter task started
[    9.091415] rcu-torture: Creating torture_onoff task
[    9.091676] rcu-torture: torture_shutdown task started
[    9.099452] rcu-torture: Creating rcu_torture_fwd_prog task
[    9.099586] rcu-torture: torture_onoff task started
[    9.099589] rcu-torture: torture_onoff begin holdoff
[    9.105476] rcu-torture:torture_shutdown task: 1799970 ms remaining
[    9.114340] rcu-torture: rcu_torture_fwd_progress task started
[    9.114409] rcu-torture: Creating rcu_torture_barrier_cbs task
[    9.115906] rcu-torture: Creating rcu_torture_barrier_cbs task
[    9.116180] rcu-torture: rcu_torture_barrier_cbs task started
[    9.117527] rcu-torture: Creating rcu_torture_barrier_cbs task
[    9.117545] rcu-torture: rcu_torture_barrier_cbs task started
[    9.118417] rcu-torture: Creating rcu_torture_barrier_cbs task
[    9.118752] rcu-torture: rcu_torture_barrier_cbs task started
[    9.120012] rcu-torture: Creating rcu_torture_barrier task
[    9.120043] rcu-torture: rcu_torture_barrier_cbs task started
[    9.122025] rcu-torture: Creating rcu_torture_read_exit task
[    9.122053] rcu-torture: rcu_torture_barrier task starting
[    9.241584] initcall rcu_torture_init+0x0/0x9be returned 0 after 509904 usecs
[    9.241593] rcu-torture: rcu_torture_read_exit: Start of test
[    9.252381] calling  timekeeping_init_ops+0x0/0x13 @ 1
[    9.252413] initcall timekeeping_init_ops+0x0/0x13 returned 0 after 27 usecs
[    9.278872] calling  init_clocksource_sysfs+0x0/0x23 @ 1
[    9.287578] initcall init_clocksource_sysfs+0x0/0x23 returned 0 after 507 usecs
[    9.299363] calling  init_timer_list_procfs+0x0/0x31 @ 1
[    9.308010] initcall init_timer_list_procfs+0x0/0x31 returned 0 after 10 usecs
[    9.318712] calling  alarmtimer_init+0x0/0xf5 @ 1
[    9.326727] initcall alarmtimer_init+0x0/0xf5 returned 0 after 827 usecs
[    9.336781] calling  init_posix_timers+0x0/0x29 @ 1
[    9.356931] initcall init_posix_timers+0x0/0x29 returned 0 after 12516 usecs
[    9.367543] calling  clockevents_init_sysfs+0x0/0xbf @ 1
[    9.376460] initcall clockevents_init_sysfs+0x0/0xbf returned 0 after 729 usecs
[    9.387441] calling  proc_dma_init+0x0/0x21 @ 1
[    9.393879] initcall proc_dma_init+0x0/0x21 returned 0 after 25 usecs
[    9.403243] calling  proc_modules_init+0x0/0x1e @ 1
[    9.410597] initcall proc_modules_init+0x0/0x1e returned 0 after 7 usecs
[    9.420024] calling  kallsyms_init+0x0/0x21 @ 1
[    9.426419] initcall kallsyms_init+0x0/0x21 returned 0 after 6 usecs
[    9.435621] calling  pid_namespaces_init+0x0/0x2c @ 1
[    9.443167] initcall pid_namespaces_init+0x0/0x2c returned 0 after 16 usecs
[    9.453718] calling  audit_watch_init+0x0/0x37 @ 1
[    9.460854] initcall audit_watch_init+0x0/0x37 returned 0 after 3 usecs
[    9.472021] calling  audit_fsnotify_init+0x0/0x37 @ 1
[    9.480351] initcall audit_fsnotify_init+0x0/0x37 returned 0 after 13 usecs
[    9.490143] calling  audit_tree_init+0x0/0x6d @ 1
[    9.497686] initcall audit_tree_init+0x0/0x6d returned 0 after 12 usecs
[    9.507816] calling  seccomp_sysctl_init+0x0/0x2b @ 1
[    9.515489] initcall seccomp_sysctl_init+0x0/0x2b returned 0 after 12 usecs
[    9.531301] calling  utsname_sysctl_init+0x0/0x13 @ 1
[    9.539186] initcall utsname_sysctl_init+0x0/0x13 returned 0 after 13 usecs
[    9.550800] calling  init_tracepoints+0x0/0x27 @ 1
[    9.559412] initcall init_tracepoints+0x0/0x27 returned 0 after 262 usecs
[    9.571023] calling  init_blk_tracer+0x0/0x50 @ 1
[    9.580513] initcall init_blk_tracer+0x0/0x50 returned 0 after 1142 usecs
[    9.590771] calling  perf_event_sysfs_init+0x0/0x83 @ 1
[    9.600626] initcall perf_event_sysfs_init+0x0/0x83 returned 0 after 1575 usecs
[    9.613323] calling  system_trusted_keyring_init+0x0/0x60 @ 1
[    9.622224] Initialise system trusted keyrings
[    9.629683] initcall system_trusted_keyring_init+0x0/0x60 returned 0 after 7280 usecs
[    9.641655] calling  kswapd_init+0x0/0x5c @ 1
[    9.654024] initcall kswapd_init+0x0/0x5c returned 0 after 5249 usecs
[    9.664530] calling  extfrag_debug_init+0x0/0x54 @ 1
[    9.672369] initcall extfrag_debug_init+0x0/0x54 returned 0 after 79 usecs
[    9.685478] calling  mm_compute_batch_init+0x0/0x12 @ 1
[    9.695178] initcall mm_compute_batch_init+0x0/0x12 returned 0 after 1 usecs
[    9.708335] calling  slab_proc_init+0x0/0x21 @ 1
[    9.717161] initcall slab_proc_init+0x0/0x21 returned 0 after 72 usecs
[    9.728882] calling  workingset_init+0x0/0x8c @ 1
[    9.737340] workingset: timestamp_bits=56 max_order=17 bucket_order=0
[    9.746962] initcall workingset_init+0x0/0x8c returned 0 after 9391 usecs
[    9.757571] calling  proc_vmalloc_init+0x0/0x32 @ 1
[    9.766527] initcall proc_vmalloc_init+0x0/0x32 returned 0 after 79 usecs
[    9.778536] calling  procswaps_init+0x0/0x1e @ 1
[    9.786995] initcall procswaps_init+0x0/0x1e returned 0 after 78 usecs
[    9.798419] calling  slab_sysfs_init+0x0/0xec @ 1
[    9.830052] initcall slab_sysfs_init+0x0/0xec returned 0 after 22047 usecs
[    9.842505] calling  fcntl_init+0x0/0x29 @ 1
[    9.850798] initcall fcntl_init+0x0/0x29 returned 0 after 218 usecs
[    9.862628] calling  proc_filesystems_init+0x0/0x21 @ 1
[    9.872472] initcall proc_filesystems_init+0x0/0x21 returned 0 after 9 usecs
[    9.885556] calling  start_dirtytime_writeback+0x0/0x29 @ 1
[    9.895678] initcall start_dirtytime_writeback+0x0/0x29 returned 0 after 3 usecs
[    9.908876] calling  blkdev_init+0x0/0x1b @ 1
[    9.917989] initcall blkdev_init+0x0/0x1b returned 0 after 772 usecs
[    9.929431] calling  dio_init+0x0/0x2c @ 1
[    9.937622] initcall dio_init+0x0/0x2c returned 0 after 560 usecs
[    9.948672] calling  dnotify_init+0x0/0x78 @ 1
[    9.957070] initcall dnotify_init+0x0/0x78 returned 0 after 356 usecs
[    9.968993] calling  aio_setup+0x0/0x78 @ 1
[    9.977444] initcall aio_setup+0x0/0x78 returned 0 after 875 usecs
[    9.988865] calling  io_uring_init+0x0/0x2c @ 1
[    9.996864] initcall io_uring_init+0x0/0x2c returned 0 after 17 usecs
[   10.008572] calling  mbcache_init+0x0/0x30 @ 1
[   10.017046] initcall mbcache_init+0x0/0x30 returned 0 after 256 usecs
[   10.028476] calling  init_grace+0x0/0xc @ 1
[   10.036084] initcall init_grace+0x0/0xc returned 0 after 8 usecs
[   10.046540] calling  init_v2_quota_format+0x0/0x21 @ 1
[   10.055634] initcall init_v2_quota_format+0x0/0x21 returned 0 after 275 usecs
[   10.067911] calling  init_devpts_fs+0x0/0x27 @ 1
[   10.076147] initcall init_devpts_fs+0x0/0x27 returned 0 after 318 usecs
[   10.088253] calling  ext4_init_fs+0x0/0x1c2 @ 1
[   10.098133] initcall ext4_init_fs+0x0/0x1c2 returned 0 after 1995 usecs
[   10.107658] calling  journal_init+0x0/0x11c @ 1
[   10.114711] initcall journal_init+0x0/0x11c returned 0 after 578 usecs
[   10.124458] calling  init_fat_fs+0x0/0x49 @ 1
[   10.131944] initcall init_fat_fs+0x0/0x49 returned 0 after 424 usecs
[   10.143046] calling  init_vfat_fs+0x0/0xc @ 1
[   10.149818] initcall init_vfat_fs+0x0/0xc returned 0 after 4 usecs
[   10.160289] calling  init_msdos_fs+0x0/0xc @ 1
[   10.167517] initcall init_msdos_fs+0x0/0xc returned 0 after 4 usecs
[   10.176510] calling  init_iso9660_fs+0x0/0x6c @ 1
[   10.184439] initcall init_iso9660_fs+0x0/0x6c returned 0 after 163 usecs
[   10.195124] calling  init_nfs_fs+0x0/0x13a @ 1
[   10.214732] initcall init_nfs_fs+0x0/0x13a returned 0 after 12393 usecs
[   10.227216] calling  init_nfs_v2+0x0/0x13 @ 1
[   10.235444] initcall init_nfs_v2+0x0/0x13 returned 0 after 312 usecs
[   10.245488] calling  init_nfs_v3+0x0/0x13 @ 1
[   10.253728] initcall init_nfs_v3+0x0/0x13 returned 0 after 3 usecs
[   10.262818] calling  init_nfs_v4+0x0/0x32 @ 1
[   10.269442] NFS: Registering the id_resolver key type
[   10.287101] Key type id_resolver registered
[   10.294125] Key type id_legacy registered
[   10.300438] initcall init_nfs_v4+0x0/0x32 returned 0 after 30288 usecs
[   10.310487] calling  init_nlm+0x0/0x5b @ 1
[   10.318568] initcall init_nlm+0x0/0x5b returned 0 after 1894 usecs
[   10.327615] calling  init_nls_cp437+0x0/0xe @ 1
[   10.336586] initcall init_nls_cp437+0x0/0xe returned 0 after 687 usecs
[   10.346320] calling  init_nls_ascii+0x0/0xe @ 1
[   10.354238] initcall init_nls_ascii+0x0/0xe returned 0 after 1 usecs
[   10.363047] calling  init_nls_iso8859_1+0x0/0xe @ 1
[   10.370658] initcall init_nls_iso8859_1+0x0/0xe returned 0 after 2 usecs
[   10.380103] calling  init_nls_utf8+0x0/0x21 @ 1
[   10.386914] initcall init_nls_utf8+0x0/0x21 returned 0 after 2 usecs
[   10.396096] calling  init_autofs_fs+0x0/0x25 @ 1
[   10.407912] initcall init_autofs_fs+0x0/0x25 returned 0 after 5188 usecs
[   10.417049] calling  ipc_init+0x0/0x24 @ 1
[   10.422394] initcall ipc_init+0x0/0x24 returned 0 after 138 usecs
[   10.430075] calling  ipc_sysctl_init+0x0/0x13 @ 1
[   10.435916] initcall ipc_sysctl_init+0x0/0x13 returned 0 after 16 usecs
[   10.444793] calling  init_mqueue_fs+0x0/0xb1 @ 1
[   10.456998] initcall init_mqueue_fs+0x0/0xb1 returned 0 after 4895 usecs
[   10.466389] calling  key_proc_init+0x0/0x63 @ 1
[   10.473256] initcall key_proc_init+0x0/0x63 returned 0 after 11 usecs
[   10.483731] calling  selinux_nf_ip_init+0x0/0x2e @ 1
[   10.491406] initcall selinux_nf_ip_init+0x0/0x2e returned 0 after 54 usecs
[   10.500791] calling  init_sel_fs+0x0/0x116 @ 1
[   10.507109] initcall init_sel_fs+0x0/0x116 returned 0 after 1 usecs
[   10.516013] calling  selnl_init+0x0/0x7c @ 1
[   10.522737] initcall selnl_init+0x0/0x7c returned 0 after 694 usecs
[   10.531575] calling  sel_netif_init+0x0/0x36 @ 1
[   10.538612] initcall sel_netif_init+0x0/0x36 returned 0 after 0 usecs
[   10.548223] calling  sel_netnode_init+0x0/0x33 @ 1
[   10.555394] initcall sel_netnode_init+0x0/0x33 returned 0 after 1 usecs
[   10.566011] calling  sel_netport_init+0x0/0x33 @ 1
[   10.573790] initcall sel_netport_init+0x0/0x33 returned 0 after 1 usecs
[   10.584942] calling  aurule_init+0x0/0x2a @ 1
[   10.590891] initcall aurule_init+0x0/0x2a returned 0 after 3 usecs
[   10.599330] calling  crypto_algapi_init+0x0/0xc @ 1
[   10.606441] initcall crypto_algapi_init+0x0/0xc returned 0 after 10 usecs
[   10.616176] calling  jent_mod_init+0x0/0x2d @ 1
[   10.648907] initcall jent_mod_init+0x0/0x2d returned 0 after 25915 usecs
[   10.649929] cryptomgr_test (125) used greatest stack depth: 14616 bytes left
[   10.658824] calling  asymmetric_key_init+0x0/0xc @ 1
[   10.675906] Key type asymmetric registered
[   10.682425] initcall asymmetric_key_init+0x0/0xc returned 0 after 6364 usecs
[   10.692135] calling  x509_key_init+0x0/0xc @ 1
[   10.700149] Asymmetric key parser 'x509' registered
[   10.707405] initcall x509_key_init+0x0/0xc returned 0 after 8544 usecs
[   10.717368] calling  proc_genhd_init+0x0/0x41 @ 1
[   10.724009] initcall proc_genhd_init+0x0/0x41 returned 0 after 10 usecs
[   10.734408] calling  bsg_init+0x0/0x113 @ 1
[   10.740574] Block layer SCSI generic (bsg) driver version 0.4 loaded (major 251)
[   10.751246] initcall bsg_init+0x0/0x113 returned 0 after 10469 usecs
[   10.759455] calling  deadline_init+0x0/0xc @ 1
[   10.769482] io scheduler mq-deadline registered
[   10.776530] initcall deadline_init+0x0/0xc returned 0 after 10042 usecs
[   10.786693] calling  kyber_init+0x0/0xc @ 1
[   10.793491] io scheduler kyber registered
[   10.799536] initcall kyber_init+0x0/0xc returned 0 after 5903 usecs
[   10.809068] calling  mod_init+0x0/0x7 @ 1
[   10.816222] initcall mod_init+0x0/0x7 returned 0 after 0 usecs
[   10.826117] calling  percpu_counter_startup+0x0/0x55 @ 1
[   10.851568] initcall percpu_counter_startup+0x0/0x55 returned 0 after 17446 usecs
[   10.861783] calling  sg_pool_init+0x0/0xb4 @ 1
[   10.872164] initcall sg_pool_init+0x0/0xb4 returned 0 after 4157 usecs
[   10.880866] calling  pcie_portdrv_init+0x0/0x39 @ 1
[   10.889937] initcall pcie_portdrv_init+0x0/0x39 returned 0 after 2638 usecs
[   10.899852] calling  pci_proc_init+0x0/0x68 @ 1
[   10.907931] initcall pci_proc_init+0x0/0x68 returned 0 after 1230 usecs
[   10.917719] calling  pci_hotplug_init+0x0/0x7 @ 1
[   10.924472] initcall pci_hotplug_init+0x0/0x7 returned 0 after 0 usecs
[   10.933410] calling  efifb_driver_init+0x0/0xe @ 1
[   10.942711] initcall efifb_driver_init+0x0/0xe returned 0 after 519 usecs
[   10.953461] calling  ged_driver_init+0x0/0xe @ 1
[   10.961551] initcall ged_driver_init+0x0/0xe returned 0 after 132 usecs
[   10.971148] calling  acpi_ac_init+0x0/0x92 @ 1
[   10.982034] initcall acpi_ac_init+0x0/0x92 returned 0 after 3896 usecs
[   10.992156] calling  acpi_button_driver_init+0x0/0x52 @ 1
[   11.006024] input: Power Button as /devices/LNXSYSTM:00/LNXPWRBN:00/input/input0
[   11.025175] ACPI: Power Button [PWRF]
[   11.031542] initcall acpi_button_driver_init+0x0/0x52 returned 0 after 29294 usecs
[   11.043058] calling  acpi_fan_driver_init+0x0/0xe @ 1
[   11.051465] initcall acpi_fan_driver_init+0x0/0xe returned 0 after 127 usecs
[   11.061818] calling  acpi_video_init+0x0/0xcb @ 1
[   11.134294] initcall acpi_video_init+0x0/0xcb returned 0 after 62456 usecs
[   11.148306] calling  acpi_processor_driver_init+0x0/0xad @ 1
[   11.195737] initcall acpi_processor_driver_init+0x0/0xad returned 0 after 37974 usecs
[   11.208172] calling  acpi_thermal_init+0x0/0x71 @ 1
[   11.242944] initcall acpi_thermal_init+0x0/0x71 returned 0 after 26919 usecs
[   11.254766] calling  acpi_battery_init+0x0/0x32 @ 1
[   11.263514] initcall acpi_battery_init+0x0/0x32 returned 0 after 1380 usecs
[   11.273855] calling  bgrt_init+0x0/0xb6 @ 1
[   11.280435] initcall bgrt_init+0x0/0xb6 returned -19 after 1 usecs
[   11.291776] calling  gpio_clk_driver_init+0x0/0xe @ 1
[   11.302436] initcall gpio_clk_driver_init+0x0/0xe returned 0 after 2356 usecs
[   11.314775] calling  plt_clk_driver_init+0x0/0xe @ 1
[   11.323086] initcall plt_clk_driver_init+0x0/0xe returned 0 after 35 usecs
[   11.334344] calling  virtio_pci_driver_init+0x0/0x15 @ 1
[   11.345731] initcall virtio_pci_driver_init+0x0/0x15 returned 0 after 2867 usecs
[   11.357503] calling  n_null_init+0x0/0x1e @ 1
[   11.365699] initcall n_null_init+0x0/0x1e returned 0 after 919 usecs
[   11.376061] calling  pty_init+0x0/0x1e8 @ 1
[   11.393532] initcall pty_init+0x0/0x1e8 returned 0 after 10320 usecs
[   11.403699] calling  sysrq_init+0x0/0x62 @ 1
[   11.412033] initcall sysrq_init+0x0/0x62 returned 0 after 1700 usecs
[   11.423696] calling  serial8250_init+0x0/0x17e @ 1
[   11.432068] Serial: 8250/16550 driver, 4 ports, IRQ sharing enabled
[   11.454524] 00:03: ttyS0 at I/O 0x3f8 (irq = 4, base_baud = 115200) is a 16550A
[   11.501846] initcall serial8250_init+0x0/0x17e returned 0 after 68100 usecs
[   11.513118] calling  serial_pci_driver_init+0x0/0x15 @ 1
[   11.522254] initcall serial_pci_driver_init+0x0/0x15 returned 0 after 524 usecs
[   11.534879] calling  exar_pci_driver_init+0x0/0x15 @ 1
[   11.542548] initcall exar_pci_driver_init+0x0/0x15 returned 0 after 38 usecs
[   11.553223] calling  lpss8250_pci_driver_init+0x0/0x15 @ 1
[   11.563383] initcall lpss8250_pci_driver_init+0x0/0x15 returned 0 after 237 usecs
[   11.576607] calling  mid8250_pci_driver_init+0x0/0x15 @ 1
[   11.586373] initcall mid8250_pci_driver_init+0x0/0x15 returned 0 after 41 usecs
[   11.597053] calling  virtio_console_init+0x0/0xff @ 1
[   11.607892] initcall virtio_console_init+0x0/0xff returned 0 after 2988 usecs
[   11.619326] calling  hpet_init+0x0/0x64 @ 1
[   11.634678] initcall hpet_init+0x0/0x64 returned 0 after 8672 usecs
[   11.644645] calling  nvram_module_init+0x0/0x83 @ 1
[   11.657810] Non-volatile memory driver v1.3
[   11.666103] initcall nvram_module_init+0x0/0x83 returned 0 after 13395 usecs
[   11.676452] calling  hwrng_modinit+0x0/0x8a @ 1
[   11.686868] initcall hwrng_modinit+0x0/0x8a returned 0 after 3418 usecs
[   11.698531] calling  mod_init+0x0/0x48 @ 1
[   11.705915] initcall mod_init+0x0/0x48 returned -19 after 1 usecs
[   11.716200] calling  agp_init+0x0/0x23 @ 1
[   11.722738] Linux agpgart interface v0.103
[   11.730927] initcall agp_init+0x0/0x23 returned 0 after 7995 usecs
[   11.740595] calling  agp_amd64_mod_init+0x0/0x5 @ 1
[   11.749882] initcall agp_amd64_mod_init+0x0/0x5 returned -19 after 846 usecs
[   11.761005] calling  agp_intel_init+0x0/0x28 @ 1
[   11.777610] initcall agp_intel_init+0x0/0x28 returned 0 after 8257 usecs
[   11.788153] calling  drm_kms_helper_init+0x0/0x7 @ 1
[   11.795441] initcall drm_kms_helper_init+0x0/0x7 returned 0 after 143 usecs
[   11.805413] calling  drm_core_init+0x0/0xbd @ 1
[   11.814876] initcall drm_core_init+0x0/0xbd returned 0 after 2157 usecs
[   11.824705] calling  i915_init+0x0/0x6b @ 1
[   11.837670] initcall i915_init+0x0/0x6b returned 0 after 6403 usecs
[   11.847370] calling  cn_proc_init+0x0/0x35 @ 1
[   11.854470] initcall cn_proc_init+0x0/0x35 returned 0 after 300 usecs
[   11.863902] calling  topology_sysfs_init+0x0/0x27 @ 1
[   11.872541] initcall topology_sysfs_init+0x0/0x27 returned 0 after 850 usecs
[   11.883036] calling  cacheinfo_sysfs_init+0x0/0x27 @ 1
[   11.923807] initcall cacheinfo_sysfs_init+0x0/0x27 returned 0 after 32052 usecs
[   11.935306] calling  loop_init+0x0/0x16a @ 1
[   12.074382] loop: module loaded
[   12.079899] initcall loop_init+0x0/0x16a returned 0 after 134917 usecs
[   12.090731] calling  mac_hid_init+0x0/0x21 @ 1
[   12.098848] initcall mac_hid_init+0x0/0x21 returned 0 after 12 usecs
[   12.109326] calling  spi_transport_init+0x0/0x74 @ 1
[   12.118406] initcall spi_transport_init+0x0/0x74 returned 0 after 720 usecs
[   12.129898] calling  init_sd+0x0/0x18c @ 1
[   12.138664] initcall init_sd+0x0/0x18c returned 0 after 1692 usecs
[   12.148552] calling  init_sr+0x0/0x43 @ 1
[   12.155389] initcall init_sr+0x0/0x43 returned 0 after 30 usecs
[   12.165438] calling  init_sg+0x0/0x1c0 @ 1
[   12.173849] initcall init_sg+0x0/0x1c0 returned 0 after 1366 usecs
[   12.184056] calling  ahci_pci_driver_init+0x0/0x15 @ 1
[   12.193570] ahci 0000:00:1f.2: version 3.0
[   12.207877] PCI Interrupt Link [GSIA] enabled at IRQ 16
[   12.236606] ahci 0000:00:1f.2: AHCI 0001.0000 32 slots 6 ports 1.5 Gbps 0x3f impl SATA mode
[   12.250536] ahci 0000:00:1f.2: flags: 64bit ncq only 
[   12.299708] scsi host0: ahci
[   12.314077] scsi host1: ahci
[   12.326671] scsi host2: ahci
[   12.341999] scsi host3: ahci
[   12.353942] scsi host4: ahci
[   12.364962] scsi host5: ahci
[   12.369816] ata1: SATA max UDMA/133 abar m4096@0xfebf1000 port 0xfebf1100 irq 24
[   12.380291] ata2: SATA max UDMA/133 abar m4096@0xfebf1000 port 0xfebf1180 irq 24
[   12.390042] ata3: SATA max UDMA/133 abar m4096@0xfebf1000 port 0xfebf1200 irq 24
[   12.400465] ata4: SATA max UDMA/133 abar m4096@0xfebf1000 port 0xfebf1280 irq 24
[   12.411440] ata5: SATA max UDMA/133 abar m4096@0xfebf1000 port 0xfebf1300 irq 24
[   12.432260] ata6: SATA max UDMA/133 abar m4096@0xfebf1000 port 0xfebf1380 irq 24
[   12.455863] initcall ahci_pci_driver_init+0x0/0x15 returned 0 after 257136 usecs
[   12.468591] calling  piix_init+0x0/0x26 @ 1
[   12.478116] initcall piix_init+0x0/0x26 returned 0 after 1430 usecs
[   12.487869] calling  amd_pci_driver_init+0x0/0x15 @ 1
[   12.497488] initcall amd_pci_driver_init+0x0/0x15 returned 0 after 69 usecs
[   12.511580] calling  oldpiix_pci_driver_init+0x0/0x15 @ 1
[   12.518886] initcall oldpiix_pci_driver_init+0x0/0x15 returned 0 after 189 usecs
[   12.529187] calling  sch_pci_driver_init+0x0/0x15 @ 1
[   12.535989] initcall sch_pci_driver_init+0x0/0x15 returned 0 after 60 usecs
[   12.545226] calling  net_olddevs_init+0x0/0x55 @ 1
[   12.555011] initcall net_olddevs_init+0x0/0x55 returned 0 after 3240 usecs
[   12.565082] calling  blackhole_netdev_init+0x0/0x78 @ 1
[   12.576752] initcall blackhole_netdev_init+0x0/0x78 returned 0 after 4881 usecs
[   12.586255] calling  phy_module_init+0x0/0x13 @ 1
[   12.593596] initcall phy_module_init+0x0/0x13 returned 0 after 906 usecs
[   12.602348] calling  tg3_driver_init+0x0/0x15 @ 1
[   12.608976] initcall tg3_driver_init+0x0/0x15 returned 0 after 364 usecs
[   12.619127] calling  e100_init_module+0x0/0x4c @ 1
[   12.626674] e100: Intel(R) PRO/100 Network Driver
[   12.633875] e100: Copyright(c) 1999-2006 Intel Corporation
[   12.642605] initcall e100_init_module+0x0/0x4c returned 0 after 15553 usecs
[   12.651879] calling  e1000_init_module+0x0/0x72 @ 1
[   12.657868] e1000: Intel(R) PRO/1000 Network Driver
[   12.664065] e1000: Copyright (c) 1999-2006 Intel Corporation.
[   12.671360] initcall e1000_init_module+0x0/0x72 returned 0 after 13195 usecs
[   12.680863] calling  e1000_init_module+0x0/0x2d @ 1
[   12.687475] e1000e: Intel(R) PRO/1000 Network Driver
[   12.693831] e1000e: Copyright(c) 1999 - 2015 Intel Corporation.
[   12.702091] initcall e1000_init_module+0x0/0x2d returned 0 after 14269 usecs
[   12.711579] calling  sky2_init_module+0x0/0x21 @ 1
[   12.718461] sky2: driver version 1.30
[   12.723666] initcall sky2_init_module+0x0/0x21 returned 0 after 5080 usecs
[   12.733005] calling  forcedeth_pci_driver_init+0x0/0x15 @ 1
[   12.740477] initcall forcedeth_pci_driver_init+0x0/0x15 returned 0 after 51 usecs
[   12.751153] calling  rtl8139_init_module+0x0/0x15 @ 1
[   12.758366] initcall rtl8139_init_module+0x0/0x15 returned 0 after 66 usecs
[   12.767564] calling  rtl8169_pci_driver_init+0x0/0x15 @ 1
[   12.771380] ata1: SATA link down (SStatus 0 SControl 300)
[   12.775310] initcall rtl8169_pci_driver_init+0x0/0x15 returned 0 after 154 usecs
[   12.785917] ata2: SATA link down (SStatus 0 SControl 300)
[   12.793942] calling  cdrom_init+0x0/0xc @ 1
[   12.806118] ata6: SATA link down (SStatus 0 SControl 300)
[   12.809565] initcall cdrom_init+0x0/0xc returned 0 after 176 usecs
[   12.832914] ata3: SATA link up 1.5 Gbps (SStatus 113 SControl 300)
[   12.839076] calling  nonstatic_sysfs_init+0x0/0xc @ 1
[   12.839216] initcall nonstatic_sysfs_init+0x0/0xc returned 0 after 131 usecs
[   12.862514] calling  yenta_cardbus_driver_init+0x0/0x15 @ 1
[   12.868858] ata4: SATA link down (SStatus 0 SControl 300)
[   12.872137] initcall yenta_cardbus_driver_init+0x0/0x15 returned 0 after 397 usecs
[   12.882850] ata3.00: ATAPI: QEMU DVD-ROM, 2.5+, max UDMA/100
[   12.890624] calling  mon_init+0x0/0x144 @ 1
[   12.897918] initcall mon_init+0x0/0x144 returned 0 after 7113 usecs
[   12.901237] ata3.00: applying bridge limits
[   12.902875] ata5: SATA link down (SStatus 0 SControl 300)
[   12.908366] calling  ehci_hcd_init+0x0/0x56 @ 1
[   12.919061] ata3.00: configured for UDMA/100
[   12.923554] ehci_hcd: USB 2.0 'Enhanced' Host Controller (EHCI) Driver
[   12.952578] initcall ehci_hcd_init+0x0/0x56 returned 0 after 28426 usecs
[   12.961517] calling  ehci_pci_init+0x0/0x64 @ 1
[   12.968188] ehci-pci: EHCI PCI platform driver
[   12.968840] scsi 2:0:0:0: CD-ROM            QEMU     QEMU DVD-ROM     2.5+ PQ: 0 ANSI: 5
[   12.975435] initcall ehci_pci_init+0x0/0x64 returned 0 after 7073 usecs
[   12.975439] calling  ohci_hcd_mod_init+0x0/0x4e @ 1
[   12.975442] ohci_hcd: USB 1.1 'Open' Host Controller (OHCI) Driver
[   12.975784] initcall ohci_hcd_mod_init+0x0/0x4e returned 0 after 332 usecs
[   12.975787] calling  ohci_pci_init+0x0/0x64 @ 1
[   12.975789] ohci-pci: OHCI PCI platform driver
[   12.975900] initcall ohci_pci_init+0x0/0x64 returned 0 after 108 usecs
[   12.975903] calling  uhci_hcd_init+0x0/0xa8 @ 1
[   12.975905] uhci_hcd: USB Universal Host Controller Interface driver
[   12.976860] initcall uhci_hcd_init+0x0/0xa8 returned 0 after 930 usecs
[   13.088445] calling  xhci_hcd_init+0x0/0x1e @ 1
[   13.094741] initcall xhci_hcd_init+0x0/0x1e returned 0 after 102 usecs
[   13.103963] calling  xhci_pci_init+0x0/0x49 @ 1
[   13.112049] initcall xhci_pci_init+0x0/0x49 returned 0 after 141 usecs
[   13.120831] calling  usblp_driver_init+0x0/0x15 @ 1
[   13.128243] usbcore: registered new interface driver usblp
[   13.136379] initcall usblp_driver_init+0x0/0x15 returned 0 after 8423 usecs
[   13.146395] calling  usb_storage_driver_init+0x0/0x2a @ 1
[   13.154814] usbcore: registered new interface driver usb-storage
[   13.163682] initcall usb_storage_driver_init+0x0/0x2a returned 0 after 8779 usecs
[   13.175735] calling  i8042_init+0x0/0x4c2 @ 1
[   13.182891] i8042: PNP: PS/2 Controller [PNP0303:KBD,PNP0f13:MOU] at 0x60,0x64 irq 1,12
[   13.206548] serio: i8042 KBD port at 0x60,0x64 irq 1
[   13.214289] serio: i8042 AUX port at 0x60,0x64 irq 12
[   13.221889] initcall i8042_init+0x0/0x4c2 returned 0 after 38871 usecs
[   13.230930] calling  serport_init+0x0/0x2c @ 1
[   13.237482] initcall serport_init+0x0/0x2c returned 0 after 149 usecs
[   13.246229] calling  input_leds_init+0x0/0xc @ 1
[   13.252943] initcall input_leds_init+0x0/0xc returned 0 after 97 usecs
[   13.261786] calling  evdev_init+0x0/0xc @ 1
[   13.270645] initcall evdev_init+0x0/0xc returned 0 after 3137 usecs
[   13.279902] calling  atkbd_init+0x0/0x21 @ 1
[   13.285380] initcall atkbd_init+0x0/0x21 returned 0 after 110 usecs
[   13.294045] calling  psmouse_init+0x0/0x7f @ 1
[   13.301220] initcall psmouse_init+0x0/0x7f returned 0 after 347 usecs
[   13.310538] calling  cmos_init+0x0/0x73 @ 1
[   13.317409] rtc_cmos 00:04: RTC can wake from S4
[   13.332069] rtc_cmos 00:04: registered as rtc0
[   13.338987] rtc_cmos 00:04: alarms up to one day, y3k, 242 bytes nvram, hpet irqs
[   13.349786] initcall cmos_init+0x0/0x73 returned 0 after 32983 usecs
[   13.358102] calling  smbalert_driver_init+0x0/0xe @ 1
[   13.364862] initcall smbalert_driver_init+0x0/0xe returned 0 after 68 usecs
[   13.373815] calling  i2c_i801_init+0x0/0xc5 @ 1
[   13.390411] i801_smbus 0000:00:1f.3: SMBus using PCI interrupt
[   13.401075] i2c i2c-0: 1/1 memory slots populated (from DMI)
[   13.408828] i2c i2c-0: Memory type 0x07 not supported yet, not instantiating SPD
[   13.437763] initcall i2c_i801_init+0x0/0xc5 returned 0 after 56155 usecs
[   13.448003] calling  ptp_kvm_init+0x0/0xf0 @ 1
[   13.478722] initcall ptp_kvm_init+0x0/0xf0 returned 0 after 23701 usecs
[   13.488909] calling  dm_init+0x0/0x3c @ 1
[   13.498991] device-mapper: ioctl: 4.43.0-ioctl (2020-10-01) initialised: dm-devel@redhat.com
[   13.511358] initcall dm_init+0x0/0x3c returned 0 after 15632 usecs
[   13.520018] calling  dm_mirror_init+0x0/0x29 @ 1
[   13.530591] sr 2:0:0:0: [sr0] scsi3-mmc drive: 4x/4x cd/rw xa/form2 tray
[   13.537689] initcall dm_mirror_init+0x0/0x29 returned 0 after 20 usecs
[   13.537693] calling  dm_dirty_log_init+0x0/0x4f @ 1
[   13.537848] initcall dm_dirty_log_init+0x0/0x4f returned 0 after 147 usecs
[   13.537852] calling  dm_zero_init+0x0/0x29 @ 1
[   13.537856] initcall dm_zero_init+0x0/0x29 returned 0 after 1 usecs
[   13.537859] calling  intel_pstate_init+0x0/0x50f @ 1
[   13.537911] intel_pstate: CPU model not supported
[   13.537915] initcall intel_pstate_init+0x0/0x50f returned -19 after 51 usecs
[   13.537918] calling  haltpoll_init+0x0/0xc0 @ 1
[   13.538009] initcall haltpoll_init+0x0/0xc0 returned -19 after 84 usecs
[   13.538014] calling  efivars_sysfs_init+0x0/0x30 @ 1
[   13.538054] initcall efivars_sysfs_init+0x0/0x30 returned 0 after 35 usecs
[   13.538057] calling  esrt_sysfs_init+0x0/0x2a2 @ 1
[   13.538071] initcall esrt_sysfs_init+0x0/0x2a2 returned -38 after 11 usecs
[   13.538074] calling  hid_init+0x0/0x5c @ 1
[   13.538347] hid: raw HID events driver (C) Jiri Kosina
[   13.538546] initcall hid_init+0x0/0x5c returned 0 after 457 usecs
[   13.538548] calling  hid_generic_init+0x0/0x15 @ 1
[   13.538682] initcall hid_generic_init+0x0/0x15 returned 0 after 127 usecs
[   13.538685] calling  a4_driver_init+0x0/0x15 @ 1
[   13.538706] initcall a4_driver_init+0x0/0x15 returned 0 after 17 usecs
[   13.538708] calling  apple_driver_init+0x0/0x15 @ 1
[   13.538779] initcall apple_driver_init+0x0/0x15 returned 0 after 66 usecs
[   13.538782] calling  belkin_driver_init+0x0/0x15 @ 1
[   13.538851] initcall belkin_driver_init+0x0/0x15 returned 0 after 64 usecs
[   13.538853] calling  ch_driver_init+0x0/0x15 @ 1
[   13.538887] initcall ch_driver_init+0x0/0x15 returned 0 after 30 usecs
[   13.538904] calling  ch_driver_init+0x0/0x15 @ 1
[   13.538943] initcall ch_driver_init+0x0/0x15 returned 0 after 34 usecs
[   13.538945] calling  cp_driver_init+0x0/0x15 @ 1
[   13.538968] initcall cp_driver_init+0x0/0x15 returned 0 after 19 usecs
[   13.538970] calling  ez_driver_init+0x0/0x15 @ 1
[   13.539003] initcall ez_driver_init+0x0/0x15 returned 0 after 29 usecs
[   13.539006] calling  gyration_driver_init+0x0/0x15 @ 1
[   13.539029] initcall gyration_driver_init+0x0/0x15 returned 0 after 19 usecs
[   13.539031] calling  ite_driver_init+0x0/0x15 @ 1
[   13.539054] initcall ite_driver_init+0x0/0x15 returned 0 after 20 usecs
[   13.539057] calling  ks_driver_init+0x0/0x15 @ 1
[   13.539080] initcall ks_driver_init+0x0/0x15 returned 0 after 20 usecs
[   13.539083] calling  lg_driver_init+0x0/0x15 @ 1
[   13.539233] initcall lg_driver_init+0x0/0x15 returned 0 after 143 usecs
[   13.539235] calling  lg_g15_driver_init+0x0/0x15 @ 1
[   13.539290] initcall lg_g15_driver_init+0x0/0x15 returned 0 after 50 usecs
[   13.539292] calling  ms_driver_init+0x0/0x15 @ 1
[   13.539318] initcall ms_driver_init+0x0/0x15 returned 0 after 22 usecs
[   13.539320] calling  mr_driver_init+0x0/0x15 @ 1
[   13.539345] initcall mr_driver_init+0x0/0x15 returned 0 after 21 usecs
[   13.539348] calling  ntrig_driver_init+0x0/0x15 @ 1
[   13.539415] initcall ntrig_driver_init+0x0/0x15 returned 0 after 63 usecs
[   13.539418] calling  pl_driver_init+0x0/0x15 @ 1
[   13.539547] initcall pl_driver_init+0x0/0x15 returned 0 after 123 usecs
[   13.539550] calling  pl_driver_init+0x0/0x15 @ 1
[   13.539631] initcall pl_driver_init+0x0/0x15 returned 0 after 76 usecs
[   13.539633] calling  redragon_driver_init+0x0/0x15 @ 1
[   13.539660] initcall redragon_driver_init+0x0/0x15 returned 0 after 23 usecs
[   13.539663] calling  samsung_driver_init+0x0/0x15 @ 1
[   13.539689] initcall samsung_driver_init+0x0/0x15 returned 0 after 22 usecs
[   13.539691] calling  sony_init+0x0/0x38 @ 1
[   13.539766] initcall sony_init+0x0/0x38 returned 0 after 70 usecs
[   13.539768] calling  sp_driver_init+0x0/0x15 @ 1
[   13.539794] initcall sp_driver_init+0x0/0x15 returned 0 after 23 usecs
[   13.539796] calling  ts_driver_init+0x0/0x15 @ 1
[   13.539825] initcall ts_driver_init+0x0/0x15 returned 0 after 25 usecs
[   13.539827] calling  hid_init+0x0/0x58 @ 1
[   13.540125] usbcore: registered new interface driver usbhid
[   13.540127] usbhid: USB HID core driver
[   13.540230] initcall hid_init+0x0/0x58 returned 0 after 388 usecs
[   13.540233] calling  eeepc_laptop_init+0x0/0x57 @ 1
[   13.542419] initcall eeepc_laptop_init+0x0/0x57 returned -19 after 2130 usecs
[   13.542423] calling  pmc_atom_init+0x0/0x27a @ 1
[   13.542544] initcall pmc_atom_init+0x0/0x27a returned -19 after 114 usecs
[   13.542546] calling  alsa_hwdep_init+0x0/0x5e @ 1
[   13.543043] initcall alsa_hwdep_init+0x0/0x5e returned 0 after 479 usecs
[   13.543046] calling  alsa_timer_init+0x0/0x1f9 @ 1
[   13.549104] initcall alsa_timer_init+0x0/0x1f9 returned 0 after 5909 usecs
[   13.549108] calling  snd_hrtimer_init+0x0/0x117 @ 1
[   13.549113] initcall snd_hrtimer_init+0x0/0x117 returned 0 after 2 usecs
[   13.549116] calling  alsa_pcm_init+0x0/0x64 @ 1
[   13.549125] initcall alsa_pcm_init+0x0/0x64 returned 0 after 5 usecs
[   13.549127] calling  alsa_seq_init+0x0/0x4a @ 1
[   13.549866] initcall alsa_seq_init+0x0/0x4a returned 0 after 716 usecs
[   13.549869] calling  alsa_seq_dummy_init+0x0/0x9c @ 1
[   13.549919] initcall alsa_seq_dummy_init+0x0/0x9c returned 0 after 45 usecs
[   13.549921] calling  azx_driver_init+0x0/0x15 @ 1
[   13.550396] initcall azx_driver_init+0x0/0x15 returned 0 after 459 usecs
[   13.550399] calling  sock_diag_init+0x0/0x2a @ 1
[   13.551233] initcall sock_diag_init+0x0/0x2a returned 0 after 808 usecs
[   13.561475] cdrom: Uniform CD-ROM driver Revision: 3.20
[   13.569933] calling  blackhole_init+0x0/0xc @ 1
[   13.569967] initcall blackhole_init+0x0/0xc returned 0 after 28 usecs
[   14.349350] rcu-torture: rcu_torture_read_exit: End of episode
[   14.356392] calling  nfnetlink_init+0x0/0x61 @ 1
[   14.425519] initcall nfnetlink_init+0x0/0x61 returned 0 after 62 usecs
[   14.434533] calling  nfnetlink_log_init+0x0/0x99 @ 1
