c[?7l[2J[0mSeaBIOS (version 1.16.0-debian-1.16.0-4)
Booting from ROM...
early console in setup code
c[?7l[2J[    0.000000] Linux version 5.10.158+ (root@joelboxx.c.googlers.com) (gcc (Debian 12.2.0-3) 12.2.0, GNU ld (GNU Binutils for Debian) 2.39) #12 SMP PREEMPT Tue Dec 13 22:51:39 UTC 2022
[    0.000000] Command line: selinux=0 initcall_debug debug console=ttyS0 rcutorture.torture_type=tasks rcutorture.onoff_interval=1000 rcutorture.onoff_holdoff=30 rcutorture.n_barrier_cbs=4 rcutorture.stat_interval=15 rcutorture.shutdown_secs=3600 rcutorture.test_no_idle_hz=1 rcutorture.verbose=1
[    0.000000] x86/fpu: x87 FPU will use FXSAVE
[    0.000000] BIOS-provided physical RAM map:
[    0.000000] BIOS-e820: [mem 0x0000000000000000-0x000000000009fbff] usable
[    0.000000] BIOS-e820: [mem 0x000000000009fc00-0x000000000009ffff] reserved
[    0.000000] BIOS-e820: [mem 0x00000000000f0000-0x00000000000fffff] reserved
[    0.000000] BIOS-e820: [mem 0x0000000000100000-0x000000001ffdefff] usable
[    0.000000] BIOS-e820: [mem 0x000000001ffdf000-0x000000001fffffff] reserved
[    0.000000] BIOS-e820: [mem 0x00000000b0000000-0x00000000bfffffff] reserved
[    0.000000] BIOS-e820: [mem 0x00000000fed1c000-0x00000000fed1ffff] reserved
[    0.000000] BIOS-e820: [mem 0x00000000feffc000-0x00000000feffffff] reserved
[    0.000000] BIOS-e820: [mem 0x00000000fffc0000-0x00000000ffffffff] reserved
[    0.000000] NX (Execute Disable) protection: active
[    0.000000] SMBIOS 2.8 present.
[    0.000000] DMI: QEMU Standard PC (Q35 + ICH9, 2009), BIOS 1.16.0-debian-1.16.0-4 04/01/2014
[    0.000000] Hypervisor detected: KVM
[    0.000000] kvm-clock: Using msrs 4b564d01 and 4b564d00
[    0.000000] kvm-clock: cpu 0, msr 1cf25001, primary cpu clock
[    0.000089] kvm-clock: using sched offset of 4408085502 cycles
[    0.001104] clocksource: kvm-clock: mask: 0xffffffffffffffff max_cycles: 0x1cd42e4dffb, max_idle_ns: 881590591483 ns
[    0.001342] tsc: Detected 1999.999 MHz processor
[    0.009145] e820: update [mem 0x00000000-0x00000fff] usable ==> reserved
[    0.009155] e820: remove [mem 0x000a0000-0x000fffff] usable
[    0.009164] last_pfn = 0x1ffdf max_arch_pfn = 0x400000000
[    0.010096] MTRR default type: write-back
[    0.010175] MTRR fixed ranges enabled:
[    0.010178]   00000-9FFFF write-back
[    0.010180]   A0000-BFFFF uncachable
[    0.010183]   C0000-FFFFF write-protect
[    0.010185] MTRR variable ranges enabled:
[    0.010188]   0 base 00C0000000 mask FFC0000000 uncachable
[    0.010190]   1 disabled
[    0.010193]   2 disabled
[    0.010195]   3 disabled
[    0.010196]   4 disabled
[    0.010198]   5 disabled
[    0.010200]   6 disabled
[    0.010202]   7 disabled
[    0.010698] x86/PAT: Configuration [0-7]: WB  WC  UC- UC  WB  WC  UC- UC  
[    0.020109] found SMP MP-table at [mem 0x000f5ba0-0x000f5baf]
[    0.023229] check: Scanning 1 areas for low memory corruption
[    0.039478] ACPI: Early table checksum verification disabled
[    0.041691] ACPI: RSDP 0x00000000000F59E0 000014 (v00 BOCHS )
[    0.042068] ACPI: RSDT 0x000000001FFE22F5 000038 (v01 BOCHS  BXPC     00000001 BXPC 00000001)
[    0.042348] ACPI: FACP 0x000000001FFE20E5 0000F4 (v03 BOCHS  BXPC     00000001 BXPC 00000001)
[    0.042485] ACPI: DSDT 0x000000001FFE0040 0020A5 (v01 BOCHS  BXPC     00000001 BXPC 00000001)
[    0.042494] ACPI: FACS 0x000000001FFE0000 000040
[    0.042501] ACPI: APIC 0x000000001FFE21D9 000080 (v01 BOCHS  BXPC     00000001 BXPC 00000001)
[    0.042557] ACPI: HPET 0x000000001FFE2259 000038 (v01 BOCHS  BXPC     00000001 BXPC 00000001)
[    0.042565] ACPI: MCFG 0x000000001FFE2291 00003C (v01 BOCHS  BXPC     00000001 BXPC 00000001)
[    0.042572] ACPI: WAET 0x000000001FFE22CD 000028 (v01 BOCHS  BXPC     00000001 BXPC 00000001)
[    0.042579] ACPI: Reserving FACP table memory at [mem 0x1ffe20e5-0x1ffe21d8]
[    0.042582] ACPI: Reserving DSDT table memory at [mem 0x1ffe0040-0x1ffe20e4]
[    0.042585] ACPI: Reserving FACS table memory at [mem 0x1ffe0000-0x1ffe003f]
[    0.042587] ACPI: Reserving APIC table memory at [mem 0x1ffe21d9-0x1ffe2258]
[    0.042590] ACPI: Reserving HPET table memory at [mem 0x1ffe2259-0x1ffe2290]
[    0.042592] ACPI: Reserving MCFG table memory at [mem 0x1ffe2291-0x1ffe22cc]
[    0.042595] ACPI: Reserving WAET table memory at [mem 0x1ffe22cd-0x1ffe22f4]
[    0.043575] ACPI: Local APIC address 0xfee00000
[    0.048140] No NUMA configuration found
[    0.048147] Faking a node at [mem 0x0000000000000000-0x000000001ffdefff]
[    0.048267] NODE_DATA(0) allocated [mem 0x1ffdb000-0x1ffdefff]
[    0.049641] Zone ranges:
[    0.049751]   DMA      [mem 0x0000000000001000-0x0000000000ffffff]
[    0.049865]   DMA32    [mem 0x0000000001000000-0x000000001ffdefff]
[    0.049871]   Normal   empty
[    0.049912] Movable zone start for each node
[    0.049914] Early memory node ranges
[    0.049917]   node   0: [mem 0x0000000000001000-0x000000000009efff]
[    0.050002]   node   0: [mem 0x0000000000100000-0x000000001ffdefff]
[    0.050059] Initmem setup node 0 [mem 0x0000000000001000-0x000000001ffdefff]
[    0.050105] On node 0 totalpages: 130941
[    0.050236]   DMA zone: 64 pages used for memmap
[    0.050238]   DMA zone: 21 pages reserved
[    0.050287]   DMA zone: 3998 pages, LIFO batch:0
[    0.050290]   DMA32 zone: 1984 pages used for memmap
[    0.050292]   DMA32 zone: 126943 pages, LIFO batch:31
[    0.070721] On node 0, zone DMA: 1 pages in unavailable ranges
[    0.073583] On node 0, zone DMA: 97 pages in unavailable ranges
[    0.302560] On node 0, zone DMA32: 33 pages in unavailable ranges
[    0.306653] ACPI: PM-Timer IO Port: 0x608
[    0.306665] ACPI: Local APIC address 0xfee00000
[    0.306999] ACPI: LAPIC_NMI (acpi_id[0xff] dfl dfl lint[0x1])
[    0.308905] IOAPIC[0]: apic_id 0, version 17, address 0xfec00000, GSI 0-23
[    0.313414] ACPI: INT_SRC_OVR (bus 0 bus_irq 0 global_irq 2 dfl dfl)
[    0.313511] ACPI: INT_SRC_OVR (bus 0 bus_irq 5 global_irq 5 high level)
[    0.313515] ACPI: INT_SRC_OVR (bus 0 bus_irq 9 global_irq 9 high level)
[    0.313825] ACPI: INT_SRC_OVR (bus 0 bus_irq 10 global_irq 10 high level)
[    0.313829] ACPI: INT_SRC_OVR (bus 0 bus_irq 11 global_irq 11 high level)
[    0.313942] ACPI: IRQ0 used by override.
[    0.313946] ACPI: IRQ5 used by override.
[    0.313949] ACPI: IRQ9 used by override.
[    0.313952] ACPI: IRQ10 used by override.
[    0.313955] ACPI: IRQ11 used by override.
[    0.314095] Using ACPI (MADT) for SMP configuration information
[    0.314383] ACPI: HPET id: 0x8086a201 base: 0xfed00000
[    0.315693] smpboot: Allowing 2 CPUs, 0 hotplug CPUs
[    0.319528] PM: hibernation: Registered nosave memory: [mem 0x00000000-0x00000fff]
[    0.319533] PM: hibernation: Registered nosave memory: [mem 0x0009f000-0x0009ffff]
[    0.319535] PM: hibernation: Registered nosave memory: [mem 0x000a0000-0x000effff]
[    0.319538] PM: hibernation: Registered nosave memory: [mem 0x000f0000-0x000fffff]
[    0.319543] [mem 0x20000000-0xafffffff] available for PCI devices
[    0.319625] Booting paravirtualized kernel on KVM
[    0.320571] clocksource: refined-jiffies: mask: 0xffffffff max_cycles: 0xffffffff, max_idle_ns: 1910969940391419 ns
[    0.364712] setup_percpu: NR_CPUS:2 nr_cpumask_bits:2 nr_cpu_ids:2 nr_node_ids:1
[    0.430063] percpu: Embedded 58 pages/cpu s198480 r8192 d30896 u1048576
[    0.430143] pcpu-alloc: s198480 r8192 d30896 u1048576 alloc=1*2097152
[    0.430205] pcpu-alloc: [0] 0 1 
[    0.430753] kvm-guest: stealtime: cpu 0, msr 1f41bb40
[    0.433631] Built 1 zonelists, mobility grouping on.  Total pages: 128872
[    0.433638] Policy zone: DMA32
[    0.433764] Kernel command line: selinux=0 initcall_debug debug console=ttyS0 rcutorture.torture_type=tasks rcutorture.onoff_interval=1000 rcutorture.onoff_holdoff=30 rcutorture.n_barrier_cbs=4 rcutorture.stat_interval=15 rcutorture.shutdown_secs=3600 rcutorture.test_no_idle_hz=1 rcutorture.verbose=1
[    0.449742] Dentry cache hash table entries: 65536 (order: 7, 524288 bytes, linear)
[    0.454456] Inode-cache hash table entries: 32768 (order: 6, 262144 bytes, linear)
[    0.455260] mem auto-init: stack:all(zero), heap alloc:off, heap free:off
[    0.485169] Memory: 466776K/523764K available (16398K kernel code, 2805K rwdata, 4820K rodata, 1500K init, 13284K bss, 56728K reserved, 0K cma-reserved)
[    0.487181] SLUB: HWalign=64, Order=0-3, MinObjects=0, CPUs=2, Nodes=1
[    0.488239] Kernel/User page tables isolation: enabled
[    0.525061] Running RCU self tests
[    0.525535] rcu: Preemptible hierarchical RCU implementation.
[    0.525540] rcu: 	RCU event tracing is enabled.
[    0.525543] rcu: 	RCU lockdep checking is enabled.
[    0.525613] 	Trampoline variant of Tasks RCU enabled.
[    0.525616] 	Rude variant of Tasks RCU enabled.
[    0.525618] 	Tracing variant of Tasks RCU enabled.
[    0.525700] rcu: RCU calculated value of scheduler-enlistment delay is 100 jiffies.
[    0.542197] NR_IRQS: 4352, nr_irqs: 440, preallocated irqs: 16
[    0.546227] calling  con_init+0x0/0x24f @ 0
[    0.669917] Console: colour VGA+ 80x25
[    0.670107] initcall con_init+0x0/0x24f returned 0 after 0 usecs
[    0.670112] calling  hvc_console_init+0x0/0x13 @ 0
[    0.670151] initcall hvc_console_init+0x0/0x13 returned 0 after 0 usecs
[    0.670154] calling  univ8250_console_init+0x0/0x26 @ 0
[    1.661591] printk: console [ttyS0] enabled
[    1.666983] initcall univ8250_console_init+0x0/0x26 returned 0 after 0 usecs
[    1.674972] Lock dependency validator: Copyright (c) 2006 Red Hat, Inc., Ingo Molnar
[    1.683597] ... MAX_LOCKDEP_SUBCLASSES:  8
[    1.688144] ... MAX_LOCK_DEPTH:          48
[    1.692790] ... MAX_LOCKDEP_KEYS:        8192
[    1.697616] ... CLASSHASH_SIZE:          4096
[    1.703699] ... MAX_LOCKDEP_ENTRIES:     32768
[    1.713062] ... MAX_LOCKDEP_CHAINS:      65536
[    1.718102] ... CHAINHASH_SIZE:          32768
[    1.723472]  memory used by lock dependency info: 6365 kB
[    1.730765]  memory used for stack traces: 4224 kB
[    1.737084]  per task-struct memory footprint: 1920 bytes
[    1.748454] ACPI: Core revision 20200925
[    1.756175] clocksource: hpet: mask: 0xffffffff max_cycles: 0xffffffff, max_idle_ns: 19112604467 ns
[    1.771975] APIC: Switch to symmetric I/O mode setup
[    1.799362] ..TIMER: vector=0x30 apic1=0 pin1=2 apic2=-1 pin2=-1
[    1.807431] clocksource: tsc-early: mask: 0xffffffffffffffff max_cycles: 0x39a85afc727, max_idle_ns: 881590685098 ns
[    1.820167] Calibrating delay loop (skipped) preset value.. 3999.99 BogoMIPS (lpj=1999999)
[    1.820870] pid_max: default: 32768 minimum: 301
[    1.823846] LSM: Security Framework initializing
[    1.826328] Mount-cache hash table entries: 1024 (order: 1, 8192 bytes, linear)
[    1.826890] Mountpoint-cache hash table entries: 1024 (order: 1, 8192 bytes, linear)
[    1.852582] Last level iTLB entries: 4KB 0, 2MB 0, 4MB 0
[    1.853852] Last level dTLB entries: 4KB 0, 2MB 0, 4MB 0, 1GB 0
[    1.856364] Spectre V1 : Mitigation: usercopy/swapgs barriers and __user pointer sanitization
[    1.856855] Spectre V2 : Mitigation: Retpolines
[    1.858851] Spectre V2 : Spectre v2 / SpectreRSB mitigation: Filling RSB on context switch
[    1.859852] Spectre V2 : Spectre v2 / SpectreRSB : Filling RSB on VMEXIT
[    1.860853] Speculative Store Bypass: Vulnerable
[    1.862124] MDS: Vulnerable: Clear CPU buffers attempted, no microcode
[    1.862852] MMIO Stale Data: Unknown: No mitigations
[    2.019371] Freeing SMP alternatives memory: 40K
[    2.125570] smpboot: CPU0: Intel Common KVM processor (family: 0xf, model: 0x6, stepping: 0x1)
[    2.128659] calling  init_hw_perf_events+0x0/0x6ce @ 1
[    2.128858] Performance Events: unsupported Netburst CPU model 6 no PMU driver, software events only.
[    2.129861] initcall init_hw_perf_events+0x0/0x6ce returned 0 after 976 usecs
[    2.130860] calling  init_real_mode+0x0/0x1e9 @ 1
[    2.132976] initcall init_real_mode+0x0/0x1e9 returned 0 after 976 usecs
[    2.133870] calling  trace_init_perf_perm_irq_work_exit+0x0/0x12 @ 1
[    2.134878] initcall trace_init_perf_perm_irq_work_exit+0x0/0x12 returned 0 after 0 usecs
[    2.136874] calling  validate_x2apic+0x0/0x4a @ 1
[    2.137888] initcall validate_x2apic+0x0/0x4a returned 0 after 0 usecs
[    2.138860] calling  register_nmi_cpu_backtrace_handler+0x0/0x15 @ 1
[    2.139913] initcall register_nmi_cpu_backtrace_handler+0x0/0x15 returned 0 after 0 usecs
[    2.140866] calling  kvm_setup_vsyscall_timeinfo+0x0/0xd1 @ 1
[    2.141867] initcall kvm_setup_vsyscall_timeinfo+0x0/0xd1 returned 0 after 0 usecs
[    2.142895] calling  spawn_ksoftirqd+0x0/0x38 @ 1
[    2.145203] initcall spawn_ksoftirqd+0x0/0x38 returned 0 after 0 usecs
[    2.146861] calling  migration_init+0x0/0x31 @ 1
[    2.148877] initcall migration_init+0x0/0x31 returned 0 after 0 usecs
[    2.149865] calling  srcu_bootup_announce+0x0/0x2f @ 1
[    2.151855] rcu: Hierarchical SRCU implementation.
[    2.152880] initcall srcu_bootup_announce+0x0/0x2f returned 0 after 976 usecs
[    2.153861] calling  rcu_spawn_gp_kthread+0x0/0x1b0 @ 1
[    2.155089] initcall rcu_spawn_gp_kthread+0x0/0x1b0 returned 0 after 0 usecs
[    2.155861] calling  check_cpu_stall_init+0x0/0x1a @ 1
[    2.156862] initcall check_cpu_stall_init+0x0/0x1a returned 0 after 0 usecs
[    2.157859] calling  rcu_sysrq_init+0x0/0x21 @ 1
[    2.158999] initcall rcu_sysrq_init+0x0/0x21 returned 0 after 0 usecs
[    2.160027] calling  trace_init_flags_sys_enter+0x0/0xe @ 1
[    2.160915] initcall trace_init_flags_sys_enter+0x0/0xe returned 0 after 0 usecs
[    2.161860] calling  trace_init_flags_sys_exit+0x0/0xe @ 1
[    2.162867] initcall trace_init_flags_sys_exit+0x0/0xe returned 0 after 0 usecs
[    2.163861] calling  cpu_stop_init+0x0/0x8d @ 1
[    2.165138] initcall cpu_stop_init+0x0/0x8d returned 0 after 0 usecs
[    2.165861] calling  init_kprobes+0x0/0x16e @ 1
[    2.168033] initcall init_kprobes+0x0/0x16e returned 0 after 976 usecs
[    2.168863] calling  init_events+0x0/0x3d @ 1
[    2.171627] initcall init_events+0x0/0x3d returned 0 after 0 usecs
[    2.171859] calling  init_trace_printk+0x0/0xc @ 1
[    2.172860] initcall init_trace_printk+0x0/0xc returned 0 after 0 usecs
[    2.173857] calling  event_trace_enable_again+0x0/0x23 @ 1
[    2.175856] initcall event_trace_enable_again+0x0/0x23 returned 0 after 0 usecs
[    2.176856] calling  static_call_init+0x0/0x79 @ 1
[    2.177856] initcall static_call_init+0x0/0x79 returned 0 after 0 usecs
[    2.178856] calling  jump_label_init_module+0x0/0xc @ 1
[    2.179857] initcall jump_label_init_module+0x0/0xc returned 0 after 0 usecs
[    2.180873] calling  init_zero_pfn+0x0/0x37 @ 1
[    2.181856] initcall init_zero_pfn+0x0/0x37 returned 0 after 0 usecs
[    2.182856] calling  initialize_ptr_random+0x0/0x54 @ 1
[    2.183962] initcall initialize_ptr_random+0x0/0x54 returned 0 after 0 usecs
[    2.184983] calling  efi_memreserve_root_init+0x0/0x25 @ 1
[    2.185910] initcall efi_memreserve_root_init+0x0/0x25 returned 0 after 0 usecs
[    2.186858] calling  efi_earlycon_remap_fb+0x0/0x51 @ 1
[    2.187856] initcall efi_earlycon_remap_fb+0x0/0x51 returned 0 after 0 usecs
[    2.189930] smp: Bringing up secondary CPUs ...
[    2.192942] x86: Booting SMP configuration:
[    2.193864] .... node  #0, CPUs:      #1
[    1.272738] kvm-clock: cpu 1, msr 1cf25041, secondary cpu clock
[    2.219312] kvm-guest: stealtime: cpu 1, msr 1f51bb40
[    2.234493] smp: Brought up 1 node, 2 CPUs
[    2.234882] smpboot: Max logical packages: 1
[    2.235863] smpboot: Total of 2 processors activated (7999.99 BogoMIPS)
[    2.274090] devtmpfs: initialized
[    2.282376] calling  ipc_ns_init+0x0/0x3d @ 1
[    2.287982] initcall ipc_ns_init+0x0/0x3d returned 0 after 0 usecs
[    2.294859] calling  init_mmap_min_addr+0x0/0x21 @ 1
[    2.299861] initcall init_mmap_min_addr+0x0/0x21 returned 0 after 0 usecs
[    2.308861] calling  pci_realloc_setup_params+0x0/0x3f @ 1
[    2.315890] initcall pci_realloc_setup_params+0x0/0x3f returned 0 after 0 usecs
[    2.323860] calling  net_ns_init+0x0/0x140 @ 1
[    2.332247] initcall net_ns_init+0x0/0x140 returned 0 after 1953 usecs
[    2.332885] calling  e820__register_nvs_regions+0x0/0x37 @ 1
[    2.333861] initcall e820__register_nvs_regions+0x0/0x37 returned 0 after 0 usecs
[    2.334859] calling  cpufreq_register_tsc_scaling+0x0/0x2e @ 1
[    2.336857] initcall cpufreq_register_tsc_scaling+0x0/0x2e returned 0 after 0 usecs
[    2.337860] calling  reboot_init+0x0/0x3c @ 1
[    2.338925] initcall reboot_init+0x0/0x3c returned 0 after 0 usecs
[    2.339863] calling  init_lapic_sysfs+0x0/0x20 @ 1
[    2.340882] initcall init_lapic_sysfs+0x0/0x20 returned 0 after 0 usecs
[    2.341866] calling  alloc_frozen_cpus+0x0/0x7 @ 1
[    2.342861] initcall alloc_frozen_cpus+0x0/0x7 returned 0 after 0 usecs
[    2.343858] calling  cpu_hotplug_pm_sync_init+0x0/0x13 @ 1
[    2.344879] initcall cpu_hotplug_pm_sync_init+0x0/0x13 returned 0 after 0 usecs
[    2.345857] calling  wq_sysfs_init+0x0/0x2a @ 1
[    2.347863] initcall wq_sysfs_init+0x0/0x2a returned 0 after 976 usecs
[    2.348857] calling  ksysfs_init+0x0/0x92 @ 1
[    2.350892] initcall ksysfs_init+0x0/0x92 returned 0 after 976 usecs
[    2.351857] calling  schedutil_gov_init+0x0/0xc @ 1
[    2.353215] initcall schedutil_gov_init+0x0/0xc returned 0 after 0 usecs
[    2.353858] calling  pm_init+0x0/0x76 @ 1
[    2.355245] initcall pm_init+0x0/0x76 returned 0 after 0 usecs
[    2.355855] calling  pm_disk_init+0x0/0x13 @ 1
[    2.356928] initcall pm_disk_init+0x0/0x13 returned 0 after 0 usecs
[    2.357856] calling  swsusp_header_init+0x0/0x2b @ 1
[    2.358859] initcall swsusp_header_init+0x0/0x2b returned 0 after 0 usecs
[    2.359865] calling  rcu_set_runtime_mode+0x0/0x2a @ 1
[    2.363157] initcall rcu_set_runtime_mode+0x0/0x2a returned 0 after 1953 usecs
[    2.363873] calling  init_jiffies_clocksource+0x0/0x13 @ 1
[    2.364860] clocksource: jiffies: mask: 0xffffffff max_cycles: 0xffffffff, max_idle_ns: 1911260446275000 ns
[    2.365868] initcall init_jiffies_clocksource+0x0/0x13 returned 0 after 976 usecs
[    2.366867] calling  futex_init+0x0/0x11b @ 1
[    2.367892] futex hash table entries: 512 (order: 4, 65536 bytes, linear)
[    2.371070] initcall futex_init+0x0/0x11b returned 0 after 2929 usecs
[    2.371859] calling  cgroup_wq_init+0x0/0x28 @ 1
[    2.372945] initcall cgroup_wq_init+0x0/0x28 returned 0 after 0 usecs
[    2.373857] calling  cgroup1_wq_init+0x0/0x28 @ 1
[    2.374885] initcall cgroup1_wq_init+0x0/0x28 returned 0 after 0 usecs
[    2.375857] calling  init_kprobe_trace_early+0x0/0x2a @ 1
[    2.377915] initcall init_kprobe_trace_early+0x0/0x2a returned 0 after 976 usecs
[    2.378860] calling  fsnotify_init+0x0/0x56 @ 1
[    2.379921] initcall fsnotify_init+0x0/0x56 returned 0 after 0 usecs
[    2.380857] calling  filelock_init+0x0/0xb3 @ 1
[    2.381895] initcall filelock_init+0x0/0xb3 returned 0 after 0 usecs
[    2.382856] calling  init_misc_binfmt+0x0/0x2c @ 1
[    2.383930] initcall init_misc_binfmt+0x0/0x2c returned 0 after 0 usecs
[    2.384856] calling  init_script_binfmt+0x0/0x15 @ 1
[    2.385874] initcall init_script_binfmt+0x0/0x15 returned 0 after 0 usecs
[    2.386857] calling  init_elf_binfmt+0x0/0x15 @ 1
[    2.387859] initcall init_elf_binfmt+0x0/0x15 returned 0 after 0 usecs
[    2.388877] calling  init_compat_elf_binfmt+0x0/0x15 @ 1
[    2.389857] initcall init_compat_elf_binfmt+0x0/0x15 returned 0 after 0 usecs
[    2.390854] calling  debugfs_init+0x0/0x5c @ 1
[    2.391867] initcall debugfs_init+0x0/0x5c returned 0 after 0 usecs
[    2.393858] calling  tracefs_init+0x0/0x3a @ 1
[    2.394871] initcall tracefs_init+0x0/0x3a returned 0 after 0 usecs
[    2.395860] calling  prandom_init_early+0x0/0x15d @ 1
[    2.396865] initcall prandom_init_early+0x0/0x15d returned 0 after 0 usecs
[    2.397915] calling  virtio_init+0x0/0x20 @ 1
[    2.399467] initcall virtio_init+0x0/0x20 returned 0 after 0 usecs
[    2.399860] calling  iommu_init+0x0/0x2a @ 1
[    2.401222] initcall iommu_init+0x0/0x2a returned 0 after 0 usecs
[    2.401865] calling  component_debug_init+0x0/0x1c @ 1
[    2.404255] initcall component_debug_init+0x0/0x1c returned 0 after 976 usecs
[    2.404862] calling  early_resume_init+0x0/0xb9 @ 1
[    2.406853] PM: RTC time: 23:01:24, date: 2022-12-13
[    2.407863] initcall early_resume_init+0x0/0xb9 returned 0 after 1953 usecs
[    2.408860] calling  cpufreq_core_init+0x0/0x62 @ 1
[    2.409876] initcall cpufreq_core_init+0x0/0x62 returned 0 after 0 usecs
[    2.410860] calling  cpufreq_gov_performance_init+0x0/0xc @ 1
[    2.411865] initcall cpufreq_gov_performance_init+0x0/0xc returned 0 after 0 usecs
[    2.413857] calling  cpufreq_gov_userspace_init+0x0/0xc @ 1
[    2.414866] initcall cpufreq_gov_userspace_init+0x0/0xc returned 0 after 0 usecs
[    2.415862] calling  CPU_FREQ_GOV_ONDEMAND_init+0x0/0xc @ 1
[    2.416921] initcall CPU_FREQ_GOV_ONDEMAND_init+0x0/0xc returned 0 after 0 usecs
[    2.417861] calling  cpuidle_init+0x0/0x1f @ 1
[    2.418959] initcall cpuidle_init+0x0/0x1f returned 0 after 0 usecs
[    2.419861] calling  capsule_reboot_register+0x0/0xc @ 1
[    2.421010] initcall capsule_reboot_register+0x0/0xc returned 0 after 0 usecs
[    2.421862] calling  sock_init+0x0/0x93 @ 1
[    2.428971] initcall sock_init+0x0/0x93 returned 0 after 5859 usecs
[    2.429859] calling  net_inuse_init+0x0/0x23 @ 1
[    2.430996] initcall net_inuse_init+0x0/0x23 returned 0 after 0 usecs
[    2.431857] calling  net_defaults_init+0x0/0x23 @ 1
[    2.432858] initcall net_defaults_init+0x0/0x23 returned 0 after 0 usecs
[    2.433856] calling  init_default_flow_dissectors+0x0/0x4f @ 1
[    2.435893] initcall init_default_flow_dissectors+0x0/0x4f returned 0 after 976 usecs
[    2.436857] calling  netpoll_init+0x0/0x44 @ 1
[    2.437862] initcall netpoll_init+0x0/0x44 returned 0 after 0 usecs
[    2.438863] calling  netlink_proto_init+0x0/0x154 @ 1
[    2.441564] NET: Registered protocol family 16
[    2.442080] initcall netlink_proto_init+0x0/0x154 returned 0 after 1953 usecs
[    2.442858] calling  genl_init+0x0/0x35 @ 1
[    2.443928] initcall genl_init+0x0/0x35 returned 0 after 0 usecs
[    2.444917] calling  bsp_pm_check_init+0x0/0x13 @ 1
[    2.445860] initcall bsp_pm_check_init+0x0/0x13 returned 0 after 0 usecs
[    2.446875] calling  irq_sysfs_init+0x0/0xb9 @ 1
[    2.448242] initcall irq_sysfs_init+0x0/0xb9 returned 0 after 0 usecs
[    2.448865] calling  audit_init+0x0/0x127 @ 1
[    2.449868] audit: initializing netlink subsys (disabled)
[    2.452164] initcall audit_init+0x0/0x127 returned 0 after 1953 usecs
[    2.452854] audit: type=2000 audit(1670972483.010:1): state=initialized audit_enabled=0 res=1
[    2.453863] calling  release_early_probes+0x0/0x32 @ 1
[    2.461864] initcall release_early_probes+0x0/0x32 returned 0 after 0 usecs
[    2.470859] calling  bdi_class_init+0x0/0x48 @ 1
[    2.475941] initcall bdi_class_init+0x0/0x48 returned 0 after 0 usecs
[    2.484872] calling  mm_sysfs_init+0x0/0x28 @ 1
[    2.491872] initcall mm_sysfs_init+0x0/0x28 returned 0 after 0 usecs
[    2.499860] calling  init_per_zone_wmark_min+0x0/0x6d @ 1
[    2.506890] initcall init_per_zone_wmark_min+0x0/0x6d returned 0 after 0 usecs
[    2.515867] calling  mpi_init+0x0/0x3e @ 1
[    2.521857] initcall mpi_init+0x0/0x3e returned 0 after 0 usecs
[    2.530861] calling  kobject_uevent_init+0x0/0xc @ 1
[    2.537020] initcall kobject_uevent_init+0x0/0xc returned 0 after 976 usecs
[    2.545860] calling  pcibus_class_init+0x0/0x13 @ 1
[    2.553883] initcall pcibus_class_init+0x0/0x13 returned 0 after 0 usecs
[    2.560860] calling  pci_driver_init+0x0/0x21 @ 1
[    2.569478] initcall pci_driver_init+0x0/0x21 returned 0 after 976 usecs
[    2.577875] calling  backlight_class_init+0x0/0xa8 @ 1
[    2.583923] initcall backlight_class_init+0x0/0xa8 returned 0 after 0 usecs
[    2.592858] calling  tty_class_init+0x0/0x33 @ 1
[    2.598887] initcall tty_class_init+0x0/0x33 returned 0 after 0 usecs
[    2.605859] calling  vtconsole_class_init+0x0/0xb5 @ 1
[    2.612924] initcall vtconsole_class_init+0x0/0xb5 returned 0 after 0 usecs
[    2.620858] calling  iommu_dev_init+0x0/0x13 @ 1
[    2.626933] initcall iommu_dev_init+0x0/0x13 returned 0 after 0 usecs
[    2.634857] calling  mipi_dsi_bus_init+0x0/0xc @ 1
[    2.640980] initcall mipi_dsi_bus_init+0x0/0xc returned 0 after 0 usecs
[    2.648908] calling  devlink_class_init+0x0/0x40 @ 1
[    2.654901] initcall devlink_class_init+0x0/0x40 returned 0 after 0 usecs
[    2.663857] calling  software_node_init+0x0/0x2a @ 1
[    2.669868] initcall software_node_init+0x0/0x2a returned 0 after 0 usecs
[    2.677857] calling  wakeup_sources_debugfs_init+0x0/0x23 @ 1
[    2.685021] initcall wakeup_sources_debugfs_init+0x0/0x23 returned 0 after 0 usecs
[    2.693859] calling  wakeup_sources_sysfs_init+0x0/0x2c @ 1
[    2.700881] initcall wakeup_sources_sysfs_init+0x0/0x2c returned 0 after 0 usecs
[    2.710861] calling  register_node_type+0x0/0x13 @ 1
[    2.718059] initcall register_node_type+0x0/0x13 returned 0 after 0 usecs
[    2.725860] calling  regmap_initcall+0x0/0xc @ 1
[    2.732022] initcall regmap_initcall+0x0/0xc returned 0 after 0 usecs
[    2.739925] calling  i2c_init+0x0/0xb3 @ 1
[    2.745169] initcall i2c_init+0x0/0xb3 returned 0 after 0 usecs
[    2.753870] calling  thermal_init+0x0/0x116 @ 1
[    2.760404] thermal_sys: Registered thermal governor 'step_wise'
[    2.760858] thermal_sys: Registered thermal governor 'user_space'
[    2.768948] initcall thermal_init+0x0/0x116 returned 0 after 8789 usecs
[    2.784871] calling  init_menu+0x0/0xc @ 1
[    2.790862] cpuidle: using governor menu
[    2.795861] initcall init_menu+0x0/0xc returned 0 after 5859 usecs
[    2.803862] calling  pcc_init+0x0/0x4d @ 1
[    2.808075] initcall pcc_init+0x0/0x4d returned -19 after 0 usecs
[    2.816906] calling  amd_postcore_init+0x0/0x11e @ 1
[    2.822862] initcall amd_postcore_init+0x0/0x11e returned 0 after 0 usecs
[    2.830900] calling  bts_init+0x0/0xba @ 1
[    2.835864] initcall bts_init+0x0/0xba returned -19 after 0 usecs
[    2.843861] calling  pt_init+0x0/0x34d @ 1
[    2.848869] initcall pt_init+0x0/0x34d returned -19 after 0 usecs
[    2.856861] calling  boot_params_ksysfs_init+0x0/0x2ee @ 1
[    2.864111] initcall boot_params_ksysfs_init+0x0/0x2ee returned 0 after 0 usecs
[    2.872861] calling  sbf_init+0x0/0xea @ 1
[    2.877860] initcall sbf_init+0x0/0xea returned 0 after 0 usecs
[    2.885858] calling  arch_kdebugfs_init+0x0/0x219 @ 1
[    2.893050] initcall arch_kdebugfs_init+0x0/0x219 returned 0 after 0 usecs
[    2.900859] calling  intel_pconfig_init+0x0/0x85 @ 1
[    2.906861] initcall intel_pconfig_init+0x0/0x85 returned 0 after 0 usecs
[    2.914867] calling  mtrr_if_init+0x0/0x5d @ 1
[    2.919866] initcall mtrr_if_init+0x0/0x5d returned 0 after 0 usecs
[    2.927856] calling  activate_jump_labels+0x0/0x31 @ 1
[    2.933856] initcall activate_jump_labels+0x0/0x31 returned 0 after 0 usecs
[    2.941857] calling  ffh_cstate_init+0x0/0x29 @ 1
[    2.947864] initcall ffh_cstate_init+0x0/0x29 returned 0 after 0 usecs
[    2.954857] calling  activate_jump_labels+0x0/0x31 @ 1
[    2.962080] initcall activate_jump_labels+0x0/0x31 returned 0 after 976 usecs
[    2.970859] calling  kvm_alloc_cpumask+0x0/0x74 @ 1
[    2.975906] initcall kvm_alloc_cpumask+0x0/0x74 returned 0 after 976 usecs
[    2.984865] calling  kcmp_cookies_init+0x0/0x37 @ 1
[    2.990872] initcall kcmp_cookies_init+0x0/0x37 returned 0 after 0 usecs
[    2.998860] calling  cryptomgr_init+0x0/0xc @ 1
[    3.003989] initcall cryptomgr_init+0x0/0xc returned 0 after 0 usecs
[    3.011859] calling  acpi_pci_init+0x0/0x57 @ 1
[    3.018902] ACPI: bus type PCI registered
[    3.023861] initcall acpi_pci_init+0x0/0x57 returned 0 after 4882 usecs
[    3.031859] calling  dma_channel_table_init+0x0/0xd1 @ 1
[    3.037876] initcall dma_channel_table_init+0x0/0xd1 returned 0 after 0 usecs
[    3.046856] calling  dma_bus_init+0x0/0xdc @ 1
[    3.052020] initcall dma_bus_init+0x0/0xdc returned 0 after 0 usecs
[    3.060001] calling  iommu_dma_init+0x0/0x10 @ 1
[    3.065035] initcall iommu_dma_init+0x0/0x10 returned 0 after 0 usecs
[    3.072858] calling  dmi_id_init+0x0/0x37c @ 1
[    3.078107] initcall dmi_id_init+0x0/0x37c returned 0 after 976 usecs
[    3.085860] calling  pci_arch_init+0x0/0x71 @ 1
[    3.092495] PCI: MMCONFIG for domain 0000 [bus 00-ff] at [mem 0xb0000000-0xbfffffff] (base 0xb0000000)
[    3.103867] PCI: MMCONFIG at [mem 0xb0000000-0xbfffffff] reserved in E820
[    3.113855] PCI: Using configuration type 1 for base access
[    3.121926] initcall pci_arch_init+0x0/0x71 returned 0 after 29296 usecs
[    3.131889] calling  init_vdso+0x0/0x13 @ 1
[    3.136899] initcall init_vdso+0x0/0x13 returned 0 after 976 usecs
[    3.144863] calling  sysenter_setup+0x0/0x13 @ 1
[    3.149917] initcall sysenter_setup+0x0/0x13 returned 0 after 0 usecs
[    3.157857] calling  fixup_ht_bug+0x0/0xe5 @ 1
[    3.162855] initcall fixup_ht_bug+0x0/0xe5 returned 0 after 0 usecs
[    3.169856] calling  topology_init+0x0/0x88 @ 1
[    3.176211] initcall topology_init+0x0/0x88 returned 0 after 0 usecs
[    3.183859] calling  intel_epb_init+0x0/0x68 @ 1
[    3.188867] initcall intel_epb_init+0x0/0x68 returned -19 after 0 usecs
[    3.196858] calling  mtrr_init_finialize+0x0/0x3e @ 1
[    3.202864] initcall mtrr_init_finialize+0x0/0x3e returned 0 after 0 usecs
[    3.210857] calling  uid_cache_init+0x0/0x85 @ 1
[    3.216938] initcall uid_cache_init+0x0/0x85 returned 0 after 0 usecs
[    3.223857] calling  param_sysfs_init+0x0/0x1ba @ 1
[    3.244364] initcall param_sysfs_init+0x0/0x1ba returned 0 after 13671 usecs
[    3.252871] calling  user_namespace_sysctl_init+0x0/0x33 @ 1
[    3.258874] initcall user_namespace_sysctl_init+0x0/0x33 returned 0 after 976 usecs
[    3.268855] calling  proc_schedstat_init+0x0/0x24 @ 1
[    3.273864] initcall proc_schedstat_init+0x0/0x24 returned 0 after 0 usecs
[    3.282857] calling  pm_sysrq_init+0x0/0x18 @ 1
[    3.288111] initcall pm_sysrq_init+0x0/0x18 returned 0 after 0 usecs
[    3.296072] calling  create_proc_profile+0x0/0xd0 @ 1
[    3.301856] initcall create_proc_profile+0x0/0xd0 returned 0 after 0 usecs
[    3.309853] calling  time_ns_init+0x0/0x7 @ 1
[    3.314856] initcall time_ns_init+0x0/0x7 returned 0 after 0 usecs
[    3.321863] calling  crash_save_vmcoreinfo_init+0x0/0x722 @ 1
[    3.328988] initcall crash_save_vmcoreinfo_init+0x0/0x722 returned 0 after 0 usecs
[    3.337857] calling  crash_notes_memory_init+0x0/0x35 @ 1
[    3.343863] initcall crash_notes_memory_init+0x0/0x35 returned 0 after 0 usecs
[    3.352863] calling  cgroup_sysfs_init+0x0/0x13 @ 1
[    3.357908] initcall cgroup_sysfs_init+0x0/0x13 returned 0 after 976 usecs
[    3.366856] calling  cgroup_namespaces_init+0x0/0x7 @ 1
[    3.372855] initcall cgroup_namespaces_init+0x0/0x7 returned 0 after 0 usecs
[    3.380857] calling  init_optprobes+0x0/0x13 @ 1
[    3.385943] Kprobes globally optimized
[    3.389858] initcall init_optprobes+0x0/0x13 returned 0 after 3906 usecs
[    3.396857] calling  oom_init+0x0/0x2f @ 1
[    3.403177] initcall oom_init+0x0/0x2f returned 0 after 976 usecs
[    3.404859] calling  default_bdi_init+0x0/0xb3 @ 1
[    3.412020] initcall default_bdi_init+0x0/0xb3 returned 0 after 5859 usecs
[    3.421862] calling  percpu_enable_async+0x0/0xe @ 1
[    3.429860] initcall percpu_enable_async+0x0/0xe returned 0 after 0 usecs
[    3.439860] calling  kcompactd_init+0x0/0x8d @ 1
[    3.447863] initcall kcompactd_init+0x0/0x8d returned 0 after 1953 usecs
[    3.448927] calling  init_user_reserve+0x0/0x40 @ 1
[    3.449860] initcall init_user_reserve+0x0/0x40 returned 0 after 0 usecs
[    3.450858] calling  init_admin_reserve+0x0/0x40 @ 1
[    3.451862] initcall init_admin_reserve+0x0/0x40 returned 0 after 0 usecs
[    3.452867] calling  init_reserve_notifier+0x0/0x7 @ 1
[    3.453865] initcall init_reserve_notifier+0x0/0x7 returned 0 after 0 usecs
[    3.454868] calling  swap_init_sysfs+0x0/0x62 @ 1
[    3.455889] initcall swap_init_sysfs+0x0/0x62 returned 0 after 0 usecs
[    3.456869] calling  swapfile_init+0x0/0x94 @ 1
[    3.457996] initcall swapfile_init+0x0/0x94 returned 0 after 0 usecs
[    3.458868] calling  hugetlb_init+0x0/0x49c @ 1
[    3.459892] HugeTLB registered 2.00 MiB page size, pre-allocated 0 pages
[    3.461010] initcall hugetlb_init+0x0/0x49c returned 0 after 976 usecs
[    3.461864] calling  io_wq_init+0x0/0x34 @ 1
[    3.462866] initcall io_wq_init+0x0/0x34 returned 0 after 0 usecs
[    3.463870] calling  seqiv_module_init+0x0/0xc @ 1
[    3.465857] initcall seqiv_module_init+0x0/0xc returned 0 after 976 usecs
[    3.466860] calling  echainiv_module_init+0x0/0xc @ 1
[    3.467865] initcall echainiv_module_init+0x0/0xc returned 0 after 0 usecs
[    3.469494] calling  rsa_init+0x0/0x50 @ 1
[    3.478887] initcall rsa_init+0x0/0x50 returned 0 after 7812 usecs
[    3.480172] cryptomgr_test (29) used greatest stack depth: 14864 bytes left
[    3.481381] calling  crypto_cmac_module_init+0x0/0xc @ 1
[    3.488880] initcall crypto_cmac_module_init+0x0/0xc returned 0 after 0 usecs
[    3.497861] calling  hmac_module_init+0x0/0xc @ 1
[    3.503869] initcall hmac_module_init+0x0/0xc returned 0 after 0 usecs
[    3.511874] calling  crypto_null_mod_init+0x0/0x65 @ 1
[    3.532871] initcall crypto_null_mod_init+0x0/0x65 returned 0 after 13671 usecs
[    3.533883] calling  md5_mod_init+0x0/0xc @ 1
[    3.541191] initcall md5_mod_init+0x0/0xc returned 0 after 5859 usecs
[    3.541875] calling  sha256_generic_mod_init+0x0/0x11 @ 1
[    3.552929] initcall sha256_generic_mod_init+0x0/0x11 returned 0 after 9765 usecs
[    3.554871] calling  crypto_cbc_module_init+0x0/0xc @ 1
[    3.555863] initcall crypto_cbc_module_init+0x0/0xc returned 0 after 0 usecs
[    3.556861] calling  crypto_ctr_module_init+0x0/0x11 @ 1
[    3.557865] initcall crypto_ctr_module_init+0x0/0x11 returned 0 after 0 usecs
[    3.558862] calling  crypto_gcm_module_init+0x0/0x64 @ 1
[    3.561861] initcall crypto_gcm_module_init+0x0/0x64 returned 0 after 1953 usecs
[    3.562868] calling  crypto_ccm_module_init+0x0/0x11 @ 1
[    3.569846] initcall crypto_ccm_module_init+0x0/0x11 returned 0 after 2929 usecs
[    3.573579] calling  aes_init+0x0/0xc @ 1
[    3.600862] initcall aes_init+0x0/0xc returned 0 after 25390 usecs
[    3.607875] calling  crc32c_mod_init+0x0/0xc @ 1
[    3.618926] initcall crc32c_mod_init+0x0/0xc returned 0 after 7812 usecs
[    3.619872] calling  crypto_authenc_module_init+0x0/0xc @ 1
[    3.620864] initcall crypto_authenc_module_init+0x0/0xc returned 0 after 0 usecs
[    3.621860] calling  crypto_authenc_esn_module_init+0x0/0xc @ 1
[    3.623186] initcall crypto_authenc_esn_module_init+0x0/0xc returned 0 after 0 usecs
[    3.623861] calling  drbg_init+0x0/0x7c @ 1
[    3.685953] initcall drbg_init+0x0/0x7c returned 0 after 59570 usecs
[    3.687861] calling  ghash_mod_init+0x0/0xc @ 1
[    3.692881] initcall ghash_mod_init+0x0/0xc returned 0 after 3906 usecs
[    3.700867] calling  init_bio+0x0/0x9a @ 1
[    3.712683] initcall init_bio+0x0/0x9a returned 0 after 7812 usecs
[    3.719864] calling  blk_settings_init+0x0/0x29 @ 1
[    3.725007] initcall blk_settings_init+0x0/0x29 returned 0 after 0 usecs
[    3.731863] calling  blk_ioc_init+0x0/0x29 @ 1
[    3.736860] initcall blk_ioc_init+0x0/0x29 returned 0 after 0 usecs
[    3.742861] calling  blk_mq_init+0x0/0xb9 @ 1
[    3.747988] initcall blk_mq_init+0x0/0xb9 returned 0 after 1953 usecs
[    3.756863] calling  genhd_device_init+0x0/0x75 @ 1
[    3.777263] initcall genhd_device_init+0x0/0x75 returned 0 after 15625 usecs
[    3.778846] calling  pci_slot_init+0x0/0x40 @ 1
[    3.782856] initcall pci_slot_init+0x0/0x40 returned 0 after 2929 usecs
[    3.783957] calling  fbmem_init+0x0/0xd8 @ 1
[    3.796443] initcall fbmem_init+0x0/0xd8 returned 0 after 10742 usecs
[    3.796860] calling  acpi_init+0x0/0x319 @ 1
[    3.800372] ACPI: Added _OSI(Module Device)
[    3.800859] ACPI: Added _OSI(Processor Device)
[    3.801858] ACPI: Added _OSI(3.0 _SCP Extensions)
[    3.802857] ACPI: Added _OSI(Processor Aggregator Device)
[    3.804062] ACPI: Added _OSI(Linux-Dell-Video)
[    3.804858] ACPI: Added _OSI(Linux-Lenovo-NV-HDMI-Audio)
[    3.805858] ACPI: Added _OSI(Linux-HPI-Hybrid-Graphics)
[    3.828339] ACPI: 1 ACPI AML tables successfully acquired and loaded
[    3.844852] ACPI: Interpreter enabled
[    3.848114] ACPI: (supports S0 S3 S4 S5)
[    3.849151] ACPI: Using IOAPIC for interrupt routing
[    3.851202] PCI: Using host bridge windows from ACPI; if necessary, use "pci=nocrs" and report a bug
[    3.854846] ACPI: Enabled 2 GPEs in block 00 to 3F
[    3.884984] ACPI: PCI Root Bridge [PCI0] (domain 0000 [bus 00-ff])
[    3.886508] acpi PNP0A08:00: _OSC: OS supports [ExtendedConfig ASPM ClockPM Segments MSI HPX-Type3]
[    3.887846] acpi PNP0A08:00: _OSC: platform does not support [LTR]
[    3.889144] acpi PNP0A08:00: _OSC: OS now controls [PME PCIeCapability]
[    3.893851] PCI host bridge to bus 0000:00
[    3.894998] pci_bus 0000:00: root bus resource [io  0x0000-0x0cf7 window]
[    3.896100] pci_bus 0000:00: root bus resource [io  0x0d00-0xffff window]
[    3.896858] pci_bus 0000:00: root bus resource [mem 0x000a0000-0x000bffff window]
[    3.897860] pci_bus 0000:00: root bus resource [mem 0x20000000-0xafffffff window]
[    3.898862] pci_bus 0000:00: root bus resource [mem 0xc0000000-0xfebfffff window]
[    3.899861] pci_bus 0000:00: root bus resource [mem 0x100000000-0x8ffffffff window]
[    3.900862] pci_bus 0000:00: root bus resource [bus 00-ff]
[    3.905127] pci 0000:00:00.0: calling  quirk_mmio_always_on+0x0/0x10 @ 1
[    3.906858] pci 0000:00:00.0: quirk_mmio_always_on+0x0/0x10 took 0 usecs
[    3.907961] pci 0000:00:00.0: [8086:29c0] type 00 class 0x060000
[    3.912781] pci 0000:00:00.0: calling  quirk_igfx_skip_te_disable+0x0/0x80 @ 1
[    3.913922] pci 0000:00:00.0: quirk_igfx_skip_te_disable+0x0/0x80 took 0 usecs
[    3.919639] pci 0000:00:01.0: [1234:1111] type 00 class 0x030000
[    3.929846] pci 0000:00:01.0: reg 0x10: [mem 0xfd000000-0xfdffffff pref]
[    3.949846] pci 0000:00:01.0: reg 0x18: [mem 0xfebf0000-0xfebf0fff]
[    3.977846] pci 0000:00:01.0: reg 0x30: [mem 0xfebe0000-0xfebeffff pref]
[    3.985846] pci 0000:00:01.0: calling  efifb_fixup_resources+0x0/0xf0 @ 1
[    3.986907] pci 0000:00:01.0: efifb_fixup_resources+0x0/0xf0 took 0 usecs
[    4.028630] pci 0000:00:1f.0: [8086:2918] type 00 class 0x060100
[    4.034715] pci 0000:00:1f.0: calling  quirk_ich7_lpc+0x0/0x60 @ 1
[    4.035995] pci 0000:00:1f.0: quirk: [io  0x0600-0x067f] claimed by ICH6 ACPI/GPIO/TCO
[    4.037375] pci 0000:00:1f.0: quirk_ich7_lpc+0x0/0x60 took 1953 usecs
[    4.038846] pci 0000:00:1f.0: calling  quirk_igfx_skip_te_disable+0x0/0x80 @ 1
[    4.040443] pci 0000:00:1f.0: quirk_igfx_skip_te_disable+0x0/0x80 took 0 usecs
[    4.047055] pci 0000:00:1f.2: [8086:2922] type 00 class 0x010601
[    4.061857] pci 0000:00:1f.2: reg 0x20: [io  0xc040-0xc05f]
[    4.064600] pci 0000:00:1f.2: reg 0x24: [mem 0xfebf1000-0xfebf1fff]
[    4.067055] pci 0000:00:1f.2: calling  quirk_igfx_skip_te_disable+0x0/0x80 @ 1
[    4.067866] pci 0000:00:1f.2: quirk_igfx_skip_te_disable+0x0/0x80 took 0 usecs
[    4.074138] pci 0000:00:1f.3: [8086:2930] type 00 class 0x0c0500
[    4.081865] pci 0000:00:1f.3: reg 0x20: [io  0x0700-0x073f]
[    4.085962] pci 0000:00:1f.3: calling  quirk_igfx_skip_te_disable+0x0/0x80 @ 1
[    4.086864] pci 0000:00:1f.3: quirk_igfx_skip_te_disable+0x0/0x80 took 0 usecs
[    4.118846] ACPI: PCI Interrupt Link [LNKA] (IRQs 5 *10 11)
[    4.121594] ACPI: PCI Interrupt Link [LNKB] (IRQs 5 *10 11)
[    4.123514] ACPI: PCI Interrupt Link [LNKC] (IRQs 5 10 *11)
[    4.125199] ACPI: PCI Interrupt Link [LNKD] (IRQs 5 10 *11)
[    4.126447] ACPI: PCI Interrupt Link [LNKE] (IRQs 5 *10 11)
[    4.128008] ACPI: PCI Interrupt Link [LNKF] (IRQs 5 *10 11)
[    4.130328] ACPI: PCI Interrupt Link [LNKG] (IRQs 5 10 *11)
[    4.131416] ACPI: PCI Interrupt Link [LNKH] (IRQs 5 10 *11)
[    4.132884] ACPI: PCI Interrupt Link [GSIA] (IRQs *16)
[    4.133922] ACPI: PCI Interrupt Link [GSIB] (IRQs *17)
[    4.135019] ACPI: PCI Interrupt Link [GSIC] (IRQs *18)
[    4.135945] ACPI: PCI Interrupt Link [GSID] (IRQs *19)
[    4.137030] ACPI: PCI Interrupt Link [GSIE] (IRQs *20)
[    4.137939] ACPI: PCI Interrupt Link [GSIF] (IRQs *21)
[    4.138954] ACPI: PCI Interrupt Link [GSIG] (IRQs *22)
[    4.139988] ACPI: PCI Interrupt Link [GSIH] (IRQs *23)
[    4.145657] initcall acpi_init+0x0/0x319 returned 0 after 338867 usecs
[    4.146913] calling  pnp_init+0x0/0xc @ 1
[    4.148909] initcall pnp_init+0x0/0xc returned 0 after 976 usecs
[    4.149857] calling  misc_init+0x0/0xbf @ 1
[    4.152080] initcall misc_init+0x0/0xbf returned 0 after 976 usecs
[    4.152857] calling  iommu_subsys_init+0x0/0x4e @ 1
[    4.154260] iommu: Default domain type: Translated 
[    4.155859] initcall iommu_subsys_init+0x0/0x4e returned 0 after 1953 usecs
[    4.156859] calling  vga_arb_device_init+0x0/0x261 @ 1
[    4.164096] pci 0000:00:01.0: vgaarb: setting as boot VGA device
[    4.164846] pci 0000:00:01.0: vgaarb: VGA device added: decodes=io+mem,owns=io+mem,locks=none
[    4.164861] pci 0000:00:01.0: vgaarb: bridge control possible
[    4.165859] vgaarb: loaded
[    4.166861] initcall vga_arb_device_init+0x0/0x261 returned 0 after 8789 usecs
[    4.168846] calling  cn_init+0x0/0xf0 @ 1
[    4.178386] initcall cn_init+0x0/0xf0 returned 0 after 7812 usecs
[    4.178860] calling  dma_buf_init+0x0/0xad @ 1
[    4.185865] initcall dma_buf_init+0x0/0xad returned 0 after 5859 usecs
[    4.186861] calling  dma_resv_lockdep+0x0/0x281 @ 1
[    4.195006] initcall dma_resv_lockdep+0x0/0x281 returned 0 after 6835 usecs
[    4.195858] calling  init_scsi+0x0/0x79 @ 1
[    4.204864] SCSI subsystem initialized
[    4.205862] initcall init_scsi+0x0/0x79 returned 0 after 8789 usecs
[    4.206868] calling  ata_init+0x0/0x332 @ 1
[    4.233846] libata version 3.00 loaded.
[    4.238866] initcall ata_init+0x0/0x332 returned 0 after 30273 usecs
[    4.245865] calling  phy_init+0x0/0x250 @ 1
[    4.253861] initcall phy_init+0x0/0x250 returned 0 after 3906 usecs
[    4.261008] calling  init_pcmcia_cs+0x0/0x35 @ 1
[    4.266269] initcall init_pcmcia_cs+0x0/0x35 returned 0 after 1953 usecs
[    4.271871] calling  usb_common_init+0x0/0x1c @ 1
[    4.274236] initcall usb_common_init+0x0/0x1c returned 0 after 0 usecs
[    4.280871] calling  usb_init+0x0/0x12e @ 1
[    4.283846] ACPI: bus type USB registered
[    4.292310] usbcore: registered new interface driver usbfs
[    4.300165] usbcore: registered new interface driver hub
[    4.303865] usbcore: registered new device driver usb
[    4.307864] initcall usb_init+0x0/0x12e returned 0 after 24414 usecs
[    4.311861] calling  serio_init+0x0/0x29 @ 1
[    4.318350] initcall serio_init+0x0/0x29 returned 0 after 0 usecs
[    4.323863] calling  input_init+0x0/0xf6 @ 1
[    4.327145] initcall input_init+0x0/0xf6 returned 0 after 0 usecs
[    4.335866] calling  rtc_init+0x0/0x4d @ 1
[    4.338888] initcall rtc_init+0x0/0x4d returned 0 after 0 usecs
[    4.343858] calling  pps_init+0x0/0xa9 @ 1
[    4.348253] pps_core: LinuxPPS API ver. 1 registered
[    4.350854] pps_core: Software ver. 5.3.6 - Copyright 2005-2007 Rodolfo Giometti <giometti@linux.it>
[    4.358860] initcall pps_init+0x0/0xa9 returned 0 after 10742 usecs
[    4.364863] calling  ptp_init+0x0/0x98 @ 1
[    4.366889] PTP clock support registered
[    4.368858] initcall ptp_init+0x0/0x98 returned 0 after 1953 usecs
[    4.373858] calling  power_supply_class_init+0x0/0x3f @ 1
[    4.380860] initcall power_supply_class_init+0x0/0x3f returned 0 after 2929 usecs
[    4.387858] calling  hwmon_init+0x0/0x104 @ 1
[    4.391886] initcall hwmon_init+0x0/0x104 returned 0 after 0 usecs
[    4.391886] calling  md_init+0x0/0x16b @ 1
[    4.402863] initcall md_init+0x0/0x16b returned 0 after 8789 usecs
[    4.403861] calling  leds_init+0x0/0x3b @ 1
[    4.405222] initcall leds_init+0x0/0x3b returned 0 after 0 usecs
[    4.405857] calling  dmi_init+0x0/0x113 @ 1
[    4.407933] initcall dmi_init+0x0/0x113 returned 0 after 976 usecs
[    4.408858] calling  efisubsys_init+0x0/0x4e7 @ 1
[    4.409898] initcall efisubsys_init+0x0/0x4e7 returned 0 after 0 usecs
[    4.410858] calling  nvmem_init+0x0/0xc @ 1
[    4.411947] initcall nvmem_init+0x0/0xc returned 0 after 0 usecs
[    4.412859] calling  init_soundcore+0x0/0x33 @ 1
[    4.414053] initcall init_soundcore+0x0/0x33 returned 0 after 0 usecs
[    4.414859] calling  alsa_sound_init+0x0/0x8f @ 1
[    4.416561] Advanced Linux Sound Architecture Driver Initialized.
[    4.416862] initcall alsa_sound_init+0x0/0x8f returned 0 after 976 usecs
[    4.418859] calling  alsa_seq_device_init+0x0/0x71 @ 1
[    4.419949] initcall alsa_seq_device_init+0x0/0x71 returned 0 after 0 usecs
[    4.420860] calling  hda_bus_init+0x0/0xc @ 1
[    4.421962] initcall hda_bus_init+0x0/0xc returned 0 after 0 usecs
[    4.422857] calling  proto_init+0x0/0xc @ 1
[    4.423997] initcall proto_init+0x0/0xc returned 0 after 0 usecs
[    4.424857] calling  net_dev_init+0x0/0x27f @ 1
[    4.431265] initcall net_dev_init+0x0/0x27f returned 0 after 4882 usecs
[    4.431861] calling  neigh_init+0x0/0x84 @ 1
[    4.432939] initcall neigh_init+0x0/0x84 returned 0 after 0 usecs
[    4.433856] calling  fib_notifier_init+0x0/0xc @ 1
[    4.434923] initcall fib_notifier_init+0x0/0xc returned 0 after 0 usecs
[    4.436855] calling  fib_rules_init+0x0/0xab @ 1
[    4.437926] initcall fib_rules_init+0x0/0xab returned 0 after 0 usecs
[    4.438859] calling  pktsched_init+0x0/0x10e @ 1
[    4.440943] initcall pktsched_init+0x0/0x10e returned 0 after 976 usecs
[    4.441862] calling  tc_filter_init+0x0/0xfa @ 1
[    4.443095] initcall tc_filter_init+0x0/0xfa returned 0 after 0 usecs
[    4.444859] calling  tc_action_init+0x0/0x54 @ 1
[    4.445862] initcall tc_action_init+0x0/0x54 returned 0 after 0 usecs
[    4.446857] calling  ethnl_init+0x0/0x52 @ 1
[    4.448068] initcall ethnl_init+0x0/0x52 returned 0 after 0 usecs
[    4.448886] calling  nexthop_init+0x0/0xd8 @ 1
[    4.449994] initcall nexthop_init+0x0/0xd8 returned 0 after 0 usecs
[    4.450858] calling  cipso_v4_init+0x0/0x8d @ 1
[    4.452859] initcall cipso_v4_init+0x0/0x8d returned 0 after 976 usecs
[    4.453859] calling  ieee80211_init+0x0/0x24 @ 1
[    4.455249] initcall ieee80211_init+0x0/0x24 returned 0 after 0 usecs
[    4.455858] calling  netlbl_init+0x0/0x78 @ 1
[    4.456876] NetLabel: Initializing
[    4.457853] NetLabel:  domain hash size = 128
[    4.458852] NetLabel:  protocols = UNLABELED CIPSOv4 CALIPSO
[    4.460230] NetLabel:  unlabeled traffic allowed by default
[    4.461866] initcall netlbl_init+0x0/0x78 returned 0 after 4882 usecs
[    4.462866] calling  rfkill_init+0x0/0x136 @ 1
[    4.465461] initcall rfkill_init+0x0/0x136 returned 0 after 976 usecs
[    4.473879] calling  pci_subsys_init+0x0/0x66 @ 1
[    4.478910] PCI: Using ACPI for IRQ routing
[    5.238846] PCI: pci_cache_line_size set to 64 bytes
[    5.248928] e820: reserve RAM buffer [mem 0x0009fc00-0x0009ffff]
[    5.259274] e820: reserve RAM buffer [mem 0x1ffdf000-0x1fffffff]
[    5.268705] initcall pci_subsys_init+0x0/0x66 returned 0 after 771484 usecs
[    5.280985] calling  nmi_warning_debugfs+0x0/0x26 @ 1
[    5.289305] initcall nmi_warning_debugfs+0x0/0x26 returned 0 after 976 usecs
[    5.298881] calling  save_microcode_in_initrd+0x0/0x51 @ 1
[    5.305067] initcall save_microcode_in_initrd+0x0/0x51 returned 0 after 976 usecs
[    5.313860] calling  hpet_late_init+0x0/0x20a @ 1
[    5.320340] hpet: 3 channels of 0 reserved for per-cpu timers
[    5.327150] hpet0: at MMIO 0xfed00000, IRQs 2, 8, 0
[    5.332855] hpet0: 3 comparators, 64-bit 100.000000 MHz counter
[    5.342858] initcall hpet_late_init+0x0/0x20a returned 0 after 22460 usecs
[    5.350860] calling  init_amd_nbs+0x0/0x11c @ 1
[    5.356189] initcall init_amd_nbs+0x0/0x11c returned 0 after 0 usecs
[    5.363879] calling  clocksource_done_booting+0x0/0x43 @ 1
[    5.372828] clocksource: Switched to clocksource kvm-clock
[    5.386116] initcall clocksource_done_booting+0x0/0x43 returned 0 after 14904 usecs
[    5.396113] calling  tracer_init_tracefs+0x0/0x248 @ 1
[    6.060636] initcall tracer_init_tracefs+0x0/0x248 returned 0 after 642839 usecs
[    6.071919] calling  init_trace_printk_function_export+0x0/0x2c @ 1
[    6.079468] initcall init_trace_printk_function_export+0x0/0x2c returned 0 after 19 usecs
[    6.088941] calling  init_kprobe_trace+0x0/0x1ab @ 1
[    6.095344] initcall init_kprobe_trace+0x0/0x1ab returned 0 after 419 usecs
[    6.103524] calling  init_dynamic_event+0x0/0x3d @ 1
[    6.109419] initcall init_dynamic_event+0x0/0x3d returned 0 after 16 usecs
[    6.117304] calling  init_uprobe_trace+0x0/0x5c @ 1
[    6.123242] initcall init_uprobe_trace+0x0/0x5c returned 0 after 143 usecs
[    6.131544] calling  init_pipe_fs+0x0/0x44 @ 1
[    6.137375] initcall init_pipe_fs+0x0/0x44 returned 0 after 768 usecs
[    6.144738] calling  inotify_user_setup+0x0/0x47 @ 1
[    6.151158] initcall inotify_user_setup+0x0/0x47 returned 0 after 577 usecs
[    6.159087] calling  eventpoll_init+0x0/0xeb @ 1
[    6.164504] initcall eventpoll_init+0x0/0xeb returned 0 after 72 usecs
[    6.172018] calling  anon_inode_init+0x0/0x58 @ 1
[    6.177736] initcall anon_inode_init+0x0/0x58 returned 0 after 248 usecs
[    6.185516] calling  proc_locks_init+0x0/0x27 @ 1
[    6.191116] initcall proc_locks_init+0x0/0x27 returned 0 after 155 usecs
[    6.198816] calling  iomap_init+0x0/0x1b @ 1
[    6.210019] initcall iomap_init+0x0/0x1b returned 0 after 5545 usecs
[    6.217558] calling  dquot_init+0x0/0x106 @ 1
[    6.222773] VFS: Disk quotas dquot_6.6.0
[    6.228272] VFS: Dquot-cache hash table entries: 512 (order 0, 4096 bytes)
[    6.236467] initcall dquot_init+0x0/0x106 returned 0 after 13369 usecs
[    6.244235] calling  quota_init+0x0/0x23 @ 1
[    6.261535] initcall quota_init+0x0/0x23 returned 0 after 2307 usecs
[    6.269501] calling  proc_cmdline_init+0x0/0x21 @ 1
[    6.275459] initcall proc_cmdline_init+0x0/0x21 returned 0 after 8 usecs
[    6.283328] calling  proc_consoles_init+0x0/0x24 @ 1
[    6.289216] initcall proc_consoles_init+0x0/0x24 returned 0 after 7 usecs
[    6.297181] calling  proc_cpuinfo_init+0x0/0x1e @ 1
[    6.302883] initcall proc_cpuinfo_init+0x0/0x1e returned 0 after 6 usecs
[    6.310728] calling  proc_devices_init+0x0/0x24 @ 1
[    6.316512] initcall proc_devices_init+0x0/0x24 returned 0 after 58 usecs
[    6.324514] calling  proc_interrupts_init+0x0/0x24 @ 1
[    6.330638] initcall proc_interrupts_init+0x0/0x24 returned 0 after 5 usecs
[    6.338779] calling  proc_loadavg_init+0x0/0x21 @ 1
[    6.344720] initcall proc_loadavg_init+0x0/0x21 returned 0 after 8 usecs
[    6.352579] calling  proc_meminfo_init+0x0/0x21 @ 1
[    6.358409] initcall proc_meminfo_init+0x0/0x21 returned 0 after 7 usecs
[    6.366362] calling  proc_stat_init+0x0/0x1e @ 1
[    6.371842] initcall proc_stat_init+0x0/0x1e returned 0 after 6 usecs
[    6.379900] calling  proc_uptime_init+0x0/0x21 @ 1
[    6.386573] initcall proc_uptime_init+0x0/0x21 returned 0 after 9 usecs
[    6.396244] calling  proc_version_init+0x0/0x21 @ 1
[    6.403514] initcall proc_version_init+0x0/0x21 returned 0 after 10 usecs
[    6.413403] calling  proc_softirqs_init+0x0/0x21 @ 1
[    6.420657] initcall proc_softirqs_init+0x0/0x21 returned 0 after 11 usecs
[    6.430762] calling  proc_kcore_init+0x0/0xea @ 1
[    6.438225] initcall proc_kcore_init+0x0/0xea returned 0 after 493 usecs
[    6.447998] calling  vmcore_init+0x0/0x57b @ 1
[    6.454720] initcall vmcore_init+0x0/0x57b returned 0 after 48 usecs
[    6.464419] calling  proc_kmsg_init+0x0/0x21 @ 1
[    6.470996] initcall proc_kmsg_init+0x0/0x21 returned 0 after 8 usecs
[    6.478831] calling  proc_page_init+0x0/0x3b @ 1
[    6.484337] initcall proc_page_init+0x0/0x3b returned 0 after 10 usecs
[    6.491960] calling  init_ramfs_fs+0x0/0xc @ 1
[    6.497325] initcall init_ramfs_fs+0x0/0xc returned 0 after 16 usecs
[    6.504807] calling  init_hugetlbfs_fs+0x0/0xf6 @ 1
[    6.511394] initcall init_hugetlbfs_fs+0x0/0xf6 returned 0 after 707 usecs
[    6.519460] calling  blk_scsi_ioctl_init+0x0/0x2a5 @ 1
[    6.525624] initcall blk_scsi_ioctl_init+0x0/0x2a5 returned 0 after 64 usecs
[    6.534082] calling  acpi_event_init+0x0/0x2c @ 1
[    6.539681] initcall acpi_event_init+0x0/0x2c returned 0 after 82 usecs
[    6.547349] calling  pnp_system_init+0x0/0xc @ 1
[    6.554402] initcall pnp_system_init+0x0/0xc returned 0 after 881 usecs
[    6.563384] calling  pnpacpi_init+0x0/0x69 @ 1
[    6.571360] pnp: PnP ACPI init
[    6.579374] pnp 00:00: Plug and Play ACPI device, IDs PNP0303 (active)
[    6.589441] pnp 00:01: Plug and Play ACPI device, IDs PNP0f13 (active)
[    6.599369] pnp 00:02: Plug and Play ACPI device, IDs PNP0400 (active)
[    6.608667] pnp 00:03: Plug and Play ACPI device, IDs PNP0501 (active)
[    6.617132] pnp 00:04: Plug and Play ACPI device, IDs PNP0b00 (active)
[    6.626076] system 00:05: [mem 0xb0000000-0xbfffffff window] has been reserved
[    6.634886] system 00:05: Plug and Play ACPI device, IDs PNP0c01 (active)
[    6.645222] pnp: PnP ACPI: found 6 devices
[    6.650166] initcall pnpacpi_init+0x0/0x69 returned 0 after 76971 usecs
[    6.659010] calling  chr_dev_init+0x0/0x14d @ 1
[    6.782123] initcall chr_dev_init+0x0/0x14d returned 0 after 114372 usecs
[    6.790497] calling  firmware_class_init+0x0/0x14a @ 1
[    6.797239] initcall firmware_class_init+0x0/0x14a returned 0 after 114 usecs
[    6.806040] calling  init_pcmcia_bus+0x0/0x5b @ 1
[    6.812359] initcall init_pcmcia_bus+0x0/0x5b returned 0 after 362 usecs
[    6.820669] calling  init_acpi_pm_clocksource+0x0/0xda @ 1
[    6.833672] clocksource: acpi_pm: mask: 0xffffff max_cycles: 0xffffff, max_idle_ns: 2085701024 ns
[    6.844756] initcall init_acpi_pm_clocksource+0x0/0xda returned 0 after 16741 usecs
[    6.854269] calling  sysctl_core_init+0x0/0x26 @ 1
[    6.861570] initcall sysctl_core_init+0x0/0x26 returned 0 after 559 usecs
[    6.870629] calling  eth_offload_init+0x0/0x13 @ 1
[    6.877252] initcall eth_offload_init+0x0/0x13 returned 0 after 468 usecs
[    6.885743] calling  ipv4_offload_init+0x0/0x73 @ 1
[    6.892214] initcall ipv4_offload_init+0x0/0x73 returned 0 after 157 usecs
[    6.901255] calling  inet_init+0x0/0x276 @ 1
[    6.907136] NET: Registered protocol family 2
[    6.915090] IP idents hash table entries: 8192 (order: 4, 65536 bytes, linear)
[    6.930405] tcp_listen_portaddr_hash hash table entries: 256 (order: 2, 20480 bytes, linear)
[    6.943013] TCP established hash table entries: 4096 (order: 3, 32768 bytes, linear)
[    6.954001] TCP bind hash table entries: 4096 (order: 6, 294912 bytes, linear)
[    6.967509] TCP: Hash tables configured (established 4096 bind 4096)
[    6.977387] UDP hash table entries: 256 (order: 3, 40960 bytes, linear)
[    6.986632] UDP-Lite hash table entries: 256 (order: 3, 40960 bytes, linear)
[    6.996786] initcall inet_init+0x0/0x276 returned 0 after 87714 usecs
[    7.005212] calling  af_unix_init+0x0/0x4d @ 1
[    7.010754] NET: Registered protocol family 1
[    7.016313] initcall af_unix_init+0x0/0x4d returned 0 after 5446 usecs
[    7.024582] calling  ipv6_offload_init+0x0/0x7e @ 1
[    7.030752] initcall ipv6_offload_init+0x0/0x7e returned 0 after 45 usecs
[    7.039333] calling  init_sunrpc+0x0/0x65 @ 1
[    7.053698] RPC: Registered named UNIX socket transport module.
[    7.061526] RPC: Registered udp transport module.
[    7.067510] RPC: Registered tcp transport module.
[    7.073599] RPC: Registered tcp NFSv4.1 backchannel transport module.
[    7.081816] initcall init_sunrpc+0x0/0x65 returned 0 after 36020 usecs
[    7.090476] calling  cfg80211_init+0x0/0xc5 @ 1
[    7.106738] initcall cfg80211_init+0x0/0xc5 returned 0 after 10112 usecs
[    7.117142] calling  pcibios_assign_resources+0x0/0xbf @ 1
[    7.126617] pci_bus 0000:00: resource 4 [io  0x0000-0x0cf7 window]
[    7.137381] pci_bus 0000:00: resource 5 [io  0x0d00-0xffff window]
[    7.146497] pci_bus 0000:00: resource 6 [mem 0x000a0000-0x000bffff window]
[    7.157590] pci_bus 0000:00: resource 7 [mem 0x20000000-0xafffffff window]
[    7.169225] pci_bus 0000:00: resource 8 [mem 0xc0000000-0xfebfffff window]
[    7.180089] pci_bus 0000:00: resource 9 [mem 0x100000000-0x8ffffffff window]
[    7.190416] initcall pcibios_assign_resources+0x0/0xbf returned 0 after 63301 usecs
[    7.200558] calling  pci_apply_final_quirks+0x0/0x124 @ 1
[    7.208861] pci 0000:00:01.0: calling  pci_fixup_video+0x0/0xe0 @ 1
[    7.225904] pci 0000:00:01.0: Video device with shadowed ROM at [mem 0x000c0000-0x000dffff]
[    7.238689] pci 0000:00:01.0: pci_fixup_video+0x0/0xe0 took 13608 usecs
[    7.247480] PCI: CLS 0 bytes, default 64
[    7.252504] initcall pci_apply_final_quirks+0x0/0x124 returned 0 after 43257 usecs
[    7.262285] calling  acpi_reserve_resources+0x0/0xea @ 1
[    7.268819] initcall acpi_reserve_resources+0x0/0xea returned 0 after 28 usecs
[    7.277716] calling  populate_rootfs+0x0/0x102 @ 1
[    7.299520] initcall populate_rootfs+0x0/0x102 returned 0 after 15380 usecs
[    7.309293] calling  pci_iommu_init+0x0/0x3e @ 1
[    7.315762] initcall pci_iommu_init+0x0/0x3e returned 0 after 182 usecs
[    7.323770] calling  ia32_binfmt_init+0x0/0x13 @ 1
[    7.329836] initcall ia32_binfmt_init+0x0/0x13 returned 0 after 10 usecs
[    7.338087] calling  rapl_pmu_init+0x0/0x267 @ 1
[    7.344423] initcall rapl_pmu_init+0x0/0x267 returned -19 after 324 usecs
[    7.352800] calling  amd_uncore_init+0x0/0x310 @ 1
[    7.358876] initcall amd_uncore_init+0x0/0x310 returned -19 after 1 usecs
[    7.367311] calling  amd_ibs_init+0x0/0x27b @ 1
[    7.373225] initcall amd_ibs_init+0x0/0x27b returned -19 after 1 usecs
[    7.381100] calling  amd_iommu_pc_init+0x0/0x22c @ 1
[    7.387237] initcall amd_iommu_pc_init+0x0/0x22c returned -19 after 57 usecs
[    7.396081] calling  msr_init+0x0/0x55 @ 1
[    7.401703] initcall msr_init+0x0/0x55 returned 0 after 306 usecs
[    7.409452] calling  intel_uncore_init+0x0/0x36f @ 1
[    7.415816] initcall intel_uncore_init+0x0/0x36f returned -19 after 37 usecs
[    7.424849] calling  cstate_pmu_init+0x0/0x1a1 @ 1
[    7.431064] initcall cstate_pmu_init+0x0/0x1a1 returned -19 after 0 usecs
[    7.440437] calling  register_kernel_offset_dumper+0x0/0x1a @ 1
[    7.448258] initcall register_kernel_offset_dumper+0x0/0x1a returned 0 after 3 usecs
[    7.458300] calling  i8259A_init_ops+0x0/0x20 @ 1
[    7.464587] initcall i8259A_init_ops+0x0/0x20 returned 0 after 2 usecs
[    7.473257] calling  init_tsc_clocksource+0x0/0xa4 @ 1
[    7.480197] clocksource: tsc: mask: 0xffffffffffffffff max_cycles: 0x39a85afc727, max_idle_ns: 881590685098 ns
[    7.493066] initcall init_tsc_clocksource+0x0/0xa4 returned 0 after 12580 usecs
[    7.502850] calling  add_rtc_cmos+0x0/0xb0 @ 1
[    7.510154] initcall add_rtc_cmos+0x0/0xb0 returned 0 after 24 usecs
[    7.520208] calling  i8237A_init_ops+0x0/0x3a @ 1
[    7.527652] initcall i8237A_init_ops+0x0/0x3a returned 0 after 120 usecs
[    7.537011] calling  umwait_init+0x0/0x94 @ 1
[    7.542669] initcall umwait_init+0x0/0x94 returned -19 after 28 usecs
[    7.551468] calling  thermal_throttle_init_device+0x0/0x3d @ 1
[    7.559413] initcall thermal_throttle_init_device+0x0/0x3d returned 0 after 115 usecs
[    7.571081] calling  msr_init+0x0/0xd7 @ 1
[    7.581817] initcall msr_init+0x0/0xd7 returned 0 after 4617 usecs
[    7.590188] calling  cpuid_init+0x0/0xd7 @ 1
[    7.600134] initcall cpuid_init+0x0/0xd7 returned 0 after 4189 usecs
[    7.609435] calling  ioapic_init_ops+0x0/0x13 @ 1
[    7.616913] initcall ioapic_init_ops+0x0/0x13 returned 0 after 35 usecs
[    7.628304] calling  add_pcspkr+0x0/0x6c @ 1
[    7.636526] initcall add_pcspkr+0x0/0x6c returned 0 after 256 usecs
[    7.647273] calling  start_periodic_check_for_corruption+0x0/0x30 @ 1
[    7.659600] check: Scanning for low memory corruption every 60 seconds
[    7.668722] initcall start_periodic_check_for_corruption+0x0/0x30 returned 0 after 8941 usecs
[    7.683554] calling  sysfb_init+0x0/0x9c @ 1
[    7.690007] initcall sysfb_init+0x0/0x9c returned 0 after 294 usecs
[    7.698749] calling  audit_classes_init+0x0/0xae @ 1
[    7.705632] initcall audit_classes_init+0x0/0xae returned 0 after 138 usecs
[    7.715691] calling  iosf_mbi_init+0x0/0x24 @ 1
[    7.722616] initcall iosf_mbi_init+0x0/0x24 returned 0 after 645 usecs
[    7.731630] calling  proc_execdomains_init+0x0/0x21 @ 1
[    7.739189] initcall proc_execdomains_init+0x0/0x21 returned 0 after 89 usecs
[    7.750076] calling  register_warn_debugfs+0x0/0x23 @ 1
[    7.756755] initcall register_warn_debugfs+0x0/0x23 returned 0 after 21 usecs
[    7.765835] calling  cpuhp_sysfs_init+0x0/0x79 @ 1
[    7.772274] initcall cpuhp_sysfs_init+0x0/0x79 returned 0 after 163 usecs
[    7.781137] calling  ioresources_init+0x0/0x49 @ 1
[    7.787331] initcall ioresources_init+0x0/0x49 returned 0 after 10 usecs
[    7.795702] calling  lockdep_proc_init+0x0/0x64 @ 1
[    7.802015] initcall lockdep_proc_init+0x0/0x64 returned 0 after 35 usecs
[    7.810763] calling  snapshot_device_init+0x0/0xc @ 1
[    7.819031] initcall snapshot_device_init+0x0/0xc returned 0 after 1669 usecs
[    7.828621] calling  irq_pm_init_ops+0x0/0x13 @ 1
[    7.834776] initcall irq_pm_init_ops+0x0/0x13 returned 0 after 20 usecs
[    7.843560] calling  rcu_torture_init+0x0/0x9be @ 1
[    7.850458] tasks-torture:--- Start of test: nreaders=1 nfakewriters=4 stat_interval=15 verbose=1 test_no_idle_hz=1 shuffle_interval=3 stutter=5 irqreader=1 fqs_duration=0 fqs_holdoff=0 fqs_stutter=3 test_boost=1/0 test_boost_interval=7 test_boost_duration=4 shutdown_secs=3600 stall_cpu=0 stall_cpu_holdoff=10 stall_cpu_irqsoff=0 stall_cpu_block=0 n_barrier_cbs=4 onoff_interval=1000 onoff_holdoff=30 read_exit_delay=13 read_exit_burst=16
[    7.900955] tasks:  Start-test grace-period state: g0 f0x0
[    7.908151] tasks-torture: Creating rcu_torture_writer task
[    7.918870] tasks-torture: Creating rcu_torture_fakewriter task
[    7.919370] tasks-torture: rcu_torture_writer task started
[    7.927257] tasks-torture: Creating rcu_torture_fakewriter task
[    7.934165] tasks-torture: GP expediting controlled from boot/sysfs for tasks.
[    7.942984] tasks-torture: rcu_torture_fakewriter task started
[    7.952567] rcu_torture_writer: Testing expedited GPs.
[    7.960688] tasks-torture: Creating rcu_torture_fakewriter task
[    7.967214] rcu_torture_writer: Testing asynchronous GPs.
[    7.967216] rcu_torture_writer: Testing normal GPs.
[    7.967236] tasks-torture: rcu_torture_fakewriter task started
[    7.981501] tasks-torture: Creating rcu_torture_fakewriter task
[    7.982323] tasks-torture: rcu_torture_fakewriter task started
[    7.992098] tasks-torture: Creating rcu_torture_reader task
[    7.996384] tasks-torture: rcu_torture_fakewriter task started
[    8.031450] tasks-torture: Creating rcu_torture_stats task
[    8.031452] tasks-torture: rcu_torture_reader task started
[    8.049407] tasks-torture: Creating torture_shuffle task
[    8.049479] tasks-torture: rcu_torture_stats task started
[    8.067172] tasks-torture: Creating torture_stutter task
[    8.067592] tasks-torture: torture_shuffle task started
[    8.082542] tasks-torture: Creating torture_shutdown task
[    8.085979] tasks-torture: torture_stutter task started
[    8.100213] tasks-torture: Creating torture_onoff task
[    8.100274] tasks-torture: torture_shutdown task started
[    8.109338] tasks-torture: rcu_torture_fwd_prog_init: Disabled, unsupported by RCU flavor under test
[    8.116868] tasks-torture:torture_shutdown task: 3599965 ms remaining
[    8.128306] tasks-torture: torture_onoff task started
[    8.137958] tasks-torture: Creating rcu_torture_barrier_cbs task
[    8.148601] tasks-torture: torture_onoff begin holdoff
[    8.171825] tasks-torture: Creating rcu_torture_barrier_cbs task
[    8.173407] tasks-torture: rcu_torture_barrier_cbs task started
[    8.181363] tasks-torture: Creating rcu_torture_barrier_cbs task
[    8.190069] tasks-torture: rcu_torture_barrier_cbs task started
[    8.199613] tasks-torture: Creating rcu_torture_barrier_cbs task
[    8.208283] tasks-torture: rcu_torture_barrier_cbs task started
[    8.228636] tasks-torture: Creating rcu_torture_barrier task
[    8.229275] tasks-torture: rcu_torture_barrier_cbs task started
[    8.238373] tasks-torture: Creating rcu_torture_read_exit task
[    8.245855] tasks-torture: rcu_torture_barrier task starting
[    8.254595] initcall rcu_torture_init+0x0/0x9be returned 0 after 394849 usecs
[    8.272424] tasks-torture: rcu_torture_read_exit: Start of test
[    8.280712] calling  timekeeping_init_ops+0x0/0x13 @ 1
[    8.288722] initcall timekeeping_init_ops+0x0/0x13 returned 0 after 2 usecs
[    8.298654] calling  init_clocksource_sysfs+0x0/0x23 @ 1
[    8.308330] initcall init_clocksource_sysfs+0x0/0x23 returned 0 after 1442 usecs
[    8.320303] calling  init_timer_list_procfs+0x0/0x31 @ 1
[    8.329305] initcall init_timer_list_procfs+0x0/0x31 returned 0 after 161 usecs
[    8.340028] calling  alarmtimer_init+0x0/0xf5 @ 1
[    8.347894] initcall alarmtimer_init+0x0/0xf5 returned 0 after 937 usecs
[    8.357741] calling  init_posix_timers+0x0/0x29 @ 1
[    8.364746] initcall init_posix_timers+0x0/0x29 returned 0 after 17 usecs
[    8.374200] calling  clockevents_init_sysfs+0x0/0xbf @ 1
[    8.382141] initcall clockevents_init_sysfs+0x0/0xbf returned 0 after 544 usecs
[    8.392536] calling  proc_dma_init+0x0/0x21 @ 1
[    8.399059] initcall proc_dma_init+0x0/0x21 returned 0 after 70 usecs
[    8.408159] calling  proc_modules_init+0x0/0x1e @ 1
[    8.415178] initcall proc_modules_init+0x0/0x1e returned 0 after 7 usecs
[    8.424703] calling  kallsyms_init+0x0/0x21 @ 1
[    8.431200] initcall kallsyms_init+0x0/0x21 returned 0 after 7 usecs
[    8.440189] calling  pid_namespaces_init+0x0/0x2c @ 1
[    8.447129] initcall pid_namespaces_init+0x0/0x2c returned 0 after 18 usecs
[    8.457083] calling  audit_watch_init+0x0/0x37 @ 1
[    8.464896] initcall audit_watch_init+0x0/0x37 returned 0 after 304 usecs
[    8.474576] calling  audit_fsnotify_init+0x0/0x37 @ 1
[    8.482076] initcall audit_fsnotify_init+0x0/0x37 returned 0 after 5 usecs
[    8.494325] calling  audit_tree_init+0x0/0x6d @ 1
[    8.503695] initcall audit_tree_init+0x0/0x6d returned 0 after 354 usecs
[    8.514529] calling  seccomp_sysctl_init+0x0/0x2b @ 1
[    8.521841] initcall seccomp_sysctl_init+0x0/0x2b returned 0 after 27 usecs
[    8.531696] calling  utsname_sysctl_init+0x0/0x13 @ 1
[    8.538714] initcall utsname_sysctl_init+0x0/0x13 returned 0 after 11 usecs
[    8.548166] calling  init_tracepoints+0x0/0x27 @ 1
[    8.555057] initcall init_tracepoints+0x0/0x27 returned 0 after 2 usecs
[    8.564453] calling  init_blk_tracer+0x0/0x50 @ 1
[    8.571237] initcall init_blk_tracer+0x0/0x50 returned 0 after 66 usecs
[    8.580563] calling  perf_event_sysfs_init+0x0/0x83 @ 1
[    8.597238] initcall perf_event_sysfs_init+0x0/0x83 returned 0 after 1687 usecs
[    8.621428] calling  system_trusted_keyring_init+0x0/0x60 @ 1
[    8.630490] Initialise system trusted keyrings
[    8.637544] initcall system_trusted_keyring_init+0x0/0x60 returned 0 after 6884 usecs
[    8.648649] calling  kswapd_init+0x0/0x5c @ 1
[    8.657389] initcall kswapd_init+0x0/0x5c returned 0 after 2440 usecs
[    8.667180] calling  extfrag_debug_init+0x0/0x54 @ 1
[    8.676593] initcall extfrag_debug_init+0x0/0x54 returned 0 after 71 usecs
[    8.688222] calling  mm_compute_batch_init+0x0/0x12 @ 1
[    8.696668] initcall mm_compute_batch_init+0x0/0x12 returned 0 after 48 usecs
[    8.709170] calling  slab_proc_init+0x0/0x21 @ 1
[    8.717248] initcall slab_proc_init+0x0/0x21 returned 0 after 105 usecs
[    8.728070] calling  workingset_init+0x0/0x8c @ 1
[    8.735653] workingset: timestamp_bits=56 max_order=17 bucket_order=0
[    8.746408] initcall workingset_init+0x0/0x8c returned 0 after 10601 usecs
[    8.758259] calling  proc_vmalloc_init+0x0/0x32 @ 1
[    8.766820] initcall proc_vmalloc_init+0x0/0x32 returned 0 after 10 usecs
[    8.778662] calling  procswaps_init+0x0/0x1e @ 1
[    8.786428] initcall procswaps_init+0x0/0x1e returned 0 after 31 usecs
[    8.812057] calling  slab_sysfs_init+0x0/0xec @ 1
[    8.862555] initcall slab_sysfs_init+0x0/0xec returned 0 after 39112 usecs
[    8.874966] calling  fcntl_init+0x0/0x29 @ 1
[    8.885598] initcall fcntl_init+0x0/0x29 returned 0 after 2280 usecs
[    8.897153] calling  proc_filesystems_init+0x0/0x21 @ 1
[    8.907356] initcall proc_filesystems_init+0x0/0x21 returned 0 after 479 usecs
[    8.920329] calling  start_dirtytime_writeback+0x0/0x29 @ 1
[    8.930347] initcall start_dirtytime_writeback+0x0/0x29 returned 0 after 140 usecs
[    8.943757] calling  blkdev_init+0x0/0x1b @ 1
[    8.954730] initcall blkdev_init+0x0/0x1b returned 0 after 2517 usecs
[    8.964588] calling  dio_init+0x0/0x2c @ 1
[    8.971509] initcall dio_init+0x0/0x2c returned 0 after 195 usecs
[    8.981726] calling  dnotify_init+0x0/0x78 @ 1
[    8.989260] initcall dnotify_init+0x0/0x78 returned 0 after 480 usecs
[    8.999661] calling  aio_setup+0x0/0x78 @ 1
[    9.013330] initcall aio_setup+0x0/0x78 returned 0 after 6032 usecs
[    9.023229] calling  io_uring_init+0x0/0x2c @ 1
[    9.030524] initcall io_uring_init+0x0/0x2c returned 0 after 15 usecs
[    9.040154] calling  mbcache_init+0x0/0x30 @ 1
[    9.047409] initcall mbcache_init+0x0/0x30 returned 0 after 517 usecs
[    9.057217] calling  init_grace+0x0/0xc @ 1
[    9.065697] initcall init_grace+0x0/0xc returned 0 after 1283 usecs
[    9.074869] calling  init_v2_quota_format+0x0/0x21 @ 1
[    9.083674] initcall init_v2_quota_format+0x0/0x21 returned 0 after 753 usecs
[    9.095546] calling  init_devpts_fs+0x0/0x27 @ 1
[    9.105405] initcall init_devpts_fs+0x0/0x27 returned 0 after 2294 usecs
[    9.115380] calling  ext4_init_fs+0x0/0x1c2 @ 1
[    9.128539] initcall ext4_init_fs+0x0/0x1c2 returned 0 after 5994 usecs
[    9.139467] calling  journal_init+0x0/0x11c @ 1
[    9.148235] initcall journal_init+0x0/0x11c returned 0 after 1352 usecs
[    9.159176] calling  init_fat_fs+0x0/0x49 @ 1
[    9.166569] initcall init_fat_fs+0x0/0x49 returned 0 after 470 usecs
[    9.176512] calling  init_vfat_fs+0x0/0xc @ 1
[    9.183099] initcall init_vfat_fs+0x0/0xc returned 0 after 8 usecs
[    9.191984] calling  init_msdos_fs+0x0/0xc @ 1
[    9.198431] initcall init_msdos_fs+0x0/0xc returned 0 after 4 usecs
[    9.208311] calling  init_iso9660_fs+0x0/0x6c @ 1
[    9.217985] initcall init_iso9660_fs+0x0/0x6c returned 0 after 2563 usecs
[    9.229213] calling  init_nfs_fs+0x0/0x13a @ 1
[    9.260197] initcall init_nfs_fs+0x0/0x13a returned 0 after 23615 usecs
[    9.270638] calling  init_nfs_v2+0x0/0x13 @ 1
[    9.277682] initcall init_nfs_v2+0x0/0x13 returned 0 after 262 usecs
[    9.287761] calling  init_nfs_v3+0x0/0x13 @ 1
[    9.295316] initcall init_nfs_v3+0x0/0x13 returned 0 after 2 usecs
[    9.304151] calling  init_nfs_v4+0x0/0x32 @ 1
[    9.311767] NFS: Registering the id_resolver key type
[    9.323826] Key type id_resolver registered
[    9.330610] Key type id_legacy registered
[    9.337426] initcall init_nfs_v4+0x0/0x32 returned 0 after 25651 usecs
[    9.346540] calling  init_nlm+0x0/0x5b @ 1
[    9.353719] initcall init_nlm+0x0/0x5b returned 0 after 320 usecs
[    9.363723] calling  init_nls_cp437+0x0/0xe @ 1
[    9.372618] initcall init_nls_cp437+0x0/0xe returned 0 after 1116 usecs
[    9.383267] calling  init_nls_ascii+0x0/0xe @ 1
[    9.389889] initcall init_nls_ascii+0x0/0xe returned 0 after 2 usecs
[    9.399263] calling  init_nls_iso8859_1+0x0/0xe @ 1
[    9.406842] initcall init_nls_iso8859_1+0x0/0xe returned 0 after 2 usecs
[    9.418241] calling  init_nls_utf8+0x0/0x21 @ 1
[    9.426582] initcall init_nls_utf8+0x0/0x21 returned 0 after 460 usecs
[    9.438258] calling  init_autofs_fs+0x0/0x25 @ 1
[    9.455455] initcall init_autofs_fs+0x0/0x25 returned 0 after 8146 usecs
[    9.466362] calling  ipc_init+0x0/0x24 @ 1
[    9.473620] initcall ipc_init+0x0/0x24 returned 0 after 762 usecs
[    9.482677] calling  ipc_sysctl_init+0x0/0x13 @ 1
[    9.489521] initcall ipc_sysctl_init+0x0/0x13 returned 0 after 117 usecs
[    9.499038] calling  init_mqueue_fs+0x0/0xb1 @ 1
[    9.509248] initcall init_mqueue_fs+0x0/0xb1 returned 0 after 3383 usecs
[    9.520424] calling  key_proc_init+0x0/0x63 @ 1
[    9.528399] initcall key_proc_init+0x0/0x63 returned 0 after 179 usecs
[    9.539645] calling  selinux_nf_ip_init+0x0/0x2e @ 1
[    9.548894] initcall selinux_nf_ip_init+0x0/0x2e returned 0 after 184 usecs
[    9.559714] calling  init_sel_fs+0x0/0x116 @ 1
[    9.568454] initcall init_sel_fs+0x0/0x116 returned 0 after 1 usecs
[    9.578381] calling  selnl_init+0x0/0x7c @ 1
[    9.587442] initcall selnl_init+0x0/0x7c returned 0 after 2510 usecs
[    9.596069] calling  sel_netif_init+0x0/0x36 @ 1
[    9.602862] initcall sel_netif_init+0x0/0x36 returned 0 after 1 usecs
[    9.611483] calling  sel_netnode_init+0x0/0x33 @ 1
[    9.618005] initcall sel_netnode_init+0x0/0x33 returned 0 after 1 usecs
[    9.627618] calling  sel_netport_init+0x0/0x33 @ 1
[    9.634666] initcall sel_netport_init+0x0/0x33 returned 0 after 1 usecs
[    9.644429] calling  aurule_init+0x0/0x2a @ 1
[    9.651649] initcall aurule_init+0x0/0x2a returned 0 after 24 usecs
[    9.661757] calling  crypto_algapi_init+0x0/0xc @ 1
[    9.668679] initcall crypto_algapi_init+0x0/0xc returned 0 after 10 usecs
[    9.679471] calling  jent_mod_init+0x0/0x2d @ 1
[    9.706951] initcall jent_mod_init+0x0/0x2d returned 0 after 19698 usecs
[    9.718375] calling  asymmetric_key_init+0x0/0xc @ 1
[    9.726985] Key type asymmetric registered
[    9.734203] initcall asymmetric_key_init+0x0/0xc returned 0 after 7053 usecs
[    9.745443] calling  x509_key_init+0x0/0xc @ 1
[    9.755065] Asymmetric key parser 'x509' registered
[    9.763534] initcall x509_key_init+0x0/0xc returned 0 after 10493 usecs
[    9.774331] calling  proc_genhd_init+0x0/0x41 @ 1
[    9.783467] initcall proc_genhd_init+0x0/0x41 returned 0 after 897 usecs
[    9.794753] calling  bsg_init+0x0/0x113 @ 1
[    9.803577] Block layer SCSI generic (bsg) driver version 0.4 loaded (major 251)
[    9.815656] initcall bsg_init+0x0/0x113 returned 0 after 13073 usecs
[    9.826277] calling  deadline_init+0x0/0xc @ 1
[    9.833905] io scheduler mq-deadline registered
[    9.841668] initcall deadline_init+0x0/0xc returned 0 after 7833 usecs
[    9.852714] calling  kyber_init+0x0/0xc @ 1
[    9.860126] io scheduler kyber registered
[    9.866994] initcall kyber_init+0x0/0xc returned 0 after 7040 usecs
[    9.880163] calling  mod_init+0x0/0x7 @ 1
[    9.886816] initcall mod_init+0x0/0x7 returned 0 after 1 usecs
[    9.896527] calling  percpu_counter_startup+0x0/0x55 @ 1
[    9.911214] initcall percpu_counter_startup+0x0/0x55 returned 0 after 5643 usecs
[    9.922339] calling  sg_pool_init+0x0/0xb4 @ 1
[    9.931323] initcall sg_pool_init+0x0/0xb4 returned 0 after 2073 usecs
[    9.941689] calling  pcie_portdrv_init+0x0/0x39 @ 1
[    9.954000] initcall pcie_portdrv_init+0x0/0x39 returned 0 after 3907 usecs
[    9.965369] calling  pci_proc_init+0x0/0x68 @ 1
[    9.973218] initcall pci_proc_init+0x0/0x68 returned 0 after 405 usecs
[    9.983912] calling  pci_hotplug_init+0x0/0x7 @ 1
[    9.991995] initcall pci_hotplug_init+0x0/0x7 returned 0 after 1 usecs
[   10.003291] calling  efifb_driver_init+0x0/0xe @ 1
[   10.012686] initcall efifb_driver_init+0x0/0xe returned 0 after 677 usecs
[   10.024654] calling  ged_driver_init+0x0/0xe @ 1
[   10.032534] initcall ged_driver_init+0x0/0xe returned 0 after 309 usecs
[   10.042949] calling  acpi_ac_init+0x0/0x92 @ 1
[   10.052761] initcall acpi_ac_init+0x0/0x92 returned 0 after 2405 usecs
[   10.063101] calling  acpi_button_driver_init+0x0/0x52 @ 1
[   10.078895] input: Power Button as /devices/LNXSYSTM:00/LNXPWRBN:00/input/input0
[   10.099859] ACPI: Power Button [PWRF]
[   10.108910] initcall acpi_button_driver_init+0x0/0x52 returned 0 after 36571 usecs
[   10.120533] calling  acpi_fan_driver_init+0x0/0xe @ 1
[   10.126972] initcall acpi_fan_driver_init+0x0/0xe returned 0 after 50 usecs
[   10.137436] calling  acpi_video_init+0x0/0xcb @ 1
[   10.146824] initcall acpi_video_init+0x0/0xcb returned 0 after 978 usecs
[   10.156786] calling  acpi_processor_driver_init+0x0/0xad @ 1
[   10.171316] initcall acpi_processor_driver_init+0x0/0xad returned 0 after 5511 usecs
[   10.183760] calling  acpi_thermal_init+0x0/0x71 @ 1
[   10.193448] initcall acpi_thermal_init+0x0/0x71 returned 0 after 1022 usecs
[   10.205719] calling  acpi_battery_init+0x0/0x32 @ 1
[   10.214235] initcall acpi_battery_init+0x0/0x32 returned 0 after 368 usecs
[   10.225350] calling  bgrt_init+0x0/0xb6 @ 1
[   10.232385] initcall bgrt_init+0x0/0xb6 returned -19 after 0 usecs
[   10.242644] calling  gpio_clk_driver_init+0x0/0xe @ 1
[   10.251756] initcall gpio_clk_driver_init+0x0/0xe returned 0 after 351 usecs
[   10.263497] calling  plt_clk_driver_init+0x0/0xe @ 1
[   10.272460] initcall plt_clk_driver_init+0x0/0xe returned 0 after 40 usecs
[   10.283860] calling  virtio_pci_driver_init+0x0/0x15 @ 1
[   10.294842] initcall virtio_pci_driver_init+0x0/0x15 returned 0 after 456 usecs
[   10.306846] calling  n_null_init+0x0/0x1e @ 1
[   10.316342] initcall n_null_init+0x0/0x1e returned 0 after 69 usecs
[   10.327906] calling  pty_init+0x0/0x1e8 @ 1
[   10.343661] initcall pty_init+0x0/0x1e8 returned 0 after 8115 usecs
[   10.353692] calling  sysrq_init+0x0/0x62 @ 1
[   10.360402] initcall sysrq_init+0x0/0x62 returned 0 after 12 usecs
[   10.370743] calling  serial8250_init+0x0/0x17e @ 1
[   10.380432] Serial: 8250/16550 driver, 4 ports, IRQ sharing enabled
[   10.397750] 00:03: ttyS0 at I/O 0x3f8 (irq = 4, base_baud = 115200) is a 16550A
[   10.430565] initcall serial8250_init+0x0/0x17e returned 0 after 49195 usecs
[   10.443180] calling  serial_pci_driver_init+0x0/0x15 @ 1
[   10.452856] initcall serial_pci_driver_init+0x0/0x15 returned 0 after 633 usecs
[   10.465579] calling  exar_pci_driver_init+0x0/0x15 @ 1
[   10.474620] initcall exar_pci_driver_init+0x0/0x15 returned 0 after 59 usecs
[   10.487336] calling  lpss8250_pci_driver_init+0x0/0x15 @ 1
[   10.497763] initcall lpss8250_pci_driver_init+0x0/0x15 returned 0 after 954 usecs
[   10.509754] calling  mid8250_pci_driver_init+0x0/0x15 @ 1
[   10.518523] initcall mid8250_pci_driver_init+0x0/0x15 returned 0 after 50 usecs
[   10.529512] calling  virtio_console_init+0x0/0xff @ 1
[   10.538900] initcall virtio_console_init+0x0/0xff returned 0 after 2428 usecs
[   10.549085] calling  hpet_init+0x0/0x64 @ 1
[   10.569390] initcall hpet_init+0x0/0x64 returned 0 after 13484 usecs
[   10.578787] calling  nvram_module_init+0x0/0x83 @ 1
[   10.592706] Non-volatile memory driver v1.3
[   10.599743] initcall nvram_module_init+0x0/0x83 returned 0 after 13149 usecs
[   10.611893] calling  hwrng_modinit+0x0/0x8a @ 1
[   10.620772] initcall hwrng_modinit+0x0/0x8a returned 0 after 1196 usecs
[   10.630685] calling  mod_init+0x0/0x48 @ 1
[   10.637731] initcall mod_init+0x0/0x48 returned -19 after 0 usecs
[   10.647603] calling  agp_init+0x0/0x23 @ 1
[   10.654947] Linux agpgart interface v0.103
[   10.662255] initcall agp_init+0x0/0x23 returned 0 after 7134 usecs
[   10.672705] calling  agp_amd64_mod_init+0x0/0x5 @ 1
[   10.683518] initcall agp_amd64_mod_init+0x0/0x5 returned -19 after 2431 usecs
[   10.694035] calling  agp_intel_init+0x0/0x28 @ 1
[   10.705453] initcall agp_intel_init+0x0/0x28 returned 0 after 4920 usecs
[   10.716821] calling  drm_kms_helper_init+0x0/0x7 @ 1
[   10.728496] initcall drm_kms_helper_init+0x0/0x7 returned 0 after 91 usecs
[   10.743665] calling  drm_core_init+0x0/0xbd @ 1
[   10.753962] initcall drm_core_init+0x0/0xbd returned 0 after 2591 usecs
[   10.765182] calling  i915_init+0x0/0x6b @ 1
[   10.776897] initcall i915_init+0x0/0x6b returned 0 after 3773 usecs
[   10.785851] calling  cn_proc_init+0x0/0x35 @ 1
[   10.792951] initcall cn_proc_init+0x0/0x35 returned 0 after 848 usecs
[   10.801986] calling  topology_sysfs_init+0x0/0x27 @ 1
[   10.810737] initcall topology_sysfs_init+0x0/0x27 returned 0 after 1265 usecs
[   10.822297] calling  cacheinfo_sysfs_init+0x0/0x27 @ 1
[   10.849078] initcall cacheinfo_sysfs_init+0x0/0x27 returned 0 after 9385 usecs
[   10.860747] calling  loop_init+0x0/0x16a @ 1
[   11.218656] loop: module loaded
[   11.223573] initcall loop_init+0x0/0x16a returned 0 after 348365 usecs
[   11.235765] calling  mac_hid_init+0x0/0x21 @ 1
[   11.243207] initcall mac_hid_init+0x0/0x21 returned 0 after 55 usecs
[   11.253238] calling  spi_transport_init+0x0/0x74 @ 1
[   11.263533] initcall spi_transport_init+0x0/0x74 returned 0 after 491 usecs
[   11.274569] calling  init_sd+0x0/0x18c @ 1
[   11.293910] initcall init_sd+0x0/0x18c returned 0 after 572 usecs
[   11.303129] calling  init_sr+0x0/0x43 @ 1
[   11.309577] initcall init_sr+0x0/0x43 returned 0 after 318 usecs
[   11.318483] calling  init_sg+0x0/0x1c0 @ 1
[   11.324925] initcall init_sg+0x0/0x1c0 returned 0 after 170 usecs
[   11.334222] calling  ahci_pci_driver_init+0x0/0x15 @ 1
[   11.378029] ahci 0000:00:1f.2: version 3.0
[   11.408032] PCI Interrupt Link [GSIA] enabled at IRQ 16
[   11.477737] ahci 0000:00:1f.2: AHCI 0001.0000 32 slots 6 ports 1.5 Gbps 0x3f impl SATA mode
[   11.489340] ahci 0000:00:1f.2: flags: 64bit ncq only 
[   11.772397] scsi host0: ahci
[   11.795811] scsi host1: ahci
[   11.817124] scsi host2: ahci
[   11.825852] scsi host3: ahci
[   11.848301] scsi host4: ahci
[   11.857632] scsi host5: ahci
[   11.863245] ata1: SATA max UDMA/133 abar m4096@0xfebf1000 port 0xfebf1100 irq 24
[   11.875613] ata2: SATA max UDMA/133 abar m4096@0xfebf1000 port 0xfebf1180 irq 24
[   11.889818] ata3: SATA max UDMA/133 abar m4096@0xfebf1000 port 0xfebf1200 irq 24
[   11.901014] ata4: SATA max UDMA/133 abar m4096@0xfebf1000 port 0xfebf1280 irq 24
[   11.912732] ata5: SATA max UDMA/133 abar m4096@0xfebf1000 port 0xfebf1300 irq 24
[   11.924218] ata6: SATA max UDMA/133 abar m4096@0xfebf1000 port 0xfebf1380 irq 24
[   11.938032] initcall ahci_pci_driver_init+0x0/0x15 returned 0 after 567187 usecs
[   11.950665] calling  piix_init+0x0/0x26 @ 1
[   11.958223] initcall piix_init+0x0/0x26 returned 0 after 133 usecs
[   11.967990] calling  amd_pci_driver_init+0x0/0x15 @ 1
[   11.976142] initcall amd_pci_driver_init+0x0/0x15 returned 0 after 148 usecs
[   11.986619] calling  oldpiix_pci_driver_init+0x0/0x15 @ 1
[   11.995910] initcall oldpiix_pci_driver_init+0x0/0x15 returned 0 after 1014 usecs
[   12.006889] calling  sch_pci_driver_init+0x0/0x15 @ 1
[   12.014623] initcall sch_pci_driver_init+0x0/0x15 returned 0 after 65 usecs
[   12.025543] calling  net_olddevs_init+0x0/0x55 @ 1
[   12.033443] initcall net_olddevs_init+0x0/0x55 returned 0 after 1043 usecs
[   12.043909] calling  blackhole_netdev_init+0x0/0x78 @ 1
[   12.053729] initcall blackhole_netdev_init+0x0/0x78 returned 0 after 1619 usecs
[   12.065113] calling  phy_module_init+0x0/0x13 @ 1
[   12.073684] initcall phy_module_init+0x0/0x13 returned 0 after 1132 usecs
[   12.083866] calling  tg3_driver_init+0x0/0x15 @ 1
[   12.091853] initcall tg3_driver_init+0x0/0x15 returned 0 after 392 usecs
[   12.102394] calling  e100_init_module+0x0/0x4c @ 1
[   12.109885] e100: Intel(R) PRO/100 Network Driver
[   12.117402] e100: Copyright(c) 1999-2006 Intel Corporation
[   12.127187] initcall e100_init_module+0x0/0x4c returned 0 after 16891 usecs
[   12.140123] calling  e1000_init_module+0x0/0x72 @ 1
[   12.147814] e1000: Intel(R) PRO/1000 Network Driver
[   12.156276] e1000: Copyright (c) 1999-2006 Intel Corporation.
[   12.165491] initcall e1000_init_module+0x0/0x72 returned 0 after 17311 usecs
[   12.176937] calling  e1000_init_module+0x0/0x2d @ 1
[   12.184168] e1000e: Intel(R) PRO/1000 Network Driver
[   12.191240] e1000e: Copyright(c) 1999 - 2015 Intel Corporation.
[   12.200032] initcall e1000_init_module+0x0/0x2d returned 0 after 15510 usecs
[   12.209947] calling  sky2_init_module+0x0/0x21 @ 1
[   12.217474] sky2: driver version 1.30
[   12.223866] initcall sky2_init_module+0x0/0x21 returned 0 after 6237 usecs
[   12.234714] calling  forcedeth_pci_driver_init+0x0/0x15 @ 1
[   12.244964] initcall forcedeth_pci_driver_init+0x0/0x15 returned 0 after 167 usecs
[   12.256818] calling  rtl8139_init_module+0x0/0x15 @ 1
[   12.261755] ata3: SATA link up 1.5 Gbps (SStatus 113 SControl 300)
[   12.265923] initcall rtl8139_init_module+0x0/0x15 returned 0 after 90 usecs
[   12.287773] calling  rtl8169_pci_driver_init+0x0/0x15 @ 1
[   12.299718] initcall rtl8169_pci_driver_init+0x0/0x15 returned 0 after 912 usecs
[   12.307150] ata6: SATA link down (SStatus 0 SControl 300)
[   12.311757] calling  cdrom_init+0x0/0xc @ 1
[   12.327214] initcall cdrom_init+0x0/0xc returned 0 after 394 usecs
[   12.337982] calling  nonstatic_sysfs_init+0x0/0xc @ 1
[   12.345905] initcall nonstatic_sysfs_init+0x0/0xc returned 0 after 193 usecs
[   12.351201] ata2: SATA link down (SStatus 0 SControl 300)
[   12.355860] calling  yenta_cardbus_driver_init+0x0/0x15 @ 1
[   12.356524] initcall yenta_cardbus_driver_init+0x0/0x15 returned 0 after 642 usecs
[   12.382866] calling  mon_init+0x0/0x144 @ 1
[   12.383271] ata5: SATA link down (SStatus 0 SControl 300)
[   12.393717] initcall mon_init+0x0/0x144 returned 0 after 4438 usecs
[   12.415532] calling  ehci_hcd_init+0x0/0x56 @ 1
[   12.423032] ehci_hcd: USB 2.0 'Enhanced' Host Controller (EHCI) Driver
[   12.428569] ata4: SATA link down (SStatus 0 SControl 300)
[   12.432757] initcall ehci_hcd_init+0x0/0x56 returned 0 after 9725 usecs
[   12.432763] calling  ehci_pci_init+0x0/0x64 @ 1
[   12.432766] ehci-pci: EHCI PCI platform driver
[   12.433098] initcall ehci_pci_init+0x0/0x64 returned 0 after 323 usecs
[   12.433101] calling  ohci_hcd_mod_init+0x0/0x4e @ 1
[   12.433137] ohci_hcd: USB 1.1 'Open' Host Controller (OHCI) Driver
[   12.433218] initcall ohci_hcd_mod_init+0x0/0x4e returned 0 after 110 usecs
[   12.433221] calling  ohci_pci_init+0x0/0x64 @ 1
[   12.433239] ohci-pci: OHCI PCI platform driver
[   12.433325] initcall ohci_pci_init+0x0/0x64 returned 0 after 98 usecs
[   12.433329] calling  uhci_hcd_init+0x0/0xa8 @ 1
[   12.433331] uhci_hcd: USB Universal Host Controller Interface driver
[   12.434065] initcall uhci_hcd_init+0x0/0xa8 returned 0 after 714 usecs
[   12.434068] calling  xhci_hcd_init+0x0/0x1e @ 1
[   12.434656] initcall xhci_hcd_init+0x0/0x1e returned 0 after 568 usecs
[   12.434659] calling  xhci_pci_init+0x0/0x49 @ 1
[   12.434888] initcall xhci_pci_init+0x0/0x49 returned 0 after 219 usecs
[   12.434891] calling  usblp_driver_init+0x0/0x15 @ 1
[   12.435155] usbcore: registered new interface driver usblp
[   12.435159] initcall usblp_driver_init+0x0/0x15 returned 0 after 258 usecs
[   12.435162] calling  usb_storage_driver_init+0x0/0x2a @ 1
[   12.435273] usbcore: registered new interface driver usb-storage
[   12.435277] initcall usb_storage_driver_init+0x0/0x2a returned 0 after 108 usecs
[   12.435284] calling  i8042_init+0x0/0x4c2 @ 1
[   12.436396] i8042: PNP: PS/2 Controller [PNP0303:KBD,PNP0f13:MOU] at 0x60,0x64 irq 1,12
[   12.462678] serio: i8042 KBD port at 0x60,0x64 irq 1
[   12.645241] ata1: SATA link down (SStatus 0 SControl 300)
[   12.648652] serio: i8042 AUX port at 0x60,0x64 irq 12
[   12.668543] ata3.00: ATAPI: QEMU DVD-ROM, 2.5+, max UDMA/100
[   12.684492] initcall i8042_init+0x0/0x4c2 returned 0 after 243357 usecs
[   12.712034] ata3.00: applying bridge limits
[   12.717870] calling  serport_init+0x0/0x2c @ 1
[   12.740597] initcall serport_init+0x0/0x2c returned 0 after 270 usecs
[   12.753381] ata3.00: configured for UDMA/100
[   12.753498] calling  input_leds_init+0x0/0xc @ 1
[   12.769830] initcall input_leds_init+0x0/0xc returned 0 after 1943 usecs
[   12.781585] calling  evdev_init+0x0/0xc @ 1
[   12.790009] scsi 2:0:0:0: CD-ROM            QEMU     QEMU DVD-ROM     2.5+ PQ: 0 ANSI: 5
[   12.791580] initcall evdev_init+0x0/0xc returned 0 after 2214 usecs
[   12.812222] calling  atkbd_init+0x0/0x21 @ 1
[   12.830214] input: AT Translated Set 2 keyboard as /devices/platform/i8042/serio0/input/input1
[   12.843397] initcall atkbd_init+0x0/0x21 returned 0 after 22103 usecs
[   12.852867] calling  psmouse_init+0x0/0x7f @ 1
[   12.865859] sr 2:0:0:0: [sr0] scsi3-mmc drive: 4x/4x cd/rw xa/form2 tray
[   12.867747] initcall psmouse_init+0x0/0x7f returned 0 after 7744 usecs
[   12.880146] cdrom: Uniform CD-ROM driver Revision: 3.20
[   12.888267] calling  cmos_init+0x0/0x73 @ 1
[   12.909736] rtc_cmos 00:04: RTC can wake from S4
[   12.931660] rtc_cmos 00:04: registered as rtc0
[   12.948468] rtc_cmos 00:04: alarms up to one day, y3k, 242 bytes nvram, hpet irqs
[   12.960306] initcall cmos_init+0x0/0x73 returned 0 after 59296 usecs
[   12.969570] calling  smbalert_driver_init+0x0/0xe @ 1
[   12.977609] initcall smbalert_driver_init+0x0/0xe returned 0 after 1041 usecs
[   12.987659] calling  i2c_i801_init+0x0/0xc5 @ 1
[   13.011524] i801_smbus 0000:00:1f.3: SMBus using PCI interrupt
[   13.012933] sr 2:0:0:0: Attached scsi CD-ROM sr0
[   13.040525] i2c i2c-0: 1/1 memory slots populated (from DMI)
[   13.041709] sr 2:0:0:0: Attached scsi generic sg0 type 5
[   13.048654] i2c i2c-0: Memory type 0x07 not supported yet, not instantiating SPD
[   13.052978] initcall i2c_i801_init+0x0/0xc5 returned 0 after 56808 usecs
[   13.078304] calling  ptp_kvm_init+0x0/0xf0 @ 1
[   13.086704] initcall ptp_kvm_init+0x0/0xf0 returned 0 after 1630 usecs
[   13.105323] calling  dm_init+0x0/0x3c @ 1
[   13.114462] device-mapper: ioctl: 4.43.0-ioctl (2020-10-01) initialised: dm-devel@redhat.com
[   13.126901] initcall dm_init+0x0/0x3c returned 0 after 15116 usecs
[   13.135992] calling  dm_mirror_init+0x0/0x29 @ 1
[   13.143486] initcall dm_mirror_init+0x0/0x29 returned 0 after 3 usecs
[   13.152855] calling  dm_dirty_log_init+0x0/0x4f @ 1
[   13.165513] initcall dm_dirty_log_init+0x0/0x4f returned 0 after 208 usecs
[   13.175190] calling  dm_zero_init+0x0/0x29 @ 1
[   13.181711] initcall dm_zero_init+0x0/0x29 returned 0 after 39 usecs
[   13.196551] calling  intel_pstate_init+0x0/0x512 @ 1
[   13.203970] intel_pstate: CPU model not supported
[   13.211338] initcall intel_pstate_init+0x0/0x512 returned -19 after 7229 usecs
[   13.218582] tasks-torture: rcu_torture_read_exit: End of episode
[   13.222059] calling  haltpoll_init+0x0/0xc0 @ 1
[   13.237709] initcall haltpoll_init+0x0/0xc0 returned -19 after 39 usecs
[   13.248708] calling  efivars_sysfs_init+0x0/0x30 @ 1
[   13.257244] initcall efivars_sysfs_init+0x0/0x30 returned 0 after 464 usecs
[   13.268549] calling  esrt_sysfs_init+0x0/0x2a2 @ 1
[   13.275688] initcall esrt_sysfs_init+0x0/0x2a2 returned -38 after 28 usecs
[   13.285727] calling  hid_init+0x0/0x5c @ 1
[   13.295290] hid: raw HID events driver (C) Jiri Kosina
[   13.302497] initcall hid_init+0x0/0x5c returned 0 after 7551 usecs
[   13.315044] calling  hid_generic_init+0x0/0x15 @ 1
[   13.322167] initcall hid_generic_init+0x0/0x15 returned 0 after 103 usecs
[   13.332735] calling  a4_driver_init+0x0/0x15 @ 1
[   13.340191] initcall a4_driver_init+0x0/0x15 returned 0 after 314 usecs
[   13.349769] calling  apple_driver_init+0x0/0x15 @ 1
[   13.357807] initcall apple_driver_init+0x0/0x15 returned 0 after 982 usecs
[   13.368233] calling  belkin_driver_init+0x0/0x15 @ 1
[   13.375337] initcall belkin_driver_init+0x0/0x15 returned 0 after 290 usecs
[   13.386556] calling  ch_driver_init+0x0/0x15 @ 1
[   13.392653] initcall ch_driver_init+0x0/0x15 returned 0 after 228 usecs
[   13.407226] calling  ch_driver_init+0x0/0x15 @ 1
[   13.414205] initcall ch_driver_init+0x0/0x15 returned 0 after 49 usecs
[   13.433853] calling  cp_driver_init+0x0/0x15 @ 1
[   13.440584] initcall cp_driver_init+0x0/0x15 returned 0 after 263 usecs
[   13.466394] calling  ez_driver_init+0x0/0x15 @ 1
[   13.473076] initcall ez_driver_init+0x0/0x15 returned 0 after 54 usecs
[   13.482191] calling  gyration_driver_init+0x0/0x15 @ 1
[   13.489430] initcall gyration_driver_init+0x0/0x15 returned 0 after 52 usecs
[   13.512142] calling  ite_driver_init+0x0/0x15 @ 1
[   13.518761] initcall ite_driver_init+0x0/0x15 returned 0 after 53 usecs
[   13.537827] calling  ks_driver_init+0x0/0x15 @ 1
[   13.544255] initcall ks_driver_init+0x0/0x15 returned 0 after 54 usecs
[   13.552982] calling  lg_driver_init+0x0/0x15 @ 1
[   13.559295] initcall lg_driver_init+0x0/0x15 returned 0 after 88 usecs
[   13.568802] calling  lg_g15_driver_init+0x0/0x15 @ 1
[   13.576152] initcall lg_g15_driver_init+0x0/0x15 returned 0 after 94 usecs
[   13.585736] calling  ms_driver_init+0x0/0x15 @ 1
[   13.592788] initcall ms_driver_init+0x0/0x15 returned 0 after 55 usecs
[   13.603367] calling  mr_driver_init+0x0/0x15 @ 1
[   13.609984] initcall mr_driver_init+0x0/0x15 returned 0 after 54 usecs
[   13.620523] calling  ntrig_driver_init+0x0/0x15 @ 1
[   13.633553] initcall ntrig_driver_init+0x0/0x15 returned 0 after 326 usecs
[   13.648055] calling  pl_driver_init+0x0/0x15 @ 1
[   13.655352] initcall pl_driver_init+0x0/0x15 returned 0 after 272 usecs
[   13.666970] calling  pl_driver_init+0x0/0x15 @ 1
[   13.674188] initcall pl_driver_init+0x0/0x15 returned 0 after 411 usecs
[   13.683355] calling  redragon_driver_init+0x0/0x15 @ 1
[   13.690456] initcall redragon_driver_init+0x0/0x15 returned 0 after 249 usecs
[   13.700082] calling  samsung_driver_init+0x0/0x15 @ 1
[   13.707254] initcall samsung_driver_init+0x0/0x15 returned 0 after 269 usecs
[   13.717234] calling  sony_init+0x0/0x38 @ 1
[   13.723762] initcall sony_init+0x0/0x38 returned 0 after 376 usecs
[   13.747030] calling  sp_driver_init+0x0/0x15 @ 1
[   13.753310] initcall sp_driver_init+0x0/0x15 returned 0 after 59 usecs
[   13.763197] calling  ts_driver_init+0x0/0x15 @ 1
[   13.787642] initcall ts_driver_init+0x0/0x15 returned 0 after 6912 usecs
[   13.798765] calling  hid_init+0x0/0x58 @ 1
[   13.806225] usbcore: registered new interface driver usbhid
[   13.814330] usbhid: USB HID core driver
[   13.820040] initcall hid_init+0x0/0x58 returned 0 after 14896 usecs
[   13.828695] calling  eeepc_laptop_init+0x0/0x57 @ 1
[   13.839245] initcall eeepc_laptop_init+0x0/0x57 returned -19 after 3390 usecs
[   13.851106] calling  pmc_atom_init+0x0/0x27a @ 1
[   13.858872] initcall pmc_atom_init+0x0/0x27a returned -19 after 1247 usecs
[   13.868423] calling  alsa_hwdep_init+0x0/0x5e @ 1
[   13.879798] initcall alsa_hwdep_init+0x0/0x5e returned 0 after 4417 usecs
[   13.889100] calling  alsa_timer_init+0x0/0x1f9 @ 1
[   13.905698] initcall alsa_timer_init+0x0/0x1f9 returned 0 after 8451 usecs
[   13.915036] calling  snd_hrtimer_init+0x0/0x117 @ 1
[   13.921965] initcall snd_hrtimer_init+0x0/0x117 returned 0 after 5 usecs
[   13.930974] calling  alsa_pcm_init+0x0/0x64 @ 1
[   13.937295] initcall alsa_pcm_init+0x0/0x64 returned 0 after 18 usecs
[   13.946430] calling  alsa_seq_init+0x0/0x4a @ 1
[   13.970925] initcall alsa_seq_init+0x0/0x4a returned 0 after 2430 usecs
[   13.982143] calling  alsa_seq_dummy_init+0x0/0x9c @ 1
[   13.989513] initcall alsa_seq_dummy_init+0x0/0x9c returned 0 after 420 usecs
[   14.002397] calling  azx_driver_init+0x0/0x15 @ 1
[   14.011752] initcall azx_driver_init+0x0/0x15 returned 0 after 1178 usecs
[   14.022660] calling  sock_diag_init+0x0/0x2a @ 1
[   14.039741] initcall sock_diag_init+0x0/0x2a returned 0 after 10195 usecs
[   14.050479] calling  blackhole_init+0x0/0xc @ 1
[   14.063592] initcall blackhole_init+0x0/0xc returned 0 after 312 usecs
[   14.073726] calling  nfnetlink_init+0x0/0x61 @ 1
[   14.081369] initcall nfnetlink_init+0x0/0x61 returned 0 after 536 usecs
[   14.091174] calling  nfnetlink_log_init+0x0/0x99 @ 1
[   14.101321] initcall nfnetlink_log_init+0x0/0x99 returned 0 after 2994 usecs
[   14.110987] calling  nf_conntrack_standalone_init+0x0/0x87 @ 1
[   14.123575] initcall nf_conntrack_standalone_init+0x0/0x87 returned 0 after 4189 usecs
[   14.138555] calling  ctnetlink_init+0x0/0x83 @ 1
[   14.147299] initcall ctnetlink_init+0x0/0x83 returned 0 after 613 usecs
[   14.157572] calling  nf_conntrack_ftp_init+0x0/0x12c @ 1
[   14.167658] initcall nf_conntrack_ftp_init+0x0/0x12c returned 0 after 1369 usecs
[   14.178171] calling  nf_conntrack_irc_init+0x0/0x129 @ 1
[   14.185642] initcall nf_conntrack_irc_init+0x0/0x129 returned 0 after 27 usecs
[   14.195401] calling  nf_conntrack_sip_init+0x0/0x172 @ 1
[   14.202805] initcall nf_conntrack_sip_init+0x0/0x172 returned 0 after 29 usecs
[   14.204359] input: ImExPS/2 Generic Explorer Mouse as /devices/platform/i8042/serio1/input/input3
[   14.212179] calling  nf_nat_init+0x0/0xf0 @ 1
[   14.214390] initcall nf_nat_init+0x0/0xf0 returned 0 after 2151 usecs
[   14.214394] calling  nf_nat_ftp_init+0x0/0x2a @ 1
[   14.214411] initcall nf_nat_ftp_init+0x0/0x2a returned 0 after 11 usecs
[   14.214413] calling  nf_nat_irc_init+0x0/0x2a @ 1
[   14.214418] initcall nf_nat_irc_init+0x0/0x2a returned 0 after 1 usecs
[   14.214421] calling  nf_nat_sip_init+0x0/0x36 @ 1
[   14.214425] initcall nf_nat_sip_init+0x0/0x36 returned 0 after 1 usecs
[   14.214428] calling  xt_init+0x0/0x146 @ 1
[   14.214562] initcall xt_init+0x0/0x146 returned 0 after 127 usecs
[   14.214565] calling  tcpudp_mt_init+0x0/0x11 @ 1
[   14.214669] initcall tcpudp_mt_init+0x0/0x11 returned 0 after 97 usecs
[   14.214672] calling  connsecmark_tg_init+0x0/0xc @ 1
[   14.214704] initcall connsecmark_tg_init+0x0/0xc returned 0 after 14 usecs
[   14.214708] calling  nflog_tg_init+0x0/0xc @ 1
[   14.214712] initcall nflog_tg_init+0x0/0xc returned 0 after 0 usecs
[   14.214715] calling  secmark_tg_init+0x0/0x11 @ 1
[   14.214719] initcall secmark_tg_init+0x0/0x11 returned 0 after 1 usecs
[   14.214722] calling  tcpmss_tg_init+0x0/0x11 @ 1
[   14.214727] initcall tcpmss_tg_init+0x0/0x11 returned 0 after 1 usecs
