c[?7l[2J[0mSeaBIOS (version 1.16.0-debian-1.16.0-4)
Booting from ROM...
early console in setup code
c[?7l[2J[    0.000000] Linux version 5.10.151+ (root@joelboxx.c.googlers.com) (gcc (Debian 12.2.0-3) 12.2.0, GNU ld (GNU Binutils for Debian) 2.39) #12 SMP PREEMPT Tue Dec 13 09:17:55 UTC 2022
[    0.000000] Command line: selinux=0 initcall_debug debug console=ttyS0 rcutorture.torture_type=tasks rcutorture.onoff_interval=1000 rcutorture.onoff_holdoff=30 rcutorture.n_barrier_cbs=4 rcutorture.stat_interval=15 rcutorture.shutdown_secs=1800 rcutorture.test_no_idle_hz=1 rcutorture.verbose=1
[    0.000000] x86/fpu: x87 FPU will use FXSAVE
[    0.000000] BIOS-provided physical RAM map:
[    0.000000] BIOS-e820: [mem 0x0000000000000000-0x000000000009fbff] usable
[    0.000000] BIOS-e820: [mem 0x000000000009fc00-0x000000000009ffff] reserved
[    0.000000] BIOS-e820: [mem 0x00000000000f0000-0x00000000000fffff] reserved
[    0.000000] BIOS-e820: [mem 0x0000000000100000-0x000000001ffdefff] usable
[    0.000000] BIOS-e820: [mem 0x000000001ffdf000-0x000000001fffffff] reserved
[    0.000000] BIOS-e820: [mem 0x00000000b0000000-0x00000000bfffffff] reserved
[    0.000000] BIOS-e820: [mem 0x00000000fed1c000-0x00000000fed1ffff] reserved
[    0.000000] BIOS-e820: [mem 0x00000000feffc000-0x00000000feffffff] reserved
[    0.000000] BIOS-e820: [mem 0x00000000fffc0000-0x00000000ffffffff] reserved
[    0.000000] NX (Execute Disable) protection: active
[    0.000000] SMBIOS 2.8 present.
[    0.000000] DMI: QEMU Standard PC (Q35 + ICH9, 2009), BIOS 1.16.0-debian-1.16.0-4 04/01/2014
[    0.000000] Hypervisor detected: KVM
[    0.000000] kvm-clock: Using msrs 4b564d01 and 4b564d00
[    0.000000] kvm-clock: cpu 0, msr 16529001, primary cpu clock
[    0.000020] kvm-clock: using sched offset of 2907652441 cycles
[    0.000142] clocksource: kvm-clock: mask: 0xffffffffffffffff max_cycles: 0x1cd42e4dffb, max_idle_ns: 881590591483 ns
[    0.000227] tsc: Detected 1999.999 MHz processor
[    0.004331] e820: update [mem 0x00000000-0x00000fff] usable ==> reserved
[    0.004346] e820: remove [mem 0x000a0000-0x000fffff] usable
[    0.004357] last_pfn = 0x1ffdf max_arch_pfn = 0x400000000
[    0.007072] MTRR default type: write-back
[    0.007190] MTRR fixed ranges enabled:
[    0.007193]   00000-9FFFF write-back
[    0.007196]   A0000-BFFFF uncachable
[    0.007199]   C0000-FFFFF write-protect
[    0.007201] MTRR variable ranges enabled:
[    0.007205]   0 base 00C0000000 mask FFC0000000 uncachable
[    0.007207]   1 disabled
[    0.007209]   2 disabled
[    0.007211]   3 disabled
[    0.007213]   4 disabled
[    0.007215]   5 disabled
[    0.007217]   6 disabled
[    0.007223]   7 disabled
[    0.007587] x86/PAT: Configuration [0-7]: WB  WC  UC- UC  WB  WC  UC- UC  
[    0.016718] found SMP MP-table at [mem 0x000f5ba0-0x000f5baf]
[    0.017689] check: Scanning 1 areas for low memory corruption
[    0.026958] ACPI: Early table checksum verification disabled
[    0.028066] ACPI: RSDP 0x00000000000F59E0 000014 (v00 BOCHS )
[    0.028273] ACPI: RSDT 0x000000001FFE22F5 000038 (v01 BOCHS  BXPC     00000001 BXPC 00000001)
[    0.028417] ACPI: FACP 0x000000001FFE20E5 0000F4 (v03 BOCHS  BXPC     00000001 BXPC 00000001)
[    0.028483] ACPI: DSDT 0x000000001FFE0040 0020A5 (v01 BOCHS  BXPC     00000001 BXPC 00000001)
[    0.028492] ACPI: FACS 0x000000001FFE0000 000040
[    0.028499] ACPI: APIC 0x000000001FFE21D9 000080 (v01 BOCHS  BXPC     00000001 BXPC 00000001)
[    0.028506] ACPI: HPET 0x000000001FFE2259 000038 (v01 BOCHS  BXPC     00000001 BXPC 00000001)
[    0.028513] ACPI: MCFG 0x000000001FFE2291 00003C (v01 BOCHS  BXPC     00000001 BXPC 00000001)
[    0.028520] ACPI: WAET 0x000000001FFE22CD 000028 (v01 BOCHS  BXPC     00000001 BXPC 00000001)
[    0.028556] ACPI: Reserving FACP table memory at [mem 0x1ffe20e5-0x1ffe21d8]
[    0.028560] ACPI: Reserving DSDT table memory at [mem 0x1ffe0040-0x1ffe20e4]
[    0.028563] ACPI: Reserving FACS table memory at [mem 0x1ffe0000-0x1ffe003f]
[    0.028565] ACPI: Reserving APIC table memory at [mem 0x1ffe21d9-0x1ffe2258]
[    0.028567] ACPI: Reserving HPET table memory at [mem 0x1ffe2259-0x1ffe2290]
[    0.028570] ACPI: Reserving MCFG table memory at [mem 0x1ffe2291-0x1ffe22cc]
[    0.028573] ACPI: Reserving WAET table memory at [mem 0x1ffe22cd-0x1ffe22f4]
[    0.029115] ACPI: Local APIC address 0xfee00000
[    0.032758] No NUMA configuration found
[    0.032762] Faking a node at [mem 0x0000000000000000-0x000000001ffdefff]
[    0.032830] NODE_DATA(0) allocated [mem 0x1ffdb000-0x1ffdefff]
[    0.033885] Zone ranges:
[    0.033983]   DMA      [mem 0x0000000000001000-0x0000000000ffffff]
[    0.034009]   DMA32    [mem 0x0000000001000000-0x000000001ffdefff]
[    0.034013]   Normal   empty
[    0.034017] Movable zone start for each node
[    0.034019] Early memory node ranges
[    0.034022]   node   0: [mem 0x0000000000001000-0x000000000009efff]
[    0.034048]   node   0: [mem 0x0000000000100000-0x000000001ffdefff]
[    0.034096] Initmem setup node 0 [mem 0x0000000000001000-0x000000001ffdefff]
[    0.034121] On node 0 totalpages: 130941
[    0.034195]   DMA zone: 64 pages used for memmap
[    0.034198]   DMA zone: 21 pages reserved
[    0.034201]   DMA zone: 3998 pages, LIFO batch:0
[    0.034203]   DMA32 zone: 1984 pages used for memmap
[    0.034206]   DMA32 zone: 126943 pages, LIFO batch:31
[    0.036713] On node 0, zone DMA: 1 pages in unavailable ranges
[    0.038544] On node 0, zone DMA: 97 pages in unavailable ranges
[    0.083222] On node 0, zone DMA32: 33 pages in unavailable ranges
[    0.087124] ACPI: PM-Timer IO Port: 0x608
[    0.087136] ACPI: Local APIC address 0xfee00000
[    0.087274] ACPI: LAPIC_NMI (acpi_id[0xff] dfl dfl lint[0x1])
[    0.088100] IOAPIC[0]: apic_id 0, version 17, address 0xfec00000, GSI 0-23
[    0.088184] ACPI: INT_SRC_OVR (bus 0 bus_irq 0 global_irq 2 dfl dfl)
[    0.088208] ACPI: INT_SRC_OVR (bus 0 bus_irq 5 global_irq 5 high level)
[    0.088211] ACPI: INT_SRC_OVR (bus 0 bus_irq 9 global_irq 9 high level)
[    0.088267] ACPI: INT_SRC_OVR (bus 0 bus_irq 10 global_irq 10 high level)
[    0.088270] ACPI: INT_SRC_OVR (bus 0 bus_irq 11 global_irq 11 high level)
[    0.088304] ACPI: IRQ0 used by override.
[    0.088307] ACPI: IRQ5 used by override.
[    0.088310] ACPI: IRQ9 used by override.
[    0.088312] ACPI: IRQ10 used by override.
[    0.088314] ACPI: IRQ11 used by override.
[    0.088344] Using ACPI (MADT) for SMP configuration information
[    0.088349] ACPI: HPET id: 0x8086a201 base: 0xfed00000
[    0.088733] smpboot: Allowing 2 CPUs, 0 hotplug CPUs
[    0.089523] PM: hibernation: Registered nosave memory: [mem 0x00000000-0x00000fff]
[    0.089527] PM: hibernation: Registered nosave memory: [mem 0x0009f000-0x0009ffff]
[    0.089530] PM: hibernation: Registered nosave memory: [mem 0x000a0000-0x000effff]
[    0.089533] PM: hibernation: Registered nosave memory: [mem 0x000f0000-0x000fffff]
[    0.089538] [mem 0x20000000-0xafffffff] available for PCI devices
[    0.089598] Booting paravirtualized kernel on KVM
[    0.089916] clocksource: refined-jiffies: mask: 0xffffffff max_cycles: 0xffffffff, max_idle_ns: 1910969940391419 ns
[    0.106889] setup_percpu: NR_CPUS:2 nr_cpumask_bits:2 nr_cpu_ids:2 nr_node_ids:1
[    0.109434] percpu: Embedded 58 pages/cpu s198480 r8192 d30896 u1048576
[    0.109457] pcpu-alloc: s198480 r8192 d30896 u1048576 alloc=1*2097152
[    0.109482] pcpu-alloc: [0] 0 1 
[    0.109719] kvm-guest: stealtime: cpu 0, msr 1f41bb40
[    0.110474] Built 1 zonelists, mobility grouping on.  Total pages: 128872
[    0.110480] Policy zone: DMA32
[    0.110504] Kernel command line: selinux=0 initcall_debug debug console=ttyS0 rcutorture.torture_type=tasks rcutorture.onoff_interval=1000 rcutorture.onoff_holdoff=30 rcutorture.n_barrier_cbs=4 rcutorture.stat_interval=15 rcutorture.shutdown_secs=1800 rcutorture.test_no_idle_hz=1 rcutorture.verbose=1
[    0.113998] Dentry cache hash table entries: 65536 (order: 7, 524288 bytes, linear)
[    0.114813] Inode-cache hash table entries: 32768 (order: 6, 262144 bytes, linear)
[    0.115223] mem auto-init: stack:all(zero), heap alloc:off, heap free:off
[    0.120364] Memory: 466776K/523764K available (16398K kernel code, 2805K rwdata, 4836K rodata, 1516K init, 13268K bss, 56728K reserved, 0K cma-reserved)
[    0.120707] SLUB: HWalign=64, Order=0-3, MinObjects=0, CPUs=2, Nodes=1
[    0.120891] Kernel/User page tables isolation: enabled
[    0.124909] Running RCU self tests
[    0.125048] rcu: Preemptible hierarchical RCU implementation.
[    0.125051] rcu: 	RCU event tracing is enabled.
[    0.125054] rcu: 	RCU lockdep checking is enabled.
[    0.125065] 	Trampoline variant of Tasks RCU enabled.
[    0.125068] 	Rude variant of Tasks RCU enabled.
[    0.125070] 	Tracing variant of Tasks RCU enabled.
[    0.125093] rcu: RCU calculated value of scheduler-enlistment delay is 100 jiffies.
[    0.130164] NR_IRQS: 4352, nr_irqs: 440, preallocated irqs: 16
[    0.131785] calling  con_init+0x0/0x24f @ 0
[    0.229112] Console: colour VGA+ 80x25
[    0.231130] initcall con_init+0x0/0x24f returned 0 after 0 usecs
[    0.231213] calling  hvc_console_init+0x0/0x13 @ 0
[    0.231238] initcall hvc_console_init+0x0/0x13 returned 0 after 0 usecs
[    0.231242] calling  univ8250_console_init+0x0/0x26 @ 0
[    1.136123] printk: console [ttyS0] enabled
[    1.140577] initcall univ8250_console_init+0x0/0x26 returned 0 after 0 usecs
[    1.148149] Lock dependency validator: Copyright (c) 2006 Red Hat, Inc., Ingo Molnar
[    1.156395] ... MAX_LOCKDEP_SUBCLASSES:  8
[    1.160773] ... MAX_LOCK_DEPTH:          48
[    1.165251] ... MAX_LOCKDEP_KEYS:        8192
[    1.169885] ... CLASSHASH_SIZE:          4096
[    1.174498] ... MAX_LOCKDEP_ENTRIES:     32768
[    1.179141] ... MAX_LOCKDEP_CHAINS:      65536
[    1.183787] ... CHAINHASH_SIZE:          32768
[    1.188588]  memory used by lock dependency info: 6365 kB
[    1.194314]  memory used for stack traces: 4224 kB
[    1.199384]  per task-struct memory footprint: 1920 bytes
[    1.208152] ACPI: Core revision 20200925
[    1.215178] clocksource: hpet: mask: 0xffffffff max_cycles: 0xffffffff, max_idle_ns: 19112604467 ns
[    1.228139] APIC: Switch to symmetric I/O mode setup
[    1.250206] ..TIMER: vector=0x30 apic1=0 pin1=2 apic2=-1 pin2=-1
[    1.257385] clocksource: tsc-early: mask: 0xffffffffffffffff max_cycles: 0x39a85afc727, max_idle_ns: 881590685098 ns
[    1.269069] Calibrating delay loop (skipped) preset value.. 3999.99 BogoMIPS (lpj=1999999)
[    1.270791] pid_max: default: 32768 minimum: 301
[    1.273692] LSM: Security Framework initializing
[    1.276192] Mount-cache hash table entries: 1024 (order: 1, 8192 bytes, linear)
[    1.276827] Mountpoint-cache hash table entries: 1024 (order: 1, 8192 bytes, linear)
[    1.288571] Last level iTLB entries: 4KB 0, 2MB 0, 4MB 0
[    1.288765] Last level dTLB entries: 4KB 0, 2MB 0, 4MB 0, 1GB 0
[    1.289846] Spectre V1 : Mitigation: usercopy/swapgs barriers and __user pointer sanitization
[    1.290766] Spectre V2 : Mitigation: Retpolines
[    1.291763] Spectre V2 : Spectre v2 / SpectreRSB mitigation: Filling RSB on context switch
[    1.292764] Spectre V2 : Spectre v2 / SpectreRSB : Filling RSB on VMEXIT
[    1.293764] Speculative Store Bypass: Vulnerable
[    1.294802] MDS: Vulnerable: Clear CPU buffers attempted, no microcode
[    1.295763] MMIO Stale Data: Unknown: No mitigations
[    1.370511] Freeing SMP alternatives memory: 40K
[    1.475636] smpboot: CPU0: Intel Common KVM processor (family: 0xf, model: 0x6, stepping: 0x1)
[    1.478637] calling  init_hw_perf_events+0x0/0x6ce @ 1
[    1.478768] Performance Events: unsupported Netburst CPU model 6 no PMU driver, software events only.
[    1.479773] initcall init_hw_perf_events+0x0/0x6ce returned 0 after 976 usecs
[    1.480771] calling  init_real_mode+0x0/0x1e9 @ 1
[    1.482155] initcall init_real_mode+0x0/0x1e9 returned 0 after 0 usecs
[    1.482771] calling  trace_init_perf_perm_irq_work_exit+0x0/0x12 @ 1
[    1.483788] initcall trace_init_perf_perm_irq_work_exit+0x0/0x12 returned 0 after 0 usecs
[    1.484785] calling  validate_x2apic+0x0/0x4a @ 1
[    1.485800] initcall validate_x2apic+0x0/0x4a returned 0 after 0 usecs
[    1.486770] calling  register_nmi_cpu_backtrace_handler+0x0/0x15 @ 1
[    1.487791] initcall register_nmi_cpu_backtrace_handler+0x0/0x15 returned 0 after 0 usecs
[    1.488771] calling  kvm_setup_vsyscall_timeinfo+0x0/0xd1 @ 1
[    1.489770] initcall kvm_setup_vsyscall_timeinfo+0x0/0xd1 returned 0 after 0 usecs
[    1.490787] calling  spawn_ksoftirqd+0x0/0x38 @ 1
[    1.492075] initcall spawn_ksoftirqd+0x0/0x38 returned 0 after 0 usecs
[    1.492772] calling  migration_init+0x0/0x31 @ 1
[    1.493774] initcall migration_init+0x0/0x31 returned 0 after 0 usecs
[    1.494770] calling  srcu_bootup_announce+0x0/0x2f @ 1
[    1.496774] rcu: Hierarchical SRCU implementation.
[    1.497784] initcall srcu_bootup_announce+0x0/0x2f returned 0 after 976 usecs
[    1.499766] calling  rcu_spawn_gp_kthread+0x0/0x1b0 @ 1
[    1.501914] initcall rcu_spawn_gp_kthread+0x0/0x1b0 returned 0 after 976 usecs
[    1.502783] calling  check_cpu_stall_init+0x0/0x1a @ 1
[    1.503787] initcall check_cpu_stall_init+0x0/0x1a returned 0 after 0 usecs
[    1.504767] calling  rcu_sysrq_init+0x0/0x21 @ 1
[    1.505838] initcall rcu_sysrq_init+0x0/0x21 returned 0 after 0 usecs
[    1.506815] calling  trace_init_flags_sys_enter+0x0/0xe @ 1
[    1.507817] initcall trace_init_flags_sys_enter+0x0/0xe returned 0 after 0 usecs
[    1.508767] calling  trace_init_flags_sys_exit+0x0/0xe @ 1
[    1.509769] initcall trace_init_flags_sys_exit+0x0/0xe returned 0 after 0 usecs
[    1.510767] calling  cpu_stop_init+0x0/0x8d @ 1
[    1.512904] initcall cpu_stop_init+0x0/0x8d returned 0 after 976 usecs
[    1.513768] calling  init_kprobes+0x0/0x16e @ 1
[    1.516002] initcall init_kprobes+0x0/0x16e returned 0 after 976 usecs
[    1.516766] calling  init_events+0x0/0x3d @ 1
[    1.518206] initcall init_events+0x0/0x3d returned 0 after 0 usecs
[    1.518766] calling  init_trace_printk+0x0/0xc @ 1
[    1.519767] initcall init_trace_printk+0x0/0xc returned 0 after 0 usecs
[    1.520766] calling  event_trace_enable_again+0x0/0x23 @ 1
[    1.521766] initcall event_trace_enable_again+0x0/0x23 returned 0 after 0 usecs
[    1.522767] calling  static_call_init+0x0/0x79 @ 1
[    1.523766] initcall static_call_init+0x0/0x79 returned 0 after 0 usecs
[    1.524765] calling  jump_label_init_module+0x0/0xc @ 1
[    1.525766] initcall jump_label_init_module+0x0/0xc returned 0 after 0 usecs
[    1.526781] calling  init_zero_pfn+0x0/0x37 @ 1
[    1.527765] initcall init_zero_pfn+0x0/0x37 returned 0 after 0 usecs
[    1.529765] calling  initialize_ptr_random+0x0/0x54 @ 1
[    1.531765] initcall initialize_ptr_random+0x0/0x54 returned 0 after 976 usecs
[    1.532809] calling  efi_memreserve_root_init+0x0/0x25 @ 1
[    1.533812] initcall efi_memreserve_root_init+0x0/0x25 returned 0 after 0 usecs
[    1.534765] calling  efi_earlycon_remap_fb+0x0/0x51 @ 1
[    1.535766] initcall efi_earlycon_remap_fb+0x0/0x51 returned 0 after 0 usecs
[    1.537278] smp: Bringing up secondary CPUs ...
[    1.539411] x86: Booting SMP configuration:
[    1.539788] .... node  #0, CPUs:      #1
[    1.132807] kvm-clock: cpu 1, msr 16529041, secondary cpu clock
[    1.565815] kvm-guest: stealtime: cpu 1, msr 1f51bb40
[    1.580205] smp: Brought up 1 node, 2 CPUs
[    1.580772] smpboot: Max logical packages: 1
[    1.581769] smpboot: Total of 2 processors activated (7999.99 BogoMIPS)
[    1.603074] devtmpfs: initialized
[    1.612364] calling  ipc_ns_init+0x0/0x3d @ 1
[    1.617831] initcall ipc_ns_init+0x0/0x3d returned 0 after 0 usecs
[    1.624777] calling  init_mmap_min_addr+0x0/0x21 @ 1
[    1.630772] initcall init_mmap_min_addr+0x0/0x21 returned 0 after 0 usecs
[    1.638770] calling  pci_realloc_setup_params+0x0/0x3f @ 1
[    1.644769] initcall pci_realloc_setup_params+0x0/0x3f returned 0 after 0 usecs
[    1.652773] calling  net_ns_init+0x0/0x140 @ 1
[    1.660065] initcall net_ns_init+0x0/0x140 returned 0 after 976 usecs
[    1.660805] calling  e820__register_nvs_regions+0x0/0x37 @ 1
[    1.661789] initcall e820__register_nvs_regions+0x0/0x37 returned 0 after 0 usecs
[    1.662771] calling  cpufreq_register_tsc_scaling+0x0/0x2e @ 1
[    1.663771] initcall cpufreq_register_tsc_scaling+0x0/0x2e returned 0 after 0 usecs
[    1.664772] calling  reboot_init+0x0/0x3c @ 1
[    1.665818] initcall reboot_init+0x0/0x3c returned 0 after 0 usecs
[    1.667770] calling  init_lapic_sysfs+0x0/0x20 @ 1
[    1.668784] initcall init_lapic_sysfs+0x0/0x20 returned 0 after 0 usecs
[    1.669768] calling  alloc_frozen_cpus+0x0/0x7 @ 1
[    1.671767] initcall alloc_frozen_cpus+0x0/0x7 returned 0 after 0 usecs
[    1.672772] calling  cpu_hotplug_pm_sync_init+0x0/0x13 @ 1
[    1.673807] initcall cpu_hotplug_pm_sync_init+0x0/0x13 returned 0 after 0 usecs
[    1.674772] calling  wq_sysfs_init+0x0/0x2a @ 1
[    1.675888] initcall wq_sysfs_init+0x0/0x2a returned 0 after 0 usecs
[    1.676773] calling  ksysfs_init+0x0/0x92 @ 1
[    1.677829] initcall ksysfs_init+0x0/0x92 returned 0 after 0 usecs
[    1.678772] calling  schedutil_gov_init+0x0/0xc @ 1
[    1.680013] initcall schedutil_gov_init+0x0/0xc returned 0 after 0 usecs
[    1.680770] calling  pm_init+0x0/0x76 @ 1
[    1.681909] initcall pm_init+0x0/0x76 returned 0 after 0 usecs
[    1.682768] calling  pm_disk_init+0x0/0x13 @ 1
[    1.683820] initcall pm_disk_init+0x0/0x13 returned 0 after 0 usecs
[    1.684767] calling  swsusp_header_init+0x0/0x2b @ 1
[    1.685769] initcall swsusp_header_init+0x0/0x2b returned 0 after 0 usecs
[    1.686767] calling  rcu_set_runtime_mode+0x0/0x2a @ 1
[    1.689935] initcall rcu_set_runtime_mode+0x0/0x2a returned 0 after 1953 usecs
[    1.690774] calling  init_jiffies_clocksource+0x0/0x13 @ 1
[    1.691767] clocksource: jiffies: mask: 0xffffffff max_cycles: 0xffffffff, max_idle_ns: 1911260446275000 ns
[    1.692776] initcall init_jiffies_clocksource+0x0/0x13 returned 0 after 976 usecs
[    1.693770] calling  futex_init+0x0/0x11b @ 1
[    1.694771] futex hash table entries: 512 (order: 4, 65536 bytes, linear)
[    1.695822] initcall futex_init+0x0/0x11b returned 0 after 976 usecs
[    1.696768] calling  cgroup_wq_init+0x0/0x28 @ 1
[    1.697785] initcall cgroup_wq_init+0x0/0x28 returned 0 after 0 usecs
[    1.698772] calling  cgroup1_wq_init+0x0/0x28 @ 1
[    1.699801] initcall cgroup1_wq_init+0x0/0x28 returned 0 after 0 usecs
[    1.700770] calling  init_kprobe_trace_early+0x0/0x2a @ 1
[    1.702058] initcall init_kprobe_trace_early+0x0/0x2a returned 0 after 0 usecs
[    1.702769] calling  fsnotify_init+0x0/0x56 @ 1
[    1.703817] initcall fsnotify_init+0x0/0x56 returned 0 after 0 usecs
[    1.704770] calling  filelock_init+0x0/0xb3 @ 1
[    1.705791] initcall filelock_init+0x0/0xb3 returned 0 after 0 usecs
[    1.706768] calling  init_misc_binfmt+0x0/0x2c @ 1
[    1.708816] initcall init_misc_binfmt+0x0/0x2c returned 0 after 976 usecs
[    1.709769] calling  init_script_binfmt+0x0/0x15 @ 1
[    1.711768] initcall init_script_binfmt+0x0/0x15 returned 0 after 0 usecs
[    1.712768] calling  init_elf_binfmt+0x0/0x15 @ 1
[    1.713798] initcall init_elf_binfmt+0x0/0x15 returned 0 after 0 usecs
[    1.714772] calling  init_compat_elf_binfmt+0x0/0x15 @ 1
[    1.715775] initcall init_compat_elf_binfmt+0x0/0x15 returned 0 after 0 usecs
[    1.716776] calling  debugfs_init+0x0/0x5c @ 1
[    1.717824] initcall debugfs_init+0x0/0x5c returned 0 after 0 usecs
[    1.718768] calling  tracefs_init+0x0/0x3a @ 1
[    1.720789] initcall tracefs_init+0x0/0x3a returned 0 after 0 usecs
[    1.721767] calling  prandom_init_early+0x0/0x15d @ 1
[    1.722769] initcall prandom_init_early+0x0/0x15d returned 0 after 0 usecs
[    1.723807] calling  virtio_init+0x0/0x20 @ 1
[    1.724817] initcall virtio_init+0x0/0x20 returned 0 after 0 usecs
[    1.725768] calling  iommu_init+0x0/0x2a @ 1
[    1.726804] initcall iommu_init+0x0/0x2a returned 0 after 0 usecs
[    1.727770] calling  component_debug_init+0x0/0x1c @ 1
[    1.729148] initcall component_debug_init+0x0/0x1c returned 0 after 0 usecs
[    1.729768] calling  early_resume_init+0x0/0xb9 @ 1
[    1.732356] PM: RTC time: 09:27:29, date: 2022-12-13
[    1.732771] initcall early_resume_init+0x0/0xb9 returned 0 after 1953 usecs
[    1.734769] calling  cpufreq_core_init+0x0/0x62 @ 1
[    1.736773] initcall cpufreq_core_init+0x0/0x62 returned 0 after 976 usecs
[    1.737768] calling  cpufreq_gov_performance_init+0x0/0xc @ 1
[    1.738770] initcall cpufreq_gov_performance_init+0x0/0xc returned 0 after 0 usecs
[    1.739767] calling  cpufreq_gov_userspace_init+0x0/0xc @ 1
[    1.740769] initcall cpufreq_gov_userspace_init+0x0/0xc returned 0 after 0 usecs
[    1.741767] calling  CPU_FREQ_GOV_ONDEMAND_init+0x0/0xc @ 1
[    1.742808] initcall CPU_FREQ_GOV_ONDEMAND_init+0x0/0xc returned 0 after 0 usecs
[    1.743769] calling  cpuidle_init+0x0/0x1f @ 1
[    1.744800] initcall cpuidle_init+0x0/0x1f returned 0 after 0 usecs
[    1.745768] calling  capsule_reboot_register+0x0/0xc @ 1
[    1.746805] initcall capsule_reboot_register+0x0/0xc returned 0 after 0 usecs
[    1.747768] calling  sock_init+0x0/0x93 @ 1
[    1.751814] initcall sock_init+0x0/0x93 returned 0 after 2929 usecs
[    1.752769] calling  net_inuse_init+0x0/0x23 @ 1
[    1.754091] initcall net_inuse_init+0x0/0x23 returned 0 after 0 usecs
[    1.754768] calling  net_defaults_init+0x0/0x23 @ 1
[    1.756777] initcall net_defaults_init+0x0/0x23 returned 0 after 0 usecs
[    1.757768] calling  init_default_flow_dissectors+0x0/0x4f @ 1
[    1.758825] initcall init_default_flow_dissectors+0x0/0x4f returned 0 after 0 usecs
[    1.759769] calling  netpoll_init+0x0/0x44 @ 1
[    1.760770] initcall netpoll_init+0x0/0x44 returned 0 after 0 usecs
[    1.761768] calling  netlink_proto_init+0x0/0x154 @ 1
[    1.764015] NET: Registered protocol family 16
[    1.765227] initcall netlink_proto_init+0x0/0x154 returned 0 after 1953 usecs
[    1.766767] calling  genl_init+0x0/0x35 @ 1
[    1.768815] initcall genl_init+0x0/0x35 returned 0 after 976 usecs
[    1.769894] calling  bsp_pm_check_init+0x0/0x13 @ 1
[    1.770775] initcall bsp_pm_check_init+0x0/0x13 returned 0 after 0 usecs
[    1.771848] calling  irq_sysfs_init+0x0/0xb9 @ 1
[    1.773129] initcall irq_sysfs_init+0x0/0xb9 returned 0 after 0 usecs
[    1.773773] calling  audit_init+0x0/0x127 @ 1
[    1.774815] audit: initializing netlink subsys (disabled)
[    1.778939] initcall audit_init+0x0/0x127 returned 0 after 4882 usecs
[    1.779900] audit: type=2000 audit(1670923648.427:1): state=initialized audit_enabled=0 res=1
[    1.780771] calling  release_early_probes+0x0/0x32 @ 1
[    1.780776] initcall release_early_probes+0x0/0x32 returned 0 after 0 usecs
[    1.796773] calling  bdi_class_init+0x0/0x48 @ 1
[    1.801962] initcall bdi_class_init+0x0/0x48 returned 0 after 0 usecs
[    1.809770] calling  mm_sysfs_init+0x0/0x28 @ 1
[    1.815782] initcall mm_sysfs_init+0x0/0x28 returned 0 after 0 usecs
[    1.822772] calling  init_per_zone_wmark_min+0x0/0x6d @ 1
[    1.829809] initcall init_per_zone_wmark_min+0x0/0x6d returned 0 after 0 usecs
[    1.837776] calling  mpi_init+0x0/0x3e @ 1
[    1.842796] initcall mpi_init+0x0/0x3e returned 0 after 0 usecs
[    1.849768] calling  kobject_uevent_init+0x0/0xc @ 1
[    1.856913] initcall kobject_uevent_init+0x0/0xc returned 0 after 0 usecs
[    1.864799] calling  pcibus_class_init+0x0/0x13 @ 1
[    1.870814] initcall pcibus_class_init+0x0/0x13 returned 0 after 0 usecs
[    1.877767] calling  pci_driver_init+0x0/0x21 @ 1
[    1.883855] initcall pci_driver_init+0x0/0x21 returned 0 after 0 usecs
[    1.891769] calling  backlight_class_init+0x0/0xa8 @ 1
[    1.898829] initcall backlight_class_init+0x0/0xa8 returned 0 after 0 usecs
[    1.906777] calling  tty_class_init+0x0/0x33 @ 1
[    1.912791] initcall tty_class_init+0x0/0x33 returned 0 after 0 usecs
[    1.920768] calling  vtconsole_class_init+0x0/0xb5 @ 1
[    1.927244] initcall vtconsole_class_init+0x0/0xb5 returned 0 after 976 usecs
[    1.934769] calling  iommu_dev_init+0x0/0x13 @ 1
[    1.940803] initcall iommu_dev_init+0x0/0x13 returned 0 after 0 usecs
[    1.948819] calling  mipi_dsi_bus_init+0x0/0xc @ 1
[    1.953798] initcall mipi_dsi_bus_init+0x0/0xc returned 0 after 0 usecs
[    1.961770] calling  devlink_class_init+0x0/0x40 @ 1
[    1.968828] initcall devlink_class_init+0x0/0x40 returned 0 after 0 usecs
[    1.976776] calling  software_node_init+0x0/0x2a @ 1
[    1.982779] initcall software_node_init+0x0/0x2a returned 0 after 0 usecs
[    1.990769] calling  wakeup_sources_debugfs_init+0x0/0x23 @ 1
[    1.997815] initcall wakeup_sources_debugfs_init+0x0/0x23 returned 0 after 0 usecs
[    2.006770] calling  wakeup_sources_sysfs_init+0x0/0x2c @ 1
[    2.013792] initcall wakeup_sources_sysfs_init+0x0/0x2c returned 0 after 0 usecs
[    2.022783] calling  register_node_type+0x0/0x13 @ 1
[    2.028904] initcall register_node_type+0x0/0x13 returned 0 after 0 usecs
[    2.037771] calling  regmap_initcall+0x0/0xc @ 1
[    2.043767] initcall regmap_initcall+0x0/0xc returned 0 after 0 usecs
[    2.051769] calling  i2c_init+0x0/0xb3 @ 1
[    2.057076] initcall i2c_init+0x0/0xb3 returned 0 after 0 usecs
[    2.064785] calling  thermal_init+0x0/0x116 @ 1
[    2.069949] thermal_sys: Registered thermal governor 'step_wise'
[    2.069954] thermal_sys: Registered thermal governor 'user_space'
[    2.077794] initcall thermal_init+0x0/0x116 returned 0 after 7812 usecs
[    2.093770] calling  init_menu+0x0/0xc @ 1
[    2.098946] cpuidle: using governor menu
[    2.103775] initcall init_menu+0x0/0xc returned 0 after 4882 usecs
[    2.108776] calling  pcc_init+0x0/0x4d @ 1
[    2.113773] initcall pcc_init+0x0/0x4d returned -19 after 0 usecs
[    2.120771] calling  amd_postcore_init+0x0/0x11e @ 1
[    2.126771] initcall amd_postcore_init+0x0/0x11e returned 0 after 0 usecs
[    2.134800] calling  bts_init+0x0/0xba @ 1
[    2.140770] initcall bts_init+0x0/0xba returned -19 after 0 usecs
[    2.147766] calling  pt_init+0x0/0x34d @ 1
[    2.152769] initcall pt_init+0x0/0x34d returned -19 after 0 usecs
[    2.159768] calling  boot_params_ksysfs_init+0x0/0x2ee @ 1
[    2.166854] initcall boot_params_ksysfs_init+0x0/0x2ee returned 0 after 0 usecs
[    2.174775] calling  sbf_init+0x0/0xea @ 1
[    2.179767] initcall sbf_init+0x0/0xea returned 0 after 0 usecs
[    2.186766] calling  arch_kdebugfs_init+0x0/0x219 @ 1
[    2.192965] initcall arch_kdebugfs_init+0x0/0x219 returned 0 after 0 usecs
[    2.200771] calling  intel_pconfig_init+0x0/0x85 @ 1
[    2.206769] initcall intel_pconfig_init+0x0/0x85 returned 0 after 0 usecs
[    2.214772] calling  mtrr_if_init+0x0/0x5d @ 1
[    2.220779] initcall mtrr_if_init+0x0/0x5d returned 0 after 0 usecs
[    2.227766] calling  activate_jump_labels+0x0/0x31 @ 1
[    2.233770] initcall activate_jump_labels+0x0/0x31 returned 0 after 0 usecs
[    2.241777] calling  ffh_cstate_init+0x0/0x29 @ 1
[    2.247774] initcall ffh_cstate_init+0x0/0x29 returned 0 after 0 usecs
[    2.254770] calling  activate_jump_labels+0x0/0x31 @ 1
[    2.261982] initcall activate_jump_labels+0x0/0x31 returned 0 after 976 usecs
[    2.270781] calling  kvm_alloc_cpumask+0x0/0x74 @ 1
[    2.275818] initcall kvm_alloc_cpumask+0x0/0x74 returned 0 after 0 usecs
[    2.283769] calling  kcmp_cookies_init+0x0/0x37 @ 1
[    2.289775] initcall kcmp_cookies_init+0x0/0x37 returned 0 after 0 usecs
[    2.297777] calling  cryptomgr_init+0x0/0xc @ 1
[    2.303877] initcall cryptomgr_init+0x0/0xc returned 0 after 0 usecs
[    2.311776] calling  acpi_pci_init+0x0/0x57 @ 1
[    2.316781] ACPI: bus type PCI registered
[    2.318771] initcall acpi_pci_init+0x0/0x57 returned 0 after 1953 usecs
[    2.327771] calling  dma_channel_table_init+0x0/0xd1 @ 1
[    2.333788] initcall dma_channel_table_init+0x0/0xd1 returned 0 after 0 usecs
[    2.342769] calling  dma_bus_init+0x0/0xdc @ 1
[    2.347980] initcall dma_bus_init+0x0/0xdc returned 0 after 0 usecs
[    2.355839] calling  iommu_dma_init+0x0/0x10 @ 1
[    2.361793] initcall iommu_dma_init+0x0/0x10 returned 0 after 0 usecs
[    2.369771] calling  dmi_id_init+0x0/0x37c @ 1
[    2.375787] initcall dmi_id_init+0x0/0x37c returned 0 after 0 usecs
[    2.383770] calling  pci_arch_init+0x0/0x71 @ 1
[    2.390006] PCI: MMCONFIG for domain 0000 [bus 00-ff] at [mem 0xb0000000-0xbfffffff] (base 0xb0000000)
[    2.401772] PCI: MMCONFIG at [mem 0xb0000000-0xbfffffff] reserved in E820
[    2.409856] PCI: Using configuration type 1 for base access
[    2.416808] initcall pci_arch_init+0x0/0x71 returned 0 after 27343 usecs
[    2.424791] calling  init_vdso+0x0/0x13 @ 1
[    2.429784] initcall init_vdso+0x0/0x13 returned 0 after 0 usecs
[    2.436771] calling  sysenter_setup+0x0/0x13 @ 1
[    2.444844] initcall sysenter_setup+0x0/0x13 returned 0 after 0 usecs
[    2.454772] calling  fixup_ht_bug+0x0/0xe5 @ 1
[    2.460770] initcall fixup_ht_bug+0x0/0xe5 returned 0 after 0 usecs
[    2.470771] calling  topology_init+0x0/0x88 @ 1
[    2.478168] initcall topology_init+0x0/0x88 returned 0 after 0 usecs
[    2.487773] calling  intel_epb_init+0x0/0x68 @ 1
[    2.494772] initcall intel_epb_init+0x0/0x68 returned -19 after 0 usecs
[    2.504771] calling  mtrr_init_finialize+0x0/0x3e @ 1
[    2.511777] initcall mtrr_init_finialize+0x0/0x3e returned 0 after 0 usecs
[    2.521771] calling  uid_cache_init+0x0/0x85 @ 1
[    2.528822] initcall uid_cache_init+0x0/0x85 returned 0 after 0 usecs
[    2.536775] calling  param_sysfs_init+0x0/0x1ba @ 1
[    2.557570] initcall param_sysfs_init+0x0/0x1ba returned 0 after 14648 usecs
[    2.565789] calling  user_namespace_sysctl_init+0x0/0x33 @ 1
[    2.572786] initcall user_namespace_sysctl_init+0x0/0x33 returned 0 after 0 usecs
[    2.581774] calling  proc_schedstat_init+0x0/0x24 @ 1
[    2.587775] initcall proc_schedstat_init+0x0/0x24 returned 0 after 0 usecs
[    2.595766] calling  pm_sysrq_init+0x0/0x18 @ 1
[    2.600825] initcall pm_sysrq_init+0x0/0x18 returned 0 after 0 usecs
[    2.604898] calling  create_proc_profile+0x0/0xd0 @ 1
[    2.611826] initcall create_proc_profile+0x0/0xd0 returned 0 after 0 usecs
[    2.620768] calling  time_ns_init+0x0/0x7 @ 1
[    2.624768] initcall time_ns_init+0x0/0x7 returned 0 after 0 usecs
[    2.632768] calling  crash_save_vmcoreinfo_init+0x0/0x722 @ 1
[    2.639844] initcall crash_save_vmcoreinfo_init+0x0/0x722 returned 0 after 0 usecs
[    2.648775] calling  crash_notes_memory_init+0x0/0x35 @ 1
[    2.654777] initcall crash_notes_memory_init+0x0/0x35 returned 0 after 0 usecs
[    2.659768] calling  cgroup_sysfs_init+0x0/0x13 @ 1
[    2.665185] initcall cgroup_sysfs_init+0x0/0x13 returned 0 after 0 usecs
[    2.672769] calling  cgroup_namespaces_init+0x0/0x7 @ 1
[    2.678769] initcall cgroup_namespaces_init+0x0/0x7 returned 0 after 0 usecs
[    2.688770] calling  init_optprobes+0x0/0x13 @ 1
[    2.694782] Kprobes globally optimized
[    2.699770] initcall init_optprobes+0x0/0x13 returned 0 after 4882 usecs
[    2.707769] calling  oom_init+0x0/0x2f @ 1
[    2.713071] initcall oom_init+0x0/0x2f returned 0 after 976 usecs
[    2.720786] calling  default_bdi_init+0x0/0xb3 @ 1
[    2.727947] initcall default_bdi_init+0x0/0xb3 returned 0 after 976 usecs
[    2.728781] calling  percpu_enable_async+0x0/0xe @ 1
[    2.729770] initcall percpu_enable_async+0x0/0xe returned 0 after 0 usecs
[    2.730767] calling  kcompactd_init+0x0/0x8d @ 1
[    2.733013] initcall kcompactd_init+0x0/0x8d returned 0 after 0 usecs
[    2.733826] calling  init_user_reserve+0x0/0x40 @ 1
[    2.734772] initcall init_user_reserve+0x0/0x40 returned 0 after 0 usecs
[    2.735772] calling  init_admin_reserve+0x0/0x40 @ 1
[    2.736769] initcall init_admin_reserve+0x0/0x40 returned 0 after 0 usecs
[    2.737771] calling  init_reserve_notifier+0x0/0x7 @ 1
[    2.738768] initcall init_reserve_notifier+0x0/0x7 returned 0 after 0 usecs
[    2.739769] calling  swap_init_sysfs+0x0/0x62 @ 1
[    2.740786] initcall swap_init_sysfs+0x0/0x62 returned 0 after 0 usecs
[    2.741768] calling  swapfile_init+0x0/0x94 @ 1
[    2.742785] initcall swapfile_init+0x0/0x94 returned 0 after 0 usecs
[    2.743770] calling  hugetlb_init+0x0/0x49c @ 1
[    2.744771] HugeTLB registered 2.00 MiB page size, pre-allocated 0 pages
[    2.745830] initcall hugetlb_init+0x0/0x49c returned 0 after 976 usecs
[    2.746786] calling  io_wq_init+0x0/0x34 @ 1
[    2.747771] initcall io_wq_init+0x0/0x34 returned 0 after 0 usecs
[    2.748767] calling  seqiv_module_init+0x0/0xc @ 1
[    2.749931] initcall seqiv_module_init+0x0/0xc returned 0 after 0 usecs
[    2.750768] calling  echainiv_module_init+0x0/0xc @ 1
[    2.751769] initcall echainiv_module_init+0x0/0xc returned 0 after 0 usecs
[    2.752878] calling  rsa_init+0x0/0x50 @ 1
[    2.754949] initcall rsa_init+0x0/0x50 returned 0 after 976 usecs
[    2.755104] cryptomgr_test (29) used greatest stack depth: 14864 bytes left
[    2.755769] calling  crypto_cmac_module_init+0x0/0xc @ 1
[    2.755775] initcall crypto_cmac_module_init+0x0/0xc returned 0 after 0 usecs
[    2.755779] calling  hmac_module_init+0x0/0xc @ 1
[    2.777772] initcall hmac_module_init+0x0/0xc returned 0 after 0 usecs
[    2.786770] calling  crypto_null_mod_init+0x0/0x65 @ 1
[    2.796102] initcall crypto_null_mod_init+0x0/0x65 returned 0 after 2929 usecs
[    2.805774] calling  md5_mod_init+0x0/0xc @ 1
[    2.817896] initcall md5_mod_init+0x0/0xc returned 0 after 6835 usecs
[    2.818779] calling  sha256_generic_mod_init+0x0/0x11 @ 1
[    2.826696] initcall sha256_generic_mod_init+0x0/0x11 returned 0 after 5859 usecs
[    2.835779] calling  crypto_cbc_module_init+0x0/0xc @ 1
[    2.841772] initcall crypto_cbc_module_init+0x0/0xc returned 0 after 0 usecs
[    2.848773] calling  crypto_ctr_module_init+0x0/0x11 @ 1
[    2.853773] initcall crypto_ctr_module_init+0x0/0x11 returned 0 after 0 usecs
[    2.863769] calling  crypto_gcm_module_init+0x0/0x64 @ 1
[    2.871131] initcall crypto_gcm_module_init+0x0/0x64 returned 0 after 0 usecs
[    2.878768] calling  crypto_ccm_module_init+0x0/0x11 @ 1
[    2.885772] initcall crypto_ccm_module_init+0x0/0x11 returned 0 after 0 usecs
[    2.894768] calling  aes_init+0x0/0xc @ 1
[    2.903758] initcall aes_init+0x0/0xc returned 0 after 3906 usecs
[    2.913058] calling  crc32c_mod_init+0x0/0xc @ 1
[    2.920786] initcall crc32c_mod_init+0x0/0xc returned 0 after 1953 usecs
[    2.921780] calling  crypto_authenc_module_init+0x0/0xc @ 1
[    2.923776] initcall crypto_authenc_module_init+0x0/0xc returned 0 after 0 usecs
[    2.924773] calling  crypto_authenc_esn_module_init+0x0/0xc @ 1
[    2.925774] initcall crypto_authenc_esn_module_init+0x0/0xc returned 0 after 0 usecs
[    2.926768] calling  drbg_init+0x0/0x7c @ 1
[    2.936784] initcall drbg_init+0x0/0x7c returned 0 after 8789 usecs
[    2.944785] calling  ghash_mod_init+0x0/0xc @ 1
[    2.953290] initcall ghash_mod_init+0x0/0xc returned 0 after 1953 usecs
[    2.954779] calling  init_bio+0x0/0x9a @ 1
[    2.955914] initcall init_bio+0x0/0x9a returned 0 after 0 usecs
[    2.956767] calling  blk_settings_init+0x0/0x29 @ 1
[    2.957769] initcall blk_settings_init+0x0/0x29 returned 0 after 0 usecs
[    2.958767] calling  blk_ioc_init+0x0/0x29 @ 1
[    2.959808] initcall blk_ioc_init+0x0/0x29 returned 0 after 0 usecs
[    2.960773] calling  blk_mq_init+0x0/0xb9 @ 1
[    2.961777] initcall blk_mq_init+0x0/0xb9 returned 0 after 0 usecs
[    2.962768] calling  genhd_device_init+0x0/0x75 @ 1
[    2.965266] initcall genhd_device_init+0x0/0x75 returned 0 after 976 usecs
[    2.965805] calling  pci_slot_init+0x0/0x40 @ 1
[    2.966781] initcall pci_slot_init+0x0/0x40 returned 0 after 0 usecs
[    2.967770] calling  fbmem_init+0x0/0xd8 @ 1
[    2.968945] initcall fbmem_init+0x0/0xd8 returned 0 after 0 usecs
[    2.969767] calling  acpi_init+0x0/0x319 @ 1
[    2.970961] ACPI: Added _OSI(Module Device)
[    2.971766] ACPI: Added _OSI(Processor Device)
[    2.972769] ACPI: Added _OSI(3.0 _SCP Extensions)
[    2.973769] ACPI: Added _OSI(Processor Aggregator Device)
[    2.974774] ACPI: Added _OSI(Linux-Dell-Video)
[    2.975772] ACPI: Added _OSI(Linux-Lenovo-NV-HDMI-Audio)
[    2.976769] ACPI: Added _OSI(Linux-HPI-Hybrid-Graphics)
[    2.983762] ACPI: 1 ACPI AML tables successfully acquired and loaded
[    2.990990] ACPI: Interpreter enabled
[    2.991882] ACPI: (supports S0 S3 S4 S5)
[    2.992767] ACPI: Using IOAPIC for interrupt routing
[    2.993839] PCI: Using host bridge windows from ACPI; if necessary, use "pci=nocrs" and report a bug
[    2.995367] ACPI: Enabled 2 GPEs in block 00 to 3F
[    3.006821] ACPI: PCI Root Bridge [PCI0] (domain 0000 [bus 00-ff])
[    3.007843] acpi PNP0A08:00: _OSC: OS supports [ExtendedConfig ASPM ClockPM Segments MSI HPX-Type3]
[    3.009894] acpi PNP0A08:00: _OSC: platform does not support [LTR]
[    3.011094] acpi PNP0A08:00: _OSC: OS now controls [PME PCIeCapability]
[    3.013035] PCI host bridge to bus 0000:00
[    3.013783] pci_bus 0000:00: root bus resource [io  0x0000-0x0cf7 window]
[    3.014767] pci_bus 0000:00: root bus resource [io  0x0d00-0xffff window]
[    3.015771] pci_bus 0000:00: root bus resource [mem 0x000a0000-0x000bffff window]
[    3.017765] pci_bus 0000:00: root bus resource [mem 0x20000000-0xafffffff window]
[    3.018784] pci_bus 0000:00: root bus resource [mem 0xc0000000-0xfebfffff window]
[    3.019767] pci_bus 0000:00: root bus resource [mem 0x100000000-0x8ffffffff window]
[    3.020768] pci_bus 0000:00: root bus resource [bus 00-ff]
[    3.022385] pci 0000:00:00.0: calling  quirk_mmio_always_on+0x0/0x10 @ 1
[    3.023148] pci 0000:00:00.0: quirk_mmio_always_on+0x0/0x10 took 0 usecs
[    3.023780] pci 0000:00:00.0: [8086:29c0] type 00 class 0x060000
[    3.028912] pci 0000:00:00.0: calling  quirk_igfx_skip_te_disable+0x0/0x80 @ 1
[    3.029770] pci 0000:00:00.0: quirk_igfx_skip_te_disable+0x0/0x80 took 0 usecs
[    3.033329] pci 0000:00:01.0: [1234:1111] type 00 class 0x030000
[    3.039757] pci 0000:00:01.0: reg 0x10: [mem 0xfd000000-0xfdffffff pref]
[    3.052757] pci 0000:00:01.0: reg 0x18: [mem 0xfebf0000-0xfebf0fff]
[    3.075757] pci 0000:00:01.0: reg 0x30: [mem 0xfebe0000-0xfebeffff pref]
[    3.095757] pci 0000:00:01.0: calling  efifb_fixup_resources+0x0/0xf0 @ 1
[    3.096918] pci 0000:00:01.0: efifb_fixup_resources+0x0/0xf0 took 0 usecs
[    3.128766] pci 0000:00:1f.0: [8086:2918] type 00 class 0x060100
[    3.137201] pci 0000:00:1f.0: calling  quirk_ich7_lpc+0x0/0x60 @ 1
[    3.138171] pci 0000:00:1f.0: quirk: [io  0x0600-0x067f] claimed by ICH6 ACPI/GPIO/TCO
[    3.139936] pci 0000:00:1f.0: quirk_ich7_lpc+0x0/0x60 took 1953 usecs
[    3.142393] pci 0000:00:1f.0: calling  quirk_igfx_skip_te_disable+0x0/0x80 @ 1
[    3.142966] pci 0000:00:1f.0: quirk_igfx_skip_te_disable+0x0/0x80 took 0 usecs
[    3.146612] pci 0000:00:1f.2: [8086:2922] type 00 class 0x010601
[    3.158769] pci 0000:00:1f.2: reg 0x20: [io  0xc040-0xc05f]
[    3.161768] pci 0000:00:1f.2: reg 0x24: [mem 0xfebf1000-0xfebf1fff]
[    3.165011] pci 0000:00:1f.2: calling  quirk_igfx_skip_te_disable+0x0/0x80 @ 1
[    3.165776] pci 0000:00:1f.2: quirk_igfx_skip_te_disable+0x0/0x80 took 0 usecs
[    3.172871] pci 0000:00:1f.3: [8086:2930] type 00 class 0x0c0500
[    3.181362] pci 0000:00:1f.3: reg 0x20: [io  0x0700-0x073f]
[    3.184792] pci 0000:00:1f.3: calling  quirk_igfx_skip_te_disable+0x0/0x80 @ 1
[    3.185773] pci 0000:00:1f.3: quirk_igfx_skip_te_disable+0x0/0x80 took 0 usecs
[    3.199235] ACPI: PCI Interrupt Link [LNKA] (IRQs 5 *10 11)
[    3.201090] ACPI: PCI Interrupt Link [LNKB] (IRQs 5 *10 11)
[    3.202833] ACPI: PCI Interrupt Link [LNKC] (IRQs 5 10 *11)
[    3.204827] ACPI: PCI Interrupt Link [LNKD] (IRQs 5 10 *11)
[    3.207075] ACPI: PCI Interrupt Link [LNKE] (IRQs 5 *10 11)
[    3.208968] ACPI: PCI Interrupt Link [LNKF] (IRQs 5 *10 11)
[    3.210328] ACPI: PCI Interrupt Link [LNKG] (IRQs 5 10 *11)
[    3.212198] ACPI: PCI Interrupt Link [LNKH] (IRQs 5 10 *11)
[    3.213888] ACPI: PCI Interrupt Link [GSIA] (IRQs *16)
[    3.214818] ACPI: PCI Interrupt Link [GSIB] (IRQs *17)
[    3.215823] ACPI: PCI Interrupt Link [GSIC] (IRQs *18)
[    3.216808] ACPI: PCI Interrupt Link [GSID] (IRQs *19)
[    3.217806] ACPI: PCI Interrupt Link [GSIE] (IRQs *20)
[    3.218811] ACPI: PCI Interrupt Link [GSIF] (IRQs *21)
[    3.220807] ACPI: PCI Interrupt Link [GSIG] (IRQs *22)
[    3.221808] ACPI: PCI Interrupt Link [GSIH] (IRQs *23)
[    3.233603] initcall acpi_init+0x0/0x319 returned 0 after 255859 usecs
[    3.234523] calling  pnp_init+0x0/0xc @ 1
[    3.237006] initcall pnp_init+0x0/0xc returned 0 after 0 usecs
[    3.237768] calling  misc_init+0x0/0xbf @ 1
[    3.240376] initcall misc_init+0x0/0xbf returned 0 after 976 usecs
[    3.241766] calling  iommu_subsys_init+0x0/0x4e @ 1
[    3.242820] iommu: Default domain type: Translated 
[    3.243768] initcall iommu_subsys_init+0x0/0x4e returned 0 after 976 usecs
[    3.244766] calling  vga_arb_device_init+0x0/0x261 @ 1
[    3.250115] pci 0000:00:01.0: vgaarb: setting as boot VGA device
[    3.250757] pci 0000:00:01.0: vgaarb: VGA device added: decodes=io+mem,owns=io+mem,locks=none
[    3.250770] pci 0000:00:01.0: vgaarb: bridge control possible
[    3.251765] vgaarb: loaded
[    3.252772] initcall vga_arb_device_init+0x0/0x261 returned 0 after 6835 usecs
[    3.253816] calling  cn_init+0x0/0xf0 @ 1
[    3.256003] initcall cn_init+0x0/0xf0 returned 0 after 976 usecs
[    3.256768] calling  dma_buf_init+0x0/0xad @ 1
[    3.259170] initcall dma_buf_init+0x0/0xad returned 0 after 976 usecs
[    3.259770] calling  dma_resv_lockdep+0x0/0x281 @ 1
[    3.269774] initcall dma_resv_lockdep+0x0/0x281 returned 0 after 8789 usecs
[    3.270774] calling  init_scsi+0x0/0x79 @ 1
[    3.273356] SCSI subsystem initialized
[    3.273776] initcall init_scsi+0x0/0x79 returned 0 after 1953 usecs
[    3.274771] calling  ata_init+0x0/0x332 @ 1
[    3.299468] libata version 3.00 loaded.
[    3.304773] initcall ata_init+0x0/0x332 returned 0 after 28320 usecs
[    3.310125] calling  phy_init+0x0/0x250 @ 1
[    3.317504] initcall phy_init+0x0/0x250 returned 0 after 1953 usecs
[    3.326779] calling  init_pcmcia_cs+0x0/0x35 @ 1
[    3.331870] initcall init_pcmcia_cs+0x0/0x35 returned 0 after 0 usecs
[    3.336786] calling  usb_common_init+0x0/0x1c @ 1
[    3.345527] initcall usb_common_init+0x0/0x1c returned 0 after 976 usecs
[    3.354776] calling  usb_init+0x0/0x12e @ 1
[    3.360766] ACPI: bus type USB registered
[    3.371289] usbcore: registered new interface driver usbfs
[    3.379332] usbcore: registered new interface driver hub
[    3.384839] usbcore: registered new device driver usb
[    3.389779] initcall usb_init+0x0/0x12e returned 0 after 29296 usecs
[    3.397773] calling  serio_init+0x0/0x29 @ 1
[    3.401034] initcall serio_init+0x0/0x29 returned 0 after 1953 usecs
[    3.408770] calling  input_init+0x0/0xf6 @ 1
[    3.415026] initcall input_init+0x0/0xf6 returned 0 after 0 usecs
[    3.420771] calling  rtc_init+0x0/0x4d @ 1
[    3.424798] initcall rtc_init+0x0/0x4d returned 0 after 0 usecs
[    3.430772] calling  pps_init+0x0/0xa9 @ 1
[    3.437014] pps_core: LinuxPPS API ver. 1 registered
[    3.443766] pps_core: Software ver. 5.3.6 - Copyright 2005-2007 Rodolfo Giometti <giometti@linux.it>
[    3.453776] initcall pps_init+0x0/0xa9 returned 0 after 16601 usecs
[    3.462012] calling  ptp_init+0x0/0x98 @ 1
[    3.466805] PTP clock support registered
[    3.472773] initcall ptp_init+0x0/0x98 returned 0 after 5859 usecs
[    3.480772] calling  power_supply_class_init+0x0/0x3f @ 1
[    3.487915] initcall power_supply_class_init+0x0/0x3f returned 0 after 0 usecs
[    3.495774] calling  hwmon_init+0x0/0x104 @ 1
[    3.501806] initcall hwmon_init+0x0/0x104 returned 0 after 0 usecs
[    3.509769] calling  md_init+0x0/0x16b @ 1
[    3.516042] initcall md_init+0x0/0x16b returned 0 after 976 usecs
[    3.516774] calling  leds_init+0x0/0x3b @ 1
[    3.517813] initcall leds_init+0x0/0x3b returned 0 after 0 usecs
[    3.518777] calling  dmi_init+0x0/0x113 @ 1
[    3.521025] initcall dmi_init+0x0/0x113 returned 0 after 0 usecs
[    3.521772] calling  efisubsys_init+0x0/0x4e7 @ 1
[    3.522801] initcall efisubsys_init+0x0/0x4e7 returned 0 after 0 usecs
[    3.523769] calling  nvmem_init+0x0/0xc @ 1
[    3.524831] initcall nvmem_init+0x0/0xc returned 0 after 0 usecs
[    3.525767] calling  init_soundcore+0x0/0x33 @ 1
[    3.526807] initcall init_soundcore+0x0/0x33 returned 0 after 0 usecs
[    3.527767] calling  alsa_sound_init+0x0/0x8f @ 1
[    3.529361] Advanced Linux Sound Architecture Driver Initialized.
[    3.529768] initcall alsa_sound_init+0x0/0x8f returned 0 after 976 usecs
[    3.530767] calling  alsa_seq_device_init+0x0/0x71 @ 1
[    3.531823] initcall alsa_seq_device_init+0x0/0x71 returned 0 after 0 usecs
[    3.532771] calling  hda_bus_init+0x0/0xc @ 1
[    3.533846] initcall hda_bus_init+0x0/0xc returned 0 after 0 usecs
[    3.534773] calling  proto_init+0x0/0xc @ 1
[    3.535847] initcall proto_init+0x0/0xc returned 0 after 0 usecs
[    3.536770] calling  net_dev_init+0x0/0x27f @ 1
[    3.544225] initcall net_dev_init+0x0/0x27f returned 0 after 5859 usecs
[    3.544771] calling  neigh_init+0x0/0x84 @ 1
[    3.545793] initcall neigh_init+0x0/0x84 returned 0 after 0 usecs
[    3.546767] calling  fib_notifier_init+0x0/0xc @ 1
[    3.547805] initcall fib_notifier_init+0x0/0xc returned 0 after 0 usecs
[    3.548773] calling  fib_rules_init+0x0/0xab @ 1
[    3.549879] initcall fib_rules_init+0x0/0xab returned 0 after 0 usecs
[    3.550794] calling  pktsched_init+0x0/0x10e @ 1
[    3.551901] initcall pktsched_init+0x0/0x10e returned 0 after 0 usecs
[    3.552770] calling  tc_filter_init+0x0/0xfa @ 1
[    3.553853] initcall tc_filter_init+0x0/0xfa returned 0 after 0 usecs
[    3.554767] calling  tc_action_init+0x0/0x54 @ 1
[    3.555771] initcall tc_action_init+0x0/0x54 returned 0 after 0 usecs
[    3.556768] calling  ethnl_init+0x0/0x52 @ 1
[    3.557890] initcall ethnl_init+0x0/0x52 returned 0 after 0 usecs
[    3.558782] calling  nexthop_init+0x0/0xd8 @ 1
[    3.559883] initcall nexthop_init+0x0/0xd8 returned 0 after 0 usecs
[    3.560781] calling  cipso_v4_init+0x0/0x8d @ 1
[    3.561867] initcall cipso_v4_init+0x0/0x8d returned 0 after 0 usecs
[    3.562767] calling  ieee80211_init+0x0/0x24 @ 1
[    3.564820] initcall ieee80211_init+0x0/0x24 returned 0 after 976 usecs
[    3.565769] calling  netlbl_init+0x0/0x78 @ 1
[    3.566781] NetLabel: Initializing
[    3.567764] NetLabel:  domain hash size = 128
[    3.568763] NetLabel:  protocols = UNLABELED CIPSOv4 CALIPSO
[    3.570045] NetLabel:  unlabeled traffic allowed by default
[    3.570770] initcall netlbl_init+0x0/0x78 returned 0 after 3906 usecs
[    3.571768] calling  rfkill_init+0x0/0x136 @ 1
[    3.574461] initcall rfkill_init+0x0/0x136 returned 0 after 976 usecs
[    3.574787] calling  pci_subsys_init+0x0/0x66 @ 1
[    3.575801] PCI: Using ACPI for IRQ routing
[    4.333846] PCI: pci_cache_line_size set to 64 bytes
[    4.336200] e820: reserve RAM buffer [mem 0x0009fc00-0x0009ffff]
[    4.337181] e820: reserve RAM buffer [mem 0x1ffdf000-0x1fffffff]
[    4.338832] initcall pci_subsys_init+0x0/0x66 returned 0 after 745117 usecs
[    4.341532] calling  nmi_warning_debugfs+0x0/0x26 @ 1
[    4.341924] initcall nmi_warning_debugfs+0x0/0x26 returned 0 after 0 usecs
[    4.342783] calling  save_microcode_in_initrd+0x0/0x51 @ 1
[    4.343907] initcall save_microcode_in_initrd+0x0/0x51 returned 0 after 0 usecs
[    4.344772] calling  hpet_late_init+0x0/0x20a @ 1
[    4.346437] hpet: 3 channels of 0 reserved for per-cpu timers
[    4.346972] hpet0: at MMIO 0xfed00000, IRQs 2, 8, 0
[    4.347767] hpet0: 3 comparators, 64-bit 100.000000 MHz counter
[    4.350770] initcall hpet_late_init+0x0/0x20a returned 0 after 4882 usecs
[    4.351770] calling  init_amd_nbs+0x0/0x11c @ 1
[    4.352885] initcall init_amd_nbs+0x0/0x11c returned 0 after 0 usecs
[    4.353791] calling  clocksource_done_booting+0x0/0x43 @ 1
[    4.356307] clocksource: Switched to clocksource kvm-clock
[    4.363013] initcall clocksource_done_booting+0x0/0x43 returned 0 after 8056 usecs
[    4.371838] calling  tracer_init_tracefs+0x0/0x248 @ 1
[    4.639924] initcall tracer_init_tracefs+0x0/0x248 returned 0 after 255649 usecs
[    4.648527] calling  init_trace_printk_function_export+0x0/0x2c @ 1
[    4.655707] initcall init_trace_printk_function_export+0x0/0x2c returned 0 after 18 usecs
[    4.665090] calling  init_kprobe_trace+0x0/0x1ab @ 1
[    4.671076] initcall init_kprobe_trace+0x0/0x1ab returned 0 after 279 usecs
[    4.679128] calling  init_dynamic_event+0x0/0x3d @ 1
[    4.684989] initcall init_dynamic_event+0x0/0x3d returned 0 after 17 usecs
[    4.692911] calling  init_uprobe_trace+0x0/0x5c @ 1
[    4.698705] initcall init_uprobe_trace+0x0/0x5c returned 0 after 54 usecs
[    4.706632] calling  init_pipe_fs+0x0/0x44 @ 1
[    4.712221] initcall init_pipe_fs+0x0/0x44 returned 0 after 255 usecs
[    4.719807] calling  inotify_user_setup+0x0/0x47 @ 1
[    4.725757] initcall inotify_user_setup+0x0/0x47 returned 0 after 78 usecs
[    4.733869] calling  eventpoll_init+0x0/0xeb @ 1
[    4.739676] initcall eventpoll_init+0x0/0xeb returned 0 after 292 usecs
[    4.747243] calling  anon_inode_init+0x0/0x58 @ 1
[    4.753195] initcall anon_inode_init+0x0/0x58 returned 0 after 193 usecs
[    4.760930] calling  proc_locks_init+0x0/0x27 @ 1
[    4.766640] initcall proc_locks_init+0x0/0x27 returned 0 after 7 usecs
[    4.774174] calling  iomap_init+0x0/0x1b @ 1
[    4.781665] initcall iomap_init+0x0/0x1b returned 0 after 1452 usecs
[    4.789625] calling  dquot_init+0x0/0x106 @ 1
[    4.795356] VFS: Disk quotas dquot_6.6.0
[    4.800049] VFS: Dquot-cache hash table entries: 512 (order 0, 4096 bytes)
[    4.808177] initcall dquot_init+0x0/0x106 returned 0 after 12516 usecs
[    4.815777] calling  quota_init+0x0/0x23 @ 1
[    4.821067] initcall quota_init+0x0/0x23 returned 0 after 45 usecs
[    4.828544] calling  proc_cmdline_init+0x0/0x21 @ 1
[    4.834332] initcall proc_cmdline_init+0x0/0x21 returned 0 after 6 usecs
[    4.842077] calling  proc_consoles_init+0x0/0x24 @ 1
[    4.848030] initcall proc_consoles_init+0x0/0x24 returned 0 after 5 usecs
[    4.855819] calling  proc_cpuinfo_init+0x0/0x1e @ 1
[    4.861580] initcall proc_cpuinfo_init+0x0/0x1e returned 0 after 4 usecs
[    4.877581] calling  proc_devices_init+0x0/0x24 @ 1
[    4.885435] initcall proc_devices_init+0x0/0x24 returned 0 after 1980 usecs
[    4.893448] calling  proc_interrupts_init+0x0/0x24 @ 1
[    4.899436] initcall proc_interrupts_init+0x0/0x24 returned 0 after 21 usecs
[    4.907648] calling  proc_loadavg_init+0x0/0x21 @ 1
[    4.913381] initcall proc_loadavg_init+0x0/0x21 returned 0 after 5 usecs
[    4.921633] calling  proc_meminfo_init+0x0/0x21 @ 1
[    4.928876] initcall proc_meminfo_init+0x0/0x21 returned 0 after 15 usecs
[    4.938539] calling  proc_stat_init+0x0/0x1e @ 1
[    4.945438] initcall proc_stat_init+0x0/0x1e returned 0 after 73 usecs
[    4.953303] calling  proc_uptime_init+0x0/0x21 @ 1
[    4.959362] initcall proc_uptime_init+0x0/0x21 returned 0 after 23 usecs
[    4.967467] calling  proc_version_init+0x0/0x21 @ 1
[    4.973381] initcall proc_version_init+0x0/0x21 returned 0 after 84 usecs
[    4.981283] calling  proc_softirqs_init+0x0/0x21 @ 1
[    4.987129] initcall proc_softirqs_init+0x0/0x21 returned 0 after 18 usecs
[    4.995001] calling  proc_kcore_init+0x0/0xea @ 1
[    5.004755] initcall proc_kcore_init+0x0/0xea returned 0 after 3997 usecs
[    5.015129] calling  vmcore_init+0x0/0x57b @ 1
[    5.020365] initcall vmcore_init+0x0/0x57b returned 0 after 25 usecs
[    5.027489] calling  proc_kmsg_init+0x0/0x21 @ 1
[    5.032741] initcall proc_kmsg_init+0x0/0x21 returned 0 after 8 usecs
[    5.039961] calling  proc_page_init+0x0/0x3b @ 1
[    5.045188] initcall proc_page_init+0x0/0x3b returned 0 after 23 usecs
[    5.052535] calling  init_ramfs_fs+0x0/0xc @ 1
[    5.058118] initcall init_ramfs_fs+0x0/0xc returned 0 after 463 usecs
[    5.065519] calling  init_hugetlbfs_fs+0x0/0xf6 @ 1
[    5.073662] initcall init_hugetlbfs_fs+0x0/0xf6 returned 0 after 2481 usecs
[    5.081542] calling  blk_scsi_ioctl_init+0x0/0x2a5 @ 1
[    5.088919] initcall blk_scsi_ioctl_init+0x0/0x2a5 returned 0 after 151 usecs
[    5.097634] calling  acpi_event_init+0x0/0x2c @ 1
[    5.103618] initcall acpi_event_init+0x0/0x2c returned 0 after 544 usecs
[    5.111211] calling  pnp_system_init+0x0/0xc @ 1
[    5.117407] initcall pnp_system_init+0x0/0xc returned 0 after 857 usecs
[    5.125053] calling  pnpacpi_init+0x0/0x69 @ 1
[    5.130221] pnp: PnP ACPI init
[    5.148309] pnp 00:00: Plug and Play ACPI device, IDs PNP0303 (active)
[    5.156040] pnp 00:01: Plug and Play ACPI device, IDs PNP0f13 (active)
[    5.163983] pnp 00:02: Plug and Play ACPI device, IDs PNP0400 (active)
[    5.171685] pnp 00:03: Plug and Play ACPI device, IDs PNP0501 (active)
[    5.179358] pnp 00:04: Plug and Play ACPI device, IDs PNP0b00 (active)
[    5.187490] system 00:05: [mem 0xb0000000-0xbfffffff window] has been reserved
[    5.196021] system 00:05: Plug and Play ACPI device, IDs PNP0c01 (active)
[    5.206437] pnp: PnP ACPI: found 6 devices
[    5.211546] initcall pnpacpi_init+0x0/0x69 returned 0 after 79439 usecs
[    5.219084] calling  chr_dev_init+0x0/0x14d @ 1
[    5.337942] initcall chr_dev_init+0x0/0x14d returned 0 after 110968 usecs
[    5.345885] calling  firmware_class_init+0x0/0x14a @ 1
[    5.351984] initcall firmware_class_init+0x0/0x14a returned 0 after 276 usecs
[    5.360137] calling  init_pcmcia_bus+0x0/0x5b @ 1
[    5.368639] initcall init_pcmcia_bus+0x0/0x5b returned 0 after 241 usecs
[    5.376490] calling  init_acpi_pm_clocksource+0x0/0xda @ 1
[    5.388353] clocksource: acpi_pm: mask: 0xffffff max_cycles: 0xffffff, max_idle_ns: 2085701024 ns
[    5.398201] initcall init_acpi_pm_clocksource+0x0/0xda returned 0 after 15142 usecs
[    5.407191] calling  sysctl_core_init+0x0/0x26 @ 1
[    5.413296] initcall sysctl_core_init+0x0/0x26 returned 0 after 246 usecs
[    5.421496] calling  eth_offload_init+0x0/0x13 @ 1
[    5.427072] initcall eth_offload_init+0x0/0x13 returned 0 after 160 usecs
[    5.436551] calling  ipv4_offload_init+0x0/0x73 @ 1
[    5.443490] initcall ipv4_offload_init+0x0/0x73 returned 0 after 62 usecs
[    5.453191] calling  inet_init+0x0/0x276 @ 1
[    5.459514] NET: Registered protocol family 2
[    5.465654] IP idents hash table entries: 8192 (order: 4, 65536 bytes, linear)
[    5.477353] tcp_listen_portaddr_hash hash table entries: 256 (order: 2, 20480 bytes, linear)
[    5.487905] TCP established hash table entries: 4096 (order: 3, 32768 bytes, linear)
[    5.497039] TCP bind hash table entries: 4096 (order: 6, 294912 bytes, linear)
[    5.506378] TCP: Hash tables configured (established 4096 bind 4096)
[    5.514450] UDP hash table entries: 256 (order: 3, 40960 bytes, linear)
[    5.522211] UDP-Lite hash table entries: 256 (order: 3, 40960 bytes, linear)
[    5.530707] initcall inet_init+0x0/0x276 returned 0 after 69680 usecs
[    5.538236] calling  af_unix_init+0x0/0x4d @ 1
[    5.543423] NET: Registered protocol family 1
[    5.548657] initcall af_unix_init+0x0/0x4d returned 0 after 5149 usecs
[    5.556172] calling  ipv6_offload_init+0x0/0x7e @ 1
[    5.562102] initcall ipv6_offload_init+0x0/0x7e returned 0 after 212 usecs
[    5.570116] calling  init_sunrpc+0x0/0x65 @ 1
[    5.581677] RPC: Registered named UNIX socket transport module.
[    5.589652] RPC: Registered udp transport module.
[    5.595148] RPC: Registered tcp transport module.
[    5.600642] RPC: Registered tcp NFSv4.1 backchannel transport module.
[    5.608062] initcall init_sunrpc+0x0/0x65 returned 0 after 32022 usecs
[    5.615767] calling  cfg80211_init+0x0/0xc5 @ 1
[    5.624474] initcall cfg80211_init+0x0/0xc5 returned 0 after 3332 usecs
[    5.634247] calling  pcibios_assign_resources+0x0/0xbf @ 1
[    5.642998] pci_bus 0000:00: resource 4 [io  0x0000-0x0cf7 window]
[    5.653008] pci_bus 0000:00: resource 5 [io  0x0d00-0xffff window]
[    5.662850] pci_bus 0000:00: resource 6 [mem 0x000a0000-0x000bffff window]
[    5.672397] pci_bus 0000:00: resource 7 [mem 0x20000000-0xafffffff window]
[    5.680628] pci_bus 0000:00: resource 8 [mem 0xc0000000-0xfebfffff window]
[    5.689128] pci_bus 0000:00: resource 9 [mem 0x100000000-0x8ffffffff window]
[    5.697712] initcall pcibios_assign_resources+0x0/0xbf returned 0 after 53797 usecs
[    5.706922] calling  pci_apply_final_quirks+0x0/0x124 @ 1
[    5.713975] pci 0000:00:01.0: calling  pci_fixup_video+0x0/0xe0 @ 1
[    5.722352] pci 0000:00:01.0: Video device with shadowed ROM at [mem 0x000c0000-0x000dffff]
[    5.732292] pci 0000:00:01.0: pci_fixup_video+0x0/0xe0 took 10384 usecs
[    5.740631] PCI: CLS 0 bytes, default 64
[    5.746184] initcall pci_apply_final_quirks+0x0/0x124 returned 0 after 31917 usecs
[    5.756720] calling  acpi_reserve_resources+0x0/0xea @ 1
[    5.764282] initcall acpi_reserve_resources+0x0/0xea returned 0 after 76 usecs
[    5.774342] calling  populate_rootfs+0x0/0x102 @ 1
[    5.784545] initcall populate_rootfs+0x0/0x102 returned 0 after 3683 usecs
[    5.793500] calling  pci_iommu_init+0x0/0x3e @ 1
[    5.799337] initcall pci_iommu_init+0x0/0x3e returned 0 after 140 usecs
[    5.809114] calling  ia32_binfmt_init+0x0/0x13 @ 1
[    5.815335] initcall ia32_binfmt_init+0x0/0x13 returned 0 after 10 usecs
[    5.823501] calling  rapl_pmu_init+0x0/0x267 @ 1
[    5.829686] initcall rapl_pmu_init+0x0/0x267 returned -19 after 118 usecs
[    5.837829] calling  amd_uncore_init+0x0/0x310 @ 1
[    5.843775] initcall amd_uncore_init+0x0/0x310 returned -19 after 0 usecs
[    5.852109] calling  amd_ibs_init+0x0/0x27b @ 1
[    5.857863] initcall amd_ibs_init+0x0/0x27b returned -19 after 0 usecs
[    5.865891] calling  amd_iommu_pc_init+0x0/0x22c @ 1
[    5.872027] initcall amd_iommu_pc_init+0x0/0x22c returned -19 after 103 usecs
[    5.880900] calling  msr_init+0x0/0x55 @ 1
[    5.886937] initcall msr_init+0x0/0x55 returned 0 after 548 usecs
[    5.894315] calling  intel_uncore_init+0x0/0x36f @ 1
[    5.900603] initcall intel_uncore_init+0x0/0x36f returned -19 after 34 usecs
[    5.909148] calling  cstate_pmu_init+0x0/0x1a1 @ 1
[    5.915098] initcall cstate_pmu_init+0x0/0x1a1 returned -19 after 1 usecs
[    5.923308] calling  register_kernel_offset_dumper+0x0/0x1a @ 1
[    5.930601] initcall register_kernel_offset_dumper+0x0/0x1a returned 0 after 27 usecs
[    5.940831] calling  i8259A_init_ops+0x0/0x20 @ 1
[    5.946737] initcall i8259A_init_ops+0x0/0x20 returned 0 after 2 usecs
[    5.954671] calling  init_tsc_clocksource+0x0/0xa4 @ 1
[    5.961055] clocksource: tsc: mask: 0xffffffffffffffff max_cycles: 0x39a85afc727, max_idle_ns: 881590685098 ns
[    5.973243] initcall init_tsc_clocksource+0x0/0xa4 returned 0 after 11915 usecs
[    5.982120] calling  add_rtc_cmos+0x0/0xb0 @ 1
[    5.987581] initcall add_rtc_cmos+0x0/0xb0 returned 0 after 39 usecs
[    5.995295] calling  i8237A_init_ops+0x0/0x3a @ 1
[    6.001975] initcall i8237A_init_ops+0x0/0x3a returned 0 after 267 usecs
[    6.011195] calling  umwait_init+0x0/0x94 @ 1
[    6.016669] initcall umwait_init+0x0/0x94 returned -19 after 12 usecs
[    6.024447] calling  thermal_throttle_init_device+0x0/0x3d @ 1
[    6.031901] initcall thermal_throttle_init_device+0x0/0x3d returned 0 after 353 usecs
[    6.041456] calling  msr_init+0x0/0xd7 @ 1
[    6.049438] initcall msr_init+0x0/0xd7 returned 0 after 2931 usecs
[    6.057140] calling  cpuid_init+0x0/0xd7 @ 1
[    6.064293] initcall cpuid_init+0x0/0xd7 returned 0 after 1911 usecs
[    6.073078] calling  ioapic_init_ops+0x0/0x13 @ 1
[    6.078651] initcall ioapic_init_ops+0x0/0x13 returned 0 after 26 usecs
[    6.086428] calling  add_pcspkr+0x0/0x6c @ 1
[    6.092243] initcall add_pcspkr+0x0/0x6c returned 0 after 574 usecs
[    6.099932] calling  start_periodic_check_for_corruption+0x0/0x30 @ 1
[    6.107643] check: Scanning for low memory corruption every 60 seconds
[    6.115275] initcall start_periodic_check_for_corruption+0x0/0x30 returned 0 after 7496 usecs
[    6.127726] calling  sysfb_init+0x0/0x9c @ 1
[    6.134969] initcall sysfb_init+0x0/0x9c returned 0 after 372 usecs
[    6.144067] calling  audit_classes_init+0x0/0xae @ 1
[    6.151342] initcall audit_classes_init+0x0/0xae returned 0 after 64 usecs
[    6.161303] calling  iosf_mbi_init+0x0/0x24 @ 1
[    6.167461] initcall iosf_mbi_init+0x0/0x24 returned 0 after 657 usecs
[    6.175270] calling  proc_execdomains_init+0x0/0x21 @ 1
[    6.181551] initcall proc_execdomains_init+0x0/0x21 returned 0 after 10 usecs
[    6.189852] calling  register_warn_debugfs+0x0/0x23 @ 1
[    6.197060] initcall register_warn_debugfs+0x0/0x23 returned 0 after 267 usecs
[    6.207755] calling  cpuhp_sysfs_init+0x0/0x79 @ 1
[    6.214996] initcall cpuhp_sysfs_init+0x0/0x79 returned 0 after 130 usecs
[    6.225041] calling  ioresources_init+0x0/0x49 @ 1
[    6.231215] initcall ioresources_init+0x0/0x49 returned 0 after 12 usecs
[    6.239424] calling  lockdep_proc_init+0x0/0x64 @ 1
[    6.245454] initcall lockdep_proc_init+0x0/0x64 returned 0 after 71 usecs
[    6.254750] calling  snapshot_device_init+0x0/0xc @ 1
[    6.262490] initcall snapshot_device_init+0x0/0xc returned 0 after 1505 usecs
[    6.271082] calling  irq_pm_init_ops+0x0/0x13 @ 1
[    6.276880] initcall irq_pm_init_ops+0x0/0x13 returned 0 after 15 usecs
[    6.284846] calling  rcu_torture_init+0x0/0x9be @ 1
[    6.291020] tasks-torture:--- Start of test: nreaders=1 nfakewriters=4 stat_interval=15 verbose=1 test_no_idle_hz=1 shuffle_interval=3 stutter=5 irqreader=1 fqs_duration=0 fqs_holdoff=0 fqs_stutter=3 test_boost=1/0 test_boost_interval=7 test_boost_duration=4 shutdown_secs=1800 stall_cpu=0 stall_cpu_holdoff=10 stall_cpu_irqsoff=0 stall_cpu_block=0 n_barrier_cbs=4 onoff_interval=1000 onoff_holdoff=30 read_exit_delay=13 read_exit_burst=16
[    6.339286] tasks:  Start-test grace-period state: g0 f0x0
[    6.347511] tasks-torture: Creating rcu_torture_writer task
[    6.358268] tasks-torture: Creating rcu_torture_fakewriter task
[    6.358697] tasks-torture: rcu_torture_writer task started
[    6.367698] tasks-torture: Creating rcu_torture_fakewriter task
[    6.373868] tasks-torture: GP expediting controlled from boot/sysfs for tasks.
[    6.380768] tasks-torture: rcu_torture_fakewriter task started
[    6.389262] rcu_torture_writer: Testing expedited GPs.
[    6.396290] tasks-torture: Creating rcu_torture_fakewriter task
[    6.403637] rcu_torture_writer: Testing asynchronous GPs.
[    6.411193] tasks-torture: rcu_torture_fakewriter task started
[    6.418966] rcu_torture_writer: Testing normal GPs.
[    6.425627] tasks-torture: Creating rcu_torture_fakewriter task
[    6.433492] tasks-torture: rcu_torture_fakewriter task started
[    6.440954] tasks-torture: Creating rcu_torture_reader task
[    6.448148] tasks-torture: rcu_torture_fakewriter task started
[    6.456846] tasks-torture: Creating rcu_torture_stats task
[    6.464036] tasks-torture: rcu_torture_reader task started
[    6.471718] tasks-torture: Creating torture_shuffle task
[    6.479096] tasks-torture: rcu_torture_stats task started
[    6.486360] tasks-torture: Creating torture_stutter task
[    6.500966] tasks-torture: torture_shuffle task started
[    6.510098] tasks-torture: Creating torture_shutdown task
[    6.518102] tasks-torture: torture_stutter task started
[    6.521223] tasks-torture: Creating torture_onoff task
[    6.525872] tasks-torture: torture_shutdown task started
[    6.532411] tasks-torture: rcu_torture_fwd_prog_init: Disabled, unsupported by RCU flavor under test
[    6.539807] tasks-torture:torture_shutdown task: 1799970 ms remaining
[    6.539832] tasks-torture: torture_onoff task started
[    6.551125] tasks-torture: Creating rcu_torture_barrier_cbs task
[    6.558654] tasks-torture: torture_onoff begin holdoff
[    6.565523] tasks-torture: Creating rcu_torture_barrier_cbs task
[    6.572072] tasks-torture: rcu_torture_barrier_cbs task started
[    6.597565] tasks-torture: Creating rcu_torture_barrier_cbs task
[    6.597978] tasks-torture: rcu_torture_barrier_cbs task started
[    6.605052] tasks-torture: Creating rcu_torture_barrier_cbs task
[    6.612606] tasks-torture: rcu_torture_barrier_cbs task started
[    6.620209] tasks-torture: Creating rcu_torture_barrier task
[    6.627595] tasks-torture: rcu_torture_barrier_cbs task started
[    6.634575] tasks-torture: Creating rcu_torture_read_exit task
[    6.643473] tasks-torture: rcu_torture_barrier task starting
[    6.650887] initcall rcu_torture_init+0x0/0x9be returned 0 after 351702 usecs
[    6.668539] tasks-torture: rcu_torture_read_exit: Start of test
[    6.675986] calling  timekeeping_init_ops+0x0/0x13 @ 1
[    6.682471] initcall timekeeping_init_ops+0x0/0x13 returned 0 after 19 usecs
[    6.692367] calling  init_clocksource_sysfs+0x0/0x23 @ 1
[    6.699058] initcall init_clocksource_sysfs+0x0/0x23 returned 0 after 223 usecs
[    6.707905] calling  init_timer_list_procfs+0x0/0x31 @ 1
[    6.714564] initcall init_timer_list_procfs+0x0/0x31 returned 0 after 11 usecs
[    6.723946] calling  alarmtimer_init+0x0/0xf5 @ 1
[    6.730188] initcall alarmtimer_init+0x0/0xf5 returned 0 after 428 usecs
[    6.738230] calling  init_posix_timers+0x0/0x29 @ 1
[    6.743976] initcall init_posix_timers+0x0/0x29 returned 0 after 21 usecs
[    6.752033] calling  clockevents_init_sysfs+0x0/0xbf @ 1
[    6.758657] initcall clockevents_init_sysfs+0x0/0xbf returned 0 after 325 usecs
[    6.767357] calling  proc_dma_init+0x0/0x21 @ 1
[    6.772888] initcall proc_dma_init+0x0/0x21 returned 0 after 46 usecs
[    6.780574] calling  proc_modules_init+0x0/0x1e @ 1
[    6.786560] initcall proc_modules_init+0x0/0x1e returned 0 after 12 usecs
[    6.794716] calling  kallsyms_init+0x0/0x21 @ 1
[    6.800232] initcall kallsyms_init+0x0/0x21 returned 0 after 8 usecs
[    6.807753] calling  pid_namespaces_init+0x0/0x2c @ 1
[    6.813844] initcall pid_namespaces_init+0x0/0x2c returned 0 after 21 usecs
[    6.822209] calling  audit_watch_init+0x0/0x37 @ 1
[    6.828090] initcall audit_watch_init+0x0/0x37 returned 0 after 95 usecs
[    6.836129] calling  audit_fsnotify_init+0x0/0x37 @ 1
[    6.842232] initcall audit_fsnotify_init+0x0/0x37 returned 0 after 3 usecs
[    6.850342] calling  audit_tree_init+0x0/0x6d @ 1
[    6.855976] initcall audit_tree_init+0x0/0x6d returned 0 after 13 usecs
[    6.863906] calling  seccomp_sysctl_init+0x0/0x2b @ 1
[    6.869953] initcall seccomp_sysctl_init+0x0/0x2b returned 0 after 36 usecs
[    6.878255] calling  utsname_sysctl_init+0x0/0x13 @ 1
[    6.884347] initcall utsname_sysctl_init+0x0/0x13 returned 0 after 12 usecs
[    6.892751] calling  init_tracepoints+0x0/0x27 @ 1
[    6.898594] initcall init_tracepoints+0x0/0x27 returned 0 after 67 usecs
[    6.906610] calling  init_blk_tracer+0x0/0x50 @ 1
[    6.912916] initcall init_blk_tracer+0x0/0x50 returned 0 after 546 usecs
[    6.920951] calling  perf_event_sysfs_init+0x0/0x83 @ 1
[    6.928065] initcall perf_event_sysfs_init+0x0/0x83 returned 0 after 767 usecs
[    6.942826] calling  system_trusted_keyring_init+0x0/0x60 @ 1
[    6.950036] Initialise system trusted keyrings
[    6.963128] initcall system_trusted_keyring_init+0x0/0x60 returned 0 after 12866 usecs
[    6.972978] calling  kswapd_init+0x0/0x5c @ 1
[    6.982543] initcall kswapd_init+0x0/0x5c returned 0 after 4119 usecs
[    6.991734] calling  extfrag_debug_init+0x0/0x54 @ 1
[    7.000986] initcall extfrag_debug_init+0x0/0x54 returned 0 after 1120 usecs
[    7.011177] calling  mm_compute_batch_init+0x0/0x12 @ 1
[    7.018173] initcall mm_compute_batch_init+0x0/0x12 returned 0 after 46 usecs
[    7.027734] calling  slab_proc_init+0x0/0x21 @ 1
[    7.034393] initcall slab_proc_init+0x0/0x21 returned 0 after 529 usecs
[    7.045202] calling  workingset_init+0x0/0x8c @ 1
[    7.052636] workingset: timestamp_bits=56 max_order=17 bucket_order=0
[    7.062947] initcall workingset_init+0x0/0x8c returned 0 after 10065 usecs
[    7.073772] calling  proc_vmalloc_init+0x0/0x32 @ 1
[    7.081661] initcall proc_vmalloc_init+0x0/0x32 returned 0 after 288 usecs
[    7.092065] calling  procswaps_init+0x0/0x1e @ 1
[    7.099568] initcall procswaps_init+0x0/0x1e returned 0 after 61 usecs
[    7.109708] calling  slab_sysfs_init+0x0/0xec @ 1
[    7.128877] initcall slab_sysfs_init+0x0/0xec returned 0 after 11458 usecs
[    7.137821] calling  fcntl_init+0x0/0x29 @ 1
[    7.145916] initcall fcntl_init+0x0/0x29 returned 0 after 1195 usecs
[    7.154265] calling  proc_filesystems_init+0x0/0x21 @ 1
[    7.161135] initcall proc_filesystems_init+0x0/0x21 returned 0 after 8 usecs
[    7.170322] calling  start_dirtytime_writeback+0x0/0x29 @ 1
[    7.177896] initcall start_dirtytime_writeback+0x0/0x29 returned 0 after 19 usecs
[    7.187837] calling  blkdev_init+0x0/0x1b @ 1
[    7.194778] initcall blkdev_init+0x0/0x1b returned 0 after 816 usecs
[    7.203773] calling  dio_init+0x0/0x2c @ 1
[    7.211164] initcall dio_init+0x0/0x2c returned 0 after 201 usecs
[    7.219468] calling  dnotify_init+0x0/0x78 @ 1
[    7.226048] initcall dnotify_init+0x0/0x78 returned 0 after 276 usecs
[    7.234893] calling  aio_setup+0x0/0x78 @ 1
[    7.242578] initcall aio_setup+0x0/0x78 returned 0 after 1230 usecs
[    7.252388] calling  io_uring_init+0x0/0x2c @ 1
[    7.259655] initcall io_uring_init+0x0/0x2c returned 0 after 22 usecs
[    7.269739] calling  mbcache_init+0x0/0x30 @ 1
[    7.276672] initcall mbcache_init+0x0/0x30 returned 0 after 179 usecs
[    7.286354] calling  init_grace+0x0/0xc @ 1
[    7.292954] initcall init_grace+0x0/0xc returned 0 after 350 usecs
[    7.301951] calling  init_v2_quota_format+0x0/0x21 @ 1
[    7.309572] initcall init_v2_quota_format+0x0/0x21 returned 0 after 166 usecs
[    7.319122] calling  init_devpts_fs+0x0/0x27 @ 1
[    7.327093] initcall init_devpts_fs+0x0/0x27 returned 0 after 1222 usecs
[    7.336653] calling  ext4_init_fs+0x0/0x1c2 @ 1
[    7.344540] initcall ext4_init_fs+0x0/0x1c2 returned 0 after 1234 usecs
[    7.353727] calling  journal_init+0x0/0x11c @ 1
[    7.360755] initcall journal_init+0x0/0x11c returned 0 after 302 usecs
[    7.370439] calling  init_fat_fs+0x0/0x49 @ 1
[    7.377344] initcall init_fat_fs+0x0/0x49 returned 0 after 371 usecs
[    7.386284] calling  init_vfat_fs+0x0/0xc @ 1
[    7.392435] initcall init_vfat_fs+0x0/0xc returned 0 after 4 usecs
[    7.401014] calling  init_msdos_fs+0x0/0xc @ 1
[    7.407688] initcall init_msdos_fs+0x0/0xc returned 0 after 4 usecs
[    7.416896] calling  init_iso9660_fs+0x0/0x6c @ 1
[    7.424286] initcall init_iso9660_fs+0x0/0x6c returned 0 after 623 usecs
[    7.433623] calling  init_nfs_fs+0x0/0x13a @ 1
[    7.444376] initcall init_nfs_fs+0x0/0x13a returned 0 after 4721 usecs
[    7.455269] calling  init_nfs_v2+0x0/0x13 @ 1
[    7.463195] initcall init_nfs_v2+0x0/0x13 returned 0 after 293 usecs
[    7.473985] calling  init_nfs_v3+0x0/0x13 @ 1
[    7.481832] initcall init_nfs_v3+0x0/0x13 returned 0 after 3 usecs
[    7.492759] calling  init_nfs_v4+0x0/0x32 @ 1
[    7.500909] NFS: Registering the id_resolver key type
[    7.508513] Key type id_resolver registered
[    7.514856] Key type id_legacy registered
[    7.521051] initcall init_nfs_v4+0x0/0x32 returned 0 after 20015 usecs
[    7.531336] calling  init_nlm+0x0/0x5b @ 1
[    7.537560] initcall init_nlm+0x0/0x5b returned 0 after 104 usecs
[    7.546038] calling  init_nls_cp437+0x0/0xe @ 1
[    7.552494] initcall init_nls_cp437+0x0/0xe returned 0 after 146 usecs
[    7.562144] calling  init_nls_ascii+0x0/0xe @ 1
[    7.568691] initcall init_nls_ascii+0x0/0xe returned 0 after 1 usecs
[    7.578246] calling  init_nls_iso8859_1+0x0/0xe @ 1
[    7.585493] initcall init_nls_iso8859_1+0x0/0xe returned 0 after 2 usecs
[    7.595351] calling  init_nls_utf8+0x0/0x21 @ 1
[    7.602437] initcall init_nls_utf8+0x0/0x21 returned 0 after 2 usecs
[    7.611773] calling  init_autofs_fs+0x0/0x25 @ 1
[    7.622482] initcall init_autofs_fs+0x0/0x25 returned 0 after 3653 usecs
[    7.632562] calling  ipc_init+0x0/0x24 @ 1
[    7.638774] initcall ipc_init+0x0/0x24 returned 0 after 152 usecs
[    7.647852] calling  ipc_sysctl_init+0x0/0x13 @ 1
[    7.655052] initcall ipc_sysctl_init+0x0/0x13 returned 0 after 52 usecs
[    7.664754] calling  init_mqueue_fs+0x0/0xb1 @ 1
[    7.672461] initcall init_mqueue_fs+0x0/0xb1 returned 0 after 861 usecs
[    7.682847] calling  key_proc_init+0x0/0x63 @ 1
[    7.690514] initcall key_proc_init+0x0/0x63 returned 0 after 13 usecs
[    7.701413] calling  selinux_nf_ip_init+0x0/0x2e @ 1
[    7.709757] initcall selinux_nf_ip_init+0x0/0x2e returned 0 after 75 usecs
[    7.720331] calling  init_sel_fs+0x0/0x116 @ 1
[    7.726455] initcall init_sel_fs+0x0/0x116 returned 0 after 0 usecs
[    7.735377] calling  selnl_init+0x0/0x7c @ 1
[    7.742041] initcall selnl_init+0x0/0x7c returned 0 after 499 usecs
[    7.750950] calling  sel_netif_init+0x0/0x36 @ 1
[    7.757573] initcall sel_netif_init+0x0/0x36 returned 0 after 0 usecs
[    7.766673] calling  sel_netnode_init+0x0/0x33 @ 1
[    7.773679] initcall sel_netnode_init+0x0/0x33 returned 0 after 0 usecs
[    7.782987] calling  sel_netport_init+0x0/0x33 @ 1
[    7.790184] initcall sel_netport_init+0x0/0x33 returned 0 after 0 usecs
[    7.800290] calling  aurule_init+0x0/0x2a @ 1
[    7.807169] initcall aurule_init+0x0/0x2a returned 0 after 3 usecs
[    7.816832] calling  crypto_algapi_init+0x0/0xc @ 1
[    7.825464] initcall crypto_algapi_init+0x0/0xc returned 0 after 666 usecs
[    7.835586] calling  jent_mod_init+0x0/0x2d @ 1
[    7.854780] initcall jent_mod_init+0x0/0x2d returned 0 after 12099 usecs
[    7.865018] calling  asymmetric_key_init+0x0/0xc @ 1
[    7.871972] Key type asymmetric registered
[    7.878434] initcall asymmetric_key_init+0x0/0xc returned 0 after 6291 usecs
[    7.888688] calling  x509_key_init+0x0/0xc @ 1
[    7.895779] Asymmetric key parser 'x509' registered
[    7.902977] initcall x509_key_init+0x0/0xc returned 0 after 7159 usecs
[    7.912660] calling  proc_genhd_init+0x0/0x41 @ 1
[    7.919457] initcall proc_genhd_init+0x0/0x41 returned 0 after 11 usecs
[    7.929337] calling  bsg_init+0x0/0x113 @ 1
[    7.937999] Block layer SCSI generic (bsg) driver version 0.4 loaded (major 251)
[    7.947609] initcall bsg_init+0x0/0x113 returned 0 after 10689 usecs
[    7.955982] calling  deadline_init+0x0/0xc @ 1
[    7.966021] io scheduler mq-deadline registered
[    7.973880] initcall deadline_init+0x0/0xc returned 0 after 11414 usecs
[    7.984601] calling  kyber_init+0x0/0xc @ 1
[    7.991494] io scheduler kyber registered
[    7.998871] initcall kyber_init+0x0/0xc returned 0 after 7224 usecs
[    8.009929] calling  mod_init+0x0/0x7 @ 1
[    8.017231] initcall mod_init+0x0/0x7 returned 0 after 28 usecs
[    8.027485] calling  percpu_counter_startup+0x0/0x55 @ 1
[    8.039280] initcall percpu_counter_startup+0x0/0x55 returned 0 after 2291 usecs
[    8.052761] calling  sg_pool_init+0x0/0xb4 @ 1
[    8.060600] initcall sg_pool_init+0x0/0xb4 returned 0 after 864 usecs
[    8.070520] calling  pcie_portdrv_init+0x0/0x39 @ 1
[    8.080127] initcall pcie_portdrv_init+0x0/0x39 returned 0 after 2353 usecs
[    8.090948] calling  pci_proc_init+0x0/0x68 @ 1
[    8.098350] initcall pci_proc_init+0x0/0x68 returned 0 after 204 usecs
[    8.108855] calling  pci_hotplug_init+0x0/0x7 @ 1
[    8.117417] initcall pci_hotplug_init+0x0/0x7 returned 0 after 0 usecs
[    8.128520] calling  efifb_driver_init+0x0/0xe @ 1
[    8.141496] initcall efifb_driver_init+0x0/0xe returned 0 after 4744 usecs
[    8.150433] calling  ged_driver_init+0x0/0xe @ 1
[    8.157755] initcall ged_driver_init+0x0/0xe returned 0 after 740 usecs
[    8.167516] calling  acpi_ac_init+0x0/0x92 @ 1
[    8.178344] initcall acpi_ac_init+0x0/0x92 returned 0 after 4283 usecs
[    8.188305] calling  acpi_button_driver_init+0x0/0x52 @ 1
[    8.199264] input: Power Button as /devices/LNXSYSTM:00/LNXPWRBN:00/input/input0
[    8.215433] ACPI: Power Button [PWRF]
[    8.223423] initcall acpi_button_driver_init+0x0/0x52 returned 0 after 26175 usecs
[    8.234469] calling  acpi_fan_driver_init+0x0/0xe @ 1
[    8.241830] initcall acpi_fan_driver_init+0x0/0xe returned 0 after 62 usecs
[    8.255142] calling  acpi_video_init+0x0/0xcb @ 1
[    8.263690] initcall acpi_video_init+0x0/0xcb returned 0 after 2111 usecs
[    8.275309] calling  acpi_processor_driver_init+0x0/0xad @ 1
[    8.290754] initcall acpi_processor_driver_init+0x0/0xad returned 0 after 5857 usecs
[    8.302448] calling  acpi_thermal_init+0x0/0x71 @ 1
[    8.313341] initcall acpi_thermal_init+0x0/0x71 returned 0 after 3036 usecs
[    8.323303] calling  acpi_battery_init+0x0/0x32 @ 1
[    8.330727] initcall acpi_battery_init+0x0/0x32 returned 0 after 292 usecs
[    8.340236] calling  bgrt_init+0x0/0xb6 @ 1
[    8.348118] initcall bgrt_init+0x0/0xb6 returned -19 after 1 usecs
[    8.358743] calling  gpio_clk_driver_init+0x0/0xe @ 1
[    8.368212] initcall gpio_clk_driver_init+0x0/0xe returned 0 after 214 usecs
[    8.380438] calling  plt_clk_driver_init+0x0/0xe @ 1
[    8.388690] initcall plt_clk_driver_init+0x0/0xe returned 0 after 44 usecs
[    8.399718] calling  virtio_pci_driver_init+0x0/0x15 @ 1
[    8.409422] initcall virtio_pci_driver_init+0x0/0x15 returned 0 after 1141 usecs
[    8.420966] calling  n_null_init+0x0/0x1e @ 1
[    8.427985] initcall n_null_init+0x0/0x1e returned 0 after 76 usecs
[    8.453001] calling  pty_init+0x0/0x1e8 @ 1
[    8.498895] initcall pty_init+0x0/0x1e8 returned 0 after 35541 usecs
[    8.508339] calling  sysrq_init+0x0/0x62 @ 1
[    8.515115] initcall sysrq_init+0x0/0x62 returned 0 after 598 usecs
[    8.524002] calling  serial8250_init+0x0/0x17e @ 1
[    8.530963] Serial: 8250/16550 driver, 4 ports, IRQ sharing enabled
[    8.549723] 00:03: ttyS0 at I/O 0x3f8 (irq = 4, base_baud = 115200) is a 16550A
[    8.577486] initcall serial8250_init+0x0/0x17e returned 0 after 45603 usecs
[    8.587588] calling  serial_pci_driver_init+0x0/0x15 @ 1
[    8.595773] initcall serial_pci_driver_init+0x0/0x15 returned 0 after 658 usecs
[    8.605956] calling  exar_pci_driver_init+0x0/0x15 @ 1
[    8.613398] initcall exar_pci_driver_init+0x0/0x15 returned 0 after 219 usecs
[    8.623291] calling  lpss8250_pci_driver_init+0x0/0x15 @ 1
[    8.631155] initcall lpss8250_pci_driver_init+0x0/0x15 returned 0 after 54 usecs
[    8.641709] calling  mid8250_pci_driver_init+0x0/0x15 @ 1
[    8.649785] initcall mid8250_pci_driver_init+0x0/0x15 returned 0 after 69 usecs
[    8.661662] calling  virtio_console_init+0x0/0xff @ 1
[    8.673314] initcall virtio_console_init+0x0/0xff returned 0 after 2996 usecs
[    8.683707] calling  hpet_init+0x0/0x64 @ 1
[    8.693737] initcall hpet_init+0x0/0x64 returned 0 after 3626 usecs
[    8.702744] calling  nvram_module_init+0x0/0x83 @ 1
[    8.710994] Non-volatile memory driver v1.3
[    8.716747] initcall nvram_module_init+0x0/0x83 returned 0 after 6479 usecs
[    8.726430] calling  hwrng_modinit+0x0/0x8a @ 1
[    8.734155] initcall hwrng_modinit+0x0/0x8a returned 0 after 1409 usecs
[    8.743131] calling  mod_init+0x0/0x48 @ 1
[    8.748713] initcall mod_init+0x0/0x48 returned -19 after 0 usecs
[    8.756862] calling  agp_init+0x0/0x23 @ 1
[    8.763047] Linux agpgart interface v0.103
[    8.769001] initcall agp_init+0x0/0x23 returned 0 after 5811 usecs
[    8.777731] calling  agp_amd64_mod_init+0x0/0x5 @ 1
[    8.785592] initcall agp_amd64_mod_init+0x0/0x5 returned -19 after 839 usecs
[    8.795803] calling  agp_intel_init+0x0/0x28 @ 1
[    8.807511] initcall agp_intel_init+0x0/0x28 returned 0 after 4335 usecs
[    8.818562] calling  drm_kms_helper_init+0x0/0x7 @ 1
[    8.825647] initcall drm_kms_helper_init+0x0/0x7 returned 0 after 70 usecs
[    8.834928] calling  drm_core_init+0x0/0xbd @ 1
[    8.842227] initcall drm_core_init+0x0/0xbd returned 0 after 861 usecs
[    8.853630] calling  i915_init+0x0/0x6b @ 1
[    8.864273] initcall i915_init+0x0/0x6b returned 0 after 4629 usecs
[    8.873327] calling  cn_proc_init+0x0/0x35 @ 1
[    8.879631] initcall cn_proc_init+0x0/0x35 returned 0 after 168 usecs
[    8.888389] calling  topology_sysfs_init+0x0/0x27 @ 1
[    8.897448] initcall topology_sysfs_init+0x0/0x27 returned 0 after 739 usecs
[    8.907235] calling  cacheinfo_sysfs_init+0x0/0x27 @ 1
[    8.919211] initcall cacheinfo_sysfs_init+0x0/0x27 returned 0 after 5023 usecs
[    8.929283] calling  loop_init+0x0/0x16a @ 1
[    8.997289] loop: module loaded
[    9.001736] initcall loop_init+0x0/0x16a returned 0 after 64700 usecs
[    9.010320] calling  mac_hid_init+0x0/0x21 @ 1
[    9.017286] initcall mac_hid_init+0x0/0x21 returned 0 after 31 usecs
[    9.026233] calling  spi_transport_init+0x0/0x74 @ 1
[    9.034320] initcall spi_transport_init+0x0/0x74 returned 0 after 188 usecs
[    9.044468] calling  init_sd+0x0/0x18c @ 1
[    9.050971] initcall init_sd+0x0/0x18c returned 0 after 540 usecs
[    9.060188] calling  init_sr+0x0/0x43 @ 1
[    9.066159] initcall init_sr+0x0/0x43 returned 0 after 210 usecs
[    9.075061] calling  init_sg+0x0/0x1c0 @ 1
[    9.081787] initcall init_sg+0x0/0x1c0 returned 0 after 413 usecs
[    9.090674] calling  ahci_pci_driver_init+0x0/0x15 @ 1
[    9.098747] ahci 0000:00:1f.2: version 3.0
[    9.110822] PCI Interrupt Link [GSIA] enabled at IRQ 16
[    9.136649] ahci 0000:00:1f.2: AHCI 0001.0000 32 slots 6 ports 1.5 Gbps 0x3f impl SATA mode
[    9.149586] ahci 0000:00:1f.2: flags: 64bit ncq only 
[    9.186518] scsi host0: ahci
[    9.204636] scsi host1: ahci
[    9.226089] scsi host2: ahci
[    9.235261] scsi host3: ahci
[    9.243448] scsi host4: ahci
[    9.252386] scsi host5: ahci
[    9.258353] ata1: SATA max UDMA/133 abar m4096@0xfebf1000 port 0xfebf1100 irq 24
[    9.269771] ata2: SATA max UDMA/133 abar m4096@0xfebf1000 port 0xfebf1180 irq 24
[    9.282090] ata3: SATA max UDMA/133 abar m4096@0xfebf1000 port 0xfebf1200 irq 24
[    9.293390] ata4: SATA max UDMA/133 abar m4096@0xfebf1000 port 0xfebf1280 irq 24
[    9.303325] ata5: SATA max UDMA/133 abar m4096@0xfebf1000 port 0xfebf1300 irq 24
[    9.313747] ata6: SATA max UDMA/133 abar m4096@0xfebf1000 port 0xfebf1380 irq 24
[    9.324520] initcall ahci_pci_driver_init+0x0/0x15 returned 0 after 221188 usecs
[    9.335411] calling  piix_init+0x0/0x26 @ 1
[    9.341573] initcall piix_init+0x0/0x26 returned 0 after 423 usecs
[    9.350314] calling  amd_pci_driver_init+0x0/0x15 @ 1
[    9.358122] initcall amd_pci_driver_init+0x0/0x15 returned 0 after 322 usecs
[    9.368583] calling  oldpiix_pci_driver_init+0x0/0x15 @ 1
[    9.376191] initcall oldpiix_pci_driver_init+0x0/0x15 returned 0 after 144 usecs
[    9.386490] calling  sch_pci_driver_init+0x0/0x15 @ 1
[    9.394392] initcall sch_pci_driver_init+0x0/0x15 returned 0 after 65 usecs
[    9.405624] calling  net_olddevs_init+0x0/0x55 @ 1
[    9.413354] initcall net_olddevs_init+0x0/0x55 returned 0 after 373 usecs
[    9.422981] calling  blackhole_netdev_init+0x0/0x78 @ 1
[    9.431536] initcall blackhole_netdev_init+0x0/0x78 returned 0 after 936 usecs
[    9.441922] calling  phy_module_init+0x0/0x13 @ 1
[    9.450111] initcall phy_module_init+0x0/0x13 returned 0 after 1095 usecs
[    9.459619] calling  tg3_driver_init+0x0/0x15 @ 1
[    9.466338] initcall tg3_driver_init+0x0/0x15 returned 0 after 174 usecs
[    9.476098] calling  e100_init_module+0x0/0x4c @ 1
[    9.483078] e100: Intel(R) PRO/100 Network Driver
[    9.490029] e100: Copyright(c) 1999-2006 Intel Corporation
[    9.498131] initcall e100_init_module+0x0/0x4c returned 0 after 14697 usecs
[    9.508209] calling  e1000_init_module+0x0/0x72 @ 1
[    9.515753] e1000: Intel(R) PRO/1000 Network Driver
[    9.522731] e1000: Copyright (c) 1999-2006 Intel Corporation.
[    9.531119] initcall e1000_init_module+0x0/0x72 returned 0 after 15002 usecs
[    9.541182] calling  e1000_init_module+0x0/0x2d @ 1
[    9.549089] e1000e: Intel(R) PRO/1000 Network Driver
[    9.556626] e1000e: Copyright(c) 1999 - 2015 Intel Corporation.
[    9.565474] initcall e1000_init_module+0x0/0x2d returned 0 after 16067 usecs
[    9.575541] calling  sky2_init_module+0x0/0x21 @ 1
[    9.582933] sky2: driver version 1.30
[    9.588441] initcall sky2_init_module+0x0/0x21 returned 0 after 5380 usecs
[    9.598895] calling  forcedeth_pci_driver_init+0x0/0x15 @ 1
[    9.607006] initcall forcedeth_pci_driver_init+0x0/0x15 returned 0 after 56 usecs
[    9.618254] calling  rtl8139_init_module+0x0/0x15 @ 1
[    9.626166] initcall rtl8139_init_module+0x0/0x15 returned 0 after 209 usecs
[    9.636501] calling  rtl8169_pci_driver_init+0x0/0x15 @ 1
[    9.638730] ata5: SATA link down (SStatus 0 SControl 300)
[    9.644547] initcall rtl8169_pci_driver_init+0x0/0x15 returned 0 after 96 usecs
[    9.655444] ata2: SATA link down (SStatus 0 SControl 300)
[    9.662711] calling  cdrom_init+0x0/0xc @ 1
[    9.662941] initcall cdrom_init+0x0/0xc returned 0 after 219 usecs
[    9.673831] ata3: SATA link up 1.5 Gbps (SStatus 113 SControl 300)
[    9.676660] calling  nonstatic_sysfs_init+0x0/0xc @ 1
[    9.676700] initcall nonstatic_sysfs_init+0x0/0xc returned 0 after 34 usecs
[    9.676703] calling  yenta_cardbus_driver_init+0x0/0x15 @ 1
[    9.676986] initcall yenta_cardbus_driver_init+0x0/0x15 returned 0 after 271 usecs
[    9.691060] ata4: SATA link down (SStatus 0 SControl 300)
[    9.698033] calling  mon_init+0x0/0x144 @ 1
[    9.708206] ata1: SATA link down (SStatus 0 SControl 300)
[    9.723590] initcall mon_init+0x0/0x144 returned 0 after 7647 usecs
[    9.729191] ata6: SATA link down (SStatus 0 SControl 300)
[    9.734704] calling  ehci_hcd_init+0x0/0x56 @ 1
[    9.735420] ehci_hcd: USB 2.0 'Enhanced' Host Controller (EHCI) Driver
[    9.744474] ata3.00: ATAPI: QEMU DVD-ROM, 2.5+, max UDMA/100
[    9.748802] initcall ehci_hcd_init+0x0/0x56 returned 0 after 13759 usecs
[    9.757623] ata3.00: applying bridge limits
[    9.766493] calling  ehci_pci_init+0x0/0x64 @ 1
[    9.793559] ata3.00: configured for UDMA/100
[    9.802089] ehci-pci: EHCI PCI platform driver
[    9.841588] initcall ehci_pci_init+0x0/0x64 returned 0 after 38834 usecs
[    9.842123] scsi 2:0:0:0: CD-ROM            QEMU     QEMU DVD-ROM     2.5+ PQ: 0 ANSI: 5
[    9.851841] calling  ohci_hcd_mod_init+0x0/0x4e @ 1
[    9.851847] ohci_hcd: USB 1.1 'Open' Host Controller (OHCI) Driver
[    9.852559] initcall ohci_hcd_mod_init+0x0/0x4e returned 0 after 693 usecs
[    9.894071] calling  ohci_pci_init+0x0/0x64 @ 1
[    9.900646] ohci-pci: OHCI PCI platform driver
[    9.906746] initcall ohci_pci_init+0x0/0x64 returned 0 after 6060 usecs
[    9.917732] calling  uhci_hcd_init+0x0/0xa8 @ 1
[    9.924498] uhci_hcd: USB Universal Host Controller Interface driver
[    9.934223] initcall uhci_hcd_init+0x0/0xa8 returned 0 after 9498 usecs
[    9.945195] calling  xhci_hcd_init+0x0/0x1e @ 1
[    9.953219] initcall xhci_hcd_init+0x0/0x1e returned 0 after 167 usecs
[    9.953431] sr 2:0:0:0: [sr0] scsi3-mmc drive: 4x/4x cd/rw xa/form2 tray
[    9.962452] calling  xhci_pci_init+0x0/0x49 @ 1
[    9.963044] initcall xhci_pci_init+0x0/0x49 returned 0 after 572 usecs
[    9.972373] cdrom: Uniform CD-ROM driver Revision: 3.20
[    9.978632] calling  usblp_driver_init+0x0/0x15 @ 1
[    9.979133] usbcore: registered new interface driver usblp
[   10.012291] initcall usblp_driver_init+0x0/0x15 returned 0 after 32860 usecs
[   10.022230] calling  usb_storage_driver_init+0x0/0x2a @ 1
[   10.030558] usbcore: registered new interface driver usb-storage
[   10.039629] initcall usb_storage_driver_init+0x0/0x2a returned 0 after 9044 usecs
[   10.052110] calling  i8042_init+0x0/0x4c2 @ 1
[   10.059314] i8042: PNP: PS/2 Controller [PNP0303:KBD,PNP0f13:MOU] at 0x60,0x64 irq 1,12
[   10.059503] sr 2:0:0:0: Attached scsi CD-ROM sr0
[   10.078804] sr 2:0:0:0: Attached scsi generic sg0 type 5
[   10.083089] serio: i8042 KBD port at 0x60,0x64 irq 1
[   10.095558] serio: i8042 AUX port at 0x60,0x64 irq 12
[   10.103231] initcall i8042_init+0x0/0x4c2 returned 0 after 43399 usecs
[   10.112280] calling  serport_init+0x0/0x2c @ 1
[   10.119191] initcall serport_init+0x0/0x2c returned 0 after 38 usecs
[   10.128653] calling  input_leds_init+0x0/0xc @ 1
[   10.135705] initcall input_leds_init+0x0/0xc returned 0 after 23 usecs
[   10.145363] calling  evdev_init+0x0/0xc @ 1
[   10.154290] initcall evdev_init+0x0/0xc returned 0 after 2488 usecs
[   10.164675] calling  atkbd_init+0x0/0x21 @ 1
[   10.171359] initcall atkbd_init+0x0/0x21 returned 0 after 920 usecs
[   10.176137] input: AT Translated Set 2 keyboard as /devices/platform/i8042/serio0/input/input1
[   10.180379] calling  psmouse_init+0x0/0x7f @ 1
[   10.180568] initcall psmouse_init+0x0/0x7f returned 0 after 164 usecs
[   10.210265] calling  cmos_init+0x0/0x73 @ 1
[   10.218310] rtc_cmos 00:04: RTC can wake from S4
[   10.235548] rtc_cmos 00:04: registered as rtc0
[   10.242949] rtc_cmos 00:04: alarms up to one day, y3k, 242 bytes nvram, hpet irqs
[   10.255037] initcall cmos_init+0x0/0x73 returned 0 after 37107 usecs
[   10.264327] calling  smbalert_driver_init+0x0/0xe @ 1
[   10.271340] initcall smbalert_driver_init+0x0/0xe returned 0 after 94 usecs
[   10.281398] calling  i2c_i801_init+0x0/0xc5 @ 1
[   10.300521] i801_smbus 0000:00:1f.3: SMBus using PCI interrupt
[   10.311391] i2c i2c-0: 1/1 memory slots populated (from DMI)
[   10.319665] i2c i2c-0: Memory type 0x07 not supported yet, not instantiating SPD
[   10.334552] initcall i2c_i801_init+0x0/0xc5 returned 0 after 45460 usecs
[   10.344313] calling  ptp_kvm_init+0x0/0xf0 @ 1
[   10.356269] initcall ptp_kvm_init+0x0/0xf0 returned 0 after 5419 usecs
[   10.367108] calling  dm_init+0x0/0x3c @ 1
[   10.377919] device-mapper: ioctl: 4.43.0-ioctl (2020-10-01) initialised: dm-devel@redhat.com
[   10.392646] hrtimer: interrupt took 3241290 ns
[   10.402944] initcall dm_init+0x0/0x3c returned 0 after 28529 usecs
[   10.413538] calling  dm_mirror_init+0x0/0x29 @ 1
[   10.423600] initcall dm_mirror_init+0x0/0x29 returned 0 after 16 usecs
[   10.435735] calling  dm_dirty_log_init+0x0/0x4f @ 1
[   10.443784] initcall dm_dirty_log_init+0x0/0x4f returned 0 after 405 usecs
[   10.454427] calling  dm_zero_init+0x0/0x29 @ 1
[   10.461876] initcall dm_zero_init+0x0/0x29 returned 0 after 48 usecs
[   10.471693] calling  intel_pstate_init+0x0/0x512 @ 1
[   10.479692] intel_pstate: CPU model not supported
[   10.487486] initcall intel_pstate_init+0x0/0x512 returned -19 after 7639 usecs
[   10.498470] calling  haltpoll_init+0x0/0xc0 @ 1
[   10.505690] initcall haltpoll_init+0x0/0xc0 returned -19 after 59 usecs
[   10.516539] calling  efivars_sysfs_init+0x0/0x30 @ 1
[   10.524684] initcall efivars_sysfs_init+0x0/0x30 returned 0 after 78 usecs
[   10.535215] calling  esrt_sysfs_init+0x0/0x2a2 @ 1
[   10.557951] initcall esrt_sysfs_init+0x0/0x2a2 returned -38 after 1285 usecs
[   10.570537] calling  hid_init+0x0/0x5c @ 1
[   10.584089] hid: raw HID events driver (C) Jiri Kosina
[   10.600616] initcall hid_init+0x0/0x5c returned 0 after 22966 usecs
[   10.609519] calling  hid_generic_init+0x0/0x15 @ 1
[   10.620416] initcall hid_generic_init+0x0/0x15 returned 0 after 3634 usecs
[   10.631375] calling  a4_driver_init+0x0/0x15 @ 1
[   10.639409] initcall a4_driver_init+0x0/0x15 returned 0 after 1026 usecs
[   10.650066] calling  apple_driver_init+0x0/0x15 @ 1
[   10.657553] initcall apple_driver_init+0x0/0x15 returned 0 after 412 usecs
[   10.667731] calling  belkin_driver_init+0x0/0x15 @ 1
[   10.676147] initcall belkin_driver_init+0x0/0x15 returned 0 after 521 usecs
[   10.687249] calling  ch_driver_init+0x0/0x15 @ 1
[   10.695357] initcall ch_driver_init+0x0/0x15 returned 0 after 637 usecs
[   10.706072] calling  ch_driver_init+0x0/0x15 @ 1
[   10.713781] initcall ch_driver_init+0x0/0x15 returned 0 after 280 usecs
[   10.724281] calling  cp_driver_init+0x0/0x15 @ 1
[   10.731990] initcall cp_driver_init+0x0/0x15 returned 0 after 448 usecs
[   10.742707] calling  ez_driver_init+0x0/0x15 @ 1
[   10.750629] initcall ez_driver_init+0x0/0x15 returned 0 after 326 usecs
[   10.761534] calling  gyration_driver_init+0x0/0x15 @ 1
[   10.770426] initcall gyration_driver_init+0x0/0x15 returned 0 after 407 usecs
[   10.782224] calling  ite_driver_init+0x0/0x15 @ 1
[   10.789535] initcall ite_driver_init+0x0/0x15 returned 0 after 92 usecs
[   10.799179] calling  ks_driver_init+0x0/0x15 @ 1
[   10.805930] initcall ks_driver_init+0x0/0x15 returned 0 after 44 usecs
[   10.815552] calling  lg_driver_init+0x0/0x15 @ 1
[   10.822302] initcall lg_driver_init+0x0/0x15 returned 0 after 166 usecs
[   10.831253] calling  lg_g15_driver_init+0x0/0x15 @ 1
[   10.838157] initcall lg_g15_driver_init+0x0/0x15 returned 0 after 61 usecs
[   10.847365] calling  ms_driver_init+0x0/0x15 @ 1
[   10.853936] initcall ms_driver_init+0x0/0x15 returned 0 after 104 usecs
[   10.863192] calling  mr_driver_init+0x0/0x15 @ 1
[   10.870305] initcall mr_driver_init+0x0/0x15 returned 0 after 39 usecs
[   10.879092] calling  ntrig_driver_init+0x0/0x15 @ 1
[   10.887950] initcall ntrig_driver_init+0x0/0x15 returned 0 after 363 usecs
[   10.898134] calling  pl_driver_init+0x0/0x15 @ 1
[   10.905145] initcall pl_driver_init+0x0/0x15 returned 0 after 47 usecs
[   10.915022] calling  pl_driver_init+0x0/0x15 @ 1
[   10.922382] initcall pl_driver_init+0x0/0x15 returned 0 after 332 usecs
[   10.931619] calling  redragon_driver_init+0x0/0x15 @ 1
[   10.939158] initcall redragon_driver_init+0x0/0x15 returned 0 after 48 usecs
[   10.950245] calling  samsung_driver_init+0x0/0x15 @ 1
[   10.958039] initcall samsung_driver_init+0x0/0x15 returned 0 after 48 usecs
[   10.967748] calling  sony_init+0x0/0x38 @ 1
[   10.973946] initcall sony_init+0x0/0x38 returned 0 after 184 usecs
[   10.982981] calling  sp_driver_init+0x0/0x15 @ 1
[   10.989591] initcall sp_driver_init+0x0/0x15 returned 0 after 66 usecs
[   10.999180] calling  ts_driver_init+0x0/0x15 @ 1
[   11.018654] initcall ts_driver_init+0x0/0x15 returned 0 after 308 usecs
[   11.029329] calling  hid_init+0x0/0x58 @ 1
[   11.054952] usbcore: registered new interface driver usbhid
[   11.065077] usbhid: USB HID core driver
[   11.071332] initcall hid_init+0x0/0x58 returned 0 after 29588 usecs
[   11.081097] calling  eeepc_laptop_init+0x0/0x57 @ 1
[   11.090544] initcall eeepc_laptop_init+0x0/0x57 returned -19 after 2100 usecs
[   11.101233] calling  pmc_atom_init+0x0/0x27a @ 1
[   11.109236] initcall pmc_atom_init+0x0/0x27a returned -19 after 409 usecs
[   11.119549] calling  alsa_hwdep_init+0x0/0x5e @ 1
[   11.131380] initcall alsa_hwdep_init+0x0/0x5e returned 0 after 4393 usecs
[   11.141125] calling  alsa_timer_init+0x0/0x1f9 @ 1
[   11.155274] initcall alsa_timer_init+0x0/0x1f9 returned 0 after 7066 usecs
[   11.164989] calling  snd_hrtimer_init+0x0/0x117 @ 1
[   11.171977] initcall snd_hrtimer_init+0x0/0x117 returned 0 after 4 usecs
[   11.181729] calling  alsa_pcm_init+0x0/0x64 @ 1
[   11.188381] initcall alsa_pcm_init+0x0/0x64 returned 0 after 18 usecs
[   11.197941] calling  alsa_seq_init+0x0/0x4a @ 1
[   11.207096] initcall alsa_seq_init+0x0/0x4a returned 0 after 2161 usecs
[   11.217626] calling  alsa_seq_dummy_init+0x0/0x9c @ 1
[   11.226171] initcall alsa_seq_dummy_init+0x0/0x9c returned 0 after 265 usecs
[   11.237289] calling  azx_driver_init+0x0/0x15 @ 1
[   11.245297] initcall azx_driver_init+0x0/0x15 returned 0 after 738 usecs
[   11.255236] calling  sock_diag_init+0x0/0x2a @ 1
[   11.262758] initcall sock_diag_init+0x0/0x2a returned 0 after 896 usecs
[   11.272316] calling  blackhole_init+0x0/0xc @ 1
[   11.279003] initcall blackhole_init+0x0/0xc returned 0 after 21 usecs
[   11.289255] calling  nfnetlink_init+0x0/0x61 @ 1
[   11.297646] initcall nfnetlink_init+0x0/0x61 returned 0 after 617 usecs
[   11.307439] calling  nfnetlink_log_init+0x0/0x99 @ 1
[   11.332367] initcall nfnetlink_log_init+0x0/0x99 returned 0 after 1934 usecs
[   11.342359] calling  nf_conntrack_standalone_init+0x0/0x87 @ 1
[   11.354757] initcall nf_conntrack_standalone_init+0x0/0x87 returned 0 after 4390 usecs
[   11.377187] calling  ctnetlink_init+0x0/0x83 @ 1
[   11.384454] initcall ctnetlink_init+0x0/0x83 returned 0 after 416 usecs
[   11.394018] calling  nf_conntrack_ftp_init+0x0/0x12c @ 1
[   11.405653] initcall nf_conntrack_ftp_init+0x0/0x12c returned 0 after 2033 usecs
[   11.418224] calling  nf_conntrack_irc_init+0x0/0x129 @ 1
[   11.426610] initcall nf_conntrack_irc_init+0x0/0x129 returned 0 after 522 usecs
[   11.436511] calling  nf_conntrack_sip_init+0x0/0x172 @ 1
[   11.445296] initcall nf_conntrack_sip_init+0x0/0x172 returned 0 after 1018 usecs
[   11.457254] calling  nf_nat_init+0x0/0xf0 @ 1
[   11.481278] input: ImExPS/2 Generic Explorer Mouse as /devices/platform/i8042/serio1/input/input3
[   11.512263] initcall nf_nat_init+0x0/0xf0 returned 0 after 47282 usecs
[   11.521210] calling  nf_nat_ftp_init+0x0/0x2a @ 1
[   11.527729] initcall nf_nat_ftp_init+0x0/0x2a returned 0 after 81 usecs
[   11.557047] calling  nf_nat_irc_init+0x0/0x2a @ 1
[   11.581961] initcall nf_nat_irc_init+0x0/0x2a returned 0 after 17254 usecs
[   11.622479] calling  nf_nat_sip_init+0x0/0x36 @ 1
[   11.629245] initcall nf_nat_sip_init+0x0/0x36 returned 0 after 72 usecs
[   11.649132] calling  xt_init+0x0/0x146 @ 1
[   11.651422] tasks-torture: rcu_torture_read_exit: End of episode
[   11.655380] initcall xt_init+0x0/0x146 returned 0 after 293 usecs
[   11.685251] calling  tcpudp_mt_init+0x0/0x11 @ 1
[   11.692705] initcall tcpudp_mt_init+0x0/0x11 returned 0 after 1283 usecs
[   11.703261] calling  connsecmark_tg_init+0x0/0xc @ 1
[   11.722035] initcall connsecmark_tg_init+0x0/0xc returned 0 after 3 usecs
[   11.731130] calling  nflog_tg_init+0x0/0xc @ 1
[   11.738593] initcall nflog_tg_init+0x0/0xc returned 0 after 16 usecs
[   11.770372] calling  secmark_tg_init+0x0/0x11 @ 1
[   11.776767] initcall secmark_tg_init+0x0/0x11 returned 0 after 12 usecs
[   11.794218] calling  tcpmss_tg_init+0x0/0x11 @ 1
[   11.801080] initcall tcpmss_tg_init+0x0/0x11 returned 0 after 7 usecs
