c[?7l[2J[0mSeaBIOS (version 1.16.0-debian-1.16.0-4)
Booting from ROM...
early console in setup code
c[?7l[2J[    0.000000] Linux version 5.10.156+ (root@joelboxx.c.googlers.com) (gcc (Debian 12.2.0-3) 12.2.0, GNU ld (GNU Binutils for Debian) 2.39) #11 SMP PREEMPT Tue Dec 13 04:34:18 UTC 2022
[    0.000000] Command line: selinux=0 initcall_debug debug console=ttyS0 rcutorture.torture_type=tasks-rude rcutorture.onoff_interval=1000 rcutorture.onoff_holdoff=30 rcutorture.n_barrier_cbs=4 rcutorture.stat_interval=15 rcutorture.shutdown_secs=1800 rcutorture.test_no_idle_hz=1 rcutorture.verbose=1
[    0.000000] x86/fpu: x87 FPU will use FXSAVE
[    0.000000] BIOS-provided physical RAM map:
[    0.000000] BIOS-e820: [mem 0x0000000000000000-0x000000000009fbff] usable
[    0.000000] BIOS-e820: [mem 0x000000000009fc00-0x000000000009ffff] reserved
[    0.000000] BIOS-e820: [mem 0x00000000000f0000-0x00000000000fffff] reserved
[    0.000000] BIOS-e820: [mem 0x0000000000100000-0x000000001ffdefff] usable
[    0.000000] BIOS-e820: [mem 0x000000001ffdf000-0x000000001fffffff] reserved
[    0.000000] BIOS-e820: [mem 0x00000000b0000000-0x00000000bfffffff] reserved
[    0.000000] BIOS-e820: [mem 0x00000000fed1c000-0x00000000fed1ffff] reserved
[    0.000000] BIOS-e820: [mem 0x00000000feffc000-0x00000000feffffff] reserved
[    0.000000] BIOS-e820: [mem 0x00000000fffc0000-0x00000000ffffffff] reserved
[    0.000000] NX (Execute Disable) protection: active
[    0.000000] SMBIOS 2.8 present.
[    0.000000] DMI: QEMU Standard PC (Q35 + ICH9, 2009), BIOS 1.16.0-debian-1.16.0-4 04/01/2014
[    0.000000] Hypervisor detected: KVM
[    0.000000] kvm-clock: Using msrs 4b564d01 and 4b564d00
[    0.000000] kvm-clock: cpu 0, msr 7329001, primary cpu clock
[    0.000040] kvm-clock: using sched offset of 2362373762 cycles
[    0.000260] clocksource: kvm-clock: mask: 0xffffffffffffffff max_cycles: 0x1cd42e4dffb, max_idle_ns: 881590591483 ns
[    0.000471] tsc: Detected 1999.999 MHz processor
[    0.005657] e820: update [mem 0x00000000-0x00000fff] usable ==> reserved
[    0.005666] e820: remove [mem 0x000a0000-0x000fffff] usable
[    0.005676] last_pfn = 0x1ffdf max_arch_pfn = 0x400000000
[    0.006432] MTRR default type: write-back
[    0.006477] MTRR fixed ranges enabled:
[    0.006480]   00000-9FFFF write-back
[    0.006482]   A0000-BFFFF uncachable
[    0.006485]   C0000-FFFFF write-protect
[    0.006487] MTRR variable ranges enabled:
[    0.006490]   0 base 00C0000000 mask FFC0000000 uncachable
[    0.006493]   1 disabled
[    0.006495]   2 disabled
[    0.006497]   3 disabled
[    0.006499]   4 disabled
[    0.006501]   5 disabled
[    0.006503]   6 disabled
[    0.006505]   7 disabled
[    0.006751] x86/PAT: Configuration [0-7]: WB  WC  UC- UC  WB  WC  UC- UC  
[    0.015906] found SMP MP-table at [mem 0x000f5ba0-0x000f5baf]
[    0.017324] check: Scanning 1 areas for low memory corruption
[    0.026770] ACPI: Early table checksum verification disabled
[    0.027680] ACPI: RSDP 0x00000000000F59E0 000014 (v00 BOCHS )
[    0.027803] ACPI: RSDT 0x000000001FFE22F5 000038 (v01 BOCHS  BXPC     00000001 BXPC 00000001)
[    0.027887] ACPI: FACP 0x000000001FFE20E5 0000F4 (v03 BOCHS  BXPC     00000001 BXPC 00000001)
[    0.027981] ACPI: DSDT 0x000000001FFE0040 0020A5 (v01 BOCHS  BXPC     00000001 BXPC 00000001)
[    0.027991] ACPI: FACS 0x000000001FFE0000 000040
[    0.027998] ACPI: APIC 0x000000001FFE21D9 000080 (v01 BOCHS  BXPC     00000001 BXPC 00000001)
[    0.028038] ACPI: HPET 0x000000001FFE2259 000038 (v01 BOCHS  BXPC     00000001 BXPC 00000001)
[    0.028049] ACPI: MCFG 0x000000001FFE2291 00003C (v01 BOCHS  BXPC     00000001 BXPC 00000001)
[    0.028056] ACPI: WAET 0x000000001FFE22CD 000028 (v01 BOCHS  BXPC     00000001 BXPC 00000001)
[    0.028063] ACPI: Reserving FACP table memory at [mem 0x1ffe20e5-0x1ffe21d8]
[    0.028067] ACPI: Reserving DSDT table memory at [mem 0x1ffe0040-0x1ffe20e4]
[    0.028069] ACPI: Reserving FACS table memory at [mem 0x1ffe0000-0x1ffe003f]
[    0.028072] ACPI: Reserving APIC table memory at [mem 0x1ffe21d9-0x1ffe2258]
[    0.028074] ACPI: Reserving HPET table memory at [mem 0x1ffe2259-0x1ffe2290]
[    0.028077] ACPI: Reserving MCFG table memory at [mem 0x1ffe2291-0x1ffe22cc]
[    0.028079] ACPI: Reserving WAET table memory at [mem 0x1ffe22cd-0x1ffe22f4]
[    0.028432] ACPI: Local APIC address 0xfee00000
[    0.032204] No NUMA configuration found
[    0.032209] Faking a node at [mem 0x0000000000000000-0x000000001ffdefff]
[    0.032268] NODE_DATA(0) allocated [mem 0x1ffdb000-0x1ffdefff]
[    0.032590] Zone ranges:
[    0.032646]   DMA      [mem 0x0000000000001000-0x0000000000ffffff]
[    0.032674]   DMA32    [mem 0x0000000001000000-0x000000001ffdefff]
[    0.032679]   Normal   empty
[    0.032682] Movable zone start for each node
[    0.032685] Early memory node ranges
[    0.032687]   node   0: [mem 0x0000000000001000-0x000000000009efff]
[    0.032702]   node   0: [mem 0x0000000000100000-0x000000001ffdefff]
[    0.032716] Initmem setup node 0 [mem 0x0000000000001000-0x000000001ffdefff]
[    0.032726] On node 0 totalpages: 130941
[    0.032778]   DMA zone: 64 pages used for memmap
[    0.032780]   DMA zone: 21 pages reserved
[    0.032783]   DMA zone: 3998 pages, LIFO batch:0
[    0.032785]   DMA32 zone: 1984 pages used for memmap
[    0.032788]   DMA32 zone: 126943 pages, LIFO batch:31
[    0.074241] On node 0, zone DMA: 1 pages in unavailable ranges
[    0.074269] On node 0, zone DMA: 97 pages in unavailable ranges
[    0.086229] On node 0, zone DMA32: 33 pages in unavailable ranges
[    0.090018] ACPI: PM-Timer IO Port: 0x608
[    0.090026] ACPI: Local APIC address 0xfee00000
[    0.090369] ACPI: LAPIC_NMI (acpi_id[0xff] dfl dfl lint[0x1])
[    0.092352] IOAPIC[0]: apic_id 0, version 17, address 0xfec00000, GSI 0-23
[    0.092670] ACPI: INT_SRC_OVR (bus 0 bus_irq 0 global_irq 2 dfl dfl)
[    0.092747] ACPI: INT_SRC_OVR (bus 0 bus_irq 5 global_irq 5 high level)
[    0.092750] ACPI: INT_SRC_OVR (bus 0 bus_irq 9 global_irq 9 high level)
[    0.092969] ACPI: INT_SRC_OVR (bus 0 bus_irq 10 global_irq 10 high level)
[    0.092973] ACPI: INT_SRC_OVR (bus 0 bus_irq 11 global_irq 11 high level)
[    0.092976] ACPI: IRQ0 used by override.
[    0.093038] ACPI: IRQ5 used by override.
[    0.093041] ACPI: IRQ9 used by override.
[    0.093043] ACPI: IRQ10 used by override.
[    0.093045] ACPI: IRQ11 used by override.
[    0.093135] Using ACPI (MADT) for SMP configuration information
[    0.093301] ACPI: HPET id: 0x8086a201 base: 0xfed00000
[    0.093932] smpboot: Allowing 2 CPUs, 0 hotplug CPUs
[    0.097320] PM: hibernation: Registered nosave memory: [mem 0x00000000-0x00000fff]
[    0.097326] PM: hibernation: Registered nosave memory: [mem 0x0009f000-0x0009ffff]
[    0.097329] PM: hibernation: Registered nosave memory: [mem 0x000a0000-0x000effff]
[    0.097331] PM: hibernation: Registered nosave memory: [mem 0x000f0000-0x000fffff]
[    0.097337] [mem 0x20000000-0xafffffff] available for PCI devices
[    0.097505] Booting paravirtualized kernel on KVM
[    0.098248] clocksource: refined-jiffies: mask: 0xffffffff max_cycles: 0xffffffff, max_idle_ns: 1910969940391419 ns
[    0.134209] setup_percpu: NR_CPUS:2 nr_cpumask_bits:2 nr_cpu_ids:2 nr_node_ids:1
[    0.140836] percpu: Embedded 58 pages/cpu s198480 r8192 d30896 u1048576
[    0.140897] pcpu-alloc: s198480 r8192 d30896 u1048576 alloc=1*2097152
[    0.140949] pcpu-alloc: [0] 0 1 
[    0.141351] kvm-guest: stealtime: cpu 0, msr 1f41bb40
[    0.143029] Built 1 zonelists, mobility grouping on.  Total pages: 128872
[    0.143034] Policy zone: DMA32
[    0.143129] Kernel command line: selinux=0 initcall_debug debug console=ttyS0 rcutorture.torture_type=tasks-rude rcutorture.onoff_interval=1000 rcutorture.onoff_holdoff=30 rcutorture.n_barrier_cbs=4 rcutorture.stat_interval=15 rcutorture.shutdown_secs=1800 rcutorture.test_no_idle_hz=1 rcutorture.verbose=1
[    0.151333] Dentry cache hash table entries: 65536 (order: 7, 524288 bytes, linear)
[    0.151377] Inode-cache hash table entries: 32768 (order: 6, 262144 bytes, linear)
[    0.152138] mem auto-init: stack:all(zero), heap alloc:off, heap free:off
[    0.165297] Memory: 466776K/523764K available (16398K kernel code, 2805K rwdata, 4836K rodata, 1516K init, 13268K bss, 56728K reserved, 0K cma-reserved)
[    0.166955] SLUB: HWalign=64, Order=0-3, MinObjects=0, CPUs=2, Nodes=1
[    0.167855] Kernel/User page tables isolation: enabled
[    0.182066] Running RCU self tests
[    0.182676] rcu: Preemptible hierarchical RCU implementation.
[    0.182679] rcu: 	RCU event tracing is enabled.
[    0.182682] rcu: 	RCU lockdep checking is enabled.
[    0.182751] 	Trampoline variant of Tasks RCU enabled.
[    0.182754] 	Rude variant of Tasks RCU enabled.
[    0.182756] 	Tracing variant of Tasks RCU enabled.
[    0.182974] rcu: RCU calculated value of scheduler-enlistment delay is 100 jiffies.
[    0.205896] NR_IRQS: 4352, nr_irqs: 440, preallocated irqs: 16
[    0.213020] calling  con_init+0x0/0x24f @ 0
[    0.395770] Console: colour VGA+ 80x25
[    0.395916] initcall con_init+0x0/0x24f returned 0 after 0 usecs
[    0.395921] calling  hvc_console_init+0x0/0x13 @ 0
[    0.395980] initcall hvc_console_init+0x0/0x13 returned 0 after 0 usecs
[    0.395983] calling  univ8250_console_init+0x0/0x26 @ 0
[    1.320129] printk: console [ttyS0] enabled
[    1.324746] initcall univ8250_console_init+0x0/0x26 returned 0 after 0 usecs
[    1.332413] Lock dependency validator: Copyright (c) 2006 Red Hat, Inc., Ingo Molnar
[    1.340931] ... MAX_LOCKDEP_SUBCLASSES:  8
[    1.345437] ... MAX_LOCK_DEPTH:          48
[    1.350027] ... MAX_LOCKDEP_KEYS:        8192
[    1.354869] ... CLASSHASH_SIZE:          4096
[    1.359773] ... MAX_LOCKDEP_ENTRIES:     32768
[    1.365294] ... MAX_LOCKDEP_CHAINS:      65536
[    1.370245] ... CHAINHASH_SIZE:          32768
[    1.375446]  memory used by lock dependency info: 6365 kB
[    1.381411]  memory used for stack traces: 4224 kB
[    1.386856]  per task-struct memory footprint: 1920 bytes
[    1.392923] ACPI: Core revision 20200925
[    1.398902] clocksource: hpet: mask: 0xffffffff max_cycles: 0xffffffff, max_idle_ns: 19112604467 ns
[    1.410376] APIC: Switch to symmetric I/O mode setup
[    1.430147] ..TIMER: vector=0x30 apic1=0 pin1=2 apic2=-1 pin2=-1
[    1.436856] clocksource: tsc-early: mask: 0xffffffffffffffff max_cycles: 0x39a85afc727, max_idle_ns: 881590685098 ns
[    1.448162] Calibrating delay loop (skipped) preset value.. 3999.99 BogoMIPS (lpj=1999999)
[    1.449122] pid_max: default: 32768 minimum: 301
[    1.450347] LSM: Security Framework initializing
[    1.452288] Mount-cache hash table entries: 1024 (order: 1, 8192 bytes, linear)
[    1.453157] Mountpoint-cache hash table entries: 1024 (order: 1, 8192 bytes, linear)
[    1.461328] Last level iTLB entries: 4KB 0, 2MB 0, 4MB 0
[    1.462121] Last level dTLB entries: 4KB 0, 2MB 0, 4MB 0, 1GB 0
[    1.463170] Spectre V1 : Mitigation: usercopy/swapgs barriers and __user pointer sanitization
[    1.464122] Spectre V2 : Mitigation: Retpolines
[    1.466119] Spectre V2 : Spectre v2 / SpectreRSB mitigation: Filling RSB on context switch
[    1.467119] Spectre V2 : Spectre v2 / SpectreRSB : Filling RSB on VMEXIT
[    1.468120] Speculative Store Bypass: Vulnerable
[    1.469126] MDS: Vulnerable: Clear CPU buffers attempted, no microcode
[    1.470119] MMIO Stale Data: Unknown: No mitigations
[    1.525975] Freeing SMP alternatives memory: 40K
[    1.630008] smpboot: CPU0: Intel Common KVM processor (family: 0xf, model: 0x6, stepping: 0x1)
[    1.632792] calling  init_hw_perf_events+0x0/0x6ce @ 1
[    1.633146] Performance Events: unsupported Netburst CPU model 6 no PMU driver, software events only.
[    1.634157] initcall init_hw_perf_events+0x0/0x6ce returned 0 after 976 usecs
[    1.636153] calling  init_real_mode+0x0/0x1e9 @ 1
[    1.637521] initcall init_real_mode+0x0/0x1e9 returned 0 after 0 usecs
[    1.638125] calling  trace_init_perf_perm_irq_work_exit+0x0/0x12 @ 1
[    1.639125] initcall trace_init_perf_perm_irq_work_exit+0x0/0x12 returned 0 after 0 usecs
[    1.640140] calling  validate_x2apic+0x0/0x4a @ 1
[    1.641151] initcall validate_x2apic+0x0/0x4a returned 0 after 0 usecs
[    1.642122] calling  register_nmi_cpu_backtrace_handler+0x0/0x15 @ 1
[    1.643154] initcall register_nmi_cpu_backtrace_handler+0x0/0x15 returned 0 after 0 usecs
[    1.644131] calling  kvm_setup_vsyscall_timeinfo+0x0/0xd1 @ 1
[    1.645131] initcall kvm_setup_vsyscall_timeinfo+0x0/0xd1 returned 0 after 0 usecs
[    1.646141] calling  spawn_ksoftirqd+0x0/0x38 @ 1
[    1.648337] initcall spawn_ksoftirqd+0x0/0x38 returned 0 after 976 usecs
[    1.649126] calling  migration_init+0x0/0x31 @ 1
[    1.650125] initcall migration_init+0x0/0x31 returned 0 after 0 usecs
[    1.651125] calling  srcu_bootup_announce+0x0/0x2f @ 1
[    1.652133] rcu: Hierarchical SRCU implementation.
[    1.653125] initcall srcu_bootup_announce+0x0/0x2f returned 0 after 976 usecs
[    1.654126] calling  rcu_spawn_gp_kthread+0x0/0x1b0 @ 1
[    1.656163] initcall rcu_spawn_gp_kthread+0x0/0x1b0 returned 0 after 976 usecs
[    1.657126] calling  check_cpu_stall_init+0x0/0x1a @ 1
[    1.658127] initcall check_cpu_stall_init+0x0/0x1a returned 0 after 0 usecs
[    1.659124] calling  rcu_sysrq_init+0x0/0x21 @ 1
[    1.660188] initcall rcu_sysrq_init+0x0/0x21 returned 0 after 0 usecs
[    1.661191] calling  trace_init_flags_sys_enter+0x0/0xe @ 1
[    1.662144] initcall trace_init_flags_sys_enter+0x0/0xe returned 0 after 0 usecs
[    1.663124] calling  trace_init_flags_sys_exit+0x0/0xe @ 1
[    1.664127] initcall trace_init_flags_sys_exit+0x0/0xe returned 0 after 0 usecs
[    1.665124] calling  cpu_stop_init+0x0/0x8d @ 1
[    1.666382] initcall cpu_stop_init+0x0/0x8d returned 0 after 0 usecs
[    1.667124] calling  init_kprobes+0x0/0x16e @ 1
[    1.669643] initcall init_kprobes+0x0/0x16e returned 0 after 976 usecs
[    1.670124] calling  init_events+0x0/0x3d @ 1
[    1.671144] initcall init_events+0x0/0x3d returned 0 after 0 usecs
[    1.672123] calling  init_trace_printk+0x0/0xc @ 1
[    1.673124] initcall init_trace_printk+0x0/0xc returned 0 after 0 usecs
[    1.674126] calling  event_trace_enable_again+0x0/0x23 @ 1
[    1.675126] initcall event_trace_enable_again+0x0/0x23 returned 0 after 0 usecs
[    1.676128] calling  static_call_init+0x0/0x79 @ 1
[    1.677126] initcall static_call_init+0x0/0x79 returned 0 after 0 usecs
[    1.678124] calling  jump_label_init_module+0x0/0xc @ 1
[    1.679125] initcall jump_label_init_module+0x0/0xc returned 0 after 0 usecs
[    1.680124] calling  init_zero_pfn+0x0/0x37 @ 1
[    1.681124] initcall init_zero_pfn+0x0/0x37 returned 0 after 0 usecs
[    1.682125] calling  initialize_ptr_random+0x0/0x54 @ 1
[    1.684128] initcall initialize_ptr_random+0x0/0x54 returned 0 after 976 usecs
[    1.685127] calling  efi_memreserve_root_init+0x0/0x25 @ 1
[    1.686165] initcall efi_memreserve_root_init+0x0/0x25 returned 0 after 0 usecs
[    1.687138] calling  efi_earlycon_remap_fb+0x0/0x51 @ 1
[    1.688125] initcall efi_earlycon_remap_fb+0x0/0x51 returned 0 after 0 usecs
[    1.689535] smp: Bringing up secondary CPUs ...
[    1.691581] x86: Booting SMP configuration:
[    1.692133] .... node  #0, CPUs:      #1
[    1.237461] kvm-clock: cpu 1, msr 7329041, secondary cpu clock
[    1.717115] kvm-guest: stealtime: cpu 1, msr 1f51bb40
[    1.731164] smp: Brought up 1 node, 2 CPUs
[    1.732126] smpboot: Max logical packages: 1
[    1.733122] smpboot: Total of 2 processors activated (7999.99 BogoMIPS)
[    1.740596] devtmpfs: initialized
[    1.746254] calling  ipc_ns_init+0x0/0x3d @ 1
[    1.751208] initcall ipc_ns_init+0x0/0x3d returned 0 after 976 usecs
[    1.759128] calling  init_mmap_min_addr+0x0/0x21 @ 1
[    1.764127] initcall init_mmap_min_addr+0x0/0x21 returned 0 after 0 usecs
[    1.772127] calling  pci_realloc_setup_params+0x0/0x3f @ 1
[    1.778127] initcall pci_realloc_setup_params+0x0/0x3f returned 0 after 0 usecs
[    1.786127] calling  net_ns_init+0x0/0x140 @ 1
[    1.793319] initcall net_ns_init+0x0/0x140 returned 0 after 1953 usecs
[    1.794157] calling  e820__register_nvs_regions+0x0/0x37 @ 1
[    1.795125] initcall e820__register_nvs_regions+0x0/0x37 returned 0 after 0 usecs
[    1.796127] calling  cpufreq_register_tsc_scaling+0x0/0x2e @ 1
[    1.797124] initcall cpufreq_register_tsc_scaling+0x0/0x2e returned 0 after 0 usecs
[    1.798125] calling  reboot_init+0x0/0x3c @ 1
[    1.799159] initcall reboot_init+0x0/0x3c returned 0 after 0 usecs
[    1.800123] calling  init_lapic_sysfs+0x0/0x20 @ 1
[    1.801134] initcall init_lapic_sysfs+0x0/0x20 returned 0 after 0 usecs
[    1.802124] calling  alloc_frozen_cpus+0x0/0x7 @ 1
[    1.803125] initcall alloc_frozen_cpus+0x0/0x7 returned 0 after 0 usecs
[    1.804123] calling  cpu_hotplug_pm_sync_init+0x0/0x13 @ 1
[    1.805144] initcall cpu_hotplug_pm_sync_init+0x0/0x13 returned 0 after 0 usecs
[    1.806123] calling  wq_sysfs_init+0x0/0x2a @ 1
[    1.807216] initcall wq_sysfs_init+0x0/0x2a returned 0 after 0 usecs
[    1.808123] calling  ksysfs_init+0x0/0x92 @ 1
[    1.809163] initcall ksysfs_init+0x0/0x92 returned 0 after 0 usecs
[    1.810123] calling  schedutil_gov_init+0x0/0xc @ 1
[    1.811215] initcall schedutil_gov_init+0x0/0xc returned 0 after 0 usecs
[    1.812125] calling  pm_init+0x0/0x76 @ 1
[    1.814221] initcall pm_init+0x0/0x76 returned 0 after 976 usecs
[    1.815124] calling  pm_disk_init+0x0/0x13 @ 1
[    1.816239] initcall pm_disk_init+0x0/0x13 returned 0 after 0 usecs
[    1.817123] calling  swsusp_header_init+0x0/0x2b @ 1
[    1.818125] initcall swsusp_header_init+0x0/0x2b returned 0 after 0 usecs
[    1.819124] calling  rcu_set_runtime_mode+0x0/0x2a @ 1
[    1.822615] initcall rcu_set_runtime_mode+0x0/0x2a returned 0 after 1953 usecs
[    1.823131] calling  init_jiffies_clocksource+0x0/0x13 @ 1
[    1.824123] clocksource: jiffies: mask: 0xffffffff max_cycles: 0xffffffff, max_idle_ns: 1911260446275000 ns
[    1.825128] initcall init_jiffies_clocksource+0x0/0x13 returned 0 after 976 usecs
[    1.826124] calling  futex_init+0x0/0x11b @ 1
[    1.827128] futex hash table entries: 512 (order: 4, 65536 bytes, linear)
[    1.828359] initcall futex_init+0x0/0x11b returned 0 after 976 usecs
[    1.829127] calling  cgroup_wq_init+0x0/0x28 @ 1
[    1.830142] initcall cgroup_wq_init+0x0/0x28 returned 0 after 0 usecs
[    1.831135] calling  cgroup1_wq_init+0x0/0x28 @ 1
[    1.832144] initcall cgroup1_wq_init+0x0/0x28 returned 0 after 0 usecs
[    1.833125] calling  init_kprobe_trace_early+0x0/0x2a @ 1
[    1.834164] initcall init_kprobe_trace_early+0x0/0x2a returned 0 after 0 usecs
[    1.835125] calling  fsnotify_init+0x0/0x56 @ 1
[    1.836161] initcall fsnotify_init+0x0/0x56 returned 0 after 0 usecs
[    1.837124] calling  filelock_init+0x0/0xb3 @ 1
[    1.839123] initcall filelock_init+0x0/0xb3 returned 0 after 976 usecs
[    1.840124] calling  init_misc_binfmt+0x0/0x2c @ 1
[    1.841166] initcall init_misc_binfmt+0x0/0x2c returned 0 after 0 usecs
[    1.842124] calling  init_script_binfmt+0x0/0x15 @ 1
[    1.843138] initcall init_script_binfmt+0x0/0x15 returned 0 after 0 usecs
[    1.844124] calling  init_elf_binfmt+0x0/0x15 @ 1
[    1.845125] initcall init_elf_binfmt+0x0/0x15 returned 0 after 0 usecs
[    1.846137] calling  init_compat_elf_binfmt+0x0/0x15 @ 1
[    1.847125] initcall init_compat_elf_binfmt+0x0/0x15 returned 0 after 0 usecs
[    1.848124] calling  debugfs_init+0x0/0x5c @ 1
[    1.849136] initcall debugfs_init+0x0/0x5c returned 0 after 0 usecs
[    1.850123] calling  tracefs_init+0x0/0x3a @ 1
[    1.851132] initcall tracefs_init+0x0/0x3a returned 0 after 0 usecs
[    1.852124] calling  prandom_init_early+0x0/0x15d @ 1
[    1.853131] initcall prandom_init_early+0x0/0x15d returned 0 after 0 usecs
[    1.854179] calling  virtio_init+0x0/0x20 @ 1
[    1.855164] initcall virtio_init+0x0/0x20 returned 0 after 0 usecs
[    1.856125] calling  iommu_init+0x0/0x2a @ 1
[    1.857144] initcall iommu_init+0x0/0x2a returned 0 after 0 usecs
[    1.858123] calling  component_debug_init+0x0/0x1c @ 1
[    1.859383] initcall component_debug_init+0x0/0x1c returned 0 after 0 usecs
[    1.860125] calling  early_resume_init+0x0/0xb9 @ 1
[    1.862624] PM: RTC time: 04:45:31, date: 2022-12-13
[    1.863125] initcall early_resume_init+0x0/0xb9 returned 0 after 1953 usecs
[    1.864123] calling  cpufreq_core_init+0x0/0x62 @ 1
[    1.865133] initcall cpufreq_core_init+0x0/0x62 returned 0 after 0 usecs
[    1.866127] calling  cpufreq_gov_performance_init+0x0/0xc @ 1
[    1.867124] initcall cpufreq_gov_performance_init+0x0/0xc returned 0 after 0 usecs
[    1.868123] calling  cpufreq_gov_userspace_init+0x0/0xc @ 1
[    1.869124] initcall cpufreq_gov_userspace_init+0x0/0xc returned 0 after 0 usecs
[    1.870123] calling  CPU_FREQ_GOV_ONDEMAND_init+0x0/0xc @ 1
[    1.871137] initcall CPU_FREQ_GOV_ONDEMAND_init+0x0/0xc returned 0 after 0 usecs
[    1.872123] calling  cpuidle_init+0x0/0x1f @ 1
[    1.873150] initcall cpuidle_init+0x0/0x1f returned 0 after 0 usecs
[    1.874123] calling  capsule_reboot_register+0x0/0xc @ 1
[    1.876144] initcall capsule_reboot_register+0x0/0xc returned 0 after 0 usecs
[    1.877125] calling  sock_init+0x0/0x93 @ 1
[    1.879503] initcall sock_init+0x0/0x93 returned 0 after 976 usecs
[    1.880125] calling  net_inuse_init+0x0/0x23 @ 1
[    1.881156] initcall net_inuse_init+0x0/0x23 returned 0 after 0 usecs
[    1.882124] calling  net_defaults_init+0x0/0x23 @ 1
[    1.883126] initcall net_defaults_init+0x0/0x23 returned 0 after 0 usecs
[    1.884123] calling  init_default_flow_dissectors+0x0/0x4f @ 1
[    1.885156] initcall init_default_flow_dissectors+0x0/0x4f returned 0 after 0 usecs
[    1.886123] calling  netpoll_init+0x0/0x44 @ 1
[    1.887123] initcall netpoll_init+0x0/0x44 returned 0 after 0 usecs
[    1.888123] calling  netlink_proto_init+0x0/0x154 @ 1
[    1.890393] NET: Registered protocol family 16
[    1.891268] initcall netlink_proto_init+0x0/0x154 returned 0 after 1953 usecs
[    1.892124] calling  genl_init+0x0/0x35 @ 1
[    1.893184] initcall genl_init+0x0/0x35 returned 0 after 0 usecs
[    1.894147] calling  bsp_pm_check_init+0x0/0x13 @ 1
[    1.895125] initcall bsp_pm_check_init+0x0/0x13 returned 0 after 0 usecs
[    1.896145] calling  irq_sysfs_init+0x0/0xb9 @ 1
[    1.898291] initcall irq_sysfs_init+0x0/0xb9 returned 0 after 976 usecs
[    1.899124] calling  audit_init+0x0/0x127 @ 1
[    1.900129] audit: initializing netlink subsys (disabled)
[    1.902286] initcall audit_init+0x0/0x127 returned 0 after 1953 usecs
[    1.902280] audit: type=2000 audit(1670906729.799:1): state=initialized audit_enabled=0 res=1
[    1.902286] calling  release_early_probes+0x0/0x32 @ 1
[    1.902286] initcall release_early_probes+0x0/0x32 returned 0 after 0 usecs
[    1.902286] calling  bdi_class_init+0x0/0x48 @ 1
[    1.923225] initcall bdi_class_init+0x0/0x48 returned 0 after 0 usecs
[    1.931127] calling  mm_sysfs_init+0x0/0x28 @ 1
[    1.936137] initcall mm_sysfs_init+0x0/0x28 returned 0 after 0 usecs
[    1.943129] calling  init_per_zone_wmark_min+0x0/0x6d @ 1
[    1.949162] initcall init_per_zone_wmark_min+0x0/0x6d returned 0 after 0 usecs
[    1.958128] calling  mpi_init+0x0/0x3e @ 1
[    1.962173] initcall mpi_init+0x0/0x3e returned 0 after 0 usecs
[    1.969133] calling  kobject_uevent_init+0x0/0xc @ 1
[    1.975163] initcall kobject_uevent_init+0x0/0xc returned 0 after 0 usecs
[    1.983126] calling  pcibus_class_init+0x0/0x13 @ 1
[    1.988167] initcall pcibus_class_init+0x0/0x13 returned 0 after 0 usecs
[    1.996126] calling  pci_driver_init+0x0/0x21 @ 1
[    2.002223] initcall pci_driver_init+0x0/0x21 returned 0 after 0 usecs
[    2.009141] calling  backlight_class_init+0x0/0xa8 @ 1
[    2.017183] initcall backlight_class_init+0x0/0xa8 returned 0 after 0 usecs
[    2.025127] calling  tty_class_init+0x0/0x33 @ 1
[    2.030145] initcall tty_class_init+0x0/0x33 returned 0 after 0 usecs
[    2.037136] calling  vtconsole_class_init+0x0/0xb5 @ 1
[    2.044333] initcall vtconsole_class_init+0x0/0xb5 returned 0 after 0 usecs
[    2.052128] calling  iommu_dev_init+0x0/0x13 @ 1
[    2.058150] initcall iommu_dev_init+0x0/0x13 returned 0 after 0 usecs
[    2.066128] calling  mipi_dsi_bus_init+0x0/0xc @ 1
[    2.072226] initcall mipi_dsi_bus_init+0x0/0xc returned 0 after 0 usecs
[    2.080131] calling  devlink_class_init+0x0/0x40 @ 1
[    2.087219] initcall devlink_class_init+0x0/0x40 returned 0 after 0 usecs
[    2.097132] calling  software_node_init+0x0/0x2a @ 1
[    2.105152] initcall software_node_init+0x0/0x2a returned 0 after 0 usecs
[    2.113127] calling  wakeup_sources_debugfs_init+0x0/0x23 @ 1
[    2.120148] initcall wakeup_sources_debugfs_init+0x0/0x23 returned 0 after 0 usecs
[    2.129126] calling  wakeup_sources_sysfs_init+0x0/0x2c @ 1
[    2.135153] initcall wakeup_sources_sysfs_init+0x0/0x2c returned 0 after 0 usecs
[    2.144126] calling  register_node_type+0x0/0x13 @ 1
[    2.150280] initcall register_node_type+0x0/0x13 returned 0 after 0 usecs
[    2.158127] calling  regmap_initcall+0x0/0xc @ 1
[    2.163225] initcall regmap_initcall+0x0/0xc returned 0 after 0 usecs
[    2.171148] calling  i2c_init+0x0/0xb3 @ 1
[    2.176285] initcall i2c_init+0x0/0xb3 returned 0 after 0 usecs
[    2.183125] calling  thermal_init+0x0/0x116 @ 1
[    2.188136] thermal_sys: Registered thermal governor 'step_wise'
[    2.188141] thermal_sys: Registered thermal governor 'user_space'
[    2.195148] initcall thermal_init+0x0/0x116 returned 0 after 6835 usecs
[    2.211132] calling  init_menu+0x0/0xc @ 1
[    2.216266] cpuidle: using governor menu
[    2.221128] initcall init_menu+0x0/0xc returned 0 after 4882 usecs
[    2.228128] calling  pcc_init+0x0/0x4d @ 1
[    2.233148] initcall pcc_init+0x0/0x4d returned -19 after 0 usecs
[    2.240135] calling  amd_postcore_init+0x0/0x11e @ 1
[    2.246128] initcall amd_postcore_init+0x0/0x11e returned 0 after 0 usecs
[    2.254153] calling  bts_init+0x0/0xba @ 1
[    2.259125] initcall bts_init+0x0/0xba returned -19 after 0 usecs
[    2.266129] calling  pt_init+0x0/0x34d @ 1
[    2.271135] initcall pt_init+0x0/0x34d returned -19 after 0 usecs
[    2.278128] calling  boot_params_ksysfs_init+0x0/0x2ee @ 1
[    2.285251] initcall boot_params_ksysfs_init+0x0/0x2ee returned 0 after 0 usecs
[    2.294127] calling  sbf_init+0x0/0xea @ 1
[    2.298127] initcall sbf_init+0x0/0xea returned 0 after 0 usecs
[    2.305134] calling  arch_kdebugfs_init+0x0/0x219 @ 1
[    2.311179] initcall arch_kdebugfs_init+0x0/0x219 returned 0 after 0 usecs
[    2.320132] calling  intel_pconfig_init+0x0/0x85 @ 1
[    2.326127] initcall intel_pconfig_init+0x0/0x85 returned 0 after 0 usecs
[    2.333126] calling  mtrr_if_init+0x0/0x5d @ 1
[    2.339138] initcall mtrr_if_init+0x0/0x5d returned 0 after 0 usecs
[    2.346125] calling  activate_jump_labels+0x0/0x31 @ 1
[    2.352129] initcall activate_jump_labels+0x0/0x31 returned 0 after 0 usecs
[    2.360127] calling  ffh_cstate_init+0x0/0x29 @ 1
[    2.366134] initcall ffh_cstate_init+0x0/0x29 returned 0 after 0 usecs
[    2.373134] calling  activate_jump_labels+0x0/0x31 @ 1
[    2.379653] initcall activate_jump_labels+0x0/0x31 returned 0 after 976 usecs
[    2.388126] calling  kvm_alloc_cpumask+0x0/0x74 @ 1
[    2.394179] initcall kvm_alloc_cpumask+0x0/0x74 returned 0 after 0 usecs
[    2.402130] calling  kcmp_cookies_init+0x0/0x37 @ 1
[    2.408135] initcall kcmp_cookies_init+0x0/0x37 returned 0 after 0 usecs
[    2.416127] calling  cryptomgr_init+0x0/0xc @ 1
[    2.421126] initcall cryptomgr_init+0x0/0xc returned 0 after 0 usecs
[    2.429127] calling  acpi_pci_init+0x0/0x57 @ 1
[    2.434138] ACPI: bus type PCI registered
[    2.439126] initcall acpi_pci_init+0x0/0x57 returned 0 after 4882 usecs
[    2.448133] calling  dma_channel_table_init+0x0/0xd1 @ 1
[    2.456170] initcall dma_channel_table_init+0x0/0xd1 returned 0 after 0 usecs
[    2.466130] calling  dma_bus_init+0x0/0xdc @ 1
[    2.473138] initcall dma_bus_init+0x0/0xdc returned 0 after 0 usecs
[    2.480226] calling  iommu_dma_init+0x0/0x10 @ 1
[    2.486278] initcall iommu_dma_init+0x0/0x10 returned 0 after 0 usecs
[    2.493127] calling  dmi_id_init+0x0/0x37c @ 1
[    2.498340] initcall dmi_id_init+0x0/0x37c returned 0 after 976 usecs
[    2.506134] calling  pci_arch_init+0x0/0x71 @ 1
[    2.512309] PCI: MMCONFIG for domain 0000 [bus 00-ff] at [mem 0xb0000000-0xbfffffff] (base 0xb0000000)
[    2.523127] PCI: MMCONFIG at [mem 0xb0000000-0xbfffffff] reserved in E820
[    2.531196] PCI: Using configuration type 1 for base access
[    2.537156] initcall pci_arch_init+0x0/0x71 returned 0 after 25390 usecs
[    2.545152] calling  init_vdso+0x0/0x13 @ 1
[    2.550163] initcall init_vdso+0x0/0x13 returned 0 after 0 usecs
[    2.557125] calling  sysenter_setup+0x0/0x13 @ 1
[    2.562159] initcall sysenter_setup+0x0/0x13 returned 0 after 0 usecs
[    2.570133] calling  fixup_ht_bug+0x0/0xe5 @ 1
[    2.575123] initcall fixup_ht_bug+0x0/0xe5 returned 0 after 0 usecs
[    2.582129] calling  topology_init+0x0/0x88 @ 1
[    2.587514] initcall topology_init+0x0/0x88 returned 0 after 976 usecs
[    2.595127] calling  intel_epb_init+0x0/0x68 @ 1
[    2.601125] initcall intel_epb_init+0x0/0x68 returned -19 after 0 usecs
[    2.608124] calling  mtrr_init_finialize+0x0/0x3e @ 1
[    2.614125] initcall mtrr_init_finialize+0x0/0x3e returned 0 after 0 usecs
[    2.622124] calling  uid_cache_init+0x0/0x85 @ 1
[    2.627157] initcall uid_cache_init+0x0/0x85 returned 0 after 0 usecs
[    2.635136] calling  param_sysfs_init+0x0/0x1ba @ 1
[    2.653839] initcall param_sysfs_init+0x0/0x1ba returned 0 after 13671 usecs
[    2.662179] calling  user_namespace_sysctl_init+0x0/0x33 @ 1
[    2.668141] initcall user_namespace_sysctl_init+0x0/0x33 returned 0 after 0 usecs
[    2.677124] calling  proc_schedstat_init+0x0/0x24 @ 1
[    2.683138] initcall proc_schedstat_init+0x0/0x24 returned 0 after 0 usecs
[    2.690131] calling  pm_sysrq_init+0x0/0x18 @ 1
[    2.695219] initcall pm_sysrq_init+0x0/0x18 returned 0 after 976 usecs
[    2.703305] calling  create_proc_profile+0x0/0xd0 @ 1
[    2.710158] initcall create_proc_profile+0x0/0xd0 returned 0 after 0 usecs
[    2.718128] calling  time_ns_init+0x0/0x7 @ 1
[    2.723128] initcall time_ns_init+0x0/0x7 returned 0 after 0 usecs
[    2.730128] calling  crash_save_vmcoreinfo_init+0x0/0x722 @ 1
[    2.737257] initcall crash_save_vmcoreinfo_init+0x0/0x722 returned 0 after 0 usecs
[    2.748133] calling  crash_notes_memory_init+0x0/0x35 @ 1
[    2.756188] initcall crash_notes_memory_init+0x0/0x35 returned 0 after 0 usecs
[    2.766143] calling  cgroup_sysfs_init+0x0/0x13 @ 1
[    2.773220] initcall cgroup_sysfs_init+0x0/0x13 returned 0 after 0 usecs
[    2.783132] calling  cgroup_namespaces_init+0x0/0x7 @ 1
[    2.791133] initcall cgroup_namespaces_init+0x0/0x7 returned 0 after 0 usecs
[    2.801129] calling  init_optprobes+0x0/0x13 @ 1
[    2.807197] Kprobes globally optimized
[    2.811142] initcall init_optprobes+0x0/0x13 returned 0 after 3906 usecs
[    2.819154] calling  oom_init+0x0/0x2f @ 1
[    2.826328] initcall oom_init+0x0/0x2f returned 0 after 976 usecs
[    2.827130] calling  default_bdi_init+0x0/0xb3 @ 1
[    2.829412] initcall default_bdi_init+0x0/0xb3 returned 0 after 976 usecs
[    2.837128] calling  percpu_enable_async+0x0/0xe @ 1
[    2.843126] initcall percpu_enable_async+0x0/0xe returned 0 after 0 usecs
[    2.851125] calling  kcompactd_init+0x0/0x8d @ 1
[    2.856279] initcall kcompactd_init+0x0/0x8d returned 0 after 0 usecs
[    2.864209] calling  init_user_reserve+0x0/0x40 @ 1
[    2.870128] initcall init_user_reserve+0x0/0x40 returned 0 after 0 usecs
[    2.877127] calling  init_admin_reserve+0x0/0x40 @ 1
[    2.883126] initcall init_admin_reserve+0x0/0x40 returned 0 after 0 usecs
[    2.891133] calling  init_reserve_notifier+0x0/0x7 @ 1
[    2.897130] initcall init_reserve_notifier+0x0/0x7 returned 0 after 0 usecs
[    2.905127] calling  swap_init_sysfs+0x0/0x62 @ 1
[    2.910145] initcall swap_init_sysfs+0x0/0x62 returned 0 after 976 usecs
[    2.918125] calling  swapfile_init+0x0/0x94 @ 1
[    2.923130] initcall swapfile_init+0x0/0x94 returned 0 after 0 usecs
[    2.931124] calling  hugetlb_init+0x0/0x49c @ 1
[    2.936127] HugeTLB registered 2.00 MiB page size, pre-allocated 0 pages
[    2.944214] initcall hugetlb_init+0x0/0x49c returned 0 after 7812 usecs
[    2.952127] calling  io_wq_init+0x0/0x34 @ 1
[    2.956135] initcall io_wq_init+0x0/0x34 returned 0 after 0 usecs
[    2.964126] calling  seqiv_module_init+0x0/0xc @ 1
[    2.969209] initcall seqiv_module_init+0x0/0xc returned 0 after 0 usecs
[    2.978133] calling  echainiv_module_init+0x0/0xc @ 1
[    2.984131] initcall echainiv_module_init+0x0/0xc returned 0 after 0 usecs
[    2.992204] calling  rsa_init+0x0/0x50 @ 1
[    2.999144] initcall rsa_init+0x0/0x50 returned 0 after 1953 usecs
[    2.998491] cryptomgr_test (29) used greatest stack depth: 14864 bytes left
[    3.000134] calling  crypto_cmac_module_init+0x0/0xc @ 1
[    3.000144] initcall crypto_cmac_module_init+0x0/0xc returned 0 after 0 usecs
[    3.000147] calling  hmac_module_init+0x0/0xc @ 1
[    3.000152] initcall hmac_module_init+0x0/0xc returned 0 after 0 usecs
[    3.000157] calling  crypto_null_mod_init+0x0/0x65 @ 1
[    3.012293] initcall crypto_null_mod_init+0x0/0x65 returned 0 after 5859 usecs
[    3.013137] calling  md5_mod_init+0x0/0xc @ 1
[    3.015249] initcall md5_mod_init+0x0/0xc returned 0 after 976 usecs
[    3.022140] calling  sha256_generic_mod_init+0x0/0x11 @ 1
[    3.029498] initcall sha256_generic_mod_init+0x0/0x11 returned 0 after 976 usecs
[    3.038131] calling  crypto_cbc_module_init+0x0/0xc @ 1
[    3.045127] initcall crypto_cbc_module_init+0x0/0xc returned 0 after 0 usecs
[    3.053125] calling  crypto_ctr_module_init+0x0/0x11 @ 1
[    3.060133] initcall crypto_ctr_module_init+0x0/0x11 returned 0 after 0 usecs
[    3.069126] calling  crypto_gcm_module_init+0x0/0x64 @ 1
[    3.075183] initcall crypto_gcm_module_init+0x0/0x64 returned 0 after 0 usecs
[    3.084125] calling  crypto_ccm_module_init+0x0/0x11 @ 1
[    3.090128] initcall crypto_ccm_module_init+0x0/0x11 returned 0 after 0 usecs
[    3.098139] calling  aes_init+0x0/0xc @ 1
[    3.104146] initcall aes_init+0x0/0xc returned 0 after 1953 usecs
[    3.105132] calling  crc32c_mod_init+0x0/0xc @ 1
[    3.107523] initcall crc32c_mod_init+0x0/0xc returned 0 after 976 usecs
[    3.116137] calling  crypto_authenc_module_init+0x0/0xc @ 1
[    3.123130] initcall crypto_authenc_module_init+0x0/0xc returned 0 after 0 usecs
[    3.132127] calling  crypto_authenc_esn_module_init+0x0/0xc @ 1
[    3.139146] initcall crypto_authenc_esn_module_init+0x0/0xc returned 0 after 0 usecs
[    3.149126] calling  drbg_init+0x0/0x7c @ 1
[    3.161270] initcall drbg_init+0x0/0x7c returned 0 after 6835 usecs
[    3.162281] calling  ghash_mod_init+0x0/0xc @ 1
[    3.164266] initcall ghash_mod_init+0x0/0xc returned 0 after 976 usecs
[    3.172287] calling  init_bio+0x0/0x9a @ 1
[    3.177384] initcall init_bio+0x0/0x9a returned 0 after 0 usecs
[    3.184125] calling  blk_settings_init+0x0/0x29 @ 1
[    3.189125] initcall blk_settings_init+0x0/0x29 returned 0 after 0 usecs
[    3.197131] calling  blk_ioc_init+0x0/0x29 @ 1
[    3.202134] initcall blk_ioc_init+0x0/0x29 returned 0 after 0 usecs
[    3.209147] calling  blk_mq_init+0x0/0xb9 @ 1
[    3.214276] initcall blk_mq_init+0x0/0xb9 returned 0 after 0 usecs
[    3.222130] calling  genhd_device_init+0x0/0x75 @ 1
[    3.228390] initcall genhd_device_init+0x0/0x75 returned 0 after 976 usecs
[    3.230353] calling  pci_slot_init+0x0/0x40 @ 1
[    3.231146] initcall pci_slot_init+0x0/0x40 returned 0 after 0 usecs
[    3.232129] calling  fbmem_init+0x0/0xd8 @ 1
[    3.233338] initcall fbmem_init+0x0/0xd8 returned 0 after 0 usecs
[    3.234125] calling  acpi_init+0x0/0x319 @ 1
[    3.235249] ACPI: Added _OSI(Module Device)
[    3.236128] ACPI: Added _OSI(Processor Device)
[    3.237127] ACPI: Added _OSI(3.0 _SCP Extensions)
[    3.238124] ACPI: Added _OSI(Processor Aggregator Device)
[    3.239130] ACPI: Added _OSI(Linux-Dell-Video)
[    3.240136] ACPI: Added _OSI(Linux-Lenovo-NV-HDMI-Audio)
[    3.241129] ACPI: Added _OSI(Linux-HPI-Hybrid-Graphics)
[    3.248496] ACPI: 1 ACPI AML tables successfully acquired and loaded
[    3.255379] ACPI: Interpreter enabled
[    3.256231] ACPI: (supports S0 S3 S4 S5)
[    3.257128] ACPI: Using IOAPIC for interrupt routing
[    3.259138] PCI: Using host bridge windows from ACPI; if necessary, use "pci=nocrs" and report a bug
[    3.261687] ACPI: Enabled 2 GPEs in block 00 to 3F
[    3.278943] ACPI: PCI Root Bridge [PCI0] (domain 0000 [bus 00-ff])
[    3.279157] acpi PNP0A08:00: _OSC: OS supports [ExtendedConfig ASPM ClockPM Segments MSI HPX-Type3]
[    3.281446] acpi PNP0A08:00: _OSC: platform does not support [LTR]
[    3.282401] acpi PNP0A08:00: _OSC: OS now controls [PME PCIeCapability]
[    3.283459] PCI host bridge to bus 0000:00
[    3.284125] pci_bus 0000:00: root bus resource [io  0x0000-0x0cf7 window]
[    3.285179] pci_bus 0000:00: root bus resource [io  0x0d00-0xffff window]
[    3.286126] pci_bus 0000:00: root bus resource [mem 0x000a0000-0x000bffff window]
[    3.287130] pci_bus 0000:00: root bus resource [mem 0x20000000-0xafffffff window]
[    3.288132] pci_bus 0000:00: root bus resource [mem 0xc0000000-0xfebfffff window]
[    3.289141] pci_bus 0000:00: root bus resource [mem 0x100000000-0x8ffffffff window]
[    3.290129] pci_bus 0000:00: root bus resource [bus 00-ff]
[    3.292128] pci 0000:00:00.0: calling  quirk_mmio_always_on+0x0/0x10 @ 1
[    3.293142] pci 0000:00:00.0: quirk_mmio_always_on+0x0/0x10 took 0 usecs
[    3.294156] pci 0000:00:00.0: [8086:29c0] type 00 class 0x060000
[    3.298889] pci 0000:00:00.0: calling  quirk_igfx_skip_te_disable+0x0/0x80 @ 1
[    3.299127] pci 0000:00:00.0: quirk_igfx_skip_te_disable+0x0/0x80 took 0 usecs
[    3.302462] pci 0000:00:01.0: [1234:1111] type 00 class 0x030000
[    3.308893] pci 0000:00:01.0: reg 0x10: [mem 0xfd000000-0xfdffffff pref]
[    3.318857] pci 0000:00:01.0: reg 0x18: [mem 0xfebf0000-0xfebf0fff]
[    3.334596] pci 0000:00:01.0: reg 0x30: [mem 0xfebe0000-0xfebeffff pref]
[    3.338115] pci 0000:00:01.0: calling  efifb_fixup_resources+0x0/0xf0 @ 1
[    3.339169] pci 0000:00:01.0: efifb_fixup_resources+0x0/0xf0 took 0 usecs
[    3.349143] pci 0000:00:1f.0: [8086:2918] type 00 class 0x060100
[    3.355552] pci 0000:00:1f.0: calling  quirk_ich7_lpc+0x0/0x60 @ 1
[    3.357159] pci 0000:00:1f.0: quirk: [io  0x0600-0x067f] claimed by ICH6 ACPI/GPIO/TCO
[    3.358541] pci 0000:00:1f.0: quirk_ich7_lpc+0x0/0x60 took 1953 usecs
[    3.359209] pci 0000:00:1f.0: calling  quirk_igfx_skip_te_disable+0x0/0x80 @ 1
[    3.360167] pci 0000:00:1f.0: quirk_igfx_skip_te_disable+0x0/0x80 took 0 usecs
[    3.363648] pci 0000:00:1f.2: [8086:2922] type 00 class 0x010601
[    3.376771] pci 0000:00:1f.2: reg 0x20: [io  0xc040-0xc05f]
[    3.379128] pci 0000:00:1f.2: reg 0x24: [mem 0xfebf1000-0xfebf1fff]
[    3.381958] pci 0000:00:1f.2: calling  quirk_igfx_skip_te_disable+0x0/0x80 @ 1
[    3.382132] pci 0000:00:1f.2: quirk_igfx_skip_te_disable+0x0/0x80 took 0 usecs
[    3.387629] pci 0000:00:1f.3: [8086:2930] type 00 class 0x0c0500
[    3.394440] pci 0000:00:1f.3: reg 0x20: [io  0x0700-0x073f]
[    3.398232] pci 0000:00:1f.3: calling  quirk_igfx_skip_te_disable+0x0/0x80 @ 1
[    3.399131] pci 0000:00:1f.3: quirk_igfx_skip_te_disable+0x0/0x80 took 0 usecs
[    3.407273] ACPI: PCI Interrupt Link [LNKA] (IRQs 5 *10 11)
[    3.408747] ACPI: PCI Interrupt Link [LNKB] (IRQs 5 *10 11)
[    3.410560] ACPI: PCI Interrupt Link [LNKC] (IRQs 5 10 *11)
[    3.412185] ACPI: PCI Interrupt Link [LNKD] (IRQs 5 10 *11)
[    3.414623] ACPI: PCI Interrupt Link [LNKE] (IRQs 5 *10 11)
[    3.415712] ACPI: PCI Interrupt Link [LNKF] (IRQs 5 *10 11)
[    3.416703] ACPI: PCI Interrupt Link [LNKG] (IRQs 5 10 *11)
[    3.418321] ACPI: PCI Interrupt Link [LNKH] (IRQs 5 10 *11)
[    3.420256] ACPI: PCI Interrupt Link [GSIA] (IRQs *16)
[    3.421174] ACPI: PCI Interrupt Link [GSIB] (IRQs *17)
[    3.422173] ACPI: PCI Interrupt Link [GSIC] (IRQs *18)
[    3.423190] ACPI: PCI Interrupt Link [GSID] (IRQs *19)
[    3.425176] ACPI: PCI Interrupt Link [GSIE] (IRQs *20)
[    3.426189] ACPI: PCI Interrupt Link [GSIF] (IRQs *21)
[    3.427187] ACPI: PCI Interrupt Link [GSIG] (IRQs *22)
[    3.428207] ACPI: PCI Interrupt Link [GSIH] (IRQs *23)
[    3.433575] initcall acpi_init+0x0/0x319 returned 0 after 193359 usecs
[    3.435439] calling  pnp_init+0x0/0xc @ 1
[    3.436240] initcall pnp_init+0x0/0xc returned 0 after 0 usecs
[    3.437133] calling  misc_init+0x0/0xbf @ 1
[    3.440940] initcall misc_init+0x0/0xbf returned 0 after 1953 usecs
[    3.441134] calling  iommu_subsys_init+0x0/0x4e @ 1
[    3.442219] iommu: Default domain type: Translated 
[    3.443133] initcall iommu_subsys_init+0x0/0x4e returned 0 after 976 usecs
[    3.444130] calling  vga_arb_device_init+0x0/0x261 @ 1
[    3.449379] pci 0000:00:01.0: vgaarb: setting as boot VGA device
[    3.450115] pci 0000:00:01.0: vgaarb: VGA device added: decodes=io+mem,owns=io+mem,locks=none
[    3.450129] pci 0000:00:01.0: vgaarb: bridge control possible
[    3.451125] vgaarb: loaded
[    3.452134] initcall vga_arb_device_init+0x0/0x261 returned 0 after 6835 usecs
[    3.453330] calling  cn_init+0x0/0xf0 @ 1
[    3.455740] initcall cn_init+0x0/0xf0 returned 0 after 976 usecs
[    3.456129] calling  dma_buf_init+0x0/0xad @ 1
[    3.465139] initcall dma_buf_init+0x0/0xad returned 0 after 7812 usecs
[    3.466133] calling  dma_resv_lockdep+0x0/0x281 @ 1
[    3.474495] initcall dma_resv_lockdep+0x0/0x281 returned 0 after 5859 usecs
[    3.475128] calling  init_scsi+0x0/0x79 @ 1
[    3.478211] SCSI subsystem initialized
[    3.479129] initcall init_scsi+0x0/0x79 returned 0 after 1953 usecs
[    3.480129] calling  ata_init+0x0/0x332 @ 1
[    3.499122] libata version 3.00 loaded.
[    3.506143] initcall ata_init+0x0/0x332 returned 0 after 24414 usecs
[    3.512138] calling  phy_init+0x0/0x250 @ 1
[    3.518448] initcall phy_init+0x0/0x250 returned 0 after 1953 usecs
[    3.524136] calling  init_pcmcia_cs+0x0/0x35 @ 1
[    3.528360] initcall init_pcmcia_cs+0x0/0x35 returned 0 after 976 usecs
[    3.538132] calling  usb_common_init+0x0/0x1c @ 1
[    3.547129] initcall usb_common_init+0x0/0x1c returned 0 after 976 usecs
[    3.555133] calling  usb_init+0x0/0x12e @ 1
[    3.562624] ACPI: bus type USB registered
[    3.573307] usbcore: registered new interface driver usbfs
[    3.583371] usbcore: registered new interface driver hub
[    3.589181] usbcore: registered new device driver usb
[    3.594136] initcall usb_init+0x0/0x12e returned 0 after 31250 usecs
[    3.601133] calling  serio_init+0x0/0x29 @ 1
[    3.605524] initcall serio_init+0x0/0x29 returned 0 after 0 usecs
[    3.612130] calling  input_init+0x0/0xf6 @ 1
[    3.616387] initcall input_init+0x0/0xf6 returned 0 after 0 usecs
[    3.623129] calling  rtc_init+0x0/0x4d @ 1
[    3.628164] initcall rtc_init+0x0/0x4d returned 0 after 0 usecs
[    3.636127] calling  pps_init+0x0/0xa9 @ 1
[    3.641393] pps_core: LinuxPPS API ver. 1 registered
[    3.647123] pps_core: Software ver. 5.3.6 - Copyright 2005-2007 Rodolfo Giometti <giometti@linux.it>
[    3.658131] initcall pps_init+0x0/0xa9 returned 0 after 16601 usecs
[    3.665131] calling  ptp_init+0x0/0x98 @ 1
[    3.671150] PTP clock support registered
[    3.676130] initcall ptp_init+0x0/0x98 returned 0 after 4882 usecs
[    3.686138] calling  power_supply_class_init+0x0/0x3f @ 1
[    3.694498] initcall power_supply_class_init+0x0/0x3f returned 0 after 0 usecs
[    3.704133] calling  hwmon_init+0x0/0x104 @ 1
[    3.711168] initcall hwmon_init+0x0/0x104 returned 0 after 0 usecs
[    3.719134] calling  md_init+0x0/0x16b @ 1
[    3.732334] initcall md_init+0x0/0x16b returned 0 after 5859 usecs
[    3.734136] calling  leds_init+0x0/0x3b @ 1
[    3.736151] initcall leds_init+0x0/0x3b returned 0 after 976 usecs
[    3.737127] calling  dmi_init+0x0/0x113 @ 1
[    3.741693] initcall dmi_init+0x0/0x113 returned 0 after 2929 usecs
[    3.742127] calling  efisubsys_init+0x0/0x4e7 @ 1
[    3.743239] initcall efisubsys_init+0x0/0x4e7 returned 0 after 0 usecs
[    3.744286] calling  nvmem_init+0x0/0xc @ 1
[    3.745624] initcall nvmem_init+0x0/0xc returned 0 after 0 usecs
[    3.746134] calling  init_soundcore+0x0/0x33 @ 1
[    3.747336] initcall init_soundcore+0x0/0x33 returned 0 after 0 usecs
[    3.748127] calling  alsa_sound_init+0x0/0x8f @ 1
[    3.750772] Advanced Linux Sound Architecture Driver Initialized.
[    3.751127] initcall alsa_sound_init+0x0/0x8f returned 0 after 1953 usecs
[    3.752129] calling  alsa_seq_device_init+0x0/0x71 @ 1
[    3.755163] initcall alsa_seq_device_init+0x0/0x71 returned 0 after 1953 usecs
[    3.756127] calling  hda_bus_init+0x0/0xc @ 1
[    3.758154] initcall hda_bus_init+0x0/0xc returned 0 after 976 usecs
[    3.759127] calling  proto_init+0x0/0xc @ 1
[    3.761132] initcall proto_init+0x0/0xc returned 0 after 976 usecs
[    3.762128] calling  net_dev_init+0x0/0x27f @ 1
[    3.777440] initcall net_dev_init+0x0/0x27f returned 0 after 13671 usecs
[    3.778130] calling  neigh_init+0x0/0x84 @ 1
[    3.779383] initcall neigh_init+0x0/0x84 returned 0 after 0 usecs
[    3.780127] calling  fib_notifier_init+0x0/0xc @ 1
[    3.782126] initcall fib_notifier_init+0x0/0xc returned 0 after 976 usecs
[    3.783127] calling  fib_rules_init+0x0/0xab @ 1
[    3.784202] initcall fib_rules_init+0x0/0xab returned 0 after 0 usecs
[    3.785462] calling  pktsched_init+0x0/0x10e @ 1
[    3.789293] initcall pktsched_init+0x0/0x10e returned 0 after 976 usecs
[    3.790127] calling  tc_filter_init+0x0/0xfa @ 1
[    3.791465] initcall tc_filter_init+0x0/0xfa returned 0 after 0 usecs
[    3.792127] calling  tc_action_init+0x0/0x54 @ 1
[    3.793174] initcall tc_action_init+0x0/0x54 returned 0 after 0 usecs
[    3.795130] calling  ethnl_init+0x0/0x52 @ 1
[    3.797202] initcall ethnl_init+0x0/0x52 returned 0 after 976 usecs
[    3.798247] calling  nexthop_init+0x0/0xd8 @ 1
[    3.801408] initcall nexthop_init+0x0/0xd8 returned 0 after 976 usecs
[    3.802127] calling  cipso_v4_init+0x0/0x8d @ 1
[    3.804686] initcall cipso_v4_init+0x0/0x8d returned 0 after 976 usecs
[    3.805129] calling  ieee80211_init+0x0/0x24 @ 1
[    3.809127] initcall ieee80211_init+0x0/0x24 returned 0 after 2929 usecs
[    3.810131] calling  netlbl_init+0x0/0x78 @ 1
[    3.811487] NetLabel: Initializing
[    3.812126] NetLabel:  domain hash size = 128
[    3.813126] NetLabel:  protocols = UNLABELED CIPSOv4 CALIPSO
[    3.816386] NetLabel:  unlabeled traffic allowed by default
[    3.817133] initcall netlbl_init+0x0/0x78 returned 0 after 5859 usecs
[    3.818135] calling  rfkill_init+0x0/0x136 @ 1
[    3.830138] initcall rfkill_init+0x0/0x136 returned 0 after 10742 usecs
[    3.831131] calling  pci_subsys_init+0x0/0x66 @ 1
[    3.832616] PCI: Using ACPI for IRQ routing
[    4.613542] PCI: pci_cache_line_size set to 64 bytes
[    4.615825] e820: reserve RAM buffer [mem 0x0009fc00-0x0009ffff]
[    4.618231] e820: reserve RAM buffer [mem 0x1ffdf000-0x1fffffff]
[    4.620378] initcall pci_subsys_init+0x0/0x66 returned 0 after 769531 usecs
[    4.639364] calling  nmi_warning_debugfs+0x0/0x26 @ 1
[    4.641381] initcall nmi_warning_debugfs+0x0/0x26 returned 0 after 976 usecs
[    4.642134] calling  save_microcode_in_initrd+0x0/0x51 @ 1
[    4.644132] initcall save_microcode_in_initrd+0x0/0x51 returned 0 after 976 usecs
[    4.645304] calling  hpet_late_init+0x0/0x20a @ 1
[    4.647997] hpet: 3 channels of 0 reserved for per-cpu timers
[    4.648567] hpet0: at MMIO 0xfed00000, IRQs 2, 8, 0
[    4.649127] hpet0: 3 comparators, 64-bit 100.000000 MHz counter
[    4.655129] initcall hpet_late_init+0x0/0x20a returned 0 after 8789 usecs
[    4.656131] calling  init_amd_nbs+0x0/0x11c @ 1
[    4.658460] initcall init_amd_nbs+0x0/0x11c returned 0 after 0 usecs
[    4.659502] calling  clocksource_done_booting+0x0/0x43 @ 1
[    4.671227] clocksource: Switched to clocksource kvm-clock
[    4.679431] initcall clocksource_done_booting+0x0/0x43 returned 0 after 18855 usecs
[    4.689542] calling  tracer_init_tracefs+0x0/0x248 @ 1
[    5.151688] initcall tracer_init_tracefs+0x0/0x248 returned 0 after 444491 usecs
[    5.162465] calling  init_trace_printk_function_export+0x0/0x2c @ 1
[    5.171534] initcall init_trace_printk_function_export+0x0/0x2c returned 0 after 28 usecs
[    5.183299] calling  init_kprobe_trace+0x0/0x1ab @ 1
[    5.190654] initcall init_kprobe_trace+0x0/0x1ab returned 0 after 81 usecs
[    5.201348] calling  init_dynamic_event+0x0/0x3d @ 1
[    5.208732] initcall init_dynamic_event+0x0/0x3d returned 0 after 30 usecs
[    5.217305] calling  init_uprobe_trace+0x0/0x5c @ 1
[    5.223262] initcall init_uprobe_trace+0x0/0x5c returned 0 after 194 usecs
[    5.231350] calling  init_pipe_fs+0x0/0x44 @ 1
[    5.236908] initcall init_pipe_fs+0x0/0x44 returned 0 after 241 usecs
[    5.244495] calling  inotify_user_setup+0x0/0x47 @ 1
[    5.250742] initcall inotify_user_setup+0x0/0x47 returned 0 after 90 usecs
[    5.258888] calling  eventpoll_init+0x0/0xeb @ 1
[    5.264422] initcall eventpoll_init+0x0/0xeb returned 0 after 63 usecs
[    5.272627] calling  anon_inode_init+0x0/0x58 @ 1
[    5.278776] initcall anon_inode_init+0x0/0x58 returned 0 after 226 usecs
[    5.288958] calling  proc_locks_init+0x0/0x27 @ 1
[    5.296040] initcall proc_locks_init+0x0/0x27 returned 0 after 11 usecs
[    5.305802] calling  iomap_init+0x0/0x1b @ 1
[    5.347405] initcall iomap_init+0x0/0x1b returned 0 after 34006 usecs
[    5.358956] calling  dquot_init+0x0/0x106 @ 1
[    5.364401] VFS: Disk quotas dquot_6.6.0
[    5.370690] VFS: Dquot-cache hash table entries: 512 (order 0, 4096 bytes)
[    5.379024] initcall dquot_init+0x0/0x106 returned 0 after 14357 usecs
[    5.387067] calling  quota_init+0x0/0x23 @ 1
[    5.393024] initcall quota_init+0x0/0x23 returned 0 after 673 usecs
[    5.400913] calling  proc_cmdline_init+0x0/0x21 @ 1
[    5.407853] initcall proc_cmdline_init+0x0/0x21 returned 0 after 813 usecs
[    5.416060] calling  proc_consoles_init+0x0/0x24 @ 1
[    5.422349] initcall proc_consoles_init+0x0/0x24 returned 0 after 39 usecs
[    5.430790] calling  proc_cpuinfo_init+0x0/0x1e @ 1
[    5.436832] initcall proc_cpuinfo_init+0x0/0x1e returned 0 after 8 usecs
[    5.444913] calling  proc_devices_init+0x0/0x24 @ 1
[    5.450941] initcall proc_devices_init+0x0/0x24 returned 0 after 24 usecs
[    5.459533] calling  proc_interrupts_init+0x0/0x24 @ 1
[    5.465880] initcall proc_interrupts_init+0x0/0x24 returned 0 after 6 usecs
[    5.474434] calling  proc_loadavg_init+0x0/0x21 @ 1
[    5.480562] initcall proc_loadavg_init+0x0/0x21 returned 0 after 6 usecs
[    5.489297] calling  proc_meminfo_init+0x0/0x21 @ 1
[    5.496801] initcall proc_meminfo_init+0x0/0x21 returned 0 after 8 usecs
[    5.506681] calling  proc_stat_init+0x0/0x1e @ 1
[    5.513725] initcall proc_stat_init+0x0/0x1e returned 0 after 113 usecs
[    5.522262] calling  proc_uptime_init+0x0/0x21 @ 1
[    5.528031] initcall proc_uptime_init+0x0/0x21 returned 0 after 74 usecs
[    5.536173] calling  proc_version_init+0x0/0x21 @ 1
[    5.542038] initcall proc_version_init+0x0/0x21 returned 0 after 21 usecs
[    5.550034] calling  proc_softirqs_init+0x0/0x21 @ 1
[    5.555941] initcall proc_softirqs_init+0x0/0x21 returned 0 after 6 usecs
[    5.564457] calling  proc_kcore_init+0x0/0xea @ 1
[    5.576387] initcall proc_kcore_init+0x0/0xea returned 0 after 5861 usecs
[    5.584252] calling  vmcore_init+0x0/0x57b @ 1
[    5.589475] initcall vmcore_init+0x0/0x57b returned 0 after 14 usecs
[    5.597882] calling  proc_kmsg_init+0x0/0x21 @ 1
[    5.603324] initcall proc_kmsg_init+0x0/0x21 returned 0 after 11 usecs
[    5.610744] calling  proc_page_init+0x0/0x3b @ 1
[    5.616245] initcall proc_page_init+0x0/0x3b returned 0 after 106 usecs
[    5.624927] calling  init_ramfs_fs+0x0/0xc @ 1
[    5.630474] initcall init_ramfs_fs+0x0/0xc returned 0 after 380 usecs
[    5.637945] calling  init_hugetlbfs_fs+0x0/0xf6 @ 1
[    5.646670] initcall init_hugetlbfs_fs+0x0/0xf6 returned 0 after 2787 usecs
[    5.654874] calling  blk_scsi_ioctl_init+0x0/0x2a5 @ 1
[    5.661014] initcall blk_scsi_ioctl_init+0x0/0x2a5 returned 0 after 85 usecs
[    5.669272] calling  acpi_event_init+0x0/0x2c @ 1
[    5.675018] initcall acpi_event_init+0x0/0x2c returned 0 after 145 usecs
[    5.682720] calling  pnp_system_init+0x0/0xc @ 1
[    5.691001] initcall pnp_system_init+0x0/0xc returned 0 after 2671 usecs
[    5.698789] calling  pnpacpi_init+0x0/0x69 @ 1
[    5.703993] pnp: PnP ACPI init
[    5.710858] pnp 00:00: Plug and Play ACPI device, IDs PNP0303 (active)
[    5.718596] pnp 00:01: Plug and Play ACPI device, IDs PNP0f13 (active)
[    5.726341] pnp 00:02: Plug and Play ACPI device, IDs PNP0400 (active)
[    5.734298] pnp 00:03: Plug and Play ACPI device, IDs PNP0501 (active)
[    5.742327] pnp 00:04: Plug and Play ACPI device, IDs PNP0b00 (active)
[    5.751500] system 00:05: [mem 0xb0000000-0xbfffffff window] has been reserved
[    5.759859] system 00:05: Plug and Play ACPI device, IDs PNP0c01 (active)
[    5.770516] pnp: PnP ACPI: found 6 devices
[    5.775320] initcall pnpacpi_init+0x0/0x69 returned 0 after 69688 usecs
[    5.783048] calling  chr_dev_init+0x0/0x14d @ 1
[    5.899460] initcall chr_dev_init+0x0/0x14d returned 0 after 108540 usecs
[    5.907365] calling  firmware_class_init+0x0/0x14a @ 1
[    5.913554] initcall firmware_class_init+0x0/0x14a returned 0 after 217 usecs
[    5.921653] calling  init_pcmcia_bus+0x0/0x5b @ 1
[    5.927523] initcall init_pcmcia_bus+0x0/0x5b returned 0 after 377 usecs
[    5.935724] calling  init_acpi_pm_clocksource+0x0/0xda @ 1
[    5.947961] clocksource: acpi_pm: mask: 0xffffff max_cycles: 0xffffff, max_idle_ns: 2085701024 ns
[    5.958657] initcall init_acpi_pm_clocksource+0x0/0xda returned 0 after 15900 usecs
[    5.967689] calling  sysctl_core_init+0x0/0x26 @ 1
[    5.973767] initcall sysctl_core_init+0x0/0x26 returned 0 after 237 usecs
[    5.981767] calling  eth_offload_init+0x0/0x13 @ 1
[    5.987699] initcall eth_offload_init+0x0/0x13 returned 0 after 207 usecs
[    5.995896] calling  ipv4_offload_init+0x0/0x73 @ 1
[    6.004066] initcall ipv4_offload_init+0x0/0x73 returned 0 after 63 usecs
[    6.011630] calling  inet_init+0x0/0x276 @ 1
[    6.017352] NET: Registered protocol family 2
[    6.023541] IP idents hash table entries: 8192 (order: 4, 65536 bytes, linear)
[    6.037047] tcp_listen_portaddr_hash hash table entries: 256 (order: 2, 20480 bytes, linear)
[    6.050305] TCP established hash table entries: 4096 (order: 3, 32768 bytes, linear)
[    6.060533] TCP bind hash table entries: 4096 (order: 6, 294912 bytes, linear)
[    6.069912] TCP: Hash tables configured (established 4096 bind 4096)
[    6.078372] UDP hash table entries: 256 (order: 3, 40960 bytes, linear)
[    6.085877] UDP-Lite hash table entries: 256 (order: 3, 40960 bytes, linear)
[    6.094489] initcall inet_init+0x0/0x276 returned 0 after 76189 usecs
[    6.101754] calling  af_unix_init+0x0/0x4d @ 1
[    6.106786] NET: Registered protocol family 1
[    6.111761] initcall af_unix_init+0x0/0x4d returned 0 after 4874 usecs
[    6.118977] calling  ipv6_offload_init+0x0/0x7e @ 1
[    6.124479] initcall ipv6_offload_init+0x0/0x7e returned 0 after 49 usecs
[    6.132176] calling  init_sunrpc+0x0/0x65 @ 1
[    6.145405] RPC: Registered named UNIX socket transport module.
[    6.152375] RPC: Registered udp transport module.
[    6.157879] RPC: Registered tcp transport module.
[    6.163423] RPC: Registered tcp NFSv4.1 backchannel transport module.
[    6.170926] initcall init_sunrpc+0x0/0x65 returned 0 after 32962 usecs
[    6.178689] calling  cfg80211_init+0x0/0xc5 @ 1
[    6.186846] initcall cfg80211_init+0x0/0xc5 returned 0 after 2755 usecs
[    6.195305] calling  pcibios_assign_resources+0x0/0xbf @ 1
[    6.203314] pci_bus 0000:00: resource 4 [io  0x0000-0x0cf7 window]
[    6.212269] pci_bus 0000:00: resource 5 [io  0x0d00-0xffff window]
[    6.220949] pci_bus 0000:00: resource 6 [mem 0x000a0000-0x000bffff window]
[    6.229228] pci_bus 0000:00: resource 7 [mem 0x20000000-0xafffffff window]
[    6.236896] pci_bus 0000:00: resource 8 [mem 0xc0000000-0xfebfffff window]
[    6.244576] pci_bus 0000:00: resource 9 [mem 0x100000000-0x8ffffffff window]
[    6.252768] initcall pcibios_assign_resources+0x0/0xbf returned 0 after 48605 usecs
[    6.261956] calling  pci_apply_final_quirks+0x0/0x124 @ 1
[    6.268573] pci 0000:00:01.0: calling  pci_fixup_video+0x0/0xe0 @ 1
[    6.278024] pci 0000:00:01.0: Video device with shadowed ROM at [mem 0x000c0000-0x000dffff]
[    6.290056] pci 0000:00:01.0: pci_fixup_video+0x0/0xe0 took 12235 usecs
[    6.300106] PCI: CLS 0 bytes, default 64
[    6.305890] initcall pci_apply_final_quirks+0x0/0x124 returned 0 after 36872 usecs
[    6.316680] calling  acpi_reserve_resources+0x0/0xea @ 1
[    6.324634] initcall acpi_reserve_resources+0x0/0xea returned 0 after 26 usecs
[    6.333040] calling  populate_rootfs+0x0/0x102 @ 1
[    6.340291] initcall populate_rootfs+0x0/0x102 returned 0 after 1647 usecs
[    6.348358] calling  pci_iommu_init+0x0/0x3e @ 1
[    6.357630] initcall pci_iommu_init+0x0/0x3e returned 0 after 409 usecs
[    6.367918] calling  ia32_binfmt_init+0x0/0x13 @ 1
[    6.374219] initcall ia32_binfmt_init+0x0/0x13 returned 0 after 27 usecs
[    6.382544] calling  rapl_pmu_init+0x0/0x267 @ 1
[    6.388362] initcall rapl_pmu_init+0x0/0x267 returned -19 after 58 usecs
[    6.396981] calling  amd_uncore_init+0x0/0x310 @ 1
[    6.403110] initcall amd_uncore_init+0x0/0x310 returned -19 after 0 usecs
[    6.411437] calling  amd_ibs_init+0x0/0x27b @ 1
[    6.416882] initcall amd_ibs_init+0x0/0x27b returned -19 after 0 usecs
[    6.424960] calling  amd_iommu_pc_init+0x0/0x22c @ 1
[    6.431089] initcall amd_iommu_pc_init+0x0/0x22c returned -19 after 106 usecs
[    6.442435] calling  msr_init+0x0/0x55 @ 1
[    6.448734] initcall msr_init+0x0/0x55 returned 0 after 1210 usecs
[    6.455794] calling  intel_uncore_init+0x0/0x36f @ 1
[    6.461490] initcall intel_uncore_init+0x0/0x36f returned -19 after 30 usecs
[    6.469414] calling  cstate_pmu_init+0x0/0x1a1 @ 1
[    6.474853] initcall cstate_pmu_init+0x0/0x1a1 returned -19 after 0 usecs
[    6.482304] calling  register_kernel_offset_dumper+0x0/0x1a @ 1
[    6.488917] initcall register_kernel_offset_dumper+0x0/0x1a returned 0 after 24 usecs
[    6.497604] calling  i8259A_init_ops+0x0/0x20 @ 1
[    6.502973] initcall i8259A_init_ops+0x0/0x20 returned 0 after 2 usecs
[    6.510128] calling  init_tsc_clocksource+0x0/0xa4 @ 1
[    6.515821] clocksource: tsc: mask: 0xffffffffffffffff max_cycles: 0x39a85afc727, max_idle_ns: 881590685098 ns
[    6.526787] initcall init_tsc_clocksource+0x0/0xa4 returned 0 after 10719 usecs
[    6.534908] calling  add_rtc_cmos+0x0/0xb0 @ 1
[    6.540034] initcall add_rtc_cmos+0x0/0xb0 returned 0 after 17 usecs
[    6.548059] calling  i8237A_init_ops+0x0/0x3a @ 1
[    6.554814] initcall i8237A_init_ops+0x0/0x3a returned 0 after 137 usecs
[    6.564288] calling  umwait_init+0x0/0x94 @ 1
[    6.570434] initcall umwait_init+0x0/0x94 returned -19 after 15 usecs
[    6.579521] calling  thermal_throttle_init_device+0x0/0x3d @ 1
[    6.587758] initcall thermal_throttle_init_device+0x0/0x3d returned 0 after 115 usecs
[    6.598675] calling  msr_init+0x0/0xd7 @ 1
[    6.606866] initcall msr_init+0x0/0xd7 returned 0 after 2348 usecs
[    6.613958] calling  cpuid_init+0x0/0xd7 @ 1
[    6.620635] initcall cpuid_init+0x0/0xd7 returned 0 after 1677 usecs
[    6.629406] calling  ioapic_init_ops+0x0/0x13 @ 1
[    6.636310] initcall ioapic_init_ops+0x0/0x13 returned 0 after 39 usecs
[    6.645676] calling  add_pcspkr+0x0/0x6c @ 1
[    6.651135] initcall add_pcspkr+0x0/0x6c returned 0 after 133 usecs
[    6.658610] calling  start_periodic_check_for_corruption+0x0/0x30 @ 1
[    6.665978] check: Scanning for low memory corruption every 60 seconds
[    6.673521] initcall start_periodic_check_for_corruption+0x0/0x30 returned 0 after 7392 usecs
[    6.683740] calling  sysfb_init+0x0/0x9c @ 1
[    6.690533] initcall sysfb_init+0x0/0x9c returned 0 after 274 usecs
[    6.699418] calling  audit_classes_init+0x0/0xae @ 1
[    6.706585] initcall audit_classes_init+0x0/0xae returned 0 after 59 usecs
[    6.716375] calling  iosf_mbi_init+0x0/0x24 @ 1
[    6.723457] initcall iosf_mbi_init+0x0/0x24 returned 0 after 694 usecs
[    6.732697] calling  proc_execdomains_init+0x0/0x21 @ 1
[    6.740110] initcall proc_execdomains_init+0x0/0x21 returned 0 after 32 usecs
[    6.750033] calling  register_warn_debugfs+0x0/0x23 @ 1
[    6.757470] initcall register_warn_debugfs+0x0/0x23 returned 0 after 25 usecs
[    6.765815] calling  cpuhp_sysfs_init+0x0/0x79 @ 1
[    6.772691] initcall cpuhp_sysfs_init+0x0/0x79 returned 0 after 89 usecs
[    6.781943] calling  ioresources_init+0x0/0x49 @ 1
[    6.788867] initcall ioresources_init+0x0/0x49 returned 0 after 14 usecs
[    6.798620] calling  lockdep_proc_init+0x0/0x64 @ 1
[    6.804873] initcall lockdep_proc_init+0x0/0x64 returned 0 after 29 usecs
[    6.812659] calling  snapshot_device_init+0x0/0xc @ 1
[    6.820407] initcall snapshot_device_init+0x0/0xc returned 0 after 1940 usecs
[    6.828510] calling  irq_pm_init_ops+0x0/0x13 @ 1
[    6.834014] initcall irq_pm_init_ops+0x0/0x13 returned 0 after 14 usecs
[    6.841548] calling  rcu_torture_init+0x0/0x9be @ 1
[    6.847367] tasks-rude-torture:--- Start of test: nreaders=1 nfakewriters=4 stat_interval=15 verbose=1 test_no_idle_hz=1 shuffle_interval=3 stutter=5 irqreader=1 fqs_duration=0 fqs_holdoff=0 fqs_stutter=3 test_boost=1/0 test_boost_interval=7 test_boost_duration=4 shutdown_secs=1800 stall_cpu=0 stall_cpu_holdoff=10 stall_cpu_irqsoff=0 stall_cpu_block=0 n_barrier_cbs=4 onoff_interval=1000 onoff_holdoff=30 read_exit_delay=13 read_exit_burst=16
[    6.899113] tasks-rude:  Start-test grace-period state: g0 f0x0
[    6.906089] tasks-rude-torture: Creating rcu_torture_writer task
[    6.915657] tasks-rude-torture: Creating rcu_torture_fakewriter task
[    6.915889] tasks-rude-torture: rcu_torture_writer task started
[    6.924317] tasks-rude-torture: Creating rcu_torture_fakewriter task
[    6.930783] tasks-rude-torture: GP expediting controlled from boot/sysfs for tasks-rude.
[    6.930801] rcu_torture_writer: Testing expedited GPs.
[    6.938525] tasks-rude-torture: rcu_torture_fakewriter task started
[    6.947624] rcu_torture_writer: Testing asynchronous GPs.
[    6.947627] rcu_torture_writer: Testing normal GPs.
[    6.948060] tasks-rude-torture: Creating rcu_torture_fakewriter task
[    6.954003] tasks-rude-torture: rcu_torture_fakewriter task started
[    6.963062] tasks-rude-torture: Creating rcu_torture_fakewriter task
[    6.968001] tasks-rude-torture: rcu_torture_fakewriter task started
[    6.975491] tasks-rude-torture: Creating rcu_torture_reader task
[    6.981276] tasks-rude-torture: rcu_torture_fakewriter task started
[    6.990075] tasks-rude-torture: Creating rcu_torture_stats task
[    6.995999] tasks-rude-torture: rcu_torture_reader task started
[    7.004694] tasks-rude-torture: Creating torture_shuffle task
[    7.011066] tasks-rude-torture: rcu_torture_stats task started
[    7.034316] tasks-rude-torture: Creating torture_stutter task
[    7.041248] tasks-rude-torture: torture_shuffle task started
[    7.061960] tasks-rude-torture: Creating torture_shutdown task
[    7.068623] tasks-rude-torture: torture_stutter task started
[    7.075544] tasks-rude-torture: Creating torture_onoff task
[    7.075687] tasks-rude-torture: torture_shutdown task started
[    7.081975] tasks-rude-torture: rcu_torture_fwd_prog_init: Disabled, unsupported by RCU flavor under test
[    7.088290] tasks-rude-torture:torture_shutdown task: 1799973 ms remaining
[    7.098874] tasks-rude-torture: torture_onoff task started
[    7.106670] tasks-rude-torture: Creating rcu_torture_barrier_cbs task
[    7.112733] tasks-rude-torture: torture_onoff begin holdoff
[    7.120483] tasks-rude-torture: Creating rcu_torture_barrier_cbs task
[    7.126318] tasks-rude-torture: rcu_torture_barrier_cbs task started
[    7.133772] tasks-rude-torture: Creating rcu_torture_barrier_cbs task
[    7.140790] tasks-rude-torture: rcu_torture_barrier_cbs task started
[    7.148381] tasks-rude-torture: Creating rcu_torture_barrier_cbs task
[    7.155438] tasks-rude-torture: rcu_torture_barrier_cbs task started
[    7.166919] tasks-rude-torture: Creating rcu_torture_barrier task
[    7.170412] tasks-rude-torture: rcu_torture_barrier_cbs task started
[    7.191582] tasks-rude-torture: Creating rcu_torture_read_exit task
[    7.199073] tasks-rude-torture: rcu_torture_barrier task starting
[    7.208073] initcall rcu_torture_init+0x0/0x9be returned 0 after 352480 usecs
[    7.208489] tasks-rude-torture: rcu_torture_read_exit: Start of test
[    7.217839] calling  timekeeping_init_ops+0x0/0x13 @ 1
[    7.232878] initcall timekeeping_init_ops+0x0/0x13 returned 0 after 21 usecs
[    7.241174] calling  init_clocksource_sysfs+0x0/0x23 @ 1
[    7.247580] initcall init_clocksource_sysfs+0x0/0x23 returned 0 after 232 usecs
[    7.255909] calling  init_timer_list_procfs+0x0/0x31 @ 1
[    7.262099] initcall init_timer_list_procfs+0x0/0x31 returned 0 after 29 usecs
[    7.270371] calling  alarmtimer_init+0x0/0xf5 @ 1
[    7.275966] initcall alarmtimer_init+0x0/0xf5 returned 0 after 183 usecs
[    7.284020] calling  init_posix_timers+0x0/0x29 @ 1
[    7.289620] initcall init_posix_timers+0x0/0x29 returned 0 after 20 usecs
[    7.297429] calling  clockevents_init_sysfs+0x0/0xbf @ 1
[    7.304009] initcall clockevents_init_sysfs+0x0/0xbf returned 0 after 444 usecs
[    7.312290] calling  proc_dma_init+0x0/0x21 @ 1
[    7.317611] initcall proc_dma_init+0x0/0x21 returned 0 after 95 usecs
[    7.325536] calling  proc_modules_init+0x0/0x1e @ 1
[    7.332011] initcall proc_modules_init+0x0/0x1e returned 0 after 9 usecs
[    7.339641] calling  kallsyms_init+0x0/0x21 @ 1
[    7.344851] initcall kallsyms_init+0x0/0x21 returned 0 after 7 usecs
[    7.352136] calling  pid_namespaces_init+0x0/0x2c @ 1
[    7.358216] initcall pid_namespaces_init+0x0/0x2c returned 0 after 22 usecs
[    7.366429] calling  audit_watch_init+0x0/0x37 @ 1
[    7.371987] initcall audit_watch_init+0x0/0x37 returned 0 after 5 usecs
[    7.390426] calling  audit_fsnotify_init+0x0/0x37 @ 1
[    7.398748] initcall audit_fsnotify_init+0x0/0x37 returned 0 after 307 usecs
[    7.409852] calling  audit_tree_init+0x0/0x6d @ 1
[    7.417255] initcall audit_tree_init+0x0/0x6d returned 0 after 502 usecs
[    7.425064] calling  seccomp_sysctl_init+0x0/0x2b @ 1
[    7.431292] initcall seccomp_sysctl_init+0x0/0x2b returned 0 after 447 usecs
[    7.439354] calling  utsname_sysctl_init+0x0/0x13 @ 1
[    7.445336] initcall utsname_sysctl_init+0x0/0x13 returned 0 after 62 usecs
[    7.453447] calling  init_tracepoints+0x0/0x27 @ 1
[    7.459223] initcall init_tracepoints+0x0/0x27 returned 0 after 154 usecs
[    7.467025] calling  init_blk_tracer+0x0/0x50 @ 1
[    7.474174] initcall init_blk_tracer+0x0/0x50 returned 0 after 1653 usecs
[    7.481939] calling  perf_event_sysfs_init+0x0/0x83 @ 1
[    7.496834] initcall perf_event_sysfs_init+0x0/0x83 returned 0 after 8662 usecs
[    7.505130] calling  system_trusted_keyring_init+0x0/0x60 @ 1
[    7.511770] Initialise system trusted keyrings
[    7.517864] initcall system_trusted_keyring_init+0x0/0x60 returned 0 after 5948 usecs
[    7.527086] calling  kswapd_init+0x0/0x5c @ 1
[    7.534973] initcall kswapd_init+0x0/0x5c returned 0 after 2718 usecs
[    7.542435] calling  extfrag_debug_init+0x0/0x54 @ 1
[    7.548710] initcall extfrag_debug_init+0x0/0x54 returned 0 after 529 usecs
[    7.556532] calling  mm_compute_batch_init+0x0/0x12 @ 1
[    7.562502] initcall mm_compute_batch_init+0x0/0x12 returned 0 after 26 usecs
[    7.570633] calling  slab_proc_init+0x0/0x21 @ 1
[    7.576129] initcall slab_proc_init+0x0/0x21 returned 0 after 213 usecs
[    7.583784] calling  workingset_init+0x0/0x8c @ 1
[    7.589304] workingset: timestamp_bits=56 max_order=17 bucket_order=0
[    7.596798] initcall workingset_init+0x0/0x8c returned 0 after 7329 usecs
[    7.604547] calling  proc_vmalloc_init+0x0/0x32 @ 1
[    7.610296] initcall proc_vmalloc_init+0x0/0x32 returned 0 after 142 usecs
[    7.618233] calling  procswaps_init+0x0/0x1e @ 1
[    7.623704] initcall procswaps_init+0x0/0x1e returned 0 after 91 usecs
[    7.631186] calling  slab_sysfs_init+0x0/0xec @ 1
[    7.650074] initcall slab_sysfs_init+0x0/0xec returned 0 after 12963 usecs
[    7.658060] calling  fcntl_init+0x0/0x29 @ 1
[    7.663303] initcall fcntl_init+0x0/0x29 returned 0 after 225 usecs
[    7.670564] calling  proc_filesystems_init+0x0/0x21 @ 1
[    7.678068] initcall proc_filesystems_init+0x0/0x21 returned 0 after 8 usecs
[    7.686797] calling  start_dirtytime_writeback+0x0/0x29 @ 1
[    7.693330] initcall start_dirtytime_writeback+0x0/0x29 returned 0 after 16 usecs
[    7.701875] calling  blkdev_init+0x0/0x1b @ 1
[    7.708444] initcall blkdev_init+0x0/0x1b returned 0 after 473 usecs
[    7.717789] calling  dio_init+0x0/0x2c @ 1
[    7.722849] initcall dio_init+0x0/0x2c returned 0 after 118 usecs
[    7.729996] calling  dnotify_init+0x0/0x78 @ 1
[    7.735594] initcall dnotify_init+0x0/0x78 returned 0 after 144 usecs
[    7.743203] calling  aio_setup+0x0/0x78 @ 1
[    7.749477] initcall aio_setup+0x0/0x78 returned 0 after 1092 usecs
[    7.757012] calling  io_uring_init+0x0/0x2c @ 1
[    7.762340] initcall io_uring_init+0x0/0x2c returned 0 after 12 usecs
[    7.770342] calling  mbcache_init+0x0/0x30 @ 1
[    7.775661] initcall mbcache_init+0x0/0x30 returned 0 after 106 usecs
[    7.783205] calling  init_grace+0x0/0xc @ 1
[    7.788468] initcall init_grace+0x0/0xc returned 0 after 196 usecs
[    7.795761] calling  init_v2_quota_format+0x0/0x21 @ 1
[    7.802098] initcall init_v2_quota_format+0x0/0x21 returned 0 after 215 usecs
[    7.810647] calling  init_devpts_fs+0x0/0x27 @ 1
[    7.817968] initcall init_devpts_fs+0x0/0x27 returned 0 after 1633 usecs
[    7.826123] calling  ext4_init_fs+0x0/0x1c2 @ 1
[    7.835476] initcall ext4_init_fs+0x0/0x1c2 returned 0 after 3388 usecs
[    7.843480] calling  journal_init+0x0/0x11c @ 1
[    7.849475] initcall journal_init+0x0/0x11c returned 0 after 451 usecs
[    7.857637] calling  init_fat_fs+0x0/0x49 @ 1
[    7.863067] initcall init_fat_fs+0x0/0x49 returned 0 after 171 usecs
[    7.870913] calling  init_vfat_fs+0x0/0xc @ 1
[    7.876202] initcall init_vfat_fs+0x0/0xc returned 0 after 5 usecs
[    7.883396] calling  init_msdos_fs+0x0/0xc @ 1
[    7.888760] initcall init_msdos_fs+0x0/0xc returned 0 after 5 usecs
[    7.896074] calling  init_iso9660_fs+0x0/0x6c @ 1
[    7.902305] initcall init_iso9660_fs+0x0/0x6c returned 0 after 313 usecs
[    7.911300] calling  init_nfs_fs+0x0/0x13a @ 1
[    7.919300] initcall init_nfs_fs+0x0/0x13a returned 0 after 2661 usecs
[    7.927131] calling  init_nfs_v2+0x0/0x13 @ 1
[    7.932434] initcall init_nfs_v2+0x0/0x13 returned 0 after 112 usecs
[    7.940109] calling  init_nfs_v3+0x0/0x13 @ 1
[    7.945566] initcall init_nfs_v3+0x0/0x13 returned 0 after 2 usecs
[    7.953098] calling  init_nfs_v4+0x0/0x32 @ 1
[    7.958682] NFS: Registering the id_resolver key type
[    7.965577] Key type id_resolver registered
[    7.971532] Key type id_legacy registered
[    7.976928] initcall init_nfs_v4+0x0/0x32 returned 0 after 17927 usecs
[    7.985031] calling  init_nlm+0x0/0x5b @ 1
[    7.990403] initcall init_nlm+0x0/0x5b returned 0 after 81 usecs
[    7.998041] calling  init_nls_cp437+0x0/0xe @ 1
[    8.003804] initcall init_nls_cp437+0x0/0xe returned 0 after 122 usecs
[    8.011799] calling  init_nls_ascii+0x0/0xe @ 1
[    8.017567] initcall init_nls_ascii+0x0/0xe returned 0 after 2 usecs
[    8.025560] calling  init_nls_iso8859_1+0x0/0xe @ 1
[    8.031739] initcall init_nls_iso8859_1+0x0/0xe returned 0 after 1 usecs
[    8.040196] calling  init_nls_utf8+0x0/0x21 @ 1
[    8.046840] initcall init_nls_utf8+0x0/0x21 returned 0 after 3 usecs
[    8.056115] calling  init_autofs_fs+0x0/0x25 @ 1
[    8.065908] initcall init_autofs_fs+0x0/0x25 returned 0 after 2550 usecs
[    8.076061] calling  ipc_init+0x0/0x24 @ 1
[    8.081321] initcall ipc_init+0x0/0x24 returned 0 after 73 usecs
[    8.088766] calling  ipc_sysctl_init+0x0/0x13 @ 1
[    8.094694] initcall ipc_sysctl_init+0x0/0x13 returned 0 after 34 usecs
[    8.103305] calling  init_mqueue_fs+0x0/0xb1 @ 1
[    8.110824] initcall init_mqueue_fs+0x0/0xb1 returned 0 after 1218 usecs
[    8.119758] calling  key_proc_init+0x0/0x63 @ 1
[    8.125666] initcall key_proc_init+0x0/0x63 returned 0 after 29 usecs
[    8.133813] calling  selinux_nf_ip_init+0x0/0x2e @ 1
[    8.140274] initcall selinux_nf_ip_init+0x0/0x2e returned 0 after 164 usecs
[    8.150909] calling  init_sel_fs+0x0/0x116 @ 1
[    8.157846] initcall init_sel_fs+0x0/0x116 returned 0 after 1 usecs
[    8.167244] calling  selnl_init+0x0/0x7c @ 1
[    8.173490] initcall selnl_init+0x0/0x7c returned 0 after 262 usecs
[    8.181243] calling  sel_netif_init+0x0/0x36 @ 1
[    8.187106] initcall sel_netif_init+0x0/0x36 returned 0 after 0 usecs
[    8.195238] calling  sel_netnode_init+0x0/0x33 @ 1
[    8.201513] initcall sel_netnode_init+0x0/0x33 returned 0 after 25 usecs
[    8.209905] calling  sel_netport_init+0x0/0x33 @ 1
[    8.216101] initcall sel_netport_init+0x0/0x33 returned 0 after 0 usecs
[    8.224636] calling  aurule_init+0x0/0x2a @ 1
[    8.230329] initcall aurule_init+0x0/0x2a returned 0 after 3 usecs
[    8.238227] calling  crypto_algapi_init+0x0/0xc @ 1
[    8.244696] initcall crypto_algapi_init+0x0/0xc returned 0 after 9 usecs
[    8.253294] calling  jent_mod_init+0x0/0x2d @ 1
[    8.274922] initcall jent_mod_init+0x0/0x2d returned 0 after 14231 usecs
[    8.285921] calling  asymmetric_key_init+0x0/0xc @ 1
[    8.292580] Key type asymmetric registered
[    8.298098] initcall asymmetric_key_init+0x0/0xc returned 0 after 5398 usecs
[    8.308330] calling  x509_key_init+0x0/0xc @ 1
[    8.315691] Asymmetric key parser 'x509' registered
[    8.322008] initcall x509_key_init+0x0/0xc returned 0 after 7545 usecs
[    8.330273] calling  proc_genhd_init+0x0/0x41 @ 1
[    8.336481] initcall proc_genhd_init+0x0/0x41 returned 0 after 10 usecs
[    8.344806] calling  bsg_init+0x0/0x113 @ 1
[    8.350659] Block layer SCSI generic (bsg) driver version 0.4 loaded (major 251)
[    8.360245] initcall bsg_init+0x0/0x113 returned 0 after 9747 usecs
[    8.368508] calling  deadline_init+0x0/0xc @ 1
[    8.374475] io scheduler mq-deadline registered
[    8.380657] initcall deadline_init+0x0/0xc returned 0 after 6165 usecs
[    8.389828] calling  kyber_init+0x0/0xc @ 1
[    8.395677] io scheduler kyber registered
[    8.402034] initcall kyber_init+0x0/0xc returned 0 after 6224 usecs
[    8.409982] calling  mod_init+0x0/0x7 @ 1
[    8.414883] initcall mod_init+0x0/0x7 returned 0 after 0 usecs
[    8.422530] calling  percpu_counter_startup+0x0/0x55 @ 1
[    8.432403] initcall percpu_counter_startup+0x0/0x55 returned 0 after 1153 usecs
[    8.443981] calling  sg_pool_init+0x0/0xb4 @ 1
[    8.451941] initcall sg_pool_init+0x0/0xb4 returned 0 after 460 usecs
[    8.462671] calling  pcie_portdrv_init+0x0/0x39 @ 1
[    8.471425] initcall pcie_portdrv_init+0x0/0x39 returned 0 after 1582 usecs
[    8.481466] calling  pci_proc_init+0x0/0x68 @ 1
[    8.488338] initcall pci_proc_init+0x0/0x68 returned 0 after 178 usecs
[    8.497394] calling  pci_hotplug_init+0x0/0x7 @ 1
[    8.503729] initcall pci_hotplug_init+0x0/0x7 returned 0 after 0 usecs
[    8.513122] calling  efifb_driver_init+0x0/0xe @ 1
[    8.520030] initcall efifb_driver_init+0x0/0xe returned 0 after 509 usecs
[    8.529408] calling  ged_driver_init+0x0/0xe @ 1
[    8.535751] initcall ged_driver_init+0x0/0xe returned 0 after 217 usecs
[    8.544772] calling  acpi_ac_init+0x0/0x92 @ 1
[    8.554712] initcall acpi_ac_init+0x0/0x92 returned 0 after 2973 usecs
[    8.563634] calling  acpi_button_driver_init+0x0/0x52 @ 1
[    8.572381] input: Power Button as /devices/LNXSYSTM:00/LNXPWRBN:00/input/input0
[    8.585803] ACPI: Power Button [PWRF]
[    8.591591] initcall acpi_button_driver_init+0x0/0x52 returned 0 after 20198 usecs
[    8.601487] calling  acpi_fan_driver_init+0x0/0xe @ 1
[    8.607914] initcall acpi_fan_driver_init+0x0/0xe returned 0 after 35 usecs
[    8.616743] calling  acpi_video_init+0x0/0xcb @ 1
[    8.623311] initcall acpi_video_init+0x0/0xcb returned 0 after 322 usecs
[    8.632241] calling  acpi_processor_driver_init+0x0/0xad @ 1
[    8.646188] initcall acpi_processor_driver_init+0x0/0xad returned 0 after 5982 usecs
[    8.656598] calling  acpi_thermal_init+0x0/0x71 @ 1
[    8.666344] initcall acpi_thermal_init+0x0/0x71 returned 0 after 2827 usecs
[    8.677393] calling  acpi_battery_init+0x0/0x32 @ 1
[    8.684384] initcall acpi_battery_init+0x0/0x32 returned 0 after 87 usecs
[    8.693849] calling  bgrt_init+0x0/0xb6 @ 1
[    8.700348] initcall bgrt_init+0x0/0xb6 returned -19 after 1 usecs
[    8.709172] calling  gpio_clk_driver_init+0x0/0xe @ 1
[    8.717664] initcall gpio_clk_driver_init+0x0/0xe returned 0 after 82 usecs
[    8.728687] calling  plt_clk_driver_init+0x0/0xe @ 1
[    8.738614] initcall plt_clk_driver_init+0x0/0xe returned 0 after 44 usecs
[    8.751832] calling  virtio_pci_driver_init+0x0/0x15 @ 1
[    8.764818] initcall virtio_pci_driver_init+0x0/0x15 returned 0 after 869 usecs
[    8.780496] calling  n_null_init+0x0/0x1e @ 1
[    8.787824] initcall n_null_init+0x0/0x1e returned 0 after 81 usecs
[    8.798662] calling  pty_init+0x0/0x1e8 @ 1
[    8.807666] initcall pty_init+0x0/0x1e8 returned 0 after 1937 usecs
[    8.817598] calling  sysrq_init+0x0/0x62 @ 1
[    8.823961] initcall sysrq_init+0x0/0x62 returned 0 after 32 usecs
[    8.832176] calling  serial8250_init+0x0/0x17e @ 1
[    8.840112] Serial: 8250/16550 driver, 4 ports, IRQ sharing enabled
[    8.852954] 00:03: ttyS0 at I/O 0x3f8 (irq = 4, base_baud = 115200) is a 16550A
[    8.873424] initcall serial8250_init+0x0/0x17e returned 0 after 32613 usecs
[    8.883063] calling  serial_pci_driver_init+0x0/0x15 @ 1
[    8.891635] initcall serial_pci_driver_init+0x0/0x15 returned 0 after 511 usecs
[    8.902009] calling  exar_pci_driver_init+0x0/0x15 @ 1
[    8.910460] initcall exar_pci_driver_init+0x0/0x15 returned 0 after 85 usecs
[    8.920670] calling  lpss8250_pci_driver_init+0x0/0x15 @ 1
[    8.928780] initcall lpss8250_pci_driver_init+0x0/0x15 returned 0 after 46 usecs
[    8.940816] calling  mid8250_pci_driver_init+0x0/0x15 @ 1
[    8.949299] initcall mid8250_pci_driver_init+0x0/0x15 returned 0 after 51 usecs
[    8.961201] calling  virtio_console_init+0x0/0xff @ 1
[    8.969411] initcall virtio_console_init+0x0/0xff returned 0 after 826 usecs
[    8.981362] calling  hpet_init+0x0/0x64 @ 1
[    8.992822] initcall hpet_init+0x0/0x64 returned 0 after 4551 usecs
[    9.003203] calling  nvram_module_init+0x0/0x83 @ 1
[    9.011949] Non-volatile memory driver v1.3
[    9.018070] initcall nvram_module_init+0x0/0x83 returned 0 after 7233 usecs
[    9.027915] calling  hwrng_modinit+0x0/0x8a @ 1
[    9.035666] initcall hwrng_modinit+0x0/0x8a returned 0 after 1394 usecs
[    9.045557] calling  mod_init+0x0/0x48 @ 1
[    9.051419] initcall mod_init+0x0/0x48 returned -19 after 0 usecs
[    9.060560] calling  agp_init+0x0/0x23 @ 1
[    9.066978] Linux agpgart interface v0.103
[    9.072951] initcall agp_init+0x0/0x23 returned 0 after 5830 usecs
[    9.083293] calling  agp_amd64_mod_init+0x0/0x5 @ 1
[    9.091941] initcall agp_amd64_mod_init+0x0/0x5 returned -19 after 923 usecs
[    9.102355] calling  agp_intel_init+0x0/0x28 @ 1
[    9.109465] initcall agp_intel_init+0x0/0x28 returned 0 after 918 usecs
[    9.119864] calling  drm_kms_helper_init+0x0/0x7 @ 1
[    9.127335] initcall drm_kms_helper_init+0x0/0x7 returned 0 after 91 usecs
[    9.138328] calling  drm_core_init+0x0/0xbd @ 1
[    9.145408] initcall drm_core_init+0x0/0xbd returned 0 after 404 usecs
[    9.156005] calling  i915_init+0x0/0x6b @ 1
[    9.163814] initcall i915_init+0x0/0x6b returned 0 after 1390 usecs
[    9.173497] calling  cn_proc_init+0x0/0x35 @ 1
[    9.180565] initcall cn_proc_init+0x0/0x35 returned 0 after 134 usecs
[    9.190877] calling  topology_sysfs_init+0x0/0x27 @ 1
[    9.199762] initcall topology_sysfs_init+0x0/0x27 returned 0 after 813 usecs
[    9.210442] calling  cacheinfo_sysfs_init+0x0/0x27 @ 1
[    9.221635] initcall cacheinfo_sysfs_init+0x0/0x27 returned 0 after 2184 usecs
[    9.234207] calling  loop_init+0x0/0x16a @ 1
[    9.330914] loop: module loaded
[    9.336729] initcall loop_init+0x0/0x16a returned 0 after 92992 usecs
[    9.348056] calling  mac_hid_init+0x0/0x21 @ 1
[    9.355109] initcall mac_hid_init+0x0/0x21 returned 0 after 156 usecs
[    9.364470] calling  spi_transport_init+0x0/0x74 @ 1
[    9.372225] initcall spi_transport_init+0x0/0x74 returned 0 after 604 usecs
[    9.382221] calling  init_sd+0x0/0x18c @ 1
[    9.389436] initcall init_sd+0x0/0x18c returned 0 after 635 usecs
[    9.399918] calling  init_sr+0x0/0x43 @ 1
[    9.408052] initcall init_sr+0x0/0x43 returned 0 after 871 usecs
[    9.417893] calling  init_sg+0x0/0x1c0 @ 1
[    9.425545] initcall init_sg+0x0/0x1c0 returned 0 after 393 usecs
[    9.436510] calling  ahci_pci_driver_init+0x0/0x15 @ 1
[    9.446171] ahci 0000:00:1f.2: version 3.0
[    9.456567] PCI Interrupt Link [GSIA] enabled at IRQ 16
[    9.480114] ahci 0000:00:1f.2: AHCI 0001.0000 32 slots 6 ports 1.5 Gbps 0x3f impl SATA mode
[    9.493089] ahci 0000:00:1f.2: flags: 64bit ncq only 
[    9.537527] scsi host0: ahci
[    9.550166] scsi host1: ahci
[    9.557680] scsi host2: ahci
[    9.566959] scsi host3: ahci
[    9.574458] scsi host4: ahci
[    9.583737] scsi host5: ahci
[    9.589869] ata1: SATA max UDMA/133 abar m4096@0xfebf1000 port 0xfebf1100 irq 24
[    9.601424] ata2: SATA max UDMA/133 abar m4096@0xfebf1000 port 0xfebf1180 irq 24
[    9.614057] ata3: SATA max UDMA/133 abar m4096@0xfebf1000 port 0xfebf1200 irq 24
[    9.627524] ata4: SATA max UDMA/133 abar m4096@0xfebf1000 port 0xfebf1280 irq 24
[    9.641627] ata5: SATA max UDMA/133 abar m4096@0xfebf1000 port 0xfebf1300 irq 24
[    9.655071] ata6: SATA max UDMA/133 abar m4096@0xfebf1000 port 0xfebf1380 irq 24
[    9.668732] initcall ahci_pci_driver_init+0x0/0x15 returned 0 after 217647 usecs
[    9.682260] calling  piix_init+0x0/0x26 @ 1
[    9.690680] initcall piix_init+0x0/0x26 returned 0 after 325 usecs
[    9.702123] calling  amd_pci_driver_init+0x0/0x15 @ 1
[    9.710108] initcall amd_pci_driver_init+0x0/0x15 returned 0 after 70 usecs
[    9.721208] calling  oldpiix_pci_driver_init+0x0/0x15 @ 1
[    9.729611] initcall oldpiix_pci_driver_init+0x0/0x15 returned 0 after 90 usecs
[    9.740960] calling  sch_pci_driver_init+0x0/0x15 @ 1
[    9.748533] initcall sch_pci_driver_init+0x0/0x15 returned 0 after 55 usecs
[    9.759681] calling  net_olddevs_init+0x0/0x55 @ 1
[    9.768352] initcall net_olddevs_init+0x0/0x55 returned 0 after 494 usecs
[    9.778748] calling  blackhole_netdev_init+0x0/0x78 @ 1
[    9.787593] initcall blackhole_netdev_init+0x0/0x78 returned 0 after 407 usecs
[    9.798459] calling  phy_module_init+0x0/0x13 @ 1
[    9.807289] initcall phy_module_init+0x0/0x13 returned 0 after 1274 usecs
[    9.819269] calling  tg3_driver_init+0x0/0x15 @ 1
[    9.827940] initcall tg3_driver_init+0x0/0x15 returned 0 after 327 usecs
[    9.838513] calling  e100_init_module+0x0/0x4c @ 1
[    9.846967] e100: Intel(R) PRO/100 Network Driver
[    9.854345] e100: Copyright(c) 1999-2006 Intel Corporation
[    9.862546] initcall e100_init_module+0x0/0x4c returned 0 after 15210 usecs
[    9.873809] calling  e1000_init_module+0x0/0x72 @ 1
[    9.881525] e1000: Intel(R) PRO/1000 Network Driver
[    9.889930] e1000: Copyright (c) 1999-2006 Intel Corporation.
[    9.900384] initcall e1000_init_module+0x0/0x72 returned 0 after 18414 usecs
[    9.912541] calling  e1000_init_module+0x0/0x2d @ 1
[    9.920065] e1000e: Intel(R) PRO/1000 Network Driver
[    9.927783] e1000e: Copyright(c) 1999 - 2015 Intel Corporation.
[    9.937033] initcall e1000_init_module+0x0/0x2d returned 0 after 16600 usecs
[    9.948069] calling  sky2_init_module+0x0/0x21 @ 1
[    9.955834] sky2: driver version 1.30
[    9.962694] initcall sky2_init_module+0x0/0x21 returned 0 after 6695 usecs
[    9.974749] calling  forcedeth_pci_driver_init+0x0/0x15 @ 1
[    9.984647] initcall forcedeth_pci_driver_init+0x0/0x15 returned 0 after 85 usecs
[    9.996950] calling  rtl8139_init_module+0x0/0x15 @ 1
[    9.998390] ata1: SATA link down (SStatus 0 SControl 300)
[   10.006033] initcall rtl8139_init_module+0x0/0x15 returned 0 after 121 usecs
[   10.016530] ata2: SATA link down (SStatus 0 SControl 300)
[   10.033660] calling  rtl8169_pci_driver_init+0x0/0x15 @ 1
[   10.036062] ata6: SATA link down (SStatus 0 SControl 300)
[   10.043526] initcall rtl8169_pci_driver_init+0x0/0x15 returned 0 after 145 usecs
[   10.054467] ata4: SATA link down (SStatus 0 SControl 300)
[   10.063328] calling  cdrom_init+0x0/0xc @ 1
[   10.075893] ata3: SATA link up 1.5 Gbps (SStatus 113 SControl 300)
[   10.079684] initcall cdrom_init+0x0/0xc returned 0 after 164 usecs
[   10.092930] ata5: SATA link down (SStatus 0 SControl 300)
[   10.101491] calling  nonstatic_sysfs_init+0x0/0xc @ 1
[   10.110038] ata3.00: ATAPI: QEMU DVD-ROM, 2.5+, max UDMA/100
[   10.117367] initcall nonstatic_sysfs_init+0x0/0xc returned 0 after 48 usecs
[   10.127835] ata3.00: applying bridge limits
[   10.137424] calling  yenta_cardbus_driver_init+0x0/0x15 @ 1
[   10.137780] initcall yenta_cardbus_driver_init+0x0/0x15 returned 0 after 320 usecs
[   10.166488] calling  mon_init+0x0/0x144 @ 1
[   10.166502] ata3.00: configured for UDMA/100
[   10.173536] initcall mon_init+0x0/0x144 returned 0 after 541 usecs
[   10.189932] calling  ehci_hcd_init+0x0/0x56 @ 1
[   10.197214] ehci_hcd: USB 2.0 'Enhanced' Host Controller (EHCI) Driver
[   10.209402] initcall ehci_hcd_init+0x0/0x56 returned 0 after 12129 usecs
[   10.210502] scsi 2:0:0:0: CD-ROM            QEMU     QEMU DVD-ROM     2.5+ PQ: 0 ANSI: 5
[   10.219569] calling  ehci_pci_init+0x0/0x64 @ 1
[   10.219573] ehci-pci: EHCI PCI platform driver
[   10.219790] initcall ehci_pci_init+0x0/0x64 returned 0 after 211 usecs
[   10.262138] calling  ohci_hcd_mod_init+0x0/0x4e @ 1
[   10.271118] ohci_hcd: USB 1.1 'Open' Host Controller (OHCI) Driver
[   10.317291] initcall ohci_hcd_mod_init+0x0/0x4e returned 0 after 44777 usecs
[   10.330369] calling  ohci_pci_init+0x0/0x64 @ 1
[   10.337821] ohci-pci: OHCI PCI platform driver
[   10.352491] initcall ohci_pci_init+0x0/0x64 returned 0 after 14543 usecs
[   10.359742] sr 2:0:0:0: [sr0] scsi3-mmc drive: 4x/4x cd/rw xa/form2 tray
[   10.362882] calling  uhci_hcd_init+0x0/0xa8 @ 1
[   10.373374] cdrom: Uniform CD-ROM driver Revision: 3.20
[   10.388517] uhci_hcd: USB Universal Host Controller Interface driver
[   10.402020] initcall uhci_hcd_init+0x0/0xa8 returned 0 after 21568 usecs
[   10.412551] calling  xhci_hcd_init+0x0/0x1e @ 1
[   10.421887] initcall xhci_hcd_init+0x0/0x1e returned 0 after 1499 usecs
[   10.431778] calling  xhci_pci_init+0x0/0x49 @ 1
[   10.438452] sr 2:0:0:0: Attached scsi CD-ROM sr0
[   10.439035] initcall xhci_pci_init+0x0/0x49 returned 0 after 253 usecs
[   10.450221] sr 2:0:0:0: Attached scsi generic sg0 type 5
[   10.456418] calling  usblp_driver_init+0x0/0x15 @ 1
[   10.473181] usbcore: registered new interface driver usblp
[   10.482482] initcall usblp_driver_init+0x0/0x15 returned 0 after 9592 usecs
[   10.493934] calling  usb_storage_driver_init+0x0/0x2a @ 1
[   10.503571] usbcore: registered new interface driver usb-storage
[   10.513115] initcall usb_storage_driver_init+0x0/0x2a returned 0 after 9755 usecs
[   10.525238] calling  i8042_init+0x0/0x4c2 @ 1
[   10.533469] i8042: PNP: PS/2 Controller [PNP0303:KBD,PNP0f13:MOU] at 0x60,0x64 irq 1,12
[   10.566658] serio: i8042 KBD port at 0x60,0x64 irq 1
[   10.577495] serio: i8042 AUX port at 0x60,0x64 irq 12
[   10.587882] initcall i8042_init+0x0/0x4c2 returned 0 after 54292 usecs
[   10.598171] calling  serport_init+0x0/0x2c @ 1
[   10.607955] initcall serport_init+0x0/0x2c returned 0 after 2025 usecs
[   10.620392] calling  input_leds_init+0x0/0xc @ 1
[   10.627931] initcall input_leds_init+0x0/0xc returned 0 after 190 usecs
[   10.639283] calling  evdev_init+0x0/0xc @ 1
[   10.651632] initcall evdev_init+0x0/0xc returned 0 after 5469 usecs
[   10.662060] calling  atkbd_init+0x0/0x21 @ 1
[   10.671801] initcall atkbd_init+0x0/0x21 returned 0 after 2045 usecs
[   10.684023] calling  psmouse_init+0x0/0x7f @ 1
[   10.695650] initcall psmouse_init+0x0/0x7f returned 0 after 2695 usecs
[   10.706813] calling  cmos_init+0x0/0x73 @ 1
[   10.718089] input: AT Translated Set 2 keyboard as /devices/platform/i8042/serio0/input/input1
[   10.718368] rtc_cmos 00:04: RTC can wake from S4
[   10.751165] rtc_cmos 00:04: registered as rtc0
[   10.760875] rtc_cmos 00:04: alarms up to one day, y3k, 242 bytes nvram, hpet irqs
[   10.774661] initcall cmos_init+0x0/0x73 returned 0 after 57986 usecs
[   10.784218] calling  smbalert_driver_init+0x0/0xe @ 1
[   10.791924] initcall smbalert_driver_init+0x0/0xe returned 0 after 507 usecs
[   10.803239] calling  i2c_i801_init+0x0/0xc5 @ 1
[   10.819276] i801_smbus 0000:00:1f.3: SMBus using PCI interrupt
[   10.830445] i2c i2c-0: 1/1 memory slots populated (from DMI)
[   10.839851] i2c i2c-0: Memory type 0x07 not supported yet, not instantiating SPD
[   10.853504] initcall i2c_i801_init+0x0/0xc5 returned 0 after 42156 usecs
[   10.864523] calling  ptp_kvm_init+0x0/0xf0 @ 1
[   10.875084] initcall ptp_kvm_init+0x0/0xf0 returned 0 after 3645 usecs
[   10.885387] calling  dm_init+0x0/0x3c @ 1
[   10.895748] device-mapper: ioctl: 4.43.0-ioctl (2020-10-01) initialised: dm-devel@redhat.com
[   10.908380] initcall dm_init+0x0/0x3c returned 0 after 16525 usecs
[   10.918314] calling  dm_mirror_init+0x0/0x29 @ 1
[   10.925341] initcall dm_mirror_init+0x0/0x29 returned 0 after 3 usecs
[   10.935745] calling  dm_dirty_log_init+0x0/0x4f @ 1
[   10.944898] initcall dm_dirty_log_init+0x0/0x4f returned 0 after 372 usecs
[   10.956469] calling  dm_zero_init+0x0/0x29 @ 1
[   10.964416] initcall dm_zero_init+0x0/0x29 returned 0 after 15 usecs
[   10.975924] calling  intel_pstate_init+0x0/0x512 @ 1
[   10.984449] intel_pstate: CPU model not supported
[   10.991933] initcall intel_pstate_init+0x0/0x512 returned -19 after 7361 usecs
[   11.002976] calling  haltpoll_init+0x0/0xc0 @ 1
[   11.009892] initcall haltpoll_init+0x0/0xc0 returned -19 after 38 usecs
[   11.020283] calling  efivars_sysfs_init+0x0/0x30 @ 1
[   11.028674] initcall efivars_sysfs_init+0x0/0x30 returned 0 after 221 usecs
[   11.041378] calling  esrt_sysfs_init+0x0/0x2a2 @ 1
[   11.050421] initcall esrt_sysfs_init+0x0/0x2a2 returned -38 after 320 usecs
[   11.063432] calling  hid_init+0x0/0x5c @ 1
[   11.071169] hid: raw HID events driver (C) Jiri Kosina
[   11.080419] initcall hid_init+0x0/0x5c returned 0 after 9531 usecs
[   11.090420] calling  hid_generic_init+0x0/0x15 @ 1
[   11.097535] initcall hid_generic_init+0x0/0x15 returned 0 after 470 usecs
[   11.108056] calling  a4_driver_init+0x0/0x15 @ 1
[   11.115604] initcall a4_driver_init+0x0/0x15 returned 0 after 757 usecs
[   11.125905] calling  apple_driver_init+0x0/0x15 @ 1
[   11.134180] initcall apple_driver_init+0x0/0x15 returned 0 after 195 usecs
[   11.144406] calling  belkin_driver_init+0x0/0x15 @ 1
[   11.151528] initcall belkin_driver_init+0x0/0x15 returned 0 after 181 usecs
[   11.161762] calling  ch_driver_init+0x0/0x15 @ 1
[   11.168149] initcall ch_driver_init+0x0/0x15 returned 0 after 39 usecs
[   11.177437] calling  ch_driver_init+0x0/0x15 @ 1
[   11.185390] initcall ch_driver_init+0x0/0x15 returned 0 after 250 usecs
[   11.194826] calling  cp_driver_init+0x0/0x15 @ 1
[   11.202077] initcall cp_driver_init+0x0/0x15 returned 0 after 38 usecs
[   11.227204] calling  ez_driver_init+0x0/0x15 @ 1
[   11.235477] initcall ez_driver_init+0x0/0x15 returned 0 after 288 usecs
[   11.248576] calling  gyration_driver_init+0x0/0x15 @ 1
[   11.256837] initcall gyration_driver_init+0x0/0x15 returned 0 after 49 usecs
[   11.268402] calling  ite_driver_init+0x0/0x15 @ 1
[   11.274642] initcall ite_driver_init+0x0/0x15 returned 0 after 45 usecs
[   11.283607] calling  ks_driver_init+0x0/0x15 @ 1
[   11.291188] initcall ks_driver_init+0x0/0x15 returned 0 after 230 usecs
[   11.301793] calling  lg_driver_init+0x0/0x15 @ 1
[   11.308830] initcall lg_driver_init+0x0/0x15 returned 0 after 76 usecs
[   11.319601] calling  lg_g15_driver_init+0x0/0x15 @ 1
[   11.327687] initcall lg_g15_driver_init+0x0/0x15 returned 0 after 214 usecs
[   11.338374] calling  ms_driver_init+0x0/0x15 @ 1
[   11.346038] initcall ms_driver_init+0x0/0x15 returned 0 after 53 usecs
[   11.357022] calling  mr_driver_init+0x0/0x15 @ 1
[   11.365093] initcall mr_driver_init+0x0/0x15 returned 0 after 154 usecs
[   11.375475] calling  ntrig_driver_init+0x0/0x15 @ 1
[   11.383445] initcall ntrig_driver_init+0x0/0x15 returned 0 after 167 usecs
[   11.394232] calling  pl_driver_init+0x0/0x15 @ 1
[   11.402069] initcall pl_driver_init+0x0/0x15 returned 0 after 52 usecs
[   11.413293] calling  pl_driver_init+0x0/0x15 @ 1
[   11.421367] initcall pl_driver_init+0x0/0x15 returned 0 after 51 usecs
[   11.432347] calling  redragon_driver_init+0x0/0x15 @ 1
[   11.443574] initcall redragon_driver_init+0x0/0x15 returned 0 after 48 usecs
[   11.460039] calling  samsung_driver_init+0x0/0x15 @ 1
[   11.461127] input: ImExPS/2 Generic Explorer Mouse as /devices/platform/i8042/serio1/input/input3
[   11.467794] initcall samsung_driver_init+0x0/0x15 returned 0 after 141 usecs
[   11.495870] calling  sony_init+0x0/0x38 @ 1
[   11.503196] initcall sony_init+0x0/0x38 returned 0 after 56 usecs
[   11.512637] calling  sp_driver_init+0x0/0x15 @ 1
[   11.520878] initcall sp_driver_init+0x0/0x15 returned 0 after 53 usecs
[   11.532132] calling  ts_driver_init+0x0/0x15 @ 1
[   11.540092] initcall ts_driver_init+0x0/0x15 returned 0 after 56 usecs
[   11.550883] calling  hid_init+0x0/0x58 @ 1
[   11.558666] usbcore: registered new interface driver usbhid
[   11.569014] usbhid: USB HID core driver
[   11.575927] initcall hid_init+0x0/0x58 returned 0 after 17296 usecs
[   11.586974] calling  eeepc_laptop_init+0x0/0x57 @ 1
[   11.595723] initcall eeepc_laptop_init+0x0/0x57 returned -19 after 363 usecs
[   11.607385] calling  pmc_atom_init+0x0/0x27a @ 1
[   11.614958] initcall pmc_atom_init+0x0/0x27a returned -19 after 11 usecs
[   11.625954] calling  alsa_hwdep_init+0x0/0x5e @ 1
[   11.634050] initcall alsa_hwdep_init+0x0/0x5e returned 0 after 569 usecs
[   11.644765] calling  alsa_timer_init+0x0/0x1f9 @ 1
[   11.653560] initcall alsa_timer_init+0x0/0x1f9 returned 0 after 1113 usecs
[   11.664532] calling  snd_hrtimer_init+0x0/0x117 @ 1
[   11.675626] initcall snd_hrtimer_init+0x0/0x117 returned 0 after 3576 usecs
[   11.686932] calling  alsa_pcm_init+0x0/0x64 @ 1
[   11.694466] initcall alsa_pcm_init+0x0/0x64 returned 0 after 16 usecs
[   11.704102] calling  alsa_seq_init+0x0/0x4a @ 1
[   11.714831] initcall alsa_seq_init+0x0/0x4a returned 0 after 3208 usecs
[   11.726318] calling  alsa_seq_dummy_init+0x0/0x9c @ 1
[   11.735485] initcall alsa_seq_dummy_init+0x0/0x9c returned 0 after 105 usecs
[   11.746743] calling  azx_driver_init+0x0/0x15 @ 1
[   11.754433] initcall azx_driver_init+0x0/0x15 returned 0 after 728 usecs
[   11.764642] calling  sock_diag_init+0x0/0x2a @ 1
[   11.775991] initcall sock_diag_init+0x0/0x2a returned 0 after 3389 usecs
[   11.787498] calling  blackhole_init+0x0/0xc @ 1
[   11.795473] initcall blackhole_init+0x0/0xc returned 0 after 305 usecs
[   11.805801] calling  nfnetlink_init+0x0/0x61 @ 1
[   11.816157] initcall nfnetlink_init+0x0/0x61 returned 0 after 2865 usecs
[   11.827272] calling  nfnetlink_log_init+0x0/0x99 @ 1
[   11.836079] initcall nfnetlink_log_init+0x0/0x99 returned 0 after 1242 usecs
[   11.846959] calling  nf_conntrack_standalone_init+0x0/0x87 @ 1
[   11.858640] initcall nf_conntrack_standalone_init+0x0/0x87 returned 0 after 3057 usecs
[   11.869762] calling  ctnetlink_init+0x0/0x83 @ 1
[   11.876160] initcall ctnetlink_init+0x0/0x83 returned 0 after 46 usecs
[   11.885238] calling  nf_conntrack_ftp_init+0x0/0x12c @ 1
[   11.893846] initcall nf_conntrack_ftp_init+0x0/0x12c returned 0 after 51 usecs
[   11.905367] calling  nf_conntrack_irc_init+0x0/0x129 @ 1
[   11.913452] initcall nf_conntrack_irc_init+0x0/0x129 returned 0 after 71 usecs
[   11.925452] calling  nf_conntrack_sip_init+0x0/0x172 @ 1
[   11.933423] initcall nf_conntrack_sip_init+0x0/0x172 returned 0 after 68 usecs
[   11.944307] calling  nf_nat_init+0x0/0xf0 @ 1
[   11.952489] initcall nf_nat_init+0x0/0xf0 returned 0 after 1254 usecs
[   11.962395] calling  nf_nat_ftp_init+0x0/0x2a @ 1
[   11.971668] initcall nf_nat_ftp_init+0x0/0x2a returned 0 after 39 usecs
[   11.981656] calling  nf_nat_irc_init+0x0/0x2a @ 1
[   11.988866] initcall nf_nat_irc_init+0x0/0x2a returned 0 after 19 usecs
[   11.999010] calling  nf_nat_sip_init+0x0/0x36 @ 1
[   12.006739] initcall nf_nat_sip_init+0x0/0x36 returned 0 after 622 usecs
[   12.016741] calling  xt_init+0x0/0x146 @ 1
[   12.023384] initcall xt_init+0x0/0x146 returned 0 after 40 usecs
[   12.032760] calling  tcpudp_mt_init+0x0/0x11 @ 1
[   12.040604] initcall tcpudp_mt_init+0x0/0x11 returned 0 after 439 usecs
[   12.051439] calling  connsecmark_tg_init+0x0/0xc @ 1
[   12.060008] initcall connsecmark_tg_init+0x0/0xc returned 0 after 4 usecs
[   12.071354] calling  nflog_tg_init+0x0/0xc @ 1
[   12.078671] initcall nflog_tg_init+0x0/0xc returned 0 after 3 usecs
[   12.088403] calling  secmark_tg_init+0x0/0x11 @ 1
[   12.095491] initcall secmark_tg_init+0x0/0x11 returned 0 after 4 usecs
[   12.105609] calling  tcpmss_tg_init+0x0/0x11 @ 1
