c[?7l[2J[0mSeaBIOS (version 1.16.0-debian-1.16.0-4)
Booting from ROM...
early console in setup code
c[?7l[2J[    0.000000] Linux version 5.10.155+ (root@joelboxx.c.googlers.com) (gcc (Debian 12.2.0-3) 12.2.0, GNU ld (GNU Binutils for Debian) 2.39) #6 SMP Tue Dec 13 05:24:13 UTC 2022
[    0.000000] Command line: selinux=0 initcall_debug debug console=ttyS0 rcutree.rcu_fanout_leaf=4 nohz_full=1-7 rcutorture.onoff_interval=1000 rcutorture.onoff_holdoff=30 rcutorture.n_barrier_cbs=4 rcutorture.stat_interval=15 rcutorture.shutdown_secs=1800 rcutorture.test_no_idle_hz=1 rcutorture.verbose=1
[    0.000000] x86/fpu: x87 FPU will use FXSAVE
[    0.000000] BIOS-provided physical RAM map:
[    0.000000] BIOS-e820: [mem 0x0000000000000000-0x000000000009fbff] usable
[    0.000000] BIOS-e820: [mem 0x000000000009fc00-0x000000000009ffff] reserved
[    0.000000] BIOS-e820: [mem 0x00000000000f0000-0x00000000000fffff] reserved
[    0.000000] BIOS-e820: [mem 0x0000000000100000-0x000000001ffdefff] usable
[    0.000000] BIOS-e820: [mem 0x000000001ffdf000-0x000000001fffffff] reserved
[    0.000000] BIOS-e820: [mem 0x00000000b0000000-0x00000000bfffffff] reserved
[    0.000000] BIOS-e820: [mem 0x00000000fed1c000-0x00000000fed1ffff] reserved
[    0.000000] BIOS-e820: [mem 0x00000000feffc000-0x00000000feffffff] reserved
[    0.000000] BIOS-e820: [mem 0x00000000fffc0000-0x00000000ffffffff] reserved
[    0.000000] NX (Execute Disable) protection: active
[    0.000000] SMBIOS 2.8 present.
[    0.000000] DMI: QEMU Standard PC (Q35 + ICH9, 2009), BIOS 1.16.0-debian-1.16.0-4 04/01/2014
[    0.000000] Hypervisor detected: KVM
[    0.000000] kvm-clock: Using msrs 4b564d01 and 4b564d00
[    0.000000] kvm-clock: cpu 0, msr 1cea8001, primary cpu clock
[    0.000001] kvm-clock: using sched offset of 1072891356 cycles
[    0.000189] clocksource: kvm-clock: mask: 0xffffffffffffffff max_cycles: 0x1cd42e4dffb, max_idle_ns: 881590591483 ns
[    0.000312] tsc: Detected 1999.999 MHz processor
[    0.007462] e820: update [mem 0x00000000-0x00000fff] usable ==> reserved
[    0.007468] e820: remove [mem 0x000a0000-0x000fffff] usable
[    0.007476] last_pfn = 0x1ffdf max_arch_pfn = 0x400000000
[    0.008302] MTRR default type: write-back
[    0.008351] MTRR fixed ranges enabled:
[    0.008352]   00000-9FFFF write-back
[    0.008354]   A0000-BFFFF uncachable
[    0.008355]   C0000-FFFFF write-protect
[    0.008356] MTRR variable ranges enabled:
[    0.008358]   0 base 00C0000000 mask FFC0000000 uncachable
[    0.008359]   1 disabled
[    0.008360]   2 disabled
[    0.008360]   3 disabled
[    0.008361]   4 disabled
[    0.008362]   5 disabled
[    0.008362]   6 disabled
[    0.008401]   7 disabled
[    0.008695] x86/PAT: Configuration [0-7]: WB  WC  UC- UC  WB  WC  UC- UC  
[    0.017843] found SMP MP-table at [mem 0x000f5ba0-0x000f5baf]
[    0.020151] check: Scanning 1 areas for low memory corruption
[    0.027473] ACPI: Early table checksum verification disabled
[    0.029093] ACPI: RSDP 0x00000000000F59E0 000014 (v00 BOCHS )
[    0.029399] ACPI: RSDT 0x000000001FFE252A 000038 (v01 BOCHS  BXPC     00000001 BXPC 00000001)
[    0.029613] ACPI: FACP 0x000000001FFE22EA 0000F4 (v03 BOCHS  BXPC     00000001 BXPC 00000001)
[    0.029681] ACPI: DSDT 0x000000001FFE0040 0022AA (v01 BOCHS  BXPC     00000001 BXPC 00000001)
[    0.029687] ACPI: FACS 0x000000001FFE0000 000040
[    0.029691] ACPI: APIC 0x000000001FFE23DE 0000B0 (v01 BOCHS  BXPC     00000001 BXPC 00000001)
[    0.029695] ACPI: HPET 0x000000001FFE248E 000038 (v01 BOCHS  BXPC     00000001 BXPC 00000001)
[    0.029699] ACPI: MCFG 0x000000001FFE24C6 00003C (v01 BOCHS  BXPC     00000001 BXPC 00000001)
[    0.029703] ACPI: WAET 0x000000001FFE2502 000028 (v01 BOCHS  BXPC     00000001 BXPC 00000001)
[    0.029708] ACPI: Reserving FACP table memory at [mem 0x1ffe22ea-0x1ffe23dd]
[    0.029709] ACPI: Reserving DSDT table memory at [mem 0x1ffe0040-0x1ffe22e9]
[    0.029711] ACPI: Reserving FACS table memory at [mem 0x1ffe0000-0x1ffe003f]
[    0.029712] ACPI: Reserving APIC table memory at [mem 0x1ffe23de-0x1ffe248d]
[    0.029713] ACPI: Reserving HPET table memory at [mem 0x1ffe248e-0x1ffe24c5]
[    0.029714] ACPI: Reserving MCFG table memory at [mem 0x1ffe24c6-0x1ffe2501]
[    0.029715] ACPI: Reserving WAET table memory at [mem 0x1ffe2502-0x1ffe2529]
[    0.030348] ACPI: Local APIC address 0xfee00000
[    0.034489] No NUMA configuration found
[    0.034492] Faking a node at [mem 0x0000000000000000-0x000000001ffdefff]
[    0.034634] NODE_DATA(0) allocated [mem 0x1ffdb000-0x1ffdefff]
[    0.035364] Zone ranges:
[    0.035492]   DMA      [mem 0x0000000000001000-0x0000000000ffffff]
[    0.035543]   DMA32    [mem 0x0000000001000000-0x000000001ffdefff]
[    0.035545]   Normal   empty
[    0.035546] Movable zone start for each node
[    0.035547] Early memory node ranges
[    0.035588]   node   0: [mem 0x0000000000001000-0x000000000009efff]
[    0.035643]   node   0: [mem 0x0000000000100000-0x000000001ffdefff]
[    0.035688] Initmem setup node 0 [mem 0x0000000000001000-0x000000001ffdefff]
[    0.035690] On node 0 totalpages: 130941
[    0.035822]   DMA zone: 64 pages used for memmap
[    0.035823]   DMA zone: 21 pages reserved
[    0.035824]   DMA zone: 3998 pages, LIFO batch:0
[    0.035826]   DMA32 zone: 1984 pages used for memmap
[    0.035827]   DMA32 zone: 126943 pages, LIFO batch:31
[    0.042041] On node 0, zone DMA: 1 pages in unavailable ranges
[    0.045392] On node 0, zone DMA: 97 pages in unavailable ranges
[    0.171388] On node 0, zone DMA32: 33 pages in unavailable ranges
[    0.175089] ACPI: PM-Timer IO Port: 0x608
[    0.175094] ACPI: Local APIC address 0xfee00000
[    0.175573] ACPI: LAPIC_NMI (acpi_id[0xff] dfl dfl lint[0x1])
[    0.176714] IOAPIC[0]: apic_id 0, version 17, address 0xfec00000, GSI 0-23
[    0.176759] ACPI: INT_SRC_OVR (bus 0 bus_irq 0 global_irq 2 dfl dfl)
[    0.176828] ACPI: INT_SRC_OVR (bus 0 bus_irq 5 global_irq 5 high level)
[    0.176830] ACPI: INT_SRC_OVR (bus 0 bus_irq 9 global_irq 9 high level)
[    0.176967] ACPI: INT_SRC_OVR (bus 0 bus_irq 10 global_irq 10 high level)
[    0.176968] ACPI: INT_SRC_OVR (bus 0 bus_irq 11 global_irq 11 high level)
[    0.176970] ACPI: IRQ0 used by override.
[    0.176972] ACPI: IRQ5 used by override.
[    0.176973] ACPI: IRQ9 used by override.
[    0.176974] ACPI: IRQ10 used by override.
[    0.176974] ACPI: IRQ11 used by override.
[    0.176977] Using ACPI (MADT) for SMP configuration information
[    0.176979] ACPI: HPET id: 0x8086a201 base: 0xfed00000
[    0.177300] smpboot: Allowing 8 CPUs, 0 hotplug CPUs
[    0.178595] PM: hibernation: Registered nosave memory: [mem 0x00000000-0x00000fff]
[    0.178598] PM: hibernation: Registered nosave memory: [mem 0x0009f000-0x0009ffff]
[    0.178599] PM: hibernation: Registered nosave memory: [mem 0x000a0000-0x000effff]
[    0.178600] PM: hibernation: Registered nosave memory: [mem 0x000f0000-0x000fffff]
[    0.178602] [mem 0x20000000-0xafffffff] available for PCI devices
[    0.178694] Booting paravirtualized kernel on KVM
[    0.179160] clocksource: refined-jiffies: mask: 0xffffffff max_cycles: 0xffffffff, max_idle_ns: 1910969940391419 ns
[    0.192706] setup_percpu: NR_CPUS:8 nr_cpumask_bits:8 nr_cpu_ids:8 nr_node_ids:1
[    0.204057] percpu: Embedded 56 pages/cpu s191512 r8192 d29672 u262144
[    0.204112] pcpu-alloc: s191512 r8192 d29672 u262144 alloc=1*2097152
[    0.204167] pcpu-alloc: [0] 0 1 2 3 4 5 6 7 
[    0.204504] kvm-guest: stealtime: cpu 0, msr 1f41b600
[    0.204787] Built 1 zonelists, mobility grouping on.  Total pages: 128872
[    0.204789] Policy zone: DMA32
[    0.204872] Kernel command line: selinux=0 initcall_debug debug console=ttyS0 rcutree.rcu_fanout_leaf=4 nohz_full=1-7 rcutorture.onoff_interval=1000 rcutorture.onoff_holdoff=30 rcutorture.n_barrier_cbs=4 rcutorture.stat_interval=15 rcutorture.shutdown_secs=1800 rcutorture.test_no_idle_hz=1 rcutorture.verbose=1
[    0.214254] Dentry cache hash table entries: 65536 (order: 7, 524288 bytes, linear)
[    0.214296] Inode-cache hash table entries: 32768 (order: 6, 262144 bytes, linear)
[    0.215038] mem auto-init: stack:all(zero), heap alloc:off, heap free:off
[    0.223804] Memory: 479784K/523764K available (14349K kernel code, 2548K rwdata, 4708K rodata, 1504K init, 1480K bss, 43720K reserved, 0K cma-reserved)
[    0.225300] SLUB: HWalign=64, Order=0-3, MinObjects=0, CPUs=8, Nodes=1
[    0.225847] Kernel/User page tables isolation: enabled
[    0.244298] rcu: Hierarchical RCU implementation.
[    0.244301] rcu: 	RCU event tracing is enabled.
[    0.244303] rcu: 	CONFIG_RCU_FANOUT set to non-default value of 4.
[    0.244304] rcu: 	RCU dyntick-idle grace-period acceleration is enabled.
[    0.244305] rcu: 	Build-time adjustment of leaf fanout to 3.
[    0.244306] rcu: 	Boot-time adjustment of leaf fanout to 4.
[    0.244307] rcu: 	RCU debug extended QS entry/exit.
[    0.244357] 	Trampoline variant of Tasks RCU enabled.
[    0.244358] 	Rude variant of Tasks RCU enabled.
[    0.244359] 	Tracing variant of Tasks RCU enabled.
[    0.244503] rcu: RCU calculated value of scheduler-enlistment delay is 100 jiffies.
[    0.244504] rcu: Adjusting geometry for rcu_fanout_leaf=4, nr_cpu_ids=8
[    0.260002] NR_IRQS: 4352, nr_irqs: 488, preallocated irqs: 16
[    0.265572] NO_HZ: Full dynticks CPUs: 1-7.
[    0.265574] rcu: 	Offload RCU callbacks from CPUs: 1-7.
[    0.268129] calling  con_init+0x0/0x22a @ 0
[    0.464580] Console: colour VGA+ 80x25
[    0.464596] initcall con_init+0x0/0x22a returned 0 after 0 usecs
[    0.464600] calling  hvc_console_init+0x0/0x13 @ 0
[    0.464693] initcall hvc_console_init+0x0/0x13 returned 0 after 0 usecs
[    0.464696] calling  univ8250_console_init+0x0/0x26 @ 0
[    1.417462] printk: console [ttyS0] enabled
[    1.424566] initcall univ8250_console_init+0x0/0x26 returned 0 after 0 usecs
[    1.436959] ACPI: Core revision 20200925
[    1.461846] clocksource: hpet: mask: 0xffffffff max_cycles: 0xffffffff, max_idle_ns: 19112604467 ns
[    1.476879] APIC: Switch to symmetric I/O mode setup
[    1.520537] ..TIMER: vector=0x30 apic1=0 pin1=2 apic2=-1 pin2=-1
[    1.528137] clocksource: tsc-early: mask: 0xffffffffffffffff max_cycles: 0x39a85afc727, max_idle_ns: 881590685098 ns
[    1.540391] Calibrating delay loop (skipped) preset value.. 3999.99 BogoMIPS (lpj=1999999)
[    1.542079] pid_max: default: 32768 minimum: 301
[    1.545455] LSM: Security Framework initializing
[    1.548140] Mount-cache hash table entries: 1024 (order: 1, 8192 bytes, linear)
[    1.549066] Mountpoint-cache hash table entries: 1024 (order: 1, 8192 bytes, linear)
[    1.566700] Last level iTLB entries: 4KB 0, 2MB 0, 4MB 0
[    1.566957] Last level dTLB entries: 4KB 0, 2MB 0, 4MB 0, 1GB 0
[    1.568155] Spectre V1 : Mitigation: usercopy/swapgs barriers and __user pointer sanitization
[    1.569958] Spectre V2 : Mitigation: Retpolines
[    1.571955] Spectre V2 : Spectre v2 / SpectreRSB mitigation: Filling RSB on context switch
[    1.573956] Spectre V2 : Spectre v2 / SpectreRSB : Filling RSB on VMEXIT
[    1.574957] Speculative Store Bypass: Vulnerable
[    1.576015] MDS: Vulnerable: Clear CPU buffers attempted, no microcode
[    1.576956] MMIO Stale Data: Unknown: No mitigations
[    1.772477] Freeing SMP alternatives memory: 44K
[    1.872953] smpboot: CPU0: Intel Common KVM processor (family: 0xf, model: 0x6, stepping: 0x1)
[    1.882953] calling  init_hw_perf_events+0x0/0x6ce @ 1
[    1.884109] Performance Events: unsupported Netburst CPU model 6 no PMU driver, software events only.
[    1.885005] initcall init_hw_perf_events+0x0/0x6ce returned 0 after 976 usecs
[    1.885963] calling  init_real_mode+0x0/0x1e9 @ 1
[    1.888589] initcall init_real_mode+0x0/0x1e9 returned 0 after 976 usecs
[    1.888964] calling  trace_init_perf_perm_irq_work_exit+0x0/0x12 @ 1
[    1.889961] initcall trace_init_perf_perm_irq_work_exit+0x0/0x12 returned 0 after 0 usecs
[    1.891072] calling  validate_x2apic+0x0/0x4a @ 1
[    1.891994] initcall validate_x2apic+0x0/0x4a returned 0 after 0 usecs
[    1.892959] calling  register_nmi_cpu_backtrace_handler+0x0/0x15 @ 1
[    1.894045] initcall register_nmi_cpu_backtrace_handler+0x0/0x15 returned 0 after 0 usecs
[    1.894961] calling  kvm_setup_vsyscall_timeinfo+0x0/0xce @ 1
[    1.896002] initcall kvm_setup_vsyscall_timeinfo+0x0/0xce returned 0 after 0 usecs
[    1.896961] calling  spawn_ksoftirqd+0x0/0x38 @ 1
[    1.898346] initcall spawn_ksoftirqd+0x0/0x38 returned 0 after 0 usecs
[    1.898986] calling  migration_init+0x0/0x3c @ 1
[    1.899959] initcall migration_init+0x0/0x3c returned 0 after 0 usecs
[    1.900982] calling  srcu_bootup_announce+0x0/0x2f @ 1
[    1.901958] rcu: Hierarchical SRCU implementation.
[    1.903484] initcall srcu_bootup_announce+0x0/0x2f returned 0 after 976 usecs
[    1.903959] calling  rcu_spawn_gp_kthread+0x0/0x1dd @ 1
[    1.905980] initcall rcu_spawn_gp_kthread+0x0/0x1dd returned 0 after 976 usecs
[    1.906960] calling  check_cpu_stall_init+0x0/0x1a @ 1
[    1.907959] initcall check_cpu_stall_init+0x0/0x1a returned 0 after 0 usecs
[    1.908962] calling  rcu_sysrq_init+0x0/0x21 @ 1
[    1.909959] initcall rcu_sysrq_init+0x0/0x21 returned 0 after 0 usecs
[    1.910959] calling  trace_init_flags_sys_enter+0x0/0xe @ 1
[    1.912025] initcall trace_init_flags_sys_enter+0x0/0xe returned 0 after 0 usecs
[    1.912962] calling  trace_init_flags_sys_exit+0x0/0xe @ 1
[    1.913959] initcall trace_init_flags_sys_exit+0x0/0xe returned 0 after 0 usecs
[    1.914959] calling  cpu_stop_init+0x0/0x6e @ 1
[    1.916245] initcall cpu_stop_init+0x0/0x6e returned 0 after 0 usecs
[    1.917959] calling  init_kprobes+0x0/0x165 @ 1
[    1.921126] initcall init_kprobes+0x0/0x165 returned 0 after 1953 usecs
[    1.921960] calling  init_events+0x0/0x3d @ 1
[    1.923189] initcall init_events+0x0/0x3d returned 0 after 0 usecs
[    1.923959] calling  init_trace_printk+0x0/0xc @ 1
[    1.924959] initcall init_trace_printk+0x0/0xc returned 0 after 0 usecs
[    1.925960] calling  event_trace_enable_again+0x0/0x23 @ 1
[    1.927962] initcall event_trace_enable_again+0x0/0x23 returned 0 after 0 usecs
[    1.928961] calling  static_call_init+0x0/0x77 @ 1
[    1.929975] initcall static_call_init+0x0/0x77 returned 0 after 0 usecs
[    1.930959] calling  jump_label_init_module+0x0/0xc @ 1
[    1.931960] initcall jump_label_init_module+0x0/0xc returned 0 after 0 usecs
[    1.932959] calling  init_zero_pfn+0x0/0x37 @ 1
[    1.933991] initcall init_zero_pfn+0x0/0x37 returned 0 after 0 usecs
[    1.934974] calling  initialize_ptr_random+0x0/0x54 @ 1
[    1.936053] initcall initialize_ptr_random+0x0/0x54 returned 0 after 0 usecs
[    1.936985] calling  efi_memreserve_root_init+0x0/0x25 @ 1
[    1.938121] initcall efi_memreserve_root_init+0x0/0x25 returned 0 after 0 usecs
[    1.938961] calling  efi_earlycon_remap_fb+0x0/0x51 @ 1
[    1.939982] initcall efi_earlycon_remap_fb+0x0/0x51 returned 0 after 0 usecs
[    1.942260] smp: Bringing up secondary CPUs ...
[    1.945575] x86: Booting SMP configuration:
[    1.946002] .... node  #0, CPUs:      #1
[    1.271168] kvm-clock: cpu 1, msr 1cea8041, secondary cpu clock
[    1.971368] kvm-guest: stealtime: cpu 1, msr 1f45b600
[    1.984963]  #2
[    1.271168] kvm-clock: cpu 2, msr 1cea8081, secondary cpu clock
[    2.006260] kvm-guest: stealtime: cpu 2, msr 1f49b600
[    2.020764]  #3
[    1.271168] kvm-clock: cpu 3, msr 1cea80c1, secondary cpu clock
[    2.042313] kvm-guest: stealtime: cpu 3, msr 1f4db600
[    2.057961]  #4
[    1.271168] kvm-clock: cpu 4, msr 1cea8101, secondary cpu clock
[    2.079276] kvm-guest: stealtime: cpu 4, msr 1f51b600
[    2.093338]  #5
[    1.271168] kvm-clock: cpu 5, msr 1cea8141, secondary cpu clock
[    2.117355] kvm-guest: stealtime: cpu 5, msr 1f55b600
[    2.134756]  #6
[    1.271168] kvm-clock: cpu 6, msr 1cea8181, secondary cpu clock
[    2.157277] kvm-guest: stealtime: cpu 6, msr 1f59b600
[    2.171401]  #7
[    1.271168] kvm-clock: cpu 7, msr 1cea81c1, secondary cpu clock
[    2.199312] kvm-guest: stealtime: cpu 7, msr 1f5db600
[    2.213279] smp: Brought up 1 node, 8 CPUs
[    2.213958] smpboot: Max logical packages: 1
[    2.214957] smpboot: Total of 8 processors activated (31999.98 BogoMIPS)
[    2.232023] devtmpfs: initialized
[    2.237222] calling  ipc_ns_init+0x0/0x3d @ 1
[    2.238092] initcall ipc_ns_init+0x0/0x3d returned 0 after 0 usecs
[    2.238962] calling  init_mmap_min_addr+0x0/0x21 @ 1
[    2.239960] initcall init_mmap_min_addr+0x0/0x21 returned 0 after 0 usecs
[    2.240959] calling  pci_realloc_setup_params+0x0/0x3f @ 1
[    2.241959] initcall pci_realloc_setup_params+0x0/0x3f returned 0 after 0 usecs
[    2.242974] calling  net_ns_init+0x0/0x11c @ 1
[    2.245492] initcall net_ns_init+0x0/0x11c returned 0 after 976 usecs
[    2.245981] calling  e820__register_nvs_regions+0x0/0x37 @ 1
[    2.247031] initcall e820__register_nvs_regions+0x0/0x37 returned 0 after 0 usecs
[    2.247961] calling  cpufreq_register_tsc_scaling+0x0/0x2e @ 1
[    2.248974] initcall cpufreq_register_tsc_scaling+0x0/0x2e returned 0 after 0 usecs
[    2.249960] calling  reboot_init+0x0/0x3c @ 1
[    2.251109] initcall reboot_init+0x0/0x3c returned 0 after 0 usecs
[    2.251963] calling  init_lapic_sysfs+0x0/0x20 @ 1
[    2.252959] initcall init_lapic_sysfs+0x0/0x20 returned 0 after 0 usecs
[    2.253960] calling  alloc_frozen_cpus+0x0/0x7 @ 1
[    2.254959] initcall alloc_frozen_cpus+0x0/0x7 returned 0 after 0 usecs
[    2.255968] calling  cpu_hotplug_pm_sync_init+0x0/0x13 @ 1
[    2.256979] initcall cpu_hotplug_pm_sync_init+0x0/0x13 returned 0 after 0 usecs
[    2.257959] calling  wq_sysfs_init+0x0/0x2a @ 1
[    2.259055] initcall wq_sysfs_init+0x0/0x2a returned 0 after 0 usecs
[    2.259959] calling  ksysfs_init+0x0/0x92 @ 1
[    2.260967] initcall ksysfs_init+0x0/0x92 returned 0 after 0 usecs
[    2.261961] calling  schedutil_gov_init+0x0/0xc @ 1
[    2.264013] initcall schedutil_gov_init+0x0/0xc returned 0 after 976 usecs
[    2.265959] calling  pm_init+0x0/0x76 @ 1
[    2.267056] initcall pm_init+0x0/0x76 returned 0 after 0 usecs
[    2.267960] calling  pm_disk_init+0x0/0x13 @ 1
[    2.269976] initcall pm_disk_init+0x0/0x13 returned 0 after 976 usecs
[    2.270960] calling  swsusp_header_init+0x0/0x2b @ 1
[    2.271962] initcall swsusp_header_init+0x0/0x2b returned 0 after 0 usecs
[    2.272958] calling  rcu_set_runtime_mode+0x0/0x16 @ 1
[    2.273961] initcall rcu_set_runtime_mode+0x0/0x16 returned 0 after 0 usecs
[    2.274960] calling  init_jiffies_clocksource+0x0/0x13 @ 1
[    2.275974] clocksource: jiffies: mask: 0xffffffff max_cycles: 0xffffffff, max_idle_ns: 1911260446275000 ns
[    2.276963] initcall init_jiffies_clocksource+0x0/0x13 returned 0 after 976 usecs
[    2.277960] calling  futex_init+0x0/0xf7 @ 1
[    2.278998] futex hash table entries: 2048 (order: 5, 131072 bytes, linear)
[    2.281033] initcall futex_init+0x0/0xf7 returned 0 after 1953 usecs
[    2.281960] calling  cgroup_wq_init+0x0/0x28 @ 1
[    2.282987] initcall cgroup_wq_init+0x0/0x28 returned 0 after 0 usecs
[    2.283961] calling  cgroup1_wq_init+0x0/0x28 @ 1
[    2.284974] initcall cgroup1_wq_init+0x0/0x28 returned 0 after 0 usecs
[    2.285962] calling  init_kprobe_trace_early+0x0/0x2a @ 1
[    2.287043] initcall init_kprobe_trace_early+0x0/0x2a returned 0 after 0 usecs
[    2.287961] calling  fsnotify_init+0x0/0x48 @ 1
[    2.288990] initcall fsnotify_init+0x0/0x48 returned 0 after 0 usecs
[    2.289959] calling  filelock_init+0x0/0x96 @ 1
[    2.291000] initcall filelock_init+0x0/0x96 returned 0 after 0 usecs
[    2.291959] calling  init_misc_binfmt+0x0/0x2c @ 1
[    2.293072] initcall init_misc_binfmt+0x0/0x2c returned 0 after 0 usecs
[    2.293960] calling  init_script_binfmt+0x0/0x15 @ 1
[    2.294962] initcall init_script_binfmt+0x0/0x15 returned 0 after 0 usecs
[    2.295961] calling  init_elf_binfmt+0x0/0x15 @ 1
[    2.296962] initcall init_elf_binfmt+0x0/0x15 returned 0 after 0 usecs
[    2.297959] calling  init_compat_elf_binfmt+0x0/0x15 @ 1
[    2.298959] initcall init_compat_elf_binfmt+0x0/0x15 returned 0 after 0 usecs
[    2.299960] calling  debugfs_init+0x0/0x5c @ 1
[    2.301066] initcall debugfs_init+0x0/0x5c returned 0 after 0 usecs
[    2.301962] calling  tracefs_init+0x0/0x3a @ 1
[    2.303027] initcall tracefs_init+0x0/0x3a returned 0 after 0 usecs
[    2.303959] calling  prandom_init_early+0x0/0x15d @ 1
[    2.304983] initcall prandom_init_early+0x0/0x15d returned 0 after 0 usecs
[    2.306112] calling  virtio_init+0x0/0x20 @ 1
[    2.307101] initcall virtio_init+0x0/0x20 returned 0 after 0 usecs
[    2.307960] calling  iommu_init+0x0/0x2a @ 1
[    2.309048] initcall iommu_init+0x0/0x2a returned 0 after 0 usecs
[    2.309958] calling  component_debug_init+0x0/0x1c @ 1
[    2.311096] initcall component_debug_init+0x0/0x1c returned 0 after 0 usecs
[    2.311957] calling  early_resume_init+0x0/0xb9 @ 1
[    2.313552] PM: RTC time: 05:41:50, date: 2022-12-13
[    2.313960] initcall early_resume_init+0x0/0xb9 returned 0 after 976 usecs
[    2.314959] calling  cpufreq_core_init+0x0/0x62 @ 1
[    2.316009] initcall cpufreq_core_init+0x0/0x62 returned 0 after 0 usecs
[    2.316960] calling  cpufreq_gov_performance_init+0x0/0xc @ 1
[    2.317977] initcall cpufreq_gov_performance_init+0x0/0xc returned 0 after 0 usecs
[    2.318959] calling  cpufreq_gov_userspace_init+0x0/0xc @ 1
[    2.319963] initcall cpufreq_gov_userspace_init+0x0/0xc returned 0 after 0 usecs
[    2.320959] calling  CPU_FREQ_GOV_ONDEMAND_init+0x0/0xc @ 1
[    2.321989] initcall CPU_FREQ_GOV_ONDEMAND_init+0x0/0xc returned 0 after 0 usecs
[    2.323959] calling  cpuidle_init+0x0/0x1f @ 1
[    2.325959] initcall cpuidle_init+0x0/0x1f returned 0 after 976 usecs
[    2.327959] calling  capsule_reboot_register+0x0/0xc @ 1
[    2.329079] initcall capsule_reboot_register+0x0/0xc returned 0 after 0 usecs
[    2.329959] calling  sock_init+0x0/0x93 @ 1
[    2.332874] initcall sock_init+0x0/0x93 returned 0 after 976 usecs
[    2.332959] calling  net_inuse_init+0x0/0x23 @ 1
[    2.334032] initcall net_inuse_init+0x0/0x23 returned 0 after 0 usecs
[    2.334960] calling  net_defaults_init+0x0/0x23 @ 1
[    2.335960] initcall net_defaults_init+0x0/0x23 returned 0 after 0 usecs
[    2.336959] calling  init_default_flow_dissectors+0x0/0x4f @ 1
[    2.337973] initcall init_default_flow_dissectors+0x0/0x4f returned 0 after 0 usecs
[    2.338958] calling  netpoll_init+0x0/0x26 @ 1
[    2.339959] initcall netpoll_init+0x0/0x26 returned 0 after 0 usecs
[    2.340958] calling  netlink_proto_init+0x0/0x14f @ 1
[    2.342269] NET: Registered protocol family 16
[    2.343164] initcall netlink_proto_init+0x0/0x14f returned 0 after 976 usecs
[    2.343958] calling  genl_init+0x0/0x35 @ 1
[    2.345054] initcall genl_init+0x0/0x35 returned 0 after 0 usecs
[    2.345959] calling  bsp_pm_check_init+0x0/0x13 @ 1
[    2.346980] initcall bsp_pm_check_init+0x0/0x13 returned 0 after 0 usecs
[    2.347979] calling  irq_sysfs_init+0x0/0xb7 @ 1
[    2.349283] initcall irq_sysfs_init+0x0/0xb7 returned 0 after 0 usecs
[    2.349959] calling  audit_init+0x0/0x160 @ 1
[    2.350962] audit: initializing netlink subsys (disabled)
[    2.352240] initcall audit_init+0x0/0x160 returned 0 after 976 usecs
[    2.352959] calling  release_early_probes+0x0/0x32 @ 1
[    2.353958] initcall release_early_probes+0x0/0x32 returned 0 after 0 usecs
[    2.354959] calling  bdi_class_init+0x0/0x48 @ 1
[    2.355980] initcall bdi_class_init+0x0/0x48 returned 0 after 0 usecs
[    2.356960] calling  mm_sysfs_init+0x0/0x28 @ 1
[    2.357962] initcall mm_sysfs_init+0x0/0x28 returned 0 after 0 usecs
[    2.358959] calling  init_per_zone_wmark_min+0x0/0x6d @ 1
[    2.359983] initcall init_per_zone_wmark_min+0x0/0x6d returned 0 after 0 usecs
[    2.360958] calling  mpi_init+0x0/0x3e @ 1
[    2.361978] initcall mpi_init+0x0/0x3e returned 0 after 0 usecs
[    2.362958] calling  kobject_uevent_init+0x0/0xc @ 1
[    2.363966] initcall kobject_uevent_init+0x0/0xc returned 0 after 0 usecs
[    2.365957] calling  pcibus_class_init+0x0/0x13 @ 1
[    2.367192] initcall pcibus_class_init+0x0/0x13 returned 0 after 0 usecs
[    2.367959] calling  pci_driver_init+0x0/0x21 @ 1
[    2.369040] initcall pci_driver_init+0x0/0x21 returned 0 after 0 usecs
[    2.369959] calling  backlight_class_init+0x0/0xa8 @ 1
[    2.370983] initcall backlight_class_init+0x0/0xa8 returned 0 after 0 usecs
[    2.371960] calling  tty_class_init+0x0/0x33 @ 1
[    2.373006] initcall tty_class_init+0x0/0x33 returned 0 after 0 usecs
[    2.373959] calling  vtconsole_class_init+0x0/0xb5 @ 1
[    2.375039] initcall vtconsole_class_init+0x0/0xb5 returned 0 after 0 usecs
[    2.375959] calling  iommu_dev_init+0x0/0x13 @ 1
[    2.376991] initcall iommu_dev_init+0x0/0x13 returned 0 after 0 usecs
[    2.377958] calling  mipi_dsi_bus_init+0x0/0xc @ 1
[    2.379003] initcall mipi_dsi_bus_init+0x0/0xc returned 0 after 0 usecs
[    2.379963] calling  devlink_class_init+0x0/0x40 @ 1
[    2.380965] initcall devlink_class_init+0x0/0x40 returned 0 after 0 usecs
[    2.381958] calling  software_node_init+0x0/0x2a @ 1
[    2.382961] initcall software_node_init+0x0/0x2a returned 0 after 0 usecs
[    2.383960] calling  wakeup_sources_debugfs_init+0x0/0x23 @ 1
[    2.384970] initcall wakeup_sources_debugfs_init+0x0/0x23 returned 0 after 0 usecs
[    2.385962] calling  wakeup_sources_sysfs_init+0x0/0x2c @ 1
[    2.386965] initcall wakeup_sources_sysfs_init+0x0/0x2c returned 0 after 0 usecs
[    2.387958] calling  register_node_type+0x0/0x13 @ 1
[    2.388998] initcall register_node_type+0x0/0x13 returned 0 after 0 usecs
[    2.390957] calling  regmap_initcall+0x0/0xc @ 1
[    2.391986] initcall regmap_initcall+0x0/0xc returned 0 after 0 usecs
[    2.392960] calling  i2c_init+0x0/0xb3 @ 1
[    2.394144] initcall i2c_init+0x0/0xb3 returned 0 after 0 usecs
[    2.395960] calling  thermal_init+0x0/0xf2 @ 1
[    2.397056] thermal_sys: Registered thermal governor 'step_wise'
[    2.397057] thermal_sys: Registered thermal governor 'user_space'
[    2.397967] initcall thermal_init+0x0/0xf2 returned 0 after 976 usecs
[    2.399959] calling  init_menu+0x0/0xc @ 1
[    2.402005] audit: type=2000 audit(1670910109.091:1): state=initialized audit_enabled=0 res=1
[    2.403070] cpuidle: using governor menu
[    2.407963] initcall init_menu+0x0/0xc returned 0 after 6835 usecs
[    2.414960] calling  pcc_init+0x0/0x4d @ 1
[    2.419988] initcall pcc_init+0x0/0x4d returned -19 after 0 usecs
[    2.426961] calling  amd_postcore_init+0x0/0x11e @ 1
[    2.432959] initcall amd_postcore_init+0x0/0x11e returned 0 after 0 usecs
[    2.440982] calling  bts_init+0x0/0xba @ 1
[    2.444991] initcall bts_init+0x0/0xba returned -19 after 0 usecs
[    2.451961] calling  pt_init+0x0/0x341 @ 1
[    2.456961] initcall pt_init+0x0/0x341 returned -19 after 0 usecs
[    2.464962] calling  boot_params_ksysfs_init+0x0/0x2ee @ 1
[    2.473173] initcall boot_params_ksysfs_init+0x0/0x2ee returned 0 after 0 usecs
[    2.483962] calling  sbf_init+0x0/0xea @ 1
[    2.489963] initcall sbf_init+0x0/0xea returned 0 after 0 usecs
[    2.498961] calling  arch_kdebugfs_init+0x0/0x219 @ 1
[    2.505089] initcall arch_kdebugfs_init+0x0/0x219 returned 0 after 0 usecs
[    2.512978] calling  intel_pconfig_init+0x0/0x85 @ 1
[    2.518987] initcall intel_pconfig_init+0x0/0x85 returned 0 after 0 usecs
[    2.526962] calling  mtrr_if_init+0x0/0x5d @ 1
[    2.531993] initcall mtrr_if_init+0x0/0x5d returned 0 after 0 usecs
[    2.538987] calling  activate_jump_labels+0x0/0x31 @ 1
[    2.544990] initcall activate_jump_labels+0x0/0x31 returned 0 after 0 usecs
[    2.552960] calling  ffh_cstate_init+0x0/0x29 @ 1
[    2.558966] initcall ffh_cstate_init+0x0/0x29 returned 0 after 0 usecs
[    2.566960] calling  activate_jump_labels+0x0/0x31 @ 1
[    2.572566] initcall activate_jump_labels+0x0/0x31 returned 0 after 976 usecs
[    2.580959] calling  kvm_alloc_cpumask+0x0/0x74 @ 1
[    2.588020] initcall kvm_alloc_cpumask+0x0/0x74 returned 0 after 0 usecs
[    2.597962] calling  kcmp_cookies_init+0x0/0x37 @ 1
[    2.604973] initcall kcmp_cookies_init+0x0/0x37 returned 0 after 0 usecs
[    2.614964] calling  cryptomgr_init+0x0/0xc @ 1
[    2.622142] initcall cryptomgr_init+0x0/0xc returned 0 after 0 usecs
[    2.630963] calling  acpi_pci_init+0x0/0x57 @ 1
[    2.637961] ACPI: bus type PCI registered
[    2.643964] initcall acpi_pci_init+0x0/0x57 returned 0 after 5859 usecs
[    2.651962] calling  dma_channel_table_init+0x0/0xd1 @ 1
[    2.658974] initcall dma_channel_table_init+0x0/0xd1 returned 0 after 0 usecs
[    2.667962] calling  dma_bus_init+0x0/0xdc @ 1
[    2.675484] initcall dma_bus_init+0x0/0xdc returned 0 after 976 usecs
[    2.685029] calling  iommu_dma_init+0x0/0x10 @ 1
[    2.692970] initcall iommu_dma_init+0x0/0x10 returned 0 after 0 usecs
[    2.700961] calling  dmi_id_init+0x0/0x37c @ 1
[    2.706055] initcall dmi_id_init+0x0/0x37c returned 0 after 0 usecs
[    2.713960] calling  pci_arch_init+0x0/0x71 @ 1
[    2.719261] PCI: MMCONFIG for domain 0000 [bus 00-ff] at [mem 0xb0000000-0xbfffffff] (base 0xb0000000)
[    2.727962] PCI: MMCONFIG at [mem 0xb0000000-0xbfffffff] reserved in E820
[    2.736029] PCI: Using configuration type 1 for base access
[    2.743000] initcall pci_arch_init+0x0/0x71 returned 0 after 23437 usecs
[    2.750986] calling  init_vdso+0x0/0x13 @ 1
[    2.756062] initcall init_vdso+0x0/0x13 returned 0 after 0 usecs
[    2.763965] calling  sysenter_setup+0x0/0x13 @ 1
[    2.770003] initcall sysenter_setup+0x0/0x13 returned 0 after 0 usecs
[    2.777965] calling  fixup_ht_bug+0x0/0xe5 @ 1
[    2.782969] initcall fixup_ht_bug+0x0/0xe5 returned 0 after 0 usecs
[    2.789960] calling  topology_init+0x0/0x88 @ 1
[    2.796193] initcall topology_init+0x0/0x88 returned 0 after 0 usecs
[    2.802960] calling  intel_epb_init+0x0/0x68 @ 1
[    2.808959] initcall intel_epb_init+0x0/0x68 returned -19 after 0 usecs
[    2.816962] calling  mtrr_init_finialize+0x0/0x3e @ 1
[    2.825029] initcall mtrr_init_finialize+0x0/0x3e returned 0 after 0 usecs
[    2.834963] calling  uid_cache_init+0x0/0x81 @ 1
[    2.842973] initcall uid_cache_init+0x0/0x81 returned 0 after 0 usecs
[    2.850976] calling  param_sysfs_init+0x0/0x1ba @ 1
[    2.859786] initcall param_sysfs_init+0x0/0x1ba returned 0 after 2929 usecs
[    2.868962] calling  user_namespace_sysctl_init+0x0/0x33 @ 1
[    2.877014] initcall user_namespace_sysctl_init+0x0/0x33 returned 0 after 0 usecs
[    2.888969] calling  proc_schedstat_init+0x0/0x24 @ 1
[    2.895969] initcall proc_schedstat_init+0x0/0x24 returned 0 after 0 usecs
[    2.905962] calling  pm_sysrq_init+0x0/0x18 @ 1
[    2.916102] initcall pm_sysrq_init+0x0/0x18 returned 0 after 2929 usecs
[    2.917048] calling  create_proc_profile+0x0/0xd0 @ 1
[    2.917968] initcall create_proc_profile+0x0/0xd0 returned 0 after 0 usecs
[    2.918963] calling  time_ns_init+0x0/0x7 @ 1
[    2.919961] initcall time_ns_init+0x0/0x7 returned 0 after 0 usecs
[    2.920962] calling  crash_save_vmcoreinfo_init+0x0/0x722 @ 1
[    2.922120] initcall crash_save_vmcoreinfo_init+0x0/0x722 returned 0 after 0 usecs
[    2.922959] calling  crash_notes_memory_init+0x0/0x35 @ 1
[    2.923965] initcall crash_notes_memory_init+0x0/0x35 returned 0 after 0 usecs
[    2.924959] calling  cgroup_sysfs_init+0x0/0x13 @ 1
[    2.925968] initcall cgroup_sysfs_init+0x0/0x13 returned 0 after 0 usecs
[    2.926960] calling  cgroup_namespaces_init+0x0/0x7 @ 1
[    2.927960] initcall cgroup_namespaces_init+0x0/0x7 returned 0 after 0 usecs
[    2.928960] calling  init_optprobes+0x0/0x13 @ 1
[    2.929978] Kprobes globally optimized
[    2.930960] initcall init_optprobes+0x0/0x13 returned 0 after 976 usecs
[    2.931959] calling  oom_init+0x0/0x2f @ 1
[    2.934120] initcall oom_init+0x0/0x2f returned 0 after 976 usecs
[    2.934961] calling  default_bdi_init+0x0/0xb3 @ 1
[    2.936297] initcall default_bdi_init+0x0/0xb3 returned 0 after 0 usecs
[    2.936989] calling  percpu_enable_async+0x0/0xe @ 1
[    2.937959] initcall percpu_enable_async+0x0/0xe returned 0 after 0 usecs
[    2.938959] calling  kcompactd_init+0x0/0x8d @ 1
[    2.940204] initcall kcompactd_init+0x0/0x8d returned 0 after 0 usecs
[    2.941011] calling  init_user_reserve+0x0/0x40 @ 1
[    2.941987] initcall init_user_reserve+0x0/0x40 returned 0 after 0 usecs
[    2.942961] calling  init_admin_reserve+0x0/0x40 @ 1
[    2.943959] initcall init_admin_reserve+0x0/0x40 returned 0 after 0 usecs
[    2.944960] calling  init_reserve_notifier+0x0/0x7 @ 1
[    2.945960] initcall init_reserve_notifier+0x0/0x7 returned 0 after 0 usecs
[    2.946960] calling  swap_init_sysfs+0x0/0x62 @ 1
[    2.947988] initcall swap_init_sysfs+0x0/0x62 returned 0 after 0 usecs
[    2.948958] calling  swapfile_init+0x0/0x94 @ 1
[    2.949959] initcall swapfile_init+0x0/0x94 returned 0 after 0 usecs
[    2.950958] calling  hugetlb_init+0x0/0x496 @ 1
[    2.952012] HugeTLB registered 2.00 MiB page size, pre-allocated 0 pages
[    2.953019] initcall hugetlb_init+0x0/0x496 returned 0 after 976 usecs
[    2.953959] calling  io_wq_init+0x0/0x34 @ 1
[    2.954959] initcall io_wq_init+0x0/0x34 returned 0 after 0 usecs
[    2.955960] calling  seqiv_module_init+0x0/0xc @ 1
[    2.956975] initcall seqiv_module_init+0x0/0xc returned 0 after 0 usecs
[    2.957960] calling  echainiv_module_init+0x0/0xc @ 1
[    2.958960] initcall echainiv_module_init+0x0/0xc returned 0 after 0 usecs
[    2.960023] calling  rsa_init+0x0/0x50 @ 1
[    2.961542] cryptomgr_test (70) used greatest stack depth: 15504 bytes left
[    2.961987] initcall rsa_init+0x0/0x50 returned 0 after 976 usecs
[    2.962961] calling  crypto_cmac_module_init+0x0/0xc @ 1
[    2.963959] initcall crypto_cmac_module_init+0x0/0xc returned 0 after 0 usecs
[    2.964959] calling  hmac_module_init+0x0/0xc @ 1
[    2.965962] initcall hmac_module_init+0x0/0xc returned 0 after 0 usecs
[    2.966960] calling  crypto_null_mod_init+0x0/0x65 @ 1
[    2.968097] initcall crypto_null_mod_init+0x0/0x65 returned 0 after 0 usecs
[    2.968961] calling  md5_mod_init+0x0/0xc @ 1
[    2.971151] initcall md5_mod_init+0x0/0xc returned 0 after 976 usecs
[    2.971967] calling  sha256_generic_mod_init+0x0/0x11 @ 1
[    2.973069] initcall sha256_generic_mod_init+0x0/0x11 returned 0 after 0 usecs
[    2.973971] calling  crypto_cbc_module_init+0x0/0xc @ 1
[    2.974962] initcall crypto_cbc_module_init+0x0/0xc returned 0 after 0 usecs
[    2.975963] calling  crypto_ctr_module_init+0x0/0x11 @ 1
[    2.976966] initcall crypto_ctr_module_init+0x0/0x11 returned 0 after 0 usecs
[    2.977960] calling  crypto_gcm_module_init+0x0/0x64 @ 1
[    2.978983] initcall crypto_gcm_module_init+0x0/0x64 returned 0 after 0 usecs
[    2.979963] calling  crypto_ccm_module_init+0x0/0x11 @ 1
[    2.980962] initcall crypto_ccm_module_init+0x0/0x11 returned 0 after 0 usecs
[    2.981959] calling  aes_init+0x0/0xc @ 1
[    2.983255] initcall aes_init+0x0/0xc returned 0 after 0 usecs
[    2.983970] calling  crc32c_mod_init+0x0/0xc @ 1
[    2.985001] initcall crc32c_mod_init+0x0/0xc returned 0 after 0 usecs
[    2.985960] calling  crypto_authenc_module_init+0x0/0xc @ 1
[    2.986964] initcall crypto_authenc_module_init+0x0/0xc returned 0 after 0 usecs
[    2.987961] calling  crypto_authenc_esn_module_init+0x0/0xc @ 1
[    2.988961] initcall crypto_authenc_esn_module_init+0x0/0xc returned 0 after 0 usecs
[    2.989976] calling  drbg_init+0x0/0x7c @ 1
[    2.991182] initcall drbg_init+0x0/0x7c returned 0 after 0 usecs
[    2.991991] calling  ghash_mod_init+0x0/0xc @ 1
[    2.993013] initcall ghash_mod_init+0x0/0xc returned 0 after 0 usecs
[    2.993959] calling  init_bio+0x0/0x9a @ 1
[    2.995180] initcall init_bio+0x0/0x9a returned 0 after 0 usecs
[    2.995960] calling  blk_settings_init+0x0/0x29 @ 1
[    2.996959] initcall blk_settings_init+0x0/0x29 returned 0 after 0 usecs
[    2.997960] calling  blk_ioc_init+0x0/0x29 @ 1
[    2.998983] initcall blk_ioc_init+0x0/0x29 returned 0 after 0 usecs
[    2.999960] calling  blk_mq_init+0x0/0xb9 @ 1
[    3.000961] initcall blk_mq_init+0x0/0xb9 returned 0 after 0 usecs
[    3.001960] calling  genhd_device_init+0x0/0x75 @ 1
[    3.003199] initcall genhd_device_init+0x0/0x75 returned 0 after 0 usecs
[    3.004075] calling  pci_slot_init+0x0/0x40 @ 1
[    3.004971] initcall pci_slot_init+0x0/0x40 returned 0 after 0 usecs
[    3.005963] calling  fbmem_init+0x0/0xd8 @ 1
[    3.007109] initcall fbmem_init+0x0/0xd8 returned 0 after 0 usecs
[    3.007961] calling  acpi_init+0x0/0x319 @ 1
[    3.009052] ACPI: Added _OSI(Module Device)
[    3.009957] ACPI: Added _OSI(Processor Device)
[    3.010957] ACPI: Added _OSI(3.0 _SCP Extensions)
[    3.011958] ACPI: Added _OSI(Processor Aggregator Device)
[    3.012961] ACPI: Added _OSI(Linux-Dell-Video)
[    3.013960] ACPI: Added _OSI(Linux-Lenovo-NV-HDMI-Audio)
[    3.014959] ACPI: Added _OSI(Linux-HPI-Hybrid-Graphics)
[    3.018191] ACPI: 1 ACPI AML tables successfully acquired and loaded
[    3.023978] ACPI: Interpreter enabled
[    3.025131] ACPI: (supports S0 S3 S4 S5)
[    3.025960] ACPI: Using IOAPIC for interrupt routing
[    3.027037] PCI: Using host bridge windows from ACPI; if necessary, use "pci=nocrs" and report a bug
[    3.028351] ACPI: Enabled 2 GPEs in block 00 to 3F
[    3.037014] ACPI: PCI Root Bridge [PCI0] (domain 0000 [bus 00-ff])
[    3.037987] acpi PNP0A08:00: _OSC: OS supports [ExtendedConfig ASPM ClockPM Segments MSI HPX-Type3]
[    3.039062] acpi PNP0A08:00: _OSC: platform does not support [LTR]
[    3.040030] acpi PNP0A08:00: _OSC: OS now controls [PME PCIeCapability]
[    3.042068] PCI host bridge to bus 0000:00
[    3.042973] pci_bus 0000:00: root bus resource [io  0x0000-0x0cf7 window]
[    3.043962] pci_bus 0000:00: root bus resource [io  0x0d00-0xffff window]
[    3.044959] pci_bus 0000:00: root bus resource [mem 0x000a0000-0x000bffff window]
[    3.045960] pci_bus 0000:00: root bus resource [mem 0x20000000-0xafffffff window]
[    3.046959] pci_bus 0000:00: root bus resource [mem 0xc0000000-0xfebfffff window]
[    3.047960] pci_bus 0000:00: root bus resource [mem 0x100000000-0x8ffffffff window]
[    3.048962] pci_bus 0000:00: root bus resource [bus 00-ff]
[    3.051022] pci 0000:00:00.0: calling  quirk_mmio_always_on+0x0/0x10 @ 1
[    3.051964] pci 0000:00:00.0: quirk_mmio_always_on+0x0/0x10 took 0 usecs
[    3.052975] pci 0000:00:00.0: [8086:29c0] type 00 class 0x060000
[    3.057331] pci 0000:00:00.0: calling  quirk_igfx_skip_te_disable+0x0/0x80 @ 1
[    3.057964] pci 0000:00:00.0: quirk_igfx_skip_te_disable+0x0/0x80 took 0 usecs
[    3.060775] pci 0000:00:01.0: [1234:1111] type 00 class 0x030000
[    3.067266] pci 0000:00:01.0: reg 0x10: [mem 0xfd000000-0xfdffffff pref]
[    3.077597] pci 0000:00:01.0: reg 0x18: [mem 0xfebf0000-0xfebf0fff]
[    3.099790] pci 0000:00:01.0: reg 0x30: [mem 0xfebe0000-0xfebeffff pref]
[    3.101953] pci 0000:00:01.0: calling  efifb_fixup_resources+0x0/0xf0 @ 1
[    3.102993] pci 0000:00:01.0: efifb_fixup_resources+0x0/0xf0 took 0 usecs
[    3.111520] pci 0000:00:1f.0: [8086:2918] type 00 class 0x060100
[    3.118711] pci 0000:00:1f.0: calling  quirk_ich7_lpc+0x0/0x60 @ 1
[    3.119236] pci 0000:00:1f.0: quirk: [io  0x0600-0x067f] claimed by ICH6 ACPI/GPIO/TCO
[    3.120380] pci 0000:00:1f.0: quirk_ich7_lpc+0x0/0x60 took 976 usecs
[    3.121075] pci 0000:00:1f.0: calling  quirk_igfx_skip_te_disable+0x0/0x80 @ 1
[    3.122024] pci 0000:00:1f.0: quirk_igfx_skip_te_disable+0x0/0x80 took 0 usecs
[    3.125470] pci 0000:00:1f.2: [8086:2922] type 00 class 0x010601
[    3.135635] pci 0000:00:1f.2: reg 0x20: [io  0xc040-0xc05f]
[    3.137959] pci 0000:00:1f.2: reg 0x24: [mem 0xfebf1000-0xfebf1fff]
[    3.140851] pci 0000:00:1f.2: calling  quirk_igfx_skip_te_disable+0x0/0x80 @ 1
[    3.140978] pci 0000:00:1f.2: quirk_igfx_skip_te_disable+0x0/0x80 took 0 usecs
[    3.145444] pci 0000:00:1f.3: [8086:2930] type 00 class 0x0c0500
[    3.151816] pci 0000:00:1f.3: reg 0x20: [io  0x0700-0x073f]
[    3.154154] pci 0000:00:1f.3: calling  quirk_igfx_skip_te_disable+0x0/0x80 @ 1
[    3.154999] pci 0000:00:1f.3: quirk_igfx_skip_te_disable+0x0/0x80 took 0 usecs
[    3.160414] ACPI: PCI Interrupt Link [LNKA] (IRQs 5 *10 11)
[    3.161473] ACPI: PCI Interrupt Link [LNKB] (IRQs 5 *10 11)
[    3.162391] ACPI: PCI Interrupt Link [LNKC] (IRQs 5 10 *11)
[    3.163360] ACPI: PCI Interrupt Link [LNKD] (IRQs 5 10 *11)
[    3.165194] ACPI: PCI Interrupt Link [LNKE] (IRQs 5 *10 11)
[    3.167234] ACPI: PCI Interrupt Link [LNKF] (IRQs 5 *10 11)
[    3.168387] ACPI: PCI Interrupt Link [LNKG] (IRQs 5 10 *11)
[    3.170098] ACPI: PCI Interrupt Link [LNKH] (IRQs 5 10 *11)
[    3.171172] ACPI: PCI Interrupt Link [GSIA] (IRQs *16)
[    3.171986] ACPI: PCI Interrupt Link [GSIB] (IRQs *17)
[    3.172970] ACPI: PCI Interrupt Link [GSIC] (IRQs *18)
[    3.173993] ACPI: PCI Interrupt Link [GSID] (IRQs *19)
[    3.174970] ACPI: PCI Interrupt Link [GSIE] (IRQs *20)
[    3.175986] ACPI: PCI Interrupt Link [GSIF] (IRQs *21)
[    3.176973] ACPI: PCI Interrupt Link [GSIG] (IRQs *22)
[    3.177985] ACPI: PCI Interrupt Link [GSIH] (IRQs *23)
[    3.181858] initcall acpi_init+0x0/0x319 returned 0 after 167968 usecs
[    3.182081] calling  pnp_init+0x0/0xc @ 1
[    3.183006] initcall pnp_init+0x0/0xc returned 0 after 0 usecs
[    3.183960] calling  misc_init+0x0/0xbf @ 1
[    3.186205] initcall misc_init+0x0/0xbf returned 0 after 976 usecs
[    3.186961] calling  iommu_subsys_init+0x0/0x4e @ 1
[    3.188078] iommu: Default domain type: Translated 
[    3.188961] initcall iommu_subsys_init+0x0/0x4e returned 0 after 976 usecs
[    3.189960] calling  vga_arb_device_init+0x0/0x261 @ 1
[    3.195440] pci 0000:00:01.0: vgaarb: setting as boot VGA device
[    3.195953] pci 0000:00:01.0: vgaarb: VGA device added: decodes=io+mem,owns=io+mem,locks=none
[    3.215963] pci 0000:00:01.0: vgaarb: bridge control possible
[    3.224958] vgaarb: loaded
[    3.228964] initcall vga_arb_device_init+0x0/0x261 returned 0 after 36132 usecs
[    3.240005] calling  cn_init+0x0/0xf0 @ 1
[    3.246288] initcall cn_init+0x0/0xf0 returned 0 after 976 usecs
[    3.255962] calling  dma_buf_init+0x0/0xad @ 1
[    3.262989] initcall dma_buf_init+0x0/0xad returned 0 after 0 usecs
[    3.272961] calling  init_scsi+0x0/0x79 @ 1
[    3.279764] SCSI subsystem initialized
[    3.285962] initcall init_scsi+0x0/0x79 returned 0 after 6835 usecs
[    3.295962] calling  ata_init+0x0/0x332 @ 1
[    3.304253] libata version 3.00 loaded.
[    3.309962] initcall ata_init+0x0/0x332 returned 0 after 7812 usecs
[    3.317961] calling  phy_init+0x0/0x250 @ 1
[    3.323283] initcall phy_init+0x0/0x250 returned 0 after 976 usecs
[    3.330963] calling  init_pcmcia_cs+0x0/0x35 @ 1
[    3.337046] initcall init_pcmcia_cs+0x0/0x35 returned 0 after 0 usecs
[    3.344961] calling  usb_common_init+0x0/0x1c @ 1
[    3.349981] initcall usb_common_init+0x0/0x1c returned 0 after 0 usecs
[    3.357959] calling  usb_init+0x0/0x12e @ 1
[    3.362990] ACPI: bus type USB registered
[    3.368540] usbcore: registered new interface driver usbfs
[    3.375037] usbcore: registered new interface driver hub
[    3.381971] usbcore: registered new device driver usb
[    3.387962] initcall usb_init+0x0/0x12e returned 0 after 24414 usecs
[    3.394961] calling  serio_init+0x0/0x29 @ 1
[    3.399985] initcall serio_init+0x0/0x29 returned 0 after 0 usecs
[    3.407989] calling  input_init+0x0/0xf6 @ 1
[    3.412990] initcall input_init+0x0/0xf6 returned 0 after 0 usecs
[    3.420959] calling  rtc_init+0x0/0x4d @ 1
[    3.425999] initcall rtc_init+0x0/0x4d returned 0 after 0 usecs
[    3.432959] calling  pps_init+0x0/0xa9 @ 1
[    3.437977] pps_core: LinuxPPS API ver. 1 registered
[    3.443956] pps_core: Software ver. 5.3.6 - Copyright 2005-2007 Rodolfo Giometti <giometti@linux.it>
[    3.454960] initcall pps_init+0x0/0xa9 returned 0 after 16601 usecs
[    3.461958] calling  ptp_init+0x0/0x98 @ 1
[    3.466968] PTP clock support registered
[    3.471960] initcall ptp_init+0x0/0x98 returned 0 after 4882 usecs
[    3.480963] calling  power_supply_class_init+0x0/0x3f @ 1
[    3.489052] initcall power_supply_class_init+0x0/0x3f returned 0 after 0 usecs
[    3.499962] calling  hwmon_init+0x0/0x104 @ 1
[    3.506022] initcall hwmon_init+0x0/0x104 returned 0 after 0 usecs
[    3.512959] calling  md_init+0x0/0x16b @ 1
[    3.519288] initcall md_init+0x0/0x16b returned 0 after 976 usecs
[    3.523961] calling  leds_init+0x0/0x3b @ 1
[    3.530342] initcall leds_init+0x0/0x3b returned 0 after 976 usecs
[    3.536962] calling  dmi_init+0x0/0x113 @ 1
[    3.543116] initcall dmi_init+0x0/0x113 returned 0 after 0 usecs
[    3.549961] calling  efisubsys_init+0x0/0x4e7 @ 1
[    3.556959] initcall efisubsys_init+0x0/0x4e7 returned 0 after 0 usecs
[    3.564953] calling  nvmem_init+0x0/0xc @ 1
[    3.570231] initcall nvmem_init+0x0/0xc returned 0 after 0 usecs
[    3.577960] calling  init_soundcore+0x0/0x33 @ 1
[    3.584279] initcall init_soundcore+0x0/0x33 returned 0 after 0 usecs
[    3.590961] calling  alsa_sound_init+0x0/0x8f @ 1
[    3.599957] Advanced Linux Sound Architecture Driver Initialized.
[    3.606982] initcall alsa_sound_init+0x0/0x8f returned 0 after 8789 usecs
[    3.616953] calling  alsa_seq_device_init+0x0/0x71 @ 1
[    3.622188] initcall alsa_seq_device_init+0x0/0x71 returned 0 after 0 usecs
[    3.628960] calling  hda_bus_init+0x0/0xc @ 1
[    3.635133] initcall hda_bus_init+0x0/0xc returned 0 after 0 usecs
[    3.642960] calling  proto_init+0x0/0xc @ 1
[    3.647143] initcall proto_init+0x0/0xc returned 0 after 0 usecs
[    3.652961] calling  net_dev_init+0x0/0x209 @ 1
[    3.671331] initcall net_dev_init+0x0/0x209 returned 0 after 11718 usecs
[    3.677963] calling  neigh_init+0x0/0x84 @ 1
[    3.681965] initcall neigh_init+0x0/0x84 returned 0 after 0 usecs
[    3.687962] calling  fib_notifier_init+0x0/0xc @ 1
[    3.691192] initcall fib_notifier_init+0x0/0xc returned 0 after 0 usecs
[    3.699961] calling  fib_rules_init+0x0/0xab @ 1
[    3.702959] initcall fib_rules_init+0x0/0xab returned 0 after 0 usecs
[    3.710960] calling  pktsched_init+0x0/0x10e @ 1
[    3.716519] initcall pktsched_init+0x0/0x10e returned 0 after 0 usecs
[    3.723960] calling  tc_filter_init+0x0/0xfa @ 1
[    3.732255] initcall tc_filter_init+0x0/0xfa returned 0 after 0 usecs
[    3.739961] calling  tc_action_init+0x0/0x54 @ 1
[    3.747963] initcall tc_action_init+0x0/0x54 returned 0 after 0 usecs
[    3.757960] calling  ethnl_init+0x0/0x52 @ 1
[    3.764963] initcall ethnl_init+0x0/0x52 returned 0 after 976 usecs
[    3.774962] calling  nexthop_init+0x0/0xd8 @ 1
[    3.782332] initcall nexthop_init+0x0/0xd8 returned 0 after 0 usecs
[    3.790960] calling  cipso_v4_init+0x0/0x5d @ 1
[    3.796098] initcall cipso_v4_init+0x0/0x5d returned 0 after 0 usecs
[    3.803960] calling  ieee80211_init+0x0/0x24 @ 1
[    3.810090] initcall ieee80211_init+0x0/0x24 returned 0 after 976 usecs
[    3.818964] calling  netlbl_init+0x0/0x78 @ 1
[    3.825044] NetLabel: Initializing
[    3.827957] NetLabel:  domain hash size = 128
[    3.833956] NetLabel:  protocols = UNLABELED CIPSOv4 CALIPSO
[    3.842084] NetLabel:  unlabeled traffic allowed by default
[    3.848963] initcall netlbl_init+0x0/0x78 returned 0 after 23437 usecs
[    3.856964] calling  rfkill_init+0x0/0x111 @ 1
[    3.863262] initcall rfkill_init+0x0/0x111 returned 0 after 976 usecs
[    3.870963] calling  pci_subsys_init+0x0/0x66 @ 1
[    3.876999] PCI: Using ACPI for IRQ routing
[    4.628217] PCI: pci_cache_line_size set to 64 bytes
[    4.633613] e820: reserve RAM buffer [mem 0x0009fc00-0x0009ffff]
[    4.640195] e820: reserve RAM buffer [mem 0x1ffdf000-0x1fffffff]
[    4.647249] initcall pci_subsys_init+0x0/0x66 returned 0 after 752929 usecs
[    4.670953] calling  nmi_warning_debugfs+0x0/0x26 @ 1
[    4.676975] initcall nmi_warning_debugfs+0x0/0x26 returned 0 after 0 usecs
[    4.681963] calling  save_microcode_in_initrd+0x0/0x51 @ 1
[    4.688960] initcall save_microcode_in_initrd+0x0/0x51 returned 0 after 1953 usecs
[    4.695241] calling  hpet_late_init+0x0/0x207 @ 1
[    4.704135] hpet: 3 channels of 0 reserved for per-cpu timers
[    4.712161] hpet0: at MMIO 0xfed00000, IRQs 2, 8, 0
[    4.717959] hpet0: 3 comparators, 64-bit 100.000000 MHz counter
[    4.727963] initcall hpet_late_init+0x0/0x207 returned 0 after 24414 usecs
[    4.737963] calling  init_amd_nbs+0x0/0x11c @ 1
[    4.743999] initcall init_amd_nbs+0x0/0x11c returned 0 after 0 usecs
[    4.750197] calling  clocksource_done_booting+0x0/0x41 @ 1
[    4.766977] clocksource: Switched to clocksource kvm-clock
[    4.776025] initcall clocksource_done_booting+0x0/0x41 returned 0 after 16553 usecs
[    4.776153] calling  tracer_init_tracefs+0x0/0x242 @ 1
[    4.776153] initcall tracer_init_tracefs+0x0/0x242 returned 0 after 211830 usecs
[    4.776153] calling  init_trace_printk_function_export+0x0/0x2c @ 1
[    4.776153] initcall init_trace_printk_function_export+0x0/0x2c returned 0 after 8 usecs
[    4.776153] calling  init_kprobe_trace+0x0/0x1a9 @ 1
[    4.776153] initcall init_kprobe_trace+0x0/0x1a9 returned 0 after 292 usecs
[    4.776153] calling  init_dynamic_event+0x0/0x3d @ 1
[    4.776153] initcall init_dynamic_event+0x0/0x3d returned 0 after 1221 usecs
[    4.776153] calling  init_uprobe_trace+0x0/0x5c @ 1
[    4.776153] initcall init_uprobe_trace+0x0/0x5c returned 0 after 506 usecs
[    4.776153] calling  init_pipe_fs+0x0/0x44 @ 1
[    4.776153] initcall init_pipe_fs+0x0/0x44 returned 0 after 1255 usecs
[    4.776153] calling  inotify_user_setup+0x0/0x47 @ 1
[    4.776153] initcall inotify_user_setup+0x0/0x47 returned 0 after 305 usecs
[    4.776153] calling  eventpoll_init+0x0/0xd4 @ 1
[    4.776153] initcall eventpoll_init+0x0/0xd4 returned 0 after 120 usecs
[    4.776153] calling  anon_inode_init+0x0/0x58 @ 1
[    4.776153] initcall anon_inode_init+0x0/0x58 returned 0 after 1541 usecs
[    4.776153] calling  proc_locks_init+0x0/0x27 @ 1
[    4.776153] initcall proc_locks_init+0x0/0x27 returned 0 after 119 usecs
[    4.776153] calling  iomap_init+0x0/0x1b @ 1
[    4.776153] initcall iomap_init+0x0/0x1b returned 0 after 639 usecs
[    4.776153] calling  dquot_init+0x0/0x106 @ 1
[    4.776153] VFS: Disk quotas dquot_6.6.0
[    4.776153] VFS: Dquot-cache hash table entries: 512 (order 0, 4096 bytes)
[    4.776153] initcall dquot_init+0x0/0x106 returned 0 after 16263 usecs
[    4.776153] calling  quota_init+0x0/0x23 @ 1
[    4.776153] initcall quota_init+0x0/0x23 returned 0 after 552 usecs
[    4.776153] calling  proc_cmdline_init+0x0/0x21 @ 1
[    4.776153] initcall proc_cmdline_init+0x0/0x21 returned 0 after 79 usecs
[    4.776153] calling  proc_consoles_init+0x0/0x24 @ 1
[    5.282061] initcall proc_consoles_init+0x0/0x24 returned 0 after 18 usecs
[    5.297084] calling  proc_cpuinfo_init+0x0/0x1e @ 1
[    5.304587] initcall proc_cpuinfo_init+0x0/0x1e returned 0 after 4 usecs
[    5.314350] calling  proc_devices_init+0x0/0x24 @ 1
[    5.320365] initcall proc_devices_init+0x0/0x24 returned 0 after 22 usecs
[    5.328821] calling  proc_interrupts_init+0x0/0x24 @ 1
[    5.335214] initcall proc_interrupts_init+0x0/0x24 returned 0 after 3 usecs
[    5.343801] calling  proc_loadavg_init+0x0/0x21 @ 1
[    5.349826] initcall proc_loadavg_init+0x0/0x21 returned 0 after 3 usecs
[    5.358009] calling  proc_meminfo_init+0x0/0x21 @ 1
[    5.364074] initcall proc_meminfo_init+0x0/0x21 returned 0 after 2 usecs
[    5.372321] calling  proc_stat_init+0x0/0x1e @ 1
[    5.378108] initcall proc_stat_init+0x0/0x1e returned 0 after 3 usecs
[    5.385904] calling  proc_uptime_init+0x0/0x21 @ 1
[    5.391823] initcall proc_uptime_init+0x0/0x21 returned 0 after 13 usecs
[    5.399924] calling  proc_version_init+0x0/0x21 @ 1
[    5.406084] initcall proc_version_init+0x0/0x21 returned 0 after 13 usecs
[    5.414387] calling  proc_softirqs_init+0x0/0x21 @ 1
[    5.420512] initcall proc_softirqs_init+0x0/0x21 returned 0 after 2 usecs
[    5.428947] calling  proc_kcore_init+0x0/0xea @ 1
[    5.436612] initcall proc_kcore_init+0x0/0xea returned 0 after 1328 usecs
[    5.445193] calling  vmcore_init+0x0/0x578 @ 1
[    5.451492] initcall vmcore_init+0x0/0x578 returned 0 after 434 usecs
[    5.459310] calling  proc_kmsg_init+0x0/0x21 @ 1
[    5.464965] initcall proc_kmsg_init+0x0/0x21 returned 0 after 3 usecs
[    5.472865] calling  proc_page_init+0x0/0x3b @ 1
[    5.478569] initcall proc_page_init+0x0/0x3b returned 0 after 4 usecs
[    5.486399] calling  init_ramfs_fs+0x0/0xc @ 1
[    5.491950] initcall init_ramfs_fs+0x0/0xc returned 0 after 79 usecs
[    5.499609] calling  init_hugetlbfs_fs+0x0/0xf6 @ 1
[    5.505922] initcall init_hugetlbfs_fs+0x0/0xf6 returned 0 after 264 usecs
[    5.514338] calling  blk_scsi_ioctl_init+0x0/0x2a5 @ 1
[    5.520712] initcall blk_scsi_ioctl_init+0x0/0x2a5 returned 0 after 28 usecs
[    5.530278] calling  acpi_event_init+0x0/0x2c @ 1
[    5.537051] initcall acpi_event_init+0x0/0x2c returned 0 after 112 usecs
[    5.545303] calling  pnp_system_init+0x0/0xc @ 1
[    5.551637] initcall pnp_system_init+0x0/0xc returned 0 after 602 usecs
[    5.559713] calling  pnpacpi_init+0x0/0x69 @ 1
[    5.565348] pnp: PnP ACPI init
[    5.571469] pnp 00:00: Plug and Play ACPI device, IDs PNP0303 (active)
[    5.579675] pnp 00:01: Plug and Play ACPI device, IDs PNP0f13 (active)
[    5.587839] pnp 00:02: Plug and Play ACPI device, IDs PNP0400 (active)
[    5.595888] pnp 00:03: Plug and Play ACPI device, IDs PNP0501 (active)
[    5.603930] pnp 00:04: Plug and Play ACPI device, IDs PNP0b00 (active)
[    5.612310] system 00:05: [mem 0xb0000000-0xbfffffff window] has been reserved
[    5.621272] system 00:05: Plug and Play ACPI device, IDs PNP0c01 (active)
[    5.631414] pnp: PnP ACPI: found 6 devices
[    5.636531] initcall pnpacpi_init+0x0/0x69 returned 0 after 69562 usecs
[    5.644825] calling  chr_dev_init+0x0/0x14d @ 1
[    5.657221] initcall chr_dev_init+0x0/0x14d returned 0 after 6513 usecs
[    5.665460] calling  firmware_class_init+0x0/0xe7 @ 1
[    5.671865] initcall firmware_class_init+0x0/0xe7 returned 0 after 209 usecs
[    5.680484] calling  init_pcmcia_bus+0x0/0x5b @ 1
[    5.686472] initcall init_pcmcia_bus+0x0/0x5b returned 0 after 118 usecs
[    5.694629] calling  init_acpi_pm_clocksource+0x0/0xda @ 1
[    5.706819] clocksource: acpi_pm: mask: 0xffffff max_cycles: 0xffffff, max_idle_ns: 2085701024 ns
[    5.717642] initcall init_acpi_pm_clocksource+0x0/0xda returned 0 after 15926 usecs
[    5.726829] calling  sysctl_core_init+0x0/0x26 @ 1
[    5.734187] initcall sysctl_core_init+0x0/0x26 returned 0 after 166 usecs
[    5.742459] calling  eth_offload_init+0x0/0x13 @ 1
[    5.748327] initcall eth_offload_init+0x0/0x13 returned 0 after 0 usecs
[    5.756225] calling  ipv4_offload_init+0x0/0x73 @ 1
[    5.762179] initcall ipv4_offload_init+0x0/0x73 returned 0 after 53 usecs
[    5.770370] calling  inet_init+0x0/0x276 @ 1
[    5.775691] NET: Registered protocol family 2
[    5.783723] IP idents hash table entries: 8192 (order: 4, 65536 bytes, linear)
[    5.793682] tcp_listen_portaddr_hash hash table entries: 256 (order: 0, 4096 bytes, linear)
[    5.803529] TCP established hash table entries: 4096 (order: 3, 32768 bytes, linear)
[    5.812627] TCP bind hash table entries: 4096 (order: 4, 65536 bytes, linear)
[    5.821135] TCP: Hash tables configured (established 4096 bind 4096)
[    5.830902] UDP hash table entries: 256 (order: 1, 8192 bytes, linear)
[    5.838495] UDP-Lite hash table entries: 256 (order: 1, 8192 bytes, linear)
[    5.847459] initcall inet_init+0x0/0x276 returned 0 after 70202 usecs
[    5.856785] calling  af_unix_init+0x0/0x4d @ 1
[    5.863283] NET: Registered protocol family 1
[    5.869727] initcall af_unix_init+0x0/0x4d returned 0 after 6310 usecs
[    5.878311] calling  ipv6_offload_init+0x0/0x7e @ 1
[    5.884057] initcall ipv6_offload_init+0x0/0x7e returned 0 after 16 usecs
[    5.891899] calling  init_sunrpc+0x0/0x65 @ 1
[    5.898834] RPC: Registered named UNIX socket transport module.
[    5.905880] RPC: Registered udp transport module.
[    5.911443] RPC: Registered tcp transport module.
[    5.917064] RPC: Registered tcp NFSv4.1 backchannel transport module.
[    5.924690] initcall init_sunrpc+0x0/0x65 returned 0 after 26899 usecs
[    5.932536] calling  cfg80211_init+0x0/0xc5 @ 1
[    5.938719] initcall cfg80211_init+0x0/0xc5 returned 0 after 760 usecs
[    5.946401] calling  pcibios_assign_resources+0x0/0xbf @ 1
[    5.953282] pci_bus 0000:00: resource 4 [io  0x0000-0x0cf7 window]
[    5.961655] pci_bus 0000:00: resource 5 [io  0x0d00-0xffff window]
[    5.968841] pci_bus 0000:00: resource 6 [mem 0x000a0000-0x000bffff window]
[    5.976803] pci_bus 0000:00: resource 7 [mem 0x20000000-0xafffffff window]
[    5.985260] pci_bus 0000:00: resource 8 [mem 0xc0000000-0xfebfffff window]
[    5.993346] pci_bus 0000:00: resource 9 [mem 0x100000000-0x8ffffffff window]
[    6.001670] initcall pcibios_assign_resources+0x0/0xbf returned 0 after 47617 usecs
[    6.010569] calling  pci_apply_final_quirks+0x0/0x124 @ 1
[    6.017364] pci 0000:00:01.0: calling  pci_fixup_video+0x0/0xe0 @ 1
[    6.024956] pci 0000:00:01.0: Video device with shadowed ROM at [mem 0x000c0000-0x000dffff]
[    6.034622] pci 0000:00:01.0: pci_fixup_video+0x0/0xe0 took 9763 usecs
[    6.042569] PCI: CLS 0 bytes, default 64
[    6.047344] initcall pci_apply_final_quirks+0x0/0x124 returned 0 after 29718 usecs
[    6.056968] calling  acpi_reserve_resources+0x0/0xea @ 1
[    6.064069] initcall acpi_reserve_resources+0x0/0xea returned 0 after 29 usecs
[    6.073296] calling  populate_rootfs+0x0/0x102 @ 1
[    6.079877] initcall populate_rootfs+0x0/0x102 returned 0 after 902 usecs
[    6.087668] calling  pci_iommu_init+0x0/0x3e @ 1
[    6.093195] initcall pci_iommu_init+0x0/0x3e returned 0 after 137 usecs
[    6.102386] calling  ia32_binfmt_init+0x0/0x13 @ 1
[    6.108141] initcall ia32_binfmt_init+0x0/0x13 returned 0 after 22 usecs
[    6.115879] calling  rapl_pmu_init+0x0/0x267 @ 1
[    6.121268] initcall rapl_pmu_init+0x0/0x267 returned -19 after 51 usecs
[    6.128922] calling  amd_uncore_init+0x0/0x310 @ 1
[    6.134490] initcall amd_uncore_init+0x0/0x310 returned -19 after 0 usecs
[    6.142275] calling  amd_ibs_init+0x0/0x243 @ 1
[    6.147587] initcall amd_ibs_init+0x0/0x243 returned -19 after 0 usecs
[    6.155069] calling  amd_iommu_pc_init+0x0/0x215 @ 1
[    6.160879] initcall amd_iommu_pc_init+0x0/0x215 returned -19 after 30 usecs
[    6.169118] calling  msr_init+0x0/0x55 @ 1
[    6.174121] initcall msr_init+0x0/0x55 returned 0 after 177 usecs
[    6.181177] calling  intel_uncore_init+0x0/0x36f @ 1
[    6.187072] initcall intel_uncore_init+0x0/0x36f returned -19 after 107 usecs
[    6.195294] calling  cstate_pmu_init+0x0/0x1a1 @ 1
[    6.200905] initcall cstate_pmu_init+0x0/0x1a1 returned -19 after 0 usecs
[    6.208919] calling  register_kernel_offset_dumper+0x0/0x1a @ 1
[    6.215865] initcall register_kernel_offset_dumper+0x0/0x1a returned 0 after 16 usecs
[    6.224929] calling  i8259A_init_ops+0x0/0x20 @ 1
[    6.230509] initcall i8259A_init_ops+0x0/0x20 returned 0 after 0 usecs
[    6.238000] calling  init_tsc_clocksource+0x0/0xa4 @ 1
[    6.243921] clocksource: tsc: mask: 0xffffffffffffffff max_cycles: 0x39a85afc727, max_idle_ns: 881590685098 ns
[    6.255514] initcall init_tsc_clocksource+0x0/0xa4 returned 0 after 11320 usecs
[    6.264059] calling  add_rtc_cmos+0x0/0xb0 @ 1
[    6.269251] initcall add_rtc_cmos+0x0/0xb0 returned 0 after 16 usecs
[    6.276583] calling  i8237A_init_ops+0x0/0x3a @ 1
[    6.282272] initcall i8237A_init_ops+0x0/0x3a returned 0 after 86 usecs
[    6.289890] calling  umwait_init+0x0/0x94 @ 1
[    6.295017] initcall umwait_init+0x0/0x94 returned -19 after 20 usecs
[    6.302505] calling  thermal_throttle_init_device+0x0/0x3d @ 1
[    6.309302] initcall thermal_throttle_init_device+0x0/0x3d returned 0 after 24 usecs
[    6.318184] calling  msr_init+0x0/0xd7 @ 1
[    6.342722] initcall msr_init+0x0/0xd7 returned 0 after 19222 usecs
[    6.351880] calling  cpuid_init+0x0/0xd7 @ 1
[    6.368267] initcall cpuid_init+0x0/0xd7 returned 0 after 9892 usecs
[    6.375656] calling  ioapic_init_ops+0x0/0x13 @ 1
[    6.381112] initcall ioapic_init_ops+0x0/0x13 returned 0 after 27 usecs
[    6.388681] calling  add_pcspkr+0x0/0x6c @ 1
[    6.393655] initcall add_pcspkr+0x0/0x6c returned 0 after 42 usecs
[    6.400745] calling  start_periodic_check_for_corruption+0x0/0x30 @ 1
[    6.408117] check: Scanning for low memory corruption every 60 seconds
[    6.415514] initcall start_periodic_check_for_corruption+0x0/0x30 returned 0 after 7260 usecs
[    6.425209] calling  sysfb_init+0x0/0x9c @ 1
[    6.430606] initcall sysfb_init+0x0/0x9c returned 0 after 410 usecs
[    6.437779] calling  audit_classes_init+0x0/0xae @ 1
[    6.443793] initcall audit_classes_init+0x0/0xae returned 0 after 28 usecs
[    6.452238] calling  iosf_mbi_init+0x0/0x24 @ 1
[    6.459285] initcall iosf_mbi_init+0x0/0x24 returned 0 after 311 usecs
[    6.468838] calling  proc_execdomains_init+0x0/0x21 @ 1
[    6.476641] initcall proc_execdomains_init+0x0/0x21 returned 0 after 5 usecs
[    6.487094] calling  register_warn_debugfs+0x0/0x23 @ 1
[    6.493740] initcall register_warn_debugfs+0x0/0x23 returned 0 after 8 usecs
[    6.502189] calling  cpuhp_sysfs_init+0x0/0x79 @ 1
[    6.508131] initcall cpuhp_sysfs_init+0x0/0x79 returned 0 after 163 usecs
[    6.516214] calling  ioresources_init+0x0/0x49 @ 1
[    6.521949] initcall ioresources_init+0x0/0x49 returned 0 after 5 usecs
[    6.530150] calling  snapshot_device_init+0x0/0xc @ 1
[    6.540385] initcall snapshot_device_init+0x0/0xc returned 0 after 999 usecs
[    6.549014] calling  irq_pm_init_ops+0x0/0x13 @ 1
[    6.554979] initcall irq_pm_init_ops+0x0/0x13 returned 0 after 40 usecs
[    6.562911] calling  rcu_torture_init+0x0/0x9a6 @ 1
[    6.568957] rcu-torture:--- Start of test: nreaders=7 nfakewriters=4 stat_interval=15 verbose=1 test_no_idle_hz=1 shuffle_interval=3 stutter=5 irqreader=1 fqs_duration=0 fqs_holdoff=0 fqs_stutter=3 test_boost=1/0 test_boost_interval=7 test_boost_duration=4 shutdown_secs=1800 stall_cpu=0 stall_cpu_holdoff=10 stall_cpu_irqsoff=0 stall_cpu_block=0 n_barrier_cbs=4 onoff_interval=1000 onoff_holdoff=30 read_exit_delay=13 read_exit_burst=16
[    6.614575] rcu:  Start-test grace-period state: g-1104 f0x0
[    6.621452] rcu-torture: Creating rcu_torture_writer task
[    6.628207] rcu-torture: Creating rcu_torture_fakewriter task
[    6.635342] rcu-torture: rcu_torture_writer task started
[    6.641759] rcu-torture: GP expediting controlled from boot/sysfs for rcu.
[    6.649779] rcu_torture_writer: Testing conditional GPs.
[    6.656080] rcu_torture_writer: Testing expedited GPs.
[    6.662573] rcu_torture_writer: Testing asynchronous GPs.
[    6.669226] rcu_torture_writer: Testing normal GPs.
[    6.675007] rcu-torture: Creating rcu_torture_fakewriter task
[    6.682207] rcu-torture: rcu_torture_fakewriter task started
[    6.689807] rcu-torture: Creating rcu_torture_fakewriter task
[    6.690307] rcu-torture: rcu_torture_fakewriter task started
[    6.705428] rcu-torture: Creating rcu_torture_fakewriter task
[    6.705452] rcu-torture: rcu_torture_fakewriter task started
[    6.721183] rcu-torture: rcu_torture_fakewriter task started
[    6.721309] rcu-torture: Creating rcu_torture_reader task
[    6.736549] rcu-torture: Creating rcu_torture_reader task
[    6.737913] rcu-torture: rcu_torture_reader task started
[    6.752875] rcu-torture: Creating rcu_torture_reader task
[    6.752900] rcu-torture: rcu_torture_reader task started
[    6.766690] rcu-torture: Creating rcu_torture_reader task
[    6.766712] rcu-torture: rcu_torture_reader task started
[    6.792608] rcu-torture: Creating rcu_torture_reader task
[    6.792739] rcu-torture: rcu_torture_reader task started
[    6.811350] rcu-torture: Creating rcu_torture_reader task
[    6.811361] rcu-torture: rcu_torture_reader task started
[    6.846644] rcu-torture: Creating rcu_torture_reader task
[    6.846658] rcu-torture: rcu_torture_reader task started
[    6.878506] rcu-torture: Creating rcu_torture_stats task
[    6.878538] rcu-torture: rcu_torture_reader task started
[    6.891947] rcu-torture: Creating torture_shuffle task
[    6.891956] rcu-torture: rcu_torture_stats task started
[    6.933857] rcu-torture: Creating torture_stutter task
[    6.934186] rcu-torture: torture_shuffle task started
[    6.946736] rcu-torture: Creating torture_shutdown task
[    6.946744] rcu-torture: torture_stutter task started
[    6.962548] rcu-torture: Creating torture_onoff task
[    6.962570] rcu-torture: torture_shutdown task started
[    6.974559] rcu-torture:torture_shutdown task: 1799972 ms remaining
[    6.982599] rcu-torture: Creating rcu_torture_fwd_prog task
[    6.982617] rcu-torture: torture_onoff task started
[    6.995138] rcu-torture: torture_onoff begin holdoff
[    7.002127] rcu-torture: Creating rcu_torture_barrier_cbs task
[    7.002130] rcu-torture: rcu_torture_fwd_progress task started
[    7.024544] rcu-torture: rcu_torture_barrier_cbs task started
[    7.024546] rcu-torture: Creating rcu_torture_barrier_cbs task
[    7.039461] rcu-torture: Creating rcu_torture_barrier_cbs task
[    7.039487] rcu-torture: rcu_torture_barrier_cbs task started
[    7.054547] rcu-torture: Creating rcu_torture_barrier_cbs task
[    7.054565] rcu-torture: rcu_torture_barrier_cbs task started
[    7.069816] rcu-torture: Creating rcu_torture_barrier task
[    7.069858] rcu-torture: rcu_torture_barrier_cbs task started
[    7.086901] rcu-torture: Creating rcu_torture_read_exit task
[    7.086946] rcu-torture: rcu_torture_barrier task starting
[    7.104144] rcu-torture: rcu_torture_read_exit: Start of test
[    7.104509] initcall rcu_torture_init+0x0/0x9a6 returned 0 after 522864 usecs
[    7.105030] calling  timekeeping_init_ops+0x0/0x13 @ 1
[    7.105030] initcall timekeeping_init_ops+0x0/0x13 returned 0 after 84 usecs
[    7.105030] calling  init_clocksource_sysfs+0x0/0x23 @ 1
[    7.105030] initcall init_clocksource_sysfs+0x0/0x23 returned 0 after 1493 usecs
[    7.105030] calling  init_timer_list_procfs+0x0/0x31 @ 1
[    7.105030] initcall init_timer_list_procfs+0x0/0x31 returned 0 after 163 usecs
[    7.105030] calling  alarmtimer_init+0x0/0xc7 @ 1
[    7.105030] initcall alarmtimer_init+0x0/0xc7 returned 0 after 520 usecs
[    7.105030] calling  init_posix_timers+0x0/0x29 @ 1
[    7.105030] initcall init_posix_timers+0x0/0x29 returned 0 after 110 usecs
[    7.105030] calling  clockevents_init_sysfs+0x0/0xbf @ 1
[    7.105030] initcall clockevents_init_sysfs+0x0/0xbf returned 0 after 219 usecs
[    7.105030] calling  proc_dma_init+0x0/0x21 @ 1
[    7.105030] initcall proc_dma_init+0x0/0x21 returned 0 after 21 usecs
[    7.105030] calling  proc_modules_init+0x0/0x1e @ 1
[    7.105030] initcall proc_modules_init+0x0/0x1e returned 0 after 16 usecs
[    7.105030] calling  kallsyms_init+0x0/0x21 @ 1
[    7.105030] initcall kallsyms_init+0x0/0x21 returned 0 after 3 usecs
[    7.105030] calling  pid_namespaces_init+0x0/0x2c @ 1
[    7.105030] initcall pid_namespaces_init+0x0/0x2c returned 0 after 198 usecs
[    7.265707] calling  audit_watch_init+0x0/0x37 @ 1
[    7.271953] initcall audit_watch_init+0x0/0x37 returned 0 after 14 usecs
[    7.279687] calling  audit_fsnotify_init+0x0/0x37 @ 1
[    7.285628] initcall audit_fsnotify_init+0x0/0x37 returned 0 after 1 usecs
[    7.294194] calling  audit_tree_init+0x0/0x6d @ 1
[    7.299733] initcall audit_tree_init+0x0/0x6d returned 0 after 19 usecs
[    7.307444] calling  seccomp_sysctl_init+0x0/0x2b @ 1
[    7.313426] initcall seccomp_sysctl_init+0x0/0x2b returned 0 after 57 usecs
[    7.321366] calling  utsname_sysctl_init+0x0/0x13 @ 1
[    7.327794] initcall utsname_sysctl_init+0x0/0x13 returned 0 after 94 usecs
[    7.335860] calling  init_tracepoints+0x0/0x27 @ 1
[    7.341496] initcall init_tracepoints+0x0/0x27 returned 0 after 33 usecs
[    7.349144] calling  init_blk_tracer+0x0/0x50 @ 1
[    7.355271] initcall init_blk_tracer+0x0/0x50 returned 0 after 695 usecs
[    7.362921] calling  perf_event_sysfs_init+0x0/0x81 @ 1
[    7.369450] initcall perf_event_sysfs_init+0x0/0x81 returned 0 after 507 usecs
[    7.377685] calling  system_trusted_keyring_init+0x0/0x60 @ 1
[    7.384318] Initialise system trusted keyrings
[    7.389557] initcall system_trusted_keyring_init+0x0/0x60 returned 0 after 5133 usecs
[    7.398591] calling  kswapd_init+0x0/0x5c @ 1
[    7.405664] initcall kswapd_init+0x0/0x5c returned 0 after 1848 usecs
[    7.413670] calling  extfrag_debug_init+0x0/0x54 @ 1
[    7.419938] initcall extfrag_debug_init+0x0/0x54 returned 0 after 322 usecs
[    7.428342] calling  mm_compute_batch_init+0x0/0x12 @ 1
[    7.434595] initcall mm_compute_batch_init+0x0/0x12 returned 0 after 0 usecs
[    7.443205] calling  slab_proc_init+0x0/0x21 @ 1
[    7.448635] initcall slab_proc_init+0x0/0x21 returned 0 after 57 usecs
[    7.456083] calling  workingset_init+0x0/0x8c @ 1
[    7.461631] workingset: timestamp_bits=56 max_order=17 bucket_order=0
[    7.469165] initcall workingset_init+0x0/0x8c returned 0 after 7366 usecs
[    7.477098] calling  proc_vmalloc_init+0x0/0x32 @ 1
[    7.482792] initcall proc_vmalloc_init+0x0/0x32 returned 0 after 16 usecs
[    7.490957] calling  procswaps_init+0x0/0x1e @ 1
[    7.496379] initcall procswaps_init+0x0/0x1e returned 0 after 53 usecs
[    7.503876] calling  slab_sysfs_init+0x0/0xea @ 1
[    7.528169] initcall slab_sysfs_init+0x0/0xea returned 0 after 18289 usecs
[    7.536551] calling  fcntl_init+0x0/0x29 @ 1
[    7.541625] initcall fcntl_init+0x0/0x29 returned 0 after 31 usecs
[    7.548920] calling  proc_filesystems_init+0x0/0x21 @ 1
[    7.556588] initcall proc_filesystems_init+0x0/0x21 returned 0 after 6 usecs
[    7.564694] calling  start_dirtytime_writeback+0x0/0x29 @ 1
[    7.571150] initcall start_dirtytime_writeback+0x0/0x29 returned 0 after 2 usecs
[    7.579565] calling  blkdev_init+0x0/0x1b @ 1
[    7.584880] initcall blkdev_init+0x0/0x1b returned 0 after 205 usecs
[    7.592203] calling  dio_init+0x0/0x2c @ 1
[    7.597234] initcall dio_init+0x0/0x2c returned 0 after 138 usecs
[    7.604239] calling  dnotify_init+0x0/0x78 @ 1
[    7.609483] initcall dnotify_init+0x0/0x78 returned 0 after 26 usecs
[    7.617019] calling  aio_setup+0x0/0x78 @ 1
[    7.622447] initcall aio_setup+0x0/0x78 returned 0 after 463 usecs
[    7.629570] calling  io_uring_init+0x0/0x2c @ 1
[    7.634913] initcall io_uring_init+0x0/0x2c returned 0 after 6 usecs
[    7.642471] calling  mbcache_init+0x0/0x30 @ 1
[    7.647716] initcall mbcache_init+0x0/0x30 returned 0 after 56 usecs
[    7.655016] calling  init_grace+0x0/0xc @ 1
[    7.660294] initcall init_grace+0x0/0xc returned 0 after 169 usecs
[    7.667460] calling  init_v2_quota_format+0x0/0x21 @ 1
[    7.674409] initcall init_v2_quota_format+0x0/0x21 returned 0 after 42 usecs
[    7.684115] calling  init_devpts_fs+0x0/0x27 @ 1
[    7.690216] initcall init_devpts_fs+0x0/0x27 returned 0 after 154 usecs
[    7.699417] calling  ext4_init_fs+0x0/0x1d0 @ 1
[    7.705837] initcall ext4_init_fs+0x0/0x1d0 returned 0 after 306 usecs
[    7.713390] calling  journal_init+0x0/0x11c @ 1
[    7.719286] initcall journal_init+0x0/0x11c returned 0 after 121 usecs
[    7.727703] calling  init_fat_fs+0x0/0x49 @ 1
[    7.733104] initcall init_fat_fs+0x0/0x49 returned 0 after 179 usecs
[    7.740443] calling  init_vfat_fs+0x0/0xc @ 1
[    7.745691] initcall init_vfat_fs+0x0/0xc returned 0 after 3 usecs
[    7.752852] calling  init_msdos_fs+0x0/0xc @ 1
[    7.758043] initcall init_msdos_fs+0x0/0xc returned 0 after 17 usecs
[    7.765359] calling  init_iso9660_fs+0x0/0x6c @ 1
[    7.772368] initcall init_iso9660_fs+0x0/0x6c returned 0 after 438 usecs
[    7.782415] calling  init_nfs_fs+0x0/0x13a @ 1
[    7.799317] initcall init_nfs_fs+0x0/0x13a returned 0 after 13065 usecs
[    7.799317] calling  init_nfs_v2+0x0/0x13 @ 1
[    7.799317] initcall init_nfs_v2+0x0/0x13 returned 0 after 122 usecs
[    7.799317] calling  init_nfs_v3+0x0/0x13 @ 1
[    7.799317] initcall init_nfs_v3+0x0/0x13 returned 0 after 15 usecs
[    7.799317] calling  init_nfs_v4+0x0/0x32 @ 1
[    7.799317] NFS: Registering the id_resolver key type
[    7.799317] Key type id_resolver registered
[    7.799317] Key type id_legacy registered
[    7.799317] initcall init_nfs_v4+0x0/0x32 returned 0 after 15345 usecs
[    7.799317] calling  init_nlm+0x0/0x5b @ 1
[    7.799317] initcall init_nlm+0x0/0x5b returned 0 after 83 usecs
[    7.799317] calling  init_nls_cp437+0x0/0xe @ 1
[    7.799317] initcall init_nls_cp437+0x0/0xe returned 0 after 51 usecs
[    7.799317] calling  init_nls_ascii+0x0/0xe @ 1
[    7.799317] initcall init_nls_ascii+0x0/0xe returned 0 after 0 usecs
[    7.799317] calling  init_nls_iso8859_1+0x0/0xe @ 1
[    7.799317] initcall init_nls_iso8859_1+0x0/0xe returned 0 after 0 usecs
[    7.799317] calling  init_nls_utf8+0x0/0x21 @ 1
[    7.799317] initcall init_nls_utf8+0x0/0x21 returned 0 after 1 usecs
[    7.799317] calling  init_autofs_fs+0x0/0x25 @ 1
[    7.936316] initcall init_autofs_fs+0x0/0x25 returned 0 after 1277 usecs
[    7.944259] calling  ipc_init+0x0/0x24 @ 1
[    7.945091] initcall ipc_init+0x0/0x24 returned 0 after 64 usecs
[    7.945091] calling  ipc_sysctl_init+0x0/0x13 @ 1
[    7.945091] initcall ipc_sysctl_init+0x0/0x13 returned 0 after 28 usecs
[    7.945091] calling  init_mqueue_fs+0x0/0x9a @ 1
[    7.945091] initcall init_mqueue_fs+0x0/0x9a returned 0 after 279 usecs
[    7.945091] calling  key_proc_init+0x0/0x63 @ 1
[    7.945091] initcall key_proc_init+0x0/0x63 returned 0 after 25 usecs
[    7.945091] calling  selinux_nf_ip_init+0x0/0x2e @ 1
[    7.945091] initcall selinux_nf_ip_init+0x0/0x2e returned 0 after 32 usecs
[    7.945091] calling  init_sel_fs+0x0/0x116 @ 1
[    7.945091] initcall init_sel_fs+0x0/0x116 returned 0 after 0 usecs
[    7.945091] calling  selnl_init+0x0/0x7c @ 1
[    7.945091] initcall selnl_init+0x0/0x7c returned 0 after 231 usecs
[    7.945091] calling  sel_netif_init+0x0/0x36 @ 1
[    7.945091] initcall sel_netif_init+0x0/0x36 returned 0 after 0 usecs
[    7.945091] calling  sel_netnode_init+0x0/0x33 @ 1
[    7.945091] initcall sel_netnode_init+0x0/0x33 returned 0 after 0 usecs
[    7.945091] calling  sel_netport_init+0x0/0x33 @ 1
[    7.945091] initcall sel_netport_init+0x0/0x33 returned 0 after 0 usecs
[    7.945091] calling  aurule_init+0x0/0x2a @ 1
[    7.945091] initcall aurule_init+0x0/0x2a returned 0 after 1 usecs
[    7.945091] calling  crypto_algapi_init+0x0/0xc @ 1
[    7.945091] initcall crypto_algapi_init+0x0/0xc returned 0 after 29 usecs
[    7.945091] calling  jent_mod_init+0x0/0x2d @ 1
[    8.131189] cryptomgr_test (131) used greatest stack depth: 15184 bytes left
[    8.131255] initcall jent_mod_init+0x0/0x2d returned 0 after 9698 usecs
[    8.132038] calling  asymmetric_key_init+0x0/0xc @ 1
[    8.132038] Key type asymmetric registered
[    8.132038] initcall asymmetric_key_init+0x0/0xc returned 0 after 4716 usecs
[    8.132038] calling  x509_key_init+0x0/0xc @ 1
[    8.132038] Asymmetric key parser 'x509' registered
[    8.132038] initcall x509_key_init+0x0/0xc returned 0 after 5527 usecs
[    8.132038] calling  proc_genhd_init+0x0/0x41 @ 1
[    8.132038] initcall proc_genhd_init+0x0/0x41 returned 0 after 7 usecs
[    8.132038] calling  bsg_init+0x0/0x113 @ 1
[    8.132038] Block layer SCSI generic (bsg) driver version 0.4 loaded (major 251)
[    8.132038] initcall bsg_init+0x0/0x113 returned 0 after 8891 usecs
[    8.132038] calling  deadline_init+0x0/0xc @ 1
[    8.132038] io scheduler mq-deadline registered
[    8.132038] initcall deadline_init+0x0/0xc returned 0 after 5370 usecs
[    8.132038] calling  kyber_init+0x0/0xc @ 1
[    8.132038] io scheduler kyber registered
[    8.132038] initcall kyber_init+0x0/0xc returned 0 after 4823 usecs
[    8.132038] calling  mod_init+0x0/0x7 @ 1
[    8.132038] initcall mod_init+0x0/0x7 returned 0 after 0 usecs
[    8.132038] calling  percpu_counter_startup+0x0/0x55 @ 1
[    8.291300] initcall percpu_counter_startup+0x0/0x55 returned 0 after 9287 usecs
[    8.301720] calling  sg_pool_init+0x0/0xb4 @ 1
[    8.302456] initcall sg_pool_init+0x0/0xb4 returned 0 after 383 usecs
[    8.302456] calling  pcie_portdrv_init+0x0/0x39 @ 1
[    8.302456] initcall pcie_portdrv_init+0x0/0x39 returned 0 after 882 usecs
[    8.302456] calling  pci_proc_init+0x0/0x68 @ 1
[    8.302456] initcall pci_proc_init+0x0/0x68 returned 0 after 36 usecs
[    8.302456] calling  pci_hotplug_init+0x0/0x7 @ 1
[    8.352078] initcall pci_hotplug_init+0x0/0x7 returned 0 after 0 usecs
[    8.352078] calling  efifb_driver_init+0x0/0xe @ 1
[    8.352078] initcall efifb_driver_init+0x0/0xe returned 0 after 53 usecs
[    8.352078] calling  ged_driver_init+0x0/0xe @ 1
[    8.352078] initcall ged_driver_init+0x0/0xe returned 0 after 118 usecs
[    8.352078] calling  acpi_ac_init+0x0/0x92 @ 1
[    8.352078] initcall acpi_ac_init+0x0/0x92 returned 0 after 674 usecs
[    8.352078] calling  acpi_button_driver_init+0x0/0x52 @ 1
[    8.352078] input: Power Button as /devices/LNXSYSTM:00/LNXPWRBN:00/input/input0
[    8.435922] ACPI: Power Button [PWRF]
[    8.444049] initcall acpi_button_driver_init+0x0/0x52 returned 0 after 20244 usecs
[    8.454052] calling  acpi_fan_driver_init+0x0/0xe @ 1
[    8.460319] initcall acpi_fan_driver_init+0x0/0xe returned 0 after 27 usecs
[    8.470024] calling  acpi_video_init+0x0/0xcb @ 1
[    8.477241] initcall acpi_video_init+0x0/0xcb returned 0 after 469 usecs
[    8.485332] calling  acpi_processor_driver_init+0x0/0xad @ 1
[    8.494881] initcall acpi_processor_driver_init+0x0/0xad returned 0 after 2705 usecs
[    8.504392] calling  acpi_thermal_init+0x0/0x71 @ 1
[    8.511099] initcall acpi_thermal_init+0x0/0x71 returned 0 after 379 usecs
[    8.519953] calling  acpi_battery_init+0x0/0x32 @ 1
[    8.526113] initcall acpi_battery_init+0x0/0x32 returned 0 after 4 usecs
[    8.534121] calling  bgrt_init+0x0/0xb6 @ 1
[    8.539185] initcall bgrt_init+0x0/0xb6 returned -19 after 16 usecs
[    8.546868] calling  gpio_clk_driver_init+0x0/0xe @ 1
[    8.553258] initcall gpio_clk_driver_init+0x0/0xe returned 0 after 76 usecs
[    8.561794] calling  plt_clk_driver_init+0x0/0xe @ 1
[    8.568115] initcall plt_clk_driver_init+0x0/0xe returned 0 after 112 usecs
[    8.576816] calling  virtio_pci_driver_init+0x0/0x15 @ 1
[    8.583503] initcall virtio_pci_driver_init+0x0/0x15 returned 0 after 74 usecs
[    8.592513] calling  n_null_init+0x0/0x1e @ 1
[    8.598106] initcall n_null_init+0x0/0x1e returned 0 after 168 usecs
[    8.605731] calling  pty_init+0x0/0x1e8 @ 1
[    8.612295] initcall pty_init+0x0/0x1e8 returned 0 after 1240 usecs
[    8.613032] calling  sysrq_init+0x0/0x62 @ 1
[    8.613032] initcall sysrq_init+0x0/0x62 returned 0 after 79 usecs
[    8.613032] calling  serial8250_init+0x0/0x17e @ 1
[    8.613032] Serial: 8250/16550 driver, 4 ports, IRQ sharing enabled
[    8.613032] 00:03: ttyS0 at I/O 0x3f8 (irq = 4, base_baud = 115200) is a 16550A
[    8.662269] initcall serial8250_init+0x0/0x17e returned 0 after 22315 usecs
[    8.670961] calling  serial_pci_driver_init+0x0/0x15 @ 1
[    8.671750] initcall serial_pci_driver_init+0x0/0x15 returned 0 after 81 usecs
[    8.671750] calling  exar_pci_driver_init+0x0/0x15 @ 1
[    8.671750] initcall exar_pci_driver_init+0x0/0x15 returned 0 after 22 usecs
[    8.671750] calling  lpss8250_pci_driver_init+0x0/0x15 @ 1
[    8.671750] initcall lpss8250_pci_driver_init+0x0/0x15 returned 0 after 68 usecs
[    8.671750] calling  mid8250_pci_driver_init+0x0/0x15 @ 1
[    8.671750] initcall mid8250_pci_driver_init+0x0/0x15 returned 0 after 33 usecs
[    8.671750] calling  virtio_console_init+0x0/0xff @ 1
[    8.671750] initcall virtio_console_init+0x0/0xff returned 0 after 163 usecs
[    8.671750] calling  hpet_init+0x0/0x64 @ 1
[    8.761537] initcall hpet_init+0x0/0x64 returned 0 after 1469 usecs
[    8.762036] calling  nvram_module_init+0x0/0x83 @ 1
[    8.775452] Non-volatile memory driver v1.3
[    8.780739] initcall nvram_module_init+0x0/0x83 returned 0 after 5578 usecs
[    8.781512] calling  hwrng_modinit+0x0/0x8a @ 1
[    8.795190] initcall hwrng_modinit+0x0/0x8a returned 0 after 605 usecs
[    8.803225] calling  mod_init+0x0/0x48 @ 1
[    8.804041] initcall mod_init+0x0/0x48 returned -19 after 0 usecs
[    8.804041] calling  agp_init+0x0/0x23 @ 1
[    8.804041] Linux agpgart interface v0.103
[    8.804041] initcall agp_init+0x0/0x23 returned 0 after 5407 usecs
[    8.804041] calling  agp_amd64_mod_init+0x0/0x5 @ 1
[    8.804041] initcall agp_amd64_mod_init+0x0/0x5 returned -19 after 234 usecs
[    8.804041] calling  agp_intel_init+0x0/0x28 @ 1
[    8.804041] initcall agp_intel_init+0x0/0x28 returned 0 after 410 usecs
[    8.804041] calling  drm_kms_helper_init+0x0/0x7 @ 1
[    8.804041] initcall drm_kms_helper_init+0x0/0x7 returned 0 after 27 usecs
[    8.804041] calling  drm_core_init+0x0/0xa4 @ 1
[    8.804041] initcall drm_core_init+0x0/0xa4 returned 0 after 262 usecs
[    8.804041] calling  i915_init+0x0/0x6b @ 1
[    8.804041] initcall i915_init+0x0/0x6b returned 0 after 458 usecs
[    8.804041] calling  cn_proc_init+0x0/0x35 @ 1
[    8.804041] initcall cn_proc_init+0x0/0x35 returned 0 after 2 usecs
[    8.804041] calling  topology_sysfs_init+0x0/0x27 @ 1
[    8.804041] initcall topology_sysfs_init+0x0/0x27 returned 0 after 197 usecs
[    8.804041] calling  cacheinfo_sysfs_init+0x0/0x27 @ 1
[    8.950969] initcall cacheinfo_sysfs_init+0x0/0x27 returned 0 after 7267 usecs
[    8.961151] calling  loop_init+0x0/0x168 @ 1
[    9.006903] loop: module loaded
[    9.012143] initcall loop_init+0x0/0x168 returned 0 after 44105 usecs
[    9.022455] calling  mac_hid_init+0x0/0x21 @ 1
[    9.030376] initcall mac_hid_init+0x0/0x21 returned 0 after 7 usecs
[    9.038733] calling  spi_transport_init+0x0/0x74 @ 1
[    9.045498] initcall spi_transport_init+0x0/0x74 returned 0 after 108 usecs
[    9.054375] calling  init_sd+0x0/0x18c @ 1
[    9.060357] initcall init_sd+0x0/0x18c returned 0 after 370 usecs
[    9.068331] calling  init_sr+0x0/0x43 @ 1
[    9.073799] initcall init_sr+0x0/0x43 returned 0 after 23 usecs
[    9.081474] calling  init_sg+0x0/0x1c0 @ 1
[    9.086984] initcall init_sg+0x0/0x1c0 returned 0 after 148 usecs
[    9.096736] calling  ahci_pci_driver_init+0x0/0x15 @ 1
[    9.105441] ahci 0000:00:1f.2: version 3.0
[    9.113638] PCI Interrupt Link [GSIA] enabled at IRQ 16
[    9.130643] ahci 0000:00:1f.2: AHCI 0001.0000 32 slots 6 ports 1.5 Gbps 0x3f impl SATA mode
[    9.141236] ahci 0000:00:1f.2: flags: 64bit ncq only 
[    9.159246] scsi host0: ahci
[    9.166940] scsi host1: ahci
[    9.173431] scsi host2: ahci
[    9.178154] scsi host3: ahci
[    9.185734] scsi host4: ahci
[    9.190623] scsi host5: ahci
[    9.194936] ata1: SATA max UDMA/133 abar m4096@0xfebf1000 port 0xfebf1100 irq 24
[    9.204436] ata2: SATA max UDMA/133 abar m4096@0xfebf1000 port 0xfebf1180 irq 24
[    9.214100] ata3: SATA max UDMA/133 abar m4096@0xfebf1000 port 0xfebf1200 irq 24
[    9.223568] ata4: SATA max UDMA/133 abar m4096@0xfebf1000 port 0xfebf1280 irq 24
[    9.233403] ata5: SATA max UDMA/133 abar m4096@0xfebf1000 port 0xfebf1300 irq 24
[    9.243193] ata6: SATA max UDMA/133 abar m4096@0xfebf1000 port 0xfebf1380 irq 24
[    9.253213] initcall ahci_pci_driver_init+0x0/0x15 returned 0 after 144508 usecs
[    9.263185] calling  piix_init+0x0/0x26 @ 1
[    9.269224] initcall piix_init+0x0/0x26 returned 0 after 415 usecs
[    9.278624] calling  amd_pci_driver_init+0x0/0x15 @ 1
[    9.286854] initcall amd_pci_driver_init+0x0/0x15 returned 0 after 35 usecs
[    9.298087] calling  oldpiix_pci_driver_init+0x0/0x15 @ 1
[    9.307096] initcall oldpiix_pci_driver_init+0x0/0x15 returned 0 after 77 usecs
[    9.317433] calling  sch_pci_driver_init+0x0/0x15 @ 1
[    9.323867] initcall sch_pci_driver_init+0x0/0x15 returned 0 after 23 usecs
[    9.333015] calling  net_olddevs_init+0x0/0x55 @ 1
[    9.339531] initcall net_olddevs_init+0x0/0x55 returned 0 after 123 usecs
[    9.348499] calling  blackhole_netdev_init+0x0/0x78 @ 1
[    9.356299] initcall blackhole_netdev_init+0x0/0x78 returned 0 after 284 usecs
[    9.366763] calling  phy_module_init+0x0/0x13 @ 1
[    9.374651] initcall phy_module_init+0x0/0x13 returned 0 after 938 usecs
[    9.384550] calling  tg3_driver_init+0x0/0x15 @ 1
[    9.391479] initcall tg3_driver_init+0x0/0x15 returned 0 after 88 usecs
[    9.401222] calling  e100_init_module+0x0/0x4c @ 1
[    9.408768] e100: Intel(R) PRO/100 Network Driver
[    9.415489] e100: Copyright(c) 1999-2006 Intel Corporation
[    9.423218] initcall e100_init_module+0x0/0x4c returned 0 after 14157 usecs
[    9.442049] calling  e1000_init_module+0x0/0x72 @ 1
[    9.450453] e1000: Intel(R) PRO/1000 Network Driver
[    9.457396] e1000: Copyright (c) 1999-2006 Intel Corporation.
[    9.470132] initcall e1000_init_module+0x0/0x72 returned 0 after 19414 usecs
[    9.479588] calling  e1000_init_module+0x0/0x2d @ 1
[    9.486250] e1000e: Intel(R) PRO/1000 Network Driver
[    9.493147] e1000e: Copyright(c) 1999 - 2015 Intel Corporation.
[    9.502184] initcall e1000_init_module+0x0/0x2d returned 0 after 15570 usecs
[    9.511892] calling  sky2_init_module+0x0/0x21 @ 1
[    9.519707] sky2: driver version 1.30
[    9.526125] initcall sky2_init_module+0x0/0x21 returned 0 after 6263 usecs
[    9.538898] calling  forcedeth_pci_driver_init+0x0/0x15 @ 1
[    9.548496] initcall forcedeth_pci_driver_init+0x0/0x15 returned 0 after 135 usecs
[    9.561505] calling  rtl8139_init_module+0x0/0x15 @ 1
[    9.570658] initcall rtl8139_init_module+0x0/0x15 returned 0 after 55 usecs
[    9.582353] calling  rtl8169_pci_driver_init+0x0/0x15 @ 1
[    9.591279] initcall rtl8169_pci_driver_init+0x0/0x15 returned 0 after 61 usecs
[    9.603697] calling  cdrom_init+0x0/0xc @ 1
[    9.611588] initcall cdrom_init+0x0/0xc returned 0 after 682 usecs
[    9.622062] calling  nonstatic_sysfs_init+0x0/0xc @ 1
[    9.630483] initcall nonstatic_sysfs_init+0x0/0xc returned 0 after 44 usecs
[    9.640286] calling  yenta_cardbus_driver_init+0x0/0x15 @ 1
[    9.648274] initcall yenta_cardbus_driver_init+0x0/0x15 returned 0 after 129 usecs
[    9.658698] calling  mon_init+0x0/0x12d @ 1
[    9.674994] initcall mon_init+0x0/0x12d returned 0 after 10196 usecs
[    9.675429] calling  ehci_hcd_init+0x0/0x56 @ 1
[    9.675429] ehci_hcd: USB 2.0 'Enhanced' Host Controller (EHCI) Driver
[    9.675429] initcall ehci_hcd_init+0x0/0x56 returned 0 after 9571 usecs
[    9.675429] calling  ehci_pci_init+0x0/0x64 @ 1
[    9.715168] ehci-pci: EHCI PCI platform driver
[    9.721339] initcall ehci_pci_init+0x0/0x64 returned 0 after 6422 usecs
[    9.731301] calling  ohci_hcd_mod_init+0x0/0x4e @ 1
[    9.739258] ohci_hcd: USB 1.1 'Open' Host Controller (OHCI) Driver
[    9.747186] initcall ohci_hcd_mod_init+0x0/0x4e returned 0 after 8763 usecs
[    9.759171] calling  ohci_pci_init+0x0/0x64 @ 1
[    9.765123] ohci-pci: OHCI PCI platform driver
[    9.773208] initcall ohci_pci_init+0x0/0x64 returned 0 after 7191 usecs
[    9.783142] calling  uhci_hcd_init+0x0/0xa8 @ 1
[    9.792062] uhci_hcd: USB Universal Host Controller Interface driver
[    9.803339] initcall uhci_hcd_init+0x0/0xa8 returned 0 after 11944 usecs
[    9.813251] calling  xhci_hcd_init+0x0/0x1e @ 1
[    9.819136] initcall xhci_hcd_init+0x0/0x1e returned 0 after 96 usecs
[    9.827129] calling  xhci_pci_init+0x0/0x49 @ 1
[    9.833128] initcall xhci_pci_init+0x0/0x49 returned 0 after 451 usecs
[    9.843371] calling  usblp_driver_init+0x0/0x15 @ 1
[    9.851229] usbcore: registered new interface driver usblp
[    9.858662] initcall usblp_driver_init+0x0/0x15 returned 0 after 7370 usecs
[    9.867946] calling  usb_storage_driver_init+0x0/0x2a @ 1
[    9.875363] usbcore: registered new interface driver usb-storage
[    9.885157] initcall usb_storage_driver_init+0x0/0x2a returned 0 after 9639 usecs
[    9.895971] calling  i8042_init+0x0/0x4c2 @ 1
[    9.903253] i8042: PNP: PS/2 Controller [PNP0303:KBD,PNP0f13:MOU] at 0x60,0x64 irq 1,12
[    9.924141] serio: i8042 KBD port at 0x60,0x64 irq 1
[    9.935131] serio: i8042 AUX port at 0x60,0x64 irq 12
[    9.943227] initcall i8042_init+0x0/0x4c2 returned 0 after 39958 usecs
[    9.952181] calling  serport_init+0x0/0x2c @ 1
[    9.958326] initcall serport_init+0x0/0x2c returned 0 after 117 usecs
[    9.966985] calling  input_leds_init+0x0/0xc @ 1
[    9.973734] initcall input_leds_init+0x0/0xc returned 0 after 193 usecs
[    9.982862] calling  evdev_init+0x0/0xc @ 1
[   10.069819] initcall evdev_init+0x0/0xc returned 0 after 78394 usecs
[   10.079718] calling  atkbd_init+0x0/0x21 @ 1
[   10.083783] ata5: SATA link down (SStatus 0 SControl 300)
[   10.087363] initcall atkbd_init+0x0/0x21 returned 0 after 776 usecs
[   10.097461] ata6: SATA link down (SStatus 0 SControl 300)
[   10.104344] calling  psmouse_init+0x0/0x7f @ 1
[   10.114465] ata2: SATA link down (SStatus 0 SControl 300)
[   10.118955] initcall psmouse_init+0x0/0x7f returned 0 after 305 usecs
[   10.128306] ata1: SATA link down (SStatus 0 SControl 300)
[   10.134847] calling  cmos_init+0x0/0x73 @ 1
[   10.136041] rtc_cmos 00:04: RTC can wake from S4
[   10.144841] ata3: SATA link up 1.5 Gbps (SStatus 113 SControl 300)
[   10.167927] input: AT Translated Set 2 keyboard as /devices/platform/i8042/serio0/input/input1
[   10.168241] ata4: SATA link down (SStatus 0 SControl 300)
[   10.169298] rtc_cmos 00:04: registered as rtc0
[   10.169320] rtc_cmos 00:04: alarms up to one day, y3k, 242 bytes nvram, hpet irqs
[   10.169320] initcall cmos_init+0x0/0x73 returned 0 after 34363 usecs
[   10.169320] calling  smbalert_driver_init+0x0/0xe @ 1
[   10.169320] initcall smbalert_driver_init+0x0/0xe returned 0 after 296 usecs
[   10.169320] calling  i2c_i801_init+0x0/0xc5 @ 1
[   10.169320] i801_smbus 0000:00:1f.3: SMBus using PCI interrupt
[   10.169320] i2c i2c-0: 1/1 memory slots populated (from DMI)
[   10.169320] i2c i2c-0: Memory type 0x07 not supported yet, not instantiating SPD
[   10.180380] initcall i2c_i801_init+0x0/0xc5 returned 0 after 9782 usecs
[   10.180384] calling  ptp_kvm_init+0x0/0xf0 @ 1
[   10.293606] initcall ptp_kvm_init+0x0/0xf0 returned 0 after 110710 usecs
[   10.293606] calling  dm_init+0x0/0x3c @ 1
[   10.352904] ata3.00: ATAPI: QEMU DVD-ROM, 2.5+, max UDMA/100
[   10.354203] device-mapper: ioctl: 4.43.0-ioctl (2020-10-01) initialised: dm-devel@redhat.com
[   10.362400] ata3.00: applying bridge limits
[   10.354366] initcall dm_init+0x0/0x3c returned 0 after 65211 usecs
[   10.354366] calling  dm_mirror_init+0x0/0x29 @ 1
[   10.354366] initcall dm_mirror_init+0x0/0x29 returned 0 after 18 usecs
[   10.354366] calling  dm_dirty_log_init+0x0/0x4f @ 1
[   10.354366] initcall dm_dirty_log_init+0x0/0x4f returned 0 after 87 usecs
[   10.354366] calling  dm_zero_init+0x0/0x29 @ 1
[   10.354366] initcall dm_zero_init+0x0/0x29 returned 0 after 0 usecs
[   10.354366] calling  intel_pstate_init+0x0/0x50d @ 1
[   10.354366] intel_pstate: CPU model not supported
[   10.393469] ata3.00: configured for UDMA/100
[   10.354366] initcall intel_pstate_init+0x0/0x50d returned -19 after 23035 usecs
[   10.354366] calling  haltpoll_init+0x0/0xc0 @ 1
[   10.354366] initcall haltpoll_init+0x0/0xc0 returned -19 after 29 usecs
[   10.354366] calling  efivars_sysfs_init+0x0/0x30 @ 1
[   10.354366] initcall efivars_sysfs_init+0x0/0x30 returned 0 after 302 usecs
[   10.455750] scsi 2:0:0:0: CD-ROM            QEMU     QEMU DVD-ROM     2.5+ PQ: 0 ANSI: 5
[   10.354366] calling  esrt_sysfs_init+0x0/0x2a2 @ 1
[   10.354366] initcall esrt_sysfs_init+0x0/0x2a2 returned -38 after 94 usecs
[   10.354366] calling  hid_init+0x0/0x5c @ 1
[   10.354366] hid: raw HID events driver (C) Jiri Kosina
[   10.354366] initcall hid_init+0x0/0x5c returned 0 after 114229 usecs
[   10.354366] calling  hid_generic_init+0x0/0x15 @ 1
[   10.354366] initcall hid_generic_init+0x0/0x15 returned 0 after 351 usecs
[   10.354366] calling  a4_driver_init+0x0/0x15 @ 1
[   10.354366] initcall a4_driver_init+0x0/0x15 returned 0 after 16 usecs
[   10.354366] calling  apple_driver_init+0x0/0x15 @ 1
[   10.354366] initcall apple_driver_init+0x0/0x15 returned 0 after 96 usecs
[   10.354366] calling  belkin_driver_init+0x0/0x15 @ 1
[   10.354366] initcall belkin_driver_init+0x0/0x15 returned 0 after 22 usecs
[   10.354366] calling  ch_driver_init+0x0/0x15 @ 1
[   10.678538] initcall ch_driver_init+0x0/0x15 returned 0 after 26 usecs
[   10.678901] calling  ch_driver_init+0x0/0x15 @ 1
[   10.678901] initcall ch_driver_init+0x0/0x15 returned 0 after 52 usecs
[   10.678901] calling  cp_driver_init+0x0/0x15 @ 1
[   10.678901] initcall cp_driver_init+0x0/0x15 returned 0 after 26 usecs
[   10.678901] calling  ez_driver_init+0x0/0x15 @ 1
[   10.678901] initcall ez_driver_init+0x0/0x15 returned 0 after 21 usecs
[   10.741608] calling  gyration_driver_init+0x0/0x15 @ 1
[   10.741608] initcall gyration_driver_init+0x0/0x15 returned 0 after 416 usecs
[   10.741608] calling  ite_driver_init+0x0/0x15 @ 1
[   10.741608] initcall ite_driver_init+0x0/0x15 returned 0 after 17 usecs
[   10.741608] calling  ks_driver_init+0x0/0x15 @ 1
[   10.741608] initcall ks_driver_init+0x0/0x15 returned 0 after 18 usecs
[   10.741608] calling  lg_driver_init+0x0/0x15 @ 1
[   10.741608] initcall lg_driver_init+0x0/0x15 returned 0 after 24 usecs
[   10.741608] calling  lg_g15_driver_init+0x0/0x15 @ 1
[   10.741608] initcall lg_g15_driver_init+0x0/0x15 returned 0 after 94 usecs
[   10.741608] calling  ms_driver_init+0x0/0x15 @ 1
[   10.741608] initcall ms_driver_init+0x0/0x15 returned 0 after 20 usecs
[   10.741608] calling  mr_driver_init+0x0/0x15 @ 1
[   10.741608] initcall mr_driver_init+0x0/0x15 returned 0 after 733 usecs
[   10.741608] calling  ntrig_driver_init+0x0/0x15 @ 1
[   10.741608] initcall ntrig_driver_init+0x0/0x15 returned 0 after 295 usecs
[   10.741608] calling  pl_driver_init+0x0/0x15 @ 1
[   10.741608] initcall pl_driver_init+0x0/0x15 returned 0 after 22 usecs
[   10.741608] calling  pl_driver_init+0x0/0x15 @ 1
[   10.741608] initcall pl_driver_init+0x0/0x15 returned 0 after 21 usecs
[   10.741608] calling  redragon_driver_init+0x0/0x15 @ 1
[   10.741608] initcall redragon_driver_init+0x0/0x15 returned 0 after 22 usecs
[   10.741608] calling  samsung_driver_init+0x0/0x15 @ 1
[   10.741608] initcall samsung_driver_init+0x0/0x15 returned 0 after 102 usecs
[   10.741608] calling  sony_init+0x0/0x38 @ 1
[   10.741608] initcall sony_init+0x0/0x38 returned 0 after 124 usecs
[   10.741608] calling  sp_driver_init+0x0/0x15 @ 1
[   10.741608] initcall sp_driver_init+0x0/0x15 returned 0 after 163 usecs
[   10.741608] calling  ts_driver_init+0x0/0x15 @ 1
[   10.741608] initcall ts_driver_init+0x0/0x15 returned 0 after 21 usecs
[   10.741608] calling  hid_init+0x0/0x58 @ 1
[   10.741608] usbcore: registered new interface driver usbhid
[   10.741608] usbhid: USB HID core driver
[   10.741608] initcall hid_init+0x0/0x58 returned 0 after 13899 usecs
[   10.741608] calling  eeepc_laptop_init+0x0/0x57 @ 1
[   10.741608] initcall eeepc_laptop_init+0x0/0x57 returned -19 after 1824 usecs
[   10.741608] calling  pmc_atom_init+0x0/0x27a @ 1
[   10.741608] initcall pmc_atom_init+0x0/0x27a returned -19 after 5 usecs
[   10.741608] calling  alsa_hwdep_init+0x0/0x5e @ 1
[   10.741608] initcall alsa_hwdep_init+0x0/0x5e returned 0 after 833 usecs
[   10.741608] calling  alsa_timer_init+0x0/0x1f0 @ 1
[   11.112824] initcall alsa_timer_init+0x0/0x1f0 returned 0 after 3434 usecs
[   11.121762] sr 2:0:0:0: [sr0] scsi3-mmc drive: 4x/4x cd/rw xa/form2 tray
[   11.126447] calling  snd_hrtimer_init+0x0/0x117 @ 1
[   11.137352] cdrom: Uniform CD-ROM driver Revision: 3.20
[   11.126758] initcall snd_hrtimer_init+0x0/0x117 returned 0 after 2 usecs
[   11.126758] calling  alsa_pcm_init+0x0/0x64 @ 1
[   11.126758] initcall alsa_pcm_init+0x0/0x64 returned 0 after 5 usecs
[   11.126758] calling  alsa_seq_init+0x0/0x4a @ 1
[   11.163836] input: ImExPS/2 Generic Explorer Mouse as /devices/platform/i8042/serio1/input/input3
[   11.168149] initcall alsa_seq_init+0x0/0x4a returned 0 after 22756 usecs
[   11.168149] calling  alsa_seq_dummy_init+0x0/0x9c @ 1
[   11.168149] initcall alsa_seq_dummy_init+0x0/0x9c returned 0 after 49 usecs
[   11.168149] calling  azx_driver_init+0x0/0x15 @ 1
[   11.168149] initcall azx_driver_init+0x0/0x15 returned 0 after 288 usecs
[   11.168149] calling  sock_diag_init+0x0/0x2a @ 1
[   11.168149] initcall sock_diag_init+0x0/0x2a returned 0 after 2928 usecs
[   11.168149] calling  blackhole_init+0x0/0xc @ 1
[   11.168149] initcall blackhole_init+0x0/0xc returned 0 after 157 usecs
[   11.168149] calling  nfnetlink_init+0x0/0x57 @ 1
[   11.168149] initcall nfnetlink_init+0x0/0x57 returned 0 after 285 usecs
[   11.168149] calling  nfnetlink_log_init+0x0/0x99 @ 1
[   11.168149] initcall nfnetlink_log_init+0x0/0x99 returned 0 after 260 usecs
[   11.168149] calling  nf_conntrack_standalone_init+0x0/0x87 @ 1
[   11.168149] initcall nf_conntrack_standalone_init+0x0/0x87 returned 0 after 1568 usecs
[   11.168149] calling  ctnetlink_init+0x0/0x83 @ 1
[   11.168149] initcall ctnetlink_init+0x0/0x83 returned 0 after 46 usecs
[   11.168149] calling  nf_conntrack_ftp_init+0x0/0x12c @ 1
[   11.168149] initcall nf_conntrack_ftp_init+0x0/0x12c returned 0 after 197 usecs
[   11.168149] calling  nf_conntrack_irc_init+0x0/0x129 @ 1
[   11.168149] initcall nf_conntrack_irc_init+0x0/0x129 returned 0 after 235 usecs
[   11.432611] calling  nf_conntrack_sip_init+0x0/0x172 @ 1
[   11.441695] initcall nf_conntrack_sip_init+0x0/0x172 returned 0 after 14 usecs
[   11.453212] calling  nf_nat_init+0x0/0xd2 @ 1
[   11.461885] initcall nf_nat_init+0x0/0xd2 returned 0 after 997 usecs
[   11.472360] calling  nf_nat_ftp_init+0x0/0x2a @ 1
[   11.480222] initcall nf_nat_ftp_init+0x0/0x2a returned 0 after 1 usecs
[   11.491916] calling  nf_nat_irc_init+0x0/0x2a @ 1
[   11.500643] initcall nf_nat_irc_init+0x0/0x2a returned 0 after 0 usecs
