c[?7l[2J[0mSeaBIOS (version 1.16.0-debian-1.16.0-4)
Booting from ROM...
early console in setup code
c[?7l[2J[    0.000000] Linux version 5.10.156+ (root@joelboxx.c.googlers.com) (gcc (Debian 12.2.0-3) 12.2.0, GNU ld (GNU Binutils for Debian) 2.39) #13 SMP PREEMPT Tue Dec 13 04:37:00 UTC 2022
[    0.000000] Command line: selinux=0 initcall_debug debug console=ttyS0 rcutorture.torture_type=tasks nohz_full=1 rcutorture.onoff_interval=1000 rcutorture.onoff_holdoff=30 rcutorture.n_barrier_cbs=4 rcutorture.stat_interval=15 rcutorture.shutdown_secs=1800 rcutorture.test_no_idle_hz=1 rcutorture.verbose=1
[    0.000000] x86/fpu: x87 FPU will use FXSAVE
[    0.000000] BIOS-provided physical RAM map:
[    0.000000] BIOS-e820: [mem 0x0000000000000000-0x000000000009fbff] usable
[    0.000000] BIOS-e820: [mem 0x000000000009fc00-0x000000000009ffff] reserved
[    0.000000] BIOS-e820: [mem 0x00000000000f0000-0x00000000000fffff] reserved
[    0.000000] BIOS-e820: [mem 0x0000000000100000-0x000000001ffdefff] usable
[    0.000000] BIOS-e820: [mem 0x000000001ffdf000-0x000000001fffffff] reserved
[    0.000000] BIOS-e820: [mem 0x00000000b0000000-0x00000000bfffffff] reserved
[    0.000000] BIOS-e820: [mem 0x00000000fed1c000-0x00000000fed1ffff] reserved
[    0.000000] BIOS-e820: [mem 0x00000000feffc000-0x00000000feffffff] reserved
[    0.000000] BIOS-e820: [mem 0x00000000fffc0000-0x00000000ffffffff] reserved
[    0.000000] NX (Execute Disable) protection: active
[    0.000000] SMBIOS 2.8 present.
[    0.000000] DMI: QEMU Standard PC (Q35 + ICH9, 2009), BIOS 1.16.0-debian-1.16.0-4 04/01/2014
[    0.000000] Hypervisor detected: KVM
[    0.000000] kvm-clock: Using msrs 4b564d01 and 4b564d00
[    0.000000] kvm-clock: cpu 0, msr 70bd001, primary cpu clock
[    0.000001] kvm-clock: using sched offset of 2020347221 cycles
[    0.000324] clocksource: kvm-clock: mask: 0xffffffffffffffff max_cycles: 0x1cd42e4dffb, max_idle_ns: 881590591483 ns
[    0.000577] tsc: Detected 1999.999 MHz processor
[    0.009030] e820: update [mem 0x00000000-0x00000fff] usable ==> reserved
[    0.009036] e820: remove [mem 0x000a0000-0x000fffff] usable
[    0.009043] last_pfn = 0x1ffdf max_arch_pfn = 0x400000000
[    0.009982] MTRR default type: write-back
[    0.010042] MTRR fixed ranges enabled:
[    0.010044]   00000-9FFFF write-back
[    0.010045]   A0000-BFFFF uncachable
[    0.010047]   C0000-FFFFF write-protect
[    0.010048] MTRR variable ranges enabled:
[    0.010050]   0 base 00C0000000 mask FFC0000000 uncachable
[    0.010051]   1 disabled
[    0.010052]   2 disabled
[    0.010089]   3 disabled
[    0.010091]   4 disabled
[    0.010092]   5 disabled
[    0.010093]   6 disabled
[    0.010094]   7 disabled
[    0.010683] x86/PAT: Configuration [0-7]: WB  WC  UC- UC  WB  WC  UC- UC  
[    0.022049] found SMP MP-table at [mem 0x000f5ba0-0x000f5baf]
[    0.025266] check: Scanning 1 areas for low memory corruption
[    0.039618] ACPI: Early table checksum verification disabled
[    0.042566] ACPI: RSDP 0x00000000000F59E0 000014 (v00 BOCHS )
[    0.043087] ACPI: RSDT 0x000000001FFE22F5 000038 (v01 BOCHS  BXPC     00000001 BXPC 00000001)
[    0.043504] ACPI: FACP 0x000000001FFE20E5 0000F4 (v03 BOCHS  BXPC     00000001 BXPC 00000001)
[    0.043603] ACPI: DSDT 0x000000001FFE0040 0020A5 (v01 BOCHS  BXPC     00000001 BXPC 00000001)
[    0.043690] ACPI: FACS 0x000000001FFE0000 000040
[    0.043696] ACPI: APIC 0x000000001FFE21D9 000080 (v01 BOCHS  BXPC     00000001 BXPC 00000001)
[    0.043704] ACPI: HPET 0x000000001FFE2259 000038 (v01 BOCHS  BXPC     00000001 BXPC 00000001)
[    0.043710] ACPI: MCFG 0x000000001FFE2291 00003C (v01 BOCHS  BXPC     00000001 BXPC 00000001)
[    0.043717] ACPI: WAET 0x000000001FFE22CD 000028 (v01 BOCHS  BXPC     00000001 BXPC 00000001)
[    0.043723] ACPI: Reserving FACP table memory at [mem 0x1ffe20e5-0x1ffe21d8]
[    0.043725] ACPI: Reserving DSDT table memory at [mem 0x1ffe0040-0x1ffe20e4]
[    0.043727] ACPI: Reserving FACS table memory at [mem 0x1ffe0000-0x1ffe003f]
[    0.043729] ACPI: Reserving APIC table memory at [mem 0x1ffe21d9-0x1ffe2258]
[    0.043731] ACPI: Reserving HPET table memory at [mem 0x1ffe2259-0x1ffe2290]
[    0.043732] ACPI: Reserving MCFG table memory at [mem 0x1ffe2291-0x1ffe22cc]
[    0.043734] ACPI: Reserving WAET table memory at [mem 0x1ffe22cd-0x1ffe22f4]
[    0.045068] ACPI: Local APIC address 0xfee00000
[    0.051026] No NUMA configuration found
[    0.051029] Faking a node at [mem 0x0000000000000000-0x000000001ffdefff]
[    0.051397] NODE_DATA(0) allocated [mem 0x1ffdb000-0x1ffdefff]
[    0.052951] Zone ranges:
[    0.053120]   DMA      [mem 0x0000000000001000-0x0000000000ffffff]
[    0.053194]   DMA32    [mem 0x0000000001000000-0x000000001ffdefff]
[    0.053196]   Normal   empty
[    0.053198] Movable zone start for each node
[    0.053199] Early memory node ranges
[    0.053272]   node   0: [mem 0x0000000000001000-0x000000000009efff]
[    0.053350]   node   0: [mem 0x0000000000100000-0x000000001ffdefff]
[    0.053625] Initmem setup node 0 [mem 0x0000000000001000-0x000000001ffdefff]
[    0.053628] On node 0 totalpages: 130941
[    0.053799]   DMA zone: 64 pages used for memmap
[    0.053800]   DMA zone: 21 pages reserved
[    0.053802]   DMA zone: 3998 pages, LIFO batch:0
[    0.053803]   DMA32 zone: 1984 pages used for memmap
[    0.053804]   DMA32 zone: 126943 pages, LIFO batch:31
[    0.088391] On node 0, zone DMA: 1 pages in unavailable ranges
[    0.092107] On node 0, zone DMA: 97 pages in unavailable ranges
[    0.257284] On node 0, zone DMA32: 33 pages in unavailable ranges
[    0.261881] ACPI: PM-Timer IO Port: 0x608
[    0.261892] ACPI: Local APIC address 0xfee00000
[    0.262150] ACPI: LAPIC_NMI (acpi_id[0xff] dfl dfl lint[0x1])
[    0.262817] IOAPIC[0]: apic_id 0, version 17, address 0xfec00000, GSI 0-23
[    0.262822] ACPI: INT_SRC_OVR (bus 0 bus_irq 0 global_irq 2 dfl dfl)
[    0.262918] ACPI: INT_SRC_OVR (bus 0 bus_irq 5 global_irq 5 high level)
[    0.262920] ACPI: INT_SRC_OVR (bus 0 bus_irq 9 global_irq 9 high level)
[    0.262961] ACPI: INT_SRC_OVR (bus 0 bus_irq 10 global_irq 10 high level)
[    0.262963] ACPI: INT_SRC_OVR (bus 0 bus_irq 11 global_irq 11 high level)
[    0.262965] ACPI: IRQ0 used by override.
[    0.262967] ACPI: IRQ5 used by override.
[    0.262968] ACPI: IRQ9 used by override.
[    0.262969] ACPI: IRQ10 used by override.
[    0.262969] ACPI: IRQ11 used by override.
[    0.263002] Using ACPI (MADT) for SMP configuration information
[    0.263047] ACPI: HPET id: 0x8086a201 base: 0xfed00000
[    0.263568] smpboot: Allowing 2 CPUs, 0 hotplug CPUs
[    0.264496] PM: hibernation: Registered nosave memory: [mem 0x00000000-0x00000fff]
[    0.264499] PM: hibernation: Registered nosave memory: [mem 0x0009f000-0x0009ffff]
[    0.264500] PM: hibernation: Registered nosave memory: [mem 0x000a0000-0x000effff]
[    0.264501] PM: hibernation: Registered nosave memory: [mem 0x000f0000-0x000fffff]
[    0.264510] [mem 0x20000000-0xafffffff] available for PCI devices
[    0.264567] Booting paravirtualized kernel on KVM
[    0.264784] clocksource: refined-jiffies: mask: 0xffffffff max_cycles: 0xffffffff, max_idle_ns: 1910969940391419 ns
[    0.294795] setup_percpu: NR_CPUS:2 nr_cpumask_bits:2 nr_cpu_ids:2 nr_node_ids:1
[    0.337006] percpu: Embedded 56 pages/cpu s191448 r8192 d29736 u1048576
[    0.337103] pcpu-alloc: s191448 r8192 d29736 u1048576 alloc=1*2097152
[    0.337156] pcpu-alloc: [0] 0 1 
[    0.337598] kvm-guest: stealtime: cpu 0, msr 1f41b600
[    0.337939] Built 1 zonelists, mobility grouping on.  Total pages: 128872
[    0.337977] Policy zone: DMA32
[    0.338046] Kernel command line: selinux=0 initcall_debug debug console=ttyS0 rcutorture.torture_type=tasks nohz_full=1 rcutorture.onoff_interval=1000 rcutorture.onoff_holdoff=30 rcutorture.n_barrier_cbs=4 rcutorture.stat_interval=15 rcutorture.shutdown_secs=1800 rcutorture.test_no_idle_hz=1 rcutorture.verbose=1
[    0.344587] Dentry cache hash table entries: 65536 (order: 7, 524288 bytes, linear)
[    0.344632] Inode-cache hash table entries: 32768 (order: 6, 262144 bytes, linear)
[    0.345622] mem auto-init: stack:all(zero), heap alloc:off, heap free:off
[    0.378909] Memory: 479080K/523764K available (16397K kernel code, 2543K rwdata, 4708K rodata, 1508K init, 1396K bss, 44424K reserved, 0K cma-reserved)
[    0.379164] SLUB: HWalign=64, Order=0-3, MinObjects=0, CPUs=2, Nodes=1
[    0.379368] Kernel/User page tables isolation: enabled
[    0.413724] rcu: Preemptible hierarchical RCU implementation.
[    0.413728] rcu: 	RCU event tracing is enabled.
[    0.413752] 	Trampoline variant of Tasks RCU enabled.
[    0.413753] 	Rude variant of Tasks RCU enabled.
[    0.413754] 	Tracing variant of Tasks RCU enabled.
[    0.413805] rcu: RCU calculated value of scheduler-enlistment delay is 100 jiffies.
[    0.441428] NR_IRQS: 4352, nr_irqs: 440, preallocated irqs: 16
[    0.446048] NO_HZ: Full dynticks CPUs: 1.
[    0.446053] rcu: 	Offload RCU callbacks from CPUs: 1.
[    0.448739] calling  con_init+0x0/0x22a @ 0
[    0.622594] Console: colour VGA+ 80x25
[    0.622604] initcall con_init+0x0/0x22a returned 0 after 0 usecs
[    0.622607] calling  hvc_console_init+0x0/0x13 @ 0
[    0.622801] initcall hvc_console_init+0x0/0x13 returned 0 after 0 usecs
[    0.622803] calling  univ8250_console_init+0x0/0x26 @ 0
[    1.520486] printk: console [ttyS0] enabled
[    1.525096] initcall univ8250_console_init+0x0/0x26 returned 0 after 0 usecs
[    1.533281] ACPI: Core revision 20200925
[    1.538862] clocksource: hpet: mask: 0xffffffff max_cycles: 0xffffffff, max_idle_ns: 19112604467 ns
[    1.551767] APIC: Switch to symmetric I/O mode setup
[    1.573811] ..TIMER: vector=0x30 apic1=0 pin1=2 apic2=-1 pin2=-1
[    1.581075] clocksource: tsc-early: mask: 0xffffffffffffffff max_cycles: 0x39a85afc727, max_idle_ns: 881590685098 ns
[    1.592980] Calibrating delay loop (skipped) preset value.. 3999.99 BogoMIPS (lpj=1999999)
[    1.593983] pid_max: default: 32768 minimum: 301
[    1.595117] LSM: Security Framework initializing
[    1.597083] Mount-cache hash table entries: 1024 (order: 1, 8192 bytes, linear)
[    1.598019] Mountpoint-cache hash table entries: 1024 (order: 1, 8192 bytes, linear)
[    1.606253] Last level iTLB entries: 4KB 0, 2MB 0, 4MB 0
[    1.606979] Last level dTLB entries: 4KB 0, 2MB 0, 4MB 0, 1GB 0
[    1.608015] Spectre V1 : Mitigation: usercopy/swapgs barriers and __user pointer sanitization
[    1.609001] Spectre V2 : Mitigation: Retpolines
[    1.609976] Spectre V2 : Spectre v2 / SpectreRSB mitigation: Filling RSB on context switch
[    1.610977] Spectre V2 : Spectre v2 / SpectreRSB : Filling RSB on VMEXIT
[    1.611977] Speculative Store Bypass: Vulnerable
[    1.612982] MDS: Vulnerable: Clear CPU buffers attempted, no microcode
[    1.613976] MMIO Stale Data: Unknown: No mitigations
[    1.665239] Freeing SMP alternatives memory: 40K
[    1.769973] smpboot: CPU0: Intel Common KVM processor (family: 0xf, model: 0x6, stepping: 0x1)
[    1.770652] calling  init_hw_perf_events+0x0/0x6ce @ 1
[    1.770978] Performance Events: unsupported Netburst CPU model 6 no PMU driver, software events only.
[    1.771984] initcall init_hw_perf_events+0x0/0x6ce returned 0 after 976 usecs
[    1.772994] calling  init_real_mode+0x0/0x1e9 @ 1
[    1.774316] initcall init_real_mode+0x0/0x1e9 returned 0 after 0 usecs
[    1.774981] calling  trace_init_perf_perm_irq_work_exit+0x0/0x12 @ 1
[    1.775979] initcall trace_init_perf_perm_irq_work_exit+0x0/0x12 returned 0 after 0 usecs
[    1.776998] calling  validate_x2apic+0x0/0x4a @ 1
[    1.778014] initcall validate_x2apic+0x0/0x4a returned 0 after 0 usecs
[    1.778985] calling  register_nmi_cpu_backtrace_handler+0x0/0x15 @ 1
[    1.779986] initcall register_nmi_cpu_backtrace_handler+0x0/0x15 returned 0 after 0 usecs
[    1.780983] calling  kvm_setup_vsyscall_timeinfo+0x0/0xd1 @ 1
[    1.781982] initcall kvm_setup_vsyscall_timeinfo+0x0/0xd1 returned 0 after 0 usecs
[    1.782997] calling  spawn_ksoftirqd+0x0/0x38 @ 1
[    1.784103] initcall spawn_ksoftirqd+0x0/0x38 returned 0 after 0 usecs
[    1.784983] calling  migration_init+0x0/0x3d @ 1
[    1.785984] initcall migration_init+0x0/0x3d returned 0 after 0 usecs
[    1.786984] calling  srcu_bootup_announce+0x0/0x2f @ 1
[    1.787988] rcu: Hierarchical SRCU implementation.
[    1.788983] initcall srcu_bootup_announce+0x0/0x2f returned 0 after 976 usecs
[    1.789981] calling  rcu_spawn_gp_kthread+0x0/0x1dd @ 1
[    1.791077] initcall rcu_spawn_gp_kthread+0x0/0x1dd returned 0 after 0 usecs
[    1.791998] calling  check_cpu_stall_init+0x0/0x1a @ 1
[    1.792980] initcall check_cpu_stall_init+0x0/0x1a returned 0 after 0 usecs
[    1.793980] calling  rcu_sysrq_init+0x0/0x21 @ 1
[    1.795983] initcall rcu_sysrq_init+0x0/0x21 returned 0 after 976 usecs
[    1.796988] calling  trace_init_flags_sys_enter+0x0/0xe @ 1
[    1.797982] initcall trace_init_flags_sys_enter+0x0/0xe returned 0 after 0 usecs
[    1.798979] calling  trace_init_flags_sys_exit+0x0/0xe @ 1
[    1.799981] initcall trace_init_flags_sys_exit+0x0/0xe returned 0 after 0 usecs
[    1.800979] calling  cpu_stop_init+0x0/0x6e @ 1
[    1.802084] initcall cpu_stop_init+0x0/0x6e returned 0 after 0 usecs
[    1.802980] calling  init_kprobes+0x0/0x165 @ 1
[    1.805351] initcall init_kprobes+0x0/0x165 returned 0 after 976 usecs
[    1.805980] calling  init_events+0x0/0x3d @ 1
[    1.806986] initcall init_events+0x0/0x3d returned 0 after 0 usecs
[    1.807980] calling  init_trace_printk+0x0/0xc @ 1
[    1.808997] initcall init_trace_printk+0x0/0xc returned 0 after 0 usecs
[    1.809979] calling  event_trace_enable_again+0x0/0x23 @ 1
[    1.810979] initcall event_trace_enable_again+0x0/0x23 returned 0 after 0 usecs
[    1.811979] calling  static_call_init+0x0/0x77 @ 1
[    1.812979] initcall static_call_init+0x0/0x77 returned 0 after 0 usecs
[    1.813979] calling  jump_label_init_module+0x0/0xc @ 1
[    1.814979] initcall jump_label_init_module+0x0/0xc returned 0 after 0 usecs
[    1.815979] calling  init_zero_pfn+0x0/0x37 @ 1
[    1.816978] initcall init_zero_pfn+0x0/0x37 returned 0 after 0 usecs
[    1.817995] calling  initialize_ptr_random+0x0/0x54 @ 1
[    1.818979] initcall initialize_ptr_random+0x0/0x54 returned 0 after 0 usecs
[    1.819993] calling  efi_memreserve_root_init+0x0/0x25 @ 1
[    1.821016] initcall efi_memreserve_root_init+0x0/0x25 returned 0 after 0 usecs
[    1.821979] calling  efi_earlycon_remap_fb+0x0/0x51 @ 1
[    1.822978] initcall efi_earlycon_remap_fb+0x0/0x51 returned 0 after 0 usecs
[    1.824327] smp: Bringing up secondary CPUs ...
[    1.825979] x86: Booting SMP configuration:
[    1.826977] .... node  #0, CPUs:      #1
[    1.144638] kvm-clock: cpu 1, msr 70bd041, secondary cpu clock
[    1.851282] kvm-guest: stealtime: cpu 1, msr 1f51b600
[    1.864518] smp: Brought up 1 node, 2 CPUs
[    1.864993] smpboot: Max logical packages: 1
[    1.865981] smpboot: Total of 2 processors activated (7999.99 BogoMIPS)
[    1.868475] devtmpfs: initialized
[    1.869525] calling  ipc_ns_init+0x0/0x3d @ 1
[    1.870047] initcall ipc_ns_init+0x0/0x3d returned 0 after 0 usecs
[    1.871012] calling  init_mmap_min_addr+0x0/0x21 @ 1
[    1.872980] initcall init_mmap_min_addr+0x0/0x21 returned 0 after 0 usecs
[    1.873981] calling  pci_realloc_setup_params+0x0/0x3f @ 1
[    1.874982] initcall pci_realloc_setup_params+0x0/0x3f returned 0 after 0 usecs
[    1.875988] calling  net_ns_init+0x0/0x140 @ 1
[    1.877305] initcall net_ns_init+0x0/0x140 returned 0 after 0 usecs
[    1.877999] calling  e820__register_nvs_regions+0x0/0x37 @ 1
[    1.878980] initcall e820__register_nvs_regions+0x0/0x37 returned 0 after 0 usecs
[    1.879980] calling  cpufreq_register_tsc_scaling+0x0/0x2e @ 1
[    1.880980] initcall cpufreq_register_tsc_scaling+0x0/0x2e returned 0 after 0 usecs
[    1.881981] calling  reboot_init+0x0/0x3c @ 1
[    1.883026] initcall reboot_init+0x0/0x3c returned 0 after 0 usecs
[    1.883981] calling  init_lapic_sysfs+0x0/0x20 @ 1
[    1.884980] initcall init_lapic_sysfs+0x0/0x20 returned 0 after 0 usecs
[    1.885981] calling  alloc_frozen_cpus+0x0/0x7 @ 1
[    1.886980] initcall alloc_frozen_cpus+0x0/0x7 returned 0 after 0 usecs
[    1.887980] calling  cpu_hotplug_pm_sync_init+0x0/0x13 @ 1
[    1.888981] initcall cpu_hotplug_pm_sync_init+0x0/0x13 returned 0 after 0 usecs
[    1.889982] calling  wq_sysfs_init+0x0/0x2a @ 1
[    1.891996] initcall wq_sysfs_init+0x0/0x2a returned 0 after 976 usecs
[    1.892982] calling  ksysfs_init+0x0/0x92 @ 1
[    1.894021] initcall ksysfs_init+0x0/0x92 returned 0 after 0 usecs
[    1.894981] calling  schedutil_gov_init+0x0/0xc @ 1
[    1.896054] initcall schedutil_gov_init+0x0/0xc returned 0 after 0 usecs
[    1.896979] calling  pm_init+0x0/0x76 @ 1
[    1.898030] initcall pm_init+0x0/0x76 returned 0 after 0 usecs
[    1.898983] calling  pm_disk_init+0x0/0x13 @ 1
[    1.900010] initcall pm_disk_init+0x0/0x13 returned 0 after 0 usecs
[    1.900979] calling  swsusp_header_init+0x0/0x2b @ 1
[    1.901981] initcall swsusp_header_init+0x0/0x2b returned 0 after 0 usecs
[    1.902984] calling  rcu_set_runtime_mode+0x0/0x16 @ 1
[    1.903980] initcall rcu_set_runtime_mode+0x0/0x16 returned 0 after 0 usecs
[    1.904979] calling  init_jiffies_clocksource+0x0/0x13 @ 1
[    1.905978] clocksource: jiffies: mask: 0xffffffff max_cycles: 0xffffffff, max_idle_ns: 1911260446275000 ns
[    1.906982] initcall init_jiffies_clocksource+0x0/0x13 returned 0 after 976 usecs
[    1.907980] calling  futex_init+0x0/0xfa @ 1
[    1.908983] futex hash table entries: 512 (order: 3, 32768 bytes, linear)
[    1.910151] initcall futex_init+0x0/0xfa returned 0 after 976 usecs
[    1.910983] calling  cgroup_wq_init+0x0/0x28 @ 1
[    1.911990] initcall cgroup_wq_init+0x0/0x28 returned 0 after 0 usecs
[    1.912983] calling  cgroup1_wq_init+0x0/0x28 @ 1
[    1.913990] initcall cgroup1_wq_init+0x0/0x28 returned 0 after 0 usecs
[    1.915012] calling  init_kprobe_trace_early+0x0/0x2a @ 1
[    1.915982] initcall init_kprobe_trace_early+0x0/0x2a returned 0 after 0 usecs
[    1.916981] calling  fsnotify_init+0x0/0x48 @ 1
[    1.917991] initcall fsnotify_init+0x0/0x48 returned 0 after 0 usecs
[    1.918985] calling  filelock_init+0x0/0x96 @ 1
[    1.919989] initcall filelock_init+0x0/0x96 returned 0 after 0 usecs
[    1.920979] calling  init_misc_binfmt+0x0/0x2c @ 1
[    1.921982] initcall init_misc_binfmt+0x0/0x2c returned 0 after 0 usecs
[    1.922980] calling  init_script_binfmt+0x0/0x15 @ 1
[    1.923979] initcall init_script_binfmt+0x0/0x15 returned 0 after 0 usecs
[    1.925083] calling  init_elf_binfmt+0x0/0x15 @ 1
[    1.925980] initcall init_elf_binfmt+0x0/0x15 returned 0 after 0 usecs
[    1.926980] calling  init_compat_elf_binfmt+0x0/0x15 @ 1
[    1.927979] initcall init_compat_elf_binfmt+0x0/0x15 returned 0 after 0 usecs
[    1.928980] calling  debugfs_init+0x0/0x5c @ 1
[    1.930023] initcall debugfs_init+0x0/0x5c returned 0 after 0 usecs
[    1.930979] calling  tracefs_init+0x0/0x3a @ 1
[    1.931988] initcall tracefs_init+0x0/0x3a returned 0 after 0 usecs
[    1.932980] calling  prandom_init_early+0x0/0x15d @ 1
[    1.933980] initcall prandom_init_early+0x0/0x15d returned 0 after 0 usecs
[    1.935138] calling  virtio_init+0x0/0x20 @ 1
[    1.936069] initcall virtio_init+0x0/0x20 returned 0 after 0 usecs
[    1.936981] calling  iommu_init+0x0/0x2a @ 1
[    1.937983] initcall iommu_init+0x0/0x2a returned 0 after 0 usecs
[    1.938983] calling  component_debug_init+0x0/0x1c @ 1
[    1.941116] initcall component_debug_init+0x0/0x1c returned 0 after 0 usecs
[    1.941983] calling  early_resume_init+0x0/0xb9 @ 1
[    1.943703] PM: RTC time: 04:45:30, date: 2022-12-13
[    1.943983] initcall early_resume_init+0x0/0xb9 returned 0 after 976 usecs
[    1.944981] calling  cpufreq_core_init+0x0/0x62 @ 1
[    1.946003] initcall cpufreq_core_init+0x0/0x62 returned 0 after 0 usecs
[    1.946980] calling  cpufreq_gov_performance_init+0x0/0xc @ 1
[    1.947981] initcall cpufreq_gov_performance_init+0x0/0xc returned 0 after 0 usecs
[    1.948979] calling  cpufreq_gov_userspace_init+0x0/0xc @ 1
[    1.949980] initcall cpufreq_gov_userspace_init+0x0/0xc returned 0 after 0 usecs
[    1.950980] calling  CPU_FREQ_GOV_ONDEMAND_init+0x0/0xc @ 1
[    1.951980] initcall CPU_FREQ_GOV_ONDEMAND_init+0x0/0xc returned 0 after 0 usecs
[    1.952979] calling  cpuidle_init+0x0/0x1f @ 1
[    1.954029] initcall cpuidle_init+0x0/0x1f returned 0 after 0 usecs
[    1.954979] calling  capsule_reboot_register+0x0/0xc @ 1
[    1.955994] initcall capsule_reboot_register+0x0/0xc returned 0 after 0 usecs
[    1.956979] calling  sock_init+0x0/0x93 @ 1
[    1.958329] initcall sock_init+0x0/0x93 returned 0 after 0 usecs
[    1.958979] calling  net_inuse_init+0x0/0x23 @ 1
[    1.959982] initcall net_inuse_init+0x0/0x23 returned 0 after 0 usecs
[    1.960980] calling  net_defaults_init+0x0/0x23 @ 1
[    1.961983] initcall net_defaults_init+0x0/0x23 returned 0 after 0 usecs
[    1.962979] calling  init_default_flow_dissectors+0x0/0x4f @ 1
[    1.963979] initcall init_default_flow_dissectors+0x0/0x4f returned 0 after 0 usecs
[    1.964979] calling  netpoll_init+0x0/0x26 @ 1
[    1.965978] initcall netpoll_init+0x0/0x26 returned 0 after 0 usecs
[    1.966978] calling  netlink_proto_init+0x0/0x14f @ 1
[    1.969038] NET: Registered protocol family 16
[    1.970026] initcall netlink_proto_init+0x0/0x14f returned 0 after 1953 usecs
[    1.970995] calling  genl_init+0x0/0x35 @ 1
[    1.971986] initcall genl_init+0x0/0x35 returned 0 after 0 usecs
[    1.973003] calling  bsp_pm_check_init+0x0/0x13 @ 1
[    1.973979] initcall bsp_pm_check_init+0x0/0x13 returned 0 after 0 usecs
[    1.974996] calling  irq_sysfs_init+0x0/0xb7 @ 1
[    1.976066] initcall irq_sysfs_init+0x0/0xb7 returned 0 after 0 usecs
[    1.976980] calling  audit_init+0x0/0x160 @ 1
[    1.977980] audit: initializing netlink subsys (disabled)
[    1.979084] initcall audit_init+0x0/0x160 returned 0 after 976 usecs
[    1.979980] calling  release_early_probes+0x0/0x32 @ 1
[    1.980979] initcall release_early_probes+0x0/0x32 returned 0 after 0 usecs
[    1.981979] calling  bdi_class_init+0x0/0x48 @ 1
[    1.983996] initcall bdi_class_init+0x0/0x48 returned 0 after 0 usecs
[    1.984979] calling  mm_sysfs_init+0x0/0x28 @ 1
[    1.985998] audit: type=2000 audit(1670906729.625:1): state=initialized audit_enabled=0 res=1
[    1.986001] initcall mm_sysfs_init+0x0/0x28 returned 0 after 0 usecs
[    1.994985] calling  init_per_zone_wmark_min+0x0/0x6d @ 1
[    2.001987] initcall init_per_zone_wmark_min+0x0/0x6d returned 0 after 0 usecs
[    2.009982] calling  mpi_init+0x0/0x3e @ 1
[    2.015006] initcall mpi_init+0x0/0x3e returned 0 after 0 usecs
[    2.021984] calling  kobject_uevent_init+0x0/0xc @ 1
[    2.028004] initcall kobject_uevent_init+0x0/0xc returned 0 after 0 usecs
[    2.035982] calling  pcibus_class_init+0x0/0x13 @ 1
[    2.041996] initcall pcibus_class_init+0x0/0x13 returned 0 after 0 usecs
[    2.048982] calling  pci_driver_init+0x0/0x21 @ 1
[    2.055017] initcall pci_driver_init+0x0/0x21 returned 0 after 0 usecs
[    2.061980] calling  backlight_class_init+0x0/0xa8 @ 1
[    2.068007] initcall backlight_class_init+0x0/0xa8 returned 0 after 0 usecs
[    2.075981] calling  tty_class_init+0x0/0x33 @ 1
[    2.080987] initcall tty_class_init+0x0/0x33 returned 0 after 0 usecs
[    2.087983] calling  vtconsole_class_init+0x0/0xb5 @ 1
[    2.094035] initcall vtconsole_class_init+0x0/0xb5 returned 0 after 0 usecs
[    2.101981] calling  iommu_dev_init+0x0/0x13 @ 1
[    2.107004] initcall iommu_dev_init+0x0/0x13 returned 0 after 0 usecs
[    2.114983] calling  mipi_dsi_bus_init+0x0/0xc @ 1
[    2.121023] initcall mipi_dsi_bus_init+0x0/0xc returned 0 after 0 usecs
[    2.130986] calling  devlink_class_init+0x0/0x40 @ 1
[    2.137010] initcall devlink_class_init+0x0/0x40 returned 0 after 976 usecs
[    2.144985] calling  software_node_init+0x0/0x2a @ 1
[    2.150995] initcall software_node_init+0x0/0x2a returned 0 after 0 usecs
[    2.157983] calling  wakeup_sources_debugfs_init+0x0/0x23 @ 1
[    2.165003] initcall wakeup_sources_debugfs_init+0x0/0x23 returned 0 after 0 usecs
[    2.172981] calling  wakeup_sources_sysfs_init+0x0/0x2c @ 1
[    2.179996] initcall wakeup_sources_sysfs_init+0x0/0x2c returned 0 after 0 usecs
[    2.187982] calling  register_node_type+0x0/0x13 @ 1
[    2.193012] initcall register_node_type+0x0/0x13 returned 0 after 0 usecs
[    2.200981] calling  regmap_initcall+0x0/0xc @ 1
[    2.205992] initcall regmap_initcall+0x0/0xc returned 0 after 0 usecs
[    2.212981] calling  i2c_init+0x0/0xb3 @ 1
[    2.218046] initcall i2c_init+0x0/0xb3 returned 0 after 0 usecs
[    2.223980] calling  thermal_init+0x0/0xf2 @ 1
[    2.228978] thermal_sys: Registered thermal governor 'step_wise'
[    2.228980] thermal_sys: Registered thermal governor 'user_space'
[    2.235994] initcall thermal_init+0x0/0xf2 returned 0 after 6835 usecs
[    2.250986] calling  init_menu+0x0/0xc @ 1
[    2.258068] cpuidle: using governor menu
[    2.258985] initcall init_menu+0x0/0xc returned 0 after 2929 usecs
[    2.259982] calling  pcc_init+0x0/0x4d @ 1
[    2.260982] initcall pcc_init+0x0/0x4d returned -19 after 0 usecs
[    2.261984] calling  amd_postcore_init+0x0/0x11e @ 1
[    2.262984] initcall amd_postcore_init+0x0/0x11e returned 0 after 0 usecs
[    2.264002] calling  bts_init+0x0/0xba @ 1
[    2.264982] initcall bts_init+0x0/0xba returned -19 after 0 usecs
[    2.265982] calling  pt_init+0x0/0x341 @ 1
[    2.266980] initcall pt_init+0x0/0x341 returned -19 after 0 usecs
[    2.267980] calling  boot_params_ksysfs_init+0x0/0x2ee @ 1
[    2.269009] initcall boot_params_ksysfs_init+0x0/0x2ee returned 0 after 0 usecs
[    2.270978] calling  sbf_init+0x0/0xea @ 1
[    2.271980] initcall sbf_init+0x0/0xea returned 0 after 0 usecs
[    2.272979] calling  arch_kdebugfs_init+0x0/0x219 @ 1
[    2.274004] initcall arch_kdebugfs_init+0x0/0x219 returned 0 after 0 usecs
[    2.274984] calling  intel_pconfig_init+0x0/0x85 @ 1
[    2.275981] initcall intel_pconfig_init+0x0/0x85 returned 0 after 0 usecs
[    2.276981] calling  mtrr_if_init+0x0/0x5d @ 1
[    2.277984] initcall mtrr_if_init+0x0/0x5d returned 0 after 0 usecs
[    2.278980] calling  activate_jump_labels+0x0/0x31 @ 1
[    2.279983] initcall activate_jump_labels+0x0/0x31 returned 0 after 0 usecs
[    2.280983] calling  ffh_cstate_init+0x0/0x29 @ 1
[    2.281988] initcall ffh_cstate_init+0x0/0x29 returned 0 after 0 usecs
[    2.282983] calling  activate_jump_labels+0x0/0x31 @ 1
[    2.284477] initcall activate_jump_labels+0x0/0x31 returned 0 after 0 usecs
[    2.284980] calling  kvm_alloc_cpumask+0x0/0x74 @ 1
[    2.286045] initcall kvm_alloc_cpumask+0x0/0x74 returned 0 after 0 usecs
[    2.286980] calling  kcmp_cookies_init+0x0/0x37 @ 1
[    2.287984] initcall kcmp_cookies_init+0x0/0x37 returned 0 after 0 usecs
[    2.288979] calling  cryptomgr_init+0x0/0xc @ 1
[    2.290049] initcall cryptomgr_init+0x0/0xc returned 0 after 0 usecs
[    2.290980] calling  acpi_pci_init+0x0/0x57 @ 1
[    2.291978] ACPI: bus type PCI registered
[    2.292980] initcall acpi_pci_init+0x0/0x57 returned 0 after 976 usecs
[    2.293981] calling  dma_channel_table_init+0x0/0xd1 @ 1
[    2.294988] initcall dma_channel_table_init+0x0/0xd1 returned 0 after 0 usecs
[    2.295981] calling  dma_bus_init+0x0/0xdc @ 1
[    2.297041] initcall dma_bus_init+0x0/0xdc returned 0 after 0 usecs
[    2.298109] calling  iommu_dma_init+0x0/0x10 @ 1
[    2.299004] initcall iommu_dma_init+0x0/0x10 returned 0 after 0 usecs
[    2.299995] calling  dmi_id_init+0x0/0x37c @ 1
[    2.301072] initcall dmi_id_init+0x0/0x37c returned 0 after 0 usecs
[    2.301980] calling  pci_arch_init+0x0/0x71 @ 1
[    2.303627] PCI: MMCONFIG for domain 0000 [bus 00-ff] at [mem 0xb0000000-0xbfffffff] (base 0xb0000000)
[    2.303981] PCI: MMCONFIG at [mem 0xb0000000-0xbfffffff] reserved in E820
[    2.304999] PCI: Using configuration type 1 for base access
[    2.306007] initcall pci_arch_init+0x0/0x71 returned 0 after 2929 usecs
[    2.307001] calling  init_vdso+0x0/0x13 @ 1
[    2.308012] initcall init_vdso+0x0/0x13 returned 0 after 0 usecs
[    2.308979] calling  sysenter_setup+0x0/0x13 @ 1
[    2.310029] initcall sysenter_setup+0x0/0x13 returned 0 after 0 usecs
[    2.310979] calling  fixup_ht_bug+0x0/0xe5 @ 1
[    2.311978] initcall fixup_ht_bug+0x0/0xe5 returned 0 after 0 usecs
[    2.312978] calling  topology_init+0x0/0x88 @ 1
[    2.314997] initcall topology_init+0x0/0x88 returned 0 after 976 usecs
[    2.315979] calling  intel_epb_init+0x0/0x68 @ 1
[    2.316978] initcall intel_epb_init+0x0/0x68 returned -19 after 0 usecs
[    2.317979] calling  mtrr_init_finialize+0x0/0x3e @ 1
[    2.318984] initcall mtrr_init_finialize+0x0/0x3e returned 0 after 0 usecs
[    2.319980] calling  uid_cache_init+0x0/0x85 @ 1
[    2.320985] initcall uid_cache_init+0x0/0x85 returned 0 after 0 usecs
[    2.321979] calling  param_sysfs_init+0x0/0x1ba @ 1
[    2.325991] initcall param_sysfs_init+0x0/0x1ba returned 0 after 2929 usecs
[    2.326980] calling  user_namespace_sysctl_init+0x0/0x33 @ 1
[    2.327989] initcall user_namespace_sysctl_init+0x0/0x33 returned 0 after 0 usecs
[    2.328991] calling  proc_schedstat_init+0x0/0x24 @ 1
[    2.330001] initcall proc_schedstat_init+0x0/0x24 returned 0 after 0 usecs
[    2.330978] calling  pm_sysrq_init+0x0/0x18 @ 1
[    2.332033] initcall pm_sysrq_init+0x0/0x18 returned 0 after 0 usecs
[    2.339061] calling  create_proc_profile+0x0/0xd0 @ 1
[    2.345122] initcall create_proc_profile+0x0/0xd0 returned 0 after 0 usecs
[    2.352985] calling  time_ns_init+0x0/0x7 @ 1
[    2.357982] initcall time_ns_init+0x0/0x7 returned 0 after 0 usecs
[    2.364987] calling  crash_save_vmcoreinfo_init+0x0/0x722 @ 1
[    2.372092] initcall crash_save_vmcoreinfo_init+0x0/0x722 returned 0 after 0 usecs
[    2.380981] calling  crash_notes_memory_init+0x0/0x35 @ 1
[    2.386986] initcall crash_notes_memory_init+0x0/0x35 returned 0 after 0 usecs
[    2.394986] calling  cgroup_sysfs_init+0x0/0x13 @ 1
[    2.401005] initcall cgroup_sysfs_init+0x0/0x13 returned 0 after 0 usecs
[    2.408981] calling  cgroup_namespaces_init+0x0/0x7 @ 1
[    2.413980] initcall cgroup_namespaces_init+0x0/0x7 returned 0 after 0 usecs
[    2.422980] calling  init_optprobes+0x0/0x13 @ 1
[    2.427979] Kprobes globally optimized
[    2.431980] initcall init_optprobes+0x0/0x13 returned 0 after 3906 usecs
[    2.439979] calling  oom_init+0x0/0x2f @ 1
[    2.445233] initcall oom_init+0x0/0x2f returned 0 after 0 usecs
[    2.451998] calling  default_bdi_init+0x0/0xb3 @ 1
[    2.458192] initcall default_bdi_init+0x0/0xb3 returned 0 after 976 usecs
[    2.465982] calling  percpu_enable_async+0x0/0xe @ 1
[    2.470980] initcall percpu_enable_async+0x0/0xe returned 0 after 0 usecs
[    2.478980] calling  kcompactd_init+0x0/0x8d @ 1
[    2.485275] initcall kcompactd_init+0x0/0x8d returned 0 after 0 usecs
[    2.493035] calling  init_user_reserve+0x0/0x40 @ 1
[    2.497996] initcall init_user_reserve+0x0/0x40 returned 0 after 0 usecs
[    2.505982] calling  init_admin_reserve+0x0/0x40 @ 1
[    2.511982] initcall init_admin_reserve+0x0/0x40 returned 0 after 0 usecs
[    2.519983] calling  init_reserve_notifier+0x0/0x7 @ 1
[    2.525989] initcall init_reserve_notifier+0x0/0x7 returned 0 after 0 usecs
[    2.533983] calling  swap_init_sysfs+0x0/0x62 @ 1
[    2.538992] initcall swap_init_sysfs+0x0/0x62 returned 0 after 0 usecs
[    2.547983] calling  swapfile_init+0x0/0x94 @ 1
[    2.552985] initcall swapfile_init+0x0/0x94 returned 0 after 0 usecs
[    2.560982] calling  hugetlb_init+0x0/0x499 @ 1
[    2.566016] HugeTLB registered 2.00 MiB page size, pre-allocated 0 pages
[    2.574010] initcall hugetlb_init+0x0/0x499 returned 0 after 7812 usecs
[    2.581984] calling  io_wq_init+0x0/0x34 @ 1
[    2.586982] initcall io_wq_init+0x0/0x34 returned 0 after 0 usecs
[    2.593987] calling  seqiv_module_init+0x0/0xc @ 1
[    2.599988] initcall seqiv_module_init+0x0/0xc returned 0 after 0 usecs
[    2.607982] calling  echainiv_module_init+0x0/0xc @ 1
[    2.614986] initcall echainiv_module_init+0x0/0xc returned 0 after 0 usecs
[    2.623064] calling  rsa_init+0x0/0x50 @ 1
[    2.628991] initcall rsa_init+0x0/0x50 returned 0 after 976 usecs
[    2.629194] cryptomgr_test (31) used greatest stack depth: 15184 bytes left
[    2.629007] calling  crypto_cmac_module_init+0x0/0xc @ 1
[    2.629014] initcall crypto_cmac_module_init+0x0/0xc returned 0 after 0 usecs
[    2.645984] calling  hmac_module_init+0x0/0xc @ 1
[    2.650981] initcall hmac_module_init+0x0/0xc returned 0 after 0 usecs
[    2.657984] calling  crypto_null_mod_init+0x0/0x65 @ 1
[    2.665996] cryptomgr_test (33) used greatest stack depth: 15136 bytes left
[    2.668187] initcall crypto_null_mod_init+0x0/0x65 returned 0 after 3906 usecs
[    2.675985] calling  md5_mod_init+0x0/0xc @ 1
[    2.682177] initcall md5_mod_init+0x0/0xc returned 0 after 0 usecs
[    2.689984] calling  sha256_generic_mod_init+0x0/0x11 @ 1
[    2.697985] initcall sha256_generic_mod_init+0x0/0x11 returned 0 after 1953 usecs
[    2.707147] calling  crypto_cbc_module_init+0x0/0xc @ 1
[    2.713983] initcall crypto_cbc_module_init+0x0/0xc returned 0 after 0 usecs
[    2.722987] calling  crypto_ctr_module_init+0x0/0x11 @ 1
[    2.729985] initcall crypto_ctr_module_init+0x0/0x11 returned 0 after 0 usecs
[    2.738983] calling  crypto_gcm_module_init+0x0/0x64 @ 1
[    2.745035] initcall crypto_gcm_module_init+0x0/0x64 returned 0 after 0 usecs
[    2.753983] calling  crypto_ccm_module_init+0x0/0x11 @ 1
[    2.760982] initcall crypto_ccm_module_init+0x0/0x11 returned 0 after 0 usecs
[    2.769999] calling  aes_init+0x0/0xc @ 1
[    2.775189] initcall aes_init+0x0/0xc returned 0 after 0 usecs
[    2.781985] calling  crc32c_mod_init+0x0/0xc @ 1
[    2.788159] initcall crc32c_mod_init+0x0/0xc returned 0 after 0 usecs
[    2.795983] calling  crypto_authenc_module_init+0x0/0xc @ 1
[    2.801986] initcall crypto_authenc_module_init+0x0/0xc returned 0 after 0 usecs
[    2.810981] calling  crypto_authenc_esn_module_init+0x0/0xc @ 1
[    2.817984] initcall crypto_authenc_esn_module_init+0x0/0xc returned 0 after 0 usecs
[    2.827131] calling  drbg_init+0x0/0x7c @ 1
[    2.839985] initcall drbg_init+0x0/0x7c returned 0 after 7812 usecs
[    2.847987] calling  ghash_mod_init+0x0/0xc @ 1
[    2.852090] initcall ghash_mod_init+0x0/0xc returned 0 after 976 usecs
[    2.859984] calling  init_bio+0x0/0x9a @ 1
[    2.865030] initcall init_bio+0x0/0x9a returned 0 after 0 usecs
[    2.870981] calling  blk_settings_init+0x0/0x29 @ 1
[    2.876980] initcall blk_settings_init+0x0/0x29 returned 0 after 0 usecs
[    2.884979] calling  blk_ioc_init+0x0/0x29 @ 1
[    2.889989] initcall blk_ioc_init+0x0/0x29 returned 0 after 0 usecs
[    2.896980] calling  blk_mq_init+0x0/0xb9 @ 1
[    2.906992] initcall blk_mq_init+0x0/0xb9 returned 0 after 0 usecs
[    2.914983] calling  genhd_device_init+0x0/0x75 @ 1
[    2.922201] initcall genhd_device_init+0x0/0x75 returned 0 after 976 usecs
[    2.930999] calling  pci_slot_init+0x0/0x40 @ 1
[    2.935986] initcall pci_slot_init+0x0/0x40 returned 0 after 0 usecs
[    2.943981] calling  fbmem_init+0x0/0xd8 @ 1
[    2.949015] initcall fbmem_init+0x0/0xd8 returned 0 after 0 usecs
[    2.957973] calling  acpi_init+0x0/0x319 @ 1
[    2.965771] ACPI: Added _OSI(Module Device)
[    2.970988] ACPI: Added _OSI(Processor Device)
[    2.975979] ACPI: Added _OSI(3.0 _SCP Extensions)
[    2.981979] ACPI: Added _OSI(Processor Aggregator Device)
[    2.988002] ACPI: Added _OSI(Linux-Dell-Video)
[    2.992978] ACPI: Added _OSI(Linux-Lenovo-NV-HDMI-Audio)
[    2.999980] ACPI: Added _OSI(Linux-HPI-Hybrid-Graphics)
[    3.009459] ACPI: 1 ACPI AML tables successfully acquired and loaded
[    3.025399] ACPI: Interpreter enabled
[    3.030986] ACPI: (supports S0 S3 S4 S5)
[    3.035089] ACPI: Using IOAPIC for interrupt routing
[    3.041666] PCI: Using host bridge windows from ACPI; if necessary, use "pci=nocrs" and report a bug
[    3.052377] ACPI: Enabled 2 GPEs in block 00 to 3F
[    3.063098] ACPI: PCI Root Bridge [PCI0] (domain 0000 [bus 00-ff])
[    3.070172] acpi PNP0A08:00: _OSC: OS supports [ExtendedConfig ASPM ClockPM Segments MSI HPX-Type3]
[    3.081024] acpi PNP0A08:00: _OSC: platform does not support [LTR]
[    3.088041] acpi PNP0A08:00: _OSC: OS now controls [PME PCIeCapability]
[    3.095349] PCI host bridge to bus 0000:00
[    3.099992] pci_bus 0000:00: root bus resource [io  0x0000-0x0cf7 window]
[    3.106999] pci_bus 0000:00: root bus resource [io  0x0d00-0xffff window]
[    3.114980] pci_bus 0000:00: root bus resource [mem 0x000a0000-0x000bffff window]
[    3.122979] pci_bus 0000:00: root bus resource [mem 0x20000000-0xafffffff window]
[    3.130979] pci_bus 0000:00: root bus resource [mem 0xc0000000-0xfebfffff window]
[    3.138979] pci_bus 0000:00: root bus resource [mem 0x100000000-0x8ffffffff window]
[    3.146979] pci_bus 0000:00: root bus resource [bus 00-ff]
[    3.154609] pci 0000:00:00.0: calling  quirk_mmio_always_on+0x0/0x10 @ 1
[    3.161984] pci 0000:00:00.0: quirk_mmio_always_on+0x0/0x10 took 0 usecs
[    3.168996] pci 0000:00:00.0: [8086:29c0] type 00 class 0x060000
[    3.178795] pci 0000:00:00.0: calling  quirk_igfx_skip_te_disable+0x0/0x80 @ 1
[    3.187071] pci 0000:00:00.0: quirk_igfx_skip_te_disable+0x0/0x80 took 0 usecs
[    3.196130] pci 0000:00:01.0: [1234:1111] type 00 class 0x030000
[    3.208973] pci 0000:00:01.0: reg 0x10: [mem 0xfd000000-0xfdffffff pref]
[    3.229795] pci 0000:00:01.0: reg 0x18: [mem 0xfebf0000-0xfebf0fff]
[    3.252973] pci 0000:00:01.0: reg 0x30: [mem 0xfebe0000-0xfebeffff pref]
[    3.262788] pci 0000:00:01.0: calling  efifb_fixup_resources+0x0/0xf0 @ 1
[    3.271003] pci 0000:00:01.0: efifb_fixup_resources+0x0/0xf0 took 0 usecs
[    3.285297] pci 0000:00:1f.0: [8086:2918] type 00 class 0x060100
[    3.297669] pci 0000:00:1f.0: calling  quirk_ich7_lpc+0x0/0x60 @ 1
[    3.305136] pci 0000:00:1f.0: quirk: [io  0x0600-0x067f] claimed by ICH6 ACPI/GPIO/TCO
[    3.315062] pci 0000:00:1f.0: quirk_ich7_lpc+0x0/0x60 took 9765 usecs
[    3.323080] pci 0000:00:1f.0: calling  quirk_igfx_skip_te_disable+0x0/0x80 @ 1
[    3.331042] pci 0000:00:1f.0: quirk_igfx_skip_te_disable+0x0/0x80 took 0 usecs
[    3.342758] pci 0000:00:1f.2: [8086:2922] type 00 class 0x010601
[    3.355701] pci 0000:00:1f.2: reg 0x20: [io  0xc040-0xc05f]
[    3.363980] pci 0000:00:1f.2: reg 0x24: [mem 0xfebf1000-0xfebf1fff]
[    3.373123] pci 0000:00:1f.2: calling  quirk_igfx_skip_te_disable+0x0/0x80 @ 1
[    3.381985] pci 0000:00:1f.2: quirk_igfx_skip_te_disable+0x0/0x80 took 0 usecs
[    3.395061] pci 0000:00:1f.3: [8086:2930] type 00 class 0x0c0500
[    3.408800] pci 0000:00:1f.3: reg 0x20: [io  0x0700-0x073f]
[    3.418834] pci 0000:00:1f.3: calling  quirk_igfx_skip_te_disable+0x0/0x80 @ 1
[    3.427991] pci 0000:00:1f.3: quirk_igfx_skip_te_disable+0x0/0x80 took 0 usecs
[    3.441019] ACPI: PCI Interrupt Link [LNKA] (IRQs 5 *10 11)
[    3.447990] ACPI: PCI Interrupt Link [LNKB] (IRQs 5 *10 11)
[    3.454374] ACPI: PCI Interrupt Link [LNKC] (IRQs 5 10 *11)
[    3.461368] ACPI: PCI Interrupt Link [LNKD] (IRQs 5 10 *11)
[    3.467103] ACPI: PCI Interrupt Link [LNKE] (IRQs 5 *10 11)
[    3.474206] ACPI: PCI Interrupt Link [LNKF] (IRQs 5 *10 11)
[    3.481374] ACPI: PCI Interrupt Link [LNKG] (IRQs 5 10 *11)
[    3.488378] ACPI: PCI Interrupt Link [LNKH] (IRQs 5 10 *11)
[    3.495165] ACPI: PCI Interrupt Link [GSIA] (IRQs *16)
[    3.500994] ACPI: PCI Interrupt Link [GSIB] (IRQs *17)
[    3.506993] ACPI: PCI Interrupt Link [GSIC] (IRQs *18)
[    3.513998] ACPI: PCI Interrupt Link [GSID] (IRQs *19)
[    3.520005] ACPI: PCI Interrupt Link [GSIE] (IRQs *20)
[    3.525995] ACPI: PCI Interrupt Link [GSIF] (IRQs *21)
[    3.532996] ACPI: PCI Interrupt Link [GSIG] (IRQs *22)
[    3.539012] ACPI: PCI Interrupt Link [GSIH] (IRQs *23)
[    3.546973] initcall acpi_init+0x0/0x319 returned 0 after 570312 usecs
[    3.555185] calling  pnp_init+0x0/0xc @ 1
[    3.560030] initcall pnp_init+0x0/0xc returned 0 after 0 usecs
[    3.566989] calling  misc_init+0x0/0xbf @ 1
[    3.572375] initcall misc_init+0x0/0xbf returned 0 after 976 usecs
[    3.579982] calling  iommu_subsys_init+0x0/0x4e @ 1
[    3.586103] iommu: Default domain type: Translated 
[    3.591982] initcall iommu_subsys_init+0x0/0x4e returned 0 after 5859 usecs
[    3.601033] calling  vga_arb_device_init+0x0/0x261 @ 1
[    3.608626] pci 0000:00:01.0: vgaarb: setting as boot VGA device
[    3.608973] pci 0000:00:01.0: vgaarb: VGA device added: decodes=io+mem,owns=io+mem,locks=none
[    3.629994] pci 0000:00:01.0: vgaarb: bridge control possible
[    3.636980] vgaarb: loaded
[    3.640991] initcall vga_arb_device_init+0x0/0x261 returned 0 after 33203 usecs
[    3.652052] calling  cn_init+0x0/0xf0 @ 1
[    3.659130] initcall cn_init+0x0/0xf0 returned 0 after 0 usecs
[    3.668027] calling  dma_buf_init+0x0/0xad @ 1
[    3.675402] initcall dma_buf_init+0x0/0xad returned 0 after 0 usecs
[    3.683012] calling  init_scsi+0x0/0x79 @ 1
[    3.689006] SCSI subsystem initialized
[    3.693982] initcall init_scsi+0x0/0x79 returned 0 after 5859 usecs
[    3.700984] calling  ata_init+0x0/0x332 @ 1
[    3.716465] libata version 3.00 loaded.
[    3.720984] initcall ata_init+0x0/0x332 returned 0 after 14648 usecs
[    3.728982] calling  phy_init+0x0/0x250 @ 1
[    3.734301] initcall phy_init+0x0/0x250 returned 0 after 0 usecs
[    3.740982] calling  init_pcmcia_cs+0x0/0x35 @ 1
[    3.747079] initcall init_pcmcia_cs+0x0/0x35 returned 0 after 0 usecs
[    3.755982] calling  usb_common_init+0x0/0x1c @ 1
[    3.762047] initcall usb_common_init+0x0/0x1c returned 0 after 0 usecs
[    3.768979] calling  usb_init+0x0/0x12e @ 1
[    3.774167] ACPI: bus type USB registered
[    3.779230] usbcore: registered new interface driver usbfs
[    3.786098] usbcore: registered new interface driver hub
[    3.791988] usbcore: registered new device driver usb
[    3.796981] initcall usb_init+0x0/0x12e returned 0 after 23437 usecs
[    3.804980] calling  serio_init+0x0/0x29 @ 1
[    3.810004] initcall serio_init+0x0/0x29 returned 0 after 0 usecs
[    3.816978] calling  input_init+0x0/0xf6 @ 1
[    3.822122] initcall input_init+0x0/0xf6 returned 0 after 0 usecs
[    3.828982] calling  rtc_init+0x0/0x4d @ 1
[    3.833988] initcall rtc_init+0x0/0x4d returned 0 after 0 usecs
[    3.841023] calling  pps_init+0x0/0xa9 @ 1
[    3.845992] pps_core: LinuxPPS API ver. 1 registered
[    3.851979] pps_core: Software ver. 5.3.6 - Copyright 2005-2007 Rodolfo Giometti <giometti@linux.it>
[    3.863012] initcall pps_init+0x0/0xa9 returned 0 after 16601 usecs
[    3.868987] calling  ptp_init+0x0/0x98 @ 1
[    3.873995] PTP clock support registered
[    3.878983] initcall ptp_init+0x0/0x98 returned 0 after 4882 usecs
[    3.883985] calling  power_supply_class_init+0x0/0x3f @ 1
[    3.892242] initcall power_supply_class_init+0x0/0x3f returned 0 after 0 usecs
[    3.900984] calling  hwmon_init+0x0/0x104 @ 1
[    3.907057] initcall hwmon_init+0x0/0x104 returned 0 after 0 usecs
[    3.913989] calling  md_init+0x0/0x16b @ 1
[    3.920310] initcall md_init+0x0/0x16b returned 0 after 976 usecs
[    3.927990] calling  leds_init+0x0/0x3b @ 1
[    3.932038] initcall leds_init+0x0/0x3b returned 0 after 976 usecs
[    3.939984] calling  dmi_init+0x0/0x113 @ 1
[    3.946246] initcall dmi_init+0x0/0x113 returned 0 after 0 usecs
[    3.953985] calling  efisubsys_init+0x0/0x4e7 @ 1
[    3.959999] initcall efisubsys_init+0x0/0x4e7 returned 0 after 0 usecs
[    3.964985] calling  nvmem_init+0x0/0xc @ 1
[    3.967511] initcall nvmem_init+0x0/0xc returned 0 after 0 usecs
[    3.975987] calling  init_soundcore+0x0/0x33 @ 1
[    3.983300] initcall init_soundcore+0x0/0x33 returned 0 after 0 usecs
[    3.992984] calling  alsa_sound_init+0x0/0x8f @ 1
[    3.998661] Advanced Linux Sound Architecture Driver Initialized.
[    4.007995] initcall alsa_sound_init+0x0/0x8f returned 0 after 9765 usecs
[    4.015998] calling  alsa_seq_device_init+0x0/0x71 @ 1
[    4.024990] initcall alsa_seq_device_init+0x0/0x71 returned 0 after 1953 usecs
[    4.030988] calling  hda_bus_init+0x0/0xc @ 1
[    4.036570] initcall hda_bus_init+0x0/0xc returned 0 after 0 usecs
[    4.044992] calling  proto_init+0x0/0xc @ 1
[    4.050797] initcall proto_init+0x0/0xc returned 0 after 0 usecs
[    4.059987] calling  net_dev_init+0x0/0x209 @ 1
[    4.071817] initcall net_dev_init+0x0/0x209 returned 0 after 7812 usecs
[    4.078989] calling  neigh_init+0x0/0x84 @ 1
[    4.083988] initcall neigh_init+0x0/0x84 returned 0 after 0 usecs
[    4.091984] calling  fib_notifier_init+0x0/0xc @ 1
[    4.098124] initcall fib_notifier_init+0x0/0xc returned 0 after 0 usecs
[    4.104987] calling  fib_rules_init+0x0/0xab @ 1
[    4.109454] initcall fib_rules_init+0x0/0xab returned 0 after 976 usecs
[    4.117991] calling  pktsched_init+0x0/0x10e @ 1
[    4.123487] initcall pktsched_init+0x0/0x10e returned 0 after 0 usecs
[    4.128983] calling  tc_filter_init+0x0/0xfa @ 1
[    4.135272] initcall tc_filter_init+0x0/0xfa returned 0 after 0 usecs
[    4.141984] calling  tc_action_init+0x0/0x54 @ 1
[    4.145988] initcall tc_action_init+0x0/0x54 returned 0 after 0 usecs
[    4.152986] calling  ethnl_init+0x0/0x52 @ 1
[    4.160000] initcall ethnl_init+0x0/0x52 returned 0 after 1953 usecs
[    4.166986] calling  nexthop_init+0x0/0xd8 @ 1
[    4.172545] initcall nexthop_init+0x0/0xd8 returned 0 after 0 usecs
[    4.178123] calling  cipso_v4_init+0x0/0x5d @ 1
[    4.186134] initcall cipso_v4_init+0x0/0x5d returned 0 after 0 usecs
[    4.193982] calling  ieee80211_init+0x0/0x24 @ 1
[    4.199403] initcall ieee80211_init+0x0/0x24 returned 0 after 2929 usecs
[    4.209983] calling  netlbl_init+0x0/0x78 @ 1
[    4.215211] NetLabel: Initializing
[    4.218984] NetLabel:  domain hash size = 128
[    4.223978] NetLabel:  protocols = UNLABELED CIPSOv4 CALIPSO
[    4.232782] NetLabel:  unlabeled traffic allowed by default
[    4.237986] initcall netlbl_init+0x0/0x78 returned 0 after 22460 usecs
[    4.247987] calling  rfkill_init+0x0/0x111 @ 1
[    4.257276] initcall rfkill_init+0x0/0x111 returned 0 after 1953 usecs
[    4.266989] calling  pci_subsys_init+0x0/0x66 @ 1
[    4.275382] PCI: Using ACPI for IRQ routing
[    4.986831] PCI: pci_cache_line_size set to 64 bytes
[    4.995110] e820: reserve RAM buffer [mem 0x0009fc00-0x0009ffff]
[    5.003063] e820: reserve RAM buffer [mem 0x1ffdf000-0x1fffffff]
[    5.010475] initcall pci_subsys_init+0x0/0x66 returned 0 after 718750 usecs
[    5.021425] calling  nmi_warning_debugfs+0x0/0x26 @ 1
[    5.028981] initcall nmi_warning_debugfs+0x0/0x26 returned 0 after 2929 usecs
[    5.039003] calling  save_microcode_in_initrd+0x0/0x51 @ 1
[    5.046587] initcall save_microcode_in_initrd+0x0/0x51 returned 0 after 1953 usecs
[    5.056988] calling  hpet_late_init+0x0/0x20a @ 1
[    5.066480] hpet: 3 channels of 0 reserved for per-cpu timers
[    5.073313] hpet0: at MMIO 0xfed00000, IRQs 2, 8, 0
[    5.081980] hpet0: 3 comparators, 64-bit 100.000000 MHz counter
[    5.093986] initcall hpet_late_init+0x0/0x20a returned 0 after 29296 usecs
[    5.102986] calling  init_amd_nbs+0x0/0x11c @ 1
[    5.110057] initcall init_amd_nbs+0x0/0x11c returned 0 after 0 usecs
[    5.117086] calling  clocksource_done_booting+0x0/0x41 @ 1
[    5.129537] clocksource: Switched to clocksource kvm-clock
[    5.140587] initcall clocksource_done_booting+0x0/0x41 returned 0 after 14264 usecs
[    5.151041] calling  tracer_init_tracefs+0x0/0x242 @ 1
[    5.534598] initcall tracer_init_tracefs+0x0/0x242 returned 0 after 365507 usecs
[    5.544030] calling  init_trace_printk_function_export+0x0/0x2c @ 1
[    5.551612] initcall init_trace_printk_function_export+0x0/0x2c returned 0 after 8 usecs
[    5.561479] calling  init_kprobe_trace+0x0/0x1a9 @ 1
[    5.567758] initcall init_kprobe_trace+0x0/0x1a9 returned 0 after 13 usecs
[    5.577536] calling  init_dynamic_event+0x0/0x3d @ 1
[    5.585108] initcall init_dynamic_event+0x0/0x3d returned 0 after 154 usecs
[    5.595139] calling  init_uprobe_trace+0x0/0x5c @ 1
[    5.605005] initcall init_uprobe_trace+0x0/0x5c returned 0 after 2111 usecs
[    5.614693] calling  init_pipe_fs+0x0/0x44 @ 1
[    5.621429] initcall init_pipe_fs+0x0/0x44 returned 0 after 655 usecs
[    5.631673] calling  inotify_user_setup+0x0/0x47 @ 1
[    5.638653] initcall inotify_user_setup+0x0/0x47 returned 0 after 409 usecs
[    5.648934] calling  eventpoll_init+0x0/0xd4 @ 1
[    5.655683] initcall eventpoll_init+0x0/0xd4 returned 0 after 757 usecs
[    5.664182] calling  anon_inode_init+0x0/0x58 @ 1
[    5.669888] initcall anon_inode_init+0x0/0x58 returned 0 after 82 usecs
[    5.677952] calling  proc_locks_init+0x0/0x27 @ 1
[    5.684089] initcall proc_locks_init+0x0/0x27 returned 0 after 333 usecs
[    5.692220] calling  iomap_init+0x0/0x1b @ 1
[    5.697715] initcall iomap_init+0x0/0x1b returned 0 after 163 usecs
[    5.705287] calling  dquot_init+0x0/0x106 @ 1
[    5.710771] VFS: Disk quotas dquot_6.6.0
[    5.716007] VFS: Dquot-cache hash table entries: 512 (order 0, 4096 bytes)
[    5.724142] initcall dquot_init+0x0/0x106 returned 0 after 13065 usecs
[    5.732075] calling  quota_init+0x0/0x23 @ 1
[    5.742019] initcall quota_init+0x0/0x23 returned 0 after 4475 usecs
[    5.750101] calling  proc_cmdline_init+0x0/0x21 @ 1
[    5.755810] initcall proc_cmdline_init+0x0/0x21 returned 0 after 25 usecs
[    5.763711] calling  proc_consoles_init+0x0/0x24 @ 1
[    5.769681] initcall proc_consoles_init+0x0/0x24 returned 0 after 4 usecs
[    5.777547] calling  proc_cpuinfo_init+0x0/0x1e @ 1
[    5.783281] initcall proc_cpuinfo_init+0x0/0x1e returned 0 after 4 usecs
[    5.791126] calling  proc_devices_init+0x0/0x24 @ 1
[    5.798675] initcall proc_devices_init+0x0/0x24 returned 0 after 19 usecs
[    5.808516] calling  proc_interrupts_init+0x0/0x24 @ 1
[    5.816055] initcall proc_interrupts_init+0x0/0x24 returned 0 after 6 usecs
[    5.825479] calling  proc_loadavg_init+0x0/0x21 @ 1
[    5.831112] initcall proc_loadavg_init+0x0/0x21 returned 0 after 5 usecs
[    5.838846] calling  proc_meminfo_init+0x0/0x21 @ 1
[    5.844486] initcall proc_meminfo_init+0x0/0x21 returned 0 after 4 usecs
[    5.852090] calling  proc_stat_init+0x0/0x1e @ 1
[    5.857473] initcall proc_stat_init+0x0/0x1e returned 0 after 3 usecs
[    5.864809] calling  proc_uptime_init+0x0/0x21 @ 1
[    5.870271] initcall proc_uptime_init+0x0/0x21 returned 0 after 4 usecs
[    5.877930] calling  proc_version_init+0x0/0x21 @ 1
[    5.883521] initcall proc_version_init+0x0/0x21 returned 0 after 3 usecs
[    5.891234] calling  proc_softirqs_init+0x0/0x21 @ 1
[    5.897070] initcall proc_softirqs_init+0x0/0x21 returned 0 after 3 usecs
[    5.904854] calling  proc_kcore_init+0x0/0xea @ 1
[    5.910374] initcall proc_kcore_init+0x0/0xea returned 0 after 73 usecs
[    5.918654] calling  vmcore_init+0x0/0x578 @ 1
[    5.925181] initcall vmcore_init+0x0/0x578 returned 0 after 1 usecs
[    5.934137] calling  proc_kmsg_init+0x0/0x21 @ 1
[    5.940979] initcall proc_kmsg_init+0x0/0x21 returned 0 after 4 usecs
[    5.949258] calling  proc_page_init+0x0/0x3b @ 1
[    5.954560] initcall proc_page_init+0x0/0x3b returned 0 after 8 usecs
[    5.962662] calling  init_ramfs_fs+0x0/0xc @ 1
[    5.968620] initcall init_ramfs_fs+0x0/0xc returned 0 after 25 usecs
[    5.976104] calling  init_hugetlbfs_fs+0x0/0xf6 @ 1
[    5.981894] initcall init_hugetlbfs_fs+0x0/0xf6 returned 0 after 94 usecs
[    5.989759] calling  blk_scsi_ioctl_init+0x0/0x2a5 @ 1
[    5.995940] initcall blk_scsi_ioctl_init+0x0/0x2a5 returned 0 after 134 usecs
[    6.004375] calling  acpi_event_init+0x0/0x2c @ 1
[    6.009956] initcall acpi_event_init+0x0/0x2c returned 0 after 73 usecs
[    6.017723] calling  pnp_system_init+0x0/0xc @ 1
[    6.023925] initcall pnp_system_init+0x0/0xc returned 0 after 539 usecs
[    6.031630] calling  pnpacpi_init+0x0/0x69 @ 1
[    6.036967] pnp: PnP ACPI init
[    6.042214] pnp 00:00: Plug and Play ACPI device, IDs PNP0303 (active)
[    6.049981] pnp 00:01: Plug and Play ACPI device, IDs PNP0f13 (active)
[    6.057924] pnp 00:02: Plug and Play ACPI device, IDs PNP0400 (active)
[    6.065736] pnp 00:03: Plug and Play ACPI device, IDs PNP0501 (active)
[    6.073544] pnp 00:04: Plug and Play ACPI device, IDs PNP0b00 (active)
[    6.081232] system 00:05: [mem 0xb0000000-0xbfffffff window] has been reserved
[    6.089645] system 00:05: Plug and Play ACPI device, IDs PNP0c01 (active)
[    6.098803] pnp: PnP ACPI: found 6 devices
[    6.103641] initcall pnpacpi_init+0x0/0x69 returned 0 after 65166 usecs
[    6.112858] calling  chr_dev_init+0x0/0x14d @ 1
[    6.120499] initcall chr_dev_init+0x0/0x14d returned 0 after 2210 usecs
[    6.128166] calling  firmware_class_init+0x0/0xe7 @ 1
[    6.134115] initcall firmware_class_init+0x0/0xe7 returned 0 after 79 usecs
[    6.142202] calling  init_pcmcia_bus+0x0/0x5b @ 1
[    6.149235] initcall init_pcmcia_bus+0x0/0x5b returned 0 after 212 usecs
[    6.158991] calling  init_acpi_pm_clocksource+0x0/0xda @ 1
[    6.172738] clocksource: acpi_pm: mask: 0xffffff max_cycles: 0xffffff, max_idle_ns: 2085701024 ns
[    6.183296] initcall init_acpi_pm_clocksource+0x0/0xda returned 0 after 16013 usecs
[    6.192269] calling  sysctl_core_init+0x0/0x26 @ 1
[    6.198186] initcall sysctl_core_init+0x0/0x26 returned 0 after 289 usecs
[    6.206100] calling  eth_offload_init+0x0/0x13 @ 1
[    6.211924] initcall eth_offload_init+0x0/0x13 returned 0 after 85 usecs
[    6.219937] calling  ipv4_offload_init+0x0/0x73 @ 1
[    6.225812] initcall ipv4_offload_init+0x0/0x73 returned 0 after 89 usecs
[    6.233836] calling  inet_init+0x0/0x276 @ 1
[    6.239970] NET: Registered protocol family 2
[    6.253253] IP idents hash table entries: 8192 (order: 4, 65536 bytes, linear)
[    6.273115] tcp_listen_portaddr_hash hash table entries: 256 (order: 0, 4096 bytes, linear)
[    6.283262] TCP established hash table entries: 4096 (order: 3, 32768 bytes, linear)
[    6.292518] TCP bind hash table entries: 4096 (order: 4, 65536 bytes, linear)
[    6.302314] TCP: Hash tables configured (established 4096 bind 4096)
[    6.313305] UDP hash table entries: 256 (order: 1, 8192 bytes, linear)
[    6.323255] UDP-Lite hash table entries: 256 (order: 1, 8192 bytes, linear)
[    6.332794] initcall inet_init+0x0/0x276 returned 0 after 91748 usecs
[    6.340364] calling  af_unix_init+0x0/0x4d @ 1
[    6.345684] NET: Registered protocol family 1
[    6.351180] initcall af_unix_init+0x0/0x4d returned 0 after 5368 usecs
[    6.358995] calling  ipv6_offload_init+0x0/0x7e @ 1
[    6.364941] initcall ipv6_offload_init+0x0/0x7e returned 0 after 58 usecs
[    6.373075] calling  init_sunrpc+0x0/0x65 @ 1
[    6.379337] RPC: Registered named UNIX socket transport module.
[    6.386496] RPC: Registered udp transport module.
[    6.392209] RPC: Registered tcp transport module.
[    6.397889] RPC: Registered tcp NFSv4.1 backchannel transport module.
[    6.405587] initcall init_sunrpc+0x0/0x65 returned 0 after 26675 usecs
[    6.413333] calling  cfg80211_init+0x0/0xc5 @ 1
[    6.419520] initcall cfg80211_init+0x0/0xc5 returned 0 after 784 usecs
[    6.427275] calling  pcibios_assign_resources+0x0/0xbf @ 1
[    6.434196] pci_bus 0000:00: resource 4 [io  0x0000-0x0cf7 window]
[    6.441724] pci_bus 0000:00: resource 5 [io  0x0d00-0xffff window]
[    6.449276] pci_bus 0000:00: resource 6 [mem 0x000a0000-0x000bffff window]
[    6.457436] pci_bus 0000:00: resource 7 [mem 0x20000000-0xafffffff window]
[    6.465769] pci_bus 0000:00: resource 8 [mem 0xc0000000-0xfebfffff window]
[    6.474119] pci_bus 0000:00: resource 9 [mem 0x100000000-0x8ffffffff window]
[    6.482673] initcall pcibios_assign_resources+0x0/0xbf returned 0 after 47623 usecs
[    6.491925] calling  pci_apply_final_quirks+0x0/0x124 @ 1
[    6.498831] pci 0000:00:01.0: calling  pci_fixup_video+0x0/0xe0 @ 1
[    6.506588] pci 0000:00:01.0: Video device with shadowed ROM at [mem 0x000c0000-0x000dffff]
[    6.516433] pci 0000:00:01.0: pci_fixup_video+0x0/0xe0 took 9900 usecs
[    6.524506] PCI: CLS 0 bytes, default 64
[    6.529350] initcall pci_apply_final_quirks+0x0/0x124 returned 0 after 30159 usecs
[    6.538494] calling  acpi_reserve_resources+0x0/0xea @ 1
[    6.544888] initcall acpi_reserve_resources+0x0/0xea returned 0 after 20 usecs
[    6.553769] calling  populate_rootfs+0x0/0x102 @ 1
[    6.560977] initcall populate_rootfs+0x0/0x102 returned 0 after 1188 usecs
[    6.569795] calling  pci_iommu_init+0x0/0x3e @ 1
[    6.576597] initcall pci_iommu_init+0x0/0x3e returned 0 after 65 usecs
[    6.584430] calling  ia32_binfmt_init+0x0/0x13 @ 1
[    6.590127] initcall ia32_binfmt_init+0x0/0x13 returned 0 after 6 usecs
[    6.597992] calling  rapl_pmu_init+0x0/0x267 @ 1
[    6.603550] initcall rapl_pmu_init+0x0/0x267 returned -19 after 51 usecs
[    6.611783] calling  amd_uncore_init+0x0/0x310 @ 1
[    6.617623] initcall amd_uncore_init+0x0/0x310 returned -19 after 1 usecs
[    6.625663] calling  amd_ibs_init+0x0/0x27b @ 1
[    6.631026] initcall amd_ibs_init+0x0/0x27b returned -19 after 0 usecs
[    6.638709] calling  amd_iommu_pc_init+0x0/0x215 @ 1
[    6.644649] initcall amd_iommu_pc_init+0x0/0x215 returned -19 after 47 usecs
[    6.652942] calling  msr_init+0x0/0x55 @ 1
[    6.658048] initcall msr_init+0x0/0x55 returned 0 after 215 usecs
[    6.665499] calling  intel_uncore_init+0x0/0x36f @ 1
[    6.671335] initcall intel_uncore_init+0x0/0x36f returned -19 after 42 usecs
[    6.681074] calling  cstate_pmu_init+0x0/0x1a1 @ 1
[    6.686693] initcall cstate_pmu_init+0x0/0x1a1 returned -19 after 0 usecs
[    6.694601] calling  register_kernel_offset_dumper+0x0/0x1a @ 1
[    6.701577] initcall register_kernel_offset_dumper+0x0/0x1a returned 0 after 1 usecs
[    6.710509] calling  i8259A_init_ops+0x0/0x20 @ 1
[    6.716097] initcall i8259A_init_ops+0x0/0x20 returned 0 after 1 usecs
[    6.723656] calling  init_tsc_clocksource+0x0/0xa4 @ 1
[    6.729638] clocksource: tsc: mask: 0xffffffffffffffff max_cycles: 0x39a85afc727, max_idle_ns: 881590685098 ns
[    6.741200] initcall init_tsc_clocksource+0x0/0xa4 returned 0 after 11290 usecs
[    6.749685] calling  add_rtc_cmos+0x0/0xb0 @ 1
[    6.755160] initcall add_rtc_cmos+0x0/0xb0 returned 0 after 142 usecs
[    6.762553] calling  i8237A_init_ops+0x0/0x3a @ 1
[    6.768082] initcall i8237A_init_ops+0x0/0x3a returned 0 after 111 usecs
[    6.775727] calling  umwait_init+0x0/0x94 @ 1
[    6.780788] initcall umwait_init+0x0/0x94 returned -19 after 18 usecs
[    6.788149] calling  thermal_throttle_init_device+0x0/0x3d @ 1
[    6.794860] initcall thermal_throttle_init_device+0x0/0x3d returned 0 after 48 usecs
[    6.803749] calling  msr_init+0x0/0xd7 @ 1
[    6.810706] initcall msr_init+0x0/0xd7 returned 0 after 1802 usecs
[    6.818149] calling  cpuid_init+0x0/0xd7 @ 1
[    6.825296] initcall cpuid_init+0x0/0xd7 returned 0 after 2151 usecs
[    6.832480] calling  ioapic_init_ops+0x0/0x13 @ 1
[    6.838887] initcall ioapic_init_ops+0x0/0x13 returned 0 after 14 usecs
[    6.846887] calling  add_pcspkr+0x0/0x6c @ 1
[    6.852076] initcall add_pcspkr+0x0/0x6c returned 0 after 131 usecs
[    6.859522] calling  start_periodic_check_for_corruption+0x0/0x30 @ 1
[    6.867174] check: Scanning for low memory corruption every 60 seconds
[    6.876587] initcall start_periodic_check_for_corruption+0x0/0x30 returned 0 after 9202 usecs
[    6.889436] calling  sysfb_init+0x0/0x9c @ 1
[    6.895583] initcall sysfb_init+0x0/0x9c returned 0 after 133 usecs
[    6.902869] calling  audit_classes_init+0x0/0xae @ 1
[    6.908530] initcall audit_classes_init+0x0/0xae returned 0 after 72 usecs
[    6.916104] calling  iosf_mbi_init+0x0/0x24 @ 1
[    6.921289] initcall iosf_mbi_init+0x0/0x24 returned 0 after 84 usecs
[    6.930787] calling  proc_execdomains_init+0x0/0x21 @ 1
[    6.936869] initcall proc_execdomains_init+0x0/0x21 returned 0 after 5 usecs
[    6.944687] calling  register_warn_debugfs+0x0/0x23 @ 1
[    6.950552] initcall register_warn_debugfs+0x0/0x23 returned 0 after 9 usecs
[    6.958355] calling  cpuhp_sysfs_init+0x0/0x79 @ 1
[    6.963859] initcall cpuhp_sysfs_init+0x0/0x79 returned 0 after 98 usecs
[    6.971275] calling  ioresources_init+0x0/0x49 @ 1
[    6.976696] initcall ioresources_init+0x0/0x49 returned 0 after 5 usecs
[    6.984123] calling  snapshot_device_init+0x0/0xc @ 1
[    6.989953] initcall snapshot_device_init+0x0/0xc returned 0 after 107 usecs
[    6.997868] calling  irq_pm_init_ops+0x0/0x13 @ 1
[    7.003208] initcall irq_pm_init_ops+0x0/0x13 returned 0 after 13 usecs
[    7.010571] calling  rcu_torture_init+0x0/0x9a6 @ 1
[    7.016126] tasks-torture:--- Start of test: nreaders=1 nfakewriters=4 stat_interval=15 verbose=1 test_no_idle_hz=1 shuffle_interval=3 stutter=5 irqreader=1 fqs_duration=0 fqs_holdoff=0 fqs_stutter=3 test_boost=1/0 test_boost_interval=7 test_boost_duration=4 shutdown_secs=1800 stall_cpu=0 stall_cpu_holdoff=10 stall_cpu_irqsoff=0 stall_cpu_block=0 n_barrier_cbs=4 onoff_interval=1000 onoff_holdoff=30 read_exit_delay=13 read_exit_burst=16
[    7.057954] tasks:  Start-test grace-period state: g0 f0x0
[    7.065393] tasks-torture: Creating rcu_torture_writer task
[    7.073394] tasks-torture: Creating rcu_torture_fakewriter task
[    7.081685] tasks-torture: rcu_torture_writer task started
[    7.089852] tasks-torture: GP expediting controlled from boot/sysfs for tasks.
[    7.090343] tasks-torture: Creating rcu_torture_fakewriter task
[    7.100187] tasks-torture: rcu_torture_fakewriter task started
[    7.113846] rcu_torture_writer: Testing expedited GPs.
[    7.114272] tasks-torture: Creating rcu_torture_fakewriter task
[    7.119962] tasks-torture: rcu_torture_fakewriter task started
[    7.135343] rcu_torture_writer: Testing asynchronous GPs.
[    7.135848] tasks-torture: Creating rcu_torture_fakewriter task
[    7.141850] tasks-torture: rcu_torture_fakewriter task started
[    7.156158] rcu_torture_writer: Testing normal GPs.
[    7.156584] tasks-torture: Creating rcu_torture_reader task
[    7.162113] tasks-torture: rcu_torture_fakewriter task started
[    7.176771] tasks-torture: Creating rcu_torture_stats task
[    7.176815] tasks-torture: rcu_torture_reader task started
[    7.191609] tasks-torture: Creating torture_shuffle task
[    7.192108] tasks-torture: rcu_torture_stats task started
[    7.208894] tasks-torture: Creating torture_stutter task
[    7.208940] tasks-torture: torture_shuffle task started
[    7.225952] tasks-torture: Creating torture_shutdown task
[    7.225966] tasks-torture: torture_stutter task started
[    7.239123] tasks-torture: torture_shutdown task started
[    7.239130] tasks-torture: Creating torture_onoff task
[    7.245271] tasks-torture:torture_shutdown task: 1799980 ms remaining
[    7.259491] tasks-torture: rcu_torture_fwd_prog_init: Disabled, unsupported by RCU flavor under test
[    7.259502] tasks-torture: torture_onoff task started
[    7.269849] tasks-torture: Creating rcu_torture_barrier_cbs task
[    7.285644] tasks-torture: torture_onoff begin holdoff
[    7.286339] tasks-torture: Creating rcu_torture_barrier_cbs task
[    7.293095] tasks-torture: rcu_torture_barrier_cbs task started
[    7.309122] tasks-torture: rcu_torture_barrier_cbs task started
[    7.309126] tasks-torture: Creating rcu_torture_barrier_cbs task
[    7.324913] tasks-torture: Creating rcu_torture_barrier_cbs task
[    7.331897] tasks-torture: rcu_torture_barrier_cbs task started
[    7.339532] tasks-torture: Creating rcu_torture_barrier task
[    7.339552] tasks-torture: rcu_torture_barrier_cbs task started
[    7.355478] tasks-torture: Creating rcu_torture_read_exit task
[    7.355493] tasks-torture: rcu_torture_barrier task starting
[    7.374496] initcall rcu_torture_init+0x0/0x9a6 returned 0 after 350023 usecs
[    7.374497] tasks-torture: rcu_torture_read_exit: Start of test
[    7.392117] calling  timekeeping_init_ops+0x0/0x13 @ 1
[    7.392117] initcall timekeeping_init_ops+0x0/0x13 returned 0 after 1 usecs
[    7.392117] calling  init_clocksource_sysfs+0x0/0x23 @ 1
[    7.392117] initcall init_clocksource_sysfs+0x0/0x23 returned 0 after 35 usecs
[    7.392117] calling  init_timer_list_procfs+0x0/0x31 @ 1
[    7.392117] initcall init_timer_list_procfs+0x0/0x31 returned 0 after 4 usecs
[    7.392117] calling  alarmtimer_init+0x0/0xc7 @ 1
[    7.392117] initcall alarmtimer_init+0x0/0xc7 returned 0 after 79 usecs
[    7.392117] calling  init_posix_timers+0x0/0x29 @ 1
[    7.392117] initcall init_posix_timers+0x0/0x29 returned 0 after 3 usecs
[    7.392117] calling  clockevents_init_sysfs+0x0/0xbf @ 1
[    7.392117] initcall clockevents_init_sysfs+0x0/0xbf returned 0 after 60 usecs
[    7.392117] calling  proc_dma_init+0x0/0x21 @ 1
[    7.392117] initcall proc_dma_init+0x0/0x21 returned 0 after 18 usecs
[    7.392117] calling  proc_modules_init+0x0/0x1e @ 1
[    7.392117] initcall proc_modules_init+0x0/0x1e returned 0 after 3 usecs
[    7.392117] calling  kallsyms_init+0x0/0x21 @ 1
[    7.392117] initcall kallsyms_init+0x0/0x21 returned 0 after 3 usecs
[    7.392117] calling  pid_namespaces_init+0x0/0x2c @ 1
[    7.515313] initcall pid_namespaces_init+0x0/0x2c returned 0 after 11 usecs
[    7.523408] calling  audit_watch_init+0x0/0x37 @ 1
[    7.528737] initcall audit_watch_init+0x0/0x37 returned 0 after 16 usecs
[    7.529647] calling  audit_fsnotify_init+0x0/0x37 @ 1
[    7.529647] initcall audit_fsnotify_init+0x0/0x37 returned 0 after 0 usecs
[    7.529647] calling  audit_tree_init+0x0/0x6d @ 1
[    7.529647] initcall audit_tree_init+0x0/0x6d returned 0 after 4 usecs
[    7.529647] calling  seccomp_sysctl_init+0x0/0x2b @ 1
[    7.529647] initcall seccomp_sysctl_init+0x0/0x2b returned 0 after 33 usecs
[    7.529647] calling  utsname_sysctl_init+0x0/0x13 @ 1
[    7.529647] initcall utsname_sysctl_init+0x0/0x13 returned 0 after 6 usecs
[    7.529647] calling  init_tracepoints+0x0/0x27 @ 1
[    7.529647] initcall init_tracepoints+0x0/0x27 returned 0 after 1 usecs
[    7.602932] calling  init_blk_tracer+0x0/0x50 @ 1
[    7.603776] initcall init_blk_tracer+0x0/0x50 returned 0 after 1847 usecs
[    7.603776] calling  perf_event_sysfs_init+0x0/0x81 @ 1
[    7.603776] initcall perf_event_sysfs_init+0x0/0x81 returned 0 after 350 usecs
[    7.603776] calling  system_trusted_keyring_init+0x0/0x60 @ 1
[    7.603776] Initialise system trusted keyrings
[    7.603776] initcall system_trusted_keyring_init+0x0/0x60 returned 0 after 4728 usecs
[    7.603776] calling  kswapd_init+0x0/0x5c @ 1
[    7.656926] initcall kswapd_init+0x0/0x5c returned 0 after 743 usecs
[    7.663990] calling  extfrag_debug_init+0x0/0x54 @ 1
[    7.664836] initcall extfrag_debug_init+0x0/0x54 returned 0 after 10 usecs
[    7.664836] calling  mm_compute_batch_init+0x0/0x12 @ 1
[    7.664836] initcall mm_compute_batch_init+0x0/0x12 returned 0 after 0 usecs
[    7.664836] calling  slab_proc_init+0x0/0x21 @ 1
[    7.664836] initcall slab_proc_init+0x0/0x21 returned 0 after 29 usecs
[    7.664836] calling  workingset_init+0x0/0x8c @ 1
[    7.664836] workingset: timestamp_bits=56 max_order=17 bucket_order=0
[    7.664836] initcall workingset_init+0x0/0x8c returned 0 after 6833 usecs
[    7.664836] calling  proc_vmalloc_init+0x0/0x32 @ 1
[    7.664836] initcall proc_vmalloc_init+0x0/0x32 returned 0 after 4 usecs
[    7.664836] calling  procswaps_init+0x0/0x1e @ 1
[    7.664836] initcall procswaps_init+0x0/0x1e returned 0 after 4 usecs
[    7.746061] calling  slab_sysfs_init+0x0/0xea @ 1
[    7.746061] initcall slab_sysfs_init+0x0/0xea returned 0 after 2144 usecs
[    7.746061] calling  fcntl_init+0x0/0x29 @ 1
[    7.746061] initcall fcntl_init+0x0/0x29 returned 0 after 7 usecs
[    7.746061] calling  proc_filesystems_init+0x0/0x21 @ 1
[    7.746061] initcall proc_filesystems_init+0x0/0x21 returned 0 after 5 usecs
[    7.746061] calling  start_dirtytime_writeback+0x0/0x29 @ 1
[    7.746061] initcall start_dirtytime_writeback+0x0/0x29 returned 0 after 3 usecs
[    7.746061] calling  blkdev_init+0x0/0x1b @ 1
[    7.746061] initcall blkdev_init+0x0/0x1b returned 0 after 15 usecs
[    7.746061] calling  dio_init+0x0/0x2c @ 1
[    7.746061] initcall dio_init+0x0/0x2c returned 0 after 49 usecs
[    7.746061] calling  dnotify_init+0x0/0x78 @ 1
[    7.746061] initcall dnotify_init+0x0/0x78 returned 0 after 11 usecs
[    7.746061] calling  aio_setup+0x0/0x78 @ 1
[    7.746061] initcall aio_setup+0x0/0x78 returned 0 after 173 usecs
[    7.853528] calling  io_uring_init+0x0/0x2c @ 1
[    7.853528] initcall io_uring_init+0x0/0x2c returned 0 after 6 usecs
[    7.853528] calling  mbcache_init+0x0/0x30 @ 1
[    7.853528] initcall mbcache_init+0x0/0x30 returned 0 after 50 usecs
[    7.853528] calling  init_grace+0x0/0xc @ 1
[    7.853528] initcall init_grace+0x0/0xc returned 0 after 3 usecs
[    7.853528] calling  init_v2_quota_format+0x0/0x21 @ 1
[    7.853528] initcall init_v2_quota_format+0x0/0x21 returned 0 after 46 usecs
[    7.853528] calling  init_devpts_fs+0x0/0x27 @ 1
[    7.853528] initcall init_devpts_fs+0x0/0x27 returned 0 after 14 usecs
[    7.853528] calling  ext4_init_fs+0x0/0x1d0 @ 1
[    7.853528] initcall ext4_init_fs+0x0/0x1d0 returned 0 after 580 usecs
[    7.853528] calling  journal_init+0x0/0x11c @ 1
[    7.853528] initcall journal_init+0x0/0x11c returned 0 after 74 usecs
[    7.853528] calling  init_fat_fs+0x0/0x49 @ 1
[    7.853528] initcall init_fat_fs+0x0/0x49 returned 0 after 73 usecs
[    7.853528] calling  init_vfat_fs+0x0/0xc @ 1
[    7.853528] initcall init_vfat_fs+0x0/0xc returned 0 after 3 usecs
[    7.853528] calling  init_msdos_fs+0x0/0xc @ 1
[    7.853528] initcall init_msdos_fs+0x0/0xc returned 0 after 2 usecs
[    7.853528] calling  init_iso9660_fs+0x0/0x6c @ 1
[    7.853528] initcall init_iso9660_fs+0x0/0x6c returned 0 after 56 usecs
[    7.853528] calling  init_nfs_fs+0x0/0x13a @ 1
[    8.003538] initcall init_nfs_fs+0x0/0x13a returned 0 after 993 usecs
[    8.011121] calling  init_nfs_v2+0x0/0x13 @ 1
[    8.016235] initcall init_nfs_v2+0x0/0x13 returned 0 after 52 usecs
[    8.023302] calling  init_nfs_v3+0x0/0x13 @ 1
[    8.028304] initcall init_nfs_v3+0x0/0x13 returned 0 after 13 usecs
[    8.035434] calling  init_nfs_v4+0x0/0x32 @ 1
[    8.040438] NFS: Registering the id_resolver key type
[    8.046671] Key type id_resolver registered
[    8.051470] Key type id_legacy registered
[    8.057399] initcall init_nfs_v4+0x0/0x32 returned 0 after 16591 usecs
[    8.066134] calling  init_nlm+0x0/0x5b @ 1
[    8.071247] initcall init_nlm+0x0/0x5b returned 0 after 223 usecs
[    8.078093] calling  init_nls_cp437+0x0/0xe @ 1
[    8.083559] initcall init_nls_cp437+0x0/0xe returned 0 after 14 usecs
[    8.092539] calling  init_nls_ascii+0x0/0xe @ 1
[    8.097721] initcall init_nls_ascii+0x0/0xe returned 0 after 0 usecs
[    8.104943] calling  init_nls_iso8859_1+0x0/0xe @ 1
[    8.110687] initcall init_nls_iso8859_1+0x0/0xe returned 0 after 0 usecs
[    8.124092] calling  init_nls_utf8+0x0/0x21 @ 1
[    8.129836] initcall init_nls_utf8+0x0/0x21 returned 0 after 225 usecs
[    8.137350] calling  init_autofs_fs+0x0/0x25 @ 1
[    8.147115] initcall init_autofs_fs+0x0/0x25 returned 0 after 4322 usecs
[    8.154747] calling  ipc_init+0x0/0x24 @ 1
[    8.159954] initcall ipc_init+0x0/0x24 returned 0 after 373 usecs
[    8.166938] calling  ipc_sysctl_init+0x0/0x13 @ 1
[    8.172501] initcall ipc_sysctl_init+0x0/0x13 returned 0 after 124 usecs
[    8.180549] calling  init_mqueue_fs+0x0/0x9a @ 1
[    8.187224] initcall init_mqueue_fs+0x0/0x9a returned 0 after 1268 usecs
[    8.197068] calling  key_proc_init+0x0/0x63 @ 1
[    8.203586] initcall key_proc_init+0x0/0x63 returned 0 after 7 usecs
[    8.212637] calling  selinux_nf_ip_init+0x0/0x2e @ 1
[    8.219798] initcall selinux_nf_ip_init+0x0/0x2e returned 0 after 103 usecs
[    8.229623] calling  init_sel_fs+0x0/0x116 @ 1
[    8.236479] initcall init_sel_fs+0x0/0x116 returned 0 after 23 usecs
[    8.245482] calling  selnl_init+0x0/0x7c @ 1
[    8.251776] initcall selnl_init+0x0/0x7c returned 0 after 263 usecs
[    8.259415] calling  sel_netif_init+0x0/0x36 @ 1
[    8.264820] initcall sel_netif_init+0x0/0x36 returned 0 after 0 usecs
[    8.272338] calling  sel_netnode_init+0x0/0x33 @ 1
[    8.277871] initcall sel_netnode_init+0x0/0x33 returned 0 after 0 usecs
[    8.286740] calling  sel_netport_init+0x0/0x33 @ 1
[    8.293835] initcall sel_netport_init+0x0/0x33 returned 0 after 1 usecs
[    8.303385] calling  aurule_init+0x0/0x2a @ 1
[    8.308860] initcall aurule_init+0x0/0x2a returned 0 after 1 usecs
[    8.317477] calling  crypto_algapi_init+0x0/0xc @ 1
[    8.324952] initcall crypto_algapi_init+0x0/0xc returned 0 after 21 usecs
[    8.334737] calling  jent_mod_init+0x0/0x2d @ 1
[    8.352849] initcall jent_mod_init+0x0/0x2d returned 0 after 12518 usecs
[    8.352890] cryptomgr_test (79) used greatest stack depth: 14968 bytes left
[    8.360475] calling  asymmetric_key_init+0x0/0xc @ 1
[    8.360525] Key type asymmetric registered
[    8.360527] initcall asymmetric_key_init+0x0/0xc returned 0 after 47 usecs
[    8.360541] calling  x509_key_init+0x0/0xc @ 1
[    8.360555] Asymmetric key parser 'x509' registered
[    8.400594] initcall x509_key_init+0x0/0xc returned 0 after 39108 usecs
[    8.408598] calling  proc_genhd_init+0x0/0x41 @ 1
[    8.409520] initcall proc_genhd_init+0x0/0x41 returned 0 after 21 usecs
[    8.409520] calling  bsg_init+0x0/0x113 @ 1
[    8.409520] Block layer SCSI generic (bsg) driver version 0.4 loaded (major 251)
[    8.409520] initcall bsg_init+0x0/0x113 returned 0 after 8288 usecs
[    8.409520] calling  deadline_init+0x0/0xc @ 1
[    8.409520] io scheduler mq-deadline registered
[    8.409520] initcall deadline_init+0x0/0xc returned 0 after 5042 usecs
[    8.409520] calling  kyber_init+0x0/0xc @ 1
[    8.409520] io scheduler kyber registered
[    8.409520] initcall kyber_init+0x0/0xc returned 0 after 4456 usecs
[    8.409520] calling  mod_init+0x0/0x7 @ 1
[    8.409520] initcall mod_init+0x0/0x7 returned 0 after 0 usecs
[    8.409520] calling  percpu_counter_startup+0x0/0x55 @ 1
[    8.495233] initcall percpu_counter_startup+0x0/0x55 returned 0 after 1108 usecs
[    8.496162] calling  sg_pool_init+0x0/0xb4 @ 1
[    8.508074] initcall sg_pool_init+0x0/0xb4 returned 0 after 806 usecs
[    8.508074] calling  pcie_portdrv_init+0x0/0x39 @ 1
[    8.508074] initcall pcie_portdrv_init+0x0/0x39 returned 0 after 357 usecs
[    8.508074] calling  pci_proc_init+0x0/0x68 @ 1
[    8.508074] initcall pci_proc_init+0x0/0x68 returned 0 after 24 usecs
[    8.508074] calling  pci_hotplug_init+0x0/0x7 @ 1
[    8.508074] initcall pci_hotplug_init+0x0/0x7 returned 0 after 0 usecs
[    8.508074] calling  efifb_driver_init+0x0/0xe @ 1
[    8.508074] initcall efifb_driver_init+0x0/0xe returned 0 after 423 usecs
[    8.508074] calling  ged_driver_init+0x0/0xe @ 1
[    8.508074] initcall ged_driver_init+0x0/0xe returned 0 after 163 usecs
[    8.508074] calling  acpi_ac_init+0x0/0x92 @ 1
[    8.508074] initcall acpi_ac_init+0x0/0x92 returned 0 after 349 usecs
[    8.508074] calling  acpi_button_driver_init+0x0/0x52 @ 1
[    8.603439] input: Power Button as /devices/LNXSYSTM:00/LNXPWRBN:00/input/input0
[    8.613514] ACPI: Power Button [PWRF]
[    8.619520] initcall acpi_button_driver_init+0x0/0x52 returned 0 after 16432 usecs
[    8.630060] calling  acpi_fan_driver_init+0x0/0xe @ 1
[    8.637451] initcall acpi_fan_driver_init+0x0/0xe returned 0 after 52 usecs
[    8.646846] calling  acpi_video_init+0x0/0xcb @ 1
[    8.652485] initcall acpi_video_init+0x0/0xcb returned 0 after 86 usecs
[    8.660383] calling  acpi_processor_driver_init+0x0/0xad @ 1
[    8.668447] initcall acpi_processor_driver_init+0x0/0xad returned 0 after 1167 usecs
[    8.678343] calling  acpi_thermal_init+0x0/0x71 @ 1
[    8.684396] initcall acpi_thermal_init+0x0/0x71 returned 0 after 279 usecs
[    8.692628] calling  acpi_battery_init+0x0/0x32 @ 1
[    8.698421] initcall acpi_battery_init+0x0/0x32 returned 0 after 15 usecs
[    8.706402] calling  bgrt_init+0x0/0xb6 @ 1
[    8.711339] initcall bgrt_init+0x0/0xb6 returned -19 after 4 usecs
[    8.718568] calling  gpio_clk_driver_init+0x0/0xe @ 1
[    8.724701] initcall gpio_clk_driver_init+0x0/0xe returned 0 after 115 usecs
[    8.733779] calling  plt_clk_driver_init+0x0/0xe @ 1
[    8.739990] initcall plt_clk_driver_init+0x0/0xe returned 0 after 28 usecs
[    8.748254] calling  virtio_pci_driver_init+0x0/0x15 @ 1
[    8.755170] initcall virtio_pci_driver_init+0x0/0x15 returned 0 after 437 usecs
[    8.763870] calling  n_null_init+0x0/0x1e @ 1
[    8.769325] initcall n_null_init+0x0/0x1e returned 0 after 124 usecs
[    8.776834] calling  pty_init+0x0/0x1e8 @ 1
[    8.782196] initcall pty_init+0x0/0x1e8 returned 0 after 285 usecs
[    8.789580] calling  sysrq_init+0x0/0x62 @ 1
[    8.794802] initcall sysrq_init+0x0/0x62 returned 0 after 14 usecs
[    8.802118] calling  serial8250_init+0x0/0x17e @ 1
[    8.807790] Serial: 8250/16550 driver, 4 ports, IRQ sharing enabled
[    8.816477] 00:03: ttyS0 at I/O 0x3f8 (irq = 4, base_baud = 115200) is a 16550A
[    8.826443] initcall serial8250_init+0x0/0x17e returned 0 after 18259 usecs
[    8.834433] calling  serial_pci_driver_init+0x0/0x15 @ 1
[    8.840731] initcall serial_pci_driver_init+0x0/0x15 returned 0 after 90 usecs
[    8.849116] calling  exar_pci_driver_init+0x0/0x15 @ 1
[    8.855299] initcall exar_pci_driver_init+0x0/0x15 returned 0 after 44 usecs
[    8.863573] calling  lpss8250_pci_driver_init+0x0/0x15 @ 1
[    8.870204] initcall lpss8250_pci_driver_init+0x0/0x15 returned 0 after 35 usecs
[    8.878826] calling  mid8250_pci_driver_init+0x0/0x15 @ 1
[    8.885660] initcall mid8250_pci_driver_init+0x0/0x15 returned 0 after 31 usecs
[    8.894694] calling  virtio_console_init+0x0/0xff @ 1
[    8.901352] initcall virtio_console_init+0x0/0xff returned 0 after 310 usecs
[    8.910767] calling  hpet_init+0x0/0x64 @ 1
[    8.917030] initcall hpet_init+0x0/0x64 returned 0 after 531 usecs
[    8.924919] calling  nvram_module_init+0x0/0x83 @ 1
[    8.931083] Non-volatile memory driver v1.3
[    8.936454] initcall nvram_module_init+0x0/0x83 returned 0 after 5436 usecs
[    8.945103] calling  hwrng_modinit+0x0/0x8a @ 1
[    8.950890] initcall hwrng_modinit+0x0/0x8a returned 0 after 78 usecs
[    8.958968] calling  mod_init+0x0/0x48 @ 1
[    8.964629] initcall mod_init+0x0/0x48 returned -19 after 10 usecs
[    8.972443] calling  agp_init+0x0/0x23 @ 1
[    8.977676] Linux agpgart interface v0.103
[    8.983008] initcall agp_init+0x0/0x23 returned 0 after 5209 usecs
[    8.990800] calling  agp_amd64_mod_init+0x0/0x5 @ 1
[    8.997314] initcall agp_amd64_mod_init+0x0/0x5 returned -19 after 177 usecs
[    9.006587] calling  agp_intel_init+0x0/0x28 @ 1
[    9.013178] initcall agp_intel_init+0x0/0x28 returned 0 after 539 usecs
[    9.021763] calling  drm_kms_helper_init+0x0/0x7 @ 1
[    9.028283] initcall drm_kms_helper_init+0x0/0x7 returned 0 after 58 usecs
[    9.037083] calling  drm_core_init+0x0/0xa4 @ 1
[    9.043488] initcall drm_core_init+0x0/0xa4 returned 0 after 297 usecs
[    9.052436] calling  i915_init+0x0/0x6b @ 1
[    9.059024] initcall i915_init+0x0/0x6b returned 0 after 1044 usecs
[    9.066917] calling  cn_proc_init+0x0/0x35 @ 1
[    9.073089] initcall cn_proc_init+0x0/0x35 returned 0 after 6 usecs
[    9.081875] calling  topology_sysfs_init+0x0/0x27 @ 1
[    9.088953] initcall topology_sysfs_init+0x0/0x27 returned 0 after 89 usecs
[    9.098353] calling  cacheinfo_sysfs_init+0x0/0x27 @ 1
[    9.106920] initcall cacheinfo_sysfs_init+0x0/0x27 returned 0 after 1475 usecs
[    9.116835] calling  loop_init+0x0/0x168 @ 1
[    9.144901] loop: module loaded
[    9.149332] initcall loop_init+0x0/0x168 returned 0 after 25980 usecs
[    9.158326] calling  mac_hid_init+0x0/0x21 @ 1
[    9.164382] initcall mac_hid_init+0x0/0x21 returned 0 after 10 usecs
[    9.174209] calling  spi_transport_init+0x0/0x74 @ 1
[    9.180872] initcall spi_transport_init+0x0/0x74 returned 0 after 262 usecs
[    9.190097] calling  init_sd+0x0/0x18c @ 1
[    9.197959] initcall init_sd+0x0/0x18c returned 0 after 211 usecs
[    9.206623] calling  init_sr+0x0/0x43 @ 1
[    9.212169] initcall init_sr+0x0/0x43 returned 0 after 73 usecs
[    9.220485] calling  init_sg+0x0/0x1c0 @ 1
[    9.227450] initcall init_sg+0x0/0x1c0 returned 0 after 116 usecs
[    9.236729] calling  ahci_pci_driver_init+0x0/0x15 @ 1
[    9.243434] ahci 0000:00:1f.2: version 3.0
[    9.249756] PCI Interrupt Link [GSIA] enabled at IRQ 16
[    9.264400] ahci 0000:00:1f.2: AHCI 0001.0000 32 slots 6 ports 1.5 Gbps 0x3f impl SATA mode
[    9.274600] ahci 0000:00:1f.2: flags: 64bit ncq only 
[    9.297865] scsi host0: ahci
[    9.304802] scsi host1: ahci
[    9.309922] scsi host2: ahci
[    9.316062] scsi host3: ahci
[    9.321072] scsi host4: ahci
[    9.325710] scsi host5: ahci
[    9.329863] ata1: SATA max UDMA/133 abar m4096@0xfebf1000 port 0xfebf1100 irq 24
[    9.339750] ata2: SATA max UDMA/133 abar m4096@0xfebf1000 port 0xfebf1180 irq 24
[    9.351480] ata3: SATA max UDMA/133 abar m4096@0xfebf1000 port 0xfebf1200 irq 24
[    9.360517] ata4: SATA max UDMA/133 abar m4096@0xfebf1000 port 0xfebf1280 irq 24
[    9.371122] ata5: SATA max UDMA/133 abar m4096@0xfebf1000 port 0xfebf1300 irq 24
[    9.383056] ata6: SATA max UDMA/133 abar m4096@0xfebf1000 port 0xfebf1380 irq 24
[    9.394988] initcall ahci_pci_driver_init+0x0/0x15 returned 0 after 148337 usecs
[    9.412452] calling  piix_init+0x0/0x26 @ 1
[    9.419974] initcall piix_init+0x0/0x26 returned 0 after 946 usecs
[    9.430591] calling  amd_pci_driver_init+0x0/0x15 @ 1
[    9.438885] initcall amd_pci_driver_init+0x0/0x15 returned 0 after 33 usecs
[    9.450547] calling  oldpiix_pci_driver_init+0x0/0x15 @ 1
[    9.463303] initcall oldpiix_pci_driver_init+0x0/0x15 returned 0 after 144 usecs
[    9.475096] calling  sch_pci_driver_init+0x0/0x15 @ 1
[    9.483562] initcall sch_pci_driver_init+0x0/0x15 returned 0 after 64 usecs
[    9.494669] calling  net_olddevs_init+0x0/0x55 @ 1
[    9.502523] initcall net_olddevs_init+0x0/0x55 returned 0 after 101 usecs
[    9.513594] calling  blackhole_netdev_init+0x0/0x78 @ 1
[    9.522583] initcall blackhole_netdev_init+0x0/0x78 returned 0 after 470 usecs
[    9.533822] calling  phy_module_init+0x0/0x13 @ 1
[    9.541811] initcall phy_module_init+0x0/0x13 returned 0 after 229 usecs
[    9.552602] calling  tg3_driver_init+0x0/0x15 @ 1
[    9.560248] initcall tg3_driver_init+0x0/0x15 returned 0 after 98 usecs
[    9.570991] calling  e100_init_module+0x0/0x4c @ 1
[    9.579098] e100: Intel(R) PRO/100 Network Driver
[    9.587091] e100: Copyright(c) 1999-2006 Intel Corporation
[    9.596567] initcall e100_init_module+0x0/0x4c returned 0 after 17086 usecs
[    9.608161] calling  e1000_init_module+0x0/0x72 @ 1
[    9.616283] e1000: Intel(R) PRO/1000 Network Driver
[    9.625339] e1000: Copyright (c) 1999-2006 Intel Corporation.
[    9.635376] initcall e1000_init_module+0x0/0x72 returned 0 after 18646 usecs
[    9.646902] calling  e1000_init_module+0x0/0x2d @ 1
[    9.654888] e1000e: Intel(R) PRO/1000 Network Driver
[    9.662993] e1000e: Copyright(c) 1999 - 2015 Intel Corporation.
[    9.673156] initcall e1000_init_module+0x0/0x2d returned 0 after 18433 usecs
[    9.685608] calling  sky2_init_module+0x0/0x21 @ 1
[    9.696760] sky2: driver version 1.30
[    9.703545] initcall sky2_init_module+0x0/0x21 returned 0 after 7186 usecs
[    9.713673] calling  forcedeth_pci_driver_init+0x0/0x15 @ 1
[    9.722596] initcall forcedeth_pci_driver_init+0x0/0x15 returned 0 after 698 usecs
[    9.736260] ata3: SATA link up 1.5 Gbps (SStatus 113 SControl 300)
[    9.745770] calling  rtl8139_init_module+0x0/0x15 @ 1
[    9.756435] ata2: SATA link down (SStatus 0 SControl 300)
[    9.764638] initcall rtl8139_init_module+0x0/0x15 returned 0 after 10946 usecs
[    9.776870] ata1: SATA link down (SStatus 0 SControl 300)
[    9.788289] ata5: SATA link down (SStatus 0 SControl 300)
[    9.796955] calling  rtl8169_pci_driver_init+0x0/0x15 @ 1
[    9.807834] ata4: SATA link down (SStatus 0 SControl 300)
[    9.820768] ata6: SATA link down (SStatus 0 SControl 300)
[    9.830922] initcall rtl8169_pci_driver_init+0x0/0x15 returned 0 after 24377 usecs
[    9.843448] ata3.00: ATAPI: QEMU DVD-ROM, 2.5+, max UDMA/100
[    9.852902] ata3.00: applying bridge limits
[    9.860404] calling  cdrom_init+0x0/0xc @ 1
[    9.868711] ata3.00: configured for UDMA/100
[    9.876252] initcall cdrom_init+0x0/0xc returned 0 after 8674 usecs
[    9.889290] calling  nonstatic_sysfs_init+0x0/0xc @ 1
[    9.897930] initcall nonstatic_sysfs_init+0x0/0xc returned 0 after 120 usecs
[    9.911771] scsi 2:0:0:0: CD-ROM            QEMU     QEMU DVD-ROM     2.5+ PQ: 0 ANSI: 5
[    9.929689] calling  yenta_cardbus_driver_init+0x0/0x15 @ 1
[    9.939233] initcall yenta_cardbus_driver_init+0x0/0x15 returned 0 after 234 usecs
[    9.951640] calling  mon_init+0x0/0x12d @ 1
[    9.958991] initcall mon_init+0x0/0x12d returned 0 after 404 usecs
[    9.968945] calling  ehci_hcd_init+0x0/0x56 @ 1
[    9.976332] ehci_hcd: USB 2.0 'Enhanced' Host Controller (EHCI) Driver
[    9.987859] initcall ehci_hcd_init+0x0/0x56 returned 0 after 11539 usecs
[   10.000344] sr 2:0:0:0: [sr0] scsi3-mmc drive: 4x/4x cd/rw xa/form2 tray
[   10.010139] calling  ehci_pci_init+0x0/0x64 @ 1
[   10.017103] cdrom: Uniform CD-ROM driver Revision: 3.20
[   10.024602] ehci-pci: EHCI PCI platform driver
[   10.031988] initcall ehci_pci_init+0x0/0x64 returned 0 after 14667 usecs
[   10.042295] calling  ohci_hcd_mod_init+0x0/0x4e @ 1
[   10.049590] ohci_hcd: USB 1.1 'Open' Host Controller (OHCI) Driver
[   10.059376] initcall ohci_hcd_mod_init+0x0/0x4e returned 0 after 9621 usecs
[   10.069852] calling  ohci_pci_init+0x0/0x64 @ 1
[   10.077203] ohci-pci: OHCI PCI platform driver
[   10.090914] sr 2:0:0:0: Attached scsi CD-ROM sr0
[   10.103990] initcall ohci_pci_init+0x0/0x64 returned 0 after 26156 usecs
[   10.115469] sr 2:0:0:0: Attached scsi generic sg0 type 5
[   10.140238] calling  uhci_hcd_init+0x0/0xa8 @ 1
[   10.150064] uhci_hcd: USB Universal Host Controller Interface driver
[   10.186613] initcall uhci_hcd_init+0x0/0xa8 returned 0 after 36230 usecs
[   10.197951] calling  xhci_hcd_init+0x0/0x1e @ 1
[   10.207683] initcall xhci_hcd_init+0x0/0x1e returned 0 after 2606 usecs
[   10.220569] calling  xhci_pci_init+0x0/0x49 @ 1
[   10.230912] initcall xhci_pci_init+0x0/0x49 returned 0 after 1044 usecs
[   10.242853] calling  usblp_driver_init+0x0/0x15 @ 1
[   10.251813] usbcore: registered new interface driver usblp
[   10.260620] initcall usblp_driver_init+0x0/0x15 returned 0 after 9116 usecs
[   10.276620] calling  usb_storage_driver_init+0x0/0x2a @ 1
[   10.288404] usbcore: registered new interface driver usb-storage
[   10.299655] initcall usb_storage_driver_init+0x0/0x2a returned 0 after 11406 usecs
[   10.312832] calling  i8042_init+0x0/0x4c2 @ 1
[   10.322791] i8042: PNP: PS/2 Controller [PNP0303:KBD,PNP0f13:MOU] at 0x60,0x64 irq 1,12
[   10.361228] serio: i8042 KBD port at 0x60,0x64 irq 1
[   10.370736] serio: i8042 AUX port at 0x60,0x64 irq 12
[   10.380004] initcall i8042_init+0x0/0x4c2 returned 0 after 57290 usecs
[   10.391823] calling  serport_init+0x0/0x2c @ 1
[   10.399474] initcall serport_init+0x0/0x2c returned 0 after 171 usecs
[   10.409969] calling  input_leds_init+0x0/0xc @ 1
[   10.417328] initcall input_leds_init+0x0/0xc returned 0 after 140 usecs
[   10.428975] calling  evdev_init+0x0/0xc @ 1
[   10.436708] initcall evdev_init+0x0/0xc returned 0 after 388 usecs
[   10.446871] calling  atkbd_init+0x0/0x21 @ 1
[   10.455645] initcall atkbd_init+0x0/0x21 returned 0 after 1346 usecs
[   10.461424] input: AT Translated Set 2 keyboard as /devices/platform/i8042/serio0/input/input1
[   10.465968] calling  psmouse_init+0x0/0x7f @ 1
[   10.488534] initcall psmouse_init+0x0/0x7f returned 0 after 367 usecs
[   10.499231] calling  cmos_init+0x0/0x73 @ 1
[   10.510852] rtc_cmos 00:04: RTC can wake from S4
[   10.536452] rtc_cmos 00:04: registered as rtc0
[   10.547651] rtc_cmos 00:04: alarms up to one day, y3k, 242 bytes nvram, hpet irqs
[   10.563625] initcall cmos_init+0x0/0x73 returned 0 after 55690 usecs
[   10.576200] calling  smbalert_driver_init+0x0/0xe @ 1
[   10.588052] initcall smbalert_driver_init+0x0/0xe returned 0 after 1102 usecs
[   10.602533] calling  i2c_i801_init+0x0/0xc5 @ 1
[   10.631891] i801_smbus 0000:00:1f.3: SMBus using PCI interrupt
[   10.641426] i2c i2c-0: 1/1 memory slots populated (from DMI)
[   10.651227] i2c i2c-0: Memory type 0x07 not supported yet, not instantiating SPD
[   10.665734] initcall i2c_i801_init+0x0/0xc5 returned 0 after 52770 usecs
[   10.676758] calling  ptp_kvm_init+0x0/0xf0 @ 1
[   10.684896] initcall ptp_kvm_init+0x0/0xf0 returned 0 after 619 usecs
[   10.695230] calling  dm_init+0x0/0x3c @ 1
[   10.705967] device-mapper: ioctl: 4.43.0-ioctl (2020-10-01) initialised: dm-devel@redhat.com
[   10.718649] initcall dm_init+0x0/0x3c returned 0 after 15907 usecs
[   10.728495] calling  dm_mirror_init+0x0/0x29 @ 1
[   10.739738] initcall dm_mirror_init+0x0/0x29 returned 0 after 77 usecs
[   10.752299] calling  dm_dirty_log_init+0x0/0x4f @ 1
[   10.761211] initcall dm_dirty_log_init+0x0/0x4f returned 0 after 313 usecs
[   10.776030] calling  dm_zero_init+0x0/0x29 @ 1
[   10.783898] initcall dm_zero_init+0x0/0x29 returned 0 after 2 usecs
[   10.794043] calling  intel_pstate_init+0x0/0x510 @ 1
[   10.802647] intel_pstate: CPU model not supported
[   10.810690] initcall intel_pstate_init+0x0/0x510 returned -19 after 8050 usecs
[   10.822533] calling  haltpoll_init+0x0/0xc0 @ 1
[   10.830418] initcall haltpoll_init+0x0/0xc0 returned -19 after 162 usecs
[   10.841728] calling  efivars_sysfs_init+0x0/0x30 @ 1
[   10.850378] initcall efivars_sysfs_init+0x0/0x30 returned 0 after 431 usecs
[   10.861984] calling  esrt_sysfs_init+0x0/0x2a2 @ 1
[   10.870500] initcall esrt_sysfs_init+0x0/0x2a2 returned -38 after 350 usecs
[   10.882781] calling  hid_init+0x0/0x5c @ 1
[   10.889914] hid: raw HID events driver (C) Jiri Kosina
[   10.898825] initcall hid_init+0x0/0x5c returned 0 after 9041 usecs
[   10.910212] calling  hid_generic_init+0x0/0x15 @ 1
[   10.918540] initcall hid_generic_init+0x0/0x15 returned 0 after 131 usecs
[   10.929556] calling  a4_driver_init+0x0/0x15 @ 1
[   10.936985] initcall a4_driver_init+0x0/0x15 returned 0 after 33 usecs
[   10.947607] calling  apple_driver_init+0x0/0x15 @ 1
[   10.956223] initcall apple_driver_init+0x0/0x15 returned 0 after 65 usecs
[   10.968442] calling  belkin_driver_init+0x0/0x15 @ 1
[   10.976988] initcall belkin_driver_init+0x0/0x15 returned 0 after 39 usecs
[   10.988405] calling  ch_driver_init+0x0/0x15 @ 1
[   10.995985] initcall ch_driver_init+0x0/0x15 returned 0 after 35 usecs
[   11.006204] calling  ch_driver_init+0x0/0x15 @ 1
[   11.013843] initcall ch_driver_init+0x0/0x15 returned 0 after 22 usecs
[   11.024488] calling  cp_driver_init+0x0/0x15 @ 1
[   11.031967] initcall cp_driver_init+0x0/0x15 returned 0 after 111 usecs
[   11.042593] calling  ez_driver_init+0x0/0x15 @ 1
[   11.050552] initcall ez_driver_init+0x0/0x15 returned 0 after 20 usecs
[   11.060992] calling  gyration_driver_init+0x0/0x15 @ 1
[   11.069454] initcall gyration_driver_init+0x0/0x15 returned 0 after 24 usecs
[   11.082362] calling  ite_driver_init+0x0/0x15 @ 1
[   11.090611] initcall ite_driver_init+0x0/0x15 returned 0 after 23 usecs
[   11.100183] calling  ks_driver_init+0x0/0x15 @ 1
[   11.107447] initcall ks_driver_init+0x0/0x15 returned 0 after 89 usecs
[   11.118972] calling  lg_driver_init+0x0/0x15 @ 1
[   11.129281] initcall lg_driver_init+0x0/0x15 returned 0 after 222 usecs
[   11.140224] calling  lg_g15_driver_init+0x0/0x15 @ 1
[   11.148601] initcall lg_g15_driver_init+0x0/0x15 returned 0 after 74 usecs
[   11.159978] calling  ms_driver_init+0x0/0x15 @ 1
[   11.168856] initcall ms_driver_init+0x0/0x15 returned 0 after 69 usecs
[   11.178564] calling  mr_driver_init+0x0/0x15 @ 1
[   11.186355] initcall mr_driver_init+0x0/0x15 returned 0 after 27 usecs
[   11.197204] calling  ntrig_driver_init+0x0/0x15 @ 1
[   11.207811] initcall ntrig_driver_init+0x0/0x15 returned 0 after 482 usecs
[   11.218725] calling  pl_driver_init+0x0/0x15 @ 1
[   11.226687] initcall pl_driver_init+0x0/0x15 returned 0 after 243 usecs
[   11.237397] calling  pl_driver_init+0x0/0x15 @ 1
[   11.245808] initcall pl_driver_init+0x0/0x15 returned 0 after 295 usecs
[   11.257720] calling  redragon_driver_init+0x0/0x15 @ 1
[   11.266518] initcall redragon_driver_init+0x0/0x15 returned 0 after 522 usecs
[   11.278434] calling  samsung_driver_init+0x0/0x15 @ 1
[   11.286654] initcall samsung_driver_init+0x0/0x15 returned 0 after 314 usecs
[   11.297780] calling  sony_init+0x0/0x38 @ 1
[   11.304857] initcall sony_init+0x0/0x38 returned 0 after 375 usecs
[   11.315532] calling  sp_driver_init+0x0/0x15 @ 1
[   11.322758] initcall sp_driver_init+0x0/0x15 returned 0 after 28 usecs
[   11.333143] calling  ts_driver_init+0x0/0x15 @ 1
[   11.340794] initcall ts_driver_init+0x0/0x15 returned 0 after 64 usecs
[   11.351430] calling  hid_init+0x0/0x58 @ 1
[   11.357887] usbcore: registered new interface driver usbhid
[   11.366100] usbhid: USB HID core driver
[   11.372073] initcall hid_init+0x0/0x58 returned 0 after 13904 usecs
[   11.381633] calling  eeepc_laptop_init+0x0/0x57 @ 1
[   11.389912] initcall eeepc_laptop_init+0x0/0x57 returned -19 after 321 usecs
[   11.400932] calling  pmc_atom_init+0x0/0x27a @ 1
[   11.408575] initcall pmc_atom_init+0x0/0x27a returned -19 after 5 usecs
[   11.418739] calling  alsa_hwdep_init+0x0/0x5e @ 1
[   11.426249] initcall alsa_hwdep_init+0x0/0x5e returned 0 after 201 usecs
[   11.436743] calling  alsa_timer_init+0x0/0x1f0 @ 1
[   11.445455] initcall alsa_timer_init+0x0/0x1f0 returned 0 after 361 usecs
[   11.455545] calling  snd_hrtimer_init+0x0/0x117 @ 1
[   11.464351] initcall snd_hrtimer_init+0x0/0x117 returned 0 after 8 usecs
[   11.476262] calling  alsa_pcm_init+0x0/0x64 @ 1
[   11.484113] initcall alsa_pcm_init+0x0/0x64 returned 0 after 7 usecs
[   11.495381] calling  alsa_seq_init+0x0/0x4a @ 1
[   11.507415] initcall alsa_seq_init+0x0/0x4a returned 0 after 4536 usecs
[   11.517508] calling  alsa_seq_dummy_init+0x0/0x9c @ 1
[   11.525609] initcall alsa_seq_dummy_init+0x0/0x9c returned 0 after 649 usecs
[   11.536952] calling  azx_driver_init+0x0/0x15 @ 1
[   11.545760] initcall azx_driver_init+0x0/0x15 returned 0 after 1383 usecs
[   11.556894] calling  sock_diag_init+0x0/0x2a @ 1
[   11.567931] initcall sock_diag_init+0x0/0x2a returned 0 after 3340 usecs
[   11.578437] calling  blackhole_init+0x0/0xc @ 1
[   11.585903] initcall blackhole_init+0x0/0xc returned 0 after 370 usecs
[   11.596621] calling  nfnetlink_init+0x0/0x57 @ 1
[   11.604872] initcall nfnetlink_init+0x0/0x57 returned 0 after 653 usecs
[   11.615344] calling  nfnetlink_log_init+0x0/0x99 @ 1
[   11.626464] initcall nfnetlink_log_init+0x0/0x99 returned 0 after 1544 usecs
[   11.638378] calling  nf_conntrack_standalone_init+0x0/0x87 @ 1
[   11.651000] initcall nf_conntrack_standalone_init+0x0/0x87 returned 0 after 3320 usecs
[   11.664706] calling  ctnetlink_init+0x0/0x83 @ 1
[   11.672918] initcall ctnetlink_init+0x0/0x83 returned 0 after 322 usecs
[   11.685358] calling  nf_conntrack_ftp_init+0x0/0x12c @ 1
[   11.695856] initcall nf_conntrack_ftp_init+0x0/0x12c returned 0 after 1124 usecs
[   11.708986] input: ImExPS/2 Generic Explorer Mouse as /devices/platform/i8042/serio1/input/input3
[   11.726325] calling  nf_conntrack_irc_init+0x0/0x129 @ 1
[   11.734746] initcall nf_conntrack_irc_init+0x0/0x129 returned 0 after 93 usecs
[   11.746238] calling  nf_conntrack_sip_init+0x0/0x172 @ 1
[   11.754739] initcall nf_conntrack_sip_init+0x0/0x172 returned 0 after 7 usecs
[   11.765199] calling  nf_nat_init+0x0/0xd2 @ 1
[   11.772982] initcall nf_nat_init+0x0/0xd2 returned 0 after 584 usecs
[   11.782662] calling  nf_nat_ftp_init+0x0/0x2a @ 1
[   11.789849] initcall nf_nat_ftp_init+0x0/0x2a returned 0 after 1 usecs
[   11.799738] calling  nf_nat_irc_init+0x0/0x2a @ 1
[   11.806878] initcall nf_nat_irc_init+0x0/0x2a returned 0 after 7 usecs
[   11.816545] calling  nf_nat_sip_init+0x0/0x36 @ 1
[   11.823542] initcall nf_nat_sip_init+0x0/0x36 returned 0 after 7 usecs
[   11.833132] calling  xt_init+0x0/0xf8 @ 1
[   11.839531] initcall xt_init+0x0/0xf8 returned 0 after 157 usecs
[   11.848087] calling  tcpudp_mt_init+0x0/0x11 @ 1
[   11.855259] initcall tcpudp_mt_init+0x0/0x11 returned 0 after 35 usecs
[   11.865274] calling  connsecmark_tg_init+0x0/0xc @ 1
[   11.872598] initcall connsecmark_tg_init+0x0/0xc returned 0 after 1 usecs
[   11.882878] calling  nflog_tg_init+0x0/0xc @ 1
[   11.890255] initcall nflog_tg_init+0x0/0xc returned 0 after 1 usecs
[   11.898946] calling  secmark_tg_init+0x0/0x11 @ 1
[   11.906610] initcall secmark_tg_init+0x0/0x11 returned 0 after 1 usecs
[   11.917269] calling  tcpmss_tg_init+0x0/0x11 @ 1
[   11.924761] initcall tcpmss_tg_init+0x0/0x11 returned 0 after 1 usecs
[   11.933903] calling  conntrack_mt_init+0x0/0x11 @ 1
[   11.941359] initcall conntrack_mt_init+0x0/0x11 returned 0 after 1 usecs
[   11.953069] calling  policy_mt_init+0x0/0x11 @ 1
[   11.960777] initcall policy_mt_init+0x0/0x11 returned 0 after 1 usecs
[   11.970710] calling  state_mt_init+0x0/0xc @ 1
[   11.977973] initcall state_mt_init+0x0/0xc returned 0 after 2 usecs
[   11.989527] calling  gre_offload_init+0x0/0x48 @ 1
[   11.998221] initcall gre_offload_init+0x0/0x48 returned 0 after 232 usecs
[   12.009123] calling  sysctl_ipv4_init+0x0/0x46 @ 1
[   12.017283] initcall sysctl_ipv4_init+0x0/0x46 returned 0 after 844 usecs
[   12.027893] calling  tunnel4_init+0x0/0x58 @ 1
[   12.035595] initcall tunnel4_init+0x0/0x58 returned 0 after 482 usecs
[   12.046189] calling  nf_defrag_init+0x0/0xc @ 1
[   12.053628] initcall nf_defrag_init+0x0/0xc returned 0 after 36 usecs
[   12.063196] calling  ip_tables_init+0x0/0x8d @ 1
