c[?7l[2J[0mSeaBIOS (version 1.16.0-debian-1.16.0-4)
Booting from ROM...
early console in setup code
c[?7l[2J[    0.000000] Linux version 5.10.155+ (root@joelboxx.c.googlers.com) (gcc (Debian 12.2.0-3) 12.2.0, GNU ld (GNU Binutils for Debian) 2.39) #10 SMP PREEMPT Tue Dec 13 05:29:35 UTC 2022
[    0.000000] Command line: selinux=0 initcall_debug debug console=ttyS0 rcutorture.torture_type=tasks-tracing rcutorture.onoff_interval=1000 rcutorture.onoff_holdoff=30 rcutorture.n_barrier_cbs=4 rcutorture.stat_interval=15 rcutorture.shutdown_secs=1800 rcutorture.test_no_idle_hz=1 rcutorture.verbose=1
[    0.000000] x86/fpu: x87 FPU will use FXSAVE
[    0.000000] BIOS-provided physical RAM map:
[    0.000000] BIOS-e820: [mem 0x0000000000000000-0x000000000009fbff] usable
[    0.000000] BIOS-e820: [mem 0x000000000009fc00-0x000000000009ffff] reserved
[    0.000000] BIOS-e820: [mem 0x00000000000f0000-0x00000000000fffff] reserved
[    0.000000] BIOS-e820: [mem 0x0000000000100000-0x000000001ffdefff] usable
[    0.000000] BIOS-e820: [mem 0x000000001ffdf000-0x000000001fffffff] reserved
[    0.000000] BIOS-e820: [mem 0x00000000b0000000-0x00000000bfffffff] reserved
[    0.000000] BIOS-e820: [mem 0x00000000fed1c000-0x00000000fed1ffff] reserved
[    0.000000] BIOS-e820: [mem 0x00000000feffc000-0x00000000feffffff] reserved
[    0.000000] BIOS-e820: [mem 0x00000000fffc0000-0x00000000ffffffff] reserved
[    0.000000] NX (Execute Disable) protection: active
[    0.000000] SMBIOS 2.8 present.
[    0.000000] DMI: QEMU Standard PC (Q35 + ICH9, 2009), BIOS 1.16.0-debian-1.16.0-4 04/01/2014
[    0.000000] Hypervisor detected: KVM
[    0.000000] kvm-clock: Using msrs 4b564d01 and 4b564d00
[    0.000000] kvm-clock: cpu 0, msr c4b9001, primary cpu clock
[    0.000001] kvm-clock: using sched offset of 1981530826 cycles
[    0.000212] clocksource: kvm-clock: mask: 0xffffffffffffffff max_cycles: 0x1cd42e4dffb, max_idle_ns: 881590591483 ns
[    0.000327] tsc: Detected 1999.999 MHz processor
[    0.009500] e820: update [mem 0x00000000-0x00000fff] usable ==> reserved
[    0.009505] e820: remove [mem 0x000a0000-0x000fffff] usable
[    0.009512] last_pfn = 0x1ffdf max_arch_pfn = 0x400000000
[    0.010464] MTRR default type: write-back
[    0.010545] MTRR fixed ranges enabled:
[    0.010547]   00000-9FFFF write-back
[    0.010548]   A0000-BFFFF uncachable
[    0.010550]   C0000-FFFFF write-protect
[    0.010551] MTRR variable ranges enabled:
[    0.010553]   0 base 00C0000000 mask FFC0000000 uncachable
[    0.010554]   1 disabled
[    0.010555]   2 disabled
[    0.010556]   3 disabled
[    0.010556]   4 disabled
[    0.010557]   5 disabled
[    0.010558]   6 disabled
[    0.010559]   7 disabled
[    0.011127] x86/PAT: Configuration [0-7]: WB  WC  UC- UC  WB  WC  UC- UC  
[    0.020267] found SMP MP-table at [mem 0x000f5ba0-0x000f5baf]
[    0.022746] check: Scanning 1 areas for low memory corruption
[    0.032848] ACPI: Early table checksum verification disabled
[    0.034792] ACPI: RSDP 0x00000000000F59E0 000014 (v00 BOCHS )
[    0.035050] ACPI: RSDT 0x000000001FFE23B1 000038 (v01 BOCHS  BXPC     00000001 BXPC 00000001)
[    0.035265] ACPI: FACP 0x000000001FFE2191 0000F4 (v03 BOCHS  BXPC     00000001 BXPC 00000001)
[    0.035336] ACPI: DSDT 0x000000001FFE0040 002151 (v01 BOCHS  BXPC     00000001 BXPC 00000001)
[    0.035341] ACPI: FACS 0x000000001FFE0000 000040
[    0.035345] ACPI: APIC 0x000000001FFE2285 000090 (v01 BOCHS  BXPC     00000001 BXPC 00000001)
[    0.035349] ACPI: HPET 0x000000001FFE2315 000038 (v01 BOCHS  BXPC     00000001 BXPC 00000001)
[    0.035354] ACPI: MCFG 0x000000001FFE234D 00003C (v01 BOCHS  BXPC     00000001 BXPC 00000001)
[    0.035358] ACPI: WAET 0x000000001FFE2389 000028 (v01 BOCHS  BXPC     00000001 BXPC 00000001)
[    0.035362] ACPI: Reserving FACP table memory at [mem 0x1ffe2191-0x1ffe2284]
[    0.035364] ACPI: Reserving DSDT table memory at [mem 0x1ffe0040-0x1ffe2190]
[    0.035366] ACPI: Reserving FACS table memory at [mem 0x1ffe0000-0x1ffe003f]
[    0.035367] ACPI: Reserving APIC table memory at [mem 0x1ffe2285-0x1ffe2314]
[    0.035368] ACPI: Reserving HPET table memory at [mem 0x1ffe2315-0x1ffe234c]
[    0.035369] ACPI: Reserving MCFG table memory at [mem 0x1ffe234d-0x1ffe2388]
[    0.035370] ACPI: Reserving WAET table memory at [mem 0x1ffe2389-0x1ffe23b0]
[    0.036222] ACPI: Local APIC address 0xfee00000
[    0.040499] No NUMA configuration found
[    0.040502] Faking a node at [mem 0x0000000000000000-0x000000001ffdefff]
[    0.040715] NODE_DATA(0) allocated [mem 0x1ffdb000-0x1ffdefff]
[    0.041725] Zone ranges:
[    0.041839]   DMA      [mem 0x0000000000001000-0x0000000000ffffff]
[    0.041932]   DMA32    [mem 0x0000000001000000-0x000000001ffdefff]
[    0.041934]   Normal   empty
[    0.041936] Movable zone start for each node
[    0.041937] Early memory node ranges
[    0.042003]   node   0: [mem 0x0000000000001000-0x000000000009efff]
[    0.042066]   node   0: [mem 0x0000000000100000-0x000000001ffdefff]
[    0.042113] Initmem setup node 0 [mem 0x0000000000001000-0x000000001ffdefff]
[    0.042115] On node 0 totalpages: 130941
[    0.042232]   DMA zone: 64 pages used for memmap
[    0.042233]   DMA zone: 21 pages reserved
[    0.042286]   DMA zone: 3998 pages, LIFO batch:0
[    0.042288]   DMA32 zone: 1984 pages used for memmap
[    0.042289]   DMA32 zone: 126943 pages, LIFO batch:31
[    0.051598] On node 0, zone DMA: 1 pages in unavailable ranges
[    0.055643] On node 0, zone DMA: 97 pages in unavailable ranges
[    0.160205] On node 0, zone DMA32: 33 pages in unavailable ranges
[    0.167878] ACPI: PM-Timer IO Port: 0x608
[    0.168001] ACPI: Local APIC address 0xfee00000
[    0.168856] ACPI: LAPIC_NMI (acpi_id[0xff] dfl dfl lint[0x1])
[    0.170574] IOAPIC[0]: apic_id 0, version 17, address 0xfec00000, GSI 0-23
[    0.170582] ACPI: INT_SRC_OVR (bus 0 bus_irq 0 global_irq 2 dfl dfl)
[    0.170779] ACPI: INT_SRC_OVR (bus 0 bus_irq 5 global_irq 5 high level)
[    0.170782] ACPI: INT_SRC_OVR (bus 0 bus_irq 9 global_irq 9 high level)
[    0.170918] ACPI: INT_SRC_OVR (bus 0 bus_irq 10 global_irq 10 high level)
[    0.170920] ACPI: INT_SRC_OVR (bus 0 bus_irq 11 global_irq 11 high level)
[    0.170924] ACPI: IRQ0 used by override.
[    0.170926] ACPI: IRQ5 used by override.
[    0.170927] ACPI: IRQ9 used by override.
[    0.170928] ACPI: IRQ10 used by override.
[    0.170929] ACPI: IRQ11 used by override.
[    0.171010] Using ACPI (MADT) for SMP configuration information
[    0.171099] ACPI: HPET id: 0x8086a201 base: 0xfed00000
[    0.172323] smpboot: Allowing 4 CPUs, 0 hotplug CPUs
[    0.175098] PM: hibernation: Registered nosave memory: [mem 0x00000000-0x00000fff]
[    0.175102] PM: hibernation: Registered nosave memory: [mem 0x0009f000-0x0009ffff]
[    0.175103] PM: hibernation: Registered nosave memory: [mem 0x000a0000-0x000effff]
[    0.175104] PM: hibernation: Registered nosave memory: [mem 0x000f0000-0x000fffff]
[    0.175178] [mem 0x20000000-0xafffffff] available for PCI devices
[    0.175274] Booting paravirtualized kernel on KVM
[    0.175906] clocksource: refined-jiffies: mask: 0xffffffff max_cycles: 0xffffffff, max_idle_ns: 1910969940391419 ns
[    0.208466] setup_percpu: NR_CPUS:4 nr_cpumask_bits:4 nr_cpu_ids:4 nr_node_ids:1
[    0.253070] percpu: Embedded 56 pages/cpu s191128 r8192 d30056 u524288
[    0.253122] pcpu-alloc: s191128 r8192 d30056 u524288 alloc=1*2097152
[    0.253182] pcpu-alloc: [0] 0 1 2 3 
[    0.253701] kvm-guest: stealtime: cpu 0, msr 1f41b600
[    0.254166] Built 1 zonelists, mobility grouping on.  Total pages: 128872
[    0.254169] Policy zone: DMA32
[    0.254309] Kernel command line: selinux=0 initcall_debug debug console=ttyS0 rcutorture.torture_type=tasks-tracing rcutorture.onoff_interval=1000 rcutorture.onoff_holdoff=30 rcutorture.n_barrier_cbs=4 rcutorture.stat_interval=15 rcutorture.shutdown_secs=1800 rcutorture.test_no_idle_hz=1 rcutorture.verbose=1
[    0.262111] Dentry cache hash table entries: 65536 (order: 7, 524288 bytes, linear)
[    0.262152] Inode-cache hash table entries: 32768 (order: 6, 262144 bytes, linear)
[    0.263216] mem auto-init: stack:all(zero), heap alloc:off, heap free:off
[    0.306597] Memory: 478632K/523764K available (16397K kernel code, 2542K rwdata, 4700K rodata, 1504K init, 1412K bss, 44872K reserved, 0K cma-reserved)
[    0.307645] SLUB: HWalign=64, Order=0-3, MinObjects=0, CPUs=4, Nodes=1
[    0.308404] Kernel/User page tables isolation: enabled
[    0.317434] rcu: Preemptible hierarchical RCU implementation.
[    0.317437] rcu: 	RCU event tracing is enabled.
[    0.317507] 	Trampoline variant of Tasks RCU enabled.
[    0.317509] 	Rude variant of Tasks RCU enabled.
[    0.317510] 	Tracing variant of Tasks RCU enabled.
[    0.317650] rcu: RCU calculated value of scheduler-enlistment delay is 100 jiffies.
[    0.338388] NR_IRQS: 4352, nr_irqs: 456, preallocated irqs: 16
[    0.342263] calling  con_init+0x0/0x22a @ 0
[    0.534971] Console: colour VGA+ 80x25
[    0.534987] initcall con_init+0x0/0x22a returned 0 after 0 usecs
[    0.534991] calling  hvc_console_init+0x0/0x13 @ 0
[    0.535050] initcall hvc_console_init+0x0/0x13 returned 0 after 0 usecs
[    0.535111] calling  univ8250_console_init+0x0/0x26 @ 0
[    1.462656] printk: console [ttyS0] enabled
[    1.467806] initcall univ8250_console_init+0x0/0x26 returned 0 after 0 usecs
[    1.476549] ACPI: Core revision 20200925
[    1.483141] clocksource: hpet: mask: 0xffffffff max_cycles: 0xffffffff, max_idle_ns: 19112604467 ns
[    1.494938] APIC: Switch to symmetric I/O mode setup
[    1.521151] ..TIMER: vector=0x30 apic1=0 pin1=2 apic2=-1 pin2=-1
[    1.528209] clocksource: tsc-early: mask: 0xffffffffffffffff max_cycles: 0x39a85afc727, max_idle_ns: 881590685098 ns
[    1.540262] Calibrating delay loop (skipped) preset value.. 3999.99 BogoMIPS (lpj=1999999)
[    1.541984] pid_max: default: 32768 minimum: 301
[    1.544244] LSM: Security Framework initializing
[    1.546032] Mount-cache hash table entries: 1024 (order: 1, 8192 bytes, linear)
[    1.546970] Mountpoint-cache hash table entries: 1024 (order: 1, 8192 bytes, linear)
[    1.554258] Last level iTLB entries: 4KB 0, 2MB 0, 4MB 0
[    1.554956] Last level dTLB entries: 4KB 0, 2MB 0, 4MB 0, 1GB 0
[    1.556112] Spectre V1 : Mitigation: usercopy/swapgs barriers and __user pointer sanitization
[    1.556957] Spectre V2 : Mitigation: Retpolines
[    1.557943] Spectre V2 : Spectre v2 / SpectreRSB mitigation: Filling RSB on context switch
[    1.558943] Spectre V2 : Spectre v2 / SpectreRSB : Filling RSB on VMEXIT
[    1.559943] Speculative Store Bypass: Vulnerable
[    1.561011] MDS: Vulnerable: Clear CPU buffers attempted, no microcode
[    1.561943] MMIO Stale Data: Unknown: No mitigations
[    1.614242] Freeing SMP alternatives memory: 40K
[    1.716939] smpboot: CPU0: Intel Common KVM processor (family: 0xf, model: 0x6, stepping: 0x1)
[    1.718766] calling  init_hw_perf_events+0x0/0x6ce @ 1
[    1.718943] Performance Events: unsupported Netburst CPU model 6 no PMU driver, software events only.
[    1.719948] initcall init_hw_perf_events+0x0/0x6ce returned 0 after 976 usecs
[    1.720945] calling  init_real_mode+0x0/0x1e9 @ 1
[    1.722322] initcall init_real_mode+0x0/0x1e9 returned 0 after 0 usecs
[    1.722945] calling  trace_init_perf_perm_irq_work_exit+0x0/0x12 @ 1
[    1.723945] initcall trace_init_perf_perm_irq_work_exit+0x0/0x12 returned 0 after 0 usecs
[    1.724992] calling  validate_x2apic+0x0/0x4a @ 1
[    1.725969] initcall validate_x2apic+0x0/0x4a returned 0 after 0 usecs
[    1.726945] calling  register_nmi_cpu_backtrace_handler+0x0/0x15 @ 1
[    1.727945] initcall register_nmi_cpu_backtrace_handler+0x0/0x15 returned 0 after 0 usecs
[    1.728946] calling  kvm_setup_vsyscall_timeinfo+0x0/0xd1 @ 1
[    1.729946] initcall kvm_setup_vsyscall_timeinfo+0x0/0xd1 returned 0 after 0 usecs
[    1.730969] calling  spawn_ksoftirqd+0x0/0x38 @ 1
[    1.732071] initcall spawn_ksoftirqd+0x0/0x38 returned 0 after 0 usecs
[    1.732952] calling  migration_init+0x0/0x31 @ 1
[    1.733949] initcall migration_init+0x0/0x31 returned 0 after 0 usecs
[    1.734949] calling  srcu_bootup_announce+0x0/0x2f @ 1
[    1.735964] rcu: Hierarchical SRCU implementation.
[    1.736947] initcall srcu_bootup_announce+0x0/0x2f returned 0 after 976 usecs
[    1.737947] calling  rcu_spawn_gp_kthread+0x0/0x1b0 @ 1
[    1.739063] initcall rcu_spawn_gp_kthread+0x0/0x1b0 returned 0 after 0 usecs
[    1.739946] calling  check_cpu_stall_init+0x0/0x1a @ 1
[    1.740945] initcall check_cpu_stall_init+0x0/0x1a returned 0 after 0 usecs
[    1.741970] calling  rcu_sysrq_init+0x0/0x21 @ 1
[    1.742976] initcall rcu_sysrq_init+0x0/0x21 returned 0 after 0 usecs
[    1.743954] calling  trace_init_flags_sys_enter+0x0/0xe @ 1
[    1.744946] initcall trace_init_flags_sys_enter+0x0/0xe returned 0 after 0 usecs
[    1.745945] calling  trace_init_flags_sys_exit+0x0/0xe @ 1
[    1.746947] initcall trace_init_flags_sys_exit+0x0/0xe returned 0 after 0 usecs
[    1.747947] calling  cpu_stop_init+0x0/0x6e @ 1
[    1.749043] initcall cpu_stop_init+0x0/0x6e returned 0 after 0 usecs
[    1.749946] calling  init_kprobes+0x0/0x165 @ 1
[    1.752163] initcall init_kprobes+0x0/0x165 returned 0 after 976 usecs
[    1.752945] calling  init_events+0x0/0x3d @ 1
[    1.754744] initcall init_events+0x0/0x3d returned 0 after 0 usecs
[    1.754946] calling  init_trace_printk+0x0/0xc @ 1
[    1.755945] initcall init_trace_printk+0x0/0xc returned 0 after 0 usecs
[    1.756944] calling  event_trace_enable_again+0x0/0x23 @ 1
[    1.757990] initcall event_trace_enable_again+0x0/0x23 returned 0 after 0 usecs
[    1.758955] calling  static_call_init+0x0/0x77 @ 1
[    1.759991] initcall static_call_init+0x0/0x77 returned 0 after 0 usecs
[    1.760950] calling  jump_label_init_module+0x0/0xc @ 1
[    1.761950] initcall jump_label_init_module+0x0/0xc returned 0 after 0 usecs
[    1.762968] calling  init_zero_pfn+0x0/0x37 @ 1
[    1.763947] initcall init_zero_pfn+0x0/0x37 returned 0 after 0 usecs
[    1.764948] calling  initialize_ptr_random+0x0/0x54 @ 1
[    1.765949] initcall initialize_ptr_random+0x0/0x54 returned 0 after 0 usecs
[    1.766961] calling  efi_memreserve_root_init+0x0/0x25 @ 1
[    1.767981] initcall efi_memreserve_root_init+0x0/0x25 returned 0 after 0 usecs
[    1.768987] calling  efi_earlycon_remap_fb+0x0/0x51 @ 1
[    1.769946] initcall efi_earlycon_remap_fb+0x0/0x51 returned 0 after 0 usecs
[    1.772454] smp: Bringing up secondary CPUs ...
[    1.774605] x86: Booting SMP configuration:
[    1.774992] .... node  #0, CPUs:      #1
[    1.196506] kvm-clock: cpu 1, msr c4b9041, secondary cpu clock
[    1.799084] kvm-guest: stealtime: cpu 1, msr 1f49b600
[    1.812949]  #2
[    1.196506] kvm-clock: cpu 2, msr c4b9081, secondary cpu clock
[    1.835085] kvm-guest: stealtime: cpu 2, msr 1f51b600
[    1.850297]  #3
[    1.196506] kvm-clock: cpu 3, msr c4b90c1, secondary cpu clock
[    1.872073] kvm-guest: stealtime: cpu 3, msr 1f59b600
[    1.885401] smp: Brought up 1 node, 4 CPUs
[    1.885956] smpboot: Max logical packages: 1
[    1.886945] smpboot: Total of 4 processors activated (15999.99 BogoMIPS)
[    1.898210] devtmpfs: initialized
[    1.900537] calling  ipc_ns_init+0x0/0x3d @ 1
[    1.901007] initcall ipc_ns_init+0x0/0x3d returned 0 after 0 usecs
[    1.901949] calling  init_mmap_min_addr+0x0/0x21 @ 1
[    1.902976] initcall init_mmap_min_addr+0x0/0x21 returned 0 after 0 usecs
[    1.903948] calling  pci_realloc_setup_params+0x0/0x3f @ 1
[    1.904948] initcall pci_realloc_setup_params+0x0/0x3f returned 0 after 0 usecs
[    1.905946] calling  net_ns_init+0x0/0x140 @ 1
[    1.908219] initcall net_ns_init+0x0/0x140 returned 0 after 976 usecs
[    1.908963] calling  e820__register_nvs_regions+0x0/0x37 @ 1
[    1.909945] initcall e820__register_nvs_regions+0x0/0x37 returned 0 after 0 usecs
[    1.910946] calling  cpufreq_register_tsc_scaling+0x0/0x2e @ 1
[    1.911946] initcall cpufreq_register_tsc_scaling+0x0/0x2e returned 0 after 0 usecs
[    1.912946] calling  reboot_init+0x0/0x3c @ 1
[    1.914009] initcall reboot_init+0x0/0x3c returned 0 after 0 usecs
[    1.914945] calling  init_lapic_sysfs+0x0/0x20 @ 1
[    1.915947] initcall init_lapic_sysfs+0x0/0x20 returned 0 after 0 usecs
[    1.916945] calling  alloc_frozen_cpus+0x0/0x7 @ 1
[    1.917944] initcall alloc_frozen_cpus+0x0/0x7 returned 0 after 0 usecs
[    1.918946] calling  cpu_hotplug_pm_sync_init+0x0/0x13 @ 1
[    1.919948] initcall cpu_hotplug_pm_sync_init+0x0/0x13 returned 0 after 0 usecs
[    1.920946] calling  wq_sysfs_init+0x0/0x2a @ 1
[    1.922015] initcall wq_sysfs_init+0x0/0x2a returned 0 after 0 usecs
[    1.922946] calling  ksysfs_init+0x0/0x92 @ 1
[    1.923952] initcall ksysfs_init+0x0/0x92 returned 0 after 0 usecs
[    1.924945] calling  schedutil_gov_init+0x0/0xc @ 1
[    1.925969] initcall schedutil_gov_init+0x0/0xc returned 0 after 0 usecs
[    1.926946] calling  pm_init+0x0/0x76 @ 1
[    1.927994] initcall pm_init+0x0/0x76 returned 0 after 0 usecs
[    1.928945] calling  pm_disk_init+0x0/0x13 @ 1
[    1.929963] initcall pm_disk_init+0x0/0x13 returned 0 after 0 usecs
[    1.930945] calling  swsusp_header_init+0x0/0x2b @ 1
[    1.931950] initcall swsusp_header_init+0x0/0x2b returned 0 after 0 usecs
[    1.932946] calling  rcu_set_runtime_mode+0x0/0x16 @ 1
[    1.933947] initcall rcu_set_runtime_mode+0x0/0x16 returned 0 after 0 usecs
[    1.935944] calling  init_jiffies_clocksource+0x0/0x13 @ 1
[    1.936944] clocksource: jiffies: mask: 0xffffffff max_cycles: 0xffffffff, max_idle_ns: 1911260446275000 ns
[    1.937949] initcall init_jiffies_clocksource+0x0/0x13 returned 0 after 976 usecs
[    1.938946] calling  futex_init+0x0/0xfa @ 1
[    1.939948] futex hash table entries: 1024 (order: 4, 65536 bytes, linear)
[    1.941110] initcall futex_init+0x0/0xfa returned 0 after 976 usecs
[    1.941945] calling  cgroup_wq_init+0x0/0x28 @ 1
[    1.942966] initcall cgroup_wq_init+0x0/0x28 returned 0 after 0 usecs
[    1.943945] calling  cgroup1_wq_init+0x0/0x28 @ 1
[    1.944949] initcall cgroup1_wq_init+0x0/0x28 returned 0 after 0 usecs
[    1.945945] calling  init_kprobe_trace_early+0x0/0x2a @ 1
[    1.947035] initcall init_kprobe_trace_early+0x0/0x2a returned 0 after 0 usecs
[    1.947945] calling  fsnotify_init+0x0/0x48 @ 1
[    1.948954] initcall fsnotify_init+0x0/0x48 returned 0 after 0 usecs
[    1.949944] calling  filelock_init+0x0/0x96 @ 1
[    1.950966] initcall filelock_init+0x0/0x96 returned 0 after 0 usecs
[    1.951959] calling  init_misc_binfmt+0x0/0x2c @ 1
[    1.952959] initcall init_misc_binfmt+0x0/0x2c returned 0 after 0 usecs
[    1.953944] calling  init_script_binfmt+0x0/0x15 @ 1
[    1.954945] initcall init_script_binfmt+0x0/0x15 returned 0 after 0 usecs
[    1.955944] calling  init_elf_binfmt+0x0/0x15 @ 1
[    1.956957] initcall init_elf_binfmt+0x0/0x15 returned 0 after 0 usecs
[    1.957946] calling  init_compat_elf_binfmt+0x0/0x15 @ 1
[    1.958946] initcall init_compat_elf_binfmt+0x0/0x15 returned 0 after 0 usecs
[    1.959946] calling  debugfs_init+0x0/0x5c @ 1
[    1.960950] initcall debugfs_init+0x0/0x5c returned 0 after 0 usecs
[    1.961945] calling  tracefs_init+0x0/0x3a @ 1
[    1.963947] initcall tracefs_init+0x0/0x3a returned 0 after 976 usecs
[    1.964946] calling  prandom_init_early+0x0/0x15d @ 1
[    1.965948] initcall prandom_init_early+0x0/0x15d returned 0 after 0 usecs
[    1.967030] calling  virtio_init+0x0/0x20 @ 1
[    1.967996] initcall virtio_init+0x0/0x20 returned 0 after 0 usecs
[    1.968947] calling  iommu_init+0x0/0x2a @ 1
[    1.969995] initcall iommu_init+0x0/0x2a returned 0 after 0 usecs
[    1.970946] calling  component_debug_init+0x0/0x1c @ 1
[    1.973072] initcall component_debug_init+0x0/0x1c returned 0 after 0 usecs
[    1.973953] calling  early_resume_init+0x0/0xb9 @ 1
[    1.975714] PM: RTC time: 05:41:51, date: 2022-12-13
[    1.975953] initcall early_resume_init+0x0/0xb9 returned 0 after 976 usecs
[    1.976949] calling  cpufreq_core_init+0x0/0x62 @ 1
[    1.978952] initcall cpufreq_core_init+0x0/0x62 returned 0 after 976 usecs
[    1.979946] calling  cpufreq_gov_performance_init+0x0/0xc @ 1
[    1.980949] initcall cpufreq_gov_performance_init+0x0/0xc returned 0 after 0 usecs
[    1.981977] calling  cpufreq_gov_userspace_init+0x0/0xc @ 1
[    1.983948] initcall cpufreq_gov_userspace_init+0x0/0xc returned 0 after 0 usecs
[    1.984947] calling  CPU_FREQ_GOV_ONDEMAND_init+0x0/0xc @ 1
[    1.985966] initcall CPU_FREQ_GOV_ONDEMAND_init+0x0/0xc returned 0 after 0 usecs
[    1.986948] calling  cpuidle_init+0x0/0x1f @ 1
[    1.987977] initcall cpuidle_init+0x0/0x1f returned 0 after 0 usecs
[    1.988948] calling  capsule_reboot_register+0x0/0xc @ 1
[    1.989968] initcall capsule_reboot_register+0x0/0xc returned 0 after 0 usecs
[    1.990947] calling  sock_init+0x0/0x93 @ 1
[    1.992983] initcall sock_init+0x0/0x93 returned 0 after 976 usecs
[    1.993951] calling  net_inuse_init+0x0/0x23 @ 1
[    1.994952] initcall net_inuse_init+0x0/0x23 returned 0 after 0 usecs
[    1.996946] calling  net_defaults_init+0x0/0x23 @ 1
[    1.997947] initcall net_defaults_init+0x0/0x23 returned 0 after 0 usecs
[    1.998947] calling  init_default_flow_dissectors+0x0/0x4f @ 1
[    1.999947] initcall init_default_flow_dissectors+0x0/0x4f returned 0 after 0 usecs
[    2.000946] calling  netpoll_init+0x0/0x26 @ 1
[    2.001961] initcall netpoll_init+0x0/0x26 returned 0 after 0 usecs
[    2.002945] calling  netlink_proto_init+0x0/0x14f @ 1
[    2.005370] NET: Registered protocol family 16
[    2.006961] initcall netlink_proto_init+0x0/0x14f returned 0 after 2929 usecs
[    2.007947] calling  genl_init+0x0/0x35 @ 1
[    2.008990] initcall genl_init+0x0/0x35 returned 0 after 0 usecs
[    2.009962] calling  bsp_pm_check_init+0x0/0x13 @ 1
[    2.010946] initcall bsp_pm_check_init+0x0/0x13 returned 0 after 0 usecs
[    2.011961] calling  irq_sysfs_init+0x0/0xb7 @ 1
[    2.013086] initcall irq_sysfs_init+0x0/0xb7 returned 0 after 0 usecs
[    2.013945] calling  audit_init+0x0/0x160 @ 1
[    2.014946] audit: initializing netlink subsys (disabled)
[    2.016949] initcall audit_init+0x0/0x160 returned 0 after 1953 usecs
[    2.016246] audit: type=2000 audit(1670910110.047:1): state=initialized audit_enabled=0 res=1
[    2.017966] calling  release_early_probes+0x0/0x32 @ 1
[    2.017972] initcall release_early_probes+0x0/0x32 returned 0 after 0 usecs
[    2.020949] calling  bdi_class_init+0x0/0x48 @ 1
[    2.021966] initcall bdi_class_init+0x0/0x48 returned 0 after 0 usecs
[    2.022945] calling  mm_sysfs_init+0x0/0x28 @ 1
[    2.023950] initcall mm_sysfs_init+0x0/0x28 returned 0 after 0 usecs
[    2.024947] calling  init_per_zone_wmark_min+0x0/0x6d @ 1
[    2.025950] initcall init_per_zone_wmark_min+0x0/0x6d returned 0 after 0 usecs
[    2.026946] calling  mpi_init+0x0/0x3e @ 1
[    2.028963] initcall mpi_init+0x0/0x3e returned 0 after 0 usecs
[    2.030945] calling  kobject_uevent_init+0x0/0xc @ 1
[    2.031955] initcall kobject_uevent_init+0x0/0xc returned 0 after 0 usecs
[    2.032945] calling  pcibus_class_init+0x0/0x13 @ 1
[    2.033991] initcall pcibus_class_init+0x0/0x13 returned 0 after 0 usecs
[    2.034951] calling  pci_driver_init+0x0/0x21 @ 1
[    2.036032] initcall pci_driver_init+0x0/0x21 returned 0 after 0 usecs
[    2.036946] calling  backlight_class_init+0x0/0xa8 @ 1
[    2.037976] initcall backlight_class_init+0x0/0xa8 returned 0 after 0 usecs
[    2.038946] calling  tty_class_init+0x0/0x33 @ 1
[    2.039954] initcall tty_class_init+0x0/0x33 returned 0 after 0 usecs
[    2.040945] calling  vtconsole_class_init+0x0/0xb5 @ 1
[    2.042015] initcall vtconsole_class_init+0x0/0xb5 returned 0 after 0 usecs
[    2.042945] calling  iommu_dev_init+0x0/0x13 @ 1
[    2.044057] initcall iommu_dev_init+0x0/0x13 returned 0 after 0 usecs
[    2.044945] calling  mipi_dsi_bus_init+0x0/0xc @ 1
[    2.045986] initcall mipi_dsi_bus_init+0x0/0xc returned 0 after 0 usecs
[    2.046948] calling  devlink_class_init+0x0/0x40 @ 1
[    2.048959] initcall devlink_class_init+0x0/0x40 returned 0 after 0 usecs
[    2.049946] calling  software_node_init+0x0/0x2a @ 1
[    2.050949] initcall software_node_init+0x0/0x2a returned 0 after 0 usecs
[    2.051946] calling  wakeup_sources_debugfs_init+0x0/0x23 @ 1
[    2.052972] initcall wakeup_sources_debugfs_init+0x0/0x23 returned 0 after 0 usecs
[    2.053946] calling  wakeup_sources_sysfs_init+0x0/0x2c @ 1
[    2.054960] initcall wakeup_sources_sysfs_init+0x0/0x2c returned 0 after 0 usecs
[    2.055947] calling  register_node_type+0x0/0x13 @ 1
[    2.056995] initcall register_node_type+0x0/0x13 returned 0 after 0 usecs
[    2.057949] calling  regmap_initcall+0x0/0xc @ 1
[    2.059031] initcall regmap_initcall+0x0/0xc returned 0 after 0 usecs
[    2.059949] calling  i2c_init+0x0/0xb3 @ 1
[    2.061081] initcall i2c_init+0x0/0xb3 returned 0 after 0 usecs
[    2.061947] calling  thermal_init+0x0/0xf2 @ 1
[    2.062982] thermal_sys: Registered thermal governor 'step_wise'
[    2.062983] thermal_sys: Registered thermal governor 'user_space'
[    2.063957] initcall thermal_init+0x0/0xf2 returned 0 after 976 usecs
[    2.066947] calling  init_menu+0x0/0xc @ 1
[    2.068963] cpuidle: using governor menu
[    2.072958] initcall init_menu+0x0/0xc returned 0 after 4882 usecs
[    2.079951] calling  pcc_init+0x0/0x4d @ 1
[    2.084951] initcall pcc_init+0x0/0x4d returned -19 after 0 usecs
[    2.091949] calling  amd_postcore_init+0x0/0x11e @ 1
[    2.098950] initcall amd_postcore_init+0x0/0x11e returned 0 after 0 usecs
[    2.106978] calling  bts_init+0x0/0xba @ 1
[    2.112949] initcall bts_init+0x0/0xba returned -19 after 0 usecs
[    2.121949] calling  pt_init+0x0/0x341 @ 1
[    2.127950] initcall pt_init+0x0/0x341 returned -19 after 0 usecs
[    2.136949] calling  boot_params_ksysfs_init+0x0/0x2ee @ 1
[    2.142995] initcall boot_params_ksysfs_init+0x0/0x2ee returned 0 after 0 usecs
[    2.151978] calling  sbf_init+0x0/0xea @ 1
[    2.156945] initcall sbf_init+0x0/0xea returned 0 after 0 usecs
[    2.163946] calling  arch_kdebugfs_init+0x0/0x219 @ 1
[    2.169150] initcall arch_kdebugfs_init+0x0/0x219 returned 0 after 976 usecs
[    2.177947] calling  intel_pconfig_init+0x0/0x85 @ 1
[    2.183947] initcall intel_pconfig_init+0x0/0x85 returned 0 after 0 usecs
[    2.191950] calling  mtrr_if_init+0x0/0x5d @ 1
[    2.196971] initcall mtrr_if_init+0x0/0x5d returned 0 after 0 usecs
[    2.204948] calling  activate_jump_labels+0x0/0x31 @ 1
[    2.210947] initcall activate_jump_labels+0x0/0x31 returned 0 after 0 usecs
[    2.218946] calling  ffh_cstate_init+0x0/0x29 @ 1
[    2.224950] initcall ffh_cstate_init+0x0/0x29 returned 0 after 0 usecs
[    2.232963] calling  activate_jump_labels+0x0/0x31 @ 1
[    2.239206] initcall activate_jump_labels+0x0/0x31 returned 0 after 0 usecs
[    2.246948] calling  kvm_alloc_cpumask+0x0/0x74 @ 1
[    2.252944] initcall kvm_alloc_cpumask+0x0/0x74 returned 0 after 0 usecs
[    2.260948] calling  kcmp_cookies_init+0x0/0x37 @ 1
[    2.265957] initcall kcmp_cookies_init+0x0/0x37 returned 0 after 0 usecs
[    2.273947] calling  cryptomgr_init+0x0/0xc @ 1
[    2.279016] initcall cryptomgr_init+0x0/0xc returned 0 after 0 usecs
[    2.286949] calling  acpi_pci_init+0x0/0x57 @ 1
[    2.291945] ACPI: bus type PCI registered
[    2.296949] initcall acpi_pci_init+0x0/0x57 returned 0 after 4882 usecs
[    2.304950] calling  dma_channel_table_init+0x0/0xd1 @ 1
[    2.310957] initcall dma_channel_table_init+0x0/0xd1 returned 0 after 0 usecs
[    2.320971] calling  dma_bus_init+0x0/0xdc @ 1
[    2.326220] initcall dma_bus_init+0x0/0xdc returned 0 after 976 usecs
[    2.334046] calling  iommu_dma_init+0x0/0x10 @ 1
[    2.339951] initcall iommu_dma_init+0x0/0x10 returned 0 after 0 usecs
[    2.346948] calling  dmi_id_init+0x0/0x37c @ 1
[    2.352125] initcall dmi_id_init+0x0/0x37c returned 0 after 0 usecs
[    2.359948] calling  pci_arch_init+0x0/0x71 @ 1
[    2.365655] PCI: MMCONFIG for domain 0000 [bus 00-ff] at [mem 0xb0000000-0xbfffffff] (base 0xb0000000)
[    2.375947] PCI: MMCONFIG at [mem 0xb0000000-0xbfffffff] reserved in E820
[    2.383968] PCI: Using configuration type 1 for base access
[    2.390993] initcall pci_arch_init+0x0/0x71 returned 0 after 25390 usecs
[    2.397968] calling  init_vdso+0x0/0x13 @ 1
[    2.402968] initcall init_vdso+0x0/0x13 returned 0 after 0 usecs
[    2.409945] calling  sysenter_setup+0x0/0x13 @ 1
[    2.415963] initcall sysenter_setup+0x0/0x13 returned 0 after 0 usecs
[    2.423949] calling  fixup_ht_bug+0x0/0xe5 @ 1
[    2.428947] initcall fixup_ht_bug+0x0/0xe5 returned 0 after 0 usecs
[    2.435949] calling  topology_init+0x0/0x88 @ 1
[    2.441075] initcall topology_init+0x0/0x88 returned 0 after 976 usecs
[    2.448951] calling  intel_epb_init+0x0/0x68 @ 1
[    2.453946] initcall intel_epb_init+0x0/0x68 returned -19 after 0 usecs
[    2.461945] calling  mtrr_init_finialize+0x0/0x3e @ 1
[    2.467946] initcall mtrr_init_finialize+0x0/0x3e returned 0 after 0 usecs
[    2.475959] calling  uid_cache_init+0x0/0x85 @ 1
[    2.482958] initcall uid_cache_init+0x0/0x85 returned 0 after 0 usecs
[    2.491951] calling  param_sysfs_init+0x0/0x1ba @ 1
[    2.504066] initcall param_sysfs_init+0x0/0x1ba returned 0 after 4882 usecs
[    2.513949] calling  user_namespace_sysctl_init+0x0/0x33 @ 1
[    2.522986] initcall user_namespace_sysctl_init+0x0/0x33 returned 0 after 0 usecs
[    2.533949] calling  proc_schedstat_init+0x0/0x24 @ 1
[    2.540953] initcall proc_schedstat_init+0x0/0x24 returned 0 after 0 usecs
[    2.551955] calling  pm_sysrq_init+0x0/0x18 @ 1
[    2.559321] initcall pm_sysrq_init+0x0/0x18 returned 0 after 1953 usecs
[    2.569058] calling  create_proc_profile+0x0/0xd0 @ 1
[    2.576948] initcall create_proc_profile+0x0/0xd0 returned 0 after 0 usecs
[    2.586949] calling  time_ns_init+0x0/0x7 @ 1
[    2.593949] initcall time_ns_init+0x0/0x7 returned 0 after 0 usecs
[    2.602951] calling  crash_save_vmcoreinfo_init+0x0/0x722 @ 1
[    2.612118] initcall crash_save_vmcoreinfo_init+0x0/0x722 returned 0 after 0 usecs
[    2.622950] calling  crash_notes_memory_init+0x0/0x35 @ 1
[    2.629954] initcall crash_notes_memory_init+0x0/0x35 returned 0 after 0 usecs
[    2.639947] calling  cgroup_sysfs_init+0x0/0x13 @ 1
[    2.645959] initcall cgroup_sysfs_init+0x0/0x13 returned 0 after 0 usecs
[    2.653948] calling  cgroup_namespaces_init+0x0/0x7 @ 1
[    2.661949] initcall cgroup_namespaces_init+0x0/0x7 returned 0 after 0 usecs
[    2.670948] calling  init_optprobes+0x0/0x13 @ 1
[    2.677026] Kprobes globally optimized
[    2.681947] initcall init_optprobes+0x0/0x13 returned 0 after 4882 usecs
[    2.689949] calling  oom_init+0x0/0x2f @ 1
[    2.696175] initcall oom_init+0x0/0x2f returned 0 after 0 usecs
[    2.703946] calling  default_bdi_init+0x0/0xb3 @ 1
[    2.711146] initcall default_bdi_init+0x0/0xb3 returned 0 after 1953 usecs
[    2.719947] calling  percpu_enable_async+0x0/0xe @ 1
[    2.725946] initcall percpu_enable_async+0x0/0xe returned 0 after 0 usecs
[    2.733965] calling  kcompactd_init+0x0/0x8d @ 1
[    2.741110] initcall kcompactd_init+0x0/0x8d returned 0 after 976 usecs
[    2.748985] calling  init_user_reserve+0x0/0x40 @ 1
[    2.754948] initcall init_user_reserve+0x0/0x40 returned 0 after 0 usecs
[    2.762948] calling  init_admin_reserve+0x0/0x40 @ 1
[    2.768947] initcall init_admin_reserve+0x0/0x40 returned 0 after 0 usecs
[    2.777952] calling  init_reserve_notifier+0x0/0x7 @ 1
[    2.784949] initcall init_reserve_notifier+0x0/0x7 returned 0 after 0 usecs
[    2.792948] calling  swap_init_sysfs+0x0/0x62 @ 1
[    2.797958] initcall swap_init_sysfs+0x0/0x62 returned 0 after 0 usecs
[    2.805947] calling  swapfile_init+0x0/0x94 @ 1
[    2.811948] initcall swapfile_init+0x0/0x94 returned 0 after 0 usecs
[    2.819949] calling  hugetlb_init+0x0/0x499 @ 1
[    2.824965] HugeTLB registered 2.00 MiB page size, pre-allocated 0 pages
[    2.832988] initcall hugetlb_init+0x0/0x499 returned 0 after 7812 usecs
[    2.841950] calling  io_wq_init+0x0/0x34 @ 1
[    2.846950] initcall io_wq_init+0x0/0x34 returned 0 after 0 usecs
[    2.853948] calling  seqiv_module_init+0x0/0xc @ 1
[    2.859947] initcall seqiv_module_init+0x0/0xc returned 0 after 0 usecs
[    2.867946] calling  echainiv_module_init+0x0/0xc @ 1
[    2.873962] initcall echainiv_module_init+0x0/0xc returned 0 after 0 usecs
[    2.883007] calling  rsa_init+0x0/0x50 @ 1
[    2.889127] cryptomgr_test (39) used greatest stack depth: 15504 bytes left
[    2.889077] initcall rsa_init+0x0/0x50 returned 0 after 976 usecs
[    2.904949] calling  crypto_cmac_module_init+0x0/0xc @ 1
[    2.910946] initcall crypto_cmac_module_init+0x0/0xc returned 0 after 0 usecs
[    2.919946] calling  hmac_module_init+0x0/0xc @ 1
[    2.925947] initcall hmac_module_init+0x0/0xc returned 0 after 0 usecs
[    2.933946] calling  crypto_null_mod_init+0x0/0x65 @ 1
[    2.945113] cryptomgr_test (43) used greatest stack depth: 15184 bytes left
[    2.944948] initcall crypto_null_mod_init+0x0/0x65 returned 0 after 4882 usecs
[    2.959855] calling  md5_mod_init+0x0/0xc @ 1
[    2.968952] initcall md5_mod_init+0x0/0xc returned 0 after 3906 usecs
[    2.976083] calling  sha256_generic_mod_init+0x0/0x11 @ 1
[    2.985948] initcall sha256_generic_mod_init+0x0/0x11 returned 0 after 2929 usecs
[    2.994075] calling  crypto_cbc_module_init+0x0/0xc @ 1
[    3.000950] initcall crypto_cbc_module_init+0x0/0xc returned 0 after 0 usecs
[    3.008945] calling  crypto_ctr_module_init+0x0/0x11 @ 1
[    3.014947] initcall crypto_ctr_module_init+0x0/0x11 returned 0 after 0 usecs
[    3.023960] calling  crypto_gcm_module_init+0x0/0x64 @ 1
[    3.030012] initcall crypto_gcm_module_init+0x0/0x64 returned 0 after 0 usecs
[    3.038947] calling  crypto_ccm_module_init+0x0/0x11 @ 1
[    3.044947] initcall crypto_ccm_module_init+0x0/0x11 returned 0 after 0 usecs
[    3.052946] calling  aes_init+0x0/0xc @ 1
[    3.059949] initcall aes_init+0x0/0xc returned 0 after 1953 usecs
[    3.066948] calling  crc32c_mod_init+0x0/0xc @ 1
[    3.073324] initcall crc32c_mod_init+0x0/0xc returned 0 after 0 usecs
[    3.080947] calling  crypto_authenc_module_init+0x0/0xc @ 1
[    3.084948] initcall crypto_authenc_module_init+0x0/0xc returned 0 after 0 usecs
[    3.093947] calling  crypto_authenc_esn_module_init+0x0/0xc @ 1
[    3.100948] initcall crypto_authenc_esn_module_init+0x0/0xc returned 0 after 0 usecs
[    3.110946] calling  drbg_init+0x0/0x7c @ 1
[    3.123285] initcall drbg_init+0x0/0x7c returned 0 after 6835 usecs
[    3.131084] calling  ghash_mod_init+0x0/0xc @ 1
[    3.138137] initcall ghash_mod_init+0x0/0xc returned 0 after 1953 usecs
[    3.145948] calling  init_bio+0x0/0x9a @ 1
[    3.151596] initcall init_bio+0x0/0x9a returned 0 after 976 usecs
[    3.158946] calling  blk_settings_init+0x0/0x29 @ 1
[    3.164946] initcall blk_settings_init+0x0/0x29 returned 0 after 0 usecs
[    3.172947] calling  blk_ioc_init+0x0/0x29 @ 1
[    3.178966] initcall blk_ioc_init+0x0/0x29 returned 0 after 0 usecs
[    3.186946] calling  blk_mq_init+0x0/0xb9 @ 1
[    3.192020] initcall blk_mq_init+0x0/0xb9 returned 0 after 0 usecs
[    3.199946] calling  genhd_device_init+0x0/0x75 @ 1
[    3.208399] initcall genhd_device_init+0x0/0x75 returned 0 after 1953 usecs
[    3.217317] calling  pci_slot_init+0x0/0x40 @ 1
[    3.223040] initcall pci_slot_init+0x0/0x40 returned 0 after 0 usecs
[    3.231977] calling  fbmem_init+0x0/0xd8 @ 1
[    3.237645] initcall fbmem_init+0x0/0xd8 returned 0 after 976 usecs
[    3.244948] calling  acpi_init+0x0/0x319 @ 1
[    3.250391] ACPI: Added _OSI(Module Device)
[    3.255948] ACPI: Added _OSI(Processor Device)
[    3.262947] ACPI: Added _OSI(3.0 _SCP Extensions)
[    3.269946] ACPI: Added _OSI(Processor Aggregator Device)
[    3.277948] ACPI: Added _OSI(Linux-Dell-Video)
[    3.283948] ACPI: Added _OSI(Linux-Lenovo-NV-HDMI-Audio)
[    3.290946] ACPI: Added _OSI(Linux-HPI-Hybrid-Graphics)
[    3.299377] ACPI: 1 ACPI AML tables successfully acquired and loaded
[    3.312236] ACPI: Interpreter enabled
[    3.316999] ACPI: (supports S0 S3 S4 S5)
[    3.322031] ACPI: Using IOAPIC for interrupt routing
[    3.327984] PCI: Using host bridge windows from ACPI; if necessary, use "pci=nocrs" and report a bug
[    3.339329] ACPI: Enabled 2 GPEs in block 00 to 3F
[    3.353305] ACPI: PCI Root Bridge [PCI0] (domain 0000 [bus 00-ff])
[    3.361110] acpi PNP0A08:00: _OSC: OS supports [ExtendedConfig ASPM ClockPM Segments MSI HPX-Type3]
[    3.371035] acpi PNP0A08:00: _OSC: platform does not support [LTR]
[    3.379007] acpi PNP0A08:00: _OSC: OS now controls [PME PCIeCapability]
[    3.386285] PCI host bridge to bus 0000:00
[    3.391969] pci_bus 0000:00: root bus resource [io  0x0000-0x0cf7 window]
[    3.399945] pci_bus 0000:00: root bus resource [io  0x0d00-0xffff window]
[    3.407955] pci_bus 0000:00: root bus resource [mem 0x000a0000-0x000bffff window]
[    3.416948] pci_bus 0000:00: root bus resource [mem 0x20000000-0xafffffff window]
[    3.423948] pci_bus 0000:00: root bus resource [mem 0xc0000000-0xfebfffff window]
[    3.431946] pci_bus 0000:00: root bus resource [mem 0x100000000-0x8ffffffff window]
[    3.440947] pci_bus 0000:00: root bus resource [bus 00-ff]
[    3.451389] pci 0000:00:00.0: calling  quirk_mmio_always_on+0x0/0x10 @ 1
[    3.459939] pci 0000:00:00.0: quirk_mmio_always_on+0x0/0x10 took 0 usecs
[    3.466952] pci 0000:00:00.0: [8086:29c0] type 00 class 0x060000
[    3.479939] pci 0000:00:00.0: calling  quirk_igfx_skip_te_disable+0x0/0x80 @ 1
[    3.488210] pci 0000:00:00.0: quirk_igfx_skip_te_disable+0x0/0x80 took 0 usecs
[    3.501671] pci 0000:00:01.0: [1234:1111] type 00 class 0x030000
[    3.520939] pci 0000:00:01.0: reg 0x10: [mem 0xfd000000-0xfdffffff pref]
[    3.554939] pci 0000:00:01.0: reg 0x18: [mem 0xfebf0000-0xfebf0fff]
[    3.598939] pci 0000:00:01.0: reg 0x30: [mem 0xfebe0000-0xfebeffff pref]
[    3.617939] pci 0000:00:01.0: calling  efifb_fixup_resources+0x0/0xf0 @ 1
[    3.629074] pci 0000:00:01.0: efifb_fixup_resources+0x0/0xf0 took 0 usecs
[    3.652570] pci 0000:00:1f.0: [8086:2918] type 00 class 0x060100
[    3.667478] pci 0000:00:1f.0: calling  quirk_ich7_lpc+0x0/0x60 @ 1
[    3.675980] pci 0000:00:1f.0: quirk: [io  0x0600-0x067f] claimed by ICH6 ACPI/GPIO/TCO
[    3.685377] pci 0000:00:1f.0: quirk_ich7_lpc+0x0/0x60 took 9765 usecs
[    3.693024] pci 0000:00:1f.0: calling  quirk_igfx_skip_te_disable+0x0/0x80 @ 1
[    3.701987] pci 0000:00:1f.0: quirk_igfx_skip_te_disable+0x0/0x80 took 0 usecs
[    3.712520] pci 0000:00:1f.2: [8086:2922] type 00 class 0x010601
[    3.728549] pci 0000:00:1f.2: reg 0x20: [io  0xc040-0xc05f]
[    3.736946] pci 0000:00:1f.2: reg 0x24: [mem 0xfebf1000-0xfebf1fff]
[    3.746127] pci 0000:00:1f.2: calling  quirk_igfx_skip_te_disable+0x0/0x80 @ 1
[    3.754949] pci 0000:00:1f.2: quirk_igfx_skip_te_disable+0x0/0x80 took 0 usecs
[    3.768305] pci 0000:00:1f.3: [8086:2930] type 00 class 0x0c0500
[    3.782947] pci 0000:00:1f.3: reg 0x20: [io  0x0700-0x073f]
[    3.791651] pci 0000:00:1f.3: calling  quirk_igfx_skip_te_disable+0x0/0x80 @ 1
[    3.801958] pci 0000:00:1f.3: quirk_igfx_skip_te_disable+0x0/0x80 took 0 usecs
[    3.822944] ACPI: PCI Interrupt Link [LNKA] (IRQs 5 *10 11)
[    3.831450] ACPI: PCI Interrupt Link [LNKB] (IRQs 5 *10 11)
[    3.838331] ACPI: PCI Interrupt Link [LNKC] (IRQs 5 10 *11)
[    3.845445] ACPI: PCI Interrupt Link [LNKD] (IRQs 5 10 *11)
[    3.850338] ACPI: PCI Interrupt Link [LNKE] (IRQs 5 *10 11)
[    3.856354] ACPI: PCI Interrupt Link [LNKF] (IRQs 5 *10 11)
[    3.864060] ACPI: PCI Interrupt Link [LNKG] (IRQs 5 10 *11)
[    3.871272] ACPI: PCI Interrupt Link [LNKH] (IRQs 5 10 *11)
[    3.877258] ACPI: PCI Interrupt Link [GSIA] (IRQs *16)
[    3.884960] ACPI: PCI Interrupt Link [GSIB] (IRQs *17)
[    3.892308] ACPI: PCI Interrupt Link [GSIC] (IRQs *18)
[    3.898029] ACPI: PCI Interrupt Link [GSID] (IRQs *19)
[    3.904086] ACPI: PCI Interrupt Link [GSIE] (IRQs *20)
[    3.911959] ACPI: PCI Interrupt Link [GSIF] (IRQs *21)
[    3.918028] ACPI: PCI Interrupt Link [GSIG] (IRQs *22)
[    3.924019] ACPI: PCI Interrupt Link [GSIH] (IRQs *23)
[    3.939622] initcall acpi_init+0x0/0x319 returned 0 after 672851 usecs
[    3.944192] calling  pnp_init+0x0/0xc @ 1
[    3.950155] initcall pnp_init+0x0/0xc returned 0 after 0 usecs
[    3.958951] calling  misc_init+0x0/0xbf @ 1
[    3.966189] initcall misc_init+0x0/0xbf returned 0 after 0 usecs
[    3.975959] calling  iommu_subsys_init+0x0/0x4e @ 1
[    3.980219] iommu: Default domain type: Translated 
[    3.983952] initcall iommu_subsys_init+0x0/0x4e returned 0 after 3906 usecs
[    3.994952] calling  vga_arb_device_init+0x0/0x261 @ 1
[    4.008418] pci 0000:00:01.0: vgaarb: setting as boot VGA device
[    4.008939] pci 0000:00:01.0: vgaarb: VGA device added: decodes=io+mem,owns=io+mem,locks=none
[    4.029950] pci 0000:00:01.0: vgaarb: bridge control possible
[    4.038946] vgaarb: loaded
[    4.042956] initcall vga_arb_device_init+0x0/0x261 returned 0 after 40039 usecs
[    4.052073] calling  cn_init+0x0/0xf0 @ 1
[    4.058119] initcall cn_init+0x0/0xf0 returned 0 after 976 usecs
[    4.065951] calling  dma_buf_init+0x0/0xad @ 1
[    4.073142] initcall dma_buf_init+0x0/0xad returned 0 after 976 usecs
[    4.082957] calling  init_scsi+0x0/0x79 @ 1
[    4.090071] SCSI subsystem initialized
[    4.095950] initcall init_scsi+0x0/0x79 returned 0 after 6835 usecs
[    4.104948] calling  ata_init+0x0/0x332 @ 1
[    4.114184] libata version 3.00 loaded.
[    4.119950] initcall ata_init+0x0/0x332 returned 0 after 8789 usecs
[    4.128948] calling  phy_init+0x0/0x250 @ 1
[    4.135991] initcall phy_init+0x0/0x250 returned 0 after 0 usecs
[    4.144964] calling  init_pcmcia_cs+0x0/0x35 @ 1
[    4.152031] initcall init_pcmcia_cs+0x0/0x35 returned 0 after 0 usecs
[    4.160947] calling  usb_common_init+0x0/0x1c @ 1
[    4.165097] initcall usb_common_init+0x0/0x1c returned 0 after 0 usecs
[    4.174947] calling  usb_init+0x0/0x12e @ 1
[    4.181068] ACPI: bus type USB registered
[    4.188492] usbcore: registered new interface driver usbfs
[    4.196990] usbcore: registered new interface driver hub
[    4.204979] usbcore: registered new device driver usb
[    4.212949] initcall usb_init+0x0/0x12e returned 0 after 31250 usecs
[    4.221948] calling  serio_init+0x0/0x29 @ 1
[    4.229035] initcall serio_init+0x0/0x29 returned 0 after 0 usecs
[    4.237946] calling  input_init+0x0/0xf6 @ 1
[    4.244239] initcall input_init+0x0/0xf6 returned 0 after 0 usecs
[    4.252946] calling  rtc_init+0x0/0x4d @ 1
[    4.258030] initcall rtc_init+0x0/0x4d returned 0 after 976 usecs
[    4.263947] calling  pps_init+0x0/0xa9 @ 1
[    4.270126] pps_core: LinuxPPS API ver. 1 registered
[    4.276944] pps_core: Software ver. 5.3.6 - Copyright 2005-2007 Rodolfo Giometti <giometti@linux.it>
[    4.287948] initcall pps_init+0x0/0xa9 returned 0 after 17578 usecs
[    4.294948] calling  ptp_init+0x0/0x98 @ 1
[    4.300113] PTP clock support registered
[    4.304947] initcall ptp_init+0x0/0x98 returned 0 after 4882 usecs
[    4.314949] calling  power_supply_class_init+0x0/0x3f @ 1
[    4.323315] initcall power_supply_class_init+0x0/0x3f returned 0 after 0 usecs
[    4.332949] calling  hwmon_init+0x0/0x104 @ 1
[    4.339968] initcall hwmon_init+0x0/0x104 returned 0 after 0 usecs
[    4.347950] calling  md_init+0x0/0x16b @ 1
[    4.357939] initcall md_init+0x0/0x16b returned 0 after 2929 usecs
[    4.364949] calling  leds_init+0x0/0x3b @ 1
[    4.370962] initcall leds_init+0x0/0x3b returned 0 after 0 usecs
[    4.377947] calling  dmi_init+0x0/0x113 @ 1
[    4.384392] initcall dmi_init+0x0/0x113 returned 0 after 0 usecs
[    4.391948] calling  efisubsys_init+0x0/0x4e7 @ 1
[    4.398945] initcall efisubsys_init+0x0/0x4e7 returned 0 after 976 usecs
[    4.404948] calling  nvmem_init+0x0/0xc @ 1
[    4.408193] initcall nvmem_init+0x0/0xc returned 0 after 0 usecs
[    4.411947] calling  init_soundcore+0x0/0x33 @ 1
[    4.417382] initcall init_soundcore+0x0/0x33 returned 0 after 0 usecs
[    4.426949] calling  alsa_sound_init+0x0/0x8f @ 1
[    4.431522] Advanced Linux Sound Architecture Driver Initialized.
[    4.436230] initcall alsa_sound_init+0x0/0x8f returned 0 after 4882 usecs
[    4.444948] calling  alsa_seq_device_init+0x0/0x71 @ 1
[    4.449955] initcall alsa_seq_device_init+0x0/0x71 returned 0 after 0 usecs
[    4.455948] calling  hda_bus_init+0x0/0xc @ 1
[    4.461962] initcall hda_bus_init+0x0/0xc returned 0 after 0 usecs
[    4.469947] calling  proto_init+0x0/0xc @ 1
[    4.473249] initcall proto_init+0x0/0xc returned 0 after 1953 usecs
[    4.482949] calling  net_dev_init+0x0/0x209 @ 1
[    4.490588] initcall net_dev_init+0x0/0x209 returned 0 after 2929 usecs
[    4.497947] calling  neigh_init+0x0/0x84 @ 1
[    4.500949] initcall neigh_init+0x0/0x84 returned 0 after 0 usecs
[    4.508947] calling  fib_notifier_init+0x0/0xc @ 1
[    4.513950] initcall fib_notifier_init+0x0/0xc returned 0 after 0 usecs
[    4.522947] calling  fib_rules_init+0x0/0xab @ 1
[    4.527951] initcall fib_rules_init+0x0/0xab returned 0 after 0 usecs
[    4.534947] calling  pktsched_init+0x0/0x10e @ 1
[    4.541100] initcall pktsched_init+0x0/0x10e returned 0 after 0 usecs
[    4.549952] calling  tc_filter_init+0x0/0xfa @ 1
[    4.555960] initcall tc_filter_init+0x0/0xfa returned 0 after 0 usecs
[    4.563947] calling  tc_action_init+0x0/0x54 @ 1
[    4.567949] initcall tc_action_init+0x0/0x54 returned 0 after 0 usecs
[    4.578037] calling  ethnl_init+0x0/0x52 @ 1
[    4.583315] initcall ethnl_init+0x0/0x52 returned 0 after 0 usecs
[    4.587946] calling  nexthop_init+0x0/0xd8 @ 1
[    4.596117] initcall nexthop_init+0x0/0xd8 returned 0 after 0 usecs
[    4.603947] calling  cipso_v4_init+0x0/0x5d @ 1
[    4.609389] initcall cipso_v4_init+0x0/0x5d returned 0 after 976 usecs
[    4.616952] calling  ieee80211_init+0x0/0x24 @ 1
[    4.623079] initcall ieee80211_init+0x0/0x24 returned 0 after 976 usecs
[    4.631958] calling  netlbl_init+0x0/0x78 @ 1
[    4.637946] NetLabel: Initializing
[    4.641944] NetLabel:  domain hash size = 128
[    4.646943] NetLabel:  protocols = UNLABELED CIPSOv4 CALIPSO
[    4.654242] NetLabel:  unlabeled traffic allowed by default
[    4.661952] initcall netlbl_init+0x0/0x78 returned 0 after 23437 usecs
[    4.669948] calling  rfkill_init+0x0/0x111 @ 1
[    4.676001] initcall rfkill_init+0x0/0x111 returned 0 after 976 usecs
[    4.682965] calling  pci_subsys_init+0x0/0x66 @ 1
[    4.687987] PCI: Using ACPI for IRQ routing
[    5.424765] PCI: pci_cache_line_size set to 64 bytes
[    5.431694] e820: reserve RAM buffer [mem 0x0009fc00-0x0009ffff]
[    5.439001] e820: reserve RAM buffer [mem 0x1ffdf000-0x1fffffff]
[    5.446010] initcall pci_subsys_init+0x0/0x66 returned 0 after 740234 usecs
[    5.456116] calling  nmi_warning_debugfs+0x0/0x26 @ 1
[    5.462006] initcall nmi_warning_debugfs+0x0/0x26 returned 0 after 0 usecs
[    5.469964] calling  save_microcode_in_initrd+0x0/0x51 @ 1
[    5.477045] initcall save_microcode_in_initrd+0x0/0x51 returned 0 after 0 usecs
[    5.484947] calling  hpet_late_init+0x0/0x20a @ 1
[    5.491143] hpet: 3 channels of 0 reserved for per-cpu timers
[    5.498059] hpet0: at MMIO 0xfed00000, IRQs 2, 8, 0
[    5.503944] hpet0: 3 comparators, 64-bit 100.000000 MHz counter
[    5.514948] initcall hpet_late_init+0x0/0x20a returned 0 after 23437 usecs
[    5.522949] calling  init_amd_nbs+0x0/0x11c @ 1
[    5.527980] initcall init_amd_nbs+0x0/0x11c returned 0 after 976 usecs
[    5.535960] calling  clocksource_done_booting+0x0/0x41 @ 1
[    5.543652] clocksource: Switched to clocksource kvm-clock
[    5.550193] initcall clocksource_done_booting+0x0/0x41 returned 0 after 8054 usecs
[    5.558836] calling  tracer_init_tracefs+0x0/0x242 @ 1
[    5.771762] initcall tracer_init_tracefs+0x0/0x242 returned 0 after 202076 usecs
[    5.780324] calling  init_trace_printk_function_export+0x0/0x2c @ 1
[    5.787785] initcall init_trace_printk_function_export+0x0/0x2c returned 0 after 8 usecs
[    5.797276] calling  init_kprobe_trace+0x0/0x1a9 @ 1
[    5.803189] initcall init_kprobe_trace+0x0/0x1a9 returned 0 after 22 usecs
[    5.811254] calling  init_dynamic_event+0x0/0x3d @ 1
[    5.817180] initcall init_dynamic_event+0x0/0x3d returned 0 after 5 usecs
[    5.825163] calling  init_uprobe_trace+0x0/0x5c @ 1
[    5.831142] initcall init_uprobe_trace+0x0/0x5c returned 0 after 33 usecs
[    5.839150] calling  init_pipe_fs+0x0/0x44 @ 1
[    5.844601] initcall init_pipe_fs+0x0/0x44 returned 0 after 115 usecs
[    5.852488] calling  inotify_user_setup+0x0/0x47 @ 1
[    5.858597] initcall inotify_user_setup+0x0/0x47 returned 0 after 118 usecs
[    5.867014] calling  eventpoll_init+0x0/0xd4 @ 1
[    5.872680] initcall eventpoll_init+0x0/0xd4 returned 0 after 109 usecs
[    5.880525] calling  anon_inode_init+0x0/0x58 @ 1
[    5.886500] initcall anon_inode_init+0x0/0x58 returned 0 after 120 usecs
[    5.894073] calling  proc_locks_init+0x0/0x27 @ 1
[    5.899461] initcall proc_locks_init+0x0/0x27 returned 0 after 24 usecs
[    5.907008] calling  iomap_init+0x0/0x1b @ 1
[    5.912566] initcall iomap_init+0x0/0x1b returned 0 after 512 usecs
[    5.919700] calling  dquot_init+0x0/0x106 @ 1
[    5.924694] VFS: Disk quotas dquot_6.6.0
[    5.929217] VFS: Dquot-cache hash table entries: 512 (order 0, 4096 bytes)
[    5.937001] initcall dquot_init+0x0/0x106 returned 0 after 12014 usecs
[    5.944314] calling  quota_init+0x0/0x23 @ 1
[    5.949725] initcall quota_init+0x0/0x23 returned 0 after 19 usecs
[    5.957372] calling  proc_cmdline_init+0x0/0x21 @ 1
[    5.963364] initcall proc_cmdline_init+0x0/0x21 returned 0 after 6 usecs
[    5.971305] calling  proc_consoles_init+0x0/0x24 @ 1
[    5.977112] initcall proc_consoles_init+0x0/0x24 returned 0 after 3 usecs
[    5.985034] calling  proc_cpuinfo_init+0x0/0x1e @ 1
[    5.990836] initcall proc_cpuinfo_init+0x0/0x1e returned 0 after 3 usecs
[    6.006060] calling  proc_devices_init+0x0/0x24 @ 1
[    6.012884] initcall proc_devices_init+0x0/0x24 returned 0 after 410 usecs
[    6.020939] calling  proc_interrupts_init+0x0/0x24 @ 1
[    6.027273] initcall proc_interrupts_init+0x0/0x24 returned 0 after 55 usecs
[    6.035692] calling  proc_loadavg_init+0x0/0x21 @ 1
[    6.041567] initcall proc_loadavg_init+0x0/0x21 returned 0 after 3 usecs
[    6.049662] calling  proc_meminfo_init+0x0/0x21 @ 1
[    6.055657] initcall proc_meminfo_init+0x0/0x21 returned 0 after 4 usecs
[    6.063739] calling  proc_stat_init+0x0/0x1e @ 1
[    6.069339] initcall proc_stat_init+0x0/0x1e returned 0 after 42 usecs
[    6.077049] calling  proc_uptime_init+0x0/0x21 @ 1
[    6.082763] initcall proc_uptime_init+0x0/0x21 returned 0 after 41 usecs
[    6.090608] calling  proc_version_init+0x0/0x21 @ 1
[    6.096388] initcall proc_version_init+0x0/0x21 returned 0 after 62 usecs
[    6.104302] calling  proc_softirqs_init+0x0/0x21 @ 1
[    6.110098] initcall proc_softirqs_init+0x0/0x21 returned 0 after 3 usecs
[    6.117744] calling  proc_kcore_init+0x0/0xea @ 1
[    6.123458] initcall proc_kcore_init+0x0/0xea returned 0 after 310 usecs
[    6.131208] calling  vmcore_init+0x0/0x578 @ 1
[    6.136619] initcall vmcore_init+0x0/0x578 returned 0 after 78 usecs
[    6.144040] calling  proc_kmsg_init+0x0/0x21 @ 1
[    6.149415] initcall proc_kmsg_init+0x0/0x21 returned 0 after 4 usecs
[    6.156780] calling  proc_page_init+0x0/0x3b @ 1
[    6.162448] initcall proc_page_init+0x0/0x3b returned 0 after 321 usecs
[    6.170056] calling  init_ramfs_fs+0x0/0xc @ 1
[    6.175351] initcall init_ramfs_fs+0x0/0xc returned 0 after 169 usecs
[    6.182651] calling  init_hugetlbfs_fs+0x0/0xf6 @ 1
[    6.189401] initcall init_hugetlbfs_fs+0x0/0xf6 returned 0 after 1126 usecs
[    6.197386] calling  blk_scsi_ioctl_init+0x0/0x2a5 @ 1
[    6.203528] initcall blk_scsi_ioctl_init+0x0/0x2a5 returned 0 after 69 usecs
[    6.211410] calling  acpi_event_init+0x0/0x2c @ 1
[    6.217162] initcall acpi_event_init+0x0/0x2c returned 0 after 439 usecs
[    6.225058] calling  pnp_system_init+0x0/0xc @ 1
[    6.234552] initcall pnp_system_init+0x0/0xc returned 0 after 3928 usecs
[    6.242467] calling  pnpacpi_init+0x0/0x69 @ 1
[    6.247527] pnp: PnP ACPI init
[    6.253315] pnp 00:00: Plug and Play ACPI device, IDs PNP0303 (active)
[    6.260908] pnp 00:01: Plug and Play ACPI device, IDs PNP0f13 (active)
[    6.268574] pnp 00:02: Plug and Play ACPI device, IDs PNP0400 (active)
[    6.276392] pnp 00:03: Plug and Play ACPI device, IDs PNP0501 (active)
[    6.285002] pnp 00:04: Plug and Play ACPI device, IDs PNP0b00 (active)
[    6.293954] system 00:05: [mem 0xb0000000-0xbfffffff window] has been reserved
[    6.302554] system 00:05: Plug and Play ACPI device, IDs PNP0c01 (active)
[    6.312562] pnp: PnP ACPI: found 6 devices
[    6.317352] initcall pnpacpi_init+0x0/0x69 returned 0 after 68255 usecs
[    6.324841] calling  chr_dev_init+0x0/0x14d @ 1
[    6.430479] initcall chr_dev_init+0x0/0x14d returned 0 after 97903 usecs
[    6.438129] calling  firmware_class_init+0x0/0xe7 @ 1
[    6.444064] initcall firmware_class_init+0x0/0xe7 returned 0 after 67 usecs
[    6.452076] calling  init_pcmcia_bus+0x0/0x5b @ 1
[    6.457580] initcall init_pcmcia_bus+0x0/0x5b returned 0 after 162 usecs
[    6.467232] calling  init_acpi_pm_clocksource+0x0/0xda @ 1
[    6.480849] clocksource: acpi_pm: mask: 0xffffff max_cycles: 0xffffff, max_idle_ns: 2085701024 ns
[    6.490886] initcall init_acpi_pm_clocksource+0x0/0xda returned 0 after 15438 usecs
[    6.499518] calling  sysctl_core_init+0x0/0x26 @ 1
[    6.505116] initcall sysctl_core_init+0x0/0x26 returned 0 after 99 usecs
[    6.512853] calling  eth_offload_init+0x0/0x13 @ 1
[    6.518405] initcall eth_offload_init+0x0/0x13 returned 0 after 26 usecs
[    6.526072] calling  ipv4_offload_init+0x0/0x73 @ 1
[    6.531753] initcall ipv4_offload_init+0x0/0x73 returned 0 after 43 usecs
[    6.539915] calling  inet_init+0x0/0x276 @ 1
[    6.546426] NET: Registered protocol family 2
[    6.552626] IP idents hash table entries: 8192 (order: 4, 65536 bytes, linear)
[    6.563411] tcp_listen_portaddr_hash hash table entries: 256 (order: 0, 4096 bytes, linear)
[    6.576080] TCP established hash table entries: 4096 (order: 3, 32768 bytes, linear)
[    6.587401] TCP bind hash table entries: 4096 (order: 4, 65536 bytes, linear)
[    6.597767] TCP: Hash tables configured (established 4096 bind 4096)
[    6.607720] UDP hash table entries: 256 (order: 1, 8192 bytes, linear)
[    6.617166] UDP-Lite hash table entries: 256 (order: 1, 8192 bytes, linear)
[    6.628846] initcall inet_init+0x0/0x276 returned 0 after 81963 usecs
[    6.636595] calling  af_unix_init+0x0/0x4d @ 1
[    6.641623] NET: Registered protocol family 1
[    6.646609] initcall af_unix_init+0x0/0x4d returned 0 after 4886 usecs
[    6.653921] calling  ipv6_offload_init+0x0/0x7e @ 1
[    6.659508] initcall ipv6_offload_init+0x0/0x7e returned 0 after 30 usecs
[    6.667086] calling  init_sunrpc+0x0/0x65 @ 1
[    6.678760] RPC: Registered named UNIX socket transport module.
[    6.685452] RPC: Registered udp transport module.
[    6.690777] RPC: Registered tcp transport module.
[    6.696073] RPC: Registered tcp NFSv4.1 backchannel transport module.
[    6.703311] initcall init_sunrpc+0x0/0x65 returned 0 after 30407 usecs
[    6.710651] calling  cfg80211_init+0x0/0xc5 @ 1
[    6.718418] initcall cfg80211_init+0x0/0xc5 returned 0 after 2406 usecs
[    6.725850] calling  pcibios_assign_resources+0x0/0xbf @ 1
[    6.732375] pci_bus 0000:00: resource 4 [io  0x0000-0x0cf7 window]
[    6.739493] pci_bus 0000:00: resource 5 [io  0x0d00-0xffff window]
[    6.746352] pci_bus 0000:00: resource 6 [mem 0x000a0000-0x000bffff window]
[    6.754169] pci_bus 0000:00: resource 7 [mem 0x20000000-0xafffffff window]
[    6.761756] pci_bus 0000:00: resource 8 [mem 0xc0000000-0xfebfffff window]
[    6.769434] pci_bus 0000:00: resource 9 [mem 0x100000000-0x8ffffffff window]
[    6.777317] initcall pcibios_assign_resources+0x0/0xbf returned 0 after 44140 usecs
[    6.785802] calling  pci_apply_final_quirks+0x0/0x124 @ 1
[    6.792480] pci 0000:00:01.0: calling  pci_fixup_video+0x0/0xe0 @ 1
[    6.799954] pci 0000:00:01.0: Video device with shadowed ROM at [mem 0x000c0000-0x000dffff]
[    6.811787] pci 0000:00:01.0: pci_fixup_video+0x0/0xe0 took 11832 usecs
[    6.821564] PCI: CLS 0 bytes, default 64
[    6.827431] initcall pci_apply_final_quirks+0x0/0x124 returned 0 after 34513 usecs
[    6.837068] calling  acpi_reserve_resources+0x0/0xea @ 1
[    6.843149] initcall acpi_reserve_resources+0x0/0xea returned 0 after 35 usecs
[    6.851345] calling  populate_rootfs+0x0/0x102 @ 1
[    6.858636] initcall populate_rootfs+0x0/0x102 returned 0 after 1777 usecs
[    6.866484] calling  pci_iommu_init+0x0/0x3e @ 1
[    6.872150] initcall pci_iommu_init+0x0/0x3e returned 0 after 89 usecs
[    6.880768] calling  ia32_binfmt_init+0x0/0x13 @ 1
[    6.886222] initcall ia32_binfmt_init+0x0/0x13 returned 0 after 6 usecs
[    6.893760] calling  rapl_pmu_init+0x0/0x267 @ 1
[    6.899437] initcall rapl_pmu_init+0x0/0x267 returned -19 after 181 usecs
[    6.907133] calling  amd_uncore_init+0x0/0x310 @ 1
[    6.912662] initcall amd_uncore_init+0x0/0x310 returned -19 after 0 usecs
[    6.920299] calling  amd_ibs_init+0x0/0x27b @ 1
[    6.925502] initcall amd_ibs_init+0x0/0x27b returned -19 after 0 usecs
[    6.933337] calling  amd_iommu_pc_init+0x0/0x215 @ 1
[    6.939094] initcall amd_iommu_pc_init+0x0/0x215 returned -19 after 48 usecs
[    6.947083] calling  msr_init+0x0/0x55 @ 1
[    6.951889] initcall msr_init+0x0/0x55 returned 0 after 115 usecs
[    6.958846] calling  intel_uncore_init+0x0/0x36f @ 1
[    6.964540] initcall intel_uncore_init+0x0/0x36f returned -19 after 22 usecs
[    6.972521] calling  cstate_pmu_init+0x0/0x1a1 @ 1
[    6.977960] initcall cstate_pmu_init+0x0/0x1a1 returned -19 after 0 usecs
[    6.985567] calling  register_kernel_offset_dumper+0x0/0x1a @ 1
[    6.992271] initcall register_kernel_offset_dumper+0x0/0x1a returned 0 after 11 usecs
[    7.000903] calling  i8259A_init_ops+0x0/0x20 @ 1
[    7.006298] initcall i8259A_init_ops+0x0/0x20 returned 0 after 1 usecs
[    7.013542] calling  init_tsc_clocksource+0x0/0xa4 @ 1
[    7.019243] clocksource: tsc: mask: 0xffffffffffffffff max_cycles: 0x39a85afc727, max_idle_ns: 881590685098 ns
[    7.030383] initcall init_tsc_clocksource+0x0/0xa4 returned 0 after 10877 usecs
[    7.038476] calling  add_rtc_cmos+0x0/0xb0 @ 1
[    7.043602] initcall add_rtc_cmos+0x0/0xb0 returned 0 after 29 usecs
[    7.055204] calling  i8237A_init_ops+0x0/0x3a @ 1
[    7.061549] initcall i8237A_init_ops+0x0/0x3a returned 0 after 256 usecs
[    7.069320] calling  umwait_init+0x0/0x94 @ 1
[    7.074635] initcall umwait_init+0x0/0x94 returned -19 after 12 usecs
[    7.082533] calling  thermal_throttle_init_device+0x0/0x3d @ 1
[    7.089466] initcall thermal_throttle_init_device+0x0/0x3d returned 0 after 79 usecs
[    7.098339] calling  msr_init+0x0/0xd7 @ 1
[    7.115135] initcall msr_init+0x0/0xd7 returned 0 after 11771 usecs
[    7.122690] calling  cpuid_init+0x0/0xd7 @ 1
[    7.132906] initcall cpuid_init+0x0/0xd7 returned 0 after 5094 usecs
[    7.140622] calling  ioapic_init_ops+0x0/0x13 @ 1
[    7.146146] initcall ioapic_init_ops+0x0/0x13 returned 0 after 25 usecs
[    7.153846] calling  add_pcspkr+0x0/0x6c @ 1
[    7.158888] initcall add_pcspkr+0x0/0x6c returned 0 after 205 usecs
[    7.166094] calling  start_periodic_check_for_corruption+0x0/0x30 @ 1
[    7.173642] check: Scanning for low memory corruption every 60 seconds
[    7.181749] initcall start_periodic_check_for_corruption+0x0/0x30 returned 0 after 7936 usecs
[    7.194794] calling  sysfb_init+0x0/0x9c @ 1
[    7.200854] initcall sysfb_init+0x0/0x9c returned 0 after 211 usecs
[    7.208187] calling  audit_classes_init+0x0/0xae @ 1
[    7.214145] initcall audit_classes_init+0x0/0xae returned 0 after 103 usecs
[    7.222237] calling  iosf_mbi_init+0x0/0x24 @ 1
[    7.228687] initcall iosf_mbi_init+0x0/0x24 returned 0 after 832 usecs
[    7.236222] calling  proc_execdomains_init+0x0/0x21 @ 1
[    7.242838] initcall proc_execdomains_init+0x0/0x21 returned 0 after 521 usecs
[    7.251160] calling  register_warn_debugfs+0x0/0x23 @ 1
[    7.257552] initcall register_warn_debugfs+0x0/0x23 returned 0 after 309 usecs
[    7.266140] calling  cpuhp_sysfs_init+0x0/0x79 @ 1
[    7.272063] initcall cpuhp_sysfs_init+0x0/0x79 returned 0 after 312 usecs
[    7.279988] calling  ioresources_init+0x0/0x49 @ 1
[    7.285586] initcall ioresources_init+0x0/0x49 returned 0 after 12 usecs
[    7.293364] calling  snapshot_device_init+0x0/0xc @ 1
[    7.300914] initcall snapshot_device_init+0x0/0xc returned 0 after 1518 usecs
[    7.309181] calling  irq_pm_init_ops+0x0/0x13 @ 1
[    7.314741] initcall irq_pm_init_ops+0x0/0x13 returned 0 after 12 usecs
[    7.323834] calling  rcu_torture_init+0x0/0x9a6 @ 1
[    7.329656] tasks-tracing-torture:--- Start of test: nreaders=3 nfakewriters=4 stat_interval=15 verbose=1 test_no_idle_hz=1 shuffle_interval=3 stutter=5 irqreader=1 fqs_duration=0 fqs_holdoff=0 fqs_stutter=3 test_boost=1/0 test_boost_interval=7 test_boost_duration=4 shutdown_secs=1800 stall_cpu=0 stall_cpu_holdoff=10 stall_cpu_irqsoff=0 stall_cpu_block=0 n_barrier_cbs=4 onoff_interval=1000 onoff_holdoff=30 read_exit_delay=13 read_exit_burst=16
[    7.373574] tasks-tracing:  Start-test grace-period state: g0 f0x0
[    7.380779] tasks-tracing-torture: Creating rcu_torture_writer task
[    7.391660] tasks-tracing-torture: Creating rcu_torture_fakewriter task
[    7.392140] tasks-tracing-torture: rcu_torture_writer task started
[    7.401524] tasks-tracing-torture: Creating rcu_torture_fakewriter task
[    7.401900] tasks-tracing-torture: rcu_torture_fakewriter task started
[    7.407618] tasks-tracing-torture: GP expediting controlled from boot/sysfs for tasks-tracing.
[    7.407636] rcu_torture_writer: Testing expedited GPs.
[    7.407637] rcu_torture_writer: Testing asynchronous GPs.
[    7.407638] rcu_torture_writer: Testing normal GPs.
[    7.454352] tasks-tracing-torture: Creating rcu_torture_fakewriter task
[    7.454697] tasks-tracing-torture: rcu_torture_fakewriter task started
[    7.464404] tasks-tracing-torture: Creating rcu_torture_fakewriter task
[    7.464775] tasks-tracing-torture: rcu_torture_fakewriter task started
[    7.493508] tasks-tracing-torture: Creating rcu_torture_reader task
[    7.493841] tasks-tracing-torture: rcu_torture_fakewriter task started
[    7.504585] tasks-tracing-torture: Creating rcu_torture_reader task
[    7.504885] tasks-tracing-torture: rcu_torture_reader task started
[    7.531716] tasks-tracing-torture: Creating rcu_torture_reader task
[    7.532179] tasks-tracing-torture: rcu_torture_reader task started
[    7.541813] tasks-tracing-torture: Creating rcu_torture_stats task
[    7.541837] tasks-tracing-torture: rcu_torture_reader task started
[    7.566349] tasks-tracing-torture: Creating torture_shuffle task
[    7.567061] tasks-tracing-torture: rcu_torture_stats task started
[    7.575154] tasks-tracing-torture: Creating torture_stutter task
[    7.576440] tasks-tracing-torture: torture_shuffle task started
[    7.605005] tasks-tracing-torture: Creating torture_shutdown task
[    7.605008] tasks-tracing-torture: torture_stutter task started
[    7.622064] tasks-tracing-torture: Creating torture_onoff task
[    7.622421] tasks-tracing-torture: torture_shutdown task started
[    7.630913] tasks-tracing-torture: rcu_torture_fwd_prog_init: Disabled, unsupported by RCU flavor under test
[    7.630914] tasks-tracing-torture: torture_onoff task started
[    7.630916] tasks-tracing-torture: torture_onoff begin holdoff
[    7.636721] tasks-tracing-torture:torture_shutdown task: 1799968 ms remaining
[    7.648097] tasks-tracing-torture: Creating rcu_torture_barrier_cbs task
[    7.649628] tasks-tracing-torture: Creating rcu_torture_barrier_cbs task
[    7.649930] tasks-tracing-torture: rcu_torture_barrier_cbs task started
[    7.696626] tasks-tracing-torture: Creating rcu_torture_barrier_cbs task
[    7.696935] tasks-tracing-torture: rcu_torture_barrier_cbs task started
[    7.705820] tasks-tracing-torture: Creating rcu_torture_barrier_cbs task
[    7.705845] tasks-tracing-torture: rcu_torture_barrier_cbs task started
[    7.729896] tasks-tracing-torture: Creating rcu_torture_barrier task
[    7.729954] tasks-tracing-torture: rcu_torture_barrier_cbs task started
[    7.738501] tasks-tracing-torture: Creating rcu_torture_read_exit task
[    7.738594] tasks-tracing-torture: rcu_torture_barrier task starting
[    7.761933] tasks-tracing-torture: rcu_torture_read_exit: Start of test
[    7.762080] initcall rcu_torture_init+0x0/0x9a6 returned 0 after 422482 usecs
[    7.778942] calling  timekeeping_init_ops+0x0/0x13 @ 1
[    7.786711] initcall timekeeping_init_ops+0x0/0x13 returned 0 after 165 usecs
[    7.797103] calling  init_clocksource_sysfs+0x0/0x23 @ 1
[    7.804836] initcall init_clocksource_sysfs+0x0/0x23 returned 0 after 123 usecs
[    7.815120] calling  init_timer_list_procfs+0x0/0x31 @ 1
[    7.823319] initcall init_timer_list_procfs+0x0/0x31 returned 0 after 21 usecs
[    7.834059] calling  alarmtimer_init+0x0/0xc7 @ 1
[    7.841712] initcall alarmtimer_init+0x0/0xc7 returned 0 after 374 usecs
[    7.852695] calling  init_posix_timers+0x0/0x29 @ 1
[    7.860356] initcall init_posix_timers+0x0/0x29 returned 0 after 91 usecs
[    7.871247] calling  clockevents_init_sysfs+0x0/0xbf @ 1
[    7.879754] initcall clockevents_init_sysfs+0x0/0xbf returned 0 after 275 usecs
[    7.889486] calling  proc_dma_init+0x0/0x21 @ 1
[    7.895178] initcall proc_dma_init+0x0/0x21 returned 0 after 231 usecs
[    7.903155] calling  proc_modules_init+0x0/0x1e @ 1
[    7.909143] initcall proc_modules_init+0x0/0x1e returned 0 after 17 usecs
[    7.918216] calling  kallsyms_init+0x0/0x21 @ 1
[    7.924546] initcall kallsyms_init+0x0/0x21 returned 0 after 3 usecs
[    7.932122] calling  pid_namespaces_init+0x0/0x2c @ 1
[    7.938352] initcall pid_namespaces_init+0x0/0x2c returned 0 after 167 usecs
[    7.946711] calling  audit_watch_init+0x0/0x37 @ 1
[    7.952505] initcall audit_watch_init+0x0/0x37 returned 0 after 1 usecs
[    7.960398] calling  audit_fsnotify_init+0x0/0x37 @ 1
[    7.966597] initcall audit_fsnotify_init+0x0/0x37 returned 0 after 1 usecs
[    7.974985] calling  audit_tree_init+0x0/0x6d @ 1
[    7.980868] initcall audit_tree_init+0x0/0x6d returned 0 after 17 usecs
[    7.989095] calling  seccomp_sysctl_init+0x0/0x2b @ 1
[    7.995592] initcall seccomp_sysctl_init+0x0/0x2b returned 0 after 118 usecs
[    8.004647] calling  utsname_sysctl_init+0x0/0x13 @ 1
[    8.013141] initcall utsname_sysctl_init+0x0/0x13 returned 0 after 187 usecs
[    8.022073] calling  init_tracepoints+0x0/0x27 @ 1
[    8.029609] initcall init_tracepoints+0x0/0x27 returned 0 after 114 usecs
[    8.037883] calling  init_blk_tracer+0x0/0x50 @ 1
[    8.045202] initcall init_blk_tracer+0x0/0x50 returned 0 after 1183 usecs
[    8.053699] calling  perf_event_sysfs_init+0x0/0x81 @ 1
[    8.060878] initcall perf_event_sysfs_init+0x0/0x81 returned 0 after 417 usecs
[    8.070058] calling  system_trusted_keyring_init+0x0/0x60 @ 1
[    8.077248] Initialise system trusted keyrings
[    8.083082] initcall system_trusted_keyring_init+0x0/0x60 returned 0 after 5690 usecs
[    8.093425] calling  kswapd_init+0x0/0x5c @ 1
[    8.100648] initcall kswapd_init+0x0/0x5c returned 0 after 1417 usecs
[    8.108995] calling  extfrag_debug_init+0x0/0x54 @ 1
[    8.115295] initcall extfrag_debug_init+0x0/0x54 returned 0 after 26 usecs
[    8.123926] calling  mm_compute_batch_init+0x0/0x12 @ 1
[    8.130709] initcall mm_compute_batch_init+0x0/0x12 returned 0 after 16 usecs
[    8.140024] calling  slab_proc_init+0x0/0x21 @ 1
[    8.147633] initcall slab_proc_init+0x0/0x21 returned 0 after 36 usecs
[    8.157828] calling  workingset_init+0x0/0x8c @ 1
[    8.165211] workingset: timestamp_bits=56 max_order=17 bucket_order=0
[    8.174084] initcall workingset_init+0x0/0x8c returned 0 after 8677 usecs
[    8.182717] calling  proc_vmalloc_init+0x0/0x32 @ 1
[    8.190047] initcall proc_vmalloc_init+0x0/0x32 returned 0 after 28 usecs
[    8.198718] calling  procswaps_init+0x0/0x1e @ 1
[    8.204661] initcall procswaps_init+0x0/0x1e returned 0 after 59 usecs
[    8.212761] calling  slab_sysfs_init+0x0/0xea @ 1
[    8.222137] initcall slab_sysfs_init+0x0/0xea returned 0 after 3398 usecs
[    8.230670] calling  fcntl_init+0x0/0x29 @ 1
[    8.236110] initcall fcntl_init+0x0/0x29 returned 0 after 26 usecs
[    8.243842] calling  proc_filesystems_init+0x0/0x21 @ 1
[    8.250370] initcall proc_filesystems_init+0x0/0x21 returned 0 after 4 usecs
[    8.259046] calling  start_dirtytime_writeback+0x0/0x29 @ 1
[    8.265894] initcall start_dirtytime_writeback+0x0/0x29 returned 0 after 2 usecs
[    8.274960] calling  blkdev_init+0x0/0x1b @ 1
[    8.282209] initcall blkdev_init+0x0/0x1b returned 0 after 1665 usecs
[    8.290421] calling  dio_init+0x0/0x2c @ 1
[    8.295714] initcall dio_init+0x0/0x2c returned 0 after 109 usecs
[    8.303456] calling  dnotify_init+0x0/0x78 @ 1
[    8.308925] initcall dnotify_init+0x0/0x78 returned 0 after 10 usecs
[    8.316818] calling  aio_setup+0x0/0x78 @ 1
[    8.322526] initcall aio_setup+0x0/0x78 returned 0 after 446 usecs
[    8.330108] calling  io_uring_init+0x0/0x2c @ 1
[    8.335751] initcall io_uring_init+0x0/0x2c returned 0 after 4 usecs
[    8.343548] calling  mbcache_init+0x0/0x30 @ 1
[    8.349416] initcall mbcache_init+0x0/0x30 returned 0 after 62 usecs
[    8.357831] calling  init_grace+0x0/0xc @ 1
[    8.363671] initcall init_grace+0x0/0xc returned 0 after 90 usecs
[    8.371691] calling  init_v2_quota_format+0x0/0x21 @ 1
[    8.378922] initcall init_v2_quota_format+0x0/0x21 returned 0 after 26 usecs
[    8.388628] calling  init_devpts_fs+0x0/0x27 @ 1
[    8.395091] initcall init_devpts_fs+0x0/0x27 returned 0 after 229 usecs
[    8.404026] calling  ext4_init_fs+0x0/0x1d0 @ 1
[    8.410560] initcall ext4_init_fs+0x0/0x1d0 returned 0 after 587 usecs
[    8.419656] calling  journal_init+0x0/0x11c @ 1
[    8.425772] initcall journal_init+0x0/0x11c returned 0 after 79 usecs
[    8.434434] calling  init_fat_fs+0x0/0x49 @ 1
[    8.441193] initcall init_fat_fs+0x0/0x49 returned 0 after 78 usecs
[    8.449625] calling  init_vfat_fs+0x0/0xc @ 1
[    8.455577] initcall init_vfat_fs+0x0/0xc returned 0 after 4 usecs
[    8.463752] calling  init_msdos_fs+0x0/0xc @ 1
[    8.469651] initcall init_msdos_fs+0x0/0xc returned 0 after 3 usecs
[    8.477856] calling  init_iso9660_fs+0x0/0x6c @ 1
[    8.484440] initcall init_iso9660_fs+0x0/0x6c returned 0 after 271 usecs
[    8.493354] calling  init_nfs_fs+0x0/0x13a @ 1
[    8.501284] initcall init_nfs_fs+0x0/0x13a returned 0 after 1857 usecs
[    8.510345] calling  init_nfs_v2+0x0/0x13 @ 1
[    8.516105] initcall init_nfs_v2+0x0/0x13 returned 0 after 60 usecs
[    8.524565] calling  init_nfs_v3+0x0/0x13 @ 1
[    8.530224] initcall init_nfs_v3+0x0/0x13 returned 0 after 19 usecs
[    8.538300] calling  init_nfs_v4+0x0/0x32 @ 1
[    8.544302] NFS: Registering the id_resolver key type
[    8.550936] Key type id_resolver registered
[    8.556742] Key type id_legacy registered
[    8.562273] initcall init_nfs_v4+0x0/0x32 returned 0 after 17572 usecs
[    8.571057] calling  init_nlm+0x0/0x5b @ 1
[    8.576685] initcall init_nlm+0x0/0x5b returned 0 after 97 usecs
[    8.584552] calling  init_nls_cp437+0x0/0xe @ 1
[    8.590637] initcall init_nls_cp437+0x0/0xe returned 0 after 43 usecs
[    8.599046] calling  init_nls_ascii+0x0/0xe @ 1
[    8.605106] initcall init_nls_ascii+0x0/0xe returned 0 after 1 usecs
[    8.613254] calling  init_nls_iso8859_1+0x0/0xe @ 1
[    8.619507] initcall init_nls_iso8859_1+0x0/0xe returned 0 after 1 usecs
[    8.628437] calling  init_nls_utf8+0x0/0x21 @ 1
[    8.634499] initcall init_nls_utf8+0x0/0x21 returned 0 after 1 usecs
[    8.643544] calling  init_autofs_fs+0x0/0x25 @ 1
[    8.650904] initcall init_autofs_fs+0x0/0x25 returned 0 after 1244 usecs
[    8.662438] calling  ipc_init+0x0/0x24 @ 1
[    8.668249] initcall ipc_init+0x0/0x24 returned 0 after 124 usecs
[    8.676647] calling  ipc_sysctl_init+0x0/0x13 @ 1
[    8.684142] initcall ipc_sysctl_init+0x0/0x13 returned 0 after 417 usecs
[    8.695084] calling  init_mqueue_fs+0x0/0x9a @ 1
[    8.703231] initcall init_mqueue_fs+0x0/0x9a returned 0 after 557 usecs
[    8.714358] calling  key_proc_init+0x0/0x63 @ 1
[    8.722099] initcall key_proc_init+0x0/0x63 returned 0 after 6 usecs
[    8.732371] calling  selinux_nf_ip_init+0x0/0x2e @ 1
[    8.740273] initcall selinux_nf_ip_init+0x0/0x2e returned 0 after 59 usecs
[    8.751215] calling  init_sel_fs+0x0/0x116 @ 1
[    8.758276] initcall init_sel_fs+0x0/0x116 returned 0 after 0 usecs
[    8.768215] calling  selnl_init+0x0/0x7c @ 1
[    8.774729] initcall selnl_init+0x0/0x7c returned 0 after 245 usecs
[    8.783159] calling  sel_netif_init+0x0/0x36 @ 1
[    8.789230] initcall sel_netif_init+0x0/0x36 returned 0 after 0 usecs
[    8.799739] calling  sel_netnode_init+0x0/0x33 @ 1
[    8.806580] initcall sel_netnode_init+0x0/0x33 returned 0 after 132 usecs
[    8.815805] calling  sel_netport_init+0x0/0x33 @ 1
[    8.822430] initcall sel_netport_init+0x0/0x33 returned 0 after 0 usecs
[    8.831301] calling  aurule_init+0x0/0x2a @ 1
[    8.836787] initcall aurule_init+0x0/0x2a returned 0 after 2 usecs
[    8.845123] calling  crypto_algapi_init+0x0/0xc @ 1
[    8.852142] initcall crypto_algapi_init+0x0/0xc returned 0 after 5 usecs
[    8.861683] calling  jent_mod_init+0x0/0x2d @ 1
[    8.879955] initcall jent_mod_init+0x0/0x2d returned 0 after 11451 usecs
[    8.888861] calling  asymmetric_key_init+0x0/0xc @ 1
[    8.895741] Key type asymmetric registered
[    8.901595] initcall asymmetric_key_init+0x0/0xc returned 0 after 5714 usecs
[    8.911579] calling  x509_key_init+0x0/0xc @ 1
[    8.917764] Asymmetric key parser 'x509' registered
[    8.924371] initcall x509_key_init+0x0/0xc returned 0 after 6463 usecs
[    8.933428] calling  proc_genhd_init+0x0/0x41 @ 1
[    8.939898] initcall proc_genhd_init+0x0/0x41 returned 0 after 6 usecs
[    8.948919] calling  bsg_init+0x0/0x113 @ 1
[    8.954952] Block layer SCSI generic (bsg) driver version 0.4 loaded (major 251)
[    8.966603] initcall bsg_init+0x0/0x113 returned 0 after 11655 usecs
[    8.974898] calling  deadline_init+0x0/0xc @ 1
[    8.981343] io scheduler mq-deadline registered
[    8.987151] initcall deadline_init+0x0/0xc returned 0 after 6236 usecs
[    8.995570] calling  kyber_init+0x0/0xc @ 1
[    9.000869] io scheduler kyber registered
[    9.006057] initcall kyber_init+0x0/0xc returned 0 after 5082 usecs
[    9.013902] calling  mod_init+0x0/0x7 @ 1
[    9.019284] initcall mod_init+0x0/0x7 returned 0 after 0 usecs
[    9.026465] calling  percpu_counter_startup+0x0/0x55 @ 1
[    9.035751] initcall percpu_counter_startup+0x0/0x55 returned 0 after 2487 usecs
[    9.045025] calling  sg_pool_init+0x0/0xb4 @ 1
[    9.051142] initcall sg_pool_init+0x0/0xb4 returned 0 after 492 usecs
[    9.059413] calling  pcie_portdrv_init+0x0/0x39 @ 1
[    9.065827] initcall pcie_portdrv_init+0x0/0x39 returned 0 after 336 usecs
[    9.074373] calling  pci_proc_init+0x0/0x68 @ 1
[    9.080165] initcall pci_proc_init+0x0/0x68 returned 0 after 115 usecs
[    9.088588] calling  pci_hotplug_init+0x0/0x7 @ 1
[    9.094731] initcall pci_hotplug_init+0x0/0x7 returned 0 after 0 usecs
[    9.103265] calling  efifb_driver_init+0x0/0xe @ 1
[    9.109550] initcall efifb_driver_init+0x0/0xe returned 0 after 24 usecs
[    9.118022] calling  ged_driver_init+0x0/0xe @ 1
[    9.124262] initcall ged_driver_init+0x0/0xe returned 0 after 178 usecs
[    9.132954] calling  acpi_ac_init+0x0/0x92 @ 1
[    9.139664] initcall acpi_ac_init+0x0/0x92 returned 0 after 930 usecs
[    9.147802] calling  acpi_button_driver_init+0x0/0x52 @ 1
[    9.155610] input: Power Button as /devices/LNXSYSTM:00/LNXPWRBN:00/input/input0
[    9.166387] ACPI: Power Button [PWRF]
[    9.172902] initcall acpi_button_driver_init+0x0/0x52 returned 0 after 17718 usecs
[    9.183705] calling  acpi_fan_driver_init+0x0/0xe @ 1
[    9.191078] initcall acpi_fan_driver_init+0x0/0xe returned 0 after 112 usecs
[    9.201698] calling  acpi_video_init+0x0/0xcb @ 1
[    9.208622] initcall acpi_video_init+0x0/0xcb returned 0 after 167 usecs
[    9.218500] calling  acpi_processor_driver_init+0x0/0xad @ 1
[    9.228676] initcall acpi_processor_driver_init+0x0/0xad returned 0 after 1601 usecs
[    9.239953] calling  acpi_thermal_init+0x0/0x71 @ 1
[    9.249090] initcall acpi_thermal_init+0x0/0x71 returned 0 after 2036 usecs
[    9.258808] calling  acpi_battery_init+0x0/0x32 @ 1
[    9.265600] initcall acpi_battery_init+0x0/0x32 returned 0 after 188 usecs
[    9.274771] calling  bgrt_init+0x0/0xb6 @ 1
[    9.280107] initcall bgrt_init+0x0/0xb6 returned -19 after 0 usecs
[    9.288085] calling  gpio_clk_driver_init+0x0/0xe @ 1
[    9.294652] initcall gpio_clk_driver_init+0x0/0xe returned 0 after 61 usecs
[    9.303507] calling  plt_clk_driver_init+0x0/0xe @ 1
[    9.309863] initcall plt_clk_driver_init+0x0/0xe returned 0 after 21 usecs
[    9.318488] calling  virtio_pci_driver_init+0x0/0x15 @ 1
[    9.325100] initcall virtio_pci_driver_init+0x0/0x15 returned 0 after 66 usecs
[    9.334344] calling  n_null_init+0x0/0x1e @ 1
[    9.339878] initcall n_null_init+0x0/0x1e returned 0 after 16 usecs
[    9.347839] calling  pty_init+0x0/0x1e8 @ 1
[    9.354761] initcall pty_init+0x0/0x1e8 returned 0 after 1628 usecs
[    9.363236] calling  sysrq_init+0x0/0x62 @ 1
[    9.369065] initcall sysrq_init+0x0/0x62 returned 0 after 6 usecs
[    9.378353] calling  serial8250_init+0x0/0x17e @ 1
[    9.386334] Serial: 8250/16550 driver, 4 ports, IRQ sharing enabled
[    9.399687] 00:03: ttyS0 at I/O 0x3f8 (irq = 4, base_baud = 115200) is a 16550A
[    9.415886] initcall serial8250_init+0x0/0x17e returned 0 after 28915 usecs
[    9.426309] calling  serial_pci_driver_init+0x0/0x15 @ 1
[    9.434098] initcall serial_pci_driver_init+0x0/0x15 returned 0 after 201 usecs
[    9.444681] calling  exar_pci_driver_init+0x0/0x15 @ 1
[    9.452275] initcall exar_pci_driver_init+0x0/0x15 returned 0 after 19 usecs
[    9.462066] calling  lpss8250_pci_driver_init+0x0/0x15 @ 1
[    9.470047] initcall lpss8250_pci_driver_init+0x0/0x15 returned 0 after 37 usecs
[    9.480745] calling  mid8250_pci_driver_init+0x0/0x15 @ 1
[    9.488631] initcall mid8250_pci_driver_init+0x0/0x15 returned 0 after 23 usecs
[    9.499036] calling  virtio_console_init+0x0/0xff @ 1
[    9.506767] initcall virtio_console_init+0x0/0xff returned 0 after 143 usecs
[    9.517489] calling  hpet_init+0x0/0x64 @ 1
[    9.526789] initcall hpet_init+0x0/0x64 returned 0 after 3082 usecs
[    9.536231] calling  nvram_module_init+0x0/0x83 @ 1
[    9.545593] Non-volatile memory driver v1.3
[    9.553172] initcall nvram_module_init+0x0/0x83 returned 0 after 9902 usecs
[    9.562827] calling  hwrng_modinit+0x0/0x8a @ 1
[    9.569910] initcall hwrng_modinit+0x0/0x8a returned 0 after 1117 usecs
[    9.579734] calling  mod_init+0x0/0x48 @ 1
[    9.585536] initcall mod_init+0x0/0x48 returned -19 after 0 usecs
[    9.606123] calling  agp_init+0x0/0x23 @ 1
[    9.614434] Linux agpgart interface v0.103
[    9.620664] initcall agp_init+0x0/0x23 returned 0 after 6193 usecs
[    9.630135] calling  agp_amd64_mod_init+0x0/0x5 @ 1
[    9.644286] initcall agp_amd64_mod_init+0x0/0x5 returned -19 after 6916 usecs
[    9.654364] calling  agp_intel_init+0x0/0x28 @ 1
[    9.664336] initcall agp_intel_init+0x0/0x28 returned 0 after 2663 usecs
[    9.674011] calling  drm_kms_helper_init+0x0/0x7 @ 1
[    9.682612] initcall drm_kms_helper_init+0x0/0x7 returned 0 after 34 usecs
[    9.695361] calling  drm_core_init+0x0/0xa4 @ 1
[    9.704709] initcall drm_core_init+0x0/0xa4 returned 0 after 2750 usecs
[    9.714383] calling  i915_init+0x0/0x6b @ 1
[    9.727776] initcall i915_init+0x0/0x6b returned 0 after 6450 usecs
[    9.736859] calling  cn_proc_init+0x0/0x35 @ 1
[    9.743567] initcall cn_proc_init+0x0/0x35 returned 0 after 2 usecs
[    9.752936] calling  topology_sysfs_init+0x0/0x27 @ 1
[    9.761471] initcall topology_sysfs_init+0x0/0x27 returned 0 after 766 usecs
[    9.772298] calling  cacheinfo_sysfs_init+0x0/0x27 @ 1
[    9.790791] initcall cacheinfo_sysfs_init+0x0/0x27 returned 0 after 9928 usecs
[    9.804598] calling  loop_init+0x0/0x168 @ 1
[    9.879400] loop: module loaded
[    9.884685] initcall loop_init+0x0/0x168 returned 0 after 69985 usecs
[    9.894649] calling  mac_hid_init+0x0/0x21 @ 1
[    9.902054] initcall mac_hid_init+0x0/0x21 returned 0 after 30 usecs
[    9.911258] calling  spi_transport_init+0x0/0x74 @ 1
[    9.920881] initcall spi_transport_init+0x0/0x74 returned 0 after 559 usecs
[    9.932723] calling  init_sd+0x0/0x18c @ 1
[    9.940366] initcall init_sd+0x0/0x18c returned 0 after 541 usecs
[    9.951775] calling  init_sr+0x0/0x43 @ 1
[    9.959238] initcall init_sr+0x0/0x43 returned 0 after 95 usecs
[    9.970509] calling  init_sg+0x0/0x1c0 @ 1
[    9.979380] initcall init_sg+0x0/0x1c0 returned 0 after 1015 usecs
[    9.990112] calling  ahci_pci_driver_init+0x0/0x15 @ 1
[    9.999977] ahci 0000:00:1f.2: version 3.0
[   10.013628] PCI Interrupt Link [GSIA] enabled at IRQ 16
[   10.036907] ahci 0000:00:1f.2: AHCI 0001.0000 32 slots 6 ports 1.5 Gbps 0x3f impl SATA mode
[   10.051397] ahci 0000:00:1f.2: flags: 64bit ncq only 
[   10.126569] scsi host0: ahci
[   10.154877] scsi host1: ahci
[   10.165598] scsi host2: ahci
[   10.178336] scsi host3: ahci
[   10.189505] scsi host4: ahci
[   10.209323] scsi host5: ahci
[   10.214494] ata1: SATA max UDMA/133 abar m4096@0xfebf1000 port 0xfebf1100 irq 24
[   10.226198] ata2: SATA max UDMA/133 abar m4096@0xfebf1000 port 0xfebf1180 irq 24
[   10.237392] ata3: SATA max UDMA/133 abar m4096@0xfebf1000 port 0xfebf1200 irq 24
[   10.251425] ata4: SATA max UDMA/133 abar m4096@0xfebf1000 port 0xfebf1280 irq 24
[   10.265208] ata5: SATA max UDMA/133 abar m4096@0xfebf1000 port 0xfebf1300 irq 24
[   10.279333] ata6: SATA max UDMA/133 abar m4096@0xfebf1000 port 0xfebf1380 irq 24
[   10.293638] initcall ahci_pci_driver_init+0x0/0x15 returned 0 after 287973 usecs
[   10.307541] calling  piix_init+0x0/0x26 @ 1
[   10.315946] initcall piix_init+0x0/0x26 returned 0 after 107 usecs
[   10.327597] calling  amd_pci_driver_init+0x0/0x15 @ 1
[   10.337314] initcall amd_pci_driver_init+0x0/0x15 returned 0 after 29 usecs
[   10.351069] calling  oldpiix_pci_driver_init+0x0/0x15 @ 1
[   10.360374] initcall oldpiix_pci_driver_init+0x0/0x15 returned 0 after 176 usecs
[   10.372845] calling  sch_pci_driver_init+0x0/0x15 @ 1
[   10.381685] initcall sch_pci_driver_init+0x0/0x15 returned 0 after 152 usecs
[   10.394316] calling  net_olddevs_init+0x0/0x55 @ 1
[   10.402845] initcall net_olddevs_init+0x0/0x55 returned 0 after 285 usecs
[   10.415307] calling  blackhole_netdev_init+0x0/0x78 @ 1
[   10.427293] initcall blackhole_netdev_init+0x0/0x78 returned 0 after 2245 usecs
[   10.439961] calling  phy_module_init+0x0/0x13 @ 1
[   10.449590] initcall phy_module_init+0x0/0x13 returned 0 after 1491 usecs
[   10.460975] calling  tg3_driver_init+0x0/0x15 @ 1
[   10.469618] initcall tg3_driver_init+0x0/0x15 returned 0 after 169 usecs
[   10.480738] calling  e100_init_module+0x0/0x4c @ 1
[   10.489784] e100: Intel(R) PRO/100 Network Driver
[   10.498209] e100: Copyright(c) 1999-2006 Intel Corporation
[   10.508569] initcall e100_init_module+0x0/0x4c returned 0 after 18412 usecs
[   10.520491] calling  e1000_init_module+0x0/0x72 @ 1
[   10.528256] e1000: Intel(R) PRO/1000 Network Driver
[   10.536684] e1000: Copyright (c) 1999-2006 Intel Corporation.
[   10.548730] initcall e1000_init_module+0x0/0x72 returned 0 after 19989 usecs
[   10.562357] calling  e1000_init_module+0x0/0x2d @ 1
[   10.570432] e1000e: Intel(R) PRO/1000 Network Driver
[   10.579054] e1000e: Copyright(c) 1999 - 2015 Intel Corporation.
[   10.589399] initcall e1000_init_module+0x0/0x2d returned 0 after 18585 usecs
[   10.600949] calling  sky2_init_module+0x0/0x21 @ 1
[   10.608587] sky2: driver version 1.30
[   10.613387] ata1: SATA link down (SStatus 0 SControl 300)
[   10.615704] initcall sky2_init_module+0x0/0x21 returned 0 after 6945 usecs
[   10.629425] ata2: SATA link down (SStatus 0 SControl 300)
[   10.635711] calling  forcedeth_pci_driver_init+0x0/0x15 @ 1
[   10.635847] initcall forcedeth_pci_driver_init+0x0/0x15 returned 0 after 129 usecs
[   10.635850] calling  rtl8139_init_module+0x0/0x15 @ 1
[   10.636714] initcall rtl8139_init_module+0x0/0x15 returned 0 after 840 usecs
[   10.650372] ata6: SATA link down (SStatus 0 SControl 300)
[   10.658208] calling  rtl8169_pci_driver_init+0x0/0x15 @ 1
[   10.700157] ata3: SATA link up 1.5 Gbps (SStatus 113 SControl 300)
[   10.728132] initcall rtl8169_pci_driver_init+0x0/0x15 returned 0 after 21557 usecs
[   10.729129] ata4: SATA link down (SStatus 0 SControl 300)
[   10.748377] ata5: SATA link down (SStatus 0 SControl 300)
[   10.751530] calling  cdrom_init+0x0/0xc @ 1
[   10.762654] ata3.00: ATAPI: QEMU DVD-ROM, 2.5+, max UDMA/100
[   10.774348] initcall cdrom_init+0x0/0xc returned 0 after 5984 usecs
[   10.779533] ata3.00: applying bridge limits
[   10.787305] calling  nonstatic_sysfs_init+0x0/0xc @ 1
[   10.787664] initcall nonstatic_sysfs_init+0x0/0xc returned 0 after 347 usecs
[   10.787666] calling  yenta_cardbus_driver_init+0x0/0x15 @ 1
[   10.789763] initcall yenta_cardbus_driver_init+0x0/0x15 returned 0 after 2043 usecs
[   10.802434] ata3.00: configured for UDMA/100
[   10.803288] calling  mon_init+0x0/0x12d @ 1
[   10.861575] scsi 2:0:0:0: CD-ROM            QEMU     QEMU DVD-ROM     2.5+ PQ: 0 ANSI: 5
[   10.879981] initcall mon_init+0x0/0x12d returned 0 after 32645 usecs
[   10.892132] calling  ehci_hcd_init+0x0/0x56 @ 1
[   10.899639] ehci_hcd: USB 2.0 'Enhanced' Host Controller (EHCI) Driver
[   10.911932] initcall ehci_hcd_init+0x0/0x56 returned 0 after 12270 usecs
[   10.921524] calling  ehci_pci_init+0x0/0x64 @ 1
[   10.928806] ehci-pci: EHCI PCI platform driver
[   10.936726] initcall ehci_pci_init+0x0/0x64 returned 0 after 7732 usecs
[   10.946849] calling  ohci_hcd_mod_init+0x0/0x4e @ 1
[   10.955096] ohci_hcd: USB 1.1 'Open' Host Controller (OHCI) Driver
[   10.965936] initcall ohci_hcd_mod_init+0x0/0x4e returned 0 after 10584 usecs
[   10.978821] calling  ohci_pci_init+0x0/0x64 @ 1
[   10.986514] ohci-pci: OHCI PCI platform driver
[   10.993679] sr 2:0:0:0: [sr0] scsi3-mmc drive: 4x/4x cd/rw xa/form2 tray
[   10.994446] initcall ohci_pci_init+0x0/0x64 returned 0 after 7845 usecs
[   11.004609] cdrom: Uniform CD-ROM driver Revision: 3.20
[   11.015450] calling  uhci_hcd_init+0x0/0xa8 @ 1
[   11.032364] uhci_hcd: USB Universal Host Controller Interface driver
[   11.045876] initcall uhci_hcd_init+0x0/0xa8 returned 0 after 13191 usecs
[   11.057940] calling  xhci_hcd_init+0x0/0x1e @ 1
[   11.066569] initcall xhci_hcd_init+0x0/0x1e returned 0 after 686 usecs
[   11.077988] calling  xhci_pci_init+0x0/0x49 @ 1
[   11.085629] initcall xhci_pci_init+0x0/0x49 returned 0 after 302 usecs
[   11.095512] calling  usblp_driver_init+0x0/0x15 @ 1
[   11.103821] sr 2:0:0:0: Attached scsi CD-ROM sr0
[   11.106692] usbcore: registered new interface driver usblp
[   11.114961] sr 2:0:0:0: Attached scsi generic sg0 type 5
[   11.123700] initcall usblp_driver_init+0x0/0x15 returned 0 after 17348 usecs
[   11.146232] calling  usb_storage_driver_init+0x0/0x2a @ 1
[   11.156983] usbcore: registered new interface driver usb-storage
[   11.168463] initcall usb_storage_driver_init+0x0/0x2a returned 0 after 12175 usecs
[   11.181904] calling  i8042_init+0x0/0x4c2 @ 1
[   11.193290] i8042: PNP: PS/2 Controller [PNP0303:KBD,PNP0f13:MOU] at 0x60,0x64 irq 1,12
[   11.223356] serio: i8042 KBD port at 0x60,0x64 irq 1
[   11.234691] serio: i8042 AUX port at 0x60,0x64 irq 12
[   11.243631] initcall i8042_init+0x0/0x4c2 returned 0 after 52371 usecs
[   11.254598] calling  serport_init+0x0/0x2c @ 1
[   11.262909] initcall serport_init+0x0/0x2c returned 0 after 41 usecs
[   11.274814] calling  input_leds_init+0x0/0xc @ 1
[   11.283203] initcall input_leds_init+0x0/0xc returned 0 after 144 usecs
[   11.293629] calling  evdev_init+0x0/0xc @ 1
[   11.302281] initcall evdev_init+0x0/0xc returned 0 after 2110 usecs
[   11.311853] calling  atkbd_init+0x0/0x21 @ 1
[   11.319928] initcall atkbd_init+0x0/0x21 returned 0 after 1160 usecs
[   11.331893] calling  psmouse_init+0x0/0x7f @ 1
[   11.341946] initcall psmouse_init+0x0/0x7f returned 0 after 1747 usecs
[   11.354427] calling  cmos_init+0x0/0x73 @ 1
[   11.365712] input: AT Translated Set 2 keyboard as /devices/platform/i8042/serio0/input/input1
[   11.368358] rtc_cmos 00:04: RTC can wake from S4
[   11.407398] rtc_cmos 00:04: registered as rtc0
[   11.418012] rtc_cmos 00:04: alarms up to one day, y3k, 242 bytes nvram, hpet irqs
[   11.434599] initcall cmos_init+0x0/0x73 returned 0 after 70186 usecs
[   11.444481] calling  smbalert_driver_init+0x0/0xe @ 1
[   11.453548] initcall smbalert_driver_init+0x0/0xe returned 0 after 543 usecs
[   11.464796] calling  i2c_i801_init+0x0/0xc5 @ 1
[   11.487629] i801_smbus 0000:00:1f.3: SMBus using PCI interrupt
[   11.498506] i2c i2c-0: 1/1 memory slots populated (from DMI)
[   11.509658] i2c i2c-0: Memory type 0x07 not supported yet, not instantiating SPD
[   11.522002] initcall i2c_i801_init+0x0/0xc5 returned 0 after 48200 usecs
[   11.534399] calling  ptp_kvm_init+0x0/0xf0 @ 1
[   11.545379] initcall ptp_kvm_init+0x0/0xf0 returned 0 after 2918 usecs
[   11.555852] calling  dm_init+0x0/0x3c @ 1
[   11.566553] device-mapper: ioctl: 4.43.0-ioctl (2020-10-01) initialised: dm-devel@redhat.com
[   11.578837] initcall dm_init+0x0/0x3c returned 0 after 16047 usecs
[   11.587868] calling  dm_mirror_init+0x0/0x29 @ 1
[   11.594893] initcall dm_mirror_init+0x0/0x29 returned 0 after 71 usecs
[   11.603924] calling  dm_dirty_log_init+0x0/0x4f @ 1
[   11.611695] initcall dm_dirty_log_init+0x0/0x4f returned 0 after 125 usecs
[   11.621594] calling  dm_zero_init+0x0/0x29 @ 1
[   11.632508] initcall dm_zero_init+0x0/0x29 returned 0 after 3042 usecs
[   11.643835] calling  intel_pstate_init+0x0/0x510 @ 1
[   11.652688] intel_pstate: CPU model not supported
[   11.664340] initcall intel_pstate_init+0x0/0x510 returned -19 after 11603 usecs
[   11.678599] calling  haltpoll_init+0x0/0xc0 @ 1
[   11.686387] initcall haltpoll_init+0x0/0xc0 returned -19 after 37 usecs
[   11.697674] calling  efivars_sysfs_init+0x0/0x30 @ 1
[   11.706244] initcall efivars_sysfs_init+0x0/0x30 returned 0 after 0 usecs
[   11.717881] calling  esrt_sysfs_init+0x0/0x2a2 @ 1
[   11.725951] initcall esrt_sysfs_init+0x0/0x2a2 returned -38 after 89 usecs
[   11.737130] calling  hid_init+0x0/0x5c @ 1
[   11.743837] hid: raw HID events driver (C) Jiri Kosina
[   11.752261] initcall hid_init+0x0/0x5c returned 0 after 8541 usecs
[   11.762345] calling  hid_generic_init+0x0/0x15 @ 1
[   11.770272] initcall hid_generic_init+0x0/0x15 returned 0 after 175 usecs
[   11.780929] calling  a4_driver_init+0x0/0x15 @ 1
[   11.813084] initcall a4_driver_init+0x0/0x15 returned 0 after 23547 usecs
[   11.828142] calling  apple_driver_init+0x0/0x15 @ 1
[   11.837314] initcall apple_driver_init+0x0/0x15 returned 0 after 999 usecs
[   11.857676] calling  belkin_driver_init+0x0/0x15 @ 1
[   11.865998] initcall belkin_driver_init+0x0/0x15 returned 0 after 38 usecs
[   11.877617] calling  ch_driver_init+0x0/0x15 @ 1
[   11.885974] initcall ch_driver_init+0x0/0x15 returned 0 after 392 usecs
[   11.896682] calling  ch_driver_init+0x0/0x15 @ 1
[   11.905203] initcall ch_driver_init+0x0/0x15 returned 0 after 34 usecs
[   11.918295] calling  cp_driver_init+0x0/0x15 @ 1
[   11.927610] initcall cp_driver_init+0x0/0x15 returned 0 after 43 usecs
[   11.940652] calling  ez_driver_init+0x0/0x15 @ 1
[   11.949011] initcall ez_driver_init+0x0/0x15 returned 0 after 26 usecs
[   11.959529] calling  gyration_driver_init+0x0/0x15 @ 1
[   11.967883] initcall gyration_driver_init+0x0/0x15 returned 0 after 101 usecs
[   11.980003] calling  ite_driver_init+0x0/0x15 @ 1
[   11.990249] initcall ite_driver_init+0x0/0x15 returned 0 after 2394 usecs
[   12.001696] calling  ks_driver_init+0x0/0x15 @ 1
[   12.009209] initcall ks_driver_init+0x0/0x15 returned 0 after 53 usecs
[   12.021601] calling  lg_driver_init+0x0/0x15 @ 1
[   12.029343] initcall lg_driver_init+0x0/0x15 returned 0 after 36 usecs
[   12.039958] calling  lg_g15_driver_init+0x0/0x15 @ 1
[   12.048676] initcall lg_g15_driver_init+0x0/0x15 returned 0 after 55 usecs
[   12.059974] calling  ms_driver_init+0x0/0x15 @ 1
[   12.066354] initcall ms_driver_init+0x0/0x15 returned 0 after 22 usecs
[   12.076065] calling  mr_driver_init+0x0/0x15 @ 1
[   12.082991] initcall mr_driver_init+0x0/0x15 returned 0 after 20 usecs
[   12.093397] calling  ntrig_driver_init+0x0/0x15 @ 1
[   12.101580] initcall ntrig_driver_init+0x0/0x15 returned 0 after 69 usecs
[   12.112495] calling  pl_driver_init+0x0/0x15 @ 1
[   12.120091] initcall pl_driver_init+0x0/0x15 returned 0 after 69 usecs
[   12.130362] calling  pl_driver_init+0x0/0x15 @ 1
[   12.137973] initcall pl_driver_init+0x0/0x15 returned 0 after 19 usecs
[   12.152597] calling  redragon_driver_init+0x0/0x15 @ 1
[   12.164154] initcall redragon_driver_init+0x0/0x15 returned 0 after 37 usecs
[   12.173236] input: ImExPS/2 Generic Explorer Mouse as /devices/platform/i8042/serio1/input/input3
[   12.175244] calling  samsung_driver_init+0x0/0x15 @ 1
[   12.199782] initcall samsung_driver_init+0x0/0x15 returned 0 after 2816 usecs
[   12.211664] calling  sony_init+0x0/0x38 @ 1
[   12.219339] initcall sony_init+0x0/0x38 returned 0 after 322 usecs
[   12.229323] calling  sp_driver_init+0x0/0x15 @ 1
[   12.236749] initcall sp_driver_init+0x0/0x15 returned 0 after 49 usecs
[   12.246857] calling  ts_driver_init+0x0/0x15 @ 1
[   12.254262] initcall ts_driver_init+0x0/0x15 returned 0 after 47 usecs
[   12.264719] calling  hid_init+0x0/0x58 @ 1
[   12.271454] usbcore: registered new interface driver usbhid
[   12.279901] usbhid: USB HID core driver
[   12.285664] initcall hid_init+0x0/0x58 returned 0 after 14535 usecs
[   12.294780] calling  eeepc_laptop_init+0x0/0x57 @ 1
[   12.303449] initcall eeepc_laptop_init+0x0/0x57 returned -19 after 1538 usecs
[   12.313650] calling  pmc_atom_init+0x0/0x27a @ 1
[   12.320742] initcall pmc_atom_init+0x0/0x27a returned -19 after 164 usecs
[   12.332697] calling  alsa_hwdep_init+0x0/0x5e @ 1
[   12.340319] initcall alsa_hwdep_init+0x0/0x5e returned 0 after 396 usecs
[   12.350964] calling  alsa_timer_init+0x0/0x1f0 @ 1
[   12.361315] initcall alsa_timer_init+0x0/0x1f0 returned 0 after 2724 usecs
[   12.372337] calling  snd_hrtimer_init+0x0/0x117 @ 1
[   12.379810] initcall snd_hrtimer_init+0x0/0x117 returned 0 after 5 usecs
[   12.389886] calling  alsa_pcm_init+0x0/0x64 @ 1
[   12.396952] initcall alsa_pcm_init+0x0/0x64 returned 0 after 7 usecs
[   12.406468] calling  alsa_seq_init+0x0/0x4a @ 1
[   12.414232] initcall alsa_seq_init+0x0/0x4a returned 0 after 898 usecs
[   12.423848] calling  alsa_seq_dummy_init+0x0/0x9c @ 1
[   12.431354] initcall alsa_seq_dummy_init+0x0/0x9c returned 0 after 8 usecs
[   12.441640] calling  azx_driver_init+0x0/0x15 @ 1
[   12.449252] initcall azx_driver_init+0x0/0x15 returned 0 after 501 usecs
[   12.458923] calling  sock_diag_init+0x0/0x2a @ 1
[   12.466325] initcall sock_diag_init+0x0/0x2a returned 0 after 620 usecs
[   12.476085] calling  blackhole_init+0x0/0xc @ 1
[   12.483677] initcall blackhole_init+0x0/0xc returned 0 after 1160 usecs
[   12.492997] calling  nfnetlink_init+0x0/0x57 @ 1
[   12.499495] initcall nfnetlink_init+0x0/0x57 returned 0 after 91 usecs
[   12.510280] calling  nfnetlink_log_init+0x0/0x99 @ 1
[   12.518155] initcall nfnetlink_log_init+0x0/0x99 returned 0 after 293 usecs
[   12.528578] calling  nf_conntrack_standalone_init+0x0/0x87 @ 1
[   12.540895] initcall nf_conntrack_standalone_init+0x0/0x87 returned 0 after 4227 usecs
[   12.553312] calling  ctnetlink_init+0x0/0x83 @ 1
[   12.560725] initcall ctnetlink_init+0x0/0x83 returned 0 after 39 usecs
[   12.570901] calling  nf_conntrack_ftp_init+0x0/0x12c @ 1
[   12.579126] initcall nf_conntrack_ftp_init+0x0/0x12c returned 0 after 9 usecs
[   12.590112] calling  nf_conntrack_irc_init+0x0/0x129 @ 1
[   12.598456] initcall nf_conntrack_irc_init+0x0/0x129 returned 0 after 29 usecs
[   12.609269] calling  nf_conntrack_sip_init+0x0/0x172 @ 1
[   12.617324] initcall nf_conntrack_sip_init+0x0/0x172 returned 0 after 10 usecs
[   12.628103] calling  nf_nat_init+0x0/0xd2 @ 1
[   12.636426] initcall nf_nat_init+0x0/0xd2 returned 0 after 1821 usecs
[   12.641738] rcu_torture_rea (113) used greatest stack depth: 14968 bytes left
[   12.645005] tasks-tracing-torture: rcu_torture_read_exit: End of episode
[   12.645872] calling  nf_nat_ftp_init+0x0/0x2a @ 1
[   12.673757] initcall nf_nat_ftp_init+0x0/0x2a returned 0 after 7 usecs
[   12.684232] calling  nf_nat_irc_init+0x0/0x2a @ 1
[   12.691881] initcall nf_nat_irc_init+0x0/0x2a returned 0 after 0 usecs
[   12.702057] calling  nf_nat_sip_init+0x0/0x36 @ 1
[   12.709414] initcall nf_nat_sip_init+0x0/0x36 returned 0 after 1 usecs
[   12.719611] calling  xt_init+0x0/0xf8 @ 1
[   12.726192] initcall xt_init+0x0/0xf8 returned 0 after 21 usecs
[   12.738367] calling  tcpudp_mt_init+0x0/0x11 @ 1
[   12.745487] initcall tcpudp_mt_init+0x0/0x11 returned 0 after 167 usecs
[   12.754777] calling  connsecmark_tg_init+0x0/0xc @ 1
[   12.762397] initcall connsecmark_tg_init+0x0/0xc returned 0 after 1 usecs
[   12.772031] calling  nflog_tg_init+0x0/0xc @ 1
[   12.778452] initcall nflog_tg_init+0x0/0xc returned 0 after 1 usecs
[   12.787263] calling  secmark_tg_init+0x0/0x11 @ 1
[   12.793920] initcall secmark_tg_init+0x0/0x11 returned 0 after 1 usecs
[   12.803138] calling  tcpmss_tg_init+0x0/0x11 @ 1
[   12.810222] initcall tcpmss_tg_init+0x0/0x11 returned 0 after 1 usecs
