c[?7l[2J[0mSeaBIOS (version 1.16.0-debian-1.16.0-4)
Booting from ROM...
early console in setup code
c[?7l[2J[    0.000000] Linux version 5.10.157+ (root@joelboxx.c.googlers.com) (gcc (Debian 12.2.0-3) 12.2.0, GNU ld (GNU Binutils for Debian) 2.39) #7 SMP Tue Dec 13 03:32:23 UTC 2022
[    0.000000] Command line: selinux=0 initcall_debug debug console=ttyS0 rcutree.gp_preinit_delay=3 rcutree.gp_init_delay=3 rcutree.gp_cleanup_delay=3 rcupdate.rcu_self_test=1 rcutorture.onoff_interval=1000 rcutorture.onoff_holdoff=30 rcutorture.n_barrier_cbs=4 rcutorture.stat_interval=15 rcutorture.shutdown_secs=1800 rcutorture.test_no_idle_hz=1 rcutorture.verbose=1
[    0.000000] x86/fpu: x87 FPU will use FXSAVE
[    0.000000] BIOS-provided physical RAM map:
[    0.000000] BIOS-e820: [mem 0x0000000000000000-0x000000000009fbff] usable
[    0.000000] BIOS-e820: [mem 0x000000000009fc00-0x000000000009ffff] reserved
[    0.000000] BIOS-e820: [mem 0x00000000000f0000-0x00000000000fffff] reserved
[    0.000000] BIOS-e820: [mem 0x0000000000100000-0x000000001ffdefff] usable
[    0.000000] BIOS-e820: [mem 0x000000001ffdf000-0x000000001fffffff] reserved
[    0.000000] BIOS-e820: [mem 0x00000000b0000000-0x00000000bfffffff] reserved
[    0.000000] BIOS-e820: [mem 0x00000000fed1c000-0x00000000fed1ffff] reserved
[    0.000000] BIOS-e820: [mem 0x00000000feffc000-0x00000000feffffff] reserved
[    0.000000] BIOS-e820: [mem 0x00000000fffc0000-0x00000000ffffffff] reserved
[    0.000000] NX (Execute Disable) protection: active
[    0.000000] SMBIOS 2.8 present.
[    0.000000] DMI: QEMU Standard PC (Q35 + ICH9, 2009), BIOS 1.16.0-debian-1.16.0-4 04/01/2014
[    0.000000] Hypervisor detected: KVM
[    0.000000] kvm-clock: Using msrs 4b564d01 and 4b564d00
[    0.000000] kvm-clock: cpu 0, msr 1ab23001, primary cpu clock
[    0.000071] kvm-clock: using sched offset of 2259630162 cycles
[    0.000474] clocksource: kvm-clock: mask: 0xffffffffffffffff max_cycles: 0x1cd42e4dffb, max_idle_ns: 881590591483 ns
[    0.000672] tsc: Detected 1999.999 MHz processor
[    0.010354] e820: update [mem 0x00000000-0x00000fff] usable ==> reserved
[    0.010363] e820: remove [mem 0x000a0000-0x000fffff] usable
[    0.010373] last_pfn = 0x1ffdf max_arch_pfn = 0x400000000
[    0.011433] MTRR default type: write-back
[    0.011542] MTRR fixed ranges enabled:
[    0.011545]   00000-9FFFF write-back
[    0.011547]   A0000-BFFFF uncachable
[    0.011550]   C0000-FFFFF write-protect
[    0.011552] MTRR variable ranges enabled:
[    0.011555]   0 base 00C0000000 mask FFC0000000 uncachable
[    0.011557]   1 disabled
[    0.011560]   2 disabled
[    0.011562]   3 disabled
[    0.011563]   4 disabled
[    0.011565]   5 disabled
[    0.011567]   6 disabled
[    0.011569]   7 disabled
[    0.012161] x86/PAT: Configuration [0-7]: WB  WC  UC- UC  WB  WC  UC- UC  
[    0.021471] found SMP MP-table at [mem 0x000f5ba0-0x000f5baf]
[    0.024125] check: Scanning 1 areas for low memory corruption
[    0.042655] ACPI: Early table checksum verification disabled
[    0.044575] ACPI: RSDP 0x00000000000F59E0 000014 (v00 BOCHS )
[    0.044897] ACPI: RSDT 0x000000001FFE252A 000038 (v01 BOCHS  BXPC     00000001 BXPC 00000001)
[    0.045270] ACPI: FACP 0x000000001FFE22EA 0000F4 (v03 BOCHS  BXPC     00000001 BXPC 00000001)
[    0.045424] ACPI: DSDT 0x000000001FFE0040 0022AA (v01 BOCHS  BXPC     00000001 BXPC 00000001)
[    0.045431] ACPI: FACS 0x000000001FFE0000 000040
[    0.045438] ACPI: APIC 0x000000001FFE23DE 0000B0 (v01 BOCHS  BXPC     00000001 BXPC 00000001)
[    0.045500] ACPI: HPET 0x000000001FFE248E 000038 (v01 BOCHS  BXPC     00000001 BXPC 00000001)
[    0.045508] ACPI: MCFG 0x000000001FFE24C6 00003C (v01 BOCHS  BXPC     00000001 BXPC 00000001)
[    0.045514] ACPI: WAET 0x000000001FFE2502 000028 (v01 BOCHS  BXPC     00000001 BXPC 00000001)
[    0.045521] ACPI: Reserving FACP table memory at [mem 0x1ffe22ea-0x1ffe23dd]
[    0.045524] ACPI: Reserving DSDT table memory at [mem 0x1ffe0040-0x1ffe22e9]
[    0.045527] ACPI: Reserving FACS table memory at [mem 0x1ffe0000-0x1ffe003f]
[    0.045529] ACPI: Reserving APIC table memory at [mem 0x1ffe23de-0x1ffe248d]
[    0.045531] ACPI: Reserving HPET table memory at [mem 0x1ffe248e-0x1ffe24c5]
[    0.045534] ACPI: Reserving MCFG table memory at [mem 0x1ffe24c6-0x1ffe2501]
[    0.045536] ACPI: Reserving WAET table memory at [mem 0x1ffe2502-0x1ffe2529]
[    0.046504] ACPI: Local APIC address 0xfee00000
[    0.051259] No NUMA configuration found
[    0.051267] Faking a node at [mem 0x0000000000000000-0x000000001ffdefff]
[    0.051392] NODE_DATA(0) allocated [mem 0x1ffdb000-0x1ffdefff]
[    0.053317] Zone ranges:
[    0.053418]   DMA      [mem 0x0000000000001000-0x0000000000ffffff]
[    0.053484]   DMA32    [mem 0x0000000001000000-0x000000001ffdefff]
[    0.053488]   Normal   empty
[    0.053492] Movable zone start for each node
[    0.053495] Early memory node ranges
[    0.053497]   node   0: [mem 0x0000000000001000-0x000000000009efff]
[    0.053526]   node   0: [mem 0x0000000000100000-0x000000001ffdefff]
[    0.053567] Initmem setup node 0 [mem 0x0000000000001000-0x000000001ffdefff]
[    0.053570] On node 0 totalpages: 130941
[    0.053635]   DMA zone: 64 pages used for memmap
[    0.053638]   DMA zone: 21 pages reserved
[    0.053641]   DMA zone: 3998 pages, LIFO batch:0
[    0.053644]   DMA32 zone: 1984 pages used for memmap
[    0.053646]   DMA32 zone: 126943 pages, LIFO batch:31
[    0.074774] On node 0, zone DMA: 1 pages in unavailable ranges
[    0.083406] On node 0, zone DMA: 97 pages in unavailable ranges
[    0.359992] On node 0, zone DMA32: 33 pages in unavailable ranges
[    0.365605] ACPI: PM-Timer IO Port: 0x608
[    0.365614] ACPI: Local APIC address 0xfee00000
[    0.366093] ACPI: LAPIC_NMI (acpi_id[0xff] dfl dfl lint[0x1])
[    0.368236] IOAPIC[0]: apic_id 0, version 17, address 0xfec00000, GSI 0-23
[    0.368491] ACPI: INT_SRC_OVR (bus 0 bus_irq 0 global_irq 2 dfl dfl)
[    0.368662] ACPI: INT_SRC_OVR (bus 0 bus_irq 5 global_irq 5 high level)
[    0.368666] ACPI: INT_SRC_OVR (bus 0 bus_irq 9 global_irq 9 high level)
[    0.368963] ACPI: INT_SRC_OVR (bus 0 bus_irq 10 global_irq 10 high level)
[    0.368966] ACPI: INT_SRC_OVR (bus 0 bus_irq 11 global_irq 11 high level)
[    0.368970] ACPI: IRQ0 used by override.
[    0.368973] ACPI: IRQ5 used by override.
[    0.368975] ACPI: IRQ9 used by override.
[    0.368977] ACPI: IRQ10 used by override.
[    0.368979] ACPI: IRQ11 used by override.
[    0.369186] Using ACPI (MADT) for SMP configuration information
[    0.369191] ACPI: HPET id: 0x8086a201 base: 0xfed00000
[    0.369753] smpboot: Allowing 8 CPUs, 0 hotplug CPUs
[    0.372779] PM: hibernation: Registered nosave memory: [mem 0x00000000-0x00000fff]
[    0.372784] PM: hibernation: Registered nosave memory: [mem 0x0009f000-0x0009ffff]
[    0.372787] PM: hibernation: Registered nosave memory: [mem 0x000a0000-0x000effff]
[    0.372790] PM: hibernation: Registered nosave memory: [mem 0x000f0000-0x000fffff]
[    0.372967] [mem 0x20000000-0xafffffff] available for PCI devices
[    0.373114] Booting paravirtualized kernel on KVM
[    0.374938] clocksource: refined-jiffies: mask: 0xffffffff max_cycles: 0xffffffff, max_idle_ns: 1910969940391419 ns
[    0.426706] setup_percpu: NR_CPUS:8 nr_cpumask_bits:8 nr_cpu_ids:8 nr_node_ids:1
[    0.491674] percpu: Embedded 58 pages/cpu s199184 r8192 d30192 u262144
[    0.491772] pcpu-alloc: s199184 r8192 d30192 u262144 alloc=1*2097152
[    0.491859] pcpu-alloc: [0] 0 1 2 3 4 5 6 7 
[    0.494312] kvm-guest: stealtime: cpu 0, msr 1f41bb40
[    0.496880] Built 1 zonelists, mobility grouping on.  Total pages: 128872
[    0.496885] Policy zone: DMA32
[    0.497158] Kernel command line: selinux=0 initcall_debug debug console=ttyS0 rcutree.gp_preinit_delay=3 rcutree.gp_init_delay=3 rcutree.gp_cleanup_delay=3 rcupdate.rcu_self_test=1 rcutorture.onoff_interval=1000 rcutorture.onoff_holdoff=30 rcutorture.n_barrier_cbs=4 rcutorture.stat_interval=15 rcutorture.shutdown_secs=1800 rcutorture.test_no_idle_hz=1 rcutorture.verbose=1
[    0.525866] Dentry cache hash table entries: 65536 (order: 7, 524288 bytes, linear)
[    0.530862] Inode-cache hash table entries: 32768 (order: 6, 262144 bytes, linear)
[    0.531921] mem auto-init: stack:all(zero), heap alloc:off, heap free:off
[    0.563425] Memory: 465384K/523764K available (16398K kernel code, 2799K rwdata, 4844K rodata, 1520K init, 13292K bss, 58120K reserved, 0K cma-reserved)
[    0.565233] SLUB: HWalign=64, Order=0-3, MinObjects=0, CPUs=8, Nodes=1
[    0.566734] Kernel/User page tables isolation: enabled
[    0.588198] Running RCU self tests
[    0.589156] rcu: RCU calculated value of scheduler-enlistment delay is 100 jiffies.
[    0.590850] rcu: Hierarchical RCU implementation.
[    0.590854] rcu: 	CONFIG_RCU_FANOUT set to non-default value of 6.
[    0.590856] rcu: 	RCU lockdep checking is enabled.
[    0.590859] rcu: 	Build-time adjustment of leaf fanout to 6.
[    0.590861] rcu: 	Boot-time adjustment of first FQS scan delay to 3 jiffies.
[    0.590864] rcu: 	Boot-time adjustment of subsequent FQS scan delay to 3 jiffies.
[    0.590868] rcu: 	RCU debug GP pre-init slowdown 3 jiffies.
[    0.590870] rcu: 	RCU debug GP init slowdown 3 jiffies.
[    0.590873] rcu: 	RCU debug GP init slowdown 3 jiffies.
[    0.590875] 	Trampoline variant of Tasks RCU enabled.
[    0.590877] 	Rude variant of Tasks RCU enabled.
[    0.590880] 	Tracing variant of Tasks RCU enabled.
[    0.622892] NR_IRQS: 4352, nr_irqs: 488, preallocated irqs: 16
[    0.625257] rcu: 	Offload RCU callbacks from CPUs: (none).
[    0.629155] calling  con_init+0x0/0x24f @ 0
[    0.855418] Console: colour VGA+ 80x25
[    0.864783] initcall con_init+0x0/0x24f returned 0 after 0 usecs
[    0.864947] calling  hvc_console_init+0x0/0x13 @ 0
[    0.865033] initcall hvc_console_init+0x0/0x13 returned 0 after 0 usecs
[    0.865037] calling  univ8250_console_init+0x0/0x26 @ 0
[    1.890396] printk: console [ttyS0] enabled
[    1.895556] initcall univ8250_console_init+0x0/0x26 returned 0 after 0 usecs
[    1.904180] Lock dependency validator: Copyright (c) 2006 Red Hat, Inc., Ingo Molnar
[    1.913472] ... MAX_LOCKDEP_SUBCLASSES:  8
[    1.918482] ... MAX_LOCK_DEPTH:          48
[    1.923666] ... MAX_LOCKDEP_KEYS:        8192
[    1.929014] ... CLASSHASH_SIZE:          4096
[    1.934329] ... MAX_LOCKDEP_ENTRIES:     32768
[    1.939779] ... MAX_LOCKDEP_CHAINS:      65536
[    1.945214] ... CHAINHASH_SIZE:          32768
[    1.950693]  memory used by lock dependency info: 6365 kB
[    1.957318]  memory used for stack traces: 4224 kB
[    1.963180]  per task-struct memory footprint: 1920 bytes
[    1.971513] ACPI: Core revision 20200925
[    1.979431] clocksource: hpet: mask: 0xffffffff max_cycles: 0xffffffff, max_idle_ns: 19112604467 ns
[    1.991833] APIC: Switch to symmetric I/O mode setup
[    2.012488] ..TIMER: vector=0x30 apic1=0 pin1=2 apic2=-1 pin2=-1
[    2.019446] clocksource: tsc-early: mask: 0xffffffffffffffff max_cycles: 0x39a85afc727, max_idle_ns: 881590685098 ns
[    2.031367] Calibrating delay loop (skipped) preset value.. 3999.99 BogoMIPS (lpj=1999999)
[    2.033055] pid_max: default: 32768 minimum: 301
[    2.035223] LSM: Security Framework initializing
[    2.036365] Mount-cache hash table entries: 1024 (order: 1, 8192 bytes, linear)
[    2.037064] Mountpoint-cache hash table entries: 1024 (order: 1, 8192 bytes, linear)
[    2.045672] Last level iTLB entries: 4KB 0, 2MB 0, 4MB 0
[    2.046041] Last level dTLB entries: 4KB 0, 2MB 0, 4MB 0, 1GB 0
[    2.047113] Spectre V1 : Mitigation: usercopy/swapgs barriers and __user pointer sanitization
[    2.048044] Spectre V2 : Mitigation: Retpolines
[    2.049041] Spectre V2 : Spectre v2 / SpectreRSB mitigation: Filling RSB on context switch
[    2.050040] Spectre V2 : Spectre v2 / SpectreRSB : Filling RSB on VMEXIT
[    2.051041] Speculative Store Bypass: Vulnerable
[    2.052104] MDS: Vulnerable: Clear CPU buffers attempted, no microcode
[    2.053048] MMIO Stale Data: Unknown: No mitigations
[    2.102227] Freeing SMP alternatives memory: 40K
[    2.206036] smpboot: CPU0: Intel Common KVM processor (family: 0xf, model: 0x6, stepping: 0x1)
[    2.208835] calling  init_hw_perf_events+0x0/0x6ce @ 1
[    2.209057] Performance Events: unsupported Netburst CPU model 6 no PMU driver, software events only.
[    2.210119] initcall init_hw_perf_events+0x0/0x6ce returned 0 after 976 usecs
[    2.211055] calling  init_real_mode+0x0/0x1e9 @ 1
[    2.212551] initcall init_real_mode+0x0/0x1e9 returned 0 after 0 usecs
[    2.213063] calling  trace_init_perf_perm_irq_work_exit+0x0/0x12 @ 1
[    2.214061] initcall trace_init_perf_perm_irq_work_exit+0x0/0x12 returned 0 after 0 usecs
[    2.215059] calling  validate_x2apic+0x0/0x4a @ 1
[    2.216074] initcall validate_x2apic+0x0/0x4a returned 0 after 0 usecs
[    2.217046] calling  register_nmi_cpu_backtrace_handler+0x0/0x15 @ 1
[    2.218072] initcall register_nmi_cpu_backtrace_handler+0x0/0x15 returned 0 after 0 usecs
[    2.219052] calling  kvm_setup_vsyscall_timeinfo+0x0/0xce @ 1
[    2.220052] initcall kvm_setup_vsyscall_timeinfo+0x0/0xce returned 0 after 0 usecs
[    2.221075] calling  spawn_ksoftirqd+0x0/0x38 @ 1
[    2.223065] RCU test callback executed 1
[    2.224231] initcall spawn_ksoftirqd+0x0/0x38 returned 0 after 1953 usecs
[    2.225052] calling  migration_init+0x0/0x33 @ 1
[    2.226048] initcall migration_init+0x0/0x33 returned 0 after 0 usecs
[    2.227045] calling  srcu_bootup_announce+0x0/0x2f @ 1
[    2.228046] rcu: Hierarchical SRCU implementation.
[    2.229050] initcall srcu_bootup_announce+0x0/0x2f returned 0 after 976 usecs
[    2.230050] calling  rcu_spawn_gp_kthread+0x0/0x1dd @ 1
[    2.231236] initcall rcu_spawn_gp_kthread+0x0/0x1dd returned 0 after 0 usecs
[    2.232047] calling  check_cpu_stall_init+0x0/0x1a @ 1
[    2.233047] initcall check_cpu_stall_init+0x0/0x1a returned 0 after 0 usecs
[    2.234045] calling  rcu_sysrq_init+0x0/0x21 @ 1
[    2.235052] initcall rcu_sysrq_init+0x0/0x21 returned 0 after 0 usecs
[    2.236045] calling  trace_init_flags_sys_enter+0x0/0xe @ 1
[    2.237064] initcall trace_init_flags_sys_enter+0x0/0xe returned 0 after 0 usecs
[    2.238046] calling  trace_init_flags_sys_exit+0x0/0xe @ 1
[    2.240044] initcall trace_init_flags_sys_exit+0x0/0xe returned 0 after 0 usecs
[    2.241045] calling  cpu_stop_init+0x0/0x8d @ 1
[    2.242361] initcall cpu_stop_init+0x0/0x8d returned 0 after 0 usecs
[    2.243074] calling  init_kprobes+0x0/0x16e @ 1
[    2.245654] initcall init_kprobes+0x0/0x16e returned 0 after 976 usecs
[    2.246074] calling  init_events+0x0/0x3d @ 1
[    2.247466] initcall init_events+0x0/0x3d returned 0 after 0 usecs
[    2.248046] calling  init_trace_printk+0x0/0xc @ 1
[    2.249051] initcall init_trace_printk+0x0/0xc returned 0 after 0 usecs
[    2.250111] calling  event_trace_enable_again+0x0/0x23 @ 1
[    2.252049] initcall event_trace_enable_again+0x0/0x23 returned 0 after 0 usecs
[    2.253046] calling  static_call_init+0x0/0x79 @ 1
[    2.254046] initcall static_call_init+0x0/0x79 returned 0 after 0 usecs
[    2.255045] calling  jump_label_init_module+0x0/0xc @ 1
[    2.256047] initcall jump_label_init_module+0x0/0xc returned 0 after 0 usecs
[    2.257046] calling  init_zero_pfn+0x0/0x37 @ 1
[    2.258049] initcall init_zero_pfn+0x0/0x37 returned 0 after 0 usecs
[    2.259046] calling  initialize_ptr_random+0x0/0x54 @ 1
[    2.260154] initcall initialize_ptr_random+0x0/0x54 returned 0 after 0 usecs
[    2.261062] calling  efi_memreserve_root_init+0x0/0x25 @ 1
[    2.262075] initcall efi_memreserve_root_init+0x0/0x25 returned 0 after 0 usecs
[    2.263044] calling  efi_earlycon_remap_fb+0x0/0x51 @ 1
[    2.265044] initcall efi_earlycon_remap_fb+0x0/0x51 returned 0 after 0 usecs
[    2.267060] RCU test callback executed 2
[    2.268222] smp: Bringing up secondary CPUs ...
[    2.273519] x86: Booting SMP configuration:
[    2.274044] .... node  #0, CPUs:      #1
[    1.402672] kvm-clock: cpu 1, msr 1ab23041, secondary cpu clock
[    2.300038] kvm-guest: stealtime: cpu 1, msr 1f45bb40
[    2.314821]  #2
[    1.402672] kvm-clock: cpu 2, msr 1ab23081, secondary cpu clock
[    2.335201] kvm-guest: stealtime: cpu 2, msr 1f49bb40
[    2.349347]  #3
[    1.402672] kvm-clock: cpu 3, msr 1ab230c1, secondary cpu clock
[    2.372318] kvm-guest: stealtime: cpu 3, msr 1f4dbb40
[    2.387400]  #4
[    1.402672] kvm-clock: cpu 4, msr 1ab23101, secondary cpu clock
[    2.409216] kvm-guest: stealtime: cpu 4, msr 1f51bb40
[    2.423864]  #5
[    1.402672] kvm-clock: cpu 5, msr 1ab23141, secondary cpu clock
[    2.446220] kvm-guest: stealtime: cpu 5, msr 1f55bb40
[    2.462541]  #6
[    1.402672] kvm-clock: cpu 6, msr 1ab23181, secondary cpu clock
[    2.485038] kvm-guest: stealtime: cpu 6, msr 1f59bb40
[    2.499839]  #7
[    1.402672] kvm-clock: cpu 7, msr 1ab231c1, secondary cpu clock
[    2.525291] kvm-guest: stealtime: cpu 7, msr 1f5dbb40
[    2.543173] smp: Brought up 1 node, 8 CPUs
[    2.544044] smpboot: Max logical packages: 1
[    2.545044] smpboot: Total of 8 processors activated (31999.98 BogoMIPS)
[    2.575043] devtmpfs: initialized
[    2.578732] calling  ipc_ns_init+0x0/0x3d @ 1
[    2.579112] initcall ipc_ns_init+0x0/0x3d returned 0 after 0 usecs
[    2.580047] calling  init_mmap_min_addr+0x0/0x21 @ 1
[    2.581047] initcall init_mmap_min_addr+0x0/0x21 returned 0 after 0 usecs
[    2.582046] calling  pci_realloc_setup_params+0x0/0x3f @ 1
[    2.583046] initcall pci_realloc_setup_params+0x0/0x3f returned 0 after 0 usecs
[    2.584046] calling  net_ns_init+0x0/0x12a @ 1
[    2.587557] initcall net_ns_init+0x0/0x12a returned 0 after 1953 usecs
[    2.588071] calling  e820__register_nvs_regions+0x0/0x37 @ 1
[    2.589051] initcall e820__register_nvs_regions+0x0/0x37 returned 0 after 0 usecs
[    2.590044] calling  cpufreq_register_tsc_scaling+0x0/0x2e @ 1
[    2.591043] initcall cpufreq_register_tsc_scaling+0x0/0x2e returned 0 after 0 usecs
[    2.592044] calling  reboot_init+0x0/0x3c @ 1
[    2.593106] initcall reboot_init+0x0/0x3c returned 0 after 0 usecs
[    2.594049] calling  init_lapic_sysfs+0x0/0x20 @ 1
[    2.595072] initcall init_lapic_sysfs+0x0/0x20 returned 0 after 0 usecs
[    2.596045] calling  alloc_frozen_cpus+0x0/0x7 @ 1
[    2.597054] initcall alloc_frozen_cpus+0x0/0x7 returned 0 after 0 usecs
[    2.599050] calling  cpu_hotplug_pm_sync_init+0x0/0x13 @ 1
[    2.600085] initcall cpu_hotplug_pm_sync_init+0x0/0x13 returned 0 after 0 usecs
[    2.601052] calling  wq_sysfs_init+0x0/0x2a @ 1
[    2.602137] initcall wq_sysfs_init+0x0/0x2a returned 0 after 0 usecs
[    2.603047] calling  ksysfs_init+0x0/0x92 @ 1
[    2.604084] initcall ksysfs_init+0x0/0x92 returned 0 after 0 usecs
[    2.605046] calling  schedutil_gov_init+0x0/0xc @ 1
[    2.607417] initcall schedutil_gov_init+0x0/0xc returned 0 after 976 usecs
[    2.608050] calling  pm_init+0x0/0x76 @ 1
[    2.610151] initcall pm_init+0x0/0x76 returned 0 after 0 usecs
[    2.611045] calling  pm_disk_init+0x0/0x13 @ 1
[    2.612081] initcall pm_disk_init+0x0/0x13 returned 0 after 0 usecs
[    2.613044] calling  swsusp_header_init+0x0/0x2b @ 1
[    2.614047] initcall swsusp_header_init+0x0/0x2b returned 0 after 0 usecs
[    2.615108] calling  rcu_set_runtime_mode+0x0/0x2a @ 1
[    2.620218] initcall rcu_set_runtime_mode+0x0/0x2a returned 0 after 2929 usecs
[    2.621049] calling  init_jiffies_clocksource+0x0/0x13 @ 1
[    2.622045] clocksource: jiffies: mask: 0xffffffff max_cycles: 0xffffffff, max_idle_ns: 1911260446275000 ns
[    2.623051] initcall init_jiffies_clocksource+0x0/0x13 returned 0 after 976 usecs
[    2.624047] calling  futex_init+0x0/0x118 @ 1
[    2.625054] futex hash table entries: 2048 (order: 6, 262144 bytes, linear)
[    2.629148] initcall futex_init+0x0/0x118 returned 0 after 3906 usecs
[    2.630050] calling  cgroup_wq_init+0x0/0x28 @ 1
[    2.631077] initcall cgroup_wq_init+0x0/0x28 returned 0 after 0 usecs
[    2.632050] calling  cgroup1_wq_init+0x0/0x28 @ 1
[    2.634066] initcall cgroup1_wq_init+0x0/0x28 returned 0 after 976 usecs
[    2.635047] calling  init_kprobe_trace_early+0x0/0x2a @ 1
[    2.636188] initcall init_kprobe_trace_early+0x0/0x2a returned 0 after 0 usecs
[    2.637049] calling  fsnotify_init+0x0/0x56 @ 1
[    2.638184] initcall fsnotify_init+0x0/0x56 returned 0 after 0 usecs
[    2.639049] calling  filelock_init+0x0/0xb3 @ 1
[    2.640099] initcall filelock_init+0x0/0xb3 returned 0 after 0 usecs
[    2.641050] calling  init_misc_binfmt+0x0/0x2c @ 1
[    2.643045] initcall init_misc_binfmt+0x0/0x2c returned 0 after 976 usecs
[    2.644052] calling  init_script_binfmt+0x0/0x15 @ 1
[    2.645050] initcall init_script_binfmt+0x0/0x15 returned 0 after 0 usecs
[    2.646048] calling  init_elf_binfmt+0x0/0x15 @ 1
[    2.647048] initcall init_elf_binfmt+0x0/0x15 returned 0 after 0 usecs
[    2.648047] calling  init_compat_elf_binfmt+0x0/0x15 @ 1
[    2.649050] initcall init_compat_elf_binfmt+0x0/0x15 returned 0 after 0 usecs
[    2.650047] calling  debugfs_init+0x0/0x5c @ 1
[    2.651128] initcall debugfs_init+0x0/0x5c returned 0 after 0 usecs
[    2.652048] calling  tracefs_init+0x0/0x3a @ 1
[    2.654045] initcall tracefs_init+0x0/0x3a returned 0 after 976 usecs
[    2.655049] calling  prandom_init_early+0x0/0x15d @ 1
[    2.656050] initcall prandom_init_early+0x0/0x15d returned 0 after 0 usecs
[    2.657128] calling  virtio_init+0x0/0x20 @ 1
[    2.658262] initcall virtio_init+0x0/0x20 returned 0 after 0 usecs
[    2.659050] calling  iommu_init+0x0/0x2a @ 1
[    2.660091] initcall iommu_init+0x0/0x2a returned 0 after 0 usecs
[    2.662047] calling  component_debug_init+0x0/0x1c @ 1
[    2.664232] initcall component_debug_init+0x0/0x1c returned 0 after 976 usecs
[    2.665048] calling  early_resume_init+0x0/0xb9 @ 1
[    2.667043] PM: RTC time: 03:48:45, date: 2022-12-13
[    2.668117] initcall early_resume_init+0x0/0xb9 returned 0 after 1953 usecs
[    2.670049] calling  cpufreq_core_init+0x0/0x62 @ 1
[    2.671061] initcall cpufreq_core_init+0x0/0x62 returned 0 after 0 usecs
[    2.672048] calling  cpufreq_gov_performance_init+0x0/0xc @ 1
[    2.673054] initcall cpufreq_gov_performance_init+0x0/0xc returned 0 after 0 usecs
[    2.674051] calling  cpufreq_gov_userspace_init+0x0/0xc @ 1
[    2.675055] initcall cpufreq_gov_userspace_init+0x0/0xc returned 0 after 0 usecs
[    2.676048] calling  CPU_FREQ_GOV_ONDEMAND_init+0x0/0xc @ 1
[    2.677049] initcall CPU_FREQ_GOV_ONDEMAND_init+0x0/0xc returned 0 after 0 usecs
[    2.678048] calling  cpuidle_init+0x0/0x1f @ 1
[    2.679082] initcall cpuidle_init+0x0/0x1f returned 0 after 0 usecs
[    2.681052] calling  capsule_reboot_register+0x0/0xc @ 1
[    2.682088] initcall capsule_reboot_register+0x0/0xc returned 0 after 0 usecs
[    2.683049] calling  sock_init+0x0/0x93 @ 1
[    2.691377] initcall sock_init+0x0/0x93 returned 0 after 6835 usecs
[    2.699052] calling  net_inuse_init+0x0/0x23 @ 1
[    2.704096] initcall net_inuse_init+0x0/0x23 returned 0 after 0 usecs
[    2.712045] calling  net_defaults_init+0x0/0x23 @ 1
[    2.718046] initcall net_defaults_init+0x0/0x23 returned 0 after 0 usecs
[    2.726044] calling  init_default_flow_dissectors+0x0/0x4f @ 1
[    2.733061] initcall init_default_flow_dissectors+0x0/0x4f returned 0 after 0 usecs
[    2.742043] calling  netpoll_init+0x0/0x44 @ 1
[    2.747067] initcall netpoll_init+0x0/0x44 returned 0 after 0 usecs
[    2.755043] calling  netlink_proto_init+0x0/0x154 @ 1
[    2.760486] NET: Registered protocol family 16
[    2.766366] initcall netlink_proto_init+0x0/0x154 returned 0 after 6835 usecs
[    2.776101] calling  genl_init+0x0/0x35 @ 1
[    2.781157] initcall genl_init+0x0/0x35 returned 0 after 976 usecs
[    2.789105] calling  bsp_pm_check_init+0x0/0x13 @ 1
[    2.796048] initcall bsp_pm_check_init+0x0/0x13 returned 0 after 0 usecs
[    2.804104] calling  irq_sysfs_init+0x0/0xb9 @ 1
[    2.810406] initcall irq_sysfs_init+0x0/0xb9 returned 0 after 976 usecs
[    2.819049] calling  audit_init+0x0/0x127 @ 1
[    2.825054] audit: initializing netlink subsys (disabled)
[    2.833939] initcall audit_init+0x0/0x127 returned 0 after 8789 usecs
[    2.834101] audit: type=2000 audit(1670903323.846:1): state=initialized audit_enabled=0 res=1
[    2.842050] calling  release_early_probes+0x0/0x32 @ 1
[    2.842055] initcall release_early_probes+0x0/0x32 returned 0 after 0 usecs
[    2.868051] calling  bdi_class_init+0x0/0x48 @ 1
[    2.874167] initcall bdi_class_init+0x0/0x48 returned 0 after 0 usecs
[    2.882047] calling  mm_sysfs_init+0x0/0x28 @ 1
[    2.888059] initcall mm_sysfs_init+0x0/0x28 returned 0 after 0 usecs
[    2.897053] calling  init_per_zone_wmark_min+0x0/0x6d @ 1
[    2.905127] initcall init_per_zone_wmark_min+0x0/0x6d returned 0 after 0 usecs
[    2.914048] calling  mpi_init+0x0/0x3e @ 1
[    2.920066] initcall mpi_init+0x0/0x3e returned 0 after 0 usecs
[    2.927066] calling  kobject_uevent_init+0x0/0xc @ 1
[    2.934140] initcall kobject_uevent_init+0x0/0xc returned 0 after 0 usecs
[    2.942047] calling  pcibus_class_init+0x0/0x13 @ 1
[    2.949093] initcall pcibus_class_init+0x0/0x13 returned 0 after 0 usecs
[    2.957051] calling  pci_driver_init+0x0/0x21 @ 1
[    2.965144] initcall pci_driver_init+0x0/0x21 returned 0 after 0 usecs
[    2.973049] calling  backlight_class_init+0x0/0xa8 @ 1
[    2.980104] initcall backlight_class_init+0x0/0xa8 returned 0 after 0 usecs
[    2.989048] calling  tty_class_init+0x0/0x33 @ 1
[    2.995064] initcall tty_class_init+0x0/0x33 returned 0 after 0 usecs
[    3.003047] calling  vtconsole_class_init+0x0/0xb5 @ 1
[    3.010277] initcall vtconsole_class_init+0x0/0xb5 returned 0 after 0 usecs
[    3.019047] calling  iommu_dev_init+0x0/0x13 @ 1
[    3.026104] initcall iommu_dev_init+0x0/0x13 returned 0 after 0 usecs
[    3.034045] calling  mipi_dsi_bus_init+0x0/0xc @ 1
[    3.040108] initcall mipi_dsi_bus_init+0x0/0xc returned 0 after 0 usecs
[    3.051051] calling  devlink_class_init+0x0/0x40 @ 1
[    3.059139] initcall devlink_class_init+0x0/0x40 returned 0 after 0 usecs
[    3.070057] calling  software_node_init+0x0/0x2a @ 1
[    3.077056] initcall software_node_init+0x0/0x2a returned 0 after 0 usecs
[    3.086048] calling  wakeup_sources_debugfs_init+0x0/0x23 @ 1
[    3.093150] initcall wakeup_sources_debugfs_init+0x0/0x23 returned 0 after 0 usecs
[    3.103047] calling  wakeup_sources_sysfs_init+0x0/0x2c @ 1
[    3.110068] initcall wakeup_sources_sysfs_init+0x0/0x2c returned 0 after 0 usecs
[    3.119047] calling  register_node_type+0x0/0x13 @ 1
[    3.126051] initcall register_node_type+0x0/0x13 returned 0 after 0 usecs
[    3.135047] calling  regmap_initcall+0x0/0xc @ 1
[    3.141213] initcall regmap_initcall+0x0/0xc returned 0 after 0 usecs
[    3.150047] calling  i2c_init+0x0/0xb3 @ 1
[    3.157085] initcall i2c_init+0x0/0xb3 returned 0 after 0 usecs
[    3.167052] calling  thermal_init+0x0/0x116 @ 1
[    3.174312] thermal_sys: Registered thermal governor 'step_wise'
[    3.174316] thermal_sys: Registered thermal governor 'user_space'
[    3.183074] initcall thermal_init+0x0/0x116 returned 0 after 8789 usecs
[    3.199050] calling  init_menu+0x0/0xc @ 1
[    3.207261] cpuidle: using governor menu
[    3.213060] initcall init_menu+0x0/0xc returned 0 after 7812 usecs
[    3.221053] calling  pcc_init+0x0/0x4d @ 1
[    3.226051] initcall pcc_init+0x0/0x4d returned -19 after 0 usecs
[    3.233049] calling  amd_postcore_init+0x0/0x11e @ 1
[    3.239047] initcall amd_postcore_init+0x0/0x11e returned 0 after 0 usecs
[    3.247072] calling  bts_init+0x0/0xba @ 1
[    3.253047] initcall bts_init+0x0/0xba returned -19 after 0 usecs
[    3.260047] calling  pt_init+0x0/0x34d @ 1
[    3.266048] initcall pt_init+0x0/0x34d returned -19 after 0 usecs
[    3.274052] calling  boot_params_ksysfs_init+0x0/0x2ee @ 1
[    3.281192] initcall boot_params_ksysfs_init+0x0/0x2ee returned 0 after 0 usecs
[    3.291064] calling  sbf_init+0x0/0xea @ 1
[    3.296064] initcall sbf_init+0x0/0xea returned 0 after 0 usecs
[    3.304048] calling  arch_kdebugfs_init+0x0/0x219 @ 1
[    3.311447] initcall arch_kdebugfs_init+0x0/0x219 returned 0 after 0 usecs
[    3.321056] calling  intel_pconfig_init+0x0/0x85 @ 1
[    3.327053] initcall intel_pconfig_init+0x0/0x85 returned 0 after 0 usecs
[    3.335048] calling  mtrr_if_init+0x0/0x5d @ 1
[    3.341129] initcall mtrr_if_init+0x0/0x5d returned 0 after 0 usecs
[    3.348047] calling  activate_jump_labels+0x0/0x31 @ 1
[    3.355046] initcall activate_jump_labels+0x0/0x31 returned 0 after 0 usecs
[    3.363045] calling  ffh_cstate_init+0x0/0x29 @ 1
[    3.369053] initcall ffh_cstate_init+0x0/0x29 returned 0 after 0 usecs
[    3.377046] calling  activate_jump_labels+0x0/0x31 @ 1
[    3.383756] initcall activate_jump_labels+0x0/0x31 returned 0 after 976 usecs
[    3.392046] calling  kvm_alloc_cpumask+0x0/0x74 @ 1
[    3.398098] initcall kvm_alloc_cpumask+0x0/0x74 returned 0 after 0 usecs
[    3.407048] calling  kcmp_cookies_init+0x0/0x37 @ 1
[    3.412054] initcall kcmp_cookies_init+0x0/0x37 returned 0 after 0 usecs
[    3.420046] calling  cryptomgr_init+0x0/0xc @ 1
[    3.426162] initcall cryptomgr_init+0x0/0xc returned 0 after 0 usecs
[    3.434047] calling  acpi_pci_init+0x0/0x57 @ 1
[    3.439091] ACPI: bus type PCI registered
[    3.444048] initcall acpi_pci_init+0x0/0x57 returned 0 after 4882 usecs
[    3.453050] calling  dma_channel_table_init+0x0/0xd1 @ 1
[    3.459067] initcall dma_channel_table_init+0x0/0xd1 returned 0 after 0 usecs
[    3.468065] calling  dma_bus_init+0x0/0xdc @ 1
[    3.474355] initcall dma_bus_init+0x0/0xdc returned 0 after 976 usecs
[    3.483134] calling  iommu_dma_init+0x0/0x10 @ 1
[    3.489209] initcall iommu_dma_init+0x0/0x10 returned 0 after 0 usecs
[    3.497050] calling  dmi_id_init+0x0/0x37c @ 1
[    3.504055] initcall dmi_id_init+0x0/0x37c returned 0 after 976 usecs
[    3.512051] calling  pci_arch_init+0x0/0x71 @ 1
[    3.519067] PCI: MMCONFIG for domain 0000 [bus 00-ff] at [mem 0xb0000000-0xbfffffff] (base 0xb0000000)
[    3.531053] PCI: MMCONFIG at [mem 0xb0000000-0xbfffffff] reserved in E820
[    3.539230] PCI: Using configuration type 1 for base access
[    3.546160] initcall pci_arch_init+0x0/0x71 returned 0 after 28320 usecs
[    3.555072] calling  init_vdso+0x0/0x13 @ 1
[    3.560086] initcall init_vdso+0x0/0x13 returned 0 after 0 usecs
[    3.568047] calling  sysenter_setup+0x0/0x13 @ 1
[    3.574095] initcall sysenter_setup+0x0/0x13 returned 0 after 0 usecs
[    3.582078] calling  fixup_ht_bug+0x0/0xe5 @ 1
[    3.587046] initcall fixup_ht_bug+0x0/0xe5 returned 0 after 0 usecs
[    3.595046] calling  topology_init+0x0/0x88 @ 1
[    3.601653] initcall topology_init+0x0/0x88 returned 0 after 976 usecs
[    3.610047] calling  intel_epb_init+0x0/0x68 @ 1
[    3.615047] initcall intel_epb_init+0x0/0x68 returned -19 after 0 usecs
[    3.624048] calling  mtrr_init_finialize+0x0/0x3e @ 1
[    3.630070] initcall mtrr_init_finialize+0x0/0x3e returned 0 after 0 usecs
[    3.639048] calling  uid_cache_init+0x0/0x85 @ 1
[    3.645097] initcall uid_cache_init+0x0/0x85 returned 0 after 0 usecs
[    3.653048] calling  param_sysfs_init+0x0/0x1ba @ 1
[    3.673228] initcall param_sysfs_init+0x0/0x1ba returned 0 after 13671 usecs
[    3.682061] calling  user_namespace_sysctl_init+0x0/0x33 @ 1
[    3.691078] initcall user_namespace_sysctl_init+0x0/0x33 returned 0 after 0 usecs
[    3.701055] calling  proc_schedstat_init+0x0/0x24 @ 1
[    3.708061] initcall proc_schedstat_init+0x0/0x24 returned 0 after 0 usecs
[    3.717050] calling  pm_sysrq_init+0x0/0x18 @ 1
[    3.726048] initcall pm_sysrq_init+0x0/0x18 returned 0 after 2929 usecs
[    3.734066] calling  create_proc_profile+0x0/0xd0 @ 1
[    3.740054] initcall create_proc_profile+0x0/0xd0 returned 0 after 0 usecs
[    3.749050] calling  time_ns_init+0x0/0x7 @ 1
[    3.754078] initcall time_ns_init+0x0/0x7 returned 0 after 0 usecs
[    3.761046] calling  crash_save_vmcoreinfo_init+0x0/0x722 @ 1
[    3.768185] initcall crash_save_vmcoreinfo_init+0x0/0x722 returned 0 after 976 usecs
[    3.778046] calling  crash_notes_memory_init+0x0/0x35 @ 1
[    3.784055] initcall crash_notes_memory_init+0x0/0x35 returned 0 after 0 usecs
[    3.793047] calling  cgroup_sysfs_init+0x0/0x13 @ 1
[    3.799122] initcall cgroup_sysfs_init+0x0/0x13 returned 0 after 0 usecs
[    3.807066] calling  cgroup_namespaces_init+0x0/0x7 @ 1
[    3.813047] initcall cgroup_namespaces_init+0x0/0x7 returned 0 after 0 usecs
[    3.822052] calling  init_optprobes+0x0/0x13 @ 1
[    3.829046] Kprobes globally optimized
[    3.833048] initcall init_optprobes+0x0/0x13 returned 0 after 4882 usecs
[    3.841047] calling  oom_init+0x0/0x2f @ 1
[    3.847502] initcall oom_init+0x0/0x2f returned 0 after 976 usecs
[    3.855048] calling  default_bdi_init+0x0/0xb3 @ 1
[    3.864501] initcall default_bdi_init+0x0/0xb3 returned 0 after 3906 usecs
[    3.873047] calling  percpu_enable_async+0x0/0xe @ 1
[    3.879047] initcall percpu_enable_async+0x0/0xe returned 0 after 0 usecs
[    3.887043] calling  kcompactd_init+0x0/0x8d @ 1
[    3.894195] initcall kcompactd_init+0x0/0x8d returned 0 after 976 usecs
[    3.902143] calling  init_user_reserve+0x0/0x40 @ 1
[    3.908048] initcall init_user_reserve+0x0/0x40 returned 0 after 0 usecs
[    3.916048] calling  init_admin_reserve+0x0/0x40 @ 1
[    3.922045] initcall init_admin_reserve+0x0/0x40 returned 0 after 0 usecs
[    3.930048] calling  init_reserve_notifier+0x0/0x7 @ 1
[    3.937046] initcall init_reserve_notifier+0x0/0x7 returned 0 after 0 usecs
[    3.945049] calling  swap_init_sysfs+0x0/0x62 @ 1
[    3.952072] initcall swap_init_sysfs+0x0/0x62 returned 0 after 0 usecs
[    3.961047] calling  swapfile_init+0x0/0x94 @ 1
[    3.966052] initcall swapfile_init+0x0/0x94 returned 0 after 0 usecs
[    3.974044] calling  hugetlb_init+0x0/0x49e @ 1
[    3.980072] HugeTLB registered 2.00 MiB page size, pre-allocated 0 pages
[    3.988118] initcall hugetlb_init+0x0/0x49e returned 0 after 7812 usecs
[    3.996046] calling  io_wq_init+0x0/0x34 @ 1
[    4.002050] initcall io_wq_init+0x0/0x34 returned 0 after 0 usecs
[    4.009045] calling  seqiv_module_init+0x0/0xc @ 1
[    4.015187] initcall seqiv_module_init+0x0/0xc returned 0 after 0 usecs
[    4.023045] calling  echainiv_module_init+0x0/0xc @ 1
[    4.029052] initcall echainiv_module_init+0x0/0xc returned 0 after 0 usecs
[    4.038147] calling  rsa_init+0x0/0x50 @ 1
[    4.045060] initcall rsa_init+0x0/0x50 returned 0 after 1953 usecs
[    4.044444] cryptomgr_test (68) used greatest stack depth: 14864 bytes left
[    4.053052] calling  crypto_cmac_module_init+0x0/0xc @ 1
[    4.053058] initcall crypto_cmac_module_init+0x0/0xc returned 0 after 0 usecs
[    4.053061] calling  hmac_module_init+0x0/0xc @ 1
[    4.053065] initcall hmac_module_init+0x0/0xc returned 0 after 0 usecs
[    4.053067] calling  crypto_null_mod_init+0x0/0x65 @ 1
[    4.058053] initcall crypto_null_mod_init+0x0/0x65 returned 0 after 4882 usecs
[    4.107053] calling  md5_mod_init+0x0/0xc @ 1
[    4.115048] initcall md5_mod_init+0x0/0xc returned 0 after 1953 usecs
[    4.123053] calling  sha256_generic_mod_init+0x0/0x11 @ 1
[    4.131158] initcall sha256_generic_mod_init+0x0/0x11 returned 0 after 1953 usecs
[    4.141247] calling  crypto_cbc_module_init+0x0/0xc @ 1
[    4.149060] initcall crypto_cbc_module_init+0x0/0xc returned 0 after 0 usecs
[    4.160051] calling  crypto_ctr_module_init+0x0/0x11 @ 1
[    4.168054] initcall crypto_ctr_module_init+0x0/0x11 returned 0 after 0 usecs
[    4.177048] calling  crypto_gcm_module_init+0x0/0x64 @ 1
[    4.183121] initcall crypto_gcm_module_init+0x0/0x64 returned 0 after 0 usecs
[    4.192046] calling  crypto_ccm_module_init+0x0/0x11 @ 1
[    4.199049] initcall crypto_ccm_module_init+0x0/0x11 returned 0 after 0 usecs
[    4.207046] calling  aes_init+0x0/0xc @ 1
[    4.214045] initcall aes_init+0x0/0xc returned 0 after 1953 usecs
[    4.221050] calling  crc32c_mod_init+0x0/0xc @ 1
[    4.228238] initcall crc32c_mod_init+0x0/0xc returned 0 after 976 usecs
[    4.236047] calling  crypto_authenc_module_init+0x0/0xc @ 1
[    4.242048] initcall crypto_authenc_module_init+0x0/0xc returned 0 after 0 usecs
[    4.251050] calling  crypto_authenc_esn_module_init+0x0/0xc @ 1
[    4.258048] initcall crypto_authenc_esn_module_init+0x0/0xc returned 0 after 0 usecs
[    4.266046] calling  drbg_init+0x0/0x7c @ 1
[    4.284082] initcall drbg_init+0x0/0x7c returned 0 after 12695 usecs
[    4.292052] calling  ghash_mod_init+0x0/0xc @ 1
[    4.299279] initcall ghash_mod_init+0x0/0xc returned 0 after 1953 usecs
[    4.308221] calling  init_bio+0x0/0x9a @ 1
[    4.313368] initcall init_bio+0x0/0x9a returned 0 after 0 usecs
[    4.321071] calling  blk_settings_init+0x0/0x29 @ 1
[    4.327047] initcall blk_settings_init+0x0/0x29 returned 0 after 0 usecs
[    4.335046] calling  blk_ioc_init+0x0/0x29 @ 1
[    4.341056] initcall blk_ioc_init+0x0/0x29 returned 0 after 0 usecs
[    4.349047] calling  blk_mq_init+0x0/0xb9 @ 1
[    4.355121] initcall blk_mq_init+0x0/0xb9 returned 0 after 0 usecs
[    4.363050] calling  genhd_device_init+0x0/0x75 @ 1
[    4.370337] initcall genhd_device_init+0x0/0x75 returned 0 after 976 usecs
[    4.379104] calling  pci_slot_init+0x0/0x40 @ 1
[    4.385057] initcall pci_slot_init+0x0/0x40 returned 0 after 0 usecs
[    4.393049] calling  fbmem_init+0x0/0xd8 @ 1
[    4.398338] initcall fbmem_init+0x0/0xd8 returned 0 after 0 usecs
[    4.406045] calling  acpi_init+0x0/0x319 @ 1
[    4.412137] ACPI: Added _OSI(Module Device)
[    4.417040] ACPI: Added _OSI(Processor Device)
[    4.423045] ACPI: Added _OSI(3.0 _SCP Extensions)
[    4.429045] ACPI: Added _OSI(Processor Aggregator Device)
[    4.436047] ACPI: Added _OSI(Linux-Dell-Video)
[    4.442046] ACPI: Added _OSI(Linux-Lenovo-NV-HDMI-Audio)
[    4.449046] ACPI: Added _OSI(Linux-HPI-Hybrid-Graphics)
[    4.459689] ACPI: 1 ACPI AML tables successfully acquired and loaded
[    4.476894] ACPI: Interpreter enabled
[    4.483206] ACPI: (supports S0 S3 S4 S5)
[    4.489047] ACPI: Using IOAPIC for interrupt routing
[    4.495061] PCI: Using host bridge windows from ACPI; if necessary, use "pci=nocrs" and report a bug
[    4.506635] ACPI: Enabled 2 GPEs in block 00 to 3F
[    4.530656] ACPI: PCI Root Bridge [PCI0] (domain 0000 [bus 00-ff])
[    4.538083] acpi PNP0A08:00: _OSC: OS supports [ExtendedConfig ASPM ClockPM Segments MSI HPX-Type3]
[    4.553153] acpi PNP0A08:00: _OSC: platform does not support [LTR]
[    4.563158] acpi PNP0A08:00: _OSC: OS now controls [PME PCIeCapability]
[    4.573392] PCI host bridge to bus 0000:00
[    4.579075] pci_bus 0000:00: root bus resource [io  0x0000-0x0cf7 window]
[    4.588049] pci_bus 0000:00: root bus resource [io  0x0d00-0xffff window]
[    4.597046] pci_bus 0000:00: root bus resource [mem 0x000a0000-0x000bffff window]
[    4.606045] pci_bus 0000:00: root bus resource [mem 0x20000000-0xafffffff window]
[    4.614045] pci_bus 0000:00: root bus resource [mem 0xc0000000-0xfebfffff window]
[    4.622051] pci_bus 0000:00: root bus resource [mem 0x100000000-0x8ffffffff window]
[    4.633046] pci_bus 0000:00: root bus resource [bus 00-ff]
[    4.644624] pci 0000:00:00.0: calling  quirk_mmio_always_on+0x0/0x10 @ 1
[    4.654234] pci 0000:00:00.0: quirk_mmio_always_on+0x0/0x10 took 0 usecs
[    4.665077] pci 0000:00:00.0: [8086:29c0] type 00 class 0x060000
[    4.676878] pci 0000:00:00.0: calling  quirk_igfx_skip_te_disable+0x0/0x80 @ 1
[    4.682057] pci 0000:00:00.0: quirk_igfx_skip_te_disable+0x0/0x80 took 0 usecs
[    4.694563] pci 0000:00:01.0: [1234:1111] type 00 class 0x030000
[    4.712036] pci 0000:00:01.0: reg 0x10: [mem 0xfd000000-0xfdffffff pref]
[    4.741036] pci 0000:00:01.0: reg 0x18: [mem 0xfebf0000-0xfebf0fff]
[    4.773073] pci 0000:00:01.0: reg 0x30: [mem 0xfebe0000-0xfebeffff pref]
[    4.784042] pci 0000:00:01.0: calling  efifb_fixup_resources+0x0/0xf0 @ 1
[    4.793090] pci 0000:00:01.0: efifb_fixup_resources+0x0/0xf0 took 0 usecs
[    4.808241] pci 0000:00:1f.0: [8086:2918] type 00 class 0x060100
[    4.820411] pci 0000:00:1f.0: calling  quirk_ich7_lpc+0x0/0x60 @ 1
[    4.828163] pci 0000:00:1f.0: quirk: [io  0x0600-0x067f] claimed by ICH6 ACPI/GPIO/TCO
[    4.838045] pci 0000:00:1f.0: quirk_ich7_lpc+0x0/0x60 took 9765 usecs
[    4.846177] pci 0000:00:1f.0: calling  quirk_igfx_skip_te_disable+0x0/0x80 @ 1
[    4.855068] pci 0000:00:1f.0: quirk_igfx_skip_te_disable+0x0/0x80 took 0 usecs
[    4.868212] pci 0000:00:1f.2: [8086:2922] type 00 class 0x010601
[    4.885045] pci 0000:00:1f.2: reg 0x20: [io  0xc040-0xc05f]
[    4.893753] pci 0000:00:1f.2: reg 0x24: [mem 0xfebf1000-0xfebf1fff]
[    4.903248] pci 0000:00:1f.2: calling  quirk_igfx_skip_te_disable+0x0/0x80 @ 1
[    4.912138] pci 0000:00:1f.2: quirk_igfx_skip_te_disable+0x0/0x80 took 0 usecs
[    4.925396] pci 0000:00:1f.3: [8086:2930] type 00 class 0x0c0500
[    4.939045] pci 0000:00:1f.3: reg 0x20: [io  0x0700-0x073f]
[    4.947762] pci 0000:00:1f.3: calling  quirk_igfx_skip_te_disable+0x0/0x80 @ 1
[    4.956090] pci 0000:00:1f.3: quirk_igfx_skip_te_disable+0x0/0x80 took 0 usecs
[    4.972043] ACPI: PCI Interrupt Link [LNKA] (IRQs 5 *10 11)
[    4.979369] ACPI: PCI Interrupt Link [LNKB] (IRQs 5 *10 11)
[    4.987043] ACPI: PCI Interrupt Link [LNKC] (IRQs 5 10 *11)
[    4.993540] ACPI: PCI Interrupt Link [LNKD] (IRQs 5 10 *11)
[    5.002371] ACPI: PCI Interrupt Link [LNKE] (IRQs 5 *10 11)
[    5.010458] ACPI: PCI Interrupt Link [LNKF] (IRQs 5 *10 11)
[    5.017581] ACPI: PCI Interrupt Link [LNKG] (IRQs 5 10 *11)
[    5.025359] ACPI: PCI Interrupt Link [LNKH] (IRQs 5 10 *11)
[    5.032284] ACPI: PCI Interrupt Link [GSIA] (IRQs *16)
[    5.039080] ACPI: PCI Interrupt Link [GSIB] (IRQs *17)
[    5.045082] ACPI: PCI Interrupt Link [GSIC] (IRQs *18)
[    5.051078] ACPI: PCI Interrupt Link [GSID] (IRQs *19)
[    5.058073] ACPI: PCI Interrupt Link [GSIE] (IRQs *20)
[    5.064085] ACPI: PCI Interrupt Link [GSIF] (IRQs *21)
[    5.070080] ACPI: PCI Interrupt Link [GSIG] (IRQs *22)
[    5.077094] ACPI: PCI Interrupt Link [GSIH] (IRQs *23)
[    5.087011] initcall acpi_init+0x0/0x319 returned 0 after 659179 usecs
[    5.095139] calling  pnp_init+0x0/0xc @ 1
[    5.100233] initcall pnp_init+0x0/0xc returned 0 after 976 usecs
[    5.108047] calling  misc_init+0x0/0xbf @ 1
[    5.114055] initcall misc_init+0x0/0xbf returned 0 after 0 usecs
[    5.122047] calling  iommu_subsys_init+0x0/0x4e @ 1
[    5.128102] iommu: Default domain type: Translated 
[    5.134047] initcall iommu_subsys_init+0x0/0x4e returned 0 after 5859 usecs
[    5.143049] calling  vga_arb_device_init+0x0/0x261 @ 1
[    5.151330] pci 0000:00:01.0: vgaarb: setting as boot VGA device
[    5.152036] pci 0000:00:01.0: vgaarb: VGA device added: decodes=io+mem,owns=io+mem,locks=none
[    5.169055] pci 0000:00:01.0: vgaarb: bridge control possible
[    5.176057] vgaarb: loaded
[    5.180051] initcall vga_arb_device_init+0x0/0x261 returned 0 after 30273 usecs
[    5.189106] calling  cn_init+0x0/0xf0 @ 1
[    5.195302] initcall cn_init+0x0/0xf0 returned 0 after 0 usecs
[    5.202048] calling  dma_buf_init+0x0/0xad @ 1
[    5.210462] initcall dma_buf_init+0x0/0xad returned 0 after 1953 usecs
[    5.218105] calling  dma_resv_lockdep+0x0/0x281 @ 1
[    5.225418] initcall dma_resv_lockdep+0x0/0x281 returned 0 after 976 usecs
[    5.234047] calling  init_scsi+0x0/0x79 @ 1
[    5.240371] SCSI subsystem initialized
[    5.245048] initcall init_scsi+0x0/0x79 returned 0 after 5859 usecs
[    5.253048] calling  ata_init+0x0/0x332 @ 1
[    5.263036] libata version 3.00 loaded.
[    5.269049] initcall ata_init+0x0/0x332 returned 0 after 10742 usecs
[    5.276053] calling  phy_init+0x0/0x250 @ 1
[    5.282332] initcall phy_init+0x0/0x250 returned 0 after 976 usecs
[    5.290050] calling  init_pcmcia_cs+0x0/0x35 @ 1
[    5.297278] initcall init_pcmcia_cs+0x0/0x35 returned 0 after 0 usecs
[    5.304048] calling  usb_common_init+0x0/0x1c @ 1
[    5.309457] initcall usb_common_init+0x0/0x1c returned 0 after 0 usecs
[    5.318049] calling  usb_init+0x0/0x12e @ 1
[    5.323042] ACPI: bus type USB registered
[    5.333787] usbcore: registered new interface driver usbfs
[    5.338116] usbcore: registered new interface driver hub
[    5.343092] usbcore: registered new device driver usb
[    5.347052] initcall usb_init+0x0/0x12e returned 0 after 23437 usecs
[    5.355200] calling  serio_init+0x0/0x29 @ 1
[    5.361641] initcall serio_init+0x0/0x29 returned 0 after 0 usecs
[    5.370050] calling  input_init+0x0/0xf6 @ 1
[    5.374685] initcall input_init+0x0/0xf6 returned 0 after 1953 usecs
[    5.383054] calling  rtc_init+0x0/0x4d @ 1
[    5.386086] initcall rtc_init+0x0/0x4d returned 0 after 0 usecs
[    5.391054] calling  pps_init+0x0/0xa9 @ 1
[    5.394078] pps_core: LinuxPPS API ver. 1 registered
[    5.398046] pps_core: Software ver. 5.3.6 - Copyright 2005-2007 Rodolfo Giometti <giometti@linux.it>
[    5.408053] initcall pps_init+0x0/0xa9 returned 0 after 13671 usecs
[    5.412051] calling  ptp_init+0x0/0x98 @ 1
[    5.414406] PTP clock support registered
[    5.420048] initcall ptp_init+0x0/0x98 returned 0 after 5859 usecs
[    5.425050] calling  power_supply_class_init+0x0/0x3f @ 1
[    5.431746] initcall power_supply_class_init+0x0/0x3f returned 0 after 0 usecs
[    5.440049] calling  hwmon_init+0x0/0x104 @ 1
[    5.442076] initcall hwmon_init+0x0/0x104 returned 0 after 0 usecs
[    5.447049] calling  md_init+0x0/0x16b @ 1
[    5.458051] initcall md_init+0x0/0x16b returned 0 after 8789 usecs
[    5.464287] calling  leds_init+0x0/0x3b @ 1
[    5.469077] initcall leds_init+0x0/0x3b returned 0 after 0 usecs
[    5.476048] calling  dmi_init+0x0/0x113 @ 1
[    5.481225] initcall dmi_init+0x0/0x113 returned 0 after 2929 usecs
[    5.486050] calling  efisubsys_init+0x0/0x4e7 @ 1
[    5.490336] initcall efisubsys_init+0x0/0x4e7 returned 0 after 0 usecs
[    5.494050] calling  nvmem_init+0x0/0xc @ 1
[    5.498536] initcall nvmem_init+0x0/0xc returned 0 after 0 usecs
[    5.503049] calling  init_soundcore+0x0/0x33 @ 1
[    5.508733] initcall init_soundcore+0x0/0x33 returned 0 after 976 usecs
[    5.517050] calling  alsa_sound_init+0x0/0x8f @ 1
[    5.524045] Advanced Linux Sound Architecture Driver Initialized.
[    5.530052] initcall alsa_sound_init+0x0/0x8f returned 0 after 8789 usecs
[    5.534049] calling  alsa_seq_device_init+0x0/0x71 @ 1
[    5.538428] initcall alsa_seq_device_init+0x0/0x71 returned 0 after 0 usecs
[    5.544058] calling  hda_bus_init+0x0/0xc @ 1
[    5.550077] initcall hda_bus_init+0x0/0xc returned 0 after 976 usecs
[    5.557047] calling  proto_init+0x0/0xc @ 1
[    5.562058] initcall proto_init+0x0/0xc returned 0 after 0 usecs
[    5.567048] calling  net_dev_init+0x0/0x27f @ 1
[    5.586047] initcall net_dev_init+0x0/0x27f returned 0 after 15625 usecs
[    5.590048] calling  neigh_init+0x0/0x84 @ 1
[    5.592047] initcall neigh_init+0x0/0x84 returned 0 after 0 usecs
[    5.598050] calling  fib_notifier_init+0x0/0xc @ 1
[    5.600244] initcall fib_notifier_init+0x0/0xc returned 0 after 0 usecs
[    5.606047] calling  fib_rules_init+0x0/0xab @ 1
[    5.608047] initcall fib_rules_init+0x0/0xab returned 0 after 0 usecs
[    5.613047] calling  pktsched_init+0x0/0x10e @ 1
[    5.618060] initcall pktsched_init+0x0/0x10e returned 0 after 2929 usecs
[    5.623050] calling  tc_filter_init+0x0/0xfa @ 1
[    5.626050] initcall tc_filter_init+0x0/0xfa returned 0 after 0 usecs
[    5.630049] calling  tc_action_init+0x0/0x54 @ 1
[    5.635064] initcall tc_action_init+0x0/0x54 returned 0 after 0 usecs
[    5.642045] calling  ethnl_init+0x0/0x52 @ 1
[    5.648092] initcall ethnl_init+0x0/0x52 returned 0 after 1953 usecs
[    5.654340] calling  nexthop_init+0x0/0xd8 @ 1
[    5.659400] initcall nexthop_init+0x0/0xd8 returned 0 after 976 usecs
[    5.668049] calling  cipso_v4_init+0x0/0x8d @ 1
[    5.672048] initcall cipso_v4_init+0x0/0x8d returned 0 after 0 usecs
[    5.681048] calling  ieee80211_init+0x0/0x24 @ 1
[    5.688047] initcall ieee80211_init+0x0/0x24 returned 0 after 976 usecs
[    5.697047] calling  netlbl_init+0x0/0x78 @ 1
[    5.702190] NetLabel: Initializing
[    5.707049] NetLabel:  domain hash size = 128
[    5.712045] NetLabel:  protocols = UNLABELED CIPSOv4 CALIPSO
[    5.719408] NetLabel:  unlabeled traffic allowed by default
[    5.726049] initcall netlbl_init+0x0/0x78 returned 0 after 23437 usecs
[    5.734049] calling  rfkill_init+0x0/0x136 @ 1
[    5.741312] initcall rfkill_init+0x0/0x136 returned 0 after 976 usecs
[    5.749048] calling  pci_subsys_init+0x0/0x66 @ 1
[    5.755088] PCI: Using ACPI for IRQ routing
[    6.522044] PCI: pci_cache_line_size set to 64 bytes
[    6.531281] e820: reserve RAM buffer [mem 0x0009fc00-0x0009ffff]
[    6.543423] e820: reserve RAM buffer [mem 0x1ffdf000-0x1fffffff]
[    6.553036] initcall pci_subsys_init+0x0/0x66 returned 0 after 778320 usecs
[    6.569357] calling  nmi_warning_debugfs+0x0/0x26 @ 1
[    6.576658] initcall nmi_warning_debugfs+0x0/0x26 returned 0 after 976 usecs
[    6.585064] calling  save_microcode_in_initrd+0x0/0x51 @ 1
[    6.592238] initcall save_microcode_in_initrd+0x0/0x51 returned 0 after 0 usecs
[    6.601049] calling  hpet_late_init+0x0/0x207 @ 1
[    6.607502] hpet: 3 channels of 0 reserved for per-cpu timers
[    6.615292] hpet0: at MMIO 0xfed00000, IRQs 2, 8, 0
[    6.621043] hpet0: 3 comparators, 64-bit 100.000000 MHz counter
[    6.633047] initcall hpet_late_init+0x0/0x207 returned 0 after 25390 usecs
[    6.642049] calling  init_amd_nbs+0x0/0x11c @ 1
[    6.647288] initcall init_amd_nbs+0x0/0x11c returned 0 after 976 usecs
[    6.656071] calling  clocksource_done_booting+0x0/0x43 @ 1
[    6.667158] clocksource: Switched to clocksource kvm-clock
[    6.675181] initcall clocksource_done_booting+0x0/0x43 returned 0 after 11854 usecs
[    6.685019] calling  tracer_init_tracefs+0x0/0x248 @ 1
[    6.954944] initcall tracer_init_tracefs+0x0/0x248 returned 0 after 256457 usecs
[    6.964104] calling  init_trace_printk_function_export+0x0/0x2c @ 1
[    6.971895] initcall init_trace_printk_function_export+0x0/0x2c returned 0 after 20 usecs
[    6.981944] calling  init_kprobe_trace+0x0/0x1ab @ 1
[    6.988401] initcall init_kprobe_trace+0x0/0x1ab returned 0 after 29 usecs
[    6.996912] calling  init_dynamic_event+0x0/0x3d @ 1
[    7.003130] initcall init_dynamic_event+0x0/0x3d returned 0 after 18 usecs
[    7.011635] calling  init_uprobe_trace+0x0/0x5c @ 1
[    7.022888] initcall init_uprobe_trace+0x0/0x5c returned 0 after 89 usecs
[    7.031118] calling  init_pipe_fs+0x0/0x44 @ 1
[    7.039081] initcall init_pipe_fs+0x0/0x44 returned 0 after 2364 usecs
[    7.047230] calling  inotify_user_setup+0x0/0x47 @ 1
[    7.055353] initcall inotify_user_setup+0x0/0x47 returned 0 after 1797 usecs
[    7.064267] calling  eventpoll_init+0x0/0xeb @ 1
[    7.070795] initcall eventpoll_init+0x0/0xeb returned 0 after 314 usecs
[    7.079809] calling  anon_inode_init+0x0/0x58 @ 1
[    7.086906] initcall anon_inode_init+0x0/0x58 returned 0 after 303 usecs
[    7.094863] calling  proc_locks_init+0x0/0x27 @ 1
[    7.100603] initcall proc_locks_init+0x0/0x27 returned 0 after 111 usecs
[    7.108547] calling  iomap_init+0x0/0x1b @ 1
[    7.114465] initcall iomap_init+0x0/0x1b returned 0 after 476 usecs
[    7.121987] calling  dquot_init+0x0/0x106 @ 1
[    7.127301] VFS: Disk quotas dquot_6.6.0
[    7.132323] VFS: Dquot-cache hash table entries: 512 (order 0, 4096 bytes)
[    7.140624] initcall dquot_init+0x0/0x106 returned 0 after 13031 usecs
[    7.148591] calling  quota_init+0x0/0x23 @ 1
[    7.154026] initcall quota_init+0x0/0x23 returned 0 after 227 usecs
[    7.161473] calling  proc_cmdline_init+0x0/0x21 @ 1
[    7.167392] initcall proc_cmdline_init+0x0/0x21 returned 0 after 28 usecs
[    7.175492] calling  proc_consoles_init+0x0/0x24 @ 1
[    7.182027] initcall proc_consoles_init+0x0/0x24 returned 0 after 9 usecs
[    7.190433] calling  proc_cpuinfo_init+0x0/0x1e @ 1
[    7.196328] initcall proc_cpuinfo_init+0x0/0x1e returned 0 after 9 usecs
[    7.204289] calling  proc_devices_init+0x0/0x24 @ 1
[    7.210195] initcall proc_devices_init+0x0/0x24 returned 0 after 7 usecs
[    7.218719] calling  proc_interrupts_init+0x0/0x24 @ 1
[    7.224929] initcall proc_interrupts_init+0x0/0x24 returned 0 after 7 usecs
[    7.233394] calling  proc_loadavg_init+0x0/0x21 @ 1
[    7.239564] initcall proc_loadavg_init+0x0/0x21 returned 0 after 7 usecs
[    7.248113] calling  proc_meminfo_init+0x0/0x21 @ 1
[    7.254793] initcall proc_meminfo_init+0x0/0x21 returned 0 after 7 usecs
[    7.263892] calling  proc_stat_init+0x0/0x1e @ 1
[    7.269716] initcall proc_stat_init+0x0/0x1e returned 0 after 13 usecs
[    7.277936] calling  proc_uptime_init+0x0/0x21 @ 1
[    7.284004] initcall proc_uptime_init+0x0/0x21 returned 0 after 10 usecs
[    7.292403] calling  proc_version_init+0x0/0x21 @ 1
[    7.298605] initcall proc_version_init+0x0/0x21 returned 0 after 7 usecs
[    7.306794] calling  proc_softirqs_init+0x0/0x21 @ 1
[    7.313195] initcall proc_softirqs_init+0x0/0x21 returned 0 after 7 usecs
[    7.321686] calling  proc_kcore_init+0x0/0xea @ 1
[    7.327496] initcall proc_kcore_init+0x0/0xea returned 0 after 159 usecs
[    7.335623] calling  vmcore_init+0x0/0x57b @ 1
[    7.341323] initcall vmcore_init+0x0/0x57b returned 0 after 40 usecs
[    7.349299] calling  proc_kmsg_init+0x0/0x21 @ 1
[    7.355252] initcall proc_kmsg_init+0x0/0x21 returned 0 after 8 usecs
[    7.363193] calling  proc_page_init+0x0/0x3b @ 1
[    7.368987] initcall proc_page_init+0x0/0x3b returned 0 after 29 usecs
[    7.377100] calling  init_ramfs_fs+0x0/0xc @ 1
[    7.382614] initcall init_ramfs_fs+0x0/0xc returned 0 after 22 usecs
[    7.390615] calling  init_hugetlbfs_fs+0x0/0xf6 @ 1
[    7.398234] initcall init_hugetlbfs_fs+0x0/0xf6 returned 0 after 609 usecs
[    7.408455] calling  blk_scsi_ioctl_init+0x0/0x2a5 @ 1
[    7.416151] initcall blk_scsi_ioctl_init+0x0/0x2a5 returned 0 after 37 usecs
[    7.426283] calling  acpi_event_init+0x0/0x2c @ 1
[    7.432040] initcall acpi_event_init+0x0/0x2c returned 0 after 93 usecs
[    7.439882] calling  pnp_system_init+0x0/0xc @ 1
[    7.446448] initcall pnp_system_init+0x0/0xc returned 0 after 926 usecs
[    7.454409] calling  pnpacpi_init+0x0/0x69 @ 1
[    7.459980] pnp: PnP ACPI init
[    7.466351] pnp 00:00: Plug and Play ACPI device, IDs PNP0303 (active)
[    7.474810] pnp 00:01: Plug and Play ACPI device, IDs PNP0f13 (active)
[    7.482896] pnp 00:02: Plug and Play ACPI device, IDs PNP0400 (active)
[    7.490980] pnp 00:03: Plug and Play ACPI device, IDs PNP0501 (active)
[    7.499283] pnp 00:04: Plug and Play ACPI device, IDs PNP0b00 (active)
[    7.507653] system 00:05: [mem 0xb0000000-0xbfffffff window] has been reserved
[    7.516586] system 00:05: Plug and Play ACPI device, IDs PNP0c01 (active)
[    7.527700] pnp: PnP ACPI: found 6 devices
[    7.533811] initcall pnpacpi_init+0x0/0x69 returned 0 after 72078 usecs
[    7.541831] calling  chr_dev_init+0x0/0x14d @ 1
[    7.648930] initcall chr_dev_init+0x0/0x14d returned 0 after 99221 usecs
[    7.656756] calling  firmware_class_init+0x0/0x14a @ 1
[    7.662666] initcall firmware_class_init+0x0/0x14a returned 0 after 96 usecs
[    7.670621] calling  init_pcmcia_bus+0x0/0x5b @ 1
[    7.676184] initcall init_pcmcia_bus+0x0/0x5b returned 0 after 320 usecs
[    7.683737] calling  init_acpi_pm_clocksource+0x0/0xda @ 1
[    7.695256] clocksource: acpi_pm: mask: 0xffffff max_cycles: 0xffffff, max_idle_ns: 2085701024 ns
[    7.705292] initcall init_acpi_pm_clocksource+0x0/0xda returned 0 after 15115 usecs
[    7.713888] calling  sysctl_core_init+0x0/0x26 @ 1
[    7.719391] initcall sysctl_core_init+0x0/0x26 returned 0 after 162 usecs
[    7.726975] calling  eth_offload_init+0x0/0x13 @ 1
[    7.732447] initcall eth_offload_init+0x0/0x13 returned 0 after 153 usecs
[    7.740038] calling  ipv4_offload_init+0x0/0x73 @ 1
[    7.745539] initcall ipv4_offload_init+0x0/0x73 returned 0 after 98 usecs
[    7.753149] calling  inet_init+0x0/0x276 @ 1
[    7.758095] NET: Registered protocol family 2
[    7.764140] IP idents hash table entries: 8192 (order: 4, 65536 bytes, linear)
[    7.776296] tcp_listen_portaddr_hash hash table entries: 256 (order: 2, 20480 bytes, linear)
[    7.785692] TCP established hash table entries: 4096 (order: 3, 32768 bytes, linear)
[    7.794466] TCP bind hash table entries: 4096 (order: 6, 294912 bytes, linear)
[    7.817263] TCP: Hash tables configured (established 4096 bind 4096)
[    7.825561] UDP hash table entries: 256 (order: 3, 40960 bytes, linear)
[    7.833283] UDP-Lite hash table entries: 256 (order: 3, 40960 bytes, linear)
[    7.842221] initcall inet_init+0x0/0x276 returned 0 after 82312 usecs
[    7.849412] calling  af_unix_init+0x0/0x4d @ 1
[    7.854306] NET: Registered protocol family 1
[    7.859480] initcall af_unix_init+0x0/0x4d returned 0 after 5060 usecs
[    7.866605] calling  ipv6_offload_init+0x0/0x7e @ 1
[    7.872212] initcall ipv6_offload_init+0x0/0x7e returned 0 after 151 usecs
[    7.879642] calling  init_sunrpc+0x0/0x65 @ 1
[    7.892821] RPC: Registered named UNIX socket transport module.
[    7.899833] RPC: Registered udp transport module.
[    7.905380] RPC: Registered tcp transport module.
[    7.910843] RPC: Registered tcp NFSv4.1 backchannel transport module.
[    7.918309] initcall init_sunrpc+0x0/0x65 returned 0 after 32842 usecs
[    7.925672] calling  cfg80211_init+0x0/0xc5 @ 1
[    7.943510] initcall cfg80211_init+0x0/0xc5 returned 0 after 12005 usecs
[    7.951159] calling  pcibios_assign_resources+0x0/0xbf @ 1
[    7.957780] pci_bus 0000:00: resource 4 [io  0x0000-0x0cf7 window]
[    7.965110] pci_bus 0000:00: resource 5 [io  0x0d00-0xffff window]
[    7.972347] pci_bus 0000:00: resource 6 [mem 0x000a0000-0x000bffff window]
[    7.980324] pci_bus 0000:00: resource 7 [mem 0x20000000-0xafffffff window]
[    7.988300] pci_bus 0000:00: resource 8 [mem 0xc0000000-0xfebfffff window]
[    7.996377] pci_bus 0000:00: resource 9 [mem 0x100000000-0x8ffffffff window]
[    8.005817] initcall pcibios_assign_resources+0x0/0xbf returned 0 after 47112 usecs
[    8.015332] calling  pci_apply_final_quirks+0x0/0x124 @ 1
[    8.022576] pci 0000:00:01.0: calling  pci_fixup_video+0x0/0xe0 @ 1
[    8.030744] pci 0000:00:01.0: Video device with shadowed ROM at [mem 0x000c0000-0x000dffff]
[    8.040749] pci 0000:00:01.0: pci_fixup_video+0x0/0xe0 took 10075 usecs
[    8.049260] PCI: CLS 0 bytes, default 64
[    8.054054] initcall pci_apply_final_quirks+0x0/0x124 returned 0 after 31253 usecs
[    8.063214] calling  acpi_reserve_resources+0x0/0xea @ 1
[    8.069679] initcall acpi_reserve_resources+0x0/0xea returned 0 after 38 usecs
[    8.078489] calling  populate_rootfs+0x0/0x102 @ 1
[    8.087630] initcall populate_rootfs+0x0/0x102 returned 0 after 3295 usecs
[    8.095807] calling  pci_iommu_init+0x0/0x3e @ 1
[    8.101469] initcall pci_iommu_init+0x0/0x3e returned 0 after 68 usecs
[    8.109288] calling  ia32_binfmt_init+0x0/0x13 @ 1
[    8.115219] initcall ia32_binfmt_init+0x0/0x13 returned 0 after 10 usecs
[    8.123331] calling  rapl_pmu_init+0x0/0x267 @ 1
[    8.129043] initcall rapl_pmu_init+0x0/0x267 returned -19 after 75 usecs
[    8.136999] calling  amd_uncore_init+0x0/0x310 @ 1
[    8.142598] initcall amd_uncore_init+0x0/0x310 returned -19 after 0 usecs
[    8.150730] calling  amd_ibs_init+0x0/0x25f @ 1
[    8.156266] initcall amd_ibs_init+0x0/0x25f returned -19 after 0 usecs
[    8.164216] calling  amd_iommu_pc_init+0x0/0x22c @ 1
[    8.170426] initcall amd_iommu_pc_init+0x0/0x22c returned -19 after 99 usecs
[    8.179251] calling  msr_init+0x0/0x55 @ 1
[    8.186462] initcall msr_init+0x0/0x55 returned 0 after 469 usecs
[    8.195643] calling  intel_uncore_init+0x0/0x36f @ 1
[    8.203272] initcall intel_uncore_init+0x0/0x36f returned -19 after 45 usecs
[    8.212344] calling  cstate_pmu_init+0x0/0x1a1 @ 1
[    8.218381] initcall cstate_pmu_init+0x0/0x1a1 returned -19 after 1 usecs
[    8.226502] calling  register_kernel_offset_dumper+0x0/0x1a @ 1
[    8.233728] initcall register_kernel_offset_dumper+0x0/0x1a returned 0 after 2 usecs
[    8.243229] calling  i8259A_init_ops+0x0/0x20 @ 1
[    8.248963] initcall i8259A_init_ops+0x0/0x20 returned 0 after 2 usecs
[    8.256754] calling  init_tsc_clocksource+0x0/0xa4 @ 1
[    8.262899] clocksource: tsc: mask: 0xffffffffffffffff max_cycles: 0x39a85afc727, max_idle_ns: 881590685098 ns
[    8.274713] initcall init_tsc_clocksource+0x0/0xa4 returned 0 after 11536 usecs
[    8.283459] calling  add_rtc_cmos+0x0/0xb0 @ 1
[    8.288949] initcall add_rtc_cmos+0x0/0xb0 returned 0 after 18 usecs
[    8.296612] calling  i8237A_init_ops+0x0/0x3a @ 1
[    8.302468] initcall i8237A_init_ops+0x0/0x3a returned 0 after 116 usecs
[    8.312017] calling  umwait_init+0x0/0x94 @ 1
[    8.317554] initcall umwait_init+0x0/0x94 returned -19 after 34 usecs
[    8.325323] calling  thermal_throttle_init_device+0x0/0x3d @ 1
[    8.333841] initcall thermal_throttle_init_device+0x0/0x3d returned 0 after 28 usecs
[    8.342996] calling  msr_init+0x0/0xd7 @ 1
[    8.367381] initcall msr_init+0x0/0xd7 returned 0 after 18768 usecs
[    8.375179] calling  cpuid_init+0x0/0xd7 @ 1
[    8.392829] initcall cpuid_init+0x0/0xd7 returned 0 after 12260 usecs
[    8.400418] calling  ioapic_init_ops+0x0/0x13 @ 1
[    8.405888] initcall ioapic_init_ops+0x0/0x13 returned 0 after 19 usecs
[    8.413455] calling  add_pcspkr+0x0/0x6c @ 1
[    8.418815] initcall add_pcspkr+0x0/0x6c returned 0 after 100 usecs
[    8.426428] calling  start_periodic_check_for_corruption+0x0/0x30 @ 1
[    8.433990] check: Scanning for low memory corruption every 60 seconds
[    8.441590] initcall start_periodic_check_for_corruption+0x0/0x30 returned 0 after 7432 usecs
[    8.451635] calling  sysfb_init+0x0/0x9c @ 1
[    8.456759] initcall sysfb_init+0x0/0x9c returned 0 after 114 usecs
[    8.464209] calling  audit_classes_init+0x0/0xae @ 1
[    8.471812] initcall audit_classes_init+0x0/0xae returned 0 after 171 usecs
[    8.480040] calling  iosf_mbi_init+0x0/0x24 @ 1
[    8.487666] initcall iosf_mbi_init+0x0/0x24 returned 0 after 2068 usecs
[    8.495454] calling  proc_execdomains_init+0x0/0x21 @ 1
[    8.501741] initcall proc_execdomains_init+0x0/0x21 returned 0 after 10 usecs
[    8.510106] calling  register_warn_debugfs+0x0/0x23 @ 1
[    8.516337] initcall register_warn_debugfs+0x0/0x23 returned 0 after 24 usecs
[    8.524714] calling  cpuhp_sysfs_init+0x0/0x79 @ 1
[    8.530670] initcall cpuhp_sysfs_init+0x0/0x79 returned 0 after 333 usecs
[    8.538784] calling  ioresources_init+0x0/0x49 @ 1
[    8.544645] initcall ioresources_init+0x0/0x49 returned 0 after 11 usecs
[    8.552653] calling  lockdep_proc_init+0x0/0x64 @ 1
[    8.558502] initcall lockdep_proc_init+0x0/0x64 returned 0 after 36 usecs
[    8.566681] calling  snapshot_device_init+0x0/0xc @ 1
[    8.574214] initcall snapshot_device_init+0x0/0xc returned 0 after 1465 usecs
[    8.583934] calling  irq_pm_init_ops+0x0/0x13 @ 1
[    8.590200] initcall irq_pm_init_ops+0x0/0x13 returned 0 after 19 usecs
[    8.598318] calling  rcu_torture_init+0x0/0x9be @ 1
[    8.604604] rcu-torture:--- Start of test: nreaders=7 nfakewriters=4 stat_interval=15 verbose=1 test_no_idle_hz=1 shuffle_interval=3 stutter=5 irqreader=1 fqs_duration=0 fqs_holdoff=0 fqs_stutter=3 test_boost=1/0 test_boost_interval=7 test_boost_duration=4 shutdown_secs=1800 stall_cpu=0 stall_cpu_holdoff=10 stall_cpu_irqsoff=0 stall_cpu_block=0 n_barrier_cbs=4 onoff_interval=1000 onoff_holdoff=30 read_exit_delay=13 read_exit_burst=16
[    8.656390] rcu:  Start-test grace-period state: g-1080 f0x0
[    8.663238] rcu-torture: Creating rcu_torture_writer task
[    8.672007] rcu-torture: Creating rcu_torture_fakewriter task
[    8.672483] rcu-torture: rcu_torture_writer task started
[    8.681226] rcu-torture: Creating rcu_torture_fakewriter task
[    8.681408] rcu-torture: rcu_torture_fakewriter task started
[    8.685927] rcu-torture: GP expediting controlled from boot/sysfs for rcu.
[    8.685929] rcu_torture_writer: Testing conditional GPs.
[    8.685931] rcu_torture_writer: Testing expedited GPs.
[    8.685932] rcu_torture_writer: Testing asynchronous GPs.
[    8.685933] rcu_torture_writer: Testing normal GPs.
[    8.735527] rcu-torture: Creating rcu_torture_fakewriter task
[    8.735785] rcu-torture: rcu_torture_fakewriter task started
[    8.744183] rcu-torture: Creating rcu_torture_fakewriter task
[    8.744586] rcu-torture: rcu_torture_fakewriter task started
[    8.765412] rcu-torture: Creating rcu_torture_reader task
[    8.765578] rcu-torture: rcu_torture_fakewriter task started
[    8.773775] rcu-torture: Creating rcu_torture_reader task
[    8.774032] rcu-torture: rcu_torture_reader task started
[    8.795251] rcu-torture: Creating rcu_torture_reader task
[    8.795408] rcu-torture: rcu_torture_reader task started
[    8.803860] rcu-torture: Creating rcu_torture_reader task
[    8.804245] rcu-torture: rcu_torture_reader task started
[    8.823858] rcu-torture: Creating rcu_torture_reader task
[    8.824233] rcu-torture: rcu_torture_reader task started
[    8.832363] rcu-torture: Creating rcu_torture_reader task
[    8.832375] rcu-torture: rcu_torture_reader task started
[    8.850732] rcu-torture: Creating rcu_torture_reader task
[    8.853734] rcu-torture: rcu_torture_reader task started
[    8.857874] rcu-torture: Creating rcu_torture_stats task
[    8.859248] rcu-torture: rcu_torture_reader task started
[    8.879601] rcu-torture: Creating torture_shuffle task
[    8.879895] rcu-torture: rcu_torture_stats task started
[    8.898804] rcu-torture: Creating torture_stutter task
[    8.905216] rcu-torture: torture_shuffle task started
[    8.912386] rcu-torture: Creating torture_shutdown task
[    8.914238] rcu-torture: torture_stutter task started
[    8.920208] rcu-torture: Creating torture_onoff task
[    8.921250] rcu-torture: torture_shutdown task started
[    8.921254] rcu-torture:torture_shutdown task: 1799991 ms remaining
[    8.948500] rcu-torture: Creating rcu_torture_fwd_prog task
[    8.948517] rcu-torture: torture_onoff task started
[    8.961453] rcu-torture: Creating rcu_torture_barrier_cbs task
[    8.961488] rcu-torture: rcu_torture_fwd_progress task started
[    8.963028] rcu-torture: torture_onoff begin holdoff
[    8.971998] rcu-torture: Creating rcu_torture_barrier_cbs task
[    8.972029] rcu-torture: rcu_torture_barrier_cbs task started
[    9.000194] rcu-torture: Creating rcu_torture_barrier_cbs task
[    9.000202] rcu-torture: rcu_torture_barrier_cbs task started
[    9.009843] rcu-torture: Creating rcu_torture_barrier_cbs task
[    9.009857] rcu-torture: rcu_torture_barrier_cbs task started
[    9.052705] rcu-torture: Creating rcu_torture_barrier task
[    9.052708] rcu-torture: rcu_torture_barrier_cbs task started
[    9.070546] rcu-torture: Creating rcu_torture_read_exit task
[    9.070888] rcu-torture: rcu_torture_barrier task starting
[    9.079695] rcu-torture: rcu_torture_read_exit: Start of test
[    9.080310] initcall rcu_torture_init+0x0/0x9be returned 0 after 464363 usecs
[    9.080520] calling  timekeeping_init_ops+0x0/0x13 @ 1
[    9.080561] initcall timekeeping_init_ops+0x0/0x13 returned 0 after 38 usecs
[    9.080564] calling  init_clocksource_sysfs+0x0/0x23 @ 1
[    9.085991] initcall init_clocksource_sysfs+0x0/0x23 returned 0 after 5292 usecs
[    9.131144] calling  init_timer_list_procfs+0x0/0x31 @ 1
[    9.137795] initcall init_timer_list_procfs+0x0/0x31 returned 0 after 294 usecs
[    9.146461] calling  alarmtimer_init+0x0/0xf5 @ 1
[    9.152940] initcall alarmtimer_init+0x0/0xf5 returned 0 after 727 usecs
[    9.162452] calling  init_posix_timers+0x0/0x29 @ 1
[    9.168898] initcall init_posix_timers+0x0/0x29 returned 0 after 492 usecs
[    9.177341] calling  clockevents_init_sysfs+0x0/0xbf @ 1
[    9.184441] initcall clockevents_init_sysfs+0x0/0xbf returned 0 after 672 usecs
[    9.193656] calling  proc_dma_init+0x0/0x21 @ 1
[    9.199592] initcall proc_dma_init+0x0/0x21 returned 0 after 64 usecs
[    9.207449] calling  proc_modules_init+0x0/0x1e @ 1
[    9.213320] initcall proc_modules_init+0x0/0x1e returned 0 after 7 usecs
[    9.221445] calling  kallsyms_init+0x0/0x21 @ 1
[    9.227170] initcall kallsyms_init+0x0/0x21 returned 0 after 7 usecs
[    9.236366] calling  pid_namespaces_init+0x0/0x2c @ 1
[    9.244256] initcall pid_namespaces_init+0x0/0x2c returned 0 after 50 usecs
[    9.254671] calling  audit_watch_init+0x0/0x37 @ 1
[    9.261610] initcall audit_watch_init+0x0/0x37 returned 0 after 38 usecs
[    9.269619] calling  audit_fsnotify_init+0x0/0x37 @ 1
[    9.275694] initcall audit_fsnotify_init+0x0/0x37 returned 0 after 3 usecs
[    9.283913] calling  audit_tree_init+0x0/0x6d @ 1
[    9.289622] initcall audit_tree_init+0x0/0x6d returned 0 after 14 usecs
[    9.297634] calling  seccomp_sysctl_init+0x0/0x2b @ 1
[    9.304007] initcall seccomp_sysctl_init+0x0/0x2b returned 0 after 181 usecs
[    9.312556] calling  utsname_sysctl_init+0x0/0x13 @ 1
[    9.318798] initcall utsname_sysctl_init+0x0/0x13 returned 0 after 78 usecs
[    9.327267] calling  init_tracepoints+0x0/0x27 @ 1
[    9.333469] initcall init_tracepoints+0x0/0x27 returned 0 after 91 usecs
[    9.341616] calling  init_blk_tracer+0x0/0x50 @ 1
[    9.348916] initcall init_blk_tracer+0x0/0x50 returned 0 after 1398 usecs
[    9.357346] calling  perf_event_sysfs_init+0x0/0x83 @ 1
[    9.365992] initcall perf_event_sysfs_init+0x0/0x83 returned 0 after 2290 usecs
[    9.375764] calling  system_trusted_keyring_init+0x0/0x60 @ 1
[    9.382707] Initialise system trusted keyrings
[    9.388524] initcall system_trusted_keyring_init+0x0/0x60 returned 0 after 5676 usecs
[    9.398038] calling  kswapd_init+0x0/0x5c @ 1
[    9.404529] initcall kswapd_init+0x0/0x5c returned 0 after 1011 usecs
[    9.412481] calling  extfrag_debug_init+0x0/0x54 @ 1
[    9.419453] initcall extfrag_debug_init+0x0/0x54 returned 0 after 773 usecs
[    9.428151] calling  mm_compute_batch_init+0x0/0x12 @ 1
[    9.434631] initcall mm_compute_batch_init+0x0/0x12 returned 0 after 31 usecs
[    9.445224] calling  slab_proc_init+0x0/0x21 @ 1
[    9.451153] initcall slab_proc_init+0x0/0x21 returned 0 after 130 usecs
[    9.459338] calling  workingset_init+0x0/0x8c @ 1
[    9.469285] workingset: timestamp_bits=56 max_order=17 bucket_order=0
[    9.478096] initcall workingset_init+0x0/0x8c returned 0 after 8598 usecs
[    9.486646] calling  proc_vmalloc_init+0x0/0x32 @ 1
[    9.492761] initcall proc_vmalloc_init+0x0/0x32 returned 0 after 32 usecs
[    9.501658] calling  procswaps_init+0x0/0x1e @ 1
[    9.507565] initcall procswaps_init+0x0/0x1e returned 0 after 103 usecs
[    9.516104] calling  slab_sysfs_init+0x0/0xec @ 1
[    9.531784] initcall slab_sysfs_init+0x0/0xec returned 0 after 9541 usecs
[    9.540026] calling  fcntl_init+0x0/0x29 @ 1
[    9.545617] initcall fcntl_init+0x0/0x29 returned 0 after 219 usecs
[    9.553580] calling  proc_filesystems_init+0x0/0x21 @ 1
[    9.560219] initcall proc_filesystems_init+0x0/0x21 returned 0 after 10 usecs
[    9.569113] calling  start_dirtytime_writeback+0x0/0x29 @ 1
[    9.575933] initcall start_dirtytime_writeback+0x0/0x29 returned 0 after 31 usecs
[    9.584793] calling  blkdev_init+0x0/0x1b @ 1
[    9.590873] initcall blkdev_init+0x0/0x1b returned 0 after 617 usecs
[    9.598904] calling  dio_init+0x0/0x2c @ 1
[    9.604411] initcall dio_init+0x0/0x2c returned 0 after 374 usecs
[    9.611850] calling  dnotify_init+0x0/0x78 @ 1
[    9.617580] initcall dnotify_init+0x0/0x78 returned 0 after 176 usecs
[    9.625722] calling  aio_setup+0x0/0x78 @ 1
[    9.632590] initcall aio_setup+0x0/0x78 returned 0 after 1507 usecs
[    9.640297] calling  io_uring_init+0x0/0x2c @ 1
[    9.645856] initcall io_uring_init+0x0/0x2c returned 0 after 15 usecs
[    9.653687] calling  mbcache_init+0x0/0x30 @ 1
[    9.659455] initcall mbcache_init+0x0/0x30 returned 0 after 190 usecs
[    9.667511] calling  init_grace+0x0/0xc @ 1
[    9.674291] initcall init_grace+0x0/0xc returned 0 after 158 usecs
[    9.683588] calling  init_v2_quota_format+0x0/0x21 @ 1
[    9.691672] initcall init_v2_quota_format+0x0/0x21 returned 0 after 252 usecs
[    9.701846] calling  init_devpts_fs+0x0/0x27 @ 1
[    9.708849] initcall init_devpts_fs+0x0/0x27 returned 0 after 132 usecs
[    9.717008] calling  ext4_init_fs+0x0/0x1c2 @ 1
[    9.723761] initcall ext4_init_fs+0x0/0x1c2 returned 0 after 1090 usecs
[    9.731848] calling  journal_init+0x0/0x11c @ 1
[    9.737744] initcall journal_init+0x0/0x11c returned 0 after 337 usecs
[    9.746229] calling  init_fat_fs+0x0/0x49 @ 1
[    9.751768] initcall init_fat_fs+0x0/0x49 returned 0 after 156 usecs
[    9.759489] calling  init_vfat_fs+0x0/0xc @ 1
[    9.764905] initcall init_vfat_fs+0x0/0xc returned 0 after 6 usecs
[    9.772804] calling  init_msdos_fs+0x0/0xc @ 1
[    9.778323] initcall init_msdos_fs+0x0/0xc returned 0 after 6 usecs
[    9.785958] calling  init_iso9660_fs+0x0/0x6c @ 1
[    9.792004] initcall init_iso9660_fs+0x0/0x6c returned 0 after 206 usecs
[    9.800645] calling  init_nfs_fs+0x0/0x13a @ 1
[    9.811017] initcall init_nfs_fs+0x0/0x13a returned 0 after 4283 usecs
[    9.819176] calling  init_nfs_v2+0x0/0x13 @ 1
[    9.824794] initcall init_nfs_v2+0x0/0x13 returned 0 after 124 usecs
[    9.832612] calling  init_nfs_v3+0x0/0x13 @ 1
[    9.838169] initcall init_nfs_v3+0x0/0x13 returned 0 after 2 usecs
[    9.845891] calling  init_nfs_v4+0x0/0x32 @ 1
[    9.851538] NFS: Registering the id_resolver key type
[    9.858586] Key type id_resolver registered
[    9.864040] Key type id_legacy registered
[    9.869311] initcall init_nfs_v4+0x0/0x32 returned 0 after 17422 usecs
[    9.877614] calling  init_nlm+0x0/0x5b @ 1
[    9.882873] initcall init_nlm+0x0/0x5b returned 0 after 71 usecs
[    9.890537] calling  init_nls_cp437+0x0/0xe @ 1
[    9.896438] initcall init_nls_cp437+0x0/0xe returned 0 after 293 usecs
[    9.904851] calling  init_nls_ascii+0x0/0xe @ 1
[    9.910743] initcall init_nls_ascii+0x0/0xe returned 0 after 2 usecs
[    9.919285] calling  init_nls_iso8859_1+0x0/0xe @ 1
[    9.925368] initcall init_nls_iso8859_1+0x0/0xe returned 0 after 2 usecs
[    9.934680] calling  init_nls_utf8+0x0/0x21 @ 1
[    9.940721] initcall init_nls_utf8+0x0/0x21 returned 0 after 2 usecs
[    9.948625] calling  init_autofs_fs+0x0/0x25 @ 1
[    9.956730] initcall init_autofs_fs+0x0/0x25 returned 0 after 2018 usecs
[    9.967441] calling  ipc_init+0x0/0x24 @ 1
[    9.974211] initcall ipc_init+0x0/0x24 returned 0 after 97 usecs
[    9.984386] calling  ipc_sysctl_init+0x0/0x13 @ 1
[    9.992285] initcall ipc_sysctl_init+0x0/0x13 returned 0 after 90 usecs
[   10.003387] calling  init_mqueue_fs+0x0/0xb1 @ 1
[   10.015535] initcall init_mqueue_fs+0x0/0xb1 returned 0 after 1535 usecs
[   10.024554] calling  key_proc_init+0x0/0x63 @ 1
[   10.030947] initcall key_proc_init+0x0/0x63 returned 0 after 12 usecs
[   10.039924] calling  selinux_nf_ip_init+0x0/0x2e @ 1
[   10.048033] initcall selinux_nf_ip_init+0x0/0x2e returned 0 after 40 usecs
[   10.058009] calling  init_sel_fs+0x0/0x116 @ 1
[   10.063740] initcall init_sel_fs+0x0/0x116 returned 0 after 1 usecs
[   10.072562] calling  selnl_init+0x0/0x7c @ 1
[   10.078959] initcall selnl_init+0x0/0x7c returned 0 after 223 usecs
[   10.087572] calling  sel_netif_init+0x0/0x36 @ 1
[   10.093881] initcall sel_netif_init+0x0/0x36 returned 0 after 1 usecs
[   10.102923] calling  sel_netnode_init+0x0/0x33 @ 1
[   10.109250] initcall sel_netnode_init+0x0/0x33 returned 0 after 0 usecs
[   10.117908] calling  sel_netport_init+0x0/0x33 @ 1
[   10.124719] initcall sel_netport_init+0x0/0x33 returned 0 after 1 usecs
[   10.133941] calling  aurule_init+0x0/0x2a @ 1
[   10.139757] initcall aurule_init+0x0/0x2a returned 0 after 2 usecs
[   10.148324] calling  crypto_algapi_init+0x0/0xc @ 1
[   10.155201] initcall crypto_algapi_init+0x0/0xc returned 0 after 9 usecs
[   10.164215] calling  jent_mod_init+0x0/0x2d @ 1
[   10.184032] initcall jent_mod_init+0x0/0x2d returned 0 after 12990 usecs
[   10.194004] calling  asymmetric_key_init+0x0/0xc @ 1
[   10.201601] Key type asymmetric registered
[   10.208196] initcall asymmetric_key_init+0x0/0xc returned 0 after 6509 usecs
[   10.219109] calling  x509_key_init+0x0/0xc @ 1
[   10.245898] Asymmetric key parser 'x509' registered
[   10.254353] initcall x509_key_init+0x0/0xc returned 0 after 15583 usecs
[   10.264399] calling  proc_genhd_init+0x0/0x41 @ 1
[   10.272552] initcall proc_genhd_init+0x0/0x41 returned 0 after 1207 usecs
[   10.282445] calling  bsg_init+0x0/0x113 @ 1
[   10.293539] Block layer SCSI generic (bsg) driver version 0.4 loaded (major 251)
[   10.304112] initcall bsg_init+0x0/0x113 returned 0 after 15015 usecs
[   10.313259] calling  deadline_init+0x0/0xc @ 1
[   10.320336] io scheduler mq-deadline registered
[   10.326881] initcall deadline_init+0x0/0xc returned 0 after 6584 usecs
[   10.336361] calling  kyber_init+0x0/0xc @ 1
[   10.342604] io scheduler kyber registered
[   10.348494] initcall kyber_init+0x0/0xc returned 0 after 5787 usecs
[   10.357500] calling  mod_init+0x0/0x7 @ 1
[   10.363282] initcall mod_init+0x0/0x7 returned 0 after 0 usecs
[   10.371480] calling  percpu_counter_startup+0x0/0x55 @ 1
[   10.387827] initcall percpu_counter_startup+0x0/0x55 returned 0 after 8414 usecs
[   10.398159] calling  sg_pool_init+0x0/0xb4 @ 1
[   10.409031] initcall sg_pool_init+0x0/0xb4 returned 0 after 4206 usecs
[   10.418241] calling  pcie_portdrv_init+0x0/0x39 @ 1
[   10.427449] initcall pcie_portdrv_init+0x0/0x39 returned 0 after 2130 usecs
[   10.437604] calling  pci_proc_init+0x0/0x68 @ 1
[   10.444309] initcall pci_proc_init+0x0/0x68 returned 0 after 268 usecs
[   10.453599] calling  pci_hotplug_init+0x0/0x7 @ 1
[   10.460299] initcall pci_hotplug_init+0x0/0x7 returned 0 after 1 usecs
[   10.469689] calling  efifb_driver_init+0x0/0xe @ 1
[   10.477763] initcall efifb_driver_init+0x0/0xe returned 0 after 1270 usecs
[   10.488010] calling  ged_driver_init+0x0/0xe @ 1
[   10.495652] initcall ged_driver_init+0x0/0xe returned 0 after 291 usecs
[   10.505294] calling  acpi_ac_init+0x0/0x92 @ 1
[   10.513485] initcall acpi_ac_init+0x0/0x92 returned 0 after 1508 usecs
[   10.524033] calling  acpi_button_driver_init+0x0/0x52 @ 1
[   10.535659] input: Power Button as /devices/LNXSYSTM:00/LNXPWRBN:00/input/input0
[   10.563067] ACPI: Power Button [PWRF]
[   10.570077] initcall acpi_button_driver_init+0x0/0x52 returned 0 after 36809 usecs
[   10.581174] calling  acpi_fan_driver_init+0x0/0xe @ 1
[   10.588881] initcall acpi_fan_driver_init+0x0/0xe returned 0 after 40 usecs
[   10.599482] calling  acpi_video_init+0x0/0xcb @ 1
[   10.608488] initcall acpi_video_init+0x0/0xcb returned 0 after 1086 usecs
[   10.619357] calling  acpi_processor_driver_init+0x0/0xad @ 1
[   10.639463] initcall acpi_processor_driver_init+0x0/0xad returned 0 after 10066 usecs
[   10.651182] calling  acpi_thermal_init+0x0/0x71 @ 1
[   10.664703] initcall acpi_thermal_init+0x0/0x71 returned 0 after 5514 usecs
[   10.675098] calling  acpi_battery_init+0x0/0x32 @ 1
[   10.683774] initcall acpi_battery_init+0x0/0x32 returned 0 after 1108 usecs
[   10.694331] calling  bgrt_init+0x0/0xb6 @ 1
[   10.700588] initcall bgrt_init+0x0/0xb6 returned -19 after 0 usecs
[   10.709530] calling  gpio_clk_driver_init+0x0/0xe @ 1
[   10.717042] initcall gpio_clk_driver_init+0x0/0xe returned 0 after 339 usecs
[   10.728384] calling  plt_clk_driver_init+0x0/0xe @ 1
[   10.736035] initcall plt_clk_driver_init+0x0/0xe returned 0 after 37 usecs
[   10.746605] calling  virtio_pci_driver_init+0x0/0x15 @ 1
[   10.754770] initcall virtio_pci_driver_init+0x0/0x15 returned 0 after 127 usecs
[   10.767385] calling  n_null_init+0x0/0x1e @ 1
[   10.775563] initcall n_null_init+0x0/0x1e returned 0 after 53 usecs
[   10.786527] calling  pty_init+0x0/0x1e8 @ 1
[   10.798916] initcall pty_init+0x0/0x1e8 returned 0 after 4987 usecs
[   10.811268] calling  sysrq_init+0x0/0x62 @ 1
[   10.819326] initcall sysrq_init+0x0/0x62 returned 0 after 14 usecs
[   10.829007] calling  serial8250_init+0x0/0x17e @ 1
[   10.836322] Serial: 8250/16550 driver, 4 ports, IRQ sharing enabled
[   10.850337] 00:03: ttyS0 at I/O 0x3f8 (irq = 4, base_baud = 115200) is a 16550A
[   10.872785] initcall serial8250_init+0x0/0x17e returned 0 after 35704 usecs
[   10.883122] calling  serial_pci_driver_init+0x0/0x15 @ 1
[   10.891398] initcall serial_pci_driver_init+0x0/0x15 returned 0 after 422 usecs
[   10.902048] calling  exar_pci_driver_init+0x0/0x15 @ 1
[   10.909650] initcall exar_pci_driver_init+0x0/0x15 returned 0 after 115 usecs
[   10.919514] calling  lpss8250_pci_driver_init+0x0/0x15 @ 1
[   10.927097] initcall lpss8250_pci_driver_init+0x0/0x15 returned 0 after 44 usecs
[   10.937759] calling  mid8250_pci_driver_init+0x0/0x15 @ 1
[   10.945736] initcall mid8250_pci_driver_init+0x0/0x15 returned 0 after 56 usecs
[   10.956946] calling  virtio_console_init+0x0/0xff @ 1
[   10.966326] initcall virtio_console_init+0x0/0xff returned 0 after 733 usecs
[   10.977754] calling  hpet_init+0x0/0x64 @ 1
[   10.986864] initcall hpet_init+0x0/0x64 returned 0 after 2186 usecs
[   10.995400] calling  nvram_module_init+0x0/0x83 @ 1
[   11.003865] Non-volatile memory driver v1.3
[   11.011522] initcall nvram_module_init+0x0/0x83 returned 0 after 9453 usecs
[   11.024291] calling  hwrng_modinit+0x0/0x8a @ 1
[   11.034769] initcall hwrng_modinit+0x0/0x8a returned 0 after 2370 usecs
[   11.046559] calling  mod_init+0x0/0x48 @ 1
[   11.053734] initcall mod_init+0x0/0x48 returned -19 after 0 usecs
[   11.064342] calling  agp_init+0x0/0x23 @ 1
[   11.071595] Linux agpgart interface v0.103
[   11.078980] initcall agp_init+0x0/0x23 returned 0 after 7210 usecs
[   11.089649] calling  agp_amd64_mod_init+0x0/0x5 @ 1
[   11.098590] initcall agp_amd64_mod_init+0x0/0x5 returned -19 after 433 usecs
[   11.110787] calling  agp_intel_init+0x0/0x28 @ 1
[   11.121092] initcall agp_intel_init+0x0/0x28 returned 0 after 1346 usecs
[   11.133410] calling  drm_kms_helper_init+0x0/0x7 @ 1
[   11.142492] initcall drm_kms_helper_init+0x0/0x7 returned 0 after 45 usecs
[   11.155498] calling  drm_core_init+0x0/0xbd @ 1
[   11.165812] initcall drm_core_init+0x0/0xbd returned 0 after 1696 usecs
[   11.177808] calling  i915_init+0x0/0x6b @ 1
[   11.188749] initcall i915_init+0x0/0x6b returned 0 after 3315 usecs
[   11.199764] calling  cn_proc_init+0x0/0x35 @ 1
[   11.207935] initcall cn_proc_init+0x0/0x35 returned 0 after 106 usecs
[   11.219367] calling  topology_sysfs_init+0x0/0x27 @ 1
[   11.228652] initcall topology_sysfs_init+0x0/0x27 returned 0 after 524 usecs
[   11.241135] calling  cacheinfo_sysfs_init+0x0/0x27 @ 1
[   11.268046] initcall cacheinfo_sysfs_init+0x0/0x27 returned 0 after 17243 usecs
[   11.278982] calling  loop_init+0x0/0x16a @ 1
[   11.366519] loop: module loaded
[   11.371191] initcall loop_init+0x0/0x16a returned 0 after 84130 usecs
[   11.379941] calling  mac_hid_init+0x0/0x21 @ 1
[   11.386748] initcall mac_hid_init+0x0/0x21 returned 0 after 102 usecs
[   11.395952] calling  spi_transport_init+0x0/0x74 @ 1
[   11.403735] initcall spi_transport_init+0x0/0x74 returned 0 after 264 usecs
[   11.413922] calling  init_sd+0x0/0x18c @ 1
[   11.420551] initcall init_sd+0x0/0x18c returned 0 after 292 usecs
[   11.429660] calling  init_sr+0x0/0x43 @ 1
[   11.435642] initcall init_sr+0x0/0x43 returned 0 after 73 usecs
[   11.443973] calling  init_sg+0x0/0x1c0 @ 1
[   11.450527] initcall init_sg+0x0/0x1c0 returned 0 after 572 usecs
[   11.459417] calling  ahci_pci_driver_init+0x0/0x15 @ 1
[   11.467748] ahci 0000:00:1f.2: version 3.0
[   11.478283] PCI Interrupt Link [GSIA] enabled at IRQ 16
[   11.516652] ahci 0000:00:1f.2: AHCI 0001.0000 32 slots 6 ports 1.5 Gbps 0x3f impl SATA mode
[   11.530721] ahci 0000:00:1f.2: flags: 64bit ncq only 
[   11.570010] scsi host0: ahci
[   11.582792] scsi host1: ahci
[   11.595780] scsi host2: ahci
[   11.610252] scsi host3: ahci
[   11.623803] scsi host4: ahci
[   11.638638] scsi host5: ahci
[   11.645058] ata1: SATA max UDMA/133 abar m4096@0xfebf1000 port 0xfebf1100 irq 24
[   11.657375] ata2: SATA max UDMA/133 abar m4096@0xfebf1000 port 0xfebf1180 irq 24
[   11.669834] ata3: SATA max UDMA/133 abar m4096@0xfebf1000 port 0xfebf1200 irq 24
[   11.681888] ata4: SATA max UDMA/133 abar m4096@0xfebf1000 port 0xfebf1280 irq 24
[   11.693495] ata5: SATA max UDMA/133 abar m4096@0xfebf1000 port 0xfebf1300 irq 24
[   11.705530] ata6: SATA max UDMA/133 abar m4096@0xfebf1000 port 0xfebf1380 irq 24
[   11.718940] initcall ahci_pci_driver_init+0x0/0x15 returned 0 after 245905 usecs
[   11.731298] calling  piix_init+0x0/0x26 @ 1
[   11.738682] initcall piix_init+0x0/0x26 returned 0 after 867 usecs
[   11.749374] calling  amd_pci_driver_init+0x0/0x15 @ 1
[   11.757597] initcall amd_pci_driver_init+0x0/0x15 returned 0 after 143 usecs
[   11.770576] calling  oldpiix_pci_driver_init+0x0/0x15 @ 1
[   11.780360] initcall oldpiix_pci_driver_init+0x0/0x15 returned 0 after 77 usecs
[   11.794726] calling  sch_pci_driver_init+0x0/0x15 @ 1
[   11.804379] initcall sch_pci_driver_init+0x0/0x15 returned 0 after 80 usecs
[   11.817018] calling  net_olddevs_init+0x0/0x55 @ 1
[   11.826322] initcall net_olddevs_init+0x0/0x55 returned 0 after 187 usecs
[   11.839164] calling  blackhole_netdev_init+0x0/0x78 @ 1
[   11.851876] initcall blackhole_netdev_init+0x0/0x78 returned 0 after 2437 usecs
[   11.865849] calling  phy_module_init+0x0/0x13 @ 1
[   11.874509] initcall phy_module_init+0x0/0x13 returned 0 after 309 usecs
[   11.885829] calling  tg3_driver_init+0x0/0x15 @ 1
[   11.893861] initcall tg3_driver_init+0x0/0x15 returned 0 after 175 usecs
[   11.904642] calling  e100_init_module+0x0/0x4c @ 1
[   11.912649] e100: Intel(R) PRO/100 Network Driver
[   11.920404] e100: Copyright(c) 1999-2006 Intel Corporation
[   11.929499] initcall e100_init_module+0x0/0x4c returned 0 after 16452 usecs
[   11.942052] calling  e1000_init_module+0x0/0x72 @ 1
[   11.950345] e1000: Intel(R) PRO/1000 Network Driver
[   11.958251] e1000: Copyright (c) 1999-2006 Intel Corporation.
[   11.967709] initcall e1000_init_module+0x0/0x72 returned 0 after 16980 usecs
[   11.979253] calling  e1000_init_module+0x0/0x2d @ 1
[   11.986417] e1000e: Intel(R) PRO/1000 Network Driver
[   11.994141] e1000e: Copyright(c) 1999 - 2015 Intel Corporation.
[   12.003158] initcall e1000_init_module+0x0/0x2d returned 0 after 16351 usecs
[   12.014086] calling  sky2_init_module+0x0/0x21 @ 1
[   12.023606] sky2: driver version 1.30
[   12.030714] initcall sky2_init_module+0x0/0x21 returned 0 after 6937 usecs
[   12.035042] ata1: SATA link down (SStatus 0 SControl 300)
[   12.043295] calling  forcedeth_pci_driver_init+0x0/0x15 @ 1
[   12.043386] initcall forcedeth_pci_driver_init+0x0/0x15 returned 0 after 83 usecs
[   12.043389] calling  rtl8139_init_module+0x0/0x15 @ 1
[   12.043566] initcall rtl8139_init_module+0x0/0x15 returned 0 after 168 usecs
[   12.043568] calling  rtl8169_pci_driver_init+0x0/0x15 @ 1
[   12.043644] initcall rtl8169_pci_driver_init+0x0/0x15 returned 0 after 70 usecs
[   12.055273] ata5: SATA link down (SStatus 0 SControl 300)
[   12.061833] calling  cdrom_init+0x0/0xc @ 1
[   12.076293] ata2: SATA link down (SStatus 0 SControl 300)
[   12.081206] initcall cdrom_init+0x0/0xc returned 0 after 101 usecs
[   12.096235] ata3: SATA link up 1.5 Gbps (SStatus 113 SControl 300)
[   12.102846] calling  nonstatic_sysfs_init+0x0/0xc @ 1
[   12.121512] ata4: SATA link down (SStatus 0 SControl 300)
[   12.123378] initcall nonstatic_sysfs_init+0x0/0xc returned 0 after 101 usecs
[   12.131066] ata3.00: ATAPI: QEMU DVD-ROM, 2.5+, max UDMA/100
[   12.138880] calling  yenta_cardbus_driver_init+0x0/0x15 @ 1
[   12.147967] ata3.00: applying bridge limits
[   12.150433] ata6: SATA link down (SStatus 0 SControl 300)
[   12.159681] initcall yenta_cardbus_driver_init+0x0/0x15 returned 0 after 255 usecs
[   12.169262] ata3.00: configured for UDMA/100
[   12.176915] calling  mon_init+0x0/0x144 @ 1
[   12.195777] scsi 2:0:0:0: CD-ROM            QEMU     QEMU DVD-ROM     2.5+ PQ: 0 ANSI: 5
[   12.198991] initcall mon_init+0x0/0x144 returned 0 after 2046 usecs
[   12.276387] calling  ehci_hcd_init+0x0/0x56 @ 1
[   12.283770] ehci_hcd: USB 2.0 'Enhanced' Host Controller (EHCI) Driver
[   12.294108] initcall ehci_hcd_init+0x0/0x56 returned 0 after 10246 usecs
[   12.306234] calling  ehci_pci_init+0x0/0x64 @ 1
[   12.314911] ehci-pci: EHCI PCI platform driver
[   12.323619] initcall ehci_pci_init+0x0/0x64 returned 0 after 8500 usecs
[   12.334092] calling  ohci_hcd_mod_init+0x0/0x4e @ 1
[   12.342237] ohci_hcd: USB 1.1 'Open' Host Controller (OHCI) Driver
[   12.352385] initcall ohci_hcd_mod_init+0x0/0x4e returned 0 after 10020 usecs
[   12.363683] calling  ohci_pci_init+0x0/0x64 @ 1
[   12.372952] ohci-pci: OHCI PCI platform driver
[   12.381519] initcall ohci_pci_init+0x0/0x64 returned 0 after 8361 usecs
[   12.393634] calling  uhci_hcd_init+0x0/0xa8 @ 1
[   12.401781] uhci_hcd: USB Universal Host Controller Interface driver
[   12.413595] initcall uhci_hcd_init+0x0/0xa8 returned 0 after 11533 usecs
[   12.425322] calling  xhci_hcd_init+0x0/0x1e @ 1
[   12.433684] initcall xhci_hcd_init+0x0/0x1e returned 0 after 159 usecs
[   12.444596] calling  xhci_pci_init+0x0/0x49 @ 1
[   12.453626] initcall xhci_pci_init+0x0/0x49 returned 0 after 227 usecs
[   12.463550] calling  usblp_driver_init+0x0/0x15 @ 1
[   12.472165] usbcore: registered new interface driver usblp
[   12.479831] initcall usblp_driver_init+0x0/0x15 returned 0 after 8698 usecs
[   12.489665] calling  usb_storage_driver_init+0x0/0x2a @ 1
[   12.498648] usbcore: registered new interface driver usb-storage
[   12.508570] initcall usb_storage_driver_init+0x0/0x2a returned 0 after 9733 usecs
[   12.520316] calling  i8042_init+0x0/0x4c2 @ 1
[   12.528741] i8042: PNP: PS/2 Controller [PNP0303:KBD,PNP0f13:MOU] at 0x60,0x64 irq 1,12
[   12.555065] serio: i8042 KBD port at 0x60,0x64 irq 1
[   12.564139] serio: i8042 AUX port at 0x60,0x64 irq 12
[   12.572795] initcall i8042_init+0x0/0x4c2 returned 0 after 43569 usecs
[   12.582712] calling  serport_init+0x0/0x2c @ 1
[   12.589534] initcall serport_init+0x0/0x2c returned 0 after 2 usecs
[   12.599219] calling  input_leds_init+0x0/0xc @ 1
[   12.606739] initcall input_leds_init+0x0/0xc returned 0 after 77 usecs
[   12.616528] calling  evdev_init+0x0/0xc @ 1
[   12.626171] initcall evdev_init+0x0/0xc returned 0 after 3426 usecs
[   12.636404] calling  atkbd_init+0x0/0x21 @ 1
[   12.643330] initcall atkbd_init+0x0/0x21 returned 0 after 290 usecs
[   12.652664] calling  psmouse_init+0x0/0x7f @ 1
[   12.659553] initcall psmouse_init+0x0/0x7f returned 0 after 377 usecs
[   12.668845] calling  cmos_init+0x0/0x73 @ 1
[   12.676737] rtc_cmos 00:04: RTC can wake from S4
[   12.695865] rtc_cmos 00:04: registered as rtc0
[   12.703903] sr 2:0:0:0: [sr0] scsi3-mmc drive: 4x/4x cd/rw xa/form2 tray
[   12.703920] rtc_cmos 00:04: alarms up to one day, y3k, 242 bytes nvram, hpet irqs
[   12.703964] initcall cmos_init+0x0/0x73 returned 0 after 28198 usecs
[   12.708586] input: AT Translated Set 2 keyboard as /devices/platform/i8042/serio0/input/input1
[   12.715204] cdrom: Uniform CD-ROM driver Revision: 3.20
[   12.728533] calling  smbalert_driver_init+0x0/0xe @ 1
[   12.728630] initcall smbalert_driver_init+0x0/0xe returned 0 after 89 usecs
[   12.777287] calling  i2c_i801_init+0x0/0xc5 @ 1
[   12.826699] i801_smbus 0000:00:1f.3: SMBus using PCI interrupt
[   12.836795] i2c i2c-0: 1/1 memory slots populated (from DMI)
[   12.844786] i2c i2c-0: Memory type 0x07 not supported yet, not instantiating SPD
[   12.856513] initcall i2c_i801_init+0x0/0xc5 returned 0 after 71059 usecs
[   12.866714] calling  ptp_kvm_init+0x0/0xf0 @ 1
[   12.878636] initcall ptp_kvm_init+0x0/0xf0 returned 0 after 5045 usecs
[   12.891726] calling  dm_init+0x0/0x3c @ 1
[   12.903876] device-mapper: ioctl: 4.43.0-ioctl (2020-10-01) initialised: dm-devel@redhat.com
[   12.918012] initcall dm_init+0x0/0x3c returned 0 after 18893 usecs
[   12.928061] calling  dm_mirror_init+0x0/0x29 @ 1
[   12.936826] initcall dm_mirror_init+0x0/0x29 returned 0 after 73 usecs
[   12.947719] calling  dm_dirty_log_init+0x0/0x4f @ 1
[   12.956430] initcall dm_dirty_log_init+0x0/0x4f returned 0 after 319 usecs
[   12.966731] calling  dm_zero_init+0x0/0x29 @ 1
[   12.973693] initcall dm_zero_init+0x0/0x29 returned 0 after 3 usecs
[   12.983359] calling  intel_pstate_init+0x0/0x50f @ 1
[   12.991296] intel_pstate: CPU model not supported
[   12.998358] initcall intel_pstate_init+0x0/0x50f returned -19 after 6970 usecs
[   13.009485] calling  haltpoll_init+0x0/0xc0 @ 1
[   13.016495] initcall haltpoll_init+0x0/0xc0 returned -19 after 50 usecs
[   13.027791] calling  efivars_sysfs_init+0x0/0x30 @ 1
[   13.035560] initcall efivars_sysfs_init+0x0/0x30 returned 0 after 1 usecs
[   13.045926] calling  esrt_sysfs_init+0x0/0x2a2 @ 1
[   13.058348] initcall esrt_sysfs_init+0x0/0x2a2 returned -38 after 23 usecs
[   13.070299] calling  hid_init+0x0/0x5c @ 1
[   13.078457] hid: raw HID events driver (C) Jiri Kosina
[   13.087838] initcall hid_init+0x0/0x5c returned 0 after 9746 usecs
[   13.098466] calling  hid_generic_init+0x0/0x15 @ 1
[   13.107035] initcall hid_generic_init+0x0/0x15 returned 0 after 121 usecs
[   13.117488] calling  a4_driver_init+0x0/0x15 @ 1
[   13.125329] initcall a4_driver_init+0x0/0x15 returned 0 after 40 usecs
[   13.135959] calling  apple_driver_init+0x0/0x15 @ 1
[   13.144994] initcall apple_driver_init+0x0/0x15 returned 0 after 1130 usecs
[   13.157267] calling  belkin_driver_init+0x0/0x15 @ 1
[   13.165943] initcall belkin_driver_init+0x0/0x15 returned 0 after 158 usecs
[   13.178394] calling  ch_driver_init+0x0/0x15 @ 1
[   13.186915] initcall ch_driver_init+0x0/0x15 returned 0 after 42 usecs
[   13.197054] calling  ch_driver_init+0x0/0x15 @ 1
[   13.205326] initcall ch_driver_init+0x0/0x15 returned 0 after 44 usecs
[   13.215802] calling  cp_driver_init+0x0/0x15 @ 1
[   13.223464] initcall cp_driver_init+0x0/0x15 returned 0 after 36 usecs
[   13.234002] calling  ez_driver_init+0x0/0x15 @ 1
[   13.241753] initcall ez_driver_init+0x0/0x15 returned 0 after 92 usecs
[   13.251895] calling  gyration_driver_init+0x0/0x15 @ 1
[   13.260930] initcall gyration_driver_init+0x0/0x15 returned 0 after 44 usecs
[   13.272420] calling  ite_driver_init+0x0/0x15 @ 1
[   13.280218] initcall ite_driver_init+0x0/0x15 returned 0 after 47 usecs
[   13.291875] calling  ks_driver_init+0x0/0x15 @ 1
[   13.300275] initcall ks_driver_init+0x0/0x15 returned 0 after 46 usecs
[   13.311841] calling  lg_driver_init+0x0/0x15 @ 1
[   13.319546] initcall lg_driver_init+0x0/0x15 returned 0 after 52 usecs
[   13.329684] calling  lg_g15_driver_init+0x0/0x15 @ 1
[   13.337504] initcall lg_g15_driver_init+0x0/0x15 returned 0 after 215 usecs
[   13.348282] calling  ms_driver_init+0x0/0x15 @ 1
[   13.355354] initcall ms_driver_init+0x0/0x15 returned 0 after 46 usecs
[   13.368015] calling  mr_driver_init+0x0/0x15 @ 1
[   13.375396] initcall mr_driver_init+0x0/0x15 returned 0 after 68 usecs
[   13.384417] calling  ntrig_driver_init+0x0/0x15 @ 1
[   13.391756] initcall ntrig_driver_init+0x0/0x15 returned 0 after 179 usecs
[   13.428191] calling  pl_driver_init+0x0/0x15 @ 1
[   13.450049] initcall pl_driver_init+0x0/0x15 returned 0 after 11765 usecs
[   13.461294] calling  pl_driver_init+0x0/0x15 @ 1
[   13.468338] initcall pl_driver_init+0x0/0x15 returned 0 after 171 usecs
[   13.478509] calling  redragon_driver_init+0x0/0x15 @ 1
[   13.487110] initcall redragon_driver_init+0x0/0x15 returned 0 after 121 usecs
[   13.500274] calling  samsung_driver_init+0x0/0x15 @ 1
[   13.509768] initcall samsung_driver_init+0x0/0x15 returned 0 after 40 usecs
[   13.522156] calling  sony_init+0x0/0x38 @ 1
[   13.529661] initcall sony_init+0x0/0x38 returned 0 after 44 usecs
[   13.539141] calling  sp_driver_init+0x0/0x15 @ 1
[   13.546545] initcall sp_driver_init+0x0/0x15 returned 0 after 97 usecs
[   13.557079] calling  ts_driver_init+0x0/0x15 @ 1
[   13.565312] initcall ts_driver_init+0x0/0x15 returned 0 after 77 usecs
[   13.575414] calling  hid_init+0x0/0x58 @ 1
[   13.588654] usbcore: registered new interface driver usbhid
[   13.600920] usbhid: USB HID core driver
[   13.608441] initcall hid_init+0x0/0x58 returned 0 after 21223 usecs
[   13.618990] calling  eeepc_laptop_init+0x0/0x57 @ 1
[   13.620194] input: ImExPS/2 Generic Explorer Mouse as /devices/platform/i8042/serio1/input/input3
[   13.632519] initcall eeepc_laptop_init+0x0/0x57 returned -19 after 4989 usecs
[   13.652600] calling  pmc_atom_init+0x0/0x27a @ 1
[   13.661288] initcall pmc_atom_init+0x0/0x27a returned -19 after 522 usecs
[   13.673256] calling  alsa_hwdep_init+0x0/0x5e @ 1
[   13.689589] initcall alsa_hwdep_init+0x0/0x5e returned 0 after 7724 usecs
[   13.702740] calling  alsa_timer_init+0x0/0x1f9 @ 1
[   13.716518] initcall alsa_timer_init+0x0/0x1f9 returned 0 after 5011 usecs
[   13.732778] calling  snd_hrtimer_init+0x0/0x117 @ 1
[   13.740905] initcall snd_hrtimer_init+0x0/0x117 returned 0 after 5 usecs
[   13.751849] calling  alsa_pcm_init+0x0/0x64 @ 1
[   13.760294] initcall alsa_pcm_init+0x0/0x64 returned 0 after 18 usecs
[   13.772566] calling  alsa_seq_init+0x0/0x4a @ 1
[   13.783688] initcall alsa_seq_init+0x0/0x4a returned 0 after 3128 usecs
[   13.796295] calling  alsa_seq_dummy_init+0x0/0x9c @ 1
[   13.806356] initcall alsa_seq_dummy_init+0x0/0x9c returned 0 after 1580 usecs
[   13.806967] sr 2:0:0:0: Attached scsi CD-ROM sr0
[   13.819237] calling  azx_driver_init+0x0/0x15 @ 1
[   13.832573] sr 2:0:0:0: Attached scsi generic sg0 type 5
[   13.835655] initcall azx_driver_init+0x0/0x15 returned 0 after 1299 usecs
[   13.855301] calling  sock_diag_init+0x0/0x2a @ 1
[   13.866241] initcall sock_diag_init+0x0/0x2a returned 0 after 2841 usecs
[   13.877541] calling  blackhole_init+0x0/0xc @ 1
[   13.886474] initcall blackhole_init+0x0/0xc returned 0 after 218 usecs
[   13.896458] calling  nfnetlink_init+0x0/0x61 @ 1
