c[?7l[2J[0mSeaBIOS (version 1.16.0-debian-1.16.0-4)
Booting from ROM...
early console in setup code
c[?7l[2J[    0.000000] Linux version 5.10.157+ (root@joelboxx.c.googlers.com) (gcc (Debian 12.2.0-3) 12.2.0, GNU ld (GNU Binutils for Debian) 2.39) #3 SMP PREEMPT Tue Dec 13 03:27:05 UTC 2022
[    0.000000] Command line: selinux=0 initcall_debug debug console=ttyS0 rcutorture.torture_type=srcud rcupdate.rcu_self_test=1 rcutorture.onoff_interval=1000 rcutorture.onoff_holdoff=30 rcutorture.n_barrier_cbs=4 rcutorture.stat_interval=15 rcutorture.shutdown_secs=1800 rcutorture.test_no_idle_hz=1 rcutorture.verbose=1
[    0.000000] x86/fpu: x87 FPU will use FXSAVE
[    0.000000] BIOS-provided physical RAM map:
[    0.000000] BIOS-e820: [mem 0x0000000000000000-0x000000000009fbff] usable
[    0.000000] BIOS-e820: [mem 0x000000000009fc00-0x000000000009ffff] reserved
[    0.000000] BIOS-e820: [mem 0x00000000000f0000-0x00000000000fffff] reserved
[    0.000000] BIOS-e820: [mem 0x0000000000100000-0x000000001ffdefff] usable
[    0.000000] BIOS-e820: [mem 0x000000001ffdf000-0x000000001fffffff] reserved
[    0.000000] BIOS-e820: [mem 0x00000000b0000000-0x00000000bfffffff] reserved
[    0.000000] BIOS-e820: [mem 0x00000000fed1c000-0x00000000fed1ffff] reserved
[    0.000000] BIOS-e820: [mem 0x00000000feffc000-0x00000000feffffff] reserved
[    0.000000] BIOS-e820: [mem 0x00000000fffc0000-0x00000000ffffffff] reserved
[    0.000000] NX (Execute Disable) protection: active
[    0.000000] SMBIOS 2.8 present.
[    0.000000] DMI: QEMU Standard PC (Q35 + ICH9, 2009), BIOS 1.16.0-debian-1.16.0-4 04/01/2014
[    0.000000] Hypervisor detected: KVM
[    0.000000] kvm-clock: Using msrs 4b564d01 and 4b564d00
[    0.000000] kvm-clock: cpu 0, msr dd29001, primary cpu clock
[    0.000085] kvm-clock: using sched offset of 3443706577 cycles
[    0.000297] clocksource: kvm-clock: mask: 0xffffffffffffffff max_cycles: 0x1cd42e4dffb, max_idle_ns: 881590591483 ns
[    0.000529] tsc: Detected 1999.999 MHz processor
[    0.012645] e820: update [mem 0x00000000-0x00000fff] usable ==> reserved
[    0.012657] e820: remove [mem 0x000a0000-0x000fffff] usable
[    0.012668] last_pfn = 0x1ffdf max_arch_pfn = 0x400000000
[    0.013598] MTRR default type: write-back
[    0.013688] MTRR fixed ranges enabled:
[    0.013691]   00000-9FFFF write-back
[    0.013694]   A0000-BFFFF uncachable
[    0.013696]   C0000-FFFFF write-protect
[    0.013698] MTRR variable ranges enabled:
[    0.013702]   0 base 00C0000000 mask FFC0000000 uncachable
[    0.013704]   1 disabled
[    0.013706]   2 disabled
[    0.013708]   3 disabled
[    0.013710]   4 disabled
[    0.013712]   5 disabled
[    0.013714]   6 disabled
[    0.013716]   7 disabled
[    0.014089] x86/PAT: Configuration [0-7]: WB  WC  UC- UC  WB  WC  UC- UC  
[    0.024179] found SMP MP-table at [mem 0x000f5ba0-0x000f5baf]
[    0.027321] check: Scanning 1 areas for low memory corruption
[    0.044012] ACPI: Early table checksum verification disabled
[    0.045542] ACPI: RSDP 0x00000000000F59E0 000014 (v00 BOCHS )
[    0.045832] ACPI: RSDT 0x000000001FFE252A 000038 (v01 BOCHS  BXPC     00000001 BXPC 00000001)
[    0.046016] ACPI: FACP 0x000000001FFE22EA 0000F4 (v03 BOCHS  BXPC     00000001 BXPC 00000001)
[    0.046121] ACPI: DSDT 0x000000001FFE0040 0022AA (v01 BOCHS  BXPC     00000001 BXPC 00000001)
[    0.046129] ACPI: FACS 0x000000001FFE0000 000040
[    0.046135] ACPI: APIC 0x000000001FFE23DE 0000B0 (v01 BOCHS  BXPC     00000001 BXPC 00000001)
[    0.046175] ACPI: HPET 0x000000001FFE248E 000038 (v01 BOCHS  BXPC     00000001 BXPC 00000001)
[    0.046184] ACPI: MCFG 0x000000001FFE24C6 00003C (v01 BOCHS  BXPC     00000001 BXPC 00000001)
[    0.046192] ACPI: WAET 0x000000001FFE2502 000028 (v01 BOCHS  BXPC     00000001 BXPC 00000001)
[    0.046199] ACPI: Reserving FACP table memory at [mem 0x1ffe22ea-0x1ffe23dd]
[    0.046202] ACPI: Reserving DSDT table memory at [mem 0x1ffe0040-0x1ffe22e9]
[    0.046205] ACPI: Reserving FACS table memory at [mem 0x1ffe0000-0x1ffe003f]
[    0.046207] ACPI: Reserving APIC table memory at [mem 0x1ffe23de-0x1ffe248d]
[    0.046210] ACPI: Reserving HPET table memory at [mem 0x1ffe248e-0x1ffe24c5]
[    0.046212] ACPI: Reserving MCFG table memory at [mem 0x1ffe24c6-0x1ffe2501]
[    0.046215] ACPI: Reserving WAET table memory at [mem 0x1ffe2502-0x1ffe2529]
[    0.046921] ACPI: Local APIC address 0xfee00000
[    0.051229] No NUMA configuration found
[    0.051234] Faking a node at [mem 0x0000000000000000-0x000000001ffdefff]
[    0.051437] NODE_DATA(0) allocated [mem 0x1ffdb000-0x1ffdefff]
[    0.052835] Zone ranges:
[    0.052898]   DMA      [mem 0x0000000000001000-0x0000000000ffffff]
[    0.052935]   DMA32    [mem 0x0000000001000000-0x000000001ffdefff]
[    0.052939]   Normal   empty
[    0.052943] Movable zone start for each node
[    0.052946] Early memory node ranges
[    0.052948]   node   0: [mem 0x0000000000001000-0x000000000009efff]
[    0.052984]   node   0: [mem 0x0000000000100000-0x000000001ffdefff]
[    0.053023] Initmem setup node 0 [mem 0x0000000000001000-0x000000001ffdefff]
[    0.053026] On node 0 totalpages: 130941
[    0.053183]   DMA zone: 64 pages used for memmap
[    0.053186]   DMA zone: 21 pages reserved
[    0.053189]   DMA zone: 3998 pages, LIFO batch:0
[    0.053192]   DMA32 zone: 1984 pages used for memmap
[    0.053194]   DMA32 zone: 126943 pages, LIFO batch:31
[    0.056929] On node 0, zone DMA: 1 pages in unavailable ranges
[    0.060344] On node 0, zone DMA: 97 pages in unavailable ranges
[    0.188550] On node 0, zone DMA32: 33 pages in unavailable ranges
[    0.192062] ACPI: PM-Timer IO Port: 0x608
[    0.192070] ACPI: Local APIC address 0xfee00000
[    0.192228] ACPI: LAPIC_NMI (acpi_id[0xff] dfl dfl lint[0x1])
[    0.193461] IOAPIC[0]: apic_id 0, version 17, address 0xfec00000, GSI 0-23
[    0.193613] ACPI: INT_SRC_OVR (bus 0 bus_irq 0 global_irq 2 dfl dfl)
[    0.193748] ACPI: INT_SRC_OVR (bus 0 bus_irq 5 global_irq 5 high level)
[    0.193751] ACPI: INT_SRC_OVR (bus 0 bus_irq 9 global_irq 9 high level)
[    0.193844] ACPI: INT_SRC_OVR (bus 0 bus_irq 10 global_irq 10 high level)
[    0.193915] ACPI: INT_SRC_OVR (bus 0 bus_irq 11 global_irq 11 high level)
[    0.193919] ACPI: IRQ0 used by override.
[    0.193922] ACPI: IRQ5 used by override.
[    0.193924] ACPI: IRQ9 used by override.
[    0.193927] ACPI: IRQ10 used by override.
[    0.193929] ACPI: IRQ11 used by override.
[    0.194041] Using ACPI (MADT) for SMP configuration information
[    0.194082] ACPI: HPET id: 0x8086a201 base: 0xfed00000
[    0.194424] smpboot: Allowing 8 CPUs, 0 hotplug CPUs
[    0.196729] PM: hibernation: Registered nosave memory: [mem 0x00000000-0x00000fff]
[    0.196733] PM: hibernation: Registered nosave memory: [mem 0x0009f000-0x0009ffff]
[    0.196736] PM: hibernation: Registered nosave memory: [mem 0x000a0000-0x000effff]
[    0.196738] PM: hibernation: Registered nosave memory: [mem 0x000f0000-0x000fffff]
[    0.196777] [mem 0x20000000-0xafffffff] available for PCI devices
[    0.196885] Booting paravirtualized kernel on KVM
[    0.197628] clocksource: refined-jiffies: mask: 0xffffffff max_cycles: 0xffffffff, max_idle_ns: 1910969940391419 ns
[    0.251845] setup_percpu: NR_CPUS:8 nr_cpumask_bits:8 nr_cpu_ids:8 nr_node_ids:1
[    0.256576] percpu: Embedded 58 pages/cpu s198480 r8192 d30896 u262144
[    0.256613] pcpu-alloc: s198480 r8192 d30896 u262144 alloc=1*2097152
[    0.256639] pcpu-alloc: [0] 0 1 2 3 4 5 6 7 
[    0.257020] kvm-guest: stealtime: cpu 0, msr 1f41bb40
[    0.258908] Built 1 zonelists, mobility grouping on.  Total pages: 128872
[    0.258912] Policy zone: DMA32
[    0.259048] Kernel command line: selinux=0 initcall_debug debug console=ttyS0 rcutorture.torture_type=srcud rcupdate.rcu_self_test=1 rcutorture.onoff_interval=1000 rcutorture.onoff_holdoff=30 rcutorture.n_barrier_cbs=4 rcutorture.stat_interval=15 rcutorture.shutdown_secs=1800 rcutorture.test_no_idle_hz=1 rcutorture.verbose=1
[    0.272449] Dentry cache hash table entries: 65536 (order: 7, 524288 bytes, linear)
[    0.277580] Inode-cache hash table entries: 32768 (order: 6, 262144 bytes, linear)
[    0.278400] mem auto-init: stack:all(zero), heap alloc:off, heap free:off
[    0.286620] Memory: 465384K/523764K available (16398K kernel code, 2809K rwdata, 4832K rodata, 1520K init, 13268K bss, 58120K reserved, 0K cma-reserved)
[    0.288035] SLUB: HWalign=64, Order=0-3, MinObjects=0, CPUs=8, Nodes=1
[    0.288959] Kernel/User page tables isolation: enabled
[    0.297873] Running RCU self tests
[    0.298325] rcu: RCU calculated value of scheduler-enlistment delay is 100 jiffies.
[    0.299379] rcu: Preemptible hierarchical RCU implementation.
[    0.299382] rcu: 	CONFIG_RCU_FANOUT set to non-default value of 2.
[    0.299385] rcu: 	RCU lockdep checking is enabled.
[    0.299387] rcu: 	Build-time adjustment of leaf fanout to 2.
[    0.299390] rcu: 	Boot-time adjustment of first FQS scan delay to 3 jiffies.
[    0.299392] rcu: 	Boot-time adjustment of subsequent FQS scan delay to 3 jiffies.
[    0.299395] 	Trampoline variant of Tasks RCU enabled.
[    0.299397] 	Rude variant of Tasks RCU enabled.
[    0.299399] 	Tracing variant of Tasks RCU enabled.
[    0.317209] NR_IRQS: 4352, nr_irqs: 488, preallocated irqs: 16
[    0.320516] calling  con_init+0x0/0x24f @ 0
[    0.408976] Console: colour VGA+ 80x25
[    0.409014] initcall con_init+0x0/0x24f returned 0 after 0 usecs
[    0.409019] calling  hvc_console_init+0x0/0x13 @ 0
[    0.409047] initcall hvc_console_init+0x0/0x13 returned 0 after 0 usecs
[    0.409051] calling  univ8250_console_init+0x0/0x26 @ 0
[    1.297798] printk: console [ttyS0] enabled
[    1.301996] initcall univ8250_console_init+0x0/0x26 returned 0 after 0 usecs
[    1.309025] Lock dependency validator: Copyright (c) 2006 Red Hat, Inc., Ingo Molnar
[    1.316645] ... MAX_LOCKDEP_SUBCLASSES:  8
[    1.320746] ... MAX_LOCK_DEPTH:          48
[    1.324957] ... MAX_LOCKDEP_KEYS:        8192
[    1.329306] ... CLASSHASH_SIZE:          4096
[    1.334338] ... MAX_LOCKDEP_ENTRIES:     32768
[    1.338922] ... MAX_LOCKDEP_CHAINS:      65536
[    1.345024] ... CHAINHASH_SIZE:          32768
[    1.350865]  memory used by lock dependency info: 6365 kB
[    1.357760]  memory used for stack traces: 4224 kB
[    1.363910]  per task-struct memory footprint: 1920 bytes
[    1.370949] ACPI: Core revision 20200925
[    1.377008] clocksource: hpet: mask: 0xffffffff max_cycles: 0xffffffff, max_idle_ns: 19112604467 ns
[    1.387784] APIC: Switch to symmetric I/O mode setup
[    1.408840] ..TIMER: vector=0x30 apic1=0 pin1=2 apic2=-1 pin2=-1
[    1.415514] clocksource: tsc-early: mask: 0xffffffffffffffff max_cycles: 0x39a85afc727, max_idle_ns: 881590685098 ns
[    1.426711] Calibrating delay loop (skipped) preset value.. 3999.99 BogoMIPS (lpj=1999999)
[    1.427591] pid_max: default: 32768 minimum: 301
[    1.428876] LSM: Security Framework initializing
[    1.429829] Mount-cache hash table entries: 1024 (order: 1, 8192 bytes, linear)
[    1.430614] Mountpoint-cache hash table entries: 1024 (order: 1, 8192 bytes, linear)
[    1.439842] Last level iTLB entries: 4KB 0, 2MB 0, 4MB 0
[    1.440588] Last level dTLB entries: 4KB 0, 2MB 0, 4MB 0, 1GB 0
[    1.441764] Spectre V1 : Mitigation: usercopy/swapgs barriers and __user pointer sanitization
[    1.442590] Spectre V2 : Mitigation: Retpolines
[    1.443588] Spectre V2 : Spectre v2 / SpectreRSB mitigation: Filling RSB on context switch
[    1.444588] Spectre V2 : Spectre v2 / SpectreRSB : Filling RSB on VMEXIT
[    1.445588] Speculative Store Bypass: Vulnerable
[    1.446594] MDS: Vulnerable: Clear CPU buffers attempted, no microcode
[    1.447587] MMIO Stale Data: Unknown: No mitigations
[    1.516041] Freeing SMP alternatives memory: 40K
[    1.621582] smpboot: CPU0: Intel Common KVM processor (family: 0xf, model: 0x6, stepping: 0x1)
[    1.624484] calling  init_hw_perf_events+0x0/0x6ce @ 1
[    1.624590] Performance Events: unsupported Netburst CPU model 6 no PMU driver, software events only.
[    1.625706] RCU test callback executed 1
[    1.626601] initcall init_hw_perf_events+0x0/0x6ce returned 0 after 1953 usecs
[    1.627592] calling  init_real_mode+0x0/0x1e9 @ 1
[    1.628903] initcall init_real_mode+0x0/0x1e9 returned 0 after 0 usecs
[    1.629591] calling  trace_init_perf_perm_irq_work_exit+0x0/0x12 @ 1
[    1.630619] initcall trace_init_perf_perm_irq_work_exit+0x0/0x12 returned 0 after 0 usecs
[    1.631607] calling  validate_x2apic+0x0/0x4a @ 1
[    1.632627] initcall validate_x2apic+0x0/0x4a returned 0 after 0 usecs
[    1.633591] calling  register_nmi_cpu_backtrace_handler+0x0/0x15 @ 1
[    1.634608] initcall register_nmi_cpu_backtrace_handler+0x0/0x15 returned 0 after 0 usecs
[    1.635591] calling  kvm_setup_vsyscall_timeinfo+0x0/0xce @ 1
[    1.636591] initcall kvm_setup_vsyscall_timeinfo+0x0/0xce returned 0 after 0 usecs
[    1.637590] calling  spawn_ksoftirqd+0x0/0x38 @ 1
[    1.639729] initcall spawn_ksoftirqd+0x0/0x38 returned 0 after 976 usecs
[    1.640592] calling  migration_init+0x0/0x31 @ 1
[    1.641605] initcall migration_init+0x0/0x31 returned 0 after 0 usecs
[    1.642590] calling  srcu_bootup_announce+0x0/0x2f @ 1
[    1.643599] rcu: Hierarchical SRCU implementation.
[    1.644590] initcall srcu_bootup_announce+0x0/0x2f returned 0 after 976 usecs
[    1.645592] calling  rcu_spawn_gp_kthread+0x0/0x1b0 @ 1
[    1.646750] initcall rcu_spawn_gp_kthread+0x0/0x1b0 returned 0 after 0 usecs
[    1.647595] calling  check_cpu_stall_init+0x0/0x1a @ 1
[    1.648593] initcall check_cpu_stall_init+0x0/0x1a returned 0 after 0 usecs
[    1.649592] calling  rcu_sysrq_init+0x0/0x21 @ 1
[    1.650663] initcall rcu_sysrq_init+0x0/0x21 returned 0 after 0 usecs
[    1.652636] calling  trace_init_flags_sys_enter+0x0/0xe @ 1
[    1.653604] RCU test callback executed 2
[    1.654595] initcall trace_init_flags_sys_enter+0x0/0xe returned 0 after 0 usecs
[    1.655592] calling  trace_init_flags_sys_exit+0x0/0xe @ 1
[    1.656593] initcall trace_init_flags_sys_exit+0x0/0xe returned 0 after 0 usecs
[    1.657594] calling  cpu_stop_init+0x0/0x8d @ 1
[    1.659023] initcall cpu_stop_init+0x0/0x8d returned 0 after 0 usecs
[    1.659596] calling  init_kprobes+0x0/0x16e @ 1
[    1.662491] initcall init_kprobes+0x0/0x16e returned 0 after 976 usecs
[    1.662596] calling  init_events+0x0/0x3d @ 1
[    1.663642] initcall init_events+0x0/0x3d returned 0 after 0 usecs
[    1.664594] calling  init_trace_printk+0x0/0xc @ 1
[    1.665597] initcall init_trace_printk+0x0/0xc returned 0 after 0 usecs
[    1.666594] calling  event_trace_enable_again+0x0/0x23 @ 1
[    1.667595] initcall event_trace_enable_again+0x0/0x23 returned 0 after 0 usecs
[    1.668593] calling  static_call_init+0x0/0x79 @ 1
[    1.669595] initcall static_call_init+0x0/0x79 returned 0 after 0 usecs
[    1.670615] calling  jump_label_init_module+0x0/0xc @ 1
[    1.671598] initcall jump_label_init_module+0x0/0xc returned 0 after 0 usecs
[    1.672595] calling  init_zero_pfn+0x0/0x37 @ 1
[    1.673594] initcall init_zero_pfn+0x0/0x37 returned 0 after 0 usecs
[    1.674600] calling  initialize_ptr_random+0x0/0x54 @ 1
[    1.675663] initcall initialize_ptr_random+0x0/0x54 returned 0 after 0 usecs
[    1.676672] calling  efi_memreserve_root_init+0x0/0x25 @ 1
[    1.677620] initcall efi_memreserve_root_init+0x0/0x25 returned 0 after 0 usecs
[    1.678597] calling  efi_earlycon_remap_fb+0x0/0x51 @ 1
[    1.679597] initcall efi_earlycon_remap_fb+0x0/0x51 returned 0 after 0 usecs
[    1.682866] smp: Bringing up secondary CPUs ...
[    1.686728] x86: Booting SMP configuration:
[    1.687594] .... node  #0, CPUs:      #1
[    1.104732] kvm-clock: cpu 1, msr dd29041, secondary cpu clock
[    1.715057] kvm-guest: stealtime: cpu 1, msr 1f45bb40
[    1.732403]  #2
[    1.104732] kvm-clock: cpu 2, msr dd29081, secondary cpu clock
[    1.754814] kvm-guest: stealtime: cpu 2, msr 1f49bb40
[    1.768326]  #3
[    1.104732] kvm-clock: cpu 3, msr dd290c1, secondary cpu clock
[    1.791819] kvm-guest: stealtime: cpu 3, msr 1f4dbb40
[    1.806112]  #4
[    1.104732] kvm-clock: cpu 4, msr dd29101, secondary cpu clock
[    1.828886] kvm-guest: stealtime: cpu 4, msr 1f51bb40
[    1.842604]  #5
[    1.104732] kvm-clock: cpu 5, msr dd29141, secondary cpu clock
[    1.864797] kvm-guest: stealtime: cpu 5, msr 1f55bb40
[    1.879604]  #6
[    1.104732] kvm-clock: cpu 6, msr dd29181, secondary cpu clock
[    1.904814] kvm-guest: stealtime: cpu 6, msr 1f59bb40
[    1.919020]  #7
[    1.104732] kvm-clock: cpu 7, msr dd291c1, secondary cpu clock
[    1.943896] kvm-guest: stealtime: cpu 7, msr 1f5dbb40
[    1.959680] smp: Brought up 1 node, 8 CPUs
[    1.960591] smpboot: Max logical packages: 1
[    1.961591] smpboot: Total of 8 processors activated (31999.98 BogoMIPS)
[    1.967729] devtmpfs: initialized
[    1.970343] calling  ipc_ns_init+0x0/0x3d @ 1
[    1.971671] initcall ipc_ns_init+0x0/0x3d returned 0 after 0 usecs
[    1.972594] calling  init_mmap_min_addr+0x0/0x21 @ 1
[    1.973599] initcall init_mmap_min_addr+0x0/0x21 returned 0 after 0 usecs
[    1.974594] calling  pci_realloc_setup_params+0x0/0x3f @ 1
[    1.975595] initcall pci_realloc_setup_params+0x0/0x3f returned 0 after 0 usecs
[    1.976595] calling  net_ns_init+0x0/0x140 @ 1
[    1.979149] initcall net_ns_init+0x0/0x140 returned 0 after 976 usecs
[    1.979616] calling  e820__register_nvs_regions+0x0/0x37 @ 1
[    1.980595] initcall e820__register_nvs_regions+0x0/0x37 returned 0 after 0 usecs
[    1.981594] calling  cpufreq_register_tsc_scaling+0x0/0x2e @ 1
[    1.982594] initcall cpufreq_register_tsc_scaling+0x0/0x2e returned 0 after 0 usecs
[    1.983597] calling  reboot_init+0x0/0x3c @ 1
[    1.984646] initcall reboot_init+0x0/0x3c returned 0 after 0 usecs
[    1.985593] calling  init_lapic_sysfs+0x0/0x20 @ 1
[    1.986629] initcall init_lapic_sysfs+0x0/0x20 returned 0 after 0 usecs
[    1.987593] calling  alloc_frozen_cpus+0x0/0x7 @ 1
[    1.988593] initcall alloc_frozen_cpus+0x0/0x7 returned 0 after 0 usecs
[    1.989607] calling  cpu_hotplug_pm_sync_init+0x0/0x13 @ 1
[    1.990627] initcall cpu_hotplug_pm_sync_init+0x0/0x13 returned 0 after 0 usecs
[    1.991593] calling  wq_sysfs_init+0x0/0x2a @ 1
[    1.992714] initcall wq_sysfs_init+0x0/0x2a returned 0 after 0 usecs
[    1.993592] calling  ksysfs_init+0x0/0x92 @ 1
[    1.995592] initcall ksysfs_init+0x0/0x92 returned 0 after 976 usecs
[    1.996593] calling  schedutil_gov_init+0x0/0xc @ 1
[    1.997780] initcall schedutil_gov_init+0x0/0xc returned 0 after 0 usecs
[    1.998594] calling  pm_init+0x0/0x76 @ 1
[    1.999694] initcall pm_init+0x0/0x76 returned 0 after 0 usecs
[    2.000592] calling  pm_disk_init+0x0/0x13 @ 1
[    2.001693] initcall pm_disk_init+0x0/0x13 returned 0 after 0 usecs
[    2.003595] calling  swsusp_header_init+0x0/0x2b @ 1
[    2.004598] initcall swsusp_header_init+0x0/0x2b returned 0 after 0 usecs
[    2.005594] calling  rcu_set_runtime_mode+0x0/0x2a @ 1
[    2.009975] initcall rcu_set_runtime_mode+0x0/0x2a returned 0 after 2929 usecs
[    2.010598] calling  init_jiffies_clocksource+0x0/0x13 @ 1
[    2.011594] clocksource: jiffies: mask: 0xffffffff max_cycles: 0xffffffff, max_idle_ns: 1911260446275000 ns
[    2.012629] initcall init_jiffies_clocksource+0x0/0x13 returned 0 after 976 usecs
[    2.013596] calling  futex_init+0x0/0x118 @ 1
[    2.015598] futex hash table entries: 2048 (order: 6, 262144 bytes, linear)
[    2.016712] initcall futex_init+0x0/0x118 returned 0 after 976 usecs
[    2.017600] calling  cgroup_wq_init+0x0/0x28 @ 1
[    2.018638] initcall cgroup_wq_init+0x0/0x28 returned 0 after 0 usecs
[    2.019597] calling  cgroup1_wq_init+0x0/0x28 @ 1
[    2.020616] initcall cgroup1_wq_init+0x0/0x28 returned 0 after 0 usecs
[    2.021597] calling  init_kprobe_trace_early+0x0/0x2a @ 1
[    2.022694] initcall init_kprobe_trace_early+0x0/0x2a returned 0 after 0 usecs
[    2.023594] calling  fsnotify_init+0x0/0x56 @ 1
[    2.024619] initcall fsnotify_init+0x0/0x56 returned 0 after 0 usecs
[    2.025592] calling  filelock_init+0x0/0xb3 @ 1
[    2.026633] initcall filelock_init+0x0/0xb3 returned 0 after 0 usecs
[    2.027677] calling  init_misc_binfmt+0x0/0x2c @ 1
[    2.028769] initcall init_misc_binfmt+0x0/0x2c returned 0 after 0 usecs
[    2.029595] calling  init_script_binfmt+0x0/0x15 @ 1
[    2.030593] initcall init_script_binfmt+0x0/0x15 returned 0 after 0 usecs
[    2.031592] calling  init_elf_binfmt+0x0/0x15 @ 1
[    2.032595] initcall init_elf_binfmt+0x0/0x15 returned 0 after 0 usecs
[    2.033595] calling  init_compat_elf_binfmt+0x0/0x15 @ 1
[    2.034597] initcall init_compat_elf_binfmt+0x0/0x15 returned 0 after 0 usecs
[    2.035594] calling  debugfs_init+0x0/0x5c @ 1
[    2.036630] initcall debugfs_init+0x0/0x5c returned 0 after 0 usecs
[    2.037596] calling  tracefs_init+0x0/0x3a @ 1
[    2.039892] initcall tracefs_init+0x0/0x3a returned 0 after 976 usecs
[    2.040685] calling  prandom_init_early+0x0/0x15d @ 1
[    2.041601] initcall prandom_init_early+0x0/0x15d returned 0 after 0 usecs
[    2.042669] calling  virtio_init+0x0/0x20 @ 1
[    2.043650] initcall virtio_init+0x0/0x20 returned 0 after 0 usecs
[    2.044597] calling  iommu_init+0x0/0x2a @ 1
[    2.045602] initcall iommu_init+0x0/0x2a returned 0 after 0 usecs
[    2.046593] calling  component_debug_init+0x0/0x1c @ 1
[    2.047958] initcall component_debug_init+0x0/0x1c returned 0 after 0 usecs
[    2.048595] calling  early_resume_init+0x0/0xb9 @ 1
[    2.050588] PM: RTC time: 03:48:46, date: 2022-12-13
[    2.051597] initcall early_resume_init+0x0/0xb9 returned 0 after 1953 usecs
[    2.052614] calling  cpufreq_core_init+0x0/0x62 @ 1
[    2.053603] initcall cpufreq_core_init+0x0/0x62 returned 0 after 0 usecs
[    2.054592] calling  cpufreq_gov_performance_init+0x0/0xc @ 1
[    2.055613] initcall cpufreq_gov_performance_init+0x0/0xc returned 0 after 0 usecs
[    2.056592] calling  cpufreq_gov_userspace_init+0x0/0xc @ 1
[    2.057594] initcall cpufreq_gov_userspace_init+0x0/0xc returned 0 after 0 usecs
[    2.058591] calling  CPU_FREQ_GOV_ONDEMAND_init+0x0/0xc @ 1
[    2.059594] initcall CPU_FREQ_GOV_ONDEMAND_init+0x0/0xc returned 0 after 0 usecs
[    2.060592] calling  cpuidle_init+0x0/0x1f @ 1
[    2.061679] initcall cpuidle_init+0x0/0x1f returned 0 after 0 usecs
[    2.062593] calling  capsule_reboot_register+0x0/0xc @ 1
[    2.063715] initcall capsule_reboot_register+0x0/0xc returned 0 after 0 usecs
[    2.065594] calling  sock_init+0x0/0x93 @ 1
[    2.067946] initcall sock_init+0x0/0x93 returned 0 after 976 usecs
[    2.068594] calling  net_inuse_init+0x0/0x23 @ 1
[    2.069641] initcall net_inuse_init+0x0/0x23 returned 0 after 0 usecs
[    2.070594] calling  net_defaults_init+0x0/0x23 @ 1
[    2.071595] initcall net_defaults_init+0x0/0x23 returned 0 after 0 usecs
[    2.072597] calling  init_default_flow_dissectors+0x0/0x4f @ 1
[    2.073622] initcall init_default_flow_dissectors+0x0/0x4f returned 0 after 0 usecs
[    2.074595] calling  netpoll_init+0x0/0x44 @ 1
[    2.075594] initcall netpoll_init+0x0/0x44 returned 0 after 0 usecs
[    2.076593] calling  netlink_proto_init+0x0/0x154 @ 1
[    2.078796] NET: Registered protocol family 16
[    2.080758] initcall netlink_proto_init+0x0/0x154 returned 0 after 2929 usecs
[    2.081613] calling  genl_init+0x0/0x35 @ 1
[    2.082680] initcall genl_init+0x0/0x35 returned 0 after 0 usecs
[    2.083649] calling  bsp_pm_check_init+0x0/0x13 @ 1
[    2.084597] initcall bsp_pm_check_init+0x0/0x13 returned 0 after 0 usecs
[    2.085635] calling  irq_sysfs_init+0x0/0xb9 @ 1
[    2.087013] initcall irq_sysfs_init+0x0/0xb9 returned 0 after 0 usecs
[    2.087595] calling  audit_init+0x0/0x127 @ 1
[    2.088618] audit: initializing netlink subsys (disabled)
[    2.090754] initcall audit_init+0x0/0x127 returned 0 after 1953 usecs
[    2.090764] audit: type=2000 audit(1670903324.876:1): state=initialized audit_enabled=0 res=1
[    2.091600] calling  release_early_probes+0x0/0x32 @ 1
[    2.093601] initcall release_early_probes+0x0/0x32 returned 0 after 0 usecs
[    2.094604] calling  bdi_class_init+0x0/0x48 @ 1
[    2.095662] initcall bdi_class_init+0x0/0x48 returned 0 after 0 usecs
[    2.096604] calling  mm_sysfs_init+0x0/0x28 @ 1
[    2.097611] initcall mm_sysfs_init+0x0/0x28 returned 0 after 0 usecs
[    2.098596] calling  init_per_zone_wmark_min+0x0/0x6d @ 1
[    2.099712] initcall init_per_zone_wmark_min+0x0/0x6d returned 0 after 0 usecs
[    2.100594] calling  mpi_init+0x0/0x3e @ 1
[    2.102594] initcall mpi_init+0x0/0x3e returned 0 after 976 usecs
[    2.103593] calling  kobject_uevent_init+0x0/0xc @ 1
[    2.104627] initcall kobject_uevent_init+0x0/0xc returned 0 after 0 usecs
[    2.106591] calling  pcibus_class_init+0x0/0x13 @ 1
[    2.107616] initcall pcibus_class_init+0x0/0x13 returned 0 after 0 usecs
[    2.108610] calling  pci_driver_init+0x0/0x21 @ 1
[    2.109723] initcall pci_driver_init+0x0/0x21 returned 0 after 0 usecs
[    2.111597] calling  backlight_class_init+0x0/0xa8 @ 1
[    2.113630] initcall backlight_class_init+0x0/0xa8 returned 0 after 976 usecs
[    2.114594] calling  tty_class_init+0x0/0x33 @ 1
[    2.115610] initcall tty_class_init+0x0/0x33 returned 0 after 0 usecs
[    2.116596] calling  vtconsole_class_init+0x0/0xb5 @ 1
[    2.117822] initcall vtconsole_class_init+0x0/0xb5 returned 0 after 0 usecs
[    2.118602] calling  iommu_dev_init+0x0/0x13 @ 1
[    2.119642] initcall iommu_dev_init+0x0/0x13 returned 0 after 0 usecs
[    2.120601] calling  mipi_dsi_bus_init+0x0/0xc @ 1
[    2.121644] initcall mipi_dsi_bus_init+0x0/0xc returned 0 after 0 usecs
[    2.122598] calling  devlink_class_init+0x0/0x40 @ 1
[    2.123656] initcall devlink_class_init+0x0/0x40 returned 0 after 0 usecs
[    2.124598] calling  software_node_init+0x0/0x2a @ 1
[    2.125610] initcall software_node_init+0x0/0x2a returned 0 after 0 usecs
[    2.126598] calling  wakeup_sources_debugfs_init+0x0/0x23 @ 1
[    2.127614] initcall wakeup_sources_debugfs_init+0x0/0x23 returned 0 after 0 usecs
[    2.128595] calling  wakeup_sources_sysfs_init+0x0/0x2c @ 1
[    2.129614] initcall wakeup_sources_sysfs_init+0x0/0x2c returned 0 after 0 usecs
[    2.130593] calling  register_node_type+0x0/0x13 @ 1
[    2.131666] initcall register_node_type+0x0/0x13 returned 0 after 0 usecs
[    2.132597] calling  regmap_initcall+0x0/0xc @ 1
[    2.134672] initcall regmap_initcall+0x0/0xc returned 0 after 0 usecs
[    2.135592] calling  i2c_init+0x0/0xb3 @ 1
[    2.136711] initcall i2c_init+0x0/0xb3 returned 0 after 0 usecs
[    2.137591] calling  thermal_init+0x0/0x116 @ 1
[    2.139715] thermal_sys: Registered thermal governor 'step_wise'
[    2.139718] thermal_sys: Registered thermal governor 'user_space'
[    2.140608] initcall thermal_init+0x0/0x116 returned 0 after 976 usecs
[    2.142594] calling  init_menu+0x0/0xc @ 1
[    2.143769] cpuidle: using governor menu
[    2.144593] initcall init_menu+0x0/0xc returned 0 after 976 usecs
[    2.145593] calling  pcc_init+0x0/0x4d @ 1
[    2.146595] initcall pcc_init+0x0/0x4d returned -19 after 0 usecs
[    2.147593] calling  amd_postcore_init+0x0/0x11e @ 1
[    2.148592] initcall amd_postcore_init+0x0/0x11e returned 0 after 0 usecs
[    2.149610] calling  bts_init+0x0/0xba @ 1
[    2.150593] initcall bts_init+0x0/0xba returned -19 after 0 usecs
[    2.151592] calling  pt_init+0x0/0x34d @ 1
[    2.152592] initcall pt_init+0x0/0x34d returned -19 after 0 usecs
[    2.153591] calling  boot_params_ksysfs_init+0x0/0x2ee @ 1
[    2.154614] initcall boot_params_ksysfs_init+0x0/0x2ee returned 0 after 0 usecs
[    2.155591] calling  sbf_init+0x0/0xea @ 1
[    2.156591] initcall sbf_init+0x0/0xea returned 0 after 0 usecs
[    2.157592] calling  arch_kdebugfs_init+0x0/0x219 @ 1
[    2.158635] initcall arch_kdebugfs_init+0x0/0x219 returned 0 after 0 usecs
[    2.159611] calling  intel_pconfig_init+0x0/0x85 @ 1
[    2.160593] initcall intel_pconfig_init+0x0/0x85 returned 0 after 0 usecs
[    2.161608] calling  mtrr_if_init+0x0/0x5d @ 1
[    2.162600] initcall mtrr_if_init+0x0/0x5d returned 0 after 0 usecs
[    2.163592] calling  activate_jump_labels+0x0/0x31 @ 1
[    2.164593] initcall activate_jump_labels+0x0/0x31 returned 0 after 0 usecs
[    2.165593] calling  ffh_cstate_init+0x0/0x29 @ 1
[    2.166597] initcall ffh_cstate_init+0x0/0x29 returned 0 after 0 usecs
[    2.167598] calling  activate_jump_labels+0x0/0x31 @ 1
[    2.170282] initcall activate_jump_labels+0x0/0x31 returned 0 after 976 usecs
[    2.170596] calling  kvm_alloc_cpumask+0x0/0x74 @ 1
[    2.172646] initcall kvm_alloc_cpumask+0x0/0x74 returned 0 after 0 usecs
[    2.173595] calling  kcmp_cookies_init+0x0/0x37 @ 1
[    2.174629] initcall kcmp_cookies_init+0x0/0x37 returned 0 after 0 usecs
[    2.175594] calling  cryptomgr_init+0x0/0xc @ 1
[    2.176697] initcall cryptomgr_init+0x0/0xc returned 0 after 0 usecs
[    2.177595] calling  acpi_pci_init+0x0/0x57 @ 1
[    2.179588] ACPI: bus type PCI registered
[    2.180595] initcall acpi_pci_init+0x0/0x57 returned 0 after 1953 usecs
[    2.181593] calling  dma_channel_table_init+0x0/0xd1 @ 1
[    2.182616] initcall dma_channel_table_init+0x0/0xd1 returned 0 after 0 usecs
[    2.183595] calling  dma_bus_init+0x0/0xdc @ 1
[    2.184668] initcall dma_bus_init+0x0/0xdc returned 0 after 0 usecs
[    2.185691] calling  iommu_dma_init+0x0/0x10 @ 1
[    2.187622] initcall iommu_dma_init+0x0/0x10 returned 0 after 976 usecs
[    2.188593] calling  dmi_id_init+0x0/0x37c @ 1
[    2.191271] initcall dmi_id_init+0x0/0x37c returned 0 after 976 usecs
[    2.191594] calling  pci_arch_init+0x0/0x71 @ 1
[    2.193605] PCI: MMCONFIG for domain 0000 [bus 00-ff] at [mem 0xb0000000-0xbfffffff] (base 0xb0000000)
[    2.194598] PCI: MMCONFIG at [mem 0xb0000000-0xbfffffff] reserved in E820
[    2.195647] PCI: Using configuration type 1 for base access
[    2.196644] initcall pci_arch_init+0x0/0x71 returned 0 after 3906 usecs
[    2.197621] calling  init_vdso+0x0/0x13 @ 1
[    2.198641] initcall init_vdso+0x0/0x13 returned 0 after 0 usecs
[    2.199596] calling  sysenter_setup+0x0/0x13 @ 1
[    2.200636] initcall sysenter_setup+0x0/0x13 returned 0 after 0 usecs
[    2.201592] calling  fixup_ht_bug+0x0/0xe5 @ 1
[    2.202592] initcall fixup_ht_bug+0x0/0xe5 returned 0 after 0 usecs
[    2.203595] calling  topology_init+0x0/0x88 @ 1
[    2.206591] initcall topology_init+0x0/0x88 returned 0 after 1953 usecs
[    2.207594] calling  intel_epb_init+0x0/0x68 @ 1
[    2.208594] initcall intel_epb_init+0x0/0x68 returned -19 after 0 usecs
[    2.209593] calling  mtrr_init_finialize+0x0/0x3e @ 1
[    2.210594] initcall mtrr_init_finialize+0x0/0x3e returned 0 after 0 usecs
[    2.211593] calling  uid_cache_init+0x0/0x85 @ 1
[    2.212620] initcall uid_cache_init+0x0/0x85 returned 0 after 0 usecs
[    2.213593] calling  param_sysfs_init+0x0/0x1ba @ 1
[    2.229064] initcall param_sysfs_init+0x0/0x1ba returned 0 after 13671 usecs
[    2.229594] calling  user_namespace_sysctl_init+0x0/0x33 @ 1
[    2.230661] initcall user_namespace_sysctl_init+0x0/0x33 returned 0 after 0 usecs
[    2.231593] calling  proc_schedstat_init+0x0/0x24 @ 1
[    2.232600] initcall proc_schedstat_init+0x0/0x24 returned 0 after 0 usecs
[    2.233592] calling  pm_sysrq_init+0x0/0x18 @ 1
[    2.234729] initcall pm_sysrq_init+0x0/0x18 returned 0 after 0 usecs
[    2.235875] calling  create_proc_profile+0x0/0xd0 @ 1
[    2.236626] initcall create_proc_profile+0x0/0xd0 returned 0 after 0 usecs
[    2.237599] calling  time_ns_init+0x0/0x7 @ 1
[    2.238597] initcall time_ns_init+0x0/0x7 returned 0 after 0 usecs
[    2.239594] calling  crash_save_vmcoreinfo_init+0x0/0x722 @ 1
[    2.240746] initcall crash_save_vmcoreinfo_init+0x0/0x722 returned 0 after 0 usecs
[    2.241593] calling  crash_notes_memory_init+0x0/0x35 @ 1
[    2.242600] initcall crash_notes_memory_init+0x0/0x35 returned 0 after 0 usecs
[    2.243594] calling  cgroup_sysfs_init+0x0/0x13 @ 1
[    2.245625] initcall cgroup_sysfs_init+0x0/0x13 returned 0 after 0 usecs
[    2.246593] calling  cgroup_namespaces_init+0x0/0x7 @ 1
[    2.247593] initcall cgroup_namespaces_init+0x0/0x7 returned 0 after 0 usecs
[    2.248592] calling  init_optprobes+0x0/0x13 @ 1
[    2.249700] Kprobes globally optimized
[    2.250594] initcall init_optprobes+0x0/0x13 returned 0 after 976 usecs
[    2.251593] calling  oom_init+0x0/0x2f @ 1
[    2.253992] initcall oom_init+0x0/0x2f returned 0 after 976 usecs
[    2.254605] calling  default_bdi_init+0x0/0xb3 @ 1
[    2.257739] initcall default_bdi_init+0x0/0xb3 returned 0 after 1953 usecs
[    2.258596] calling  percpu_enable_async+0x0/0xe @ 1
[    2.259594] initcall percpu_enable_async+0x0/0xe returned 0 after 0 usecs
[    2.260595] calling  kcompactd_init+0x0/0x8d @ 1
[    2.262856] initcall kcompactd_init+0x0/0x8d returned 0 after 976 usecs
[    2.263710] calling  init_user_reserve+0x0/0x40 @ 1
[    2.264596] initcall init_user_reserve+0x0/0x40 returned 0 after 0 usecs
[    2.266591] calling  init_admin_reserve+0x0/0x40 @ 1
[    2.267598] initcall init_admin_reserve+0x0/0x40 returned 0 after 0 usecs
[    2.268602] calling  init_reserve_notifier+0x0/0x7 @ 1
[    2.269601] initcall init_reserve_notifier+0x0/0x7 returned 0 after 0 usecs
[    2.270598] calling  swap_init_sysfs+0x0/0x62 @ 1
[    2.271614] initcall swap_init_sysfs+0x0/0x62 returned 0 after 0 usecs
[    2.272603] calling  swapfile_init+0x0/0x94 @ 1
[    2.273603] initcall swapfile_init+0x0/0x94 returned 0 after 0 usecs
[    2.274603] calling  hugetlb_init+0x0/0x499 @ 1
[    2.275701] HugeTLB registered 2.00 MiB page size, pre-allocated 0 pages
[    2.277607] initcall hugetlb_init+0x0/0x499 returned 0 after 1953 usecs
[    2.278601] calling  io_wq_init+0x0/0x34 @ 1
[    2.279599] initcall io_wq_init+0x0/0x34 returned 0 after 0 usecs
[    2.280595] calling  seqiv_module_init+0x0/0xc @ 1
[    2.282242] initcall seqiv_module_init+0x0/0xc returned 0 after 0 usecs
[    2.282594] calling  echainiv_module_init+0x0/0xc @ 1
[    2.283596] initcall echainiv_module_init+0x0/0xc returned 0 after 0 usecs
[    2.285986] calling  rsa_init+0x0/0x50 @ 1
[    2.292731] initcall rsa_init+0x0/0x50 returned 0 after 5859 usecs
[    2.293294] cryptomgr_test (61) used greatest stack depth: 14864 bytes left
[    2.293601] calling  crypto_cmac_module_init+0x0/0xc @ 1
[    2.293716] initcall crypto_cmac_module_init+0x0/0xc returned 0 after 0 usecs
[    2.293720] calling  hmac_module_init+0x0/0xc @ 1
[    2.293724] initcall hmac_module_init+0x0/0xc returned 0 after 0 usecs
[    2.293728] calling  crypto_null_mod_init+0x0/0x65 @ 1
[    2.304955] initcall crypto_null_mod_init+0x0/0x65 returned 0 after 10742 usecs
[    2.310597] calling  md5_mod_init+0x0/0xc @ 1
[    2.315604] initcall md5_mod_init+0x0/0xc returned 0 after 3906 usecs
[    2.316593] calling  sha256_generic_mod_init+0x0/0x11 @ 1
[    2.323606] initcall sha256_generic_mod_init+0x0/0x11 returned 0 after 5859 usecs
[    2.324599] calling  crypto_cbc_module_init+0x0/0xc @ 1
[    2.325598] initcall crypto_cbc_module_init+0x0/0xc returned 0 after 0 usecs
[    2.326594] calling  crypto_ctr_module_init+0x0/0x11 @ 1
[    2.327613] initcall crypto_ctr_module_init+0x0/0x11 returned 0 after 0 usecs
[    2.328594] calling  crypto_gcm_module_init+0x0/0x64 @ 1
[    2.329669] initcall crypto_gcm_module_init+0x0/0x64 returned 0 after 0 usecs
[    2.331592] calling  crypto_ccm_module_init+0x0/0x11 @ 1
[    2.332601] initcall crypto_ccm_module_init+0x0/0x11 returned 0 after 0 usecs
[    2.333594] calling  aes_init+0x0/0xc @ 1
[    2.336604] initcall aes_init+0x0/0xc returned 0 after 1953 usecs
[    2.337599] calling  crc32c_mod_init+0x0/0xc @ 1
[    2.339609] initcall crc32c_mod_init+0x0/0xc returned 0 after 976 usecs
[    2.340598] calling  crypto_authenc_module_init+0x0/0xc @ 1
[    2.341599] initcall crypto_authenc_module_init+0x0/0xc returned 0 after 0 usecs
[    2.342595] calling  crypto_authenc_esn_module_init+0x0/0xc @ 1
[    2.343595] initcall crypto_authenc_esn_module_init+0x0/0xc returned 0 after 0 usecs
[    2.344592] calling  drbg_init+0x0/0x7c @ 1
[    2.356720] initcall drbg_init+0x0/0x7c returned 0 after 10742 usecs
[    2.365597] calling  ghash_mod_init+0x0/0xc @ 1
[    2.372730] initcall ghash_mod_init+0x0/0xc returned 0 after 1953 usecs
[    2.380806] calling  init_bio+0x0/0x9a @ 1
[    2.385923] initcall init_bio+0x0/0x9a returned 0 after 0 usecs
[    2.392595] calling  blk_settings_init+0x0/0x29 @ 1
[    2.397593] initcall blk_settings_init+0x0/0x29 returned 0 after 0 usecs
[    2.405593] calling  blk_ioc_init+0x0/0x29 @ 1
[    2.411638] initcall blk_ioc_init+0x0/0x29 returned 0 after 0 usecs
[    2.418594] calling  blk_mq_init+0x0/0xb9 @ 1
[    2.423638] initcall blk_mq_init+0x0/0xb9 returned 0 after 0 usecs
[    2.432600] calling  genhd_device_init+0x0/0x75 @ 1
[    2.442614] initcall genhd_device_init+0x0/0x75 returned 0 after 1953 usecs
[    2.451638] calling  pci_slot_init+0x0/0x40 @ 1
[    2.457643] initcall pci_slot_init+0x0/0x40 returned 0 after 0 usecs
[    2.465599] calling  fbmem_init+0x0/0xd8 @ 1
[    2.470379] initcall fbmem_init+0x0/0xd8 returned 0 after 976 usecs
[    2.479593] calling  acpi_init+0x0/0x319 @ 1
[    2.486665] ACPI: Added _OSI(Module Device)
[    2.492593] ACPI: Added _OSI(Processor Device)
[    2.499594] ACPI: Added _OSI(3.0 _SCP Extensions)
[    2.506593] ACPI: Added _OSI(Processor Aggregator Device)
[    2.514597] ACPI: Added _OSI(Linux-Dell-Video)
[    2.520595] ACPI: Added _OSI(Linux-Lenovo-NV-HDMI-Audio)
[    2.528596] ACPI: Added _OSI(Linux-HPI-Hybrid-Graphics)
[    2.543765] ACPI: 1 ACPI AML tables successfully acquired and loaded
[    2.557624] ACPI: Interpreter enabled
[    2.561671] ACPI: (supports S0 S3 S4 S5)
[    2.566592] ACPI: Using IOAPIC for interrupt routing
[    2.572679] PCI: Using host bridge windows from ACPI; if necessary, use "pci=nocrs" and report a bug
[    2.584233] ACPI: Enabled 2 GPEs in block 00 to 3F
[    2.603259] ACPI: PCI Root Bridge [PCI0] (domain 0000 [bus 00-ff])
[    2.610623] acpi PNP0A08:00: _OSC: OS supports [ExtendedConfig ASPM ClockPM Segments MSI HPX-Type3]
[    2.622074] acpi PNP0A08:00: _OSC: platform does not support [LTR]
[    2.629875] acpi PNP0A08:00: _OSC: OS now controls [PME PCIeCapability]
[    2.638364] PCI host bridge to bus 0000:00
[    2.642621] pci_bus 0000:00: root bus resource [io  0x0000-0x0cf7 window]
[    2.651592] pci_bus 0000:00: root bus resource [io  0x0d00-0xffff window]
[    2.658595] pci_bus 0000:00: root bus resource [mem 0x000a0000-0x000bffff window]
[    2.667593] pci_bus 0000:00: root bus resource [mem 0x20000000-0xafffffff window]
[    2.676592] pci_bus 0000:00: root bus resource [mem 0xc0000000-0xfebfffff window]
[    2.684591] pci_bus 0000:00: root bus resource [mem 0x100000000-0x8ffffffff window]
[    2.693592] pci_bus 0000:00: root bus resource [bus 00-ff]
[    2.701395] pci 0000:00:00.0: calling  quirk_mmio_always_on+0x0/0x10 @ 1
[    2.710617] pci 0000:00:00.0: quirk_mmio_always_on+0x0/0x10 took 0 usecs
[    2.720598] pci 0000:00:00.0: [8086:29c0] type 00 class 0x060000
[    2.732723] pci 0000:00:00.0: calling  quirk_igfx_skip_te_disable+0x0/0x80 @ 1
[    2.741599] pci 0000:00:00.0: quirk_igfx_skip_te_disable+0x0/0x80 took 0 usecs
[    2.752591] pci 0000:00:01.0: [1234:1111] type 00 class 0x030000
[    2.798582] pci 0000:00:01.0: reg 0x10: [mem 0xfd000000-0xfdffffff pref]
[    2.830582] pci 0000:00:01.0: reg 0x18: [mem 0xfebf0000-0xfebf0fff]
[    2.888582] pci 0000:00:01.0: reg 0x30: [mem 0xfebe0000-0xfebeffff pref]
[    2.918582] pci 0000:00:01.0: calling  efifb_fixup_resources+0x0/0xf0 @ 1
[    2.931577] pci 0000:00:01.0: efifb_fixup_resources+0x0/0xf0 took 976 usecs
[    2.952592] pci 0000:00:1f.0: [8086:2918] type 00 class 0x060100
[    2.964495] pci 0000:00:1f.0: calling  quirk_ich7_lpc+0x0/0x60 @ 1
[    2.971866] pci 0000:00:1f.0: quirk: [io  0x0600-0x067f] claimed by ICH6 ACPI/GPIO/TCO
[    2.980988] pci 0000:00:1f.0: quirk_ich7_lpc+0x0/0x60 took 9765 usecs
[    2.988682] pci 0000:00:1f.0: calling  quirk_igfx_skip_te_disable+0x0/0x80 @ 1
[    2.996616] pci 0000:00:1f.0: quirk_igfx_skip_te_disable+0x0/0x80 took 0 usecs
[    3.017097] pci 0000:00:1f.2: [8086:2922] type 00 class 0x010601
[    3.032597] pci 0000:00:1f.2: reg 0x20: [io  0xc040-0xc05f]
[    3.042216] pci 0000:00:1f.2: reg 0x24: [mem 0xfebf1000-0xfebf1fff]
[    3.050713] pci 0000:00:1f.2: calling  quirk_igfx_skip_te_disable+0x0/0x80 @ 1
[    3.058598] pci 0000:00:1f.2: quirk_igfx_skip_te_disable+0x0/0x80 took 0 usecs
[    3.070344] pci 0000:00:1f.3: [8086:2930] type 00 class 0x0c0500
[    3.082591] pci 0000:00:1f.3: reg 0x20: [io  0x0700-0x073f]
[    3.091263] pci 0000:00:1f.3: calling  quirk_igfx_skip_te_disable+0x0/0x80 @ 1
[    3.099595] pci 0000:00:1f.3: quirk_igfx_skip_te_disable+0x0/0x80 took 0 usecs
[    3.121012] ACPI: PCI Interrupt Link [LNKA] (IRQs 5 *10 11)
[    3.128107] ACPI: PCI Interrupt Link [LNKB] (IRQs 5 *10 11)
[    3.135602] ACPI: PCI Interrupt Link [LNKC] (IRQs 5 10 *11)
[    3.142794] ACPI: PCI Interrupt Link [LNKD] (IRQs 5 10 *11)
[    3.150157] ACPI: PCI Interrupt Link [LNKE] (IRQs 5 *10 11)
[    3.157835] ACPI: PCI Interrupt Link [LNKF] (IRQs 5 *10 11)
[    3.165137] ACPI: PCI Interrupt Link [LNKG] (IRQs 5 10 *11)
[    3.172659] ACPI: PCI Interrupt Link [LNKH] (IRQs 5 10 *11)
[    3.179748] ACPI: PCI Interrupt Link [GSIA] (IRQs *16)
[    3.188082] ACPI: PCI Interrupt Link [GSIB] (IRQs *17)
[    3.194707] ACPI: PCI Interrupt Link [GSIC] (IRQs *18)
[    3.200819] ACPI: PCI Interrupt Link [GSID] (IRQs *19)
[    3.207713] ACPI: PCI Interrupt Link [GSIE] (IRQs *20)
[    3.213652] ACPI: PCI Interrupt Link [GSIF] (IRQs *21)
[    3.219655] ACPI: PCI Interrupt Link [GSIG] (IRQs *22)
[    3.226778] ACPI: PCI Interrupt Link [GSIH] (IRQs *23)
[    3.245582] initcall acpi_init+0x0/0x319 returned 0 after 740234 usecs
[    3.254844] calling  pnp_init+0x0/0xc @ 1
[    3.259654] initcall pnp_init+0x0/0xc returned 0 after 0 usecs
[    3.266607] calling  misc_init+0x0/0xbf @ 1
[    3.273418] initcall misc_init+0x0/0xbf returned 0 after 0 usecs
[    3.281597] calling  iommu_subsys_init+0x0/0x4e @ 1
[    3.288670] iommu: Default domain type: Translated 
[    3.294594] initcall iommu_subsys_init+0x0/0x4e returned 0 after 5859 usecs
[    3.302598] calling  vga_arb_device_init+0x0/0x261 @ 1
[    3.319582] pci 0000:00:01.0: vgaarb: setting as boot VGA device
[    3.319582] pci 0000:00:01.0: vgaarb: VGA device added: decodes=io+mem,owns=io+mem,locks=none
[    3.338603] pci 0000:00:01.0: vgaarb: bridge control possible
[    3.345592] vgaarb: loaded
[    3.348602] initcall vga_arb_device_init+0x0/0x261 returned 0 after 38085 usecs
[    3.357034] calling  cn_init+0x0/0xf0 @ 1
[    3.367309] initcall cn_init+0x0/0xf0 returned 0 after 3906 usecs
[    3.374598] calling  dma_buf_init+0x0/0xad @ 1
[    3.382673] initcall dma_buf_init+0x0/0xad returned 0 after 2929 usecs
[    3.390599] calling  dma_resv_lockdep+0x0/0x281 @ 1
[    3.404102] initcall dma_resv_lockdep+0x0/0x281 returned 0 after 7812 usecs
[    3.413599] calling  init_scsi+0x0/0x79 @ 1
[    3.423595] SCSI subsystem initialized
[    3.427613] initcall init_scsi+0x0/0x79 returned 0 after 7812 usecs
[    3.435597] calling  ata_init+0x0/0x332 @ 1
[    3.445983] libata version 3.00 loaded.
[    3.451599] initcall ata_init+0x0/0x332 returned 0 after 10742 usecs
[    3.460604] calling  phy_init+0x0/0x250 @ 1
[    3.467305] initcall phy_init+0x0/0x250 returned 0 after 1953 usecs
[    3.471598] calling  init_pcmcia_cs+0x0/0x35 @ 1
[    3.477035] initcall init_pcmcia_cs+0x0/0x35 returned 0 after 1953 usecs
[    3.482595] calling  usb_common_init+0x0/0x1c @ 1
[    3.488614] initcall usb_common_init+0x0/0x1c returned 0 after 976 usecs
[    3.492600] calling  usb_init+0x0/0x12e @ 1
[    3.499186] ACPI: bus type USB registered
[    3.507754] usbcore: registered new interface driver usbfs
[    3.512758] usbcore: registered new interface driver hub
[    3.520655] usbcore: registered new device driver usb
[    3.528599] initcall usb_init+0x0/0x12e returned 0 after 29296 usecs
[    3.535596] calling  serio_init+0x0/0x29 @ 1
[    3.541633] initcall serio_init+0x0/0x29 returned 0 after 0 usecs
[    3.548596] calling  input_init+0x0/0xf6 @ 1
[    3.553740] initcall input_init+0x0/0xf6 returned 0 after 0 usecs
[    3.560594] calling  rtc_init+0x0/0x4d @ 1
[    3.565613] initcall rtc_init+0x0/0x4d returned 0 after 0 usecs
[    3.572593] calling  pps_init+0x0/0xa9 @ 1
[    3.577672] pps_core: LinuxPPS API ver. 1 registered
[    3.583588] pps_core: Software ver. 5.3.6 - Copyright 2005-2007 Rodolfo Giometti <giometti@linux.it>
[    3.593593] initcall pps_init+0x0/0xa9 returned 0 after 15625 usecs
[    3.601593] calling  ptp_init+0x0/0x98 @ 1
[    3.605615] PTP clock support registered
[    3.610593] initcall ptp_init+0x0/0x98 returned 0 after 4882 usecs
[    3.617594] calling  power_supply_class_init+0x0/0x3f @ 1
[    3.624815] initcall power_supply_class_init+0x0/0x3f returned 0 after 976 usecs
[    3.632593] calling  hwmon_init+0x0/0x104 @ 1
[    3.637616] initcall hwmon_init+0x0/0x104 returned 0 after 0 usecs
[    3.645590] calling  md_init+0x0/0x16b @ 1
[    3.652595] initcall md_init+0x0/0x16b returned 0 after 2929 usecs
[    3.659593] calling  leds_init+0x0/0x3b @ 1
[    3.664627] initcall leds_init+0x0/0x3b returned 0 after 0 usecs
[    3.671596] calling  dmi_init+0x0/0x113 @ 1
[    3.677035] initcall dmi_init+0x0/0x113 returned 0 after 0 usecs
[    3.683593] calling  efisubsys_init+0x0/0x4e7 @ 1
[    3.688624] initcall efisubsys_init+0x0/0x4e7 returned 0 after 0 usecs
[    3.696611] calling  nvmem_init+0x0/0xc @ 1
[    3.701783] initcall nvmem_init+0x0/0xc returned 0 after 0 usecs
[    3.708592] calling  init_soundcore+0x0/0x33 @ 1
[    3.713626] initcall init_soundcore+0x0/0x33 returned 0 after 0 usecs
[    3.721600] calling  alsa_sound_init+0x0/0x8f @ 1
[    3.728824] Advanced Linux Sound Architecture Driver Initialized.
[    3.735594] initcall alsa_sound_init+0x0/0x8f returned 0 after 8789 usecs
[    3.743598] calling  alsa_seq_device_init+0x0/0x71 @ 1
[    3.749679] initcall alsa_seq_device_init+0x0/0x71 returned 0 after 0 usecs
[    3.757593] calling  hda_bus_init+0x0/0xc @ 1
[    3.762716] initcall hda_bus_init+0x0/0xc returned 0 after 0 usecs
[    3.770592] calling  proto_init+0x0/0xc @ 1
[    3.775741] initcall proto_init+0x0/0xc returned 0 after 0 usecs
[    3.782593] calling  net_dev_init+0x0/0x27f @ 1
[    3.792114] initcall net_dev_init+0x0/0x27f returned 0 after 3906 usecs
[    3.799594] calling  neigh_init+0x0/0x84 @ 1
[    3.804599] initcall neigh_init+0x0/0x84 returned 0 after 0 usecs
[    3.811591] calling  fib_notifier_init+0x0/0xc @ 1
[    3.816632] initcall fib_notifier_init+0x0/0xc returned 0 after 0 usecs
[    3.824594] calling  fib_rules_init+0x0/0xab @ 1
[    3.829813] initcall fib_rules_init+0x0/0xab returned 0 after 0 usecs
[    3.837593] calling  pktsched_init+0x0/0x10e @ 1
[    3.842762] initcall pktsched_init+0x0/0x10e returned 0 after 0 usecs
[    3.850594] calling  tc_filter_init+0x0/0xfa @ 1
[    3.855685] initcall tc_filter_init+0x0/0xfa returned 0 after 0 usecs
[    3.863590] calling  tc_action_init+0x0/0x54 @ 1
[    3.868598] initcall tc_action_init+0x0/0x54 returned 0 after 0 usecs
[    3.875592] calling  ethnl_init+0x0/0x52 @ 1
[    3.880784] initcall ethnl_init+0x0/0x52 returned 0 after 976 usecs
[    3.888643] calling  nexthop_init+0x0/0xd8 @ 1
[    3.893779] initcall nexthop_init+0x0/0xd8 returned 0 after 0 usecs
[    3.900593] calling  cipso_v4_init+0x0/0x8d @ 1
[    3.906739] initcall cipso_v4_init+0x0/0x8d returned 0 after 0 usecs
[    3.913592] calling  ieee80211_init+0x0/0x24 @ 1
[    3.920050] initcall ieee80211_init+0x0/0x24 returned 0 after 976 usecs
[    3.927592] calling  netlbl_init+0x0/0x78 @ 1
[    3.932590] NetLabel: Initializing
[    3.936590] NetLabel:  domain hash size = 128
[    3.941588] NetLabel:  protocols = UNLABELED CIPSOv4 CALIPSO
[    3.948002] NetLabel:  unlabeled traffic allowed by default
[    3.954595] initcall netlbl_init+0x0/0x78 returned 0 after 21484 usecs
[    3.961593] calling  rfkill_init+0x0/0x136 @ 1
[    3.968728] initcall rfkill_init+0x0/0x136 returned 0 after 976 usecs
[    3.975593] calling  pci_subsys_init+0x0/0x66 @ 1
[    3.981622] PCI: Using ACPI for IRQ routing
[    4.678298] PCI: pci_cache_line_size set to 64 bytes
[    4.686107] e820: reserve RAM buffer [mem 0x0009fc00-0x0009ffff]
[    4.695793] e820: reserve RAM buffer [mem 0x1ffdf000-0x1fffffff]
[    4.703076] initcall pci_subsys_init+0x0/0x66 returned 0 after 704101 usecs
[    4.713450] calling  nmi_warning_debugfs+0x0/0x26 @ 1
[    4.720422] initcall nmi_warning_debugfs+0x0/0x26 returned 0 after 1953 usecs
[    4.728595] calling  save_microcode_in_initrd+0x0/0x51 @ 1
[    4.734849] initcall save_microcode_in_initrd+0x0/0x51 returned 0 after 0 usecs
[    4.742608] calling  hpet_late_init+0x0/0x207 @ 1
[    4.748939] hpet: 3 channels of 0 reserved for per-cpu timers
[    4.755721] hpet0: at MMIO 0xfed00000, IRQs 2, 8, 0
[    4.760590] hpet0: 3 comparators, 64-bit 100.000000 MHz counter
[    4.770596] initcall hpet_late_init+0x0/0x207 returned 0 after 22460 usecs
[    4.777596] calling  init_amd_nbs+0x0/0x11c @ 1
[    4.783629] initcall init_amd_nbs+0x0/0x11c returned 0 after 976 usecs
[    4.790621] calling  clocksource_done_booting+0x0/0x43 @ 1
[    4.802579] clocksource: Switched to clocksource kvm-clock
[    4.811426] initcall clocksource_done_booting+0x0/0x43 returned 0 after 12531 usecs
[    4.822099] calling  tracer_init_tracefs+0x0/0x248 @ 1
[    5.173283] initcall tracer_init_tracefs+0x0/0x248 returned 0 after 337182 usecs
[    5.181311] calling  init_trace_printk_function_export+0x0/0x2c @ 1
[    5.188151] initcall init_trace_printk_function_export+0x0/0x2c returned 0 after 18 usecs
[    5.196818] calling  init_kprobe_trace+0x0/0x1ab @ 1
[    5.202335] initcall init_kprobe_trace+0x0/0x1ab returned 0 after 74 usecs
[    5.209811] calling  init_dynamic_event+0x0/0x3d @ 1
[    5.215281] initcall init_dynamic_event+0x0/0x3d returned 0 after 15 usecs
[    5.222700] calling  init_uprobe_trace+0x0/0x5c @ 1
[    5.228166] initcall init_uprobe_trace+0x0/0x5c returned 0 after 57 usecs
[    5.235693] calling  init_pipe_fs+0x0/0x44 @ 1
[    5.241104] initcall init_pipe_fs+0x0/0x44 returned 0 after 454 usecs
[    5.248191] calling  inotify_user_setup+0x0/0x47 @ 1
[    5.253885] initcall inotify_user_setup+0x0/0x47 returned 0 after 235 usecs
[    5.261759] calling  eventpoll_init+0x0/0xeb @ 1
[    5.267068] initcall eventpoll_init+0x0/0xeb returned 0 after 112 usecs
[    5.274479] calling  anon_inode_init+0x0/0x58 @ 1
[    5.280074] initcall anon_inode_init+0x0/0x58 returned 0 after 220 usecs
[    5.287672] calling  proc_locks_init+0x0/0x27 @ 1
[    5.293125] initcall proc_locks_init+0x0/0x27 returned 0 after 70 usecs
[    5.300670] calling  iomap_init+0x0/0x1b @ 1
[    5.306868] initcall iomap_init+0x0/0x1b returned 0 after 1274 usecs
[    5.314328] calling  dquot_init+0x0/0x106 @ 1
[    5.319504] VFS: Disk quotas dquot_6.6.0
[    5.324305] VFS: Dquot-cache hash table entries: 512 (order 0, 4096 bytes)
[    5.332093] initcall dquot_init+0x0/0x106 returned 0 after 12291 usecs
[    5.340221] calling  quota_init+0x0/0x23 @ 1
[    5.346230] initcall quota_init+0x0/0x23 returned 0 after 339 usecs
[    5.353538] calling  proc_cmdline_init+0x0/0x21 @ 1
[    5.359254] initcall proc_cmdline_init+0x0/0x21 returned 0 after 40 usecs
[    5.366857] calling  proc_consoles_init+0x0/0x24 @ 1
[    5.372722] initcall proc_consoles_init+0x0/0x24 returned 0 after 8 usecs
[    5.380483] calling  proc_cpuinfo_init+0x0/0x1e @ 1
[    5.386183] initcall proc_cpuinfo_init+0x0/0x1e returned 0 after 8 usecs
[    5.395940] calling  proc_devices_init+0x0/0x24 @ 1
[    5.401436] initcall proc_devices_init+0x0/0x24 returned 0 after 11 usecs
[    5.408826] calling  proc_interrupts_init+0x0/0x24 @ 1
[    5.414614] initcall proc_interrupts_init+0x0/0x24 returned 0 after 10 usecs
[    5.422353] calling  proc_loadavg_init+0x0/0x21 @ 1
[    5.427804] initcall proc_loadavg_init+0x0/0x21 returned 0 after 9 usecs
[    5.435494] calling  proc_meminfo_init+0x0/0x21 @ 1
[    5.441035] initcall proc_meminfo_init+0x0/0x21 returned 0 after 59 usecs
[    5.448811] calling  proc_stat_init+0x0/0x1e @ 1
[    5.453977] initcall proc_stat_init+0x0/0x1e returned 0 after 8 usecs
[    5.461066] calling  proc_uptime_init+0x0/0x21 @ 1
[    5.466343] initcall proc_uptime_init+0x0/0x21 returned 0 after 6 usecs
[    5.473710] calling  proc_version_init+0x0/0x21 @ 1
[    5.479157] initcall proc_version_init+0x0/0x21 returned 0 after 5 usecs
[    5.486515] calling  proc_softirqs_init+0x0/0x21 @ 1
[    5.492065] initcall proc_softirqs_init+0x0/0x21 returned 0 after 6 usecs
[    5.499723] calling  proc_kcore_init+0x0/0xea @ 1
[    5.505268] initcall proc_kcore_init+0x0/0xea returned 0 after 303 usecs
[    5.512934] calling  vmcore_init+0x0/0x57b @ 1
[    5.517924] initcall vmcore_init+0x0/0x57b returned 0 after 29 usecs
[    5.524961] calling  proc_kmsg_init+0x0/0x21 @ 1
[    5.530100] initcall proc_kmsg_init+0x0/0x21 returned 0 after 8 usecs
[    5.537243] calling  proc_page_init+0x0/0x3b @ 1
[    5.542512] initcall proc_page_init+0x0/0x3b returned 0 after 9 usecs
[    5.549502] calling  init_ramfs_fs+0x0/0xc @ 1
[    5.554804] initcall init_ramfs_fs+0x0/0xc returned 0 after 32 usecs
[    5.561965] calling  init_hugetlbfs_fs+0x0/0xf6 @ 1
[    5.569320] initcall init_hugetlbfs_fs+0x0/0xf6 returned 0 after 1232 usecs
[    5.577985] calling  blk_scsi_ioctl_init+0x0/0x2a5 @ 1
[    5.583833] initcall blk_scsi_ioctl_init+0x0/0x2a5 returned 0 after 50 usecs
[    5.591543] calling  acpi_event_init+0x0/0x2c @ 1
[    5.596924] initcall acpi_event_init+0x0/0x2c returned 0 after 88 usecs
[    5.604252] calling  pnp_system_init+0x0/0xc @ 1
[    5.610103] initcall pnp_system_init+0x0/0xc returned 0 after 622 usecs
[    5.617460] calling  pnpacpi_init+0x0/0x69 @ 1
[    5.622446] pnp: PnP ACPI init
[    5.628382] pnp 00:00: Plug and Play ACPI device, IDs PNP0303 (active)
[    5.635804] pnp 00:01: Plug and Play ACPI device, IDs PNP0f13 (active)
[    5.643515] pnp 00:02: Plug and Play ACPI device, IDs PNP0400 (active)
[    5.650808] pnp 00:03: Plug and Play ACPI device, IDs PNP0501 (active)
[    5.658153] pnp 00:04: Plug and Play ACPI device, IDs PNP0b00 (active)
[    5.666028] system 00:05: [mem 0xb0000000-0xbfffffff window] has been reserved
[    5.674139] system 00:05: Plug and Play ACPI device, IDs PNP0c01 (active)
[    5.683942] pnp: PnP ACPI: found 6 devices
[    5.688533] initcall pnpacpi_init+0x0/0x69 returned 0 after 64547 usecs
[    5.702281] calling  chr_dev_init+0x0/0x14d @ 1
[    5.838798] initcall chr_dev_init+0x0/0x14d returned 0 after 126606 usecs
[    5.846662] calling  firmware_class_init+0x0/0x14a @ 1
[    5.853020] initcall firmware_class_init+0x0/0x14a returned 0 after 432 usecs
[    5.861146] calling  init_pcmcia_bus+0x0/0x5b @ 1
[    5.867353] initcall init_pcmcia_bus+0x0/0x5b returned 0 after 781 usecs
[    5.875145] calling  init_acpi_pm_clocksource+0x0/0xda @ 1
[    5.886845] clocksource: acpi_pm: mask: 0xffffff max_cycles: 0xffffff, max_idle_ns: 2085701024 ns
[    5.896799] initcall init_acpi_pm_clocksource+0x0/0xda returned 0 after 15057 usecs
[    5.905323] calling  sysctl_core_init+0x0/0x26 @ 1
[    5.911366] initcall sysctl_core_init+0x0/0x26 returned 0 after 309 usecs
[    5.919128] calling  eth_offload_init+0x0/0x13 @ 1
[    5.925052] initcall eth_offload_init+0x0/0x13 returned 0 after 456 usecs
[    5.932663] calling  ipv4_offload_init+0x0/0x73 @ 1
[    5.938446] initcall ipv4_offload_init+0x0/0x73 returned 0 after 187 usecs
[    5.946138] calling  inet_init+0x0/0x276 @ 1
[    5.951384] NET: Registered protocol family 2
[    5.957968] IP idents hash table entries: 8192 (order: 4, 65536 bytes, linear)
[    5.973160] tcp_listen_portaddr_hash hash table entries: 256 (order: 2, 20480 bytes, linear)
[    5.983122] TCP established hash table entries: 4096 (order: 3, 32768 bytes, linear)
[    5.992511] TCP bind hash table entries: 4096 (order: 6, 294912 bytes, linear)
[    6.005774] TCP: Hash tables configured (established 4096 bind 4096)
[    6.016890] UDP hash table entries: 256 (order: 3, 40960 bytes, linear)
[    6.024950] UDP-Lite hash table entries: 256 (order: 3, 40960 bytes, linear)
[    6.033843] initcall inet_init+0x0/0x276 returned 0 after 80889 usecs
[    6.041588] calling  af_unix_init+0x0/0x4d @ 1
[    6.046924] NET: Registered protocol family 1
[    6.052175] initcall af_unix_init+0x0/0x4d returned 0 after 5242 usecs
[    6.059726] calling  ipv6_offload_init+0x0/0x7e @ 1
[    6.065607] initcall ipv6_offload_init+0x0/0x7e returned 0 after 168 usecs
[    6.073801] calling  init_sunrpc+0x0/0x65 @ 1
[    6.088742] RPC: Registered named UNIX socket transport module.
[    6.095825] RPC: Registered udp transport module.
[    6.101310] RPC: Registered tcp transport module.
[    6.106689] RPC: Registered tcp NFSv4.1 backchannel transport module.
[    6.117387] initcall init_sunrpc+0x0/0x65 returned 0 after 36947 usecs
[    6.124790] calling  cfg80211_init+0x0/0xc5 @ 1
[    6.133765] initcall cfg80211_init+0x0/0xc5 returned 0 after 3774 usecs
[    6.141780] calling  pcibios_assign_resources+0x0/0xbf @ 1
[    6.148753] pci_bus 0000:00: resource 4 [io  0x0000-0x0cf7 window]
[    6.155676] pci_bus 0000:00: resource 5 [io  0x0d00-0xffff window]
[    6.162479] pci_bus 0000:00: resource 6 [mem 0x000a0000-0x000bffff window]
[    6.170738] pci_bus 0000:00: resource 7 [mem 0x20000000-0xafffffff window]
[    6.178424] pci_bus 0000:00: resource 8 [mem 0xc0000000-0xfebfffff window]
[    6.185899] pci_bus 0000:00: resource 9 [mem 0x100000000-0x8ffffffff window]
[    6.194370] initcall pcibios_assign_resources+0x0/0xbf returned 0 after 45340 usecs
[    6.202843] calling  pci_apply_final_quirks+0x0/0x124 @ 1
[    6.209761] pci 0000:00:01.0: calling  pci_fixup_video+0x0/0xe0 @ 1
[    6.217388] pci 0000:00:01.0: Video device with shadowed ROM at [mem 0x000c0000-0x000dffff]
[    6.226660] pci 0000:00:01.0: pci_fixup_video+0x0/0xe0 took 9383 usecs
[    6.234344] PCI: CLS 0 bytes, default 64
[    6.238664] initcall pci_apply_final_quirks+0x0/0x124 returned 0 after 28723 usecs
[    6.247855] calling  acpi_reserve_resources+0x0/0xea @ 1
[    6.254095] initcall acpi_reserve_resources+0x0/0xea returned 0 after 170 usecs
[    6.262201] calling  populate_rootfs+0x0/0x102 @ 1
[    6.272902] initcall populate_rootfs+0x0/0x102 returned 0 after 5224 usecs
[    6.281424] calling  pci_iommu_init+0x0/0x3e @ 1
[    6.286811] initcall pci_iommu_init+0x0/0x3e returned 0 after 120 usecs
[    6.296245] calling  ia32_binfmt_init+0x0/0x13 @ 1
[    6.301685] initcall ia32_binfmt_init+0x0/0x13 returned 0 after 11 usecs
[    6.309200] calling  rapl_pmu_init+0x0/0x267 @ 1
[    6.314727] initcall rapl_pmu_init+0x0/0x267 returned -19 after 128 usecs
[    6.322256] calling  amd_uncore_init+0x0/0x310 @ 1
[    6.327644] initcall amd_uncore_init+0x0/0x310 returned -19 after 0 usecs
[    6.335138] calling  amd_ibs_init+0x0/0x27b @ 1
[    6.340190] initcall amd_ibs_init+0x0/0x27b returned -19 after 0 usecs
[    6.347384] calling  amd_iommu_pc_init+0x0/0x22c @ 1
[    6.353153] initcall amd_iommu_pc_init+0x0/0x22c returned -19 after 46 usecs
[    6.360986] calling  msr_init+0x0/0x55 @ 1
[    6.365796] initcall msr_init+0x0/0x55 returned 0 after 255 usecs
[    6.372527] calling  intel_uncore_init+0x0/0x36f @ 1
[    6.378149] initcall intel_uncore_init+0x0/0x36f returned -19 after 35 usecs
[    6.386199] calling  cstate_pmu_init+0x0/0x1a1 @ 1
[    6.391601] initcall cstate_pmu_init+0x0/0x1a1 returned -19 after 0 usecs
[    6.399235] calling  register_kernel_offset_dumper+0x0/0x1a @ 1
[    6.405949] initcall register_kernel_offset_dumper+0x0/0x1a returned 0 after 48 usecs
[    6.415235] calling  i8259A_init_ops+0x0/0x20 @ 1
[    6.421193] initcall i8259A_init_ops+0x0/0x20 returned 0 after 18 usecs
[    6.428874] calling  init_tsc_clocksource+0x0/0xa4 @ 1
[    6.434905] clocksource: tsc: mask: 0xffffffffffffffff max_cycles: 0x39a85afc727, max_idle_ns: 881590685098 ns
[    6.446301] initcall init_tsc_clocksource+0x0/0xa4 returned 0 after 11127 usecs
[    6.454784] calling  add_rtc_cmos+0x0/0xb0 @ 1
[    6.460235] initcall add_rtc_cmos+0x0/0xb0 returned 0 after 150 usecs
[    6.467672] calling  i8237A_init_ops+0x0/0x3a @ 1
[    6.473302] initcall i8237A_init_ops+0x0/0x3a returned 0 after 126 usecs
[    6.481101] calling  umwait_init+0x0/0x94 @ 1
[    6.486228] initcall umwait_init+0x0/0x94 returned -19 after 16 usecs
[    6.493885] calling  thermal_throttle_init_device+0x0/0x3d @ 1
[    6.500708] initcall thermal_throttle_init_device+0x0/0x3d returned 0 after 38 usecs
[    6.509605] calling  msr_init+0x0/0xd7 @ 1
[    6.532003] initcall msr_init+0x0/0xd7 returned 0 after 17045 usecs
[    6.539391] calling  cpuid_init+0x0/0xd7 @ 1
[    6.558544] initcall cpuid_init+0x0/0xd7 returned 0 after 13740 usecs
[    6.566119] calling  ioapic_init_ops+0x0/0x13 @ 1
[    6.571723] initcall ioapic_init_ops+0x0/0x13 returned 0 after 109 usecs
[    6.579583] calling  add_pcspkr+0x0/0x6c @ 1
[    6.584886] initcall add_pcspkr+0x0/0x6c returned 0 after 170 usecs
[    6.592645] calling  start_periodic_check_for_corruption+0x0/0x30 @ 1
[    6.600277] check: Scanning for low memory corruption every 60 seconds
[    6.607938] initcall start_periodic_check_for_corruption+0x0/0x30 returned 0 after 7510 usecs
[    6.619049] calling  sysfb_init+0x0/0x9c @ 1
[    6.624324] initcall sysfb_init+0x0/0x9c returned 0 after 158 usecs
[    6.631758] calling  audit_classes_init+0x0/0xae @ 1
[    6.637736] initcall audit_classes_init+0x0/0xae returned 0 after 24 usecs
[    6.645783] calling  iosf_mbi_init+0x0/0x24 @ 1
[    6.651894] initcall iosf_mbi_init+0x0/0x24 returned 0 after 532 usecs
[    6.659734] calling  proc_execdomains_init+0x0/0x21 @ 1
[    6.666329] initcall proc_execdomains_init+0x0/0x21 returned 0 after 69 usecs
[    6.674757] calling  register_warn_debugfs+0x0/0x23 @ 1
[    6.681116] initcall register_warn_debugfs+0x0/0x23 returned 0 after 41 usecs
[    6.690963] calling  cpuhp_sysfs_init+0x0/0x79 @ 1
[    6.697343] initcall cpuhp_sysfs_init+0x0/0x79 returned 0 after 237 usecs
[    6.705337] calling  ioresources_init+0x0/0x49 @ 1
[    6.711045] initcall ioresources_init+0x0/0x49 returned 0 after 13 usecs
[    6.718773] calling  lockdep_proc_init+0x0/0x64 @ 1
[    6.725643] initcall lockdep_proc_init+0x0/0x64 returned 0 after 103 usecs
[    6.734005] calling  snapshot_device_init+0x0/0xc @ 1
[    6.741565] initcall snapshot_device_init+0x0/0xc returned 0 after 1354 usecs
[    6.750110] calling  irq_pm_init_ops+0x0/0x13 @ 1
[    6.756552] initcall irq_pm_init_ops+0x0/0x13 returned 0 after 33 usecs
[    6.764603] calling  rcu_torture_init+0x0/0x9be @ 1
[    6.771135] srcud-torture:--- Start of test: nreaders=7 nfakewriters=4 stat_interval=15 verbose=1 test_no_idle_hz=1 shuffle_interval=3 stutter=5 irqreader=1 fqs_duration=0 fqs_holdoff=0 fqs_stutter=3 test_boost=1/0 test_boost_interval=7 test_boost_duration=4 shutdown_secs=1800 stall_cpu=0 stall_cpu_holdoff=10 stall_cpu_irqsoff=0 stall_cpu_block=0 n_barrier_cbs=4 onoff_interval=1000 onoff_holdoff=30 read_exit_delay=13 read_exit_burst=16
[    6.825094] srcud:  Start-test grace-period state: g0 f0x0
[    6.832073] srcud-torture: Creating rcu_torture_writer task
[    6.847402] srcud-torture: rcu_torture_writer task started
[    6.850178] srcud-torture: Creating rcu_torture_fakewriter task
[    6.854183] srcud-torture: GP expediting controlled from boot/sysfs for srcud.
[    6.866822] srcud-torture: Creating rcu_torture_fakewriter task
[    6.867243] srcud-torture: rcu_torture_fakewriter task started
[    6.869142] rcu_torture_writer: Testing expedited GPs.
[    6.869146] rcu_torture_writer: Testing asynchronous GPs.
[    6.879202] srcud-torture: Creating rcu_torture_fakewriter task
[    6.879557] srcud-torture: rcu_torture_fakewriter task started
[    6.882973] rcu_torture_writer: Testing normal GPs.
[    6.917587] srcud-torture: Creating rcu_torture_fakewriter task
[    6.917788] srcud-torture: rcu_torture_fakewriter task started
[    6.926979] srcud-torture: Creating rcu_torture_reader task
[    6.927289] srcud-torture: rcu_torture_fakewriter task started
[    6.948492] srcud-torture: Creating rcu_torture_reader task
[    6.949049] srcud-torture: rcu_torture_reader task started
[    6.959279] srcud-torture: Creating rcu_torture_reader task
[    6.959778] srcud-torture: rcu_torture_reader task started
[    6.977855] srcud-torture: Creating rcu_torture_reader task
[    6.978084] srcud-torture: rcu_torture_reader task started
[    6.987056] srcud-torture: Creating rcu_torture_reader task
[    6.987395] srcud-torture: rcu_torture_reader task started
[    7.009092] srcud-torture: Creating rcu_torture_reader task
[    7.009479] srcud-torture: rcu_torture_reader task started
[    7.019027] srcud-torture: Creating rcu_torture_reader task
[    7.019832] srcud-torture: rcu_torture_reader task started
[    7.039254] srcud-torture: Creating rcu_torture_stats task
[    7.039610] srcud-torture: rcu_torture_reader task started
[    7.047229] srcud-torture: Creating torture_shuffle task
[    7.047734] srcud-torture: rcu_torture_stats task started
[    7.068463] srcud-torture: Creating torture_stutter task
[    7.068495] srcud-torture: torture_shuffle task started
[    7.076875] srcud-torture: Creating torture_shutdown task
[    7.077564] srcud-torture: torture_stutter task started
[    7.098351] srcud-torture: Creating torture_onoff task
[    7.098560] srcud-torture: torture_shutdown task started
[    7.106832] srcud-torture: torture_onoff task started
[    7.107087] srcud-torture: rcu_torture_fwd_prog_init: Disabled, unsupported by RCU flavor under test
[    7.107105] srcud-torture: Creating rcu_torture_barrier_cbs task
[    7.109015] srcud-torture: Creating rcu_torture_barrier_cbs task
[    7.109242] srcud-torture: rcu_torture_barrier_cbs task started
[    7.110369] srcud-torture: Creating rcu_torture_barrier_cbs task
[    7.110383] srcud-torture: rcu_torture_barrier_cbs task started
[    7.111555] srcud-torture:torture_shutdown task: 1799965 ms remaining
[    7.112010] srcud-torture: Creating rcu_torture_barrier_cbs task
[    7.112244] srcud-torture: rcu_torture_barrier_cbs task started
[    7.119410] srcud-torture: torture_onoff begin holdoff
[    7.201153] srcud-torture: Creating rcu_torture_barrier task
[    7.201514] srcud-torture: rcu_torture_barrier_cbs task started
[    7.210558] srcud-torture: Creating rcu_torture_read_exit task
[    7.211032] srcud-torture: rcu_torture_barrier task starting
[    7.237244] srcud-torture: rcu_torture_read_exit: Start of test
[    7.237746] initcall rcu_torture_init+0x0/0x9be returned 0 after 456015 usecs
[    7.254181] calling  timekeeping_init_ops+0x0/0x13 @ 1
[    7.260544] initcall timekeeping_init_ops+0x0/0x13 returned 0 after 92 usecs
[    7.269033] calling  init_clocksource_sysfs+0x0/0x23 @ 1
[    7.277873] initcall init_clocksource_sysfs+0x0/0x23 returned 0 after 2355 usecs
[    7.287095] calling  init_timer_list_procfs+0x0/0x31 @ 1
[    7.294435] initcall init_timer_list_procfs+0x0/0x31 returned 0 after 322 usecs
[    7.303848] calling  alarmtimer_init+0x0/0xf5 @ 1
[    7.311237] initcall alarmtimer_init+0x0/0xf5 returned 0 after 1046 usecs
[    7.320085] calling  init_posix_timers+0x0/0x29 @ 1
[    7.326730] initcall init_posix_timers+0x0/0x29 returned 0 after 380 usecs
[    7.335863] calling  clockevents_init_sysfs+0x0/0xbf @ 1
[    7.343921] initcall clockevents_init_sysfs+0x0/0xbf returned 0 after 868 usecs
[    7.353501] calling  proc_dma_init+0x0/0x21 @ 1
[    7.360126] initcall proc_dma_init+0x0/0x21 returned 0 after 221 usecs
[    7.369733] calling  proc_modules_init+0x0/0x1e @ 1
[    7.376209] initcall proc_modules_init+0x0/0x1e returned 0 after 9 usecs
[    7.384738] calling  kallsyms_init+0x0/0x21 @ 1
[    7.390514] initcall kallsyms_init+0x0/0x21 returned 0 after 8 usecs
[    7.398906] calling  pid_namespaces_init+0x0/0x2c @ 1
[    7.405745] initcall pid_namespaces_init+0x0/0x2c returned 0 after 46 usecs
[    7.416013] calling  audit_watch_init+0x0/0x37 @ 1
[    7.423328] initcall audit_watch_init+0x0/0x37 returned 0 after 30 usecs
[    7.433612] calling  audit_fsnotify_init+0x0/0x37 @ 1
[    7.441267] initcall audit_fsnotify_init+0x0/0x37 returned 0 after 5 usecs
[    7.451162] calling  audit_tree_init+0x0/0x6d @ 1
[    7.457937] initcall audit_tree_init+0x0/0x6d returned 0 after 21 usecs
[    7.467165] calling  seccomp_sysctl_init+0x0/0x2b @ 1
[    7.474098] initcall seccomp_sysctl_init+0x0/0x2b returned 0 after 189 usecs
[    7.482888] calling  utsname_sysctl_init+0x0/0x13 @ 1
[    7.489639] initcall utsname_sysctl_init+0x0/0x13 returned 0 after 45 usecs
[    7.498725] calling  init_tracepoints+0x0/0x27 @ 1
[    7.505477] initcall init_tracepoints+0x0/0x27 returned 0 after 67 usecs
[    7.514318] calling  init_blk_tracer+0x0/0x50 @ 1
[    7.524020] initcall init_blk_tracer+0x0/0x50 returned 0 after 2716 usecs
[    7.532375] calling  perf_event_sysfs_init+0x0/0x83 @ 1
[    7.540993] initcall perf_event_sysfs_init+0x0/0x83 returned 0 after 1966 usecs
[    7.549945] calling  system_trusted_keyring_init+0x0/0x60 @ 1
[    7.557026] Initialise system trusted keyrings
[    7.563095] initcall system_trusted_keyring_init+0x0/0x60 returned 0 after 5924 usecs
[    7.572608] calling  kswapd_init+0x0/0x5c @ 1
[    7.579942] initcall kswapd_init+0x0/0x5c returned 0 after 1569 usecs
[    7.587835] calling  extfrag_debug_init+0x0/0x54 @ 1
[    7.594804] initcall extfrag_debug_init+0x0/0x54 returned 0 after 514 usecs
[    7.603860] calling  mm_compute_batch_init+0x0/0x12 @ 1
[    7.610749] initcall mm_compute_batch_init+0x0/0x12 returned 0 after 84 usecs
[    7.620384] calling  slab_proc_init+0x0/0x21 @ 1
[    7.626606] initcall slab_proc_init+0x0/0x21 returned 0 after 83 usecs
[    7.635499] calling  workingset_init+0x0/0x8c @ 1
[    7.641799] workingset: timestamp_bits=56 max_order=17 bucket_order=0
[    7.650926] initcall workingset_init+0x0/0x8c returned 0 after 8910 usecs
[    7.660104] calling  proc_vmalloc_init+0x0/0x32 @ 1
[    7.667437] initcall proc_vmalloc_init+0x0/0x32 returned 0 after 10 usecs
[    7.675851] calling  procswaps_init+0x0/0x1e @ 1
[    7.681992] initcall procswaps_init+0x0/0x1e returned 0 after 407 usecs
[    7.690121] calling  slab_sysfs_init+0x0/0xec @ 1
[    7.712215] initcall slab_sysfs_init+0x0/0xec returned 0 after 15841 usecs
[    7.720764] calling  fcntl_init+0x0/0x29 @ 1
[    7.726312] initcall fcntl_init+0x0/0x29 returned 0 after 177 usecs
[    7.734231] calling  proc_filesystems_init+0x0/0x21 @ 1
[    7.740959] initcall proc_filesystems_init+0x0/0x21 returned 0 after 26 usecs
[    7.749760] calling  start_dirtytime_writeback+0x0/0x29 @ 1
[    7.756804] initcall start_dirtytime_writeback+0x0/0x29 returned 0 after 26 usecs
[    7.766244] calling  blkdev_init+0x0/0x1b @ 1
[    7.773480] initcall blkdev_init+0x0/0x1b returned 0 after 1292 usecs
[    7.781298] calling  dio_init+0x0/0x2c @ 1
[    7.786538] initcall dio_init+0x0/0x2c returned 0 after 197 usecs
[    7.794125] calling  dnotify_init+0x0/0x78 @ 1
[    7.800063] initcall dnotify_init+0x0/0x78 returned 0 after 172 usecs
[    7.809006] calling  aio_setup+0x0/0x78 @ 1
[    7.817830] initcall aio_setup+0x0/0x78 returned 0 after 2186 usecs
[    7.827513] calling  io_uring_init+0x0/0x2c @ 1
[    7.834539] initcall io_uring_init+0x0/0x2c returned 0 after 16 usecs
[    7.843102] calling  mbcache_init+0x0/0x30 @ 1
[    7.848954] initcall mbcache_init+0x0/0x30 returned 0 after 165 usecs
[    7.857612] calling  init_grace+0x0/0xc @ 1
[    7.863337] initcall init_grace+0x0/0xc returned 0 after 288 usecs
[    7.870868] calling  init_v2_quota_format+0x0/0x21 @ 1
[    7.878217] initcall init_v2_quota_format+0x0/0x21 returned 0 after 431 usecs
[    7.888203] calling  init_devpts_fs+0x0/0x27 @ 1
[    7.894905] initcall init_devpts_fs+0x0/0x27 returned 0 after 355 usecs
[    7.903729] calling  ext4_init_fs+0x0/0x1c2 @ 1
[    7.911624] initcall ext4_init_fs+0x0/0x1c2 returned 0 after 1555 usecs
[    7.920781] calling  journal_init+0x0/0x11c @ 1
[    7.928048] initcall journal_init+0x0/0x11c returned 0 after 331 usecs
[    7.937721] calling  init_fat_fs+0x0/0x49 @ 1
[    7.943845] initcall init_fat_fs+0x0/0x49 returned 0 after 300 usecs
[    7.951955] calling  init_vfat_fs+0x0/0xc @ 1
[    7.957532] initcall init_vfat_fs+0x0/0xc returned 0 after 7 usecs
[    7.965278] calling  init_msdos_fs+0x0/0xc @ 1
[    7.970956] initcall init_msdos_fs+0x0/0xc returned 0 after 4 usecs
[    7.978857] calling  init_iso9660_fs+0x0/0x6c @ 1
[    7.985687] initcall init_iso9660_fs+0x0/0x6c returned 0 after 426 usecs
[    7.994445] calling  init_nfs_fs+0x0/0x13a @ 1
[    8.007023] initcall init_nfs_fs+0x0/0x13a returned 0 after 6615 usecs
[    8.015710] calling  init_nfs_v2+0x0/0x13 @ 1
[    8.021847] initcall init_nfs_v2+0x0/0x13 returned 0 after 114 usecs
[    8.030367] calling  init_nfs_v3+0x0/0x13 @ 1
[    8.036155] initcall init_nfs_v3+0x0/0x13 returned 0 after 2 usecs
[    8.044139] calling  init_nfs_v4+0x0/0x32 @ 1
[    8.049846] NFS: Registering the id_resolver key type
[    8.057245] Key type id_resolver registered
[    8.063535] Key type id_legacy registered
[    8.069776] initcall init_nfs_v4+0x0/0x32 returned 0 after 19503 usecs
[    8.079000] calling  init_nlm+0x0/0x5b @ 1
[    8.085327] initcall init_nlm+0x0/0x5b returned 0 after 156 usecs
[    8.094179] calling  init_nls_cp437+0x0/0xe @ 1
[    8.101297] initcall init_nls_cp437+0x0/0xe returned 0 after 504 usecs
[    8.110669] calling  init_nls_ascii+0x0/0xe @ 1
[    8.117700] initcall init_nls_ascii+0x0/0xe returned 0 after 2 usecs
[    8.127159] calling  init_nls_iso8859_1+0x0/0xe @ 1
[    8.133860] initcall init_nls_iso8859_1+0x0/0xe returned 0 after 2 usecs
[    8.143041] calling  init_nls_utf8+0x0/0x21 @ 1
[    8.149280] initcall init_nls_utf8+0x0/0x21 returned 0 after 40 usecs
[    8.158746] calling  init_autofs_fs+0x0/0x25 @ 1
[    8.170950] initcall init_autofs_fs+0x0/0x25 returned 0 after 5756 usecs
[    8.180061] calling  ipc_init+0x0/0x24 @ 1
[    8.186429] initcall ipc_init+0x0/0x24 returned 0 after 267 usecs
[    8.194562] calling  ipc_sysctl_init+0x0/0x13 @ 1
[    8.201053] initcall ipc_sysctl_init+0x0/0x13 returned 0 after 82 usecs
[    8.209810] calling  init_mqueue_fs+0x0/0xb1 @ 1
[    8.219363] initcall init_mqueue_fs+0x0/0xb1 returned 0 after 2954 usecs
[    8.230226] calling  key_proc_init+0x0/0x63 @ 1
[    8.237988] initcall key_proc_init+0x0/0x63 returned 0 after 14 usecs
[    8.248576] calling  selinux_nf_ip_init+0x0/0x2e @ 1
[    8.257395] initcall selinux_nf_ip_init+0x0/0x2e returned 0 after 92 usecs
[    8.268793] calling  init_sel_fs+0x0/0x116 @ 1
[    8.276140] initcall init_sel_fs+0x0/0x116 returned 0 after 1 usecs
[    8.286194] calling  selnl_init+0x0/0x7c @ 1
[    8.295330] initcall selnl_init+0x0/0x7c returned 0 after 1546 usecs
[    8.304564] calling  sel_netif_init+0x0/0x36 @ 1
[    8.311203] initcall sel_netif_init+0x0/0x36 returned 0 after 1 usecs
[    8.321363] calling  sel_netnode_init+0x0/0x33 @ 1
[    8.327799] initcall sel_netnode_init+0x0/0x33 returned 0 after 1 usecs
[    8.336845] calling  sel_netport_init+0x0/0x33 @ 1
[    8.343921] initcall sel_netport_init+0x0/0x33 returned 0 after 1 usecs
[    8.353669] calling  aurule_init+0x0/0x2a @ 1
[    8.360458] initcall aurule_init+0x0/0x2a returned 0 after 3 usecs
[    8.370270] calling  crypto_algapi_init+0x0/0xc @ 1
[    8.377550] initcall crypto_algapi_init+0x0/0xc returned 0 after 9 usecs
[    8.387314] calling  jent_mod_init+0x0/0x2d @ 1
[    8.411003] initcall jent_mod_init+0x0/0x2d returned 0 after 16387 usecs
[    8.420968] calling  asymmetric_key_init+0x0/0xc @ 1
[    8.428954] Key type asymmetric registered
[    8.435972] initcall asymmetric_key_init+0x0/0xc returned 0 after 6852 usecs
[    8.447197] calling  x509_key_init+0x0/0xc @ 1
[    8.455582] Asymmetric key parser 'x509' registered
[    8.463079] initcall x509_key_init+0x0/0xc returned 0 after 8870 usecs
[    8.472976] calling  proc_genhd_init+0x0/0x41 @ 1
[    8.480374] initcall proc_genhd_init+0x0/0x41 returned 0 after 84 usecs
[    8.490306] calling  bsg_init+0x0/0x113 @ 1
[    8.496866] Block layer SCSI generic (bsg) driver version 0.4 loaded (major 251)
[    8.507631] initcall bsg_init+0x0/0x113 returned 0 after 10675 usecs
[    8.518205] calling  deadline_init+0x0/0xc @ 1
[    8.525513] io scheduler mq-deadline registered
[    8.533043] initcall deadline_init+0x0/0xc returned 0 after 7792 usecs
[    8.542247] calling  kyber_init+0x0/0xc @ 1
[    8.548322] io scheduler kyber registered
[    8.554168] initcall kyber_init+0x0/0xc returned 0 after 5741 usecs
[    8.562985] calling  mod_init+0x0/0x7 @ 1
[    8.569145] initcall mod_init+0x0/0x7 returned 0 after 3 usecs
[    8.578142] calling  percpu_counter_startup+0x0/0x55 @ 1
[    8.597621] initcall percpu_counter_startup+0x0/0x55 returned 0 after 10120 usecs
[    8.608526] calling  sg_pool_init+0x0/0xb4 @ 1
[    8.616402] initcall sg_pool_init+0x0/0xb4 returned 0 after 1640 usecs
[    8.625366] calling  pcie_portdrv_init+0x0/0x39 @ 1
[    8.634839] initcall pcie_portdrv_init+0x0/0x39 returned 0 after 2697 usecs
[    8.644033] calling  pci_proc_init+0x0/0x68 @ 1
[    8.650444] initcall pci_proc_init+0x0/0x68 returned 0 after 130 usecs
[    8.659134] calling  pci_hotplug_init+0x0/0x7 @ 1
[    8.665560] initcall pci_hotplug_init+0x0/0x7 returned 0 after 0 usecs
[    8.674388] calling  efifb_driver_init+0x0/0xe @ 1
[    8.680798] initcall efifb_driver_init+0x0/0xe returned 0 after 85 usecs
[    8.689783] calling  ged_driver_init+0x0/0xe @ 1
[    8.696604] initcall ged_driver_init+0x0/0xe returned 0 after 181 usecs
[    8.705198] calling  acpi_ac_init+0x0/0x92 @ 1
[    8.715180] initcall acpi_ac_init+0x0/0x92 returned 0 after 3750 usecs
[    8.724096] calling  acpi_button_driver_init+0x0/0x52 @ 1
[    8.734067] input: Power Button as /devices/LNXSYSTM:00/LNXPWRBN:00/input/input0
[    8.754457] ACPI: Power Button [PWRF]
[    8.760243] initcall acpi_button_driver_init+0x0/0x52 returned 0 after 27172 usecs
[    8.769848] calling  acpi_fan_driver_init+0x0/0xe @ 1
[    8.776428] initcall acpi_fan_driver_init+0x0/0xe returned 0 after 35 usecs
[    8.785462] calling  acpi_video_init+0x0/0xcb @ 1
[    8.792162] initcall acpi_video_init+0x0/0xcb returned 0 after 431 usecs
[    8.801625] calling  acpi_processor_driver_init+0x0/0xad @ 1
[    8.816403] initcall acpi_processor_driver_init+0x0/0xad returned 0 after 6542 usecs
[    8.827429] calling  acpi_thermal_init+0x0/0x71 @ 1
[    8.837001] initcall acpi_thermal_init+0x0/0x71 returned 0 after 2544 usecs
[    8.846509] calling  acpi_battery_init+0x0/0x32 @ 1
[    8.854131] initcall acpi_battery_init+0x0/0x32 returned 0 after 443 usecs
[    8.863804] calling  bgrt_init+0x0/0xb6 @ 1
[    8.869908] initcall bgrt_init+0x0/0xb6 returned -19 after 1 usecs
[    8.878980] calling  gpio_clk_driver_init+0x0/0xe @ 1
[    8.886165] initcall gpio_clk_driver_init+0x0/0xe returned 0 after 202 usecs
[    8.896521] calling  plt_clk_driver_init+0x0/0xe @ 1
[    8.903587] initcall plt_clk_driver_init+0x0/0xe returned 0 after 149 usecs
[    8.913462] calling  virtio_pci_driver_init+0x0/0x15 @ 1
[    8.921576] initcall virtio_pci_driver_init+0x0/0x15 returned 0 after 978 usecs
[    8.931544] calling  n_null_init+0x0/0x1e @ 1
[    8.938049] initcall n_null_init+0x0/0x1e returned 0 after 68 usecs
[    8.946525] calling  pty_init+0x0/0x1e8 @ 1
[    8.959664] initcall pty_init+0x0/0x1e8 returned 0 after 6721 usecs
[    8.968374] calling  sysrq_init+0x0/0x62 @ 1
[    8.996812] initcall sysrq_init+0x0/0x62 returned 0 after 5755 usecs
[    9.007378] calling  serial8250_init+0x0/0x17e @ 1
[    9.014009] Serial: 8250/16550 driver, 4 ports, IRQ sharing enabled
[    9.044608] 00:03: ttyS0 at I/O 0x3f8 (irq = 4, base_baud = 115200) is a 16550A
[    9.090513] initcall serial8250_init+0x0/0x17e returned 0 after 74950 usecs
[    9.102980] calling  serial_pci_driver_init+0x0/0x15 @ 1
[    9.114198] initcall serial_pci_driver_init+0x0/0x15 returned 0 after 1832 usecs
[    9.127262] calling  exar_pci_driver_init+0x0/0x15 @ 1
[    9.136969] initcall exar_pci_driver_init+0x0/0x15 returned 0 after 455 usecs
[    9.149672] calling  lpss8250_pci_driver_init+0x0/0x15 @ 1
[    9.160049] initcall lpss8250_pci_driver_init+0x0/0x15 returned 0 after 115 usecs
[    9.171402] calling  mid8250_pci_driver_init+0x0/0x15 @ 1
[    9.179461] initcall mid8250_pci_driver_init+0x0/0x15 returned 0 after 46 usecs
[    9.190440] calling  virtio_console_init+0x0/0xff @ 1
[    9.200316] initcall virtio_console_init+0x0/0xff returned 0 after 2037 usecs
[    9.211181] calling  hpet_init+0x0/0x64 @ 1
[    9.233372] initcall hpet_init+0x0/0x64 returned 0 after 16206 usecs
[    9.243531] calling  nvram_module_init+0x0/0x83 @ 1
[    9.253629] Non-volatile memory driver v1.3
[    9.260348] initcall nvram_module_init+0x0/0x83 returned 0 after 8905 usecs
[    9.270816] calling  hwrng_modinit+0x0/0x8a @ 1
[    9.280475] initcall hwrng_modinit+0x0/0x8a returned 0 after 2990 usecs
[    9.289889] calling  mod_init+0x0/0x48 @ 1
[    9.295600] initcall mod_init+0x0/0x48 returned -19 after 1 usecs
[    9.306444] calling  agp_init+0x0/0x23 @ 1
[    9.313566] Linux agpgart interface v0.103
[    9.320789] initcall agp_init+0x0/0x23 returned 0 after 7050 usecs
[    9.331904] calling  agp_amd64_mod_init+0x0/0x5 @ 1
[    9.342989] initcall agp_amd64_mod_init+0x0/0x5 returned -19 after 3140 usecs
[    9.354056] calling  agp_intel_init+0x0/0x28 @ 1
[    9.364973] initcall agp_intel_init+0x0/0x28 returned 0 after 3026 usecs
[    9.377067] calling  drm_kms_helper_init+0x0/0x7 @ 1
[    9.385928] initcall drm_kms_helper_init+0x0/0x7 returned 0 after 226 usecs
[    9.397984] calling  drm_core_init+0x0/0xbd @ 1
[    9.407608] initcall drm_core_init+0x0/0xbd returned 0 after 1322 usecs
[    9.419074] calling  i915_init+0x0/0x6b @ 1
[    9.435966] initcall i915_init+0x0/0x6b returned 0 after 9893 usecs
[    9.446216] calling  cn_proc_init+0x0/0x35 @ 1
[    9.454343] initcall cn_proc_init+0x0/0x35 returned 0 after 129 usecs
[    9.466020] calling  topology_sysfs_init+0x0/0x27 @ 1
[    9.476343] initcall topology_sysfs_init+0x0/0x27 returned 0 after 1872 usecs
[    9.489057] calling  cacheinfo_sysfs_init+0x0/0x27 @ 1
[    9.524684] initcall cacheinfo_sysfs_init+0x0/0x27 returned 0 after 25881 usecs
[    9.535660] calling  loop_init+0x0/0x16a @ 1
[    9.704900] loop: module loaded
[    9.709205] initcall loop_init+0x0/0x16a returned 0 after 163876 usecs
[    9.718348] calling  mac_hid_init+0x0/0x21 @ 1
[    9.724921] initcall mac_hid_init+0x0/0x21 returned 0 after 90 usecs
[    9.733993] calling  spi_transport_init+0x0/0x74 @ 1
[    9.743065] initcall spi_transport_init+0x0/0x74 returned 0 after 1267 usecs
[    9.753987] calling  init_sd+0x0/0x18c @ 1
[    9.761225] initcall init_sd+0x0/0x18c returned 0 after 790 usecs
[    9.769879] calling  init_sr+0x0/0x43 @ 1
[    9.775953] initcall init_sr+0x0/0x43 returned 0 after 167 usecs
[    9.785027] calling  init_sg+0x0/0x1c0 @ 1
[    9.791392] initcall init_sg+0x0/0x1c0 returned 0 after 225 usecs
[    9.800019] calling  ahci_pci_driver_init+0x0/0x15 @ 1
[    9.807686] ahci 0000:00:1f.2: version 3.0
[    9.823689] PCI Interrupt Link [GSIA] enabled at IRQ 16
[    9.853506] ahci 0000:00:1f.2: AHCI 0001.0000 32 slots 6 ports 1.5 Gbps 0x3f impl SATA mode
[    9.865089] ahci 0000:00:1f.2: flags: 64bit ncq only 
[    9.916910] scsi host0: ahci
[    9.936588] scsi host1: ahci
[    9.952320] scsi host2: ahci
[    9.966190] scsi host3: ahci
[    9.980261] scsi host4: ahci
[    9.997182] scsi host5: ahci
[   10.004212] ata1: SATA max UDMA/133 abar m4096@0xfebf1000 port 0xfebf1100 irq 24
[   10.014055] ata2: SATA max UDMA/133 abar m4096@0xfebf1000 port 0xfebf1180 irq 24
[   10.024758] ata3: SATA max UDMA/133 abar m4096@0xfebf1000 port 0xfebf1200 irq 24
[   10.035135] ata4: SATA max UDMA/133 abar m4096@0xfebf1000 port 0xfebf1280 irq 24
[   10.045470] ata5: SATA max UDMA/133 abar m4096@0xfebf1000 port 0xfebf1300 irq 24
[   10.055554] ata6: SATA max UDMA/133 abar m4096@0xfebf1000 port 0xfebf1380 irq 24
[   10.066615] initcall ahci_pci_driver_init+0x0/0x15 returned 0 after 253645 usecs
[   10.076604] calling  piix_init+0x0/0x26 @ 1
[   10.083053] initcall piix_init+0x0/0x26 returned 0 after 774 usecs
[   10.092658] calling  amd_pci_driver_init+0x0/0x15 @ 1
[   10.100305] initcall amd_pci_driver_init+0x0/0x15 returned 0 after 231 usecs
[   10.110100] calling  oldpiix_pci_driver_init+0x0/0x15 @ 1
[   10.118442] initcall oldpiix_pci_driver_init+0x0/0x15 returned 0 after 447 usecs
[   10.128874] calling  sch_pci_driver_init+0x0/0x15 @ 1
[   10.136962] initcall sch_pci_driver_init+0x0/0x15 returned 0 after 335 usecs
[   10.147587] calling  net_olddevs_init+0x0/0x55 @ 1
[   10.155549] initcall net_olddevs_init+0x0/0x55 returned 0 after 374 usecs
[   10.165682] calling  blackhole_netdev_init+0x0/0x78 @ 1
[   10.174882] initcall blackhole_netdev_init+0x0/0x78 returned 0 after 1644 usecs
[   10.185069] calling  phy_module_init+0x0/0x13 @ 1
[   10.193196] initcall phy_module_init+0x0/0x13 returned 0 after 1260 usecs
[   10.203137] calling  tg3_driver_init+0x0/0x15 @ 1
[   10.210336] initcall tg3_driver_init+0x0/0x15 returned 0 after 156 usecs
[   10.220283] calling  e100_init_module+0x0/0x4c @ 1
[   10.227613] e100: Intel(R) PRO/100 Network Driver
[   10.235226] e100: Copyright(c) 1999-2006 Intel Corporation
[   10.243385] initcall e100_init_module+0x0/0x4c returned 0 after 15843 usecs
[   10.253200] calling  e1000_init_module+0x0/0x72 @ 1
[   10.260416] e1000: Intel(R) PRO/1000 Network Driver
[   10.267834] e1000: Copyright (c) 1999-2006 Intel Corporation.
[   10.277178] initcall e1000_init_module+0x0/0x72 returned 0 after 16364 usecs
[   10.289086] calling  e1000_init_module+0x0/0x2d @ 1
[   10.297495] e1000e: Intel(R) PRO/1000 Network Driver
[   10.306110] e1000e: Copyright(c) 1999 - 2015 Intel Corporation.
[   10.316582] initcall e1000_init_module+0x0/0x2d returned 0 after 18671 usecs
[   10.328564] calling  sky2_init_module+0x0/0x21 @ 1
[   10.363833] sky2: driver version 1.30
[   10.384676] initcall sky2_init_module+0x0/0x21 returned 0 after 21061 usecs
[   10.384715] ata2: SATA link down (SStatus 0 SControl 300)
[   10.396018] calling  forcedeth_pci_driver_init+0x0/0x15 @ 1
[   10.397453] initcall forcedeth_pci_driver_init+0x0/0x15 returned 0 after 1393 usecs
[   10.397457] calling  rtl8139_init_module+0x0/0x15 @ 1
[   10.397565] initcall rtl8139_init_module+0x0/0x15 returned 0 after 102 usecs
[   10.397569] calling  rtl8169_pci_driver_init+0x0/0x15 @ 1
[   10.397955] initcall rtl8169_pci_driver_init+0x0/0x15 returned 0 after 373 usecs
[   10.412946] ata4: SATA link down (SStatus 0 SControl 300)
[   10.415123] calling  cdrom_init+0x0/0xc @ 1
[   10.433094] ata6: SATA link down (SStatus 0 SControl 300)
[   10.439472] initcall cdrom_init+0x0/0xc returned 0 after 847 usecs
[   10.450916] ata1: SATA link down (SStatus 0 SControl 300)
[   10.457825] calling  nonstatic_sysfs_init+0x0/0xc @ 1
[   10.458338] initcall nonstatic_sysfs_init+0x0/0xc returned 0 after 492 usecs
[   10.479584] ata3: SATA link up 1.5 Gbps (SStatus 113 SControl 300)
[   10.485158] calling  yenta_cardbus_driver_init+0x0/0x15 @ 1
[   10.500261] ata5: SATA link down (SStatus 0 SControl 300)
[   10.502489] initcall yenta_cardbus_driver_init+0x0/0x15 returned 0 after 388 usecs
[   10.511041] ata3.00: ATAPI: QEMU DVD-ROM, 2.5+, max UDMA/100
[   10.516808] calling  mon_init+0x0/0x144 @ 1
[   10.528861] ata3.00: applying bridge limits
[   10.560610] initcall mon_init+0x0/0x144 returned 0 after 22307 usecs
[   10.570600] ata3.00: configured for UDMA/100
[   10.576898] calling  ehci_hcd_init+0x0/0x56 @ 1
[   10.577187] ehci_hcd: USB 2.0 'Enhanced' Host Controller (EHCI) Driver
[   10.623927] initcall ehci_hcd_init+0x0/0x56 returned 0 after 45912 usecs
[   10.635722] calling  ehci_pci_init+0x0/0x64 @ 1
[   10.641416] scsi 2:0:0:0: CD-ROM            QEMU     QEMU DVD-ROM     2.5+ PQ: 0 ANSI: 5
[   10.653827] ehci-pci: EHCI PCI platform driver
[   10.660889] initcall ehci_pci_init+0x0/0x64 returned 0 after 6919 usecs
[   10.669725] calling  ohci_hcd_mod_init+0x0/0x4e @ 1
[   10.676726] ohci_hcd: USB 1.1 'Open' Host Controller (OHCI) Driver
[   10.684884] initcall ohci_hcd_mod_init+0x0/0x4e returned 0 after 7983 usecs
[   10.694014] calling  ohci_pci_init+0x0/0x64 @ 1
[   10.700281] ohci-pci: OHCI PCI platform driver
[   10.706511] initcall ohci_pci_init+0x0/0x64 returned 0 after 6083 usecs
[   10.715540] calling  uhci_hcd_init+0x0/0xa8 @ 1
[   10.721891] uhci_hcd: USB Universal Host Controller Interface driver
[   10.731809] initcall uhci_hcd_init+0x0/0xa8 returned 0 after 9683 usecs
[   10.740933] calling  xhci_hcd_init+0x0/0x1e @ 1
[   10.747248] initcall xhci_hcd_init+0x0/0x1e returned 0 after 107 usecs
[   10.756959] calling  xhci_pci_init+0x0/0x49 @ 1
[   10.765610] initcall xhci_pci_init+0x0/0x49 returned 0 after 1543 usecs
[   10.770477] sr 2:0:0:0: [sr0] scsi3-mmc drive: 4x/4x cd/rw xa/form2 tray
[   10.776024] calling  usblp_driver_init+0x0/0x15 @ 1
[   10.786256] cdrom: Uniform CD-ROM driver Revision: 3.20
[   10.794014] usbcore: registered new interface driver usblp
[   10.794067] initcall usblp_driver_init+0x0/0x15 returned 0 after 233 usecs
[   10.794073] calling  usb_storage_driver_init+0x0/0x2a @ 1
[   10.794228] usbcore: registered new interface driver usb-storage
[   10.794233] initcall usb_storage_driver_init+0x0/0x2a returned 0 after 152 usecs
[   10.794236] calling  i8042_init+0x0/0x4c2 @ 1
[   10.797097] i8042: PNP: PS/2 Controller [PNP0303:KBD,PNP0f13:MOU] at 0x60,0x64 irq 1,12
[   10.894438] serio: i8042 KBD port at 0x60,0x64 irq 1
[   10.905307] serio: i8042 AUX port at 0x60,0x64 irq 12
[   10.908137] sr 2:0:0:0: Attached scsi CD-ROM sr0
[   10.913568] initcall i8042_init+0x0/0x4c2 returned 0 after 116527 usecs
[   10.924548] sr 2:0:0:0: Attached scsi generic sg0 type 5
[   10.931950] calling  serport_init+0x0/0x2c @ 1
[   10.932221] initcall serport_init+0x0/0x2c returned 0 after 259 usecs
[   10.932225] calling  input_leds_init+0x0/0xc @ 1
[   10.933309] initcall input_leds_init+0x0/0xc returned 0 after 1054 usecs
[   10.976180] calling  evdev_init+0x0/0xc @ 1
[   10.986326] initcall evdev_init+0x0/0xc returned 0 after 3032 usecs
[   10.996908] calling  atkbd_init+0x0/0x21 @ 1
[   11.005832] initcall atkbd_init+0x0/0x21 returned 0 after 1335 usecs
[   11.016485] calling  psmouse_init+0x0/0x7f @ 1
[   11.036374] initcall psmouse_init+0x0/0x7f returned 0 after 12459 usecs
[   11.048260] calling  cmos_init+0x0/0x73 @ 1
[   11.057614] rtc_cmos 00:04: RTC can wake from S4
[   11.070219] input: AT Translated Set 2 keyboard as /devices/platform/i8042/serio0/input/input1
[   11.084385] rtc_cmos 00:04: registered as rtc0
[   11.093265] rtc_cmos 00:04: alarms up to one day, y3k, 242 bytes nvram, hpet irqs
[   11.104743] initcall cmos_init+0x0/0x73 returned 0 after 48313 usecs
[   11.114018] calling  smbalert_driver_init+0x0/0xe @ 1
[   11.122529] initcall smbalert_driver_init+0x0/0xe returned 0 after 1434 usecs
[   11.132363] calling  i2c_i801_init+0x0/0xc5 @ 1
[   11.147511] i801_smbus 0000:00:1f.3: SMBus using PCI interrupt
[   11.158775] i2c i2c-0: 1/1 memory slots populated (from DMI)
[   11.167397] i2c i2c-0: Memory type 0x07 not supported yet, not instantiating SPD
[   11.181998] initcall i2c_i801_init+0x0/0xc5 returned 0 after 42125 usecs
[   11.191998] calling  ptp_kvm_init+0x0/0xf0 @ 1
[   11.205447] initcall ptp_kvm_init+0x0/0xf0 returned 0 after 6520 usecs
[   11.214749] calling  dm_init+0x0/0x3c @ 1
[   11.231516] device-mapper: ioctl: 4.43.0-ioctl (2020-10-01) initialised: dm-devel@redhat.com
[   11.242129] initcall dm_init+0x0/0x3c returned 0 after 21106 usecs
[   11.249845] calling  dm_mirror_init+0x0/0x29 @ 1
[   11.260238] initcall dm_mirror_init+0x0/0x29 returned 0 after 4460 usecs
[   11.269529] calling  dm_dirty_log_init+0x0/0x4f @ 1
[   11.276621] initcall dm_dirty_log_init+0x0/0x4f returned 0 after 282 usecs
[   11.286408] calling  dm_zero_init+0x0/0x29 @ 1
[   11.292423] initcall dm_zero_init+0x0/0x29 returned 0 after 3 usecs
[   11.300577] calling  intel_pstate_init+0x0/0x50f @ 1
[   11.307225] intel_pstate: CPU model not supported
[   11.313878] initcall intel_pstate_init+0x0/0x50f returned -19 after 6571 usecs
[   11.323605] calling  haltpoll_init+0x0/0xc0 @ 1
[   11.329542] initcall haltpoll_init+0x0/0xc0 returned -19 after 314 usecs
[   11.339172] calling  efivars_sysfs_init+0x0/0x30 @ 1
[   11.350045] initcall efivars_sysfs_init+0x0/0x30 returned 0 after 31 usecs
[   11.360454] calling  esrt_sysfs_init+0x0/0x2a2 @ 1
[   11.367332] initcall esrt_sysfs_init+0x0/0x2a2 returned -38 after 52 usecs
[   11.380750] calling  hid_init+0x0/0x5c @ 1
[   11.393189] hid: raw HID events driver (C) Jiri Kosina
[   11.406207] initcall hid_init+0x0/0x5c returned 0 after 19393 usecs
[   11.417870] calling  hid_generic_init+0x0/0x15 @ 1
[   11.425885] initcall hid_generic_init+0x0/0x15 returned 0 after 971 usecs
[   11.435903] calling  a4_driver_init+0x0/0x15 @ 1
[   11.442910] initcall a4_driver_init+0x0/0x15 returned 0 after 459 usecs
[   11.452117] calling  apple_driver_init+0x0/0x15 @ 1
[   11.459379] initcall apple_driver_init+0x0/0x15 returned 0 after 492 usecs
[   11.470020] calling  belkin_driver_init+0x0/0x15 @ 1
[   11.476975] initcall belkin_driver_init+0x0/0x15 returned 0 after 245 usecs
[   11.486458] calling  ch_driver_init+0x0/0x15 @ 1
[   11.492599] initcall ch_driver_init+0x0/0x15 returned 0 after 44 usecs
[   11.501036] calling  ch_driver_init+0x0/0x15 @ 1
[   11.506975] initcall ch_driver_init+0x0/0x15 returned 0 after 44 usecs
[   11.515561] calling  cp_driver_init+0x0/0x15 @ 1
[   11.521771] initcall cp_driver_init+0x0/0x15 returned 0 after 123 usecs
[   11.530826] calling  ez_driver_init+0x0/0x15 @ 1
[   11.537921] initcall ez_driver_init+0x0/0x15 returned 0 after 59 usecs
[   11.547349] calling  gyration_driver_init+0x0/0x15 @ 1
[   11.555554] initcall gyration_driver_init+0x0/0x15 returned 0 after 44 usecs
[   11.565731] calling  ite_driver_init+0x0/0x15 @ 1
[   11.573065] initcall ite_driver_init+0x0/0x15 returned 0 after 190 usecs
[   11.588323] calling  ks_driver_init+0x0/0x15 @ 1
[   11.595902] initcall ks_driver_init+0x0/0x15 returned 0 after 50 usecs
[   11.604658] calling  lg_driver_init+0x0/0x15 @ 1
[   11.616088] initcall lg_driver_init+0x0/0x15 returned 0 after 197 usecs
[   11.625358] calling  lg_g15_driver_init+0x0/0x15 @ 1
[   11.633328] initcall lg_g15_driver_init+0x0/0x15 returned 0 after 64 usecs
[   11.652300] calling  ms_driver_init+0x0/0x15 @ 1
[   11.658754] initcall ms_driver_init+0x0/0x15 returned 0 after 298 usecs
[   11.676825] calling  mr_driver_init+0x0/0x15 @ 1
[   11.683892] initcall mr_driver_init+0x0/0x15 returned 0 after 333 usecs
[   11.693412] calling  ntrig_driver_init+0x0/0x15 @ 1
[   11.701377] initcall ntrig_driver_init+0x0/0x15 returned 0 after 1011 usecs
[   11.721010] calling  pl_driver_init+0x0/0x15 @ 1
[   11.742067] initcall pl_driver_init+0x0/0x15 returned 0 after 13488 usecs
[   11.752483] calling  pl_driver_init+0x0/0x15 @ 1
[   11.758925] initcall pl_driver_init+0x0/0x15 returned 0 after 50 usecs
[   11.767839] calling  redragon_driver_init+0x0/0x15 @ 1
[   11.774870] initcall redragon_driver_init+0x0/0x15 returned 0 after 46 usecs
[   11.784095] calling  samsung_driver_init+0x0/0x15 @ 1
[   11.791652] initcall samsung_driver_init+0x0/0x15 returned 0 after 634 usecs
[   11.801400] calling  sony_init+0x0/0x38 @ 1
[   11.808255] initcall sony_init+0x0/0x38 returned 0 after 279 usecs
[   11.816691] calling  sp_driver_init+0x0/0x15 @ 1
[   11.823467] initcall sp_driver_init+0x0/0x15 returned 0 after 106 usecs
[   11.832568] calling  ts_driver_init+0x0/0x15 @ 1
[   11.839455] initcall ts_driver_init+0x0/0x15 returned 0 after 56 usecs
[   11.848416] calling  hid_init+0x0/0x58 @ 1
[   11.855123] usbcore: registered new interface driver usbhid
[   11.862579] usbhid: USB HID core driver
[   11.867821] initcall hid_init+0x0/0x58 returned 0 after 13429 usecs
[   11.876231] calling  eeepc_laptop_init+0x0/0x57 @ 1
[   11.885211] initcall eeepc_laptop_init+0x0/0x57 returned -19 after 2453 usecs
[   11.895380] calling  pmc_atom_init+0x0/0x27a @ 1
[   11.903052] initcall pmc_atom_init+0x0/0x27a returned -19 after 1082 usecs
[   11.911798] calling  alsa_hwdep_init+0x0/0x5e @ 1
[   11.921783] initcall alsa_hwdep_init+0x0/0x5e returned 0 after 3769 usecs
[   11.931239] calling  alsa_timer_init+0x0/0x1f9 @ 1
[   11.942441] initcall alsa_timer_init+0x0/0x1f9 returned 0 after 4655 usecs
[   11.951737] calling  snd_hrtimer_init+0x0/0x117 @ 1
[   11.958346] initcall snd_hrtimer_init+0x0/0x117 returned 0 after 29 usecs
[   11.967900] calling  alsa_pcm_init+0x0/0x64 @ 1
[   11.974399] initcall alsa_pcm_init+0x0/0x64 returned 0 after 241 usecs
[   11.983978] calling  alsa_seq_init+0x0/0x4a @ 1
[   11.995104] initcall alsa_seq_init+0x0/0x4a returned 0 after 4096 usecs
[   12.007773] calling  alsa_seq_dummy_init+0x0/0x9c @ 1
[   12.016661] initcall alsa_seq_dummy_init+0x0/0x9c returned 0 after 640 usecs
[   12.027049] calling  azx_driver_init+0x0/0x15 @ 1
[   12.039326] initcall azx_driver_init+0x0/0x15 returned 0 after 2722 usecs
[   12.049286] calling  sock_diag_init+0x0/0x2a @ 1
[   12.057973] initcall sock_diag_init+0x0/0x2a returned 0 after 1922 usecs
[   12.069098] calling  blackhole_init+0x0/0xc @ 1
[   12.076877] initcall blackhole_init+0x0/0xc returned 0 after 520 usecs
[   12.085932] calling  nfnetlink_init+0x0/0x61 @ 1
[   12.093032] initcall nfnetlink_init+0x0/0x61 returned 0 after 902 usecs
[   12.102034] calling  nfnetlink_log_init+0x0/0x99 @ 1
[   12.109422] initcall nfnetlink_log_init+0x0/0x99 returned 0 after 702 usecs
[   12.118796] calling  nf_conntrack_standalone_init+0x0/0x87 @ 1
[   12.130312] initcall nf_conntrack_standalone_init+0x0/0x87 returned 0 after 3996 usecs
