c[?7l[2J[0mSeaBIOS (version 1.16.0-debian-1.16.0-4)
Booting from ROM...
early console in setup code
c[?7l[2J[    0.000000] Linux version 5.10.156+ (root@joelboxx.c.googlers.com) (gcc (Debian 12.2.0-3) 12.2.0, GNU ld (GNU Binutils for Debian) 2.39) #12 SMP PREEMPT Tue Dec 13 04:35:40 UTC 2022
[    0.000000] Command line: selinux=0 initcall_debug debug console=ttyS0 rcutorture.torture_type=tasks rcutorture.onoff_interval=1000 rcutorture.onoff_holdoff=30 rcutorture.n_barrier_cbs=4 rcutorture.stat_interval=15 rcutorture.shutdown_secs=1800 rcutorture.test_no_idle_hz=1 rcutorture.verbose=1
[    0.000000] x86/fpu: x87 FPU will use FXSAVE
[    0.000000] BIOS-provided physical RAM map:
[    0.000000] BIOS-e820: [mem 0x0000000000000000-0x000000000009fbff] usable
[    0.000000] BIOS-e820: [mem 0x000000000009fc00-0x000000000009ffff] reserved
[    0.000000] BIOS-e820: [mem 0x00000000000f0000-0x00000000000fffff] reserved
[    0.000000] BIOS-e820: [mem 0x0000000000100000-0x000000001ffdefff] usable
[    0.000000] BIOS-e820: [mem 0x000000001ffdf000-0x000000001fffffff] reserved
[    0.000000] BIOS-e820: [mem 0x00000000b0000000-0x00000000bfffffff] reserved
[    0.000000] BIOS-e820: [mem 0x00000000fed1c000-0x00000000fed1ffff] reserved
[    0.000000] BIOS-e820: [mem 0x00000000feffc000-0x00000000feffffff] reserved
[    0.000000] BIOS-e820: [mem 0x00000000fffc0000-0x00000000ffffffff] reserved
[    0.000000] NX (Execute Disable) protection: active
[    0.000000] SMBIOS 2.8 present.
[    0.000000] DMI: QEMU Standard PC (Q35 + ICH9, 2009), BIOS 1.16.0-debian-1.16.0-4 04/01/2014
[    0.000000] Hypervisor detected: KVM
[    0.000000] kvm-clock: Using msrs 4b564d01 and 4b564d00
[    0.000000] kvm-clock: cpu 0, msr 6529001, primary cpu clock
[    0.000053] kvm-clock: using sched offset of 2727712974 cycles
[    0.000293] clocksource: kvm-clock: mask: 0xffffffffffffffff max_cycles: 0x1cd42e4dffb, max_idle_ns: 881590591483 ns
[    0.000469] tsc: Detected 1999.999 MHz processor
[    0.007282] e820: update [mem 0x00000000-0x00000fff] usable ==> reserved
[    0.007291] e820: remove [mem 0x000a0000-0x000fffff] usable
[    0.007301] last_pfn = 0x1ffdf max_arch_pfn = 0x400000000
[    0.008191] MTRR default type: write-back
[    0.008269] MTRR fixed ranges enabled:
[    0.008272]   00000-9FFFF write-back
[    0.008275]   A0000-BFFFF uncachable
[    0.008278]   C0000-FFFFF write-protect
[    0.008280] MTRR variable ranges enabled:
[    0.008283]   0 base 00C0000000 mask FFC0000000 uncachable
[    0.008285]   1 disabled
[    0.008288]   2 disabled
[    0.008290]   3 disabled
[    0.008292]   4 disabled
[    0.008294]   5 disabled
[    0.008296]   6 disabled
[    0.008298]   7 disabled
[    0.008672] x86/PAT: Configuration [0-7]: WB  WC  UC- UC  WB  WC  UC- UC  
[    0.017986] found SMP MP-table at [mem 0x000f5ba0-0x000f5baf]
[    0.021366] check: Scanning 1 areas for low memory corruption
[    0.037490] ACPI: Early table checksum verification disabled
[    0.039473] ACPI: RSDP 0x00000000000F59E0 000014 (v00 BOCHS )
[    0.039736] ACPI: RSDT 0x000000001FFE22F5 000038 (v01 BOCHS  BXPC     00000001 BXPC 00000001)
[    0.039993] ACPI: FACP 0x000000001FFE20E5 0000F4 (v03 BOCHS  BXPC     00000001 BXPC 00000001)
[    0.040052] ACPI: DSDT 0x000000001FFE0040 0020A5 (v01 BOCHS  BXPC     00000001 BXPC 00000001)
[    0.040061] ACPI: FACS 0x000000001FFE0000 000040
[    0.040068] ACPI: APIC 0x000000001FFE21D9 000080 (v01 BOCHS  BXPC     00000001 BXPC 00000001)
[    0.040075] ACPI: HPET 0x000000001FFE2259 000038 (v01 BOCHS  BXPC     00000001 BXPC 00000001)
[    0.040082] ACPI: MCFG 0x000000001FFE2291 00003C (v01 BOCHS  BXPC     00000001 BXPC 00000001)
[    0.040089] ACPI: WAET 0x000000001FFE22CD 000028 (v01 BOCHS  BXPC     00000001 BXPC 00000001)
[    0.040096] ACPI: Reserving FACP table memory at [mem 0x1ffe20e5-0x1ffe21d8]
[    0.040099] ACPI: Reserving DSDT table memory at [mem 0x1ffe0040-0x1ffe20e4]
[    0.040102] ACPI: Reserving FACS table memory at [mem 0x1ffe0000-0x1ffe003f]
[    0.040104] ACPI: Reserving APIC table memory at [mem 0x1ffe21d9-0x1ffe2258]
[    0.040107] ACPI: Reserving HPET table memory at [mem 0x1ffe2259-0x1ffe2290]
[    0.040109] ACPI: Reserving MCFG table memory at [mem 0x1ffe2291-0x1ffe22cc]
[    0.040111] ACPI: Reserving WAET table memory at [mem 0x1ffe22cd-0x1ffe22f4]
[    0.041070] ACPI: Local APIC address 0xfee00000
[    0.044884] No NUMA configuration found
[    0.044892] Faking a node at [mem 0x0000000000000000-0x000000001ffdefff]
[    0.045041] NODE_DATA(0) allocated [mem 0x1ffdb000-0x1ffdefff]
[    0.046127] Zone ranges:
[    0.046252]   DMA      [mem 0x0000000000001000-0x0000000000ffffff]
[    0.046329]   DMA32    [mem 0x0000000001000000-0x000000001ffdefff]
[    0.046333]   Normal   empty
[    0.046337] Movable zone start for each node
[    0.046339] Early memory node ranges
[    0.046342]   node   0: [mem 0x0000000000001000-0x000000000009efff]
[    0.046398]   node   0: [mem 0x0000000000100000-0x000000001ffdefff]
[    0.046510] Initmem setup node 0 [mem 0x0000000000001000-0x000000001ffdefff]
[    0.046561] On node 0 totalpages: 130941
[    0.046739]   DMA zone: 64 pages used for memmap
[    0.046742]   DMA zone: 21 pages reserved
[    0.046744]   DMA zone: 3998 pages, LIFO batch:0
[    0.046747]   DMA32 zone: 1984 pages used for memmap
[    0.046749]   DMA32 zone: 126943 pages, LIFO batch:31
[    0.057513] On node 0, zone DMA: 1 pages in unavailable ranges
[    0.057542] On node 0, zone DMA: 97 pages in unavailable ranges
[    0.156315] On node 0, zone DMA32: 33 pages in unavailable ranges
[    0.159949] ACPI: PM-Timer IO Port: 0x608
[    0.159957] ACPI: Local APIC address 0xfee00000
[    0.160203] ACPI: LAPIC_NMI (acpi_id[0xff] dfl dfl lint[0x1])
[    0.161558] IOAPIC[0]: apic_id 0, version 17, address 0xfec00000, GSI 0-23
[    0.161673] ACPI: INT_SRC_OVR (bus 0 bus_irq 0 global_irq 2 dfl dfl)
[    0.161719] ACPI: INT_SRC_OVR (bus 0 bus_irq 5 global_irq 5 high level)
[    0.161722] ACPI: INT_SRC_OVR (bus 0 bus_irq 9 global_irq 9 high level)
[    0.161796] ACPI: INT_SRC_OVR (bus 0 bus_irq 10 global_irq 10 high level)
[    0.161799] ACPI: INT_SRC_OVR (bus 0 bus_irq 11 global_irq 11 high level)
[    0.161802] ACPI: IRQ0 used by override.
[    0.161848] ACPI: IRQ5 used by override.
[    0.161852] ACPI: IRQ9 used by override.
[    0.161855] ACPI: IRQ10 used by override.
[    0.161857] ACPI: IRQ11 used by override.
[    0.161907] Using ACPI (MADT) for SMP configuration information
[    0.161950] ACPI: HPET id: 0x8086a201 base: 0xfed00000
[    0.162400] smpboot: Allowing 2 CPUs, 0 hotplug CPUs
[    0.163957] PM: hibernation: Registered nosave memory: [mem 0x00000000-0x00000fff]
[    0.163962] PM: hibernation: Registered nosave memory: [mem 0x0009f000-0x0009ffff]
[    0.163965] PM: hibernation: Registered nosave memory: [mem 0x000a0000-0x000effff]
[    0.163967] PM: hibernation: Registered nosave memory: [mem 0x000f0000-0x000fffff]
[    0.163973] [mem 0x20000000-0xafffffff] available for PCI devices
[    0.164080] Booting paravirtualized kernel on KVM
[    0.164444] clocksource: refined-jiffies: mask: 0xffffffff max_cycles: 0xffffffff, max_idle_ns: 1910969940391419 ns
[    0.198403] setup_percpu: NR_CPUS:2 nr_cpumask_bits:2 nr_cpu_ids:2 nr_node_ids:1
[    0.229149] percpu: Embedded 58 pages/cpu s198480 r8192 d30896 u1048576
[    0.229180] pcpu-alloc: s198480 r8192 d30896 u1048576 alloc=1*2097152
[    0.229202] pcpu-alloc: [0] 0 1 
[    0.229489] kvm-guest: stealtime: cpu 0, msr 1f41bb40
[    0.231401] Built 1 zonelists, mobility grouping on.  Total pages: 128872
[    0.231405] Policy zone: DMA32
[    0.231458] Kernel command line: selinux=0 initcall_debug debug console=ttyS0 rcutorture.torture_type=tasks rcutorture.onoff_interval=1000 rcutorture.onoff_holdoff=30 rcutorture.n_barrier_cbs=4 rcutorture.stat_interval=15 rcutorture.shutdown_secs=1800 rcutorture.test_no_idle_hz=1 rcutorture.verbose=1
[    0.239559] Dentry cache hash table entries: 65536 (order: 7, 524288 bytes, linear)
[    0.239613] Inode-cache hash table entries: 32768 (order: 6, 262144 bytes, linear)
[    0.240173] mem auto-init: stack:all(zero), heap alloc:off, heap free:off
[    0.245385] Memory: 466776K/523764K available (16398K kernel code, 2805K rwdata, 4836K rodata, 1516K init, 13268K bss, 56728K reserved, 0K cma-reserved)
[    0.246672] SLUB: HWalign=64, Order=0-3, MinObjects=0, CPUs=2, Nodes=1
[    0.247374] Kernel/User page tables isolation: enabled
[    0.256353] Running RCU self tests
[    0.256715] rcu: Preemptible hierarchical RCU implementation.
[    0.256717] rcu: 	RCU event tracing is enabled.
[    0.256720] rcu: 	RCU lockdep checking is enabled.
[    0.256723] 	Trampoline variant of Tasks RCU enabled.
[    0.256725] 	Rude variant of Tasks RCU enabled.
[    0.256727] 	Tracing variant of Tasks RCU enabled.
[    0.256842] rcu: RCU calculated value of scheduler-enlistment delay is 100 jiffies.
[    0.265152] NR_IRQS: 4352, nr_irqs: 440, preallocated irqs: 16
[    0.268798] calling  con_init+0x0/0x24f @ 0
[    0.369821] Console: colour VGA+ 80x25
[    0.369879] initcall con_init+0x0/0x24f returned 0 after 0 usecs
[    0.369886] calling  hvc_console_init+0x0/0x13 @ 0
[    0.369891] initcall hvc_console_init+0x0/0x13 returned 0 after 0 usecs
[    0.369896] calling  univ8250_console_init+0x0/0x26 @ 0
[    1.312511] printk: console [ttyS0] enabled
[    1.317374] initcall univ8250_console_init+0x0/0x26 returned 0 after 0 usecs
[    1.325220] Lock dependency validator: Copyright (c) 2006 Red Hat, Inc., Ingo Molnar
[    1.333773] ... MAX_LOCKDEP_SUBCLASSES:  8
[    1.338388] ... MAX_LOCK_DEPTH:          48
[    1.343108] ... MAX_LOCKDEP_KEYS:        8192
[    1.347940] ... CLASSHASH_SIZE:          4096
[    1.352929] ... MAX_LOCKDEP_ENTRIES:     32768
[    1.357955] ... MAX_LOCKDEP_CHAINS:      65536
[    1.363021] ... CHAINHASH_SIZE:          32768
[    1.368049]  memory used by lock dependency info: 6365 kB
[    1.374185]  memory used for stack traces: 4224 kB
[    1.379600]  per task-struct memory footprint: 1920 bytes
[    1.385827] ACPI: Core revision 20200925
[    1.392266] clocksource: hpet: mask: 0xffffffff max_cycles: 0xffffffff, max_idle_ns: 19112604467 ns
[    1.405613] APIC: Switch to symmetric I/O mode setup
[    1.427586] ..TIMER: vector=0x30 apic1=0 pin1=2 apic2=-1 pin2=-1
[    1.435140] clocksource: tsc-early: mask: 0xffffffffffffffff max_cycles: 0x39a85afc727, max_idle_ns: 881590685098 ns
[    1.449768] Calibrating delay loop (skipped) preset value.. 3999.99 BogoMIPS (lpj=1999999)
[    1.451723] pid_max: default: 32768 minimum: 301
[    1.452944] LSM: Security Framework initializing
[    1.453824] Mount-cache hash table entries: 1024 (order: 1, 8192 bytes, linear)
[    1.454727] Mountpoint-cache hash table entries: 1024 (order: 1, 8192 bytes, linear)
[    1.463153] Last level iTLB entries: 4KB 0, 2MB 0, 4MB 0
[    1.463722] Last level dTLB entries: 4KB 0, 2MB 0, 4MB 0, 1GB 0
[    1.464767] Spectre V1 : Mitigation: usercopy/swapgs barriers and __user pointer sanitization
[    1.465725] Spectre V2 : Mitigation: Retpolines
[    1.466721] Spectre V2 : Spectre v2 / SpectreRSB mitigation: Filling RSB on context switch
[    1.467722] Spectre V2 : Spectre v2 / SpectreRSB : Filling RSB on VMEXIT
[    1.468725] Speculative Store Bypass: Vulnerable
[    1.469730] MDS: Vulnerable: Clear CPU buffers attempted, no microcode
[    1.470722] MMIO Stale Data: Unknown: No mitigations
[    1.557210] Freeing SMP alternatives memory: 40K
[    1.662513] smpboot: CPU0: Intel Common KVM processor (family: 0xf, model: 0x6, stepping: 0x1)
[    1.664318] calling  init_hw_perf_events+0x0/0x6ce @ 1
[    1.664738] Performance Events: unsupported Netburst CPU model 6 no PMU driver, software events only.
[    1.665729] initcall init_hw_perf_events+0x0/0x6ce returned 0 after 976 usecs
[    1.666727] calling  init_real_mode+0x0/0x1e9 @ 1
[    1.669968] initcall init_real_mode+0x0/0x1e9 returned 0 after 1953 usecs
[    1.670727] calling  trace_init_perf_perm_irq_work_exit+0x0/0x12 @ 1
[    1.671731] initcall trace_init_perf_perm_irq_work_exit+0x0/0x12 returned 0 after 0 usecs
[    1.672744] calling  validate_x2apic+0x0/0x4a @ 1
[    1.673750] initcall validate_x2apic+0x0/0x4a returned 0 after 0 usecs
[    1.674727] calling  register_nmi_cpu_backtrace_handler+0x0/0x15 @ 1
[    1.675755] initcall register_nmi_cpu_backtrace_handler+0x0/0x15 returned 0 after 0 usecs
[    1.676731] calling  kvm_setup_vsyscall_timeinfo+0x0/0xd1 @ 1
[    1.677730] initcall kvm_setup_vsyscall_timeinfo+0x0/0xd1 returned 0 after 0 usecs
[    1.678744] calling  spawn_ksoftirqd+0x0/0x38 @ 1
[    1.679933] initcall spawn_ksoftirqd+0x0/0x38 returned 0 after 0 usecs
[    1.680731] calling  migration_init+0x0/0x31 @ 1
[    1.681731] initcall migration_init+0x0/0x31 returned 0 after 0 usecs
[    1.682730] calling  srcu_bootup_announce+0x0/0x2f @ 1
[    1.683742] rcu: Hierarchical SRCU implementation.
[    1.684732] initcall srcu_bootup_announce+0x0/0x2f returned 0 after 976 usecs
[    1.685731] calling  rcu_spawn_gp_kthread+0x0/0x1b0 @ 1
[    1.686824] initcall rcu_spawn_gp_kthread+0x0/0x1b0 returned 0 after 0 usecs
[    1.687728] calling  check_cpu_stall_init+0x0/0x1a @ 1
[    1.688728] initcall check_cpu_stall_init+0x0/0x1a returned 0 after 0 usecs
[    1.689726] calling  rcu_sysrq_init+0x0/0x21 @ 1
[    1.690796] initcall rcu_sysrq_init+0x0/0x21 returned 0 after 0 usecs
[    1.691845] calling  trace_init_flags_sys_enter+0x0/0xe @ 1
[    1.692747] initcall trace_init_flags_sys_enter+0x0/0xe returned 0 after 0 usecs
[    1.693727] calling  trace_init_flags_sys_exit+0x0/0xe @ 1
[    1.694730] initcall trace_init_flags_sys_exit+0x0/0xe returned 0 after 0 usecs
[    1.695726] calling  cpu_stop_init+0x0/0x8d @ 1
[    1.696880] initcall cpu_stop_init+0x0/0x8d returned 0 after 0 usecs
[    1.697727] calling  init_kprobes+0x0/0x16e @ 1
[    1.700787] initcall init_kprobes+0x0/0x16e returned 0 after 1953 usecs
[    1.701726] calling  init_events+0x0/0x3d @ 1
[    1.702748] initcall init_events+0x0/0x3d returned 0 after 0 usecs
[    1.703725] calling  init_trace_printk+0x0/0xc @ 1
[    1.704727] initcall init_trace_printk+0x0/0xc returned 0 after 0 usecs
[    1.705728] calling  event_trace_enable_again+0x0/0x23 @ 1
[    1.706728] initcall event_trace_enable_again+0x0/0x23 returned 0 after 0 usecs
[    1.707731] calling  static_call_init+0x0/0x79 @ 1
[    1.708732] initcall static_call_init+0x0/0x79 returned 0 after 0 usecs
[    1.709729] calling  jump_label_init_module+0x0/0xc @ 1
[    1.710730] initcall jump_label_init_module+0x0/0xc returned 0 after 0 usecs
[    1.711729] calling  init_zero_pfn+0x0/0x37 @ 1
[    1.712733] initcall init_zero_pfn+0x0/0x37 returned 0 after 0 usecs
[    1.713734] calling  initialize_ptr_random+0x0/0x54 @ 1
[    1.714810] initcall initialize_ptr_random+0x0/0x54 returned 0 after 0 usecs
[    1.715735] calling  efi_memreserve_root_init+0x0/0x25 @ 1
[    1.716767] initcall efi_memreserve_root_init+0x0/0x25 returned 0 after 0 usecs
[    1.717744] calling  efi_earlycon_remap_fb+0x0/0x51 @ 1
[    1.718728] initcall efi_earlycon_remap_fb+0x0/0x51 returned 0 after 0 usecs
[    1.719927] smp: Bringing up secondary CPUs ...
[    1.722336] x86: Booting SMP configuration:
[    1.722735] .... node  #0, CPUs:      #1
[    1.179995] kvm-clock: cpu 1, msr 6529041, secondary cpu clock
[    1.747032] kvm-guest: stealtime: cpu 1, msr 1f51bb40
[    1.761964] smp: Brought up 1 node, 2 CPUs
[    1.762728] smpboot: Max logical packages: 1
[    1.763724] smpboot: Total of 2 processors activated (7999.99 BogoMIPS)
[    1.772270] devtmpfs: initialized
[    1.777960] calling  ipc_ns_init+0x0/0x3d @ 1
[    1.783811] initcall ipc_ns_init+0x0/0x3d returned 0 after 0 usecs
[    1.791738] calling  init_mmap_min_addr+0x0/0x21 @ 1
[    1.798736] initcall init_mmap_min_addr+0x0/0x21 returned 0 after 0 usecs
[    1.805731] calling  pci_realloc_setup_params+0x0/0x3f @ 1
[    1.812730] initcall pci_realloc_setup_params+0x0/0x3f returned 0 after 0 usecs
[    1.821734] calling  net_ns_init+0x0/0x140 @ 1
[    1.828149] initcall net_ns_init+0x0/0x140 returned 0 after 976 usecs
[    1.828757] calling  e820__register_nvs_regions+0x0/0x37 @ 1
[    1.829730] initcall e820__register_nvs_regions+0x0/0x37 returned 0 after 0 usecs
[    1.830731] calling  cpufreq_register_tsc_scaling+0x0/0x2e @ 1
[    1.831729] initcall cpufreq_register_tsc_scaling+0x0/0x2e returned 0 after 0 usecs
[    1.832729] calling  reboot_init+0x0/0x3c @ 1
[    1.833770] initcall reboot_init+0x0/0x3c returned 0 after 0 usecs
[    1.834726] calling  init_lapic_sysfs+0x0/0x20 @ 1
[    1.835739] initcall init_lapic_sysfs+0x0/0x20 returned 0 after 0 usecs
[    1.836727] calling  alloc_frozen_cpus+0x0/0x7 @ 1
[    1.837726] initcall alloc_frozen_cpus+0x0/0x7 returned 0 after 0 usecs
[    1.838728] calling  cpu_hotplug_pm_sync_init+0x0/0x13 @ 1
[    1.839761] initcall cpu_hotplug_pm_sync_init+0x0/0x13 returned 0 after 0 usecs
[    1.840731] calling  wq_sysfs_init+0x0/0x2a @ 1
[    1.841857] initcall wq_sysfs_init+0x0/0x2a returned 0 after 0 usecs
[    1.842729] calling  ksysfs_init+0x0/0x92 @ 1
[    1.843773] initcall ksysfs_init+0x0/0x92 returned 0 after 0 usecs
[    1.844727] calling  schedutil_gov_init+0x0/0xc @ 1
[    1.845829] initcall schedutil_gov_init+0x0/0xc returned 0 after 0 usecs
[    1.846728] calling  pm_init+0x0/0x76 @ 1
[    1.847836] initcall pm_init+0x0/0x76 returned 0 after 0 usecs
[    1.848728] calling  pm_disk_init+0x0/0x13 @ 1
[    1.849767] initcall pm_disk_init+0x0/0x13 returned 0 after 0 usecs
[    1.850788] calling  swsusp_header_init+0x0/0x2b @ 1
[    1.851734] initcall swsusp_header_init+0x0/0x2b returned 0 after 0 usecs
[    1.852759] calling  rcu_set_runtime_mode+0x0/0x2a @ 1
[    1.857010] initcall rcu_set_runtime_mode+0x0/0x2a returned 0 after 1953 usecs
[    1.857733] calling  init_jiffies_clocksource+0x0/0x13 @ 1
[    1.858726] clocksource: jiffies: mask: 0xffffffff max_cycles: 0xffffffff, max_idle_ns: 1911260446275000 ns
[    1.859732] initcall init_jiffies_clocksource+0x0/0x13 returned 0 after 976 usecs
[    1.860733] calling  futex_init+0x0/0x11b @ 1
[    1.861737] futex hash table entries: 512 (order: 4, 65536 bytes, linear)
[    1.863929] initcall futex_init+0x0/0x11b returned 0 after 1953 usecs
[    1.864728] calling  cgroup_wq_init+0x0/0x28 @ 1
[    1.865747] initcall cgroup_wq_init+0x0/0x28 returned 0 after 0 usecs
[    1.866729] calling  cgroup1_wq_init+0x0/0x28 @ 1
[    1.867749] initcall cgroup1_wq_init+0x0/0x28 returned 0 after 0 usecs
[    1.868727] calling  init_kprobe_trace_early+0x0/0x2a @ 1
[    1.869782] initcall init_kprobe_trace_early+0x0/0x2a returned 0 after 0 usecs
[    1.870732] calling  fsnotify_init+0x0/0x56 @ 1
[    1.871779] initcall fsnotify_init+0x0/0x56 returned 0 after 0 usecs
[    1.872731] calling  filelock_init+0x0/0xb3 @ 1
[    1.873767] initcall filelock_init+0x0/0xb3 returned 0 after 0 usecs
[    1.874727] calling  init_misc_binfmt+0x0/0x2c @ 1
[    1.875768] initcall init_misc_binfmt+0x0/0x2c returned 0 after 0 usecs
[    1.876726] calling  init_script_binfmt+0x0/0x15 @ 1
[    1.877728] initcall init_script_binfmt+0x0/0x15 returned 0 after 0 usecs
[    1.878727] calling  init_elf_binfmt+0x0/0x15 @ 1
[    1.879728] initcall init_elf_binfmt+0x0/0x15 returned 0 after 0 usecs
[    1.880741] calling  init_compat_elf_binfmt+0x0/0x15 @ 1
[    1.881728] initcall init_compat_elf_binfmt+0x0/0x15 returned 0 after 0 usecs
[    1.882727] calling  debugfs_init+0x0/0x5c @ 1
[    1.883737] initcall debugfs_init+0x0/0x5c returned 0 after 0 usecs
[    1.884727] calling  tracefs_init+0x0/0x3a @ 1
[    1.885736] initcall tracefs_init+0x0/0x3a returned 0 after 0 usecs
[    1.886726] calling  prandom_init_early+0x0/0x15d @ 1
[    1.887733] initcall prandom_init_early+0x0/0x15d returned 0 after 0 usecs
[    1.888780] calling  virtio_init+0x0/0x20 @ 1
[    1.889776] initcall virtio_init+0x0/0x20 returned 0 after 0 usecs
[    1.890728] calling  iommu_init+0x0/0x2a @ 1
[    1.891774] initcall iommu_init+0x0/0x2a returned 0 after 0 usecs
[    1.892727] calling  component_debug_init+0x0/0x1c @ 1
[    1.894006] initcall component_debug_init+0x0/0x1c returned 0 after 0 usecs
[    1.894728] calling  early_resume_init+0x0/0xb9 @ 1
[    1.896723] PM: RTC time: 04:45:32, date: 2022-12-13
[    1.897729] initcall early_resume_init+0x0/0xb9 returned 0 after 1953 usecs
[    1.898727] calling  cpufreq_core_init+0x0/0x62 @ 1
[    1.900727] initcall cpufreq_core_init+0x0/0x62 returned 0 after 976 usecs
[    1.901729] calling  cpufreq_gov_performance_init+0x0/0xc @ 1
[    1.902730] initcall cpufreq_gov_performance_init+0x0/0xc returned 0 after 0 usecs
[    1.903726] calling  cpufreq_gov_userspace_init+0x0/0xc @ 1
[    1.904727] initcall cpufreq_gov_userspace_init+0x0/0xc returned 0 after 0 usecs
[    1.905725] calling  CPU_FREQ_GOV_ONDEMAND_init+0x0/0xc @ 1
[    1.906742] initcall CPU_FREQ_GOV_ONDEMAND_init+0x0/0xc returned 0 after 0 usecs
[    1.907725] calling  cpuidle_init+0x0/0x1f @ 1
[    1.908760] initcall cpuidle_init+0x0/0x1f returned 0 after 0 usecs
[    1.909726] calling  capsule_reboot_register+0x0/0xc @ 1
[    1.910747] initcall capsule_reboot_register+0x0/0xc returned 0 after 0 usecs
[    1.911725] calling  sock_init+0x0/0x93 @ 1
[    1.914394] initcall sock_init+0x0/0x93 returned 0 after 976 usecs
[    1.914727] calling  net_inuse_init+0x0/0x23 @ 1
[    1.915763] initcall net_inuse_init+0x0/0x23 returned 0 after 0 usecs
[    1.916727] calling  net_defaults_init+0x0/0x23 @ 1
[    1.917730] initcall net_defaults_init+0x0/0x23 returned 0 after 0 usecs
[    1.918730] calling  init_default_flow_dissectors+0x0/0x4f @ 1
[    1.919764] initcall init_default_flow_dissectors+0x0/0x4f returned 0 after 0 usecs
[    1.920729] calling  netpoll_init+0x0/0x44 @ 1
[    1.921730] initcall netpoll_init+0x0/0x44 returned 0 after 0 usecs
[    1.922732] calling  netlink_proto_init+0x0/0x154 @ 1
[    1.924300] NET: Registered protocol family 16
[    1.924985] initcall netlink_proto_init+0x0/0x154 returned 0 after 976 usecs
[    1.925738] calling  genl_init+0x0/0x35 @ 1
[    1.926855] initcall genl_init+0x0/0x35 returned 0 after 0 usecs
[    1.927742] calling  bsp_pm_check_init+0x0/0x13 @ 1
[    1.928730] initcall bsp_pm_check_init+0x0/0x13 returned 0 after 0 usecs
[    1.929755] calling  irq_sysfs_init+0x0/0xb9 @ 1
[    1.931110] initcall irq_sysfs_init+0x0/0xb9 returned 0 after 0 usecs
[    1.931732] calling  audit_init+0x0/0x127 @ 1
[    1.932736] audit: initializing netlink subsys (disabled)
[    1.935066] initcall audit_init+0x0/0x127 returned 0 after 1953 usecs
[    1.935066] audit: type=2000 audit(1670906730.673:1): state=initialized audit_enabled=0 res=1
[    1.952733] calling  release_early_probes+0x0/0x32 @ 1
[    1.958729] initcall release_early_probes+0x0/0x32 returned 0 after 0 usecs
[    1.966726] calling  bdi_class_init+0x0/0x48 @ 1
[    1.971924] initcall bdi_class_init+0x0/0x48 returned 0 after 976 usecs
[    1.979727] calling  mm_sysfs_init+0x0/0x28 @ 1
[    1.985741] initcall mm_sysfs_init+0x0/0x28 returned 0 after 0 usecs
[    1.992736] calling  init_per_zone_wmark_min+0x0/0x6d @ 1
[    1.998763] initcall init_per_zone_wmark_min+0x0/0x6d returned 0 after 0 usecs
[    2.007728] calling  mpi_init+0x0/0x3e @ 1
[    2.011771] initcall mpi_init+0x0/0x3e returned 0 after 0 usecs
[    2.019728] calling  kobject_uevent_init+0x0/0xc @ 1
[    2.025843] initcall kobject_uevent_init+0x0/0xc returned 0 after 0 usecs
[    2.033728] calling  pcibus_class_init+0x0/0x13 @ 1
[    2.038812] initcall pcibus_class_init+0x0/0x13 returned 0 after 0 usecs
[    2.046727] calling  pci_driver_init+0x0/0x21 @ 1
[    2.052824] initcall pci_driver_init+0x0/0x21 returned 0 after 0 usecs
[    2.060734] calling  backlight_class_init+0x0/0xa8 @ 1
[    2.066778] initcall backlight_class_init+0x0/0xa8 returned 0 after 0 usecs
[    2.074729] calling  tty_class_init+0x0/0x33 @ 1
[    2.079751] initcall tty_class_init+0x0/0x33 returned 0 after 0 usecs
[    2.087728] calling  vtconsole_class_init+0x0/0xb5 @ 1
[    2.093932] initcall vtconsole_class_init+0x0/0xb5 returned 0 after 0 usecs
[    2.101728] calling  iommu_dev_init+0x0/0x13 @ 1
[    2.107746] initcall iommu_dev_init+0x0/0x13 returned 0 after 0 usecs
[    2.114728] calling  mipi_dsi_bus_init+0x0/0xc @ 1
[    2.120765] initcall mipi_dsi_bus_init+0x0/0xc returned 0 after 0 usecs
[    2.128742] calling  devlink_class_init+0x0/0x40 @ 1
[    2.134884] initcall devlink_class_init+0x0/0x40 returned 0 after 0 usecs
[    2.142733] calling  software_node_init+0x0/0x2a @ 1
[    2.147746] initcall software_node_init+0x0/0x2a returned 0 after 0 usecs
[    2.155728] calling  wakeup_sources_debugfs_init+0x0/0x23 @ 1
[    2.163762] initcall wakeup_sources_debugfs_init+0x0/0x23 returned 0 after 0 usecs
[    2.172737] calling  wakeup_sources_sysfs_init+0x0/0x2c @ 1
[    2.179752] initcall wakeup_sources_sysfs_init+0x0/0x2c returned 0 after 0 usecs
[    2.188734] calling  register_node_type+0x0/0x13 @ 1
[    2.194789] initcall register_node_type+0x0/0x13 returned 0 after 0 usecs
[    2.201739] calling  regmap_initcall+0x0/0xc @ 1
[    2.207818] initcall regmap_initcall+0x0/0xc returned 0 after 0 usecs
[    2.214727] calling  i2c_init+0x0/0xb3 @ 1
[    2.219847] initcall i2c_init+0x0/0xb3 returned 0 after 0 usecs
[    2.226725] calling  thermal_init+0x0/0x116 @ 1
[    2.231772] thermal_sys: Registered thermal governor 'step_wise'
[    2.231776] thermal_sys: Registered thermal governor 'user_space'
[    2.238743] initcall thermal_init+0x0/0x116 returned 0 after 6835 usecs
[    2.253725] calling  init_menu+0x0/0xc @ 1
[    2.259947] cpuidle: using governor menu
[    2.265733] initcall init_menu+0x0/0xc returned 0 after 5859 usecs
[    2.273728] calling  pcc_init+0x0/0x4d @ 1
[    2.277742] initcall pcc_init+0x0/0x4d returned -19 after 0 usecs
[    2.284728] calling  amd_postcore_init+0x0/0x11e @ 1
[    2.290727] initcall amd_postcore_init+0x0/0x11e returned 0 after 0 usecs
[    2.298746] calling  bts_init+0x0/0xba @ 1
[    2.302727] initcall bts_init+0x0/0xba returned -19 after 0 usecs
[    2.309727] calling  pt_init+0x0/0x34d @ 1
[    2.314730] initcall pt_init+0x0/0x34d returned -19 after 0 usecs
[    2.321729] calling  boot_params_ksysfs_init+0x0/0x2ee @ 1
[    2.328796] initcall boot_params_ksysfs_init+0x0/0x2ee returned 0 after 0 usecs
[    2.336728] calling  sbf_init+0x0/0xea @ 1
[    2.341727] initcall sbf_init+0x0/0xea returned 0 after 0 usecs
[    2.349729] calling  arch_kdebugfs_init+0x0/0x219 @ 1
[    2.355741] initcall arch_kdebugfs_init+0x0/0x219 returned 0 after 0 usecs
[    2.364731] calling  intel_pconfig_init+0x0/0x85 @ 1
[    2.372733] initcall intel_pconfig_init+0x0/0x85 returned 0 after 0 usecs
[    2.382731] calling  mtrr_if_init+0x0/0x5d @ 1
[    2.388740] initcall mtrr_if_init+0x0/0x5d returned 0 after 0 usecs
[    2.396731] calling  activate_jump_labels+0x0/0x31 @ 1
[    2.402726] initcall activate_jump_labels+0x0/0x31 returned 0 after 0 usecs
[    2.410727] calling  ffh_cstate_init+0x0/0x29 @ 1
[    2.416731] initcall ffh_cstate_init+0x0/0x29 returned 0 after 0 usecs
[    2.423726] calling  activate_jump_labels+0x0/0x31 @ 1
[    2.430981] initcall activate_jump_labels+0x0/0x31 returned 0 after 0 usecs
[    2.439729] calling  kvm_alloc_cpumask+0x0/0x74 @ 1
[    2.444777] initcall kvm_alloc_cpumask+0x0/0x74 returned 0 after 0 usecs
[    2.451729] calling  kcmp_cookies_init+0x0/0x37 @ 1
[    2.457741] initcall kcmp_cookies_init+0x0/0x37 returned 0 after 0 usecs
[    2.465732] calling  cryptomgr_init+0x0/0xc @ 1
[    2.470749] initcall cryptomgr_init+0x0/0xc returned 0 after 0 usecs
[    2.478727] calling  acpi_pci_init+0x0/0x57 @ 1
[    2.483734] ACPI: bus type PCI registered
[    2.488726] initcall acpi_pci_init+0x0/0x57 returned 0 after 4882 usecs
[    2.495729] calling  dma_channel_table_init+0x0/0xd1 @ 1
[    2.501743] initcall dma_channel_table_init+0x0/0xd1 returned 0 after 0 usecs
[    2.510728] calling  dma_bus_init+0x0/0xdc @ 1
[    2.516807] initcall dma_bus_init+0x0/0xdc returned 0 after 0 usecs
[    2.525065] calling  iommu_dma_init+0x0/0x10 @ 1
[    2.530862] initcall iommu_dma_init+0x0/0x10 returned 0 after 0 usecs
[    2.537728] calling  dmi_id_init+0x0/0x37c @ 1
[    2.543907] initcall dmi_id_init+0x0/0x37c returned 0 after 0 usecs
[    2.551727] calling  pci_arch_init+0x0/0x71 @ 1
[    2.558052] PCI: MMCONFIG for domain 0000 [bus 00-ff] at [mem 0xb0000000-0xbfffffff] (base 0xb0000000)
[    2.568730] PCI: MMCONFIG at [mem 0xb0000000-0xbfffffff] reserved in E820
[    2.576788] PCI: Using configuration type 1 for base access
[    2.583758] initcall pci_arch_init+0x0/0x71 returned 0 after 26367 usecs
[    2.591744] calling  init_vdso+0x0/0x13 @ 1
[    2.596772] initcall init_vdso+0x0/0x13 returned 0 after 0 usecs
[    2.603728] calling  sysenter_setup+0x0/0x13 @ 1
[    2.609729] initcall sysenter_setup+0x0/0x13 returned 0 after 0 usecs
[    2.617727] calling  fixup_ht_bug+0x0/0xe5 @ 1
[    2.622726] initcall fixup_ht_bug+0x0/0xe5 returned 0 after 0 usecs
[    2.629727] calling  topology_init+0x0/0x88 @ 1
[    2.636127] initcall topology_init+0x0/0x88 returned 0 after 0 usecs
[    2.643728] calling  intel_epb_init+0x0/0x68 @ 1
[    2.648728] initcall intel_epb_init+0x0/0x68 returned -19 after 0 usecs
[    2.657728] calling  mtrr_init_finialize+0x0/0x3e @ 1
[    2.663733] initcall mtrr_init_finialize+0x0/0x3e returned 0 after 0 usecs
[    2.671728] calling  uid_cache_init+0x0/0x85 @ 1
[    2.677754] initcall uid_cache_init+0x0/0x85 returned 0 after 0 usecs
[    2.685748] calling  param_sysfs_init+0x0/0x1ba @ 1
[    2.710125] initcall param_sysfs_init+0x0/0x1ba returned 0 after 17578 usecs
[    2.718733] calling  user_namespace_sysctl_init+0x0/0x33 @ 1
[    2.725751] initcall user_namespace_sysctl_init+0x0/0x33 returned 0 after 0 usecs
[    2.735751] calling  proc_schedstat_init+0x0/0x24 @ 1
[    2.741741] initcall proc_schedstat_init+0x0/0x24 returned 0 after 0 usecs
[    2.749730] calling  pm_sysrq_init+0x0/0x18 @ 1
[    2.755785] initcall pm_sysrq_init+0x0/0x18 returned 0 after 0 usecs
[    2.762921] calling  create_proc_profile+0x0/0xd0 @ 1
[    2.769753] initcall create_proc_profile+0x0/0xd0 returned 0 after 0 usecs
[    2.774728] calling  time_ns_init+0x0/0x7 @ 1
[    2.780730] initcall time_ns_init+0x0/0x7 returned 0 after 0 usecs
[    2.787728] calling  crash_save_vmcoreinfo_init+0x0/0x722 @ 1
[    2.794860] initcall crash_save_vmcoreinfo_init+0x0/0x722 returned 0 after 0 usecs
[    2.803735] calling  crash_notes_memory_init+0x0/0x35 @ 1
[    2.809735] initcall crash_notes_memory_init+0x0/0x35 returned 0 after 0 usecs
[    2.818728] calling  cgroup_sysfs_init+0x0/0x13 @ 1
[    2.824857] initcall cgroup_sysfs_init+0x0/0x13 returned 0 after 0 usecs
[    2.832728] calling  cgroup_namespaces_init+0x0/0x7 @ 1
[    2.838728] initcall cgroup_namespaces_init+0x0/0x7 returned 0 after 0 usecs
[    2.846728] calling  init_optprobes+0x0/0x13 @ 1
[    2.852803] Kprobes globally optimized
[    2.856730] initcall init_optprobes+0x0/0x13 returned 0 after 3906 usecs
[    2.864734] calling  oom_init+0x0/0x2f @ 1
[    2.871107] initcall oom_init+0x0/0x2f returned 0 after 976 usecs
[    2.871730] calling  default_bdi_init+0x0/0xb3 @ 1
[    2.873990] initcall default_bdi_init+0x0/0xb3 returned 0 after 976 usecs
[    2.881733] calling  percpu_enable_async+0x0/0xe @ 1
[    2.887726] initcall percpu_enable_async+0x0/0xe returned 0 after 0 usecs
[    2.895731] calling  kcompactd_init+0x0/0x8d @ 1
[    2.902106] initcall kcompactd_init+0x0/0x8d returned 0 after 976 usecs
[    2.902779] calling  init_user_reserve+0x0/0x40 @ 1
[    2.903730] initcall init_user_reserve+0x0/0x40 returned 0 after 0 usecs
[    2.904727] calling  init_admin_reserve+0x0/0x40 @ 1
[    2.905728] initcall init_admin_reserve+0x0/0x40 returned 0 after 0 usecs
[    2.906731] calling  init_reserve_notifier+0x0/0x7 @ 1
[    2.907730] initcall init_reserve_notifier+0x0/0x7 returned 0 after 0 usecs
[    2.908729] calling  swap_init_sysfs+0x0/0x62 @ 1
[    2.909746] initcall swap_init_sysfs+0x0/0x62 returned 0 after 0 usecs
[    2.910728] calling  swapfile_init+0x0/0x94 @ 1
[    2.911733] initcall swapfile_init+0x0/0x94 returned 0 after 0 usecs
[    2.912727] calling  hugetlb_init+0x0/0x49c @ 1
[    2.913731] HugeTLB registered 2.00 MiB page size, pre-allocated 0 pages
[    2.914785] initcall hugetlb_init+0x0/0x49c returned 0 after 976 usecs
[    2.915729] calling  io_wq_init+0x0/0x34 @ 1
[    2.917716] initcall io_wq_init+0x0/0x34 returned 0 after 0 usecs
[    2.918727] calling  seqiv_module_init+0x0/0xc @ 1
[    2.919801] initcall seqiv_module_init+0x0/0xc returned 0 after 0 usecs
[    2.920728] calling  echainiv_module_init+0x0/0xc @ 1
[    2.921728] initcall echainiv_module_init+0x0/0xc returned 0 after 0 usecs
[    2.922787] calling  rsa_init+0x0/0x50 @ 1
[    2.924875] initcall rsa_init+0x0/0x50 returned 0 after 976 usecs
[    2.924880] cryptomgr_test (29) used greatest stack depth: 14864 bytes left
[    2.925745] calling  crypto_cmac_module_init+0x0/0xc @ 1
[    2.932740] initcall crypto_cmac_module_init+0x0/0xc returned 0 after 0 usecs
[    2.941729] calling  hmac_module_init+0x0/0xc @ 1
[    2.946732] initcall hmac_module_init+0x0/0xc returned 0 after 0 usecs
[    2.954735] calling  crypto_null_mod_init+0x0/0x65 @ 1
[    2.964746] initcall crypto_null_mod_init+0x0/0x65 returned 0 after 3906 usecs
[    2.966730] calling  md5_mod_init+0x0/0xc @ 1
[    2.968876] initcall md5_mod_init+0x0/0xc returned 0 after 976 usecs
[    2.976032] calling  sha256_generic_mod_init+0x0/0x11 @ 1
[    2.985744] initcall sha256_generic_mod_init+0x0/0x11 returned 0 after 2929 usecs
[    2.986734] calling  crypto_cbc_module_init+0x0/0xc @ 1
[    2.987732] initcall crypto_cbc_module_init+0x0/0xc returned 0 after 0 usecs
[    2.989733] calling  crypto_ctr_module_init+0x0/0x11 @ 1
[    2.990733] initcall crypto_ctr_module_init+0x0/0x11 returned 0 after 0 usecs
[    2.991730] calling  crypto_gcm_module_init+0x0/0x64 @ 1
[    2.992783] initcall crypto_gcm_module_init+0x0/0x64 returned 0 after 0 usecs
[    2.993733] calling  crypto_ccm_module_init+0x0/0x11 @ 1
[    2.994738] initcall crypto_ccm_module_init+0x0/0x11 returned 0 after 0 usecs
[    2.995731] calling  aes_init+0x0/0xc @ 1
[    2.997803] initcall aes_init+0x0/0xc returned 0 after 976 usecs
[    3.006938] calling  crc32c_mod_init+0x0/0xc @ 1
[    3.015109] initcall crc32c_mod_init+0x0/0xc returned 0 after 976 usecs
[    3.015750] calling  crypto_authenc_module_init+0x0/0xc @ 1
[    3.016731] initcall crypto_authenc_module_init+0x0/0xc returned 0 after 0 usecs
[    3.017728] calling  crypto_authenc_esn_module_init+0x0/0xc @ 1
[    3.025716] initcall crypto_authenc_esn_module_init+0x0/0xc returned 0 after 1953 usecs
[    3.026878] calling  drbg_init+0x0/0x7c @ 1
[    3.086789] initcall drbg_init+0x0/0x7c returned 0 after 57617 usecs
[    3.087734] calling  ghash_mod_init+0x0/0xc @ 1
[    3.093729] initcall ghash_mod_init+0x0/0xc returned 0 after 4882 usecs
[    3.100747] calling  init_bio+0x0/0x9a @ 1
[    3.139180] initcall init_bio+0x0/0x9a returned 0 after 32226 usecs
[    3.142732] calling  blk_settings_init+0x0/0x29 @ 1
[    3.151725] initcall blk_settings_init+0x0/0x29 returned 0 after 0 usecs
[    3.158739] calling  blk_ioc_init+0x0/0x29 @ 1
[    3.165731] initcall blk_ioc_init+0x0/0x29 returned 0 after 0 usecs
[    3.172731] calling  blk_mq_init+0x0/0xb9 @ 1
[    3.178863] initcall blk_mq_init+0x0/0xb9 returned 0 after 976 usecs
[    3.188731] calling  genhd_device_init+0x0/0x75 @ 1
[    3.218742] initcall genhd_device_init+0x0/0x75 returned 0 after 23437 usecs
[    3.220716] calling  pci_slot_init+0x0/0x40 @ 1
[    3.222444] initcall pci_slot_init+0x0/0x40 returned 0 after 0 usecs
[    3.222729] calling  fbmem_init+0x0/0xd8 @ 1
[    3.230899] initcall fbmem_init+0x0/0xd8 returned 0 after 6835 usecs
[    3.232730] calling  acpi_init+0x0/0x319 @ 1
[    3.236097] ACPI: Added _OSI(Module Device)
[    3.236727] ACPI: Added _OSI(Processor Device)
[    3.237729] ACPI: Added _OSI(3.0 _SCP Extensions)
[    3.238729] ACPI: Added _OSI(Processor Aggregator Device)
[    3.239730] ACPI: Added _OSI(Linux-Dell-Video)
[    3.240727] ACPI: Added _OSI(Linux-Lenovo-NV-HDMI-Audio)
[    3.241732] ACPI: Added _OSI(Linux-HPI-Hybrid-Graphics)
[    3.259526] ACPI: 1 ACPI AML tables successfully acquired and loaded
[    3.276562] ACPI: Interpreter enabled
[    3.277447] ACPI: (supports S0 S3 S4 S5)
[    3.277857] ACPI: Using IOAPIC for interrupt routing
[    3.280010] PCI: Using host bridge windows from ACPI; if necessary, use "pci=nocrs" and report a bug
[    3.284716] ACPI: Enabled 2 GPEs in block 00 to 3F
[    3.318347] ACPI: PCI Root Bridge [PCI0] (domain 0000 [bus 00-ff])
[    3.319077] acpi PNP0A08:00: _OSC: OS supports [ExtendedConfig ASPM ClockPM Segments MSI HPX-Type3]
[    3.321716] acpi PNP0A08:00: _OSC: platform does not support [LTR]
[    3.323104] acpi PNP0A08:00: _OSC: OS now controls [PME PCIeCapability]
[    3.328725] PCI host bridge to bus 0000:00
[    3.329768] pci_bus 0000:00: root bus resource [io  0x0000-0x0cf7 window]
[    3.330732] pci_bus 0000:00: root bus resource [io  0x0d00-0xffff window]
[    3.331730] pci_bus 0000:00: root bus resource [mem 0x000a0000-0x000bffff window]
[    3.332728] pci_bus 0000:00: root bus resource [mem 0x20000000-0xafffffff window]
[    3.333733] pci_bus 0000:00: root bus resource [mem 0xc0000000-0xfebfffff window]
[    3.334734] pci_bus 0000:00: root bus resource [mem 0x100000000-0x8ffffffff window]
[    3.335734] pci_bus 0000:00: root bus resource [bus 00-ff]
[    3.338414] pci 0000:00:00.0: calling  quirk_mmio_always_on+0x0/0x10 @ 1
[    3.340247] pci 0000:00:00.0: quirk_mmio_always_on+0x0/0x10 took 0 usecs
[    3.340855] pci 0000:00:00.0: [8086:29c0] type 00 class 0x060000
[    3.346716] pci 0000:00:00.0: calling  quirk_igfx_skip_te_disable+0x0/0x80 @ 1
[    3.347952] pci 0000:00:00.0: quirk_igfx_skip_te_disable+0x0/0x80 took 0 usecs
[    3.358383] pci 0000:00:01.0: [1234:1111] type 00 class 0x030000
[    3.372716] pci 0000:00:01.0: reg 0x10: [mem 0xfd000000-0xfdffffff pref]
[    3.390716] pci 0000:00:01.0: reg 0x18: [mem 0xfebf0000-0xfebf0fff]
[    3.412427] pci 0000:00:01.0: reg 0x30: [mem 0xfebe0000-0xfebeffff pref]
[    3.416716] pci 0000:00:01.0: calling  efifb_fixup_resources+0x0/0xf0 @ 1
[    3.417774] pci 0000:00:01.0: efifb_fixup_resources+0x0/0xf0 took 0 usecs
[    3.429459] pci 0000:00:1f.0: [8086:2918] type 00 class 0x060100
[    3.434937] pci 0000:00:1f.0: calling  quirk_ich7_lpc+0x0/0x60 @ 1
[    3.435957] pci 0000:00:1f.0: quirk: [io  0x0600-0x067f] claimed by ICH6 ACPI/GPIO/TCO
[    3.437170] pci 0000:00:1f.0: quirk_ich7_lpc+0x0/0x60 took 976 usecs
[    3.437821] pci 0000:00:1f.0: calling  quirk_igfx_skip_te_disable+0x0/0x80 @ 1
[    3.438766] pci 0000:00:1f.0: quirk_igfx_skip_te_disable+0x0/0x80 took 0 usecs
[    3.442516] pci 0000:00:1f.2: [8086:2922] type 00 class 0x010601
[    3.453726] pci 0000:00:1f.2: reg 0x20: [io  0xc040-0xc05f]
[    3.456489] pci 0000:00:1f.2: reg 0x24: [mem 0xfebf1000-0xfebf1fff]
[    3.458750] pci 0000:00:1f.2: calling  quirk_igfx_skip_te_disable+0x0/0x80 @ 1
[    3.459733] pci 0000:00:1f.2: quirk_igfx_skip_te_disable+0x0/0x80 took 0 usecs
[    3.465725] pci 0000:00:1f.3: [8086:2930] type 00 class 0x0c0500
[    3.474117] pci 0000:00:1f.3: reg 0x20: [io  0x0700-0x073f]
[    3.477403] pci 0000:00:1f.3: calling  quirk_igfx_skip_te_disable+0x0/0x80 @ 1
[    3.477735] pci 0000:00:1f.3: quirk_igfx_skip_te_disable+0x0/0x80 took 0 usecs
[    3.485716] ACPI: PCI Interrupt Link [LNKA] (IRQs 5 *10 11)
[    3.487762] ACPI: PCI Interrupt Link [LNKB] (IRQs 5 *10 11)
[    3.491068] ACPI: PCI Interrupt Link [LNKC] (IRQs 5 10 *11)
[    3.493348] ACPI: PCI Interrupt Link [LNKD] (IRQs 5 10 *11)
[    3.495409] ACPI: PCI Interrupt Link [LNKE] (IRQs 5 *10 11)
[    3.496887] ACPI: PCI Interrupt Link [LNKF] (IRQs 5 *10 11)
[    3.499047] ACPI: PCI Interrupt Link [LNKG] (IRQs 5 10 *11)
[    3.500734] ACPI: PCI Interrupt Link [LNKH] (IRQs 5 10 *11)
[    3.502876] ACPI: PCI Interrupt Link [GSIA] (IRQs *16)
[    3.503924] ACPI: PCI Interrupt Link [GSIB] (IRQs *17)
[    3.504903] ACPI: PCI Interrupt Link [GSIC] (IRQs *18)
[    3.505847] ACPI: PCI Interrupt Link [GSID] (IRQs *19)
[    3.506926] ACPI: PCI Interrupt Link [GSIE] (IRQs *20)
[    3.507816] ACPI: PCI Interrupt Link [GSIF] (IRQs *21)
[    3.509036] ACPI: PCI Interrupt Link [GSIG] (IRQs *22)
[    3.510902] ACPI: PCI Interrupt Link [GSIH] (IRQs *23)
[    3.524716] initcall acpi_init+0x0/0x319 returned 0 after 283203 usecs
[    3.527269] calling  pnp_init+0x0/0xc @ 1
[    3.528845] initcall pnp_init+0x0/0xc returned 0 after 976 usecs
[    3.529728] calling  misc_init+0x0/0xbf @ 1
[    3.533734] initcall misc_init+0x0/0xbf returned 0 after 2929 usecs
[    3.534730] calling  iommu_subsys_init+0x0/0x4e @ 1
[    3.535962] iommu: Default domain type: Translated 
[    3.536736] initcall iommu_subsys_init+0x0/0x4e returned 0 after 976 usecs
[    3.537728] calling  vga_arb_device_init+0x0/0x261 @ 1
[    3.542084] pci 0000:00:01.0: vgaarb: setting as boot VGA device
[    3.542716] pci 0000:00:01.0: vgaarb: VGA device added: decodes=io+mem,owns=io+mem,locks=none
[    3.542812] pci 0000:00:01.0: vgaarb: bridge control possible
[    3.543726] vgaarb: loaded
[    3.544729] initcall vga_arb_device_init+0x0/0x261 returned 0 after 5859 usecs
[    3.545869] calling  cn_init+0x0/0xf0 @ 1
[    3.548140] initcall cn_init+0x0/0xf0 returned 0 after 976 usecs
[    3.548731] calling  dma_buf_init+0x0/0xad @ 1
[    3.553418] initcall dma_buf_init+0x0/0xad returned 0 after 2929 usecs
[    3.553731] calling  dma_resv_lockdep+0x0/0x281 @ 1
[    3.560296] initcall dma_resv_lockdep+0x0/0x281 returned 0 after 4882 usecs
[    3.560730] calling  init_scsi+0x0/0x79 @ 1
[    3.565109] SCSI subsystem initialized
[    3.565734] initcall init_scsi+0x0/0x79 returned 0 after 3906 usecs
[    3.566732] calling  ata_init+0x0/0x332 @ 1
[    3.578886] libata version 3.00 loaded.
[    3.584734] initcall ata_init+0x0/0x332 returned 0 after 16601 usecs
[    3.591732] calling  phy_init+0x0/0x250 @ 1
[    3.599285] initcall phy_init+0x0/0x250 returned 0 after 2929 usecs
[    3.606728] calling  init_pcmcia_cs+0x0/0x35 @ 1
[    3.613164] initcall init_pcmcia_cs+0x0/0x35 returned 0 after 0 usecs
[    3.621729] calling  usb_common_init+0x0/0x1c @ 1
[    3.627839] initcall usb_common_init+0x0/0x1c returned 0 after 0 usecs
[    3.635728] calling  usb_init+0x0/0x12e @ 1
[    3.640984] ACPI: bus type USB registered
[    3.650516] usbcore: registered new interface driver usbfs
[    3.658003] usbcore: registered new interface driver hub
[    3.664738] usbcore: registered new device driver usb
[    3.667734] initcall usb_init+0x0/0x12e returned 0 after 26367 usecs
[    3.671733] calling  serio_init+0x0/0x29 @ 1
[    3.677982] initcall serio_init+0x0/0x29 returned 0 after 0 usecs
[    3.683732] calling  input_init+0x0/0xf6 @ 1
[    3.689430] initcall input_init+0x0/0xf6 returned 0 after 976 usecs
[    3.697734] calling  rtc_init+0x0/0x4d @ 1
[    3.701750] initcall rtc_init+0x0/0x4d returned 0 after 0 usecs
[    3.709767] calling  pps_init+0x0/0xa9 @ 1
[    3.716029] pps_core: LinuxPPS API ver. 1 registered
[    3.720733] pps_core: Software ver. 5.3.6 - Copyright 2005-2007 Rodolfo Giometti <giometti@linux.it>
[    3.734745] initcall pps_init+0x0/0xa9 returned 0 after 18554 usecs
[    3.743741] calling  ptp_init+0x0/0x98 @ 1
[    3.748764] PTP clock support registered
[    3.752735] initcall ptp_init+0x0/0x98 returned 0 after 3906 usecs
[    3.761739] calling  power_supply_class_init+0x0/0x3f @ 1
[    3.768924] initcall power_supply_class_init+0x0/0x3f returned 0 after 0 usecs
[    3.777728] calling  hwmon_init+0x0/0x104 @ 1
[    3.782777] initcall hwmon_init+0x0/0x104 returned 0 after 0 usecs
[    3.788734] calling  md_init+0x0/0x16b @ 1
[    3.803303] initcall md_init+0x0/0x16b returned 0 after 8789 usecs
[    3.803735] calling  leds_init+0x0/0x3b @ 1
[    3.806367] initcall leds_init+0x0/0x3b returned 0 after 976 usecs
[    3.806736] calling  dmi_init+0x0/0x113 @ 1
[    3.808986] initcall dmi_init+0x0/0x113 returned 0 after 976 usecs
[    3.809731] calling  efisubsys_init+0x0/0x4e7 @ 1
[    3.810762] initcall efisubsys_init+0x0/0x4e7 returned 0 after 0 usecs
[    3.813045] calling  nvmem_init+0x0/0xc @ 1
[    3.814765] initcall nvmem_init+0x0/0xc returned 0 after 976 usecs
[    3.815730] calling  init_soundcore+0x0/0x33 @ 1
[    3.816773] initcall init_soundcore+0x0/0x33 returned 0 after 0 usecs
[    3.817729] calling  alsa_sound_init+0x0/0x8f @ 1
[    3.819828] Advanced Linux Sound Architecture Driver Initialized.
[    3.820730] initcall alsa_sound_init+0x0/0x8f returned 0 after 1953 usecs
[    3.821732] calling  alsa_seq_device_init+0x0/0x71 @ 1
[    3.822859] initcall alsa_seq_device_init+0x0/0x71 returned 0 after 0 usecs
[    3.823731] calling  hda_bus_init+0x0/0xc @ 1
[    3.826081] initcall hda_bus_init+0x0/0xc returned 0 after 976 usecs
[    3.826731] calling  proto_init+0x0/0xc @ 1
[    3.828885] initcall proto_init+0x0/0xc returned 0 after 976 usecs
[    3.829730] calling  net_dev_init+0x0/0x27f @ 1
[    3.833435] initcall net_dev_init+0x0/0x27f returned 0 after 1953 usecs
[    3.833730] calling  neigh_init+0x0/0x84 @ 1
[    3.834736] initcall neigh_init+0x0/0x84 returned 0 after 0 usecs
[    3.835730] calling  fib_notifier_init+0x0/0xc @ 1
[    3.836736] initcall fib_notifier_init+0x0/0xc returned 0 after 0 usecs
[    3.837727] calling  fib_rules_init+0x0/0xab @ 1
[    3.838776] initcall fib_rules_init+0x0/0xab returned 0 after 0 usecs
[    3.839732] calling  pktsched_init+0x0/0x10e @ 1
[    3.841760] initcall pktsched_init+0x0/0x10e returned 0 after 976 usecs
[    3.842735] calling  tc_filter_init+0x0/0xfa @ 1
[    3.843887] initcall tc_filter_init+0x0/0xfa returned 0 after 0 usecs
[    3.844735] calling  tc_action_init+0x0/0x54 @ 1
[    3.845758] initcall tc_action_init+0x0/0x54 returned 0 after 0 usecs
[    3.846735] calling  ethnl_init+0x0/0x52 @ 1
[    3.848899] initcall ethnl_init+0x0/0x52 returned 0 after 976 usecs
[    3.849750] calling  nexthop_init+0x0/0xd8 @ 1
[    3.850948] initcall nexthop_init+0x0/0xd8 returned 0 after 0 usecs
[    3.851730] calling  cipso_v4_init+0x0/0x8d @ 1
[    3.853128] initcall cipso_v4_init+0x0/0x8d returned 0 after 0 usecs
[    3.853728] calling  ieee80211_init+0x0/0x24 @ 1
[    3.855011] initcall ieee80211_init+0x0/0x24 returned 0 after 0 usecs
[    3.855727] calling  netlbl_init+0x0/0x78 @ 1
[    3.856739] NetLabel: Initializing
[    3.857723] NetLabel:  domain hash size = 128
[    3.858722] NetLabel:  protocols = UNLABELED CIPSOv4 CALIPSO
[    3.859974] NetLabel:  unlabeled traffic allowed by default
[    3.860728] initcall netlbl_init+0x0/0x78 returned 0 after 3906 usecs
[    3.861727] calling  rfkill_init+0x0/0x136 @ 1
[    3.863973] initcall rfkill_init+0x0/0x136 returned 0 after 976 usecs
[    3.864731] calling  pci_subsys_init+0x0/0x66 @ 1
[    3.865753] PCI: Using ACPI for IRQ routing
[    4.627172] PCI: pci_cache_line_size set to 64 bytes
[    4.629679] e820: reserve RAM buffer [mem 0x0009fc00-0x0009ffff]
[    4.632013] e820: reserve RAM buffer [mem 0x1ffdf000-0x1fffffff]
[    4.633241] initcall pci_subsys_init+0x0/0x66 returned 0 after 749023 usecs
[    4.635518] calling  nmi_warning_debugfs+0x0/0x26 @ 1
[    4.638751] initcall nmi_warning_debugfs+0x0/0x26 returned 0 after 2929 usecs
[    4.639731] calling  save_microcode_in_initrd+0x0/0x51 @ 1
[    4.641991] initcall save_microcode_in_initrd+0x0/0x51 returned 0 after 0 usecs
[    4.643741] calling  hpet_late_init+0x0/0x20a @ 1
[    4.645959] hpet: 3 channels of 0 reserved for per-cpu timers
[    4.647105] hpet0: at MMIO 0xfed00000, IRQs 2, 8, 0
[    4.647725] hpet0: 3 comparators, 64-bit 100.000000 MHz counter
[    4.653729] initcall hpet_late_init+0x0/0x20a returned 0 after 8789 usecs
[    4.654729] calling  init_amd_nbs+0x0/0x11c @ 1
[    4.656777] initcall init_amd_nbs+0x0/0x11c returned 0 after 976 usecs
[    4.657740] calling  clocksource_done_booting+0x0/0x43 @ 1
[    4.660395] clocksource: Switched to clocksource kvm-clock
[    4.667500] initcall clocksource_done_booting+0x0/0x43 returned 0 after 8572 usecs
[    4.676116] calling  tracer_init_tracefs+0x0/0x248 @ 1
[    4.949727] initcall tracer_init_tracefs+0x0/0x248 returned 0 after 261442 usecs
[    4.958339] calling  init_trace_printk_function_export+0x0/0x2c @ 1
[    4.965514] initcall init_trace_printk_function_export+0x0/0x2c returned 0 after 16 usecs
[    4.974808] calling  init_kprobe_trace+0x0/0x1ab @ 1
[    4.980593] initcall init_kprobe_trace+0x0/0x1ab returned 0 after 90 usecs
[    4.988446] calling  init_dynamic_event+0x0/0x3d @ 1
[    4.994316] initcall init_dynamic_event+0x0/0x3d returned 0 after 15 usecs
[    5.002186] calling  init_uprobe_trace+0x0/0x5c @ 1
[    5.007935] initcall init_uprobe_trace+0x0/0x5c returned 0 after 82 usecs
[    5.016534] calling  init_pipe_fs+0x0/0x44 @ 1
[    5.023507] initcall init_pipe_fs+0x0/0x44 returned 0 after 427 usecs
[    5.031205] calling  inotify_user_setup+0x0/0x47 @ 1
[    5.037056] initcall inotify_user_setup+0x0/0x47 returned 0 after 116 usecs
[    5.045016] calling  eventpoll_init+0x0/0xeb @ 1
[    5.050443] initcall eventpoll_init+0x0/0xeb returned 0 after 45 usecs
[    5.057774] calling  anon_inode_init+0x0/0x58 @ 1
[    5.063524] initcall anon_inode_init+0x0/0x58 returned 0 after 248 usecs
[    5.071398] calling  proc_locks_init+0x0/0x27 @ 1
[    5.076904] initcall proc_locks_init+0x0/0x27 returned 0 after 130 usecs
[    5.084534] calling  iomap_init+0x0/0x1b @ 1
[    5.092971] initcall iomap_init+0x0/0x1b returned 0 after 3295 usecs
[    5.100189] calling  dquot_init+0x0/0x106 @ 1
[    5.105689] VFS: Disk quotas dquot_6.6.0
[    5.110476] VFS: Dquot-cache hash table entries: 512 (order 0, 4096 bytes)
[    5.119473] initcall dquot_init+0x0/0x106 returned 0 after 13469 usecs
[    5.128878] calling  quota_init+0x0/0x23 @ 1
[    5.135707] initcall quota_init+0x0/0x23 returned 0 after 483 usecs
[    5.144632] calling  proc_cmdline_init+0x0/0x21 @ 1
[    5.150663] initcall proc_cmdline_init+0x0/0x21 returned 0 after 8 usecs
[    5.158305] calling  proc_consoles_init+0x0/0x24 @ 1
[    5.164136] initcall proc_consoles_init+0x0/0x24 returned 0 after 6 usecs
[    5.171796] calling  proc_cpuinfo_init+0x0/0x1e @ 1
[    5.177345] initcall proc_cpuinfo_init+0x0/0x1e returned 0 after 31 usecs
[    5.184991] calling  proc_devices_init+0x0/0x24 @ 1
[    5.190638] initcall proc_devices_init+0x0/0x24 returned 0 after 68 usecs
[    5.198190] calling  proc_interrupts_init+0x0/0x24 @ 1
[    5.203913] initcall proc_interrupts_init+0x0/0x24 returned 0 after 6 usecs
[    5.211807] calling  proc_loadavg_init+0x0/0x21 @ 1
[    5.217313] initcall proc_loadavg_init+0x0/0x21 returned 0 after 6 usecs
[    5.225709] calling  proc_meminfo_init+0x0/0x21 @ 1
[    5.231916] initcall proc_meminfo_init+0x0/0x21 returned 0 after 6 usecs
[    5.240009] calling  proc_stat_init+0x0/0x1e @ 1
[    5.245260] initcall proc_stat_init+0x0/0x1e returned 0 after 6 usecs
[    5.254337] calling  proc_uptime_init+0x0/0x21 @ 1
[    5.261110] initcall proc_uptime_init+0x0/0x21 returned 0 after 8 usecs
[    5.270374] calling  proc_version_init+0x0/0x21 @ 1
[    5.276982] initcall proc_version_init+0x0/0x21 returned 0 after 7 usecs
[    5.284442] calling  proc_softirqs_init+0x0/0x21 @ 1
[    5.290192] initcall proc_softirqs_init+0x0/0x21 returned 0 after 6 usecs
[    5.297696] calling  proc_kcore_init+0x0/0xea @ 1
[    5.303194] initcall proc_kcore_init+0x0/0xea returned 0 after 148 usecs
[    5.310630] calling  vmcore_init+0x0/0x57b @ 1
[    5.315578] initcall vmcore_init+0x0/0x57b returned 0 after 1 usecs
[    5.322544] calling  proc_kmsg_init+0x0/0x21 @ 1
[    5.327726] initcall proc_kmsg_init+0x0/0x21 returned 0 after 6 usecs
[    5.335017] calling  proc_page_init+0x0/0x3b @ 1
[    5.340291] initcall proc_page_init+0x0/0x3b returned 0 after 23 usecs
[    5.350216] calling  init_ramfs_fs+0x0/0xc @ 1
[    5.356479] initcall init_ramfs_fs+0x0/0xc returned 0 after 20 usecs
[    5.364585] calling  init_hugetlbfs_fs+0x0/0xf6 @ 1
[    5.370739] initcall init_hugetlbfs_fs+0x0/0xf6 returned 0 after 376 usecs
[    5.378905] calling  blk_scsi_ioctl_init+0x0/0x2a5 @ 1
[    5.384998] initcall blk_scsi_ioctl_init+0x0/0x2a5 returned 0 after 37 usecs
[    5.393106] calling  acpi_event_init+0x0/0x2c @ 1
[    5.401002] initcall acpi_event_init+0x0/0x2c returned 0 after 352 usecs
[    5.408571] calling  pnp_system_init+0x0/0xc @ 1
[    5.414540] initcall pnp_system_init+0x0/0xc returned 0 after 727 usecs
[    5.422178] calling  pnpacpi_init+0x0/0x69 @ 1
[    5.427360] pnp: PnP ACPI init
[    5.432425] pnp 00:00: Plug and Play ACPI device, IDs PNP0303 (active)
[    5.439842] pnp 00:01: Plug and Play ACPI device, IDs PNP0f13 (active)
[    5.449138] pnp 00:02: Plug and Play ACPI device, IDs PNP0400 (active)
[    5.458495] pnp 00:03: Plug and Play ACPI device, IDs PNP0501 (active)
[    5.467004] pnp 00:04: Plug and Play ACPI device, IDs PNP0b00 (active)
[    5.476035] system 00:05: [mem 0xb0000000-0xbfffffff window] has been reserved
[    5.486169] system 00:05: Plug and Play ACPI device, IDs PNP0c01 (active)
[    5.498269] pnp: PnP ACPI: found 6 devices
[    5.502944] initcall pnpacpi_init+0x0/0x69 returned 0 after 73829 usecs
[    5.510421] calling  chr_dev_init+0x0/0x14d @ 1
[    5.613640] initcall chr_dev_init+0x0/0x14d returned 0 after 95747 usecs
[    5.621397] calling  firmware_class_init+0x0/0x14a @ 1
[    5.628190] initcall firmware_class_init+0x0/0x14a returned 0 after 131 usecs
[    5.638609] calling  init_pcmcia_bus+0x0/0x5b @ 1
[    5.645571] initcall init_pcmcia_bus+0x0/0x5b returned 0 after 270 usecs
[    5.654861] calling  init_acpi_pm_clocksource+0x0/0xda @ 1
[    5.666558] clocksource: acpi_pm: mask: 0xffffff max_cycles: 0xffffff, max_idle_ns: 2085701024 ns
[    5.676966] initcall init_acpi_pm_clocksource+0x0/0xda returned 0 after 15484 usecs
[    5.685573] calling  sysctl_core_init+0x0/0x26 @ 1
[    5.691311] initcall sysctl_core_init+0x0/0x26 returned 0 after 175 usecs
[    5.700382] calling  eth_offload_init+0x0/0x13 @ 1
[    5.707477] initcall eth_offload_init+0x0/0x13 returned 0 after 178 usecs
[    5.717315] calling  ipv4_offload_init+0x0/0x73 @ 1
[    5.724312] initcall ipv4_offload_init+0x0/0x73 returned 0 after 80 usecs
[    5.732828] calling  inet_init+0x0/0x276 @ 1
[    5.739934] NET: Registered protocol family 2
[    5.747708] IP idents hash table entries: 8192 (order: 4, 65536 bytes, linear)
[    5.761392] tcp_listen_portaddr_hash hash table entries: 256 (order: 2, 20480 bytes, linear)
[    5.773340] TCP established hash table entries: 4096 (order: 3, 32768 bytes, linear)
[    5.782063] TCP bind hash table entries: 4096 (order: 6, 294912 bytes, linear)
[    5.791470] TCP: Hash tables configured (established 4096 bind 4096)
[    5.800430] UDP hash table entries: 256 (order: 3, 40960 bytes, linear)
[    5.808497] UDP-Lite hash table entries: 256 (order: 3, 40960 bytes, linear)
[    5.817447] initcall inet_init+0x0/0x276 returned 0 after 75646 usecs
[    5.824945] calling  af_unix_init+0x0/0x4d @ 1
[    5.830203] NET: Registered protocol family 1
[    5.836421] initcall af_unix_init+0x0/0x4d returned 0 after 6094 usecs
[    5.844650] calling  ipv6_offload_init+0x0/0x7e @ 1
[    5.850258] initcall ipv6_offload_init+0x0/0x7e returned 0 after 43 usecs
[    5.857912] calling  init_sunrpc+0x0/0x65 @ 1
[    5.868667] RPC: Registered named UNIX socket transport module.
[    5.877185] RPC: Registered udp transport module.
[    5.883952] RPC: Registered tcp transport module.
[    5.890840] RPC: Registered tcp NFSv4.1 backchannel transport module.
[    5.900209] initcall init_sunrpc+0x0/0x65 returned 0 after 36346 usecs
[    5.909616] calling  cfg80211_init+0x0/0xc5 @ 1
[    5.919643] initcall cfg80211_init+0x0/0xc5 returned 0 after 3353 usecs
[    5.927449] calling  pcibios_assign_resources+0x0/0xbf @ 1
[    5.934144] pci_bus 0000:00: resource 4 [io  0x0000-0x0cf7 window]
[    5.941161] pci_bus 0000:00: resource 5 [io  0x0d00-0xffff window]
[    5.948240] pci_bus 0000:00: resource 6 [mem 0x000a0000-0x000bffff window]
[    5.956131] pci_bus 0000:00: resource 7 [mem 0x20000000-0xafffffff window]
[    5.964085] pci_bus 0000:00: resource 8 [mem 0xc0000000-0xfebfffff window]
[    5.972184] pci_bus 0000:00: resource 9 [mem 0x100000000-0x8ffffffff window]
[    5.980503] initcall pcibios_assign_resources+0x0/0xbf returned 0 after 45454 usecs
[    5.989495] calling  pci_apply_final_quirks+0x0/0x124 @ 1
[    5.996094] pci 0000:00:01.0: calling  pci_fixup_video+0x0/0xe0 @ 1
[    6.003607] pci 0000:00:01.0: Video device with shadowed ROM at [mem 0x000c0000-0x000dffff]
[    6.013071] pci 0000:00:01.0: pci_fixup_video+0x0/0xe0 took 9557 usecs
[    6.021049] PCI: CLS 0 bytes, default 64
[    6.025613] initcall pci_apply_final_quirks+0x0/0x124 returned 0 after 29242 usecs
[    6.034151] calling  acpi_reserve_resources+0x0/0xea @ 1
[    6.040171] initcall acpi_reserve_resources+0x0/0xea returned 0 after 22 usecs
[    6.048434] calling  populate_rootfs+0x0/0x102 @ 1
[    6.056273] initcall populate_rootfs+0x0/0x102 returned 0 after 2173 usecs
[    6.064690] calling  pci_iommu_init+0x0/0x3e @ 1
[    6.071538] initcall pci_iommu_init+0x0/0x3e returned 0 after 75 usecs
[    6.079486] calling  ia32_binfmt_init+0x0/0x13 @ 1
[    6.086596] initcall ia32_binfmt_init+0x0/0x13 returned 0 after 10 usecs
[    6.095430] calling  rapl_pmu_init+0x0/0x267 @ 1
[    6.102342] initcall rapl_pmu_init+0x0/0x267 returned -19 after 129 usecs
[    6.110225] calling  amd_uncore_init+0x0/0x310 @ 1
[    6.116582] initcall amd_uncore_init+0x0/0x310 returned -19 after 1 usecs
[    6.125196] calling  amd_ibs_init+0x0/0x27b @ 1
[    6.130807] initcall amd_ibs_init+0x0/0x27b returned -19 after 1 usecs
[    6.138660] calling  amd_iommu_pc_init+0x0/0x22c @ 1
[    6.144535] initcall amd_iommu_pc_init+0x0/0x22c returned -19 after 77 usecs
[    6.152624] calling  msr_init+0x0/0x55 @ 1
[    6.157521] initcall msr_init+0x0/0x55 returned 0 after 120 usecs
[    6.164646] calling  intel_uncore_init+0x0/0x36f @ 1
[    6.170822] initcall intel_uncore_init+0x0/0x36f returned -19 after 33 usecs
[    6.179167] calling  cstate_pmu_init+0x0/0x1a1 @ 1
[    6.184950] initcall cstate_pmu_init+0x0/0x1a1 returned -19 after 3 usecs
[    6.192786] calling  register_kernel_offset_dumper+0x0/0x1a @ 1
[    6.199842] initcall register_kernel_offset_dumper+0x0/0x1a returned 0 after 1 usecs
[    6.210937] calling  i8259A_init_ops+0x0/0x20 @ 1
[    6.216675] initcall i8259A_init_ops+0x0/0x20 returned 0 after 29 usecs
[    6.224568] calling  init_tsc_clocksource+0x0/0xa4 @ 1
[    6.230874] clocksource: tsc: mask: 0xffffffffffffffff max_cycles: 0x39a85afc727, max_idle_ns: 881590685098 ns
[    6.242537] initcall init_tsc_clocksource+0x0/0xa4 returned 0 after 11401 usecs
[    6.251212] calling  add_rtc_cmos+0x0/0xb0 @ 1
[    6.256479] initcall add_rtc_cmos+0x0/0xb0 returned 0 after 18 usecs
[    6.264057] calling  i8237A_init_ops+0x0/0x3a @ 1
[    6.269696] initcall i8237A_init_ops+0x0/0x3a returned 0 after 56 usecs
[    6.277412] calling  umwait_init+0x0/0x94 @ 1
[    6.282792] initcall umwait_init+0x0/0x94 returned -19 after 12 usecs
[    6.290802] calling  thermal_throttle_init_device+0x0/0x3d @ 1
[    6.298025] initcall thermal_throttle_init_device+0x0/0x3d returned 0 after 79 usecs
[    6.307240] calling  msr_init+0x0/0xd7 @ 1
[    6.315020] initcall msr_init+0x0/0xd7 returned 0 after 2696 usecs
[    6.322520] calling  cpuid_init+0x0/0xd7 @ 1
[    6.329176] initcall cpuid_init+0x0/0xd7 returned 0 after 1463 usecs
[    6.336826] calling  ioapic_init_ops+0x0/0x13 @ 1
[    6.342444] initcall ioapic_init_ops+0x0/0x13 returned 0 after 18 usecs
[    6.350347] calling  add_pcspkr+0x0/0x6c @ 1
[    6.355877] initcall add_pcspkr+0x0/0x6c returned 0 after 210 usecs
[    6.364303] calling  start_periodic_check_for_corruption+0x0/0x30 @ 1
[    6.372102] check: Scanning for low memory corruption every 60 seconds
[    6.379982] initcall start_periodic_check_for_corruption+0x0/0x30 returned 0 after 7703 usecs
[    6.391005] calling  sysfb_init+0x0/0x9c @ 1
[    6.396378] initcall sysfb_init+0x0/0x9c returned 0 after 202 usecs
[    6.403956] calling  audit_classes_init+0x0/0xae @ 1
[    6.410004] initcall audit_classes_init+0x0/0xae returned 0 after 85 usecs
[    6.420124] calling  iosf_mbi_init+0x0/0x24 @ 1
[    6.425915] initcall iosf_mbi_init+0x0/0x24 returned 0 after 417 usecs
[    6.433413] calling  proc_execdomains_init+0x0/0x21 @ 1
[    6.439670] initcall proc_execdomains_init+0x0/0x21 returned 0 after 36 usecs
[    6.448097] calling  register_warn_debugfs+0x0/0x23 @ 1
[    6.454373] initcall register_warn_debugfs+0x0/0x23 returned 0 after 19 usecs
[    6.462820] calling  cpuhp_sysfs_init+0x0/0x79 @ 1
[    6.468846] initcall cpuhp_sysfs_init+0x0/0x79 returned 0 after 140 usecs
[    6.477373] calling  ioresources_init+0x0/0x49 @ 1
[    6.483873] initcall ioresources_init+0x0/0x49 returned 0 after 12 usecs
[    6.492318] calling  lockdep_proc_init+0x0/0x64 @ 1
[    6.498829] initcall lockdep_proc_init+0x0/0x64 returned 0 after 29 usecs
[    6.507346] calling  snapshot_device_init+0x0/0xc @ 1
[    6.515450] initcall snapshot_device_init+0x0/0xc returned 0 after 1793 usecs
[    6.524619] calling  irq_pm_init_ops+0x0/0x13 @ 1
[    6.531219] initcall irq_pm_init_ops+0x0/0x13 returned 0 after 99 usecs
[    6.540653] calling  rcu_torture_init+0x0/0x9be @ 1
[    6.547785] tasks-torture:--- Start of test: nreaders=1 nfakewriters=4 stat_interval=15 verbose=1 test_no_idle_hz=1 shuffle_interval=3 stutter=5 irqreader=1 fqs_duration=0 fqs_holdoff=0 fqs_stutter=3 test_boost=1/0 test_boost_interval=7 test_boost_duration=4 shutdown_secs=1800 stall_cpu=0 stall_cpu_holdoff=10 stall_cpu_irqsoff=0 stall_cpu_block=0 n_barrier_cbs=4 onoff_interval=1000 onoff_holdoff=30 read_exit_delay=13 read_exit_burst=16
[    6.597246] tasks:  Start-test grace-period state: g0 f0x0
[    6.604391] tasks-torture: Creating rcu_torture_writer task
[    6.613644] tasks-torture: Creating rcu_torture_fakewriter task
[    6.614129] tasks-torture: rcu_torture_writer task started
[    6.620878] tasks-torture: Creating rcu_torture_fakewriter task
[    6.627633] tasks-torture: GP expediting controlled from boot/sysfs for tasks.
[    6.634948] tasks-torture: rcu_torture_fakewriter task started
[    6.643872] rcu_torture_writer: Testing expedited GPs.
[    6.651394] tasks-torture: Creating rcu_torture_fakewriter task
[    6.657895] rcu_torture_writer: Testing asynchronous GPs.
[    6.657897] rcu_torture_writer: Testing normal GPs.
[    6.661870] tasks-torture: rcu_torture_fakewriter task started
[    6.667188] tasks-torture: Creating rcu_torture_fakewriter task
[    6.675305] tasks-torture: rcu_torture_fakewriter task started
[    6.681876] tasks-torture: Creating rcu_torture_reader task
[    6.690677] tasks-torture: rcu_torture_fakewriter task started
[    6.703220] tasks-torture: Creating rcu_torture_stats task
[    6.707115] tasks-torture: rcu_torture_reader task started
[    6.714603] tasks-torture: Creating torture_shuffle task
[    6.722841] tasks-torture: rcu_torture_stats task started
[    6.729302] tasks-torture: Creating torture_stutter task
[    6.746882] tasks-torture: torture_shuffle task started
[    6.750691] tasks-torture: Creating torture_shutdown task
[    6.767845] tasks-torture: torture_stutter task started
[    6.771146] tasks-torture: Creating torture_onoff task
[    6.777434] tasks-torture: torture_shutdown task started
[    6.783923] tasks-torture: rcu_torture_fwd_prog_init: Disabled, unsupported by RCU flavor under test
[    6.790409] tasks-torture:torture_shutdown task: 1799960 ms remaining
[    6.802499] tasks-torture: torture_onoff task started
[    6.810435] tasks-torture: Creating rcu_torture_barrier_cbs task
[    6.816730] tasks-torture: torture_onoff begin holdoff
[    6.832652] tasks-torture: Creating rcu_torture_barrier_cbs task
[    6.832875] tasks-torture: rcu_torture_barrier_cbs task started
[    6.840983] tasks-torture: Creating rcu_torture_barrier_cbs task
[    6.848425] tasks-torture: rcu_torture_barrier_cbs task started
[    6.856046] tasks-torture: Creating rcu_torture_barrier_cbs task
[    6.864061] tasks-torture: rcu_torture_barrier_cbs task started
[    6.872186] tasks-torture: Creating rcu_torture_barrier task
[    6.879825] tasks-torture: rcu_torture_barrier_cbs task started
[    6.887664] tasks-torture: Creating rcu_torture_read_exit task
[    6.895435] tasks-torture: rcu_torture_barrier task starting
[    6.903679] initcall rcu_torture_init+0x0/0x9be returned 0 after 348372 usecs
[    6.920978] tasks-torture: rcu_torture_read_exit: Start of test
[    6.922939] calling  timekeeping_init_ops+0x0/0x13 @ 1
[    6.936379] initcall timekeeping_init_ops+0x0/0x13 returned 0 after 182 usecs
[    6.946308] calling  init_clocksource_sysfs+0x0/0x23 @ 1
[    6.953557] initcall init_clocksource_sysfs+0x0/0x23 returned 0 after 192 usecs
[    6.963217] calling  init_timer_list_procfs+0x0/0x31 @ 1
[    6.970299] initcall init_timer_list_procfs+0x0/0x31 returned 0 after 8 usecs
[    6.979883] calling  alarmtimer_init+0x0/0xf5 @ 1
[    6.986294] initcall alarmtimer_init+0x0/0xf5 returned 0 after 261 usecs
[    6.995095] calling  init_posix_timers+0x0/0x29 @ 1
[    7.001640] initcall init_posix_timers+0x0/0x29 returned 0 after 19 usecs
[    7.010974] calling  clockevents_init_sysfs+0x0/0xbf @ 1
[    7.019268] initcall clockevents_init_sysfs+0x0/0xbf returned 0 after 411 usecs
[    7.030582] calling  proc_dma_init+0x0/0x21 @ 1
[    7.038004] initcall proc_dma_init+0x0/0x21 returned 0 after 52 usecs
[    7.048160] calling  proc_modules_init+0x0/0x1e @ 1
[    7.055861] initcall proc_modules_init+0x0/0x1e returned 0 after 11 usecs
[    7.066303] calling  kallsyms_init+0x0/0x21 @ 1
[    7.073511] initcall kallsyms_init+0x0/0x21 returned 0 after 9 usecs
[    7.083331] calling  pid_namespaces_init+0x0/0x2c @ 1
[    7.091701] initcall pid_namespaces_init+0x0/0x2c returned 0 after 20 usecs
[    7.102338] calling  audit_watch_init+0x0/0x37 @ 1
[    7.109209] initcall audit_watch_init+0x0/0x37 returned 0 after 3 usecs
[    7.118211] calling  audit_fsnotify_init+0x0/0x37 @ 1
[    7.125181] initcall audit_fsnotify_init+0x0/0x37 returned 0 after 3 usecs
[    7.135028] calling  audit_tree_init+0x0/0x6d @ 1
[    7.142143] initcall audit_tree_init+0x0/0x6d returned 0 after 12 usecs
[    7.150247] calling  seccomp_sysctl_init+0x0/0x2b @ 1
[    7.156909] initcall seccomp_sysctl_init+0x0/0x2b returned 0 after 11 usecs
[    7.166375] calling  utsname_sysctl_init+0x0/0x13 @ 1
[    7.173406] initcall utsname_sysctl_init+0x0/0x13 returned 0 after 31 usecs
[    7.183478] calling  init_tracepoints+0x0/0x27 @ 1
[    7.191064] initcall init_tracepoints+0x0/0x27 returned 0 after 3 usecs
[    7.201297] calling  init_blk_tracer+0x0/0x50 @ 1
[    7.207374] initcall init_blk_tracer+0x0/0x50 returned 0 after 67 usecs
[    7.216021] calling  perf_event_sysfs_init+0x0/0x83 @ 1
[    7.223501] initcall perf_event_sysfs_init+0x0/0x83 returned 0 after 601 usecs
[    7.233539] calling  system_trusted_keyring_init+0x0/0x60 @ 1
[    7.241187] Initialise system trusted keyrings
[    7.247362] initcall system_trusted_keyring_init+0x0/0x60 returned 0 after 6026 usecs
[    7.257580] calling  kswapd_init+0x0/0x5c @ 1
[    7.266351] initcall kswapd_init+0x0/0x5c returned 0 after 2427 usecs
[    7.275640] calling  extfrag_debug_init+0x0/0x54 @ 1
[    7.282893] initcall extfrag_debug_init+0x0/0x54 returned 0 after 42 usecs
[    7.292894] calling  mm_compute_batch_init+0x0/0x12 @ 1
[    7.300333] initcall mm_compute_batch_init+0x0/0x12 returned 0 after 29 usecs
[    7.310319] calling  slab_proc_init+0x0/0x21 @ 1
[    7.316864] initcall slab_proc_init+0x0/0x21 returned 0 after 22 usecs
[    7.325787] calling  workingset_init+0x0/0x8c @ 1
[    7.332304] workingset: timestamp_bits=56 max_order=17 bucket_order=0
[    7.341063] initcall workingset_init+0x0/0x8c returned 0 after 8550 usecs
[    7.350341] calling  proc_vmalloc_init+0x0/0x32 @ 1
[    7.357426] initcall proc_vmalloc_init+0x0/0x32 returned 0 after 10 usecs
[    7.367135] calling  procswaps_init+0x0/0x1e @ 1
[    7.374477] initcall procswaps_init+0x0/0x1e returned 0 after 10 usecs
[    7.383921] calling  slab_sysfs_init+0x0/0xec @ 1
[    7.402302] initcall slab_sysfs_init+0x0/0xec returned 0 after 10750 usecs
[    7.412069] calling  fcntl_init+0x0/0x29 @ 1
[    7.418430] initcall fcntl_init+0x0/0x29 returned 0 after 139 usecs
[    7.427805] calling  proc_filesystems_init+0x0/0x21 @ 1
[    7.436081] initcall proc_filesystems_init+0x0/0x21 returned 0 after 9 usecs
[    7.448809] calling  start_dirtytime_writeback+0x0/0x29 @ 1
[    7.459086] initcall start_dirtytime_writeback+0x0/0x29 returned 0 after 2 usecs
[    7.474032] calling  blkdev_init+0x0/0x1b @ 1
[    7.484669] initcall blkdev_init+0x0/0x1b returned 0 after 397 usecs
[    7.496239] calling  dio_init+0x0/0x2c @ 1
[    7.503212] initcall dio_init+0x0/0x2c returned 0 after 142 usecs
[    7.513803] calling  dnotify_init+0x0/0x78 @ 1
[    7.521225] initcall dnotify_init+0x0/0x78 returned 0 after 169 usecs
[    7.533592] calling  aio_setup+0x0/0x78 @ 1
[    7.542234] initcall aio_setup+0x0/0x78 returned 0 after 733 usecs
[    7.551233] calling  io_uring_init+0x0/0x2c @ 1
[    7.558127] initcall io_uring_init+0x0/0x2c returned 0 after 19 usecs
[    7.567184] calling  mbcache_init+0x0/0x30 @ 1
[    7.573269] initcall mbcache_init+0x0/0x30 returned 0 after 111 usecs
[    7.582493] calling  init_grace+0x0/0xc @ 1
[    7.588534] initcall init_grace+0x0/0xc returned 0 after 7 usecs
[    7.597142] calling  init_v2_quota_format+0x0/0x21 @ 1
[    7.604542] initcall init_v2_quota_format+0x0/0x21 returned 0 after 380 usecs
[    7.614702] calling  init_devpts_fs+0x0/0x27 @ 1
[    7.621652] initcall init_devpts_fs+0x0/0x27 returned 0 after 56 usecs
[    7.630976] calling  ext4_init_fs+0x0/0x1c2 @ 1
[    7.639650] initcall ext4_init_fs+0x0/0x1c2 returned 0 after 1632 usecs
[    7.649135] calling  journal_init+0x0/0x11c @ 1
[    7.655961] initcall journal_init+0x0/0x11c returned 0 after 430 usecs
[    7.664894] calling  init_fat_fs+0x0/0x49 @ 1
[    7.671277] initcall init_fat_fs+0x0/0x49 returned 0 after 327 usecs
[    7.680653] calling  init_vfat_fs+0x0/0xc @ 1
[    7.687320] initcall init_vfat_fs+0x0/0xc returned 0 after 4 usecs
[    7.696406] calling  init_msdos_fs+0x0/0xc @ 1
[    7.702942] initcall init_msdos_fs+0x0/0xc returned 0 after 4 usecs
[    7.713128] calling  init_iso9660_fs+0x0/0x6c @ 1
[    7.721035] initcall init_iso9660_fs+0x0/0x6c returned 0 after 508 usecs
[    7.731837] calling  init_nfs_fs+0x0/0x13a @ 1
[    7.742411] initcall init_nfs_fs+0x0/0x13a returned 0 after 2740 usecs
[    7.753214] calling  init_nfs_v2+0x0/0x13 @ 1
[    7.759862] initcall init_nfs_v2+0x0/0x13 returned 0 after 218 usecs
[    7.768331] calling  init_nfs_v3+0x0/0x13 @ 1
[    7.774299] initcall init_nfs_v3+0x0/0x13 returned 0 after 1 usecs
[    7.782546] calling  init_nfs_v4+0x0/0x32 @ 1
[    7.788649] NFS: Registering the id_resolver key type
[    7.795778] Key type id_resolver registered
[    7.802256] Key type id_legacy registered
[    7.808977] initcall init_nfs_v4+0x0/0x32 returned 0 after 19898 usecs
[    7.818703] calling  init_nlm+0x0/0x5b @ 1
[    7.825075] initcall init_nlm+0x0/0x5b returned 0 after 168 usecs
[    7.834334] calling  init_nls_cp437+0x0/0xe @ 1
[    7.841327] initcall init_nls_cp437+0x0/0xe returned 0 after 259 usecs
[    7.851535] calling  init_nls_ascii+0x0/0xe @ 1
[    7.860104] initcall init_nls_ascii+0x0/0xe returned 0 after 402 usecs
[    7.870286] calling  init_nls_iso8859_1+0x0/0xe @ 1
[    7.877514] initcall init_nls_iso8859_1+0x0/0xe returned 0 after 38 usecs
[    7.888556] calling  init_nls_utf8+0x0/0x21 @ 1
[    7.895683] initcall init_nls_utf8+0x0/0x21 returned 0 after 29 usecs
[    7.906479] calling  init_autofs_fs+0x0/0x25 @ 1
[    7.915920] initcall init_autofs_fs+0x0/0x25 returned 0 after 2603 usecs
[    7.928104] calling  ipc_init+0x0/0x24 @ 1
[    7.934036] initcall ipc_init+0x0/0x24 returned 0 after 77 usecs
[    7.943382] calling  ipc_sysctl_init+0x0/0x13 @ 1
[    7.950778] initcall ipc_sysctl_init+0x0/0x13 returned 0 after 13 usecs
[    7.961107] calling  init_mqueue_fs+0x0/0xb1 @ 1
[    7.970287] initcall init_mqueue_fs+0x0/0xb1 returned 0 after 1491 usecs
[    7.980712] calling  key_proc_init+0x0/0x63 @ 1
[    7.988167] initcall key_proc_init+0x0/0x63 returned 0 after 9 usecs
[    7.997952] calling  selinux_nf_ip_init+0x0/0x2e @ 1
[    8.007109] initcall selinux_nf_ip_init+0x0/0x2e returned 0 after 20 usecs
[    8.018897] calling  init_sel_fs+0x0/0x116 @ 1
[    8.026988] initcall init_sel_fs+0x0/0x116 returned 0 after 1 usecs
[    8.036952] calling  selnl_init+0x0/0x7c @ 1
[    8.044217] initcall selnl_init+0x0/0x7c returned 0 after 735 usecs
[    8.054286] calling  sel_netif_init+0x0/0x36 @ 1
[    8.061964] initcall sel_netif_init+0x0/0x36 returned 0 after 1 usecs
[    8.074498] calling  sel_netnode_init+0x0/0x33 @ 1
[    8.083247] initcall sel_netnode_init+0x0/0x33 returned 0 after 838 usecs
[    8.094054] calling  sel_netport_init+0x0/0x33 @ 1
[    8.101258] initcall sel_netport_init+0x0/0x33 returned 0 after 1 usecs
[    8.112405] calling  aurule_init+0x0/0x2a @ 1
[    8.120369] initcall aurule_init+0x0/0x2a returned 0 after 3 usecs
[    8.131057] calling  crypto_algapi_init+0x0/0xc @ 1
[    8.139743] initcall crypto_algapi_init+0x0/0xc returned 0 after 10 usecs
[    8.150799] calling  jent_mod_init+0x0/0x2d @ 1
[    8.171312] initcall jent_mod_init+0x0/0x2d returned 0 after 12834 usecs
[    8.181943] calling  asymmetric_key_init+0x0/0xc @ 1
[    8.190023] Key type asymmetric registered
[    8.197101] initcall asymmetric_key_init+0x0/0xc returned 0 after 6911 usecs
[    8.207725] calling  x509_key_init+0x0/0xc @ 1
[    8.216448] Asymmetric key parser 'x509' registered
[    8.224190] initcall x509_key_init+0x0/0xc returned 0 after 7797 usecs
[    8.235329] calling  proc_genhd_init+0x0/0x41 @ 1
[    8.243469] initcall proc_genhd_init+0x0/0x41 returned 0 after 36 usecs
[    8.254810] calling  bsg_init+0x0/0x113 @ 1
[    8.261306] Block layer SCSI generic (bsg) driver version 0.4 loaded (major 251)
[    8.272873] initcall bsg_init+0x0/0x113 returned 0 after 11389 usecs
[    8.282995] calling  deadline_init+0x0/0xc @ 1
[    8.290141] io scheduler mq-deadline registered
[    8.297229] initcall deadline_init+0x0/0xc returned 0 after 6981 usecs
[    8.307874] calling  kyber_init+0x0/0xc @ 1
[    8.314926] io scheduler kyber registered
[    8.321301] initcall kyber_init+0x0/0xc returned 0 after 6234 usecs
[    8.331261] calling  mod_init+0x0/0x7 @ 1
[    8.337433] initcall mod_init+0x0/0x7 returned 0 after 0 usecs
[    8.346635] calling  percpu_counter_startup+0x0/0x55 @ 1
[    8.356392] initcall percpu_counter_startup+0x0/0x55 returned 0 after 1244 usecs
[    8.367968] calling  sg_pool_init+0x0/0xb4 @ 1
[    8.375255] initcall sg_pool_init+0x0/0xb4 returned 0 after 372 usecs
[    8.385857] calling  pcie_portdrv_init+0x0/0x39 @ 1
[    8.394299] initcall pcie_portdrv_init+0x0/0x39 returned 0 after 127 usecs
[    8.404942] calling  pci_proc_init+0x0/0x68 @ 1
[    8.412515] initcall pci_proc_init+0x0/0x68 returned 0 after 55 usecs
[    8.422806] calling  pci_hotplug_init+0x0/0x7 @ 1
[    8.430694] initcall pci_hotplug_init+0x0/0x7 returned 0 after 313 usecs
[    8.441331] calling  efifb_driver_init+0x0/0xe @ 1
[    8.449059] initcall efifb_driver_init+0x0/0xe returned 0 after 96 usecs
[    8.459461] calling  ged_driver_init+0x0/0xe @ 1
[    8.466928] initcall ged_driver_init+0x0/0xe returned 0 after 44 usecs
[    8.477005] calling  acpi_ac_init+0x0/0x92 @ 1
[    8.484692] initcall acpi_ac_init+0x0/0x92 returned 0 after 600 usecs
[    8.494866] calling  acpi_button_driver_init+0x0/0x52 @ 1
[    8.504017] input: Power Button as /devices/LNXSYSTM:00/LNXPWRBN:00/input/input0
[    8.518077] ACPI: Power Button [PWRF]
[    8.524380] initcall acpi_button_driver_init+0x0/0x52 returned 0 after 20740 usecs
[    8.538859] calling  acpi_fan_driver_init+0x0/0xe @ 1
[    8.548545] initcall acpi_fan_driver_init+0x0/0xe returned 0 after 146 usecs
[    8.561201] calling  acpi_video_init+0x0/0xcb @ 1
[    8.602891] initcall acpi_video_init+0x0/0xcb returned 0 after 19220 usecs
[    8.615069] calling  acpi_processor_driver_init+0x0/0xad @ 1
[    8.630471] initcall acpi_processor_driver_init+0x0/0xad returned 0 after 6199 usecs
[    8.643027] calling  acpi_thermal_init+0x0/0x71 @ 1
[    8.658570] initcall acpi_thermal_init+0x0/0x71 returned 0 after 7512 usecs
[    8.669311] calling  acpi_battery_init+0x0/0x32 @ 1
[    8.677962] initcall acpi_battery_init+0x0/0x32 returned 0 after 570 usecs
[    8.688962] calling  bgrt_init+0x0/0xb6 @ 1
[    8.695659] initcall bgrt_init+0x0/0xb6 returned -19 after 0 usecs
[    8.705997] calling  gpio_clk_driver_init+0x0/0xe @ 1
[    8.715154] initcall gpio_clk_driver_init+0x0/0xe returned 0 after 657 usecs
[    8.725728] calling  plt_clk_driver_init+0x0/0xe @ 1
[    8.733292] initcall plt_clk_driver_init+0x0/0xe returned 0 after 41 usecs
[    8.743623] calling  virtio_pci_driver_init+0x0/0x15 @ 1
[    8.752097] initcall virtio_pci_driver_init+0x0/0x15 returned 0 after 298 usecs
[    8.764154] calling  n_null_init+0x0/0x1e @ 1
[    8.771273] initcall n_null_init+0x0/0x1e returned 0 after 57 usecs
[    8.781229] calling  pty_init+0x0/0x1e8 @ 1
[    8.792651] initcall pty_init+0x0/0x1e8 returned 0 after 4475 usecs
[    8.803210] calling  sysrq_init+0x0/0x62 @ 1
[    8.810485] initcall sysrq_init+0x0/0x62 returned 0 after 391 usecs
[    8.821902] calling  serial8250_init+0x0/0x17e @ 1
[    8.830649] Serial: 8250/16550 driver, 4 ports, IRQ sharing enabled
[    8.847922] 00:03: ttyS0 at I/O 0x3f8 (irq = 4, base_baud = 115200) is a 16550A
[    8.873493] initcall serial8250_init+0x0/0x17e returned 0 after 41925 usecs
[    8.885641] calling  serial_pci_driver_init+0x0/0x15 @ 1
[    8.896020] initcall serial_pci_driver_init+0x0/0x15 returned 0 after 1092 usecs
[    8.908838] calling  exar_pci_driver_init+0x0/0x15 @ 1
[    8.918490] initcall exar_pci_driver_init+0x0/0x15 returned 0 after 258 usecs
[    8.929282] calling  lpss8250_pci_driver_init+0x0/0x15 @ 1
[    8.938140] initcall lpss8250_pci_driver_init+0x0/0x15 returned 0 after 43 usecs
[    8.949121] calling  mid8250_pci_driver_init+0x0/0x15 @ 1
[    8.957589] initcall mid8250_pci_driver_init+0x0/0x15 returned 0 after 104 usecs
[    8.968627] calling  virtio_console_init+0x0/0xff @ 1
[    8.980090] initcall virtio_console_init+0x0/0xff returned 0 after 2474 usecs
[    8.992072] calling  hpet_init+0x0/0x64 @ 1
[    9.005823] initcall hpet_init+0x0/0x64 returned 0 after 6661 usecs
[    9.015414] calling  nvram_module_init+0x0/0x83 @ 1
[    9.026215] Non-volatile memory driver v1.3
[    9.033414] initcall nvram_module_init+0x0/0x83 returned 0 after 10502 usecs
[    9.045194] calling  hwrng_modinit+0x0/0x8a @ 1
[    9.055719] initcall hwrng_modinit+0x0/0x8a returned 0 after 3034 usecs
[    9.067390] calling  mod_init+0x0/0x48 @ 1
[    9.074375] initcall mod_init+0x0/0x48 returned -19 after 29 usecs
[    9.085222] calling  agp_init+0x0/0x23 @ 1
[    9.092238] Linux agpgart interface v0.103
[    9.101142] initcall agp_init+0x0/0x23 returned 0 after 8705 usecs
[    9.111369] calling  agp_amd64_mod_init+0x0/0x5 @ 1
[    9.122114] initcall agp_amd64_mod_init+0x0/0x5 returned -19 after 2584 usecs
[    9.133320] calling  agp_intel_init+0x0/0x28 @ 1
[    9.142535] initcall agp_intel_init+0x0/0x28 returned 0 after 2049 usecs
[    9.152936] calling  drm_kms_helper_init+0x0/0x7 @ 1
[    9.160623] initcall drm_kms_helper_init+0x0/0x7 returned 0 after 120 usecs
[    9.171707] calling  drm_core_init+0x0/0xbd @ 1
[    9.180360] initcall drm_core_init+0x0/0xbd returned 0 after 1055 usecs
[    9.190876] calling  i915_init+0x0/0x6b @ 1
[    9.204219] initcall i915_init+0x0/0x6b returned 0 after 5910 usecs
[    9.214972] calling  cn_proc_init+0x0/0x35 @ 1
[    9.222511] initcall cn_proc_init+0x0/0x35 returned 0 after 366 usecs
[    9.232440] calling  topology_sysfs_init+0x0/0x27 @ 1
[    9.241100] initcall topology_sysfs_init+0x0/0x27 returned 0 after 206 usecs
[    9.254514] calling  cacheinfo_sysfs_init+0x0/0x27 @ 1
[    9.266728] initcall cacheinfo_sysfs_init+0x0/0x27 returned 0 after 3394 usecs
[    9.278069] calling  loop_init+0x0/0x16a @ 1
[    9.382688] loop: module loaded
[    9.387979] initcall loop_init+0x0/0x16a returned 0 after 100564 usecs
[    9.398270] calling  mac_hid_init+0x0/0x21 @ 1
[    9.405015] initcall mac_hid_init+0x0/0x21 returned 0 after 13 usecs
[    9.414868] calling  spi_transport_init+0x0/0x74 @ 1
[    9.422955] initcall spi_transport_init+0x0/0x74 returned 0 after 143 usecs
[    9.433946] calling  init_sd+0x0/0x18c @ 1
[    9.441094] initcall init_sd+0x0/0x18c returned 0 after 736 usecs
[    9.450537] calling  init_sr+0x0/0x43 @ 1
[    9.456928] initcall init_sr+0x0/0x43 returned 0 after 107 usecs
[    9.467263] calling  init_sg+0x0/0x1c0 @ 1
[    9.474134] initcall init_sg+0x0/0x1c0 returned 0 after 332 usecs
[    9.483484] calling  ahci_pci_driver_init+0x0/0x15 @ 1
[    9.493853] ahci 0000:00:1f.2: version 3.0
[    9.510781] PCI Interrupt Link [GSIA] enabled at IRQ 16
[    9.536525] ahci 0000:00:1f.2: AHCI 0001.0000 32 slots 6 ports 1.5 Gbps 0x3f impl SATA mode
[    9.549407] ahci 0000:00:1f.2: flags: 64bit ncq only 
[    9.592376] scsi host0: ahci
[    9.603377] scsi host1: ahci
[    9.616291] scsi host2: ahci
[    9.624354] scsi host3: ahci
[    9.633059] scsi host4: ahci
[    9.642285] scsi host5: ahci
[    9.649495] ata1: SATA max UDMA/133 abar m4096@0xfebf1000 port 0xfebf1100 irq 24
[    9.662061] ata2: SATA max UDMA/133 abar m4096@0xfebf1000 port 0xfebf1180 irq 24
[    9.674499] ata3: SATA max UDMA/133 abar m4096@0xfebf1000 port 0xfebf1200 irq 24
[    9.686648] ata4: SATA max UDMA/133 abar m4096@0xfebf1000 port 0xfebf1280 irq 24
[    9.698903] ata5: SATA max UDMA/133 abar m4096@0xfebf1000 port 0xfebf1300 irq 24
[    9.711261] ata6: SATA max UDMA/133 abar m4096@0xfebf1000 port 0xfebf1380 irq 24
[    9.723888] initcall ahci_pci_driver_init+0x0/0x15 returned 0 after 226112 usecs
[    9.736230] calling  piix_init+0x0/0x26 @ 1
[    9.743680] initcall piix_init+0x0/0x26 returned 0 after 350 usecs
[    9.754356] calling  amd_pci_driver_init+0x0/0x15 @ 1
[    9.763086] initcall amd_pci_driver_init+0x0/0x15 returned 0 after 376 usecs
[    9.774925] calling  oldpiix_pci_driver_init+0x0/0x15 @ 1
[    9.785663] initcall oldpiix_pci_driver_init+0x0/0x15 returned 0 after 231 usecs
[    9.798389] calling  sch_pci_driver_init+0x0/0x15 @ 1
[    9.807059] initcall sch_pci_driver_init+0x0/0x15 returned 0 after 68 usecs
[    9.817645] calling  net_olddevs_init+0x0/0x55 @ 1
[    9.826050] initcall net_olddevs_init+0x0/0x55 returned 0 after 1393 usecs
[    9.837777] calling  blackhole_netdev_init+0x0/0x78 @ 1
[    9.850503] initcall blackhole_netdev_init+0x0/0x78 returned 0 after 2721 usecs
[    9.861142] calling  phy_module_init+0x0/0x13 @ 1
[    9.869256] initcall phy_module_init+0x0/0x13 returned 0 after 1493 usecs
[    9.878422] calling  tg3_driver_init+0x0/0x15 @ 1
[    9.885491] initcall tg3_driver_init+0x0/0x15 returned 0 after 353 usecs
[    9.895993] calling  e100_init_module+0x0/0x4c @ 1
[    9.903796] e100: Intel(R) PRO/100 Network Driver
[    9.911326] e100: Copyright(c) 1999-2006 Intel Corporation
[    9.921163] initcall e100_init_module+0x0/0x4c returned 0 after 16961 usecs
[    9.932421] calling  e1000_init_module+0x0/0x72 @ 1
[    9.941045] e1000: Intel(R) PRO/1000 Network Driver
[    9.948970] e1000: Copyright (c) 1999-2006 Intel Corporation.
[    9.959714] initcall e1000_init_module+0x0/0x72 returned 0 after 18228 usecs
[    9.969366] calling  e1000_init_module+0x0/0x2d @ 1
[    9.982022] e1000e: Intel(R) PRO/1000 Network Driver
[    9.988589] e1000e: Copyright(c) 1999 - 2015 Intel Corporation.
[    9.997399] initcall e1000_init_module+0x0/0x2d returned 0 after 15539 usecs
[   10.009166] calling  sky2_init_module+0x0/0x21 @ 1
[   10.016587] sky2: driver version 1.30
[   10.022530] initcall sky2_init_module+0x0/0x21 returned 0 after 5803 usecs
[   10.033337] calling  forcedeth_pci_driver_init+0x0/0x15 @ 1
[   10.042309] initcall forcedeth_pci_driver_init+0x0/0x15 returned 0 after 87 usecs
[   10.047238] ata2: SATA link down (SStatus 0 SControl 300)
[   10.053944] calling  rtl8139_init_module+0x0/0x15 @ 1
[   10.054279] initcall rtl8139_init_module+0x0/0x15 returned 0 after 321 usecs
[   10.067542] ata5: SATA link down (SStatus 0 SControl 300)
[   10.071278] calling  rtl8169_pci_driver_init+0x0/0x15 @ 1
[   10.088059] ata1: SATA link down (SStatus 0 SControl 300)
[   10.091784] initcall rtl8169_pci_driver_init+0x0/0x15 returned 0 after 437 usecs
[   10.104069] ata4: SATA link down (SStatus 0 SControl 300)
[   10.108628] calling  cdrom_init+0x0/0xc @ 1
[   10.109335] initcall cdrom_init+0x0/0xc returned 0 after 531 usecs
[   10.125120] ata3: SATA link up 1.5 Gbps (SStatus 113 SControl 300)
[   10.130579] calling  nonstatic_sysfs_init+0x0/0xc @ 1
[   10.130666] initcall nonstatic_sysfs_init+0x0/0xc returned 0 after 81 usecs
[   10.145230] ata6: SATA link down (SStatus 0 SControl 300)
[   10.150002] calling  yenta_cardbus_driver_init+0x0/0x15 @ 1
[   10.150117] initcall yenta_cardbus_driver_init+0x0/0x15 returned 0 after 109 usecs
[   10.150120] calling  mon_init+0x0/0x144 @ 1
[   10.150967] initcall mon_init+0x0/0x144 returned 0 after 822 usecs
[   10.162047] ata3.00: ATAPI: QEMU DVD-ROM, 2.5+, max UDMA/100
[   10.168984] calling  ehci_hcd_init+0x0/0x56 @ 1
[   10.169089] ehci_hcd: USB 2.0 'Enhanced' Host Controller (EHCI) Driver
[   10.180317] ata3.00: applying bridge limits
[   10.188622] initcall ehci_hcd_init+0x0/0x56 returned 0 after 19169 usecs
[   10.188625] calling  ehci_pci_init+0x0/0x64 @ 1
[   10.188628] ehci-pci: EHCI PCI platform driver
[   10.188773] initcall ehci_pci_init+0x0/0x64 returned 0 after 141 usecs
[   10.224414] ata3.00: configured for UDMA/100
[   10.234185] calling  ohci_hcd_mod_init+0x0/0x4e @ 1
[   10.284649] scsi 2:0:0:0: CD-ROM            QEMU     QEMU DVD-ROM     2.5+ PQ: 0 ANSI: 5
[   10.291594] ohci_hcd: USB 1.1 'Open' Host Controller (OHCI) Driver
[   10.291629] initcall ohci_hcd_mod_init+0x0/0x4e returned 0 after 56 usecs
[   10.363541] calling  ohci_pci_init+0x0/0x64 @ 1
[   10.374234] ohci-pci: OHCI PCI platform driver
[   10.381448] initcall ohci_pci_init+0x0/0x64 returned 0 after 7491 usecs
[   10.393765] calling  uhci_hcd_init+0x0/0xa8 @ 1
[   10.399612] sr 2:0:0:0: [sr0] scsi3-mmc drive: 4x/4x cd/rw xa/form2 tray
[   10.402280] uhci_hcd: USB Universal Host Controller Interface driver
[   10.414283] cdrom: Uniform CD-ROM driver Revision: 3.20
[   10.424423] initcall uhci_hcd_init+0x0/0xa8 returned 0 after 21659 usecs
[   10.444560] calling  xhci_hcd_init+0x0/0x1e @ 1
[   10.453631] initcall xhci_hcd_init+0x0/0x1e returned 0 after 190 usecs
[   10.465239] calling  xhci_pci_init+0x0/0x49 @ 1
[   10.475265] initcall xhci_pci_init+0x0/0x49 returned 0 after 626 usecs
[   10.485339] calling  usblp_driver_init+0x0/0x15 @ 1
[   10.494172] sr 2:0:0:0: Attached scsi CD-ROM sr0
[   10.495397] usbcore: registered new interface driver usblp
[   10.504590] sr 2:0:0:0: Attached scsi generic sg0 type 5
[   10.512932] initcall usblp_driver_init+0x0/0x15 returned 0 after 19203 usecs
[   10.531449] calling  usb_storage_driver_init+0x0/0x2a @ 1
[   10.541547] usbcore: registered new interface driver usb-storage
[   10.551470] initcall usb_storage_driver_init+0x0/0x2a returned 0 after 9907 usecs
[   10.562824] calling  i8042_init+0x0/0x4c2 @ 1
[   10.570129] i8042: PNP: PS/2 Controller [PNP0303:KBD,PNP0f13:MOU] at 0x60,0x64 irq 1,12
[   10.593163] serio: i8042 KBD port at 0x60,0x64 irq 1
[   10.602398] serio: i8042 AUX port at 0x60,0x64 irq 12
[   10.611343] initcall i8042_init+0x0/0x4c2 returned 0 after 40843 usecs
[   10.621724] calling  serport_init+0x0/0x2c @ 1
[   10.628563] initcall serport_init+0x0/0x2c returned 0 after 1 usecs
[   10.637621] calling  input_leds_init+0x0/0xc @ 1
[   10.644609] initcall input_leds_init+0x0/0xc returned 0 after 116 usecs
[   10.655346] calling  evdev_init+0x0/0xc @ 1
[   10.669339] initcall evdev_init+0x0/0xc returned 0 after 6057 usecs
[   10.679362] calling  atkbd_init+0x0/0x21 @ 1
[   10.687353] initcall atkbd_init+0x0/0x21 returned 0 after 945 usecs
[   10.694027] input: AT Translated Set 2 keyboard as /devices/platform/i8042/serio0/input/input1
[   10.697589] calling  psmouse_init+0x0/0x7f @ 1
[   10.720110] initcall psmouse_init+0x0/0x7f returned 0 after 187 usecs
[   10.734398] calling  cmos_init+0x0/0x73 @ 1
[   10.744275] rtc_cmos 00:04: RTC can wake from S4
[   10.771790] rtc_cmos 00:04: registered as rtc0
[   10.781361] rtc_cmos 00:04: alarms up to one day, y3k, 242 bytes nvram, hpet irqs
[   10.795224] initcall cmos_init+0x0/0x73 returned 0 after 51930 usecs
[   10.807615] calling  smbalert_driver_init+0x0/0xe @ 1
[   10.817106] initcall smbalert_driver_init+0x0/0xe returned 0 after 128 usecs
[   10.831412] calling  i2c_i801_init+0x0/0xc5 @ 1
[   10.850235] i801_smbus 0000:00:1f.3: SMBus using PCI interrupt
[   10.862644] i2c i2c-0: 1/1 memory slots populated (from DMI)
[   10.871697] i2c i2c-0: Memory type 0x07 not supported yet, not instantiating SPD
[   10.886231] initcall i2c_i801_init+0x0/0xc5 returned 0 after 45836 usecs
[   10.896582] calling  ptp_kvm_init+0x0/0xf0 @ 1
[   10.905917] initcall ptp_kvm_init+0x0/0xf0 returned 0 after 983 usecs
[   10.915963] calling  dm_init+0x0/0x3c @ 1
[   10.923278] device-mapper: ioctl: 4.43.0-ioctl (2020-10-01) initialised: dm-devel@redhat.com
[   10.936131] initcall dm_init+0x0/0x3c returned 0 after 13347 usecs
[   10.945482] calling  dm_mirror_init+0x0/0x29 @ 1
[   10.952739] initcall dm_mirror_init+0x0/0x29 returned 0 after 16 usecs
[   10.963001] calling  dm_dirty_log_init+0x0/0x4f @ 1
[   10.970606] initcall dm_dirty_log_init+0x0/0x4f returned 0 after 185 usecs
[   10.981011] calling  dm_zero_init+0x0/0x29 @ 1
[   10.987898] initcall dm_zero_init+0x0/0x29 returned 0 after 2 usecs
[   10.997361] calling  intel_pstate_init+0x0/0x512 @ 1
[   11.005081] intel_pstate: CPU model not supported
[   11.012315] initcall intel_pstate_init+0x0/0x512 returned -19 after 7079 usecs
[   11.022944] calling  haltpoll_init+0x0/0xc0 @ 1
[   11.029983] initcall haltpoll_init+0x0/0xc0 returned -19 after 34 usecs
[   11.040209] calling  efivars_sysfs_init+0x0/0x30 @ 1
[   11.048078] initcall efivars_sysfs_init+0x0/0x30 returned 0 after 43 usecs
[   11.058369] calling  esrt_sysfs_init+0x0/0x2a2 @ 1
[   11.065705] initcall esrt_sysfs_init+0x0/0x2a2 returned -38 after 138 usecs
[   11.076362] calling  hid_init+0x0/0x5c @ 1
[   11.083021] hid: raw HID events driver (C) Jiri Kosina
[   11.091027] initcall hid_init+0x0/0x5c returned 0 after 7943 usecs
[   11.100296] calling  hid_generic_init+0x0/0x15 @ 1
[   11.114234] initcall hid_generic_init+0x0/0x15 returned 0 after 411 usecs
[   11.124664] calling  a4_driver_init+0x0/0x15 @ 1
[   11.132101] initcall a4_driver_init+0x0/0x15 returned 0 after 277 usecs
[   11.142429] calling  apple_driver_init+0x0/0x15 @ 1
[   11.150378] initcall apple_driver_init+0x0/0x15 returned 0 after 365 usecs
[   11.161090] calling  belkin_driver_init+0x0/0x15 @ 1
[   11.169549] initcall belkin_driver_init+0x0/0x15 returned 0 after 294 usecs
[   11.180058] calling  ch_driver_init+0x0/0x15 @ 1
[   11.187592] initcall ch_driver_init+0x0/0x15 returned 0 after 309 usecs
[   11.198153] calling  ch_driver_init+0x0/0x15 @ 1
[   11.205720] initcall ch_driver_init+0x0/0x15 returned 0 after 465 usecs
[   11.216343] calling  cp_driver_init+0x0/0x15 @ 1
[   11.224932] initcall cp_driver_init+0x0/0x15 returned 0 after 454 usecs
[   11.235701] calling  ez_driver_init+0x0/0x15 @ 1
[   11.243210] initcall ez_driver_init+0x0/0x15 returned 0 after 541 usecs
[   11.252786] calling  gyration_driver_init+0x0/0x15 @ 1
[   11.260396] initcall gyration_driver_init+0x0/0x15 returned 0 after 41 usecs
[   11.272442] calling  ite_driver_init+0x0/0x15 @ 1
[   11.279489] initcall ite_driver_init+0x0/0x15 returned 0 after 41 usecs
[   11.289346] calling  ks_driver_init+0x0/0x15 @ 1
[   11.296534] initcall ks_driver_init+0x0/0x15 returned 0 after 43 usecs
[   11.306438] calling  lg_driver_init+0x0/0x15 @ 1
[   11.313297] initcall lg_driver_init+0x0/0x15 returned 0 after 83 usecs
[   11.322930] calling  lg_g15_driver_init+0x0/0x15 @ 1
[   11.330381] initcall lg_g15_driver_init+0x0/0x15 returned 0 after 58 usecs
[   11.341129] calling  ms_driver_init+0x0/0x15 @ 1
[   11.348233] initcall ms_driver_init+0x0/0x15 returned 0 after 48 usecs
[   11.359242] calling  mr_driver_init+0x0/0x15 @ 1
[   11.370150] initcall mr_driver_init+0x0/0x15 returned 0 after 77 usecs
[   11.381300] calling  ntrig_driver_init+0x0/0x15 @ 1
[   11.388939] initcall ntrig_driver_init+0x0/0x15 returned 0 after 120 usecs
[   11.399031] calling  pl_driver_init+0x0/0x15 @ 1
[   11.405780] initcall pl_driver_init+0x0/0x15 returned 0 after 54 usecs
[   11.415737] calling  pl_driver_init+0x0/0x15 @ 1
[   11.422954] initcall pl_driver_init+0x0/0x15 returned 0 after 48 usecs
[   11.432645] calling  redragon_driver_init+0x0/0x15 @ 1
[   11.440426] initcall redragon_driver_init+0x0/0x15 returned 0 after 50 usecs
[   11.451254] calling  samsung_driver_init+0x0/0x15 @ 1
[   11.460161] initcall samsung_driver_init+0x0/0x15 returned 0 after 458 usecs
[   11.479029] calling  sony_init+0x0/0x38 @ 1
[   11.488140] initcall sony_init+0x0/0x38 returned 0 after 323 usecs
[   11.500328] calling  sp_driver_init+0x0/0x15 @ 1
[   11.507648] initcall sp_driver_init+0x0/0x15 returned 0 after 329 usecs
[   11.518595] calling  ts_driver_init+0x0/0x15 @ 1
[   11.528622] initcall ts_driver_init+0x0/0x15 returned 0 after 306 usecs
[   11.543352] calling  hid_init+0x0/0x58 @ 1
[   11.550305] usbcore: registered new interface driver usbhid
[   11.559033] usbhid: USB HID core driver
[   11.565098] initcall hid_init+0x0/0x58 returned 0 after 14809 usecs
[   11.574469] calling  eeepc_laptop_init+0x0/0x57 @ 1
[   11.581998] initcall eeepc_laptop_init+0x0/0x57 returned -19 after 260 usecs
[   11.592357] calling  pmc_atom_init+0x0/0x27a @ 1
[   11.599489] initcall pmc_atom_init+0x0/0x27a returned -19 after 11 usecs
[   11.609592] calling  alsa_hwdep_init+0x0/0x5e @ 1
[   11.622392] initcall alsa_hwdep_init+0x0/0x5e returned 0 after 1913 usecs
[   11.632598] calling  alsa_timer_init+0x0/0x1f9 @ 1
[   11.640734] initcall alsa_timer_init+0x0/0x1f9 returned 0 after 592 usecs
[   11.652576] calling  snd_hrtimer_init+0x0/0x117 @ 1
[   11.661040] initcall snd_hrtimer_init+0x0/0x117 returned 0 after 6 usecs
[   11.671160] calling  alsa_pcm_init+0x0/0x64 @ 1
[   11.678048] initcall alsa_pcm_init+0x0/0x64 returned 0 after 41 usecs
[   11.687981] calling  alsa_seq_init+0x0/0x4a @ 1
[   11.695731] initcall alsa_seq_init+0x0/0x4a returned 0 after 836 usecs
[   11.705986] calling  alsa_seq_dummy_init+0x0/0x9c @ 1
[   11.714089] initcall alsa_seq_dummy_init+0x0/0x9c returned 0 after 129 usecs
[   11.725094] calling  azx_driver_init+0x0/0x15 @ 1
[   11.733357] initcall azx_driver_init+0x0/0x15 returned 0 after 553 usecs
[   11.743980] calling  sock_diag_init+0x0/0x2a @ 1
[   11.753137] initcall sock_diag_init+0x0/0x2a returned 0 after 1977 usecs
[   11.763868] calling  blackhole_init+0x0/0xc @ 1
[   11.771299] initcall blackhole_init+0x0/0xc returned 0 after 3 usecs
[   11.782766] calling  nfnetlink_init+0x0/0x61 @ 1
[   11.791653] initcall nfnetlink_init+0x0/0x61 returned 0 after 1187 usecs
[   11.801285] calling  nfnetlink_log_init+0x0/0x99 @ 1
[   11.809506] initcall nfnetlink_log_init+0x0/0x99 returned 0 after 1099 usecs
[   11.820347] calling  nf_conntrack_standalone_init+0x0/0x87 @ 1
[   11.831167] initcall nf_conntrack_standalone_init+0x0/0x87 returned 0 after 2249 usecs
[   11.845185] calling  ctnetlink_init+0x0/0x83 @ 1
[   11.852230] initcall ctnetlink_init+0x0/0x83 returned 0 after 297 usecs
[   11.867294] tasks-torture: rcu_torture_read_exit: End of episode
[   11.884087] calling  nf_conntrack_ftp_init+0x0/0x12c @ 1
[   11.892303] initcall nf_conntrack_ftp_init+0x0/0x12c returned 0 after 43 usecs
[   11.904864] calling  nf_conntrack_irc_init+0x0/0x129 @ 1
[   11.930347] initcall nf_conntrack_irc_init+0x0/0x129 returned 0 after 89 usecs
[   11.945941] hrtimer: interrupt took 2437451 ns
[   11.961402] calling  nf_conntrack_sip_init+0x0/0x172 @ 1
[   11.969226] initcall nf_conntrack_sip_init+0x0/0x172 returned 0 after 28 usecs
[   11.979651] calling  nf_nat_init+0x0/0xf0 @ 1
[   11.990033] initcall nf_nat_init+0x0/0xf0 returned 0 after 2358 usecs
[   11.999585] calling  nf_nat_ftp_init+0x0/0x2a @ 1
[   12.022180] initcall nf_nat_ftp_init+0x0/0x2a returned 0 after 14603 usecs
[   12.038782] input: ImExPS/2 Generic Explorer Mouse as /devices/platform/i8042/serio1/input/input3
[   12.038852] calling  nf_nat_irc_init+0x0/0x2a @ 1
[   12.051473] initcall nf_nat_irc_init+0x0/0x2a returned 0 after 21 usecs
[   12.069612] calling  nf_nat_sip_init+0x0/0x36 @ 1
[   12.076536] initcall nf_nat_sip_init+0x0/0x36 returned 0 after 7 usecs
[   12.101619] calling  xt_init+0x0/0x146 @ 1
[   12.118139] initcall xt_init+0x0/0x146 returned 0 after 9640 usecs
[   12.127089] calling  tcpudp_mt_init+0x0/0x11 @ 1
[   12.133960] initcall tcpudp_mt_init+0x0/0x11 returned 0 after 266 usecs
[   12.143309] calling  connsecmark_tg_init+0x0/0xc @ 1
[   12.150484] initcall connsecmark_tg_init+0x0/0xc returned 0 after 3 usecs
[   12.160002] calling  nflog_tg_init+0x0/0xc @ 1
[   12.166225] initcall nflog_tg_init+0x0/0xc returned 0 after 3 usecs
[   12.174976] calling  secmark_tg_init+0x0/0x11 @ 1
[   12.181733] initcall secmark_tg_init+0x0/0x11 returned 0 after 9 usecs
[   12.190836] calling  tcpmss_tg_init+0x0/0x11 @ 1
[   12.197665] initcall tcpmss_tg_init+0x0/0x11 returned 0 after 3 usecs
[   12.206727] calling  conntrack_mt_init+0x0/0x11 @ 1
