c[?7l[2J[0mSeaBIOS (version 1.16.0-debian-1.16.0-4)
Booting from ROM...
early console in setup code
c[?7l[2J[    0.000000] Linux version 5.10.154+ (root@joelboxx.c.googlers.com) (gcc (Debian 12.2.0-3) 12.2.0, GNU ld (GNU Binutils for Debian) 2.39) #8 SMP Tue Dec 13 06:23:19 UTC 2022
[    0.000000] Command line: selinux=0 initcall_debug debug console=ttyS0 rcutorture.torture_type=srcu rcutorture.onoff_interval=1000 rcutorture.onoff_holdoff=30 rcutorture.n_barrier_cbs=4 rcutorture.stat_interval=15 rcutorture.shutdown_secs=1800 rcutorture.test_no_idle_hz=1 rcutorture.verbose=1
[    0.000000] x86/fpu: x87 FPU will use FXSAVE
[    0.000000] BIOS-provided physical RAM map:
[    0.000000] BIOS-e820: [mem 0x0000000000000000-0x000000000009fbff] usable
[    0.000000] BIOS-e820: [mem 0x000000000009fc00-0x000000000009ffff] reserved
[    0.000000] BIOS-e820: [mem 0x00000000000f0000-0x00000000000fffff] reserved
[    0.000000] BIOS-e820: [mem 0x0000000000100000-0x000000001ffdefff] usable
[    0.000000] BIOS-e820: [mem 0x000000001ffdf000-0x000000001fffffff] reserved
[    0.000000] BIOS-e820: [mem 0x00000000b0000000-0x00000000bfffffff] reserved
[    0.000000] BIOS-e820: [mem 0x00000000fed1c000-0x00000000fed1ffff] reserved
[    0.000000] BIOS-e820: [mem 0x00000000feffc000-0x00000000feffffff] reserved
[    0.000000] BIOS-e820: [mem 0x00000000fffc0000-0x00000000ffffffff] reserved
[    0.000000] NX (Execute Disable) protection: active
[    0.000000] SMBIOS 2.8 present.
[    0.000000] DMI: QEMU Standard PC (Q35 + ICH9, 2009), BIOS 1.16.0-debian-1.16.0-4 04/01/2014
[    0.000000] Hypervisor detected: KVM
[    0.000000] kvm-clock: Using msrs 4b564d01 and 4b564d00
[    0.000000] kvm-clock: cpu 0, msr 1609e001, primary cpu clock
[    0.000001] kvm-clock: using sched offset of 1831192428 cycles
[    0.000094] clocksource: kvm-clock: mask: 0xffffffffffffffff max_cycles: 0x1cd42e4dffb, max_idle_ns: 881590591483 ns
[    0.000099] tsc: Detected 1999.999 MHz processor
[    0.009776] e820: update [mem 0x00000000-0x00000fff] usable ==> reserved
[    0.009783] e820: remove [mem 0x000a0000-0x000fffff] usable
[    0.009792] last_pfn = 0x1ffdf max_arch_pfn = 0x400000000
[    0.010802] MTRR default type: write-back
[    0.010891] MTRR fixed ranges enabled:
[    0.010893]   00000-9FFFF write-back
[    0.010895]   A0000-BFFFF uncachable
[    0.010896]   C0000-FFFFF write-protect
[    0.010897] MTRR variable ranges enabled:
[    0.010899]   0 base 00C0000000 mask FFC0000000 uncachable
[    0.010900]   1 disabled
[    0.010901]   2 disabled
[    0.010902]   3 disabled
[    0.010903]   4 disabled
[    0.010904]   5 disabled
[    0.010904]   6 disabled
[    0.010905]   7 disabled
[    0.011148] x86/PAT: Configuration [0-7]: WB  WC  UC- UC  WB  WC  UC- UC  
[    0.020553] found SMP MP-table at [mem 0x000f5ba0-0x000f5baf]
[    0.023495] check: Scanning 1 areas for low memory corruption
[    0.034914] ACPI: Early table checksum verification disabled
[    0.036865] ACPI: RSDP 0x00000000000F59E0 000014 (v00 BOCHS )
[    0.037325] ACPI: RSDT 0x000000001FFE23B1 000038 (v01 BOCHS  BXPC     00000001 BXPC 00000001)
[    0.037335] ACPI: FACP 0x000000001FFE2191 0000F4 (v03 BOCHS  BXPC     00000001 BXPC 00000001)
[    0.037373] ACPI: DSDT 0x000000001FFE0040 002151 (v01 BOCHS  BXPC     00000001 BXPC 00000001)
[    0.037378] ACPI: FACS 0x000000001FFE0000 000040
[    0.037388] ACPI: APIC 0x000000001FFE2285 000090 (v01 BOCHS  BXPC     00000001 BXPC 00000001)
[    0.037393] ACPI: HPET 0x000000001FFE2315 000038 (v01 BOCHS  BXPC     00000001 BXPC 00000001)
[    0.037398] ACPI: MCFG 0x000000001FFE234D 00003C (v01 BOCHS  BXPC     00000001 BXPC 00000001)
[    0.037402] ACPI: WAET 0x000000001FFE2389 000028 (v01 BOCHS  BXPC     00000001 BXPC 00000001)
[    0.037407] ACPI: Reserving FACP table memory at [mem 0x1ffe2191-0x1ffe2284]
[    0.037409] ACPI: Reserving DSDT table memory at [mem 0x1ffe0040-0x1ffe2190]
[    0.037411] ACPI: Reserving FACS table memory at [mem 0x1ffe0000-0x1ffe003f]
[    0.037412] ACPI: Reserving APIC table memory at [mem 0x1ffe2285-0x1ffe2314]
[    0.037413] ACPI: Reserving HPET table memory at [mem 0x1ffe2315-0x1ffe234c]
[    0.037415] ACPI: Reserving MCFG table memory at [mem 0x1ffe234d-0x1ffe2388]
[    0.037416] ACPI: Reserving WAET table memory at [mem 0x1ffe2389-0x1ffe23b0]
[    0.038532] ACPI: Local APIC address 0xfee00000
[    0.043982] No NUMA configuration found
[    0.043985] Faking a node at [mem 0x0000000000000000-0x000000001ffdefff]
[    0.044234] NODE_DATA(0) allocated [mem 0x1ffdb000-0x1ffdefff]
[    0.045043] Zone ranges:
[    0.045229]   DMA      [mem 0x0000000000001000-0x0000000000ffffff]
[    0.045336]   DMA32    [mem 0x0000000001000000-0x000000001ffdefff]
[    0.045339]   Normal   empty
[    0.045340] Movable zone start for each node
[    0.045341] Early memory node ranges
[    0.045420]   node   0: [mem 0x0000000000001000-0x000000000009efff]
[    0.045423]   node   0: [mem 0x0000000000100000-0x000000001ffdefff]
[    0.045496] Initmem setup node 0 [mem 0x0000000000001000-0x000000001ffdefff]
[    0.045499] On node 0 totalpages: 130941
[    0.045501]   DMA zone: 64 pages used for memmap
[    0.045503]   DMA zone: 21 pages reserved
[    0.045504]   DMA zone: 3998 pages, LIFO batch:0
[    0.045506]   DMA32 zone: 1984 pages used for memmap
[    0.045508]   DMA32 zone: 126943 pages, LIFO batch:31
[    0.049294] On node 0, zone DMA: 1 pages in unavailable ranges
[    0.054927] On node 0, zone DMA: 97 pages in unavailable ranges
[    0.198525] On node 0, zone DMA32: 33 pages in unavailable ranges
[    0.202114] ACPI: PM-Timer IO Port: 0x608
[    0.202120] ACPI: Local APIC address 0xfee00000
[    0.202332] ACPI: LAPIC_NMI (acpi_id[0xff] dfl dfl lint[0x1])
[    0.203673] IOAPIC[0]: apic_id 0, version 17, address 0xfec00000, GSI 0-23
[    0.203678] ACPI: INT_SRC_OVR (bus 0 bus_irq 0 global_irq 2 dfl dfl)
[    0.203820] ACPI: INT_SRC_OVR (bus 0 bus_irq 5 global_irq 5 high level)
[    0.203821] ACPI: INT_SRC_OVR (bus 0 bus_irq 9 global_irq 9 high level)
[    0.203823] ACPI: INT_SRC_OVR (bus 0 bus_irq 10 global_irq 10 high level)
[    0.203824] ACPI: INT_SRC_OVR (bus 0 bus_irq 11 global_irq 11 high level)
[    0.203827] ACPI: IRQ0 used by override.
[    0.203828] ACPI: IRQ5 used by override.
[    0.203829] ACPI: IRQ9 used by override.
[    0.203830] ACPI: IRQ10 used by override.
[    0.203831] ACPI: IRQ11 used by override.
[    0.203833] Using ACPI (MADT) for SMP configuration information
[    0.203924] ACPI: HPET id: 0x8086a201 base: 0xfed00000
[    0.204682] smpboot: Allowing 4 CPUs, 0 hotplug CPUs
[    0.206072] PM: hibernation: Registered nosave memory: [mem 0x00000000-0x00000fff]
[    0.206075] PM: hibernation: Registered nosave memory: [mem 0x0009f000-0x0009ffff]
[    0.206076] PM: hibernation: Registered nosave memory: [mem 0x000a0000-0x000effff]
[    0.206077] PM: hibernation: Registered nosave memory: [mem 0x000f0000-0x000fffff]
[    0.206080] [mem 0x20000000-0xafffffff] available for PCI devices
[    0.206259] Booting paravirtualized kernel on KVM
[    0.206777] clocksource: refined-jiffies: mask: 0xffffffff max_cycles: 0xffffffff, max_idle_ns: 1910969940391419 ns
[    0.271622] setup_percpu: NR_CPUS:4 nr_cpumask_bits:4 nr_cpu_ids:4 nr_node_ids:1
[    0.323816] percpu: Embedded 56 pages/cpu s191128 r8192 d30056 u524288
[    0.324009] pcpu-alloc: s191128 r8192 d30056 u524288 alloc=1*2097152
[    0.324141] pcpu-alloc: [0] 0 1 2 3 
[    0.325447] kvm-guest: stealtime: cpu 0, msr 1f41b600
[    0.326671] Built 1 zonelists, mobility grouping on.  Total pages: 128872
[    0.326821] Policy zone: DMA32
[    0.327163] Kernel command line: selinux=0 initcall_debug debug console=ttyS0 rcutorture.torture_type=srcu rcutorture.onoff_interval=1000 rcutorture.onoff_holdoff=30 rcutorture.n_barrier_cbs=4 rcutorture.stat_interval=15 rcutorture.shutdown_secs=1800 rcutorture.test_no_idle_hz=1 rcutorture.verbose=1
[    0.338029] Dentry cache hash table entries: 65536 (order: 7, 524288 bytes, linear)
[    0.338104] Inode-cache hash table entries: 32768 (order: 6, 262144 bytes, linear)
[    0.339788] mem auto-init: stack:all(zero), heap alloc:off, heap free:off
[    0.495998] Memory: 480680K/523764K available (14349K kernel code, 2529K rwdata, 4688K rodata, 1500K init, 1520K bss, 42824K reserved, 0K cma-reserved)
[    0.497731] SLUB: HWalign=64, Order=0-3, MinObjects=0, CPUs=4, Nodes=1
[    0.499053] Kernel/User page tables isolation: enabled
[    0.516231] rcu: Hierarchical RCU implementation.
[    0.516297] 	Trampoline variant of Tasks RCU enabled.
[    0.516298] 	Rude variant of Tasks RCU enabled.
[    0.516299] 	Tracing variant of Tasks RCU enabled.
[    0.516441] rcu: RCU calculated value of scheduler-enlistment delay is 100 jiffies.
[    0.553918] NR_IRQS: 4352, nr_irqs: 456, preallocated irqs: 16
[    0.560842] calling  con_init+0x0/0x22a @ 0
[    0.786038] Console: colour VGA+ 80x25
[    0.786138] initcall con_init+0x0/0x22a returned 0 after 0 usecs
[    0.786140] calling  hvc_console_init+0x0/0x13 @ 0
[    0.786244] initcall hvc_console_init+0x0/0x13 returned 0 after 0 usecs
[    0.786246] calling  univ8250_console_init+0x0/0x26 @ 0
[    1.680077] printk: console [ttyS0] enabled
[    1.685497] initcall univ8250_console_init+0x0/0x26 returned 0 after 0 usecs
[    1.694663] ACPI: Core revision 20200925
[    1.701557] clocksource: hpet: mask: 0xffffffff max_cycles: 0xffffffff, max_idle_ns: 19112604467 ns
[    1.713328] APIC: Switch to symmetric I/O mode setup
[    1.734595] ..TIMER: vector=0x30 apic1=0 pin1=2 apic2=-1 pin2=-1
[    1.741564] clocksource: tsc-early: mask: 0xffffffffffffffff max_cycles: 0x39a85afc727, max_idle_ns: 881590685098 ns
[    1.753470] Calibrating delay loop (skipped) preset value.. 3999.99 BogoMIPS (lpj=1999999)
[    1.755185] pid_max: default: 32768 minimum: 301
[    1.757209] LSM: Security Framework initializing
[    1.758540] Mount-cache hash table entries: 1024 (order: 1, 8192 bytes, linear)
[    1.759220] Mountpoint-cache hash table entries: 1024 (order: 1, 8192 bytes, linear)
[    1.766475] Last level iTLB entries: 4KB 0, 2MB 0, 4MB 0
[    1.767167] Last level dTLB entries: 4KB 0, 2MB 0, 4MB 0, 1GB 0
[    1.768247] Spectre V1 : Mitigation: usercopy/swapgs barriers and __user pointer sanitization
[    1.769168] Spectre V2 : Mitigation: Retpolines
[    1.770177] Spectre V2 : Spectre v2 / SpectreRSB mitigation: Filling RSB on context switch
[    1.771183] Spectre V2 : Spectre v2 / SpectreRSB : Filling RSB on VMEXIT
[    1.772166] Speculative Store Bypass: Vulnerable
[    1.773197] MDS: Vulnerable: Clear CPU buffers attempted, no microcode
[    1.774165] MMIO Stale Data: Unknown: No mitigations
[    1.815429] Freeing SMP alternatives memory: 44K
[    1.918974] smpboot: CPU0: Intel Common KVM processor (family: 0xf, model: 0x6, stepping: 0x1)
[    1.921339] calling  init_hw_perf_events+0x0/0x6ce @ 1
[    1.922167] Performance Events: unsupported Netburst CPU model 6 no PMU driver, software events only.
[    1.923173] initcall init_hw_perf_events+0x0/0x6ce returned 0 after 976 usecs
[    1.924212] calling  init_real_mode+0x0/0x1e9 @ 1
[    1.925590] initcall init_real_mode+0x0/0x1e9 returned 0 after 0 usecs
[    1.926170] calling  trace_init_perf_perm_irq_work_exit+0x0/0x12 @ 1
[    1.927169] initcall trace_init_perf_perm_irq_work_exit+0x0/0x12 returned 0 after 0 usecs
[    1.928193] calling  validate_x2apic+0x0/0x4a @ 1
[    1.929195] initcall validate_x2apic+0x0/0x4a returned 0 after 0 usecs
[    1.930171] calling  register_nmi_cpu_backtrace_handler+0x0/0x15 @ 1
[    1.931171] initcall register_nmi_cpu_backtrace_handler+0x0/0x15 returned 0 after 0 usecs
[    1.932174] calling  kvm_setup_vsyscall_timeinfo+0x0/0xd1 @ 1
[    1.933174] initcall kvm_setup_vsyscall_timeinfo+0x0/0xd1 returned 0 after 0 usecs
[    1.934174] calling  spawn_ksoftirqd+0x0/0x38 @ 1
[    1.935278] initcall spawn_ksoftirqd+0x0/0x38 returned 0 after 0 usecs
[    1.936171] calling  migration_init+0x0/0x33 @ 1
[    1.937170] initcall migration_init+0x0/0x33 returned 0 after 0 usecs
[    1.938170] calling  srcu_bootup_announce+0x0/0x2f @ 1
[    1.939181] rcu: Hierarchical SRCU implementation.
[    1.940170] initcall srcu_bootup_announce+0x0/0x2f returned 0 after 976 usecs
[    1.941170] calling  rcu_spawn_gp_kthread+0x0/0x1b0 @ 1
[    1.942255] initcall rcu_spawn_gp_kthread+0x0/0x1b0 returned 0 after 0 usecs
[    1.943170] calling  check_cpu_stall_init+0x0/0x1a @ 1
[    1.944170] initcall check_cpu_stall_init+0x0/0x1a returned 0 after 0 usecs
[    1.945169] calling  rcu_sysrq_init+0x0/0x21 @ 1
[    1.946168] initcall rcu_sysrq_init+0x0/0x21 returned 0 after 0 usecs
[    1.947183] calling  trace_init_flags_sys_enter+0x0/0xe @ 1
[    1.948182] initcall trace_init_flags_sys_enter+0x0/0xe returned 0 after 0 usecs
[    1.949169] calling  trace_init_flags_sys_exit+0x0/0xe @ 1
[    1.950168] initcall trace_init_flags_sys_exit+0x0/0xe returned 0 after 0 usecs
[    1.951185] calling  cpu_stop_init+0x0/0x6e @ 1
[    1.953289] initcall cpu_stop_init+0x0/0x6e returned 0 after 976 usecs
[    1.954172] calling  init_kprobes+0x0/0x165 @ 1
[    1.956506] initcall init_kprobes+0x0/0x165 returned 0 after 976 usecs
[    1.957169] calling  init_events+0x0/0x3d @ 1
[    1.959301] initcall init_events+0x0/0x3d returned 0 after 976 usecs
[    1.960169] calling  init_trace_printk+0x0/0xc @ 1
[    1.961170] initcall init_trace_printk+0x0/0xc returned 0 after 0 usecs
[    1.962168] calling  event_trace_enable_again+0x0/0x23 @ 1
[    1.963170] initcall event_trace_enable_again+0x0/0x23 returned 0 after 0 usecs
[    1.964184] calling  static_call_init+0x0/0x77 @ 1
[    1.965192] initcall static_call_init+0x0/0x77 returned 0 after 0 usecs
[    1.966169] calling  jump_label_init_module+0x0/0xc @ 1
[    1.967169] initcall jump_label_init_module+0x0/0xc returned 0 after 0 usecs
[    1.968168] calling  init_zero_pfn+0x0/0x37 @ 1
[    1.969167] initcall init_zero_pfn+0x0/0x37 returned 0 after 0 usecs
[    1.970169] calling  initialize_ptr_random+0x0/0x54 @ 1
[    1.971169] initcall initialize_ptr_random+0x0/0x54 returned 0 after 0 usecs
[    1.972183] calling  efi_memreserve_root_init+0x0/0x25 @ 1
[    1.973210] initcall efi_memreserve_root_init+0x0/0x25 returned 0 after 0 usecs
[    1.974169] calling  efi_earlycon_remap_fb+0x0/0x51 @ 1
[    1.975169] initcall efi_earlycon_remap_fb+0x0/0x51 returned 0 after 0 usecs
[    1.977167] smp: Bringing up secondary CPUs ...
[    1.979168] x86: Booting SMP configuration:
[    1.980178] .... node  #0, CPUs:      #1
[    1.193202] kvm-clock: cpu 1, msr 1609e041, secondary cpu clock
[    2.005285] kvm-guest: stealtime: cpu 1, msr 1f49b600
[    2.018867]  #2
[    1.193202] kvm-clock: cpu 2, msr 1609e081, secondary cpu clock
[    2.040344] kvm-guest: stealtime: cpu 2, msr 1f51b600
[    2.057170]  #3
[    1.193202] kvm-clock: cpu 3, msr 1609e0c1, secondary cpu clock
[    2.079462] kvm-guest: stealtime: cpu 3, msr 1f59b600
[    2.093767] smp: Brought up 1 node, 4 CPUs
[    2.094170] smpboot: Max logical packages: 1
[    2.095167] smpboot: Total of 4 processors activated (15999.99 BogoMIPS)
[    2.108166] devtmpfs: initialized
[    2.112422] calling  ipc_ns_init+0x0/0x3d @ 1
[    2.113244] initcall ipc_ns_init+0x0/0x3d returned 0 after 0 usecs
[    2.114171] calling  init_mmap_min_addr+0x0/0x21 @ 1
[    2.115171] initcall init_mmap_min_addr+0x0/0x21 returned 0 after 0 usecs
[    2.116172] calling  pci_realloc_setup_params+0x0/0x3f @ 1
[    2.117189] initcall pci_realloc_setup_params+0x0/0x3f returned 0 after 0 usecs
[    2.118171] calling  net_ns_init+0x0/0x11c @ 1
[    2.120544] initcall net_ns_init+0x0/0x11c returned 0 after 976 usecs
[    2.121187] calling  e820__register_nvs_regions+0x0/0x37 @ 1
[    2.122172] initcall e820__register_nvs_regions+0x0/0x37 returned 0 after 0 usecs
[    2.123170] calling  cpufreq_register_tsc_scaling+0x0/0x2e @ 1
[    2.124170] initcall cpufreq_register_tsc_scaling+0x0/0x2e returned 0 after 0 usecs
[    2.125170] calling  reboot_init+0x0/0x3c @ 1
[    2.126241] initcall reboot_init+0x0/0x3c returned 0 after 0 usecs
[    2.127173] calling  init_lapic_sysfs+0x0/0x20 @ 1
[    2.128173] initcall init_lapic_sysfs+0x0/0x20 returned 0 after 0 usecs
[    2.130170] calling  alloc_frozen_cpus+0x0/0x7 @ 1
[    2.131170] initcall alloc_frozen_cpus+0x0/0x7 returned 0 after 0 usecs
[    2.132170] calling  cpu_hotplug_pm_sync_init+0x0/0x13 @ 1
[    2.133172] initcall cpu_hotplug_pm_sync_init+0x0/0x13 returned 0 after 0 usecs
[    2.134169] calling  wq_sysfs_init+0x0/0x2a @ 1
[    2.135246] initcall wq_sysfs_init+0x0/0x2a returned 0 after 0 usecs
[    2.136169] calling  ksysfs_init+0x0/0x92 @ 1
[    2.137178] initcall ksysfs_init+0x0/0x92 returned 0 after 0 usecs
[    2.138168] calling  schedutil_gov_init+0x0/0xc @ 1
[    2.139192] initcall schedutil_gov_init+0x0/0xc returned 0 after 0 usecs
[    2.140169] calling  pm_init+0x0/0x76 @ 1
[    2.141230] initcall pm_init+0x0/0x76 returned 0 after 0 usecs
[    2.142169] calling  pm_disk_init+0x0/0x13 @ 1
[    2.143187] initcall pm_disk_init+0x0/0x13 returned 0 after 0 usecs
[    2.144170] calling  swsusp_header_init+0x0/0x2b @ 1
[    2.145172] initcall swsusp_header_init+0x0/0x2b returned 0 after 0 usecs
[    2.146169] calling  rcu_set_runtime_mode+0x0/0x16 @ 1
[    2.147169] initcall rcu_set_runtime_mode+0x0/0x16 returned 0 after 0 usecs
[    2.148169] calling  init_jiffies_clocksource+0x0/0x13 @ 1
[    2.149167] clocksource: jiffies: mask: 0xffffffff max_cycles: 0xffffffff, max_idle_ns: 1911260446275000 ns
[    2.150171] initcall init_jiffies_clocksource+0x0/0x13 returned 0 after 976 usecs
[    2.151172] calling  futex_init+0x0/0xfa @ 1
[    2.152175] futex hash table entries: 1024 (order: 4, 65536 bytes, linear)
[    2.153521] initcall futex_init+0x0/0xfa returned 0 after 976 usecs
[    2.154173] calling  cgroup_wq_init+0x0/0x28 @ 1
[    2.155178] initcall cgroup_wq_init+0x0/0x28 returned 0 after 0 usecs
[    2.156171] calling  cgroup1_wq_init+0x0/0x28 @ 1
[    2.157192] initcall cgroup1_wq_init+0x0/0x28 returned 0 after 0 usecs
[    2.158170] calling  init_kprobe_trace_early+0x0/0x2a @ 1
[    2.159202] initcall init_kprobe_trace_early+0x0/0x2a returned 0 after 0 usecs
[    2.160170] calling  fsnotify_init+0x0/0x48 @ 1
[    2.161181] initcall fsnotify_init+0x0/0x48 returned 0 after 0 usecs
[    2.162169] calling  filelock_init+0x0/0x96 @ 1
[    2.163193] initcall filelock_init+0x0/0x96 returned 0 after 0 usecs
[    2.164170] calling  init_misc_binfmt+0x0/0x2c @ 1
[    2.165187] initcall init_misc_binfmt+0x0/0x2c returned 0 after 0 usecs
[    2.166193] calling  init_script_binfmt+0x0/0x15 @ 1
[    2.167172] initcall init_script_binfmt+0x0/0x15 returned 0 after 0 usecs
[    2.168172] calling  init_elf_binfmt+0x0/0x15 @ 1
[    2.169173] initcall init_elf_binfmt+0x0/0x15 returned 0 after 0 usecs
[    2.170171] calling  init_compat_elf_binfmt+0x0/0x15 @ 1
[    2.171170] initcall init_compat_elf_binfmt+0x0/0x15 returned 0 after 0 usecs
[    2.172171] calling  debugfs_init+0x0/0x5c @ 1
[    2.174175] initcall debugfs_init+0x0/0x5c returned 0 after 0 usecs
[    2.175170] calling  tracefs_init+0x0/0x3a @ 1
[    2.176201] initcall tracefs_init+0x0/0x3a returned 0 after 0 usecs
[    2.177169] calling  prandom_init_early+0x0/0x15d @ 1
[    2.178170] initcall prandom_init_early+0x0/0x15d returned 0 after 0 usecs
[    2.179314] calling  virtio_init+0x0/0x20 @ 1
[    2.180222] initcall virtio_init+0x0/0x20 returned 0 after 0 usecs
[    2.181170] calling  iommu_init+0x0/0x2a @ 1
[    2.183172] initcall iommu_init+0x0/0x2a returned 0 after 976 usecs
[    2.184169] calling  component_debug_init+0x0/0x1c @ 1
[    2.185224] initcall component_debug_init+0x0/0x1c returned 0 after 0 usecs
[    2.186171] calling  early_resume_init+0x0/0xb9 @ 1
[    2.187744] PM: RTC time: 06:38:13, date: 2022-12-13
[    2.188172] initcall early_resume_init+0x0/0xb9 returned 0 after 976 usecs
[    2.189170] calling  cpufreq_core_init+0x0/0x62 @ 1
[    2.190187] initcall cpufreq_core_init+0x0/0x62 returned 0 after 0 usecs
[    2.191169] calling  cpufreq_gov_performance_init+0x0/0xc @ 1
[    2.192169] initcall cpufreq_gov_performance_init+0x0/0xc returned 0 after 0 usecs
[    2.193170] calling  cpufreq_gov_userspace_init+0x0/0xc @ 1
[    2.194169] initcall cpufreq_gov_userspace_init+0x0/0xc returned 0 after 0 usecs
[    2.195168] calling  CPU_FREQ_GOV_ONDEMAND_init+0x0/0xc @ 1
[    2.196169] initcall CPU_FREQ_GOV_ONDEMAND_init+0x0/0xc returned 0 after 0 usecs
[    2.197168] calling  cpuidle_init+0x0/0x1f @ 1
[    2.198198] initcall cpuidle_init+0x0/0x1f returned 0 after 0 usecs
[    2.199172] calling  capsule_reboot_register+0x0/0xc @ 1
[    2.200187] initcall capsule_reboot_register+0x0/0xc returned 0 after 0 usecs
[    2.201170] calling  sock_init+0x0/0x93 @ 1
[    2.203367] initcall sock_init+0x0/0x93 returned 0 after 976 usecs
[    2.204170] calling  net_inuse_init+0x0/0x23 @ 1
[    2.205174] initcall net_inuse_init+0x0/0x23 returned 0 after 0 usecs
[    2.206171] calling  net_defaults_init+0x0/0x23 @ 1
[    2.207172] initcall net_defaults_init+0x0/0x23 returned 0 after 0 usecs
[    2.208170] calling  init_default_flow_dissectors+0x0/0x4f @ 1
[    2.209196] initcall init_default_flow_dissectors+0x0/0x4f returned 0 after 0 usecs
[    2.210171] calling  netpoll_init+0x0/0x26 @ 1
[    2.211170] initcall netpoll_init+0x0/0x26 returned 0 after 0 usecs
[    2.212169] calling  netlink_proto_init+0x0/0x14f @ 1
[    2.213446] NET: Registered protocol family 16
[    2.214201] initcall netlink_proto_init+0x0/0x14f returned 0 after 976 usecs
[    2.215200] calling  genl_init+0x0/0x35 @ 1
[    2.216199] initcall genl_init+0x0/0x35 returned 0 after 0 usecs
[    2.217199] calling  bsp_pm_check_init+0x0/0x13 @ 1
[    2.218208] initcall bsp_pm_check_init+0x0/0x13 returned 0 after 0 usecs
[    2.219205] calling  irq_sysfs_init+0x0/0xb7 @ 1
[    2.220363] initcall irq_sysfs_init+0x0/0xb7 returned 0 after 0 usecs
[    2.221171] calling  audit_init+0x0/0x160 @ 1
[    2.222171] audit: initializing netlink subsys (disabled)
[    2.224417] initcall audit_init+0x0/0x160 returned 0 after 1953 usecs
[    2.224327] audit: type=2000 audit(1670913492.196:1): state=initialized audit_enabled=0 res=1
[    2.225171] calling  release_early_probes+0x0/0x32 @ 1
[    2.225176] initcall release_early_probes+0x0/0x32 returned 0 after 0 usecs
[    2.228187] calling  bdi_class_init+0x0/0x48 @ 1
[    2.229204] initcall bdi_class_init+0x0/0x48 returned 0 after 0 usecs
[    2.230171] calling  mm_sysfs_init+0x0/0x28 @ 1
[    2.231175] initcall mm_sysfs_init+0x0/0x28 returned 0 after 0 usecs
[    2.232171] calling  init_per_zone_wmark_min+0x0/0x6d @ 1
[    2.233173] initcall init_per_zone_wmark_min+0x0/0x6d returned 0 after 0 usecs
[    2.234171] calling  mpi_init+0x0/0x3e @ 1
[    2.235187] initcall mpi_init+0x0/0x3e returned 0 after 0 usecs
[    2.236169] calling  kobject_uevent_init+0x0/0xc @ 1
[    2.237179] initcall kobject_uevent_init+0x0/0xc returned 0 after 0 usecs
[    2.238170] calling  pcibus_class_init+0x0/0x13 @ 1
[    2.239213] initcall pcibus_class_init+0x0/0x13 returned 0 after 0 usecs
[    2.240170] calling  pci_driver_init+0x0/0x21 @ 1
[    2.241212] initcall pci_driver_init+0x0/0x21 returned 0 after 0 usecs
[    2.242169] calling  backlight_class_init+0x0/0xa8 @ 1
[    2.243192] initcall backlight_class_init+0x0/0xa8 returned 0 after 0 usecs
[    2.244169] calling  tty_class_init+0x0/0x33 @ 1
[    2.245177] initcall tty_class_init+0x0/0x33 returned 0 after 0 usecs
[    2.246168] calling  vtconsole_class_init+0x0/0xb5 @ 1
[    2.247237] initcall vtconsole_class_init+0x0/0xb5 returned 0 after 0 usecs
[    2.248169] calling  iommu_dev_init+0x0/0x13 @ 1
[    2.250218] initcall iommu_dev_init+0x0/0x13 returned 0 after 976 usecs
[    2.251169] calling  mipi_dsi_bus_init+0x0/0xc @ 1
[    2.252251] initcall mipi_dsi_bus_init+0x0/0xc returned 0 after 0 usecs
[    2.253170] calling  devlink_class_init+0x0/0x40 @ 1
[    2.254179] initcall devlink_class_init+0x0/0x40 returned 0 after 0 usecs
[    2.255169] calling  software_node_init+0x0/0x2a @ 1
[    2.256172] initcall software_node_init+0x0/0x2a returned 0 after 0 usecs
[    2.257172] calling  wakeup_sources_debugfs_init+0x0/0x23 @ 1
[    2.258182] initcall wakeup_sources_debugfs_init+0x0/0x23 returned 0 after 0 usecs
[    2.259173] calling  wakeup_sources_sysfs_init+0x0/0x2c @ 1
[    2.260187] initcall wakeup_sources_sysfs_init+0x0/0x2c returned 0 after 0 usecs
[    2.261170] calling  register_node_type+0x0/0x13 @ 1
[    2.262195] initcall register_node_type+0x0/0x13 returned 0 after 0 usecs
[    2.263169] calling  regmap_initcall+0x0/0xc @ 1
[    2.264200] initcall regmap_initcall+0x0/0xc returned 0 after 0 usecs
[    2.265170] calling  i2c_init+0x0/0xb3 @ 1
[    2.266240] initcall i2c_init+0x0/0xb3 returned 0 after 0 usecs
[    2.267169] calling  thermal_init+0x0/0xf2 @ 1
[    2.268167] thermal_sys: Registered thermal governor 'step_wise'
[    2.268168] thermal_sys: Registered thermal governor 'user_space'
[    2.269182] initcall thermal_init+0x0/0xf2 returned 0 after 976 usecs
[    2.271172] calling  init_menu+0x0/0xc @ 1
[    2.273460] cpuidle: using governor menu
[    2.279171] initcall init_menu+0x0/0xc returned 0 after 6835 usecs
[    2.289173] calling  pcc_init+0x0/0x4d @ 1
[    2.295174] initcall pcc_init+0x0/0x4d returned -19 after 0 usecs
[    2.304172] calling  amd_postcore_init+0x0/0x11e @ 1
[    2.311172] initcall amd_postcore_init+0x0/0x11e returned 0 after 0 usecs
[    2.321196] calling  bts_init+0x0/0xba @ 1
[    2.328173] initcall bts_init+0x0/0xba returned -19 after 0 usecs
[    2.337169] calling  pt_init+0x0/0x341 @ 1
[    2.344170] initcall pt_init+0x0/0x341 returned -19 after 0 usecs
[    2.353172] calling  boot_params_ksysfs_init+0x0/0x2ee @ 1
[    2.361199] initcall boot_params_ksysfs_init+0x0/0x2ee returned 0 after 0 usecs
[    2.372170] calling  sbf_init+0x0/0xea @ 1
[    2.378170] initcall sbf_init+0x0/0xea returned 0 after 0 usecs
[    2.387179] calling  arch_kdebugfs_init+0x0/0x219 @ 1
[    2.393211] initcall arch_kdebugfs_init+0x0/0x219 returned 0 after 0 usecs
[    2.402177] calling  intel_pconfig_init+0x0/0x85 @ 1
[    2.408172] initcall intel_pconfig_init+0x0/0x85 returned 0 after 0 usecs
[    2.417171] calling  mtrr_if_init+0x0/0x5d @ 1
[    2.422202] initcall mtrr_if_init+0x0/0x5d returned 0 after 0 usecs
[    2.430169] calling  activate_jump_labels+0x0/0x31 @ 1
[    2.436170] initcall activate_jump_labels+0x0/0x31 returned 0 after 0 usecs
[    2.445170] calling  ffh_cstate_init+0x0/0x29 @ 1
[    2.451174] initcall ffh_cstate_init+0x0/0x29 returned 0 after 0 usecs
[    2.459172] calling  activate_jump_labels+0x0/0x31 @ 1
[    2.466279] initcall activate_jump_labels+0x0/0x31 returned 0 after 0 usecs
[    2.476172] calling  kvm_alloc_cpumask+0x0/0x74 @ 1
[    2.483219] initcall kvm_alloc_cpumask+0x0/0x74 returned 0 after 0 usecs
[    2.491171] calling  kcmp_cookies_init+0x0/0x37 @ 1
[    2.497177] initcall kcmp_cookies_init+0x0/0x37 returned 0 after 0 usecs
[    2.506171] calling  cryptomgr_init+0x0/0xc @ 1
[    2.512302] initcall cryptomgr_init+0x0/0xc returned 0 after 0 usecs
[    2.522176] calling  acpi_pci_init+0x0/0x57 @ 1
[    2.529190] ACPI: bus type PCI registered
[    2.535173] initcall acpi_pci_init+0x0/0x57 returned 0 after 5859 usecs
[    2.545172] calling  dma_channel_table_init+0x0/0xd1 @ 1
[    2.553183] initcall dma_channel_table_init+0x0/0xd1 returned 0 after 0 usecs
[    2.564172] calling  dma_bus_init+0x0/0xdc @ 1
[    2.570922] initcall dma_bus_init+0x0/0xdc returned 0 after 976 usecs
[    2.581298] calling  iommu_dma_init+0x0/0x10 @ 1
[    2.588176] initcall iommu_dma_init+0x0/0x10 returned 0 after 0 usecs
[    2.598172] calling  dmi_id_init+0x0/0x37c @ 1
[    2.605288] initcall dmi_id_init+0x0/0x37c returned 0 after 0 usecs
[    2.613179] calling  pci_arch_init+0x0/0x71 @ 1
[    2.619362] PCI: MMCONFIG for domain 0000 [bus 00-ff] at [mem 0xb0000000-0xbfffffff] (base 0xb0000000)
[    2.630172] PCI: MMCONFIG at [mem 0xb0000000-0xbfffffff] reserved in E820
[    2.638250] PCI: Using configuration type 1 for base access
[    2.645326] initcall pci_arch_init+0x0/0x71 returned 0 after 25390 usecs
[    2.653176] calling  init_vdso+0x0/0x13 @ 1
[    2.658372] initcall init_vdso+0x0/0x13 returned 0 after 0 usecs
[    2.666171] calling  sysenter_setup+0x0/0x13 @ 1
[    2.672209] initcall sysenter_setup+0x0/0x13 returned 0 after 0 usecs
[    2.680170] calling  fixup_ht_bug+0x0/0xe5 @ 1
[    2.685170] initcall fixup_ht_bug+0x0/0xe5 returned 0 after 0 usecs
[    2.693170] calling  topology_init+0x0/0x88 @ 1
[    2.699323] initcall topology_init+0x0/0x88 returned 0 after 0 usecs
[    2.707171] calling  intel_epb_init+0x0/0x68 @ 1
[    2.713170] initcall intel_epb_init+0x0/0x68 returned -19 after 0 usecs
[    2.721170] calling  mtrr_init_finialize+0x0/0x3e @ 1
[    2.727199] initcall mtrr_init_finialize+0x0/0x3e returned 0 after 0 usecs
[    2.736171] calling  uid_cache_init+0x0/0x81 @ 1
[    2.742176] initcall uid_cache_init+0x0/0x81 returned 0 after 0 usecs
[    2.749169] calling  param_sysfs_init+0x0/0x1ba @ 1
[    2.758896] initcall param_sysfs_init+0x0/0x1ba returned 0 after 2929 usecs
[    2.768169] calling  user_namespace_sysctl_init+0x0/0x33 @ 1
[    2.774195] initcall user_namespace_sysctl_init+0x0/0x33 returned 0 after 0 usecs
[    2.784169] calling  proc_schedstat_init+0x0/0x24 @ 1
[    2.790176] initcall proc_schedstat_init+0x0/0x24 returned 0 after 0 usecs
[    2.798169] calling  pm_sysrq_init+0x0/0x18 @ 1
[    2.805170] initcall pm_sysrq_init+0x0/0x18 returned 0 after 976 usecs
[    2.812227] calling  create_proc_profile+0x0/0xd0 @ 1
[    2.818171] initcall create_proc_profile+0x0/0xd0 returned 0 after 0 usecs
[    2.827170] calling  time_ns_init+0x0/0x7 @ 1
[    2.832170] initcall time_ns_init+0x0/0x7 returned 0 after 0 usecs
[    2.839169] calling  crash_save_vmcoreinfo_init+0x0/0x722 @ 1
[    2.846353] initcall crash_save_vmcoreinfo_init+0x0/0x722 returned 0 after 0 usecs
[    2.855168] calling  crash_notes_memory_init+0x0/0x35 @ 1
[    2.861175] initcall crash_notes_memory_init+0x0/0x35 returned 0 after 0 usecs
[    2.870170] calling  cgroup_sysfs_init+0x0/0x13 @ 1
[    2.876297] initcall cgroup_sysfs_init+0x0/0x13 returned 0 after 0 usecs
[    2.883179] calling  cgroup_namespaces_init+0x0/0x7 @ 1
[    2.890172] initcall cgroup_namespaces_init+0x0/0x7 returned 0 after 0 usecs
[    2.899171] calling  init_optprobes+0x0/0x13 @ 1
[    2.905167] Kprobes globally optimized
[    2.909170] initcall init_optprobes+0x0/0x13 returned 0 after 3906 usecs
[    2.918285] calling  oom_init+0x0/0x2f @ 1
[    2.927407] initcall oom_init+0x0/0x2f returned 0 after 3906 usecs
[    2.936179] calling  default_bdi_init+0x0/0xb3 @ 1
[    2.943414] initcall default_bdi_init+0x0/0xb3 returned 0 after 976 usecs
[    2.951173] calling  percpu_enable_async+0x0/0xe @ 1
[    2.957170] initcall percpu_enable_async+0x0/0xe returned 0 after 0 usecs
[    2.965169] calling  kcompactd_init+0x0/0x8d @ 1
[    2.975174] initcall kcompactd_init+0x0/0x8d returned 0 after 2929 usecs
[    2.984163] calling  init_user_reserve+0x0/0x40 @ 1
[    2.990173] initcall init_user_reserve+0x0/0x40 returned 0 after 0 usecs
[    2.998170] calling  init_admin_reserve+0x0/0x40 @ 1
[    3.004170] initcall init_admin_reserve+0x0/0x40 returned 0 after 0 usecs
[    3.013171] calling  init_reserve_notifier+0x0/0x7 @ 1
[    3.021171] initcall init_reserve_notifier+0x0/0x7 returned 0 after 0 usecs
[    3.031173] calling  swap_init_sysfs+0x0/0x62 @ 1
[    3.037186] initcall swap_init_sysfs+0x0/0x62 returned 0 after 0 usecs
[    3.047172] calling  swapfile_init+0x0/0x94 @ 1
[    3.053172] initcall swapfile_init+0x0/0x94 returned 0 after 0 usecs
[    3.060169] calling  hugetlb_init+0x0/0x499 @ 1
[    3.065187] HugeTLB registered 2.00 MiB page size, pre-allocated 0 pages
[    3.073206] initcall hugetlb_init+0x0/0x499 returned 0 after 7812 usecs
[    3.080170] calling  io_wq_init+0x0/0x34 @ 1
[    3.085170] initcall io_wq_init+0x0/0x34 returned 0 after 0 usecs
[    3.092169] calling  seqiv_module_init+0x0/0xc @ 1
[    3.099172] initcall seqiv_module_init+0x0/0xc returned 0 after 0 usecs
[    3.107172] calling  echainiv_module_init+0x0/0xc @ 1
[    3.113169] initcall echainiv_module_init+0x0/0xc returned 0 after 0 usecs
[    3.121232] calling  rsa_init+0x0/0x50 @ 1
[    3.127346] cryptomgr_test (39) used greatest stack depth: 15512 bytes left
[    3.127206] initcall rsa_init+0x0/0x50 returned 0 after 976 usecs
[    3.127229] calling  crypto_cmac_module_init+0x0/0xc @ 1
[    3.141171] initcall crypto_cmac_module_init+0x0/0xc returned 0 after 0 usecs
[    3.149168] calling  hmac_module_init+0x0/0xc @ 1
[    3.154169] initcall hmac_module_init+0x0/0xc returned 0 after 0 usecs
[    3.162168] calling  crypto_null_mod_init+0x0/0x65 @ 1
[    3.172367] initcall crypto_null_mod_init+0x0/0x65 returned 0 after 3906 usecs
[    3.180304] calling  md5_mod_init+0x0/0xc @ 1
[    3.187178] initcall md5_mod_init+0x0/0xc returned 0 after 976 usecs
[    3.195173] calling  sha256_generic_mod_init+0x0/0x11 @ 1
[    3.205333] initcall sha256_generic_mod_init+0x0/0x11 returned 0 after 1953 usecs
[    3.216340] calling  crypto_cbc_module_init+0x0/0xc @ 1
[    3.224172] initcall crypto_cbc_module_init+0x0/0xc returned 0 after 0 usecs
[    3.232169] calling  crypto_ctr_module_init+0x0/0x11 @ 1
[    3.238188] initcall crypto_ctr_module_init+0x0/0x11 returned 0 after 0 usecs
[    3.247168] calling  crypto_gcm_module_init+0x0/0x64 @ 1
[    3.253190] initcall crypto_gcm_module_init+0x0/0x64 returned 0 after 0 usecs
[    3.262193] calling  crypto_ccm_module_init+0x0/0x11 @ 1
[    3.269172] initcall crypto_ccm_module_init+0x0/0x11 returned 0 after 0 usecs
[    3.278169] calling  aes_init+0x0/0xc @ 1
[    3.283650] initcall aes_init+0x0/0xc returned 0 after 1953 usecs
[    3.291170] calling  crc32c_mod_init+0x0/0xc @ 1
[    3.297635] initcall crc32c_mod_init+0x0/0xc returned 0 after 976 usecs
[    3.304170] calling  crypto_authenc_module_init+0x0/0xc @ 1
[    3.310173] initcall crypto_authenc_module_init+0x0/0xc returned 0 after 0 usecs
[    3.319169] calling  crypto_authenc_esn_module_init+0x0/0xc @ 1
[    3.327172] initcall crypto_authenc_esn_module_init+0x0/0xc returned 0 after 0 usecs
[    3.336169] calling  drbg_init+0x0/0x7c @ 1
[    3.346186] cryptomgr_test (52) used greatest stack depth: 15496 bytes left
[    3.350317] initcall drbg_init+0x0/0x7c returned 0 after 7812 usecs
[    3.363172] calling  ghash_mod_init+0x0/0xc @ 1
[    3.370316] initcall ghash_mod_init+0x0/0xc returned 0 after 976 usecs
[    3.379172] calling  init_bio+0x0/0x9a @ 1
[    3.384348] initcall init_bio+0x0/0x9a returned 0 after 0 usecs
[    3.392170] calling  blk_settings_init+0x0/0x29 @ 1
[    3.399171] initcall blk_settings_init+0x0/0x29 returned 0 after 0 usecs
[    3.407171] calling  blk_ioc_init+0x0/0x29 @ 1
[    3.414196] initcall blk_ioc_init+0x0/0x29 returned 0 after 0 usecs
[    3.421171] calling  blk_mq_init+0x0/0xb9 @ 1
[    3.426174] initcall blk_mq_init+0x0/0xb9 returned 0 after 0 usecs
[    3.434173] calling  genhd_device_init+0x0/0x75 @ 1
[    3.440496] initcall genhd_device_init+0x0/0x75 returned 0 after 976 usecs
[    3.449244] calling  pci_slot_init+0x0/0x40 @ 1
[    3.455181] initcall pci_slot_init+0x0/0x40 returned 0 after 0 usecs
[    3.464174] calling  fbmem_init+0x0/0xd8 @ 1
[    3.471264] initcall fbmem_init+0x0/0xd8 returned 0 after 0 usecs
[    3.480192] calling  acpi_init+0x0/0x319 @ 1
[    3.484225] ACPI: Added _OSI(Module Device)
[    3.489169] ACPI: Added _OSI(Processor Device)
[    3.495167] ACPI: Added _OSI(3.0 _SCP Extensions)
[    3.501168] ACPI: Added _OSI(Processor Aggregator Device)
[    3.507169] ACPI: Added _OSI(Linux-Dell-Video)
[    3.512169] ACPI: Added _OSI(Linux-Lenovo-NV-HDMI-Audio)
[    3.518173] ACPI: Added _OSI(Linux-HPI-Hybrid-Graphics)
[    3.526176] ACPI: 1 ACPI AML tables successfully acquired and loaded
[    3.537572] ACPI: Interpreter enabled
[    3.542275] ACPI: (supports S0 S3 S4 S5)
[    3.546173] ACPI: Using IOAPIC for interrupt routing
[    3.552211] PCI: Using host bridge windows from ACPI; if necessary, use "pci=nocrs" and report a bug
[    3.567167] ACPI: Enabled 2 GPEs in block 00 to 3F
[    3.581686] ACPI: PCI Root Bridge [PCI0] (domain 0000 [bus 00-ff])
[    3.590188] acpi PNP0A08:00: _OSC: OS supports [ExtendedConfig ASPM ClockPM Segments MSI HPX-Type3]
[    3.602249] acpi PNP0A08:00: _OSC: platform does not support [LTR]
[    3.609226] acpi PNP0A08:00: _OSC: OS now controls [PME PCIeCapability]
[    3.617298] PCI host bridge to bus 0000:00
[    3.622182] pci_bus 0000:00: root bus resource [io  0x0000-0x0cf7 window]
[    3.630170] pci_bus 0000:00: root bus resource [io  0x0d00-0xffff window]
[    3.638173] pci_bus 0000:00: root bus resource [mem 0x000a0000-0x000bffff window]
[    3.647169] pci_bus 0000:00: root bus resource [mem 0x20000000-0xafffffff window]
[    3.656168] pci_bus 0000:00: root bus resource [mem 0xc0000000-0xfebfffff window]
[    3.665168] pci_bus 0000:00: root bus resource [mem 0x100000000-0x8ffffffff window]
[    3.674175] pci_bus 0000:00: root bus resource [bus 00-ff]
[    3.681212] pci 0000:00:00.0: calling  quirk_mmio_always_on+0x0/0x10 @ 1
[    3.689179] pci 0000:00:00.0: quirk_mmio_always_on+0x0/0x10 took 0 usecs
[    3.697190] pci 0000:00:00.0: [8086:29c0] type 00 class 0x060000
[    3.707623] pci 0000:00:00.0: calling  quirk_igfx_skip_te_disable+0x0/0x80 @ 1
[    3.716174] pci 0000:00:00.0: quirk_igfx_skip_te_disable+0x0/0x80 took 0 usecs
[    3.726347] pci 0000:00:01.0: [1234:1111] type 00 class 0x030000
[    3.744167] pci 0000:00:01.0: reg 0x10: [mem 0xfd000000-0xfdffffff pref]
[    3.769166] pci 0000:00:01.0: reg 0x18: [mem 0xfebf0000-0xfebf0fff]
[    3.799163] pci 0000:00:01.0: reg 0x30: [mem 0xfebe0000-0xfebeffff pref]
[    3.818166] pci 0000:00:01.0: calling  efifb_fixup_resources+0x0/0xf0 @ 1
[    3.827174] pci 0000:00:01.0: efifb_fixup_resources+0x0/0xf0 took 1953 usecs
[    3.860380] pci 0000:00:1f.0: [8086:2918] type 00 class 0x060100
[    3.873163] pci 0000:00:1f.0: calling  quirk_ich7_lpc+0x0/0x60 @ 1
[    3.885475] pci 0000:00:1f.0: quirk: [io  0x0600-0x067f] claimed by ICH6 ACPI/GPIO/TCO
[    3.897482] pci 0000:00:1f.0: quirk_ich7_lpc+0x0/0x60 took 12695 usecs
[    3.907258] pci 0000:00:1f.0: calling  quirk_igfx_skip_te_disable+0x0/0x80 @ 1
[    3.915277] pci 0000:00:1f.0: quirk_igfx_skip_te_disable+0x0/0x80 took 0 usecs
[    3.927167] pci 0000:00:1f.2: [8086:2922] type 00 class 0x010601
[    3.943167] pci 0000:00:1f.2: reg 0x20: [io  0xc040-0xc05f]
[    3.951660] pci 0000:00:1f.2: reg 0x24: [mem 0xfebf1000-0xfebf1fff]
[    3.960353] pci 0000:00:1f.2: calling  quirk_igfx_skip_te_disable+0x0/0x80 @ 1
[    3.969174] pci 0000:00:1f.2: quirk_igfx_skip_te_disable+0x0/0x80 took 0 usecs
[    3.981167] pci 0000:00:1f.3: [8086:2930] type 00 class 0x0c0500
[    3.993603] pci 0000:00:1f.3: reg 0x20: [io  0x0700-0x073f]
[    4.003380] pci 0000:00:1f.3: calling  quirk_igfx_skip_te_disable+0x0/0x80 @ 1
[    4.012174] pci 0000:00:1f.3: quirk_igfx_skip_te_disable+0x0/0x80 took 0 usecs
[    4.023168] ACPI: PCI Interrupt Link [LNKA] (IRQs 5 *10 11)
[    4.029555] ACPI: PCI Interrupt Link [LNKB] (IRQs 5 *10 11)
[    4.036382] ACPI: PCI Interrupt Link [LNKC] (IRQs 5 10 *11)
[    4.043181] ACPI: PCI Interrupt Link [LNKD] (IRQs 5 10 *11)
[    4.049551] ACPI: PCI Interrupt Link [LNKE] (IRQs 5 *10 11)
[    4.056529] ACPI: PCI Interrupt Link [LNKF] (IRQs 5 *10 11)
[    4.063581] ACPI: PCI Interrupt Link [LNKG] (IRQs 5 10 *11)
[    4.070450] ACPI: PCI Interrupt Link [LNKH] (IRQs 5 10 *11)
[    4.077173] ACPI: PCI Interrupt Link [GSIA] (IRQs *16)
[    4.083185] ACPI: PCI Interrupt Link [GSIB] (IRQs *17)
[    4.089201] ACPI: PCI Interrupt Link [GSIC] (IRQs *18)
[    4.095181] ACPI: PCI Interrupt Link [GSID] (IRQs *19)
[    4.101218] ACPI: PCI Interrupt Link [GSIE] (IRQs *20)
[    4.107180] ACPI: PCI Interrupt Link [GSIF] (IRQs *21)
[    4.113197] ACPI: PCI Interrupt Link [GSIG] (IRQs *22)
[    4.119178] ACPI: PCI Interrupt Link [GSIH] (IRQs *23)
[    4.131167] initcall acpi_init+0x0/0x319 returned 0 after 630859 usecs
[    4.138276] calling  pnp_init+0x0/0xc @ 1
[    4.143240] initcall pnp_init+0x0/0xc returned 0 after 0 usecs
[    4.150170] calling  misc_init+0x0/0xbf @ 1
[    4.156446] initcall misc_init+0x0/0xbf returned 0 after 976 usecs
[    4.164226] calling  iommu_subsys_init+0x0/0x4e @ 1
[    4.170166] iommu: Default domain type: Translated 
[    4.175170] initcall iommu_subsys_init+0x0/0x4e returned 0 after 5859 usecs
[    4.184170] calling  vga_arb_device_init+0x0/0x261 @ 1
[    4.194717] pci 0000:00:01.0: vgaarb: setting as boot VGA device
[    4.202166] pci 0000:00:01.0: vgaarb: VGA device added: decodes=io+mem,owns=io+mem,locks=none
[    4.212376] pci 0000:00:01.0: vgaarb: bridge control possible
[    4.219174] vgaarb: loaded
[    4.223171] initcall vga_arb_device_init+0x0/0x261 returned 0 after 32226 usecs
[    4.231263] calling  cn_init+0x0/0xf0 @ 1
[    4.238167] initcall cn_init+0x0/0xf0 returned 0 after 1953 usecs
[    4.245171] calling  dma_buf_init+0x0/0xad @ 1
[    4.251166] initcall dma_buf_init+0x0/0xad returned 0 after 976 usecs
[    4.257170] calling  init_scsi+0x0/0x79 @ 1
[    4.263167] SCSI subsystem initialized
[    4.267173] initcall init_scsi+0x0/0x79 returned 0 after 5859 usecs
[    4.275170] calling  ata_init+0x0/0x332 @ 1
[    4.282163] libata version 3.00 loaded.
[    4.287170] initcall ata_init+0x0/0x332 returned 0 after 6835 usecs
[    4.294170] calling  phy_init+0x0/0x250 @ 1
[    4.300496] initcall phy_init+0x0/0x250 returned 0 after 0 usecs
[    4.307171] calling  init_pcmcia_cs+0x0/0x35 @ 1
[    4.313206] initcall init_pcmcia_cs+0x0/0x35 returned 0 after 0 usecs
[    4.320174] calling  usb_common_init+0x0/0x1c @ 1
[    4.325244] initcall usb_common_init+0x0/0x1c returned 0 after 0 usecs
[    4.333169] calling  usb_init+0x0/0x12e @ 1
[    4.338350] ACPI: bus type USB registered
[    4.344415] usbcore: registered new interface driver usbfs
[    4.351284] usbcore: registered new interface driver hub
[    4.358184] usbcore: registered new device driver usb
[    4.364174] initcall usb_init+0x0/0x12e returned 0 after 25390 usecs
[    4.372173] calling  serio_init+0x0/0x29 @ 1
[    4.377362] initcall serio_init+0x0/0x29 returned 0 after 0 usecs
[    4.385171] calling  input_init+0x0/0xf6 @ 1
[    4.390253] initcall input_init+0x0/0xf6 returned 0 after 976 usecs
[    4.398173] calling  rtc_init+0x0/0x4d @ 1
[    4.404200] initcall rtc_init+0x0/0x4d returned 0 after 0 usecs
[    4.411172] calling  pps_init+0x0/0xa9 @ 1
[    4.417228] pps_core: LinuxPPS API ver. 1 registered
[    4.423167] pps_core: Software ver. 5.3.6 - Copyright 2005-2007 Rodolfo Giometti <giometti@linux.it>
[    4.434176] initcall pps_init+0x0/0xa9 returned 0 after 16601 usecs
[    4.442170] calling  ptp_init+0x0/0x98 @ 1
[    4.448185] PTP clock support registered
[    4.453171] initcall ptp_init+0x0/0x98 returned 0 after 4882 usecs
[    4.458171] calling  power_supply_class_init+0x0/0x3f @ 1
[    4.461655] initcall power_supply_class_init+0x0/0x3f returned 0 after 0 usecs
[    4.471170] calling  hwmon_init+0x0/0x104 @ 1
[    4.476201] initcall hwmon_init+0x0/0x104 returned 0 after 0 usecs
[    4.484171] calling  md_init+0x0/0x16b @ 1
[    4.495343] initcall md_init+0x0/0x16b returned 0 after 5859 usecs
[    4.503172] calling  leds_init+0x0/0x3b @ 1
[    4.508206] initcall leds_init+0x0/0x3b returned 0 after 0 usecs
[    4.516168] calling  dmi_init+0x0/0x113 @ 1
[    4.522683] initcall dmi_init+0x0/0x113 returned 0 after 1953 usecs
[    4.530169] calling  efisubsys_init+0x0/0x4e7 @ 1
[    4.536528] initcall efisubsys_init+0x0/0x4e7 returned 0 after 0 usecs
[    4.542170] calling  nvmem_init+0x0/0xc @ 1
[    4.549235] initcall nvmem_init+0x0/0xc returned 0 after 0 usecs
[    4.556171] calling  init_soundcore+0x0/0x33 @ 1
[    4.562595] initcall init_soundcore+0x0/0x33 returned 0 after 0 usecs
[    4.568169] calling  alsa_sound_init+0x0/0x8f @ 1
[    4.575167] Advanced Linux Sound Architecture Driver Initialized.
[    4.582172] initcall alsa_sound_init+0x0/0x8f returned 0 after 6835 usecs
[    4.591171] calling  alsa_seq_device_init+0x0/0x71 @ 1
[    4.597663] initcall alsa_seq_device_init+0x0/0x71 returned 0 after 0 usecs
[    4.608170] calling  hda_bus_init+0x0/0xc @ 1
[    4.611685] initcall hda_bus_init+0x0/0xc returned 0 after 2929 usecs
[    4.622175] calling  proto_init+0x0/0xc @ 1
[    4.627172] initcall proto_init+0x0/0xc returned 0 after 0 usecs
[    4.633170] calling  net_dev_init+0x0/0x209 @ 1
[    4.641049] initcall net_dev_init+0x0/0x209 returned 0 after 1953 usecs
[    4.648169] calling  neigh_init+0x0/0x84 @ 1
[    4.655172] initcall neigh_init+0x0/0x84 returned 0 after 0 usecs
[    4.663169] calling  fib_notifier_init+0x0/0xc @ 1
[    4.669173] initcall fib_notifier_init+0x0/0xc returned 0 after 0 usecs
[    4.676169] calling  fib_rules_init+0x0/0xab @ 1
[    4.682175] initcall fib_rules_init+0x0/0xab returned 0 after 0 usecs
[    4.691170] calling  pktsched_init+0x0/0x10e @ 1
[    4.697217] initcall pktsched_init+0x0/0x10e returned 0 after 0 usecs
[    4.704171] calling  tc_filter_init+0x0/0xfa @ 1
[    4.710181] initcall tc_filter_init+0x0/0xfa returned 0 after 0 usecs
[    4.718169] calling  tc_action_init+0x0/0x54 @ 1
[    4.723171] initcall tc_action_init+0x0/0x54 returned 0 after 0 usecs
[    4.731170] calling  ethnl_init+0x0/0x52 @ 1
[    4.736239] initcall ethnl_init+0x0/0x52 returned 0 after 0 usecs
[    4.743183] calling  nexthop_init+0x0/0xd8 @ 1
[    4.748242] initcall nexthop_init+0x0/0xd8 returned 0 after 0 usecs
[    4.756252] calling  cipso_v4_init+0x0/0x5d @ 1
[    4.762243] initcall cipso_v4_init+0x0/0x5d returned 0 after 0 usecs
[    4.771172] calling  ieee80211_init+0x0/0x24 @ 1
[    4.778325] initcall ieee80211_init+0x0/0x24 returned 0 after 0 usecs
[    4.788172] calling  netlbl_init+0x0/0x78 @ 1
[    4.794208] NetLabel: Initializing
[    4.799168] NetLabel:  domain hash size = 128
[    4.804166] NetLabel:  protocols = UNLABELED CIPSOv4 CALIPSO
[    4.811265] NetLabel:  unlabeled traffic allowed by default
[    4.819176] initcall netlbl_init+0x0/0x78 returned 0 after 24414 usecs
[    4.826173] calling  rfkill_init+0x0/0x111 @ 1
[    4.832275] initcall rfkill_init+0x0/0x111 returned 0 after 976 usecs
[    4.839172] calling  pci_subsys_init+0x0/0x66 @ 1
[    4.845198] PCI: Using ACPI for IRQ routing
[    5.570754] PCI: pci_cache_line_size set to 64 bytes
[    5.590166] e820: reserve RAM buffer [mem 0x0009fc00-0x0009ffff]
[    5.597435] e820: reserve RAM buffer [mem 0x1ffdf000-0x1fffffff]
[    5.609166] initcall pci_subsys_init+0x0/0x66 returned 0 after 743164 usecs
[    5.635166] calling  nmi_warning_debugfs+0x0/0x26 @ 1
[    5.649558] initcall nmi_warning_debugfs+0x0/0x26 returned 0 after 3906 usecs
[    5.659178] calling  save_microcode_in_initrd+0x0/0x51 @ 1
[    5.666401] initcall save_microcode_in_initrd+0x0/0x51 returned 0 after 0 usecs
[    5.674307] calling  hpet_late_init+0x0/0x20a @ 1
[    5.684234] hpet: 3 channels of 0 reserved for per-cpu timers
[    5.692777] hpet0: at MMIO 0xfed00000, IRQs 2, 8, 0
[    5.698294] hpet0: 3 comparators, 64-bit 100.000000 MHz counter
[    5.712176] initcall hpet_late_init+0x0/0x20a returned 0 after 29296 usecs
[    5.722179] calling  init_amd_nbs+0x0/0x11c @ 1
[    5.728166] initcall init_amd_nbs+0x0/0x11c returned 0 after 976 usecs
[    5.737174] calling  clocksource_done_booting+0x0/0x41 @ 1
[    5.746832] clocksource: Switched to clocksource kvm-clock
[    5.755451] initcall clocksource_done_booting+0x0/0x41 returned 0 after 11988 usecs
[    5.766846] calling  tracer_init_tracefs+0x0/0x242 @ 1
[    5.961806] initcall tracer_init_tracefs+0x0/0x242 returned 0 after 182895 usecs
[    5.971125] calling  init_trace_printk_function_export+0x0/0x2c @ 1
[    5.980392] initcall init_trace_printk_function_export+0x0/0x2c returned 0 after 15 usecs
[    5.992118] calling  init_kprobe_trace+0x0/0x1a9 @ 1
[    5.999370] initcall init_kprobe_trace+0x0/0x1a9 returned 0 after 30 usecs
[    6.007458] calling  init_dynamic_event+0x0/0x3d @ 1
[    6.013659] initcall init_dynamic_event+0x0/0x3d returned 0 after 10 usecs
[    6.021675] calling  init_uprobe_trace+0x0/0x5c @ 1
[    6.027391] initcall init_uprobe_trace+0x0/0x5c returned 0 after 51 usecs
[    6.035277] calling  init_pipe_fs+0x0/0x44 @ 1
[    6.040787] initcall init_pipe_fs+0x0/0x44 returned 0 after 263 usecs
[    6.048453] calling  inotify_user_setup+0x0/0x47 @ 1
[    6.054342] initcall inotify_user_setup+0x0/0x47 returned 0 after 65 usecs
[    6.062465] calling  eventpoll_init+0x0/0xd4 @ 1
[    6.068048] initcall eventpoll_init+0x0/0xd4 returned 0 after 83 usecs
[    6.075637] calling  anon_inode_init+0x0/0x58 @ 1
[    6.081632] initcall anon_inode_init+0x0/0x58 returned 0 after 145 usecs
[    6.089435] calling  proc_locks_init+0x0/0x27 @ 1
[    6.095113] initcall proc_locks_init+0x0/0x27 returned 0 after 175 usecs
[    6.102869] calling  iomap_init+0x0/0x1b @ 1
[    6.108825] initcall iomap_init+0x0/0x1b returned 0 after 826 usecs
[    6.116326] calling  dquot_init+0x0/0x106 @ 1
[    6.121460] VFS: Disk quotas dquot_6.6.0
[    6.126511] VFS: Dquot-cache hash table entries: 512 (order 0, 4096 bytes)
[    6.134526] initcall dquot_init+0x0/0x106 returned 0 after 12756 usecs
[    6.142117] calling  quota_init+0x0/0x23 @ 1
[    6.147378] initcall quota_init+0x0/0x23 returned 0 after 224 usecs
[    6.154583] calling  proc_cmdline_init+0x0/0x21 @ 1
[    6.160301] initcall proc_cmdline_init+0x0/0x21 returned 0 after 39 usecs
[    6.168057] calling  proc_consoles_init+0x0/0x24 @ 1
[    6.173824] initcall proc_consoles_init+0x0/0x24 returned 0 after 25 usecs
[    6.181779] calling  proc_cpuinfo_init+0x0/0x1e @ 1
[    6.187474] initcall proc_cpuinfo_init+0x0/0x1e returned 0 after 3 usecs
[    6.195273] calling  proc_devices_init+0x0/0x24 @ 1
[    6.201014] initcall proc_devices_init+0x0/0x24 returned 0 after 18 usecs
[    6.208830] calling  proc_interrupts_init+0x0/0x24 @ 1
[    6.214812] initcall proc_interrupts_init+0x0/0x24 returned 0 after 3 usecs
[    6.222756] calling  proc_loadavg_init+0x0/0x21 @ 1
[    6.228434] initcall proc_loadavg_init+0x0/0x21 returned 0 after 2 usecs
[    6.236088] calling  proc_meminfo_init+0x0/0x21 @ 1
[    6.241697] initcall proc_meminfo_init+0x0/0x21 returned 0 after 2 usecs
[    6.249457] calling  proc_stat_init+0x0/0x1e @ 1
[    6.254805] initcall proc_stat_init+0x0/0x1e returned 0 after 3 usecs
[    6.262183] calling  proc_uptime_init+0x0/0x21 @ 1
[    6.267758] initcall proc_uptime_init+0x0/0x21 returned 0 after 3 usecs
[    6.275392] calling  proc_version_init+0x0/0x21 @ 1
[    6.281095] initcall proc_version_init+0x0/0x21 returned 0 after 2 usecs
[    6.288803] calling  proc_softirqs_init+0x0/0x21 @ 1
[    6.294613] initcall proc_softirqs_init+0x0/0x21 returned 0 after 2 usecs
[    6.302460] calling  proc_kcore_init+0x0/0xea @ 1
[    6.308218] initcall proc_kcore_init+0x0/0xea returned 0 after 38 usecs
[    6.315954] calling  vmcore_init+0x0/0x578 @ 1
[    6.321134] initcall vmcore_init+0x0/0x578 returned 0 after 24 usecs
[    6.329739] calling  proc_kmsg_init+0x0/0x21 @ 1
[    6.336456] initcall proc_kmsg_init+0x0/0x21 returned 0 after 4 usecs
[    6.345659] calling  proc_page_init+0x0/0x3b @ 1
[    6.352351] initcall proc_page_init+0x0/0x3b returned 0 after 5 usecs
[    6.360758] calling  init_ramfs_fs+0x0/0xc @ 1
[    6.366450] initcall init_ramfs_fs+0x0/0xc returned 0 after 20 usecs
[    6.374357] calling  init_hugetlbfs_fs+0x0/0xf6 @ 1
[    6.380931] initcall init_hugetlbfs_fs+0x0/0xf6 returned 0 after 287 usecs
[    6.389568] calling  blk_scsi_ioctl_init+0x0/0x2a5 @ 1
[    6.396036] initcall blk_scsi_ioctl_init+0x0/0x2a5 returned 0 after 21 usecs
[    6.404810] calling  acpi_event_init+0x0/0x2c @ 1
[    6.411003] initcall acpi_event_init+0x0/0x2c returned 0 after 97 usecs
[    6.419274] calling  pnp_system_init+0x0/0xc @ 1
[    6.425635] initcall pnp_system_init+0x0/0xc returned 0 after 662 usecs
[    6.434620] calling  pnpacpi_init+0x0/0x69 @ 1
[    6.441176] pnp: PnP ACPI init
[    6.447390] pnp 00:00: Plug and Play ACPI device, IDs PNP0303 (active)
[    6.457112] pnp 00:01: Plug and Play ACPI device, IDs PNP0f13 (active)
[    6.465596] pnp 00:02: Plug and Play ACPI device, IDs PNP0400 (active)
[    6.473341] pnp 00:03: Plug and Play ACPI device, IDs PNP0501 (active)
[    6.481492] pnp 00:04: Plug and Play ACPI device, IDs PNP0b00 (active)
[    6.491364] system 00:05: [mem 0xb0000000-0xbfffffff window] has been reserved
[    6.501878] system 00:05: Plug and Play ACPI device, IDs PNP0c01 (active)
[    6.511660] pnp: PnP ACPI: found 6 devices
[    6.517092] initcall pnpacpi_init+0x0/0x69 returned 0 after 74173 usecs
[    6.526643] calling  chr_dev_init+0x0/0x14d @ 1
[    6.628125] initcall chr_dev_init+0x0/0x14d returned 0 after 92348 usecs
[    6.636073] calling  firmware_class_init+0x0/0xe7 @ 1
[    6.642423] initcall firmware_class_init+0x0/0xe7 returned 0 after 238 usecs
[    6.650635] calling  init_pcmcia_bus+0x0/0x5b @ 1
[    6.656804] initcall init_pcmcia_bus+0x0/0x5b returned 0 after 309 usecs
[    6.664526] calling  init_acpi_pm_clocksource+0x0/0xda @ 1
[    6.676351] clocksource: acpi_pm: mask: 0xffffff max_cycles: 0xffffff, max_idle_ns: 2085701024 ns
[    6.686384] initcall init_acpi_pm_clocksource+0x0/0xda returned 0 after 15101 usecs
[    6.695283] calling  sysctl_core_init+0x0/0x26 @ 1
[    6.700910] initcall sysctl_core_init+0x0/0x26 returned 0 after 125 usecs
[    6.708769] calling  eth_offload_init+0x0/0x13 @ 1
[    6.714350] initcall eth_offload_init+0x0/0x13 returned 0 after 34 usecs
[    6.721976] calling  ipv4_offload_init+0x0/0x73 @ 1
[    6.727640] initcall ipv4_offload_init+0x0/0x73 returned 0 after 50 usecs
[    6.735319] calling  inet_init+0x0/0x276 @ 1
[    6.740484] NET: Registered protocol family 2
[    6.746067] IP idents hash table entries: 8192 (order: 4, 65536 bytes, linear)
[    6.755352] tcp_listen_portaddr_hash hash table entries: 256 (order: 0, 4096 bytes, linear)
[    6.765066] TCP established hash table entries: 4096 (order: 3, 32768 bytes, linear)
[    6.773991] TCP bind hash table entries: 4096 (order: 4, 65536 bytes, linear)
[    6.782318] TCP: Hash tables configured (established 4096 bind 4096)
[    6.789897] UDP hash table entries: 256 (order: 1, 8192 bytes, linear)
[    6.797382] UDP-Lite hash table entries: 256 (order: 1, 8192 bytes, linear)
[    6.805524] initcall inet_init+0x0/0x276 returned 0 after 63607 usecs
[    6.812858] calling  af_unix_init+0x0/0x4d @ 1
[    6.818180] NET: Registered protocol family 1
[    6.823623] initcall af_unix_init+0x0/0x4d returned 0 after 5346 usecs
[    6.831371] calling  ipv6_offload_init+0x0/0x7e @ 1
[    6.838438] initcall ipv6_offload_init+0x0/0x7e returned 0 after 29 usecs
[    6.846233] calling  init_sunrpc+0x0/0x65 @ 1
[    6.857830] RPC: Registered named UNIX socket transport module.
[    6.864854] RPC: Registered udp transport module.
[    6.870360] RPC: Registered tcp transport module.
[    6.876048] RPC: Registered tcp NFSv4.1 backchannel transport module.
[    6.883451] initcall init_sunrpc+0x0/0x65 returned 0 after 31221 usecs
[    6.891013] calling  cfg80211_init+0x0/0xc5 @ 1
[    6.898513] initcall cfg80211_init+0x0/0xc5 returned 0 after 2074 usecs
[    6.906039] calling  pcibios_assign_resources+0x0/0xbf @ 1
[    6.912592] pci_bus 0000:00: resource 4 [io  0x0000-0x0cf7 window]
[    6.919670] pci_bus 0000:00: resource 5 [io  0x0d00-0xffff window]
[    6.926803] pci_bus 0000:00: resource 6 [mem 0x000a0000-0x000bffff window]
[    6.934626] pci_bus 0000:00: resource 7 [mem 0x20000000-0xafffffff window]
[    6.942423] pci_bus 0000:00: resource 8 [mem 0xc0000000-0xfebfffff window]
[    6.950215] pci_bus 0000:00: resource 9 [mem 0x100000000-0x8ffffffff window]
[    6.958318] initcall pcibios_assign_resources+0x0/0xbf returned 0 after 44805 usecs
[    6.966992] calling  pci_apply_final_quirks+0x0/0x124 @ 1
[    6.973476] pci 0000:00:01.0: calling  pci_fixup_video+0x0/0xe0 @ 1
[    6.981024] pci 0000:00:01.0: Video device with shadowed ROM at [mem 0x000c0000-0x000dffff]
[    6.990462] pci 0000:00:01.0: pci_fixup_video+0x0/0xe0 took 9526 usecs
[    6.998410] PCI: CLS 0 bytes, default 64
[    7.003083] initcall pci_apply_final_quirks+0x0/0x124 returned 0 after 29162 usecs
[    7.011672] calling  acpi_reserve_resources+0x0/0xea @ 1
[    7.018275] initcall acpi_reserve_resources+0x0/0xea returned 0 after 90 usecs
[    7.026678] calling  populate_rootfs+0x0/0x102 @ 1
[    7.034277] initcall populate_rootfs+0x0/0x102 returned 0 after 1896 usecs
[    7.042402] calling  pci_iommu_init+0x0/0x3e @ 1
[    7.048923] initcall pci_iommu_init+0x0/0x3e returned 0 after 58 usecs
[    7.057019] calling  ia32_binfmt_init+0x0/0x13 @ 1
[    7.062673] initcall ia32_binfmt_init+0x0/0x13 returned 0 after 93 usecs
[    7.070271] calling  rapl_pmu_init+0x0/0x267 @ 1
[    7.076060] initcall rapl_pmu_init+0x0/0x267 returned -19 after 72 usecs
[    7.084306] calling  amd_uncore_init+0x0/0x310 @ 1
[    7.089924] initcall amd_uncore_init+0x0/0x310 returned -19 after 0 usecs
[    7.097822] calling  amd_ibs_init+0x0/0x243 @ 1
[    7.103129] initcall amd_ibs_init+0x0/0x243 returned -19 after 0 usecs
[    7.110733] calling  amd_iommu_pc_init+0x0/0x215 @ 1
[    7.118695] initcall amd_iommu_pc_init+0x0/0x215 returned -19 after 68 usecs
[    7.126887] calling  msr_init+0x0/0x55 @ 1
[    7.131926] initcall msr_init+0x0/0x55 returned 0 after 105 usecs
[    7.139247] calling  intel_uncore_init+0x0/0x36f @ 1
[    7.145243] initcall intel_uncore_init+0x0/0x36f returned -19 after 35 usecs
[    7.153573] calling  cstate_pmu_init+0x0/0x1a1 @ 1
[    7.159438] initcall cstate_pmu_init+0x0/0x1a1 returned -19 after 0 usecs
[    7.167368] calling  register_kernel_offset_dumper+0x0/0x1a @ 1
[    7.174586] initcall register_kernel_offset_dumper+0x0/0x1a returned 0 after 1 usecs
[    7.188930] calling  i8259A_init_ops+0x0/0x20 @ 1
[    7.194783] initcall i8259A_init_ops+0x0/0x20 returned 0 after 153 usecs
[    7.203043] calling  init_tsc_clocksource+0x0/0xa4 @ 1
[    7.210598] clocksource: tsc: mask: 0xffffffffffffffff max_cycles: 0x39a85afc727, max_idle_ns: 881590685098 ns
[    7.224575] initcall init_tsc_clocksource+0x0/0xa4 returned 0 after 14319 usecs
[    7.232929] calling  add_rtc_cmos+0x0/0xb0 @ 1
[    7.238500] initcall add_rtc_cmos+0x0/0xb0 returned 0 after 371 usecs
[    7.245851] calling  i8237A_init_ops+0x0/0x3a @ 1
[    7.251404] initcall i8237A_init_ops+0x0/0x3a returned 0 after 109 usecs
[    7.259342] calling  umwait_init+0x0/0x94 @ 1
[    7.264462] initcall umwait_init+0x0/0x94 returned -19 after 18 usecs
[    7.271940] calling  thermal_throttle_init_device+0x0/0x3d @ 1
[    7.278704] initcall thermal_throttle_init_device+0x0/0x3d returned 0 after 34 usecs
[    7.287460] calling  msr_init+0x0/0xd7 @ 1
[    7.300498] initcall msr_init+0x0/0xd7 returned 0 after 7969 usecs
[    7.307635] calling  cpuid_init+0x0/0xd7 @ 1
[    7.316288] initcall cpuid_init+0x0/0xd7 returned 0 after 3598 usecs
[    7.323538] calling  ioapic_init_ops+0x0/0x13 @ 1
[    7.328875] initcall ioapic_init_ops+0x0/0x13 returned 0 after 22 usecs
[    7.336226] calling  add_pcspkr+0x0/0x6c @ 1
[    7.341491] initcall add_pcspkr+0x0/0x6c returned 0 after 391 usecs
[    7.348808] calling  start_periodic_check_for_corruption+0x0/0x30 @ 1
[    7.356267] check: Scanning for low memory corruption every 60 seconds
[    7.363487] initcall start_periodic_check_for_corruption+0x0/0x30 returned 0 after 7058 usecs
[    7.373287] calling  sysfb_init+0x0/0x9c @ 1
[    7.378427] initcall sysfb_init+0x0/0x9c returned 0 after 157 usecs
[    7.385653] calling  audit_classes_init+0x0/0xae @ 1
[    7.391436] initcall audit_classes_init+0x0/0xae returned 0 after 55 usecs
[    7.399282] calling  iosf_mbi_init+0x0/0x24 @ 1
[    7.405174] initcall iosf_mbi_init+0x0/0x24 returned 0 after 595 usecs
[    7.412625] calling  proc_execdomains_init+0x0/0x21 @ 1
[    7.418726] initcall proc_execdomains_init+0x0/0x21 returned 0 after 123 usecs
[    7.426937] calling  register_warn_debugfs+0x0/0x23 @ 1
[    7.433315] initcall register_warn_debugfs+0x0/0x23 returned 0 after 336 usecs
[    7.444592] calling  cpuhp_sysfs_init+0x0/0x79 @ 1
[    7.450555] initcall cpuhp_sysfs_init+0x0/0x79 returned 0 after 266 usecs
[    7.458398] calling  ioresources_init+0x0/0x49 @ 1
[    7.464079] initcall ioresources_init+0x0/0x49 returned 0 after 40 usecs
[    7.471814] calling  snapshot_device_init+0x0/0xc @ 1
[    7.479369] initcall snapshot_device_init+0x0/0xc returned 0 after 1509 usecs
[    7.489713] calling  irq_pm_init_ops+0x0/0x13 @ 1
[    7.496603] initcall irq_pm_init_ops+0x0/0x13 returned 0 after 18 usecs
[    7.506072] calling  rcu_torture_init+0x0/0x9a6 @ 1
[    7.513360] srcu-torture:--- Start of test: nreaders=3 nfakewriters=4 stat_interval=15 verbose=1 test_no_idle_hz=1 shuffle_interval=3 stutter=5 irqreader=1 fqs_duration=0 fqs_holdoff=0 fqs_stutter=3 test_boost=1/0 test_boost_interval=7 test_boost_duration=4 shutdown_secs=1800 stall_cpu=0 stall_cpu_holdoff=10 stall_cpu_irqsoff=0 stall_cpu_block=0 n_barrier_cbs=4 onoff_interval=1000 onoff_holdoff=30 read_exit_delay=13 read_exit_burst=16
[    7.565593] srcu:  Start-test grace-period state: g0 f0x0
[    7.573406] srcu-torture: Creating rcu_torture_writer task
[    7.583781] srcu-torture: Creating rcu_torture_fakewriter task
[    7.583978] srcu-torture: rcu_torture_writer task started
[    7.594708] srcu-torture: Creating rcu_torture_fakewriter task
[    7.595346] srcu-torture: rcu_torture_fakewriter task started
[    7.598572] srcu-torture: GP expediting controlled from boot/sysfs for srcu.
[    7.609572] srcu-torture: Creating rcu_torture_fakewriter task
[    7.609898] srcu-torture: rcu_torture_fakewriter task started
[    7.614899] rcu_torture_writer: Testing expedited GPs.
[    7.627538] srcu-torture: Creating rcu_torture_fakewriter task
[    7.627967] srcu-torture: rcu_torture_fakewriter task started
[    7.631952] rcu_torture_writer: Testing asynchronous GPs.
[    7.631953] rcu_torture_writer: Testing normal GPs.
[    7.678549] srcu-torture: Creating rcu_torture_reader task
[    7.678834] srcu-torture: rcu_torture_fakewriter task started
[    7.686086] srcu-torture: Creating rcu_torture_reader task
[    7.686579] srcu-torture: rcu_torture_reader task started
[    7.706030] srcu-torture: Creating rcu_torture_reader task
[    7.706520] srcu-torture: rcu_torture_reader task started
[    7.712992] srcu-torture: Creating rcu_torture_stats task
[    7.714264] srcu-torture: rcu_torture_reader task started
[    7.731771] srcu-torture: Creating torture_shuffle task
[    7.731774] srcu-torture: rcu_torture_stats task started
[    7.738929] srcu-torture: Creating torture_stutter task
[    7.738932] srcu-torture: torture_shuffle task started
[    7.757821] srcu-torture: Creating torture_shutdown task
[    7.761417] srcu-torture: torture_stutter task started
[    7.765720] srcu-torture: Creating torture_onoff task
[    7.767392] srcu-torture: torture_shutdown task started
[    7.767394] srcu-torture:torture_shutdown task: 1799990 ms remaining
[    7.793094] srcu-torture: rcu_torture_fwd_prog_init: Disabled, unsupported by RCU flavor under test
[    7.793114] srcu-torture: torture_onoff task started
[    7.804403] srcu-torture: Creating rcu_torture_barrier_cbs task
[    7.811486] srcu-torture: torture_onoff begin holdoff
[    7.823504] srcu-torture: Creating rcu_torture_barrier_cbs task
[    7.823511] srcu-torture: rcu_torture_barrier_cbs task started
[    7.840797] srcu-torture: Creating rcu_torture_barrier_cbs task
[    7.840817] srcu-torture: rcu_torture_barrier_cbs task started
[    7.848953] srcu-torture: Creating rcu_torture_barrier_cbs task
[    7.848975] srcu-torture: rcu_torture_barrier_cbs task started
[    7.870368] srcu-torture: Creating rcu_torture_barrier task
[    7.870569] srcu-torture: rcu_torture_barrier_cbs task started
[    7.878137] srcu-torture: Creating rcu_torture_read_exit task
[    7.878308] srcu-torture: rcu_torture_barrier task starting
[    7.905057] initcall rcu_torture_init+0x0/0x9a6 returned 0 after 382742 usecs
[    7.905151] srcu-torture: rcu_torture_read_exit: Start of test
[    7.915070] calling  timekeeping_init_ops+0x0/0x13 @ 1
[    7.915089] initcall timekeeping_init_ops+0x0/0x13 returned 0 after 15 usecs
[    7.915092] calling  init_clocksource_sysfs+0x0/0x23 @ 1
[    7.915450] initcall init_clocksource_sysfs+0x0/0x23 returned 0 after 345 usecs
[    7.915453] calling  init_timer_list_procfs+0x0/0x31 @ 1
[    7.915460] initcall init_timer_list_procfs+0x0/0x31 returned 0 after 4 usecs
[    7.915462] calling  alarmtimer_init+0x0/0xc7 @ 1
[    7.915682] initcall alarmtimer_init+0x0/0xc7 returned 0 after 212 usecs
[    7.915685] calling  init_posix_timers+0x0/0x29 @ 1
[    7.915839] initcall init_posix_timers+0x0/0x29 returned 0 after 145 usecs
[    7.925664] rcu_torture_rea (87) used greatest stack depth: 15136 bytes left
[    7.931327] calling  clockevents_init_sysfs+0x0/0xbf @ 1
[    7.931552] initcall clockevents_init_sysfs+0x0/0xbf returned 0 after 215 usecs
[    8.024656] calling  proc_dma_init+0x0/0x21 @ 1
[    8.030597] initcall proc_dma_init+0x0/0x21 returned 0 after 29 usecs
[    8.038260] calling  proc_modules_init+0x0/0x1e @ 1
[    8.044428] initcall proc_modules_init+0x0/0x1e returned 0 after 19 usecs
[    8.052653] calling  kallsyms_init+0x0/0x21 @ 1
[    8.058312] initcall kallsyms_init+0x0/0x21 returned 0 after 4 usecs
[    8.066094] calling  pid_namespaces_init+0x0/0x2c @ 1
[    8.072441] initcall pid_namespaces_init+0x0/0x2c returned 0 after 190 usecs
[    8.080922] calling  audit_watch_init+0x0/0x37 @ 1
[    8.086830] initcall audit_watch_init+0x0/0x37 returned 0 after 1 usecs
[    8.094716] calling  audit_fsnotify_init+0x0/0x37 @ 1
[    8.101047] initcall audit_fsnotify_init+0x0/0x37 returned 0 after 1 usecs
[    8.109610] calling  audit_tree_init+0x0/0x6d @ 1
[    8.115608] initcall audit_tree_init+0x0/0x6d returned 0 after 60 usecs
[    8.123816] calling  seccomp_sysctl_init+0x0/0x2b @ 1
[    8.130122] initcall seccomp_sysctl_init+0x0/0x2b returned 0 after 33 usecs
[    8.138974] calling  utsname_sysctl_init+0x0/0x13 @ 1
[    8.145384] initcall utsname_sysctl_init+0x0/0x13 returned 0 after 84 usecs
[    8.153795] calling  init_tracepoints+0x0/0x27 @ 1
[    8.159662] initcall init_tracepoints+0x0/0x27 returned 0 after 28 usecs
[    8.167667] calling  init_blk_tracer+0x0/0x50 @ 1
[    8.173856] initcall init_blk_tracer+0x0/0x50 returned 0 after 477 usecs
[    8.182084] calling  perf_event_sysfs_init+0x0/0x81 @ 1
[    8.188916] initcall perf_event_sysfs_init+0x0/0x81 returned 0 after 459 usecs
[    8.197419] calling  system_trusted_keyring_init+0x0/0x60 @ 1
[    8.205659] Initialise system trusted keyrings
[    8.211124] initcall system_trusted_keyring_init+0x0/0x60 returned 0 after 5334 usecs
[    8.221371] calling  kswapd_init+0x0/0x5c @ 1
[    8.229167] initcall kswapd_init+0x0/0x5c returned 0 after 2280 usecs
[    8.238969] calling  extfrag_debug_init+0x0/0x54 @ 1
[    8.246515] initcall extfrag_debug_init+0x0/0x54 returned 0 after 58 usecs
[    8.256862] calling  mm_compute_batch_init+0x0/0x12 @ 1
[    8.264269] initcall mm_compute_batch_init+0x0/0x12 returned 0 after 1 usecs
[    8.273304] calling  slab_proc_init+0x0/0x21 @ 1
[    8.279156] initcall slab_proc_init+0x0/0x21 returned 0 after 76 usecs
[    8.287780] calling  workingset_init+0x0/0x8c @ 1
[    8.294177] workingset: timestamp_bits=56 max_order=17 bucket_order=0
[    8.302690] initcall workingset_init+0x0/0x8c returned 0 after 8324 usecs
[    8.311410] calling  proc_vmalloc_init+0x0/0x32 @ 1
[    8.318142] initcall proc_vmalloc_init+0x0/0x32 returned 0 after 55 usecs
[    8.326367] calling  procswaps_init+0x0/0x1e @ 1
[    8.332263] initcall procswaps_init+0x0/0x1e returned 0 after 110 usecs
[    8.340800] calling  slab_sysfs_init+0x0/0xea @ 1
[    8.350091] initcall slab_sysfs_init+0x0/0xea returned 0 after 3236 usecs
[    8.358896] calling  fcntl_init+0x0/0x29 @ 1
[    8.365674] initcall fcntl_init+0x0/0x29 returned 0 after 29 usecs
[    8.374132] calling  proc_filesystems_init+0x0/0x21 @ 1
[    8.380490] initcall proc_filesystems_init+0x0/0x21 returned 0 after 4 usecs
[    8.389915] calling  start_dirtytime_writeback+0x0/0x29 @ 1
[    8.398112] initcall start_dirtytime_writeback+0x0/0x29 returned 0 after 2 usecs
[    8.409716] calling  blkdev_init+0x0/0x1b @ 1
[    8.417338] initcall blkdev_init+0x0/0x1b returned 0 after 2411 usecs
[    8.424922] calling  dio_init+0x0/0x2c @ 1
[    8.430351] initcall dio_init+0x0/0x2c returned 0 after 507 usecs
[    8.437420] calling  dnotify_init+0x0/0x78 @ 1
[    8.442778] initcall dnotify_init+0x0/0x78 returned 0 after 13 usecs
[    8.450059] calling  aio_setup+0x0/0x78 @ 1
[    8.455173] initcall aio_setup+0x0/0x78 returned 0 after 191 usecs
[    8.462315] calling  io_uring_init+0x0/0x2c @ 1
[    8.467745] initcall io_uring_init+0x0/0x2c returned 0 after 6 usecs
[    8.474970] calling  mbcache_init+0x0/0x30 @ 1
[    8.480274] initcall mbcache_init+0x0/0x30 returned 0 after 67 usecs
[    8.487501] calling  init_grace+0x0/0xc @ 1
[    8.492488] initcall init_grace+0x0/0xc returned 0 after 46 usecs
[    8.499378] calling  init_v2_quota_format+0x0/0x21 @ 1
[    8.505484] initcall init_v2_quota_format+0x0/0x21 returned 0 after 47 usecs
[    8.513512] calling  init_devpts_fs+0x0/0x27 @ 1
[    8.519695] initcall init_devpts_fs+0x0/0x27 returned 0 after 549 usecs
[    8.527279] calling  ext4_init_fs+0x0/0x1d0 @ 1
[    8.533460] initcall ext4_init_fs+0x0/0x1d0 returned 0 after 627 usecs
[    8.541091] calling  journal_init+0x0/0x11c @ 1
[    8.546737] initcall journal_init+0x0/0x11c returned 0 after 110 usecs
[    8.556274] calling  init_fat_fs+0x0/0x49 @ 1
[    8.562911] initcall init_fat_fs+0x0/0x49 returned 0 after 78 usecs
[    8.572131] calling  init_vfat_fs+0x0/0xc @ 1
[    8.578491] initcall init_vfat_fs+0x0/0xc returned 0 after 5 usecs
[    8.586174] calling  init_msdos_fs+0x0/0xc @ 1
[    8.591502] initcall init_msdos_fs+0x0/0xc returned 0 after 4 usecs
[    8.598920] calling  init_iso9660_fs+0x0/0x6c @ 1
[    8.605954] initcall init_iso9660_fs+0x0/0x6c returned 0 after 131 usecs
[    8.615883] calling  init_nfs_fs+0x0/0x13a @ 1
[    8.625046] initcall init_nfs_fs+0x0/0x13a returned 0 after 2601 usecs
[    8.634145] calling  init_nfs_v2+0x0/0x13 @ 1
[    8.639252] initcall init_nfs_v2+0x0/0x13 returned 0 after 36 usecs
[    8.646370] calling  init_nfs_v3+0x0/0x13 @ 1
[    8.651444] initcall init_nfs_v3+0x0/0x13 returned 0 after 12 usecs
[    8.658626] calling  init_nfs_v4+0x0/0x32 @ 1
[    8.663703] NFS: Registering the id_resolver key type
[    8.669736] Key type id_resolver registered
[    8.674700] Key type id_legacy registered
[    8.679598] initcall init_nfs_v4+0x0/0x32 returned 0 after 15519 usecs
[    8.687182] calling  init_nlm+0x0/0x5b @ 1
[    8.692393] initcall init_nlm+0x0/0x5b returned 0 after 114 usecs
[    8.699424] calling  init_nls_cp437+0x0/0xe @ 1
[    8.704852] initcall init_nls_cp437+0x0/0xe returned 0 after 43 usecs
[    8.712359] calling  init_nls_ascii+0x0/0xe @ 1
[    8.717771] initcall init_nls_ascii+0x0/0xe returned 0 after 0 usecs
[    8.725205] calling  init_nls_iso8859_1+0x0/0xe @ 1
[    8.730953] initcall init_nls_iso8859_1+0x0/0xe returned 0 after 0 usecs
[    8.738509] calling  init_nls_utf8+0x0/0x21 @ 1
[    8.745208] initcall init_nls_utf8+0x0/0x21 returned 0 after 1 usecs
[    8.752578] calling  init_autofs_fs+0x0/0x25 @ 1
[    8.760693] initcall init_autofs_fs+0x0/0x25 returned 0 after 2449 usecs
[    8.769442] calling  ipc_init+0x0/0x24 @ 1
[    8.774739] initcall ipc_init+0x0/0x24 returned 0 after 311 usecs
[    8.782037] calling  ipc_sysctl_init+0x0/0x13 @ 1
[    8.787557] initcall ipc_sysctl_init+0x0/0x13 returned 0 after 43 usecs
[    8.799303] calling  init_mqueue_fs+0x0/0x9a @ 1
[    8.811635] initcall init_mqueue_fs+0x0/0x9a returned 0 after 6245 usecs
[    8.819905] calling  key_proc_init+0x0/0x63 @ 1
[    8.826351] initcall key_proc_init+0x0/0x63 returned 0 after 318 usecs
[    8.837254] calling  selinux_nf_ip_init+0x0/0x2e @ 1
[    8.846602] initcall selinux_nf_ip_init+0x0/0x2e returned 0 after 70 usecs
[    8.857051] calling  init_sel_fs+0x0/0x116 @ 1
[    8.863848] initcall init_sel_fs+0x0/0x116 returned 0 after 0 usecs
[    8.873690] calling  selnl_init+0x0/0x7c @ 1
[    8.880700] initcall selnl_init+0x0/0x7c returned 0 after 342 usecs
[    8.890289] calling  sel_netif_init+0x0/0x36 @ 1
[    8.897284] initcall sel_netif_init+0x0/0x36 returned 0 after 0 usecs
[    8.905688] calling  sel_netnode_init+0x0/0x33 @ 1
[    8.911962] initcall sel_netnode_init+0x0/0x33 returned 0 after 0 usecs
[    8.920882] calling  sel_netport_init+0x0/0x33 @ 1
[    8.927428] initcall sel_netport_init+0x0/0x33 returned 0 after 0 usecs
[    8.936817] calling  aurule_init+0x0/0x2a @ 1
[    8.943107] initcall aurule_init+0x0/0x2a returned 0 after 1 usecs
[    8.951627] calling  crypto_algapi_init+0x0/0xc @ 1
[    8.958097] initcall crypto_algapi_init+0x0/0xc returned 0 after 28 usecs
[    8.966799] calling  jent_mod_init+0x0/0x2d @ 1
[    8.988178] initcall jent_mod_init+0x0/0x2d returned 0 after 15124 usecs
[    8.997177] calling  asymmetric_key_init+0x0/0xc @ 1
[    9.003793] Key type asymmetric registered
[    9.009270] initcall asymmetric_key_init+0x0/0xc returned 0 after 5395 usecs
[    9.018422] calling  x509_key_init+0x0/0xc @ 1
[    9.024459] Asymmetric key parser 'x509' registered
[    9.031044] initcall x509_key_init+0x0/0xc returned 0 after 6461 usecs
[    9.041761] calling  proc_genhd_init+0x0/0x41 @ 1
[    9.049549] initcall proc_genhd_init+0x0/0x41 returned 0 after 356 usecs
[    9.060299] calling  bsg_init+0x0/0x113 @ 1
[    9.067735] Block layer SCSI generic (bsg) driver version 0.4 loaded (major 251)
[    9.078083] initcall bsg_init+0x0/0x113 returned 0 after 11118 usecs
[    9.086991] calling  deadline_init+0x0/0xc @ 1
[    9.092974] io scheduler mq-deadline registered
[    9.099539] initcall deadline_init+0x0/0xc returned 0 after 6518 usecs
[    9.108956] calling  kyber_init+0x0/0xc @ 1
[    9.115124] io scheduler kyber registered
[    9.121039] initcall kyber_init+0x0/0xc returned 0 after 5826 usecs
[    9.129800] calling  mod_init+0x0/0x7 @ 1
[    9.135674] initcall mod_init+0x0/0x7 returned 0 after 0 usecs
[    9.143991] calling  percpu_counter_startup+0x0/0x55 @ 1
[    9.154085] initcall percpu_counter_startup+0x0/0x55 returned 0 after 2652 usecs
[    9.164423] calling  sg_pool_init+0x0/0xb4 @ 1
[    9.172701] initcall sg_pool_init+0x0/0xb4 returned 0 after 1834 usecs
[    9.182118] calling  pcie_portdrv_init+0x0/0x39 @ 1
[    9.190099] initcall pcie_portdrv_init+0x0/0x39 returned 0 after 1106 usecs
[    9.199610] calling  pci_proc_init+0x0/0x68 @ 1
[    9.205983] initcall pci_proc_init+0x0/0x68 returned 0 after 91 usecs
[    9.214742] calling  pci_hotplug_init+0x0/0x7 @ 1
[    9.221286] initcall pci_hotplug_init+0x0/0x7 returned 0 after 0 usecs
[    9.230411] calling  efifb_driver_init+0x0/0xe @ 1
[    9.237694] initcall efifb_driver_init+0x0/0xe returned 0 after 534 usecs
[    9.247674] calling  ged_driver_init+0x0/0xe @ 1
[    9.254447] initcall ged_driver_init+0x0/0xe returned 0 after 380 usecs
[    9.262578] calling  acpi_ac_init+0x0/0x92 @ 1
[    9.269081] initcall acpi_ac_init+0x0/0x92 returned 0 after 732 usecs
[    9.277293] calling  acpi_button_driver_init+0x0/0x52 @ 1
[    9.284834] input: Power Button as /devices/LNXSYSTM:00/LNXPWRBN:00/input/input0
[    9.295126] ACPI: Power Button [PWRF]
[    9.301041] initcall acpi_button_driver_init+0x0/0x52 returned 0 after 16873 usecs
[    9.310454] calling  acpi_fan_driver_init+0x0/0xe @ 1
[    9.316973] initcall acpi_fan_driver_init+0x0/0xe returned 0 after 17 usecs
[    9.325780] calling  acpi_video_init+0x0/0xcb @ 1
[    9.331815] initcall acpi_video_init+0x0/0xcb returned 0 after 67 usecs
[    9.340717] calling  acpi_processor_driver_init+0x0/0xad @ 1
[    9.350701] initcall acpi_processor_driver_init+0x0/0xad returned 0 after 1193 usecs
[    9.360280] calling  acpi_thermal_init+0x0/0x71 @ 1
[    9.369695] initcall acpi_thermal_init+0x0/0x71 returned 0 after 3185 usecs
[    9.379515] calling  acpi_battery_init+0x0/0x32 @ 1
[    9.388340] initcall acpi_battery_init+0x0/0x32 returned 0 after 1096 usecs
[    9.397652] calling  bgrt_init+0x0/0xb6 @ 1
[    9.403110] initcall bgrt_init+0x0/0xb6 returned -19 after 0 usecs
[    9.411353] calling  gpio_clk_driver_init+0x0/0xe @ 1
[    9.418291] initcall gpio_clk_driver_init+0x0/0xe returned 0 after 77 usecs
[    9.427395] calling  plt_clk_driver_init+0x0/0xe @ 1
[    9.434370] initcall plt_clk_driver_init+0x0/0xe returned 0 after 22 usecs
[    9.443512] calling  virtio_pci_driver_init+0x0/0x15 @ 1
[    9.450367] initcall virtio_pci_driver_init+0x0/0x15 returned 0 after 56 usecs
[    9.459936] calling  n_null_init+0x0/0x1e @ 1
[    9.465841] initcall n_null_init+0x0/0x1e returned 0 after 14 usecs
[    9.474129] calling  pty_init+0x0/0x1e8 @ 1
[    9.481907] initcall pty_init+0x0/0x1e8 returned 0 after 2315 usecs
[    9.489613] calling  sysrq_init+0x0/0x62 @ 1
[    9.494835] initcall sysrq_init+0x0/0x62 returned 0 after 22 usecs
[    9.502432] calling  serial8250_init+0x0/0x17e @ 1
[    9.508493] Serial: 8250/16550 driver, 4 ports, IRQ sharing enabled
[    9.518292] 00:03: ttyS0 at I/O 0x3f8 (irq = 4, base_baud = 115200) is a 16550A
[    9.536801] initcall serial8250_init+0x0/0x17e returned 0 after 27707 usecs
[    9.545589] calling  serial_pci_driver_init+0x0/0x15 @ 1
[    9.552435] initcall serial_pci_driver_init+0x0/0x15 returned 0 after 97 usecs
[    9.561605] calling  exar_pci_driver_init+0x0/0x15 @ 1
[    9.568677] initcall exar_pci_driver_init+0x0/0x15 returned 0 after 49 usecs
[    9.578211] calling  lpss8250_pci_driver_init+0x0/0x15 @ 1
[    9.585808] initcall lpss8250_pci_driver_init+0x0/0x15 returned 0 after 46 usecs
[    9.595657] calling  mid8250_pci_driver_init+0x0/0x15 @ 1
[    9.603028] initcall mid8250_pci_driver_init+0x0/0x15 returned 0 after 24 usecs
[    9.613047] calling  virtio_console_init+0x0/0xff @ 1
[    9.620150] initcall virtio_console_init+0x0/0xff returned 0 after 301 usecs
[    9.630438] calling  hpet_init+0x0/0x64 @ 1
[    9.639568] initcall hpet_init+0x0/0x64 returned 0 after 2474 usecs
[    9.648013] calling  nvram_module_init+0x0/0x83 @ 1
[    9.656539] Non-volatile memory driver v1.3
[    9.662333] initcall nvram_module_init+0x0/0x83 returned 0 after 7027 usecs
[    9.671849] calling  hwrng_modinit+0x0/0x8a @ 1
[    9.680469] initcall hwrng_modinit+0x0/0x8a returned 0 after 1450 usecs
[    9.689142] calling  mod_init+0x0/0x48 @ 1
[    9.694498] initcall mod_init+0x0/0x48 returned -19 after 20 usecs
[    9.704976] calling  agp_init+0x0/0x23 @ 1
[    9.710466] Linux agpgart interface v0.103
[    9.715693] initcall agp_init+0x0/0x23 returned 0 after 5101 usecs
[    9.723715] calling  agp_amd64_mod_init+0x0/0x5 @ 1
[    9.730399] initcall agp_amd64_mod_init+0x0/0x5 returned -19 after 193 usecs
[    9.739391] calling  agp_intel_init+0x0/0x28 @ 1
[    9.745878] initcall agp_intel_init+0x0/0x28 returned 0 after 429 usecs
[    9.754134] calling  drm_kms_helper_init+0x0/0x7 @ 1
[    9.760394] initcall drm_kms_helper_init+0x0/0x7 returned 0 after 32 usecs
[    9.768755] calling  drm_core_init+0x0/0xa4 @ 1
[    9.774759] initcall drm_core_init+0x0/0xa4 returned 0 after 325 usecs
[    9.782840] calling  i915_init+0x0/0x6b @ 1
[    9.788987] initcall i915_init+0x0/0x6b returned 0 after 849 usecs
[    9.796629] calling  cn_proc_init+0x0/0x35 @ 1
[    9.802283] initcall cn_proc_init+0x0/0x35 returned 0 after 2 usecs
[    9.810103] calling  topology_sysfs_init+0x0/0x27 @ 1
[    9.816612] initcall topology_sysfs_init+0x0/0x27 returned 0 after 148 usecs
[    9.825326] calling  cacheinfo_sysfs_init+0x0/0x27 @ 1
[    9.834631] initcall cacheinfo_sysfs_init+0x0/0x27 returned 0 after 2865 usecs
[    9.843365] calling  loop_init+0x0/0x168 @ 1
[    9.878656] loop: module loaded
[    9.883002] initcall loop_init+0x0/0x168 returned 0 after 33446 usecs
[    9.891410] calling  mac_hid_init+0x0/0x21 @ 1
[    9.897545] initcall mac_hid_init+0x0/0x21 returned 0 after 78 usecs
[    9.906639] calling  spi_transport_init+0x0/0x74 @ 1
[    9.914615] initcall spi_transport_init+0x0/0x74 returned 0 after 209 usecs
[    9.925130] calling  init_sd+0x0/0x18c @ 1
[    9.932099] initcall init_sd+0x0/0x18c returned 0 after 339 usecs
[    9.940686] calling  init_sr+0x0/0x43 @ 1
[    9.946506] initcall init_sr+0x0/0x43 returned 0 after 66 usecs
[    9.954730] calling  init_sg+0x0/0x1c0 @ 1
[    9.960755] initcall init_sg+0x0/0x1c0 returned 0 after 80 usecs
[    9.968704] calling  ahci_pci_driver_init+0x0/0x15 @ 1
[    9.976007] ahci 0000:00:1f.2: version 3.0
[    9.984029] PCI Interrupt Link [GSIA] enabled at IRQ 16
[   10.005504] ahci 0000:00:1f.2: AHCI 0001.0000 32 slots 6 ports 1.5 Gbps 0x3f impl SATA mode
[   10.017895] ahci 0000:00:1f.2: flags: 64bit ncq only 
[   10.045635] scsi host0: ahci
[   10.054749] scsi host1: ahci
[   10.064456] scsi host2: ahci
[   10.072704] scsi host3: ahci
[   10.080773] scsi host4: ahci
[   10.089582] scsi host5: ahci
[   10.094068] ata1: SATA max UDMA/133 abar m4096@0xfebf1000 port 0xfebf1100 irq 24
[   10.103971] ata2: SATA max UDMA/133 abar m4096@0xfebf1000 port 0xfebf1180 irq 24
[   10.114323] ata3: SATA max UDMA/133 abar m4096@0xfebf1000 port 0xfebf1200 irq 24
[   10.124807] ata4: SATA max UDMA/133 abar m4096@0xfebf1000 port 0xfebf1280 irq 24
[   10.135347] ata5: SATA max UDMA/133 abar m4096@0xfebf1000 port 0xfebf1300 irq 24
[   10.146165] ata6: SATA max UDMA/133 abar m4096@0xfebf1000 port 0xfebf1380 irq 24
[   10.158444] initcall ahci_pci_driver_init+0x0/0x15 returned 0 after 178430 usecs
[   10.169600] calling  piix_init+0x0/0x26 @ 1
[   10.176050] initcall piix_init+0x0/0x26 returned 0 after 196 usecs
[   10.184574] calling  amd_pci_driver_init+0x0/0x15 @ 1
[   10.191507] initcall amd_pci_driver_init+0x0/0x15 returned 0 after 74 usecs
[   10.201160] calling  oldpiix_pci_driver_init+0x0/0x15 @ 1
[   10.209000] initcall oldpiix_pci_driver_init+0x0/0x15 returned 0 after 69 usecs
[   10.219933] calling  sch_pci_driver_init+0x0/0x15 @ 1
[   10.227941] initcall sch_pci_driver_init+0x0/0x15 returned 0 after 136 usecs
[   10.238417] calling  net_olddevs_init+0x0/0x55 @ 1
[   10.247651] initcall net_olddevs_init+0x0/0x55 returned 0 after 617 usecs
[   10.257161] calling  blackhole_netdev_init+0x0/0x78 @ 1
[   10.265261] initcall blackhole_netdev_init+0x0/0x78 returned 0 after 565 usecs
[   10.274700] calling  phy_module_init+0x0/0x13 @ 1
[   10.283163] initcall phy_module_init+0x0/0x13 returned 0 after 1858 usecs
[   10.293400] calling  tg3_driver_init+0x0/0x15 @ 1
[   10.302125] initcall tg3_driver_init+0x0/0x15 returned 0 after 423 usecs
[   10.311516] calling  e100_init_module+0x0/0x4c @ 1
[   10.320997] e100: Intel(R) PRO/100 Network Driver
[   10.329126] e100: Copyright(c) 1999-2006 Intel Corporation
[   10.338475] initcall e100_init_module+0x0/0x4c returned 0 after 17111 usecs
[   10.348803] calling  e1000_init_module+0x0/0x72 @ 1
[   10.355786] e1000: Intel(R) PRO/1000 Network Driver
[   10.362468] e1000: Copyright (c) 1999-2006 Intel Corporation.
[   10.370812] initcall e1000_init_module+0x0/0x72 returned 0 after 14667 usecs
[   10.381884] calling  e1000_init_module+0x0/0x2d @ 1
[   10.389042] e1000e: Intel(R) PRO/1000 Network Driver
[   10.396507] e1000e: Copyright(c) 1999 - 2015 Intel Corporation.
[   10.405530] initcall e1000_init_module+0x0/0x2d returned 0 after 16162 usecs
[   10.416513] calling  sky2_init_module+0x0/0x21 @ 1
[   10.423820] sky2: driver version 1.30
[   10.429610] initcall sky2_init_module+0x0/0x21 returned 0 after 5648 usecs
[   10.439575] calling  forcedeth_pci_driver_init+0x0/0x15 @ 1
[   10.447919] initcall forcedeth_pci_driver_init+0x0/0x15 returned 0 after 39 usecs
[   10.458778] calling  rtl8139_init_module+0x0/0x15 @ 1
[   10.466122] initcall rtl8139_init_module+0x0/0x15 returned 0 after 84 usecs
[   10.476548] calling  rtl8169_pci_driver_init+0x0/0x15 @ 1
[   10.485237] initcall rtl8169_pci_driver_init+0x0/0x15 returned 0 after 52 usecs
[   10.488420] ata3: SATA link up 1.5 Gbps (SStatus 113 SControl 300)
[   10.496032] calling  cdrom_init+0x0/0xc @ 1
[   10.508195] ata3.00: ATAPI: QEMU DVD-ROM, 2.5+, max UDMA/100
[   10.512060] initcall cdrom_init+0x0/0xc returned 0 after 69 usecs
[   10.521173] ata3.00: applying bridge limits
[   10.530054] calling  nonstatic_sysfs_init+0x0/0xc @ 1
[   10.540502] ata2: SATA link down (SStatus 0 SControl 300)
[   10.545036] initcall nonstatic_sysfs_init+0x0/0xc returned 0 after 81 usecs
[   10.559392] ata5: SATA link down (SStatus 0 SControl 300)
[   10.564002] calling  yenta_cardbus_driver_init+0x0/0x15 @ 1
[   10.577991] ata1: SATA link down (SStatus 0 SControl 300)
[   10.582750] initcall yenta_cardbus_driver_init+0x0/0x15 returned 0 after 265 usecs
[   10.595001] ata4: SATA link down (SStatus 0 SControl 300)
[   10.602860] calling  mon_init+0x0/0x12d @ 1
[   10.606789] initcall mon_init+0x0/0x12d returned 0 after 3831 usecs
[   10.615956] ata6: SATA link down (SStatus 0 SControl 300)
[   10.619599] calling  ehci_hcd_init+0x0/0x56 @ 1
[   10.619813] ehci_hcd: USB 2.0 'Enhanced' Host Controller (EHCI) Driver
[   10.619816] initcall ehci_hcd_init+0x0/0x56 returned 0 after 209 usecs
[   10.619818] calling  ehci_pci_init+0x0/0x64 @ 1
[   10.619819] ehci-pci: EHCI PCI platform driver
[   10.619930] initcall ehci_pci_init+0x0/0x64 returned 0 after 106 usecs
[   10.619932] calling  ohci_hcd_mod_init+0x0/0x4e @ 1
[   10.619934] ohci_hcd: USB 1.1 'Open' Host Controller (OHCI) Driver
[   10.619945] initcall ohci_hcd_mod_init+0x0/0x4e returned 0 after 10 usecs
[   10.619947] calling  ohci_pci_init+0x0/0x64 @ 1
[   10.619948] ohci-pci: OHCI PCI platform driver
[   10.620063] initcall ohci_pci_init+0x0/0x64 returned 0 after 111 usecs
[   10.636186] ata3.00: configured for UDMA/100
[   10.636414] calling  uhci_hcd_init+0x0/0xa8 @ 1
[   10.653399] scsi 2:0:0:0: CD-ROM            QEMU     QEMU DVD-ROM     2.5+ PQ: 0 ANSI: 5
[   10.662057] uhci_hcd: USB Universal Host Controller Interface driver
[   10.768783] initcall uhci_hcd_init+0x0/0xa8 returned 0 after 104276 usecs
[   10.779236] calling  xhci_hcd_init+0x0/0x1e @ 1
[   10.786468] initcall xhci_hcd_init+0x0/0x1e returned 0 after 62 usecs
[   10.796553] calling  xhci_pci_init+0x0/0x49 @ 1
[   10.803609] initcall xhci_pci_init+0x0/0x49 returned 0 after 226 usecs
[   10.813629] calling  usblp_driver_init+0x0/0x15 @ 1
[   10.821910] usbcore: registered new interface driver usblp
[   10.831725] initcall usblp_driver_init+0x0/0x15 returned 0 after 9987 usecs
[   10.843451] calling  usb_storage_driver_init+0x0/0x2a @ 1
[   10.853613] usbcore: registered new interface driver usb-storage
[   10.861988] initcall usb_storage_driver_init+0x0/0x2a returned 0 after 8367 usecs
[   10.871939] calling  i8042_init+0x0/0x4c2 @ 1
[   10.878782] i8042: PNP: PS/2 Controller [PNP0303:KBD,PNP0f13:MOU] at 0x60,0x64 irq 1,12
[   10.904612] sr 2:0:0:0: [sr0] scsi3-mmc drive: 4x/4x cd/rw xa/form2 tray
[   10.908400] serio: i8042 KBD port at 0x60,0x64 irq 1
[   10.916293] cdrom: Uniform CD-ROM driver Revision: 3.20
[   10.923783] serio: i8042 AUX port at 0x60,0x64 irq 12
[   10.938406] initcall i8042_init+0x0/0x4c2 returned 0 after 58683 usecs
[   10.947038] calling  serport_init+0x0/0x2c @ 1
[   10.953048] initcall serport_init+0x0/0x2c returned 0 after 1 usecs
[   10.965655] calling  input_leds_init+0x0/0xc @ 1
[   10.972186] initcall input_leds_init+0x0/0xc returned 0 after 2 usecs
[   10.981808] calling  evdev_init+0x0/0xc @ 1
[   10.991739] initcall evdev_init+0x0/0xc returned 0 after 4113 usecs
[   11.000927] calling  atkbd_init+0x0/0x21 @ 1
[   11.007556] initcall atkbd_init+0x0/0x21 returned 0 after 450 usecs
[   11.016226] calling  psmouse_init+0x0/0x7f @ 1
[   11.022906] initcall psmouse_init+0x0/0x7f returned 0 after 557 usecs
[   11.032420] calling  cmos_init+0x0/0x73 @ 1
[   11.039551] rtc_cmos 00:04: RTC can wake from S4
[   11.058811] input: AT Translated Set 2 keyboard as /devices/platform/i8042/serio0/input/input1
[   11.059534] rtc_cmos 00:04: registered as rtc0
[   11.060645] sr 2:0:0:0: Attached scsi CD-ROM sr0
[   11.061649] sr 2:0:0:0: Attached scsi generic sg0 type 5
[   11.096169] rtc_cmos 00:04: alarms up to one day, y3k, 242 bytes nvram, hpet irqs
[   11.110435] initcall cmos_init+0x0/0x73 returned 0 after 70026 usecs
[   11.122031] calling  smbalert_driver_init+0x0/0xe @ 1
[   11.131571] initcall smbalert_driver_init+0x0/0xe returned 0 after 311 usecs
[   11.144789] calling  i2c_i801_init+0x0/0xc5 @ 1
[   11.160989] i801_smbus 0000:00:1f.3: SMBus using PCI interrupt
[   11.171716] i2c i2c-0: 1/1 memory slots populated (from DMI)
[   11.181782] i2c i2c-0: Memory type 0x07 not supported yet, not instantiating SPD
[   11.194678] initcall i2c_i801_init+0x0/0xc5 returned 0 after 40526 usecs
[   11.206106] calling  ptp_kvm_init+0x0/0xf0 @ 1
[   11.219996] initcall ptp_kvm_init+0x0/0xf0 returned 0 after 5429 usecs
[   11.230341] calling  dm_init+0x0/0x3c @ 1
[   11.239934] device-mapper: ioctl: 4.43.0-ioctl (2020-10-01) initialised: dm-devel@redhat.com
[   11.253961] initcall dm_init+0x0/0x3c returned 0 after 16654 usecs
[   11.263959] calling  dm_mirror_init+0x0/0x29 @ 1
[   11.271185] initcall dm_mirror_init+0x0/0x29 returned 0 after 25 usecs
[   11.281333] calling  dm_dirty_log_init+0x0/0x4f @ 1
[   11.290934] initcall dm_dirty_log_init+0x0/0x4f returned 0 after 1 usecs
[   11.302899] calling  dm_zero_init+0x0/0x29 @ 1
[   11.311027] initcall dm_zero_init+0x0/0x29 returned 0 after 49 usecs
[   11.320966] calling  intel_pstate_init+0x0/0x510 @ 1
[   11.328708] intel_pstate: CPU model not supported
[   11.336749] initcall intel_pstate_init+0x0/0x510 returned -19 after 7938 usecs
[   11.347073] calling  haltpoll_init+0x0/0xc0 @ 1
[   11.354366] initcall haltpoll_init+0x0/0xc0 returned -19 after 35 usecs
[   11.365467] calling  efivars_sysfs_init+0x0/0x30 @ 1
[   11.374389] initcall efivars_sysfs_init+0x0/0x30 returned 0 after 1 usecs
[   11.384412] calling  esrt_sysfs_init+0x0/0x2a2 @ 1
[   11.391858] initcall esrt_sysfs_init+0x0/0x2a2 returned -38 after 79 usecs
[   11.404596] calling  hid_init+0x0/0x5c @ 1
[   11.411706] hid: raw HID events driver (C) Jiri Kosina
[   11.419408] initcall hid_init+0x0/0x5c returned 0 after 7864 usecs
[   11.429421] calling  hid_generic_init+0x0/0x15 @ 1
[   11.438989] initcall hid_generic_init+0x0/0x15 returned 0 after 283 usecs
[   11.450548] calling  a4_driver_init+0x0/0x15 @ 1
[   11.458660] initcall a4_driver_init+0x0/0x15 returned 0 after 30 usecs
[   11.468389] calling  apple_driver_init+0x0/0x15 @ 1
[   11.475231] initcall apple_driver_init+0x0/0x15 returned 0 after 45 usecs
[   11.484431] calling  belkin_driver_init+0x0/0x15 @ 1
[   11.491989] initcall belkin_driver_init+0x0/0x15 returned 0 after 25 usecs
[   11.502083] calling  ch_driver_init+0x0/0x15 @ 1
[   11.509123] initcall ch_driver_init+0x0/0x15 returned 0 after 26 usecs
[   11.519099] calling  ch_driver_init+0x0/0x15 @ 1
[   11.526646] initcall ch_driver_init+0x0/0x15 returned 0 after 30 usecs
[   11.535909] calling  cp_driver_init+0x0/0x15 @ 1
[   11.542440] initcall cp_driver_init+0x0/0x15 returned 0 after 57 usecs
[   11.552186] calling  ez_driver_init+0x0/0x15 @ 1
[   11.559134] initcall ez_driver_init+0x0/0x15 returned 0 after 25 usecs
[   11.568783] calling  gyration_driver_init+0x0/0x15 @ 1
[   11.576088] initcall gyration_driver_init+0x0/0x15 returned 0 after 25 usecs
[   11.586176] calling  ite_driver_init+0x0/0x15 @ 1
[   11.593463] initcall ite_driver_init+0x0/0x15 returned 0 after 263 usecs
[   11.603234] calling  ks_driver_init+0x0/0x15 @ 1
[   11.609771] initcall ks_driver_init+0x0/0x15 returned 0 after 23 usecs
[   11.618635] calling  lg_driver_init+0x0/0x15 @ 1
[   11.625577] initcall lg_driver_init+0x0/0x15 returned 0 after 76 usecs
[   11.635067] calling  lg_g15_driver_init+0x0/0x15 @ 1
[   11.642424] initcall lg_g15_driver_init+0x0/0x15 returned 0 after 60 usecs
[   11.652187] calling  ms_driver_init+0x0/0x15 @ 1
[   11.658461] initcall ms_driver_init+0x0/0x15 returned 0 after 18 usecs
[   11.667391] calling  mr_driver_init+0x0/0x15 @ 1
[   11.673906] initcall mr_driver_init+0x0/0x15 returned 0 after 24 usecs
[   11.682916] calling  ntrig_driver_init+0x0/0x15 @ 1
[   11.690084] initcall ntrig_driver_init+0x0/0x15 returned 0 after 38 usecs
[   11.700299] calling  pl_driver_init+0x0/0x15 @ 1
[   11.707201] initcall pl_driver_init+0x0/0x15 returned 0 after 23 usecs
[   11.718062] calling  pl_driver_init+0x0/0x15 @ 1
[   11.724665] initcall pl_driver_init+0x0/0x15 returned 0 after 22 usecs
[   11.734344] calling  redragon_driver_init+0x0/0x15 @ 1
[   11.742720] initcall redragon_driver_init+0x0/0x15 returned 0 after 205 usecs
[   11.754421] calling  samsung_driver_init+0x0/0x15 @ 1
[   11.763122] initcall samsung_driver_init+0x0/0x15 returned 0 after 36 usecs
[   11.773400] calling  sony_init+0x0/0x38 @ 1
[   11.780316] initcall sony_init+0x0/0x38 returned 0 after 31 usecs
[   11.789658] calling  sp_driver_init+0x0/0x15 @ 1
[   11.797023] initcall sp_driver_init+0x0/0x15 returned 0 after 81 usecs
[   11.807089] calling  ts_driver_init+0x0/0x15 @ 1
[   11.814766] initcall ts_driver_init+0x0/0x15 returned 0 after 28 usecs
[   11.824509] calling  hid_init+0x0/0x58 @ 1
[   11.830860] usbcore: registered new interface driver usbhid
[   11.839457] usbhid: USB HID core driver
[   11.845562] initcall hid_init+0x0/0x58 returned 0 after 14414 usecs
[   11.854855] calling  eeepc_laptop_init+0x0/0x57 @ 1
[   11.862411] initcall eeepc_laptop_init+0x0/0x57 returned -19 after 233 usecs
[   11.873153] calling  pmc_atom_init+0x0/0x27a @ 1
[   11.880258] initcall pmc_atom_init+0x0/0x27a returned -19 after 7 usecs
[   11.889765] calling  alsa_hwdep_init+0x0/0x5e @ 1
[   11.896548] initcall alsa_hwdep_init+0x0/0x5e returned 0 after 65 usecs
[   11.906119] calling  alsa_timer_init+0x0/0x1f0 @ 1
[   11.915939] initcall alsa_timer_init+0x0/0x1f0 returned 0 after 2562 usecs
[   11.926594] calling  snd_hrtimer_init+0x0/0x117 @ 1
[   11.933394] initcall snd_hrtimer_init+0x0/0x117 returned 0 after 3 usecs
[   11.942522] calling  alsa_pcm_init+0x0/0x64 @ 1
[   11.949141] initcall alsa_pcm_init+0x0/0x64 returned 0 after 9 usecs
[   11.958224] calling  alsa_seq_init+0x0/0x4a @ 1
[   11.965951] initcall alsa_seq_init+0x0/0x4a returned 0 after 746 usecs
[   11.975864] calling  alsa_seq_dummy_init+0x0/0x9c @ 1
[   11.984426] initcall alsa_seq_dummy_init+0x0/0x9c returned 0 after 10 usecs
[   11.994775] calling  azx_driver_init+0x0/0x15 @ 1
[   12.002143] initcall azx_driver_init+0x0/0x15 returned 0 after 357 usecs
[   12.012471] calling  sock_diag_init+0x0/0x2a @ 1
[   12.019679] initcall sock_diag_init+0x0/0x2a returned 0 after 283 usecs
[   12.029716] calling  blackhole_init+0x0/0xc @ 1
[   12.036704] initcall blackhole_init+0x0/0xc returned 0 after 2 usecs
[   12.047094] calling  nfnetlink_init+0x0/0x57 @ 1
[   12.054825] initcall nfnetlink_init+0x0/0x57 returned 0 after 293 usecs
[   12.064526] calling  nfnetlink_log_init+0x0/0x99 @ 1
[   12.072074] initcall nfnetlink_log_init+0x0/0x99 returned 0 after 168 usecs
[   12.082638] calling  nf_conntrack_standalone_init+0x0/0x87 @ 1
[   12.093164] initcall nf_conntrack_standalone_init+0x0/0x87 returned 0 after 1451 usecs
[   12.104448] calling  ctnetlink_init+0x0/0x83 @ 1
[   12.111465] initcall ctnetlink_init+0x0/0x83 returned 0 after 145 usecs
[   12.120994] calling  nf_conntrack_ftp_init+0x0/0x12c @ 1
[   12.128868] initcall nf_conntrack_ftp_init+0x0/0x12c returned 0 after 87 usecs
[   12.139602] calling  nf_conntrack_irc_init+0x0/0x129 @ 1
[   12.147329] initcall nf_conntrack_irc_init+0x0/0x129 returned 0 after 141 usecs
[   12.157656] calling  nf_conntrack_sip_init+0x0/0x172 @ 1
[   12.165200] initcall nf_conntrack_sip_init+0x0/0x172 returned 0 after 9 usecs
[   12.175482] calling  nf_nat_init+0x0/0xd2 @ 1
[   12.182936] initcall nf_nat_init+0x0/0xd2 returned 0 after 1036 usecs
[   12.191977] calling  nf_nat_ftp_init+0x0/0x2a @ 1
[   12.199443] initcall nf_nat_ftp_init+0x0/0x2a returned 0 after 1 usecs
[   12.208548] calling  nf_nat_irc_init+0x0/0x2a @ 1
[   12.215094] initcall nf_nat_irc_init+0x0/0x2a returned 0 after 1 usecs
[   12.225591] calling  nf_nat_sip_init+0x0/0x36 @ 1
[   12.232164] initcall nf_nat_sip_init+0x0/0x36 returned 0 after 1 usecs
[   12.241591] calling  xt_init+0x0/0xf8 @ 1
[   12.247185] initcall xt_init+0x0/0xf8 returned 0 after 5 usecs
[   12.255431] calling  tcpudp_mt_init+0x0/0x11 @ 1
[   12.262031] initcall tcpudp_mt_init+0x0/0x11 returned 0 after 40 usecs
[   12.270791] calling  connsecmark_tg_init+0x0/0xc @ 1
[   12.277612] initcall connsecmark_tg_init+0x0/0xc returned 0 after 1 usecs
[   12.286769] calling  nflog_tg_init+0x0/0xc @ 1
[   12.293368] initcall nflog_tg_init+0x0/0xc returned 0 after 132 usecs
[   12.302020] calling  secmark_tg_init+0x0/0x11 @ 1
[   12.308221] initcall secmark_tg_init+0x0/0x11 returned 0 after 1 usecs
[   12.316869] calling  tcpmss_tg_init+0x0/0x11 @ 1
[   12.323013] initcall tcpmss_tg_init+0x0/0x11 returned 0 after 1 usecs
[   12.331500] calling  conntrack_mt_init+0x0/0x11 @ 1
[   12.338103] initcall conntrack_mt_init+0x0/0x11 returned 0 after 1 usecs
[   12.347058] calling  policy_mt_init+0x0/0x11 @ 1
[   12.353611] initcall policy_mt_init+0x0/0x11 returned 0 after 1 usecs
[   12.364666] calling  state_mt_init+0x0/0xc @ 1
[   12.372325] initcall state_mt_init+0x0/0xc returned 0 after 1 usecs
[   12.381283] calling  gre_offload_init+0x0/0x48 @ 1
[   12.388866] initcall gre_offload_init+0x0/0x48 returned 0 after 194 usecs
[   12.398844] calling  sysctl_ipv4_init+0x0/0x46 @ 1
[   12.406724] initcall sysctl_ipv4_init+0x0/0x46 returned 0 after 1378 usecs
[   12.416142] calling  tunnel4_init+0x0/0x58 @ 1
