c[?7l[2J[0mSeaBIOS (version 1.16.0-debian-1.16.0-4)
Booting from ROM...
early console in setup code
c[?7l[2J[    0.000000] Linux version 5.10.152+ (root@joelboxx.c.googlers.com) (gcc (Debian 12.2.0-3) 12.2.0, GNU ld (GNU Binutils for Debian) 2.39) #5 SMP PREEMPT Tue Dec 13 08:12:05 UTC 2022
[    0.000000] Command line: selinux=0 initcall_debug debug console=ttyS0 rcutorture.onoff_interval=1000 rcutorture.onoff_holdoff=30 rcutorture.n_barrier_cbs=4 rcutorture.stat_interval=15 rcutorture.shutdown_secs=1800 rcutorture.test_no_idle_hz=1 rcutorture.verbose=1
[    0.000000] x86/fpu: x87 FPU will use FXSAVE
[    0.000000] BIOS-provided physical RAM map:
[    0.000000] BIOS-e820: [mem 0x0000000000000000-0x000000000009fbff] usable
[    0.000000] BIOS-e820: [mem 0x000000000009fc00-0x000000000009ffff] reserved
[    0.000000] BIOS-e820: [mem 0x00000000000f0000-0x00000000000fffff] reserved
[    0.000000] BIOS-e820: [mem 0x0000000000100000-0x000000001ffdefff] usable
[    0.000000] BIOS-e820: [mem 0x000000001ffdf000-0x000000001fffffff] reserved
[    0.000000] BIOS-e820: [mem 0x00000000b0000000-0x00000000bfffffff] reserved
[    0.000000] BIOS-e820: [mem 0x00000000fed1c000-0x00000000fed1ffff] reserved
[    0.000000] BIOS-e820: [mem 0x00000000feffc000-0x00000000feffffff] reserved
[    0.000000] BIOS-e820: [mem 0x00000000fffc0000-0x00000000ffffffff] reserved
[    0.000000] NX (Execute Disable) protection: active
[    0.000000] SMBIOS 2.8 present.
[    0.000000] DMI: QEMU Standard PC (Q35 + ICH9, 2009), BIOS 1.16.0-debian-1.16.0-4 04/01/2014
[    0.000000] Hypervisor detected: KVM
[    0.000000] kvm-clock: Using msrs 4b564d01 and 4b564d00
[    0.000000] kvm-clock: cpu 0, msr 7323001, primary cpu clock
[    0.000062] kvm-clock: using sched offset of 2342699285 cycles
[    0.000322] clocksource: kvm-clock: mask: 0xffffffffffffffff max_cycles: 0x1cd42e4dffb, max_idle_ns: 881590591483 ns
[    0.000734] tsc: Detected 1999.999 MHz processor
[    0.008776] e820: update [mem 0x00000000-0x00000fff] usable ==> reserved
[    0.008784] e820: remove [mem 0x000a0000-0x000fffff] usable
[    0.008793] last_pfn = 0x1ffdf max_arch_pfn = 0x400000000
[    0.009701] MTRR default type: write-back
[    0.009758] MTRR fixed ranges enabled:
[    0.009761]   00000-9FFFF write-back
[    0.009763]   A0000-BFFFF uncachable
[    0.009765]   C0000-FFFFF write-protect
[    0.009831] MTRR variable ranges enabled:
[    0.009834]   0 base 00C0000000 mask FFC0000000 uncachable
[    0.009836]   1 disabled
[    0.009838]   2 disabled
[    0.009839]   3 disabled
[    0.009841]   4 disabled
[    0.009843]   5 disabled
[    0.009844]   6 disabled
[    0.009846]   7 disabled
[    0.010265] x86/PAT: Configuration [0-7]: WB  WC  UC- UC  WB  WC  UC- UC  
[    0.019369] found SMP MP-table at [mem 0x000f5ba0-0x000f5baf]
[    0.022153] check: Scanning 1 areas for low memory corruption
[    0.038340] ACPI: Early table checksum verification disabled
[    0.040197] ACPI: RSDP 0x00000000000F59E0 000014 (v00 BOCHS )
[    0.040732] ACPI: RSDT 0x000000001FFE252A 000038 (v01 BOCHS  BXPC     00000001 BXPC 00000001)
[    0.041096] ACPI: FACP 0x000000001FFE22EA 0000F4 (v03 BOCHS  BXPC     00000001 BXPC 00000001)
[    0.041235] ACPI: DSDT 0x000000001FFE0040 0022AA (v01 BOCHS  BXPC     00000001 BXPC 00000001)
[    0.041319] ACPI: FACS 0x000000001FFE0000 000040
[    0.041411] ACPI: APIC 0x000000001FFE23DE 0000B0 (v01 BOCHS  BXPC     00000001 BXPC 00000001)
[    0.041418] ACPI: HPET 0x000000001FFE248E 000038 (v01 BOCHS  BXPC     00000001 BXPC 00000001)
[    0.041424] ACPI: MCFG 0x000000001FFE24C6 00003C (v01 BOCHS  BXPC     00000001 BXPC 00000001)
[    0.041430] ACPI: WAET 0x000000001FFE2502 000028 (v01 BOCHS  BXPC     00000001 BXPC 00000001)
[    0.041436] ACPI: Reserving FACP table memory at [mem 0x1ffe22ea-0x1ffe23dd]
[    0.041439] ACPI: Reserving DSDT table memory at [mem 0x1ffe0040-0x1ffe22e9]
[    0.041522] ACPI: Reserving FACS table memory at [mem 0x1ffe0000-0x1ffe003f]
[    0.041524] ACPI: Reserving APIC table memory at [mem 0x1ffe23de-0x1ffe248d]
[    0.041526] ACPI: Reserving HPET table memory at [mem 0x1ffe248e-0x1ffe24c5]
[    0.041529] ACPI: Reserving MCFG table memory at [mem 0x1ffe24c6-0x1ffe2501]
[    0.041531] ACPI: Reserving WAET table memory at [mem 0x1ffe2502-0x1ffe2529]
[    0.042772] ACPI: Local APIC address 0xfee00000
[    0.047988] No NUMA configuration found
[    0.047992] Faking a node at [mem 0x0000000000000000-0x000000001ffdefff]
[    0.048221] NODE_DATA(0) allocated [mem 0x1ffdb000-0x1ffdefff]
[    0.050513] Zone ranges:
[    0.050701]   DMA      [mem 0x0000000000001000-0x0000000000ffffff]
[    0.050785]   DMA32    [mem 0x0000000001000000-0x000000001ffdefff]
[    0.050841]   Normal   empty
[    0.050844] Movable zone start for each node
[    0.050846] Early memory node ranges
[    0.050848]   node   0: [mem 0x0000000000001000-0x000000000009efff]
[    0.050940]   node   0: [mem 0x0000000000100000-0x000000001ffdefff]
[    0.051084] Initmem setup node 0 [mem 0x0000000000001000-0x000000001ffdefff]
[    0.051154] On node 0 totalpages: 130941
[    0.051317]   DMA zone: 64 pages used for memmap
[    0.051319]   DMA zone: 21 pages reserved
[    0.051400]   DMA zone: 3998 pages, LIFO batch:0
[    0.051402]   DMA32 zone: 1984 pages used for memmap
[    0.051404]   DMA32 zone: 126943 pages, LIFO batch:31
[    0.052625] On node 0, zone DMA: 1 pages in unavailable ranges
[    0.057325] On node 0, zone DMA: 97 pages in unavailable ranges
[    0.195498] On node 0, zone DMA32: 33 pages in unavailable ranges
[    0.199249] ACPI: PM-Timer IO Port: 0x608
[    0.199254] ACPI: Local APIC address 0xfee00000
[    0.199492] ACPI: LAPIC_NMI (acpi_id[0xff] dfl dfl lint[0x1])
[    0.200780] IOAPIC[0]: apic_id 0, version 17, address 0xfec00000, GSI 0-23
[    0.200834] ACPI: INT_SRC_OVR (bus 0 bus_irq 0 global_irq 2 dfl dfl)
[    0.200892] ACPI: INT_SRC_OVR (bus 0 bus_irq 5 global_irq 5 high level)
[    0.200894] ACPI: INT_SRC_OVR (bus 0 bus_irq 9 global_irq 9 high level)
[    0.201033] ACPI: INT_SRC_OVR (bus 0 bus_irq 10 global_irq 10 high level)
[    0.201035] ACPI: INT_SRC_OVR (bus 0 bus_irq 11 global_irq 11 high level)
[    0.201038] ACPI: IRQ0 used by override.
[    0.201040] ACPI: IRQ5 used by override.
[    0.201042] ACPI: IRQ9 used by override.
[    0.201044] ACPI: IRQ10 used by override.
[    0.201087] ACPI: IRQ11 used by override.
[    0.201092] Using ACPI (MADT) for SMP configuration information
[    0.201117] ACPI: HPET id: 0x8086a201 base: 0xfed00000
[    0.201596] smpboot: Allowing 8 CPUs, 0 hotplug CPUs
[    0.203804] PM: hibernation: Registered nosave memory: [mem 0x00000000-0x00000fff]
[    0.203808] PM: hibernation: Registered nosave memory: [mem 0x0009f000-0x0009ffff]
[    0.203810] PM: hibernation: Registered nosave memory: [mem 0x000a0000-0x000effff]
[    0.203878] PM: hibernation: Registered nosave memory: [mem 0x000f0000-0x000fffff]
[    0.203883] [mem 0x20000000-0xafffffff] available for PCI devices
[    0.203942] Booting paravirtualized kernel on KVM
[    0.204970] clocksource: refined-jiffies: mask: 0xffffffff max_cycles: 0xffffffff, max_idle_ns: 1910969940391419 ns
[    0.248668] setup_percpu: NR_CPUS:8 nr_cpumask_bits:8 nr_cpu_ids:8 nr_node_ids:1
[    0.296348] percpu: Embedded 58 pages/cpu s197776 r8192 d31600 u262144
[    0.296413] pcpu-alloc: s197776 r8192 d31600 u262144 alloc=1*2097152
[    0.296457] pcpu-alloc: [0] 0 1 2 3 4 5 6 7 
[    0.296894] kvm-guest: stealtime: cpu 0, msr 1f41bac0
[    0.297406] Built 1 zonelists, mobility grouping on.  Total pages: 128872
[    0.297409] Policy zone: DMA32
[    0.297530] Kernel command line: selinux=0 initcall_debug debug console=ttyS0 rcutorture.onoff_interval=1000 rcutorture.onoff_holdoff=30 rcutorture.n_barrier_cbs=4 rcutorture.stat_interval=15 rcutorture.shutdown_secs=1800 rcutorture.test_no_idle_hz=1 rcutorture.verbose=1
[    0.312530] Dentry cache hash table entries: 65536 (order: 7, 524288 bytes, linear)
[    0.316400] Inode-cache hash table entries: 32768 (order: 6, 262144 bytes, linear)
[    0.317505] mem auto-init: stack:all(zero), heap alloc:off, heap free:off
[    0.324014] Memory: 471528K/523764K available (16397K kernel code, 2793K rwdata, 4784K rodata, 1556K init, 7148K bss, 51976K reserved, 0K cma-reserved)
[    0.324830] SLUB: HWalign=64, Order=0-3, MinObjects=0, CPUs=8, Nodes=1
[    0.326719] Kernel/User page tables isolation: enabled
[    0.335346] rcu: Preemptible hierarchical RCU implementation.
[    0.335350] rcu: 	CONFIG_RCU_FANOUT set to non-default value of 3.
[    0.335352] rcu: 	Build-time adjustment of leaf fanout to 3.
[    0.335729] rcu: 	RCU callback double-/use-after-free debug enabled.
[    0.335733] 	Trampoline variant of Tasks RCU enabled.
[    0.335735] 	Rude variant of Tasks RCU enabled.
[    0.335737] 	Tracing variant of Tasks RCU enabled.
[    0.335840] rcu: RCU calculated value of scheduler-enlistment delay is 100 jiffies.
[    0.355288] NR_IRQS: 4352, nr_irqs: 488, preallocated irqs: 16
[    0.359016] calling  con_init+0x0/0x24f @ 0
[    0.509839] Console: colour VGA+ 80x25
[    0.509852] initcall con_init+0x0/0x24f returned 0 after 0 usecs
[    0.509855] calling  hvc_console_init+0x0/0x13 @ 0
[    0.509913] initcall hvc_console_init+0x0/0x13 returned 0 after 0 usecs
[    0.509915] calling  univ8250_console_init+0x0/0x26 @ 0
[    1.457925] printk: console [ttyS0] enabled
[    1.462610] initcall univ8250_console_init+0x0/0x26 returned 0 after 0 usecs
[    1.470439] Lock dependency validator: Copyright (c) 2006 Red Hat, Inc., Ingo Molnar
[    1.478964] ... MAX_LOCKDEP_SUBCLASSES:  8
[    1.483541] ... MAX_LOCK_DEPTH:          48
[    1.488201] ... MAX_LOCKDEP_KEYS:        8192
[    1.493334] ... CLASSHASH_SIZE:          4096
[    1.498209] ... MAX_LOCKDEP_ENTRIES:     32768
[    1.503393] ... MAX_LOCKDEP_CHAINS:      65536
[    1.508291] ... CHAINHASH_SIZE:          32768
[    1.513384]  memory used by lock dependency info: 3637 kB
[    1.519462]  per task-struct memory footprint: 1920 bytes
[    1.525664] ACPI: Core revision 20200925
[    1.531407] clocksource: hpet: mask: 0xffffffff max_cycles: 0xffffffff, max_idle_ns: 19112604467 ns
[    1.542617] APIC: Switch to symmetric I/O mode setup
[    1.564674] ..TIMER: vector=0x30 apic1=0 pin1=2 apic2=-1 pin2=-1
[    1.572304] clocksource: tsc-early: mask: 0xffffffffffffffff max_cycles: 0x39a85afc727, max_idle_ns: 881590685098 ns
[    1.584711] Calibrating delay loop (skipped) preset value.. 3999.99 BogoMIPS (lpj=1999999)
[    1.585698] pid_max: default: 32768 minimum: 301
[    1.586845] LSM: Security Framework initializing
[    1.587894] Mount-cache hash table entries: 1024 (order: 1, 8192 bytes, linear)
[    1.588728] Mountpoint-cache hash table entries: 1024 (order: 1, 8192 bytes, linear)
[    1.598281] Last level iTLB entries: 4KB 0, 2MB 0, 4MB 0
[    1.598697] Last level dTLB entries: 4KB 0, 2MB 0, 4MB 0, 1GB 0
[    1.599747] Spectre V1 : Mitigation: usercopy/swapgs barriers and __user pointer sanitization
[    1.600702] Spectre V2 : Mitigation: Retpolines
[    1.601698] Spectre V2 : Spectre v2 / SpectreRSB mitigation: Filling RSB on context switch
[    1.602698] Spectre V2 : Spectre v2 / SpectreRSB : Filling RSB on VMEXIT
[    1.603702] Speculative Store Bypass: Vulnerable
[    1.604705] MDS: Vulnerable: Clear CPU buffers attempted, no microcode
[    1.605697] MMIO Stale Data: Unknown: No mitigations
[    1.675026] Freeing SMP alternatives memory: 40K
[    1.780692] smpboot: CPU0: Intel Common KVM processor (family: 0xf, model: 0x6, stepping: 0x1)
[    1.782937] calling  init_hw_perf_events+0x0/0x6ce @ 1
[    1.783728] Performance Events: unsupported Netburst CPU model 6 no PMU driver, software events only.
[    1.784703] initcall init_hw_perf_events+0x0/0x6ce returned 0 after 976 usecs
[    1.785700] calling  init_real_mode+0x0/0x1e9 @ 1
[    1.787743] initcall init_real_mode+0x0/0x1e9 returned 0 after 976 usecs
[    1.788702] calling  trace_init_perf_perm_irq_work_exit+0x0/0x12 @ 1
[    1.789702] initcall trace_init_perf_perm_irq_work_exit+0x0/0x12 returned 0 after 0 usecs
[    1.790718] calling  validate_x2apic+0x0/0x4a @ 1
[    1.791727] initcall validate_x2apic+0x0/0x4a returned 0 after 0 usecs
[    1.792699] calling  register_nmi_cpu_backtrace_handler+0x0/0x15 @ 1
[    1.793710] initcall register_nmi_cpu_backtrace_handler+0x0/0x15 returned 0 after 0 usecs
[    1.794700] calling  kvm_setup_vsyscall_timeinfo+0x0/0xce @ 1
[    1.795699] initcall kvm_setup_vsyscall_timeinfo+0x0/0xce returned 0 after 0 usecs
[    1.796729] calling  spawn_ksoftirqd+0x0/0x38 @ 1
[    1.797872] initcall spawn_ksoftirqd+0x0/0x38 returned 0 after 0 usecs
[    1.798700] calling  migration_init+0x0/0x31 @ 1
[    1.799698] initcall migration_init+0x0/0x31 returned 0 after 0 usecs
[    1.800727] calling  srcu_bootup_announce+0x0/0x2f @ 1
[    1.801705] rcu: Hierarchical SRCU implementation.
[    1.802698] initcall srcu_bootup_announce+0x0/0x2f returned 0 after 976 usecs
[    1.803698] calling  rcu_spawn_gp_kthread+0x0/0x1b0 @ 1
[    1.804865] initcall rcu_spawn_gp_kthread+0x0/0x1b0 returned 0 after 0 usecs
[    1.805698] calling  check_cpu_stall_init+0x0/0x1a @ 1
[    1.806699] initcall check_cpu_stall_init+0x0/0x1a returned 0 after 0 usecs
[    1.807702] calling  rcu_sysrq_init+0x0/0x21 @ 1
[    1.808723] initcall rcu_sysrq_init+0x0/0x21 returned 0 after 0 usecs
[    1.809718] calling  trace_init_flags_sys_enter+0x0/0xe @ 1
[    1.810721] initcall trace_init_flags_sys_enter+0x0/0xe returned 0 after 0 usecs
[    1.811698] calling  trace_init_flags_sys_exit+0x0/0xe @ 1
[    1.812699] initcall trace_init_flags_sys_exit+0x0/0xe returned 0 after 0 usecs
[    1.813698] calling  cpu_stop_init+0x0/0x8d @ 1
[    1.814866] initcall cpu_stop_init+0x0/0x8d returned 0 after 0 usecs
[    1.815699] calling  init_kprobes+0x0/0x16e @ 1
[    1.818233] initcall init_kprobes+0x0/0x16e returned 0 after 976 usecs
[    1.818717] calling  init_events+0x0/0x3d @ 1
[    1.819709] initcall init_events+0x0/0x3d returned 0 after 0 usecs
[    1.820697] calling  init_trace_printk+0x0/0xc @ 1
[    1.821698] initcall init_trace_printk+0x0/0xc returned 0 after 0 usecs
[    1.822696] calling  event_trace_enable_again+0x0/0x23 @ 1
[    1.823698] initcall event_trace_enable_again+0x0/0x23 returned 0 after 0 usecs
[    1.824697] calling  static_call_init+0x0/0x79 @ 1
[    1.825697] initcall static_call_init+0x0/0x79 returned 0 after 0 usecs
[    1.826697] calling  jump_label_init_module+0x0/0xc @ 1
[    1.827698] initcall jump_label_init_module+0x0/0xc returned 0 after 0 usecs
[    1.828697] calling  init_zero_pfn+0x0/0x37 @ 1
[    1.829697] initcall init_zero_pfn+0x0/0x37 returned 0 after 0 usecs
[    1.831721] calling  initialize_ptr_random+0x0/0x54 @ 1
[    1.832710] initcall initialize_ptr_random+0x0/0x54 returned 0 after 0 usecs
[    1.833718] calling  efi_memreserve_root_init+0x0/0x25 @ 1
[    1.834714] initcall efi_memreserve_root_init+0x0/0x25 returned 0 after 0 usecs
[    1.835698] calling  efi_earlycon_remap_fb+0x0/0x51 @ 1
[    1.836706] initcall efi_earlycon_remap_fb+0x0/0x51 returned 0 after 0 usecs
[    1.839784] smp: Bringing up secondary CPUs ...
[    1.841726] x86: Booting SMP configuration:
[    1.842722] .... node  #0, CPUs:      #1
[    1.225663] kvm-clock: cpu 1, msr 7323041, secondary cpu clock
[    1.870855] kvm-guest: stealtime: cpu 1, msr 1f45bac0
[    1.884715]  #2
[    1.225663] kvm-clock: cpu 2, msr 7323081, secondary cpu clock
[    1.906876] kvm-guest: stealtime: cpu 2, msr 1f49bac0
[    1.921008]  #3
[    1.225663] kvm-clock: cpu 3, msr 73230c1, secondary cpu clock
[    1.942874] kvm-guest: stealtime: cpu 3, msr 1f4dbac0
[    1.957196]  #4
[    1.225663] kvm-clock: cpu 4, msr 7323101, secondary cpu clock
[    1.978849] kvm-guest: stealtime: cpu 4, msr 1f51bac0
[    1.992705]  #5
[    1.225663] kvm-clock: cpu 5, msr 7323141, secondary cpu clock
[    2.014693] kvm-guest: stealtime: cpu 5, msr 1f55bac0
[    2.028710]  #6
[    1.225663] kvm-clock: cpu 6, msr 7323181, secondary cpu clock
[    2.052874] kvm-guest: stealtime: cpu 6, msr 1f59bac0
[    2.067705]  #7
[    1.225663] kvm-clock: cpu 7, msr 73231c1, secondary cpu clock
[    2.089965] kvm-guest: stealtime: cpu 7, msr 1f5dbac0
[    2.104613] smp: Brought up 1 node, 8 CPUs
[    2.105705] smpboot: Max logical packages: 1
[    2.106698] smpboot: Total of 8 processors activated (31999.98 BogoMIPS)
[    2.112699] devtmpfs: initialized
[    2.114744] calling  ipc_ns_init+0x0/0x3d @ 1
[    2.115787] initcall ipc_ns_init+0x0/0x3d returned 0 after 0 usecs
[    2.116702] calling  init_mmap_min_addr+0x0/0x21 @ 1
[    2.117703] initcall init_mmap_min_addr+0x0/0x21 returned 0 after 0 usecs
[    2.118705] calling  pci_realloc_setup_params+0x0/0x3f @ 1
[    2.119701] initcall pci_realloc_setup_params+0x0/0x3f returned 0 after 0 usecs
[    2.120703] calling  net_ns_init+0x0/0x140 @ 1
[    2.122781] initcall net_ns_init+0x0/0x140 returned 0 after 976 usecs
[    2.123721] calling  e820__register_nvs_regions+0x0/0x37 @ 1
[    2.124701] initcall e820__register_nvs_regions+0x0/0x37 returned 0 after 0 usecs
[    2.126700] calling  cpufreq_register_tsc_scaling+0x0/0x2e @ 1
[    2.128700] initcall cpufreq_register_tsc_scaling+0x0/0x2e returned 0 after 0 usecs
[    2.130698] calling  reboot_init+0x0/0x3c @ 1
[    2.131807] initcall reboot_init+0x0/0x3c returned 0 after 0 usecs
[    2.132700] calling  init_lapic_sysfs+0x0/0x20 @ 1
[    2.133700] initcall init_lapic_sysfs+0x0/0x20 returned 0 after 0 usecs
[    2.134699] calling  alloc_frozen_cpus+0x0/0x7 @ 1
[    2.135698] initcall alloc_frozen_cpus+0x0/0x7 returned 0 after 0 usecs
[    2.136705] calling  cpu_hotplug_pm_sync_init+0x0/0x13 @ 1
[    2.137716] initcall cpu_hotplug_pm_sync_init+0x0/0x13 returned 0 after 0 usecs
[    2.138701] calling  wq_sysfs_init+0x0/0x2a @ 1
[    2.140719] initcall wq_sysfs_init+0x0/0x2a returned 0 after 976 usecs
[    2.141699] calling  ksysfs_init+0x0/0x92 @ 1
[    2.142719] initcall ksysfs_init+0x0/0x92 returned 0 after 0 usecs
[    2.143700] calling  schedutil_gov_init+0x0/0xc @ 1
[    2.144800] initcall schedutil_gov_init+0x0/0xc returned 0 after 0 usecs
[    2.145699] calling  pm_init+0x0/0x76 @ 1
[    2.146774] initcall pm_init+0x0/0x76 returned 0 after 0 usecs
[    2.147699] calling  pm_disk_init+0x0/0x13 @ 1
[    2.148777] initcall pm_disk_init+0x0/0x13 returned 0 after 0 usecs
[    2.149700] calling  swsusp_header_init+0x0/0x2b @ 1
[    2.150703] initcall swsusp_header_init+0x0/0x2b returned 0 after 0 usecs
[    2.151699] calling  rcu_set_runtime_mode+0x0/0x16 @ 1
[    2.152716] initcall rcu_set_runtime_mode+0x0/0x16 returned 0 after 0 usecs
[    2.153699] calling  init_jiffies_clocksource+0x0/0x13 @ 1
[    2.154699] clocksource: jiffies: mask: 0xffffffff max_cycles: 0xffffffff, max_idle_ns: 1911260446275000 ns
[    2.155707] initcall init_jiffies_clocksource+0x0/0x13 returned 0 after 976 usecs
[    2.156699] calling  futex_init+0x0/0x118 @ 1
[    2.157705] futex hash table entries: 2048 (order: 6, 262144 bytes, linear)
[    2.158806] initcall futex_init+0x0/0x118 returned 0 after 976 usecs
[    2.159700] calling  cgroup_wq_init+0x0/0x28 @ 1
[    2.160737] initcall cgroup_wq_init+0x0/0x28 returned 0 after 0 usecs
[    2.161701] calling  cgroup1_wq_init+0x0/0x28 @ 1
[    2.162714] initcall cgroup1_wq_init+0x0/0x28 returned 0 after 0 usecs
[    2.163698] calling  init_kprobe_trace_early+0x0/0x2a @ 1
[    2.164712] initcall init_kprobe_trace_early+0x0/0x2a returned 0 after 0 usecs
[    2.165701] calling  fsnotify_init+0x0/0x56 @ 1
[    2.166722] initcall fsnotify_init+0x0/0x56 returned 0 after 0 usecs
[    2.167701] calling  filelock_init+0x0/0xb3 @ 1
[    2.168722] initcall filelock_init+0x0/0xb3 returned 0 after 0 usecs
[    2.169699] calling  init_misc_binfmt+0x0/0x2c @ 1
[    2.170714] initcall init_misc_binfmt+0x0/0x2c returned 0 after 0 usecs
[    2.171698] calling  init_script_binfmt+0x0/0x15 @ 1
[    2.172699] initcall init_script_binfmt+0x0/0x15 returned 0 after 0 usecs
[    2.173699] calling  init_elf_binfmt+0x0/0x15 @ 1
[    2.174700] initcall init_elf_binfmt+0x0/0x15 returned 0 after 0 usecs
[    2.175698] calling  init_compat_elf_binfmt+0x0/0x15 @ 1
[    2.176699] initcall init_compat_elf_binfmt+0x0/0x15 returned 0 after 0 usecs
[    2.177698] calling  debugfs_init+0x0/0x5c @ 1
[    2.178818] initcall debugfs_init+0x0/0x5c returned 0 after 0 usecs
[    2.179697] calling  tracefs_init+0x0/0x3a @ 1
[    2.180705] initcall tracefs_init+0x0/0x3a returned 0 after 0 usecs
[    2.181698] calling  prandom_init_early+0x0/0x15d @ 1
[    2.183715] initcall prandom_init_early+0x0/0x15d returned 0 after 0 usecs
[    2.184864] calling  virtio_init+0x0/0x20 @ 1
[    2.185750] initcall virtio_init+0x0/0x20 returned 0 after 0 usecs
[    2.186701] calling  iommu_init+0x0/0x2a @ 1
[    2.187711] initcall iommu_init+0x0/0x2a returned 0 after 0 usecs
[    2.188698] calling  component_debug_init+0x0/0x1c @ 1
[    2.189818] initcall component_debug_init+0x0/0x1c returned 0 after 0 usecs
[    2.190700] calling  early_resume_init+0x0/0xb9 @ 1
[    2.192697] PM: RTC time: 08:31:08, date: 2022-12-13
[    2.193702] initcall early_resume_init+0x0/0xb9 returned 0 after 1953 usecs
[    2.194700] calling  cpufreq_core_init+0x0/0x62 @ 1
[    2.195709] initcall cpufreq_core_init+0x0/0x62 returned 0 after 0 usecs
[    2.196699] calling  cpufreq_gov_performance_init+0x0/0xc @ 1
[    2.197700] initcall cpufreq_gov_performance_init+0x0/0xc returned 0 after 0 usecs
[    2.198702] calling  cpufreq_gov_userspace_init+0x0/0xc @ 1
[    2.199702] initcall cpufreq_gov_userspace_init+0x0/0xc returned 0 after 0 usecs
[    2.200699] calling  CPU_FREQ_GOV_ONDEMAND_init+0x0/0xc @ 1
[    2.201719] initcall CPU_FREQ_GOV_ONDEMAND_init+0x0/0xc returned 0 after 0 usecs
[    2.202699] calling  cpuidle_init+0x0/0x1f @ 1
[    2.203742] initcall cpuidle_init+0x0/0x1f returned 0 after 0 usecs
[    2.204701] calling  capsule_reboot_register+0x0/0xc @ 1
[    2.205735] initcall capsule_reboot_register+0x0/0xc returned 0 after 0 usecs
[    2.206703] calling  sock_init+0x0/0x93 @ 1
[    2.208835] initcall sock_init+0x0/0x93 returned 0 after 976 usecs
[    2.209700] calling  net_inuse_init+0x0/0x23 @ 1
[    2.210722] initcall net_inuse_init+0x0/0x23 returned 0 after 0 usecs
[    2.212699] calling  net_defaults_init+0x0/0x23 @ 1
[    2.213699] initcall net_defaults_init+0x0/0x23 returned 0 after 0 usecs
[    2.214702] calling  init_default_flow_dissectors+0x0/0x4f @ 1
[    2.215758] initcall init_default_flow_dissectors+0x0/0x4f returned 0 after 0 usecs
[    2.216704] calling  netpoll_init+0x0/0x44 @ 1
[    2.217704] initcall netpoll_init+0x0/0x44 returned 0 after 0 usecs
[    2.218701] calling  netlink_proto_init+0x0/0x154 @ 1
[    2.219875] NET: Registered protocol family 16
[    2.220760] initcall netlink_proto_init+0x0/0x154 returned 0 after 976 usecs
[    2.221703] calling  genl_init+0x0/0x35 @ 1
[    2.222747] initcall genl_init+0x0/0x35 returned 0 after 0 usecs
[    2.223720] calling  bsp_pm_check_init+0x0/0x13 @ 1
[    2.224703] initcall bsp_pm_check_init+0x0/0x13 returned 0 after 0 usecs
[    2.225721] calling  irq_sysfs_init+0x0/0xb9 @ 1
[    2.227899] initcall irq_sysfs_init+0x0/0xb9 returned 0 after 976 usecs
[    2.228703] calling  audit_init+0x0/0x127 @ 1
[    2.229707] audit: initializing netlink subsys (disabled)
[    2.232903] initcall audit_init+0x0/0x127 returned 0 after 2929 usecs
[    2.232749] audit: type=2000 audit(1670920266.611:1): state=initialized audit_enabled=0 res=1
[    2.233701] calling  release_early_probes+0x0/0x32 @ 1
[    2.233705] initcall release_early_probes+0x0/0x32 returned 0 after 0 usecs
[    2.233711] calling  bdi_class_init+0x0/0x48 @ 1
[    2.238716] initcall bdi_class_init+0x0/0x48 returned 0 after 976 usecs
[    2.239700] calling  mm_sysfs_init+0x0/0x28 @ 1
[    2.240709] initcall mm_sysfs_init+0x0/0x28 returned 0 after 0 usecs
[    2.241706] calling  init_per_zone_wmark_min+0x0/0x6d @ 1
[    2.242741] initcall init_per_zone_wmark_min+0x0/0x6d returned 0 after 0 usecs
[    2.243704] calling  mpi_init+0x0/0x3e @ 1
[    2.244732] initcall mpi_init+0x0/0x3e returned 0 after 0 usecs
[    2.245706] calling  kobject_uevent_init+0x0/0xc @ 1
[    2.246731] initcall kobject_uevent_init+0x0/0xc returned 0 after 0 usecs
[    2.247720] calling  pcibus_class_init+0x0/0x13 @ 1
[    2.248731] initcall pcibus_class_init+0x0/0x13 returned 0 after 0 usecs
[    2.249702] calling  pci_driver_init+0x0/0x21 @ 1
[    2.250764] initcall pci_driver_init+0x0/0x21 returned 0 after 0 usecs
[    2.251701] calling  backlight_class_init+0x0/0xa8 @ 1
[    2.252736] initcall backlight_class_init+0x0/0xa8 returned 0 after 0 usecs
[    2.253717] calling  tty_class_init+0x0/0x33 @ 1
[    2.255711] initcall tty_class_init+0x0/0x33 returned 0 after 976 usecs
[    2.256702] calling  vtconsole_class_init+0x0/0xb5 @ 1
[    2.257801] initcall vtconsole_class_init+0x0/0xb5 returned 0 after 0 usecs
[    2.258702] calling  iommu_dev_init+0x0/0x13 @ 1
[    2.259739] initcall iommu_dev_init+0x0/0x13 returned 0 after 0 usecs
[    2.260702] calling  mipi_dsi_bus_init+0x0/0xc @ 1
[    2.261744] initcall mipi_dsi_bus_init+0x0/0xc returned 0 after 0 usecs
[    2.262722] calling  devlink_class_init+0x0/0x40 @ 1
[    2.263736] initcall devlink_class_init+0x0/0x40 returned 0 after 0 usecs
[    2.264704] calling  software_node_init+0x0/0x2a @ 1
[    2.265713] initcall software_node_init+0x0/0x2a returned 0 after 0 usecs
[    2.266703] calling  wakeup_sources_debugfs_init+0x0/0x23 @ 1
[    2.267728] initcall wakeup_sources_debugfs_init+0x0/0x23 returned 0 after 0 usecs
[    2.269705] calling  wakeup_sources_sysfs_init+0x0/0x2c @ 1
[    2.270735] initcall wakeup_sources_sysfs_init+0x0/0x2c returned 0 after 0 usecs
[    2.271706] calling  register_node_type+0x0/0x13 @ 1
[    2.273767] initcall register_node_type+0x0/0x13 returned 0 after 976 usecs
[    2.275701] calling  regmap_initcall+0x0/0xc @ 1
[    2.276745] initcall regmap_initcall+0x0/0xc returned 0 after 0 usecs
[    2.277701] calling  i2c_init+0x0/0xb3 @ 1
[    2.278759] initcall i2c_init+0x0/0xb3 returned 0 after 0 usecs
[    2.279701] calling  thermal_init+0x0/0x116 @ 1
[    2.280717] thermal_sys: Registered thermal governor 'step_wise'
[    2.280720] thermal_sys: Registered thermal governor 'user_space'
[    2.281724] initcall thermal_init+0x0/0x116 returned 0 after 976 usecs
[    2.283702] calling  init_menu+0x0/0xc @ 1
[    2.285934] cpuidle: using governor menu
[    2.290702] initcall init_menu+0x0/0xc returned 0 after 5859 usecs
[    2.297704] calling  pcc_init+0x0/0x4d @ 1
[    2.302704] initcall pcc_init+0x0/0x4d returned -19 after 0 usecs
[    2.309700] calling  amd_postcore_init+0x0/0x11e @ 1
[    2.315704] initcall amd_postcore_init+0x0/0x11e returned 0 after 0 usecs
[    2.324744] calling  bts_init+0x0/0xba @ 1
[    2.329701] initcall bts_init+0x0/0xba returned -19 after 0 usecs
[    2.336702] calling  pt_init+0x0/0x34d @ 1
[    2.341701] initcall pt_init+0x0/0x34d returned -19 after 0 usecs
[    2.349702] calling  boot_params_ksysfs_init+0x0/0x2ee @ 1
[    2.355752] initcall boot_params_ksysfs_init+0x0/0x2ee returned 0 after 0 usecs
[    2.364702] calling  sbf_init+0x0/0xea @ 1
[    2.369703] initcall sbf_init+0x0/0xea returned 0 after 0 usecs
[    2.377702] calling  arch_kdebugfs_init+0x0/0x219 @ 1
[    2.383926] initcall arch_kdebugfs_init+0x0/0x219 returned 0 after 0 usecs
[    2.391703] calling  intel_pconfig_init+0x0/0x85 @ 1
[    2.397701] initcall intel_pconfig_init+0x0/0x85 returned 0 after 0 usecs
[    2.406700] calling  mtrr_if_init+0x0/0x5d @ 1
[    2.411765] initcall mtrr_if_init+0x0/0x5d returned 0 after 0 usecs
[    2.419700] calling  activate_jump_labels+0x0/0x31 @ 1
[    2.425701] initcall activate_jump_labels+0x0/0x31 returned 0 after 0 usecs
[    2.433701] calling  ffh_cstate_init+0x0/0x29 @ 1
[    2.439754] initcall ffh_cstate_init+0x0/0x29 returned 0 after 0 usecs
[    2.447701] calling  activate_jump_labels+0x0/0x31 @ 1
[    2.457560] initcall activate_jump_labels+0x0/0x31 returned 0 after 2929 usecs
[    2.465701] calling  kvm_alloc_cpumask+0x0/0x74 @ 1
[    2.471749] initcall kvm_alloc_cpumask+0x0/0x74 returned 0 after 0 usecs
[    2.479732] calling  kcmp_cookies_init+0x0/0x37 @ 1
[    2.485707] initcall kcmp_cookies_init+0x0/0x37 returned 0 after 0 usecs
[    2.493702] calling  cryptomgr_init+0x0/0xc @ 1
[    2.499699] initcall cryptomgr_init+0x0/0xc returned 0 after 0 usecs
[    2.507701] calling  acpi_pci_init+0x0/0x57 @ 1
[    2.510700] ACPI: bus type PCI registered
[    2.516702] initcall acpi_pci_init+0x0/0x57 returned 0 after 5859 usecs
[    2.523702] calling  dma_channel_table_init+0x0/0xd1 @ 1
[    2.531718] initcall dma_channel_table_init+0x0/0xd1 returned 0 after 0 usecs
[    2.541709] calling  dma_bus_init+0x0/0xdc @ 1
[    2.547995] initcall dma_bus_init+0x0/0xdc returned 0 after 0 usecs
[    2.555759] calling  iommu_dma_init+0x0/0x10 @ 1
[    2.561727] initcall iommu_dma_init+0x0/0x10 returned 0 after 0 usecs
[    2.569703] calling  dmi_id_init+0x0/0x37c @ 1
[    2.576284] initcall dmi_id_init+0x0/0x37c returned 0 after 976 usecs
[    2.584703] calling  pci_arch_init+0x0/0x71 @ 1
[    2.591242] PCI: MMCONFIG for domain 0000 [bus 00-ff] at [mem 0xb0000000-0xbfffffff] (base 0xb0000000)
[    2.602703] PCI: MMCONFIG at [mem 0xb0000000-0xbfffffff] reserved in E820
[    2.610730] PCI: Using configuration type 1 for base access
[    2.617744] initcall pci_arch_init+0x0/0x71 returned 0 after 26367 usecs
[    2.626724] calling  init_vdso+0x0/0x13 @ 1
[    2.631740] initcall init_vdso+0x0/0x13 returned 0 after 0 usecs
[    2.639700] calling  sysenter_setup+0x0/0x13 @ 1
[    2.645748] initcall sysenter_setup+0x0/0x13 returned 0 after 0 usecs
[    2.654701] calling  fixup_ht_bug+0x0/0xe5 @ 1
[    2.659700] initcall fixup_ht_bug+0x0/0xe5 returned 0 after 0 usecs
[    2.667701] calling  topology_init+0x0/0x88 @ 1
[    2.673871] initcall topology_init+0x0/0x88 returned 0 after 0 usecs
[    2.681709] calling  intel_epb_init+0x0/0x68 @ 1
[    2.687702] initcall intel_epb_init+0x0/0x68 returned -19 after 0 usecs
[    2.695735] calling  mtrr_init_finialize+0x0/0x3e @ 1
[    2.701701] initcall mtrr_init_finialize+0x0/0x3e returned 0 after 0 usecs
[    2.710701] calling  uid_cache_init+0x0/0x85 @ 1
[    2.715723] initcall uid_cache_init+0x0/0x85 returned 0 after 0 usecs
[    2.723705] calling  param_sysfs_init+0x0/0x1ba @ 1
[    2.738576] initcall param_sysfs_init+0x0/0x1ba returned 0 after 8789 usecs
[    2.747771] calling  user_namespace_sysctl_init+0x0/0x33 @ 1
[    2.754731] initcall user_namespace_sysctl_init+0x0/0x33 returned 0 after 0 usecs
[    2.765717] calling  proc_schedstat_init+0x0/0x24 @ 1
[    2.771710] initcall proc_schedstat_init+0x0/0x24 returned 0 after 0 usecs
[    2.780703] calling  pm_sysrq_init+0x0/0x18 @ 1
[    2.787905] initcall pm_sysrq_init+0x0/0x18 returned 0 after 976 usecs
[    2.798760] calling  create_proc_profile+0x0/0xd0 @ 1
[    2.805704] initcall create_proc_profile+0x0/0xd0 returned 0 after 0 usecs
[    2.815704] calling  time_ns_init+0x0/0x7 @ 1
[    2.822703] initcall time_ns_init+0x0/0x7 returned 0 after 0 usecs
[    2.831760] calling  crash_save_vmcoreinfo_init+0x0/0x722 @ 1
[    2.840771] initcall crash_save_vmcoreinfo_init+0x0/0x722 returned 0 after 0 usecs
[    2.851703] calling  crash_notes_memory_init+0x0/0x35 @ 1
[    2.860709] initcall crash_notes_memory_init+0x0/0x35 returned 0 after 0 usecs
[    2.871703] calling  cgroup_sysfs_init+0x0/0x13 @ 1
[    2.878805] initcall cgroup_sysfs_init+0x0/0x13 returned 0 after 976 usecs
[    2.889719] calling  cgroup_namespaces_init+0x0/0x7 @ 1
[    2.897726] initcall cgroup_namespaces_init+0x0/0x7 returned 0 after 0 usecs
[    2.908703] calling  init_optprobes+0x0/0x13 @ 1
[    2.915717] Kprobes globally optimized
[    2.921704] initcall init_optprobes+0x0/0x13 returned 0 after 5859 usecs
[    2.932705] calling  oom_init+0x0/0x2f @ 1
[    2.940904] initcall oom_init+0x0/0x2f returned 0 after 976 usecs
[    2.950707] calling  default_bdi_init+0x0/0xb3 @ 1
[    2.960306] initcall default_bdi_init+0x0/0xb3 returned 0 after 1953 usecs
[    2.970705] calling  percpu_enable_async+0x0/0xe @ 1
[    2.978702] initcall percpu_enable_async+0x0/0xe returned 0 after 0 usecs
[    2.988703] calling  kcompactd_init+0x0/0x8d @ 1
[    2.996900] initcall kcompactd_init+0x0/0x8d returned 0 after 1953 usecs
[    3.007802] calling  init_user_reserve+0x0/0x40 @ 1
[    3.015731] initcall init_user_reserve+0x0/0x40 returned 0 after 0 usecs
[    3.024707] calling  init_admin_reserve+0x0/0x40 @ 1
[    3.030703] initcall init_admin_reserve+0x0/0x40 returned 0 after 0 usecs
[    3.039708] calling  init_reserve_notifier+0x0/0x7 @ 1
[    3.047708] initcall init_reserve_notifier+0x0/0x7 returned 0 after 0 usecs
[    3.058708] calling  swap_init_sysfs+0x0/0x62 @ 1
[    3.066727] initcall swap_init_sysfs+0x0/0x62 returned 0 after 0 usecs
[    3.076706] calling  swapfile_init+0x0/0x94 @ 1
[    3.081705] initcall swapfile_init+0x0/0x94 returned 0 after 0 usecs
[    3.091713] calling  hugetlb_init+0x0/0x499 @ 1
[    3.097722] HugeTLB registered 2.00 MiB page size, pre-allocated 0 pages
[    3.107950] initcall hugetlb_init+0x0/0x499 returned 0 after 9765 usecs
[    3.117703] calling  io_wq_init+0x0/0x34 @ 1
[    3.123706] initcall io_wq_init+0x0/0x34 returned 0 after 0 usecs
[    3.131704] calling  seqiv_module_init+0x0/0xc @ 1
[    3.138723] initcall seqiv_module_init+0x0/0xc returned 0 after 0 usecs
[    3.148702] calling  echainiv_module_init+0x0/0xc @ 1
[    3.155703] initcall echainiv_module_init+0x0/0xc returned 0 after 0 usecs
[    3.164021] calling  rsa_init+0x0/0x50 @ 1
[    3.176444] initcall rsa_init+0x0/0x50 returned 0 after 5859 usecs
[    3.176197] cryptomgr_test (61) used greatest stack depth: 15400 bytes left
[    3.181703] calling  crypto_cmac_module_init+0x0/0xc @ 1
[    3.181707] initcall crypto_cmac_module_init+0x0/0xc returned 0 after 0 usecs
[    3.181710] calling  hmac_module_init+0x0/0xc @ 1
[    3.181712] initcall hmac_module_init+0x0/0xc returned 0 after 0 usecs
[    3.181714] calling  crypto_null_mod_init+0x0/0x65 @ 1
[    3.206705] initcall crypto_null_mod_init+0x0/0x65 returned 0 after 24414 usecs
[    3.208270] cryptomgr_test (63) used greatest stack depth: 15256 bytes left
[    3.213702] calling  md5_mod_init+0x0/0xc @ 1
[    3.214869] initcall md5_mod_init+0x0/0xc returned 0 after 976 usecs
[    3.265446] calling  sha256_generic_mod_init+0x0/0x11 @ 1
[    3.282739] initcall sha256_generic_mod_init+0x0/0x11 returned 0 after 8789 usecs
[    3.291709] calling  crypto_cbc_module_init+0x0/0xc @ 1
[    3.298703] initcall crypto_cbc_module_init+0x0/0xc returned 0 after 0 usecs
[    3.306701] calling  crypto_ctr_module_init+0x0/0x11 @ 1
[    3.313702] initcall crypto_ctr_module_init+0x0/0x11 returned 0 after 0 usecs
[    3.321700] calling  crypto_gcm_module_init+0x0/0x64 @ 1
[    3.327740] initcall crypto_gcm_module_init+0x0/0x64 returned 0 after 976 usecs
[    3.336701] calling  crypto_ccm_module_init+0x0/0x11 @ 1
[    3.341703] initcall crypto_ccm_module_init+0x0/0x11 returned 0 after 0 usecs
[    3.351081] calling  aes_init+0x0/0xc @ 1
[    3.357126] initcall aes_init+0x0/0xc returned 0 after 976 usecs
[    3.364704] calling  crc32c_mod_init+0x0/0xc @ 1
[    3.370847] initcall crc32c_mod_init+0x0/0xc returned 0 after 976 usecs
[    3.378701] calling  crypto_authenc_module_init+0x0/0xc @ 1
[    3.383701] initcall crypto_authenc_module_init+0x0/0xc returned 0 after 0 usecs
[    3.392701] calling  crypto_authenc_esn_module_init+0x0/0xc @ 1
[    3.399702] initcall crypto_authenc_esn_module_init+0x0/0xc returned 0 after 0 usecs
[    3.409700] calling  drbg_init+0x0/0x7c @ 1
[    3.424818] initcall drbg_init+0x0/0x7c returned 0 after 9765 usecs
[    3.432701] calling  ghash_mod_init+0x0/0xc @ 1
[    3.440033] initcall ghash_mod_init+0x0/0xc returned 0 after 1953 usecs
[    3.447706] calling  init_bio+0x0/0x9a @ 1
[    3.455986] initcall init_bio+0x0/0x9a returned 0 after 1953 usecs
[    3.463701] calling  blk_settings_init+0x0/0x29 @ 1
[    3.469701] initcall blk_settings_init+0x0/0x29 returned 0 after 0 usecs
[    3.477699] calling  blk_ioc_init+0x0/0x29 @ 1
[    3.483838] initcall blk_ioc_init+0x0/0x29 returned 0 after 0 usecs
[    3.491702] calling  blk_mq_init+0x0/0xb9 @ 1
[    3.497995] initcall blk_mq_init+0x0/0xb9 returned 0 after 0 usecs
[    3.505700] calling  genhd_device_init+0x0/0x75 @ 1
[    3.528376] initcall genhd_device_init+0x0/0x75 returned 0 after 17578 usecs
[    3.539692] calling  pci_slot_init+0x0/0x40 @ 1
[    3.549106] initcall pci_slot_init+0x0/0x40 returned 0 after 976 usecs
[    3.557704] calling  fbmem_init+0x0/0xd8 @ 1
[    3.565982] initcall fbmem_init+0x0/0xd8 returned 0 after 976 usecs
[    3.574844] calling  acpi_init+0x0/0x319 @ 1
[    3.582699] ACPI: Added _OSI(Module Device)
[    3.588701] ACPI: Added _OSI(Processor Device)
[    3.594697] ACPI: Added _OSI(3.0 _SCP Extensions)
[    3.600697] ACPI: Added _OSI(Processor Aggregator Device)
[    3.606699] ACPI: Added _OSI(Linux-Dell-Video)
[    3.611699] ACPI: Added _OSI(Linux-Lenovo-NV-HDMI-Audio)
[    3.618802] ACPI: Added _OSI(Linux-HPI-Hybrid-Graphics)
[    3.638324] ACPI: 1 ACPI AML tables successfully acquired and loaded
[    3.669594] ACPI: Interpreter enabled
[    3.674120] ACPI: (supports S0 S3 S4 S5)
[    3.679782] ACPI: Using IOAPIC for interrupt routing
[    3.686483] PCI: Using host bridge windows from ACPI; if necessary, use "pci=nocrs" and report a bug
[    3.699120] ACPI: Enabled 2 GPEs in block 00 to 3F
[    3.717813] ACPI: PCI Root Bridge [PCI0] (domain 0000 [bus 00-ff])
[    3.725911] acpi PNP0A08:00: _OSC: OS supports [ExtendedConfig ASPM ClockPM Segments MSI HPX-Type3]
[    3.736900] acpi PNP0A08:00: _OSC: platform does not support [LTR]
[    3.745851] acpi PNP0A08:00: _OSC: OS now controls [PME PCIeCapability]
[    3.754138] PCI host bridge to bus 0000:00
[    3.759701] pci_bus 0000:00: root bus resource [io  0x0000-0x0cf7 window]
[    3.768699] pci_bus 0000:00: root bus resource [io  0x0d00-0xffff window]
[    3.776710] pci_bus 0000:00: root bus resource [mem 0x000a0000-0x000bffff window]
[    3.788704] pci_bus 0000:00: root bus resource [mem 0x20000000-0xafffffff window]
[    3.799702] pci_bus 0000:00: root bus resource [mem 0xc0000000-0xfebfffff window]
[    3.811701] pci_bus 0000:00: root bus resource [mem 0x100000000-0x8ffffffff window]
[    3.823701] pci_bus 0000:00: root bus resource [bus 00-ff]
[    3.833762] pci 0000:00:00.0: calling  quirk_mmio_always_on+0x0/0x10 @ 1
[    3.843705] pci 0000:00:00.0: quirk_mmio_always_on+0x0/0x10 took 0 usecs
[    3.854702] pci 0000:00:00.0: [8086:29c0] type 00 class 0x060000
[    3.868215] pci 0000:00:00.0: calling  quirk_igfx_skip_te_disable+0x0/0x80 @ 1
[    3.879763] pci 0000:00:00.0: quirk_igfx_skip_te_disable+0x0/0x80 took 0 usecs
[    3.892804] pci 0000:00:01.0: [1234:1111] type 00 class 0x030000
[    3.910692] pci 0000:00:01.0: reg 0x10: [mem 0xfd000000-0xfdffffff pref]
[    3.936692] pci 0000:00:01.0: reg 0x18: [mem 0xfebf0000-0xfebf0fff]
[    3.984692] pci 0000:00:01.0: reg 0x30: [mem 0xfebe0000-0xfebeffff pref]
[    4.002692] pci 0000:00:01.0: calling  efifb_fixup_resources+0x0/0xf0 @ 1
[    4.012772] pci 0000:00:01.0: efifb_fixup_resources+0x0/0xf0 took 0 usecs
[    4.033992] pci 0000:00:1f.0: [8086:2918] type 00 class 0x060100
[    4.049758] pci 0000:00:1f.0: calling  quirk_ich7_lpc+0x0/0x60 @ 1
[    4.059001] pci 0000:00:1f.0: quirk: [io  0x0600-0x067f] claimed by ICH6 ACPI/GPIO/TCO
[    4.072231] pci 0000:00:1f.0: quirk_ich7_lpc+0x0/0x60 took 12695 usecs
[    4.081838] pci 0000:00:1f.0: calling  quirk_igfx_skip_te_disable+0x0/0x80 @ 1
[    4.092865] pci 0000:00:1f.0: quirk_igfx_skip_te_disable+0x0/0x80 took 0 usecs
[    4.107310] pci 0000:00:1f.2: [8086:2922] type 00 class 0x010601
[    4.128703] pci 0000:00:1f.2: reg 0x20: [io  0xc040-0xc05f]
[    4.140337] pci 0000:00:1f.2: reg 0x24: [mem 0xfebf1000-0xfebf1fff]
[    4.151834] pci 0000:00:1f.2: calling  quirk_igfx_skip_te_disable+0x0/0x80 @ 1
[    4.162708] pci 0000:00:1f.2: quirk_igfx_skip_te_disable+0x0/0x80 took 0 usecs
[    4.179795] pci 0000:00:1f.3: [8086:2930] type 00 class 0x0c0500
[    4.197543] pci 0000:00:1f.3: reg 0x20: [io  0x0700-0x073f]
[    4.208525] pci 0000:00:1f.3: calling  quirk_igfx_skip_te_disable+0x0/0x80 @ 1
[    4.218708] pci 0000:00:1f.3: quirk_igfx_skip_te_disable+0x0/0x80 took 0 usecs
[    4.257865] ACPI: PCI Interrupt Link [LNKA] (IRQs 5 *10 11)
[    4.263947] ACPI: PCI Interrupt Link [LNKB] (IRQs 5 *10 11)
[    4.270692] ACPI: PCI Interrupt Link [LNKC] (IRQs 5 10 *11)
[    4.275126] ACPI: PCI Interrupt Link [LNKD] (IRQs 5 10 *11)
[    4.283006] ACPI: PCI Interrupt Link [LNKE] (IRQs 5 *10 11)
[    4.287242] ACPI: PCI Interrupt Link [LNKF] (IRQs 5 *10 11)
[    4.295171] ACPI: PCI Interrupt Link [LNKG] (IRQs 5 10 *11)
[    4.307698] ACPI: PCI Interrupt Link [LNKH] (IRQs 5 10 *11)
[    4.315923] ACPI: PCI Interrupt Link [GSIA] (IRQs *16)
[    4.322814] ACPI: PCI Interrupt Link [GSIB] (IRQs *17)
[    4.327722] ACPI: PCI Interrupt Link [GSIC] (IRQs *18)
[    4.333082] ACPI: PCI Interrupt Link [GSID] (IRQs *19)
[    4.338721] ACPI: PCI Interrupt Link [GSIE] (IRQs *20)
[    4.343935] ACPI: PCI Interrupt Link [GSIF] (IRQs *21)
[    4.349727] ACPI: PCI Interrupt Link [GSIG] (IRQs *22)
[    4.355708] ACPI: PCI Interrupt Link [GSIH] (IRQs *23)
[    4.379692] initcall acpi_init+0x0/0x319 returned 0 after 780273 usecs
[    4.391439] calling  pnp_init+0x0/0xc @ 1
[    4.397870] initcall pnp_init+0x0/0xc returned 0 after 0 usecs
[    4.406703] calling  misc_init+0x0/0xbf @ 1
[    4.413938] initcall misc_init+0x0/0xbf returned 0 after 0 usecs
[    4.422709] calling  iommu_subsys_init+0x0/0x4e @ 1
[    4.429789] iommu: Default domain type: Translated 
[    4.437703] initcall iommu_subsys_init+0x0/0x4e returned 0 after 7812 usecs
[    4.447702] calling  vga_arb_device_init+0x0/0x261 @ 1
[    4.462230] pci 0000:00:01.0: vgaarb: setting as boot VGA device
[    4.462692] pci 0000:00:01.0: vgaarb: VGA device added: decodes=io+mem,owns=io+mem,locks=none
[    4.482706] pci 0000:00:01.0: vgaarb: bridge control possible
[    4.491700] vgaarb: loaded
[    4.495708] initcall vga_arb_device_init+0x0/0x261 returned 0 after 39062 usecs
[    4.506905] calling  cn_init+0x0/0xf0 @ 1
[    4.515841] initcall cn_init+0x0/0xf0 returned 0 after 1953 usecs
[    4.524705] calling  dma_buf_init+0x0/0xad @ 1
[    4.534376] initcall dma_buf_init+0x0/0xad returned 0 after 1953 usecs
[    4.543703] calling  dma_resv_lockdep+0x0/0x276 @ 1
[    4.552512] initcall dma_resv_lockdep+0x0/0x276 returned 0 after 976 usecs
[    4.562705] calling  init_scsi+0x0/0x79 @ 1
[    4.570778] SCSI subsystem initialized
[    4.576703] initcall init_scsi+0x0/0x79 returned 0 after 6835 usecs
[    4.584703] calling  ata_init+0x0/0x332 @ 1
[    4.610682] libata version 3.00 loaded.
[    4.616710] initcall ata_init+0x0/0x332 returned 0 after 24414 usecs
[    4.626709] calling  phy_init+0x0/0x250 @ 1
[    4.635011] initcall phy_init+0x0/0x250 returned 0 after 2929 usecs
[    4.643704] calling  init_pcmcia_cs+0x0/0x35 @ 1
[    4.650088] initcall init_pcmcia_cs+0x0/0x35 returned 0 after 0 usecs
[    4.659702] calling  usb_common_init+0x0/0x1c @ 1
[    4.666182] initcall usb_common_init+0x0/0x1c returned 0 after 0 usecs
[    4.674710] calling  usb_init+0x0/0x12e @ 1
[    4.680826] ACPI: bus type USB registered
[    4.687173] usbcore: registered new interface driver usbfs
[    4.695395] usbcore: registered new interface driver hub
[    4.704628] usbcore: registered new device driver usb
[    4.710708] initcall usb_init+0x0/0x12e returned 0 after 29296 usecs
[    4.722706] calling  serio_init+0x0/0x29 @ 1
[    4.727151] initcall serio_init+0x0/0x29 returned 0 after 0 usecs
[    4.732707] calling  input_init+0x0/0xf6 @ 1
[    4.739769] initcall input_init+0x0/0xf6 returned 0 after 0 usecs
[    4.746054] calling  rtc_init+0x0/0x4d @ 1
[    4.750730] initcall rtc_init+0x0/0x4d returned 0 after 0 usecs
[    4.757704] calling  pps_init+0x0/0xa9 @ 1
[    4.763013] pps_core: LinuxPPS API ver. 1 registered
[    4.768699] pps_core: Software ver. 5.3.6 - Copyright 2005-2007 Rodolfo Giometti <giometti@linux.it>
[    4.781708] initcall pps_init+0x0/0xa9 returned 0 after 18554 usecs
[    4.789706] calling  ptp_init+0x0/0x98 @ 1
[    4.795721] PTP clock support registered
[    4.800712] initcall ptp_init+0x0/0x98 returned 0 after 4882 usecs
[    4.809704] calling  power_supply_class_init+0x0/0x3f @ 1
[    4.815895] initcall power_supply_class_init+0x0/0x3f returned 0 after 976 usecs
[    4.825702] calling  hwmon_init+0x0/0x104 @ 1
[    4.831767] initcall hwmon_init+0x0/0x104 returned 0 after 0 usecs
[    4.838703] calling  md_init+0x0/0x16b @ 1
[    4.845699] initcall md_init+0x0/0x16b returned 0 after 976 usecs
[    4.852702] calling  leds_init+0x0/0x3b @ 1
[    4.858740] initcall leds_init+0x0/0x3b returned 0 after 0 usecs
[    4.865733] calling  dmi_init+0x0/0x113 @ 1
[    4.871061] initcall dmi_init+0x0/0x113 returned 0 after 976 usecs
[    4.878702] calling  efisubsys_init+0x0/0x4e7 @ 1
[    4.884734] initcall efisubsys_init+0x0/0x4e7 returned 0 after 0 usecs
[    4.892700] calling  nvmem_init+0x0/0xc @ 1
[    4.897781] initcall nvmem_init+0x0/0xc returned 0 after 0 usecs
[    4.905702] calling  init_soundcore+0x0/0x33 @ 1
[    4.911719] initcall init_soundcore+0x0/0x33 returned 0 after 0 usecs
[    4.919701] calling  alsa_sound_init+0x0/0x8f @ 1
[    4.925862] Advanced Linux Sound Architecture Driver Initialized.
[    4.933701] initcall alsa_sound_init+0x0/0x8f returned 0 after 7812 usecs
[    4.941701] calling  alsa_seq_device_init+0x0/0x71 @ 1
[    4.948730] initcall alsa_seq_device_init+0x0/0x71 returned 0 after 0 usecs
[    4.957702] calling  hda_bus_init+0x0/0xc @ 1
[    4.963744] initcall hda_bus_init+0x0/0xc returned 0 after 0 usecs
[    4.971702] calling  proto_init+0x0/0xc @ 1
[    4.976760] initcall proto_init+0x0/0xc returned 0 after 0 usecs
[    4.984701] calling  net_dev_init+0x0/0x27f @ 1
[    4.992562] initcall net_dev_init+0x0/0x27f returned 0 after 1953 usecs
[    5.001701] calling  neigh_init+0x0/0x84 @ 1
[    5.006779] initcall neigh_init+0x0/0x84 returned 0 after 0 usecs
[    5.014702] calling  fib_notifier_init+0x0/0xc @ 1
[    5.021721] initcall fib_notifier_init+0x0/0xc returned 0 after 0 usecs
[    5.030701] calling  fib_rules_init+0x0/0xab @ 1
[    5.035768] initcall fib_rules_init+0x0/0xab returned 0 after 0 usecs
[    5.043709] calling  pktsched_init+0x0/0x10e @ 1
[    5.049757] initcall pktsched_init+0x0/0x10e returned 0 after 0 usecs
[    5.056717] calling  tc_filter_init+0x0/0xfa @ 1
[    5.062858] initcall tc_filter_init+0x0/0xfa returned 0 after 0 usecs
[    5.071702] calling  tc_action_init+0x0/0x54 @ 1
[    5.076704] initcall tc_action_init+0x0/0x54 returned 0 after 0 usecs
[    5.084699] calling  ethnl_init+0x0/0x52 @ 1
[    5.089822] initcall ethnl_init+0x0/0x52 returned 0 after 976 usecs
[    5.097700] calling  nexthop_init+0x0/0xd8 @ 1
[    5.103893] initcall nexthop_init+0x0/0xd8 returned 0 after 0 usecs
[    5.110700] calling  cipso_v4_init+0x0/0x8d @ 1
[    5.116792] initcall cipso_v4_init+0x0/0x8d returned 0 after 0 usecs
[    5.123701] calling  ieee80211_init+0x0/0x24 @ 1
[    5.129795] initcall ieee80211_init+0x0/0x24 returned 0 after 0 usecs
[    5.136701] calling  netlbl_init+0x0/0x78 @ 1
[    5.142697] NetLabel: Initializing
[    5.146697] NetLabel:  domain hash size = 128
[    5.151698] NetLabel:  protocols = UNLABELED CIPSOv4 CALIPSO
[    5.158914] NetLabel:  unlabeled traffic allowed by default
[    5.166708] initcall netlbl_init+0x0/0x78 returned 0 after 23437 usecs
[    5.174704] calling  rfkill_init+0x0/0x136 @ 1
[    5.180929] initcall rfkill_init+0x0/0x136 returned 0 after 976 usecs
[    5.187703] calling  pci_subsys_init+0x0/0x66 @ 1
[    5.193725] PCI: Using ACPI for IRQ routing
[    5.906625] PCI: pci_cache_line_size set to 64 bytes
[    5.914441] e820: reserve RAM buffer [mem 0x0009fc00-0x0009ffff]
[    5.921816] e820: reserve RAM buffer [mem 0x1ffdf000-0x1fffffff]
[    5.929066] initcall pci_subsys_init+0x0/0x66 returned 0 after 717773 usecs
[    5.938970] calling  nmi_warning_debugfs+0x0/0x26 @ 1
[    5.945702] initcall nmi_warning_debugfs+0x0/0x26 returned 0 after 976 usecs
[    5.953717] calling  save_microcode_in_initrd+0x0/0x51 @ 1
[    5.959952] initcall save_microcode_in_initrd+0x0/0x51 returned 0 after 0 usecs
[    5.968701] calling  hpet_late_init+0x0/0x207 @ 1
[    5.974075] hpet: 3 channels of 0 reserved for per-cpu timers
[    5.980847] hpet0: at MMIO 0xfed00000, IRQs 2, 8, 0
[    5.985697] hpet0: 3 comparators, 64-bit 100.000000 MHz counter
[    5.996701] initcall hpet_late_init+0x0/0x207 returned 0 after 22460 usecs
[    6.003702] calling  init_amd_nbs+0x0/0x11c @ 1
[    6.008934] initcall init_amd_nbs+0x0/0x11c returned 0 after 976 usecs
[    6.016720] calling  clocksource_done_booting+0x0/0x43 @ 1
[    6.024436] clocksource: Switched to clocksource kvm-clock
[    6.031585] initcall clocksource_done_booting+0x0/0x43 returned 0 after 8679 usecs
[    6.039981] calling  tracer_init_tracefs+0x0/0x248 @ 1
[    6.252298] initcall tracer_init_tracefs+0x0/0x248 returned 0 after 201688 usecs
[    6.260708] calling  init_trace_printk_function_export+0x0/0x2c @ 1
[    6.267770] initcall init_trace_printk_function_export+0x0/0x2c returned 0 after 11 usecs
[    6.277171] calling  init_kprobe_trace+0x0/0x1ab @ 1
[    6.283307] initcall init_kprobe_trace+0x0/0x1ab returned 0 after 74 usecs
[    6.295413] calling  init_dynamic_event+0x0/0x3d @ 1
[    6.301265] initcall init_dynamic_event+0x0/0x3d returned 0 after 34 usecs
[    6.308936] calling  init_uprobe_trace+0x0/0x5c @ 1
[    6.314582] initcall init_uprobe_trace+0x0/0x5c returned 0 after 25 usecs
[    6.322281] calling  init_pipe_fs+0x0/0x44 @ 1
[    6.327655] initcall init_pipe_fs+0x0/0x44 returned 0 after 207 usecs
[    6.334972] calling  inotify_user_setup+0x0/0x47 @ 1
[    6.340813] initcall inotify_user_setup+0x0/0x47 returned 0 after 154 usecs
[    6.348648] calling  eventpoll_init+0x0/0xeb @ 1
[    6.353960] initcall eventpoll_init+0x0/0xeb returned 0 after 63 usecs
[    6.361452] calling  anon_inode_init+0x0/0x58 @ 1
[    6.367047] initcall anon_inode_init+0x0/0x58 returned 0 after 144 usecs
[    6.374683] calling  proc_locks_init+0x0/0x27 @ 1
[    6.380202] initcall proc_locks_init+0x0/0x27 returned 0 after 90 usecs
[    6.387818] calling  iomap_init+0x0/0x1b @ 1
[    6.393605] initcall iomap_init+0x0/0x1b returned 0 after 675 usecs
[    6.401705] calling  dquot_init+0x0/0x106 @ 1
[    6.406942] VFS: Disk quotas dquot_6.6.0
[    6.412078] VFS: Dquot-cache hash table entries: 512 (order 0, 4096 bytes)
[    6.420026] initcall dquot_init+0x0/0x106 returned 0 after 12804 usecs
[    6.427575] calling  quota_init+0x0/0x23 @ 1
[    6.433152] initcall quota_init+0x0/0x23 returned 0 after 547 usecs
[    6.441103] calling  proc_cmdline_init+0x0/0x21 @ 1
[    6.447036] initcall proc_cmdline_init+0x0/0x21 returned 0 after 167 usecs
[    6.455451] calling  proc_consoles_init+0x0/0x24 @ 1
[    6.461186] initcall proc_consoles_init+0x0/0x24 returned 0 after 8 usecs
[    6.468907] calling  proc_cpuinfo_init+0x0/0x1e @ 1
[    6.474778] initcall proc_cpuinfo_init+0x0/0x1e returned 0 after 6 usecs
[    6.482428] calling  proc_devices_init+0x0/0x24 @ 1
[    6.488464] initcall proc_devices_init+0x0/0x24 returned 0 after 5 usecs
[    6.497210] calling  proc_interrupts_init+0x0/0x24 @ 1
[    6.503132] initcall proc_interrupts_init+0x0/0x24 returned 0 after 5 usecs
[    6.511072] calling  proc_loadavg_init+0x0/0x21 @ 1
[    6.516678] initcall proc_loadavg_init+0x0/0x21 returned 0 after 4 usecs
[    6.524151] calling  proc_meminfo_init+0x0/0x21 @ 1
[    6.529951] initcall proc_meminfo_init+0x0/0x21 returned 0 after 4 usecs
[    6.537518] calling  proc_stat_init+0x0/0x1e @ 1
[    6.542823] initcall proc_stat_init+0x0/0x1e returned 0 after 4 usecs
[    6.550060] calling  proc_uptime_init+0x0/0x21 @ 1
[    6.555450] initcall proc_uptime_init+0x0/0x21 returned 0 after 4 usecs
[    6.563073] calling  proc_version_init+0x0/0x21 @ 1
[    6.568601] initcall proc_version_init+0x0/0x21 returned 0 after 4 usecs
[    6.576143] calling  proc_softirqs_init+0x0/0x21 @ 1
[    6.583107] initcall proc_softirqs_init+0x0/0x21 returned 0 after 6 usecs
[    6.592717] calling  proc_kcore_init+0x0/0xea @ 1
[    6.600482] initcall proc_kcore_init+0x0/0xea returned 0 after 299 usecs
[    6.610146] calling  vmcore_init+0x0/0x57b @ 1
[    6.615354] initcall vmcore_init+0x0/0x57b returned 0 after 1 usecs
[    6.622548] calling  proc_kmsg_init+0x0/0x21 @ 1
[    6.627839] initcall proc_kmsg_init+0x0/0x21 returned 0 after 18 usecs
[    6.635158] calling  proc_page_init+0x0/0x3b @ 1
[    6.641264] initcall proc_page_init+0x0/0x3b returned 0 after 52 usecs
[    6.650564] calling  init_ramfs_fs+0x0/0xc @ 1
[    6.657012] initcall init_ramfs_fs+0x0/0xc returned 0 after 27 usecs
[    6.666100] calling  init_hugetlbfs_fs+0x0/0xf6 @ 1
[    6.673319] initcall init_hugetlbfs_fs+0x0/0xf6 returned 0 after 209 usecs
[    6.681770] calling  blk_scsi_ioctl_init+0x0/0x2a5 @ 1
[    6.687675] initcall blk_scsi_ioctl_init+0x0/0x2a5 returned 0 after 23 usecs
[    6.695676] calling  acpi_event_init+0x0/0x2c @ 1
[    6.701265] initcall acpi_event_init+0x0/0x2c returned 0 after 156 usecs
[    6.708978] calling  pnp_system_init+0x0/0xc @ 1
[    6.715217] initcall pnp_system_init+0x0/0xc returned 0 after 773 usecs
[    6.722761] calling  pnpacpi_init+0x0/0x69 @ 1
[    6.727940] pnp: PnP ACPI init
[    6.733508] pnp 00:00: Plug and Play ACPI device, IDs PNP0303 (active)
[    6.741140] pnp 00:01: Plug and Play ACPI device, IDs PNP0f13 (active)
[    6.748819] pnp 00:02: Plug and Play ACPI device, IDs PNP0400 (active)
[    6.756284] pnp 00:03: Plug and Play ACPI device, IDs PNP0501 (active)
[    6.763830] pnp 00:04: Plug and Play ACPI device, IDs PNP0b00 (active)
[    6.771516] system 00:05: [mem 0xb0000000-0xbfffffff window] has been reserved
[    6.779849] system 00:05: Plug and Play ACPI device, IDs PNP0c01 (active)
[    6.789101] pnp: PnP ACPI: found 6 devices
[    6.793809] initcall pnpacpi_init+0x0/0x69 returned 0 after 64334 usecs
[    6.801564] calling  chr_dev_init+0x0/0x14d @ 1
[    6.889120] initcall chr_dev_init+0x0/0x14d returned 0 after 80328 usecs
[    6.896796] calling  firmware_class_init+0x0/0x14a @ 1
[    6.902906] initcall firmware_class_init+0x0/0x14a returned 0 after 206 usecs
[    6.911264] calling  init_pcmcia_bus+0x0/0x5b @ 1
[    6.916961] initcall init_pcmcia_bus+0x0/0x5b returned 0 after 132 usecs
[    6.924815] calling  init_acpi_pm_clocksource+0x0/0xda @ 1
[    6.936834] clocksource: acpi_pm: mask: 0xffffff max_cycles: 0xffffff, max_idle_ns: 2085701024 ns
[    6.947011] initcall init_acpi_pm_clocksource+0x0/0xda returned 0 after 15394 usecs
[    6.955821] calling  sysctl_core_init+0x0/0x26 @ 1
[    6.961810] initcall sysctl_core_init+0x0/0x26 returned 0 after 271 usecs
[    6.969621] calling  eth_offload_init+0x0/0x13 @ 1
[    6.975290] initcall eth_offload_init+0x0/0x13 returned 0 after 44 usecs
[    6.983099] calling  ipv4_offload_init+0x0/0x73 @ 1
[    6.988919] initcall ipv4_offload_init+0x0/0x73 returned 0 after 149 usecs
[    6.997344] calling  inet_init+0x0/0x276 @ 1
[    7.002966] NET: Registered protocol family 2
[    7.008981] IP idents hash table entries: 8192 (order: 4, 65536 bytes, linear)
[    7.025168] tcp_listen_portaddr_hash hash table entries: 256 (order: 2, 20480 bytes, linear)
[    7.035914] TCP established hash table entries: 4096 (order: 3, 32768 bytes, linear)
[    7.045219] TCP bind hash table entries: 4096 (order: 6, 294912 bytes, linear)
[    7.055857] TCP: Hash tables configured (established 4096 bind 4096)
[    7.063712] UDP hash table entries: 256 (order: 3, 40960 bytes, linear)
[    7.073417] UDP-Lite hash table entries: 256 (order: 3, 40960 bytes, linear)
[    7.084188] initcall inet_init+0x0/0x276 returned 0 after 79589 usecs
[    7.093784] calling  af_unix_init+0x0/0x4d @ 1
[    7.099619] NET: Registered protocol family 1
[    7.104782] initcall af_unix_init+0x0/0x4d returned 0 after 5082 usecs
[    7.112355] calling  ipv6_offload_init+0x0/0x7e @ 1
[    7.118146] initcall ipv6_offload_init+0x0/0x7e returned 0 after 26 usecs
[    7.126108] calling  init_sunrpc+0x0/0x65 @ 1
[    7.137452] RPC: Registered named UNIX socket transport module.
[    7.144625] RPC: Registered udp transport module.
[    7.151638] RPC: Registered tcp transport module.
[    7.157440] RPC: Registered tcp NFSv4.1 backchannel transport module.
[    7.165428] initcall init_sunrpc+0x0/0x65 returned 0 after 33258 usecs
[    7.173190] calling  cfg80211_init+0x0/0xc5 @ 1
[    7.181466] initcall cfg80211_init+0x0/0xc5 returned 0 after 2863 usecs
[    7.189198] calling  pcibios_assign_resources+0x0/0xbf @ 1
[    7.195878] pci_bus 0000:00: resource 4 [io  0x0000-0x0cf7 window]
[    7.203821] pci_bus 0000:00: resource 5 [io  0x0d00-0xffff window]
[    7.213149] pci_bus 0000:00: resource 6 [mem 0x000a0000-0x000bffff window]
[    7.222663] pci_bus 0000:00: resource 7 [mem 0x20000000-0xafffffff window]
[    7.230986] pci_bus 0000:00: resource 8 [mem 0xc0000000-0xfebfffff window]
[    7.239979] pci_bus 0000:00: resource 9 [mem 0x100000000-0x8ffffffff window]
[    7.250413] initcall pcibios_assign_resources+0x0/0xbf returned 0 after 53421 usecs
[    7.261618] calling  pci_apply_final_quirks+0x0/0x124 @ 1
[    7.270041] pci 0000:00:01.0: calling  pci_fixup_video+0x0/0xe0 @ 1
[    7.278175] pci 0000:00:01.0: Video device with shadowed ROM at [mem 0x000c0000-0x000dffff]
[    7.288368] pci 0000:00:01.0: pci_fixup_video+0x0/0xe0 took 10294 usecs
[    7.296421] PCI: CLS 0 bytes, default 64
[    7.301080] initcall pci_apply_final_quirks+0x0/0x124 returned 0 after 30799 usecs
[    7.309904] calling  acpi_reserve_resources+0x0/0xea @ 1
[    7.316218] initcall acpi_reserve_resources+0x0/0xea returned 0 after 19 usecs
[    7.324834] calling  populate_rootfs+0x0/0x102 @ 1
[    7.332145] initcall populate_rootfs+0x0/0x102 returned 0 after 1593 usecs
[    7.340340] calling  pci_iommu_init+0x0/0x3e @ 1
[    7.346099] initcall pci_iommu_init+0x0/0x3e returned 0 after 74 usecs
[    7.353825] calling  ia32_binfmt_init+0x0/0x13 @ 1
[    7.359478] initcall ia32_binfmt_init+0x0/0x13 returned 0 after 8 usecs
[    7.367237] calling  rapl_pmu_init+0x0/0x267 @ 1
[    7.372943] initcall rapl_pmu_init+0x0/0x267 returned -19 after 271 usecs
[    7.381076] calling  amd_uncore_init+0x0/0x310 @ 1
[    7.386871] initcall amd_uncore_init+0x0/0x310 returned -19 after 0 usecs
[    7.394827] calling  amd_ibs_init+0x0/0x27b @ 1
[    7.400210] initcall amd_ibs_init+0x0/0x27b returned -19 after 0 usecs
[    7.407781] calling  amd_iommu_pc_init+0x0/0x22c @ 1
[    7.414127] initcall amd_iommu_pc_init+0x0/0x22c returned -19 after 30 usecs
[    7.422283] calling  msr_init+0x0/0x55 @ 1
[    7.427214] initcall msr_init+0x0/0x55 returned 0 after 167 usecs
[    7.434275] calling  intel_uncore_init+0x0/0x36f @ 1
[    7.440095] initcall intel_uncore_init+0x0/0x36f returned -19 after 52 usecs
[    7.448228] calling  cstate_pmu_init+0x0/0x1a1 @ 1
[    7.453755] initcall cstate_pmu_init+0x0/0x1a1 returned -19 after 0 usecs
[    7.461602] calling  register_kernel_offset_dumper+0x0/0x1a @ 1
[    7.468362] initcall register_kernel_offset_dumper+0x0/0x1a returned 0 after 1 usecs
[    7.477156] calling  i8259A_init_ops+0x0/0x20 @ 1
[    7.482682] initcall i8259A_init_ops+0x0/0x20 returned 0 after 2 usecs
[    7.490169] calling  init_tsc_clocksource+0x0/0xa4 @ 1
[    7.496046] clocksource: tsc: mask: 0xffffffffffffffff max_cycles: 0x39a85afc727, max_idle_ns: 881590685098 ns
[    7.507523] initcall init_tsc_clocksource+0x0/0xa4 returned 0 after 11205 usecs
[    7.515989] calling  add_rtc_cmos+0x0/0xb0 @ 1
[    7.521150] initcall add_rtc_cmos+0x0/0xb0 returned 0 after 15 usecs
[    7.528414] calling  i8237A_init_ops+0x0/0x3a @ 1
[    7.534112] initcall i8237A_init_ops+0x0/0x3a returned 0 after 78 usecs
[    7.541680] calling  umwait_init+0x0/0x94 @ 1
[    7.546823] initcall umwait_init+0x0/0x94 returned -19 after 13 usecs
[    7.554280] calling  thermal_throttle_init_device+0x0/0x3d @ 1
[    7.561035] initcall thermal_throttle_init_device+0x0/0x3d returned 0 after 32 usecs
[    7.569935] calling  msr_init+0x0/0xd7 @ 1
[    7.587535] initcall msr_init+0x0/0xd7 returned 0 after 12457 usecs
[    7.594603] calling  cpuid_init+0x0/0xd7 @ 1
[    7.612374] initcall cpuid_init+0x0/0xd7 returned 0 after 12571 usecs
[    7.619640] calling  ioapic_init_ops+0x0/0x13 @ 1
[    7.625447] initcall ioapic_init_ops+0x0/0x13 returned 0 after 29 usecs
[    7.633024] calling  add_pcspkr+0x0/0x6c @ 1
[    7.637858] initcall add_pcspkr+0x0/0x6c returned 0 after 106 usecs
[    7.645001] calling  start_periodic_check_for_corruption+0x0/0x30 @ 1
[    7.652179] check: Scanning for low memory corruption every 60 seconds
[    7.659344] initcall start_periodic_check_for_corruption+0x0/0x30 returned 0 after 7003 usecs
[    7.669429] calling  sysfb_init+0x0/0x9c @ 1
[    7.674437] initcall sysfb_init+0x0/0x9c returned 0 after 113 usecs
[    7.683102] calling  audit_classes_init+0x0/0xae @ 1
[    7.690130] initcall audit_classes_init+0x0/0xae returned 0 after 47 usecs
[    7.699674] calling  iosf_mbi_init+0x0/0x24 @ 1
[    7.706349] initcall iosf_mbi_init+0x0/0x24 returned 0 after 247 usecs
[    7.714168] calling  proc_execdomains_init+0x0/0x21 @ 1
[    7.719934] initcall proc_execdomains_init+0x0/0x21 returned 0 after 8 usecs
[    7.727548] calling  register_warn_debugfs+0x0/0x23 @ 1
[    7.733240] initcall register_warn_debugfs+0x0/0x23 returned 0 after 17 usecs
[    7.741091] calling  cpuhp_sysfs_init+0x0/0x79 @ 1
[    7.747399] initcall cpuhp_sysfs_init+0x0/0x79 returned 0 after 166 usecs
[    7.756083] calling  ioresources_init+0x0/0x49 @ 1
[    7.761355] initcall ioresources_init+0x0/0x49 returned 0 after 7 usecs
[    7.770336] calling  lockdep_proc_init+0x0/0x44 @ 1
[    7.777951] initcall lockdep_proc_init+0x0/0x44 returned 0 after 50 usecs
[    7.788068] calling  snapshot_device_init+0x0/0xc @ 1
[    7.797095] initcall snapshot_device_init+0x0/0xc returned 0 after 1426 usecs
[    7.807730] calling  irq_pm_init_ops+0x0/0x13 @ 1
[    7.814965] initcall irq_pm_init_ops+0x0/0x13 returned 0 after 20 usecs
[    7.824636] calling  rcu_torture_init+0x0/0xaad @ 1
[    7.831831] rcu-torture:--- Start of test: nreaders=7 nfakewriters=4 stat_interval=15 verbose=1 test_no_idle_hz=1 shuffle_interval=3 stutter=5 irqreader=1 fqs_duration=0 fqs_holdoff=0 fqs_stutter=3 test_boost=1/0 test_boost_interval=7 test_boost_duration=4 shutdown_secs=1800 stall_cpu=0 stall_cpu_holdoff=10 stall_cpu_irqsoff=0 stall_cpu_block=0 n_barrier_cbs=4 onoff_interval=1000 onoff_holdoff=30 read_exit_delay=13 read_exit_burst=16
[    7.875403] rcu:  Start-test grace-period state: g-1064 f0x0
[    7.882883] rcu-torture: Creating rcu_torture_writer task
[    7.891304] rcu-torture: Creating rcu_torture_fakewriter task
[    7.891744] rcu-torture: rcu_torture_writer task started
[    7.900094] rcu-torture: Creating rcu_torture_fakewriter task
[    7.900350] rcu-torture: rcu_torture_fakewriter task started
[    7.904649] rcu-torture: GP expediting controlled from boot/sysfs for rcu.
[    7.913456] rcu-torture: Creating rcu_torture_fakewriter task
[    7.914136] rcu-torture: rcu_torture_fakewriter task started
[    7.918506] rcu_torture_writer: Testing conditional GPs.
[    7.928604] rcu-torture: Creating rcu_torture_fakewriter task
[    7.929053] rcu-torture: rcu_torture_fakewriter task started
[    7.933617] rcu_torture_writer: Testing expedited GPs.
[    7.933619] rcu_torture_writer: Testing asynchronous GPs.
[    7.933621] rcu_torture_writer: Testing normal GPs.
[    7.942232] rcu-torture: Creating rcu_torture_reader task
[    7.942633] rcu-torture: rcu_torture_fakewriter task started
[    7.994974] rcu-torture: Creating rcu_torture_reader task
[    7.995283] rcu-torture: rcu_torture_reader task started
[    8.004137] rcu-torture: Creating rcu_torture_reader task
[    8.004451] rcu-torture: rcu_torture_reader task started
[    8.027670] rcu-torture: Creating rcu_torture_reader task
[    8.028204] rcu-torture: rcu_torture_reader task started
[    8.038303] rcu-torture: Creating rcu_torture_reader task
[    8.038872] rcu-torture: rcu_torture_reader task started
[    8.062221] rcu-torture: Creating rcu_torture_reader task
[    8.062224] rcu-torture: rcu_torture_reader task started
[    8.086103] rcu-torture: Creating rcu_torture_reader task
[    8.086225] rcu-torture: rcu_torture_reader task started
[    8.095017] rcu-torture: rcu_torture_reader task started
[    8.095031] rcu-torture: Creating rcu_torture_stats task
[    8.096962] rcu-torture: Creating torture_shuffle task
[    8.096964] rcu-torture: rcu_torture_stats task started
[    8.097558] rcu-torture: Creating torture_stutter task
[    8.097586] rcu-torture: torture_shuffle task started
[    8.098172] rcu-torture: Creating torture_shutdown task
[    8.098345] rcu-torture: torture_stutter task started
[    8.099196] rcu-torture: Creating torture_onoff task
[    8.099214] rcu-torture: torture_shutdown task started
[    8.099217] rcu-torture:torture_shutdown task: 1799998 ms remaining
[    8.100436] rcu-torture: torture_onoff task started
[    8.100471] rcu-torture: Creating rcu_torture_fwd_prog task
[    8.102014] rcu-torture: Creating rcu_torture_barrier_cbs task
[    8.102105] rcu-torture: rcu_torture_fwd_progress task started
[    8.103036] rcu-torture: Creating rcu_torture_barrier_cbs task
[    8.103040] rcu-torture: rcu_torture_barrier_cbs task started
[    8.103986] rcu-torture: rcu_torture_barrier_cbs task started
[    8.103999] rcu-torture: Creating rcu_torture_barrier_cbs task
[    8.104953] rcu-torture: Creating rcu_torture_barrier_cbs task
[    8.104992] rcu-torture: rcu_torture_barrier_cbs task started
[    8.105898] rcu-torture: Creating rcu_torture_barrier task
[    8.105935] rcu-torture: rcu_torture_barrier_cbs task started
[    8.106658] rcu-torture: Creating rcu_torture_read_exit task
[    8.106690] rcu-torture: rcu_torture_barrier task starting
[    8.107403] initcall rcu_torture_init+0x0/0xaad returned 0 after 269254 usecs
[    8.107411] rcu-torture: rcu_torture_read_exit: Start of test
[    8.109733] rcu_torture_rea (122) used greatest stack depth: 14984 bytes left
[    8.114180] rcu-torture: torture_onoff begin holdoff
[    8.306259] calling  timekeeping_init_ops+0x0/0x13 @ 1
[    8.312989] initcall timekeeping_init_ops+0x0/0x13 returned 0 after 4 usecs
[    8.322082] calling  init_clocksource_sysfs+0x0/0x23 @ 1
[    8.329319] initcall init_clocksource_sysfs+0x0/0x23 returned 0 after 635 usecs
[    8.338178] calling  init_timer_list_procfs+0x0/0x31 @ 1
[    8.344987] initcall init_timer_list_procfs+0x0/0x31 returned 0 after 72 usecs
[    8.353601] calling  alarmtimer_init+0x0/0xf5 @ 1
[    8.360151] initcall alarmtimer_init+0x0/0xf5 returned 0 after 437 usecs
[    8.369515] calling  init_posix_timers+0x0/0x29 @ 1
[    8.376848] initcall init_posix_timers+0x0/0x29 returned 0 after 73 usecs
[    8.385361] calling  clockevents_init_sysfs+0x0/0xbf @ 1
[    8.392295] initcall clockevents_init_sysfs+0x0/0xbf returned 0 after 292 usecs
[    8.401266] calling  proc_dma_init+0x0/0x21 @ 1
[    8.412258] initcall proc_dma_init+0x0/0x21 returned 0 after 58 usecs
[    8.420103] calling  proc_modules_init+0x0/0x1e @ 1
[    8.426147] initcall proc_modules_init+0x0/0x1e returned 0 after 5 usecs
[    8.434357] calling  kallsyms_init+0x0/0x21 @ 1
[    8.439898] initcall kallsyms_init+0x0/0x21 returned 0 after 4 usecs
[    8.447757] calling  pid_namespaces_init+0x0/0x2c @ 1
[    8.454171] initcall pid_namespaces_init+0x0/0x2c returned 0 after 19 usecs
[    8.462474] calling  audit_watch_init+0x0/0x37 @ 1
[    8.468360] initcall audit_watch_init+0x0/0x37 returned 0 after 4 usecs
[    8.476472] calling  audit_fsnotify_init+0x0/0x37 @ 1
[    8.482797] initcall audit_fsnotify_init+0x0/0x37 returned 0 after 3 usecs
[    8.491185] calling  audit_tree_init+0x0/0x6d @ 1
[    8.497018] initcall audit_tree_init+0x0/0x6d returned 0 after 11 usecs
[    8.505186] calling  seccomp_sysctl_init+0x0/0x2b @ 1
[    8.511388] initcall seccomp_sysctl_init+0x0/0x2b returned 0 after 25 usecs
[    8.520571] calling  utsname_sysctl_init+0x0/0x13 @ 1
[    8.528146] initcall utsname_sysctl_init+0x0/0x13 returned 0 after 13 usecs
[    8.538834] calling  init_tracepoints+0x0/0x27 @ 1
[    8.546302] initcall init_tracepoints+0x0/0x27 returned 0 after 4 usecs
[    8.556474] calling  init_blk_tracer+0x0/0x50 @ 1
[    8.564098] initcall init_blk_tracer+0x0/0x50 returned 0 after 274 usecs
[    8.572987] calling  perf_event_sysfs_init+0x0/0x83 @ 1
[    8.580362] initcall perf_event_sysfs_init+0x0/0x83 returned 0 after 731 usecs
[    8.589368] calling  system_trusted_keyring_init+0x0/0x60 @ 1
[    8.596661] Initialise system trusted keyrings
[    8.604158] initcall system_trusted_keyring_init+0x0/0x60 returned 0 after 7319 usecs
[    8.614038] calling  kswapd_init+0x0/0x5c @ 1
[    8.621372] initcall kswapd_init+0x0/0x5c returned 0 after 1564 usecs
[    8.630963] calling  extfrag_debug_init+0x0/0x54 @ 1
[    8.638258] initcall extfrag_debug_init+0x0/0x54 returned 0 after 25 usecs
[    8.648573] calling  mm_compute_batch_init+0x0/0x12 @ 1
[    8.656227] initcall mm_compute_batch_init+0x0/0x12 returned 0 after 15 usecs
[    8.666693] calling  slab_proc_init+0x0/0x21 @ 1
[    8.674202] initcall slab_proc_init+0x0/0x21 returned 0 after 24 usecs
[    8.684225] calling  workingset_init+0x0/0x8c @ 1
[    8.692074] workingset: timestamp_bits=56 max_order=17 bucket_order=0
[    8.701000] initcall workingset_init+0x0/0x8c returned 0 after 8714 usecs
[    8.709462] calling  proc_vmalloc_init+0x0/0x32 @ 1
[    8.716029] initcall proc_vmalloc_init+0x0/0x32 returned 0 after 7 usecs
[    8.724549] calling  procswaps_init+0x0/0x1e @ 1
[    8.731461] initcall procswaps_init+0x0/0x1e returned 0 after 9 usecs
[    8.740368] calling  slab_sysfs_init+0x0/0xec @ 1
[    8.755293] initcall slab_sysfs_init+0x0/0xec returned 0 after 7776 usecs
[    8.763832] calling  fcntl_init+0x0/0x29 @ 1
[    8.769510] initcall fcntl_init+0x0/0x29 returned 0 after 92 usecs
[    8.777241] calling  proc_filesystems_init+0x0/0x21 @ 1
[    8.784008] initcall proc_filesystems_init+0x0/0x21 returned 0 after 5 usecs
[    8.793175] calling  start_dirtytime_writeback+0x0/0x29 @ 1
[    8.800530] initcall start_dirtytime_writeback+0x0/0x29 returned 0 after 2 usecs
[    8.810145] calling  blkdev_init+0x0/0x1b @ 1
[    8.816065] initcall blkdev_init+0x0/0x1b returned 0 after 248 usecs
[    8.824451] calling  dio_init+0x0/0x2c @ 1
[    8.830220] initcall dio_init+0x0/0x2c returned 0 after 92 usecs
[    8.837835] calling  dnotify_init+0x0/0x78 @ 1
[    8.843659] initcall dnotify_init+0x0/0x78 returned 0 after 106 usecs
[    8.852108] calling  aio_setup+0x0/0x78 @ 1
[    8.857856] initcall aio_setup+0x0/0x78 returned 0 after 86 usecs
[    8.865896] calling  io_uring_init+0x0/0x2c @ 1
[    8.871892] initcall io_uring_init+0x0/0x2c returned 0 after 10 usecs
[    8.880326] calling  mbcache_init+0x0/0x30 @ 1
[    8.886245] initcall mbcache_init+0x0/0x30 returned 0 after 85 usecs
[    8.896089] calling  init_grace+0x0/0xc @ 1
[    8.902132] initcall init_grace+0x0/0xc returned 0 after 5 usecs
[    8.910116] calling  init_v2_quota_format+0x0/0x21 @ 1
[    8.917321] initcall init_v2_quota_format+0x0/0x21 returned 0 after 25 usecs
[    8.927199] calling  init_devpts_fs+0x0/0x27 @ 1
[    8.933513] initcall init_devpts_fs+0x0/0x27 returned 0 after 16 usecs
[    8.942905] calling  ext4_init_fs+0x0/0x1c2 @ 1
[    8.952192] initcall ext4_init_fs+0x0/0x1c2 returned 0 after 1567 usecs
[    8.962892] calling  journal_init+0x0/0x11c @ 1
[    8.970649] initcall journal_init+0x0/0x11c returned 0 after 205 usecs
[    8.981310] calling  init_fat_fs+0x0/0x49 @ 1
[    8.987465] initcall init_fat_fs+0x0/0x49 returned 0 after 131 usecs
[    8.996458] calling  init_vfat_fs+0x0/0xc @ 1
[    9.002765] initcall init_vfat_fs+0x0/0xc returned 0 after 5 usecs
[    9.011422] calling  init_msdos_fs+0x0/0xc @ 1
[    9.017377] initcall init_msdos_fs+0x0/0xc returned 0 after 4 usecs
[    9.026017] calling  init_iso9660_fs+0x0/0x6c @ 1
[    9.032841] initcall init_iso9660_fs+0x0/0x6c returned 0 after 212 usecs
[    9.043253] calling  init_nfs_fs+0x0/0x13a @ 1
[    9.057472] initcall init_nfs_fs+0x0/0x13a returned 0 after 6614 usecs
[    9.068043] calling  init_nfs_v2+0x0/0x13 @ 1
[    9.074260] initcall init_nfs_v2+0x0/0x13 returned 0 after 33 usecs
[    9.083161] calling  init_nfs_v3+0x0/0x13 @ 1
[    9.089678] initcall init_nfs_v3+0x0/0x13 returned 0 after 23 usecs
[    9.099112] calling  init_nfs_v4+0x0/0x32 @ 1
[    9.105684] NFS: Registering the id_resolver key type
[    9.113100] Key type id_resolver registered
[    9.119391] Key type id_legacy registered
[    9.125931] initcall init_nfs_v4+0x0/0x32 returned 0 after 19826 usecs
[    9.135566] calling  init_nlm+0x0/0x5b @ 1
[    9.141452] initcall init_nlm+0x0/0x5b returned 0 after 22 usecs
[    9.150155] calling  init_nls_cp437+0x0/0xe @ 1
[    9.156925] initcall init_nls_cp437+0x0/0xe returned 0 after 25 usecs
[    9.166037] calling  init_nls_ascii+0x0/0xe @ 1
[    9.172525] initcall init_nls_ascii+0x0/0xe returned 0 after 1 usecs
[    9.182039] calling  init_nls_iso8859_1+0x0/0xe @ 1
[    9.189195] initcall init_nls_iso8859_1+0x0/0xe returned 0 after 1 usecs
[    9.198939] calling  init_nls_utf8+0x0/0x21 @ 1
[    9.205552] initcall init_nls_utf8+0x0/0x21 returned 0 after 1 usecs
[    9.215080] calling  init_autofs_fs+0x0/0x25 @ 1
[    9.225511] initcall init_autofs_fs+0x0/0x25 returned 0 after 3505 usecs
[    9.235677] calling  ipc_init+0x0/0x24 @ 1
[    9.241648] initcall ipc_init+0x0/0x24 returned 0 after 22 usecs
[    9.250081] calling  ipc_sysctl_init+0x0/0x13 @ 1
[    9.256860] initcall ipc_sysctl_init+0x0/0x13 returned 0 after 15 usecs
[    9.266710] calling  init_mqueue_fs+0x0/0xb1 @ 1
[    9.273892] initcall init_mqueue_fs+0x0/0xb1 returned 0 after 491 usecs
[    9.283888] calling  key_proc_init+0x0/0x63 @ 1
[    9.290371] initcall key_proc_init+0x0/0x63 returned 0 after 7 usecs
[    9.300574] calling  selinux_nf_ip_init+0x0/0x2e @ 1
[    9.308934] initcall selinux_nf_ip_init+0x0/0x2e returned 0 after 22 usecs
[    9.320249] calling  init_sel_fs+0x0/0x116 @ 1
[    9.326961] initcall init_sel_fs+0x0/0x116 returned 0 after 1 usecs
[    9.335380] calling  selnl_init+0x0/0x7c @ 1
[    9.341549] initcall selnl_init+0x0/0x7c returned 0 after 151 usecs
[    9.350844] calling  sel_netif_init+0x0/0x36 @ 1
[    9.357269] initcall sel_netif_init+0x0/0x36 returned 0 after 0 usecs
[    9.366528] calling  sel_netnode_init+0x0/0x33 @ 1
[    9.373545] initcall sel_netnode_init+0x0/0x33 returned 0 after 1 usecs
[    9.383246] calling  sel_netport_init+0x0/0x33 @ 1
[    9.390087] initcall sel_netport_init+0x0/0x33 returned 0 after 0 usecs
[    9.399353] calling  aurule_init+0x0/0x2a @ 1
[    9.405890] initcall aurule_init+0x0/0x2a returned 0 after 2 usecs
[    9.414603] calling  crypto_algapi_init+0x0/0xc @ 1
[    9.421765] initcall crypto_algapi_init+0x0/0xc returned 0 after 8 usecs
[    9.431382] calling  jent_mod_init+0x0/0x2d @ 1
[    9.451602] initcall jent_mod_init+0x0/0x2d returned 0 after 13291 usecs
[    9.463401] calling  asymmetric_key_init+0x0/0xc @ 1
[    9.471335] Key type asymmetric registered
[    9.478305] initcall asymmetric_key_init+0x0/0xc returned 0 after 6808 usecs
[    9.490501] calling  x509_key_init+0x0/0xc @ 1
[    9.498251] Asymmetric key parser 'x509' registered
[    9.507153] initcall x509_key_init+0x0/0xc returned 0 after 8751 usecs
[    9.519099] calling  proc_genhd_init+0x0/0x41 @ 1
[    9.528668] initcall proc_genhd_init+0x0/0x41 returned 0 after 899 usecs
[    9.540951] calling  bsg_init+0x0/0x113 @ 1
[    9.549214] Block layer SCSI generic (bsg) driver version 0.4 loaded (major 251)
[    9.562698] initcall bsg_init+0x0/0x113 returned 0 after 13821 usecs
[    9.573396] calling  deadline_init+0x0/0xc @ 1
[    9.581381] io scheduler mq-deadline registered
[    9.589418] initcall deadline_init+0x0/0xc returned 0 after 7964 usecs
[    9.599958] calling  kyber_init+0x0/0xc @ 1
[    9.606959] io scheduler kyber registered
[    9.614039] initcall kyber_init+0x0/0xc returned 0 after 6912 usecs
[    9.625472] calling  mod_init+0x0/0x7 @ 1
[    9.632521] initcall mod_init+0x0/0x7 returned 0 after 0 usecs
[    9.642945] calling  debug_objects_init_debugfs+0x0/0x3b @ 1
[    9.653561] initcall debug_objects_init_debugfs+0x0/0x3b returned 0 after 645 usecs
[    9.667167] calling  percpu_counter_startup+0x0/0x55 @ 1
[    9.687594] initcall percpu_counter_startup+0x0/0x55 returned 0 after 10187 usecs
[    9.701525] calling  sg_pool_init+0x0/0xb4 @ 1
[    9.711681] initcall sg_pool_init+0x0/0xb4 returned 0 after 2039 usecs
[    9.723337] calling  pcie_portdrv_init+0x0/0x39 @ 1
[    9.731160] initcall pcie_portdrv_init+0x0/0x39 returned 0 after 90 usecs
[    9.741700] calling  pci_proc_init+0x0/0x68 @ 1
[    9.748285] initcall pci_proc_init+0x0/0x68 returned 0 after 24 usecs
[    9.758267] calling  pci_hotplug_init+0x0/0x7 @ 1
[    9.765422] initcall pci_hotplug_init+0x0/0x7 returned 0 after 0 usecs
[    9.775404] calling  efifb_driver_init+0x0/0xe @ 1
[    9.783186] initcall efifb_driver_init+0x0/0xe returned 0 after 34 usecs
[    9.793920] calling  ged_driver_init+0x0/0xe @ 1
[    9.801223] initcall ged_driver_init+0x0/0xe returned 0 after 152 usecs
[    9.811974] calling  acpi_ac_init+0x0/0x92 @ 1
[    9.820433] initcall acpi_ac_init+0x0/0x92 returned 0 after 830 usecs
[    9.830539] calling  acpi_button_driver_init+0x0/0x52 @ 1
[    9.840709] input: Power Button as /devices/LNXSYSTM:00/LNXPWRBN:00/input/input0
[    9.862192] ACPI: Power Button [PWRF]
[    9.868651] initcall acpi_button_driver_init+0x0/0x52 returned 0 after 28854 usecs
[    9.881718] calling  acpi_fan_driver_init+0x0/0xe @ 1
[    9.889514] initcall acpi_fan_driver_init+0x0/0xe returned 0 after 36 usecs
[    9.899457] calling  acpi_video_init+0x0/0xcb @ 1
[    9.907700] initcall acpi_video_init+0x0/0xcb returned 0 after 976 usecs
[    9.917970] calling  acpi_processor_driver_init+0x0/0xad @ 1
[    9.930662] initcall acpi_processor_driver_init+0x0/0xad returned 0 after 2966 usecs
[    9.942928] calling  acpi_thermal_init+0x0/0x71 @ 1
[    9.954551] initcall acpi_thermal_init+0x0/0x71 returned 0 after 3633 usecs
[    9.967150] calling  acpi_battery_init+0x0/0x32 @ 1
[    9.976424] initcall acpi_battery_init+0x0/0x32 returned 0 after 288 usecs
[    9.988508] calling  bgrt_init+0x0/0xb6 @ 1
[    9.995232] initcall bgrt_init+0x0/0xb6 returned -19 after 1 usecs
[   10.005164] calling  gpio_clk_driver_init+0x0/0xe @ 1
[   10.013383] initcall gpio_clk_driver_init+0x0/0xe returned 0 after 56 usecs
[   10.025228] calling  plt_clk_driver_init+0x0/0xe @ 1
[   10.034359] initcall plt_clk_driver_init+0x0/0xe returned 0 after 37 usecs
[   10.046294] calling  virtio_pci_driver_init+0x0/0x15 @ 1
[   10.054363] initcall virtio_pci_driver_init+0x0/0x15 returned 0 after 302 usecs
[   10.066634] calling  n_null_init+0x0/0x1e @ 1
[   10.074838] initcall n_null_init+0x0/0x1e returned 0 after 45 usecs
[   10.086666] calling  pty_init+0x0/0x1e8 @ 1
[   10.097378] initcall pty_init+0x0/0x1e8 returned 0 after 4276 usecs
[   10.108954] calling  sysrq_init+0x0/0x62 @ 1
[   10.116630] initcall sysrq_init+0x0/0x62 returned 0 after 10 usecs
[   10.128360] calling  serial8250_init+0x0/0x17e @ 1
[   10.137295] Serial: 8250/16550 driver, 4 ports, IRQ sharing enabled
[   10.149960] 00:03: ttyS0 at I/O 0x3f8 (irq = 4, base_baud = 115200) is a 16550A
[   10.180137] initcall serial8250_init+0x0/0x17e returned 0 after 41832 usecs
[   10.192630] calling  serial_pci_driver_init+0x0/0x15 @ 1
[   10.203215] initcall serial_pci_driver_init+0x0/0x15 returned 0 after 702 usecs
[   10.217145] calling  exar_pci_driver_init+0x0/0x15 @ 1
[   10.227189] initcall exar_pci_driver_init+0x0/0x15 returned 0 after 35 usecs
[   10.240351] calling  lpss8250_pci_driver_init+0x0/0x15 @ 1
[   10.250261] initcall lpss8250_pci_driver_init+0x0/0x15 returned 0 after 36 usecs
[   10.263464] calling  mid8250_pci_driver_init+0x0/0x15 @ 1
[   10.272244] initcall mid8250_pci_driver_init+0x0/0x15 returned 0 after 42 usecs
[   10.283839] calling  virtio_console_init+0x0/0xff @ 1
[   10.293378] initcall virtio_console_init+0x0/0xff returned 0 after 298 usecs
[   10.304085] calling  hpet_init+0x0/0x64 @ 1
[   10.313516] initcall hpet_init+0x0/0x64 returned 0 after 2416 usecs
[   10.324601] calling  nvram_module_init+0x0/0x83 @ 1
[   10.335179] Non-volatile memory driver v1.3
[   10.341727] initcall nvram_module_init+0x0/0x83 returned 0 after 8764 usecs
[   10.353295] calling  hwrng_modinit+0x0/0x8a @ 1
[   10.365348] initcall hwrng_modinit+0x0/0x8a returned 0 after 4497 usecs
[   10.374877] calling  mod_init+0x0/0x48 @ 1
[   10.381653] initcall mod_init+0x0/0x48 returned -19 after 0 usecs
[   10.390918] calling  agp_init+0x0/0x23 @ 1
[   10.397382] Linux agpgart interface v0.103
[   10.404465] initcall agp_init+0x0/0x23 returned 0 after 6998 usecs
[   10.413829] calling  agp_amd64_mod_init+0x0/0x5 @ 1
[   10.421682] initcall agp_amd64_mod_init+0x0/0x5 returned -19 after 327 usecs
[   10.432426] calling  agp_intel_init+0x0/0x28 @ 1
[   10.440098] initcall agp_intel_init+0x0/0x28 returned 0 after 534 usecs
[   10.450308] calling  drm_kms_helper_init+0x0/0x7 @ 1
[   10.458272] initcall drm_kms_helper_init+0x0/0x7 returned 0 after 0 usecs
[   10.467758] calling  drm_core_init+0x0/0xbd @ 1
[   10.478187] initcall drm_core_init+0x0/0xbd returned 0 after 3929 usecs
[   10.487901] calling  i915_init+0x0/0x6b @ 1
[   10.497098] initcall i915_init+0x0/0x6b returned 0 after 2067 usecs
[   10.506709] calling  cn_proc_init+0x0/0x35 @ 1
[   10.513696] initcall cn_proc_init+0x0/0x35 returned 0 after 36 usecs
[   10.523565] calling  topology_sysfs_init+0x0/0x27 @ 1
[   10.532093] initcall topology_sysfs_init+0x0/0x27 returned 0 after 251 usecs
[   10.543041] calling  cacheinfo_sysfs_init+0x0/0x27 @ 1
[   10.577507] initcall cacheinfo_sysfs_init+0x0/0x27 returned 0 after 25345 usecs
[   10.590269] calling  loop_init+0x0/0x16a @ 1
[   10.763023] loop: module loaded
[   10.767959] initcall loop_init+0x0/0x16a returned 0 after 165703 usecs
[   10.777642] calling  mac_hid_init+0x0/0x21 @ 1
[   10.784538] initcall mac_hid_init+0x0/0x21 returned 0 after 10 usecs
[   10.794268] calling  spi_transport_init+0x0/0x74 @ 1
[   10.802049] initcall spi_transport_init+0x0/0x74 returned 0 after 192 usecs
[   10.812548] calling  init_sd+0x0/0x18c @ 1
[   10.818997] initcall init_sd+0x0/0x18c returned 0 after 174 usecs
[   10.828327] calling  init_sr+0x0/0x43 @ 1
[   10.834940] initcall init_sr+0x0/0x43 returned 0 after 216 usecs
[   10.844375] calling  init_sg+0x0/0x1c0 @ 1
[   10.851854] initcall init_sg+0x0/0x1c0 returned 0 after 263 usecs
[   10.861199] calling  ahci_pci_driver_init+0x0/0x15 @ 1
[   10.869427] ahci 0000:00:1f.2: version 3.0
[   10.878431] PCI Interrupt Link [GSIA] enabled at IRQ 16
[   10.923055] ahci 0000:00:1f.2: AHCI 0001.0000 32 slots 6 ports 1.5 Gbps 0x3f impl SATA mode
[   10.935670] ahci 0000:00:1f.2: flags: 64bit ncq only 
[   10.982047] scsi host0: ahci
[   10.993375] scsi host1: ahci
[   11.009734] scsi host2: ahci
[   11.030437] scsi host3: ahci
[   11.051756] scsi host4: ahci
[   11.072426] scsi host5: ahci
[   11.078768] ata1: SATA max UDMA/133 abar m4096@0xfebf1000 port 0xfebf1100 irq 24
[   11.089260] ata2: SATA max UDMA/133 abar m4096@0xfebf1000 port 0xfebf1180 irq 24
[   11.100446] ata3: SATA max UDMA/133 abar m4096@0xfebf1000 port 0xfebf1200 irq 24
[   11.111151] ata4: SATA max UDMA/133 abar m4096@0xfebf1000 port 0xfebf1280 irq 24
[   11.123076] ata5: SATA max UDMA/133 abar m4096@0xfebf1000 port 0xfebf1300 irq 24
[   11.134301] ata6: SATA max UDMA/133 abar m4096@0xfebf1000 port 0xfebf1380 irq 24
[   11.145667] initcall ahci_pci_driver_init+0x0/0x15 returned 0 after 269961 usecs
[   11.156556] calling  piix_init+0x0/0x26 @ 1
[   11.163568] initcall piix_init+0x0/0x26 returned 0 after 821 usecs
[   11.172455] calling  amd_pci_driver_init+0x0/0x15 @ 1
[   11.179935] initcall amd_pci_driver_init+0x0/0x15 returned 0 after 116 usecs
[   11.190660] calling  oldpiix_pci_driver_init+0x0/0x15 @ 1
[   11.199585] initcall oldpiix_pci_driver_init+0x0/0x15 returned 0 after 255 usecs
[   11.210505] calling  sch_pci_driver_init+0x0/0x15 @ 1
[   11.218353] initcall sch_pci_driver_init+0x0/0x15 returned 0 after 116 usecs
[   11.229081] calling  net_olddevs_init+0x0/0x55 @ 1
[   11.236967] initcall net_olddevs_init+0x0/0x55 returned 0 after 148 usecs
[   11.247500] calling  blackhole_netdev_init+0x0/0x78 @ 1
[   11.256400] initcall blackhole_netdev_init+0x0/0x78 returned 0 after 476 usecs
[   11.267478] calling  phy_module_init+0x0/0x13 @ 1
[   11.275070] initcall phy_module_init+0x0/0x13 returned 0 after 368 usecs
[   11.284840] calling  tg3_driver_init+0x0/0x15 @ 1
[   11.291657] initcall tg3_driver_init+0x0/0x15 returned 0 after 107 usecs
[   11.301623] calling  e100_init_module+0x0/0x4c @ 1
[   11.308942] e100: Intel(R) PRO/100 Network Driver
[   11.316358] e100: Copyright(c) 1999-2006 Intel Corporation
[   11.325927] initcall e100_init_module+0x0/0x4c returned 0 after 16582 usecs
[   11.337628] calling  e1000_init_module+0x0/0x72 @ 1
[   11.345959] e1000: Intel(R) PRO/1000 Network Driver
[   11.354305] e1000: Copyright (c) 1999-2006 Intel Corporation.
[   11.363064] initcall e1000_init_module+0x0/0x72 returned 0 after 16866 usecs
[   11.373105] calling  e1000_init_module+0x0/0x2d @ 1
[   11.381180] e1000e: Intel(R) PRO/1000 Network Driver
[   11.388510] e1000e: Copyright(c) 1999 - 2015 Intel Corporation.
[   11.397754] initcall e1000_init_module+0x0/0x2d returned 0 after 16231 usecs
[   11.408489] calling  sky2_init_module+0x0/0x21 @ 1
[   11.416731] sky2: driver version 1.30
[   11.423766] initcall sky2_init_module+0x0/0x21 returned 0 after 6865 usecs
[   11.435490] calling  forcedeth_pci_driver_init+0x0/0x15 @ 1
[   11.445287] initcall forcedeth_pci_driver_init+0x0/0x15 returned 0 after 115 usecs
[   11.457813] calling  rtl8139_init_module+0x0/0x15 @ 1
[   11.466508] initcall rtl8139_init_module+0x0/0x15 returned 0 after 54 usecs
[   11.472095] ata1: SATA link down (SStatus 0 SControl 300)
[   11.477580] calling  rtl8169_pci_driver_init+0x0/0x15 @ 1
[   11.490044] ata3: SATA link up 1.5 Gbps (SStatus 113 SControl 300)
[   11.493157] initcall rtl8169_pci_driver_init+0x0/0x15 returned 0 after 106 usecs
[   11.508650] ata2: SATA link down (SStatus 0 SControl 300)
[   11.515013] calling  cdrom_init+0x0/0xc @ 1
[   11.523721] ata3.00: ATAPI: QEMU DVD-ROM, 2.5+, max UDMA/100
[   11.529486] initcall cdrom_init+0x0/0xc returned 0 after 151 usecs
[   11.539715] ata3.00: applying bridge limits
[   11.543379] ata5: SATA link down (SStatus 0 SControl 300)
[   11.549838] calling  nonstatic_sysfs_init+0x0/0xc @ 1
[   11.560321] ata4: SATA link down (SStatus 0 SControl 300)
[   11.564496] initcall nonstatic_sysfs_init+0x0/0xc returned 0 after 5 usecs
[   11.574018] ata3.00: configured for UDMA/100
[   11.581777] calling  yenta_cardbus_driver_init+0x0/0x15 @ 1
[   11.595458] ata6: SATA link down (SStatus 0 SControl 300)
[   11.599735] initcall yenta_cardbus_driver_init+0x0/0x15 returned 0 after 232 usecs
[   11.618189] scsi 2:0:0:0: CD-ROM            QEMU     QEMU DVD-ROM     2.5+ PQ: 0 ANSI: 5
[   11.628728] calling  mon_init+0x0/0x144 @ 1
[   11.631163] initcall mon_init+0x0/0x144 returned 0 after 2368 usecs
[   11.658921] calling  ehci_hcd_init+0x0/0x56 @ 1
[   11.691955] ehci_hcd: USB 2.0 'Enhanced' Host Controller (EHCI) Driver
[   11.703472] initcall ehci_hcd_init+0x0/0x56 returned 0 after 12905 usecs
[   11.714197] calling  ehci_pci_init+0x0/0x64 @ 1
[   11.720931] ehci-pci: EHCI PCI platform driver
[   11.743474] initcall ehci_pci_init+0x0/0x64 returned 0 after 22010 usecs
[   11.749163] sr 2:0:0:0: [sr0] scsi3-mmc drive: 4x/4x cd/rw xa/form2 tray
[   11.755264] calling  ohci_hcd_mod_init+0x0/0x4e @ 1
[   11.767137] cdrom: Uniform CD-ROM driver Revision: 3.20
[   11.774646] ohci_hcd: USB 1.1 'Open' Host Controller (OHCI) Driver
[   11.797771] initcall ohci_hcd_mod_init+0x0/0x4e returned 0 after 22579 usecs
[   11.809751] calling  ohci_pci_init+0x0/0x64 @ 1
[   11.817802] ohci-pci: OHCI PCI platform driver
[   11.827022] initcall ohci_pci_init+0x0/0x64 returned 0 after 9323 usecs
[   11.837354] calling  uhci_hcd_init+0x0/0xa8 @ 1
[   11.844596] uhci_hcd: USB Universal Host Controller Interface driver
[   11.857486] initcall uhci_hcd_init+0x0/0xa8 returned 0 after 12583 usecs
[   11.868257] sr 2:0:0:0: Attached scsi CD-ROM sr0
[   11.873350] sr 2:0:0:0: Attached scsi generic sg0 type 5
[   11.875699] calling  xhci_hcd_init+0x0/0x1e @ 1
[   11.892318] initcall xhci_hcd_init+0x0/0x1e returned 0 after 102 usecs
[   11.904230] calling  xhci_pci_init+0x0/0x49 @ 1
[   11.913352] initcall xhci_pci_init+0x0/0x49 returned 0 after 1085 usecs
[   11.924428] calling  usblp_driver_init+0x0/0x15 @ 1
[   11.933753] usbcore: registered new interface driver usblp
[   11.943549] initcall usblp_driver_init+0x0/0x15 returned 0 after 10361 usecs
[   11.956990] calling  usb_storage_driver_init+0x0/0x2a @ 1
[   11.966582] usbcore: registered new interface driver usb-storage
[   11.977387] initcall usb_storage_driver_init+0x0/0x2a returned 0 after 11618 usecs
[   11.988151] calling  i8042_init+0x0/0x4c2 @ 1
[   11.997382] i8042: PNP: PS/2 Controller [PNP0303:KBD,PNP0f13:MOU] at 0x60,0x64 irq 1,12
[   12.030302] serio: i8042 KBD port at 0x60,0x64 irq 1
[   12.037345] serio: i8042 AUX port at 0x60,0x64 irq 12
[   12.044241] initcall i8042_init+0x0/0x4c2 returned 0 after 47451 usecs
[   12.054189] calling  serport_init+0x0/0x2c @ 1
[   12.060600] initcall serport_init+0x0/0x2c returned 0 after 36 usecs
[   12.069075] calling  input_leds_init+0x0/0xc @ 1
[   12.076519] initcall input_leds_init+0x0/0xc returned 0 after 200 usecs
[   12.087663] calling  evdev_init+0x0/0xc @ 1
[   12.100690] initcall evdev_init+0x0/0xc returned 0 after 5616 usecs
[   12.109793] calling  atkbd_init+0x0/0x21 @ 1
[   12.119226] initcall atkbd_init+0x0/0x21 returned 0 after 1851 usecs
[   12.123169] input: AT Translated Set 2 keyboard as /devices/platform/i8042/serio0/input/input1
[   12.131092] calling  psmouse_init+0x0/0x7f @ 1
[   12.153187] initcall psmouse_init+0x0/0x7f returned 0 after 1435 usecs
[   12.164295] calling  cmos_init+0x0/0x73 @ 1
[   12.173661] rtc_cmos 00:04: RTC can wake from S4
[   12.194524] rtc_cmos 00:04: registered as rtc0
[   12.202925] rtc_cmos 00:04: alarms up to one day, y3k, 242 bytes nvram, hpet irqs
[   12.213965] initcall cmos_init+0x0/0x73 returned 0 after 41961 usecs
[   12.224115] calling  smbalert_driver_init+0x0/0xe @ 1
[   12.231294] initcall smbalert_driver_init+0x0/0xe returned 0 after 270 usecs
[   12.241832] calling  i2c_i801_init+0x0/0xc5 @ 1
[   12.262647] i801_smbus 0000:00:1f.3: SMBus using PCI interrupt
[   12.273987] i2c i2c-0: 1/1 memory slots populated (from DMI)
[   12.283185] i2c i2c-0: Memory type 0x07 not supported yet, not instantiating SPD
[   12.298570] initcall i2c_i801_init+0x0/0xc5 returned 0 after 48750 usecs
[   12.309046] calling  ptp_kvm_init+0x0/0xf0 @ 1
[   12.318591] initcall ptp_kvm_init+0x0/0xf0 returned 0 after 1540 usecs
[   12.332197] calling  dm_init+0x0/0x3c @ 1
[   12.339875] device-mapper: ioctl: 4.43.0-ioctl (2020-10-01) initialised: dm-devel@redhat.com
[   12.352669] initcall dm_init+0x0/0x3c returned 0 after 14533 usecs
[   12.360910] calling  dm_mirror_init+0x0/0x29 @ 1
[   12.367025] initcall dm_mirror_init+0x0/0x29 returned 0 after 2 usecs
[   12.376456] calling  dm_dirty_log_init+0x0/0x4f @ 1
[   12.384427] initcall dm_dirty_log_init+0x0/0x4f returned 0 after 71 usecs
[   12.395396] calling  dm_zero_init+0x0/0x29 @ 1
[   12.402824] initcall dm_zero_init+0x0/0x29 returned 0 after 2 usecs
[   12.413245] calling  intel_pstate_init+0x0/0x50f @ 1
[   12.422221] intel_pstate: CPU model not supported
[   12.429914] initcall intel_pstate_init+0x0/0x50f returned -19 after 7636 usecs
[   12.441523] calling  haltpoll_init+0x0/0xc0 @ 1
[   12.449150] initcall haltpoll_init+0x0/0xc0 returned -19 after 37 usecs
[   12.461201] calling  efivars_sysfs_init+0x0/0x30 @ 1
[   12.469186] initcall efivars_sysfs_init+0x0/0x30 returned 0 after 62 usecs
[   12.479694] calling  esrt_sysfs_init+0x0/0x2a2 @ 1
[   12.486361] initcall esrt_sysfs_init+0x0/0x2a2 returned -38 after 33 usecs
[   12.495976] calling  hid_init+0x0/0x5c @ 1
[   12.502597] hid: raw HID events driver (C) Jiri Kosina
[   12.510650] initcall hid_init+0x0/0x5c returned 0 after 8732 usecs
[   12.521541] calling  hid_generic_init+0x0/0x15 @ 1
[   12.530667] initcall hid_generic_init+0x0/0x15 returned 0 after 1205 usecs
[   12.542139] calling  a4_driver_init+0x0/0x15 @ 1
[   12.549589] initcall a4_driver_init+0x0/0x15 returned 0 after 284 usecs
[   12.560160] calling  apple_driver_init+0x0/0x15 @ 1
[   12.568309] initcall apple_driver_init+0x0/0x15 returned 0 after 311 usecs
[   12.578488] calling  belkin_driver_init+0x0/0x15 @ 1
[   12.586326] initcall belkin_driver_init+0x0/0x15 returned 0 after 218 usecs
[   12.596541] calling  ch_driver_init+0x0/0x15 @ 1
[   12.604883] initcall ch_driver_init+0x0/0x15 returned 0 after 386 usecs
[   12.615327] calling  ch_driver_init+0x0/0x15 @ 1
[   12.623384] initcall ch_driver_init+0x0/0x15 returned 0 after 308 usecs
[   12.633418] calling  cp_driver_init+0x0/0x15 @ 1
[   12.640950] initcall cp_driver_init+0x0/0x15 returned 0 after 54 usecs
[   12.651252] calling  ez_driver_init+0x0/0x15 @ 1
[   12.658860] initcall ez_driver_init+0x0/0x15 returned 0 after 152 usecs
[   12.669523] calling  gyration_driver_init+0x0/0x15 @ 1
[   12.676717] initcall gyration_driver_init+0x0/0x15 returned 0 after 35 usecs
[   12.687119] calling  ite_driver_init+0x0/0x15 @ 1
[   12.694333] initcall ite_driver_init+0x0/0x15 returned 0 after 33 usecs
[   12.704369] calling  ks_driver_init+0x0/0x15 @ 1
[   12.711655] initcall ks_driver_init+0x0/0x15 returned 0 after 35 usecs
[   12.721315] calling  lg_driver_init+0x0/0x15 @ 1
[   12.728553] initcall lg_driver_init+0x0/0x15 returned 0 after 57 usecs
[   12.739416] calling  lg_g15_driver_init+0x0/0x15 @ 1
[   12.747375] initcall lg_g15_driver_init+0x0/0x15 returned 0 after 37 usecs
[   12.757687] calling  ms_driver_init+0x0/0x15 @ 1
[   12.765276] initcall ms_driver_init+0x0/0x15 returned 0 after 99 usecs
[   12.775026] calling  mr_driver_init+0x0/0x15 @ 1
[   12.781912] initcall mr_driver_init+0x0/0x15 returned 0 after 34 usecs
[   12.791279] calling  ntrig_driver_init+0x0/0x15 @ 1
[   12.798179] initcall ntrig_driver_init+0x0/0x15 returned 0 after 104 usecs
[   12.807628] calling  pl_driver_init+0x0/0x15 @ 1
[   12.814375] initcall pl_driver_init+0x0/0x15 returned 0 after 27 usecs
[   12.823364] calling  pl_driver_init+0x0/0x15 @ 1
[   12.830483] initcall pl_driver_init+0x0/0x15 returned 0 after 255 usecs
[   12.839701] calling  redragon_driver_init+0x0/0x15 @ 1
[   12.847204] initcall redragon_driver_init+0x0/0x15 returned 0 after 250 usecs
[   12.857380] calling  samsung_driver_init+0x0/0x15 @ 1
[   12.864777] initcall samsung_driver_init+0x0/0x15 returned 0 after 331 usecs
[   12.875471] calling  sony_init+0x0/0x38 @ 1
[   12.882517] initcall sony_init+0x0/0x38 returned 0 after 868 usecs
[   12.892452] calling  sp_driver_init+0x0/0x15 @ 1
[   12.900727] initcall sp_driver_init+0x0/0x15 returned 0 after 271 usecs
[   12.939976] calling  ts_driver_init+0x0/0x15 @ 1
[   12.947435] initcall ts_driver_init+0x0/0x15 returned 0 after 229 usecs
[   12.963260] calling  hid_init+0x0/0x58 @ 1
[   12.989580] usbcore: registered new interface driver usbhid
[   12.996701] usbhid: USB HID core driver
[   13.001996] initcall hid_init+0x0/0x58 returned 0 after 12202 usecs
[   13.010977] calling  eeepc_laptop_init+0x0/0x57 @ 1
[   13.019035] initcall eeepc_laptop_init+0x0/0x57 returned -19 after 474 usecs
[   13.028979] calling  pmc_atom_init+0x0/0x27a @ 1
[   13.040029] initcall pmc_atom_init+0x0/0x27a returned -19 after 8 usecs
[   13.051793] calling  alsa_hwdep_init+0x0/0x5e @ 1
[   13.059255] initcall alsa_hwdep_init+0x0/0x5e returned 0 after 379 usecs
[   13.085376] calling  alsa_timer_init+0x0/0x1f9 @ 1
[   13.094248] initcall alsa_timer_init+0x0/0x1f9 returned 0 after 1803 usecs
[   13.124332] calling  snd_hrtimer_init+0x0/0x117 @ 1
[   13.132235] initcall snd_hrtimer_init+0x0/0x117 returned 0 after 5 usecs
[   13.152434] calling  alsa_pcm_init+0x0/0x64 @ 1
[   13.155254] rcu_torture_rea (147) used greatest stack depth: 14800 bytes left
[   13.160418] initcall alsa_pcm_init+0x0/0x64 returned 0 after 259 usecs
[   13.214123] calling  alsa_seq_init+0x0/0x4a @ 1
[   13.225601] rcu-torture: rcu_torture_read_exit: End of episode
[   13.249496] initcall alsa_seq_init+0x0/0x4a returned 0 after 9180 usecs
[   13.259665] calling  alsa_seq_dummy_init+0x0/0x9c @ 1
[   13.266924] initcall alsa_seq_dummy_init+0x0/0x9c returned 0 after 57 usecs
[   13.276574] calling  azx_driver_init+0x0/0x15 @ 1
[   13.283191] initcall azx_driver_init+0x0/0x15 returned 0 after 135 usecs
[   13.292494] calling  sock_diag_init+0x0/0x2a @ 1
[   13.299335] initcall sock_diag_init+0x0/0x2a returned 0 after 591 usecs
[   13.308597] calling  blackhole_init+0x0/0xc @ 1
[   13.320708] initcall blackhole_init+0x0/0xc returned 0 after 44 usecs
[   13.329984] calling  nfnetlink_init+0x0/0x61 @ 1
[   13.351948] initcall nfnetlink_init+0x0/0x61 returned 0 after 100 usecs
[   13.360569] calling  nfnetlink_log_init+0x0/0x99 @ 1
[   13.367034] initcall nfnetlink_log_init+0x0/0x99 returned 0 after 315 usecs
[   13.375045] input: ImExPS/2 Generic Explorer Mouse as /devices/platform/i8042/serio1/input/input3
[   13.375478] calling  nf_conntrack_standalone_init+0x0/0x87 @ 1
[   13.406315] initcall nf_conntrack_standalone_init+0x0/0x87 returned 0 after 1485 usecs
