c[?7l[2J[0mSeaBIOS (version 1.16.0-debian-1.16.0-4)
Booting from ROM...
early console in setup code
c[?7l[2J[    0.000000] Linux version 5.10.158+ (root@joelboxx.c.googlers.com) (gcc (Debian 12.2.0-3) 12.2.0, GNU ld (GNU Binutils for Debian) 2.39) #18 Tue Dec 13 22:59:31 UTC 2022
[    0.000000] Command line: selinux=0 initcall_debug debug console=ttyS0 rcupdate.rcu_self_test=1 rcutorture.n_barrier_cbs=4 rcutorture.stat_interval=15 rcutorture.shutdown_secs=3600 rcutorture.test_no_idle_hz=1 rcutorture.verbose=1
[    0.000000] x86/fpu: x87 FPU will use FXSAVE
[    0.000000] BIOS-provided physical RAM map:
[    0.000000] BIOS-e820: [mem 0x0000000000000000-0x000000000009fbff] usable
[    0.000000] BIOS-e820: [mem 0x000000000009fc00-0x000000000009ffff] reserved
[    0.000000] BIOS-e820: [mem 0x00000000000f0000-0x00000000000fffff] reserved
[    0.000000] BIOS-e820: [mem 0x0000000000100000-0x000000001ffdefff] usable
[    0.000000] BIOS-e820: [mem 0x000000001ffdf000-0x000000001fffffff] reserved
[    0.000000] BIOS-e820: [mem 0x00000000b0000000-0x00000000bfffffff] reserved
[    0.000000] BIOS-e820: [mem 0x00000000fed1c000-0x00000000fed1ffff] reserved
[    0.000000] BIOS-e820: [mem 0x00000000feffc000-0x00000000feffffff] reserved
[    0.000000] BIOS-e820: [mem 0x00000000fffc0000-0x00000000ffffffff] reserved
[    0.000000] NX (Execute Disable) protection: active
[    0.000000] SMBIOS 2.8 present.
[    0.000000] DMI: QEMU Standard PC (Q35 + ICH9, 2009), BIOS 1.16.0-debian-1.16.0-4 04/01/2014
[    0.000000] Hypervisor detected: KVM
[    0.000000] kvm-clock: Using msrs 4b564d01 and 4b564d00
[    0.000000] kvm-clock: cpu 0, msr e2bf001, primary cpu clock
[    0.000041] kvm-clock: using sched offset of 4319518159 cycles
[    0.000156] clocksource: kvm-clock: mask: 0xffffffffffffffff max_cycles: 0x1cd42e4dffb, max_idle_ns: 881590591483 ns
[    0.000397] tsc: Detected 1999.999 MHz processor
[    0.009110] e820: update [mem 0x00000000-0x00000fff] usable ==> reserved
[    0.009118] e820: remove [mem 0x000a0000-0x000fffff] usable
[    0.009128] last_pfn = 0x1ffdf max_arch_pfn = 0x400000000
[    0.010013] MTRR default type: write-back
[    0.010067] MTRR fixed ranges enabled:
[    0.010070]   00000-9FFFF write-back
[    0.010072]   A0000-BFFFF uncachable
[    0.010074]   C0000-FFFFF write-protect
[    0.010076] MTRR variable ranges enabled:
[    0.010079]   0 base 00C0000000 mask FFC0000000 uncachable
[    0.010081]   1 disabled
[    0.010082]   2 disabled
[    0.010084]   3 disabled
[    0.010086]   4 disabled
[    0.010087]   5 disabled
[    0.010155]   6 disabled
[    0.010159]   7 disabled
[    0.010512] x86/PAT: Configuration [0-7]: WB  WC  UC- UC  WB  WC  UC- UC  
[    0.021256] found SMP MP-table at [mem 0x000f5ba0-0x000f5baf]
[    0.022597] check: Scanning 1 areas for low memory corruption
[    0.034854] ACPI: Early table checksum verification disabled
[    0.037239] ACPI: RSDP 0x00000000000F59E0 000014 (v00 BOCHS )
[    0.037460] ACPI: RSDT 0x000000001FFE229A 000038 (v01 BOCHS  BXPC     00000001 BXPC 00000001)
[    0.037597] ACPI: FACP 0x000000001FFE2092 0000F4 (v03 BOCHS  BXPC     00000001 BXPC 00000001)
[    0.037658] ACPI: DSDT 0x000000001FFE0040 002052 (v01 BOCHS  BXPC     00000001 BXPC 00000001)
[    0.037679] ACPI: FACS 0x000000001FFE0000 000040
[    0.037689] ACPI: APIC 0x000000001FFE2186 000078 (v01 BOCHS  BXPC     00000001 BXPC 00000001)
[    0.037699] ACPI: HPET 0x000000001FFE21FE 000038 (v01 BOCHS  BXPC     00000001 BXPC 00000001)
[    0.037709] ACPI: MCFG 0x000000001FFE2236 00003C (v01 BOCHS  BXPC     00000001 BXPC 00000001)
[    0.037719] ACPI: WAET 0x000000001FFE2272 000028 (v01 BOCHS  BXPC     00000001 BXPC 00000001)
[    0.037728] ACPI: Reserving FACP table memory at [mem 0x1ffe2092-0x1ffe2185]
[    0.037732] ACPI: Reserving DSDT table memory at [mem 0x1ffe0040-0x1ffe2091]
[    0.037736] ACPI: Reserving FACS table memory at [mem 0x1ffe0000-0x1ffe003f]
[    0.037750] ACPI: Reserving APIC table memory at [mem 0x1ffe2186-0x1ffe21fd]
[    0.037807] ACPI: Reserving HPET table memory at [mem 0x1ffe21fe-0x1ffe2235]
[    0.037811] ACPI: Reserving MCFG table memory at [mem 0x1ffe2236-0x1ffe2271]
[    0.037815] ACPI: Reserving WAET table memory at [mem 0x1ffe2272-0x1ffe2299]
[    0.038467] ACPI: Local APIC address 0xfee00000
[    0.039688] Zone ranges:
[    0.039754]   DMA      [mem 0x0000000000001000-0x0000000000ffffff]
[    0.039811]   DMA32    [mem 0x0000000001000000-0x000000001ffdefff]
[    0.039816]   Normal   empty
[    0.039820] Movable zone start for each node
[    0.039823] Early memory node ranges
[    0.039826]   node   0: [mem 0x0000000000001000-0x000000000009efff]
[    0.039845]   node   0: [mem 0x0000000000100000-0x000000001ffdefff]
[    0.039881] Initmem setup node 0 [mem 0x0000000000001000-0x000000001ffdefff]
[    0.039919] On node 0 totalpages: 130941
[    0.039987]   DMA zone: 64 pages used for memmap
[    0.039989]   DMA zone: 21 pages reserved
[    0.040032]   DMA zone: 3998 pages, LIFO batch:0
[    0.040036]   DMA32 zone: 1984 pages used for memmap
[    0.040039]   DMA32 zone: 126943 pages, LIFO batch:31
[    0.051592] On node 0, zone DMA: 1 pages in unavailable ranges
[    0.052700] On node 0, zone DMA: 97 pages in unavailable ranges
[    0.112711] On node 0, zone DMA32: 33 pages in unavailable ranges
[    0.116168] ACPI: PM-Timer IO Port: 0x608
[    0.116176] ACPI: Local APIC address 0xfee00000
[    0.116309] ACPI: LAPIC_NMI (acpi_id[0xff] dfl dfl lint[0x1])
[    0.116814] IOAPIC[0]: apic_id 0, version 17, address 0xfec00000, GSI 0-23
[    0.116963] ACPI: INT_SRC_OVR (bus 0 bus_irq 0 global_irq 2 dfl dfl)
[    0.116990] ACPI: INT_SRC_OVR (bus 0 bus_irq 5 global_irq 5 high level)
[    0.116992] ACPI: INT_SRC_OVR (bus 0 bus_irq 9 global_irq 9 high level)
[    0.117121] ACPI: INT_SRC_OVR (bus 0 bus_irq 10 global_irq 10 high level)
[    0.117124] ACPI: INT_SRC_OVR (bus 0 bus_irq 11 global_irq 11 high level)
[    0.117128] ACPI: IRQ0 used by override.
[    0.117130] ACPI: IRQ5 used by override.
[    0.117132] ACPI: IRQ9 used by override.
[    0.117139] ACPI: IRQ10 used by override.
[    0.117141] ACPI: IRQ11 used by override.
[    0.117169] Using ACPI (MADT) for SMP configuration information
[    0.117172] ACPI: HPET id: 0x8086a201 base: 0xfed00000
[    0.117824] kvm-guest: stealtime: cpu 0, msr da5b4c0
[    0.118469] PM: hibernation: Registered nosave memory: [mem 0x00000000-0x00000fff]
[    0.118473] PM: hibernation: Registered nosave memory: [mem 0x0009f000-0x0009ffff]
[    0.118475] PM: hibernation: Registered nosave memory: [mem 0x000a0000-0x000effff]
[    0.118477] PM: hibernation: Registered nosave memory: [mem 0x000f0000-0x000fffff]
[    0.118482] [mem 0x20000000-0xafffffff] available for PCI devices
[    0.118499] Booting paravirtualized kernel on KVM
[    0.118771] clocksource: refined-jiffies: mask: 0xffffffff max_cycles: 0xffffffff, max_idle_ns: 1910969940391419 ns
[    0.133569] pcpu-alloc: s0 r0 d32768 u32768 alloc=1*32768
[    0.133669] pcpu-alloc: [0] 0 
[    0.134542] Built 1 zonelists, mobility grouping on.  Total pages: 128872
[    0.134650] Kernel command line: selinux=0 initcall_debug debug console=ttyS0 rcupdate.rcu_self_test=1 rcutorture.n_barrier_cbs=4 rcutorture.stat_interval=15 rcutorture.shutdown_secs=3600 rcutorture.test_no_idle_hz=1 rcutorture.verbose=1
[    0.140332] Dentry cache hash table entries: 65536 (order: 7, 524288 bytes, linear)
[    0.141693] Inode-cache hash table entries: 32768 (order: 6, 262144 bytes, linear)
[    0.142148] mem auto-init: stack:all(zero), heap alloc:off, heap free:off
[    0.157953] Memory: 467224K/523764K available (16397K kernel code, 2822K rwdata, 4736K rodata, 1276K init, 13688K bss, 56280K reserved, 0K cma-reserved)
[    0.158286] SLUB: HWalign=64, Order=0-3, MinObjects=0, CPUs=1, Nodes=1
[    0.162760] Kernel/User page tables isolation: enabled
[    0.184387] Running RCU self tests
[    0.192683] NR_IRQS: 4352, nr_irqs: 256, preallocated irqs: 16
[    0.194403] calling  con_init+0x0/0x24f @ 0
[    0.283106] Console: colour VGA+ 80x25
[    0.283209] initcall con_init+0x0/0x24f returned 0 after 0 usecs
[    0.283214] calling  hvc_console_init+0x0/0x13 @ 0
[    0.283361] initcall hvc_console_init+0x0/0x13 returned 0 after 0 usecs
[    0.283365] calling  univ8250_console_init+0x0/0x26 @ 0
[    1.147410] printk: console [ttyS0] enabled
[    1.152340] initcall univ8250_console_init+0x0/0x26 returned 0 after 0 usecs
[    1.160351] Lock dependency validator: Copyright (c) 2006 Red Hat, Inc., Ingo Molnar
[    1.168922] ... MAX_LOCKDEP_SUBCLASSES:  8
[    1.173481] ... MAX_LOCK_DEPTH:          48
[    1.178112] ... MAX_LOCKDEP_KEYS:        8192
[    1.182993] ... CLASSHASH_SIZE:          4096
[    1.187837] ... MAX_LOCKDEP_ENTRIES:     32768
[    1.192778] ... MAX_LOCKDEP_CHAINS:      65536
[    1.197750] ... CHAINHASH_SIZE:          32768
[    1.202834]  memory used by lock dependency info: 6365 kB
[    1.208890]  memory used for stack traces: 4224 kB
[    1.214294]  per task-struct memory footprint: 1920 bytes
[    1.220361] ACPI: Core revision 20200925
[    1.227405] clocksource: hpet: mask: 0xffffffff max_cycles: 0xffffffff, max_idle_ns: 19112604467 ns
[    1.239413] APIC: Switch to symmetric I/O mode setup
[    1.269353] ..TIMER: vector=0x30 apic1=0 pin1=2 apic2=-1 pin2=-1
[    1.278875] clocksource: tsc-early: mask: 0xffffffffffffffff max_cycles: 0x39a85afc727, max_idle_ns: 881590685098 ns
[    1.293675] Calibrating delay loop (skipped) preset value.. 3999.99 BogoMIPS (lpj=1999999)
[    1.294663] pid_max: default: 32768 minimum: 301
[    1.297156] LSM: Security Framework initializing
[    1.299136] Mount-cache hash table entries: 1024 (order: 1, 8192 bytes, linear)
[    1.299663] Mountpoint-cache hash table entries: 1024 (order: 1, 8192 bytes, linear)
[    1.328254] Last level iTLB entries: 4KB 0, 2MB 0, 4MB 0
[    1.328659] Last level dTLB entries: 4KB 0, 2MB 0, 4MB 0, 1GB 0
[    1.329664] CPU: Intel Common KVM processor (family: 0xf, model: 0x6, stepping: 0x1)
[    1.332835] Spectre V1 : Mitigation: usercopy/swapgs barriers and __user pointer sanitization
[    1.333659] Spectre V2 : Mitigation: Retpolines
[    1.335656] Spectre V2 : Spectre v2 / SpectreRSB mitigation: Filling RSB on context switch
[    1.336779] Spectre V2 : Spectre v2 / SpectreRSB : Filling RSB on VMEXIT
[    1.337659] Speculative Store Bypass: Vulnerable
[    1.338821] MDS: Vulnerable: Clear CPU buffers attempted, no microcode
[    1.339657] MMIO Stale Data: Unknown: No mitigations
[    1.452828] RCU test callback executed 1
[    1.454986] RCU test callback executed 2
[    1.455872] calling  init_hw_perf_events+0x0/0x6ce @ 1
[    1.456660] Performance Events: unsupported Netburst CPU model 6 no PMU driver, software events only.
[    1.457667] initcall init_hw_perf_events+0x0/0x6ce returned 0 after 976 usecs
[    1.458665] calling  init_real_mode+0x0/0x1e9 @ 1
[    1.461260] initcall init_real_mode+0x0/0x1e9 returned 0 after 0 usecs
[    1.461678] calling  trace_init_perf_perm_irq_work_exit+0x0/0x12 @ 1
[    1.462664] initcall trace_init_perf_perm_irq_work_exit+0x0/0x12 returned 0 after 0 usecs
[    1.463666] calling  validate_x2apic+0x0/0x4a @ 1
[    1.464692] initcall validate_x2apic+0x0/0x4a returned 0 after 0 usecs
[    1.465666] calling  register_nmi_cpu_backtrace_handler+0x0/0x15 @ 1
[    1.466686] initcall register_nmi_cpu_backtrace_handler+0x0/0x15 returned 0 after 0 usecs
[    1.467686] calling  kvm_setup_vsyscall_timeinfo+0x0/0x34 @ 1
[    1.468665] initcall kvm_setup_vsyscall_timeinfo+0x0/0x34 returned 0 after 0 usecs
[    1.469665] calling  spawn_ksoftirqd+0x0/0x34 @ 1
[    1.471796] initcall spawn_ksoftirqd+0x0/0x34 returned 0 after 976 usecs
[    1.472665] calling  trace_init_flags_sys_enter+0x0/0xe @ 1
[    1.473671] initcall trace_init_flags_sys_enter+0x0/0xe returned 0 after 0 usecs
[    1.474662] calling  trace_init_flags_sys_exit+0x0/0xe @ 1
[    1.475662] initcall trace_init_flags_sys_exit+0x0/0xe returned 0 after 0 usecs
[    1.476662] calling  init_kprobes+0x0/0x16e @ 1
[    1.479270] initcall init_kprobes+0x0/0x16e returned 0 after 976 usecs
[    1.479663] calling  init_events+0x0/0x3d @ 1
[    1.480694] initcall init_events+0x0/0x3d returned 0 after 0 usecs
[    1.481663] calling  init_trace_printk+0x0/0xc @ 1
[    1.482667] initcall init_trace_printk+0x0/0xc returned 0 after 0 usecs
[    1.483664] calling  event_trace_enable_again+0x0/0x23 @ 1
[    1.484664] initcall event_trace_enable_again+0x0/0x23 returned 0 after 0 usecs
[    1.485667] calling  static_call_init+0x0/0x6f @ 1
[    1.486668] initcall static_call_init+0x0/0x6f returned 0 after 0 usecs
[    1.487669] calling  jump_label_init_module+0x0/0xc @ 1
[    1.488728] initcall jump_label_init_module+0x0/0xc returned 0 after 0 usecs
[    1.489702] calling  init_zero_pfn+0x0/0x37 @ 1
[    1.490663] initcall init_zero_pfn+0x0/0x37 returned 0 after 0 usecs
[    1.492664] calling  initialize_ptr_random+0x0/0x54 @ 1
[    1.493721] initcall initialize_ptr_random+0x0/0x54 returned 0 after 0 usecs
[    1.494721] calling  efi_memreserve_root_init+0x0/0x25 @ 1
[    1.495679] initcall efi_memreserve_root_init+0x0/0x25 returned 0 after 0 usecs
[    1.497662] calling  efi_earlycon_remap_fb+0x0/0x51 @ 1
[    1.498664] initcall efi_earlycon_remap_fb+0x0/0x51 returned 0 after 0 usecs
[    1.599652] devtmpfs: initialized
[    1.600786] calling  ipc_ns_init+0x0/0x3d @ 1
[    1.601783] initcall ipc_ns_init+0x0/0x3d returned 0 after 0 usecs
[    1.602663] calling  init_mmap_min_addr+0x0/0x21 @ 1
[    1.603662] initcall init_mmap_min_addr+0x0/0x21 returned 0 after 0 usecs
[    1.604664] calling  pci_realloc_setup_params+0x0/0x3f @ 1
[    1.605663] initcall pci_realloc_setup_params+0x0/0x3f returned 0 after 0 usecs
[    1.606664] calling  net_ns_init+0x0/0x128 @ 1
[    1.609090] initcall net_ns_init+0x0/0x128 returned 0 after 0 usecs
[    1.609683] calling  e820__register_nvs_regions+0x0/0x37 @ 1
[    1.610665] initcall e820__register_nvs_regions+0x0/0x37 returned 0 after 0 usecs
[    1.612662] calling  cpufreq_register_tsc_scaling+0x0/0x2e @ 1
[    1.613663] initcall cpufreq_register_tsc_scaling+0x0/0x2e returned 0 after 0 usecs
[    1.614663] calling  reboot_init+0x0/0x3c @ 1
[    1.615761] initcall reboot_init+0x0/0x3c returned 0 after 0 usecs
[    1.616665] calling  init_lapic_sysfs+0x0/0x20 @ 1
[    1.617693] initcall init_lapic_sysfs+0x0/0x20 returned 0 after 0 usecs
[    1.619660] calling  wq_sysfs_init+0x0/0x2a @ 1
[    1.621722] initcall wq_sysfs_init+0x0/0x2a returned 0 after 976 usecs
[    1.622661] calling  ksysfs_init+0x0/0x92 @ 1
[    1.623747] initcall ksysfs_init+0x0/0x92 returned 0 after 0 usecs
[    1.624661] calling  pm_init+0x0/0x76 @ 1
[    1.625765] initcall pm_init+0x0/0x76 returned 0 after 0 usecs
[    1.626661] calling  pm_disk_init+0x0/0x13 @ 1
[    1.627692] initcall pm_disk_init+0x0/0x13 returned 0 after 0 usecs
[    1.628661] calling  swsusp_header_init+0x0/0x2b @ 1
[    1.629669] initcall swsusp_header_init+0x0/0x2b returned 0 after 0 usecs
[    1.630662] calling  rcu_set_runtime_mode+0x0/0x25 @ 1
[    1.632660] initcall rcu_set_runtime_mode+0x0/0x25 returned 0 after 0 usecs
[    1.633664] calling  init_jiffies_clocksource+0x0/0x13 @ 1
[    1.634662] clocksource: jiffies: mask: 0xffffffff max_cycles: 0xffffffff, max_idle_ns: 1911260446275000 ns
[    1.635672] initcall init_jiffies_clocksource+0x0/0x13 returned 0 after 976 usecs
[    1.636661] calling  futex_init+0x0/0x10e @ 1
[    1.637670] futex hash table entries: 256 (order: 2, 22528 bytes, linear)
[    1.638782] initcall futex_init+0x0/0x10e returned 0 after 976 usecs
[    1.639663] calling  cgroup_wq_init+0x0/0x28 @ 1
[    1.640685] initcall cgroup_wq_init+0x0/0x28 returned 0 after 0 usecs
[    1.641662] calling  cgroup1_wq_init+0x0/0x28 @ 1
[    1.642693] initcall cgroup1_wq_init+0x0/0x28 returned 0 after 0 usecs
[    1.643664] calling  init_kprobe_trace_early+0x0/0x2a @ 1
[    1.644753] initcall init_kprobe_trace_early+0x0/0x2a returned 0 after 0 usecs
[    1.645668] calling  fsnotify_init+0x0/0x56 @ 1
[    1.646687] initcall fsnotify_init+0x0/0x56 returned 0 after 0 usecs
[    1.647663] calling  filelock_init+0x0/0x7f @ 1
[    1.648742] initcall filelock_init+0x0/0x7f returned 0 after 0 usecs
[    1.649661] calling  init_misc_binfmt+0x0/0x2c @ 1
[    1.650692] initcall init_misc_binfmt+0x0/0x2c returned 0 after 0 usecs
[    1.651661] calling  init_script_binfmt+0x0/0x15 @ 1
[    1.652720] initcall init_script_binfmt+0x0/0x15 returned 0 after 0 usecs
[    1.654690] calling  init_elf_binfmt+0x0/0x15 @ 1
[    1.656663] initcall init_elf_binfmt+0x0/0x15 returned 0 after 0 usecs
[    1.657661] calling  init_compat_elf_binfmt+0x0/0x15 @ 1
[    1.658663] initcall init_compat_elf_binfmt+0x0/0x15 returned 0 after 0 usecs
[    1.659660] calling  debugfs_init+0x0/0x5c @ 1
[    1.660711] initcall debugfs_init+0x0/0x5c returned 0 after 0 usecs
[    1.661660] calling  tracefs_init+0x0/0x3a @ 1
[    1.662699] initcall tracefs_init+0x0/0x3a returned 0 after 0 usecs
[    1.663661] calling  prandom_init_early+0x0/0x111 @ 1
[    1.664678] initcall prandom_init_early+0x0/0x111 returned 0 after 0 usecs
[    1.665781] calling  virtio_init+0x0/0x20 @ 1
[    1.666703] initcall virtio_init+0x0/0x20 returned 0 after 0 usecs
[    1.667663] calling  iommu_init+0x0/0x2a @ 1
[    1.668693] initcall iommu_init+0x0/0x2a returned 0 after 0 usecs
[    1.669662] calling  component_debug_init+0x0/0x1c @ 1
[    1.671850] initcall component_debug_init+0x0/0x1c returned 0 after 976 usecs
[    1.672662] calling  early_resume_init+0x0/0xb9 @ 1
[    1.674668] PM: RTC time: 23:01:24, date: 2022-12-13
[    1.675711] initcall early_resume_init+0x0/0xb9 returned 0 after 1953 usecs
[    1.676668] calling  cpufreq_core_init+0x0/0x62 @ 1
[    1.677811] initcall cpufreq_core_init+0x0/0x62 returned 0 after 0 usecs
[    1.678667] calling  cpufreq_gov_performance_init+0x0/0xc @ 1
[    1.679940] initcall cpufreq_gov_performance_init+0x0/0xc returned 0 after 0 usecs
[    1.681665] calling  cpufreq_gov_userspace_init+0x0/0xc @ 1
[    1.682669] initcall cpufreq_gov_userspace_init+0x0/0xc returned 0 after 0 usecs
[    1.683666] calling  CPU_FREQ_GOV_ONDEMAND_init+0x0/0xc @ 1
[    1.684684] initcall CPU_FREQ_GOV_ONDEMAND_init+0x0/0xc returned 0 after 0 usecs
[    1.686665] calling  cpuidle_init+0x0/0x1f @ 1
[    1.687724] initcall cpuidle_init+0x0/0x1f returned 0 after 0 usecs
[    1.688706] calling  capsule_reboot_register+0x0/0xc @ 1
[    1.690688] initcall capsule_reboot_register+0x0/0xc returned 0 after 0 usecs
[    1.691664] calling  sock_init+0x0/0x93 @ 1
[    1.693674] initcall sock_init+0x0/0x93 returned 0 after 976 usecs
[    1.694662] calling  net_inuse_init+0x0/0x23 @ 1
[    1.695709] initcall net_inuse_init+0x0/0x23 returned 0 after 0 usecs
[    1.696662] calling  net_defaults_init+0x0/0x23 @ 1
[    1.697663] initcall net_defaults_init+0x0/0x23 returned 0 after 0 usecs
[    1.698663] calling  init_default_flow_dissectors+0x0/0x4f @ 1
[    1.699680] initcall init_default_flow_dissectors+0x0/0x4f returned 0 after 0 usecs
[    1.700664] calling  netpoll_init+0x0/0x44 @ 1
[    1.701668] initcall netpoll_init+0x0/0x44 returned 0 after 0 usecs
[    1.702664] calling  netlink_proto_init+0x0/0x154 @ 1
[    1.703905] NET: Registered protocol family 16
[    1.704943] initcall netlink_proto_init+0x0/0x154 returned 0 after 976 usecs
[    1.706662] calling  genl_init+0x0/0x35 @ 1
[    1.707739] initcall genl_init+0x0/0x35 returned 0 after 0 usecs
[    1.708780] calling  bsp_pm_check_init+0x0/0x13 @ 1
[    1.709662] initcall bsp_pm_check_init+0x0/0x13 returned 0 after 0 usecs
[    1.710684] calling  irq_sysfs_init+0x0/0xb9 @ 1
[    1.712972] initcall irq_sysfs_init+0x0/0xb9 returned 0 after 976 usecs
[    1.713666] calling  audit_init+0x0/0x127 @ 1
[    1.714676] audit: initializing netlink subsys (disabled)
[    1.716679] initcall audit_init+0x0/0x127 returned 0 after 1953 usecs
[    1.717666] calling  release_early_probes+0x0/0x32 @ 1
[    1.718668] initcall release_early_probes+0x0/0x32 returned 0 after 0 usecs
[    1.719665] calling  bdi_class_init+0x0/0x48 @ 1
[    1.720762] initcall bdi_class_init+0x0/0x48 returned 0 after 0 usecs
[    1.721666] calling  mm_sysfs_init+0x0/0x28 @ 1
[    1.722679] initcall mm_sysfs_init+0x0/0x28 returned 0 after 0 usecs
[    1.723668] calling  init_per_zone_wmark_min+0x0/0x5e @ 1
[    1.724697] initcall init_per_zone_wmark_min+0x0/0x5e returned 0 after 0 usecs
[    1.725670] calling  mpi_init+0x0/0x3e @ 1
[    1.726779] initcall mpi_init+0x0/0x3e returned 0 after 0 usecs
[    1.727661] calling  kobject_uevent_init+0x0/0xc @ 1
[    1.728695] initcall kobject_uevent_init+0x0/0xc returned 0 after 0 usecs
[    1.729663] calling  pcibus_class_init+0x0/0x13 @ 1
[    1.730683] initcall pcibus_class_init+0x0/0x13 returned 0 after 0 usecs
[    1.731663] calling  pci_driver_init+0x0/0x21 @ 1
[    1.733670] initcall pci_driver_init+0x0/0x21 returned 0 after 976 usecs
[    1.734663] calling  backlight_class_init+0x0/0xa8 @ 1
[    1.735697] initcall backlight_class_init+0x0/0xa8 returned 0 after 0 usecs
[    1.736664] calling  tty_class_init+0x0/0x33 @ 1
[    1.737679] initcall tty_class_init+0x0/0x33 returned 0 after 0 usecs
[    1.738661] calling  vtconsole_class_init+0x0/0xb5 @ 1
[    1.739982] initcall vtconsole_class_init+0x0/0xb5 returned 0 after 0 usecs
[    1.740664] calling  iommu_dev_init+0x0/0x13 @ 1
[    1.741678] initcall iommu_dev_init+0x0/0x13 returned 0 after 0 usecs
[    1.742689] calling  mipi_dsi_bus_init+0x0/0xc @ 1
[    1.743747] initcall mipi_dsi_bus_init+0x0/0xc returned 0 after 0 usecs
[    1.744662] calling  devlink_class_init+0x0/0x40 @ 1
[    1.745704] initcall devlink_class_init+0x0/0x40 returned 0 after 0 usecs
[    1.746661] calling  software_node_init+0x0/0x2a @ 1
[    1.747675] initcall software_node_init+0x0/0x2a returned 0 after 0 usecs
[    1.748663] calling  wakeup_sources_debugfs_init+0x0/0x23 @ 1
[    1.750680] initcall wakeup_sources_debugfs_init+0x0/0x23 returned 0 after 0 usecs
[    1.751662] calling  wakeup_sources_sysfs_init+0x0/0x2c @ 1
[    1.752693] initcall wakeup_sources_sysfs_init+0x0/0x2c returned 0 after 0 usecs
[    1.753668] calling  regmap_initcall+0x0/0xc @ 1
[    1.754767] initcall regmap_initcall+0x0/0xc returned 0 after 0 usecs
[    1.755664] calling  i2c_init+0x0/0xb3 @ 1
[    1.757659] initcall i2c_init+0x0/0xb3 returned 0 after 976 usecs
[    1.758662] calling  thermal_init+0x0/0x116 @ 1
[    1.760897] thermal_sys: Registered thermal governor 'step_wise'
[    1.761197] thermal_sys: Registered thermal governor 'user_space'
[    1.761683] initcall thermal_init+0x0/0x116 returned 0 after 976 usecs
[    1.763663] calling  init_menu+0x0/0xc @ 1
[    1.764771] cpuidle: using governor menu
[    1.765664] initcall init_menu+0x0/0xc returned 0 after 976 usecs
[    1.766663] calling  pcc_init+0x0/0x4d @ 1
[    1.767725] initcall pcc_init+0x0/0x4d returned -19 after 0 usecs
[    1.768664] calling  amd_postcore_init+0x0/0x11e @ 1
[    1.769667] initcall amd_postcore_init+0x0/0x11e returned 0 after 0 usecs
[    1.770688] calling  bts_init+0x0/0xba @ 1
[    1.771666] initcall bts_init+0x0/0xba returned -19 after 0 usecs
[    1.772664] calling  pt_init+0x0/0x2f7 @ 1
[    1.773663] initcall pt_init+0x0/0x2f7 returned -19 after 0 usecs
[    1.774666] calling  boot_params_ksysfs_init+0x0/0x2ee @ 1
[    1.775836] initcall boot_params_ksysfs_init+0x0/0x2ee returned 0 after 0 usecs
[    1.776664] calling  sbf_init+0x0/0xea @ 1
[    1.777664] initcall sbf_init+0x0/0xea returned 0 after 0 usecs
[    1.778665] calling  arch_kdebugfs_init+0x0/0x219 @ 1
[    1.779784] initcall arch_kdebugfs_init+0x0/0x219 returned 0 after 0 usecs
[    1.780662] calling  intel_pconfig_init+0x0/0x85 @ 1
[    1.781662] initcall intel_pconfig_init+0x0/0x85 returned 0 after 0 usecs
[    1.782661] calling  mtrr_if_init+0x0/0x5d @ 1
[    1.783670] initcall mtrr_if_init+0x0/0x5d returned 0 after 0 usecs
[    1.784666] calling  activate_jump_labels+0x0/0x31 @ 1
[    1.785664] initcall activate_jump_labels+0x0/0x31 returned 0 after 0 usecs
[    1.786660] calling  ffh_cstate_init+0x0/0x29 @ 1
[    1.787667] initcall ffh_cstate_init+0x0/0x29 returned 0 after 0 usecs
[    1.788661] calling  activate_jump_labels+0x0/0x31 @ 1
[    1.790685] initcall activate_jump_labels+0x0/0x31 returned 0 after 976 usecs
[    1.791667] calling  kvm_alloc_cpumask+0x0/0x2b @ 1
[    1.792740] initcall kvm_alloc_cpumask+0x0/0x2b returned 0 after 0 usecs
[    1.793668] calling  kcmp_cookies_init+0x0/0x37 @ 1
[    1.794748] initcall kcmp_cookies_init+0x0/0x37 returned 0 after 0 usecs
[    1.795667] calling  cryptomgr_init+0x0/0xc @ 1
[    1.796956] initcall cryptomgr_init+0x0/0xc returned 0 after 0 usecs
[    1.797669] calling  acpi_pci_init+0x0/0x57 @ 1
[    1.798681] ACPI: bus type PCI registered
[    1.799670] initcall acpi_pci_init+0x0/0x57 returned 0 after 976 usecs
[    1.801664] calling  dma_channel_table_init+0x0/0xce @ 1
[    1.802675] initcall dma_channel_table_init+0x0/0xce returned 0 after 0 usecs
[    1.803662] calling  dma_bus_init+0x0/0xdc @ 1
[    1.804970] initcall dma_bus_init+0x0/0xdc returned 0 after 0 usecs
[    1.805926] calling  iommu_dma_init+0x0/0x10 @ 1
[    1.806759] initcall iommu_dma_init+0x0/0x10 returned 0 after 0 usecs
[    1.807665] calling  dmi_id_init+0x0/0x37c @ 1
[    1.809687] initcall dmi_id_init+0x0/0x37c returned 0 after 976 usecs
[    1.811099] calling  pci_arch_init+0x0/0x71 @ 1
[    1.813801] PCI: MMCONFIG for domain 0000 [bus 00-ff] at [mem 0xb0000000-0xbfffffff] (base 0xb0000000)
[    1.814666] PCI: MMCONFIG at [mem 0xb0000000-0xbfffffff] reserved in E820
[    1.815701] PCI: Using configuration type 1 for base access
[    1.816855] initcall pci_arch_init+0x0/0x71 returned 0 after 4882 usecs
[    1.817692] calling  init_vdso+0x0/0x13 @ 1
[    1.818906] initcall init_vdso+0x0/0x13 returned 0 after 0 usecs
[    1.819670] calling  sysenter_setup+0x0/0x13 @ 1
[    1.821112] initcall sysenter_setup+0x0/0x13 returned 0 after 0 usecs
[    1.821664] calling  fixup_ht_bug+0x0/0x7f @ 1
[    1.822662] initcall fixup_ht_bug+0x0/0x7f returned 0 after 0 usecs
[    1.823662] calling  topology_init+0x0/0x15 @ 1
[    1.824826] initcall topology_init+0x0/0x15 returned 0 after 0 usecs
[    1.825661] calling  intel_epb_init+0x0/0x68 @ 1
[    1.826661] initcall intel_epb_init+0x0/0x68 returned -19 after 0 usecs
[    1.827659] calling  mtrr_init_finialize+0x0/0x3e @ 1
[    1.828661] initcall mtrr_init_finialize+0x0/0x3e returned 0 after 0 usecs
[    1.829661] calling  uid_cache_init+0x0/0x85 @ 1
[    1.830686] initcall uid_cache_init+0x0/0x85 returned 0 after 0 usecs
[    1.831665] calling  param_sysfs_init+0x0/0x1ba @ 1
[    1.848948] initcall param_sysfs_init+0x0/0x1ba returned 0 after 15625 usecs
[    1.849666] calling  user_namespace_sysctl_init+0x0/0x33 @ 1
[    1.850681] initcall user_namespace_sysctl_init+0x0/0x33 returned 0 after 0 usecs
[    1.851664] calling  proc_schedstat_init+0x0/0x24 @ 1
[    1.852672] initcall proc_schedstat_init+0x0/0x24 returned 0 after 0 usecs
[    1.853664] calling  pm_sysrq_init+0x0/0x18 @ 1
[    1.854685] initcall pm_sysrq_init+0x0/0x18 returned 0 after 0 usecs
[    1.855740] calling  create_proc_profile+0x0/0x50 @ 1
[    1.856662] initcall create_proc_profile+0x0/0x50 returned 0 after 0 usecs
[    1.857665] calling  time_ns_init+0x0/0x7 @ 1
[    1.858664] initcall time_ns_init+0x0/0x7 returned 0 after 0 usecs
[    1.859661] calling  crash_save_vmcoreinfo_init+0x0/0x756 @ 1
[    1.860787] initcall crash_save_vmcoreinfo_init+0x0/0x756 returned 0 after 0 usecs
[    1.861660] calling  crash_notes_memory_init+0x0/0x35 @ 1
[    1.862667] initcall crash_notes_memory_init+0x0/0x35 returned 0 after 0 usecs
[    1.863664] calling  cgroup_sysfs_init+0x0/0x13 @ 1
[    1.864704] initcall cgroup_sysfs_init+0x0/0x13 returned 0 after 0 usecs
[    1.865667] calling  cgroup_namespaces_init+0x0/0x7 @ 1
[    1.866668] initcall cgroup_namespaces_init+0x0/0x7 returned 0 after 0 usecs
[    1.867664] calling  init_optprobes+0x0/0x13 @ 1
[    1.868757] Kprobes globally optimized
[    1.869663] initcall init_optprobes+0x0/0x13 returned 0 after 976 usecs
[    1.870663] calling  oom_init+0x0/0x2f @ 1
[    1.871916] audit: type=2000 audit(1670972483.039:1): state=initialized audit_enabled=0 res=1
[    1.872702] initcall oom_init+0x0/0x2f returned 0 after 976 usecs
[    1.873662] calling  default_bdi_init+0x0/0xb3 @ 1
[    1.874894] initcall default_bdi_init+0x0/0xb3 returned 0 after 0 usecs
[    1.875718] calling  percpu_enable_async+0x0/0xe @ 1
[    1.876663] initcall percpu_enable_async+0x0/0xe returned 0 after 0 usecs
[    1.877663] calling  kcompactd_init+0x0/0x46 @ 1
[    1.878754] initcall kcompactd_init+0x0/0x46 returned 0 after 0 usecs
[    1.879743] calling  init_user_reserve+0x0/0x30 @ 1
[    1.880661] initcall init_user_reserve+0x0/0x30 returned 0 after 0 usecs
[    1.881660] calling  init_admin_reserve+0x0/0x30 @ 1
[    1.882660] initcall init_admin_reserve+0x0/0x30 returned 0 after 0 usecs
[    1.883662] calling  init_reserve_notifier+0x0/0x7 @ 1
[    1.884660] initcall init_reserve_notifier+0x0/0x7 returned 0 after 0 usecs
[    1.885661] calling  swap_init_sysfs+0x0/0x62 @ 1
[    1.886726] initcall swap_init_sysfs+0x0/0x62 returned 0 after 0 usecs
[    1.887661] calling  swapfile_init+0x0/0x46 @ 1
[    1.888662] initcall swapfile_init+0x0/0x46 returned 0 after 0 usecs
[    1.889691] calling  hugetlb_init+0x0/0x43f @ 1
[    1.891662] HugeTLB registered 2.00 MiB page size, pre-allocated 0 pages
[    1.892681] initcall hugetlb_init+0x0/0x43f returned 0 after 976 usecs
[    1.893659] calling  io_wq_init+0x0/0x34 @ 1
[    1.894664] initcall io_wq_init+0x0/0x34 returned 0 after 0 usecs
[    1.895664] calling  seqiv_module_init+0x0/0xc @ 1
[    1.896774] initcall seqiv_module_init+0x0/0xc returned 0 after 0 usecs
[    1.897670] calling  echainiv_module_init+0x0/0xc @ 1
[    1.898672] initcall echainiv_module_init+0x0/0xc returned 0 after 0 usecs
[    1.899761] calling  rsa_init+0x0/0x50 @ 1
[    1.901160] cryptomgr_test (18) used greatest stack depth: 14864 bytes left
[    1.901730] initcall rsa_init+0x0/0x50 returned 0 after 976 usecs
[    1.902669] calling  crypto_cmac_module_init+0x0/0xc @ 1
[    1.903687] initcall crypto_cmac_module_init+0x0/0xc returned 0 after 0 usecs
[    1.904662] calling  hmac_module_init+0x0/0xc @ 1
[    1.905664] initcall hmac_module_init+0x0/0xc returned 0 after 0 usecs
[    1.907661] calling  crypto_null_mod_init+0x0/0x65 @ 1
[    1.916172] initcall crypto_null_mod_init+0x0/0x65 returned 0 after 5859 usecs
[    1.916725] calling  md5_mod_init+0x0/0xc @ 1
[    1.917770] initcall md5_mod_init+0x0/0xc returned 0 after 0 usecs
[    1.918666] calling  sha256_generic_mod_init+0x0/0x11 @ 1
[    1.920819] initcall sha256_generic_mod_init+0x0/0x11 returned 0 after 976 usecs
[    1.921669] calling  crypto_cbc_module_init+0x0/0xc @ 1
[    1.922666] initcall crypto_cbc_module_init+0x0/0xc returned 0 after 0 usecs
[    1.923662] calling  crypto_ctr_module_init+0x0/0x11 @ 1
[    1.924670] initcall crypto_ctr_module_init+0x0/0x11 returned 0 after 0 usecs
[    1.925665] calling  crypto_gcm_module_init+0x0/0x64 @ 1
[    1.926719] initcall crypto_gcm_module_init+0x0/0x64 returned 0 after 0 usecs
[    1.927664] calling  crypto_ccm_module_init+0x0/0x11 @ 1
[    1.929107] initcall crypto_ccm_module_init+0x0/0x11 returned 0 after 0 usecs
[    1.929667] calling  aes_init+0x0/0xc @ 1
[    1.931742] initcall aes_init+0x0/0xc returned 0 after 976 usecs
[    1.932748] calling  crc32c_mod_init+0x0/0xc @ 1
[    1.933824] initcall crc32c_mod_init+0x0/0xc returned 0 after 0 usecs
[    1.934661] calling  crypto_authenc_module_init+0x0/0xc @ 1
[    1.935667] initcall crypto_authenc_module_init+0x0/0xc returned 0 after 0 usecs
[    1.936665] calling  crypto_authenc_esn_module_init+0x0/0xc @ 1
[    1.938667] initcall crypto_authenc_esn_module_init+0x0/0xc returned 0 after 0 usecs
[    1.939668] calling  drbg_init+0x0/0x7c @ 1
[    1.942037] initcall drbg_init+0x0/0x7c returned 0 after 976 usecs
[    1.942668] calling  ghash_mod_init+0x0/0xc @ 1
[    1.943788] initcall ghash_mod_init+0x0/0xc returned 0 after 0 usecs
[    1.944666] calling  init_bio+0x0/0x9a @ 1
[    1.949093] initcall init_bio+0x0/0x9a returned 0 after 2929 usecs
[    1.949665] calling  blk_settings_init+0x0/0x29 @ 1
[    1.950669] initcall blk_settings_init+0x0/0x29 returned 0 after 0 usecs
[    1.951667] calling  blk_ioc_init+0x0/0x29 @ 1
[    1.952678] initcall blk_ioc_init+0x0/0x29 returned 0 after 0 usecs
[    1.953665] calling  blk_mq_init+0x0/0x96 @ 1
[    1.955282] initcall blk_mq_init+0x0/0x96 returned 0 after 0 usecs
[    1.955669] calling  genhd_device_init+0x0/0x75 @ 1
[    1.980696] initcall genhd_device_init+0x0/0x75 returned 0 after 23437 usecs
[    1.982652] calling  pci_slot_init+0x0/0x40 @ 1
[    1.985578] initcall pci_slot_init+0x0/0x40 returned 0 after 976 usecs
[    1.985980] calling  fbmem_init+0x0/0xd8 @ 1
[    2.008941] initcall fbmem_init+0x0/0xd8 returned 0 after 21484 usecs
[    2.009667] calling  acpi_init+0x0/0x316 @ 1
[    2.015225] ACPI: Added _OSI(Module Device)
[    2.015662] ACPI: Added _OSI(Processor Device)
[    2.016659] ACPI: Added _OSI(3.0 _SCP Extensions)
[    2.017660] ACPI: Added _OSI(Processor Aggregator Device)
[    2.018663] ACPI: Added _OSI(Linux-Dell-Video)
[    2.019662] ACPI: Added _OSI(Linux-Lenovo-NV-HDMI-Audio)
[    2.020663] ACPI: Added _OSI(Linux-HPI-Hybrid-Graphics)
[    2.037657] ACPI: 1 ACPI AML tables successfully acquired and loaded
[    2.062033] ACPI: Interpreter enabled
[    2.065575] ACPI: (supports S0 S3 S4 S5)
[    2.065661] ACPI: Using IOAPIC for interrupt routing
[    2.068418] PCI: Using host bridge windows from ACPI; if necessary, use "pci=nocrs" and report a bug
[    2.071652] ACPI: Enabled 2 GPEs in block 00 to 3F
[    2.103351] ACPI: PCI Root Bridge [PCI0] (domain 0000 [bus 00-ff])
[    2.106659] acpi PNP0A08:00: _OSC: OS supports [ExtendedConfig ASPM ClockPM Segments MSI HPX-Type3]
[    2.110621] acpi PNP0A08:00: _OSC: platform does not support [LTR]
[    2.112844] acpi PNP0A08:00: _OSC: OS now controls [PME PCIeCapability]
[    2.120118] PCI host bridge to bus 0000:00
[    2.121141] pci_bus 0000:00: root bus resource [io  0x0000-0x0cf7 window]
[    2.122662] pci_bus 0000:00: root bus resource [io  0x0d00-0xffff window]
[    2.123664] pci_bus 0000:00: root bus resource [mem 0x000a0000-0x000bffff window]
[    2.124662] pci_bus 0000:00: root bus resource [mem 0x20000000-0xafffffff window]
[    2.126652] pci_bus 0000:00: root bus resource [mem 0xc0000000-0xfebfffff window]
[    2.127873] pci_bus 0000:00: root bus resource [mem 0x100000000-0x8ffffffff window]
[    2.128665] pci_bus 0000:00: root bus resource [bus 00-ff]
[    2.136425] pci 0000:00:00.0: calling  quirk_mmio_always_on+0x0/0x10 @ 1
[    2.137148] pci 0000:00:00.0: quirk_mmio_always_on+0x0/0x10 took 0 usecs
[    2.137667] pci 0000:00:00.0: [8086:29c0] type 00 class 0x060000
[    2.144652] pci 0000:00:00.0: calling  quirk_igfx_skip_te_disable+0x0/0x80 @ 1
[    2.146019] pci 0000:00:00.0: quirk_igfx_skip_te_disable+0x0/0x80 took 0 usecs
[    2.153970] pci 0000:00:01.0: [1234:1111] type 00 class 0x030000
[    2.164652] pci 0000:00:01.0: reg 0x10: [mem 0xfd000000-0xfdffffff pref]
[    2.180652] pci 0000:00:01.0: reg 0x18: [mem 0xfebf0000-0xfebf0fff]
[    2.208652] pci 0000:00:01.0: reg 0x30: [mem 0xfebe0000-0xfebeffff pref]
[    2.220652] pci 0000:00:01.0: calling  efifb_fixup_resources+0x0/0xf0 @ 1
[    2.222022] pci 0000:00:01.0: efifb_fixup_resources+0x0/0xf0 took 0 usecs
[    2.255754] pci 0000:00:1f.0: [8086:2918] type 00 class 0x060100
[    2.262652] pci 0000:00:1f.0: calling  quirk_ich7_lpc+0x0/0x60 @ 1
[    2.265652] pci 0000:00:1f.0: quirk: [io  0x0600-0x067f] claimed by ICH6 ACPI/GPIO/TCO
[    2.267665] pci 0000:00:1f.0: quirk_ich7_lpc+0x0/0x60 took 3906 usecs
[    2.269239] pci 0000:00:1f.0: calling  quirk_igfx_skip_te_disable+0x0/0x80 @ 1
[    2.271825] pci 0000:00:1f.0: quirk_igfx_skip_te_disable+0x0/0x80 took 0 usecs
[    2.276073] pci 0000:00:1f.2: [8086:2922] type 00 class 0x010601
[    2.287661] pci 0000:00:1f.2: reg 0x20: [io  0xc040-0xc05f]
[    2.290663] pci 0000:00:1f.2: reg 0x24: [mem 0xfebf1000-0xfebf1fff]
[    2.293904] pci 0000:00:1f.2: calling  quirk_igfx_skip_te_disable+0x0/0x80 @ 1
[    2.294670] pci 0000:00:1f.2: quirk_igfx_skip_te_disable+0x0/0x80 took 0 usecs
[    2.301754] pci 0000:00:1f.3: [8086:2930] type 00 class 0x0c0500
[    2.311661] pci 0000:00:1f.3: reg 0x20: [io  0x0700-0x073f]
[    2.315652] pci 0000:00:1f.3: calling  quirk_igfx_skip_te_disable+0x0/0x80 @ 1
[    2.316671] pci 0000:00:1f.3: quirk_igfx_skip_te_disable+0x0/0x80 took 0 usecs
[    2.319447] pci_bus 0000:00: on NUMA node 0
[    2.337607] ACPI: PCI Interrupt Link [LNKA] (IRQs 5 *10 11)
[    2.341156] ACPI: PCI Interrupt Link [LNKB] (IRQs 5 *10 11)
[    2.343042] ACPI: PCI Interrupt Link [LNKC] (IRQs 5 10 *11)
[    2.344828] ACPI: PCI Interrupt Link [LNKD] (IRQs 5 10 *11)
[    2.346710] ACPI: PCI Interrupt Link [LNKE] (IRQs 5 *10 11)
[    2.348711] ACPI: PCI Interrupt Link [LNKF] (IRQs 5 *10 11)
[    2.350845] ACPI: PCI Interrupt Link [LNKG] (IRQs 5 10 *11)
[    2.352978] ACPI: PCI Interrupt Link [LNKH] (IRQs 5 10 *11)
[    2.353908] ACPI: PCI Interrupt Link [GSIA] (IRQs *16)
[    2.354702] ACPI: PCI Interrupt Link [GSIB] (IRQs *17)
[    2.355694] ACPI: PCI Interrupt Link [GSIC] (IRQs *18)
[    2.356694] ACPI: PCI Interrupt Link [GSID] (IRQs *19)
[    2.357703] ACPI: PCI Interrupt Link [GSIE] (IRQs *20)
[    2.358704] ACPI: PCI Interrupt Link [GSIF] (IRQs *21)
[    2.359741] ACPI: PCI Interrupt Link [GSIG] (IRQs *22)
[    2.360706] ACPI: PCI Interrupt Link [GSIH] (IRQs *23)
[    2.368291] initcall acpi_init+0x0/0x316 returned 0 after 348632 usecs
[    2.369071] calling  pnp_init+0x0/0xc @ 1
[    2.371696] initcall pnp_init+0x0/0xc returned 0 after 976 usecs
[    2.372662] calling  misc_init+0x0/0xbf @ 1
[    2.377877] initcall misc_init+0x0/0xbf returned 0 after 3906 usecs
[    2.378670] calling  iommu_subsys_init+0x0/0x4e @ 1
[    2.380292] iommu: Default domain type: Translated 
[    2.380672] initcall iommu_subsys_init+0x0/0x4e returned 0 after 976 usecs
[    2.381670] calling  vga_arb_device_init+0x0/0x261 @ 1
[    2.397163] pci 0000:00:01.0: vgaarb: setting as boot VGA device
[    2.397652] pci 0000:00:01.0: vgaarb: VGA device added: decodes=io+mem,owns=io+mem,locks=none
[    2.397663] pci 0000:00:01.0: vgaarb: bridge control possible
[    2.398659] vgaarb: loaded
[    2.399664] initcall vga_arb_device_init+0x0/0x261 returned 0 after 16601 usecs
[    2.401652] calling  cn_init+0x0/0xf0 @ 1
[    2.411670] initcall cn_init+0x0/0xf0 returned 0 after 6835 usecs
[    2.412665] calling  dma_buf_init+0x0/0xad @ 1
[    2.425474] initcall dma_buf_init+0x0/0xad returned 0 after 10742 usecs
[    2.425667] calling  dma_resv_lockdep+0x0/0x27f @ 1
[    2.433474] initcall dma_resv_lockdep+0x0/0x27f returned 0 after 5859 usecs
[    2.434119] calling  init_scsi+0x0/0x79 @ 1
[    2.444684] SCSI subsystem initialized
[    2.445666] initcall init_scsi+0x0/0x79 returned 0 after 10742 usecs
[    2.446665] calling  ata_init+0x0/0x332 @ 1
[    2.465657] libata version 3.00 loaded.
[    2.466666] initcall ata_init+0x0/0x332 returned 0 after 18554 usecs
[    2.467666] calling  phy_init+0x0/0x250 @ 1
[    2.472030] initcall phy_init+0x0/0x250 returned 0 after 1953 usecs
[    2.472664] calling  init_pcmcia_cs+0x0/0x35 @ 1
[    2.474678] initcall init_pcmcia_cs+0x0/0x35 returned 0 after 976 usecs
[    2.475663] calling  usb_common_init+0x0/0x1c @ 1
[    2.478168] initcall usb_common_init+0x0/0x1c returned 0 after 976 usecs
[    2.478665] calling  usb_init+0x0/0x12e @ 1
[    2.480310] ACPI: bus type USB registered
[    2.484125] usbcore: registered new interface driver usbfs
[    2.485079] usbcore: registered new interface driver hub
[    2.485859] usbcore: registered new device driver usb
[    2.486667] initcall usb_init+0x0/0x12e returned 0 after 6835 usecs
[    2.487667] calling  serio_init+0x0/0x29 @ 1
[    2.489748] initcall serio_init+0x0/0x29 returned 0 after 976 usecs
[    2.490720] calling  input_init+0x0/0xf6 @ 1
[    2.491781] initcall input_init+0x0/0xf6 returned 0 after 0 usecs
[    2.492664] calling  rtc_init+0x0/0x4d @ 1
[    2.494793] initcall rtc_init+0x0/0x4d returned 0 after 976 usecs
[    2.495665] calling  pps_init+0x0/0xa9 @ 1
[    2.496716] pps_core: LinuxPPS API ver. 1 registered
[    2.497662] pps_core: Software ver. 5.3.6 - Copyright 2005-2007 Rodolfo Giometti <giometti@linux.it>
[    2.498874] initcall pps_init+0x0/0xa9 returned 0 after 1953 usecs
[    2.500667] calling  ptp_init+0x0/0x98 @ 1
[    2.501691] PTP clock support registered
[    2.502666] initcall ptp_init+0x0/0x98 returned 0 after 976 usecs
[    2.503667] calling  power_supply_class_init+0x0/0x3f @ 1
[    2.505728] initcall power_supply_class_init+0x0/0x3f returned 0 after 976 usecs
[    2.506665] calling  hwmon_init+0x0/0x104 @ 1
[    2.507693] initcall hwmon_init+0x0/0x104 returned 0 after 0 usecs
[    2.508663] calling  md_init+0x0/0x16b @ 1
[    2.512489] initcall md_init+0x0/0x16b returned 0 after 1953 usecs
[    2.512665] calling  leds_init+0x0/0x3b @ 1
[    2.513726] initcall leds_init+0x0/0x3b returned 0 after 0 usecs
[    2.514663] calling  dmi_init+0x0/0x113 @ 1
[    2.515848] initcall dmi_init+0x0/0x113 returned 0 after 0 usecs
[    2.516662] calling  efisubsys_init+0x0/0x4e6 @ 1
[    2.517853] initcall efisubsys_init+0x0/0x4e6 returned 0 after 0 usecs
[    2.518663] calling  nvmem_init+0x0/0xc @ 1
[    2.521971] initcall nvmem_init+0x0/0xc returned 0 after 1953 usecs
[    2.522663] calling  init_soundcore+0x0/0x33 @ 1
[    2.523913] initcall init_soundcore+0x0/0x33 returned 0 after 0 usecs
[    2.524662] calling  alsa_sound_init+0x0/0x8f @ 1
[    2.529413] Advanced Linux Sound Architecture Driver Initialized.
[    2.529664] initcall alsa_sound_init+0x0/0x8f returned 0 after 3906 usecs
[    2.530664] calling  alsa_seq_device_init+0x0/0x71 @ 1
[    2.532433] initcall alsa_seq_device_init+0x0/0x71 returned 0 after 0 usecs
[    2.532663] calling  hda_bus_init+0x0/0xc @ 1
[    2.533915] initcall hda_bus_init+0x0/0xc returned 0 after 0 usecs
[    2.534662] calling  proto_init+0x0/0xc @ 1
[    2.536170] initcall proto_init+0x0/0xc returned 0 after 0 usecs
[    2.536664] calling  net_dev_init+0x0/0x231 @ 1
[    2.556827] initcall net_dev_init+0x0/0x231 returned 0 after 18554 usecs
[    2.557666] calling  neigh_init+0x0/0x84 @ 1
[    2.558675] initcall neigh_init+0x0/0x84 returned 0 after 0 usecs
[    2.559663] calling  fib_notifier_init+0x0/0xc @ 1
[    2.560765] initcall fib_notifier_init+0x0/0xc returned 0 after 0 usecs
[    2.561663] calling  fib_rules_init+0x0/0xab @ 1
[    2.562970] initcall fib_rules_init+0x0/0xab returned 0 after 0 usecs
[    2.564663] calling  pktsched_init+0x0/0x10e @ 1
[    2.568670] initcall pktsched_init+0x0/0x10e returned 0 after 2929 usecs
[    2.569663] calling  tc_filter_init+0x0/0xfa @ 1
[    2.571204] initcall tc_filter_init+0x0/0xfa returned 0 after 0 usecs
[    2.571663] calling  tc_action_init+0x0/0x54 @ 1
[    2.572669] initcall tc_action_init+0x0/0x54 returned 0 after 0 usecs
[    2.573663] calling  ethnl_init+0x0/0x52 @ 1
[    2.577034] initcall ethnl_init+0x0/0x52 returned 0 after 1953 usecs
[    2.577663] calling  nexthop_init+0x0/0xd8 @ 1
[    2.581652] initcall nexthop_init+0x0/0xd8 returned 0 after 1953 usecs
[    2.582661] calling  cipso_v4_init+0x0/0x8d @ 1
[    2.585410] initcall cipso_v4_init+0x0/0x8d returned 0 after 976 usecs
[    2.585662] calling  ieee80211_init+0x0/0x24 @ 1
[    2.590661] initcall ieee80211_init+0x0/0x24 returned 0 after 3906 usecs
[    2.591662] calling  netlbl_init+0x0/0x78 @ 1
[    2.594652] NetLabel: Initializing
[    2.595658] NetLabel:  domain hash size = 128
[    2.596657] NetLabel:  protocols = UNLABELED CIPSOv4 CALIPSO
[    2.599984] NetLabel:  unlabeled traffic allowed by default
[    2.600665] initcall netlbl_init+0x0/0x78 returned 0 after 6835 usecs
[    2.601665] calling  rfkill_init+0x0/0x136 @ 1
[    2.605673] initcall rfkill_init+0x0/0x136 returned 0 after 2929 usecs
[    2.606664] calling  pci_subsys_init+0x0/0x66 @ 1
[    2.609146] PCI: Using ACPI for IRQ routing
[    3.349163] PCI: pci_cache_line_size set to 64 bytes
[    3.351091] e820: reserve RAM buffer [mem 0x0009fc00-0x0009ffff]
[    3.355443] e820: reserve RAM buffer [mem 0x1ffdf000-0x1fffffff]
[    3.358457] initcall pci_subsys_init+0x0/0x66 returned 0 after 731445 usecs
[    3.363409] calling  nmi_warning_debugfs+0x0/0x26 @ 1
[    3.366811] initcall nmi_warning_debugfs+0x0/0x26 returned 0 after 2929 usecs
[    3.367663] calling  save_microcode_in_initrd+0x0/0x51 @ 1
[    3.368954] initcall save_microcode_in_initrd+0x0/0x51 returned 0 after 0 usecs
[    3.369694] calling  hpet_late_init+0x0/0x1f6 @ 1
[    3.372399] hpet: 3 channels of 0 reserved for per-cpu timers
[    3.374474] hpet0: at MMIO 0xfed00000, IRQs 2, 8, 0
[    3.375658] hpet0: 3 comparators, 64-bit 100.000000 MHz counter
[    3.379662] initcall hpet_late_init+0x0/0x1f6 returned 0 after 8789 usecs
[    3.380663] calling  init_amd_nbs+0x0/0x11c @ 1
[    3.383058] initcall init_amd_nbs+0x0/0x11c returned 0 after 976 usecs
[    3.383663] calling  clocksource_done_booting+0x0/0x43 @ 1
[    3.385395] clocksource: Switched to clocksource kvm-clock
[    3.393391] initcall clocksource_done_booting+0x0/0x43 returned 0 after 8526 usecs
[    3.402251] calling  tracer_init_tracefs+0x0/0x201 @ 1
[    3.840111] initcall tracer_init_tracefs+0x0/0x201 returned 0 after 421694 usecs
[    3.850107] calling  init_trace_printk_function_export+0x0/0x2c @ 1
[    3.859180] initcall init_trace_printk_function_export+0x0/0x2c returned 0 after 21 usecs
[    3.871078] calling  init_kprobe_trace+0x0/0x1ab @ 1
[    3.878428] initcall init_kprobe_trace+0x0/0x1ab returned 0 after 282 usecs
[    3.886817] calling  init_dynamic_event+0x0/0x3d @ 1
[    3.892873] initcall init_dynamic_event+0x0/0x3d returned 0 after 227 usecs
[    3.900989] calling  init_uprobe_trace+0x0/0x5c @ 1
[    3.906866] initcall init_uprobe_trace+0x0/0x5c returned 0 after 42 usecs
[    3.916866] calling  init_pipe_fs+0x0/0x44 @ 1
[    3.924175] initcall init_pipe_fs+0x0/0x44 returned 0 after 674 usecs
[    3.933483] calling  inotify_user_setup+0x0/0x47 @ 1
[    3.940634] initcall inotify_user_setup+0x0/0x47 returned 0 after 242 usecs
[    3.949914] calling  eventpoll_init+0x0/0xeb @ 1
[    3.955369] initcall eventpoll_init+0x0/0xeb returned 0 after 40 usecs
[    3.963028] calling  anon_inode_init+0x0/0x58 @ 1
[    3.968899] initcall anon_inode_init+0x0/0x58 returned 0 after 443 usecs
[    3.978912] calling  proc_locks_init+0x0/0x27 @ 1
[    3.984565] initcall proc_locks_init+0x0/0x27 returned 0 after 51 usecs
[    3.993503] calling  iomap_init+0x0/0x1b @ 1
[    3.999919] initcall iomap_init+0x0/0x1b returned 0 after 469 usecs
[    4.007431] calling  dquot_init+0x0/0xd7 @ 1
[    4.012782] VFS: Disk quotas dquot_6.6.0
[    4.017616] VFS: Dquot-cache hash table entries: 512 (order 0, 4096 bytes)
[    4.025856] initcall dquot_init+0x0/0xd7 returned 0 after 12763 usecs
[    4.033611] calling  quota_init+0x0/0x23 @ 1
[    4.039539] initcall quota_init+0x0/0x23 returned 0 after 694 usecs
[    4.047056] calling  proc_cmdline_init+0x0/0x21 @ 1
[    4.052930] initcall proc_cmdline_init+0x0/0x21 returned 0 after 7 usecs
[    4.061868] calling  proc_consoles_init+0x0/0x24 @ 1
[    4.069202] initcall proc_consoles_init+0x0/0x24 returned 0 after 9 usecs
[    4.079293] calling  proc_cpuinfo_init+0x0/0x1e @ 1
[    4.086397] initcall proc_cpuinfo_init+0x0/0x1e returned 0 after 10 usecs
[    4.095546] calling  proc_devices_init+0x0/0x24 @ 1
[    4.101343] initcall proc_devices_init+0x0/0x24 returned 0 after 8 usecs
[    4.109081] calling  proc_interrupts_init+0x0/0x24 @ 1
[    4.115041] initcall proc_interrupts_init+0x0/0x24 returned 0 after 8 usecs
[    4.123031] calling  proc_loadavg_init+0x0/0x21 @ 1
[    4.128754] initcall proc_loadavg_init+0x0/0x21 returned 0 after 6 usecs
[    4.136620] calling  proc_meminfo_init+0x0/0x21 @ 1
[    4.142966] initcall proc_meminfo_init+0x0/0x21 returned 0 after 6 usecs
[    4.150669] calling  proc_stat_init+0x0/0x1e @ 1
[    4.156560] initcall proc_stat_init+0x0/0x1e returned 0 after 7 usecs
[    4.164011] calling  proc_uptime_init+0x0/0x21 @ 1
[    4.169756] initcall proc_uptime_init+0x0/0x21 returned 0 after 5 usecs
[    4.177402] calling  proc_version_init+0x0/0x21 @ 1
[    4.183271] initcall proc_version_init+0x0/0x21 returned 0 after 5 usecs
[    4.191149] calling  proc_softirqs_init+0x0/0x21 @ 1
[    4.196793] initcall proc_softirqs_init+0x0/0x21 returned 0 after 7 usecs
[    4.204547] calling  proc_kcore_init+0x0/0xea @ 1
[    4.210420] initcall proc_kcore_init+0x0/0xea returned 0 after 392 usecs
[    4.217984] calling  vmcore_init+0x0/0x57b @ 1
[    4.223044] initcall vmcore_init+0x0/0x57b returned 0 after 26 usecs
[    4.230254] calling  proc_kmsg_init+0x0/0x21 @ 1
[    4.235531] initcall proc_kmsg_init+0x0/0x21 returned 0 after 7 usecs
[    4.242993] calling  proc_page_init+0x0/0x3b @ 1
[    4.248257] initcall proc_page_init+0x0/0x3b returned 0 after 10 usecs
[    4.255659] calling  init_ramfs_fs+0x0/0xc @ 1
[    4.260937] initcall init_ramfs_fs+0x0/0xc returned 0 after 25 usecs
[    4.268084] calling  init_hugetlbfs_fs+0x0/0xf6 @ 1
[    4.274017] initcall init_hugetlbfs_fs+0x0/0xf6 returned 0 after 337 usecs
[    4.281828] calling  blk_scsi_ioctl_init+0x0/0x2a5 @ 1
[    4.287654] initcall blk_scsi_ioctl_init+0x0/0x2a5 returned 0 after 87 usecs
[    4.295616] calling  acpi_event_init+0x0/0x2c @ 1
[    4.301065] initcall acpi_event_init+0x0/0x2c returned 0 after 60 usecs
[    4.308488] calling  pnp_system_init+0x0/0xc @ 1
[    4.314406] initcall pnp_system_init+0x0/0xc returned 0 after 492 usecs
[    4.321923] calling  pnpacpi_init+0x0/0x69 @ 1
[    4.327859] pnp: PnP ACPI init
[    4.338994] pnp 00:00: Plug and Play ACPI device, IDs PNP0303 (active)
[    4.348015] pnp 00:01: Plug and Play ACPI device, IDs PNP0f13 (active)
[    4.357339] pnp 00:02: Plug and Play ACPI device, IDs PNP0400 (active)
[    4.366548] pnp 00:03: Plug and Play ACPI device, IDs PNP0501 (active)
[    4.375590] pnp 00:04: Plug and Play ACPI device, IDs PNP0b00 (active)
[    4.383190] system 00:05: [mem 0xb0000000-0xbfffffff window] has been reserved
[    4.391460] system 00:05: Plug and Play ACPI device, IDs PNP0c01 (active)
[    4.401055] pnp: PnP ACPI: found 6 devices
[    4.405934] initcall pnpacpi_init+0x0/0x69 returned 0 after 76496 usecs
[    4.413389] calling  chr_dev_init+0x0/0x14d @ 1
[    4.426038] initcall chr_dev_init+0x0/0x14d returned 0 after 7347 usecs
[    4.433535] calling  firmware_class_init+0x0/0x14a @ 1
[    4.440229] initcall firmware_class_init+0x0/0x14a returned 0 after 126 usecs
[    4.450379] calling  init_pcmcia_bus+0x0/0x5b @ 1
[    4.456136] initcall init_pcmcia_bus+0x0/0x5b returned 0 after 352 usecs
[    4.463673] calling  init_acpi_pm_clocksource+0x0/0xda @ 1
[    4.475808] clocksource: acpi_pm: mask: 0xffffff max_cycles: 0xffffff, max_idle_ns: 2085701024 ns
[    4.487905] initcall init_acpi_pm_clocksource+0x0/0xda returned 0 after 17475 usecs
[    4.496945] calling  sysctl_core_init+0x0/0x26 @ 1
[    4.504011] initcall sysctl_core_init+0x0/0x26 returned 0 after 397 usecs
[    4.513912] calling  eth_offload_init+0x0/0x13 @ 1
[    4.521049] initcall eth_offload_init+0x0/0x13 returned 0 after 184 usecs
[    4.530945] calling  ipv4_offload_init+0x0/0x73 @ 1
[    4.537616] initcall ipv4_offload_init+0x0/0x73 returned 0 after 79 usecs
[    4.545390] calling  inet_init+0x0/0x276 @ 1
[    4.550362] NET: Registered protocol family 2
[    4.556918] IP idents hash table entries: 8192 (order: 4, 65536 bytes, linear)
[    4.567523] tcp_listen_portaddr_hash hash table entries: 256 (order: 2, 20480 bytes, linear)
[    4.577384] TCP established hash table entries: 4096 (order: 3, 32768 bytes, linear)
[    4.586310] TCP bind hash table entries: 4096 (order: 6, 294912 bytes, linear)
[    4.604224] TCP: Hash tables configured (established 4096 bind 4096)
[    4.613526] UDP hash table entries: 256 (order: 3, 40960 bytes, linear)
[    4.622191] UDP-Lite hash table entries: 256 (order: 3, 40960 bytes, linear)
[    4.631488] initcall inet_init+0x0/0x276 returned 0 after 79353 usecs
[    4.639052] calling  af_unix_init+0x0/0x4d @ 1
[    4.644406] NET: Registered protocol family 1
[    4.649617] initcall af_unix_init+0x0/0x4d returned 0 after 5100 usecs
[    4.658014] calling  ipv6_offload_init+0x0/0x7e @ 1
[    4.670924] initcall ipv6_offload_init+0x0/0x7e returned 0 after 113 usecs
[    4.679205] calling  init_sunrpc+0x0/0x65 @ 1
[    4.698308] RPC: Registered named UNIX socket transport module.
[    4.706439] RPC: Registered udp transport module.
[    4.712937] RPC: Registered tcp transport module.
[    4.718589] RPC: Registered tcp NFSv4.1 backchannel transport module.
[    4.726256] initcall init_sunrpc+0x0/0x65 returned 0 after 40907 usecs
[    4.735530] calling  cfg80211_init+0x0/0xc5 @ 1
[    4.743671] initcall cfg80211_init+0x0/0xc5 returned 0 after 2462 usecs
[    4.751648] calling  pcibios_assign_resources+0x0/0xbf @ 1
[    4.758317] pci_bus 0000:00: resource 4 [io  0x0000-0x0cf7 window]
[    4.765581] pci_bus 0000:00: resource 5 [io  0x0d00-0xffff window]
[    4.773095] pci_bus 0000:00: resource 6 [mem 0x000a0000-0x000bffff window]
[    4.781325] pci_bus 0000:00: resource 7 [mem 0x20000000-0xafffffff window]
[    4.789164] pci_bus 0000:00: resource 8 [mem 0xc0000000-0xfebfffff window]
[    4.797154] pci_bus 0000:00: resource 9 [mem 0x100000000-0x8ffffffff window]
[    4.805991] initcall pcibios_assign_resources+0x0/0xbf returned 0 after 46757 usecs
[    4.815672] calling  pci_apply_final_quirks+0x0/0x124 @ 1
[    4.824331] pci 0000:00:01.0: calling  pci_fixup_video+0x0/0xe0 @ 1
[    4.832405] pci 0000:00:01.0: Video device with shadowed ROM at [mem 0x000c0000-0x000dffff]
[    4.842495] pci 0000:00:01.0: pci_fixup_video+0x0/0xe0 took 10158 usecs
[    4.850946] PCI: CLS 0 bytes, default 64
[    4.855942] initcall pci_apply_final_quirks+0x0/0x124 returned 0 after 31687 usecs
[    4.865333] calling  acpi_reserve_resources+0x0/0xea @ 1
[    4.872039] initcall acpi_reserve_resources+0x0/0xea returned 0 after 92 usecs
[    4.880851] calling  populate_rootfs+0x0/0x102 @ 1
[    4.893313] initcall populate_rootfs+0x0/0x102 returned 0 after 5774 usecs
[    4.901334] calling  pci_iommu_init+0x0/0x3e @ 1
[    4.907135] initcall pci_iommu_init+0x0/0x3e returned 0 after 162 usecs
[    4.914924] calling  ia32_binfmt_init+0x0/0x13 @ 1
[    4.920717] initcall ia32_binfmt_init+0x0/0x13 returned 0 after 9 usecs
[    4.928498] calling  rapl_pmu_init+0x0/0x25f @ 1
[    4.934214] initcall rapl_pmu_init+0x0/0x25f returned -19 after 127 usecs
[    4.942331] calling  amd_uncore_init+0x0/0x310 @ 1
[    4.947940] initcall amd_uncore_init+0x0/0x310 returned -19 after 0 usecs
[    4.955967] calling  amd_ibs_init+0x0/0x24b @ 1
[    4.961313] initcall amd_ibs_init+0x0/0x24b returned -19 after 0 usecs
[    4.969742] calling  amd_iommu_pc_init+0x0/0x22b @ 1
[    4.975841] initcall amd_iommu_pc_init+0x0/0x22b returned -19 after 52 usecs
[    4.984026] calling  msr_init+0x0/0x55 @ 1
[    4.989320] initcall msr_init+0x0/0x55 returned 0 after 484 usecs
[    4.996462] calling  intel_uncore_init+0x0/0x322 @ 1
[    5.002372] initcall intel_uncore_init+0x0/0x322 returned -19 after 40 usecs
[    5.012160] calling  cstate_pmu_init+0x0/0x181 @ 1
[    5.017964] initcall cstate_pmu_init+0x0/0x181 returned -19 after 0 usecs
[    5.027942] calling  register_kernel_offset_dumper+0x0/0x1a @ 1
[    5.036865] initcall register_kernel_offset_dumper+0x0/0x1a returned 0 after 1 usecs
[    5.048152] calling  i8259A_init_ops+0x0/0x20 @ 1
[    5.055231] initcall i8259A_init_ops+0x0/0x20 returned 0 after 3 usecs
[    5.064795] calling  init_tsc_clocksource+0x0/0xa4 @ 1
[    5.072474] clocksource: tsc: mask: 0xffffffffffffffff max_cycles: 0x39a85afc727, max_idle_ns: 881590685098 ns
[    5.086221] initcall init_tsc_clocksource+0x0/0xa4 returned 0 after 13423 usecs
[    5.095150] calling  add_rtc_cmos+0x0/0xb0 @ 1
[    5.100559] initcall add_rtc_cmos+0x0/0xb0 returned 0 after 2 usecs
[    5.108330] calling  i8237A_init_ops+0x0/0x3a @ 1
[    5.114228] initcall i8237A_init_ops+0x0/0x3a returned 0 after 219 usecs
[    5.123556] calling  umwait_init+0x0/0x94 @ 1
[    5.128946] initcall umwait_init+0x0/0x94 returned -19 after 20 usecs
[    5.136671] calling  thermal_throttle_init_device+0x0/0x3d @ 1
[    5.143656] initcall thermal_throttle_init_device+0x0/0x3d returned 0 after 37 usecs
[    5.153277] calling  msr_init+0x0/0xd7 @ 1
[    5.159880] initcall msr_init+0x0/0xd7 returned 0 after 1538 usecs
[    5.167313] calling  cpuid_init+0x0/0xd7 @ 1
[    5.173003] initcall cpuid_init+0x0/0xd7 returned 0 after 456 usecs
[    5.180634] calling  ioapic_init_ops+0x0/0x13 @ 1
[    5.186568] initcall ioapic_init_ops+0x0/0x13 returned 0 after 52 usecs
[    5.194440] calling  add_pcspkr+0x0/0x6c @ 1
[    5.199830] initcall add_pcspkr+0x0/0x6c returned 0 after 208 usecs
[    5.208920] calling  start_periodic_check_for_corruption+0x0/0x30 @ 1
[    5.216627] check: Scanning for low memory corruption every 60 seconds
[    5.224429] initcall start_periodic_check_for_corruption+0x0/0x30 returned 0 after 7616 usecs
[    5.235967] calling  sysfb_init+0x0/0x9c @ 1
[    5.242217] initcall sysfb_init+0x0/0x9c returned 0 after 245 usecs
[    5.250967] calling  audit_classes_init+0x0/0xae @ 1
[    5.258574] initcall audit_classes_init+0x0/0xae returned 0 after 210 usecs
[    5.268765] calling  iosf_mbi_init+0x0/0x24 @ 1
[    5.275220] initcall iosf_mbi_init+0x0/0x24 returned 0 after 323 usecs
[    5.295809] calling  proc_execdomains_init+0x0/0x21 @ 1
[    5.306605] initcall proc_execdomains_init+0x0/0x21 returned 0 after 1632 usecs
[    5.316024] calling  register_warn_debugfs+0x0/0x23 @ 1
[    5.323635] initcall register_warn_debugfs+0x0/0x23 returned 0 after 1107 usecs
[    5.332524] calling  ioresources_init+0x0/0x49 @ 1
[    5.339136] initcall ioresources_init+0x0/0x49 returned 0 after 569 usecs
[    5.347504] calling  lockdep_proc_init+0x0/0x64 @ 1
[    5.354872] initcall lockdep_proc_init+0x0/0x64 returned 0 after 177 usecs
[    5.365244] calling  snapshot_device_init+0x0/0xc @ 1
[    5.381185] initcall snapshot_device_init+0x0/0xc returned 0 after 8154 usecs
[    5.390094] calling  irq_pm_init_ops+0x0/0x13 @ 1
[    5.396201] initcall irq_pm_init_ops+0x0/0x13 returned 0 after 131 usecs
[    5.404447] calling  rcu_torture_init+0x0/0x9d5 @ 1
[    5.411610] rcu-torture:--- Start of test: nreaders=1 nfakewriters=4 stat_interval=15 verbose=1 test_no_idle_hz=1 shuffle_interval=3 stutter=5 irqreader=1 fqs_duration=0 fqs_holdoff=0 fqs_stutter=3 test_boost=1/0 test_boost_interval=7 test_boost_duration=4 shutdown_secs=3600 stall_cpu=0 stall_cpu_holdoff=10 stall_cpu_irqsoff=0 stall_cpu_block=0 n_barrier_cbs=4 onoff_interval=0 onoff_holdoff=0 read_exit_delay=13 read_exit_burst=16
[    5.460123] rcu:  Start-test grace-period state: g0 f0x0
[    5.467126] rcu-torture: Creating rcu_torture_writer task
[    5.481435] rcu-torture: Creating rcu_torture_fakewriter task
[    5.490830] rcu-torture: rcu_torture_writer task started
[    5.498992] rcu-torture: GP expediting controlled from boot/sysfs for rcu.
[    5.508195] rcu_torture_writer: Testing conditional GPs.
[    5.514841] rcu_torture_writer: Testing expedited GPs.
[    5.521594] rcu_torture_writer: Testing asynchronous GPs.
[    5.528843] rcu_torture_writer: Testing normal GPs.
[    5.535485] rcu-torture: Creating rcu_torture_fakewriter task
[    5.542913] rcu-torture: rcu_torture_fakewriter task started
[    5.550988] rcu-torture: Creating rcu_torture_fakewriter task
[    5.558392] rcu-torture: rcu_torture_fakewriter task started
[    5.567803] rcu-torture: Creating rcu_torture_fakewriter task
[    5.575055] rcu-torture: rcu_torture_fakewriter task started
[    5.588187] rcu-torture: Creating rcu_torture_reader task
[    5.595716] rcu-torture: rcu_torture_fakewriter task started
[    5.606485] rcu-torture: Creating rcu_torture_stats task
[    5.615440] rcu-torture: rcu_torture_reader task started
[    5.642327] rcu-torture: Creating torture_shuffle task
[    5.651253] rcu-torture: rcu_torture_stats task started
[    5.658290] rcu-torture: Creating torture_stutter task
[    5.664408] rcu-torture: torture_shuffle task started
[    5.672351] rcu-torture: Creating torture_shutdown task
[    5.679168] rcu-torture: torture_stutter task started
[    5.688760] rcu-torture: Creating rcu_torture_fwd_prog task
[    5.695765] rcu-torture: torture_shutdown task started
[    5.701895] rcu-torture:torture_shutdown task: 3599970 ms remaining
[    5.709972] rcu-torture: Creating rcu_torture_barrier_cbs task
[    5.717389] rcu-torture: rcu_torture_fwd_progress task started
[    5.727898] rcu-torture: Creating rcu_torture_barrier_cbs task
[    5.735643] rcu-torture: rcu_torture_barrier_cbs task started
[    5.743763] rcu-torture: Creating rcu_torture_barrier_cbs task
[    5.751585] rcu-torture: rcu_torture_barrier_cbs task started
[    5.759548] rcu-torture: Creating rcu_torture_barrier_cbs task
[    5.766438] rcu-torture: rcu_torture_barrier_cbs task started
[    5.774463] rcu-torture: Creating rcu_torture_barrier task
[    5.780990] rcu-torture: rcu_torture_barrier_cbs task started
[    5.788993] rcu-torture: Creating rcu_torture_read_exit task
[    5.795975] rcu-torture: rcu_torture_barrier task starting
[    5.806137] initcall rcu_torture_init+0x0/0x9d5 returned 0 after 386242 usecs
[    5.815085] calling  timekeeping_init_ops+0x0/0x13 @ 1
[    5.821616] initcall timekeeping_init_ops+0x0/0x13 returned 0 after 2 usecs
[    5.830337] calling  init_clocksource_sysfs+0x0/0x23 @ 1
[    5.838171] initcall init_clocksource_sysfs+0x0/0x23 returned 0 after 1116 usecs
[    5.848272] calling  init_timer_list_procfs+0x0/0x31 @ 1
[    5.856261] initcall init_timer_list_procfs+0x0/0x31 returned 0 after 10 usecs
[    5.865893] calling  alarmtimer_init+0x0/0xf5 @ 1
[    5.872418] initcall alarmtimer_init+0x0/0xf5 returned 0 after 462 usecs
[    5.881366] calling  init_posix_timers+0x0/0x29 @ 1
[    5.888291] initcall init_posix_timers+0x0/0x29 returned 0 after 482 usecs
[    5.897314] calling  clockevents_init_sysfs+0x0/0x8b @ 1
[    5.904864] initcall clockevents_init_sysfs+0x0/0x8b returned 0 after 601 usecs
[    5.915992] calling  proc_dma_init+0x0/0x21 @ 1
[    5.922510] initcall proc_dma_init+0x0/0x21 returned 0 after 53 usecs
[    5.930524] calling  proc_modules_init+0x0/0x1e @ 1
[    5.936762] initcall proc_modules_init+0x0/0x1e returned 0 after 21 usecs
[    5.946168] calling  kallsyms_init+0x0/0x21 @ 1
[    5.953301] initcall kallsyms_init+0x0/0x21 returned 0 after 8 usecs
[    5.963296] calling  pid_namespaces_init+0x0/0x2c @ 1
[    5.971301] initcall pid_namespaces_init+0x0/0x2c returned 0 after 36 usecs
[    5.980928] calling  audit_watch_init+0x0/0x37 @ 1
[    5.987261] initcall audit_watch_init+0x0/0x37 returned 0 after 42 usecs
[    5.996044] calling  audit_fsnotify_init+0x0/0x37 @ 1
[    6.002828] initcall audit_fsnotify_init+0x0/0x37 returned 0 after 3 usecs
[    6.011834] calling  audit_tree_init+0x0/0x6d @ 1
[    6.017838] initcall audit_tree_init+0x0/0x6d returned 0 after 10 usecs
[    6.026217] calling  seccomp_sysctl_init+0x0/0x2b @ 1
[    6.034990] initcall seccomp_sysctl_init+0x0/0x2b returned 0 after 358 usecs
[    6.046180] calling  utsname_sysctl_init+0x0/0x13 @ 1
[    6.055470] initcall utsname_sysctl_init+0x0/0x13 returned 0 after 170 usecs
[    6.065363] calling  init_tracepoints+0x0/0x27 @ 1
[    6.072229] initcall init_tracepoints+0x0/0x27 returned 0 after 52 usecs
[    6.080924] calling  init_blk_tracer+0x0/0x50 @ 1
[    6.090077] initcall init_blk_tracer+0x0/0x50 returned 0 after 2684 usecs
[    6.099324] calling  perf_event_sysfs_init+0x0/0x83 @ 1
[    6.109344] initcall perf_event_sysfs_init+0x0/0x83 returned 0 after 2837 usecs
[    6.119208] calling  system_trusted_keyring_init+0x0/0x5f @ 1
[    6.126770] Initialise system trusted keyrings
[    6.133292] initcall system_trusted_keyring_init+0x0/0x5f returned 0 after 6366 usecs
[    6.143774] calling  kswapd_init+0x0/0x13 @ 1
[    6.149727] rcu-torture: rcu_torture_read_exit: Start of test
[    6.158981] initcall kswapd_init+0x0/0x13 returned 0 after 9083 usecs
[    6.167438] calling  extfrag_debug_init+0x0/0x54 @ 1
[    6.174550] initcall extfrag_debug_init+0x0/0x54 returned 0 after 329 usecs
[    6.183966] calling  slab_proc_init+0x0/0x21 @ 1
[    6.190224] initcall slab_proc_init+0x0/0x21 returned 0 after 34 usecs
[    6.198535] calling  workingset_init+0x0/0x8c @ 1
[    6.204702] workingset: timestamp_bits=62 max_order=17 bucket_order=0
[    6.213532] initcall workingset_init+0x0/0x8c returned 0 after 8620 usecs
[    6.222642] calling  proc_vmalloc_init+0x0/0x27 @ 1
[    6.229396] initcall proc_vmalloc_init+0x0/0x27 returned 0 after 7 usecs
[    6.238410] calling  procswaps_init+0x0/0x1e @ 1
[    6.245517] initcall procswaps_init+0x0/0x1e returned 0 after 158 usecs
[    6.255994] calling  slab_sysfs_init+0x0/0xec @ 1
[    6.285502] initcall slab_sysfs_init+0x0/0xec returned 0 after 21330 usecs
[    6.294588] calling  fcntl_init+0x0/0x29 @ 1
[    6.300256] initcall fcntl_init+0x0/0x29 returned 0 after 28 usecs
[    6.308383] calling  proc_filesystems_init+0x0/0x21 @ 1
[    6.316340] initcall proc_filesystems_init+0x0/0x21 returned 0 after 7 usecs
[    6.325991] calling  start_dirtytime_writeback+0x0/0x29 @ 1
[    6.334956] initcall start_dirtytime_writeback+0x0/0x29 returned 0 after 2 usecs
[    6.346393] calling  blkdev_init+0x0/0x1b @ 1
[    6.354474] initcall blkdev_init+0x0/0x1b returned 0 after 966 usecs
[    6.364507] calling  dio_init+0x0/0x2c @ 1
[    6.371311] initcall dio_init+0x0/0x2c returned 0 after 193 usecs
[    6.382774] calling  dnotify_init+0x0/0x78 @ 1
[    6.392753] initcall dnotify_init+0x0/0x78 returned 0 after 399 usecs
[    6.403128] calling  aio_setup+0x0/0x78 @ 1
[    6.414402] initcall aio_setup+0x0/0x78 returned 0 after 4703 usecs
[    6.423736] calling  io_uring_init+0x0/0x2c @ 1
[    6.429738] initcall io_uring_init+0x0/0x2c returned 0 after 14 usecs
[    6.438295] calling  mbcache_init+0x0/0x30 @ 1
[    6.444339] initcall mbcache_init+0x0/0x30 returned 0 after 305 usecs
[    6.453040] calling  init_grace+0x0/0xc @ 1
[    6.459678] initcall init_grace+0x0/0xc returned 0 after 295 usecs
[    6.468631] calling  init_v2_quota_format+0x0/0x21 @ 1
[    6.477443] initcall init_v2_quota_format+0x0/0x21 returned 0 after 198 usecs
[    6.488758] calling  init_devpts_fs+0x0/0x27 @ 1
[    6.495635] initcall init_devpts_fs+0x0/0x27 returned 0 after 167 usecs
[    6.504654] calling  ext4_init_fs+0x0/0x1c2 @ 1
[    6.512477] initcall ext4_init_fs+0x0/0x1c2 returned 0 after 1555 usecs
[    6.521618] calling  journal_init+0x0/0x11c @ 1
[    6.528236] initcall journal_init+0x0/0x11c returned 0 after 386 usecs
[    6.537338] calling  init_fat_fs+0x0/0x49 @ 1
[    6.561257] initcall init_fat_fs+0x0/0x49 returned 0 after 13938 usecs
[    6.571719] calling  init_vfat_fs+0x0/0xc @ 1
[    6.578570] initcall init_vfat_fs+0x0/0xc returned 0 after 5 usecs
[    6.588381] calling  init_msdos_fs+0x0/0xc @ 1
[    6.594867] initcall init_msdos_fs+0x0/0xc returned 0 after 4 usecs
[    6.603389] calling  init_iso9660_fs+0x0/0x6c @ 1
[    6.613198] rcu_torture_rea (62) used greatest stack depth: 14672 bytes left
[    6.623584] initcall init_iso9660_fs+0x0/0x6c returned 0 after 13035 usecs
[    6.633171] calling  init_nfs_fs+0x0/0x13a @ 1
[    6.702059] initcall init_nfs_fs+0x0/0x13a returned 0 after 60759 usecs
[    6.712119] calling  init_nfs_v2+0x0/0x13 @ 1
[    6.718555] initcall init_nfs_v2+0x0/0x13 returned 0 after 394 usecs
[    6.727162] calling  init_nfs_v3+0x0/0x13 @ 1
[    6.733739] initcall init_nfs_v3+0x0/0x13 returned 0 after 2 usecs
[    6.742422] calling  init_nfs_v4+0x0/0x32 @ 1
[    6.749055] NFS: Registering the id_resolver key type
[    6.756757] Key type id_resolver registered
[    6.762736] Key type id_legacy registered
[    6.768772] initcall init_nfs_v4+0x0/0x32 returned 0 after 19575 usecs
[    6.779000] calling  init_nlm+0x0/0x5b @ 1
[    6.784882] initcall init_nlm+0x0/0x5b returned 0 after 267 usecs
[    6.793766] calling  init_nls_cp437+0x0/0xe @ 1
[    6.801931] initcall init_nls_cp437+0x0/0xe returned 0 after 349 usecs
[    6.811266] calling  init_nls_ascii+0x0/0xe @ 1
[    6.817960] initcall init_nls_ascii+0x0/0xe returned 0 after 1 usecs
[    6.827176] calling  init_nls_iso8859_1+0x0/0xe @ 1
[    6.834349] initcall init_nls_iso8859_1+0x0/0xe returned 0 after 2 usecs
[    6.843793] calling  init_nls_utf8+0x0/0x21 @ 1
[    6.850131] initcall init_nls_utf8+0x0/0x21 returned 0 after 2 usecs
[    6.859694] calling  init_autofs_fs+0x0/0x25 @ 1
[    6.867964] initcall init_autofs_fs+0x0/0x25 returned 0 after 892 usecs
[    6.878245] calling  ipc_init+0x0/0x24 @ 1
[    6.884437] initcall ipc_init+0x0/0x24 returned 0 after 91 usecs
[    6.894386] calling  ipc_sysctl_init+0x0/0x13 @ 1
[    6.902100] initcall ipc_sysctl_init+0x0/0x13 returned 0 after 125 usecs
[    6.911931] calling  init_mqueue_fs+0x0/0xb1 @ 1
[    6.920185] initcall init_mqueue_fs+0x0/0xb1 returned 0 after 1080 usecs
[    6.930071] calling  key_proc_init+0x0/0x63 @ 1
[    6.936896] initcall key_proc_init+0x0/0x63 returned 0 after 61 usecs
[    6.946861] calling  selinux_nf_ip_init+0x0/0x2e @ 1
[    6.955404] initcall selinux_nf_ip_init+0x0/0x2e returned 0 after 63 usecs
[    6.967325] calling  init_sel_fs+0x0/0x116 @ 1
[    6.974927] initcall init_sel_fs+0x0/0x116 returned 0 after 1 usecs
[    6.984186] calling  selnl_init+0x0/0x7c @ 1
[    6.992646] initcall selnl_init+0x0/0x7c returned 0 after 1197 usecs
[    7.022483] calling  sel_netif_init+0x0/0x36 @ 1
[    7.029759] initcall sel_netif_init+0x0/0x36 returned 0 after 0 usecs
[    7.039495] calling  sel_netnode_init+0x0/0x33 @ 1
[    7.046429] initcall sel_netnode_init+0x0/0x33 returned 0 after 1 usecs
[    7.055895] calling  sel_netport_init+0x0/0x33 @ 1
[    7.062766] initcall sel_netport_init+0x0/0x33 returned 0 after 1 usecs
[    7.072382] calling  aurule_init+0x0/0x2a @ 1
[    7.080482] initcall aurule_init+0x0/0x2a returned 0 after 40 usecs
[    7.090411] calling  crypto_algapi_init+0x0/0xc @ 1
[    7.097939] initcall crypto_algapi_init+0x0/0xc returned 0 after 8 usecs
[    7.107432] calling  jent_mod_init+0x0/0x2d @ 1
[    7.127544] initcall jent_mod_init+0x0/0x2d returned 0 after 13187 usecs
[    7.136926] calling  asymmetric_key_init+0x0/0xc @ 1
[    7.144286] Key type asymmetric registered
[    7.150432] initcall asymmetric_key_init+0x0/0xc returned 0 after 6001 usecs
[    7.160921] calling  x509_key_init+0x0/0xc @ 1
[    7.168063] Asymmetric key parser 'x509' registered
[    7.175625] initcall x509_key_init+0x0/0xc returned 0 after 7618 usecs
[    7.185234] calling  proc_genhd_init+0x0/0x41 @ 1
[    7.191888] initcall proc_genhd_init+0x0/0x41 returned 0 after 31 usecs
[    7.200791] calling  bsg_init+0x0/0x113 @ 1
[    7.206925] Block layer SCSI generic (bsg) driver version 0.4 loaded (major 251)
[    7.217718] initcall bsg_init+0x0/0x113 returned 0 after 10594 usecs
[    7.226644] calling  deadline_init+0x0/0xc @ 1
[    7.233698] io scheduler mq-deadline registered
[    7.240593] initcall deadline_init+0x0/0xc returned 0 after 6981 usecs
[    7.250420] calling  kyber_init+0x0/0xc @ 1
[    7.256894] io scheduler kyber registered
[    7.263485] initcall kyber_init+0x0/0xc returned 0 after 6489 usecs
[    7.274436] calling  mod_init+0x0/0x7 @ 1
[    7.281419] initcall mod_init+0x0/0x7 returned 0 after 0 usecs
[    7.291616] calling  debug_objects_init_debugfs+0x0/0x3b @ 1
[    7.302245] initcall debug_objects_init_debugfs+0x0/0x3b returned 0 after 1021 usecs
[    7.316944] calling  sg_pool_init+0x0/0xb4 @ 1
[    7.324487] initcall sg_pool_init+0x0/0xb4 returned 0 after 475 usecs
[    7.334387] calling  pcie_portdrv_init+0x0/0x39 @ 1
[    7.342637] initcall pcie_portdrv_init+0x0/0x39 returned 0 after 748 usecs
[    7.353015] calling  pci_proc_init+0x0/0x68 @ 1
[    7.359979] initcall pci_proc_init+0x0/0x68 returned 0 after 217 usecs
[    7.371379] calling  pci_hotplug_init+0x0/0x7 @ 1
[    7.378234] initcall pci_hotplug_init+0x0/0x7 returned 0 after 0 usecs
[    7.388811] calling  efifb_driver_init+0x0/0xe @ 1
[    7.396900] initcall efifb_driver_init+0x0/0xe returned 0 after 69 usecs
[    7.408725] calling  ged_driver_init+0x0/0xe @ 1
[    7.417262] initcall ged_driver_init+0x0/0xe returned 0 after 344 usecs
[    7.451023] calling  acpi_ac_init+0x0/0x92 @ 1
[    7.481083] initcall acpi_ac_init+0x0/0x92 returned 0 after 18251 usecs
[    7.494586] calling  acpi_button_driver_init+0x0/0x52 @ 1
[    7.527460] input: Power Button as /devices/LNXSYSTM:00/LNXPWRBN:00/input/input0
[    7.561191] ACPI: Power Button [PWRF]
[    7.569164] initcall acpi_button_driver_init+0x0/0x52 returned 0 after 63361 usecs
[    7.580107] calling  acpi_fan_driver_init+0x0/0xe @ 1
[    7.588420] initcall acpi_fan_driver_init+0x0/0xe returned 0 after 676 usecs
[    7.598633] calling  acpi_video_init+0x0/0xcb @ 1
[    7.608480] initcall acpi_video_init+0x0/0xcb returned 0 after 3077 usecs
[    7.620815] calling  acpi_processor_driver_init+0x0/0xad @ 1
[    7.636252] initcall acpi_processor_driver_init+0x0/0xad returned 0 after 6631 usecs
[    7.648013] calling  acpi_thermal_init+0x0/0x71 @ 1
[    7.667269] initcall acpi_thermal_init+0x0/0x71 returned 0 after 12086 usecs
[    7.678578] calling  acpi_battery_init+0x0/0x32 @ 1
[    7.686600] initcall acpi_battery_init+0x0/0x32 returned 0 after 39 usecs
[    7.696466] calling  bgrt_init+0x0/0xb6 @ 1
[    7.701927] initcall bgrt_init+0x0/0xb6 returned -19 after 1 usecs
[    7.710595] calling  gpio_clk_driver_init+0x0/0xe @ 1
[    7.718539] initcall gpio_clk_driver_init+0x0/0xe returned 0 after 735 usecs
[    7.728930] calling  plt_clk_driver_init+0x0/0xe @ 1
[    7.736981] initcall plt_clk_driver_init+0x0/0xe returned 0 after 42 usecs
[    7.748106] calling  virtio_pci_driver_init+0x0/0x15 @ 1
[    7.757808] initcall virtio_pci_driver_init+0x0/0x15 returned 0 after 1191 usecs
[    7.768263] calling  n_null_init+0x0/0x1e @ 1
[    7.775049] initcall n_null_init+0x0/0x1e returned 0 after 404 usecs
[    7.784153] calling  pty_init+0x0/0x1e8 @ 1
[    7.801698] initcall pty_init+0x0/0x1e8 returned 0 after 11337 usecs
[    7.810420] calling  sysrq_init+0x0/0x62 @ 1
[    7.817628] initcall sysrq_init+0x0/0x62 returned 0 after 847 usecs
[    7.827215] calling  serial8250_init+0x0/0x17e @ 1
[    7.834494] Serial: 8250/16550 driver, 4 ports, IRQ sharing enabled
[    7.849929] 00:03: ttyS0 at I/O 0x3f8 (irq = 4, base_baud = 115200) is a 16550A
[    7.868588] initcall serial8250_init+0x0/0x17e returned 0 after 33385 usecs
[    7.879627] calling  serial_pci_driver_init+0x0/0x15 @ 1
[    7.888116] initcall serial_pci_driver_init+0x0/0x15 returned 0 after 748 usecs
[    7.898498] calling  exar_pci_driver_init+0x0/0x15 @ 1
[    7.905945] initcall exar_pci_driver_init+0x0/0x15 returned 0 after 39 usecs
[    7.915935] calling  lpss8250_pci_driver_init+0x0/0x15 @ 1
[    7.924124] initcall lpss8250_pci_driver_init+0x0/0x15 returned 0 after 148 usecs
[    7.934923] calling  mid8250_pci_driver_init+0x0/0x15 @ 1
[    7.943293] initcall mid8250_pci_driver_init+0x0/0x15 returned 0 after 162 usecs
[    7.955565] calling  virtio_console_init+0x0/0xff @ 1
[    7.966653] initcall virtio_console_init+0x0/0xff returned 0 after 2634 usecs
[    7.977916] calling  hpet_init+0x0/0x64 @ 1
[    7.988788] initcall hpet_init+0x0/0x64 returned 0 after 4025 usecs
[    8.000445] calling  nvram_module_init+0x0/0x83 @ 1
[    8.009178] Non-volatile memory driver v1.3
[    8.015087] initcall nvram_module_init+0x0/0x83 returned 0 after 6689 usecs
[    8.024334] calling  hwrng_modinit+0x0/0x8a @ 1
[    8.031494] initcall hwrng_modinit+0x0/0x8a returned 0 after 614 usecs
[    8.041099] calling  mod_init+0x0/0x48 @ 1
[    8.047104] initcall mod_init+0x0/0x48 returned -19 after 1 usecs
[    8.055848] calling  agp_init+0x0/0x23 @ 1
[    8.062296] Linux agpgart interface v0.103
[    8.068427] initcall agp_init+0x0/0x23 returned 0 after 5984 usecs
[    8.076934] calling  agp_amd64_mod_init+0x0/0x5 @ 1
[    8.087297] initcall agp_amd64_mod_init+0x0/0x5 returned -19 after 3404 usecs
[    8.098122] calling  agp_intel_init+0x0/0x28 @ 1
[    8.108371] initcall agp_intel_init+0x0/0x28 returned 0 after 2605 usecs
[    8.117882] calling  drm_kms_helper_init+0x0/0x7 @ 1
[    8.125970] initcall drm_kms_helper_init+0x0/0x7 returned 0 after 120 usecs
[    8.137273] calling  drm_core_init+0x0/0xbd @ 1
[    8.150107] initcall drm_core_init+0x0/0xbd returned 0 after 2776 usecs
[    8.161405] calling  i915_init+0x0/0x6b @ 1
[    8.183896] initcall i915_init+0x0/0x6b returned 0 after 14280 usecs
[    8.194337] calling  cn_proc_init+0x0/0x35 @ 1
[    8.201242] initcall cn_proc_init+0x0/0x35 returned 0 after 159 usecs
[    8.211093] calling  topology_sysfs_init+0x0/0x27 @ 1
[    8.220874] initcall topology_sysfs_init+0x0/0x27 returned 0 after 44 usecs
[    8.231688] calling  cacheinfo_sysfs_init+0x0/0x27 @ 1
[    8.242809] initcall cacheinfo_sysfs_init+0x0/0x27 returned 0 after 2689 usecs
[    8.255692] calling  loop_init+0x0/0x16a @ 1
[    8.407921] loop: module loaded
[    8.413270] initcall loop_init+0x0/0x16a returned 0 after 147009 usecs
[    8.423615] calling  mac_hid_init+0x0/0x21 @ 1
[    8.431253] initcall mac_hid_init+0x0/0x21 returned 0 after 453 usecs
[    8.441565] calling  spi_transport_init+0x0/0x74 @ 1
[    8.450082] initcall spi_transport_init+0x0/0x74 returned 0 after 624 usecs
[    8.462003] calling  init_sd+0x0/0x18c @ 1
[    8.470069] initcall init_sd+0x0/0x18c returned 0 after 751 usecs
[    8.480295] calling  init_sr+0x0/0x43 @ 1
[    8.487041] initcall init_sr+0x0/0x43 returned 0 after 486 usecs
[    8.495874] calling  init_sg+0x0/0x1c0 @ 1
[    8.502386] initcall init_sg+0x0/0x1c0 returned 0 after 593 usecs
[    8.512263] calling  ahci_pci_driver_init+0x0/0x15 @ 1
[    8.522309] ahci 0000:00:1f.2: version 3.0
[    8.538827] PCI Interrupt Link [GSIA] enabled at IRQ 16
[    8.579948] ahci 0000:00:1f.2: AHCI 0001.0000 32 slots 6 ports 1.5 Gbps 0x3f impl SATA mode
[    8.592855] ahci 0000:00:1f.2: flags: 64bit ncq only 
[    8.650792] scsi host0: ahci
[    8.660727] scsi host1: ahci
[    8.669493] scsi host2: ahci
[    8.677425] scsi host3: ahci
[    8.685261] scsi host4: ahci
[    8.702391] scsi host5: ahci
[    8.708670] ata1: SATA max UDMA/133 abar m4096@0xfebf1000 port 0xfebf1100 irq 24
[    8.721871] ata2: SATA max UDMA/133 abar m4096@0xfebf1000 port 0xfebf1180 irq 24
[    8.735058] ata3: SATA max UDMA/133 abar m4096@0xfebf1000 port 0xfebf1200 irq 24
[    8.747636] ata4: SATA max UDMA/133 abar m4096@0xfebf1000 port 0xfebf1280 irq 24
[    8.759443] ata5: SATA max UDMA/133 abar m4096@0xfebf1000 port 0xfebf1300 irq 24
[    8.771048] ata6: SATA max UDMA/133 abar m4096@0xfebf1000 port 0xfebf1380 irq 24
[    8.783823] initcall ahci_pci_driver_init+0x0/0x15 returned 0 after 256430 usecs
[    8.795113] calling  piix_init+0x0/0x26 @ 1
[    8.802255] initcall piix_init+0x0/0x26 returned 0 after 237 usecs
[    8.812656] calling  amd_pci_driver_init+0x0/0x15 @ 1
[    8.820995] initcall amd_pci_driver_init+0x0/0x15 returned 0 after 352 usecs
[    8.831521] calling  oldpiix_pci_driver_init+0x0/0x15 @ 1
[    8.840910] initcall oldpiix_pci_driver_init+0x0/0x15 returned 0 after 223 usecs
[    8.853279] calling  sch_pci_driver_init+0x0/0x15 @ 1
[    8.861898] initcall sch_pci_driver_init+0x0/0x15 returned 0 after 246 usecs
[    8.873032] calling  net_olddevs_init+0x0/0x55 @ 1
[    8.880807] initcall net_olddevs_init+0x0/0x55 returned 0 after 567 usecs
[    8.892982] calling  blackhole_netdev_init+0x0/0x78 @ 1
[    8.904337] initcall blackhole_netdev_init+0x0/0x78 returned 0 after 2815 usecs
[    8.915374] calling  phy_module_init+0x0/0x13 @ 1
[    8.924367] initcall phy_module_init+0x0/0x13 returned 0 after 725 usecs
[    8.935008] calling  tg3_driver_init+0x0/0x15 @ 1
[    8.942289] initcall tg3_driver_init+0x0/0x15 returned 0 after 371 usecs
[    8.952669] calling  e100_init_module+0x0/0x4c @ 1
[    8.960733] e100: Intel(R) PRO/100 Network Driver
[    8.968371] e100: Copyright(c) 1999-2006 Intel Corporation
[    8.976664] initcall e100_init_module+0x0/0x4c returned 0 after 15555 usecs
[    8.987169] calling  e1000_init_module+0x0/0x72 @ 1
[    8.995865] e1000: Intel(R) PRO/1000 Network Driver
[    9.004268] e1000: Copyright (c) 1999-2006 Intel Corporation.
[    9.013544] initcall e1000_init_module+0x0/0x72 returned 0 after 17444 usecs
[    9.025321] calling  e1000_init_module+0x0/0x2d @ 1
[    9.033187] e1000e: Intel(R) PRO/1000 Network Driver
[    9.040322] e1000e: Copyright(c) 1999 - 2015 Intel Corporation.
[    9.049333] initcall e1000_init_module+0x0/0x2d returned 0 after 15872 usecs
[    9.059238] calling  sky2_init_module+0x0/0x21 @ 1
[    9.066262] sky2: driver version 1.30
[    9.072159] initcall sky2_init_module+0x0/0x21 returned 0 after 5755 usecs
[    9.082891] calling  forcedeth_pci_driver_init+0x0/0x15 @ 1
[    9.091641] initcall forcedeth_pci_driver_init+0x0/0x15 returned 0 after 505 usecs
[    9.102000] calling  rtl8139_init_module+0x0/0x15 @ 1
[    9.109312] initcall rtl8139_init_module+0x0/0x15 returned 0 after 553 usecs
[    9.119322] calling  rtl8169_pci_driver_init+0x0/0x15 @ 1
[    9.127420] initcall rtl8169_pci_driver_init+0x0/0x15 returned 0 after 229 usecs
[    9.138639] calling  cdrom_init+0x0/0xc @ 1
[    9.145148] initcall cdrom_init+0x0/0xc returned 0 after 255 usecs
[    9.154872] calling  nonstatic_sysfs_init+0x0/0xc @ 1
[    9.163162] initcall nonstatic_sysfs_init+0x0/0xc returned 0 after 536 usecs
[    9.172984] calling  yenta_cardbus_driver_init+0x0/0x15 @ 1
[    9.181559] initcall yenta_cardbus_driver_init+0x0/0x15 returned 0 after 517 usecs
[    9.192726] calling  mon_init+0x0/0x144 @ 1
[    9.216207] initcall mon_init+0x0/0x144 returned 0 after 16737 usecs
[    9.227601] calling  ehci_hcd_init+0x0/0x55 @ 1
[    9.241629] ehci_hcd: USB 2.0 'Enhanced' Host Controller (EHCI) Driver
[    9.251001] initcall ehci_hcd_init+0x0/0x55 returned 0 after 9322 usecs
[    9.262029] calling  ehci_pci_init+0x0/0x64 @ 1
[    9.268363] ehci-pci: EHCI PCI platform driver
[    9.281318] initcall ehci_pci_init+0x0/0x64 returned 0 after 12647 usecs
[    9.291920] calling  ohci_hcd_mod_init+0x0/0x4d @ 1
[    9.299229] ohci_hcd: USB 1.1 'Open' Host Controller (OHCI) Driver
[    9.319550] initcall ohci_hcd_mod_init+0x0/0x4d returned 0 after 19841 usecs
[    9.330063] calling  ohci_pci_init+0x0/0x64 @ 1
[    9.338362] ohci-pci: OHCI PCI platform driver
[    9.344931] initcall ohci_pci_init+0x0/0x64 returned 0 after 6693 usecs
[    9.354276] calling  uhci_hcd_init+0x0/0xa6 @ 1
[    9.360371] uhci_hcd: USB Universal Host Controller Interface driver
[    9.370463] initcall uhci_hcd_init+0x0/0xa6 returned 0 after 9850 usecs
[    9.379529] calling  xhci_hcd_init+0x0/0x1e @ 1
[    9.387936] initcall xhci_hcd_init+0x0/0x1e returned 0 after 104 usecs
[    9.398701] calling  xhci_pci_init+0x0/0x49 @ 1
[    9.405727] initcall xhci_pci_init+0x0/0x49 returned 0 after 590 usecs
[    9.414665] calling  usblp_driver_init+0x0/0x15 @ 1
[    9.422479] usbcore: registered new interface driver usblp
[    9.430248] initcall usblp_driver_init+0x0/0x15 returned 0 after 8391 usecs
[    9.440549] calling  usb_storage_driver_init+0x0/0x2a @ 1
[    9.450111] usbcore: registered new interface driver usb-storage
[    9.459341] initcall usb_storage_driver_init+0x0/0x2a returned 0 after 9412 usecs
[    9.504963] calling  i8042_init+0x0/0x4c2 @ 1
[    9.544613] i8042: PNP: PS/2 Controller [PNP0303:KBD,PNP0f13:MOU] at 0x60,0x64 irq 1,12
[    9.603129] serio: i8042 KBD port at 0x60,0x64 irq 1
[    9.614915] serio: i8042 AUX port at 0x60,0x64 irq 12
[    9.624301] initcall i8042_init+0x0/0x4c2 returned 0 after 105134 usecs
[    9.637403] calling  serport_init+0x0/0x2c @ 1
[    9.645495] initcall serport_init+0x0/0x2c returned 0 after 169 usecs
[    9.657011] calling  input_leds_init+0x0/0xc @ 1
[    9.665378] initcall input_leds_init+0x0/0xc returned 0 after 422 usecs
[    9.679035] calling  evdev_init+0x0/0xc @ 1
[    9.832842] ata2: SATA link down (SStatus 0 SControl 300)
[    9.859670] ata1: SATA link down (SStatus 0 SControl 300)
[    9.873420] ata4: SATA link down (SStatus 0 SControl 300)
[    9.887201] ata3: SATA link up 1.5 Gbps (SStatus 113 SControl 300)
[    9.901270] ata3.00: ATAPI: QEMU DVD-ROM, 2.5+, max UDMA/100
[    9.914525] ata3.00: applying bridge limits
[    9.926635] ata3.00: configured for UDMA/100
[    9.956597] ata5: SATA link down (SStatus 0 SControl 300)
[    9.976255] scsi 2:0:0:0: CD-ROM            QEMU     QEMU DVD-ROM     2.5+ PQ: 0 ANSI: 5
[   10.052690] sr 2:0:0:0: [sr0] scsi3-mmc drive: 4x/4x cd/rw xa/form2 tray
[   10.063316] cdrom: Uniform CD-ROM driver Revision: 3.20
[   10.076419] ata6: SATA link down (SStatus 0 SControl 300)
[   10.127142] sr 2:0:0:0: Attached scsi CD-ROM sr0
[   10.153006] sr 2:0:0:0: Attached scsi generic sg0 type 5
[   10.546130] initcall evdev_init+0x0/0xc returned 0 after 827561 usecs
[   10.555865] calling  atkbd_init+0x0/0x21 @ 1
[   10.563097] initcall atkbd_init+0x0/0x21 returned 0 after 574 usecs
[   10.571913] calling  psmouse_init+0x0/0x7f @ 1
[   10.578910] initcall psmouse_init+0x0/0x7f returned 0 after 255 usecs
[   10.587713] calling  cmos_init+0x0/0x73 @ 1
[   10.595386] rtc_cmos 00:04: RTC can wake from S4
[   10.612389] input: AT Translated Set 2 keyboard as /devices/platform/i8042/serio0/input/input1
[   10.721782] rtc_cmos 00:04: registered as rtc0
[   10.730355] rtc_cmos 00:04: alarms up to one day, y3k, 242 bytes nvram, hpet irqs
[   10.742459] initcall cmos_init+0x0/0x73 returned 0 after 145086 usecs
[   10.752305] calling  smbalert_driver_init+0x0/0xe @ 1
[   10.760104] initcall smbalert_driver_init+0x0/0xe returned 0 after 518 usecs
[   10.770592] calling  i2c_i801_init+0x0/0xc5 @ 1
[   10.782893] i801_smbus 0000:00:1f.3: SMBus using PCI interrupt
[   10.793167] i2c i2c-0: 1/1 memory slots populated (from DMI)
[   10.801522] i2c i2c-0: Memory type 0x07 not supported yet, not instantiating SPD
[   10.810914] initcall i2c_i801_init+0x0/0xc5 returned 0 after 32383 usecs
[   10.820463] calling  ptp_kvm_init+0x0/0xf0 @ 1
[   10.839100] rcu-torture: rcu_torture_read_exit: End of episode
[   10.850982] initcall ptp_kvm_init+0x0/0xf0 returned 0 after 22634 usecs
[   10.863131] calling  dm_init+0x0/0x3c @ 1
[   10.875240] device-mapper: ioctl: 4.43.0-ioctl (2020-10-01) initialised: dm-devel@redhat.com
[   10.893374] initcall dm_init+0x0/0x3c returned 0 after 23286 usecs
[   10.904562] calling  dm_mirror_init+0x0/0x29 @ 1
[   10.912149] initcall dm_mirror_init+0x0/0x29 returned 0 after 103 usecs
[   10.921845] calling  dm_dirty_log_init+0x0/0x4f @ 1
[   10.929726] initcall dm_dirty_log_init+0x0/0x4f returned 0 after 255 usecs
[   10.940574] calling  dm_zero_init+0x0/0x29 @ 1
[   10.947503] initcall dm_zero_init+0x0/0x29 returned 0 after 3 usecs
[   10.956873] calling  intel_pstate_init+0x0/0x4a4 @ 1
[   10.965370] intel_pstate: CPU model not supported
[   10.972852] initcall intel_pstate_init+0x0/0x4a4 returned -19 after 7918 usecs
[   10.983073] calling  haltpoll_init+0x0/0xc0 @ 1
[   10.990119] initcall haltpoll_init+0x0/0xc0 returned -19 after 119 usecs
[   11.000986] calling  efivars_sysfs_init+0x0/0x30 @ 1
[   11.008674] initcall efivars_sysfs_init+0x0/0x30 returned 0 after 140 usecs
[   11.019284] calling  esrt_sysfs_init+0x0/0x2a2 @ 1
[   11.025971] initcall esrt_sysfs_init+0x0/0x2a2 returned -38 after 53 usecs
[   11.036553] calling  hid_init+0x0/0x5c @ 1
[   11.043433] hid: raw HID events driver (C) Jiri Kosina
[   11.051835] initcall hid_init+0x0/0x5c returned 0 after 8388 usecs
[   11.061790] calling  hid_generic_init+0x0/0x15 @ 1
[   11.069340] initcall hid_generic_init+0x0/0x15 returned 0 after 230 usecs
[   11.084609] calling  a4_driver_init+0x0/0x15 @ 1
[   11.091984] initcall a4_driver_init+0x0/0x15 returned 0 after 46 usecs
[   11.101878] calling  apple_driver_init+0x0/0x15 @ 1
[   11.108694] initcall apple_driver_init+0x0/0x15 returned 0 after 57 usecs
[   11.119044] calling  belkin_driver_init+0x0/0x15 @ 1
[   11.126631] initcall belkin_driver_init+0x0/0x15 returned 0 after 39 usecs
[   11.136904] calling  ch_driver_init+0x0/0x15 @ 1
[   11.143499] initcall ch_driver_init+0x0/0x15 returned 0 after 84 usecs
[   11.152950] calling  ch_driver_init+0x0/0x15 @ 1
[   11.159889] initcall ch_driver_init+0x0/0x15 returned 0 after 44 usecs
[   11.169506] calling  cp_driver_init+0x0/0x15 @ 1
[   11.177095] initcall cp_driver_init+0x0/0x15 returned 0 after 42 usecs
[   11.187221] calling  ez_driver_init+0x0/0x15 @ 1
[   11.194497] initcall ez_driver_init+0x0/0x15 returned 0 after 49 usecs
[   11.204096] calling  gyration_driver_init+0x0/0x15 @ 1
[   11.211795] initcall gyration_driver_init+0x0/0x15 returned 0 after 43 usecs
[   11.223219] calling  ite_driver_init+0x0/0x15 @ 1
[   11.230668] initcall ite_driver_init+0x0/0x15 returned 0 after 44 usecs
[   11.240372] calling  ks_driver_init+0x0/0x15 @ 1
[   11.247731] initcall ks_driver_init+0x0/0x15 returned 0 after 41 usecs
[   11.257990] calling  lg_driver_init+0x0/0x15 @ 1
[   11.265050] initcall lg_driver_init+0x0/0x15 returned 0 after 57 usecs
[   11.275660] calling  lg_g15_driver_init+0x0/0x15 @ 1
[   11.283124] initcall lg_g15_driver_init+0x0/0x15 returned 0 after 78 usecs
[   11.298033] calling  ms_driver_init+0x0/0x15 @ 1
[   11.304562] initcall ms_driver_init+0x0/0x15 returned 0 after 43 usecs
[   11.315117] calling  mr_driver_init+0x0/0x15 @ 1
[   11.321539] initcall mr_driver_init+0x0/0x15 returned 0 after 44 usecs
[   11.331429] calling  ntrig_driver_init+0x0/0x15 @ 1
[   11.344295] initcall ntrig_driver_init+0x0/0x15 returned 0 after 59 usecs
[   11.353271] calling  pl_driver_init+0x0/0x15 @ 1
[   11.360039] initcall pl_driver_init+0x0/0x15 returned 0 after 45 usecs
[   11.369477] calling  pl_driver_init+0x0/0x15 @ 1
[   11.376249] initcall pl_driver_init+0x0/0x15 returned 0 after 47 usecs
[   11.385831] calling  redragon_driver_init+0x0/0x15 @ 1
[   11.394200] initcall redragon_driver_init+0x0/0x15 returned 0 after 225 usecs
[   11.405148] calling  samsung_driver_init+0x0/0x15 @ 1
[   11.413192] initcall samsung_driver_init+0x0/0x15 returned 0 after 49 usecs
[   11.424175] calling  sony_init+0x0/0x38 @ 1
[   11.431414] initcall sony_init+0x0/0x38 returned 0 after 56 usecs
[   11.441217] calling  sp_driver_init+0x0/0x15 @ 1
[   11.448472] initcall sp_driver_init+0x0/0x15 returned 0 after 47 usecs
[   11.458161] calling  ts_driver_init+0x0/0x15 @ 1
[   11.465158] initcall ts_driver_init+0x0/0x15 returned 0 after 50 usecs
[   11.475317] calling  hid_init+0x0/0x58 @ 1
[   11.484041] usbcore: registered new interface driver usbhid
[   11.493018] usbhid: USB HID core driver
[   11.499361] initcall hid_init+0x0/0x58 returned 0 after 15818 usecs
[   11.508812] calling  eeepc_laptop_init+0x0/0x57 @ 1
[   11.516529] initcall eeepc_laptop_init+0x0/0x57 returned -19 after 157 usecs
[   11.527518] calling  pmc_atom_init+0x0/0x27a @ 1
[   11.534339] initcall pmc_atom_init+0x0/0x27a returned -19 after 8 usecs
[   11.543411] calling  alsa_hwdep_init+0x0/0x5e @ 1
[   11.550493] initcall alsa_hwdep_init+0x0/0x5e returned 0 after 193 usecs
[   11.559851] calling  alsa_timer_init+0x0/0x1f9 @ 1
[   11.581432] initcall alsa_timer_init+0x0/0x1f9 returned 0 after 14244 usecs
[   11.591513] calling  snd_hrtimer_init+0x0/0x117 @ 1
[   11.598949] initcall snd_hrtimer_init+0x0/0x117 returned 0 after 6 usecs
[   11.608885] calling  alsa_pcm_init+0x0/0x64 @ 1
[   11.615619] initcall alsa_pcm_init+0x0/0x64 returned 0 after 21 usecs
[   11.625123] calling  alsa_seq_init+0x0/0x4a @ 1
[   11.638473] initcall alsa_seq_init+0x0/0x4a returned 0 after 6458 usecs
[   11.648172] calling  alsa_seq_dummy_init+0x0/0x9c @ 1
[   11.655799] initcall alsa_seq_dummy_init+0x0/0x9c returned 0 after 80 usecs
[   11.665408] calling  azx_driver_init+0x0/0x15 @ 1
[   11.672825] initcall azx_driver_init+0x0/0x15 returned 0 after 596 usecs
[   11.682062] calling  sock_diag_init+0x0/0x2a @ 1
[   11.689573] initcall sock_diag_init+0x0/0x2a returned 0 after 947 usecs
[   11.698851] calling  blackhole_init+0x0/0xc @ 1
[   11.705287] initcall blackhole_init+0x0/0xc returned 0 after 46 usecs
[   11.714252] calling  nfnetlink_init+0x0/0x61 @ 1
[   11.720989] initcall nfnetlink_init+0x0/0x61 returned 0 after 312 usecs
[   11.730247] calling  nfnetlink_log_init+0x0/0x99 @ 1
[   11.737468] initcall nfnetlink_log_init+0x0/0x99 returned 0 after 324 usecs
[   11.746969] calling  nf_conntrack_standalone_init+0x0/0x87 @ 1
[   11.755933] initcall nf_conntrack_standalone_init+0x0/0x87 returned 0 after 1020 usecs
[   11.767111] calling  ctnetlink_init+0x0/0x83 @ 1
[   11.773911] initcall ctnetlink_init+0x0/0x83 returned 0 after 193 usecs
[   11.783242] calling  nf_conntrack_ftp_init+0x0/0x12c @ 1
[   11.791149] initcall nf_conntrack_ftp_init+0x0/0x12c returned 0 after 119 usecs
[   11.801512] calling  nf_conntrack_irc_init+0x0/0x129 @ 1
[   11.809598] initcall nf_conntrack_irc_init+0x0/0x129 returned 0 after 57 usecs
[   11.820231] calling  nf_conntrack_sip_init+0x0/0x172 @ 1
[   11.827958] initcall nf_conntrack_sip_init+0x0/0x172 returned 0 after 28 usecs
[   11.837930] calling  nf_nat_init+0x0/0xf0 @ 1
[   11.844487] initcall nf_nat_init+0x0/0xf0 returned 0 after 322 usecs
[   11.853044] calling  nf_nat_ftp_init+0x0/0x2a @ 1
[   11.859427] initcall nf_nat_ftp_init+0x0/0x2a returned 0 after 55 usecs
[   11.868204] calling  nf_nat_irc_init+0x0/0x2a @ 1
[   11.874958] initcall nf_nat_irc_init+0x0/0x2a returned 0 after 2 usecs
[   11.883895] calling  nf_nat_sip_init+0x0/0x36 @ 1
[   11.890470] initcall nf_nat_sip_init+0x0/0x36 returned 0 after 4 usecs
[   11.899300] calling  xt_init+0x0/0x113 @ 1
[   11.906907] initcall xt_init+0x0/0x113 returned 0 after 272 usecs
[   11.915262] calling  tcpudp_mt_init+0x0/0x11 @ 1
[   11.921988] initcall tcpudp_mt_init+0x0/0x11 returned 0 after 333 usecs
[   11.930975] calling  connsecmark_tg_init+0x0/0xc @ 1
[   11.937564] initcall connsecmark_tg_init+0x0/0xc returned 0 after 3 usecs
[   11.946291] calling  nflog_tg_init+0x0/0xc @ 1
[   11.952286] initcall nflog_tg_init+0x0/0xc returned 0 after 2 usecs
[   11.960523] calling  secmark_tg_init+0x0/0x11 @ 1
[   11.967091] initcall secmark_tg_init+0x0/0x11 returned 0 after 3 usecs
[   11.976303] calling  tcpmss_tg_init+0x0/0x11 @ 1
[   11.982477] initcall tcpmss_tg_init+0x0/0x11 returned 0 after 3 usecs
[   11.991365] calling  conntrack_mt_init+0x0/0x11 @ 1
[   11.998554] initcall conntrack_mt_init+0x0/0x11 returned 0 after 4 usecs
[   12.008266] calling  policy_mt_init+0x0/0x11 @ 1
[   12.014893] initcall policy_mt_init+0x0/0x11 returned 0 after 3 usecs
[   12.024179] calling  state_mt_init+0x0/0xc @ 1
[   12.030658] initcall state_mt_init+0x0/0xc returned 0 after 2 usecs
[   12.039660] calling  gre_offload_init+0x0/0x48 @ 1
[   12.046976] initcall gre_offload_init+0x0/0x48 returned 0 after 139 usecs
[   12.056870] calling  sysctl_ipv4_init+0x0/0x46 @ 1
[   12.064149] initcall sysctl_ipv4_init+0x0/0x46 returned 0 after 545 usecs
[   12.073461] calling  tunnel4_init+0x0/0x58 @ 1
[   12.079770] initcall tunnel4_init+0x0/0x58 returned 0 after 58 usecs
[   12.088393] calling  nf_defrag_init+0x0/0xc @ 1
[   12.095015] initcall nf_defrag_init+0x0/0xc returned 0 after 54 usecs
[   12.103853] calling  ip_tables_init+0x0/0x8d @ 1
[   12.110458] initcall ip_tables_init+0x0/0x8d returned 0 after 156 usecs
[   12.119567] calling  iptable_filter_init+0x0/0x4c @ 1
[   12.127128] initcall iptable_filter_init+0x0/0x4c returned 0 after 804 usecs
[   12.136095] calling  iptable_mangle_init+0x0/0xb8 @ 1
[   12.142903] initcall iptable_mangle_init+0x0/0xb8 returned 0 after 287 usecs
[   12.152200] calling  reject_tg_init+0x0/0xc @ 1
[   12.158332] initcall reject_tg_init+0x0/0xc returned 0 after 2 usecs
[   12.167109] calling  cubictcp_register+0x0/0x53 @ 1
[   12.174035] initcall cubictcp_register+0x0/0x53 returned 0 after 132 usecs
[   12.183884] calling  xfrm_user_init+0x0/0x45 @ 1
[   12.191869] Initializing XFRM netlink socket
[   12.199092] initcall xfrm_user_init+0x0/0x45 returned 0 after 7049 usecs
[   12.208987] calling  inet6_init+0x0/0x35e @ 1
[   12.217570] NET: Registered protocol family 10
[   12.242882] Segment Routing with IPv6
[   12.248392] initcall inet6_init+0x0/0x35e returned 0 after 32007 usecs
[   12.257619] calling  ah6_init+0x0/0x71 @ 1
[   12.264121] initcall ah6_init+0x0/0x71 returned 0 after 372 usecs
[   12.272568] calling  esp6_init+0x0/0x71 @ 1
[   12.278796] initcall esp6_init+0x0/0x71 returned 0 after 108 usecs
[   12.287452] calling  ip6_tables_init+0x0/0x8d @ 1
[   12.294176] initcall ip6_tables_init+0x0/0x8d returned 0 after 35 usecs
[   12.302825] calling  ip6table_filter_init+0x0/0x4c @ 1
[   12.310031] initcall ip6table_filter_init+0x0/0x4c returned 0 after 464 usecs
[   12.319623] calling  ip6table_mangle_init+0x0/0xb8 @ 1
[   12.326299] initcall ip6table_mangle_init+0x0/0xb8 returned 0 after 97 usecs
[   12.335541] calling  nf_defrag_init+0x0/0x45 @ 1
[   12.342025] initcall nf_defrag_init+0x0/0x45 returned 0 after 97 usecs
[   12.351108] calling  ipv6header_mt6_init+0x0/0xc @ 1
[   12.357937] initcall ipv6header_mt6_init+0x0/0xc returned 0 after 3 usecs
[   12.379237] calling  reject_tg6_init+0x0/0xc @ 1
[   12.385931] initcall reject_tg6_init+0x0/0xc returned 0 after 3 usecs
[   12.405946] calling  sit_init+0x0/0xc3 @ 1
[   12.412183] sit: IPv6, IPv4 and MPLS over IPv4 tunneling driver
[   12.422444] initcall sit_init+0x0/0xc3 returned 0 after 10015 usecs
[   12.430908] calling  packet_init+0x0/0x75 @ 1
[   12.437227] NET: Registered protocol family 17
