c[?7l[2J[0mSeaBIOS (version 1.16.0-debian-1.16.0-4)
Booting from ROM...
early console in setup code
c[?7l[2J[    0.000000] Linux version 5.10.157+ (root@joelboxx.c.googlers.com) (gcc (Debian 12.2.0-3) 12.2.0, GNU ld (GNU Binutils for Debian) 2.39) #9 SMP Tue Dec 13 03:35:05 UTC 2022
[    0.000000] Command line: selinux=0 initcall_debug debug console=ttyS0 rcutorture.torture_type=tasks-tracing rcutorture.onoff_interval=1000 rcutorture.onoff_holdoff=30 rcutorture.n_barrier_cbs=4 rcutorture.stat_interval=15 rcutorture.shutdown_secs=1800 rcutorture.test_no_idle_hz=1 rcutorture.verbose=1
[    0.000000] x86/fpu: x87 FPU will use FXSAVE
[    0.000000] BIOS-provided physical RAM map:
[    0.000000] BIOS-e820: [mem 0x0000000000000000-0x000000000009fbff] usable
[    0.000000] BIOS-e820: [mem 0x000000000009fc00-0x000000000009ffff] reserved
[    0.000000] BIOS-e820: [mem 0x00000000000f0000-0x00000000000fffff] reserved
[    0.000000] BIOS-e820: [mem 0x0000000000100000-0x000000001ffdefff] usable
[    0.000000] BIOS-e820: [mem 0x000000001ffdf000-0x000000001fffffff] reserved
[    0.000000] BIOS-e820: [mem 0x00000000b0000000-0x00000000bfffffff] reserved
[    0.000000] BIOS-e820: [mem 0x00000000fed1c000-0x00000000fed1ffff] reserved
[    0.000000] BIOS-e820: [mem 0x00000000feffc000-0x00000000feffffff] reserved
[    0.000000] BIOS-e820: [mem 0x00000000fffc0000-0x00000000ffffffff] reserved
[    0.000000] NX (Execute Disable) protection: active
[    0.000000] SMBIOS 2.8 present.
[    0.000000] DMI: QEMU Standard PC (Q35 + ICH9, 2009), BIOS 1.16.0-debian-1.16.0-4 04/01/2014
[    0.000000] Hypervisor detected: KVM
[    0.000000] kvm-clock: Using msrs 4b564d01 and 4b564d00
[    0.000000] kvm-clock: cpu 0, msr 1d925001, primary cpu clock
[    0.000085] kvm-clock: using sched offset of 3365566980 cycles
[    0.000416] clocksource: kvm-clock: mask: 0xffffffffffffffff max_cycles: 0x1cd42e4dffb, max_idle_ns: 881590591483 ns
[    0.000779] tsc: Detected 1999.999 MHz processor
[    0.008404] e820: update [mem 0x00000000-0x00000fff] usable ==> reserved
[    0.008413] e820: remove [mem 0x000a0000-0x000fffff] usable
[    0.008423] last_pfn = 0x1ffdf max_arch_pfn = 0x400000000
[    0.009228] MTRR default type: write-back
[    0.009291] MTRR fixed ranges enabled:
[    0.009294]   00000-9FFFF write-back
[    0.009297]   A0000-BFFFF uncachable
[    0.009299]   C0000-FFFFF write-protect
[    0.009301] MTRR variable ranges enabled:
[    0.009304]   0 base 00C0000000 mask FFC0000000 uncachable
[    0.009306]   1 disabled
[    0.009308]   2 disabled
[    0.009310]   3 disabled
[    0.009312]   4 disabled
[    0.009314]   5 disabled
[    0.009315]   6 disabled
[    0.009317]   7 disabled
[    0.009891] x86/PAT: Configuration [0-7]: WB  WC  UC- UC  WB  WC  UC- UC  
[    0.019062] found SMP MP-table at [mem 0x000f5ba0-0x000f5baf]
[    0.022057] check: Scanning 1 areas for low memory corruption
[    0.039215] ACPI: Early table checksum verification disabled
[    0.041839] ACPI: RSDP 0x00000000000F59E0 000014 (v00 BOCHS )
[    0.042334] ACPI: RSDT 0x000000001FFE23B1 000038 (v01 BOCHS  BXPC     00000001 BXPC 00000001)
[    0.044388] ACPI: FACP 0x000000001FFE2191 0000F4 (v03 BOCHS  BXPC     00000001 BXPC 00000001)
[    0.044592] ACPI: DSDT 0x000000001FFE0040 002151 (v01 BOCHS  BXPC     00000001 BXPC 00000001)
[    0.044603] ACPI: FACS 0x000000001FFE0000 000040
[    0.044613] ACPI: APIC 0x000000001FFE2285 000090 (v01 BOCHS  BXPC     00000001 BXPC 00000001)
[    0.044731] ACPI: HPET 0x000000001FFE2315 000038 (v01 BOCHS  BXPC     00000001 BXPC 00000001)
[    0.044742] ACPI: MCFG 0x000000001FFE234D 00003C (v01 BOCHS  BXPC     00000001 BXPC 00000001)
[    0.044752] ACPI: WAET 0x000000001FFE2389 000028 (v01 BOCHS  BXPC     00000001 BXPC 00000001)
[    0.044762] ACPI: Reserving FACP table memory at [mem 0x1ffe2191-0x1ffe2284]
[    0.044766] ACPI: Reserving DSDT table memory at [mem 0x1ffe0040-0x1ffe2190]
[    0.044769] ACPI: Reserving FACS table memory at [mem 0x1ffe0000-0x1ffe003f]
[    0.044773] ACPI: Reserving APIC table memory at [mem 0x1ffe2285-0x1ffe2314]
[    0.044777] ACPI: Reserving HPET table memory at [mem 0x1ffe2315-0x1ffe234c]
[    0.044780] ACPI: Reserving MCFG table memory at [mem 0x1ffe234d-0x1ffe2388]
[    0.044783] ACPI: Reserving WAET table memory at [mem 0x1ffe2389-0x1ffe23b0]
[    0.046419] ACPI: Local APIC address 0xfee00000
[    0.052169] No NUMA configuration found
[    0.052182] Faking a node at [mem 0x0000000000000000-0x000000001ffdefff]
[    0.052328] NODE_DATA(0) allocated [mem 0x1ffdb000-0x1ffdefff]
[    0.054438] Zone ranges:
[    0.054622]   DMA      [mem 0x0000000000001000-0x0000000000ffffff]
[    0.054748]   DMA32    [mem 0x0000000001000000-0x000000001ffdefff]
[    0.054840]   Normal   empty
[    0.054847] Movable zone start for each node
[    0.054850] Early memory node ranges
[    0.054853]   node   0: [mem 0x0000000000001000-0x000000000009efff]
[    0.054933]   node   0: [mem 0x0000000000100000-0x000000001ffdefff]
[    0.055144] Initmem setup node 0 [mem 0x0000000000001000-0x000000001ffdefff]
[    0.055226] On node 0 totalpages: 130941
[    0.055406]   DMA zone: 64 pages used for memmap
[    0.055410]   DMA zone: 21 pages reserved
[    0.055413]   DMA zone: 3998 pages, LIFO batch:0
[    0.055416]   DMA32 zone: 1984 pages used for memmap
[    0.055419]   DMA32 zone: 126943 pages, LIFO batch:31
[    0.065973] On node 0, zone DMA: 1 pages in unavailable ranges
[    0.068440] On node 0, zone DMA: 97 pages in unavailable ranges
[    0.187144] On node 0, zone DMA32: 33 pages in unavailable ranges
[    0.190743] ACPI: PM-Timer IO Port: 0x608
[    0.190751] ACPI: Local APIC address 0xfee00000
[    0.190959] ACPI: LAPIC_NMI (acpi_id[0xff] dfl dfl lint[0x1])
[    0.192522] IOAPIC[0]: apic_id 0, version 17, address 0xfec00000, GSI 0-23
[    0.192712] ACPI: INT_SRC_OVR (bus 0 bus_irq 0 global_irq 2 dfl dfl)
[    0.192824] ACPI: INT_SRC_OVR (bus 0 bus_irq 5 global_irq 5 high level)
[    0.192828] ACPI: INT_SRC_OVR (bus 0 bus_irq 9 global_irq 9 high level)
[    0.192938] ACPI: INT_SRC_OVR (bus 0 bus_irq 10 global_irq 10 high level)
[    0.192991] ACPI: INT_SRC_OVR (bus 0 bus_irq 11 global_irq 11 high level)
[    0.192994] ACPI: IRQ0 used by override.
[    0.192997] ACPI: IRQ5 used by override.
[    0.192999] ACPI: IRQ9 used by override.
[    0.193002] ACPI: IRQ10 used by override.
[    0.193004] ACPI: IRQ11 used by override.
[    0.193093] Using ACPI (MADT) for SMP configuration information
[    0.193097] ACPI: HPET id: 0x8086a201 base: 0xfed00000
[    0.193623] smpboot: Allowing 4 CPUs, 0 hotplug CPUs
[    0.195931] PM: hibernation: Registered nosave memory: [mem 0x00000000-0x00000fff]
[    0.195935] PM: hibernation: Registered nosave memory: [mem 0x0009f000-0x0009ffff]
[    0.195937] PM: hibernation: Registered nosave memory: [mem 0x000a0000-0x000effff]
[    0.195940] PM: hibernation: Registered nosave memory: [mem 0x000f0000-0x000fffff]
[    0.195994] [mem 0x20000000-0xafffffff] available for PCI devices
[    0.196088] Booting paravirtualized kernel on KVM
[    0.196747] clocksource: refined-jiffies: mask: 0xffffffff max_cycles: 0xffffffff, max_idle_ns: 1910969940391419 ns
[    0.249771] setup_percpu: NR_CPUS:4 nr_cpumask_bits:4 nr_cpu_ids:4 nr_node_ids:1
[    0.274810] percpu: Embedded 58 pages/cpu s198480 r8192 d30896 u524288
[    0.274854] pcpu-alloc: s198480 r8192 d30896 u524288 alloc=1*2097152
[    0.274904] pcpu-alloc: [0] 0 1 2 3 
[    0.275522] kvm-guest: stealtime: cpu 0, msr 1f41bb40
[    0.277884] Built 1 zonelists, mobility grouping on.  Total pages: 128872
[    0.277892] Policy zone: DMA32
[    0.278017] Kernel command line: selinux=0 initcall_debug debug console=ttyS0 rcutorture.torture_type=tasks-tracing rcutorture.onoff_interval=1000 rcutorture.onoff_holdoff=30 rcutorture.n_barrier_cbs=4 rcutorture.stat_interval=15 rcutorture.shutdown_secs=1800 rcutorture.test_no_idle_hz=1 rcutorture.verbose=1
[    0.292525] Dentry cache hash table entries: 65536 (order: 7, 524288 bytes, linear)
[    0.295704] Inode-cache hash table entries: 32768 (order: 6, 262144 bytes, linear)
[    0.296587] mem auto-init: stack:all(zero), heap alloc:off, heap free:off
[    0.305147] Memory: 466312K/523764K available (16398K kernel code, 2805K rwdata, 4840K rodata, 1520K init, 13284K bss, 57192K reserved, 0K cma-reserved)
[    0.306214] SLUB: HWalign=64, Order=0-3, MinObjects=0, CPUs=4, Nodes=1
[    0.307854] Kernel/User page tables isolation: enabled
[    0.316035] Running RCU self tests
[    0.316524] rcu: Hierarchical RCU implementation.
[    0.316528] rcu: 	RCU event tracing is enabled.
[    0.316530] rcu: 	RCU lockdep checking is enabled.
[    0.316560] 	Trampoline variant of Tasks RCU enabled.
[    0.316563] 	Rude variant of Tasks RCU enabled.
[    0.316565] 	Tracing variant of Tasks RCU enabled.
[    0.316666] rcu: RCU calculated value of scheduler-enlistment delay is 100 jiffies.
[    0.335325] NR_IRQS: 4352, nr_irqs: 456, preallocated irqs: 16
[    0.340091] calling  con_init+0x0/0x24f @ 0
[    0.437558] Console: colour VGA+ 80x25
[    0.437658] initcall con_init+0x0/0x24f returned 0 after 0 usecs
[    0.437663] calling  hvc_console_init+0x0/0x13 @ 0
[    0.437677] initcall hvc_console_init+0x0/0x13 returned 0 after 0 usecs
[    0.437681] calling  univ8250_console_init+0x0/0x26 @ 0
[    1.369501] printk: console [ttyS0] enabled
[    1.375091] initcall univ8250_console_init+0x0/0x26 returned 0 after 0 usecs
[    1.384445] Lock dependency validator: Copyright (c) 2006 Red Hat, Inc., Ingo Molnar
[    1.395268] ... MAX_LOCKDEP_SUBCLASSES:  8
[    1.400913] ... MAX_LOCK_DEPTH:          48
[    1.406065] ... MAX_LOCKDEP_KEYS:        8192
[    1.410860] ... CLASSHASH_SIZE:          4096
[    1.415573] ... MAX_LOCKDEP_ENTRIES:     32768
[    1.420461] ... MAX_LOCKDEP_CHAINS:      65536
[    1.425484] ... CHAINHASH_SIZE:          32768
[    1.430390]  memory used by lock dependency info: 6365 kB
[    1.436315]  memory used for stack traces: 4224 kB
[    1.442689]  per task-struct memory footprint: 1920 bytes
[    1.454205] ACPI: Core revision 20200925
[    1.464038] clocksource: hpet: mask: 0xffffffff max_cycles: 0xffffffff, max_idle_ns: 19112604467 ns
[    1.478255] APIC: Switch to symmetric I/O mode setup
[    1.500795] ..TIMER: vector=0x30 apic1=0 pin1=2 apic2=-1 pin2=-1
[    1.508145] clocksource: tsc-early: mask: 0xffffffffffffffff max_cycles: 0x39a85afc727, max_idle_ns: 881590685098 ns
[    1.520238] Calibrating delay loop (skipped) preset value.. 3999.99 BogoMIPS (lpj=1999999)
[    1.521759] pid_max: default: 32768 minimum: 301
[    1.523946] LSM: Security Framework initializing
[    1.525140] Mount-cache hash table entries: 1024 (order: 1, 8192 bytes, linear)
[    1.525749] Mountpoint-cache hash table entries: 1024 (order: 1, 8192 bytes, linear)
[    1.539236] Last level iTLB entries: 4KB 0, 2MB 0, 4MB 0
[    1.539717] Last level dTLB entries: 4KB 0, 2MB 0, 4MB 0, 1GB 0
[    1.540934] Spectre V1 : Mitigation: usercopy/swapgs barriers and __user pointer sanitization
[    1.541722] Spectre V2 : Mitigation: Retpolines
[    1.542719] Spectre V2 : Spectre v2 / SpectreRSB mitigation: Filling RSB on context switch
[    1.543720] Spectre V2 : Spectre v2 / SpectreRSB : Filling RSB on VMEXIT
[    1.544721] Speculative Store Bypass: Vulnerable
[    1.545812] MDS: Vulnerable: Clear CPU buffers attempted, no microcode
[    1.546718] MMIO Stale Data: Unknown: No mitigations
[    1.599830] Freeing SMP alternatives memory: 40K
[    1.704377] smpboot: CPU0: Intel Common KVM processor (family: 0xf, model: 0x6, stepping: 0x1)
[    1.708183] calling  init_hw_perf_events+0x0/0x6ce @ 1
[    1.708721] Performance Events: unsupported Netburst CPU model 6 no PMU driver, software events only.
[    1.709727] initcall init_hw_perf_events+0x0/0x6ce returned 0 after 976 usecs
[    1.710757] calling  init_real_mode+0x0/0x1e9 @ 1
[    1.713026] initcall init_real_mode+0x0/0x1e9 returned 0 after 976 usecs
[    1.714725] calling  trace_init_perf_perm_irq_work_exit+0x0/0x12 @ 1
[    1.716110] initcall trace_init_perf_perm_irq_work_exit+0x0/0x12 returned 0 after 0 usecs
[    1.716739] calling  validate_x2apic+0x0/0x4a @ 1
[    1.717745] initcall validate_x2apic+0x0/0x4a returned 0 after 0 usecs
[    1.718727] calling  register_nmi_cpu_backtrace_handler+0x0/0x15 @ 1
[    1.719760] initcall register_nmi_cpu_backtrace_handler+0x0/0x15 returned 0 after 0 usecs
[    1.720728] calling  kvm_setup_vsyscall_timeinfo+0x0/0xd1 @ 1
[    1.721749] initcall kvm_setup_vsyscall_timeinfo+0x0/0xd1 returned 0 after 0 usecs
[    1.722740] calling  spawn_ksoftirqd+0x0/0x38 @ 1
[    1.724796] initcall spawn_ksoftirqd+0x0/0x38 returned 0 after 976 usecs
[    1.725724] calling  migration_init+0x0/0x33 @ 1
[    1.726723] initcall migration_init+0x0/0x33 returned 0 after 0 usecs
[    1.727722] calling  srcu_bootup_announce+0x0/0x2f @ 1
[    1.728719] rcu: Hierarchical SRCU implementation.
[    1.729751] initcall srcu_bootup_announce+0x0/0x2f returned 0 after 976 usecs
[    1.730797] calling  rcu_spawn_gp_kthread+0x0/0x1b0 @ 1
[    1.731918] initcall rcu_spawn_gp_kthread+0x0/0x1b0 returned 0 after 0 usecs
[    1.732722] calling  check_cpu_stall_init+0x0/0x1a @ 1
[    1.733722] initcall check_cpu_stall_init+0x0/0x1a returned 0 after 0 usecs
[    1.734722] calling  rcu_sysrq_init+0x0/0x21 @ 1
[    1.735722] initcall rcu_sysrq_init+0x0/0x21 returned 0 after 0 usecs
[    1.736721] calling  trace_init_flags_sys_enter+0x0/0xe @ 1
[    1.737721] initcall trace_init_flags_sys_enter+0x0/0xe returned 0 after 0 usecs
[    1.738721] calling  trace_init_flags_sys_exit+0x0/0xe @ 1
[    1.739723] initcall trace_init_flags_sys_exit+0x0/0xe returned 0 after 0 usecs
[    1.741725] calling  cpu_stop_init+0x0/0x8d @ 1
[    1.742968] initcall cpu_stop_init+0x0/0x8d returned 0 after 0 usecs
[    1.745032] calling  init_kprobes+0x0/0x16e @ 1
[    1.748044] initcall init_kprobes+0x0/0x16e returned 0 after 1953 usecs
[    1.748722] calling  init_events+0x0/0x3d @ 1
[    1.750069] initcall init_events+0x0/0x3d returned 0 after 0 usecs
[    1.750720] calling  init_trace_printk+0x0/0xc @ 1
[    1.751723] initcall init_trace_printk+0x0/0xc returned 0 after 0 usecs
[    1.752722] calling  event_trace_enable_again+0x0/0x23 @ 1
[    1.753721] initcall event_trace_enable_again+0x0/0x23 returned 0 after 0 usecs
[    1.754720] calling  static_call_init+0x0/0x79 @ 1
[    1.755720] initcall static_call_init+0x0/0x79 returned 0 after 0 usecs
[    1.756720] calling  jump_label_init_module+0x0/0xc @ 1
[    1.757723] initcall jump_label_init_module+0x0/0xc returned 0 after 0 usecs
[    1.758736] calling  init_zero_pfn+0x0/0x37 @ 1
[    1.759723] initcall init_zero_pfn+0x0/0x37 returned 0 after 0 usecs
[    1.760721] calling  initialize_ptr_random+0x0/0x54 @ 1
[    1.762719] initcall initialize_ptr_random+0x0/0x54 returned 0 after 976 usecs
[    1.763802] calling  efi_memreserve_root_init+0x0/0x25 @ 1
[    1.765753] initcall efi_memreserve_root_init+0x0/0x25 returned 0 after 0 usecs
[    1.766728] calling  efi_earlycon_remap_fb+0x0/0x51 @ 1
[    1.767746] initcall efi_earlycon_remap_fb+0x0/0x51 returned 0 after 0 usecs
[    1.770078] smp: Bringing up secondary CPUs ...
[    1.772811] x86: Booting SMP configuration:
[    1.773722] .... node  #0, CPUs:      #1
[    1.176506] kvm-clock: cpu 1, msr 1d925041, secondary cpu clock
[    1.801714] kvm-guest: stealtime: cpu 1, msr 1f49bb40
[    1.818586]  #2
[    1.176506] kvm-clock: cpu 2, msr 1d925081, secondary cpu clock
[    1.842909] kvm-guest: stealtime: cpu 2, msr 1f51bb40
[    1.861744]  #3
[    1.176506] kvm-clock: cpu 3, msr 1d9250c1, secondary cpu clock
[    1.885921] kvm-guest: stealtime: cpu 3, msr 1f59bb40
[    1.902533] smp: Brought up 1 node, 4 CPUs
[    1.903731] smpboot: Max logical packages: 1
[    1.904720] smpboot: Total of 4 processors activated (15999.99 BogoMIPS)
[    1.928778] devtmpfs: initialized
[    1.935873] calling  ipc_ns_init+0x0/0x3d @ 1
[    1.936957] initcall ipc_ns_init+0x0/0x3d returned 0 after 0 usecs
[    1.937722] calling  init_mmap_min_addr+0x0/0x21 @ 1
[    1.938722] initcall init_mmap_min_addr+0x0/0x21 returned 0 after 0 usecs
[    1.939722] calling  pci_realloc_setup_params+0x0/0x3f @ 1
[    1.940722] initcall pci_realloc_setup_params+0x0/0x3f returned 0 after 0 usecs
[    1.941722] calling  net_ns_init+0x0/0x12a @ 1
[    1.945316] initcall net_ns_init+0x0/0x12a returned 0 after 976 usecs
[    1.945741] calling  e820__register_nvs_regions+0x0/0x37 @ 1
[    1.946724] initcall e820__register_nvs_regions+0x0/0x37 returned 0 after 0 usecs
[    1.947723] calling  cpufreq_register_tsc_scaling+0x0/0x2e @ 1
[    1.948727] initcall cpufreq_register_tsc_scaling+0x0/0x2e returned 0 after 0 usecs
[    1.950724] calling  reboot_init+0x0/0x3c @ 1
[    1.952794] initcall reboot_init+0x0/0x3c returned 0 after 976 usecs
[    1.953728] calling  init_lapic_sysfs+0x0/0x20 @ 1
[    1.954744] initcall init_lapic_sysfs+0x0/0x20 returned 0 after 0 usecs
[    1.955729] calling  alloc_frozen_cpus+0x0/0x7 @ 1
[    1.956727] initcall alloc_frozen_cpus+0x0/0x7 returned 0 after 0 usecs
[    1.957724] calling  cpu_hotplug_pm_sync_init+0x0/0x13 @ 1
[    1.958744] initcall cpu_hotplug_pm_sync_init+0x0/0x13 returned 0 after 0 usecs
[    1.959721] calling  wq_sysfs_init+0x0/0x2a @ 1
[    1.960833] initcall wq_sysfs_init+0x0/0x2a returned 0 after 0 usecs
[    1.961724] calling  ksysfs_init+0x0/0x92 @ 1
[    1.962763] initcall ksysfs_init+0x0/0x92 returned 0 after 0 usecs
[    1.963725] calling  schedutil_gov_init+0x0/0xc @ 1
[    1.964955] initcall schedutil_gov_init+0x0/0xc returned 0 after 0 usecs
[    1.965722] calling  pm_init+0x0/0x76 @ 1
[    1.966818] initcall pm_init+0x0/0x76 returned 0 after 0 usecs
[    1.967721] calling  pm_disk_init+0x0/0x13 @ 1
[    1.968751] initcall pm_disk_init+0x0/0x13 returned 0 after 0 usecs
[    1.969724] calling  swsusp_header_init+0x0/0x2b @ 1
[    1.970733] initcall swsusp_header_init+0x0/0x2b returned 0 after 0 usecs
[    1.971722] calling  rcu_set_runtime_mode+0x0/0x2a @ 1
[    1.974940] initcall rcu_set_runtime_mode+0x0/0x2a returned 0 after 1953 usecs
[    1.975722] calling  init_jiffies_clocksource+0x0/0x13 @ 1
[    1.976720] clocksource: jiffies: mask: 0xffffffff max_cycles: 0xffffffff, max_idle_ns: 1911260446275000 ns
[    1.977729] initcall init_jiffies_clocksource+0x0/0x13 returned 0 after 976 usecs
[    1.978722] calling  futex_init+0x0/0x11b @ 1
[    1.979770] futex hash table entries: 1024 (order: 5, 131072 bytes, linear)
[    1.982189] initcall futex_init+0x0/0x11b returned 0 after 1953 usecs
[    1.982723] calling  cgroup_wq_init+0x0/0x28 @ 1
[    1.983758] initcall cgroup_wq_init+0x0/0x28 returned 0 after 0 usecs
[    1.984720] calling  cgroup1_wq_init+0x0/0x28 @ 1
[    1.985757] initcall cgroup1_wq_init+0x0/0x28 returned 0 after 0 usecs
[    1.986721] calling  init_kprobe_trace_early+0x0/0x2a @ 1
[    1.988815] initcall init_kprobe_trace_early+0x0/0x2a returned 0 after 976 usecs
[    1.989737] calling  fsnotify_init+0x0/0x56 @ 1
[    1.990756] initcall fsnotify_init+0x0/0x56 returned 0 after 0 usecs
[    1.991721] calling  filelock_init+0x0/0xb3 @ 1
[    1.992763] initcall filelock_init+0x0/0xb3 returned 0 after 0 usecs
[    1.993721] calling  init_misc_binfmt+0x0/0x2c @ 1
[    1.994792] initcall init_misc_binfmt+0x0/0x2c returned 0 after 0 usecs
[    1.995721] calling  init_script_binfmt+0x0/0x15 @ 1
[    1.996722] initcall init_script_binfmt+0x0/0x15 returned 0 after 0 usecs
[    1.997720] calling  init_elf_binfmt+0x0/0x15 @ 1
[    1.998722] initcall init_elf_binfmt+0x0/0x15 returned 0 after 0 usecs
[    1.999720] calling  init_compat_elf_binfmt+0x0/0x15 @ 1
[    2.000722] initcall init_compat_elf_binfmt+0x0/0x15 returned 0 after 0 usecs
[    2.001723] calling  debugfs_init+0x0/0x5c @ 1
[    2.002753] initcall debugfs_init+0x0/0x5c returned 0 after 0 usecs
[    2.003724] calling  tracefs_init+0x0/0x3a @ 1
[    2.004735] initcall tracefs_init+0x0/0x3a returned 0 after 0 usecs
[    2.005723] calling  prandom_init_early+0x0/0x15d @ 1
[    2.006723] initcall prandom_init_early+0x0/0x15d returned 0 after 0 usecs
[    2.007769] calling  virtio_init+0x0/0x20 @ 1
[    2.008833] initcall virtio_init+0x0/0x20 returned 0 after 0 usecs
[    2.009723] calling  iommu_init+0x0/0x2a @ 1
[    2.010758] initcall iommu_init+0x0/0x2a returned 0 after 0 usecs
[    2.011725] calling  component_debug_init+0x0/0x1c @ 1
[    2.013179] initcall component_debug_init+0x0/0x1c returned 0 after 0 usecs
[    2.013726] calling  early_resume_init+0x0/0xb9 @ 1
[    2.015718] PM: RTC time: 03:48:46, date: 2022-12-13
[    2.016742] initcall early_resume_init+0x0/0xb9 returned 0 after 1953 usecs
[    2.017722] calling  cpufreq_core_init+0x0/0x62 @ 1
[    2.019732] initcall cpufreq_core_init+0x0/0x62 returned 0 after 0 usecs
[    2.020721] calling  cpufreq_gov_performance_init+0x0/0xc @ 1
[    2.021723] initcall cpufreq_gov_performance_init+0x0/0xc returned 0 after 0 usecs
[    2.022721] calling  cpufreq_gov_userspace_init+0x0/0xc @ 1
[    2.024721] initcall cpufreq_gov_userspace_init+0x0/0xc returned 0 after 976 usecs
[    2.025763] calling  CPU_FREQ_GOV_ONDEMAND_init+0x0/0xc @ 1
[    2.026724] initcall CPU_FREQ_GOV_ONDEMAND_init+0x0/0xc returned 0 after 0 usecs
[    2.027721] calling  cpuidle_init+0x0/0x1f @ 1
[    2.029807] initcall cpuidle_init+0x0/0x1f returned 0 after 0 usecs
[    2.030722] calling  capsule_reboot_register+0x0/0xc @ 1
[    2.031770] initcall capsule_reboot_register+0x0/0xc returned 0 after 0 usecs
[    2.032720] calling  sock_init+0x0/0x93 @ 1
[    2.036725] initcall sock_init+0x0/0x93 returned 0 after 2929 usecs
[    2.037722] calling  net_inuse_init+0x0/0x23 @ 1
[    2.038778] initcall net_inuse_init+0x0/0x23 returned 0 after 0 usecs
[    2.039721] calling  net_defaults_init+0x0/0x23 @ 1
[    2.041721] initcall net_defaults_init+0x0/0x23 returned 0 after 0 usecs
[    2.042722] calling  init_default_flow_dissectors+0x0/0x4f @ 1
[    2.043801] initcall init_default_flow_dissectors+0x0/0x4f returned 0 after 0 usecs
[    2.044735] calling  netpoll_init+0x0/0x44 @ 1
[    2.045721] initcall netpoll_init+0x0/0x44 returned 0 after 0 usecs
[    2.046720] calling  netlink_proto_init+0x0/0x154 @ 1
[    2.049170] NET: Registered protocol family 16
[    2.050045] initcall netlink_proto_init+0x0/0x154 returned 0 after 976 usecs
[    2.050724] calling  genl_init+0x0/0x35 @ 1
[    2.052837] initcall genl_init+0x0/0x35 returned 0 after 0 usecs
[    2.053754] calling  bsp_pm_check_init+0x0/0x13 @ 1
[    2.054728] initcall bsp_pm_check_init+0x0/0x13 returned 0 after 0 usecs
[    2.055752] calling  irq_sysfs_init+0x0/0xb9 @ 1
[    2.057853] initcall irq_sysfs_init+0x0/0xb9 returned 0 after 976 usecs
[    2.058723] calling  audit_init+0x0/0x127 @ 1
[    2.059727] audit: initializing netlink subsys (disabled)
[    2.062965] initcall audit_init+0x0/0x127 returned 0 after 2929 usecs
[    2.062811] audit: type=2000 audit(1670903324.762:1): state=initialized audit_enabled=0 res=1
[    2.063722] calling  release_early_probes+0x0/0x32 @ 1
[    2.065733] initcall release_early_probes+0x0/0x32 returned 0 after 0 usecs
[    2.066728] calling  bdi_class_init+0x0/0x48 @ 1
[    2.067814] initcall bdi_class_init+0x0/0x48 returned 0 after 0 usecs
[    2.068726] calling  mm_sysfs_init+0x0/0x28 @ 1
[    2.069734] initcall mm_sysfs_init+0x0/0x28 returned 0 after 0 usecs
[    2.070722] calling  init_per_zone_wmark_min+0x0/0x6d @ 1
[    2.071804] initcall init_per_zone_wmark_min+0x0/0x6d returned 0 after 0 usecs
[    2.072752] calling  mpi_init+0x0/0x3e @ 1
[    2.074762] initcall mpi_init+0x0/0x3e returned 0 after 0 usecs
[    2.075737] calling  kobject_uevent_init+0x0/0xc @ 1
[    2.076753] initcall kobject_uevent_init+0x0/0xc returned 0 after 0 usecs
[    2.077722] calling  pcibus_class_init+0x0/0x13 @ 1
[    2.078795] initcall pcibus_class_init+0x0/0x13 returned 0 after 0 usecs
[    2.079720] calling  pci_driver_init+0x0/0x21 @ 1
[    2.080760] initcall pci_driver_init+0x0/0x21 returned 0 after 0 usecs
[    2.081720] calling  backlight_class_init+0x0/0xa8 @ 1
[    2.082753] initcall backlight_class_init+0x0/0xa8 returned 0 after 0 usecs
[    2.083722] calling  tty_class_init+0x0/0x33 @ 1
[    2.084737] initcall tty_class_init+0x0/0x33 returned 0 after 0 usecs
[    2.085724] calling  vtconsole_class_init+0x0/0xb5 @ 1
[    2.086937] initcall vtconsole_class_init+0x0/0xb5 returned 0 after 0 usecs
[    2.088722] calling  iommu_dev_init+0x0/0x13 @ 1
[    2.090770] initcall iommu_dev_init+0x0/0x13 returned 0 after 0 usecs
[    2.091724] calling  mipi_dsi_bus_init+0x0/0xc @ 1
[    2.092793] initcall mipi_dsi_bus_init+0x0/0xc returned 0 after 0 usecs
[    2.093721] calling  devlink_class_init+0x0/0x40 @ 1
[    2.094824] initcall devlink_class_init+0x0/0x40 returned 0 after 0 usecs
[    2.095722] calling  software_node_init+0x0/0x2a @ 1
[    2.096730] initcall software_node_init+0x0/0x2a returned 0 after 0 usecs
[    2.097722] calling  wakeup_sources_debugfs_init+0x0/0x23 @ 1
[    2.098832] initcall wakeup_sources_debugfs_init+0x0/0x23 returned 0 after 0 usecs
[    2.099723] calling  wakeup_sources_sysfs_init+0x0/0x2c @ 1
[    2.100747] initcall wakeup_sources_sysfs_init+0x0/0x2c returned 0 after 0 usecs
[    2.101721] calling  register_node_type+0x0/0x13 @ 1
[    2.102806] initcall register_node_type+0x0/0x13 returned 0 after 0 usecs
[    2.103721] calling  regmap_initcall+0x0/0xc @ 1
[    2.104996] initcall regmap_initcall+0x0/0xc returned 0 after 0 usecs
[    2.105721] calling  i2c_init+0x0/0xb3 @ 1
[    2.107032] initcall i2c_init+0x0/0xb3 returned 0 after 0 usecs
[    2.107724] calling  thermal_init+0x0/0x116 @ 1
[    2.108832] thermal_sys: Registered thermal governor 'step_wise'
[    2.108835] thermal_sys: Registered thermal governor 'user_space'
[    2.109739] initcall thermal_init+0x0/0x116 returned 0 after 976 usecs
[    2.111723] calling  init_menu+0x0/0xc @ 1
[    2.112891] cpuidle: using governor menu
[    2.113724] initcall init_menu+0x0/0xc returned 0 after 976 usecs
[    2.114722] calling  pcc_init+0x0/0x4d @ 1
[    2.115746] initcall pcc_init+0x0/0x4d returned -19 after 0 usecs
[    2.116721] calling  amd_postcore_init+0x0/0x11e @ 1
[    2.117727] initcall amd_postcore_init+0x0/0x11e returned 0 after 0 usecs
[    2.118747] calling  bts_init+0x0/0xba @ 1
[    2.119723] initcall bts_init+0x0/0xba returned -19 after 0 usecs
[    2.120721] calling  pt_init+0x0/0x34d @ 1
[    2.121725] initcall pt_init+0x0/0x34d returned -19 after 0 usecs
[    2.123722] calling  boot_params_ksysfs_init+0x0/0x2ee @ 1
[    2.124790] initcall boot_params_ksysfs_init+0x0/0x2ee returned 0 after 0 usecs
[    2.125721] calling  sbf_init+0x0/0xea @ 1
[    2.126722] initcall sbf_init+0x0/0xea returned 0 after 0 usecs
[    2.127720] calling  arch_kdebugfs_init+0x0/0x219 @ 1
[    2.128934] initcall arch_kdebugfs_init+0x0/0x219 returned 0 after 0 usecs
[    2.129721] calling  intel_pconfig_init+0x0/0x85 @ 1
[    2.130720] initcall intel_pconfig_init+0x0/0x85 returned 0 after 0 usecs
[    2.131719] calling  mtrr_if_init+0x0/0x5d @ 1
[    2.132729] initcall mtrr_if_init+0x0/0x5d returned 0 after 0 usecs
[    2.133725] calling  activate_jump_labels+0x0/0x31 @ 1
[    2.134724] initcall activate_jump_labels+0x0/0x31 returned 0 after 0 usecs
[    2.135722] calling  ffh_cstate_init+0x0/0x29 @ 1
[    2.136728] initcall ffh_cstate_init+0x0/0x29 returned 0 after 0 usecs
[    2.137725] calling  activate_jump_labels+0x0/0x31 @ 1
[    2.139527] initcall activate_jump_labels+0x0/0x31 returned 0 after 0 usecs
[    2.139725] calling  kvm_alloc_cpumask+0x0/0x74 @ 1
[    2.140775] initcall kvm_alloc_cpumask+0x0/0x74 returned 0 after 0 usecs
[    2.141723] calling  kcmp_cookies_init+0x0/0x37 @ 1
[    2.142729] initcall kcmp_cookies_init+0x0/0x37 returned 0 after 0 usecs
[    2.143721] calling  cryptomgr_init+0x0/0xc @ 1
[    2.144806] initcall cryptomgr_init+0x0/0xc returned 0 after 0 usecs
[    2.145721] calling  acpi_pci_init+0x0/0x57 @ 1
[    2.146776] ACPI: bus type PCI registered
[    2.148743] initcall acpi_pci_init+0x0/0x57 returned 0 after 976 usecs
[    2.149727] calling  dma_channel_table_init+0x0/0xd1 @ 1
[    2.150745] initcall dma_channel_table_init+0x0/0xd1 returned 0 after 0 usecs
[    2.151724] calling  dma_bus_init+0x0/0xdc @ 1
[    2.152859] initcall dma_bus_init+0x0/0xdc returned 0 after 0 usecs
[    2.153807] calling  iommu_dma_init+0x0/0x10 @ 1
[    2.155858] initcall iommu_dma_init+0x0/0x10 returned 0 after 0 usecs
[    2.156722] calling  dmi_id_init+0x0/0x37c @ 1
[    2.159023] initcall dmi_id_init+0x0/0x37c returned 0 after 976 usecs
[    2.159722] calling  pci_arch_init+0x0/0x71 @ 1
[    2.162850] PCI: MMCONFIG for domain 0000 [bus 00-ff] at [mem 0xb0000000-0xbfffffff] (base 0xb0000000)
[    2.163731] PCI: MMCONFIG at [mem 0xb0000000-0xbfffffff] reserved in E820
[    2.165718] PCI: Using configuration type 1 for base access
[    2.167725] initcall pci_arch_init+0x0/0x71 returned 0 after 6835 usecs
[    2.168741] calling  init_vdso+0x0/0x13 @ 1
[    2.169764] initcall init_vdso+0x0/0x13 returned 0 after 0 usecs
[    2.170720] calling  sysenter_setup+0x0/0x13 @ 1
[    2.171758] initcall sysenter_setup+0x0/0x13 returned 0 after 0 usecs
[    2.172720] calling  fixup_ht_bug+0x0/0xe5 @ 1
[    2.173720] initcall fixup_ht_bug+0x0/0xe5 returned 0 after 0 usecs
[    2.174721] calling  topology_init+0x0/0x88 @ 1
[    2.176797] initcall topology_init+0x0/0x88 returned 0 after 976 usecs
[    2.177721] calling  intel_epb_init+0x0/0x68 @ 1
[    2.178721] initcall intel_epb_init+0x0/0x68 returned -19 after 0 usecs
[    2.179719] calling  mtrr_init_finialize+0x0/0x3e @ 1
[    2.180720] initcall mtrr_init_finialize+0x0/0x3e returned 0 after 0 usecs
[    2.181721] calling  uid_cache_init+0x0/0x85 @ 1
[    2.182747] initcall uid_cache_init+0x0/0x85 returned 0 after 0 usecs
[    2.183720] calling  param_sysfs_init+0x0/0x1ba @ 1
[    2.197293] initcall param_sysfs_init+0x0/0x1ba returned 0 after 11718 usecs
[    2.197722] calling  user_namespace_sysctl_init+0x0/0x33 @ 1
[    2.198737] initcall user_namespace_sysctl_init+0x0/0x33 returned 0 after 0 usecs
[    2.200720] calling  proc_schedstat_init+0x0/0x24 @ 1
[    2.201734] initcall proc_schedstat_init+0x0/0x24 returned 0 after 0 usecs
[    2.202723] calling  pm_sysrq_init+0x0/0x18 @ 1
[    2.203951] initcall pm_sysrq_init+0x0/0x18 returned 0 after 0 usecs
[    2.205766] calling  create_proc_profile+0x0/0xd0 @ 1
[    2.206722] initcall create_proc_profile+0x0/0xd0 returned 0 after 0 usecs
[    2.207724] calling  time_ns_init+0x0/0x7 @ 1
[    2.208721] initcall time_ns_init+0x0/0x7 returned 0 after 0 usecs
[    2.209721] calling  crash_save_vmcoreinfo_init+0x0/0x722 @ 1
[    2.210938] initcall crash_save_vmcoreinfo_init+0x0/0x722 returned 0 after 0 usecs
[    2.211724] calling  crash_notes_memory_init+0x0/0x35 @ 1
[    2.212727] initcall crash_notes_memory_init+0x0/0x35 returned 0 after 0 usecs
[    2.213720] calling  cgroup_sysfs_init+0x0/0x13 @ 1
[    2.215720] initcall cgroup_sysfs_init+0x0/0x13 returned 0 after 976 usecs
[    2.216752] calling  cgroup_namespaces_init+0x0/0x7 @ 1
[    2.217726] initcall cgroup_namespaces_init+0x0/0x7 returned 0 after 0 usecs
[    2.218727] calling  init_optprobes+0x0/0x13 @ 1
[    2.220091] Kprobes globally optimized
[    2.220729] initcall init_optprobes+0x0/0x13 returned 0 after 976 usecs
[    2.221726] calling  oom_init+0x0/0x2f @ 1
[    2.225804] initcall oom_init+0x0/0x2f returned 0 after 2929 usecs
[    2.226728] calling  default_bdi_init+0x0/0xb3 @ 1
[    2.232016] initcall default_bdi_init+0x0/0xb3 returned 0 after 3906 usecs
[    2.232735] calling  percpu_enable_async+0x0/0xe @ 1
[    2.233727] initcall percpu_enable_async+0x0/0xe returned 0 after 0 usecs
[    2.234725] calling  kcompactd_init+0x0/0x8d @ 1
[    2.241724] initcall kcompactd_init+0x0/0x8d returned 0 after 5859 usecs
[    2.242908] calling  init_user_reserve+0x0/0x40 @ 1
[    2.243733] initcall init_user_reserve+0x0/0x40 returned 0 after 0 usecs
[    2.244726] calling  init_admin_reserve+0x0/0x40 @ 1
[    2.245729] initcall init_admin_reserve+0x0/0x40 returned 0 after 0 usecs
[    2.246729] calling  init_reserve_notifier+0x0/0x7 @ 1
[    2.247724] initcall init_reserve_notifier+0x0/0x7 returned 0 after 0 usecs
[    2.248725] calling  swap_init_sysfs+0x0/0x62 @ 1
[    2.249746] initcall swap_init_sysfs+0x0/0x62 returned 0 after 0 usecs
[    2.250884] calling  swapfile_init+0x0/0x94 @ 1
[    2.251808] initcall swapfile_init+0x0/0x94 returned 0 after 0 usecs
[    2.252726] calling  hugetlb_init+0x0/0x4a1 @ 1
[    2.253725] HugeTLB registered 2.00 MiB page size, pre-allocated 0 pages
[    2.254959] initcall hugetlb_init+0x0/0x4a1 returned 0 after 976 usecs
[    2.255722] calling  io_wq_init+0x0/0x34 @ 1
[    2.256725] initcall io_wq_init+0x0/0x34 returned 0 after 0 usecs
[    2.257722] calling  seqiv_module_init+0x0/0xc @ 1
[    2.259721] initcall seqiv_module_init+0x0/0xc returned 0 after 976 usecs
[    2.260723] calling  echainiv_module_init+0x0/0xc @ 1
[    2.261724] initcall echainiv_module_init+0x0/0xc returned 0 after 0 usecs
[    2.263145] calling  rsa_init+0x0/0x50 @ 1
[    2.269753] initcall rsa_init+0x0/0x50 returned 0 after 4882 usecs
[    2.270440] cryptomgr_test (39) used greatest stack depth: 14848 bytes left
[    2.270729] calling  crypto_cmac_module_init+0x0/0xc @ 1
[    2.270738] initcall crypto_cmac_module_init+0x0/0xc returned 0 after 0 usecs
[    2.273733] calling  hmac_module_init+0x0/0xc @ 1
[    2.274728] initcall hmac_module_init+0x0/0xc returned 0 after 0 usecs
[    2.275727] calling  crypto_null_mod_init+0x0/0x65 @ 1
[    2.282065] initcall crypto_null_mod_init+0x0/0x65 returned 0 after 4882 usecs
[    2.282726] calling  md5_mod_init+0x0/0xc @ 1
[    2.284884] initcall md5_mod_init+0x0/0xc returned 0 after 976 usecs
[    2.285725] calling  sha256_generic_mod_init+0x0/0x11 @ 1
[    2.289725] initcall sha256_generic_mod_init+0x0/0x11 returned 0 after 2929 usecs
[    2.290722] calling  crypto_cbc_module_init+0x0/0xc @ 1
[    2.291751] initcall crypto_cbc_module_init+0x0/0xc returned 0 after 0 usecs
[    2.292722] calling  crypto_ctr_module_init+0x0/0x11 @ 1
[    2.293724] initcall crypto_ctr_module_init+0x0/0x11 returned 0 after 0 usecs
[    2.294722] calling  crypto_gcm_module_init+0x0/0x64 @ 1
[    2.295754] initcall crypto_gcm_module_init+0x0/0x64 returned 0 after 0 usecs
[    2.296722] calling  crypto_ccm_module_init+0x0/0x11 @ 1
[    2.297726] initcall crypto_ccm_module_init+0x0/0x11 returned 0 after 0 usecs
[    2.298739] calling  aes_init+0x0/0xc @ 1
[    2.301785] initcall aes_init+0x0/0xc returned 0 after 1953 usecs
[    2.303721] calling  crc32c_mod_init+0x0/0xc @ 1
[    2.306890] initcall crc32c_mod_init+0x0/0xc returned 0 after 1953 usecs
[    2.307725] calling  crypto_authenc_module_init+0x0/0xc @ 1
[    2.308728] initcall crypto_authenc_module_init+0x0/0xc returned 0 after 0 usecs
[    2.309725] calling  crypto_authenc_esn_module_init+0x0/0xc @ 1
[    2.311763] initcall crypto_authenc_esn_module_init+0x0/0xc returned 0 after 0 usecs
[    2.312725] calling  drbg_init+0x0/0x7c @ 1
[    2.325742] initcall drbg_init+0x0/0x7c returned 0 after 11718 usecs
[    2.330734] calling  ghash_mod_init+0x0/0xc @ 1
[    2.337755] initcall ghash_mod_init+0x0/0xc returned 0 after 1953 usecs
[    2.344726] calling  init_bio+0x0/0x9a @ 1
[    2.355134] initcall init_bio+0x0/0x9a returned 0 after 5859 usecs
[    2.362722] calling  blk_settings_init+0x0/0x29 @ 1
[    2.367723] initcall blk_settings_init+0x0/0x29 returned 0 after 0 usecs
[    2.375723] calling  blk_ioc_init+0x0/0x29 @ 1
[    2.381755] initcall blk_ioc_init+0x0/0x29 returned 0 after 0 usecs
[    2.388721] calling  blk_mq_init+0x0/0xb9 @ 1
[    2.393728] initcall blk_mq_init+0x0/0xb9 returned 0 after 0 usecs
[    2.401721] calling  genhd_device_init+0x0/0x75 @ 1
[    2.409072] initcall genhd_device_init+0x0/0x75 returned 0 after 1953 usecs
[    2.416745] calling  pci_slot_init+0x0/0x40 @ 1
[    2.421758] initcall pci_slot_init+0x0/0x40 returned 0 after 0 usecs
[    2.428721] calling  fbmem_init+0x0/0xd8 @ 1
[    2.434005] initcall fbmem_init+0x0/0xd8 returned 0 after 0 usecs
[    2.441721] calling  acpi_init+0x0/0x319 @ 1
[    2.446017] ACPI: Added _OSI(Module Device)
[    2.451721] ACPI: Added _OSI(Processor Device)
[    2.456717] ACPI: Added _OSI(3.0 _SCP Extensions)
[    2.461720] ACPI: Added _OSI(Processor Aggregator Device)
[    2.467727] ACPI: Added _OSI(Linux-Dell-Video)
[    2.473720] ACPI: Added _OSI(Linux-Lenovo-NV-HDMI-Audio)
[    2.479721] ACPI: Added _OSI(Linux-HPI-Hybrid-Graphics)
[    2.489539] ACPI: 1 ACPI AML tables successfully acquired and loaded
[    2.502889] ACPI: Interpreter enabled
[    2.507731] ACPI: (supports S0 S3 S4 S5)
[    2.512724] ACPI: Using IOAPIC for interrupt routing
[    2.518806] PCI: Using host bridge windows from ACPI; if necessary, use "pci=nocrs" and report a bug
[    2.530493] ACPI: Enabled 2 GPEs in block 00 to 3F
[    2.554544] ACPI: PCI Root Bridge [PCI0] (domain 0000 [bus 00-ff])
[    2.562757] acpi PNP0A08:00: _OSC: OS supports [ExtendedConfig ASPM ClockPM Segments MSI HPX-Type3]
[    2.575790] acpi PNP0A08:00: _OSC: platform does not support [LTR]
[    2.583903] acpi PNP0A08:00: _OSC: OS now controls [PME PCIeCapability]
[    2.593732] PCI host bridge to bus 0000:00
[    2.598732] pci_bus 0000:00: root bus resource [io  0x0000-0x0cf7 window]
[    2.607724] pci_bus 0000:00: root bus resource [io  0x0d00-0xffff window]
[    2.616723] pci_bus 0000:00: root bus resource [mem 0x000a0000-0x000bffff window]
[    2.624727] pci_bus 0000:00: root bus resource [mem 0x20000000-0xafffffff window]
[    2.629725] pci_bus 0000:00: root bus resource [mem 0xc0000000-0xfebfffff window]
[    2.639722] pci_bus 0000:00: root bus resource [mem 0x100000000-0x8ffffffff window]
[    2.646725] pci_bus 0000:00: root bus resource [bus 00-ff]
[    2.655155] pci 0000:00:00.0: calling  quirk_mmio_always_on+0x0/0x10 @ 1
[    2.664724] pci 0000:00:00.0: quirk_mmio_always_on+0x0/0x10 took 0 usecs
[    2.666722] pci 0000:00:00.0: [8086:29c0] type 00 class 0x060000
[    2.674500] pci 0000:00:00.0: calling  quirk_igfx_skip_te_disable+0x0/0x80 @ 1
[    2.683728] pci 0000:00:00.0: quirk_igfx_skip_te_disable+0x0/0x80 took 0 usecs
[    2.696396] pci 0000:00:01.0: [1234:1111] type 00 class 0x030000
[    2.712711] pci 0000:00:01.0: reg 0x10: [mem 0xfd000000-0xfdffffff pref]
[    2.746720] pci 0000:00:01.0: reg 0x18: [mem 0xfebf0000-0xfebf0fff]
[    2.784724] pci 0000:00:01.0: reg 0x30: [mem 0xfebe0000-0xfebeffff pref]
[    2.803743] pci 0000:00:01.0: calling  efifb_fixup_resources+0x0/0xf0 @ 1
[    2.813718] pci 0000:00:01.0: efifb_fixup_resources+0x0/0xf0 took 976 usecs
[    2.849929] pci 0000:00:1f.0: [8086:2918] type 00 class 0x060100
[    2.862719] pci 0000:00:1f.0: calling  quirk_ich7_lpc+0x0/0x60 @ 1
[    2.870719] pci 0000:00:1f.0: quirk: [io  0x0600-0x067f] claimed by ICH6 ACPI/GPIO/TCO
[    2.880170] pci 0000:00:1f.0: quirk_ich7_lpc+0x0/0x60 took 10742 usecs
[    2.888866] pci 0000:00:1f.0: calling  quirk_igfx_skip_te_disable+0x0/0x80 @ 1
[    2.897770] pci 0000:00:1f.0: quirk_igfx_skip_te_disable+0x0/0x80 took 0 usecs
[    2.908423] pci 0000:00:1f.2: [8086:2922] type 00 class 0x010601
[    2.924722] pci 0000:00:1f.2: reg 0x20: [io  0xc040-0xc05f]
[    2.933213] pci 0000:00:1f.2: reg 0x24: [mem 0xfebf1000-0xfebf1fff]
[    2.942720] pci 0000:00:1f.2: calling  quirk_igfx_skip_te_disable+0x0/0x80 @ 1
[    2.950728] pci 0000:00:1f.2: quirk_igfx_skip_te_disable+0x0/0x80 took 0 usecs
[    2.963388] pci 0000:00:1f.3: [8086:2930] type 00 class 0x0c0500
[    2.978727] pci 0000:00:1f.3: reg 0x20: [io  0x0700-0x073f]
[    2.987953] pci 0000:00:1f.3: calling  quirk_igfx_skip_te_disable+0x0/0x80 @ 1
[    2.997728] pci 0000:00:1f.3: quirk_igfx_skip_te_disable+0x0/0x80 took 0 usecs
[    3.026373] ACPI: PCI Interrupt Link [LNKA] (IRQs 5 *10 11)
[    3.034124] ACPI: PCI Interrupt Link [LNKB] (IRQs 5 *10 11)
[    3.043144] ACPI: PCI Interrupt Link [LNKC] (IRQs 5 10 *11)
[    3.051274] ACPI: PCI Interrupt Link [LNKD] (IRQs 5 10 *11)
[    3.058907] ACPI: PCI Interrupt Link [LNKE] (IRQs 5 *10 11)
[    3.066717] ACPI: PCI Interrupt Link [LNKF] (IRQs 5 *10 11)
[    3.074044] ACPI: PCI Interrupt Link [LNKG] (IRQs 5 10 *11)
[    3.081285] ACPI: PCI Interrupt Link [LNKH] (IRQs 5 10 *11)
[    3.088196] ACPI: PCI Interrupt Link [GSIA] (IRQs *16)
[    3.095873] ACPI: PCI Interrupt Link [GSIB] (IRQs *17)
[    3.102850] ACPI: PCI Interrupt Link [GSIC] (IRQs *18)
[    3.109772] ACPI: PCI Interrupt Link [GSID] (IRQs *19)
[    3.116776] ACPI: PCI Interrupt Link [GSIE] (IRQs *20)
[    3.124850] ACPI: PCI Interrupt Link [GSIF] (IRQs *21)
[    3.132880] ACPI: PCI Interrupt Link [GSIG] (IRQs *22)
[    3.140961] ACPI: PCI Interrupt Link [GSIH] (IRQs *23)
[    3.159719] initcall acpi_init+0x0/0x319 returned 0 after 696289 usecs
[    3.167720] calling  pnp_init+0x0/0xc @ 1
[    3.172797] initcall pnp_init+0x0/0xc returned 0 after 0 usecs
[    3.180723] calling  misc_init+0x0/0xbf @ 1
[    3.187131] initcall misc_init+0x0/0xbf returned 0 after 1953 usecs
[    3.196724] calling  iommu_subsys_init+0x0/0x4e @ 1
[    3.202785] iommu: Default domain type: Translated 
[    3.208724] initcall iommu_subsys_init+0x0/0x4e returned 0 after 5859 usecs
[    3.217723] calling  vga_arb_device_init+0x0/0x261 @ 1
[    3.238428] pci 0000:00:01.0: vgaarb: setting as boot VGA device
[    3.238711] pci 0000:00:01.0: vgaarb: VGA device added: decodes=io+mem,owns=io+mem,locks=none
[    3.257728] pci 0000:00:01.0: vgaarb: bridge control possible
[    3.265719] vgaarb: loaded
[    3.268725] initcall vga_arb_device_init+0x0/0x261 returned 0 after 42968 usecs
[    3.276803] calling  cn_init+0x0/0xf0 @ 1
[    3.283490] initcall cn_init+0x0/0xf0 returned 0 after 976 usecs
[    3.291741] calling  dma_buf_init+0x0/0xad @ 1
[    3.309286] initcall dma_buf_init+0x0/0xad returned 0 after 9765 usecs
[    3.317725] calling  dma_resv_lockdep+0x0/0x281 @ 1
[    3.330069] initcall dma_resv_lockdep+0x0/0x281 returned 0 after 3906 usecs
[    3.338725] calling  init_scsi+0x0/0x79 @ 1
[    3.352717] SCSI subsystem initialized
[    3.356723] initcall init_scsi+0x0/0x79 returned 0 after 10742 usecs
[    3.366733] calling  ata_init+0x0/0x332 @ 1
[    3.392715] libata version 3.00 loaded.
[    3.396724] initcall ata_init+0x0/0x332 returned 0 after 23437 usecs
[    3.401726] calling  phy_init+0x0/0x250 @ 1
[    3.409899] initcall phy_init+0x0/0x250 returned 0 after 1953 usecs
[    3.418723] calling  init_pcmcia_cs+0x0/0x35 @ 1
[    3.425735] initcall init_pcmcia_cs+0x0/0x35 returned 0 after 0 usecs
[    3.434722] calling  usb_common_init+0x0/0x1c @ 1
[    3.440799] initcall usb_common_init+0x0/0x1c returned 0 after 0 usecs
[    3.448732] calling  usb_init+0x0/0x12e @ 1
[    3.454738] ACPI: bus type USB registered
[    3.461343] usbcore: registered new interface driver usbfs
[    3.468864] usbcore: registered new interface driver hub
[    3.475768] usbcore: registered new device driver usb
[    3.482725] initcall usb_init+0x0/0x12e returned 0 after 27343 usecs
[    3.490743] calling  serio_init+0x0/0x29 @ 1
[    3.496767] initcall serio_init+0x0/0x29 returned 0 after 0 usecs
[    3.505732] calling  input_init+0x0/0xf6 @ 1
[    3.512889] initcall input_init+0x0/0xf6 returned 0 after 0 usecs
[    3.522751] calling  rtc_init+0x0/0x4d @ 1
[    3.528740] initcall rtc_init+0x0/0x4d returned 0 after 0 usecs
[    3.536721] calling  pps_init+0x0/0xa9 @ 1
[    3.541790] pps_core: LinuxPPS API ver. 1 registered
[    3.548718] pps_core: Software ver. 5.3.6 - Copyright 2005-2007 Rodolfo Giometti <giometti@linux.it>
[    3.560723] initcall pps_init+0x0/0xa9 returned 0 after 18554 usecs
[    3.568722] calling  ptp_init+0x0/0x98 @ 1
[    3.573739] PTP clock support registered
[    3.578721] initcall ptp_init+0x0/0x98 returned 0 after 4882 usecs
[    3.586722] calling  power_supply_class_init+0x0/0x3f @ 1
[    3.594056] initcall power_supply_class_init+0x0/0x3f returned 0 after 0 usecs
[    3.602722] calling  hwmon_init+0x0/0x104 @ 1
[    3.608744] initcall hwmon_init+0x0/0x104 returned 0 after 0 usecs
[    3.616721] calling  md_init+0x0/0x16b @ 1
[    3.623980] initcall md_init+0x0/0x16b returned 0 after 976 usecs
[    3.631732] calling  leds_init+0x0/0x3b @ 1
[    3.637788] initcall leds_init+0x0/0x3b returned 0 after 0 usecs
[    3.644720] calling  dmi_init+0x0/0x113 @ 1
[    3.651039] initcall dmi_init+0x0/0x113 returned 0 after 0 usecs
[    3.658721] calling  efisubsys_init+0x0/0x4e7 @ 1
[    3.664746] initcall efisubsys_init+0x0/0x4e7 returned 0 after 0 usecs
[    3.673721] calling  nvmem_init+0x0/0xc @ 1
[    3.678978] initcall nvmem_init+0x0/0xc returned 0 after 976 usecs
[    3.687721] calling  init_soundcore+0x0/0x33 @ 1
[    3.693801] initcall init_soundcore+0x0/0x33 returned 0 after 0 usecs
[    3.701722] calling  alsa_sound_init+0x0/0x8f @ 1
[    3.708798] Advanced Linux Sound Architecture Driver Initialized.
[    3.716724] initcall alsa_sound_init+0x0/0x8f returned 0 after 8789 usecs
[    3.724722] calling  alsa_seq_device_init+0x0/0x71 @ 1
[    3.731798] initcall alsa_seq_device_init+0x0/0x71 returned 0 after 0 usecs
[    3.740722] calling  hda_bus_init+0x0/0xc @ 1
[    3.745816] initcall hda_bus_init+0x0/0xc returned 0 after 0 usecs
[    3.753722] calling  proto_init+0x0/0xc @ 1
[    3.759819] initcall proto_init+0x0/0xc returned 0 after 0 usecs
[    3.766725] calling  net_dev_init+0x0/0x27f @ 1
[    3.775720] initcall net_dev_init+0x0/0x27f returned 0 after 2929 usecs
[    3.783721] calling  neigh_init+0x0/0x84 @ 1
[    3.789735] initcall neigh_init+0x0/0x84 returned 0 after 0 usecs
[    3.797721] calling  fib_notifier_init+0x0/0xc @ 1
[    3.803775] initcall fib_notifier_init+0x0/0xc returned 0 after 0 usecs
[    3.811720] calling  fib_rules_init+0x0/0xab @ 1
[    3.817769] initcall fib_rules_init+0x0/0xab returned 0 after 0 usecs
[    3.826724] calling  pktsched_init+0x0/0x10e @ 1
[    3.835036] initcall pktsched_init+0x0/0x10e returned 0 after 0 usecs
[    3.844721] calling  tc_filter_init+0x0/0xfa @ 1
[    3.851880] initcall tc_filter_init+0x0/0xfa returned 0 after 0 usecs
[    3.859722] calling  tc_action_init+0x0/0x54 @ 1
[    3.865725] initcall tc_action_init+0x0/0x54 returned 0 after 0 usecs
[    3.873720] calling  ethnl_init+0x0/0x52 @ 1
[    3.879007] initcall ethnl_init+0x0/0x52 returned 0 after 976 usecs
[    3.886736] calling  nexthop_init+0x0/0xd8 @ 1
[    3.892906] initcall nexthop_init+0x0/0xd8 returned 0 after 0 usecs
[    3.900725] calling  cipso_v4_init+0x0/0x8d @ 1
[    3.905913] initcall cipso_v4_init+0x0/0x8d returned 0 after 0 usecs
[    3.913720] calling  ieee80211_init+0x0/0x24 @ 1
[    3.920280] initcall ieee80211_init+0x0/0x24 returned 0 after 976 usecs
[    3.928720] calling  netlbl_init+0x0/0x78 @ 1
[    3.934734] NetLabel: Initializing
[    3.938717] NetLabel:  domain hash size = 128
[    3.943717] NetLabel:  protocols = UNLABELED CIPSOv4 CALIPSO
[    3.950932] NetLabel:  unlabeled traffic allowed by default
[    3.958723] initcall netlbl_init+0x0/0x78 returned 0 after 23437 usecs
[    3.966726] calling  rfkill_init+0x0/0x136 @ 1
[    3.974955] initcall rfkill_init+0x0/0x136 returned 0 after 976 usecs
[    3.984724] calling  pci_subsys_init+0x0/0x66 @ 1
[    3.990783] PCI: Using ACPI for IRQ routing
[    4.768161] PCI: pci_cache_line_size set to 64 bytes
[    4.777754] e820: reserve RAM buffer [mem 0x0009fc00-0x0009ffff]
[    4.785905] e820: reserve RAM buffer [mem 0x1ffdf000-0x1fffffff]
[    4.793206] initcall pci_subsys_init+0x0/0x66 returned 0 after 783203 usecs
[    4.803905] calling  nmi_warning_debugfs+0x0/0x26 @ 1
[    4.810263] initcall nmi_warning_debugfs+0x0/0x26 returned 0 after 976 usecs
[    4.818740] calling  save_microcode_in_initrd+0x0/0x51 @ 1
[    4.825978] initcall save_microcode_in_initrd+0x0/0x51 returned 0 after 0 usecs
[    4.835724] calling  hpet_late_init+0x0/0x20a @ 1
[    4.842065] hpet: 3 channels of 0 reserved for per-cpu timers
[    4.851101] hpet0: at MMIO 0xfed00000, IRQs 2, 8, 0
[    4.858723] hpet0: 3 comparators, 64-bit 100.000000 MHz counter
[    4.871728] initcall hpet_late_init+0x0/0x20a returned 0 after 29296 usecs
[    4.881731] calling  init_amd_nbs+0x0/0x11c @ 1
[    4.888063] initcall init_amd_nbs+0x0/0x11c returned 0 after 0 usecs
[    4.895742] calling  clocksource_done_booting+0x0/0x43 @ 1
[    4.905661] clocksource: Switched to clocksource kvm-clock
[    4.912966] initcall clocksource_done_booting+0x0/0x43 returned 0 after 10007 usecs
[    4.922026] calling  tracer_init_tracefs+0x0/0x248 @ 1
[    5.240057] initcall tracer_init_tracefs+0x0/0x248 returned 0 after 304681 usecs
[    5.249776] calling  init_trace_printk_function_export+0x0/0x2c @ 1
[    5.257882] initcall init_trace_printk_function_export+0x0/0x2c returned 0 after 18 usecs
[    5.268058] calling  init_kprobe_trace+0x0/0x1ab @ 1
[    5.274188] initcall init_kprobe_trace+0x0/0x1ab returned 0 after 41 usecs
[    5.283275] calling  init_dynamic_event+0x0/0x3d @ 1
[    5.290282] initcall init_dynamic_event+0x0/0x3d returned 0 after 23 usecs
[    5.298812] calling  init_uprobe_trace+0x0/0x5c @ 1
[    5.305199] initcall init_uprobe_trace+0x0/0x5c returned 0 after 228 usecs
[    5.313484] calling  init_pipe_fs+0x0/0x44 @ 1
[    5.319412] initcall init_pipe_fs+0x0/0x44 returned 0 after 386 usecs
[    5.327142] calling  inotify_user_setup+0x0/0x47 @ 1
[    5.333612] initcall inotify_user_setup+0x0/0x47 returned 0 after 346 usecs
[    5.342081] calling  eventpoll_init+0x0/0xeb @ 1
[    5.348973] initcall eventpoll_init+0x0/0xeb returned 0 after 306 usecs
[    5.356854] calling  anon_inode_init+0x0/0x58 @ 1
[    5.362928] initcall anon_inode_init+0x0/0x58 returned 0 after 354 usecs
[    5.371088] calling  proc_locks_init+0x0/0x27 @ 1
[    5.376959] initcall proc_locks_init+0x0/0x27 returned 0 after 243 usecs
[    5.384788] calling  iomap_init+0x0/0x1b @ 1
[    5.390599] initcall iomap_init+0x0/0x1b returned 0 after 657 usecs
[    5.397962] calling  dquot_init+0x0/0x106 @ 1
[    5.403267] VFS: Disk quotas dquot_6.6.0
[    5.408271] VFS: Dquot-cache hash table entries: 512 (order 0, 4096 bytes)
[    5.416459] initcall dquot_init+0x0/0x106 returned 0 after 12896 usecs
[    5.424241] calling  quota_init+0x0/0x23 @ 1
[    5.429868] initcall quota_init+0x0/0x23 returned 0 after 436 usecs
[    5.437276] calling  proc_cmdline_init+0x0/0x21 @ 1
[    5.443180] initcall proc_cmdline_init+0x0/0x21 returned 0 after 28 usecs
[    5.451234] calling  proc_consoles_init+0x0/0x24 @ 1
[    5.457181] initcall proc_consoles_init+0x0/0x24 returned 0 after 8 usecs
[    5.465272] calling  proc_cpuinfo_init+0x0/0x1e @ 1
[    5.471093] initcall proc_cpuinfo_init+0x0/0x1e returned 0 after 8 usecs
[    5.479104] calling  proc_devices_init+0x0/0x24 @ 1
[    5.484978] initcall proc_devices_init+0x0/0x24 returned 0 after 7 usecs
[    5.492880] calling  proc_interrupts_init+0x0/0x24 @ 1
[    5.499634] initcall proc_interrupts_init+0x0/0x24 returned 0 after 7 usecs
[    5.507793] calling  proc_loadavg_init+0x0/0x21 @ 1
[    5.513629] initcall proc_loadavg_init+0x0/0x21 returned 0 after 7 usecs
[    5.521588] calling  proc_meminfo_init+0x0/0x21 @ 1
[    5.527629] initcall proc_meminfo_init+0x0/0x21 returned 0 after 6 usecs
[    5.535617] calling  proc_stat_init+0x0/0x1e @ 1
[    5.541724] initcall proc_stat_init+0x0/0x1e returned 0 after 8 usecs
[    5.549263] calling  proc_uptime_init+0x0/0x21 @ 1
[    5.555017] initcall proc_uptime_init+0x0/0x21 returned 0 after 7 usecs
[    5.562912] calling  proc_version_init+0x0/0x21 @ 1
[    5.568841] initcall proc_version_init+0x0/0x21 returned 0 after 7 usecs
[    5.576781] calling  proc_softirqs_init+0x0/0x21 @ 1
[    5.582690] initcall proc_softirqs_init+0x0/0x21 returned 0 after 6 usecs
[    5.590723] calling  proc_kcore_init+0x0/0xea @ 1
[    5.596500] initcall proc_kcore_init+0x0/0xea returned 0 after 198 usecs
[    5.604304] calling  vmcore_init+0x0/0x57b @ 1
[    5.609669] initcall vmcore_init+0x0/0x57b returned 0 after 37 usecs
[    5.617105] calling  proc_kmsg_init+0x0/0x21 @ 1
[    5.622730] initcall proc_kmsg_init+0x0/0x21 returned 0 after 9 usecs
[    5.630555] calling  proc_page_init+0x0/0x3b @ 1
[    5.636502] initcall proc_page_init+0x0/0x3b returned 0 after 13 usecs
[    5.645537] calling  init_ramfs_fs+0x0/0xc @ 1
[    5.650881] initcall init_ramfs_fs+0x0/0xc returned 0 after 20 usecs
[    5.658342] calling  init_hugetlbfs_fs+0x0/0xf6 @ 1
[    5.664958] initcall init_hugetlbfs_fs+0x0/0xf6 returned 0 after 661 usecs
[    5.673145] calling  blk_scsi_ioctl_init+0x0/0x2a5 @ 1
[    5.679501] initcall blk_scsi_ioctl_init+0x0/0x2a5 returned 0 after 151 usecs
[    5.687967] calling  acpi_event_init+0x0/0x2c @ 1
[    5.693763] initcall acpi_event_init+0x0/0x2c returned 0 after 55 usecs
[    5.701809] calling  pnp_system_init+0x0/0xc @ 1
[    5.708109] initcall pnp_system_init+0x0/0xc returned 0 after 604 usecs
[    5.716064] calling  pnpacpi_init+0x0/0x69 @ 1
[    5.721619] pnp: PnP ACPI init
[    5.729580] pnp 00:00: Plug and Play ACPI device, IDs PNP0303 (active)
[    5.737695] pnp 00:01: Plug and Play ACPI device, IDs PNP0f13 (active)
[    5.746202] pnp 00:02: Plug and Play ACPI device, IDs PNP0400 (active)
[    5.754397] pnp 00:03: Plug and Play ACPI device, IDs PNP0501 (active)
[    5.762466] pnp 00:04: Plug and Play ACPI device, IDs PNP0b00 (active)
[    5.770919] system 00:05: [mem 0xb0000000-0xbfffffff window] has been reserved
[    5.779935] system 00:05: Plug and Play ACPI device, IDs PNP0c01 (active)
[    5.790332] pnp: PnP ACPI: found 6 devices
[    5.795449] initcall pnpacpi_init+0x0/0x69 returned 0 after 72138 usecs
[    5.803499] calling  chr_dev_init+0x0/0x14d @ 1
[    5.908428] initcall chr_dev_init+0x0/0x14d returned 0 after 97000 usecs
[    5.916909] calling  firmware_class_init+0x0/0x14a @ 1
[    5.923656] initcall firmware_class_init+0x0/0x14a returned 0 after 316 usecs
[    5.932297] calling  init_pcmcia_bus+0x0/0x5b @ 1
[    5.939729] initcall init_pcmcia_bus+0x0/0x5b returned 0 after 254 usecs
[    5.947910] calling  init_acpi_pm_clocksource+0x0/0xda @ 1
[    5.959997] clocksource: acpi_pm: mask: 0xffffff max_cycles: 0xffffff, max_idle_ns: 2085701024 ns
[    5.970421] initcall init_acpi_pm_clocksource+0x0/0xda returned 0 after 15558 usecs
[    5.979570] calling  sysctl_core_init+0x0/0x26 @ 1
[    5.985592] initcall sysctl_core_init+0x0/0x26 returned 0 after 195 usecs
[    5.993677] calling  eth_offload_init+0x0/0x13 @ 1
[    5.999668] initcall eth_offload_init+0x0/0x13 returned 0 after 136 usecs
[    6.007705] calling  ipv4_offload_init+0x0/0x73 @ 1
[    6.013693] initcall ipv4_offload_init+0x0/0x73 returned 0 after 171 usecs
[    6.021786] calling  inet_init+0x0/0x276 @ 1
[    6.027325] NET: Registered protocol family 2
[    6.033586] IP idents hash table entries: 8192 (order: 4, 65536 bytes, linear)
[    6.046230] tcp_listen_portaddr_hash hash table entries: 256 (order: 2, 20480 bytes, linear)
[    6.056623] TCP established hash table entries: 4096 (order: 3, 32768 bytes, linear)
[    6.066157] TCP bind hash table entries: 4096 (order: 6, 294912 bytes, linear)
[    6.080286] TCP: Hash tables configured (established 4096 bind 4096)
[    6.109150] UDP hash table entries: 256 (order: 3, 40960 bytes, linear)
[    6.118648] UDP-Lite hash table entries: 256 (order: 3, 40960 bytes, linear)
[    6.130603] initcall inet_init+0x0/0x276 returned 0 after 100928 usecs
[    6.139233] calling  af_unix_init+0x0/0x4d @ 1
[    6.147048] NET: Registered protocol family 1
[    6.153511] initcall af_unix_init+0x0/0x4d returned 0 after 6495 usecs
[    6.164511] calling  ipv6_offload_init+0x0/0x7e @ 1
[    6.171016] initcall ipv6_offload_init+0x0/0x7e returned 0 after 357 usecs
[    6.179544] calling  init_sunrpc+0x0/0x65 @ 1
[    6.197879] RPC: Registered named UNIX socket transport module.
[    6.205631] RPC: Registered udp transport module.
[    6.211696] RPC: Registered tcp transport module.
[    6.217778] RPC: Registered tcp NFSv4.1 backchannel transport module.
[    6.227228] initcall init_sunrpc+0x0/0x65 returned 0 after 41217 usecs
[    6.237400] calling  cfg80211_init+0x0/0xc5 @ 1
[    6.250049] initcall cfg80211_init+0x0/0xc5 returned 0 after 5234 usecs
[    6.258203] calling  pcibios_assign_resources+0x0/0xbf @ 1
[    6.265613] pci_bus 0000:00: resource 4 [io  0x0000-0x0cf7 window]
[    6.273217] pci_bus 0000:00: resource 5 [io  0x0d00-0xffff window]
[    6.280786] pci_bus 0000:00: resource 6 [mem 0x000a0000-0x000bffff window]
[    6.289369] pci_bus 0000:00: resource 7 [mem 0x20000000-0xafffffff window]
[    6.298280] pci_bus 0000:00: resource 8 [mem 0xc0000000-0xfebfffff window]
[    6.306803] pci_bus 0000:00: resource 9 [mem 0x100000000-0x8ffffffff window]
[    6.316270] initcall pcibios_assign_resources+0x0/0xbf returned 0 after 50017 usecs
[    6.325770] calling  pci_apply_final_quirks+0x0/0x124 @ 1
[    6.333598] pci 0000:00:01.0: calling  pci_fixup_video+0x0/0xe0 @ 1
[    6.341948] pci 0000:00:01.0: Video device with shadowed ROM at [mem 0x000c0000-0x000dffff]
[    6.353187] pci 0000:00:01.0: pci_fixup_video+0x0/0xe0 took 11355 usecs
[    6.364088] PCI: CLS 0 bytes, default 64
[    6.370451] initcall pci_apply_final_quirks+0x0/0x124 returned 0 after 36697 usecs
[    6.381976] calling  acpi_reserve_resources+0x0/0xea @ 1
[    6.390438] initcall acpi_reserve_resources+0x0/0xea returned 0 after 135 usecs
[    6.401845] calling  populate_rootfs+0x0/0x102 @ 1
[    6.416464] initcall populate_rootfs+0x0/0x102 returned 0 after 6767 usecs
[    6.425682] calling  pci_iommu_init+0x0/0x3e @ 1
[    6.431958] initcall pci_iommu_init+0x0/0x3e returned 0 after 118 usecs
[    6.442484] calling  ia32_binfmt_init+0x0/0x13 @ 1
[    6.450299] initcall ia32_binfmt_init+0x0/0x13 returned 0 after 49 usecs
[    6.458762] calling  rapl_pmu_init+0x0/0x267 @ 1
[    6.464891] initcall rapl_pmu_init+0x0/0x267 returned -19 after 90 usecs
[    6.473386] calling  amd_uncore_init+0x0/0x310 @ 1
[    6.479597] initcall amd_uncore_init+0x0/0x310 returned -19 after 0 usecs
[    6.488367] calling  amd_ibs_init+0x0/0x25f @ 1
[    6.494156] initcall amd_ibs_init+0x0/0x25f returned -19 after 0 usecs
[    6.502569] calling  amd_iommu_pc_init+0x0/0x22c @ 1
[    6.508876] initcall amd_iommu_pc_init+0x0/0x22c returned -19 after 63 usecs
[    6.517859] calling  msr_init+0x0/0x55 @ 1
[    6.523517] initcall msr_init+0x0/0x55 returned 0 after 163 usecs
[    6.531330] calling  intel_uncore_init+0x0/0x36f @ 1
[    6.537914] initcall intel_uncore_init+0x0/0x36f returned -19 after 45 usecs
[    6.547218] calling  cstate_pmu_init+0x0/0x1a1 @ 1
[    6.553426] initcall cstate_pmu_init+0x0/0x1a1 returned -19 after 0 usecs
[    6.562113] calling  register_kernel_offset_dumper+0x0/0x1a @ 1
[    6.569852] initcall register_kernel_offset_dumper+0x0/0x1a returned 0 after 110 usecs
[    6.580260] calling  i8259A_init_ops+0x0/0x20 @ 1
[    6.586447] initcall i8259A_init_ops+0x0/0x20 returned 0 after 17 usecs
[    6.594807] calling  init_tsc_clocksource+0x0/0xa4 @ 1
[    6.603853] clocksource: tsc: mask: 0xffffffffffffffff max_cycles: 0x39a85afc727, max_idle_ns: 881590685098 ns
[    6.616504] initcall init_tsc_clocksource+0x0/0xa4 returned 0 after 13024 usecs
[    6.625847] calling  add_rtc_cmos+0x0/0xb0 @ 1
[    6.632933] initcall add_rtc_cmos+0x0/0xb0 returned 0 after 283 usecs
[    6.641253] calling  i8237A_init_ops+0x0/0x3a @ 1
[    6.647609] initcall i8237A_init_ops+0x0/0x3a returned 0 after 88 usecs
[    6.656846] calling  umwait_init+0x0/0x94 @ 1
[    6.665050] initcall umwait_init+0x0/0x94 returned -19 after 39 usecs
[    6.675164] calling  thermal_throttle_init_device+0x0/0x3d @ 1
[    6.682659] initcall thermal_throttle_init_device+0x0/0x3d returned 0 after 40 usecs
[    6.692501] calling  msr_init+0x0/0xd7 @ 1
[    6.710273] initcall msr_init+0x0/0xd7 returned 0 after 11972 usecs
[    6.718139] calling  cpuid_init+0x0/0xd7 @ 1
[    6.731256] initcall cpuid_init+0x0/0xd7 returned 0 after 6641 usecs
[    6.741422] calling  ioapic_init_ops+0x0/0x13 @ 1
[    6.748947] initcall ioapic_init_ops+0x0/0x13 returned 0 after 33 usecs
[    6.758289] calling  add_pcspkr+0x0/0x6c @ 1
[    6.764081] initcall add_pcspkr+0x0/0x6c returned 0 after 147 usecs
[    6.772718] calling  start_periodic_check_for_corruption+0x0/0x30 @ 1
[    6.783395] check: Scanning for low memory corruption every 60 seconds
[    6.791612] initcall start_periodic_check_for_corruption+0x0/0x30 returned 0 after 8059 usecs
[    6.802147] calling  sysfb_init+0x0/0x9c @ 1
[    6.807932] initcall sysfb_init+0x0/0x9c returned 0 after 226 usecs
[    6.815769] calling  audit_classes_init+0x0/0xae @ 1
[    6.822271] initcall audit_classes_init+0x0/0xae returned 0 after 44 usecs
[    6.830991] calling  iosf_mbi_init+0x0/0x24 @ 1
[    6.837475] initcall iosf_mbi_init+0x0/0x24 returned 0 after 605 usecs
[    6.845896] calling  proc_execdomains_init+0x0/0x21 @ 1
[    6.852688] initcall proc_execdomains_init+0x0/0x21 returned 0 after 77 usecs
[    6.861723] calling  register_warn_debugfs+0x0/0x23 @ 1
[    6.870020] initcall register_warn_debugfs+0x0/0x23 returned 0 after 121 usecs
[    6.881251] calling  cpuhp_sysfs_init+0x0/0x79 @ 1
[    6.889228] initcall cpuhp_sysfs_init+0x0/0x79 returned 0 after 262 usecs
[    6.898950] calling  ioresources_init+0x0/0x49 @ 1
[    6.905206] initcall ioresources_init+0x0/0x49 returned 0 after 10 usecs
[    6.913668] calling  lockdep_proc_init+0x0/0x64 @ 1
[    6.920152] initcall lockdep_proc_init+0x0/0x64 returned 0 after 61 usecs
[    6.929120] calling  snapshot_device_init+0x0/0xc @ 1
[    6.938450] initcall snapshot_device_init+0x0/0xc returned 0 after 2544 usecs
[    6.948073] calling  irq_pm_init_ops+0x0/0x13 @ 1
[    6.954582] initcall irq_pm_init_ops+0x0/0x13 returned 0 after 18 usecs
[    6.963583] calling  rcu_torture_init+0x0/0x9be @ 1
[    6.970886] tasks-tracing-torture:--- Start of test: nreaders=3 nfakewriters=4 stat_interval=15 verbose=1 test_no_idle_hz=1 shuffle_interval=3 stutter=5 irqreader=1 fqs_duration=0 fqs_holdoff=0 fqs_stutter=3 test_boost=1/0 test_boost_interval=7 test_boost_duration=4 shutdown_secs=1800 stall_cpu=0 stall_cpu_holdoff=10 stall_cpu_irqsoff=0 stall_cpu_block=0 n_barrier_cbs=4 onoff_interval=1000 onoff_holdoff=30 read_exit_delay=13 read_exit_burst=16
[    7.024515] tasks-tracing:  Start-test grace-period state: g0 f0x0
[    7.033080] tasks-tracing-torture: Creating rcu_torture_writer task
[    7.044998] tasks-tracing-torture: Creating rcu_torture_fakewriter task
[    7.045539] tasks-tracing-torture: rcu_torture_writer task started
[    7.058223] tasks-tracing-torture: Creating rcu_torture_fakewriter task
[    7.058687] tasks-tracing-torture: rcu_torture_fakewriter task started
[    7.062720] tasks-tracing-torture: GP expediting controlled from boot/sysfs for tasks-tracing.
[    7.062723] rcu_torture_writer: Testing expedited GPs.
[    7.062728] rcu_torture_writer: Testing asynchronous GPs.
[    7.075581] tasks-tracing-torture: Creating rcu_torture_fakewriter task
[    7.076387] tasks-tracing-torture: rcu_torture_fakewriter task started
[    7.080116] rcu_torture_writer: Testing normal GPs.
[    7.097051] tasks-tracing-torture: Creating rcu_torture_fakewriter task
[    7.097533] tasks-tracing-torture: rcu_torture_fakewriter task started
[    7.159381] tasks-tracing-torture: Creating rcu_torture_reader task
[    7.159714] tasks-tracing-torture: rcu_torture_fakewriter task started
[    7.172610] tasks-tracing-torture: Creating rcu_torture_reader task
[    7.173076] tasks-tracing-torture: rcu_torture_reader task started
[    7.202380] tasks-tracing-torture: Creating rcu_torture_reader task
[    7.202391] tasks-tracing-torture: rcu_torture_reader task started
[    7.214484] tasks-tracing-torture: Creating rcu_torture_stats task
[    7.214507] tasks-tracing-torture: rcu_torture_reader task started
[    7.241148] tasks-tracing-torture: Creating torture_shuffle task
[    7.241527] tasks-tracing-torture: rcu_torture_stats task started
[    7.250997] tasks-tracing-torture: Creating torture_stutter task
[    7.251908] tasks-tracing-torture: torture_shuffle task started
[    7.275198] tasks-tracing-torture: Creating torture_shutdown task
[    7.278348] tasks-tracing-torture: torture_stutter task started
[    7.287592] tasks-tracing-torture: Creating torture_onoff task
[    7.287625] tasks-tracing-torture: torture_shutdown task started
[    7.287629] tasks-tracing-torture:torture_shutdown task: 1799987 ms remaining
[    7.324877] tasks-tracing-torture: torture_onoff task started
[    7.324894] tasks-tracing-torture: rcu_torture_fwd_prog_init: Disabled, unsupported by RCU flavor under test
[    7.333724] tasks-tracing-torture: torture_onoff begin holdoff
[    7.348379] tasks-tracing-torture: Creating rcu_torture_barrier_cbs task
[    7.373656] tasks-tracing-torture: Creating rcu_torture_barrier_cbs task
[    7.373911] tasks-tracing-torture: rcu_torture_barrier_cbs task started
[    7.385095] tasks-tracing-torture: Creating rcu_torture_barrier_cbs task
[    7.386098] tasks-tracing-torture: rcu_torture_barrier_cbs task started
[    7.415461] tasks-tracing-torture: Creating rcu_torture_barrier_cbs task
[    7.415950] tasks-tracing-torture: rcu_torture_barrier_cbs task started
[    7.428933] tasks-tracing-torture: Creating rcu_torture_barrier task
[    7.429185] tasks-tracing-torture: rcu_torture_barrier_cbs task started
[    7.456550] tasks-tracing-torture: Creating rcu_torture_read_exit task
[    7.456568] tasks-tracing-torture: rcu_torture_barrier task starting
[    7.469160] tasks-tracing-torture: rcu_torture_read_exit: Start of test
[    7.469386] initcall rcu_torture_init+0x0/0x9be returned 0 after 487170 usecs
[    7.469393] calling  timekeeping_init_ops+0x0/0x13 @ 1
[    7.469416] initcall timekeeping_init_ops+0x0/0x13 returned 0 after 18 usecs
[    7.469418] calling  init_clocksource_sysfs+0x0/0x23 @ 1
[    7.469727] initcall init_clocksource_sysfs+0x0/0x23 returned 0 after 297 usecs
[    7.469730] calling  init_timer_list_procfs+0x0/0x31 @ 1
[    7.469871] initcall init_timer_list_procfs+0x0/0x31 returned 0 after 134 usecs
[    7.469874] calling  alarmtimer_init+0x0/0xf5 @ 1
[    7.470197] initcall alarmtimer_init+0x0/0xf5 returned 0 after 311 usecs
[    7.470200] calling  init_posix_timers+0x0/0x29 @ 1
[    7.470281] initcall init_posix_timers+0x0/0x29 returned 0 after 76 usecs
[    7.470283] calling  clockevents_init_sysfs+0x0/0xbf @ 1
[    7.470624] initcall clockevents_init_sysfs+0x0/0xbf returned 0 after 328 usecs
[    7.470627] calling  proc_dma_init+0x0/0x21 @ 1
[    7.470669] initcall proc_dma_init+0x0/0x21 returned 0 after 38 usecs
[    7.470672] calling  proc_modules_init+0x0/0x1e @ 1
[    7.470678] initcall proc_modules_init+0x0/0x1e returned 0 after 3 usecs
[    7.470680] calling  kallsyms_init+0x0/0x21 @ 1
[    7.470685] initcall kallsyms_init+0x0/0x21 returned 0 after 2 usecs
[    7.470688] calling  pid_namespaces_init+0x0/0x2c @ 1
[    7.470701] initcall pid_namespaces_init+0x0/0x2c returned 0 after 10 usecs
[    7.470703] calling  audit_watch_init+0x0/0x37 @ 1
[    7.470722] initcall audit_watch_init+0x0/0x37 returned 0 after 15 usecs
[    7.470725] calling  audit_fsnotify_init+0x0/0x37 @ 1
[    7.470729] initcall audit_fsnotify_init+0x0/0x37 returned 0 after 1 usecs
[    7.470731] calling  audit_tree_init+0x0/0x6d @ 1
[    7.470810] initcall audit_tree_init+0x0/0x6d returned 0 after 4 usecs
[    7.471200] calling  seccomp_sysctl_init+0x0/0x2b @ 1
[    7.471236] initcall seccomp_sysctl_init+0x0/0x2b returned 0 after 31 usecs
[    7.471239] calling  utsname_sysctl_init+0x0/0x13 @ 1
[    7.471283] initcall utsname_sysctl_init+0x0/0x13 returned 0 after 32 usecs
[    7.471285] calling  init_tracepoints+0x0/0x27 @ 1
[    7.471363] initcall init_tracepoints+0x0/0x27 returned 0 after 73 usecs
[    7.471366] calling  init_blk_tracer+0x0/0x50 @ 1
[    7.472579] initcall init_blk_tracer+0x0/0x50 returned 0 after 1179 usecs
[    7.472584] calling  perf_event_sysfs_init+0x0/0x83 @ 1
[    7.473906] initcall perf_event_sysfs_init+0x0/0x83 returned 0 after 1285 usecs
[    7.473910] calling  system_trusted_keyring_init+0x0/0x60 @ 1
[    7.473926] Initialise system trusted keyrings
[    7.474501] initcall system_trusted_keyring_init+0x0/0x60 returned 0 after 570 usecs
[    7.474504] calling  kswapd_init+0x0/0x5c @ 1
[    7.476479] initcall kswapd_init+0x0/0x5c returned 0 after 1923 usecs
[    7.492278] rcu_torture_rea (88) used greatest stack depth: 14616 bytes left
[    7.496583] calling  extfrag_debug_init+0x0/0x54 @ 1
[    7.496909] initcall extfrag_debug_init+0x0/0x54 returned 0 after 312 usecs
[    7.910686] calling  mm_compute_batch_init+0x0/0x12 @ 1
[    7.919184] initcall mm_compute_batch_init+0x0/0x12 returned 0 after 23 usecs
[    7.931365] calling  slab_proc_init+0x0/0x21 @ 1
[    7.939428] initcall slab_proc_init+0x0/0x21 returned 0 after 160 usecs
[    7.951311] calling  workingset_init+0x0/0x8c @ 1
[    7.959755] workingset: timestamp_bits=56 max_order=17 bucket_order=0
[    7.969987] initcall workingset_init+0x0/0x8c returned 0 after 9988 usecs
[    7.982090] calling  proc_vmalloc_init+0x0/0x32 @ 1
[    7.990611] initcall proc_vmalloc_init+0x0/0x32 returned 0 after 9 usecs
[    8.002052] calling  procswaps_init+0x0/0x1e @ 1
[    8.010113] initcall procswaps_init+0x0/0x1e returned 0 after 104 usecs
[    8.021411] calling  slab_sysfs_init+0x0/0xec @ 1
[    8.046512] initcall slab_sysfs_init+0x0/0xec returned 0 after 15687 usecs
[    8.057901] calling  fcntl_init+0x0/0x29 @ 1
[    8.065623] initcall fcntl_init+0x0/0x29 returned 0 after 142 usecs
[    8.075919] calling  proc_filesystems_init+0x0/0x21 @ 1
[    8.084954] initcall proc_filesystems_init+0x0/0x21 returned 0 after 56 usecs
[    8.098101] calling  start_dirtytime_writeback+0x0/0x29 @ 1
[    8.107249] initcall start_dirtytime_writeback+0x0/0x29 returned 0 after 2 usecs
[    8.118016] calling  blkdev_init+0x0/0x1b @ 1
[    8.130634] initcall blkdev_init+0x0/0x1b returned 0 after 5513 usecs
[    8.140442] calling  dio_init+0x0/0x2c @ 1
[    8.147229] initcall dio_init+0x0/0x2c returned 0 after 123 usecs
[    8.156675] calling  dnotify_init+0x0/0x78 @ 1
[    8.163617] initcall dnotify_init+0x0/0x78 returned 0 after 129 usecs
[    8.172959] calling  aio_setup+0x0/0x78 @ 1
[    8.180613] initcall aio_setup+0x0/0x78 returned 0 after 1441 usecs
[    8.189712] calling  io_uring_init+0x0/0x2c @ 1
[    8.196559] initcall io_uring_init+0x0/0x2c returned 0 after 14 usecs
[    8.206495] calling  mbcache_init+0x0/0x30 @ 1
[    8.213459] initcall mbcache_init+0x0/0x30 returned 0 after 133 usecs
[    8.222834] calling  init_grace+0x0/0xc @ 1
[    8.229181] initcall init_grace+0x0/0xc returned 0 after 40 usecs
[    8.239486] calling  init_v2_quota_format+0x0/0x21 @ 1
[    8.249519] initcall init_v2_quota_format+0x0/0x21 returned 0 after 846 usecs
[    8.262031] calling  init_devpts_fs+0x0/0x27 @ 1
[    8.269260] initcall init_devpts_fs+0x0/0x27 returned 0 after 244 usecs
[    8.279284] calling  ext4_init_fs+0x0/0x1c2 @ 1
[    8.287573] initcall ext4_init_fs+0x0/0x1c2 returned 0 after 1440 usecs
[    8.297081] calling  journal_init+0x0/0x11c @ 1
[    8.304101] initcall journal_init+0x0/0x11c returned 0 after 245 usecs
[    8.313369] calling  init_fat_fs+0x0/0x49 @ 1
[    8.319959] initcall init_fat_fs+0x0/0x49 returned 0 after 279 usecs
[    8.328669] calling  init_vfat_fs+0x0/0xc @ 1
[    8.335028] initcall init_vfat_fs+0x0/0xc returned 0 after 78 usecs
[    8.344459] calling  init_msdos_fs+0x0/0xc @ 1
[    8.351017] initcall init_msdos_fs+0x0/0xc returned 0 after 46 usecs
[    8.360455] calling  init_iso9660_fs+0x0/0x6c @ 1
[    8.368161] initcall init_iso9660_fs+0x0/0x6c returned 0 after 512 usecs
[    8.379284] calling  init_nfs_fs+0x0/0x13a @ 1
[    8.391176] initcall init_nfs_fs+0x0/0x13a returned 0 after 4776 usecs
[    8.402096] calling  init_nfs_v2+0x0/0x13 @ 1
[    8.409130] initcall init_nfs_v2+0x0/0x13 returned 0 after 443 usecs
[    8.418450] calling  init_nfs_v3+0x0/0x13 @ 1
[    8.426302] initcall init_nfs_v3+0x0/0x13 returned 0 after 2 usecs
[    8.437145] calling  init_nfs_v4+0x0/0x32 @ 1
[    8.445432] NFS: Registering the id_resolver key type
[    8.454480] Key type id_resolver registered
[    8.461977] Key type id_legacy registered
[    8.469581] initcall init_nfs_v4+0x0/0x32 returned 0 after 23670 usecs
[    8.481558] calling  init_nlm+0x0/0x5b @ 1
[    8.489330] initcall init_nlm+0x0/0x5b returned 0 after 556 usecs
[    8.499109] calling  init_nls_cp437+0x0/0xe @ 1
[    8.505947] initcall init_nls_cp437+0x0/0xe returned 0 after 647 usecs
[    8.514952] calling  init_nls_ascii+0x0/0xe @ 1
[    8.521270] initcall init_nls_ascii+0x0/0xe returned 0 after 1 usecs
[    8.531008] calling  init_nls_iso8859_1+0x0/0xe @ 1
[    8.538704] initcall init_nls_iso8859_1+0x0/0xe returned 0 after 1 usecs
[    8.548633] calling  init_nls_utf8+0x0/0x21 @ 1
[    8.555888] initcall init_nls_utf8+0x0/0x21 returned 0 after 1 usecs
[    8.565900] calling  init_autofs_fs+0x0/0x25 @ 1
[    8.575260] initcall init_autofs_fs+0x0/0x25 returned 0 after 1825 usecs
[    8.586600] calling  ipc_init+0x0/0x24 @ 1
[    8.593379] initcall ipc_init+0x0/0x24 returned 0 after 82 usecs
[    8.603145] calling  ipc_sysctl_init+0x0/0x13 @ 1
[    8.610588] initcall ipc_sysctl_init+0x0/0x13 returned 0 after 44 usecs
[    8.620761] calling  init_mqueue_fs+0x0/0xb1 @ 1
[    8.629482] initcall init_mqueue_fs+0x0/0xb1 returned 0 after 1296 usecs
[    8.640049] calling  key_proc_init+0x0/0x63 @ 1
[    8.646525] initcall key_proc_init+0x0/0x63 returned 0 after 164 usecs
[    8.655522] calling  selinux_nf_ip_init+0x0/0x2e @ 1
[    8.663035] initcall selinux_nf_ip_init+0x0/0x2e returned 0 after 257 usecs
[    8.673683] calling  init_sel_fs+0x0/0x116 @ 1
[    8.680887] initcall init_sel_fs+0x0/0x116 returned 0 after 1 usecs
[    8.691612] calling  selnl_init+0x0/0x7c @ 1
[    8.699998] initcall selnl_init+0x0/0x7c returned 0 after 452 usecs
[    8.711774] calling  sel_netif_init+0x0/0x36 @ 1
[    8.720050] initcall sel_netif_init+0x0/0x36 returned 0 after 0 usecs
[    8.729422] calling  sel_netnode_init+0x0/0x33 @ 1
[    8.737710] initcall sel_netnode_init+0x0/0x33 returned 0 after 1 usecs
[    8.747708] calling  sel_netport_init+0x0/0x33 @ 1
[    8.754793] initcall sel_netport_init+0x0/0x33 returned 0 after 1 usecs
[    8.765806] calling  aurule_init+0x0/0x2a @ 1
[    8.772802] initcall aurule_init+0x0/0x2a returned 0 after 2 usecs
[    8.782750] calling  crypto_algapi_init+0x0/0xc @ 1
[    8.790478] initcall crypto_algapi_init+0x0/0xc returned 0 after 9 usecs
[    8.801505] calling  jent_mod_init+0x0/0x2d @ 1
[    8.836939] initcall jent_mod_init+0x0/0x2d returned 0 after 27391 usecs
[    8.848926] calling  asymmetric_key_init+0x0/0xc @ 1
[    8.857378] Key type asymmetric registered
[    8.864588] initcall asymmetric_key_init+0x0/0xc returned 0 after 7037 usecs
[    8.876331] calling  x509_key_init+0x0/0xc @ 1
[    8.886694] Asymmetric key parser 'x509' registered
[    8.894153] initcall x509_key_init+0x0/0xc returned 0 after 9988 usecs
[    8.904888] calling  proc_genhd_init+0x0/0x41 @ 1
[    8.913523] initcall proc_genhd_init+0x0/0x41 returned 0 after 12 usecs
[    8.925569] calling  bsg_init+0x0/0x113 @ 1
[    8.934204] Block layer SCSI generic (bsg) driver version 0.4 loaded (major 251)
[    8.947433] initcall bsg_init+0x0/0x113 returned 0 after 13177 usecs
[    8.959674] calling  deadline_init+0x0/0xc @ 1
[    8.968206] io scheduler mq-deadline registered
[    8.976429] initcall deadline_init+0x0/0xc returned 0 after 8329 usecs
[    8.986561] calling  kyber_init+0x0/0xc @ 1
[    8.994080] io scheduler kyber registered
[    9.000963] initcall kyber_init+0x0/0xc returned 0 after 6801 usecs
[    9.011081] calling  mod_init+0x0/0x7 @ 1
[    9.017910] initcall mod_init+0x0/0x7 returned 0 after 0 usecs
[    9.027403] calling  percpu_counter_startup+0x0/0x55 @ 1
[    9.040389] initcall percpu_counter_startup+0x0/0x55 returned 0 after 4059 usecs
[    9.054250] calling  sg_pool_init+0x0/0xb4 @ 1
[    9.064773] initcall sg_pool_init+0x0/0xb4 returned 0 after 2106 usecs
[    9.076940] calling  pcie_portdrv_init+0x0/0x39 @ 1
[    9.086056] initcall pcie_portdrv_init+0x0/0x39 returned 0 after 348 usecs
[    9.097896] calling  pci_proc_init+0x0/0x68 @ 1
[    9.105461] initcall pci_proc_init+0x0/0x68 returned 0 after 31 usecs
[    9.115266] calling  pci_hotplug_init+0x0/0x7 @ 1
[    9.122369] initcall pci_hotplug_init+0x0/0x7 returned 0 after 0 usecs
[    9.132771] calling  efifb_driver_init+0x0/0xe @ 1
[    9.140460] initcall efifb_driver_init+0x0/0xe returned 0 after 113 usecs
[    9.151498] calling  ged_driver_init+0x0/0xe @ 1
[    9.158996] initcall ged_driver_init+0x0/0xe returned 0 after 336 usecs
[    9.170415] calling  acpi_ac_init+0x0/0x92 @ 1
[    9.181447] initcall acpi_ac_init+0x0/0x92 returned 0 after 3200 usecs
[    9.191822] calling  acpi_button_driver_init+0x0/0x52 @ 1
[    9.204699] input: Power Button as /devices/LNXSYSTM:00/LNXPWRBN:00/input/input0
[    9.220606] ACPI: Power Button [PWRF]
[    9.228223] initcall acpi_button_driver_init+0x0/0x52 returned 0 after 25996 usecs
[    9.240587] calling  acpi_fan_driver_init+0x0/0xe @ 1
[    9.271949] initcall acpi_fan_driver_init+0x0/0xe returned 0 after 12134 usecs
[    9.284733] calling  acpi_video_init+0x0/0xcb @ 1
[    9.308442] initcall acpi_video_init+0x0/0xcb returned 0 after 15074 usecs
[    9.319553] calling  acpi_processor_driver_init+0x0/0xad @ 1
[    9.348195] initcall acpi_processor_driver_init+0x0/0xad returned 0 after 18790 usecs
[    9.360653] calling  acpi_thermal_init+0x0/0x71 @ 1
[    9.387621] initcall acpi_thermal_init+0x0/0x71 returned 0 after 17579 usecs
[    9.400083] calling  acpi_battery_init+0x0/0x32 @ 1
[    9.409509] initcall acpi_battery_init+0x0/0x32 returned 0 after 1261 usecs
[    9.420496] calling  bgrt_init+0x0/0xb6 @ 1
[    9.427292] initcall bgrt_init+0x0/0xb6 returned -19 after 0 usecs
[    9.437287] calling  gpio_clk_driver_init+0x0/0xe @ 1
[    9.446542] initcall gpio_clk_driver_init+0x0/0xe returned 0 after 569 usecs
[    9.459717] calling  plt_clk_driver_init+0x0/0xe @ 1
[    9.467568] initcall plt_clk_driver_init+0x0/0xe returned 0 after 157 usecs
[    9.478536] calling  virtio_pci_driver_init+0x0/0x15 @ 1
[    9.488001] initcall virtio_pci_driver_init+0x0/0x15 returned 0 after 771 usecs
[    9.500509] calling  n_null_init+0x0/0x1e @ 1
[    9.508009] initcall n_null_init+0x0/0x1e returned 0 after 340 usecs
[    9.519451] calling  pty_init+0x0/0x1e8 @ 1
[    9.536166] initcall pty_init+0x0/0x1e8 returned 0 after 8909 usecs
[    9.546361] calling  sysrq_init+0x0/0x62 @ 1
[    9.554779] initcall sysrq_init+0x0/0x62 returned 0 after 1139 usecs
[    9.565690] calling  serial8250_init+0x0/0x17e @ 1
[    9.573489] Serial: 8250/16550 driver, 4 ports, IRQ sharing enabled
[    9.593319] 00:03: ttyS0 at I/O 0x3f8 (irq = 4, base_baud = 115200) is a 16550A
[    9.627129] initcall serial8250_init+0x0/0x17e returned 0 after 52472 usecs
[    9.638042] calling  serial_pci_driver_init+0x0/0x15 @ 1
[    9.648255] initcall serial_pci_driver_init+0x0/0x15 returned 0 after 1967 usecs
[    9.659809] calling  exar_pci_driver_init+0x0/0x15 @ 1
[    9.669047] initcall exar_pci_driver_init+0x0/0x15 returned 0 after 129 usecs
[    9.682423] calling  lpss8250_pci_driver_init+0x0/0x15 @ 1
[    9.692072] initcall lpss8250_pci_driver_init+0x0/0x15 returned 0 after 51 usecs
[    9.705199] calling  mid8250_pci_driver_init+0x0/0x15 @ 1
[    9.713477] initcall mid8250_pci_driver_init+0x0/0x15 returned 0 after 121 usecs
[    9.725056] calling  virtio_console_init+0x0/0xff @ 1
[    9.734704] initcall virtio_console_init+0x0/0xff returned 0 after 1565 usecs
[    9.745589] calling  hpet_init+0x0/0x64 @ 1
[    9.758186] initcall hpet_init+0x0/0x64 returned 0 after 5873 usecs
[    9.768441] calling  nvram_module_init+0x0/0x83 @ 1
[    9.778660] Non-volatile memory driver v1.3
[    9.785556] initcall nvram_module_init+0x0/0x83 returned 0 after 8380 usecs
[    9.796579] calling  hwrng_modinit+0x0/0x8a @ 1
[    9.808414] initcall hwrng_modinit+0x0/0x8a returned 0 after 4642 usecs
[    9.820449] calling  mod_init+0x0/0x48 @ 1
[    9.827723] initcall mod_init+0x0/0x48 returned -19 after 1 usecs
[    9.838407] calling  agp_init+0x0/0x23 @ 1
[    9.846204] Linux agpgart interface v0.103
[    9.855063] initcall agp_init+0x0/0x23 returned 0 after 8645 usecs
[    9.865032] calling  agp_amd64_mod_init+0x0/0x5 @ 1
[    9.874035] initcall agp_amd64_mod_init+0x0/0x5 returned -19 after 1031 usecs
[    9.885988] calling  agp_intel_init+0x0/0x28 @ 1
[    9.898441] initcall agp_intel_init+0x0/0x28 returned 0 after 4046 usecs
[    9.909368] calling  drm_kms_helper_init+0x0/0x7 @ 1
[    9.918715] initcall drm_kms_helper_init+0x0/0x7 returned 0 after 120 usecs
[    9.931158] calling  drm_core_init+0x0/0xbd @ 1
[    9.940705] initcall drm_core_init+0x0/0xbd returned 0 after 1810 usecs
[    9.951841] calling  i915_init+0x0/0x6b @ 1
[    9.968744] initcall i915_init+0x0/0x6b returned 0 after 9371 usecs
[    9.979045] calling  cn_proc_init+0x0/0x35 @ 1
[    9.987113] initcall cn_proc_init+0x0/0x35 returned 0 after 195 usecs
[    9.997921] calling  topology_sysfs_init+0x0/0x27 @ 1
[   10.008537] initcall topology_sysfs_init+0x0/0x27 returned 0 after 2328 usecs
[   10.019626] calling  cacheinfo_sysfs_init+0x0/0x27 @ 1
[   10.042521] initcall cacheinfo_sysfs_init+0x0/0x27 returned 0 after 13460 usecs
[   10.055179] calling  loop_init+0x0/0x16a @ 1
[   10.242496] loop: module loaded
[   10.246667] initcall loop_init+0x0/0x16a returned 0 after 178731 usecs
[   10.256013] calling  mac_hid_init+0x0/0x21 @ 1
[   10.263348] initcall mac_hid_init+0x0/0x21 returned 0 after 340 usecs
[   10.272686] calling  spi_transport_init+0x0/0x74 @ 1
[   10.280760] initcall spi_transport_init+0x0/0x74 returned 0 after 759 usecs
[   10.291588] calling  init_sd+0x0/0x18c @ 1
[   10.298545] initcall init_sd+0x0/0x18c returned 0 after 592 usecs
[   10.307906] calling  init_sr+0x0/0x43 @ 1
[   10.314570] initcall init_sr+0x0/0x43 returned 0 after 250 usecs
[   10.324104] calling  init_sg+0x0/0x1c0 @ 1
[   10.330748] initcall init_sg+0x0/0x1c0 returned 0 after 187 usecs
[   10.340177] calling  ahci_pci_driver_init+0x0/0x15 @ 1
[   10.351264] ahci 0000:00:1f.2: version 3.0
[   10.367252] PCI Interrupt Link [GSIA] enabled at IRQ 16
[   10.420410] ahci 0000:00:1f.2: AHCI 0001.0000 32 slots 6 ports 1.5 Gbps 0x3f impl SATA mode
[   10.434903] ahci 0000:00:1f.2: flags: 64bit ncq only 
[   10.502817] hrtimer: interrupt took 3101164 ns
[   10.567333] scsi host0: ahci
[   10.593324] scsi host1: ahci
[   10.607253] scsi host2: ahci
[   10.619712] scsi host3: ahci
[   10.636479] scsi host4: ahci
[   10.651928] scsi host5: ahci
[   10.658513] ata1: SATA max UDMA/133 abar m4096@0xfebf1000 port 0xfebf1100 irq 24
[   10.670525] ata2: SATA max UDMA/133 abar m4096@0xfebf1000 port 0xfebf1180 irq 24
[   10.682585] ata3: SATA max UDMA/133 abar m4096@0xfebf1000 port 0xfebf1200 irq 24
[   10.694638] ata4: SATA max UDMA/133 abar m4096@0xfebf1000 port 0xfebf1280 irq 24
[   10.708937] ata5: SATA max UDMA/133 abar m4096@0xfebf1000 port 0xfebf1300 irq 24
[   10.721270] ata6: SATA max UDMA/133 abar m4096@0xfebf1000 port 0xfebf1380 irq 24
[   10.735379] initcall ahci_pci_driver_init+0x0/0x15 returned 0 after 376772 usecs
[   10.748017] calling  piix_init+0x0/0x26 @ 1
[   10.756249] initcall piix_init+0x0/0x26 returned 0 after 549 usecs
[   10.766238] calling  amd_pci_driver_init+0x0/0x15 @ 1
[   10.774756] initcall amd_pci_driver_init+0x0/0x15 returned 0 after 154 usecs
[   10.787007] calling  oldpiix_pci_driver_init+0x0/0x15 @ 1
[   10.796620] initcall oldpiix_pci_driver_init+0x0/0x15 returned 0 after 219 usecs
[   10.809605] calling  sch_pci_driver_init+0x0/0x15 @ 1
[   10.817802] initcall sch_pci_driver_init+0x0/0x15 returned 0 after 153 usecs
[   10.830521] calling  net_olddevs_init+0x0/0x55 @ 1
[   10.839673] initcall net_olddevs_init+0x0/0x55 returned 0 after 448 usecs
[   10.851478] calling  blackhole_netdev_init+0x0/0x78 @ 1
[   10.863444] initcall blackhole_netdev_init+0x0/0x78 returned 0 after 2984 usecs
[   10.875646] calling  phy_module_init+0x0/0x13 @ 1
[   10.886118] initcall phy_module_init+0x0/0x13 returned 0 after 1862 usecs
[   10.897575] calling  tg3_driver_init+0x0/0x15 @ 1
[   10.905596] initcall tg3_driver_init+0x0/0x15 returned 0 after 97 usecs
[   10.916501] calling  e100_init_module+0x0/0x4c @ 1
[   10.924226] e100: Intel(R) PRO/100 Network Driver
[   10.931915] e100: Copyright(c) 1999-2006 Intel Corporation
[   10.944393] initcall e100_init_module+0x0/0x4c returned 0 after 19690 usecs
[   10.956103] calling  e1000_init_module+0x0/0x72 @ 1
[   10.963930] e1000: Intel(R) PRO/1000 Network Driver
[   10.972260] e1000: Copyright (c) 1999-2006 Intel Corporation.
[   10.981714] initcall e1000_init_module+0x0/0x72 returned 0 after 17364 usecs
[   10.993595] calling  e1000_init_module+0x0/0x2d @ 1
[   11.001666] e1000e: Intel(R) PRO/1000 Network Driver
[   11.010096] e1000e: Copyright(c) 1999 - 2015 Intel Corporation.
[   11.022246] initcall e1000_init_module+0x0/0x2d returned 0 after 20121 usecs
[   11.032126] calling  sky2_init_module+0x0/0x21 @ 1
[   11.040168] sky2: driver version 1.30
[   11.046273] initcall sky2_init_module+0x0/0x21 returned 0 after 5958 usecs
[   11.051351] ata1: SATA link down (SStatus 0 SControl 300)
[   11.057399] calling  forcedeth_pci_driver_init+0x0/0x15 @ 1
[   11.057525] initcall forcedeth_pci_driver_init+0x0/0x15 returned 0 after 118 usecs
[   11.070262] ata5: SATA link down (SStatus 0 SControl 300)
[   11.075604] calling  rtl8139_init_module+0x0/0x15 @ 1
[   11.075720] initcall rtl8139_init_module+0x0/0x15 returned 0 after 108 usecs
[   11.075766] calling  rtl8169_pci_driver_init+0x0/0x15 @ 1
[   11.076029] initcall rtl8169_pci_driver_init+0x0/0x15 returned 0 after 252 usecs
[   11.076032] calling  cdrom_init+0x0/0xc @ 1
[   11.076105] initcall cdrom_init+0x0/0xc returned 0 after 68 usecs
[   11.076107] calling  nonstatic_sysfs_init+0x0/0xc @ 1
[   11.076273] initcall nonstatic_sysfs_init+0x0/0xc returned 0 after 158 usecs
[   11.092485] ata2: SATA link down (SStatus 0 SControl 300)
[   11.098013] calling  yenta_cardbus_driver_init+0x0/0x15 @ 1
[   11.112203] ata3: SATA link up 1.5 Gbps (SStatus 113 SControl 300)
[   11.119574] initcall yenta_cardbus_driver_init+0x0/0x15 returned 0 after 573 usecs
[   11.132564] ata3.00: ATAPI: QEMU DVD-ROM, 2.5+, max UDMA/100
[   11.141367] calling  mon_init+0x0/0x144 @ 1
[   11.148002] ata3.00: applying bridge limits
[   11.166172] initcall mon_init+0x0/0x144 returned 0 after 9464 usecs
[   11.211551] ata6: SATA link down (SStatus 0 SControl 300)
[   11.221682] calling  ehci_hcd_init+0x0/0x56 @ 1
[   11.247888] ata4: SATA link down (SStatus 0 SControl 300)
[   11.249552] ehci_hcd: USB 2.0 'Enhanced' Host Controller (EHCI) Driver
[   11.267951] ata3.00: configured for UDMA/100
[   11.273864] initcall ehci_hcd_init+0x0/0x56 returned 0 after 23248 usecs
[   11.319837] scsi 2:0:0:0: CD-ROM            QEMU     QEMU DVD-ROM     2.5+ PQ: 0 ANSI: 5
[   11.331175] calling  ehci_pci_init+0x0/0x64 @ 1
[   11.352693] ehci-pci: EHCI PCI platform driver
[   11.362330] initcall ehci_pci_init+0x0/0x64 returned 0 after 9457 usecs
[   11.372019] calling  ohci_hcd_mod_init+0x0/0x4e @ 1
[   11.379919] ohci_hcd: USB 1.1 'Open' Host Controller (OHCI) Driver
[   11.390151] initcall ohci_hcd_mod_init+0x0/0x4e returned 0 after 10006 usecs
[   11.400345] calling  ohci_pci_init+0x0/0x64 @ 1
[   11.406862] ohci-pci: OHCI PCI platform driver
[   11.413480] initcall ohci_pci_init+0x0/0x64 returned 0 after 6460 usecs
[   11.422962] calling  uhci_hcd_init+0x0/0xa8 @ 1
[   11.429342] uhci_hcd: USB Universal Host Controller Interface driver
[   11.439609] initcall uhci_hcd_init+0x0/0xa8 returned 0 after 10022 usecs
[   11.451024] calling  xhci_hcd_init+0x0/0x1e @ 1
[   11.462170] initcall xhci_hcd_init+0x0/0x1e returned 0 after 295 usecs
[   11.477894] calling  xhci_pci_init+0x0/0x49 @ 1
[   11.499946] initcall xhci_pci_init+0x0/0x49 returned 0 after 952 usecs
[   11.510409] calling  usblp_driver_init+0x0/0x15 @ 1
[   11.518512] usbcore: registered new interface driver usblp
[   11.526489] initcall usblp_driver_init+0x0/0x15 returned 0 after 8815 usecs
[   11.536691] calling  usb_storage_driver_init+0x0/0x2a @ 1
[   11.544584] usbcore: registered new interface driver usb-storage
[   11.552979] initcall usb_storage_driver_init+0x0/0x2a returned 0 after 8270 usecs
[   11.563169] calling  i8042_init+0x0/0x4c2 @ 1
[   11.569965] i8042: PNP: PS/2 Controller [PNP0303:KBD,PNP0f13:MOU] at 0x60,0x64 irq 1,12
[   11.595308] serio: i8042 KBD port at 0x60,0x64 irq 1
[   11.603404] serio: i8042 AUX port at 0x60,0x64 irq 12
[   11.607048] sr 2:0:0:0: [sr0] scsi3-mmc drive: 4x/4x cd/rw xa/form2 tray
[   11.624177] initcall i8042_init+0x0/0x4c2 returned 0 after 53654 usecs
[   11.634420] cdrom: Uniform CD-ROM driver Revision: 3.20
[   11.656514] calling  serport_init+0x0/0x2c @ 1
[   11.656597] initcall serport_init+0x0/0x2c returned 0 after 75 usecs
[   11.694246] calling  input_leds_init+0x0/0xc @ 1
[   11.717909] initcall input_leds_init+0x0/0xc returned 0 after 175 usecs
[   11.743683] calling  evdev_init+0x0/0xc @ 1
[   11.752413] initcall evdev_init+0x0/0xc returned 0 after 2573 usecs
[   11.778340] calling  atkbd_init+0x0/0x21 @ 1
[   11.784693] initcall atkbd_init+0x0/0x21 returned 0 after 122 usecs
[   11.810080] calling  psmouse_init+0x0/0x7f @ 1
[   11.816928] initcall psmouse_init+0x0/0x7f returned 0 after 785 usecs
[   11.841851] calling  cmos_init+0x0/0x73 @ 1
[   11.865056] rtc_cmos 00:04: RTC can wake from S4
[   11.896470] input: AT Translated Set 2 keyboard as /devices/platform/i8042/serio0/input/input1
[   11.898268] sr 2:0:0:0: Attached scsi CD-ROM sr0
[   11.929513] rtc_cmos 00:04: registered as rtc0
[   11.935726] sr 2:0:0:0: Attached scsi generic sg0 type 5
[   11.955499] rtc_cmos 00:04: alarms up to one day, y3k, 242 bytes nvram, hpet irqs
[   11.988942] initcall cmos_init+0x0/0x73 returned 0 after 121924 usecs
[   12.003256] calling  smbalert_driver_init+0x0/0xe @ 1
[   12.011335] initcall smbalert_driver_init+0x0/0xe returned 0 after 409 usecs
[   12.022304] calling  i2c_i801_init+0x0/0xc5 @ 1
[   12.034075] i801_smbus 0000:00:1f.3: SMBus using PCI interrupt
[   12.043604] i2c i2c-0: 1/1 memory slots populated (from DMI)
[   12.051412] i2c i2c-0: Memory type 0x07 not supported yet, not instantiating SPD
[   12.073865] initcall i2c_i801_init+0x0/0xc5 returned 0 after 44177 usecs
[   12.085289] calling  ptp_kvm_init+0x0/0xf0 @ 1
[   12.105531] initcall ptp_kvm_init+0x0/0xf0 returned 0 after 13471 usecs
[   12.122364] calling  dm_init+0x0/0x3c @ 1
[   12.130409] device-mapper: ioctl: 4.43.0-ioctl (2020-10-01) initialised: dm-devel@redhat.com
[   12.153124] initcall dm_init+0x0/0x3c returned 0 after 24473 usecs
[   12.162040] calling  dm_mirror_init+0x0/0x29 @ 1
[   12.170548] initcall dm_mirror_init+0x0/0x29 returned 0 after 297 usecs
[   12.179922] calling  dm_dirty_log_init+0x0/0x4f @ 1
[   12.188121] initcall dm_dirty_log_init+0x0/0x4f returned 0 after 185 usecs
[   12.203460] calling  dm_zero_init+0x0/0x29 @ 1
[   12.209961] initcall dm_zero_init+0x0/0x29 returned 0 after 3 usecs
[   12.231070] calling  intel_pstate_init+0x0/0x512 @ 1
[   12.249745] intel_pstate: CPU model not supported
[   12.256445] initcall intel_pstate_init+0x0/0x512 returned -19 after 6665 usecs
[   12.273193] calling  haltpoll_init+0x0/0xc0 @ 1
[   12.279853] initcall haltpoll_init+0x0/0xc0 returned -19 after 31 usecs
[   12.289658] calling  efivars_sysfs_init+0x0/0x30 @ 1
[   12.297386] initcall efivars_sysfs_init+0x0/0x30 returned 0 after 307 usecs
[   12.308152] calling  esrt_sysfs_init+0x0/0x2a2 @ 1
[   12.315385] initcall esrt_sysfs_init+0x0/0x2a2 returned -38 after 37 usecs
[   12.325469] calling  hid_init+0x0/0x5c @ 1
[   12.331684] hid: raw HID events driver (C) Jiri Kosina
[   12.339413] initcall hid_init+0x0/0x5c returned 0 after 7754 usecs
[   12.348265] calling  hid_generic_init+0x0/0x15 @ 1
[   12.356054] initcall hid_generic_init+0x0/0x15 returned 0 after 1020 usecs
[   12.365787] calling  a4_driver_init+0x0/0x15 @ 1
[   12.372727] initcall a4_driver_init+0x0/0x15 returned 0 after 40 usecs
[   12.381856] calling  apple_driver_init+0x0/0x15 @ 1
[   12.389033] initcall apple_driver_init+0x0/0x15 returned 0 after 106 usecs
[   12.398853] calling  belkin_driver_init+0x0/0x15 @ 1
[   12.405962] initcall belkin_driver_init+0x0/0x15 returned 0 after 38 usecs
[   12.415716] calling  ch_driver_init+0x0/0x15 @ 1
[   12.422399] initcall ch_driver_init+0x0/0x15 returned 0 after 65 usecs
[   12.431581] calling  ch_driver_init+0x0/0x15 @ 1
[   12.438636] initcall ch_driver_init+0x0/0x15 returned 0 after 228 usecs
[   12.449143] calling  cp_driver_init+0x0/0x15 @ 1
[   12.455664] initcall cp_driver_init+0x0/0x15 returned 0 after 40 usecs
[   12.464666] calling  ez_driver_init+0x0/0x15 @ 1
[   12.471188] initcall ez_driver_init+0x0/0x15 returned 0 after 42 usecs
[   12.480301] calling  gyration_driver_init+0x0/0x15 @ 1
[   12.487211] initcall gyration_driver_init+0x0/0x15 returned 0 after 41 usecs
[   12.497080] calling  ite_driver_init+0x0/0x15 @ 1
[   12.503354] tasks-tracing-torture: rcu_torture_read_exit: End of episode
[   12.503992] initcall ite_driver_init+0x0/0x15 returned 0 after 76 usecs
[   12.522473] calling  ks_driver_init+0x0/0x15 @ 1
[   12.529208] initcall ks_driver_init+0x0/0x15 returned 0 after 44 usecs
[   12.538273] calling  lg_driver_init+0x0/0x15 @ 1
[   12.545122] initcall lg_driver_init+0x0/0x15 returned 0 after 56 usecs
[   12.554727] calling  lg_g15_driver_init+0x0/0x15 @ 1
[   12.562207] initcall lg_g15_driver_init+0x0/0x15 returned 0 after 311 usecs
[   12.572379] calling  ms_driver_init+0x0/0x15 @ 1
[   12.578942] initcall ms_driver_init+0x0/0x15 returned 0 after 69 usecs
[   12.587918] calling  mr_driver_init+0x0/0x15 @ 1
[   12.603697] initcall mr_driver_init+0x0/0x15 returned 0 after 49 usecs
[   12.612251] calling  ntrig_driver_init+0x0/0x15 @ 1
[   12.619255] initcall ntrig_driver_init+0x0/0x15 returned 0 after 74 usecs
[   12.628710] calling  pl_driver_init+0x0/0x15 @ 1
[   12.635357] initcall pl_driver_init+0x0/0x15 returned 0 after 46 usecs
[   12.644508] calling  pl_driver_init+0x0/0x15 @ 1
[   12.651506] initcall pl_driver_init+0x0/0x15 returned 0 after 72 usecs
[   12.660979] calling  redragon_driver_init+0x0/0x15 @ 1
[   12.668236] initcall redragon_driver_init+0x0/0x15 returned 0 after 45 usecs
[   12.677721] calling  samsung_driver_init+0x0/0x15 @ 1
[   12.685104] initcall samsung_driver_init+0x0/0x15 returned 0 after 204 usecs
[   12.695264] calling  sony_init+0x0/0x38 @ 1
[   12.701228] initcall sony_init+0x0/0x38 returned 0 after 52 usecs
[   12.709977] calling  sp_driver_init+0x0/0x15 @ 1
[   12.716574] initcall sp_driver_init+0x0/0x15 returned 0 after 47 usecs
[   12.726007] calling  ts_driver_init+0x0/0x15 @ 1
[   12.732639] initcall ts_driver_init+0x0/0x15 returned 0 after 91 usecs
[   12.741177] calling  hid_init+0x0/0x58 @ 1
[   12.746977] usbcore: registered new interface driver usbhid
[   12.754371] usbhid: USB HID core driver
[   12.759654] initcall hid_init+0x0/0x58 returned 0 after 12439 usecs
[   12.767860] calling  eeepc_laptop_init+0x0/0x57 @ 1
[   12.775580] initcall eeepc_laptop_init+0x0/0x57 returned -19 after 407 usecs
[   12.785076] calling  pmc_atom_init+0x0/0x27a @ 1
[   12.792397] initcall pmc_atom_init+0x0/0x27a returned -19 after 8 usecs
[   12.801685] calling  alsa_hwdep_init+0x0/0x5e @ 1
[   12.813243] initcall alsa_hwdep_init+0x0/0x5e returned 0 after 384 usecs
[   12.822921] calling  alsa_timer_init+0x0/0x1f9 @ 1
[   12.831450] initcall alsa_timer_init+0x0/0x1f9 returned 0 after 1630 usecs
[   12.841903] calling  snd_hrtimer_init+0x0/0x117 @ 1
[   12.849885] initcall snd_hrtimer_init+0x0/0x117 returned 0 after 21 usecs
[   12.860021] calling  alsa_pcm_init+0x0/0x64 @ 1
[   12.866564] initcall alsa_pcm_init+0x0/0x64 returned 0 after 14 usecs
[   12.877119] calling  alsa_seq_init+0x0/0x4a @ 1
[   12.885618] initcall alsa_seq_init+0x0/0x4a returned 0 after 1118 usecs
[   12.896558] calling  alsa_seq_dummy_init+0x0/0x9c @ 1
[   12.904638] initcall alsa_seq_dummy_init+0x0/0x9c returned 0 after 145 usecs
[   12.915334] calling  azx_driver_init+0x0/0x15 @ 1
[   12.922997] initcall azx_driver_init+0x0/0x15 returned 0 after 284 usecs
[   12.933976] calling  sock_diag_init+0x0/0x2a @ 1
[   12.946238] initcall sock_diag_init+0x0/0x2a returned 0 after 5073 usecs
[   12.956924] calling  blackhole_init+0x0/0xc @ 1
[   12.964034] initcall blackhole_init+0x0/0xc returned 0 after 138 usecs
[   12.973323] calling  nfnetlink_init+0x0/0x61 @ 1
[   12.980517] initcall nfnetlink_init+0x0/0x61 returned 0 after 387 usecs
[   12.990352] calling  nfnetlink_log_init+0x0/0x99 @ 1
[   12.998425] initcall nfnetlink_log_init+0x0/0x99 returned 0 after 625 usecs
[   13.008490] calling  nf_conntrack_standalone_init+0x0/0x87 @ 1
[   13.019621] initcall nf_conntrack_standalone_init+0x0/0x87 returned 0 after 2557 usecs
[   13.031307] calling  ctnetlink_init+0x0/0x83 @ 1
[   13.038045] initcall ctnetlink_init+0x0/0x83 returned 0 after 48 usecs
[   13.047683] calling  nf_conntrack_ftp_init+0x0/0x12c @ 1
[   13.059650] initcall nf_conntrack_ftp_init+0x0/0x12c returned 0 after 2047 usecs
[   13.069424] calling  nf_conntrack_irc_init+0x0/0x129 @ 1
[   13.077109] initcall nf_conntrack_irc_init+0x0/0x129 returned 0 after 772 usecs
[   13.086825] calling  nf_conntrack_sip_init+0x0/0x172 @ 1
[   13.094762] initcall nf_conntrack_sip_init+0x0/0x172 returned 0 after 53 usecs
[   13.105736] calling  nf_nat_init+0x0/0xf0 @ 1
[   13.114423] initcall nf_nat_init+0x0/0xf0 returned 0 after 1014 usecs
[   13.125384] calling  nf_nat_ftp_init+0x0/0x2a @ 1
[   13.132222] initcall nf_nat_ftp_init+0x0/0x2a returned 0 after 53 usecs
[   13.141225] calling  nf_nat_irc_init+0x0/0x2a @ 1
[   13.148558] initcall nf_nat_irc_init+0x0/0x2a returned 0 after 4 usecs
