c[?7l[2J[0mSeaBIOS (version 1.16.0-debian-1.16.0-4)
Booting from ROM...
early console in setup code
c[?7l[2J[    0.000000] Linux version 5.10.152+ (root@joelboxx.c.googlers.com) (gcc (Debian 12.2.0-3) 12.2.0, GNU ld (GNU Binutils for Debian) 2.39) #18 Tue Dec 13 08:29:19 UTC 2022
[    0.000000] Command line: selinux=0 initcall_debug debug console=ttyS0 rcupdate.rcu_self_test=1 rcutorture.n_barrier_cbs=4 rcutorture.stat_interval=15 rcutorture.shutdown_secs=1800 rcutorture.test_no_idle_hz=1 rcutorture.verbose=1
[    0.000000] x86/fpu: x87 FPU will use FXSAVE
[    0.000000] BIOS-provided physical RAM map:
[    0.000000] BIOS-e820: [mem 0x0000000000000000-0x000000000009fbff] usable
[    0.000000] BIOS-e820: [mem 0x000000000009fc00-0x000000000009ffff] reserved
[    0.000000] BIOS-e820: [mem 0x00000000000f0000-0x00000000000fffff] reserved
[    0.000000] BIOS-e820: [mem 0x0000000000100000-0x000000001ffdefff] usable
[    0.000000] BIOS-e820: [mem 0x000000001ffdf000-0x000000001fffffff] reserved
[    0.000000] BIOS-e820: [mem 0x00000000b0000000-0x00000000bfffffff] reserved
[    0.000000] BIOS-e820: [mem 0x00000000fed1c000-0x00000000fed1ffff] reserved
[    0.000000] BIOS-e820: [mem 0x00000000feffc000-0x00000000feffffff] reserved
[    0.000000] BIOS-e820: [mem 0x00000000fffc0000-0x00000000ffffffff] reserved
[    0.000000] NX (Execute Disable) protection: active
[    0.000000] SMBIOS 2.8 present.
[    0.000000] DMI: QEMU Standard PC (Q35 + ICH9, 2009), BIOS 1.16.0-debian-1.16.0-4 04/01/2014
[    0.000000] Hypervisor detected: KVM
[    0.000000] kvm-clock: Using msrs 4b564d01 and 4b564d00
[    0.000000] kvm-clock: cpu 0, msr 1eac3001, primary cpu clock
[    0.000005] kvm-clock: using sched offset of 2116432359 cycles
[    0.000263] clocksource: kvm-clock: mask: 0xffffffffffffffff max_cycles: 0x1cd42e4dffb, max_idle_ns: 881590591483 ns
[    0.001006] tsc: Detected 1999.999 MHz processor
[    0.012592] e820: update [mem 0x00000000-0x00000fff] usable ==> reserved
[    0.012602] e820: remove [mem 0x000a0000-0x000fffff] usable
[    0.012611] last_pfn = 0x1ffdf max_arch_pfn = 0x400000000
[    0.013894] MTRR default type: write-back
[    0.013897] MTRR fixed ranges enabled:
[    0.013899]   00000-9FFFF write-back
[    0.013901]   A0000-BFFFF uncachable
[    0.013903]   C0000-FFFFF write-protect
[    0.013905] MTRR variable ranges enabled:
[    0.013908]   0 base 00C0000000 mask FFC0000000 uncachable
[    0.013910]   1 disabled
[    0.013912]   2 disabled
[    0.013914]   3 disabled
[    0.013915]   4 disabled
[    0.013917]   5 disabled
[    0.013980]   6 disabled
[    0.013982]   7 disabled
[    0.014838] x86/PAT: Configuration [0-7]: WB  WC  UC- UC  WB  WC  UC- UC  
[    0.024571] found SMP MP-table at [mem 0x000f5ba0-0x000f5baf]
[    0.029300] check: Scanning 1 areas for low memory corruption
[    0.048103] ACPI: Early table checksum verification disabled
[    0.051154] ACPI: RSDP 0x00000000000F59E0 000014 (v00 BOCHS )
[    0.051593] ACPI: RSDT 0x000000001FFE229A 000038 (v01 BOCHS  BXPC     00000001 BXPC 00000001)
[    0.051934] ACPI: FACP 0x000000001FFE2092 0000F4 (v03 BOCHS  BXPC     00000001 BXPC 00000001)
[    0.052058] ACPI: DSDT 0x000000001FFE0040 002052 (v01 BOCHS  BXPC     00000001 BXPC 00000001)
[    0.052142] ACPI: FACS 0x000000001FFE0000 000040
[    0.052148] ACPI: APIC 0x000000001FFE2186 000078 (v01 BOCHS  BXPC     00000001 BXPC 00000001)
[    0.052159] ACPI: HPET 0x000000001FFE21FE 000038 (v01 BOCHS  BXPC     00000001 BXPC 00000001)
[    0.052166] ACPI: MCFG 0x000000001FFE2236 00003C (v01 BOCHS  BXPC     00000001 BXPC 00000001)
[    0.052173] ACPI: WAET 0x000000001FFE2272 000028 (v01 BOCHS  BXPC     00000001 BXPC 00000001)
[    0.052179] ACPI: Reserving FACP table memory at [mem 0x1ffe2092-0x1ffe2185]
[    0.052183] ACPI: Reserving DSDT table memory at [mem 0x1ffe0040-0x1ffe2091]
[    0.052185] ACPI: Reserving FACS table memory at [mem 0x1ffe0000-0x1ffe003f]
[    0.052282] ACPI: Reserving APIC table memory at [mem 0x1ffe2186-0x1ffe21fd]
[    0.052387] ACPI: Reserving HPET table memory at [mem 0x1ffe21fe-0x1ffe2235]
[    0.052389] ACPI: Reserving MCFG table memory at [mem 0x1ffe2236-0x1ffe2271]
[    0.052391] ACPI: Reserving WAET table memory at [mem 0x1ffe2272-0x1ffe2299]
[    0.053545] ACPI: Local APIC address 0xfee00000
[    0.055530] Zone ranges:
[    0.055708]   DMA      [mem 0x0000000000001000-0x0000000000ffffff]
[    0.055824]   DMA32    [mem 0x0000000001000000-0x000000001ffdefff]
[    0.055828]   Normal   empty
[    0.055905] Movable zone start for each node
[    0.055907] Early memory node ranges
[    0.055909]   node   0: [mem 0x0000000000001000-0x000000000009efff]
[    0.055984]   node   0: [mem 0x0000000000100000-0x000000001ffdefff]
[    0.060114] Initmem setup node 0 [mem 0x0000000000001000-0x000000001ffdefff]
[    0.060179] On node 0 totalpages: 130941
[    0.060393]   DMA zone: 64 pages used for memmap
[    0.060396]   DMA zone: 21 pages reserved
[    0.060511]   DMA zone: 3998 pages, LIFO batch:0
[    0.060514]   DMA32 zone: 1984 pages used for memmap
[    0.060517]   DMA32 zone: 126943 pages, LIFO batch:31
[    0.064120] On node 0, zone DMA: 1 pages in unavailable ranges
[    0.064277] On node 0, zone DMA: 97 pages in unavailable ranges
[    0.211437] On node 0, zone DMA32: 33 pages in unavailable ranges
[    0.215208] ACPI: PM-Timer IO Port: 0x608
[    0.215218] ACPI: Local APIC address 0xfee00000
[    0.215583] ACPI: LAPIC_NMI (acpi_id[0xff] dfl dfl lint[0x1])
[    0.217622] IOAPIC[0]: apic_id 0, version 17, address 0xfec00000, GSI 0-23
[    0.218142] ACPI: INT_SRC_OVR (bus 0 bus_irq 0 global_irq 2 dfl dfl)
[    0.218242] ACPI: INT_SRC_OVR (bus 0 bus_irq 5 global_irq 5 high level)
[    0.218245] ACPI: INT_SRC_OVR (bus 0 bus_irq 9 global_irq 9 high level)
[    0.222254] ACPI: INT_SRC_OVR (bus 0 bus_irq 10 global_irq 10 high level)
[    0.222258] ACPI: INT_SRC_OVR (bus 0 bus_irq 11 global_irq 11 high level)
[    0.222262] ACPI: IRQ0 used by override.
[    0.222264] ACPI: IRQ5 used by override.
[    0.222267] ACPI: IRQ9 used by override.
[    0.222268] ACPI: IRQ10 used by override.
[    0.222270] ACPI: IRQ11 used by override.
[    0.222275] Using ACPI (MADT) for SMP configuration information
[    0.222357] ACPI: HPET id: 0x8086a201 base: 0xfed00000
[    0.224065] kvm-guest: stealtime: cpu 0, msr 1e25b4c0
[    0.226158] PM: hibernation: Registered nosave memory: [mem 0x00000000-0x00000fff]
[    0.226163] PM: hibernation: Registered nosave memory: [mem 0x0009f000-0x0009ffff]
[    0.226165] PM: hibernation: Registered nosave memory: [mem 0x000a0000-0x000effff]
[    0.226167] PM: hibernation: Registered nosave memory: [mem 0x000f0000-0x000fffff]
[    0.226173] [mem 0x20000000-0xafffffff] available for PCI devices
[    0.226290] Booting paravirtualized kernel on KVM
[    0.227336] clocksource: refined-jiffies: mask: 0xffffffff max_cycles: 0xffffffff, max_idle_ns: 1910969940391419 ns
[    0.280336] pcpu-alloc: s0 r0 d32768 u32768 alloc=1*32768
[    0.280499] pcpu-alloc: [0] 0 
[    0.282938] Built 1 zonelists, mobility grouping on.  Total pages: 128872
[    0.283202] Kernel command line: selinux=0 initcall_debug debug console=ttyS0 rcupdate.rcu_self_test=1 rcutorture.n_barrier_cbs=4 rcutorture.stat_interval=15 rcutorture.shutdown_secs=1800 rcutorture.test_no_idle_hz=1 rcutorture.verbose=1
[    0.294005] Dentry cache hash table entries: 65536 (order: 7, 524288 bytes, linear)
[    0.294087] Inode-cache hash table entries: 32768 (order: 6, 262144 bytes, linear)
[    0.295115] mem auto-init: stack:all(zero), heap alloc:off, heap free:off
[    0.307019] Memory: 467224K/523764K available (16397K kernel code, 2823K rwdata, 4752K rodata, 1292K init, 13672K bss, 56280K reserved, 0K cma-reserved)
[    0.309103] SLUB: HWalign=64, Order=0-3, MinObjects=0, CPUs=1, Nodes=1
[    0.335778] Kernel/User page tables isolation: enabled
[    0.353876] Running RCU self tests
[    0.390194] NR_IRQS: 4352, nr_irqs: 256, preallocated irqs: 16
[    0.403647] calling  con_init+0x0/0x24f @ 0
[    0.588963] Console: colour VGA+ 80x25
[    0.589003] initcall con_init+0x0/0x24f returned 0 after 0 usecs
[    0.589008] calling  hvc_console_init+0x0/0x13 @ 0
[    0.589071] initcall hvc_console_init+0x0/0x13 returned 0 after 0 usecs
[    0.589074] calling  univ8250_console_init+0x0/0x26 @ 0
[    1.421490] printk: console [ttyS0] enabled
[    1.427062] initcall univ8250_console_init+0x0/0x26 returned 0 after 0 usecs
[    1.434676] Lock dependency validator: Copyright (c) 2006 Red Hat, Inc., Ingo Molnar
[    1.443209] ... MAX_LOCKDEP_SUBCLASSES:  8
[    1.447985] ... MAX_LOCK_DEPTH:          48
[    1.452624] ... MAX_LOCKDEP_KEYS:        8192
[    1.457537] ... CLASSHASH_SIZE:          4096
[    1.462572] ... MAX_LOCKDEP_ENTRIES:     32768
[    1.467520] ... MAX_LOCKDEP_CHAINS:      65536
[    1.472421] ... CHAINHASH_SIZE:          32768
[    1.477314]  memory used by lock dependency info: 6365 kB
[    1.484930]  memory used for stack traces: 4224 kB
[    1.490493]  per task-struct memory footprint: 1920 bytes
[    1.499941] ACPI: Core revision 20200925
[    1.509450] clocksource: hpet: mask: 0xffffffff max_cycles: 0xffffffff, max_idle_ns: 19112604467 ns
[    1.523604] APIC: Switch to symmetric I/O mode setup
[    1.554093] ..TIMER: vector=0x30 apic1=0 pin1=2 apic2=-1 pin2=-1
[    1.562487] clocksource: tsc-early: mask: 0xffffffffffffffff max_cycles: 0x39a85afc727, max_idle_ns: 881590685098 ns
[    1.576767] Calibrating delay loop (skipped) preset value.. 3999.99 BogoMIPS (lpj=1999999)
[    1.577485] pid_max: default: 32768 minimum: 301
[    1.578869] LSM: Security Framework initializing
[    1.580625] Mount-cache hash table entries: 1024 (order: 1, 8192 bytes, linear)
[    1.581512] Mountpoint-cache hash table entries: 1024 (order: 1, 8192 bytes, linear)
[    1.591156] Last level iTLB entries: 4KB 0, 2MB 0, 4MB 0
[    1.591482] Last level dTLB entries: 4KB 0, 2MB 0, 4MB 0, 1GB 0
[    1.592489] CPU: Intel Common KVM processor (family: 0xf, model: 0x6, stepping: 0x1)
[    1.593508] Spectre V1 : Mitigation: usercopy/swapgs barriers and __user pointer sanitization
[    1.594487] Spectre V2 : Mitigation: Retpolines
[    1.595484] Spectre V2 : Spectre v2 / SpectreRSB mitigation: Filling RSB on context switch
[    1.596501] Spectre V2 : Spectre v2 / SpectreRSB : Filling RSB on VMEXIT
[    1.597484] Speculative Store Bypass: Vulnerable
[    1.598556] MDS: Vulnerable: Clear CPU buffers attempted, no microcode
[    1.599484] MMIO Stale Data: Unknown: No mitigations
[    1.662003] RCU test callback executed 1
[    1.663532] RCU test callback executed 2
[    1.665824] calling  init_hw_perf_events+0x0/0x6ce @ 1
[    1.666484] Performance Events: unsupported Netburst CPU model 6 no PMU driver, software events only.
[    1.667490] initcall init_hw_perf_events+0x0/0x6ce returned 0 after 976 usecs
[    1.668490] calling  init_real_mode+0x0/0x1e9 @ 1
[    1.669909] initcall init_real_mode+0x0/0x1e9 returned 0 after 0 usecs
[    1.670489] calling  trace_init_perf_perm_irq_work_exit+0x0/0x12 @ 1
[    1.671512] initcall trace_init_perf_perm_irq_work_exit+0x0/0x12 returned 0 after 0 usecs
[    1.672512] calling  validate_x2apic+0x0/0x4a @ 1
[    1.673526] initcall validate_x2apic+0x0/0x4a returned 0 after 0 usecs
[    1.674492] calling  register_nmi_cpu_backtrace_handler+0x0/0x15 @ 1
[    1.676530] initcall register_nmi_cpu_backtrace_handler+0x0/0x15 returned 0 after 0 usecs
[    1.677488] calling  kvm_setup_vsyscall_timeinfo+0x0/0x34 @ 1
[    1.678488] initcall kvm_setup_vsyscall_timeinfo+0x0/0x34 returned 0 after 0 usecs
[    1.680500] calling  spawn_ksoftirqd+0x0/0x34 @ 1
[    1.681853] initcall spawn_ksoftirqd+0x0/0x34 returned 0 after 0 usecs
[    1.682488] calling  trace_init_flags_sys_enter+0x0/0xe @ 1
[    1.683487] initcall trace_init_flags_sys_enter+0x0/0xe returned 0 after 0 usecs
[    1.684486] calling  trace_init_flags_sys_exit+0x0/0xe @ 1
[    1.685486] initcall trace_init_flags_sys_exit+0x0/0xe returned 0 after 0 usecs
[    1.686486] calling  init_kprobes+0x0/0x16e @ 1
[    1.689003] initcall init_kprobes+0x0/0x16e returned 0 after 976 usecs
[    1.689486] calling  init_events+0x0/0x3d @ 1
[    1.690838] initcall init_events+0x0/0x3d returned 0 after 0 usecs
[    1.691485] calling  init_trace_printk+0x0/0xc @ 1
[    1.692487] initcall init_trace_printk+0x0/0xc returned 0 after 0 usecs
[    1.693485] calling  event_trace_enable_again+0x0/0x23 @ 1
[    1.694486] initcall event_trace_enable_again+0x0/0x23 returned 0 after 0 usecs
[    1.695484] calling  static_call_init+0x0/0x6f @ 1
[    1.697484] initcall static_call_init+0x0/0x6f returned 0 after 0 usecs
[    1.698483] calling  jump_label_init_module+0x0/0xc @ 1
[    1.699504] initcall jump_label_init_module+0x0/0xc returned 0 after 0 usecs
[    1.701499] calling  init_zero_pfn+0x0/0x37 @ 1
[    1.702488] initcall init_zero_pfn+0x0/0x37 returned 0 after 0 usecs
[    1.703490] calling  initialize_ptr_random+0x0/0x54 @ 1
[    1.704578] initcall initialize_ptr_random+0x0/0x54 returned 0 after 0 usecs
[    1.705491] calling  efi_memreserve_root_init+0x0/0x25 @ 1
[    1.706514] initcall efi_memreserve_root_init+0x0/0x25 returned 0 after 0 usecs
[    1.707491] calling  efi_earlycon_remap_fb+0x0/0x51 @ 1
[    1.708492] initcall efi_earlycon_remap_fb+0x0/0x51 returned 0 after 0 usecs
[    1.823299] devtmpfs: initialized
[    1.825576] calling  ipc_ns_init+0x0/0x3d @ 1
[    1.826579] initcall ipc_ns_init+0x0/0x3d returned 0 after 0 usecs
[    1.827489] calling  init_mmap_min_addr+0x0/0x21 @ 1
[    1.829487] initcall init_mmap_min_addr+0x0/0x21 returned 0 after 0 usecs
[    1.830485] calling  pci_realloc_setup_params+0x0/0x3f @ 1
[    1.831486] initcall pci_realloc_setup_params+0x0/0x3f returned 0 after 0 usecs
[    1.832504] calling  net_ns_init+0x0/0x128 @ 1
[    1.833892] initcall net_ns_init+0x0/0x128 returned 0 after 0 usecs
[    1.834505] calling  e820__register_nvs_regions+0x0/0x37 @ 1
[    1.835487] initcall e820__register_nvs_regions+0x0/0x37 returned 0 after 0 usecs
[    1.836485] calling  cpufreq_register_tsc_scaling+0x0/0x2e @ 1
[    1.837485] initcall cpufreq_register_tsc_scaling+0x0/0x2e returned 0 after 0 usecs
[    1.838486] calling  reboot_init+0x0/0x3c @ 1
[    1.839558] initcall reboot_init+0x0/0x3c returned 0 after 0 usecs
[    1.840485] calling  init_lapic_sysfs+0x0/0x20 @ 1
[    1.841519] initcall init_lapic_sysfs+0x0/0x20 returned 0 after 0 usecs
[    1.842487] calling  wq_sysfs_init+0x0/0x2a @ 1
[    1.844741] initcall wq_sysfs_init+0x0/0x2a returned 0 after 976 usecs
[    1.845490] calling  ksysfs_init+0x0/0x92 @ 1
[    1.846583] initcall ksysfs_init+0x0/0x92 returned 0 after 0 usecs
[    1.848490] calling  pm_init+0x0/0x76 @ 1
[    1.849601] initcall pm_init+0x0/0x76 returned 0 after 0 usecs
[    1.850487] calling  pm_disk_init+0x0/0x13 @ 1
[    1.851573] initcall pm_disk_init+0x0/0x13 returned 0 after 0 usecs
[    1.852486] calling  swsusp_header_init+0x0/0x2b @ 1
[    1.853490] initcall swsusp_header_init+0x0/0x2b returned 0 after 0 usecs
[    1.854487] calling  rcu_set_runtime_mode+0x0/0x25 @ 1
[    1.856486] initcall rcu_set_runtime_mode+0x0/0x25 returned 0 after 0 usecs
[    1.857486] calling  init_jiffies_clocksource+0x0/0x13 @ 1
[    1.858485] clocksource: jiffies: mask: 0xffffffff max_cycles: 0xffffffff, max_idle_ns: 1911260446275000 ns
[    1.859492] initcall init_jiffies_clocksource+0x0/0x13 returned 0 after 976 usecs
[    1.860485] calling  futex_init+0x0/0x10e @ 1
[    1.861490] futex hash table entries: 256 (order: 2, 22528 bytes, linear)
[    1.862596] initcall futex_init+0x0/0x10e returned 0 after 976 usecs
[    1.863486] calling  cgroup_wq_init+0x0/0x28 @ 1
[    1.864568] initcall cgroup_wq_init+0x0/0x28 returned 0 after 0 usecs
[    1.865485] calling  cgroup1_wq_init+0x0/0x28 @ 1
[    1.866525] initcall cgroup1_wq_init+0x0/0x28 returned 0 after 0 usecs
[    1.867485] calling  init_kprobe_trace_early+0x0/0x2a @ 1
[    1.868605] initcall init_kprobe_trace_early+0x0/0x2a returned 0 after 0 usecs
[    1.869491] calling  fsnotify_init+0x0/0x56 @ 1
[    1.870509] initcall fsnotify_init+0x0/0x56 returned 0 after 0 usecs
[    1.871490] calling  filelock_init+0x0/0x7f @ 1
[    1.873582] initcall filelock_init+0x0/0x7f returned 0 after 0 usecs
[    1.874487] calling  init_misc_binfmt+0x0/0x2c @ 1
[    1.875531] initcall init_misc_binfmt+0x0/0x2c returned 0 after 0 usecs
[    1.876485] calling  init_script_binfmt+0x0/0x15 @ 1
[    1.877502] initcall init_script_binfmt+0x0/0x15 returned 0 after 0 usecs
[    1.878486] calling  init_elf_binfmt+0x0/0x15 @ 1
[    1.879487] initcall init_elf_binfmt+0x0/0x15 returned 0 after 0 usecs
[    1.880485] calling  init_compat_elf_binfmt+0x0/0x15 @ 1
[    1.881486] initcall init_compat_elf_binfmt+0x0/0x15 returned 0 after 0 usecs
[    1.882485] calling  debugfs_init+0x0/0x5c @ 1
[    1.883514] initcall debugfs_init+0x0/0x5c returned 0 after 0 usecs
[    1.884487] calling  tracefs_init+0x0/0x3a @ 1
[    1.885500] initcall tracefs_init+0x0/0x3a returned 0 after 0 usecs
[    1.886488] calling  prandom_init_early+0x0/0x111 @ 1
[    1.887520] initcall prandom_init_early+0x0/0x111 returned 0 after 0 usecs
[    1.888557] calling  virtio_init+0x0/0x20 @ 1
[    1.889580] initcall virtio_init+0x0/0x20 returned 0 after 0 usecs
[    1.890487] calling  iommu_init+0x0/0x2a @ 1
[    1.891524] initcall iommu_init+0x0/0x2a returned 0 after 0 usecs
[    1.892488] calling  component_debug_init+0x0/0x1c @ 1
[    1.893827] initcall component_debug_init+0x0/0x1c returned 0 after 0 usecs
[    1.894487] calling  early_resume_init+0x0/0xb9 @ 1
[    1.896489] PM: RTC time: 08:31:06, date: 2022-12-13
[    1.897524] initcall early_resume_init+0x0/0xb9 returned 0 after 1953 usecs
[    1.898489] calling  cpufreq_core_init+0x0/0x62 @ 1
[    1.899555] initcall cpufreq_core_init+0x0/0x62 returned 0 after 0 usecs
[    1.900490] calling  cpufreq_gov_performance_init+0x0/0xc @ 1
[    1.901582] initcall cpufreq_gov_performance_init+0x0/0xc returned 0 after 0 usecs
[    1.902486] calling  cpufreq_gov_userspace_init+0x0/0xc @ 1
[    1.903486] initcall cpufreq_gov_userspace_init+0x0/0xc returned 0 after 0 usecs
[    1.904484] calling  CPU_FREQ_GOV_ONDEMAND_init+0x0/0xc @ 1
[    1.905502] initcall CPU_FREQ_GOV_ONDEMAND_init+0x0/0xc returned 0 after 0 usecs
[    1.906483] calling  cpuidle_init+0x0/0x1f @ 1
[    1.907548] initcall cpuidle_init+0x0/0x1f returned 0 after 0 usecs
[    1.908484] calling  capsule_reboot_register+0x0/0xc @ 1
[    1.909520] initcall capsule_reboot_register+0x0/0xc returned 0 after 0 usecs
[    1.911484] calling  sock_init+0x0/0x93 @ 1
[    1.914129] initcall sock_init+0x0/0x93 returned 0 after 976 usecs
[    1.914485] calling  net_inuse_init+0x0/0x23 @ 1
[    1.916514] initcall net_inuse_init+0x0/0x23 returned 0 after 976 usecs
[    1.917483] calling  net_defaults_init+0x0/0x23 @ 1
[    1.918484] initcall net_defaults_init+0x0/0x23 returned 0 after 0 usecs
[    1.919485] calling  init_default_flow_dissectors+0x0/0x4f @ 1
[    1.921500] initcall init_default_flow_dissectors+0x0/0x4f returned 0 after 0 usecs
[    1.922484] calling  netpoll_init+0x0/0x44 @ 1
[    1.923484] initcall netpoll_init+0x0/0x44 returned 0 after 0 usecs
[    1.924483] calling  netlink_proto_init+0x0/0x154 @ 1
[    1.925960] NET: Registered protocol family 16
[    1.926731] initcall netlink_proto_init+0x0/0x154 returned 0 after 976 usecs
[    1.927484] calling  genl_init+0x0/0x35 @ 1
[    1.928546] initcall genl_init+0x0/0x35 returned 0 after 0 usecs
[    1.929513] calling  bsp_pm_check_init+0x0/0x13 @ 1
[    1.931485] initcall bsp_pm_check_init+0x0/0x13 returned 0 after 0 usecs
[    1.932506] calling  irq_sysfs_init+0x0/0xb9 @ 1
[    1.934546] initcall irq_sysfs_init+0x0/0xb9 returned 0 after 976 usecs
[    1.935484] calling  audit_init+0x0/0x127 @ 1
[    1.936494] audit: initializing netlink subsys (disabled)
[    1.938706] initcall audit_init+0x0/0x127 returned 0 after 1953 usecs
[    1.939485] calling  release_early_probes+0x0/0x32 @ 1
[    1.940484] initcall release_early_probes+0x0/0x32 returned 0 after 0 usecs
[    1.941484] calling  bdi_class_init+0x0/0x48 @ 1
[    1.942565] initcall bdi_class_init+0x0/0x48 returned 0 after 0 usecs
[    1.943484] calling  mm_sysfs_init+0x0/0x28 @ 1
[    1.944491] initcall mm_sysfs_init+0x0/0x28 returned 0 after 0 usecs
[    1.945484] calling  init_per_zone_wmark_min+0x0/0x5e @ 1
[    1.946509] initcall init_per_zone_wmark_min+0x0/0x5e returned 0 after 0 usecs
[    1.947485] calling  mpi_init+0x0/0x3e @ 1
[    1.948505] initcall mpi_init+0x0/0x3e returned 0 after 0 usecs
[    1.949483] calling  kobject_uevent_init+0x0/0xc @ 1
[    1.950529] initcall kobject_uevent_init+0x0/0xc returned 0 after 0 usecs
[    1.951483] calling  pcibus_class_init+0x0/0x13 @ 1
[    1.952500] initcall pcibus_class_init+0x0/0x13 returned 0 after 0 usecs
[    1.953484] calling  pci_driver_init+0x0/0x21 @ 1
[    1.954611] initcall pci_driver_init+0x0/0x21 returned 0 after 0 usecs
[    1.955485] calling  backlight_class_init+0x0/0xa8 @ 1
[    1.957503] initcall backlight_class_init+0x0/0xa8 returned 0 after 0 usecs
[    1.958486] calling  tty_class_init+0x0/0x33 @ 1
[    1.959499] initcall tty_class_init+0x0/0x33 returned 0 after 0 usecs
[    1.960483] calling  vtconsole_class_init+0x0/0xb5 @ 1
[    1.961631] initcall vtconsole_class_init+0x0/0xb5 returned 0 after 0 usecs
[    1.962484] calling  iommu_dev_init+0x0/0x13 @ 1
[    1.963521] initcall iommu_dev_init+0x0/0x13 returned 0 after 0 usecs
[    1.964558] calling  mipi_dsi_bus_init+0x0/0xc @ 1
[    1.965586] initcall mipi_dsi_bus_init+0x0/0xc returned 0 after 0 usecs
[    1.966486] calling  devlink_class_init+0x0/0x40 @ 1
[    1.967544] initcall devlink_class_init+0x0/0x40 returned 0 after 0 usecs
[    1.968485] calling  software_node_init+0x0/0x2a @ 1
[    1.969493] initcall software_node_init+0x0/0x2a returned 0 after 0 usecs
[    1.970485] calling  wakeup_sources_debugfs_init+0x0/0x23 @ 1
[    1.971544] initcall wakeup_sources_debugfs_init+0x0/0x23 returned 0 after 0 usecs
[    1.972485] calling  wakeup_sources_sysfs_init+0x0/0x2c @ 1
[    1.973540] initcall wakeup_sources_sysfs_init+0x0/0x2c returned 0 after 0 usecs
[    1.974486] calling  regmap_initcall+0x0/0xc @ 1
[    1.976636] initcall regmap_initcall+0x0/0xc returned 0 after 0 usecs
[    1.977488] calling  i2c_init+0x0/0xb3 @ 1
[    1.978690] initcall i2c_init+0x0/0xb3 returned 0 after 0 usecs
[    1.979486] calling  thermal_init+0x0/0x116 @ 1
[    1.980586] thermal_sys: Registered thermal governor 'step_wise'
[    1.980603] thermal_sys: Registered thermal governor 'user_space'
[    1.981543] initcall thermal_init+0x0/0x116 returned 0 after 976 usecs
[    1.983486] calling  init_menu+0x0/0xc @ 1
[    1.985485] cpuidle: using governor menu
[    1.986490] initcall init_menu+0x0/0xc returned 0 after 1953 usecs
[    1.987501] calling  pcc_init+0x0/0x4d @ 1
[    1.988488] initcall pcc_init+0x0/0x4d returned -19 after 0 usecs
[    1.989485] calling  amd_postcore_init+0x0/0x11e @ 1
[    1.990484] initcall amd_postcore_init+0x0/0x11e returned 0 after 0 usecs
[    1.991500] calling  bts_init+0x0/0xba @ 1
[    1.992489] initcall bts_init+0x0/0xba returned -19 after 0 usecs
[    1.993488] calling  pt_init+0x0/0x2f7 @ 1
[    1.994487] initcall pt_init+0x0/0x2f7 returned -19 after 0 usecs
[    1.995485] calling  boot_params_ksysfs_init+0x0/0x2ee @ 1
[    1.996537] initcall boot_params_ksysfs_init+0x0/0x2ee returned 0 after 0 usecs
[    1.997486] calling  sbf_init+0x0/0xea @ 1
[    1.998486] initcall sbf_init+0x0/0xea returned 0 after 0 usecs
[    1.999485] calling  arch_kdebugfs_init+0x0/0x219 @ 1
[    2.001695] initcall arch_kdebugfs_init+0x0/0x219 returned 0 after 976 usecs
[    2.002486] calling  intel_pconfig_init+0x0/0x85 @ 1
[    2.003485] initcall intel_pconfig_init+0x0/0x85 returned 0 after 0 usecs
[    2.004489] calling  mtrr_if_init+0x0/0x5d @ 1
[    2.005500] initcall mtrr_if_init+0x0/0x5d returned 0 after 0 usecs
[    2.006487] calling  activate_jump_labels+0x0/0x31 @ 1
[    2.007486] initcall activate_jump_labels+0x0/0x31 returned 0 after 0 usecs
[    2.008485] calling  ffh_cstate_init+0x0/0x29 @ 1
[    2.009491] initcall ffh_cstate_init+0x0/0x29 returned 0 after 0 usecs
[    2.010486] calling  activate_jump_labels+0x0/0x31 @ 1
[    2.011640] initcall activate_jump_labels+0x0/0x31 returned 0 after 0 usecs
[    2.012485] calling  kvm_alloc_cpumask+0x0/0x2b @ 1
[    2.013518] initcall kvm_alloc_cpumask+0x0/0x2b returned 0 after 0 usecs
[    2.014487] calling  kcmp_cookies_init+0x0/0x37 @ 1
[    2.015492] initcall kcmp_cookies_init+0x0/0x37 returned 0 after 0 usecs
[    2.016487] calling  cryptomgr_init+0x0/0xc @ 1
[    2.017653] initcall cryptomgr_init+0x0/0xc returned 0 after 0 usecs
[    2.018485] calling  acpi_pci_init+0x0/0x57 @ 1
[    2.019512] ACPI: bus type PCI registered
[    2.020486] initcall acpi_pci_init+0x0/0x57 returned 0 after 976 usecs
[    2.021485] calling  dma_channel_table_init+0x0/0xce @ 1
[    2.022498] initcall dma_channel_table_init+0x0/0xce returned 0 after 0 usecs
[    2.023484] calling  dma_bus_init+0x0/0xdc @ 1
[    2.024900] initcall dma_bus_init+0x0/0xdc returned 0 after 0 usecs
[    2.025657] calling  iommu_dma_init+0x0/0x10 @ 1
[    2.027550] initcall iommu_dma_init+0x0/0x10 returned 0 after 976 usecs
[    2.028490] calling  dmi_id_init+0x0/0x37c @ 1
[    2.029732] initcall dmi_id_init+0x0/0x37c returned 0 after 0 usecs
[    2.030513] calling  pci_arch_init+0x0/0x71 @ 1
[    2.032246] PCI: MMCONFIG for domain 0000 [bus 00-ff] at [mem 0xb0000000-0xbfffffff] (base 0xb0000000)
[    2.032495] PCI: MMCONFIG at [mem 0xb0000000-0xbfffffff] reserved in E820
[    2.034483] PCI: Using configuration type 1 for base access
[    2.035524] initcall pci_arch_init+0x0/0x71 returned 0 after 3906 usecs
[    2.036525] calling  init_vdso+0x0/0x13 @ 1
[    2.037562] initcall init_vdso+0x0/0x13 returned 0 after 0 usecs
[    2.038514] calling  sysenter_setup+0x0/0x13 @ 1
[    2.039500] initcall sysenter_setup+0x0/0x13 returned 0 after 0 usecs
[    2.040491] calling  fixup_ht_bug+0x0/0x7f @ 1
[    2.041489] initcall fixup_ht_bug+0x0/0x7f returned 0 after 0 usecs
[    2.042487] calling  topology_init+0x0/0x15 @ 1
[    2.043695] initcall topology_init+0x0/0x15 returned 0 after 0 usecs
[    2.044486] calling  intel_epb_init+0x0/0x68 @ 1
[    2.045488] initcall intel_epb_init+0x0/0x68 returned -19 after 0 usecs
[    2.046485] calling  mtrr_init_finialize+0x0/0x3e @ 1
[    2.047486] initcall mtrr_init_finialize+0x0/0x3e returned 0 after 0 usecs
[    2.048486] calling  uid_cache_init+0x0/0x85 @ 1
[    2.049510] initcall uid_cache_init+0x0/0x85 returned 0 after 0 usecs
[    2.050485] calling  param_sysfs_init+0x0/0x1ba @ 1
[    2.066248] initcall param_sysfs_init+0x0/0x1ba returned 0 after 13671 usecs
[    2.066489] calling  user_namespace_sysctl_init+0x0/0x33 @ 1
[    2.067502] initcall user_namespace_sysctl_init+0x0/0x33 returned 0 after 0 usecs
[    2.068486] calling  proc_schedstat_init+0x0/0x24 @ 1
[    2.069493] initcall proc_schedstat_init+0x0/0x24 returned 0 after 0 usecs
[    2.070486] calling  pm_sysrq_init+0x0/0x18 @ 1
[    2.071630] initcall pm_sysrq_init+0x0/0x18 returned 0 after 0 usecs
[    2.072560] calling  create_proc_profile+0x0/0x50 @ 1
[    2.073486] initcall create_proc_profile+0x0/0x50 returned 0 after 0 usecs
[    2.074487] calling  time_ns_init+0x0/0x7 @ 1
[    2.075487] initcall time_ns_init+0x0/0x7 returned 0 after 0 usecs
[    2.076486] calling  crash_save_vmcoreinfo_init+0x0/0x756 @ 1
[    2.077615] initcall crash_save_vmcoreinfo_init+0x0/0x756 returned 0 after 0 usecs
[    2.078489] calling  crash_notes_memory_init+0x0/0x35 @ 1
[    2.079493] initcall crash_notes_memory_init+0x0/0x35 returned 0 after 0 usecs
[    2.080489] calling  cgroup_sysfs_init+0x0/0x13 @ 1
[    2.081575] initcall cgroup_sysfs_init+0x0/0x13 returned 0 after 0 usecs
[    2.082487] calling  cgroup_namespaces_init+0x0/0x7 @ 1
[    2.083533] initcall cgroup_namespaces_init+0x0/0x7 returned 0 after 0 usecs
[    2.084487] calling  init_optprobes+0x0/0x13 @ 1
[    2.085667] Kprobes globally optimized
[    2.086488] initcall init_optprobes+0x0/0x13 returned 0 after 976 usecs
[    2.087486] calling  oom_init+0x0/0x2f @ 1
[    2.089607] audit: type=2000 audit(1670920265.633:1): state=initialized audit_enabled=0 res=1
[    2.090572] initcall oom_init+0x0/0x2f returned 0 after 1953 usecs
[    2.091485] calling  default_bdi_init+0x0/0xb3 @ 1
[    2.092907] initcall default_bdi_init+0x0/0xb3 returned 0 after 0 usecs
[    2.093522] calling  percpu_enable_async+0x0/0xe @ 1
[    2.094487] initcall percpu_enable_async+0x0/0xe returned 0 after 0 usecs
[    2.095485] calling  kcompactd_init+0x0/0x46 @ 1
[    2.097605] initcall kcompactd_init+0x0/0x46 returned 0 after 976 usecs
[    2.098575] calling  init_user_reserve+0x0/0x30 @ 1
[    2.099486] initcall init_user_reserve+0x0/0x30 returned 0 after 0 usecs
[    2.100485] calling  init_admin_reserve+0x0/0x30 @ 1
[    2.101487] initcall init_admin_reserve+0x0/0x30 returned 0 after 0 usecs
[    2.102486] calling  init_reserve_notifier+0x0/0x7 @ 1
[    2.103484] initcall init_reserve_notifier+0x0/0x7 returned 0 after 0 usecs
[    2.104485] calling  swap_init_sysfs+0x0/0x62 @ 1
[    2.105497] initcall swap_init_sysfs+0x0/0x62 returned 0 after 0 usecs
[    2.106483] calling  swapfile_init+0x0/0x46 @ 1
[    2.107485] initcall swapfile_init+0x0/0x46 returned 0 after 0 usecs
[    2.108483] calling  hugetlb_init+0x0/0x43f @ 1
[    2.109487] HugeTLB registered 2.00 MiB page size, pre-allocated 0 pages
[    2.110527] initcall hugetlb_init+0x0/0x43f returned 0 after 976 usecs
[    2.111485] calling  io_wq_init+0x0/0x34 @ 1
[    2.112485] initcall io_wq_init+0x0/0x34 returned 0 after 0 usecs
[    2.113483] calling  seqiv_module_init+0x0/0xc @ 1
[    2.117842] initcall seqiv_module_init+0x0/0xc returned 0 after 1953 usecs
[    2.119572] calling  echainiv_module_init+0x0/0xc @ 1
[    2.120486] initcall echainiv_module_init+0x0/0xc returned 0 after 0 usecs
[    2.121687] calling  rsa_init+0x0/0x50 @ 1
[    2.128477] cryptomgr_test (18) used greatest stack depth: 14864 bytes left
[    2.130499] initcall rsa_init+0x0/0x50 returned 0 after 7812 usecs
[    2.131542] calling  crypto_cmac_module_init+0x0/0xc @ 1
[    2.132520] initcall crypto_cmac_module_init+0x0/0xc returned 0 after 0 usecs
[    2.133486] calling  hmac_module_init+0x0/0xc @ 1
[    2.134488] initcall hmac_module_init+0x0/0xc returned 0 after 0 usecs
[    2.135485] calling  crypto_null_mod_init+0x0/0x65 @ 1
[    2.137819] initcall crypto_null_mod_init+0x0/0x65 returned 0 after 0 usecs
[    2.138486] calling  md5_mod_init+0x0/0xc @ 1
[    2.140607] initcall md5_mod_init+0x0/0xc returned 0 after 976 usecs
[    2.141486] calling  sha256_generic_mod_init+0x0/0x11 @ 1
[    2.142644] initcall sha256_generic_mod_init+0x0/0x11 returned 0 after 0 usecs
[    2.143485] calling  crypto_cbc_module_init+0x0/0xc @ 1
[    2.144487] initcall crypto_cbc_module_init+0x0/0xc returned 0 after 0 usecs
[    2.146484] calling  crypto_ctr_module_init+0x0/0x11 @ 1
[    2.147488] initcall crypto_ctr_module_init+0x0/0x11 returned 0 after 0 usecs
[    2.148486] calling  crypto_gcm_module_init+0x0/0x64 @ 1
[    2.149549] initcall crypto_gcm_module_init+0x0/0x64 returned 0 after 0 usecs
[    2.150488] calling  crypto_ccm_module_init+0x0/0x11 @ 1
[    2.151518] initcall crypto_ccm_module_init+0x0/0x11 returned 0 after 0 usecs
[    2.152487] calling  aes_init+0x0/0xc @ 1
[    2.154648] initcall aes_init+0x0/0xc returned 0 after 976 usecs
[    2.155506] calling  crc32c_mod_init+0x0/0xc @ 1
[    2.156610] initcall crc32c_mod_init+0x0/0xc returned 0 after 0 usecs
[    2.157488] calling  crypto_authenc_module_init+0x0/0xc @ 1
[    2.158490] initcall crypto_authenc_module_init+0x0/0xc returned 0 after 0 usecs
[    2.159488] calling  crypto_authenc_esn_module_init+0x0/0xc @ 1
[    2.160490] initcall crypto_authenc_esn_module_init+0x0/0xc returned 0 after 0 usecs
[    2.161486] calling  drbg_init+0x0/0x7c @ 1
[    2.163084] initcall drbg_init+0x0/0x7c returned 0 after 0 usecs
[    2.163485] calling  ghash_mod_init+0x0/0xc @ 1
[    2.164586] initcall ghash_mod_init+0x0/0xc returned 0 after 0 usecs
[    2.165485] calling  init_bio+0x0/0x9a @ 1
[    2.167192] initcall init_bio+0x0/0x9a returned 0 after 0 usecs
[    2.167491] calling  blk_settings_init+0x0/0x29 @ 1
[    2.168487] initcall blk_settings_init+0x0/0x29 returned 0 after 0 usecs
[    2.169490] calling  blk_ioc_init+0x0/0x29 @ 1
[    2.170532] initcall blk_ioc_init+0x0/0x29 returned 0 after 0 usecs
[    2.171489] calling  blk_mq_init+0x0/0x96 @ 1
[    2.172523] initcall blk_mq_init+0x0/0x96 returned 0 after 0 usecs
[    2.173488] calling  genhd_device_init+0x0/0x75 @ 1
[    2.177523] initcall genhd_device_init+0x0/0x75 returned 0 after 2929 usecs
[    2.178546] calling  pci_slot_init+0x0/0x40 @ 1
[    2.179658] initcall pci_slot_init+0x0/0x40 returned 0 after 0 usecs
[    2.180490] calling  fbmem_init+0x0/0xd8 @ 1
[    2.183511] initcall fbmem_init+0x0/0xd8 returned 0 after 1953 usecs
[    2.184488] calling  acpi_init+0x0/0x316 @ 1
[    2.186128] ACPI: Added _OSI(Module Device)
[    2.186486] ACPI: Added _OSI(Processor Device)
[    2.187486] ACPI: Added _OSI(3.0 _SCP Extensions)
[    2.188486] ACPI: Added _OSI(Processor Aggregator Device)
[    2.189487] ACPI: Added _OSI(Linux-Dell-Video)
[    2.190486] ACPI: Added _OSI(Linux-Lenovo-NV-HDMI-Audio)
[    2.191488] ACPI: Added _OSI(Linux-HPI-Hybrid-Graphics)
[    2.197727] ACPI: 1 ACPI AML tables successfully acquired and loaded
[    2.204729] ACPI: Interpreter enabled
[    2.206628] ACPI: (supports S0 S3 S4 S5)
[    2.207500] ACPI: Using IOAPIC for interrupt routing
[    2.208796] PCI: Using host bridge windows from ACPI; if necessary, use "pci=nocrs" and report a bug
[    2.211273] ACPI: Enabled 2 GPEs in block 00 to 3F
[    2.223016] ACPI: PCI Root Bridge [PCI0] (domain 0000 [bus 00-ff])
[    2.223695] acpi PNP0A08:00: _OSC: OS supports [ExtendedConfig ASPM ClockPM Segments MSI HPX-Type3]
[    2.225688] acpi PNP0A08:00: _OSC: platform does not support [LTR]
[    2.227505] acpi PNP0A08:00: _OSC: OS now controls [PME PCIeCapability]
[    2.229810] PCI host bridge to bus 0000:00
[    2.230518] pci_bus 0000:00: root bus resource [io  0x0000-0x0cf7 window]
[    2.231487] pci_bus 0000:00: root bus resource [io  0x0d00-0xffff window]
[    2.232485] pci_bus 0000:00: root bus resource [mem 0x000a0000-0x000bffff window]
[    2.233485] pci_bus 0000:00: root bus resource [mem 0x20000000-0xafffffff window]
[    2.234500] pci_bus 0000:00: root bus resource [mem 0xc0000000-0xfebfffff window]
[    2.235506] pci_bus 0000:00: root bus resource [mem 0x100000000-0x8ffffffff window]
[    2.236487] pci_bus 0000:00: root bus resource [bus 00-ff]
[    2.238798] pci 0000:00:00.0: calling  quirk_mmio_always_on+0x0/0x10 @ 1
[    2.239543] pci 0000:00:00.0: quirk_mmio_always_on+0x0/0x10 took 0 usecs
[    2.240487] pci 0000:00:00.0: [8086:29c0] type 00 class 0x060000
[    2.245263] pci 0000:00:00.0: calling  quirk_igfx_skip_te_disable+0x0/0x80 @ 1
[    2.245538] pci 0000:00:00.0: quirk_igfx_skip_te_disable+0x0/0x80 took 0 usecs
[    2.251281] pci 0000:00:01.0: [1234:1111] type 00 class 0x030000
[    2.256477] pci 0000:00:01.0: reg 0x10: [mem 0xfd000000-0xfdffffff pref]
[    2.266477] pci 0000:00:01.0: reg 0x18: [mem 0xfebf0000-0xfebf0fff]
[    2.281396] pci 0000:00:01.0: reg 0x30: [mem 0xfebe0000-0xfebeffff pref]
[    2.285841] pci 0000:00:01.0: calling  efifb_fixup_resources+0x0/0xf0 @ 1
[    2.286537] pci 0000:00:01.0: efifb_fixup_resources+0x0/0xf0 took 0 usecs
[    2.298264] pci 0000:00:1f.0: [8086:2918] type 00 class 0x060100
[    2.304804] pci 0000:00:1f.0: calling  quirk_ich7_lpc+0x0/0x60 @ 1
[    2.305762] pci 0000:00:1f.0: quirk: [io  0x0600-0x067f] claimed by ICH6 ACPI/GPIO/TCO
[    2.306913] pci 0000:00:1f.0: quirk_ich7_lpc+0x0/0x60 took 976 usecs
[    2.307587] pci 0000:00:1f.0: calling  quirk_igfx_skip_te_disable+0x0/0x80 @ 1
[    2.308530] pci 0000:00:1f.0: quirk_igfx_skip_te_disable+0x0/0x80 took 0 usecs
[    2.312277] pci 0000:00:1f.2: [8086:2922] type 00 class 0x010601
[    2.324487] pci 0000:00:1f.2: reg 0x20: [io  0xc040-0xc05f]
[    2.326485] pci 0000:00:1f.2: reg 0x24: [mem 0xfebf1000-0xfebf1fff]
[    2.329115] pci 0000:00:1f.2: calling  quirk_igfx_skip_te_disable+0x0/0x80 @ 1
[    2.329491] pci 0000:00:1f.2: quirk_igfx_skip_te_disable+0x0/0x80 took 0 usecs
[    2.334152] pci 0000:00:1f.3: [8086:2930] type 00 class 0x0c0500
[    2.341020] pci 0000:00:1f.3: reg 0x20: [io  0x0700-0x073f]
[    2.344288] pci 0000:00:1f.3: calling  quirk_igfx_skip_te_disable+0x0/0x80 @ 1
[    2.344494] pci 0000:00:1f.3: quirk_igfx_skip_te_disable+0x0/0x80 took 0 usecs
[    2.347384] pci_bus 0000:00: on NUMA node 0
[    2.357322] ACPI: PCI Interrupt Link [LNKA] (IRQs 5 *10 11)
[    2.359905] ACPI: PCI Interrupt Link [LNKB] (IRQs 5 *10 11)
[    2.361119] ACPI: PCI Interrupt Link [LNKC] (IRQs 5 10 *11)
[    2.362122] ACPI: PCI Interrupt Link [LNKD] (IRQs 5 10 *11)
[    2.363727] ACPI: PCI Interrupt Link [LNKE] (IRQs 5 *10 11)
[    2.365676] ACPI: PCI Interrupt Link [LNKF] (IRQs 5 *10 11)
[    2.367720] ACPI: PCI Interrupt Link [LNKG] (IRQs 5 10 *11)
[    2.369731] ACPI: PCI Interrupt Link [LNKH] (IRQs 5 10 *11)
[    2.370799] ACPI: PCI Interrupt Link [GSIA] (IRQs *16)
[    2.371546] ACPI: PCI Interrupt Link [GSIB] (IRQs *17)
[    2.372555] ACPI: PCI Interrupt Link [GSIC] (IRQs *18)
[    2.373545] ACPI: PCI Interrupt Link [GSID] (IRQs *19)
[    2.374548] ACPI: PCI Interrupt Link [GSIE] (IRQs *20)
[    2.376557] ACPI: PCI Interrupt Link [GSIF] (IRQs *21)
[    2.377567] ACPI: PCI Interrupt Link [GSIG] (IRQs *22)
[    2.378568] ACPI: PCI Interrupt Link [GSIH] (IRQs *23)
[    2.383297] initcall acpi_init+0x0/0x316 returned 0 after 192382 usecs
[    2.383681] calling  pnp_init+0x0/0xc @ 1
[    2.384609] initcall pnp_init+0x0/0xc returned 0 after 0 usecs
[    2.385488] calling  misc_init+0x0/0xbf @ 1
[    2.386990] initcall misc_init+0x0/0xbf returned 0 after 0 usecs
[    2.387488] calling  iommu_subsys_init+0x0/0x4e @ 1
[    2.388599] iommu: Default domain type: Translated 
[    2.389492] initcall iommu_subsys_init+0x0/0x4e returned 0 after 976 usecs
[    2.390492] calling  vga_arb_device_init+0x0/0x261 @ 1
[    2.395425] pci 0000:00:01.0: vgaarb: setting as boot VGA device
[    2.395477] pci 0000:00:01.0: vgaarb: VGA device added: decodes=io+mem,owns=io+mem,locks=none
[    2.395487] pci 0000:00:01.0: vgaarb: bridge control possible
[    2.396486] vgaarb: loaded
[    2.397492] initcall vga_arb_device_init+0x0/0x261 returned 0 after 5859 usecs
[    2.398580] calling  cn_init+0x0/0xf0 @ 1
[    2.400111] initcall cn_init+0x0/0xf0 returned 0 after 0 usecs
[    2.400490] calling  dma_buf_init+0x0/0xad @ 1
[    2.404696] initcall dma_buf_init+0x0/0xad returned 0 after 2929 usecs
[    2.405487] calling  dma_resv_lockdep+0x0/0x27f @ 1
[    2.407616] initcall dma_resv_lockdep+0x0/0x27f returned 0 after 976 usecs
[    2.408487] calling  init_scsi+0x0/0x79 @ 1
[    2.412908] SCSI subsystem initialized
[    2.413487] initcall init_scsi+0x0/0x79 returned 0 after 3906 usecs
[    2.414486] calling  ata_init+0x0/0x332 @ 1
[    2.429369] libata version 3.00 loaded.
[    2.430490] initcall ata_init+0x0/0x332 returned 0 after 14648 usecs
[    2.431490] calling  phy_init+0x0/0x250 @ 1
[    2.437486] initcall phy_init+0x0/0x250 returned 0 after 4882 usecs
[    2.438487] calling  init_pcmcia_cs+0x0/0x35 @ 1
[    2.439602] initcall init_pcmcia_cs+0x0/0x35 returned 0 after 0 usecs
[    2.440487] calling  usb_common_init+0x0/0x1c @ 1
[    2.441553] initcall usb_common_init+0x0/0x1c returned 0 after 0 usecs
[    2.442486] calling  usb_init+0x0/0x12e @ 1
[    2.444937] ACPI: bus type USB registered
[    2.447775] usbcore: registered new interface driver usbfs
[    2.448620] usbcore: registered new interface driver hub
[    2.449539] usbcore: registered new device driver usb
[    2.450491] initcall usb_init+0x0/0x12e returned 0 after 6835 usecs
[    2.451488] calling  serio_init+0x0/0x29 @ 1
[    2.452591] initcall serio_init+0x0/0x29 returned 0 after 0 usecs
[    2.453486] calling  input_init+0x0/0xf6 @ 1
[    2.454619] initcall input_init+0x0/0xf6 returned 0 after 0 usecs
[    2.455487] calling  rtc_init+0x0/0x4d @ 1
[    2.456555] initcall rtc_init+0x0/0x4d returned 0 after 0 usecs
[    2.457485] calling  pps_init+0x0/0xa9 @ 1
[    2.458500] pps_core: LinuxPPS API ver. 1 registered
[    2.459483] pps_core: Software ver. 5.3.6 - Copyright 2005-2007 Rodolfo Giometti <giometti@linux.it>
[    2.460503] initcall pps_init+0x0/0xa9 returned 0 after 1953 usecs
[    2.461487] calling  ptp_init+0x0/0x98 @ 1
[    2.463502] PTP clock support registered
[    2.464488] initcall ptp_init+0x0/0x98 returned 0 after 1953 usecs
[    2.465490] calling  power_supply_class_init+0x0/0x3f @ 1
[    2.467658] initcall power_supply_class_init+0x0/0x3f returned 0 after 976 usecs
[    2.468487] calling  hwmon_init+0x0/0x104 @ 1
[    2.470507] initcall hwmon_init+0x0/0x104 returned 0 after 976 usecs
[    2.471486] calling  md_init+0x0/0x16b @ 1
[    2.473052] initcall md_init+0x0/0x16b returned 0 after 0 usecs
[    2.473486] calling  leds_init+0x0/0x3b @ 1
[    2.474589] initcall leds_init+0x0/0x3b returned 0 after 0 usecs
[    2.475485] calling  dmi_init+0x0/0x113 @ 1
[    2.476713] initcall dmi_init+0x0/0x113 returned 0 after 0 usecs
[    2.477485] calling  efisubsys_init+0x0/0x4e6 @ 1
[    2.478509] initcall efisubsys_init+0x0/0x4e6 returned 0 after 0 usecs
[    2.479536] calling  nvmem_init+0x0/0xc @ 1
[    2.481510] initcall nvmem_init+0x0/0xc returned 0 after 976 usecs
[    2.482486] calling  init_soundcore+0x0/0x33 @ 1
[    2.484611] initcall init_soundcore+0x0/0x33 returned 0 after 0 usecs
[    2.485487] calling  alsa_sound_init+0x0/0x8f @ 1
[    2.488193] Advanced Linux Sound Architecture Driver Initialized.
[    2.488486] initcall alsa_sound_init+0x0/0x8f returned 0 after 1953 usecs
[    2.489485] calling  alsa_seq_device_init+0x0/0x71 @ 1
[    2.490814] initcall alsa_seq_device_init+0x0/0x71 returned 0 after 0 usecs
[    2.491486] calling  hda_bus_init+0x0/0xc @ 1
[    2.492681] initcall hda_bus_init+0x0/0xc returned 0 after 0 usecs
[    2.493486] calling  proto_init+0x0/0xc @ 1
[    2.494540] initcall proto_init+0x0/0xc returned 0 after 0 usecs
[    2.495487] calling  net_dev_init+0x0/0x231 @ 1
[    2.510228] initcall net_dev_init+0x0/0x231 returned 0 after 12695 usecs
[    2.510490] calling  neigh_init+0x0/0x84 @ 1
[    2.511631] initcall neigh_init+0x0/0x84 returned 0 after 0 usecs
[    2.512486] calling  fib_notifier_init+0x0/0xc @ 1
[    2.513492] initcall fib_notifier_init+0x0/0xc returned 0 after 0 usecs
[    2.514485] calling  fib_rules_init+0x0/0xab @ 1
[    2.515758] initcall fib_rules_init+0x0/0xab returned 0 after 0 usecs
[    2.516485] calling  pktsched_init+0x0/0x10e @ 1
[    2.518597] initcall pktsched_init+0x0/0x10e returned 0 after 976 usecs
[    2.519489] calling  tc_filter_init+0x0/0xfa @ 1
[    2.520770] initcall tc_filter_init+0x0/0xfa returned 0 after 0 usecs
[    2.521488] calling  tc_action_init+0x0/0x54 @ 1
[    2.522496] initcall tc_action_init+0x0/0x54 returned 0 after 0 usecs
[    2.523491] calling  ethnl_init+0x0/0x52 @ 1
[    2.525717] initcall ethnl_init+0x0/0x52 returned 0 after 976 usecs
[    2.526703] calling  nexthop_init+0x0/0xd8 @ 1
[    2.528986] initcall nexthop_init+0x0/0xd8 returned 0 after 976 usecs
[    2.529641] calling  cipso_v4_init+0x0/0x8d @ 1
[    2.531032] initcall cipso_v4_init+0x0/0x8d returned 0 after 0 usecs
[    2.531488] calling  ieee80211_init+0x0/0x24 @ 1
[    2.532829] initcall ieee80211_init+0x0/0x24 returned 0 after 0 usecs
[    2.533486] calling  netlbl_init+0x0/0x78 @ 1
[    2.534482] NetLabel: Initializing
[    2.535482] NetLabel:  domain hash size = 128
[    2.536481] NetLabel:  protocols = UNLABELED CIPSOv4 CALIPSO
[    2.537770] NetLabel:  unlabeled traffic allowed by default
[    2.538487] initcall netlbl_init+0x0/0x78 returned 0 after 3906 usecs
[    2.539486] calling  rfkill_init+0x0/0x136 @ 1
[    2.541836] initcall rfkill_init+0x0/0x136 returned 0 after 976 usecs
[    2.542485] calling  pci_subsys_init+0x0/0x66 @ 1
[    2.543538] PCI: Using ACPI for IRQ routing
[    3.342790] PCI: pci_cache_line_size set to 64 bytes
[    3.345665] e820: reserve RAM buffer [mem 0x0009fc00-0x0009ffff]
[    3.347485] e820: reserve RAM buffer [mem 0x1ffdf000-0x1fffffff]
[    3.348962] initcall pci_subsys_init+0x0/0x66 returned 0 after 786132 usecs
[    3.361934] calling  nmi_warning_debugfs+0x0/0x26 @ 1
[    3.363303] initcall nmi_warning_debugfs+0x0/0x26 returned 0 after 0 usecs
[    3.363584] calling  save_microcode_in_initrd+0x0/0x51 @ 1
[    3.364630] initcall save_microcode_in_initrd+0x0/0x51 returned 0 after 0 usecs
[    3.365491] calling  hpet_late_init+0x0/0x1f6 @ 1
[    3.368851] hpet: 3 channels of 0 reserved for per-cpu timers
[    3.370715] hpet0: at MMIO 0xfed00000, IRQs 2, 8, 0
[    3.371484] hpet0: 3 comparators, 64-bit 100.000000 MHz counter
[    3.376490] initcall hpet_late_init+0x0/0x1f6 returned 0 after 9765 usecs
[    3.377494] calling  init_amd_nbs+0x0/0x11c @ 1
[    3.378755] initcall init_amd_nbs+0x0/0x11c returned 0 after 0 usecs
[    3.379590] calling  clocksource_done_booting+0x0/0x43 @ 1
[    3.380728] clocksource: Switched to clocksource kvm-clock
[    3.390210] initcall clocksource_done_booting+0x0/0x43 returned 0 after 9497 usecs
[    3.401644] calling  tracer_init_tracefs+0x0/0x201 @ 1
[    3.906872] initcall tracer_init_tracefs+0x0/0x201 returned 0 after 485107 usecs
[    3.917070] calling  init_trace_printk_function_export+0x0/0x2c @ 1
[    3.924829] initcall init_trace_printk_function_export+0x0/0x2c returned 0 after 13 usecs
[    3.934769] calling  init_kprobe_trace+0x0/0x1ab @ 1
[    3.940960] initcall init_kprobe_trace+0x0/0x1ab returned 0 after 42 usecs
[    3.951011] calling  init_dynamic_event+0x0/0x3d @ 1
[    3.956989] initcall init_dynamic_event+0x0/0x3d returned 0 after 18 usecs
[    3.965301] calling  init_uprobe_trace+0x0/0x5c @ 1
[    3.971438] initcall init_uprobe_trace+0x0/0x5c returned 0 after 64 usecs
[    3.979697] calling  init_pipe_fs+0x0/0x44 @ 1
[    3.987339] initcall init_pipe_fs+0x0/0x44 returned 0 after 2083 usecs
[    3.995399] calling  inotify_user_setup+0x0/0x47 @ 1
[    4.002525] initcall inotify_user_setup+0x0/0x47 returned 0 after 624 usecs
[    4.012473] calling  eventpoll_init+0x0/0xeb @ 1
[    4.019473] initcall eventpoll_init+0x0/0xeb returned 0 after 86 usecs
[    4.029081] calling  anon_inode_init+0x0/0x58 @ 1
[    4.036450] initcall anon_inode_init+0x0/0x58 returned 0 after 456 usecs
[    4.046217] calling  proc_locks_init+0x0/0x27 @ 1
[    4.053431] initcall proc_locks_init+0x0/0x27 returned 0 after 284 usecs
[    4.063152] calling  iomap_init+0x0/0x1b @ 1
[    4.070641] initcall iomap_init+0x0/0x1b returned 0 after 1183 usecs
[    4.078240] calling  dquot_init+0x0/0xd7 @ 1
[    4.083396] VFS: Disk quotas dquot_6.6.0
[    4.088453] VFS: Dquot-cache hash table entries: 512 (order 0, 4096 bytes)
[    4.096577] initcall dquot_init+0x0/0xd7 returned 0 after 12889 usecs
[    4.104158] calling  quota_init+0x0/0x23 @ 1
[    4.110028] initcall quota_init+0x0/0x23 returned 0 after 660 usecs
[    4.117558] calling  proc_cmdline_init+0x0/0x21 @ 1
[    4.123442] initcall proc_cmdline_init+0x0/0x21 returned 0 after 60 usecs
[    4.131499] calling  proc_consoles_init+0x0/0x24 @ 1
[    4.137425] initcall proc_consoles_init+0x0/0x24 returned 0 after 6 usecs
[    4.145364] calling  proc_cpuinfo_init+0x0/0x1e @ 1
[    4.151228] initcall proc_cpuinfo_init+0x0/0x1e returned 0 after 6 usecs
[    4.159168] calling  proc_devices_init+0x0/0x24 @ 1
[    4.165098] initcall proc_devices_init+0x0/0x24 returned 0 after 5 usecs
[    4.173045] calling  proc_interrupts_init+0x0/0x24 @ 1
[    4.179223] initcall proc_interrupts_init+0x0/0x24 returned 0 after 5 usecs
[    4.187620] calling  proc_loadavg_init+0x0/0x21 @ 1
[    4.193662] initcall proc_loadavg_init+0x0/0x21 returned 0 after 5 usecs
[    4.201613] calling  proc_meminfo_init+0x0/0x21 @ 1
[    4.207438] initcall proc_meminfo_init+0x0/0x21 returned 0 after 5 usecs
[    4.215428] calling  proc_stat_init+0x0/0x1e @ 1
[    4.221103] initcall proc_stat_init+0x0/0x1e returned 0 after 5 usecs
[    4.228693] calling  proc_uptime_init+0x0/0x21 @ 1
[    4.235699] initcall proc_uptime_init+0x0/0x21 returned 0 after 5 usecs
[    4.243347] calling  proc_version_init+0x0/0x21 @ 1
[    4.249101] initcall proc_version_init+0x0/0x21 returned 0 after 4 usecs
[    4.256890] calling  proc_softirqs_init+0x0/0x21 @ 1
[    4.262632] initcall proc_softirqs_init+0x0/0x21 returned 0 after 5 usecs
[    4.270283] calling  proc_kcore_init+0x0/0xea @ 1
[    4.275865] initcall proc_kcore_init+0x0/0xea returned 0 after 181 usecs
[    4.283474] calling  vmcore_init+0x0/0x57b @ 1
[    4.288692] initcall vmcore_init+0x0/0x57b returned 0 after 27 usecs
[    4.295978] calling  proc_kmsg_init+0x0/0x21 @ 1
[    4.301348] initcall proc_kmsg_init+0x0/0x21 returned 0 after 5 usecs
[    4.308710] calling  proc_page_init+0x0/0x3b @ 1
[    4.314061] initcall proc_page_init+0x0/0x3b returned 0 after 22 usecs
[    4.323321] calling  init_ramfs_fs+0x0/0xc @ 1
[    4.329801] initcall init_ramfs_fs+0x0/0xc returned 0 after 21 usecs
[    4.338903] calling  init_hugetlbfs_fs+0x0/0xf6 @ 1
[    4.346322] initcall init_hugetlbfs_fs+0x0/0xf6 returned 0 after 516 usecs
[    4.355723] calling  blk_scsi_ioctl_init+0x0/0x2a5 @ 1
[    4.363245] initcall blk_scsi_ioctl_init+0x0/0x2a5 returned 0 after 37 usecs
[    4.373465] calling  acpi_event_init+0x0/0x2c @ 1
[    4.379733] initcall acpi_event_init+0x0/0x2c returned 0 after 177 usecs
[    4.387623] calling  pnp_system_init+0x0/0xc @ 1
[    4.393886] initcall pnp_system_init+0x0/0xc returned 0 after 792 usecs
[    4.401595] calling  pnpacpi_init+0x0/0x69 @ 1
[    4.406856] pnp: PnP ACPI init
[    4.413785] pnp 00:00: Plug and Play ACPI device, IDs PNP0303 (active)
[    4.421633] pnp 00:01: Plug and Play ACPI device, IDs PNP0f13 (active)
[    4.429396] pnp 00:02: Plug and Play ACPI device, IDs PNP0400 (active)
[    4.437283] pnp 00:03: Plug and Play ACPI device, IDs PNP0501 (active)
[    4.444970] pnp 00:04: Plug and Play ACPI device, IDs PNP0b00 (active)
[    4.453670] system 00:05: [mem 0xb0000000-0xbfffffff window] has been reserved
[    4.462062] system 00:05: Plug and Play ACPI device, IDs PNP0c01 (active)
[    4.479727] pnp: PnP ACPI: found 6 devices
[    4.485044] initcall pnpacpi_init+0x0/0x69 returned 0 after 76024 usecs
[    4.492735] calling  chr_dev_init+0x0/0x14d @ 1
[    4.517997] initcall chr_dev_init+0x0/0x14d returned 0 after 19534 usecs
[    4.529837] calling  firmware_class_init+0x0/0x14a @ 1
[    4.536159] initcall firmware_class_init+0x0/0x14a returned 0 after 206 usecs
[    4.545945] calling  init_pcmcia_bus+0x0/0x5b @ 1
[    4.553275] initcall init_pcmcia_bus+0x0/0x5b returned 0 after 488 usecs
[    4.562870] calling  init_acpi_pm_clocksource+0x0/0xda @ 1
[    4.575998] clocksource: acpi_pm: mask: 0xffffff max_cycles: 0xffffff, max_idle_ns: 2085701024 ns
[    4.587932] initcall init_acpi_pm_clocksource+0x0/0xda returned 0 after 17145 usecs
[    4.596813] calling  sysctl_core_init+0x0/0x26 @ 1
[    4.603202] initcall sysctl_core_init+0x0/0x26 returned 0 after 260 usecs
[    4.613008] calling  eth_offload_init+0x0/0x13 @ 1
[    4.620393] initcall eth_offload_init+0x0/0x13 returned 0 after 243 usecs
[    4.630169] calling  ipv4_offload_init+0x0/0x73 @ 1
[    4.636035] initcall ipv4_offload_init+0x0/0x73 returned 0 after 86 usecs
[    4.645798] calling  inet_init+0x0/0x276 @ 1
[    4.653302] NET: Registered protocol family 2
[    4.659338] IP idents hash table entries: 8192 (order: 4, 65536 bytes, linear)
[    4.671841] tcp_listen_portaddr_hash hash table entries: 256 (order: 2, 20480 bytes, linear)
[    4.681741] TCP established hash table entries: 4096 (order: 3, 32768 bytes, linear)
[    4.690631] TCP bind hash table entries: 4096 (order: 6, 294912 bytes, linear)
[    4.700960] TCP: Hash tables configured (established 4096 bind 4096)
[    4.708731] UDP hash table entries: 256 (order: 3, 40960 bytes, linear)
[    4.716475] UDP-Lite hash table entries: 256 (order: 3, 40960 bytes, linear)
[    4.724740] initcall inet_init+0x0/0x276 returned 0 after 71054 usecs
[    4.732004] calling  af_unix_init+0x0/0x4d @ 1
[    4.737181] NET: Registered protocol family 1
[    4.742155] initcall af_unix_init+0x0/0x4d returned 0 after 4889 usecs
[    4.749463] calling  ipv6_offload_init+0x0/0x7e @ 1
[    4.755119] initcall ipv6_offload_init+0x0/0x7e returned 0 after 19 usecs
[    4.763378] calling  init_sunrpc+0x0/0x65 @ 1
[    4.771574] RPC: Registered named UNIX socket transport module.
[    4.778616] RPC: Registered udp transport module.
[    4.784149] RPC: Registered tcp transport module.
[    4.789551] RPC: Registered tcp NFSv4.1 backchannel transport module.
[    4.797599] initcall init_sunrpc+0x0/0x65 returned 0 after 28348 usecs
[    4.805684] calling  cfg80211_init+0x0/0xc5 @ 1
[    4.817867] initcall cfg80211_init+0x0/0xc5 returned 0 after 5435 usecs
[    4.825429] calling  pcibios_assign_resources+0x0/0xbf @ 1
[    4.831999] pci_bus 0000:00: resource 4 [io  0x0000-0x0cf7 window]
[    4.839035] pci_bus 0000:00: resource 5 [io  0x0d00-0xffff window]
[    4.846639] pci_bus 0000:00: resource 6 [mem 0x000a0000-0x000bffff window]
[    4.855012] pci_bus 0000:00: resource 7 [mem 0x20000000-0xafffffff window]
[    4.864490] pci_bus 0000:00: resource 8 [mem 0xc0000000-0xfebfffff window]
[    4.873960] pci_bus 0000:00: resource 9 [mem 0x100000000-0x8ffffffff window]
[    4.883835] initcall pcibios_assign_resources+0x0/0xbf returned 0 after 50927 usecs
[    4.893486] calling  pci_apply_final_quirks+0x0/0x124 @ 1
[    4.899782] pci 0000:00:01.0: calling  pci_fixup_video+0x0/0xe0 @ 1
[    4.906852] pci 0000:00:01.0: Video device with shadowed ROM at [mem 0x000c0000-0x000dffff]
[    4.915813] pci 0000:00:01.0: pci_fixup_video+0x0/0xe0 took 9039 usecs
[    4.923122] PCI: CLS 0 bytes, default 64
[    4.927397] initcall pci_apply_final_quirks+0x0/0x124 returned 0 after 27382 usecs
[    4.935818] calling  acpi_reserve_resources+0x0/0xea @ 1
[    4.941770] initcall acpi_reserve_resources+0x0/0xea returned 0 after 48 usecs
[    4.951193] calling  populate_rootfs+0x0/0x102 @ 1
[    4.958183] initcall populate_rootfs+0x0/0x102 returned 0 after 1693 usecs
[    4.965984] calling  pci_iommu_init+0x0/0x3e @ 1
[    4.971267] initcall pci_iommu_init+0x0/0x3e returned 0 after 127 usecs
[    4.982124] calling  ia32_binfmt_init+0x0/0x13 @ 1
[    4.987715] initcall ia32_binfmt_init+0x0/0x13 returned 0 after 37 usecs
[    4.995215] calling  rapl_pmu_init+0x0/0x25f @ 1
[    5.000698] initcall rapl_pmu_init+0x0/0x25f returned -19 after 223 usecs
[    5.008821] calling  amd_uncore_init+0x0/0x310 @ 1
[    5.014753] initcall amd_uncore_init+0x0/0x310 returned -19 after 0 usecs
[    5.022829] calling  amd_ibs_init+0x0/0x24b @ 1
[    5.029216] initcall amd_ibs_init+0x0/0x24b returned -19 after 0 usecs
[    5.038177] calling  amd_iommu_pc_init+0x0/0x22b @ 1
[    5.045259] initcall amd_iommu_pc_init+0x0/0x22b returned -19 after 47 usecs
[    5.055214] calling  msr_init+0x0/0x55 @ 1
[    5.061390] initcall msr_init+0x0/0x55 returned 0 after 325 usecs
[    5.070035] calling  intel_uncore_init+0x0/0x322 @ 1
[    5.077082] initcall intel_uncore_init+0x0/0x322 returned -19 after 38 usecs
[    5.085630] calling  cstate_pmu_init+0x0/0x181 @ 1
[    5.091014] initcall cstate_pmu_init+0x0/0x181 returned -19 after 0 usecs
[    5.098698] calling  register_kernel_offset_dumper+0x0/0x1a @ 1
[    5.105325] initcall register_kernel_offset_dumper+0x0/0x1a returned 0 after 28 usecs
[    5.114046] calling  i8259A_init_ops+0x0/0x20 @ 1
[    5.119359] initcall i8259A_init_ops+0x0/0x20 returned 0 after 2 usecs
[    5.126711] calling  init_tsc_clocksource+0x0/0xa4 @ 1
[    5.132535] clocksource: tsc: mask: 0xffffffffffffffff max_cycles: 0x39a85afc727, max_idle_ns: 881590685098 ns
[    5.143555] initcall init_tsc_clocksource+0x0/0xa4 returned 0 after 10760 usecs
[    5.151548] calling  add_rtc_cmos+0x0/0xb0 @ 1
[    5.156677] initcall add_rtc_cmos+0x0/0xb0 returned 0 after 64 usecs
[    5.163661] calling  i8237A_init_ops+0x0/0x3a @ 1
[    5.169055] initcall i8237A_init_ops+0x0/0x3a returned 0 after 96 usecs
[    5.176437] calling  umwait_init+0x0/0x94 @ 1
[    5.181378] initcall umwait_init+0x0/0x94 returned -19 after 17 usecs
[    5.188588] calling  thermal_throttle_init_device+0x0/0x3d @ 1
[    5.195253] initcall thermal_throttle_init_device+0x0/0x3d returned 0 after 26 usecs
[    5.204077] calling  msr_init+0x0/0xd7 @ 1
[    5.212505] initcall msr_init+0x0/0xd7 returned 0 after 3374 usecs
[    5.219550] calling  cpuid_init+0x0/0xd7 @ 1
[    5.224671] initcall cpuid_init+0x0/0xd7 returned 0 after 253 usecs
[    5.231698] calling  ioapic_init_ops+0x0/0x13 @ 1
[    5.237024] initcall ioapic_init_ops+0x0/0x13 returned 0 after 21 usecs
[    5.244337] calling  add_pcspkr+0x0/0x6c @ 1
[    5.249267] initcall add_pcspkr+0x0/0x6c returned 0 after 92 usecs
[    5.256310] calling  start_periodic_check_for_corruption+0x0/0x30 @ 1
[    5.263497] check: Scanning for low memory corruption every 60 seconds
[    5.270826] initcall start_periodic_check_for_corruption+0x0/0x30 returned 0 after 7192 usecs
[    5.280252] calling  sysfb_init+0x0/0x9c @ 1
[    5.285294] initcall sysfb_init+0x0/0x9c returned 0 after 189 usecs
[    5.292339] calling  audit_classes_init+0x0/0xae @ 1
[    5.297986] initcall audit_classes_init+0x0/0xae returned 0 after 36 usecs
[    5.305609] calling  iosf_mbi_init+0x0/0x24 @ 1
[    5.311234] initcall iosf_mbi_init+0x0/0x24 returned 0 after 384 usecs
[    5.318880] calling  proc_execdomains_init+0x0/0x21 @ 1
[    5.324952] initcall proc_execdomains_init+0x0/0x21 returned 0 after 77 usecs
[    5.333091] calling  register_warn_debugfs+0x0/0x23 @ 1
[    5.339113] initcall register_warn_debugfs+0x0/0x23 returned 0 after 32 usecs
[    5.347150] calling  ioresources_init+0x0/0x49 @ 1
[    5.353673] initcall ioresources_init+0x0/0x49 returned 0 after 43 usecs
[    5.361362] calling  lockdep_proc_init+0x0/0x64 @ 1
[    5.367156] initcall lockdep_proc_init+0x0/0x64 returned 0 after 272 usecs
[    5.374739] calling  snapshot_device_init+0x0/0xc @ 1
[    5.383254] initcall snapshot_device_init+0x0/0xc returned 0 after 2717 usecs
[    5.391338] calling  irq_pm_init_ops+0x0/0x13 @ 1
[    5.396859] initcall irq_pm_init_ops+0x0/0x13 returned 0 after 66 usecs
[    5.404210] calling  rcu_torture_init+0x0/0x9d5 @ 1
[    5.409778] rcu-torture:--- Start of test: nreaders=1 nfakewriters=4 stat_interval=15 verbose=1 test_no_idle_hz=1 shuffle_interval=3 stutter=5 irqreader=1 fqs_duration=0 fqs_holdoff=0 fqs_stutter=3 test_boost=1/0 test_boost_interval=7 test_boost_duration=4 shutdown_secs=1800 stall_cpu=0 stall_cpu_holdoff=10 stall_cpu_irqsoff=0 stall_cpu_block=0 n_barrier_cbs=4 onoff_interval=0 onoff_holdoff=0 read_exit_delay=13 read_exit_burst=16
[    5.451392] rcu:  Start-test grace-period state: g0 f0x0
[    5.457335] rcu-torture: Creating rcu_torture_writer task
[    5.463680] rcu-torture: Creating rcu_torture_fakewriter task
[    5.470280] rcu-torture: rcu_torture_writer task started
[    5.476191] rcu-torture: GP expediting controlled from boot/sysfs for rcu.
[    5.483737] rcu_torture_writer: Testing conditional GPs.
[    5.489650] rcu_torture_writer: Testing expedited GPs.
[    5.495373] rcu_torture_writer: Testing asynchronous GPs.
[    5.501311] rcu_torture_writer: Testing normal GPs.
[    5.506684] rcu-torture: Creating rcu_torture_fakewriter task
[    5.513447] rcu-torture: rcu_torture_fakewriter task started
[    5.519786] rcu-torture: Creating rcu_torture_fakewriter task
[    5.526726] rcu-torture: rcu_torture_fakewriter task started
[    5.534947] rcu-torture: Creating rcu_torture_fakewriter task
[    5.541604] rcu-torture: rcu_torture_fakewriter task started
[    5.550739] rcu-torture: Creating rcu_torture_reader task
[    5.558190] rcu-torture: rcu_torture_fakewriter task started
[    5.566783] rcu-torture: Creating rcu_torture_stats task
[    5.573757] rcu-torture: rcu_torture_reader task started
[    5.580905] rcu-torture: Creating torture_shuffle task
[    5.587188] rcu-torture: rcu_torture_stats task started
[    5.593605] rcu-torture: Creating torture_stutter task
[    5.599411] rcu-torture: torture_shuffle task started
[    5.605231] rcu-torture: Creating torture_shutdown task
[    5.611131] rcu-torture: torture_stutter task started
[    5.617674] rcu-torture: Creating rcu_torture_fwd_prog task
[    5.624025] rcu-torture: torture_shutdown task started
[    5.630030] rcu-torture:torture_shutdown task: 1799975 ms remaining
[    5.637806] rcu-torture: Creating rcu_torture_barrier_cbs task
[    5.644619] rcu-torture: rcu_torture_fwd_progress task started
[    5.653372] rcu-torture: Creating rcu_torture_barrier_cbs task
[    5.659954] rcu-torture: rcu_torture_barrier_cbs task started
[    5.666683] rcu-torture: Creating rcu_torture_barrier_cbs task
[    5.673262] rcu-torture: rcu_torture_barrier_cbs task started
[    5.679632] rcu-torture: Creating rcu_torture_barrier_cbs task
[    5.686066] rcu-torture: rcu_torture_barrier_cbs task started
[    5.692987] rcu-torture: Creating rcu_torture_barrier task
[    5.699026] rcu-torture: rcu_torture_barrier_cbs task started
[    5.705426] rcu-torture: Creating rcu_torture_read_exit task
[    5.711594] rcu-torture: rcu_torture_barrier task starting
[    5.718189] initcall rcu_torture_init+0x0/0x9d5 returned 0 after 301279 usecs
[    5.726030] calling  timekeeping_init_ops+0x0/0x13 @ 1
[    5.731987] initcall timekeeping_init_ops+0x0/0x13 returned 0 after 2 usecs
[    5.739873] calling  init_clocksource_sysfs+0x0/0x23 @ 1
[    5.746200] initcall init_clocksource_sysfs+0x0/0x23 returned 0 after 235 usecs
[    5.754638] calling  init_timer_list_procfs+0x0/0x31 @ 1
[    5.760665] initcall init_timer_list_procfs+0x0/0x31 returned 0 after 7 usecs
[    5.768707] calling  alarmtimer_init+0x0/0xf5 @ 1
[    5.774271] initcall alarmtimer_init+0x0/0xf5 returned 0 after 142 usecs
[    5.781899] calling  init_posix_timers+0x0/0x29 @ 1
[    5.787445] initcall init_posix_timers+0x0/0x29 returned 0 after 24 usecs
[    5.795339] calling  clockevents_init_sysfs+0x0/0x8b @ 1
[    5.801670] initcall clockevents_init_sysfs+0x0/0x8b returned 0 after 275 usecs
[    5.809989] calling  proc_dma_init+0x0/0x21 @ 1
[    5.815223] initcall proc_dma_init+0x0/0x21 returned 0 after 18 usecs
[    5.822504] calling  proc_modules_init+0x0/0x1e @ 1
[    5.828139] initcall proc_modules_init+0x0/0x1e returned 0 after 45 usecs
[    5.835779] calling  kallsyms_init+0x0/0x21 @ 1
[    5.840957] initcall kallsyms_init+0x0/0x21 returned 0 after 6 usecs
[    5.848136] calling  pid_namespaces_init+0x0/0x2c @ 1
[    5.853794] initcall pid_namespaces_init+0x0/0x2c returned 0 after 12 usecs
[    5.861565] calling  audit_watch_init+0x0/0x37 @ 1
[    5.867005] initcall audit_watch_init+0x0/0x37 returned 0 after 14 usecs
[    5.874546] calling  audit_fsnotify_init+0x0/0x37 @ 1
[    5.880337] initcall audit_fsnotify_init+0x0/0x37 returned 0 after 3 usecs
[    5.888079] calling  audit_tree_init+0x0/0x6d @ 1
[    5.893486] initcall audit_tree_init+0x0/0x6d returned 0 after 9 usecs
[    5.900917] calling  seccomp_sysctl_init+0x0/0x2b @ 1
[    5.906613] initcall seccomp_sysctl_init+0x0/0x2b returned 0 after 23 usecs
[    5.914575] calling  utsname_sysctl_init+0x0/0x13 @ 1
[    5.921028] initcall utsname_sysctl_init+0x0/0x13 returned 0 after 44 usecs
[    5.929685] calling  init_tracepoints+0x0/0x27 @ 1
[    5.935270] initcall init_tracepoints+0x0/0x27 returned 0 after 26 usecs
[    5.942953] calling  init_blk_tracer+0x0/0x50 @ 1
[    5.948913] initcall init_blk_tracer+0x0/0x50 returned 0 after 521 usecs
[    5.956524] calling  perf_event_sysfs_init+0x0/0x83 @ 1
[    5.964152] initcall perf_event_sysfs_init+0x0/0x83 returned 0 after 837 usecs
[    5.972928] calling  system_trusted_keyring_init+0x0/0x5f @ 1
[    5.979545] Initialise system trusted keyrings
[    5.984798] initcall system_trusted_keyring_init+0x0/0x5f returned 0 after 5127 usecs
[    5.993763] calling  kswapd_init+0x0/0x13 @ 1
[    5.998828] rcu-torture: rcu_torture_read_exit: Start of test
[    6.006012] initcall kswapd_init+0x0/0x13 returned 0 after 7029 usecs
[    6.013363] calling  extfrag_debug_init+0x0/0x54 @ 1
[    6.019169] initcall extfrag_debug_init+0x0/0x54 returned 0 after 33 usecs
[    6.027029] calling  slab_proc_init+0x0/0x21 @ 1
[    6.032498] initcall slab_proc_init+0x0/0x21 returned 0 after 23 usecs
[    6.040037] calling  workingset_init+0x0/0x8c @ 1
[    6.045604] workingset: timestamp_bits=62 max_order=17 bucket_order=0
[    6.053048] initcall workingset_init+0x0/0x8c returned 0 after 7267 usecs
[    6.061621] calling  proc_vmalloc_init+0x0/0x27 @ 1
[    6.067324] initcall proc_vmalloc_init+0x0/0x27 returned 0 after 7 usecs
[    6.075053] calling  procswaps_init+0x0/0x1e @ 1
[    6.080400] initcall procswaps_init+0x0/0x1e returned 0 after 5 usecs
[    6.087731] calling  slab_sysfs_init+0x0/0xec @ 1
[    6.101887] initcall slab_sysfs_init+0x0/0xec returned 0 after 8465 usecs
[    6.109666] calling  fcntl_init+0x0/0x29 @ 1
[    6.114710] initcall fcntl_init+0x0/0x29 returned 0 after 12 usecs
[    6.121842] calling  proc_filesystems_init+0x0/0x21 @ 1
[    6.127967] initcall proc_filesystems_init+0x0/0x21 returned 0 after 6 usecs
[    6.136124] calling  start_dirtytime_writeback+0x0/0x29 @ 1
[    6.143945] initcall start_dirtytime_writeback+0x0/0x29 returned 0 after 2 usecs
[    6.152472] calling  blkdev_init+0x0/0x1b @ 1
[    6.157974] initcall blkdev_init+0x0/0x1b returned 0 after 346 usecs
[    6.165294] calling  dio_init+0x0/0x2c @ 1
[    6.170840] initcall dio_init+0x0/0x2c returned 0 after 135 usecs
[    6.179632] calling  dnotify_init+0x0/0x78 @ 1
[    6.186303] initcall dnotify_init+0x0/0x78 returned 0 after 140 usecs
[    6.195623] calling  aio_setup+0x0/0x78 @ 1
[    6.201307] initcall aio_setup+0x0/0x78 returned 0 after 212 usecs
[    6.209709] calling  io_uring_init+0x0/0x2c @ 1
[    6.216380] initcall io_uring_init+0x0/0x2c returned 0 after 11 usecs
[    6.225653] calling  mbcache_init+0x0/0x30 @ 1
[    6.232304] initcall mbcache_init+0x0/0x30 returned 0 after 132 usecs
[    6.240031] calling  init_grace+0x0/0xc @ 1
[    6.245028] initcall init_grace+0x0/0xc returned 0 after 20 usecs
[    6.252000] calling  init_v2_quota_format+0x0/0x21 @ 1
[    6.258174] initcall init_v2_quota_format+0x0/0x21 returned 0 after 115 usecs
[    6.266424] calling  init_devpts_fs+0x0/0x27 @ 1
[    6.271854] initcall init_devpts_fs+0x0/0x27 returned 0 after 52 usecs
[    6.279348] calling  ext4_init_fs+0x0/0x1c2 @ 1
[    6.285389] initcall ext4_init_fs+0x0/0x1c2 returned 0 after 712 usecs
[    6.292902] calling  journal_init+0x0/0x11c @ 1
[    6.298372] initcall journal_init+0x0/0x11c returned 0 after 181 usecs
[    6.305888] calling  init_fat_fs+0x0/0x49 @ 1
[    6.311131] initcall init_fat_fs+0x0/0x49 returned 0 after 152 usecs
[    6.318443] calling  init_vfat_fs+0x0/0xc @ 1
[    6.323451] initcall init_vfat_fs+0x0/0xc returned 0 after 4 usecs
[    6.330573] calling  init_msdos_fs+0x0/0xc @ 1
[    6.335768] initcall init_msdos_fs+0x0/0xc returned 0 after 3 usecs
[    6.343064] calling  init_iso9660_fs+0x0/0x6c @ 1
[    6.349386] initcall init_iso9660_fs+0x0/0x6c returned 0 after 806 usecs
[    6.357254] calling  init_nfs_fs+0x0/0x13a @ 1
[    6.364330] initcall init_nfs_fs+0x0/0x13a returned 0 after 1809 usecs
[    6.371743] calling  init_nfs_v2+0x0/0x13 @ 1
[    6.377039] initcall init_nfs_v2+0x0/0x13 returned 0 after 143 usecs
[    6.384448] calling  init_nfs_v3+0x0/0x13 @ 1
[    6.389577] initcall init_nfs_v3+0x0/0x13 returned 0 after 76 usecs
[    6.397765] calling  init_nfs_v4+0x0/0x32 @ 1
[    6.404024] NFS: Registering the id_resolver key type
[    6.410144] Key type id_resolver registered
[    6.415140] Key type id_legacy registered
[    6.419877] initcall init_nfs_v4+0x0/0x32 returned 0 after 15541 usecs
[    6.427518] calling  init_nlm+0x0/0x5b @ 1
[    6.432446] initcall init_nlm+0x0/0x5b returned 0 after 74 usecs
[    6.439337] calling  init_nls_cp437+0x0/0xe @ 1
[    6.444759] initcall init_nls_cp437+0x0/0xe returned 0 after 134 usecs
[    6.452318] calling  init_nls_ascii+0x0/0xe @ 1
[    6.457582] initcall init_nls_ascii+0x0/0xe returned 0 after 1 usecs
[    6.464912] calling  init_nls_iso8859_1+0x0/0xe @ 1
[    6.470601] initcall init_nls_iso8859_1+0x0/0xe returned 0 after 1 usecs
[    6.478354] calling  init_nls_utf8+0x0/0x21 @ 1
[    6.489575] initcall init_nls_utf8+0x0/0x21 returned 0 after 277 usecs
[    6.497709] calling  init_autofs_fs+0x0/0x25 @ 1
[    6.510657] initcall init_autofs_fs+0x0/0x25 returned 0 after 7277 usecs
[    6.518577] calling  ipc_init+0x0/0x24 @ 1
[    6.523968] initcall ipc_init+0x0/0x24 returned 0 after 460 usecs
[    6.531254] calling  ipc_sysctl_init+0x0/0x13 @ 1
[    6.537037] initcall ipc_sysctl_init+0x0/0x13 returned 0 after 144 usecs
[    6.544979] calling  init_mqueue_fs+0x0/0xb1 @ 1
[    6.554880] initcall init_mqueue_fs+0x0/0xb1 returned 0 after 4390 usecs
[    6.562939] calling  key_proc_init+0x0/0x63 @ 1
[    6.568390] initcall key_proc_init+0x0/0x63 returned 0 after 21 usecs
[    6.575884] calling  selinux_nf_ip_init+0x0/0x2e @ 1
[    6.582004] initcall selinux_nf_ip_init+0x0/0x2e returned 0 after 62 usecs
[    6.590072] calling  init_sel_fs+0x0/0x116 @ 1
[    6.595287] initcall init_sel_fs+0x0/0x116 returned 0 after 0 usecs
[    6.602844] calling  selnl_init+0x0/0x7c @ 1
[    6.608529] initcall selnl_init+0x0/0x7c returned 0 after 325 usecs
[    6.615919] calling  sel_netif_init+0x0/0x36 @ 1
[    6.621349] initcall sel_netif_init+0x0/0x36 returned 0 after 0 usecs
[    6.628882] calling  sel_netnode_init+0x0/0x33 @ 1
[    6.634550] initcall sel_netnode_init+0x0/0x33 returned 0 after 0 usecs
[    6.642228] calling  sel_netport_init+0x0/0x33 @ 1
[    6.647807] initcall sel_netport_init+0x0/0x33 returned 0 after 0 usecs
[    6.655377] calling  aurule_init+0x0/0x2a @ 1
[    6.660449] initcall aurule_init+0x0/0x2a returned 0 after 3 usecs
[    6.667555] calling  crypto_algapi_init+0x0/0xc @ 1
[    6.673301] initcall crypto_algapi_init+0x0/0xc returned 0 after 22 usecs
[    6.681161] calling  jent_mod_init+0x0/0x2d @ 1
[    6.698916] initcall jent_mod_init+0x0/0x2d returned 0 after 11811 usecs
[    6.707127] calling  asymmetric_key_init+0x0/0xc @ 1
[    6.713097] Key type asymmetric registered
[    6.718184] initcall asymmetric_key_init+0x0/0xc returned 0 after 5022 usecs
[    6.726493] calling  x509_key_init+0x0/0xc @ 1
[    6.732246] Asymmetric key parser 'x509' registered
[    6.738172] initcall x509_key_init+0x0/0xc returned 0 after 6101 usecs
[    6.745790] calling  proc_genhd_init+0x0/0x41 @ 1
[    6.751661] initcall proc_genhd_init+0x0/0x41 returned 0 after 156 usecs
[    6.759435] calling  bsg_init+0x0/0x113 @ 1
[    6.764486] Block layer SCSI generic (bsg) driver version 0.4 loaded (major 251)
[    6.773184] initcall bsg_init+0x0/0x113 returned 0 after 8595 usecs
[    6.780466] calling  deadline_init+0x0/0xc @ 1
[    6.785875] io scheduler mq-deadline registered
[    6.791231] initcall deadline_init+0x0/0xc returned 0 after 5343 usecs
[    6.798798] calling  kyber_init+0x0/0xc @ 1
[    6.803807] io scheduler kyber registered
[    6.808601] initcall kyber_init+0x0/0xc returned 0 after 4719 usecs
[    6.816182] calling  mod_init+0x0/0x7 @ 1
[    6.821127] initcall mod_init+0x0/0x7 returned 0 after 0 usecs
[    6.828260] calling  debug_objects_init_debugfs+0x0/0x3b @ 1
[    6.835399] initcall debug_objects_init_debugfs+0x0/0x3b returned 0 after 263 usecs
[    6.844678] calling  sg_pool_init+0x0/0xb4 @ 1
[    6.850900] initcall sg_pool_init+0x0/0xb4 returned 0 after 827 usecs
[    6.858543] calling  pcie_portdrv_init+0x0/0x39 @ 1
[    6.865004] initcall pcie_portdrv_init+0x0/0x39 returned 0 after 456 usecs
[    6.873198] calling  pci_proc_init+0x0/0x68 @ 1
[    6.878677] initcall pci_proc_init+0x0/0x68 returned 0 after 49 usecs
[    6.886423] calling  pci_hotplug_init+0x0/0x7 @ 1
[    6.892150] initcall pci_hotplug_init+0x0/0x7 returned 0 after 0 usecs
[    6.901419] calling  efifb_driver_init+0x0/0xe @ 1
[    6.907334] initcall efifb_driver_init+0x0/0xe returned 0 after 142 usecs
[    6.915613] calling  ged_driver_init+0x0/0xe @ 1
[    6.921387] initcall ged_driver_init+0x0/0xe returned 0 after 145 usecs
[    6.929571] calling  acpi_ac_init+0x0/0x92 @ 1
[    6.935815] initcall acpi_ac_init+0x0/0x92 returned 0 after 598 usecs
[    6.943533] calling  acpi_button_driver_init+0x0/0x52 @ 1
[    6.951207] input: Power Button as /devices/LNXSYSTM:00/LNXPWRBN:00/input/input0
[    6.961804] ACPI: Power Button [PWRF]
[    6.967051] initcall acpi_button_driver_init+0x0/0x52 returned 0 after 16493 usecs
[    6.976163] calling  acpi_fan_driver_init+0x0/0xe @ 1
[    6.982371] initcall acpi_fan_driver_init+0x0/0xe returned 0 after 31 usecs
[    6.990923] calling  acpi_video_init+0x0/0xcb @ 1
[    6.996857] initcall acpi_video_init+0x0/0xcb returned 0 after 207 usecs
[    7.005169] calling  acpi_processor_driver_init+0x0/0xad @ 1
[    7.013704] initcall acpi_processor_driver_init+0x0/0xad returned 0 after 1438 usecs
[    7.023380] calling  acpi_thermal_init+0x0/0x71 @ 1
[    7.029788] initcall acpi_thermal_init+0x0/0x71 returned 0 after 314 usecs
[    7.038392] calling  acpi_battery_init+0x0/0x32 @ 1
[    7.044699] initcall acpi_battery_init+0x0/0x32 returned 0 after 185 usecs
[    7.054227] calling  bgrt_init+0x0/0xb6 @ 1
[    7.060768] initcall bgrt_init+0x0/0xb6 returned -19 after 1 usecs
[    7.070273] calling  gpio_clk_driver_init+0x0/0xe @ 1
[    7.078128] initcall gpio_clk_driver_init+0x0/0xe returned 0 after 82 usecs
[    7.088670] calling  plt_clk_driver_init+0x0/0xe @ 1
[    7.096266] initcall plt_clk_driver_init+0x0/0xe returned 0 after 35 usecs
[    7.106658] calling  virtio_pci_driver_init+0x0/0x15 @ 1
[    7.115036] initcall virtio_pci_driver_init+0x0/0x15 returned 0 after 241 usecs
[    7.124715] calling  n_null_init+0x0/0x1e @ 1
[    7.130281] initcall n_null_init+0x0/0x1e returned 0 after 24 usecs
[    7.137813] calling  pty_init+0x0/0x1e8 @ 1
[    7.144202] initcall pty_init+0x0/0x1e8 returned 0 after 1047 usecs
[    7.151979] calling  sysrq_init+0x0/0x62 @ 1
[    7.157463] initcall sysrq_init+0x0/0x62 returned 0 after 33 usecs
[    7.164970] calling  serial8250_init+0x0/0x17e @ 1
[    7.170777] Serial: 8250/16550 driver, 4 ports, IRQ sharing enabled
[    7.180403] 00:03: ttyS0 at I/O 0x3f8 (irq = 4, base_baud = 115200) is a 16550A
[    7.191801] initcall serial8250_init+0x0/0x17e returned 0 after 20541 usecs
[    7.200273] calling  serial_pci_driver_init+0x0/0x15 @ 1
[    7.206818] initcall serial_pci_driver_init+0x0/0x15 returned 0 after 98 usecs
[    7.215453] calling  exar_pci_driver_init+0x0/0x15 @ 1
[    7.221710] initcall exar_pci_driver_init+0x0/0x15 returned 0 after 46 usecs
[    7.230210] calling  lpss8250_pci_driver_init+0x0/0x15 @ 1
[    7.236995] initcall lpss8250_pci_driver_init+0x0/0x15 returned 0 after 39 usecs
[    7.245913] calling  mid8250_pci_driver_init+0x0/0x15 @ 1
[    7.252605] initcall mid8250_pci_driver_init+0x0/0x15 returned 0 after 47 usecs
[    7.261453] calling  virtio_console_init+0x0/0xff @ 1
[    7.267859] initcall virtio_console_init+0x0/0xff returned 0 after 187 usecs
[    7.276608] calling  hpet_init+0x0/0x64 @ 1
[    7.282416] initcall hpet_init+0x0/0x64 returned 0 after 590 usecs
[    7.290110] calling  nvram_module_init+0x0/0x83 @ 1
[    7.296343] Non-volatile memory driver v1.3
[    7.301686] initcall nvram_module_init+0x0/0x83 returned 0 after 5353 usecs
[    7.310221] calling  hwrng_modinit+0x0/0x8a @ 1
[    7.316129] initcall hwrng_modinit+0x0/0x8a returned 0 after 256 usecs
[    7.327330] calling  mod_init+0x0/0x48 @ 1
[    7.332610] initcall mod_init+0x0/0x48 returned -19 after 0 usecs
[    7.340200] calling  agp_init+0x0/0x23 @ 1
[    7.345450] Linux agpgart interface v0.103
[    7.350669] initcall agp_init+0x0/0x23 returned 0 after 5094 usecs
[    7.358354] calling  agp_amd64_mod_init+0x0/0x5 @ 1
[    7.364901] initcall agp_amd64_mod_init+0x0/0x5 returned -19 after 326 usecs
[    7.373794] calling  agp_intel_init+0x0/0x28 @ 1
[    7.380188] initcall agp_intel_init+0x0/0x28 returned 0 after 575 usecs
[    7.388403] calling  drm_kms_helper_init+0x0/0x7 @ 1
[    7.394600] initcall drm_kms_helper_init+0x0/0x7 returned 0 after 105 usecs
[    7.403243] calling  drm_core_init+0x0/0xbd @ 1
[    7.409193] initcall drm_core_init+0x0/0xbd returned 0 after 267 usecs
[    7.417287] calling  i915_init+0x0/0x6b @ 1
[    7.423967] initcall i915_init+0x0/0x6b returned 0 after 1397 usecs
[    7.432107] calling  cn_proc_init+0x0/0x35 @ 1
[    7.437688] initcall cn_proc_init+0x0/0x35 returned 0 after 42 usecs
[    7.445627] calling  topology_sysfs_init+0x0/0x27 @ 1
[    7.451955] initcall topology_sysfs_init+0x0/0x27 returned 0 after 32 usecs
[    7.460572] calling  cacheinfo_sysfs_init+0x0/0x27 @ 1
[    7.467675] initcall cacheinfo_sysfs_init+0x0/0x27 returned 0 after 551 usecs
[    7.476616] calling  loop_init+0x0/0x16a @ 1
[    7.506245] loop: module loaded
[    7.510374] initcall loop_init+0x0/0x16a returned 0 after 27633 usecs
[    7.518549] calling  mac_hid_init+0x0/0x21 @ 1
[    7.524123] initcall mac_hid_init+0x0/0x21 returned 0 after 78 usecs
[    7.532371] calling  spi_transport_init+0x0/0x74 @ 1
[    7.538757] initcall spi_transport_init+0x0/0x74 returned 0 after 148 usecs
[    7.547805] calling  init_sd+0x0/0x18c @ 1
[    7.553480] initcall init_sd+0x0/0x18c returned 0 after 138 usecs
[    7.562124] calling  init_sr+0x0/0x43 @ 1
[    7.568240] initcall init_sr+0x0/0x43 returned 0 after 122 usecs
[    7.577643] calling  init_sg+0x0/0x1c0 @ 1
[    7.583604] initcall init_sg+0x0/0x1c0 returned 0 after 226 usecs
[    7.592396] calling  ahci_pci_driver_init+0x0/0x15 @ 1
[    7.599594] ahci 0000:00:1f.2: version 3.0
[    7.609109] PCI Interrupt Link [GSIA] enabled at IRQ 16
[    7.626222] ahci 0000:00:1f.2: AHCI 0001.0000 32 slots 6 ports 1.5 Gbps 0x3f impl SATA mode
[    7.637812] ahci 0000:00:1f.2: flags: 64bit ncq only 
[    7.658808] scsi host0: ahci
[    7.664060] scsi host1: ahci
[    7.669077] scsi host2: ahci
[    7.674085] scsi host3: ahci
[    7.679112] scsi host4: ahci
[    7.685375] scsi host5: ahci
[    7.689977] ata1: SATA max UDMA/133 abar m4096@0xfebf1000 port 0xfebf1100 irq 24
[    7.700357] ata2: SATA max UDMA/133 abar m4096@0xfebf1000 port 0xfebf1180 irq 24
[    7.711222] ata3: SATA max UDMA/133 abar m4096@0xfebf1000 port 0xfebf1200 irq 24
[    7.722129] ata4: SATA max UDMA/133 abar m4096@0xfebf1000 port 0xfebf1280 irq 24
[    7.733046] ata5: SATA max UDMA/133 abar m4096@0xfebf1000 port 0xfebf1300 irq 24
[    7.744122] ata6: SATA max UDMA/133 abar m4096@0xfebf1000 port 0xfebf1380 irq 24
[    7.756336] initcall ahci_pci_driver_init+0x0/0x15 returned 0 after 153338 usecs
[    7.768164] calling  piix_init+0x0/0x26 @ 1
[    7.774731] initcall piix_init+0x0/0x26 returned 0 after 122 usecs
[    7.783282] calling  amd_pci_driver_init+0x0/0x15 @ 1
[    7.790348] initcall amd_pci_driver_init+0x0/0x15 returned 0 after 64 usecs
[    7.799461] calling  oldpiix_pci_driver_init+0x0/0x15 @ 1
[    7.806839] initcall oldpiix_pci_driver_init+0x0/0x15 returned 0 after 77 usecs
[    7.816669] calling  sch_pci_driver_init+0x0/0x15 @ 1
[    7.824103] initcall sch_pci_driver_init+0x0/0x15 returned 0 after 96 usecs
[    7.833822] calling  net_olddevs_init+0x0/0x55 @ 1
[    7.840742] initcall net_olddevs_init+0x0/0x55 returned 0 after 270 usecs
[    7.850928] calling  blackhole_netdev_init+0x0/0x78 @ 1
[    7.860027] initcall blackhole_netdev_init+0x0/0x78 returned 0 after 421 usecs
[    7.872161] calling  phy_module_init+0x0/0x13 @ 1
[    7.880495] initcall phy_module_init+0x0/0x13 returned 0 after 361 usecs
[    7.891717] calling  tg3_driver_init+0x0/0x15 @ 1
[    7.900094] initcall tg3_driver_init+0x0/0x15 returned 0 after 165 usecs
[    7.911629] calling  e100_init_module+0x0/0x4c @ 1
[    7.920173] e100: Intel(R) PRO/100 Network Driver
[    7.928371] e100: Copyright(c) 1999-2006 Intel Corporation
[    7.937844] initcall e100_init_module+0x0/0x4c returned 0 after 17254 usecs
[    7.949638] calling  e1000_init_module+0x0/0x72 @ 1
[    7.957902] e1000: Intel(R) PRO/1000 Network Driver
[    7.967017] e1000: Copyright (c) 1999-2006 Intel Corporation.
[    7.977405] initcall e1000_init_module+0x0/0x72 returned 0 after 19113 usecs
[    7.989138] calling  e1000_init_module+0x0/0x2d @ 1
[    7.997583] e1000e: Intel(R) PRO/1000 Network Driver
[    8.006331] e1000e: Copyright(c) 1999 - 2015 Intel Corporation.
[    8.016904] initcall e1000_init_module+0x0/0x2d returned 0 after 18881 usecs
[    8.027636] calling  sky2_init_module+0x0/0x21 @ 1
[    8.035198] sky2: driver version 1.30
[    8.041296] initcall sky2_init_module+0x0/0x21 returned 0 after 5950 usecs
[    8.052119] calling  forcedeth_pci_driver_init+0x0/0x15 @ 1
[    8.060733] initcall forcedeth_pci_driver_init+0x0/0x15 returned 0 after 76 usecs
[    8.072275] calling  rtl8139_init_module+0x0/0x15 @ 1
[    8.079768] initcall rtl8139_init_module+0x0/0x15 returned 0 after 74 usecs
[    8.090076] calling  rtl8169_pci_driver_init+0x0/0x15 @ 1
[    8.097927] initcall rtl8169_pci_driver_init+0x0/0x15 returned 0 after 71 usecs
[    8.108334] calling  cdrom_init+0x0/0xc @ 1
[    8.114755] initcall cdrom_init+0x0/0xc returned 0 after 64 usecs
[    8.123996] calling  nonstatic_sysfs_init+0x0/0xc @ 1
[    8.132038] initcall nonstatic_sysfs_init+0x0/0xc returned 0 after 65 usecs
[    8.142795] calling  yenta_cardbus_driver_init+0x0/0x15 @ 1
[    8.151716] initcall yenta_cardbus_driver_init+0x0/0x15 returned 0 after 285 usecs
[    8.163389] calling  mon_init+0x0/0x144 @ 1
[    8.180664] initcall mon_init+0x0/0x144 returned 0 after 10908 usecs
[    8.190750] calling  ehci_hcd_init+0x0/0x55 @ 1
[    8.198394] ehci_hcd: USB 2.0 'Enhanced' Host Controller (EHCI) Driver
[    8.208380] initcall ehci_hcd_init+0x0/0x55 returned 0 after 9995 usecs
[    8.218469] calling  ehci_pci_init+0x0/0x64 @ 1
[    8.225410] ehci-pci: EHCI PCI platform driver
[    8.232214] initcall ehci_pci_init+0x0/0x64 returned 0 after 6642 usecs
[    8.242493] calling  ohci_hcd_mod_init+0x0/0x4d @ 1
[    8.249832] ohci_hcd: USB 1.1 'Open' Host Controller (OHCI) Driver
[    8.259796] initcall ohci_hcd_mod_init+0x0/0x4d returned 0 after 9728 usecs
[    8.270758] calling  ohci_pci_init+0x0/0x64 @ 1
[    8.278489] ohci-pci: OHCI PCI platform driver
[    8.286308] initcall ohci_pci_init+0x0/0x64 returned 0 after 7606 usecs
[    8.297210] calling  uhci_hcd_init+0x0/0xa6 @ 1
[    8.303898] uhci_hcd: USB Universal Host Controller Interface driver
[    8.315063] initcall uhci_hcd_init+0x0/0xa6 returned 0 after 10802 usecs
[    8.324681] calling  xhci_hcd_init+0x0/0x1e @ 1
[    8.331958] initcall xhci_hcd_init+0x0/0x1e returned 0 after 507 usecs
[    8.341501] calling  xhci_pci_init+0x0/0x49 @ 1
[    8.348807] initcall xhci_pci_init+0x0/0x49 returned 0 after 219 usecs
[    8.358781] calling  usblp_driver_init+0x0/0x15 @ 1
[    8.366858] usbcore: registered new interface driver usblp
[    8.375336] initcall usblp_driver_init+0x0/0x15 returned 0 after 8532 usecs
[    8.385842] calling  usb_storage_driver_init+0x0/0x2a @ 1
[    8.394338] usbcore: registered new interface driver usb-storage
[    8.403462] initcall usb_storage_driver_init+0x0/0x2a returned 0 after 9063 usecs
[    8.414623] calling  i8042_init+0x0/0x4c2 @ 1
[    8.421812] i8042: PNP: PS/2 Controller [PNP0303:KBD,PNP0f13:MOU] at 0x60,0x64 irq 1,12
[    8.443976] serio: i8042 KBD port at 0x60,0x64 irq 1
[    8.452189] serio: i8042 AUX port at 0x60,0x64 irq 12
[    8.460203] initcall i8042_init+0x0/0x4c2 returned 0 after 37791 usecs
[    8.470460] calling  serport_init+0x0/0x2c @ 1
[    8.477537] initcall serport_init+0x0/0x2c returned 0 after 2 usecs
[    8.486738] calling  input_leds_init+0x0/0xc @ 1
[    8.520742] initcall input_leds_init+0x0/0xc returned 0 after 3951 usecs
[    8.534769] calling  evdev_init+0x0/0xc @ 1
[    8.579261] initcall evdev_init+0x0/0xc returned 0 after 36780 usecs
[    8.589264] calling  atkbd_init+0x0/0x21 @ 1
[    8.597763] initcall atkbd_init+0x0/0x21 returned 0 after 1985 usecs
[    8.607620] calling  psmouse_init+0x0/0x7f @ 1
[    8.615864] initcall psmouse_init+0x0/0x7f returned 0 after 1152 usecs
[    8.625787] calling  cmos_init+0x0/0x73 @ 1
[    8.635615] rtc_cmos 00:04: RTC can wake from S4
[    8.657890] input: AT Translated Set 2 keyboard as /devices/platform/i8042/serio0/input/input1
[    8.680751] ata4: SATA link down (SStatus 0 SControl 300)
[    8.693823] ata2: SATA link down (SStatus 0 SControl 300)
[    8.704767] ata3: SATA link up 1.5 Gbps (SStatus 113 SControl 300)
[    8.718419] ata3.00: ATAPI: QEMU DVD-ROM, 2.5+, max UDMA/100
[    8.727709] ata3.00: applying bridge limits
[    8.735792] ata3.00: configured for UDMA/100
[    8.746620] ata5: SATA link down (SStatus 0 SControl 300)
[    8.759456] ata1: SATA link down (SStatus 0 SControl 300)
[    8.784810] scsi 2:0:0:0: CD-ROM            QEMU     QEMU DVD-ROM     2.5+ PQ: 0 ANSI: 5
[    8.861120] sr 2:0:0:0: [sr0] scsi3-mmc drive: 4x/4x cd/rw xa/form2 tray
[    8.873124] cdrom: Uniform CD-ROM driver Revision: 3.20
[    8.884916] ata6: SATA link down (SStatus 0 SControl 300)
[    8.897412] rtc_cmos 00:04: registered as rtc0
[    8.905944] rtc_cmos 00:04: alarms up to one day, y3k, 242 bytes nvram, hpet irqs
[    8.919792] initcall cmos_init+0x0/0x73 returned 0 after 279964 usecs
[    8.931316] calling  smbalert_driver_init+0x0/0xe @ 1
[    8.940068] initcall smbalert_driver_init+0x0/0xe returned 0 after 263 usecs
[    8.952010] calling  i2c_i801_init+0x0/0xc5 @ 1
[    8.981744] i801_smbus 0000:00:1f.3: SMBus using PCI interrupt
[    8.993479] i2c i2c-0: 1/1 memory slots populated (from DMI)
[    9.002601] i2c i2c-0: Memory type 0x07 not supported yet, not instantiating SPD
[    9.013903] initcall i2c_i801_init+0x0/0xc5 returned 0 after 53237 usecs
[    9.024441] calling  ptp_kvm_init+0x0/0xf0 @ 1
[    9.050468] sr 2:0:0:0: Attached scsi CD-ROM sr0
[    9.073982] sr 2:0:0:0: Attached scsi generic sg0 type 5
[    9.087282] initcall ptp_kvm_init+0x0/0xf0 returned 0 after 54656 usecs
[    9.097596] calling  dm_init+0x0/0x3c @ 1
[    9.109162] device-mapper: ioctl: 4.43.0-ioctl (2020-10-01) initialised: dm-devel@redhat.com
[    9.122406] initcall dm_init+0x0/0x3c returned 0 after 17389 usecs
[    9.132790] calling  dm_mirror_init+0x0/0x29 @ 1
[    9.140698] initcall dm_mirror_init+0x0/0x29 returned 0 after 174 usecs
[    9.151126] calling  dm_dirty_log_init+0x0/0x4f @ 1
[    9.159327] initcall dm_dirty_log_init+0x0/0x4f returned 0 after 254 usecs
[    9.169779] calling  dm_zero_init+0x0/0x29 @ 1
[    9.176919] initcall dm_zero_init+0x0/0x29 returned 0 after 47 usecs
[    9.187411] calling  intel_pstate_init+0x0/0x4a4 @ 1
[    9.196170] intel_pstate: CPU model not supported
[    9.202864] initcall intel_pstate_init+0x0/0x4a4 returned -19 after 7059 usecs
[    9.213783] calling  haltpoll_init+0x0/0xc0 @ 1
[    9.220806] initcall haltpoll_init+0x0/0xc0 returned -19 after 289 usecs
[    9.231823] calling  efivars_sysfs_init+0x0/0x30 @ 1
[    9.239991] initcall efivars_sysfs_init+0x0/0x30 returned 0 after 63 usecs
[    9.250451] calling  esrt_sysfs_init+0x0/0x2a2 @ 1
[    9.258229] initcall esrt_sysfs_init+0x0/0x2a2 returned -38 after 302 usecs
[    9.268734] calling  hid_init+0x0/0x5c @ 1
[    9.275819] hid: raw HID events driver (C) Jiri Kosina
[    9.283981] initcall hid_init+0x0/0x5c returned 0 after 8576 usecs
[    9.293212] calling  hid_generic_init+0x0/0x15 @ 1
[    9.301023] initcall hid_generic_init+0x0/0x15 returned 0 after 178 usecs
[    9.311774] calling  a4_driver_init+0x0/0x15 @ 1
[    9.319344] initcall a4_driver_init+0x0/0x15 returned 0 after 40 usecs
[    9.330190] calling  apple_driver_init+0x0/0x15 @ 1
[    9.338995] initcall apple_driver_init+0x0/0x15 returned 0 after 190 usecs
[    9.350724] calling  belkin_driver_init+0x0/0x15 @ 1
[    9.359188] initcall belkin_driver_init+0x0/0x15 returned 0 after 40 usecs
[    9.369891] calling  ch_driver_init+0x0/0x15 @ 1
[    9.377863] initcall ch_driver_init+0x0/0x15 returned 0 after 57 usecs
[    9.387463] calling  ch_driver_init+0x0/0x15 @ 1
[    9.394249] initcall ch_driver_init+0x0/0x15 returned 0 after 36 usecs
[    9.404583] calling  cp_driver_init+0x0/0x15 @ 1
[    9.413392] initcall cp_driver_init+0x0/0x15 returned 0 after 43 usecs
[    9.425036] calling  ez_driver_init+0x0/0x15 @ 1
[    9.433420] initcall ez_driver_init+0x0/0x15 returned 0 after 117 usecs
[    9.444690] calling  gyration_driver_init+0x0/0x15 @ 1
[    9.453783] initcall gyration_driver_init+0x0/0x15 returned 0 after 38 usecs
[    9.465404] calling  ite_driver_init+0x0/0x15 @ 1
[    9.472791] initcall ite_driver_init+0x0/0x15 returned 0 after 37 usecs
[    9.482521] calling  ks_driver_init+0x0/0x15 @ 1
[    9.489171] initcall ks_driver_init+0x0/0x15 returned 0 after 42 usecs
[    9.500052] calling  lg_driver_init+0x0/0x15 @ 1
[    9.507951] initcall lg_driver_init+0x0/0x15 returned 0 after 168 usecs
[    9.518777] calling  lg_g15_driver_init+0x0/0x15 @ 1
[    9.526618] initcall lg_g15_driver_init+0x0/0x15 returned 0 after 182 usecs
[    9.537526] calling  ms_driver_init+0x0/0x15 @ 1
[    9.544892] initcall ms_driver_init+0x0/0x15 returned 0 after 45 usecs
[    9.555904] calling  mr_driver_init+0x0/0x15 @ 1
[    9.563918] initcall mr_driver_init+0x0/0x15 returned 0 after 47 usecs
[    9.574173] calling  ntrig_driver_init+0x0/0x15 @ 1
[    9.581494] initcall ntrig_driver_init+0x0/0x15 returned 0 after 151 usecs
[    9.591795] calling  pl_driver_init+0x0/0x15 @ 1
[    9.599092] initcall pl_driver_init+0x0/0x15 returned 0 after 89 usecs
[    9.609324] calling  pl_driver_init+0x0/0x15 @ 1
[    9.616402] initcall pl_driver_init+0x0/0x15 returned 0 after 44 usecs
[    9.626026] calling  redragon_driver_init+0x0/0x15 @ 1
[    9.634516] initcall redragon_driver_init+0x0/0x15 returned 0 after 133 usecs
[    9.646656] calling  samsung_driver_init+0x0/0x15 @ 1
[    9.656082] initcall samsung_driver_init+0x0/0x15 returned 0 after 49 usecs
[    9.668572] calling  sony_init+0x0/0x38 @ 1
[    9.675872] initcall sony_init+0x0/0x38 returned 0 after 156 usecs
[    9.686177] calling  sp_driver_init+0x0/0x15 @ 1
[    9.694207] initcall sp_driver_init+0x0/0x15 returned 0 after 44 usecs
[    9.705061] calling  ts_driver_init+0x0/0x15 @ 1
[    9.712861] initcall ts_driver_init+0x0/0x15 returned 0 after 47 usecs
[    9.723200] calling  hid_init+0x0/0x58 @ 1
[    9.729903] usbcore: registered new interface driver usbhid
[    9.738109] usbhid: USB HID core driver
[    9.743910] initcall hid_init+0x0/0x58 returned 0 after 14534 usecs
[    9.753951] calling  eeepc_laptop_init+0x0/0x57 @ 1
[    9.763321] initcall eeepc_laptop_init+0x0/0x57 returned -19 after 1112 usecs
[    9.775489] calling  pmc_atom_init+0x0/0x27a @ 1
[    9.783401] initcall pmc_atom_init+0x0/0x27a returned -19 after 7 usecs
[    9.794396] calling  alsa_hwdep_init+0x0/0x5e @ 1
[    9.802507] initcall alsa_hwdep_init+0x0/0x5e returned 0 after 714 usecs
[    9.811907] calling  alsa_timer_init+0x0/0x1f9 @ 1
[   10.051066] input: ImExPS/2 Generic Explorer Mouse as /devices/platform/i8042/serio1/input/input3
[   10.677700] initcall alsa_timer_init+0x0/0x1f9 returned 0 after 837183 usecs
[   10.691208] calling  snd_hrtimer_init+0x0/0x117 @ 1
[   10.699095] initcall snd_hrtimer_init+0x0/0x117 returned 0 after 307 usecs
[   10.709283] calling  alsa_pcm_init+0x0/0x64 @ 1
[   10.717266] initcall alsa_pcm_init+0x0/0x64 returned 0 after 1119 usecs
[   10.727228] calling  alsa_seq_init+0x0/0x4a @ 1
[   10.847459] initcall alsa_seq_init+0x0/0x4a returned 0 after 110663 usecs
[   10.857887] calling  alsa_seq_dummy_init+0x0/0x9c @ 1
[   10.866019] initcall alsa_seq_dummy_init+0x0/0x9c returned 0 after 280 usecs
[   10.876668] calling  azx_driver_init+0x0/0x15 @ 1
[   10.899259] initcall azx_driver_init+0x0/0x15 returned 0 after 15829 usecs
[   10.909834] calling  sock_diag_init+0x0/0x2a @ 1
[   10.920754] initcall sock_diag_init+0x0/0x2a returned 0 after 3521 usecs
[   10.930063] calling  blackhole_init+0x0/0xc @ 1
[   10.936796] initcall blackhole_init+0x0/0xc returned 0 after 367 usecs
[   10.945891] calling  nfnetlink_init+0x0/0x61 @ 1
[   10.952925] initcall nfnetlink_init+0x0/0x61 returned 0 after 295 usecs
[   10.962264] calling  nfnetlink_log_init+0x0/0x99 @ 1
[   10.970054] initcall nfnetlink_log_init+0x0/0x99 returned 0 after 426 usecs
[   10.979992] calling  nf_conntrack_standalone_init+0x0/0x87 @ 1
[   10.995414] initcall nf_conntrack_standalone_init+0x0/0x87 returned 0 after 6871 usecs
[   11.007528] calling  ctnetlink_init+0x0/0x83 @ 1
[   11.014729] initcall ctnetlink_init+0x0/0x83 returned 0 after 110 usecs
[   11.023563] calling  nf_conntrack_ftp_init+0x0/0x12c @ 1
[   11.031287] initcall nf_conntrack_ftp_init+0x0/0x12c returned 0 after 163 usecs
[   11.041919] calling  nf_conntrack_irc_init+0x0/0x129 @ 1
[   11.049628] initcall nf_conntrack_irc_init+0x0/0x129 returned 0 after 8 usecs
[   11.059641] calling  nf_conntrack_sip_init+0x0/0x172 @ 1
[   11.067817] initcall nf_conntrack_sip_init+0x0/0x172 returned 0 after 256 usecs
[   11.078912] calling  nf_nat_init+0x0/0xf0 @ 1
[   11.087059] initcall nf_nat_init+0x0/0xf0 returned 0 after 1532 usecs
[   11.096686] calling  nf_nat_ftp_init+0x0/0x2a @ 1
[   11.103939] initcall nf_nat_ftp_init+0x0/0x2a returned 0 after 113 usecs
[   11.114187] calling  nf_nat_irc_init+0x0/0x2a @ 1
[   11.121047] initcall nf_nat_irc_init+0x0/0x2a returned 0 after 21 usecs
[   11.130559] calling  nf_nat_sip_init+0x0/0x36 @ 1
[   11.137246] initcall nf_nat_sip_init+0x0/0x36 returned 0 after 4 usecs
[   11.146085] calling  xt_init+0x0/0x113 @ 1
[   11.151661] initcall xt_init+0x0/0x113 returned 0 after 191 usecs
[   11.160882] calling  tcpudp_mt_init+0x0/0x11 @ 1
[   11.167835] initcall tcpudp_mt_init+0x0/0x11 returned 0 after 191 usecs
[   11.177711] calling  connsecmark_tg_init+0x0/0xc @ 1
[   11.185146] initcall connsecmark_tg_init+0x0/0xc returned 0 after 3 usecs
[   11.195434] calling  nflog_tg_init+0x0/0xc @ 1
[   11.202319] initcall nflog_tg_init+0x0/0xc returned 0 after 3 usecs
[   11.212178] calling  secmark_tg_init+0x0/0x11 @ 1
[   11.219350] initcall secmark_tg_init+0x0/0x11 returned 0 after 3 usecs
[   11.230225] calling  tcpmss_tg_init+0x0/0x11 @ 1
[   11.237849] initcall tcpmss_tg_init+0x0/0x11 returned 0 after 3 usecs
[   11.247974] calling  conntrack_mt_init+0x0/0x11 @ 1
[   11.255439] initcall conntrack_mt_init+0x0/0x11 returned 0 after 3 usecs
[   11.265108] calling  policy_mt_init+0x0/0x11 @ 1
[   11.271912] initcall policy_mt_init+0x0/0x11 returned 0 after 3 usecs
[   11.281329] calling  state_mt_init+0x0/0xc @ 1
[   11.287918] initcall state_mt_init+0x0/0xc returned 0 after 2 usecs
[   11.297124] calling  gre_offload_init+0x0/0x48 @ 1
[   11.304211] initcall gre_offload_init+0x0/0x48 returned 0 after 321 usecs
[   11.314053] calling  sysctl_ipv4_init+0x0/0x46 @ 1
[   11.322167] initcall sysctl_ipv4_init+0x0/0x46 returned 0 after 342 usecs
[   11.333213] calling  tunnel4_init+0x0/0x58 @ 1
[   11.340543] initcall tunnel4_init+0x0/0x58 returned 0 after 90 usecs
[   11.350850] calling  nf_defrag_init+0x0/0xc @ 1
[   11.359353] initcall nf_defrag_init+0x0/0xc returned 0 after 52 usecs
[   11.368687] calling  ip_tables_init+0x0/0x8d @ 1
[   11.375847] initcall ip_tables_init+0x0/0x8d returned 0 after 245 usecs
[   11.384747] calling  iptable_filter_init+0x0/0x4c @ 1
[   11.393136] initcall iptable_filter_init+0x0/0x4c returned 0 after 1434 usecs
[   11.402236] calling  iptable_mangle_init+0x0/0xb8 @ 1
[   11.409784] initcall iptable_mangle_init+0x0/0xb8 returned 0 after 302 usecs
[   11.419636] calling  reject_tg_init+0x0/0xc @ 1
[   11.426209] initcall reject_tg_init+0x0/0xc returned 0 after 2 usecs
[   11.435276] calling  cubictcp_register+0x0/0x53 @ 1
[   11.442255] initcall cubictcp_register+0x0/0x53 returned 0 after 2 usecs
[   11.451844] calling  xfrm_user_init+0x0/0x45 @ 1
[   11.459278] Initializing XFRM netlink socket
[   11.466498] initcall xfrm_user_init+0x0/0x45 returned 0 after 7046 usecs
[   11.476702] calling  inet6_init+0x0/0x35e @ 1
[   11.485697] NET: Registered protocol family 10
[   11.503823] rcu-torture: rcu_torture_read_exit: End of episode
[   11.516686] Segment Routing with IPv6
[   11.521961] initcall inet6_init+0x0/0x35e returned 0 after 37689 usecs
[   11.530781] calling  ah6_init+0x0/0x71 @ 1
[   11.536917] initcall ah6_init+0x0/0x71 returned 0 after 57 usecs
[   11.545616] calling  esp6_init+0x0/0x71 @ 1
[   11.551640] initcall esp6_init+0x0/0x71 returned 0 after 3 usecs
[   11.560093] calling  ip6_tables_init+0x0/0x8d @ 1
[   11.566499] initcall ip6_tables_init+0x0/0x8d returned 0 after 19 usecs
[   11.575575] calling  ip6table_filter_init+0x0/0x4c @ 1
[   11.582999] initcall ip6table_filter_init+0x0/0x4c returned 0 after 106 usecs
[   11.592878] calling  ip6table_mangle_init+0x0/0xb8 @ 1
[   11.600326] initcall ip6table_mangle_init+0x0/0xb8 returned 0 after 125 usecs
[   11.610666] calling  nf_defrag_init+0x0/0x45 @ 1
[   11.617823] initcall nf_defrag_init+0x0/0x45 returned 0 after 52 usecs
[   11.628015] calling  ipv6header_mt6_init+0x0/0xc @ 1
[   11.636566] initcall ipv6header_mt6_init+0x0/0xc returned 0 after 3 usecs
[   11.648032] calling  reject_tg6_init+0x0/0xc @ 1
[   11.655093] initcall reject_tg6_init+0x0/0xc returned 0 after 3 usecs
[   11.664864] calling  sit_init+0x0/0xc3 @ 1
[   11.671281] sit: IPv6, IPv4 and MPLS over IPv4 tunneling driver
[   11.684306] initcall sit_init+0x0/0xc3 returned 0 after 12715 usecs
[   11.693827] calling  packet_init+0x0/0x75 @ 1
[   11.700710] NET: Registered protocol family 17
[   11.707635] initcall packet_init+0x0/0x75 returned 0 after 6763 usecs
