c[?7l[2J[0mSeaBIOS (version 1.16.0-debian-1.16.0-4)
Booting from ROM...
early console in setup code
c[?7l[2J[    0.000000] Linux version 5.10.155+ (root@joelboxx.c.googlers.com) (gcc (Debian 12.2.0-3) 12.2.0, GNU ld (GNU Binutils for Debian) 2.39) #17 Tue Dec 13 05:38:45 UTC 2022
[    0.000000] Command line: selinux=0 initcall_debug debug console=ttyS0 rcutorture.n_barrier_cbs=4 rcutorture.stat_interval=15 rcutorture.shutdown_secs=1800 rcutorture.test_no_idle_hz=1 rcutorture.verbose=1
[    0.000000] x86/fpu: x87 FPU will use FXSAVE
[    0.000000] BIOS-provided physical RAM map:
[    0.000000] BIOS-e820: [mem 0x0000000000000000-0x000000000009fbff] usable
[    0.000000] BIOS-e820: [mem 0x000000000009fc00-0x000000000009ffff] reserved
[    0.000000] BIOS-e820: [mem 0x00000000000f0000-0x00000000000fffff] reserved
[    0.000000] BIOS-e820: [mem 0x0000000000100000-0x000000001ffdefff] usable
[    0.000000] BIOS-e820: [mem 0x000000001ffdf000-0x000000001fffffff] reserved
[    0.000000] BIOS-e820: [mem 0x00000000b0000000-0x00000000bfffffff] reserved
[    0.000000] BIOS-e820: [mem 0x00000000fed1c000-0x00000000fed1ffff] reserved
[    0.000000] BIOS-e820: [mem 0x00000000feffc000-0x00000000feffffff] reserved
[    0.000000] BIOS-e820: [mem 0x00000000fffc0000-0x00000000ffffffff] reserved
[    0.000000] NX (Execute Disable) protection: active
[    0.000000] SMBIOS 2.8 present.
[    0.000000] DMI: QEMU Standard PC (Q35 + ICH9, 2009), BIOS 1.16.0-debian-1.16.0-4 04/01/2014
[    0.000000] Hypervisor detected: KVM
[    0.000000] kvm-clock: Using msrs 4b564d01 and 4b564d00
[    0.000000] kvm-clock: cpu 0, msr 16a3f001, primary cpu clock
[    0.000001] kvm-clock: using sched offset of 1642273629 cycles
[    0.000232] clocksource: kvm-clock: mask: 0xffffffffffffffff max_cycles: 0x1cd42e4dffb, max_idle_ns: 881590591483 ns
[    0.000302] tsc: Detected 1999.999 MHz processor
[    0.011029] e820: update [mem 0x00000000-0x00000fff] usable ==> reserved
[    0.011034] e820: remove [mem 0x000a0000-0x000fffff] usable
[    0.011041] last_pfn = 0x1ffdf max_arch_pfn = 0x400000000
[    0.011856] MTRR default type: write-back
[    0.011941] MTRR fixed ranges enabled:
[    0.011943]   00000-9FFFF write-back
[    0.011944]   A0000-BFFFF uncachable
[    0.011945]   C0000-FFFFF write-protect
[    0.011946] MTRR variable ranges enabled:
[    0.011947]   0 base 00C0000000 mask FFC0000000 uncachable
[    0.011948]   1 disabled
[    0.011949]   2 disabled
[    0.011950]   3 disabled
[    0.011950]   4 disabled
[    0.011951]   5 disabled
[    0.011952]   6 disabled
[    0.011952]   7 disabled
[    0.012313] x86/PAT: Configuration [0-7]: WB  WC  UC- UC  WB  WC  UC- UC  
[    0.021286] found SMP MP-table at [mem 0x000f5ba0-0x000f5baf]
[    0.023336] check: Scanning 1 areas for low memory corruption
[    0.033522] ACPI: Early table checksum verification disabled
[    0.035238] ACPI: RSDP 0x00000000000F59E0 000014 (v00 BOCHS )
[    0.035627] ACPI: RSDT 0x000000001FFE229A 000038 (v01 BOCHS  BXPC     00000001 BXPC 00000001)
[    0.035639] ACPI: FACP 0x000000001FFE2092 0000F4 (v03 BOCHS  BXPC     00000001 BXPC 00000001)
[    0.035791] ACPI: DSDT 0x000000001FFE0040 002052 (v01 BOCHS  BXPC     00000001 BXPC 00000001)
[    0.035797] ACPI: FACS 0x000000001FFE0000 000040
[    0.035801] ACPI: APIC 0x000000001FFE2186 000078 (v01 BOCHS  BXPC     00000001 BXPC 00000001)
[    0.035805] ACPI: HPET 0x000000001FFE21FE 000038 (v01 BOCHS  BXPC     00000001 BXPC 00000001)
[    0.035810] ACPI: MCFG 0x000000001FFE2236 00003C (v01 BOCHS  BXPC     00000001 BXPC 00000001)
[    0.035814] ACPI: WAET 0x000000001FFE2272 000028 (v01 BOCHS  BXPC     00000001 BXPC 00000001)
[    0.035818] ACPI: Reserving FACP table memory at [mem 0x1ffe2092-0x1ffe2185]
[    0.035821] ACPI: Reserving DSDT table memory at [mem 0x1ffe0040-0x1ffe2091]
[    0.035822] ACPI: Reserving FACS table memory at [mem 0x1ffe0000-0x1ffe003f]
[    0.035823] ACPI: Reserving APIC table memory at [mem 0x1ffe2186-0x1ffe21fd]
[    0.035825] ACPI: Reserving HPET table memory at [mem 0x1ffe21fe-0x1ffe2235]
[    0.035826] ACPI: Reserving MCFG table memory at [mem 0x1ffe2236-0x1ffe2271]
[    0.035827] ACPI: Reserving WAET table memory at [mem 0x1ffe2272-0x1ffe2299]
[    0.036719] ACPI: Local APIC address 0xfee00000
[    0.038863] Zone ranges:
[    0.039002]   DMA      [mem 0x0000000000001000-0x0000000000ffffff]
[    0.039123]   DMA32    [mem 0x0000000001000000-0x000000001ffdefff]
[    0.039172]   Normal   empty
[    0.039173] Movable zone start for each node
[    0.039175] Early memory node ranges
[    0.039176]   node   0: [mem 0x0000000000001000-0x000000000009efff]
[    0.039236]   node   0: [mem 0x0000000000100000-0x000000001ffdefff]
[    0.039312] Initmem setup node 0 [mem 0x0000000000001000-0x000000001ffdefff]
[    0.039315] On node 0 totalpages: 130941
[    0.039468]   DMA zone: 64 pages used for memmap
[    0.039470]   DMA zone: 21 pages reserved
[    0.039540]   DMA zone: 3998 pages, LIFO batch:0
[    0.039542]   DMA32 zone: 1984 pages used for memmap
[    0.039544]   DMA32 zone: 126943 pages, LIFO batch:31
[    0.044083] On node 0, zone DMA: 1 pages in unavailable ranges
[    0.047923] On node 0, zone DMA: 97 pages in unavailable ranges
[    0.173541] On node 0, zone DMA32: 33 pages in unavailable ranges
[    0.177244] ACPI: PM-Timer IO Port: 0x608
[    0.177248] ACPI: Local APIC address 0xfee00000
[    0.177419] ACPI: LAPIC_NMI (acpi_id[0xff] dfl dfl lint[0x1])
[    0.178469] IOAPIC[0]: apic_id 0, version 17, address 0xfec00000, GSI 0-23
[    0.178540] ACPI: INT_SRC_OVR (bus 0 bus_irq 0 global_irq 2 dfl dfl)
[    0.178630] ACPI: INT_SRC_OVR (bus 0 bus_irq 5 global_irq 5 high level)
[    0.178631] ACPI: INT_SRC_OVR (bus 0 bus_irq 9 global_irq 9 high level)
[    0.178695] ACPI: INT_SRC_OVR (bus 0 bus_irq 10 global_irq 10 high level)
[    0.178696] ACPI: INT_SRC_OVR (bus 0 bus_irq 11 global_irq 11 high level)
[    0.178698] ACPI: IRQ0 used by override.
[    0.178699] ACPI: IRQ5 used by override.
[    0.178700] ACPI: IRQ9 used by override.
[    0.178701] ACPI: IRQ10 used by override.
[    0.178701] ACPI: IRQ11 used by override.
[    0.178704] Using ACPI (MADT) for SMP configuration information
[    0.178759] ACPI: HPET id: 0x8086a201 base: 0xfed00000
[    0.183050] kvm-guest: stealtime: cpu 0, msr 1624d780
[    0.184253] PM: hibernation: Registered nosave memory: [mem 0x00000000-0x00000fff]
[    0.184255] PM: hibernation: Registered nosave memory: [mem 0x0009f000-0x0009ffff]
[    0.184256] PM: hibernation: Registered nosave memory: [mem 0x000a0000-0x000effff]
[    0.184257] PM: hibernation: Registered nosave memory: [mem 0x000f0000-0x000fffff]
[    0.184259] [mem 0x20000000-0xafffffff] available for PCI devices
[    0.184324] Booting paravirtualized kernel on KVM
[    0.184980] clocksource: refined-jiffies: mask: 0xffffffff max_cycles: 0xffffffff, max_idle_ns: 1910969940391419 ns
[    0.199699] pcpu-alloc: s0 r0 d32768 u32768 alloc=1*32768
[    0.199759] pcpu-alloc: [0] 0 
[    0.200341] Built 1 zonelists, mobility grouping on.  Total pages: 128872
[    0.200573] Kernel command line: selinux=0 initcall_debug debug console=ttyS0 rcutorture.n_barrier_cbs=4 rcutorture.stat_interval=15 rcutorture.shutdown_secs=1800 rcutorture.test_no_idle_hz=1 rcutorture.verbose=1
[    0.217448] Dentry cache hash table entries: 65536 (order: 7, 524288 bytes, linear)
[    0.222000] Inode-cache hash table entries: 32768 (order: 6, 262144 bytes, linear)
[    0.225167] mem auto-init: stack:all(zero), heap alloc:off, heap free:off
[    0.232209] Memory: 481560K/523764K available (14349K kernel code, 2612K rwdata, 4608K rodata, 1248K init, 1892K bss, 41944K reserved, 0K cma-reserved)
[    0.233106] SLUB: HWalign=64, Order=0-3, MinObjects=0, CPUs=1, Nodes=1
[    0.233735] Kernel/User page tables isolation: enabled
[    0.257294] NR_IRQS: 4352, nr_irqs: 256, preallocated irqs: 16
[    0.260998] calling  con_init+0x0/0x22a @ 0
[    0.439801] Console: colour VGA+ 80x25
[    0.441810] initcall con_init+0x0/0x22a returned 0 after 0 usecs
[    0.441918] calling  hvc_console_init+0x0/0x13 @ 0
[    0.441990] initcall hvc_console_init+0x0/0x13 returned 0 after 0 usecs
[    0.441992] calling  univ8250_console_init+0x0/0x26 @ 0
[    1.224114] printk: console [ttyS0] enabled
[    1.228755] initcall univ8250_console_init+0x0/0x26 returned 0 after 0 usecs
[    1.237246] ACPI: Core revision 20200925
[    1.247974] clocksource: hpet: mask: 0xffffffff max_cycles: 0xffffffff, max_idle_ns: 19112604467 ns
[    1.267891] APIC: Switch to symmetric I/O mode setup
[    1.301259] ..TIMER: vector=0x30 apic1=0 pin1=2 apic2=-1 pin2=-1
[    1.308756] clocksource: tsc-early: mask: 0xffffffffffffffff max_cycles: 0x39a85afc727, max_idle_ns: 881590685098 ns
[    1.321279] Calibrating delay loop (skipped) preset value.. 3999.99 BogoMIPS (lpj=1999999)
[    1.323179] pid_max: default: 32768 minimum: 301
[    1.325903] LSM: Security Framework initializing
[    1.327380] Mount-cache hash table entries: 1024 (order: 1, 8192 bytes, linear)
[    1.328119] Mountpoint-cache hash table entries: 1024 (order: 1, 8192 bytes, linear)
[    1.337265] Last level iTLB entries: 4KB 0, 2MB 0, 4MB 0
[    1.338058] Last level dTLB entries: 4KB 0, 2MB 0, 4MB 0, 1GB 0
[    1.339099] CPU: Intel Common KVM processor (family: 0xf, model: 0x6, stepping: 0x1)
[    1.340094] Spectre V1 : Mitigation: usercopy/swapgs barriers and __user pointer sanitization
[    1.342060] Spectre V2 : Mitigation: Retpolines
[    1.343057] Spectre V2 : Spectre v2 / SpectreRSB mitigation: Filling RSB on context switch
[    1.344057] Spectre V2 : Spectre v2 / SpectreRSB : Filling RSB on VMEXIT
[    1.346435] Speculative Store Bypass: Vulnerable
[    1.347454] MDS: Vulnerable: Clear CPU buffers attempted, no microcode
[    1.348058] MMIO Stale Data: Unknown: No mitigations
[    1.406557] calling  init_hw_perf_events+0x0/0x6ce @ 1
[    1.407077] Performance Events: unsupported Netburst CPU model 6 no PMU driver, software events only.
[    1.409073] initcall init_hw_perf_events+0x0/0x6ce returned 0 after 1953 usecs
[    1.410066] calling  init_real_mode+0x0/0x1e9 @ 1
[    1.411522] initcall init_real_mode+0x0/0x1e9 returned 0 after 0 usecs
[    1.412063] calling  trace_init_perf_perm_irq_work_exit+0x0/0x12 @ 1
[    1.414061] initcall trace_init_perf_perm_irq_work_exit+0x0/0x12 returned 0 after 0 usecs
[    1.415077] calling  validate_x2apic+0x0/0x4a @ 1
[    1.416087] initcall validate_x2apic+0x0/0x4a returned 0 after 0 usecs
[    1.417061] calling  register_nmi_cpu_backtrace_handler+0x0/0x15 @ 1
[    1.418062] initcall register_nmi_cpu_backtrace_handler+0x0/0x15 returned 0 after 0 usecs
[    1.419061] calling  kvm_setup_vsyscall_timeinfo+0x0/0x34 @ 1
[    1.420080] initcall kvm_setup_vsyscall_timeinfo+0x0/0x34 returned 0 after 0 usecs
[    1.421072] calling  spawn_ksoftirqd+0x0/0x34 @ 1
[    1.423259] initcall spawn_ksoftirqd+0x0/0x34 returned 0 after 976 usecs
[    1.424074] calling  trace_init_flags_sys_enter+0x0/0xe @ 1
[    1.425061] initcall trace_init_flags_sys_enter+0x0/0xe returned 0 after 0 usecs
[    1.426063] calling  trace_init_flags_sys_exit+0x0/0xe @ 1
[    1.427064] initcall trace_init_flags_sys_exit+0x0/0xe returned 0 after 0 usecs
[    1.428064] calling  init_kprobes+0x0/0x14d @ 1
[    1.430457] initcall init_kprobes+0x0/0x14d returned 0 after 976 usecs
[    1.431088] calling  init_events+0x0/0x3d @ 1
[    1.433341] initcall init_events+0x0/0x3d returned 0 after 976 usecs
[    1.434060] calling  init_trace_printk+0x0/0xc @ 1
[    1.436060] initcall init_trace_printk+0x0/0xc returned 0 after 0 usecs
[    1.437060] calling  event_trace_enable_again+0x0/0x23 @ 1
[    1.438071] initcall event_trace_enable_again+0x0/0x23 returned 0 after 0 usecs
[    1.439060] calling  static_call_init+0x0/0x6d @ 1
[    1.440060] initcall static_call_init+0x0/0x6d returned 0 after 0 usecs
[    1.441059] calling  jump_label_init_module+0x0/0xc @ 1
[    1.442060] initcall jump_label_init_module+0x0/0xc returned 0 after 0 usecs
[    1.443061] calling  init_zero_pfn+0x0/0x37 @ 1
[    1.444060] initcall init_zero_pfn+0x0/0x37 returned 0 after 0 usecs
[    1.445092] calling  initialize_ptr_random+0x0/0x54 @ 1
[    1.446063] initcall initialize_ptr_random+0x0/0x54 returned 0 after 0 usecs
[    1.447091] calling  efi_memreserve_root_init+0x0/0x25 @ 1
[    1.449102] initcall efi_memreserve_root_init+0x0/0x25 returned 0 after 0 usecs
[    1.450061] calling  efi_earlycon_remap_fb+0x0/0x51 @ 1
[    1.451061] initcall efi_earlycon_remap_fb+0x0/0x51 returned 0 after 0 usecs
[    1.578180] devtmpfs: initialized
[    1.581420] calling  ipc_ns_init+0x0/0x3d @ 1
[    1.582115] initcall ipc_ns_init+0x0/0x3d returned 0 after 0 usecs
[    1.583060] calling  init_mmap_min_addr+0x0/0x21 @ 1
[    1.584059] initcall init_mmap_min_addr+0x0/0x21 returned 0 after 0 usecs
[    1.585060] calling  pci_realloc_setup_params+0x0/0x3f @ 1
[    1.586060] initcall pci_realloc_setup_params+0x0/0x3f returned 0 after 0 usecs
[    1.587061] calling  net_ns_init+0x0/0x11c @ 1
[    1.588355] initcall net_ns_init+0x0/0x11c returned 0 after 0 usecs
[    1.589074] calling  e820__register_nvs_regions+0x0/0x37 @ 1
[    1.590060] initcall e820__register_nvs_regions+0x0/0x37 returned 0 after 0 usecs
[    1.591060] calling  cpufreq_register_tsc_scaling+0x0/0x2e @ 1
[    1.592065] initcall cpufreq_register_tsc_scaling+0x0/0x2e returned 0 after 0 usecs
[    1.593063] calling  reboot_init+0x0/0x3c @ 1
[    1.594167] initcall reboot_init+0x0/0x3c returned 0 after 0 usecs
[    1.595061] calling  init_lapic_sysfs+0x0/0x20 @ 1
[    1.596063] initcall init_lapic_sysfs+0x0/0x20 returned 0 after 0 usecs
[    1.597061] calling  wq_sysfs_init+0x0/0x2a @ 1
[    1.598175] initcall wq_sysfs_init+0x0/0x2a returned 0 after 0 usecs
[    1.599060] calling  ksysfs_init+0x0/0x92 @ 1
[    1.600067] initcall ksysfs_init+0x0/0x92 returned 0 after 0 usecs
[    1.601062] calling  pm_init+0x0/0x76 @ 1
[    1.602126] initcall pm_init+0x0/0x76 returned 0 after 0 usecs
[    1.603074] calling  pm_disk_init+0x0/0x13 @ 1
[    1.604081] initcall pm_disk_init+0x0/0x13 returned 0 after 0 usecs
[    1.605060] calling  swsusp_header_init+0x0/0x2b @ 1
[    1.606061] initcall swsusp_header_init+0x0/0x2b returned 0 after 0 usecs
[    1.607060] calling  rcu_set_runtime_mode+0x0/0x11 @ 1
[    1.608060] initcall rcu_set_runtime_mode+0x0/0x11 returned 0 after 0 usecs
[    1.609060] calling  init_jiffies_clocksource+0x0/0x13 @ 1
[    1.610059] clocksource: jiffies: mask: 0xffffffff max_cycles: 0xffffffff, max_idle_ns: 1911260446275000 ns
[    1.612060] initcall init_jiffies_clocksource+0x0/0x13 returned 0 after 1953 usecs
[    1.613062] calling  futex_init+0x0/0xd5 @ 1
[    1.614088] futex hash table entries: 256 (order: 0, 6144 bytes, linear)
[    1.615110] initcall futex_init+0x0/0xd5 returned 0 after 976 usecs
[    1.616061] calling  cgroup_wq_init+0x0/0x28 @ 1
[    1.617068] initcall cgroup_wq_init+0x0/0x28 returned 0 after 0 usecs
[    1.618061] calling  cgroup1_wq_init+0x0/0x28 @ 1
[    1.619064] initcall cgroup1_wq_init+0x0/0x28 returned 0 after 0 usecs
[    1.620060] calling  init_kprobe_trace_early+0x0/0x2a @ 1
[    1.621075] initcall init_kprobe_trace_early+0x0/0x2a returned 0 after 0 usecs
[    1.622061] calling  fsnotify_init+0x0/0x48 @ 1
[    1.623070] initcall fsnotify_init+0x0/0x48 returned 0 after 0 usecs
[    1.624061] calling  filelock_init+0x0/0x60 @ 1
[    1.625089] initcall filelock_init+0x0/0x60 returned 0 after 0 usecs
[    1.626060] calling  init_misc_binfmt+0x0/0x2c @ 1
[    1.627073] initcall init_misc_binfmt+0x0/0x2c returned 0 after 0 usecs
[    1.628060] calling  init_script_binfmt+0x0/0x15 @ 1
[    1.629060] initcall init_script_binfmt+0x0/0x15 returned 0 after 0 usecs
[    1.630074] calling  init_elf_binfmt+0x0/0x15 @ 1
[    1.631060] initcall init_elf_binfmt+0x0/0x15 returned 0 after 0 usecs
[    1.632059] calling  init_compat_elf_binfmt+0x0/0x15 @ 1
[    1.633060] initcall init_compat_elf_binfmt+0x0/0x15 returned 0 after 0 usecs
[    1.634073] calling  debugfs_init+0x0/0x5c @ 1
[    1.635085] initcall debugfs_init+0x0/0x5c returned 0 after 0 usecs
[    1.636061] calling  tracefs_init+0x0/0x3a @ 1
[    1.637088] initcall tracefs_init+0x0/0x3a returned 0 after 0 usecs
[    1.638060] calling  prandom_init_early+0x0/0x111 @ 1
[    1.639060] initcall prandom_init_early+0x0/0x111 returned 0 after 0 usecs
[    1.640166] calling  virtio_init+0x0/0x20 @ 1
[    1.643121] initcall virtio_init+0x0/0x20 returned 0 after 0 usecs
[    1.644061] calling  iommu_init+0x0/0x2a @ 1
[    1.645085] initcall iommu_init+0x0/0x2a returned 0 after 0 usecs
[    1.646064] calling  component_debug_init+0x0/0x1c @ 1
[    1.648150] initcall component_debug_init+0x0/0x1c returned 0 after 976 usecs
[    1.649063] calling  early_resume_init+0x0/0xb9 @ 1
[    1.651058] PM: RTC time: 05:41:51, date: 2022-12-13
[    1.652082] initcall early_resume_init+0x0/0xb9 returned 0 after 1953 usecs
[    1.654060] calling  cpufreq_core_init+0x0/0x62 @ 1
[    1.655113] initcall cpufreq_core_init+0x0/0x62 returned 0 after 0 usecs
[    1.656061] calling  cpufreq_gov_performance_init+0x0/0xc @ 1
[    1.657062] initcall cpufreq_gov_performance_init+0x0/0xc returned 0 after 0 usecs
[    1.658060] calling  cpufreq_gov_userspace_init+0x0/0xc @ 1
[    1.659059] initcall cpufreq_gov_userspace_init+0x0/0xc returned 0 after 0 usecs
[    1.660059] calling  CPU_FREQ_GOV_ONDEMAND_init+0x0/0xc @ 1
[    1.661060] initcall CPU_FREQ_GOV_ONDEMAND_init+0x0/0xc returned 0 after 0 usecs
[    1.662059] calling  cpuidle_init+0x0/0x1f @ 1
[    1.663220] initcall cpuidle_init+0x0/0x1f returned 0 after 0 usecs
[    1.664060] calling  capsule_reboot_register+0x0/0xc @ 1
[    1.665074] initcall capsule_reboot_register+0x0/0xc returned 0 after 0 usecs
[    1.666060] calling  sock_init+0x0/0x93 @ 1
[    1.667378] initcall sock_init+0x0/0x93 returned 0 after 0 usecs
[    1.668059] calling  net_inuse_init+0x0/0x23 @ 1
[    1.669064] initcall net_inuse_init+0x0/0x23 returned 0 after 0 usecs
[    1.671058] calling  net_defaults_init+0x0/0x23 @ 1
[    1.672059] initcall net_defaults_init+0x0/0x23 returned 0 after 0 usecs
[    1.673059] calling  init_default_flow_dissectors+0x0/0x4f @ 1
[    1.674060] initcall init_default_flow_dissectors+0x0/0x4f returned 0 after 0 usecs
[    1.675061] calling  netpoll_init+0x0/0x25 @ 1
[    1.676059] initcall netpoll_init+0x0/0x25 returned 0 after 0 usecs
[    1.677062] calling  netlink_proto_init+0x0/0x14f @ 1
[    1.679171] NET: Registered protocol family 16
[    1.680108] initcall netlink_proto_init+0x0/0x14f returned 0 after 1953 usecs
[    1.681062] calling  genl_init+0x0/0x35 @ 1
[    1.682072] initcall genl_init+0x0/0x35 returned 0 after 0 usecs
[    1.683061] calling  bsp_pm_check_init+0x0/0x13 @ 1
[    1.684061] initcall bsp_pm_check_init+0x0/0x13 returned 0 after 0 usecs
[    1.685120] calling  irq_sysfs_init+0x0/0xb7 @ 1
[    1.686159] initcall irq_sysfs_init+0x0/0xb7 returned 0 after 0 usecs
[    1.687062] calling  audit_init+0x0/0x15d @ 1
[    1.688070] audit: initializing netlink subsys (disabled)
[    1.690067] initcall audit_init+0x0/0x15d returned 0 after 1953 usecs
[    1.691064] calling  release_early_probes+0x0/0x32 @ 1
[    1.692062] initcall release_early_probes+0x0/0x32 returned 0 after 0 usecs
[    1.693060] calling  bdi_class_init+0x0/0x48 @ 1
[    1.694134] initcall bdi_class_init+0x0/0x48 returned 0 after 0 usecs
[    1.695059] calling  mm_sysfs_init+0x0/0x28 @ 1
[    1.696083] initcall mm_sysfs_init+0x0/0x28 returned 0 after 0 usecs
[    1.697064] calling  init_per_zone_wmark_min+0x0/0x5e @ 1
[    1.698063] initcall init_per_zone_wmark_min+0x0/0x5e returned 0 after 0 usecs
[    1.699061] calling  mpi_init+0x0/0x3e @ 1
[    1.700075] initcall mpi_init+0x0/0x3e returned 0 after 0 usecs
[    1.701060] calling  kobject_uevent_init+0x0/0xc @ 1
[    1.702116] initcall kobject_uevent_init+0x0/0xc returned 0 after 0 usecs
[    1.703060] calling  pcibus_class_init+0x0/0x13 @ 1
[    1.704070] initcall pcibus_class_init+0x0/0x13 returned 0 after 0 usecs
[    1.705141] calling  pci_driver_init+0x0/0x21 @ 1
[    1.707114] initcall pci_driver_init+0x0/0x21 returned 0 after 0 usecs
[    1.708060] calling  backlight_class_init+0x0/0xa8 @ 1
[    1.709084] initcall backlight_class_init+0x0/0xa8 returned 0 after 0 usecs
[    1.710060] calling  tty_class_init+0x0/0x33 @ 1
[    1.711074] initcall tty_class_init+0x0/0x33 returned 0 after 0 usecs
[    1.712065] calling  vtconsole_class_init+0x0/0xb5 @ 1
[    1.714142] initcall vtconsole_class_init+0x0/0xb5 returned 0 after 976 usecs
[    1.715060] calling  iommu_dev_init+0x0/0x13 @ 1
[    1.717094] initcall iommu_dev_init+0x0/0x13 returned 0 after 0 usecs
[    1.718060] calling  mipi_dsi_bus_init+0x0/0xc @ 1
[    1.719141] initcall mipi_dsi_bus_init+0x0/0xc returned 0 after 0 usecs
[    1.720061] calling  devlink_class_init+0x0/0x40 @ 1
[    1.721067] initcall devlink_class_init+0x0/0x40 returned 0 after 0 usecs
[    1.722060] calling  software_node_init+0x0/0x2a @ 1
[    1.723063] initcall software_node_init+0x0/0x2a returned 0 after 0 usecs
[    1.724060] calling  wakeup_sources_debugfs_init+0x0/0x23 @ 1
[    1.725122] initcall wakeup_sources_debugfs_init+0x0/0x23 returned 0 after 0 usecs
[    1.726060] calling  wakeup_sources_sysfs_init+0x0/0x2c @ 1
[    1.727071] initcall wakeup_sources_sysfs_init+0x0/0x2c returned 0 after 0 usecs
[    1.728060] calling  regmap_initcall+0x0/0xc @ 1
[    1.729108] initcall regmap_initcall+0x0/0xc returned 0 after 0 usecs
[    1.730059] calling  i2c_init+0x0/0xb3 @ 1
[    1.731211] initcall i2c_init+0x0/0xb3 returned 0 after 0 usecs
[    1.732059] calling  thermal_init+0x0/0xf2 @ 1
[    1.733131] thermal_sys: Registered thermal governor 'step_wise'
[    1.733132] thermal_sys: Registered thermal governor 'user_space'
[    1.734070] initcall thermal_init+0x0/0xf2 returned 0 after 976 usecs
[    1.736060] calling  init_menu+0x0/0xc @ 1
[    1.737058] cpuidle: using governor menu
[    1.738060] initcall init_menu+0x0/0xc returned 0 after 976 usecs
[    1.739060] calling  pcc_init+0x0/0x4d @ 1
[    1.740075] initcall pcc_init+0x0/0x4d returned -19 after 0 usecs
[    1.741060] calling  amd_postcore_init+0x0/0x11e @ 1
[    1.742060] initcall amd_postcore_init+0x0/0x11e returned 0 after 0 usecs
[    1.743081] calling  bts_init+0x0/0xba @ 1
[    1.744063] initcall bts_init+0x0/0xba returned -19 after 0 usecs
[    1.745062] calling  pt_init+0x0/0x2ef @ 1
[    1.746063] initcall pt_init+0x0/0x2ef returned -19 after 0 usecs
[    1.747062] calling  boot_params_ksysfs_init+0x0/0x2ee @ 1
[    1.748104] initcall boot_params_ksysfs_init+0x0/0x2ee returned 0 after 0 usecs
[    1.749060] calling  sbf_init+0x0/0xb9 @ 1
[    1.750060] initcall sbf_init+0x0/0xb9 returned 0 after 0 usecs
[    1.751061] calling  arch_kdebugfs_init+0x0/0x219 @ 1
[    1.752161] initcall arch_kdebugfs_init+0x0/0x219 returned 0 after 0 usecs
[    1.753060] calling  intel_pconfig_init+0x0/0x85 @ 1
[    1.754079] initcall intel_pconfig_init+0x0/0x85 returned 0 after 0 usecs
[    1.755061] calling  mtrr_if_init+0x0/0x5d @ 1
[    1.756064] initcall mtrr_if_init+0x0/0x5d returned 0 after 0 usecs
[    1.757060] calling  activate_jump_labels+0x0/0x31 @ 1
[    1.758060] initcall activate_jump_labels+0x0/0x31 returned 0 after 0 usecs
[    1.759060] calling  ffh_cstate_init+0x0/0x29 @ 1
[    1.760066] initcall ffh_cstate_init+0x0/0x29 returned 0 after 0 usecs
[    1.761063] calling  activate_jump_labels+0x0/0x31 @ 1
[    1.762149] initcall activate_jump_labels+0x0/0x31 returned 0 after 0 usecs
[    1.763064] calling  kvm_alloc_cpumask+0x0/0x2b @ 1
[    1.764143] initcall kvm_alloc_cpumask+0x0/0x2b returned 0 after 0 usecs
[    1.765061] calling  kcmp_cookies_init+0x0/0x37 @ 1
[    1.766065] initcall kcmp_cookies_init+0x0/0x37 returned 0 after 0 usecs
[    1.767060] calling  cryptomgr_init+0x0/0xc @ 1
[    1.768090] initcall cryptomgr_init+0x0/0xc returned 0 after 0 usecs
[    1.769060] calling  acpi_pci_init+0x0/0x57 @ 1
[    1.770071] ACPI: bus type PCI registered
[    1.771060] initcall acpi_pci_init+0x0/0x57 returned 0 after 976 usecs
[    1.772061] calling  dma_channel_table_init+0x0/0xce @ 1
[    1.773065] initcall dma_channel_table_init+0x0/0xce returned 0 after 0 usecs
[    1.774059] calling  dma_bus_init+0x0/0xdc @ 1
[    1.776060] initcall dma_bus_init+0x0/0xdc returned 0 after 976 usecs
[    1.777139] calling  iommu_dma_init+0x0/0x10 @ 1
[    1.778119] initcall iommu_dma_init+0x0/0x10 returned 0 after 0 usecs
[    1.779060] calling  dmi_id_init+0x0/0x37c @ 1
[    1.780360] initcall dmi_id_init+0x0/0x37c returned 0 after 0 usecs
[    1.781061] calling  pci_arch_init+0x0/0x71 @ 1
[    1.783121] PCI: MMCONFIG for domain 0000 [bus 00-ff] at [mem 0xb0000000-0xbfffffff] (base 0xb0000000)
[    1.784064] PCI: MMCONFIG at [mem 0xb0000000-0xbfffffff] reserved in E820
[    1.785140] PCI: Using configuration type 1 for base access
[    1.786114] initcall pci_arch_init+0x0/0x71 returned 0 after 3906 usecs
[    1.787079] calling  init_vdso+0x0/0x13 @ 1
[    1.788093] initcall init_vdso+0x0/0x13 returned 0 after 0 usecs
[    1.789061] calling  sysenter_setup+0x0/0x13 @ 1
[    1.790067] initcall sysenter_setup+0x0/0x13 returned 0 after 0 usecs
[    1.791060] calling  fixup_ht_bug+0x0/0x7f @ 1
[    1.792062] initcall fixup_ht_bug+0x0/0x7f returned 0 after 0 usecs
[    1.793061] calling  topology_init+0x0/0x15 @ 1
[    1.794277] initcall topology_init+0x0/0x15 returned 0 after 0 usecs
[    1.795061] calling  intel_epb_init+0x0/0x68 @ 1
[    1.796060] initcall intel_epb_init+0x0/0x68 returned -19 after 0 usecs
[    1.797060] calling  mtrr_init_finialize+0x0/0x3e @ 1
[    1.798190] initcall mtrr_init_finialize+0x0/0x3e returned 0 after 0 usecs
[    1.799062] calling  uid_cache_init+0x0/0x6f @ 1
[    1.801065] initcall uid_cache_init+0x0/0x6f returned 0 after 0 usecs
[    1.802060] calling  param_sysfs_init+0x0/0x1ba @ 1
[    1.806297] initcall param_sysfs_init+0x0/0x1ba returned 0 after 2929 usecs
[    1.807078] calling  user_namespace_sysctl_init+0x0/0x33 @ 1
[    1.808202] initcall user_namespace_sysctl_init+0x0/0x33 returned 0 after 0 usecs
[    1.809061] calling  proc_schedstat_init+0x0/0x24 @ 1
[    1.810064] initcall proc_schedstat_init+0x0/0x24 returned 0 after 0 usecs
[    1.811060] calling  pm_sysrq_init+0x0/0x18 @ 1
[    1.812077] initcall pm_sysrq_init+0x0/0x18 returned 0 after 0 usecs
[    1.813128] calling  create_proc_profile+0x0/0x50 @ 1
[    1.814059] initcall create_proc_profile+0x0/0x50 returned 0 after 0 usecs
[    1.815060] calling  time_ns_init+0x0/0x7 @ 1
[    1.816061] initcall time_ns_init+0x0/0x7 returned 0 after 0 usecs
[    1.817062] calling  crash_save_vmcoreinfo_init+0x0/0x756 @ 1
[    1.822054] initcall crash_save_vmcoreinfo_init+0x0/0x756 returned 0 after 1953 usecs
[    1.823136] calling  crash_notes_memory_init+0x0/0x35 @ 1
[    1.824222] initcall crash_notes_memory_init+0x0/0x35 returned 0 after 0 usecs
[    1.825060] calling  cgroup_sysfs_init+0x0/0x13 @ 1
[    1.827784] initcall cgroup_sysfs_init+0x0/0x13 returned 0 after 0 usecs
[    1.828147] calling  cgroup_namespaces_init+0x0/0x7 @ 1
[    1.829064] initcall cgroup_namespaces_init+0x0/0x7 returned 0 after 0 usecs
[    1.830067] calling  init_optprobes+0x0/0x13 @ 1
[    1.831310] Kprobes globally optimized
[    1.832065] initcall init_optprobes+0x0/0x13 returned 0 after 976 usecs
[    1.833065] calling  oom_init+0x0/0x2f @ 1
[    1.835495] audit: type=2000 audit(1670910109.392:1): state=initialized audit_enabled=0 res=1
[    1.836208] initcall oom_init+0x0/0x2f returned 0 after 1953 usecs
[    1.837060] calling  default_bdi_init+0x0/0x35 @ 1
[    1.839338] initcall default_bdi_init+0x0/0x35 returned 0 after 976 usecs
[    1.840060] calling  percpu_enable_async+0x0/0xe @ 1
[    1.842075] initcall percpu_enable_async+0x0/0xe returned 0 after 0 usecs
[    1.843060] calling  kcompactd_init+0x0/0x46 @ 1
[    1.844362] initcall kcompactd_init+0x0/0x46 returned 0 after 0 usecs
[    1.845211] calling  init_user_reserve+0x0/0x30 @ 1
[    1.847088] initcall init_user_reserve+0x0/0x30 returned 0 after 0 usecs
[    1.848060] calling  init_admin_reserve+0x0/0x30 @ 1
[    1.849060] initcall init_admin_reserve+0x0/0x30 returned 0 after 0 usecs
[    1.850100] calling  init_reserve_notifier+0x0/0x7 @ 1
[    1.851104] initcall init_reserve_notifier+0x0/0x7 returned 0 after 0 usecs
[    1.852074] calling  swap_init_sysfs+0x0/0x62 @ 1
[    1.853144] initcall swap_init_sysfs+0x0/0x62 returned 0 after 0 usecs
[    1.854060] calling  swapfile_init+0x0/0x46 @ 1
[    1.855061] initcall swapfile_init+0x0/0x46 returned 0 after 0 usecs
[    1.856061] calling  hugetlb_init+0x0/0x411 @ 1
[    1.858136] HugeTLB registered 2.00 MiB page size, pre-allocated 0 pages
[    1.859109] initcall hugetlb_init+0x0/0x411 returned 0 after 976 usecs
[    1.860077] calling  io_wq_init+0x0/0x34 @ 1
[    1.861088] initcall io_wq_init+0x0/0x34 returned 0 after 0 usecs
[    1.862063] calling  seqiv_module_init+0x0/0xc @ 1
[    1.863161] initcall seqiv_module_init+0x0/0xc returned 0 after 0 usecs
[    1.864081] calling  echainiv_module_init+0x0/0xc @ 1
[    1.865062] initcall echainiv_module_init+0x0/0xc returned 0 after 0 usecs
[    1.866188] calling  rsa_init+0x0/0x50 @ 1
[    1.868272] cryptomgr_test (17) used greatest stack depth: 15544 bytes left
[    1.869119] initcall rsa_init+0x0/0x50 returned 0 after 1953 usecs
[    1.870060] calling  crypto_cmac_module_init+0x0/0xc @ 1
[    1.871060] initcall crypto_cmac_module_init+0x0/0xc returned 0 after 0 usecs
[    1.872060] calling  hmac_module_init+0x0/0xc @ 1
[    1.873060] initcall hmac_module_init+0x0/0xc returned 0 after 0 usecs
[    1.874060] calling  crypto_null_mod_init+0x0/0x65 @ 1
[    1.875194] initcall crypto_null_mod_init+0x0/0x65 returned 0 after 0 usecs
[    1.876060] calling  md5_mod_init+0x0/0xc @ 1
[    1.877098] initcall md5_mod_init+0x0/0xc returned 0 after 0 usecs
[    1.878061] calling  sha256_generic_mod_init+0x0/0x11 @ 1
[    1.879129] initcall sha256_generic_mod_init+0x0/0x11 returned 0 after 0 usecs
[    1.880063] calling  crypto_cbc_module_init+0x0/0xc @ 1
[    1.881062] initcall crypto_cbc_module_init+0x0/0xc returned 0 after 0 usecs
[    1.882062] calling  crypto_ctr_module_init+0x0/0x11 @ 1
[    1.883063] initcall crypto_ctr_module_init+0x0/0x11 returned 0 after 0 usecs
[    1.884062] calling  crypto_gcm_module_init+0x0/0x64 @ 1
[    1.885122] initcall crypto_gcm_module_init+0x0/0x64 returned 0 after 0 usecs
[    1.886062] calling  crypto_ccm_module_init+0x0/0x11 @ 1
[    1.887062] initcall crypto_ccm_module_init+0x0/0x11 returned 0 after 0 usecs
[    1.888060] calling  aes_init+0x0/0xc @ 1
[    1.889111] initcall aes_init+0x0/0xc returned 0 after 0 usecs
[    1.890060] calling  crc32c_mod_init+0x0/0xc @ 1
[    1.891103] initcall crc32c_mod_init+0x0/0xc returned 0 after 0 usecs
[    1.892062] calling  crypto_authenc_module_init+0x0/0xc @ 1
[    1.893064] initcall crypto_authenc_module_init+0x0/0xc returned 0 after 0 usecs
[    1.894061] calling  crypto_authenc_esn_module_init+0x0/0xc @ 1
[    1.895062] initcall crypto_authenc_esn_module_init+0x0/0xc returned 0 after 0 usecs
[    1.896061] calling  drbg_init+0x0/0x7c @ 1
[    1.897306] initcall drbg_init+0x0/0x7c returned 0 after 0 usecs
[    1.898062] calling  ghash_mod_init+0x0/0xc @ 1
[    1.899108] initcall ghash_mod_init+0x0/0xc returned 0 after 0 usecs
[    1.900061] calling  init_bio+0x0/0x9a @ 1
[    1.902128] initcall init_bio+0x0/0x9a returned 0 after 976 usecs
[    1.903061] calling  blk_settings_init+0x0/0x29 @ 1
[    1.904061] initcall blk_settings_init+0x0/0x29 returned 0 after 0 usecs
[    1.905061] calling  blk_ioc_init+0x0/0x29 @ 1
[    1.906067] initcall blk_ioc_init+0x0/0x29 returned 0 after 0 usecs
[    1.907060] calling  blk_mq_init+0x0/0x96 @ 1
[    1.908117] initcall blk_mq_init+0x0/0x96 returned 0 after 0 usecs
[    1.909060] calling  genhd_device_init+0x0/0x75 @ 1
[    1.911266] initcall genhd_device_init+0x0/0x75 returned 0 after 976 usecs
[    1.912130] calling  pci_slot_init+0x0/0x40 @ 1
[    1.913111] initcall pci_slot_init+0x0/0x40 returned 0 after 0 usecs
[    1.914061] calling  fbmem_init+0x0/0xd8 @ 1
[    1.915301] initcall fbmem_init+0x0/0xd8 returned 0 after 0 usecs
[    1.916089] calling  acpi_init+0x0/0x316 @ 1
[    1.917314] ACPI: Added _OSI(Module Device)
[    1.918061] ACPI: Added _OSI(Processor Device)
[    1.919058] ACPI: Added _OSI(3.0 _SCP Extensions)
[    1.920059] ACPI: Added _OSI(Processor Aggregator Device)
[    1.921060] ACPI: Added _OSI(Linux-Dell-Video)
[    1.922061] ACPI: Added _OSI(Linux-Lenovo-NV-HDMI-Audio)
[    1.923060] ACPI: Added _OSI(Linux-HPI-Hybrid-Graphics)
[    1.926548] ACPI: 1 ACPI AML tables successfully acquired and loaded
[    1.931394] ACPI: Interpreter enabled
[    1.932204] ACPI: (supports S0 S3 S4 S5)
[    1.933140] ACPI: Using IOAPIC for interrupt routing
[    1.934196] PCI: Using host bridge windows from ACPI; if necessary, use "pci=nocrs" and report a bug
[    1.935547] ACPI: Enabled 2 GPEs in block 00 to 3F
[    1.941558] ACPI: PCI Root Bridge [PCI0] (domain 0000 [bus 00-ff])
[    1.942150] acpi PNP0A08:00: _OSC: OS supports [ExtendedConfig ASPM ClockPM Segments MSI HPX-Type3]
[    1.943149] acpi PNP0A08:00: _OSC: platform does not support [LTR]
[    1.945121] acpi PNP0A08:00: _OSC: OS now controls [PME PCIeCapability]
[    1.946241] PCI host bridge to bus 0000:00
[    1.947090] pci_bus 0000:00: root bus resource [io  0x0000-0x0cf7 window]
[    1.948060] pci_bus 0000:00: root bus resource [io  0x0d00-0xffff window]
[    1.949060] pci_bus 0000:00: root bus resource [mem 0x000a0000-0x000bffff window]
[    1.950060] pci_bus 0000:00: root bus resource [mem 0x20000000-0xafffffff window]
[    1.951061] pci_bus 0000:00: root bus resource [mem 0xc0000000-0xfebfffff window]
[    1.952059] pci_bus 0000:00: root bus resource [mem 0x100000000-0x8ffffffff window]
[    1.953063] pci_bus 0000:00: root bus resource [bus 00-ff]
[    1.955098] pci 0000:00:00.0: calling  quirk_mmio_always_on+0x0/0x10 @ 1
[    1.956068] pci 0000:00:00.0: quirk_mmio_always_on+0x0/0x10 took 0 usecs
[    1.957079] pci 0000:00:00.0: [8086:29c0] type 00 class 0x060000
[    1.961841] pci 0000:00:00.0: calling  quirk_igfx_skip_te_disable+0x0/0x80 @ 1
[    1.962063] pci 0000:00:00.0: quirk_igfx_skip_te_disable+0x0/0x80 took 0 usecs
[    1.965532] pci 0000:00:01.0: [1234:1111] type 00 class 0x030000
[    1.971826] pci 0000:00:01.0: reg 0x10: [mem 0xfd000000-0xfdffffff pref]
[    1.981622] pci 0000:00:01.0: reg 0x18: [mem 0xfebf0000-0xfebf0fff]
[    1.997526] pci 0000:00:01.0: reg 0x30: [mem 0xfebe0000-0xfebeffff pref]
[    2.000325] pci 0000:00:01.0: calling  efifb_fixup_resources+0x0/0xf0 @ 1
[    2.001079] pci 0000:00:01.0: efifb_fixup_resources+0x0/0xf0 took 0 usecs
[    2.018541] pci 0000:00:1f.0: [8086:2918] type 00 class 0x060100
[    2.025395] pci 0000:00:1f.0: calling  quirk_ich7_lpc+0x0/0x60 @ 1
[    2.026313] pci 0000:00:1f.0: quirk: [io  0x0600-0x067f] claimed by ICH6 ACPI/GPIO/TCO
[    2.027488] pci 0000:00:1f.0: quirk_ich7_lpc+0x0/0x60 took 976 usecs
[    2.028525] pci 0000:00:1f.0: calling  quirk_igfx_skip_te_disable+0x0/0x80 @ 1
[    2.029062] pci 0000:00:1f.0: quirk_igfx_skip_te_disable+0x0/0x80 took 0 usecs
[    2.033229] pci 0000:00:1f.2: [8086:2922] type 00 class 0x010601
[    2.046163] pci 0000:00:1f.2: reg 0x20: [io  0xc040-0xc05f]
[    2.048804] pci 0000:00:1f.2: reg 0x24: [mem 0xfebf1000-0xfebf1fff]
[    2.050252] pci 0000:00:1f.2: calling  quirk_igfx_skip_te_disable+0x0/0x80 @ 1
[    2.051065] pci 0000:00:1f.2: quirk_igfx_skip_te_disable+0x0/0x80 took 0 usecs
[    2.056141] pci 0000:00:1f.3: [8086:2930] type 00 class 0x0c0500
[    2.062911] pci 0000:00:1f.3: reg 0x20: [io  0x0700-0x073f]
[    2.065858] pci 0000:00:1f.3: calling  quirk_igfx_skip_te_disable+0x0/0x80 @ 1
[    2.066065] pci 0000:00:1f.3: quirk_igfx_skip_te_disable+0x0/0x80 took 0 usecs
[    2.068520] pci_bus 0000:00: on NUMA node 0
[    2.071076] ACPI: PCI Interrupt Link [LNKA] (IRQs 5 *10 11)
[    2.072443] ACPI: PCI Interrupt Link [LNKB] (IRQs 5 *10 11)
[    2.073478] ACPI: PCI Interrupt Link [LNKC] (IRQs 5 10 *11)
[    2.074444] ACPI: PCI Interrupt Link [LNKD] (IRQs 5 10 *11)
[    2.075454] ACPI: PCI Interrupt Link [LNKE] (IRQs 5 *10 11)
[    2.076454] ACPI: PCI Interrupt Link [LNKF] (IRQs 5 *10 11)
[    2.077455] ACPI: PCI Interrupt Link [LNKG] (IRQs 5 10 *11)
[    2.079068] ACPI: PCI Interrupt Link [LNKH] (IRQs 5 10 *11)
[    2.080251] ACPI: PCI Interrupt Link [GSIA] (IRQs *16)
[    2.081085] ACPI: PCI Interrupt Link [GSIB] (IRQs *17)
[    2.082069] ACPI: PCI Interrupt Link [GSIC] (IRQs *18)
[    2.083098] ACPI: PCI Interrupt Link [GSID] (IRQs *19)
[    2.084069] ACPI: PCI Interrupt Link [GSIE] (IRQs *20)
[    2.085083] ACPI: PCI Interrupt Link [GSIF] (IRQs *21)
[    2.086069] ACPI: PCI Interrupt Link [GSIG] (IRQs *22)
[    2.087067] ACPI: PCI Interrupt Link [GSIH] (IRQs *23)
[    2.090504] initcall acpi_init+0x0/0x316 returned 0 after 168945 usecs
[    2.091143] calling  pnp_init+0x0/0xc @ 1
[    2.092084] initcall pnp_init+0x0/0xc returned 0 after 0 usecs
[    2.093059] calling  misc_init+0x0/0xbf @ 1
[    2.095074] initcall misc_init+0x0/0xbf returned 0 after 976 usecs
[    2.096060] calling  iommu_subsys_init+0x0/0x4e @ 1
[    2.097155] iommu: Default domain type: Translated 
[    2.098060] initcall iommu_subsys_init+0x0/0x4e returned 0 after 976 usecs
[    2.100061] calling  vga_arb_device_init+0x0/0x26c @ 1
[    2.102257] pci 0000:00:01.0: vgaarb: setting as boot VGA device
[    2.103054] pci 0000:00:01.0: vgaarb: VGA device added: decodes=io+mem,owns=io+mem,locks=none
[    2.103061] pci 0000:00:01.0: vgaarb: bridge control possible
[    2.104058] vgaarb: loaded
[    2.105064] initcall vga_arb_device_init+0x0/0x26c returned 0 after 3906 usecs
[    2.106164] calling  cn_init+0x0/0xf0 @ 1
[    2.107356] initcall cn_init+0x0/0xf0 returned 0 after 0 usecs
[    2.108064] calling  dma_buf_init+0x0/0xad @ 1
[    2.109681] initcall dma_buf_init+0x0/0xad returned 0 after 0 usecs
[    2.110061] calling  init_scsi+0x0/0x79 @ 1
[    2.112152] SCSI subsystem initialized
[    2.113082] initcall init_scsi+0x0/0x79 returned 0 after 1953 usecs
[    2.114076] calling  ata_init+0x0/0x332 @ 1
[    2.116691] libata version 3.00 loaded.
[    2.117061] initcall ata_init+0x0/0x332 returned 0 after 1953 usecs
[    2.118063] calling  phy_init+0x0/0x250 @ 1
[    2.120189] initcall phy_init+0x0/0x250 returned 0 after 976 usecs
[    2.121062] calling  init_pcmcia_cs+0x0/0x35 @ 1
[    2.123358] initcall init_pcmcia_cs+0x0/0x35 returned 0 after 976 usecs
[    2.125061] calling  usb_common_init+0x0/0x1c @ 1
[    2.126108] initcall usb_common_init+0x0/0x1c returned 0 after 0 usecs
[    2.127060] calling  usb_init+0x0/0x12e @ 1
[    2.128151] ACPI: bus type USB registered
[    2.129371] usbcore: registered new interface driver usbfs
[    2.130147] usbcore: registered new interface driver hub
[    2.131098] usbcore: registered new device driver usb
[    2.132061] initcall usb_init+0x0/0x12e returned 0 after 3906 usecs
[    2.133060] calling  serio_init+0x0/0x29 @ 1
[    2.134120] initcall serio_init+0x0/0x29 returned 0 after 0 usecs
[    2.135060] calling  input_init+0x0/0xf6 @ 1
[    2.136144] initcall input_init+0x0/0xf6 returned 0 after 0 usecs
[    2.137059] calling  rtc_init+0x0/0x4d @ 1
[    2.138081] initcall rtc_init+0x0/0x4d returned 0 after 0 usecs
[    2.139058] calling  pps_init+0x0/0xa9 @ 1
[    2.140136] pps_core: LinuxPPS API ver. 1 registered
[    2.141057] pps_core: Software ver. 5.3.6 - Copyright 2005-2007 Rodolfo Giometti <giometti@linux.it>
[    2.142060] initcall pps_init+0x0/0xa9 returned 0 after 1953 usecs
[    2.143058] calling  ptp_init+0x0/0x98 @ 1
[    2.144064] PTP clock support registered
[    2.145058] initcall ptp_init+0x0/0x98 returned 0 after 976 usecs
[    2.146058] calling  power_supply_class_init+0x0/0x3f @ 1
[    2.147153] initcall power_supply_class_init+0x0/0x3f returned 0 after 0 usecs
[    2.148058] calling  hwmon_init+0x0/0x104 @ 1
[    2.149100] initcall hwmon_init+0x0/0x104 returned 0 after 0 usecs
[    2.150059] calling  md_init+0x0/0x16b @ 1
[    2.152181] initcall md_init+0x0/0x16b returned 0 after 976 usecs
[    2.153073] calling  leds_init+0x0/0x3b @ 1
[    2.154080] initcall leds_init+0x0/0x3b returned 0 after 0 usecs
[    2.155058] calling  dmi_init+0x0/0x113 @ 1
[    2.157111] initcall dmi_init+0x0/0x113 returned 0 after 976 usecs
[    2.158059] calling  efisubsys_init+0x0/0x4e6 @ 1
[    2.159081] initcall efisubsys_init+0x0/0x4e6 returned 0 after 0 usecs
[    2.161062] calling  nvmem_init+0x0/0xc @ 1
[    2.162101] initcall nvmem_init+0x0/0xc returned 0 after 0 usecs
[    2.163061] calling  init_soundcore+0x0/0x33 @ 1
[    2.164091] initcall init_soundcore+0x0/0x33 returned 0 after 0 usecs
[    2.166059] calling  alsa_sound_init+0x0/0x8f @ 1
[    2.167150] Advanced Linux Sound Architecture Driver Initialized.
[    2.168060] initcall alsa_sound_init+0x0/0x8f returned 0 after 976 usecs
[    2.169073] calling  alsa_seq_device_init+0x0/0x71 @ 1
[    2.170122] initcall alsa_seq_device_init+0x0/0x71 returned 0 after 0 usecs
[    2.171060] calling  hda_bus_init+0x0/0xc @ 1
[    2.172086] initcall hda_bus_init+0x0/0xc returned 0 after 0 usecs
[    2.173059] calling  proto_init+0x0/0xc @ 1
[    2.174187] initcall proto_init+0x0/0xc returned 0 after 0 usecs
[    2.175059] calling  net_dev_init+0x0/0x1cc @ 1
[    2.177190] initcall net_dev_init+0x0/0x1cc returned 0 after 976 usecs
[    2.178060] calling  neigh_init+0x0/0x84 @ 1
[    2.179061] initcall neigh_init+0x0/0x84 returned 0 after 0 usecs
[    2.180059] calling  fib_notifier_init+0x0/0xc @ 1
[    2.182061] initcall fib_notifier_init+0x0/0xc returned 0 after 976 usecs
[    2.183062] calling  fib_rules_init+0x0/0xab @ 1
[    2.184091] initcall fib_rules_init+0x0/0xab returned 0 after 0 usecs
[    2.185064] calling  pktsched_init+0x0/0x10e @ 1
[    2.187062] initcall pktsched_init+0x0/0x10e returned 0 after 976 usecs
[    2.188202] calling  tc_filter_init+0x0/0xfa @ 1
[    2.191062] initcall tc_filter_init+0x0/0xfa returned 0 after 976 usecs
[    2.192061] calling  tc_action_init+0x0/0x54 @ 1
[    2.193063] initcall tc_action_init+0x0/0x54 returned 0 after 0 usecs
[    2.194061] calling  ethnl_init+0x0/0x52 @ 1
[    2.195176] initcall ethnl_init+0x0/0x52 returned 0 after 0 usecs
[    2.196062] calling  nexthop_init+0x0/0xd8 @ 1
[    2.198442] initcall nexthop_init+0x0/0xd8 returned 0 after 976 usecs
[    2.199062] calling  cipso_v4_init+0x0/0x5a @ 1
[    2.200650] initcall cipso_v4_init+0x0/0x5a returned 0 after 0 usecs
[    2.201061] calling  ieee80211_init+0x0/0x24 @ 1
[    2.203218] initcall ieee80211_init+0x0/0x24 returned 0 after 976 usecs
[    2.204061] calling  netlbl_init+0x0/0x78 @ 1
[    2.205190] NetLabel: Initializing
[    2.206058] NetLabel:  domain hash size = 128
[    2.207057] NetLabel:  protocols = UNLABELED CIPSOv4 CALIPSO
[    2.210094] NetLabel:  unlabeled traffic allowed by default
[    2.211062] initcall netlbl_init+0x0/0x78 returned 0 after 5859 usecs
[    2.212062] calling  rfkill_init+0x0/0x111 @ 1
[    2.215483] initcall rfkill_init+0x0/0x111 returned 0 after 1953 usecs
[    2.216062] calling  pci_subsys_init+0x0/0x66 @ 1
[    2.218057] PCI: Using ACPI for IRQ routing
[    2.973907] PCI: pci_cache_line_size set to 64 bytes
[    2.976059] e820: reserve RAM buffer [mem 0x0009fc00-0x0009ffff]
[    2.977174] e820: reserve RAM buffer [mem 0x1ffdf000-0x1fffffff]
[    2.979260] initcall pci_subsys_init+0x0/0x66 returned 0 after 744140 usecs
[    2.990210] calling  nmi_warning_debugfs+0x0/0x26 @ 1
[    2.991405] initcall nmi_warning_debugfs+0x0/0x26 returned 0 after 0 usecs
[    2.992226] calling  save_microcode_in_initrd+0x0/0x51 @ 1
[    2.994242] initcall save_microcode_in_initrd+0x0/0x51 returned 0 after 976 usecs
[    2.995214] calling  hpet_late_init+0x0/0x1f6 @ 1
[    2.998060] hpet: 3 channels of 0 reserved for per-cpu timers
[    2.999725] hpet0: at MMIO 0xfed00000, IRQs 2, 8, 0
[    3.001060] hpet0: 3 comparators, 64-bit 100.000000 MHz counter
[    3.008064] initcall hpet_late_init+0x0/0x1f6 returned 0 after 11718 usecs
[    3.009064] calling  init_amd_nbs+0x0/0x11c @ 1
[    3.010074] initcall init_amd_nbs+0x0/0x11c returned 0 after 0 usecs
[    3.011271] calling  clocksource_done_booting+0x0/0x41 @ 1
[    3.012591] clocksource: Switched to clocksource kvm-clock
[    3.022274] initcall clocksource_done_booting+0x0/0x41 returned 0 after 9972 usecs
[    3.033274] calling  tracer_init_tracefs+0x0/0x1fb @ 1
[    3.436826] initcall tracer_init_tracefs+0x0/0x1fb returned 0 after 385784 usecs
[    3.445729] calling  init_trace_printk_function_export+0x0/0x2c @ 1
[    3.453195] initcall init_trace_printk_function_export+0x0/0x2c returned 0 after 6 usecs
[    3.462720] calling  init_kprobe_trace+0x0/0x1a9 @ 1
[    3.468590] initcall init_kprobe_trace+0x0/0x1a9 returned 0 after 7 usecs
[    3.476649] calling  init_dynamic_event+0x0/0x3d @ 1
[    3.482890] initcall init_dynamic_event+0x0/0x3d returned 0 after 88 usecs
[    3.491156] calling  init_uprobe_trace+0x0/0x5c @ 1
[    3.497171] initcall init_uprobe_trace+0x0/0x5c returned 0 after 128 usecs
[    3.505453] calling  init_pipe_fs+0x0/0x44 @ 1
[    3.513439] initcall init_pipe_fs+0x0/0x44 returned 0 after 1861 usecs
[    3.524023] calling  inotify_user_setup+0x0/0x47 @ 1
[    3.531720] initcall inotify_user_setup+0x0/0x47 returned 0 after 228 usecs
[    3.541738] calling  eventpoll_init+0x0/0xcc @ 1
[    3.549561] initcall eventpoll_init+0x0/0xcc returned 0 after 460 usecs
[    3.557603] calling  anon_inode_init+0x0/0x58 @ 1
[    3.564186] initcall anon_inode_init+0x0/0x58 returned 0 after 519 usecs
[    3.572647] calling  proc_locks_init+0x0/0x27 @ 1
[    3.578355] initcall proc_locks_init+0x0/0x27 returned 0 after 143 usecs
[    3.586196] calling  iomap_init+0x0/0x1b @ 1
[    3.595870] initcall iomap_init+0x0/0x1b returned 0 after 4101 usecs
[    3.603908] calling  dquot_init+0x0/0xd7 @ 1
[    3.609121] VFS: Disk quotas dquot_6.6.0
[    3.614925] VFS: Dquot-cache hash table entries: 512 (order 0, 4096 bytes)
[    3.623482] initcall dquot_init+0x0/0xd7 returned 0 after 14020 usecs
[    3.631458] calling  quota_init+0x0/0x23 @ 1
[    3.638091] initcall quota_init+0x0/0x23 returned 0 after 1342 usecs
[    3.646043] calling  proc_cmdline_init+0x0/0x21 @ 1
[    3.652005] initcall proc_cmdline_init+0x0/0x21 returned 0 after 29 usecs
[    3.659931] calling  proc_consoles_init+0x0/0x24 @ 1
[    3.665856] initcall proc_consoles_init+0x0/0x24 returned 0 after 19 usecs
[    3.674038] calling  proc_cpuinfo_init+0x0/0x1e @ 1
[    3.679867] initcall proc_cpuinfo_init+0x0/0x1e returned 0 after 2 usecs
[    3.687822] calling  proc_devices_init+0x0/0x24 @ 1
[    3.693632] initcall proc_devices_init+0x0/0x24 returned 0 after 17 usecs
[    3.701527] calling  proc_interrupts_init+0x0/0x24 @ 1
[    3.707697] initcall proc_interrupts_init+0x0/0x24 returned 0 after 2 usecs
[    3.715962] calling  proc_loadavg_init+0x0/0x21 @ 1
[    3.721726] initcall proc_loadavg_init+0x0/0x21 returned 0 after 2 usecs
[    3.729645] calling  proc_meminfo_init+0x0/0x21 @ 1
[    3.735496] initcall proc_meminfo_init+0x0/0x21 returned 0 after 16 usecs
[    3.743479] calling  proc_stat_init+0x0/0x1e @ 1
[    3.749188] initcall proc_stat_init+0x0/0x1e returned 0 after 3 usecs
[    3.756714] calling  proc_uptime_init+0x0/0x21 @ 1
[    3.762451] initcall proc_uptime_init+0x0/0x21 returned 0 after 2 usecs
[    3.770432] calling  proc_version_init+0x0/0x21 @ 1
[    3.776274] initcall proc_version_init+0x0/0x21 returned 0 after 2 usecs
[    3.784298] calling  proc_softirqs_init+0x0/0x21 @ 1
[    3.790308] initcall proc_softirqs_init+0x0/0x21 returned 0 after 2 usecs
[    3.798332] calling  proc_kcore_init+0x0/0xea @ 1
[    3.804207] initcall proc_kcore_init+0x0/0xea returned 0 after 157 usecs
[    3.812261] calling  vmcore_init+0x0/0x578 @ 1
[    3.817648] initcall vmcore_init+0x0/0x578 returned 0 after 16 usecs
[    3.826238] calling  proc_kmsg_init+0x0/0x21 @ 1
[    3.832449] initcall proc_kmsg_init+0x0/0x21 returned 0 after 3 usecs
[    3.840345] calling  proc_page_init+0x0/0x3b @ 1
[    3.845906] initcall proc_page_init+0x0/0x3b returned 0 after 4 usecs
[    3.853669] calling  init_ramfs_fs+0x0/0xc @ 1
[    3.859175] initcall init_ramfs_fs+0x0/0xc returned 0 after 30 usecs
[    3.866781] calling  init_hugetlbfs_fs+0x0/0xf6 @ 1
[    3.873056] initcall init_hugetlbfs_fs+0x0/0xf6 returned 0 after 161 usecs
[    3.881324] calling  blk_scsi_ioctl_init+0x0/0x2a5 @ 1
[    3.887579] initcall blk_scsi_ioctl_init+0x0/0x2a5 returned 0 after 37 usecs
[    3.896135] calling  acpi_event_init+0x0/0x2c @ 1
[    3.902740] initcall acpi_event_init+0x0/0x2c returned 0 after 395 usecs
[    3.911235] calling  pnp_system_init+0x0/0xc @ 1
[    3.918673] initcall pnp_system_init+0x0/0xc returned 0 after 1488 usecs
[    3.926655] calling  pnpacpi_init+0x0/0x69 @ 1
[    3.932170] pnp: PnP ACPI init
[    3.936787] pnp 00:00: Plug and Play ACPI device, IDs PNP0303 (active)
[    3.944722] pnp 00:01: Plug and Play ACPI device, IDs PNP0f13 (active)
[    3.952676] pnp 00:02: Plug and Play ACPI device, IDs PNP0400 (active)
[    3.960604] pnp 00:03: Plug and Play ACPI device, IDs PNP0501 (active)
[    3.968471] pnp 00:04: Plug and Play ACPI device, IDs PNP0b00 (active)
[    3.976801] system 00:05: [mem 0xb0000000-0xbfffffff window] has been reserved
[    3.985420] system 00:05: Plug and Play ACPI device, IDs PNP0c01 (active)
[    3.994763] pnp: PnP ACPI: found 6 devices
[    3.999871] initcall pnpacpi_init+0x0/0x69 returned 0 after 66204 usecs
[    4.007746] calling  chr_dev_init+0x0/0x14d @ 1
[    4.017113] initcall chr_dev_init+0x0/0x14d returned 0 after 3726 usecs
[    4.025482] calling  firmware_class_init+0x0/0xde @ 1
[    4.032154] initcall firmware_class_init+0x0/0xde returned 0 after 48 usecs
[    4.041076] calling  init_pcmcia_bus+0x0/0x5b @ 1
[    4.047286] initcall init_pcmcia_bus+0x0/0x5b returned 0 after 111 usecs
[    4.055833] calling  init_acpi_pm_clocksource+0x0/0xda @ 1
[    4.068365] clocksource: acpi_pm: mask: 0xffffff max_cycles: 0xffffff, max_idle_ns: 2085701024 ns
[    4.079890] initcall init_acpi_pm_clocksource+0x0/0xda returned 0 after 16702 usecs
[    4.089734] calling  sysctl_core_init+0x0/0x26 @ 1
[    4.095779] initcall sysctl_core_init+0x0/0x26 returned 0 after 280 usecs
[    4.103743] calling  eth_offload_init+0x0/0x13 @ 1
[    4.109554] initcall eth_offload_init+0x0/0x13 returned 0 after 16 usecs
[    4.117552] calling  ipv4_offload_init+0x0/0x73 @ 1
[    4.123786] initcall ipv4_offload_init+0x0/0x73 returned 0 after 53 usecs
[    4.139268] calling  inet_init+0x0/0x276 @ 1
[    4.146229] NET: Registered protocol family 2
[    4.153916] IP idents hash table entries: 8192 (order: 4, 65536 bytes, linear)
[    4.165869] tcp_listen_portaddr_hash hash table entries: 256 (order: 0, 4096 bytes, linear)
[    4.176469] TCP established hash table entries: 4096 (order: 3, 32768 bytes, linear)
[    4.186213] TCP bind hash table entries: 4096 (order: 3, 32768 bytes, linear)
[    4.194698] TCP: Hash tables configured (established 4096 bind 4096)
[    4.203416] UDP hash table entries: 256 (order: 1, 8192 bytes, linear)
[    4.211207] UDP-Lite hash table entries: 256 (order: 1, 8192 bytes, linear)
[    4.219914] initcall inet_init+0x0/0x276 returned 0 after 73105 usecs
[    4.227577] calling  af_unix_init+0x0/0x4d @ 1
[    4.232907] NET: Registered protocol family 1
[    4.238297] initcall af_unix_init+0x0/0x4d returned 0 after 5265 usecs
[    4.249330] calling  ipv6_offload_init+0x0/0x7e @ 1
[    4.255301] initcall ipv6_offload_init+0x0/0x7e returned 0 after 99 usecs
[    4.263730] calling  init_sunrpc+0x0/0x65 @ 1
[    4.271406] RPC: Registered named UNIX socket transport module.
[    4.279351] RPC: Registered udp transport module.
[    4.285428] RPC: Registered tcp transport module.
[    4.291094] RPC: Registered tcp NFSv4.1 backchannel transport module.
[    4.298654] initcall init_sunrpc+0x0/0x65 returned 0 after 28982 usecs
[    4.306975] calling  cfg80211_init+0x0/0xc5 @ 1
[    4.314738] initcall cfg80211_init+0x0/0xc5 returned 0 after 1849 usecs
[    4.322327] calling  pcibios_assign_resources+0x0/0xa8 @ 1
[    4.328846] pci_bus 0000:00: resource 4 [io  0x0000-0x0cf7 window]
[    4.335942] pci_bus 0000:00: resource 5 [io  0x0d00-0xffff window]
[    4.342890] pci_bus 0000:00: resource 6 [mem 0x000a0000-0x000bffff window]
[    4.350723] pci_bus 0000:00: resource 7 [mem 0x20000000-0xafffffff window]
[    4.358573] pci_bus 0000:00: resource 8 [mem 0xc0000000-0xfebfffff window]
[    4.366427] pci_bus 0000:00: resource 9 [mem 0x100000000-0x8ffffffff window]
[    4.374769] initcall pcibios_assign_resources+0x0/0xa8 returned 0 after 45045 usecs
[    4.383724] calling  pci_apply_final_quirks+0x0/0x124 @ 1
[    4.390470] pci 0000:00:01.0: calling  pci_fixup_video+0x0/0xe0 @ 1
[    4.398229] pci 0000:00:01.0: Video device with shadowed ROM at [mem 0x000c0000-0x000dffff]
[    4.407816] pci 0000:00:01.0: pci_fixup_video+0x0/0xe0 took 9671 usecs
[    4.415729] PCI: CLS 0 bytes, default 64
[    4.420504] initcall pci_apply_final_quirks+0x0/0x124 returned 0 after 29600 usecs
[    4.429164] calling  acpi_reserve_resources+0x0/0xea @ 1
[    4.436487] initcall acpi_reserve_resources+0x0/0xea returned 0 after 53 usecs
[    4.446264] calling  populate_rootfs+0x0/0x102 @ 1
[    4.453955] initcall populate_rootfs+0x0/0x102 returned 0 after 1998 usecs
[    4.461929] calling  pci_iommu_init+0x0/0x3e @ 1
[    4.467455] initcall pci_iommu_init+0x0/0x3e returned 0 after 132 usecs
[    4.476349] calling  ia32_binfmt_init+0x0/0x13 @ 1
[    4.481892] initcall ia32_binfmt_init+0x0/0x13 returned 0 after 28 usecs
[    4.489666] calling  rapl_pmu_init+0x0/0x25f @ 1
[    4.495160] initcall rapl_pmu_init+0x0/0x25f returned -19 after 145 usecs
[    4.502834] calling  amd_uncore_init+0x0/0x310 @ 1
[    4.508361] initcall amd_uncore_init+0x0/0x310 returned -19 after 0 usecs
[    4.516203] calling  amd_ibs_init+0x0/0x233 @ 1
[    4.521558] initcall amd_ibs_init+0x0/0x233 returned -19 after 0 usecs
[    4.529101] calling  amd_iommu_pc_init+0x0/0x20c @ 1
[    4.534795] initcall amd_iommu_pc_init+0x0/0x20c returned -19 after 0 usecs
[    4.542682] calling  msr_init+0x0/0x55 @ 1
[    4.549221] initcall msr_init+0x0/0x55 returned 0 after 110 usecs
[    4.556206] calling  intel_uncore_init+0x0/0x31e @ 1
[    4.561927] initcall intel_uncore_init+0x0/0x31e returned -19 after 29 usecs
[    4.570013] calling  cstate_pmu_init+0x0/0x181 @ 1
[    4.575635] initcall cstate_pmu_init+0x0/0x181 returned -19 after 0 usecs
[    4.583308] calling  register_kernel_offset_dumper+0x0/0x1a @ 1
[    4.590020] initcall register_kernel_offset_dumper+0x0/0x1a returned 0 after 26 usecs
[    4.598855] calling  i8259A_init_ops+0x0/0x20 @ 1
[    4.604511] initcall i8259A_init_ops+0x0/0x20 returned 0 after 13 usecs
[    4.612065] calling  init_tsc_clocksource+0x0/0xa4 @ 1
[    4.618025] clocksource: tsc: mask: 0xffffffffffffffff max_cycles: 0x39a85afc727, max_idle_ns: 881590685098 ns
[    4.630224] initcall init_tsc_clocksource+0x0/0xa4 returned 0 after 12463 usecs
[    4.639169] calling  add_rtc_cmos+0x0/0xb0 @ 1
[    4.644396] initcall add_rtc_cmos+0x0/0xb0 returned 0 after 74 usecs
[    4.651626] calling  i8237A_init_ops+0x0/0x3a @ 1
[    4.657691] initcall i8237A_init_ops+0x0/0x3a returned 0 after 319 usecs
[    4.665413] calling  umwait_init+0x0/0x94 @ 1
[    4.670465] initcall umwait_init+0x0/0x94 returned -19 after 17 usecs
[    4.677773] calling  thermal_throttle_init_device+0x0/0x3d @ 1
[    4.684503] initcall thermal_throttle_init_device+0x0/0x3d returned 0 after 21 usecs
[    4.693641] calling  msr_init+0x0/0xd7 @ 1
[    4.699221] initcall msr_init+0x0/0xd7 returned 0 after 780 usecs
[    4.706891] calling  cpuid_init+0x0/0xd7 @ 1
[    4.712648] initcall cpuid_init+0x0/0xd7 returned 0 after 735 usecs
[    4.719895] calling  ioapic_init_ops+0x0/0x13 @ 1
[    4.725419] initcall ioapic_init_ops+0x0/0x13 returned 0 after 20 usecs
[    4.732994] calling  add_pcspkr+0x0/0x6c @ 1
[    4.738116] initcall add_pcspkr+0x0/0x6c returned 0 after 116 usecs
[    4.745419] calling  start_periodic_check_for_corruption+0x0/0x30 @ 1
[    4.752762] check: Scanning for low memory corruption every 60 seconds
[    4.760135] initcall start_periodic_check_for_corruption+0x0/0x30 returned 0 after 7197 usecs
[    4.770187] calling  sysfb_init+0x0/0x9c @ 1
[    4.775274] initcall sysfb_init+0x0/0x9c returned 0 after 148 usecs
[    4.783231] calling  audit_classes_init+0x0/0xae @ 1
[    4.789674] initcall audit_classes_init+0x0/0xae returned 0 after 89 usecs
[    4.797593] calling  iosf_mbi_init+0x0/0x24 @ 1
[    4.803451] initcall iosf_mbi_init+0x0/0x24 returned 0 after 598 usecs
[    4.811426] calling  proc_execdomains_init+0x0/0x21 @ 1
[    4.817562] initcall proc_execdomains_init+0x0/0x21 returned 0 after 33 usecs
[    4.827165] calling  register_warn_debugfs+0x0/0x23 @ 1
[    4.833264] initcall register_warn_debugfs+0x0/0x23 returned 0 after 76 usecs
[    4.841359] calling  ioresources_init+0x0/0x49 @ 1
[    4.846817] initcall ioresources_init+0x0/0x49 returned 0 after 5 usecs
[    4.854251] calling  snapshot_device_init+0x0/0xc @ 1
[    4.860993] initcall snapshot_device_init+0x0/0xc returned 0 after 962 usecs
[    4.868950] calling  irq_pm_init_ops+0x0/0x13 @ 1
[    4.874401] initcall irq_pm_init_ops+0x0/0x13 returned 0 after 39 usecs
[    4.881774] calling  rcu_torture_init+0x0/0x89f @ 1
[    4.887419] rcu-torture:--- Start of test: nreaders=1 nfakewriters=4 stat_interval=15 verbose=1 test_no_idle_hz=1 shuffle_interval=3 stutter=5 irqreader=1 fqs_duration=0 fqs_holdoff=0 fqs_stutter=3 test_boost=1/0 test_boost_interval=7 test_boost_duration=4 shutdown_secs=1800 stall_cpu=0 stall_cpu_holdoff=10 stall_cpu_irqsoff=0 stall_cpu_block=0 n_barrier_cbs=4 onoff_interval=0 onoff_holdoff=0 read_exit_delay=13 read_exit_burst=16
[    4.929244] rcu:  Start-test grace-period state: g0 f0x0
[    4.935431] rcu-torture: Creating rcu_torture_writer task
[    4.941794] rcu-torture: Creating rcu_torture_fakewriter task
[    4.949205] rcu-torture: rcu_torture_writer task started
[    4.955455] rcu-torture: GP expediting controlled from boot/sysfs for rcu.
[    4.963374] rcu_torture_writer: Testing conditional GPs.
[    4.969587] rcu_torture_writer: Testing expedited GPs.
[    4.975778] rcu_torture_writer: Testing asynchronous GPs.
[    4.982119] rcu_torture_writer: Testing normal GPs.
[    4.987840] rcu-torture: Creating rcu_torture_fakewriter task
[    4.994989] rcu-torture: rcu_torture_fakewriter task started
[    5.002011] rcu-torture: Creating rcu_torture_fakewriter task
[    5.008764] rcu-torture: rcu_torture_fakewriter task started
[    5.015911] rcu-torture: Creating rcu_torture_fakewriter task
[    5.022633] rcu-torture: rcu_torture_fakewriter task started
[    5.030171] rcu-torture: Creating rcu_torture_reader task
[    5.036592] rcu-torture: rcu_torture_fakewriter task started
[    5.044516] rcu-torture: Creating rcu_torture_stats task
[    5.050766] rcu-torture: rcu_torture_reader task started
[    5.058207] rcu-torture: Creating torture_shuffle task
[    5.064374] rcu-torture: rcu_torture_stats task started
[    5.072176] rcu-torture: Creating torture_stutter task
[    5.079012] rcu-torture: torture_shuffle task started
[    5.086377] rcu-torture: Creating torture_shutdown task
[    5.092572] rcu-torture: torture_stutter task started
[    5.099375] rcu-torture: Creating rcu_torture_fwd_prog task
[    5.105851] rcu-torture: torture_shutdown task started
[    5.111826] rcu-torture:torture_shutdown task: 1799974 ms remaining
[    5.119783] rcu-torture: Creating rcu_torture_barrier_cbs task
[    5.126689] rcu-torture: rcu_torture_fwd_progress task started
[    5.134478] rcu-torture: Creating rcu_torture_barrier_cbs task
[    5.142074] rcu-torture: rcu_torture_barrier_cbs task started
[    5.149695] rcu-torture: Creating rcu_torture_barrier_cbs task
[    5.156719] rcu-torture: rcu_torture_barrier_cbs task started
[    5.163708] rcu-torture: Creating rcu_torture_barrier_cbs task
[    5.172276] rcu-torture: rcu_torture_barrier_cbs task started
[    5.180800] rcu-torture: Creating rcu_torture_barrier task
[    5.189230] rcu-torture: rcu_torture_barrier_cbs task started
[    5.197800] rcu-torture: Creating rcu_torture_read_exit task
[    5.204941] rcu-torture: rcu_torture_barrier task starting
[    5.212433] initcall rcu_torture_init+0x0/0x89f returned 0 after 317483 usecs
[    5.221403] calling  timekeeping_init_ops+0x0/0x13 @ 1
[    5.229000] initcall timekeeping_init_ops+0x0/0x13 returned 0 after 15 usecs
[    5.239277] calling  init_clocksource_sysfs+0x0/0x23 @ 1
[    5.247218] initcall init_clocksource_sysfs+0x0/0x23 returned 0 after 224 usecs
[    5.257766] calling  init_timer_list_procfs+0x0/0x31 @ 1
[    5.265425] initcall init_timer_list_procfs+0x0/0x31 returned 0 after 5 usecs
[    5.275322] calling  alarmtimer_init+0x0/0xb5 @ 1
[    5.282404] initcall alarmtimer_init+0x0/0xb5 returned 0 after 296 usecs
[    5.293346] calling  init_posix_timers+0x0/0x29 @ 1
[    5.300564] initcall init_posix_timers+0x0/0x29 returned 0 after 12 usecs
[    5.308888] calling  clockevents_init_sysfs+0x0/0x8b @ 1
[    5.315051] initcall clockevents_init_sysfs+0x0/0x8b returned 0 after 112 usecs
[    5.323331] calling  proc_dma_init+0x0/0x21 @ 1
[    5.328608] initcall proc_dma_init+0x0/0x21 returned 0 after 14 usecs
[    5.335873] calling  proc_modules_init+0x0/0x1e @ 1
[    5.341467] initcall proc_modules_init+0x0/0x1e returned 0 after 3 usecs
[    5.348965] calling  kallsyms_init+0x0/0x21 @ 1
[    5.354689] initcall kallsyms_init+0x0/0x21 returned 0 after 3 usecs
[    5.361842] calling  pid_namespaces_init+0x0/0x2c @ 1
[    5.368403] initcall pid_namespaces_init+0x0/0x2c returned 0 after 23 usecs
[    5.378370] calling  audit_watch_init+0x0/0x37 @ 1
[    5.385212] initcall audit_watch_init+0x0/0x37 returned 0 after 2 usecs
[    5.394661] calling  audit_fsnotify_init+0x0/0x37 @ 1
[    5.401887] initcall audit_fsnotify_init+0x0/0x37 returned 0 after 1 usecs
[    5.411663] calling  audit_tree_init+0x0/0x6d @ 1
[    5.418499] initcall audit_tree_init+0x0/0x6d returned 0 after 21 usecs
[    5.427878] calling  seccomp_sysctl_init+0x0/0x2b @ 1
[    5.434922] initcall seccomp_sysctl_init+0x0/0x2b returned 0 after 29 usecs
[    5.442779] calling  utsname_sysctl_init+0x0/0x13 @ 1
[    5.448524] initcall utsname_sysctl_init+0x0/0x13 returned 0 after 20 usecs
[    5.456434] calling  init_tracepoints+0x0/0x27 @ 1
[    5.462101] initcall init_tracepoints+0x0/0x27 returned 0 after 108 usecs
[    5.471381] calling  init_blk_tracer+0x0/0x50 @ 1
[    5.481801] initcall init_blk_tracer+0x0/0x50 returned 0 after 3623 usecs
[    5.491503] calling  perf_event_sysfs_init+0x0/0x81 @ 1
[    5.499505] initcall perf_event_sysfs_init+0x0/0x81 returned 0 after 504 usecs
[    5.508483] calling  system_trusted_keyring_init+0x0/0x5f @ 1
[    5.515194] Initialise system trusted keyrings
[    5.520468] initcall system_trusted_keyring_init+0x0/0x5f returned 0 after 5148 usecs
[    5.529403] calling  kswapd_init+0x0/0x13 @ 1
[    5.534492] rcu-torture: rcu_torture_read_exit: Start of test
[    5.541370] initcall kswapd_init+0x0/0x13 returned 0 after 6724 usecs
[    5.549434] calling  extfrag_debug_init+0x0/0x54 @ 1
[    5.556239] initcall extfrag_debug_init+0x0/0x54 returned 0 after 249 usecs
[    5.564535] calling  slab_proc_init+0x0/0x21 @ 1
[    5.570053] initcall slab_proc_init+0x0/0x21 returned 0 after 70 usecs
[    5.577855] calling  workingset_init+0x0/0x8c @ 1
[    5.583530] workingset: timestamp_bits=62 max_order=17 bucket_order=0
[    5.591268] initcall workingset_init+0x0/0x8c returned 0 after 7568 usecs
[    5.599176] calling  proc_vmalloc_init+0x0/0x27 @ 1
[    5.605055] initcall proc_vmalloc_init+0x0/0x27 returned 0 after 18 usecs
[    5.613222] calling  procswaps_init+0x0/0x1e @ 1
[    5.618718] initcall procswaps_init+0x0/0x1e returned 0 after 36 usecs
[    5.626408] calling  slab_sysfs_init+0x0/0xea @ 1
[    5.634250] initcall slab_sysfs_init+0x0/0xea returned 0 after 2177 usecs
[    5.643541] calling  fcntl_init+0x0/0x29 @ 1
[    5.648536] initcall fcntl_init+0x0/0x29 returned 0 after 8 usecs
[    5.655549] calling  proc_filesystems_init+0x0/0x21 @ 1
[    5.661460] initcall proc_filesystems_init+0x0/0x21 returned 0 after 3 usecs
[    5.669376] calling  start_dirtytime_writeback+0x0/0x29 @ 1
[    5.675653] initcall start_dirtytime_writeback+0x0/0x29 returned 0 after 1 usecs
[    5.684193] calling  blkdev_init+0x0/0x1b @ 1
[    5.689474] initcall blkdev_init+0x0/0x1b returned 0 after 151 usecs
[    5.696980] calling  dio_init+0x0/0x2c @ 1
[    5.701826] initcall dio_init+0x0/0x2c returned 0 after 43 usecs
[    5.708826] calling  dnotify_init+0x0/0x78 @ 1
[    5.714537] initcall dnotify_init+0x0/0x78 returned 0 after 10 usecs
[    5.722072] calling  aio_setup+0x0/0x78 @ 1
[    5.727844] initcall aio_setup+0x0/0x78 returned 0 after 200 usecs
[    5.735943] calling  io_uring_init+0x0/0x2c @ 1
[    5.742408] initcall io_uring_init+0x0/0x2c returned 0 after 6 usecs
[    5.749783] calling  mbcache_init+0x0/0x30 @ 1
[    5.755240] initcall mbcache_init+0x0/0x30 returned 0 after 206 usecs
[    5.762694] calling  init_grace+0x0/0xc @ 1
[    5.767604] initcall init_grace+0x0/0xc returned 0 after 3 usecs
[    5.774596] calling  init_v2_quota_format+0x0/0x21 @ 1
[    5.780581] initcall init_v2_quota_format+0x0/0x21 returned 0 after 16 usecs
[    5.788637] calling  init_devpts_fs+0x0/0x27 @ 1
[    5.794201] initcall init_devpts_fs+0x0/0x27 returned 0 after 112 usecs
[    5.801783] calling  ext4_init_fs+0x0/0x1cb @ 1
[    5.807386] initcall ext4_init_fs+0x0/0x1cb returned 0 after 367 usecs
[    5.814882] calling  journal_init+0x0/0x11c @ 1
[    5.820244] initcall journal_init+0x0/0x11c returned 0 after 69 usecs
[    5.827483] calling  init_fat_fs+0x0/0x49 @ 1
[    5.832546] initcall init_fat_fs+0x0/0x49 returned 0 after 66 usecs
[    5.839701] calling  init_vfat_fs+0x0/0xc @ 1
[    5.844787] initcall init_vfat_fs+0x0/0xc returned 0 after 18 usecs
[    5.852001] calling  init_msdos_fs+0x0/0xc @ 1
[    5.857214] initcall init_msdos_fs+0x0/0xc returned 0 after 1 usecs
[    5.864391] calling  init_iso9660_fs+0x0/0x6c @ 1
[    5.870567] rcu_torture_rea (62) used greatest stack depth: 15512 bytes left
[    5.878782] initcall init_iso9660_fs+0x0/0x6c returned 0 after 8588 usecs
[    5.886602] calling  init_nfs_fs+0x0/0x13a @ 1
[    5.892508] initcall init_nfs_fs+0x0/0x13a returned 0 after 576 usecs
[    5.900044] calling  init_nfs_v2+0x0/0x13 @ 1
[    5.905872] initcall init_nfs_v2+0x0/0x13 returned 0 after 77 usecs
[    5.913138] calling  init_nfs_v3+0x0/0x13 @ 1
[    5.918268] initcall init_nfs_v3+0x0/0x13 returned 0 after 26 usecs
[    5.925569] calling  init_nfs_v4+0x0/0x32 @ 1
[    5.930719] NFS: Registering the id_resolver key type
[    5.936673] Key type id_resolver registered
[    5.941651] Key type id_legacy registered
[    5.946461] initcall init_nfs_v4+0x0/0x32 returned 0 after 15372 usecs
[    5.954163] calling  init_nlm+0x0/0x5b @ 1
[    5.959200] initcall init_nlm+0x0/0x5b returned 0 after 82 usecs
[    5.966196] calling  init_nls_cp437+0x0/0xe @ 1
[    5.971525] initcall init_nls_cp437+0x0/0xe returned 0 after 63 usecs
[    5.978987] calling  init_nls_ascii+0x0/0xe @ 1
[    5.984197] initcall init_nls_ascii+0x0/0xe returned 0 after 0 usecs
[    5.991499] calling  init_nls_iso8859_1+0x0/0xe @ 1
[    5.997040] initcall init_nls_iso8859_1+0x0/0xe returned 0 after 0 usecs
[    6.005989] calling  init_nls_utf8+0x0/0x21 @ 1
[    6.011502] initcall init_nls_utf8+0x0/0x21 returned 0 after 1 usecs
[    6.018786] calling  init_autofs_fs+0x0/0x25 @ 1
[    6.024341] initcall init_autofs_fs+0x0/0x25 returned 0 after 204 usecs
[    6.031999] calling  ipc_init+0x0/0x24 @ 1
[    6.036787] initcall ipc_init+0x0/0x24 returned 0 after 28 usecs
[    6.043639] calling  ipc_sysctl_init+0x0/0x13 @ 1
[    6.049266] initcall ipc_sysctl_init+0x0/0x13 returned 0 after 26 usecs
[    6.056815] calling  init_mqueue_fs+0x0/0x92 @ 1
[    6.062318] initcall init_mqueue_fs+0x0/0x92 returned 0 after 173 usecs
[    6.071301] calling  key_proc_init+0x0/0x63 @ 1
[    6.076530] initcall key_proc_init+0x0/0x63 returned 0 after 4 usecs
[    6.084145] calling  selinux_nf_ip_init+0x0/0x2e @ 1
[    6.089837] initcall selinux_nf_ip_init+0x0/0x2e returned 0 after 64 usecs
[    6.097585] calling  init_sel_fs+0x0/0x116 @ 1
[    6.102743] initcall init_sel_fs+0x0/0x116 returned 0 after 0 usecs
[    6.109942] calling  selnl_init+0x0/0x7c @ 1
[    6.114913] initcall selnl_init+0x0/0x7c returned 0 after 41 usecs
[    6.122038] calling  sel_netif_init+0x0/0x36 @ 1
[    6.127472] initcall sel_netif_init+0x0/0x36 returned 0 after 0 usecs
[    6.136689] calling  sel_netnode_init+0x0/0x33 @ 1
[    6.142143] initcall sel_netnode_init+0x0/0x33 returned 0 after 0 usecs
[    6.154037] calling  sel_netport_init+0x0/0x33 @ 1
[    6.159804] initcall sel_netport_init+0x0/0x33 returned 0 after 80 usecs
[    6.167521] calling  aurule_init+0x0/0x2a @ 1
[    6.172759] initcall aurule_init+0x0/0x2a returned 0 after 162 usecs
[    6.180041] calling  crypto_algapi_init+0x0/0xc @ 1
[    6.186282] initcall crypto_algapi_init+0x0/0xc returned 0 after 529 usecs
[    6.194214] calling  jent_mod_init+0x0/0x2d @ 1
[    6.211977] initcall jent_mod_init+0x0/0x2d returned 0 after 12128 usecs
[    6.220424] calling  asymmetric_key_init+0x0/0xc @ 1
[    6.227474] Key type asymmetric registered
[    6.233573] initcall asymmetric_key_init+0x0/0xc returned 0 after 6153 usecs
[    6.243926] calling  x509_key_init+0x0/0xc @ 1
[    6.250526] Asymmetric key parser 'x509' registered
[    6.257780] initcall x509_key_init+0x0/0xc returned 0 after 7213 usecs
[    6.265564] calling  proc_genhd_init+0x0/0x41 @ 1
[    6.271239] initcall proc_genhd_init+0x0/0x41 returned 0 after 26 usecs
[    6.278978] calling  bsg_init+0x0/0x113 @ 1
[    6.284897] Block layer SCSI generic (bsg) driver version 0.4 loaded (major 251)
[    6.294560] initcall bsg_init+0x0/0x113 returned 0 after 10277 usecs
[    6.302585] calling  deadline_init+0x0/0xc @ 1
[    6.307838] io scheduler mq-deadline registered
[    6.313211] initcall deadline_init+0x0/0xc returned 0 after 5266 usecs
[    6.320903] calling  kyber_init+0x0/0xc @ 1
[    6.326188] io scheduler kyber registered
[    6.331005] initcall kyber_init+0x0/0xc returned 0 after 4842 usecs
[    6.338476] calling  mod_init+0x0/0x7 @ 1
[    6.343314] initcall mod_init+0x0/0x7 returned 0 after 0 usecs
[    6.350170] calling  sg_pool_init+0x0/0xb4 @ 1
[    6.356506] initcall sg_pool_init+0x0/0xb4 returned 0 after 955 usecs
[    6.364073] calling  pcie_portdrv_init+0x0/0x39 @ 1
[    6.370549] initcall pcie_portdrv_init+0x0/0x39 returned 0 after 734 usecs
[    6.378680] calling  pci_proc_init+0x0/0x68 @ 1
[    6.384145] initcall pci_proc_init+0x0/0x68 returned 0 after 33 usecs
[    6.391824] calling  pci_hotplug_init+0x0/0x7 @ 1
[    6.397422] initcall pci_hotplug_init+0x0/0x7 returned 0 after 0 usecs
[    6.405132] calling  efifb_driver_init+0x0/0xe @ 1
[    6.410859] initcall efifb_driver_init+0x0/0xe returned 0 after 59 usecs
[    6.418740] calling  ged_driver_init+0x0/0xe @ 1
[    6.424338] initcall ged_driver_init+0x0/0xe returned 0 after 146 usecs
[    6.431926] calling  acpi_ac_init+0x0/0x92 @ 1
[    6.439480] initcall acpi_ac_init+0x0/0x92 returned 0 after 1034 usecs
[    6.449212] calling  acpi_button_driver_init+0x0/0x52 @ 1
[    6.458362] input: Power Button as /devices/LNXSYSTM:00/LNXPWRBN:00/input/input0
[    6.469927] ACPI: Power Button [PWRF]
[    6.474949] initcall acpi_button_driver_init+0x0/0x52 returned 0 after 17293 usecs
[    6.483801] calling  acpi_fan_driver_init+0x0/0xe @ 1
[    6.489755] initcall acpi_fan_driver_init+0x0/0xe returned 0 after 14 usecs
[    6.497846] calling  acpi_video_init+0x0/0xcb @ 1
[    6.503515] initcall acpi_video_init+0x0/0xcb returned 0 after 51 usecs
[    6.511344] calling  acpi_processor_driver_init+0x0/0xad @ 1
[    6.518716] initcall acpi_processor_driver_init+0x0/0xad returned 0 after 588 usecs
[    6.527766] calling  acpi_thermal_init+0x0/0x71 @ 1
[    6.533754] initcall acpi_thermal_init+0x0/0x71 returned 0 after 172 usecs
[    6.541845] calling  acpi_battery_init+0x0/0x32 @ 1
[    6.547716] initcall acpi_battery_init+0x0/0x32 returned 0 after 29 usecs
[    6.555786] calling  bgrt_init+0x0/0xb6 @ 1
[    6.560702] initcall bgrt_init+0x0/0xb6 returned -19 after 0 usecs
[    6.568053] calling  gpio_clk_driver_init+0x0/0xe @ 1
[    6.574295] initcall gpio_clk_driver_init+0x0/0xe returned 0 after 81 usecs
[    6.582554] calling  plt_clk_driver_init+0x0/0xe @ 1
[    6.588576] initcall plt_clk_driver_init+0x0/0xe returned 0 after 30 usecs
[    6.596754] calling  virtio_pci_driver_init+0x0/0x15 @ 1
[    6.603175] initcall virtio_pci_driver_init+0x0/0x15 returned 0 after 37 usecs
[    6.611762] calling  n_null_init+0x0/0x1e @ 1
[    6.616949] initcall n_null_init+0x0/0x1e returned 0 after 17 usecs
[    6.624362] calling  pty_init+0x0/0x1e8 @ 1
[    6.630678] initcall pty_init+0x0/0x1e8 returned 0 after 1141 usecs
[    6.638110] calling  sysrq_init+0x0/0x62 @ 1
[    6.643292] initcall sysrq_init+0x0/0x62 returned 0 after 18 usecs
[    6.650616] calling  serial8250_init+0x0/0x17e @ 1
[    6.656589] Serial: 8250/16550 driver, 4 ports, IRQ sharing enabled
[    6.665409] 00:03: ttyS0 at I/O 0x3f8 (irq = 4, base_baud = 115200) is a 16550A
[    6.678380] initcall serial8250_init+0x0/0x17e returned 0 after 21332 usecs
[    6.686644] calling  serial_pci_driver_init+0x0/0x15 @ 1
[    6.693260] initcall serial_pci_driver_init+0x0/0x15 returned 0 after 122 usecs
[    6.701948] calling  exar_pci_driver_init+0x0/0x15 @ 1
[    6.708412] initcall exar_pci_driver_init+0x0/0x15 returned 0 after 74 usecs
[    6.716824] calling  lpss8250_pci_driver_init+0x0/0x15 @ 1
[    6.723613] initcall lpss8250_pci_driver_init+0x0/0x15 returned 0 after 24 usecs
[    6.732951] calling  mid8250_pci_driver_init+0x0/0x15 @ 1
[    6.740032] initcall mid8250_pci_driver_init+0x0/0x15 returned 0 after 15 usecs
[    6.749779] calling  virtio_console_init+0x0/0xff @ 1
[    6.757549] initcall virtio_console_init+0x0/0xff returned 0 after 427 usecs
[    6.766455] calling  hpet_init+0x0/0x64 @ 1
[    6.772580] initcall hpet_init+0x0/0x64 returned 0 after 769 usecs
[    6.780365] calling  nvram_module_init+0x0/0x83 @ 1
[    6.786534] Non-volatile memory driver v1.3
[    6.791961] initcall nvram_module_init+0x0/0x83 returned 0 after 5381 usecs
[    6.800595] calling  hwrng_modinit+0x0/0x8a @ 1
[    6.806323] initcall hwrng_modinit+0x0/0x8a returned 0 after 68 usecs
[    6.814335] calling  mod_init+0x0/0x48 @ 1
[    6.819518] initcall mod_init+0x0/0x48 returned -19 after 0 usecs
[    6.828666] calling  agp_init+0x0/0x23 @ 1
[    6.834883] Linux agpgart interface v0.103
[    6.841229] initcall agp_init+0x0/0x23 returned 0 after 6194 usecs
[    6.849981] calling  agp_amd64_mod_init+0x0/0x5 @ 1
[    6.856367] initcall agp_amd64_mod_init+0x0/0x5 returned -19 after 119 usecs
[    6.865231] calling  agp_intel_init+0x0/0x28 @ 1
[    6.871431] initcall agp_intel_init+0x0/0x28 returned 0 after 239 usecs
[    6.879850] calling  drm_kms_helper_init+0x0/0x7 @ 1
[    6.886329] initcall drm_kms_helper_init+0x0/0x7 returned 0 after 33 usecs
[    6.894938] calling  drm_core_init+0x0/0x9e @ 1
[    6.902021] initcall drm_core_init+0x0/0x9e returned 0 after 1001 usecs
[    6.911363] calling  i915_init+0x0/0x6b @ 1
[    6.917556] initcall i915_init+0x0/0x6b returned 0 after 844 usecs
[    6.925309] calling  cn_proc_init+0x0/0x35 @ 1
[    6.930945] initcall cn_proc_init+0x0/0x35 returned 0 after 46 usecs
[    6.938856] calling  topology_sysfs_init+0x0/0x27 @ 1
[    6.945441] initcall topology_sysfs_init+0x0/0x27 returned 0 after 150 usecs
[    6.954352] calling  cacheinfo_sysfs_init+0x0/0x27 @ 1
[    6.961672] initcall cacheinfo_sysfs_init+0x0/0x27 returned 0 after 790 usecs
[    6.970366] calling  loop_init+0x0/0x168 @ 1
[    6.990471] loop: module loaded
[    6.994488] initcall loop_init+0x0/0x168 returned 0 after 18140 usecs
[    7.002793] calling  mac_hid_init+0x0/0x21 @ 1
[    7.008693] initcall mac_hid_init+0x0/0x21 returned 0 after 34 usecs
[    7.017079] calling  spi_transport_init+0x0/0x74 @ 1
[    7.023675] initcall spi_transport_init+0x0/0x74 returned 0 after 171 usecs
[    7.032749] calling  init_sd+0x0/0x18c @ 1
[    7.038588] initcall init_sd+0x0/0x18c returned 0 after 141 usecs
[    7.046813] calling  init_sr+0x0/0x43 @ 1
[    7.052358] initcall init_sr+0x0/0x43 returned 0 after 38 usecs
[    7.060199] calling  init_sg+0x0/0x1c0 @ 1
[    7.065822] initcall init_sg+0x0/0x1c0 returned 0 after 67 usecs
[    7.073922] calling  ahci_pci_driver_init+0x0/0x15 @ 1
[    7.081070] ahci 0000:00:1f.2: version 3.0
[    7.087675] PCI Interrupt Link [GSIA] enabled at IRQ 16
[    7.102960] ahci 0000:00:1f.2: AHCI 0001.0000 32 slots 6 ports 1.5 Gbps 0x3f impl SATA mode
[    7.115700] ahci 0000:00:1f.2: flags: 64bit ncq only 
[    7.134327] scsi host0: ahci
[    7.138803] scsi host1: ahci
[    7.143668] scsi host2: ahci
[    7.149156] scsi host3: ahci
[    7.153596] scsi host4: ahci
[    7.158011] scsi host5: ahci
[    7.162805] ata1: SATA max UDMA/133 abar m4096@0xfebf1000 port 0xfebf1100 irq 24
[    7.175561] ata2: SATA max UDMA/133 abar m4096@0xfebf1000 port 0xfebf1180 irq 24
[    7.186935] ata3: SATA max UDMA/133 abar m4096@0xfebf1000 port 0xfebf1200 irq 24
[    7.197189] ata4: SATA max UDMA/133 abar m4096@0xfebf1000 port 0xfebf1280 irq 24
[    7.206576] ata5: SATA max UDMA/133 abar m4096@0xfebf1000 port 0xfebf1300 irq 24
[    7.215683] ata6: SATA max UDMA/133 abar m4096@0xfebf1000 port 0xfebf1380 irq 24
[    7.224997] initcall ahci_pci_driver_init+0x0/0x15 returned 0 after 140866 usecs
[    7.234293] calling  piix_init+0x0/0x26 @ 1
[    7.239698] initcall piix_init+0x0/0x26 returned 0 after 97 usecs
[    7.247414] calling  amd_pci_driver_init+0x0/0x15 @ 1
[    7.253723] initcall amd_pci_driver_init+0x0/0x15 returned 0 after 15 usecs
[    7.262354] calling  oldpiix_pci_driver_init+0x0/0x15 @ 1
[    7.269169] initcall oldpiix_pci_driver_init+0x0/0x15 returned 0 after 43 usecs
[    7.278162] calling  sch_pci_driver_init+0x0/0x15 @ 1
[    7.285268] initcall sch_pci_driver_init+0x0/0x15 returned 0 after 175 usecs
[    7.294634] calling  net_olddevs_init+0x0/0x55 @ 1
[    7.302752] initcall net_olddevs_init+0x0/0x55 returned 0 after 1200 usecs
[    7.312299] calling  blackhole_netdev_init+0x0/0x78 @ 1
[    7.320680] initcall blackhole_netdev_init+0x0/0x78 returned 0 after 485 usecs
[    7.329780] calling  phy_module_init+0x0/0x13 @ 1
[    7.336269] initcall phy_module_init+0x0/0x13 returned 0 after 205 usecs
[    7.344562] calling  tg3_driver_init+0x0/0x15 @ 1
[    7.350554] initcall tg3_driver_init+0x0/0x15 returned 0 after 43 usecs
[    7.360378] calling  e100_init_module+0x0/0x4c @ 1
[    7.366465] e100: Intel(R) PRO/100 Network Driver
[    7.372480] e100: Copyright(c) 1999-2006 Intel Corporation
[    7.379339] initcall e100_init_module+0x0/0x4c returned 0 after 12587 usecs
[    7.388433] calling  e1000_init_module+0x0/0x72 @ 1
[    7.395064] e1000: Intel(R) PRO/1000 Network Driver
[    7.401380] e1000: Copyright (c) 1999-2006 Intel Corporation.
[    7.408615] initcall e1000_init_module+0x0/0x72 returned 0 after 13250 usecs
[    7.417435] calling  e1000_init_module+0x0/0x2d @ 1
[    7.423547] e1000e: Intel(R) PRO/1000 Network Driver
[    7.429799] e1000e: Copyright(c) 1999 - 2015 Intel Corporation.
[    7.437468] initcall e1000_init_module+0x0/0x2d returned 0 after 13591 usecs
[    7.446890] calling  sky2_init_module+0x0/0x21 @ 1
[    7.453192] sky2: driver version 1.30
[    7.457941] initcall sky2_init_module+0x0/0x21 returned 0 after 4634 usecs
[    7.467146] calling  forcedeth_pci_driver_init+0x0/0x15 @ 1
[    7.474425] initcall forcedeth_pci_driver_init+0x0/0x15 returned 0 after 38 usecs
[    7.484920] calling  rtl8139_init_module+0x0/0x15 @ 1
[    7.492558] initcall rtl8139_init_module+0x0/0x15 returned 0 after 42 usecs
[    7.501759] calling  rtl8169_pci_driver_init+0x0/0x15 @ 1
[    7.509544] initcall rtl8169_pci_driver_init+0x0/0x15 returned 0 after 63 usecs
[    7.521289] calling  cdrom_init+0x0/0xc @ 1
[    7.528275] initcall cdrom_init+0x0/0xc returned 0 after 54 usecs
[    7.537455] calling  nonstatic_sysfs_init+0x0/0xc @ 1
[    7.544302] initcall nonstatic_sysfs_init+0x0/0xc returned 0 after 2 usecs
[    7.554952] calling  yenta_cardbus_driver_init+0x0/0x15 @ 1
[    7.563851] initcall yenta_cardbus_driver_init+0x0/0x15 returned 0 after 89 usecs
[    7.574927] calling  mon_init+0x0/0x123 @ 1
[    7.584874] initcall mon_init+0x0/0x123 returned 0 after 4383 usecs
[    7.592988] calling  ehci_hcd_init+0x0/0x55 @ 1
[    7.598918] ehci_hcd: USB 2.0 'Enhanced' Host Controller (EHCI) Driver
[    7.607049] initcall ehci_hcd_init+0x0/0x55 returned 0 after 8014 usecs
[    7.615365] calling  ehci_pci_init+0x0/0x64 @ 1
[    7.621228] ehci-pci: EHCI PCI platform driver
[    7.628637] initcall ehci_pci_init+0x0/0x64 returned 0 after 7231 usecs
[    7.639174] calling  ohci_hcd_mod_init+0x0/0x4d @ 1
[    7.646713] ohci_hcd: USB 1.1 'Open' Host Controller (OHCI) Driver
[    7.655928] initcall ohci_hcd_mod_init+0x0/0x4d returned 0 after 8995 usecs
[    7.664350] calling  ohci_pci_init+0x0/0x64 @ 1
[    7.669944] ohci-pci: OHCI PCI platform driver
[    7.676530] initcall ohci_pci_init+0x0/0x64 returned 0 after 6453 usecs
[    7.686749] calling  uhci_hcd_init+0x0/0xa6 @ 1
[    7.693707] uhci_hcd: USB Universal Host Controller Interface driver
[    7.703491] initcall uhci_hcd_init+0x0/0xa6 returned 0 after 9552 usecs
[    7.712214] calling  xhci_hcd_init+0x0/0x1e @ 1
[    7.718072] initcall xhci_hcd_init+0x0/0x1e returned 0 after 30 usecs
[    7.728160] calling  xhci_pci_init+0x0/0x49 @ 1
[    7.735455] initcall xhci_pci_init+0x0/0x49 returned 0 after 275 usecs
[    7.745612] calling  usblp_driver_init+0x0/0x15 @ 1
[    7.752927] usbcore: registered new interface driver usblp
[    7.759944] initcall usblp_driver_init+0x0/0x15 returned 0 after 7028 usecs
[    7.769360] calling  usb_storage_driver_init+0x0/0x2a @ 1
[    7.776921] usbcore: registered new interface driver usb-storage
[    7.785228] initcall usb_storage_driver_init+0x0/0x2a returned 0 after 8199 usecs
[    7.795400] calling  i8042_init+0x0/0x4c2 @ 1
[    7.801762] i8042: PNP: PS/2 Controller [PNP0303:KBD,PNP0f13:MOU] at 0x60,0x64 irq 1,12
[    7.820385] serio: i8042 KBD port at 0x60,0x64 irq 1
[    7.827324] serio: i8042 AUX port at 0x60,0x64 irq 12
[    7.834434] initcall i8042_init+0x0/0x4c2 returned 0 after 32045 usecs
[    7.843618] calling  serport_init+0x0/0x2c @ 1
[    7.849835] initcall serport_init+0x0/0x2c returned 0 after 0 usecs
[    7.859416] calling  input_leds_init+0x0/0xc @ 1
[    7.866041] initcall input_leds_init+0x0/0xc returned 0 after 1 usecs
[    7.875693] calling  evdev_init+0x0/0xc @ 1
[    7.883724] initcall evdev_init+0x0/0xc returned 0 after 1552 usecs
[    7.892885] calling  atkbd_init+0x0/0x21 @ 1
[    7.899150] initcall atkbd_init+0x0/0x21 returned 0 after 141 usecs
[    7.908366] calling  psmouse_init+0x0/0x7f @ 1
[    7.915228] initcall psmouse_init+0x0/0x7f returned 0 after 377 usecs
[    7.924751] calling  cmos_init+0x0/0x73 @ 1
[    7.931660] rtc_cmos 00:04: RTC can wake from S4
[    7.945828] input: AT Translated Set 2 keyboard as /devices/platform/i8042/serio0/input/input1
[    7.981366] rtc_cmos 00:04: registered as rtc0
[    7.987783] rtc_cmos 00:04: alarms up to one day, y3k, 242 bytes nvram, hpet irqs
[    7.998447] initcall cmos_init+0x0/0x73 returned 0 after 65926 usecs
[    8.008088] calling  smbalert_driver_init+0x0/0xe @ 1
[    8.015223] initcall smbalert_driver_init+0x0/0xe returned 0 after 56 usecs
[    8.025193] calling  i2c_i801_init+0x0/0xc5 @ 1
[    8.033648] i801_smbus 0000:00:1f.3: SMBus using PCI interrupt
[    8.042183] i2c i2c-0: 1/1 memory slots populated (from DMI)
[    8.050290] i2c i2c-0: Memory type 0x07 not supported yet, not instantiating SPD
[    8.060704] initcall i2c_i801_init+0x0/0xc5 returned 0 after 28118 usecs
[    8.070672] calling  ptp_kvm_init+0x0/0xf0 @ 1
[    8.079844] ata1: SATA link down (SStatus 0 SControl 300)
[    8.089337] ata3: SATA link up 1.5 Gbps (SStatus 113 SControl 300)
[    8.099517] ata3.00: ATAPI: QEMU DVD-ROM, 2.5+, max UDMA/100
[    8.108133] ata3.00: applying bridge limits
[    8.115785] ata3.00: configured for UDMA/100
[    8.124809] ata4: SATA link down (SStatus 0 SControl 300)
[    8.135227] ata2: SATA link down (SStatus 0 SControl 300)
[    8.145473] scsi 2:0:0:0: CD-ROM            QEMU     QEMU DVD-ROM     2.5+ PQ: 0 ANSI: 5
[    8.183790] initcall ptp_kvm_init+0x0/0xf0 returned 0 after 103096 usecs
[    8.195428] calling  dm_init+0x0/0x3c @ 1
[    8.219900] sr 2:0:0:0: [sr0] scsi3-mmc drive: 4x/4x cd/rw xa/form2 tray
[    8.229886] cdrom: Uniform CD-ROM driver Revision: 3.20
[    8.239073] device-mapper: ioctl: 4.43.0-ioctl (2020-10-01) initialised: dm-devel@redhat.com
[    8.252732] initcall dm_init+0x0/0x3c returned 0 after 49875 usecs
[    8.261821] calling  dm_mirror_init+0x0/0x29 @ 1
[    8.268883] initcall dm_mirror_init+0x0/0x29 returned 0 after 82 usecs
[    8.278776] calling  dm_dirty_log_init+0x0/0x4f @ 1
[    8.285809] initcall dm_dirty_log_init+0x0/0x4f returned 0 after 29 usecs
[    8.297284] calling  dm_zero_init+0x0/0x29 @ 1
[    8.304701] initcall dm_zero_init+0x0/0x29 returned 0 after 58 usecs
[    8.315145] calling  intel_pstate_init+0x0/0x4a2 @ 1
[    8.323575] intel_pstate: CPU model not supported
[    8.331406] initcall intel_pstate_init+0x0/0x4a2 returned -19 after 7697 usecs
[    8.343004] calling  haltpoll_init+0x0/0xc0 @ 1
[    8.350402] initcall haltpoll_init+0x0/0xc0 returned -19 after 75 usecs
[    8.361320] calling  efivars_sysfs_init+0x0/0x30 @ 1
[    8.369572] initcall efivars_sysfs_init+0x0/0x30 returned 0 after 104 usecs
[    8.379271] calling  esrt_sysfs_init+0x0/0x2a2 @ 1
[    8.386300] initcall esrt_sysfs_init+0x0/0x2a2 returned -38 after 202 usecs
[    8.395818] calling  hid_init+0x0/0x5c @ 1
[    8.402025] hid: raw HID events driver (C) Jiri Kosina
[    8.409743] initcall hid_init+0x0/0x5c returned 0 after 8184 usecs
[    8.418467] calling  hid_generic_init+0x0/0x15 @ 1
[    8.425988] initcall hid_generic_init+0x0/0x15 returned 0 after 570 usecs
[    8.435925] calling  a4_driver_init+0x0/0x15 @ 1
[    8.442975] initcall a4_driver_init+0x0/0x15 returned 0 after 18 usecs
[    8.452633] calling  apple_driver_init+0x0/0x15 @ 1
[    8.459665] initcall apple_driver_init+0x0/0x15 returned 0 after 112 usecs
[    8.470221] calling  belkin_driver_init+0x0/0x15 @ 1
[    8.478162] initcall belkin_driver_init+0x0/0x15 returned 0 after 18 usecs
[    8.489070] calling  ch_driver_init+0x0/0x15 @ 1
[    8.496164] initcall ch_driver_init+0x0/0x15 returned 0 after 18 usecs
[    8.506348] calling  ch_driver_init+0x0/0x15 @ 1
[    8.513834] initcall ch_driver_init+0x0/0x15 returned 0 after 18 usecs
[    8.523598] calling  cp_driver_init+0x0/0x15 @ 1
[    8.530693] initcall cp_driver_init+0x0/0x15 returned 0 after 17 usecs
[    8.540809] calling  ez_driver_init+0x0/0x15 @ 1
[    8.548012] initcall ez_driver_init+0x0/0x15 returned 0 after 19 usecs
[    8.557588] calling  gyration_driver_init+0x0/0x15 @ 1
[    8.565288] initcall gyration_driver_init+0x0/0x15 returned 0 after 46 usecs
[    8.576308] calling  ite_driver_init+0x0/0x15 @ 1
[    8.584620] initcall ite_driver_init+0x0/0x15 returned 0 after 19 usecs
[    8.594974] calling  ks_driver_init+0x0/0x15 @ 1
[    8.602282] initcall ks_driver_init+0x0/0x15 returned 0 after 18 usecs
[    8.612903] calling  lg_driver_init+0x0/0x15 @ 1
[    8.620263] initcall lg_driver_init+0x0/0x15 returned 0 after 18 usecs
[    8.630215] calling  lg_g15_driver_init+0x0/0x15 @ 1
[    8.638066] initcall lg_g15_driver_init+0x0/0x15 returned 0 after 74 usecs
[    8.649458] calling  ms_driver_init+0x0/0x15 @ 1
[    8.657463] initcall ms_driver_init+0x0/0x15 returned 0 after 17 usecs
[    8.668286] calling  mr_driver_init+0x0/0x15 @ 1
[    8.676055] initcall mr_driver_init+0x0/0x15 returned 0 after 40 usecs
[    8.686357] calling  ntrig_driver_init+0x0/0x15 @ 1
[    8.693839] initcall ntrig_driver_init+0x0/0x15 returned 0 after 20 usecs
[    8.705542] calling  pl_driver_init+0x0/0x15 @ 1
[    8.712797] initcall pl_driver_init+0x0/0x15 returned 0 after 21 usecs
[    8.722489] calling  pl_driver_init+0x0/0x15 @ 1
[    8.729892] initcall pl_driver_init+0x0/0x15 returned 0 after 18 usecs
[    8.739994] calling  redragon_driver_init+0x0/0x15 @ 1
[    8.747443] initcall redragon_driver_init+0x0/0x15 returned 0 after 18 usecs
[    8.757215] calling  samsung_driver_init+0x0/0x15 @ 1
[    8.764513] initcall samsung_driver_init+0x0/0x15 returned 0 after 21 usecs
[    8.773787] calling  sony_init+0x0/0x38 @ 1
[    8.779912] initcall sony_init+0x0/0x38 returned 0 after 167 usecs
[    8.789518] calling  sp_driver_init+0x0/0x15 @ 1
[    8.796545] initcall sp_driver_init+0x0/0x15 returned 0 after 41 usecs
[    8.805975] calling  ts_driver_init+0x0/0x15 @ 1
[    8.813014] initcall ts_driver_init+0x0/0x15 returned 0 after 209 usecs
[    8.823821] calling  hid_init+0x0/0x58 @ 1
[    8.830928] usbcore: registered new interface driver usbhid
[    8.839764] usbhid: USB HID core driver
[    8.845861] initcall hid_init+0x0/0x58 returned 0 after 15015 usecs
[    8.855843] calling  eeepc_laptop_init+0x0/0x57 @ 1
[    8.869913] initcall eeepc_laptop_init+0x0/0x57 returned -19 after 5096 usecs
[    8.881243] calling  pmc_atom_init+0x0/0x27a @ 1
[    8.889314] initcall pmc_atom_init+0x0/0x27a returned -19 after 271 usecs
[    8.901006] calling  alsa_hwdep_init+0x0/0x5e @ 1
[    8.909686] initcall alsa_hwdep_init+0x0/0x5e returned 0 after 600 usecs
[    8.920541] calling  alsa_timer_init+0x0/0x1f0 @ 1
[    8.931369] ata6: SATA link down (SStatus 0 SControl 300)
[    8.943083] ata5: SATA link down (SStatus 0 SControl 300)
[    8.971380] sr 2:0:0:0: Attached scsi CD-ROM sr0
[    8.981473] sr 2:0:0:0: Attached scsi generic sg0 type 5
[    8.992723] initcall alsa_timer_init+0x0/0x1f0 returned 0 after 62960 usecs
[    9.006096] calling  snd_hrtimer_init+0x0/0x117 @ 1
[    9.014445] initcall snd_hrtimer_init+0x0/0x117 returned 0 after 3 usecs
[    9.024366] calling  alsa_pcm_init+0x0/0x64 @ 1
[    9.031587] initcall alsa_pcm_init+0x0/0x64 returned 0 after 8 usecs
[    9.041537] calling  alsa_seq_init+0x0/0x4a @ 1
[    9.049757] initcall alsa_seq_init+0x0/0x4a returned 0 after 753 usecs
[    9.060659] calling  alsa_seq_dummy_init+0x0/0x9c @ 1
[    9.068894] initcall alsa_seq_dummy_init+0x0/0x9c returned 0 after 219 usecs
[    9.080482] calling  azx_driver_init+0x0/0x15 @ 1
[    9.089851] initcall azx_driver_init+0x0/0x15 returned 0 after 1669 usecs
[    9.101308] calling  sock_diag_init+0x0/0x2a @ 1
[    9.110565] initcall sock_diag_init+0x0/0x2a returned 0 after 1436 usecs
[    9.121860] calling  blackhole_init+0x0/0xc @ 1
[    9.129597] initcall blackhole_init+0x0/0xc returned 0 after 44 usecs
[    9.139647] calling  nfnetlink_init+0x0/0x57 @ 1
[    9.147721] initcall nfnetlink_init+0x0/0x57 returned 0 after 183 usecs
[    9.158917] calling  nfnetlink_log_init+0x0/0x99 @ 1
[    9.167809] initcall nfnetlink_log_init+0x0/0x99 returned 0 after 352 usecs
[    9.179539] calling  nf_conntrack_standalone_init+0x0/0x87 @ 1
[    9.192511] initcall nf_conntrack_standalone_init+0x0/0x87 returned 0 after 3321 usecs
[    9.206640] calling  ctnetlink_init+0x0/0x83 @ 1
[    9.215300] initcall ctnetlink_init+0x0/0x83 returned 0 after 2 usecs
[    9.225825] calling  nf_conntrack_ftp_init+0x0/0x12c @ 1
[    9.234262] initcall nf_conntrack_ftp_init+0x0/0x12c returned 0 after 74 usecs
[    9.246105] calling  nf_conntrack_irc_init+0x0/0x129 @ 1
[    9.255371] initcall nf_conntrack_irc_init+0x0/0x129 returned 0 after 200 usecs
[    9.266433] calling  nf_conntrack_sip_init+0x0/0x172 @ 1
[    9.275063] initcall nf_conntrack_sip_init+0x0/0x172 returned 0 after 8 usecs
[    9.286772] calling  nf_nat_init+0x0/0xbb @ 1
[    9.295029] initcall nf_nat_init+0x0/0xbb returned 0 after 600 usecs
[    9.305789] calling  nf_nat_ftp_init+0x0/0x2a @ 1
[    9.313432] initcall nf_nat_ftp_init+0x0/0x2a returned 0 after 1 usecs
[    9.323976] calling  nf_nat_irc_init+0x0/0x2a @ 1
[    9.331736] initcall nf_nat_irc_init+0x0/0x2a returned 0 after 0 usecs
[    9.341231] calling  nf_nat_sip_init+0x0/0x36 @ 1
[    9.348096] initcall nf_nat_sip_init+0x0/0x36 returned 0 after 1 usecs
[    9.358588] calling  xt_init+0x0/0xcf @ 1
[    9.365082] initcall xt_init+0x0/0xcf returned 0 after 128 usecs
[    9.373228] calling  tcpudp_mt_init+0x0/0x11 @ 1
[    9.379770] initcall tcpudp_mt_init+0x0/0x11 returned 0 after 240 usecs
[    9.389560] calling  connsecmark_tg_init+0x0/0xc @ 1
[    9.398467] initcall connsecmark_tg_init+0x0/0xc returned 0 after 1 usecs
[    9.410388] calling  nflog_tg_init+0x0/0xc @ 1
[    9.418894] initcall nflog_tg_init+0x0/0xc returned 0 after 1 usecs
[    9.429349] calling  secmark_tg_init+0x0/0x11 @ 1
[    9.437067] initcall secmark_tg_init+0x0/0x11 returned 0 after 1 usecs
[    9.448335] calling  tcpmss_tg_init+0x0/0x11 @ 1
[    9.455529] initcall tcpmss_tg_init+0x0/0x11 returned 0 after 1 usecs
[    9.467481] calling  conntrack_mt_init+0x0/0x11 @ 1
[    9.474391] initcall conntrack_mt_init+0x0/0x11 returned 0 after 1 usecs
[    9.483700] calling  policy_mt_init+0x0/0x11 @ 1
[    9.489932] initcall policy_mt_init+0x0/0x11 returned 0 after 1 usecs
[    9.499210] calling  state_mt_init+0x0/0xc @ 1
[    9.505752] initcall state_mt_init+0x0/0xc returned 0 after 1 usecs
[    9.514063] calling  gre_offload_init+0x0/0x48 @ 1
[    9.521495] initcall gre_offload_init+0x0/0x48 returned 0 after 682 usecs
[    9.531108] calling  sysctl_ipv4_init+0x0/0x46 @ 1
[    9.539997] initcall sysctl_ipv4_init+0x0/0x46 returned 0 after 1916 usecs
[    9.549988] calling  tunnel4_init+0x0/0x58 @ 1
[    9.557184] initcall tunnel4_init+0x0/0x58 returned 0 after 246 usecs
[    9.568690] calling  nf_defrag_init+0x0/0xc @ 1
[    9.575732] initcall nf_defrag_init+0x0/0xc returned 0 after 135 usecs
[    9.584921] calling  ip_tables_init+0x0/0x8d @ 1
[    9.592106] initcall ip_tables_init+0x0/0x8d returned 0 after 419 usecs
[    9.603036] calling  iptable_filter_init+0x0/0x4c @ 1
[    9.614767] initcall iptable_filter_init+0x0/0x4c returned 0 after 3944 usecs
[    9.625839] calling  iptable_mangle_init+0x0/0xb8 @ 1
[    9.634087] initcall iptable_mangle_init+0x0/0xb8 returned 0 after 137 usecs
[    9.644670] calling  reject_tg_init+0x0/0xc @ 1
[    9.652538] initcall reject_tg_init+0x0/0xc returned 0 after 1 usecs
[    9.663248] calling  cubictcp_register+0x0/0x53 @ 1
[    9.671659] initcall cubictcp_register+0x0/0x53 returned 0 after 64 usecs
[    9.683022] calling  xfrm_user_init+0x0/0x45 @ 1
[    9.690424] Initializing XFRM netlink socket
[    9.697582] initcall xfrm_user_init+0x0/0x45 returned 0 after 7021 usecs
[    9.709068] calling  inet6_init+0x0/0x35e @ 1
[    9.720742] NET: Registered protocol family 10
[    9.757014] input: ImExPS/2 Generic Explorer Mouse as /devices/platform/i8042/serio1/input/input3
[   10.543935] Segment Routing with IPv6
[   10.551179] initcall inet6_init+0x0/0x35e returned 0 after 813661 usecs
[   10.563998] calling  ah6_init+0x0/0x71 @ 1
[   10.571856] initcall ah6_init+0x0/0x71 returned 0 after 327 usecs
[   10.583361] calling  esp6_init+0x0/0x71 @ 1
[   10.591528] initcall esp6_init+0x0/0x71 returned 0 after 1 usecs
[   10.603428] calling  ip6_tables_init+0x0/0x8d @ 1
[   10.614622] initcall ip6_tables_init+0x0/0x8d returned 0 after 1116 usecs
[   10.625086] calling  ip6table_filter_init+0x0/0x4c @ 1
[   10.636624] initcall ip6table_filter_init+0x0/0x4c returned 0 after 2389 usecs
[   10.647953] calling  ip6table_mangle_init+0x0/0xb8 @ 1
[   10.656249] initcall ip6table_mangle_init+0x0/0xb8 returned 0 after 248 usecs
[   10.667232] calling  nf_defrag_init+0x0/0x45 @ 1
[   10.674720] initcall nf_defrag_init+0x0/0x45 returned 0 after 79 usecs
[   10.685707] calling  ipv6header_mt6_init+0x0/0xc @ 1
[   10.694089] initcall ipv6header_mt6_init+0x0/0xc returned 0 after 1 usecs
[   10.704978] calling  reject_tg6_init+0x0/0xc @ 1
[   10.712295] initcall reject_tg6_init+0x0/0xc returned 0 after 1 usecs
[   10.722354] calling  sit_init+0x0/0xc3 @ 1
[   10.727608] sit: IPv6, IPv4 and MPLS over IPv4 tunneling driver
[   10.750346] initcall sit_init+0x0/0xc3 returned 0 after 22201 usecs
[   10.760752] calling  packet_init+0x0/0x75 @ 1
[   10.768069] NET: Registered protocol family 17
[   10.775349] initcall packet_init+0x0/0x75 returned 0 after 7229 usecs
[   10.785475] calling  init_rpcsec_gss+0x0/0x60 @ 1
[   10.793734] initcall init_rpcsec_gss+0x0/0x60 returned 0 after 680 usecs
[   10.804492] calling  init_dns_resolver+0x0/0xca @ 1
[   10.813844] Key type dns_resolver registered
[   10.820915] initcall init_dns_resolver+0x0/0xca returned 0 after 8106 usecs
[   10.832311] calling  pm_check_save_msr+0x0/0x80 @ 1
[   10.840737] initcall pm_check_save_msr+0x0/0x80 returned 0 after 630 usecs
[   10.851742] calling  mcheck_init_device+0x0/0x112 @ 1
[   10.862974] initcall mcheck_init_device+0x0/0x112 returned 0 after 2915 usecs
[   10.879545] calling  mcheck_late_init+0x0/0x58 @ 1
[   10.888659] initcall mcheck_late_init+0x0/0x58 returned 0 after 1287 usecs
[   10.899513] calling  severities_debugfs_init+0x0/0x29 @ 1
[   10.907735] initcall severities_debugfs_init+0x0/0x29 returned 0 after 38 usecs
[   10.919243] calling  microcode_init+0x0/0x1bd @ 1
[   10.926546] initcall microcode_init+0x0/0x1bd returned -22 after 22 usecs
[   10.936515] calling  hpet_insert_resource+0x0/0x22 @ 1
[   10.944412] initcall hpet_insert_resource+0x0/0x22 returned 0 after 68 usecs
[   10.954660] calling  start_sync_check_timer+0x0/0x4f @ 1
[   10.962435] initcall start_sync_check_timer+0x0/0x4f returned 0 after 22 usecs
