c[?7l[2J[0mSeaBIOS (version 1.16.0-debian-1.16.0-4)
Booting from ROM...
early console in setup code
c[?7l[2J[    0.000000] Linux version 5.10.155+ (root@joelboxx.c.googlers.com) (gcc (Debian 12.2.0-3) 12.2.0, GNU ld (GNU Binutils for Debian) 2.39) #2 SMP Tue Dec 13 05:18:55 UTC 2022
[    0.000000] Command line: selinux=0 initcall_debug debug console=ttyS0 nohz_full=2-9 rcutorture.onoff_interval=1000 rcutorture.onoff_holdoff=30 rcutorture.n_barrier_cbs=4 rcutorture.stat_interval=15 rcutorture.shutdown_secs=1800 rcutorture.test_no_idle_hz=1 rcutorture.verbose=1
[    0.000000] x86/fpu: x87 FPU will use FXSAVE
[    0.000000] BIOS-provided physical RAM map:
[    0.000000] BIOS-e820: [mem 0x0000000000000000-0x000000000009fbff] usable
[    0.000000] BIOS-e820: [mem 0x000000000009fc00-0x000000000009ffff] reserved
[    0.000000] BIOS-e820: [mem 0x00000000000f0000-0x00000000000fffff] reserved
[    0.000000] BIOS-e820: [mem 0x0000000000100000-0x000000001ffdefff] usable
[    0.000000] BIOS-e820: [mem 0x000000001ffdf000-0x000000001fffffff] reserved
[    0.000000] BIOS-e820: [mem 0x00000000b0000000-0x00000000bfffffff] reserved
[    0.000000] BIOS-e820: [mem 0x00000000fed1c000-0x00000000fed1ffff] reserved
[    0.000000] BIOS-e820: [mem 0x00000000feffc000-0x00000000feffffff] reserved
[    0.000000] BIOS-e820: [mem 0x00000000fffc0000-0x00000000ffffffff] reserved
[    0.000000] NX (Execute Disable) protection: active
[    0.000000] SMBIOS 2.8 present.
[    0.000000] DMI: QEMU Standard PC (Q35 + ICH9, 2009), BIOS 1.16.0-debian-1.16.0-4 04/01/2014
[    0.000000] Hypervisor detected: KVM
[    0.000000] kvm-clock: Using msrs 4b564d01 and 4b564d00
[    0.000000] kvm-clock: cpu 0, msr c0ac001, primary cpu clock
[    0.000001] kvm-clock: using sched offset of 1590038778 cycles
[    0.000328] clocksource: kvm-clock: mask: 0xffffffffffffffff max_cycles: 0x1cd42e4dffb, max_idle_ns: 881590591483 ns
[    0.000559] tsc: Detected 1999.999 MHz processor
[    0.010040] e820: update [mem 0x00000000-0x00000fff] usable ==> reserved
[    0.010045] e820: remove [mem 0x000a0000-0x000fffff] usable
[    0.010053] last_pfn = 0x1ffdf max_arch_pfn = 0x400000000
[    0.010934] MTRR default type: write-back
[    0.011015] MTRR fixed ranges enabled:
[    0.011017]   00000-9FFFF write-back
[    0.011018]   A0000-BFFFF uncachable
[    0.011019]   C0000-FFFFF write-protect
[    0.011020] MTRR variable ranges enabled:
[    0.011022]   0 base 00C0000000 mask FFC0000000 uncachable
[    0.011023]   1 disabled
[    0.011024]   2 disabled
[    0.011025]   3 disabled
[    0.011026]   4 disabled
[    0.011026]   5 disabled
[    0.011027]   6 disabled
[    0.011100]   7 disabled
[    0.011673] x86/PAT: Configuration [0-7]: WB  WC  UC- UC  WB  WC  UC- UC  
[    0.021080] found SMP MP-table at [mem 0x000f5ba0-0x000f5baf]
[    0.025002] check: Scanning 1 areas for low memory corruption
[    0.037238] ACPI: Early table checksum verification disabled
[    0.039862] ACPI: RSDP 0x00000000000F59E0 000014 (v00 BOCHS )
[    0.040250] ACPI: RSDT 0x000000001FFE281A 000038 (v01 BOCHS  BXPC     00000001 BXPC 00000001)
[    0.040555] ACPI: FACP 0x000000001FFE259A 0000F4 (v03 BOCHS  BXPC     00000001 BXPC 00000001)
[    0.040714] ACPI: DSDT 0x000000001FFE0040 00255A (v01 BOCHS  BXPC     00000001 BXPC 00000001)
[    0.040720] ACPI: FACS 0x000000001FFE0000 000040
[    0.040724] ACPI: APIC 0x000000001FFE268E 0000F0 (v01 BOCHS  BXPC     00000001 BXPC 00000001)
[    0.040728] ACPI: HPET 0x000000001FFE277E 000038 (v01 BOCHS  BXPC     00000001 BXPC 00000001)
[    0.040732] ACPI: MCFG 0x000000001FFE27B6 00003C (v01 BOCHS  BXPC     00000001 BXPC 00000001)
[    0.040736] ACPI: WAET 0x000000001FFE27F2 000028 (v01 BOCHS  BXPC     00000001 BXPC 00000001)
[    0.040740] ACPI: Reserving FACP table memory at [mem 0x1ffe259a-0x1ffe268d]
[    0.040742] ACPI: Reserving DSDT table memory at [mem 0x1ffe0040-0x1ffe2599]
[    0.040743] ACPI: Reserving FACS table memory at [mem 0x1ffe0000-0x1ffe003f]
[    0.040744] ACPI: Reserving APIC table memory at [mem 0x1ffe268e-0x1ffe277d]
[    0.040745] ACPI: Reserving HPET table memory at [mem 0x1ffe277e-0x1ffe27b5]
[    0.040746] ACPI: Reserving MCFG table memory at [mem 0x1ffe27b6-0x1ffe27f1]
[    0.040747] ACPI: Reserving WAET table memory at [mem 0x1ffe27f2-0x1ffe2819]
[    0.041815] ACPI: Local APIC address 0xfee00000
[    0.046655] No NUMA configuration found
[    0.046658] Faking a node at [mem 0x0000000000000000-0x000000001ffdefff]
[    0.046964] NODE_DATA(0) allocated [mem 0x1ffdb000-0x1ffdefff]
[    0.048918] Zone ranges:
[    0.049091]   DMA      [mem 0x0000000000001000-0x0000000000ffffff]
[    0.049135]   DMA32    [mem 0x0000000001000000-0x000000001ffdefff]
[    0.049137]   Normal   empty
[    0.049139] Movable zone start for each node
[    0.049140] Early memory node ranges
[    0.049188]   node   0: [mem 0x0000000000001000-0x000000000009efff]
[    0.049250]   node   0: [mem 0x0000000000100000-0x000000001ffdefff]
[    0.049386] Initmem setup node 0 [mem 0x0000000000001000-0x000000001ffdefff]
[    0.049388] On node 0 totalpages: 130941
[    0.049525]   DMA zone: 64 pages used for memmap
[    0.049526]   DMA zone: 21 pages reserved
[    0.049527]   DMA zone: 3998 pages, LIFO batch:0
[    0.049529]   DMA32 zone: 1984 pages used for memmap
[    0.049530]   DMA32 zone: 126943 pages, LIFO batch:31
[    0.055413] On node 0, zone DMA: 1 pages in unavailable ranges
[    0.059858] On node 0, zone DMA: 97 pages in unavailable ranges
[    0.135029] On node 0, zone DMA32: 33 pages in unavailable ranges
[    0.138655] ACPI: PM-Timer IO Port: 0x608
[    0.138661] ACPI: Local APIC address 0xfee00000
[    0.138973] ACPI: LAPIC_NMI (acpi_id[0xff] dfl dfl lint[0x1])
[    0.140005] IOAPIC[0]: apic_id 0, version 17, address 0xfec00000, GSI 0-23
[    0.140010] ACPI: INT_SRC_OVR (bus 0 bus_irq 0 global_irq 2 dfl dfl)
[    0.140163] ACPI: INT_SRC_OVR (bus 0 bus_irq 5 global_irq 5 high level)
[    0.140164] ACPI: INT_SRC_OVR (bus 0 bus_irq 9 global_irq 9 high level)
[    0.140308] ACPI: INT_SRC_OVR (bus 0 bus_irq 10 global_irq 10 high level)
[    0.140309] ACPI: INT_SRC_OVR (bus 0 bus_irq 11 global_irq 11 high level)
[    0.140312] ACPI: IRQ0 used by override.
[    0.140313] ACPI: IRQ5 used by override.
[    0.140314] ACPI: IRQ9 used by override.
[    0.140315] ACPI: IRQ10 used by override.
[    0.140316] ACPI: IRQ11 used by override.
[    0.140354] Using ACPI (MADT) for SMP configuration information
[    0.140358] ACPI: HPET id: 0x8086a201 base: 0xfed00000
[    0.140898] smpboot: Allowing 16 CPUs, 0 hotplug CPUs
[    0.142577] PM: hibernation: Registered nosave memory: [mem 0x00000000-0x00000fff]
[    0.142580] PM: hibernation: Registered nosave memory: [mem 0x0009f000-0x0009ffff]
[    0.142581] PM: hibernation: Registered nosave memory: [mem 0x000a0000-0x000effff]
[    0.142582] PM: hibernation: Registered nosave memory: [mem 0x000f0000-0x000fffff]
[    0.142659] [mem 0x20000000-0xafffffff] available for PCI devices
[    0.142761] Booting paravirtualized kernel on KVM
[    0.143373] clocksource: refined-jiffies: mask: 0xffffffff max_cycles: 0xffffffff, max_idle_ns: 1910969940391419 ns
[    0.185245] setup_percpu: NR_CPUS:16 nr_cpumask_bits:16 nr_cpu_ids:16 nr_node_ids:1
[    0.275374] percpu: Embedded 56 pages/cpu s191448 r8192 d29736 u262144
[    0.275445] pcpu-alloc: s191448 r8192 d29736 u262144 alloc=1*2097152
[    0.275498] pcpu-alloc: [0] 00 01 02 03 04 05 06 07 [0] 08 09 10 11 12 13 14 15 
[    0.276037] kvm-guest: stealtime: cpu 0, msr 1f21b600
[    0.276483] Built 1 zonelists, mobility grouping on.  Total pages: 128872
[    0.276485] Policy zone: DMA32
[    0.276553] Kernel command line: selinux=0 initcall_debug debug console=ttyS0 nohz_full=2-9 rcutorture.onoff_interval=1000 rcutorture.onoff_holdoff=30 rcutorture.n_barrier_cbs=4 rcutorture.stat_interval=15 rcutorture.shutdown_secs=1800 rcutorture.test_no_idle_hz=1 rcutorture.verbose=1
[    0.292339] Dentry cache hash table entries: 65536 (order: 7, 524288 bytes, linear)
[    0.296205] Inode-cache hash table entries: 32768 (order: 6, 262144 bytes, linear)
[    0.297413] mem auto-init: stack:all(zero), heap alloc:off, heap free:off
[    0.307047] Memory: 477988K/523764K available (14349K kernel code, 2565K rwdata, 4704K rodata, 1504K init, 1464K bss, 45516K reserved, 0K cma-reserved)
[    0.308212] SLUB: HWalign=64, Order=0-3, MinObjects=0, CPUs=16, Nodes=1
[    0.308808] Kernel/User page tables isolation: enabled
[    0.320300] rcu: Hierarchical RCU implementation.
[    0.320304] rcu: 	RCU event tracing is enabled.
[    0.320305] rcu: 	CONFIG_RCU_FANOUT set to non-default value of 2.
[    0.320307] rcu: 	Four(or more)-level hierarchy is enabled.
[    0.320308] rcu: 	Build-time adjustment of leaf fanout to 2.
[    0.320391] 	Trampoline variant of Tasks RCU enabled.
[    0.320392] 	Rude variant of Tasks RCU enabled.
[    0.320393] 	Tracing variant of Tasks RCU enabled.
[    0.320542] rcu: RCU calculated value of scheduler-enlistment delay is 100 jiffies.
[    0.340796] NR_IRQS: 4352, nr_irqs: 552, preallocated irqs: 16
[    0.343322] NO_HZ: Full dynticks CPUs: 2-9.
[    0.343325] rcu: 	Offload RCU callbacks from CPUs: 2-9.
[    0.347723] calling  con_init+0x0/0x22a @ 0
[    0.523450] Console: colour VGA+ 80x25
[    0.523466] initcall con_init+0x0/0x22a returned 0 after 0 usecs
[    0.523469] calling  hvc_console_init+0x0/0x13 @ 0
[    0.523531] initcall hvc_console_init+0x0/0x13 returned 0 after 0 usecs
[    0.523533] calling  univ8250_console_init+0x0/0x26 @ 0
[    1.436361] printk: console [ttyS0] enabled
[    1.442604] initcall univ8250_console_init+0x0/0x26 returned 0 after 0 usecs
[    1.455496] ACPI: Core revision 20200925
[    1.465532] clocksource: hpet: mask: 0xffffffff max_cycles: 0xffffffff, max_idle_ns: 19112604467 ns
[    1.480608] APIC: Switch to symmetric I/O mode setup
[    1.486456] Switched APIC routing to physical flat.
[    1.521439] ..TIMER: vector=0x30 apic1=0 pin1=2 apic2=-1 pin2=-1
[    1.530359] clocksource: tsc-early: mask: 0xffffffffffffffff max_cycles: 0x39a85afc727, max_idle_ns: 881590685098 ns
[    1.542880] Calibrating delay loop (skipped) preset value.. 3999.99 BogoMIPS (lpj=1999999)
[    1.543771] pid_max: default: 32768 minimum: 301
[    1.548260] LSM: Security Framework initializing
[    1.550036] Mount-cache hash table entries: 1024 (order: 1, 8192 bytes, linear)
[    1.551714] Mountpoint-cache hash table entries: 1024 (order: 1, 8192 bytes, linear)
[    1.575141] Last level iTLB entries: 4KB 0, 2MB 0, 4MB 0
[    1.575659] Last level dTLB entries: 4KB 0, 2MB 0, 4MB 0, 1GB 0
[    1.577936] Spectre V1 : Mitigation: usercopy/swapgs barriers and __user pointer sanitization
[    1.578677] Spectre V2 : Mitigation: Retpolines
[    1.579639] Spectre V2 : Spectre v2 / SpectreRSB mitigation: Filling RSB on context switch
[    1.581638] Spectre V2 : Spectre v2 / SpectreRSB : Filling RSB on VMEXIT
[    1.582640] Speculative Store Bypass: Vulnerable
[    1.583688] MDS: Vulnerable: Clear CPU buffers attempted, no microcode
[    1.584637] MMIO Stale Data: Unknown: No mitigations
[    1.645496] Freeing SMP alternatives memory: 44K
[    1.753188] smpboot: CPU0: Intel Common KVM processor (family: 0xf, model: 0x6, stepping: 0x1)
[    1.755386] calling  init_hw_perf_events+0x0/0x6ce @ 1
[    1.755680] Performance Events: unsupported Netburst CPU model 6 no PMU driver, software events only.
[    1.756645] initcall init_hw_perf_events+0x0/0x6ce returned 0 after 976 usecs
[    1.757643] calling  init_real_mode+0x0/0x1e9 @ 1
[    1.759950] initcall init_real_mode+0x0/0x1e9 returned 0 after 976 usecs
[    1.760645] calling  trace_init_perf_perm_irq_work_exit+0x0/0x12 @ 1
[    1.761646] initcall trace_init_perf_perm_irq_work_exit+0x0/0x12 returned 0 after 0 usecs
[    1.762669] calling  validate_x2apic+0x0/0x4a @ 1
[    1.763679] initcall validate_x2apic+0x0/0x4a returned 0 after 0 usecs
[    1.764642] calling  register_nmi_cpu_backtrace_handler+0x0/0x15 @ 1
[    1.765642] initcall register_nmi_cpu_backtrace_handler+0x0/0x15 returned 0 after 0 usecs
[    1.766641] calling  kvm_setup_vsyscall_timeinfo+0x0/0xce @ 1
[    1.767640] initcall kvm_setup_vsyscall_timeinfo+0x0/0xce returned 0 after 0 usecs
[    1.768641] calling  spawn_ksoftirqd+0x0/0x38 @ 1
[    1.769762] initcall spawn_ksoftirqd+0x0/0x38 returned 0 after 0 usecs
[    1.770642] calling  migration_init+0x0/0x3c @ 1
[    1.771654] initcall migration_init+0x0/0x3c returned 0 after 0 usecs
[    1.772654] calling  srcu_bootup_announce+0x0/0x2f @ 1
[    1.773637] rcu: Hierarchical SRCU implementation.
[    1.774660] initcall srcu_bootup_announce+0x0/0x2f returned 0 after 976 usecs
[    1.775639] calling  rcu_spawn_gp_kthread+0x0/0x1dd @ 1
[    1.777713] initcall rcu_spawn_gp_kthread+0x0/0x1dd returned 0 after 976 usecs
[    1.778639] calling  check_cpu_stall_init+0x0/0x1a @ 1
[    1.779640] initcall check_cpu_stall_init+0x0/0x1a returned 0 after 0 usecs
[    1.780639] calling  rcu_sysrq_init+0x0/0x21 @ 1
[    1.781638] initcall rcu_sysrq_init+0x0/0x21 returned 0 after 0 usecs
[    1.782641] calling  trace_init_flags_sys_enter+0x0/0xe @ 1
[    1.783657] initcall trace_init_flags_sys_enter+0x0/0xe returned 0 after 0 usecs
[    1.784640] calling  trace_init_flags_sys_exit+0x0/0xe @ 1
[    1.785640] initcall trace_init_flags_sys_exit+0x0/0xe returned 0 after 0 usecs
[    1.786640] calling  cpu_stop_init+0x0/0x6e @ 1
[    1.787771] initcall cpu_stop_init+0x0/0x6e returned 0 after 0 usecs
[    1.788651] calling  init_kprobes+0x0/0x165 @ 1
[    1.791286] initcall init_kprobes+0x0/0x165 returned 0 after 976 usecs
[    1.791642] calling  init_events+0x0/0x3d @ 1
[    1.793063] initcall init_events+0x0/0x3d returned 0 after 0 usecs
[    1.793639] calling  init_trace_printk+0x0/0xc @ 1
[    1.794639] initcall init_trace_printk+0x0/0xc returned 0 after 0 usecs
[    1.795639] calling  event_trace_enable_again+0x0/0x23 @ 1
[    1.796639] initcall event_trace_enable_again+0x0/0x23 returned 0 after 0 usecs
[    1.797638] calling  static_call_init+0x0/0x77 @ 1
[    1.798639] initcall static_call_init+0x0/0x77 returned 0 after 0 usecs
[    1.799639] calling  jump_label_init_module+0x0/0xc @ 1
[    1.800641] initcall jump_label_init_module+0x0/0xc returned 0 after 0 usecs
[    1.801642] calling  init_zero_pfn+0x0/0x37 @ 1
[    1.802641] initcall init_zero_pfn+0x0/0x37 returned 0 after 0 usecs
[    1.803669] calling  initialize_ptr_random+0x0/0x54 @ 1
[    1.804657] initcall initialize_ptr_random+0x0/0x54 returned 0 after 0 usecs
[    1.805713] calling  efi_memreserve_root_init+0x0/0x25 @ 1
[    1.806675] initcall efi_memreserve_root_init+0x0/0x25 returned 0 after 0 usecs
[    1.807641] calling  efi_earlycon_remap_fb+0x0/0x51 @ 1
[    1.808640] initcall efi_earlycon_remap_fb+0x0/0x51 returned 0 after 0 usecs
[    1.811813] smp: Bringing up secondary CPUs ...
[    1.814056] x86: Booting SMP configuration:
[    1.814680] .... node  #0, CPUs:        #1
[    1.193073] kvm-clock: cpu 1, msr c0ac041, secondary cpu clock
[    1.838784] kvm-guest: stealtime: cpu 1, msr 1f25b600
[    1.852655]   #2
[    1.193073] kvm-clock: cpu 2, msr c0ac081, secondary cpu clock
[    1.874634] kvm-guest: stealtime: cpu 2, msr 1f29b600
[    1.888653]   #3
[    1.193073] kvm-clock: cpu 3, msr c0ac0c1, secondary cpu clock
[    1.910956] kvm-guest: stealtime: cpu 3, msr 1f2db600
[    1.925328]   #4
[    1.193073] kvm-clock: cpu 4, msr c0ac101, secondary cpu clock
[    1.948634] kvm-guest: stealtime: cpu 4, msr 1f31b600
[    1.964421]   #5
[    1.193073] kvm-clock: cpu 5, msr c0ac141, secondary cpu clock
[    1.988055] kvm-guest: stealtime: cpu 5, msr 1f35b600
[    2.005672]   #6
[    1.193073] kvm-clock: cpu 6, msr c0ac181, secondary cpu clock
[    2.030635] kvm-guest: stealtime: cpu 6, msr 1f39b600
[    2.048125]   #7
[    1.193073] kvm-clock: cpu 7, msr c0ac1c1, secondary cpu clock
[    2.069947] kvm-guest: stealtime: cpu 7, msr 1f3db600
[    2.084146]   #8
[    1.193073] kvm-clock: cpu 8, msr c0ac201, secondary cpu clock
[    2.105964] kvm-guest: stealtime: cpu 8, msr 1f41b600
[    2.120259]   #9
[    1.193073] kvm-clock: cpu 9, msr c0ac241, secondary cpu clock
[    2.142022] kvm-guest: stealtime: cpu 9, msr 1f45b600
[    2.156344]  #10
[    1.193073] kvm-clock: cpu 10, msr c0ac281, secondary cpu clock
[    2.177771] kvm-guest: stealtime: cpu 10, msr 1f49b600
[    2.192313]  #11
[    1.193073] kvm-clock: cpu 11, msr c0ac2c1, secondary cpu clock
[    2.214776] kvm-guest: stealtime: cpu 11, msr 1f4db600
[    2.234261]  #12
[    1.193073] kvm-clock: cpu 12, msr c0ac301, secondary cpu clock
[    2.259798] kvm-guest: stealtime: cpu 12, msr 1f51b600
[    2.274978]  #13
[    1.193073] kvm-clock: cpu 13, msr c0ac341, secondary cpu clock
[    2.295764] kvm-guest: stealtime: cpu 13, msr 1f55b600
[    2.310653]  #14
[    1.193073] kvm-clock: cpu 14, msr c0ac381, secondary cpu clock
[    2.332745] kvm-guest: stealtime: cpu 14, msr 1f59b600
[    2.348344]  #15
[    1.193073] kvm-clock: cpu 15, msr c0ac3c1, secondary cpu clock
[    2.374831] kvm-guest: stealtime: cpu 15, msr 1f5db600
[    2.393330] smp: Brought up 1 node, 16 CPUs
[    2.393638] smpboot: Max logical packages: 1
[    2.394639] smpboot: Total of 16 processors activated (63999.96 BogoMIPS)
[    2.408638] devtmpfs: initialized
[    2.412291] calling  ipc_ns_init+0x0/0x3d @ 1
[    2.412701] initcall ipc_ns_init+0x0/0x3d returned 0 after 0 usecs
[    2.413642] calling  init_mmap_min_addr+0x0/0x21 @ 1
[    2.414640] initcall init_mmap_min_addr+0x0/0x21 returned 0 after 0 usecs
[    2.415643] calling  pci_realloc_setup_params+0x0/0x3f @ 1
[    2.416640] initcall pci_realloc_setup_params+0x0/0x3f returned 0 after 0 usecs
[    2.417684] calling  net_ns_init+0x0/0x11c @ 1
[    2.419975] initcall net_ns_init+0x0/0x11c returned 0 after 976 usecs
[    2.420664] calling  e820__register_nvs_regions+0x0/0x37 @ 1
[    2.421641] initcall e820__register_nvs_regions+0x0/0x37 returned 0 after 0 usecs
[    2.422675] calling  cpufreq_register_tsc_scaling+0x0/0x2e @ 1
[    2.423640] initcall cpufreq_register_tsc_scaling+0x0/0x2e returned 0 after 0 usecs
[    2.424641] calling  reboot_init+0x0/0x3c @ 1
[    2.425765] initcall reboot_init+0x0/0x3c returned 0 after 0 usecs
[    2.426641] calling  init_lapic_sysfs+0x0/0x20 @ 1
[    2.427641] initcall init_lapic_sysfs+0x0/0x20 returned 0 after 0 usecs
[    2.429640] calling  alloc_frozen_cpus+0x0/0x7 @ 1
[    2.430639] initcall alloc_frozen_cpus+0x0/0x7 returned 0 after 0 usecs
[    2.431640] calling  cpu_hotplug_pm_sync_init+0x0/0x13 @ 1
[    2.432640] initcall cpu_hotplug_pm_sync_init+0x0/0x13 returned 0 after 0 usecs
[    2.433640] calling  wq_sysfs_init+0x0/0x2a @ 1
[    2.434708] initcall wq_sysfs_init+0x0/0x2a returned 0 after 0 usecs
[    2.435640] calling  ksysfs_init+0x0/0x92 @ 1
[    2.436649] initcall ksysfs_init+0x0/0x92 returned 0 after 0 usecs
[    2.437640] calling  schedutil_gov_init+0x0/0xc @ 1
[    2.438742] initcall schedutil_gov_init+0x0/0xc returned 0 after 0 usecs
[    2.440638] calling  pm_init+0x0/0x76 @ 1
[    2.441753] initcall pm_init+0x0/0x76 returned 0 after 0 usecs
[    2.442640] calling  pm_disk_init+0x0/0x13 @ 1
[    2.443691] initcall pm_disk_init+0x0/0x13 returned 0 after 0 usecs
[    2.444643] calling  swsusp_header_init+0x0/0x2b @ 1
[    2.445644] initcall swsusp_header_init+0x0/0x2b returned 0 after 0 usecs
[    2.446643] calling  rcu_set_runtime_mode+0x0/0x16 @ 1
[    2.449734] initcall rcu_set_runtime_mode+0x0/0x16 returned 0 after 976 usecs
[    2.450643] calling  init_jiffies_clocksource+0x0/0x13 @ 1
[    2.451658] clocksource: jiffies: mask: 0xffffffff max_cycles: 0xffffffff, max_idle_ns: 1911260446275000 ns
[    2.452662] initcall init_jiffies_clocksource+0x0/0x13 returned 0 after 976 usecs
[    2.453643] calling  futex_init+0x0/0xf7 @ 1
[    2.454647] futex hash table entries: 4096 (order: 6, 262144 bytes, linear)
[    2.457002] initcall futex_init+0x0/0xf7 returned 0 after 1953 usecs
[    2.457644] calling  cgroup_wq_init+0x0/0x28 @ 1
[    2.458655] initcall cgroup_wq_init+0x0/0x28 returned 0 after 0 usecs
[    2.459640] calling  cgroup1_wq_init+0x0/0x28 @ 1
[    2.460651] initcall cgroup1_wq_init+0x0/0x28 returned 0 after 0 usecs
[    2.461640] calling  init_kprobe_trace_early+0x0/0x2a @ 1
[    2.462682] initcall init_kprobe_trace_early+0x0/0x2a returned 0 after 0 usecs
[    2.463658] calling  fsnotify_init+0x0/0x48 @ 1
[    2.464666] initcall fsnotify_init+0x0/0x48 returned 0 after 0 usecs
[    2.465640] calling  filelock_init+0x0/0x96 @ 1
[    2.466664] initcall filelock_init+0x0/0x96 returned 0 after 0 usecs
[    2.467639] calling  init_misc_binfmt+0x0/0x2c @ 1
[    2.469655] initcall init_misc_binfmt+0x0/0x2c returned 0 after 0 usecs
[    2.470643] calling  init_script_binfmt+0x0/0x15 @ 1
[    2.471711] initcall init_script_binfmt+0x0/0x15 returned 0 after 0 usecs
[    2.472643] calling  init_elf_binfmt+0x0/0x15 @ 1
[    2.473642] initcall init_elf_binfmt+0x0/0x15 returned 0 after 0 usecs
[    2.474640] calling  init_compat_elf_binfmt+0x0/0x15 @ 1
[    2.475640] initcall init_compat_elf_binfmt+0x0/0x15 returned 0 after 0 usecs
[    2.476641] calling  debugfs_init+0x0/0x5c @ 1
[    2.477666] initcall debugfs_init+0x0/0x5c returned 0 after 0 usecs
[    2.478641] calling  tracefs_init+0x0/0x3a @ 1
[    2.479662] initcall tracefs_init+0x0/0x3a returned 0 after 0 usecs
[    2.480640] calling  prandom_init_early+0x0/0x15d @ 1
[    2.482640] initcall prandom_init_early+0x0/0x15d returned 0 after 0 usecs
[    2.483689] calling  virtio_init+0x0/0x20 @ 1
[    2.484738] initcall virtio_init+0x0/0x20 returned 0 after 0 usecs
[    2.485641] calling  iommu_init+0x0/0x2a @ 1
[    2.486699] initcall iommu_init+0x0/0x2a returned 0 after 0 usecs
[    2.487640] calling  component_debug_init+0x0/0x1c @ 1
[    2.488766] initcall component_debug_init+0x0/0x1c returned 0 after 0 usecs
[    2.489640] calling  early_resume_init+0x0/0xb9 @ 1
[    2.491637] PM: RTC time: 05:41:51, date: 2022-12-13
[    2.492655] initcall early_resume_init+0x0/0xb9 returned 0 after 1953 usecs
[    2.493640] calling  cpufreq_core_init+0x0/0x62 @ 1
[    2.494658] initcall cpufreq_core_init+0x0/0x62 returned 0 after 0 usecs
[    2.495640] calling  cpufreq_gov_performance_init+0x0/0xc @ 1
[    2.496640] initcall cpufreq_gov_performance_init+0x0/0xc returned 0 after 0 usecs
[    2.497658] calling  cpufreq_gov_userspace_init+0x0/0xc @ 1
[    2.498640] initcall cpufreq_gov_userspace_init+0x0/0xc returned 0 after 0 usecs
[    2.499639] calling  CPU_FREQ_GOV_ONDEMAND_init+0x0/0xc @ 1
[    2.500640] initcall CPU_FREQ_GOV_ONDEMAND_init+0x0/0xc returned 0 after 0 usecs
[    2.501641] calling  cpuidle_init+0x0/0x1f @ 1
[    2.502691] initcall cpuidle_init+0x0/0x1f returned 0 after 0 usecs
[    2.503642] calling  capsule_reboot_register+0x0/0xc @ 1
[    2.504672] initcall capsule_reboot_register+0x0/0xc returned 0 after 0 usecs
[    2.505640] calling  sock_init+0x0/0x93 @ 1
[    2.508374] initcall sock_init+0x0/0x93 returned 0 after 976 usecs
[    2.508644] calling  net_inuse_init+0x0/0x23 @ 1
[    2.509652] initcall net_inuse_init+0x0/0x23 returned 0 after 0 usecs
[    2.510644] calling  net_defaults_init+0x0/0x23 @ 1
[    2.511643] initcall net_defaults_init+0x0/0x23 returned 0 after 0 usecs
[    2.512646] calling  init_default_flow_dissectors+0x0/0x4f @ 1
[    2.513658] initcall init_default_flow_dissectors+0x0/0x4f returned 0 after 0 usecs
[    2.514641] calling  netpoll_init+0x0/0x26 @ 1
[    2.515640] initcall netpoll_init+0x0/0x26 returned 0 after 0 usecs
[    2.516642] calling  netlink_proto_init+0x0/0x14f @ 1
[    2.518837] NET: Registered protocol family 16
[    2.519656] initcall netlink_proto_init+0x0/0x14f returned 0 after 1953 usecs
[    2.520642] calling  genl_init+0x0/0x35 @ 1
[    2.521716] initcall genl_init+0x0/0x35 returned 0 after 0 usecs
[    2.522668] calling  bsp_pm_check_init+0x0/0x13 @ 1
[    2.523642] initcall bsp_pm_check_init+0x0/0x13 returned 0 after 0 usecs
[    2.524659] calling  irq_sysfs_init+0x0/0xb7 @ 1
[    2.525743] initcall irq_sysfs_init+0x0/0xb7 returned 0 after 0 usecs
[    2.526641] calling  audit_init+0x0/0x160 @ 1
[    2.527641] audit: initializing netlink subsys (disabled)
[    2.529953] audit: type=2000 audit(1670910109.834:1): state=initialized audit_enabled=0 res=1
[    2.530643] initcall audit_init+0x0/0x160 returned 0 after 2929 usecs
[    2.530648] calling  release_early_probes+0x0/0x32 @ 1
[    2.533649] initcall release_early_probes+0x0/0x32 returned 0 after 0 usecs
[    2.534643] calling  bdi_class_init+0x0/0x48 @ 1
[    2.536649] initcall bdi_class_init+0x0/0x48 returned 0 after 976 usecs
[    2.537642] calling  mm_sysfs_init+0x0/0x28 @ 1
[    2.539646] initcall mm_sysfs_init+0x0/0x28 returned 0 after 0 usecs
[    2.540641] calling  init_per_zone_wmark_min+0x0/0x6d @ 1
[    2.541650] initcall init_per_zone_wmark_min+0x0/0x6d returned 0 after 0 usecs
[    2.543641] calling  mpi_init+0x0/0x3e @ 1
[    2.544656] initcall mpi_init+0x0/0x3e returned 0 after 0 usecs
[    2.545642] calling  kobject_uevent_init+0x0/0xc @ 1
[    2.546651] initcall kobject_uevent_init+0x0/0xc returned 0 after 0 usecs
[    2.547641] calling  pcibus_class_init+0x0/0x13 @ 1
[    2.548665] initcall pcibus_class_init+0x0/0x13 returned 0 after 0 usecs
[    2.549639] calling  pci_driver_init+0x0/0x21 @ 1
[    2.550673] initcall pci_driver_init+0x0/0x21 returned 0 after 0 usecs
[    2.551640] calling  backlight_class_init+0x0/0xa8 @ 1
[    2.552672] initcall backlight_class_init+0x0/0xa8 returned 0 after 0 usecs
[    2.553644] calling  tty_class_init+0x0/0x33 @ 1
[    2.554683] initcall tty_class_init+0x0/0x33 returned 0 after 0 usecs
[    2.555644] calling  vtconsole_class_init+0x0/0xb5 @ 1
[    2.556721] initcall vtconsole_class_init+0x0/0xb5 returned 0 after 0 usecs
[    2.557641] calling  iommu_dev_init+0x0/0x13 @ 1
[    2.559645] initcall iommu_dev_init+0x0/0x13 returned 0 after 976 usecs
[    2.560640] calling  mipi_dsi_bus_init+0x0/0xc @ 1
[    2.561667] initcall mipi_dsi_bus_init+0x0/0xc returned 0 after 0 usecs
[    2.562642] calling  devlink_class_init+0x0/0x40 @ 1
[    2.563651] initcall devlink_class_init+0x0/0x40 returned 0 after 0 usecs
[    2.564643] calling  software_node_init+0x0/0x2a @ 1
[    2.565650] initcall software_node_init+0x0/0x2a returned 0 after 0 usecs
[    2.566642] calling  wakeup_sources_debugfs_init+0x0/0x23 @ 1
[    2.567723] initcall wakeup_sources_debugfs_init+0x0/0x23 returned 0 after 0 usecs
[    2.568640] calling  wakeup_sources_sysfs_init+0x0/0x2c @ 1
[    2.569651] initcall wakeup_sources_sysfs_init+0x0/0x2c returned 0 after 0 usecs
[    2.570641] calling  register_node_type+0x0/0x13 @ 1
[    2.571694] initcall register_node_type+0x0/0x13 returned 0 after 0 usecs
[    2.572640] calling  regmap_initcall+0x0/0xc @ 1
[    2.573706] initcall regmap_initcall+0x0/0xc returned 0 after 0 usecs
[    2.574656] calling  i2c_init+0x0/0xb3 @ 1
[    2.575705] initcall i2c_init+0x0/0xb3 returned 0 after 0 usecs
[    2.576642] calling  thermal_init+0x0/0xf2 @ 1
[    2.577683] thermal_sys: Registered thermal governor 'step_wise'
[    2.577685] thermal_sys: Registered thermal governor 'user_space'
[    2.578656] initcall thermal_init+0x0/0xf2 returned 0 after 976 usecs
[    2.580644] calling  init_menu+0x0/0xc @ 1
[    2.583686] cpuidle: using governor menu
[    2.588647] initcall init_menu+0x0/0xc returned 0 after 6835 usecs
[    2.595642] calling  pcc_init+0x0/0x4d @ 1
[    2.600659] initcall pcc_init+0x0/0x4d returned -19 after 0 usecs
[    2.608646] calling  amd_postcore_init+0x0/0x11e @ 1
[    2.614642] initcall amd_postcore_init+0x0/0x11e returned 0 after 0 usecs
[    2.622664] calling  bts_init+0x0/0xba @ 1
[    2.627643] initcall bts_init+0x0/0xba returned -19 after 0 usecs
[    2.635643] calling  pt_init+0x0/0x341 @ 1
[    2.640643] initcall pt_init+0x0/0x341 returned -19 after 0 usecs
[    2.647643] calling  boot_params_ksysfs_init+0x0/0x2ee @ 1
[    2.654688] initcall boot_params_ksysfs_init+0x0/0x2ee returned 0 after 0 usecs
[    2.663642] calling  sbf_init+0x0/0xea @ 1
[    2.668642] initcall sbf_init+0x0/0xea returned 0 after 0 usecs
[    2.675640] calling  arch_kdebugfs_init+0x0/0x219 @ 1
[    2.682009] initcall arch_kdebugfs_init+0x0/0x219 returned 0 after 0 usecs
[    2.690641] calling  intel_pconfig_init+0x0/0x85 @ 1
[    2.696640] initcall intel_pconfig_init+0x0/0x85 returned 0 after 0 usecs
[    2.705650] calling  mtrr_if_init+0x0/0x5d @ 1
[    2.711817] initcall mtrr_if_init+0x0/0x5d returned 0 after 0 usecs
[    2.719641] calling  activate_jump_labels+0x0/0x31 @ 1
[    2.725641] initcall activate_jump_labels+0x0/0x31 returned 0 after 0 usecs
[    2.733641] calling  ffh_cstate_init+0x0/0x29 @ 1
[    2.739647] initcall ffh_cstate_init+0x0/0x29 returned 0 after 0 usecs
[    2.747642] calling  activate_jump_labels+0x0/0x31 @ 1
[    2.754396] initcall activate_jump_labels+0x0/0x31 returned 0 after 976 usecs
[    2.763641] calling  kvm_alloc_cpumask+0x0/0x74 @ 1
[    2.769690] initcall kvm_alloc_cpumask+0x0/0x74 returned 0 after 0 usecs
[    2.777642] calling  kcmp_cookies_init+0x0/0x37 @ 1
[    2.783648] initcall kcmp_cookies_init+0x0/0x37 returned 0 after 0 usecs
[    2.791643] calling  cryptomgr_init+0x0/0xc @ 1
[    2.797684] initcall cryptomgr_init+0x0/0xc returned 0 after 0 usecs
[    2.805641] calling  acpi_pci_init+0x0/0x57 @ 1
[    2.811641] ACPI: bus type PCI registered
[    2.816641] initcall acpi_pci_init+0x0/0x57 returned 0 after 4882 usecs
[    2.824643] calling  dma_channel_table_init+0x0/0xd1 @ 1
[    2.831658] initcall dma_channel_table_init+0x0/0xd1 returned 0 after 0 usecs
[    2.840641] calling  dma_bus_init+0x0/0xdc @ 1
[    2.845663] initcall dma_bus_init+0x0/0xdc returned 0 after 0 usecs
[    2.853699] calling  iommu_dma_init+0x0/0x10 @ 1
[    2.860667] initcall iommu_dma_init+0x0/0x10 returned 0 after 0 usecs
[    2.870645] calling  dmi_id_init+0x0/0x37c @ 1
[    2.878091] initcall dmi_id_init+0x0/0x37c returned 0 after 0 usecs
[    2.887645] calling  pci_arch_init+0x0/0x71 @ 1
[    2.893206] PCI: MMCONFIG for domain 0000 [bus 00-ff] at [mem 0xb0000000-0xbfffffff] (base 0xb0000000)
[    2.904644] PCI: MMCONFIG at [mem 0xb0000000-0xbfffffff] reserved in E820
[    2.912661] PCI: Using configuration type 1 for base access
[    2.919691] initcall pci_arch_init+0x0/0x71 returned 0 after 26367 usecs
[    2.927676] calling  init_vdso+0x0/0x13 @ 1
[    2.932666] initcall init_vdso+0x0/0x13 returned 0 after 0 usecs
[    2.939643] calling  sysenter_setup+0x0/0x13 @ 1
[    2.945652] initcall sysenter_setup+0x0/0x13 returned 0 after 0 usecs
[    2.953643] calling  fixup_ht_bug+0x0/0xe5 @ 1
[    2.958640] initcall fixup_ht_bug+0x0/0xe5 returned 0 after 0 usecs
[    2.966642] calling  topology_init+0x0/0x88 @ 1
[    2.971814] initcall topology_init+0x0/0x88 returned 0 after 976 usecs
[    2.980642] calling  intel_epb_init+0x0/0x68 @ 1
[    2.985645] initcall intel_epb_init+0x0/0x68 returned -19 after 0 usecs
[    2.996644] calling  mtrr_init_finialize+0x0/0x3e @ 1
[    3.004667] initcall mtrr_init_finialize+0x0/0x3e returned 0 after 0 usecs
[    3.015645] calling  uid_cache_init+0x0/0x81 @ 1
[    3.022652] initcall uid_cache_init+0x0/0x81 returned 0 after 0 usecs
[    3.030644] calling  param_sysfs_init+0x0/0x1ba @ 1
[    3.047736] initcall param_sysfs_init+0x0/0x1ba returned 0 after 10742 usecs
[    3.057662] calling  user_namespace_sysctl_init+0x0/0x33 @ 1
[    3.064684] initcall user_namespace_sysctl_init+0x0/0x33 returned 0 after 0 usecs
[    3.074642] calling  proc_schedstat_init+0x0/0x24 @ 1
[    3.080646] initcall proc_schedstat_init+0x0/0x24 returned 0 after 0 usecs
[    3.089648] calling  pm_sysrq_init+0x0/0x18 @ 1
[    3.098660] initcall pm_sysrq_init+0x0/0x18 returned 0 after 2929 usecs
[    3.107721] calling  create_proc_profile+0x0/0xd0 @ 1
[    3.113643] initcall create_proc_profile+0x0/0xd0 returned 0 after 0 usecs
[    3.122644] calling  time_ns_init+0x0/0x7 @ 1
[    3.127640] initcall time_ns_init+0x0/0x7 returned 0 after 0 usecs
[    3.135641] calling  crash_save_vmcoreinfo_init+0x0/0x722 @ 1
[    3.143000] initcall crash_save_vmcoreinfo_init+0x0/0x722 returned 0 after 0 usecs
[    3.152641] calling  crash_notes_memory_init+0x0/0x35 @ 1
[    3.159855] initcall crash_notes_memory_init+0x0/0x35 returned 0 after 0 usecs
[    3.168641] calling  cgroup_sysfs_init+0x0/0x13 @ 1
[    3.174723] initcall cgroup_sysfs_init+0x0/0x13 returned 0 after 0 usecs
[    3.183640] calling  cgroup_namespaces_init+0x0/0x7 @ 1
[    3.189641] initcall cgroup_namespaces_init+0x0/0x7 returned 0 after 0 usecs
[    3.198641] calling  init_optprobes+0x0/0x13 @ 1
[    3.204640] Kprobes globally optimized
[    3.209641] initcall init_optprobes+0x0/0x13 returned 0 after 4882 usecs
[    3.217641] calling  oom_init+0x0/0x2f @ 1
[    3.223967] initcall oom_init+0x0/0x2f returned 0 after 976 usecs
[    3.231642] calling  default_bdi_init+0x0/0xb3 @ 1
[    3.239061] initcall default_bdi_init+0x0/0xb3 returned 0 after 1953 usecs
[    3.247642] calling  percpu_enable_async+0x0/0xe @ 1
[    3.253642] initcall percpu_enable_async+0x0/0xe returned 0 after 0 usecs
[    3.262644] calling  kcompactd_init+0x0/0x8d @ 1
[    3.269644] initcall kcompactd_init+0x0/0x8d returned 0 after 976 usecs
[    3.278815] calling  init_user_reserve+0x0/0x40 @ 1
[    3.285643] initcall init_user_reserve+0x0/0x40 returned 0 after 0 usecs
[    3.293642] calling  init_admin_reserve+0x0/0x40 @ 1
[    3.300641] initcall init_admin_reserve+0x0/0x40 returned 0 after 0 usecs
[    3.308644] calling  init_reserve_notifier+0x0/0x7 @ 1
[    3.315643] initcall init_reserve_notifier+0x0/0x7 returned 0 after 0 usecs
[    3.324642] calling  swap_init_sysfs+0x0/0x62 @ 1
[    3.331722] initcall swap_init_sysfs+0x0/0x62 returned 0 after 0 usecs
[    3.339643] calling  swapfile_init+0x0/0x94 @ 1
[    3.345643] initcall swapfile_init+0x0/0x94 returned 0 after 0 usecs
[    3.354641] calling  hugetlb_init+0x0/0x496 @ 1
[    3.359681] HugeTLB registered 2.00 MiB page size, pre-allocated 0 pages
[    3.368675] initcall hugetlb_init+0x0/0x496 returned 0 after 8789 usecs
[    3.376641] calling  io_wq_init+0x0/0x34 @ 1
[    3.382644] initcall io_wq_init+0x0/0x34 returned 0 after 0 usecs
[    3.389642] calling  seqiv_module_init+0x0/0xc @ 1
[    3.395643] initcall seqiv_module_init+0x0/0xc returned 0 after 0 usecs
[    3.404642] calling  echainiv_module_init+0x0/0xc @ 1
[    3.410692] initcall echainiv_module_init+0x0/0xc returned 0 after 0 usecs
[    3.419693] calling  rsa_init+0x0/0x50 @ 1
[    3.425995] cryptomgr_test (119) used greatest stack depth: 15504 bytes left
[    3.426092] initcall rsa_init+0x0/0x50 returned 0 after 976 usecs
[    3.427650] calling  crypto_cmac_module_init+0x0/0xc @ 1
[    3.428644] initcall crypto_cmac_module_init+0x0/0xc returned 0 after 0 usecs
[    3.429641] calling  hmac_module_init+0x0/0xc @ 1
[    3.430643] initcall hmac_module_init+0x0/0xc returned 0 after 0 usecs
[    3.431639] calling  crypto_null_mod_init+0x0/0x65 @ 1
[    3.436807] initcall crypto_null_mod_init+0x0/0x65 returned 0 after 3906 usecs
[    3.437775] calling  md5_mod_init+0x0/0xc @ 1
[    3.439780] initcall md5_mod_init+0x0/0xc returned 0 after 976 usecs
[    3.440641] calling  sha256_generic_mod_init+0x0/0x11 @ 1
[    3.443797] initcall sha256_generic_mod_init+0x0/0x11 returned 0 after 1953 usecs
[    3.452643] calling  crypto_cbc_module_init+0x0/0xc @ 1
[    3.458670] initcall crypto_cbc_module_init+0x0/0xc returned 0 after 0 usecs
[    3.467639] calling  crypto_ctr_module_init+0x0/0x11 @ 1
[    3.473642] initcall crypto_ctr_module_init+0x0/0x11 returned 0 after 0 usecs
[    3.482641] calling  crypto_gcm_module_init+0x0/0x64 @ 1
[    3.489680] initcall crypto_gcm_module_init+0x0/0x64 returned 0 after 0 usecs
[    3.497640] calling  crypto_ccm_module_init+0x0/0x11 @ 1
[    3.503641] initcall crypto_ccm_module_init+0x0/0x11 returned 0 after 0 usecs
[    3.512657] calling  aes_init+0x0/0xc @ 1
[    3.516778] initcall aes_init+0x0/0xc returned 0 after 2929 usecs
[    3.525651] calling  crc32c_mod_init+0x0/0xc @ 1
[    3.532654] initcall crc32c_mod_init+0x0/0xc returned 0 after 976 usecs
[    3.540644] calling  crypto_authenc_module_init+0x0/0xc @ 1
[    3.547648] initcall crypto_authenc_module_init+0x0/0xc returned 0 after 0 usecs
[    3.556644] calling  crypto_authenc_esn_module_init+0x0/0xc @ 1
[    3.563644] initcall crypto_authenc_esn_module_init+0x0/0xc returned 0 after 0 usecs
[    3.573641] calling  drbg_init+0x0/0x7c @ 1
[    3.586642] initcall drbg_init+0x0/0x7c returned 0 after 7812 usecs
[    3.593788] calling  ghash_mod_init+0x0/0xc @ 1
[    3.600807] initcall ghash_mod_init+0x0/0xc returned 0 after 976 usecs
[    3.609642] calling  init_bio+0x0/0x9a @ 1
[    3.614878] initcall init_bio+0x0/0x9a returned 0 after 0 usecs
[    3.622641] calling  blk_settings_init+0x0/0x29 @ 1
[    3.628642] initcall blk_settings_init+0x0/0x29 returned 0 after 0 usecs
[    3.637642] calling  blk_ioc_init+0x0/0x29 @ 1
[    3.644662] initcall blk_ioc_init+0x0/0x29 returned 0 after 0 usecs
[    3.647642] calling  blk_mq_init+0x0/0xb9 @ 1
[    3.652642] initcall blk_mq_init+0x0/0xb9 returned 0 after 0 usecs
[    3.660642] calling  genhd_device_init+0x0/0x75 @ 1
[    3.668078] initcall genhd_device_init+0x0/0x75 returned 0 after 976 usecs
[    3.676760] calling  pci_slot_init+0x0/0x40 @ 1
[    3.682670] initcall pci_slot_init+0x0/0x40 returned 0 after 0 usecs
[    3.690643] calling  fbmem_init+0x0/0xd8 @ 1
[    3.696755] initcall fbmem_init+0x0/0xd8 returned 0 after 0 usecs
[    3.704642] calling  acpi_init+0x0/0x319 @ 1
[    3.710707] ACPI: Added _OSI(Module Device)
[    3.715639] ACPI: Added _OSI(Processor Device)
[    3.721639] ACPI: Added _OSI(3.0 _SCP Extensions)
[    3.726638] ACPI: Added _OSI(Processor Aggregator Device)
[    3.733641] ACPI: Added _OSI(Linux-Dell-Video)
[    3.738639] ACPI: Added _OSI(Linux-Lenovo-NV-HDMI-Audio)
[    3.746642] ACPI: Added _OSI(Linux-HPI-Hybrid-Graphics)
[    3.756940] ACPI: 1 ACPI AML tables successfully acquired and loaded
[    3.772641] ACPI: Interpreter enabled
[    3.778639] ACPI: (supports S0 S3 S4 S5)
[    3.783639] ACPI: Using IOAPIC for interrupt routing
[    3.789683] PCI: Using host bridge windows from ACPI; if necessary, use "pci=nocrs" and report a bug
[    3.801903] ACPI: Enabled 2 GPEs in block 00 to 3F
[    3.816087] ACPI: PCI Root Bridge [PCI0] (domain 0000 [bus 00-ff])
[    3.825678] acpi PNP0A08:00: _OSC: OS supports [ExtendedConfig ASPM ClockPM Segments MSI HPX-Type3]
[    3.839764] acpi PNP0A08:00: _OSC: platform does not support [LTR]
[    3.847712] acpi PNP0A08:00: _OSC: OS now controls [PME PCIeCapability]
[    3.855774] PCI host bridge to bus 0000:00
[    3.860675] pci_bus 0000:00: root bus resource [io  0x0000-0x0cf7 window]
[    3.870658] pci_bus 0000:00: root bus resource [io  0x0d00-0xffff window]
[    3.879640] pci_bus 0000:00: root bus resource [mem 0x000a0000-0x000bffff window]
[    3.888640] pci_bus 0000:00: root bus resource [mem 0x20000000-0xafffffff window]
[    3.898642] pci_bus 0000:00: root bus resource [mem 0xc0000000-0xfebfffff window]
[    3.907640] pci_bus 0000:00: root bus resource [mem 0x100000000-0x8ffffffff window]
[    3.916640] pci_bus 0000:00: root bus resource [bus 00-ff]
[    3.924080] pci 0000:00:00.0: calling  quirk_mmio_always_on+0x0/0x10 @ 1
[    3.932643] pci 0000:00:00.0: quirk_mmio_always_on+0x0/0x10 took 0 usecs
[    3.940640] pci 0000:00:00.0: [8086:29c0] type 00 class 0x060000
[    3.951156] pci 0000:00:00.0: calling  quirk_igfx_skip_te_disable+0x0/0x80 @ 1
[    3.960645] pci 0000:00:00.0: quirk_igfx_skip_te_disable+0x0/0x80 took 0 usecs
[    3.970725] pci 0000:00:01.0: [1234:1111] type 00 class 0x030000
[    3.985408] pci 0000:00:01.0: reg 0x10: [mem 0xfd000000-0xfdffffff pref]
[    4.011394] pci 0000:00:01.0: reg 0x18: [mem 0xfebf0000-0xfebf0fff]
[    4.050634] pci 0000:00:01.0: reg 0x30: [mem 0xfebe0000-0xfebeffff pref]
[    4.068634] pci 0000:00:01.0: calling  efifb_fixup_resources+0x0/0xf0 @ 1
[    4.078989] pci 0000:00:01.0: efifb_fixup_resources+0x0/0xf0 took 0 usecs
[    4.109882] pci 0000:00:1f.0: [8086:2918] type 00 class 0x060100
[    4.123231] pci 0000:00:1f.0: calling  quirk_ich7_lpc+0x0/0x60 @ 1
[    4.132447] pci 0000:00:1f.0: quirk: [io  0x0600-0x067f] claimed by ICH6 ACPI/GPIO/TCO
[    4.143645] pci 0000:00:1f.0: quirk_ich7_lpc+0x0/0x60 took 11718 usecs
[    4.153062] pci 0000:00:1f.0: calling  quirk_igfx_skip_te_disable+0x0/0x80 @ 1
[    4.162721] pci 0000:00:1f.0: quirk_igfx_skip_te_disable+0x0/0x80 took 0 usecs
[    4.174640] pci 0000:00:1f.2: [8086:2922] type 00 class 0x010601
[    4.190641] pci 0000:00:1f.2: reg 0x20: [io  0xc040-0xc05f]
[    4.199320] pci 0000:00:1f.2: reg 0x24: [mem 0xfebf1000-0xfebf1fff]
[    4.208660] pci 0000:00:1f.2: calling  quirk_igfx_skip_te_disable+0x0/0x80 @ 1
[    4.217654] pci 0000:00:1f.2: quirk_igfx_skip_te_disable+0x0/0x80 took 0 usecs
[    4.230105] pci 0000:00:1f.3: [8086:2930] type 00 class 0x0c0500
[    4.242874] pci 0000:00:1f.3: reg 0x20: [io  0x0700-0x073f]
[    4.251743] pci 0000:00:1f.3: calling  quirk_igfx_skip_te_disable+0x0/0x80 @ 1
[    4.259674] pci 0000:00:1f.3: quirk_igfx_skip_te_disable+0x0/0x80 took 0 usecs
[    4.271344] ACPI: PCI Interrupt Link [LNKA] (IRQs 5 *10 11)
[    4.278018] ACPI: PCI Interrupt Link [LNKB] (IRQs 5 *10 11)
[    4.285021] ACPI: PCI Interrupt Link [LNKC] (IRQs 5 10 *11)
[    4.290052] ACPI: PCI Interrupt Link [LNKD] (IRQs 5 10 *11)
[    4.297654] ACPI: PCI Interrupt Link [LNKE] (IRQs 5 *10 11)
[    4.305039] ACPI: PCI Interrupt Link [LNKF] (IRQs 5 *10 11)
[    4.312092] ACPI: PCI Interrupt Link [LNKG] (IRQs 5 10 *11)
[    4.319656] ACPI: PCI Interrupt Link [LNKH] (IRQs 5 10 *11)
[    4.327908] ACPI: PCI Interrupt Link [GSIA] (IRQs *16)
[    4.334654] ACPI: PCI Interrupt Link [GSIB] (IRQs *17)
[    4.341759] ACPI: PCI Interrupt Link [GSIC] (IRQs *18)
[    4.349657] ACPI: PCI Interrupt Link [GSID] (IRQs *19)
[    4.355718] ACPI: PCI Interrupt Link [GSIE] (IRQs *20)
[    4.362652] ACPI: PCI Interrupt Link [GSIF] (IRQs *21)
[    4.369077] ACPI: PCI Interrupt Link [GSIG] (IRQs *22)
[    4.374759] ACPI: PCI Interrupt Link [GSIH] (IRQs *23)
[    4.396680] initcall acpi_init+0x0/0x319 returned 0 after 669921 usecs
[    4.405634] calling  pnp_init+0x0/0xc @ 1
[    4.411973] initcall pnp_init+0x0/0xc returned 0 after 0 usecs
[    4.420644] calling  misc_init+0x0/0xbf @ 1
[    4.427645] initcall misc_init+0x0/0xbf returned 0 after 1953 usecs
[    4.435642] calling  iommu_subsys_init+0x0/0x4e @ 1
[    4.441917] iommu: Default domain type: Translated 
[    4.448642] initcall iommu_subsys_init+0x0/0x4e returned 0 after 6835 usecs
[    4.456748] calling  vga_arb_device_init+0x0/0x261 @ 1
[    4.473807] pci 0000:00:01.0: vgaarb: setting as boot VGA device
[    4.474634] pci 0000:00:01.0: vgaarb: VGA device added: decodes=io+mem,owns=io+mem,locks=none
[    4.492643] pci 0000:00:01.0: vgaarb: bridge control possible
[    4.499639] vgaarb: loaded
[    4.503645] initcall vga_arb_device_init+0x0/0x261 returned 0 after 39062 usecs
[    4.513634] calling  cn_init+0x0/0xf0 @ 1
[    4.523819] initcall cn_init+0x0/0xf0 returned 0 after 3906 usecs
[    4.532645] calling  dma_buf_init+0x0/0xad @ 1
[    4.540033] initcall dma_buf_init+0x0/0xad returned 0 after 1953 usecs
[    4.547642] calling  init_scsi+0x0/0x79 @ 1
[    4.555890] SCSI subsystem initialized
[    4.560641] initcall init_scsi+0x0/0x79 returned 0 after 6835 usecs
[    4.568641] calling  ata_init+0x0/0x332 @ 1
[    4.575940] libata version 3.00 loaded.
[    4.580642] initcall ata_init+0x0/0x332 returned 0 after 6835 usecs
[    4.588641] calling  phy_init+0x0/0x250 @ 1
[    4.595649] initcall phy_init+0x0/0x250 returned 0 after 976 usecs
[    4.603642] calling  init_pcmcia_cs+0x0/0x35 @ 1
[    4.608922] initcall init_pcmcia_cs+0x0/0x35 returned 0 after 976 usecs
[    4.617642] calling  usb_common_init+0x0/0x1c @ 1
[    4.623715] initcall usb_common_init+0x0/0x1c returned 0 after 0 usecs
[    4.631642] calling  usb_init+0x0/0x12e @ 1
[    4.636719] ACPI: bus type USB registered
[    4.642142] usbcore: registered new interface driver usbfs
[    4.649689] usbcore: registered new interface driver hub
[    4.655670] usbcore: registered new device driver usb
[    4.662642] initcall usb_init+0x0/0x12e returned 0 after 25390 usecs
[    4.670643] calling  serio_init+0x0/0x29 @ 1
[    4.675685] initcall serio_init+0x0/0x29 returned 0 after 0 usecs
[    4.682670] calling  input_init+0x0/0xf6 @ 1
[    4.688753] initcall input_init+0x0/0xf6 returned 0 after 0 usecs
[    4.691640] calling  rtc_init+0x0/0x4d @ 1
[    4.696735] initcall rtc_init+0x0/0x4d returned 0 after 0 usecs
[    4.704642] calling  pps_init+0x0/0xa9 @ 1
[    4.709661] pps_core: LinuxPPS API ver. 1 registered
[    4.715638] pps_core: Software ver. 5.3.6 - Copyright 2005-2007 Rodolfo Giometti <giometti@linux.it>
[    4.726681] initcall pps_init+0x0/0xa9 returned 0 after 16601 usecs
[    4.734643] calling  ptp_init+0x0/0x98 @ 1
[    4.739652] PTP clock support registered
[    4.744641] initcall ptp_init+0x0/0x98 returned 0 after 4882 usecs
[    4.751641] calling  power_supply_class_init+0x0/0x3f @ 1
[    4.758925] initcall power_supply_class_init+0x0/0x3f returned 0 after 0 usecs
[    4.767641] calling  hwmon_init+0x0/0x104 @ 1
[    4.773771] initcall hwmon_init+0x0/0x104 returned 0 after 0 usecs
[    4.781641] calling  md_init+0x0/0x16b @ 1
[    4.799823] initcall md_init+0x0/0x16b returned 0 after 12695 usecs
[    4.806645] calling  leds_init+0x0/0x3b @ 1
[    4.813778] initcall leds_init+0x0/0x3b returned 0 after 0 usecs
[    4.821642] calling  dmi_init+0x0/0x113 @ 1
[    4.827752] initcall dmi_init+0x0/0x113 returned 0 after 976 usecs
[    4.835641] calling  efisubsys_init+0x0/0x4e7 @ 1
[    4.841763] initcall efisubsys_init+0x0/0x4e7 returned 0 after 0 usecs
[    4.850818] calling  nvmem_init+0x0/0xc @ 1
[    4.854826] initcall nvmem_init+0x0/0xc returned 0 after 2929 usecs
[    4.863643] calling  init_soundcore+0x0/0x33 @ 1
[    4.870654] initcall init_soundcore+0x0/0x33 returned 0 after 0 usecs
[    4.876642] calling  alsa_sound_init+0x0/0x8f @ 1
[    4.883159] Advanced Linux Sound Architecture Driver Initialized.
[    4.890643] initcall alsa_sound_init+0x0/0x8f returned 0 after 7812 usecs
[    4.899643] calling  alsa_seq_device_init+0x0/0x71 @ 1
[    4.905799] initcall alsa_seq_device_init+0x0/0x71 returned 0 after 0 usecs
[    4.915643] calling  hda_bus_init+0x0/0xc @ 1
[    4.921863] initcall hda_bus_init+0x0/0xc returned 0 after 0 usecs
[    4.925642] calling  proto_init+0x0/0xc @ 1
[    4.929955] initcall proto_init+0x0/0xc returned 0 after 1953 usecs
[    4.935642] calling  net_dev_init+0x0/0x209 @ 1
[    4.950315] initcall net_dev_init+0x0/0x209 returned 0 after 8789 usecs
[    4.954644] calling  neigh_init+0x0/0x84 @ 1
[    4.960647] initcall neigh_init+0x0/0x84 returned 0 after 0 usecs
[    4.966642] calling  fib_notifier_init+0x0/0xc @ 1
[    4.973640] initcall fib_notifier_init+0x0/0xc returned 0 after 976 usecs
[    4.979643] calling  fib_rules_init+0x0/0xab @ 1
[    4.984643] initcall fib_rules_init+0x0/0xab returned 0 after 0 usecs
[    4.991645] calling  pktsched_init+0x0/0x10e @ 1
[    4.998935] initcall pktsched_init+0x0/0x10e returned 0 after 0 usecs
[    5.006641] calling  tc_filter_init+0x0/0xfa @ 1
[    5.010501] initcall tc_filter_init+0x0/0xfa returned 0 after 0 usecs
[    5.017642] calling  tc_action_init+0x0/0x54 @ 1
[    5.022642] initcall tc_action_init+0x0/0x54 returned 0 after 0 usecs
[    5.028641] calling  ethnl_init+0x0/0x52 @ 1
[    5.035822] initcall ethnl_init+0x0/0x52 returned 0 after 976 usecs
[    5.043640] calling  nexthop_init+0x0/0xd8 @ 1
[    5.048943] initcall nexthop_init+0x0/0xd8 returned 0 after 976 usecs
[    5.056913] calling  cipso_v4_init+0x0/0x5d @ 1
[    5.064640] initcall cipso_v4_init+0x0/0x5d returned 0 after 0 usecs
[    5.072642] calling  ieee80211_init+0x0/0x24 @ 1
[    5.079120] initcall ieee80211_init+0x0/0x24 returned 0 after 0 usecs
[    5.087642] calling  netlbl_init+0x0/0x78 @ 1
[    5.092638] NetLabel: Initializing
[    5.096638] NetLabel:  domain hash size = 128
[    5.103637] NetLabel:  protocols = UNLABELED CIPSOv4 CALIPSO
[    5.111275] NetLabel:  unlabeled traffic allowed by default
[    5.117643] initcall netlbl_init+0x0/0x78 returned 0 after 24414 usecs
[    5.125644] calling  rfkill_init+0x0/0x111 @ 1
[    5.135642] initcall rfkill_init+0x0/0x111 returned 0 after 4882 usecs
[    5.143642] calling  pci_subsys_init+0x0/0x66 @ 1
[    5.149705] PCI: Using ACPI for IRQ routing
[    5.890640] PCI: pci_cache_line_size set to 64 bytes
[    5.899064] e820: reserve RAM buffer [mem 0x0009fc00-0x0009ffff]
[    5.906776] e820: reserve RAM buffer [mem 0x1ffdf000-0x1fffffff]
[    5.915387] initcall pci_subsys_init+0x0/0x66 returned 0 after 747070 usecs
[    5.926090] calling  nmi_warning_debugfs+0x0/0x26 @ 1
[    5.933422] initcall nmi_warning_debugfs+0x0/0x26 returned 0 after 976 usecs
[    5.941643] calling  save_microcode_in_initrd+0x0/0x51 @ 1
[    5.949721] initcall save_microcode_in_initrd+0x0/0x51 returned 0 after 0 usecs
[    5.959663] calling  hpet_late_init+0x0/0x207 @ 1
[    5.966950] hpet: 3 channels of 0 reserved for per-cpu timers
[    5.975982] hpet0: at MMIO 0xfed00000, IRQs 2, 8, 0
[    5.983641] hpet0: 3 comparators, 64-bit 100.000000 MHz counter
[    5.995650] initcall hpet_late_init+0x0/0x207 returned 0 after 28320 usecs
[    6.004643] calling  init_amd_nbs+0x0/0x11c @ 1
[    6.009743] initcall init_amd_nbs+0x0/0x11c returned 0 after 0 usecs
[    6.017656] calling  clocksource_done_booting+0x0/0x41 @ 1
[    6.027715] clocksource: Switched to clocksource kvm-clock
[    6.036063] initcall clocksource_done_booting+0x0/0x41 returned 0 after 11153 usecs
[    6.036563] calling  tracer_init_tracefs+0x0/0x242 @ 1
[    6.176327] initcall tracer_init_tracefs+0x0/0x242 returned 0 after 173663 usecs
[    6.176327] calling  init_trace_printk_function_export+0x0/0x2c @ 1
[    6.176327] initcall init_trace_printk_function_export+0x0/0x2c returned 0 after 11 usecs
[    6.176327] calling  init_kprobe_trace+0x0/0x1a9 @ 1
[    6.176327] initcall init_kprobe_trace+0x0/0x1a9 returned 0 after 57 usecs
[    6.176327] calling  init_dynamic_event+0x0/0x3d @ 1
[    6.176327] initcall init_dynamic_event+0x0/0x3d returned 0 after 4 usecs
[    6.176327] calling  init_uprobe_trace+0x0/0x5c @ 1
[    6.176327] initcall init_uprobe_trace+0x0/0x5c returned 0 after 59 usecs
[    6.176327] calling  init_pipe_fs+0x0/0x44 @ 1
[    6.176327] initcall init_pipe_fs+0x0/0x44 returned 0 after 722 usecs
[    6.311941] calling  inotify_user_setup+0x0/0x47 @ 1
[    6.318060] initcall inotify_user_setup+0x0/0x47 returned 0 after 113 usecs
[    6.326356] calling  eventpoll_init+0x0/0xd4 @ 1
[    6.332109] initcall eventpoll_init+0x0/0xd4 returned 0 after 93 usecs
[    6.339839] calling  anon_inode_init+0x0/0x58 @ 1
[    6.345561] initcall anon_inode_init+0x0/0x58 returned 0 after 99 usecs
[    6.353574] calling  proc_locks_init+0x0/0x27 @ 1
[    6.359487] initcall proc_locks_init+0x0/0x27 returned 0 after 230 usecs
[    6.367595] calling  iomap_init+0x0/0x1b @ 1
[    6.375044] initcall iomap_init+0x0/0x1b returned 0 after 1780 usecs
[    6.382639] calling  dquot_init+0x0/0x106 @ 1
[    6.387825] VFS: Disk quotas dquot_6.6.0
[    6.393113] VFS: Dquot-cache hash table entries: 512 (order 0, 4096 bytes)
[    6.401290] initcall dquot_init+0x0/0x106 returned 0 after 13147 usecs
[    6.409179] calling  quota_init+0x0/0x23 @ 1
[    6.414505] initcall quota_init+0x0/0x23 returned 0 after 300 usecs
[    6.422048] calling  proc_cmdline_init+0x0/0x21 @ 1
[    6.427961] initcall proc_cmdline_init+0x0/0x21 returned 0 after 24 usecs
[    6.435775] calling  proc_consoles_init+0x0/0x24 @ 1
[    6.441544] initcall proc_consoles_init+0x0/0x24 returned 0 after 16 usecs
[    6.449942] calling  proc_cpuinfo_init+0x0/0x1e @ 1
[    6.455731] initcall proc_cpuinfo_init+0x0/0x1e returned 0 after 4 usecs
[    6.463578] calling  proc_devices_init+0x0/0x24 @ 1
[    6.469454] initcall proc_devices_init+0x0/0x24 returned 0 after 25 usecs
[    6.477273] calling  proc_interrupts_init+0x0/0x24 @ 1
[    6.483351] initcall proc_interrupts_init+0x0/0x24 returned 0 after 3 usecs
[    6.491519] calling  proc_loadavg_init+0x0/0x21 @ 1
[    6.497148] initcall proc_loadavg_init+0x0/0x21 returned 0 after 2 usecs
[    6.504824] calling  proc_meminfo_init+0x0/0x21 @ 1
[    6.510805] initcall proc_meminfo_init+0x0/0x21 returned 0 after 2 usecs
[    6.518581] calling  proc_stat_init+0x0/0x1e @ 1
[    6.523927] initcall proc_stat_init+0x0/0x1e returned 0 after 3 usecs
[    6.531512] calling  proc_uptime_init+0x0/0x21 @ 1
[    6.537066] initcall proc_uptime_init+0x0/0x21 returned 0 after 2 usecs
[    6.544745] calling  proc_version_init+0x0/0x21 @ 1
[    6.550521] initcall proc_version_init+0x0/0x21 returned 0 after 2 usecs
[    6.558509] calling  proc_softirqs_init+0x0/0x21 @ 1
[    6.564496] initcall proc_softirqs_init+0x0/0x21 returned 0 after 5 usecs
[    6.572903] calling  proc_kcore_init+0x0/0xea @ 1
[    6.578613] initcall proc_kcore_init+0x0/0xea returned 0 after 43 usecs
[    6.586303] calling  vmcore_init+0x0/0x578 @ 1
[    6.591879] initcall vmcore_init+0x0/0x578 returned 0 after 224 usecs
[    6.599393] calling  proc_kmsg_init+0x0/0x21 @ 1
[    6.604830] initcall proc_kmsg_init+0x0/0x21 returned 0 after 4 usecs
[    6.612767] calling  proc_page_init+0x0/0x3b @ 1
[    6.618443] initcall proc_page_init+0x0/0x3b returned 0 after 5 usecs
[    6.626173] calling  init_ramfs_fs+0x0/0xc @ 1
[    6.631731] initcall init_ramfs_fs+0x0/0xc returned 0 after 97 usecs
[    6.639581] calling  init_hugetlbfs_fs+0x0/0xf6 @ 1
[    6.646449] initcall init_hugetlbfs_fs+0x0/0xf6 returned 0 after 620 usecs
[    6.654679] calling  blk_scsi_ioctl_init+0x0/0x2a5 @ 1
[    6.660891] initcall blk_scsi_ioctl_init+0x0/0x2a5 returned 0 after 32 usecs
[    6.669191] calling  acpi_event_init+0x0/0x2c @ 1
[    6.675007] initcall acpi_event_init+0x0/0x2c returned 0 after 54 usecs
[    6.683353] calling  pnp_system_init+0x0/0xc @ 1
[    6.689272] initcall pnp_system_init+0x0/0xc returned 0 after 427 usecs
[    6.697105] calling  pnpacpi_init+0x0/0x69 @ 1
[    6.702437] pnp: PnP ACPI init
[    6.707481] pnp 00:00: Plug and Play ACPI device, IDs PNP0303 (active)
[    6.715722] pnp 00:01: Plug and Play ACPI device, IDs PNP0f13 (active)
[    6.723455] pnp 00:02: Plug and Play ACPI device, IDs PNP0400 (active)
[    6.731375] pnp 00:03: Plug and Play ACPI device, IDs PNP0501 (active)
[    6.739106] pnp 00:04: Plug and Play ACPI device, IDs PNP0b00 (active)
[    6.748448] system 00:05: [mem 0xb0000000-0xbfffffff window] has been reserved
[    6.757077] system 00:05: Plug and Play ACPI device, IDs PNP0c01 (active)
[    6.767483] pnp: PnP ACPI: found 6 devices
[    6.772503] initcall pnpacpi_init+0x0/0x69 returned 0 after 68456 usecs
[    6.780501] calling  chr_dev_init+0x0/0x14d @ 1
[    6.874608] initcall chr_dev_init+0x0/0x14d returned 0 after 86278 usecs
[    6.882447] calling  firmware_class_init+0x0/0xe7 @ 1
[    6.888642] initcall firmware_class_init+0x0/0xe7 returned 0 after 272 usecs
[    6.896815] calling  init_pcmcia_bus+0x0/0x5b @ 1
[    6.902641] initcall init_pcmcia_bus+0x0/0x5b returned 0 after 127 usecs
[    6.910551] calling  init_acpi_pm_clocksource+0x0/0xda @ 1
[    6.922459] clocksource: acpi_pm: mask: 0xffffff max_cycles: 0xffffff, max_idle_ns: 2085701024 ns
[    6.932634] initcall init_acpi_pm_clocksource+0x0/0xda returned 0 after 15311 usecs
[    6.941749] calling  sysctl_core_init+0x0/0x26 @ 1
[    6.947595] initcall sysctl_core_init+0x0/0x26 returned 0 after 262 usecs
[    6.955528] calling  eth_offload_init+0x0/0x13 @ 1
[    6.961174] initcall eth_offload_init+0x0/0x13 returned 0 after 15 usecs
[    6.968858] calling  ipv4_offload_init+0x0/0x73 @ 1
[    6.974788] initcall ipv4_offload_init+0x0/0x73 returned 0 after 191 usecs
[    6.983128] calling  inet_init+0x0/0x276 @ 1
[    6.988179] NET: Registered protocol family 2
[    6.994267] IP idents hash table entries: 8192 (order: 4, 65536 bytes, linear)
[    7.008299] tcp_listen_portaddr_hash hash table entries: 256 (order: 0, 4096 bytes, linear)
[    7.018280] TCP established hash table entries: 4096 (order: 3, 32768 bytes, linear)
[    7.028604] TCP bind hash table entries: 4096 (order: 4, 65536 bytes, linear)
[    7.037485] TCP: Hash tables configured (established 4096 bind 4096)
[    7.045726] UDP hash table entries: 256 (order: 1, 8192 bytes, linear)
[    7.054090] UDP-Lite hash table entries: 256 (order: 1, 8192 bytes, linear)
[    7.063091] initcall inet_init+0x0/0x276 returned 0 after 73273 usecs
[    7.070998] calling  af_unix_init+0x0/0x4d @ 1
[    7.078093] NET: Registered protocol family 1
[    7.085204] initcall af_unix_init+0x0/0x4d returned 0 after 6966 usecs
[    7.095147] calling  ipv6_offload_init+0x0/0x7e @ 1
[    7.102939] initcall ipv6_offload_init+0x0/0x7e returned 0 after 140 usecs
[    7.113476] calling  init_sunrpc+0x0/0x65 @ 1
[    7.126921] RPC: Registered named UNIX socket transport module.
[    7.136317] RPC: Registered udp transport module.
[    7.144588] RPC: Registered tcp transport module.
[    7.152147] RPC: Registered tcp NFSv4.1 backchannel transport module.
[    7.159949] initcall init_sunrpc+0x0/0x65 returned 0 after 38665 usecs
[    7.167623] calling  cfg80211_init+0x0/0xc5 @ 1
[    7.175090] initcall cfg80211_init+0x0/0xc5 returned 0 after 1967 usecs
[    7.175751] calling  pcibios_assign_resources+0x0/0xbf @ 1
[    7.175751] pci_bus 0000:00: resource 4 [io  0x0000-0x0cf7 window]
[    7.175751] pci_bus 0000:00: resource 5 [io  0x0d00-0xffff window]
[    7.200283] pci_bus 0000:00: resource 6 [mem 0x000a0000-0x000bffff window]
[    7.200283] pci_bus 0000:00: resource 7 [mem 0x20000000-0xafffffff window]
[    7.200283] pci_bus 0000:00: resource 8 [mem 0xc0000000-0xfebfffff window]
[    7.200283] pci_bus 0000:00: resource 9 [mem 0x100000000-0x8ffffffff window]
[    7.200283] initcall pcibios_assign_resources+0x0/0xbf returned 0 after 44981 usecs
[    7.200283] calling  pci_apply_final_quirks+0x0/0x124 @ 1
[    7.200283] pci 0000:00:01.0: calling  pci_fixup_video+0x0/0xe0 @ 1
[    7.200283] pci 0000:00:01.0: Video device with shadowed ROM at [mem 0x000c0000-0x000dffff]
[    7.200283] pci 0000:00:01.0: pci_fixup_video+0x0/0xe0 took 9663 usecs
[    7.200283] PCI: CLS 0 bytes, default 64
[    7.200283] initcall pci_apply_final_quirks+0x0/0x124 returned 0 after 30490 usecs
[    7.200283] calling  acpi_reserve_resources+0x0/0xea @ 1
[    7.200283] initcall acpi_reserve_resources+0x0/0xea returned 0 after 45 usecs
[    7.200283] calling  populate_rootfs+0x0/0x102 @ 1
[    7.309720] initcall populate_rootfs+0x0/0x102 returned 0 after 1245 usecs
[    7.309720] calling  pci_iommu_init+0x0/0x3e @ 1
[    7.309720] initcall pci_iommu_init+0x0/0x3e returned 0 after 110 usecs
[    7.309720] calling  ia32_binfmt_init+0x0/0x13 @ 1
[    7.309720] initcall ia32_binfmt_init+0x0/0x13 returned 0 after 6 usecs
[    7.309720] calling  rapl_pmu_init+0x0/0x267 @ 1
[    7.351515] initcall rapl_pmu_init+0x0/0x267 returned -19 after 45 usecs
[    7.359481] calling  amd_uncore_init+0x0/0x310 @ 1
[    7.365234] initcall amd_uncore_init+0x0/0x310 returned -19 after 0 usecs
[    7.373188] calling  amd_ibs_init+0x0/0x243 @ 1
[    7.378597] initcall amd_ibs_init+0x0/0x243 returned -19 after 0 usecs
[    7.386433] calling  amd_iommu_pc_init+0x0/0x215 @ 1
[    7.392397] initcall amd_iommu_pc_init+0x0/0x215 returned -19 after 46 usecs
[    7.406978] calling  msr_init+0x0/0x55 @ 1
[    7.415086] initcall msr_init+0x0/0x55 returned 0 after 1956 usecs
[    7.422532] calling  intel_uncore_init+0x0/0x36f @ 1
[    7.428435] initcall intel_uncore_init+0x0/0x36f returned -19 after 48 usecs
[    7.436720] calling  cstate_pmu_init+0x0/0x1a1 @ 1
[    7.442413] initcall cstate_pmu_init+0x0/0x1a1 returned -19 after 0 usecs
[    7.450580] calling  register_kernel_offset_dumper+0x0/0x1a @ 1
[    7.457881] initcall register_kernel_offset_dumper+0x0/0x1a returned 0 after 94 usecs
[    7.466980] calling  i8259A_init_ops+0x0/0x20 @ 1
[    7.472891] initcall i8259A_init_ops+0x0/0x20 returned 0 after 231 usecs
[    7.480783] calling  init_tsc_clocksource+0x0/0xa4 @ 1
[    7.486869] clocksource: tsc: mask: 0xffffffffffffffff max_cycles: 0x39a85afc727, max_idle_ns: 881590685098 ns
[    7.498747] initcall init_tsc_clocksource+0x0/0xa4 returned 0 after 11698 usecs
[    7.507290] calling  add_rtc_cmos+0x0/0xb0 @ 1
[    7.512801] initcall add_rtc_cmos+0x0/0xb0 returned 0 after 227 usecs
[    7.520224] calling  i8237A_init_ops+0x0/0x3a @ 1
[    7.525848] initcall i8237A_init_ops+0x0/0x3a returned 0 after 181 usecs
[    7.533770] calling  umwait_init+0x0/0x94 @ 1
[    7.538988] initcall umwait_init+0x0/0x94 returned -19 after 17 usecs
[    7.546736] calling  thermal_throttle_init_device+0x0/0x3d @ 1
[    7.553513] initcall thermal_throttle_init_device+0x0/0x3d returned 0 after 41 usecs
[    7.563019] calling  msr_init+0x0/0xd7 @ 1
[    7.610476] initcall msr_init+0x0/0xd7 returned 0 after 41469 usecs
[    7.618024] calling  cpuid_init+0x0/0xd7 @ 1
[    7.646019] initcall cpuid_init+0x0/0xd7 returned 0 after 22424 usecs
[    7.646850] calling  ioapic_init_ops+0x0/0x13 @ 1
[    7.646850] initcall ioapic_init_ops+0x0/0x13 returned 0 after 21 usecs
[    7.646850] calling  add_pcspkr+0x0/0x6c @ 1
[    7.646850] initcall add_pcspkr+0x0/0x6c returned 0 after 250 usecs
[    7.646850] calling  start_periodic_check_for_corruption+0x0/0x30 @ 1
[    7.646850] check: Scanning for low memory corruption every 60 seconds
[    7.646850] initcall start_periodic_check_for_corruption+0x0/0x30 returned 0 after 7806 usecs
[    7.706213] calling  sysfb_init+0x0/0x9c @ 1
[    7.711620] initcall sysfb_init+0x0/0x9c returned 0 after 198 usecs
[    7.718915] calling  audit_classes_init+0x0/0xae @ 1
[    7.724963] initcall audit_classes_init+0x0/0xae returned 0 after 78 usecs
[    7.733004] calling  iosf_mbi_init+0x0/0x24 @ 1
[    7.739919] initcall iosf_mbi_init+0x0/0x24 returned 0 after 969 usecs
[    7.747831] calling  proc_execdomains_init+0x0/0x21 @ 1
[    7.754941] initcall proc_execdomains_init+0x0/0x21 returned 0 after 399 usecs
[    7.765197] calling  register_warn_debugfs+0x0/0x23 @ 1
[    7.771637] initcall register_warn_debugfs+0x0/0x23 returned 0 after 219 usecs
[    7.780108] calling  cpuhp_sysfs_init+0x0/0x79 @ 1
[    7.786352] initcall cpuhp_sysfs_init+0x0/0x79 returned 0 after 268 usecs
[    7.794331] calling  ioresources_init+0x0/0x49 @ 1
[    7.799994] initcall ioresources_init+0x0/0x49 returned 0 after 18 usecs
[    7.808303] calling  snapshot_device_init+0x0/0xc @ 1
[    7.815600] initcall snapshot_device_init+0x0/0xc returned 0 after 1320 usecs
[    7.824601] calling  irq_pm_init_ops+0x0/0x13 @ 1
[    7.830536] initcall irq_pm_init_ops+0x0/0x13 returned 0 after 31 usecs
[    7.838512] calling  rcu_torture_init+0x0/0x9a6 @ 1
[    7.844483] rcu-torture:--- Start of test: nreaders=15 nfakewriters=4 stat_interval=15 verbose=1 test_no_idle_hz=1 shuffle_interval=3 stutter=5 irqreader=1 fqs_duration=0 fqs_holdoff=0 fqs_stutter=3 test_boost=1/0 test_boost_interval=7 test_boost_duration=4 shutdown_secs=1800 stall_cpu=0 stall_cpu_holdoff=10 stall_cpu_irqsoff=0 stall_cpu_block=0 n_barrier_cbs=4 onoff_interval=1000 onoff_holdoff=30 read_exit_delay=13 read_exit_burst=16
[    7.896315] rcu:  Start-test grace-period state: g-1032 f0x0
[    7.904091] rcu-torture: Creating rcu_torture_writer task
[    7.912446] rcu-torture: Creating rcu_torture_fakewriter task
[    7.912755] rcu-torture: rcu_torture_writer task started
[    7.920856] rcu-torture: Creating rcu_torture_fakewriter task
[    7.921183] rcu-torture: rcu_torture_fakewriter task started
[    7.925832] rcu-torture: GP expediting controlled from boot/sysfs for rcu.
[    7.934400] rcu-torture: Creating rcu_torture_fakewriter task
[    7.934814] rcu-torture: rcu_torture_fakewriter task started
[    7.939683] rcu_torture_writer: Testing conditional GPs.
[    7.939686] rcu_torture_writer: Testing expedited GPs.
[    7.949190] rcu-torture: Creating rcu_torture_fakewriter task
[    7.949393] rcu-torture: rcu_torture_fakewriter task started
[    7.954432] rcu_torture_writer: Testing asynchronous GPs.
[    7.954432] rcu_torture_writer: Testing normal GPs.
[    8.003078] rcu-torture: Creating rcu_torture_reader task
[    8.003154] rcu-torture: rcu_torture_fakewriter task started
[    8.010977] rcu-torture: Creating rcu_torture_reader task
[    8.011221] rcu-torture: rcu_torture_reader task started
[    8.032087] rcu-torture: Creating rcu_torture_reader task
[    8.032416] rcu-torture: rcu_torture_reader task started
[    8.040639] rcu-torture: Creating rcu_torture_reader task
[    8.040814] rcu-torture: rcu_torture_reader task started
[    8.061232] rcu-torture: Creating rcu_torture_reader task
[    8.061260] rcu-torture: rcu_torture_reader task started
[    8.069327] rcu-torture: Creating rcu_torture_reader task
[    8.069765] rcu-torture: rcu_torture_reader task started
[    8.088823] rcu-torture: rcu_torture_reader task started
[    8.088927] rcu-torture: Creating rcu_torture_reader task
[    8.102563] rcu-torture: Creating rcu_torture_reader task
[    8.102587] rcu-torture: rcu_torture_reader task started
[    8.118355] rcu-torture: rcu_torture_reader task started
[    8.118846] rcu-torture: Creating rcu_torture_reader task
[    8.137112] rcu-torture: Creating rcu_torture_reader task
[    8.137185] rcu-torture: rcu_torture_reader task started
[    8.146047] rcu-torture: Creating rcu_torture_reader task
[    8.146071] rcu-torture: rcu_torture_reader task started
[    8.165696] rcu-torture: Creating rcu_torture_reader task
[    8.165800] rcu-torture: rcu_torture_reader task started
[    8.182322] rcu-torture: Creating rcu_torture_reader task
[    8.182341] rcu-torture: rcu_torture_reader task started
[    8.199638] rcu-torture: Creating rcu_torture_reader task
[    8.199831] rcu-torture: rcu_torture_reader task started
[    8.216460] rcu-torture: Creating rcu_torture_reader task
[    8.222767] rcu-torture: rcu_torture_reader task started
[    8.231298] rcu-torture: Creating rcu_torture_stats task
[    8.231332] rcu-torture: rcu_torture_reader task started
[    8.240276] rcu-torture: Creating torture_shuffle task
[    8.240298] rcu-torture: rcu_torture_stats task started
[    8.263298] rcu-torture: Creating torture_stutter task
[    8.263333] rcu-torture: torture_shuffle task started
[    8.279008] rcu-torture: Creating torture_shutdown task
[    8.279133] rcu-torture: torture_stutter task started
[    8.292845] rcu-torture: torture_shutdown task started
[    8.292962] rcu-torture: Creating torture_onoff task
[    8.299805] rcu-torture:torture_shutdown task: 1799979 ms remaining
[    8.306033] rcu-torture: torture_onoff task started
[    8.306056] rcu-torture: Creating rcu_torture_fwd_prog task
[    8.307005] rcu-torture: rcu_torture_fwd_progress task started
[    8.307012] rcu-torture: Creating rcu_torture_barrier_cbs task
[    8.307977] rcu-torture: Creating rcu_torture_barrier_cbs task
[    8.308101] rcu-torture: rcu_torture_barrier_cbs task started
[    8.309162] rcu-torture: Creating rcu_torture_barrier_cbs task
[    8.309205] rcu-torture: rcu_torture_barrier_cbs task started
[    8.310343] rcu-torture: Creating rcu_torture_barrier_cbs task
[    8.310377] rcu-torture: rcu_torture_barrier_cbs task started
[    8.312845] rcu-torture: rcu_torture_barrier_cbs task started
[    8.313070] rcu-torture: Creating rcu_torture_barrier task
[    8.314077] rcu-torture: Creating rcu_torture_read_exit task
[    8.314099] rcu-torture: rcu_torture_barrier task starting
[    8.315170] rcu-torture: rcu_torture_read_exit: Start of test
[    8.315199] initcall rcu_torture_init+0x0/0x9a6 returned 0 after 459883 usecs
[    8.315202] calling  timekeeping_init_ops+0x0/0x13 @ 1
[    8.315216] initcall timekeeping_init_ops+0x0/0x13 returned 0 after 11 usecs
[    8.315218] calling  init_clocksource_sysfs+0x0/0x23 @ 1
[    8.315485] initcall init_clocksource_sysfs+0x0/0x23 returned 0 after 259 usecs
[    8.315487] calling  init_timer_list_procfs+0x0/0x31 @ 1
[    8.315518] initcall init_timer_list_procfs+0x0/0x31 returned 0 after 29 usecs
[    8.315520] calling  alarmtimer_init+0x0/0xc7 @ 1
[    8.316105] initcall alarmtimer_init+0x0/0xc7 returned 0 after 568 usecs
[    8.316106] calling  init_posix_timers+0x0/0x29 @ 1
[    8.316138] initcall init_posix_timers+0x0/0x29 returned 0 after 28 usecs
[    8.316139] calling  clockevents_init_sysfs+0x0/0xbf @ 1
[    8.316486] initcall clockevents_init_sysfs+0x0/0xbf returned 0 after 336 usecs
[    8.316488] calling  proc_dma_init+0x0/0x21 @ 1
[    8.316517] initcall proc_dma_init+0x0/0x21 returned 0 after 27 usecs
[    8.316519] calling  proc_modules_init+0x0/0x1e @ 1
[    8.316538] initcall proc_modules_init+0x0/0x1e returned 0 after 16 usecs
[    8.316539] calling  kallsyms_init+0x0/0x21 @ 1
[    8.316541] initcall kallsyms_init+0x0/0x21 returned 0 after 0 usecs
[    8.316543] calling  pid_namespaces_init+0x0/0x2c @ 1
[    8.316624] initcall pid_namespaces_init+0x0/0x2c returned 0 after 77 usecs
[    8.316626] calling  audit_watch_init+0x0/0x37 @ 1
[    8.316664] initcall audit_watch_init+0x0/0x37 returned 0 after 34 usecs
[    8.316665] calling  audit_fsnotify_init+0x0/0x37 @ 1
[    8.316676] initcall audit_fsnotify_init+0x0/0x37 returned 0 after 0 usecs
[    8.316678] calling  audit_tree_init+0x0/0x6d @ 1
[    8.316681] initcall audit_tree_init+0x0/0x6d returned 0 after 1 usecs
[    8.316683] calling  seccomp_sysctl_init+0x0/0x2b @ 1
[    8.316695] initcall seccomp_sysctl_init+0x0/0x2b returned 0 after 17 usecs
[    8.316695] calling  utsname_sysctl_init+0x0/0x13 @ 1
[    8.316695] initcall utsname_sysctl_init+0x0/0x13 returned 0 after 91 usecs
[    8.316695] calling  init_tracepoints+0x0/0x27 @ 1
[    8.316695] initcall init_tracepoints+0x0/0x27 returned 0 after 22 usecs
[    8.316695] calling  init_blk_tracer+0x0/0x50 @ 1
[    8.316695] initcall init_blk_tracer+0x0/0x50 returned 0 after 491 usecs
[    8.316695] calling  perf_event_sysfs_init+0x0/0x81 @ 1
[    8.316695] initcall perf_event_sysfs_init+0x0/0x81 returned 0 after 568 usecs
[    8.316695] calling  system_trusted_keyring_init+0x0/0x60 @ 1
[    8.316695] Initialise system trusted keyrings
[    8.316695] initcall system_trusted_keyring_init+0x0/0x60 returned 0 after 72 usecs
[    8.316695] calling  kswapd_init+0x0/0x5c @ 1
[    8.319021] rcu-torture: torture_onoff begin holdoff
[    8.319078] initcall kswapd_init+0x0/0x5c returned 0 after 1038 usecs
[    8.319080] calling  extfrag_debug_init+0x0/0x54 @ 1
[    8.319119] initcall extfrag_debug_init+0x0/0x54 returned 0 after 36 usecs
[    8.319121] calling  mm_compute_batch_init+0x0/0x12 @ 1
[    8.319123] initcall mm_compute_batch_init+0x0/0x12 returned 0 after 0 usecs
[    8.319125] calling  slab_proc_init+0x0/0x21 @ 1
[    8.319182] initcall slab_proc_init+0x0/0x21 returned 0 after 53 usecs
[    8.319184] calling  workingset_init+0x0/0x8c @ 1
[    8.319213] workingset: timestamp_bits=56 max_order=17 bucket_order=0
[    8.319269] initcall workingset_init+0x0/0x8c returned 0 after 80 usecs
[    8.319271] calling  proc_vmalloc_init+0x0/0x32 @ 1
[    8.319290] initcall proc_vmalloc_init+0x0/0x32 returned 0 after 16 usecs
[    8.319293] calling  procswaps_init+0x0/0x1e @ 1
[    8.319331] initcall procswaps_init+0x0/0x1e returned 0 after 34 usecs
[    8.319333] calling  slab_sysfs_init+0x0/0xea @ 1
[    8.319742] initcall slab_sysfs_init+0x0/0xea returned 0 after 2682 usecs
[    8.884827] calling  fcntl_init+0x0/0x29 @ 1
[    8.891917] initcall fcntl_init+0x0/0x29 returned 0 after 1184 usecs
[    8.900183] calling  proc_filesystems_init+0x0/0x21 @ 1
[    8.907884] initcall proc_filesystems_init+0x0/0x21 returned 0 after 369 usecs
[    8.918729] calling  start_dirtytime_writeback+0x0/0x29 @ 1
[    8.927262] initcall start_dirtytime_writeback+0x0/0x29 returned 0 after 128 usecs
[    8.938947] calling  blkdev_init+0x0/0x1b @ 1
[    8.946607] initcall blkdev_init+0x0/0x1b returned 0 after 1205 usecs
[    8.956608] calling  dio_init+0x0/0x2c @ 1
[    8.963895] initcall dio_init+0x0/0x2c returned 0 after 1379 usecs
[    8.973838] calling  dnotify_init+0x0/0x78 @ 1
[    8.980275] initcall dnotify_init+0x0/0x78 returned 0 after 174 usecs
[    8.990589] calling  aio_setup+0x0/0x78 @ 1
[    8.998893] initcall aio_setup+0x0/0x78 returned 0 after 1728 usecs
[    9.006954] calling  io_uring_init+0x0/0x2c @ 1
[    9.012857] initcall io_uring_init+0x0/0x2c returned 0 after 20 usecs
[    9.022499] calling  mbcache_init+0x0/0x30 @ 1
[    9.028924] initcall mbcache_init+0x0/0x30 returned 0 after 203 usecs
[    9.037214] calling  init_grace+0x0/0xc @ 1
[    9.042881] initcall init_grace+0x0/0xc returned 0 after 171 usecs
[    9.050813] calling  init_v2_quota_format+0x0/0x21 @ 1
[    9.057778] initcall init_v2_quota_format+0x0/0x21 returned 0 after 135 usecs
[    9.067021] calling  init_devpts_fs+0x0/0x27 @ 1
[    9.073644] initcall init_devpts_fs+0x0/0x27 returned 0 after 552 usecs
[    9.082339] calling  ext4_init_fs+0x0/0x1d0 @ 1
[    9.089092] initcall ext4_init_fs+0x0/0x1d0 returned 0 after 906 usecs
[    9.097572] calling  journal_init+0x0/0x11c @ 1
[    9.103814] initcall journal_init+0x0/0x11c returned 0 after 179 usecs
[    9.112269] calling  init_fat_fs+0x0/0x49 @ 1
[    9.117996] initcall init_fat_fs+0x0/0x49 returned 0 after 84 usecs
[    9.126162] calling  init_vfat_fs+0x0/0xc @ 1
[    9.132227] initcall init_vfat_fs+0x0/0xc returned 0 after 3 usecs
[    9.140667] calling  init_msdos_fs+0x0/0xc @ 1
[    9.147880] initcall init_msdos_fs+0x0/0xc returned 0 after 6 usecs
[    9.156428] calling  init_iso9660_fs+0x0/0x6c @ 1
[    9.165232] initcall init_iso9660_fs+0x0/0x6c returned 0 after 2151 usecs
[    9.165801] calling  init_nfs_fs+0x0/0x13a @ 1
[    9.185751] initcall init_nfs_fs+0x0/0x13a returned 0 after 5492 usecs
[    9.185751] calling  init_nfs_v2+0x0/0x13 @ 1
[    9.185751] initcall init_nfs_v2+0x0/0x13 returned 0 after 85 usecs
[    9.185751] calling  init_nfs_v3+0x0/0x13 @ 1
[    9.185751] initcall init_nfs_v3+0x0/0x13 returned 0 after 18 usecs
[    9.185751] calling  init_nfs_v4+0x0/0x32 @ 1
[    9.185751] NFS: Registering the id_resolver key type
[    9.185751] Key type id_resolver registered
[    9.185751] Key type id_legacy registered
[    9.185751] initcall init_nfs_v4+0x0/0x32 returned 0 after 18992 usecs
[    9.185751] calling  init_nlm+0x0/0x5b @ 1
[    9.185751] initcall init_nlm+0x0/0x5b returned 0 after 100 usecs
[    9.185751] calling  init_nls_cp437+0x0/0xe @ 1
[    9.185751] initcall init_nls_cp437+0x0/0xe returned 0 after 46 usecs
[    9.185751] calling  init_nls_ascii+0x0/0xe @ 1
[    9.185751] initcall init_nls_ascii+0x0/0xe returned 0 after 0 usecs
[    9.300156] calling  init_nls_iso8859_1+0x0/0xe @ 1
[    9.306694] initcall init_nls_iso8859_1+0x0/0xe returned 0 after 1 usecs
[    9.315741] calling  init_nls_utf8+0x0/0x21 @ 1
[    9.321787] initcall init_nls_utf8+0x0/0x21 returned 0 after 1 usecs
[    9.329966] calling  init_autofs_fs+0x0/0x25 @ 1
[    9.341041] initcall init_autofs_fs+0x0/0x25 returned 0 after 4875 usecs
[    9.341691] calling  ipc_init+0x0/0x24 @ 1
[    9.341691] initcall ipc_init+0x0/0x24 returned 0 after 477 usecs
[    9.341691] calling  ipc_sysctl_init+0x0/0x13 @ 1
[    9.341691] initcall ipc_sysctl_init+0x0/0x13 returned 0 after 29 usecs
[    9.341691] calling  init_mqueue_fs+0x0/0x9a @ 1
[    9.341691] initcall init_mqueue_fs+0x0/0x9a returned 0 after 459 usecs
[    9.341691] calling  key_proc_init+0x0/0x63 @ 1
[    9.341691] initcall key_proc_init+0x0/0x63 returned 0 after 76 usecs
[    9.341691] calling  selinux_nf_ip_init+0x0/0x2e @ 1
[    9.341691] initcall selinux_nf_ip_init+0x0/0x2e returned 0 after 79 usecs
[    9.341691] calling  init_sel_fs+0x0/0x116 @ 1
[    9.341691] initcall init_sel_fs+0x0/0x116 returned 0 after 0 usecs
[    9.341691] calling  selnl_init+0x0/0x7c @ 1
[    9.341691] initcall selnl_init+0x0/0x7c returned 0 after 699 usecs
[    9.341691] calling  sel_netif_init+0x0/0x36 @ 1
[    9.341691] initcall sel_netif_init+0x0/0x36 returned 0 after 0 usecs
[    9.341691] calling  sel_netnode_init+0x0/0x33 @ 1
[    9.341691] initcall sel_netnode_init+0x0/0x33 returned 0 after 0 usecs
[    9.341691] calling  sel_netport_init+0x0/0x33 @ 1
[    9.341691] initcall sel_netport_init+0x0/0x33 returned 0 after 0 usecs
[    9.341691] calling  aurule_init+0x0/0x2a @ 1
[    9.341691] initcall aurule_init+0x0/0x2a returned 0 after 1 usecs
[    9.341691] calling  crypto_algapi_init+0x0/0xc @ 1
[    9.341691] initcall crypto_algapi_init+0x0/0xc returned 0 after 6 usecs
[    9.341691] calling  jent_mod_init+0x0/0x2d @ 1
[    9.544558] initcall jent_mod_init+0x0/0x2d returned 0 after 11084 usecs
[    9.553805] calling  asymmetric_key_init+0x0/0xc @ 1
[    9.554549] Key type asymmetric registered
[    9.554549] initcall asymmetric_key_init+0x0/0xc returned 0 after 5218 usecs
[    9.554549] calling  x509_key_init+0x0/0xc @ 1
[    9.554549] Asymmetric key parser 'x509' registered
[    9.554549] initcall x509_key_init+0x0/0xc returned 0 after 6244 usecs
[    9.554549] calling  proc_genhd_init+0x0/0x41 @ 1
[    9.554549] initcall proc_genhd_init+0x0/0x41 returned 0 after 27 usecs
[    9.554549] calling  bsg_init+0x0/0x113 @ 1
[    9.554549] Block layer SCSI generic (bsg) driver version 0.4 loaded (major 251)
[    9.554549] initcall bsg_init+0x0/0x113 returned 0 after 9286 usecs
[    9.554549] calling  deadline_init+0x0/0xc @ 1
[    9.554549] io scheduler mq-deadline registered
[    9.554549] initcall deadline_init+0x0/0xc returned 0 after 5565 usecs
[    9.554549] calling  kyber_init+0x0/0xc @ 1
[    9.657560] io scheduler kyber registered
[    9.662579] initcall kyber_init+0x0/0xc returned 0 after 4957 usecs
[    9.670453] calling  mod_init+0x0/0x7 @ 1
[    9.675568] initcall mod_init+0x0/0x7 returned 0 after 0 usecs
[    9.683080] calling  percpu_counter_startup+0x0/0x55 @ 1
[    9.711657] initcall percpu_counter_startup+0x0/0x55 returned 0 after 21172 usecs
[    9.722386] calling  sg_pool_init+0x0/0xb4 @ 1
[    9.723123] initcall sg_pool_init+0x0/0xb4 returned 0 after 446 usecs
[    9.723123] calling  pcie_portdrv_init+0x0/0x39 @ 1
[    9.723123] initcall pcie_portdrv_init+0x0/0x39 returned 0 after 1668 usecs
[    9.723123] calling  pci_proc_init+0x0/0x68 @ 1
[    9.723123] initcall pci_proc_init+0x0/0x68 returned 0 after 116 usecs
[    9.723123] calling  pci_hotplug_init+0x0/0x7 @ 1
[    9.723123] initcall pci_hotplug_init+0x0/0x7 returned 0 after 0 usecs
[    9.723123] calling  efifb_driver_init+0x0/0xe @ 1
[    9.723123] initcall efifb_driver_init+0x0/0xe returned 0 after 476 usecs
[    9.723123] calling  ged_driver_init+0x0/0xe @ 1
[    9.723123] initcall ged_driver_init+0x0/0xe returned 0 after 237 usecs
[    9.820211] calling  acpi_ac_init+0x0/0x92 @ 1
[    9.827970] initcall acpi_ac_init+0x0/0x92 returned 0 after 1808 usecs
[    9.836377] calling  acpi_button_driver_init+0x0/0x52 @ 1
[    9.844179] input: Power Button as /devices/LNXSYSTM:00/LNXPWRBN:00/input/input0
[    9.854195] ACPI: Power Button [PWRF]
[    9.860816] initcall acpi_button_driver_init+0x0/0x52 returned 0 after 17280 usecs
[    9.860816] calling  acpi_fan_driver_init+0x0/0xe @ 1
[    9.860816] initcall acpi_fan_driver_init+0x0/0xe returned 0 after 25 usecs
[    9.860816] calling  acpi_video_init+0x0/0xcb @ 1
[    9.860816] initcall acpi_video_init+0x0/0xcb returned 0 after 140 usecs
[    9.860816] calling  acpi_processor_driver_init+0x0/0xad @ 1
[    9.860816] initcall acpi_processor_driver_init+0x0/0xad returned 0 after 3796 usecs
[    9.860816] calling  acpi_thermal_init+0x0/0x71 @ 1
[    9.950581] initcall acpi_thermal_init+0x0/0x71 returned 0 after 1521 usecs
[    9.963426] calling  acpi_battery_init+0x0/0x32 @ 1
[    9.971101] initcall acpi_battery_init+0x0/0x32 returned 0 after 185 usecs
[    9.971101] calling  bgrt_init+0x0/0xb6 @ 1
[    9.971101] initcall bgrt_init+0x0/0xb6 returned -19 after 1 usecs
[    9.971101] calling  gpio_clk_driver_init+0x0/0xe @ 1
[    9.971101] initcall gpio_clk_driver_init+0x0/0xe returned 0 after 207 usecs
[    9.971101] calling  plt_clk_driver_init+0x0/0xe @ 1
[    9.971101] initcall plt_clk_driver_init+0x0/0xe returned 0 after 22 usecs
[    9.971101] calling  virtio_pci_driver_init+0x0/0x15 @ 1
[    9.971101] initcall virtio_pci_driver_init+0x0/0x15 returned 0 after 76 usecs
[    9.971101] calling  n_null_init+0x0/0x1e @ 1
[    9.971101] initcall n_null_init+0x0/0x1e returned 0 after 100 usecs
[    9.971101] calling  pty_init+0x0/0x1e8 @ 1
[   10.084514] initcall pty_init+0x0/0x1e8 returned 0 after 1285 usecs
[   10.094427] calling  sysrq_init+0x0/0x62 @ 1
[   10.095000] initcall sysrq_init+0x0/0x62 returned 0 after 32 usecs
[   10.095000] calling  serial8250_init+0x0/0x17e @ 1
[   10.095000] Serial: 8250/16550 driver, 4 ports, IRQ sharing enabled
[   10.095000] 00:03: ttyS0 at I/O 0x3f8 (irq = 4, base_baud = 115200) is a 16550A
[   10.149331] initcall serial8250_init+0x0/0x17e returned 0 after 31735 usecs
[   10.161775] calling  serial_pci_driver_init+0x0/0x15 @ 1
[   10.162480] initcall serial_pci_driver_init+0x0/0x15 returned 0 after 99 usecs
[   10.162480] calling  exar_pci_driver_init+0x0/0x15 @ 1
[   10.162480] initcall exar_pci_driver_init+0x0/0x15 returned 0 after 24 usecs
[   10.162480] calling  lpss8250_pci_driver_init+0x0/0x15 @ 1
[   10.162480] initcall lpss8250_pci_driver_init+0x0/0x15 returned 0 after 73 usecs
[   10.162480] calling  mid8250_pci_driver_init+0x0/0x15 @ 1
[   10.162480] initcall mid8250_pci_driver_init+0x0/0x15 returned 0 after 21 usecs
[   10.162480] calling  virtio_console_init+0x0/0xff @ 1
[   10.162480] initcall virtio_console_init+0x0/0xff returned 0 after 366 usecs
[   10.162480] calling  hpet_init+0x0/0x64 @ 1
[   10.271691] initcall hpet_init+0x0/0x64 returned 0 after 2249 usecs
[   10.271691] calling  nvram_module_init+0x0/0x83 @ 1
[   10.291562] Non-volatile memory driver v1.3
[   10.300086] initcall nvram_module_init+0x0/0x83 returned 0 after 9381 usecs
[   10.313205] calling  hwrng_modinit+0x0/0x8a @ 1
[   10.323072] initcall hwrng_modinit+0x0/0x8a returned 0 after 1544 usecs
[   10.334935] calling  mod_init+0x0/0x48 @ 1
[   10.335496] initcall mod_init+0x0/0x48 returned -19 after 0 usecs
[   10.335496] calling  agp_init+0x0/0x23 @ 1
[   10.335496] Linux agpgart interface v0.103
[   10.335496] initcall agp_init+0x0/0x23 returned 0 after 6712 usecs
[   10.335496] calling  agp_amd64_mod_init+0x0/0x5 @ 1
[   10.335496] initcall agp_amd64_mod_init+0x0/0x5 returned -19 after 115 usecs
[   10.335496] calling  agp_intel_init+0x0/0x28 @ 1
[   10.335496] initcall agp_intel_init+0x0/0x28 returned 0 after 595 usecs
[   10.335496] calling  drm_kms_helper_init+0x0/0x7 @ 1
[   10.335496] initcall drm_kms_helper_init+0x0/0x7 returned 0 after 34 usecs
[   10.335496] calling  drm_core_init+0x0/0xa4 @ 1
[   10.335496] initcall drm_core_init+0x0/0xa4 returned 0 after 600 usecs
[   10.335496] calling  i915_init+0x0/0x6b @ 1
[   10.335496] initcall i915_init+0x0/0x6b returned 0 after 780 usecs
[   10.335496] calling  cn_proc_init+0x0/0x35 @ 1
[   10.335496] initcall cn_proc_init+0x0/0x35 returned 0 after 3 usecs
[   10.335496] calling  topology_sysfs_init+0x0/0x27 @ 1
[   10.335496] initcall topology_sysfs_init+0x0/0x27 returned 0 after 601 usecs
[   10.335496] calling  cacheinfo_sysfs_init+0x0/0x27 @ 1
[   10.548238] initcall cacheinfo_sysfs_init+0x0/0x27 returned 0 after 35874 usecs
[   10.559268] calling  loop_init+0x0/0x168 @ 1
[   10.734733] loop: module loaded
[   10.734733] initcall loop_init+0x0/0x168 returned 0 after 172082 usecs
[   10.734733] calling  mac_hid_init+0x0/0x21 @ 1
[   10.734733] initcall mac_hid_init+0x0/0x21 returned 0 after 125 usecs
[   10.734733] calling  spi_transport_init+0x0/0x74 @ 1
[   10.734733] initcall spi_transport_init+0x0/0x74 returned 0 after 272 usecs
[   10.734733] calling  init_sd+0x0/0x18c @ 1
[   10.734733] initcall init_sd+0x0/0x18c returned 0 after 68 usecs
[   10.734733] calling  init_sr+0x0/0x43 @ 1
[   10.734733] initcall init_sr+0x0/0x43 returned 0 after 93 usecs
[   10.734733] calling  init_sg+0x0/0x1c0 @ 1
[   10.734733] initcall init_sg+0x0/0x1c0 returned 0 after 91 usecs
[   10.734733] calling  ahci_pci_driver_init+0x0/0x15 @ 1
[   10.734733] ahci 0000:00:1f.2: version 3.0
[   10.734733] PCI Interrupt Link [GSIA] enabled at IRQ 16
[   10.734733] ahci 0000:00:1f.2: AHCI 0001.0000 32 slots 6 ports 1.5 Gbps 0x3f impl SATA mode
[   10.734733] ahci 0000:00:1f.2: flags: 64bit ncq only 
[   10.946886] scsi host0: ahci
[   10.962929] scsi host1: ahci
[   10.978855] scsi host2: ahci
[   10.997428] scsi host3: ahci
[   11.012608] scsi host4: ahci
[   11.026712] scsi host5: ahci
[   11.027160] ata1: SATA max UDMA/133 abar m4096@0xfebf1000 port 0xfebf1100 irq 24
[   11.027160] ata2: SATA max UDMA/133 abar m4096@0xfebf1000 port 0xfebf1180 irq 24
[   11.056082] ata3: SATA max UDMA/133 abar m4096@0xfebf1000 port 0xfebf1200 irq 24
[   11.056473] ata4: SATA max UDMA/133 abar m4096@0xfebf1000 port 0xfebf1280 irq 24
[   11.056473] ata5: SATA max UDMA/133 abar m4096@0xfebf1000 port 0xfebf1300 irq 24
[   11.056473] ata6: SATA max UDMA/133 abar m4096@0xfebf1000 port 0xfebf1380 irq 24
[   11.101839] initcall ahci_pci_driver_init+0x0/0x15 returned 0 after 241387 usecs
[   11.101839] calling  piix_init+0x0/0x26 @ 1
[   11.101839] initcall piix_init+0x0/0x26 returned 0 after 243 usecs
[   11.128283] calling  amd_pci_driver_init+0x0/0x15 @ 1
[   11.128283] initcall amd_pci_driver_init+0x0/0x15 returned 0 after 98 usecs
[   11.128283] calling  oldpiix_pci_driver_init+0x0/0x15 @ 1
[   11.128283] initcall oldpiix_pci_driver_init+0x0/0x15 returned 0 after 107 usecs
[   11.128283] calling  sch_pci_driver_init+0x0/0x15 @ 1
[   11.128283] initcall sch_pci_driver_init+0x0/0x15 returned 0 after 21 usecs
[   11.128283] calling  net_olddevs_init+0x0/0x55 @ 1
[   11.128283] initcall net_olddevs_init+0x0/0x55 returned 0 after 576 usecs
[   11.128283] calling  blackhole_netdev_init+0x0/0x78 @ 1
[   11.128283] initcall blackhole_netdev_init+0x0/0x78 returned 0 after 1581 usecs
[   11.128283] calling  phy_module_init+0x0/0x13 @ 1
[   11.128283] initcall phy_module_init+0x0/0x13 returned 0 after 1479 usecs
[   11.128283] calling  tg3_driver_init+0x0/0x15 @ 1
[   11.128283] initcall tg3_driver_init+0x0/0x15 returned 0 after 230 usecs
[   11.128283] calling  e100_init_module+0x0/0x4c @ 1
[   11.265596] e100: Intel(R) PRO/100 Network Driver
[   11.273036] e100: Copyright(c) 1999-2006 Intel Corporation
[   11.281406] initcall e100_init_module+0x0/0x4c returned 0 after 15635 usecs
[   11.291665] calling  e1000_init_module+0x0/0x72 @ 1
[   11.299243] e1000: Intel(R) PRO/1000 Network Driver
[   11.306762] e1000: Copyright (c) 1999-2006 Intel Corporation.
[   11.315135] initcall e1000_init_module+0x0/0x72 returned 0 after 15513 usecs
[   11.325319] calling  e1000_init_module+0x0/0x2d @ 1
[   11.332462] e1000e: Intel(R) PRO/1000 Network Driver
[   11.340522] e1000e: Copyright(c) 1999 - 2015 Intel Corporation.
[   11.349236] initcall e1000_init_module+0x0/0x2d returned 0 after 16554 usecs
[   11.359854] calling  sky2_init_module+0x0/0x21 @ 1
[   11.366571] sky2: driver version 1.30
[   11.371943] initcall sky2_init_module+0x0/0x21 returned 0 after 5243 usecs
[   11.381531] calling  forcedeth_pci_driver_init+0x0/0x15 @ 1
[   11.389380] initcall forcedeth_pci_driver_init+0x0/0x15 returned 0 after 27 usecs
[   11.399334] calling  rtl8139_init_module+0x0/0x15 @ 1
[   11.407427] initcall rtl8139_init_module+0x0/0x15 returned 0 after 697 usecs
[   11.417067] calling  rtl8169_pci_driver_init+0x0/0x15 @ 1
[   11.425130] initcall rtl8169_pci_driver_init+0x0/0x15 returned 0 after 217 usecs
[   11.435431] calling  cdrom_init+0x0/0xc @ 1
[   11.442375] initcall cdrom_init+0x0/0xc returned 0 after 207 usecs
[   11.443112] ata6: SATA link down (SStatus 0 SControl 300)
[   11.451597] calling  nonstatic_sysfs_init+0x0/0xc @ 1
[   11.451863] initcall nonstatic_sysfs_init+0x0/0xc returned 0 after 127 usecs
[   11.477717] calling  yenta_cardbus_driver_init+0x0/0x15 @ 1
[   11.486161] initcall yenta_cardbus_driver_init+0x0/0x15 returned 0 after 296 usecs
[   11.496775] calling  mon_init+0x0/0x12d @ 1
[   11.506244] initcall mon_init+0x0/0x12d returned 0 after 2723 usecs
[   11.517650] calling  ehci_hcd_init+0x0/0x56 @ 1
[   11.518183] ehci_hcd: USB 2.0 'Enhanced' Host Controller (EHCI) Driver
[   11.518183] initcall ehci_hcd_init+0x0/0x56 returned 0 after 11271 usecs
[   11.518183] calling  ehci_pci_init+0x0/0x64 @ 1
[   11.518183] ehci-pci: EHCI PCI platform driver
[   11.518183] initcall ehci_pci_init+0x0/0x64 returned 0 after 7309 usecs
[   11.518183] calling  ohci_hcd_mod_init+0x0/0x4e @ 1
[   11.577323] ata5: SATA link down (SStatus 0 SControl 300)
[   11.518183] ohci_hcd: USB 1.1 'Open' Host Controller (OHCI) Driver
[   11.518183] initcall ohci_hcd_mod_init+0x0/0x4e returned 0 after 18 usecs
[   11.518183] calling  ohci_pci_init+0x0/0x64 @ 1
[   11.518183] ohci-pci: OHCI PCI platform driver
[   11.518183] initcall ohci_pci_init+0x0/0x64 returned 0 after 33 usecs
[   11.518183] calling  uhci_hcd_init+0x0/0xa8 @ 1
[   11.518183] uhci_hcd: USB Universal Host Controller Interface driver
[   11.518183] initcall uhci_hcd_init+0x0/0xa8 returned 0 after 144 usecs
[   11.597711] ata2: SATA link down (SStatus 0 SControl 300)
[   11.518183] calling  xhci_hcd_init+0x0/0x1e @ 1
[   11.518183] initcall xhci_hcd_init+0x0/0x1e returned 0 after 202 usecs
[   11.617133] ata4: SATA link down (SStatus 0 SControl 300)
[   11.518183] calling  xhci_pci_init+0x0/0x49 @ 1
[   11.518183] initcall xhci_pci_init+0x0/0x49 returned 0 after 200 usecs
[   11.635649] ata1: SATA link down (SStatus 0 SControl 300)
[   11.518183] calling  usblp_driver_init+0x0/0x15 @ 1
[   11.518183] usbcore: registered new interface driver usblp
[   11.518183] initcall usblp_driver_init+0x0/0x15 returned 0 after 113292 usecs
[   11.518183] calling  usb_storage_driver_init+0x0/0x2a @ 1
[   11.518183] usbcore: registered new interface driver usb-storage
[   11.518183] initcall usb_storage_driver_init+0x0/0x2a returned 0 after 10452 usecs
[   11.518183] calling  i8042_init+0x0/0x4c2 @ 1
[   11.518183] i8042: PNP: PS/2 Controller [PNP0303:KBD,PNP0f13:MOU] at 0x60,0x64 irq 1,12
[   11.831886] serio: i8042 KBD port at 0x60,0x64 irq 1
[   11.844313] serio: i8042 AUX port at 0x60,0x64 irq 12
[   11.853290] initcall i8042_init+0x0/0x4c2 returned 0 after 43781 usecs
[   11.864119] calling  serport_init+0x0/0x2c @ 1
[   11.871733] initcall serport_init+0x0/0x2c returned 0 after 1 usecs
[   11.882055] calling  input_leds_init+0x0/0xc @ 1
[   11.889989] initcall input_leds_init+0x0/0xc returned 0 after 77 usecs
[   11.900169] calling  evdev_init+0x0/0xc @ 1
[   11.911066] initcall evdev_init+0x0/0xc returned 0 after 3577 usecs
[   11.911066] calling  atkbd_init+0x0/0x21 @ 1
[   11.927670] initcall atkbd_init+0x0/0x21 returned 0 after 1260 usecs
[   11.938179] calling  psmouse_init+0x0/0x7f @ 1
[   11.946395] initcall psmouse_init+0x0/0x7f returned 0 after 324 usecs
[   11.957482] calling  cmos_init+0x0/0x73 @ 1
[   11.965565] rtc_cmos 00:04: RTC can wake from S4
[   11.984752] rtc_cmos 00:04: registered as rtc0
[   11.985059] rtc_cmos 00:04: alarms up to one day, y3k, 242 bytes nvram, hpet irqs
[   12.000917] input: AT Translated Set 2 keyboard as /devices/platform/i8042/serio0/input/input1
[   11.985059] initcall cmos_init+0x0/0x73 returned 0 after 39142 usecs
[   11.985059] calling  smbalert_driver_init+0x0/0xe @ 1
[   11.985059] initcall smbalert_driver_init+0x0/0xe returned 0 after 180 usecs
[   12.018271] ata3: SATA link up 1.5 Gbps (SStatus 113 SControl 300)
[   12.032250] ata3.00: ATAPI: QEMU DVD-ROM, 2.5+, max UDMA/100
[   12.032253] ata3.00: applying bridge limits
[   12.040385] ata3.00: configured for UDMA/100
[   12.101866] calling  i2c_i801_init+0x0/0xc5 @ 1
[   12.113575] i801_smbus 0000:00:1f.3: SMBus using PCI interrupt
[   12.123300] i2c i2c-0: 1/1 memory slots populated (from DMI)
[   12.131319] i2c i2c-0: Memory type 0x07 not supported yet, not instantiating SPD
[   12.143613] initcall i2c_i801_init+0x0/0xc5 returned 0 after 33907 usecs
[   12.154568] calling  ptp_kvm_init+0x0/0xf0 @ 1
[   12.167092] scsi 2:0:0:0: CD-ROM            QEMU     QEMU DVD-ROM     2.5+ PQ: 0 ANSI: 5
[   12.168513] initcall ptp_kvm_init+0x0/0xf0 returned 0 after 5662 usecs
[   12.180824] calling  dm_init+0x0/0x3c @ 1
[   12.206524] device-mapper: ioctl: 4.43.0-ioctl (2020-10-01) initialised: dm-devel@redhat.com
[   12.207014] initcall dm_init+0x0/0x3c returned 0 after 18755 usecs
[   12.207014] calling  dm_mirror_init+0x0/0x29 @ 1
[   12.207014] initcall dm_mirror_init+0x0/0x29 returned 0 after 55 usecs
[   12.207014] calling  dm_dirty_log_init+0x0/0x4f @ 1
[   12.207014] initcall dm_dirty_log_init+0x0/0x4f returned 0 after 49 usecs
[   12.207014] calling  dm_zero_init+0x0/0x29 @ 1
[   12.207014] initcall dm_zero_init+0x0/0x29 returned 0 after 73 usecs
[   12.207014] calling  intel_pstate_init+0x0/0x50d @ 1
[   12.207014] intel_pstate: CPU model not supported
[   12.207014] initcall intel_pstate_init+0x0/0x50d returned -19 after 6798 usecs
[   12.207014] calling  haltpoll_init+0x0/0xc0 @ 1
[   12.207014] initcall haltpoll_init+0x0/0xc0 returned -19 after 26 usecs
[   12.207014] calling  efivars_sysfs_init+0x0/0x30 @ 1
[   12.207014] initcall efivars_sysfs_init+0x0/0x30 returned 0 after 72 usecs
[   12.207014] calling  esrt_sysfs_init+0x0/0x2a2 @ 1
[   12.207014] initcall esrt_sysfs_init+0x0/0x2a2 returned -38 after 96 usecs
[   12.207014] calling  hid_init+0x0/0x5c @ 1
[   12.207014] hid: raw HID events driver (C) Jiri Kosina
[   12.207014] initcall hid_init+0x0/0x5c returned 0 after 8409 usecs
[   12.207014] calling  hid_generic_init+0x0/0x15 @ 1
[   12.387860] initcall hid_generic_init+0x0/0x15 returned 0 after 272 usecs
[   12.387860] calling  a4_driver_init+0x0/0x15 @ 1
[   12.387860] initcall a4_driver_init+0x0/0x15 returned 0 after 32 usecs
[   12.387860] calling  apple_driver_init+0x0/0x15 @ 1
[   12.387860] initcall apple_driver_init+0x0/0x15 returned 0 after 99 usecs
[   12.387860] calling  belkin_driver_init+0x0/0x15 @ 1
[   12.387860] initcall belkin_driver_init+0x0/0x15 returned 0 after 23 usecs
[   12.387860] calling  ch_driver_init+0x0/0x15 @ 1
[   12.387860] initcall ch_driver_init+0x0/0x15 returned 0 after 27 usecs
[   12.387860] calling  ch_driver_init+0x0/0x15 @ 1
[   12.387860] initcall ch_driver_init+0x0/0x15 returned 0 after 28 usecs
[   12.387860] calling  cp_driver_init+0x0/0x15 @ 1
[   12.387860] initcall cp_driver_init+0x0/0x15 returned 0 after 132 usecs
[   12.525584] calling  ez_driver_init+0x0/0x15 @ 1
[   12.532231] initcall ez_driver_init+0x0/0x15 returned 0 after 25 usecs
[   12.542234] calling  gyration_driver_init+0x0/0x15 @ 1
[   12.550137] initcall gyration_driver_init+0x0/0x15 returned 0 after 25 usecs
[   12.561152] calling  ite_driver_init+0x0/0x15 @ 1
[   12.568310] initcall ite_driver_init+0x0/0x15 returned 0 after 25 usecs
[   12.578027] calling  ks_driver_init+0x0/0x15 @ 1
[   12.585643] initcall ks_driver_init+0x0/0x15 returned 0 after 24 usecs
[   12.595221] calling  lg_driver_init+0x0/0x15 @ 1
[   12.602289] initcall lg_driver_init+0x0/0x15 returned 0 after 81 usecs
[   12.613556] calling  lg_g15_driver_init+0x0/0x15 @ 1
[   12.622131] initcall lg_g15_driver_init+0x0/0x15 returned 0 after 25 usecs
[   12.633663] calling  ms_driver_init+0x0/0x15 @ 1
[   12.640771] initcall ms_driver_init+0x0/0x15 returned 0 after 19 usecs
[   12.650886] calling  mr_driver_init+0x0/0x15 @ 1
[   12.658572] initcall mr_driver_init+0x0/0x15 returned 0 after 59 usecs
[   12.669417] calling  ntrig_driver_init+0x0/0x15 @ 1
[   12.677875] initcall ntrig_driver_init+0x0/0x15 returned 0 after 211 usecs
[   12.689012] calling  pl_driver_init+0x0/0x15 @ 1
[   12.698326] initcall pl_driver_init+0x0/0x15 returned 0 after 26 usecs
[   12.705479] input: ImExPS/2 Generic Explorer Mouse as /devices/platform/i8042/serio1/input/input3
[   12.710430] calling  pl_driver_init+0x0/0x15 @ 1
[   12.731982] initcall pl_driver_init+0x0/0x15 returned 0 after 77 usecs
[   12.743422] calling  redragon_driver_init+0x0/0x15 @ 1
[   12.751788] initcall redragon_driver_init+0x0/0x15 returned 0 after 28 usecs
[   12.762594] calling  samsung_driver_init+0x0/0x15 @ 1
[   12.770608] initcall samsung_driver_init+0x0/0x15 returned 0 after 26 usecs
[   12.781039] calling  sony_init+0x0/0x38 @ 1
[   12.787374] initcall sony_init+0x0/0x38 returned 0 after 42 usecs
[   12.796570] calling  sp_driver_init+0x0/0x15 @ 1
[   12.803408] initcall sp_driver_init+0x0/0x15 returned 0 after 43 usecs
[   12.812828] calling  ts_driver_init+0x0/0x15 @ 1
[   12.819714] initcall ts_driver_init+0x0/0x15 returned 0 after 25 usecs
[   12.829898] calling  hid_init+0x0/0x58 @ 1
[   12.836973] usbcore: registered new interface driver usbhid
[   12.845337] usbhid: USB HID core driver
[   12.856018] initcall hid_init+0x0/0x58 returned 0 after 18657 usecs
[   12.866149] calling  eeepc_laptop_init+0x0/0x57 @ 1
[   12.875394] initcall eeepc_laptop_init+0x0/0x57 returned -19 after 73 usecs
[   12.888454] calling  pmc_atom_init+0x0/0x27a @ 1
[   12.896423] initcall pmc_atom_init+0x0/0x27a returned -19 after 5 usecs
[   12.906703] calling  alsa_hwdep_init+0x0/0x5e @ 1
[   12.914451] initcall alsa_hwdep_init+0x0/0x5e returned 0 after 123 usecs
[   12.925334] calling  alsa_timer_init+0x0/0x1f0 @ 1
[   12.932958] initcall alsa_timer_init+0x0/0x1f0 returned 0 after 444 usecs
[   12.943283] calling  snd_hrtimer_init+0x0/0x117 @ 1
[   12.970709] initcall snd_hrtimer_init+0x0/0x117 returned 0 after 3 usecs
[   12.980179] calling  alsa_pcm_init+0x0/0x64 @ 1
[   13.002569] initcall alsa_pcm_init+0x0/0x64 returned 0 after 7 usecs
[   13.011011] calling  alsa_seq_init+0x0/0x4a @ 1
[   13.030517] initcall alsa_seq_init+0x0/0x4a returned 0 after 489 usecs
[   13.055072] calling  alsa_seq_dummy_init+0x0/0x9c @ 1
