c[?7l[2J[0mSeaBIOS (version 1.16.0-debian-1.16.0-4)
Booting from ROM...
early console in setup code
c[?7l[2J[    0.000000] Linux version 5.10.153+ (root@joelboxx.c.googlers.com) (gcc (Debian 12.2.0-3) 12.2.0, GNU ld (GNU Binutils for Debian) 2.39) #6 SMP Tue Dec 13 07:16:57 UTC 2022
[    0.000000] Command line: selinux=0 initcall_debug debug console=ttyS0 rcutree.rcu_fanout_leaf=4 nohz_full=1-7 rcutorture.onoff_interval=1000 rcutorture.onoff_holdoff=30 rcutorture.n_barrier_cbs=4 rcutorture.stat_interval=15 rcutorture.shutdown_secs=1800 rcutorture.test_no_idle_hz=1 rcutorture.verbose=1
[    0.000000] x86/fpu: x87 FPU will use FXSAVE
[    0.000000] BIOS-provided physical RAM map:
[    0.000000] BIOS-e820: [mem 0x0000000000000000-0x000000000009fbff] usable
[    0.000000] BIOS-e820: [mem 0x000000000009fc00-0x000000000009ffff] reserved
[    0.000000] BIOS-e820: [mem 0x00000000000f0000-0x00000000000fffff] reserved
[    0.000000] BIOS-e820: [mem 0x0000000000100000-0x000000001ffdefff] usable
[    0.000000] BIOS-e820: [mem 0x000000001ffdf000-0x000000001fffffff] reserved
[    0.000000] BIOS-e820: [mem 0x00000000b0000000-0x00000000bfffffff] reserved
[    0.000000] BIOS-e820: [mem 0x00000000fed1c000-0x00000000fed1ffff] reserved
[    0.000000] BIOS-e820: [mem 0x00000000feffc000-0x00000000feffffff] reserved
[    0.000000] BIOS-e820: [mem 0x00000000fffc0000-0x00000000ffffffff] reserved
[    0.000000] NX (Execute Disable) protection: active
[    0.000000] SMBIOS 2.8 present.
[    0.000000] DMI: QEMU Standard PC (Q35 + ICH9, 2009), BIOS 1.16.0-debian-1.16.0-4 04/01/2014
[    0.000000] Hypervisor detected: KVM
[    0.000000] kvm-clock: Using msrs 4b564d01 and 4b564d00
[    0.000000] kvm-clock: cpu 0, msr 190a8001, primary cpu clock
[    0.000001] kvm-clock: using sched offset of 2761604644 cycles
[    0.000311] clocksource: kvm-clock: mask: 0xffffffffffffffff max_cycles: 0x1cd42e4dffb, max_idle_ns: 881590591483 ns
[    0.000453] tsc: Detected 1999.999 MHz processor
[    0.008603] e820: update [mem 0x00000000-0x00000fff] usable ==> reserved
[    0.008608] e820: remove [mem 0x000a0000-0x000fffff] usable
[    0.008615] last_pfn = 0x1ffdf max_arch_pfn = 0x400000000
[    0.009527] MTRR default type: write-back
[    0.009634] MTRR fixed ranges enabled:
[    0.009636]   00000-9FFFF write-back
[    0.009637]   A0000-BFFFF uncachable
[    0.009638]   C0000-FFFFF write-protect
[    0.009640] MTRR variable ranges enabled:
[    0.009641]   0 base 00C0000000 mask FFC0000000 uncachable
[    0.009643]   1 disabled
[    0.009644]   2 disabled
[    0.009644]   3 disabled
[    0.009645]   4 disabled
[    0.009646]   5 disabled
[    0.009647]   6 disabled
[    0.009647]   7 disabled
[    0.010121] x86/PAT: Configuration [0-7]: WB  WC  UC- UC  WB  WC  UC- UC  
[    0.019410] found SMP MP-table at [mem 0x000f5ba0-0x000f5baf]
[    0.022676] check: Scanning 1 areas for low memory corruption
[    0.034306] ACPI: Early table checksum verification disabled
[    0.036350] ACPI: RSDP 0x00000000000F59E0 000014 (v00 BOCHS )
[    0.036993] ACPI: RSDT 0x000000001FFE252A 000038 (v01 BOCHS  BXPC     00000001 BXPC 00000001)
[    0.037314] ACPI: FACP 0x000000001FFE22EA 0000F4 (v03 BOCHS  BXPC     00000001 BXPC 00000001)
[    0.037388] ACPI: DSDT 0x000000001FFE0040 0022AA (v01 BOCHS  BXPC     00000001 BXPC 00000001)
[    0.037393] ACPI: FACS 0x000000001FFE0000 000040
[    0.037396] ACPI: APIC 0x000000001FFE23DE 0000B0 (v01 BOCHS  BXPC     00000001 BXPC 00000001)
[    0.037401] ACPI: HPET 0x000000001FFE248E 000038 (v01 BOCHS  BXPC     00000001 BXPC 00000001)
[    0.037405] ACPI: MCFG 0x000000001FFE24C6 00003C (v01 BOCHS  BXPC     00000001 BXPC 00000001)
[    0.037409] ACPI: WAET 0x000000001FFE2502 000028 (v01 BOCHS  BXPC     00000001 BXPC 00000001)
[    0.037495] ACPI: Reserving FACP table memory at [mem 0x1ffe22ea-0x1ffe23dd]
[    0.037498] ACPI: Reserving DSDT table memory at [mem 0x1ffe0040-0x1ffe22e9]
[    0.037499] ACPI: Reserving FACS table memory at [mem 0x1ffe0000-0x1ffe003f]
[    0.037500] ACPI: Reserving APIC table memory at [mem 0x1ffe23de-0x1ffe248d]
[    0.037502] ACPI: Reserving HPET table memory at [mem 0x1ffe248e-0x1ffe24c5]
[    0.037503] ACPI: Reserving MCFG table memory at [mem 0x1ffe24c6-0x1ffe2501]
[    0.037504] ACPI: Reserving WAET table memory at [mem 0x1ffe2502-0x1ffe2529]
[    0.038244] ACPI: Local APIC address 0xfee00000
[    0.042971] No NUMA configuration found
[    0.042974] Faking a node at [mem 0x0000000000000000-0x000000001ffdefff]
[    0.043257] NODE_DATA(0) allocated [mem 0x1ffdb000-0x1ffdefff]
[    0.044566] Zone ranges:
[    0.044678]   DMA      [mem 0x0000000000001000-0x0000000000ffffff]
[    0.044756]   DMA32    [mem 0x0000000001000000-0x000000001ffdefff]
[    0.044758]   Normal   empty
[    0.044760] Movable zone start for each node
[    0.044761] Early memory node ranges
[    0.044762]   node   0: [mem 0x0000000000001000-0x000000000009efff]
[    0.044825]   node   0: [mem 0x0000000000100000-0x000000001ffdefff]
[    0.044966] Initmem setup node 0 [mem 0x0000000000001000-0x000000001ffdefff]
[    0.044968] On node 0 totalpages: 130941
[    0.045131]   DMA zone: 64 pages used for memmap
[    0.045132]   DMA zone: 21 pages reserved
[    0.045134]   DMA zone: 3998 pages, LIFO batch:0
[    0.045135]   DMA32 zone: 1984 pages used for memmap
[    0.045136]   DMA32 zone: 126943 pages, LIFO batch:31
[    0.046190] On node 0, zone DMA: 1 pages in unavailable ranges
[    0.050185] On node 0, zone DMA: 97 pages in unavailable ranges
[    0.208748] On node 0, zone DMA32: 33 pages in unavailable ranges
[    0.212385] ACPI: PM-Timer IO Port: 0x608
[    0.212390] ACPI: Local APIC address 0xfee00000
[    0.212561] ACPI: LAPIC_NMI (acpi_id[0xff] dfl dfl lint[0x1])
[    0.213691] IOAPIC[0]: apic_id 0, version 17, address 0xfec00000, GSI 0-23
[    0.213695] ACPI: INT_SRC_OVR (bus 0 bus_irq 0 global_irq 2 dfl dfl)
[    0.213803] ACPI: INT_SRC_OVR (bus 0 bus_irq 5 global_irq 5 high level)
[    0.213805] ACPI: INT_SRC_OVR (bus 0 bus_irq 9 global_irq 9 high level)
[    0.214022] ACPI: INT_SRC_OVR (bus 0 bus_irq 10 global_irq 10 high level)
[    0.214023] ACPI: INT_SRC_OVR (bus 0 bus_irq 11 global_irq 11 high level)
[    0.214025] ACPI: IRQ0 used by override.
[    0.214027] ACPI: IRQ5 used by override.
[    0.214028] ACPI: IRQ9 used by override.
[    0.214029] ACPI: IRQ10 used by override.
[    0.214029] ACPI: IRQ11 used by override.
[    0.214082] Using ACPI (MADT) for SMP configuration information
[    0.214085] ACPI: HPET id: 0x8086a201 base: 0xfed00000
[    0.214678] smpboot: Allowing 8 CPUs, 0 hotplug CPUs
[    0.216869] PM: hibernation: Registered nosave memory: [mem 0x00000000-0x00000fff]
[    0.216872] PM: hibernation: Registered nosave memory: [mem 0x0009f000-0x0009ffff]
[    0.216873] PM: hibernation: Registered nosave memory: [mem 0x000a0000-0x000effff]
[    0.216875] PM: hibernation: Registered nosave memory: [mem 0x000f0000-0x000fffff]
[    0.216877] [mem 0x20000000-0xafffffff] available for PCI devices
[    0.216933] Booting paravirtualized kernel on KVM
[    0.217526] clocksource: refined-jiffies: mask: 0xffffffff max_cycles: 0xffffffff, max_idle_ns: 1910969940391419 ns
[    0.262017] setup_percpu: NR_CPUS:8 nr_cpumask_bits:8 nr_cpu_ids:8 nr_node_ids:1
[    0.327820] percpu: Embedded 56 pages/cpu s191512 r8192 d29672 u262144
[    0.329153] pcpu-alloc: s191512 r8192 d29672 u262144 alloc=1*2097152
[    0.329226] pcpu-alloc: [0] 0 1 2 3 4 5 6 7 
[    0.330349] kvm-guest: stealtime: cpu 0, msr 1f41b600
[    0.331345] Built 1 zonelists, mobility grouping on.  Total pages: 128872
[    0.331473] Policy zone: DMA32
[    0.331961] Kernel command line: selinux=0 initcall_debug debug console=ttyS0 rcutree.rcu_fanout_leaf=4 nohz_full=1-7 rcutorture.onoff_interval=1000 rcutorture.onoff_holdoff=30 rcutorture.n_barrier_cbs=4 rcutorture.stat_interval=15 rcutorture.shutdown_secs=1800 rcutorture.test_no_idle_hz=1 rcutorture.verbose=1
[    0.341005] Dentry cache hash table entries: 65536 (order: 7, 524288 bytes, linear)
[    0.341046] Inode-cache hash table entries: 32768 (order: 6, 262144 bytes, linear)
[    0.342411] mem auto-init: stack:all(zero), heap alloc:off, heap free:off
[    0.509478] Memory: 479784K/523764K available (14349K kernel code, 2548K rwdata, 4708K rodata, 1504K init, 1480K bss, 43720K reserved, 0K cma-reserved)
[    0.514699] SLUB: HWalign=64, Order=0-3, MinObjects=0, CPUs=8, Nodes=1
[    0.515493] Kernel/User page tables isolation: enabled
[    0.528609] rcu: Hierarchical RCU implementation.
[    0.528612] rcu: 	RCU event tracing is enabled.
[    0.528613] rcu: 	CONFIG_RCU_FANOUT set to non-default value of 4.
[    0.528615] rcu: 	RCU dyntick-idle grace-period acceleration is enabled.
[    0.528615] rcu: 	Build-time adjustment of leaf fanout to 3.
[    0.528617] rcu: 	Boot-time adjustment of leaf fanout to 4.
[    0.528618] rcu: 	RCU debug extended QS entry/exit.
[    0.528757] 	Trampoline variant of Tasks RCU enabled.
[    0.528757] 	Rude variant of Tasks RCU enabled.
[    0.528758] 	Tracing variant of Tasks RCU enabled.
[    0.528926] rcu: RCU calculated value of scheduler-enlistment delay is 100 jiffies.
[    0.528927] rcu: Adjusting geometry for rcu_fanout_leaf=4, nr_cpu_ids=8
[    0.551774] NR_IRQS: 4352, nr_irqs: 488, preallocated irqs: 16
[    0.555203] NO_HZ: Full dynticks CPUs: 1-7.
[    0.555206] rcu: 	Offload RCU callbacks from CPUs: 1-7.
[    0.557671] calling  con_init+0x0/0x22a @ 0
[    0.717633] Console: colour VGA+ 80x25
[    0.717645] initcall con_init+0x0/0x22a returned 0 after 0 usecs
[    0.717648] calling  hvc_console_init+0x0/0x13 @ 0
[    0.717717] initcall hvc_console_init+0x0/0x13 returned 0 after 0 usecs
[    0.717719] calling  univ8250_console_init+0x0/0x26 @ 0
[    1.706522] printk: console [ttyS0] enabled
[    1.712323] initcall univ8250_console_init+0x0/0x26 returned 0 after 0 usecs
[    1.722062] ACPI: Core revision 20200925
[    1.729332] clocksource: hpet: mask: 0xffffffff max_cycles: 0xffffffff, max_idle_ns: 19112604467 ns
[    1.742813] APIC: Switch to symmetric I/O mode setup
[    1.767912] ..TIMER: vector=0x30 apic1=0 pin1=2 apic2=-1 pin2=-1
[    1.777055] clocksource: tsc-early: mask: 0xffffffffffffffff max_cycles: 0x39a85afc727, max_idle_ns: 881590685098 ns
[    1.792100] Calibrating delay loop (skipped) preset value.. 3999.99 BogoMIPS (lpj=1999999)
[    1.793104] pid_max: default: 32768 minimum: 301
[    1.794244] LSM: Security Framework initializing
[    1.795272] Mount-cache hash table entries: 1024 (order: 1, 8192 bytes, linear)
[    1.797139] Mountpoint-cache hash table entries: 1024 (order: 1, 8192 bytes, linear)
[    1.804175] Last level iTLB entries: 4KB 0, 2MB 0, 4MB 0
[    1.805112] Last level dTLB entries: 4KB 0, 2MB 0, 4MB 0, 1GB 0
[    1.806194] Spectre V1 : Mitigation: usercopy/swapgs barriers and __user pointer sanitization
[    1.807102] Spectre V2 : Mitigation: Retpolines
[    1.808099] Spectre V2 : Spectre v2 / SpectreRSB mitigation: Filling RSB on context switch
[    1.809099] Spectre V2 : Spectre v2 / SpectreRSB : Filling RSB on VMEXIT
[    1.810099] Speculative Store Bypass: Vulnerable
[    1.811103] MDS: Vulnerable: Clear CPU buffers attempted, no microcode
[    1.812098] MMIO Stale Data: Unknown: No mitigations
[    1.879153] Freeing SMP alternatives memory: 44K
[    1.985038] smpboot: CPU0: Intel Common KVM processor (family: 0xf, model: 0x6, stepping: 0x1)
[    1.986913] calling  init_hw_perf_events+0x0/0x6ce @ 1
[    1.987100] Performance Events: unsupported Netburst CPU model 6 no PMU driver, software events only.
[    1.988105] initcall init_hw_perf_events+0x0/0x6ce returned 0 after 976 usecs
[    1.989103] calling  init_real_mode+0x0/0x1e9 @ 1
[    1.991273] initcall init_real_mode+0x0/0x1e9 returned 0 after 976 usecs
[    1.992101] calling  trace_init_perf_perm_irq_work_exit+0x0/0x12 @ 1
[    1.993106] initcall trace_init_perf_perm_irq_work_exit+0x0/0x12 returned 0 after 0 usecs
[    1.994114] calling  validate_x2apic+0x0/0x4a @ 1
[    1.995126] initcall validate_x2apic+0x0/0x4a returned 0 after 0 usecs
[    1.996100] calling  register_nmi_cpu_backtrace_handler+0x0/0x15 @ 1
[    1.997101] initcall register_nmi_cpu_backtrace_handler+0x0/0x15 returned 0 after 0 usecs
[    1.998102] calling  kvm_setup_vsyscall_timeinfo+0x0/0xce @ 1
[    1.999101] initcall kvm_setup_vsyscall_timeinfo+0x0/0xce returned 0 after 0 usecs
[    2.000229] calling  spawn_ksoftirqd+0x0/0x38 @ 1
[    2.003156] initcall spawn_ksoftirqd+0x0/0x38 returned 0 after 976 usecs
[    2.004105] calling  migration_init+0x0/0x3c @ 1
[    2.005104] initcall migration_init+0x0/0x3c returned 0 after 0 usecs
[    2.006102] calling  srcu_bootup_announce+0x0/0x2f @ 1
[    2.007115] rcu: Hierarchical SRCU implementation.
[    2.008102] initcall srcu_bootup_announce+0x0/0x2f returned 0 after 976 usecs
[    2.009102] calling  rcu_spawn_gp_kthread+0x0/0x1dd @ 1
[    2.011348] initcall rcu_spawn_gp_kthread+0x0/0x1dd returned 0 after 976 usecs
[    2.012103] calling  check_cpu_stall_init+0x0/0x1a @ 1
[    2.013103] initcall check_cpu_stall_init+0x0/0x1a returned 0 after 0 usecs
[    2.014103] calling  rcu_sysrq_init+0x0/0x21 @ 1
[    2.015103] initcall rcu_sysrq_init+0x0/0x21 returned 0 after 0 usecs
[    2.016103] calling  trace_init_flags_sys_enter+0x0/0xe @ 1
[    2.017102] initcall trace_init_flags_sys_enter+0x0/0xe returned 0 after 0 usecs
[    2.018103] calling  trace_init_flags_sys_exit+0x0/0xe @ 1
[    2.019102] initcall trace_init_flags_sys_exit+0x0/0xe returned 0 after 0 usecs
[    2.020102] calling  cpu_stop_init+0x0/0x6e @ 1
[    2.021230] initcall cpu_stop_init+0x0/0x6e returned 0 after 0 usecs
[    2.022106] calling  init_kprobes+0x0/0x165 @ 1
[    2.024512] initcall init_kprobes+0x0/0x165 returned 0 after 976 usecs
[    2.025106] calling  init_events+0x0/0x3d @ 1
[    2.026114] initcall init_events+0x0/0x3d returned 0 after 0 usecs
[    2.027104] calling  init_trace_printk+0x0/0xc @ 1
[    2.028103] initcall init_trace_printk+0x0/0xc returned 0 after 0 usecs
[    2.029103] calling  event_trace_enable_again+0x0/0x23 @ 1
[    2.030103] initcall event_trace_enable_again+0x0/0x23 returned 0 after 0 usecs
[    2.031103] calling  static_call_init+0x0/0x77 @ 1
[    2.032102] initcall static_call_init+0x0/0x77 returned 0 after 0 usecs
[    2.033112] calling  jump_label_init_module+0x0/0xc @ 1
[    2.034105] initcall jump_label_init_module+0x0/0xc returned 0 after 0 usecs
[    2.035140] calling  init_zero_pfn+0x0/0x37 @ 1
[    2.036103] initcall init_zero_pfn+0x0/0x37 returned 0 after 0 usecs
[    2.037102] calling  initialize_ptr_random+0x0/0x54 @ 1
[    2.038103] initcall initialize_ptr_random+0x0/0x54 returned 0 after 0 usecs
[    2.039105] calling  efi_memreserve_root_init+0x0/0x25 @ 1
[    2.040131] initcall efi_memreserve_root_init+0x0/0x25 returned 0 after 0 usecs
[    2.041124] calling  efi_earlycon_remap_fb+0x0/0x51 @ 1
[    2.042107] initcall efi_earlycon_remap_fb+0x0/0x51 returned 0 after 0 usecs
[    2.044738] smp: Bringing up secondary CPUs ...
[    2.047570] x86: Booting SMP configuration:
[    2.048113] .... node  #0, CPUs:      #1
[    1.234673] kvm-clock: cpu 1, msr 190a8041, secondary cpu clock
[    2.073440] kvm-guest: stealtime: cpu 1, msr 1f45b600
[    2.087924]  #2
[    1.234673] kvm-clock: cpu 2, msr 190a8081, secondary cpu clock
[    2.112096] kvm-guest: stealtime: cpu 2, msr 1f49b600
[    2.129623]  #3
[    1.234673] kvm-clock: cpu 3, msr 190a80c1, secondary cpu clock
[    2.153437] kvm-guest: stealtime: cpu 3, msr 1f4db600
[    2.168036]  #4
[    1.234673] kvm-clock: cpu 4, msr 190a8101, secondary cpu clock
[    2.190440] kvm-guest: stealtime: cpu 4, msr 1f51b600
[    2.204754]  #5
[    1.234673] kvm-clock: cpu 5, msr 190a8141, secondary cpu clock
[    2.227431] kvm-guest: stealtime: cpu 5, msr 1f55b600
[    2.242121]  #6
[    1.234673] kvm-clock: cpu 6, msr 190a8181, secondary cpu clock
[    2.265096] kvm-guest: stealtime: cpu 6, msr 1f59b600
[    2.279714]  #7
[    1.234673] kvm-clock: cpu 7, msr 190a81c1, secondary cpu clock
[    2.302476] kvm-guest: stealtime: cpu 7, msr 1f5db600
[    2.316218] smp: Brought up 1 node, 8 CPUs
[    2.317100] smpboot: Max logical packages: 1
[    2.318100] smpboot: Total of 8 processors activated (31999.98 BogoMIPS)
[    2.322257] devtmpfs: initialized
[    2.324267] calling  ipc_ns_init+0x0/0x3d @ 1
[    2.325185] initcall ipc_ns_init+0x0/0x3d returned 0 after 0 usecs
[    2.326102] calling  init_mmap_min_addr+0x0/0x21 @ 1
[    2.327101] initcall init_mmap_min_addr+0x0/0x21 returned 0 after 0 usecs
[    2.328101] calling  pci_realloc_setup_params+0x0/0x3f @ 1
[    2.329102] initcall pci_realloc_setup_params+0x0/0x3f returned 0 after 0 usecs
[    2.330129] calling  net_ns_init+0x0/0x11c @ 1
[    2.332393] initcall net_ns_init+0x0/0x11c returned 0 after 0 usecs
[    2.333125] calling  e820__register_nvs_regions+0x0/0x37 @ 1
[    2.334103] initcall e820__register_nvs_regions+0x0/0x37 returned 0 after 0 usecs
[    2.335102] calling  cpufreq_register_tsc_scaling+0x0/0x2e @ 1
[    2.336104] initcall cpufreq_register_tsc_scaling+0x0/0x2e returned 0 after 0 usecs
[    2.337108] calling  reboot_init+0x0/0x3c @ 1
[    2.339105] initcall reboot_init+0x0/0x3c returned 0 after 976 usecs
[    2.340108] calling  init_lapic_sysfs+0x0/0x20 @ 1
[    2.341109] initcall init_lapic_sysfs+0x0/0x20 returned 0 after 0 usecs
[    2.342105] calling  alloc_frozen_cpus+0x0/0x7 @ 1
[    2.343108] initcall alloc_frozen_cpus+0x0/0x7 returned 0 after 0 usecs
[    2.344108] calling  cpu_hotplug_pm_sync_init+0x0/0x13 @ 1
[    2.345109] initcall cpu_hotplug_pm_sync_init+0x0/0x13 returned 0 after 0 usecs
[    2.346105] calling  wq_sysfs_init+0x0/0x2a @ 1
[    2.347166] initcall wq_sysfs_init+0x0/0x2a returned 0 after 0 usecs
[    2.348102] calling  ksysfs_init+0x0/0x92 @ 1
[    2.349110] initcall ksysfs_init+0x0/0x92 returned 0 after 0 usecs
[    2.350101] calling  schedutil_gov_init+0x0/0xc @ 1
[    2.351161] initcall schedutil_gov_init+0x0/0xc returned 0 after 0 usecs
[    2.352103] calling  pm_init+0x0/0x76 @ 1
[    2.353274] initcall pm_init+0x0/0x76 returned 0 after 0 usecs
[    2.354106] calling  pm_disk_init+0x0/0x13 @ 1
[    2.355164] initcall pm_disk_init+0x0/0x13 returned 0 after 0 usecs
[    2.356110] calling  swsusp_header_init+0x0/0x2b @ 1
[    2.357110] initcall swsusp_header_init+0x0/0x2b returned 0 after 0 usecs
[    2.358129] calling  rcu_set_runtime_mode+0x0/0x16 @ 1
[    2.359138] initcall rcu_set_runtime_mode+0x0/0x16 returned 0 after 0 usecs
[    2.360101] calling  init_jiffies_clocksource+0x0/0x13 @ 1
[    2.361101] clocksource: jiffies: mask: 0xffffffff max_cycles: 0xffffffff, max_idle_ns: 1911260446275000 ns
[    2.362105] initcall init_jiffies_clocksource+0x0/0x13 returned 0 after 976 usecs
[    2.363106] calling  futex_init+0x0/0xf7 @ 1
[    2.364123] futex hash table entries: 2048 (order: 5, 131072 bytes, linear)
[    2.366565] initcall futex_init+0x0/0xf7 returned 0 after 1953 usecs
[    2.367104] calling  cgroup_wq_init+0x0/0x28 @ 1
[    2.368112] initcall cgroup_wq_init+0x0/0x28 returned 0 after 0 usecs
[    2.369103] calling  cgroup1_wq_init+0x0/0x28 @ 1
[    2.370110] initcall cgroup1_wq_init+0x0/0x28 returned 0 after 0 usecs
[    2.371103] calling  init_kprobe_trace_early+0x0/0x2a @ 1
[    2.372104] initcall init_kprobe_trace_early+0x0/0x2a returned 0 after 0 usecs
[    2.373104] calling  fsnotify_init+0x0/0x48 @ 1
[    2.374115] initcall fsnotify_init+0x0/0x48 returned 0 after 0 usecs
[    2.375102] calling  filelock_init+0x0/0x96 @ 1
[    2.376121] initcall filelock_init+0x0/0x96 returned 0 after 0 usecs
[    2.377107] calling  init_misc_binfmt+0x0/0x2c @ 1
[    2.378109] initcall init_misc_binfmt+0x0/0x2c returned 0 after 0 usecs
[    2.379106] calling  init_script_binfmt+0x0/0x15 @ 1
[    2.380104] initcall init_script_binfmt+0x0/0x15 returned 0 after 0 usecs
[    2.381102] calling  init_elf_binfmt+0x0/0x15 @ 1
[    2.382102] initcall init_elf_binfmt+0x0/0x15 returned 0 after 0 usecs
[    2.383101] calling  init_compat_elf_binfmt+0x0/0x15 @ 1
[    2.384103] initcall init_compat_elf_binfmt+0x0/0x15 returned 0 after 0 usecs
[    2.385102] calling  debugfs_init+0x0/0x5c @ 1
[    2.386130] initcall debugfs_init+0x0/0x5c returned 0 after 0 usecs
[    2.387102] calling  tracefs_init+0x0/0x3a @ 1
[    2.388107] initcall tracefs_init+0x0/0x3a returned 0 after 0 usecs
[    2.389103] calling  prandom_init_early+0x0/0x15d @ 1
[    2.390105] initcall prandom_init_early+0x0/0x15d returned 0 after 0 usecs
[    2.391570] calling  virtio_init+0x0/0x20 @ 1
[    2.392155] initcall virtio_init+0x0/0x20 returned 0 after 0 usecs
[    2.393103] calling  iommu_init+0x0/0x2a @ 1
[    2.394123] initcall iommu_init+0x0/0x2a returned 0 after 0 usecs
[    2.395101] calling  component_debug_init+0x0/0x1c @ 1
[    2.396199] initcall component_debug_init+0x0/0x1c returned 0 after 0 usecs
[    2.397100] calling  early_resume_init+0x0/0xb9 @ 1
[    2.398703] PM: RTC time: 07:34:34, date: 2022-12-13
[    2.399103] initcall early_resume_init+0x0/0xb9 returned 0 after 976 usecs
[    2.400103] calling  cpufreq_core_init+0x0/0x62 @ 1
[    2.401127] initcall cpufreq_core_init+0x0/0x62 returned 0 after 0 usecs
[    2.402102] calling  cpufreq_gov_performance_init+0x0/0xc @ 1
[    2.403102] initcall cpufreq_gov_performance_init+0x0/0xc returned 0 after 0 usecs
[    2.404103] calling  cpufreq_gov_userspace_init+0x0/0xc @ 1
[    2.405104] initcall cpufreq_gov_userspace_init+0x0/0xc returned 0 after 0 usecs
[    2.406122] calling  CPU_FREQ_GOV_ONDEMAND_init+0x0/0xc @ 1
[    2.407103] initcall CPU_FREQ_GOV_ONDEMAND_init+0x0/0xc returned 0 after 0 usecs
[    2.408103] calling  cpuidle_init+0x0/0x1f @ 1
[    2.409150] initcall cpuidle_init+0x0/0x1f returned 0 after 0 usecs
[    2.410105] calling  capsule_reboot_register+0x0/0xc @ 1
[    2.411137] initcall capsule_reboot_register+0x0/0xc returned 0 after 0 usecs
[    2.412104] calling  sock_init+0x0/0x93 @ 1
[    2.414435] initcall sock_init+0x0/0x93 returned 0 after 976 usecs
[    2.415104] calling  net_inuse_init+0x0/0x23 @ 1
[    2.416109] initcall net_inuse_init+0x0/0x23 returned 0 after 0 usecs
[    2.417108] calling  net_defaults_init+0x0/0x23 @ 1
[    2.418104] initcall net_defaults_init+0x0/0x23 returned 0 after 0 usecs
[    2.419105] calling  init_default_flow_dissectors+0x0/0x4f @ 1
[    2.420128] initcall init_default_flow_dissectors+0x0/0x4f returned 0 after 0 usecs
[    2.421103] calling  netpoll_init+0x0/0x26 @ 1
[    2.422103] initcall netpoll_init+0x0/0x26 returned 0 after 0 usecs
[    2.423102] calling  netlink_proto_init+0x0/0x14f @ 1
[    2.424459] NET: Registered protocol family 16
[    2.425120] initcall netlink_proto_init+0x0/0x14f returned 0 after 976 usecs
[    2.426105] calling  genl_init+0x0/0x35 @ 1
[    2.427116] initcall genl_init+0x0/0x35 returned 0 after 0 usecs
[    2.428103] calling  bsp_pm_check_init+0x0/0x13 @ 1
[    2.429104] initcall bsp_pm_check_init+0x0/0x13 returned 0 after 0 usecs
[    2.431181] calling  irq_sysfs_init+0x0/0xb7 @ 1
[    2.432221] initcall irq_sysfs_init+0x0/0xb7 returned 0 after 0 usecs
[    2.433103] calling  audit_init+0x0/0x160 @ 1
[    2.434103] audit: initializing netlink subsys (disabled)
[    2.435372] initcall audit_init+0x0/0x160 returned 0 after 976 usecs
[    2.436102] calling  release_early_probes+0x0/0x32 @ 1
[    2.437102] initcall release_early_probes+0x0/0x32 returned 0 after 0 usecs
[    2.438103] calling  bdi_class_init+0x0/0x48 @ 1
[    2.439162] initcall bdi_class_init+0x0/0x48 returned 0 after 0 usecs
[    2.440103] calling  mm_sysfs_init+0x0/0x28 @ 1
[    2.441107] initcall mm_sysfs_init+0x0/0x28 returned 0 after 0 usecs
[    2.442103] calling  init_per_zone_wmark_min+0x0/0x6d @ 1
[    2.443110] initcall init_per_zone_wmark_min+0x0/0x6d returned 0 after 0 usecs
[    2.444103] calling  mpi_init+0x0/0x3e @ 1
[    2.445134] initcall mpi_init+0x0/0x3e returned 0 after 0 usecs
[    2.446102] calling  kobject_uevent_init+0x0/0xc @ 1
[    2.447110] initcall kobject_uevent_init+0x0/0xc returned 0 after 0 usecs
[    2.448109] calling  pcibus_class_init+0x0/0x13 @ 1
[    2.449129] initcall pcibus_class_init+0x0/0x13 returned 0 after 0 usecs
[    2.450101] calling  pci_driver_init+0x0/0x21 @ 1
[    2.451139] initcall pci_driver_init+0x0/0x21 returned 0 after 0 usecs
[    2.452101] calling  backlight_class_init+0x0/0xa8 @ 1
[    2.453128] initcall backlight_class_init+0x0/0xa8 returned 0 after 0 usecs
[    2.455039] calling  tty_class_init+0x0/0x33 @ 1
[    2.456113] initcall tty_class_init+0x0/0x33 returned 0 after 0 usecs
[    2.458103] calling  vtconsole_class_init+0x0/0xb5 @ 1
[    2.459143] initcall vtconsole_class_init+0x0/0xb5 returned 0 after 0 usecs
[    2.460102] calling  iommu_dev_init+0x0/0x13 @ 1
[    2.461159] initcall iommu_dev_init+0x0/0x13 returned 0 after 0 usecs
[    2.462104] calling  mipi_dsi_bus_init+0x0/0xc @ 1
[    2.463148] initcall mipi_dsi_bus_init+0x0/0xc returned 0 after 0 usecs
[    2.464103] calling  devlink_class_init+0x0/0x40 @ 1
[    2.465109] initcall devlink_class_init+0x0/0x40 returned 0 after 0 usecs
[    2.466101] calling  software_node_init+0x0/0x2a @ 1
[    2.467105] initcall software_node_init+0x0/0x2a returned 0 after 0 usecs
[    2.468101] calling  wakeup_sources_debugfs_init+0x0/0x23 @ 1
[    2.469127] initcall wakeup_sources_debugfs_init+0x0/0x23 returned 0 after 0 usecs
[    2.470101] calling  wakeup_sources_sysfs_init+0x0/0x2c @ 1
[    2.471111] initcall wakeup_sources_sysfs_init+0x0/0x2c returned 0 after 0 usecs
[    2.472103] calling  register_node_type+0x0/0x13 @ 1
[    2.473127] initcall register_node_type+0x0/0x13 returned 0 after 0 usecs
[    2.474105] calling  regmap_initcall+0x0/0xc @ 1
[    2.475113] initcall regmap_initcall+0x0/0xc returned 0 after 0 usecs
[    2.476103] calling  i2c_init+0x0/0xb3 @ 1
[    2.477265] initcall i2c_init+0x0/0xb3 returned 0 after 0 usecs
[    2.478108] calling  thermal_init+0x0/0xf2 @ 1
[    2.480099] thermal_sys: Registered thermal governor 'step_wise'
[    2.480101] thermal_sys: Registered thermal governor 'user_space'
[    2.481125] initcall thermal_init+0x0/0xf2 returned 0 after 1953 usecs
[    2.483107] calling  init_menu+0x0/0xc @ 1
[    2.484279] audit: type=2000 audit(1670916872.269:1): state=initialized audit_enabled=0 res=1
[    2.486279] cpuidle: using governor menu
[    2.491116] initcall init_menu+0x0/0xc returned 0 after 6835 usecs
[    2.499108] calling  pcc_init+0x0/0x4d @ 1
[    2.504106] initcall pcc_init+0x0/0x4d returned -19 after 0 usecs
[    2.511105] calling  amd_postcore_init+0x0/0x11e @ 1
[    2.518107] initcall amd_postcore_init+0x0/0x11e returned 0 after 0 usecs
[    2.527340] calling  bts_init+0x0/0xba @ 1
[    2.533125] initcall bts_init+0x0/0xba returned -19 after 0 usecs
[    2.540104] calling  pt_init+0x0/0x341 @ 1
[    2.545103] initcall pt_init+0x0/0x341 returned -19 after 0 usecs
[    2.552108] calling  boot_params_ksysfs_init+0x0/0x2ee @ 1
[    2.559222] initcall boot_params_ksysfs_init+0x0/0x2ee returned 0 after 0 usecs
[    2.568127] calling  sbf_init+0x0/0xea @ 1
[    2.573104] initcall sbf_init+0x0/0xea returned 0 after 0 usecs
[    2.581103] calling  arch_kdebugfs_init+0x0/0x219 @ 1
[    2.588133] initcall arch_kdebugfs_init+0x0/0x219 returned 0 after 0 usecs
[    2.596103] calling  intel_pconfig_init+0x0/0x85 @ 1
[    2.603105] initcall intel_pconfig_init+0x0/0x85 returned 0 after 0 usecs
[    2.611108] calling  mtrr_if_init+0x0/0x5d @ 1
[    2.617145] initcall mtrr_if_init+0x0/0x5d returned 0 after 0 usecs
[    2.621103] calling  activate_jump_labels+0x0/0x31 @ 1
[    2.627103] initcall activate_jump_labels+0x0/0x31 returned 0 after 0 usecs
[    2.636103] calling  ffh_cstate_init+0x0/0x29 @ 1
[    2.642110] initcall ffh_cstate_init+0x0/0x29 returned 0 after 0 usecs
[    2.650104] calling  activate_jump_labels+0x0/0x31 @ 1
[    2.657174] initcall activate_jump_labels+0x0/0x31 returned 0 after 0 usecs
[    2.666105] calling  kvm_alloc_cpumask+0x0/0x74 @ 1
[    2.672158] initcall kvm_alloc_cpumask+0x0/0x74 returned 0 after 0 usecs
[    2.681104] calling  kcmp_cookies_init+0x0/0x37 @ 1
[    2.687110] initcall kcmp_cookies_init+0x0/0x37 returned 0 after 0 usecs
[    2.695104] calling  cryptomgr_init+0x0/0xc @ 1
[    2.701173] initcall cryptomgr_init+0x0/0xc returned 0 after 0 usecs
[    2.709104] calling  acpi_pci_init+0x0/0x57 @ 1
[    2.715124] ACPI: bus type PCI registered
[    2.720105] initcall acpi_pci_init+0x0/0x57 returned 0 after 4882 usecs
[    2.729106] calling  dma_channel_table_init+0x0/0xd1 @ 1
[    2.735115] initcall dma_channel_table_init+0x0/0xd1 returned 0 after 0 usecs
[    2.744104] calling  dma_bus_init+0x0/0xdc @ 1
[    2.750494] initcall dma_bus_init+0x0/0xdc returned 0 after 0 usecs
[    2.758190] calling  iommu_dma_init+0x0/0x10 @ 1
[    2.764106] initcall iommu_dma_init+0x0/0x10 returned 0 after 0 usecs
[    2.774107] calling  dmi_id_init+0x0/0x37c @ 1
[    2.780274] initcall dmi_id_init+0x0/0x37c returned 0 after 0 usecs
[    2.789103] calling  pci_arch_init+0x0/0x71 @ 1
[    2.795391] PCI: MMCONFIG for domain 0000 [bus 00-ff] at [mem 0xb0000000-0xbfffffff] (base 0xb0000000)
[    2.807109] PCI: MMCONFIG at [mem 0xb0000000-0xbfffffff] reserved in E820
[    2.814180] PCI: Using configuration type 1 for base access
[    2.821153] initcall pci_arch_init+0x0/0x71 returned 0 after 25390 usecs
[    2.829128] calling  init_vdso+0x0/0x13 @ 1
[    2.834132] initcall init_vdso+0x0/0x13 returned 0 after 0 usecs
[    2.842104] calling  sysenter_setup+0x0/0x13 @ 1
[    2.847110] initcall sysenter_setup+0x0/0x13 returned 0 after 0 usecs
[    2.855104] calling  fixup_ht_bug+0x0/0xe5 @ 1
[    2.861103] initcall fixup_ht_bug+0x0/0xe5 returned 0 after 0 usecs
[    2.868106] calling  topology_init+0x0/0x88 @ 1
[    2.874350] initcall topology_init+0x0/0x88 returned 0 after 0 usecs
[    2.883105] calling  intel_epb_init+0x0/0x68 @ 1
[    2.889103] initcall intel_epb_init+0x0/0x68 returned -19 after 0 usecs
[    2.896104] calling  mtrr_init_finialize+0x0/0x3e @ 1
[    2.903103] initcall mtrr_init_finialize+0x0/0x3e returned 0 after 0 usecs
[    2.911104] calling  uid_cache_init+0x0/0x81 @ 1
[    2.916109] initcall uid_cache_init+0x0/0x81 returned 0 after 0 usecs
[    2.924103] calling  param_sysfs_init+0x0/0x1ba @ 1
[    2.938616] initcall param_sysfs_init+0x0/0x1ba returned 0 after 9765 usecs
[    2.947105] calling  user_namespace_sysctl_init+0x0/0x33 @ 1
[    2.954162] initcall user_namespace_sysctl_init+0x0/0x33 returned 0 after 976 usecs
[    2.964106] calling  proc_schedstat_init+0x0/0x24 @ 1
[    2.972113] initcall proc_schedstat_init+0x0/0x24 returned 0 after 0 usecs
[    2.982108] calling  pm_sysrq_init+0x0/0x18 @ 1
[    2.992122] initcall pm_sysrq_init+0x0/0x18 returned 0 after 2929 usecs
[    2.993208] calling  create_proc_profile+0x0/0xd0 @ 1
[    2.994110] initcall create_proc_profile+0x0/0xd0 returned 0 after 0 usecs
[    2.995105] calling  time_ns_init+0x0/0x7 @ 1
[    2.996103] initcall time_ns_init+0x0/0x7 returned 0 after 0 usecs
[    2.997104] calling  crash_save_vmcoreinfo_init+0x0/0x722 @ 1
[    2.999173] initcall crash_save_vmcoreinfo_init+0x0/0x722 returned 0 after 976 usecs
[    3.000103] calling  crash_notes_memory_init+0x0/0x35 @ 1
[    3.001107] initcall crash_notes_memory_init+0x0/0x35 returned 0 after 0 usecs
[    3.002103] calling  cgroup_sysfs_init+0x0/0x13 @ 1
[    3.003112] initcall cgroup_sysfs_init+0x0/0x13 returned 0 after 0 usecs
[    3.004104] calling  cgroup_namespaces_init+0x0/0x7 @ 1
[    3.005103] initcall cgroup_namespaces_init+0x0/0x7 returned 0 after 0 usecs
[    3.006104] calling  init_optprobes+0x0/0x13 @ 1
[    3.007100] Kprobes globally optimized
[    3.008105] initcall init_optprobes+0x0/0x13 returned 0 after 976 usecs
[    3.009105] calling  oom_init+0x0/0x2f @ 1
[    3.010353] initcall oom_init+0x0/0x2f returned 0 after 0 usecs
[    3.011103] calling  default_bdi_init+0x0/0xb3 @ 1
[    3.013134] initcall default_bdi_init+0x0/0xb3 returned 0 after 976 usecs
[    3.014103] calling  percpu_enable_async+0x0/0xe @ 1
[    3.015103] initcall percpu_enable_async+0x0/0xe returned 0 after 0 usecs
[    3.016105] calling  kcompactd_init+0x0/0x8d @ 1
[    3.018375] initcall kcompactd_init+0x0/0x8d returned 0 after 976 usecs
[    3.019204] calling  init_user_reserve+0x0/0x40 @ 1
[    3.020103] initcall init_user_reserve+0x0/0x40 returned 0 after 0 usecs
[    3.021103] calling  init_admin_reserve+0x0/0x40 @ 1
[    3.022102] initcall init_admin_reserve+0x0/0x40 returned 0 after 0 usecs
[    3.023104] calling  init_reserve_notifier+0x0/0x7 @ 1
[    3.024103] initcall init_reserve_notifier+0x0/0x7 returned 0 after 0 usecs
[    3.025121] calling  swap_init_sysfs+0x0/0x62 @ 1
[    3.026109] initcall swap_init_sysfs+0x0/0x62 returned 0 after 0 usecs
[    3.027101] calling  swapfile_init+0x0/0x94 @ 1
[    3.028101] initcall swapfile_init+0x0/0x94 returned 0 after 0 usecs
[    3.029101] calling  hugetlb_init+0x0/0x496 @ 1
[    3.030145] HugeTLB registered 2.00 MiB page size, pre-allocated 0 pages
[    3.031117] initcall hugetlb_init+0x0/0x496 returned 0 after 976 usecs
[    3.032103] calling  io_wq_init+0x0/0x34 @ 1
[    3.033102] initcall io_wq_init+0x0/0x34 returned 0 after 0 usecs
[    3.034101] calling  seqiv_module_init+0x0/0xc @ 1
[    3.036102] initcall seqiv_module_init+0x0/0xc returned 0 after 0 usecs
[    3.037103] calling  echainiv_module_init+0x0/0xc @ 1
[    3.038102] initcall echainiv_module_init+0x0/0xc returned 0 after 0 usecs
[    3.039191] calling  rsa_init+0x0/0x50 @ 1
[    3.040315] cryptomgr_test (70) used greatest stack depth: 15504 bytes left
[    3.041116] initcall rsa_init+0x0/0x50 returned 0 after 976 usecs
[    3.042107] calling  crypto_cmac_module_init+0x0/0xc @ 1
[    3.043105] initcall crypto_cmac_module_init+0x0/0xc returned 0 after 0 usecs
[    3.044102] calling  hmac_module_init+0x0/0xc @ 1
[    3.045105] initcall hmac_module_init+0x0/0xc returned 0 after 0 usecs
[    3.046102] calling  crypto_null_mod_init+0x0/0x65 @ 1
[    3.047277] initcall crypto_null_mod_init+0x0/0x65 returned 0 after 0 usecs
[    3.048104] calling  md5_mod_init+0x0/0xc @ 1
[    3.050134] initcall md5_mod_init+0x0/0xc returned 0 after 976 usecs
[    3.053936] calling  sha256_generic_mod_init+0x0/0x11 @ 1
[    3.059956] initcall sha256_generic_mod_init+0x0/0x11 returned 0 after 4882 usecs
[    3.060104] calling  crypto_cbc_module_init+0x0/0xc @ 1
[    3.061107] initcall crypto_cbc_module_init+0x0/0xc returned 0 after 0 usecs
[    3.062111] calling  crypto_ctr_module_init+0x0/0x11 @ 1
[    3.063107] initcall crypto_ctr_module_init+0x0/0x11 returned 0 after 0 usecs
[    3.064104] calling  crypto_gcm_module_init+0x0/0x64 @ 1
[    3.065185] initcall crypto_gcm_module_init+0x0/0x64 returned 0 after 0 usecs
[    3.066104] calling  crypto_ccm_module_init+0x0/0x11 @ 1
[    3.067108] initcall crypto_ccm_module_init+0x0/0x11 returned 0 after 0 usecs
[    3.068107] calling  aes_init+0x0/0xc @ 1
[    3.071617] initcall aes_init+0x0/0xc returned 0 after 1953 usecs
[    3.072131] calling  crc32c_mod_init+0x0/0xc @ 1
[    3.073151] initcall crc32c_mod_init+0x0/0xc returned 0 after 0 usecs
[    3.074103] calling  crypto_authenc_module_init+0x0/0xc @ 1
[    3.075108] initcall crypto_authenc_module_init+0x0/0xc returned 0 after 0 usecs
[    3.076103] calling  crypto_authenc_esn_module_init+0x0/0xc @ 1
[    3.077107] initcall crypto_authenc_esn_module_init+0x0/0xc returned 0 after 0 usecs
[    3.078104] calling  drbg_init+0x0/0x7c @ 1
[    3.079400] initcall drbg_init+0x0/0x7c returned 0 after 0 usecs
[    3.081164] calling  ghash_mod_init+0x0/0xc @ 1
[    3.083110] initcall ghash_mod_init+0x0/0xc returned 0 after 976 usecs
[    3.084104] calling  init_bio+0x0/0x9a @ 1
[    3.086309] initcall init_bio+0x0/0x9a returned 0 after 976 usecs
[    3.087105] calling  blk_settings_init+0x0/0x29 @ 1
[    3.088105] initcall blk_settings_init+0x0/0x29 returned 0 after 0 usecs
[    3.089104] calling  blk_ioc_init+0x0/0x29 @ 1
[    3.091123] initcall blk_ioc_init+0x0/0x29 returned 0 after 0 usecs
[    3.092105] calling  blk_mq_init+0x0/0xb9 @ 1
[    3.093181] initcall blk_mq_init+0x0/0xb9 returned 0 after 0 usecs
[    3.094105] calling  genhd_device_init+0x0/0x75 @ 1
[    3.105382] initcall genhd_device_init+0x0/0x75 returned 0 after 8789 usecs
[    3.107095] calling  pci_slot_init+0x0/0x40 @ 1
[    3.109509] initcall pci_slot_init+0x0/0x40 returned 0 after 976 usecs
[    3.110104] calling  fbmem_init+0x0/0xd8 @ 1
[    3.120798] initcall fbmem_init+0x0/0xd8 returned 0 after 8789 usecs
[    3.121105] calling  acpi_init+0x0/0x319 @ 1
[    3.125313] ACPI: Added _OSI(Module Device)
[    3.126103] ACPI: Added _OSI(Processor Device)
[    3.127101] ACPI: Added _OSI(3.0 _SCP Extensions)
[    3.128100] ACPI: Added _OSI(Processor Aggregator Device)
[    3.129250] ACPI: Added _OSI(Linux-Dell-Video)
[    3.130102] ACPI: Added _OSI(Linux-Lenovo-NV-HDMI-Audio)
[    3.131101] ACPI: Added _OSI(Linux-HPI-Hybrid-Graphics)
[    3.144883] ACPI: 1 ACPI AML tables successfully acquired and loaded
[    3.163937] ACPI: Interpreter enabled
[    3.167286] ACPI: (supports S0 S3 S4 S5)
[    3.169345] ACPI: Using IOAPIC for interrupt routing
[    3.171615] PCI: Using host bridge windows from ACPI; if necessary, use "pci=nocrs" and report a bug
[    3.173850] ACPI: Enabled 2 GPEs in block 00 to 3F
[    3.193087] ACPI: PCI Root Bridge [PCI0] (domain 0000 [bus 00-ff])
[    3.196206] acpi PNP0A08:00: _OSC: OS supports [ExtendedConfig ASPM ClockPM Segments MSI HPX-Type3]
[    3.197180] acpi PNP0A08:00: _OSC: platform does not support [LTR]
[    3.198165] acpi PNP0A08:00: _OSC: OS now controls [PME PCIeCapability]
[    3.202098] PCI host bridge to bus 0000:00
[    3.203218] pci_bus 0000:00: root bus resource [io  0x0000-0x0cf7 window]
[    3.204102] pci_bus 0000:00: root bus resource [io  0x0d00-0xffff window]
[    3.205102] pci_bus 0000:00: root bus resource [mem 0x000a0000-0x000bffff window]
[    3.206104] pci_bus 0000:00: root bus resource [mem 0x20000000-0xafffffff window]
[    3.207104] pci_bus 0000:00: root bus resource [mem 0xc0000000-0xfebfffff window]
[    3.208105] pci_bus 0000:00: root bus resource [mem 0x100000000-0x8ffffffff window]
[    3.209103] pci_bus 0000:00: root bus resource [bus 00-ff]
[    3.212054] pci 0000:00:00.0: calling  quirk_mmio_always_on+0x0/0x10 @ 1
[    3.212231] pci 0000:00:00.0: quirk_mmio_always_on+0x0/0x10 took 0 usecs
[    3.213103] pci 0000:00:00.0: [8086:29c0] type 00 class 0x060000
[    3.219095] pci 0000:00:00.0: calling  quirk_igfx_skip_te_disable+0x0/0x80 @ 1
[    3.220231] pci 0000:00:00.0: quirk_igfx_skip_te_disable+0x0/0x80 took 0 usecs
[    3.223558] pci 0000:00:01.0: [1234:1111] type 00 class 0x030000
[    3.235095] pci 0000:00:01.0: reg 0x10: [mem 0xfd000000-0xfdffffff pref]
[    3.259095] pci 0000:00:01.0: reg 0x18: [mem 0xfebf0000-0xfebf0fff]
[    3.287095] pci 0000:00:01.0: reg 0x30: [mem 0xfebe0000-0xfebeffff pref]
[    3.290542] pci 0000:00:01.0: calling  efifb_fixup_resources+0x0/0xf0 @ 1
[    3.291212] pci 0000:00:01.0: efifb_fixup_resources+0x0/0xf0 took 0 usecs
[    3.306529] pci 0000:00:1f.0: [8086:2918] type 00 class 0x060100
[    3.312565] pci 0000:00:1f.0: calling  quirk_ich7_lpc+0x0/0x60 @ 1
[    3.313439] pci 0000:00:1f.0: quirk: [io  0x0600-0x067f] claimed by ICH6 ACPI/GPIO/TCO
[    3.314600] pci 0000:00:1f.0: quirk_ich7_lpc+0x0/0x60 took 976 usecs
[    3.315376] pci 0000:00:1f.0: calling  quirk_igfx_skip_te_disable+0x0/0x80 @ 1
[    3.316195] pci 0000:00:1f.0: quirk_igfx_skip_te_disable+0x0/0x80 took 0 usecs
[    3.320548] pci 0000:00:1f.2: [8086:2922] type 00 class 0x010601
[    3.331104] pci 0000:00:1f.2: reg 0x20: [io  0xc040-0xc05f]
[    3.333103] pci 0000:00:1f.2: reg 0x24: [mem 0xfebf1000-0xfebf1fff]
[    3.336319] pci 0000:00:1f.2: calling  quirk_igfx_skip_te_disable+0x0/0x80 @ 1
[    3.338095] pci 0000:00:1f.2: quirk_igfx_skip_te_disable+0x0/0x80 took 0 usecs
[    3.344294] pci 0000:00:1f.3: [8086:2930] type 00 class 0x0c0500
[    3.352314] pci 0000:00:1f.3: reg 0x20: [io  0x0700-0x073f]
[    3.356122] pci 0000:00:1f.3: calling  quirk_igfx_skip_te_disable+0x0/0x80 @ 1
[    3.357113] pci 0000:00:1f.3: quirk_igfx_skip_te_disable+0x0/0x80 took 0 usecs
[    3.366470] ACPI: PCI Interrupt Link [LNKA] (IRQs 5 *10 11)
[    3.368117] ACPI: PCI Interrupt Link [LNKB] (IRQs 5 *10 11)
[    3.369510] ACPI: PCI Interrupt Link [LNKC] (IRQs 5 10 *11)
[    3.371244] ACPI: PCI Interrupt Link [LNKD] (IRQs 5 10 *11)
[    3.373116] ACPI: PCI Interrupt Link [LNKE] (IRQs 5 *10 11)
[    3.374501] ACPI: PCI Interrupt Link [LNKF] (IRQs 5 *10 11)
[    3.376228] ACPI: PCI Interrupt Link [LNKG] (IRQs 5 10 *11)
[    3.378117] ACPI: PCI Interrupt Link [LNKH] (IRQs 5 10 *11)
[    3.379302] ACPI: PCI Interrupt Link [GSIA] (IRQs *16)
[    3.380117] ACPI: PCI Interrupt Link [GSIB] (IRQs *17)
[    3.381114] ACPI: PCI Interrupt Link [GSIC] (IRQs *18)
[    3.382114] ACPI: PCI Interrupt Link [GSID] (IRQs *19)
[    3.383115] ACPI: PCI Interrupt Link [GSIE] (IRQs *20)
[    3.384114] ACPI: PCI Interrupt Link [GSIF] (IRQs *21)
[    3.385116] ACPI: PCI Interrupt Link [GSIG] (IRQs *22)
[    3.387119] ACPI: PCI Interrupt Link [GSIH] (IRQs *23)
[    3.400095] initcall acpi_init+0x0/0x319 returned 0 after 270507 usecs
[    3.402844] calling  pnp_init+0x0/0xc @ 1
[    3.403618] initcall pnp_init+0x0/0xc returned 0 after 0 usecs
[    3.404102] calling  misc_init+0x0/0xbf @ 1
[    3.407321] initcall misc_init+0x0/0xbf returned 0 after 1953 usecs
[    3.408104] calling  iommu_subsys_init+0x0/0x4e @ 1
[    3.409409] iommu: Default domain type: Translated 
[    3.410103] initcall iommu_subsys_init+0x0/0x4e returned 0 after 976 usecs
[    3.411103] calling  vga_arb_device_init+0x0/0x261 @ 1
[    3.420977] pci 0000:00:01.0: vgaarb: setting as boot VGA device
[    3.421095] pci 0000:00:01.0: vgaarb: VGA device added: decodes=io+mem,owns=io+mem,locks=none
[    3.439106] pci 0000:00:01.0: vgaarb: bridge control possible
[    3.446101] vgaarb: loaded
[    3.449106] initcall vga_arb_device_init+0x0/0x261 returned 0 after 36132 usecs
[    3.458435] calling  cn_init+0x0/0xf0 @ 1
[    3.465429] initcall cn_init+0x0/0xf0 returned 0 after 976 usecs
[    3.474107] calling  dma_buf_init+0x0/0xad @ 1
[    3.481858] initcall dma_buf_init+0x0/0xad returned 0 after 3906 usecs
[    3.491107] calling  init_scsi+0x0/0x79 @ 1
[    3.498109] SCSI subsystem initialized
[    3.504106] initcall init_scsi+0x0/0x79 returned 0 after 6835 usecs
[    3.513104] calling  ata_init+0x0/0x332 @ 1
[    3.524275] libata version 3.00 loaded.
[    3.530106] initcall ata_init+0x0/0x332 returned 0 after 10742 usecs
[    3.539126] calling  phy_init+0x0/0x250 @ 1
[    3.546131] initcall phy_init+0x0/0x250 returned 0 after 976 usecs
[    3.554104] calling  init_pcmcia_cs+0x0/0x35 @ 1
[    3.560447] initcall init_pcmcia_cs+0x0/0x35 returned 0 after 0 usecs
[    3.567104] calling  usb_common_init+0x0/0x1c @ 1
[    3.570327] initcall usb_common_init+0x0/0x1c returned 0 after 0 usecs
[    3.576118] calling  usb_init+0x0/0x12e @ 1
[    3.581069] ACPI: bus type USB registered
[    3.588261] usbcore: registered new interface driver usbfs
[    3.595631] usbcore: registered new interface driver hub
[    3.603119] usbcore: registered new device driver usb
[    3.609109] initcall usb_init+0x0/0x12e returned 0 after 28320 usecs
[    3.616105] calling  serio_init+0x0/0x29 @ 1
[    3.622458] initcall serio_init+0x0/0x29 returned 0 after 976 usecs
[    3.628104] calling  input_init+0x0/0xf6 @ 1
[    3.632104] initcall input_init+0x0/0xf6 returned 0 after 0 usecs
[    3.638108] calling  rtc_init+0x0/0x4d @ 1
[    3.642803] initcall rtc_init+0x0/0x4d returned 0 after 0 usecs
[    3.649103] calling  pps_init+0x0/0xa9 @ 1
[    3.653325] pps_core: LinuxPPS API ver. 1 registered
[    3.659105] pps_core: Software ver. 5.3.6 - Copyright 2005-2007 Rodolfo Giometti <giometti@linux.it>
[    3.670107] initcall pps_init+0x0/0xa9 returned 0 after 16601 usecs
[    3.677105] calling  ptp_init+0x0/0x98 @ 1
[    3.679114] PTP clock support registered
[    3.685105] initcall ptp_init+0x0/0x98 returned 0 after 5859 usecs
[    3.690104] calling  power_supply_class_init+0x0/0x3f @ 1
[    3.698366] initcall power_supply_class_init+0x0/0x3f returned 0 after 976 usecs
[    3.705107] calling  hwmon_init+0x0/0x104 @ 1
[    3.711347] initcall hwmon_init+0x0/0x104 returned 0 after 976 usecs
[    3.718106] calling  md_init+0x0/0x16b @ 1
[    3.726935] initcall md_init+0x0/0x16b returned 0 after 6835 usecs
[    3.736106] calling  leds_init+0x0/0x3b @ 1
[    3.740221] initcall leds_init+0x0/0x3b returned 0 after 0 usecs
[    3.747105] calling  dmi_init+0x0/0x113 @ 1
[    3.753840] initcall dmi_init+0x0/0x113 returned 0 after 976 usecs
[    3.761274] calling  efisubsys_init+0x0/0x4e7 @ 1
[    3.768232] initcall efisubsys_init+0x0/0x4e7 returned 0 after 0 usecs
[    3.774104] calling  nvmem_init+0x0/0xc @ 1
[    3.780444] initcall nvmem_init+0x0/0xc returned 0 after 0 usecs
[    3.788105] calling  init_soundcore+0x0/0x33 @ 1
[    3.794423] initcall init_soundcore+0x0/0x33 returned 0 after 0 usecs
[    3.803104] calling  alsa_sound_init+0x0/0x8f @ 1
[    3.809290] Advanced Linux Sound Architecture Driver Initialized.
[    3.818105] initcall alsa_sound_init+0x0/0x8f returned 0 after 8789 usecs
[    3.828107] calling  alsa_seq_device_init+0x0/0x71 @ 1
[    3.836106] initcall alsa_seq_device_init+0x0/0x71 returned 0 after 0 usecs
[    3.846108] calling  hda_bus_init+0x0/0xc @ 1
[    3.851171] initcall hda_bus_init+0x0/0xc returned 0 after 0 usecs
[    3.858101] calling  proto_init+0x0/0xc @ 1
[    3.864245] initcall proto_init+0x0/0xc returned 0 after 0 usecs
[    3.871102] calling  net_dev_init+0x0/0x209 @ 1
[    3.877116] initcall net_dev_init+0x0/0x209 returned 0 after 976 usecs
[    3.885103] calling  neigh_init+0x0/0x84 @ 1
[    3.890103] initcall neigh_init+0x0/0x84 returned 0 after 0 usecs
[    3.897101] calling  fib_notifier_init+0x0/0xc @ 1
[    3.902104] initcall fib_notifier_init+0x0/0xc returned 0 after 0 usecs
[    3.910101] calling  fib_rules_init+0x0/0xab @ 1
[    3.916137] initcall fib_rules_init+0x0/0xab returned 0 after 0 usecs
[    3.923101] calling  pktsched_init+0x0/0x10e @ 1
[    3.929102] initcall pktsched_init+0x0/0x10e returned 0 after 0 usecs
[    3.936101] calling  tc_filter_init+0x0/0xfa @ 1
[    3.942136] initcall tc_filter_init+0x0/0xfa returned 0 after 0 usecs
[    3.950101] calling  tc_action_init+0x0/0x54 @ 1
[    3.955101] initcall tc_action_init+0x0/0x54 returned 0 after 0 usecs
[    3.961101] calling  ethnl_init+0x0/0x52 @ 1
[    3.968213] initcall ethnl_init+0x0/0x52 returned 0 after 0 usecs
[    3.975102] calling  nexthop_init+0x0/0xd8 @ 1
[    3.980244] initcall nexthop_init+0x0/0xd8 returned 0 after 0 usecs
[    3.988101] calling  cipso_v4_init+0x0/0x5d @ 1
[    3.993164] initcall cipso_v4_init+0x0/0x5d returned 0 after 0 usecs
[    4.001103] calling  ieee80211_init+0x0/0x24 @ 1
[    4.006301] initcall ieee80211_init+0x0/0x24 returned 0 after 0 usecs
[    4.014103] calling  netlbl_init+0x0/0x78 @ 1
[    4.019098] NetLabel: Initializing
[    4.023098] NetLabel:  domain hash size = 128
[    4.028097] NetLabel:  protocols = UNLABELED CIPSOv4 CALIPSO
[    4.035219] NetLabel:  unlabeled traffic allowed by default
[    4.042102] initcall netlbl_init+0x0/0x78 returned 0 after 22460 usecs
[    4.049101] calling  rfkill_init+0x0/0x111 @ 1
[    4.055519] initcall rfkill_init+0x0/0x111 returned 0 after 976 usecs
[    4.064105] calling  pci_subsys_init+0x0/0x66 @ 1
[    4.069144] PCI: Using ACPI for IRQ routing
[    4.833885] PCI: pci_cache_line_size set to 64 bytes
[    4.841946] e820: reserve RAM buffer [mem 0x0009fc00-0x0009ffff]
[    4.849286] e820: reserve RAM buffer [mem 0x1ffdf000-0x1fffffff]
[    4.857578] initcall pci_subsys_init+0x0/0x66 returned 0 after 769531 usecs
[    4.867964] calling  nmi_warning_debugfs+0x0/0x26 @ 1
[    4.874910] initcall nmi_warning_debugfs+0x0/0x26 returned 0 after 976 usecs
[    4.883161] calling  save_microcode_in_initrd+0x0/0x51 @ 1
[    4.890370] initcall save_microcode_in_initrd+0x0/0x51 returned 0 after 0 usecs
[    4.899103] calling  hpet_late_init+0x0/0x207 @ 1
[    4.905652] hpet: 3 channels of 0 reserved for per-cpu timers
[    4.913294] hpet0: at MMIO 0xfed00000, IRQs 2, 8, 0
[    4.920103] hpet0: 3 comparators, 64-bit 100.000000 MHz counter
[    4.932127] initcall hpet_late_init+0x0/0x207 returned 0 after 26367 usecs
[    4.943107] calling  init_amd_nbs+0x0/0x11c @ 1
[    4.949260] initcall init_amd_nbs+0x0/0x11c returned 0 after 0 usecs
[    4.957135] calling  clocksource_done_booting+0x0/0x41 @ 1
[    4.967095] clocksource: Switched to clocksource kvm-clock
[    4.974558] initcall clocksource_done_booting+0x0/0x41 returned 0 after 10198 usecs
[    4.983986] calling  tracer_init_tracefs+0x0/0x242 @ 1
[    5.185992] initcall tracer_init_tracefs+0x0/0x242 returned 0 after 189255 usecs
[    5.195122] calling  init_trace_printk_function_export+0x0/0x2c @ 1
[    5.202939] initcall init_trace_printk_function_export+0x0/0x2c returned 0 after 7 usecs
[    5.212471] calling  init_kprobe_trace+0x0/0x1a9 @ 1
[    5.219356] initcall init_kprobe_trace+0x0/0x1a9 returned 0 after 67 usecs
[    5.228405] calling  init_dynamic_event+0x0/0x3d @ 1
[    5.234429] initcall init_dynamic_event+0x0/0x3d returned 0 after 5 usecs
[    5.242616] calling  init_uprobe_trace+0x0/0x5c @ 1
[    5.248671] initcall init_uprobe_trace+0x0/0x5c returned 0 after 74 usecs
[    5.257123] calling  init_pipe_fs+0x0/0x44 @ 1
[    5.262901] initcall init_pipe_fs+0x0/0x44 returned 0 after 205 usecs
[    5.270919] calling  inotify_user_setup+0x0/0x47 @ 1
[    5.277269] initcall inotify_user_setup+0x0/0x47 returned 0 after 97 usecs
[    5.286296] calling  eventpoll_init+0x0/0xd4 @ 1
[    5.292101] initcall eventpoll_init+0x0/0xd4 returned 0 after 363 usecs
[    5.300143] calling  anon_inode_init+0x0/0x58 @ 1
[    5.306054] initcall anon_inode_init+0x0/0x58 returned 0 after 226 usecs
[    5.314107] calling  proc_locks_init+0x0/0x27 @ 1
[    5.319918] initcall proc_locks_init+0x0/0x27 returned 0 after 119 usecs
[    5.327772] calling  iomap_init+0x0/0x1b @ 1
[    5.332954] initcall iomap_init+0x0/0x1b returned 0 after 180 usecs
[    5.340344] calling  dquot_init+0x0/0x106 @ 1
[    5.345541] VFS: Disk quotas dquot_6.6.0
[    5.350632] VFS: Dquot-cache hash table entries: 512 (order 0, 4096 bytes)
[    5.358559] initcall dquot_init+0x0/0x106 returned 0 after 12709 usecs
[    5.366158] calling  quota_init+0x0/0x23 @ 1
[    5.372143] initcall quota_init+0x0/0x23 returned 0 after 844 usecs
[    5.379269] calling  proc_cmdline_init+0x0/0x21 @ 1
[    5.384875] initcall proc_cmdline_init+0x0/0x21 returned 0 after 21 usecs
[    5.394545] calling  proc_consoles_init+0x0/0x24 @ 1
[    5.401892] initcall proc_consoles_init+0x0/0x24 returned 0 after 35 usecs
[    5.411901] calling  proc_cpuinfo_init+0x0/0x1e @ 1
[    5.418580] initcall proc_cpuinfo_init+0x0/0x1e returned 0 after 3 usecs
[    5.426410] calling  proc_devices_init+0x0/0x24 @ 1
[    5.432113] initcall proc_devices_init+0x0/0x24 returned 0 after 17 usecs
[    5.439993] calling  proc_interrupts_init+0x0/0x24 @ 1
[    5.446101] initcall proc_interrupts_init+0x0/0x24 returned 0 after 3 usecs
[    5.454278] calling  proc_loadavg_init+0x0/0x21 @ 1
[    5.461555] initcall proc_loadavg_init+0x0/0x21 returned 0 after 3 usecs
[    5.471547] calling  proc_meminfo_init+0x0/0x21 @ 1
[    5.478725] initcall proc_meminfo_init+0x0/0x21 returned 0 after 3 usecs
[    5.488111] calling  proc_stat_init+0x0/0x1e @ 1
[    5.493648] initcall proc_stat_init+0x0/0x1e returned 0 after 4 usecs
[    5.501031] calling  proc_uptime_init+0x0/0x21 @ 1
[    5.506675] initcall proc_uptime_init+0x0/0x21 returned 0 after 2 usecs
[    5.514318] calling  proc_version_init+0x0/0x21 @ 1
[    5.519963] initcall proc_version_init+0x0/0x21 returned 0 after 2 usecs
[    5.527688] calling  proc_softirqs_init+0x0/0x21 @ 1
[    5.533528] initcall proc_softirqs_init+0x0/0x21 returned 0 after 6 usecs
[    5.542652] calling  proc_kcore_init+0x0/0xea @ 1
[    5.548465] initcall proc_kcore_init+0x0/0xea returned 0 after 71 usecs
[    5.556038] calling  vmcore_init+0x0/0x578 @ 1
[    5.561587] initcall vmcore_init+0x0/0x578 returned 0 after 87 usecs
[    5.569196] calling  proc_kmsg_init+0x0/0x21 @ 1
[    5.574589] initcall proc_kmsg_init+0x0/0x21 returned 0 after 4 usecs
[    5.581932] calling  proc_page_init+0x0/0x3b @ 1
[    5.587245] initcall proc_page_init+0x0/0x3b returned 0 after 4 usecs
[    5.594485] calling  init_ramfs_fs+0x0/0xc @ 1
[    5.599682] initcall init_ramfs_fs+0x0/0xc returned 0 after 117 usecs
[    5.606938] calling  init_hugetlbfs_fs+0x0/0xf6 @ 1
[    5.612647] initcall init_hugetlbfs_fs+0x0/0xf6 returned 0 after 145 usecs
[    5.620460] calling  blk_scsi_ioctl_init+0x0/0x2a5 @ 1
[    5.626514] initcall blk_scsi_ioctl_init+0x0/0x2a5 returned 0 after 22 usecs
[    5.634506] calling  acpi_event_init+0x0/0x2c @ 1
[    5.639960] initcall acpi_event_init+0x0/0x2c returned 0 after 34 usecs
[    5.647558] calling  pnp_system_init+0x0/0xc @ 1
[    5.653325] initcall pnp_system_init+0x0/0xc returned 0 after 416 usecs
[    5.660799] calling  pnpacpi_init+0x0/0x69 @ 1
[    5.666045] pnp: PnP ACPI init
[    5.671044] pnp 00:00: Plug and Play ACPI device, IDs PNP0303 (active)
[    5.678613] pnp 00:01: Plug and Play ACPI device, IDs PNP0f13 (active)
[    5.686256] pnp 00:02: Plug and Play ACPI device, IDs PNP0400 (active)
[    5.693849] pnp 00:03: Plug and Play ACPI device, IDs PNP0501 (active)
[    5.701449] pnp 00:04: Plug and Play ACPI device, IDs PNP0b00 (active)
[    5.709013] system 00:05: [mem 0xb0000000-0xbfffffff window] has been reserved
[    5.717306] system 00:05: Plug and Play ACPI device, IDs PNP0c01 (active)
[    5.727614] pnp: PnP ACPI: found 6 devices
[    5.732393] initcall pnpacpi_init+0x0/0x69 returned 0 after 64812 usecs
[    5.740014] calling  chr_dev_init+0x0/0x14d @ 1
[    5.798437] initcall chr_dev_init+0x0/0x14d returned 0 after 51882 usecs
[    5.806349] calling  firmware_class_init+0x0/0xe7 @ 1
[    5.812412] initcall firmware_class_init+0x0/0xe7 returned 0 after 110 usecs
[    5.820604] calling  init_pcmcia_bus+0x0/0x5b @ 1
[    5.826427] initcall init_pcmcia_bus+0x0/0x5b returned 0 after 126 usecs
[    5.834502] calling  init_acpi_pm_clocksource+0x0/0xda @ 1
[    5.846756] clocksource: acpi_pm: mask: 0xffffff max_cycles: 0xffffff, max_idle_ns: 2085701024 ns
[    5.857552] initcall init_acpi_pm_clocksource+0x0/0xda returned 0 after 16030 usecs
[    5.866584] calling  sysctl_core_init+0x0/0x26 @ 1
[    5.873359] initcall sysctl_core_init+0x0/0x26 returned 0 after 682 usecs
[    5.882551] calling  eth_offload_init+0x0/0x13 @ 1
[    5.889000] initcall eth_offload_init+0x0/0x13 returned 0 after 35 usecs
[    5.897444] calling  ipv4_offload_init+0x0/0x73 @ 1
[    5.903309] initcall ipv4_offload_init+0x0/0x73 returned 0 after 75 usecs
[    5.911866] calling  inet_init+0x0/0x276 @ 1
[    5.917103] NET: Registered protocol family 2
[    5.923000] IP idents hash table entries: 8192 (order: 4, 65536 bytes, linear)
[    5.934530] tcp_listen_portaddr_hash hash table entries: 256 (order: 0, 4096 bytes, linear)
[    5.944266] TCP established hash table entries: 4096 (order: 3, 32768 bytes, linear)
[    5.953320] TCP bind hash table entries: 4096 (order: 4, 65536 bytes, linear)
[    5.961689] TCP: Hash tables configured (established 4096 bind 4096)
[    5.972491] UDP hash table entries: 256 (order: 1, 8192 bytes, linear)
[    5.980204] UDP-Lite hash table entries: 256 (order: 1, 8192 bytes, linear)
[    5.988561] initcall inet_init+0x0/0x276 returned 0 after 69908 usecs
[    5.996062] calling  af_unix_init+0x0/0x4d @ 1
[    6.001358] NET: Registered protocol family 1
[    6.006825] initcall af_unix_init+0x0/0x4d returned 0 after 5339 usecs
[    6.014753] calling  ipv6_offload_init+0x0/0x7e @ 1
[    6.020523] initcall ipv6_offload_init+0x0/0x7e returned 0 after 79 usecs
[    6.028411] calling  init_sunrpc+0x0/0x65 @ 1
[    6.036388] RPC: Registered named UNIX socket transport module.
[    6.043821] RPC: Registered udp transport module.
[    6.049736] RPC: Registered tcp transport module.
[    6.055425] RPC: Registered tcp NFSv4.1 backchannel transport module.
[    6.063272] initcall init_sunrpc+0x0/0x65 returned 0 after 28980 usecs
[    6.071184] calling  cfg80211_init+0x0/0xc5 @ 1
[    6.078122] initcall cfg80211_init+0x0/0xc5 returned 0 after 1426 usecs
[    6.086412] calling  pcibios_assign_resources+0x0/0xbf @ 1
[    6.087177] pci_bus 0000:00: resource 4 [io  0x0000-0x0cf7 window]
[    6.087177] pci_bus 0000:00: resource 5 [io  0x0d00-0xffff window]
[    6.087177] pci_bus 0000:00: resource 6 [mem 0x000a0000-0x000bffff window]
[    6.087177] pci_bus 0000:00: resource 7 [mem 0x20000000-0xafffffff window]
[    6.087177] pci_bus 0000:00: resource 8 [mem 0xc0000000-0xfebfffff window]
[    6.087177] pci_bus 0000:00: resource 9 [mem 0x100000000-0x8ffffffff window]
[    6.087177] initcall pcibios_assign_resources+0x0/0xbf returned 0 after 47363 usecs
[    6.087177] calling  pci_apply_final_quirks+0x0/0x124 @ 1
[    6.087177] pci 0000:00:01.0: calling  pci_fixup_video+0x0/0xe0 @ 1
[    6.087177] pci 0000:00:01.0: Video device with shadowed ROM at [mem 0x000c0000-0x000dffff]
[    6.087177] pci 0000:00:01.0: pci_fixup_video+0x0/0xe0 took 12112 usecs
[    6.087177] PCI: CLS 0 bytes, default 64
[    6.087177] initcall pci_apply_final_quirks+0x0/0x124 returned 0 after 34495 usecs
[    6.087177] calling  acpi_reserve_resources+0x0/0xea @ 1
[    6.087177] initcall acpi_reserve_resources+0x0/0xea returned 0 after 31 usecs
[    6.087177] calling  populate_rootfs+0x0/0x102 @ 1
[    6.224240] initcall populate_rootfs+0x0/0x102 returned 0 after 1235 usecs
[    6.224240] calling  pci_iommu_init+0x0/0x3e @ 1
[    6.224240] initcall pci_iommu_init+0x0/0x3e returned 0 after 27 usecs
[    6.224240] calling  ia32_binfmt_init+0x0/0x13 @ 1
[    6.224240] initcall ia32_binfmt_init+0x0/0x13 returned 0 after 5 usecs
[    6.224240] calling  rapl_pmu_init+0x0/0x267 @ 1
[    6.224240] initcall rapl_pmu_init+0x0/0x267 returned -19 after 74 usecs
[    6.224240] calling  amd_uncore_init+0x0/0x310 @ 1
[    6.224240] initcall amd_uncore_init+0x0/0x310 returned -19 after 0 usecs
[    6.224240] calling  amd_ibs_init+0x0/0x243 @ 1
[    6.224240] initcall amd_ibs_init+0x0/0x243 returned -19 after 0 usecs
[    6.224240] calling  amd_iommu_pc_init+0x0/0x215 @ 1
[    6.224240] initcall amd_iommu_pc_init+0x0/0x215 returned -19 after 33 usecs
[    6.224240] calling  msr_init+0x0/0x55 @ 1
[    6.224240] initcall msr_init+0x0/0x55 returned 0 after 124 usecs
[    6.224240] calling  intel_uncore_init+0x0/0x36f @ 1
[    6.224240] initcall intel_uncore_init+0x0/0x36f returned -19 after 44 usecs
[    6.224240] calling  cstate_pmu_init+0x0/0x1a1 @ 1
[    6.348617] initcall cstate_pmu_init+0x0/0x1a1 returned -19 after 0 usecs
[    6.356450] calling  register_kernel_offset_dumper+0x0/0x1a @ 1
[    6.363353] initcall register_kernel_offset_dumper+0x0/0x1a returned 0 after 1 usecs
[    6.373621] calling  i8259A_init_ops+0x0/0x20 @ 1
[    6.379534] initcall i8259A_init_ops+0x0/0x20 returned 0 after 1 usecs
[    6.387231] calling  init_tsc_clocksource+0x0/0xa4 @ 1
[    6.393318] clocksource: tsc: mask: 0xffffffffffffffff max_cycles: 0x39a85afc727, max_idle_ns: 881590685098 ns
[    6.404929] initcall init_tsc_clocksource+0x0/0xa4 returned 0 after 11337 usecs
[    6.413501] calling  add_rtc_cmos+0x0/0xb0 @ 1
[    6.419633] initcall add_rtc_cmos+0x0/0xb0 returned 0 after 20 usecs
[    6.430095] calling  i8237A_init_ops+0x0/0x3a @ 1
[    6.437220] initcall i8237A_init_ops+0x0/0x3a returned 0 after 223 usecs
[    6.447488] calling  umwait_init+0x0/0x94 @ 1
[    6.454062] initcall umwait_init+0x0/0x94 returned -19 after 22 usecs
[    6.462362] calling  thermal_throttle_init_device+0x0/0x3d @ 1
[    6.469400] initcall thermal_throttle_init_device+0x0/0x3d returned 0 after 28 usecs
[    6.478689] calling  msr_init+0x0/0xd7 @ 1
[    6.495707] initcall msr_init+0x0/0xd7 returned 0 after 11689 usecs
[    6.503440] calling  cpuid_init+0x0/0xd7 @ 1
[    6.520723] initcall cpuid_init+0x0/0xd7 returned 0 after 11779 usecs
[    6.528726] calling  ioapic_init_ops+0x0/0x13 @ 1
[    6.534722] initcall ioapic_init_ops+0x0/0x13 returned 0 after 17 usecs
[    6.542823] calling  add_pcspkr+0x0/0x6c @ 1
[    6.548286] initcall add_pcspkr+0x0/0x6c returned 0 after 42 usecs
[    6.557214] calling  start_periodic_check_for_corruption+0x0/0x30 @ 1
[    6.567434] check: Scanning for low memory corruption every 60 seconds
[    6.577199] initcall start_periodic_check_for_corruption+0x0/0x30 returned 0 after 9549 usecs
[    6.588852] calling  sysfb_init+0x0/0x9c @ 1
[    6.594277] initcall sysfb_init+0x0/0x9c returned 0 after 195 usecs
[    6.601737] calling  audit_classes_init+0x0/0xae @ 1
[    6.607693] initcall audit_classes_init+0x0/0xae returned 0 after 19 usecs
[    6.615857] calling  iosf_mbi_init+0x0/0x24 @ 1
[    6.621497] initcall iosf_mbi_init+0x0/0x24 returned 0 after 189 usecs
[    6.629204] calling  proc_execdomains_init+0x0/0x21 @ 1
[    6.635362] initcall proc_execdomains_init+0x0/0x21 returned 0 after 4 usecs
[    6.643727] calling  register_warn_debugfs+0x0/0x23 @ 1
[    6.649833] initcall register_warn_debugfs+0x0/0x23 returned 0 after 9 usecs
[    6.658007] calling  cpuhp_sysfs_init+0x0/0x79 @ 1
[    6.664055] initcall cpuhp_sysfs_init+0x0/0x79 returned 0 after 253 usecs
[    6.671968] calling  ioresources_init+0x0/0x49 @ 1
[    6.678033] initcall ioresources_init+0x0/0x49 returned 0 after 5 usecs
[    6.687858] calling  snapshot_device_init+0x0/0xc @ 1
[    6.700420] initcall snapshot_device_init+0x0/0xc returned 0 after 4832 usecs
[    6.709788] calling  irq_pm_init_ops+0x0/0x13 @ 1
[    6.715366] initcall irq_pm_init_ops+0x0/0x13 returned 0 after 23 usecs
[    6.722807] calling  rcu_torture_init+0x0/0x9a6 @ 1
[    6.728975] rcu-torture:--- Start of test: nreaders=7 nfakewriters=4 stat_interval=15 verbose=1 test_no_idle_hz=1 shuffle_interval=3 stutter=5 irqreader=1 fqs_duration=0 fqs_holdoff=0 fqs_stutter=3 test_boost=1/0 test_boost_interval=7 test_boost_duration=4 shutdown_secs=1800 stall_cpu=0 stall_cpu_holdoff=10 stall_cpu_irqsoff=0 stall_cpu_block=0 n_barrier_cbs=4 onoff_interval=1000 onoff_holdoff=30 read_exit_delay=13 read_exit_burst=16
[    6.773448] rcu:  Start-test grace-period state: g-1108 f0x0
[    6.780234] rcu-torture: Creating rcu_torture_writer task
[    6.786518] rcu-torture: Creating rcu_torture_fakewriter task
[    6.793293] rcu-torture: rcu_torture_writer task started
[    6.799435] rcu-torture: GP expediting controlled from boot/sysfs for rcu.
[    6.807354] rcu_torture_writer: Testing conditional GPs.
[    6.813541] rcu_torture_writer: Testing expedited GPs.
[    6.819537] rcu_torture_writer: Testing asynchronous GPs.
[    6.825877] rcu_torture_writer: Testing normal GPs.
[    6.831701] rcu-torture: Creating rcu_torture_fakewriter task
[    6.838424] rcu-torture: rcu_torture_fakewriter task started
[    6.845857] rcu-torture: Creating rcu_torture_fakewriter task
[    6.845893] rcu-torture: rcu_torture_fakewriter task started
[    6.877677] rcu-torture: Creating rcu_torture_fakewriter task
[    6.877681] rcu-torture: rcu_torture_fakewriter task started
[    6.891897] rcu-torture: Creating rcu_torture_reader task
[    6.891927] rcu-torture: rcu_torture_fakewriter task started
[    6.906899] rcu-torture: Creating rcu_torture_reader task
[    6.906933] rcu-torture: rcu_torture_reader task started
[    6.925812] rcu-torture: Creating rcu_torture_reader task
[    6.925844] rcu-torture: rcu_torture_reader task started
[    6.941898] rcu-torture: Creating rcu_torture_reader task
[    6.941911] rcu-torture: rcu_torture_reader task started
[    6.966784] rcu-torture: Creating rcu_torture_reader task
[    6.966912] rcu-torture: rcu_torture_reader task started
[    6.992762] rcu-torture: Creating rcu_torture_reader task
[    6.992778] rcu-torture: rcu_torture_reader task started
[    7.029869] rcu-torture: Creating rcu_torture_reader task
[    7.029872] rcu-torture: rcu_torture_reader task started
[    7.052050] rcu-torture: Creating rcu_torture_stats task
[    7.052103] rcu-torture: rcu_torture_reader task started
[    7.093867] rcu-torture: Creating torture_shuffle task
[    7.094035] rcu-torture: rcu_torture_stats task started
[    7.130349] rcu-torture: torture_shuffle task started
[    7.130445] rcu-torture: Creating torture_stutter task
[    7.165166] rcu-torture: Creating torture_shutdown task
[    7.165170] rcu-torture: torture_stutter task started
[    7.180667] rcu-torture: Creating torture_onoff task
[    7.180689] rcu-torture: torture_shutdown task started
[    7.193531] rcu-torture:torture_shutdown task: 1799971 ms remaining
[    7.201989] rcu-torture: torture_onoff task started
[    7.202363] rcu-torture: Creating rcu_torture_fwd_prog task
[    7.208108] rcu-torture: torture_onoff begin holdoff
[    7.222030] rcu-torture: rcu_torture_fwd_progress task started
[    7.222043] rcu-torture: Creating rcu_torture_barrier_cbs task
[    7.238848] rcu-torture: Creating rcu_torture_barrier_cbs task
[    7.238867] rcu-torture: rcu_torture_barrier_cbs task started
[    7.255909] rcu-torture: Creating rcu_torture_barrier_cbs task
[    7.255951] rcu-torture: rcu_torture_barrier_cbs task started
[    7.273117] rcu-torture: Creating rcu_torture_barrier_cbs task
[    7.273261] rcu-torture: rcu_torture_barrier_cbs task started
[    7.288768] rcu-torture: Creating rcu_torture_barrier task
[    7.288789] rcu-torture: rcu_torture_barrier_cbs task started
[    7.304873] rcu-torture: Creating rcu_torture_read_exit task
[    7.304898] rcu-torture: rcu_torture_barrier task starting
[    7.322837] rcu-torture: rcu_torture_read_exit: Start of test
[    7.323322] initcall rcu_torture_init+0x0/0x9a6 returned 0 after 580573 usecs
[    7.323322] calling  timekeeping_init_ops+0x0/0x13 @ 1
[    7.323322] initcall timekeeping_init_ops+0x0/0x13 returned 0 after 167 usecs
[    7.323322] calling  init_clocksource_sysfs+0x0/0x23 @ 1
[    7.323322] initcall init_clocksource_sysfs+0x0/0x23 returned 0 after 1826 usecs
[    7.323322] calling  init_timer_list_procfs+0x0/0x31 @ 1
[    7.323322] initcall init_timer_list_procfs+0x0/0x31 returned 0 after 2579 usecs
[    7.323322] calling  alarmtimer_init+0x0/0xc7 @ 1
[    7.323322] initcall alarmtimer_init+0x0/0xc7 returned 0 after 395 usecs
[    7.323322] calling  init_posix_timers+0x0/0x29 @ 1
[    7.323322] initcall init_posix_timers+0x0/0x29 returned 0 after 191 usecs
[    7.323322] calling  clockevents_init_sysfs+0x0/0xbf @ 1
[    7.323322] initcall clockevents_init_sysfs+0x0/0xbf returned 0 after 291 usecs
[    7.323322] calling  proc_dma_init+0x0/0x21 @ 1
[    7.323322] initcall proc_dma_init+0x0/0x21 returned 0 after 59 usecs
[    7.323322] calling  proc_modules_init+0x0/0x1e @ 1
[    7.323322] initcall proc_modules_init+0x0/0x1e returned 0 after 25 usecs
[    7.323322] calling  kallsyms_init+0x0/0x21 @ 1
[    7.323322] initcall kallsyms_init+0x0/0x21 returned 0 after 5 usecs
[    7.323322] calling  pid_namespaces_init+0x0/0x2c @ 1
[    7.323322] initcall pid_namespaces_init+0x0/0x2c returned 0 after 401 usecs
[    7.323322] calling  audit_watch_init+0x0/0x37 @ 1
[    7.323322] initcall audit_watch_init+0x0/0x37 returned 0 after 25 usecs
[    7.323322] calling  audit_fsnotify_init+0x0/0x37 @ 1
[    7.323322] initcall audit_fsnotify_init+0x0/0x37 returned 0 after 1 usecs
[    7.525247] calling  audit_tree_init+0x0/0x6d @ 1
[    7.532262] initcall audit_tree_init+0x0/0x6d returned 0 after 7 usecs
[    7.540361] calling  seccomp_sysctl_init+0x0/0x2b @ 1
[    7.546835] initcall seccomp_sysctl_init+0x0/0x2b returned 0 after 259 usecs
[    7.555477] calling  utsname_sysctl_init+0x0/0x13 @ 1
[    7.561891] initcall utsname_sysctl_init+0x0/0x13 returned 0 after 128 usecs
[    7.570824] calling  init_tracepoints+0x0/0x27 @ 1
[    7.576844] initcall init_tracepoints+0x0/0x27 returned 0 after 44 usecs
[    7.585187] calling  init_blk_tracer+0x0/0x50 @ 1
[    7.592230] initcall init_blk_tracer+0x0/0x50 returned 0 after 1144 usecs
[    7.600758] calling  perf_event_sysfs_init+0x0/0x81 @ 1
[    7.607875] initcall perf_event_sysfs_init+0x0/0x81 returned 0 after 504 usecs
[    7.617187] calling  system_trusted_keyring_init+0x0/0x60 @ 1
[    7.625250] Initialise system trusted keyrings
[    7.631505] initcall system_trusted_keyring_init+0x0/0x60 returned 0 after 6103 usecs
[    7.642341] calling  kswapd_init+0x0/0x5c @ 1
[    7.649528] initcall kswapd_init+0x0/0x5c returned 0 after 1323 usecs
[    7.650304] calling  extfrag_debug_init+0x0/0x54 @ 1
[    7.650304] initcall extfrag_debug_init+0x0/0x54 returned 0 after 102 usecs
[    7.650304] calling  mm_compute_batch_init+0x0/0x12 @ 1
[    7.650304] initcall mm_compute_batch_init+0x0/0x12 returned 0 after 1 usecs
[    7.650304] calling  slab_proc_init+0x0/0x21 @ 1
[    7.650304] initcall slab_proc_init+0x0/0x21 returned 0 after 84 usecs
[    7.650304] calling  workingset_init+0x0/0x8c @ 1
[    7.650304] workingset: timestamp_bits=56 max_order=17 bucket_order=0
[    7.650304] initcall workingset_init+0x0/0x8c returned 0 after 8682 usecs
[    7.650304] calling  proc_vmalloc_init+0x0/0x32 @ 1
[    7.650304] initcall proc_vmalloc_init+0x0/0x32 returned 0 after 29 usecs
[    7.650304] calling  procswaps_init+0x0/0x1e @ 1
[    7.650304] initcall procswaps_init+0x0/0x1e returned 0 after 33 usecs
[    7.650304] calling  slab_sysfs_init+0x0/0xea @ 1
[    7.770875] initcall slab_sysfs_init+0x0/0xea returned 0 after 6746 usecs
[    7.779153] calling  fcntl_init+0x0/0x29 @ 1
[    7.784482] initcall fcntl_init+0x0/0x29 returned 0 after 7 usecs
[    7.791897] calling  proc_filesystems_init+0x0/0x21 @ 1
[    7.798377] initcall proc_filesystems_init+0x0/0x21 returned 0 after 17 usecs
[    7.807119] calling  start_dirtytime_writeback+0x0/0x29 @ 1
[    7.814261] initcall start_dirtytime_writeback+0x0/0x29 returned 0 after 3 usecs
[    7.823512] calling  blkdev_init+0x0/0x1b @ 1
[    7.829554] initcall blkdev_init+0x0/0x1b returned 0 after 278 usecs
[    7.837678] calling  dio_init+0x0/0x2c @ 1
[    7.843118] initcall dio_init+0x0/0x2c returned 0 after 72 usecs
[    7.850735] calling  dnotify_init+0x0/0x78 @ 1
[    7.856489] initcall dnotify_init+0x0/0x78 returned 0 after 10 usecs
[    7.864566] calling  aio_setup+0x0/0x78 @ 1
[    7.870755] initcall aio_setup+0x0/0x78 returned 0 after 641 usecs
[    7.878787] calling  io_uring_init+0x0/0x2c @ 1
[    7.884791] initcall io_uring_init+0x0/0x2c returned 0 after 6 usecs
[    7.893015] calling  mbcache_init+0x0/0x30 @ 1
[    7.898805] initcall mbcache_init+0x0/0x30 returned 0 after 93 usecs
[    7.907673] calling  init_grace+0x0/0xc @ 1
[    7.913527] initcall init_grace+0x0/0xc returned 0 after 257 usecs
[    7.923238] calling  init_v2_quota_format+0x0/0x21 @ 1
[    7.931920] initcall init_v2_quota_format+0x0/0x21 returned 0 after 66 usecs
[    7.943242] calling  init_devpts_fs+0x0/0x27 @ 1
[    7.951012] initcall init_devpts_fs+0x0/0x27 returned 0 after 334 usecs
[    7.960901] calling  ext4_init_fs+0x0/0x1d0 @ 1
[    7.969093] initcall ext4_init_fs+0x0/0x1d0 returned 0 after 1624 usecs
[    7.978180] calling  journal_init+0x0/0x11c @ 1
[    7.985304] initcall journal_init+0x0/0x11c returned 0 after 263 usecs
[    7.994339] calling  init_fat_fs+0x0/0x49 @ 1
[    8.000862] initcall init_fat_fs+0x0/0x49 returned 0 after 99 usecs
[    8.009539] calling  init_vfat_fs+0x0/0xc @ 1
[    8.015941] initcall init_vfat_fs+0x0/0xc returned 0 after 5 usecs
[    8.025470] calling  init_msdos_fs+0x0/0xc @ 1
[    8.032115] initcall init_msdos_fs+0x0/0xc returned 0 after 5 usecs
[    8.041355] calling  init_iso9660_fs+0x0/0x6c @ 1
[    8.049365] initcall init_iso9660_fs+0x0/0x6c returned 0 after 160 usecs
[    8.060812] calling  init_nfs_fs+0x0/0x13a @ 1
[    8.071220] initcall init_nfs_fs+0x0/0x13a returned 0 after 4062 usecs
[    8.071220] calling  init_nfs_v2+0x0/0x13 @ 1
[    8.071220] initcall init_nfs_v2+0x0/0x13 returned 0 after 111 usecs
[    8.071220] calling  init_nfs_v3+0x0/0x13 @ 1
[    8.071220] initcall init_nfs_v3+0x0/0x13 returned 0 after 24 usecs
[    8.071220] calling  init_nfs_v4+0x0/0x32 @ 1
[    8.071220] NFS: Registering the id_resolver key type
[    8.071220] Key type id_resolver registered
[    8.071220] Key type id_legacy registered
[    8.071220] initcall init_nfs_v4+0x0/0x32 returned 0 after 22221 usecs
[    8.071220] calling  init_nlm+0x0/0x5b @ 1
[    8.071220] initcall init_nlm+0x0/0x5b returned 0 after 171 usecs
[    8.071220] calling  init_nls_cp437+0x0/0xe @ 1
[    8.071220] initcall init_nls_cp437+0x0/0xe returned 0 after 86 usecs
[    8.192544] calling  init_nls_ascii+0x0/0xe @ 1
[    8.200127] initcall init_nls_ascii+0x0/0xe returned 0 after 1 usecs
[    8.210515] calling  init_nls_iso8859_1+0x0/0xe @ 1
[    8.218784] initcall init_nls_iso8859_1+0x0/0xe returned 0 after 1 usecs
[    8.229973] calling  init_nls_utf8+0x0/0x21 @ 1
[    8.237648] initcall init_nls_utf8+0x0/0x21 returned 0 after 1 usecs
[    8.248449] calling  init_autofs_fs+0x0/0x25 @ 1
[    8.258505] initcall init_autofs_fs+0x0/0x25 returned 0 after 2017 usecs
[    8.270628] calling  ipc_init+0x0/0x24 @ 1
[    8.270628] initcall ipc_init+0x0/0x24 returned 0 after 43 usecs
[    8.270628] calling  ipc_sysctl_init+0x0/0x13 @ 1
[    8.270628] initcall ipc_sysctl_init+0x0/0x13 returned 0 after 202 usecs
[    8.270628] calling  init_mqueue_fs+0x0/0x9a @ 1
[    8.270628] initcall init_mqueue_fs+0x0/0x9a returned 0 after 1000 usecs
[    8.270628] calling  key_proc_init+0x0/0x63 @ 1
[    8.270628] initcall key_proc_init+0x0/0x63 returned 0 after 8 usecs
[    8.270628] calling  selinux_nf_ip_init+0x0/0x2e @ 1
[    8.270628] initcall selinux_nf_ip_init+0x0/0x2e returned 0 after 0 usecs
[    8.270628] calling  init_sel_fs+0x0/0x116 @ 1
[    8.270628] initcall init_sel_fs+0x0/0x116 returned 0 after 0 usecs
[    8.270628] calling  selnl_init+0x0/0x7c @ 1
[    8.270628] initcall selnl_init+0x0/0x7c returned 0 after 1555 usecs
[    8.270628] calling  sel_netif_init+0x0/0x36 @ 1
[    8.270628] initcall sel_netif_init+0x0/0x36 returned 0 after 1 usecs
[    8.270628] calling  sel_netnode_init+0x0/0x33 @ 1
[    8.270628] initcall sel_netnode_init+0x0/0x33 returned 0 after 1 usecs
[    8.270628] calling  sel_netport_init+0x0/0x33 @ 1
[    8.270628] initcall sel_netport_init+0x0/0x33 returned 0 after 1 usecs
[    8.270628] calling  aurule_init+0x0/0x2a @ 1
[    8.270628] initcall aurule_init+0x0/0x2a returned 0 after 2 usecs
[    8.270628] calling  crypto_algapi_init+0x0/0xc @ 1
[    8.270628] initcall crypto_algapi_init+0x0/0xc returned 0 after 8 usecs
[    8.270628] calling  jent_mod_init+0x0/0x2d @ 1
[    8.504733] initcall jent_mod_init+0x0/0x2d returned 0 after 12730 usecs
[    8.505344] calling  asymmetric_key_init+0x0/0xc @ 1
[    8.505344] Key type asymmetric registered
[    8.505344] initcall asymmetric_key_init+0x0/0xc returned 0 after 5039 usecs
[    8.505344] calling  x509_key_init+0x0/0xc @ 1
[    8.505344] Asymmetric key parser 'x509' registered
[    8.505344] initcall x509_key_init+0x0/0xc returned 0 after 6845 usecs
[    8.505344] calling  proc_genhd_init+0x0/0x41 @ 1
[    8.505344] initcall proc_genhd_init+0x0/0x41 returned 0 after 7 usecs
[    8.573608] calling  bsg_init+0x0/0x113 @ 1
[    8.580491] Block layer SCSI generic (bsg) driver version 0.4 loaded (major 251)
[    8.591299] initcall bsg_init+0x0/0x113 returned 0 after 11271 usecs
[    8.601192] calling  deadline_init+0x0/0xc @ 1
[    8.608036] io scheduler mq-deadline registered
[    8.614924] initcall deadline_init+0x0/0xc returned 0 after 6868 usecs
[    8.625002] calling  kyber_init+0x0/0xc @ 1
[    8.631594] io scheduler kyber registered
[    8.637897] initcall kyber_init+0x0/0xc returned 0 after 6217 usecs
[    8.647863] calling  mod_init+0x0/0x7 @ 1
[    8.653525] initcall mod_init+0x0/0x7 returned 0 after 0 usecs
[    8.661426] calling  percpu_counter_startup+0x0/0x55 @ 1
[    8.701103] initcall percpu_counter_startup+0x0/0x55 returned 0 after 31166 usecs
[    8.715025] calling  sg_pool_init+0x0/0xb4 @ 1
[    8.715682] initcall sg_pool_init+0x0/0xb4 returned 0 after 565 usecs
[    8.715682] calling  pcie_portdrv_init+0x0/0x39 @ 1
[    8.715682] initcall pcie_portdrv_init+0x0/0x39 returned 0 after 1563 usecs
[    8.715682] calling  pci_proc_init+0x0/0x68 @ 1
[    8.715682] initcall pci_proc_init+0x0/0x68 returned 0 after 108 usecs
[    8.715682] calling  pci_hotplug_init+0x0/0x7 @ 1
[    8.715682] initcall pci_hotplug_init+0x0/0x7 returned 0 after 0 usecs
[    8.715682] calling  efifb_driver_init+0x0/0xe @ 1
[    8.715682] initcall efifb_driver_init+0x0/0xe returned 0 after 139 usecs
[    8.715682] calling  ged_driver_init+0x0/0xe @ 1
[    8.715682] initcall ged_driver_init+0x0/0xe returned 0 after 270 usecs
[    8.715682] calling  acpi_ac_init+0x0/0x92 @ 1
[    8.715682] initcall acpi_ac_init+0x0/0x92 returned 0 after 940 usecs
[    8.715682] calling  acpi_button_driver_init+0x0/0x52 @ 1
[    8.861319] input: Power Button as /devices/LNXSYSTM:00/LNXPWRBN:00/input/input0
[    8.887655] ACPI: Power Button [PWRF]
[    8.895407] initcall acpi_button_driver_init+0x0/0x52 returned 0 after 25108 usecs
[    8.895407] calling  acpi_fan_driver_init+0x0/0xe @ 1
[    8.895407] initcall acpi_fan_driver_init+0x0/0xe returned 0 after 34 usecs
[    8.895407] calling  acpi_video_init+0x0/0xcb @ 1
[    8.895407] initcall acpi_video_init+0x0/0xcb returned 0 after 167 usecs
[    8.895407] calling  acpi_processor_driver_init+0x0/0xad @ 1
[    8.895407] initcall acpi_processor_driver_init+0x0/0xad returned 0 after 2380 usecs
[    8.895407] calling  acpi_thermal_init+0x0/0x71 @ 1
[    8.976948] initcall acpi_thermal_init+0x0/0x71 returned 0 after 1702 usecs
[    8.987492] calling  acpi_battery_init+0x0/0x32 @ 1
[    8.994623] initcall acpi_battery_init+0x0/0x32 returned 0 after 289 usecs
[    8.994623] calling  bgrt_init+0x0/0xb6 @ 1
[    8.994623] initcall bgrt_init+0x0/0xb6 returned -19 after 60 usecs
[    8.994623] calling  gpio_clk_driver_init+0x0/0xe @ 1
[    8.994623] initcall gpio_clk_driver_init+0x0/0xe returned 0 after 94 usecs
[    8.994623] calling  plt_clk_driver_init+0x0/0xe @ 1
[    8.994623] initcall plt_clk_driver_init+0x0/0xe returned 0 after 24 usecs
[    8.994623] calling  virtio_pci_driver_init+0x0/0x15 @ 1
[    8.994623] initcall virtio_pci_driver_init+0x0/0x15 returned 0 after 229 usecs
[    8.994623] calling  n_null_init+0x0/0x1e @ 1
[    8.994623] initcall n_null_init+0x0/0x1e returned 0 after 81 usecs
[    8.994623] calling  pty_init+0x0/0x1e8 @ 1
[    9.098949] initcall pty_init+0x0/0x1e8 returned 0 after 2904 usecs
[    9.108852] calling  sysrq_init+0x0/0x62 @ 1
[    9.109509] initcall sysrq_init+0x0/0x62 returned 0 after 9 usecs
[    9.109509] calling  serial8250_init+0x0/0x17e @ 1
[    9.109509] Serial: 8250/16550 driver, 4 ports, IRQ sharing enabled
[    9.109509] 00:03: ttyS0 at I/O 0x3f8 (irq = 4, base_baud = 115200) is a 16550A
[    9.160864] initcall serial8250_init+0x0/0x17e returned 0 after 28256 usecs
[    9.161392] calling  serial_pci_driver_init+0x0/0x15 @ 1
[    9.161392] initcall serial_pci_driver_init+0x0/0x15 returned 0 after 244 usecs
[    9.161392] calling  exar_pci_driver_init+0x0/0x15 @ 1
[    9.161392] initcall exar_pci_driver_init+0x0/0x15 returned 0 after 123 usecs
[    9.161392] calling  lpss8250_pci_driver_init+0x0/0x15 @ 1
[    9.161392] initcall lpss8250_pci_driver_init+0x0/0x15 returned 0 after 116 usecs
[    9.161392] calling  mid8250_pci_driver_init+0x0/0x15 @ 1
[    9.161392] initcall mid8250_pci_driver_init+0x0/0x15 returned 0 after 93 usecs
[    9.161392] calling  virtio_console_init+0x0/0xff @ 1
[    9.161392] initcall virtio_console_init+0x0/0xff returned 0 after 126 usecs
[    9.161392] calling  hpet_init+0x0/0x64 @ 1
[    9.306010] initcall hpet_init+0x0/0x64 returned 0 after 33265 usecs
[    9.306010] calling  nvram_module_init+0x0/0x83 @ 1
[    9.337994] Non-volatile memory driver v1.3
[    9.344469] initcall nvram_module_init+0x0/0x83 returned 0 after 8262 usecs
[    9.345119] calling  hwrng_modinit+0x0/0x8a @ 1
[    9.363734] initcall hwrng_modinit+0x0/0x8a returned 0 after 2549 usecs
[    9.364306] calling  mod_init+0x0/0x48 @ 1
[    9.364306] initcall mod_init+0x0/0x48 returned -19 after 1 usecs
[    9.364306] calling  agp_init+0x0/0x23 @ 1
[    9.364306] Linux agpgart interface v0.103
[    9.364306] initcall agp_init+0x0/0x23 returned 0 after 6909 usecs
[    9.364306] calling  agp_amd64_mod_init+0x0/0x5 @ 1
[    9.364306] initcall agp_amd64_mod_init+0x0/0x5 returned -19 after 2378 usecs
[    9.364306] calling  agp_intel_init+0x0/0x28 @ 1
[    9.364306] initcall agp_intel_init+0x0/0x28 returned 0 after 2175 usecs
[    9.364306] calling  drm_kms_helper_init+0x0/0x7 @ 1
[    9.364306] initcall drm_kms_helper_init+0x0/0x7 returned 0 after 26 usecs
[    9.364306] calling  drm_core_init+0x0/0xa4 @ 1
[    9.364306] initcall drm_core_init+0x0/0xa4 returned 0 after 2054 usecs
[    9.364306] calling  i915_init+0x0/0x6b @ 1
[    9.364306] initcall i915_init+0x0/0x6b returned 0 after 4927 usecs
[    9.364306] calling  cn_proc_init+0x0/0x35 @ 1
[    9.364306] initcall cn_proc_init+0x0/0x35 returned 0 after 3 usecs
[    9.364306] calling  topology_sysfs_init+0x0/0x27 @ 1
[    9.364306] initcall topology_sysfs_init+0x0/0x27 returned 0 after 1114 usecs
[    9.364306] calling  cacheinfo_sysfs_init+0x0/0x27 @ 1
[    9.586469] initcall cacheinfo_sysfs_init+0x0/0x27 returned 0 after 21921 usecs
[    9.597711] calling  loop_init+0x0/0x168 @ 1
[    9.670909] loop: module loaded
[    9.671218] initcall loop_init+0x0/0x168 returned 0 after 69928 usecs
[    9.671218] calling  mac_hid_init+0x0/0x21 @ 1
[    9.671218] initcall mac_hid_init+0x0/0x21 returned 0 after 59 usecs
[    9.671218] calling  spi_transport_init+0x0/0x74 @ 1
[    9.671218] initcall spi_transport_init+0x0/0x74 returned 0 after 700 usecs
[    9.671218] calling  init_sd+0x0/0x18c @ 1
[    9.671218] initcall init_sd+0x0/0x18c returned 0 after 266 usecs
[    9.671218] calling  init_sr+0x0/0x43 @ 1
[    9.671218] initcall init_sr+0x0/0x43 returned 0 after 125 usecs
[    9.671218] calling  init_sg+0x0/0x1c0 @ 1
[    9.671218] initcall init_sg+0x0/0x1c0 returned 0 after 288 usecs
[    9.671218] calling  ahci_pci_driver_init+0x0/0x15 @ 1
[    9.671218] ahci 0000:00:1f.2: version 3.0
[    9.671218] PCI Interrupt Link [GSIA] enabled at IRQ 16
[    9.671218] ahci 0000:00:1f.2: AHCI 0001.0000 32 slots 6 ports 1.5 Gbps 0x3f impl SATA mode
[    9.671218] ahci 0000:00:1f.2: flags: 64bit ncq only 
[    9.861994] scsi host0: ahci
[    9.873128] scsi host1: ahci
[    9.884378] scsi host2: ahci
[    9.894395] scsi host3: ahci
[    9.902004] scsi host4: ahci
[    9.911908] scsi host5: ahci
[    9.912442] ata1: SATA max UDMA/133 abar m4096@0xfebf1000 port 0xfebf1100 irq 24
[    9.912442] ata2: SATA max UDMA/133 abar m4096@0xfebf1000 port 0xfebf1180 irq 24
[    9.912442] ata3: SATA max UDMA/133 abar m4096@0xfebf1000 port 0xfebf1200 irq 24
[    9.912442] ata4: SATA max UDMA/133 abar m4096@0xfebf1000 port 0xfebf1280 irq 24
[    9.912442] ata5: SATA max UDMA/133 abar m4096@0xfebf1000 port 0xfebf1300 irq 24
[    9.912442] ata6: SATA max UDMA/133 abar m4096@0xfebf1000 port 0xfebf1380 irq 24
[    9.975884] initcall ahci_pci_driver_init+0x0/0x15 returned 0 after 202459 usecs
[    9.975884] calling  piix_init+0x0/0x26 @ 1
[    9.975884] initcall piix_init+0x0/0x26 returned 0 after 430 usecs
[    9.975884] calling  amd_pci_driver_init+0x0/0x15 @ 1
[    9.975884] initcall amd_pci_driver_init+0x0/0x15 returned 0 after 40 usecs
[    9.975884] calling  oldpiix_pci_driver_init+0x0/0x15 @ 1
[    9.975884] initcall oldpiix_pci_driver_init+0x0/0x15 returned 0 after 281 usecs
[    9.975884] calling  sch_pci_driver_init+0x0/0x15 @ 1
[    9.975884] initcall sch_pci_driver_init+0x0/0x15 returned 0 after 40 usecs
[    9.975884] calling  net_olddevs_init+0x0/0x55 @ 1
[    9.975884] initcall net_olddevs_init+0x0/0x55 returned 0 after 395 usecs
[    9.975884] calling  blackhole_netdev_init+0x0/0x78 @ 1
[    9.975884] initcall blackhole_netdev_init+0x0/0x78 returned 0 after 1155 usecs
[    9.975884] calling  phy_module_init+0x0/0x13 @ 1
[    9.975884] initcall phy_module_init+0x0/0x13 returned 0 after 1139 usecs
[    9.975884] calling  tg3_driver_init+0x0/0x15 @ 1
[    9.975884] initcall tg3_driver_init+0x0/0x15 returned 0 after 217 usecs
[    9.975884] calling  e100_init_module+0x0/0x4c @ 1
[    9.975884] e100: Intel(R) PRO/100 Network Driver
[    9.975884] e100: Copyright(c) 1999-2006 Intel Corporation
[   10.150564] initcall e100_init_module+0x0/0x4c returned 0 after 15139 usecs
[   10.160553] calling  e1000_init_module+0x0/0x72 @ 1
[   10.168122] e1000: Intel(R) PRO/1000 Network Driver
[   10.175321] e1000: Copyright (c) 1999-2006 Intel Corporation.
[   10.183829] initcall e1000_init_module+0x0/0x72 returned 0 after 15331 usecs
[   10.194088] calling  e1000_init_module+0x0/0x2d @ 1
[   10.201393] e1000e: Intel(R) PRO/1000 Network Driver
[   10.208694] e1000e: Copyright(c) 1999 - 2015 Intel Corporation.
[   10.218096] initcall e1000_init_module+0x0/0x2d returned 0 after 16320 usecs
[   10.229015] calling  sky2_init_module+0x0/0x21 @ 1
[   10.235668] sky2: driver version 1.30
[   10.242492] initcall sky2_init_module+0x0/0x21 returned 0 after 6656 usecs
[   10.254040] calling  forcedeth_pci_driver_init+0x0/0x15 @ 1
[   10.263575] initcall forcedeth_pci_driver_init+0x0/0x15 returned 0 after 43 usecs
[   10.275350] calling  rtl8139_init_module+0x0/0x15 @ 1
[   10.282930] initcall rtl8139_init_module+0x0/0x15 returned 0 after 147 usecs
[   10.293538] calling  rtl8169_pci_driver_init+0x0/0x15 @ 1
[   10.301021] initcall rtl8169_pci_driver_init+0x0/0x15 returned 0 after 121 usecs
[   10.311602] calling  cdrom_init+0x0/0xc @ 1
[   10.317993] initcall cdrom_init+0x0/0xc returned 0 after 114 usecs
[   10.320083] ata1: SATA link down (SStatus 0 SControl 300)
[   10.326741] calling  nonstatic_sysfs_init+0x0/0xc @ 1
[   10.326797] initcall nonstatic_sysfs_init+0x0/0xc returned 0 after 52 usecs
[   10.343910] ata4: SATA link down (SStatus 0 SControl 300)
[   10.351472] calling  yenta_cardbus_driver_init+0x0/0x15 @ 1
[   10.352147] initcall yenta_cardbus_driver_init+0x0/0x15 returned 0 after 654 usecs
[   10.361497] ata3: SATA link up 1.5 Gbps (SStatus 113 SControl 300)
[   10.367589] calling  mon_init+0x0/0x12d @ 1
[   10.394527] ata5: SATA link down (SStatus 0 SControl 300)
[   10.406807] ata6: SATA link down (SStatus 0 SControl 300)
[   10.424606] ata2: SATA link down (SStatus 0 SControl 300)
[   10.436068] ata3.00: ATAPI: QEMU DVD-ROM, 2.5+, max UDMA/100
[   10.437978] initcall mon_init+0x0/0x12d returned 0 after 68729 usecs
[   10.444402] ata3.00: applying bridge limits
[   10.438586] calling  ehci_hcd_init+0x0/0x56 @ 1
[   10.438586] ehci_hcd: USB 2.0 'Enhanced' Host Controller (EHCI) Driver
[   10.438586] initcall ehci_hcd_init+0x0/0x56 returned 0 after 139 usecs
[   10.438586] calling  ehci_pci_init+0x0/0x64 @ 1
[   10.438586] ehci-pci: EHCI PCI platform driver
[   10.438586] initcall ehci_pci_init+0x0/0x64 returned 0 after 6200 usecs
[   10.438586] calling  ohci_hcd_mod_init+0x0/0x4e @ 1
[   10.511108] ata3.00: configured for UDMA/100
[   10.438586] ohci_hcd: USB 1.1 'Open' Host Controller (OHCI) Driver
[   10.438586] initcall ohci_hcd_mod_init+0x0/0x4e returned 0 after 66 usecs
[   10.438586] calling  ohci_pci_init+0x0/0x64 @ 1
[   10.438586] ohci-pci: OHCI PCI platform driver
[   10.438586] initcall ohci_pci_init+0x0/0x64 returned 0 after 211 usecs
[   10.438586] calling  uhci_hcd_init+0x0/0xa8 @ 1
[   10.438586] uhci_hcd: USB Universal Host Controller Interface driver
[   10.438586] initcall uhci_hcd_init+0x0/0xa8 returned 0 after 9034 usecs
[   10.584046] scsi 2:0:0:0: CD-ROM            QEMU     QEMU DVD-ROM     2.5+ PQ: 0 ANSI: 5
[   10.438586] calling  xhci_hcd_init+0x0/0x1e @ 1
[   10.438586] initcall xhci_hcd_init+0x0/0x1e returned 0 after 86 usecs
[   10.438586] calling  xhci_pci_init+0x0/0x49 @ 1
[   10.438586] initcall xhci_pci_init+0x0/0x49 returned 0 after 237 usecs
[   10.438586] calling  usblp_driver_init+0x0/0x15 @ 1
[   10.438586] usbcore: registered new interface driver usblp
[   10.438586] initcall usblp_driver_init+0x0/0x15 returned 0 after 8239 usecs
[   10.438586] calling  usb_storage_driver_init+0x0/0x2a @ 1
[   10.438586] usbcore: registered new interface driver usb-storage
[   10.438586] initcall usb_storage_driver_init+0x0/0x2a returned 0 after 8822 usecs
[   10.438586] calling  i8042_init+0x0/0x4c2 @ 1
[   10.438586] i8042: PNP: PS/2 Controller [PNP0303:KBD,PNP0f13:MOU] at 0x60,0x64 irq 1,12
[   10.714403] serio: i8042 KBD port at 0x60,0x64 irq 1
[   10.730633] serio: i8042 AUX port at 0x60,0x64 irq 12
[   10.739145] initcall i8042_init+0x0/0x4c2 returned 0 after 46653 usecs
[   10.750026] calling  serport_init+0x0/0x2c @ 1
[   10.757712] initcall serport_init+0x0/0x2c returned 0 after 128 usecs
[   10.768230] calling  input_leds_init+0x0/0xc @ 1
[   10.775909] initcall input_leds_init+0x0/0xc returned 0 after 345 usecs
[   10.786803] calling  evdev_init+0x0/0xc @ 1
[   10.912674] initcall evdev_init+0x0/0xc returned 0 after 116035 usecs
[   10.922690] calling  atkbd_init+0x0/0x21 @ 1
[   10.930727] initcall atkbd_init+0x0/0x21 returned 0 after 758 usecs
[   10.933032] sr 2:0:0:0: [sr0] scsi3-mmc drive: 4x/4x cd/rw xa/form2 tray
[   10.940482] calling  psmouse_init+0x0/0x7f @ 1
[   10.951425] cdrom: Uniform CD-ROM driver Revision: 3.20
[   10.958720] initcall psmouse_init+0x0/0x7f returned 0 after 367 usecs
[   10.974632] calling  cmos_init+0x0/0x73 @ 1
[   10.982982] rtc_cmos 00:04: RTC can wake from S4
[   11.014137] rtc_cmos 00:04: registered as rtc0
[   11.022292] rtc_cmos 00:04: alarms up to one day, y3k, 242 bytes nvram, hpet irqs
[   11.033681] initcall cmos_init+0x0/0x73 returned 0 after 52394 usecs
[   11.036978] input: AT Translated Set 2 keyboard as /devices/platform/i8042/serio0/input/input1
[   11.033681] calling  smbalert_driver_init+0x0/0xe @ 1
[   11.033681] initcall smbalert_driver_init+0x0/0xe returned 0 after 269 usecs
[   11.033681] calling  i2c_i801_init+0x0/0xc5 @ 1
[   11.033681] i801_smbus 0000:00:1f.3: SMBus using PCI interrupt
[   11.100497] i2c i2c-0: 1/1 memory slots populated (from DMI)
[   11.100497] i2c i2c-0: Memory type 0x07 not supported yet, not instantiating SPD
[   11.127825] initcall i2c_i801_init+0x0/0xc5 returned 0 after 42584 usecs
[   11.139445] calling  ptp_kvm_init+0x0/0xf0 @ 1
[   11.240626] initcall ptp_kvm_init+0x0/0xf0 returned 0 after 92088 usecs
[   11.250964] calling  dm_init+0x0/0x3c @ 1
[   11.260203] sr 2:0:0:0: Attached scsi CD-ROM sr0
[   11.261266] device-mapper: ioctl: 4.43.0-ioctl (2020-10-01) initialised: dm-devel@redhat.com
[   11.267313] sr 2:0:0:0: Attached scsi generic sg0 type 5
[   11.279392] initcall dm_init+0x0/0x3c returned 0 after 21857 usecs
[   11.279398] calling  dm_mirror_init+0x0/0x29 @ 1
[   11.303093] initcall dm_mirror_init+0x0/0x29 returned 0 after 24 usecs
[   11.312463] calling  dm_dirty_log_init+0x0/0x4f @ 1
[   11.319451] initcall dm_dirty_log_init+0x0/0x4f returned 0 after 129 usecs
[   11.329337] calling  dm_zero_init+0x0/0x29 @ 1
[   11.335889] initcall dm_zero_init+0x0/0x29 returned 0 after 1 usecs
[   11.346581] calling  intel_pstate_init+0x0/0x50d @ 1
[   11.353834] intel_pstate: CPU model not supported
[   11.360840] initcall intel_pstate_init+0x0/0x50d returned -19 after 6854 usecs
[   11.372027] calling  haltpoll_init+0x0/0xc0 @ 1
[   11.378663] initcall haltpoll_init+0x0/0xc0 returned -19 after 72 usecs
[   11.388325] calling  efivars_sysfs_init+0x0/0x30 @ 1
[   11.395636] initcall efivars_sysfs_init+0x0/0x30 returned 0 after 45 usecs
[   11.406500] calling  esrt_sysfs_init+0x0/0x2a2 @ 1
[   11.413402] initcall esrt_sysfs_init+0x0/0x2a2 returned -38 after 75 usecs
[   11.423047] calling  hid_init+0x0/0x5c @ 1
[   11.429285] hid: raw HID events driver (C) Jiri Kosina
[   11.436463] initcall hid_init+0x0/0x5c returned 0 after 7199 usecs
[   11.445281] calling  hid_generic_init+0x0/0x15 @ 1
[   11.452635] initcall hid_generic_init+0x0/0x15 returned 0 after 275 usecs
[   11.464400] calling  a4_driver_init+0x0/0x15 @ 1
[   11.470353] initcall a4_driver_init+0x0/0x15 returned 0 after 28 usecs
[   11.479628] calling  apple_driver_init+0x0/0x15 @ 1
[   11.487016] initcall apple_driver_init+0x0/0x15 returned 0 after 52 usecs
[   11.497217] calling  belkin_driver_init+0x0/0x15 @ 1
[   11.504593] initcall belkin_driver_init+0x0/0x15 returned 0 after 21 usecs
[   11.514770] calling  ch_driver_init+0x0/0x15 @ 1
[   11.521714] initcall ch_driver_init+0x0/0x15 returned 0 after 23 usecs
[   11.531369] calling  ch_driver_init+0x0/0x15 @ 1
[   11.538100] initcall ch_driver_init+0x0/0x15 returned 0 after 15 usecs
[   11.547630] calling  cp_driver_init+0x0/0x15 @ 1
[   11.554726] initcall cp_driver_init+0x0/0x15 returned 0 after 37 usecs
[   11.563336] calling  ez_driver_init+0x0/0x15 @ 1
[   11.574324] initcall ez_driver_init+0x0/0x15 returned 0 after 21 usecs
[   11.592188] calling  gyration_driver_init+0x0/0x15 @ 1
[   11.599828] initcall gyration_driver_init+0x0/0x15 returned 0 after 29 usecs
[   11.608911] calling  ite_driver_init+0x0/0x15 @ 1
[   11.614889] initcall ite_driver_init+0x0/0x15 returned 0 after 24 usecs
[   11.623256] calling  ks_driver_init+0x0/0x15 @ 1
[   11.644177] initcall ks_driver_init+0x0/0x15 returned 0 after 4335 usecs
[   11.655029] calling  lg_driver_init+0x0/0x15 @ 1
[   11.663098] initcall lg_driver_init+0x0/0x15 returned 0 after 319 usecs
[   11.674479] calling  lg_g15_driver_init+0x0/0x15 @ 1
[   11.682608] initcall lg_g15_driver_init+0x0/0x15 returned 0 after 48 usecs
[   11.693479] calling  ms_driver_init+0x0/0x15 @ 1
[   11.700527] initcall ms_driver_init+0x0/0x15 returned 0 after 26 usecs
[   11.710355] calling  mr_driver_init+0x0/0x15 @ 1
[   11.717860] initcall mr_driver_init+0x0/0x15 returned 0 after 57 usecs
[   11.728266] calling  ntrig_driver_init+0x0/0x15 @ 1
[   11.735836] initcall ntrig_driver_init+0x0/0x15 returned 0 after 72 usecs
[   11.746245] calling  pl_driver_init+0x0/0x15 @ 1
[   11.752790] initcall pl_driver_init+0x0/0x15 returned 0 after 26 usecs
[   11.761880] calling  pl_driver_init+0x0/0x15 @ 1
[   11.768645] initcall pl_driver_init+0x0/0x15 returned 0 after 23 usecs
[   11.778063] calling  redragon_driver_init+0x0/0x15 @ 1
[   11.785395] initcall redragon_driver_init+0x0/0x15 returned 0 after 21 usecs
[   11.802799] calling  samsung_driver_init+0x0/0x15 @ 1
[   11.822687] initcall samsung_driver_init+0x0/0x15 returned 0 after 31 usecs
[   11.833855] calling  sony_init+0x0/0x38 @ 1
[   11.844431] initcall sony_init+0x0/0x38 returned 0 after 42 usecs
[   11.857854] calling  sp_driver_init+0x0/0x15 @ 1
[   11.864478] input: ImExPS/2 Generic Explorer Mouse as /devices/platform/i8042/serio1/input/input3
[   11.865059] initcall sp_driver_init+0x0/0x15 returned 0 after 51 usecs
[   11.888194] calling  ts_driver_init+0x0/0x15 @ 1
[   11.895225] initcall ts_driver_init+0x0/0x15 returned 0 after 23 usecs
[   11.904889] calling  hid_init+0x0/0x58 @ 1
[   11.911476] usbcore: registered new interface driver usbhid
[   11.919608] usbhid: USB HID core driver
[   11.925689] initcall hid_init+0x0/0x58 returned 0 after 14172 usecs
[   11.938317] calling  eeepc_laptop_init+0x0/0x57 @ 1
[   11.946987] initcall eeepc_laptop_init+0x0/0x57 returned -19 after 1206 usecs
[   11.958511] calling  pmc_atom_init+0x0/0x27a @ 1
[   11.969996] initcall pmc_atom_init+0x0/0x27a returned -19 after 117 usecs
[   11.980277] calling  alsa_hwdep_init+0x0/0x5e @ 1
[   11.987448] initcall alsa_hwdep_init+0x0/0x5e returned 0 after 183 usecs
[   11.997674] calling  alsa_timer_init+0x0/0x1f0 @ 1
[   12.005898] initcall alsa_timer_init+0x0/0x1f0 returned 0 after 957 usecs
[   12.014781] calling  snd_hrtimer_init+0x0/0x117 @ 1
[   12.022389] initcall snd_hrtimer_init+0x0/0x117 returned 0 after 50 usecs
[   12.032597] calling  alsa_pcm_init+0x0/0x64 @ 1
[   12.039685] initcall alsa_pcm_init+0x0/0x64 returned 0 after 118 usecs
[   12.048945] calling  alsa_seq_init+0x0/0x4a @ 1
[   12.055939] initcall alsa_seq_init+0x0/0x4a returned 0 after 1607 usecs
[   12.064520] calling  alsa_seq_dummy_init+0x0/0x9c @ 1
[   12.071640] initcall alsa_seq_dummy_init+0x0/0x9c returned 0 after 103 usecs
[   12.082052] calling  azx_driver_init+0x0/0x15 @ 1
[   12.089355] initcall azx_driver_init+0x0/0x15 returned 0 after 520 usecs
[   12.099081] calling  sock_diag_init+0x0/0x2a @ 1
[   12.107083] initcall sock_diag_init+0x0/0x2a returned 0 after 1503 usecs
[   12.116522] calling  blackhole_init+0x0/0xc @ 1
[   12.123574] initcall blackhole_init+0x0/0xc returned 0 after 88 usecs
[   12.136045] calling  nfnetlink_init+0x0/0x57 @ 1
[   12.142753] initcall nfnetlink_init+0x0/0x57 returned 0 after 157 usecs
[   12.152272] calling  nfnetlink_log_init+0x0/0x99 @ 1
[   12.159035] initcall nfnetlink_log_init+0x0/0x99 returned 0 after 68 usecs
[   12.167995] calling  nf_conntrack_standalone_init+0x0/0x87 @ 1
[   12.177930] initcall nf_conntrack_standalone_init+0x0/0x87 returned 0 after 2040 usecs
[   12.188834] calling  ctnetlink_init+0x0/0x83 @ 1
[   12.195083] initcall ctnetlink_init+0x0/0x83 returned 0 after 19 usecs
[   12.204259] calling  nf_conntrack_ftp_init+0x0/0x12c @ 1
[   12.211395] initcall nf_conntrack_ftp_init+0x0/0x12c returned 0 after 27 usecs
[   12.221462] calling  nf_conntrack_irc_init+0x0/0x129 @ 1
[   12.229024] initcall nf_conntrack_irc_init+0x0/0x129 returned 0 after 29 usecs
[   12.239107] calling  nf_conntrack_sip_init+0x0/0x172 @ 1
[   12.246019] initcall nf_conntrack_sip_init+0x0/0x172 returned 0 after 7 usecs
[   12.255814] calling  nf_nat_init+0x0/0xd2 @ 1
[   12.264174] initcall nf_nat_init+0x0/0xd2 returned 0 after 480 usecs
[   12.273053] calling  nf_nat_ftp_init+0x0/0x2a @ 1
[   12.278890] initcall nf_nat_ftp_init+0x0/0x2a returned 0 after 1 usecs
[   12.287226] calling  nf_nat_irc_init+0x0/0x2a @ 1
