c[?7l[2J[0mSeaBIOS (version 1.16.0-debian-1.16.0-4)
Booting from ROM...
early console in setup code
c[?7l[2J[    0.000000] Linux version 5.10.156+ (root@joelboxx.c.googlers.com) (gcc (Debian 12.2.0-3) 12.2.0, GNU ld (GNU Binutils for Debian) 2.39) #15 Tue Dec 13 04:39:52 UTC 2022
[    0.000000] Command line: selinux=0 initcall_debug debug console=ttyS0 rcutorture.torture_type=srcud rcupdate.rcu_self_test=1 rcutorture.n_barrier_cbs=4 rcutorture.stat_interval=15 rcutorture.shutdown_secs=1800 rcutorture.test_no_idle_hz=1 rcutorture.verbose=1
[    0.000000] x86/fpu: x87 FPU will use FXSAVE
[    0.000000] BIOS-provided physical RAM map:
[    0.000000] BIOS-e820: [mem 0x0000000000000000-0x000000000009fbff] usable
[    0.000000] BIOS-e820: [mem 0x000000000009fc00-0x000000000009ffff] reserved
[    0.000000] BIOS-e820: [mem 0x00000000000f0000-0x00000000000fffff] reserved
[    0.000000] BIOS-e820: [mem 0x0000000000100000-0x000000001ffdefff] usable
[    0.000000] BIOS-e820: [mem 0x000000001ffdf000-0x000000001fffffff] reserved
[    0.000000] BIOS-e820: [mem 0x00000000b0000000-0x00000000bfffffff] reserved
[    0.000000] BIOS-e820: [mem 0x00000000fed1c000-0x00000000fed1ffff] reserved
[    0.000000] BIOS-e820: [mem 0x00000000feffc000-0x00000000feffffff] reserved
[    0.000000] BIOS-e820: [mem 0x00000000fffc0000-0x00000000ffffffff] reserved
[    0.000000] NX (Execute Disable) protection: active
[    0.000000] SMBIOS 2.8 present.
[    0.000000] DMI: QEMU Standard PC (Q35 + ICH9, 2009), BIOS 1.16.0-debian-1.16.0-4 04/01/2014
[    0.000000] Hypervisor detected: KVM
[    0.000000] kvm-clock: Using msrs 4b564d01 and 4b564d00
[    0.000000] kvm-clock: cpu 0, msr 5eb7001, primary cpu clock
[    0.000083] kvm-clock: using sched offset of 2711060049 cycles
[    0.000384] clocksource: kvm-clock: mask: 0xffffffffffffffff max_cycles: 0x1cd42e4dffb, max_idle_ns: 881590591483 ns
[    0.000541] tsc: Detected 1999.999 MHz processor
[    0.008649] e820: update [mem 0x00000000-0x00000fff] usable ==> reserved
[    0.008658] e820: remove [mem 0x000a0000-0x000fffff] usable
[    0.008667] last_pfn = 0x1ffdf max_arch_pfn = 0x400000000
[    0.009550] MTRR default type: write-back
[    0.009635] MTRR fixed ranges enabled:
[    0.009638]   00000-9FFFF write-back
[    0.009640]   A0000-BFFFF uncachable
[    0.009642]   C0000-FFFFF write-protect
[    0.009644] MTRR variable ranges enabled:
[    0.009647]   0 base 00C0000000 mask FFC0000000 uncachable
[    0.009649]   1 disabled
[    0.009651]   2 disabled
[    0.009653]   3 disabled
[    0.009655]   4 disabled
[    0.009656]   5 disabled
[    0.009713]   6 disabled
[    0.009719]   7 disabled
[    0.010099] x86/PAT: Configuration [0-7]: WB  WC  UC- UC  WB  WC  UC- UC  
[    0.019507] found SMP MP-table at [mem 0x000f5ba0-0x000f5baf]
[    0.022172] check: Scanning 1 areas for low memory corruption
[    0.041552] ACPI: Early table checksum verification disabled
[    0.043522] ACPI: RSDP 0x00000000000F59E0 000014 (v00 BOCHS )
[    0.043941] ACPI: RSDT 0x000000001FFE229A 000038 (v01 BOCHS  BXPC     00000001 BXPC 00000001)
[    0.044219] ACPI: FACP 0x000000001FFE2092 0000F4 (v03 BOCHS  BXPC     00000001 BXPC 00000001)
[    0.044333] ACPI: DSDT 0x000000001FFE0040 002052 (v01 BOCHS  BXPC     00000001 BXPC 00000001)
[    0.044340] ACPI: FACS 0x000000001FFE0000 000040
[    0.044346] ACPI: APIC 0x000000001FFE2186 000078 (v01 BOCHS  BXPC     00000001 BXPC 00000001)
[    0.044352] ACPI: HPET 0x000000001FFE21FE 000038 (v01 BOCHS  BXPC     00000001 BXPC 00000001)
[    0.044359] ACPI: MCFG 0x000000001FFE2236 00003C (v01 BOCHS  BXPC     00000001 BXPC 00000001)
[    0.044366] ACPI: WAET 0x000000001FFE2272 000028 (v01 BOCHS  BXPC     00000001 BXPC 00000001)
[    0.044372] ACPI: Reserving FACP table memory at [mem 0x1ffe2092-0x1ffe2185]
[    0.044375] ACPI: Reserving DSDT table memory at [mem 0x1ffe0040-0x1ffe2091]
[    0.044377] ACPI: Reserving FACS table memory at [mem 0x1ffe0000-0x1ffe003f]
[    0.044428] ACPI: Reserving APIC table memory at [mem 0x1ffe2186-0x1ffe21fd]
[    0.044479] ACPI: Reserving HPET table memory at [mem 0x1ffe21fe-0x1ffe2235]
[    0.044481] ACPI: Reserving MCFG table memory at [mem 0x1ffe2236-0x1ffe2271]
[    0.044484] ACPI: Reserving WAET table memory at [mem 0x1ffe2272-0x1ffe2299]
[    0.046103] ACPI: Local APIC address 0xfee00000
[    0.048207] Zone ranges:
[    0.048342]   DMA      [mem 0x0000000000001000-0x0000000000ffffff]
[    0.048422]   DMA32    [mem 0x0000000001000000-0x000000001ffdefff]
[    0.048427]   Normal   empty
[    0.048430] Movable zone start for each node
[    0.048432] Early memory node ranges
[    0.048434]   node   0: [mem 0x0000000000001000-0x000000000009efff]
[    0.048485]   node   0: [mem 0x0000000000100000-0x000000001ffdefff]
[    0.048624] Initmem setup node 0 [mem 0x0000000000001000-0x000000001ffdefff]
[    0.048657] On node 0 totalpages: 130941
[    0.048897]   DMA zone: 64 pages used for memmap
[    0.048899]   DMA zone: 21 pages reserved
[    0.048947]   DMA zone: 3998 pages, LIFO batch:0
[    0.048950]   DMA32 zone: 1984 pages used for memmap
[    0.048952]   DMA32 zone: 126943 pages, LIFO batch:31
[    0.056772] On node 0, zone DMA: 1 pages in unavailable ranges
[    0.060454] On node 0, zone DMA: 97 pages in unavailable ranges
[    0.157001] On node 0, zone DMA32: 33 pages in unavailable ranges
[    0.160740] ACPI: PM-Timer IO Port: 0x608
[    0.160747] ACPI: Local APIC address 0xfee00000
[    0.161064] ACPI: LAPIC_NMI (acpi_id[0xff] dfl dfl lint[0x1])
[    0.162178] IOAPIC[0]: apic_id 0, version 17, address 0xfec00000, GSI 0-23
[    0.162226] ACPI: INT_SRC_OVR (bus 0 bus_irq 0 global_irq 2 dfl dfl)
[    0.162301] ACPI: INT_SRC_OVR (bus 0 bus_irq 5 global_irq 5 high level)
[    0.162304] ACPI: INT_SRC_OVR (bus 0 bus_irq 9 global_irq 9 high level)
[    0.162431] ACPI: INT_SRC_OVR (bus 0 bus_irq 10 global_irq 10 high level)
[    0.162433] ACPI: INT_SRC_OVR (bus 0 bus_irq 11 global_irq 11 high level)
[    0.162437] ACPI: IRQ0 used by override.
[    0.162439] ACPI: IRQ5 used by override.
[    0.162441] ACPI: IRQ9 used by override.
[    0.162444] ACPI: IRQ10 used by override.
[    0.162445] ACPI: IRQ11 used by override.
[    0.162450] Using ACPI (MADT) for SMP configuration information
[    0.162484] ACPI: HPET id: 0x8086a201 base: 0xfed00000
[    0.163732] kvm-guest: stealtime: cpu 0, msr 565b4c0
[    0.165086] PM: hibernation: Registered nosave memory: [mem 0x00000000-0x00000fff]
[    0.165093] PM: hibernation: Registered nosave memory: [mem 0x0009f000-0x0009ffff]
[    0.165096] PM: hibernation: Registered nosave memory: [mem 0x000a0000-0x000effff]
[    0.165099] PM: hibernation: Registered nosave memory: [mem 0x000f0000-0x000fffff]
[    0.165107] [mem 0x20000000-0xafffffff] available for PCI devices
[    0.165176] Booting paravirtualized kernel on KVM
[    0.165880] clocksource: refined-jiffies: mask: 0xffffffff max_cycles: 0xffffffff, max_idle_ns: 1910969940391419 ns
[    0.206422] pcpu-alloc: s0 r0 d32768 u32768 alloc=1*32768
[    0.206539] pcpu-alloc: [0] 0 
[    0.208277] Built 1 zonelists, mobility grouping on.  Total pages: 128872
[    0.208451] Kernel command line: selinux=0 initcall_debug debug console=ttyS0 rcutorture.torture_type=srcud rcupdate.rcu_self_test=1 rcutorture.n_barrier_cbs=4 rcutorture.stat_interval=15 rcutorture.shutdown_secs=1800 rcutorture.test_no_idle_hz=1 rcutorture.verbose=1
[    0.222286] Dentry cache hash table entries: 65536 (order: 7, 524288 bytes, linear)
[    0.225016] Inode-cache hash table entries: 32768 (order: 6, 262144 bytes, linear)
[    0.225810] mem auto-init: stack:all(zero), heap alloc:off, heap free:off
[    0.242718] Memory: 469272K/523764K available (16397K kernel code, 2822K rwdata, 4748K rodata, 1252K init, 11672K bss, 54232K reserved, 0K cma-reserved)
[    0.243638] SLUB: HWalign=64, Order=0-3, MinObjects=0, CPUs=1, Nodes=1
[    0.245874] Kernel/User page tables isolation: enabled
[    0.258916] Running RCU self tests
[    0.277641] NR_IRQS: 4352, nr_irqs: 256, preallocated irqs: 16
[    0.285678] calling  con_init+0x0/0x24f @ 0
[    0.435322] Console: colour VGA+ 80x25
[    0.435371] initcall con_init+0x0/0x24f returned 0 after 0 usecs
[    0.435376] calling  hvc_console_init+0x0/0x13 @ 0
[    0.435401] initcall hvc_console_init+0x0/0x13 returned 0 after 0 usecs
[    0.435404] calling  univ8250_console_init+0x0/0x26 @ 0
[    1.251208] printk: console [ttyS0] enabled
[    1.255915] initcall univ8250_console_init+0x0/0x26 returned 0 after 0 usecs
[    1.263625] Lock dependency validator: Copyright (c) 2006 Red Hat, Inc., Ingo Molnar
[    1.272032] ... MAX_LOCKDEP_SUBCLASSES:  8
[    1.276690] ... MAX_LOCK_DEPTH:          48
[    1.281299] ... MAX_LOCKDEP_KEYS:        8192
[    1.286028] ... CLASSHASH_SIZE:          4096
[    1.290686] ... MAX_LOCKDEP_ENTRIES:     32768
[    1.295582] ... MAX_LOCKDEP_CHAINS:      65536
[    1.300418] ... CHAINHASH_SIZE:          32768
[    1.305298]  memory used by lock dependency info: 6365 kB
[    1.311184]  memory used for stack traces: 4224 kB
[    1.316418]  per task-struct memory footprint: 1920 bytes
[    1.322383] ACPI: Core revision 20200925
[    1.328304] clocksource: hpet: mask: 0xffffffff max_cycles: 0xffffffff, max_idle_ns: 19112604467 ns
[    1.340134] APIC: Switch to symmetric I/O mode setup
[    1.364410] ..TIMER: vector=0x30 apic1=0 pin1=2 apic2=-1 pin2=-1
[    1.371333] clocksource: tsc-early: mask: 0xffffffffffffffff max_cycles: 0x39a85afc727, max_idle_ns: 881590685098 ns
[    1.382950] Calibrating delay loop (skipped) preset value.. 3999.99 BogoMIPS (lpj=1999999)
[    1.383925] pid_max: default: 32768 minimum: 301
[    1.385053] LSM: Security Framework initializing
[    1.386977] Mount-cache hash table entries: 1024 (order: 1, 8192 bytes, linear)
[    1.387951] Mountpoint-cache hash table entries: 1024 (order: 1, 8192 bytes, linear)
[    1.396420] Last level iTLB entries: 4KB 0, 2MB 0, 4MB 0
[    1.396924] Last level dTLB entries: 4KB 0, 2MB 0, 4MB 0, 1GB 0
[    1.397928] CPU: Intel Common KVM processor (family: 0xf, model: 0x6, stepping: 0x1)
[    1.398937] Spectre V1 : Mitigation: usercopy/swapgs barriers and __user pointer sanitization
[    1.399926] Spectre V2 : Mitigation: Retpolines
[    1.400923] Spectre V2 : Spectre v2 / SpectreRSB mitigation: Filling RSB on context switch
[    1.401937] Spectre V2 : Spectre v2 / SpectreRSB : Filling RSB on VMEXIT
[    1.402923] Speculative Store Bypass: Vulnerable
[    1.404940] MDS: Vulnerable: Clear CPU buffers attempted, no microcode
[    1.405923] MMIO Stale Data: Unknown: No mitigations
[    1.464956] RCU test callback executed 1
[    1.467209] RCU test callback executed 2
[    1.468463] calling  init_hw_perf_events+0x0/0x6ce @ 1
[    1.468926] Performance Events: unsupported Netburst CPU model 6 no PMU driver, software events only.
[    1.469936] initcall init_hw_perf_events+0x0/0x6ce returned 0 after 976 usecs
[    1.470930] calling  init_real_mode+0x0/0x1e9 @ 1
[    1.472970] initcall init_real_mode+0x0/0x1e9 returned 0 after 976 usecs
[    1.473929] calling  trace_init_perf_perm_irq_work_exit+0x0/0x12 @ 1
[    1.474928] initcall trace_init_perf_perm_irq_work_exit+0x0/0x12 returned 0 after 0 usecs
[    1.475991] calling  validate_x2apic+0x0/0x4a @ 1
[    1.476963] initcall validate_x2apic+0x0/0x4a returned 0 after 0 usecs
[    1.477928] calling  register_nmi_cpu_backtrace_handler+0x0/0x15 @ 1
[    1.478944] initcall register_nmi_cpu_backtrace_handler+0x0/0x15 returned 0 after 0 usecs
[    1.479927] calling  kvm_setup_vsyscall_timeinfo+0x0/0x34 @ 1
[    1.480929] initcall kvm_setup_vsyscall_timeinfo+0x0/0x34 returned 0 after 0 usecs
[    1.481935] calling  spawn_ksoftirqd+0x0/0x34 @ 1
[    1.484172] initcall spawn_ksoftirqd+0x0/0x34 returned 0 after 976 usecs
[    1.484946] calling  trace_init_flags_sys_enter+0x0/0xe @ 1
[    1.485932] initcall trace_init_flags_sys_enter+0x0/0xe returned 0 after 0 usecs
[    1.486930] calling  trace_init_flags_sys_exit+0x0/0xe @ 1
[    1.487929] initcall trace_init_flags_sys_exit+0x0/0xe returned 0 after 0 usecs
[    1.488928] calling  init_kprobes+0x0/0x16e @ 1
[    1.491037] initcall init_kprobes+0x0/0x16e returned 0 after 976 usecs
[    1.491928] calling  init_events+0x0/0x3d @ 1
[    1.492951] initcall init_events+0x0/0x3d returned 0 after 0 usecs
[    1.493928] calling  init_trace_printk+0x0/0xc @ 1
[    1.494929] initcall init_trace_printk+0x0/0xc returned 0 after 0 usecs
[    1.495927] calling  event_trace_enable_again+0x0/0x23 @ 1
[    1.496928] initcall event_trace_enable_again+0x0/0x23 returned 0 after 0 usecs
[    1.497926] calling  static_call_init+0x0/0x6f @ 1
[    1.498927] initcall static_call_init+0x0/0x6f returned 0 after 0 usecs
[    1.499926] calling  jump_label_init_module+0x0/0xc @ 1
[    1.500941] initcall jump_label_init_module+0x0/0xc returned 0 after 0 usecs
[    1.501927] calling  init_zero_pfn+0x0/0x37 @ 1
[    1.502932] initcall init_zero_pfn+0x0/0x37 returned 0 after 0 usecs
[    1.503933] calling  initialize_ptr_random+0x0/0x54 @ 1
[    1.504976] initcall initialize_ptr_random+0x0/0x54 returned 0 after 0 usecs
[    1.505934] calling  efi_memreserve_root_init+0x0/0x25 @ 1
[    1.506988] initcall efi_memreserve_root_init+0x0/0x25 returned 0 after 0 usecs
[    1.507929] calling  efi_earlycon_remap_fb+0x0/0x51 @ 1
[    1.508931] initcall efi_earlycon_remap_fb+0x0/0x51 returned 0 after 0 usecs
[    1.611919] devtmpfs: initialized
[    1.613121] calling  ipc_ns_init+0x0/0x3d @ 1
[    1.614051] initcall ipc_ns_init+0x0/0x3d returned 0 after 0 usecs
[    1.614927] calling  init_mmap_min_addr+0x0/0x21 @ 1
[    1.615926] initcall init_mmap_min_addr+0x0/0x21 returned 0 after 0 usecs
[    1.616926] calling  pci_realloc_setup_params+0x0/0x3f @ 1
[    1.617927] initcall pci_realloc_setup_params+0x0/0x3f returned 0 after 0 usecs
[    1.618927] calling  net_ns_init+0x0/0x128 @ 1
[    1.621219] initcall net_ns_init+0x0/0x128 returned 0 after 976 usecs
[    1.621944] calling  e820__register_nvs_regions+0x0/0x37 @ 1
[    1.622928] initcall e820__register_nvs_regions+0x0/0x37 returned 0 after 0 usecs
[    1.623928] calling  cpufreq_register_tsc_scaling+0x0/0x2e @ 1
[    1.624926] initcall cpufreq_register_tsc_scaling+0x0/0x2e returned 0 after 0 usecs
[    1.625934] calling  reboot_init+0x0/0x3c @ 1
[    1.628027] initcall reboot_init+0x0/0x3c returned 0 after 976 usecs
[    1.628931] calling  init_lapic_sysfs+0x0/0x20 @ 1
[    1.629966] initcall init_lapic_sysfs+0x0/0x20 returned 0 after 0 usecs
[    1.630929] calling  wq_sysfs_init+0x0/0x2a @ 1
[    1.632081] initcall wq_sysfs_init+0x0/0x2a returned 0 after 0 usecs
[    1.632928] calling  ksysfs_init+0x0/0x92 @ 1
[    1.633961] initcall ksysfs_init+0x0/0x92 returned 0 after 0 usecs
[    1.634926] calling  pm_init+0x0/0x76 @ 1
[    1.636008] initcall pm_init+0x0/0x76 returned 0 after 0 usecs
[    1.636928] calling  pm_disk_init+0x0/0x13 @ 1
[    1.637965] initcall pm_disk_init+0x0/0x13 returned 0 after 0 usecs
[    1.638926] calling  swsusp_header_init+0x0/0x2b @ 1
[    1.639929] initcall swsusp_header_init+0x0/0x2b returned 0 after 0 usecs
[    1.640927] calling  rcu_set_runtime_mode+0x0/0x25 @ 1
[    1.641928] initcall rcu_set_runtime_mode+0x0/0x25 returned 0 after 0 usecs
[    1.642927] calling  init_jiffies_clocksource+0x0/0x13 @ 1
[    1.643926] clocksource: jiffies: mask: 0xffffffff max_cycles: 0xffffffff, max_idle_ns: 1911260446275000 ns
[    1.645930] initcall init_jiffies_clocksource+0x0/0x13 returned 0 after 1953 usecs
[    1.646927] calling  futex_init+0x0/0xf8 @ 1
[    1.647930] futex hash table entries: 256 (order: 2, 22528 bytes, linear)
[    1.649072] initcall futex_init+0x0/0xf8 returned 0 after 976 usecs
[    1.649925] calling  cgroup_wq_init+0x0/0x28 @ 1
[    1.650961] initcall cgroup_wq_init+0x0/0x28 returned 0 after 0 usecs
[    1.651926] calling  cgroup1_wq_init+0x0/0x28 @ 1
[    1.652968] initcall cgroup1_wq_init+0x0/0x28 returned 0 after 0 usecs
[    1.654926] calling  init_kprobe_trace_early+0x0/0x2a @ 1
[    1.655988] initcall init_kprobe_trace_early+0x0/0x2a returned 0 after 0 usecs
[    1.656927] calling  fsnotify_init+0x0/0x56 @ 1
[    1.657948] initcall fsnotify_init+0x0/0x56 returned 0 after 0 usecs
[    1.658935] calling  filelock_init+0x0/0x7f @ 1
[    1.659975] initcall filelock_init+0x0/0x7f returned 0 after 0 usecs
[    1.660936] calling  init_misc_binfmt+0x0/0x2c @ 1
[    1.661973] initcall init_misc_binfmt+0x0/0x2c returned 0 after 0 usecs
[    1.662929] calling  init_script_binfmt+0x0/0x15 @ 1
[    1.663955] initcall init_script_binfmt+0x0/0x15 returned 0 after 0 usecs
[    1.664930] calling  init_elf_binfmt+0x0/0x15 @ 1
[    1.665928] initcall init_elf_binfmt+0x0/0x15 returned 0 after 0 usecs
[    1.666927] calling  init_compat_elf_binfmt+0x0/0x15 @ 1
[    1.667928] initcall init_compat_elf_binfmt+0x0/0x15 returned 0 after 0 usecs
[    1.668927] calling  debugfs_init+0x0/0x5c @ 1
[    1.669956] initcall debugfs_init+0x0/0x5c returned 0 after 0 usecs
[    1.670926] calling  tracefs_init+0x0/0x3a @ 1
[    1.671953] initcall tracefs_init+0x0/0x3a returned 0 after 0 usecs
[    1.672929] calling  prandom_init_early+0x0/0x111 @ 1
[    1.673946] initcall prandom_init_early+0x0/0x111 returned 0 after 0 usecs
[    1.675061] calling  virtio_init+0x0/0x20 @ 1
[    1.677032] initcall virtio_init+0x0/0x20 returned 0 after 0 usecs
[    1.677932] calling  iommu_init+0x0/0x2a @ 1
[    1.678963] initcall iommu_init+0x0/0x2a returned 0 after 0 usecs
[    1.679932] calling  component_debug_init+0x0/0x1c @ 1
[    1.681193] initcall component_debug_init+0x0/0x1c returned 0 after 0 usecs
[    1.681934] calling  early_resume_init+0x0/0xb9 @ 1
[    1.683925] PM: RTC time: 04:45:32, date: 2022-12-13
[    1.684950] initcall early_resume_init+0x0/0xb9 returned 0 after 1953 usecs
[    1.685929] calling  cpufreq_core_init+0x0/0x62 @ 1
[    1.687004] initcall cpufreq_core_init+0x0/0x62 returned 0 after 0 usecs
[    1.688926] calling  cpufreq_gov_performance_init+0x0/0xc @ 1
[    1.690036] initcall cpufreq_gov_performance_init+0x0/0xc returned 0 after 0 usecs
[    1.690928] calling  cpufreq_gov_userspace_init+0x0/0xc @ 1
[    1.691931] initcall cpufreq_gov_userspace_init+0x0/0xc returned 0 after 0 usecs
[    1.692928] calling  CPU_FREQ_GOV_ONDEMAND_init+0x0/0xc @ 1
[    1.693928] initcall CPU_FREQ_GOV_ONDEMAND_init+0x0/0xc returned 0 after 0 usecs
[    1.694931] calling  cpuidle_init+0x0/0x1f @ 1
[    1.696960] initcall cpuidle_init+0x0/0x1f returned 0 after 0 usecs
[    1.697927] calling  capsule_reboot_register+0x0/0xc @ 1
[    1.698970] initcall capsule_reboot_register+0x0/0xc returned 0 after 0 usecs
[    1.699931] calling  sock_init+0x0/0x93 @ 1
[    1.702464] initcall sock_init+0x0/0x93 returned 0 after 976 usecs
[    1.702931] calling  net_inuse_init+0x0/0x23 @ 1
[    1.703974] initcall net_inuse_init+0x0/0x23 returned 0 after 0 usecs
[    1.704929] calling  net_defaults_init+0x0/0x23 @ 1
[    1.705928] initcall net_defaults_init+0x0/0x23 returned 0 after 0 usecs
[    1.706927] calling  init_default_flow_dissectors+0x0/0x4f @ 1
[    1.707946] initcall init_default_flow_dissectors+0x0/0x4f returned 0 after 0 usecs
[    1.708942] calling  netpoll_init+0x0/0x44 @ 1
[    1.709927] initcall netpoll_init+0x0/0x44 returned 0 after 0 usecs
[    1.710926] calling  netlink_proto_init+0x0/0x154 @ 1
[    1.713032] NET: Registered protocol family 16
[    1.714116] initcall netlink_proto_init+0x0/0x154 returned 0 after 1953 usecs
[    1.714928] calling  genl_init+0x0/0x35 @ 1
[    1.716040] initcall genl_init+0x0/0x35 returned 0 after 0 usecs
[    1.716961] calling  bsp_pm_check_init+0x0/0x13 @ 1
[    1.717931] initcall bsp_pm_check_init+0x0/0x13 returned 0 after 0 usecs
[    1.718943] calling  irq_sysfs_init+0x0/0xb9 @ 1
[    1.720952] initcall irq_sysfs_init+0x0/0xb9 returned 0 after 976 usecs
[    1.721928] calling  audit_init+0x0/0x127 @ 1
[    1.722939] audit: initializing netlink subsys (disabled)
[    1.724129] initcall audit_init+0x0/0x127 returned 0 after 976 usecs
[    1.724927] calling  release_early_probes+0x0/0x32 @ 1
[    1.725926] initcall release_early_probes+0x0/0x32 returned 0 after 0 usecs
[    1.726928] calling  bdi_class_init+0x0/0x48 @ 1
[    1.727963] initcall bdi_class_init+0x0/0x48 returned 0 after 0 usecs
[    1.728928] calling  mm_sysfs_init+0x0/0x28 @ 1
[    1.730935] initcall mm_sysfs_init+0x0/0x28 returned 0 after 0 usecs
[    1.731928] calling  init_per_zone_wmark_min+0x0/0x5e @ 1
[    1.732959] initcall init_per_zone_wmark_min+0x0/0x5e returned 0 after 0 usecs
[    1.733957] calling  mpi_init+0x0/0x3e @ 1
[    1.735951] initcall mpi_init+0x0/0x3e returned 0 after 0 usecs
[    1.736927] calling  kobject_uevent_init+0x0/0xc @ 1
[    1.737958] initcall kobject_uevent_init+0x0/0xc returned 0 after 0 usecs
[    1.738927] calling  pcibus_class_init+0x0/0x13 @ 1
[    1.739975] initcall pcibus_class_init+0x0/0x13 returned 0 after 0 usecs
[    1.740928] calling  pci_driver_init+0x0/0x21 @ 1
[    1.742038] initcall pci_driver_init+0x0/0x21 returned 0 after 0 usecs
[    1.742927] calling  backlight_class_init+0x0/0xa8 @ 1
[    1.743958] initcall backlight_class_init+0x0/0xa8 returned 0 after 0 usecs
[    1.744927] calling  tty_class_init+0x0/0x33 @ 1
[    1.745949] initcall tty_class_init+0x0/0x33 returned 0 after 0 usecs
[    1.746931] calling  vtconsole_class_init+0x0/0xb5 @ 1
[    1.748132] initcall vtconsole_class_init+0x0/0xb5 returned 0 after 0 usecs
[    1.748935] calling  iommu_dev_init+0x0/0x13 @ 1
[    1.750027] initcall iommu_dev_init+0x0/0x13 returned 0 after 0 usecs
[    1.750927] calling  mipi_dsi_bus_init+0x0/0xc @ 1
[    1.751970] initcall mipi_dsi_bus_init+0x0/0xc returned 0 after 0 usecs
[    1.753925] calling  devlink_class_init+0x0/0x40 @ 1
[    1.754962] initcall devlink_class_init+0x0/0x40 returned 0 after 0 usecs
[    1.755927] calling  software_node_init+0x0/0x2a @ 1
[    1.756933] initcall software_node_init+0x0/0x2a returned 0 after 0 usecs
[    1.757929] calling  wakeup_sources_debugfs_init+0x0/0x23 @ 1
[    1.758948] initcall wakeup_sources_debugfs_init+0x0/0x23 returned 0 after 0 usecs
[    1.759928] calling  wakeup_sources_sysfs_init+0x0/0x2c @ 1
[    1.760978] initcall wakeup_sources_sysfs_init+0x0/0x2c returned 0 after 0 usecs
[    1.761928] calling  regmap_initcall+0x0/0xc @ 1
[    1.763017] initcall regmap_initcall+0x0/0xc returned 0 after 0 usecs
[    1.763927] calling  i2c_init+0x0/0xb3 @ 1
[    1.766072] initcall i2c_init+0x0/0xb3 returned 0 after 0 usecs
[    1.766927] calling  thermal_init+0x0/0x116 @ 1
[    1.768022] thermal_sys: Registered thermal governor 'step_wise'
[    1.768043] thermal_sys: Registered thermal governor 'user_space'
[    1.768951] initcall thermal_init+0x0/0x116 returned 0 after 976 usecs
[    1.770929] calling  init_menu+0x0/0xc @ 1
[    1.772927] cpuidle: using governor menu
[    1.773931] initcall init_menu+0x0/0xc returned 0 after 1953 usecs
[    1.774928] calling  pcc_init+0x0/0x4d @ 1
[    1.775931] initcall pcc_init+0x0/0x4d returned -19 after 0 usecs
[    1.776928] calling  amd_postcore_init+0x0/0x11e @ 1
[    1.777930] initcall amd_postcore_init+0x0/0x11e returned 0 after 0 usecs
[    1.778942] calling  bts_init+0x0/0xba @ 1
[    1.779928] initcall bts_init+0x0/0xba returned -19 after 0 usecs
[    1.780926] calling  pt_init+0x0/0x2f7 @ 1
[    1.781927] initcall pt_init+0x0/0x2f7 returned -19 after 0 usecs
[    1.782927] calling  boot_params_ksysfs_init+0x0/0x2ee @ 1
[    1.783982] initcall boot_params_ksysfs_init+0x0/0x2ee returned 0 after 0 usecs
[    1.784927] calling  sbf_init+0x0/0xea @ 1
[    1.785928] initcall sbf_init+0x0/0xea returned 0 after 0 usecs
[    1.787926] calling  arch_kdebugfs_init+0x0/0x219 @ 1
[    1.788998] initcall arch_kdebugfs_init+0x0/0x219 returned 0 after 0 usecs
[    1.789929] calling  intel_pconfig_init+0x0/0x85 @ 1
[    1.790930] initcall intel_pconfig_init+0x0/0x85 returned 0 after 0 usecs
[    1.791930] calling  mtrr_if_init+0x0/0x5d @ 1
[    1.792937] initcall mtrr_if_init+0x0/0x5d returned 0 after 0 usecs
[    1.793930] calling  activate_jump_labels+0x0/0x31 @ 1
[    1.794929] initcall activate_jump_labels+0x0/0x31 returned 0 after 0 usecs
[    1.795929] calling  ffh_cstate_init+0x0/0x29 @ 1
[    1.796940] initcall ffh_cstate_init+0x0/0x29 returned 0 after 0 usecs
[    1.797927] calling  activate_jump_labels+0x0/0x31 @ 1
[    1.798975] initcall activate_jump_labels+0x0/0x31 returned 0 after 0 usecs
[    1.799929] calling  kvm_alloc_cpumask+0x0/0x2b @ 1
[    1.800958] initcall kvm_alloc_cpumask+0x0/0x2b returned 0 after 0 usecs
[    1.802935] calling  kcmp_cookies_init+0x0/0x37 @ 1
[    1.803934] initcall kcmp_cookies_init+0x0/0x37 returned 0 after 0 usecs
[    1.804928] calling  cryptomgr_init+0x0/0xc @ 1
[    1.805989] initcall cryptomgr_init+0x0/0xc returned 0 after 0 usecs
[    1.806928] calling  acpi_pci_init+0x0/0x57 @ 1
[    1.807936] ACPI: bus type PCI registered
[    1.808930] initcall acpi_pci_init+0x0/0x57 returned 0 after 976 usecs
[    1.809931] calling  dma_channel_table_init+0x0/0xce @ 1
[    1.810941] initcall dma_channel_table_init+0x0/0xce returned 0 after 0 usecs
[    1.811928] calling  dma_bus_init+0x0/0xdc @ 1
[    1.813054] initcall dma_bus_init+0x0/0xdc returned 0 after 0 usecs
[    1.814047] calling  iommu_dma_init+0x0/0x10 @ 1
[    1.815014] initcall iommu_dma_init+0x0/0x10 returned 0 after 0 usecs
[    1.815929] calling  dmi_id_init+0x0/0x37c @ 1
[    1.817125] initcall dmi_id_init+0x0/0x37c returned 0 after 0 usecs
[    1.817947] calling  pci_arch_init+0x0/0x71 @ 1
[    1.820478] PCI: MMCONFIG for domain 0000 [bus 00-ff] at [mem 0xb0000000-0xbfffffff] (base 0xb0000000)
[    1.820932] PCI: MMCONFIG at [mem 0xb0000000-0xbfffffff] reserved in E820
[    1.821965] PCI: Using configuration type 1 for base access
[    1.823947] initcall pci_arch_init+0x0/0x71 returned 0 after 4882 usecs
[    1.824945] calling  init_vdso+0x0/0x13 @ 1
[    1.825980] initcall init_vdso+0x0/0x13 returned 0 after 0 usecs
[    1.826928] calling  sysenter_setup+0x0/0x13 @ 1
[    1.828967] initcall sysenter_setup+0x0/0x13 returned 0 after 0 usecs
[    1.829928] calling  fixup_ht_bug+0x0/0x7f @ 1
[    1.830928] initcall fixup_ht_bug+0x0/0x7f returned 0 after 0 usecs
[    1.831926] calling  topology_init+0x0/0x15 @ 1
[    1.834080] initcall topology_init+0x0/0x15 returned 0 after 0 usecs
[    1.834928] calling  intel_epb_init+0x0/0x68 @ 1
[    1.835930] initcall intel_epb_init+0x0/0x68 returned -19 after 0 usecs
[    1.836927] calling  mtrr_init_finialize+0x0/0x3e @ 1
[    1.837932] initcall mtrr_init_finialize+0x0/0x3e returned 0 after 0 usecs
[    1.840919] calling  uid_cache_init+0x0/0x85 @ 1
[    1.844931] initcall uid_cache_init+0x0/0x85 returned 0 after 2929 usecs
[    1.845949] calling  param_sysfs_init+0x0/0x1ba @ 1
[    1.864227] initcall param_sysfs_init+0x0/0x1ba returned 0 after 16601 usecs
[    1.864932] calling  user_namespace_sysctl_init+0x0/0x33 @ 1
[    1.866081] initcall user_namespace_sysctl_init+0x0/0x33 returned 0 after 0 usecs
[    1.866930] calling  proc_schedstat_init+0x0/0x24 @ 1
[    1.868990] initcall proc_schedstat_init+0x0/0x24 returned 0 after 976 usecs
[    1.869956] calling  pm_sysrq_init+0x0/0x18 @ 1
[    1.872103] initcall pm_sysrq_init+0x0/0x18 returned 0 after 0 usecs
[    1.873194] calling  create_proc_profile+0x0/0x50 @ 1
[    1.873995] initcall create_proc_profile+0x0/0x50 returned 0 after 0 usecs
[    1.875929] calling  time_ns_init+0x0/0x7 @ 1
[    1.876955] initcall time_ns_init+0x0/0x7 returned 0 after 0 usecs
[    1.877929] calling  crash_save_vmcoreinfo_init+0x0/0x756 @ 1
[    1.880354] initcall crash_save_vmcoreinfo_init+0x0/0x756 returned 0 after 0 usecs
[    1.880928] calling  crash_notes_memory_init+0x0/0x35 @ 1
[    1.883019] initcall crash_notes_memory_init+0x0/0x35 returned 0 after 0 usecs
[    1.885074] calling  cgroup_sysfs_init+0x0/0x13 @ 1
[    1.885954] initcall cgroup_sysfs_init+0x0/0x13 returned 0 after 0 usecs
[    1.886928] calling  cgroup_namespaces_init+0x0/0x7 @ 1
[    1.887944] initcall cgroup_namespaces_init+0x0/0x7 returned 0 after 0 usecs
[    1.888927] calling  init_optprobes+0x0/0x13 @ 1
[    1.890239] Kprobes globally optimized
[    1.890928] initcall init_optprobes+0x0/0x13 returned 0 after 976 usecs
[    1.891927] calling  oom_init+0x0/0x2f @ 1
[    1.895727] audit: type=2000 audit(1670906730.392:1): state=initialized audit_enabled=0 res=1
[    1.896126] initcall oom_init+0x0/0x2f returned 0 after 2929 usecs
[    1.896928] calling  default_bdi_init+0x0/0xb3 @ 1
[    1.900760] initcall default_bdi_init+0x0/0xb3 returned 0 after 1953 usecs
[    1.900941] calling  percpu_enable_async+0x0/0xe @ 1
[    1.902927] initcall percpu_enable_async+0x0/0xe returned 0 after 0 usecs
[    1.903927] calling  kcompactd_init+0x0/0x46 @ 1
[    1.905272] initcall kcompactd_init+0x0/0x46 returned 0 after 0 usecs
[    1.906117] calling  init_user_reserve+0x0/0x30 @ 1
[    1.906954] initcall init_user_reserve+0x0/0x30 returned 0 after 0 usecs
[    1.908928] calling  init_admin_reserve+0x0/0x30 @ 1
[    1.909929] initcall init_admin_reserve+0x0/0x30 returned 0 after 0 usecs
[    1.910999] calling  init_reserve_notifier+0x0/0x7 @ 1
[    1.913003] initcall init_reserve_notifier+0x0/0x7 returned 0 after 0 usecs
[    1.913929] calling  swap_init_sysfs+0x0/0x62 @ 1
[    1.914972] initcall swap_init_sysfs+0x0/0x62 returned 0 after 0 usecs
[    1.915927] calling  swapfile_init+0x0/0x46 @ 1
[    1.916929] initcall swapfile_init+0x0/0x46 returned 0 after 0 usecs
[    1.917928] calling  hugetlb_init+0x0/0x42c @ 1
[    1.919019] HugeTLB registered 2.00 MiB page size, pre-allocated 0 pages
[    1.919983] initcall hugetlb_init+0x0/0x42c returned 0 after 976 usecs
[    1.920927] calling  io_wq_init+0x0/0x34 @ 1
[    1.921965] initcall io_wq_init+0x0/0x34 returned 0 after 0 usecs
[    1.922945] calling  seqiv_module_init+0x0/0xc @ 1
[    1.924928] initcall seqiv_module_init+0x0/0xc returned 0 after 976 usecs
[    1.926929] calling  echainiv_module_init+0x0/0xc @ 1
[    1.927929] initcall echainiv_module_init+0x0/0xc returned 0 after 0 usecs
[    1.929108] calling  rsa_init+0x0/0x50 @ 1
[    1.934000] cryptomgr_test (18) used greatest stack depth: 14864 bytes left
[    1.935118] initcall rsa_init+0x0/0x50 returned 0 after 3906 usecs
[    1.935931] calling  crypto_cmac_module_init+0x0/0xc @ 1
[    1.937017] initcall crypto_cmac_module_init+0x0/0xc returned 0 after 0 usecs
[    1.937931] calling  hmac_module_init+0x0/0xc @ 1
[    1.938930] initcall hmac_module_init+0x0/0xc returned 0 after 0 usecs
[    1.939927] calling  crypto_null_mod_init+0x0/0x65 @ 1
[    1.941975] initcall crypto_null_mod_init+0x0/0x65 returned 0 after 976 usecs
[    1.942929] calling  md5_mod_init+0x0/0xc @ 1
[    1.944046] initcall md5_mod_init+0x0/0xc returned 0 after 0 usecs
[    1.944927] calling  sha256_generic_mod_init+0x0/0x11 @ 1
[    1.946076] initcall sha256_generic_mod_init+0x0/0x11 returned 0 after 0 usecs
[    1.946928] calling  crypto_cbc_module_init+0x0/0xc @ 1
[    1.948930] initcall crypto_cbc_module_init+0x0/0xc returned 0 after 0 usecs
[    1.949926] calling  crypto_ctr_module_init+0x0/0x11 @ 1
[    1.950944] initcall crypto_ctr_module_init+0x0/0x11 returned 0 after 0 usecs
[    1.951925] calling  crypto_gcm_module_init+0x0/0x64 @ 1
[    1.952961] initcall crypto_gcm_module_init+0x0/0x64 returned 0 after 0 usecs
[    1.953925] calling  crypto_ccm_module_init+0x0/0x11 @ 1
[    1.954930] initcall crypto_ccm_module_init+0x0/0x11 returned 0 after 0 usecs
[    1.955928] calling  aes_init+0x0/0xc @ 1
[    1.957078] initcall aes_init+0x0/0xc returned 0 after 0 usecs
[    1.957943] calling  crc32c_mod_init+0x0/0xc @ 1
[    1.959020] initcall crc32c_mod_init+0x0/0xc returned 0 after 0 usecs
[    1.959929] calling  crypto_authenc_module_init+0x0/0xc @ 1
[    1.960930] initcall crypto_authenc_module_init+0x0/0xc returned 0 after 0 usecs
[    1.961926] calling  crypto_authenc_esn_module_init+0x0/0xc @ 1
[    1.962929] initcall crypto_authenc_esn_module_init+0x0/0xc returned 0 after 0 usecs
[    1.963927] calling  drbg_init+0x0/0x7c @ 1
[    1.966056] initcall drbg_init+0x0/0x7c returned 0 after 976 usecs
[    1.966927] calling  ghash_mod_init+0x0/0xc @ 1
[    1.968015] initcall ghash_mod_init+0x0/0xc returned 0 after 0 usecs
[    1.968927] calling  init_bio+0x0/0x9a @ 1
[    1.970603] initcall init_bio+0x0/0x9a returned 0 after 0 usecs
[    1.970927] calling  blk_settings_init+0x0/0x29 @ 1
[    1.971926] initcall blk_settings_init+0x0/0x29 returned 0 after 0 usecs
[    1.972926] calling  blk_ioc_init+0x0/0x29 @ 1
[    1.973932] initcall blk_ioc_init+0x0/0x29 returned 0 after 0 usecs
[    1.974926] calling  blk_mq_init+0x0/0x96 @ 1
[    1.975944] initcall blk_mq_init+0x0/0x96 returned 0 after 0 usecs
[    1.976926] calling  genhd_device_init+0x0/0x75 @ 1
[    1.979943] initcall genhd_device_init+0x0/0x75 returned 0 after 976 usecs
[    1.981042] calling  pci_slot_init+0x0/0x40 @ 1
[    1.981964] initcall pci_slot_init+0x0/0x40 returned 0 after 0 usecs
[    1.982931] calling  fbmem_init+0x0/0xd8 @ 1
[    1.984927] initcall fbmem_init+0x0/0xd8 returned 0 after 976 usecs
[    1.985928] calling  acpi_init+0x0/0x316 @ 1
[    1.988165] ACPI: Added _OSI(Module Device)
[    1.988926] ACPI: Added _OSI(Processor Device)
[    1.989929] ACPI: Added _OSI(3.0 _SCP Extensions)
[    1.990926] ACPI: Added _OSI(Processor Aggregator Device)
[    1.991928] ACPI: Added _OSI(Linux-Dell-Video)
[    1.992931] ACPI: Added _OSI(Linux-Lenovo-NV-HDMI-Audio)
[    1.993928] ACPI: Added _OSI(Linux-HPI-Hybrid-Graphics)
[    2.000923] ACPI: 1 ACPI AML tables successfully acquired and loaded
[    2.013167] ACPI: Interpreter enabled
[    2.014207] ACPI: (supports S0 S3 S4 S5)
[    2.014938] ACPI: Using IOAPIC for interrupt routing
[    2.016998] PCI: Using host bridge windows from ACPI; if necessary, use "pci=nocrs" and report a bug
[    2.018519] ACPI: Enabled 2 GPEs in block 00 to 3F
[    2.031473] ACPI: PCI Root Bridge [PCI0] (domain 0000 [bus 00-ff])
[    2.033019] acpi PNP0A08:00: _OSC: OS supports [ExtendedConfig ASPM ClockPM Segments MSI HPX-Type3]
[    2.034378] acpi PNP0A08:00: _OSC: platform does not support [LTR]
[    2.035925] acpi PNP0A08:00: _OSC: OS now controls [PME PCIeCapability]
[    2.038274] PCI host bridge to bus 0000:00
[    2.038942] pci_bus 0000:00: root bus resource [io  0x0000-0x0cf7 window]
[    2.039928] pci_bus 0000:00: root bus resource [io  0x0d00-0xffff window]
[    2.040928] pci_bus 0000:00: root bus resource [mem 0x000a0000-0x000bffff window]
[    2.041929] pci_bus 0000:00: root bus resource [mem 0x20000000-0xafffffff window]
[    2.042946] pci_bus 0000:00: root bus resource [mem 0xc0000000-0xfebfffff window]
[    2.043949] pci_bus 0000:00: root bus resource [mem 0x100000000-0x8ffffffff window]
[    2.044932] pci_bus 0000:00: root bus resource [bus 00-ff]
[    2.048491] pci 0000:00:00.0: calling  quirk_mmio_always_on+0x0/0x10 @ 1
[    2.048986] pci 0000:00:00.0: quirk_mmio_always_on+0x0/0x10 took 0 usecs
[    2.049938] pci 0000:00:00.0: [8086:29c0] type 00 class 0x060000
[    2.055158] pci 0000:00:00.0: calling  quirk_igfx_skip_te_disable+0x0/0x80 @ 1
[    2.055981] pci 0000:00:00.0: quirk_igfx_skip_te_disable+0x0/0x80 took 0 usecs
[    2.060350] pci 0000:00:01.0: [1234:1111] type 00 class 0x030000
[    2.066919] pci 0000:00:01.0: reg 0x10: [mem 0xfd000000-0xfdffffff pref]
[    2.079919] pci 0000:00:01.0: reg 0x18: [mem 0xfebf0000-0xfebf0fff]
[    2.107919] pci 0000:00:01.0: reg 0x30: [mem 0xfebe0000-0xfebeffff pref]
[    2.126919] pci 0000:00:01.0: calling  efifb_fixup_resources+0x0/0xf0 @ 1
[    2.129140] pci 0000:00:01.0: efifb_fixup_resources+0x0/0xf0 took 976 usecs
[    2.183131] pci 0000:00:1f.0: [8086:2918] type 00 class 0x060100
[    2.190678] pci 0000:00:1f.0: calling  quirk_ich7_lpc+0x0/0x60 @ 1
[    2.193115] pci 0000:00:1f.0: quirk: [io  0x0600-0x067f] claimed by ICH6 ACPI/GPIO/TCO
[    2.194372] pci 0000:00:1f.0: quirk_ich7_lpc+0x0/0x60 took 2929 usecs
[    2.195885] pci 0000:00:1f.0: calling  quirk_igfx_skip_te_disable+0x0/0x80 @ 1
[    2.197432] pci 0000:00:1f.0: quirk_igfx_skip_te_disable+0x0/0x80 took 0 usecs
[    2.201926] pci 0000:00:1f.2: [8086:2922] type 00 class 0x010601
[    2.213927] pci 0000:00:1f.2: reg 0x20: [io  0xc040-0xc05f]
[    2.216928] pci 0000:00:1f.2: reg 0x24: [mem 0xfebf1000-0xfebf1fff]
[    2.220108] pci 0000:00:1f.2: calling  quirk_igfx_skip_te_disable+0x0/0x80 @ 1
[    2.220937] pci 0000:00:1f.2: quirk_igfx_skip_te_disable+0x0/0x80 took 0 usecs
[    2.228927] pci 0000:00:1f.3: [8086:2930] type 00 class 0x0c0500
[    2.237162] pci 0000:00:1f.3: reg 0x20: [io  0x0700-0x073f]
[    2.240508] pci 0000:00:1f.3: calling  quirk_igfx_skip_te_disable+0x0/0x80 @ 1
[    2.240935] pci 0000:00:1f.3: quirk_igfx_skip_te_disable+0x0/0x80 took 0 usecs
[    2.245757] pci_bus 0000:00: on NUMA node 0
[    2.255549] ACPI: PCI Interrupt Link [LNKA] (IRQs 5 *10 11)
[    2.258396] ACPI: PCI Interrupt Link [LNKB] (IRQs 5 *10 11)
[    2.260468] ACPI: PCI Interrupt Link [LNKC] (IRQs 5 10 *11)
[    2.263426] ACPI: PCI Interrupt Link [LNKD] (IRQs 5 10 *11)
[    2.265231] ACPI: PCI Interrupt Link [LNKE] (IRQs 5 *10 11)
[    2.267681] ACPI: PCI Interrupt Link [LNKF] (IRQs 5 *10 11)
[    2.269236] ACPI: PCI Interrupt Link [LNKG] (IRQs 5 10 *11)
[    2.271250] ACPI: PCI Interrupt Link [LNKH] (IRQs 5 10 *11)
[    2.272458] ACPI: PCI Interrupt Link [GSIA] (IRQs *16)
[    2.273231] ACPI: PCI Interrupt Link [GSIB] (IRQs *17)
[    2.274945] ACPI: PCI Interrupt Link [GSIC] (IRQs *18)
[    2.276949] ACPI: PCI Interrupt Link [GSID] (IRQs *19)
[    2.279255] ACPI: PCI Interrupt Link [GSIE] (IRQs *20)
[    2.280489] ACPI: PCI Interrupt Link [GSIF] (IRQs *21)
[    2.281287] ACPI: PCI Interrupt Link [GSIG] (IRQs *22)
[    2.282958] ACPI: PCI Interrupt Link [GSIH] (IRQs *23)
[    2.300919] initcall acpi_init+0x0/0x316 returned 0 after 305664 usecs
[    2.303573] calling  pnp_init+0x0/0xc @ 1
[    2.304619] initcall pnp_init+0x0/0xc returned 0 after 0 usecs
[    2.305070] calling  misc_init+0x0/0xbf @ 1
[    2.309527] initcall misc_init+0x0/0xbf returned 0 after 2929 usecs
[    2.309942] calling  iommu_subsys_init+0x0/0x4e @ 1
[    2.310979] iommu: Default domain type: Translated 
[    2.311932] initcall iommu_subsys_init+0x0/0x4e returned 0 after 976 usecs
[    2.312930] calling  vga_arb_device_init+0x0/0x261 @ 1
[    2.329870] pci 0000:00:01.0: vgaarb: setting as boot VGA device
[    2.329919] pci 0000:00:01.0: vgaarb: VGA device added: decodes=io+mem,owns=io+mem,locks=none
[    2.329932] pci 0000:00:01.0: vgaarb: bridge control possible
[    2.330929] vgaarb: loaded
[    2.331942] initcall vga_arb_device_init+0x0/0x261 returned 0 after 17578 usecs
[    2.333919] calling  cn_init+0x0/0xf0 @ 1
[    2.342275] initcall cn_init+0x0/0xf0 returned 0 after 6835 usecs
[    2.342937] calling  dma_buf_init+0x0/0xad @ 1
[    2.355575] initcall dma_buf_init+0x0/0xad returned 0 after 10742 usecs
[    2.355933] calling  dma_resv_lockdep+0x0/0x27f @ 1
[    2.368075] initcall dma_resv_lockdep+0x0/0x27f returned 0 after 10742 usecs
[    2.369436] calling  init_scsi+0x0/0x79 @ 1
[    2.384308] SCSI subsystem initialized
[    2.384935] initcall init_scsi+0x0/0x79 returned 0 after 14648 usecs
[    2.385932] calling  ata_init+0x0/0x332 @ 1
[    2.403434] libata version 3.00 loaded.
[    2.404932] initcall ata_init+0x0/0x332 returned 0 after 17578 usecs
[    2.405932] calling  phy_init+0x0/0x250 @ 1
[    2.410282] initcall phy_init+0x0/0x250 returned 0 after 2929 usecs
[    2.411928] calling  init_pcmcia_cs+0x0/0x35 @ 1
[    2.414221] initcall init_pcmcia_cs+0x0/0x35 returned 0 after 976 usecs
[    2.414928] calling  usb_common_init+0x0/0x1c @ 1
[    2.416182] initcall usb_common_init+0x0/0x1c returned 0 after 0 usecs
[    2.416927] calling  usb_init+0x0/0x12e @ 1
[    2.419194] ACPI: bus type USB registered
[    2.421216] usbcore: registered new interface driver usbfs
[    2.422088] usbcore: registered new interface driver hub
[    2.422958] usbcore: registered new device driver usb
[    2.423930] initcall usb_init+0x0/0x12e returned 0 after 5859 usecs
[    2.424929] calling  serio_init+0x0/0x29 @ 1
[    2.426096] initcall serio_init+0x0/0x29 returned 0 after 0 usecs
[    2.426927] calling  input_init+0x0/0xf6 @ 1
[    2.428271] initcall input_init+0x0/0xf6 returned 0 after 0 usecs
[    2.428928] calling  rtc_init+0x0/0x4d @ 1
[    2.430033] initcall rtc_init+0x0/0x4d returned 0 after 0 usecs
[    2.430928] calling  pps_init+0x0/0xa9 @ 1
[    2.432055] pps_core: LinuxPPS API ver. 1 registered
[    2.432926] pps_core: Software ver. 5.3.6 - Copyright 2005-2007 Rodolfo Giometti <giometti@linux.it>
[    2.433953] initcall pps_init+0x0/0xa9 returned 0 after 1953 usecs
[    2.434930] calling  ptp_init+0x0/0x98 @ 1
[    2.436422] PTP clock support registered
[    2.436928] initcall ptp_init+0x0/0x98 returned 0 after 976 usecs
[    2.437928] calling  power_supply_class_init+0x0/0x3f @ 1
[    2.439219] initcall power_supply_class_init+0x0/0x3f returned 0 after 0 usecs
[    2.439928] calling  hwmon_init+0x0/0x104 @ 1
[    2.441933] initcall hwmon_init+0x0/0x104 returned 0 after 976 usecs
[    2.442928] calling  md_init+0x0/0x16b @ 1
[    2.445628] initcall md_init+0x0/0x16b returned 0 after 976 usecs
[    2.445928] calling  leds_init+0x0/0x3b @ 1
[    2.447046] initcall leds_init+0x0/0x3b returned 0 after 0 usecs
[    2.447927] calling  dmi_init+0x0/0x113 @ 1
[    2.449177] initcall dmi_init+0x0/0x113 returned 0 after 0 usecs
[    2.449929] calling  efisubsys_init+0x0/0x4e6 @ 1
[    2.450998] initcall efisubsys_init+0x0/0x4e6 returned 0 after 0 usecs
[    2.451930] calling  nvmem_init+0x0/0xc @ 1
[    2.453102] initcall nvmem_init+0x0/0xc returned 0 after 0 usecs
[    2.453927] calling  init_soundcore+0x0/0x33 @ 1
[    2.455073] initcall init_soundcore+0x0/0x33 returned 0 after 0 usecs
[    2.455930] calling  alsa_sound_init+0x0/0x8f @ 1
[    2.459021] Advanced Linux Sound Architecture Driver Initialized.
[    2.459929] initcall alsa_sound_init+0x0/0x8f returned 0 after 2929 usecs
[    2.460936] calling  alsa_seq_device_init+0x0/0x71 @ 1
[    2.462130] initcall alsa_seq_device_init+0x0/0x71 returned 0 after 0 usecs
[    2.462930] calling  hda_bus_init+0x0/0xc @ 1
[    2.464961] initcall hda_bus_init+0x0/0xc returned 0 after 976 usecs
[    2.466933] calling  proto_init+0x0/0xc @ 1
[    2.468005] initcall proto_init+0x0/0xc returned 0 after 0 usecs
[    2.469125] calling  net_dev_init+0x0/0x231 @ 1
[    2.473761] initcall net_dev_init+0x0/0x231 returned 0 after 2929 usecs
[    2.473937] calling  neigh_init+0x0/0x84 @ 1
[    2.475933] initcall neigh_init+0x0/0x84 returned 0 after 976 usecs
[    2.476935] calling  fib_notifier_init+0x0/0xc @ 1
[    2.479081] initcall fib_notifier_init+0x0/0xc returned 0 after 976 usecs
[    2.479934] calling  fib_rules_init+0x0/0xab @ 1
[    2.481203] initcall fib_rules_init+0x0/0xab returned 0 after 0 usecs
[    2.481931] calling  pktsched_init+0x0/0x10e @ 1
[    2.486092] initcall pktsched_init+0x0/0x10e returned 0 after 2929 usecs
[    2.486930] calling  tc_filter_init+0x0/0xfa @ 1
[    2.488076] initcall tc_filter_init+0x0/0xfa returned 0 after 0 usecs
[    2.488931] calling  tc_action_init+0x0/0x54 @ 1
[    2.489934] initcall tc_action_init+0x0/0x54 returned 0 after 0 usecs
[    2.490931] calling  ethnl_init+0x0/0x52 @ 1
[    2.492098] initcall ethnl_init+0x0/0x52 returned 0 after 0 usecs
[    2.492970] calling  nexthop_init+0x0/0xd8 @ 1
[    2.495120] initcall nexthop_init+0x0/0xd8 returned 0 after 976 usecs
[    2.495929] calling  cipso_v4_init+0x0/0x8d @ 1
[    2.497263] initcall cipso_v4_init+0x0/0x8d returned 0 after 0 usecs
[    2.497927] calling  ieee80211_init+0x0/0x24 @ 1
[    2.499386] initcall ieee80211_init+0x0/0x24 returned 0 after 0 usecs
[    2.499928] calling  netlbl_init+0x0/0x78 @ 1
[    2.500924] NetLabel: Initializing
[    2.501927] NetLabel:  domain hash size = 128
[    2.502924] NetLabel:  protocols = UNLABELED CIPSOv4 CALIPSO
[    2.504923] NetLabel:  unlabeled traffic allowed by default
[    2.505930] initcall netlbl_init+0x0/0x78 returned 0 after 4882 usecs
[    2.506928] calling  rfkill_init+0x0/0x136 @ 1
[    2.510018] initcall rfkill_init+0x0/0x136 returned 0 after 1953 usecs
[    2.510927] calling  pci_subsys_init+0x0/0x66 @ 1
[    2.513006] PCI: Using ACPI for IRQ routing
[    3.251240] PCI: pci_cache_line_size set to 64 bytes
[    3.253187] e820: reserve RAM buffer [mem 0x0009fc00-0x0009ffff]
[    3.254010] e820: reserve RAM buffer [mem 0x1ffdf000-0x1fffffff]
[    3.255025] initcall pci_subsys_init+0x0/0x66 returned 0 after 725585 usecs
[    3.257410] calling  nmi_warning_debugfs+0x0/0x26 @ 1
[    3.258065] initcall nmi_warning_debugfs+0x0/0x26 returned 0 after 0 usecs
[    3.258954] calling  save_microcode_in_initrd+0x0/0x51 @ 1
[    3.260231] initcall save_microcode_in_initrd+0x0/0x51 returned 0 after 0 usecs
[    3.260929] calling  hpet_late_init+0x0/0x1f6 @ 1
[    3.262210] hpet: 3 channels of 0 reserved for per-cpu timers
[    3.263136] hpet0: at MMIO 0xfed00000, IRQs 2, 8, 0
[    3.263925] hpet0: 3 comparators, 64-bit 100.000000 MHz counter
[    3.269932] initcall hpet_late_init+0x0/0x1f6 returned 0 after 7812 usecs
[    3.270932] calling  init_amd_nbs+0x0/0x11c @ 1
[    3.271973] initcall init_amd_nbs+0x0/0x11c returned 0 after 0 usecs
[    3.272947] calling  clocksource_done_booting+0x0/0x43 @ 1
[    3.274037] clocksource: Switched to clocksource kvm-clock
[    3.281232] initcall clocksource_done_booting+0x0/0x43 returned 0 after 7134 usecs
[    3.290433] calling  tracer_init_tracefs+0x0/0x201 @ 1
[    3.598173] initcall tracer_init_tracefs+0x0/0x201 returned 0 after 292540 usecs
[    3.606699] calling  init_trace_printk_function_export+0x0/0x2c @ 1
[    3.613920] initcall init_trace_printk_function_export+0x0/0x2c returned 0 after 18 usecs
[    3.623512] calling  init_kprobe_trace+0x0/0x1ab @ 1
[    3.629308] initcall init_kprobe_trace+0x0/0x1ab returned 0 after 54 usecs
[    3.637404] calling  init_dynamic_event+0x0/0x3d @ 1
[    3.643330] initcall init_dynamic_event+0x0/0x3d returned 0 after 45 usecs
[    3.652067] calling  init_uprobe_trace+0x0/0x5c @ 1
[    3.659227] initcall init_uprobe_trace+0x0/0x5c returned 0 after 87 usecs
[    3.669157] calling  init_pipe_fs+0x0/0x44 @ 1
[    3.676146] initcall init_pipe_fs+0x0/0x44 returned 0 after 485 usecs
[    3.684352] calling  inotify_user_setup+0x0/0x47 @ 1
[    3.690296] initcall inotify_user_setup+0x0/0x47 returned 0 after 162 usecs
[    3.698204] calling  eventpoll_init+0x0/0xeb @ 1
[    3.703642] initcall eventpoll_init+0x0/0xeb returned 0 after 72 usecs
[    3.711026] calling  anon_inode_init+0x0/0x58 @ 1
[    3.716733] initcall anon_inode_init+0x0/0x58 returned 0 after 184 usecs
[    3.724347] calling  proc_locks_init+0x0/0x27 @ 1
[    3.729798] initcall proc_locks_init+0x0/0x27 returned 0 after 7 usecs
[    3.737289] calling  iomap_init+0x0/0x1b @ 1
[    3.744483] initcall iomap_init+0x0/0x1b returned 0 after 2137 usecs
[    3.751826] calling  dquot_init+0x0/0xd7 @ 1
[    3.756786] VFS: Disk quotas dquot_6.6.0
[    3.761541] VFS: Dquot-cache hash table entries: 512 (order 0, 4096 bytes)
[    3.769374] initcall dquot_init+0x0/0xd7 returned 0 after 12289 usecs
[    3.776800] calling  quota_init+0x0/0x23 @ 1
[    3.789587] initcall quota_init+0x0/0x23 returned 0 after 1549 usecs
[    3.797432] calling  proc_cmdline_init+0x0/0x21 @ 1
[    3.803542] initcall proc_cmdline_init+0x0/0x21 returned 0 after 331 usecs
[    3.811929] calling  proc_consoles_init+0x0/0x24 @ 1
[    3.818925] initcall proc_consoles_init+0x0/0x24 returned 0 after 42 usecs
[    3.826676] calling  proc_cpuinfo_init+0x0/0x1e @ 1
[    3.832265] initcall proc_cpuinfo_init+0x0/0x1e returned 0 after 33 usecs
[    3.840467] calling  proc_devices_init+0x0/0x24 @ 1
[    3.846828] initcall proc_devices_init+0x0/0x24 returned 0 after 30 usecs
[    3.856422] calling  proc_interrupts_init+0x0/0x24 @ 1
[    3.863849] initcall proc_interrupts_init+0x0/0x24 returned 0 after 36 usecs
[    3.874687] calling  proc_loadavg_init+0x0/0x21 @ 1
[    3.882322] initcall proc_loadavg_init+0x0/0x21 returned 0 after 9 usecs
[    3.892119] calling  proc_meminfo_init+0x0/0x21 @ 1
[    3.899048] initcall proc_meminfo_init+0x0/0x21 returned 0 after 8 usecs
[    3.908203] calling  proc_stat_init+0x0/0x1e @ 1
[    3.913623] initcall proc_stat_init+0x0/0x1e returned 0 after 132 usecs
[    3.921095] calling  proc_uptime_init+0x0/0x21 @ 1
[    3.926473] initcall proc_uptime_init+0x0/0x21 returned 0 after 17 usecs
[    3.934056] calling  proc_version_init+0x0/0x21 @ 1
[    3.939554] initcall proc_version_init+0x0/0x21 returned 0 after 24 usecs
[    3.947090] calling  proc_softirqs_init+0x0/0x21 @ 1
[    3.952584] initcall proc_softirqs_init+0x0/0x21 returned 0 after 23 usecs
[    3.960161] calling  proc_kcore_init+0x0/0xea @ 1
[    3.968328] initcall proc_kcore_init+0x0/0xea returned 0 after 2819 usecs
[    3.975777] calling  vmcore_init+0x0/0x57b @ 1
[    3.982734] initcall vmcore_init+0x0/0x57b returned 0 after 14 usecs
[    3.989723] calling  proc_kmsg_init+0x0/0x21 @ 1
[    3.994888] initcall proc_kmsg_init+0x0/0x21 returned 0 after 8 usecs
[    4.001991] calling  proc_page_init+0x0/0x3b @ 1
[    4.007387] initcall proc_page_init+0x0/0x3b returned 0 after 257 usecs
[    4.014697] calling  init_ramfs_fs+0x0/0xc @ 1
[    4.020199] initcall init_ramfs_fs+0x0/0xc returned 0 after 493 usecs
[    4.027416] calling  init_hugetlbfs_fs+0x0/0xf6 @ 1
[    4.035574] initcall init_hugetlbfs_fs+0x0/0xf6 returned 0 after 2664 usecs
[    4.043330] calling  blk_scsi_ioctl_init+0x0/0x2a5 @ 1
[    4.049074] initcall blk_scsi_ioctl_init+0x0/0x2a5 returned 0 after 48 usecs
[    4.056914] calling  acpi_event_init+0x0/0x2c @ 1
[    4.062311] initcall acpi_event_init+0x0/0x2c returned 0 after 108 usecs
[    4.069685] calling  pnp_system_init+0x0/0xc @ 1
[    4.075855] initcall pnp_system_init+0x0/0xc returned 0 after 915 usecs
[    4.083155] calling  pnpacpi_init+0x0/0x69 @ 1
[    4.088180] pnp: PnP ACPI init
[    4.093813] pnp 00:00: Plug and Play ACPI device, IDs PNP0303 (active)
[    4.101274] pnp 00:01: Plug and Play ACPI device, IDs PNP0f13 (active)
[    4.108617] pnp 00:02: Plug and Play ACPI device, IDs PNP0400 (active)
[    4.115952] pnp 00:03: Plug and Play ACPI device, IDs PNP0501 (active)
[    4.123334] pnp 00:04: Plug and Play ACPI device, IDs PNP0b00 (active)
[    4.131432] system 00:05: [mem 0xb0000000-0xbfffffff window] has been reserved
[    4.139677] system 00:05: Plug and Play ACPI device, IDs PNP0c01 (active)
[    4.149908] pnp: PnP ACPI: found 6 devices
[    4.154741] initcall pnpacpi_init+0x0/0x69 returned 0 after 65080 usecs
[    4.162327] calling  chr_dev_init+0x0/0x14d @ 1
[    4.182603] initcall chr_dev_init+0x0/0x14d returned 0 after 14687 usecs
[    4.190820] calling  firmware_class_init+0x0/0x14a @ 1
[    4.196822] initcall firmware_class_init+0x0/0x14a returned 0 after 86 usecs
[    4.206613] calling  init_pcmcia_bus+0x0/0x5b @ 1
[    4.212287] initcall init_pcmcia_bus+0x0/0x5b returned 0 after 342 usecs
[    4.219709] calling  init_acpi_pm_clocksource+0x0/0xda @ 1
[    4.231259] clocksource: acpi_pm: mask: 0xffffff max_cycles: 0xffffff, max_idle_ns: 2085701024 ns
[    4.241144] initcall init_acpi_pm_clocksource+0x0/0xda returned 0 after 14963 usecs
[    4.249799] calling  sysctl_core_init+0x0/0x26 @ 1
[    4.255513] initcall sysctl_core_init+0x0/0x26 returned 0 after 269 usecs
[    4.263103] calling  eth_offload_init+0x0/0x13 @ 1
[    4.268591] initcall eth_offload_init+0x0/0x13 returned 0 after 112 usecs
[    4.276184] calling  ipv4_offload_init+0x0/0x73 @ 1
[    4.281893] initcall ipv4_offload_init+0x0/0x73 returned 0 after 191 usecs
[    4.289693] calling  inet_init+0x0/0x276 @ 1
[    4.294826] NET: Registered protocol family 2
[    4.302281] IP idents hash table entries: 8192 (order: 4, 65536 bytes, linear)
[    4.314303] tcp_listen_portaddr_hash hash table entries: 256 (order: 2, 20480 bytes, linear)
[    4.324060] TCP established hash table entries: 4096 (order: 3, 32768 bytes, linear)
[    4.333157] TCP bind hash table entries: 4096 (order: 6, 294912 bytes, linear)
[    4.348420] TCP: Hash tables configured (established 4096 bind 4096)
[    4.357312] UDP hash table entries: 256 (order: 3, 40960 bytes, linear)
[    4.365577] UDP-Lite hash table entries: 256 (order: 3, 40960 bytes, linear)
[    4.375646] initcall inet_init+0x0/0x276 returned 0 after 79132 usecs
[    4.384582] calling  af_unix_init+0x0/0x4d @ 1
[    4.390235] NET: Registered protocol family 1
[    4.395287] initcall af_unix_init+0x0/0x4d returned 0 after 4974 usecs
[    4.402801] calling  ipv6_offload_init+0x0/0x7e @ 1
[    4.408437] initcall ipv6_offload_init+0x0/0x7e returned 0 after 70 usecs
[    4.416190] calling  init_sunrpc+0x0/0x65 @ 1
[    4.435779] RPC: Registered named UNIX socket transport module.
[    4.442580] RPC: Registered udp transport module.
[    4.447835] RPC: Registered tcp transport module.
[    4.453130] RPC: Registered tcp NFSv4.1 backchannel transport module.
[    4.460213] initcall init_sunrpc+0x0/0x65 returned 0 after 37849 usecs
[    4.467483] calling  cfg80211_init+0x0/0xc5 @ 1
[    4.476555] initcall cfg80211_init+0x0/0xc5 returned 0 after 3988 usecs
[    4.484046] calling  pcibios_assign_resources+0x0/0xbf @ 1
[    4.490257] pci_bus 0000:00: resource 4 [io  0x0000-0x0cf7 window]
[    4.496994] pci_bus 0000:00: resource 5 [io  0x0d00-0xffff window]
[    4.503756] pci_bus 0000:00: resource 6 [mem 0x000a0000-0x000bffff window]
[    4.511308] pci_bus 0000:00: resource 7 [mem 0x20000000-0xafffffff window]
[    4.518830] pci_bus 0000:00: resource 8 [mem 0xc0000000-0xfebfffff window]
[    4.526375] pci_bus 0000:00: resource 9 [mem 0x100000000-0x8ffffffff window]
[    4.534387] initcall pcibios_assign_resources+0x0/0xbf returned 0 after 43269 usecs
[    4.542810] calling  pci_apply_final_quirks+0x0/0x124 @ 1
[    4.549084] pci 0000:00:01.0: calling  pci_fixup_video+0x0/0xe0 @ 1
[    4.556232] pci 0000:00:01.0: Video device with shadowed ROM at [mem 0x000c0000-0x000dffff]
[    4.565289] pci 0000:00:01.0: pci_fixup_video+0x0/0xe0 took 9091 usecs
[    4.572681] PCI: CLS 0 bytes, default 64
[    4.577053] initcall pci_apply_final_quirks+0x0/0x124 returned 0 after 27639 usecs
[    4.585280] calling  acpi_reserve_resources+0x0/0xea @ 1
[    4.591166] initcall acpi_reserve_resources+0x0/0xea returned 0 after 27 usecs
[    4.599069] calling  populate_rootfs+0x0/0x102 @ 1
[    4.606691] initcall populate_rootfs+0x0/0x102 returned 0 after 2205 usecs
[    4.614517] calling  pci_iommu_init+0x0/0x3e @ 1
[    4.620021] initcall pci_iommu_init+0x0/0x3e returned 0 after 267 usecs
[    4.628681] calling  ia32_binfmt_init+0x0/0x13 @ 1
[    4.635098] initcall ia32_binfmt_init+0x0/0x13 returned 0 after 57 usecs
[    4.642884] calling  rapl_pmu_init+0x0/0x25f @ 1
[    4.648441] initcall rapl_pmu_init+0x0/0x25f returned -19 after 107 usecs
[    4.656225] calling  amd_uncore_init+0x0/0x310 @ 1
[    4.661868] initcall amd_uncore_init+0x0/0x310 returned -19 after 1 usecs
[    4.669471] calling  amd_ibs_init+0x0/0x24b @ 1
[    4.674654] initcall amd_ibs_init+0x0/0x24b returned -19 after 0 usecs
[    4.681915] calling  amd_iommu_pc_init+0x0/0x22b @ 1
[    4.687526] initcall amd_iommu_pc_init+0x0/0x22b returned -19 after 45 usecs
[    4.695410] calling  msr_init+0x0/0x55 @ 1
[    4.700173] initcall msr_init+0x0/0x55 returned 0 after 282 usecs
[    4.707416] calling  intel_uncore_init+0x0/0x322 @ 1
[    4.713239] initcall intel_uncore_init+0x0/0x322 returned -19 after 318 usecs
[    4.722941] calling  cstate_pmu_init+0x0/0x181 @ 1
[    4.729448] initcall cstate_pmu_init+0x0/0x181 returned -19 after 1 usecs
[    4.738626] calling  register_kernel_offset_dumper+0x0/0x1a @ 1
[    4.745632] initcall register_kernel_offset_dumper+0x0/0x1a returned 0 after 30 usecs
[    4.754063] calling  i8259A_init_ops+0x0/0x20 @ 1
[    4.759193] initcall i8259A_init_ops+0x0/0x20 returned 0 after 1 usecs
[    4.766371] calling  init_tsc_clocksource+0x0/0xa4 @ 1
[    4.772012] clocksource: tsc: mask: 0xffffffffffffffff max_cycles: 0x39a85afc727, max_idle_ns: 881590685098 ns
[    4.782909] initcall init_tsc_clocksource+0x0/0xa4 returned 0 after 10642 usecs
[    4.791012] calling  add_rtc_cmos+0x0/0xb0 @ 1
[    4.796083] initcall add_rtc_cmos+0x0/0xb0 returned 0 after 2 usecs
[    4.803136] calling  i8237A_init_ops+0x0/0x3a @ 1
[    4.808641] initcall i8237A_init_ops+0x0/0x3a returned 0 after 145 usecs
[    4.816158] calling  umwait_init+0x0/0x94 @ 1
[    4.821090] initcall umwait_init+0x0/0x94 returned -19 after 18 usecs
[    4.828243] calling  thermal_throttle_init_device+0x0/0x3d @ 1
[    4.834901] initcall thermal_throttle_init_device+0x0/0x3d returned 0 after 78 usecs
[    4.843560] calling  msr_init+0x0/0xd7 @ 1
[    4.849104] initcall msr_init+0x0/0xd7 returned 0 after 852 usecs
[    4.855978] calling  cpuid_init+0x0/0xd7 @ 1
[    4.861552] initcall cpuid_init+0x0/0xd7 returned 0 after 184 usecs
[    4.868738] calling  ioapic_init_ops+0x0/0x13 @ 1
[    4.875836] initcall ioapic_init_ops+0x0/0x13 returned 0 after 35 usecs
[    4.885239] calling  add_pcspkr+0x0/0x6c @ 1
[    4.891492] initcall add_pcspkr+0x0/0x6c returned 0 after 133 usecs
[    4.900977] calling  start_periodic_check_for_corruption+0x0/0x30 @ 1
[    4.908401] check: Scanning for low memory corruption every 60 seconds
[    4.915810] initcall start_periodic_check_for_corruption+0x0/0x30 returned 0 after 7278 usecs
[    4.925328] calling  sysfb_init+0x0/0x9c @ 1
[    4.930590] initcall sysfb_init+0x0/0x9c returned 0 after 411 usecs
[    4.937690] calling  audit_classes_init+0x0/0xae @ 1
[    4.943684] initcall audit_classes_init+0x0/0xae returned 0 after 122 usecs
[    4.951510] calling  iosf_mbi_init+0x0/0x24 @ 1
[    4.957073] initcall iosf_mbi_init+0x0/0x24 returned 0 after 392 usecs
[    4.964346] calling  proc_execdomains_init+0x0/0x21 @ 1
[    4.970247] initcall proc_execdomains_init+0x0/0x21 returned 0 after 8 usecs
[    4.978198] calling  register_warn_debugfs+0x0/0x23 @ 1
[    4.984024] initcall register_warn_debugfs+0x0/0x23 returned 0 after 17 usecs
[    4.992071] calling  ioresources_init+0x0/0x49 @ 1
[    4.997533] initcall ioresources_init+0x0/0x49 returned 0 after 23 usecs
[    5.006003] calling  lockdep_proc_init+0x0/0x64 @ 1
[    5.012288] initcall lockdep_proc_init+0x0/0x64 returned 0 after 33 usecs
[    5.019968] calling  snapshot_device_init+0x0/0xc @ 1
[    5.026717] initcall snapshot_device_init+0x0/0xc returned 0 after 978 usecs
[    5.034562] calling  irq_pm_init_ops+0x0/0x13 @ 1
[    5.041778] initcall irq_pm_init_ops+0x0/0x13 returned 0 after 29 usecs
[    5.049043] calling  rcu_torture_init+0x0/0x8bd @ 1
[    5.054575] srcud-torture:--- Start of test: nreaders=1 nfakewriters=4 stat_interval=15 verbose=1 test_no_idle_hz=1 shuffle_interval=3 stutter=5 irqreader=1 fqs_duration=0 fqs_holdoff=0 fqs_stutter=3 test_boost=1/0 test_boost_interval=7 test_boost_duration=4 shutdown_secs=1800 stall_cpu=0 stall_cpu_holdoff=10 stall_cpu_irqsoff=0 stall_cpu_block=0 n_barrier_cbs=4 onoff_interval=0 onoff_holdoff=0 read_exit_delay=13 read_exit_burst=16
[    5.095797] srcud:  Start-test grace-period state: g0 f0x0
[    5.101979] srcud-torture: Creating rcu_torture_writer task
[    5.108563] srcud-torture: Creating rcu_torture_fakewriter task
[    5.115449] srcud-torture: rcu_torture_writer task started
[    5.121558] srcud-torture: GP expediting controlled from boot/sysfs for srcud.
[    5.129648] rcu_torture_writer: Testing expedited GPs.
[    5.135430] rcu_torture_writer: Testing asynchronous GPs.
[    5.141386] rcu_torture_writer: Testing normal GPs.
[    5.146852] srcud-torture: Creating rcu_torture_fakewriter task
[    5.153620] srcud-torture: rcu_torture_fakewriter task started
[    5.160176] srcud-torture: Creating rcu_torture_fakewriter task
[    5.166868] srcud-torture: rcu_torture_fakewriter task started
[    5.174440] srcud-torture: Creating rcu_torture_fakewriter task
[    5.181165] srcud-torture: rcu_torture_fakewriter task started
[    5.188841] srcud-torture: Creating rcu_torture_reader task
[    5.195183] srcud-torture: rcu_torture_fakewriter task started
[    5.202253] srcud-torture: Creating rcu_torture_stats task
[    5.208429] srcud-torture: rcu_torture_reader task started
[    5.215322] srcud-torture: Creating torture_shuffle task
[    5.221478] srcud-torture: rcu_torture_stats task started
[    5.228275] srcud-torture: Creating torture_stutter task
[    5.234425] srcud-torture: torture_shuffle task started
[    5.241207] srcud-torture: Creating torture_shutdown task
[    5.247480] srcud-torture: torture_stutter task started
[    5.256038] srcud-torture: rcu_torture_fwd_prog_init: Disabled, unsupported by RCU flavor under test
[    5.266267] srcud-torture: Creating rcu_torture_barrier_cbs task
[    5.273199] srcud-torture: torture_shutdown task started
[    5.279129] srcud-torture:torture_shutdown task: 1799962 ms remaining
[    5.287282] srcud-torture: Creating rcu_torture_barrier_cbs task
[    5.295205] srcud-torture: rcu_torture_barrier_cbs task started
[    5.304178] srcud-torture: Creating rcu_torture_barrier_cbs task
[    5.312678] srcud-torture: rcu_torture_barrier_cbs task started
[    5.322481] srcud-torture: Creating rcu_torture_barrier_cbs task
[    5.329553] srcud-torture: rcu_torture_barrier_cbs task started
[    5.336632] srcud-torture: Creating rcu_torture_barrier task
[    5.343284] srcud-torture: rcu_torture_barrier_cbs task started
[    5.350377] srcud-torture: Creating rcu_torture_read_exit task
[    5.358227] srcud-torture: rcu_torture_barrier task starting
[    5.364940] initcall rcu_torture_init+0x0/0x8bd returned 0 after 303178 usecs
[    5.373192] calling  timekeeping_init_ops+0x0/0x13 @ 1
[    5.379099] initcall timekeeping_init_ops+0x0/0x13 returned 0 after 1 usecs
[    5.387131] calling  init_clocksource_sysfs+0x0/0x23 @ 1
[    5.393521] initcall init_clocksource_sysfs+0x0/0x23 returned 0 after 252 usecs
[    5.401844] calling  init_timer_list_procfs+0x0/0x31 @ 1
[    5.408062] initcall init_timer_list_procfs+0x0/0x31 returned 0 after 7 usecs
[    5.416158] calling  alarmtimer_init+0x0/0xf5 @ 1
[    5.421683] initcall alarmtimer_init+0x0/0xf5 returned 0 after 134 usecs
[    5.429368] calling  init_posix_timers+0x0/0x29 @ 1
[    5.435122] initcall init_posix_timers+0x0/0x29 returned 0 after 27 usecs
[    5.442889] calling  clockevents_init_sysfs+0x0/0x8b @ 1
[    5.449195] initcall clockevents_init_sysfs+0x0/0x8b returned 0 after 209 usecs
[    5.458099] calling  proc_dma_init+0x0/0x21 @ 1
[    5.463277] initcall proc_dma_init+0x0/0x21 returned 0 after 30 usecs
[    5.471915] calling  proc_modules_init+0x0/0x1e @ 1
[    5.477763] initcall proc_modules_init+0x0/0x1e returned 0 after 8 usecs
[    5.485233] calling  kallsyms_init+0x0/0x21 @ 1
[    5.490509] initcall kallsyms_init+0x0/0x21 returned 0 after 5 usecs
[    5.497658] calling  pid_namespaces_init+0x0/0x2c @ 1
[    5.503624] initcall pid_namespaces_init+0x0/0x2c returned 0 after 14 usecs
[    5.511848] calling  audit_watch_init+0x0/0x37 @ 1
[    5.517314] initcall audit_watch_init+0x0/0x37 returned 0 after 27 usecs
[    5.524794] calling  audit_fsnotify_init+0x0/0x37 @ 1
[    5.530585] initcall audit_fsnotify_init+0x0/0x37 returned 0 after 2 usecs
[    5.538268] calling  audit_tree_init+0x0/0x6d @ 1
[    5.543633] initcall audit_tree_init+0x0/0x6d returned 0 after 8 usecs
[    5.551214] calling  seccomp_sysctl_init+0x0/0x2b @ 1
[    5.557065] initcall seccomp_sysctl_init+0x0/0x2b returned 0 after 32 usecs
[    5.564962] calling  utsname_sysctl_init+0x0/0x13 @ 1
[    5.570762] initcall utsname_sysctl_init+0x0/0x13 returned 0 after 8 usecs
[    5.578586] calling  init_tracepoints+0x0/0x27 @ 1
[    5.584368] initcall init_tracepoints+0x0/0x27 returned 0 after 32 usecs
[    5.592383] calling  init_blk_tracer+0x0/0x50 @ 1
[    5.599260] initcall init_blk_tracer+0x0/0x50 returned 0 after 532 usecs
[    5.607303] calling  perf_event_sysfs_init+0x0/0x83 @ 1
[    5.615486] initcall perf_event_sysfs_init+0x0/0x83 returned 0 after 767 usecs
[    5.627033] calling  system_trusted_keyring_init+0x0/0x5f @ 1
[    5.636019] Initialise system trusted keyrings
[    5.642654] initcall system_trusted_keyring_init+0x0/0x5f returned 0 after 6476 usecs
[    5.651537] calling  kswapd_init+0x0/0x13 @ 1
[    5.656588] srcud-torture: rcu_torture_read_exit: Start of test
[    5.664335] initcall kswapd_init+0x0/0x13 returned 0 after 7578 usecs
[    5.671879] calling  extfrag_debug_init+0x0/0x54 @ 1
[    5.677678] initcall extfrag_debug_init+0x0/0x54 returned 0 after 78 usecs
[    5.686705] calling  slab_proc_init+0x0/0x21 @ 1
[    5.693028] initcall slab_proc_init+0x0/0x21 returned 0 after 21 usecs
[    5.701649] calling  workingset_init+0x0/0x8c @ 1
[    5.707293] workingset: timestamp_bits=62 max_order=17 bucket_order=0
[    5.714831] initcall workingset_init+0x0/0x8c returned 0 after 7359 usecs
[    5.723831] calling  proc_vmalloc_init+0x0/0x27 @ 1
[    5.729989] initcall proc_vmalloc_init+0x0/0x27 returned 0 after 8 usecs
[    5.739482] calling  procswaps_init+0x0/0x1e @ 1
[    5.746212] initcall procswaps_init+0x0/0x1e returned 0 after 8 usecs
[    5.755505] calling  slab_sysfs_init+0x0/0xec @ 1
[    5.769251] initcall slab_sysfs_init+0x0/0xec returned 0 after 6772 usecs
[    5.777159] calling  fcntl_init+0x0/0x29 @ 1
[    5.782223] initcall fcntl_init+0x0/0x29 returned 0 after 11 usecs
[    5.790426] calling  proc_filesystems_init+0x0/0x21 @ 1
[    5.796839] initcall proc_filesystems_init+0x0/0x21 returned 0 after 7 usecs
[    5.805240] calling  start_dirtytime_writeback+0x0/0x29 @ 1
[    5.811806] initcall start_dirtytime_writeback+0x0/0x29 returned 0 after 2 usecs
[    5.822390] calling  blkdev_init+0x0/0x1b @ 1
[    5.829699] initcall blkdev_init+0x0/0x1b returned 0 after 776 usecs
[    5.839003] calling  dio_init+0x0/0x2c @ 1
[    5.845258] initcall dio_init+0x0/0x2c returned 0 after 101 usecs
[    5.852571] calling  dnotify_init+0x0/0x78 @ 1
[    5.858185] initcall dnotify_init+0x0/0x78 returned 0 after 139 usecs
[    5.865687] calling  aio_setup+0x0/0x78 @ 1
[    5.870864] initcall aio_setup+0x0/0x78 returned 0 after 185 usecs
[    5.878072] calling  io_uring_init+0x0/0x2c @ 1
[    5.883421] initcall io_uring_init+0x0/0x2c returned 0 after 15 usecs
[    5.890797] calling  mbcache_init+0x0/0x30 @ 1
[    5.896060] initcall mbcache_init+0x0/0x30 returned 0 after 150 usecs
[    5.903606] calling  init_grace+0x0/0xc @ 1
[    5.908809] initcall init_grace+0x0/0xc returned 0 after 6 usecs
[    5.916312] calling  init_v2_quota_format+0x0/0x21 @ 1
[    5.924160] initcall init_v2_quota_format+0x0/0x21 returned 0 after 264 usecs
[    5.934332] calling  init_devpts_fs+0x0/0x27 @ 1
[    5.941868] initcall init_devpts_fs+0x0/0x27 returned 0 after 41 usecs
[    5.952097] calling  ext4_init_fs+0x0/0x1c2 @ 1
[    5.960190] initcall ext4_init_fs+0x0/0x1c2 returned 0 after 1224 usecs
[    5.968455] calling  journal_init+0x0/0x11c @ 1
[    5.974248] initcall journal_init+0x0/0x11c returned 0 after 177 usecs
[    5.982241] calling  init_fat_fs+0x0/0x49 @ 1
[    5.987832] initcall init_fat_fs+0x0/0x49 returned 0 after 198 usecs
[    5.995682] calling  init_vfat_fs+0x0/0xc @ 1
[    6.001243] initcall init_vfat_fs+0x0/0xc returned 0 after 5 usecs
[    6.009082] calling  init_msdos_fs+0x0/0xc @ 1
[    6.014667] initcall init_msdos_fs+0x0/0xc returned 0 after 4 usecs
[    6.022465] calling  init_iso9660_fs+0x0/0x6c @ 1
[    6.028872] initcall init_iso9660_fs+0x0/0x6c returned 0 after 654 usecs
[    6.037594] calling  init_nfs_fs+0x0/0x13a @ 1
[    6.047388] initcall init_nfs_fs+0x0/0x13a returned 0 after 4078 usecs
[    6.055441] calling  init_nfs_v2+0x0/0x13 @ 1
[    6.061900] initcall init_nfs_v2+0x0/0x13 returned 0 after 90 usecs
[    6.069341] calling  init_nfs_v3+0x0/0x13 @ 1
[    6.074612] initcall init_nfs_v3+0x0/0x13 returned 0 after 2 usecs
[    6.082087] calling  init_nfs_v4+0x0/0x32 @ 1
[    6.087505] NFS: Registering the id_resolver key type
[    6.093795] Key type id_resolver registered
[    6.099053] Key type id_legacy registered
[    6.104207] initcall init_nfs_v4+0x0/0x32 returned 0 after 16330 usecs
[    6.112437] calling  init_nlm+0x0/0x5b @ 1
[    6.117533] initcall init_nlm+0x0/0x5b returned 0 after 70 usecs
[    6.124847] calling  init_nls_cp437+0x0/0xe @ 1
[    6.130744] initcall init_nls_cp437+0x0/0xe returned 0 after 82 usecs
[    6.140265] calling  init_nls_ascii+0x0/0xe @ 1
[    6.146937] initcall init_nls_ascii+0x0/0xe returned 0 after 2 usecs
[    6.156585] calling  init_nls_iso8859_1+0x0/0xe @ 1
[    6.163846] initcall init_nls_iso8859_1+0x0/0xe returned 0 after 1 usecs
[    6.172121] calling  init_nls_utf8+0x0/0x21 @ 1
[    6.177975] initcall init_nls_utf8+0x0/0x21 returned 0 after 1 usecs
[    6.186163] calling  init_autofs_fs+0x0/0x25 @ 1
[    6.192238] initcall init_autofs_fs+0x0/0x25 returned 0 after 394 usecs
[    6.200472] calling  ipc_init+0x0/0x24 @ 1
[    6.206480] initcall ipc_init+0x0/0x24 returned 0 after 77 usecs
[    6.215634] calling  ipc_sysctl_init+0x0/0x13 @ 1
[    6.223098] initcall ipc_sysctl_init+0x0/0x13 returned 0 after 15 usecs
[    6.233030] calling  init_mqueue_fs+0x0/0xb1 @ 1
[    6.239918] initcall init_mqueue_fs+0x0/0xb1 returned 0 after 575 usecs
[    6.248557] calling  key_proc_init+0x0/0x63 @ 1
[    6.256910] initcall key_proc_init+0x0/0x63 returned 0 after 10 usecs
[    6.265390] calling  selinux_nf_ip_init+0x0/0x2e @ 1
[    6.271903] initcall selinux_nf_ip_init+0x0/0x2e returned 0 after 29 usecs
[    6.281224] calling  init_sel_fs+0x0/0x116 @ 1
[    6.287207] initcall init_sel_fs+0x0/0x116 returned 0 after 1 usecs
[    6.295531] calling  selnl_init+0x0/0x7c @ 1
[    6.301356] initcall selnl_init+0x0/0x7c returned 0 after 94 usecs
[    6.310741] calling  sel_netif_init+0x0/0x36 @ 1
[    6.317729] initcall sel_netif_init+0x0/0x36 returned 0 after 0 usecs
[    6.327324] calling  sel_netnode_init+0x0/0x33 @ 1
[    6.334704] initcall sel_netnode_init+0x0/0x33 returned 0 after 0 usecs
[    6.344524] calling  sel_netport_init+0x0/0x33 @ 1
[    6.350670] initcall sel_netport_init+0x0/0x33 returned 0 after 1 usecs
[    6.359162] calling  aurule_init+0x0/0x2a @ 1
[    6.365047] initcall aurule_init+0x0/0x2a returned 0 after 3 usecs
[    6.373548] calling  crypto_algapi_init+0x0/0xc @ 1
[    6.380024] initcall crypto_algapi_init+0x0/0xc returned 0 after 78 usecs
[    6.388417] calling  jent_mod_init+0x0/0x2d @ 1
[    6.404462] initcall jent_mod_init+0x0/0x2d returned 0 after 10119 usecs
[    6.413619] calling  asymmetric_key_init+0x0/0xc @ 1
[    6.420449] Key type asymmetric registered
[    6.426225] initcall asymmetric_key_init+0x0/0xc returned 0 after 5639 usecs
[    6.435844] calling  x509_key_init+0x0/0xc @ 1
[    6.442325] Asymmetric key parser 'x509' registered
[    6.449201] initcall x509_key_init+0x0/0xc returned 0 after 6850 usecs
[    6.458212] calling  proc_genhd_init+0x0/0x41 @ 1
[    6.464816] initcall proc_genhd_init+0x0/0x41 returned 0 after 30 usecs
[    6.473553] calling  bsg_init+0x0/0x113 @ 1
[    6.479206] Block layer SCSI generic (bsg) driver version 0.4 loaded (major 251)
[    6.488996] initcall bsg_init+0x0/0x113 returned 0 after 9582 usecs
[    6.498925] calling  deadline_init+0x0/0xc @ 1
[    6.505076] io scheduler mq-deadline registered
[    6.512121] initcall deadline_init+0x0/0xc returned 0 after 7026 usecs
[    6.522292] calling  kyber_init+0x0/0xc @ 1
[    6.528849] io scheduler kyber registered
[    6.534600] initcall kyber_init+0x0/0xc returned 0 after 5614 usecs
[    6.544568] calling  mod_init+0x0/0x7 @ 1
[    6.550762] initcall mod_init+0x0/0x7 returned 0 after 0 usecs
[    6.559320] calling  sg_pool_init+0x0/0xb4 @ 1
[    6.566413] initcall sg_pool_init+0x0/0xb4 returned 0 after 255 usecs
[    6.576125] calling  pcie_portdrv_init+0x0/0x39 @ 1
[    6.583211] initcall pcie_portdrv_init+0x0/0x39 returned 0 after 60 usecs
[    6.593362] calling  pci_proc_init+0x0/0x68 @ 1
[    6.600253] initcall pci_proc_init+0x0/0x68 returned 0 after 29 usecs
[    6.610047] calling  pci_hotplug_init+0x0/0x7 @ 1
[    6.617270] initcall pci_hotplug_init+0x0/0x7 returned 0 after 0 usecs
[    6.626866] calling  efifb_driver_init+0x0/0xe @ 1
[    6.633960] initcall efifb_driver_init+0x0/0xe returned 0 after 38 usecs
[    6.644074] calling  ged_driver_init+0x0/0xe @ 1
[    6.650703] initcall ged_driver_init+0x0/0xe returned 0 after 56 usecs
[    6.660510] calling  acpi_ac_init+0x0/0x92 @ 1
[    6.667205] initcall acpi_ac_init+0x0/0x92 returned 0 after 554 usecs
[    6.676185] calling  acpi_button_driver_init+0x0/0x52 @ 1
[    6.684511] input: Power Button as /devices/LNXSYSTM:00/LNXPWRBN:00/input/input0
[    6.695691] ACPI: Power Button [PWRF]
[    6.701121] initcall acpi_button_driver_init+0x0/0x52 returned 0 after 16890 usecs
[    6.711855] calling  acpi_fan_driver_init+0x0/0xe @ 1
[    6.720414] initcall acpi_fan_driver_init+0x0/0xe returned 0 after 78 usecs
[    6.731412] calling  acpi_video_init+0x0/0xcb @ 1
[    6.740186] initcall acpi_video_init+0x0/0xcb returned 0 after 150 usecs
[    6.752911] calling  acpi_processor_driver_init+0x0/0xad @ 1
[    6.762290] initcall acpi_processor_driver_init+0x0/0xad returned 0 after 635 usecs
[    6.772875] calling  acpi_thermal_init+0x0/0x71 @ 1
[    6.780282] initcall acpi_thermal_init+0x0/0x71 returned 0 after 338 usecs
[    6.789747] calling  acpi_battery_init+0x0/0x32 @ 1
[    6.798799] initcall acpi_battery_init+0x0/0x32 returned 0 after 75 usecs
[    6.808263] calling  bgrt_init+0x0/0xb6 @ 1
[    6.814427] initcall bgrt_init+0x0/0xb6 returned -19 after 0 usecs
[    6.823062] calling  gpio_clk_driver_init+0x0/0xe @ 1
[    6.830645] initcall gpio_clk_driver_init+0x0/0xe returned 0 after 39 usecs
[    6.840638] calling  plt_clk_driver_init+0x0/0xe @ 1
[    6.847707] initcall plt_clk_driver_init+0x0/0xe returned 0 after 31 usecs
[    6.857483] calling  virtio_pci_driver_init+0x0/0x15 @ 1
[    6.865497] initcall virtio_pci_driver_init+0x0/0x15 returned 0 after 116 usecs
[    6.875293] calling  n_null_init+0x0/0x1e @ 1
[    6.881573] initcall n_null_init+0x0/0x1e returned 0 after 48 usecs
[    6.890411] calling  pty_init+0x0/0x1e8 @ 1
[    6.898503] initcall pty_init+0x0/0x1e8 returned 0 after 2058 usecs
[    6.908027] calling  sysrq_init+0x0/0x62 @ 1
[    6.914379] initcall sysrq_init+0x0/0x62 returned 0 after 12 usecs
[    6.923067] calling  serial8250_init+0x0/0x17e @ 1
[    6.930307] Serial: 8250/16550 driver, 4 ports, IRQ sharing enabled
[    6.942181] 00:03: ttyS0 at I/O 0x3f8 (irq = 4, base_baud = 115200) is a 16550A
[    6.957380] initcall serial8250_init+0x0/0x17e returned 0 after 26482 usecs
[    6.967489] calling  serial_pci_driver_init+0x0/0x15 @ 1
[    6.976992] initcall serial_pci_driver_init+0x0/0x15 returned 0 after 257 usecs
[    6.988166] calling  exar_pci_driver_init+0x0/0x15 @ 1
[    6.996218] initcall exar_pci_driver_init+0x0/0x15 returned 0 after 60 usecs
[    7.006580] calling  lpss8250_pci_driver_init+0x0/0x15 @ 1
[    7.014741] initcall lpss8250_pci_driver_init+0x0/0x15 returned 0 after 38 usecs
[    7.024941] calling  mid8250_pci_driver_init+0x0/0x15 @ 1
[    7.033380] initcall mid8250_pci_driver_init+0x0/0x15 returned 0 after 47 usecs
[    7.044310] calling  virtio_console_init+0x0/0xff @ 1
[    7.052334] initcall virtio_console_init+0x0/0xff returned 0 after 247 usecs
[    7.062190] calling  hpet_init+0x0/0x64 @ 1
[    7.069765] initcall hpet_init+0x0/0x64 returned 0 after 804 usecs
[    7.079571] calling  nvram_module_init+0x0/0x83 @ 1
[    7.087200] Non-volatile memory driver v1.3
[    7.094134] initcall nvram_module_init+0x0/0x83 returned 0 after 7027 usecs
[    7.104911] calling  hwrng_modinit+0x0/0x8a @ 1
[    7.112262] initcall hwrng_modinit+0x0/0x8a returned 0 after 179 usecs
[    7.122257] calling  mod_init+0x0/0x48 @ 1
[    7.128306] initcall mod_init+0x0/0x48 returned -19 after 0 usecs
[    7.138028] calling  agp_init+0x0/0x23 @ 1
[    7.143937] Linux agpgart interface v0.103
[    7.150265] initcall agp_init+0x0/0x23 returned 0 after 6175 usecs
[    7.159861] calling  agp_amd64_mod_init+0x0/0x5 @ 1
[    7.167871] initcall agp_amd64_mod_init+0x0/0x5 returned -19 after 314 usecs
[    7.179299] calling  agp_intel_init+0x0/0x28 @ 1
[    7.187923] initcall agp_intel_init+0x0/0x28 returned 0 after 2083 usecs
[    7.199379] calling  drm_kms_helper_init+0x0/0x7 @ 1
[    7.207951] initcall drm_kms_helper_init+0x0/0x7 returned 0 after 0 usecs
[    7.219885] calling  drm_core_init+0x0/0xbd @ 1
[    7.229519] initcall drm_core_init+0x0/0xbd returned 0 after 1234 usecs
[    7.240870] calling  i915_init+0x0/0x6b @ 1
[    7.248128] initcall i915_init+0x0/0x6b returned 0 after 1052 usecs
[    7.257271] calling  cn_proc_init+0x0/0x35 @ 1
[    7.264530] initcall cn_proc_init+0x0/0x35 returned 0 after 574 usecs
[    7.276000] calling  topology_sysfs_init+0x0/0x27 @ 1
[    7.285449] initcall topology_sysfs_init+0x0/0x27 returned 0 after 64 usecs
[    7.297147] calling  cacheinfo_sysfs_init+0x0/0x27 @ 1
[    7.306338] initcall cacheinfo_sysfs_init+0x0/0x27 returned 0 after 550 usecs
[    7.318247] calling  loop_init+0x0/0x16a @ 1
[    7.398729] loop: module loaded
[    7.404025] initcall loop_init+0x0/0x16a returned 0 after 76378 usecs
[    7.413520] calling  mac_hid_init+0x0/0x21 @ 1
[    7.420712] initcall mac_hid_init+0x0/0x21 returned 0 after 105 usecs
[    7.430440] calling  spi_transport_init+0x0/0x74 @ 1
[    7.438067] initcall spi_transport_init+0x0/0x74 returned 0 after 268 usecs
[    7.448341] calling  init_sd+0x0/0x18c @ 1
[    7.454860] initcall init_sd+0x0/0x18c returned 0 after 265 usecs
[    7.464289] calling  init_sr+0x0/0x43 @ 1
[    7.470570] initcall init_sr+0x0/0x43 returned 0 after 77 usecs
[    7.479388] calling  init_sg+0x0/0x1c0 @ 1
[    7.486870] initcall init_sg+0x0/0x1c0 returned 0 after 156 usecs
[    7.496097] calling  ahci_pci_driver_init+0x0/0x15 @ 1
[    7.504195] ahci 0000:00:1f.2: version 3.0
[    7.516590] PCI Interrupt Link [GSIA] enabled at IRQ 16
[    7.540664] ahci 0000:00:1f.2: AHCI 0001.0000 32 slots 6 ports 1.5 Gbps 0x3f impl SATA mode
[    7.553297] ahci 0000:00:1f.2: flags: 64bit ncq only 
[    7.580780] scsi host0: ahci
[    7.588871] scsi host1: ahci
[    7.594835] scsi host2: ahci
[    7.601775] scsi host3: ahci
[    7.608790] scsi host4: ahci
[    7.614924] scsi host5: ahci
[    7.624711] ata1: SATA max UDMA/133 abar m4096@0xfebf1000 port 0xfebf1100 irq 24
[    7.636942] ata2: SATA max UDMA/133 abar m4096@0xfebf1000 port 0xfebf1180 irq 24
[    7.648150] ata3: SATA max UDMA/133 abar m4096@0xfebf1000 port 0xfebf1200 irq 24
[    7.660198] ata4: SATA max UDMA/133 abar m4096@0xfebf1000 port 0xfebf1280 irq 24
[    7.672294] ata5: SATA max UDMA/133 abar m4096@0xfebf1000 port 0xfebf1300 irq 24
[    7.683812] ata6: SATA max UDMA/133 abar m4096@0xfebf1000 port 0xfebf1380 irq 24
[    7.695594] initcall ahci_pci_driver_init+0x0/0x15 returned 0 after 187519 usecs
[    7.707051] calling  piix_init+0x0/0x26 @ 1
[    7.713614] initcall piix_init+0x0/0x26 returned 0 after 235 usecs
[    7.723198] calling  amd_pci_driver_init+0x0/0x15 @ 1
[    7.731079] initcall amd_pci_driver_init+0x0/0x15 returned 0 after 68 usecs
[    7.741997] calling  oldpiix_pci_driver_init+0x0/0x15 @ 1
[    7.750231] initcall oldpiix_pci_driver_init+0x0/0x15 returned 0 after 60 usecs
[    7.761359] calling  sch_pci_driver_init+0x0/0x15 @ 1
[    7.769068] initcall sch_pci_driver_init+0x0/0x15 returned 0 after 161 usecs
[    7.779191] calling  net_olddevs_init+0x0/0x55 @ 1
[    7.786930] initcall net_olddevs_init+0x0/0x55 returned 0 after 18 usecs
[    7.818085] calling  blackhole_netdev_init+0x0/0x78 @ 1
[    7.841541] initcall blackhole_netdev_init+0x0/0x78 returned 0 after 7672 usecs
[    7.852975] calling  phy_module_init+0x0/0x13 @ 1
[    7.867365] initcall phy_module_init+0x0/0x13 returned 0 after 6537 usecs
[    7.878322] calling  tg3_driver_init+0x0/0x15 @ 1
[    7.888327] initcall tg3_driver_init+0x0/0x15 returned 0 after 2404 usecs
[    7.899018] calling  e100_init_module+0x0/0x4c @ 1
[    7.906578] e100: Intel(R) PRO/100 Network Driver
[    7.914143] e100: Copyright(c) 1999-2006 Intel Corporation
[    7.922967] initcall e100_init_module+0x0/0x4c returned 0 after 16024 usecs
[    7.933874] calling  e1000_init_module+0x0/0x72 @ 1
[    7.941918] e1000: Intel(R) PRO/1000 Network Driver
[    7.949659] e1000: Copyright (c) 1999-2006 Intel Corporation.
[    7.959139] initcall e1000_init_module+0x0/0x72 returned 0 after 16829 usecs
[    7.970757] calling  e1000_init_module+0x0/0x2d @ 1
[    7.979456] e1000e: Intel(R) PRO/1000 Network Driver
[    7.987850] e1000e: Copyright(c) 1999 - 2015 Intel Corporation.
[    7.998218] initcall e1000_init_module+0x0/0x2d returned 0 after 18398 usecs
[    8.010217] calling  sky2_init_module+0x0/0x21 @ 1
[    8.018522] sky2: driver version 1.30
[    8.025235] initcall sky2_init_module+0x0/0x21 returned 0 after 6553 usecs
[    8.037191] calling  forcedeth_pci_driver_init+0x0/0x15 @ 1
[    8.046802] initcall forcedeth_pci_driver_init+0x0/0x15 returned 0 after 87 usecs
[    8.059869] calling  rtl8139_init_module+0x0/0x15 @ 1
[    8.069655] initcall rtl8139_init_module+0x0/0x15 returned 0 after 126 usecs
[    8.082571] calling  rtl8169_pci_driver_init+0x0/0x15 @ 1
[    8.091817] initcall rtl8169_pci_driver_init+0x0/0x15 returned 0 after 86 usecs
[    8.105058] calling  cdrom_init+0x0/0xc @ 1
[    8.113917] initcall cdrom_init+0x0/0xc returned 0 after 1401 usecs
[    8.124900] calling  nonstatic_sysfs_init+0x0/0xc @ 1
[    8.133520] initcall nonstatic_sysfs_init+0x0/0xc returned 0 after 121 usecs
[    8.143976] calling  yenta_cardbus_driver_init+0x0/0x15 @ 1
[    8.152769] initcall yenta_cardbus_driver_init+0x0/0x15 returned 0 after 220 usecs
[    8.163473] calling  mon_init+0x0/0x144 @ 1
[    8.222504] initcall mon_init+0x0/0x144 returned 0 after 50414 usecs
[    8.232103] calling  ehci_hcd_init+0x0/0x55 @ 1
[    8.238919] ehci_hcd: USB 2.0 'Enhanced' Host Controller (EHCI) Driver
[    8.250368] initcall ehci_hcd_init+0x0/0x55 returned 0 after 11254 usecs
[    8.260696] calling  ehci_pci_init+0x0/0x64 @ 1
[    8.267438] ehci-pci: EHCI PCI platform driver
[    8.274745] initcall ehci_pci_init+0x0/0x64 returned 0 after 7133 usecs
[    8.284464] calling  ohci_hcd_mod_init+0x0/0x4d @ 1
[    8.291442] ohci_hcd: USB 1.1 'Open' Host Controller (OHCI) Driver
[    8.302003] initcall ohci_hcd_mod_init+0x0/0x4d returned 0 after 10310 usecs
[    8.313656] calling  ohci_pci_init+0x0/0x64 @ 1
[    8.321547] ohci-pci: OHCI PCI platform driver
[    8.328880] initcall ohci_pci_init+0x0/0x64 returned 0 after 7371 usecs
[    8.339017] calling  uhci_hcd_init+0x0/0xa6 @ 1
[    8.346287] uhci_hcd: USB Universal Host Controller Interface driver
[    8.357903] initcall uhci_hcd_init+0x0/0xa6 returned 0 after 11341 usecs
[    8.368116] calling  xhci_hcd_init+0x0/0x1e @ 1
[    8.375277] initcall xhci_hcd_init+0x0/0x1e returned 0 after 45 usecs
[    8.385236] calling  xhci_pci_init+0x0/0x49 @ 1
[    8.392386] initcall xhci_pci_init+0x0/0x49 returned 0 after 271 usecs
[    8.402534] calling  usblp_driver_init+0x0/0x15 @ 1
[    8.410470] usbcore: registered new interface driver usblp
[    8.419054] initcall usblp_driver_init+0x0/0x15 returned 0 after 9060 usecs
[    8.429305] calling  usb_storage_driver_init+0x0/0x2a @ 1
[    8.437914] usbcore: registered new interface driver usb-storage
[    8.447418] initcall usb_storage_driver_init+0x0/0x2a returned 0 after 9443 usecs
[    8.459208] calling  i8042_init+0x0/0x4c2 @ 1
[    8.471236] i8042: PNP: PS/2 Controller [PNP0303:KBD,PNP0f13:MOU] at 0x60,0x64 irq 1,12
[    8.502459] serio: i8042 KBD port at 0x60,0x64 irq 1
[    8.511419] serio: i8042 AUX port at 0x60,0x64 irq 12
[    8.520135] initcall i8042_init+0x0/0x4c2 returned 0 after 51397 usecs
[    8.530244] calling  serport_init+0x0/0x2c @ 1
[    8.537443] initcall serport_init+0x0/0x2c returned 0 after 442 usecs
[    8.547142] calling  input_leds_init+0x0/0xc @ 1
[    8.554827] initcall input_leds_init+0x0/0xc returned 0 after 366 usecs
[    8.565433] calling  evdev_init+0x0/0xc @ 1
[    8.585159] initcall evdev_init+0x0/0xc returned 0 after 13061 usecs
[    8.595460] calling  atkbd_init+0x0/0x21 @ 1
[    8.603925] initcall atkbd_init+0x0/0x21 returned 0 after 306 usecs
[    8.614827] calling  psmouse_init+0x0/0x7f @ 1
[    8.630743] initcall psmouse_init+0x0/0x7f returned 0 after 2563 usecs
[    8.642715] calling  cmos_init+0x0/0x73 @ 1
[    8.651718] rtc_cmos 00:04: RTC can wake from S4
[    8.677029] input: AT Translated Set 2 keyboard as /devices/platform/i8042/serio0/input/input1
[    8.700070] ata4: SATA link down (SStatus 0 SControl 300)
[    8.710918] ata1: SATA link down (SStatus 0 SControl 300)
[    8.723176] ata2: SATA link down (SStatus 0 SControl 300)
[    8.735079] ata3: SATA link up 1.5 Gbps (SStatus 113 SControl 300)
[    8.746154] ata3.00: ATAPI: QEMU DVD-ROM, 2.5+, max UDMA/100
[    8.755080] ata3.00: applying bridge limits
[    8.762869] ata3.00: configured for UDMA/100
[    8.783621] scsi 2:0:0:0: CD-ROM            QEMU     QEMU DVD-ROM     2.5+ PQ: 0 ANSI: 5
[    8.804197] ata5: SATA link down (SStatus 0 SControl 300)
[    8.846043] sr 2:0:0:0: [sr0] scsi3-mmc drive: 4x/4x cd/rw xa/form2 tray
[    8.856214] cdrom: Uniform CD-ROM driver Revision: 3.20
[    8.867212] rtc_cmos 00:04: registered as rtc0
[    8.874851] rtc_cmos 00:04: alarms up to one day, y3k, 242 bytes nvram, hpet irqs
[    8.885868] initcall cmos_init+0x0/0x73 returned 0 after 231030 usecs
[    8.895421] calling  smbalert_driver_init+0x0/0xe @ 1
[    8.903360] initcall smbalert_driver_init+0x0/0xe returned 0 after 109 usecs
[    8.914690] calling  i2c_i801_init+0x0/0xc5 @ 1
[    8.929281] i801_smbus 0000:00:1f.3: SMBus using PCI interrupt
[    8.941794] i2c i2c-0: 1/1 memory slots populated (from DMI)
[    8.950531] i2c i2c-0: Memory type 0x07 not supported yet, not instantiating SPD
[    8.961900] initcall i2c_i801_init+0x0/0xc5 returned 0 after 39296 usecs
[    8.972228] calling  ptp_kvm_init+0x0/0xf0 @ 1
[    8.981643] ata6: SATA link down (SStatus 0 SControl 300)
[    9.003193] sr 2:0:0:0: Attached scsi CD-ROM sr0
[    9.014366] sr 2:0:0:0: Attached scsi generic sg0 type 5
[    9.029528] initcall ptp_kvm_init+0x0/0xf0 returned 0 after 49139 usecs
[    9.040247] calling  dm_init+0x0/0x3c @ 1
[    9.060614] device-mapper: ioctl: 4.43.0-ioctl (2020-10-01) initialised: dm-devel@redhat.com
[    9.073148] initcall dm_init+0x0/0x3c returned 0 after 25439 usecs
[    9.081889] calling  dm_mirror_init+0x0/0x29 @ 1
[    9.088680] initcall dm_mirror_init+0x0/0x29 returned 0 after 75 usecs
[    9.098264] calling  dm_dirty_log_init+0x0/0x4f @ 1
[    9.106277] initcall dm_dirty_log_init+0x0/0x4f returned 0 after 162 usecs
[    9.115382] calling  dm_zero_init+0x0/0x29 @ 1
[    9.121678] initcall dm_zero_init+0x0/0x29 returned 0 after 2 usecs
[    9.130372] calling  intel_pstate_init+0x0/0x4a4 @ 1
[    9.137629] intel_pstate: CPU model not supported
[    9.143967] initcall intel_pstate_init+0x0/0x4a4 returned -19 after 6363 usecs
[    9.155024] calling  haltpoll_init+0x0/0xc0 @ 1
[    9.163638] initcall haltpoll_init+0x0/0xc0 returned -19 after 101 usecs
[    9.174802] calling  efivars_sysfs_init+0x0/0x30 @ 1
[    9.183906] initcall efivars_sysfs_init+0x0/0x30 returned 0 after 106 usecs
[    9.196307] calling  esrt_sysfs_init+0x0/0x2a2 @ 1
[    9.204896] initcall esrt_sysfs_init+0x0/0x2a2 returned -38 after 63 usecs
[    9.217601] calling  hid_init+0x0/0x5c @ 1
[    9.228167] hid: raw HID events driver (C) Jiri Kosina
[    9.235894] initcall hid_init+0x0/0x5c returned 0 after 10048 usecs
[    9.245073] calling  hid_generic_init+0x0/0x15 @ 1
[    9.251984] initcall hid_generic_init+0x0/0x15 returned 0 after 597 usecs
[    9.261277] calling  a4_driver_init+0x0/0x15 @ 1
[    9.268348] initcall a4_driver_init+0x0/0x15 returned 0 after 110 usecs
[    9.278314] calling  apple_driver_init+0x0/0x15 @ 1
[    9.286254] initcall apple_driver_init+0x0/0x15 returned 0 after 358 usecs
[    9.296589] calling  belkin_driver_init+0x0/0x15 @ 1
[    9.304453] initcall belkin_driver_init+0x0/0x15 returned 0 after 169 usecs
[    9.315314] calling  ch_driver_init+0x0/0x15 @ 1
[    9.322192] initcall ch_driver_init+0x0/0x15 returned 0 after 39 usecs
[    9.331533] calling  ch_driver_init+0x0/0x15 @ 1
[    9.338707] initcall ch_driver_init+0x0/0x15 returned 0 after 44 usecs
[    9.348080] calling  cp_driver_init+0x0/0x15 @ 1
[    9.354950] initcall cp_driver_init+0x0/0x15 returned 0 after 35 usecs
[    9.364409] calling  ez_driver_init+0x0/0x15 @ 1
[    9.371389] initcall ez_driver_init+0x0/0x15 returned 0 after 34 usecs
[    9.381211] calling  gyration_driver_init+0x0/0x15 @ 1
[    9.389351] initcall gyration_driver_init+0x0/0x15 returned 0 after 88 usecs
[    9.400407] calling  ite_driver_init+0x0/0x15 @ 1
[    9.407799] initcall ite_driver_init+0x0/0x15 returned 0 after 47 usecs
[    9.421120] calling  ks_driver_init+0x0/0x15 @ 1
[    9.428451] initcall ks_driver_init+0x0/0x15 returned 0 after 45 usecs
[    9.438549] calling  lg_driver_init+0x0/0x15 @ 1
[    9.446711] initcall lg_driver_init+0x0/0x15 returned 0 after 152 usecs
[    9.458082] calling  lg_g15_driver_init+0x0/0x15 @ 1
[    9.466810] initcall lg_g15_driver_init+0x0/0x15 returned 0 after 86 usecs
[    9.478906] calling  ms_driver_init+0x0/0x15 @ 1
[    9.487080] initcall ms_driver_init+0x0/0x15 returned 0 after 39 usecs
[    9.497662] calling  mr_driver_init+0x0/0x15 @ 1
[    9.505635] initcall mr_driver_init+0x0/0x15 returned 0 after 47 usecs
[    9.516293] calling  ntrig_driver_init+0x0/0x15 @ 1
[    9.524366] initcall ntrig_driver_init+0x0/0x15 returned 0 after 54 usecs
[    9.535569] calling  pl_driver_init+0x0/0x15 @ 1
[    9.543790] initcall pl_driver_init+0x0/0x15 returned 0 after 72 usecs
[    9.555556] calling  pl_driver_init+0x0/0x15 @ 1
[    9.563757] initcall pl_driver_init+0x0/0x15 returned 0 after 187 usecs
[    9.574934] calling  redragon_driver_init+0x0/0x15 @ 1
[    9.583254] initcall redragon_driver_init+0x0/0x15 returned 0 after 49 usecs
[    9.594796] calling  samsung_driver_init+0x0/0x15 @ 1
[    9.603474] initcall samsung_driver_init+0x0/0x15 returned 0 after 50 usecs
[    9.614642] calling  sony_init+0x0/0x38 @ 1
[    9.621828] initcall sony_init+0x0/0x38 returned 0 after 50 usecs
[    9.631820] calling  sp_driver_init+0x0/0x15 @ 1
[    9.639709] initcall sp_driver_init+0x0/0x15 returned 0 after 152 usecs
[    9.650821] calling  ts_driver_init+0x0/0x15 @ 1
[    9.658549] initcall ts_driver_init+0x0/0x15 returned 0 after 46 usecs
[    9.669315] calling  hid_init+0x0/0x58 @ 1
[    9.677060] usbcore: registered new interface driver usbhid
[    9.686153] usbhid: USB HID core driver
[    9.692707] initcall hid_init+0x0/0x58 returned 0 after 15409 usecs
[    9.702488] calling  eeepc_laptop_init+0x0/0x57 @ 1
[    9.711760] initcall eeepc_laptop_init+0x0/0x57 returned -19 after 831 usecs
[    9.724309] calling  pmc_atom_init+0x0/0x27a @ 1
[    9.732294] initcall pmc_atom_init+0x0/0x27a returned -19 after 8 usecs
[    9.743482] calling  alsa_hwdep_init+0x0/0x5e @ 1
[    9.752227] initcall alsa_hwdep_init+0x0/0x5e returned 0 after 919 usecs
[    9.763394] calling  alsa_timer_init+0x0/0x1f9 @ 1
[   10.004236] input: ImExPS/2 Generic Explorer Mouse as /devices/platform/i8042/serio1/input/input3
[   10.588149] initcall alsa_timer_init+0x0/0x1f9 returned 0 after 797481 usecs
[   10.598451] calling  snd_hrtimer_init+0x0/0x117 @ 1
[   10.605557] initcall snd_hrtimer_init+0x0/0x117 returned 0 after 6 usecs
[   10.615511] calling  alsa_pcm_init+0x0/0x64 @ 1
[   10.622798] initcall alsa_pcm_init+0x0/0x64 returned 0 after 48 usecs
[   10.632874] calling  alsa_seq_init+0x0/0x4a @ 1
[   10.701522] initcall alsa_seq_init+0x0/0x4a returned 0 after 60207 usecs
[   10.711736] calling  alsa_seq_dummy_init+0x0/0x9c @ 1
[   10.719328] initcall alsa_seq_dummy_init+0x0/0x9c returned 0 after 109 usecs
[   10.729532] calling  azx_driver_init+0x0/0x15 @ 1
[   10.736721] initcall azx_driver_init+0x0/0x15 returned 0 after 168 usecs
[   10.746787] calling  sock_diag_init+0x0/0x2a @ 1
[   10.754376] initcall sock_diag_init+0x0/0x2a returned 0 after 758 usecs
[   10.763849] calling  blackhole_init+0x0/0xc @ 1
[   10.770463] initcall blackhole_init+0x0/0xc returned 0 after 16 usecs
[   10.778987] calling  nfnetlink_init+0x0/0x61 @ 1
[   10.785795] initcall nfnetlink_init+0x0/0x61 returned 0 after 375 usecs
[   10.794379] calling  nfnetlink_log_init+0x0/0x99 @ 1
[   10.802286] initcall nfnetlink_log_init+0x0/0x99 returned 0 after 1128 usecs
[   10.812135] calling  nf_conntrack_standalone_init+0x0/0x87 @ 1
[   10.823146] initcall nf_conntrack_standalone_init+0x0/0x87 returned 0 after 2671 usecs
[   10.834483] calling  ctnetlink_init+0x0/0x83 @ 1
[   10.841066] initcall ctnetlink_init+0x0/0x83 returned 0 after 152 usecs
[   10.850461] calling  nf_conntrack_ftp_init+0x0/0x12c @ 1
[   10.858188] initcall nf_conntrack_ftp_init+0x0/0x12c returned 0 after 45 usecs
[   10.868872] calling  nf_conntrack_irc_init+0x0/0x129 @ 1
[   10.876923] initcall nf_conntrack_irc_init+0x0/0x129 returned 0 after 140 usecs
[   10.890304] calling  nf_conntrack_sip_init+0x0/0x172 @ 1
[   10.897406] initcall nf_conntrack_sip_init+0x0/0x172 returned 0 after 8 usecs
[   10.907007] calling  nf_nat_init+0x0/0xf0 @ 1
[   10.914121] initcall nf_nat_init+0x0/0xf0 returned 0 after 640 usecs
[   10.923703] calling  nf_nat_ftp_init+0x0/0x2a @ 1
[   10.930793] initcall nf_nat_ftp_init+0x0/0x2a returned 0 after 54 usecs
[   10.940549] calling  nf_nat_irc_init+0x0/0x2a @ 1
[   10.947733] initcall nf_nat_irc_init+0x0/0x2a returned 0 after 1 usecs
[   10.957534] calling  nf_nat_sip_init+0x0/0x36 @ 1
[   10.964830] initcall nf_nat_sip_init+0x0/0x36 returned 0 after 4 usecs
[   10.975119] calling  xt_init+0x0/0x113 @ 1
[   10.981809] initcall xt_init+0x0/0x113 returned 0 after 83 usecs
[   10.991447] calling  tcpudp_mt_init+0x0/0x11 @ 1
[   10.999771] initcall tcpudp_mt_init+0x0/0x11 returned 0 after 333 usecs
[   11.009811] calling  connsecmark_tg_init+0x0/0xc @ 1
[   11.017154] initcall connsecmark_tg_init+0x0/0xc returned 0 after 2 usecs
[   11.027077] calling  nflog_tg_init+0x0/0xc @ 1
[   11.033871] initcall nflog_tg_init+0x0/0xc returned 0 after 2 usecs
[   11.042979] calling  secmark_tg_init+0x0/0x11 @ 1
[   11.049692] initcall secmark_tg_init+0x0/0x11 returned 0 after 2 usecs
[   11.058933] calling  tcpmss_tg_init+0x0/0x11 @ 1
[   11.066199] initcall tcpmss_tg_init+0x0/0x11 returned 0 after 2 usecs
[   11.076081] calling  conntrack_mt_init+0x0/0x11 @ 1
[   11.083441] initcall conntrack_mt_init+0x0/0x11 returned 0 after 2 usecs
[   11.093328] calling  policy_mt_init+0x0/0x11 @ 1
[   11.100264] initcall policy_mt_init+0x0/0x11 returned 0 after 3 usecs
[   11.110863] calling  state_mt_init+0x0/0xc @ 1
[   11.118520] initcall state_mt_init+0x0/0xc returned 0 after 2 usecs
[   11.127684] calling  gre_offload_init+0x0/0x48 @ 1
[   11.134911] initcall gre_offload_init+0x0/0x48 returned 0 after 153 usecs
[   11.144693] calling  sysctl_ipv4_init+0x0/0x46 @ 1
[   11.152669] initcall sysctl_ipv4_init+0x0/0x46 returned 0 after 173 usecs
[   11.162538] calling  tunnel4_init+0x0/0x58 @ 1
[   11.169184] initcall tunnel4_init+0x0/0x58 returned 0 after 42 usecs
[   11.178394] calling  nf_defrag_init+0x0/0xc @ 1
[   11.185016] initcall nf_defrag_init+0x0/0xc returned 0 after 23 usecs
[   11.194199] calling  ip_tables_init+0x0/0x8d @ 1
[   11.201227] initcall ip_tables_init+0x0/0x8d returned 0 after 194 usecs
[   11.210663] calling  iptable_filter_init+0x0/0x4c @ 1
[   11.218915] initcall iptable_filter_init+0x0/0x4c returned 0 after 948 usecs
[   11.227731] calling  iptable_mangle_init+0x0/0xb8 @ 1
[   11.234370] initcall iptable_mangle_init+0x0/0xb8 returned 0 after 162 usecs
[   11.244099] calling  reject_tg_init+0x0/0xc @ 1
[   11.250439] initcall reject_tg_init+0x0/0xc returned 0 after 2 usecs
[   11.259236] calling  cubictcp_register+0x0/0x53 @ 1
[   11.266101] initcall cubictcp_register+0x0/0x53 returned 0 after 45 usecs
[   11.275613] calling  xfrm_user_init+0x0/0x45 @ 1
[   11.281994] Initializing XFRM netlink socket
[   11.288203] initcall xfrm_user_init+0x0/0x45 returned 0 after 6060 usecs
[   11.297521] calling  inet6_init+0x0/0x35e @ 1
[   11.305201] NET: Registered protocol family 10
[   11.325671] srcud-torture: rcu_torture_read_exit: End of episode
[   11.335928] Segment Routing with IPv6
[   11.341211] initcall inet6_init+0x0/0x35e returned 0 after 36799 usecs
[   11.350140] calling  ah6_init+0x0/0x71 @ 1
[   11.355878] initcall ah6_init+0x0/0x71 returned 0 after 51 usecs
[   11.364177] calling  esp6_init+0x0/0x71 @ 1
[   11.370379] initcall esp6_init+0x0/0x71 returned 0 after 3 usecs
[   11.379103] calling  ip6_tables_init+0x0/0x8d @ 1
[   11.385928] initcall ip6_tables_init+0x0/0x8d returned 0 after 53 usecs
[   11.395272] calling  ip6table_filter_init+0x0/0x4c @ 1
[   11.403650] initcall ip6table_filter_init+0x0/0x4c returned 0 after 357 usecs
[   11.414451] calling  ip6table_mangle_init+0x0/0xb8 @ 1
[   11.422171] initcall ip6table_mangle_init+0x0/0xb8 returned 0 after 209 usecs
[   11.432635] calling  nf_defrag_init+0x0/0x45 @ 1
[   11.439496] initcall nf_defrag_init+0x0/0x45 returned 0 after 63 usecs
[   11.448901] calling  ipv6header_mt6_init+0x0/0xc @ 1
[   11.455923] initcall ipv6header_mt6_init+0x0/0xc returned 0 after 2 usecs
[   11.465212] calling  reject_tg6_init+0x0/0xc @ 1
[   11.471559] initcall reject_tg6_init+0x0/0xc returned 0 after 2 usecs
[   11.480692] calling  sit_init+0x0/0xc3 @ 1
[   11.486407] sit: IPv6, IPv4 and MPLS over IPv4 tunneling driver
[   11.497140] initcall sit_init+0x0/0xc3 returned 0 after 10477 usecs
[   11.508743] calling  packet_init+0x0/0x75 @ 1
[   11.515081] NET: Registered protocol family 17
[   11.521771] initcall packet_init+0x0/0x75 returned 0 after 6546 usecs
[   11.531000] calling  init_rpcsec_gss+0x0/0x60 @ 1
[   11.538462] initcall init_rpcsec_gss+0x0/0x60 returned 0 after 637 usecs
