c[?7l[2J[0mSeaBIOS (version 1.16.0-debian-1.16.0-4)
Booting from ROM...
early console in setup code
c[?7l[2J[    0.000000] Linux version 5.10.158+ (root@joelboxx.c.googlers.com) (gcc (Debian 12.2.0-3) 12.2.0, GNU ld (GNU Binutils for Debian) 2.39) #8 SMP Tue Dec 13 22:46:07 UTC 2022
[    0.000000] Command line: selinux=0 initcall_debug debug console=ttyS0 rcutorture.torture_type=srcu rcutorture.onoff_interval=1000 rcutorture.onoff_holdoff=30 rcutorture.n_barrier_cbs=4 rcutorture.stat_interval=15 rcutorture.shutdown_secs=3600 rcutorture.test_no_idle_hz=1 rcutorture.verbose=1
[    0.000000] x86/fpu: x87 FPU will use FXSAVE
[    0.000000] BIOS-provided physical RAM map:
[    0.000000] BIOS-e820: [mem 0x0000000000000000-0x000000000009fbff] usable
[    0.000000] BIOS-e820: [mem 0x000000000009fc00-0x000000000009ffff] reserved
[    0.000000] BIOS-e820: [mem 0x00000000000f0000-0x00000000000fffff] reserved
[    0.000000] BIOS-e820: [mem 0x0000000000100000-0x000000001ffdefff] usable
[    0.000000] BIOS-e820: [mem 0x000000001ffdf000-0x000000001fffffff] reserved
[    0.000000] BIOS-e820: [mem 0x00000000b0000000-0x00000000bfffffff] reserved
[    0.000000] BIOS-e820: [mem 0x00000000fed1c000-0x00000000fed1ffff] reserved
[    0.000000] BIOS-e820: [mem 0x00000000feffc000-0x00000000feffffff] reserved
[    0.000000] BIOS-e820: [mem 0x00000000fffc0000-0x00000000ffffffff] reserved
[    0.000000] NX (Execute Disable) protection: active
[    0.000000] SMBIOS 2.8 present.
[    0.000000] DMI: QEMU Standard PC (Q35 + ICH9, 2009), BIOS 1.16.0-debian-1.16.0-4 04/01/2014
[    0.000000] Hypervisor detected: KVM
[    0.000000] kvm-clock: Using msrs 4b564d01 and 4b564d00
[    0.000000] kvm-clock: cpu 0, msr 1b69a001, primary cpu clock
[    0.000001] kvm-clock: using sched offset of 3568344429 cycles
[    0.000447] clocksource: kvm-clock: mask: 0xffffffffffffffff max_cycles: 0x1cd42e4dffb, max_idle_ns: 881590591483 ns
[    0.000631] tsc: Detected 1999.999 MHz processor
[    0.012869] e820: update [mem 0x00000000-0x00000fff] usable ==> reserved
[    0.012875] e820: remove [mem 0x000a0000-0x000fffff] usable
[    0.012882] last_pfn = 0x1ffdf max_arch_pfn = 0x400000000
[    0.014138] MTRR default type: write-back
[    0.014284] MTRR fixed ranges enabled:
[    0.014286]   00000-9FFFF write-back
[    0.014288]   A0000-BFFFF uncachable
[    0.014289]   C0000-FFFFF write-protect
[    0.014291] MTRR variable ranges enabled:
[    0.014293]   0 base 00C0000000 mask FFC0000000 uncachable
[    0.014294]   1 disabled
[    0.014296]   2 disabled
[    0.014297]   3 disabled
[    0.014297]   4 disabled
[    0.014299]   5 disabled
[    0.014300]   6 disabled
[    0.014301]   7 disabled
[    0.014919] x86/PAT: Configuration [0-7]: WB  WC  UC- UC  WB  WC  UC- UC  
[    0.027335] found SMP MP-table at [mem 0x000f5ba0-0x000f5baf]
[    0.031890] check: Scanning 1 areas for low memory corruption
[    0.048581] ACPI: Early table checksum verification disabled
[    0.054821] ACPI: RSDP 0x00000000000F59E0 000014 (v00 BOCHS )
[    0.055593] ACPI: RSDT 0x000000001FFE23B1 000038 (v01 BOCHS  BXPC     00000001 BXPC 00000001)
[    0.056057] ACPI: FACP 0x000000001FFE2191 0000F4 (v03 BOCHS  BXPC     00000001 BXPC 00000001)
[    0.056313] ACPI: DSDT 0x000000001FFE0040 002151 (v01 BOCHS  BXPC     00000001 BXPC 00000001)
[    0.056322] ACPI: FACS 0x000000001FFE0000 000040
[    0.056329] ACPI: APIC 0x000000001FFE2285 000090 (v01 BOCHS  BXPC     00000001 BXPC 00000001)
[    0.056337] ACPI: HPET 0x000000001FFE2315 000038 (v01 BOCHS  BXPC     00000001 BXPC 00000001)
[    0.056344] ACPI: MCFG 0x000000001FFE234D 00003C (v01 BOCHS  BXPC     00000001 BXPC 00000001)
[    0.056350] ACPI: WAET 0x000000001FFE2389 000028 (v01 BOCHS  BXPC     00000001 BXPC 00000001)
[    0.056357] ACPI: Reserving FACP table memory at [mem 0x1ffe2191-0x1ffe2284]
[    0.056359] ACPI: Reserving DSDT table memory at [mem 0x1ffe0040-0x1ffe2190]
[    0.056361] ACPI: Reserving FACS table memory at [mem 0x1ffe0000-0x1ffe003f]
[    0.056363] ACPI: Reserving APIC table memory at [mem 0x1ffe2285-0x1ffe2314]
[    0.056364] ACPI: Reserving HPET table memory at [mem 0x1ffe2315-0x1ffe234c]
[    0.056366] ACPI: Reserving MCFG table memory at [mem 0x1ffe234d-0x1ffe2388]
[    0.056368] ACPI: Reserving WAET table memory at [mem 0x1ffe2389-0x1ffe23b0]
[    0.058260] ACPI: Local APIC address 0xfee00000
[    0.064253] No NUMA configuration found
[    0.064256] Faking a node at [mem 0x0000000000000000-0x000000001ffdefff]
[    0.064548] NODE_DATA(0) allocated [mem 0x1ffdb000-0x1ffdefff]
[    0.066924] Zone ranges:
[    0.067174]   DMA      [mem 0x0000000000001000-0x0000000000ffffff]
[    0.067261]   DMA32    [mem 0x0000000001000000-0x000000001ffdefff]
[    0.067263]   Normal   empty
[    0.067264] Movable zone start for each node
[    0.067266] Early memory node ranges
[    0.067453]   node   0: [mem 0x0000000000001000-0x000000000009efff]
[    0.067497]   node   0: [mem 0x0000000000100000-0x000000001ffdefff]
[    0.067537] Initmem setup node 0 [mem 0x0000000000001000-0x000000001ffdefff]
[    0.067538] On node 0 totalpages: 130941
[    0.067794]   DMA zone: 64 pages used for memmap
[    0.067795]   DMA zone: 21 pages reserved
[    0.067796]   DMA zone: 3998 pages, LIFO batch:0
[    0.067797]   DMA32 zone: 1984 pages used for memmap
[    0.067798]   DMA32 zone: 126943 pages, LIFO batch:31
[    0.134457] On node 0, zone DMA: 1 pages in unavailable ranges
[    0.138278] On node 0, zone DMA: 97 pages in unavailable ranges
[    0.392169] On node 0, zone DMA32: 33 pages in unavailable ranges
[    0.395615] ACPI: PM-Timer IO Port: 0x608
[    0.395620] ACPI: Local APIC address 0xfee00000
[    0.396350] ACPI: LAPIC_NMI (acpi_id[0xff] dfl dfl lint[0x1])
[    0.397831] IOAPIC[0]: apic_id 0, version 17, address 0xfec00000, GSI 0-23
[    0.397836] ACPI: INT_SRC_OVR (bus 0 bus_irq 0 global_irq 2 dfl dfl)
[    0.397974] ACPI: INT_SRC_OVR (bus 0 bus_irq 5 global_irq 5 high level)
[    0.397975] ACPI: INT_SRC_OVR (bus 0 bus_irq 9 global_irq 9 high level)
[    0.398086] ACPI: INT_SRC_OVR (bus 0 bus_irq 10 global_irq 10 high level)
[    0.398088] ACPI: INT_SRC_OVR (bus 0 bus_irq 11 global_irq 11 high level)
[    0.398090] ACPI: IRQ0 used by override.
[    0.398091] ACPI: IRQ5 used by override.
[    0.398092] ACPI: IRQ9 used by override.
[    0.398093] ACPI: IRQ10 used by override.
[    0.398094] ACPI: IRQ11 used by override.
[    0.398153] Using ACPI (MADT) for SMP configuration information
[    0.398205] ACPI: HPET id: 0x8086a201 base: 0xfed00000
[    0.398835] smpboot: Allowing 4 CPUs, 0 hotplug CPUs
[    0.401437] PM: hibernation: Registered nosave memory: [mem 0x00000000-0x00000fff]
[    0.401440] PM: hibernation: Registered nosave memory: [mem 0x0009f000-0x0009ffff]
[    0.401441] PM: hibernation: Registered nosave memory: [mem 0x000a0000-0x000effff]
[    0.401442] PM: hibernation: Registered nosave memory: [mem 0x000f0000-0x000fffff]
[    0.401445] [mem 0x20000000-0xafffffff] available for PCI devices
[    0.401625] Booting paravirtualized kernel on KVM
[    0.402717] clocksource: refined-jiffies: mask: 0xffffffff max_cycles: 0xffffffff, max_idle_ns: 1910969940391419 ns
[    0.442998] setup_percpu: NR_CPUS:4 nr_cpumask_bits:4 nr_cpu_ids:4 nr_node_ids:1
[    0.538978] percpu: Embedded 56 pages/cpu s191128 r8192 d30056 u524288
[    0.539036] pcpu-alloc: s191128 r8192 d30056 u524288 alloc=1*2097152
[    0.539129] pcpu-alloc: [0] 0 1 2 3 
[    0.539905] kvm-guest: stealtime: cpu 0, msr 1f41b600
[    0.540153] Built 1 zonelists, mobility grouping on.  Total pages: 128872
[    0.540155] Policy zone: DMA32
[    0.540211] Kernel command line: selinux=0 initcall_debug debug console=ttyS0 rcutorture.torture_type=srcu rcutorture.onoff_interval=1000 rcutorture.onoff_holdoff=30 rcutorture.n_barrier_cbs=4 rcutorture.stat_interval=15 rcutorture.shutdown_secs=3600 rcutorture.test_no_idle_hz=1 rcutorture.verbose=1
[    0.557479] Dentry cache hash table entries: 65536 (order: 7, 524288 bytes, linear)
[    0.560859] Inode-cache hash table entries: 32768 (order: 6, 262144 bytes, linear)
[    0.561897] mem auto-init: stack:all(zero), heap alloc:off, heap free:off
[    0.599886] Memory: 480680K/523764K available (14349K kernel code, 2529K rwdata, 4664K rodata, 1484K init, 1536K bss, 42824K reserved, 0K cma-reserved)
[    0.600843] SLUB: HWalign=64, Order=0-3, MinObjects=0, CPUs=4, Nodes=1
[    0.601357] Kernel/User page tables isolation: enabled
[    0.670600] rcu: Hierarchical RCU implementation.
[    0.670673] 	Trampoline variant of Tasks RCU enabled.
[    0.670674] 	Rude variant of Tasks RCU enabled.
[    0.670675] 	Tracing variant of Tasks RCU enabled.
[    0.670853] rcu: RCU calculated value of scheduler-enlistment delay is 100 jiffies.
[    0.700122] NR_IRQS: 4352, nr_irqs: 456, preallocated irqs: 16
[    0.704847] calling  con_init+0x0/0x22a @ 0
[    0.882206] Console: colour VGA+ 80x25
[    0.882217] initcall con_init+0x0/0x22a returned 0 after 0 usecs
[    0.882219] calling  hvc_console_init+0x0/0x13 @ 0
[    0.882283] initcall hvc_console_init+0x0/0x13 returned 0 after 0 usecs
[    0.882285] calling  univ8250_console_init+0x0/0x26 @ 0
[    1.806636] printk: console [ttyS0] enabled
[    1.812136] initcall univ8250_console_init+0x0/0x26 returned 0 after 0 usecs
[    1.821512] ACPI: Core revision 20200925
[    1.828578] clocksource: hpet: mask: 0xffffffff max_cycles: 0xffffffff, max_idle_ns: 19112604467 ns
[    1.841809] APIC: Switch to symmetric I/O mode setup
[    1.862038] ..TIMER: vector=0x30 apic1=0 pin1=2 apic2=-1 pin2=-1
[    1.869203] clocksource: tsc-early: mask: 0xffffffffffffffff max_cycles: 0x39a85afc727, max_idle_ns: 881590685098 ns
[    1.881270] Calibrating delay loop (skipped) preset value.. 3999.99 BogoMIPS (lpj=1999999)
[    1.882027] pid_max: default: 32768 minimum: 301
[    1.884311] LSM: Security Framework initializing
[    1.885393] Mount-cache hash table entries: 1024 (order: 1, 8192 bytes, linear)
[    1.886992] Mountpoint-cache hash table entries: 1024 (order: 1, 8192 bytes, linear)
[    1.895310] Last level iTLB entries: 4KB 0, 2MB 0, 4MB 0
[    1.895965] Last level dTLB entries: 4KB 0, 2MB 0, 4MB 0, 1GB 0
[    1.897230] Spectre V1 : Mitigation: usercopy/swapgs barriers and __user pointer sanitization
[    1.897985] Spectre V2 : Mitigation: Retpolines
[    1.898966] Spectre V2 : Spectre v2 / SpectreRSB mitigation: Filling RSB on context switch
[    1.899985] Spectre V2 : Spectre v2 / SpectreRSB : Filling RSB on VMEXIT
[    1.901965] Speculative Store Bypass: Vulnerable
[    1.903097] MDS: Vulnerable: Clear CPU buffers attempted, no microcode
[    1.903964] MMIO Stale Data: Unknown: No mitigations
[    2.003458] Freeing SMP alternatives memory: 44K
[    2.105961] smpboot: CPU0: Intel Common KVM processor (family: 0xf, model: 0x6, stepping: 0x1)
[    2.108126] calling  init_hw_perf_events+0x0/0x6ce @ 1
[    2.108983] Performance Events: unsupported Netburst CPU model 6 no PMU driver, software events only.
[    2.109970] initcall init_hw_perf_events+0x0/0x6ce returned 0 after 976 usecs
[    2.110967] calling  init_real_mode+0x0/0x1e9 @ 1
[    2.112581] initcall init_real_mode+0x0/0x1e9 returned 0 after 0 usecs
[    2.112968] calling  trace_init_perf_perm_irq_work_exit+0x0/0x12 @ 1
[    2.113966] initcall trace_init_perf_perm_irq_work_exit+0x0/0x12 returned 0 after 0 usecs
[    2.115009] calling  validate_x2apic+0x0/0x4a @ 1
[    2.115988] initcall validate_x2apic+0x0/0x4a returned 0 after 0 usecs
[    2.116970] calling  register_nmi_cpu_backtrace_handler+0x0/0x15 @ 1
[    2.117971] initcall register_nmi_cpu_backtrace_handler+0x0/0x15 returned 0 after 0 usecs
[    2.118971] calling  kvm_setup_vsyscall_timeinfo+0x0/0xd1 @ 1
[    2.119971] initcall kvm_setup_vsyscall_timeinfo+0x0/0xd1 returned 0 after 0 usecs
[    2.122143] calling  spawn_ksoftirqd+0x0/0x38 @ 1
[    2.124504] initcall spawn_ksoftirqd+0x0/0x38 returned 0 after 976 usecs
[    2.124969] calling  migration_init+0x0/0x33 @ 1
[    2.125969] initcall migration_init+0x0/0x33 returned 0 after 0 usecs
[    2.126971] calling  srcu_bootup_announce+0x0/0x2f @ 1
[    2.127965] rcu: Hierarchical SRCU implementation.
[    2.128968] initcall srcu_bootup_announce+0x0/0x2f returned 0 after 976 usecs
[    2.129968] calling  rcu_spawn_gp_kthread+0x0/0x1b0 @ 1
[    2.131967] initcall rcu_spawn_gp_kthread+0x0/0x1b0 returned 0 after 976 usecs
[    2.132968] calling  check_cpu_stall_init+0x0/0x1a @ 1
[    2.133968] initcall check_cpu_stall_init+0x0/0x1a returned 0 after 0 usecs
[    2.134967] calling  rcu_sysrq_init+0x0/0x21 @ 1
[    2.135967] initcall rcu_sysrq_init+0x0/0x21 returned 0 after 0 usecs
[    2.136999] calling  trace_init_flags_sys_enter+0x0/0xe @ 1
[    2.137985] initcall trace_init_flags_sys_enter+0x0/0xe returned 0 after 0 usecs
[    2.138968] calling  trace_init_flags_sys_exit+0x0/0xe @ 1
[    2.139967] initcall trace_init_flags_sys_exit+0x0/0xe returned 0 after 0 usecs
[    2.140969] calling  cpu_stop_init+0x0/0x6e @ 1
[    2.142240] initcall cpu_stop_init+0x0/0x6e returned 0 after 0 usecs
[    2.142975] calling  init_kprobes+0x0/0x165 @ 1
[    2.146739] initcall init_kprobes+0x0/0x165 returned 0 after 1953 usecs
[    2.146969] calling  init_events+0x0/0x3d @ 1
[    2.149318] initcall init_events+0x0/0x3d returned 0 after 976 usecs
[    2.149968] calling  init_trace_printk+0x0/0xc @ 1
[    2.150970] initcall init_trace_printk+0x0/0xc returned 0 after 0 usecs
[    2.151971] calling  event_trace_enable_again+0x0/0x23 @ 1
[    2.152971] initcall event_trace_enable_again+0x0/0x23 returned 0 after 0 usecs
[    2.154070] calling  static_call_init+0x0/0x77 @ 1
[    2.155010] initcall static_call_init+0x0/0x77 returned 0 after 0 usecs
[    2.155969] calling  jump_label_init_module+0x0/0xc @ 1
[    2.156968] initcall jump_label_init_module+0x0/0xc returned 0 after 0 usecs
[    2.157987] calling  init_zero_pfn+0x0/0x37 @ 1
[    2.158967] initcall init_zero_pfn+0x0/0x37 returned 0 after 0 usecs
[    2.159968] calling  initialize_ptr_random+0x0/0x54 @ 1
[    2.160970] initcall initialize_ptr_random+0x0/0x54 returned 0 after 0 usecs
[    2.161986] calling  efi_memreserve_root_init+0x0/0x25 @ 1
[    2.163041] initcall efi_memreserve_root_init+0x0/0x25 returned 0 after 0 usecs
[    2.163973] calling  efi_earlycon_remap_fb+0x0/0x51 @ 1
[    2.164970] initcall efi_earlycon_remap_fb+0x0/0x51 returned 0 after 0 usecs
[    2.167751] smp: Bringing up secondary CPUs ...
[    2.169526] x86: Booting SMP configuration:
[    2.170022] .... node  #0, CPUs:      #1
[    1.175271] kvm-clock: cpu 1, msr 1b69a041, secondary cpu clock
[    2.196117] kvm-guest: stealtime: cpu 1, msr 1f49b600
[    2.210992]  #2
[    1.175271] kvm-clock: cpu 2, msr 1b69a081, secondary cpu clock
[    2.234167] kvm-guest: stealtime: cpu 2, msr 1f51b600
[    2.251532]  #3
[    1.175271] kvm-clock: cpu 3, msr 1b69a0c1, secondary cpu clock
[    2.274140] kvm-guest: stealtime: cpu 3, msr 1f59b600
[    2.288091] smp: Brought up 1 node, 4 CPUs
[    2.288968] smpboot: Max logical packages: 1
[    2.289966] smpboot: Total of 4 processors activated (15999.99 BogoMIPS)
[    2.309295] devtmpfs: initialized
[    2.313361] calling  ipc_ns_init+0x0/0x3d @ 1
[    2.314024] initcall ipc_ns_init+0x0/0x3d returned 0 after 0 usecs
[    2.314972] calling  init_mmap_min_addr+0x0/0x21 @ 1
[    2.315972] initcall init_mmap_min_addr+0x0/0x21 returned 0 after 0 usecs
[    2.316975] calling  pci_realloc_setup_params+0x0/0x3f @ 1
[    2.317990] initcall pci_realloc_setup_params+0x0/0x3f returned 0 after 0 usecs
[    2.318973] calling  net_ns_init+0x0/0x11c @ 1
[    2.322030] initcall net_ns_init+0x0/0x11c returned 0 after 1953 usecs
[    2.322990] calling  e820__register_nvs_regions+0x0/0x37 @ 1
[    2.323968] initcall e820__register_nvs_regions+0x0/0x37 returned 0 after 0 usecs
[    2.324969] calling  cpufreq_register_tsc_scaling+0x0/0x2e @ 1
[    2.325969] initcall cpufreq_register_tsc_scaling+0x0/0x2e returned 0 after 0 usecs
[    2.326969] calling  reboot_init+0x0/0x3c @ 1
[    2.328017] initcall reboot_init+0x0/0x3c returned 0 after 0 usecs
[    2.328967] calling  init_lapic_sysfs+0x0/0x20 @ 1
[    2.329969] initcall init_lapic_sysfs+0x0/0x20 returned 0 after 0 usecs
[    2.330971] calling  alloc_frozen_cpus+0x0/0x7 @ 1
[    2.331968] initcall alloc_frozen_cpus+0x0/0x7 returned 0 after 0 usecs
[    2.332970] calling  cpu_hotplug_pm_sync_init+0x0/0x13 @ 1
[    2.333971] initcall cpu_hotplug_pm_sync_init+0x0/0x13 returned 0 after 0 usecs
[    2.334968] calling  wq_sysfs_init+0x0/0x2a @ 1
[    2.336029] initcall wq_sysfs_init+0x0/0x2a returned 0 after 0 usecs
[    2.336968] calling  ksysfs_init+0x0/0x92 @ 1
[    2.337973] initcall ksysfs_init+0x0/0x92 returned 0 after 0 usecs
[    2.338967] calling  schedutil_gov_init+0x0/0xc @ 1
[    2.339994] initcall schedutil_gov_init+0x0/0xc returned 0 after 0 usecs
[    2.340967] calling  pm_init+0x0/0x76 @ 1
[    2.342028] initcall pm_init+0x0/0x76 returned 0 after 0 usecs
[    2.342966] calling  pm_disk_init+0x0/0x13 @ 1
[    2.343986] initcall pm_disk_init+0x0/0x13 returned 0 after 0 usecs
[    2.344966] calling  swsusp_header_init+0x0/0x2b @ 1
[    2.345971] initcall swsusp_header_init+0x0/0x2b returned 0 after 0 usecs
[    2.346968] calling  rcu_set_runtime_mode+0x0/0x16 @ 1
[    2.348051] initcall rcu_set_runtime_mode+0x0/0x16 returned 0 after 0 usecs
[    2.348969] calling  init_jiffies_clocksource+0x0/0x13 @ 1
[    2.349967] clocksource: jiffies: mask: 0xffffffff max_cycles: 0xffffffff, max_idle_ns: 1911260446275000 ns
[    2.350970] initcall init_jiffies_clocksource+0x0/0x13 returned 0 after 976 usecs
[    2.351969] calling  futex_init+0x0/0xfa @ 1
[    2.352970] futex hash table entries: 1024 (order: 4, 65536 bytes, linear)
[    2.354290] initcall futex_init+0x0/0xfa returned 0 after 976 usecs
[    2.354970] calling  cgroup_wq_init+0x0/0x28 @ 1
[    2.355976] initcall cgroup_wq_init+0x0/0x28 returned 0 after 0 usecs
[    2.356968] calling  cgroup1_wq_init+0x0/0x28 @ 1
[    2.358034] initcall cgroup1_wq_init+0x0/0x28 returned 0 after 0 usecs
[    2.358968] calling  init_kprobe_trace_early+0x0/0x2a @ 1
[    2.360037] initcall init_kprobe_trace_early+0x0/0x2a returned 0 after 0 usecs
[    2.360968] calling  fsnotify_init+0x0/0x48 @ 1
[    2.361980] initcall fsnotify_init+0x0/0x48 returned 0 after 0 usecs
[    2.362968] calling  filelock_init+0x0/0x96 @ 1
[    2.363996] initcall filelock_init+0x0/0x96 returned 0 after 0 usecs
[    2.364967] calling  init_misc_binfmt+0x0/0x2c @ 1
[    2.365996] initcall init_misc_binfmt+0x0/0x2c returned 0 after 0 usecs
[    2.367018] calling  init_script_binfmt+0x0/0x15 @ 1
[    2.367967] initcall init_script_binfmt+0x0/0x15 returned 0 after 0 usecs
[    2.368967] calling  init_elf_binfmt+0x0/0x15 @ 1
[    2.369970] initcall init_elf_binfmt+0x0/0x15 returned 0 after 0 usecs
[    2.370969] calling  init_compat_elf_binfmt+0x0/0x15 @ 1
[    2.371968] initcall init_compat_elf_binfmt+0x0/0x15 returned 0 after 0 usecs
[    2.372971] calling  debugfs_init+0x0/0x5c @ 1
[    2.373978] initcall debugfs_init+0x0/0x5c returned 0 after 0 usecs
[    2.374970] calling  tracefs_init+0x0/0x3a @ 1
[    2.375999] initcall tracefs_init+0x0/0x3a returned 0 after 0 usecs
[    2.376968] calling  prandom_init_early+0x0/0x15d @ 1
[    2.377969] initcall prandom_init_early+0x0/0x15d returned 0 after 0 usecs
[    2.379066] calling  virtio_init+0x0/0x20 @ 1
[    2.379999] initcall virtio_init+0x0/0x20 returned 0 after 0 usecs
[    2.380969] calling  iommu_init+0x0/0x2a @ 1
[    2.383033] initcall iommu_init+0x0/0x2a returned 0 after 0 usecs
[    2.383967] calling  component_debug_init+0x0/0x1c @ 1
[    2.385059] initcall component_debug_init+0x0/0x1c returned 0 after 0 usecs
[    2.385968] calling  early_resume_init+0x0/0xb9 @ 1
[    2.387965] PM: RTC time: 23:01:23, date: 2022-12-13
[    2.388972] initcall early_resume_init+0x0/0xb9 returned 0 after 1953 usecs
[    2.389969] calling  cpufreq_core_init+0x0/0x62 @ 1
[    2.390993] initcall cpufreq_core_init+0x0/0x62 returned 0 after 0 usecs
[    2.392968] calling  cpufreq_gov_performance_init+0x0/0xc @ 1
[    2.393969] initcall cpufreq_gov_performance_init+0x0/0xc returned 0 after 0 usecs
[    2.394969] calling  cpufreq_gov_userspace_init+0x0/0xc @ 1
[    2.395968] initcall cpufreq_gov_userspace_init+0x0/0xc returned 0 after 0 usecs
[    2.396968] calling  CPU_FREQ_GOV_ONDEMAND_init+0x0/0xc @ 1
[    2.397969] initcall CPU_FREQ_GOV_ONDEMAND_init+0x0/0xc returned 0 after 0 usecs
[    2.398970] calling  cpuidle_init+0x0/0x1f @ 1
[    2.400011] initcall cpuidle_init+0x0/0x1f returned 0 after 0 usecs
[    2.400975] calling  capsule_reboot_register+0x0/0xc @ 1
[    2.401995] initcall capsule_reboot_register+0x0/0xc returned 0 after 0 usecs
[    2.402972] calling  sock_init+0x0/0x93 @ 1
[    2.405219] initcall sock_init+0x0/0x93 returned 0 after 976 usecs
[    2.405969] calling  net_inuse_init+0x0/0x23 @ 1
[    2.406972] initcall net_inuse_init+0x0/0x23 returned 0 after 0 usecs
[    2.407970] calling  net_defaults_init+0x0/0x23 @ 1
[    2.408968] initcall net_defaults_init+0x0/0x23 returned 0 after 0 usecs
[    2.409968] calling  init_default_flow_dissectors+0x0/0x4f @ 1
[    2.410985] initcall init_default_flow_dissectors+0x0/0x4f returned 0 after 0 usecs
[    2.411968] calling  netpoll_init+0x0/0x26 @ 1
[    2.412967] initcall netpoll_init+0x0/0x26 returned 0 after 0 usecs
[    2.413967] calling  netlink_proto_init+0x0/0x14f @ 1
[    2.415495] NET: Registered protocol family 16
[    2.415998] initcall netlink_proto_init+0x0/0x14f returned 0 after 976 usecs
[    2.416982] calling  genl_init+0x0/0x35 @ 1
[    2.417980] initcall genl_init+0x0/0x35 returned 0 after 0 usecs
[    2.418987] calling  bsp_pm_check_init+0x0/0x13 @ 1
[    2.419971] initcall bsp_pm_check_init+0x0/0x13 returned 0 after 0 usecs
[    2.420994] calling  irq_sysfs_init+0x0/0xb7 @ 1
[    2.423040] initcall irq_sysfs_init+0x0/0xb7 returned 0 after 976 usecs
[    2.423972] calling  audit_init+0x0/0x160 @ 1
[    2.424970] audit: initializing netlink subsys (disabled)
[    2.427376] initcall audit_init+0x0/0x160 returned 0 after 1953 usecs
[    2.427225] audit: type=2000 audit(1670972482.683:1): state=initialized audit_enabled=0 res=1
[    2.427973] calling  release_early_probes+0x0/0x32 @ 1
[    2.429971] initcall release_early_probes+0x0/0x32 returned 0 after 0 usecs
[    2.431041] calling  bdi_class_init+0x0/0x48 @ 1
[    2.432016] initcall bdi_class_init+0x0/0x48 returned 0 after 0 usecs
[    2.432969] calling  mm_sysfs_init+0x0/0x28 @ 1
[    2.433976] initcall mm_sysfs_init+0x0/0x28 returned 0 after 0 usecs
[    2.434973] calling  init_per_zone_wmark_min+0x0/0x6d @ 1
[    2.435974] initcall init_per_zone_wmark_min+0x0/0x6d returned 0 after 0 usecs
[    2.436969] calling  mpi_init+0x0/0x3e @ 1
[    2.438021] initcall mpi_init+0x0/0x3e returned 0 after 0 usecs
[    2.438968] calling  kobject_uevent_init+0x0/0xc @ 1
[    2.439977] initcall kobject_uevent_init+0x0/0xc returned 0 after 0 usecs
[    2.440968] calling  pcibus_class_init+0x0/0x13 @ 1
[    2.442978] initcall pcibus_class_init+0x0/0x13 returned 0 after 976 usecs
[    2.443970] calling  pci_driver_init+0x0/0x21 @ 1
[    2.445141] initcall pci_driver_init+0x0/0x21 returned 0 after 0 usecs
[    2.445973] calling  backlight_class_init+0x0/0xa8 @ 1
[    2.447984] initcall backlight_class_init+0x0/0xa8 returned 0 after 976 usecs
[    2.448972] calling  tty_class_init+0x0/0x33 @ 1
[    2.449985] initcall tty_class_init+0x0/0x33 returned 0 after 0 usecs
[    2.450971] calling  vtconsole_class_init+0x0/0xb5 @ 1
[    2.453056] initcall vtconsole_class_init+0x0/0xb5 returned 0 after 976 usecs
[    2.454971] calling  iommu_dev_init+0x0/0x13 @ 1
[    2.457440] initcall iommu_dev_init+0x0/0x13 returned 0 after 0 usecs
[    2.457970] calling  mipi_dsi_bus_init+0x0/0xc @ 1
[    2.459345] initcall mipi_dsi_bus_init+0x0/0xc returned 0 after 0 usecs
[    2.459970] calling  devlink_class_init+0x0/0x40 @ 1
[    2.460980] initcall devlink_class_init+0x0/0x40 returned 0 after 0 usecs
[    2.461971] calling  software_node_init+0x0/0x2a @ 1
[    2.462979] initcall software_node_init+0x0/0x2a returned 0 after 0 usecs
[    2.463973] calling  wakeup_sources_debugfs_init+0x0/0x23 @ 1
[    2.465093] initcall wakeup_sources_debugfs_init+0x0/0x23 returned 0 after 0 usecs
[    2.465970] calling  wakeup_sources_sysfs_init+0x0/0x2c @ 1
[    2.466981] initcall wakeup_sources_sysfs_init+0x0/0x2c returned 0 after 0 usecs
[    2.467970] calling  register_node_type+0x0/0x13 @ 1
[    2.468997] initcall register_node_type+0x0/0x13 returned 0 after 0 usecs
[    2.469969] calling  regmap_initcall+0x0/0xc @ 1
[    2.471202] initcall regmap_initcall+0x0/0xc returned 0 after 0 usecs
[    2.471968] calling  i2c_init+0x0/0xb3 @ 1
[    2.473116] initcall i2c_init+0x0/0xb3 returned 0 after 0 usecs
[    2.473969] calling  thermal_init+0x0/0xf2 @ 1
[    2.474967] thermal_sys: Registered thermal governor 'step_wise'
[    2.474968] thermal_sys: Registered thermal governor 'user_space'
[    2.475982] initcall thermal_init+0x0/0xf2 returned 0 after 976 usecs
[    2.477969] calling  init_menu+0x0/0xc @ 1
[    2.480969] cpuidle: using governor menu
[    2.486976] initcall init_menu+0x0/0xc returned 0 after 6835 usecs
[    2.495972] calling  pcc_init+0x0/0x4d @ 1
[    2.501973] initcall pcc_init+0x0/0x4d returned -19 after 0 usecs
[    2.509973] calling  amd_postcore_init+0x0/0x11e @ 1
[    2.517972] initcall amd_postcore_init+0x0/0x11e returned 0 after 0 usecs
[    2.526990] calling  bts_init+0x0/0xba @ 1
[    2.530969] initcall bts_init+0x0/0xba returned -19 after 0 usecs
[    2.538969] calling  pt_init+0x0/0x341 @ 1
[    2.543968] initcall pt_init+0x0/0x341 returned -19 after 0 usecs
[    2.550968] calling  boot_params_ksysfs_init+0x0/0x2ee @ 1
[    2.558071] initcall boot_params_ksysfs_init+0x0/0x2ee returned 0 after 0 usecs
[    2.567968] calling  sbf_init+0x0/0xea @ 1
[    2.572966] initcall sbf_init+0x0/0xea returned 0 after 0 usecs
[    2.579968] calling  arch_kdebugfs_init+0x0/0x219 @ 1
[    2.587838] initcall arch_kdebugfs_init+0x0/0x219 returned 0 after 976 usecs
[    2.596972] calling  intel_pconfig_init+0x0/0x85 @ 1
[    2.603975] initcall intel_pconfig_init+0x0/0x85 returned 0 after 0 usecs
[    2.612969] calling  mtrr_if_init+0x0/0x5d @ 1
[    2.617999] initcall mtrr_if_init+0x0/0x5d returned 0 after 0 usecs
[    2.625971] calling  activate_jump_labels+0x0/0x31 @ 1
[    2.633972] initcall activate_jump_labels+0x0/0x31 returned 0 after 0 usecs
[    2.641971] calling  ffh_cstate_init+0x0/0x29 @ 1
[    2.646977] initcall ffh_cstate_init+0x0/0x29 returned 0 after 0 usecs
[    2.654970] calling  activate_jump_labels+0x0/0x31 @ 1
[    2.665961] initcall activate_jump_labels+0x0/0x31 returned 0 after 1953 usecs
[    2.675970] calling  kvm_alloc_cpumask+0x0/0x74 @ 1
[    2.682018] initcall kvm_alloc_cpumask+0x0/0x74 returned 0 after 0 usecs
[    2.689970] calling  kcmp_cookies_init+0x0/0x37 @ 1
[    2.695981] initcall kcmp_cookies_init+0x0/0x37 returned 0 after 0 usecs
[    2.704971] calling  cryptomgr_init+0x0/0xc @ 1
[    2.710050] initcall cryptomgr_init+0x0/0xc returned 0 after 0 usecs
[    2.717970] calling  acpi_pci_init+0x0/0x57 @ 1
[    2.722984] ACPI: bus type PCI registered
[    2.727968] initcall acpi_pci_init+0x0/0x57 returned 0 after 4882 usecs
[    2.735970] calling  dma_channel_table_init+0x0/0xd1 @ 1
[    2.741976] initcall dma_channel_table_init+0x0/0xd1 returned 0 after 0 usecs
[    2.749967] calling  dma_bus_init+0x0/0xdc @ 1
[    2.756303] initcall dma_bus_init+0x0/0xdc returned 0 after 0 usecs
[    2.763021] calling  iommu_dma_init+0x0/0x10 @ 1
[    2.768974] initcall iommu_dma_init+0x0/0x10 returned 0 after 0 usecs
[    2.776968] calling  dmi_id_init+0x0/0x37c @ 1
[    2.782070] initcall dmi_id_init+0x0/0x37c returned 0 after 0 usecs
[    2.789969] calling  pci_arch_init+0x0/0x71 @ 1
[    2.795688] PCI: MMCONFIG for domain 0000 [bus 00-ff] at [mem 0xb0000000-0xbfffffff] (base 0xb0000000)
[    2.806971] PCI: MMCONFIG at [mem 0xb0000000-0xbfffffff] reserved in E820
[    2.814991] PCI: Using configuration type 1 for base access
[    2.821439] initcall pci_arch_init+0x0/0x71 returned 0 after 26367 usecs
[    2.830000] calling  init_vdso+0x0/0x13 @ 1
[    2.835004] initcall init_vdso+0x0/0x13 returned 0 after 0 usecs
[    2.841969] calling  sysenter_setup+0x0/0x13 @ 1
[    2.847019] initcall sysenter_setup+0x0/0x13 returned 0 after 0 usecs
[    2.854969] calling  fixup_ht_bug+0x0/0xe5 @ 1
[    2.859969] initcall fixup_ht_bug+0x0/0xe5 returned 0 after 0 usecs
[    2.868974] calling  topology_init+0x0/0x88 @ 1
[    2.875297] initcall topology_init+0x0/0x88 returned 0 after 0 usecs
[    2.882971] calling  intel_epb_init+0x0/0x68 @ 1
[    2.887975] initcall intel_epb_init+0x0/0x68 returned -19 after 0 usecs
[    2.896971] calling  mtrr_init_finialize+0x0/0x3e @ 1
[    2.902970] initcall mtrr_init_finialize+0x0/0x3e returned 0 after 0 usecs
[    2.911972] calling  uid_cache_init+0x0/0x81 @ 1
[    2.915980] initcall uid_cache_init+0x0/0x81 returned 0 after 0 usecs
[    2.925969] calling  param_sysfs_init+0x0/0x1ba @ 1
[    2.941812] initcall param_sysfs_init+0x0/0x1ba returned 0 after 9765 usecs
[    2.950971] calling  user_namespace_sysctl_init+0x0/0x33 @ 1
[    2.958091] initcall user_namespace_sysctl_init+0x0/0x33 returned 0 after 0 usecs
[    2.966969] calling  proc_schedstat_init+0x0/0x24 @ 1
[    2.972976] initcall proc_schedstat_init+0x0/0x24 returned 0 after 0 usecs
[    2.981970] calling  pm_sysrq_init+0x0/0x18 @ 1
[    2.989626] initcall pm_sysrq_init+0x0/0x18 returned 0 after 1953 usecs
[    2.999059] calling  create_proc_profile+0x0/0xd0 @ 1
[    3.005971] initcall create_proc_profile+0x0/0xd0 returned 0 after 0 usecs
[    3.014970] calling  time_ns_init+0x0/0x7 @ 1
[    3.020970] initcall time_ns_init+0x0/0x7 returned 0 after 0 usecs
[    3.028970] calling  crash_save_vmcoreinfo_init+0x0/0x722 @ 1
[    3.037113] initcall crash_save_vmcoreinfo_init+0x0/0x722 returned 0 after 0 usecs
[    3.046970] calling  crash_notes_memory_init+0x0/0x35 @ 1
[    3.053974] initcall crash_notes_memory_init+0x0/0x35 returned 0 after 0 usecs
[    3.062969] calling  cgroup_sysfs_init+0x0/0x13 @ 1
[    3.070050] initcall cgroup_sysfs_init+0x0/0x13 returned 0 after 0 usecs
[    3.077969] calling  cgroup_namespaces_init+0x0/0x7 @ 1
[    3.083969] initcall cgroup_namespaces_init+0x0/0x7 returned 0 after 0 usecs
[    3.092969] calling  init_optprobes+0x0/0x13 @ 1
[    3.098966] Kprobes globally optimized
[    3.102968] initcall init_optprobes+0x0/0x13 returned 0 after 3906 usecs
[    3.110986] calling  oom_init+0x0/0x2f @ 1
[    3.117170] initcall oom_init+0x0/0x2f returned 0 after 976 usecs
[    3.124973] calling  default_bdi_init+0x0/0xb3 @ 1
[    3.134200] initcall default_bdi_init+0x0/0xb3 returned 0 after 1953 usecs
[    3.141970] calling  percpu_enable_async+0x0/0xe @ 1
[    3.147968] initcall percpu_enable_async+0x0/0xe returned 0 after 0 usecs
[    3.155968] calling  kcompactd_init+0x0/0x8d @ 1
[    3.163264] initcall kcompactd_init+0x0/0x8d returned 0 after 976 usecs
[    3.171059] calling  init_user_reserve+0x0/0x40 @ 1
[    3.176970] initcall init_user_reserve+0x0/0x40 returned 0 after 0 usecs
[    3.184969] calling  init_admin_reserve+0x0/0x40 @ 1
[    3.190969] initcall init_admin_reserve+0x0/0x40 returned 0 after 0 usecs
[    3.198972] calling  init_reserve_notifier+0x0/0x7 @ 1
[    3.205970] initcall init_reserve_notifier+0x0/0x7 returned 0 after 0 usecs
[    3.213970] calling  swap_init_sysfs+0x0/0x62 @ 1
[    3.219979] initcall swap_init_sysfs+0x0/0x62 returned 0 after 0 usecs
[    3.226969] calling  swapfile_init+0x0/0x94 @ 1
[    3.232969] initcall swapfile_init+0x0/0x94 returned 0 after 0 usecs
[    3.239968] calling  hugetlb_init+0x0/0x499 @ 1
[    3.245981] HugeTLB registered 2.00 MiB page size, pre-allocated 0 pages
[    3.254006] initcall hugetlb_init+0x0/0x499 returned 0 after 7812 usecs
[    3.261971] calling  io_wq_init+0x0/0x34 @ 1
[    3.266969] initcall io_wq_init+0x0/0x34 returned 0 after 0 usecs
[    3.273968] calling  seqiv_module_init+0x0/0xc @ 1
[    3.280970] initcall seqiv_module_init+0x0/0xc returned 0 after 0 usecs
[    3.288968] calling  echainiv_module_init+0x0/0xc @ 1
[    3.294967] initcall echainiv_module_init+0x0/0xc returned 0 after 0 usecs
[    3.304077] calling  rsa_init+0x0/0x50 @ 1
[    3.311408] cryptomgr_test (39) used greatest stack depth: 15512 bytes left
[    3.311223] initcall rsa_init+0x0/0x50 returned 0 after 1953 usecs
[    3.318992] calling  crypto_cmac_module_init+0x0/0xc @ 1
[    3.324969] initcall crypto_cmac_module_init+0x0/0xc returned 0 after 0 usecs
[    3.333969] calling  hmac_module_init+0x0/0xc @ 1
[    3.338968] initcall hmac_module_init+0x0/0xc returned 0 after 0 usecs
[    3.346968] calling  crypto_null_mod_init+0x0/0x65 @ 1
[    3.357218] initcall crypto_null_mod_init+0x0/0x65 returned 0 after 3906 usecs
[    3.365968] calling  md5_mod_init+0x0/0xc @ 1
[    3.372322] initcall md5_mod_init+0x0/0xc returned 0 after 976 usecs
[    3.379969] calling  sha256_generic_mod_init+0x0/0x11 @ 1
[    3.389392] initcall sha256_generic_mod_init+0x0/0x11 returned 0 after 2929 usecs
[    3.398111] calling  crypto_cbc_module_init+0x0/0xc @ 1
[    3.404969] initcall crypto_cbc_module_init+0x0/0xc returned 0 after 0 usecs
[    3.412968] calling  crypto_ctr_module_init+0x0/0x11 @ 1
[    3.419967] initcall crypto_ctr_module_init+0x0/0x11 returned 0 after 0 usecs
[    3.427968] calling  crypto_gcm_module_init+0x0/0x64 @ 1
[    3.435042] initcall crypto_gcm_module_init+0x0/0x64 returned 0 after 0 usecs
[    3.444043] calling  crypto_ccm_module_init+0x0/0x11 @ 1
[    3.449971] initcall crypto_ccm_module_init+0x0/0x11 returned 0 after 0 usecs
[    3.458967] calling  aes_init+0x0/0xc @ 1
[    3.465285] initcall aes_init+0x0/0xc returned 0 after 976 usecs
[    3.472971] calling  crc32c_mod_init+0x0/0xc @ 1
[    3.479178] initcall crc32c_mod_init+0x0/0xc returned 0 after 1953 usecs
[    3.488136] calling  crypto_authenc_module_init+0x0/0xc @ 1
[    3.494970] initcall crypto_authenc_module_init+0x0/0xc returned 0 after 0 usecs
[    3.503968] calling  crypto_authenc_esn_module_init+0x0/0xc @ 1
[    3.510969] initcall crypto_authenc_esn_module_init+0x0/0xc returned 0 after 0 usecs
[    3.519969] calling  drbg_init+0x0/0x7c @ 1
[    3.528685] cryptomgr_test (50) used greatest stack depth: 15184 bytes left
[    3.528465] initcall drbg_init+0x0/0x7c returned 0 after 7812 usecs
[    3.537971] calling  ghash_mod_init+0x0/0xc @ 1
[    3.546400] initcall ghash_mod_init+0x0/0xc returned 0 after 976 usecs
[    3.555971] calling  init_bio+0x0/0x9a @ 1
[    3.562345] initcall init_bio+0x0/0x9a returned 0 after 0 usecs
[    3.570969] calling  blk_settings_init+0x0/0x29 @ 1
[    3.577971] initcall blk_settings_init+0x0/0x29 returned 0 after 0 usecs
[    3.587971] calling  blk_ioc_init+0x0/0x29 @ 1
[    3.594993] initcall blk_ioc_init+0x0/0x29 returned 0 after 0 usecs
[    3.603970] calling  blk_mq_init+0x0/0xb9 @ 1
[    3.610971] initcall blk_mq_init+0x0/0xb9 returned 0 after 0 usecs
[    3.619971] calling  genhd_device_init+0x0/0x75 @ 1
[    3.633556] initcall genhd_device_init+0x0/0x75 returned 0 after 4882 usecs
[    3.644033] calling  pci_slot_init+0x0/0x40 @ 1
[    3.650984] initcall pci_slot_init+0x0/0x40 returned 0 after 0 usecs
[    3.658975] calling  fbmem_init+0x0/0xd8 @ 1
[    3.666442] initcall fbmem_init+0x0/0xd8 returned 0 after 0 usecs
[    3.676298] calling  acpi_init+0x0/0x319 @ 1
[    3.683447] ACPI: Added _OSI(Module Device)
[    3.687968] ACPI: Added _OSI(Processor Device)
[    3.703961] ACPI: Added _OSI(3.0 _SCP Extensions)
[    3.712971] ACPI: Added _OSI(Processor Aggregator Device)
[    3.721975] ACPI: Added _OSI(Linux-Dell-Video)
[    3.727971] ACPI: Added _OSI(Linux-Lenovo-NV-HDMI-Audio)
[    3.735970] ACPI: Added _OSI(Linux-HPI-Hybrid-Graphics)
[    3.757326] ACPI: 1 ACPI AML tables successfully acquired and loaded
[    3.796410] ACPI: Interpreter enabled
[    3.806144] ACPI: (supports S0 S3 S4 S5)
[    3.811969] ACPI: Using IOAPIC for interrupt routing
[    3.823308] PCI: Using host bridge windows from ACPI; if necessary, use "pci=nocrs" and report a bug
[    3.832965] ACPI: Enabled 2 GPEs in block 00 to 3F
[    3.955973] ACPI: PCI Root Bridge [PCI0] (domain 0000 [bus 00-ff])
[    3.961967] acpi PNP0A08:00: _OSC: OS supports [ExtendedConfig ASPM ClockPM Segments MSI HPX-Type3]
[    3.969079] acpi PNP0A08:00: _OSC: platform does not support [LTR]
[    3.975056] acpi PNP0A08:00: _OSC: OS now controls [PME PCIeCapability]
[    3.981980] PCI host bridge to bus 0000:00
[    3.985414] pci_bus 0000:00: root bus resource [io  0x0000-0x0cf7 window]
[    3.989969] pci_bus 0000:00: root bus resource [io  0x0d00-0xffff window]
[    3.991970] pci_bus 0000:00: root bus resource [mem 0x000a0000-0x000bffff window]
[    3.997993] pci_bus 0000:00: root bus resource [mem 0x20000000-0xafffffff window]
[    4.000968] pci_bus 0000:00: root bus resource [mem 0xc0000000-0xfebfffff window]
[    4.006969] pci_bus 0000:00: root bus resource [mem 0x100000000-0x8ffffffff window]
[    4.011969] pci_bus 0000:00: root bus resource [bus 00-ff]
[    4.022970] pci 0000:00:00.0: calling  quirk_mmio_always_on+0x0/0x10 @ 1
[    4.029981] pci 0000:00:00.0: quirk_mmio_always_on+0x0/0x10 took 0 usecs
[    4.034296] pci 0000:00:00.0: [8086:29c0] type 00 class 0x060000
[    4.041961] pci 0000:00:00.0: calling  quirk_igfx_skip_te_disable+0x0/0x80 @ 1
[    4.047230] pci 0000:00:00.0: quirk_igfx_skip_te_disable+0x0/0x80 took 0 usecs
[    4.058806] pci 0000:00:01.0: [1234:1111] type 00 class 0x030000
[    4.073964] pci 0000:00:01.0: reg 0x10: [mem 0xfd000000-0xfdffffff pref]
[    4.103973] pci 0000:00:01.0: reg 0x18: [mem 0xfebf0000-0xfebf0fff]
[    4.144973] pci 0000:00:01.0: reg 0x30: [mem 0xfebe0000-0xfebeffff pref]
[    4.169969] pci 0000:00:01.0: calling  efifb_fixup_resources+0x0/0xf0 @ 1
[    4.181964] pci 0000:00:01.0: efifb_fixup_resources+0x0/0xf0 took 976 usecs
[    4.221636] pci 0000:00:1f.0: [8086:2918] type 00 class 0x060100
[    4.235895] pci 0000:00:1f.0: calling  quirk_ich7_lpc+0x0/0x60 @ 1
[    4.244973] pci 0000:00:1f.0: quirk: [io  0x0600-0x067f] claimed by ICH6 ACPI/GPIO/TCO
[    4.255410] pci 0000:00:1f.0: quirk_ich7_lpc+0x0/0x60 took 11718 usecs
[    4.263968] pci 0000:00:1f.0: calling  quirk_igfx_skip_te_disable+0x0/0x80 @ 1
[    4.274127] pci 0000:00:1f.0: quirk_igfx_skip_te_disable+0x0/0x80 took 0 usecs
[    4.290074] pci 0000:00:1f.2: [8086:2922] type 00 class 0x010601
[    4.312970] pci 0000:00:1f.2: reg 0x20: [io  0xc040-0xc05f]
[    4.320751] pci 0000:00:1f.2: reg 0x24: [mem 0xfebf1000-0xfebf1fff]
[    4.329077] pci 0000:00:1f.2: calling  quirk_igfx_skip_te_disable+0x0/0x80 @ 1
[    4.337973] pci 0000:00:1f.2: quirk_igfx_skip_te_disable+0x0/0x80 took 0 usecs
[    4.351045] pci 0000:00:1f.3: [8086:2930] type 00 class 0x0c0500
[    4.364970] pci 0000:00:1f.3: reg 0x20: [io  0x0700-0x073f]
[    4.372073] pci 0000:00:1f.3: calling  quirk_igfx_skip_te_disable+0x0/0x80 @ 1
[    4.381972] pci 0000:00:1f.3: quirk_igfx_skip_te_disable+0x0/0x80 took 0 usecs
[    4.399882] ACPI: PCI Interrupt Link [LNKA] (IRQs 5 *10 11)
[    4.407357] ACPI: PCI Interrupt Link [LNKB] (IRQs 5 *10 11)
[    4.414451] ACPI: PCI Interrupt Link [LNKC] (IRQs 5 10 *11)
[    4.421351] ACPI: PCI Interrupt Link [LNKD] (IRQs 5 10 *11)
[    4.428444] ACPI: PCI Interrupt Link [LNKE] (IRQs 5 *10 11)
[    4.435443] ACPI: PCI Interrupt Link [LNKF] (IRQs 5 *10 11)
[    4.444548] ACPI: PCI Interrupt Link [LNKG] (IRQs 5 10 *11)
[    4.452446] ACPI: PCI Interrupt Link [LNKH] (IRQs 5 10 *11)
[    4.457977] ACPI: PCI Interrupt Link [GSIA] (IRQs *16)
[    4.465984] ACPI: PCI Interrupt Link [GSIB] (IRQs *17)
[    4.473066] ACPI: PCI Interrupt Link [GSIC] (IRQs *18)
[    4.480992] ACPI: PCI Interrupt Link [GSID] (IRQs *19)
[    4.489388] ACPI: PCI Interrupt Link [GSIE] (IRQs *20)
[    4.495982] ACPI: PCI Interrupt Link [GSIF] (IRQs *21)
[    4.504198] ACPI: PCI Interrupt Link [GSIG] (IRQs *22)
[    4.510989] ACPI: PCI Interrupt Link [GSIH] (IRQs *23)
[    4.536961] initcall acpi_init+0x0/0x319 returned 0 after 833007 usecs
[    4.547202] calling  pnp_init+0x0/0xc @ 1
[    4.553136] initcall pnp_init+0x0/0xc returned 0 after 0 usecs
[    4.558977] calling  misc_init+0x0/0xbf @ 1
[    4.568219] initcall misc_init+0x0/0xbf returned 0 after 2929 usecs
[    4.576973] calling  iommu_subsys_init+0x0/0x4e @ 1
[    4.582635] iommu: Default domain type: Translated 
[    4.588972] initcall iommu_subsys_init+0x0/0x4e returned 0 after 6835 usecs
[    4.598972] calling  vga_arb_device_init+0x0/0x261 @ 1
[    4.615388] pci 0000:00:01.0: vgaarb: setting as boot VGA device
[    4.620965] pci 0000:00:01.0: vgaarb: VGA device added: decodes=io+mem,owns=io+mem,locks=none
[    4.631971] pci 0000:00:01.0: vgaarb: bridge control possible
[    4.638966] vgaarb: loaded
[    4.642973] initcall vga_arb_device_init+0x0/0x261 returned 0 after 38085 usecs
[    4.651151] calling  cn_init+0x0/0xf0 @ 1
[    4.658974] initcall cn_init+0x0/0xf0 returned 0 after 3906 usecs
[    4.665972] calling  dma_buf_init+0x0/0xad @ 1
[    4.672680] initcall dma_buf_init+0x0/0xad returned 0 after 976 usecs
[    4.679969] calling  init_scsi+0x0/0x79 @ 1
[    4.687432] SCSI subsystem initialized
[    4.690968] initcall init_scsi+0x0/0x79 returned 0 after 5859 usecs
[    4.698969] calling  ata_init+0x0/0x332 @ 1
[    4.709376] libata version 3.00 loaded.
[    4.712975] initcall ata_init+0x0/0x332 returned 0 after 9765 usecs
[    4.718973] calling  phy_init+0x0/0x250 @ 1
[    4.729405] initcall phy_init+0x0/0x250 returned 0 after 4882 usecs
[    4.733973] calling  init_pcmcia_cs+0x0/0x35 @ 1
[    4.743419] initcall init_pcmcia_cs+0x0/0x35 returned 0 after 0 usecs
[    4.752971] calling  usb_common_init+0x0/0x1c @ 1
[    4.760161] initcall usb_common_init+0x0/0x1c returned 0 after 0 usecs
[    4.769980] calling  usb_init+0x0/0x12e @ 1
[    4.775298] ACPI: bus type USB registered
[    4.782167] usbcore: registered new interface driver usbfs
[    4.789984] usbcore: registered new interface driver hub
[    4.795985] usbcore: registered new device driver usb
[    4.798974] initcall usb_init+0x0/0x12e returned 0 after 25390 usecs
[    4.806245] calling  serio_init+0x0/0x29 @ 1
[    4.813573] initcall serio_init+0x0/0x29 returned 0 after 0 usecs
[    4.817971] calling  input_init+0x0/0xf6 @ 1
[    4.824141] initcall input_init+0x0/0xf6 returned 0 after 1953 usecs
[    4.831976] calling  rtc_init+0x0/0x4d @ 1
[    4.838119] initcall rtc_init+0x0/0x4d returned 0 after 0 usecs
[    4.846969] calling  pps_init+0x0/0xa9 @ 1
[    4.852450] pps_core: LinuxPPS API ver. 1 registered
[    4.856966] pps_core: Software ver. 5.3.6 - Copyright 2005-2007 Rodolfo Giometti <giometti@linux.it>
[    4.866980] initcall pps_init+0x0/0xa9 returned 0 after 14648 usecs
[    4.873973] calling  ptp_init+0x0/0x98 @ 1
[    4.878988] PTP clock support registered
[    4.882971] initcall ptp_init+0x0/0x98 returned 0 after 3906 usecs
[    4.888971] calling  power_supply_class_init+0x0/0x3f @ 1
[    4.896970] initcall power_supply_class_init+0x0/0x3f returned 0 after 2929 usecs
[    4.901974] calling  hwmon_init+0x0/0x104 @ 1
[    4.906977] initcall hwmon_init+0x0/0x104 returned 0 after 976 usecs
[    4.912969] calling  md_init+0x0/0x16b @ 1
[    4.929468] initcall md_init+0x0/0x16b returned 0 after 9765 usecs
[    4.934971] calling  leds_init+0x0/0x3b @ 1
[    4.940162] initcall leds_init+0x0/0x3b returned 0 after 0 usecs
[    4.943968] calling  dmi_init+0x0/0x113 @ 1
[    4.951232] initcall dmi_init+0x0/0x113 returned 0 after 1953 usecs
[    4.958969] calling  efisubsys_init+0x0/0x4e7 @ 1
[    4.965967] initcall efisubsys_init+0x0/0x4e7 returned 0 after 0 usecs
[    4.973969] calling  nvmem_init+0x0/0xc @ 1
[    4.979127] initcall nvmem_init+0x0/0xc returned 0 after 0 usecs
[    4.985969] calling  init_soundcore+0x0/0x33 @ 1
[    4.992103] initcall init_soundcore+0x0/0x33 returned 0 after 976 usecs
[    4.998969] calling  alsa_sound_init+0x0/0x8f @ 1
[    5.005270] Advanced Linux Sound Architecture Driver Initialized.
[    5.012969] initcall alsa_sound_init+0x0/0x8f returned 0 after 7812 usecs
[    5.020969] calling  alsa_seq_device_init+0x0/0x71 @ 1
[    5.027186] initcall alsa_seq_device_init+0x0/0x71 returned 0 after 0 usecs
[    5.034969] calling  hda_bus_init+0x0/0xc @ 1
[    5.041061] initcall hda_bus_init+0x0/0xc returned 0 after 0 usecs
[    5.047969] calling  proto_init+0x0/0xc @ 1
[    5.053054] initcall proto_init+0x0/0xc returned 0 after 0 usecs
[    5.060968] calling  net_dev_init+0x0/0x209 @ 1
[    5.069488] initcall net_dev_init+0x0/0x209 returned 0 after 2929 usecs
[    5.076968] calling  neigh_init+0x0/0x84 @ 1
[    5.081968] initcall neigh_init+0x0/0x84 returned 0 after 0 usecs
[    5.088968] calling  fib_notifier_init+0x0/0xc @ 1
[    5.095974] initcall fib_notifier_init+0x0/0xc returned 0 after 0 usecs
[    5.103969] calling  fib_rules_init+0x0/0xab @ 1
[    5.110021] initcall fib_rules_init+0x0/0xab returned 0 after 0 usecs
[    5.116968] calling  pktsched_init+0x0/0x10e @ 1
[    5.122314] initcall pktsched_init+0x0/0x10e returned 0 after 0 usecs
[    5.130968] calling  tc_filter_init+0x0/0xfa @ 1
[    5.137105] initcall tc_filter_init+0x0/0xfa returned 0 after 0 usecs
[    5.144971] calling  tc_action_init+0x0/0x54 @ 1
[    5.149971] initcall tc_action_init+0x0/0x54 returned 0 after 0 usecs
[    5.157969] calling  ethnl_init+0x0/0x52 @ 1
[    5.163365] initcall ethnl_init+0x0/0x52 returned 0 after 976 usecs
[    5.172324] calling  nexthop_init+0x0/0xd8 @ 1
[    5.177493] initcall nexthop_init+0x0/0xd8 returned 0 after 976 usecs
[    5.182973] calling  cipso_v4_init+0x0/0x5d @ 1
[    5.187665] initcall cipso_v4_init+0x0/0x5d returned 0 after 0 usecs
[    5.190968] calling  ieee80211_init+0x0/0x24 @ 1
[    5.197968] initcall ieee80211_init+0x0/0x24 returned 0 after 976 usecs
[    5.205969] calling  netlbl_init+0x0/0x78 @ 1
[    5.210069] NetLabel: Initializing
[    5.213965] NetLabel:  domain hash size = 128
[    5.219964] NetLabel:  protocols = UNLABELED CIPSOv4 CALIPSO
[    5.227964] NetLabel:  unlabeled traffic allowed by default
[    5.234971] initcall netlbl_init+0x0/0x78 returned 0 after 24414 usecs
[    5.238971] calling  rfkill_init+0x0/0x111 @ 1
[    5.248730] initcall rfkill_init+0x0/0x111 returned 0 after 3906 usecs
[    5.257975] calling  pci_subsys_init+0x0/0x66 @ 1
[    5.265036] PCI: Using ACPI for IRQ routing
[    5.936963] PCI: pci_cache_line_size set to 64 bytes
[    5.946004] e820: reserve RAM buffer [mem 0x0009fc00-0x0009ffff]
[    5.953977] e820: reserve RAM buffer [mem 0x1ffdf000-0x1fffffff]
[    5.962663] initcall pci_subsys_init+0x0/0x66 returned 0 after 680664 usecs
[    5.974198] calling  nmi_warning_debugfs+0x0/0x26 @ 1
[    5.982392] initcall nmi_warning_debugfs+0x0/0x26 returned 0 after 1953 usecs
[    5.991005] calling  save_microcode_in_initrd+0x0/0x51 @ 1
[    5.998182] initcall save_microcode_in_initrd+0x0/0x51 returned 0 after 0 usecs
[    6.006974] calling  hpet_late_init+0x0/0x20a @ 1
[    6.014179] hpet: 3 channels of 0 reserved for per-cpu timers
[    6.021216] hpet0: at MMIO 0xfed00000, IRQs 2, 8, 0
[    6.026979] hpet0: 3 comparators, 64-bit 100.000000 MHz counter
[    6.036973] initcall hpet_late_init+0x0/0x20a returned 0 after 23437 usecs
[    6.046972] calling  init_amd_nbs+0x0/0x11c @ 1
[    6.053628] initcall init_amd_nbs+0x0/0x11c returned 0 after 0 usecs
[    6.061027] calling  clocksource_done_booting+0x0/0x41 @ 1
[    6.069548] clocksource: Switched to clocksource kvm-clock
[    6.078169] initcall clocksource_done_booting+0x0/0x41 returned 0 after 9957 usecs
[    6.089196] calling  tracer_init_tracefs+0x0/0x242 @ 1
[    6.396188] initcall tracer_init_tracefs+0x0/0x242 returned 0 after 292378 usecs
[    6.407227] calling  init_trace_printk_function_export+0x0/0x2c @ 1
[    6.416548] initcall init_trace_printk_function_export+0x0/0x2c returned 0 after 10 usecs
[    6.428239] calling  init_kprobe_trace+0x0/0x1a9 @ 1
[    6.435309] initcall init_kprobe_trace+0x0/0x1a9 returned 0 after 30 usecs
[    6.443317] calling  init_dynamic_event+0x0/0x3d @ 1
[    6.449176] initcall init_dynamic_event+0x0/0x3d returned 0 after 8 usecs
[    6.459129] calling  init_uprobe_trace+0x0/0x5c @ 1
[    6.464964] initcall init_uprobe_trace+0x0/0x5c returned 0 after 89 usecs
[    6.473123] calling  init_pipe_fs+0x0/0x44 @ 1
[    6.479062] initcall init_pipe_fs+0x0/0x44 returned 0 after 396 usecs
[    6.486766] calling  inotify_user_setup+0x0/0x47 @ 1
[    6.492694] initcall inotify_user_setup+0x0/0x47 returned 0 after 57 usecs
[    6.500842] calling  eventpoll_init+0x0/0xd4 @ 1
[    6.506938] initcall eventpoll_init+0x0/0xd4 returned 0 after 318 usecs
[    6.514800] calling  anon_inode_init+0x0/0x58 @ 1
[    6.520392] initcall anon_inode_init+0x0/0x58 returned 0 after 86 usecs
[    6.527947] calling  proc_locks_init+0x0/0x27 @ 1
[    6.533733] initcall proc_locks_init+0x0/0x27 returned 0 after 261 usecs
[    6.541442] calling  iomap_init+0x0/0x1b @ 1
[    6.547503] initcall iomap_init+0x0/0x1b returned 0 after 906 usecs
[    6.554828] calling  dquot_init+0x0/0x106 @ 1
[    6.560050] VFS: Disk quotas dquot_6.6.0
[    6.565888] VFS: Dquot-cache hash table entries: 512 (order 0, 4096 bytes)
[    6.575801] initcall dquot_init+0x0/0x106 returned 0 after 15375 usecs
[    6.585210] calling  quota_init+0x0/0x23 @ 1
[    6.591961] initcall quota_init+0x0/0x23 returned 0 after 474 usecs
[    6.600028] calling  proc_cmdline_init+0x0/0x21 @ 1
[    6.605890] initcall proc_cmdline_init+0x0/0x21 returned 0 after 73 usecs
[    6.613607] calling  proc_consoles_init+0x0/0x24 @ 1
[    6.619419] initcall proc_consoles_init+0x0/0x24 returned 0 after 15 usecs
[    6.627312] calling  proc_cpuinfo_init+0x0/0x1e @ 1
[    6.633079] initcall proc_cpuinfo_init+0x0/0x1e returned 0 after 3 usecs
[    6.640826] calling  proc_devices_init+0x0/0x24 @ 1
[    6.646636] initcall proc_devices_init+0x0/0x24 returned 0 after 27 usecs
[    6.654578] calling  proc_interrupts_init+0x0/0x24 @ 1
[    6.660559] initcall proc_interrupts_init+0x0/0x24 returned 0 after 4 usecs
[    6.670653] calling  proc_loadavg_init+0x0/0x21 @ 1
[    6.676501] initcall proc_loadavg_init+0x0/0x21 returned 0 after 4 usecs
[    6.684218] calling  proc_meminfo_init+0x0/0x21 @ 1
[    6.690224] initcall proc_meminfo_init+0x0/0x21 returned 0 after 3 usecs
[    6.697988] calling  proc_stat_init+0x0/0x1e @ 1
[    6.703682] initcall proc_stat_init+0x0/0x1e returned 0 after 4 usecs
[    6.711290] calling  proc_uptime_init+0x0/0x21 @ 1
[    6.716886] initcall proc_uptime_init+0x0/0x21 returned 0 after 4 usecs
[    6.724590] calling  proc_version_init+0x0/0x21 @ 1
[    6.730546] initcall proc_version_init+0x0/0x21 returned 0 after 4 usecs
[    6.739147] calling  proc_softirqs_init+0x0/0x21 @ 1
[    6.746543] initcall proc_softirqs_init+0x0/0x21 returned 0 after 4 usecs
[    6.756827] calling  proc_kcore_init+0x0/0xea @ 1
[    6.764866] initcall proc_kcore_init+0x0/0xea returned 0 after 313 usecs
[    6.774778] calling  vmcore_init+0x0/0x578 @ 1
[    6.782255] initcall vmcore_init+0x0/0x578 returned 0 after 245 usecs
[    6.791916] calling  proc_kmsg_init+0x0/0x21 @ 1
[    6.798211] initcall proc_kmsg_init+0x0/0x21 returned 0 after 5 usecs
[    6.805957] calling  proc_page_init+0x0/0x3b @ 1
[    6.811499] initcall proc_page_init+0x0/0x3b returned 0 after 5 usecs
[    6.819229] calling  init_ramfs_fs+0x0/0xc @ 1
[    6.824773] initcall init_ramfs_fs+0x0/0xc returned 0 after 19 usecs
[    6.833253] calling  init_hugetlbfs_fs+0x0/0xf6 @ 1
[    6.840785] initcall init_hugetlbfs_fs+0x0/0xf6 returned 0 after 333 usecs
[    6.850718] calling  blk_scsi_ioctl_init+0x0/0x2a5 @ 1
[    6.858541] initcall blk_scsi_ioctl_init+0x0/0x2a5 returned 0 after 65 usecs
[    6.867694] calling  acpi_event_init+0x0/0x2c @ 1
[    6.873459] initcall acpi_event_init+0x0/0x2c returned 0 after 79 usecs
[    6.881195] calling  pnp_system_init+0x0/0xc @ 1
[    6.887564] initcall pnp_system_init+0x0/0xc returned 0 after 763 usecs
[    6.896806] calling  pnpacpi_init+0x0/0x69 @ 1
[    6.902783] pnp: PnP ACPI init
[    6.908672] pnp 00:00: Plug and Play ACPI device, IDs PNP0303 (active)
[    6.917279] pnp 00:01: Plug and Play ACPI device, IDs PNP0f13 (active)
[    6.925231] pnp 00:02: Plug and Play ACPI device, IDs PNP0400 (active)
[    6.933520] pnp 00:03: Plug and Play ACPI device, IDs PNP0501 (active)
[    6.943377] pnp 00:04: Plug and Play ACPI device, IDs PNP0b00 (active)
[    6.953708] system 00:05: [mem 0xb0000000-0xbfffffff window] has been reserved
[    6.964918] system 00:05: Plug and Play ACPI device, IDs PNP0c01 (active)
[    6.978405] pnp: PnP ACPI: found 6 devices
[    6.984884] initcall pnpacpi_init+0x0/0x69 returned 0 after 80294 usecs
[    6.995220] calling  chr_dev_init+0x0/0x14d @ 1
[    7.126573] initcall chr_dev_init+0x0/0x14d returned 0 after 119947 usecs
[    7.136785] calling  firmware_class_init+0x0/0xe7 @ 1
[    7.144434] initcall firmware_class_init+0x0/0xe7 returned 0 after 136 usecs
[    7.154480] calling  init_pcmcia_bus+0x0/0x5b @ 1
[    7.162488] initcall init_pcmcia_bus+0x0/0x5b returned 0 after 778 usecs
[    7.172100] calling  init_acpi_pm_clocksource+0x0/0xda @ 1
[    7.185182] clocksource: acpi_pm: mask: 0xffffff max_cycles: 0xffffff, max_idle_ns: 2085701024 ns
[    7.195564] initcall init_acpi_pm_clocksource+0x0/0xda returned 0 after 15462 usecs
[    7.204370] calling  sysctl_core_init+0x0/0x26 @ 1
[    7.210226] initcall sysctl_core_init+0x0/0x26 returned 0 after 291 usecs
[    7.218542] calling  eth_offload_init+0x0/0x13 @ 1
[    7.224299] initcall eth_offload_init+0x0/0x13 returned 0 after 41 usecs
[    7.233707] calling  ipv4_offload_init+0x0/0x73 @ 1
[    7.240958] initcall ipv4_offload_init+0x0/0x73 returned 0 after 74 usecs
[    7.251002] calling  inet_init+0x0/0x276 @ 1
[    7.257979] NET: Registered protocol family 2
[    7.265466] IP idents hash table entries: 8192 (order: 4, 65536 bytes, linear)
[    7.277169] tcp_listen_portaddr_hash hash table entries: 256 (order: 0, 4096 bytes, linear)
[    7.286736] TCP established hash table entries: 4096 (order: 3, 32768 bytes, linear)
[    7.295626] TCP bind hash table entries: 4096 (order: 4, 65536 bytes, linear)
[    7.304209] TCP: Hash tables configured (established 4096 bind 4096)
[    7.312277] UDP hash table entries: 256 (order: 1, 8192 bytes, linear)
[    7.320121] UDP-Lite hash table entries: 256 (order: 1, 8192 bytes, linear)
[    7.328545] initcall inet_init+0x0/0x276 returned 0 after 69588 usecs
[    7.335913] calling  af_unix_init+0x0/0x4d @ 1
[    7.341162] NET: Registered protocol family 1
[    7.346504] initcall af_unix_init+0x0/0x4d returned 0 after 5255 usecs
[    7.353940] calling  ipv6_offload_init+0x0/0x7e @ 1
[    7.361109] initcall ipv6_offload_init+0x0/0x7e returned 0 after 77 usecs
[    7.369070] calling  init_sunrpc+0x0/0x65 @ 1
[    7.391465] RPC: Registered named UNIX socket transport module.
[    7.401017] RPC: Registered udp transport module.
[    7.406786] RPC: Registered tcp transport module.
[    7.412494] RPC: Registered tcp NFSv4.1 backchannel transport module.
[    7.420259] initcall init_sunrpc+0x0/0x65 returned 0 after 44809 usecs
[    7.428006] calling  cfg80211_init+0x0/0xc5 @ 1
[    7.435959] initcall cfg80211_init+0x0/0xc5 returned 0 after 2366 usecs
[    7.443710] calling  pcibios_assign_resources+0x0/0xbf @ 1
[    7.450539] pci_bus 0000:00: resource 4 [io  0x0000-0x0cf7 window]
[    7.457723] pci_bus 0000:00: resource 5 [io  0x0d00-0xffff window]
[    7.464948] pci_bus 0000:00: resource 6 [mem 0x000a0000-0x000bffff window]
[    7.472871] pci_bus 0000:00: resource 7 [mem 0x20000000-0xafffffff window]
[    7.481401] pci_bus 0000:00: resource 8 [mem 0xc0000000-0xfebfffff window]
[    7.489458] pci_bus 0000:00: resource 9 [mem 0x100000000-0x8ffffffff window]
[    7.497880] initcall pcibios_assign_resources+0x0/0xbf returned 0 after 46428 usecs
[    7.507135] calling  pci_apply_final_quirks+0x0/0x124 @ 1
[    7.514154] pci 0000:00:01.0: calling  pci_fixup_video+0x0/0xe0 @ 1
[    7.522175] pci 0000:00:01.0: Video device with shadowed ROM at [mem 0x000c0000-0x000dffff]
[    7.532332] pci 0000:00:01.0: pci_fixup_video+0x0/0xe0 took 10360 usecs
[    7.540956] PCI: CLS 0 bytes, default 64
[    7.545906] initcall pci_apply_final_quirks+0x0/0x124 returned 0 after 31419 usecs
[    7.555169] calling  acpi_reserve_resources+0x0/0xea @ 1
[    7.562084] initcall acpi_reserve_resources+0x0/0xea returned 0 after 61 usecs
[    7.571021] calling  populate_rootfs+0x0/0x102 @ 1
[    7.590503] initcall populate_rootfs+0x0/0x102 returned 0 after 4945 usecs
[    7.600927] calling  pci_iommu_init+0x0/0x3e @ 1
[    7.608441] initcall pci_iommu_init+0x0/0x3e returned 0 after 345 usecs
[    7.618493] calling  ia32_binfmt_init+0x0/0x13 @ 1
[    7.624857] initcall ia32_binfmt_init+0x0/0x13 returned 0 after 57 usecs
[    7.633648] calling  rapl_pmu_init+0x0/0x267 @ 1
[    7.640154] initcall rapl_pmu_init+0x0/0x267 returned -19 after 76 usecs
[    7.650108] calling  amd_uncore_init+0x0/0x310 @ 1
[    7.657929] initcall amd_uncore_init+0x0/0x310 returned -19 after 0 usecs
[    7.668107] calling  amd_ibs_init+0x0/0x243 @ 1
[    7.675245] initcall amd_ibs_init+0x0/0x243 returned -19 after 1 usecs
[    7.685092] calling  amd_iommu_pc_init+0x0/0x215 @ 1
[    7.693096] initcall amd_iommu_pc_init+0x0/0x215 returned -19 after 49 usecs
[    7.706868] calling  msr_init+0x0/0x55 @ 1
[    7.713592] initcall msr_init+0x0/0x55 returned 0 after 598 usecs
[    7.722918] calling  intel_uncore_init+0x0/0x36f @ 1
[    7.730816] initcall intel_uncore_init+0x0/0x36f returned -19 after 112 usecs
[    7.741794] calling  cstate_pmu_init+0x0/0x1a1 @ 1
[    7.749247] initcall cstate_pmu_init+0x0/0x1a1 returned -19 after 0 usecs
[    7.759549] calling  register_kernel_offset_dumper+0x0/0x1a @ 1
[    7.768254] initcall register_kernel_offset_dumper+0x0/0x1a returned 0 after 1 usecs
[    7.777594] calling  i8259A_init_ops+0x0/0x20 @ 1
[    7.783752] initcall i8259A_init_ops+0x0/0x20 returned 0 after 1 usecs
[    7.791860] calling  init_tsc_clocksource+0x0/0xa4 @ 1
[    7.798323] clocksource: tsc: mask: 0xffffffffffffffff max_cycles: 0x39a85afc727, max_idle_ns: 881590685098 ns
[    7.810106] initcall init_tsc_clocksource+0x0/0xa4 returned 0 after 11503 usecs
[    7.818585] calling  add_rtc_cmos+0x0/0xb0 @ 1
[    7.824430] initcall add_rtc_cmos+0x0/0xb0 returned 0 after 41 usecs
[    7.832131] calling  i8237A_init_ops+0x0/0x3a @ 1
[    7.839008] initcall i8237A_init_ops+0x0/0x3a returned 0 after 101 usecs
[    7.847325] calling  umwait_init+0x0/0x94 @ 1
[    7.852840] initcall umwait_init+0x0/0x94 returned -19 after 20 usecs
[    7.861278] calling  thermal_throttle_init_device+0x0/0x3d @ 1
[    7.869723] initcall thermal_throttle_init_device+0x0/0x3d returned 0 after 83 usecs
[    7.880978] calling  msr_init+0x0/0xd7 @ 1
[    7.893630] initcall msr_init+0x0/0xd7 returned 0 after 7008 usecs
[    7.902631] calling  cpuid_init+0x0/0xd7 @ 1
[    7.916207] initcall cpuid_init+0x0/0xd7 returned 0 after 6997 usecs
[    7.924544] calling  ioapic_init_ops+0x0/0x13 @ 1
[    7.930423] initcall ioapic_init_ops+0x0/0x13 returned 0 after 22 usecs
[    7.939093] calling  add_pcspkr+0x0/0x6c @ 1
[    7.945151] initcall add_pcspkr+0x0/0x6c returned 0 after 49 usecs
[    7.952863] calling  start_periodic_check_for_corruption+0x0/0x30 @ 1
[    7.961120] check: Scanning for low memory corruption every 60 seconds
[    7.969109] initcall start_periodic_check_for_corruption+0x0/0x30 returned 0 after 7930 usecs
[    7.979972] calling  sysfb_init+0x0/0x9c @ 1
[    7.985973] initcall sysfb_init+0x0/0x9c returned 0 after 288 usecs
[    7.994109] calling  audit_classes_init+0x0/0xae @ 1
[    8.001617] initcall audit_classes_init+0x0/0xae returned 0 after 29 usecs
[    8.011982] calling  iosf_mbi_init+0x0/0x24 @ 1
[    8.019245] initcall iosf_mbi_init+0x0/0x24 returned 0 after 330 usecs
[    8.029033] calling  proc_execdomains_init+0x0/0x21 @ 1
[    8.036976] initcall proc_execdomains_init+0x0/0x21 returned 0 after 6 usecs
[    8.047434] calling  register_warn_debugfs+0x0/0x23 @ 1
[    8.055415] initcall register_warn_debugfs+0x0/0x23 returned 0 after 30 usecs
[    8.066062] calling  cpuhp_sysfs_init+0x0/0x79 @ 1
[    8.073851] initcall cpuhp_sysfs_init+0x0/0x79 returned 0 after 183 usecs
[    8.084041] calling  ioresources_init+0x0/0x49 @ 1
[    8.091070] initcall ioresources_init+0x0/0x49 returned 0 after 5 usecs
[    8.099178] calling  snapshot_device_init+0x0/0xc @ 1
[    8.108474] initcall snapshot_device_init+0x0/0xc returned 0 after 1622 usecs
[    8.117672] calling  irq_pm_init_ops+0x0/0x13 @ 1
[    8.124775] initcall irq_pm_init_ops+0x0/0x13 returned 0 after 23 usecs
[    8.134280] calling  rcu_torture_init+0x0/0x9a6 @ 1
[    8.140259] srcu-torture:--- Start of test: nreaders=3 nfakewriters=4 stat_interval=15 verbose=1 test_no_idle_hz=1 shuffle_interval=3 stutter=5 irqreader=1 fqs_duration=0 fqs_holdoff=0 fqs_stutter=3 test_boost=1/0 test_boost_interval=7 test_boost_duration=4 shutdown_secs=3600 stall_cpu=0 stall_cpu_holdoff=10 stall_cpu_irqsoff=0 stall_cpu_block=0 n_barrier_cbs=4 onoff_interval=1000 onoff_holdoff=30 read_exit_delay=13 read_exit_burst=16
[    8.186518] srcu:  Start-test grace-period state: g0 f0x0
[    8.193574] srcu-torture: Creating rcu_torture_writer task
[    8.204269] srcu-torture: Creating rcu_torture_fakewriter task
[    8.204664] srcu-torture: rcu_torture_writer task started
[    8.214748] srcu-torture: Creating rcu_torture_fakewriter task
[    8.215477] srcu-torture: rcu_torture_fakewriter task started
[    8.219169] srcu-torture: GP expediting controlled from boot/sysfs for srcu.
[    8.229367] srcu-torture: Creating rcu_torture_fakewriter task
[    8.229679] srcu-torture: rcu_torture_fakewriter task started
[    8.233758] rcu_torture_writer: Testing expedited GPs.
[    8.233760] rcu_torture_writer: Testing asynchronous GPs.
[    8.233760] rcu_torture_writer: Testing normal GPs.
[    8.285541] srcu-torture: Creating rcu_torture_fakewriter task
[    8.286104] srcu-torture: rcu_torture_fakewriter task started
[    8.296437] srcu-torture: Creating rcu_torture_reader task
[    8.297103] srcu-torture: rcu_torture_fakewriter task started
[    8.322445] srcu-torture: Creating rcu_torture_reader task
[    8.322878] srcu-torture: rcu_torture_reader task started
[    8.330468] srcu-torture: Creating rcu_torture_reader task
[    8.333563] srcu-torture: rcu_torture_reader task started
[    8.368699] srcu-torture: Creating rcu_torture_stats task
[    8.368723] srcu-torture: rcu_torture_reader task started
[    8.377347] srcu-torture: Creating torture_shuffle task
[    8.378515] srcu-torture: rcu_torture_stats task started
[    8.401743] srcu-torture: Creating torture_stutter task
[    8.402249] srcu-torture: torture_shuffle task started
[    8.410555] srcu-torture: Creating torture_shutdown task
[    8.411215] srcu-torture: torture_stutter task started
[    8.415611] srcu-torture: Creating torture_onoff task
[    8.415640] srcu-torture: torture_shutdown task started
[    8.415642] srcu-torture:torture_shutdown task: 3599994 ms remaining
[    8.429113] srcu-torture: rcu_torture_fwd_prog_init: Disabled, unsupported by RCU flavor under test
[    8.430281] srcu-torture: torture_onoff task started
[    8.430283] srcu-torture: torture_onoff begin holdoff
[    8.485807] srcu-torture: Creating rcu_torture_barrier_cbs task
[    8.496710] srcu-torture: Creating rcu_torture_barrier_cbs task
[    8.497232] srcu-torture: rcu_torture_barrier_cbs task started
[    8.508998] srcu-torture: Creating rcu_torture_barrier_cbs task
[    8.509524] srcu-torture: rcu_torture_barrier_cbs task started
[    8.533314] srcu-torture: Creating rcu_torture_barrier_cbs task
[    8.533975] srcu-torture: rcu_torture_barrier_cbs task started
[    8.559354] srcu-torture: Creating rcu_torture_barrier task
[    8.561009] srcu-torture: rcu_torture_barrier_cbs task started
[    8.569341] srcu-torture: Creating rcu_torture_read_exit task
[    8.571377] srcu-torture: rcu_torture_barrier task starting
[    8.593305] initcall rcu_torture_init+0x0/0x9a6 returned 0 after 442540 usecs
[    8.593727] srcu-torture: rcu_torture_read_exit: Start of test
[    8.602312] calling  timekeeping_init_ops+0x0/0x13 @ 1
[    8.602315] initcall timekeeping_init_ops+0x0/0x13 returned 0 after 0 usecs
[    8.602317] calling  init_clocksource_sysfs+0x0/0x23 @ 1
[    8.602431] initcall init_clocksource_sysfs+0x0/0x23 returned 0 after 108 usecs
[    8.641441] calling  init_timer_list_procfs+0x0/0x31 @ 1
[    8.648160] initcall init_timer_list_procfs+0x0/0x31 returned 0 after 5 usecs
[    8.657939] calling  alarmtimer_init+0x0/0xc7 @ 1
[    8.664737] initcall alarmtimer_init+0x0/0xc7 returned 0 after 433 usecs
[    8.673190] calling  init_posix_timers+0x0/0x29 @ 1
[    8.679534] initcall init_posix_timers+0x0/0x29 returned 0 after 5 usecs
[    8.687645] calling  clockevents_init_sysfs+0x0/0xbf @ 1
[    8.696393] initcall clockevents_init_sysfs+0x0/0xbf returned 0 after 1781 usecs
[    8.706043] calling  proc_dma_init+0x0/0x21 @ 1
[    8.712490] initcall proc_dma_init+0x0/0x21 returned 0 after 98 usecs
[    8.720647] calling  proc_modules_init+0x0/0x1e @ 1
[    8.730418] initcall proc_modules_init+0x0/0x1e returned 0 after 5 usecs
[    8.738859] calling  kallsyms_init+0x0/0x21 @ 1
[    8.744527] initcall kallsyms_init+0x0/0x21 returned 0 after 3 usecs
[    8.752455] calling  pid_namespaces_init+0x0/0x2c @ 1
[    8.758909] initcall pid_namespaces_init+0x0/0x2c returned 0 after 35 usecs
[    8.768291] calling  audit_watch_init+0x0/0x37 @ 1
[    8.775077] initcall audit_watch_init+0x0/0x37 returned 0 after 1 usecs
[    8.784956] calling  audit_fsnotify_init+0x0/0x37 @ 1
[    8.793197] initcall audit_fsnotify_init+0x0/0x37 returned 0 after 1 usecs
[    8.804296] calling  audit_tree_init+0x0/0x6d @ 1
[    8.811161] initcall audit_tree_init+0x0/0x6d returned 0 after 6 usecs
[    8.819846] calling  seccomp_sysctl_init+0x0/0x2b @ 1
[    8.826932] initcall seccomp_sysctl_init+0x0/0x2b returned 0 after 112 usecs
[    8.835983] calling  utsname_sysctl_init+0x0/0x13 @ 1
[    8.842775] initcall utsname_sysctl_init+0x0/0x13 returned 0 after 8 usecs
[    8.852211] calling  init_tracepoints+0x0/0x27 @ 1
[    8.858862] initcall init_tracepoints+0x0/0x27 returned 0 after 1 usecs
[    8.867873] calling  init_blk_tracer+0x0/0x50 @ 1
[    8.874353] initcall init_blk_tracer+0x0/0x50 returned 0 after 56 usecs
[    8.882729] calling  perf_event_sysfs_init+0x0/0x81 @ 1
[    8.890887] initcall perf_event_sysfs_init+0x0/0x81 returned 0 after 305 usecs
[    8.900954] calling  system_trusted_keyring_init+0x0/0x60 @ 1
[    8.908475] Initialise system trusted keyrings
[    8.914479] initcall system_trusted_keyring_init+0x0/0x60 returned 0 after 5859 usecs
[    8.924556] calling  kswapd_init+0x0/0x5c @ 1
[    8.932388] initcall kswapd_init+0x0/0x5c returned 0 after 1794 usecs
[    8.942190] calling  extfrag_debug_init+0x0/0x54 @ 1
[    8.948956] initcall extfrag_debug_init+0x0/0x54 returned 0 after 13 usecs
[    8.960661] calling  mm_compute_batch_init+0x0/0x12 @ 1
[    8.968929] initcall mm_compute_batch_init+0x0/0x12 returned 0 after 1 usecs
[    8.980682] calling  slab_proc_init+0x0/0x21 @ 1
[    8.988583] initcall slab_proc_init+0x0/0x21 returned 0 after 40 usecs
[    8.999301] calling  workingset_init+0x0/0x8c @ 1
[    9.007125] workingset: timestamp_bits=56 max_order=17 bucket_order=0
[    9.017184] initcall workingset_init+0x0/0x8c returned 0 after 9819 usecs
[    9.028414] calling  proc_vmalloc_init+0x0/0x32 @ 1
[    9.036756] initcall proc_vmalloc_init+0x0/0x32 returned 0 after 75 usecs
[    9.046380] calling  procswaps_init+0x0/0x1e @ 1
[    9.054311] initcall procswaps_init+0x0/0x1e returned 0 after 418 usecs
[    9.065065] calling  slab_sysfs_init+0x0/0xea @ 1
[    9.080299] initcall slab_sysfs_init+0x0/0xea returned 0 after 7308 usecs
[    9.089069] calling  fcntl_init+0x0/0x29 @ 1
[    9.094720] initcall fcntl_init+0x0/0x29 returned 0 after 6 usecs
[    9.103814] calling  proc_filesystems_init+0x0/0x21 @ 1
[    9.111088] initcall proc_filesystems_init+0x0/0x21 returned 0 after 4 usecs
[    9.119877] calling  start_dirtytime_writeback+0x0/0x29 @ 1
[    9.127167] initcall start_dirtytime_writeback+0x0/0x29 returned 0 after 1 usecs
[    9.136822] calling  blkdev_init+0x0/0x1b @ 1
[    9.143393] initcall blkdev_init+0x0/0x1b returned 0 after 714 usecs
[    9.152348] calling  dio_init+0x0/0x2c @ 1
[    9.158173] initcall dio_init+0x0/0x2c returned 0 after 130 usecs
[    9.166602] calling  dnotify_init+0x0/0x78 @ 1
[    9.172937] initcall dnotify_init+0x0/0x78 returned 0 after 11 usecs
[    9.181728] calling  aio_setup+0x0/0x78 @ 1
[    9.188354] initcall aio_setup+0x0/0x78 returned 0 after 640 usecs
[    9.196843] calling  io_uring_init+0x0/0x2c @ 1
[    9.203252] initcall io_uring_init+0x0/0x2c returned 0 after 8 usecs
[    9.212070] calling  mbcache_init+0x0/0x30 @ 1
[    9.218384] initcall mbcache_init+0x0/0x30 returned 0 after 171 usecs
[    9.227830] calling  init_grace+0x0/0xc @ 1
[    9.234790] initcall init_grace+0x0/0xc returned 0 after 4 usecs
[    9.244744] calling  init_v2_quota_format+0x0/0x21 @ 1
[    9.253407] initcall init_v2_quota_format+0x0/0x21 returned 0 after 56 usecs
[    9.262683] calling  init_devpts_fs+0x0/0x27 @ 1
[    9.268637] initcall init_devpts_fs+0x0/0x27 returned 0 after 79 usecs
[    9.277146] calling  ext4_init_fs+0x0/0x1d0 @ 1
[    9.284249] initcall ext4_init_fs+0x0/0x1d0 returned 0 after 1038 usecs
[    9.292879] calling  journal_init+0x0/0x11c @ 1
[    9.299419] initcall journal_init+0x0/0x11c returned 0 after 304 usecs
[    9.307317] calling  init_fat_fs+0x0/0x49 @ 1
[    9.313514] initcall init_fat_fs+0x0/0x49 returned 0 after 284 usecs
[    9.322921] calling  init_vfat_fs+0x0/0xc @ 1
[    9.329489] initcall init_vfat_fs+0x0/0xc returned 0 after 4 usecs
[    9.338348] calling  init_msdos_fs+0x0/0xc @ 1
[    9.345264] initcall init_msdos_fs+0x0/0xc returned 0 after 4 usecs
[    9.353892] calling  init_iso9660_fs+0x0/0x6c @ 1
[    9.360450] initcall init_iso9660_fs+0x0/0x6c returned 0 after 330 usecs
[    9.369247] calling  init_nfs_fs+0x0/0x13a @ 1
[    9.381374] initcall init_nfs_fs+0x0/0x13a returned 0 after 5974 usecs
[    9.390099] calling  init_nfs_v2+0x0/0x13 @ 1
[    9.396443] initcall init_nfs_v2+0x0/0x13 returned 0 after 57 usecs
[    9.406610] calling  init_nfs_v3+0x0/0x13 @ 1
[    9.413678] initcall init_nfs_v3+0x0/0x13 returned 0 after 86 usecs
[    9.423950] calling  init_nfs_v4+0x0/0x32 @ 1
[    9.431372] NFS: Registering the id_resolver key type
[    9.439674] Key type id_resolver registered
[    9.446315] Key type id_legacy registered
[    9.452096] initcall init_nfs_v4+0x0/0x32 returned 0 after 20256 usecs
[    9.461443] calling  init_nlm+0x0/0x5b @ 1
[    9.473404] initcall init_nlm+0x0/0x5b returned 0 after 425 usecs
[    9.488388] calling  init_nls_cp437+0x0/0xe @ 1
[    9.494809] initcall init_nls_cp437+0x0/0xe returned 0 after 216 usecs
[    9.503502] calling  init_nls_ascii+0x0/0xe @ 1
[    9.509930] initcall init_nls_ascii+0x0/0xe returned 0 after 1 usecs
[    9.518437] calling  init_nls_iso8859_1+0x0/0xe @ 1
[    9.525393] initcall init_nls_iso8859_1+0x0/0xe returned 0 after 0 usecs
[    9.534738] calling  init_nls_utf8+0x0/0x21 @ 1
[    9.541564] initcall init_nls_utf8+0x0/0x21 returned 0 after 1 usecs
[    9.551503] calling  init_autofs_fs+0x0/0x25 @ 1
[    9.562432] initcall init_autofs_fs+0x0/0x25 returned 0 after 3626 usecs
[    9.570823] calling  ipc_init+0x0/0x24 @ 1
[    9.576447] initcall ipc_init+0x0/0x24 returned 0 after 203 usecs
[    9.585108] calling  ipc_sysctl_init+0x0/0x13 @ 1
[    9.592439] initcall ipc_sysctl_init+0x0/0x13 returned 0 after 16 usecs
[    9.602506] calling  init_mqueue_fs+0x0/0x9a @ 1
[    9.612477] initcall init_mqueue_fs+0x0/0x9a returned 0 after 2403 usecs
[    9.623342] calling  key_proc_init+0x0/0x63 @ 1
[    9.631357] initcall key_proc_init+0x0/0x63 returned 0 after 8 usecs
[    9.640793] calling  selinux_nf_ip_init+0x0/0x2e @ 1
[    9.649839] initcall selinux_nf_ip_init+0x0/0x2e returned 0 after 110 usecs
[    9.660258] calling  init_sel_fs+0x0/0x116 @ 1
[    9.666904] initcall init_sel_fs+0x0/0x116 returned 0 after 0 usecs
[    9.675925] calling  selnl_init+0x0/0x7c @ 1
[    9.682554] initcall selnl_init+0x0/0x7c returned 0 after 492 usecs
[    9.691394] calling  sel_netif_init+0x0/0x36 @ 1
[    9.697907] initcall sel_netif_init+0x0/0x36 returned 0 after 0 usecs
[    9.706787] calling  sel_netnode_init+0x0/0x33 @ 1
[    9.713525] initcall sel_netnode_init+0x0/0x33 returned 0 after 1 usecs
[    9.722909] calling  sel_netport_init+0x0/0x33 @ 1
[    9.729749] initcall sel_netport_init+0x0/0x33 returned 0 after 0 usecs
[    9.738837] calling  aurule_init+0x0/0x2a @ 1
[    9.746874] initcall aurule_init+0x0/0x2a returned 0 after 2 usecs
[    9.756834] calling  crypto_algapi_init+0x0/0xc @ 1
[    9.764713] initcall crypto_algapi_init+0x0/0xc returned 0 after 7 usecs
[    9.774637] calling  jent_mod_init+0x0/0x2d @ 1
[    9.797677] initcall jent_mod_init+0x0/0x2d returned 0 after 16901 usecs
[    9.807274] calling  asymmetric_key_init+0x0/0xc @ 1
[    9.813948] Key type asymmetric registered
[    9.831162] initcall asymmetric_key_init+0x0/0xc returned 0 after 15705 usecs
[    9.843128] calling  x509_key_init+0x0/0xc @ 1
[    9.849806] Asymmetric key parser 'x509' registered
[    9.856661] initcall x509_key_init+0x0/0xc returned 0 after 7070 usecs
[    9.865409] calling  proc_genhd_init+0x0/0x41 @ 1
[    9.872895] initcall proc_genhd_init+0x0/0x41 returned 0 after 1301 usecs
[    9.881944] calling  bsg_init+0x0/0x113 @ 1
[    9.892487] Block layer SCSI generic (bsg) driver version 0.4 loaded (major 251)
[    9.903425] initcall bsg_init+0x0/0x113 returned 0 after 15461 usecs
[    9.919973] calling  deadline_init+0x0/0xc @ 1
[    9.943055] io scheduler mq-deadline registered
[    9.949848] initcall deadline_init+0x0/0xc returned 0 after 6723 usecs
[    9.958606] calling  kyber_init+0x0/0xc @ 1
[    9.964625] io scheduler kyber registered
[    9.970332] initcall kyber_init+0x0/0xc returned 0 after 5679 usecs
[    9.978971] calling  mod_init+0x0/0x7 @ 1
[    9.984618] initcall mod_init+0x0/0x7 returned 0 after 0 usecs
[    9.993139] calling  percpu_counter_startup+0x0/0x55 @ 1
[   10.004189] initcall percpu_counter_startup+0x0/0x55 returned 0 after 3185 usecs
[   10.016236] calling  sg_pool_init+0x0/0xb4 @ 1
[   10.035421] initcall sg_pool_init+0x0/0xb4 returned 0 after 11109 usecs
[   10.046029] calling  pcie_portdrv_init+0x0/0x39 @ 1
[   10.058768] initcall pcie_portdrv_init+0x0/0x39 returned 0 after 4785 usecs
[   10.069475] calling  pci_proc_init+0x0/0x68 @ 1
[   10.077811] initcall pci_proc_init+0x0/0x68 returned 0 after 412 usecs
[   10.087377] calling  pci_hotplug_init+0x0/0x7 @ 1
[   10.094918] initcall pci_hotplug_init+0x0/0x7 returned 0 after 1 usecs
[   10.105833] calling  efifb_driver_init+0x0/0xe @ 1
[   10.112824] initcall efifb_driver_init+0x0/0xe returned 0 after 385 usecs
[   10.122774] calling  ged_driver_init+0x0/0xe @ 1
[   10.130797] initcall ged_driver_init+0x0/0xe returned 0 after 490 usecs
[   10.141463] calling  acpi_ac_init+0x0/0x92 @ 1
[   10.150935] initcall acpi_ac_init+0x0/0x92 returned 0 after 2094 usecs
[   10.161117] calling  acpi_button_driver_init+0x0/0x52 @ 1
[   10.173704] input: Power Button as /devices/LNXSYSTM:00/LNXPWRBN:00/input/input0
[   10.186762] ACPI: Power Button [PWRF]
[   10.193834] initcall acpi_button_driver_init+0x0/0x52 returned 0 after 23280 usecs
[   10.204324] calling  acpi_fan_driver_init+0x0/0xe @ 1
[   10.210927] initcall acpi_fan_driver_init+0x0/0xe returned 0 after 26 usecs
[   10.220446] calling  acpi_video_init+0x0/0xcb @ 1
[   10.227189] initcall acpi_video_init+0x0/0xcb returned 0 after 132 usecs
[   10.236450] calling  acpi_processor_driver_init+0x0/0xad @ 1
[   10.247026] initcall acpi_processor_driver_init+0x0/0xad returned 0 after 2384 usecs
[   10.258558] calling  acpi_thermal_init+0x0/0x71 @ 1
[   10.276560] initcall acpi_thermal_init+0x0/0x71 returned 0 after 10804 usecs
[   10.288384] calling  acpi_battery_init+0x0/0x32 @ 1
[   10.296248] initcall acpi_battery_init+0x0/0x32 returned 0 after 573 usecs
[   10.306178] calling  bgrt_init+0x0/0xb6 @ 1
[   10.312782] initcall bgrt_init+0x0/0xb6 returned -19 after 1 usecs
[   10.321761] calling  gpio_clk_driver_init+0x0/0xe @ 1
[   10.329857] initcall gpio_clk_driver_init+0x0/0xe returned 0 after 229 usecs
[   10.340712] calling  plt_clk_driver_init+0x0/0xe @ 1
[   10.348344] initcall plt_clk_driver_init+0x0/0xe returned 0 after 144 usecs
[   10.359113] calling  virtio_pci_driver_init+0x0/0x15 @ 1
[   10.368497] initcall virtio_pci_driver_init+0x0/0x15 returned 0 after 325 usecs
[   10.383599] calling  n_null_init+0x0/0x1e @ 1
[   10.392397] initcall n_null_init+0x0/0x1e returned 0 after 93 usecs
[   10.400344] calling  pty_init+0x0/0x1e8 @ 1
[   10.412975] initcall pty_init+0x0/0x1e8 returned 0 after 6817 usecs
[   10.422868] calling  sysrq_init+0x0/0x62 @ 1
[   10.429336] initcall sysrq_init+0x0/0x62 returned 0 after 347 usecs
[   10.437890] calling  serial8250_init+0x0/0x17e @ 1
[   10.444798] Serial: 8250/16550 driver, 4 ports, IRQ sharing enabled
[   10.458381] 00:03: ttyS0 at I/O 0x3f8 (irq = 4, base_baud = 115200) is a 16550A
[   10.493334] initcall serial8250_init+0x0/0x17e returned 0 after 47687 usecs
[   10.504391] calling  serial_pci_driver_init+0x0/0x15 @ 1
[   10.513402] initcall serial_pci_driver_init+0x0/0x15 returned 0 after 471 usecs
[   10.524717] calling  exar_pci_driver_init+0x0/0x15 @ 1
[   10.533348] initcall exar_pci_driver_init+0x0/0x15 returned 0 after 351 usecs
[   10.543991] calling  lpss8250_pci_driver_init+0x0/0x15 @ 1
[   10.553284] initcall lpss8250_pci_driver_init+0x0/0x15 returned 0 after 217 usecs
[   10.563048] calling  mid8250_pci_driver_init+0x0/0x15 @ 1
[   10.571630] initcall mid8250_pci_driver_init+0x0/0x15 returned 0 after 38 usecs
[   10.581082] calling  virtio_console_init+0x0/0xff @ 1
[   10.590757] initcall virtio_console_init+0x0/0xff returned 0 after 2149 usecs
[   10.601060] calling  hpet_init+0x0/0x64 @ 1
[   10.625344] initcall hpet_init+0x0/0x64 returned 0 after 17298 usecs
[   10.633647] calling  nvram_module_init+0x0/0x83 @ 1
[   10.647532] Non-volatile memory driver v1.3
[   10.653929] initcall nvram_module_init+0x0/0x83 returned 0 after 13603 usecs
[   10.664052] calling  hwrng_modinit+0x0/0x8a @ 1
[   10.675078] initcall hwrng_modinit+0x0/0x8a returned 0 after 4218 usecs
[   10.685007] calling  mod_init+0x0/0x48 @ 1
[   10.691335] initcall mod_init+0x0/0x48 returned -19 after 85 usecs
[   10.699973] calling  agp_init+0x0/0x23 @ 1
[   10.705813] Linux agpgart interface v0.103
[   10.711380] initcall agp_init+0x0/0x23 returned 0 after 5432 usecs
[   10.719402] calling  agp_amd64_mod_init+0x0/0x5 @ 1
[   10.727693] initcall agp_amd64_mod_init+0x0/0x5 returned -19 after 789 usecs
[   10.738528] calling  agp_intel_init+0x0/0x28 @ 1
[   10.748763] initcall agp_intel_init+0x0/0x28 returned 0 after 2861 usecs
[   10.758931] calling  drm_kms_helper_init+0x0/0x7 @ 1
[   10.766480] initcall drm_kms_helper_init+0x0/0x7 returned 0 after 89 usecs
[   10.776704] calling  drm_core_init+0x0/0xa4 @ 1
[   10.784636] initcall drm_core_init+0x0/0xa4 returned 0 after 1316 usecs
[   10.794002] calling  i915_init+0x0/0x6b @ 1
[   10.822014] initcall i915_init+0x0/0x6b returned 0 after 21109 usecs
[   10.830642] calling  cn_proc_init+0x0/0x35 @ 1
[   10.836936] initcall cn_proc_init+0x0/0x35 returned 0 after 3 usecs
[   10.846125] calling  topology_sysfs_init+0x0/0x27 @ 1
[   10.854744] initcall topology_sysfs_init+0x0/0x27 returned 0 after 632 usecs
[   10.865419] calling  cacheinfo_sysfs_init+0x0/0x27 @ 1
[   10.892275] initcall cacheinfo_sysfs_init+0x0/0x27 returned 0 after 18606 usecs
[   10.902859] calling  loop_init+0x0/0x168 @ 1
[   11.264116] loop: module loaded
[   11.274027] initcall loop_init+0x0/0x168 returned 0 after 355596 usecs
[   11.288739] calling  mac_hid_init+0x0/0x21 @ 1
[   11.297050] initcall mac_hid_init+0x0/0x21 returned 0 after 1311 usecs
[   11.308048] calling  spi_transport_init+0x0/0x74 @ 1
[   11.320453] initcall spi_transport_init+0x0/0x74 returned 0 after 3264 usecs
[   11.332744] calling  init_sd+0x0/0x18c @ 1
[   11.342142] initcall init_sd+0x0/0x18c returned 0 after 2152 usecs
[   11.352210] calling  init_sr+0x0/0x43 @ 1
[   11.359603] initcall init_sr+0x0/0x43 returned 0 after 74 usecs
[   11.369968] calling  init_sg+0x0/0x1c0 @ 1
[   11.378992] initcall init_sg+0x0/0x1c0 returned 0 after 1569 usecs
[   11.389746] calling  ahci_pci_driver_init+0x0/0x15 @ 1
[   11.410017] ahci 0000:00:1f.2: version 3.0
[   11.433046] PCI Interrupt Link [GSIA] enabled at IRQ 16
[   11.486530] ahci 0000:00:1f.2: AHCI 0001.0000 32 slots 6 ports 1.5 Gbps 0x3f impl SATA mode
[   11.498914] ahci 0000:00:1f.2: flags: 64bit ncq only 
[   11.580106] scsi host0: ahci
[   11.607620] scsi host1: ahci
[   11.618982] scsi host2: ahci
[   11.639542] scsi host3: ahci
[   11.656506] scsi host4: ahci
[   11.679616] scsi host5: ahci
[   11.685383] ata1: SATA max UDMA/133 abar m4096@0xfebf1000 port 0xfebf1100 irq 24
[   11.698616] ata2: SATA max UDMA/133 abar m4096@0xfebf1000 port 0xfebf1180 irq 24
[   11.710852] ata3: SATA max UDMA/133 abar m4096@0xfebf1000 port 0xfebf1200 irq 24
[   11.722737] ata4: SATA max UDMA/133 abar m4096@0xfebf1000 port 0xfebf1280 irq 24
[   11.735313] ata5: SATA max UDMA/133 abar m4096@0xfebf1000 port 0xfebf1300 irq 24
[   11.746864] ata6: SATA max UDMA/133 abar m4096@0xfebf1000 port 0xfebf1380 irq 24
[   11.760043] initcall ahci_pci_driver_init+0x0/0x15 returned 0 after 351352 usecs
[   11.772540] calling  piix_init+0x0/0x26 @ 1
[   11.780964] initcall piix_init+0x0/0x26 returned 0 after 1125 usecs
[   11.791933] calling  amd_pci_driver_init+0x0/0x15 @ 1
[   11.800818] initcall amd_pci_driver_init+0x0/0x15 returned 0 after 138 usecs
[   11.813991] calling  oldpiix_pci_driver_init+0x0/0x15 @ 1
[   11.822455] initcall oldpiix_pci_driver_init+0x0/0x15 returned 0 after 223 usecs
[   11.834779] calling  sch_pci_driver_init+0x0/0x15 @ 1
[   11.843482] initcall sch_pci_driver_init+0x0/0x15 returned 0 after 218 usecs
[   11.855835] calling  net_olddevs_init+0x0/0x55 @ 1
[   11.865785] initcall net_olddevs_init+0x0/0x55 returned 0 after 1817 usecs
[   11.875360] calling  blackhole_netdev_init+0x0/0x78 @ 1
[   11.887665] initcall blackhole_netdev_init+0x0/0x78 returned 0 after 3754 usecs
[   11.898984] calling  phy_module_init+0x0/0x13 @ 1
[   11.908368] initcall phy_module_init+0x0/0x13 returned 0 after 2150 usecs
[   11.920533] calling  tg3_driver_init+0x0/0x15 @ 1
[   11.930406] initcall tg3_driver_init+0x0/0x15 returned 0 after 1625 usecs
[   11.941232] calling  e100_init_module+0x0/0x4c @ 1
[   11.948914] e100: Intel(R) PRO/100 Network Driver
[   11.956449] e100: Copyright(c) 1999-2006 Intel Corporation
[   11.965555] initcall e100_init_module+0x0/0x4c returned 0 after 16396 usecs
[   11.975788] calling  e1000_init_module+0x0/0x72 @ 1
[   11.982624] e1000: Intel(R) PRO/1000 Network Driver
[   11.989982] e1000: Copyright (c) 1999-2006 Intel Corporation.
[   11.998657] initcall e1000_init_module+0x0/0x72 returned 0 after 15651 usecs
[   12.009202] calling  e1000_init_module+0x0/0x2d @ 1
[   12.016390] e1000e: Intel(R) PRO/1000 Network Driver
[   12.024951] e1000e: Copyright(c) 1999 - 2015 Intel Corporation.
[   12.037409] initcall e1000_init_module+0x0/0x2d returned 0 after 20972 usecs
[   12.048257] calling  sky2_init_module+0x0/0x21 @ 1
[   12.055466] sky2: driver version 1.30
[   12.062274] initcall sky2_init_module+0x0/0x21 returned 0 after 7047 usecs
[   12.074035] calling  forcedeth_pci_driver_init+0x0/0x15 @ 1
[   12.081369] initcall forcedeth_pci_driver_init+0x0/0x15 returned 0 after 35 usecs
[   12.085824] ata1: SATA link down (SStatus 0 SControl 300)
[   12.092084] calling  rtl8139_init_module+0x0/0x15 @ 1
[   12.106727] ata5: SATA link down (SStatus 0 SControl 300)
[   12.109469] initcall rtl8139_init_module+0x0/0x15 returned 0 after 202 usecs
[   12.125596] ata3: SATA link up 1.5 Gbps (SStatus 113 SControl 300)
[   12.127951] calling  rtl8169_pci_driver_init+0x0/0x15 @ 1
[   12.138831] ata3.00: ATAPI: QEMU DVD-ROM, 2.5+, max UDMA/100
[   12.144693] initcall rtl8169_pci_driver_init+0x0/0x15 returned 0 after 133 usecs
[   12.161335] ata3.00: applying bridge limits
[   12.171303] calling  cdrom_init+0x0/0xc @ 1
[   12.185883] ata4: SATA link down (SStatus 0 SControl 300)
[   12.185930] initcall cdrom_init+0x0/0xc returned 0 after 340 usecs
[   12.200900] ata2: SATA link down (SStatus 0 SControl 300)
[   12.202081] calling  nonstatic_sysfs_init+0x0/0xc @ 1
[   12.209984] ata3.00: configured for UDMA/100
[   12.215728] initcall nonstatic_sysfs_init+0x0/0xc returned 0 after 114 usecs
[   12.232794] calling  yenta_cardbus_driver_init+0x0/0x15 @ 1
[   12.242792] ata6: SATA link down (SStatus 0 SControl 300)
[   12.242877] initcall yenta_cardbus_driver_init+0x0/0x15 returned 0 after 377 usecs
[   12.274308] hrtimer: interrupt took 15034858 ns
[   12.294322] calling  mon_init+0x0/0x12d @ 1
[   12.327085] scsi 2:0:0:0: CD-ROM            QEMU     QEMU DVD-ROM     2.5+ PQ: 0 ANSI: 5
[   12.342181] initcall mon_init+0x0/0x12d returned 0 after 38540 usecs
[   12.352039] calling  ehci_hcd_init+0x0/0x56 @ 1
[   12.360560] ehci_hcd: USB 2.0 'Enhanced' Host Controller (EHCI) Driver
[   12.372336] initcall ehci_hcd_init+0x0/0x56 returned 0 after 11788 usecs
[   12.382634] calling  ehci_pci_init+0x0/0x64 @ 1
[   12.395500] ehci-pci: EHCI PCI platform driver
[   12.415043] initcall ehci_pci_init+0x0/0x64 returned 0 after 19078 usecs
[   12.426193] calling  ohci_hcd_mod_init+0x0/0x4e @ 1
[   12.436703] ohci_hcd: USB 1.1 'Open' Host Controller (OHCI) Driver
[   12.446480] initcall ohci_hcd_mod_init+0x0/0x4e returned 0 after 9543 usecs
[   12.458951] calling  ohci_pci_init+0x0/0x64 @ 1
[   12.465254] ohci-pci: OHCI PCI platform driver
[   12.474497] initcall ohci_pci_init+0x0/0x64 returned 0 after 9022 usecs
[   12.484039] calling  uhci_hcd_init+0x0/0xa8 @ 1
[   12.490805] uhci_hcd: USB Universal Host Controller Interface driver
[   12.504020] initcall uhci_hcd_init+0x0/0xa8 returned 0 after 13003 usecs
[   12.513160] calling  xhci_hcd_init+0x0/0x1e @ 1
[   12.519830] initcall xhci_hcd_init+0x0/0x1e returned 0 after 248 usecs
[   12.528875] calling  xhci_pci_init+0x0/0x49 @ 1
[   12.536922] initcall xhci_pci_init+0x0/0x49 returned 0 after 626 usecs
[   12.547523] calling  usblp_driver_init+0x0/0x15 @ 1
[   12.556187] usbcore: registered new interface driver usblp
[   12.566011] initcall usblp_driver_init+0x0/0x15 returned 0 after 10090 usecs
[   12.577832] calling  usb_storage_driver_init+0x0/0x2a @ 1
[   12.586851] usbcore: registered new interface driver usb-storage
[   12.596224] initcall usb_storage_driver_init+0x0/0x2a returned 0 after 9503 usecs
[   12.620571] calling  i8042_init+0x0/0x4c2 @ 1
[   12.630817] i8042: PNP: PS/2 Controller [PNP0303:KBD,PNP0f13:MOU] at 0x60,0x64 irq 1,12
[   12.666935] sr 2:0:0:0: [sr0] scsi3-mmc drive: 4x/4x cd/rw xa/form2 tray
[   12.668815] serio: i8042 KBD port at 0x60,0x64 irq 1
[   12.676638] cdrom: Uniform CD-ROM driver Revision: 3.20
[   12.685327] serio: i8042 AUX port at 0x60,0x64 irq 12
[   12.700049] initcall i8042_init+0x0/0x4c2 returned 0 after 71179 usecs
[   12.710423] calling  serport_init+0x0/0x2c @ 1
[   12.717710] initcall serport_init+0x0/0x2c returned 0 after 270 usecs
[   12.728727] calling  input_leds_init+0x0/0xc @ 1
[   12.736470] initcall input_leds_init+0x0/0xc returned 0 after 171 usecs
[   12.748140] calling  evdev_init+0x0/0xc @ 1
[   12.760939] initcall evdev_init+0x0/0xc returned 0 after 5814 usecs
[   12.783332] calling  atkbd_init+0x0/0x21 @ 1
[   12.796852] initcall atkbd_init+0x0/0x21 returned 0 after 974 usecs
[   12.807604] calling  psmouse_init+0x0/0x7f @ 1
[   12.815767] initcall psmouse_init+0x0/0x7f returned 0 after 949 usecs
[   12.826130] calling  cmos_init+0x0/0x73 @ 1
[   12.834701] rtc_cmos 00:04: RTC can wake from S4
[   12.863295] input: AT Translated Set 2 keyboard as /devices/platform/i8042/serio0/input/input1
[   12.869481] sr 2:0:0:0: Attached scsi CD-ROM sr0
[   12.874657] rtc_cmos 00:04: registered as rtc0
[   12.875627] rtc_cmos 00:04: alarms up to one day, y3k, 242 bytes nvram, hpet irqs
[   12.875794] initcall cmos_init+0x0/0x73 returned 0 after 42159 usecs
[   12.875798] calling  smbalert_driver_init+0x0/0xe @ 1
[   12.876434] initcall smbalert_driver_init+0x0/0xe returned 0 after 617 usecs
[   12.876437] calling  i2c_i801_init+0x0/0xc5 @ 1
[   12.890074] i801_smbus 0000:00:1f.3: SMBus using PCI interrupt
[   12.896506] sr 2:0:0:0: Attached scsi generic sg0 type 5
[   12.908652] i2c i2c-0: 1/1 memory slots populated (from DMI)
[   12.908653] i2c i2c-0: Memory type 0x07 not supported yet, not instantiating SPD
[   12.908894] initcall i2c_i801_init+0x0/0xc5 returned 0 after 31688 usecs
[   12.908898] calling  ptp_kvm_init+0x0/0xf0 @ 1
[   12.916876] initcall ptp_kvm_init+0x0/0xf0 returned 0 after 7780 usecs
[   13.007915] calling  dm_init+0x0/0x3c @ 1
[   13.022612] device-mapper: ioctl: 4.43.0-ioctl (2020-10-01) initialised: dm-devel@redhat.com
[   13.034766] initcall dm_init+0x0/0x3c returned 0 after 20758 usecs
[   13.043692] calling  dm_mirror_init+0x0/0x29 @ 1
[   13.050730] initcall dm_mirror_init+0x0/0x29 returned 0 after 121 usecs
[   13.060353] calling  dm_dirty_log_init+0x0/0x4f @ 1
[   13.068352] initcall dm_dirty_log_init+0x0/0x4f returned 0 after 52 usecs
[   13.078409] calling  dm_zero_init+0x0/0x29 @ 1
[   13.084843] initcall dm_zero_init+0x0/0x29 returned 0 after 110 usecs
[   13.094289] calling  intel_pstate_init+0x0/0x510 @ 1
[   13.101658] intel_pstate: CPU model not supported
[   13.108105] initcall intel_pstate_init+0x0/0x510 returned -19 after 6384 usecs
[   13.117702] calling  haltpoll_init+0x0/0xc0 @ 1
[   13.124025] initcall haltpoll_init+0x0/0xc0 returned -19 after 26 usecs
[   13.136950] calling  efivars_sysfs_init+0x0/0x30 @ 1
[   13.152278] initcall efivars_sysfs_init+0x0/0x30 returned 0 after 43 usecs
[   13.167475] calling  esrt_sysfs_init+0x0/0x2a2 @ 1
[   13.175324] initcall esrt_sysfs_init+0x0/0x2a2 returned -38 after 41 usecs
[   13.187076] calling  hid_init+0x0/0x5c @ 1
[   13.196336] hid: raw HID events driver (C) Jiri Kosina
[   13.204183] initcall hid_init+0x0/0x5c returned 0 after 7936 usecs
[   13.213713] calling  hid_generic_init+0x0/0x15 @ 1
[   13.221669] initcall hid_generic_init+0x0/0x15 returned 0 after 651 usecs
[   13.231458] calling  a4_driver_init+0x0/0x15 @ 1
[   13.238827] initcall a4_driver_init+0x0/0x15 returned 0 after 177 usecs
[   13.248798] calling  apple_driver_init+0x0/0x15 @ 1
[   13.256241] initcall apple_driver_init+0x0/0x15 returned 0 after 217 usecs
[   13.266151] calling  belkin_driver_init+0x0/0x15 @ 1
[   13.274122] initcall belkin_driver_init+0x0/0x15 returned 0 after 21 usecs
[   13.284021] calling  ch_driver_init+0x0/0x15 @ 1
[   13.291153] initcall ch_driver_init+0x0/0x15 returned 0 after 156 usecs
[   13.301207] calling  ch_driver_init+0x0/0x15 @ 1
[   13.308161] initcall ch_driver_init+0x0/0x15 returned 0 after 26 usecs
[   13.317612] calling  cp_driver_init+0x0/0x15 @ 1
[   13.323774] initcall cp_driver_init+0x0/0x15 returned 0 after 20 usecs
[   13.332885] calling  ez_driver_init+0x0/0x15 @ 1
[   13.340339] initcall ez_driver_init+0x0/0x15 returned 0 after 1152 usecs
[   13.351118] calling  gyration_driver_init+0x0/0x15 @ 1
[   13.367448] initcall gyration_driver_init+0x0/0x15 returned 0 after 22 usecs
[   13.382856] calling  ite_driver_init+0x0/0x15 @ 1
[   13.390202] initcall ite_driver_init+0x0/0x15 returned 0 after 22 usecs
[   13.400708] calling  ks_driver_init+0x0/0x15 @ 1
[   13.408813] initcall ks_driver_init+0x0/0x15 returned 0 after 22 usecs
[   13.420151] calling  lg_driver_init+0x0/0x15 @ 1
[   13.428094] initcall lg_driver_init+0x0/0x15 returned 0 after 211 usecs
[   13.437865] calling  lg_g15_driver_init+0x0/0x15 @ 1
[   13.445021] initcall lg_g15_driver_init+0x0/0x15 returned 0 after 100 usecs
[   13.455270] calling  ms_driver_init+0x0/0x15 @ 1
[   13.462513] initcall ms_driver_init+0x0/0x15 returned 0 after 130 usecs
[   13.472460] calling  mr_driver_init+0x0/0x15 @ 1
[   13.480113] initcall mr_driver_init+0x0/0x15 returned 0 after 37 usecs
[   13.490667] calling  ntrig_driver_init+0x0/0x15 @ 1
[   13.498337] initcall ntrig_driver_init+0x0/0x15 returned 0 after 62 usecs
[   13.507850] calling  pl_driver_init+0x0/0x15 @ 1
[   13.514310] initcall pl_driver_init+0x0/0x15 returned 0 after 29 usecs
[   13.515009] rcu_torture_rea (111) used greatest stack depth: 15008 bytes left
[   13.523102] calling  pl_driver_init+0x0/0x15 @ 1
[   13.523125] initcall pl_driver_init+0x0/0x15 returned 0 after 19 usecs
[   13.523127] calling  redragon_driver_init+0x0/0x15 @ 1
[   13.523214] initcall redragon_driver_init+0x0/0x15 returned 0 after 82 usecs
[   13.523215] calling  samsung_driver_init+0x0/0x15 @ 1
[   13.523223] initcall samsung_driver_init+0x0/0x15 returned 0 after 5 usecs
[   13.523224] calling  sony_init+0x0/0x38 @ 1
[   13.523289] initcall sony_init+0x0/0x38 returned 0 after 61 usecs
[   13.523290] calling  sp_driver_init+0x0/0x15 @ 1
[   13.523356] initcall sp_driver_init+0x0/0x15 returned 0 after 62 usecs
[   13.523358] calling  ts_driver_init+0x0/0x15 @ 1
[   13.523408] initcall ts_driver_init+0x0/0x15 returned 0 after 47 usecs
[   13.622594] srcu-torture: rcu_torture_read_exit: End of episode
[   13.625984] calling  hid_init+0x0/0x58 @ 1
[   13.626216] usbcore: registered new interface driver usbhid
[   13.659028] usbhid: USB HID core driver
[   13.665134] initcall hid_init+0x0/0x58 returned 0 after 38135 usecs
[   13.675187] input: ImExPS/2 Generic Explorer Mouse as /devices/platform/i8042/serio1/input/input3
[   13.675558] calling  eeepc_laptop_init+0x0/0x57 @ 1
[   13.695650] initcall eeepc_laptop_init+0x0/0x57 returned -19 after 787 usecs
[   13.705822] calling  pmc_atom_init+0x0/0x27a @ 1
[   13.712812] initcall pmc_atom_init+0x0/0x27a returned -19 after 8 usecs
[   13.722367] calling  alsa_hwdep_init+0x0/0x5e @ 1
[   13.730550] initcall alsa_hwdep_init+0x0/0x5e returned 0 after 102 usecs
[   13.740180] calling  alsa_timer_init+0x0/0x1f0 @ 1
[   13.749505] initcall alsa_timer_init+0x0/0x1f0 returned 0 after 2672 usecs
[   13.759552] calling  snd_hrtimer_init+0x0/0x117 @ 1
[   13.766533] initcall snd_hrtimer_init+0x0/0x117 returned 0 after 4 usecs
[   13.776052] calling  alsa_pcm_init+0x0/0x64 @ 1
[   13.782711] initcall alsa_pcm_init+0x0/0x64 returned 0 after 10 usecs
[   13.792372] calling  alsa_seq_init+0x0/0x4a @ 1
[   13.801763] initcall alsa_seq_init+0x0/0x4a returned 0 after 2774 usecs
[   13.811525] calling  alsa_seq_dummy_init+0x0/0x9c @ 1
[   13.819465] initcall alsa_seq_dummy_init+0x0/0x9c returned 0 after 85 usecs
[   13.831678] calling  azx_driver_init+0x0/0x15 @ 1
[   13.838994] initcall azx_driver_init+0x0/0x15 returned 0 after 317 usecs
[   13.849042] calling  sock_diag_init+0x0/0x2a @ 1
[   13.857452] initcall sock_diag_init+0x0/0x2a returned 0 after 1221 usecs
[   13.867614] calling  blackhole_init+0x0/0xc @ 1
[   13.875439] initcall blackhole_init+0x0/0xc returned 0 after 78 usecs
[   13.886517] calling  nfnetlink_init+0x0/0x57 @ 1
[   13.894548] initcall nfnetlink_init+0x0/0x57 returned 0 after 1988 usecs
[   13.904185] calling  nfnetlink_log_init+0x0/0x99 @ 1
[   13.912166] initcall nfnetlink_log_init+0x0/0x99 returned 0 after 445 usecs
[   13.922422] calling  nf_conntrack_standalone_init+0x0/0x87 @ 1
[   13.934805] initcall nf_conntrack_standalone_init+0x0/0x87 returned 0 after 3143 usecs
[   13.946554] calling  ctnetlink_init+0x0/0x83 @ 1
[   13.953491] initcall ctnetlink_init+0x0/0x83 returned 0 after 58 usecs
[   13.962744] calling  nf_conntrack_ftp_init+0x0/0x12c @ 1
[   13.970890] initcall nf_conntrack_ftp_init+0x0/0x12c returned 0 after 34 usecs
[   13.981663] calling  nf_conntrack_irc_init+0x0/0x129 @ 1
[   13.989662] initcall nf_conntrack_irc_init+0x0/0x129 returned 0 after 50 usecs
[   14.008288] calling  nf_conntrack_sip_init+0x0/0x172 @ 1
[   14.015851] initcall nf_conntrack_sip_init+0x0/0x172 returned 0 after 10 usecs
[   14.025401] calling  nf_nat_init+0x0/0xd2 @ 1
[   14.032232] initcall nf_nat_init+0x0/0xd2 returned 0 after 1179 usecs
[   14.041496] calling  nf_nat_ftp_init+0x0/0x2a @ 1
[   14.048386] initcall nf_nat_ftp_init+0x0/0x2a returned 0 after 1 usecs
[   14.057844] calling  nf_nat_irc_init+0x0/0x2a @ 1
[   14.064662] initcall nf_nat_irc_init+0x0/0x2a returned 0 after 1 usecs
[   14.074117] calling  nf_nat_sip_init+0x0/0x36 @ 1
[   14.080902] initcall nf_nat_sip_init+0x0/0x36 returned 0 after 2 usecs
[   14.089717] calling  xt_init+0x0/0xf8 @ 1
[   14.095347] initcall xt_init+0x0/0xf8 returned 0 after 102 usecs
[   14.103396] calling  tcpudp_mt_init+0x0/0x11 @ 1
[   14.109813] initcall tcpudp_mt_init+0x0/0x11 returned 0 after 231 usecs
[   14.119183] calling  connsecmark_tg_init+0x0/0xc @ 1
[   14.126146] initcall connsecmark_tg_init+0x0/0xc returned 0 after 1 usecs
[   14.136179] calling  nflog_tg_init+0x0/0xc @ 1
[   14.142751] initcall nflog_tg_init+0x0/0xc returned 0 after 1 usecs
[   14.151531] calling  secmark_tg_init+0x0/0x11 @ 1
[   14.158078] initcall secmark_tg_init+0x0/0x11 returned 0 after 1 usecs
[   14.166991] calling  tcpmss_tg_init+0x0/0x11 @ 1
[   14.173492] initcall tcpmss_tg_init+0x0/0x11 returned 0 after 1 usecs
[   14.182501] calling  conntrack_mt_init+0x0/0x11 @ 1
[   14.189160] initcall conntrack_mt_init+0x0/0x11 returned 0 after 1 usecs
[   14.198234] calling  policy_mt_init+0x0/0x11 @ 1
[   14.204393] initcall policy_mt_init+0x0/0x11 returned 0 after 1 usecs
[   14.212973] calling  state_mt_init+0x0/0xc @ 1
[   14.218948] initcall state_mt_init+0x0/0xc returned 0 after 0 usecs
[   14.227352] calling  gre_offload_init+0x0/0x48 @ 1
