c[?7l[2J[0mSeaBIOS (version 1.16.0-debian-1.16.0-4)
Booting from ROM...
early console in setup code
c[?7l[2J[    0.000000] Linux version 5.10.156+ (root@joelboxx.c.googlers.com) (gcc (Debian 12.2.0-3) 12.2.0, GNU ld (GNU Binutils for Debian) 2.39) #7 SMP Tue Dec 13 04:28:58 UTC 2022
[    0.000000] Command line: selinux=0 initcall_debug debug console=ttyS0 rcutree.gp_preinit_delay=3 rcutree.gp_init_delay=3 rcutree.gp_cleanup_delay=3 rcupdate.rcu_self_test=1 rcutorture.onoff_interval=1000 rcutorture.onoff_holdoff=30 rcutorture.n_barrier_cbs=4 rcutorture.stat_interval=15 rcutorture.shutdown_secs=1800 rcutorture.test_no_idle_hz=1 rcutorture.verbose=1
[    0.000000] x86/fpu: x87 FPU will use FXSAVE
[    0.000000] BIOS-provided physical RAM map:
[    0.000000] BIOS-e820: [mem 0x0000000000000000-0x000000000009fbff] usable
[    0.000000] BIOS-e820: [mem 0x000000000009fc00-0x000000000009ffff] reserved
[    0.000000] BIOS-e820: [mem 0x00000000000f0000-0x00000000000fffff] reserved
[    0.000000] BIOS-e820: [mem 0x0000000000100000-0x000000001ffdefff] usable
[    0.000000] BIOS-e820: [mem 0x000000001ffdf000-0x000000001fffffff] reserved
[    0.000000] BIOS-e820: [mem 0x00000000b0000000-0x00000000bfffffff] reserved
[    0.000000] BIOS-e820: [mem 0x00000000fed1c000-0x00000000fed1ffff] reserved
[    0.000000] BIOS-e820: [mem 0x00000000feffc000-0x00000000feffffff] reserved
[    0.000000] BIOS-e820: [mem 0x00000000fffc0000-0x00000000ffffffff] reserved
[    0.000000] NX (Execute Disable) protection: active
[    0.000000] SMBIOS 2.8 present.
[    0.000000] DMI: QEMU Standard PC (Q35 + ICH9, 2009), BIOS 1.16.0-debian-1.16.0-4 04/01/2014
[    0.000000] Hypervisor detected: KVM
[    0.000000] kvm-clock: Using msrs 4b564d01 and 4b564d00
[    0.000000] kvm-clock: cpu 0, msr 18123001, primary cpu clock
[    0.000016] kvm-clock: using sched offset of 2780890603 cycles
[    0.000084] clocksource: kvm-clock: mask: 0xffffffffffffffff max_cycles: 0x1cd42e4dffb, max_idle_ns: 881590591483 ns
[    0.000134] tsc: Detected 1999.999 MHz processor
[    0.003068] e820: update [mem 0x00000000-0x00000fff] usable ==> reserved
[    0.003077] e820: remove [mem 0x000a0000-0x000fffff] usable
[    0.003087] last_pfn = 0x1ffdf max_arch_pfn = 0x400000000
[    0.003888] MTRR default type: write-back
[    0.003932] MTRR fixed ranges enabled:
[    0.003935]   00000-9FFFF write-back
[    0.003938]   A0000-BFFFF uncachable
[    0.003940]   C0000-FFFFF write-protect
[    0.003943] MTRR variable ranges enabled:
[    0.003946]   0 base 00C0000000 mask FFC0000000 uncachable
[    0.003948]   1 disabled
[    0.003950]   2 disabled
[    0.003952]   3 disabled
[    0.003954]   4 disabled
[    0.003956]   5 disabled
[    0.003958]   6 disabled
[    0.003960]   7 disabled
[    0.004186] x86/PAT: Configuration [0-7]: WB  WC  UC- UC  WB  WC  UC- UC  
[    0.012827] found SMP MP-table at [mem 0x000f5ba0-0x000f5baf]
[    0.013581] check: Scanning 1 areas for low memory corruption
[    0.020690] ACPI: Early table checksum verification disabled
[    0.021211] ACPI: RSDP 0x00000000000F59E0 000014 (v00 BOCHS )
[    0.021294] ACPI: RSDT 0x000000001FFE252A 000038 (v01 BOCHS  BXPC     00000001 BXPC 00000001)
[    0.021412] ACPI: FACP 0x000000001FFE22EA 0000F4 (v03 BOCHS  BXPC     00000001 BXPC 00000001)
[    0.021477] ACPI: DSDT 0x000000001FFE0040 0022AA (v01 BOCHS  BXPC     00000001 BXPC 00000001)
[    0.021486] ACPI: FACS 0x000000001FFE0000 000040
[    0.021492] ACPI: APIC 0x000000001FFE23DE 0000B0 (v01 BOCHS  BXPC     00000001 BXPC 00000001)
[    0.021513] ACPI: HPET 0x000000001FFE248E 000038 (v01 BOCHS  BXPC     00000001 BXPC 00000001)
[    0.021520] ACPI: MCFG 0x000000001FFE24C6 00003C (v01 BOCHS  BXPC     00000001 BXPC 00000001)
[    0.021527] ACPI: WAET 0x000000001FFE2502 000028 (v01 BOCHS  BXPC     00000001 BXPC 00000001)
[    0.021533] ACPI: Reserving FACP table memory at [mem 0x1ffe22ea-0x1ffe23dd]
[    0.021536] ACPI: Reserving DSDT table memory at [mem 0x1ffe0040-0x1ffe22e9]
[    0.021539] ACPI: Reserving FACS table memory at [mem 0x1ffe0000-0x1ffe003f]
[    0.021541] ACPI: Reserving APIC table memory at [mem 0x1ffe23de-0x1ffe248d]
[    0.021544] ACPI: Reserving HPET table memory at [mem 0x1ffe248e-0x1ffe24c5]
[    0.021546] ACPI: Reserving MCFG table memory at [mem 0x1ffe24c6-0x1ffe2501]
[    0.021548] ACPI: Reserving WAET table memory at [mem 0x1ffe2502-0x1ffe2529]
[    0.021723] ACPI: Local APIC address 0xfee00000
[    0.024855] No NUMA configuration found
[    0.024859] Faking a node at [mem 0x0000000000000000-0x000000001ffdefff]
[    0.024906] NODE_DATA(0) allocated [mem 0x1ffdb000-0x1ffdefff]
[    0.025289] Zone ranges:
[    0.025308]   DMA      [mem 0x0000000000001000-0x0000000000ffffff]
[    0.025313]   DMA32    [mem 0x0000000001000000-0x000000001ffdefff]
[    0.025316]   Normal   empty
[    0.025320] Movable zone start for each node
[    0.025323] Early memory node ranges
[    0.025325]   node   0: [mem 0x0000000000001000-0x000000000009efff]
[    0.025337]   node   0: [mem 0x0000000000100000-0x000000001ffdefff]
[    0.025346] Initmem setup node 0 [mem 0x0000000000001000-0x000000001ffdefff]
[    0.025349] On node 0 totalpages: 130941
[    0.025374]   DMA zone: 64 pages used for memmap
[    0.025377]   DMA zone: 21 pages reserved
[    0.025407]   DMA zone: 3998 pages, LIFO batch:0
[    0.025409]   DMA32 zone: 1984 pages used for memmap
[    0.025412]   DMA32 zone: 126943 pages, LIFO batch:31
[    0.042880] On node 0, zone DMA: 1 pages in unavailable ranges
[    0.042988] On node 0, zone DMA: 97 pages in unavailable ranges
[    0.079344] On node 0, zone DMA32: 33 pages in unavailable ranges
[    0.083662] ACPI: PM-Timer IO Port: 0x608
[    0.083675] ACPI: Local APIC address 0xfee00000
[    0.083748] ACPI: LAPIC_NMI (acpi_id[0xff] dfl dfl lint[0x1])
[    0.084379] IOAPIC[0]: apic_id 0, version 17, address 0xfec00000, GSI 0-23
[    0.084492] ACPI: INT_SRC_OVR (bus 0 bus_irq 0 global_irq 2 dfl dfl)
[    0.084496] ACPI: INT_SRC_OVR (bus 0 bus_irq 5 global_irq 5 high level)
[    0.084498] ACPI: INT_SRC_OVR (bus 0 bus_irq 9 global_irq 9 high level)
[    0.084604] ACPI: INT_SRC_OVR (bus 0 bus_irq 10 global_irq 10 high level)
[    0.084607] ACPI: INT_SRC_OVR (bus 0 bus_irq 11 global_irq 11 high level)
[    0.084610] ACPI: IRQ0 used by override.
[    0.084613] ACPI: IRQ5 used by override.
[    0.084615] ACPI: IRQ9 used by override.
[    0.084618] ACPI: IRQ10 used by override.
[    0.084620] ACPI: IRQ11 used by override.
[    0.084659] Using ACPI (MADT) for SMP configuration information
[    0.084664] ACPI: HPET id: 0x8086a201 base: 0xfed00000
[    0.084917] smpboot: Allowing 8 CPUs, 0 hotplug CPUs
[    0.085731] PM: hibernation: Registered nosave memory: [mem 0x00000000-0x00000fff]
[    0.085735] PM: hibernation: Registered nosave memory: [mem 0x0009f000-0x0009ffff]
[    0.085737] PM: hibernation: Registered nosave memory: [mem 0x000a0000-0x000effff]
[    0.085740] PM: hibernation: Registered nosave memory: [mem 0x000f0000-0x000fffff]
[    0.085755] [mem 0x20000000-0xafffffff] available for PCI devices
[    0.085773] Booting paravirtualized kernel on KVM
[    0.086003] clocksource: refined-jiffies: mask: 0xffffffff max_cycles: 0xffffffff, max_idle_ns: 1910969940391419 ns
[    0.097511] setup_percpu: NR_CPUS:8 nr_cpumask_bits:8 nr_cpu_ids:8 nr_node_ids:1
[    0.110462] percpu: Embedded 58 pages/cpu s199184 r8192 d30192 u262144
[    0.110478] pcpu-alloc: s199184 r8192 d30192 u262144 alloc=1*2097152
[    0.110482] pcpu-alloc: [0] 0 1 2 3 4 5 6 7 
[    0.110740] kvm-guest: stealtime: cpu 0, msr 1f41bb40
[    0.111107] Built 1 zonelists, mobility grouping on.  Total pages: 128872
[    0.111111] Policy zone: DMA32
[    0.111128] Kernel command line: selinux=0 initcall_debug debug console=ttyS0 rcutree.gp_preinit_delay=3 rcutree.gp_init_delay=3 rcutree.gp_cleanup_delay=3 rcupdate.rcu_self_test=1 rcutorture.onoff_interval=1000 rcutorture.onoff_holdoff=30 rcutorture.n_barrier_cbs=4 rcutorture.stat_interval=15 rcutorture.shutdown_secs=1800 rcutorture.test_no_idle_hz=1 rcutorture.verbose=1
[    0.115020] Dentry cache hash table entries: 65536 (order: 7, 524288 bytes, linear)
[    0.116024] Inode-cache hash table entries: 32768 (order: 6, 262144 bytes, linear)
[    0.116604] mem auto-init: stack:all(zero), heap alloc:off, heap free:off
[    0.129145] Memory: 465384K/523764K available (16398K kernel code, 2799K rwdata, 4844K rodata, 1520K init, 13292K bss, 58120K reserved, 0K cma-reserved)
[    0.129516] SLUB: HWalign=64, Order=0-3, MinObjects=0, CPUs=8, Nodes=1
[    0.129743] Kernel/User page tables isolation: enabled
[    0.136535] Running RCU self tests
[    0.136667] rcu: RCU calculated value of scheduler-enlistment delay is 100 jiffies.
[    0.136875] rcu: Hierarchical RCU implementation.
[    0.136878] rcu: 	CONFIG_RCU_FANOUT set to non-default value of 6.
[    0.136881] rcu: 	RCU lockdep checking is enabled.
[    0.136883] rcu: 	Build-time adjustment of leaf fanout to 6.
[    0.136885] rcu: 	Boot-time adjustment of first FQS scan delay to 3 jiffies.
[    0.136887] rcu: 	Boot-time adjustment of subsequent FQS scan delay to 3 jiffies.
[    0.136890] rcu: 	RCU debug GP pre-init slowdown 3 jiffies.
[    0.136892] rcu: 	RCU debug GP init slowdown 3 jiffies.
[    0.136894] rcu: 	RCU debug GP init slowdown 3 jiffies.
[    0.136897] 	Trampoline variant of Tasks RCU enabled.
[    0.136899] 	Rude variant of Tasks RCU enabled.
[    0.136901] 	Tracing variant of Tasks RCU enabled.
[    0.141371] NR_IRQS: 4352, nr_irqs: 488, preallocated irqs: 16
[    0.142119] rcu: 	Offload RCU callbacks from CPUs: (none).
[    0.142974] calling  con_init+0x0/0x24f @ 0
[    0.223985] Console: colour VGA+ 80x25
[    0.224014] initcall con_init+0x0/0x24f returned 0 after 0 usecs
[    0.224018] calling  hvc_console_init+0x0/0x13 @ 0
[    0.224035] initcall hvc_console_init+0x0/0x13 returned 0 after 0 usecs
[    0.224038] calling  univ8250_console_init+0x0/0x26 @ 0
[    1.220391] printk: console [ttyS0] enabled
[    1.226027] initcall univ8250_console_init+0x0/0x26 returned 0 after 0 usecs
[    1.233896] Lock dependency validator: Copyright (c) 2006 Red Hat, Inc., Ingo Molnar
[    1.242747] ... MAX_LOCKDEP_SUBCLASSES:  8
[    1.248436] ... MAX_LOCK_DEPTH:          48
[    1.254252] ... MAX_LOCKDEP_KEYS:        8192
[    1.260604] ... CLASSHASH_SIZE:          4096
[    1.266593] ... MAX_LOCKDEP_ENTRIES:     32768
[    1.272476] ... MAX_LOCKDEP_CHAINS:      65536
[    1.277399] ... CHAINHASH_SIZE:          32768
[    1.282322]  memory used by lock dependency info: 6365 kB
[    1.288195]  memory used for stack traces: 4224 kB
[    1.294801]  per task-struct memory footprint: 1920 bytes
[    1.303892] ACPI: Core revision 20200925
[    1.312361] clocksource: hpet: mask: 0xffffffff max_cycles: 0xffffffff, max_idle_ns: 19112604467 ns
[    1.325625] APIC: Switch to symmetric I/O mode setup
[    1.346462] ..TIMER: vector=0x30 apic1=0 pin1=2 apic2=-1 pin2=-1
[    1.353753] clocksource: tsc-early: mask: 0xffffffffffffffff max_cycles: 0x39a85afc727, max_idle_ns: 881590685098 ns
[    1.365972] Calibrating delay loop (skipped) preset value.. 3999.99 BogoMIPS (lpj=1999999)
[    1.366775] pid_max: default: 32768 minimum: 301
[    1.368253] LSM: Security Framework initializing
[    1.369946] Mount-cache hash table entries: 1024 (order: 1, 8192 bytes, linear)
[    1.370786] Mountpoint-cache hash table entries: 1024 (order: 1, 8192 bytes, linear)
[    1.379256] Last level iTLB entries: 4KB 0, 2MB 0, 4MB 0
[    1.379759] Last level dTLB entries: 4KB 0, 2MB 0, 4MB 0, 1GB 0
[    1.380842] Spectre V1 : Mitigation: usercopy/swapgs barriers and __user pointer sanitization
[    1.381760] Spectre V2 : Mitigation: Retpolines
[    1.382757] Spectre V2 : Spectre v2 / SpectreRSB mitigation: Filling RSB on context switch
[    1.383757] Spectre V2 : Spectre v2 / SpectreRSB : Filling RSB on VMEXIT
[    1.384759] Speculative Store Bypass: Vulnerable
[    1.385785] MDS: Vulnerable: Clear CPU buffers attempted, no microcode
[    1.386758] MMIO Stale Data: Unknown: No mitigations
[    1.453503] Freeing SMP alternatives memory: 40K
[    1.556517] smpboot: CPU0: Intel Common KVM processor (family: 0xf, model: 0x6, stepping: 0x1)
[    1.558910] calling  init_hw_perf_events+0x0/0x6ce @ 1
[    1.559938] Performance Events: unsupported Netburst CPU model 6 no PMU driver, software events only.
[    1.560770] initcall init_hw_perf_events+0x0/0x6ce returned 0 after 976 usecs
[    1.561768] calling  init_real_mode+0x0/0x1e9 @ 1
[    1.563916] initcall init_real_mode+0x0/0x1e9 returned 0 after 976 usecs
[    1.564787] calling  trace_init_perf_perm_irq_work_exit+0x0/0x12 @ 1
[    1.565794] initcall trace_init_perf_perm_irq_work_exit+0x0/0x12 returned 0 after 0 usecs
[    1.566775] calling  validate_x2apic+0x0/0x4a @ 1
[    1.567804] initcall validate_x2apic+0x0/0x4a returned 0 after 0 usecs
[    1.568767] calling  register_nmi_cpu_backtrace_handler+0x0/0x15 @ 1
[    1.569789] initcall register_nmi_cpu_backtrace_handler+0x0/0x15 returned 0 after 0 usecs
[    1.570766] calling  kvm_setup_vsyscall_timeinfo+0x0/0xce @ 1
[    1.571766] initcall kvm_setup_vsyscall_timeinfo+0x0/0xce returned 0 after 0 usecs
[    1.572808] calling  spawn_ksoftirqd+0x0/0x38 @ 1
[    1.574871] RCU test callback executed 1
[    1.576068] initcall spawn_ksoftirqd+0x0/0x38 returned 0 after 976 usecs
[    1.576765] calling  migration_init+0x0/0x33 @ 1
[    1.577764] initcall migration_init+0x0/0x33 returned 0 after 0 usecs
[    1.578762] calling  srcu_bootup_announce+0x0/0x2f @ 1
[    1.579765] rcu: Hierarchical SRCU implementation.
[    1.580767] initcall srcu_bootup_announce+0x0/0x2f returned 0 after 976 usecs
[    1.581764] calling  rcu_spawn_gp_kthread+0x0/0x1dd @ 1
[    1.582947] initcall rcu_spawn_gp_kthread+0x0/0x1dd returned 0 after 0 usecs
[    1.583767] calling  check_cpu_stall_init+0x0/0x1a @ 1
[    1.584765] initcall check_cpu_stall_init+0x0/0x1a returned 0 after 0 usecs
[    1.585764] calling  rcu_sysrq_init+0x0/0x21 @ 1
[    1.586765] initcall rcu_sysrq_init+0x0/0x21 returned 0 after 0 usecs
[    1.587763] calling  trace_init_flags_sys_enter+0x0/0xe @ 1
[    1.588785] initcall trace_init_flags_sys_enter+0x0/0xe returned 0 after 0 usecs
[    1.589764] calling  trace_init_flags_sys_exit+0x0/0xe @ 1
[    1.590766] initcall trace_init_flags_sys_exit+0x0/0xe returned 0 after 0 usecs
[    1.591765] calling  cpu_stop_init+0x0/0x8d @ 1
[    1.594116] initcall cpu_stop_init+0x0/0x8d returned 0 after 0 usecs
[    1.594799] calling  init_kprobes+0x0/0x16e @ 1
[    1.597836] initcall init_kprobes+0x0/0x16e returned 0 after 1953 usecs
[    1.598765] calling  init_events+0x0/0x3d @ 1
[    1.601101] initcall init_events+0x0/0x3d returned 0 after 976 usecs
[    1.601764] calling  init_trace_printk+0x0/0xc @ 1
[    1.602765] initcall init_trace_printk+0x0/0xc returned 0 after 0 usecs
[    1.603778] calling  event_trace_enable_again+0x0/0x23 @ 1
[    1.604764] initcall event_trace_enable_again+0x0/0x23 returned 0 after 0 usecs
[    1.605764] calling  static_call_init+0x0/0x79 @ 1
[    1.606763] initcall static_call_init+0x0/0x79 returned 0 after 0 usecs
[    1.607761] calling  jump_label_init_module+0x0/0xc @ 1
[    1.608762] initcall jump_label_init_module+0x0/0xc returned 0 after 0 usecs
[    1.609764] calling  init_zero_pfn+0x0/0x37 @ 1
[    1.610764] initcall init_zero_pfn+0x0/0x37 returned 0 after 0 usecs
[    1.611765] calling  initialize_ptr_random+0x0/0x54 @ 1
[    1.612851] initcall initialize_ptr_random+0x0/0x54 returned 0 after 0 usecs
[    1.613766] calling  efi_memreserve_root_init+0x0/0x25 @ 1
[    1.614764] initcall efi_memreserve_root_init+0x0/0x25 returned 0 after 0 usecs
[    1.615763] calling  efi_earlycon_remap_fb+0x0/0x51 @ 1
[    1.616768] initcall efi_earlycon_remap_fb+0x0/0x51 returned 0 after 0 usecs
[    1.618796] RCU test callback executed 2
[    1.621789] smp: Bringing up secondary CPUs ...
[    1.625807] x86: Booting SMP configuration:
[    1.626763] .... node  #0, CPUs:      #1
[    1.219596] kvm-clock: cpu 1, msr 18123041, secondary cpu clock
[    1.652979] kvm-guest: stealtime: cpu 1, msr 1f45bb40
[    1.667489]  #2
[    1.219596] kvm-clock: cpu 2, msr 18123081, secondary cpu clock
[    1.689950] kvm-guest: stealtime: cpu 2, msr 1f49bb40
[    1.704468]  #3
[    1.219596] kvm-clock: cpu 3, msr 181230c1, secondary cpu clock
[    1.726938] kvm-guest: stealtime: cpu 3, msr 1f4dbb40
[    1.742156]  #4
[    1.219596] kvm-clock: cpu 4, msr 18123101, secondary cpu clock
[    1.763951] kvm-guest: stealtime: cpu 4, msr 1f51bb40
[    1.778846]  #5
[    1.219596] kvm-clock: cpu 5, msr 18123141, secondary cpu clock
[    1.800941] kvm-guest: stealtime: cpu 5, msr 1f55bb40
[    1.815522]  #6
[    1.219596] kvm-clock: cpu 6, msr 18123181, secondary cpu clock
[    1.837952] kvm-guest: stealtime: cpu 6, msr 1f59bb40
[    1.852341]  #7
[    1.219596] kvm-clock: cpu 7, msr 181231c1, secondary cpu clock
[    1.875022] kvm-guest: stealtime: cpu 7, msr 1f5dbb40
[    1.889328] smp: Brought up 1 node, 8 CPUs
[    1.889761] smpboot: Max logical packages: 1
[    1.890760] smpboot: Total of 8 processors activated (31999.98 BogoMIPS)
[    1.908878] devtmpfs: initialized
[    1.912670] calling  ipc_ns_init+0x0/0x3d @ 1
[    1.912839] initcall ipc_ns_init+0x0/0x3d returned 0 after 0 usecs
[    1.913770] calling  init_mmap_min_addr+0x0/0x21 @ 1
[    1.914766] initcall init_mmap_min_addr+0x0/0x21 returned 0 after 0 usecs
[    1.915768] calling  pci_realloc_setup_params+0x0/0x3f @ 1
[    1.916768] initcall pci_realloc_setup_params+0x0/0x3f returned 0 after 0 usecs
[    1.917777] calling  net_ns_init+0x0/0x12a @ 1
[    1.920142] initcall net_ns_init+0x0/0x12a returned 0 after 976 usecs
[    1.920787] calling  e820__register_nvs_regions+0x0/0x37 @ 1
[    1.921765] initcall e820__register_nvs_regions+0x0/0x37 returned 0 after 0 usecs
[    1.922762] calling  cpufreq_register_tsc_scaling+0x0/0x2e @ 1
[    1.923765] initcall cpufreq_register_tsc_scaling+0x0/0x2e returned 0 after 0 usecs
[    1.924769] calling  reboot_init+0x0/0x3c @ 1
[    1.925765] initcall reboot_init+0x0/0x3c returned 0 after 0 usecs
[    1.926763] calling  init_lapic_sysfs+0x0/0x20 @ 1
[    1.927789] initcall init_lapic_sysfs+0x0/0x20 returned 0 after 0 usecs
[    1.928763] calling  alloc_frozen_cpus+0x0/0x7 @ 1
[    1.929761] initcall alloc_frozen_cpus+0x0/0x7 returned 0 after 0 usecs
[    1.930764] calling  cpu_hotplug_pm_sync_init+0x0/0x13 @ 1
[    1.931803] initcall cpu_hotplug_pm_sync_init+0x0/0x13 returned 0 after 0 usecs
[    1.932769] calling  wq_sysfs_init+0x0/0x2a @ 1
[    1.933916] initcall wq_sysfs_init+0x0/0x2a returned 0 after 0 usecs
[    1.934769] calling  ksysfs_init+0x0/0x92 @ 1
[    1.935811] initcall ksysfs_init+0x0/0x92 returned 0 after 0 usecs
[    1.936763] calling  schedutil_gov_init+0x0/0xc @ 1
[    1.938783] initcall schedutil_gov_init+0x0/0xc returned 0 after 976 usecs
[    1.939763] calling  pm_init+0x0/0x76 @ 1
[    1.940841] initcall pm_init+0x0/0x76 returned 0 after 0 usecs
[    1.941762] calling  pm_disk_init+0x0/0x13 @ 1
[    1.942790] initcall pm_disk_init+0x0/0x13 returned 0 after 0 usecs
[    1.943766] calling  swsusp_header_init+0x0/0x2b @ 1
[    1.944771] initcall swsusp_header_init+0x0/0x2b returned 0 after 0 usecs
[    1.945786] calling  rcu_set_runtime_mode+0x0/0x2a @ 1
[    1.950802] initcall rcu_set_runtime_mode+0x0/0x2a returned 0 after 3906 usecs
[    1.951769] calling  init_jiffies_clocksource+0x0/0x13 @ 1
[    1.952765] clocksource: jiffies: mask: 0xffffffff max_cycles: 0xffffffff, max_idle_ns: 1911260446275000 ns
[    1.953773] initcall init_jiffies_clocksource+0x0/0x13 returned 0 after 976 usecs
[    1.954769] calling  futex_init+0x0/0x118 @ 1
[    1.955771] futex hash table entries: 2048 (order: 6, 262144 bytes, linear)
[    1.956876] initcall futex_init+0x0/0x118 returned 0 after 976 usecs
[    1.957765] calling  cgroup_wq_init+0x0/0x28 @ 1
[    1.958786] initcall cgroup_wq_init+0x0/0x28 returned 0 after 0 usecs
[    1.959765] calling  cgroup1_wq_init+0x0/0x28 @ 1
[    1.960783] initcall cgroup1_wq_init+0x0/0x28 returned 0 after 0 usecs
[    1.961765] calling  init_kprobe_trace_early+0x0/0x2a @ 1
[    1.962867] initcall init_kprobe_trace_early+0x0/0x2a returned 0 after 0 usecs
[    1.963765] calling  fsnotify_init+0x0/0x56 @ 1
[    1.964805] initcall fsnotify_init+0x0/0x56 returned 0 after 0 usecs
[    1.965765] calling  filelock_init+0x0/0xb3 @ 1
[    1.966803] initcall filelock_init+0x0/0xb3 returned 0 after 0 usecs
[    1.967814] calling  init_misc_binfmt+0x0/0x2c @ 1
[    1.969779] initcall init_misc_binfmt+0x0/0x2c returned 0 after 976 usecs
[    1.970763] calling  init_script_binfmt+0x0/0x15 @ 1
[    1.971765] initcall init_script_binfmt+0x0/0x15 returned 0 after 0 usecs
[    1.972762] calling  init_elf_binfmt+0x0/0x15 @ 1
[    1.973764] initcall init_elf_binfmt+0x0/0x15 returned 0 after 0 usecs
[    1.974763] calling  init_compat_elf_binfmt+0x0/0x15 @ 1
[    1.975763] initcall init_compat_elf_binfmt+0x0/0x15 returned 0 after 0 usecs
[    1.977762] calling  debugfs_init+0x0/0x5c @ 1
[    1.978772] initcall debugfs_init+0x0/0x5c returned 0 after 0 usecs
[    1.979766] calling  tracefs_init+0x0/0x3a @ 1
[    1.980774] initcall tracefs_init+0x0/0x3a returned 0 after 0 usecs
[    1.981764] calling  prandom_init_early+0x0/0x15d @ 1
[    1.982770] initcall prandom_init_early+0x0/0x15d returned 0 after 0 usecs
[    1.983920] calling  virtio_init+0x0/0x20 @ 1
[    1.984854] initcall virtio_init+0x0/0x20 returned 0 after 0 usecs
[    1.985767] calling  iommu_init+0x0/0x2a @ 1
[    1.986790] initcall iommu_init+0x0/0x2a returned 0 after 0 usecs
[    1.987765] calling  component_debug_init+0x0/0x1c @ 1
[    1.989966] initcall component_debug_init+0x0/0x1c returned 0 after 976 usecs
[    1.990765] calling  early_resume_init+0x0/0xb9 @ 1
[    1.992762] PM: RTC time: 04:45:32, date: 2022-12-13
[    1.993790] initcall early_resume_init+0x0/0xb9 returned 0 after 1953 usecs
[    1.994768] calling  cpufreq_core_init+0x0/0x62 @ 1
[    1.995776] initcall cpufreq_core_init+0x0/0x62 returned 0 after 0 usecs
[    1.996764] calling  cpufreq_gov_performance_init+0x0/0xc @ 1
[    1.997768] initcall cpufreq_gov_performance_init+0x0/0xc returned 0 after 0 usecs
[    1.998764] calling  cpufreq_gov_userspace_init+0x0/0xc @ 1
[    1.999770] initcall cpufreq_gov_userspace_init+0x0/0xc returned 0 after 0 usecs
[    2.001763] calling  CPU_FREQ_GOV_ONDEMAND_init+0x0/0xc @ 1
[    2.002767] initcall CPU_FREQ_GOV_ONDEMAND_init+0x0/0xc returned 0 after 0 usecs
[    2.003764] calling  cpuidle_init+0x0/0x1f @ 1
[    2.004796] initcall cpuidle_init+0x0/0x1f returned 0 after 0 usecs
[    2.005763] calling  capsule_reboot_register+0x0/0xc @ 1
[    2.006803] initcall capsule_reboot_register+0x0/0xc returned 0 after 0 usecs
[    2.007763] calling  sock_init+0x0/0x93 @ 1
[    2.082189] initcall sock_init+0x0/0x93 returned 0 after 71289 usecs
[    2.089769] calling  net_inuse_init+0x0/0x23 @ 1
[    2.094809] initcall net_inuse_init+0x0/0x23 returned 0 after 0 usecs
[    2.101763] calling  net_defaults_init+0x0/0x23 @ 1
[    2.107764] initcall net_defaults_init+0x0/0x23 returned 0 after 0 usecs
[    2.115766] calling  init_default_flow_dissectors+0x0/0x4f @ 1
[    2.122786] initcall init_default_flow_dissectors+0x0/0x4f returned 0 after 0 usecs
[    2.130763] calling  netpoll_init+0x0/0x44 @ 1
[    2.136779] initcall netpoll_init+0x0/0x44 returned 0 after 0 usecs
[    2.143762] calling  netlink_proto_init+0x0/0x154 @ 1
[    2.153028] NET: Registered protocol family 16
[    2.159099] initcall netlink_proto_init+0x0/0x154 returned 0 after 8789 usecs
[    2.167781] calling  genl_init+0x0/0x35 @ 1
[    2.172878] initcall genl_init+0x0/0x35 returned 0 after 0 usecs
[    2.179779] calling  bsp_pm_check_init+0x0/0x13 @ 1
[    2.185766] initcall bsp_pm_check_init+0x0/0x13 returned 0 after 0 usecs
[    2.192788] calling  irq_sysfs_init+0x0/0xb9 @ 1
[    2.199019] initcall irq_sysfs_init+0x0/0xb9 returned 0 after 0 usecs
[    2.205765] calling  audit_init+0x0/0x127 @ 1
[    2.211780] audit: initializing netlink subsys (disabled)
[    2.219798] initcall audit_init+0x0/0x127 returned 0 after 7812 usecs
[    2.219798] audit: type=2000 audit(1670906731.258:1): state=initialized audit_enabled=0 res=1
[    2.226764] calling  release_early_probes+0x0/0x32 @ 1
[    2.226773] initcall release_early_probes+0x0/0x32 returned 0 after 0 usecs
[    2.251766] calling  bdi_class_init+0x0/0x48 @ 1
[    2.258457] initcall bdi_class_init+0x0/0x48 returned 0 after 976 usecs
[    2.265765] calling  mm_sysfs_init+0x0/0x28 @ 1
[    2.270772] initcall mm_sysfs_init+0x0/0x28 returned 0 after 0 usecs
[    2.278763] calling  init_per_zone_wmark_min+0x0/0x6d @ 1
[    2.284813] initcall init_per_zone_wmark_min+0x0/0x6d returned 0 after 0 usecs
[    2.292762] calling  mpi_init+0x0/0x3e @ 1
[    2.297783] initcall mpi_init+0x0/0x3e returned 0 after 0 usecs
[    2.303773] calling  kobject_uevent_init+0x0/0xc @ 1
[    2.309794] initcall kobject_uevent_init+0x0/0xc returned 0 after 0 usecs
[    2.317761] calling  pcibus_class_init+0x0/0x13 @ 1
[    2.323794] initcall pcibus_class_init+0x0/0x13 returned 0 after 0 usecs
[    2.333769] calling  pci_driver_init+0x0/0x21 @ 1
[    2.339864] initcall pci_driver_init+0x0/0x21 returned 0 after 0 usecs
[    2.349769] calling  backlight_class_init+0x0/0xa8 @ 1
[    2.354874] initcall backlight_class_init+0x0/0xa8 returned 0 after 0 usecs
[    2.363769] calling  tty_class_init+0x0/0x33 @ 1
[    2.368787] initcall tty_class_init+0x0/0x33 returned 0 after 0 usecs
[    2.376763] calling  vtconsole_class_init+0x0/0xb5 @ 1
[    2.383032] initcall vtconsole_class_init+0x0/0xb5 returned 0 after 0 usecs
[    2.391765] calling  iommu_dev_init+0x0/0x13 @ 1
[    2.397895] initcall iommu_dev_init+0x0/0x13 returned 0 after 0 usecs
[    2.405765] calling  mipi_dsi_bus_init+0x0/0xc @ 1
[    2.411835] initcall mipi_dsi_bus_init+0x0/0xc returned 0 after 0 usecs
[    2.418764] calling  devlink_class_init+0x0/0x40 @ 1
[    2.425824] initcall devlink_class_init+0x0/0x40 returned 0 after 0 usecs
[    2.433765] calling  software_node_init+0x0/0x2a @ 1
[    2.439776] initcall software_node_init+0x0/0x2a returned 0 after 0 usecs
[    2.447764] calling  wakeup_sources_debugfs_init+0x0/0x23 @ 1
[    2.454779] initcall wakeup_sources_debugfs_init+0x0/0x23 returned 0 after 0 usecs
[    2.463763] calling  wakeup_sources_sysfs_init+0x0/0x2c @ 1
[    2.469785] initcall wakeup_sources_sysfs_init+0x0/0x2c returned 0 after 0 usecs
[    2.476771] calling  register_node_type+0x0/0x13 @ 1
[    2.482859] initcall register_node_type+0x0/0x13 returned 0 after 976 usecs
[    2.491765] calling  regmap_initcall+0x0/0xc @ 1
[    2.497886] initcall regmap_initcall+0x0/0xc returned 0 after 0 usecs
[    2.505765] calling  i2c_init+0x0/0xb3 @ 1
[    2.511076] initcall i2c_init+0x0/0xb3 returned 0 after 0 usecs
[    2.518765] calling  thermal_init+0x0/0x116 @ 1
[    2.523991] thermal_sys: Registered thermal governor 'step_wise'
[    2.523995] thermal_sys: Registered thermal governor 'user_space'
[    2.531791] initcall thermal_init+0x0/0x116 returned 0 after 7812 usecs
[    2.548777] calling  init_menu+0x0/0xc @ 1
[    2.556817] cpuidle: using governor menu
[    2.561774] initcall init_menu+0x0/0xc returned 0 after 7812 usecs
[    2.568766] calling  pcc_init+0x0/0x4d @ 1
[    2.573770] initcall pcc_init+0x0/0x4d returned -19 after 0 usecs
[    2.580766] calling  amd_postcore_init+0x0/0x11e @ 1
[    2.586764] initcall amd_postcore_init+0x0/0x11e returned 0 after 0 usecs
[    2.594790] calling  bts_init+0x0/0xba @ 1
[    2.598763] initcall bts_init+0x0/0xba returned -19 after 0 usecs
[    2.605764] calling  pt_init+0x0/0x34d @ 1
[    2.610763] initcall pt_init+0x0/0x34d returned -19 after 0 usecs
[    2.618767] calling  boot_params_ksysfs_init+0x0/0x2ee @ 1
[    2.625988] initcall boot_params_ksysfs_init+0x0/0x2ee returned 0 after 0 usecs
[    2.634784] calling  sbf_init+0x0/0xea @ 1
[    2.639784] initcall sbf_init+0x0/0xea returned 0 after 0 usecs
[    2.646765] calling  arch_kdebugfs_init+0x0/0x219 @ 1
[    2.654163] initcall arch_kdebugfs_init+0x0/0x219 returned 0 after 0 usecs
[    2.663766] calling  intel_pconfig_init+0x0/0x85 @ 1
[    2.669768] initcall intel_pconfig_init+0x0/0x85 returned 0 after 0 usecs
[    2.677764] calling  mtrr_if_init+0x0/0x5d @ 1
[    2.683891] initcall mtrr_if_init+0x0/0x5d returned 0 after 0 usecs
[    2.690766] calling  activate_jump_labels+0x0/0x31 @ 1
[    2.697764] initcall activate_jump_labels+0x0/0x31 returned 0 after 0 usecs
[    2.705769] calling  ffh_cstate_init+0x0/0x29 @ 1
[    2.711774] initcall ffh_cstate_init+0x0/0x29 returned 0 after 0 usecs
[    2.719764] calling  activate_jump_labels+0x0/0x31 @ 1
[    2.729441] initcall activate_jump_labels+0x0/0x31 returned 0 after 2929 usecs
[    2.737764] calling  kvm_alloc_cpumask+0x0/0x74 @ 1
[    2.743814] initcall kvm_alloc_cpumask+0x0/0x74 returned 0 after 0 usecs
[    2.751765] calling  kcmp_cookies_init+0x0/0x37 @ 1
[    2.756772] initcall kcmp_cookies_init+0x0/0x37 returned 0 after 0 usecs
[    2.764766] calling  cryptomgr_init+0x0/0xc @ 1
[    2.770850] initcall cryptomgr_init+0x0/0xc returned 0 after 0 usecs
[    2.777766] calling  acpi_pci_init+0x0/0x57 @ 1
[    2.782802] ACPI: bus type PCI registered
[    2.787764] initcall acpi_pci_init+0x0/0x57 returned 0 after 4882 usecs
[    2.795766] calling  dma_channel_table_init+0x0/0xd1 @ 1
[    2.801790] initcall dma_channel_table_init+0x0/0xd1 returned 0 after 0 usecs
[    2.810767] calling  dma_bus_init+0x0/0xdc @ 1
[    2.816532] initcall dma_bus_init+0x0/0xdc returned 0 after 976 usecs
[    2.824859] calling  iommu_dma_init+0x0/0x10 @ 1
[    2.830866] initcall iommu_dma_init+0x0/0x10 returned 0 after 0 usecs
[    2.837766] calling  dmi_id_init+0x0/0x37c @ 1
[    2.846226] initcall dmi_id_init+0x0/0x37c returned 0 after 2929 usecs
[    2.854766] calling  pci_arch_init+0x0/0x71 @ 1
[    2.861255] PCI: MMCONFIG for domain 0000 [bus 00-ff] at [mem 0xb0000000-0xbfffffff] (base 0xb0000000)
[    2.872780] PCI: MMCONFIG at [mem 0xb0000000-0xbfffffff] reserved in E820
[    2.878964] PCI: Using configuration type 1 for base access
[    2.888779] initcall pci_arch_init+0x0/0x71 returned 0 after 28320 usecs
[    2.897807] calling  init_vdso+0x0/0x13 @ 1
[    2.903905] initcall init_vdso+0x0/0x13 returned 0 after 0 usecs
[    2.912775] calling  sysenter_setup+0x0/0x13 @ 1
[    2.919850] initcall sysenter_setup+0x0/0x13 returned 0 after 0 usecs
[    2.929772] calling  fixup_ht_bug+0x0/0xe5 @ 1
[    2.935770] initcall fixup_ht_bug+0x0/0xe5 returned 0 after 0 usecs
[    2.943770] calling  topology_init+0x0/0x88 @ 1
[    2.951794] initcall topology_init+0x0/0x88 returned 0 after 1953 usecs
[    2.960770] calling  intel_epb_init+0x0/0x68 @ 1
[    2.966769] initcall intel_epb_init+0x0/0x68 returned -19 after 0 usecs
[    2.974770] calling  mtrr_init_finialize+0x0/0x3e @ 1
[    2.981753] initcall mtrr_init_finialize+0x0/0x3e returned 0 after 0 usecs
[    2.990769] calling  uid_cache_init+0x0/0x85 @ 1
[    2.996809] initcall uid_cache_init+0x0/0x85 returned 0 after 0 usecs
[    3.004768] calling  param_sysfs_init+0x0/0x1ba @ 1
[    3.030665] initcall param_sysfs_init+0x0/0x1ba returned 0 after 21484 usecs
[    3.037774] calling  user_namespace_sysctl_init+0x0/0x33 @ 1
[    3.042790] initcall user_namespace_sysctl_init+0x0/0x33 returned 0 after 0 usecs
[    3.049772] calling  proc_schedstat_init+0x0/0x24 @ 1
[    3.055786] initcall proc_schedstat_init+0x0/0x24 returned 0 after 0 usecs
[    3.065778] calling  pm_sysrq_init+0x0/0x18 @ 1
[    3.089778] initcall pm_sysrq_init+0x0/0x18 returned 0 after 17578 usecs
[    3.095775] calling  create_proc_profile+0x0/0xd0 @ 1
[    3.103770] initcall create_proc_profile+0x0/0xd0 returned 0 after 0 usecs
[    3.112772] calling  time_ns_init+0x0/0x7 @ 1
[    3.116769] initcall time_ns_init+0x0/0x7 returned 0 after 0 usecs
[    3.124767] calling  crash_save_vmcoreinfo_init+0x0/0x722 @ 1
[    3.133255] initcall crash_save_vmcoreinfo_init+0x0/0x722 returned 0 after 976 usecs
[    3.141766] calling  crash_notes_memory_init+0x0/0x35 @ 1
[    3.147775] initcall crash_notes_memory_init+0x0/0x35 returned 0 after 0 usecs
[    3.154770] calling  cgroup_sysfs_init+0x0/0x13 @ 1
[    3.160764] initcall cgroup_sysfs_init+0x0/0x13 returned 0 after 0 usecs
[    3.168056] calling  cgroup_namespaces_init+0x0/0x7 @ 1
[    3.177769] initcall cgroup_namespaces_init+0x0/0x7 returned 0 after 0 usecs
[    3.186768] calling  init_optprobes+0x0/0x13 @ 1
[    3.188824] Kprobes globally optimized
[    3.192767] initcall init_optprobes+0x0/0x13 returned 0 after 3906 usecs
[    3.202767] calling  oom_init+0x0/0x2f @ 1
[    3.214764] initcall oom_init+0x0/0x2f returned 0 after 6835 usecs
[    3.220767] calling  default_bdi_init+0x0/0xb3 @ 1
[    3.248046] initcall default_bdi_init+0x0/0xb3 returned 0 after 20507 usecs
[    3.257776] calling  percpu_enable_async+0x0/0xe @ 1
[    3.264768] initcall percpu_enable_async+0x0/0xe returned 0 after 0 usecs
[    3.272766] calling  kcompactd_init+0x0/0x8d @ 1
[    3.287764] initcall kcompactd_init+0x0/0x8d returned 0 after 7812 usecs
[    3.296047] calling  init_user_reserve+0x0/0x40 @ 1
[    3.298770] initcall init_user_reserve+0x0/0x40 returned 0 after 0 usecs
[    3.307767] calling  init_admin_reserve+0x0/0x40 @ 1
[    3.311767] initcall init_admin_reserve+0x0/0x40 returned 0 after 0 usecs
[    3.321768] calling  init_reserve_notifier+0x0/0x7 @ 1
[    3.328767] initcall init_reserve_notifier+0x0/0x7 returned 0 after 0 usecs
[    3.336767] calling  swap_init_sysfs+0x0/0x62 @ 1
[    3.342788] initcall swap_init_sysfs+0x0/0x62 returned 0 after 0 usecs
[    3.348766] calling  swapfile_init+0x0/0x94 @ 1
[    3.354771] initcall swapfile_init+0x0/0x94 returned 0 after 0 usecs
[    3.363767] calling  hugetlb_init+0x0/0x49e @ 1
[    3.369198] HugeTLB registered 2.00 MiB page size, pre-allocated 0 pages
[    3.378885] initcall hugetlb_init+0x0/0x49e returned 0 after 9765 usecs
[    3.387768] calling  io_wq_init+0x0/0x34 @ 1
[    3.391773] initcall io_wq_init+0x0/0x34 returned 0 after 0 usecs
[    3.400767] calling  seqiv_module_init+0x0/0xc @ 1
[    3.407763] initcall seqiv_module_init+0x0/0xc returned 0 after 976 usecs
[    3.411765] calling  echainiv_module_init+0x0/0xc @ 1
[    3.418768] initcall echainiv_module_init+0x0/0xc returned 0 after 0 usecs
[    3.425539] calling  rsa_init+0x0/0x50 @ 1
[    3.434095] initcall rsa_init+0x0/0x50 returned 0 after 4882 usecs
[    3.434990] cryptomgr_test (67) used greatest stack depth: 14864 bytes left
[    3.442771] calling  crypto_cmac_module_init+0x0/0xc @ 1
[    3.442778] initcall crypto_cmac_module_init+0x0/0xc returned 0 after 0 usecs
[    3.442781] calling  hmac_module_init+0x0/0xc @ 1
[    3.442784] initcall hmac_module_init+0x0/0xc returned 0 after 0 usecs
[    3.442787] calling  crypto_null_mod_init+0x0/0x65 @ 1
[    3.482777] initcall crypto_null_mod_init+0x0/0x65 returned 0 after 39062 usecs
[    3.498786] calling  md5_mod_init+0x0/0xc @ 1
[    3.515680] initcall md5_mod_init+0x0/0xc returned 0 after 10742 usecs
[    3.524781] calling  sha256_generic_mod_init+0x0/0x11 @ 1
[    3.544793] initcall sha256_generic_mod_init+0x0/0x11 returned 0 after 12695 usecs
[    3.550775] calling  crypto_cbc_module_init+0x0/0xc @ 1
[    3.556773] initcall crypto_cbc_module_init+0x0/0xc returned 0 after 0 usecs
[    3.564767] calling  crypto_ctr_module_init+0x0/0x11 @ 1
[    3.570770] initcall crypto_ctr_module_init+0x0/0x11 returned 0 after 0 usecs
[    3.577766] calling  crypto_gcm_module_init+0x0/0x64 @ 1
[    3.584018] initcall crypto_gcm_module_init+0x0/0x64 returned 0 after 0 usecs
[    3.591769] calling  crypto_ccm_module_init+0x0/0x11 @ 1
[    3.597777] initcall crypto_ccm_module_init+0x0/0x11 returned 0 after 0 usecs
[    3.606773] calling  aes_init+0x0/0xc @ 1
[    3.622791] initcall aes_init+0x0/0xc returned 0 after 12695 usecs
[    3.633789] calling  crc32c_mod_init+0x0/0xc @ 1
[    3.687753] initcall crc32c_mod_init+0x0/0xc returned 0 after 43945 usecs
[    3.699875] calling  crypto_authenc_module_init+0x0/0xc @ 1
[    3.707772] initcall crypto_authenc_module_init+0x0/0xc returned 0 after 0 usecs
[    3.717767] calling  crypto_authenc_esn_module_init+0x0/0xc @ 1
[    3.724770] initcall crypto_authenc_esn_module_init+0x0/0xc returned 0 after 0 usecs
[    3.736768] calling  drbg_init+0x0/0x7c @ 1
[    3.788774] initcall drbg_init+0x0/0x7c returned 0 after 45898 usecs
[    3.795948] calling  ghash_mod_init+0x0/0xc @ 1
[    3.803209] initcall ghash_mod_init+0x0/0xc returned 0 after 976 usecs
[    3.810765] calling  init_bio+0x0/0x9a @ 1
[    3.821042] initcall init_bio+0x0/0x9a returned 0 after 4882 usecs
[    3.828842] calling  blk_settings_init+0x0/0x29 @ 1
[    3.834766] initcall blk_settings_init+0x0/0x29 returned 0 after 0 usecs
[    3.843779] calling  blk_ioc_init+0x0/0x29 @ 1
[    3.849781] initcall blk_ioc_init+0x0/0x29 returned 0 after 0 usecs
[    3.856765] calling  blk_mq_init+0x0/0xb9 @ 1
[    3.862830] initcall blk_mq_init+0x0/0xb9 returned 0 after 0 usecs
[    3.870764] calling  genhd_device_init+0x0/0x75 @ 1
[    3.881777] initcall genhd_device_init+0x0/0x75 returned 0 after 4882 usecs
[    3.890030] calling  pci_slot_init+0x0/0x40 @ 1
[    3.895999] initcall pci_slot_init+0x0/0x40 returned 0 after 0 usecs
[    3.903767] calling  fbmem_init+0x0/0xd8 @ 1
[    3.912792] initcall fbmem_init+0x0/0xd8 returned 0 after 3906 usecs
[    3.919766] calling  acpi_init+0x0/0x319 @ 1
[    3.926905] ACPI: Added _OSI(Module Device)
[    3.933766] ACPI: Added _OSI(Processor Device)
[    3.939773] ACPI: Added _OSI(3.0 _SCP Extensions)
[    3.945764] ACPI: Added _OSI(Processor Aggregator Device)
[    3.951767] ACPI: Added _OSI(Linux-Dell-Video)
[    3.957766] ACPI: Added _OSI(Linux-Lenovo-NV-HDMI-Audio)
[    3.963767] ACPI: Added _OSI(Linux-HPI-Hybrid-Graphics)
[    3.983406] ACPI: 1 ACPI AML tables successfully acquired and loaded
[    3.999557] ACPI: Interpreter enabled
[    4.003965] ACPI: (supports S0 S3 S4 S5)
[    4.008862] ACPI: Using IOAPIC for interrupt routing
[    4.015380] PCI: Using host bridge windows from ACPI; if necessary, use "pci=nocrs" and report a bug
[    4.026753] ACPI: Enabled 2 GPEs in block 00 to 3F
[    4.099924] ACPI: PCI Root Bridge [PCI0] (domain 0000 [bus 00-ff])
[    4.108952] acpi PNP0A08:00: _OSC: OS supports [ExtendedConfig ASPM ClockPM Segments MSI HPX-Type3]
[    4.121838] acpi PNP0A08:00: _OSC: platform does not support [LTR]
[    4.129054] acpi PNP0A08:00: _OSC: OS now controls [PME PCIeCapability]
[    4.141416] PCI host bridge to bus 0000:00
[    4.148905] pci_bus 0000:00: root bus resource [io  0x0000-0x0cf7 window]
[    4.157766] pci_bus 0000:00: root bus resource [io  0x0d00-0xffff window]
[    4.166766] pci_bus 0000:00: root bus resource [mem 0x000a0000-0x000bffff window]
[    4.178774] pci_bus 0000:00: root bus resource [mem 0x20000000-0xafffffff window]
[    4.188784] pci_bus 0000:00: root bus resource [mem 0xc0000000-0xfebfffff window]
[    4.197765] pci_bus 0000:00: root bus resource [mem 0x100000000-0x8ffffffff window]
[    4.205766] pci_bus 0000:00: root bus resource [bus 00-ff]
[    4.213459] pci 0000:00:00.0: calling  quirk_mmio_always_on+0x0/0x10 @ 1
[    4.220784] pci 0000:00:00.0: quirk_mmio_always_on+0x0/0x10 took 0 usecs
[    4.229777] pci 0000:00:00.0: [8086:29c0] type 00 class 0x060000
[    4.240415] pci 0000:00:00.0: calling  quirk_igfx_skip_te_disable+0x0/0x80 @ 1
[    4.248782] pci 0000:00:00.0: quirk_igfx_skip_te_disable+0x0/0x80 took 0 usecs
[    4.259556] pci 0000:00:01.0: [1234:1111] type 00 class 0x030000
[    4.276405] pci 0000:00:01.0: reg 0x10: [mem 0xfd000000-0xfdffffff pref]
[    4.299467] pci 0000:00:01.0: reg 0x18: [mem 0xfebf0000-0xfebf0fff]
[    4.343753] pci 0000:00:01.0: reg 0x30: [mem 0xfebe0000-0xfebeffff pref]
[    4.367567] pci 0000:00:01.0: calling  efifb_fixup_resources+0x0/0xf0 @ 1
[    4.378903] pci 0000:00:01.0: efifb_fixup_resources+0x0/0xf0 took 0 usecs
[    4.398786] pci 0000:00:1f.0: [8086:2918] type 00 class 0x060100
[    4.411214] pci 0000:00:1f.0: calling  quirk_ich7_lpc+0x0/0x60 @ 1
[    4.418558] pci 0000:00:1f.0: quirk: [io  0x0600-0x067f] claimed by ICH6 ACPI/GPIO/TCO
[    4.429861] pci 0000:00:1f.0: quirk_ich7_lpc+0x0/0x60 took 11718 usecs
[    4.439674] pci 0000:00:1f.0: calling  quirk_igfx_skip_te_disable+0x0/0x80 @ 1
[    4.446895] pci 0000:00:1f.0: quirk_igfx_skip_te_disable+0x0/0x80 took 976 usecs
[    4.474240] pci 0000:00:1f.2: [8086:2922] type 00 class 0x010601
[    4.493324] pci 0000:00:1f.2: reg 0x20: [io  0xc040-0xc05f]
[    4.501536] pci 0000:00:1f.2: reg 0x24: [mem 0xfebf1000-0xfebf1fff]
[    4.511788] pci 0000:00:1f.2: calling  quirk_igfx_skip_te_disable+0x0/0x80 @ 1
[    4.520771] pci 0000:00:1f.2: quirk_igfx_skip_te_disable+0x0/0x80 took 0 usecs
[    4.533473] pci 0000:00:1f.3: [8086:2930] type 00 class 0x0c0500
[    4.548410] pci 0000:00:1f.3: reg 0x20: [io  0x0700-0x073f]
[    4.557487] pci 0000:00:1f.3: calling  quirk_igfx_skip_te_disable+0x0/0x80 @ 1
[    4.564775] pci 0000:00:1f.3: quirk_igfx_skip_te_disable+0x0/0x80 took 0 usecs
[    4.583921] ACPI: PCI Interrupt Link [LNKA] (IRQs 5 *10 11)
[    4.591313] ACPI: PCI Interrupt Link [LNKB] (IRQs 5 *10 11)
[    4.598319] ACPI: PCI Interrupt Link [LNKC] (IRQs 5 10 *11)
[    4.605827] ACPI: PCI Interrupt Link [LNKD] (IRQs 5 10 *11)
[    4.615479] ACPI: PCI Interrupt Link [LNKE] (IRQs 5 *10 11)
[    4.624807] ACPI: PCI Interrupt Link [LNKF] (IRQs 5 *10 11)
[    4.633976] ACPI: PCI Interrupt Link [LNKG] (IRQs 5 10 *11)
[    4.643211] ACPI: PCI Interrupt Link [LNKH] (IRQs 5 10 *11)
[    4.651874] ACPI: PCI Interrupt Link [GSIA] (IRQs *16)
[    4.658875] ACPI: PCI Interrupt Link [GSIB] (IRQs *17)
[    4.666872] ACPI: PCI Interrupt Link [GSIC] (IRQs *18)
[    4.674982] ACPI: PCI Interrupt Link [GSID] (IRQs *19)
[    4.682899] ACPI: PCI Interrupt Link [GSIE] (IRQs *20)
[    4.689874] ACPI: PCI Interrupt Link [GSIF] (IRQs *21)
[    4.697870] ACPI: PCI Interrupt Link [GSIG] (IRQs *22)
[    4.706013] ACPI: PCI Interrupt Link [GSIH] (IRQs *23)
[    4.722401] initcall acpi_init+0x0/0x319 returned 0 after 777343 usecs
[    4.731817] calling  pnp_init+0x0/0xc @ 1
[    4.738760] initcall pnp_init+0x0/0xc returned 0 after 976 usecs
[    4.747772] calling  misc_init+0x0/0xbf @ 1
[    4.755006] initcall misc_init+0x0/0xbf returned 0 after 976 usecs
[    4.763771] calling  iommu_subsys_init+0x0/0x4e @ 1
[    4.771771] iommu: Default domain type: Translated 
[    4.778765] initcall iommu_subsys_init+0x0/0x4e returned 0 after 7812 usecs
[    4.788765] calling  vga_arb_device_init+0x0/0x261 @ 1
[    4.802113] pci 0000:00:01.0: vgaarb: setting as boot VGA device
[    4.810760] pci 0000:00:01.0: vgaarb: VGA device added: decodes=io+mem,owns=io+mem,locks=none
[    4.824111] pci 0000:00:01.0: vgaarb: bridge control possible
[    4.832787] vgaarb: loaded
[    4.836778] initcall vga_arb_device_init+0x0/0x261 returned 0 after 39062 usecs
[    4.847790] calling  cn_init+0x0/0xf0 @ 1
[    4.854120] initcall cn_init+0x0/0xf0 returned 0 after 976 usecs
[    4.860773] calling  dma_buf_init+0x0/0xad @ 1
[    4.867647] initcall dma_buf_init+0x0/0xad returned 0 after 976 usecs
[    4.874786] calling  dma_resv_lockdep+0x0/0x281 @ 1
[    4.881759] initcall dma_resv_lockdep+0x0/0x281 returned 0 after 976 usecs
[    4.889763] calling  init_scsi+0x0/0x79 @ 1
[    4.896227] SCSI subsystem initialized
[    4.900773] initcall init_scsi+0x0/0x79 returned 0 after 5859 usecs
[    4.907763] calling  ata_init+0x0/0x332 @ 1
[    4.914921] libata version 3.00 loaded.
[    4.919764] initcall ata_init+0x0/0x332 returned 0 after 6835 usecs
[    4.926764] calling  phy_init+0x0/0x250 @ 1
[    4.932837] initcall phy_init+0x0/0x250 returned 0 after 976 usecs
[    4.939764] calling  init_pcmcia_cs+0x0/0x35 @ 1
[    4.945850] initcall init_pcmcia_cs+0x0/0x35 returned 0 after 0 usecs
[    4.954768] calling  usb_common_init+0x0/0x1c @ 1
[    4.960823] initcall usb_common_init+0x0/0x1c returned 0 after 0 usecs
[    4.969764] calling  usb_init+0x0/0x12e @ 1
[    4.974868] ACPI: bus type USB registered
[    4.981002] usbcore: registered new interface driver usbfs
[    4.986857] usbcore: registered new interface driver hub
[    4.993867] usbcore: registered new device driver usb
[    4.999768] initcall usb_init+0x0/0x12e returned 0 after 24414 usecs
[    5.006764] calling  serio_init+0x0/0x29 @ 1
[    5.011904] initcall serio_init+0x0/0x29 returned 0 after 0 usecs
[    5.019766] calling  input_init+0x0/0xf6 @ 1
[    5.025872] initcall input_init+0x0/0xf6 returned 0 after 0 usecs
[    5.034769] calling  rtc_init+0x0/0x4d @ 1
[    5.041788] initcall rtc_init+0x0/0x4d returned 0 after 0 usecs
[    5.049766] calling  pps_init+0x0/0xa9 @ 1
[    5.054785] pps_core: LinuxPPS API ver. 1 registered
[    5.060759] pps_core: Software ver. 5.3.6 - Copyright 2005-2007 Rodolfo Giometti <giometti@linux.it>
[    5.070765] initcall pps_init+0x0/0xa9 returned 0 after 15625 usecs
[    5.078766] calling  ptp_init+0x0/0x98 @ 1
[    5.086759] PTP clock support registered
[    5.091765] initcall ptp_init+0x0/0x98 returned 0 after 10742 usecs
[    5.098767] calling  power_supply_class_init+0x0/0x3f @ 1
[    5.105887] initcall power_supply_class_init+0x0/0x3f returned 0 after 0 usecs
[    5.114764] calling  hwmon_init+0x0/0x104 @ 1
[    5.119790] initcall hwmon_init+0x0/0x104 returned 0 after 0 usecs
[    5.126764] calling  md_init+0x0/0x16b @ 1
[    5.134817] initcall md_init+0x0/0x16b returned 0 after 2929 usecs
[    5.141781] calling  leds_init+0x0/0x3b @ 1
[    5.145782] initcall leds_init+0x0/0x3b returned 0 after 0 usecs
[    5.152769] calling  dmi_init+0x0/0x113 @ 1
[    5.158980] initcall dmi_init+0x0/0x113 returned 0 after 976 usecs
[    5.165765] calling  efisubsys_init+0x0/0x4e7 @ 1
[    5.171858] initcall efisubsys_init+0x0/0x4e7 returned 0 after 0 usecs
[    5.179764] calling  nvmem_init+0x0/0xc @ 1
[    5.185329] initcall nvmem_init+0x0/0xc returned 0 after 976 usecs
[    5.192764] calling  init_soundcore+0x0/0x33 @ 1
[    5.198814] initcall init_soundcore+0x0/0x33 returned 0 after 0 usecs
[    5.206766] calling  alsa_sound_init+0x0/0x8f @ 1
[    5.213105] Advanced Linux Sound Architecture Driver Initialized.
[    5.219764] initcall alsa_sound_init+0x0/0x8f returned 0 after 6835 usecs
[    5.227764] calling  alsa_seq_device_init+0x0/0x71 @ 1
[    5.233833] initcall alsa_seq_device_init+0x0/0x71 returned 0 after 0 usecs
[    5.241763] calling  hda_bus_init+0x0/0xc @ 1
[    5.247819] initcall hda_bus_init+0x0/0xc returned 0 after 0 usecs
[    5.254763] calling  proto_init+0x0/0xc @ 1
[    5.259858] initcall proto_init+0x0/0xc returned 0 after 0 usecs
[    5.267766] calling  net_dev_init+0x0/0x27f @ 1
[    5.276648] initcall net_dev_init+0x0/0x27f returned 0 after 2929 usecs
[    5.283766] calling  neigh_init+0x0/0x84 @ 1
[    5.288774] initcall neigh_init+0x0/0x84 returned 0 after 0 usecs
[    5.296764] calling  fib_notifier_init+0x0/0xc @ 1
[    5.301791] initcall fib_notifier_init+0x0/0xc returned 0 after 0 usecs
[    5.309764] calling  fib_rules_init+0x0/0xab @ 1
[    5.315763] initcall fib_rules_init+0x0/0xab returned 0 after 0 usecs
[    5.322763] calling  pktsched_init+0x0/0x10e @ 1
[    5.329917] initcall pktsched_init+0x0/0x10e returned 0 after 0 usecs
[    5.338770] calling  tc_filter_init+0x0/0xfa @ 1
[    5.345938] initcall tc_filter_init+0x0/0xfa returned 0 after 0 usecs
[    5.355763] calling  tc_action_init+0x0/0x54 @ 1
[    5.360951] initcall tc_action_init+0x0/0x54 returned 0 after 0 usecs
[    5.368767] calling  ethnl_init+0x0/0x52 @ 1
[    5.373946] initcall ethnl_init+0x0/0x52 returned 0 after 0 usecs
[    5.380777] calling  nexthop_init+0x0/0xd8 @ 1
[    5.385938] initcall nexthop_init+0x0/0xd8 returned 0 after 0 usecs
[    5.393771] calling  cipso_v4_init+0x0/0x8d @ 1
[    5.399223] initcall cipso_v4_init+0x0/0x8d returned 0 after 0 usecs
[    5.406768] calling  ieee80211_init+0x0/0x24 @ 1
[    5.412845] initcall ieee80211_init+0x0/0x24 returned 0 after 976 usecs
[    5.419764] calling  netlbl_init+0x0/0x78 @ 1
[    5.425773] NetLabel: Initializing
[    5.428759] NetLabel:  domain hash size = 128
[    5.434760] NetLabel:  protocols = UNLABELED CIPSOv4 CALIPSO
[    5.440980] NetLabel:  unlabeled traffic allowed by default
[    5.447767] initcall netlbl_init+0x0/0x78 returned 0 after 21484 usecs
[    5.454764] calling  rfkill_init+0x0/0x136 @ 1
[    5.460940] initcall rfkill_init+0x0/0x136 returned 0 after 0 usecs
[    5.468771] calling  pci_subsys_init+0x0/0x66 @ 1
[    5.473761] PCI: Using ACPI for IRQ routing
[    6.184384] PCI: pci_cache_line_size set to 64 bytes
[    6.191221] e820: reserve RAM buffer [mem 0x0009fc00-0x0009ffff]
[    6.197866] e820: reserve RAM buffer [mem 0x1ffdf000-0x1fffffff]
[    6.204815] initcall pci_subsys_init+0x0/0x66 returned 0 after 713867 usecs
[    6.214124] calling  nmi_warning_debugfs+0x0/0x26 @ 1
[    6.219885] initcall nmi_warning_debugfs+0x0/0x26 returned 0 after 0 usecs
[    6.227766] calling  save_microcode_in_initrd+0x0/0x51 @ 1
[    6.233867] initcall save_microcode_in_initrd+0x0/0x51 returned 0 after 0 usecs
[    6.241765] calling  hpet_late_init+0x0/0x207 @ 1
[    6.247892] hpet: 3 channels of 0 reserved for per-cpu timers
[    6.253880] hpet0: at MMIO 0xfed00000, IRQs 2, 8, 0
[    6.259761] hpet0: 3 comparators, 64-bit 100.000000 MHz counter
[    6.271764] initcall hpet_late_init+0x0/0x207 returned 0 after 23437 usecs
[    6.278763] calling  init_amd_nbs+0x0/0x11c @ 1
[    6.284804] initcall init_amd_nbs+0x0/0x11c returned 0 after 0 usecs
[    6.291763] calling  clocksource_done_booting+0x0/0x43 @ 1
[    6.299232] clocksource: Switched to clocksource kvm-clock
[    6.306988] initcall clocksource_done_booting+0x0/0x43 returned 0 after 9012 usecs
[    6.315809] calling  tracer_init_tracefs+0x0/0x248 @ 1
[    6.603601] initcall tracer_init_tracefs+0x0/0x248 returned 0 after 275062 usecs
[    6.612151] calling  init_trace_printk_function_export+0x0/0x2c @ 1
[    6.619194] initcall init_trace_printk_function_export+0x0/0x2c returned 0 after 18 usecs
[    6.628377] calling  init_kprobe_trace+0x0/0x1ab @ 1
[    6.634026] initcall init_kprobe_trace+0x0/0x1ab returned 0 after 23 usecs
[    6.641708] calling  init_dynamic_event+0x0/0x3d @ 1
[    6.647495] initcall init_dynamic_event+0x0/0x3d returned 0 after 13 usecs
[    6.655200] calling  init_uprobe_trace+0x0/0x5c @ 1
[    6.660885] initcall init_uprobe_trace+0x0/0x5c returned 0 after 136 usecs
[    6.668573] calling  init_pipe_fs+0x0/0x44 @ 1
[    6.673911] initcall init_pipe_fs+0x0/0x44 returned 0 after 367 usecs
[    6.681243] calling  inotify_user_setup+0x0/0x47 @ 1
[    6.687214] initcall inotify_user_setup+0x0/0x47 returned 0 after 322 usecs
[    6.694918] calling  eventpoll_init+0x0/0xeb @ 1
[    6.700219] initcall eventpoll_init+0x0/0xeb returned 0 after 83 usecs
[    6.707596] calling  anon_inode_init+0x0/0x58 @ 1
[    6.713048] initcall anon_inode_init+0x0/0x58 returned 0 after 200 usecs
[    6.720512] calling  proc_locks_init+0x0/0x27 @ 1
[    6.725896] initcall proc_locks_init+0x0/0x27 returned 0 after 9 usecs
[    6.733148] calling  iomap_init+0x0/0x1b @ 1
[    6.739713] initcall iomap_init+0x0/0x1b returned 0 after 1664 usecs
[    6.746841] calling  dquot_init+0x0/0x106 @ 1
[    6.751876] VFS: Disk quotas dquot_6.6.0
[    6.756482] VFS: Dquot-cache hash table entries: 512 (order 0, 4096 bytes)
[    6.764120] initcall dquot_init+0x0/0x106 returned 0 after 11954 usecs
[    6.771378] calling  quota_init+0x0/0x23 @ 1
[    6.776335] initcall quota_init+0x0/0x23 returned 0 after 84 usecs
[    6.783256] calling  proc_cmdline_init+0x0/0x21 @ 1
[    6.788746] initcall proc_cmdline_init+0x0/0x21 returned 0 after 23 usecs
[    6.796282] calling  proc_consoles_init+0x0/0x24 @ 1
[    6.804437] initcall proc_consoles_init+0x0/0x24 returned 0 after 11 usecs
[    6.812228] calling  proc_cpuinfo_init+0x0/0x1e @ 1
[    6.818098] initcall proc_cpuinfo_init+0x0/0x1e returned 0 after 7 usecs
[    6.825701] calling  proc_devices_init+0x0/0x24 @ 1
[    6.831571] initcall proc_devices_init+0x0/0x24 returned 0 after 8 usecs
[    6.839325] calling  proc_interrupts_init+0x0/0x24 @ 1
[    6.845507] initcall proc_interrupts_init+0x0/0x24 returned 0 after 8 usecs
[    6.853714] calling  proc_loadavg_init+0x0/0x21 @ 1
[    6.859392] initcall proc_loadavg_init+0x0/0x21 returned 0 after 6 usecs
[    6.867277] calling  proc_meminfo_init+0x0/0x21 @ 1
[    6.873076] initcall proc_meminfo_init+0x0/0x21 returned 0 after 5 usecs
[    6.880853] calling  proc_stat_init+0x0/0x1e @ 1
[    6.886514] initcall proc_stat_init+0x0/0x1e returned 0 after 6 usecs
[    6.894188] calling  proc_uptime_init+0x0/0x21 @ 1
[    6.900872] initcall proc_uptime_init+0x0/0x21 returned 0 after 6 usecs
[    6.910229] calling  proc_version_init+0x0/0x21 @ 1
[    6.917291] initcall proc_version_init+0x0/0x21 returned 0 after 7 usecs
[    6.926821] calling  proc_softirqs_init+0x0/0x21 @ 1
[    6.933124] initcall proc_softirqs_init+0x0/0x21 returned 0 after 6 usecs
[    6.941032] calling  proc_kcore_init+0x0/0xea @ 1
[    6.947339] initcall proc_kcore_init+0x0/0xea returned 0 after 110 usecs
[    6.955381] calling  vmcore_init+0x0/0x57b @ 1
[    6.960886] initcall vmcore_init+0x0/0x57b returned 0 after 44 usecs
[    6.968317] calling  proc_kmsg_init+0x0/0x21 @ 1
[    6.974728] initcall proc_kmsg_init+0x0/0x21 returned 0 after 10 usecs
[    6.982273] calling  proc_page_init+0x0/0x3b @ 1
[    6.987918] initcall proc_page_init+0x0/0x3b returned 0 after 159 usecs
[    6.995458] calling  init_ramfs_fs+0x0/0xc @ 1
[    7.000539] initcall init_ramfs_fs+0x0/0xc returned 0 after 6 usecs
[    7.007617] calling  init_hugetlbfs_fs+0x0/0xf6 @ 1
[    7.014141] initcall init_hugetlbfs_fs+0x0/0xf6 returned 0 after 946 usecs
[    7.021868] calling  blk_scsi_ioctl_init+0x0/0x2a5 @ 1
[    7.028149] initcall blk_scsi_ioctl_init+0x0/0x2a5 returned 0 after 14 usecs
[    7.036761] calling  acpi_event_init+0x0/0x2c @ 1
[    7.043335] initcall acpi_event_init+0x0/0x2c returned 0 after 79 usecs
[    7.050858] calling  pnp_system_init+0x0/0xc @ 1
[    7.056343] initcall pnp_system_init+0x0/0xc returned 0 after 103 usecs
[    7.063809] calling  pnpacpi_init+0x0/0x69 @ 1
[    7.068826] pnp: PnP ACPI init
[    7.073068] pnp 00:00: Plug and Play ACPI device, IDs PNP0303 (active)
[    7.080598] pnp 00:01: Plug and Play ACPI device, IDs PNP0f13 (active)
[    7.088230] pnp 00:02: Plug and Play ACPI device, IDs PNP0400 (active)
[    7.095872] pnp 00:03: Plug and Play ACPI device, IDs PNP0501 (active)
[    7.103387] pnp 00:04: Plug and Play ACPI device, IDs PNP0b00 (active)
[    7.111243] system 00:05: [mem 0xb0000000-0xbfffffff window] has been reserved
[    7.121602] system 00:05: Plug and Play ACPI device, IDs PNP0c01 (active)
[    7.131768] pnp: PnP ACPI: found 6 devices
[    7.136663] initcall pnpacpi_init+0x0/0x69 returned 0 after 66218 usecs
[    7.144335] calling  chr_dev_init+0x0/0x14d @ 1
[    7.251016] initcall chr_dev_init+0x0/0x14d returned 0 after 98767 usecs
[    7.258865] calling  firmware_class_init+0x0/0x14a @ 1
[    7.264731] initcall firmware_class_init+0x0/0x14a returned 0 after 34 usecs
[    7.272861] calling  init_pcmcia_bus+0x0/0x5b @ 1
[    7.278268] initcall init_pcmcia_bus+0x0/0x5b returned 0 after 68 usecs
[    7.285862] calling  init_acpi_pm_clocksource+0x0/0xda @ 1
[    7.297528] clocksource: acpi_pm: mask: 0xffffff max_cycles: 0xffffff, max_idle_ns: 2085701024 ns
[    7.307581] initcall init_acpi_pm_clocksource+0x0/0xda returned 0 after 15096 usecs
[    7.316334] calling  sysctl_core_init+0x0/0x26 @ 1
[    7.321950] initcall sysctl_core_init+0x0/0x26 returned 0 after 126 usecs
[    7.329759] calling  eth_offload_init+0x0/0x13 @ 1
[    7.335264] initcall eth_offload_init+0x0/0x13 returned 0 after 35 usecs
[    7.342938] calling  ipv4_offload_init+0x0/0x73 @ 1
[    7.348525] initcall ipv4_offload_init+0x0/0x73 returned 0 after 40 usecs
[    7.356363] calling  inet_init+0x0/0x276 @ 1
[    7.361435] NET: Registered protocol family 2
[    7.367687] IP idents hash table entries: 8192 (order: 4, 65536 bytes, linear)
[    7.379918] tcp_listen_portaddr_hash hash table entries: 256 (order: 2, 20480 bytes, linear)
[    7.400415] TCP established hash table entries: 4096 (order: 3, 32768 bytes, linear)
[    7.411677] TCP bind hash table entries: 4096 (order: 6, 294912 bytes, linear)
[    7.463714] TCP: Hash tables configured (established 4096 bind 4096)
[    7.477037] UDP hash table entries: 256 (order: 3, 40960 bytes, linear)
[    7.486035] UDP-Lite hash table entries: 256 (order: 3, 40960 bytes, linear)
[    7.496817] initcall inet_init+0x0/0x276 returned 0 after 132214 usecs
[    7.506089] calling  af_unix_init+0x0/0x4d @ 1
[    7.512529] NET: Registered protocol family 1
[    7.518494] initcall af_unix_init+0x0/0x4d returned 0 after 5900 usecs
[    7.528199] calling  ipv6_offload_init+0x0/0x7e @ 1
[    7.535509] initcall ipv6_offload_init+0x0/0x7e returned 0 after 127 usecs
[    7.545324] calling  init_sunrpc+0x0/0x65 @ 1
[    7.599952] RPC: Registered named UNIX socket transport module.
[    7.609054] RPC: Registered udp transport module.
[    7.615402] RPC: Registered tcp transport module.
[    7.622234] RPC: Registered tcp NFSv4.1 backchannel transport module.
[    7.631136] initcall init_sunrpc+0x0/0x65 returned 0 after 76590 usecs
[    7.640314] calling  cfg80211_init+0x0/0xc5 @ 1
[    7.652466] initcall cfg80211_init+0x0/0xc5 returned 0 after 5745 usecs
[    7.661573] calling  pcibios_assign_resources+0x0/0xbf @ 1
[    7.669678] pci_bus 0000:00: resource 4 [io  0x0000-0x0cf7 window]
[    7.678351] pci_bus 0000:00: resource 5 [io  0x0d00-0xffff window]
[    7.686717] pci_bus 0000:00: resource 6 [mem 0x000a0000-0x000bffff window]
[    7.695294] pci_bus 0000:00: resource 7 [mem 0x20000000-0xafffffff window]
[    7.704164] pci_bus 0000:00: resource 8 [mem 0xc0000000-0xfebfffff window]
[    7.713001] pci_bus 0000:00: resource 9 [mem 0x100000000-0x8ffffffff window]
[    7.722625] initcall pcibios_assign_resources+0x0/0xbf returned 0 after 52219 usecs
[    7.733589] calling  pci_apply_final_quirks+0x0/0x124 @ 1
[    7.740491] pci 0000:00:01.0: calling  pci_fixup_video+0x0/0xe0 @ 1
[    7.748185] pci 0000:00:01.0: Video device with shadowed ROM at [mem 0x000c0000-0x000dffff]
[    7.758068] pci 0000:00:01.0: pci_fixup_video+0x0/0xe0 took 9934 usecs
[    7.766325] PCI: CLS 0 bytes, default 64
[    7.772303] initcall pci_apply_final_quirks+0x0/0x124 returned 0 after 31473 usecs
[    7.781773] calling  acpi_reserve_resources+0x0/0xea @ 1
[    7.788173] initcall acpi_reserve_resources+0x0/0xea returned 0 after 50 usecs
[    7.796753] calling  populate_rootfs+0x0/0x102 @ 1
[    7.807455] initcall populate_rootfs+0x0/0x102 returned 0 after 4771 usecs
[    7.818162] calling  pci_iommu_init+0x0/0x3e @ 1
[    7.825387] initcall pci_iommu_init+0x0/0x3e returned 0 after 68 usecs
[    7.837538] calling  ia32_binfmt_init+0x0/0x13 @ 1
[    7.845360] initcall ia32_binfmt_init+0x0/0x13 returned 0 after 176 usecs
[    7.855974] calling  rapl_pmu_init+0x0/0x267 @ 1
[    7.863240] initcall rapl_pmu_init+0x0/0x267 returned -19 after 23 usecs
[    7.873770] calling  amd_uncore_init+0x0/0x310 @ 1
[    7.881223] initcall amd_uncore_init+0x0/0x310 returned -19 after 1 usecs
[    7.891863] calling  amd_ibs_init+0x0/0x25f @ 1
[    7.899010] initcall amd_ibs_init+0x0/0x25f returned -19 after 1 usecs
[    7.909194] calling  amd_iommu_pc_init+0x0/0x22c @ 1
[    7.917212] initcall amd_iommu_pc_init+0x0/0x22c returned -19 after 52 usecs
[    7.928388] calling  msr_init+0x0/0x55 @ 1
[    7.935385] initcall msr_init+0x0/0x55 returned 0 after 190 usecs
[    7.945181] calling  intel_uncore_init+0x0/0x36f @ 1
[    7.953254] initcall intel_uncore_init+0x0/0x36f returned -19 after 18 usecs
[    7.964458] calling  cstate_pmu_init+0x0/0x1a1 @ 1
[    7.971538] initcall cstate_pmu_init+0x0/0x1a1 returned -19 after 1 usecs
[    7.980454] calling  register_kernel_offset_dumper+0x0/0x1a @ 1
[    7.988148] initcall register_kernel_offset_dumper+0x0/0x1a returned 0 after 28 usecs
[    7.998035] calling  i8259A_init_ops+0x0/0x20 @ 1
[    8.004214] initcall i8259A_init_ops+0x0/0x20 returned 0 after 16 usecs
[    8.015208] calling  init_tsc_clocksource+0x0/0xa4 @ 1
[    8.021627] clocksource: tsc: mask: 0xffffffffffffffff max_cycles: 0x39a85afc727, max_idle_ns: 881590685098 ns
[    8.034148] initcall init_tsc_clocksource+0x0/0xa4 returned 0 after 12274 usecs
[    8.043576] calling  add_rtc_cmos+0x0/0xb0 @ 1
[    8.049678] initcall add_rtc_cmos+0x0/0xb0 returned 0 after 145 usecs
[    8.058485] calling  i8237A_init_ops+0x0/0x3a @ 1
[    8.065208] initcall i8237A_init_ops+0x0/0x3a returned 0 after 135 usecs
[    8.074727] calling  umwait_init+0x0/0x94 @ 1
[    8.080844] initcall umwait_init+0x0/0x94 returned -19 after 14 usecs
[    8.089379] calling  thermal_throttle_init_device+0x0/0x3d @ 1
[    8.098293] initcall thermal_throttle_init_device+0x0/0x3d returned 0 after 15 usecs
[    8.108390] calling  msr_init+0x0/0xd7 @ 1
[    8.137315] initcall msr_init+0x0/0xd7 returned 0 after 23170 usecs
[    8.145828] calling  cpuid_init+0x0/0xd7 @ 1
[    8.172971] initcall cpuid_init+0x0/0xd7 returned 0 after 20529 usecs
[    8.181267] calling  ioapic_init_ops+0x0/0x13 @ 1
[    8.187899] initcall ioapic_init_ops+0x0/0x13 returned 0 after 110 usecs
[    8.196939] calling  add_pcspkr+0x0/0x6c @ 1
[    8.203086] initcall add_pcspkr+0x0/0x6c returned 0 after 322 usecs
[    8.212425] calling  start_periodic_check_for_corruption+0x0/0x30 @ 1
[    8.222072] check: Scanning for low memory corruption every 60 seconds
[    8.231138] initcall start_periodic_check_for_corruption+0x0/0x30 returned 0 after 8910 usecs
[    8.242722] calling  sysfb_init+0x0/0x9c @ 1
[    8.248614] initcall sysfb_init+0x0/0x9c returned 0 after 154 usecs
[    8.257131] calling  audit_classes_init+0x0/0xae @ 1
[    8.263724] initcall audit_classes_init+0x0/0xae returned 0 after 47 usecs
[    8.273172] calling  iosf_mbi_init+0x0/0x24 @ 1
[    8.280549] initcall iosf_mbi_init+0x0/0x24 returned 0 after 454 usecs
[    8.290836] calling  proc_execdomains_init+0x0/0x21 @ 1
[    8.299392] initcall proc_execdomains_init+0x0/0x21 returned 0 after 160 usecs
[    8.309185] calling  register_warn_debugfs+0x0/0x23 @ 1
[    8.316127] initcall register_warn_debugfs+0x0/0x23 returned 0 after 176 usecs
[    8.325374] calling  cpuhp_sysfs_init+0x0/0x79 @ 1
[    8.331647] initcall cpuhp_sysfs_init+0x0/0x79 returned 0 after 237 usecs
[    8.340270] calling  ioresources_init+0x0/0x49 @ 1
[    8.346130] initcall ioresources_init+0x0/0x49 returned 0 after 11 usecs
[    8.354402] calling  lockdep_proc_init+0x0/0x64 @ 1
[    8.360535] initcall lockdep_proc_init+0x0/0x64 returned 0 after 36 usecs
[    8.369092] calling  snapshot_device_init+0x0/0xc @ 1
[    8.378630] initcall snapshot_device_init+0x0/0xc returned 0 after 3046 usecs
[    8.388083] calling  irq_pm_init_ops+0x0/0x13 @ 1
[    8.394735] initcall irq_pm_init_ops+0x0/0x13 returned 0 after 66 usecs
[    8.404006] calling  rcu_torture_init+0x0/0x9be @ 1
[    8.411038] rcu-torture:--- Start of test: nreaders=7 nfakewriters=4 stat_interval=15 verbose=1 test_no_idle_hz=1 shuffle_interval=3 stutter=5 irqreader=1 fqs_duration=0 fqs_holdoff=0 fqs_stutter=3 test_boost=1/0 test_boost_interval=7 test_boost_duration=4 shutdown_secs=1800 stall_cpu=0 stall_cpu_holdoff=10 stall_cpu_irqsoff=0 stall_cpu_block=0 n_barrier_cbs=4 onoff_interval=1000 onoff_holdoff=30 read_exit_delay=13 read_exit_burst=16
[    8.462056] rcu:  Start-test grace-period state: g-1024 f0x0
[    8.469611] rcu-torture: Creating rcu_torture_writer task
[    8.483075] rcu-torture: Creating rcu_torture_fakewriter task
[    8.483339] rcu-torture: rcu_torture_writer task started
[    8.495499] rcu-torture: Creating rcu_torture_fakewriter task
[    8.496288] rcu-torture: rcu_torture_fakewriter task started
[    8.500715] rcu-torture: GP expediting controlled from boot/sysfs for rcu.
[    8.515033] rcu-torture: Creating rcu_torture_fakewriter task
[    8.515483] rcu-torture: rcu_torture_fakewriter task started
[    8.520272] rcu_torture_writer: Testing conditional GPs.
[    8.534915] rcu-torture: Creating rcu_torture_fakewriter task
[    8.535323] rcu-torture: rcu_torture_fakewriter task started
[    8.539345] rcu_torture_writer: Testing expedited GPs.
[    8.539347] rcu_torture_writer: Testing asynchronous GPs.
[    8.539349] rcu_torture_writer: Testing normal GPs.
[    8.605063] rcu-torture: Creating rcu_torture_reader task
[    8.605653] rcu-torture: rcu_torture_fakewriter task started
[    8.616932] rcu-torture: Creating rcu_torture_reader task
[    8.617260] rcu-torture: rcu_torture_reader task started
[    8.665104] rcu-torture: Creating rcu_torture_reader task
[    8.665419] rcu-torture: rcu_torture_reader task started
[    8.677235] rcu-torture: Creating rcu_torture_reader task
[    8.677663] rcu-torture: rcu_torture_reader task started
[    8.705407] rcu-torture: Creating rcu_torture_reader task
[    8.706269] rcu-torture: rcu_torture_reader task started
[    8.719237] rcu-torture: Creating rcu_torture_reader task
[    8.719662] rcu-torture: rcu_torture_reader task started
[    8.743607] rcu-torture: Creating rcu_torture_reader task
[    8.743705] rcu-torture: rcu_torture_reader task started
[    8.752371] rcu-torture: Creating rcu_torture_stats task
[    8.757953] rcu-torture: rcu_torture_reader task started
[    8.778747] rcu-torture: Creating torture_shuffle task
[    8.786188] rcu-torture: rcu_torture_stats task started
[    8.796740] rcu-torture: torture_shuffle task started
[    8.796773] rcu-torture: Creating torture_stutter task
[    8.814363] rcu-torture: Creating torture_shutdown task
[    8.815807] rcu-torture: torture_stutter task started
[    8.828496] rcu-torture: Creating torture_onoff task
[    8.828708] rcu-torture: torture_shutdown task started
[    8.828712] rcu-torture:torture_shutdown task: 1799985 ms remaining
[    8.858706] rcu-torture: torture_onoff task started
[    8.861151] rcu-torture: Creating rcu_torture_fwd_prog task
[    8.866514] rcu-torture: torture_onoff begin holdoff
[    8.878593] rcu-torture: Creating rcu_torture_barrier_cbs task
[    8.878664] rcu-torture: rcu_torture_fwd_progress task started
[    8.908068] rcu-torture: Creating rcu_torture_barrier_cbs task
[    8.909158] rcu-torture: rcu_torture_barrier_cbs task started
[    8.925489] rcu-torture: Creating rcu_torture_barrier_cbs task
[    8.926303] rcu-torture: rcu_torture_barrier_cbs task started
[    8.931634] rcu-torture: Creating rcu_torture_barrier_cbs task
[    8.932032] rcu-torture: rcu_torture_barrier_cbs task started
[    8.933652] rcu-torture: Creating rcu_torture_barrier task
[    8.934502] rcu-torture: rcu_torture_barrier_cbs task started
[    8.937486] rcu-torture: Creating rcu_torture_read_exit task
[    8.938154] rcu-torture: rcu_torture_barrier task starting
[    8.940410] rcu-torture: rcu_torture_read_exit: Start of test
[    8.940892] initcall rcu_torture_init+0x0/0x9be returned 0 after 517329 usecs
[    8.941073] calling  timekeeping_init_ops+0x0/0x13 @ 1
[    8.941171] initcall timekeeping_init_ops+0x0/0x13 returned 0 after 93 usecs
[    8.941174] calling  init_clocksource_sysfs+0x0/0x23 @ 1
[    8.950323] initcall init_clocksource_sysfs+0x0/0x23 returned 0 after 8926 usecs
[    9.054545] calling  init_timer_list_procfs+0x0/0x31 @ 1
[    9.062230] initcall init_timer_list_procfs+0x0/0x31 returned 0 after 543 usecs
[    9.072745] calling  alarmtimer_init+0x0/0xf5 @ 1
[    9.081307] initcall alarmtimer_init+0x0/0xf5 returned 0 after 1712 usecs
[    9.091403] calling  init_posix_timers+0x0/0x29 @ 1
[    9.100462] initcall init_posix_timers+0x0/0x29 returned 0 after 1259 usecs
[    9.110036] calling  clockevents_init_sysfs+0x0/0xbf @ 1
[    9.119328] initcall clockevents_init_sysfs+0x0/0xbf returned 0 after 2014 usecs
[    9.129204] calling  proc_dma_init+0x0/0x21 @ 1
[    9.136138] initcall proc_dma_init+0x0/0x21 returned 0 after 86 usecs
[    9.146030] calling  proc_modules_init+0x0/0x1e @ 1
[    9.154373] initcall proc_modules_init+0x0/0x1e returned 0 after 66 usecs
[    9.164642] calling  kallsyms_init+0x0/0x21 @ 1
[    9.171523] initcall kallsyms_init+0x0/0x21 returned 0 after 14 usecs
[    9.181762] calling  pid_namespaces_init+0x0/0x2c @ 1
[    9.189784] initcall pid_namespaces_init+0x0/0x2c returned 0 after 53 usecs
[    9.199512] calling  audit_watch_init+0x0/0x37 @ 1
[    9.206073] initcall audit_watch_init+0x0/0x37 returned 0 after 288 usecs
[    9.215558] calling  audit_fsnotify_init+0x0/0x37 @ 1
[    9.222995] initcall audit_fsnotify_init+0x0/0x37 returned 0 after 4 usecs
[    9.233069] calling  audit_tree_init+0x0/0x6d @ 1
[    9.239984] initcall audit_tree_init+0x0/0x6d returned 0 after 15 usecs
[    9.250471] calling  seccomp_sysctl_init+0x0/0x2b @ 1
[    9.258314] initcall seccomp_sysctl_init+0x0/0x2b returned 0 after 543 usecs
[    9.268003] calling  utsname_sysctl_init+0x0/0x13 @ 1
[    9.275186] initcall utsname_sysctl_init+0x0/0x13 returned 0 after 188 usecs
[    9.285338] calling  init_tracepoints+0x0/0x27 @ 1
[    9.292343] initcall init_tracepoints+0x0/0x27 returned 0 after 179 usecs
[    9.302188] calling  init_blk_tracer+0x0/0x50 @ 1
[    9.311401] initcall init_blk_tracer+0x0/0x50 returned 0 after 2484 usecs
[    9.320859] calling  perf_event_sysfs_init+0x0/0x83 @ 1
[    9.332152] initcall perf_event_sysfs_init+0x0/0x83 returned 0 after 3605 usecs
[    9.342982] calling  system_trusted_keyring_init+0x0/0x60 @ 1
[    9.351514] Initialise system trusted keyrings
[    9.359402] initcall system_trusted_keyring_init+0x0/0x60 returned 0 after 7697 usecs
[    9.370037] calling  kswapd_init+0x0/0x5c @ 1
[    9.381540] initcall kswapd_init+0x0/0x5c returned 0 after 4909 usecs
[    9.391971] calling  extfrag_debug_init+0x0/0x54 @ 1
[    9.400328] initcall extfrag_debug_init+0x0/0x54 returned 0 after 458 usecs
[    9.410326] calling  mm_compute_batch_init+0x0/0x12 @ 1
[    9.418154] initcall mm_compute_batch_init+0x0/0x12 returned 0 after 29 usecs
[    9.428457] calling  slab_proc_init+0x0/0x21 @ 1
[    9.435770] initcall slab_proc_init+0x0/0x21 returned 0 after 122 usecs
[    9.445341] calling  workingset_init+0x0/0x8c @ 1
[    9.452352] workingset: timestamp_bits=56 max_order=17 bucket_order=0
[    9.462250] initcall workingset_init+0x0/0x8c returned 0 after 9662 usecs
[    9.472164] calling  proc_vmalloc_init+0x0/0x32 @ 1
[    9.479241] initcall proc_vmalloc_init+0x0/0x32 returned 0 after 34 usecs
[    9.488582] calling  procswaps_init+0x0/0x1e @ 1
[    9.495206] initcall procswaps_init+0x0/0x1e returned 0 after 345 usecs
[    9.505431] calling  slab_sysfs_init+0x0/0xec @ 1
[    9.571851] initcall slab_sysfs_init+0x0/0xec returned 0 after 57079 usecs
[    9.581723] calling  fcntl_init+0x0/0x29 @ 1
[    9.588128] initcall fcntl_init+0x0/0x29 returned 0 after 150 usecs
[    9.596736] calling  proc_filesystems_init+0x0/0x21 @ 1
[    9.604207] initcall proc_filesystems_init+0x0/0x21 returned 0 after 10 usecs
[    9.614176] calling  start_dirtytime_writeback+0x0/0x29 @ 1
[    9.622452] initcall start_dirtytime_writeback+0x0/0x29 returned 0 after 3 usecs
[    9.632894] calling  blkdev_init+0x0/0x1b @ 1
[    9.641331] initcall blkdev_init+0x0/0x1b returned 0 after 1706 usecs
[    9.650728] calling  dio_init+0x0/0x2c @ 1
[    9.658050] initcall dio_init+0x0/0x2c returned 0 after 402 usecs
[    9.668065] calling  dnotify_init+0x0/0x78 @ 1
[    9.675691] initcall dnotify_init+0x0/0x78 returned 0 after 156 usecs
[    9.686214] calling  aio_setup+0x0/0x78 @ 1
[    9.696050] initcall aio_setup+0x0/0x78 returned 0 after 2643 usecs
[    9.706503] calling  io_uring_init+0x0/0x2c @ 1
[    9.714273] initcall io_uring_init+0x0/0x2c returned 0 after 14 usecs
[    9.724944] calling  mbcache_init+0x0/0x30 @ 1
[    9.732895] initcall mbcache_init+0x0/0x30 returned 0 after 323 usecs
[    9.743723] calling  init_grace+0x0/0xc @ 1
[    9.751113] initcall init_grace+0x0/0xc returned 0 after 566 usecs
[    9.761102] calling  init_v2_quota_format+0x0/0x21 @ 1
[    9.769711] initcall init_v2_quota_format+0x0/0x21 returned 0 after 223 usecs
[    9.781093] calling  init_devpts_fs+0x0/0x27 @ 1
[    9.789189] initcall init_devpts_fs+0x0/0x27 returned 0 after 244 usecs
[    9.800009] calling  ext4_init_fs+0x0/0x1c2 @ 1
[    9.808930] initcall ext4_init_fs+0x0/0x1c2 returned 0 after 1525 usecs
[    9.819906] calling  journal_init+0x0/0x11c @ 1
[    9.828276] initcall journal_init+0x0/0x11c returned 0 after 489 usecs
[    9.837937] calling  init_fat_fs+0x0/0x49 @ 1
[    9.844672] initcall init_fat_fs+0x0/0x49 returned 0 after 164 usecs
[    9.853871] calling  init_vfat_fs+0x0/0xc @ 1
[    9.862131] initcall init_vfat_fs+0x0/0xc returned 0 after 7 usecs
[    9.873412] calling  init_msdos_fs+0x0/0xc @ 1
[    9.881371] initcall init_msdos_fs+0x0/0xc returned 0 after 6 usecs
[    9.892296] calling  init_iso9660_fs+0x0/0x6c @ 1
[    9.901807] initcall init_iso9660_fs+0x0/0x6c returned 0 after 869 usecs
[    9.914101] calling  init_nfs_fs+0x0/0x13a @ 1
[    9.929312] initcall init_nfs_fs+0x0/0x13a returned 0 after 7164 usecs
[    9.941050] calling  init_nfs_v2+0x0/0x13 @ 1
[    9.949218] initcall init_nfs_v2+0x0/0x13 returned 0 after 670 usecs
[    9.959614] calling  init_nfs_v3+0x0/0x13 @ 1
[    9.967432] initcall init_nfs_v3+0x0/0x13 returned 0 after 2 usecs
[    9.978101] calling  init_nfs_v4+0x0/0x32 @ 1
[    9.985787] NFS: Registering the id_resolver key type
[    9.994623] Key type id_resolver registered
[   10.002382] Key type id_legacy registered
[   10.009482] initcall init_nfs_v4+0x0/0x32 returned 0 after 23376 usecs
[   10.020760] calling  init_nlm+0x0/0x5b @ 1
[   10.028088] initcall init_nlm+0x0/0x5b returned 0 after 552 usecs
[   10.036721] calling  init_nls_cp437+0x0/0xe @ 1
[   10.043794] initcall init_nls_cp437+0x0/0xe returned 0 after 342 usecs
[   10.054166] calling  init_nls_ascii+0x0/0xe @ 1
[   10.061972] initcall init_nls_ascii+0x0/0xe returned 0 after 3 usecs
[   10.073027] calling  init_nls_iso8859_1+0x0/0xe @ 1
[   10.081982] initcall init_nls_iso8859_1+0x0/0xe returned 0 after 3 usecs
[   10.093938] calling  init_nls_utf8+0x0/0x21 @ 1
[   10.102083] initcall init_nls_utf8+0x0/0x21 returned 0 after 3 usecs
[   10.113085] calling  init_autofs_fs+0x0/0x25 @ 1
[   10.129579] initcall init_autofs_fs+0x0/0x25 returned 0 after 8085 usecs
[   10.139615] calling  ipc_init+0x0/0x24 @ 1
[   10.146256] initcall ipc_init+0x0/0x24 returned 0 after 680 usecs
[   10.154695] calling  ipc_sysctl_init+0x0/0x13 @ 1
[   10.161460] initcall ipc_sysctl_init+0x0/0x13 returned 0 after 41 usecs
[   10.170647] calling  init_mqueue_fs+0x0/0xb1 @ 1
[   10.179393] initcall init_mqueue_fs+0x0/0xb1 returned 0 after 2224 usecs
[   10.189475] calling  key_proc_init+0x0/0x63 @ 1
[   10.196180] initcall key_proc_init+0x0/0x63 returned 0 after 30 usecs
[   10.205362] calling  selinux_nf_ip_init+0x0/0x2e @ 1
[   10.212716] initcall selinux_nf_ip_init+0x0/0x2e returned 0 after 102 usecs
[   10.223385] calling  init_sel_fs+0x0/0x116 @ 1
[   10.230256] initcall init_sel_fs+0x0/0x116 returned 0 after 1 usecs
[   10.240445] calling  selnl_init+0x0/0x7c @ 1
[   10.247591] initcall selnl_init+0x0/0x7c returned 0 after 799 usecs
[   10.257377] calling  sel_netif_init+0x0/0x36 @ 1
[   10.264146] initcall sel_netif_init+0x0/0x36 returned 0 after 0 usecs
[   10.272561] calling  sel_netnode_init+0x0/0x33 @ 1
[   10.279573] initcall sel_netnode_init+0x0/0x33 returned 0 after 0 usecs
[   10.288942] calling  sel_netport_init+0x0/0x33 @ 1
[   10.296916] initcall sel_netport_init+0x0/0x33 returned 0 after 1 usecs
[   10.307530] calling  aurule_init+0x0/0x2a @ 1
[   10.314592] initcall aurule_init+0x0/0x2a returned 0 after 3 usecs
[   10.323870] calling  crypto_algapi_init+0x0/0xc @ 1
[   10.331014] initcall crypto_algapi_init+0x0/0xc returned 0 after 12 usecs
[   10.341245] calling  jent_mod_init+0x0/0x2d @ 1
[   10.367153] initcall jent_mod_init+0x0/0x2d returned 0 after 18347 usecs
[   10.378187] calling  asymmetric_key_init+0x0/0xc @ 1
[   10.386308] Key type asymmetric registered
[   10.392589] initcall asymmetric_key_init+0x0/0xc returned 0 after 6237 usecs
[   10.404375] calling  x509_key_init+0x0/0xc @ 1
[   10.411852] Asymmetric key parser 'x509' registered
[   10.419936] initcall x509_key_init+0x0/0xc returned 0 after 8180 usecs
[   10.430159] calling  proc_genhd_init+0x0/0x41 @ 1
[   10.437513] initcall proc_genhd_init+0x0/0x41 returned 0 after 14 usecs
[   10.448039] calling  bsg_init+0x0/0x113 @ 1
[   10.455599] Block layer SCSI generic (bsg) driver version 0.4 loaded (major 251)
[   10.467333] initcall bsg_init+0x0/0x113 returned 0 after 11924 usecs
[   10.477686] calling  deadline_init+0x0/0xc @ 1
[   10.485463] io scheduler mq-deadline registered
[   10.493000] initcall deadline_init+0x0/0xc returned 0 after 7500 usecs
[   10.503880] calling  kyber_init+0x0/0xc @ 1
[   10.511468] io scheduler kyber registered
[   10.518008] initcall kyber_init+0x0/0xc returned 0 after 6384 usecs
[   10.528096] calling  mod_init+0x0/0x7 @ 1
[   10.533713] initcall mod_init+0x0/0x7 returned 0 after 0 usecs
[   10.542960] calling  percpu_counter_startup+0x0/0x55 @ 1
[   10.560970] initcall percpu_counter_startup+0x0/0x55 returned 0 after 9233 usecs
[   10.572524] calling  sg_pool_init+0x0/0xb4 @ 1
[   10.582131] initcall sg_pool_init+0x0/0xb4 returned 0 after 1747 usecs
[   10.591098] calling  pcie_portdrv_init+0x0/0x39 @ 1
[   10.602220] initcall pcie_portdrv_init+0x0/0x39 returned 0 after 3786 usecs
[   10.612300] calling  pci_proc_init+0x0/0x68 @ 1
[   10.619420] initcall pci_proc_init+0x0/0x68 returned 0 after 213 usecs
[   10.628877] calling  pci_hotplug_init+0x0/0x7 @ 1
[   10.636553] initcall pci_hotplug_init+0x0/0x7 returned 0 after 0 usecs
[   10.646196] calling  efifb_driver_init+0x0/0xe @ 1
[   10.653196] initcall efifb_driver_init+0x0/0xe returned 0 after 42 usecs
[   10.662764] calling  ged_driver_init+0x0/0xe @ 1
[   10.669628] initcall ged_driver_init+0x0/0xe returned 0 after 316 usecs
[   10.679669] calling  acpi_ac_init+0x0/0x92 @ 1
[   10.687672] initcall acpi_ac_init+0x0/0x92 returned 0 after 1430 usecs
[   10.696679] calling  acpi_button_driver_init+0x0/0x52 @ 1
[   10.705642] input: Power Button as /devices/LNXSYSTM:00/LNXPWRBN:00/input/input0
[   10.719209] ACPI: Power Button [PWRF]
[   10.725438] initcall acpi_button_driver_init+0x0/0x52 returned 0 after 20429 usecs
[   10.736124] calling  acpi_fan_driver_init+0x0/0xe @ 1
[   10.742912] initcall acpi_fan_driver_init+0x0/0xe returned 0 after 40 usecs
[   10.752481] calling  acpi_video_init+0x0/0xcb @ 1
[   10.759555] initcall acpi_video_init+0x0/0xcb returned 0 after 451 usecs
[   10.769975] calling  acpi_processor_driver_init+0x0/0xad @ 1
[   10.791131] initcall acpi_processor_driver_init+0x0/0xad returned 0 after 11827 usecs
[   10.802970] calling  acpi_thermal_init+0x0/0x71 @ 1
[   10.817473] initcall acpi_thermal_init+0x0/0x71 returned 0 after 6725 usecs
[   10.827607] calling  acpi_battery_init+0x0/0x32 @ 1
[   10.836603] initcall acpi_battery_init+0x0/0x32 returned 0 after 1897 usecs
[   10.859905] calling  bgrt_init+0x0/0xb6 @ 1
[   10.867786] initcall bgrt_init+0x0/0xb6 returned -19 after 74 usecs
[   10.878010] calling  gpio_clk_driver_init+0x0/0xe @ 1
[   10.903836] initcall gpio_clk_driver_init+0x0/0xe returned 0 after 17122 usecs
[   10.915519] calling  plt_clk_driver_init+0x0/0xe @ 1
[   10.925515] initcall plt_clk_driver_init+0x0/0xe returned 0 after 913 usecs
[   10.936651] calling  virtio_pci_driver_init+0x0/0x15 @ 1
[   10.951670] initcall virtio_pci_driver_init+0x0/0x15 returned 0 after 5773 usecs
[   10.964391] calling  n_null_init+0x0/0x1e @ 1
[   10.972506] initcall n_null_init+0x0/0x1e returned 0 after 231 usecs
[   10.983480] calling  pty_init+0x0/0x1e8 @ 1
[   11.029443] initcall pty_init+0x0/0x1e8 returned 0 after 37224 usecs
[   11.041201] calling  sysrq_init+0x0/0x62 @ 1
[   11.050111] initcall sysrq_init+0x0/0x62 returned 0 after 1719 usecs
[   11.060909] calling  serial8250_init+0x0/0x17e @ 1
[   11.069269] Serial: 8250/16550 driver, 4 ports, IRQ sharing enabled
[   11.095956] 00:03: ttyS0 at I/O 0x3f8 (irq = 4, base_baud = 115200) is a 16550A
[   11.147573] initcall serial8250_init+0x0/0x17e returned 0 after 76652 usecs
[   11.158053] calling  serial_pci_driver_init+0x0/0x15 @ 1
[   11.167749] initcall serial_pci_driver_init+0x0/0x15 returned 0 after 1359 usecs
[   11.180376] calling  exar_pci_driver_init+0x0/0x15 @ 1
[   11.188490] initcall exar_pci_driver_init+0x0/0x15 returned 0 after 350 usecs
[   11.198449] calling  lpss8250_pci_driver_init+0x0/0x15 @ 1
[   11.207116] initcall lpss8250_pci_driver_init+0x0/0x15 returned 0 after 55 usecs
[   11.219359] calling  mid8250_pci_driver_init+0x0/0x15 @ 1
[   11.228275] initcall mid8250_pci_driver_init+0x0/0x15 returned 0 after 50 usecs
[   11.239400] calling  virtio_console_init+0x0/0xff @ 1
[   11.254068] initcall virtio_console_init+0x0/0xff returned 0 after 6485 usecs
[   11.266519] calling  hpet_init+0x0/0x64 @ 1
[   11.288222] initcall hpet_init+0x0/0x64 returned 0 after 14929 usecs
[   11.299215] calling  nvram_module_init+0x0/0x83 @ 1
[   11.312055] Non-volatile memory driver v1.3
[   11.319382] initcall nvram_module_init+0x0/0x83 returned 0 after 10151 usecs
[   11.330570] calling  hwrng_modinit+0x0/0x8a @ 1
[   11.340610] initcall hwrng_modinit+0x0/0x8a returned 0 after 3377 usecs
[   11.358501] calling  mod_init+0x0/0x48 @ 1
[   11.365745] initcall mod_init+0x0/0x48 returned -19 after 1 usecs
[   11.375624] calling  agp_init+0x0/0x23 @ 1
[   11.382365] Linux agpgart interface v0.103
[   11.388916] initcall agp_init+0x0/0x23 returned 0 after 6394 usecs
[   11.398145] calling  agp_amd64_mod_init+0x0/0x5 @ 1
[   11.406682] initcall agp_amd64_mod_init+0x0/0x5 returned -19 after 639 usecs
[   11.417653] calling  agp_intel_init+0x0/0x28 @ 1
[   11.428632] initcall agp_intel_init+0x0/0x28 returned 0 after 3340 usecs
[   11.441044] calling  drm_kms_helper_init+0x0/0x7 @ 1
[   11.449412] initcall drm_kms_helper_init+0x0/0x7 returned 0 after 98 usecs
[   11.461363] calling  drm_core_init+0x0/0xbd @ 1
[   11.470495] initcall drm_core_init+0x0/0xbd returned 0 after 883 usecs
[   11.481928] calling  i915_init+0x0/0x6b @ 1
[   11.504556] initcall i915_init+0x0/0x6b returned 0 after 15373 usecs
[   11.514678] calling  cn_proc_init+0x0/0x35 @ 1
[   11.522127] initcall cn_proc_init+0x0/0x35 returned 0 after 392 usecs
[   11.532270] calling  topology_sysfs_init+0x0/0x27 @ 1
[   11.549522] initcall topology_sysfs_init+0x0/0x27 returned 0 after 8213 usecs
[   11.560094] calling  cacheinfo_sysfs_init+0x0/0x27 @ 1
[   11.603722] initcall cacheinfo_sysfs_init+0x0/0x27 returned 0 after 34323 usecs
[   11.614092] calling  loop_init+0x0/0x16a @ 1
[   11.798313] loop: module loaded
[   11.803303] initcall loop_init+0x0/0x16a returned 0 after 178865 usecs
[   11.812342] calling  mac_hid_init+0x0/0x21 @ 1
[   11.818992] initcall mac_hid_init+0x0/0x21 returned 0 after 47 usecs
[   11.827521] calling  spi_transport_init+0x0/0x74 @ 1
[   11.836613] initcall spi_transport_init+0x0/0x74 returned 0 after 1571 usecs
[   11.846400] calling  init_sd+0x0/0x18c @ 1
[   11.852562] initcall init_sd+0x0/0x18c returned 0 after 351 usecs
[   11.861259] calling  init_sr+0x0/0x43 @ 1
[   11.866693] initcall init_sr+0x0/0x43 returned 0 after 30 usecs
[   11.874787] calling  init_sg+0x0/0x1c0 @ 1
[   11.882839] initcall init_sg+0x0/0x1c0 returned 0 after 1994 usecs
[   11.893319] calling  ahci_pci_driver_init+0x0/0x15 @ 1
[   11.903363] ahci 0000:00:1f.2: version 3.0
[   11.920569] PCI Interrupt Link [GSIA] enabled at IRQ 16
[   11.955713] ahci 0000:00:1f.2: AHCI 0001.0000 32 slots 6 ports 1.5 Gbps 0x3f impl SATA mode
[   11.969046] ahci 0000:00:1f.2: flags: 64bit ncq only 
[   12.011318] scsi host0: ahci
[   12.025546] scsi host1: ahci
[   12.036621] scsi host2: ahci
[   12.048573] scsi host3: ahci
[   12.057950] scsi host4: ahci
[   12.067314] scsi host5: ahci
[   12.072648] ata1: SATA max UDMA/133 abar m4096@0xfebf1000 port 0xfebf1100 irq 24
[   12.083625] ata2: SATA max UDMA/133 abar m4096@0xfebf1000 port 0xfebf1180 irq 24
[   12.094450] ata3: SATA max UDMA/133 abar m4096@0xfebf1000 port 0xfebf1200 irq 24
[   12.105230] ata4: SATA max UDMA/133 abar m4096@0xfebf1000 port 0xfebf1280 irq 24
[   12.116079] ata5: SATA max UDMA/133 abar m4096@0xfebf1000 port 0xfebf1300 irq 24
[   12.126957] ata6: SATA max UDMA/133 abar m4096@0xfebf1000 port 0xfebf1380 irq 24
[   12.145164] initcall ahci_pci_driver_init+0x0/0x15 returned 0 after 237556 usecs
[   12.156554] calling  piix_init+0x0/0x26 @ 1
[   12.163594] initcall piix_init+0x0/0x26 returned 0 after 259 usecs
[   12.173446] calling  amd_pci_driver_init+0x0/0x15 @ 1
[   12.182126] initcall amd_pci_driver_init+0x0/0x15 returned 0 after 80 usecs
[   12.193904] calling  oldpiix_pci_driver_init+0x0/0x15 @ 1
[   12.202370] initcall oldpiix_pci_driver_init+0x0/0x15 returned 0 after 72 usecs
[   12.218462] calling  sch_pci_driver_init+0x0/0x15 @ 1
[   12.229067] initcall sch_pci_driver_init+0x0/0x15 returned 0 after 557 usecs
[   12.244994] calling  net_olddevs_init+0x0/0x55 @ 1
[   12.253061] initcall net_olddevs_init+0x0/0x55 returned 0 after 540 usecs
[   12.264338] calling  blackhole_netdev_init+0x0/0x78 @ 1
[   12.274040] initcall blackhole_netdev_init+0x0/0x78 returned 0 after 1697 usecs
[   12.285106] calling  phy_module_init+0x0/0x13 @ 1
[   12.293212] initcall phy_module_init+0x0/0x13 returned 0 after 851 usecs
[   12.305056] calling  tg3_driver_init+0x0/0x15 @ 1
[   12.312356] initcall tg3_driver_init+0x0/0x15 returned 0 after 105 usecs
[   12.329576] calling  e100_init_module+0x0/0x4c @ 1
[   12.337043] e100: Intel(R) PRO/100 Network Driver
[   12.344008] e100: Copyright(c) 1999-2006 Intel Corporation
[   12.352251] initcall e100_init_module+0x0/0x4c returned 0 after 14849 usecs
[   12.363226] calling  e1000_init_module+0x0/0x72 @ 1
[   12.370602] e1000: Intel(R) PRO/1000 Network Driver
[   12.378470] e1000: Copyright (c) 1999-2006 Intel Corporation.
[   12.388105] initcall e1000_init_module+0x0/0x72 returned 0 after 17110 usecs
[   12.399072] calling  e1000_init_module+0x0/0x2d @ 1
[   12.406910] e1000e: Intel(R) PRO/1000 Network Driver
[   12.414635] e1000e: Copyright(c) 1999 - 2015 Intel Corporation.
[   12.424038] initcall e1000_init_module+0x0/0x2d returned 0 after 16741 usecs
[   12.433723] calling  sky2_init_module+0x0/0x21 @ 1
[   12.442029] sky2: driver version 1.30
[   12.448042] initcall sky2_init_module+0x0/0x21 returned 0 after 5869 usecs
[   12.458364] calling  forcedeth_pci_driver_init+0x0/0x15 @ 1
[   12.466969] initcall forcedeth_pci_driver_init+0x0/0x15 returned 0 after 287 usecs
[   12.472363] ata1: SATA link down (SStatus 0 SControl 300)
[   12.494116] calling  rtl8139_init_module+0x0/0x15 @ 1
[   12.494201] initcall rtl8139_init_module+0x0/0x15 returned 0 after 78 usecs
[   12.494205] calling  rtl8169_pci_driver_init+0x0/0x15 @ 1
[   12.494289] initcall rtl8169_pci_driver_init+0x0/0x15 returned 0 after 78 usecs
[   12.494292] calling  cdrom_init+0x0/0xc @ 1
[   12.494435] initcall cdrom_init+0x0/0xc returned 0 after 136 usecs
[   12.494438] calling  nonstatic_sysfs_init+0x0/0xc @ 1
[   12.494530] initcall nonstatic_sysfs_init+0x0/0xc returned 0 after 86 usecs
[   12.494533] calling  yenta_cardbus_driver_init+0x0/0x15 @ 1
[   12.495264] initcall yenta_cardbus_driver_init+0x0/0x15 returned 0 after 708 usecs
[   12.495268] calling  mon_init+0x0/0x144 @ 1
[   12.497426] initcall mon_init+0x0/0x144 returned 0 after 2097 usecs
[   12.513455] ata4: SATA link down (SStatus 0 SControl 300)
[   12.522326] calling  ehci_hcd_init+0x0/0x56 @ 1
[   12.522389] ehci_hcd: USB 2.0 'Enhanced' Host Controller (EHCI) Driver
[   12.532719] ata6: SATA link down (SStatus 0 SControl 300)
[   12.540653] initcall ehci_hcd_init+0x0/0x56 returned 0 after 17887 usecs
[   12.558403] ata5: SATA link down (SStatus 0 SControl 300)
[   12.563693] calling  ehci_pci_init+0x0/0x64 @ 1
[   12.576224] ata2: SATA link down (SStatus 0 SControl 300)
[   12.581537] ehci-pci: EHCI PCI platform driver
[   12.594527] ata3: SATA link up 1.5 Gbps (SStatus 113 SControl 300)
[   12.597539] initcall ehci_pci_init+0x0/0x64 returned 0 after 15623 usecs
[   12.608181] ata3.00: ATAPI: QEMU DVD-ROM, 2.5+, max UDMA/100
[   12.614574] calling  ohci_hcd_mod_init+0x0/0x4e @ 1
[   12.614610] ohci_hcd: USB 1.1 'Open' Host Controller (OHCI) Driver
[   12.614642] initcall ohci_hcd_mod_init+0x0/0x4e returned 0 after 60 usecs
[   12.621762] ata3.00: applying bridge limits
[   12.631341] calling  ohci_pci_init+0x0/0x64 @ 1
[   12.631345] ohci-pci: OHCI PCI platform driver
[   12.631481] initcall ohci_pci_init+0x0/0x64 returned 0 after 131 usecs
[   12.631485] calling  uhci_hcd_init+0x0/0xa8 @ 1
[   12.631487] uhci_hcd: USB Universal Host Controller Interface driver
[   12.632134] initcall uhci_hcd_init+0x0/0xa8 returned 0 after 625 usecs
[   12.649223] ata3.00: configured for UDMA/100
[   12.651811] calling  xhci_hcd_init+0x0/0x1e @ 1
[   12.652253] initcall xhci_hcd_init+0x0/0x1e returned 0 after 425 usecs
[   12.652256] calling  xhci_pci_init+0x0/0x49 @ 1
[   12.652634] initcall xhci_pci_init+0x0/0x49 returned 0 after 365 usecs
[   12.678329] scsi 2:0:0:0: CD-ROM            QEMU     QEMU DVD-ROM     2.5+ PQ: 0 ANSI: 5
[   12.681134] calling  usblp_driver_init+0x0/0x15 @ 1
[   12.681694] usbcore: registered new interface driver usblp
[   12.896792] initcall usblp_driver_init+0x0/0x15 returned 0 after 210281 usecs
[   12.907195] calling  usb_storage_driver_init+0x0/0x2a @ 1
[   12.917941] usbcore: registered new interface driver usb-storage
[   12.926896] initcall usb_storage_driver_init+0x0/0x2a returned 0 after 11598 usecs
[   12.938089] calling  i8042_init+0x0/0x4c2 @ 1
[   12.945715] i8042: PNP: PS/2 Controller [PNP0303:KBD,PNP0f13:MOU] at 0x60,0x64 irq 1,12
[   12.972872] serio: i8042 KBD port at 0x60,0x64 irq 1
[   12.980241] serio: i8042 AUX port at 0x60,0x64 irq 12
[   12.987766] initcall i8042_init+0x0/0x4c2 returned 0 after 42111 usecs
[   12.997017] calling  serport_init+0x0/0x2c @ 1
[   13.003492] initcall serport_init+0x0/0x2c returned 0 after 39 usecs
[   13.012542] calling  input_leds_init+0x0/0xc @ 1
[   13.019550] initcall input_leds_init+0x0/0xc returned 0 after 198 usecs
[   13.028921] calling  evdev_init+0x0/0xc @ 1
[   13.052519] initcall evdev_init+0x0/0xc returned 0 after 16961 usecs
[   13.062575] calling  atkbd_init+0x0/0x21 @ 1
[   13.069601] initcall atkbd_init+0x0/0x21 returned 0 after 283 usecs
[   13.083438] calling  psmouse_init+0x0/0x7f @ 1
[   13.090380] initcall psmouse_init+0x0/0x7f returned 0 after 475 usecs
[   13.100289] calling  cmos_init+0x0/0x73 @ 1
[   13.107871] rtc_cmos 00:04: RTC can wake from S4
[   13.133229] rtc_cmos 00:04: registered as rtc0
[   13.146958] rtc_cmos 00:04: alarms up to one day, y3k, 242 bytes nvram, hpet irqs
[   13.160727] initcall cmos_init+0x0/0x73 returned 0 after 52747 usecs
[   13.170371] calling  smbalert_driver_init+0x0/0xe @ 1
[   13.178103] initcall smbalert_driver_init+0x0/0xe returned 0 after 88 usecs
[   13.188058] calling  i2c_i801_init+0x0/0xc5 @ 1
[   13.200915] i801_smbus 0000:00:1f.3: SMBus using PCI interrupt
[   13.210760] i2c i2c-0: 1/1 memory slots populated (from DMI)
[   13.218919] i2c i2c-0: Memory type 0x07 not supported yet, not instantiating SPD
[   13.223175] sr 2:0:0:0: [sr0] scsi3-mmc drive: 4x/4x cd/rw xa/form2 tray
[   13.234520] initcall i2c_i801_init+0x0/0xc5 returned 0 after 38999 usecs
[   13.244328] cdrom: Uniform CD-ROM driver Revision: 3.20
[   13.256308] calling  ptp_kvm_init+0x0/0xf0 @ 1
[   13.267215] initcall ptp_kvm_init+0x0/0xf0 returned 0 after 10642 usecs
[   13.280497] calling  dm_init+0x0/0x3c @ 1
[   13.289376] device-mapper: ioctl: 4.43.0-ioctl (2020-10-01) initialised: dm-devel@redhat.com
[   13.303461] initcall dm_init+0x0/0x3c returned 0 after 16645 usecs
[   13.312812] calling  dm_mirror_init+0x0/0x29 @ 1
[   13.319697] initcall dm_mirror_init+0x0/0x29 returned 0 after 33 usecs
[   13.334259] calling  dm_dirty_log_init+0x0/0x4f @ 1
[   13.341284] initcall dm_dirty_log_init+0x0/0x4f returned 0 after 369 usecs
[   13.350358] calling  dm_zero_init+0x0/0x29 @ 1
[   13.357541] initcall dm_zero_init+0x0/0x29 returned 0 after 3 usecs
[   13.367117] calling  intel_pstate_init+0x0/0x50f @ 1
[   13.374135] intel_pstate: CPU model not supported
[   13.380318] initcall intel_pstate_init+0x0/0x50f returned -19 after 6054 usecs
[   13.390120] calling  haltpoll_init+0x0/0xc0 @ 1
[   13.396520] initcall haltpoll_init+0x0/0xc0 returned -19 after 57 usecs
[   13.405753] calling  efivars_sysfs_init+0x0/0x30 @ 1
[   13.412955] initcall efivars_sysfs_init+0x0/0x30 returned 0 after 30 usecs
[   13.422190] calling  esrt_sysfs_init+0x0/0x2a2 @ 1
[   13.429518] initcall esrt_sysfs_init+0x0/0x2a2 returned -38 after 52 usecs
[   13.440484] calling  hid_init+0x0/0x5c @ 1
[   13.449968] hid: raw HID events driver (C) Jiri Kosina
[   13.457380] initcall hid_init+0x0/0x5c returned 0 after 7475 usecs
[   13.465999] calling  hid_generic_init+0x0/0x15 @ 1
[   13.472943] initcall hid_generic_init+0x0/0x15 returned 0 after 209 usecs
[   13.482549] calling  a4_driver_init+0x0/0x15 @ 1
[   13.489384] initcall a4_driver_init+0x0/0x15 returned 0 after 42 usecs
[   13.498600] calling  apple_driver_init+0x0/0x15 @ 1
[   13.505585] initcall apple_driver_init+0x0/0x15 returned 0 after 198 usecs
[   13.515412] calling  belkin_driver_init+0x0/0x15 @ 1
[   13.522364] initcall belkin_driver_init+0x0/0x15 returned 0 after 71 usecs
[   13.532733] calling  ch_driver_init+0x0/0x15 @ 1
[   13.539531] initcall ch_driver_init+0x0/0x15 returned 0 after 43 usecs
[   13.549051] calling  ch_driver_init+0x0/0x15 @ 1
[   13.555820] initcall ch_driver_init+0x0/0x15 returned 0 after 40 usecs
[   13.565608] calling  cp_driver_init+0x0/0x15 @ 1
[   13.572486] initcall cp_driver_init+0x0/0x15 returned 0 after 41 usecs
[   13.581925] calling  ez_driver_init+0x0/0x15 @ 1
[   13.588887] initcall ez_driver_init+0x0/0x15 returned 0 after 40 usecs
[   13.598031] calling  gyration_driver_init+0x0/0x15 @ 1
[   13.606318] initcall gyration_driver_init+0x0/0x15 returned 0 after 189 usecs
[   13.616339] calling  ite_driver_init+0x0/0x15 @ 1
[   13.623218] initcall ite_driver_init+0x0/0x15 returned 0 after 41 usecs
[   13.632486] calling  ks_driver_init+0x0/0x15 @ 1
[   13.639048] initcall ks_driver_init+0x0/0x15 returned 0 after 56 usecs
[   13.648200] calling  lg_driver_init+0x0/0x15 @ 1
[   13.654904] initcall lg_driver_init+0x0/0x15 returned 0 after 58 usecs
[   13.663888] calling  lg_g15_driver_init+0x0/0x15 @ 1
[   13.671221] initcall lg_g15_driver_init+0x0/0x15 returned 0 after 87 usecs
[   13.680970] calling  ms_driver_init+0x0/0x15 @ 1
[   13.687917] initcall ms_driver_init+0x0/0x15 returned 0 after 175 usecs
[   13.697092] calling  mr_driver_init+0x0/0x15 @ 1
[   13.703553] initcall mr_driver_init+0x0/0x15 returned 0 after 41 usecs
[   13.713086] calling  ntrig_driver_init+0x0/0x15 @ 1
[   13.721014] initcall ntrig_driver_init+0x0/0x15 returned 0 after 176 usecs
[   13.730712] calling  pl_driver_init+0x0/0x15 @ 1
[   13.742406] initcall pl_driver_init+0x0/0x15 returned 0 after 85 usecs
[   13.751757] calling  pl_driver_init+0x0/0x15 @ 1
[   13.769028] initcall pl_driver_init+0x0/0x15 returned 0 after 72 usecs
[   13.778886] calling  redragon_driver_init+0x0/0x15 @ 1
[   13.786479] initcall redragon_driver_init+0x0/0x15 returned 0 after 55 usecs
[   13.797092] calling  samsung_driver_init+0x0/0x15 @ 1
[   13.804472] initcall samsung_driver_init+0x0/0x15 returned 0 after 56 usecs
[   13.814272] calling  sony_init+0x0/0x38 @ 1
[   13.820428] initcall sony_init+0x0/0x38 returned 0 after 49 usecs
[   13.829328] calling  sp_driver_init+0x0/0x15 @ 1
[   13.836357] initcall sp_driver_init+0x0/0x15 returned 0 after 86 usecs
[   13.845652] calling  ts_driver_init+0x0/0x15 @ 1
[   13.852340] initcall ts_driver_init+0x0/0x15 returned 0 after 59 usecs
[   13.861176] calling  hid_init+0x0/0x58 @ 1
[   13.867155] usbcore: registered new interface driver usbhid
[   13.875380] usbhid: USB HID core driver
[   13.880333] initcall hid_init+0x0/0x58 returned 0 after 12936 usecs
[   13.888839] calling  eeepc_laptop_init+0x0/0x57 @ 1
[   13.896092] initcall eeepc_laptop_init+0x0/0x57 returned -19 after 404 usecs
[   13.905463] calling  pmc_atom_init+0x0/0x27a @ 1
[   13.912355] initcall pmc_atom_init+0x0/0x27a returned -19 after 9 usecs
[   13.922148] calling  alsa_hwdep_init+0x0/0x5e @ 1
[   13.929791] initcall alsa_hwdep_init+0x0/0x5e returned 0 after 823 usecs
[   13.939140] calling  alsa_timer_init+0x0/0x1f9 @ 1
[   13.941658] rcu-torture: rcu_torture_read_exit: End of episode
[   13.947545] initcall alsa_timer_init+0x0/0x1f9 returned 0 after 1391 usecs
[   13.965970] calling  snd_hrtimer_init+0x0/0x117 @ 1
[   13.966277] input: AT Translated Set 2 keyboard as /devices/platform/i8042/serio0/input/input1
[   13.972886] initcall snd_hrtimer_init+0x0/0x117 returned 0 after 22 usecs
[   13.972889] calling  alsa_pcm_init+0x0/0x64 @ 1
[   13.972929] initcall alsa_pcm_init+0x0/0x64 returned 0 after 14 usecs
[   13.972932] calling  alsa_seq_init+0x0/0x4a @ 1
[   13.975630] initcall alsa_seq_init+0x0/0x4a returned 0 after 2627 usecs
[   14.036846] calling  alsa_seq_dummy_init+0x0/0x9c @ 1
[   14.044436] initcall alsa_seq_dummy_init+0x0/0x9c returned 0 after 131 usecs
[   14.054676] calling  azx_driver_init+0x0/0x15 @ 1
[   14.062277] initcall azx_driver_init+0x0/0x15 returned 0 after 1018 usecs
[   14.072273] calling  sock_diag_init+0x0/0x2a @ 1
[   14.080116] initcall sock_diag_init+0x0/0x2a returned 0 after 1030 usecs
[   14.090139] calling  blackhole_init+0x0/0xc @ 1
[   14.096972] initcall blackhole_init+0x0/0xc returned 0 after 190 usecs
[   14.108397] calling  nfnetlink_init+0x0/0x61 @ 1
[   14.117486] initcall nfnetlink_init+0x0/0x61 returned 0 after 120 usecs
