c[?7l[2J[0mSeaBIOS (version 1.16.0-debian-1.16.0-4)
Booting from ROM...
early console in setup code
c[?7l[2J[    0.000000] Linux version 5.10.151+ (root@joelboxx.c.googlers.com) (gcc (Debian 12.2.0-3) 12.2.0, GNU ld (GNU Binutils for Debian) 2.39) #9 SMP Tue Dec 13 09:13:54 UTC 2022
[    0.000000] Command line: selinux=0 initcall_debug debug console=ttyS0 rcutorture.torture_type=tasks-tracing rcutorture.onoff_interval=1000 rcutorture.onoff_holdoff=30 rcutorture.n_barrier_cbs=4 rcutorture.stat_interval=15 rcutorture.shutdown_secs=1800 rcutorture.test_no_idle_hz=1 rcutorture.verbose=1
[    0.000000] x86/fpu: x87 FPU will use FXSAVE
[    0.000000] BIOS-provided physical RAM map:
[    0.000000] BIOS-e820: [mem 0x0000000000000000-0x000000000009fbff] usable
[    0.000000] BIOS-e820: [mem 0x000000000009fc00-0x000000000009ffff] reserved
[    0.000000] BIOS-e820: [mem 0x00000000000f0000-0x00000000000fffff] reserved
[    0.000000] BIOS-e820: [mem 0x0000000000100000-0x000000001ffdefff] usable
[    0.000000] BIOS-e820: [mem 0x000000001ffdf000-0x000000001fffffff] reserved
[    0.000000] BIOS-e820: [mem 0x00000000b0000000-0x00000000bfffffff] reserved
[    0.000000] BIOS-e820: [mem 0x00000000fed1c000-0x00000000fed1ffff] reserved
[    0.000000] BIOS-e820: [mem 0x00000000feffc000-0x00000000feffffff] reserved
[    0.000000] BIOS-e820: [mem 0x00000000fffc0000-0x00000000ffffffff] reserved
[    0.000000] NX (Execute Disable) protection: active
[    0.000000] SMBIOS 2.8 present.
[    0.000000] DMI: QEMU Standard PC (Q35 + ICH9, 2009), BIOS 1.16.0-debian-1.16.0-4 04/01/2014
[    0.000000] Hypervisor detected: KVM
[    0.000000] kvm-clock: Using msrs 4b564d01 and 4b564d00
[    0.000000] kvm-clock: cpu 0, msr fb23001, primary cpu clock
[    0.000045] kvm-clock: using sched offset of 2884629849 cycles
[    0.000183] clocksource: kvm-clock: mask: 0xffffffffffffffff max_cycles: 0x1cd42e4dffb, max_idle_ns: 881590591483 ns
[    0.000274] tsc: Detected 1999.999 MHz processor
[    0.006392] e820: update [mem 0x00000000-0x00000fff] usable ==> reserved
[    0.006405] e820: remove [mem 0x000a0000-0x000fffff] usable
[    0.006417] last_pfn = 0x1ffdf max_arch_pfn = 0x400000000
[    0.007398] MTRR default type: write-back
[    0.007450] MTRR fixed ranges enabled:
[    0.007454]   00000-9FFFF write-back
[    0.007458]   A0000-BFFFF uncachable
[    0.007461]   C0000-FFFFF write-protect
[    0.007464] MTRR variable ranges enabled:
[    0.007468]   0 base 00C0000000 mask FFC0000000 uncachable
[    0.007471]   1 disabled
[    0.007473]   2 disabled
[    0.007476]   3 disabled
[    0.007478]   4 disabled
[    0.007481]   5 disabled
[    0.007484]   6 disabled
[    0.007486]   7 disabled
[    0.007810] x86/PAT: Configuration [0-7]: WB  WC  UC- UC  WB  WC  UC- UC  
[    0.017311] found SMP MP-table at [mem 0x000f5ba0-0x000f5baf]
[    0.018674] check: Scanning 1 areas for low memory corruption
[    0.027846] ACPI: Early table checksum verification disabled
[    0.028549] ACPI: RSDP 0x00000000000F59E0 000014 (v00 BOCHS )
[    0.028679] ACPI: RSDT 0x000000001FFE23B1 000038 (v01 BOCHS  BXPC     00000001 BXPC 00000001)
[    0.028760] ACPI: FACP 0x000000001FFE2191 0000F4 (v03 BOCHS  BXPC     00000001 BXPC 00000001)
[    0.028807] ACPI: DSDT 0x000000001FFE0040 002151 (v01 BOCHS  BXPC     00000001 BXPC 00000001)
[    0.028825] ACPI: FACS 0x000000001FFE0000 000040
[    0.028832] ACPI: APIC 0x000000001FFE2285 000090 (v01 BOCHS  BXPC     00000001 BXPC 00000001)
[    0.028840] ACPI: HPET 0x000000001FFE2315 000038 (v01 BOCHS  BXPC     00000001 BXPC 00000001)
[    0.028846] ACPI: MCFG 0x000000001FFE234D 00003C (v01 BOCHS  BXPC     00000001 BXPC 00000001)
[    0.028864] ACPI: WAET 0x000000001FFE2389 000028 (v01 BOCHS  BXPC     00000001 BXPC 00000001)
[    0.028872] ACPI: Reserving FACP table memory at [mem 0x1ffe2191-0x1ffe2284]
[    0.028875] ACPI: Reserving DSDT table memory at [mem 0x1ffe0040-0x1ffe2190]
[    0.028878] ACPI: Reserving FACS table memory at [mem 0x1ffe0000-0x1ffe003f]
[    0.028880] ACPI: Reserving APIC table memory at [mem 0x1ffe2285-0x1ffe2314]
[    0.028883] ACPI: Reserving HPET table memory at [mem 0x1ffe2315-0x1ffe234c]
[    0.028885] ACPI: Reserving MCFG table memory at [mem 0x1ffe234d-0x1ffe2388]
[    0.028887] ACPI: Reserving WAET table memory at [mem 0x1ffe2389-0x1ffe23b0]
[    0.029299] ACPI: Local APIC address 0xfee00000
[    0.034282] No NUMA configuration found
[    0.034287] Faking a node at [mem 0x0000000000000000-0x000000001ffdefff]
[    0.034318] NODE_DATA(0) allocated [mem 0x1ffdb000-0x1ffdefff]
[    0.035187] Zone ranges:
[    0.035267]   DMA      [mem 0x0000000000001000-0x0000000000ffffff]
[    0.035297]   DMA32    [mem 0x0000000001000000-0x000000001ffdefff]
[    0.035302]   Normal   empty
[    0.035305] Movable zone start for each node
[    0.035307] Early memory node ranges
[    0.035310]   node   0: [mem 0x0000000000001000-0x000000000009efff]
[    0.035340]   node   0: [mem 0x0000000000100000-0x000000001ffdefff]
[    0.035373] Initmem setup node 0 [mem 0x0000000000001000-0x000000001ffdefff]
[    0.035407] On node 0 totalpages: 130941
[    0.035487]   DMA zone: 64 pages used for memmap
[    0.035489]   DMA zone: 21 pages reserved
[    0.035492]   DMA zone: 3998 pages, LIFO batch:0
[    0.035495]   DMA32 zone: 1984 pages used for memmap
[    0.035497]   DMA32 zone: 126943 pages, LIFO batch:31
[    0.037614] On node 0, zone DMA: 1 pages in unavailable ranges
[    0.039615] On node 0, zone DMA: 97 pages in unavailable ranges
[    0.086428] On node 0, zone DMA32: 33 pages in unavailable ranges
[    0.090030] ACPI: PM-Timer IO Port: 0x608
[    0.090038] ACPI: Local APIC address 0xfee00000
[    0.090107] ACPI: LAPIC_NMI (acpi_id[0xff] dfl dfl lint[0x1])
[    0.090703] IOAPIC[0]: apic_id 0, version 17, address 0xfec00000, GSI 0-23
[    0.090768] ACPI: INT_SRC_OVR (bus 0 bus_irq 0 global_irq 2 dfl dfl)
[    0.090787] ACPI: INT_SRC_OVR (bus 0 bus_irq 5 global_irq 5 high level)
[    0.090790] ACPI: INT_SRC_OVR (bus 0 bus_irq 9 global_irq 9 high level)
[    0.090824] ACPI: INT_SRC_OVR (bus 0 bus_irq 10 global_irq 10 high level)
[    0.090842] ACPI: INT_SRC_OVR (bus 0 bus_irq 11 global_irq 11 high level)
[    0.090846] ACPI: IRQ0 used by override.
[    0.090848] ACPI: IRQ5 used by override.
[    0.090851] ACPI: IRQ9 used by override.
[    0.090853] ACPI: IRQ10 used by override.
[    0.090855] ACPI: IRQ11 used by override.
[    0.090877] Using ACPI (MADT) for SMP configuration information
[    0.090881] ACPI: HPET id: 0x8086a201 base: 0xfed00000
[    0.091117] smpboot: Allowing 4 CPUs, 0 hotplug CPUs
[    0.092132] PM: hibernation: Registered nosave memory: [mem 0x00000000-0x00000fff]
[    0.092136] PM: hibernation: Registered nosave memory: [mem 0x0009f000-0x0009ffff]
[    0.092139] PM: hibernation: Registered nosave memory: [mem 0x000a0000-0x000effff]
[    0.092141] PM: hibernation: Registered nosave memory: [mem 0x000f0000-0x000fffff]
[    0.092146] [mem 0x20000000-0xafffffff] available for PCI devices
[    0.092187] Booting paravirtualized kernel on KVM
[    0.092396] clocksource: refined-jiffies: mask: 0xffffffff max_cycles: 0xffffffff, max_idle_ns: 1910969940391419 ns
[    0.110301] setup_percpu: NR_CPUS:4 nr_cpumask_bits:4 nr_cpu_ids:4 nr_node_ids:1
[    0.112106] percpu: Embedded 58 pages/cpu s198480 r8192 d30896 u524288
[    0.112141] pcpu-alloc: s198480 r8192 d30896 u524288 alloc=1*2097152
[    0.112156] pcpu-alloc: [0] 0 1 2 3 
[    0.112427] kvm-guest: stealtime: cpu 0, msr 1f41bb40
[    0.113090] Built 1 zonelists, mobility grouping on.  Total pages: 128872
[    0.113094] Policy zone: DMA32
[    0.113143] Kernel command line: selinux=0 initcall_debug debug console=ttyS0 rcutorture.torture_type=tasks-tracing rcutorture.onoff_interval=1000 rcutorture.onoff_holdoff=30 rcutorture.n_barrier_cbs=4 rcutorture.stat_interval=15 rcutorture.shutdown_secs=1800 rcutorture.test_no_idle_hz=1 rcutorture.verbose=1
[    0.117549] Dentry cache hash table entries: 65536 (order: 7, 524288 bytes, linear)
[    0.118323] Inode-cache hash table entries: 32768 (order: 6, 262144 bytes, linear)
[    0.118727] mem auto-init: stack:all(zero), heap alloc:off, heap free:off
[    0.121480] Memory: 466312K/523764K available (16398K kernel code, 2805K rwdata, 4840K rodata, 1516K init, 13292K bss, 57192K reserved, 0K cma-reserved)
[    0.122144] SLUB: HWalign=64, Order=0-3, MinObjects=0, CPUs=4, Nodes=1
[    0.122340] Kernel/User page tables isolation: enabled
[    0.127077] Running RCU self tests
[    0.127192] rcu: Hierarchical RCU implementation.
[    0.127195] rcu: 	RCU event tracing is enabled.
[    0.127198] rcu: 	RCU lockdep checking is enabled.
[    0.127221] 	Trampoline variant of Tasks RCU enabled.
[    0.127224] 	Rude variant of Tasks RCU enabled.
[    0.127226] 	Tracing variant of Tasks RCU enabled.
[    0.127248] rcu: RCU calculated value of scheduler-enlistment delay is 100 jiffies.
[    0.131757] NR_IRQS: 4352, nr_irqs: 456, preallocated irqs: 16
[    0.133859] calling  con_init+0x0/0x24f @ 0
[    0.230382] Console: colour VGA+ 80x25
[    0.230477] initcall con_init+0x0/0x24f returned 0 after 0 usecs
[    0.230482] calling  hvc_console_init+0x0/0x13 @ 0
[    0.230502] initcall hvc_console_init+0x0/0x13 returned 0 after 0 usecs
[    0.230506] calling  univ8250_console_init+0x0/0x26 @ 0
[    1.177904] printk: console [ttyS0] enabled
[    1.182967] initcall univ8250_console_init+0x0/0x26 returned 0 after 0 usecs
[    1.190513] Lock dependency validator: Copyright (c) 2006 Red Hat, Inc., Ingo Molnar
[    1.198561] ... MAX_LOCKDEP_SUBCLASSES:  8
[    1.202974] ... MAX_LOCK_DEPTH:          48
[    1.207490] ... MAX_LOCKDEP_KEYS:        8192
[    1.212153] ... CLASSHASH_SIZE:          4096
[    1.216833] ... MAX_LOCKDEP_ENTRIES:     32768
[    1.221593] ... MAX_LOCKDEP_CHAINS:      65536
[    1.226277] ... CHAINHASH_SIZE:          32768
[    1.230921]  memory used by lock dependency info: 6365 kB
[    1.236583]  memory used for stack traces: 4224 kB
[    1.241839]  per task-struct memory footprint: 1920 bytes
[    1.251574] ACPI: Core revision 20200925
[    1.259372] clocksource: hpet: mask: 0xffffffff max_cycles: 0xffffffff, max_idle_ns: 19112604467 ns
[    1.275156] APIC: Switch to symmetric I/O mode setup
[    1.299896] ..TIMER: vector=0x30 apic1=0 pin1=2 apic2=-1 pin2=-1
[    1.306946] clocksource: tsc-early: mask: 0xffffffffffffffff max_cycles: 0x39a85afc727, max_idle_ns: 881590685098 ns
[    1.319113] Calibrating delay loop (skipped) preset value.. 3999.99 BogoMIPS (lpj=1999999)
[    1.320445] pid_max: default: 32768 minimum: 301
[    1.322945] LSM: Security Framework initializing
[    1.324512] Mount-cache hash table entries: 1024 (order: 1, 8192 bytes, linear)
[    1.326400] Mountpoint-cache hash table entries: 1024 (order: 1, 8192 bytes, linear)
[    1.335806] Last level iTLB entries: 4KB 0, 2MB 0, 4MB 0
[    1.336396] Last level dTLB entries: 4KB 0, 2MB 0, 4MB 0, 1GB 0
[    1.337479] Spectre V1 : Mitigation: usercopy/swapgs barriers and __user pointer sanitization
[    1.338398] Spectre V2 : Mitigation: Retpolines
[    1.339395] Spectre V2 : Spectre v2 / SpectreRSB mitigation: Filling RSB on context switch
[    1.341394] Spectre V2 : Spectre v2 / SpectreRSB : Filling RSB on VMEXIT
[    1.342396] Speculative Store Bypass: Vulnerable
[    1.344452] MDS: Vulnerable: Clear CPU buffers attempted, no microcode
[    1.345395] MMIO Stale Data: Unknown: No mitigations
[    1.408013] Freeing SMP alternatives memory: 40K
[    1.512390] smpboot: CPU0: Intel Common KVM processor (family: 0xf, model: 0x6, stepping: 0x1)
[    1.513167] calling  init_hw_perf_events+0x0/0x6ce @ 1
[    1.513397] Performance Events: unsupported Netburst CPU model 6 no PMU driver, software events only.
[    1.514401] initcall init_hw_perf_events+0x0/0x6ce returned 0 after 976 usecs
[    1.515399] calling  init_real_mode+0x0/0x1e9 @ 1
[    1.517641] initcall init_real_mode+0x0/0x1e9 returned 0 after 976 usecs
[    1.518413] calling  trace_init_perf_perm_irq_work_exit+0x0/0x12 @ 1
[    1.519413] initcall trace_init_perf_perm_irq_work_exit+0x0/0x12 returned 0 after 0 usecs
[    1.520400] calling  validate_x2apic+0x0/0x4a @ 1
[    1.521423] initcall validate_x2apic+0x0/0x4a returned 0 after 0 usecs
[    1.522400] calling  register_nmi_cpu_backtrace_handler+0x0/0x15 @ 1
[    1.523416] initcall register_nmi_cpu_backtrace_handler+0x0/0x15 returned 0 after 0 usecs
[    1.524412] calling  kvm_setup_vsyscall_timeinfo+0x0/0xd1 @ 1
[    1.525399] initcall kvm_setup_vsyscall_timeinfo+0x0/0xd1 returned 0 after 0 usecs
[    1.526403] calling  spawn_ksoftirqd+0x0/0x38 @ 1
[    1.527570] initcall spawn_ksoftirqd+0x0/0x38 returned 0 after 0 usecs
[    1.528399] calling  migration_init+0x0/0x33 @ 1
[    1.529399] initcall migration_init+0x0/0x33 returned 0 after 0 usecs
[    1.530400] calling  srcu_bootup_announce+0x0/0x2f @ 1
[    1.531397] rcu: Hierarchical SRCU implementation.
[    1.532422] initcall srcu_bootup_announce+0x0/0x2f returned 0 after 976 usecs
[    1.533423] calling  rcu_spawn_gp_kthread+0x0/0x1b0 @ 1
[    1.534519] initcall rcu_spawn_gp_kthread+0x0/0x1b0 returned 0 after 0 usecs
[    1.535420] calling  check_cpu_stall_init+0x0/0x1a @ 1
[    1.536404] initcall check_cpu_stall_init+0x0/0x1a returned 0 after 0 usecs
[    1.537402] calling  rcu_sysrq_init+0x0/0x21 @ 1
[    1.538404] initcall rcu_sysrq_init+0x0/0x21 returned 0 after 0 usecs
[    1.539403] calling  trace_init_flags_sys_enter+0x0/0xe @ 1
[    1.540404] initcall trace_init_flags_sys_enter+0x0/0xe returned 0 after 0 usecs
[    1.541403] calling  trace_init_flags_sys_exit+0x0/0xe @ 1
[    1.542404] initcall trace_init_flags_sys_exit+0x0/0xe returned 0 after 0 usecs
[    1.543414] calling  cpu_stop_init+0x0/0x8d @ 1
[    1.544543] initcall cpu_stop_init+0x0/0x8d returned 0 after 0 usecs
[    1.546399] calling  init_kprobes+0x0/0x16e @ 1
[    1.548413] initcall init_kprobes+0x0/0x16e returned 0 after 976 usecs
[    1.549399] calling  init_events+0x0/0x3d @ 1
[    1.550797] initcall init_events+0x0/0x3d returned 0 after 0 usecs
[    1.551399] calling  init_trace_printk+0x0/0xc @ 1
[    1.552400] initcall init_trace_printk+0x0/0xc returned 0 after 0 usecs
[    1.553399] calling  event_trace_enable_again+0x0/0x23 @ 1
[    1.554400] initcall event_trace_enable_again+0x0/0x23 returned 0 after 0 usecs
[    1.555400] calling  static_call_init+0x0/0x79 @ 1
[    1.556403] initcall static_call_init+0x0/0x79 returned 0 after 0 usecs
[    1.557403] calling  jump_label_init_module+0x0/0xc @ 1
[    1.558405] initcall jump_label_init_module+0x0/0xc returned 0 after 0 usecs
[    1.559400] calling  init_zero_pfn+0x0/0x37 @ 1
[    1.560401] initcall init_zero_pfn+0x0/0x37 returned 0 after 0 usecs
[    1.561400] calling  initialize_ptr_random+0x0/0x54 @ 1
[    1.562556] initcall initialize_ptr_random+0x0/0x54 returned 0 after 0 usecs
[    1.563430] calling  efi_memreserve_root_init+0x0/0x25 @ 1
[    1.564428] initcall efi_memreserve_root_init+0x0/0x25 returned 0 after 0 usecs
[    1.565400] calling  efi_earlycon_remap_fb+0x0/0x51 @ 1
[    1.566400] initcall efi_earlycon_remap_fb+0x0/0x51 returned 0 after 0 usecs
[    1.567650] smp: Bringing up secondary CPUs ...
[    1.569267] x86: Booting SMP configuration:
[    1.569397] .... node  #0, CPUs:      #1
[    1.182698] kvm-clock: cpu 1, msr fb23041, secondary cpu clock
[    1.595392] kvm-guest: stealtime: cpu 1, msr 1f49bb40
[    1.609799]  #2
[    1.182698] kvm-clock: cpu 2, msr fb23081, secondary cpu clock
[    1.634576] kvm-guest: stealtime: cpu 2, msr 1f51bb40
[    1.648976]  #3
[    1.182698] kvm-clock: cpu 3, msr fb230c1, secondary cpu clock
[    1.672611] kvm-guest: stealtime: cpu 3, msr 1f59bb40
[    1.690053] smp: Brought up 1 node, 4 CPUs
[    1.690398] smpboot: Max logical packages: 1
[    1.691398] smpboot: Total of 4 processors activated (15999.99 BogoMIPS)
[    1.712398] devtmpfs: initialized
[    1.715745] calling  ipc_ns_init+0x0/0x3d @ 1
[    1.716495] initcall ipc_ns_init+0x0/0x3d returned 0 after 0 usecs
[    1.717422] calling  init_mmap_min_addr+0x0/0x21 @ 1
[    1.718400] initcall init_mmap_min_addr+0x0/0x21 returned 0 after 0 usecs
[    1.719400] calling  pci_realloc_setup_params+0x0/0x3f @ 1
[    1.720401] initcall pci_realloc_setup_params+0x0/0x3f returned 0 after 0 usecs
[    1.721405] calling  net_ns_init+0x0/0x12a @ 1
[    1.724669] initcall net_ns_init+0x0/0x12a returned 0 after 1953 usecs
[    1.725418] calling  e820__register_nvs_regions+0x0/0x37 @ 1
[    1.726402] initcall e820__register_nvs_regions+0x0/0x37 returned 0 after 0 usecs
[    1.727401] calling  cpufreq_register_tsc_scaling+0x0/0x2e @ 1
[    1.728407] initcall cpufreq_register_tsc_scaling+0x0/0x2e returned 0 after 0 usecs
[    1.729404] calling  reboot_init+0x0/0x3c @ 1
[    1.730495] initcall reboot_init+0x0/0x3c returned 0 after 0 usecs
[    1.731406] calling  init_lapic_sysfs+0x0/0x20 @ 1
[    1.732432] initcall init_lapic_sysfs+0x0/0x20 returned 0 after 0 usecs
[    1.733402] calling  alloc_frozen_cpus+0x0/0x7 @ 1
[    1.734399] initcall alloc_frozen_cpus+0x0/0x7 returned 0 after 0 usecs
[    1.735398] calling  cpu_hotplug_pm_sync_init+0x0/0x13 @ 1
[    1.736425] initcall cpu_hotplug_pm_sync_init+0x0/0x13 returned 0 after 0 usecs
[    1.737398] calling  wq_sysfs_init+0x0/0x2a @ 1
[    1.738532] initcall wq_sysfs_init+0x0/0x2a returned 0 after 0 usecs
[    1.739399] calling  ksysfs_init+0x0/0x92 @ 1
[    1.740448] initcall ksysfs_init+0x0/0x92 returned 0 after 0 usecs
[    1.741399] calling  schedutil_gov_init+0x0/0xc @ 1
[    1.742525] initcall schedutil_gov_init+0x0/0xc returned 0 after 0 usecs
[    1.743399] calling  pm_init+0x0/0x76 @ 1
[    1.744496] initcall pm_init+0x0/0x76 returned 0 after 0 usecs
[    1.745399] calling  pm_disk_init+0x0/0x13 @ 1
[    1.746428] initcall pm_disk_init+0x0/0x13 returned 0 after 0 usecs
[    1.747398] calling  swsusp_header_init+0x0/0x2b @ 1
[    1.748403] initcall swsusp_header_init+0x0/0x2b returned 0 after 0 usecs
[    1.749398] calling  rcu_set_runtime_mode+0x0/0x2a @ 1
[    1.753447] initcall rcu_set_runtime_mode+0x0/0x2a returned 0 after 2929 usecs
[    1.754400] calling  init_jiffies_clocksource+0x0/0x13 @ 1
[    1.755399] clocksource: jiffies: mask: 0xffffffff max_cycles: 0xffffffff, max_idle_ns: 1911260446275000 ns
[    1.756404] initcall init_jiffies_clocksource+0x0/0x13 returned 0 after 976 usecs
[    1.757401] calling  futex_init+0x0/0x11b @ 1
[    1.758408] futex hash table entries: 1024 (order: 5, 131072 bytes, linear)
[    1.760737] initcall futex_init+0x0/0x11b returned 0 after 1953 usecs
[    1.761403] calling  cgroup_wq_init+0x0/0x28 @ 1
[    1.762419] initcall cgroup_wq_init+0x0/0x28 returned 0 after 0 usecs
[    1.763400] calling  cgroup1_wq_init+0x0/0x28 @ 1
[    1.764464] initcall cgroup1_wq_init+0x0/0x28 returned 0 after 0 usecs
[    1.765401] calling  init_kprobe_trace_early+0x0/0x2a @ 1
[    1.766555] initcall init_kprobe_trace_early+0x0/0x2a returned 0 after 0 usecs
[    1.767399] calling  fsnotify_init+0x0/0x56 @ 1
[    1.768433] initcall fsnotify_init+0x0/0x56 returned 0 after 0 usecs
[    1.769399] calling  filelock_init+0x0/0xb3 @ 1
[    1.770448] initcall filelock_init+0x0/0xb3 returned 0 after 0 usecs
[    1.771400] calling  init_misc_binfmt+0x0/0x2c @ 1
[    1.772468] initcall init_misc_binfmt+0x0/0x2c returned 0 after 0 usecs
[    1.773398] calling  init_script_binfmt+0x0/0x15 @ 1
[    1.774399] initcall init_script_binfmt+0x0/0x15 returned 0 after 0 usecs
[    1.775397] calling  init_elf_binfmt+0x0/0x15 @ 1
[    1.776399] initcall init_elf_binfmt+0x0/0x15 returned 0 after 0 usecs
[    1.777398] calling  init_compat_elf_binfmt+0x0/0x15 @ 1
[    1.778400] initcall init_compat_elf_binfmt+0x0/0x15 returned 0 after 0 usecs
[    1.779399] calling  debugfs_init+0x0/0x5c @ 1
[    1.780430] initcall debugfs_init+0x0/0x5c returned 0 after 0 usecs
[    1.781399] calling  tracefs_init+0x0/0x3a @ 1
[    1.782407] initcall tracefs_init+0x0/0x3a returned 0 after 0 usecs
[    1.783400] calling  prandom_init_early+0x0/0x15d @ 1
[    1.784400] initcall prandom_init_early+0x0/0x15d returned 0 after 0 usecs
[    1.785447] calling  virtio_init+0x0/0x20 @ 1
[    1.787466] initcall virtio_init+0x0/0x20 returned 0 after 0 usecs
[    1.788399] calling  iommu_init+0x0/0x2a @ 1
[    1.790406] initcall iommu_init+0x0/0x2a returned 0 after 976 usecs
[    1.791402] calling  component_debug_init+0x0/0x1c @ 1
[    1.792768] initcall component_debug_init+0x0/0x1c returned 0 after 0 usecs
[    1.793400] calling  early_resume_init+0x0/0xb9 @ 1
[    1.795131] PM: RTC time: 09:27:29, date: 2022-12-13
[    1.795401] initcall early_resume_init+0x0/0xb9 returned 0 after 976 usecs
[    1.796400] calling  cpufreq_core_init+0x0/0x62 @ 1
[    1.797410] initcall cpufreq_core_init+0x0/0x62 returned 0 after 0 usecs
[    1.798400] calling  cpufreq_gov_performance_init+0x0/0xc @ 1
[    1.799403] initcall cpufreq_gov_performance_init+0x0/0xc returned 0 after 0 usecs
[    1.800400] calling  cpufreq_gov_userspace_init+0x0/0xc @ 1
[    1.801402] initcall cpufreq_gov_userspace_init+0x0/0xc returned 0 after 0 usecs
[    1.802400] calling  CPU_FREQ_GOV_ONDEMAND_init+0x0/0xc @ 1
[    1.804398] initcall CPU_FREQ_GOV_ONDEMAND_init+0x0/0xc returned 0 after 976 usecs
[    1.805401] calling  cpuidle_init+0x0/0x1f @ 1
[    1.806484] initcall cpuidle_init+0x0/0x1f returned 0 after 0 usecs
[    1.807401] calling  capsule_reboot_register+0x0/0xc @ 1
[    1.809398] initcall capsule_reboot_register+0x0/0xc returned 0 after 976 usecs
[    1.810400] calling  sock_init+0x0/0x93 @ 1
[    1.817500] initcall sock_init+0x0/0x93 returned 0 after 5859 usecs
[    1.818400] calling  net_inuse_init+0x0/0x23 @ 1
[    1.820627] initcall net_inuse_init+0x0/0x23 returned 0 after 0 usecs
[    1.821401] calling  net_defaults_init+0x0/0x23 @ 1
[    1.822401] initcall net_defaults_init+0x0/0x23 returned 0 after 0 usecs
[    1.823401] calling  init_default_flow_dissectors+0x0/0x4f @ 1
[    1.824472] initcall init_default_flow_dissectors+0x0/0x4f returned 0 after 0 usecs
[    1.825402] calling  netpoll_init+0x0/0x44 @ 1
[    1.826680] initcall netpoll_init+0x0/0x44 returned 0 after 0 usecs
[    1.827456] calling  netlink_proto_init+0x0/0x154 @ 1
[    1.831106] NET: Registered protocol family 16
[    1.831763] initcall netlink_proto_init+0x0/0x154 returned 0 after 2929 usecs
[    1.832399] calling  genl_init+0x0/0x35 @ 1
[    1.833587] initcall genl_init+0x0/0x35 returned 0 after 0 usecs
[    1.834423] calling  bsp_pm_check_init+0x0/0x13 @ 1
[    1.835400] initcall bsp_pm_check_init+0x0/0x13 returned 0 after 0 usecs
[    1.836417] calling  irq_sysfs_init+0x0/0xb9 @ 1
[    1.838649] initcall irq_sysfs_init+0x0/0xb9 returned 0 after 976 usecs
[    1.839400] calling  audit_init+0x0/0x127 @ 1
[    1.840403] audit: initializing netlink subsys (disabled)
[    1.841635] audit: type=2000 audit(1670923648.427:1): state=initialized audit_enabled=0 res=1
[    1.842497] initcall audit_init+0x0/0x127 returned 0 after 1953 usecs
[    1.842502] calling  release_early_probes+0x0/0x32 @ 1
[    1.845404] initcall release_early_probes+0x0/0x32 returned 0 after 0 usecs
[    1.846401] calling  bdi_class_init+0x0/0x48 @ 1
[    1.847560] initcall bdi_class_init+0x0/0x48 returned 0 after 0 usecs
[    1.848401] calling  mm_sysfs_init+0x0/0x28 @ 1
[    1.849409] initcall mm_sysfs_init+0x0/0x28 returned 0 after 0 usecs
[    1.850399] calling  init_per_zone_wmark_min+0x0/0x6d @ 1
[    1.851429] initcall init_per_zone_wmark_min+0x0/0x6d returned 0 after 0 usecs
[    1.852402] calling  mpi_init+0x0/0x3e @ 1
[    1.853458] initcall mpi_init+0x0/0x3e returned 0 after 0 usecs
[    1.854418] calling  kobject_uevent_init+0x0/0xc @ 1
[    1.855483] initcall kobject_uevent_init+0x0/0xc returned 0 after 0 usecs
[    1.856403] calling  pcibus_class_init+0x0/0x13 @ 1
[    1.857463] initcall pcibus_class_init+0x0/0x13 returned 0 after 0 usecs
[    1.858401] calling  pci_driver_init+0x0/0x21 @ 1
[    1.859473] initcall pci_driver_init+0x0/0x21 returned 0 after 0 usecs
[    1.860401] calling  backlight_class_init+0x0/0xa8 @ 1
[    1.861435] initcall backlight_class_init+0x0/0xa8 returned 0 after 0 usecs
[    1.862401] calling  tty_class_init+0x0/0x33 @ 1
[    1.863419] initcall tty_class_init+0x0/0x33 returned 0 after 0 usecs
[    1.864400] calling  vtconsole_class_init+0x0/0xb5 @ 1
[    1.865606] initcall vtconsole_class_init+0x0/0xb5 returned 0 after 0 usecs
[    1.866400] calling  iommu_dev_init+0x0/0x13 @ 1
[    1.867433] initcall iommu_dev_init+0x0/0x13 returned 0 after 0 usecs
[    1.868400] calling  mipi_dsi_bus_init+0x0/0xc @ 1
[    1.869462] initcall mipi_dsi_bus_init+0x0/0xc returned 0 after 0 usecs
[    1.870433] calling  devlink_class_init+0x0/0x40 @ 1
[    1.872559] initcall devlink_class_init+0x0/0x40 returned 0 after 0 usecs
[    1.873401] calling  software_node_init+0x0/0x2a @ 1
[    1.874410] initcall software_node_init+0x0/0x2a returned 0 after 0 usecs
[    1.875400] calling  wakeup_sources_debugfs_init+0x0/0x23 @ 1
[    1.876435] initcall wakeup_sources_debugfs_init+0x0/0x23 returned 0 after 0 usecs
[    1.877401] calling  wakeup_sources_sysfs_init+0x0/0x2c @ 1
[    1.879414] initcall wakeup_sources_sysfs_init+0x0/0x2c returned 0 after 976 usecs
[    1.880422] calling  register_node_type+0x0/0x13 @ 1
[    1.881521] initcall register_node_type+0x0/0x13 returned 0 after 0 usecs
[    1.882400] calling  regmap_initcall+0x0/0xc @ 1
[    1.883565] initcall regmap_initcall+0x0/0xc returned 0 after 0 usecs
[    1.884401] calling  i2c_init+0x0/0xb3 @ 1
[    1.886446] initcall i2c_init+0x0/0xb3 returned 0 after 976 usecs
[    1.887401] calling  thermal_init+0x0/0x116 @ 1
[    1.888569] thermal_sys: Registered thermal governor 'step_wise'
[    1.888573] thermal_sys: Registered thermal governor 'user_space'
[    1.889425] initcall thermal_init+0x0/0x116 returned 0 after 976 usecs
[    1.891402] calling  init_menu+0x0/0xc @ 1
[    1.893423] cpuidle: using governor menu
[    1.894402] initcall init_menu+0x0/0xc returned 0 after 1953 usecs
[    1.895400] calling  pcc_init+0x0/0x4d @ 1
[    1.896402] initcall pcc_init+0x0/0x4d returned -19 after 0 usecs
[    1.897398] calling  amd_postcore_init+0x0/0x11e @ 1
[    1.898398] initcall amd_postcore_init+0x0/0x11e returned 0 after 0 usecs
[    1.899429] calling  bts_init+0x0/0xba @ 1
[    1.900404] initcall bts_init+0x0/0xba returned -19 after 0 usecs
[    1.901403] calling  pt_init+0x0/0x34d @ 1
[    1.902404] initcall pt_init+0x0/0x34d returned -19 after 0 usecs
[    1.903401] calling  boot_params_ksysfs_init+0x0/0x2ee @ 1
[    1.904465] initcall boot_params_ksysfs_init+0x0/0x2ee returned 0 after 0 usecs
[    1.905399] calling  sbf_init+0x0/0xea @ 1
[    1.906399] initcall sbf_init+0x0/0xea returned 0 after 0 usecs
[    1.907399] calling  arch_kdebugfs_init+0x0/0x219 @ 1
[    1.908635] initcall arch_kdebugfs_init+0x0/0x219 returned 0 after 0 usecs
[    1.909401] calling  intel_pconfig_init+0x0/0x85 @ 1
[    1.910399] initcall intel_pconfig_init+0x0/0x85 returned 0 after 0 usecs
[    1.911399] calling  mtrr_if_init+0x0/0x5d @ 1
[    1.912406] initcall mtrr_if_init+0x0/0x5d returned 0 after 0 usecs
[    1.913398] calling  activate_jump_labels+0x0/0x31 @ 1
[    1.914399] initcall activate_jump_labels+0x0/0x31 returned 0 after 0 usecs
[    1.915400] calling  ffh_cstate_init+0x0/0x29 @ 1
[    1.916404] initcall ffh_cstate_init+0x0/0x29 returned 0 after 0 usecs
[    1.917399] calling  activate_jump_labels+0x0/0x31 @ 1
[    1.919892] initcall activate_jump_labels+0x0/0x31 returned 0 after 976 usecs
[    1.920400] calling  kvm_alloc_cpumask+0x0/0x74 @ 1
[    1.921453] initcall kvm_alloc_cpumask+0x0/0x74 returned 0 after 0 usecs
[    1.922400] calling  kcmp_cookies_init+0x0/0x37 @ 1
[    1.923467] initcall kcmp_cookies_init+0x0/0x37 returned 0 after 0 usecs
[    1.924399] calling  cryptomgr_init+0x0/0xc @ 1
[    1.925474] initcall cryptomgr_init+0x0/0xc returned 0 after 0 usecs
[    1.926397] calling  acpi_pci_init+0x0/0x57 @ 1
[    1.927421] ACPI: bus type PCI registered
[    1.928412] initcall acpi_pci_init+0x0/0x57 returned 0 after 976 usecs
[    1.929415] calling  dma_channel_table_init+0x0/0xd1 @ 1
[    1.930415] initcall dma_channel_table_init+0x0/0xd1 returned 0 after 0 usecs
[    1.931398] calling  dma_bus_init+0x0/0xdc @ 1
[    1.933701] initcall dma_bus_init+0x0/0xdc returned 0 after 976 usecs
[    1.934522] calling  iommu_dma_init+0x0/0x10 @ 1
[    1.935528] initcall iommu_dma_init+0x0/0x10 returned 0 after 0 usecs
[    1.936399] calling  dmi_id_init+0x0/0x37c @ 1
[    1.937694] initcall dmi_id_init+0x0/0x37c returned 0 after 0 usecs
[    1.938401] calling  pci_arch_init+0x0/0x71 @ 1
[    1.940198] PCI: MMCONFIG for domain 0000 [bus 00-ff] at [mem 0xb0000000-0xbfffffff] (base 0xb0000000)
[    1.940403] PCI: MMCONFIG at [mem 0xb0000000-0xbfffffff] reserved in E820
[    1.941475] PCI: Using configuration type 1 for base access
[    1.942444] initcall pci_arch_init+0x0/0x71 returned 0 after 2929 usecs
[    1.943417] calling  init_vdso+0x0/0x13 @ 1
[    1.944447] initcall init_vdso+0x0/0x13 returned 0 after 0 usecs
[    1.945400] calling  sysenter_setup+0x0/0x13 @ 1
[    1.946434] initcall sysenter_setup+0x0/0x13 returned 0 after 0 usecs
[    1.947399] calling  fixup_ht_bug+0x0/0xe5 @ 1
[    1.948400] initcall fixup_ht_bug+0x0/0xe5 returned 0 after 0 usecs
[    1.949401] calling  topology_init+0x0/0x88 @ 1
[    1.950932] initcall topology_init+0x0/0x88 returned 0 after 0 usecs
[    1.951399] calling  intel_epb_init+0x0/0x68 @ 1
[    1.952400] initcall intel_epb_init+0x0/0x68 returned -19 after 0 usecs
[    1.953399] calling  mtrr_init_finialize+0x0/0x3e @ 1
[    1.954432] initcall mtrr_init_finialize+0x0/0x3e returned 0 after 0 usecs
[    1.956401] calling  uid_cache_init+0x0/0x85 @ 1
[    1.957426] initcall uid_cache_init+0x0/0x85 returned 0 after 0 usecs
[    1.958401] calling  param_sysfs_init+0x0/0x1ba @ 1
[    1.974093] initcall param_sysfs_init+0x0/0x1ba returned 0 after 13671 usecs
[    1.974404] calling  user_namespace_sysctl_init+0x0/0x33 @ 1
[    1.975423] initcall user_namespace_sysctl_init+0x0/0x33 returned 0 after 0 usecs
[    1.976401] calling  proc_schedstat_init+0x0/0x24 @ 1
[    1.977411] initcall proc_schedstat_init+0x0/0x24 returned 0 after 0 usecs
[    1.978404] calling  pm_sysrq_init+0x0/0x18 @ 1
[    1.980516] initcall pm_sysrq_init+0x0/0x18 returned 0 after 976 usecs
[    1.981871] calling  create_proc_profile+0x0/0xd0 @ 1
[    1.982408] initcall create_proc_profile+0x0/0xd0 returned 0 after 0 usecs
[    1.983399] calling  time_ns_init+0x0/0x7 @ 1
[    1.984399] initcall time_ns_init+0x0/0x7 returned 0 after 0 usecs
[    1.985399] calling  crash_save_vmcoreinfo_init+0x0/0x722 @ 1
[    1.986544] initcall crash_save_vmcoreinfo_init+0x0/0x722 returned 0 after 0 usecs
[    1.987400] calling  crash_notes_memory_init+0x0/0x35 @ 1
[    1.988404] initcall crash_notes_memory_init+0x0/0x35 returned 0 after 0 usecs
[    1.989399] calling  cgroup_sysfs_init+0x0/0x13 @ 1
[    1.990427] initcall cgroup_sysfs_init+0x0/0x13 returned 0 after 0 usecs
[    1.991399] calling  cgroup_namespaces_init+0x0/0x7 @ 1
[    1.992399] initcall cgroup_namespaces_init+0x0/0x7 returned 0 after 0 usecs
[    1.993465] calling  init_optprobes+0x0/0x13 @ 1
[    1.996520] Kprobes globally optimized
[    1.997400] initcall init_optprobes+0x0/0x13 returned 0 after 976 usecs
[    1.998399] calling  oom_init+0x0/0x2f @ 1
[    2.000696] initcall oom_init+0x0/0x2f returned 0 after 976 usecs
[    2.002463] calling  default_bdi_init+0x0/0xb3 @ 1
[    2.005672] initcall default_bdi_init+0x0/0xb3 returned 0 after 1953 usecs
[    2.006404] calling  percpu_enable_async+0x0/0xe @ 1
[    2.007402] initcall percpu_enable_async+0x0/0xe returned 0 after 0 usecs
[    2.008404] calling  kcompactd_init+0x0/0x8d @ 1
[    2.009594] initcall kcompactd_init+0x0/0x8d returned 0 after 0 usecs
[    2.010440] calling  init_user_reserve+0x0/0x40 @ 1
[    2.011401] initcall init_user_reserve+0x0/0x40 returned 0 after 0 usecs
[    2.012399] calling  init_admin_reserve+0x0/0x40 @ 1
[    2.013403] initcall init_admin_reserve+0x0/0x40 returned 0 after 0 usecs
[    2.014404] calling  init_reserve_notifier+0x0/0x7 @ 1
[    2.015405] initcall init_reserve_notifier+0x0/0x7 returned 0 after 0 usecs
[    2.016405] calling  swap_init_sysfs+0x0/0x62 @ 1
[    2.017416] initcall swap_init_sysfs+0x0/0x62 returned 0 after 0 usecs
[    2.018483] calling  swapfile_init+0x0/0x94 @ 1
[    2.019416] initcall swapfile_init+0x0/0x94 returned 0 after 0 usecs
[    2.020400] calling  hugetlb_init+0x0/0x4a1 @ 1
[    2.021401] HugeTLB registered 2.00 MiB page size, pre-allocated 0 pages
[    2.022725] initcall hugetlb_init+0x0/0x4a1 returned 0 after 976 usecs
[    2.023400] calling  io_wq_init+0x0/0x34 @ 1
[    2.024400] initcall io_wq_init+0x0/0x34 returned 0 after 0 usecs
[    2.025400] calling  seqiv_module_init+0x0/0xc @ 1
[    2.026969] initcall seqiv_module_init+0x0/0xc returned 0 after 0 usecs
[    2.027400] calling  echainiv_module_init+0x0/0xc @ 1
[    2.028402] initcall echainiv_module_init+0x0/0xc returned 0 after 0 usecs
[    2.029931] calling  rsa_init+0x0/0x50 @ 1
[    2.038707] initcall rsa_init+0x0/0x50 returned 0 after 6835 usecs
[    2.037898] cryptomgr_test (39) used greatest stack depth: 14848 bytes left
[    2.039401] calling  crypto_cmac_module_init+0x0/0xc @ 1
[    2.039407] initcall crypto_cmac_module_init+0x0/0xc returned 0 after 0 usecs
[    2.039410] calling  hmac_module_init+0x0/0xc @ 1
[    2.039413] initcall hmac_module_init+0x0/0xc returned 0 after 0 usecs
[    2.039415] calling  crypto_null_mod_init+0x0/0x65 @ 1
[    2.097096] initcall crypto_null_mod_init+0x0/0x65 returned 0 after 55664 usecs
[    2.098403] calling  md5_mod_init+0x0/0xc @ 1
[    2.102759] initcall md5_mod_init+0x0/0xc returned 0 after 2929 usecs
[    2.104115] calling  sha256_generic_mod_init+0x0/0x11 @ 1
[    2.113411] initcall sha256_generic_mod_init+0x0/0x11 returned 0 after 8789 usecs
[    2.114407] calling  crypto_cbc_module_init+0x0/0xc @ 1
[    2.115433] initcall crypto_cbc_module_init+0x0/0xc returned 0 after 0 usecs
[    2.117404] calling  crypto_ctr_module_init+0x0/0x11 @ 1
[    2.118530] initcall crypto_ctr_module_init+0x0/0x11 returned 0 after 0 usecs
[    2.120401] calling  crypto_gcm_module_init+0x0/0x64 @ 1
[    2.121492] initcall crypto_gcm_module_init+0x0/0x64 returned 0 after 0 usecs
[    2.122403] calling  crypto_ccm_module_init+0x0/0x11 @ 1
[    2.123404] initcall crypto_ccm_module_init+0x0/0x11 returned 0 after 0 usecs
[    2.124401] calling  aes_init+0x0/0xc @ 1
[    2.127409] initcall aes_init+0x0/0xc returned 0 after 1953 usecs
[    2.128411] calling  crc32c_mod_init+0x0/0xc @ 1
[    2.131405] initcall crc32c_mod_init+0x0/0xc returned 0 after 1953 usecs
[    2.133455] calling  crypto_authenc_module_init+0x0/0xc @ 1
[    2.134403] initcall crypto_authenc_module_init+0x0/0xc returned 0 after 0 usecs
[    2.135400] calling  crypto_authenc_esn_module_init+0x0/0xc @ 1
[    2.136402] initcall crypto_authenc_esn_module_init+0x0/0xc returned 0 after 0 usecs
[    2.137423] calling  drbg_init+0x0/0x7c @ 1
[    2.161390] initcall drbg_init+0x0/0x7c returned 0 after 21484 usecs
[    2.162627] calling  ghash_mod_init+0x0/0xc @ 1
[    2.165543] initcall ghash_mod_init+0x0/0xc returned 0 after 976 usecs
[    2.166406] calling  init_bio+0x0/0x9a @ 1
[    2.169926] initcall init_bio+0x0/0x9a returned 0 after 1953 usecs
[    2.170404] calling  blk_settings_init+0x0/0x29 @ 1
[    2.171459] initcall blk_settings_init+0x0/0x29 returned 0 after 0 usecs
[    2.172401] calling  blk_ioc_init+0x0/0x29 @ 1
[    2.173406] initcall blk_ioc_init+0x0/0x29 returned 0 after 0 usecs
[    2.174406] calling  blk_mq_init+0x0/0xb9 @ 1
[    2.175454] initcall blk_mq_init+0x0/0xb9 returned 0 after 0 usecs
[    2.177410] calling  genhd_device_init+0x0/0x75 @ 1
[    2.181934] initcall genhd_device_init+0x0/0x75 returned 0 after 2929 usecs
[    2.182637] calling  pci_slot_init+0x0/0x40 @ 1
[    2.183603] initcall pci_slot_init+0x0/0x40 returned 0 after 0 usecs
[    2.184400] calling  fbmem_init+0x0/0xd8 @ 1
[    2.186725] initcall fbmem_init+0x0/0xd8 returned 0 after 976 usecs
[    2.187400] calling  acpi_init+0x0/0x319 @ 1
[    2.189649] ACPI: Added _OSI(Module Device)
[    2.190399] ACPI: Added _OSI(Processor Device)
[    2.191397] ACPI: Added _OSI(3.0 _SCP Extensions)
[    2.192397] ACPI: Added _OSI(Processor Aggregator Device)
[    2.193400] ACPI: Added _OSI(Linux-Dell-Video)
[    2.194400] ACPI: Added _OSI(Linux-Lenovo-NV-HDMI-Audio)
[    2.196398] ACPI: Added _OSI(Linux-HPI-Hybrid-Graphics)
[    2.202532] ACPI: 1 ACPI AML tables successfully acquired and loaded
[    2.211615] ACPI: Interpreter enabled
[    2.212652] ACPI: (supports S0 S3 S4 S5)
[    2.213468] ACPI: Using IOAPIC for interrupt routing
[    2.214686] PCI: Using host bridge windows from ACPI; if necessary, use "pci=nocrs" and report a bug
[    2.218390] ACPI: Enabled 2 GPEs in block 00 to 3F
[    2.242040] ACPI: PCI Root Bridge [PCI0] (domain 0000 [bus 00-ff])
[    2.243560] acpi PNP0A08:00: _OSC: OS supports [ExtendedConfig ASPM ClockPM Segments MSI HPX-Type3]
[    2.246003] acpi PNP0A08:00: _OSC: platform does not support [LTR]
[    2.247636] acpi PNP0A08:00: _OSC: OS now controls [PME PCIeCapability]
[    2.252143] PCI host bridge to bus 0000:00
[    2.252505] pci_bus 0000:00: root bus resource [io  0x0000-0x0cf7 window]
[    2.253401] pci_bus 0000:00: root bus resource [io  0x0d00-0xffff window]
[    2.254400] pci_bus 0000:00: root bus resource [mem 0x000a0000-0x000bffff window]
[    2.255400] pci_bus 0000:00: root bus resource [mem 0x20000000-0xafffffff window]
[    2.256401] pci_bus 0000:00: root bus resource [mem 0xc0000000-0xfebfffff window]
[    2.257401] pci_bus 0000:00: root bus resource [mem 0x100000000-0x8ffffffff window]
[    2.259401] pci_bus 0000:00: root bus resource [bus 00-ff]
[    2.262261] pci 0000:00:00.0: calling  quirk_mmio_always_on+0x0/0x10 @ 1
[    2.263555] pci 0000:00:00.0: quirk_mmio_always_on+0x0/0x10 took 0 usecs
[    2.264401] pci 0000:00:00.0: [8086:29c0] type 00 class 0x060000
[    2.270390] pci 0000:00:00.0: calling  quirk_igfx_skip_te_disable+0x0/0x80 @ 1
[    2.272400] pci 0000:00:00.0: quirk_igfx_skip_te_disable+0x0/0x80 took 976 usecs
[    2.282784] pci 0000:00:01.0: [1234:1111] type 00 class 0x030000
[    2.296390] pci 0000:00:01.0: reg 0x10: [mem 0xfd000000-0xfdffffff pref]
[    2.308846] pci 0000:00:01.0: reg 0x18: [mem 0xfebf0000-0xfebf0fff]
[    2.329173] pci 0000:00:01.0: reg 0x30: [mem 0xfebe0000-0xfebeffff pref]
[    2.333390] pci 0000:00:01.0: calling  efifb_fixup_resources+0x0/0xf0 @ 1
[    2.334756] pci 0000:00:01.0: efifb_fixup_resources+0x0/0xf0 took 0 usecs
[    2.361208] pci 0000:00:1f.0: [8086:2918] type 00 class 0x060100
[    2.367605] pci 0000:00:1f.0: calling  quirk_ich7_lpc+0x0/0x60 @ 1
[    2.369157] pci 0000:00:1f.0: quirk: [io  0x0600-0x067f] claimed by ICH6 ACPI/GPIO/TCO
[    2.370610] pci 0000:00:1f.0: quirk_ich7_lpc+0x0/0x60 took 1953 usecs
[    2.371562] pci 0000:00:1f.0: calling  quirk_igfx_skip_te_disable+0x0/0x80 @ 1
[    2.372544] pci 0000:00:1f.0: quirk_igfx_skip_te_disable+0x0/0x80 took 0 usecs
[    2.376826] pci 0000:00:1f.2: [8086:2922] type 00 class 0x010601
[    2.387110] pci 0000:00:1f.2: reg 0x20: [io  0xc040-0xc05f]
[    2.388835] pci 0000:00:1f.2: reg 0x24: [mem 0xfebf1000-0xfebf1fff]
[    2.391466] pci 0000:00:1f.2: calling  quirk_igfx_skip_te_disable+0x0/0x80 @ 1
[    2.392404] pci 0000:00:1f.2: quirk_igfx_skip_te_disable+0x0/0x80 took 0 usecs
[    2.398849] pci 0000:00:1f.3: [8086:2930] type 00 class 0x0c0500
[    2.406793] pci 0000:00:1f.3: reg 0x20: [io  0x0700-0x073f]
[    2.410090] pci 0000:00:1f.3: calling  quirk_igfx_skip_te_disable+0x0/0x80 @ 1
[    2.410407] pci 0000:00:1f.3: quirk_igfx_skip_te_disable+0x0/0x80 took 0 usecs
[    2.429170] ACPI: PCI Interrupt Link [LNKA] (IRQs 5 *10 11)
[    2.431906] ACPI: PCI Interrupt Link [LNKB] (IRQs 5 *10 11)
[    2.432879] ACPI: PCI Interrupt Link [LNKC] (IRQs 5 10 *11)
[    2.434434] ACPI: PCI Interrupt Link [LNKD] (IRQs 5 10 *11)
[    2.436458] ACPI: PCI Interrupt Link [LNKE] (IRQs 5 *10 11)
[    2.438579] ACPI: PCI Interrupt Link [LNKF] (IRQs 5 *10 11)
[    2.440705] ACPI: PCI Interrupt Link [LNKG] (IRQs 5 10 *11)
[    2.442697] ACPI: PCI Interrupt Link [LNKH] (IRQs 5 10 *11)
[    2.443634] ACPI: PCI Interrupt Link [GSIA] (IRQs *16)
[    2.444439] ACPI: PCI Interrupt Link [GSIB] (IRQs *17)
[    2.445452] ACPI: PCI Interrupt Link [GSIC] (IRQs *18)
[    2.446440] ACPI: PCI Interrupt Link [GSID] (IRQs *19)
[    2.447441] ACPI: PCI Interrupt Link [GSIE] (IRQs *20)
[    2.448438] ACPI: PCI Interrupt Link [GSIF] (IRQs *21)
[    2.449568] ACPI: PCI Interrupt Link [GSIG] (IRQs *22)
[    2.450602] ACPI: PCI Interrupt Link [GSIH] (IRQs *23)
[    2.470999] initcall acpi_init+0x0/0x319 returned 0 after 275390 usecs
[    2.471496] calling  pnp_init+0x0/0xc @ 1
[    2.473434] initcall pnp_init+0x0/0xc returned 0 after 976 usecs
[    2.474403] calling  misc_init+0x0/0xbf @ 1
[    2.478823] initcall misc_init+0x0/0xbf returned 0 after 2929 usecs
[    2.479402] calling  iommu_subsys_init+0x0/0x4e @ 1
[    2.480942] iommu: Default domain type: Translated 
[    2.481432] initcall iommu_subsys_init+0x0/0x4e returned 0 after 976 usecs
[    2.483802] calling  vga_arb_device_init+0x0/0x261 @ 1
[    2.496907] pci 0000:00:01.0: vgaarb: setting as boot VGA device
[    2.497390] pci 0000:00:01.0: vgaarb: VGA device added: decodes=io+mem,owns=io+mem,locks=none
[    2.497407] pci 0000:00:01.0: vgaarb: bridge control possible
[    2.499397] vgaarb: loaded
[    2.500406] initcall vga_arb_device_init+0x0/0x261 returned 0 after 15625 usecs
[    2.502219] calling  cn_init+0x0/0xf0 @ 1
[    2.507607] initcall cn_init+0x0/0xf0 returned 0 after 2929 usecs
[    2.508405] calling  dma_buf_init+0x0/0xad @ 1
[    2.521094] initcall dma_buf_init+0x0/0xad returned 0 after 10742 usecs
[    2.521403] calling  dma_resv_lockdep+0x0/0x281 @ 1
[    2.529543] initcall dma_resv_lockdep+0x0/0x281 returned 0 after 6835 usecs
[    2.530407] calling  init_scsi+0x0/0x79 @ 1
[    2.539400] SCSI subsystem initialized
[    2.540404] initcall init_scsi+0x0/0x79 returned 0 after 8789 usecs
[    2.541405] calling  ata_init+0x0/0x332 @ 1
[    2.556653] libata version 3.00 loaded.
[    2.557405] initcall ata_init+0x0/0x332 returned 0 after 14648 usecs
[    2.558406] calling  phy_init+0x0/0x250 @ 1
[    2.560408] initcall phy_init+0x0/0x250 returned 0 after 976 usecs
[    2.561400] calling  init_pcmcia_cs+0x0/0x35 @ 1
[    2.562508] initcall init_pcmcia_cs+0x0/0x35 returned 0 after 0 usecs
[    2.563400] calling  usb_common_init+0x0/0x1c @ 1
[    2.564487] initcall usb_common_init+0x0/0x1c returned 0 after 0 usecs
[    2.565400] calling  usb_init+0x0/0x12e @ 1
[    2.566503] ACPI: bus type USB registered
[    2.568812] usbcore: registered new interface driver usbfs
[    2.569551] usbcore: registered new interface driver hub
[    2.570429] usbcore: registered new device driver usb
[    2.571400] initcall usb_init+0x0/0x12e returned 0 after 4882 usecs
[    2.572398] calling  serio_init+0x0/0x29 @ 1
[    2.573483] initcall serio_init+0x0/0x29 returned 0 after 0 usecs
[    2.574398] calling  input_init+0x0/0xf6 @ 1
[    2.575469] initcall input_init+0x0/0xf6 returned 0 after 0 usecs
[    2.577397] calling  rtc_init+0x0/0x4d @ 1
[    2.578411] initcall rtc_init+0x0/0x4d returned 0 after 0 usecs
[    2.579397] calling  pps_init+0x0/0xa9 @ 1
[    2.580423] pps_core: LinuxPPS API ver. 1 registered
[    2.581396] pps_core: Software ver. 5.3.6 - Copyright 2005-2007 Rodolfo Giometti <giometti@linux.it>
[    2.582399] initcall pps_init+0x0/0xa9 returned 0 after 1953 usecs
[    2.583397] calling  ptp_init+0x0/0x98 @ 1
[    2.584443] PTP clock support registered
[    2.585399] initcall ptp_init+0x0/0x98 returned 0 after 976 usecs
[    2.586399] calling  power_supply_class_init+0x0/0x3f @ 1
[    2.587550] initcall power_supply_class_init+0x0/0x3f returned 0 after 0 usecs
[    2.588399] calling  hwmon_init+0x0/0x104 @ 1
[    2.589419] initcall hwmon_init+0x0/0x104 returned 0 after 0 usecs
[    2.590399] calling  md_init+0x0/0x16b @ 1
[    2.592925] initcall md_init+0x0/0x16b returned 0 after 976 usecs
[    2.593400] calling  leds_init+0x0/0x3b @ 1
[    2.594485] initcall leds_init+0x0/0x3b returned 0 after 0 usecs
[    2.595399] calling  dmi_init+0x0/0x113 @ 1
[    2.596587] initcall dmi_init+0x0/0x113 returned 0 after 0 usecs
[    2.597399] calling  efisubsys_init+0x0/0x4e7 @ 1
[    2.598420] initcall efisubsys_init+0x0/0x4e7 returned 0 after 0 usecs
[    2.599397] calling  nvmem_init+0x0/0xc @ 1
[    2.600461] initcall nvmem_init+0x0/0xc returned 0 after 0 usecs
[    2.601398] calling  init_soundcore+0x0/0x33 @ 1
[    2.602425] initcall init_soundcore+0x0/0x33 returned 0 after 0 usecs
[    2.603398] calling  alsa_sound_init+0x0/0x8f @ 1
[    2.604716] Advanced Linux Sound Architecture Driver Initialized.
[    2.605399] initcall alsa_sound_init+0x0/0x8f returned 0 after 976 usecs
[    2.607396] calling  alsa_seq_device_init+0x0/0x71 @ 1
[    2.608427] initcall alsa_seq_device_init+0x0/0x71 returned 0 after 0 usecs
[    2.609398] calling  hda_bus_init+0x0/0xc @ 1
[    2.610455] initcall hda_bus_init+0x0/0xc returned 0 after 0 usecs
[    2.611398] calling  proto_init+0x0/0xc @ 1
[    2.612501] initcall proto_init+0x0/0xc returned 0 after 0 usecs
[    2.613399] calling  net_dev_init+0x0/0x27f @ 1
[    2.617171] initcall net_dev_init+0x0/0x27f returned 0 after 1953 usecs
[    2.617400] calling  neigh_init+0x0/0x84 @ 1
[    2.618433] initcall neigh_init+0x0/0x84 returned 0 after 0 usecs
[    2.619398] calling  fib_notifier_init+0x0/0xc @ 1
[    2.620417] initcall fib_notifier_init+0x0/0xc returned 0 after 0 usecs
[    2.621398] calling  fib_rules_init+0x0/0xab @ 1
[    2.622433] initcall fib_rules_init+0x0/0xab returned 0 after 0 usecs
[    2.623398] calling  pktsched_init+0x0/0x10e @ 1
[    2.624494] initcall pktsched_init+0x0/0x10e returned 0 after 0 usecs
[    2.625398] calling  tc_filter_init+0x0/0xfa @ 1
[    2.627504] initcall tc_filter_init+0x0/0xfa returned 0 after 976 usecs
[    2.628398] calling  tc_action_init+0x0/0x54 @ 1
[    2.629400] initcall tc_action_init+0x0/0x54 returned 0 after 0 usecs
[    2.630404] calling  ethnl_init+0x0/0x52 @ 1
[    2.632441] initcall ethnl_init+0x0/0x52 returned 0 after 976 usecs
[    2.633412] calling  nexthop_init+0x0/0xd8 @ 1
[    2.635457] initcall nexthop_init+0x0/0xd8 returned 0 after 976 usecs
[    2.636399] calling  cipso_v4_init+0x0/0x8d @ 1
[    2.637506] initcall cipso_v4_init+0x0/0x8d returned 0 after 0 usecs
[    2.638415] calling  ieee80211_init+0x0/0x24 @ 1
[    2.639684] initcall ieee80211_init+0x0/0x24 returned 0 after 0 usecs
[    2.640399] calling  netlbl_init+0x0/0x78 @ 1
[    2.641411] NetLabel: Initializing
[    2.642395] NetLabel:  domain hash size = 128
[    2.643394] NetLabel:  protocols = UNLABELED CIPSOv4 CALIPSO
[    2.645413] NetLabel:  unlabeled traffic allowed by default
[    2.646400] initcall netlbl_init+0x0/0x78 returned 0 after 4882 usecs
[    2.647397] calling  rfkill_init+0x0/0x136 @ 1
[    2.650794] initcall rfkill_init+0x0/0x136 returned 0 after 1953 usecs
[    2.651404] calling  pci_subsys_init+0x0/0x66 @ 1
[    2.652468] PCI: Using ACPI for IRQ routing
[    3.386112] PCI: pci_cache_line_size set to 64 bytes
[    3.387878] e820: reserve RAM buffer [mem 0x0009fc00-0x0009ffff]
[    3.388509] e820: reserve RAM buffer [mem 0x1ffdf000-0x1fffffff]
[    3.389468] initcall pci_subsys_init+0x0/0x66 returned 0 after 719726 usecs
[    3.392297] calling  nmi_warning_debugfs+0x0/0x26 @ 1
[    3.392485] initcall nmi_warning_debugfs+0x0/0x26 returned 0 after 0 usecs
[    3.393401] calling  save_microcode_in_initrd+0x0/0x51 @ 1
[    3.394479] initcall save_microcode_in_initrd+0x0/0x51 returned 0 after 0 usecs
[    3.395416] calling  hpet_late_init+0x0/0x20a @ 1
[    3.396701] hpet: 3 channels of 0 reserved for per-cpu timers
[    3.397547] hpet0: at MMIO 0xfed00000, IRQs 2, 8, 0
[    3.398447] hpet0: 3 comparators, 64-bit 100.000000 MHz counter
[    3.404402] initcall hpet_late_init+0x0/0x20a returned 0 after 7812 usecs
[    3.405401] calling  init_amd_nbs+0x0/0x11c @ 1
[    3.406459] initcall init_amd_nbs+0x0/0x11c returned 0 after 0 usecs
[    3.407400] calling  clocksource_done_booting+0x0/0x43 @ 1
[    3.409608] clocksource: Switched to clocksource kvm-clock
[    3.418624] initcall clocksource_done_booting+0x0/0x43 returned 0 after 9988 usecs
[    3.429500] calling  tracer_init_tracefs+0x0/0x248 @ 1
[    3.693605] initcall tracer_init_tracefs+0x0/0x248 returned 0 after 250332 usecs
[    3.703599] calling  init_trace_printk_function_export+0x0/0x2c @ 1
[    3.711095] initcall init_trace_printk_function_export+0x0/0x2c returned 0 after 40 usecs
[    3.721486] calling  init_kprobe_trace+0x0/0x1ab @ 1
[    3.729547] initcall init_kprobe_trace+0x0/0x1ab returned 0 after 187 usecs
[    3.737674] calling  init_dynamic_event+0x0/0x3d @ 1
[    3.743532] initcall init_dynamic_event+0x0/0x3d returned 0 after 145 usecs
[    3.751594] calling  init_uprobe_trace+0x0/0x5c @ 1
[    3.757584] initcall init_uprobe_trace+0x0/0x5c returned 0 after 292 usecs
[    3.765567] calling  init_pipe_fs+0x0/0x44 @ 1
[    3.774961] initcall init_pipe_fs+0x0/0x44 returned 0 after 4049 usecs
[    3.782537] calling  inotify_user_setup+0x0/0x47 @ 1
[    3.788511] initcall inotify_user_setup+0x0/0x47 returned 0 after 248 usecs
[    3.796500] calling  eventpoll_init+0x0/0xeb @ 1
[    3.803887] initcall eventpoll_init+0x0/0xeb returned 0 after 144 usecs
[    3.812059] calling  anon_inode_init+0x0/0x58 @ 1
[    3.819648] initcall anon_inode_init+0x0/0x58 returned 0 after 467 usecs
[    3.828522] calling  proc_locks_init+0x0/0x27 @ 1
[    3.834167] initcall proc_locks_init+0x0/0x27 returned 0 after 108 usecs
[    3.841879] calling  iomap_init+0x0/0x1b @ 1
[    3.849380] initcall iomap_init+0x0/0x1b returned 0 after 1051 usecs
[    3.857161] calling  dquot_init+0x0/0x106 @ 1
[    3.862311] VFS: Disk quotas dquot_6.6.0
[    3.867174] VFS: Dquot-cache hash table entries: 512 (order 0, 4096 bytes)
[    3.875006] initcall dquot_init+0x0/0x106 returned 0 after 12413 usecs
[    3.882579] calling  quota_init+0x0/0x23 @ 1
[    3.888298] initcall quota_init+0x0/0x23 returned 0 after 565 usecs
[    3.895619] calling  proc_cmdline_init+0x0/0x21 @ 1
[    3.901267] initcall proc_cmdline_init+0x0/0x21 returned 0 after 8 usecs
[    3.908903] calling  proc_consoles_init+0x0/0x24 @ 1
[    3.914642] initcall proc_consoles_init+0x0/0x24 returned 0 after 5 usecs
[    3.922406] calling  proc_cpuinfo_init+0x0/0x1e @ 1
[    3.928150] initcall proc_cpuinfo_init+0x0/0x1e returned 0 after 5 usecs
[    3.935891] calling  proc_devices_init+0x0/0x24 @ 1
[    3.941557] initcall proc_devices_init+0x0/0x24 returned 0 after 5 usecs
[    3.949321] calling  proc_interrupts_init+0x0/0x24 @ 1
[    3.955419] initcall proc_interrupts_init+0x0/0x24 returned 0 after 5 usecs
[    3.963385] calling  proc_loadavg_init+0x0/0x21 @ 1
[    3.969000] initcall proc_loadavg_init+0x0/0x21 returned 0 after 4 usecs
[    3.976623] calling  proc_meminfo_init+0x0/0x21 @ 1
[    3.982235] initcall proc_meminfo_init+0x0/0x21 returned 0 after 4 usecs
[    3.989765] calling  proc_stat_init+0x0/0x1e @ 1
[    3.995059] initcall proc_stat_init+0x0/0x1e returned 0 after 5 usecs
[    4.002367] calling  proc_uptime_init+0x0/0x21 @ 1
[    4.007934] initcall proc_uptime_init+0x0/0x21 returned 0 after 4 usecs
[    4.015467] calling  proc_version_init+0x0/0x21 @ 1
[    4.021190] initcall proc_version_init+0x0/0x21 returned 0 after 4 usecs
[    4.028878] calling  proc_softirqs_init+0x0/0x21 @ 1
[    4.034663] initcall proc_softirqs_init+0x0/0x21 returned 0 after 4 usecs
[    4.042383] calling  proc_kcore_init+0x0/0xea @ 1
[    4.048748] initcall proc_kcore_init+0x0/0xea returned 0 after 840 usecs
[    4.056491] calling  vmcore_init+0x0/0x57b @ 1
[    4.061691] initcall vmcore_init+0x0/0x57b returned 0 after 14 usecs
[    4.070461] calling  proc_kmsg_init+0x0/0x21 @ 1
[    4.076786] initcall proc_kmsg_init+0x0/0x21 returned 0 after 7 usecs
[    4.087836] calling  proc_page_init+0x0/0x3b @ 1
[    4.093407] initcall proc_page_init+0x0/0x3b returned 0 after 8 usecs
[    4.100875] calling  init_ramfs_fs+0x0/0xc @ 1
[    4.106121] initcall init_ramfs_fs+0x0/0xc returned 0 after 18 usecs
[    4.113440] calling  init_hugetlbfs_fs+0x0/0xf6 @ 1
[    4.119880] initcall init_hugetlbfs_fs+0x0/0xf6 returned 0 after 739 usecs
[    4.127761] calling  blk_scsi_ioctl_init+0x0/0x2a5 @ 1
[    4.133784] initcall blk_scsi_ioctl_init+0x0/0x2a5 returned 0 after 31 usecs
[    4.141892] calling  acpi_event_init+0x0/0x2c @ 1
[    4.147598] initcall acpi_event_init+0x0/0x2c returned 0 after 114 usecs
[    4.155366] calling  pnp_system_init+0x0/0xc @ 1
[    4.162163] initcall pnp_system_init+0x0/0xc returned 0 after 1265 usecs
[    4.171664] calling  pnpacpi_init+0x0/0x69 @ 1
[    4.176973] pnp: PnP ACPI init
[    4.184060] pnp 00:00: Plug and Play ACPI device, IDs PNP0303 (active)
[    4.192001] pnp 00:01: Plug and Play ACPI device, IDs PNP0f13 (active)
[    4.200373] pnp 00:02: Plug and Play ACPI device, IDs PNP0400 (active)
[    4.208194] pnp 00:03: Plug and Play ACPI device, IDs PNP0501 (active)
[    4.216024] pnp 00:04: Plug and Play ACPI device, IDs PNP0b00 (active)
[    4.224204] system 00:05: [mem 0xb0000000-0xbfffffff window] has been reserved
[    4.232658] system 00:05: Plug and Play ACPI device, IDs PNP0c01 (active)
[    4.242772] pnp: PnP ACPI: found 6 devices
[    4.247991] initcall pnpacpi_init+0x0/0x69 returned 0 after 69372 usecs
[    4.257420] calling  chr_dev_init+0x0/0x14d @ 1
[    4.364987] initcall chr_dev_init+0x0/0x14d returned 0 after 99409 usecs
[    4.373093] calling  firmware_class_init+0x0/0x14a @ 1
[    4.379501] initcall firmware_class_init+0x0/0x14a returned 0 after 210 usecs
[    4.388019] calling  init_pcmcia_bus+0x0/0x5b @ 1
[    4.394043] initcall init_pcmcia_bus+0x0/0x5b returned 0 after 263 usecs
[    4.402126] calling  init_acpi_pm_clocksource+0x0/0xda @ 1
[    4.414311] clocksource: acpi_pm: mask: 0xffffff max_cycles: 0xffffff, max_idle_ns: 2085701024 ns
[    4.424869] initcall init_acpi_pm_clocksource+0x0/0xda returned 0 after 15748 usecs
[    4.433990] calling  sysctl_core_init+0x0/0x26 @ 1
[    4.440106] initcall sysctl_core_init+0x0/0x26 returned 0 after 213 usecs
[    4.448238] calling  eth_offload_init+0x0/0x13 @ 1
[    4.454361] initcall eth_offload_init+0x0/0x13 returned 0 after 274 usecs
[    4.462397] calling  ipv4_offload_init+0x0/0x73 @ 1
[    4.468531] initcall ipv4_offload_init+0x0/0x73 returned 0 after 179 usecs
[    4.476785] calling  inet_init+0x0/0x276 @ 1
[    4.482237] NET: Registered protocol family 2
[    4.488672] IP idents hash table entries: 8192 (order: 4, 65536 bytes, linear)
[    4.501796] tcp_listen_portaddr_hash hash table entries: 256 (order: 2, 20480 bytes, linear)
[    4.512251] TCP established hash table entries: 4096 (order: 3, 32768 bytes, linear)
[    4.525886] TCP bind hash table entries: 4096 (order: 6, 294912 bytes, linear)
[    4.536266] TCP: Hash tables configured (established 4096 bind 4096)
[    4.545161] UDP hash table entries: 256 (order: 3, 40960 bytes, linear)
[    4.554170] UDP-Lite hash table entries: 256 (order: 3, 40960 bytes, linear)
[    4.563875] initcall inet_init+0x0/0x276 returned 0 after 79912 usecs
[    4.572098] calling  af_unix_init+0x0/0x4d @ 1
[    4.577943] NET: Registered protocol family 1
[    4.583764] initcall af_unix_init+0x0/0x4d returned 0 after 5729 usecs
[    4.592390] calling  ipv6_offload_init+0x0/0x7e @ 1
[    4.598905] initcall ipv6_offload_init+0x0/0x7e returned 0 after 80 usecs
[    4.607669] calling  init_sunrpc+0x0/0x65 @ 1
[    4.639892] RPC: Registered named UNIX socket transport module.
[    4.647291] RPC: Registered udp transport module.
[    4.653071] RPC: Registered tcp transport module.
[    4.658870] RPC: Registered tcp NFSv4.1 backchannel transport module.
[    4.666987] initcall init_sunrpc+0x0/0x65 returned 0 after 42548 usecs
[    4.674961] calling  cfg80211_init+0x0/0xc5 @ 1
[    4.685951] initcall cfg80211_init+0x0/0xc5 returned 0 after 5188 usecs
[    4.694105] calling  pcibios_assign_resources+0x0/0xbf @ 1
[    4.701715] pci_bus 0000:00: resource 4 [io  0x0000-0x0cf7 window]
[    4.708893] pci_bus 0000:00: resource 5 [io  0x0d00-0xffff window]
[    4.716047] pci_bus 0000:00: resource 6 [mem 0x000a0000-0x000bffff window]
[    4.724121] pci_bus 0000:00: resource 7 [mem 0x20000000-0xafffffff window]
[    4.732117] pci_bus 0000:00: resource 8 [mem 0xc0000000-0xfebfffff window]
[    4.740724] pci_bus 0000:00: resource 9 [mem 0x100000000-0x8ffffffff window]
[    4.750142] initcall pcibios_assign_resources+0x0/0xbf returned 0 after 48176 usecs
[    4.759118] calling  pci_apply_final_quirks+0x0/0x124 @ 1
[    4.766876] pci 0000:00:01.0: calling  pci_fixup_video+0x0/0xe0 @ 1
[    4.775807] pci 0000:00:01.0: Video device with shadowed ROM at [mem 0x000c0000-0x000dffff]
[    4.786542] pci 0000:00:01.0: pci_fixup_video+0x0/0xe0 took 10768 usecs
[    4.795804] PCI: CLS 0 bytes, default 64
[    4.801358] initcall pci_apply_final_quirks+0x0/0x124 returned 0 after 34728 usecs
[    4.812744] calling  acpi_reserve_resources+0x0/0xea @ 1
[    4.823225] initcall acpi_reserve_resources+0x0/0xea returned 0 after 264 usecs
[    4.834409] calling  populate_rootfs+0x0/0x102 @ 1
[    4.855089] initcall populate_rootfs+0x0/0x102 returned 0 after 12461 usecs
[    4.865974] calling  pci_iommu_init+0x0/0x3e @ 1
[    4.874276] initcall pci_iommu_init+0x0/0x3e returned 0 after 898 usecs
[    4.885930] calling  ia32_binfmt_init+0x0/0x13 @ 1
[    4.893854] initcall ia32_binfmt_init+0x0/0x13 returned 0 after 622 usecs
[    4.903859] calling  rapl_pmu_init+0x0/0x267 @ 1
[    4.910859] initcall rapl_pmu_init+0x0/0x267 returned -19 after 81 usecs
[    4.920745] calling  amd_uncore_init+0x0/0x310 @ 1
[    4.927890] initcall amd_uncore_init+0x0/0x310 returned -19 after 1 usecs
[    4.939441] calling  amd_ibs_init+0x0/0x25f @ 1
[    4.946795] initcall amd_ibs_init+0x0/0x25f returned -19 after 1 usecs
[    4.956683] calling  amd_iommu_pc_init+0x0/0x22c @ 1
[    4.964266] initcall amd_iommu_pc_init+0x0/0x22c returned -19 after 74 usecs
[    4.974701] calling  msr_init+0x0/0x55 @ 1
[    4.981101] initcall msr_init+0x0/0x55 returned 0 after 162 usecs
[    4.990084] calling  intel_uncore_init+0x0/0x36f @ 1
[    4.997601] initcall intel_uncore_init+0x0/0x36f returned -19 after 41 usecs
[    5.007880] calling  cstate_pmu_init+0x0/0x1a1 @ 1
[    5.015023] initcall cstate_pmu_init+0x0/0x1a1 returned -19 after 0 usecs
[    5.024965] calling  register_kernel_offset_dumper+0x0/0x1a @ 1
[    5.033842] initcall register_kernel_offset_dumper+0x0/0x1a returned 0 after 34 usecs
[    5.045767] calling  i8259A_init_ops+0x0/0x20 @ 1
[    5.052811] initcall i8259A_init_ops+0x0/0x20 returned 0 after 3 usecs
[    5.060372] calling  init_tsc_clocksource+0x0/0xa4 @ 1
[    5.066507] clocksource: tsc: mask: 0xffffffffffffffff max_cycles: 0x39a85afc727, max_idle_ns: 881590685098 ns
[    5.078060] initcall init_tsc_clocksource+0x0/0xa4 returned 0 after 11307 usecs
[    5.086545] calling  add_rtc_cmos+0x0/0xb0 @ 1
[    5.092191] initcall add_rtc_cmos+0x0/0xb0 returned 0 after 215 usecs
[    5.100043] calling  i8237A_init_ops+0x0/0x3a @ 1
[    5.105944] initcall i8237A_init_ops+0x0/0x3a returned 0 after 174 usecs
[    5.113828] calling  umwait_init+0x0/0x94 @ 1
[    5.119116] initcall umwait_init+0x0/0x94 returned -19 after 13 usecs
[    5.126650] calling  thermal_throttle_init_device+0x0/0x3d @ 1
[    5.133734] initcall thermal_throttle_init_device+0x0/0x3d returned 0 after 66 usecs
[    5.142812] calling  msr_init+0x0/0xd7 @ 1
[    5.157941] initcall msr_init+0x0/0xd7 returned 0 after 9152 usecs
[    5.165343] calling  cpuid_init+0x0/0xd7 @ 1
[    5.175342] initcall cpuid_init+0x0/0xd7 returned 0 after 4838 usecs
[    5.182769] calling  ioapic_init_ops+0x0/0x13 @ 1
[    5.188317] initcall ioapic_init_ops+0x0/0x13 returned 0 after 29 usecs
[    5.195994] calling  add_pcspkr+0x0/0x6c @ 1
[    5.201135] initcall add_pcspkr+0x0/0x6c returned 0 after 94 usecs
[    5.208778] calling  start_periodic_check_for_corruption+0x0/0x30 @ 1
[    5.216327] check: Scanning for low memory corruption every 60 seconds
[    5.223962] initcall start_periodic_check_for_corruption+0x0/0x30 returned 0 after 7504 usecs
[    5.233988] calling  sysfb_init+0x0/0x9c @ 1
[    5.239338] initcall sysfb_init+0x0/0x9c returned 0 after 139 usecs
[    5.246885] calling  audit_classes_init+0x0/0xae @ 1
[    5.252994] initcall audit_classes_init+0x0/0xae returned 0 after 54 usecs
[    5.261358] calling  iosf_mbi_init+0x0/0x24 @ 1
[    5.267756] initcall iosf_mbi_init+0x0/0x24 returned 0 after 773 usecs
[    5.275540] calling  proc_execdomains_init+0x0/0x21 @ 1
[    5.281826] initcall proc_execdomains_init+0x0/0x21 returned 0 after 60 usecs
[    5.290237] calling  register_warn_debugfs+0x0/0x23 @ 1
[    5.298276] initcall register_warn_debugfs+0x0/0x23 returned 0 after 1706 usecs
[    5.306912] calling  cpuhp_sysfs_init+0x0/0x79 @ 1
[    5.313028] initcall cpuhp_sysfs_init+0x0/0x79 returned 0 after 312 usecs
[    5.321045] calling  ioresources_init+0x0/0x49 @ 1
[    5.326762] initcall ioresources_init+0x0/0x49 returned 0 after 10 usecs
[    5.334620] calling  lockdep_proc_init+0x0/0x64 @ 1
[    5.340576] initcall lockdep_proc_init+0x0/0x64 returned 0 after 156 usecs
[    5.348666] calling  snapshot_device_init+0x0/0xc @ 1
[    5.356230] initcall snapshot_device_init+0x0/0xc returned 0 after 1487 usecs
[    5.367199] calling  irq_pm_init_ops+0x0/0x13 @ 1
[    5.374250] initcall irq_pm_init_ops+0x0/0x13 returned 0 after 39 usecs
[    5.384040] calling  rcu_torture_init+0x0/0x9be @ 1
[    5.391987] tasks-tracing-torture:--- Start of test: nreaders=3 nfakewriters=4 stat_interval=15 verbose=1 test_no_idle_hz=1 shuffle_interval=3 stutter=5 irqreader=1 fqs_duration=0 fqs_holdoff=0 fqs_stutter=3 test_boost=1/0 test_boost_interval=7 test_boost_duration=4 shutdown_secs=1800 stall_cpu=0 stall_cpu_holdoff=10 stall_cpu_irqsoff=0 stall_cpu_block=0 n_barrier_cbs=4 onoff_interval=1000 onoff_holdoff=30 read_exit_delay=13 read_exit_burst=16
[    5.442132] tasks-tracing:  Start-test grace-period state: g0 f0x0
[    5.449847] tasks-tracing-torture: Creating rcu_torture_writer task
[    5.460724] tasks-tracing-torture: Creating rcu_torture_fakewriter task
[    5.460983] tasks-tracing-torture: rcu_torture_writer task started
[    5.470335] tasks-tracing-torture: Creating rcu_torture_fakewriter task
[    5.470774] tasks-tracing-torture: rcu_torture_fakewriter task started
[    5.476589] tasks-tracing-torture: GP expediting controlled from boot/sysfs for tasks-tracing.
[    5.476591] rcu_torture_writer: Testing expedited GPs.
[    5.476592] rcu_torture_writer: Testing asynchronous GPs.
[    5.476593] rcu_torture_writer: Testing normal GPs.
[    5.530557] tasks-tracing-torture: Creating rcu_torture_fakewriter task
[    5.530875] tasks-tracing-torture: rcu_torture_fakewriter task started
[    5.541191] tasks-tracing-torture: Creating rcu_torture_fakewriter task
[    5.541873] tasks-tracing-torture: rcu_torture_fakewriter task started
[    5.568024] tasks-tracing-torture: Creating rcu_torture_reader task
[    5.568365] tasks-tracing-torture: rcu_torture_fakewriter task started
[    5.577803] tasks-tracing-torture: Creating rcu_torture_reader task
[    5.577864] tasks-tracing-torture: rcu_torture_reader task started
[    5.606393] tasks-tracing-torture: Creating rcu_torture_reader task
[    5.606809] tasks-tracing-torture: rcu_torture_reader task started
[    5.616254] tasks-tracing-torture: Creating rcu_torture_stats task
[    5.616640] tasks-tracing-torture: rcu_torture_reader task started
[    5.639890] tasks-tracing-torture: Creating torture_shuffle task
[    5.643612] tasks-tracing-torture: rcu_torture_stats task started
[    5.658100] tasks-tracing-torture: Creating torture_stutter task
[    5.659659] tasks-tracing-torture: torture_shuffle task started
[    5.677625] tasks-tracing-torture: Creating torture_shutdown task
[    5.678564] tasks-tracing-torture: torture_stutter task started
[    5.687876] tasks-tracing-torture: Creating torture_onoff task
[    5.687892] tasks-tracing-torture: torture_shutdown task started
[    5.687895] tasks-tracing-torture:torture_shutdown task: 1799989 ms remaining
[    5.722150] tasks-tracing-torture: rcu_torture_fwd_prog_init: Disabled, unsupported by RCU flavor under test
[    5.722287] tasks-tracing-torture: torture_onoff task started
[    5.734491] tasks-tracing-torture: Creating rcu_torture_barrier_cbs task
[    5.737221] tasks-tracing-torture: Creating rcu_torture_barrier_cbs task
[    5.737631] tasks-tracing-torture: rcu_torture_barrier_cbs task started
[    5.742718] tasks-tracing-torture: torture_onoff begin holdoff
[    5.785869] tasks-tracing-torture: Creating rcu_torture_barrier_cbs task
[    5.786165] tasks-tracing-torture: rcu_torture_barrier_cbs task started
[    5.798774] tasks-tracing-torture: Creating rcu_torture_barrier_cbs task
[    5.798793] tasks-tracing-torture: rcu_torture_barrier_cbs task started
[    5.828310] tasks-tracing-torture: Creating rcu_torture_barrier task
[    5.828374] tasks-tracing-torture: rcu_torture_barrier_cbs task started
[    5.839720] tasks-tracing-torture: Creating rcu_torture_read_exit task
[    5.840032] tasks-tracing-torture: rcu_torture_barrier task starting
[    5.866928] initcall rcu_torture_init+0x0/0x9be returned 0 after 464058 usecs
[    5.867332] tasks-tracing-torture: rcu_torture_read_exit: Start of test
[    5.876595] calling  timekeeping_init_ops+0x0/0x13 @ 1
[    5.876638] initcall timekeeping_init_ops+0x0/0x13 returned 0 after 37 usecs
[    5.876641] calling  init_clocksource_sysfs+0x0/0x23 @ 1
[    5.876876] initcall init_clocksource_sysfs+0x0/0x23 returned 0 after 225 usecs
[    5.876878] calling  init_timer_list_procfs+0x0/0x31 @ 1
[    5.876886] initcall init_timer_list_procfs+0x0/0x31 returned 0 after 6 usecs
[    5.876888] calling  alarmtimer_init+0x0/0xf5 @ 1
[    5.877313] initcall alarmtimer_init+0x0/0xf5 returned 0 after 412 usecs
[    5.891153] rcu_torture_rea (87) used greatest stack depth: 14616 bytes left
[    5.895121] calling  init_posix_timers+0x0/0x29 @ 1
[    5.895150] initcall init_posix_timers+0x0/0x29 returned 0 after 19 usecs
[    5.895152] calling  clockevents_init_sysfs+0x0/0xbf @ 1
[    5.895951] initcall clockevents_init_sysfs+0x0/0xbf returned 0 after 776 usecs
[    5.999283] calling  proc_dma_init+0x0/0x21 @ 1
[    6.005160] initcall proc_dma_init+0x0/0x21 returned 0 after 34 usecs
[    6.014328] calling  proc_modules_init+0x0/0x1e @ 1
[    6.022319] initcall proc_modules_init+0x0/0x1e returned 0 after 7 usecs
[    6.033013] calling  kallsyms_init+0x0/0x21 @ 1
[    6.040095] initcall kallsyms_init+0x0/0x21 returned 0 after 9 usecs
[    6.050484] calling  pid_namespaces_init+0x0/0x2c @ 1
[    6.058841] initcall pid_namespaces_init+0x0/0x2c returned 0 after 19 usecs
[    6.069327] calling  audit_watch_init+0x0/0x37 @ 1
[    6.075983] initcall audit_watch_init+0x0/0x37 returned 0 after 53 usecs
[    6.086195] calling  audit_fsnotify_init+0x0/0x37 @ 1
[    6.093053] initcall audit_fsnotify_init+0x0/0x37 returned 0 after 3 usecs
[    6.103226] calling  audit_tree_init+0x0/0x6d @ 1
[    6.109835] initcall audit_tree_init+0x0/0x6d returned 0 after 11 usecs
[    6.118727] calling  seccomp_sysctl_init+0x0/0x2b @ 1
[    6.126471] initcall seccomp_sysctl_init+0x0/0x2b returned 0 after 11 usecs
[    6.138233] calling  utsname_sysctl_init+0x0/0x13 @ 1
[    6.146453] initcall utsname_sysctl_init+0x0/0x13 returned 0 after 54 usecs
[    6.157072] calling  init_tracepoints+0x0/0x27 @ 1
[    6.165103] initcall init_tracepoints+0x0/0x27 returned 0 after 100 usecs
[    6.176206] calling  init_blk_tracer+0x0/0x50 @ 1
[    6.185046] initcall init_blk_tracer+0x0/0x50 returned 0 after 1139 usecs
[    6.195256] calling  perf_event_sysfs_init+0x0/0x83 @ 1
[    6.205027] initcall perf_event_sysfs_init+0x0/0x83 returned 0 after 1082 usecs
[    6.215923] calling  system_trusted_keyring_init+0x0/0x60 @ 1
[    6.223700] Initialise system trusted keyrings
[    6.231213] initcall system_trusted_keyring_init+0x0/0x60 returned 0 after 7307 usecs
[    6.243095] calling  kswapd_init+0x0/0x5c @ 1
[    6.254234] initcall kswapd_init+0x0/0x5c returned 0 after 3765 usecs
[    6.262970] calling  extfrag_debug_init+0x0/0x54 @ 1
[    6.269888] initcall extfrag_debug_init+0x0/0x54 returned 0 after 130 usecs
[    6.279595] calling  mm_compute_batch_init+0x0/0x12 @ 1
[    6.286666] initcall mm_compute_batch_init+0x0/0x12 returned 0 after 25 usecs
[    6.296522] calling  slab_proc_init+0x0/0x21 @ 1
[    6.303810] initcall slab_proc_init+0x0/0x21 returned 0 after 55 usecs
[    6.313210] calling  workingset_init+0x0/0x8c @ 1
[    6.320234] workingset: timestamp_bits=56 max_order=17 bucket_order=0
[    6.329793] initcall workingset_init+0x0/0x8c returned 0 after 9331 usecs
[    6.339844] calling  proc_vmalloc_init+0x0/0x32 @ 1
[    6.347857] initcall proc_vmalloc_init+0x0/0x32 returned 0 after 9 usecs
[    6.357978] calling  procswaps_init+0x0/0x1e @ 1
[    6.364760] initcall procswaps_init+0x0/0x1e returned 0 after 54 usecs
[    6.374125] calling  slab_sysfs_init+0x0/0xec @ 1
[    6.392909] initcall slab_sysfs_init+0x0/0xec returned 0 after 11804 usecs
[    6.402990] calling  fcntl_init+0x0/0x29 @ 1
[    6.409962] initcall fcntl_init+0x0/0x29 returned 0 after 152 usecs
[    6.418852] calling  proc_filesystems_init+0x0/0x21 @ 1
[    6.426765] initcall proc_filesystems_init+0x0/0x21 returned 0 after 7 usecs
[    6.436954] calling  start_dirtytime_writeback+0x0/0x29 @ 1
[    6.445323] initcall start_dirtytime_writeback+0x0/0x29 returned 0 after 2 usecs
[    6.456261] calling  blkdev_init+0x0/0x1b @ 1
[    6.465038] initcall blkdev_init+0x0/0x1b returned 0 after 1087 usecs
[    6.475997] calling  dio_init+0x0/0x2c @ 1
[    6.484079] initcall dio_init+0x0/0x2c returned 0 after 141 usecs
[    6.493642] calling  dnotify_init+0x0/0x78 @ 1
[    6.501800] initcall dnotify_init+0x0/0x78 returned 0 after 267 usecs
[    6.512959] calling  aio_setup+0x0/0x78 @ 1
[    6.521491] initcall aio_setup+0x0/0x78 returned 0 after 1029 usecs
[    6.530371] calling  io_uring_init+0x0/0x2c @ 1
[    6.537091] initcall io_uring_init+0x0/0x2c returned 0 after 13 usecs
[    6.546184] calling  mbcache_init+0x0/0x30 @ 1
[    6.552633] initcall mbcache_init+0x0/0x30 returned 0 after 126 usecs
[    6.561725] calling  init_grace+0x0/0xc @ 1
[    6.567792] initcall init_grace+0x0/0xc returned 0 after 23 usecs
[    6.576865] calling  init_v2_quota_format+0x0/0x21 @ 1
[    6.584864] initcall init_v2_quota_format+0x0/0x21 returned 0 after 185 usecs
[    6.595325] calling  init_devpts_fs+0x0/0x27 @ 1
[    6.602404] initcall init_devpts_fs+0x0/0x27 returned 0 after 98 usecs
[    6.612557] calling  ext4_init_fs+0x0/0x1c2 @ 1
[    6.620890] initcall ext4_init_fs+0x0/0x1c2 returned 0 after 1054 usecs
[    6.629913] calling  journal_init+0x0/0x11c @ 1
[    6.637111] initcall journal_init+0x0/0x11c returned 0 after 226 usecs
[    6.646758] calling  init_fat_fs+0x0/0x49 @ 1
[    6.653693] initcall init_fat_fs+0x0/0x49 returned 0 after 205 usecs
[    6.663311] calling  init_vfat_fs+0x0/0xc @ 1
[    6.669858] initcall init_vfat_fs+0x0/0xc returned 0 after 4 usecs
[    6.679219] calling  init_msdos_fs+0x0/0xc @ 1
[    6.686083] initcall init_msdos_fs+0x0/0xc returned 0 after 5 usecs
[    6.695487] calling  init_iso9660_fs+0x0/0x6c @ 1
[    6.703254] initcall init_iso9660_fs+0x0/0x6c returned 0 after 416 usecs
[    6.714628] calling  init_nfs_fs+0x0/0x13a @ 1
[    6.726193] initcall init_nfs_fs+0x0/0x13a returned 0 after 4683 usecs
[    6.737019] calling  init_nfs_v2+0x0/0x13 @ 1
[    6.743980] initcall init_nfs_v2+0x0/0x13 returned 0 after 131 usecs
[    6.753926] calling  init_nfs_v3+0x0/0x13 @ 1
[    6.761062] initcall init_nfs_v3+0x0/0x13 returned 0 after 2 usecs
[    6.770902] calling  init_nfs_v4+0x0/0x32 @ 1
[    6.778578] NFS: Registering the id_resolver key type
[    6.786739] Key type id_resolver registered
[    6.793101] Key type id_legacy registered
[    6.799072] initcall init_nfs_v4+0x0/0x32 returned 0 after 20248 usecs
[    6.808012] calling  init_nlm+0x0/0x5b @ 1
[    6.814367] initcall init_nlm+0x0/0x5b returned 0 after 117 usecs
[    6.822894] calling  init_nls_cp437+0x0/0xe @ 1
[    6.829790] initcall init_nls_cp437+0x0/0xe returned 0 after 120 usecs
[    6.839115] calling  init_nls_ascii+0x0/0xe @ 1
[    6.846212] initcall init_nls_ascii+0x0/0xe returned 0 after 1 usecs
[    6.855788] calling  init_nls_iso8859_1+0x0/0xe @ 1
[    6.863204] initcall init_nls_iso8859_1+0x0/0xe returned 0 after 1 usecs
[    6.872869] calling  init_nls_utf8+0x0/0x21 @ 1
[    6.879183] initcall init_nls_utf8+0x0/0x21 returned 0 after 2 usecs
[    6.887378] calling  init_autofs_fs+0x0/0x25 @ 1
[    6.897566] initcall init_autofs_fs+0x0/0x25 returned 0 after 3811 usecs
[    6.909291] calling  ipc_init+0x0/0x24 @ 1
[    6.915567] initcall ipc_init+0x0/0x24 returned 0 after 206 usecs
[    6.924706] calling  ipc_sysctl_init+0x0/0x13 @ 1
[    6.931997] initcall ipc_sysctl_init+0x0/0x13 returned 0 after 27 usecs
[    6.942049] calling  init_mqueue_fs+0x0/0xb1 @ 1
[    6.952218] initcall init_mqueue_fs+0x0/0xb1 returned 0 after 2566 usecs
[    6.962544] calling  key_proc_init+0x0/0x63 @ 1
[    6.969584] initcall key_proc_init+0x0/0x63 returned 0 after 9 usecs
[    6.979624] calling  selinux_nf_ip_init+0x0/0x2e @ 1
[    6.987341] initcall selinux_nf_ip_init+0x0/0x2e returned 0 after 81 usecs
[    6.998617] calling  init_sel_fs+0x0/0x116 @ 1
[    7.005817] initcall init_sel_fs+0x0/0x116 returned 0 after 0 usecs
[    7.015137] calling  selnl_init+0x0/0x7c @ 1
[    7.023080] initcall selnl_init+0x0/0x7c returned 0 after 671 usecs
[    7.033474] calling  sel_netif_init+0x0/0x36 @ 1
[    7.041288] initcall sel_netif_init+0x0/0x36 returned 0 after 0 usecs
[    7.051508] calling  sel_netnode_init+0x0/0x33 @ 1
[    7.058863] initcall sel_netnode_init+0x0/0x33 returned 0 after 0 usecs
[    7.085892] calling  sel_netport_init+0x0/0x33 @ 1
[    7.094876] initcall sel_netport_init+0x0/0x33 returned 0 after 76 usecs
[    7.104599] calling  aurule_init+0x0/0x2a @ 1
[    7.112663] initcall aurule_init+0x0/0x2a returned 0 after 760 usecs
[    7.123826] calling  crypto_algapi_init+0x0/0xc @ 1
[    7.132057] initcall crypto_algapi_init+0x0/0xc returned 0 after 460 usecs
[    7.143737] calling  jent_mod_init+0x0/0x2d @ 1
[    7.183030] initcall jent_mod_init+0x0/0x2d returned 0 after 31497 usecs
[    7.195965] calling  asymmetric_key_init+0x0/0xc @ 1
[    7.205946] Key type asymmetric registered
[    7.212412] initcall asymmetric_key_init+0x0/0xc returned 0 after 7668 usecs
[    7.223677] calling  x509_key_init+0x0/0xc @ 1
[    7.239165] Asymmetric key parser 'x509' registered
[    7.248231] initcall x509_key_init+0x0/0xc returned 0 after 17559 usecs
[    7.258803] calling  proc_genhd_init+0x0/0x41 @ 1
[    7.266761] initcall proc_genhd_init+0x0/0x41 returned 0 after 138 usecs
[    7.276944] calling  bsg_init+0x0/0x113 @ 1
[    7.287858] Block layer SCSI generic (bsg) driver version 0.4 loaded (major 251)
[    7.299481] initcall bsg_init+0x0/0x113 returned 0 after 15708 usecs
[    7.309753] calling  deadline_init+0x0/0xc @ 1
[    7.317031] io scheduler mq-deadline registered
[    7.323768] initcall deadline_init+0x0/0xc returned 0 after 6742 usecs
[    7.333002] calling  kyber_init+0x0/0xc @ 1
[    7.340632] io scheduler kyber registered
[    7.346174] initcall kyber_init+0x0/0xc returned 0 after 6505 usecs
[    7.356023] calling  mod_init+0x0/0x7 @ 1
[    7.363160] initcall mod_init+0x0/0x7 returned 0 after 0 usecs
[    7.374614] calling  percpu_counter_startup+0x0/0x55 @ 1
[    7.391614] initcall percpu_counter_startup+0x0/0x55 returned 0 after 7353 usecs
[    7.403259] calling  sg_pool_init+0x0/0xb4 @ 1
[    7.419205] initcall sg_pool_init+0x0/0xb4 returned 0 after 9555 usecs
[    7.429523] calling  pcie_portdrv_init+0x0/0x39 @ 1
[    7.439599] initcall pcie_portdrv_init+0x0/0x39 returned 0 after 1594 usecs
[    7.451998] calling  pci_proc_init+0x0/0x68 @ 1
[    7.460888] initcall pci_proc_init+0x0/0x68 returned 0 after 270 usecs
[    7.472681] calling  pci_hotplug_init+0x0/0x7 @ 1
[    7.481033] initcall pci_hotplug_init+0x0/0x7 returned 0 after 1 usecs
[    7.490940] calling  efifb_driver_init+0x0/0xe @ 1
[    7.499702] initcall efifb_driver_init+0x0/0xe returned 0 after 1494 usecs
[    7.512573] calling  ged_driver_init+0x0/0xe @ 1
[    7.521282] initcall ged_driver_init+0x0/0xe returned 0 after 279 usecs
[    7.532804] calling  acpi_ac_init+0x0/0x92 @ 1
[    7.545260] initcall acpi_ac_init+0x0/0x92 returned 0 after 4384 usecs
[    7.556099] calling  acpi_button_driver_init+0x0/0x52 @ 1
[    7.569451] input: Power Button as /devices/LNXSYSTM:00/LNXPWRBN:00/input/input0
[    7.588171] ACPI: Power Button [PWRF]
[    7.595869] initcall acpi_button_driver_init+0x0/0x52 returned 0 after 29511 usecs
[    7.608879] calling  acpi_fan_driver_init+0x0/0xe @ 1
[    7.617980] initcall acpi_fan_driver_init+0x0/0xe returned 0 after 35 usecs
[    7.629093] calling  acpi_video_init+0x0/0xcb @ 1
[    7.637078] initcall acpi_video_init+0x0/0xcb returned 0 after 371 usecs
[    7.647640] calling  acpi_processor_driver_init+0x0/0xad @ 1
[    7.658887] initcall acpi_processor_driver_init+0x0/0xad returned 0 after 2846 usecs
[    7.670849] calling  acpi_thermal_init+0x0/0x71 @ 1
[    7.689159] initcall acpi_thermal_init+0x0/0x71 returned 0 after 10843 usecs
[    7.700050] calling  acpi_battery_init+0x0/0x32 @ 1
[    7.708289] initcall acpi_battery_init+0x0/0x32 returned 0 after 374 usecs
[    7.719489] calling  bgrt_init+0x0/0xb6 @ 1
[    7.726948] initcall bgrt_init+0x0/0xb6 returned -19 after 1 usecs
[    7.737019] calling  gpio_clk_driver_init+0x0/0xe @ 1
[    7.744766] initcall gpio_clk_driver_init+0x0/0xe returned 0 after 170 usecs
[    7.756877] calling  plt_clk_driver_init+0x0/0xe @ 1
[    7.766022] initcall plt_clk_driver_init+0x0/0xe returned 0 after 555 usecs
[    7.776797] calling  virtio_pci_driver_init+0x0/0x15 @ 1
[    7.787389] initcall virtio_pci_driver_init+0x0/0x15 returned 0 after 220 usecs
[    7.798887] calling  n_null_init+0x0/0x1e @ 1
[    7.805955] initcall n_null_init+0x0/0x1e returned 0 after 51 usecs
[    7.816072] calling  pty_init+0x0/0x1e8 @ 1
[    7.825853] initcall pty_init+0x0/0x1e8 returned 0 after 3419 usecs
[    7.835783] calling  sysrq_init+0x0/0x62 @ 1
[    7.842536] initcall sysrq_init+0x0/0x62 returned 0 after 10 usecs
[    7.851286] calling  serial8250_init+0x0/0x17e @ 1
[    7.858752] Serial: 8250/16550 driver, 4 ports, IRQ sharing enabled
[    7.872098] 00:03: ttyS0 at I/O 0x3f8 (irq = 4, base_baud = 115200) is a 16550A
[    7.902243] initcall serial8250_init+0x0/0x17e returned 0 after 42631 usecs
[    7.913222] calling  serial_pci_driver_init+0x0/0x15 @ 1
[    7.921635] initcall serial_pci_driver_init+0x0/0x15 returned 0 after 325 usecs
[    7.933130] calling  exar_pci_driver_init+0x0/0x15 @ 1
[    7.940988] initcall exar_pci_driver_init+0x0/0x15 returned 0 after 47 usecs
[    7.951795] calling  lpss8250_pci_driver_init+0x0/0x15 @ 1
[    7.961058] initcall lpss8250_pci_driver_init+0x0/0x15 returned 0 after 661 usecs
[    7.973319] calling  mid8250_pci_driver_init+0x0/0x15 @ 1
[    7.982192] initcall mid8250_pci_driver_init+0x0/0x15 returned 0 after 42 usecs
[    7.993633] calling  virtio_console_init+0x0/0xff @ 1
[    8.003091] initcall virtio_console_init+0x0/0xff returned 0 after 1631 usecs
[    8.014694] calling  hpet_init+0x0/0x64 @ 1
[    8.027013] initcall hpet_init+0x0/0x64 returned 0 after 5395 usecs
[    8.037685] calling  nvram_module_init+0x0/0x83 @ 1
[    8.048949] Non-volatile memory driver v1.3
[    8.056389] initcall nvram_module_init+0x0/0x83 returned 0 after 10546 usecs
[    8.067361] calling  hwrng_modinit+0x0/0x8a @ 1
[    8.078260] initcall hwrng_modinit+0x0/0x8a returned 0 after 2305 usecs
[    8.091464] calling  mod_init+0x0/0x48 @ 1
[    8.098121] initcall mod_init+0x0/0x48 returned -19 after 0 usecs
[    8.107996] calling  agp_init+0x0/0x23 @ 1
[    8.115201] Linux agpgart interface v0.103
[    8.122128] initcall agp_init+0x0/0x23 returned 0 after 6761 usecs
[    8.132682] calling  agp_amd64_mod_init+0x0/0x5 @ 1
[    8.143112] initcall agp_amd64_mod_init+0x0/0x5 returned -19 after 2214 usecs
[    8.153087] calling  agp_intel_init+0x0/0x28 @ 1
[    8.163439] initcall agp_intel_init+0x0/0x28 returned 0 after 3000 usecs
[    8.174781] calling  drm_kms_helper_init+0x0/0x7 @ 1
[    8.183641] initcall drm_kms_helper_init+0x0/0x7 returned 0 after 194 usecs
[    8.194986] calling  drm_core_init+0x0/0xbd @ 1
[    8.203226] initcall drm_core_init+0x0/0xbd returned 0 after 760 usecs
[    8.215104] calling  i915_init+0x0/0x6b @ 1
[    8.258546] initcall i915_init+0x0/0x6b returned 0 after 26407 usecs
[    8.269833] calling  cn_proc_init+0x0/0x35 @ 1
[    8.285895] initcall cn_proc_init+0x0/0x35 returned 0 after 8953 usecs
[    8.298694] calling  topology_sysfs_init+0x0/0x27 @ 1
[    8.317106] initcall topology_sysfs_init+0x0/0x27 returned 0 after 9252 usecs
[    8.328573] calling  cacheinfo_sysfs_init+0x0/0x27 @ 1
[    8.347411] initcall cacheinfo_sysfs_init+0x0/0x27 returned 0 after 9287 usecs
[    8.360951] calling  loop_init+0x0/0x16a @ 1
[    8.476090] loop: module loaded
[    8.482010] initcall loop_init+0x0/0x16a returned 0 after 111262 usecs
[    8.493279] calling  mac_hid_init+0x0/0x21 @ 1
[    8.501058] initcall mac_hid_init+0x0/0x21 returned 0 after 34 usecs
[    8.509908] calling  spi_transport_init+0x0/0x74 @ 1
[    8.518115] initcall spi_transport_init+0x0/0x74 returned 0 after 428 usecs
[    8.528587] calling  init_sd+0x0/0x18c @ 1
[    8.535975] initcall init_sd+0x0/0x18c returned 0 after 696 usecs
[    8.545597] calling  init_sr+0x0/0x43 @ 1
[    8.552733] initcall init_sr+0x0/0x43 returned 0 after 150 usecs
[    8.561966] calling  init_sg+0x0/0x1c0 @ 1
[    8.570347] initcall init_sg+0x0/0x1c0 returned 0 after 1010 usecs
[    8.581150] calling  ahci_pci_driver_init+0x0/0x15 @ 1
[    8.591621] ahci 0000:00:1f.2: version 3.0
[    8.607118] PCI Interrupt Link [GSIA] enabled at IRQ 16
[    8.646833] ahci 0000:00:1f.2: AHCI 0001.0000 32 slots 6 ports 1.5 Gbps 0x3f impl SATA mode
[    8.661483] ahci 0000:00:1f.2: flags: 64bit ncq only 
[    8.736310] scsi host0: ahci
[    8.760821] scsi host1: ahci
[    8.782441] scsi host2: ahci
[    8.802017] scsi host3: ahci
[    8.818744] scsi host4: ahci
[    8.834205] scsi host5: ahci
[    8.840340] ata1: SATA max UDMA/133 abar m4096@0xfebf1000 port 0xfebf1100 irq 24
[    8.854036] ata2: SATA max UDMA/133 abar m4096@0xfebf1000 port 0xfebf1180 irq 24
[    8.866947] ata3: SATA max UDMA/133 abar m4096@0xfebf1000 port 0xfebf1200 irq 24
[    8.879723] ata4: SATA max UDMA/133 abar m4096@0xfebf1000 port 0xfebf1280 irq 24
[    8.891858] ata5: SATA max UDMA/133 abar m4096@0xfebf1000 port 0xfebf1300 irq 24
[    8.904894] ata6: SATA max UDMA/133 abar m4096@0xfebf1000 port 0xfebf1380 irq 24
[    8.918242] initcall ahci_pci_driver_init+0x0/0x15 returned 0 after 320495 usecs
[    8.931308] calling  piix_init+0x0/0x26 @ 1
[    8.938946] initcall piix_init+0x0/0x26 returned 0 after 130 usecs
[    8.948891] calling  amd_pci_driver_init+0x0/0x15 @ 1
[    8.958118] initcall amd_pci_driver_init+0x0/0x15 returned 0 after 57 usecs
[    8.970176] calling  oldpiix_pci_driver_init+0x0/0x15 @ 1
[    8.979626] initcall oldpiix_pci_driver_init+0x0/0x15 returned 0 after 137 usecs
[    8.992289] calling  sch_pci_driver_init+0x0/0x15 @ 1
[    9.001331] initcall sch_pci_driver_init+0x0/0x15 returned 0 after 56 usecs
[    9.014216] calling  net_olddevs_init+0x0/0x55 @ 1
[    9.023358] initcall net_olddevs_init+0x0/0x55 returned 0 after 425 usecs
[    9.035251] calling  blackhole_netdev_init+0x0/0x78 @ 1
[    9.045094] initcall blackhole_netdev_init+0x0/0x78 returned 0 after 993 usecs
[    9.056884] calling  phy_module_init+0x0/0x13 @ 1
[    9.065771] initcall phy_module_init+0x0/0x13 returned 0 after 1193 usecs
[    9.076770] calling  tg3_driver_init+0x0/0x15 @ 1
[    9.084736] initcall tg3_driver_init+0x0/0x15 returned 0 after 132 usecs
[    9.095555] calling  e100_init_module+0x0/0x4c @ 1
[    9.103848] e100: Intel(R) PRO/100 Network Driver
[    9.111498] e100: Copyright(c) 1999-2006 Intel Corporation
[    9.121814] initcall e100_init_module+0x0/0x4c returned 0 after 17542 usecs
[    9.132991] calling  e1000_init_module+0x0/0x72 @ 1
[    9.140093] e1000: Intel(R) PRO/1000 Network Driver
[    9.147479] e1000: Copyright (c) 1999-2006 Intel Corporation.
[    9.156599] initcall e1000_init_module+0x0/0x72 returned 0 after 16116 usecs
[    9.166874] calling  e1000_init_module+0x0/0x2d @ 1
[    9.174675] e1000e: Intel(R) PRO/1000 Network Driver
[    9.181952] e1000e: Copyright(c) 1999 - 2015 Intel Corporation.
[    9.191335] initcall e1000_init_module+0x0/0x2d returned 0 after 16293 usecs
[    9.201321] calling  sky2_init_module+0x0/0x21 @ 1
[    9.207964] sky2: driver version 1.30
[    9.213863] initcall sky2_init_module+0x0/0x21 returned 0 after 5757 usecs
[    9.223979] calling  forcedeth_pci_driver_init+0x0/0x15 @ 1
[    9.232611] initcall forcedeth_pci_driver_init+0x0/0x15 returned 0 after 48 usecs
[    9.235235] ata2: SATA link down (SStatus 0 SControl 300)
[    9.244716] calling  rtl8139_init_module+0x0/0x15 @ 1
[    9.244989] initcall rtl8139_init_module+0x0/0x15 returned 0 after 261 usecs
[    9.259164] ata5: SATA link down (SStatus 0 SControl 300)
[    9.260698] calling  rtl8169_pci_driver_init+0x0/0x15 @ 1
[    9.260847] initcall rtl8169_pci_driver_init+0x0/0x15 returned 0 after 140 usecs
[    9.260850] calling  cdrom_init+0x0/0xc @ 1
[    9.261360] initcall cdrom_init+0x0/0xc returned 0 after 494 usecs
[    9.261511] calling  nonstatic_sysfs_init+0x0/0xc @ 1
[    9.281542] ata4: SATA link down (SStatus 0 SControl 300)
[    9.291295] ata3: SATA link up 1.5 Gbps (SStatus 113 SControl 300)
[    9.294040] initcall nonstatic_sysfs_init+0x0/0xc returned 0 after 95 usecs
[    9.308663] ata1: SATA link down (SStatus 0 SControl 300)
[    9.315482] calling  yenta_cardbus_driver_init+0x0/0x15 @ 1
[    9.329621] hrtimer: interrupt took 5671334 ns
[    9.330979] initcall yenta_cardbus_driver_init+0x0/0x15 returned 0 after 144 usecs
[    9.330984] calling  mon_init+0x0/0x144 @ 1
[    9.333409] initcall mon_init+0x0/0x144 returned 0 after 2361 usecs
[    9.342191] ata6: SATA link down (SStatus 0 SControl 300)
[    9.350479] calling  ehci_hcd_init+0x0/0x56 @ 1
[    9.350703] ehci_hcd: USB 2.0 'Enhanced' Host Controller (EHCI) Driver
[    9.363182] ata3.00: ATAPI: QEMU DVD-ROM, 2.5+, max UDMA/100
[    9.370517] initcall ehci_hcd_init+0x0/0x56 returned 0 after 19454 usecs
[    9.370521] calling  ehci_pci_init+0x0/0x64 @ 1
[    9.370524] ehci-pci: EHCI PCI platform driver
[    9.370780] initcall ehci_pci_init+0x0/0x64 returned 0 after 249 usecs
[    9.370783] calling  ohci_hcd_mod_init+0x0/0x4e @ 1
[    9.370859] ohci_hcd: USB 1.1 'Open' Host Controller (OHCI) Driver
[    9.370880] initcall ohci_hcd_mod_init+0x0/0x4e returned 0 after 92 usecs
[    9.370883] calling  ohci_pci_init+0x0/0x64 @ 1
[    9.370885] ohci-pci: OHCI PCI platform driver
[    9.370970] initcall ohci_pci_init+0x0/0x64 returned 0 after 81 usecs
[    9.380411] ata3.00: applying bridge limits
[    9.387355] calling  uhci_hcd_init+0x0/0xa8 @ 1
[    9.403848] ata3.00: configured for UDMA/100
[    9.406194] uhci_hcd: USB Universal Host Controller Interface driver
[    9.406803] initcall uhci_hcd_init+0x0/0xa8 returned 0 after 593 usecs
[    9.436007] scsi 2:0:0:0: CD-ROM            QEMU     QEMU DVD-ROM     2.5+ PQ: 0 ANSI: 5
[    9.443840] calling  xhci_hcd_init+0x0/0x1e @ 1
[    9.443880] initcall xhci_hcd_init+0x0/0x1e returned 0 after 34 usecs
[    9.443883] calling  xhci_pci_init+0x0/0x49 @ 1
[    9.444078] initcall xhci_pci_init+0x0/0x49 returned 0 after 187 usecs
[    9.444082] calling  usblp_driver_init+0x0/0x15 @ 1
[    9.444378] usbcore: registered new interface driver usblp
[    9.650924] initcall usblp_driver_init+0x0/0x15 returned 0 after 201984 usecs
[    9.662289] calling  usb_storage_driver_init+0x0/0x2a @ 1
[    9.671154] usbcore: registered new interface driver usb-storage
[    9.680915] initcall usb_storage_driver_init+0x0/0x2a returned 0 after 9633 usecs
[    9.693206] calling  i8042_init+0x0/0x4c2 @ 1
[    9.701205] i8042: PNP: PS/2 Controller [PNP0303:KBD,PNP0f13:MOU] at 0x60,0x64 irq 1,12
[    9.732648] serio: i8042 KBD port at 0x60,0x64 irq 1
[    9.739067] sr 2:0:0:0: [sr0] scsi3-mmc drive: 4x/4x cd/rw xa/form2 tray
[    9.740237] serio: i8042 AUX port at 0x60,0x64 irq 12
[    9.740295] initcall i8042_init+0x0/0x4c2 returned 0 after 39096 usecs
[    9.740317] calling  serport_init+0x0/0x2c @ 1
[    9.740350] initcall serport_init+0x0/0x2c returned 0 after 28 usecs
[    9.740353] calling  input_leds_init+0x0/0xc @ 1
[    9.740579] initcall input_leds_init+0x0/0xc returned 0 after 215 usecs
[    9.750625] cdrom: Uniform CD-ROM driver Revision: 3.20
[    9.757883] calling  evdev_init+0x0/0xc @ 1
[    9.868287] initcall evdev_init+0x0/0xc returned 0 after 1508 usecs
[    9.900552] calling  atkbd_init+0x0/0x21 @ 1
[    9.922807] initcall atkbd_init+0x0/0x21 returned 0 after 14890 usecs
[    9.932585] calling  psmouse_init+0x0/0x7f @ 1
[    9.940119] initcall psmouse_init+0x0/0x7f returned 0 after 808 usecs
[    9.949455] calling  cmos_init+0x0/0x73 @ 1
[    9.958739] rtc_cmos 00:04: RTC can wake from S4
[    9.994120] input: AT Translated Set 2 keyboard as /devices/platform/i8042/serio0/input/input1
[    9.999613] sr 2:0:0:0: Attached scsi CD-ROM sr0
[   10.013780] rtc_cmos 00:04: registered as rtc0
[   10.024646] sr 2:0:0:0: Attached scsi generic sg0 type 5
[   10.028894] rtc_cmos 00:04: alarms up to one day, y3k, 242 bytes nvram, hpet irqs
[   10.046903] initcall cmos_init+0x0/0x73 returned 0 after 89169 usecs
[   10.056037] calling  smbalert_driver_init+0x0/0xe @ 1
[   10.063934] initcall smbalert_driver_init+0x0/0xe returned 0 after 275 usecs
[   10.073945] calling  i2c_i801_init+0x0/0xc5 @ 1
[   10.089186] i801_smbus 0000:00:1f.3: SMBus using PCI interrupt
[   10.098817] i2c i2c-0: 1/1 memory slots populated (from DMI)
[   10.106590] i2c i2c-0: Memory type 0x07 not supported yet, not instantiating SPD
[   10.117238] initcall i2c_i801_init+0x0/0xc5 returned 0 after 35959 usecs
[   10.126770] calling  ptp_kvm_init+0x0/0xf0 @ 1
[   10.136643] initcall ptp_kvm_init+0x0/0xf0 returned 0 after 3083 usecs
[   10.148064] calling  dm_init+0x0/0x3c @ 1
[   10.160618] device-mapper: ioctl: 4.43.0-ioctl (2020-10-01) initialised: dm-devel@redhat.com
[   10.173874] initcall dm_init+0x0/0x3c returned 0 after 18299 usecs
[   10.183658] calling  dm_mirror_init+0x0/0x29 @ 1
[   10.190840] initcall dm_mirror_init+0x0/0x29 returned 0 after 3 usecs
[   10.200689] calling  dm_dirty_log_init+0x0/0x4f @ 1
[   10.208870] initcall dm_dirty_log_init+0x0/0x4f returned 0 after 326 usecs
[   10.219057] calling  dm_zero_init+0x0/0x29 @ 1
[   10.226386] initcall dm_zero_init+0x0/0x29 returned 0 after 3 usecs
[   10.235917] calling  intel_pstate_init+0x0/0x512 @ 1
[   10.246051] intel_pstate: CPU model not supported
[   10.253784] initcall intel_pstate_init+0x0/0x512 returned -19 after 7678 usecs
[   10.264936] calling  haltpoll_init+0x0/0xc0 @ 1
[   10.272231] initcall haltpoll_init+0x0/0xc0 returned -19 after 42 usecs
[   10.282586] calling  efivars_sysfs_init+0x0/0x30 @ 1
[   10.290655] initcall efivars_sysfs_init+0x0/0x30 returned 0 after 103 usecs
[   10.301323] calling  esrt_sysfs_init+0x0/0x2a2 @ 1
[   10.309452] initcall esrt_sysfs_init+0x0/0x2a2 returned -38 after 18 usecs
[   10.320935] calling  hid_init+0x0/0x5c @ 1
[   10.328198] hid: raw HID events driver (C) Jiri Kosina
[   10.336912] initcall hid_init+0x0/0x5c returned 0 after 8815 usecs
[   10.346909] calling  hid_generic_init+0x0/0x15 @ 1
[   10.357181] initcall hid_generic_init+0x0/0x15 returned 0 after 1739 usecs
[   10.367805] calling  a4_driver_init+0x0/0x15 @ 1
[   10.375233] initcall a4_driver_init+0x0/0x15 returned 0 after 70 usecs
[   10.385725] calling  apple_driver_init+0x0/0x15 @ 1
[   10.393857] initcall apple_driver_init+0x0/0x15 returned 0 after 95 usecs
[   10.404367] calling  belkin_driver_init+0x0/0x15 @ 1
[   10.411758] initcall belkin_driver_init+0x0/0x15 returned 0 after 43 usecs
[   10.421856] calling  ch_driver_init+0x0/0x15 @ 1
[   10.428066] initcall ch_driver_init+0x0/0x15 returned 0 after 56 usecs
[   10.436707] calling  ch_driver_init+0x0/0x15 @ 1
[   10.442667] initcall ch_driver_init+0x0/0x15 returned 0 after 63 usecs
[   10.451517] calling  cp_driver_init+0x0/0x15 @ 1
[   10.458079] initcall cp_driver_init+0x0/0x15 returned 0 after 63 usecs
[   10.475320] calling  ez_driver_init+0x0/0x15 @ 1
[   10.482063] initcall ez_driver_init+0x0/0x15 returned 0 after 44 usecs
[   10.491120] calling  gyration_driver_init+0x0/0x15 @ 1
[   10.498766] initcall gyration_driver_init+0x0/0x15 returned 0 after 42 usecs
[   10.509952] calling  ite_driver_init+0x0/0x15 @ 1
[   10.519994] initcall ite_driver_init+0x0/0x15 returned 0 after 303 usecs
[   10.533390] calling  ks_driver_init+0x0/0x15 @ 1
[   10.543031] initcall ks_driver_init+0x0/0x15 returned 0 after 82 usecs
[   10.552877] calling  lg_driver_init+0x0/0x15 @ 1
[   10.561042] initcall lg_driver_init+0x0/0x15 returned 0 after 65 usecs
[   10.584449] calling  lg_g15_driver_init+0x0/0x15 @ 1
[   10.592618] initcall lg_g15_driver_init+0x0/0x15 returned 0 after 65 usecs
[   10.602405] calling  ms_driver_init+0x0/0x15 @ 1
[   10.627116] initcall ms_driver_init+0x0/0x15 returned 0 after 64 usecs
[   10.652207] calling  mr_driver_init+0x0/0x15 @ 1
[   10.658589] initcall mr_driver_init+0x0/0x15 returned 0 after 72 usecs
[   10.685528] calling  ntrig_driver_init+0x0/0x15 @ 1
[   10.692257] initcall ntrig_driver_init+0x0/0x15 returned 0 after 64 usecs
[   10.701204] calling  pl_driver_init+0x0/0x15 @ 1
[   10.707327] initcall pl_driver_init+0x0/0x15 returned 0 after 45 usecs
[   10.716389] calling  pl_driver_init+0x0/0x15 @ 1
[   10.722652] initcall pl_driver_init+0x0/0x15 returned 0 after 43 usecs
[   10.731425] calling  redragon_driver_init+0x0/0x15 @ 1
[   10.738353] initcall redragon_driver_init+0x0/0x15 returned 0 after 40 usecs
[   10.747855] calling  samsung_driver_init+0x0/0x15 @ 1
[   10.755102] initcall samsung_driver_init+0x0/0x15 returned 0 after 75 usecs
[   10.764790] calling  sony_init+0x0/0x38 @ 1
[   10.770856] initcall sony_init+0x0/0x38 returned 0 after 48 usecs
[   10.779163] calling  sp_driver_init+0x0/0x15 @ 1
[   10.785740] initcall sp_driver_init+0x0/0x15 returned 0 after 50 usecs
[   10.794787] calling  ts_driver_init+0x0/0x15 @ 1
[   10.801041] initcall ts_driver_init+0x0/0x15 returned 0 after 38 usecs
[   10.819313] calling  hid_init+0x0/0x58 @ 1
[   10.824836] usbcore: registered new interface driver usbhid
[   10.831971] usbhid: USB HID core driver
[   10.837309] initcall hid_init+0x0/0x58 returned 0 after 12440 usecs
[   10.845217] calling  eeepc_laptop_init+0x0/0x57 @ 1
[   10.852194] initcall eeepc_laptop_init+0x0/0x57 returned -19 after 782 usecs
[   10.862788] calling  pmc_atom_init+0x0/0x27a @ 1
[   10.870708] initcall pmc_atom_init+0x0/0x27a returned -19 after 37 usecs
[   10.881586] calling  alsa_hwdep_init+0x0/0x5e @ 1
[   10.888983] initcall alsa_hwdep_init+0x0/0x5e returned 0 after 294 usecs
[   10.905164] calling  alsa_timer_init+0x0/0x1f9 @ 1
[   10.914396] initcall alsa_timer_init+0x0/0x1f9 returned 0 after 1117 usecs
[   10.919349] input: ImExPS/2 Generic Explorer Mouse as /devices/platform/i8042/serio1/input/input3
[   10.927196] calling  snd_hrtimer_init+0x0/0x117 @ 1
[   10.950822] initcall snd_hrtimer_init+0x0/0x117 returned 0 after 4 usecs
[   10.959772] calling  alsa_pcm_init+0x0/0x64 @ 1
[   10.965921] initcall alsa_pcm_init+0x0/0x64 returned 0 after 15 usecs
[   10.974476] calling  alsa_seq_init+0x0/0x4a @ 1
[   10.981740] initcall alsa_seq_init+0x0/0x4a returned 0 after 1147 usecs
[   10.990498] calling  alsa_seq_dummy_init+0x0/0x9c @ 1
[   10.997383] initcall alsa_seq_dummy_init+0x0/0x9c returned 0 after 148 usecs
[   10.999356] tasks-tracing-torture: rcu_torture_read_exit: End of episode
[   11.006752] calling  azx_driver_init+0x0/0x15 @ 1
[   11.006906] initcall azx_driver_init+0x0/0x15 returned 0 after 146 usecs
[   11.030907] calling  sock_diag_init+0x0/0x2a @ 1
[   11.037708] initcall sock_diag_init+0x0/0x2a returned 0 after 678 usecs
[   11.046770] calling  blackhole_init+0x0/0xc @ 1
[   11.052985] initcall blackhole_init+0x0/0xc returned 0 after 53 usecs
[   11.061214] calling  nfnetlink_init+0x0/0x61 @ 1
[   11.067381] initcall nfnetlink_init+0x0/0x61 returned 0 after 149 usecs
[   11.076666] calling  nfnetlink_log_init+0x0/0x99 @ 1
[   11.083378] initcall nfnetlink_log_init+0x0/0x99 returned 0 after 357 usecs
[   11.092787] calling  nf_conntrack_standalone_init+0x0/0x87 @ 1
[   11.102089] initcall nf_conntrack_standalone_init+0x0/0x87 returned 0 after 1304 usecs
[   11.111831] calling  ctnetlink_init+0x0/0x83 @ 1
[   11.120371] initcall ctnetlink_init+0x0/0x83 returned 0 after 44 usecs
[   11.130655] calling  nf_conntrack_ftp_init+0x0/0x12c @ 1
[   11.148721] initcall nf_conntrack_ftp_init+0x0/0x12c returned 0 after 73 usecs
[   11.159265] calling  nf_conntrack_irc_init+0x0/0x129 @ 1
[   11.166874] initcall nf_conntrack_irc_init+0x0/0x129 returned 0 after 40 usecs
[   11.176873] calling  nf_conntrack_sip_init+0x0/0x172 @ 1
[   11.184269] initcall nf_conntrack_sip_init+0x0/0x172 returned 0 after 37 usecs
[   11.194588] calling  nf_nat_init+0x0/0xf0 @ 1
[   11.201636] initcall nf_nat_init+0x0/0xf0 returned 0 after 687 usecs
[   11.210564] calling  nf_nat_ftp_init+0x0/0x2a @ 1
[   11.217076] initcall nf_nat_ftp_init+0x0/0x2a returned 0 after 37 usecs
[   11.226140] calling  nf_nat_irc_init+0x0/0x2a @ 1
