c[?7l[2J[0mSeaBIOS (version 1.16.0-debian-1.16.0-4)
Booting from ROM...
early console in setup code
c[?7l[2J[    0.000000] Linux version 5.10.157+ (root@joelboxx.c.googlers.com) (gcc (Debian 12.2.0-3) 12.2.0, GNU ld (GNU Binutils for Debian) 2.39) #4 SMP PREEMPT Tue Dec 13 03:28:25 UTC 2022
[    0.000000] Command line: selinux=0 initcall_debug debug console=ttyS0 maxcpus=8 nr_cpus=43 rcutree.gp_preinit_delay=3 rcutree.gp_init_delay=3 rcutree.gp_cleanup_delay=3 rcu_nocbs=0 rcutorture.fwd_progress=0 rcutorture.onoff_interval=1000 rcutorture.onoff_holdoff=30 rcutorture.n_barrier_cbs=4 rcutorture.stat_interval=15 rcutorture.shutdown_secs=1800 rcutorture.test_no_idle_hz=1 rcutorture.verbose=1
[    0.000000] x86/fpu: x87 FPU will use FXSAVE
[    0.000000] BIOS-provided physical RAM map:
[    0.000000] BIOS-e820: [mem 0x0000000000000000-0x000000000009fbff] usable
[    0.000000] BIOS-e820: [mem 0x000000000009fc00-0x000000000009ffff] reserved
[    0.000000] BIOS-e820: [mem 0x00000000000f0000-0x00000000000fffff] reserved
[    0.000000] BIOS-e820: [mem 0x0000000000100000-0x000000001ffdefff] usable
[    0.000000] BIOS-e820: [mem 0x000000001ffdf000-0x000000001fffffff] reserved
[    0.000000] BIOS-e820: [mem 0x00000000b0000000-0x00000000bfffffff] reserved
[    0.000000] BIOS-e820: [mem 0x00000000fed1c000-0x00000000fed1ffff] reserved
[    0.000000] BIOS-e820: [mem 0x00000000feffc000-0x00000000feffffff] reserved
[    0.000000] BIOS-e820: [mem 0x00000000fffc0000-0x00000000ffffffff] reserved
[    0.000000] NX (Execute Disable) protection: active
[    0.000000] SMBIOS 2.8 present.
[    0.000000] DMI: QEMU Standard PC (Q35 + ICH9, 2009), BIOS 1.16.0-debian-1.16.0-4 04/01/2014
[    0.000000] Hypervisor detected: KVM
[    0.000000] kvm-clock: Using msrs 4b564d01 and 4b564d00
[    0.000000] kvm-clock: cpu 0, msr 18872001, primary cpu clock
[    0.000001] kvm-clock: using sched offset of 3247808294 cycles
[    0.000226] clocksource: kvm-clock: mask: 0xffffffffffffffff max_cycles: 0x1cd42e4dffb, max_idle_ns: 881590591483 ns
[    0.000366] tsc: Detected 1999.999 MHz processor
[    0.011823] e820: update [mem 0x00000000-0x00000fff] usable ==> reserved
[    0.011854] e820: remove [mem 0x000a0000-0x000fffff] usable
[    0.011861] last_pfn = 0x1ffdf max_arch_pfn = 0x400000000
[    0.012836] MTRR default type: write-back
[    0.012921] MTRR fixed ranges enabled:
[    0.012923]   00000-9FFFF write-back
[    0.012924]   A0000-BFFFF uncachable
[    0.012925]   C0000-FFFFF write-protect
[    0.012926] MTRR variable ranges enabled:
[    0.012928]   0 base 00C0000000 mask FFC0000000 uncachable
[    0.012929]   1 disabled
[    0.012930]   2 disabled
[    0.012931]   3 disabled
[    0.012932]   4 disabled
[    0.012933]   5 disabled
[    0.012933]   6 disabled
[    0.012934]   7 disabled
[    0.013333] x86/PAT: Configuration [0-7]: WB  WC  UC- UC  WB  WC  UC- UC  
[    0.022354] found SMP MP-table at [mem 0x000f5ba0-0x000f5baf]
[    0.025837] check: Scanning 1 areas for low memory corruption
[    0.041295] ACPI: Early table checksum verification disabled
[    0.045404] ACPI: RSDP 0x00000000000F59E0 000014 (v00 BOCHS )
[    0.045819] ACPI: RSDT 0x000000001FFE3206 000038 (v01 BOCHS  BXPC     00000001 BXPC 00000001)
[    0.046284] ACPI: FACP 0x000000001FFE2EAE 0000F4 (v03 BOCHS  BXPC     00000001 BXPC 00000001)
[    0.046507] ACPI: DSDT 0x000000001FFE0040 002E6E (v01 BOCHS  BXPC     00000001 BXPC 00000001)
[    0.046512] ACPI: FACS 0x000000001FFE0000 000040
[    0.046516] ACPI: APIC 0x000000001FFE2FA2 0001C8 (v01 BOCHS  BXPC     00000001 BXPC 00000001)
[    0.046521] ACPI: HPET 0x000000001FFE316A 000038 (v01 BOCHS  BXPC     00000001 BXPC 00000001)
[    0.046525] ACPI: MCFG 0x000000001FFE31A2 00003C (v01 BOCHS  BXPC     00000001 BXPC 00000001)
[    0.046529] ACPI: WAET 0x000000001FFE31DE 000028 (v01 BOCHS  BXPC     00000001 BXPC 00000001)
[    0.046534] ACPI: Reserving FACP table memory at [mem 0x1ffe2eae-0x1ffe2fa1]
[    0.046767] ACPI: Reserving DSDT table memory at [mem 0x1ffe0040-0x1ffe2ead]
[    0.046877] ACPI: Reserving FACS table memory at [mem 0x1ffe0000-0x1ffe003f]
[    0.046879] ACPI: Reserving APIC table memory at [mem 0x1ffe2fa2-0x1ffe3169]
[    0.046880] ACPI: Reserving HPET table memory at [mem 0x1ffe316a-0x1ffe31a1]
[    0.046881] ACPI: Reserving MCFG table memory at [mem 0x1ffe31a2-0x1ffe31dd]
[    0.046883] ACPI: Reserving WAET table memory at [mem 0x1ffe31de-0x1ffe3205]
[    0.048674] ACPI: Local APIC address 0xfee00000
[    0.055418] No NUMA configuration found
[    0.055480] Faking a node at [mem 0x0000000000000000-0x000000001ffdefff]
[    0.056144] NODE_DATA(0) allocated [mem 0x1ffbd000-0x1ffdefff]
[    0.064290] Zone ranges:
[    0.064460]   DMA      [mem 0x0000000000001000-0x0000000000ffffff]
[    0.064534]   DMA32    [mem 0x0000000001000000-0x000000001ffdefff]
[    0.064536]   Normal   empty
[    0.064537] Movable zone start for each node
[    0.064540] Early memory node ranges
[    0.064542]   node   0: [mem 0x0000000000001000-0x000000000009efff]
[    0.064625]   node   0: [mem 0x0000000000100000-0x000000001ffdefff]
[    0.064706] Initmem setup node 0 [mem 0x0000000000001000-0x000000001ffdefff]
[    0.064708] On node 0 totalpages: 130941
[    0.064860]   DMA zone: 64 pages used for memmap
[    0.064861]   DMA zone: 21 pages reserved
[    0.064938]   DMA zone: 3998 pages, LIFO batch:0
[    0.064940]   DMA32 zone: 1984 pages used for memmap
[    0.064941]   DMA32 zone: 126943 pages, LIFO batch:31
[    0.070601] On node 0, zone DMA: 1 pages in unavailable ranges
[    0.075150] On node 0, zone DMA: 97 pages in unavailable ranges
[    0.194488] On node 0, zone DMA32: 33 pages in unavailable ranges
[    0.198165] ACPI: PM-Timer IO Port: 0x608
[    0.198171] ACPI: Local APIC address 0xfee00000
[    0.198614] ACPI: LAPIC_NMI (acpi_id[0xff] dfl dfl lint[0x1])
[    0.199750] IOAPIC[0]: apic_id 0, version 17, address 0xfec00000, GSI 0-23
[    0.199756] ACPI: INT_SRC_OVR (bus 0 bus_irq 0 global_irq 2 dfl dfl)
[    0.199882] ACPI: INT_SRC_OVR (bus 0 bus_irq 5 global_irq 5 high level)
[    0.199884] ACPI: INT_SRC_OVR (bus 0 bus_irq 9 global_irq 9 high level)
[    0.200049] ACPI: INT_SRC_OVR (bus 0 bus_irq 10 global_irq 10 high level)
[    0.200050] ACPI: INT_SRC_OVR (bus 0 bus_irq 11 global_irq 11 high level)
[    0.200053] ACPI: IRQ0 used by override.
[    0.200054] ACPI: IRQ5 used by override.
[    0.200055] ACPI: IRQ9 used by override.
[    0.200056] ACPI: IRQ10 used by override.
[    0.200112] ACPI: IRQ11 used by override.
[    0.200234] Using ACPI (MADT) for SMP configuration information
[    0.200313] ACPI: HPET id: 0x8086a201 base: 0xfed00000
[    0.200862] smpboot: Allowing 43 CPUs, 0 hotplug CPUs
[    0.202807] PM: hibernation: Registered nosave memory: [mem 0x00000000-0x00000fff]
[    0.202810] PM: hibernation: Registered nosave memory: [mem 0x0009f000-0x0009ffff]
[    0.202812] PM: hibernation: Registered nosave memory: [mem 0x000a0000-0x000effff]
[    0.202813] PM: hibernation: Registered nosave memory: [mem 0x000f0000-0x000fffff]
[    0.202828] [mem 0x20000000-0xafffffff] available for PCI devices
[    0.202914] Booting paravirtualized kernel on KVM
[    0.203406] clocksource: refined-jiffies: mask: 0xffffffff max_cycles: 0xffffffff, max_idle_ns: 1910969940391419 ns
[    0.264046] setup_percpu: NR_CPUS:8192 nr_cpumask_bits:43 nr_cpu_ids:43 nr_node_ids:1
[    0.416688] percpu: Embedded 56 pages/cpu s191448 r8192 d29736 u262144
[    0.416751] pcpu-alloc: s191448 r8192 d29736 u262144 alloc=1*2097152
[    0.416820] pcpu-alloc: [0] 00 01 02 03 04 05 06 07 [0] 08 09 10 11 12 13 14 15 
[    0.416833] pcpu-alloc: [0] 16 17 18 19 20 21 22 23 [0] 24 25 26 27 28 29 30 31 
[    0.416846] pcpu-alloc: [0] 32 33 34 35 36 37 38 39 [0] 40 41 42 -- -- -- -- -- 
[    0.417291] kvm-guest: stealtime: cpu 0, msr 1ea1b600
[    0.417565] Built 1 zonelists, mobility grouping on.  Total pages: 128872
[    0.417567] Policy zone: DMA32
[    0.417592] Kernel command line: selinux=0 initcall_debug debug console=ttyS0 maxcpus=8 nr_cpus=43 rcutree.gp_preinit_delay=3 rcutree.gp_init_delay=3 rcutree.gp_cleanup_delay=3 rcu_nocbs=0 rcutorture.fwd_progress=0 rcutorture.onoff_interval=1000 rcutorture.onoff_holdoff=30 rcutorture.n_barrier_cbs=4 rcutorture.stat_interval=15 rcutorture.shutdown_secs=1800 rcutorture.test_no_idle_hz=1 rcutorture.verbose=1
[    0.421499] printk: log_buf_len individual max cpu contribution: 4096 bytes
[    0.421502] printk: log_buf_len total cpu_extra contributions: 172032 bytes
[    0.421503] printk: log_buf_len min size: 262144 bytes
[    0.435610] printk: log_buf_len: 524288 bytes
[    0.435613] printk: early log buf free: 254248(96%)
[    0.437393] Dentry cache hash table entries: 65536 (order: 7, 524288 bytes, linear)
[    0.444071] Inode-cache hash table entries: 32768 (order: 6, 262144 bytes, linear)
[    0.445582] mem auto-init: stack:all(zero), heap alloc:off, heap free:off
[    0.450539] Memory: 465404K/523764K available (16397K kernel code, 3411K rwdata, 4832K rodata, 2188K init, 1896K bss, 58100K reserved, 0K cma-reserved)
[    0.451522] SLUB: HWalign=64, Order=0-3, MinObjects=0, CPUs=43, Nodes=1
[    0.451669] Kernel/User page tables isolation: enabled
[    0.461213] rcu: Preemptible hierarchical RCU implementation.
[    0.461216] rcu: 	RCU event tracing is enabled.
[    0.461218] rcu: 	RCU dyntick-idle grace-period acceleration is enabled.
[    0.461236] rcu: 	RCU restricting CPUs from NR_CPUS=8192 to nr_cpu_ids=43.
[    0.461262] rcu: 	RCU debug GP pre-init slowdown 3 jiffies.
[    0.461264] rcu: 	RCU debug GP init slowdown 3 jiffies.
[    0.461265] rcu: 	RCU debug GP init slowdown 3 jiffies.
[    0.461315] 	Trampoline variant of Tasks RCU enabled.
[    0.461317] 	Rude variant of Tasks RCU enabled.
[    0.461317] 	Tracing variant of Tasks RCU enabled.
[    0.461386] rcu: RCU calculated value of scheduler-enlistment delay is 100 jiffies.
[    0.461388] rcu: Adjusting geometry for rcu_fanout_leaf=16, nr_cpu_ids=43
[    0.468528] NR_IRQS: 524544, nr_irqs: 768, preallocated irqs: 16
[    0.469215] rcu: 	Offload RCU callbacks from CPUs: 0.
[    0.470301] calling  con_init+0x0/0x22a @ 0
[    0.546609] Console: colour VGA+ 80x25
[    0.546621] initcall con_init+0x0/0x22a returned 0 after 0 usecs
[    0.546625] calling  hvc_console_init+0x0/0x13 @ 0
[    0.546638] initcall hvc_console_init+0x0/0x13 returned 0 after 0 usecs
[    0.546640] calling  univ8250_console_init+0x0/0x26 @ 0
[    1.571750] printk: console [ttyS0] enabled
[    1.577378] initcall univ8250_console_init+0x0/0x26 returned 0 after 0 usecs
[    1.589858] ACPI: Core revision 20200925
[    1.599109] clocksource: hpet: mask: 0xffffffff max_cycles: 0xffffffff, max_idle_ns: 19112604467 ns
[    1.613589] APIC: Switch to symmetric I/O mode setup
[    1.620575] Switched APIC routing to physical flat.
[    1.646575] ..TIMER: vector=0x30 apic1=0 pin1=2 apic2=-1 pin2=-1
[    1.655330] clocksource: tsc-early: mask: 0xffffffffffffffff max_cycles: 0x39a85afc727, max_idle_ns: 881590685098 ns
[    1.668858] Calibrating delay loop (skipped) preset value.. 3999.99 BogoMIPS (lpj=1999999)
[    1.669916] pid_max: default: 44032 minimum: 344
[    1.673039] LSM: Security Framework initializing
[    1.674906] Mount-cache hash table entries: 1024 (order: 1, 8192 bytes, linear)
[    1.675816] Mountpoint-cache hash table entries: 1024 (order: 1, 8192 bytes, linear)
[    1.686406] Last level iTLB entries: 4KB 0, 2MB 0, 4MB 0
[    1.686811] Last level dTLB entries: 4KB 0, 2MB 0, 4MB 0, 1GB 0
[    1.687987] Spectre V1 : Mitigation: usercopy/swapgs barriers and __user pointer sanitization
[    1.688828] Spectre V2 : Mitigation: Retpolines
[    1.689811] Spectre V2 : Spectre v2 / SpectreRSB mitigation: Filling RSB on context switch
[    1.690811] Spectre V2 : Spectre v2 / SpectreRSB : Filling RSB on VMEXIT
[    1.691812] Speculative Store Bypass: Vulnerable
[    1.692857] MDS: Vulnerable: Clear CPU buffers attempted, no microcode
[    1.693811] MMIO Stale Data: Unknown: No mitigations
[    1.744911] Freeing SMP alternatives memory: 40K
[    1.851391] smpboot: CPU0: Intel Common KVM processor (family: 0xf, model: 0x6, stepping: 0x1)
[    1.852232] calling  init_hw_perf_events+0x0/0x6ce @ 1
[    1.852812] Performance Events: unsupported Netburst CPU model 6 no PMU driver, software events only.
[    1.853837] initcall init_hw_perf_events+0x0/0x6ce returned 0 after 976 usecs
[    1.854819] calling  init_real_mode+0x0/0x1e9 @ 1
[    1.857256] initcall init_real_mode+0x0/0x1e9 returned 0 after 976 usecs
[    1.857817] calling  trace_init_perf_perm_irq_work_exit+0x0/0x12 @ 1
[    1.859815] initcall trace_init_perf_perm_irq_work_exit+0x0/0x12 returned 0 after 976 usecs
[    1.860839] calling  validate_x2apic+0x0/0x4a @ 1
[    1.861852] initcall validate_x2apic+0x0/0x4a returned 0 after 0 usecs
[    1.862814] calling  register_nmi_cpu_backtrace_handler+0x0/0x15 @ 1
[    1.863819] initcall register_nmi_cpu_backtrace_handler+0x0/0x15 returned 0 after 0 usecs
[    1.864819] calling  kvm_setup_vsyscall_timeinfo+0x0/0xd0 @ 1
[    1.865819] initcall kvm_setup_vsyscall_timeinfo+0x0/0xd0 returned 0 after 0 usecs
[    1.866832] calling  spawn_ksoftirqd+0x0/0x38 @ 1
[    1.867884] initcall spawn_ksoftirqd+0x0/0x38 returned 0 after 0 usecs
[    1.868818] calling  migration_init+0x0/0x31 @ 1
[    1.869818] initcall migration_init+0x0/0x31 returned 0 after 0 usecs
[    1.870815] calling  srcu_bootup_announce+0x0/0x2f @ 1
[    1.871818] rcu: Hierarchical SRCU implementation.
[    1.872838] initcall srcu_bootup_announce+0x0/0x2f returned 0 after 976 usecs
[    1.873815] calling  rcu_spawn_gp_kthread+0x0/0x1dd @ 1
[    1.875333] initcall rcu_spawn_gp_kthread+0x0/0x1dd returned 0 after 0 usecs
[    1.875819] calling  check_cpu_stall_init+0x0/0x1a @ 1
[    1.876817] initcall check_cpu_stall_init+0x0/0x1a returned 0 after 0 usecs
[    1.877832] calling  rcu_sysrq_init+0x0/0x21 @ 1
[    1.878821] initcall rcu_sysrq_init+0x0/0x21 returned 0 after 0 usecs
[    1.880817] calling  trace_init_flags_sys_enter+0x0/0xe @ 1
[    1.881822] initcall trace_init_flags_sys_enter+0x0/0xe returned 0 after 0 usecs
[    1.882814] calling  trace_init_flags_sys_exit+0x0/0xe @ 1
[    1.883814] initcall trace_init_flags_sys_exit+0x0/0xe returned 0 after 0 usecs
[    1.884818] calling  cpu_stop_init+0x0/0x6e @ 1
[    1.885895] initcall cpu_stop_init+0x0/0x6e returned 0 after 0 usecs
[    1.886816] calling  init_kprobes+0x0/0x165 @ 1
[    1.889379] initcall init_kprobes+0x0/0x165 returned 0 after 976 usecs
[    1.889814] calling  init_events+0x0/0x3d @ 1
[    1.891300] initcall init_events+0x0/0x3d returned 0 after 0 usecs
[    1.891814] calling  init_trace_printk+0x0/0xc @ 1
[    1.892833] initcall init_trace_printk+0x0/0xc returned 0 after 0 usecs
[    1.893817] calling  event_trace_enable_again+0x0/0x23 @ 1
[    1.894818] initcall event_trace_enable_again+0x0/0x23 returned 0 after 0 usecs
[    1.895815] calling  static_call_init+0x0/0x77 @ 1
[    1.896838] initcall static_call_init+0x0/0x77 returned 0 after 0 usecs
[    1.898814] calling  jump_label_init_module+0x0/0xc @ 1
[    1.899816] initcall jump_label_init_module+0x0/0xc returned 0 after 0 usecs
[    1.900817] calling  init_zero_pfn+0x0/0x37 @ 1
[    1.901817] initcall init_zero_pfn+0x0/0x37 returned 0 after 0 usecs
[    1.902817] calling  initialize_ptr_random+0x0/0x54 @ 1
[    1.903818] initcall initialize_ptr_random+0x0/0x54 returned 0 after 0 usecs
[    1.904836] calling  efi_memreserve_root_init+0x0/0x25 @ 1
[    1.905853] initcall efi_memreserve_root_init+0x0/0x25 returned 0 after 0 usecs
[    1.906814] calling  efi_earlycon_remap_fb+0x0/0x51 @ 1
[    1.907814] initcall efi_earlycon_remap_fb+0x0/0x51 returned 0 after 0 usecs
[    1.911962] smp: Bringing up secondary CPUs ...
[    1.913338] x86: Booting SMP configuration:
[    1.913855] .... node  #0, CPUs:        #1
[    1.193472] kvm-clock: cpu 1, msr 18872041, secondary cpu clock
[    1.938979] kvm-guest: stealtime: cpu 1, msr 1ea5b600
[    1.954211]   #2
[    1.193472] kvm-clock: cpu 2, msr 18872081, secondary cpu clock
[    1.979962] kvm-guest: stealtime: cpu 2, msr 1ea9b600
[    1.994707]   #3
[    1.193472] kvm-clock: cpu 3, msr 188720c1, secondary cpu clock
[    2.018954] kvm-guest: stealtime: cpu 3, msr 1eadb600
[    2.033302]   #4
[    1.193472] kvm-clock: cpu 4, msr 18872101, secondary cpu clock
[    2.056984] kvm-guest: stealtime: cpu 4, msr 1eb1b600
[    2.072819]   #5
[    1.193472] kvm-clock: cpu 5, msr 18872141, secondary cpu clock
[    2.095966] kvm-guest: stealtime: cpu 5, msr 1eb5b600
[    2.111820]   #6
[    1.193472] kvm-clock: cpu 6, msr 18872181, secondary cpu clock
[    2.136000] kvm-guest: stealtime: cpu 6, msr 1eb9b600
[    2.150825]   #7
[    1.193472] kvm-clock: cpu 7, msr 188721c1, secondary cpu clock
[    2.173970] kvm-guest: stealtime: cpu 7, msr 1ebdb600
[    2.187852] smp: Brought up 1 node, 8 CPUs
[    2.189830] smpboot: Max logical packages: 6
[    2.190813] smpboot: Total of 8 processors activated (31999.98 BogoMIPS)
[    2.211812] devtmpfs: initialized
[    2.215655] calling  ipc_ns_init+0x0/0x3d @ 1
[    2.215929] initcall ipc_ns_init+0x0/0x3d returned 0 after 0 usecs
[    2.216817] calling  init_mmap_min_addr+0x0/0x21 @ 1
[    2.217816] initcall init_mmap_min_addr+0x0/0x21 returned 0 after 0 usecs
[    2.218815] calling  pci_realloc_setup_params+0x0/0x3f @ 1
[    2.219816] initcall pci_realloc_setup_params+0x0/0x3f returned 0 after 0 usecs
[    2.220816] calling  net_ns_init+0x0/0x140 @ 1
[    2.223020] initcall net_ns_init+0x0/0x140 returned 0 after 976 usecs
[    2.223842] calling  e820__register_nvs_regions+0x0/0x37 @ 1
[    2.224818] initcall e820__register_nvs_regions+0x0/0x37 returned 0 after 0 usecs
[    2.225814] calling  cpufreq_register_tsc_scaling+0x0/0x2e @ 1
[    2.226815] initcall cpufreq_register_tsc_scaling+0x0/0x2e returned 0 after 0 usecs
[    2.227818] calling  reboot_init+0x0/0x3c @ 1
[    2.228907] initcall reboot_init+0x0/0x3c returned 0 after 0 usecs
[    2.229816] calling  init_lapic_sysfs+0x0/0x20 @ 1
[    2.230816] initcall init_lapic_sysfs+0x0/0x20 returned 0 after 0 usecs
[    2.231815] calling  alloc_frozen_cpus+0x0/0x1d @ 1
[    2.232816] initcall alloc_frozen_cpus+0x0/0x1d returned 0 after 0 usecs
[    2.233815] calling  cpu_hotplug_pm_sync_init+0x0/0x13 @ 1
[    2.234816] initcall cpu_hotplug_pm_sync_init+0x0/0x13 returned 0 after 0 usecs
[    2.235815] calling  wq_sysfs_init+0x0/0x2a @ 1
[    2.236872] initcall wq_sysfs_init+0x0/0x2a returned 0 after 0 usecs
[    2.237816] calling  ksysfs_init+0x0/0x92 @ 1
[    2.238861] initcall ksysfs_init+0x0/0x92 returned 0 after 0 usecs
[    2.240815] calling  schedutil_gov_init+0x0/0xc @ 1
[    2.241914] initcall schedutil_gov_init+0x0/0xc returned 0 after 0 usecs
[    2.242816] calling  pm_init+0x0/0x76 @ 1
[    2.243881] initcall pm_init+0x0/0x76 returned 0 after 0 usecs
[    2.244815] calling  pm_disk_init+0x0/0x13 @ 1
[    2.245900] initcall pm_disk_init+0x0/0x13 returned 0 after 0 usecs
[    2.246814] calling  swsusp_header_init+0x0/0x2b @ 1
[    2.247817] initcall swsusp_header_init+0x0/0x2b returned 0 after 0 usecs
[    2.248814] calling  rcu_set_runtime_mode+0x0/0x16 @ 1
[    2.251444] initcall rcu_set_runtime_mode+0x0/0x16 returned 0 after 976 usecs
[    2.251814] calling  init_jiffies_clocksource+0x0/0x13 @ 1
[    2.252813] clocksource: jiffies: mask: 0xffffffff max_cycles: 0xffffffff, max_idle_ns: 1911260446275000 ns
[    2.253817] initcall init_jiffies_clocksource+0x0/0x13 returned 0 after 976 usecs
[    2.254817] calling  futex_init+0x0/0xfd @ 1
[    2.255856] futex hash table entries: 16384 (order: 8, 1048576 bytes, linear)
[    2.261690] initcall futex_init+0x0/0xfd returned 0 after 4882 usecs
[    2.261814] calling  cgroup_wq_init+0x0/0x28 @ 1
[    2.262852] initcall cgroup_wq_init+0x0/0x28 returned 0 after 0 usecs
[    2.263814] calling  cgroup1_wq_init+0x0/0x28 @ 1
[    2.264843] initcall cgroup1_wq_init+0x0/0x28 returned 0 after 0 usecs
[    2.265815] calling  init_kprobe_trace_early+0x0/0x2a @ 1
[    2.267014] initcall init_kprobe_trace_early+0x0/0x2a returned 0 after 0 usecs
[    2.267816] calling  fsnotify_init+0x0/0x48 @ 1
[    2.268877] initcall fsnotify_init+0x0/0x48 returned 0 after 0 usecs
[    2.269813] calling  filelock_init+0x0/0x96 @ 1
[    2.271286] initcall filelock_init+0x0/0x96 returned 0 after 0 usecs
[    2.271819] calling  init_misc_binfmt+0x0/0x2c @ 1
[    2.272842] initcall init_misc_binfmt+0x0/0x2c returned 0 after 0 usecs
[    2.273818] calling  init_script_binfmt+0x0/0x15 @ 1
[    2.274821] initcall init_script_binfmt+0x0/0x15 returned 0 after 0 usecs
[    2.275818] calling  init_elf_binfmt+0x0/0x15 @ 1
[    2.276825] initcall init_elf_binfmt+0x0/0x15 returned 0 after 0 usecs
[    2.277818] calling  init_compat_elf_binfmt+0x0/0x15 @ 1
[    2.278817] initcall init_compat_elf_binfmt+0x0/0x15 returned 0 after 0 usecs
[    2.279815] calling  debugfs_init+0x0/0x5c @ 1
[    2.280840] initcall debugfs_init+0x0/0x5c returned 0 after 0 usecs
[    2.281814] calling  tracefs_init+0x0/0x3a @ 1
[    2.282820] initcall tracefs_init+0x0/0x3a returned 0 after 0 usecs
[    2.283814] calling  prandom_init_early+0x0/0x15d @ 1
[    2.284816] initcall prandom_init_early+0x0/0x15d returned 0 after 0 usecs
[    2.285902] calling  virtio_init+0x0/0x20 @ 1
[    2.286907] initcall virtio_init+0x0/0x20 returned 0 after 0 usecs
[    2.287814] calling  iommu_init+0x0/0x2a @ 1
[    2.288871] initcall iommu_init+0x0/0x2a returned 0 after 0 usecs
[    2.289847] calling  component_debug_init+0x0/0x1c @ 1
[    2.290919] initcall component_debug_init+0x0/0x1c returned 0 after 0 usecs
[    2.291819] calling  early_resume_init+0x0/0xb9 @ 1
[    2.293813] PM: RTC time: 03:48:46, date: 2022-12-13
[    2.294860] initcall early_resume_init+0x0/0xb9 returned 0 after 1953 usecs
[    2.295844] calling  cpufreq_core_init+0x0/0x62 @ 1
[    2.296839] initcall cpufreq_core_init+0x0/0x62 returned 0 after 0 usecs
[    2.298815] calling  cpufreq_gov_performance_init+0x0/0xc @ 1
[    2.299817] initcall cpufreq_gov_performance_init+0x0/0xc returned 0 after 0 usecs
[    2.300814] calling  cpufreq_gov_userspace_init+0x0/0xc @ 1
[    2.301815] initcall cpufreq_gov_userspace_init+0x0/0xc returned 0 after 0 usecs
[    2.302814] calling  CPU_FREQ_GOV_ONDEMAND_init+0x0/0xc @ 1
[    2.303815] initcall CPU_FREQ_GOV_ONDEMAND_init+0x0/0xc returned 0 after 0 usecs
[    2.304813] calling  cpuidle_init+0x0/0x1f @ 1
[    2.305847] initcall cpuidle_init+0x0/0x1f returned 0 after 0 usecs
[    2.306815] calling  capsule_reboot_register+0x0/0xc @ 1
[    2.307838] initcall capsule_reboot_register+0x0/0xc returned 0 after 0 usecs
[    2.308813] calling  sock_init+0x0/0x93 @ 1
[    2.312835] initcall sock_init+0x0/0x93 returned 0 after 2929 usecs
[    2.313815] calling  net_inuse_init+0x0/0x23 @ 1
[    2.314825] initcall net_inuse_init+0x0/0x23 returned 0 after 0 usecs
[    2.315815] calling  net_defaults_init+0x0/0x23 @ 1
[    2.316816] initcall net_defaults_init+0x0/0x23 returned 0 after 0 usecs
[    2.317815] calling  init_default_flow_dissectors+0x0/0x4f @ 1
[    2.318839] initcall init_default_flow_dissectors+0x0/0x4f returned 0 after 0 usecs
[    2.319816] calling  netpoll_init+0x0/0x26 @ 1
[    2.320814] initcall netpoll_init+0x0/0x26 returned 0 after 0 usecs
[    2.321814] calling  netlink_proto_init+0x0/0x14f @ 1
[    2.324022] NET: Registered protocol family 16
[    2.324847] initcall netlink_proto_init+0x0/0x14f returned 0 after 1953 usecs
[    2.325816] calling  genl_init+0x0/0x35 @ 1
[    2.326889] initcall genl_init+0x0/0x35 returned 0 after 0 usecs
[    2.327873] calling  bsp_pm_check_init+0x0/0x13 @ 1
[    2.329815] initcall bsp_pm_check_init+0x0/0x13 returned 0 after 0 usecs
[    2.330859] calling  irq_sysfs_init+0x0/0xb7 @ 1
[    2.331867] initcall irq_sysfs_init+0x0/0xb7 returned 0 after 0 usecs
[    2.332814] calling  audit_init+0x0/0x160 @ 1
[    2.333826] audit: initializing netlink subsys (disabled)
[    2.336281] initcall audit_init+0x0/0x160 returned 0 after 1953 usecs
[    2.336113] audit: type=2000 audit(1670903324.937:1): state=initialized audit_enabled=0 res=1
[    2.336814] calling  release_early_probes+0x0/0x32 @ 1
[    2.338819] initcall release_early_probes+0x0/0x32 returned 0 after 0 usecs
[    2.339817] calling  bdi_class_init+0x0/0x48 @ 1
[    2.341884] initcall bdi_class_init+0x0/0x48 returned 0 after 976 usecs
[    2.342815] calling  mm_sysfs_init+0x0/0x28 @ 1
[    2.343819] initcall mm_sysfs_init+0x0/0x28 returned 0 after 0 usecs
[    2.344814] calling  init_per_zone_wmark_min+0x0/0x6d @ 1
[    2.345828] initcall init_per_zone_wmark_min+0x0/0x6d returned 0 after 0 usecs
[    2.346814] calling  mpi_init+0x0/0x3e @ 1
[    2.347839] initcall mpi_init+0x0/0x3e returned 0 after 0 usecs
[    2.348813] calling  kobject_uevent_init+0x0/0xc @ 1
[    2.349823] initcall kobject_uevent_init+0x0/0xc returned 0 after 0 usecs
[    2.350813] calling  pcibus_class_init+0x0/0x13 @ 1
[    2.351826] initcall pcibus_class_init+0x0/0x13 returned 0 after 0 usecs
[    2.352813] calling  pci_driver_init+0x0/0x21 @ 1
[    2.353882] initcall pci_driver_init+0x0/0x21 returned 0 after 0 usecs
[    2.354814] calling  backlight_class_init+0x0/0xa8 @ 1
[    2.355844] initcall backlight_class_init+0x0/0xa8 returned 0 after 0 usecs
[    2.356815] calling  tty_class_init+0x0/0x33 @ 1
[    2.357824] initcall tty_class_init+0x0/0x33 returned 0 after 0 usecs
[    2.358815] calling  vtconsole_class_init+0x0/0xb5 @ 1
[    2.359896] initcall vtconsole_class_init+0x0/0xb5 returned 0 after 0 usecs
[    2.360814] calling  iommu_dev_init+0x0/0x13 @ 1
[    2.361844] initcall iommu_dev_init+0x0/0x13 returned 0 after 0 usecs
[    2.362813] calling  mipi_dsi_bus_init+0x0/0xc @ 1
[    2.363876] initcall mipi_dsi_bus_init+0x0/0xc returned 0 after 0 usecs
[    2.364839] calling  devlink_class_init+0x0/0x40 @ 1
[    2.365820] initcall devlink_class_init+0x0/0x40 returned 0 after 0 usecs
[    2.366816] calling  software_node_init+0x0/0x2a @ 1
[    2.367819] initcall software_node_init+0x0/0x2a returned 0 after 0 usecs
[    2.368814] calling  wakeup_sources_debugfs_init+0x0/0x23 @ 1
[    2.369876] initcall wakeup_sources_debugfs_init+0x0/0x23 returned 0 after 0 usecs
[    2.370815] calling  wakeup_sources_sysfs_init+0x0/0x2c @ 1
[    2.371825] initcall wakeup_sources_sysfs_init+0x0/0x2c returned 0 after 0 usecs
[    2.372815] calling  register_node_type+0x0/0x13 @ 1
[    2.373886] initcall register_node_type+0x0/0x13 returned 0 after 0 usecs
[    2.374813] calling  regmap_initcall+0x0/0xc @ 1
[    2.375943] initcall regmap_initcall+0x0/0xc returned 0 after 0 usecs
[    2.376814] calling  i2c_init+0x0/0xb3 @ 1
[    2.377963] initcall i2c_init+0x0/0xb3 returned 0 after 0 usecs
[    2.378814] calling  thermal_init+0x0/0xf2 @ 1
[    2.379850] thermal_sys: Registered thermal governor 'step_wise'
[    2.379851] thermal_sys: Registered thermal governor 'user_space'
[    2.380831] initcall thermal_init+0x0/0xf2 returned 0 after 976 usecs
[    2.382816] calling  init_menu+0x0/0xc @ 1
[    2.386040] cpuidle: using governor menu
[    2.391816] initcall init_menu+0x0/0xc returned 0 after 7812 usecs
[    2.399818] calling  pcc_init+0x0/0x4d @ 1
[    2.405834] initcall pcc_init+0x0/0x4d returned -19 after 0 usecs
[    2.413816] calling  amd_postcore_init+0x0/0x11e @ 1
[    2.420814] initcall amd_postcore_init+0x0/0x11e returned 0 after 0 usecs
[    2.429840] calling  bts_init+0x0/0xba @ 1
[    2.435815] initcall bts_init+0x0/0xba returned -19 after 0 usecs
[    2.443815] calling  pt_init+0x0/0x341 @ 1
[    2.449815] initcall pt_init+0x0/0x341 returned -19 after 0 usecs
[    2.459829] calling  boot_params_ksysfs_init+0x0/0x2ee @ 1
[    2.468881] initcall boot_params_ksysfs_init+0x0/0x2ee returned 0 after 0 usecs
[    2.481824] calling  sbf_init+0x0/0xea @ 1
[    2.487822] initcall sbf_init+0x0/0xea returned 0 after 0 usecs
[    2.495817] calling  arch_kdebugfs_init+0x0/0x219 @ 1
[    2.503032] initcall arch_kdebugfs_init+0x0/0x219 returned 0 after 0 usecs
[    2.511816] calling  intel_pconfig_init+0x0/0x85 @ 1
[    2.518818] initcall intel_pconfig_init+0x0/0x85 returned 0 after 0 usecs
[    2.527824] calling  mtrr_if_init+0x0/0x5d @ 1
[    2.537861] initcall mtrr_if_init+0x0/0x5d returned 0 after 3906 usecs
[    2.546817] calling  activate_jump_labels+0x0/0x31 @ 1
[    2.554820] initcall activate_jump_labels+0x0/0x31 returned 0 after 0 usecs
[    2.564821] calling  ffh_cstate_init+0x0/0x29 @ 1
[    2.571828] initcall ffh_cstate_init+0x0/0x29 returned 0 after 0 usecs
[    2.582820] calling  activate_jump_labels+0x0/0x31 @ 1
[    2.595855] initcall activate_jump_labels+0x0/0x31 returned 0 after 3906 usecs
[    2.604822] calling  kvm_alloc_cpumask+0x0/0x87 @ 1
[    2.611871] initcall kvm_alloc_cpumask+0x0/0x87 returned 0 after 0 usecs
[    2.620817] calling  kcmp_cookies_init+0x0/0x37 @ 1
[    2.626821] initcall kcmp_cookies_init+0x0/0x37 returned 0 after 0 usecs
[    2.635820] calling  cryptomgr_init+0x0/0xc @ 1
[    2.640873] initcall cryptomgr_init+0x0/0xc returned 0 after 976 usecs
[    2.649815] calling  acpi_pci_init+0x0/0x57 @ 1
[    2.651813] ACPI: bus type PCI registered
[    2.657819] initcall acpi_pci_init+0x0/0x57 returned 0 after 5859 usecs
[    2.666817] calling  dma_channel_table_init+0x0/0xd1 @ 1
[    2.672846] initcall dma_channel_table_init+0x0/0xd1 returned 0 after 0 usecs
[    2.683822] calling  dma_bus_init+0x0/0xdc @ 1
[    2.691506] initcall dma_bus_init+0x0/0xdc returned 0 after 1953 usecs
[    2.702880] calling  iommu_dma_init+0x0/0x10 @ 1
[    2.710977] initcall iommu_dma_init+0x0/0x10 returned 0 after 0 usecs
[    2.720830] calling  dmi_id_init+0x0/0x37c @ 1
[    2.728826] initcall dmi_id_init+0x0/0x37c returned 0 after 976 usecs
[    2.737824] calling  pci_arch_init+0x0/0x71 @ 1
[    2.743069] PCI: MMCONFIG for domain 0000 [bus 00-ff] at [mem 0xb0000000-0xbfffffff] (base 0xb0000000)
[    2.750823] PCI: MMCONFIG at [mem 0xb0000000-0xbfffffff] reserved in E820
[    2.760849] PCI: Using configuration type 1 for base access
[    2.770367] initcall pci_arch_init+0x0/0x71 returned 0 after 28320 usecs
[    2.780863] calling  init_vdso+0x0/0x13 @ 1
[    2.786903] initcall init_vdso+0x0/0x13 returned 0 after 0 usecs
[    2.794821] calling  sysenter_setup+0x0/0x13 @ 1
[    2.801145] initcall sysenter_setup+0x0/0x13 returned 0 after 0 usecs
[    2.809820] calling  fixup_ht_bug+0x0/0xe5 @ 1
[    2.815817] initcall fixup_ht_bug+0x0/0xe5 returned 0 after 0 usecs
[    2.823818] calling  topology_init+0x0/0x8b @ 1
[    2.837536] initcall topology_init+0x0/0x8b returned 0 after 7812 usecs
[    2.845818] calling  intel_epb_init+0x0/0x68 @ 1
[    2.850816] initcall intel_epb_init+0x0/0x68 returned -19 after 0 usecs
[    2.859817] calling  mtrr_init_finialize+0x0/0x3e @ 1
[    2.866815] initcall mtrr_init_finialize+0x0/0x3e returned 0 after 0 usecs
[    2.874818] calling  uid_cache_init+0x0/0x85 @ 1
[    2.880824] initcall uid_cache_init+0x0/0x85 returned 0 after 0 usecs
[    2.889817] calling  param_sysfs_init+0x0/0x1ba @ 1
[    2.907315] initcall param_sysfs_init+0x0/0x1ba returned 0 after 10742 usecs
[    2.915819] calling  user_namespace_sysctl_init+0x0/0x33 @ 1
[    2.921827] initcall user_namespace_sysctl_init+0x0/0x33 returned 0 after 0 usecs
[    2.931818] calling  proc_schedstat_init+0x0/0x24 @ 1
[    2.937821] initcall proc_schedstat_init+0x0/0x24 returned 0 after 0 usecs
[    2.946816] calling  pm_sysrq_init+0x0/0x18 @ 1
[    2.959017] initcall pm_sysrq_init+0x0/0x18 returned 0 after 6835 usecs
[    2.967835] calling  create_proc_profile+0x0/0xd0 @ 1
[    2.974818] initcall create_proc_profile+0x0/0xd0 returned 0 after 0 usecs
[    2.983817] calling  time_ns_init+0x0/0x7 @ 1
[    2.989815] initcall time_ns_init+0x0/0x7 returned 0 after 0 usecs
[    2.997815] calling  crash_save_vmcoreinfo_init+0x0/0x722 @ 1
[    3.005963] initcall crash_save_vmcoreinfo_init+0x0/0x722 returned 0 after 0 usecs
[    3.015817] calling  crash_notes_memory_init+0x0/0x35 @ 1
[    3.021886] initcall crash_notes_memory_init+0x0/0x35 returned 0 after 0 usecs
[    3.031815] calling  cgroup_sysfs_init+0x0/0x13 @ 1
[    3.037929] initcall cgroup_sysfs_init+0x0/0x13 returned 0 after 0 usecs
[    3.046815] calling  cgroup_namespaces_init+0x0/0x7 @ 1
[    3.053815] initcall cgroup_namespaces_init+0x0/0x7 returned 0 after 0 usecs
[    3.062816] calling  init_optprobes+0x0/0x13 @ 1
[    3.068813] Kprobes globally optimized
[    3.073817] initcall init_optprobes+0x0/0x13 returned 0 after 4882 usecs
[    3.083015] calling  oom_init+0x0/0x2f @ 1
[    3.090024] initcall oom_init+0x0/0x2f returned 0 after 976 usecs
[    3.097816] calling  default_bdi_init+0x0/0xb3 @ 1
[    3.106333] initcall default_bdi_init+0x0/0xb3 returned 0 after 1953 usecs
[    3.115815] calling  percpu_enable_async+0x0/0xe @ 1
[    3.121814] initcall percpu_enable_async+0x0/0xe returned 0 after 0 usecs
[    3.129873] calling  kcompactd_init+0x0/0x90 @ 1
[    3.137100] initcall kcompactd_init+0x0/0x90 returned 0 after 976 usecs
[    3.145880] calling  init_user_reserve+0x0/0x40 @ 1
[    3.151816] initcall init_user_reserve+0x0/0x40 returned 0 after 0 usecs
[    3.159813] calling  init_admin_reserve+0x0/0x40 @ 1
[    3.166815] initcall init_admin_reserve+0x0/0x40 returned 0 after 0 usecs
[    3.175821] calling  init_reserve_notifier+0x0/0x7 @ 1
[    3.182816] initcall init_reserve_notifier+0x0/0x7 returned 0 after 0 usecs
[    3.191817] calling  swap_init_sysfs+0x0/0x62 @ 1
[    3.193926] initcall swap_init_sysfs+0x0/0x62 returned 0 after 0 usecs
[    3.204815] calling  swapfile_init+0x0/0x96 @ 1
[    3.210841] initcall swapfile_init+0x0/0x96 returned 0 after 0 usecs
[    3.218815] calling  hugetlb_init+0x0/0x49f @ 1
[    3.225048] HugeTLB registered 2.00 MiB page size, pre-allocated 0 pages
[    3.233970] initcall hugetlb_init+0x0/0x49f returned 0 after 8789 usecs
[    3.242816] calling  io_wq_init+0x0/0x34 @ 1
[    3.247817] initcall io_wq_init+0x0/0x34 returned 0 after 0 usecs
[    3.255815] calling  seqiv_module_init+0x0/0xc @ 1
[    3.262816] initcall seqiv_module_init+0x0/0xc returned 0 after 0 usecs
[    3.270816] calling  echainiv_module_init+0x0/0xc @ 1
[    3.276816] initcall echainiv_module_init+0x0/0xc returned 0 after 0 usecs
[    3.285908] calling  rsa_init+0x0/0x50 @ 1
[    3.293075] cryptomgr_test (63) used greatest stack depth: 15504 bytes left
[    3.292819] initcall rsa_init+0x0/0x50 returned 0 after 976 usecs
[    3.292826] calling  crypto_cmac_module_init+0x0/0xc @ 1
[    3.319820] initcall crypto_cmac_module_init+0x0/0xc returned 0 after 0 usecs
[    3.328837] calling  hmac_module_init+0x0/0xc @ 1
[    3.334817] initcall hmac_module_init+0x0/0xc returned 0 after 0 usecs
[    3.343816] calling  crypto_null_mod_init+0x0/0x65 @ 1
[    3.353022] cryptomgr_test (65) used greatest stack depth: 15408 bytes left
[    3.355817] initcall crypto_null_mod_init+0x0/0x65 returned 0 after 5859 usecs
[    3.371820] calling  md5_mod_init+0x0/0xc @ 1
[    3.378816] initcall md5_mod_init+0x0/0xc returned 0 after 1953 usecs
[    3.387820] calling  sha256_generic_mod_init+0x0/0x11 @ 1
[    3.405819] initcall sha256_generic_mod_init+0x0/0x11 returned 0 after 8789 usecs
[    3.415820] calling  crypto_cbc_module_init+0x0/0xc @ 1
[    3.423230] initcall crypto_cbc_module_init+0x0/0xc returned 0 after 0 usecs
[    3.432167] calling  crypto_ctr_module_init+0x0/0x11 @ 1
[    3.439818] initcall crypto_ctr_module_init+0x0/0x11 returned 0 after 0 usecs
[    3.448816] calling  crypto_gcm_module_init+0x0/0x64 @ 1
[    3.454266] initcall crypto_gcm_module_init+0x0/0x64 returned 0 after 1953 usecs
[    3.462818] calling  crypto_ccm_module_init+0x0/0x11 @ 1
[    3.471820] initcall crypto_ccm_module_init+0x0/0x11 returned 0 after 0 usecs
[    3.481818] calling  aes_init+0x0/0xc @ 1
[    3.493323] initcall aes_init+0x0/0xc returned 0 after 7812 usecs
[    3.500826] calling  crc32c_mod_init+0x0/0xc @ 1
[    3.513060] initcall crc32c_mod_init+0x0/0xc returned 0 after 7812 usecs
[    3.513846] cryptomgr_test (78) used greatest stack depth: 15184 bytes left
[    3.513819] calling  crypto_authenc_module_init+0x0/0xc @ 1
[    3.513826] initcall crypto_authenc_module_init+0x0/0xc returned 0 after 0 usecs
[    3.513828] calling  crypto_authenc_esn_module_init+0x0/0xc @ 1
[    3.513831] initcall crypto_authenc_esn_module_init+0x0/0xc returned 0 after 0 usecs
[    3.513833] calling  drbg_init+0x0/0x7c @ 1
[    3.522436] initcall drbg_init+0x0/0x7c returned 0 after 8789 usecs
[    3.528826] calling  ghash_mod_init+0x0/0xc @ 1
[    3.542855] initcall ghash_mod_init+0x0/0xc returned 0 after 7812 usecs
[    3.549824] calling  init_bio+0x0/0x9a @ 1
[    3.559507] initcall init_bio+0x0/0x9a returned 0 after 4882 usecs
[    3.565818] calling  blk_settings_init+0x0/0x29 @ 1
[    3.571817] initcall blk_settings_init+0x0/0x29 returned 0 after 0 usecs
[    3.578817] calling  blk_ioc_init+0x0/0x29 @ 1
[    3.584823] initcall blk_ioc_init+0x0/0x29 returned 0 after 0 usecs
[    3.589817] calling  blk_mq_init+0x0/0xb9 @ 1
[    3.591821] initcall blk_mq_init+0x0/0xb9 returned 0 after 0 usecs
[    3.596816] calling  genhd_device_init+0x0/0x75 @ 1
[    3.707807] initcall genhd_device_init+0x0/0x75 returned 0 after 100585 usecs
[    3.721807] calling  pci_slot_init+0x0/0x40 @ 1
[    3.729095] initcall pci_slot_init+0x0/0x40 returned 0 after 1953 usecs
[    3.735120] calling  fbmem_init+0x0/0xd8 @ 1
[    3.753630] initcall fbmem_init+0x0/0xd8 returned 0 after 13671 usecs
[    3.760821] calling  acpi_init+0x0/0x319 @ 1
[    3.776814] ACPI: Added _OSI(Module Device)
[    3.780814] ACPI: Added _OSI(Processor Device)
[    3.784814] ACPI: Added _OSI(3.0 _SCP Extensions)
[    3.789814] ACPI: Added _OSI(Processor Aggregator Device)
[    3.796815] ACPI: Added _OSI(Linux-Dell-Video)
[    3.802822] ACPI: Added _OSI(Linux-Lenovo-NV-HDMI-Audio)
[    3.808815] ACPI: Added _OSI(Linux-HPI-Hybrid-Graphics)
[    3.836177] ACPI: 1 ACPI AML tables successfully acquired and loaded
[    3.857287] ACPI: Interpreter enabled
[    3.862832] ACPI: (supports S0 S3 S4 S5)
[    3.868910] ACPI: Using IOAPIC for interrupt routing
[    3.876176] PCI: Using host bridge windows from ACPI; if necessary, use "pci=nocrs" and report a bug
[    3.889295] ACPI: Enabled 2 GPEs in block 00 to 3F
[    3.910104] ACPI: PCI Root Bridge [PCI0] (domain 0000 [bus 00-ff])
[    3.919027] acpi PNP0A08:00: _OSC: OS supports [ExtendedConfig ASPM ClockPM Segments MSI HPX-Type3]
[    3.931904] acpi PNP0A08:00: _OSC: platform does not support [LTR]
[    3.940888] acpi PNP0A08:00: _OSC: OS now controls [PME PCIeCapability]
[    3.950030] PCI host bridge to bus 0000:00
[    3.955839] pci_bus 0000:00: root bus resource [io  0x0000-0x0cf7 window]
[    3.965815] pci_bus 0000:00: root bus resource [io  0x0d00-0xffff window]
[    3.974815] pci_bus 0000:00: root bus resource [mem 0x000a0000-0x000bffff window]
[    3.985815] pci_bus 0000:00: root bus resource [mem 0x20000000-0xafffffff window]
[    3.995834] pci_bus 0000:00: root bus resource [mem 0xc0000000-0xfebfffff window]
[    4.005814] pci_bus 0000:00: root bus resource [mem 0x100000000-0x8ffffffff window]
[    4.015814] pci_bus 0000:00: root bus resource [bus 00-ff]
[    4.024453] pci 0000:00:00.0: calling  quirk_mmio_always_on+0x0/0x10 @ 1
[    4.033816] pci 0000:00:00.0: quirk_mmio_always_on+0x0/0x10 took 0 usecs
[    4.042815] pci 0000:00:00.0: [8086:29c0] type 00 class 0x060000
[    4.054651] pci 0000:00:00.0: calling  quirk_igfx_skip_te_disable+0x0/0x80 @ 1
[    4.064839] pci 0000:00:00.0: quirk_igfx_skip_te_disable+0x0/0x80 took 0 usecs
[    4.076658] pci 0000:00:01.0: [1234:1111] type 00 class 0x030000
[    4.094807] pci 0000:00:01.0: reg 0x10: [mem 0xfd000000-0xfdffffff pref]
[    4.118807] pci 0000:00:01.0: reg 0x18: [mem 0xfebf0000-0xfebf0fff]
[    4.154807] pci 0000:00:01.0: reg 0x30: [mem 0xfebe0000-0xfebeffff pref]
[    4.166807] pci 0000:00:01.0: calling  efifb_fixup_resources+0x0/0xf0 @ 1
[    4.176329] pci 0000:00:01.0: efifb_fixup_resources+0x0/0xf0 took 976 usecs
[    4.200107] pci 0000:00:1f.0: [8086:2918] type 00 class 0x060100
[    4.214087] pci 0000:00:1f.0: calling  quirk_ich7_lpc+0x0/0x60 @ 1
[    4.223004] pci 0000:00:1f.0: quirk: [io  0x0600-0x067f] claimed by ICH6 ACPI/GPIO/TCO
[    4.235818] pci 0000:00:1f.0: quirk_ich7_lpc+0x0/0x60 took 12695 usecs
[    4.246466] pci 0000:00:1f.0: calling  quirk_igfx_skip_te_disable+0x0/0x80 @ 1
[    4.257870] pci 0000:00:1f.0: quirk_igfx_skip_te_disable+0x0/0x80 took 0 usecs
[    4.271100] pci 0000:00:1f.2: [8086:2922] type 00 class 0x010601
[    4.289824] pci 0000:00:1f.2: reg 0x20: [io  0xc040-0xc05f]
[    4.298815] pci 0000:00:1f.2: reg 0x24: [mem 0xfebf1000-0xfebf1fff]
[    4.307999] pci 0000:00:1f.2: calling  quirk_igfx_skip_te_disable+0x0/0x80 @ 1
[    4.315820] pci 0000:00:1f.2: quirk_igfx_skip_te_disable+0x0/0x80 took 0 usecs
[    4.326586] pci 0000:00:1f.3: [8086:2930] type 00 class 0x0c0500
[    4.338814] pci 0000:00:1f.3: reg 0x20: [io  0x0700-0x073f]
[    4.350545] pci 0000:00:1f.3: calling  quirk_igfx_skip_te_disable+0x0/0x80 @ 1
[    4.360822] pci 0000:00:1f.3: quirk_igfx_skip_te_disable+0x0/0x80 took 0 usecs
[    4.378192] ACPI: PCI Interrupt Link [LNKA] (IRQs 5 *10 11)
[    4.386247] ACPI: PCI Interrupt Link [LNKB] (IRQs 5 *10 11)
[    4.394233] ACPI: PCI Interrupt Link [LNKC] (IRQs 5 10 *11)
[    4.402215] ACPI: PCI Interrupt Link [LNKD] (IRQs 5 10 *11)
[    4.410228] ACPI: PCI Interrupt Link [LNKE] (IRQs 5 *10 11)
[    4.418217] ACPI: PCI Interrupt Link [LNKF] (IRQs 5 *10 11)
[    4.426058] ACPI: PCI Interrupt Link [LNKG] (IRQs 5 10 *11)
[    4.434225] ACPI: PCI Interrupt Link [LNKH] (IRQs 5 10 *11)
[    4.441843] ACPI: PCI Interrupt Link [GSIA] (IRQs *16)
[    4.448827] ACPI: PCI Interrupt Link [GSIB] (IRQs *17)
[    4.455856] ACPI: PCI Interrupt Link [GSIC] (IRQs *18)
[    4.462826] ACPI: PCI Interrupt Link [GSID] (IRQs *19)
[    4.469875] ACPI: PCI Interrupt Link [GSIE] (IRQs *20)
[    4.476814] ACPI: PCI Interrupt Link [GSIF] (IRQs *21)
[    4.483842] ACPI: PCI Interrupt Link [GSIG] (IRQs *22)
[    4.490826] ACPI: PCI Interrupt Link [GSIH] (IRQs *23)
[    4.512430] initcall acpi_init+0x0/0x319 returned 0 after 729492 usecs
[    4.520928] calling  pnp_init+0x0/0xc @ 1
[    4.526830] initcall pnp_init+0x0/0xc returned 0 after 0 usecs
[    4.534816] calling  misc_init+0x0/0xbf @ 1
[    4.540241] initcall misc_init+0x0/0xbf returned 0 after 976 usecs
[    4.548816] calling  iommu_subsys_init+0x0/0x4e @ 1
[    4.555939] iommu: Default domain type: Translated 
[    4.561816] initcall iommu_subsys_init+0x0/0x4e returned 0 after 5859 usecs
[    4.571815] calling  vga_arb_device_init+0x0/0x261 @ 1
[    4.582003] pci 0000:00:01.0: vgaarb: setting as boot VGA device
[    4.582807] pci 0000:00:01.0: vgaarb: VGA device added: decodes=io+mem,owns=io+mem,locks=none
[    4.600817] pci 0000:00:01.0: vgaarb: bridge control possible
[    4.608813] vgaarb: loaded
[    4.612825] initcall vga_arb_device_init+0x0/0x261 returned 0 after 34179 usecs
[    4.621892] calling  cn_init+0x0/0xf0 @ 1
[    4.628424] initcall cn_init+0x0/0xf0 returned 0 after 976 usecs
[    4.636820] calling  dma_buf_init+0x0/0xad @ 1
[    4.644818] initcall dma_buf_init+0x0/0xad returned 0 after 2929 usecs
[    4.653818] calling  init_scsi+0x0/0x79 @ 1
[    4.660928] SCSI subsystem initialized
[    4.665848] initcall init_scsi+0x0/0x79 returned 0 after 5859 usecs
[    4.674844] calling  ata_init+0x0/0x332 @ 1
[    4.683587] libata version 3.00 loaded.
[    4.688816] initcall ata_init+0x0/0x332 returned 0 after 8789 usecs
[    4.696816] calling  phy_init+0x0/0x250 @ 1
[    4.703090] initcall phy_init+0x0/0x250 returned 0 after 0 usecs
[    4.710817] calling  init_pcmcia_cs+0x0/0x35 @ 1
[    4.717928] initcall init_pcmcia_cs+0x0/0x35 returned 0 after 0 usecs
[    4.725816] calling  usb_common_init+0x0/0x1c @ 1
[    4.732867] initcall usb_common_init+0x0/0x1c returned 0 after 0 usecs
[    4.740814] calling  usb_init+0x0/0x12e @ 1
[    4.746909] ACPI: bus type USB registered
[    4.753363] usbcore: registered new interface driver usbfs
[    4.760948] usbcore: registered new interface driver hub
[    4.767850] usbcore: registered new device driver usb
[    4.775821] initcall usb_init+0x0/0x12e returned 0 after 28320 usecs
[    4.784817] calling  serio_init+0x0/0x29 @ 1
[    4.789879] initcall serio_init+0x0/0x29 returned 0 after 976 usecs
[    4.799816] calling  input_init+0x0/0xf6 @ 1
[    4.804896] initcall input_init+0x0/0xf6 returned 0 after 0 usecs
[    4.812815] calling  rtc_init+0x0/0x4d @ 1
[    4.817841] initcall rtc_init+0x0/0x4d returned 0 after 0 usecs
[    4.825814] calling  pps_init+0x0/0xa9 @ 1
[    4.830839] pps_core: LinuxPPS API ver. 1 registered
[    4.837811] pps_core: Software ver. 5.3.6 - Copyright 2005-2007 Rodolfo Giometti <giometti@linux.it>
[    4.849817] initcall pps_init+0x0/0xa9 returned 0 after 18554 usecs
[    4.857816] calling  ptp_init+0x0/0x98 @ 1
[    4.863827] PTP clock support registered
[    4.868815] initcall ptp_init+0x0/0x98 returned 0 after 4882 usecs
[    4.876816] calling  power_supply_class_init+0x0/0x3f @ 1
[    4.884981] initcall power_supply_class_init+0x0/0x3f returned 0 after 0 usecs
[    4.893816] calling  hwmon_init+0x0/0x104 @ 1
[    4.899849] initcall hwmon_init+0x0/0x104 returned 0 after 0 usecs
[    4.908815] calling  md_init+0x0/0x16b @ 1
[    4.915031] initcall md_init+0x0/0x16b returned 0 after 976 usecs
[    4.923816] calling  leds_init+0x0/0x3b @ 1
[    4.928846] initcall leds_init+0x0/0x3b returned 0 after 0 usecs
[    4.936818] calling  dmi_init+0x0/0x113 @ 1
[    4.942945] initcall dmi_init+0x0/0x113 returned 0 after 0 usecs
[    4.950814] calling  efisubsys_init+0x0/0x4e7 @ 1
[    4.957843] initcall efisubsys_init+0x0/0x4e7 returned 0 after 0 usecs
[    4.965814] calling  nvmem_init+0x0/0xc @ 1
[    4.971881] initcall nvmem_init+0x0/0xc returned 0 after 0 usecs
[    4.979814] calling  init_soundcore+0x0/0x33 @ 1
[    4.985840] initcall init_soundcore+0x0/0x33 returned 0 after 0 usecs
[    4.993813] calling  alsa_sound_init+0x0/0x8f @ 1
[    4.999964] Advanced Linux Sound Architecture Driver Initialized.
[    5.007833] initcall alsa_sound_init+0x0/0x8f returned 0 after 7812 usecs
[    5.016813] calling  alsa_seq_device_init+0x0/0x71 @ 1
[    5.023860] initcall alsa_seq_device_init+0x0/0x71 returned 0 after 0 usecs
[    5.032813] calling  hda_bus_init+0x0/0xc @ 1
[    5.038841] initcall hda_bus_init+0x0/0xc returned 0 after 0 usecs
[    5.046813] calling  proto_init+0x0/0xc @ 1
[    5.051876] initcall proto_init+0x0/0xc returned 0 after 0 usecs
[    5.059813] calling  net_dev_init+0x0/0x209 @ 1
[    5.067834] initcall net_dev_init+0x0/0x209 returned 0 after 1953 usecs
[    5.076815] calling  neigh_init+0x0/0x84 @ 1
[    5.082818] initcall neigh_init+0x0/0x84 returned 0 after 0 usecs
[    5.093817] calling  fib_notifier_init+0x0/0xc @ 1
[    5.099820] initcall fib_notifier_init+0x0/0xc returned 0 after 0 usecs
[    5.108817] calling  fib_rules_init+0x0/0xab @ 1
[    5.114514] initcall fib_rules_init+0x0/0xab returned 0 after 0 usecs
[    5.120816] calling  pktsched_init+0x0/0x10e @ 1
[    5.124821] initcall pktsched_init+0x0/0x10e returned 0 after 0 usecs
[    5.131816] calling  tc_filter_init+0x0/0xfa @ 1
[    5.137956] initcall tc_filter_init+0x0/0xfa returned 0 after 0 usecs
[    5.146815] calling  tc_action_init+0x0/0x54 @ 1
[    5.152817] initcall tc_action_init+0x0/0x54 returned 0 after 0 usecs
[    5.160814] calling  ethnl_init+0x0/0x52 @ 1
[    5.166875] initcall ethnl_init+0x0/0x52 returned 0 after 0 usecs
[    5.174814] calling  nexthop_init+0x0/0xd8 @ 1
[    5.180916] initcall nexthop_init+0x0/0xd8 returned 0 after 0 usecs
[    5.188816] calling  cipso_v4_init+0x0/0x5d @ 1
[    5.194939] initcall cipso_v4_init+0x0/0x5d returned 0 after 976 usecs
[    5.203816] calling  ieee80211_init+0x0/0x24 @ 1
[    5.210457] initcall ieee80211_init+0x0/0x24 returned 0 after 976 usecs
[    5.219820] calling  netlbl_init+0x0/0x78 @ 1
[    5.225836] NetLabel: Initializing
[    5.230812] NetLabel:  domain hash size = 128
[    5.236811] NetLabel:  protocols = UNLABELED CIPSOv4 CALIPSO
[    5.244158] NetLabel:  unlabeled traffic allowed by default
[    5.251821] initcall netlbl_init+0x0/0x78 returned 0 after 25390 usecs
[    5.260838] calling  rfkill_init+0x0/0x111 @ 1
[    5.267154] initcall rfkill_init+0x0/0x111 returned 0 after 0 usecs
[    5.275816] calling  pci_subsys_init+0x0/0x66 @ 1
[    5.281875] PCI: Using ACPI for IRQ routing
[    6.047807] PCI: pci_cache_line_size set to 64 bytes
[    6.056236] e820: reserve RAM buffer [mem 0x0009fc00-0x0009ffff]
[    6.065200] e820: reserve RAM buffer [mem 0x1ffdf000-0x1fffffff]
[    6.073365] initcall pci_subsys_init+0x0/0x66 returned 0 after 772460 usecs
[    6.085325] calling  nmi_warning_debugfs+0x0/0x26 @ 1
[    6.092830] initcall nmi_warning_debugfs+0x0/0x26 returned 0 after 976 usecs
[    6.101833] calling  save_microcode_in_initrd+0x0/0x51 @ 1
[    6.109034] initcall save_microcode_in_initrd+0x0/0x51 returned 0 after 0 usecs
[    6.118815] calling  hpet_late_init+0x0/0x20d @ 1
[    6.124927] hpet: 3 channels of 0 reserved for per-cpu timers
[    6.133081] hpet0: at MMIO 0xfed00000, IRQs 2, 8, 0
[    6.138812] hpet0: 3 comparators, 64-bit 100.000000 MHz counter
[    6.151817] initcall hpet_late_init+0x0/0x20d returned 0 after 26367 usecs
[    6.160815] calling  init_amd_nbs+0x0/0x11c @ 1
[    6.166980] initcall init_amd_nbs+0x0/0x11c returned 0 after 0 usecs
[    6.174828] calling  clocksource_done_booting+0x0/0x41 @ 1
[    6.185787] clocksource: Switched to clocksource kvm-clock
[    6.192849] initcall clocksource_done_booting+0x0/0x41 returned 0 after 10776 usecs
[    6.202415] calling  tracer_init_tracefs+0x0/0x242 @ 1
[    6.467052] initcall tracer_init_tracefs+0x0/0x242 returned 0 after 251987 usecs
[    6.479018] calling  init_trace_printk_function_export+0x0/0x2c @ 1
[    6.488516] initcall init_trace_printk_function_export+0x0/0x2c returned 0 after 108 usecs
[    6.498819] calling  init_kprobe_trace+0x0/0x1a9 @ 1
[    6.505189] initcall init_kprobe_trace+0x0/0x1a9 returned 0 after 35 usecs
[    6.513789] calling  init_dynamic_event+0x0/0x3d @ 1
[    6.520084] initcall init_dynamic_event+0x0/0x3d returned 0 after 21 usecs
[    6.528731] calling  init_uprobe_trace+0x0/0x5c @ 1
[    6.534962] initcall init_uprobe_trace+0x0/0x5c returned 0 after 23 usecs
[    6.543311] calling  init_pipe_fs+0x0/0x44 @ 1
[    6.549251] initcall init_pipe_fs+0x0/0x44 returned 0 after 425 usecs
[    6.557255] calling  inotify_user_setup+0x0/0x47 @ 1
[    6.563485] initcall inotify_user_setup+0x0/0x47 returned 0 after 43 usecs
[    6.572053] calling  eventpoll_init+0x0/0xd4 @ 1
[    6.579070] initcall eventpoll_init+0x0/0xd4 returned 0 after 152 usecs
[    6.589104] calling  anon_inode_init+0x0/0x58 @ 1
[    6.596877] initcall anon_inode_init+0x0/0x58 returned 0 after 81 usecs
[    6.605195] calling  proc_locks_init+0x0/0x27 @ 1
[    6.611286] initcall proc_locks_init+0x0/0x27 returned 0 after 94 usecs
[    6.619612] calling  iomap_init+0x0/0x1b @ 1
[    6.626109] initcall iomap_init+0x0/0x1b returned 0 after 951 usecs
[    6.634120] calling  dquot_init+0x0/0x106 @ 1
[    6.639734] VFS: Disk quotas dquot_6.6.0
[    6.645290] VFS: Dquot-cache hash table entries: 512 (order 0, 4096 bytes)
[    6.653994] initcall dquot_init+0x0/0x106 returned 0 after 13933 usecs
[    6.663147] calling  quota_init+0x0/0x23 @ 1
[    6.669280] initcall quota_init+0x0/0x23 returned 0 after 554 usecs
[    6.677331] calling  proc_cmdline_init+0x0/0x21 @ 1
[    6.683669] initcall proc_cmdline_init+0x0/0x21 returned 0 after 36 usecs
[    6.694043] calling  proc_consoles_init+0x0/0x24 @ 1
[    6.700430] initcall proc_consoles_init+0x0/0x24 returned 0 after 6 usecs
[    6.709282] calling  proc_cpuinfo_init+0x0/0x1e @ 1
[    6.715511] initcall proc_cpuinfo_init+0x0/0x1e returned 0 after 5 usecs
[    6.724105] calling  proc_devices_init+0x0/0x24 @ 1
[    6.730417] initcall proc_devices_init+0x0/0x24 returned 0 after 25 usecs
[    6.739013] calling  proc_interrupts_init+0x0/0x24 @ 1
[    6.745815] initcall proc_interrupts_init+0x0/0x24 returned 0 after 3 usecs
[    6.754762] calling  proc_loadavg_init+0x0/0x21 @ 1
[    6.760993] initcall proc_loadavg_init+0x0/0x21 returned 0 after 4 usecs
[    6.769474] calling  proc_meminfo_init+0x0/0x21 @ 1
[    6.775705] initcall proc_meminfo_init+0x0/0x21 returned 0 after 3 usecs
[    6.784345] calling  proc_stat_init+0x0/0x1e @ 1
[    6.790307] initcall proc_stat_init+0x0/0x1e returned 0 after 3 usecs
[    6.798550] calling  proc_uptime_init+0x0/0x21 @ 1
[    6.804796] initcall proc_uptime_init+0x0/0x21 returned 0 after 3 usecs
[    6.813196] calling  proc_version_init+0x0/0x21 @ 1
[    6.819487] initcall proc_version_init+0x0/0x21 returned 0 after 3 usecs
[    6.828064] calling  proc_softirqs_init+0x0/0x21 @ 1
[    6.834458] initcall proc_softirqs_init+0x0/0x21 returned 0 after 2 usecs
[    6.843020] calling  proc_kcore_init+0x0/0xea @ 1
[    6.849227] initcall proc_kcore_init+0x0/0xea returned 0 after 145 usecs
[    6.857782] calling  vmcore_init+0x0/0x578 @ 1
[    6.863473] initcall vmcore_init+0x0/0x578 returned 0 after 14 usecs
[    6.871501] calling  proc_kmsg_init+0x0/0x21 @ 1
[    6.877359] initcall proc_kmsg_init+0x0/0x21 returned 0 after 3 usecs
[    6.885512] calling  proc_page_init+0x0/0x3b @ 1
[    6.891302] initcall proc_page_init+0x0/0x3b returned 0 after 3 usecs
[    6.899410] calling  init_ramfs_fs+0x0/0xc @ 1
[    6.905136] initcall init_ramfs_fs+0x0/0xc returned 0 after 20 usecs
[    6.913164] calling  init_hugetlbfs_fs+0x0/0xf6 @ 1
[    6.919724] initcall init_hugetlbfs_fs+0x0/0xf6 returned 0 after 372 usecs
[    6.930165] calling  blk_scsi_ioctl_init+0x0/0x2a5 @ 1
[    6.938558] initcall blk_scsi_ioctl_init+0x0/0x2a5 returned 0 after 19 usecs
[    6.949501] calling  acpi_event_init+0x0/0x2c @ 1
[    6.956978] initcall acpi_event_init+0x0/0x2c returned 0 after 108 usecs
[    6.965416] calling  pnp_system_init+0x0/0xc @ 1
[    6.971934] initcall pnp_system_init+0x0/0xc returned 0 after 649 usecs
[    6.980648] calling  pnpacpi_init+0x0/0x69 @ 1
[    6.986391] pnp: PnP ACPI init
[    6.991943] pnp 00:00: Plug and Play ACPI device, IDs PNP0303 (active)
[    7.000479] pnp 00:01: Plug and Play ACPI device, IDs PNP0f13 (active)
[    7.008998] pnp 00:02: Plug and Play ACPI device, IDs PNP0400 (active)
[    7.017144] pnp 00:03: Plug and Play ACPI device, IDs PNP0501 (active)
[    7.025335] pnp 00:04: Plug and Play ACPI device, IDs PNP0b00 (active)
[    7.033605] system 00:05: [mem 0xb0000000-0xbfffffff window] has been reserved
[    7.043074] system 00:05: Plug and Play ACPI device, IDs PNP0c01 (active)
[    7.053294] pnp: PnP ACPI: found 6 devices
[    7.058564] initcall pnpacpi_init+0x0/0x69 returned 0 after 70533 usecs
[    7.066919] calling  chr_dev_init+0x0/0x14d @ 1
[    7.183049] initcall chr_dev_init+0x0/0x14d returned 0 after 107882 usecs
[    7.191995] calling  firmware_class_init+0x0/0xe7 @ 1
[    7.198504] initcall firmware_class_init+0x0/0xe7 returned 0 after 109 usecs
[    7.207337] calling  init_pcmcia_bus+0x0/0x5b @ 1
[    7.213470] initcall init_pcmcia_bus+0x0/0x5b returned 0 after 114 usecs
[    7.222166] calling  init_acpi_pm_clocksource+0x0/0xda @ 1
[    7.234805] clocksource: acpi_pm: mask: 0xffffff max_cycles: 0xffffff, max_idle_ns: 2085701024 ns
[    7.246220] initcall init_acpi_pm_clocksource+0x0/0xda returned 0 after 16556 usecs
[    7.256497] calling  sysctl_core_init+0x0/0x26 @ 1
[    7.263167] initcall sysctl_core_init+0x0/0x26 returned 0 after 152 usecs
[    7.272065] calling  eth_offload_init+0x0/0x13 @ 1
[    7.278442] initcall eth_offload_init+0x0/0x13 returned 0 after 37 usecs
[    7.287196] calling  ipv4_offload_init+0x0/0x73 @ 1
[    7.293791] initcall ipv4_offload_init+0x0/0x73 returned 0 after 62 usecs
[    7.302900] calling  inet_init+0x0/0x276 @ 1
[    7.309276] NET: Registered protocol family 2
[    7.316328] IP idents hash table entries: 8192 (order: 4, 65536 bytes, linear)
[    7.335310] tcp_listen_portaddr_hash hash table entries: 256 (order: 0, 4096 bytes, linear)
[    7.348418] TCP established hash table entries: 4096 (order: 3, 32768 bytes, linear)
[    7.361260] TCP bind hash table entries: 4096 (order: 4, 65536 bytes, linear)
[    7.373455] TCP: Hash tables configured (established 4096 bind 4096)
[    7.385353] UDP hash table entries: 256 (order: 1, 8192 bytes, linear)
[    7.394584] UDP-Lite hash table entries: 256 (order: 1, 8192 bytes, linear)
[    7.405104] initcall inet_init+0x0/0x276 returned 0 after 94277 usecs
[    7.414504] calling  af_unix_init+0x0/0x4d @ 1
[    7.420752] NET: Registered protocol family 1
[    7.427234] initcall af_unix_init+0x0/0x4d returned 0 after 6332 usecs
[    7.436385] calling  ipv6_offload_init+0x0/0x7e @ 1
[    7.443292] initcall ipv6_offload_init+0x0/0x7e returned 0 after 39 usecs
[    7.452996] calling  init_sunrpc+0x0/0x65 @ 1
[    7.466566] RPC: Registered named UNIX socket transport module.
[    7.475039] RPC: Registered udp transport module.
[    7.481927] RPC: Registered tcp transport module.
[    7.488640] RPC: Registered tcp NFSv4.1 backchannel transport module.
[    7.498062] initcall init_sunrpc+0x0/0x65 returned 0 after 37982 usecs
[    7.507411] calling  cfg80211_init+0x0/0xc5 @ 1
[    7.538285] initcall cfg80211_init+0x0/0xc5 returned 0 after 21933 usecs
[    7.548788] calling  pcibios_assign_resources+0x0/0xbf @ 1
[    7.561177] pci_bus 0000:00: resource 4 [io  0x0000-0x0cf7 window]
[    7.570266] pci_bus 0000:00: resource 5 [io  0x0d00-0xffff window]
[    7.578624] pci_bus 0000:00: resource 6 [mem 0x000a0000-0x000bffff window]
[    7.589606] pci_bus 0000:00: resource 7 [mem 0x20000000-0xafffffff window]
[    7.599382] pci_bus 0000:00: resource 8 [mem 0xc0000000-0xfebfffff window]
[    7.608955] pci_bus 0000:00: resource 9 [mem 0x100000000-0x8ffffffff window]
[    7.619704] initcall pcibios_assign_resources+0x0/0xbf returned 0 after 58463 usecs
[    7.630928] calling  pci_apply_final_quirks+0x0/0x124 @ 1
[    7.639472] pci 0000:00:01.0: calling  pci_fixup_video+0x0/0xe0 @ 1
[    7.648583] pci 0000:00:01.0: Video device with shadowed ROM at [mem 0x000c0000-0x000dffff]
[    7.660559] pci 0000:00:01.0: pci_fixup_video+0x0/0xe0 took 12080 usecs
[    7.670719] PCI: CLS 0 bytes, default 64
[    7.676480] initcall pci_apply_final_quirks+0x0/0x124 returned 0 after 37015 usecs
[    7.687276] calling  acpi_reserve_resources+0x0/0xea @ 1
[    7.694953] initcall acpi_reserve_resources+0x0/0xea returned 0 after 194 usecs
[    7.705159] calling  populate_rootfs+0x0/0x102 @ 1
[    7.715232] initcall populate_rootfs+0x0/0x102 returned 0 after 3095 usecs
[    7.725085] calling  pci_iommu_init+0x0/0x3e @ 1
[    7.731652] initcall pci_iommu_init+0x0/0x3e returned 0 after 111 usecs
[    7.745194] calling  ia32_binfmt_init+0x0/0x13 @ 1
[    7.752021] initcall ia32_binfmt_init+0x0/0x13 returned 0 after 237 usecs
[    7.760956] calling  rapl_pmu_init+0x0/0x267 @ 1
[    7.767151] initcall rapl_pmu_init+0x0/0x267 returned -19 after 85 usecs
[    7.776223] calling  amd_uncore_init+0x0/0x310 @ 1
[    7.782590] initcall amd_uncore_init+0x0/0x310 returned -19 after 0 usecs
[    7.791447] calling  amd_ibs_init+0x0/0x27b @ 1
[    7.797529] initcall amd_ibs_init+0x0/0x27b returned -19 after 0 usecs
[    7.806144] calling  amd_iommu_pc_init+0x0/0x215 @ 1
[    7.812985] initcall amd_iommu_pc_init+0x0/0x215 returned -19 after 37 usecs
[    7.822535] calling  msr_init+0x0/0x55 @ 1
[    7.832126] initcall msr_init+0x0/0x55 returned 0 after 2343 usecs
[    7.840380] calling  intel_uncore_init+0x0/0x36f @ 1
[    7.847365] initcall intel_uncore_init+0x0/0x36f returned -19 after 29 usecs
[    7.857032] calling  cstate_pmu_init+0x0/0x1a1 @ 1
[    7.863429] initcall cstate_pmu_init+0x0/0x1a1 returned -19 after 0 usecs
[    7.872682] calling  register_kernel_offset_dumper+0x0/0x1a @ 1
[    7.881026] initcall register_kernel_offset_dumper+0x0/0x1a returned 0 after 93 usecs
[    7.891977] calling  i8259A_init_ops+0x0/0x20 @ 1
[    7.900489] initcall i8259A_init_ops+0x0/0x20 returned 0 after 144 usecs
[    7.911271] calling  init_tsc_clocksource+0x0/0xa4 @ 1
[    7.919102] clocksource: tsc: mask: 0xffffffffffffffff max_cycles: 0x39a85afc727, max_idle_ns: 881590685098 ns
[    7.933518] initcall init_tsc_clocksource+0x0/0xa4 returned 0 after 14207 usecs
[    7.944241] calling  add_rtc_cmos+0x0/0xb0 @ 1
[    7.950773] initcall add_rtc_cmos+0x0/0xb0 returned 0 after 343 usecs
[    7.960326] calling  i8237A_init_ops+0x0/0x3a @ 1
[    7.967330] initcall i8237A_init_ops+0x0/0x3a returned 0 after 120 usecs
[    7.976686] calling  umwait_init+0x0/0x94 @ 1
[    7.982926] initcall umwait_init+0x0/0x94 returned -19 after 27 usecs
[    7.992243] calling  thermal_throttle_init_device+0x0/0x3d @ 1
[    8.000989] initcall thermal_throttle_init_device+0x0/0x3d returned 0 after 97 usecs
[    8.012069] calling  msr_init+0x0/0xd7 @ 1
[    8.051153] initcall msr_init+0x0/0xd7 returned 0 after 32251 usecs
[    8.060525] calling  cpuid_init+0x0/0xd7 @ 1
[    8.092427] initcall cpuid_init+0x0/0xd7 returned 0 after 20876 usecs
[    8.102057] calling  ioapic_init_ops+0x0/0x13 @ 1
[    8.109098] initcall ioapic_init_ops+0x0/0x13 returned 0 after 33 usecs
[    8.118820] calling  add_pcspkr+0x0/0x6c @ 1
[    8.125333] initcall add_pcspkr+0x0/0x6c returned 0 after 304 usecs
[    8.134703] calling  start_periodic_check_for_corruption+0x0/0x30 @ 1
[    8.144012] check: Scanning for low memory corruption every 60 seconds
[    8.153628] initcall start_periodic_check_for_corruption+0x0/0x30 returned 0 after 9421 usecs
[    8.166978] calling  sysfb_init+0x0/0x9c @ 1
[    8.173466] initcall sysfb_init+0x0/0x9c returned 0 after 188 usecs
[    8.182479] calling  audit_classes_init+0x0/0xae @ 1
[    8.190084] initcall audit_classes_init+0x0/0xae returned 0 after 122 usecs
[    8.202573] calling  iosf_mbi_init+0x0/0x24 @ 1
[    8.211795] initcall iosf_mbi_init+0x0/0x24 returned 0 after 2139 usecs
[    8.221318] calling  proc_execdomains_init+0x0/0x21 @ 1
[    8.228978] initcall proc_execdomains_init+0x0/0x21 returned 0 after 182 usecs
[    8.240089] calling  register_warn_debugfs+0x0/0x23 @ 1
[    8.250053] initcall register_warn_debugfs+0x0/0x23 returned 0 after 216 usecs
[    8.261756] calling  cpuhp_sysfs_init+0x0/0x79 @ 1
[    8.272821] initcall cpuhp_sysfs_init+0x0/0x79 returned 0 after 3308 usecs
[    8.285592] calling  ioresources_init+0x0/0x49 @ 1
[    8.293761] initcall ioresources_init+0x0/0x49 returned 0 after 429 usecs
[    8.303926] calling  snapshot_device_init+0x0/0xc @ 1
[    8.312838] initcall snapshot_device_init+0x0/0xc returned 0 after 1539 usecs
[    8.323326] calling  irq_pm_init_ops+0x0/0x13 @ 1
[    8.330582] initcall irq_pm_init_ops+0x0/0x13 returned 0 after 74 usecs
[    8.340418] calling  rcu_torture_init+0x0/0x9a6 @ 1
[    8.348360] rcu-torture:--- Start of test: nreaders=7 nfakewriters=4 stat_interval=15 verbose=1 test_no_idle_hz=1 shuffle_interval=3 stutter=5 irqreader=1 fqs_duration=0 fqs_holdoff=0 fqs_stutter=3 test_boost=1/0 test_boost_interval=7 test_boost_duration=4 shutdown_secs=1800 stall_cpu=0 stall_cpu_holdoff=10 stall_cpu_irqsoff=0 stall_cpu_block=0 n_barrier_cbs=4 onoff_interval=1000 onoff_holdoff=30 read_exit_delay=13 read_exit_burst=16
[    8.404773] rcu:  Start-test grace-period state: g-1056 f0x0
[    8.415019] rcu-torture: Creating rcu_torture_writer task
[    8.427105] rcu-torture: Creating rcu_torture_fakewriter task
[    8.427627] rcu-torture: rcu_torture_writer task started
[    8.439711] rcu-torture: Creating rcu_torture_fakewriter task
[    8.440366] rcu-torture: rcu_torture_fakewriter task started
[    8.443942] rcu-torture: GP expediting controlled from boot/sysfs for rcu.
[    8.454633] rcu-torture: Creating rcu_torture_fakewriter task
[    8.455227] rcu-torture: rcu_torture_fakewriter task started
[    8.460782] rcu_torture_writer: Testing conditional GPs.
[    8.472439] rcu-torture: Creating rcu_torture_fakewriter task
[    8.472828] rcu-torture: rcu_torture_fakewriter task started
[    8.479014] rcu_torture_writer: Testing expedited GPs.
[    8.490376] rcu-torture: Creating rcu_torture_reader task
[    8.490961] rcu-torture: rcu_torture_fakewriter task started
[    8.494992] rcu_torture_writer: Testing asynchronous GPs.
[    8.506222] rcu-torture: Creating rcu_torture_reader task
[    8.506576] rcu-torture: rcu_torture_reader task started
[    8.512354] rcu_torture_writer: Testing normal GPs.
[    8.522398] rcu-torture: Creating rcu_torture_reader task
[    8.522747] rcu-torture: rcu_torture_reader task started
[    8.590726] rcu-torture: Creating rcu_torture_reader task
[    8.591167] rcu-torture: rcu_torture_reader task started
[    8.601344] rcu-torture: Creating rcu_torture_reader task
[    8.601696] rcu-torture: rcu_torture_reader task started
[    8.626418] rcu-torture: Creating rcu_torture_reader task
[    8.627153] rcu-torture: rcu_torture_reader task started
[    8.637182] rcu-torture: Creating rcu_torture_reader task
[    8.637669] rcu-torture: rcu_torture_reader task started
[    8.663837] rcu-torture: Creating rcu_torture_stats task
[    8.664493] rcu-torture: rcu_torture_reader task started
[    8.684732] rcu-torture: Creating torture_shuffle task
[    8.685467] rcu-torture: rcu_torture_stats task started
[    8.695118] rcu-torture: Creating torture_stutter task
[    8.702205] rcu-torture: torture_shuffle task started
[    8.712478] rcu-torture: Creating torture_shutdown task
[    8.713168] rcu-torture: torture_stutter task started
[    8.739581] rcu-torture: Creating torture_onoff task
[    8.740172] rcu-torture: torture_shutdown task started
[    8.749201] rcu-torture: Creating rcu_torture_barrier_cbs task
[    8.749711] rcu-torture: torture_onoff task started
[    8.755198] rcu-torture:torture_shutdown task: 1799957 ms remaining
[    8.766354] rcu-torture: Creating rcu_torture_barrier_cbs task
[    8.766507] rcu-torture: rcu_torture_barrier_cbs task started
[    8.784665]   #8
[    8.793356] rcu-torture: Creating rcu_torture_barrier_cbs task
[    8.793365] rcu-torture: rcu_torture_barrier_cbs task started
[    1.193472] kvm-clock: cpu 8, msr 18872201, secondary cpu clock
[    8.824767] rcu-torture: Creating rcu_torture_barrier_cbs task
[    8.824783] rcu-torture: rcu_torture_barrier_cbs task started
[    8.855569] rcu-torture: Creating rcu_torture_barrier task
[    8.856087] rcu-torture: rcu_torture_barrier_cbs task started
[    8.859457] kvm-guest: stealtime: cpu 8, msr 1ec1b600
[    8.867291] rcu-torture: rcu_torture_barrier task starting
[    8.867420] rcu-torture: Creating rcu_torture_read_exit task
[    8.871244] rcu-torture: rcu_torture_read_exit: Start of test
[    8.871363] initcall rcu_torture_init+0x0/0x9a6 returned 0 after 511511 usecs
[    8.871368] calling  timekeeping_init_ops+0x0/0x13 @ 1
[    8.871395] initcall timekeeping_init_ops+0x0/0x13 returned 0 after 24 usecs
[    8.871398] calling  init_clocksource_sysfs+0x0/0x23 @ 1
[    8.872104] initcall init_clocksource_sysfs+0x0/0x23 returned 0 after 686 usecs
[    8.872107] calling  init_timer_list_procfs+0x0/0x31 @ 1
[    8.872114] initcall init_timer_list_procfs+0x0/0x31 returned 0 after 5 usecs
[    8.872116] calling  alarmtimer_init+0x0/0xc7 @ 1
[    8.872417] initcall alarmtimer_init+0x0/0xc7 returned 0 after 291 usecs
[    8.872419] calling  init_posix_timers+0x0/0x29 @ 1
[    8.872426] initcall init_posix_timers+0x0/0x29 returned 0 after 5 usecs
[    8.872427] calling  clockevents_init_sysfs+0x0/0xbf @ 1
[    8.876102] initcall clockevents_init_sysfs+0x0/0xbf returned 0 after 3583 usecs
[    8.905742]   #9
[    8.907690] calling  proc_dma_init+0x0/0x21 @ 1
[    1.193472] kvm-clock: cpu 9, msr 18872241, secondary cpu clock
[    8.940879] initcall proc_dma_init+0x0/0x21 returned 0 after 81 usecs
[    9.062705] calling  proc_modules_init+0x0/0x1e @ 1
[    9.067213] kvm-guest: stealtime: cpu 9, msr 1ec5b600
[    9.070516] initcall proc_modules_init+0x0/0x1e returned 0 after 6 usecs
[    9.088636] calling  kallsyms_init+0x0/0x21 @ 1
[    9.095683] initcall kallsyms_init+0x0/0x21 returned 0 after 5 usecs
[    9.106714] calling  pid_namespaces_init+0x0/0x2c @ 1
[    9.108019]  #10
[    1.193472] kvm-clock: cpu 10, msr 18872281, secondary cpu clock
[    9.149424] kvm-guest: stealtime: cpu 10, msr 1ec9b600
[    9.178325] initcall pid_namespaces_init+0x0/0x2c returned 0 after 61353 usecs
[    9.191293] calling  audit_watch_init+0x0/0x37 @ 1
[    9.199238] initcall audit_watch_init+0x0/0x37 returned 0 after 32 usecs
[    9.210729] calling  audit_fsnotify_init+0x0/0x37 @ 1
[    9.219155] initcall audit_fsnotify_init+0x0/0x37 returned 0 after 1 usecs
[    9.219570]  #11
[    9.230620] calling  audit_tree_init+0x0/0x6d @ 1
[    1.193472] kvm-clock: cpu 11, msr 188722c1, secondary cpu clock
[    9.272230] kvm-guest: stealtime: cpu 11, msr 1ecdb600
[    9.294675] initcall audit_tree_init+0x0/0x6d returned 0 after 62544 usecs
[    9.306246] calling  seccomp_sysctl_init+0x0/0x2b @ 1
[    9.314814] initcall seccomp_sysctl_init+0x0/0x2b returned 0 after 8 usecs
[    9.326238] calling  utsname_sysctl_init+0x0/0x13 @ 1
[    9.328674]  #12
[    9.335084] initcall utsname_sysctl_init+0x0/0x13 returned 0 after 89 usecs
[    9.350663] calling  init_tracepoints+0x0/0x27 @ 1
[    1.193472] kvm-clock: cpu 12, msr 18872301, secondary cpu clock
[    9.358700] initcall init_tracepoints+0x0/0x27 returned 0 after 162 usecs
[    9.381483] calling  init_blk_tracer+0x0/0x50 @ 1
[    9.384959] kvm-guest: stealtime: cpu 12, msr 1ed1b600
[    9.389525] initcall init_blk_tracer+0x0/0x50 returned 0 after 931 usecs
[    9.406511] calling  perf_event_sysfs_init+0x0/0x81 @ 1
[    9.415794] initcall perf_event_sysfs_init+0x0/0x81 returned 0 after 568 usecs
[    9.427385] calling  system_trusted_keyring_init+0x0/0x60 @ 1
[    9.431246]  #13
[    9.436016] Initialise system trusted keyrings
[    9.436221] initcall system_trusted_keyring_init+0x0/0x60 returned 0 after 195 usecs
[    1.193472] kvm-clock: cpu 13, msr 18872341, secondary cpu clock
[    9.457409] calling  kswapd_init+0x0/0x5f @ 1
[    9.477934] initcall kswapd_init+0x0/0x5f returned 0 after 3952 usecs
[    9.479639] kvm-guest: stealtime: cpu 13, msr 1ed5b600
[    9.487916] calling  extfrag_debug_init+0x0/0x54 @ 1
[    9.503640] initcall extfrag_debug_init+0x0/0x54 returned 0 after 470 usecs
[    9.516287] calling  mm_compute_batch_init+0x0/0x12 @ 1
[    9.524349] initcall mm_compute_batch_init+0x0/0x12 returned 0 after 471 usecs
[    9.527497]  #14
[    9.534421] calling  slab_proc_init+0x0/0x21 @ 1
[    9.538738] initcall slab_proc_init+0x0/0x21 returned 0 after 4209 usecs
[    9.554301] calling  workingset_init+0x0/0x8c @ 1
[    9.562008] workingset: timestamp_bits=52 max_order=17 bucket_order=0
[    1.193472] kvm-clock: cpu 14, msr 18872381, secondary cpu clock
[    9.571488] initcall workingset_init+0x0/0x8c returned 0 after 9310 usecs
[    9.592256] calling  proc_vmalloc_init+0x0/0x32 @ 1
[    9.597364] kvm-guest: stealtime: cpu 14, msr 1ed9b600
[    9.599354] initcall proc_vmalloc_init+0x0/0x32 returned 0 after 5 usecs
[    9.617213] calling  procswaps_init+0x0/0x1e @ 1
[    9.624819] initcall procswaps_init+0x0/0x1e returned 0 after 68 usecs
[    9.635089] calling  slab_sysfs_init+0x0/0xea @ 1
[    9.651485] initcall slab_sysfs_init+0x0/0xea returned 0 after 8517 usecs
[    9.654687]  #15
[    9.663260] calling  fcntl_init+0x0/0x29 @ 1
[    1.193472] kvm-clock: cpu 15, msr 188723c1, secondary cpu clock
[    9.698392] kvm-guest: stealtime: cpu 15, msr 1eddb600
[    9.726257] initcall fcntl_init+0x0/0x29 returned 0 after 51409 usecs
[    9.738351] calling  proc_filesystems_init+0x0/0x21 @ 1
[    9.747800] initcall proc_filesystems_init+0x0/0x21 returned 0 after 6 usecs
[    9.759181] calling  start_dirtytime_writeback+0x0/0x29 @ 1
[    9.768760] initcall start_dirtytime_writeback+0x0/0x29 returned 0 after 2 usecs
[    9.781299] calling  blkdev_init+0x0/0x1b @ 1
[    9.782093]  #16
[    1.193472] kvm-clock: cpu 16, msr 18872401, secondary cpu clock
[    9.833319] kvm-guest: stealtime: cpu 16, msr 1ee1b600
[    9.857181] initcall blkdev_init+0x0/0x1b returned 0 after 66152 usecs
[    9.867680] calling  dio_init+0x0/0x2c @ 1
[    9.896602]  #17
[    1.193472] kvm-clock: cpu 17, msr 18872441, secondary cpu clock
[    9.933946] kvm-guest: stealtime: cpu 17, msr 1ee5b600
[    9.962998] initcall dio_init+0x0/0x2c returned 0 after 86647 usecs
[    9.973828] calling  dnotify_init+0x0/0x78 @ 1
[    9.997252]  #18
[    1.193472] kvm-clock: cpu 18, msr 18872481, secondary cpu clock
[   10.036329] kvm-guest: stealtime: cpu 18, msr 1ee9b600
[   10.064361] initcall dnotify_init+0x0/0x78 returned 0 after 81569 usecs
[   10.074594] calling  aio_setup+0x0/0x78 @ 1
[   10.083149] initcall aio_setup+0x0/0x78 returned 0 after 1537 usecs
[   10.093256] calling  io_uring_init+0x0/0x2c @ 1
[   10.129179]  #19
[    1.193472] kvm-clock: cpu 19, msr 188724c1, secondary cpu clock
[   10.162944] kvm-guest: stealtime: cpu 19, msr 1eedb600
[   10.193308] initcall io_uring_init+0x0/0x2c returned 0 after 90413 usecs
[   10.205275] calling  mbcache_init+0x0/0x30 @ 1
[   10.235482]  #20
[    1.193472] kvm-clock: cpu 20, msr 18872501, secondary cpu clock
[   10.281017] kvm-guest: stealtime: cpu 20, msr 1ef1b600
[   10.314188] initcall mbcache_init+0x0/0x30 returned 0 after 98565 usecs
[   10.325976] calling  init_grace+0x0/0xc @ 1
[   10.334223] initcall init_grace+0x0/0xc returned 0 after 525 usecs
[   10.345410] calling  init_v2_quota_format+0x0/0x21 @ 1
[   10.354238] initcall init_v2_quota_format+0x0/0x21 returned 0 after 94 usecs
[   10.364240]  #21
[   10.367182] calling  init_devpts_fs+0x0/0x27 @ 1
[   10.381348] initcall init_devpts_fs+0x0/0x27 returned 0 after 1002 usecs
[    1.193472] kvm-clock: cpu 21, msr 18872541, secondary cpu clock
[   10.392708] calling  ext4_init_fs+0x0/0x1d0 @ 1
[   10.420622] kvm-guest: stealtime: cpu 21, msr 1ef5b600
[   10.442687] initcall ext4_init_fs+0x0/0x1d0 returned 0 after 27706 usecs
[   10.456557] calling  journal_init+0x0/0x11c @ 1
[   10.485740]  #22
[    1.193472] kvm-clock: cpu 22, msr 18872581, secondary cpu clock
[   10.534728] kvm-guest: stealtime: cpu 22, msr 1ef9b600
[   10.566583] initcall journal_init+0x0/0x11c returned 0 after 99237 usecs
[   10.579448] calling  init_fat_fs+0x0/0x49 @ 1
[   10.588534] initcall init_fat_fs+0x0/0x49 returned 0 after 299 usecs
[   10.599526] calling  init_vfat_fs+0x0/0xc @ 1
[   10.607273] initcall init_vfat_fs+0x0/0xc returned 0 after 5 usecs
[   10.618033] calling  init_msdos_fs+0x0/0xc @ 1
[   10.622355]  #23
[   10.625186] initcall init_msdos_fs+0x0/0xc returned 0 after 6 usecs
[   10.625192] calling  init_iso9660_fs+0x0/0x6c @ 1
[    1.193472] kvm-clock: cpu 23, msr 188725c1, secondary cpu clock
[   10.670192] kvm-guest: stealtime: cpu 23, msr 1efdb600
[   10.694395] initcall init_iso9660_fs+0x0/0x6c returned 0 after 47367 usecs
[   10.706439] calling  init_nfs_fs+0x0/0x13a @ 1
[   10.740242]  #24
[    1.193472] kvm-clock: cpu 24, msr 18872601, secondary cpu clock
[   10.785259] kvm-guest: stealtime: cpu 24, msr 1f01b600
[   10.825134] initcall init_nfs_fs+0x0/0x13a returned 0 after 109109 usecs
[   10.837292] calling  init_nfs_v2+0x0/0x13 @ 1
[   10.846441] initcall init_nfs_v2+0x0/0x13 returned 0 after 629 usecs
[   10.857078] calling  init_nfs_v3+0x0/0x13 @ 1
[   10.863796] initcall init_nfs_v3+0x0/0x13 returned 0 after 2 usecs
[   10.873457] calling  init_nfs_v4+0x0/0x32 @ 1
[   10.876541]  #25
[   10.881270] NFS: Registering the id_resolver key type
[   10.881447] Key type id_resolver registered
[   10.881447] Key type id_legacy registered
[   10.881586] initcall init_nfs_v4+0x0/0x32 returned 0 after 336 usecs
[    1.193472] kvm-clock: cpu 25, msr 18872641, secondary cpu clock
[   10.907215] calling  init_nlm+0x0/0x5b @ 1
[   10.938220] initcall init_nlm+0x0/0x5b returned 0 after 3593 usecs
[   10.942991] kvm-guest: stealtime: cpu 25, msr 1f05b600
[   10.948367] calling  init_nls_cp437+0x0/0xe @ 1
[   10.963290] initcall init_nls_cp437+0x0/0xe returned 0 after 127 usecs
[   10.973375] calling  init_nls_ascii+0x0/0xe @ 1
[   10.980324] initcall init_nls_ascii+0x0/0xe returned 0 after 1 usecs
[   10.990383] calling  init_nls_iso8859_1+0x0/0xe @ 1
[   10.997830] initcall init_nls_iso8859_1+0x0/0xe returned 0 after 1 usecs
[   11.005238]  #26
[   11.007800] calling  init_nls_utf8+0x0/0x21 @ 1
[   11.007803] initcall init_nls_utf8+0x0/0x21 returned 0 after 0 usecs
[   11.007830] calling  init_autofs_fs+0x0/0x25 @ 1
[   11.011106] initcall init_autofs_fs+0x0/0x25 returned 0 after 3194 usecs
[    1.193472] kvm-clock: cpu 26, msr 18872681, secondary cpu clock
[   11.048371] calling  ipc_init+0x0/0x24 @ 1
[   11.071093] initcall ipc_init+0x0/0x24 returned 0 after 3473 usecs
[   11.076361] kvm-guest: stealtime: cpu 26, msr 1f09b600
[   11.081149] calling  ipc_sysctl_init+0x0/0x13 @ 1
[   11.097151] initcall ipc_sysctl_init+0x0/0x13 returned 0 after 265 usecs
[   11.107887] calling  init_mqueue_fs+0x0/0x9a @ 1
[   11.116486] initcall init_mqueue_fs+0x0/0x9a returned 0 after 1663 usecs
[   11.127240] calling  key_proc_init+0x0/0x63 @ 1
[   11.135497] initcall key_proc_init+0x0/0x63 returned 0 after 280 usecs
[   11.146485] calling  selinux_nf_ip_init+0x0/0x2e @ 1
[   11.154586] initcall selinux_nf_ip_init+0x0/0x2e returned 0 after 386 usecs
[   11.166414] calling  init_sel_fs+0x0/0x116 @ 1
[   11.177930] initcall init_sel_fs+0x0/0x116 returned 0 after 4499 usecs
[   11.187628] calling  selnl_init+0x0/0x7c @ 1
[   11.198734] initcall selnl_init+0x0/0x7c returned 0 after 4749 usecs
[   11.203258]  #27
[   11.208603] calling  sel_netif_init+0x0/0x36 @ 1
[   11.218672] initcall sel_netif_init+0x0/0x36 returned 0 after 1 usecs
[    1.193472] kvm-clock: cpu 27, msr 188726c1, secondary cpu clock
[   11.229121] calling  sel_netnode_init+0x0/0x33 @ 1
[   11.249471] initcall sel_netnode_init+0x0/0x33 returned 0 after 2188 usecs
[   11.264039] calling  sel_netport_init+0x0/0x33 @ 1
[   11.269427] kvm-guest: stealtime: cpu 27, msr 1f0db600
[   11.272078] initcall sel_netport_init+0x0/0x33 returned 0 after 1 usecs
[   11.292443] calling  aurule_init+0x0/0x2a @ 1
[   11.299596] initcall aurule_init+0x0/0x2a returned 0 after 3 usecs
[   11.309781] calling  crypto_algapi_init+0x0/0xc @ 1
[   11.317293] initcall crypto_algapi_init+0x0/0xc returned 0 after 7 usecs
[   11.327232] calling  jent_mod_init+0x0/0x2d @ 1
[   11.347524]  #28
[   11.350504] initcall jent_mod_init+0x0/0x2d returned 0 after 16025 usecs
[   11.364564] calling  asymmetric_key_init+0x0/0xc @ 1
[    1.193472] kvm-clock: cpu 28, msr 18872701, secondary cpu clock
[   11.372185] Key type asymmetric registered
[   11.390303] initcall asymmetric_key_init+0x0/0xc returned 0 after 17687 usecs
[   11.425146] calling  x509_key_init+0x0/0xc @ 1
[   11.431969] Asymmetric key parser 'x509' registered
[   11.432892] kvm-guest: stealtime: cpu 28, msr 1f11b600
[   11.439229] initcall x509_key_init+0x0/0xc returned 0 after 7180 usecs
[   11.457722] calling  proc_genhd_init+0x0/0x41 @ 1
[   11.464697] initcall proc_genhd_init+0x0/0x41 returned 0 after 6 usecs
[   11.479642] calling  bsg_init+0x0/0x113 @ 1
[   11.486166] Block layer SCSI generic (bsg) driver version 0.4 loaded (major 251)
[   11.497271] initcall bsg_init+0x0/0x113 returned 0 after 10973 usecs
[   11.507541] calling  deadline_init+0x0/0xc @ 1
[   11.515502] io scheduler mq-deadline registered
[   11.522677] initcall deadline_init+0x0/0xc returned 0 after 7813 usecs
[   11.533578] calling  kyber_init+0x0/0xc @ 1
[   11.541614] io scheduler kyber registered
[   11.548613] initcall kyber_init+0x0/0xc returned 0 after 6854 usecs
[   11.558784]  #29
[   11.558862] calling  mod_init+0x0/0x7 @ 1
[   11.568791] initcall mod_init+0x0/0x7 returned 0 after 0 usecs
[    1.193472] kvm-clock: cpu 29, msr 18872741, secondary cpu clock
[   11.578028] calling  percpu_counter_startup+0x0/0x55 @ 1
[   11.643022] kvm-guest: stealtime: cpu 29, msr 1f15b600
[   11.750682]  #30
[    1.193472] kvm-clock: cpu 30, msr 18872781, secondary cpu clock
[   11.804394] kvm-guest: stealtime: cpu 30, msr 1f19b600
[   11.830530] initcall percpu_counter_startup+0x0/0x55 returned 0 after 228669 usecs
[   11.843501] calling  sg_pool_init+0x0/0xb4 @ 1
[   11.853697] initcall sg_pool_init+0x0/0xb4 returned 0 after 2919 usecs
[   11.863932] calling  pcie_portdrv_init+0x0/0x39 @ 1
[   11.871696] initcall pcie_portdrv_init+0x0/0x39 returned 0 after 85 usecs
[   11.881519]  #31
[   11.882419] calling  pci_proc_init+0x0/0x68 @ 1
[   11.893332] initcall pci_proc_init+0x0/0x68 returned 0 after 43 usecs
[    1.193472] kvm-clock: cpu 31, msr 188727c1, secondary cpu clock
[   11.904215] calling  pci_hotplug_init+0x0/0x7 @ 1
[   11.923667] initcall pci_hotplug_init+0x0/0x7 returned 0 after 0 usecs
[   11.937136] calling  efifb_driver_init+0x0/0xe @ 1
[   11.979622] initcall efifb_driver_init+0x0/0xe returned 0 after 32294 usecs
[   11.985280] kvm-guest: stealtime: cpu 31, msr 1f1db600
[   11.991583] calling  ged_driver_init+0x0/0xe @ 1
[   12.007629] initcall ged_driver_init+0x0/0xe returned 0 after 531 usecs
[   12.019336] calling  acpi_ac_init+0x0/0x92 @ 1
[   12.030807] initcall acpi_ac_init+0x0/0x92 returned 0 after 3372 usecs
[   12.040698] calling  acpi_button_driver_init+0x0/0x52 @ 1
[   12.050474] input: Power Button as /devices/LNXSYSTM:00/LNXPWRBN:00/input/input0
[   12.051154]  #32
[   12.064219] ACPI: Power Button [PWRF]
[   12.076816] initcall acpi_button_driver_init+0x0/0x52 returned 0 after 27583 usecs
[    1.193472] kvm-clock: cpu 32, msr 18872801, secondary cpu clock
[   12.088841] calling  acpi_fan_driver_init+0x0/0xe @ 1
[   12.107459] initcall acpi_fan_driver_init+0x0/0xe returned 0 after 572 usecs
[   12.118672] calling  acpi_video_init+0x0/0xcb @ 1
[   12.168425] initcall acpi_video_init+0x0/0xcb returned 0 after 25406 usecs
[   12.173375] kvm-guest: stealtime: cpu 32, msr 1f21b600
[   12.178554] calling  acpi_processor_driver_init+0x0/0xad @ 1
[   12.226866]  #33
[    1.193472] kvm-clock: cpu 33, msr 18872841, secondary cpu clock
[   12.379284] kvm-guest: stealtime: cpu 33, msr 1f25b600
[   12.407403] torture_onoff-torture:rcu: Initial online 34: errno -16
[   12.410352] initcall acpi_processor_driver_init+0x0/0xad returned 0 after 209530 usecs
[   12.427959] calling  acpi_thermal_init+0x0/0x71 @ 1
[   12.432111]  #35
[    1.193472] kvm-clock: cpu 35, msr 188728c1, secondary cpu clock
[   12.451032] initcall acpi_thermal_init+0x0/0x71 returned 0 after 15989 usecs
[   12.501053] calling  acpi_battery_init+0x0/0x32 @ 1
[   12.508988] initcall acpi_battery_init+0x0/0x32 returned 0 after 440 usecs
[   12.518947] calling  bgrt_init+0x0/0xb6 @ 1
[   12.519183] kvm-guest: stealtime: cpu 35, msr 1f2db600
[   12.524884] initcall bgrt_init+0x0/0xb6 returned -19 after 0 usecs
[   12.542053] calling  gpio_clk_driver_init+0x0/0xe @ 1
[   12.550249] initcall gpio_clk_driver_init+0x0/0xe returned 0 after 235 usecs
[   12.561622] calling  plt_clk_driver_init+0x0/0xe @ 1
[   12.566806]  #36
[   12.569624] initcall plt_clk_driver_init+0x0/0xe returned 0 after 23 usecs
[   12.584401] calling  virtio_pci_driver_init+0x0/0x15 @ 1
[    1.193472] kvm-clock: cpu 36, msr 18872901, secondary cpu clock
[   12.593542] initcall virtio_pci_driver_init+0x0/0x15 returned 0 after 263 usecs
[   12.614596] calling  n_null_init+0x0/0x1e @ 1
[   12.621402] initcall n_null_init+0x0/0x1e returned 0 after 27 usecs
[   12.631003] calling  pty_init+0x0/0x1e8 @ 1
[   12.768762] initcall pty_init+0x0/0x1e8 returned 0 after 128019 usecs
[   12.778694] calling  sysrq_init+0x0/0x62 @ 1
[   12.785463] initcall sysrq_init+0x0/0x62 returned 0 after 46 usecs
[   12.787437] kvm-guest: stealtime: cpu 36, msr 1f31b600
[   12.794986] calling  serial8250_init+0x0/0x17e @ 1
[   12.810795] Serial: 8250/16550 driver, 4 ports, IRQ sharing enabled
[   12.822809] 00:03: ttyS0 at I/O 0x3f8 (irq = 4, base_baud = 115200) is a 16550A
[   12.836023]  #37
[   12.840550] initcall serial8250_init+0x0/0x17e returned 0 after 29159 usecs
[    1.193472] kvm-clock: cpu 37, msr 18872941, secondary cpu clock
[   12.854790] calling  serial_pci_driver_init+0x0/0x15 @ 1
[   12.889024] initcall serial_pci_driver_init+0x0/0x15 returned 0 after 14247 usecs
[   12.979564] calling  exar_pci_driver_init+0x0/0x15 @ 1
[   12.988059] initcall exar_pci_driver_init+0x0/0x15 returned 0 after 96 usecs
[   12.997754] kvm-guest: stealtime: cpu 37, msr 1f35b600
[   12.998067] calling  lpss8250_pci_driver_init+0x0/0x15 @ 1
[   13.014146] initcall lpss8250_pci_driver_init+0x0/0x15 returned 0 after 30 usecs
[   13.025630] calling  mid8250_pci_driver_init+0x0/0x15 @ 1
[   13.034214] initcall mid8250_pci_driver_init+0x0/0x15 returned 0 after 26 usecs
[   13.039275]  #38
[   13.045701] calling  virtio_console_init+0x0/0xff @ 1
[   13.046256] initcall virtio_console_init+0x0/0xff returned 0 after 538 usecs
[    1.193472] kvm-clock: cpu 38, msr 18872981, secondary cpu clock
[   13.069933] calling  hpet_init+0x0/0x64 @ 1
[   13.129256] initcall hpet_init+0x0/0x64 returned 0 after 41861 usecs
[   13.135400] kvm-guest: stealtime: cpu 38, msr 1f39b600
[   13.139837] calling  nvram_module_init+0x0/0x83 @ 1
[   13.179279] Non-volatile memory driver v1.3
[   13.186317] initcall nvram_module_init+0x0/0x83 returned 0 after 7947 usecs
[   13.197740] calling  hwrng_modinit+0x0/0x8a @ 1
[   13.208602] initcall hwrng_modinit+0x0/0x8a returned 0 after 2895 usecs
[   13.216275]  #39
[   13.219565] calling  mod_init+0x0/0x48 @ 1
[   13.227749] initcall mod_init+0x0/0x48 returned -19 after 0 usecs
[    1.193472] kvm-clock: cpu 39, msr 188729c1, secondary cpu clock
[   13.236633] calling  agp_init+0x0/0x23 @ 1
[   13.252888] Linux agpgart interface v0.103
[   13.259401] initcall agp_init+0x0/0x23 returned 0 after 6355 usecs
[   13.269108] calling  agp_amd64_mod_init+0x0/0x5 @ 1
[   13.278015] initcall agp_amd64_mod_init+0x0/0x5 returned -19 after 1330 usecs
[   13.289124] calling  agp_intel_init+0x0/0x28 @ 1
[   13.423498] kvm-guest: stealtime: cpu 39, msr 1f3db600
[   13.465741]  #40
[    1.193472] kvm-clock: cpu 40, msr 18872a01, secondary cpu clock
[   13.542828] kvm-guest: stealtime: cpu 40, msr 1f41b600
[   13.580659] torture_onoff-torture:rcu: Initial online 41: errno -16
[   13.580989] initcall agp_intel_init+0x0/0x28 returned 0 after 277814 usecs
[   13.601360] calling  drm_kms_helper_init+0x0/0x7 @ 1
[   13.609787] initcall drm_kms_helper_init+0x0/0x7 returned 0 after 84 usecs
[   13.618029]  #42
[   13.620959] calling  drm_core_init+0x0/0xa4 @ 1
[   13.630667] initcall drm_core_init+0x0/0xa4 returned 0 after 244 usecs
[    1.193472] kvm-clock: cpu 42, msr 18872a81, secondary cpu clock
[   13.641017] calling  i915_init+0x0/0x6b @ 1
[   13.693183] kvm-guest: stealtime: cpu 42, msr 1f49b600
[   13.706498] initcall i915_init+0x0/0x6b returned 0 after 47749 usecs
[   13.716693] calling  cn_proc_init+0x0/0x35 @ 1
[   13.723519] rcu-torture: torture_onoff begin holdoff
[   13.723663] initcall cn_proc_init+0x0/0x35 returned 0 after 2 usecs
[   13.740509] calling  topology_sysfs_init+0x0/0x27 @ 1
[   13.749538] initcall topology_sysfs_init+0x0/0x27 returned 0 after 1009 usecs
[   13.760031] calling  cacheinfo_sysfs_init+0x0/0x27 @ 1
[   13.795993] rcu_torture_rea (387) used greatest stack depth: 14944 bytes left
[   13.818540] initcall cacheinfo_sysfs_init+0x0/0x27 returned 0 after 49207 usecs
[   13.829890] calling  loop_init+0x0/0x168 @ 1
[   13.832072] rcu-torture: rcu_torture_read_exit: End of episode
[   14.042937] loop: module loaded
[   14.048023] initcall loop_init+0x0/0x168 returned 0 after 206474 usecs
[   14.057686] calling  mac_hid_init+0x0/0x21 @ 1
[   14.064171] initcall mac_hid_init+0x0/0x21 returned 0 after 9 usecs
[   14.073269] calling  spi_transport_init+0x0/0x74 @ 1
[   14.081299] initcall spi_transport_init+0x0/0x74 returned 0 after 173 usecs
[   14.091460] calling  init_sd+0x0/0x18c @ 1
[   14.098243] initcall init_sd+0x0/0x18c returned 0 after 275 usecs
[   14.107202] calling  init_sr+0x0/0x43 @ 1
[   14.113739] initcall init_sr+0x0/0x43 returned 0 after 52 usecs
[   14.122406] calling  init_sg+0x0/0x1c0 @ 1
[   14.129547] initcall init_sg+0x0/0x1c0 returned 0 after 480 usecs
[   14.139104] calling  ahci_pci_driver_init+0x0/0x15 @ 1
[   14.147903] ahci 0000:00:1f.2: version 3.0
[   14.155782] PCI Interrupt Link [GSIA] enabled at IRQ 16
[   14.174466] ahci 0000:00:1f.2: AHCI 0001.0000 32 slots 6 ports 1.5 Gbps 0x3f impl SATA mode
[   14.187323] ahci 0000:00:1f.2: flags: 64bit ncq only 
[   14.226302] scsi host0: ahci
[   14.237383] scsi host1: ahci
[   14.248166] scsi host2: ahci
[   14.258051] scsi host3: ahci
[   14.269068] scsi host4: ahci
[   14.281010] scsi host5: ahci
[   14.286513] ata1: SATA max UDMA/133 abar m4096@0xfebf1000 port 0xfebf1100 irq 24
[   14.296502] ata2: SATA max UDMA/133 abar m4096@0xfebf1000 port 0xfebf1180 irq 24
[   14.308329] ata3: SATA max UDMA/133 abar m4096@0xfebf1000 port 0xfebf1200 irq 24
[   14.319848] ata4: SATA max UDMA/133 abar m4096@0xfebf1000 port 0xfebf1280 irq 24
[   14.331285] ata5: SATA max UDMA/133 abar m4096@0xfebf1000 port 0xfebf1300 irq 24
[   14.341616] ata6: SATA max UDMA/133 abar m4096@0xfebf1000 port 0xfebf1380 irq 24
[   14.352334] initcall ahci_pci_driver_init+0x0/0x15 returned 0 after 200056 usecs
[   14.363730] calling  piix_init+0x0/0x26 @ 1
[   14.370036] initcall piix_init+0x0/0x26 returned 0 after 63 usecs
[   14.379654] calling  amd_pci_driver_init+0x0/0x15 @ 1
[   14.387377] initcall amd_pci_driver_init+0x0/0x15 returned 0 after 46 usecs
[   14.397510] calling  oldpiix_pci_driver_init+0x0/0x15 @ 1
[   14.405633] initcall oldpiix_pci_driver_init+0x0/0x15 returned 0 after 46 usecs
[   14.416685] calling  sch_pci_driver_init+0x0/0x15 @ 1
[   14.424328] initcall sch_pci_driver_init+0x0/0x15 returned 0 after 138 usecs
[   14.434554] calling  net_olddevs_init+0x0/0x55 @ 1
[   14.442050] initcall net_olddevs_init+0x0/0x55 returned 0 after 211 usecs
[   14.452083] calling  blackhole_netdev_init+0x0/0x78 @ 1
[   14.460481] initcall blackhole_netdev_init+0x0/0x78 returned 0 after 747 usecs
[   14.471128] calling  phy_module_init+0x0/0x13 @ 1
[   14.478567] initcall phy_module_init+0x0/0x13 returned 0 after 259 usecs
[   14.488325] calling  tg3_driver_init+0x0/0x15 @ 1
[   14.495513] initcall tg3_driver_init+0x0/0x15 returned 0 after 41 usecs
[   14.506036] calling  e100_init_module+0x0/0x4c @ 1
[   14.514544] e100: Intel(R) PRO/100 Network Driver
[   14.521876] e100: Copyright(c) 1999-2006 Intel Corporation
[   14.530821] initcall e100_init_module+0x0/0x4c returned 0 after 16018 usecs
[   14.541904] calling  e1000_init_module+0x0/0x72 @ 1
[   14.549361] e1000: Intel(R) PRO/1000 Network Driver
[   14.557004] e1000: Copyright (c) 1999-2006 Intel Corporation.
[   14.566674] initcall e1000_init_module+0x0/0x72 returned 0 after 16915 usecs
[   14.578592] calling  e1000_init_module+0x0/0x2d @ 1
[   14.587621] e1000e: Intel(R) PRO/1000 Network Driver
[   14.599178] e1000e: Copyright(c) 1999 - 2015 Intel Corporation.
[   14.609163] initcall e1000_init_module+0x0/0x2d returned 0 after 21050 usecs
[   14.621302] calling  sky2_init_module+0x0/0x21 @ 1
[   14.628864] sky2: driver version 1.30
[   14.634796] initcall sky2_init_module+0x0/0x21 returned 0 after 5788 usecs
[   14.645648] calling  forcedeth_pci_driver_init+0x0/0x15 @ 1
[   14.654430] initcall forcedeth_pci_driver_init+0x0/0x15 returned 0 after 122 usecs
[   14.666512] calling  rtl8139_init_module+0x0/0x15 @ 1
[   14.668540] ata4: SATA link down (SStatus 0 SControl 300)
[   14.675376] initcall rtl8139_init_module+0x0/0x15 returned 0 after 31 usecs
[   14.685676] ata3: SATA link up 1.5 Gbps (SStatus 113 SControl 300)
[   14.692702] calling  rtl8169_pci_driver_init+0x0/0x15 @ 1
[   14.703466] ata1: SATA link down (SStatus 0 SControl 300)
[   14.709948] initcall rtl8169_pci_driver_init+0x0/0x15 returned 0 after 37 usecs
[   14.720047] ata2: SATA link down (SStatus 0 SControl 300)
[   14.729060] calling  cdrom_init+0x0/0xc @ 1
[   14.737808] ata3.00: ATAPI: QEMU DVD-ROM, 2.5+, max UDMA/100
[   14.744262] initcall cdrom_init+0x0/0xc returned 0 after 63 usecs
[   14.751582] ata3.00: applying bridge limits
[   14.753972] ata5: SATA link down (SStatus 0 SControl 300)
[   14.761284] calling  nonstatic_sysfs_init+0x0/0xc @ 1
[   14.761345] initcall nonstatic_sysfs_init+0x0/0xc returned 0 after 56 usecs
[   14.770922] ata6: SATA link down (SStatus 0 SControl 300)
[   14.776687] calling  yenta_cardbus_driver_init+0x0/0x15 @ 1
[   14.785202] ata3.00: configured for UDMA/100
[   14.795506] initcall yenta_cardbus_driver_init+0x0/0x15 returned 0 after 97 usecs
[   14.808145] scsi 2:0:0:0: CD-ROM            QEMU     QEMU DVD-ROM     2.5+ PQ: 0 ANSI: 5
[   14.811599] calling  mon_init+0x0/0x12d @ 1
[   14.853438] initcall mon_init+0x0/0x12d returned 0 after 2533 usecs
[   14.861534] calling  ehci_hcd_init+0x0/0x56 @ 1
[   14.868397] ehci_hcd: USB 2.0 'Enhanced' Host Controller (EHCI) Driver
[   14.878378] initcall ehci_hcd_init+0x0/0x56 returned 0 after 9804 usecs
[   14.888100] calling  ehci_pci_init+0x0/0x64 @ 1
[   14.895116] ehci-pci: EHCI PCI platform driver
[   14.902002] initcall ehci_pci_init+0x0/0x64 returned 0 after 6722 usecs
[   14.912208] calling  ohci_hcd_mod_init+0x0/0x4e @ 1
[   14.919810] ohci_hcd: USB 1.1 'Open' Host Controller (OHCI) Driver
[   14.929441] initcall ohci_hcd_mod_init+0x0/0x4e returned 0 after 9400 usecs
[   14.939541] calling  ohci_pci_init+0x0/0x64 @ 1
[   14.946305] ohci-pci: OHCI PCI platform driver
[   14.953285] initcall ohci_pci_init+0x0/0x64 returned 0 after 6812 usecs
[   14.962818] calling  uhci_hcd_init+0x0/0xa8 @ 1
[   14.969768] uhci_hcd: USB Universal Host Controller Interface driver
[   14.979361] initcall uhci_hcd_init+0x0/0xa8 returned 0 after 9364 usecs
[   14.988753] calling  xhci_hcd_init+0x0/0x1e @ 1
[   14.995813] initcall xhci_hcd_init+0x0/0x1e returned 0 after 32 usecs
[   15.005181] calling  xhci_pci_init+0x0/0x49 @ 1
[   15.011704] initcall xhci_pci_init+0x0/0x49 returned 0 after 370 usecs
[   15.021115] calling  usblp_driver_init+0x0/0x15 @ 1
[   15.029012] usbcore: registered new interface driver usblp
[   15.036712] initcall usblp_driver_init+0x0/0x15 returned 0 after 8213 usecs
[   15.045980] calling  usb_storage_driver_init+0x0/0x2a @ 1
[   15.053351] usbcore: registered new interface driver usb-storage
[   15.061020] initcall usb_storage_driver_init+0x0/0x2a returned 0 after 7634 usecs
[   15.070288] calling  i8042_init+0x0/0x4c2 @ 1
[   15.076053] i8042: PNP: PS/2 Controller [PNP0303:KBD,PNP0f13:MOU] at 0x60,0x64 irq 1,12
[   15.094160] serio: i8042 KBD port at 0x60,0x64 irq 1
[   15.100765] serio: i8042 AUX port at 0x60,0x64 irq 12
[   15.107260] initcall i8042_init+0x0/0x4c2 returned 0 after 30652 usecs
[   15.115382] calling  serport_init+0x0/0x2c @ 1
[   15.120981] initcall serport_init+0x0/0x2c returned 0 after 1 usecs
[   15.128871] calling  input_leds_init+0x0/0xc @ 1
[   15.135034] initcall input_leds_init+0x0/0xc returned 0 after 31 usecs
[   15.143897] calling  evdev_init+0x0/0xc @ 1
[   15.151653] initcall evdev_init+0x0/0xc returned 0 after 1881 usecs
[   15.161301] calling  atkbd_init+0x0/0x21 @ 1
[   15.167482] initcall atkbd_init+0x0/0x21 returned 0 after 389 usecs
[   15.176204] calling  psmouse_init+0x0/0x7f @ 1
[   15.182397] initcall psmouse_init+0x0/0x7f returned 0 after 199 usecs
[   15.191402] calling  cmos_init+0x0/0x73 @ 1
[   15.198715] rtc_cmos 00:04: RTC can wake from S4
[   15.206467] input: AT Translated Set 2 keyboard as /devices/platform/i8042/serio0/input/input1
[   15.215666] rtc_cmos 00:04: registered as rtc0
[   15.225769] rtc_cmos 00:04: alarms up to one day, y3k, 242 bytes nvram, hpet irqs
[   15.237291] initcall cmos_init+0x0/0x73 returned 0 after 38452 usecs
[   15.246634] calling  smbalert_driver_init+0x0/0xe @ 1
[   15.255357] sr 2:0:0:0: [sr0] scsi3-mmc drive: 4x/4x cd/rw xa/form2 tray
[   15.255369] initcall smbalert_driver_init+0x0/0xe returned 0 after 307 usecs
[   15.266808] cdrom: Uniform CD-ROM driver Revision: 3.20
[   15.287110] calling  i2c_i801_init+0x0/0xc5 @ 1
[   15.296150] i801_smbus 0000:00:1f.3: SMBus using PCI interrupt
[   15.305403] i2c i2c-0: 1/1 memory slots populated (from DMI)
[   15.313225] i2c i2c-0: Memory type 0x07 not supported yet, not instantiating SPD
[   15.327817] initcall i2c_i801_init+0x0/0xc5 returned 0 after 33116 usecs
[   15.331217] sr 2:0:0:0: Attached scsi CD-ROM sr0
[   15.338219] calling  ptp_kvm_init+0x0/0xf0 @ 1
[   15.346395] sr 2:0:0:0: Attached scsi generic sg0 type 5
[   15.353726] initcall ptp_kvm_init+0x0/0xf0 returned 0 after 1589 usecs
[   15.370333] calling  dm_init+0x0/0x3c @ 1
[   15.380310] device-mapper: ioctl: 4.43.0-ioctl (2020-10-01) initialised: dm-devel@redhat.com
[   15.393550] initcall dm_init+0x0/0x3c returned 0 after 16372 usecs
[   15.403701] calling  dm_mirror_init+0x0/0x29 @ 1
[   15.412508] initcall dm_mirror_init+0x0/0x29 returned 0 after 81 usecs
[   15.423370] calling  dm_dirty_log_init+0x0/0x4f @ 1
[   15.430747] initcall dm_dirty_log_init+0x0/0x4f returned 0 after 34 usecs
[   15.441520] calling  dm_zero_init+0x0/0x29 @ 1
[   15.449018] initcall dm_zero_init+0x0/0x29 returned 0 after 3 usecs
[   15.459160] calling  intel_pstate_init+0x0/0x513 @ 1
[   15.467687] intel_pstate: CPU model not supported
[   15.475530] initcall intel_pstate_init+0x0/0x513 returned -19 after 7655 usecs
[   15.487583] calling  haltpoll_init+0x0/0xc0 @ 1
[   15.495692] initcall haltpoll_init+0x0/0xc0 returned -19 after 38 usecs
[   15.507263] calling  efivars_sysfs_init+0x0/0x30 @ 1
[   15.515432] initcall efivars_sysfs_init+0x0/0x30 returned 0 after 46 usecs
[   15.526648] calling  esrt_sysfs_init+0x0/0x2a2 @ 1
[   15.534594] initcall esrt_sysfs_init+0x0/0x2a2 returned -38 after 34 usecs
[   15.544058] calling  hid_init+0x0/0x5c @ 1
[   15.549555] hid: raw HID events driver (C) Jiri Kosina
