c[?7l[2J[0mSeaBIOS (version 1.16.0-debian-1.16.0-4)
Booting from ROM...
early console in setup code
c[?7l[2J[    0.000000] Linux version 5.10.158+ (root@joelboxx.c.googlers.com) (gcc (Debian 12.2.0-3) 12.2.0, GNU ld (GNU Binutils for Debian) 2.39) #13 SMP PREEMPT Tue Dec 13 22:53:01 UTC 2022
[    0.000000] Command line: selinux=0 initcall_debug debug console=ttyS0 rcutorture.torture_type=tasks nohz_full=1 rcutorture.onoff_interval=1000 rcutorture.onoff_holdoff=30 rcutorture.n_barrier_cbs=4 rcutorture.stat_interval=15 rcutorture.shutdown_secs=3600 rcutorture.test_no_idle_hz=1 rcutorture.verbose=1
[    0.000000] x86/fpu: x87 FPU will use FXSAVE
[    0.000000] BIOS-provided physical RAM map:
[    0.000000] BIOS-e820: [mem 0x0000000000000000-0x000000000009fbff] usable
[    0.000000] BIOS-e820: [mem 0x000000000009fc00-0x000000000009ffff] reserved
[    0.000000] BIOS-e820: [mem 0x00000000000f0000-0x00000000000fffff] reserved
[    0.000000] BIOS-e820: [mem 0x0000000000100000-0x000000001ffdefff] usable
[    0.000000] BIOS-e820: [mem 0x000000001ffdf000-0x000000001fffffff] reserved
[    0.000000] BIOS-e820: [mem 0x00000000b0000000-0x00000000bfffffff] reserved
[    0.000000] BIOS-e820: [mem 0x00000000fed1c000-0x00000000fed1ffff] reserved
[    0.000000] BIOS-e820: [mem 0x00000000feffc000-0x00000000feffffff] reserved
[    0.000000] BIOS-e820: [mem 0x00000000fffc0000-0x00000000ffffffff] reserved
[    0.000000] NX (Execute Disable) protection: active
[    0.000000] SMBIOS 2.8 present.
[    0.000000] DMI: QEMU Standard PC (Q35 + ICH9, 2009), BIOS 1.16.0-debian-1.16.0-4 04/01/2014
[    0.000000] Hypervisor detected: KVM
[    0.000000] kvm-clock: Using msrs 4b564d01 and 4b564d00
[    0.000000] kvm-clock: cpu 0, msr 124b9001, primary cpu clock
[    0.000001] kvm-clock: using sched offset of 4249248984 cycles
[    0.000176] clocksource: kvm-clock: mask: 0xffffffffffffffff max_cycles: 0x1cd42e4dffb, max_idle_ns: 881590591483 ns
[    0.000278] tsc: Detected 1999.999 MHz processor
[    0.011858] e820: update [mem 0x00000000-0x00000fff] usable ==> reserved
[    0.011863] e820: remove [mem 0x000a0000-0x000fffff] usable
[    0.011871] last_pfn = 0x1ffdf max_arch_pfn = 0x400000000
[    0.012913] MTRR default type: write-back
[    0.012985] MTRR fixed ranges enabled:
[    0.012987]   00000-9FFFF write-back
[    0.012988]   A0000-BFFFF uncachable
[    0.012989]   C0000-FFFFF write-protect
[    0.012990] MTRR variable ranges enabled:
[    0.012992]   0 base 00C0000000 mask FFC0000000 uncachable
[    0.012993]   1 disabled
[    0.012994]   2 disabled
[    0.012995]   3 disabled
[    0.012995]   4 disabled
[    0.012996]   5 disabled
[    0.012997]   6 disabled
[    0.012998]   7 disabled
[    0.013553] x86/PAT: Configuration [0-7]: WB  WC  UC- UC  WB  WC  UC- UC  
[    0.022915] found SMP MP-table at [mem 0x000f5ba0-0x000f5baf]
[    0.025522] check: Scanning 1 areas for low memory corruption
[    0.036530] ACPI: Early table checksum verification disabled
[    0.038264] ACPI: RSDP 0x00000000000F59E0 000014 (v00 BOCHS )
[    0.038626] ACPI: RSDT 0x000000001FFE22F5 000038 (v01 BOCHS  BXPC     00000001 BXPC 00000001)
[    0.038855] ACPI: FACP 0x000000001FFE20E5 0000F4 (v03 BOCHS  BXPC     00000001 BXPC 00000001)
[    0.038968] ACPI: DSDT 0x000000001FFE0040 0020A5 (v01 BOCHS  BXPC     00000001 BXPC 00000001)
[    0.039015] ACPI: FACS 0x000000001FFE0000 000040
[    0.039019] ACPI: APIC 0x000000001FFE21D9 000080 (v01 BOCHS  BXPC     00000001 BXPC 00000001)
[    0.039024] ACPI: HPET 0x000000001FFE2259 000038 (v01 BOCHS  BXPC     00000001 BXPC 00000001)
[    0.039028] ACPI: MCFG 0x000000001FFE2291 00003C (v01 BOCHS  BXPC     00000001 BXPC 00000001)
[    0.039032] ACPI: WAET 0x000000001FFE22CD 000028 (v01 BOCHS  BXPC     00000001 BXPC 00000001)
[    0.039037] ACPI: Reserving FACP table memory at [mem 0x1ffe20e5-0x1ffe21d8]
[    0.039038] ACPI: Reserving DSDT table memory at [mem 0x1ffe0040-0x1ffe20e4]
[    0.039040] ACPI: Reserving FACS table memory at [mem 0x1ffe0000-0x1ffe003f]
[    0.039041] ACPI: Reserving APIC table memory at [mem 0x1ffe21d9-0x1ffe2258]
[    0.039042] ACPI: Reserving HPET table memory at [mem 0x1ffe2259-0x1ffe2290]
[    0.039043] ACPI: Reserving MCFG table memory at [mem 0x1ffe2291-0x1ffe22cc]
[    0.039044] ACPI: Reserving WAET table memory at [mem 0x1ffe22cd-0x1ffe22f4]
[    0.039964] ACPI: Local APIC address 0xfee00000
[    0.045410] No NUMA configuration found
[    0.045414] Faking a node at [mem 0x0000000000000000-0x000000001ffdefff]
[    0.045702] NODE_DATA(0) allocated [mem 0x1ffdb000-0x1ffdefff]
[    0.047993] Zone ranges:
[    0.048168]   DMA      [mem 0x0000000000001000-0x0000000000ffffff]
[    0.048254]   DMA32    [mem 0x0000000001000000-0x000000001ffdefff]
[    0.048257]   Normal   empty
[    0.048259] Movable zone start for each node
[    0.048339] Early memory node ranges
[    0.048341]   node   0: [mem 0x0000000000001000-0x000000000009efff]
[    0.048469]   node   0: [mem 0x0000000000100000-0x000000001ffdefff]
[    0.048629] Initmem setup node 0 [mem 0x0000000000001000-0x000000001ffdefff]
[    0.048632] On node 0 totalpages: 130941
[    0.048760]   DMA zone: 64 pages used for memmap
[    0.048762]   DMA zone: 21 pages reserved
[    0.048763]   DMA zone: 3998 pages, LIFO batch:0
[    0.048765]   DMA32 zone: 1984 pages used for memmap
[    0.048767]   DMA32 zone: 126943 pages, LIFO batch:31
[    0.080436] On node 0, zone DMA: 1 pages in unavailable ranges
[    0.083959] On node 0, zone DMA: 97 pages in unavailable ranges
[    0.233361] On node 0, zone DMA32: 33 pages in unavailable ranges
[    0.236822] ACPI: PM-Timer IO Port: 0x608
[    0.236828] ACPI: Local APIC address 0xfee00000
[    0.236994] ACPI: LAPIC_NMI (acpi_id[0xff] dfl dfl lint[0x1])
[    0.237637] IOAPIC[0]: apic_id 0, version 17, address 0xfec00000, GSI 0-23
[    0.237655] ACPI: INT_SRC_OVR (bus 0 bus_irq 0 global_irq 2 dfl dfl)
[    0.237752] ACPI: INT_SRC_OVR (bus 0 bus_irq 5 global_irq 5 high level)
[    0.237754] ACPI: INT_SRC_OVR (bus 0 bus_irq 9 global_irq 9 high level)
[    0.237832] ACPI: INT_SRC_OVR (bus 0 bus_irq 10 global_irq 10 high level)
[    0.237834] ACPI: INT_SRC_OVR (bus 0 bus_irq 11 global_irq 11 high level)
[    0.237838] ACPI: IRQ0 used by override.
[    0.237840] ACPI: IRQ5 used by override.
[    0.237842] ACPI: IRQ9 used by override.
[    0.237843] ACPI: IRQ10 used by override.
[    0.237845] ACPI: IRQ11 used by override.
[    0.237898] Using ACPI (MADT) for SMP configuration information
[    0.237901] ACPI: HPET id: 0x8086a201 base: 0xfed00000
[    0.238148] smpboot: Allowing 2 CPUs, 0 hotplug CPUs
[    0.238891] PM: hibernation: Registered nosave memory: [mem 0x00000000-0x00000fff]
[    0.238894] PM: hibernation: Registered nosave memory: [mem 0x0009f000-0x0009ffff]
[    0.238896] PM: hibernation: Registered nosave memory: [mem 0x000a0000-0x000effff]
[    0.238897] PM: hibernation: Registered nosave memory: [mem 0x000f0000-0x000fffff]
[    0.238900] [mem 0x20000000-0xafffffff] available for PCI devices
[    0.238926] Booting paravirtualized kernel on KVM
[    0.239080] clocksource: refined-jiffies: mask: 0xffffffff max_cycles: 0xffffffff, max_idle_ns: 1910969940391419 ns
[    0.259237] setup_percpu: NR_CPUS:2 nr_cpumask_bits:2 nr_cpu_ids:2 nr_node_ids:1
[    0.290679] percpu: Embedded 56 pages/cpu s191448 r8192 d29736 u1048576
[    0.290720] pcpu-alloc: s191448 r8192 d29736 u1048576 alloc=1*2097152
[    0.290746] pcpu-alloc: [0] 0 1 
[    0.290977] kvm-guest: stealtime: cpu 0, msr 1f41b600
[    0.291058] Built 1 zonelists, mobility grouping on.  Total pages: 128872
[    0.291060] Policy zone: DMA32
[    0.291102] Kernel command line: selinux=0 initcall_debug debug console=ttyS0 rcutorture.torture_type=tasks nohz_full=1 rcutorture.onoff_interval=1000 rcutorture.onoff_holdoff=30 rcutorture.n_barrier_cbs=4 rcutorture.stat_interval=15 rcutorture.shutdown_secs=3600 rcutorture.test_no_idle_hz=1 rcutorture.verbose=1
[    0.295772] Dentry cache hash table entries: 65536 (order: 7, 524288 bytes, linear)
[    0.296668] Inode-cache hash table entries: 32768 (order: 6, 262144 bytes, linear)
[    0.297193] mem auto-init: stack:all(zero), heap alloc:off, heap free:off
[    0.317388] Memory: 479080K/523764K available (16397K kernel code, 2543K rwdata, 4684K rodata, 1492K init, 1412K bss, 44424K reserved, 0K cma-reserved)
[    0.317682] SLUB: HWalign=64, Order=0-3, MinObjects=0, CPUs=2, Nodes=1
[    0.317723] Kernel/User page tables isolation: enabled
[    0.328363] rcu: Preemptible hierarchical RCU implementation.
[    0.328367] rcu: 	RCU event tracing is enabled.
[    0.328382] 	Trampoline variant of Tasks RCU enabled.
[    0.328384] 	Rude variant of Tasks RCU enabled.
[    0.328385] 	Tracing variant of Tasks RCU enabled.
[    0.328409] rcu: RCU calculated value of scheduler-enlistment delay is 100 jiffies.
[    0.336162] NR_IRQS: 4352, nr_irqs: 440, preallocated irqs: 16
[    0.337964] NO_HZ: Full dynticks CPUs: 1.
[    0.337967] rcu: 	Offload RCU callbacks from CPUs: 1.
[    0.339821] calling  con_init+0x0/0x22a @ 0
[    0.437782] Console: colour VGA+ 80x25
[    0.437792] initcall con_init+0x0/0x22a returned 0 after 0 usecs
[    0.437807] calling  hvc_console_init+0x0/0x13 @ 0
[    0.437832] initcall hvc_console_init+0x0/0x13 returned 0 after 0 usecs
[    0.437834] calling  univ8250_console_init+0x0/0x26 @ 0
[    1.373128] printk: console [ttyS0] enabled
[    1.377751] initcall univ8250_console_init+0x0/0x26 returned 0 after 0 usecs
[    1.385717] ACPI: Core revision 20200925
[    1.391710] clocksource: hpet: mask: 0xffffffff max_cycles: 0xffffffff, max_idle_ns: 19112604467 ns
[    1.404247] APIC: Switch to symmetric I/O mode setup
[    1.429720] ..TIMER: vector=0x30 apic1=0 pin1=2 apic2=-1 pin2=-1
[    1.437930] clocksource: tsc-early: mask: 0xffffffffffffffff max_cycles: 0x39a85afc727, max_idle_ns: 881590685098 ns
[    1.450147] Calibrating delay loop (skipped) preset value.. 3999.99 BogoMIPS (lpj=1999999)
[    1.451147] pid_max: default: 32768 minimum: 301
[    1.452321] LSM: Security Framework initializing
[    1.454645] Mount-cache hash table entries: 1024 (order: 1, 8192 bytes, linear)
[    1.456327] Mountpoint-cache hash table entries: 1024 (order: 1, 8192 bytes, linear)
[    1.470816] Last level iTLB entries: 4KB 0, 2MB 0, 4MB 0
[    1.471145] Last level dTLB entries: 4KB 0, 2MB 0, 4MB 0, 1GB 0
[    1.472214] Spectre V1 : Mitigation: usercopy/swapgs barriers and __user pointer sanitization
[    1.473467] Spectre V2 : Mitigation: Retpolines
[    1.474145] Spectre V2 : Spectre v2 / SpectreRSB mitigation: Filling RSB on context switch
[    1.475145] Spectre V2 : Spectre v2 / SpectreRSB : Filling RSB on VMEXIT
[    1.476145] Speculative Store Bypass: Vulnerable
[    1.477149] MDS: Vulnerable: Clear CPU buffers attempted, no microcode
[    1.478144] MMIO Stale Data: Unknown: No mitigations
[    1.612434] Freeing SMP alternatives memory: 40K
[    1.718141] smpboot: CPU0: Intel Common KVM processor (family: 0xf, model: 0x6, stepping: 0x1)
[    1.719726] calling  init_hw_perf_events+0x0/0x6ce @ 1
[    1.720146] Performance Events: unsupported Netburst CPU model 6 no PMU driver, software events only.
[    1.721153] initcall init_hw_perf_events+0x0/0x6ce returned 0 after 976 usecs
[    1.722148] calling  init_real_mode+0x0/0x1e9 @ 1
[    1.724320] initcall init_real_mode+0x0/0x1e9 returned 0 after 976 usecs
[    1.725152] calling  trace_init_perf_perm_irq_work_exit+0x0/0x12 @ 1
[    1.726148] initcall trace_init_perf_perm_irq_work_exit+0x0/0x12 returned 0 after 0 usecs
[    1.727164] calling  validate_x2apic+0x0/0x4a @ 1
[    1.728172] initcall validate_x2apic+0x0/0x4a returned 0 after 0 usecs
[    1.729147] calling  register_nmi_cpu_backtrace_handler+0x0/0x15 @ 1
[    1.730148] initcall register_nmi_cpu_backtrace_handler+0x0/0x15 returned 0 after 0 usecs
[    1.731149] calling  kvm_setup_vsyscall_timeinfo+0x0/0xd1 @ 1
[    1.733148] initcall kvm_setup_vsyscall_timeinfo+0x0/0xd1 returned 0 after 0 usecs
[    1.734150] calling  spawn_ksoftirqd+0x0/0x38 @ 1
[    1.735266] initcall spawn_ksoftirqd+0x0/0x38 returned 0 after 0 usecs
[    1.736150] calling  migration_init+0x0/0x3d @ 1
[    1.737149] initcall migration_init+0x0/0x3d returned 0 after 0 usecs
[    1.738172] calling  srcu_bootup_announce+0x0/0x2f @ 1
[    1.739154] rcu: Hierarchical SRCU implementation.
[    1.740152] initcall srcu_bootup_announce+0x0/0x2f returned 0 after 976 usecs
[    1.741162] calling  rcu_spawn_gp_kthread+0x0/0x1dd @ 1
[    1.743196] initcall rcu_spawn_gp_kthread+0x0/0x1dd returned 0 after 976 usecs
[    1.744207] calling  check_cpu_stall_init+0x0/0x1a @ 1
[    1.745152] initcall check_cpu_stall_init+0x0/0x1a returned 0 after 0 usecs
[    1.746149] calling  rcu_sysrq_init+0x0/0x21 @ 1
[    1.747161] initcall rcu_sysrq_init+0x0/0x21 returned 0 after 0 usecs
[    1.748159] calling  trace_init_flags_sys_enter+0x0/0xe @ 1
[    1.749151] initcall trace_init_flags_sys_enter+0x0/0xe returned 0 after 0 usecs
[    1.750149] calling  trace_init_flags_sys_exit+0x0/0xe @ 1
[    1.752149] initcall trace_init_flags_sys_exit+0x0/0xe returned 0 after 0 usecs
[    1.753149] calling  cpu_stop_init+0x0/0x6e @ 1
[    1.754276] initcall cpu_stop_init+0x0/0x6e returned 0 after 0 usecs
[    1.755149] calling  init_kprobes+0x0/0x165 @ 1
[    1.757608] initcall init_kprobes+0x0/0x165 returned 0 after 976 usecs
[    1.758149] calling  init_events+0x0/0x3d @ 1
[    1.759164] initcall init_events+0x0/0x3d returned 0 after 0 usecs
[    1.760149] calling  init_trace_printk+0x0/0xc @ 1
[    1.761175] initcall init_trace_printk+0x0/0xc returned 0 after 0 usecs
[    1.762154] calling  event_trace_enable_again+0x0/0x23 @ 1
[    1.763154] initcall event_trace_enable_again+0x0/0x23 returned 0 after 0 usecs
[    1.764150] calling  static_call_init+0x0/0x77 @ 1
[    1.765149] initcall static_call_init+0x0/0x77 returned 0 after 0 usecs
[    1.766148] calling  jump_label_init_module+0x0/0xc @ 1
[    1.767149] initcall jump_label_init_module+0x0/0xc returned 0 after 0 usecs
[    1.768148] calling  init_zero_pfn+0x0/0x37 @ 1
[    1.769147] initcall init_zero_pfn+0x0/0x37 returned 0 after 0 usecs
[    1.770152] calling  initialize_ptr_random+0x0/0x54 @ 1
[    1.771150] initcall initialize_ptr_random+0x0/0x54 returned 0 after 0 usecs
[    1.772148] calling  efi_memreserve_root_init+0x0/0x25 @ 1
[    1.773173] initcall efi_memreserve_root_init+0x0/0x25 returned 0 after 0 usecs
[    1.774147] calling  efi_earlycon_remap_fb+0x0/0x51 @ 1
[    1.775147] initcall efi_earlycon_remap_fb+0x0/0x51 returned 0 after 0 usecs
[    1.777223] smp: Bringing up secondary CPUs ...
[    1.779584] x86: Booting SMP configuration:
[    1.780145] .... node  #0, CPUs:      #1
[    1.108991] kvm-clock: cpu 1, msr 124b9041, secondary cpu clock
[    1.807496] kvm-guest: stealtime: cpu 1, msr 1f51b600
[    1.822157] smp: Brought up 1 node, 2 CPUs
[    1.823146] smpboot: Max logical packages: 1
[    1.824145] smpboot: Total of 2 processors activated (7999.99 BogoMIPS)
[    1.826589] devtmpfs: initialized
[    1.828820] calling  ipc_ns_init+0x0/0x3d @ 1
[    1.829210] initcall ipc_ns_init+0x0/0x3d returned 0 after 0 usecs
[    1.830149] calling  init_mmap_min_addr+0x0/0x21 @ 1
[    1.831149] initcall init_mmap_min_addr+0x0/0x21 returned 0 after 0 usecs
[    1.832148] calling  pci_realloc_setup_params+0x0/0x3f @ 1
[    1.833154] initcall pci_realloc_setup_params+0x0/0x3f returned 0 after 0 usecs
[    1.834149] calling  net_ns_init+0x0/0x140 @ 1
[    1.835467] initcall net_ns_init+0x0/0x140 returned 0 after 0 usecs
[    1.837168] calling  e820__register_nvs_regions+0x0/0x37 @ 1
[    1.838148] initcall e820__register_nvs_regions+0x0/0x37 returned 0 after 0 usecs
[    1.839150] calling  cpufreq_register_tsc_scaling+0x0/0x2e @ 1
[    1.840149] initcall cpufreq_register_tsc_scaling+0x0/0x2e returned 0 after 0 usecs
[    1.841148] calling  reboot_init+0x0/0x3c @ 1
[    1.842192] initcall reboot_init+0x0/0x3c returned 0 after 0 usecs
[    1.843149] calling  init_lapic_sysfs+0x0/0x20 @ 1
[    1.844147] initcall init_lapic_sysfs+0x0/0x20 returned 0 after 0 usecs
[    1.845150] calling  alloc_frozen_cpus+0x0/0x7 @ 1
[    1.846150] initcall alloc_frozen_cpus+0x0/0x7 returned 0 after 0 usecs
[    1.847149] calling  cpu_hotplug_pm_sync_init+0x0/0x13 @ 1
[    1.848149] initcall cpu_hotplug_pm_sync_init+0x0/0x13 returned 0 after 0 usecs
[    1.849149] calling  wq_sysfs_init+0x0/0x2a @ 1
[    1.851188] initcall wq_sysfs_init+0x0/0x2a returned 0 after 976 usecs
[    1.852151] calling  ksysfs_init+0x0/0x92 @ 1
[    1.853188] initcall ksysfs_init+0x0/0x92 returned 0 after 0 usecs
[    1.854152] calling  schedutil_gov_init+0x0/0xc @ 1
[    1.855182] initcall schedutil_gov_init+0x0/0xc returned 0 after 0 usecs
[    1.856151] calling  pm_init+0x0/0x76 @ 1
[    1.857245] initcall pm_init+0x0/0x76 returned 0 after 0 usecs
[    1.858152] calling  pm_disk_init+0x0/0x13 @ 1
[    1.859188] initcall pm_disk_init+0x0/0x13 returned 0 after 0 usecs
[    1.860151] calling  swsusp_header_init+0x0/0x2b @ 1
[    1.861153] initcall swsusp_header_init+0x0/0x2b returned 0 after 0 usecs
[    1.862151] calling  rcu_set_runtime_mode+0x0/0x16 @ 1
[    1.863151] initcall rcu_set_runtime_mode+0x0/0x16 returned 0 after 0 usecs
[    1.864152] calling  init_jiffies_clocksource+0x0/0x13 @ 1
[    1.865149] clocksource: jiffies: mask: 0xffffffff max_cycles: 0xffffffff, max_idle_ns: 1911260446275000 ns
[    1.866154] initcall init_jiffies_clocksource+0x0/0x13 returned 0 after 976 usecs
[    1.867152] calling  futex_init+0x0/0xfa @ 1
[    1.868155] futex hash table entries: 512 (order: 3, 32768 bytes, linear)
[    1.869313] initcall futex_init+0x0/0xfa returned 0 after 976 usecs
[    1.870154] calling  cgroup_wq_init+0x0/0x28 @ 1
[    1.871159] initcall cgroup_wq_init+0x0/0x28 returned 0 after 0 usecs
[    1.872151] calling  cgroup1_wq_init+0x0/0x28 @ 1
[    1.873181] initcall cgroup1_wq_init+0x0/0x28 returned 0 after 0 usecs
[    1.874153] calling  init_kprobe_trace_early+0x0/0x2a @ 1
[    1.875155] initcall init_kprobe_trace_early+0x0/0x2a returned 0 after 0 usecs
[    1.876154] calling  fsnotify_init+0x0/0x48 @ 1
[    1.877167] initcall fsnotify_init+0x0/0x48 returned 0 after 0 usecs
[    1.878150] calling  filelock_init+0x0/0x96 @ 1
[    1.879161] initcall filelock_init+0x0/0x96 returned 0 after 0 usecs
[    1.880150] calling  init_misc_binfmt+0x0/0x2c @ 1
[    1.881152] initcall init_misc_binfmt+0x0/0x2c returned 0 after 0 usecs
[    1.882151] calling  init_script_binfmt+0x0/0x15 @ 1
[    1.883150] initcall init_script_binfmt+0x0/0x15 returned 0 after 0 usecs
[    1.884170] calling  init_elf_binfmt+0x0/0x15 @ 1
[    1.885151] initcall init_elf_binfmt+0x0/0x15 returned 0 after 0 usecs
[    1.886150] calling  init_compat_elf_binfmt+0x0/0x15 @ 1
[    1.887151] initcall init_compat_elf_binfmt+0x0/0x15 returned 0 after 0 usecs
[    1.888153] calling  debugfs_init+0x0/0x5c @ 1
[    1.889179] initcall debugfs_init+0x0/0x5c returned 0 after 0 usecs
[    1.890150] calling  tracefs_init+0x0/0x3a @ 1
[    1.891157] initcall tracefs_init+0x0/0x3a returned 0 after 0 usecs
[    1.892149] calling  prandom_init_early+0x0/0x15d @ 1
[    1.893152] initcall prandom_init_early+0x0/0x15d returned 0 after 0 usecs
[    1.894502] calling  virtio_init+0x0/0x20 @ 1
[    1.896285] initcall virtio_init+0x0/0x20 returned 0 after 0 usecs
[    1.897151] calling  iommu_init+0x0/0x2a @ 1
[    1.898162] initcall iommu_init+0x0/0x2a returned 0 after 0 usecs
[    1.899152] calling  component_debug_init+0x0/0x1c @ 1
[    1.900192] initcall component_debug_init+0x0/0x1c returned 0 after 0 usecs
[    1.901150] calling  early_resume_init+0x0/0xb9 @ 1
[    1.903145] PM: RTC time: 23:01:24, date: 2022-12-13
[    1.904150] initcall early_resume_init+0x0/0xb9 returned 0 after 1953 usecs
[    1.905156] calling  cpufreq_core_init+0x0/0x62 @ 1
[    1.907155] initcall cpufreq_core_init+0x0/0x62 returned 0 after 976 usecs
[    1.908151] calling  cpufreq_gov_performance_init+0x0/0xc @ 1
[    1.909151] initcall cpufreq_gov_performance_init+0x0/0xc returned 0 after 0 usecs
[    1.910149] calling  cpufreq_gov_userspace_init+0x0/0xc @ 1
[    1.911152] initcall cpufreq_gov_userspace_init+0x0/0xc returned 0 after 0 usecs
[    1.912152] calling  CPU_FREQ_GOV_ONDEMAND_init+0x0/0xc @ 1
[    1.913152] initcall CPU_FREQ_GOV_ONDEMAND_init+0x0/0xc returned 0 after 0 usecs
[    1.914209] calling  cpuidle_init+0x0/0x1f @ 1
[    1.915253] initcall cpuidle_init+0x0/0x1f returned 0 after 0 usecs
[    1.916150] calling  capsule_reboot_register+0x0/0xc @ 1
[    1.917280] initcall capsule_reboot_register+0x0/0xc returned 0 after 0 usecs
[    1.918151] calling  sock_init+0x0/0x93 @ 1
[    1.922529] initcall sock_init+0x0/0x93 returned 0 after 2929 usecs
[    1.923149] calling  net_inuse_init+0x0/0x23 @ 1
[    1.924158] initcall net_inuse_init+0x0/0x23 returned 0 after 0 usecs
[    1.925152] calling  net_defaults_init+0x0/0x23 @ 1
[    1.926153] initcall net_defaults_init+0x0/0x23 returned 0 after 0 usecs
[    1.928149] calling  init_default_flow_dissectors+0x0/0x4f @ 1
[    1.929151] initcall init_default_flow_dissectors+0x0/0x4f returned 0 after 0 usecs
[    1.930277] calling  netpoll_init+0x0/0x26 @ 1
[    1.931149] initcall netpoll_init+0x0/0x26 returned 0 after 0 usecs
[    1.932151] calling  netlink_proto_init+0x0/0x14f @ 1
[    1.935248] NET: Registered protocol family 16
[    1.936284] initcall netlink_proto_init+0x0/0x14f returned 0 after 2929 usecs
[    1.937167] calling  genl_init+0x0/0x35 @ 1
[    1.938157] initcall genl_init+0x0/0x35 returned 0 after 0 usecs
[    1.939167] calling  bsp_pm_check_init+0x0/0x13 @ 1
[    1.940148] initcall bsp_pm_check_init+0x0/0x13 returned 0 after 0 usecs
[    1.941166] calling  irq_sysfs_init+0x0/0xb7 @ 1
[    1.943179] initcall irq_sysfs_init+0x0/0xb7 returned 0 after 976 usecs
[    1.944152] calling  audit_init+0x0/0x160 @ 1
[    1.945153] audit: initializing netlink subsys (disabled)
[    1.946345] initcall audit_init+0x0/0x160 returned 0 after 976 usecs
[    1.947153] calling  release_early_probes+0x0/0x32 @ 1
[    1.948153] initcall release_early_probes+0x0/0x32 returned 0 after 0 usecs
[    1.949155] calling  bdi_class_init+0x0/0x48 @ 1
[    1.950185] initcall bdi_class_init+0x0/0x48 returned 0 after 0 usecs
[    1.951170] calling  mm_sysfs_init+0x0/0x28 @ 1
[    1.952156] initcall mm_sysfs_init+0x0/0x28 returned 0 after 0 usecs
[    1.953157] audit: type=2000 audit(1670972483.074:1): state=initialized audit_enabled=0 res=1
[    1.954159] calling  init_per_zone_wmark_min+0x0/0x6d @ 1
[    1.955156] initcall init_per_zone_wmark_min+0x0/0x6d returned 0 after 0 usecs
[    1.956149] calling  mpi_init+0x0/0x3e @ 1
[    1.957252] initcall mpi_init+0x0/0x3e returned 0 after 0 usecs
[    1.958154] calling  kobject_uevent_init+0x0/0xc @ 1
[    1.959159] initcall kobject_uevent_init+0x0/0xc returned 0 after 0 usecs
[    1.960150] calling  pcibus_class_init+0x0/0x13 @ 1
[    1.961161] initcall pcibus_class_init+0x0/0x13 returned 0 after 0 usecs
[    1.962152] calling  pci_driver_init+0x0/0x21 @ 1
[    1.964285] initcall pci_driver_init+0x0/0x21 returned 0 after 976 usecs
[    1.965153] calling  backlight_class_init+0x0/0xa8 @ 1
[    1.966183] initcall backlight_class_init+0x0/0xa8 returned 0 after 0 usecs
[    1.967149] calling  tty_class_init+0x0/0x33 @ 1
[    1.968161] initcall tty_class_init+0x0/0x33 returned 0 after 0 usecs
[    1.969148] calling  vtconsole_class_init+0x0/0xb5 @ 1
[    1.970354] initcall vtconsole_class_init+0x0/0xb5 returned 0 after 0 usecs
[    1.971150] calling  iommu_dev_init+0x0/0x13 @ 1
[    1.972192] initcall iommu_dev_init+0x0/0x13 returned 0 after 0 usecs
[    1.973150] calling  mipi_dsi_bus_init+0x0/0xc @ 1
[    1.974212] initcall mipi_dsi_bus_init+0x0/0xc returned 0 after 0 usecs
[    1.975149] calling  devlink_class_init+0x0/0x40 @ 1
[    1.976160] initcall devlink_class_init+0x0/0x40 returned 0 after 0 usecs
[    1.977149] calling  software_node_init+0x0/0x2a @ 1
[    1.978164] initcall software_node_init+0x0/0x2a returned 0 after 0 usecs
[    1.979152] calling  wakeup_sources_debugfs_init+0x0/0x23 @ 1
[    1.980162] initcall wakeup_sources_debugfs_init+0x0/0x23 returned 0 after 0 usecs
[    1.981153] calling  wakeup_sources_sysfs_init+0x0/0x2c @ 1
[    1.982171] initcall wakeup_sources_sysfs_init+0x0/0x2c returned 0 after 0 usecs
[    1.983159] calling  register_node_type+0x0/0x13 @ 1
[    1.984181] initcall register_node_type+0x0/0x13 returned 0 after 0 usecs
[    1.985150] calling  regmap_initcall+0x0/0xc @ 1
[    1.986159] initcall regmap_initcall+0x0/0xc returned 0 after 0 usecs
[    1.987150] calling  i2c_init+0x0/0xb3 @ 1
[    1.989216] initcall i2c_init+0x0/0xb3 returned 0 after 976 usecs
[    1.990150] calling  thermal_init+0x0/0xf2 @ 1
[    1.991148] thermal_sys: Registered thermal governor 'step_wise'
[    1.991149] thermal_sys: Registered thermal governor 'user_space'
[    1.992171] initcall thermal_init+0x0/0xf2 returned 0 after 976 usecs
[    1.994155] calling  init_menu+0x0/0xc @ 1
[    1.995238] cpuidle: using governor menu
[    2.001159] initcall init_menu+0x0/0xc returned 0 after 5859 usecs
[    2.010155] calling  pcc_init+0x0/0x4d @ 1
[    2.016155] initcall pcc_init+0x0/0x4d returned -19 after 0 usecs
[    2.025154] calling  amd_postcore_init+0x0/0x11e @ 1
[    2.032153] initcall amd_postcore_init+0x0/0x11e returned 0 after 0 usecs
[    2.040179] calling  bts_init+0x0/0xba @ 1
[    2.044150] initcall bts_init+0x0/0xba returned -19 after 0 usecs
[    2.052149] calling  pt_init+0x0/0x341 @ 1
[    2.057154] initcall pt_init+0x0/0x341 returned -19 after 0 usecs
[    2.064149] calling  boot_params_ksysfs_init+0x0/0x2ee @ 1
[    2.070268] initcall boot_params_ksysfs_init+0x0/0x2ee returned 0 after 0 usecs
[    2.080154] calling  sbf_init+0x0/0xea @ 1
[    2.085148] initcall sbf_init+0x0/0xea returned 0 after 0 usecs
[    2.092150] calling  arch_kdebugfs_init+0x0/0x219 @ 1
[    2.098187] initcall arch_kdebugfs_init+0x0/0x219 returned 0 after 0 usecs
[    2.107149] calling  intel_pconfig_init+0x0/0x85 @ 1
[    2.113149] initcall intel_pconfig_init+0x0/0x85 returned 0 after 0 usecs
[    2.122154] calling  mtrr_if_init+0x0/0x5d @ 1
[    2.127161] initcall mtrr_if_init+0x0/0x5d returned 0 after 0 usecs
[    2.134149] calling  activate_jump_labels+0x0/0x31 @ 1
[    2.141149] initcall activate_jump_labels+0x0/0x31 returned 0 after 0 usecs
[    2.149150] calling  ffh_cstate_init+0x0/0x29 @ 1
[    2.155154] initcall ffh_cstate_init+0x0/0x29 returned 0 after 0 usecs
[    2.163149] calling  activate_jump_labels+0x0/0x31 @ 1
[    2.170222] initcall activate_jump_labels+0x0/0x31 returned 0 after 976 usecs
[    2.179171] calling  kvm_alloc_cpumask+0x0/0x74 @ 1
[    2.185206] initcall kvm_alloc_cpumask+0x0/0x74 returned 0 after 0 usecs
[    2.193150] calling  kcmp_cookies_init+0x0/0x37 @ 1
[    2.199153] initcall kcmp_cookies_init+0x0/0x37 returned 0 after 0 usecs
[    2.206148] calling  cryptomgr_init+0x0/0xc @ 1
[    2.212209] initcall cryptomgr_init+0x0/0xc returned 0 after 0 usecs
[    2.219149] calling  acpi_pci_init+0x0/0x57 @ 1
[    2.224148] ACPI: bus type PCI registered
[    2.229152] initcall acpi_pci_init+0x0/0x57 returned 0 after 4882 usecs
[    2.237149] calling  dma_channel_table_init+0x0/0xd1 @ 1
[    2.243158] initcall dma_channel_table_init+0x0/0xd1 returned 0 after 0 usecs
[    2.252153] calling  dma_bus_init+0x0/0xdc @ 1
[    2.258217] initcall dma_bus_init+0x0/0xdc returned 0 after 0 usecs
[    2.265211] calling  iommu_dma_init+0x0/0x10 @ 1
[    2.271171] initcall iommu_dma_init+0x0/0x10 returned 0 after 0 usecs
[    2.278168] calling  dmi_id_init+0x0/0x37c @ 1
[    2.284271] initcall dmi_id_init+0x0/0x37c returned 0 after 0 usecs
[    2.292149] calling  pci_arch_init+0x0/0x71 @ 1
[    2.298402] PCI: MMCONFIG for domain 0000 [bus 00-ff] at [mem 0xb0000000-0xbfffffff] (base 0xb0000000)
[    2.309153] PCI: MMCONFIG at [mem 0xb0000000-0xbfffffff] reserved in E820
[    2.317180] PCI: Using configuration type 1 for base access
[    2.325184] initcall pci_arch_init+0x0/0x71 returned 0 after 27343 usecs
[    2.333183] calling  init_vdso+0x0/0x13 @ 1
[    2.339190] initcall init_vdso+0x0/0x13 returned 0 after 0 usecs
[    2.346151] calling  sysenter_setup+0x0/0x13 @ 1
[    2.352194] initcall sysenter_setup+0x0/0x13 returned 0 after 0 usecs
[    2.361151] calling  fixup_ht_bug+0x0/0xe5 @ 1
[    2.366150] initcall fixup_ht_bug+0x0/0xe5 returned 0 after 0 usecs
[    2.375150] calling  topology_init+0x0/0x88 @ 1
[    2.380255] initcall topology_init+0x0/0x88 returned 0 after 0 usecs
[    2.388150] calling  intel_epb_init+0x0/0x68 @ 1
[    2.394150] initcall intel_epb_init+0x0/0x68 returned -19 after 0 usecs
[    2.403149] calling  mtrr_init_finialize+0x0/0x3e @ 1
[    2.409150] initcall mtrr_init_finialize+0x0/0x3e returned 0 after 0 usecs
[    2.418151] calling  uid_cache_init+0x0/0x85 @ 1
[    2.424159] initcall uid_cache_init+0x0/0x85 returned 0 after 0 usecs
[    2.432151] calling  param_sysfs_init+0x0/0x1ba @ 1
[    2.441275] initcall param_sysfs_init+0x0/0x1ba returned 0 after 2929 usecs
[    2.450155] calling  user_namespace_sysctl_init+0x0/0x33 @ 1
[    2.457165] initcall user_namespace_sysctl_init+0x0/0x33 returned 0 after 0 usecs
[    2.466148] calling  proc_schedstat_init+0x0/0x24 @ 1
[    2.472153] initcall proc_schedstat_init+0x0/0x24 returned 0 after 0 usecs
[    2.480148] calling  pm_sysrq_init+0x0/0x18 @ 1
[    2.486496] initcall pm_sysrq_init+0x0/0x18 returned 0 after 976 usecs
[    2.487272] calling  create_proc_profile+0x0/0xd0 @ 1
[    2.488153] initcall create_proc_profile+0x0/0xd0 returned 0 after 0 usecs
[    2.489154] calling  time_ns_init+0x0/0x7 @ 1
[    2.490151] initcall time_ns_init+0x0/0x7 returned 0 after 0 usecs
[    2.491210] calling  crash_save_vmcoreinfo_init+0x0/0x722 @ 1
[    2.492224] initcall crash_save_vmcoreinfo_init+0x0/0x722 returned 0 after 0 usecs
[    2.493150] calling  crash_notes_memory_init+0x0/0x35 @ 1
[    2.494153] initcall crash_notes_memory_init+0x0/0x35 returned 0 after 0 usecs
[    2.495152] calling  cgroup_sysfs_init+0x0/0x13 @ 1
[    2.496179] initcall cgroup_sysfs_init+0x0/0x13 returned 0 after 0 usecs
[    2.497153] calling  cgroup_namespaces_init+0x0/0x7 @ 1
[    2.498151] initcall cgroup_namespaces_init+0x0/0x7 returned 0 after 0 usecs
[    2.499156] calling  init_optprobes+0x0/0x13 @ 1
[    2.500147] Kprobes globally optimized
[    2.501150] initcall init_optprobes+0x0/0x13 returned 0 after 976 usecs
[    2.502150] calling  oom_init+0x0/0x2f @ 1
[    2.503201] initcall oom_init+0x0/0x2f returned 0 after 0 usecs
[    2.504167] calling  default_bdi_init+0x0/0xb3 @ 1
[    2.505550] initcall default_bdi_init+0x0/0xb3 returned 0 after 0 usecs
[    2.506155] calling  percpu_enable_async+0x0/0xe @ 1
[    2.507152] initcall percpu_enable_async+0x0/0xe returned 0 after 0 usecs
[    2.508152] calling  kcompactd_init+0x0/0x8d @ 1
[    2.509216] initcall kcompactd_init+0x0/0x8d returned 0 after 0 usecs
[    2.510978] calling  init_user_reserve+0x0/0x40 @ 1
[    2.512174] initcall init_user_reserve+0x0/0x40 returned 0 after 0 usecs
[    2.513151] calling  init_admin_reserve+0x0/0x40 @ 1
[    2.514150] initcall init_admin_reserve+0x0/0x40 returned 0 after 0 usecs
[    2.515152] calling  init_reserve_notifier+0x0/0x7 @ 1
[    2.516161] initcall init_reserve_notifier+0x0/0x7 returned 0 after 0 usecs
[    2.517151] calling  swap_init_sysfs+0x0/0x62 @ 1
[    2.519157] initcall swap_init_sysfs+0x0/0x62 returned 0 after 0 usecs
[    2.520148] calling  swapfile_init+0x0/0x94 @ 1
[    2.521150] initcall swapfile_init+0x0/0x94 returned 0 after 0 usecs
[    2.522148] calling  hugetlb_init+0x0/0x499 @ 1
[    2.523179] HugeTLB registered 2.00 MiB page size, pre-allocated 0 pages
[    2.524170] initcall hugetlb_init+0x0/0x499 returned 0 after 976 usecs
[    2.525154] calling  io_wq_init+0x0/0x34 @ 1
[    2.526156] initcall io_wq_init+0x0/0x34 returned 0 after 0 usecs
[    2.527156] calling  seqiv_module_init+0x0/0xc @ 1
[    2.528154] initcall seqiv_module_init+0x0/0xc returned 0 after 0 usecs
[    2.529152] calling  echainiv_module_init+0x0/0xc @ 1
[    2.530153] initcall echainiv_module_init+0x0/0xc returned 0 after 0 usecs
[    2.536141] calling  rsa_init+0x0/0x50 @ 1
[    2.564290] initcall rsa_init+0x0/0x50 returned 0 after 25390 usecs
[    2.572141] cryptomgr_test (31) used greatest stack depth: 15136 bytes left
[    2.573141] calling  crypto_cmac_module_init+0x0/0xc @ 1
[    2.583230] initcall crypto_cmac_module_init+0x0/0xc returned 0 after 0 usecs
[    2.594159] calling  hmac_module_init+0x0/0xc @ 1
[    2.601157] initcall hmac_module_init+0x0/0xc returned 0 after 0 usecs
[    2.611158] calling  crypto_null_mod_init+0x0/0x65 @ 1
[    2.626633] initcall crypto_null_mod_init+0x0/0x65 returned 0 after 7812 usecs
[    2.638161] calling  md5_mod_init+0x0/0xc @ 1
[    2.648166] initcall md5_mod_init+0x0/0xc returned 0 after 4882 usecs
[    2.656166] calling  sha256_generic_mod_init+0x0/0x11 @ 1
[    2.670160] initcall sha256_generic_mod_init+0x0/0x11 returned 0 after 9765 usecs
[    2.676160] calling  crypto_cbc_module_init+0x0/0xc @ 1
[    2.681153] initcall crypto_cbc_module_init+0x0/0xc returned 0 after 0 usecs
[    2.686150] calling  crypto_ctr_module_init+0x0/0x11 @ 1
[    2.688151] initcall crypto_ctr_module_init+0x0/0x11 returned 0 after 0 usecs
[    2.698150] calling  crypto_gcm_module_init+0x0/0x64 @ 1
[    2.704412] initcall crypto_gcm_module_init+0x0/0x64 returned 0 after 976 usecs
[    2.711151] calling  crypto_ccm_module_init+0x0/0x11 @ 1
[    2.717151] initcall crypto_ccm_module_init+0x0/0x11 returned 0 after 0 usecs
[    2.717151] calling  aes_init+0x0/0xc @ 1
[    2.728473] initcall aes_init+0x0/0xc returned 0 after 6835 usecs
[    2.730154] calling  crc32c_mod_init+0x0/0xc @ 1
[    2.739426] initcall crc32c_mod_init+0x0/0xc returned 0 after 3906 usecs
[    2.740163] calling  crypto_authenc_module_init+0x0/0xc @ 1
[    2.742159] initcall crypto_authenc_module_init+0x0/0xc returned 0 after 0 usecs
[    2.743150] calling  crypto_authenc_esn_module_init+0x0/0xc @ 1
[    2.744163] initcall crypto_authenc_esn_module_init+0x0/0xc returned 0 after 0 usecs
[    2.745150] calling  drbg_init+0x0/0x7c @ 1
[    2.748477] initcall drbg_init+0x0/0x7c returned 0 after 1953 usecs
[    2.749157] calling  ghash_mod_init+0x0/0xc @ 1
[    2.750236] initcall ghash_mod_init+0x0/0xc returned 0 after 0 usecs
[    2.751154] calling  init_bio+0x0/0x9a @ 1
[    2.757157] initcall init_bio+0x0/0x9a returned 0 after 4882 usecs
[    2.758156] calling  blk_settings_init+0x0/0x29 @ 1
[    2.759213] initcall blk_settings_init+0x0/0x29 returned 0 after 0 usecs
[    2.760164] calling  blk_ioc_init+0x0/0x29 @ 1
[    2.762152] initcall blk_ioc_init+0x0/0x29 returned 0 after 976 usecs
[    2.763166] calling  blk_mq_init+0x0/0xb9 @ 1
[    2.765739] initcall blk_mq_init+0x0/0xb9 returned 0 after 976 usecs
[    2.766150] calling  genhd_device_init+0x0/0x75 @ 1
[    2.793757] initcall genhd_device_init+0x0/0x75 returned 0 after 25390 usecs
[    2.795141] calling  pci_slot_init+0x0/0x40 @ 1
[    2.798154] initcall pci_slot_init+0x0/0x40 returned 0 after 1953 usecs
[    2.799152] calling  fbmem_init+0x0/0xd8 @ 1
[    2.814158] initcall fbmem_init+0x0/0xd8 returned 0 after 13671 usecs
[    2.815153] calling  acpi_init+0x0/0x319 @ 1
[    2.821147] ACPI: Added _OSI(Module Device)
[    2.822149] ACPI: Added _OSI(Processor Device)
[    2.823631] ACPI: Added _OSI(3.0 _SCP Extensions)
[    2.824159] ACPI: Added _OSI(Processor Aggregator Device)
[    2.825151] ACPI: Added _OSI(Linux-Dell-Video)
[    2.826148] ACPI: Added _OSI(Linux-Lenovo-NV-HDMI-Audio)
[    2.827148] ACPI: Added _OSI(Linux-HPI-Hybrid-Graphics)
[    2.839144] ACPI: 1 ACPI AML tables successfully acquired and loaded
[    2.853719] ACPI: Interpreter enabled
[    2.856598] ACPI: (supports S0 S3 S4 S5)
[    2.858144] ACPI: Using IOAPIC for interrupt routing
[    2.862066] PCI: Using host bridge windows from ACPI; if necessary, use "pci=nocrs" and report a bug
[    2.865335] ACPI: Enabled 2 GPEs in block 00 to 3F
[    2.881602] ACPI: PCI Root Bridge [PCI0] (domain 0000 [bus 00-ff])
[    2.884335] acpi PNP0A08:00: _OSC: OS supports [ExtendedConfig ASPM ClockPM Segments MSI HPX-Type3]
[    2.885257] acpi PNP0A08:00: _OSC: platform does not support [LTR]
[    2.886241] acpi PNP0A08:00: _OSC: OS now controls [PME PCIeCapability]
[    2.889252] PCI host bridge to bus 0000:00
[    2.890222] pci_bus 0000:00: root bus resource [io  0x0000-0x0cf7 window]
[    2.891147] pci_bus 0000:00: root bus resource [io  0x0d00-0xffff window]
[    2.892210] pci_bus 0000:00: root bus resource [mem 0x000a0000-0x000bffff window]
[    2.893149] pci_bus 0000:00: root bus resource [mem 0x20000000-0xafffffff window]
[    2.894148] pci_bus 0000:00: root bus resource [mem 0xc0000000-0xfebfffff window]
[    2.895148] pci_bus 0000:00: root bus resource [mem 0x100000000-0x8ffffffff window]
[    2.896153] pci_bus 0000:00: root bus resource [bus 00-ff]
[    2.901151] pci 0000:00:00.0: calling  quirk_mmio_always_on+0x0/0x10 @ 1
[    2.902153] pci 0000:00:00.0: quirk_mmio_always_on+0x0/0x10 took 0 usecs
[    2.903339] pci 0000:00:00.0: [8086:29c0] type 00 class 0x060000
[    2.908931] pci 0000:00:00.0: calling  quirk_igfx_skip_te_disable+0x0/0x80 @ 1
[    2.909293] pci 0000:00:00.0: quirk_igfx_skip_te_disable+0x0/0x80 took 0 usecs
[    2.914241] pci 0000:00:01.0: [1234:1111] type 00 class 0x030000
[    2.924141] pci 0000:00:01.0: reg 0x10: [mem 0xfd000000-0xfdffffff pref]
[    2.938141] pci 0000:00:01.0: reg 0x18: [mem 0xfebf0000-0xfebf0fff]
[    2.964141] pci 0000:00:01.0: reg 0x30: [mem 0xfebe0000-0xfebeffff pref]
[    2.971141] pci 0000:00:01.0: calling  efifb_fixup_resources+0x0/0xf0 @ 1
[    2.972297] pci 0000:00:01.0: efifb_fixup_resources+0x0/0xf0 took 0 usecs
[    2.989230] pci 0000:00:1f.0: [8086:2918] type 00 class 0x060100
[    2.995588] pci 0000:00:1f.0: calling  quirk_ich7_lpc+0x0/0x60 @ 1
[    2.997671] pci 0000:00:1f.0: quirk: [io  0x0600-0x067f] claimed by ICH6 ACPI/GPIO/TCO
[    2.999227] pci 0000:00:1f.0: quirk_ich7_lpc+0x0/0x60 took 2929 usecs
[    3.000380] pci 0000:00:1f.0: calling  quirk_igfx_skip_te_disable+0x0/0x80 @ 1
[    3.002151] pci 0000:00:1f.0: quirk_igfx_skip_te_disable+0x0/0x80 took 976 usecs
[    3.005724] pci 0000:00:1f.2: [8086:2922] type 00 class 0x010601
[    3.015149] pci 0000:00:1f.2: reg 0x20: [io  0xc040-0xc05f]
[    3.017673] pci 0000:00:1f.2: reg 0x24: [mem 0xfebf1000-0xfebf1fff]
[    3.020932] pci 0000:00:1f.2: calling  quirk_igfx_skip_te_disable+0x0/0x80 @ 1
[    3.021154] pci 0000:00:1f.2: quirk_igfx_skip_te_disable+0x0/0x80 took 0 usecs
[    3.027492] pci 0000:00:1f.3: [8086:2930] type 00 class 0x0c0500
[    3.035545] pci 0000:00:1f.3: reg 0x20: [io  0x0700-0x073f]
[    3.038861] pci 0000:00:1f.3: calling  quirk_igfx_skip_te_disable+0x0/0x80 @ 1
[    3.039152] pci 0000:00:1f.3: quirk_igfx_skip_te_disable+0x0/0x80 took 0 usecs
[    3.050670] ACPI: PCI Interrupt Link [LNKA] (IRQs 5 *10 11)
[    3.051618] ACPI: PCI Interrupt Link [LNKB] (IRQs 5 *10 11)
[    3.053574] ACPI: PCI Interrupt Link [LNKC] (IRQs 5 10 *11)
[    3.055165] ACPI: PCI Interrupt Link [LNKD] (IRQs 5 10 *11)
[    3.056566] ACPI: PCI Interrupt Link [LNKE] (IRQs 5 *10 11)
[    3.057535] ACPI: PCI Interrupt Link [LNKF] (IRQs 5 *10 11)
[    3.059264] ACPI: PCI Interrupt Link [LNKG] (IRQs 5 10 *11)
[    3.060548] ACPI: PCI Interrupt Link [LNKH] (IRQs 5 10 *11)
[    3.061359] ACPI: PCI Interrupt Link [GSIA] (IRQs *16)
[    3.063174] ACPI: PCI Interrupt Link [GSIB] (IRQs *17)
[    3.064173] ACPI: PCI Interrupt Link [GSIC] (IRQs *18)
[    3.065173] ACPI: PCI Interrupt Link [GSID] (IRQs *19)
[    3.066178] ACPI: PCI Interrupt Link [GSIE] (IRQs *20)
[    3.067165] ACPI: PCI Interrupt Link [GSIF] (IRQs *21)
[    3.069141] ACPI: PCI Interrupt Link [GSIG] (IRQs *22)
[    3.070181] ACPI: PCI Interrupt Link [GSIH] (IRQs *23)
[    3.090141] initcall acpi_init+0x0/0x319 returned 0 after 266601 usecs
[    3.092524] calling  pnp_init+0x0/0xc @ 1
[    3.093402] initcall pnp_init+0x0/0xc returned 0 after 0 usecs
[    3.094293] calling  misc_init+0x0/0xbf @ 1
[    3.097050] initcall misc_init+0x0/0xbf returned 0 after 976 usecs
[    3.097149] calling  iommu_subsys_init+0x0/0x4e @ 1
[    3.100141] iommu: Default domain type: Translated 
[    3.101149] initcall iommu_subsys_init+0x0/0x4e returned 0 after 2929 usecs
[    3.102150] calling  vga_arb_device_init+0x0/0x261 @ 1
[    3.117141] pci 0000:00:01.0: vgaarb: setting as boot VGA device
[    3.117141] pci 0000:00:01.0: vgaarb: VGA device added: decodes=io+mem,owns=io+mem,locks=none
[    3.129157] pci 0000:00:01.0: vgaarb: bridge control possible
[    3.133147] vgaarb: loaded
[    3.136157] initcall vga_arb_device_init+0x0/0x261 returned 0 after 32226 usecs
[    3.144793] calling  cn_init+0x0/0xf0 @ 1
[    3.154537] initcall cn_init+0x0/0xf0 returned 0 after 1953 usecs
[    3.163156] calling  dma_buf_init+0x0/0xad @ 1
[    3.172477] initcall dma_buf_init+0x0/0xad returned 0 after 3906 usecs
[    3.180158] calling  init_scsi+0x0/0x79 @ 1
[    3.191160] SCSI subsystem initialized
[    3.195151] initcall init_scsi+0x0/0x79 returned 0 after 9765 usecs
[    3.201152] calling  ata_init+0x0/0x332 @ 1
[    3.228141] libata version 3.00 loaded.
[    3.234154] initcall ata_init+0x0/0x332 returned 0 after 27343 usecs
[    3.241153] calling  phy_init+0x0/0x250 @ 1
[    3.249402] initcall phy_init+0x0/0x250 returned 0 after 1953 usecs
[    3.256153] calling  init_pcmcia_cs+0x0/0x35 @ 1
[    3.262159] initcall init_pcmcia_cs+0x0/0x35 returned 0 after 0 usecs
[    3.272150] calling  usb_common_init+0x0/0x1c @ 1
[    3.278524] initcall usb_common_init+0x0/0x1c returned 0 after 0 usecs
[    3.288152] calling  usb_init+0x0/0x12e @ 1
[    3.292431] ACPI: bus type USB registered
[    3.300923] usbcore: registered new interface driver usbfs
[    3.307358] usbcore: registered new interface driver hub
[    3.314166] usbcore: registered new device driver usb
[    3.320157] initcall usb_init+0x0/0x12e returned 0 after 27343 usecs
[    3.327149] calling  serio_init+0x0/0x29 @ 1
[    3.332207] initcall serio_init+0x0/0x29 returned 0 after 0 usecs
[    3.340149] calling  input_init+0x0/0xf6 @ 1
[    3.343509] initcall input_init+0x0/0xf6 returned 0 after 976 usecs
[    3.351151] calling  rtc_init+0x0/0x4d @ 1
[    3.356198] initcall rtc_init+0x0/0x4d returned 0 after 0 usecs
[    3.363150] calling  pps_init+0x0/0xa9 @ 1
[    3.368156] pps_core: LinuxPPS API ver. 1 registered
[    3.374145] pps_core: Software ver. 5.3.6 - Copyright 2005-2007 Rodolfo Giometti <giometti@linux.it>
[    3.384152] initcall pps_init+0x0/0xa9 returned 0 after 15625 usecs
[    3.392166] calling  ptp_init+0x0/0x98 @ 1
[    3.397160] PTP clock support registered
[    3.401149] initcall ptp_init+0x0/0x98 returned 0 after 4882 usecs
[    3.409149] calling  power_supply_class_init+0x0/0x3f @ 1
[    3.415300] initcall power_supply_class_init+0x0/0x3f returned 0 after 0 usecs
[    3.424154] calling  hwmon_init+0x0/0x104 @ 1
[    3.429180] initcall hwmon_init+0x0/0x104 returned 0 after 0 usecs
[    3.435149] calling  md_init+0x0/0x16b @ 1
[    3.443150] initcall md_init+0x0/0x16b returned 0 after 2929 usecs
[    3.451150] calling  leds_init+0x0/0x3b @ 1
[    3.456271] initcall leds_init+0x0/0x3b returned 0 after 0 usecs
[    3.463151] calling  dmi_init+0x0/0x113 @ 1
[    3.469733] initcall dmi_init+0x0/0x113 returned 0 after 1953 usecs
[    3.480168] calling  efisubsys_init+0x0/0x4e7 @ 1
[    3.486302] initcall efisubsys_init+0x0/0x4e7 returned 0 after 0 usecs
[    3.496149] calling  nvmem_init+0x0/0xc @ 1
[    3.501410] initcall nvmem_init+0x0/0xc returned 0 after 0 usecs
[    3.507149] calling  init_soundcore+0x0/0x33 @ 1
[    3.513146] initcall init_soundcore+0x0/0x33 returned 0 after 0 usecs
[    3.517149] calling  alsa_sound_init+0x0/0x8f @ 1
[    3.523464] Advanced Linux Sound Architecture Driver Initialized.
[    3.531151] initcall alsa_sound_init+0x0/0x8f returned 0 after 9765 usecs
[    3.540152] calling  alsa_seq_device_init+0x0/0x71 @ 1
[    3.548307] initcall alsa_seq_device_init+0x0/0x71 returned 0 after 0 usecs
[    3.556151] calling  hda_bus_init+0x0/0xc @ 1
[    3.562408] initcall hda_bus_init+0x0/0xc returned 0 after 0 usecs
[    3.570153] calling  proto_init+0x0/0xc @ 1
[    3.575306] initcall proto_init+0x0/0xc returned 0 after 1953 usecs
[    3.584152] calling  net_dev_init+0x0/0x209 @ 1
[    3.600158] initcall net_dev_init+0x0/0x209 returned 0 after 9765 usecs
[    3.607152] calling  neigh_init+0x0/0x84 @ 1
[    3.615153] initcall neigh_init+0x0/0x84 returned 0 after 0 usecs
[    3.623255] calling  fib_notifier_init+0x0/0xc @ 1
[    3.630148] initcall fib_notifier_init+0x0/0xc returned 0 after 0 usecs
[    3.639151] calling  fib_rules_init+0x0/0xab @ 1
[    3.643437] initcall fib_rules_init+0x0/0xab returned 0 after 0 usecs
[    3.646150] calling  pktsched_init+0x0/0x10e @ 1
[    3.650851] initcall pktsched_init+0x0/0x10e returned 0 after 1953 usecs
[    3.657149] calling  tc_filter_init+0x0/0xfa @ 1
[    3.662148] initcall tc_filter_init+0x0/0xfa returned 0 after 0 usecs
[    3.667151] calling  tc_action_init+0x0/0x54 @ 1
[    3.670153] initcall tc_action_init+0x0/0x54 returned 0 after 0 usecs
[    3.678150] calling  ethnl_init+0x0/0x52 @ 1
[    3.680625] initcall ethnl_init+0x0/0x52 returned 0 after 1953 usecs
[    3.688152] calling  nexthop_init+0x0/0xd8 @ 1
[    3.692513] initcall nexthop_init+0x0/0xd8 returned 0 after 0 usecs
[    3.700152] calling  cipso_v4_init+0x0/0x5d @ 1
[    3.707549] initcall cipso_v4_init+0x0/0x5d returned 0 after 976 usecs
[    3.711152] calling  ieee80211_init+0x0/0x24 @ 1
[    3.718763] initcall ieee80211_init+0x0/0x24 returned 0 after 2929 usecs
[    3.728150] calling  netlbl_init+0x0/0x78 @ 1
[    3.731481] NetLabel: Initializing
[    3.733146] NetLabel:  domain hash size = 128
[    3.735145] NetLabel:  protocols = UNLABELED CIPSOv4 CALIPSO
[    3.740858] NetLabel:  unlabeled traffic allowed by default
[    3.746152] initcall netlbl_init+0x0/0x78 returned 0 after 14648 usecs
[    3.753156] calling  rfkill_init+0x0/0x111 @ 1
[    3.757563] initcall rfkill_init+0x0/0x111 returned 0 after 1953 usecs
[    3.763150] calling  pci_subsys_init+0x0/0x66 @ 1
[    3.767729] PCI: Using ACPI for IRQ routing
[    4.552141] PCI: pci_cache_line_size set to 64 bytes
[    4.559883] e820: reserve RAM buffer [mem 0x0009fc00-0x0009ffff]
[    4.567207] e820: reserve RAM buffer [mem 0x1ffdf000-0x1fffffff]
[    4.575141] initcall pci_subsys_init+0x0/0x66 returned 0 after 788085 usecs
[    4.589405] calling  nmi_warning_debugfs+0x0/0x26 @ 1
[    4.596455] initcall nmi_warning_debugfs+0x0/0x26 returned 0 after 976 usecs
[    4.604150] calling  save_microcode_in_initrd+0x0/0x51 @ 1
[    4.611794] initcall save_microcode_in_initrd+0x0/0x51 returned 0 after 976 usecs
[    4.620175] calling  hpet_late_init+0x0/0x20a @ 1
[    4.626831] hpet: 3 channels of 0 reserved for per-cpu timers
[    4.633441] hpet0: at MMIO 0xfed00000, IRQs 2, 8, 0
[    4.641148] hpet0: 3 comparators, 64-bit 100.000000 MHz counter
[    4.654152] initcall hpet_late_init+0x0/0x20a returned 0 after 27343 usecs
[    4.664160] calling  init_amd_nbs+0x0/0x11c @ 1
[    4.669509] initcall init_amd_nbs+0x0/0x11c returned 0 after 976 usecs
[    4.677172] calling  clocksource_done_booting+0x0/0x41 @ 1
[    4.685621] clocksource: Switched to clocksource kvm-clock
[    4.692526] initcall clocksource_done_booting+0x0/0x41 returned 0 after 9160 usecs
[    4.693308] calling  tracer_init_tracefs+0x0/0x242 @ 1
[    4.870313] initcall tracer_init_tracefs+0x0/0x242 returned 0 after 220711 usecs
[    4.870313] calling  init_trace_printk_function_export+0x0/0x2c @ 1
[    4.870313] initcall init_trace_printk_function_export+0x0/0x2c returned 0 after 8 usecs
[    4.870313] calling  init_kprobe_trace+0x0/0x1a9 @ 1
[    4.870313] initcall init_kprobe_trace+0x0/0x1a9 returned 0 after 49 usecs
[    4.870313] calling  init_dynamic_event+0x0/0x3d @ 1
[    4.870313] initcall init_dynamic_event+0x0/0x3d returned 0 after 24 usecs
[    4.870313] calling  init_uprobe_trace+0x0/0x5c @ 1
[    4.870313] initcall init_uprobe_trace+0x0/0x5c returned 0 after 71 usecs
[    4.870313] calling  init_pipe_fs+0x0/0x44 @ 1
[    4.870313] initcall init_pipe_fs+0x0/0x44 returned 0 after 272 usecs
[    4.870313] calling  inotify_user_setup+0x0/0x47 @ 1
[    4.870313] initcall inotify_user_setup+0x0/0x47 returned 0 after 47 usecs
[    4.870313] calling  eventpoll_init+0x0/0xd4 @ 1
[    4.870313] initcall eventpoll_init+0x0/0xd4 returned 0 after 47 usecs
[    4.870313] calling  anon_inode_init+0x0/0x58 @ 1
[    4.870313] initcall anon_inode_init+0x0/0x58 returned 0 after 67 usecs
[    4.870313] calling  proc_locks_init+0x0/0x27 @ 1
[    4.870313] initcall proc_locks_init+0x0/0x27 returned 0 after 138 usecs
[    4.870313] calling  iomap_init+0x0/0x1b @ 1
[    4.870313] initcall iomap_init+0x0/0x1b returned 0 after 312 usecs
[    4.870313] calling  dquot_init+0x0/0x106 @ 1
[    4.870313] VFS: Disk quotas dquot_6.6.0
[    4.870313] VFS: Dquot-cache hash table entries: 512 (order 0, 4096 bytes)
[    4.870313] initcall dquot_init+0x0/0x106 returned 0 after 12230 usecs
[    4.870313] calling  quota_init+0x0/0x23 @ 1
[    4.870313] initcall quota_init+0x0/0x23 returned 0 after 2286 usecs
[    4.870313] calling  proc_cmdline_init+0x0/0x21 @ 1
[    4.870313] initcall proc_cmdline_init+0x0/0x21 returned 0 after 82 usecs
[    4.870313] calling  proc_consoles_init+0x0/0x24 @ 1
[    4.870313] initcall proc_consoles_init+0x0/0x24 returned 0 after 3 usecs
[    4.870313] calling  proc_cpuinfo_init+0x0/0x1e @ 1
[    4.870313] initcall proc_cpuinfo_init+0x0/0x1e returned 0 after 2 usecs
[    4.870313] calling  proc_devices_init+0x0/0x24 @ 1
[    4.870313] initcall proc_devices_init+0x0/0x24 returned 0 after 28 usecs
[    4.870313] calling  proc_interrupts_init+0x0/0x24 @ 1
[    4.870313] initcall proc_interrupts_init+0x0/0x24 returned 0 after 2 usecs
[    4.870313] calling  proc_loadavg_init+0x0/0x21 @ 1
[    4.870313] initcall proc_loadavg_init+0x0/0x21 returned 0 after 2 usecs
[    4.870313] calling  proc_meminfo_init+0x0/0x21 @ 1
[    4.870313] initcall proc_meminfo_init+0x0/0x21 returned 0 after 1 usecs
[    4.870313] calling  proc_stat_init+0x0/0x1e @ 1
[    4.870313] initcall proc_stat_init+0x0/0x1e returned 0 after 2 usecs
[    4.870313] calling  proc_uptime_init+0x0/0x21 @ 1
[    4.870313] initcall proc_uptime_init+0x0/0x21 returned 0 after 2 usecs
[    4.870313] calling  proc_version_init+0x0/0x21 @ 1
[    4.870313] initcall proc_version_init+0x0/0x21 returned 0 after 1 usecs
[    4.870313] calling  proc_softirqs_init+0x0/0x21 @ 1
[    4.870313] initcall proc_softirqs_init+0x0/0x21 returned 0 after 2 usecs
[    4.870313] calling  proc_kcore_init+0x0/0xea @ 1
[    4.870313] initcall proc_kcore_init+0x0/0xea returned 0 after 102 usecs
[    4.870313] calling  vmcore_init+0x0/0x578 @ 1
[    4.870313] initcall vmcore_init+0x0/0x578 returned 0 after 0 usecs
[    4.870313] calling  proc_kmsg_init+0x0/0x21 @ 1
[    4.870313] initcall proc_kmsg_init+0x0/0x21 returned 0 after 3 usecs
[    4.870313] calling  proc_page_init+0x0/0x3b @ 1
[    4.870313] initcall proc_page_init+0x0/0x3b returned 0 after 3 usecs
[    4.870313] calling  init_ramfs_fs+0x0/0xc @ 1
[    4.870313] initcall init_ramfs_fs+0x0/0xc returned 0 after 86 usecs
[    4.870313] calling  init_hugetlbfs_fs+0x0/0xf6 @ 1
[    4.870313] initcall init_hugetlbfs_fs+0x0/0xf6 returned 0 after 289 usecs
[    4.870313] calling  blk_scsi_ioctl_init+0x0/0x2a5 @ 1
[    4.870313] initcall blk_scsi_ioctl_init+0x0/0x2a5 returned 0 after 126 usecs
[    4.870313] calling  acpi_event_init+0x0/0x2c @ 1
[    4.870313] initcall acpi_event_init+0x0/0x2c returned 0 after 84 usecs
[    4.870313] calling  pnp_system_init+0x0/0xc @ 1
[    4.870313] initcall pnp_system_init+0x0/0xc returned 0 after 567 usecs
[    4.870313] calling  pnpacpi_init+0x0/0x69 @ 1
[    4.870313] pnp: PnP ACPI init
[    4.870313] pnp 00:00: Plug and Play ACPI device, IDs PNP0303 (active)
[    4.870313] pnp 00:01: Plug and Play ACPI device, IDs PNP0f13 (active)
[    4.870313] pnp 00:02: Plug and Play ACPI device, IDs PNP0400 (active)
[    4.870313] pnp 00:03: Plug and Play ACPI device, IDs PNP0501 (active)
[    4.870313] pnp 00:04: Plug and Play ACPI device, IDs PNP0b00 (active)
[    4.870313] system 00:05: [mem 0xb0000000-0xbfffffff window] has been reserved
[    4.870313] system 00:05: Plug and Play ACPI device, IDs PNP0c01 (active)
[    5.459238] pnp: PnP ACPI: found 6 devices
[    5.459238] initcall pnpacpi_init+0x0/0x69 returned 0 after 85955 usecs
[    5.459238] calling  chr_dev_init+0x0/0x14d @ 1
[    5.545141] initcall chr_dev_init+0x0/0x14d returned 0 after 61416 usecs
[    5.554885] calling  firmware_class_init+0x0/0xe7 @ 1
[    5.555495] initcall firmware_class_init+0x0/0xe7 returned 0 after 259 usecs
[    5.555495] calling  init_pcmcia_bus+0x0/0x5b @ 1
[    5.555495] initcall init_pcmcia_bus+0x0/0x5b returned 0 after 212 usecs
[    5.555495] calling  init_acpi_pm_clocksource+0x0/0xda @ 1
[    5.555495] clocksource: acpi_pm: mask: 0xffffff max_cycles: 0xffffff, max_idle_ns: 2085701024 ns
[    5.555495] initcall init_acpi_pm_clocksource+0x0/0xda returned 0 after 17374 usecs
[    5.555495] calling  sysctl_core_init+0x0/0x26 @ 1
[    5.555495] initcall sysctl_core_init+0x0/0x26 returned 0 after 336 usecs
[    5.555495] calling  eth_offload_init+0x0/0x13 @ 1
[    5.555495] initcall eth_offload_init+0x0/0x13 returned 0 after 56 usecs
[    5.555495] calling  ipv4_offload_init+0x0/0x73 @ 1
[    5.555495] initcall ipv4_offload_init+0x0/0x73 returned 0 after 86 usecs
[    5.555495] calling  inet_init+0x0/0x276 @ 1
[    5.555495] NET: Registered protocol family 2
[    5.555495] IP idents hash table entries: 8192 (order: 4, 65536 bytes, linear)
[    5.688502] tcp_listen_portaddr_hash hash table entries: 256 (order: 0, 4096 bytes, linear)
[    5.698636] TCP established hash table entries: 4096 (order: 3, 32768 bytes, linear)
[    5.708139] TCP bind hash table entries: 4096 (order: 4, 65536 bytes, linear)
[    5.716917] TCP: Hash tables configured (established 4096 bind 4096)
[    5.725420] UDP hash table entries: 256 (order: 1, 8192 bytes, linear)
[    5.736055] UDP-Lite hash table entries: 256 (order: 1, 8192 bytes, linear)
[    5.744935] initcall inet_init+0x0/0x276 returned 0 after 71291 usecs
[    5.752745] calling  af_unix_init+0x0/0x4d @ 1
[    5.758288] NET: Registered protocol family 1
[    5.763877] initcall af_unix_init+0x0/0x4d returned 0 after 5474 usecs
[    5.771878] calling  ipv6_offload_init+0x0/0x7e @ 1
[    5.778160] initcall ipv6_offload_init+0x0/0x7e returned 0 after 80 usecs
[    5.786385] calling  init_sunrpc+0x0/0x65 @ 1
[    5.800503] RPC: Registered named UNIX socket transport module.
[    5.808971] RPC: Registered udp transport module.
[    5.815798] RPC: Registered tcp transport module.
[    5.822708] RPC: Registered tcp NFSv4.1 backchannel transport module.
[    5.831929] initcall init_sunrpc+0x0/0x65 returned 0 after 39557 usecs
[    5.839428] calling  cfg80211_init+0x0/0xc5 @ 1
[    5.846136] initcall cfg80211_init+0x0/0xc5 returned 0 after 1236 usecs
[    5.853686] calling  pcibios_assign_resources+0x0/0xbf @ 1
[    5.860400] pci_bus 0000:00: resource 4 [io  0x0000-0x0cf7 window]
[    5.867631] pci_bus 0000:00: resource 5 [io  0x0d00-0xffff window]
[    5.874967] pci_bus 0000:00: resource 6 [mem 0x000a0000-0x000bffff window]
[    5.883230] pci_bus 0000:00: resource 7 [mem 0x20000000-0xafffffff window]
[    5.891219] pci_bus 0000:00: resource 8 [mem 0xc0000000-0xfebfffff window]
[    5.899239] pci_bus 0000:00: resource 9 [mem 0x100000000-0x8ffffffff window]
[    5.907505] initcall pcibios_assign_resources+0x0/0xbf returned 0 after 46249 usecs
[    5.920280] calling  pci_apply_final_quirks+0x0/0x124 @ 1
[    5.929155] pci 0000:00:01.0: calling  pci_fixup_video+0x0/0xe0 @ 1
[    5.937916] pci 0000:00:01.0: Video device with shadowed ROM at [mem 0x000c0000-0x000dffff]
[    5.948167] pci 0000:00:01.0: pci_fixup_video+0x0/0xe0 took 10623 usecs
[    5.956476] PCI: CLS 0 bytes, default 64
[    5.961767] initcall pci_apply_final_quirks+0x0/0x124 returned 0 after 32724 usecs
[    5.971241] calling  acpi_reserve_resources+0x0/0xea @ 1
[    5.977555] initcall acpi_reserve_resources+0x0/0xea returned 0 after 17 usecs
[    5.986074] calling  populate_rootfs+0x0/0x102 @ 1
[    5.997455] initcall populate_rootfs+0x0/0x102 returned 0 after 4783 usecs
[    6.005439] calling  pci_iommu_init+0x0/0x3e @ 1
[    6.011087] initcall pci_iommu_init+0x0/0x3e returned 0 after 129 usecs
[    6.020913] calling  ia32_binfmt_init+0x0/0x13 @ 1
[    6.026729] initcall ia32_binfmt_init+0x0/0x13 returned 0 after 54 usecs
[    6.034530] calling  rapl_pmu_init+0x0/0x267 @ 1
[    6.040209] initcall rapl_pmu_init+0x0/0x267 returned -19 after 350 usecs
[    6.047981] calling  amd_uncore_init+0x0/0x310 @ 1
[    6.053528] initcall amd_uncore_init+0x0/0x310 returned -19 after 0 usecs
[    6.061577] calling  amd_ibs_init+0x0/0x27b @ 1
[    6.066896] initcall amd_ibs_init+0x0/0x27b returned -19 after 0 usecs
[    6.074754] calling  amd_iommu_pc_init+0x0/0x215 @ 1
[    6.080657] initcall amd_iommu_pc_init+0x0/0x215 returned -19 after 57 usecs
[    6.088978] calling  msr_init+0x0/0x55 @ 1
[    6.094216] initcall msr_init+0x0/0x55 returned 0 after 343 usecs
[    6.101648] calling  intel_uncore_init+0x0/0x36f @ 1
[    6.107679] initcall intel_uncore_init+0x0/0x36f returned -19 after 43 usecs
[    6.116748] calling  cstate_pmu_init+0x0/0x1a1 @ 1
[    6.123694] initcall cstate_pmu_init+0x0/0x1a1 returned -19 after 0 usecs
[    6.133570] calling  register_kernel_offset_dumper+0x0/0x1a @ 1
[    6.141960] initcall register_kernel_offset_dumper+0x0/0x1a returned 0 after 114 usecs
[    6.153232] calling  i8259A_init_ops+0x0/0x20 @ 1
[    6.159837] initcall i8259A_init_ops+0x0/0x20 returned 0 after 1 usecs
[    6.167539] calling  init_tsc_clocksource+0x0/0xa4 @ 1
[    6.173680] clocksource: tsc: mask: 0xffffffffffffffff max_cycles: 0x39a85afc727, max_idle_ns: 881590685098 ns
[    6.185293] initcall init_tsc_clocksource+0x0/0xa4 returned 0 after 11340 usecs
[    6.193870] calling  add_rtc_cmos+0x0/0xb0 @ 1
[    6.200459] initcall add_rtc_cmos+0x0/0xb0 returned 0 after 31 usecs
[    6.209736] calling  i8237A_init_ops+0x0/0x3a @ 1
[    6.217013] initcall i8237A_init_ops+0x0/0x3a returned 0 after 148 usecs
[    6.227629] calling  umwait_init+0x0/0x94 @ 1
[    6.233005] initcall umwait_init+0x0/0x94 returned -19 after 18 usecs
[    6.240882] calling  thermal_throttle_init_device+0x0/0x3d @ 1
[    6.247969] initcall thermal_throttle_init_device+0x0/0x3d returned 0 after 51 usecs
[    6.257291] calling  msr_init+0x0/0xd7 @ 1
[    6.264891] initcall msr_init+0x0/0xd7 returned 0 after 2416 usecs
[    6.272651] calling  cpuid_init+0x0/0xd7 @ 1
[    6.280760] initcall cpuid_init+0x0/0xd7 returned 0 after 2382 usecs
[    6.288577] calling  ioapic_init_ops+0x0/0x13 @ 1
[    6.294416] initcall ioapic_init_ops+0x0/0x13 returned 0 after 66 usecs
[    6.302418] calling  add_pcspkr+0x0/0x6c @ 1
[    6.308164] initcall add_pcspkr+0x0/0x6c returned 0 after 421 usecs
[    6.316085] calling  start_periodic_check_for_corruption+0x0/0x30 @ 1
[    6.324163] check: Scanning for low memory corruption every 60 seconds
[    6.332151] initcall start_periodic_check_for_corruption+0x0/0x30 returned 0 after 7848 usecs
[    6.343735] calling  sysfb_init+0x0/0x9c @ 1
[    6.349330] initcall sysfb_init+0x0/0x9c returned 0 after 230 usecs
[    6.357211] calling  audit_classes_init+0x0/0xae @ 1
[    6.363639] initcall audit_classes_init+0x0/0xae returned 0 after 244 usecs
[    6.372100] calling  iosf_mbi_init+0x0/0x24 @ 1
[    6.378033] initcall iosf_mbi_init+0x0/0x24 returned 0 after 421 usecs
[    6.386072] calling  proc_execdomains_init+0x0/0x21 @ 1
[    6.392567] initcall proc_execdomains_init+0x0/0x21 returned 0 after 70 usecs
[    6.401248] calling  register_warn_debugfs+0x0/0x23 @ 1
[    6.407846] initcall register_warn_debugfs+0x0/0x23 returned 0 after 43 usecs
[    6.416559] calling  cpuhp_sysfs_init+0x0/0x79 @ 1
[    6.422693] initcall cpuhp_sysfs_init+0x0/0x79 returned 0 after 204 usecs
[    6.431100] calling  ioresources_init+0x0/0x49 @ 1
[    6.437087] initcall ioresources_init+0x0/0x49 returned 0 after 6 usecs
[    6.445360] calling  snapshot_device_init+0x0/0xc @ 1
[    6.451779] initcall snapshot_device_init+0x0/0xc returned 0 after 130 usecs
[    6.460553] calling  irq_pm_init_ops+0x0/0x13 @ 1
[    6.466447] initcall irq_pm_init_ops+0x0/0x13 returned 0 after 15 usecs
[    6.474638] calling  rcu_torture_init+0x0/0x9a6 @ 1
[    6.481030] tasks-torture:--- Start of test: nreaders=1 nfakewriters=4 stat_interval=15 verbose=1 test_no_idle_hz=1 shuffle_interval=3 stutter=5 irqreader=1 fqs_duration=0 fqs_holdoff=0 fqs_stutter=3 test_boost=1/0 test_boost_interval=7 test_boost_duration=4 shutdown_secs=3600 stall_cpu=0 stall_cpu_holdoff=10 stall_cpu_irqsoff=0 stall_cpu_block=0 n_barrier_cbs=4 onoff_interval=1000 onoff_holdoff=30 read_exit_delay=13 read_exit_burst=16
[    6.528140] tasks:  Start-test grace-period state: g0 f0x0
[    6.535538] tasks-torture: Creating rcu_torture_writer task
[    6.542777] tasks-torture: Creating rcu_torture_fakewriter task
[    6.550470] tasks-torture: rcu_torture_writer task started
[    6.557779] tasks-torture: GP expediting controlled from boot/sysfs for tasks.
[    6.558116] tasks-torture: Creating rcu_torture_fakewriter task
[    6.567056] tasks-torture: rcu_torture_fakewriter task started
[    6.567061] rcu_torture_writer: Testing expedited GPs.
[    6.567062] rcu_torture_writer: Testing asynchronous GPs.
[    6.567082] rcu_torture_writer: Testing normal GPs.
[    6.603379] tasks-torture: rcu_torture_fakewriter task started
[    6.603579] tasks-torture: Creating rcu_torture_fakewriter task
[    6.620724] tasks-torture: Creating rcu_torture_fakewriter task
[    6.620743] tasks-torture: rcu_torture_fakewriter task started
[    6.637605] tasks-torture: Creating rcu_torture_reader task
[    6.637622] tasks-torture: rcu_torture_fakewriter task started
[    6.655531] tasks-torture: rcu_torture_reader task started
[    6.655638] tasks-torture: Creating rcu_torture_stats task
[    6.672838] tasks-torture: Creating torture_shuffle task
[    6.672858] tasks-torture: rcu_torture_stats task started
[    6.688065] tasks-torture: Creating torture_stutter task
[    6.688096] tasks-torture: torture_shuffle task started
[    6.706441] tasks-torture: torture_stutter task started
[    6.706865] tasks-torture: Creating torture_shutdown task
[    6.722443] tasks-torture: torture_shutdown task started
[    6.722562] tasks-torture: Creating torture_onoff task
[    6.729094] tasks-torture:torture_shutdown task: 3599977 ms remaining
[    6.747634] tasks-torture: torture_onoff task started
[    6.748392] tasks-torture: rcu_torture_fwd_prog_init: Disabled, unsupported by RCU flavor under test
[    6.755521] tasks-torture: torture_onoff begin holdoff
[    6.748536] tasks-torture: Creating rcu_torture_barrier_cbs task
[    6.787475] tasks-torture: Creating rcu_torture_barrier_cbs task
[    6.787890] tasks-torture: rcu_torture_barrier_cbs task started
[    6.807520] tasks-torture: rcu_torture_barrier_cbs task started
[    6.807782] tasks-torture: Creating rcu_torture_barrier_cbs task
[    6.828265] tasks-torture: Creating rcu_torture_barrier_cbs task
[    6.828657] tasks-torture: rcu_torture_barrier_cbs task started
[    6.849453] tasks-torture: rcu_torture_barrier_cbs task started
[    6.849973] tasks-torture: Creating rcu_torture_barrier task
[    6.869715] tasks-torture: Creating rcu_torture_read_exit task
[    6.869911] tasks-torture: rcu_torture_barrier task starting
[    6.900551] initcall rcu_torture_init+0x0/0x9a6 returned 0 after 410360 usecs
[    6.901101] tasks-torture: rcu_torture_read_exit: Start of test
[    6.900551] calling  timekeeping_init_ops+0x0/0x13 @ 1
[    6.900551] initcall timekeeping_init_ops+0x0/0x13 returned 0 after 143 usecs
[    6.900551] calling  init_clocksource_sysfs+0x0/0x23 @ 1
[    6.900551] initcall init_clocksource_sysfs+0x0/0x23 returned 0 after 43 usecs
[    6.900551] calling  init_timer_list_procfs+0x0/0x31 @ 1
[    6.900551] initcall init_timer_list_procfs+0x0/0x31 returned 0 after 4 usecs
[    6.900551] calling  alarmtimer_init+0x0/0xc7 @ 1
[    6.900551] initcall alarmtimer_init+0x0/0xc7 returned 0 after 392 usecs
[    6.981159] calling  init_posix_timers+0x0/0x29 @ 1
[    6.981837] initcall init_posix_timers+0x0/0x29 returned 0 after 5 usecs
[    6.981837] calling  clockevents_init_sysfs+0x0/0xbf @ 1
[    6.981837] initcall clockevents_init_sysfs+0x0/0xbf returned 0 after 1603 usecs
[    6.981837] calling  proc_dma_init+0x0/0x21 @ 1
[    6.981837] initcall proc_dma_init+0x0/0x21 returned 0 after 105 usecs
[    6.981837] calling  proc_modules_init+0x0/0x1e @ 1
[    6.981837] initcall proc_modules_init+0x0/0x1e returned 0 after 5 usecs
[    6.981837] calling  kallsyms_init+0x0/0x21 @ 1
[    6.981837] initcall kallsyms_init+0x0/0x21 returned 0 after 5 usecs
[    6.981837] calling  pid_namespaces_init+0x0/0x2c @ 1
[    6.981837] initcall pid_namespaces_init+0x0/0x2c returned 0 after 9 usecs
[    6.981837] calling  audit_watch_init+0x0/0x37 @ 1
[    6.981837] initcall audit_watch_init+0x0/0x37 returned 0 after 19 usecs
[    7.088517] calling  audit_fsnotify_init+0x0/0x37 @ 1
[    7.096768] initcall audit_fsnotify_init+0x0/0x37 returned 0 after 3 usecs
[    7.097478] calling  audit_tree_init+0x0/0x6d @ 1
[    7.097478] initcall audit_tree_init+0x0/0x6d returned 0 after 21 usecs
[    7.097478] calling  seccomp_sysctl_init+0x0/0x2b @ 1
[    7.097478] initcall seccomp_sysctl_init+0x0/0x2b returned 0 after 90 usecs
[    7.097478] calling  utsname_sysctl_init+0x0/0x13 @ 1
[    7.097478] initcall utsname_sysctl_init+0x0/0x13 returned 0 after 87 usecs
[    7.097478] calling  init_tracepoints+0x0/0x27 @ 1
[    7.097478] initcall init_tracepoints+0x0/0x27 returned 0 after 55 usecs
[    7.097478] calling  init_blk_tracer+0x0/0x50 @ 1
[    7.097478] initcall init_blk_tracer+0x0/0x50 returned 0 after 797 usecs
[    7.097478] calling  perf_event_sysfs_init+0x0/0x81 @ 1
[    7.097478] initcall perf_event_sysfs_init+0x0/0x81 returned 0 after 1035 usecs
[    7.097478] calling  system_trusted_keyring_init+0x0/0x60 @ 1
[    7.097478] Initialise system trusted keyrings
[    7.097478] initcall system_trusted_keyring_init+0x0/0x60 returned 0 after 5582 usecs
[    7.097478] calling  kswapd_init+0x0/0x5c @ 1
[    7.227743] initcall kswapd_init+0x0/0x5c returned 0 after 2343 usecs
[    7.236184] calling  extfrag_debug_init+0x0/0x54 @ 1
[    7.237050] initcall extfrag_debug_init+0x0/0x54 returned 0 after 51 usecs
[    7.237050] calling  mm_compute_batch_init+0x0/0x12 @ 1
[    7.237050] initcall mm_compute_batch_init+0x0/0x12 returned 0 after 0 usecs
[    7.237050] calling  slab_proc_init+0x0/0x21 @ 1
[    7.237050] initcall slab_proc_init+0x0/0x21 returned 0 after 91 usecs
[    7.237050] calling  workingset_init+0x0/0x8c @ 1
[    7.237050] workingset: timestamp_bits=56 max_order=17 bucket_order=0
[    7.303401] initcall workingset_init+0x0/0x8c returned 0 after 13958 usecs
[    7.303401] calling  proc_vmalloc_init+0x0/0x32 @ 1
[    7.303401] initcall proc_vmalloc_init+0x0/0x32 returned 0 after 5 usecs
[    7.303401] calling  procswaps_init+0x0/0x1e @ 1
[    7.303401] initcall procswaps_init+0x0/0x1e returned 0 after 4 usecs
[    7.303401] calling  slab_sysfs_init+0x0/0xea @ 1
[    7.303401] initcall slab_sysfs_init+0x0/0xea returned 0 after 10257 usecs
[    7.303401] calling  fcntl_init+0x0/0x29 @ 1
[    7.303401] initcall fcntl_init+0x0/0x29 returned 0 after 6 usecs
[    7.303401] calling  proc_filesystems_init+0x0/0x21 @ 1
[    7.303401] initcall proc_filesystems_init+0x0/0x21 returned 0 after 4 usecs
[    7.303401] calling  start_dirtytime_writeback+0x0/0x29 @ 1
[    7.303401] initcall start_dirtytime_writeback+0x0/0x29 returned 0 after 2 usecs
[    7.303401] calling  blkdev_init+0x0/0x1b @ 1
[    7.420236] initcall blkdev_init+0x0/0x1b returned 0 after 1114 usecs
[    7.420236] calling  dio_init+0x0/0x2c @ 1
[    7.420236] initcall dio_init+0x0/0x2c returned 0 after 145 usecs
[    7.420236] calling  dnotify_init+0x0/0x78 @ 1
[    7.420236] initcall dnotify_init+0x0/0x78 returned 0 after 68 usecs
[    7.457025] calling  aio_setup+0x0/0x78 @ 1
[    7.457849] initcall aio_setup+0x0/0x78 returned 0 after 52 usecs
[    7.457849] calling  io_uring_init+0x0/0x2c @ 1
[    7.457849] initcall io_uring_init+0x0/0x2c returned 0 after 4 usecs
[    7.457849] calling  mbcache_init+0x0/0x30 @ 1
[    7.457849] initcall mbcache_init+0x0/0x30 returned 0 after 111 usecs
[    7.457849] calling  init_grace+0x0/0xc @ 1
[    7.457849] initcall init_grace+0x0/0xc returned 0 after 3 usecs
[    7.457849] calling  init_v2_quota_format+0x0/0x21 @ 1
[    7.457849] initcall init_v2_quota_format+0x0/0x21 returned 0 after 45 usecs
[    7.457849] calling  init_devpts_fs+0x0/0x27 @ 1
[    7.457849] initcall init_devpts_fs+0x0/0x27 returned 0 after 68 usecs
[    7.457849] calling  ext4_init_fs+0x0/0x1d0 @ 1
[    7.457849] initcall ext4_init_fs+0x0/0x1d0 returned 0 after 635 usecs
[    7.457849] calling  journal_init+0x0/0x11c @ 1
[    7.457849] initcall journal_init+0x0/0x11c returned 0 after 232 usecs
[    7.457849] calling  init_fat_fs+0x0/0x49 @ 1
[    7.457849] initcall init_fat_fs+0x0/0x49 returned 0 after 259 usecs
[    7.457849] calling  init_vfat_fs+0x0/0xc @ 1
[    7.457849] initcall init_vfat_fs+0x0/0xc returned 0 after 3 usecs
[    7.457849] calling  init_msdos_fs+0x0/0xc @ 1
[    7.457849] initcall init_msdos_fs+0x0/0xc returned 0 after 3 usecs
[    7.457849] calling  init_iso9660_fs+0x0/0x6c @ 1
[    7.457849] initcall init_iso9660_fs+0x0/0x6c returned 0 after 147 usecs
[    7.457849] calling  init_nfs_fs+0x0/0x13a @ 1
[    7.641543] initcall init_nfs_fs+0x0/0x13a returned 0 after 9254 usecs
[    7.649959] calling  init_nfs_v2+0x0/0x13 @ 1
[    7.656117] initcall init_nfs_v2+0x0/0x13 returned 0 after 372 usecs
[    7.664037] calling  init_nfs_v3+0x0/0x13 @ 1
[    7.669704] initcall init_nfs_v3+0x0/0x13 returned 0 after 21 usecs
[    7.677995] calling  init_nfs_v4+0x0/0x32 @ 1
[    7.684828] NFS: Registering the id_resolver key type
[    7.693341] Key type id_resolver registered
[    7.699992] Key type id_legacy registered
[    7.707051] initcall init_nfs_v4+0x0/0x32 returned 0 after 21731 usecs
[    7.717786] calling  init_nlm+0x0/0x5b @ 1
[    7.724523] initcall init_nlm+0x0/0x5b returned 0 after 123 usecs
[    7.733456] calling  init_nls_cp437+0x0/0xe @ 1
[    7.739433] initcall init_nls_cp437+0x0/0xe returned 0 after 73 usecs
[    7.748297] calling  init_nls_ascii+0x0/0xe @ 1
[    7.754416] initcall init_nls_ascii+0x0/0xe returned 0 after 0 usecs
[    7.762572] calling  init_nls_iso8859_1+0x0/0xe @ 1
[    7.769103] initcall init_nls_iso8859_1+0x0/0xe returned 0 after 0 usecs
[    7.777759] calling  init_nls_utf8+0x0/0x21 @ 1
[    7.784059] initcall init_nls_utf8+0x0/0x21 returned 0 after 1 usecs
[    7.793458] calling  init_autofs_fs+0x0/0x25 @ 1
[    7.815860] initcall init_autofs_fs+0x0/0x25 returned 0 after 2664 usecs
[    7.825157] calling  ipc_init+0x0/0x24 @ 1
[    7.830886] initcall ipc_init+0x0/0x24 returned 0 after 156 usecs
[    7.839080] calling  ipc_sysctl_init+0x0/0x13 @ 1
[    7.846021] initcall ipc_sysctl_init+0x0/0x13 returned 0 after 516 usecs
[    7.855781] calling  init_mqueue_fs+0x0/0x9a @ 1
[    7.864165] initcall init_mqueue_fs+0x0/0x9a returned 0 after 1623 usecs
[    7.873617] calling  key_proc_init+0x0/0x63 @ 1
[    7.880185] initcall key_proc_init+0x0/0x63 returned 0 after 5 usecs
[    7.889426] calling  selinux_nf_ip_init+0x0/0x2e @ 1
[    7.896604] initcall selinux_nf_ip_init+0x0/0x2e returned 0 after 230 usecs
[    7.906005] calling  init_sel_fs+0x0/0x116 @ 1
[    7.912072] initcall init_sel_fs+0x0/0x116 returned 0 after 1 usecs
[    7.920376] calling  selnl_init+0x0/0x7c @ 1
[    7.926172] initcall selnl_init+0x0/0x7c returned 0 after 86 usecs
[    7.934525] calling  sel_netif_init+0x0/0x36 @ 1
[    7.941254] initcall sel_netif_init+0x0/0x36 returned 0 after 0 usecs
[    7.950075] calling  sel_netnode_init+0x0/0x33 @ 1
[    7.956692] initcall sel_netnode_init+0x0/0x33 returned 0 after 1 usecs
[    7.965810] calling  sel_netport_init+0x0/0x33 @ 1
[    7.973443] initcall sel_netport_init+0x0/0x33 returned 0 after 602 usecs
[    7.982853] calling  aurule_init+0x0/0x2a @ 1
[    7.989597] initcall aurule_init+0x0/0x2a returned 0 after 1 usecs
[    7.998239] calling  crypto_algapi_init+0x0/0xc @ 1
[    8.005167] initcall crypto_algapi_init+0x0/0xc returned 0 after 5 usecs
[    8.014602] calling  jent_mod_init+0x0/0x2d @ 1
[    8.035208] cryptomgr_test (79) used greatest stack depth: 14968 bytes left
[    8.035888] initcall jent_mod_init+0x0/0x2d returned 0 after 13449 usecs
[    8.056077] calling  asymmetric_key_init+0x0/0xc @ 1
[    8.063263] Key type asymmetric registered
[    8.063770] initcall asymmetric_key_init+0x0/0xc returned 0 after 5702 usecs
[    8.078872] calling  x509_key_init+0x0/0xc @ 1
[    8.078872] Asymmetric key parser 'x509' registered
[    8.078872] initcall x509_key_init+0x0/0xc returned 0 after 6826 usecs
[    8.078872] calling  proc_genhd_init+0x0/0x41 @ 1
[    8.078872] initcall proc_genhd_init+0x0/0x41 returned 0 after 6 usecs
[    8.078872] calling  bsg_init+0x0/0x113 @ 1
[    8.078872] Block layer SCSI generic (bsg) driver version 0.4 loaded (major 251)
[    8.078872] initcall bsg_init+0x0/0x113 returned 0 after 11524 usecs
[    8.078872] calling  deadline_init+0x0/0xc @ 1
[    8.078872] io scheduler mq-deadline registered
[    8.078872] initcall deadline_init+0x0/0xc returned 0 after 8030 usecs
[    8.078872] calling  kyber_init+0x0/0xc @ 1
[    8.078872] io scheduler kyber registered
[    8.184854] initcall kyber_init+0x0/0xc returned 0 after 7709 usecs
[    8.194600] calling  mod_init+0x0/0x7 @ 1
[    8.195167] initcall mod_init+0x0/0x7 returned 0 after 0 usecs
[    8.195167] calling  percpu_counter_startup+0x0/0x55 @ 1
[    8.217956] initcall percpu_counter_startup+0x0/0x55 returned 0 after 1380 usecs
[    8.229059] calling  sg_pool_init+0x0/0xb4 @ 1
[    8.229945] initcall sg_pool_init+0x0/0xb4 returned 0 after 4127 usecs
[    8.229945] calling  pcie_portdrv_init+0x0/0x39 @ 1
[    8.229945] initcall pcie_portdrv_init+0x0/0x39 returned 0 after 83 usecs
[    8.288369] calling  pci_proc_init+0x0/0x68 @ 1
[    8.288369] initcall pci_proc_init+0x0/0x68 returned 0 after 30 usecs
[    8.288369] calling  pci_hotplug_init+0x0/0x7 @ 1
[    8.288369] initcall pci_hotplug_init+0x0/0x7 returned 0 after 0 usecs
[    8.288369] calling  efifb_driver_init+0x0/0xe @ 1
[    8.288369] initcall efifb_driver_init+0x0/0xe returned 0 after 248 usecs
[    8.288369] calling  ged_driver_init+0x0/0xe @ 1
[    8.288369] initcall ged_driver_init+0x0/0xe returned 0 after 58 usecs
[    8.288369] calling  acpi_ac_init+0x0/0x92 @ 1
[    8.288369] initcall acpi_ac_init+0x0/0x92 returned 0 after 243 usecs
[    8.288369] calling  acpi_button_driver_init+0x0/0x52 @ 1
[    8.288369] input: Power Button as /devices/LNXSYSTM:00/LNXPWRBN:00/input/input0
[    8.420375] ACPI: Power Button [PWRF]
[    8.429238] initcall acpi_button_driver_init+0x0/0x52 returned 0 after 43064 usecs
[    8.441390] calling  acpi_fan_driver_init+0x0/0xe @ 1
[    8.449423] initcall acpi_fan_driver_init+0x0/0xe returned 0 after 389 usecs
[    8.462776] calling  acpi_video_init+0x0/0xcb @ 1
[    8.470778] initcall acpi_video_init+0x0/0xcb returned 0 after 654 usecs
[    8.480666] calling  acpi_processor_driver_init+0x0/0xad @ 1
[    8.493886] initcall acpi_processor_driver_init+0x0/0xad returned 0 after 4894 usecs
[    8.505236] calling  acpi_thermal_init+0x0/0x71 @ 1
[    8.517899] initcall acpi_thermal_init+0x0/0x71 returned 0 after 5153 usecs
[    8.528519] calling  acpi_battery_init+0x0/0x32 @ 1
[    8.536497] initcall acpi_battery_init+0x0/0x32 returned 0 after 8 usecs
[    8.547788] calling  bgrt_init+0x0/0xb6 @ 1
[    8.555451] initcall bgrt_init+0x0/0xb6 returned -19 after 74 usecs
[    8.566140] calling  gpio_clk_driver_init+0x0/0xe @ 1
[    8.574583] initcall gpio_clk_driver_init+0x0/0xe returned 0 after 193 usecs
[    8.586088] calling  plt_clk_driver_init+0x0/0xe @ 1
[    8.594326] initcall plt_clk_driver_init+0x0/0xe returned 0 after 20 usecs
[    8.604591] calling  virtio_pci_driver_init+0x0/0x15 @ 1
[    8.613928] initcall virtio_pci_driver_init+0x0/0x15 returned 0 after 1383 usecs
[    8.625915] calling  n_null_init+0x0/0x1e @ 1
[    8.633783] initcall n_null_init+0x0/0x1e returned 0 after 83 usecs
[    8.643761] calling  pty_init+0x0/0x1e8 @ 1
[    8.652365] initcall pty_init+0x0/0x1e8 returned 0 after 2427 usecs
[    8.661318] calling  sysrq_init+0x0/0x62 @ 1
[    8.668028] initcall sysrq_init+0x0/0x62 returned 0 after 372 usecs
[    8.677635] calling  serial8250_init+0x0/0x17e @ 1
[    8.684981] Serial: 8250/16550 driver, 4 ports, IRQ sharing enabled
[    8.698540] 00:03: ttyS0 at I/O 0x3f8 (irq = 4, base_baud = 115200) is a 16550A
[    8.719219] initcall serial8250_init+0x0/0x17e returned 0 after 33566 usecs
[    8.729884] calling  serial_pci_driver_init+0x0/0x15 @ 1
[    8.738764] initcall serial_pci_driver_init+0x0/0x15 returned 0 after 869 usecs
[    8.750373] calling  exar_pci_driver_init+0x0/0x15 @ 1
[    8.758982] initcall exar_pci_driver_init+0x0/0x15 returned 0 after 37 usecs
[    8.769420] calling  lpss8250_pci_driver_init+0x0/0x15 @ 1
[    8.777624] initcall lpss8250_pci_driver_init+0x0/0x15 returned 0 after 162 usecs
[    8.788542] calling  mid8250_pci_driver_init+0x0/0x15 @ 1
[    8.796941] initcall mid8250_pci_driver_init+0x0/0x15 returned 0 after 356 usecs
[    8.807494] calling  virtio_console_init+0x0/0xff @ 1
[    8.816886] initcall virtio_console_init+0x0/0xff returned 0 after 2101 usecs
[    8.827191] calling  hpet_init+0x0/0x64 @ 1
[    8.840098] initcall hpet_init+0x0/0x64 returned 0 after 6192 usecs
[    8.849771] calling  nvram_module_init+0x0/0x83 @ 1
[    8.858596] Non-volatile memory driver v1.3
[    8.865887] initcall nvram_module_init+0x0/0x83 returned 0 after 8455 usecs
[    8.877701] calling  hwrng_modinit+0x0/0x8a @ 1
[    8.885205] initcall hwrng_modinit+0x0/0x8a returned 0 after 157 usecs
[    8.895046] calling  mod_init+0x0/0x48 @ 1
[    8.901025] initcall mod_init+0x0/0x48 returned -19 after 12 usecs
[    8.910470] calling  agp_init+0x0/0x23 @ 1
[    8.916742] Linux agpgart interface v0.103
[    8.922732] initcall agp_init+0x0/0x23 returned 0 after 5860 usecs
[    8.932613] calling  agp_amd64_mod_init+0x0/0x5 @ 1
[    8.941017] initcall agp_amd64_mod_init+0x0/0x5 returned -19 after 485 usecs
[    8.952589] calling  agp_intel_init+0x0/0x28 @ 1
[    8.971136] initcall agp_intel_init+0x0/0x28 returned 0 after 4110 usecs
[    8.980699] calling  drm_kms_helper_init+0x0/0x7 @ 1
[    8.988416] initcall drm_kms_helper_init+0x0/0x7 returned 0 after 180 usecs
[    8.998571] calling  drm_core_init+0x0/0xa4 @ 1
[    9.006815] initcall drm_core_init+0x0/0xa4 returned 0 after 1714 usecs
[    9.016986] calling  i915_init+0x0/0x6b @ 1
[    9.043984] initcall i915_init+0x0/0x6b returned 0 after 19233 usecs
[    9.053200] calling  cn_proc_init+0x0/0x35 @ 1
[    9.059426] initcall cn_proc_init+0x0/0x35 returned 0 after 6 usecs
[    9.068337] calling  topology_sysfs_init+0x0/0x27 @ 1
[    9.076452] initcall topology_sysfs_init+0x0/0x27 returned 0 after 625 usecs
[    9.087647] calling  cacheinfo_sysfs_init+0x0/0x27 @ 1
[    9.099545] initcall cacheinfo_sysfs_init+0x0/0x27 returned 0 after 2882 usecs
[    9.110949] calling  loop_init+0x0/0x168 @ 1
[    9.352489] loop: module loaded
[    9.357367] initcall loop_init+0x0/0x168 returned 0 after 233655 usecs
[    9.368828] calling  mac_hid_init+0x0/0x21 @ 1
[    9.376328] initcall mac_hid_init+0x0/0x21 returned 0 after 12 usecs
[    9.385300] calling  spi_transport_init+0x0/0x74 @ 1
[    9.393448] initcall spi_transport_init+0x0/0x74 returned 0 after 608 usecs
[    9.403215] calling  init_sd+0x0/0x18c @ 1
[    9.410500] initcall init_sd+0x0/0x18c returned 0 after 1299 usecs
[    9.419045] calling  init_sr+0x0/0x43 @ 1
[    9.425703] initcall init_sr+0x0/0x43 returned 0 after 168 usecs
[    9.435049] calling  init_sg+0x0/0x1c0 @ 1
[    9.442171] initcall init_sg+0x0/0x1c0 returned 0 after 203 usecs
[    9.451921] calling  ahci_pci_driver_init+0x0/0x15 @ 1
[    9.462971] ahci 0000:00:1f.2: version 3.0
[    9.476215] PCI Interrupt Link [GSIA] enabled at IRQ 16
[    9.504721] ahci 0000:00:1f.2: AHCI 0001.0000 32 slots 6 ports 1.5 Gbps 0x3f impl SATA mode
[    9.517254] ahci 0000:00:1f.2: flags: 64bit ncq only 
[    9.572577] scsi host0: ahci
[    9.579848] scsi host1: ahci
[    9.585559] scsi host2: ahci
[    9.591569] scsi host3: ahci
[    9.597459] scsi host4: ahci
[    9.604029] scsi host5: ahci
[    9.609307] ata1: SATA max UDMA/133 abar m4096@0xfebf1000 port 0xfebf1100 irq 24
[    9.620692] ata2: SATA max UDMA/133 abar m4096@0xfebf1000 port 0xfebf1180 irq 24
[    9.631448] ata3: SATA max UDMA/133 abar m4096@0xfebf1000 port 0xfebf1200 irq 24
[    9.642504] ata4: SATA max UDMA/133 abar m4096@0xfebf1000 port 0xfebf1280 irq 24
[    9.653722] ata5: SATA max UDMA/133 abar m4096@0xfebf1000 port 0xfebf1300 irq 24
[    9.665526] ata6: SATA max UDMA/133 abar m4096@0xfebf1000 port 0xfebf1380 irq 24
[    9.678801] initcall ahci_pci_driver_init+0x0/0x15 returned 0 after 212376 usecs
[    9.694606] calling  piix_init+0x0/0x26 @ 1
[    9.704550] initcall piix_init+0x0/0x26 returned 0 after 3156 usecs
[    9.715695] calling  amd_pci_driver_init+0x0/0x15 @ 1
[    9.724532] initcall amd_pci_driver_init+0x0/0x15 returned 0 after 37 usecs
[    9.739143] calling  oldpiix_pci_driver_init+0x0/0x15 @ 1
[    9.749375] initcall oldpiix_pci_driver_init+0x0/0x15 returned 0 after 328 usecs
[    9.761900] calling  sch_pci_driver_init+0x0/0x15 @ 1
[    9.772142] initcall sch_pci_driver_init+0x0/0x15 returned 0 after 30 usecs
[    9.785623] calling  net_olddevs_init+0x0/0x55 @ 1
[    9.795048] initcall net_olddevs_init+0x0/0x55 returned 0 after 972 usecs
[    9.806738] calling  blackhole_netdev_init+0x0/0x78 @ 1
[    9.821093] initcall blackhole_netdev_init+0x0/0x78 returned 0 after 4315 usecs
[    9.834048] calling  phy_module_init+0x0/0x13 @ 1
[    9.845988] initcall phy_module_init+0x0/0x13 returned 0 after 333 usecs
[    9.859047] calling  tg3_driver_init+0x0/0x15 @ 1
[    9.868172] initcall tg3_driver_init+0x0/0x15 returned 0 after 309 usecs
[    9.879615] calling  e100_init_module+0x0/0x4c @ 1
[    9.888754] e100: Intel(R) PRO/100 Network Driver
[    9.900349] e100: Copyright(c) 1999-2006 Intel Corporation
[    9.916196] initcall e100_init_module+0x0/0x4c returned 0 after 26900 usecs
[    9.928965] calling  e1000_init_module+0x0/0x72 @ 1
[    9.938107] e1000: Intel(R) PRO/1000 Network Driver
[    9.947058] e1000: Copyright (c) 1999-2006 Intel Corporation.
[    9.958868] initcall e1000_init_module+0x0/0x72 returned 0 after 20840 usecs
[    9.972779] calling  e1000_init_module+0x0/0x2d @ 1
[    9.982860] e1000e: Intel(R) PRO/1000 Network Driver
[    9.993523] e1000e: Copyright(c) 1999 - 2015 Intel Corporation.
[   10.007945] ata1: SATA link down (SStatus 0 SControl 300)
[   10.018960] initcall e1000_init_module+0x0/0x2d returned 0 after 36235 usecs
[   10.036010] ata3: SATA link up 1.5 Gbps (SStatus 113 SControl 300)
[   10.054873] ata2: SATA link down (SStatus 0 SControl 300)
[   10.066230] calling  sky2_init_module+0x0/0x21 @ 1
[   10.082860] ata5: SATA link down (SStatus 0 SControl 300)
[   10.094721] sky2: driver version 1.30
[   10.102674] initcall sky2_init_module+0x0/0x21 returned 0 after 26469 usecs
[   10.122568] ata4: SATA link down (SStatus 0 SControl 300)
[   10.131846] calling  forcedeth_pci_driver_init+0x0/0x15 @ 1
[   10.146139] ata6: SATA link down (SStatus 0 SControl 300)
[   10.166970] initcall forcedeth_pci_driver_init+0x0/0x15 returned 0 after 25701 usecs
[   10.182623] ata3.00: ATAPI: QEMU DVD-ROM, 2.5+, max UDMA/100
[   10.194359] calling  rtl8139_init_module+0x0/0x15 @ 1
[   10.203811] ata3.00: applying bridge limits
[   10.212135] initcall rtl8139_init_module+0x0/0x15 returned 0 after 8134 usecs
[   10.229609] ata3.00: configured for UDMA/100
[   10.230063] calling  rtl8169_pci_driver_init+0x0/0x15 @ 1
[   10.245760] initcall rtl8169_pci_driver_init+0x0/0x15 returned 0 after 218 usecs
[   10.258218] calling  cdrom_init+0x0/0xc @ 1
[   10.262695] scsi 2:0:0:0: CD-ROM            QEMU     QEMU DVD-ROM     2.5+ PQ: 0 ANSI: 5
[   10.267578] initcall cdrom_init+0x0/0xc returned 0 after 603 usecs
[   10.294282] calling  nonstatic_sysfs_init+0x0/0xc @ 1
[   10.304051] initcall nonstatic_sysfs_init+0x0/0xc returned 0 after 1279 usecs
[   10.316061] calling  yenta_cardbus_driver_init+0x0/0x15 @ 1
[   10.326061] initcall yenta_cardbus_driver_init+0x0/0x15 returned 0 after 423 usecs
[   10.351266] calling  mon_init+0x0/0x12d @ 1
[   10.366967] sr 2:0:0:0: [sr0] scsi3-mmc drive: 4x/4x cd/rw xa/form2 tray
[   10.382214] initcall mon_init+0x0/0x12d returned 0 after 22550 usecs
[   10.392901] cdrom: Uniform CD-ROM driver Revision: 3.20
[   10.403802] calling  ehci_hcd_init+0x0/0x56 @ 1
[   10.413590] ehci_hcd: USB 2.0 'Enhanced' Host Controller (EHCI) Driver
[   10.426989] initcall ehci_hcd_init+0x0/0x56 returned 0 after 14677 usecs
[   10.438138] calling  ehci_pci_init+0x0/0x64 @ 1
[   10.459626] ehci-pci: EHCI PCI platform driver
[   10.469257] initcall ehci_pci_init+0x0/0x64 returned 0 after 9410 usecs
[   10.495660] calling  ohci_hcd_mod_init+0x0/0x4e @ 1
[   10.502881] ohci_hcd: USB 1.1 'Open' Host Controller (OHCI) Driver
[   10.523672] sr 2:0:0:0: Attached scsi CD-ROM sr0
[   10.536071] sr 2:0:0:0: Attached scsi generic sg0 type 5
[   10.546453] initcall ohci_hcd_mod_init+0x0/0x4e returned 0 after 42646 usecs
[   10.573885] calling  ohci_pci_init+0x0/0x64 @ 1
[   10.580089] ohci-pci: OHCI PCI platform driver
[   10.586447] initcall ohci_pci_init+0x0/0x64 returned 0 after 6212 usecs
[   10.602695] calling  uhci_hcd_init+0x0/0xa8 @ 1
[   10.611924] uhci_hcd: USB Universal Host Controller Interface driver
[   10.623102] initcall uhci_hcd_init+0x0/0xa8 returned 0 after 10919 usecs
[   10.634244] calling  xhci_hcd_init+0x0/0x1e @ 1
[   10.643266] initcall xhci_hcd_init+0x0/0x1e returned 0 after 500 usecs
[   10.654895] calling  xhci_pci_init+0x0/0x49 @ 1
[   10.663145] initcall xhci_pci_init+0x0/0x49 returned 0 after 383 usecs
[   10.674114] calling  usblp_driver_init+0x0/0x15 @ 1
[   10.684188] usbcore: registered new interface driver usblp
[   10.697833] initcall usblp_driver_init+0x0/0x15 returned 0 after 14227 usecs
[   10.711259] calling  usb_storage_driver_init+0x0/0x2a @ 1
[   10.721565] usbcore: registered new interface driver usb-storage
[   10.732312] initcall usb_storage_driver_init+0x0/0x2a returned 0 after 10865 usecs
[   10.745914] calling  i8042_init+0x0/0x4c2 @ 1
[   10.754682] i8042: PNP: PS/2 Controller [PNP0303:KBD,PNP0f13:MOU] at 0x60,0x64 irq 1,12
[   10.800604] serio: i8042 KBD port at 0x60,0x64 irq 1
[   10.808653] serio: i8042 AUX port at 0x60,0x64 irq 12
[   10.816467] initcall i8042_init+0x0/0x4c2 returned 0 after 61575 usecs
[   10.826375] calling  serport_init+0x0/0x2c @ 1
[   10.833050] initcall serport_init+0x0/0x2c returned 0 after 1 usecs
[   10.842601] calling  input_leds_init+0x0/0xc @ 1
[   10.849848] initcall input_leds_init+0x0/0xc returned 0 after 333 usecs
[   10.859615] calling  evdev_init+0x0/0xc @ 1
[   10.866811] initcall evdev_init+0x0/0xc returned 0 after 346 usecs
[   10.876775] calling  atkbd_init+0x0/0x21 @ 1
[   10.888543] input: AT Translated Set 2 keyboard as /devices/platform/i8042/serio0/input/input1
[   10.903356] initcall atkbd_init+0x0/0x21 returned 0 after 19560 usecs
[   10.913942] calling  psmouse_init+0x0/0x7f @ 1
[   10.925127] initcall psmouse_init+0x0/0x7f returned 0 after 3589 usecs
[   10.941382] calling  cmos_init+0x0/0x73 @ 1
[   10.963789] rtc_cmos 00:04: RTC can wake from S4
[   10.988525] rtc_cmos 00:04: registered as rtc0
[   10.998202] rtc_cmos 00:04: alarms up to one day, y3k, 242 bytes nvram, hpet irqs
[   11.045167] initcall cmos_init+0x0/0x73 returned 0 after 87303 usecs
[   11.059262] calling  smbalert_driver_init+0x0/0xe @ 1
[   11.070203] initcall smbalert_driver_init+0x0/0xe returned 0 after 3246 usecs
[   11.085867] calling  i2c_i801_init+0x0/0xc5 @ 1
[   11.130864] i801_smbus 0000:00:1f.3: SMBus using PCI interrupt
[   11.144662] i2c i2c-0: 1/1 memory slots populated (from DMI)
[   11.152757] i2c i2c-0: Memory type 0x07 not supported yet, not instantiating SPD
[   11.166178] initcall i2c_i801_init+0x0/0xc5 returned 0 after 70636 usecs
[   11.177826] calling  ptp_kvm_init+0x0/0xf0 @ 1
[   11.188732] initcall ptp_kvm_init+0x0/0xf0 returned 0 after 3976 usecs
[   11.198731] calling  dm_init+0x0/0x3c @ 1
[   11.214735] device-mapper: ioctl: 4.43.0-ioctl (2020-10-01) initialised: dm-devel@redhat.com
[   11.227317] initcall dm_init+0x0/0x3c returned 0 after 22255 usecs
[   11.236543] calling  dm_mirror_init+0x0/0x29 @ 1
[   11.243597] initcall dm_mirror_init+0x0/0x29 returned 0 after 117 usecs
[   11.253217] calling  dm_dirty_log_init+0x0/0x4f @ 1
[   11.261020] initcall dm_dirty_log_init+0x0/0x4f returned 0 after 307 usecs
[   11.271035] calling  dm_zero_init+0x0/0x29 @ 1
[   11.277729] initcall dm_zero_init+0x0/0x29 returned 0 after 2 usecs
[   11.287546] calling  intel_pstate_init+0x0/0x510 @ 1
[   11.297200] intel_pstate: CPU model not supported
[   11.304896] initcall intel_pstate_init+0x0/0x510 returned -19 after 8348 usecs
[   11.315568] calling  haltpoll_init+0x0/0xc0 @ 1
[   11.324928] initcall haltpoll_init+0x0/0xc0 returned -19 after 645 usecs
[   11.335588] calling  efivars_sysfs_init+0x0/0x30 @ 1
[   11.343603] initcall efivars_sysfs_init+0x0/0x30 returned 0 after 652 usecs
[   11.353618] calling  esrt_sysfs_init+0x0/0x2a2 @ 1
[   11.361945] initcall esrt_sysfs_init+0x0/0x2a2 returned -38 after 1251 usecs
[   11.371980] calling  hid_init+0x0/0x5c @ 1
[   11.379080] hid: raw HID events driver (C) Jiri Kosina
[   11.388507] initcall hid_init+0x0/0x5c returned 0 after 10268 usecs
[   11.398676] calling  hid_generic_init+0x0/0x15 @ 1
[   11.407589] initcall hid_generic_init+0x0/0x15 returned 0 after 372 usecs
[   11.418108] calling  a4_driver_init+0x0/0x15 @ 1
[   11.425443] initcall a4_driver_init+0x0/0x15 returned 0 after 24 usecs
[   11.435730] calling  apple_driver_init+0x0/0x15 @ 1
[   11.443051] initcall apple_driver_init+0x0/0x15 returned 0 after 32 usecs
[   11.453130] calling  belkin_driver_init+0x0/0x15 @ 1
[   11.460817] initcall belkin_driver_init+0x0/0x15 returned 0 after 25 usecs
[   11.470484] calling  ch_driver_init+0x0/0x15 @ 1
[   11.476918] initcall ch_driver_init+0x0/0x15 returned 0 after 23 usecs
[   11.486553] calling  ch_driver_init+0x0/0x15 @ 1
[   11.493459] initcall ch_driver_init+0x0/0x15 returned 0 after 25 usecs
[   11.503060] calling  cp_driver_init+0x0/0x15 @ 1
[   11.510373] initcall cp_driver_init+0x0/0x15 returned 0 after 66 usecs
[   11.521119] calling  ez_driver_init+0x0/0x15 @ 1
[   11.528668] initcall ez_driver_init+0x0/0x15 returned 0 after 25 usecs
[   11.539574] calling  gyration_driver_init+0x0/0x15 @ 1
[   11.548393] initcall gyration_driver_init+0x0/0x15 returned 0 after 24 usecs
[   11.559704] calling  ite_driver_init+0x0/0x15 @ 1
[   11.567477] initcall ite_driver_init+0x0/0x15 returned 0 after 27 usecs
[   11.578370] calling  ks_driver_init+0x0/0x15 @ 1
[   11.586253] initcall ks_driver_init+0x0/0x15 returned 0 after 26 usecs
[   11.597130] calling  lg_driver_init+0x0/0x15 @ 1
[   11.605092] initcall lg_driver_init+0x0/0x15 returned 0 after 36 usecs
[   11.616517] calling  lg_g15_driver_init+0x0/0x15 @ 1
[   11.625538] initcall lg_g15_driver_init+0x0/0x15 returned 0 after 413 usecs
[   11.636956] calling  ms_driver_init+0x0/0x15 @ 1
[   11.655895] initcall ms_driver_init+0x0/0x15 returned 0 after 237 usecs
[   11.690009] calling  mr_driver_init+0x0/0x15 @ 1
[   11.701911] initcall mr_driver_init+0x0/0x15 returned 0 after 244 usecs
[   11.717471] calling  ntrig_driver_init+0x0/0x15 @ 1
[   11.725694] initcall ntrig_driver_init+0x0/0x15 returned 0 after 339 usecs
[   11.736940] calling  pl_driver_init+0x0/0x15 @ 1
[   11.744245] initcall pl_driver_init+0x0/0x15 returned 0 after 252 usecs
[   11.754989] calling  pl_driver_init+0x0/0x15 @ 1
[   11.762850] initcall pl_driver_init+0x0/0x15 returned 0 after 319 usecs
[   11.772758] calling  redragon_driver_init+0x0/0x15 @ 1
[   11.780422] initcall redragon_driver_init+0x0/0x15 returned 0 after 23 usecs
[   11.791157] calling  samsung_driver_init+0x0/0x15 @ 1
[   11.798616] initcall samsung_driver_init+0x0/0x15 returned 0 after 23 usecs
[   11.809619] calling  sony_init+0x0/0x38 @ 1
[   11.816537] initcall sony_init+0x0/0x38 returned 0 after 63 usecs
[   11.825891] calling  sp_driver_init+0x0/0x15 @ 1
[   11.832987] initcall sp_driver_init+0x0/0x15 returned 0 after 28 usecs
[   11.842404] calling  ts_driver_init+0x0/0x15 @ 1
[   11.849406] initcall ts_driver_init+0x0/0x15 returned 0 after 25 usecs
[   11.859377] calling  hid_init+0x0/0x58 @ 1
[   11.867515] usbcore: registered new interface driver usbhid
[   11.875945] usbhid: USB HID core driver
[   11.883297] initcall hid_init+0x0/0x58 returned 0 after 17278 usecs
[   11.892980] calling  eeepc_laptop_init+0x0/0x57 @ 1
[   11.905746] initcall eeepc_laptop_init+0x0/0x57 returned -19 after 3650 usecs
[   11.916775] calling  pmc_atom_init+0x0/0x27a @ 1
[   11.925090] initcall pmc_atom_init+0x0/0x27a returned -19 after 457 usecs
[   11.935906] calling  alsa_hwdep_init+0x0/0x5e @ 1
[   11.944038] initcall alsa_hwdep_init+0x0/0x5e returned 0 after 402 usecs
[   11.954991] calling  alsa_timer_init+0x0/0x1f0 @ 1
[   11.972784] initcall alsa_timer_init+0x0/0x1f0 returned 0 after 1254 usecs
[   11.984636] calling  snd_hrtimer_init+0x0/0x117 @ 1
[   12.005029] initcall snd_hrtimer_init+0x0/0x117 returned 0 after 1049 usecs
[   12.014623] calling  alsa_pcm_init+0x0/0x64 @ 1
[   12.023902] initcall alsa_pcm_init+0x0/0x64 returned 0 after 2421 usecs
[   12.034149] calling  alsa_seq_init+0x0/0x4a @ 1
[   12.041144] initcall alsa_seq_init+0x0/0x4a returned 0 after 252 usecs
[   12.059551] calling  alsa_seq_dummy_init+0x0/0x9c @ 1
[   12.066726] initcall alsa_seq_dummy_init+0x0/0x9c returned 0 after 46 usecs
[   12.080166] calling  azx_driver_init+0x0/0x15 @ 1
[   12.103324] initcall azx_driver_init+0x0/0x15 returned 0 after 1467 usecs
[   12.115461] calling  sock_diag_init+0x0/0x2a @ 1
[   12.139857] initcall sock_diag_init+0x0/0x2a returned 0 after 1878 usecs
[   12.164783] calling  blackhole_init+0x0/0xc @ 1
[   12.176651] initcall blackhole_init+0x0/0xc returned 0 after 457 usecs
[   12.188175] calling  nfnetlink_init+0x0/0x57 @ 1
[   12.196537] initcall nfnetlink_init+0x0/0x57 returned 0 after 591 usecs
[   12.207999] calling  nfnetlink_log_init+0x0/0x99 @ 1
[   12.215142] initcall nfnetlink_log_init+0x0/0x99 returned 0 after 499 usecs
[   12.224733] calling  nf_conntrack_standalone_init+0x0/0x87 @ 1
[   12.226137] tasks-torture: rcu_torture_read_exit: End of episode
[   12.237292] initcall nf_conntrack_standalone_init+0x0/0x87 returned 0 after 4389 usecs
[   12.266729] input: ImExPS/2 Generic Explorer Mouse as /devices/platform/i8042/serio1/input/input3
[   12.280710] calling  ctnetlink_init+0x0/0x83 @ 1
[   12.288484] initcall ctnetlink_init+0x0/0x83 returned 0 after 228 usecs
[   12.299161] calling  nf_conntrack_ftp_init+0x0/0x12c @ 1
[   12.308118] initcall nf_conntrack_ftp_init+0x0/0x12c returned 0 after 61 usecs
[   12.324445] calling  nf_conntrack_irc_init+0x0/0x129 @ 1
[   12.336388] initcall nf_conntrack_irc_init+0x0/0x129 returned 0 after 300 usecs
[   12.358118] calling  nf_conntrack_sip_init+0x0/0x172 @ 1
[   12.366658] initcall nf_conntrack_sip_init+0x0/0x172 returned 0 after 11 usecs
[   12.378744] calling  nf_nat_init+0x0/0xd2 @ 1
[   12.391569] initcall nf_nat_init+0x0/0xd2 returned 0 after 2521 usecs
[   12.400875] calling  nf_nat_ftp_init+0x0/0x2a @ 1
[   12.408202] initcall nf_nat_ftp_init+0x0/0x2a returned 0 after 1 usecs
[   12.419775] calling  nf_nat_irc_init+0x0/0x2a @ 1
[   12.426840] initcall nf_nat_irc_init+0x0/0x2a returned 0 after 6 usecs
[   12.436940] calling  nf_nat_sip_init+0x0/0x36 @ 1
[   12.451170] initcall nf_nat_sip_init+0x0/0x36 returned 0 after 63 usecs
[   12.461070] calling  xt_init+0x0/0xf8 @ 1
[   12.467691] initcall xt_init+0x0/0xf8 returned 0 after 332 usecs
[   12.477066] calling  tcpudp_mt_init+0x0/0x11 @ 1
[   12.484387] initcall tcpudp_mt_init+0x0/0x11 returned 0 after 46 usecs
[   12.494688] calling  connsecmark_tg_init+0x0/0xc @ 1
[   12.502733] initcall connsecmark_tg_init+0x0/0xc returned 0 after 1 usecs
[   12.529211] calling  nflog_tg_init+0x0/0xc @ 1
[   12.536624] initcall nflog_tg_init+0x0/0xc returned 0 after 2 usecs
[   12.545789] calling  secmark_tg_init+0x0/0x11 @ 1
[   12.552332] initcall secmark_tg_init+0x0/0x11 returned 0 after 2 usecs
[   12.561563] calling  tcpmss_tg_init+0x0/0x11 @ 1
[   12.568605] initcall tcpmss_tg_init+0x0/0x11 returned 0 after 1 usecs
[   12.577570] calling  conntrack_mt_init+0x0/0x11 @ 1
[   12.585115] initcall conntrack_mt_init+0x0/0x11 returned 0 after 1 usecs
[   12.594908] calling  policy_mt_init+0x0/0x11 @ 1
[   12.601541] initcall policy_mt_init+0x0/0x11 returned 0 after 1 usecs
[   12.610574] calling  state_mt_init+0x0/0xc @ 1
[   12.617851] initcall state_mt_init+0x0/0xc returned 0 after 10 usecs
[   12.626472] calling  gre_offload_init+0x0/0x48 @ 1
[   12.634046] initcall gre_offload_init+0x0/0x48 returned 0 after 920 usecs
[   12.644586] calling  sysctl_ipv4_init+0x0/0x46 @ 1
[   12.652787] initcall sysctl_ipv4_init+0x0/0x46 returned 0 after 1177 usecs
[   12.662937] calling  tunnel4_init+0x0/0x58 @ 1
[   12.669992] initcall tunnel4_init+0x0/0x58 returned 0 after 33 usecs
[   12.680419] calling  nf_defrag_init+0x0/0xc @ 1
