c[?7l[2J[0mSeaBIOS (version 1.16.0-debian-1.16.0-4)
Booting from ROM...
early console in setup code
c[?7l[2J[    0.000000] Linux version 5.10.158+ (root@joelboxx.c.googlers.com) (gcc (Debian 12.2.0-3) 12.2.0, GNU ld (GNU Binutils for Debian) 2.39) #7 SMP Tue Dec 13 22:44:47 UTC 2022
[    0.000000] Command line: selinux=0 initcall_debug debug console=ttyS0 rcutree.gp_preinit_delay=3 rcutree.gp_init_delay=3 rcutree.gp_cleanup_delay=3 rcupdate.rcu_self_test=1 rcutorture.onoff_interval=1000 rcutorture.onoff_holdoff=30 rcutorture.n_barrier_cbs=4 rcutorture.stat_interval=15 rcutorture.shutdown_secs=3600 rcutorture.test_no_idle_hz=1 rcutorture.verbose=1
[    0.000000] x86/fpu: x87 FPU will use FXSAVE
[    0.000000] BIOS-provided physical RAM map:
[    0.000000] BIOS-e820: [mem 0x0000000000000000-0x000000000009fbff] usable
[    0.000000] BIOS-e820: [mem 0x000000000009fc00-0x000000000009ffff] reserved
[    0.000000] BIOS-e820: [mem 0x00000000000f0000-0x00000000000fffff] reserved
[    0.000000] BIOS-e820: [mem 0x0000000000100000-0x000000001ffdefff] usable
[    0.000000] BIOS-e820: [mem 0x000000001ffdf000-0x000000001fffffff] reserved
[    0.000000] BIOS-e820: [mem 0x00000000b0000000-0x00000000bfffffff] reserved
[    0.000000] BIOS-e820: [mem 0x00000000fed1c000-0x00000000fed1ffff] reserved
[    0.000000] BIOS-e820: [mem 0x00000000feffc000-0x00000000feffffff] reserved
[    0.000000] BIOS-e820: [mem 0x00000000fffc0000-0x00000000ffffffff] reserved
[    0.000000] NX (Execute Disable) protection: active
[    0.000000] SMBIOS 2.8 present.
[    0.000000] DMI: QEMU Standard PC (Q35 + ICH9, 2009), BIOS 1.16.0-debian-1.16.0-4 04/01/2014
[    0.000000] Hypervisor detected: KVM
[    0.000000] kvm-clock: Using msrs 4b564d01 and 4b564d00
[    0.000000] kvm-clock: cpu 0, msr 971f001, primary cpu clock
[    0.000146] kvm-clock: using sched offset of 3710166676 cycles
[    0.000572] clocksource: kvm-clock: mask: 0xffffffffffffffff max_cycles: 0x1cd42e4dffb, max_idle_ns: 881590591483 ns
[    0.000938] tsc: Detected 1999.999 MHz processor
[    0.013590] e820: update [mem 0x00000000-0x00000fff] usable ==> reserved
[    0.013599] e820: remove [mem 0x000a0000-0x000fffff] usable
[    0.013610] last_pfn = 0x1ffdf max_arch_pfn = 0x400000000
[    0.014421] MTRR default type: write-back
[    0.014528] MTRR fixed ranges enabled:
[    0.014532]   00000-9FFFF write-back
[    0.014534]   A0000-BFFFF uncachable
[    0.014537]   C0000-FFFFF write-protect
[    0.014539] MTRR variable ranges enabled:
[    0.014542]   0 base 00C0000000 mask FFC0000000 uncachable
[    0.014544]   1 disabled
[    0.014546]   2 disabled
[    0.014548]   3 disabled
[    0.014550]   4 disabled
[    0.014552]   5 disabled
[    0.014554]   6 disabled
[    0.014556]   7 disabled
[    0.015026] x86/PAT: Configuration [0-7]: WB  WC  UC- UC  WB  WC  UC- UC  
[    0.024445] found SMP MP-table at [mem 0x000f5ba0-0x000f5baf]
[    0.027895] check: Scanning 1 areas for low memory corruption
[    0.051537] ACPI: Early table checksum verification disabled
[    0.054722] ACPI: RSDP 0x00000000000F59E0 000014 (v00 BOCHS )
[    0.055087] ACPI: RSDT 0x000000001FFE252A 000038 (v01 BOCHS  BXPC     00000001 BXPC 00000001)
[    0.055433] ACPI: FACP 0x000000001FFE22EA 0000F4 (v03 BOCHS  BXPC     00000001 BXPC 00000001)
[    0.055554] ACPI: DSDT 0x000000001FFE0040 0022AA (v01 BOCHS  BXPC     00000001 BXPC 00000001)
[    0.055609] ACPI: FACS 0x000000001FFE0000 000040
[    0.055617] ACPI: APIC 0x000000001FFE23DE 0000B0 (v01 BOCHS  BXPC     00000001 BXPC 00000001)
[    0.055661] ACPI: HPET 0x000000001FFE248E 000038 (v01 BOCHS  BXPC     00000001 BXPC 00000001)
[    0.055668] ACPI: MCFG 0x000000001FFE24C6 00003C (v01 BOCHS  BXPC     00000001 BXPC 00000001)
[    0.055675] ACPI: WAET 0x000000001FFE2502 000028 (v01 BOCHS  BXPC     00000001 BXPC 00000001)
[    0.055682] ACPI: Reserving FACP table memory at [mem 0x1ffe22ea-0x1ffe23dd]
[    0.055685] ACPI: Reserving DSDT table memory at [mem 0x1ffe0040-0x1ffe22e9]
[    0.055687] ACPI: Reserving FACS table memory at [mem 0x1ffe0000-0x1ffe003f]
[    0.055689] ACPI: Reserving APIC table memory at [mem 0x1ffe23de-0x1ffe248d]
[    0.055692] ACPI: Reserving HPET table memory at [mem 0x1ffe248e-0x1ffe24c5]
[    0.055694] ACPI: Reserving MCFG table memory at [mem 0x1ffe24c6-0x1ffe2501]
[    0.055696] ACPI: Reserving WAET table memory at [mem 0x1ffe2502-0x1ffe2529]
[    0.056750] ACPI: Local APIC address 0xfee00000
[    0.062269] No NUMA configuration found
[    0.062274] Faking a node at [mem 0x0000000000000000-0x000000001ffdefff]
[    0.062473] NODE_DATA(0) allocated [mem 0x1ffdb000-0x1ffdefff]
[    0.064627] Zone ranges:
[    0.064759]   DMA      [mem 0x0000000000001000-0x0000000000ffffff]
[    0.064813]   DMA32    [mem 0x0000000001000000-0x000000001ffdefff]
[    0.064817]   Normal   empty
[    0.064820] Movable zone start for each node
[    0.064823] Early memory node ranges
[    0.064825]   node   0: [mem 0x0000000000001000-0x000000000009efff]
[    0.064876]   node   0: [mem 0x0000000000100000-0x000000001ffdefff]
[    0.064930] Initmem setup node 0 [mem 0x0000000000001000-0x000000001ffdefff]
[    0.064933] On node 0 totalpages: 130941
[    0.065084]   DMA zone: 64 pages used for memmap
[    0.065087]   DMA zone: 21 pages reserved
[    0.065151]   DMA zone: 3998 pages, LIFO batch:0
[    0.065154]   DMA32 zone: 1984 pages used for memmap
[    0.065156]   DMA32 zone: 126943 pages, LIFO batch:31
[    0.151346] On node 0, zone DMA: 1 pages in unavailable ranges
[    0.155231] On node 0, zone DMA: 97 pages in unavailable ranges
[    0.515660] On node 0, zone DMA32: 33 pages in unavailable ranges
[    0.523747] ACPI: PM-Timer IO Port: 0x608
[    0.523904] ACPI: Local APIC address 0xfee00000
[    0.524675] ACPI: LAPIC_NMI (acpi_id[0xff] dfl dfl lint[0x1])
[    0.529246] IOAPIC[0]: apic_id 0, version 17, address 0xfec00000, GSI 0-23
[    0.529872] ACPI: INT_SRC_OVR (bus 0 bus_irq 0 global_irq 2 dfl dfl)
[    0.530015] ACPI: INT_SRC_OVR (bus 0 bus_irq 5 global_irq 5 high level)
[    0.530019] ACPI: INT_SRC_OVR (bus 0 bus_irq 9 global_irq 9 high level)
[    0.530402] ACPI: INT_SRC_OVR (bus 0 bus_irq 10 global_irq 10 high level)
[    0.530409] ACPI: INT_SRC_OVR (bus 0 bus_irq 11 global_irq 11 high level)
[    0.530414] ACPI: IRQ0 used by override.
[    0.530417] ACPI: IRQ5 used by override.
[    0.530421] ACPI: IRQ9 used by override.
[    0.530423] ACPI: IRQ10 used by override.
[    0.530426] ACPI: IRQ11 used by override.
[    0.530559] Using ACPI (MADT) for SMP configuration information
[    0.530625] ACPI: HPET id: 0x8086a201 base: 0xfed00000
[    0.531830] smpboot: Allowing 8 CPUs, 0 hotplug CPUs
[    0.535057] PM: hibernation: Registered nosave memory: [mem 0x00000000-0x00000fff]
[    0.535062] PM: hibernation: Registered nosave memory: [mem 0x0009f000-0x0009ffff]
[    0.535065] PM: hibernation: Registered nosave memory: [mem 0x000a0000-0x000effff]
[    0.535067] PM: hibernation: Registered nosave memory: [mem 0x000f0000-0x000fffff]
[    0.535257] [mem 0x20000000-0xafffffff] available for PCI devices
[    0.535414] Booting paravirtualized kernel on KVM
[    0.536089] clocksource: refined-jiffies: mask: 0xffffffff max_cycles: 0xffffffff, max_idle_ns: 1910969940391419 ns
[    0.554998] setup_percpu: NR_CPUS:8 nr_cpumask_bits:8 nr_cpu_ids:8 nr_node_ids:1
[    0.664612] percpu: Embedded 58 pages/cpu s199184 r8192 d30192 u262144
[    0.664719] pcpu-alloc: s199184 r8192 d30192 u262144 alloc=1*2097152
[    0.664820] pcpu-alloc: [0] 0 1 2 3 4 5 6 7 
[    0.665415] kvm-guest: stealtime: cpu 0, msr 1f41bb40
[    0.668312] Built 1 zonelists, mobility grouping on.  Total pages: 128872
[    0.668318] Policy zone: DMA32
[    0.668443] Kernel command line: selinux=0 initcall_debug debug console=ttyS0 rcutree.gp_preinit_delay=3 rcutree.gp_init_delay=3 rcutree.gp_cleanup_delay=3 rcupdate.rcu_self_test=1 rcutorture.onoff_interval=1000 rcutorture.onoff_holdoff=30 rcutorture.n_barrier_cbs=4 rcutorture.stat_interval=15 rcutorture.shutdown_secs=3600 rcutorture.test_no_idle_hz=1 rcutorture.verbose=1
[    0.696691] Dentry cache hash table entries: 65536 (order: 7, 524288 bytes, linear)
[    0.701966] Inode-cache hash table entries: 32768 (order: 6, 262144 bytes, linear)
[    0.703195] mem auto-init: stack:all(zero), heap alloc:off, heap free:off
[    0.802792] Memory: 465384K/523764K available (16398K kernel code, 2799K rwdata, 4824K rodata, 1504K init, 13308K bss, 58120K reserved, 0K cma-reserved)
[    0.805775] SLUB: HWalign=64, Order=0-3, MinObjects=0, CPUs=8, Nodes=1
[    0.807084] Kernel/User page tables isolation: enabled
[    0.846772] Running RCU self tests
[    0.847672] rcu: RCU calculated value of scheduler-enlistment delay is 100 jiffies.
[    0.849035] rcu: Hierarchical RCU implementation.
[    0.849039] rcu: 	CONFIG_RCU_FANOUT set to non-default value of 6.
[    0.849082] rcu: 	RCU lockdep checking is enabled.
[    0.849085] rcu: 	Build-time adjustment of leaf fanout to 6.
[    0.849088] rcu: 	Boot-time adjustment of first FQS scan delay to 3 jiffies.
[    0.849091] rcu: 	Boot-time adjustment of subsequent FQS scan delay to 3 jiffies.
[    0.849093] rcu: 	RCU debug GP pre-init slowdown 3 jiffies.
[    0.849096] rcu: 	RCU debug GP init slowdown 3 jiffies.
[    0.849098] rcu: 	RCU debug GP init slowdown 3 jiffies.
[    0.849100] 	Trampoline variant of Tasks RCU enabled.
[    0.849102] 	Rude variant of Tasks RCU enabled.
[    0.849105] 	Tracing variant of Tasks RCU enabled.
[    0.860262] NR_IRQS: 4352, nr_irqs: 488, preallocated irqs: 16
[    0.862458] rcu: 	Offload RCU callbacks from CPUs: (none).
[    0.865748] calling  con_init+0x0/0x24f @ 0
[    0.994430] Console: colour VGA+ 80x25
[    0.994465] initcall con_init+0x0/0x24f returned 0 after 0 usecs
[    0.994474] calling  hvc_console_init+0x0/0x13 @ 0
[    0.994519] initcall hvc_console_init+0x0/0x13 returned 0 after 0 usecs
[    0.994524] calling  univ8250_console_init+0x0/0x26 @ 0
[    1.991458] printk: console [ttyS0] enabled
[    1.996272] initcall univ8250_console_init+0x0/0x26 returned 0 after 0 usecs
[    2.005495] Lock dependency validator: Copyright (c) 2006 Red Hat, Inc., Ingo Molnar
[    2.014332] ... MAX_LOCKDEP_SUBCLASSES:  8
[    2.018850] ... MAX_LOCK_DEPTH:          48
[    2.023454] ... MAX_LOCKDEP_KEYS:        8192
[    2.028462] ... CLASSHASH_SIZE:          4096
[    2.033219] ... MAX_LOCKDEP_ENTRIES:     32768
[    2.038184] ... MAX_LOCKDEP_CHAINS:      65536
[    2.042987] ... CHAINHASH_SIZE:          32768
[    2.047873]  memory used by lock dependency info: 6365 kB
[    2.053886]  memory used for stack traces: 4224 kB
[    2.059205]  per task-struct memory footprint: 1920 bytes
[    2.065417] ACPI: Core revision 20200925
[    2.071823] clocksource: hpet: mask: 0xffffffff max_cycles: 0xffffffff, max_idle_ns: 19112604467 ns
[    2.083613] APIC: Switch to symmetric I/O mode setup
[    2.109946] ..TIMER: vector=0x30 apic1=0 pin1=2 apic2=-1 pin2=-1
[    2.117493] clocksource: tsc-early: mask: 0xffffffffffffffff max_cycles: 0x39a85afc727, max_idle_ns: 881590685098 ns
[    2.130287] Calibrating delay loop (skipped) preset value.. 3999.99 BogoMIPS (lpj=1999999)
[    2.132219] pid_max: default: 32768 minimum: 301
[    2.134216] LSM: Security Framework initializing
[    2.135421] Mount-cache hash table entries: 1024 (order: 1, 8192 bytes, linear)
[    2.136254] Mountpoint-cache hash table entries: 1024 (order: 1, 8192 bytes, linear)
[    2.146716] Last level iTLB entries: 4KB 0, 2MB 0, 4MB 0
[    2.147220] Last level dTLB entries: 4KB 0, 2MB 0, 4MB 0, 1GB 0
[    2.148283] Spectre V1 : Mitigation: usercopy/swapgs barriers and __user pointer sanitization
[    2.149223] Spectre V2 : Mitigation: Retpolines
[    2.150219] Spectre V2 : Spectre v2 / SpectreRSB mitigation: Filling RSB on context switch
[    2.151218] Spectre V2 : Spectre v2 / SpectreRSB : Filling RSB on VMEXIT
[    2.152220] Speculative Store Bypass: Vulnerable
[    2.153226] MDS: Vulnerable: Clear CPU buffers attempted, no microcode
[    2.154218] MMIO Stale Data: Unknown: No mitigations
[    2.351522] Freeing SMP alternatives memory: 40K
[    2.460212] smpboot: CPU0: Intel Common KVM processor (family: 0xf, model: 0x6, stepping: 0x1)
[    2.463559] calling  init_hw_perf_events+0x0/0x6ce @ 1
[    2.464300] Performance Events: unsupported Netburst CPU model 6 no PMU driver, software events only.
[    2.465228] initcall init_hw_perf_events+0x0/0x6ce returned 0 after 976 usecs
[    2.466225] calling  init_real_mode+0x0/0x1e9 @ 1
[    2.467735] initcall init_real_mode+0x0/0x1e9 returned 0 after 0 usecs
[    2.468248] calling  trace_init_perf_perm_irq_work_exit+0x0/0x12 @ 1
[    2.469227] initcall trace_init_perf_perm_irq_work_exit+0x0/0x12 returned 0 after 0 usecs
[    2.470248] calling  validate_x2apic+0x0/0x4a @ 1
[    2.471252] initcall validate_x2apic+0x0/0x4a returned 0 after 0 usecs
[    2.472223] calling  register_nmi_cpu_backtrace_handler+0x0/0x15 @ 1
[    2.473242] initcall register_nmi_cpu_backtrace_handler+0x0/0x15 returned 0 after 0 usecs
[    2.474239] calling  kvm_setup_vsyscall_timeinfo+0x0/0xce @ 1
[    2.475225] initcall kvm_setup_vsyscall_timeinfo+0x0/0xce returned 0 after 0 usecs
[    2.476240] calling  spawn_ksoftirqd+0x0/0x38 @ 1
[    2.477314] RCU test callback executed 1
[    2.479348] initcall spawn_ksoftirqd+0x0/0x38 returned 0 after 1953 usecs
[    2.480226] calling  migration_init+0x0/0x33 @ 1
[    2.481227] initcall migration_init+0x0/0x33 returned 0 after 0 usecs
[    2.482223] calling  srcu_bootup_announce+0x0/0x2f @ 1
[    2.483220] rcu: Hierarchical SRCU implementation.
[    2.484225] initcall srcu_bootup_announce+0x0/0x2f returned 0 after 976 usecs
[    2.485223] calling  rcu_spawn_gp_kthread+0x0/0x1dd @ 1
[    2.486429] initcall rcu_spawn_gp_kthread+0x0/0x1dd returned 0 after 0 usecs
[    2.487227] calling  check_cpu_stall_init+0x0/0x1a @ 1
[    2.488226] initcall check_cpu_stall_init+0x0/0x1a returned 0 after 0 usecs
[    2.489228] calling  rcu_sysrq_init+0x0/0x21 @ 1
[    2.490226] initcall rcu_sysrq_init+0x0/0x21 returned 0 after 0 usecs
[    2.491223] calling  trace_init_flags_sys_enter+0x0/0xe @ 1
[    2.492221] initcall trace_init_flags_sys_enter+0x0/0xe returned 0 after 0 usecs
[    2.493223] calling  trace_init_flags_sys_exit+0x0/0xe @ 1
[    2.494225] initcall trace_init_flags_sys_exit+0x0/0xe returned 0 after 0 usecs
[    2.495223] calling  cpu_stop_init+0x0/0x8d @ 1
[    2.497298] initcall cpu_stop_init+0x0/0x8d returned 0 after 976 usecs
[    2.499222] RCU test callback executed 2
[    2.501227] calling  init_kprobes+0x0/0x16e @ 1
[    2.503789] initcall init_kprobes+0x0/0x16e returned 0 after 976 usecs
[    2.504247] calling  init_events+0x0/0x3d @ 1
[    2.505263] initcall init_events+0x0/0x3d returned 0 after 0 usecs
[    2.506229] calling  init_trace_printk+0x0/0xc @ 1
[    2.507313] initcall init_trace_printk+0x0/0xc returned 0 after 0 usecs
[    2.509223] calling  event_trace_enable_again+0x0/0x23 @ 1
[    2.510226] initcall event_trace_enable_again+0x0/0x23 returned 0 after 0 usecs
[    2.511226] calling  static_call_init+0x0/0x79 @ 1
[    2.512225] initcall static_call_init+0x0/0x79 returned 0 after 0 usecs
[    2.513224] calling  jump_label_init_module+0x0/0xc @ 1
[    2.514229] initcall jump_label_init_module+0x0/0xc returned 0 after 0 usecs
[    2.515228] calling  init_zero_pfn+0x0/0x37 @ 1
[    2.516227] initcall init_zero_pfn+0x0/0x37 returned 0 after 0 usecs
[    2.517228] calling  initialize_ptr_random+0x0/0x54 @ 1
[    2.519267] initcall initialize_ptr_random+0x0/0x54 returned 0 after 0 usecs
[    2.520244] calling  efi_memreserve_root_init+0x0/0x25 @ 1
[    2.521239] initcall efi_memreserve_root_init+0x0/0x25 returned 0 after 0 usecs
[    2.522221] calling  efi_earlycon_remap_fb+0x0/0x51 @ 1
[    2.523223] initcall efi_earlycon_remap_fb+0x0/0x51 returned 0 after 0 usecs
[    2.525345] smp: Bringing up secondary CPUs ...
[    2.529779] x86: Booting SMP configuration:
[    2.530221] .... node  #0, CPUs:      #1
[    1.264632] 
[    1.264632] =============================
[    1.264632] WARNING: suspicious RCU usage
[    1.264632] 5.10.158+ #7 Not tainted
[    1.264632] -----------------------------
[    1.264632] kernel/locking/lockdep.c:3621 RCU-list traversed in non-reader section!!
[    1.264632] 
[    1.264632] other info that might help us debug this:
[    1.264632] 
[    1.264632] 
[    1.264632] RCU used illegally from offline CPU!
[    1.264632] rcu_scheduler_active = 1, debug_locks = 1
[    1.264632] no locks held by swapper/1/0.
[    1.264632] 
[    1.264632] stack backtrace:
[    1.264632] CPU: 1 PID: 0 Comm: swapper/1 Not tainted 5.10.158+ #7
[    1.264632] Hardware name: QEMU Standard PC (Q35 + ICH9, 2009), BIOS 1.16.0-debian-1.16.0-4 04/01/2014
[    1.264632] Call Trace:
[    1.264632] 
[    1.264632] =============================
[    1.264632] WARNING: suspicious RCU usage
[    1.264632] 5.10.158+ #7 Not tainted
[    1.264632] -----------------------------
[    1.264632] kernel/kprobes.c:300 RCU-list traversed in non-reader section!!
[    1.264632] 
[    1.264632] other info that might help us debug this:
[    1.264632] 
[    1.264632] 
[    1.264632] RCU used illegally from offline CPU!
[    1.264632] rcu_scheduler_active = 1, debug_locks = 1
[    1.264632] no locks held by swapper/1/0.
[    1.264632] 
[    1.264632] stack backtrace:
[    1.264632] CPU: 1 PID: 0 Comm: swapper/1 Not tainted 5.10.158+ #7
[    1.264632] Hardware name: QEMU Standard PC (Q35 + ICH9, 2009), BIOS 1.16.0-debian-1.16.0-4 04/01/2014
[    1.264632] Call Trace:
[    1.264632]  dump_stack+0x77/0x9b
[    1.264632]  __is_insn_slot_addr+0x156/0x170
[    1.264632]  kernel_text_address+0xb1/0xe0
[    1.264632]  ? get_stack_info+0x2b/0x80
[    1.264632]  __kernel_text_address+0x9/0x40
[    1.264632]  show_trace_log_lvl+0x223/0x2f0
[    1.264632]  ? dump_stack+0x77/0x9b
[    1.264632]  dump_stack+0x77/0x9b
[    1.264632]  __lock_acquire.cold+0x326/0x330
[    1.264632]  lock_acquire+0xbd/0x2a0
[    1.264632]  ? rcu_cpu_starting+0x3c/0xe0
[    1.264632]  _raw_spin_lock_irqsave+0x33/0x50
[    1.264632]  ? rcu_cpu_starting+0x3c/0xe0
[    1.264632]  rcu_cpu_starting+0x3c/0xe0
[    1.264632]  start_secondary+0x1c/0x100
[    1.264632]  secondary_startup_64_no_verify+0xc2/0xcb
[    1.264632]  dump_stack+0x77/0x9b
[    1.264632]  __lock_acquire.cold+0x326/0x330
[    1.264632]  lock_acquire+0xbd/0x2a0
[    1.264632]  ? rcu_cpu_starting+0x3c/0xe0
[    1.264632]  _raw_spin_lock_irqsave+0x33/0x50
[    1.264632]  ? rcu_cpu_starting+0x3c/0xe0
[    1.264632]  rcu_cpu_starting+0x3c/0xe0
[    1.264632]  start_secondary+0x1c/0x100
[    1.264632]  secondary_startup_64_no_verify+0xc2/0xcb
[    1.265632] kvm-clock: cpu 1, msr 971f041, secondary cpu clock
[    2.835511] kvm-guest: stealtime: cpu 1, msr 1f45bb40
[    2.851635]  #2
[    1.265632] kvm-clock: cpu 2, msr 971f081, secondary cpu clock
[    2.875384] kvm-guest: stealtime: cpu 2, msr 1f49bb40
[    2.890516]  #3
[    1.265632] kvm-clock: cpu 3, msr 971f0c1, secondary cpu clock
[    2.912395] kvm-guest: stealtime: cpu 3, msr 1f4dbb40
[    2.927825]  #4
[    1.265632] kvm-clock: cpu 4, msr 971f101, secondary cpu clock
[    2.949397] kvm-guest: stealtime: cpu 4, msr 1f51bb40
[    2.963231]  #5
[    1.265632] kvm-clock: cpu 5, msr 971f141, secondary cpu clock
[    2.986402] kvm-guest: stealtime: cpu 5, msr 1f55bb40
[    3.001241]  #6
[    1.265632] kvm-clock: cpu 6, msr 971f181, secondary cpu clock
[    3.026440] kvm-guest: stealtime: cpu 6, msr 1f59bb40
[    3.043953]  #7
[    1.265632] kvm-clock: cpu 7, msr 971f1c1, secondary cpu clock
[    3.067417] kvm-guest: stealtime: cpu 7, msr 1f5dbb40
[    3.082458] smp: Brought up 1 node, 8 CPUs
[    3.083221] smpboot: Max logical packages: 1
[    3.084219] smpboot: Total of 8 processors activated (31999.98 BogoMIPS)
[    3.090228] devtmpfs: initialized
[    3.092516] calling  ipc_ns_init+0x0/0x3d @ 1
[    3.094306] initcall ipc_ns_init+0x0/0x3d returned 0 after 0 usecs
[    3.095233] calling  init_mmap_min_addr+0x0/0x21 @ 1
[    3.097227] initcall init_mmap_min_addr+0x0/0x21 returned 0 after 0 usecs
[    3.098230] calling  pci_realloc_setup_params+0x0/0x3f @ 1
[    3.099243] initcall pci_realloc_setup_params+0x0/0x3f returned 0 after 0 usecs
[    3.100229] calling  net_ns_init+0x0/0x12a @ 1
[    3.106791] initcall net_ns_init+0x0/0x12a returned 0 after 4882 usecs
[    3.107257] calling  e820__register_nvs_regions+0x0/0x37 @ 1
[    3.108226] initcall e820__register_nvs_regions+0x0/0x37 returned 0 after 0 usecs
[    3.109224] calling  cpufreq_register_tsc_scaling+0x0/0x2e @ 1
[    3.110229] initcall cpufreq_register_tsc_scaling+0x0/0x2e returned 0 after 0 usecs
[    3.111228] calling  reboot_init+0x0/0x3c @ 1
[    3.113222] initcall reboot_init+0x0/0x3c returned 0 after 976 usecs
[    3.114227] calling  init_lapic_sysfs+0x0/0x20 @ 1
[    3.115482] initcall init_lapic_sysfs+0x0/0x20 returned 0 after 0 usecs
[    3.116225] calling  alloc_frozen_cpus+0x0/0x7 @ 1
[    3.117224] initcall alloc_frozen_cpus+0x0/0x7 returned 0 after 0 usecs
[    3.118225] calling  cpu_hotplug_pm_sync_init+0x0/0x13 @ 1
[    3.119247] initcall cpu_hotplug_pm_sync_init+0x0/0x13 returned 0 after 0 usecs
[    3.120225] calling  wq_sysfs_init+0x0/0x2a @ 1
[    3.122375] initcall wq_sysfs_init+0x0/0x2a returned 0 after 976 usecs
[    3.123224] calling  ksysfs_init+0x0/0x92 @ 1
[    3.124301] initcall ksysfs_init+0x0/0x92 returned 0 after 0 usecs
[    3.125223] calling  schedutil_gov_init+0x0/0xc @ 1
[    3.127222] initcall schedutil_gov_init+0x0/0xc returned 0 after 976 usecs
[    3.128224] calling  pm_init+0x0/0x76 @ 1
[    3.129364] initcall pm_init+0x0/0x76 returned 0 after 0 usecs
[    3.130223] calling  pm_disk_init+0x0/0x13 @ 1
[    3.131302] initcall pm_disk_init+0x0/0x13 returned 0 after 0 usecs
[    3.132223] calling  swsusp_header_init+0x0/0x2b @ 1
[    3.133230] initcall swsusp_header_init+0x0/0x2b returned 0 after 0 usecs
[    3.134225] calling  rcu_set_runtime_mode+0x0/0x2a @ 1
[    3.138284] initcall rcu_set_runtime_mode+0x0/0x2a returned 0 after 2929 usecs
[    3.139224] calling  init_jiffies_clocksource+0x0/0x13 @ 1
[    3.140222] clocksource: jiffies: mask: 0xffffffff max_cycles: 0xffffffff, max_idle_ns: 1911260446275000 ns
[    3.141229] initcall init_jiffies_clocksource+0x0/0x13 returned 0 after 976 usecs
[    3.142223] calling  futex_init+0x0/0x118 @ 1
[    3.143225] futex hash table entries: 2048 (order: 6, 262144 bytes, linear)
[    3.144353] initcall futex_init+0x0/0x118 returned 0 after 976 usecs
[    3.145222] calling  cgroup_wq_init+0x0/0x28 @ 1
[    3.146244] initcall cgroup_wq_init+0x0/0x28 returned 0 after 0 usecs
[    3.147223] calling  cgroup1_wq_init+0x0/0x28 @ 1
[    3.148258] initcall cgroup1_wq_init+0x0/0x28 returned 0 after 0 usecs
[    3.149223] calling  init_kprobe_trace_early+0x0/0x2a @ 1
[    3.150355] initcall init_kprobe_trace_early+0x0/0x2a returned 0 after 0 usecs
[    3.151227] calling  fsnotify_init+0x0/0x56 @ 1
[    3.152304] initcall fsnotify_init+0x0/0x56 returned 0 after 0 usecs
[    3.153229] calling  filelock_init+0x0/0xb3 @ 1
[    3.154389] initcall filelock_init+0x0/0xb3 returned 0 after 0 usecs
[    3.155229] calling  init_misc_binfmt+0x0/0x2c @ 1
[    3.156392] initcall init_misc_binfmt+0x0/0x2c returned 0 after 0 usecs
[    3.157224] calling  init_script_binfmt+0x0/0x15 @ 1
[    3.158225] initcall init_script_binfmt+0x0/0x15 returned 0 after 0 usecs
[    3.159224] calling  init_elf_binfmt+0x0/0x15 @ 1
[    3.160227] initcall init_elf_binfmt+0x0/0x15 returned 0 after 0 usecs
[    3.161223] calling  init_compat_elf_binfmt+0x0/0x15 @ 1
[    3.162227] initcall init_compat_elf_binfmt+0x0/0x15 returned 0 after 0 usecs
[    3.163224] calling  debugfs_init+0x0/0x5c @ 1
[    3.165223] initcall debugfs_init+0x0/0x5c returned 0 after 976 usecs
[    3.167224] calling  tracefs_init+0x0/0x3a @ 1
[    3.168312] initcall tracefs_init+0x0/0x3a returned 0 after 0 usecs
[    3.169223] calling  prandom_init_early+0x0/0x15d @ 1
[    3.170226] initcall prandom_init_early+0x0/0x15d returned 0 after 0 usecs
[    3.171273] calling  virtio_init+0x0/0x20 @ 1
[    3.172258] initcall virtio_init+0x0/0x20 returned 0 after 0 usecs
[    3.173234] calling  iommu_init+0x0/0x2a @ 1
[    3.174256] initcall iommu_init+0x0/0x2a returned 0 after 0 usecs
[    3.175222] calling  component_debug_init+0x0/0x1c @ 1
[    3.177556] initcall component_debug_init+0x0/0x1c returned 0 after 976 usecs
[    3.178222] calling  early_resume_init+0x0/0xb9 @ 1
[    3.180218] PM: RTC time: 23:01:24, date: 2022-12-13
[    3.181224] initcall early_resume_init+0x0/0xb9 returned 0 after 1953 usecs
[    3.182225] calling  cpufreq_core_init+0x0/0x62 @ 1
[    3.183307] initcall cpufreq_core_init+0x0/0x62 returned 0 after 0 usecs
[    3.184225] calling  cpufreq_gov_performance_init+0x0/0xc @ 1
[    3.185228] initcall cpufreq_gov_performance_init+0x0/0xc returned 0 after 0 usecs
[    3.186225] calling  cpufreq_gov_userspace_init+0x0/0xc @ 1
[    3.187226] initcall cpufreq_gov_userspace_init+0x0/0xc returned 0 after 0 usecs
[    3.188225] calling  CPU_FREQ_GOV_ONDEMAND_init+0x0/0xc @ 1
[    3.190230] initcall CPU_FREQ_GOV_ONDEMAND_init+0x0/0xc returned 0 after 0 usecs
[    3.191230] calling  cpuidle_init+0x0/0x1f @ 1
[    3.192311] initcall cpuidle_init+0x0/0x1f returned 0 after 0 usecs
[    3.193226] calling  capsule_reboot_register+0x0/0xc @ 1
[    3.194247] initcall capsule_reboot_register+0x0/0xc returned 0 after 0 usecs
[    3.195224] calling  sock_init+0x0/0x93 @ 1
[    3.270769] initcall sock_init+0x0/0x93 returned 0 after 72265 usecs
[    3.278231] calling  net_inuse_init+0x0/0x23 @ 1
[    3.284316] initcall net_inuse_init+0x0/0x23 returned 0 after 0 usecs
[    3.292225] calling  net_defaults_init+0x0/0x23 @ 1
[    3.299229] initcall net_defaults_init+0x0/0x23 returned 0 after 0 usecs
[    3.307223] calling  init_default_flow_dissectors+0x0/0x4f @ 1
[    3.315239] initcall init_default_flow_dissectors+0x0/0x4f returned 0 after 0 usecs
[    3.324222] calling  netpoll_init+0x0/0x44 @ 1
[    3.329227] initcall netpoll_init+0x0/0x44 returned 0 after 0 usecs
[    3.337224] calling  netlink_proto_init+0x0/0x154 @ 1
[    3.344330] NET: Registered protocol family 16
[    3.350504] initcall netlink_proto_init+0x0/0x154 returned 0 after 6835 usecs
[    3.359224] calling  genl_init+0x0/0x35 @ 1
[    3.364356] initcall genl_init+0x0/0x35 returned 0 after 0 usecs
[    3.372243] calling  bsp_pm_check_init+0x0/0x13 @ 1
[    3.378226] initcall bsp_pm_check_init+0x0/0x13 returned 0 after 0 usecs
[    3.386246] calling  irq_sysfs_init+0x0/0xb9 @ 1
[    3.391482] initcall irq_sysfs_init+0x0/0xb9 returned 0 after 976 usecs
[    3.399221] calling  audit_init+0x0/0x127 @ 1
[    3.404227] audit: initializing netlink subsys (disabled)
[    3.412558] initcall audit_init+0x0/0x127 returned 0 after 7812 usecs
[    3.412424] audit: type=2000 audit(1670972483.600:1): state=initialized audit_enabled=0 res=1
[    3.420223] calling  release_early_probes+0x0/0x32 @ 1
[    3.420228] initcall release_early_probes+0x0/0x32 returned 0 after 0 usecs
[    3.445236] calling  bdi_class_init+0x0/0x48 @ 1
[    3.451930] initcall bdi_class_init+0x0/0x48 returned 0 after 976 usecs
[    3.460224] calling  mm_sysfs_init+0x0/0x28 @ 1
[    3.465232] initcall mm_sysfs_init+0x0/0x28 returned 0 after 0 usecs
[    3.473241] calling  init_per_zone_wmark_min+0x0/0x6d @ 1
[    3.479258] initcall init_per_zone_wmark_min+0x0/0x6d returned 0 after 0 usecs
[    3.488221] calling  mpi_init+0x0/0x3e @ 1
[    3.493244] initcall mpi_init+0x0/0x3e returned 0 after 0 usecs
[    3.500220] calling  kobject_uevent_init+0x0/0xc @ 1
[    3.506255] initcall kobject_uevent_init+0x0/0xc returned 0 after 0 usecs
[    3.514224] calling  pcibus_class_init+0x0/0x13 @ 1
[    3.520222] initcall pcibus_class_init+0x0/0x13 returned 0 after 0 usecs
[    3.528223] calling  pci_driver_init+0x0/0x21 @ 1
[    3.534291] initcall pci_driver_init+0x0/0x21 returned 0 after 0 usecs
[    3.542223] calling  backlight_class_init+0x0/0xa8 @ 1
[    3.548257] initcall backlight_class_init+0x0/0xa8 returned 0 after 0 usecs
[    3.556223] calling  tty_class_init+0x0/0x33 @ 1
[    3.562237] initcall tty_class_init+0x0/0x33 returned 0 after 0 usecs
[    3.570377] calling  vtconsole_class_init+0x0/0xb5 @ 1
[    3.576609] initcall vtconsole_class_init+0x0/0xb5 returned 0 after 976 usecs
[    3.585223] calling  iommu_dev_init+0x0/0x13 @ 1
[    3.591253] initcall iommu_dev_init+0x0/0x13 returned 0 after 0 usecs
[    3.599221] calling  mipi_dsi_bus_init+0x0/0xc @ 1
[    3.605248] initcall mipi_dsi_bus_init+0x0/0xc returned 0 after 0 usecs
[    3.613222] calling  devlink_class_init+0x0/0x40 @ 1
[    3.619272] initcall devlink_class_init+0x0/0x40 returned 0 after 0 usecs
[    3.627222] calling  software_node_init+0x0/0x2a @ 1
[    3.633232] initcall software_node_init+0x0/0x2a returned 0 after 0 usecs
[    3.642224] calling  wakeup_sources_debugfs_init+0x0/0x23 @ 1
[    3.649248] initcall wakeup_sources_debugfs_init+0x0/0x23 returned 0 after 0 usecs
[    3.658222] calling  wakeup_sources_sysfs_init+0x0/0x2c @ 1
[    3.665243] initcall wakeup_sources_sysfs_init+0x0/0x2c returned 0 after 0 usecs
[    3.674223] calling  register_node_type+0x0/0x13 @ 1
[    3.680293] initcall register_node_type+0x0/0x13 returned 0 after 0 usecs
[    3.689223] calling  regmap_initcall+0x0/0xc @ 1
[    3.694354] initcall regmap_initcall+0x0/0xc returned 0 after 0 usecs
[    3.702229] calling  i2c_init+0x0/0xb3 @ 1
[    3.707494] initcall i2c_init+0x0/0xb3 returned 0 after 0 usecs
[    3.714223] calling  thermal_init+0x0/0x116 @ 1
[    3.720377] thermal_sys: Registered thermal governor 'step_wise'
[    3.720380] thermal_sys: Registered thermal governor 'user_space'
[    3.727240] initcall thermal_init+0x0/0x116 returned 0 after 6835 usecs
[    3.743224] calling  init_menu+0x0/0xc @ 1
[    3.750561] cpuidle: using governor menu
[    3.755225] initcall init_menu+0x0/0xc returned 0 after 5859 usecs
[    3.763225] calling  pcc_init+0x0/0x4d @ 1
[    3.768248] initcall pcc_init+0x0/0x4d returned -19 after 0 usecs
[    3.776223] calling  amd_postcore_init+0x0/0x11e @ 1
[    3.782224] initcall amd_postcore_init+0x0/0x11e returned 0 after 0 usecs
[    3.791260] calling  bts_init+0x0/0xba @ 1
[    3.796224] initcall bts_init+0x0/0xba returned -19 after 0 usecs
[    3.804257] calling  pt_init+0x0/0x34d @ 1
[    3.809228] initcall pt_init+0x0/0x34d returned -19 after 0 usecs
[    3.817226] calling  boot_params_ksysfs_init+0x0/0x2ee @ 1
[    3.823376] initcall boot_params_ksysfs_init+0x0/0x2ee returned 0 after 976 usecs
[    3.832224] calling  sbf_init+0x0/0xea @ 1
[    3.834224] initcall sbf_init+0x0/0xea returned 0 after 0 usecs
[    3.840227] calling  arch_kdebugfs_init+0x0/0x219 @ 1
[    3.846857] initcall arch_kdebugfs_init+0x0/0x219 returned 0 after 4882 usecs
[    3.855224] calling  intel_pconfig_init+0x0/0x85 @ 1
[    3.862223] initcall intel_pconfig_init+0x0/0x85 returned 0 after 0 usecs
[    3.870224] calling  mtrr_if_init+0x0/0x5d @ 1
[    3.875288] initcall mtrr_if_init+0x0/0x5d returned 0 after 0 usecs
[    3.883223] calling  activate_jump_labels+0x0/0x31 @ 1
[    3.889225] initcall activate_jump_labels+0x0/0x31 returned 0 after 0 usecs
[    3.898224] calling  ffh_cstate_init+0x0/0x29 @ 1
[    3.904236] initcall ffh_cstate_init+0x0/0x29 returned 0 after 0 usecs
[    3.913226] calling  activate_jump_labels+0x0/0x31 @ 1
[    3.920224] initcall activate_jump_labels+0x0/0x31 returned 0 after 976 usecs
[    3.928224] calling  kvm_alloc_cpumask+0x0/0x74 @ 1
[    3.934270] initcall kvm_alloc_cpumask+0x0/0x74 returned 0 after 0 usecs
[    3.942226] calling  kcmp_cookies_init+0x0/0x37 @ 1
[    3.945233] initcall kcmp_cookies_init+0x0/0x37 returned 0 after 0 usecs
[    3.954226] calling  cryptomgr_init+0x0/0xc @ 1
[    3.961453] initcall cryptomgr_init+0x0/0xc returned 0 after 0 usecs
[    3.968227] calling  acpi_pci_init+0x0/0x57 @ 1
[    3.975238] ACPI: bus type PCI registered
[    3.983227] initcall acpi_pci_init+0x0/0x57 returned 0 after 7812 usecs
[    3.990238] calling  dma_channel_table_init+0x0/0xd1 @ 1
[    3.998251] initcall dma_channel_table_init+0x0/0xd1 returned 0 after 0 usecs
[    4.007236] calling  dma_bus_init+0x0/0xdc @ 1
[    4.017232] initcall dma_bus_init+0x0/0xdc returned 0 after 3906 usecs
[    4.022987] calling  iommu_dma_init+0x0/0x10 @ 1
[    4.030459] initcall iommu_dma_init+0x0/0x10 returned 0 after 0 usecs
[    4.038231] calling  dmi_id_init+0x0/0x37c @ 1
[    4.047446] initcall dmi_id_init+0x0/0x37c returned 0 after 3906 usecs
[    4.057699] calling  pci_arch_init+0x0/0x71 @ 1
[    4.065670] PCI: MMCONFIG for domain 0000 [bus 00-ff] at [mem 0xb0000000-0xbfffffff] (base 0xb0000000)
[    4.079238] PCI: MMCONFIG at [mem 0xb0000000-0xbfffffff] reserved in E820
[    4.089511] PCI: Using configuration type 1 for base access
[    4.099444] initcall pci_arch_init+0x0/0x71 returned 0 after 34179 usecs
[    4.109262] calling  init_vdso+0x0/0x13 @ 1
[    4.115495] initcall init_vdso+0x0/0x13 returned 0 after 0 usecs
[    4.125232] calling  sysenter_setup+0x0/0x13 @ 1
[    4.132563] initcall sysenter_setup+0x0/0x13 returned 0 after 0 usecs
[    4.134229] calling  fixup_ht_bug+0x0/0xe5 @ 1
[    4.134229] initcall fixup_ht_bug+0x0/0xe5 returned 0 after 0 usecs
[    4.136746] calling  topology_init+0x0/0x88 @ 1
[    4.144259] initcall topology_init+0x0/0x88 returned 0 after 2929 usecs
[    4.148232] calling  intel_epb_init+0x0/0x68 @ 1
[    4.152266] initcall intel_epb_init+0x0/0x68 returned -19 after 0 usecs
[    4.160238] calling  mtrr_init_finialize+0x0/0x3e @ 1
[    4.164235] initcall mtrr_init_finialize+0x0/0x3e returned 0 after 0 usecs
[    4.171235] calling  uid_cache_init+0x0/0x85 @ 1
[    4.174679] initcall uid_cache_init+0x0/0x85 returned 0 after 0 usecs
[    4.180231] calling  param_sysfs_init+0x0/0x1ba @ 1
[    4.211595] initcall param_sysfs_init+0x0/0x1ba returned 0 after 25390 usecs
[    4.215232] calling  user_namespace_sysctl_init+0x0/0x33 @ 1
[    4.219247] initcall user_namespace_sysctl_init+0x0/0x33 returned 0 after 0 usecs
[    4.224227] calling  proc_schedstat_init+0x0/0x24 @ 1
[    4.226242] initcall proc_schedstat_init+0x0/0x24 returned 0 after 0 usecs
[    4.231225] calling  pm_sysrq_init+0x0/0x18 @ 1
[    4.255285] initcall pm_sysrq_init+0x0/0x18 returned 0 after 18554 usecs
[    4.263364] calling  create_proc_profile+0x0/0xd0 @ 1
[    4.267228] initcall create_proc_profile+0x0/0xd0 returned 0 after 0 usecs
[    4.275226] calling  time_ns_init+0x0/0x7 @ 1
[    4.279226] initcall time_ns_init+0x0/0x7 returned 0 after 0 usecs
[    4.286225] calling  crash_save_vmcoreinfo_init+0x0/0x722 @ 1
[    4.292890] initcall crash_save_vmcoreinfo_init+0x0/0x722 returned 0 after 1953 usecs
[    4.300224] calling  crash_notes_memory_init+0x0/0x35 @ 1
[    4.305236] initcall crash_notes_memory_init+0x0/0x35 returned 0 after 0 usecs
[    4.313228] calling  cgroup_sysfs_init+0x0/0x13 @ 1
[    4.318243] initcall cgroup_sysfs_init+0x0/0x13 returned 0 after 0 usecs
[    4.327212] calling  cgroup_namespaces_init+0x0/0x7 @ 1
[    4.340692] initcall cgroup_namespaces_init+0x0/0x7 returned 0 after 1953 usecs
[    4.346229] calling  init_optprobes+0x0/0x13 @ 1
[    4.384212] Kprobes globally optimized
[    4.390406] initcall init_optprobes+0x0/0x13 returned 0 after 40039 usecs
[    4.398506] calling  oom_init+0x0/0x2f @ 1
[    4.435464] initcall oom_init+0x0/0x2f returned 0 after 31250 usecs
[    4.445236] calling  default_bdi_init+0x0/0xb3 @ 1
[    4.484879] initcall default_bdi_init+0x0/0xb3 returned 0 after 32226 usecs
[    4.493228] calling  percpu_enable_async+0x0/0xe @ 1
[    4.498228] initcall percpu_enable_async+0x0/0xe returned 0 after 0 usecs
[    4.507225] calling  kcompactd_init+0x0/0x8d @ 1
[    4.520825] initcall kcompactd_init+0x0/0x8d returned 0 after 6835 usecs
[    4.531212] calling  init_user_reserve+0x0/0x40 @ 1
[    4.537311] initcall init_user_reserve+0x0/0x40 returned 0 after 976 usecs
[    4.546225] calling  init_admin_reserve+0x0/0x40 @ 1
[    4.551225] initcall init_admin_reserve+0x0/0x40 returned 0 after 0 usecs
[    4.559597] calling  init_reserve_notifier+0x0/0x7 @ 1
[    4.568418] initcall init_reserve_notifier+0x0/0x7 returned 0 after 0 usecs
[    4.577226] calling  swap_init_sysfs+0x0/0x62 @ 1
[    4.583383] initcall swap_init_sysfs+0x0/0x62 returned 0 after 0 usecs
[    4.591244] calling  swapfile_init+0x0/0x94 @ 1
[    4.596229] initcall swapfile_init+0x0/0x94 returned 0 after 0 usecs
[    4.604223] calling  hugetlb_init+0x0/0x49e @ 1
[    4.604774] HugeTLB registered 2.00 MiB page size, pre-allocated 0 pages
[    4.614857] initcall hugetlb_init+0x0/0x49e returned 0 after 11718 usecs
[    4.622224] calling  io_wq_init+0x0/0x34 @ 1
[    4.629518] initcall io_wq_init+0x0/0x34 returned 0 after 0 usecs
[    4.637226] calling  seqiv_module_init+0x0/0xc @ 1
[    4.646222] initcall seqiv_module_init+0x0/0xc returned 0 after 976 usecs
[    4.655707] calling  echainiv_module_init+0x0/0xc @ 1
[    4.662229] initcall echainiv_module_init+0x0/0xc returned 0 after 0 usecs
[    4.670896] calling  rsa_init+0x0/0x50 @ 1
[    4.683810] initcall rsa_init+0x0/0x50 returned 0 after 6835 usecs
[    4.689855] cryptomgr_test (68) used greatest stack depth: 14864 bytes left
[    4.691227] calling  crypto_cmac_module_init+0x0/0xc @ 1
[    4.691233] initcall crypto_cmac_module_init+0x0/0xc returned 0 after 0 usecs
[    4.691235] calling  hmac_module_init+0x0/0xc @ 1
[    4.691239] initcall hmac_module_init+0x0/0xc returned 0 after 0 usecs
[    4.691241] calling  crypto_null_mod_init+0x0/0x65 @ 1
[    4.709834] initcall crypto_null_mod_init+0x0/0x65 returned 0 after 17578 usecs
[    4.744229] calling  md5_mod_init+0x0/0xc @ 1
[    4.753369] initcall md5_mod_init+0x0/0xc returned 0 after 2929 usecs
[    4.762234] calling  sha256_generic_mod_init+0x0/0x11 @ 1
[    4.782826] initcall sha256_generic_mod_init+0x0/0x11 returned 0 after 15625 usecs
[    4.793230] calling  crypto_cbc_module_init+0x0/0xc @ 1
[    4.800228] initcall crypto_cbc_module_init+0x0/0xc returned 0 after 0 usecs
[    4.809228] calling  crypto_ctr_module_init+0x0/0x11 @ 1
[    4.815227] initcall crypto_ctr_module_init+0x0/0x11 returned 0 after 0 usecs
[    4.824224] calling  crypto_gcm_module_init+0x0/0x64 @ 1
[    4.830609] initcall crypto_gcm_module_init+0x0/0x64 returned 0 after 976 usecs
[    4.840225] calling  crypto_ccm_module_init+0x0/0x11 @ 1
[    4.847227] initcall crypto_ccm_module_init+0x0/0x11 returned 0 after 0 usecs
[    4.856223] calling  aes_init+0x0/0xc @ 1
[    4.864337] initcall aes_init+0x0/0xc returned 0 after 2929 usecs
[    4.875235] calling  crc32c_mod_init+0x0/0xc @ 1
[    4.885470] initcall crc32c_mod_init+0x0/0xc returned 0 after 3906 usecs
[    4.895233] calling  crypto_authenc_module_init+0x0/0xc @ 1
[    4.899235] initcall crypto_authenc_module_init+0x0/0xc returned 0 after 0 usecs
[    4.910330] calling  crypto_authenc_esn_module_init+0x0/0xc @ 1
[    4.918231] initcall crypto_authenc_esn_module_init+0x0/0xc returned 0 after 0 usecs
[    4.930227] calling  drbg_init+0x0/0x7c @ 1
[    4.989235] initcall drbg_init+0x0/0x7c returned 0 after 51757 usecs
[    4.998233] calling  ghash_mod_init+0x0/0xc @ 1
[    5.011358] initcall ghash_mod_init+0x0/0xc returned 0 after 5859 usecs
[    5.021235] calling  init_bio+0x0/0x9a @ 1
[    5.032226] initcall init_bio+0x0/0x9a returned 0 after 4882 usecs
[    5.041361] calling  blk_settings_init+0x0/0x29 @ 1
[    5.047266] initcall blk_settings_init+0x0/0x29 returned 0 after 0 usecs
[    5.057226] calling  blk_ioc_init+0x0/0x29 @ 1
[    5.063315] initcall blk_ioc_init+0x0/0x29 returned 0 after 0 usecs
[    5.073226] calling  blk_mq_init+0x0/0xb9 @ 1
[    5.079368] initcall blk_mq_init+0x0/0xb9 returned 0 after 0 usecs
[    5.089226] calling  genhd_device_init+0x0/0x75 @ 1
[    5.104793] initcall genhd_device_init+0x0/0x75 returned 0 after 7812 usecs
[    5.115353] calling  pci_slot_init+0x0/0x40 @ 1
[    5.122524] initcall pci_slot_init+0x0/0x40 returned 0 after 0 usecs
[    5.132225] calling  fbmem_init+0x0/0xd8 @ 1
[    5.141674] initcall fbmem_init+0x0/0xd8 returned 0 after 2929 usecs
[    5.150224] calling  acpi_init+0x0/0x319 @ 1
[    5.157784] ACPI: Added _OSI(Module Device)
[    5.160222] ACPI: Added _OSI(Processor Device)
[    5.162221] ACPI: Added _OSI(3.0 _SCP Extensions)
[    5.166225] ACPI: Added _OSI(Processor Aggregator Device)
[    5.174226] ACPI: Added _OSI(Linux-Dell-Video)
[    5.179224] ACPI: Added _OSI(Linux-Lenovo-NV-HDMI-Audio)
[    5.185220] ACPI: Added _OSI(Linux-HPI-Hybrid-Graphics)
[    5.208444] ACPI: 1 ACPI AML tables successfully acquired and loaded
[    5.314460] ACPI: Interpreter enabled
[    5.321949] ACPI: (supports S0 S3 S4 S5)
[    5.327449] ACPI: Using IOAPIC for interrupt routing
[    5.334885] PCI: Using host bridge windows from ACPI; if necessary, use "pci=nocrs" and report a bug
[    5.347881] ACPI: Enabled 2 GPEs in block 00 to 3F
[    5.387836] ACPI: PCI Root Bridge [PCI0] (domain 0000 [bus 00-ff])
[    5.397525] acpi PNP0A08:00: _OSC: OS supports [ExtendedConfig ASPM ClockPM Segments MSI HPX-Type3]
[    5.408936] acpi PNP0A08:00: _OSC: platform does not support [LTR]
[    5.417473] acpi PNP0A08:00: _OSC: OS now controls [PME PCIeCapability]
[    5.428068] PCI host bridge to bus 0000:00
[    5.433387] pci_bus 0000:00: root bus resource [io  0x0000-0x0cf7 window]
[    5.441248] pci_bus 0000:00: root bus resource [io  0x0d00-0xffff window]
[    5.450223] pci_bus 0000:00: root bus resource [mem 0x000a0000-0x000bffff window]
[    5.459223] pci_bus 0000:00: root bus resource [mem 0x20000000-0xafffffff window]
[    5.468224] pci_bus 0000:00: root bus resource [mem 0xc0000000-0xfebfffff window]
[    5.478224] pci_bus 0000:00: root bus resource [mem 0x100000000-0x8ffffffff window]
[    5.488230] pci_bus 0000:00: root bus resource [bus 00-ff]
[    5.497863] pci 0000:00:00.0: calling  quirk_mmio_always_on+0x0/0x10 @ 1
[    5.508493] pci 0000:00:00.0: quirk_mmio_always_on+0x0/0x10 took 0 usecs
[    5.517247] pci 0000:00:00.0: [8086:29c0] type 00 class 0x060000
[    5.527970] pci 0000:00:00.0: calling  quirk_igfx_skip_te_disable+0x0/0x80 @ 1
[    5.536286] pci 0000:00:00.0: quirk_igfx_skip_te_disable+0x0/0x80 took 0 usecs
[    5.547874] pci 0000:00:01.0: [1234:1111] type 00 class 0x030000
[    5.565212] pci 0000:00:01.0: reg 0x10: [mem 0xfd000000-0xfdffffff pref]
[    5.597212] pci 0000:00:01.0: reg 0x18: [mem 0xfebf0000-0xfebf0fff]
[    5.665212] pci 0000:00:01.0: reg 0x30: [mem 0xfebe0000-0xfebeffff pref]
[    5.680212] pci 0000:00:01.0: calling  efifb_fixup_resources+0x0/0xf0 @ 1
[    5.689330] pci 0000:00:01.0: efifb_fixup_resources+0x0/0xf0 took 0 usecs
[    5.716328] pci 0000:00:1f.0: [8086:2918] type 00 class 0x060100
[    5.728591] pci 0000:00:1f.0: calling  quirk_ich7_lpc+0x0/0x60 @ 1
[    5.736601] pci 0000:00:1f.0: quirk: [io  0x0600-0x067f] claimed by ICH6 ACPI/GPIO/TCO
[    5.747223] pci 0000:00:1f.0: quirk_ich7_lpc+0x0/0x60 took 10742 usecs
[    5.754435] pci 0000:00:1f.0: calling  quirk_igfx_skip_te_disable+0x0/0x80 @ 1
[    5.764246] pci 0000:00:1f.0: quirk_igfx_skip_te_disable+0x0/0x80 took 0 usecs
[    5.777623] pci 0000:00:1f.2: [8086:2922] type 00 class 0x010601
[    5.804223] pci 0000:00:1f.2: reg 0x20: [io  0xc040-0xc05f]
[    5.813221] pci 0000:00:1f.2: reg 0x24: [mem 0xfebf1000-0xfebf1fff]
[    5.823420] pci 0000:00:1f.2: calling  quirk_igfx_skip_te_disable+0x0/0x80 @ 1
[    5.832229] pci 0000:00:1f.2: quirk_igfx_skip_te_disable+0x0/0x80 took 0 usecs
[    5.845554] pci 0000:00:1f.3: [8086:2930] type 00 class 0x0c0500
[    5.859544] pci 0000:00:1f.3: reg 0x20: [io  0x0700-0x073f]
[    5.868414] pci 0000:00:1f.3: calling  quirk_igfx_skip_te_disable+0x0/0x80 @ 1
[    5.877244] pci 0000:00:1f.3: quirk_igfx_skip_te_disable+0x0/0x80 took 0 usecs
[    5.896433] ACPI: PCI Interrupt Link [LNKA] (IRQs 5 *10 11)
[    5.904741] ACPI: PCI Interrupt Link [LNKB] (IRQs 5 *10 11)
[    5.911751] ACPI: PCI Interrupt Link [LNKC] (IRQs 5 10 *11)
[    5.919425] ACPI: PCI Interrupt Link [LNKD] (IRQs 5 10 *11)
[    5.926776] ACPI: PCI Interrupt Link [LNKE] (IRQs 5 *10 11)
[    5.934220] ACPI: PCI Interrupt Link [LNKF] (IRQs 5 *10 11)
[    5.941638] ACPI: PCI Interrupt Link [LNKG] (IRQs 5 10 *11)
[    5.948730] ACPI: PCI Interrupt Link [LNKH] (IRQs 5 10 *11)
[    5.955544] ACPI: PCI Interrupt Link [GSIA] (IRQs *16)
[    5.962270] ACPI: PCI Interrupt Link [GSIB] (IRQs *17)
[    5.968271] ACPI: PCI Interrupt Link [GSIC] (IRQs *18)
[    5.974321] ACPI: PCI Interrupt Link [GSID] (IRQs *19)
[    5.982305] ACPI: PCI Interrupt Link [GSIE] (IRQs *20)
[    5.988283] ACPI: PCI Interrupt Link [GSIF] (IRQs *21)
[    5.994274] ACPI: PCI Interrupt Link [GSIG] (IRQs *22)
[    6.001246] ACPI: PCI Interrupt Link [GSIH] (IRQs *23)
[    6.014220] initcall acpi_init+0x0/0x319 returned 0 after 839843 usecs
[    6.022349] calling  pnp_init+0x0/0xc @ 1
[    6.027274] initcall pnp_init+0x0/0xc returned 0 after 0 usecs
[    6.034228] calling  misc_init+0x0/0xbf @ 1
[    6.040400] initcall misc_init+0x0/0xbf returned 0 after 0 usecs
[    6.047258] calling  iommu_subsys_init+0x0/0x4e @ 1
[    6.053539] iommu: Default domain type: Translated 
[    6.060242] initcall iommu_subsys_init+0x0/0x4e returned 0 after 6835 usecs
[    6.068240] calling  vga_arb_device_init+0x0/0x261 @ 1
[    6.078739] pci 0000:00:01.0: vgaarb: setting as boot VGA device
[    6.079212] pci 0000:00:01.0: vgaarb: VGA device added: decodes=io+mem,owns=io+mem,locks=none
[    6.097228] pci 0000:00:01.0: vgaarb: bridge control possible
[    6.104247] vgaarb: loaded
[    6.107240] initcall vga_arb_device_init+0x0/0x261 returned 0 after 31250 usecs
[    6.116300] calling  cn_init+0x0/0xf0 @ 1
[    6.122743] initcall cn_init+0x0/0xf0 returned 0 after 976 usecs
[    6.132333] calling  dma_buf_init+0x0/0xad @ 1
[    6.139358] initcall dma_buf_init+0x0/0xad returned 0 after 976 usecs
[    6.147229] calling  dma_resv_lockdep+0x0/0x281 @ 1
[    6.155948] initcall dma_resv_lockdep+0x0/0x281 returned 0 after 1953 usecs
[    6.164225] calling  init_scsi+0x0/0x79 @ 1
[    6.171326] SCSI subsystem initialized
[    6.176224] initcall init_scsi+0x0/0x79 returned 0 after 5859 usecs
[    6.183224] calling  ata_init+0x0/0x332 @ 1
[    6.191550] libata version 3.00 loaded.
[    6.196225] initcall ata_init+0x0/0x332 returned 0 after 7812 usecs
[    6.204224] calling  phy_init+0x0/0x250 @ 1
[    6.210275] initcall phy_init+0x0/0x250 returned 0 after 976 usecs
[    6.218225] calling  init_pcmcia_cs+0x0/0x35 @ 1
[    6.224359] initcall init_pcmcia_cs+0x0/0x35 returned 0 after 0 usecs
[    6.232227] calling  usb_common_init+0x0/0x1c @ 1
[    6.239308] initcall usb_common_init+0x0/0x1c returned 0 after 0 usecs
[    6.247225] calling  usb_init+0x0/0x12e @ 1
[    6.253340] ACPI: bus type USB registered
[    6.260343] usbcore: registered new interface driver usbfs
[    6.268353] usbcore: registered new interface driver hub
[    6.275293] usbcore: registered new device driver usb
[    6.281231] initcall usb_init+0x0/0x12e returned 0 after 27343 usecs
[    6.289227] calling  serio_init+0x0/0x29 @ 1
[    6.294271] initcall serio_init+0x0/0x29 returned 0 after 0 usecs
[    6.301226] calling  input_init+0x0/0xf6 @ 1
[    6.307364] initcall input_init+0x0/0xf6 returned 0 after 0 usecs
[    6.315228] calling  rtc_init+0x0/0x4d @ 1
[    6.320318] initcall rtc_init+0x0/0x4d returned 0 after 976 usecs
[    6.328222] calling  pps_init+0x0/0xa9 @ 1
[    6.332296] pps_core: LinuxPPS API ver. 1 registered
[    6.338218] pps_core: Software ver. 5.3.6 - Copyright 2005-2007 Rodolfo Giometti <giometti@linux.it>
[    6.349223] initcall pps_init+0x0/0xa9 returned 0 after 16601 usecs
[    6.356222] calling  ptp_init+0x0/0x98 @ 1
[    6.361229] PTP clock support registered
[    6.365222] initcall ptp_init+0x0/0x98 returned 0 after 3906 usecs
[    6.372221] calling  power_supply_class_init+0x0/0x3f @ 1
[    6.379223] initcall power_supply_class_init+0x0/0x3f returned 0 after 0 usecs
[    6.387222] calling  hwmon_init+0x0/0x104 @ 1
[    6.393243] initcall hwmon_init+0x0/0x104 returned 0 after 0 usecs
[    6.400222] calling  md_init+0x0/0x16b @ 1
[    6.407222] initcall md_init+0x0/0x16b returned 0 after 1953 usecs
[    6.414223] calling  leds_init+0x0/0x3b @ 1
[    6.419257] initcall leds_init+0x0/0x3b returned 0 after 0 usecs
[    6.426222] calling  dmi_init+0x0/0x113 @ 1
[    6.431588] initcall dmi_init+0x0/0x113 returned 0 after 976 usecs
[    6.440222] calling  efisubsys_init+0x0/0x4e7 @ 1
[    6.445352] initcall efisubsys_init+0x0/0x4e7 returned 0 after 0 usecs
[    6.453225] calling  nvmem_init+0x0/0xc @ 1
[    6.458493] initcall nvmem_init+0x0/0xc returned 0 after 0 usecs
[    6.465222] calling  init_soundcore+0x0/0x33 @ 1
[    6.471986] initcall init_soundcore+0x0/0x33 returned 0 after 0 usecs
[    6.479221] calling  alsa_sound_init+0x0/0x8f @ 1
[    6.486076] Advanced Linux Sound Architecture Driver Initialized.
[    6.493225] initcall alsa_sound_init+0x0/0x8f returned 0 after 7812 usecs
[    6.501224] calling  alsa_seq_device_init+0x0/0x71 @ 1
[    6.508462] initcall alsa_seq_device_init+0x0/0x71 returned 0 after 0 usecs
[    6.516222] calling  hda_bus_init+0x0/0xc @ 1
[    6.521270] initcall hda_bus_init+0x0/0xc returned 0 after 0 usecs
[    6.528219] calling  proto_init+0x0/0xc @ 1
[    6.533318] initcall proto_init+0x0/0xc returned 0 after 0 usecs
[    6.540219] calling  net_dev_init+0x0/0x27f @ 1
[    6.551115] initcall net_dev_init+0x0/0x27f returned 0 after 5859 usecs
[    6.558222] calling  neigh_init+0x0/0x84 @ 1
[    6.563225] initcall neigh_init+0x0/0x84 returned 0 after 0 usecs
[    6.570219] calling  fib_notifier_init+0x0/0xc @ 1
[    6.576303] initcall fib_notifier_init+0x0/0xc returned 0 after 0 usecs
[    6.584220] calling  fib_rules_init+0x0/0xab @ 1
[    6.589363] initcall fib_rules_init+0x0/0xab returned 0 after 0 usecs
[    6.596220] calling  pktsched_init+0x0/0x10e @ 1
[    6.602385] initcall pktsched_init+0x0/0x10e returned 0 after 0 usecs
[    6.609219] calling  tc_filter_init+0x0/0xfa @ 1
[    6.615223] initcall tc_filter_init+0x0/0xfa returned 0 after 0 usecs
[    6.622353] calling  tc_action_init+0x0/0x54 @ 1
[    6.628223] initcall tc_action_init+0x0/0x54 returned 0 after 0 usecs
[    6.635219] calling  ethnl_init+0x0/0x52 @ 1
[    6.640503] initcall ethnl_init+0x0/0x52 returned 0 after 0 usecs
[    6.647223] calling  nexthop_init+0x0/0xd8 @ 1
[    6.654302] initcall nexthop_init+0x0/0xd8 returned 0 after 0 usecs
[    6.661222] calling  cipso_v4_init+0x0/0x8d @ 1
[    6.667891] initcall cipso_v4_init+0x0/0x8d returned 0 after 0 usecs
[    6.675254] calling  ieee80211_init+0x0/0x24 @ 1
[    6.680739] initcall ieee80211_init+0x0/0x24 returned 0 after 976 usecs
[    6.688222] calling  netlbl_init+0x0/0x78 @ 1
[    6.692522] NetLabel: Initializing
[    6.697218] NetLabel:  domain hash size = 128
[    6.702224] NetLabel:  protocols = UNLABELED CIPSOv4 CALIPSO
[    6.709976] NetLabel:  unlabeled traffic allowed by default
[    6.716224] initcall netlbl_init+0x0/0x78 returned 0 after 23437 usecs
[    6.723356] calling  rfkill_init+0x0/0x136 @ 1
[    6.729529] initcall rfkill_init+0x0/0x136 returned 0 after 976 usecs
[    6.737240] calling  pci_subsys_init+0x0/0x66 @ 1
[    6.743340] PCI: Using ACPI for IRQ routing
[    7.462212] PCI: pci_cache_line_size set to 64 bytes
[    7.472832] e820: reserve RAM buffer [mem 0x0009fc00-0x0009ffff]
[    7.482533] e820: reserve RAM buffer [mem 0x1ffdf000-0x1fffffff]
[    7.489891] initcall pci_subsys_init+0x0/0x66 returned 0 after 728515 usecs
[    7.499841] calling  nmi_warning_debugfs+0x0/0x26 @ 1
[    7.507999] initcall nmi_warning_debugfs+0x0/0x26 returned 0 after 1953 usecs
[    7.517257] calling  save_microcode_in_initrd+0x0/0x51 @ 1
[    7.525565] initcall save_microcode_in_initrd+0x0/0x51 returned 0 after 0 usecs
[    7.536230] calling  hpet_late_init+0x0/0x207 @ 1
[    7.545395] hpet: 3 channels of 0 reserved for per-cpu timers
[    7.552658] hpet0: at MMIO 0xfed00000, IRQs 2, 8, 0
[    7.560223] hpet0: 3 comparators, 64-bit 100.000000 MHz counter
[    7.572226] initcall hpet_late_init+0x0/0x207 returned 0 after 28320 usecs
[    7.580226] calling  init_amd_nbs+0x0/0x11c @ 1
[    7.586304] initcall init_amd_nbs+0x0/0x11c returned 0 after 0 usecs
[    7.594247] calling  clocksource_done_booting+0x0/0x43 @ 1
[    7.607385] clocksource: Switched to clocksource kvm-clock
[    7.616949] initcall clocksource_done_booting+0x0/0x43 returned 0 after 15357 usecs
[    7.628035] calling  tracer_init_tracefs+0x0/0x248 @ 1
[    8.136718] initcall tracer_init_tracefs+0x0/0x248 returned 0 after 489370 usecs
[    8.145590] calling  init_trace_printk_function_export+0x0/0x2c @ 1
[    8.153090] initcall init_trace_printk_function_export+0x0/0x2c returned 0 after 17 usecs
[    8.162732] calling  init_kprobe_trace+0x0/0x1ab @ 1
[    8.168971] initcall init_kprobe_trace+0x0/0x1ab returned 0 after 27 usecs
[    8.177403] calling  init_dynamic_event+0x0/0x3d @ 1
[    8.183420] initcall init_dynamic_event+0x0/0x3d returned 0 after 13 usecs
[    8.191689] calling  init_uprobe_trace+0x0/0x5c @ 1
[    8.197567] initcall init_uprobe_trace+0x0/0x5c returned 0 after 69 usecs
[    8.205790] calling  init_pipe_fs+0x0/0x44 @ 1
[    8.211950] initcall init_pipe_fs+0x0/0x44 returned 0 after 432 usecs
[    8.219684] calling  inotify_user_setup+0x0/0x47 @ 1
[    8.226143] initcall inotify_user_setup+0x0/0x47 returned 0 after 304 usecs
[    8.234923] calling  eventpoll_init+0x0/0xeb @ 1
[    8.241023] initcall eventpoll_init+0x0/0xeb returned 0 after 329 usecs
[    8.251659] calling  anon_inode_init+0x0/0x58 @ 1
[    8.257877] initcall anon_inode_init+0x0/0x58 returned 0 after 401 usecs
[    8.266083] calling  proc_locks_init+0x0/0x27 @ 1
[    8.272115] initcall proc_locks_init+0x0/0x27 returned 0 after 214 usecs
[    8.280212] calling  iomap_init+0x0/0x1b @ 1
[    8.286400] initcall iomap_init+0x0/0x1b returned 0 after 783 usecs
[    8.294078] calling  dquot_init+0x0/0x106 @ 1
[    8.299437] VFS: Disk quotas dquot_6.6.0
[    8.304717] VFS: Dquot-cache hash table entries: 512 (order 0, 4096 bytes)
[    8.313117] initcall dquot_init+0x0/0x106 returned 0 after 13356 usecs
[    8.321157] calling  quota_init+0x0/0x23 @ 1
[    8.327024] initcall quota_init+0x0/0x23 returned 0 after 490 usecs
[    8.334653] calling  proc_cmdline_init+0x0/0x21 @ 1
[    8.340788] initcall proc_cmdline_init+0x0/0x21 returned 0 after 75 usecs
[    8.349035] calling  proc_consoles_init+0x0/0x24 @ 1
[    8.355306] initcall proc_consoles_init+0x0/0x24 returned 0 after 6 usecs
[    8.363694] calling  proc_cpuinfo_init+0x0/0x1e @ 1
[    8.369673] initcall proc_cpuinfo_init+0x0/0x1e returned 0 after 7 usecs
[    8.378315] calling  proc_devices_init+0x0/0x24 @ 1
[    8.385098] initcall proc_devices_init+0x0/0x24 returned 0 after 7 usecs
[    8.394759] calling  proc_interrupts_init+0x0/0x24 @ 1
[    8.402121] initcall proc_interrupts_init+0x0/0x24 returned 0 after 9 usecs
[    8.412361] calling  proc_loadavg_init+0x0/0x21 @ 1
[    8.418505] initcall proc_loadavg_init+0x0/0x21 returned 0 after 6 usecs
[    8.426673] calling  proc_meminfo_init+0x0/0x21 @ 1
[    8.432821] initcall proc_meminfo_init+0x0/0x21 returned 0 after 6 usecs
[    8.442408] calling  proc_stat_init+0x0/0x1e @ 1
[    8.449538] initcall proc_stat_init+0x0/0x1e returned 0 after 9 usecs
[    8.459379] calling  proc_uptime_init+0x0/0x21 @ 1
[    8.466966] initcall proc_uptime_init+0x0/0x21 returned 0 after 8 usecs
[    8.477199] calling  proc_version_init+0x0/0x21 @ 1
[    8.484700] initcall proc_version_init+0x0/0x21 returned 0 after 7 usecs
[    8.493151] calling  proc_softirqs_init+0x0/0x21 @ 1
[    8.499554] initcall proc_softirqs_init+0x0/0x21 returned 0 after 6 usecs
[    8.507978] calling  proc_kcore_init+0x0/0xea @ 1
[    8.515610] initcall proc_kcore_init+0x0/0xea returned 0 after 240 usecs
[    8.525575] calling  vmcore_init+0x0/0x57b @ 1
[    8.532648] initcall vmcore_init+0x0/0x57b returned 0 after 77 usecs
[    8.542410] calling  proc_kmsg_init+0x0/0x21 @ 1
[    8.549499] initcall proc_kmsg_init+0x0/0x21 returned 0 after 176 usecs
[    8.559834] calling  proc_page_init+0x0/0x3b @ 1
[    8.567114] initcall proc_page_init+0x0/0x3b returned 0 after 11 usecs
[    8.583736] calling  init_ramfs_fs+0x0/0xc @ 1
[    8.600212] initcall init_ramfs_fs+0x0/0xc returned 0 after 527 usecs
[    8.618604] calling  init_hugetlbfs_fs+0x0/0xf6 @ 1
[    8.634154] initcall init_hugetlbfs_fs+0x0/0xf6 returned 0 after 4647 usecs
[    8.646092] calling  blk_scsi_ioctl_init+0x0/0x2a5 @ 1
[    8.657680] initcall blk_scsi_ioctl_init+0x0/0x2a5 returned 0 after 442 usecs
[    8.671752] calling  acpi_event_init+0x0/0x2c @ 1
[    8.682005] initcall acpi_event_init+0x0/0x2c returned 0 after 138 usecs
[    8.697117] calling  pnp_system_init+0x0/0xc @ 1
[    8.723742] initcall pnp_system_init+0x0/0xc returned 0 after 9455 usecs
[    8.759194] calling  pnpacpi_init+0x0/0x69 @ 1
[    8.765673] pnp: PnP ACPI init
[    8.797104] pnp 00:00: Plug and Play ACPI device, IDs PNP0303 (active)
[    8.812890] pnp 00:01: Plug and Play ACPI device, IDs PNP0f13 (active)
[    8.828053] pnp 00:02: Plug and Play ACPI device, IDs PNP0400 (active)
[    8.839536] pnp 00:03: Plug and Play ACPI device, IDs PNP0501 (active)
[    8.849631] pnp 00:04: Plug and Play ACPI device, IDs PNP0b00 (active)
[    8.861668] system 00:05: [mem 0xb0000000-0xbfffffff window] has been reserved
[    8.871864] system 00:05: Plug and Play ACPI device, IDs PNP0c01 (active)
[    8.884900] pnp: PnP ACPI: found 6 devices
[    8.890885] initcall pnpacpi_init+0x0/0x69 returned 0 after 122497 usecs
[    8.900572] calling  chr_dev_init+0x0/0x14d @ 1
[    9.055996] initcall chr_dev_init+0x0/0x14d returned 0 after 145395 usecs
[    9.066631] calling  firmware_class_init+0x0/0x14a @ 1
[    9.073569] initcall firmware_class_init+0x0/0x14a returned 0 after 74 usecs
[    9.082810] calling  init_pcmcia_bus+0x0/0x5b @ 1
[    9.089476] initcall init_pcmcia_bus+0x0/0x5b returned 0 after 340 usecs
[    9.098491] calling  init_acpi_pm_clocksource+0x0/0xda @ 1
[    9.111788] clocksource: acpi_pm: mask: 0xffffff max_cycles: 0xffffff, max_idle_ns: 2085701024 ns
[    9.130353] initcall init_acpi_pm_clocksource+0x0/0xda returned 0 after 24301 usecs
[    9.142336] calling  sysctl_core_init+0x0/0x26 @ 1
[    9.150034] initcall sysctl_core_init+0x0/0x26 returned 0 after 191 usecs
[    9.159316] calling  eth_offload_init+0x0/0x13 @ 1
[    9.165995] initcall eth_offload_init+0x0/0x13 returned 0 after 348 usecs
[    9.174946] calling  ipv4_offload_init+0x0/0x73 @ 1
[    9.181582] initcall ipv4_offload_init+0x0/0x73 returned 0 after 103 usecs
[    9.190776] calling  inet_init+0x0/0x276 @ 1
[    9.198046] NET: Registered protocol family 2
[    9.207219] IP idents hash table entries: 8192 (order: 4, 65536 bytes, linear)
[    9.231891] tcp_listen_portaddr_hash hash table entries: 256 (order: 2, 20480 bytes, linear)
[    9.244686] TCP established hash table entries: 4096 (order: 3, 32768 bytes, linear)
[    9.272388] TCP bind hash table entries: 4096 (order: 6, 294912 bytes, linear)
[    9.283675] TCP: Hash tables configured (established 4096 bind 4096)
[    9.294458] UDP hash table entries: 256 (order: 3, 40960 bytes, linear)
[    9.303416] UDP-Lite hash table entries: 256 (order: 3, 40960 bytes, linear)
[    9.312892] initcall inet_init+0x0/0x276 returned 0 after 112555 usecs
[    9.321198] calling  af_unix_init+0x0/0x4d @ 1
[    9.326929] NET: Registered protocol family 1
[    9.332875] initcall af_unix_init+0x0/0x4d returned 0 after 5827 usecs
[    9.341412] calling  ipv6_offload_init+0x0/0x7e @ 1
[    9.347484] initcall ipv6_offload_init+0x0/0x7e returned 0 after 32 usecs
[    9.355966] calling  init_sunrpc+0x0/0x65 @ 1
[    9.368965] RPC: Registered named UNIX socket transport module.
[    9.377198] RPC: Registered udp transport module.
[    9.384009] RPC: Registered tcp transport module.
[    9.390358] RPC: Registered tcp NFSv4.1 backchannel transport module.
[    9.399426] initcall init_sunrpc+0x0/0x65 returned 0 after 37157 usecs
[    9.408520] calling  cfg80211_init+0x0/0xc5 @ 1
[    9.418921] initcall cfg80211_init+0x0/0xc5 returned 0 after 4060 usecs
[    9.428019] calling  pcibios_assign_resources+0x0/0xbf @ 1
[    9.436564] pci_bus 0000:00: resource 4 [io  0x0000-0x0cf7 window]
[    9.445142] pci_bus 0000:00: resource 5 [io  0x0d00-0xffff window]
[    9.453819] pci_bus 0000:00: resource 6 [mem 0x000a0000-0x000bffff window]
[    9.467855] pci_bus 0000:00: resource 7 [mem 0x20000000-0xafffffff window]
[    9.479161] pci_bus 0000:00: resource 8 [mem 0xc0000000-0xfebfffff window]
[    9.491627] pci_bus 0000:00: resource 9 [mem 0x100000000-0x8ffffffff window]
[    9.501928] initcall pcibios_assign_resources+0x0/0xbf returned 0 after 64383 usecs
[    9.513079] calling  pci_apply_final_quirks+0x0/0x124 @ 1
[    9.521982] pci 0000:00:01.0: calling  pci_fixup_video+0x0/0xe0 @ 1
[    9.531855] pci 0000:00:01.0: Video device with shadowed ROM at [mem 0x000c0000-0x000dffff]
[    9.544475] pci 0000:00:01.0: pci_fixup_video+0x0/0xe0 took 12839 usecs
[    9.554960] PCI: CLS 0 bytes, default 64
[    9.562614] initcall pci_apply_final_quirks+0x0/0x124 returned 0 after 40149 usecs
[    9.575181] calling  acpi_reserve_resources+0x0/0xea @ 1
[    9.584450] initcall acpi_reserve_resources+0x0/0xea returned 0 after 49 usecs
[    9.596466] calling  populate_rootfs+0x0/0x102 @ 1
[    9.608856] initcall populate_rootfs+0x0/0x102 returned 0 after 4095 usecs
[    9.641793] calling  pci_iommu_init+0x0/0x3e @ 1
[    9.649125] initcall pci_iommu_init+0x0/0x3e returned 0 after 52 usecs
[    9.658720] calling  ia32_binfmt_init+0x0/0x13 @ 1
[    9.666025] initcall ia32_binfmt_init+0x0/0x13 returned 0 after 25 usecs
[    9.675316] calling  rapl_pmu_init+0x0/0x267 @ 1
[    9.681437] initcall rapl_pmu_init+0x0/0x267 returned -19 after 314 usecs
[    9.689798] calling  amd_uncore_init+0x0/0x310 @ 1
[    9.695874] initcall amd_uncore_init+0x0/0x310 returned -19 after 0 usecs
[    9.704533] calling  amd_ibs_init+0x0/0x25f @ 1
[    9.710272] initcall amd_ibs_init+0x0/0x25f returned -19 after 0 usecs
[    9.720262] calling  amd_iommu_pc_init+0x0/0x22c @ 1
[    9.727791] initcall amd_iommu_pc_init+0x0/0x22c returned -19 after 148 usecs
[    9.738735] calling  msr_init+0x0/0x55 @ 1
[    9.744759] initcall msr_init+0x0/0x55 returned 0 after 519 usecs
[    9.754548] calling  intel_uncore_init+0x0/0x36f @ 1
[    9.761589] initcall intel_uncore_init+0x0/0x36f returned -19 after 191 usecs
[    9.771985] calling  cstate_pmu_init+0x0/0x1a1 @ 1
[    9.779096] initcall cstate_pmu_init+0x0/0x1a1 returned -19 after 1 usecs
[    9.789912] calling  register_kernel_offset_dumper+0x0/0x1a @ 1
[    9.798740] initcall register_kernel_offset_dumper+0x0/0x1a returned 0 after 2 usecs
[    9.809948] calling  i8259A_init_ops+0x0/0x20 @ 1
[    9.817843] initcall i8259A_init_ops+0x0/0x20 returned 0 after 3 usecs
[    9.828573] calling  init_tsc_clocksource+0x0/0xa4 @ 1
[    9.836321] clocksource: tsc: mask: 0xffffffffffffffff max_cycles: 0x39a85afc727, max_idle_ns: 881590685098 ns
[    9.850491] initcall init_tsc_clocksource+0x0/0xa4 returned 0 after 13833 usecs
[    9.860687] calling  add_rtc_cmos+0x0/0xb0 @ 1
[    9.867542] initcall add_rtc_cmos+0x0/0xb0 returned 0 after 31 usecs
[    9.877375] calling  i8237A_init_ops+0x0/0x3a @ 1
[    9.884464] initcall i8237A_init_ops+0x0/0x3a returned 0 after 243 usecs
[    9.895229] calling  umwait_init+0x0/0x94 @ 1
[    9.902330] initcall umwait_init+0x0/0x94 returned -19 after 36 usecs
[    9.912304] calling  thermal_throttle_init_device+0x0/0x3d @ 1
[    9.921196] initcall thermal_throttle_init_device+0x0/0x3d returned 0 after 78 usecs
[    9.933174] calling  msr_init+0x0/0xd7 @ 1
[    9.966039] initcall msr_init+0x0/0xd7 returned 0 after 25284 usecs
[    9.976124] calling  cpuid_init+0x0/0xd7 @ 1
[   10.008799] initcall cpuid_init+0x0/0xd7 returned 0 after 24454 usecs
[   10.018357] calling  ioapic_init_ops+0x0/0x13 @ 1
[   10.025457] initcall ioapic_init_ops+0x0/0x13 returned 0 after 31 usecs
[   10.034923] calling  add_pcspkr+0x0/0x6c @ 1
[   10.041499] initcall add_pcspkr+0x0/0x6c returned 0 after 86 usecs
[   10.051013] calling  start_periodic_check_for_corruption+0x0/0x30 @ 1
[   10.060728] check: Scanning for low memory corruption every 60 seconds
[   10.070162] initcall start_periodic_check_for_corruption+0x0/0x30 returned 0 after 9222 usecs
[   10.104725] calling  sysfb_init+0x0/0x9c @ 1
[   10.111673] initcall sysfb_init+0x0/0x9c returned 0 after 494 usecs
[   10.121072] calling  audit_classes_init+0x0/0xae @ 1
[   10.129980] initcall audit_classes_init+0x0/0xae returned 0 after 80 usecs
[   10.141490] calling  iosf_mbi_init+0x0/0x24 @ 1
[   10.151658] initcall iosf_mbi_init+0x0/0x24 returned 0 after 2463 usecs
[   10.161887] calling  proc_execdomains_init+0x0/0x21 @ 1
[   10.169839] initcall proc_execdomains_init+0x0/0x21 returned 0 after 16 usecs
[   10.179877] calling  register_warn_debugfs+0x0/0x23 @ 1
[   10.190937] initcall register_warn_debugfs+0x0/0x23 returned 0 after 2621 usecs
[   10.201820] calling  cpuhp_sysfs_init+0x0/0x79 @ 1
[   10.209791] initcall cpuhp_sysfs_init+0x0/0x79 returned 0 after 820 usecs
[   10.219050] calling  ioresources_init+0x0/0x49 @ 1
[   10.226102] initcall ioresources_init+0x0/0x49 returned 0 after 13 usecs
[   10.235820] calling  lockdep_proc_init+0x0/0x64 @ 1
[   10.243527] initcall lockdep_proc_init+0x0/0x64 returned 0 after 99 usecs
[   10.253174] calling  snapshot_device_init+0x0/0xc @ 1
[   10.262731] initcall snapshot_device_init+0x0/0xc returned 0 after 1935 usecs
[   10.273403] calling  irq_pm_init_ops+0x0/0x13 @ 1
[   10.280095] initcall irq_pm_init_ops+0x0/0x13 returned 0 after 112 usecs
[   10.290827] calling  rcu_torture_init+0x0/0x9be @ 1
[   10.299708] rcu-torture:--- Start of test: nreaders=7 nfakewriters=4 stat_interval=15 verbose=1 test_no_idle_hz=1 shuffle_interval=3 stutter=5 irqreader=1 fqs_duration=0 fqs_holdoff=0 fqs_stutter=3 test_boost=1/0 test_boost_interval=7 test_boost_duration=4 shutdown_secs=3600 stall_cpu=0 stall_cpu_holdoff=10 stall_cpu_irqsoff=0 stall_cpu_block=0 n_barrier_cbs=4 onoff_interval=1000 onoff_holdoff=30 read_exit_delay=13 read_exit_burst=16
[   10.354785] rcu:  Start-test grace-period state: g-1016 f0x0
[   10.362458] rcu-torture: Creating rcu_torture_writer task
[   10.375043] rcu-torture: Creating rcu_torture_fakewriter task
[   10.376025] rcu-torture: rcu_torture_writer task started
[   10.386887] rcu-torture: Creating rcu_torture_fakewriter task
[   10.387623] rcu-torture: rcu_torture_fakewriter task started
[   10.392451] rcu-torture: GP expediting controlled from boot/sysfs for rcu.
[   10.392454] rcu_torture_writer: Testing conditional GPs.
[   10.392455] rcu_torture_writer: Testing expedited GPs.
[   10.392456] rcu_torture_writer: Testing asynchronous GPs.
[   10.392458] rcu_torture_writer: Testing normal GPs.
[   10.453687] rcu-torture: Creating rcu_torture_fakewriter task
[   10.453975] rcu-torture: rcu_torture_fakewriter task started
[   10.465630] rcu-torture: Creating rcu_torture_fakewriter task
[   10.466427] rcu-torture: rcu_torture_fakewriter task started
[   10.491585] rcu-torture: Creating rcu_torture_reader task
[   10.492978] rcu-torture: rcu_torture_fakewriter task started
[   10.503075] rcu-torture: Creating rcu_torture_reader task
[   10.505564] rcu-torture: rcu_torture_reader task started
[   10.534053] rcu-torture: Creating rcu_torture_reader task
[   10.534832] rcu-torture: rcu_torture_reader task started
[   10.553095] rcu-torture: Creating rcu_torture_reader task
[   10.556270] rcu-torture: rcu_torture_reader task started
[   10.570586] rcu-torture: Creating rcu_torture_reader task
[   10.571863] rcu-torture: rcu_torture_reader task started
[   10.653875] rcu-torture: Creating rcu_torture_reader task
[   10.654097] rcu-torture: rcu_torture_reader task started
[   10.667339] rcu-torture: Creating rcu_torture_reader task
[   10.667357] rcu-torture: rcu_torture_reader task started
[   10.693666] rcu-torture: Creating rcu_torture_stats task
[   10.693686] rcu-torture: rcu_torture_reader task started
[   10.710756] rcu-torture: Creating torture_shuffle task
[   10.711234] rcu-torture: rcu_torture_stats task started
[   10.725695] rcu-torture: Creating torture_stutter task
[   10.725701] rcu-torture: torture_shuffle task started
[   10.746597] rcu-torture: Creating torture_shutdown task
[   10.755402] rcu-torture: torture_stutter task started
[   10.766493] rcu-torture: Creating torture_onoff task
[   10.766682] rcu-torture: torture_shutdown task started
[   10.783155] rcu-torture:torture_shutdown task: 3599963 ms remaining
[   10.783400] rcu-torture: Creating rcu_torture_fwd_prog task
[   10.784798] rcu-torture: torture_onoff task started
[   10.784802] rcu-torture: torture_onoff begin holdoff
[   10.819784] rcu-torture: Creating rcu_torture_barrier_cbs task
[   10.820191] rcu-torture: rcu_torture_fwd_progress task started
[   10.836100] rcu-torture: Creating rcu_torture_barrier_cbs task
[   10.836575] rcu-torture: rcu_torture_barrier_cbs task started
[   10.849999] rcu-torture: Creating rcu_torture_barrier_cbs task
[   10.851958] rcu-torture: rcu_torture_barrier_cbs task started
[   10.874081] rcu-torture: Creating rcu_torture_barrier_cbs task
[   10.875940] rcu-torture: rcu_torture_barrier_cbs task started
[   10.894051] rcu-torture: Creating rcu_torture_barrier task
[   10.895710] rcu-torture: rcu_torture_barrier_cbs task started
[   10.907192] rcu-torture: Creating rcu_torture_read_exit task
[   10.908531] rcu-torture: rcu_torture_barrier task starting
[   10.929740] initcall rcu_torture_init+0x0/0x9be returned 0 after 616586 usecs
[   10.930808] rcu-torture: rcu_torture_read_exit: Start of test
[   10.940555] calling  timekeeping_init_ops+0x0/0x13 @ 1
[   10.956158] initcall timekeeping_init_ops+0x0/0x13 returned 0 after 45 usecs
[   10.965929] calling  init_clocksource_sysfs+0x0/0x23 @ 1
[   10.974967] initcall init_clocksource_sysfs+0x0/0x23 returned 0 after 2015 usecs
[   10.985235] calling  init_timer_list_procfs+0x0/0x31 @ 1
[   10.993452] initcall init_timer_list_procfs+0x0/0x31 returned 0 after 19 usecs
[   11.004905] calling  alarmtimer_init+0x0/0xf5 @ 1
[   11.013630] initcall alarmtimer_init+0x0/0xf5 returned 0 after 792 usecs
[   11.024497] calling  init_posix_timers+0x0/0x29 @ 1
[   11.033614] initcall init_posix_timers+0x0/0x29 returned 0 after 1324 usecs
[   11.044752] calling  clockevents_init_sysfs+0x0/0xbf @ 1
[   11.054318] initcall clockevents_init_sysfs+0x0/0xbf returned 0 after 1037 usecs
[   11.064501] calling  proc_dma_init+0x0/0x21 @ 1
[   11.070466] initcall proc_dma_init+0x0/0x21 returned 0 after 94 usecs
[   11.079128] calling  proc_modules_init+0x0/0x1e @ 1
[   11.085357] initcall proc_modules_init+0x0/0x1e returned 0 after 9 usecs
[   11.094274] calling  kallsyms_init+0x0/0x21 @ 1
[   11.100509] initcall kallsyms_init+0x0/0x21 returned 0 after 10 usecs
[   11.109227] calling  pid_namespaces_init+0x0/0x2c @ 1
[   11.116377] initcall pid_namespaces_init+0x0/0x2c returned 0 after 23 usecs
[   11.126140] calling  audit_watch_init+0x0/0x37 @ 1
[   11.132673] initcall audit_watch_init+0x0/0x37 returned 0 after 4 usecs
[   11.141663] calling  audit_fsnotify_init+0x0/0x37 @ 1
[   11.148541] initcall audit_fsnotify_init+0x0/0x37 returned 0 after 4 usecs
[   11.157740] calling  audit_tree_init+0x0/0x6d @ 1
[   11.164168] initcall audit_tree_init+0x0/0x6d returned 0 after 16 usecs
[   11.172954] calling  seccomp_sysctl_init+0x0/0x2b @ 1
[   11.180242] initcall seccomp_sysctl_init+0x0/0x2b returned 0 after 194 usecs
[   11.189803] calling  utsname_sysctl_init+0x0/0x13 @ 1
[   11.196918] initcall utsname_sysctl_init+0x0/0x13 returned 0 after 16 usecs
[   11.206648] calling  init_tracepoints+0x0/0x27 @ 1
[   11.213205] initcall init_tracepoints+0x0/0x27 returned 0 after 4 usecs
[   11.224159] calling  init_blk_tracer+0x0/0x50 @ 1
[   11.236770] initcall init_blk_tracer+0x0/0x50 returned 0 after 5116 usecs
[   11.247286] calling  perf_event_sysfs_init+0x0/0x83 @ 1
[   11.257857] initcall perf_event_sysfs_init+0x0/0x83 returned 0 after 2442 usecs
[   11.269543] calling  system_trusted_keyring_init+0x0/0x60 @ 1
[   11.279065] Initialise system trusted keyrings
[   11.287179] initcall system_trusted_keyring_init+0x0/0x60 returned 0 after 7917 usecs
[   11.299387] calling  kswapd_init+0x0/0x5c @ 1
[   11.311955] initcall kswapd_init+0x0/0x5c returned 0 after 5116 usecs
[   11.321201] calling  extfrag_debug_init+0x0/0x54 @ 1
[   11.328764] initcall extfrag_debug_init+0x0/0x54 returned 0 after 312 usecs
[   11.338641] calling  mm_compute_batch_init+0x0/0x12 @ 1
[   11.346437] initcall mm_compute_batch_init+0x0/0x12 returned 0 after 1 usecs
[   11.356371] calling  slab_proc_init+0x0/0x21 @ 1
[   11.367473] initcall slab_proc_init+0x0/0x21 returned 0 after 196 usecs
[   11.376576] calling  workingset_init+0x0/0x8c @ 1
[   11.383389] workingset: timestamp_bits=56 max_order=17 bucket_order=0
[   11.392064] initcall workingset_init+0x0/0x8c returned 0 after 8719 usecs
[   11.401887] calling  proc_vmalloc_init+0x0/0x32 @ 1
[   11.409084] initcall proc_vmalloc_init+0x0/0x32 returned 0 after 74 usecs
[   11.419326] calling  procswaps_init+0x0/0x1e @ 1
[   11.426123] initcall procswaps_init+0x0/0x1e returned 0 after 106 usecs
[   11.437083] calling  slab_sysfs_init+0x0/0xec @ 1
[   11.475584] initcall slab_sysfs_init+0x0/0xec returned 0 after 30384 usecs
[   11.485967] calling  fcntl_init+0x0/0x29 @ 1
[   11.493044] initcall fcntl_init+0x0/0x29 returned 0 after 297 usecs
[   11.503071] calling  proc_filesystems_init+0x0/0x21 @ 1
[   11.510981] initcall proc_filesystems_init+0x0/0x21 returned 0 after 87 usecs
[   11.521629] calling  start_dirtytime_writeback+0x0/0x29 @ 1
[   11.530223] initcall start_dirtytime_writeback+0x0/0x29 returned 0 after 3 usecs
[   11.541232] calling  blkdev_init+0x0/0x1b @ 1
[   11.548890] initcall blkdev_init+0x0/0x1b returned 0 after 1147 usecs
[   11.558214] calling  dio_init+0x0/0x2c @ 1
[   11.565601] initcall dio_init+0x0/0x2c returned 0 after 1545 usecs
[   11.575028] calling  dnotify_init+0x0/0x78 @ 1
[   11.582375] initcall dnotify_init+0x0/0x78 returned 0 after 325 usecs
[   11.592476] calling  aio_setup+0x0/0x78 @ 1
[   11.599965] initcall aio_setup+0x0/0x78 returned 0 after 702 usecs
[   11.626460] calling  io_uring_init+0x0/0x2c @ 1
[   11.646870] initcall io_uring_init+0x0/0x2c returned 0 after 10391 usecs
[   11.656811] calling  mbcache_init+0x0/0x30 @ 1
[   11.672855] initcall mbcache_init+0x0/0x30 returned 0 after 8479 usecs
[   11.683476] calling  init_grace+0x0/0xc @ 1
[   11.691739] initcall init_grace+0x0/0xc returned 0 after 1700 usecs
[   11.701070] calling  init_v2_quota_format+0x0/0x21 @ 1
[   11.727288] initcall init_v2_quota_format+0x0/0x21 returned 0 after 17909 usecs
[   11.738605] calling  init_devpts_fs+0x0/0x27 @ 1
[   11.747849] initcall init_devpts_fs+0x0/0x27 returned 0 after 2044 usecs
[   11.758223] calling  ext4_init_fs+0x0/0x1c2 @ 1
[   11.774264] initcall ext4_init_fs+0x0/0x1c2 returned 0 after 8470 usecs
[   11.784596] calling  journal_init+0x0/0x11c @ 1
[   11.793538] initcall journal_init+0x0/0x11c returned 0 after 980 usecs
[   11.804679] calling  init_fat_fs+0x0/0x49 @ 1
[   11.813625] initcall init_fat_fs+0x0/0x49 returned 0 after 542 usecs
[   11.824723] calling  init_vfat_fs+0x0/0xc @ 1
[   11.832238] initcall init_vfat_fs+0x0/0xc returned 0 after 6 usecs
[   11.843091] calling  init_msdos_fs+0x0/0xc @ 1
[   11.850597] initcall init_msdos_fs+0x0/0xc returned 0 after 4 usecs
[   11.863404] calling  init_iso9660_fs+0x0/0x6c @ 1
[   11.877093] initcall init_iso9660_fs+0x0/0x6c returned 0 after 5114 usecs
[   11.889040] calling  init_nfs_fs+0x0/0x13a @ 1
[   11.921461] initcall init_nfs_fs+0x0/0x13a returned 0 after 24287 usecs
[   11.933039] calling  init_nfs_v2+0x0/0x13 @ 1
[   11.941199] initcall init_nfs_v2+0x0/0x13 returned 0 after 1094 usecs
[   11.951250] calling  init_nfs_v3+0x0/0x13 @ 1
[   11.958191] initcall init_nfs_v3+0x0/0x13 returned 0 after 3 usecs
[   11.967902] calling  init_nfs_v4+0x0/0x32 @ 1
[   11.975223] NFS: Registering the id_resolver key type
[   11.986477] Key type id_resolver registered
[   11.995111] Key type id_legacy registered
[   12.002733] initcall init_nfs_v4+0x0/0x32 returned 0 after 27076 usecs
[   12.013216] calling  init_nlm+0x0/0x5b @ 1
[   12.018745] hrtimer: interrupt took 3147440 ns
[   12.021370] initcall init_nlm+0x0/0x5b returned 0 after 1341 usecs
[   12.038162] calling  init_nls_cp437+0x0/0xe @ 1
[   12.046756] initcall init_nls_cp437+0x0/0xe returned 0 after 1008 usecs
[   12.056906] calling  init_nls_ascii+0x0/0xe @ 1
[   12.064532] initcall init_nls_ascii+0x0/0xe returned 0 after 1 usecs
[   12.073730] calling  init_nls_iso8859_1+0x0/0xe @ 1
[   12.080999] initcall init_nls_iso8859_1+0x0/0xe returned 0 after 1 usecs
[   12.091098] calling  init_nls_utf8+0x0/0x21 @ 1
[   12.098222] initcall init_nls_utf8+0x0/0x21 returned 0 after 2 usecs
[   12.107886] calling  init_autofs_fs+0x0/0x25 @ 1
[   12.136620] initcall init_autofs_fs+0x0/0x25 returned 0 after 21406 usecs
[   12.146998] calling  ipc_init+0x0/0x24 @ 1
[   12.155984] initcall ipc_init+0x0/0x24 returned 0 after 1786 usecs
[   12.166580] calling  ipc_sysctl_init+0x0/0x13 @ 1
[   12.174629] initcall ipc_sysctl_init+0x0/0x13 returned 0 after 434 usecs
[   12.186224] calling  init_mqueue_fs+0x0/0xb1 @ 1
[   12.207021] initcall init_mqueue_fs+0x0/0xb1 returned 0 after 13797 usecs
[   12.218103] calling  key_proc_init+0x0/0x63 @ 1
[   12.225673] initcall key_proc_init+0x0/0x63 returned 0 after 128 usecs
[   12.235531] calling  selinux_nf_ip_init+0x0/0x2e @ 1
[   12.244115] initcall selinux_nf_ip_init+0x0/0x2e returned 0 after 283 usecs
[   12.254635] calling  init_sel_fs+0x0/0x116 @ 1
[   12.262239] initcall init_sel_fs+0x0/0x116 returned 0 after 1 usecs
[   12.272116] calling  selnl_init+0x0/0x7c @ 1
[   12.282215] initcall selnl_init+0x0/0x7c returned 0 after 3170 usecs
[   12.292840] calling  sel_netif_init+0x0/0x36 @ 1
[   12.299853] initcall sel_netif_init+0x0/0x36 returned 0 after 1 usecs
[   12.310613] calling  sel_netnode_init+0x0/0x33 @ 1
[   12.328006] initcall sel_netnode_init+0x0/0x33 returned 0 after 2 usecs
[   12.338761] calling  sel_netport_init+0x0/0x33 @ 1
[   12.346272] initcall sel_netport_init+0x0/0x33 returned 0 after 1 usecs
[   12.356134] calling  aurule_init+0x0/0x2a @ 1
[   12.361979] initcall aurule_init+0x0/0x2a returned 0 after 3 usecs
[   12.370304] calling  crypto_algapi_init+0x0/0xc @ 1
[   12.377064] initcall crypto_algapi_init+0x0/0xc returned 0 after 12 usecs
[   12.386465] calling  jent_mod_init+0x0/0x2d @ 1
[   12.432754] initcall jent_mod_init+0x0/0x2d returned 0 after 38376 usecs
[   12.438896] cryptomgr_test (126) used greatest stack depth: 14616 bytes left
[   12.441643] calling  asymmetric_key_init+0x0/0xc @ 1
[   12.458585] Key type asymmetric registered
[   12.465099] initcall asymmetric_key_init+0x0/0xc returned 0 after 6359 usecs
[   12.474736] calling  x509_key_init+0x0/0xc @ 1
[   12.482415] Asymmetric key parser 'x509' registered
[   12.489514] initcall x509_key_init+0x0/0xc returned 0 after 7699 usecs
[   12.498531] calling  proc_genhd_init+0x0/0x41 @ 1
[   12.504932] initcall proc_genhd_init+0x0/0x41 returned 0 after 14 usecs
[   12.513644] calling  bsg_init+0x0/0x113 @ 1
[   12.525280] Block layer SCSI generic (bsg) driver version 0.4 loaded (major 251)
[   12.536292] initcall bsg_init+0x0/0x113 returned 0 after 15759 usecs
[   12.545921] calling  deadline_init+0x0/0xc @ 1
[   12.554800] io scheduler mq-deadline registered
[   12.561601] initcall deadline_init+0x0/0xc returned 0 after 7569 usecs
[   12.571305] calling  kyber_init+0x0/0xc @ 1
[   12.576874] io scheduler kyber registered
[   12.582240] initcall kyber_init+0x0/0xc returned 0 after 5418 usecs
[   12.590697] calling  mod_init+0x0/0x7 @ 1
[   12.596065] initcall mod_init+0x0/0x7 returned 0 after 1 usecs
[   12.603564] calling  percpu_counter_startup+0x0/0x55 @ 1
[   12.638586] initcall percpu_counter_startup+0x0/0x55 returned 0 after 27297 usecs
[   12.651033] calling  sg_pool_init+0x0/0xb4 @ 1
[   12.667693] initcall sg_pool_init+0x0/0xb4 returned 0 after 9499 usecs
[   12.677850] calling  pcie_portdrv_init+0x0/0x39 @ 1
[   12.689507] initcall pcie_portdrv_init+0x0/0x39 returned 0 after 4146 usecs
[   12.700824] calling  pci_proc_init+0x0/0x68 @ 1
[   12.709209] initcall pci_proc_init+0x0/0x68 returned 0 after 711 usecs
[   12.719717] calling  pci_hotplug_init+0x0/0x7 @ 1
[   12.727742] initcall pci_hotplug_init+0x0/0x7 returned 0 after 1 usecs
[   12.738681] calling  efifb_driver_init+0x0/0xe @ 1
[   12.749157] initcall efifb_driver_init+0x0/0xe returned 0 after 1330 usecs
[   12.761124] calling  ged_driver_init+0x0/0xe @ 1
[   12.781221] initcall ged_driver_init+0x0/0xe returned 0 after 563 usecs
[   12.792192] calling  acpi_ac_init+0x0/0x92 @ 1
[   12.807662] initcall acpi_ac_init+0x0/0x92 returned 0 after 8501 usecs
[   12.818465] calling  acpi_button_driver_init+0x0/0x52 @ 1
[   12.833724] input: Power Button as /devices/LNXSYSTM:00/LNXPWRBN:00/input/input0
[   12.854061] ACPI: Power Button [PWRF]
[   12.862532] initcall acpi_button_driver_init+0x0/0x52 returned 0 after 35394 usecs
[   12.874530] calling  acpi_fan_driver_init+0x0/0xe @ 1
[   12.882427] initcall acpi_fan_driver_init+0x0/0xe returned 0 after 38 usecs
[   12.893456] calling  acpi_video_init+0x0/0xcb @ 1
[   12.902026] initcall acpi_video_init+0x0/0xcb returned 0 after 596 usecs
[   12.912792] calling  acpi_processor_driver_init+0x0/0xad @ 1
[   12.933811] initcall acpi_processor_driver_init+0x0/0xad returned 0 after 11993 usecs
[   12.948841] calling  acpi_thermal_init+0x0/0x71 @ 1
[   12.965719] initcall acpi_thermal_init+0x0/0x71 returned 0 after 9478 usecs
[   12.975695] calling  acpi_battery_init+0x0/0x32 @ 1
[   12.983818] initcall acpi_battery_init+0x0/0x32 returned 0 after 830 usecs
[   12.996050] calling  bgrt_init+0x0/0xb6 @ 1
[   13.002227] initcall bgrt_init+0x0/0xb6 returned -19 after 1 usecs
[   13.015858] calling  gpio_clk_driver_init+0x0/0xe @ 1
[   13.024252] initcall gpio_clk_driver_init+0x0/0xe returned 0 after 927 usecs
[   13.034093] calling  plt_clk_driver_init+0x0/0xe @ 1
[   13.040943] initcall plt_clk_driver_init+0x0/0xe returned 0 after 37 usecs
[   13.050258] calling  virtio_pci_driver_init+0x0/0x15 @ 1
[   13.057975] initcall virtio_pci_driver_init+0x0/0x15 returned 0 after 263 usecs
[   13.068043] calling  n_null_init+0x0/0x1e @ 1
[   13.075161] initcall n_null_init+0x0/0x1e returned 0 after 189 usecs
[   13.084895] calling  pty_init+0x0/0x1e8 @ 1
[   13.099176] initcall pty_init+0x0/0x1e8 returned 0 after 7016 usecs
[   13.109932] calling  sysrq_init+0x0/0x62 @ 1
[   13.116786] initcall sysrq_init+0x0/0x62 returned 0 after 37 usecs
[   13.126508] calling  serial8250_init+0x0/0x17e @ 1
[   13.134293] Serial: 8250/16550 driver, 4 ports, IRQ sharing enabled
[   13.151137] 00:03: ttyS0 at I/O 0x3f8 (irq = 4, base_baud = 115200) is a 16550A
[   13.196629] initcall serial8250_init+0x0/0x17e returned 0 after 61000 usecs
[   13.208233] calling  serial_pci_driver_init+0x0/0x15 @ 1
[   13.217214] initcall serial_pci_driver_init+0x0/0x15 returned 0 after 439 usecs
[   13.229231] calling  exar_pci_driver_init+0x0/0x15 @ 1
[   13.237685] initcall exar_pci_driver_init+0x0/0x15 returned 0 after 54 usecs
[   13.248695] calling  lpss8250_pci_driver_init+0x0/0x15 @ 1
[   13.257808] initcall lpss8250_pci_driver_init+0x0/0x15 returned 0 after 160 usecs
[   13.269837] calling  mid8250_pci_driver_init+0x0/0x15 @ 1
[   13.277783] initcall mid8250_pci_driver_init+0x0/0x15 returned 0 after 40 usecs
[   13.287994] calling  virtio_console_init+0x0/0xff @ 1
[   13.296998] initcall virtio_console_init+0x0/0xff returned 0 after 1361 usecs
[   13.307035] calling  hpet_init+0x0/0x64 @ 1
[   13.327022] initcall hpet_init+0x0/0x64 returned 0 after 7819 usecs
[   13.336636] calling  nvram_module_init+0x0/0x83 @ 1
[   13.348221] Non-volatile memory driver v1.3
[   13.354738] initcall nvram_module_init+0x0/0x83 returned 0 after 9169 usecs
[   13.365353] calling  hwrng_modinit+0x0/0x8a @ 1
[   13.375408] initcall hwrng_modinit+0x0/0x8a returned 0 after 2919 usecs
[   13.385830] calling  mod_init+0x0/0x48 @ 1
[   13.392734] initcall mod_init+0x0/0x48 returned -19 after 1 usecs
[   13.404450] calling  agp_init+0x0/0x23 @ 1
[   13.411455] Linux agpgart interface v0.103
[   13.418285] initcall agp_init+0x0/0x23 returned 0 after 6667 usecs
[   13.430940] calling  agp_amd64_mod_init+0x0/0x5 @ 1
[   13.439705] initcall agp_amd64_mod_init+0x0/0x5 returned -19 after 783 usecs
[   13.450290] calling  agp_intel_init+0x0/0x28 @ 1
[   13.460013] initcall agp_intel_init+0x0/0x28 returned 0 after 649 usecs
[   13.470973] calling  drm_kms_helper_init+0x0/0x7 @ 1
[   13.490721] initcall drm_kms_helper_init+0x0/0x7 returned 0 after 98 usecs
[   13.502532] calling  drm_core_init+0x0/0xbd @ 1
[   13.515226] initcall drm_core_init+0x0/0xbd returned 0 after 5906 usecs
[   13.524632] calling  i915_init+0x0/0x6b @ 1
[   13.542083] initcall i915_init+0x0/0x6b returned 0 after 10776 usecs
[   13.559142] calling  cn_proc_init+0x0/0x35 @ 1
[   13.587988] initcall cn_proc_init+0x0/0x35 returned 0 after 204 usecs
[   13.598550] calling  topology_sysfs_init+0x0/0x27 @ 1
[   13.608590] initcall topology_sysfs_init+0x0/0x27 returned 0 after 1757 usecs
[   13.620233] calling  cacheinfo_sysfs_init+0x0/0x27 @ 1
[   13.654164] initcall cacheinfo_sysfs_init+0x0/0x27 returned 0 after 24654 usecs
[   13.665756] calling  loop_init+0x0/0x16a @ 1
[   13.998038] loop: module loaded
[   14.003005] initcall loop_init+0x0/0x16a returned 0 after 322702 usecs
[   14.012898] calling  mac_hid_init+0x0/0x21 @ 1
[   14.020696] initcall mac_hid_init+0x0/0x21 returned 0 after 57 usecs
[   14.029741] calling  spi_transport_init+0x0/0x74 @ 1
[   14.078418] initcall spi_transport_init+0x0/0x74 returned 0 after 13512 usecs
[   14.104773] calling  init_sd+0x0/0x18c @ 1
[   14.119544] initcall init_sd+0x0/0x18c returned 0 after 7763 usecs
[   14.129938] calling  init_sr+0x0/0x43 @ 1
[   14.136721] initcall init_sr+0x0/0x43 returned 0 after 122 usecs
[   14.150733] calling  init_sg+0x0/0x1c0 @ 1
[   14.181693] initcall init_sg+0x0/0x1c0 returned 0 after 13542 usecs
[   14.191743] calling  ahci_pci_driver_init+0x0/0x15 @ 1
[   14.205018] ahci 0000:00:1f.2: version 3.0
[   14.230786] PCI Interrupt Link [GSIA] enabled at IRQ 16
[   14.279195] ahci 0000:00:1f.2: AHCI 0001.0000 32 slots 6 ports 1.5 Gbps 0x3f impl SATA mode
[   14.291447] ahci 0000:00:1f.2: flags: 64bit ncq only 
[   14.349333] scsi host0: ahci
[   14.389027] scsi host1: ahci
[   14.406707] scsi host2: ahci
[   14.445266] scsi host3: ahci
[   14.491251] scsi host4: ahci
[   14.515295] scsi host5: ahci
[   14.524231] ata1: SATA max UDMA/133 abar m4096@0xfebf1000 port 0xfebf1100 irq 24
[   14.536207] ata2: SATA max UDMA/133 abar m4096@0xfebf1000 port 0xfebf1180 irq 24
[   14.548204] ata3: SATA max UDMA/133 abar m4096@0xfebf1000 port 0xfebf1200 irq 24
[   14.559992] ata4: SATA max UDMA/133 abar m4096@0xfebf1000 port 0xfebf1280 irq 24
[   14.572124] ata5: SATA max UDMA/133 abar m4096@0xfebf1000 port 0xfebf1300 irq 24
[   14.593826] ata6: SATA max UDMA/133 abar m4096@0xfebf1000 port 0xfebf1380 irq 24
[   14.607580] initcall ahci_pci_driver_init+0x0/0x15 returned 0 after 397730 usecs
[   14.619452] calling  piix_init+0x0/0x26 @ 1
[   14.625642] initcall piix_init+0x0/0x26 returned 0 after 153 usecs
[   14.635363] calling  amd_pci_driver_init+0x0/0x15 @ 1
[   14.642376] initcall amd_pci_driver_init+0x0/0x15 returned 0 after 86 usecs
[   14.653292] calling  oldpiix_pci_driver_init+0x0/0x15 @ 1
[   14.665141] initcall oldpiix_pci_driver_init+0x0/0x15 returned 0 after 58 usecs
[   14.677155] calling  sch_pci_driver_init+0x0/0x15 @ 1
[   14.684151] initcall sch_pci_driver_init+0x0/0x15 returned 0 after 81 usecs
[   14.693571] calling  net_olddevs_init+0x0/0x55 @ 1
[   14.701823] initcall net_olddevs_init+0x0/0x55 returned 0 after 1126 usecs
[   14.712865] calling  blackhole_netdev_init+0x0/0x78 @ 1
[   14.722541] initcall blackhole_netdev_init+0x0/0x78 returned 0 after 1409 usecs
[   14.734101] calling  phy_module_init+0x0/0x13 @ 1
[   14.741835] initcall phy_module_init+0x0/0x13 returned 0 after 274 usecs
[   14.752582] calling  tg3_driver_init+0x0/0x15 @ 1
[   14.760721] initcall tg3_driver_init+0x0/0x15 returned 0 after 602 usecs
[   14.771498] calling  e100_init_module+0x0/0x4c @ 1
[   14.778800] e100: Intel(R) PRO/100 Network Driver
[   14.787396] e100: Copyright(c) 1999-2006 Intel Corporation
[   14.801436] initcall e100_init_module+0x0/0x4c returned 0 after 22146 usecs
[   14.814910] calling  e1000_init_module+0x0/0x72 @ 1
[   14.822107] e1000: Intel(R) PRO/1000 Network Driver
[   14.829127] e1000: Copyright (c) 1999-2006 Intel Corporation.
[   14.838041] initcall e1000_init_module+0x0/0x72 returned 0 after 15556 usecs
[   14.847736] calling  e1000_init_module+0x0/0x2d @ 1
[   14.861419] e1000e: Intel(R) PRO/1000 Network Driver
[   14.870530] e1000e: Copyright(c) 1999 - 2015 Intel Corporation.
[   14.884883] initcall e1000_init_module+0x0/0x2d returned 0 after 22920 usecs
[   14.902828] calling  sky2_init_module+0x0/0x21 @ 1
[   14.914445] sky2: driver version 1.30
[   14.922594] initcall sky2_init_module+0x0/0x21 returned 0 after 8690 usecs
[   14.928619] ata1: SATA link down (SStatus 0 SControl 300)
[   14.932920] calling  forcedeth_pci_driver_init+0x0/0x15 @ 1
[   14.933022] initcall forcedeth_pci_driver_init+0x0/0x15 returned 0 after 91 usecs
[   14.942576] ata5: SATA link down (SStatus 0 SControl 300)
[   14.948108] calling  rtl8139_init_module+0x0/0x15 @ 1
[   14.948192] initcall rtl8139_init_module+0x0/0x15 returned 0 after 76 usecs
[   14.948195] calling  rtl8169_pci_driver_init+0x0/0x15 @ 1
[   14.948368] initcall rtl8169_pci_driver_init+0x0/0x15 returned 0 after 163 usecs
[   14.948371] calling  cdrom_init+0x0/0xc @ 1
[   14.948660] initcall cdrom_init+0x0/0xc returned 0 after 278 usecs
[   14.948663] calling  nonstatic_sysfs_init+0x0/0xc @ 1
[   14.948669] initcall nonstatic_sysfs_init+0x0/0xc returned 0 after 2 usecs
[   14.948672] calling  yenta_cardbus_driver_init+0x0/0x15 @ 1
[   14.948768] initcall yenta_cardbus_driver_init+0x0/0x15 returned 0 after 90 usecs
[   14.948771] calling  mon_init+0x0/0x144 @ 1
[   14.954053] initcall mon_init+0x0/0x144 returned 0 after 5150 usecs
[   14.954057] calling  ehci_hcd_init+0x0/0x56 @ 1
[   14.954382] ehci_hcd: USB 2.0 'Enhanced' Host Controller (EHCI) Driver
[   14.954831] initcall ehci_hcd_init+0x0/0x56 returned 0 after 751 usecs
[   14.954834] calling  ehci_pci_init+0x0/0x64 @ 1
[   14.954836] ehci-pci: EHCI PCI platform driver
[   14.955088] initcall ehci_pci_init+0x0/0x64 returned 0 after 243 usecs
[   14.966874] ata2: SATA link down (SStatus 0 SControl 300)
[   14.971998] calling  ohci_hcd_mod_init+0x0/0x4e @ 1
[   14.981081] ata4: SATA link down (SStatus 0 SControl 300)
[   14.988833] ohci_hcd: USB 1.1 'Open' Host Controller (OHCI) Driver
[   15.022509] ata6: SATA link down (SStatus 0 SControl 300)
[   15.037778] initcall ohci_hcd_mod_init+0x0/0x4e returned 0 after 47838 usecs
[   15.173141] ata3: SATA link up 1.5 Gbps (SStatus 113 SControl 300)
[   15.176876] calling  ohci_pci_init+0x0/0x64 @ 1
[   15.216460] ata3.00: ATAPI: QEMU DVD-ROM, 2.5+, max UDMA/100
[   15.216809] ohci-pci: OHCI PCI platform driver
[   15.224970] ata3.00: applying bridge limits
[   15.231496] initcall ohci_pci_init+0x0/0x64 returned 0 after 14339 usecs
[   15.231502] calling  uhci_hcd_init+0x0/0xa8 @ 1
[   15.231505] uhci_hcd: USB Universal Host Controller Interface driver
[   15.231811] initcall uhci_hcd_init+0x0/0xa8 returned 0 after 296 usecs
[   15.231814] calling  xhci_hcd_init+0x0/0x1e @ 1
[   15.231889] initcall xhci_hcd_init+0x0/0x1e returned 0 after 70 usecs
[   15.231892] calling  xhci_pci_init+0x0/0x49 @ 1
[   15.231970] initcall xhci_pci_init+0x0/0x49 returned 0 after 73 usecs
[   15.231973] calling  usblp_driver_init+0x0/0x15 @ 1
[   15.232106] usbcore: registered new interface driver usblp
[   15.232110] initcall usblp_driver_init+0x0/0x15 returned 0 after 129 usecs
[   15.232113] calling  usb_storage_driver_init+0x0/0x2a @ 1
[   15.232167] usbcore: registered new interface driver usb-storage
[   15.232170] initcall usb_storage_driver_init+0x0/0x2a returned 0 after 52 usecs
[   15.232173] calling  i8042_init+0x0/0x4c2 @ 1
[   15.232699] i8042: PNP: PS/2 Controller [PNP0303:KBD,PNP0f13:MOU] at 0x60,0x64 irq 1,12
[   15.247398] serio: i8042 KBD port at 0x60,0x64 irq 1
[   15.259410] ata3.00: configured for UDMA/100
[   15.269677] serio: i8042 AUX port at 0x60,0x64 irq 12
[   15.290654] scsi 2:0:0:0: CD-ROM            QEMU     QEMU DVD-ROM     2.5+ PQ: 0 ANSI: 5
[   15.297867] initcall i8042_init+0x0/0x4c2 returned 0 after 64142 usecs
[   15.465988] calling  serport_init+0x0/0x2c @ 1
[   15.484052] initcall serport_init+0x0/0x2c returned 0 after 349 usecs
[   15.493613] calling  input_leds_init+0x0/0xc @ 1
[   15.500581] initcall input_leds_init+0x0/0xc returned 0 after 148 usecs
[   15.509688] calling  evdev_init+0x0/0xc @ 1
[   15.524747] initcall evdev_init+0x0/0xc returned 0 after 8519 usecs
[   15.535331] calling  atkbd_init+0x0/0x21 @ 1
[   15.539408] sr 2:0:0:0: [sr0] scsi3-mmc drive: 4x/4x cd/rw xa/form2 tray
[   15.541676] initcall atkbd_init+0x0/0x21 returned 0 after 176 usecs
[   15.551636] cdrom: Uniform CD-ROM driver Revision: 3.20
[   15.562535] calling  psmouse_init+0x0/0x7f @ 1
[   15.562681] initcall psmouse_init+0x0/0x7f returned 0 after 136 usecs
[   15.562684] calling  cmos_init+0x0/0x73 @ 1
[   15.563761] rtc_cmos 00:04: RTC can wake from S4
[   15.606074] input: AT Translated Set 2 keyboard as /devices/platform/i8042/serio0/input/input1
[   15.636003] rtc_cmos 00:04: registered as rtc0
[   15.665783] rtc_cmos 00:04: alarms up to one day, y3k, 242 bytes nvram, hpet irqs
[   15.684220] initcall cmos_init+0x0/0x73 returned 0 after 118677 usecs
[   15.702733] calling  smbalert_driver_init+0x0/0xe @ 1
[   15.709877] initcall smbalert_driver_init+0x0/0xe returned 0 after 51 usecs
[   15.724956] calling  i2c_i801_init+0x0/0xc5 @ 1
[   15.759056] i801_smbus 0000:00:1f.3: SMBus using PCI interrupt
[   15.768594] i2c i2c-0: 1/1 memory slots populated (from DMI)
[   15.777398] i2c i2c-0: Memory type 0x07 not supported yet, not instantiating SPD
[   15.788150] initcall i2c_i801_init+0x0/0xc5 returned 0 after 51449 usecs
[   15.797876] calling  ptp_kvm_init+0x0/0xf0 @ 1
[   15.807524] initcall ptp_kvm_init+0x0/0xf0 returned 0 after 3026 usecs
[   15.818463] calling  dm_init+0x0/0x3c @ 1
[   15.830862] device-mapper: ioctl: 4.43.0-ioctl (2020-10-01) initialised: dm-devel@redhat.com
[   15.844488] initcall dm_init+0x0/0x3c returned 0 after 19682 usecs
[   15.853911] calling  dm_mirror_init+0x0/0x29 @ 1
[   15.860947] initcall dm_mirror_init+0x0/0x29 returned 0 after 3 usecs
[   15.870395] calling  dm_dirty_log_init+0x0/0x4f @ 1
[   15.877621] initcall dm_dirty_log_init+0x0/0x4f returned 0 after 151 usecs
[   15.887093] calling  dm_zero_init+0x0/0x29 @ 1
[   15.893901] initcall dm_zero_init+0x0/0x29 returned 0 after 27 usecs
[   15.904165] calling  intel_pstate_init+0x0/0x50f @ 1
[   15.912574] intel_pstate: CPU model not supported
[   15.920186] initcall intel_pstate_init+0x0/0x50f returned -19 after 7502 usecs
[   15.926533] rcu-torture: rcu_torture_read_exit: End of episode
[   15.930923] calling  haltpoll_init+0x0/0xc0 @ 1
[   15.945802] initcall haltpoll_init+0x0/0xc0 returned -19 after 34 usecs
[   15.956900] calling  efivars_sysfs_init+0x0/0x30 @ 1
[   15.966482] initcall efivars_sysfs_init+0x0/0x30 returned 0 after 36 usecs
[   15.981691] calling  esrt_sysfs_init+0x0/0x2a2 @ 1
[   15.989021] initcall esrt_sysfs_init+0x0/0x2a2 returned -38 after 17 usecs
[   15.999165] calling  hid_init+0x0/0x5c @ 1
[   16.005807] hid: raw HID events driver (C) Jiri Kosina
[   16.013989] initcall hid_init+0x0/0x5c returned 0 after 8522 usecs
[   16.023426] calling  hid_generic_init+0x0/0x15 @ 1
[   16.030072] initcall hid_generic_init+0x0/0x15 returned 0 after 91 usecs
[   16.039353] calling  a4_driver_init+0x0/0x15 @ 1
[   16.046126] initcall a4_driver_init+0x0/0x15 returned 0 after 34 usecs
[   16.054759] calling  apple_driver_init+0x0/0x15 @ 1
[   16.062744] initcall apple_driver_init+0x0/0x15 returned 0 after 216 usecs
[   16.073948] calling  belkin_driver_init+0x0/0x15 @ 1
[   16.081462] initcall belkin_driver_init+0x0/0x15 returned 0 after 49 usecs
[   16.091571] calling  ch_driver_init+0x0/0x15 @ 1
[   16.098622] initcall ch_driver_init+0x0/0x15 returned 0 after 41 usecs
[   16.108699] calling  ch_driver_init+0x0/0x15 @ 1
[   16.116176] initcall ch_driver_init+0x0/0x15 returned 0 after 179 usecs
[   16.126549] calling  cp_driver_init+0x0/0x15 @ 1
[   16.133388] initcall cp_driver_init+0x0/0x15 returned 0 after 44 usecs
[   16.142969] calling  ez_driver_init+0x0/0x15 @ 1
[   16.149587] initcall ez_driver_init+0x0/0x15 returned 0 after 64 usecs
[   16.159048] calling  gyration_driver_init+0x0/0x15 @ 1
[   16.166534] initcall gyration_driver_init+0x0/0x15 returned 0 after 42 usecs
[   16.176872] calling  ite_driver_init+0x0/0x15 @ 1
[   16.183635] initcall ite_driver_init+0x0/0x15 returned 0 after 42 usecs
[   16.201202] calling  ks_driver_init+0x0/0x15 @ 1
[   16.207446] initcall ks_driver_init+0x0/0x15 returned 0 after 43 usecs
[   16.216092] calling  lg_driver_init+0x0/0x15 @ 1
[   16.222247] initcall lg_driver_init+0x0/0x15 returned 0 after 75 usecs
[   16.236817] calling  lg_g15_driver_init+0x0/0x15 @ 1
[   16.253929] initcall lg_g15_driver_init+0x0/0x15 returned 0 after 4149 usecs
[   16.264012] calling  ms_driver_init+0x0/0x15 @ 1
[   16.271029] initcall ms_driver_init+0x0/0x15 returned 0 after 358 usecs
[   16.281560] calling  mr_driver_init+0x0/0x15 @ 1
[   16.288848] initcall mr_driver_init+0x0/0x15 returned 0 after 40 usecs
