c[?7l[2J[0mSeaBIOS (version 1.16.0-debian-1.16.0-4)
Booting from ROM...
early console in setup code
c[?7l[2J[    0.000000] Linux version 5.10.158+ (root@joelboxx.c.googlers.com) (gcc (Debian 12.2.0-3) 12.2.0, GNU ld (GNU Binutils for Debian) 2.39) #6 SMP Tue Dec 13 22:43:26 UTC 2022
[    0.000000] Command line: selinux=0 initcall_debug debug console=ttyS0 rcutree.rcu_fanout_leaf=4 nohz_full=1-7 rcutorture.onoff_interval=1000 rcutorture.onoff_holdoff=30 rcutorture.n_barrier_cbs=4 rcutorture.stat_interval=15 rcutorture.shutdown_secs=3600 rcutorture.test_no_idle_hz=1 rcutorture.verbose=1
[    0.000000] x86/fpu: x87 FPU will use FXSAVE
[    0.000000] BIOS-provided physical RAM map:
[    0.000000] BIOS-e820: [mem 0x0000000000000000-0x000000000009fbff] usable
[    0.000000] BIOS-e820: [mem 0x000000000009fc00-0x000000000009ffff] reserved
[    0.000000] BIOS-e820: [mem 0x00000000000f0000-0x00000000000fffff] reserved
[    0.000000] BIOS-e820: [mem 0x0000000000100000-0x000000001ffdefff] usable
[    0.000000] BIOS-e820: [mem 0x000000001ffdf000-0x000000001fffffff] reserved
[    0.000000] BIOS-e820: [mem 0x00000000b0000000-0x00000000bfffffff] reserved
[    0.000000] BIOS-e820: [mem 0x00000000fed1c000-0x00000000fed1ffff] reserved
[    0.000000] BIOS-e820: [mem 0x00000000feffc000-0x00000000feffffff] reserved
[    0.000000] BIOS-e820: [mem 0x00000000fffc0000-0x00000000ffffffff] reserved
[    0.000000] NX (Execute Disable) protection: active
[    0.000000] SMBIOS 2.8 present.
[    0.000000] DMI: QEMU Standard PC (Q35 + ICH9, 2009), BIOS 1.16.0-debian-1.16.0-4 04/01/2014
[    0.000000] Hypervisor detected: KVM
[    0.000000] kvm-clock: Using msrs 4b564d01 and 4b564d00
[    0.000000] kvm-clock: cpu 0, msr 88a5001, primary cpu clock
[    0.000001] kvm-clock: using sched offset of 2216544183 cycles
[    0.000374] clocksource: kvm-clock: mask: 0xffffffffffffffff max_cycles: 0x1cd42e4dffb, max_idle_ns: 881590591483 ns
[    0.000616] tsc: Detected 1999.999 MHz processor
[    0.012998] e820: update [mem 0x00000000-0x00000fff] usable ==> reserved
[    0.013002] e820: remove [mem 0x000a0000-0x000fffff] usable
[    0.013009] last_pfn = 0x1ffdf max_arch_pfn = 0x400000000
[    0.014006] MTRR default type: write-back
[    0.014102] MTRR fixed ranges enabled:
[    0.014104]   00000-9FFFF write-back
[    0.014105]   A0000-BFFFF uncachable
[    0.014106]   C0000-FFFFF write-protect
[    0.014107] MTRR variable ranges enabled:
[    0.014109]   0 base 00C0000000 mask FFC0000000 uncachable
[    0.014110]   1 disabled
[    0.014111]   2 disabled
[    0.014111]   3 disabled
[    0.014112]   4 disabled
[    0.014113]   5 disabled
[    0.014113]   6 disabled
[    0.014205]   7 disabled
[    0.014787] x86/PAT: Configuration [0-7]: WB  WC  UC- UC  WB  WC  UC- UC  
[    0.024337] found SMP MP-table at [mem 0x000f5ba0-0x000f5baf]
[    0.029187] check: Scanning 1 areas for low memory corruption
[    0.046869] ACPI: Early table checksum verification disabled
[    0.049932] ACPI: RSDP 0x00000000000F59E0 000014 (v00 BOCHS )
[    0.050466] ACPI: RSDT 0x000000001FFE252A 000038 (v01 BOCHS  BXPC     00000001 BXPC 00000001)
[    0.050846] ACPI: FACP 0x000000001FFE22EA 0000F4 (v03 BOCHS  BXPC     00000001 BXPC 00000001)
[    0.051051] ACPI: DSDT 0x000000001FFE0040 0022AA (v01 BOCHS  BXPC     00000001 BXPC 00000001)
[    0.051056] ACPI: FACS 0x000000001FFE0000 000040
[    0.051060] ACPI: APIC 0x000000001FFE23DE 0000B0 (v01 BOCHS  BXPC     00000001 BXPC 00000001)
[    0.051064] ACPI: HPET 0x000000001FFE248E 000038 (v01 BOCHS  BXPC     00000001 BXPC 00000001)
[    0.051068] ACPI: MCFG 0x000000001FFE24C6 00003C (v01 BOCHS  BXPC     00000001 BXPC 00000001)
[    0.051072] ACPI: WAET 0x000000001FFE2502 000028 (v01 BOCHS  BXPC     00000001 BXPC 00000001)
[    0.051077] ACPI: Reserving FACP table memory at [mem 0x1ffe22ea-0x1ffe23dd]
[    0.051078] ACPI: Reserving DSDT table memory at [mem 0x1ffe0040-0x1ffe22e9]
[    0.051080] ACPI: Reserving FACS table memory at [mem 0x1ffe0000-0x1ffe003f]
[    0.051081] ACPI: Reserving APIC table memory at [mem 0x1ffe23de-0x1ffe248d]
[    0.051082] ACPI: Reserving HPET table memory at [mem 0x1ffe248e-0x1ffe24c5]
[    0.051082] ACPI: Reserving MCFG table memory at [mem 0x1ffe24c6-0x1ffe2501]
[    0.051083] ACPI: Reserving WAET table memory at [mem 0x1ffe2502-0x1ffe2529]
[    0.052799] ACPI: Local APIC address 0xfee00000
[    0.058980] No NUMA configuration found
[    0.058983] Faking a node at [mem 0x0000000000000000-0x000000001ffdefff]
[    0.059357] NODE_DATA(0) allocated [mem 0x1ffdb000-0x1ffdefff]
[    0.062256] Zone ranges:
[    0.062449]   DMA      [mem 0x0000000000001000-0x0000000000ffffff]
[    0.062529]   DMA32    [mem 0x0000000001000000-0x000000001ffdefff]
[    0.062530]   Normal   empty
[    0.062532] Movable zone start for each node
[    0.062533] Early memory node ranges
[    0.062615]   node   0: [mem 0x0000000000001000-0x000000000009efff]
[    0.062761]   node   0: [mem 0x0000000000100000-0x000000001ffdefff]
[    0.062954] Initmem setup node 0 [mem 0x0000000000001000-0x000000001ffdefff]
[    0.062956] On node 0 totalpages: 130941
[    0.063167]   DMA zone: 64 pages used for memmap
[    0.063168]   DMA zone: 21 pages reserved
[    0.063169]   DMA zone: 3998 pages, LIFO batch:0
[    0.063171]   DMA32 zone: 1984 pages used for memmap
[    0.063172]   DMA32 zone: 126943 pages, LIFO batch:31
[    0.156338] On node 0, zone DMA: 1 pages in unavailable ranges
[    0.162851] On node 0, zone DMA: 97 pages in unavailable ranges
[    0.591483] On node 0, zone DMA32: 33 pages in unavailable ranges
[    0.595250] ACPI: PM-Timer IO Port: 0x608
[    0.595255] ACPI: Local APIC address 0xfee00000
[    0.597737] ACPI: LAPIC_NMI (acpi_id[0xff] dfl dfl lint[0x1])
[    0.599574] IOAPIC[0]: apic_id 0, version 17, address 0xfec00000, GSI 0-23
[    0.599653] ACPI: INT_SRC_OVR (bus 0 bus_irq 0 global_irq 2 dfl dfl)
[    0.599836] ACPI: INT_SRC_OVR (bus 0 bus_irq 5 global_irq 5 high level)
[    0.599838] ACPI: INT_SRC_OVR (bus 0 bus_irq 9 global_irq 9 high level)
[    0.600018] ACPI: INT_SRC_OVR (bus 0 bus_irq 10 global_irq 10 high level)
[    0.600019] ACPI: INT_SRC_OVR (bus 0 bus_irq 11 global_irq 11 high level)
[    0.600021] ACPI: IRQ0 used by override.
[    0.600022] ACPI: IRQ5 used by override.
[    0.600024] ACPI: IRQ9 used by override.
[    0.600024] ACPI: IRQ10 used by override.
[    0.600025] ACPI: IRQ11 used by override.
[    0.600112] Using ACPI (MADT) for SMP configuration information
[    0.600115] ACPI: HPET id: 0x8086a201 base: 0xfed00000
[    0.600745] smpboot: Allowing 8 CPUs, 0 hotplug CPUs
[    0.602663] PM: hibernation: Registered nosave memory: [mem 0x00000000-0x00000fff]
[    0.602666] PM: hibernation: Registered nosave memory: [mem 0x0009f000-0x0009ffff]
[    0.602667] PM: hibernation: Registered nosave memory: [mem 0x000a0000-0x000effff]
[    0.602668] PM: hibernation: Registered nosave memory: [mem 0x000f0000-0x000fffff]
[    0.602671] [mem 0x20000000-0xafffffff] available for PCI devices
[    0.602804] Booting paravirtualized kernel on KVM
[    0.603567] clocksource: refined-jiffies: mask: 0xffffffff max_cycles: 0xffffffff, max_idle_ns: 1910969940391419 ns
[    0.647930] setup_percpu: NR_CPUS:8 nr_cpumask_bits:8 nr_cpu_ids:8 nr_node_ids:1
[    0.803558] percpu: Embedded 56 pages/cpu s191512 r8192 d29672 u262144
[    0.803681] pcpu-alloc: s191512 r8192 d29672 u262144 alloc=1*2097152
[    0.803776] pcpu-alloc: [0] 0 1 2 3 4 5 6 7 
[    0.804579] kvm-guest: stealtime: cpu 0, msr 1f41b600
[    0.805074] Built 1 zonelists, mobility grouping on.  Total pages: 128872
[    0.805076] Policy zone: DMA32
[    0.805249] Kernel command line: selinux=0 initcall_debug debug console=ttyS0 rcutree.rcu_fanout_leaf=4 nohz_full=1-7 rcutorture.onoff_interval=1000 rcutorture.onoff_holdoff=30 rcutorture.n_barrier_cbs=4 rcutorture.stat_interval=15 rcutorture.shutdown_secs=3600 rcutorture.test_no_idle_hz=1 rcutorture.verbose=1
[    0.829922] Dentry cache hash table entries: 65536 (order: 7, 524288 bytes, linear)
[    0.836264] Inode-cache hash table entries: 32768 (order: 6, 262144 bytes, linear)
[    0.837664] mem auto-init: stack:all(zero), heap alloc:off, heap free:off
[    0.876369] Memory: 479784K/523764K available (14349K kernel code, 2548K rwdata, 4684K rodata, 1492K init, 1492K bss, 43720K reserved, 0K cma-reserved)
[    0.878236] SLUB: HWalign=64, Order=0-3, MinObjects=0, CPUs=8, Nodes=1
[    0.879053] Kernel/User page tables isolation: enabled
[    0.907567] rcu: Hierarchical RCU implementation.
[    0.907571] rcu: 	RCU event tracing is enabled.
[    0.907572] rcu: 	CONFIG_RCU_FANOUT set to non-default value of 4.
[    0.907573] rcu: 	RCU dyntick-idle grace-period acceleration is enabled.
[    0.907574] rcu: 	Build-time adjustment of leaf fanout to 3.
[    0.907575] rcu: 	Boot-time adjustment of leaf fanout to 4.
[    0.907576] rcu: 	RCU debug extended QS entry/exit.
[    0.907686] 	Trampoline variant of Tasks RCU enabled.
[    0.907686] 	Rude variant of Tasks RCU enabled.
[    0.907687] 	Tracing variant of Tasks RCU enabled.
[    0.907900] rcu: RCU calculated value of scheduler-enlistment delay is 100 jiffies.
[    0.907902] rcu: Adjusting geometry for rcu_fanout_leaf=4, nr_cpu_ids=8
[    0.941973] NR_IRQS: 4352, nr_irqs: 488, preallocated irqs: 16
[    0.946432] NO_HZ: Full dynticks CPUs: 1-7.
[    0.946435] rcu: 	Offload RCU callbacks from CPUs: 1-7.
[    0.949797] calling  con_init+0x0/0x22a @ 0
[    1.176280] Console: colour VGA+ 80x25
[    1.180044] initcall con_init+0x0/0x22a returned 0 after 0 usecs
[    1.180252] calling  hvc_console_init+0x0/0x13 @ 0
[    1.180328] initcall hvc_console_init+0x0/0x13 returned 0 after 0 usecs
[    1.180330] calling  univ8250_console_init+0x0/0x26 @ 0
[    2.131274] printk: console [ttyS0] enabled
[    2.136393] initcall univ8250_console_init+0x0/0x26 returned 0 after 0 usecs
[    2.150761] ACPI: Core revision 20200925
[    2.169375] clocksource: hpet: mask: 0xffffffff max_cycles: 0xffffffff, max_idle_ns: 19112604467 ns
[    2.185353] APIC: Switch to symmetric I/O mode setup
[    2.234346] ..TIMER: vector=0x30 apic1=0 pin1=2 apic2=-1 pin2=-1
[    2.243499] clocksource: tsc-early: mask: 0xffffffffffffffff max_cycles: 0x39a85afc727, max_idle_ns: 881590685098 ns
[    2.255529] Calibrating delay loop (skipped) preset value.. 3999.99 BogoMIPS (lpj=1999999)
[    2.256691] pid_max: default: 32768 minimum: 301
[    2.260665] LSM: Security Framework initializing
[    2.263288] Mount-cache hash table entries: 1024 (order: 1, 8192 bytes, linear)
[    2.263711] Mountpoint-cache hash table entries: 1024 (order: 1, 8192 bytes, linear)
[    2.286348] Last level iTLB entries: 4KB 0, 2MB 0, 4MB 0
[    2.287573] Last level dTLB entries: 4KB 0, 2MB 0, 4MB 0, 1GB 0
[    2.290018] Spectre V1 : Mitigation: usercopy/swapgs barriers and __user pointer sanitization
[    2.290635] Spectre V2 : Mitigation: Retpolines
[    2.291571] Spectre V2 : Spectre v2 / SpectreRSB mitigation: Filling RSB on context switch
[    2.292572] Spectre V2 : Spectre v2 / SpectreRSB : Filling RSB on VMEXIT
[    2.293573] Speculative Store Bypass: Vulnerable
[    2.294871] MDS: Vulnerable: Clear CPU buffers attempted, no microcode
[    2.295572] MMIO Stale Data: Unknown: No mitigations
[    2.530184] Freeing SMP alternatives memory: 44K
[    2.635568] smpboot: CPU0: Intel Common KVM processor (family: 0xf, model: 0x6, stepping: 0x1)
[    2.641435] calling  init_hw_perf_events+0x0/0x6ce @ 1
[    2.641574] Performance Events: unsupported Netburst CPU model 6 no PMU driver, software events only.
[    2.642580] initcall init_hw_perf_events+0x0/0x6ce returned 0 after 976 usecs
[    2.643577] calling  init_real_mode+0x0/0x1e9 @ 1
[    2.646468] initcall init_real_mode+0x0/0x1e9 returned 0 after 976 usecs
[    2.646578] calling  trace_init_perf_perm_irq_work_exit+0x0/0x12 @ 1
[    2.647578] initcall trace_init_perf_perm_irq_work_exit+0x0/0x12 returned 0 after 0 usecs
[    2.649624] calling  validate_x2apic+0x0/0x4a @ 1
[    2.650598] initcall validate_x2apic+0x0/0x4a returned 0 after 0 usecs
[    2.651576] calling  register_nmi_cpu_backtrace_handler+0x0/0x15 @ 1
[    2.652577] initcall register_nmi_cpu_backtrace_handler+0x0/0x15 returned 0 after 0 usecs
[    2.653640] calling  kvm_setup_vsyscall_timeinfo+0x0/0xce @ 1
[    2.654576] initcall kvm_setup_vsyscall_timeinfo+0x0/0xce returned 0 after 0 usecs
[    2.655580] calling  spawn_ksoftirqd+0x0/0x38 @ 1
[    2.656852] initcall spawn_ksoftirqd+0x0/0x38 returned 0 after 0 usecs
[    2.658189] calling  migration_init+0x0/0x3c @ 1
[    2.658573] initcall migration_init+0x0/0x3c returned 0 after 0 usecs
[    2.659573] calling  srcu_bootup_announce+0x0/0x2f @ 1
[    2.660572] rcu: Hierarchical SRCU implementation.
[    2.661617] initcall srcu_bootup_announce+0x0/0x2f returned 0 after 976 usecs
[    2.662576] calling  rcu_spawn_gp_kthread+0x0/0x1dd @ 1
[    2.664685] initcall rcu_spawn_gp_kthread+0x0/0x1dd returned 0 after 976 usecs
[    2.665578] calling  check_cpu_stall_init+0x0/0x1a @ 1
[    2.666578] initcall check_cpu_stall_init+0x0/0x1a returned 0 after 0 usecs
[    2.667577] calling  rcu_sysrq_init+0x0/0x21 @ 1
[    2.668574] initcall rcu_sysrq_init+0x0/0x21 returned 0 after 0 usecs
[    2.669574] calling  trace_init_flags_sys_enter+0x0/0xe @ 1
[    2.670617] initcall trace_init_flags_sys_enter+0x0/0xe returned 0 after 0 usecs
[    2.671575] calling  trace_init_flags_sys_exit+0x0/0xe @ 1
[    2.672574] initcall trace_init_flags_sys_exit+0x0/0xe returned 0 after 0 usecs
[    2.673635] calling  cpu_stop_init+0x0/0x6e @ 1
[    2.674806] initcall cpu_stop_init+0x0/0x6e returned 0 after 0 usecs
[    2.675582] calling  init_kprobes+0x0/0x165 @ 1
[    2.679097] initcall init_kprobes+0x0/0x165 returned 0 after 1953 usecs
[    2.679577] calling  init_events+0x0/0x3d @ 1
[    2.681998] initcall init_events+0x0/0x3d returned 0 after 976 usecs
[    2.682576] calling  init_trace_printk+0x0/0xc @ 1
[    2.683577] initcall init_trace_printk+0x0/0xc returned 0 after 0 usecs
[    2.684579] calling  event_trace_enable_again+0x0/0x23 @ 1
[    2.685578] initcall event_trace_enable_again+0x0/0x23 returned 0 after 0 usecs
[    2.686577] calling  static_call_init+0x0/0x77 @ 1
[    2.687597] initcall static_call_init+0x0/0x77 returned 0 after 0 usecs
[    2.688576] calling  jump_label_init_module+0x0/0xc @ 1
[    2.689575] initcall jump_label_init_module+0x0/0xc returned 0 after 0 usecs
[    2.690577] calling  init_zero_pfn+0x0/0x37 @ 1
[    2.691575] initcall init_zero_pfn+0x0/0x37 returned 0 after 0 usecs
[    2.692575] calling  initialize_ptr_random+0x0/0x54 @ 1
[    2.693575] initcall initialize_ptr_random+0x0/0x54 returned 0 after 0 usecs
[    2.694607] calling  efi_memreserve_root_init+0x0/0x25 @ 1
[    2.695595] initcall efi_memreserve_root_init+0x0/0x25 returned 0 after 0 usecs
[    2.696577] calling  efi_earlycon_remap_fb+0x0/0x51 @ 1
[    2.697575] initcall efi_earlycon_remap_fb+0x0/0x51 returned 0 after 0 usecs
[    2.700206] smp: Bringing up secondary CPUs ...
[    2.703202] x86: Booting SMP configuration:
[    2.703610] .... node  #0, CPUs:      #1
[    1.301831] kvm-clock: cpu 1, msr 88a5041, secondary cpu clock
[    2.730998] kvm-guest: stealtime: cpu 1, msr 1f45b600
[    2.744607]  #2
[    1.301831] kvm-clock: cpu 2, msr 88a5081, secondary cpu clock
[    2.768569] kvm-guest: stealtime: cpu 2, msr 1f49b600
[    2.781590]  #3
[    1.301831] kvm-clock: cpu 3, msr 88a50c1, secondary cpu clock
[    2.806021] kvm-guest: stealtime: cpu 3, msr 1f4db600
[    2.818624]  #4
[    1.301831] kvm-clock: cpu 4, msr 88a5101, secondary cpu clock
[    2.844569] kvm-guest: stealtime: cpu 4, msr 1f51b600
[    2.858332]  #5
[    1.301831] kvm-clock: cpu 5, msr 88a5141, secondary cpu clock
[    2.880569] kvm-guest: stealtime: cpu 5, msr 1f55b600
[    2.894072]  #6
[    1.301831] kvm-clock: cpu 6, msr 88a5181, secondary cpu clock
[    2.916889] kvm-guest: stealtime: cpu 6, msr 1f59b600
[    2.930275]  #7
[    1.301831] kvm-clock: cpu 7, msr 88a51c1, secondary cpu clock
[    2.955569] kvm-guest: stealtime: cpu 7, msr 1f5db600
[    2.972897] smp: Brought up 1 node, 8 CPUs
[    2.973574] smpboot: Max logical packages: 1
[    2.974574] smpboot: Total of 8 processors activated (31999.98 BogoMIPS)
[    2.996172] devtmpfs: initialized
[    2.999245] calling  ipc_ns_init+0x0/0x3d @ 1
[    3.000583] initcall ipc_ns_init+0x0/0x3d returned 0 after 976 usecs
[    3.001578] calling  init_mmap_min_addr+0x0/0x21 @ 1
[    3.002577] initcall init_mmap_min_addr+0x0/0x21 returned 0 after 0 usecs
[    3.003577] calling  pci_realloc_setup_params+0x0/0x3f @ 1
[    3.004577] initcall pci_realloc_setup_params+0x0/0x3f returned 0 after 0 usecs
[    3.005579] calling  net_ns_init+0x0/0x11c @ 1
[    3.006845] initcall net_ns_init+0x0/0x11c returned 0 after 0 usecs
[    3.007600] calling  e820__register_nvs_regions+0x0/0x37 @ 1
[    3.008578] initcall e820__register_nvs_regions+0x0/0x37 returned 0 after 0 usecs
[    3.009578] calling  cpufreq_register_tsc_scaling+0x0/0x2e @ 1
[    3.010579] initcall cpufreq_register_tsc_scaling+0x0/0x2e returned 0 after 0 usecs
[    3.011579] calling  reboot_init+0x0/0x3c @ 1
[    3.012637] initcall reboot_init+0x0/0x3c returned 0 after 0 usecs
[    3.013579] calling  init_lapic_sysfs+0x0/0x20 @ 1
[    3.014579] initcall init_lapic_sysfs+0x0/0x20 returned 0 after 0 usecs
[    3.015578] calling  alloc_frozen_cpus+0x0/0x7 @ 1
[    3.016578] initcall alloc_frozen_cpus+0x0/0x7 returned 0 after 0 usecs
[    3.017578] calling  cpu_hotplug_pm_sync_init+0x0/0x13 @ 1
[    3.018578] initcall cpu_hotplug_pm_sync_init+0x0/0x13 returned 0 after 0 usecs
[    3.019576] calling  wq_sysfs_init+0x0/0x2a @ 1
[    3.020621] initcall wq_sysfs_init+0x0/0x2a returned 0 after 0 usecs
[    3.021579] calling  ksysfs_init+0x0/0x92 @ 1
[    3.022592] initcall ksysfs_init+0x0/0x92 returned 0 after 0 usecs
[    3.023579] calling  schedutil_gov_init+0x0/0xc @ 1
[    3.024637] initcall schedutil_gov_init+0x0/0xc returned 0 after 0 usecs
[    3.025579] calling  pm_init+0x0/0x76 @ 1
[    3.026631] initcall pm_init+0x0/0x76 returned 0 after 0 usecs
[    3.027577] calling  pm_disk_init+0x0/0x13 @ 1
[    3.028609] initcall pm_disk_init+0x0/0x13 returned 0 after 0 usecs
[    3.029574] calling  swsusp_header_init+0x0/0x2b @ 1
[    3.030577] initcall swsusp_header_init+0x0/0x2b returned 0 after 0 usecs
[    3.031574] calling  rcu_set_runtime_mode+0x0/0x16 @ 1
[    3.032724] initcall rcu_set_runtime_mode+0x0/0x16 returned 0 after 0 usecs
[    3.033575] calling  init_jiffies_clocksource+0x0/0x13 @ 1
[    3.034573] clocksource: jiffies: mask: 0xffffffff max_cycles: 0xffffffff, max_idle_ns: 1911260446275000 ns
[    3.035580] initcall init_jiffies_clocksource+0x0/0x13 returned 0 after 976 usecs
[    3.036576] calling  futex_init+0x0/0xf7 @ 1
[    3.037576] futex hash table entries: 2048 (order: 5, 131072 bytes, linear)
[    3.038621] initcall futex_init+0x0/0xf7 returned 0 after 976 usecs
[    3.039575] calling  cgroup_wq_init+0x0/0x28 @ 1
[    3.040584] initcall cgroup_wq_init+0x0/0x28 returned 0 after 0 usecs
[    3.041574] calling  cgroup1_wq_init+0x0/0x28 @ 1
[    3.042579] initcall cgroup1_wq_init+0x0/0x28 returned 0 after 0 usecs
[    3.043575] calling  init_kprobe_trace_early+0x0/0x2a @ 1
[    3.044629] initcall init_kprobe_trace_early+0x0/0x2a returned 0 after 0 usecs
[    3.045577] calling  fsnotify_init+0x0/0x48 @ 1
[    3.046586] initcall fsnotify_init+0x0/0x48 returned 0 after 0 usecs
[    3.047575] calling  filelock_init+0x0/0x96 @ 1
[    3.048604] initcall filelock_init+0x0/0x96 returned 0 after 0 usecs
[    3.049576] calling  init_misc_binfmt+0x0/0x2c @ 1
[    3.050605] initcall init_misc_binfmt+0x0/0x2c returned 0 after 0 usecs
[    3.051576] calling  init_script_binfmt+0x0/0x15 @ 1
[    3.052576] initcall init_script_binfmt+0x0/0x15 returned 0 after 0 usecs
[    3.053576] calling  init_elf_binfmt+0x0/0x15 @ 1
[    3.054575] initcall init_elf_binfmt+0x0/0x15 returned 0 after 0 usecs
[    3.055582] calling  init_compat_elf_binfmt+0x0/0x15 @ 1
[    3.056576] initcall init_compat_elf_binfmt+0x0/0x15 returned 0 after 0 usecs
[    3.057574] calling  debugfs_init+0x0/0x5c @ 1
[    3.058589] initcall debugfs_init+0x0/0x5c returned 0 after 0 usecs
[    3.059579] calling  tracefs_init+0x0/0x3a @ 1
[    3.060579] initcall tracefs_init+0x0/0x3a returned 0 after 0 usecs
[    3.061576] calling  prandom_init_early+0x0/0x15d @ 1
[    3.062575] initcall prandom_init_early+0x0/0x15d returned 0 after 0 usecs
[    3.063732] calling  virtio_init+0x0/0x20 @ 1
[    3.064625] initcall virtio_init+0x0/0x20 returned 0 after 0 usecs
[    3.065578] calling  iommu_init+0x0/0x2a @ 1
[    3.066597] initcall iommu_init+0x0/0x2a returned 0 after 0 usecs
[    3.067577] calling  component_debug_init+0x0/0x1c @ 1
[    3.068655] initcall component_debug_init+0x0/0x1c returned 0 after 0 usecs
[    3.069578] calling  early_resume_init+0x0/0xb9 @ 1
[    3.071589] PM: RTC time: 23:01:23, date: 2022-12-13
[    3.073576] initcall early_resume_init+0x0/0xb9 returned 0 after 2929 usecs
[    3.074576] calling  cpufreq_core_init+0x0/0x62 @ 1
[    3.075703] initcall cpufreq_core_init+0x0/0x62 returned 0 after 0 usecs
[    3.076574] calling  cpufreq_gov_performance_init+0x0/0xc @ 1
[    3.077659] initcall cpufreq_gov_performance_init+0x0/0xc returned 0 after 0 usecs
[    3.078573] calling  cpufreq_gov_userspace_init+0x0/0xc @ 1
[    3.079574] initcall cpufreq_gov_userspace_init+0x0/0xc returned 0 after 0 usecs
[    3.080573] calling  CPU_FREQ_GOV_ONDEMAND_init+0x0/0xc @ 1
[    3.081577] initcall CPU_FREQ_GOV_ONDEMAND_init+0x0/0xc returned 0 after 0 usecs
[    3.082576] calling  cpuidle_init+0x0/0x1f @ 1
[    3.083729] initcall cpuidle_init+0x0/0x1f returned 0 after 0 usecs
[    3.084575] calling  capsule_reboot_register+0x0/0xc @ 1
[    3.085607] initcall capsule_reboot_register+0x0/0xc returned 0 after 0 usecs
[    3.086576] calling  sock_init+0x0/0x93 @ 1
[    3.088744] initcall sock_init+0x0/0x93 returned 0 after 976 usecs
[    3.089574] calling  net_inuse_init+0x0/0x23 @ 1
[    3.090579] initcall net_inuse_init+0x0/0x23 returned 0 after 0 usecs
[    3.091575] calling  net_defaults_init+0x0/0x23 @ 1
[    3.092577] initcall net_defaults_init+0x0/0x23 returned 0 after 0 usecs
[    3.093575] calling  init_default_flow_dissectors+0x0/0x4f @ 1
[    3.094589] initcall init_default_flow_dissectors+0x0/0x4f returned 0 after 0 usecs
[    3.095576] calling  netpoll_init+0x0/0x26 @ 1
[    3.096573] initcall netpoll_init+0x0/0x26 returned 0 after 0 usecs
[    3.098573] calling  netlink_proto_init+0x0/0x14f @ 1
[    3.100629] NET: Registered protocol family 16
[    3.101587] initcall netlink_proto_init+0x0/0x14f returned 0 after 1953 usecs
[    3.102576] calling  genl_init+0x0/0x35 @ 1
[    3.104581] initcall genl_init+0x0/0x35 returned 0 after 0 usecs
[    3.105588] calling  bsp_pm_check_init+0x0/0x13 @ 1
[    3.106581] initcall bsp_pm_check_init+0x0/0x13 returned 0 after 0 usecs
[    3.107595] calling  irq_sysfs_init+0x0/0xb7 @ 1
[    3.109582] initcall irq_sysfs_init+0x0/0xb7 returned 0 after 976 usecs
[    3.110574] calling  audit_init+0x0/0x160 @ 1
[    3.111575] audit: initializing netlink subsys (disabled)
[    3.112628] initcall audit_init+0x0/0x160 returned 0 after 976 usecs
[    3.113577] calling  release_early_probes+0x0/0x32 @ 1
[    3.114574] initcall release_early_probes+0x0/0x32 returned 0 after 0 usecs
[    3.115577] calling  bdi_class_init+0x0/0x48 @ 1
[    3.116619] initcall bdi_class_init+0x0/0x48 returned 0 after 0 usecs
[    3.117575] calling  mm_sysfs_init+0x0/0x28 @ 1
[    3.118580] initcall mm_sysfs_init+0x0/0x28 returned 0 after 0 usecs
[    3.119577] calling  init_per_zone_wmark_min+0x0/0x6d @ 1
[    3.120578] initcall init_per_zone_wmark_min+0x0/0x6d returned 0 after 0 usecs
[    3.121578] calling  mpi_init+0x0/0x3e @ 1
[    3.122615] initcall mpi_init+0x0/0x3e returned 0 after 0 usecs
[    3.123573] calling  kobject_uevent_init+0x0/0xc @ 1
[    3.124580] initcall kobject_uevent_init+0x0/0xc returned 0 after 0 usecs
[    3.125573] calling  pcibus_class_init+0x0/0x13 @ 1
[    3.126632] initcall pcibus_class_init+0x0/0x13 returned 0 after 0 usecs
[    3.127580] calling  pci_driver_init+0x0/0x21 @ 1
[    3.128746] initcall pci_driver_init+0x0/0x21 returned 0 after 0 usecs
[    3.130573] calling  backlight_class_init+0x0/0xa8 @ 1
[    3.131782] initcall backlight_class_init+0x0/0xa8 returned 0 after 0 usecs
[    3.132575] calling  tty_class_init+0x0/0x33 @ 1
[    3.133582] initcall tty_class_init+0x0/0x33 returned 0 after 0 usecs
[    3.134577] calling  vtconsole_class_init+0x0/0xb5 @ 1
[    3.135702] initcall vtconsole_class_init+0x0/0xb5 returned 0 after 0 usecs
[    3.136574] calling  iommu_dev_init+0x0/0x13 @ 1
[    3.137641] initcall iommu_dev_init+0x0/0x13 returned 0 after 0 usecs
[    3.138573] calling  mipi_dsi_bus_init+0x0/0xc @ 1
[    3.139661] initcall mipi_dsi_bus_init+0x0/0xc returned 0 after 0 usecs
[    3.140577] calling  devlink_class_init+0x0/0x40 @ 1
[    3.141589] initcall devlink_class_init+0x0/0x40 returned 0 after 0 usecs
[    3.142577] calling  software_node_init+0x0/0x2a @ 1
[    3.143580] initcall software_node_init+0x0/0x2a returned 0 after 0 usecs
[    3.144575] calling  wakeup_sources_debugfs_init+0x0/0x23 @ 1
[    3.145682] initcall wakeup_sources_debugfs_init+0x0/0x23 returned 0 after 0 usecs
[    3.146575] calling  wakeup_sources_sysfs_init+0x0/0x2c @ 1
[    3.147586] initcall wakeup_sources_sysfs_init+0x0/0x2c returned 0 after 0 usecs
[    3.148575] calling  register_node_type+0x0/0x13 @ 1
[    3.149647] initcall register_node_type+0x0/0x13 returned 0 after 0 usecs
[    3.150574] calling  regmap_initcall+0x0/0xc @ 1
[    3.152594] initcall regmap_initcall+0x0/0xc returned 0 after 976 usecs
[    3.153574] calling  i2c_init+0x0/0xb3 @ 1
[    3.154675] initcall i2c_init+0x0/0xb3 returned 0 after 0 usecs
[    3.155574] calling  thermal_init+0x0/0xf2 @ 1
[    3.156635] thermal_sys: Registered thermal governor 'step_wise'
[    3.156636] thermal_sys: Registered thermal governor 'user_space'
[    3.157586] initcall thermal_init+0x0/0xf2 returned 0 after 976 usecs
[    3.159575] calling  init_menu+0x0/0xc @ 1
[    3.160629] audit: type=2000 audit(1670972481.241:1): state=initialized audit_enabled=0 res=1
[    3.161624] cpuidle: using governor menu
[    3.166586] initcall init_menu+0x0/0xc returned 0 after 5859 usecs
[    3.173576] calling  pcc_init+0x0/0x4d @ 1
[    3.178575] initcall pcc_init+0x0/0x4d returned -19 after 0 usecs
[    3.184575] calling  amd_postcore_init+0x0/0x11e @ 1
[    3.190576] initcall amd_postcore_init+0x0/0x11e returned 0 after 0 usecs
[    3.198601] calling  bts_init+0x0/0xba @ 1
[    3.203601] initcall bts_init+0x0/0xba returned -19 after 0 usecs
[    3.210577] calling  pt_init+0x0/0x341 @ 1
[    3.215576] initcall pt_init+0x0/0x341 returned -19 after 0 usecs
[    3.223576] calling  boot_params_ksysfs_init+0x0/0x2ee @ 1
[    3.229724] initcall boot_params_ksysfs_init+0x0/0x2ee returned 0 after 0 usecs
[    3.238575] calling  sbf_init+0x0/0xea @ 1
[    3.243576] initcall sbf_init+0x0/0xea returned 0 after 0 usecs
[    3.250574] calling  arch_kdebugfs_init+0x0/0x219 @ 1
[    3.256192] initcall arch_kdebugfs_init+0x0/0x219 returned 0 after 976 usecs
[    3.265599] calling  intel_pconfig_init+0x0/0x85 @ 1
[    3.271575] initcall intel_pconfig_init+0x0/0x85 returned 0 after 0 usecs
[    3.279576] calling  mtrr_if_init+0x0/0x5d @ 1
[    3.284586] initcall mtrr_if_init+0x0/0x5d returned 0 after 0 usecs
[    3.291574] calling  activate_jump_labels+0x0/0x31 @ 1
[    3.297574] initcall activate_jump_labels+0x0/0x31 returned 0 after 0 usecs
[    3.305576] calling  ffh_cstate_init+0x0/0x29 @ 1
[    3.311579] initcall ffh_cstate_init+0x0/0x29 returned 0 after 0 usecs
[    3.318574] calling  activate_jump_labels+0x0/0x31 @ 1
[    3.325714] initcall activate_jump_labels+0x0/0x31 returned 0 after 976 usecs
[    3.333576] calling  kvm_alloc_cpumask+0x0/0x74 @ 1
[    3.339625] initcall kvm_alloc_cpumask+0x0/0x74 returned 0 after 0 usecs
[    3.347575] calling  kcmp_cookies_init+0x0/0x37 @ 1
[    3.353581] initcall kcmp_cookies_init+0x0/0x37 returned 0 after 0 usecs
[    3.360577] calling  cryptomgr_init+0x0/0xc @ 1
[    3.366687] initcall cryptomgr_init+0x0/0xc returned 0 after 0 usecs
[    3.373576] calling  acpi_pci_init+0x0/0x57 @ 1
[    3.379574] ACPI: bus type PCI registered
[    3.384576] initcall acpi_pci_init+0x0/0x57 returned 0 after 4882 usecs
[    3.391576] calling  dma_channel_table_init+0x0/0xd1 @ 1
[    3.397586] initcall dma_channel_table_init+0x0/0xd1 returned 0 after 0 usecs
[    3.406576] calling  dma_bus_init+0x0/0xdc @ 1
[    3.411766] initcall dma_bus_init+0x0/0xdc returned 0 after 0 usecs
[    3.418632] calling  iommu_dma_init+0x0/0x10 @ 1
[    3.424577] initcall iommu_dma_init+0x0/0x10 returned 0 after 0 usecs
[    3.431575] calling  dmi_id_init+0x0/0x37c @ 1
[    3.436765] initcall dmi_id_init+0x0/0x37c returned 0 after 0 usecs
[    3.444575] calling  pci_arch_init+0x0/0x71 @ 1
[    3.450761] PCI: MMCONFIG for domain 0000 [bus 00-ff] at [mem 0xb0000000-0xbfffffff] (base 0xb0000000)
[    3.460577] PCI: MMCONFIG at [mem 0xb0000000-0xbfffffff] reserved in E820
[    3.468597] PCI: Using configuration type 1 for base access
[    3.475616] initcall pci_arch_init+0x0/0x71 returned 0 after 25390 usecs
[    3.484606] calling  init_vdso+0x0/0x13 @ 1
[    3.489643] initcall init_vdso+0x0/0x13 returned 0 after 0 usecs
[    3.496581] calling  sysenter_setup+0x0/0x13 @ 1
[    3.502610] initcall sysenter_setup+0x0/0x13 returned 0 after 0 usecs
[    3.507577] calling  fixup_ht_bug+0x0/0xe5 @ 1
[    3.512575] initcall fixup_ht_bug+0x0/0xe5 returned 0 after 0 usecs
[    3.520575] calling  topology_init+0x0/0x88 @ 1
[    3.525732] initcall topology_init+0x0/0x88 returned 0 after 0 usecs
[    3.533576] calling  intel_epb_init+0x0/0x68 @ 1
[    3.538576] initcall intel_epb_init+0x0/0x68 returned -19 after 0 usecs
[    3.546581] calling  mtrr_init_finialize+0x0/0x3e @ 1
[    3.552581] initcall mtrr_init_finialize+0x0/0x3e returned 0 after 0 usecs
[    3.560577] calling  uid_cache_init+0x0/0x81 @ 1
[    3.566582] initcall uid_cache_init+0x0/0x81 returned 0 after 0 usecs
[    3.574592] calling  param_sysfs_init+0x0/0x1ba @ 1
[    3.583214] initcall param_sysfs_init+0x0/0x1ba returned 0 after 2929 usecs
[    3.590576] calling  user_namespace_sysctl_init+0x0/0x33 @ 1
[    3.597587] initcall user_namespace_sysctl_init+0x0/0x33 returned 0 after 0 usecs
[    3.606575] calling  proc_schedstat_init+0x0/0x24 @ 1
[    3.612579] initcall proc_schedstat_init+0x0/0x24 returned 0 after 0 usecs
[    3.620578] calling  pm_sysrq_init+0x0/0x18 @ 1
[    3.630582] initcall pm_sysrq_init+0x0/0x18 returned 0 after 2929 usecs
[    3.640849] calling  create_proc_profile+0x0/0xd0 @ 1
[    3.648579] initcall create_proc_profile+0x0/0xd0 returned 0 after 0 usecs
[    3.656576] calling  time_ns_init+0x0/0x7 @ 1
[    3.661574] initcall time_ns_init+0x0/0x7 returned 0 after 0 usecs
[    3.668576] calling  crash_save_vmcoreinfo_init+0x0/0x722 @ 1
[    3.675653] initcall crash_save_vmcoreinfo_init+0x0/0x722 returned 0 after 0 usecs
[    3.684575] calling  crash_notes_memory_init+0x0/0x35 @ 1
[    3.691582] initcall crash_notes_memory_init+0x0/0x35 returned 0 after 0 usecs
[    3.700575] calling  cgroup_sysfs_init+0x0/0x13 @ 1
[    3.705584] initcall cgroup_sysfs_init+0x0/0x13 returned 0 after 976 usecs
[    3.714574] calling  cgroup_namespaces_init+0x0/0x7 @ 1
[    3.720574] initcall cgroup_namespaces_init+0x0/0x7 returned 0 after 0 usecs
[    3.728575] calling  init_optprobes+0x0/0x13 @ 1
[    3.734578] Kprobes globally optimized
[    3.739575] initcall init_optprobes+0x0/0x13 returned 0 after 4882 usecs
[    3.747577] calling  oom_init+0x0/0x2f @ 1
[    3.752882] initcall oom_init+0x0/0x2f returned 0 after 0 usecs
[    3.759582] calling  default_bdi_init+0x0/0xb3 @ 1
[    3.766959] initcall default_bdi_init+0x0/0xb3 returned 0 after 976 usecs
[    3.774591] calling  percpu_enable_async+0x0/0xe @ 1
[    3.781578] initcall percpu_enable_async+0x0/0xe returned 0 after 0 usecs
[    3.791579] calling  kcompactd_init+0x0/0x8d @ 1
[    3.798787] initcall kcompactd_init+0x0/0x8d returned 0 after 0 usecs
[    3.808672] calling  init_user_reserve+0x0/0x40 @ 1
[    3.814578] initcall init_user_reserve+0x0/0x40 returned 0 after 0 usecs
[    3.822575] calling  init_admin_reserve+0x0/0x40 @ 1
[    3.828578] initcall init_admin_reserve+0x0/0x40 returned 0 after 0 usecs
[    3.836576] calling  init_reserve_notifier+0x0/0x7 @ 1
[    3.842574] initcall init_reserve_notifier+0x0/0x7 returned 0 after 0 usecs
[    3.850577] calling  swap_init_sysfs+0x0/0x62 @ 1
[    3.856586] initcall swap_init_sysfs+0x0/0x62 returned 0 after 0 usecs
[    3.863575] calling  swapfile_init+0x0/0x94 @ 1
[    3.869575] initcall swapfile_init+0x0/0x94 returned 0 after 0 usecs
[    3.876576] calling  hugetlb_init+0x0/0x496 @ 1
[    3.881609] HugeTLB registered 2.00 MiB page size, pre-allocated 0 pages
[    3.889598] initcall hugetlb_init+0x0/0x496 returned 0 after 7812 usecs
[    3.897575] calling  io_wq_init+0x0/0x34 @ 1
[    3.902575] initcall io_wq_init+0x0/0x34 returned 0 after 0 usecs
[    3.909575] calling  seqiv_module_init+0x0/0xc @ 1
[    3.915598] initcall seqiv_module_init+0x0/0xc returned 0 after 0 usecs
[    3.923575] calling  echainiv_module_init+0x0/0xc @ 1
[    3.928574] initcall echainiv_module_init+0x0/0xc returned 0 after 0 usecs
[    3.936657] calling  rsa_init+0x0/0x50 @ 1
[    3.942789] initcall rsa_init+0x0/0x50 returned 0 after 976 usecs
[    3.942792] cryptomgr_test (71) used greatest stack depth: 15184 bytes left
[    3.942789] calling  crypto_cmac_module_init+0x0/0xc @ 1
[    3.942789] initcall crypto_cmac_module_init+0x0/0xc returned 0 after 0 usecs
[    3.942789] calling  hmac_module_init+0x0/0xc @ 1
[    3.964579] initcall hmac_module_init+0x0/0xc returned 0 after 0 usecs
[    3.971575] calling  crypto_null_mod_init+0x0/0x65 @ 1
[    3.978740] cryptomgr_test (73) used greatest stack depth: 15136 bytes left
[    3.982997] initcall crypto_null_mod_init+0x0/0x65 returned 0 after 4882 usecs
[    3.991579] calling  md5_mod_init+0x0/0xc @ 1
[    3.997813] initcall md5_mod_init+0x0/0xc returned 0 after 976 usecs
[    4.005577] calling  sha256_generic_mod_init+0x0/0x11 @ 1
[    4.013729] initcall sha256_generic_mod_init+0x0/0x11 returned 0 after 1953 usecs
[    4.022578] calling  crypto_cbc_module_init+0x0/0xc @ 1
[    4.028577] initcall crypto_cbc_module_init+0x0/0xc returned 0 after 0 usecs
[    4.037577] calling  crypto_ctr_module_init+0x0/0x11 @ 1
[    4.043582] initcall crypto_ctr_module_init+0x0/0x11 returned 0 after 0 usecs
[    4.055467] calling  crypto_gcm_module_init+0x0/0x64 @ 1
[    4.063183] initcall crypto_gcm_module_init+0x0/0x64 returned 0 after 0 usecs
[    4.071576] calling  crypto_ccm_module_init+0x0/0x11 @ 1
[    4.077579] initcall crypto_ccm_module_init+0x0/0x11 returned 0 after 976 usecs
[    4.088578] calling  aes_init+0x0/0xc @ 1
[    4.097838] initcall aes_init+0x0/0xc returned 0 after 3906 usecs
[    4.105578] calling  crc32c_mod_init+0x0/0xc @ 1
[    4.112715] initcall crc32c_mod_init+0x0/0xc returned 0 after 976 usecs
[    4.120576] calling  crypto_authenc_module_init+0x0/0xc @ 1
[    4.127580] initcall crypto_authenc_module_init+0x0/0xc returned 0 after 0 usecs
[    4.136577] calling  crypto_authenc_esn_module_init+0x0/0xc @ 1
[    4.143600] initcall crypto_authenc_esn_module_init+0x0/0xc returned 0 after 0 usecs
[    4.154576] calling  drbg_init+0x0/0x7c @ 1
[    4.166731] initcall drbg_init+0x0/0x7c returned 0 after 6835 usecs
[    4.173578] calling  ghash_mod_init+0x0/0xc @ 1
[    4.180576] initcall ghash_mod_init+0x0/0xc returned 0 after 976 usecs
[    4.187576] calling  init_bio+0x0/0x9a @ 1
[    4.194210] initcall init_bio+0x0/0x9a returned 0 after 0 usecs
[    4.201576] calling  blk_settings_init+0x0/0x29 @ 1
[    4.207574] initcall blk_settings_init+0x0/0x29 returned 0 after 0 usecs
[    4.215574] calling  blk_ioc_init+0x0/0x29 @ 1
[    4.220621] initcall blk_ioc_init+0x0/0x29 returned 0 after 0 usecs
[    4.227575] calling  blk_mq_init+0x0/0xb9 @ 1
[    4.232647] initcall blk_mq_init+0x0/0xb9 returned 0 after 0 usecs
[    4.236574] calling  genhd_device_init+0x0/0x75 @ 1
[    4.245203] initcall genhd_device_init+0x0/0x75 returned 0 after 7812 usecs
[    4.254568] calling  pci_slot_init+0x0/0x40 @ 1
[    4.260860] initcall pci_slot_init+0x0/0x40 returned 0 after 1953 usecs
[    4.266577] calling  fbmem_init+0x0/0xd8 @ 1
[    4.280575] initcall fbmem_init+0x0/0xd8 returned 0 after 6835 usecs
[    4.287576] calling  acpi_init+0x0/0x319 @ 1
[    4.295066] ACPI: Added _OSI(Module Device)
[    4.300574] ACPI: Added _OSI(Processor Device)
[    4.306574] ACPI: Added _OSI(3.0 _SCP Extensions)
[    4.311574] ACPI: Added _OSI(Processor Aggregator Device)
[    4.320572] ACPI: Added _OSI(Linux-Dell-Video)
[    4.324575] ACPI: Added _OSI(Linux-Lenovo-NV-HDMI-Audio)
[    4.332575] ACPI: Added _OSI(Linux-HPI-Hybrid-Graphics)
[    4.345431] ACPI: 1 ACPI AML tables successfully acquired and loaded
[    4.363693] ACPI: Interpreter enabled
[    4.368022] ACPI: (supports S0 S3 S4 S5)
[    4.373799] ACPI: Using IOAPIC for interrupt routing
[    4.380078] PCI: Using host bridge windows from ACPI; if necessary, use "pci=nocrs" and report a bug
[    4.393796] ACPI: Enabled 2 GPEs in block 00 to 3F
[    4.409042] ACPI: PCI Root Bridge [PCI0] (domain 0000 [bus 00-ff])
[    4.416805] acpi PNP0A08:00: _OSC: OS supports [ExtendedConfig ASPM ClockPM Segments MSI HPX-Type3]
[    4.428674] acpi PNP0A08:00: _OSC: platform does not support [LTR]
[    4.436635] acpi PNP0A08:00: _OSC: OS now controls [PME PCIeCapability]
[    4.444873] PCI host bridge to bus 0000:00
[    4.450598] pci_bus 0000:00: root bus resource [io  0x0000-0x0cf7 window]
[    4.460576] pci_bus 0000:00: root bus resource [io  0x0d00-0xffff window]
[    4.468574] pci_bus 0000:00: root bus resource [mem 0x000a0000-0x000bffff window]
[    4.477574] pci_bus 0000:00: root bus resource [mem 0x20000000-0xafffffff window]
[    4.485573] pci_bus 0000:00: root bus resource [mem 0xc0000000-0xfebfffff window]
[    4.494575] pci_bus 0000:00: root bus resource [mem 0x100000000-0x8ffffffff window]
[    4.503574] pci_bus 0000:00: root bus resource [bus 00-ff]
[    4.511722] pci 0000:00:00.0: calling  quirk_mmio_always_on+0x0/0x10 @ 1
[    4.519579] pci 0000:00:00.0: quirk_mmio_always_on+0x0/0x10 took 0 usecs
[    4.527590] pci 0000:00:00.0: [8086:29c0] type 00 class 0x060000
[    4.538313] pci 0000:00:00.0: calling  quirk_igfx_skip_te_disable+0x0/0x80 @ 1
[    4.546616] pci 0000:00:00.0: quirk_igfx_skip_te_disable+0x0/0x80 took 0 usecs
[    4.557007] pci 0000:00:01.0: [1234:1111] type 00 class 0x030000
[    4.570471] pci 0000:00:01.0: reg 0x10: [mem 0xfd000000-0xfdffffff pref]
[    4.593393] pci 0000:00:01.0: reg 0x18: [mem 0xfebf0000-0xfebf0fff]
[    4.629568] pci 0000:00:01.0: reg 0x30: [mem 0xfebe0000-0xfebeffff pref]
[    4.640491] pci 0000:00:01.0: calling  efifb_fixup_resources+0x0/0xf0 @ 1
[    4.650611] pci 0000:00:01.0: efifb_fixup_resources+0x0/0xf0 took 0 usecs
[    4.669050] pci 0000:00:1f.0: [8086:2918] type 00 class 0x060100
[    4.681324] pci 0000:00:1f.0: calling  quirk_ich7_lpc+0x0/0x60 @ 1
[    4.689013] pci 0000:00:1f.0: quirk: [io  0x0600-0x067f] claimed by ICH6 ACPI/GPIO/TCO
[    4.698812] pci 0000:00:1f.0: quirk_ich7_lpc+0x0/0x60 took 9765 usecs
[    4.705664] pci 0000:00:1f.0: calling  quirk_igfx_skip_te_disable+0x0/0x80 @ 1
[    4.714625] pci 0000:00:1f.0: quirk_igfx_skip_te_disable+0x0/0x80 took 0 usecs
[    4.725229] pci 0000:00:1f.2: [8086:2922] type 00 class 0x010601
[    4.740574] pci 0000:00:1f.2: reg 0x20: [io  0xc040-0xc05f]
[    4.749275] pci 0000:00:1f.2: reg 0x24: [mem 0xfebf1000-0xfebf1fff]
[    4.758465] pci 0000:00:1f.2: calling  quirk_igfx_skip_te_disable+0x0/0x80 @ 1
[    4.766579] pci 0000:00:1f.2: quirk_igfx_skip_te_disable+0x0/0x80 took 0 usecs
[    4.779246] pci 0000:00:1f.3: [8086:2930] type 00 class 0x0c0500
[    4.791806] pci 0000:00:1f.3: reg 0x20: [io  0x0700-0x073f]
[    4.800760] pci 0000:00:1f.3: calling  quirk_igfx_skip_te_disable+0x0/0x80 @ 1
[    4.805577] pci 0000:00:1f.3: quirk_igfx_skip_te_disable+0x0/0x80 took 0 usecs
[    4.823572] ACPI: PCI Interrupt Link [LNKA] (IRQs 5 *10 11)
[    4.831013] ACPI: PCI Interrupt Link [LNKB] (IRQs 5 *10 11)
[    4.838004] ACPI: PCI Interrupt Link [LNKC] (IRQs 5 10 *11)
[    4.846595] ACPI: PCI Interrupt Link [LNKD] (IRQs 5 10 *11)
[    4.854966] ACPI: PCI Interrupt Link [LNKE] (IRQs 5 *10 11)
[    4.862802] ACPI: PCI Interrupt Link [LNKF] (IRQs 5 *10 11)
[    4.868959] ACPI: PCI Interrupt Link [LNKG] (IRQs 5 10 *11)
[    4.877799] ACPI: PCI Interrupt Link [LNKH] (IRQs 5 10 *11)
[    4.884765] ACPI: PCI Interrupt Link [GSIA] (IRQs *16)
[    4.890588] ACPI: PCI Interrupt Link [GSIB] (IRQs *17)
[    4.897596] ACPI: PCI Interrupt Link [GSIC] (IRQs *18)
[    4.903589] ACPI: PCI Interrupt Link [GSID] (IRQs *19)
[    4.910593] ACPI: PCI Interrupt Link [GSIE] (IRQs *20)
[    4.917589] ACPI: PCI Interrupt Link [GSIF] (IRQs *21)
[    4.923587] ACPI: PCI Interrupt Link [GSIG] (IRQs *22)
[    4.930591] ACPI: PCI Interrupt Link [GSIH] (IRQs *23)
[    4.940892] initcall acpi_init+0x0/0x319 returned 0 after 631835 usecs
[    4.948765] calling  pnp_init+0x0/0xc @ 1
[    4.953633] initcall pnp_init+0x0/0xc returned 0 after 0 usecs
[    4.960576] calling  misc_init+0x0/0xbf @ 1
[    4.967054] initcall misc_init+0x0/0xbf returned 0 after 976 usecs
[    4.974594] calling  iommu_subsys_init+0x0/0x4e @ 1
[    4.980643] iommu: Default domain type: Translated 
[    4.986579] initcall iommu_subsys_init+0x0/0x4e returned 0 after 5859 usecs
[    4.995598] calling  vga_arb_device_init+0x0/0x261 @ 1
[    5.004855] pci 0000:00:01.0: vgaarb: setting as boot VGA device
[    5.005568] pci 0000:00:01.0: vgaarb: VGA device added: decodes=io+mem,owns=io+mem,locks=none
[    5.025578] pci 0000:00:01.0: vgaarb: bridge control possible
[    5.032573] vgaarb: loaded
[    5.035576] initcall vga_arb_device_init+0x0/0x261 returned 0 after 31250 usecs
[    5.045681] calling  cn_init+0x0/0xf0 @ 1
[    5.052425] initcall cn_init+0x0/0xf0 returned 0 after 0 usecs
[    5.058577] calling  dma_buf_init+0x0/0xad @ 1
[    5.065798] initcall dma_buf_init+0x0/0xad returned 0 after 976 usecs
[    5.074577] calling  init_scsi+0x0/0x79 @ 1
[    5.079968] SCSI subsystem initialized
[    5.084575] initcall init_scsi+0x0/0x79 returned 0 after 4882 usecs
[    5.092592] calling  ata_init+0x0/0x332 @ 1
[    5.100746] libata version 3.00 loaded.
[    5.105576] initcall ata_init+0x0/0x332 returned 0 after 7812 usecs
[    5.112574] calling  phy_init+0x0/0x250 @ 1
[    5.118073] initcall phy_init+0x0/0x250 returned 0 after 0 usecs
[    5.125575] calling  init_pcmcia_cs+0x0/0x35 @ 1
[    5.130663] initcall init_pcmcia_cs+0x0/0x35 returned 0 after 0 usecs
[    5.138575] calling  usb_common_init+0x0/0x1c @ 1
[    5.144647] initcall usb_common_init+0x0/0x1c returned 0 after 0 usecs
[    5.151574] calling  usb_init+0x0/0x12e @ 1
[    5.157661] ACPI: bus type USB registered
[    5.162826] usbcore: registered new interface driver usbfs
[    5.168648] usbcore: registered new interface driver hub
[    5.175589] usbcore: registered new device driver usb
[    5.181579] initcall usb_init+0x0/0x12e returned 0 after 24414 usecs
[    5.188576] calling  serio_init+0x0/0x29 @ 1
[    5.193613] initcall serio_init+0x0/0x29 returned 0 after 0 usecs
[    5.202579] calling  input_init+0x0/0xf6 @ 1
[    5.208591] initcall input_init+0x0/0xf6 returned 0 after 976 usecs
[    5.215574] calling  rtc_init+0x0/0x4d @ 1
[    5.220599] initcall rtc_init+0x0/0x4d returned 0 after 0 usecs
[    5.227574] calling  pps_init+0x0/0xa9 @ 1
[    5.232597] pps_core: LinuxPPS API ver. 1 registered
[    5.238572] pps_core: Software ver. 5.3.6 - Copyright 2005-2007 Rodolfo Giometti <giometti@linux.it>
[    5.249577] initcall pps_init+0x0/0xa9 returned 0 after 16601 usecs
[    5.256574] calling  ptp_init+0x0/0x98 @ 1
[    5.261583] PTP clock support registered
[    5.266576] initcall ptp_init+0x0/0x98 returned 0 after 4882 usecs
[    5.273575] calling  power_supply_class_init+0x0/0x3f @ 1
[    5.280745] initcall power_supply_class_init+0x0/0x3f returned 0 after 0 usecs
[    5.289575] calling  hwmon_init+0x0/0x104 @ 1
[    5.294600] initcall hwmon_init+0x0/0x104 returned 0 after 0 usecs
[    5.301573] calling  md_init+0x0/0x16b @ 1
[    5.307844] initcall md_init+0x0/0x16b returned 0 after 976 usecs
[    5.314574] calling  leds_init+0x0/0x3b @ 1
[    5.319605] initcall leds_init+0x0/0x3b returned 0 after 0 usecs
[    5.326575] calling  dmi_init+0x0/0x113 @ 1
[    5.332733] initcall dmi_init+0x0/0x113 returned 0 after 0 usecs
[    5.339575] calling  efisubsys_init+0x0/0x4e7 @ 1
[    5.345594] initcall efisubsys_init+0x0/0x4e7 returned 0 after 0 usecs
[    5.354576] calling  nvmem_init+0x0/0xc @ 1
[    5.361638] initcall nvmem_init+0x0/0xc returned 0 after 0 usecs
[    5.370576] calling  init_soundcore+0x0/0x33 @ 1
[    5.376615] initcall init_soundcore+0x0/0x33 returned 0 after 0 usecs
[    5.385574] calling  alsa_sound_init+0x0/0x8f @ 1
[    5.391700] Advanced Linux Sound Architecture Driver Initialized.
[    5.398593] initcall alsa_sound_init+0x0/0x8f returned 0 after 6835 usecs
[    5.406574] calling  alsa_seq_device_init+0x0/0x71 @ 1
[    5.412619] initcall alsa_seq_device_init+0x0/0x71 returned 0 after 0 usecs
[    5.421574] calling  hda_bus_init+0x0/0xc @ 1
[    5.426616] initcall hda_bus_init+0x0/0xc returned 0 after 0 usecs
[    5.435576] calling  proto_init+0x0/0xc @ 1
[    5.441677] initcall proto_init+0x0/0xc returned 0 after 0 usecs
[    5.450576] calling  net_dev_init+0x0/0x209 @ 1
[    5.458994] initcall net_dev_init+0x0/0x209 returned 0 after 976 usecs
[    5.466574] calling  neigh_init+0x0/0x84 @ 1
[    5.470577] initcall neigh_init+0x0/0x84 returned 0 after 0 usecs
[    5.472574] calling  fib_notifier_init+0x0/0xc @ 1
[    5.480815] initcall fib_notifier_init+0x0/0xc returned 0 after 0 usecs
[    5.490577] calling  fib_rules_init+0x0/0xab @ 1
[    5.497600] initcall fib_rules_init+0x0/0xab returned 0 after 0 usecs
[    5.506576] calling  pktsched_init+0x0/0x10e @ 1
[    5.512627] initcall pktsched_init+0x0/0x10e returned 0 after 0 usecs
[    5.519574] calling  tc_filter_init+0x0/0xfa @ 1
[    5.525609] initcall tc_filter_init+0x0/0xfa returned 0 after 0 usecs
[    5.532574] calling  tc_action_init+0x0/0x54 @ 1
[    5.538574] initcall tc_action_init+0x0/0x54 returned 0 after 0 usecs
[    5.546575] calling  ethnl_init+0x0/0x52 @ 1
[    5.551689] initcall ethnl_init+0x0/0x52 returned 0 after 0 usecs
[    5.558574] calling  nexthop_init+0x0/0xd8 @ 1
[    5.563720] initcall nexthop_init+0x0/0xd8 returned 0 after 0 usecs
[    5.571574] calling  cipso_v4_init+0x0/0x5d @ 1
[    5.573575] initcall cipso_v4_init+0x0/0x5d returned 0 after 0 usecs
[    5.584704] calling  ieee80211_init+0x0/0x24 @ 1
[    5.590235] initcall ieee80211_init+0x0/0x24 returned 0 after 976 usecs
[    5.598577] calling  netlbl_init+0x0/0x78 @ 1
[    5.604590] NetLabel: Initializing
[    5.608572] NetLabel:  domain hash size = 128
[    5.614577] NetLabel:  protocols = UNLABELED CIPSOv4 CALIPSO
[    5.623858] NetLabel:  unlabeled traffic allowed by default
[    5.630583] initcall netlbl_init+0x0/0x78 returned 0 after 25390 usecs
[    5.639579] calling  rfkill_init+0x0/0x111 @ 1
[    5.649805] initcall rfkill_init+0x0/0x111 returned 0 after 3906 usecs
[    5.659512] calling  pci_subsys_init+0x0/0x66 @ 1
[    5.667573] PCI: Using ACPI for IRQ routing
[    6.240572] PCI: pci_cache_line_size set to 64 bytes
[    6.254882] e820: reserve RAM buffer [mem 0x0009fc00-0x0009ffff]
[    6.264115] e820: reserve RAM buffer [mem 0x1ffdf000-0x1fffffff]
[    6.271573] initcall pci_subsys_init+0x0/0x66 returned 0 after 590820 usecs
[    6.296840] calling  nmi_warning_debugfs+0x0/0x26 @ 1
[    6.307699] initcall nmi_warning_debugfs+0x0/0x26 returned 0 after 4882 usecs
[    6.316578] calling  save_microcode_in_initrd+0x0/0x51 @ 1
[    6.324578] initcall save_microcode_in_initrd+0x0/0x51 returned 0 after 1953 usecs
[    6.334823] calling  hpet_late_init+0x0/0x207 @ 1
[    6.341985] hpet: 3 channels of 0 reserved for per-cpu timers
[    6.351568] hpet0: at MMIO 0xfed00000, IRQs 2, 8, 0
[    6.359573] hpet0: 3 comparators, 64-bit 100.000000 MHz counter
[    6.370580] initcall hpet_late_init+0x0/0x207 returned 0 after 30273 usecs
[    6.378577] calling  init_amd_nbs+0x0/0x11c @ 1
[    6.384951] initcall init_amd_nbs+0x0/0x11c returned 0 after 0 usecs
[    6.393694] calling  clocksource_done_booting+0x0/0x41 @ 1
[    6.415079] clocksource: Switched to clocksource kvm-clock
[    6.423540] initcall clocksource_done_booting+0x0/0x41 returned 0 after 22424 usecs
[    6.433110] calling  tracer_init_tracefs+0x0/0x242 @ 1
[    7.000617] initcall tracer_init_tracefs+0x0/0x242 returned 0 after 547635 usecs
[    7.010175] calling  init_trace_printk_function_export+0x0/0x2c @ 1
[    7.018124] initcall init_trace_printk_function_export+0x0/0x2c returned 0 after 8 usecs
[    7.028456] calling  init_kprobe_trace+0x0/0x1a9 @ 1
[    7.036293] initcall init_kprobe_trace+0x0/0x1a9 returned 0 after 807 usecs
[    7.045259] calling  init_dynamic_event+0x0/0x3d @ 1
[    7.052058] initcall init_dynamic_event+0x0/0x3d returned 0 after 234 usecs
[    7.064386] calling  init_uprobe_trace+0x0/0x5c @ 1
[    7.072674] initcall init_uprobe_trace+0x0/0x5c returned 0 after 932 usecs
[    7.082679] calling  init_pipe_fs+0x0/0x44 @ 1
[    7.092383] initcall init_pipe_fs+0x0/0x44 returned 0 after 3020 usecs
[    7.100597] calling  inotify_user_setup+0x0/0x47 @ 1
[    7.107599] initcall inotify_user_setup+0x0/0x47 returned 0 after 513 usecs
[    7.116627] calling  eventpoll_init+0x0/0xd4 @ 1
[    7.123544] initcall eventpoll_init+0x0/0xd4 returned 0 after 487 usecs
[    7.131723] calling  anon_inode_init+0x0/0x58 @ 1
[    7.137925] initcall anon_inode_init+0x0/0x58 returned 0 after 383 usecs
[    7.146157] calling  proc_locks_init+0x0/0x27 @ 1
[    7.152081] initcall proc_locks_init+0x0/0x27 returned 0 after 223 usecs
[    7.160271] calling  iomap_init+0x0/0x1b @ 1
[    7.166931] initcall iomap_init+0x0/0x1b returned 0 after 1172 usecs
[    7.174596] calling  dquot_init+0x0/0x106 @ 1
[    7.179880] VFS: Disk quotas dquot_6.6.0
[    7.185544] VFS: Dquot-cache hash table entries: 512 (order 0, 4096 bytes)
[    7.195279] initcall dquot_init+0x0/0x106 returned 0 after 15031 usecs
[    7.203008] calling  quota_init+0x0/0x23 @ 1
[    7.209538] initcall quota_init+0x0/0x23 returned 0 after 1360 usecs
[    7.217029] calling  proc_cmdline_init+0x0/0x21 @ 1
[    7.222825] initcall proc_cmdline_init+0x0/0x21 returned 0 after 24 usecs
[    7.230701] calling  proc_consoles_init+0x0/0x24 @ 1
[    7.236551] initcall proc_consoles_init+0x0/0x24 returned 0 after 17 usecs
[    7.244655] calling  proc_cpuinfo_init+0x0/0x1e @ 1
[    7.250342] initcall proc_cpuinfo_init+0x0/0x1e returned 0 after 3 usecs
[    7.258292] calling  proc_devices_init+0x0/0x24 @ 1
[    7.265246] initcall proc_devices_init+0x0/0x24 returned 0 after 312 usecs
[    7.274358] calling  proc_interrupts_init+0x0/0x24 @ 1
[    7.281202] initcall proc_interrupts_init+0x0/0x24 returned 0 after 4 usecs
[    7.290481] calling  proc_loadavg_init+0x0/0x21 @ 1
[    7.297095] initcall proc_loadavg_init+0x0/0x21 returned 0 after 4 usecs
[    7.306466] calling  proc_meminfo_init+0x0/0x21 @ 1
[    7.313267] initcall proc_meminfo_init+0x0/0x21 returned 0 after 3 usecs
[    7.322081] calling  proc_stat_init+0x0/0x1e @ 1
[    7.328129] initcall proc_stat_init+0x0/0x1e returned 0 after 4 usecs
[    7.336724] calling  proc_uptime_init+0x0/0x21 @ 1
[    7.343418] initcall proc_uptime_init+0x0/0x21 returned 0 after 3 usecs
[    7.351894] calling  proc_version_init+0x0/0x21 @ 1
[    7.358470] initcall proc_version_init+0x0/0x21 returned 0 after 204 usecs
[    7.367396] calling  proc_softirqs_init+0x0/0x21 @ 1
[    7.374383] initcall proc_softirqs_init+0x0/0x21 returned 0 after 4 usecs
[    7.383910] calling  proc_kcore_init+0x0/0xea @ 1
[    7.391568] initcall proc_kcore_init+0x0/0xea returned 0 after 1221 usecs
[    7.400548] calling  vmcore_init+0x0/0x578 @ 1
[    7.407112] initcall vmcore_init+0x0/0x578 returned 0 after 490 usecs
[    7.416729] calling  proc_kmsg_init+0x0/0x21 @ 1
[    7.423004] initcall proc_kmsg_init+0x0/0x21 returned 0 after 4 usecs
[    7.433557] calling  proc_page_init+0x0/0x3b @ 1
[    7.440790] initcall proc_page_init+0x0/0x3b returned 0 after 6 usecs
[    7.449577] calling  init_ramfs_fs+0x0/0xc @ 1
[    7.456241] initcall init_ramfs_fs+0x0/0xc returned 0 after 739 usecs
[    7.464917] calling  init_hugetlbfs_fs+0x0/0xf6 @ 1
[    7.472875] initcall init_hugetlbfs_fs+0x0/0xf6 returned 0 after 1391 usecs
[    7.482352] calling  blk_scsi_ioctl_init+0x0/0x2a5 @ 1
[    7.490486] initcall blk_scsi_ioctl_init+0x0/0x2a5 returned 0 after 935 usecs
[    7.500029] calling  acpi_event_init+0x0/0x2c @ 1
[    7.507692] initcall acpi_event_init+0x0/0x2c returned 0 after 952 usecs
[    7.516304] calling  pnp_system_init+0x0/0xc @ 1
[    7.536752] initcall pnp_system_init+0x0/0xc returned 0 after 13923 usecs
[    7.545582] calling  pnpacpi_init+0x0/0x69 @ 1
[    7.552188] pnp: PnP ACPI init
[    7.604586] pnp 00:00: Plug and Play ACPI device, IDs PNP0303 (active)
[    7.613369] pnp 00:01: Plug and Play ACPI device, IDs PNP0f13 (active)
[    7.622573] pnp 00:02: Plug and Play ACPI device, IDs PNP0400 (active)
[    7.631138] pnp 00:03: Plug and Play ACPI device, IDs PNP0501 (active)
[    7.639939] pnp 00:04: Plug and Play ACPI device, IDs PNP0b00 (active)
[    7.651565] system 00:05: [mem 0xb0000000-0xbfffffff window] has been reserved
[    7.660879] system 00:05: Plug and Play ACPI device, IDs PNP0c01 (active)
[    7.677824] pnp: PnP ACPI: found 6 devices
[    7.683227] initcall pnpacpi_init+0x0/0x69 returned 0 after 128187 usecs
[    7.691903] calling  chr_dev_init+0x0/0x14d @ 1
[    7.726960] initcall chr_dev_init+0x0/0x14d returned 0 after 25420 usecs
[    7.736054] calling  firmware_class_init+0x0/0xe7 @ 1
[    7.742815] initcall firmware_class_init+0x0/0xe7 returned 0 after 211 usecs
[    7.752419] calling  init_pcmcia_bus+0x0/0x5b @ 1
[    7.759577] initcall init_pcmcia_bus+0x0/0x5b returned 0 after 135 usecs
[    7.770507] calling  init_acpi_pm_clocksource+0x0/0xda @ 1
[    7.784225] clocksource: acpi_pm: mask: 0xffffff max_cycles: 0xffffff, max_idle_ns: 2085701024 ns
[    7.794581] initcall init_acpi_pm_clocksource+0x0/0xda returned 0 after 15486 usecs
[    7.803520] calling  sysctl_core_init+0x0/0x26 @ 1
[    7.810097] initcall sysctl_core_init+0x0/0x26 returned 0 after 843 usecs
[    7.818149] calling  eth_offload_init+0x0/0x13 @ 1
[    7.823798] initcall eth_offload_init+0x0/0x13 returned 0 after 12 usecs
[    7.833929] calling  ipv4_offload_init+0x0/0x73 @ 1
[    7.841493] initcall ipv4_offload_init+0x0/0x73 returned 0 after 188 usecs
[    7.851795] calling  inet_init+0x0/0x276 @ 1
[    7.857872] NET: Registered protocol family 2
[    7.864683] IP idents hash table entries: 8192 (order: 4, 65536 bytes, linear)
[    7.876959] tcp_listen_portaddr_hash hash table entries: 256 (order: 0, 4096 bytes, linear)
[    7.886871] TCP established hash table entries: 4096 (order: 3, 32768 bytes, linear)
[    7.896482] TCP bind hash table entries: 4096 (order: 4, 65536 bytes, linear)
[    7.905155] TCP: Hash tables configured (established 4096 bind 4096)
[    7.913281] UDP hash table entries: 256 (order: 1, 8192 bytes, linear)
[    7.921116] UDP-Lite hash table entries: 256 (order: 1, 8192 bytes, linear)
[    7.930153] initcall inet_init+0x0/0x276 returned 0 after 71107 usecs
[    7.937826] calling  af_unix_init+0x0/0x4d @ 1
[    7.943437] NET: Registered protocol family 1
[    7.948942] initcall af_unix_init+0x0/0x4d returned 0 after 5378 usecs
[    7.957388] calling  ipv6_offload_init+0x0/0x7e @ 1
[    7.964771] initcall ipv6_offload_init+0x0/0x7e returned 0 after 90 usecs
[    7.974490] calling  init_sunrpc+0x0/0x65 @ 1
[    7.992181] RPC: Registered named UNIX socket transport module.
[    7.999135] RPC: Registered udp transport module.
[    8.005953] RPC: Registered tcp transport module.
[    8.012991] RPC: Registered tcp NFSv4.1 backchannel transport module.
[    8.022343] initcall init_sunrpc+0x0/0x65 returned 0 after 41564 usecs
[    8.031882] calling  cfg80211_init+0x0/0xc5 @ 1
[    8.039768] initcall cfg80211_init+0x0/0xc5 returned 0 after 1201 usecs
[    8.049515] calling  pcibios_assign_resources+0x0/0xbf @ 1
[    8.058061] pci_bus 0000:00: resource 4 [io  0x0000-0x0cf7 window]
[    8.067324] pci_bus 0000:00: resource 5 [io  0x0d00-0xffff window]
[    8.075187] pci_bus 0000:00: resource 6 [mem 0x000a0000-0x000bffff window]
[    8.083530] pci_bus 0000:00: resource 7 [mem 0x20000000-0xafffffff window]
[    8.091746] pci_bus 0000:00: resource 8 [mem 0xc0000000-0xfebfffff window]
[    8.100293] pci_bus 0000:00: resource 9 [mem 0x100000000-0x8ffffffff window]
[    8.108941] initcall pcibios_assign_resources+0x0/0xbf returned 0 after 49900 usecs
[    8.118663] calling  pci_apply_final_quirks+0x0/0x124 @ 1
[    8.126094] pci 0000:00:01.0: calling  pci_fixup_video+0x0/0xe0 @ 1
[    8.134373] pci 0000:00:01.0: Video device with shadowed ROM at [mem 0x000c0000-0x000dffff]
[    8.145546] pci 0000:00:01.0: pci_fixup_video+0x0/0xe0 took 11234 usecs
[    8.154431] PCI: CLS 0 bytes, default 64
[    8.159553] initcall pci_apply_final_quirks+0x0/0x124 returned 0 after 33234 usecs
[    8.169414] calling  acpi_reserve_resources+0x0/0xea @ 1
[    8.176022] initcall acpi_reserve_resources+0x0/0xea returned 0 after 58 usecs
[    8.184711] calling  populate_rootfs+0x0/0x102 @ 1
[    8.192285] initcall populate_rootfs+0x0/0x102 returned 0 after 1610 usecs
[    8.200464] calling  pci_iommu_init+0x0/0x3e @ 1
[    8.206122] initcall pci_iommu_init+0x0/0x3e returned 0 after 51 usecs
[    8.214035] calling  ia32_binfmt_init+0x0/0x13 @ 1
[    8.220116] initcall ia32_binfmt_init+0x0/0x13 returned 0 after 6 usecs
[    8.228101] calling  rapl_pmu_init+0x0/0x267 @ 1
[    8.233720] initcall rapl_pmu_init+0x0/0x267 returned -19 after 55 usecs
[    8.241779] calling  amd_uncore_init+0x0/0x310 @ 1
[    8.247523] initcall amd_uncore_init+0x0/0x310 returned -19 after 0 usecs
[    8.255541] calling  amd_ibs_init+0x0/0x243 @ 1
[    8.260922] initcall amd_ibs_init+0x0/0x243 returned -19 after 0 usecs
[    8.268615] calling  amd_iommu_pc_init+0x0/0x215 @ 1
[    8.274582] initcall amd_iommu_pc_init+0x0/0x215 returned -19 after 32 usecs
[    8.282918] calling  msr_init+0x0/0x55 @ 1
[    8.287971] initcall msr_init+0x0/0x55 returned 0 after 145 usecs
[    8.295186] calling  intel_uncore_init+0x0/0x36f @ 1
[    8.301219] initcall intel_uncore_init+0x0/0x36f returned -19 after 53 usecs
[    8.309459] calling  cstate_pmu_init+0x0/0x1a1 @ 1
[    8.315050] initcall cstate_pmu_init+0x0/0x1a1 returned -19 after 0 usecs
[    8.323089] calling  register_kernel_offset_dumper+0x0/0x1a @ 1
[    8.329973] initcall register_kernel_offset_dumper+0x0/0x1a returned 0 after 1 usecs
[    8.338965] calling  i8259A_init_ops+0x0/0x20 @ 1
[    8.344583] initcall i8259A_init_ops+0x0/0x20 returned 0 after 1 usecs
[    8.353582] calling  init_tsc_clocksource+0x0/0xa4 @ 1
[    8.360372] clocksource: tsc: mask: 0xffffffffffffffff max_cycles: 0x39a85afc727, max_idle_ns: 881590685098 ns
[    8.372112] initcall init_tsc_clocksource+0x0/0xa4 returned 0 after 11462 usecs
[    8.380698] calling  add_rtc_cmos+0x0/0xb0 @ 1
[    8.386119] initcall add_rtc_cmos+0x0/0xb0 returned 0 after 21 usecs
[    8.393698] calling  i8237A_init_ops+0x0/0x3a @ 1
[    8.399741] initcall i8237A_init_ops+0x0/0x3a returned 0 after 202 usecs
[    8.407951] calling  umwait_init+0x0/0x94 @ 1
[    8.413301] initcall umwait_init+0x0/0x94 returned -19 after 26 usecs
[    8.421209] calling  thermal_throttle_init_device+0x0/0x3d @ 1
[    8.428504] initcall thermal_throttle_init_device+0x0/0x3d returned 0 after 51 usecs
[    8.437859] calling  msr_init+0x0/0xd7 @ 1
[    8.458132] initcall msr_init+0x0/0xd7 returned 0 after 14909 usecs
[    8.465800] calling  cpuid_init+0x0/0xd7 @ 1
[    8.482337] initcall cpuid_init+0x0/0xd7 returned 0 after 11058 usecs
[    8.490657] calling  ioapic_init_ops+0x0/0x13 @ 1
[    8.496828] initcall ioapic_init_ops+0x0/0x13 returned 0 after 64 usecs
[    8.505826] calling  add_pcspkr+0x0/0x6c @ 1
[    8.512360] initcall add_pcspkr+0x0/0x6c returned 0 after 72 usecs
[    8.521889] calling  start_periodic_check_for_corruption+0x0/0x30 @ 1
[    8.531415] check: Scanning for low memory corruption every 60 seconds
[    8.541256] initcall start_periodic_check_for_corruption+0x0/0x30 returned 0 after 9660 usecs
[    8.553517] calling  sysfb_init+0x0/0x9c @ 1
[    8.558870] initcall sysfb_init+0x0/0x9c returned 0 after 199 usecs
[    8.566430] calling  audit_classes_init+0x0/0xae @ 1
[    8.572395] initcall audit_classes_init+0x0/0xae returned 0 after 65 usecs
[    8.580602] calling  iosf_mbi_init+0x0/0x24 @ 1
[    8.586358] initcall iosf_mbi_init+0x0/0x24 returned 0 after 380 usecs
[    8.594100] calling  proc_execdomains_init+0x0/0x21 @ 1
[    8.600313] initcall proc_execdomains_init+0x0/0x21 returned 0 after 4 usecs
[    8.608510] calling  register_warn_debugfs+0x0/0x23 @ 1
[    8.614820] initcall register_warn_debugfs+0x0/0x23 returned 0 after 38 usecs
[    8.623066] calling  cpuhp_sysfs_init+0x0/0x79 @ 1
[    8.628875] initcall cpuhp_sysfs_init+0x0/0x79 returned 0 after 125 usecs
[    8.637231] calling  ioresources_init+0x0/0x49 @ 1
[    8.642867] initcall ioresources_init+0x0/0x49 returned 0 after 5 usecs
[    8.651523] calling  snapshot_device_init+0x0/0xc @ 1
[    8.661397] initcall snapshot_device_init+0x0/0xc returned 0 after 2411 usecs
[    8.671811] calling  irq_pm_init_ops+0x0/0x13 @ 1
[    8.679029] initcall irq_pm_init_ops+0x0/0x13 returned 0 after 40 usecs
[    8.687841] calling  rcu_torture_init+0x0/0x9a6 @ 1
[    8.693866] rcu-torture:--- Start of test: nreaders=7 nfakewriters=4 stat_interval=15 verbose=1 test_no_idle_hz=1 shuffle_interval=3 stutter=5 irqreader=1 fqs_duration=0 fqs_holdoff=0 fqs_stutter=3 test_boost=1/0 test_boost_interval=7 test_boost_duration=4 shutdown_secs=3600 stall_cpu=0 stall_cpu_holdoff=10 stall_cpu_irqsoff=0 stall_cpu_block=0 n_barrier_cbs=4 onoff_interval=1000 onoff_holdoff=30 read_exit_delay=13 read_exit_burst=16
[    8.737712] rcu:  Start-test grace-period state: g-1092 f0x0
[    8.744771] rcu-torture: Creating rcu_torture_writer task
[    8.751228] rcu-torture: Creating rcu_torture_fakewriter task
[    8.757947] rcu-torture: rcu_torture_writer task started
[    8.765067] rcu-torture: GP expediting controlled from boot/sysfs for rcu.
[    8.773516] rcu_torture_writer: Testing conditional GPs.
[    8.779756] rcu_torture_writer: Testing expedited GPs.
[    8.787245] rcu_torture_writer: Testing asynchronous GPs.
[    8.794918] rcu_torture_writer: Testing normal GPs.
[    8.802118] rcu-torture: Creating rcu_torture_fakewriter task
[    8.810445] rcu-torture: rcu_torture_fakewriter task started
[    8.818092] rcu-torture: Creating rcu_torture_fakewriter task
[    8.818685] rcu-torture: rcu_torture_fakewriter task started
[    8.833084] rcu-torture: Creating rcu_torture_fakewriter task
[    8.833107] rcu-torture: rcu_torture_fakewriter task started
[    8.849829] rcu-torture: rcu_torture_fakewriter task started
[    8.850061] rcu-torture: Creating rcu_torture_reader task
[    8.863360] rcu-torture: Creating rcu_torture_reader task
[    8.863402] rcu-torture: rcu_torture_reader task started
[    8.880761] rcu-torture: rcu_torture_reader task started
[    8.880962] rcu-torture: Creating rcu_torture_reader task
[    8.896281] rcu-torture: Creating rcu_torture_reader task
[    8.896364] rcu-torture: rcu_torture_reader task started
[    8.913954] rcu-torture: Creating rcu_torture_reader task
[    8.913956] rcu-torture: rcu_torture_reader task started
[    8.927206] rcu-torture: Creating rcu_torture_reader task
[    8.927224] rcu-torture: rcu_torture_reader task started
[    8.963581] rcu-torture: Creating rcu_torture_reader task
[    8.963732] rcu-torture: rcu_torture_reader task started
[    8.990210] rcu-torture: Creating rcu_torture_stats task
[    8.990229] rcu-torture: rcu_torture_reader task started
[    9.043431] rcu-torture: Creating torture_shuffle task
[    9.043539] rcu-torture: rcu_torture_stats task started
[    9.060634] rcu-torture: Creating torture_stutter task
[    9.060854] rcu-torture: torture_shuffle task started
[    9.104547] rcu-torture: Creating torture_shutdown task
[    9.104563] rcu-torture: torture_stutter task started
[    9.120989] rcu-torture: Creating torture_onoff task
[    9.121008] rcu-torture: torture_shutdown task started
[    9.134164] rcu-torture:torture_shutdown task: 3599970 ms remaining
[    9.142035] rcu-torture: Creating rcu_torture_fwd_prog task
[    9.142689] rcu-torture: torture_onoff task started
[    9.154329] rcu-torture: torture_onoff begin holdoff
[    9.165185] rcu-torture: Creating rcu_torture_barrier_cbs task
[    9.165485] rcu-torture: rcu_torture_fwd_progress task started
[    9.182479] rcu-torture: Creating rcu_torture_barrier_cbs task
[    9.182526] rcu-torture: rcu_torture_barrier_cbs task started
[    9.199125] rcu-torture: Creating rcu_torture_barrier_cbs task
[    9.199168] rcu-torture: rcu_torture_barrier_cbs task started
[    9.216069] rcu-torture: Creating rcu_torture_barrier_cbs task
[    9.216106] rcu-torture: rcu_torture_barrier_cbs task started
[    9.232993] rcu-torture: Creating rcu_torture_barrier task
[    9.233023] rcu-torture: rcu_torture_barrier_cbs task started
[    9.247482] rcu-torture: Creating rcu_torture_read_exit task
[    9.247510] rcu-torture: rcu_torture_barrier task starting
[    9.263748] rcu-torture: rcu_torture_read_exit: Start of test
[    9.263879] initcall rcu_torture_init+0x0/0x9a6 returned 0 after 556774 usecs
[    9.264628] calling  timekeeping_init_ops+0x0/0x13 @ 1
[    9.264628] initcall timekeeping_init_ops+0x0/0x13 returned 0 after 1 usecs
[    9.264628] calling  init_clocksource_sysfs+0x0/0x23 @ 1
[    9.264628] initcall init_clocksource_sysfs+0x0/0x23 returned 0 after 53 usecs
[    9.264628] calling  init_timer_list_procfs+0x0/0x31 @ 1
[    9.264628] initcall init_timer_list_procfs+0x0/0x31 returned 0 after 5 usecs
[    9.264628] calling  alarmtimer_init+0x0/0xc7 @ 1
[    9.264628] initcall alarmtimer_init+0x0/0xc7 returned 0 after 162 usecs
[    9.264628] calling  init_posix_timers+0x0/0x29 @ 1
[    9.264628] initcall init_posix_timers+0x0/0x29 returned 0 after 4 usecs
[    9.264628] calling  clockevents_init_sysfs+0x0/0xbf @ 1
[    9.264628] initcall clockevents_init_sysfs+0x0/0xbf returned 0 after 86 usecs
[    9.264628] calling  proc_dma_init+0x0/0x21 @ 1
[    9.264628] initcall proc_dma_init+0x0/0x21 returned 0 after 23 usecs
[    9.264628] calling  proc_modules_init+0x0/0x1e @ 1
[    9.264628] initcall proc_modules_init+0x0/0x1e returned 0 after 4 usecs
[    9.264628] calling  kallsyms_init+0x0/0x21 @ 1
[    9.264628] initcall kallsyms_init+0x0/0x21 returned 0 after 21 usecs
[    9.264628] calling  pid_namespaces_init+0x0/0x2c @ 1
[    9.264628] initcall pid_namespaces_init+0x0/0x2c returned 0 after 32 usecs
[    9.264628] calling  audit_watch_init+0x0/0x37 @ 1
[    9.264628] initcall audit_watch_init+0x0/0x37 returned 0 after 22 usecs
[    9.264628] calling  audit_fsnotify_init+0x0/0x37 @ 1
[    9.264628] initcall audit_fsnotify_init+0x0/0x37 returned 0 after 7 usecs
[    9.264628] calling  audit_tree_init+0x0/0x6d @ 1
[    9.264628] initcall audit_tree_init+0x0/0x6d returned 0 after 24 usecs
[    9.264628] calling  seccomp_sysctl_init+0x0/0x2b @ 1
[    9.264628] initcall seccomp_sysctl_init+0x0/0x2b returned 0 after 26 usecs
[    9.264628] calling  utsname_sysctl_init+0x0/0x13 @ 1
[    9.264628] initcall utsname_sysctl_init+0x0/0x13 returned 0 after 8 usecs
[    9.264628] calling  init_tracepoints+0x0/0x27 @ 1
[    9.264628] initcall init_tracepoints+0x0/0x27 returned 0 after 2 usecs
[    9.264628] calling  init_blk_tracer+0x0/0x50 @ 1
[    9.264628] initcall init_blk_tracer+0x0/0x50 returned 0 after 37 usecs
[    9.264628] calling  perf_event_sysfs_init+0x0/0x81 @ 1
[    9.264628] initcall perf_event_sysfs_init+0x0/0x81 returned 0 after 160 usecs
[    9.264628] calling  system_trusted_keyring_init+0x0/0x60 @ 1
[    9.264628] Initialise system trusted keyrings
[    9.264628] initcall system_trusted_keyring_init+0x0/0x60 returned 0 after 4914 usecs
[    9.264628] calling  kswapd_init+0x0/0x5c @ 1
[    9.549823] initcall kswapd_init+0x0/0x5c returned 0 after 1349 usecs
[    9.550646] calling  extfrag_debug_init+0x0/0x54 @ 1
[    9.550646] initcall extfrag_debug_init+0x0/0x54 returned 0 after 13 usecs
[    9.550646] calling  mm_compute_batch_init+0x0/0x12 @ 1
[    9.577022] initcall mm_compute_batch_init+0x0/0x12 returned 0 after 1 usecs
[    9.585075] calling  slab_proc_init+0x0/0x21 @ 1
[    9.590533] initcall slab_proc_init+0x0/0x21 returned 0 after 93 usecs
[    9.597901] calling  workingset_init+0x0/0x8c @ 1
[    9.603295] workingset: timestamp_bits=56 max_order=17 bucket_order=0
[    9.610549] initcall workingset_init+0x0/0x8c returned 0 after 7081 usecs
[    9.618167] calling  proc_vmalloc_init+0x0/0x32 @ 1
[    9.625573] initcall proc_vmalloc_init+0x0/0x32 returned 0 after 6 usecs
[    9.636622] calling  procswaps_init+0x0/0x1e @ 1
[    9.643490] initcall procswaps_init+0x0/0x1e returned 0 after 79 usecs
[    9.652946] calling  slab_sysfs_init+0x0/0xea @ 1
[    9.670799] initcall slab_sysfs_init+0x0/0xea returned 0 after 10270 usecs
[    9.678742] calling  fcntl_init+0x0/0x29 @ 1
[    9.683720] initcall fcntl_init+0x0/0x29 returned 0 after 8 usecs
[    9.690865] calling  proc_filesystems_init+0x0/0x21 @ 1
[    9.696953] initcall proc_filesystems_init+0x0/0x21 returned 0 after 5 usecs
[    9.704989] calling  start_dirtytime_writeback+0x0/0x29 @ 1
[    9.711452] initcall start_dirtytime_writeback+0x0/0x29 returned 0 after 2 usecs
[    9.719995] calling  blkdev_init+0x0/0x1b @ 1
[    9.724963] initcall blkdev_init+0x0/0x1b returned 0 after 20 usecs
[    9.732130] calling  dio_init+0x0/0x2c @ 1
[    9.736948] initcall dio_init+0x0/0x2c returned 0 after 100 usecs
[    9.743888] calling  dnotify_init+0x0/0x78 @ 1
[    9.749090] initcall dnotify_init+0x0/0x78 returned 0 after 75 usecs
[    9.756314] calling  aio_setup+0x0/0x78 @ 1
[    9.761163] initcall aio_setup+0x0/0x78 returned 0 after 53 usecs
[    9.768081] calling  io_uring_init+0x0/0x2c @ 1
[    9.773244] initcall io_uring_init+0x0/0x2c returned 0 after 4 usecs
[    9.780644] calling  mbcache_init+0x0/0x30 @ 1
[    9.785861] initcall mbcache_init+0x0/0x30 returned 0 after 131 usecs
[    9.793262] calling  init_grace+0x0/0xc @ 1
[    9.798125] initcall init_grace+0x0/0xc returned 0 after 4 usecs
[    9.805110] calling  init_v2_quota_format+0x0/0x21 @ 1
[    9.811051] initcall init_v2_quota_format+0x0/0x21 returned 0 after 64 usecs
[    9.819241] calling  init_devpts_fs+0x0/0x27 @ 1
[    9.824635] initcall init_devpts_fs+0x0/0x27 returned 0 after 13 usecs
[    9.832104] calling  ext4_init_fs+0x0/0x1d0 @ 1
[    9.838186] initcall ext4_init_fs+0x0/0x1d0 returned 0 after 865 usecs
[    9.846389] calling  journal_init+0x0/0x11c @ 1
[    9.856440] initcall journal_init+0x0/0x11c returned 0 after 170 usecs
[    9.864359] calling  init_fat_fs+0x0/0x49 @ 1
[    9.870003] initcall init_fat_fs+0x0/0x49 returned 0 after 479 usecs
[    9.877428] calling  init_vfat_fs+0x0/0xc @ 1
[    9.882520] initcall init_vfat_fs+0x0/0xc returned 0 after 4 usecs
[    9.889640] calling  init_msdos_fs+0x0/0xc @ 1
[    9.894889] initcall init_msdos_fs+0x0/0xc returned 0 after 3 usecs
[    9.902094] calling  init_iso9660_fs+0x0/0x6c @ 1
[    9.907744] initcall init_iso9660_fs+0x0/0x6c returned 0 after 232 usecs
[    9.915712] calling  init_nfs_fs+0x0/0x13a @ 1
[    9.924757] initcall init_nfs_fs+0x0/0x13a returned 0 after 5647 usecs
[    9.924757] calling  init_nfs_v2+0x0/0x13 @ 1
[    9.924757] initcall init_nfs_v2+0x0/0x13 returned 0 after 69 usecs
[    9.924757] calling  init_nfs_v3+0x0/0x13 @ 1
[    9.924757] initcall init_nfs_v3+0x0/0x13 returned 0 after 32 usecs
[    9.924757] calling  init_nfs_v4+0x0/0x32 @ 1
[    9.959825] NFS: Registering the id_resolver key type
[    9.959825] Key type id_resolver registered
[    9.959825] Key type id_legacy registered
[    9.959825] initcall init_nfs_v4+0x0/0x32 returned 0 after 17304 usecs
[    9.959825] calling  init_nlm+0x0/0x5b @ 1
[    9.959825] initcall init_nlm+0x0/0x5b returned 0 after 138 usecs
[    9.959825] calling  init_nls_cp437+0x0/0xe @ 1
[    9.959825] initcall init_nls_cp437+0x0/0xe returned 0 after 104 usecs
[    9.959825] calling  init_nls_ascii+0x0/0xe @ 1
[    9.959825] initcall init_nls_ascii+0x0/0xe returned 0 after 0 usecs
[    9.959825] calling  init_nls_iso8859_1+0x0/0xe @ 1
[    9.959825] initcall init_nls_iso8859_1+0x0/0xe returned 0 after 0 usecs
[    9.959825] calling  init_nls_utf8+0x0/0x21 @ 1
[    9.959825] initcall init_nls_utf8+0x0/0x21 returned 0 after 0 usecs
[    9.959825] calling  init_autofs_fs+0x0/0x25 @ 1
[   10.057313] initcall init_autofs_fs+0x0/0x25 returned 0 after 919 usecs
[   10.065286] calling  ipc_init+0x0/0x24 @ 1
[   10.070080] initcall ipc_init+0x0/0x24 returned 0 after 44 usecs
[   10.076966] calling  ipc_sysctl_init+0x0/0x13 @ 1
[   10.082384] initcall ipc_sysctl_init+0x0/0x13 returned 0 after 11 usecs
[   10.089890] calling  init_mqueue_fs+0x0/0x9a @ 1
[   10.096180] initcall init_mqueue_fs+0x0/0x9a returned 0 after 853 usecs
[   10.103808] calling  key_proc_init+0x0/0x63 @ 1
[   10.109100] initcall key_proc_init+0x0/0x63 returned 0 after 5 usecs
[   10.116298] calling  selinux_nf_ip_init+0x0/0x2e @ 1
[   10.122018] initcall selinux_nf_ip_init+0x0/0x2e returned 0 after 0 usecs
[   10.129861] calling  init_sel_fs+0x0/0x116 @ 1
[   10.134963] initcall init_sel_fs+0x0/0x116 returned 0 after 0 usecs
[   10.142224] calling  selnl_init+0x0/0x7c @ 1
[   10.147241] initcall selnl_init+0x0/0x7c returned 0 after 82 usecs
[   10.154366] calling  sel_netif_init+0x0/0x36 @ 1
[   10.159829] initcall sel_netif_init+0x0/0x36 returned 0 after 0 usecs
[   10.167201] calling  sel_netnode_init+0x0/0x33 @ 1
[   10.172745] initcall sel_netnode_init+0x0/0x33 returned 0 after 0 usecs
[   10.180281] calling  sel_netport_init+0x0/0x33 @ 1
[   10.185789] initcall sel_netport_init+0x0/0x33 returned 0 after 0 usecs
[   10.193480] calling  aurule_init+0x0/0x2a @ 1
[   10.198875] initcall aurule_init+0x0/0x2a returned 0 after 1 usecs
[   10.206149] calling  crypto_algapi_init+0x0/0xc @ 1
[   10.212002] initcall crypto_algapi_init+0x0/0xc returned 0 after 5 usecs
[   10.219685] calling  jent_mod_init+0x0/0x2d @ 1
[   10.236410] initcall jent_mod_init+0x0/0x2d returned 0 after 11147 usecs
[   10.244254] calling  asymmetric_key_init+0x0/0xc @ 1
[   10.245087] Key type asymmetric registered
[   10.245087] initcall asymmetric_key_init+0x0/0xc returned 0 after 4602 usecs
[   10.245087] calling  x509_key_init+0x0/0xc @ 1
[   10.245087] Asymmetric key parser 'x509' registered
[   10.245087] initcall x509_key_init+0x0/0xc returned 0 after 5573 usecs
[   10.245087] calling  proc_genhd_init+0x0/0x41 @ 1
[   10.245087] initcall proc_genhd_init+0x0/0x41 returned 0 after 6 usecs
[   10.245087] calling  bsg_init+0x0/0x113 @ 1
[   10.245087] Block layer SCSI generic (bsg) driver version 0.4 loaded (major 251)
[   10.245087] initcall bsg_init+0x0/0x113 returned 0 after 8246 usecs
[   10.245087] calling  deadline_init+0x0/0xc @ 1
[   10.245087] io scheduler mq-deadline registered
[   10.245087] initcall deadline_init+0x0/0xc returned 0 after 5163 usecs
[   10.245087] calling  kyber_init+0x0/0xc @ 1
[   10.245087] io scheduler kyber registered
[   10.245087] initcall kyber_init+0x0/0xc returned 0 after 4593 usecs
[   10.349676] calling  mod_init+0x0/0x7 @ 1
[   10.354392] initcall mod_init+0x0/0x7 returned 0 after 0 usecs
[   10.361553] calling  percpu_counter_startup+0x0/0x55 @ 1
[   10.375282] initcall percpu_counter_startup+0x0/0x55 returned 0 after 7302 usecs
[   10.384105] calling  sg_pool_init+0x0/0xb4 @ 1
[   10.384892] initcall sg_pool_init+0x0/0xb4 returned 0 after 1012 usecs
[   10.384892] calling  pcie_portdrv_init+0x0/0x39 @ 1
[   10.384892] initcall pcie_portdrv_init+0x0/0x39 returned 0 after 111 usecs
[   10.384892] calling  pci_proc_init+0x0/0x68 @ 1
[   10.384892] initcall pci_proc_init+0x0/0x68 returned 0 after 11 usecs
[   10.384892] calling  pci_hotplug_init+0x0/0x7 @ 1
[   10.384892] initcall pci_hotplug_init+0x0/0x7 returned 0 after 0 usecs
[   10.384892] calling  efifb_driver_init+0x0/0xe @ 1
[   10.384892] initcall efifb_driver_init+0x0/0xe returned 0 after 91 usecs
[   10.384892] calling  ged_driver_init+0x0/0xe @ 1
[   10.384892] initcall ged_driver_init+0x0/0xe returned 0 after 16 usecs
[   10.384892] calling  acpi_ac_init+0x0/0x92 @ 1
[   10.384892] initcall acpi_ac_init+0x0/0x92 returned 0 after 206 usecs
[   10.384892] calling  acpi_button_driver_init+0x0/0x52 @ 1
[   10.384892] input: Power Button as /devices/LNXSYSTM:00/LNXPWRBN:00/input/input0
[   10.493423] ACPI: Power Button [PWRF]
[   10.498227] initcall acpi_button_driver_init+0x0/0x52 returned 0 after 15020 usecs
[   10.507119] calling  acpi_fan_driver_init+0x0/0xe @ 1
[   10.513085] initcall acpi_fan_driver_init+0x0/0xe returned 0 after 13 usecs
[   10.521147] calling  acpi_video_init+0x0/0xcb @ 1
[   10.526794] initcall acpi_video_init+0x0/0xcb returned 0 after 44 usecs
[   10.534659] calling  acpi_processor_driver_init+0x0/0xad @ 1
[   10.542223] initcall acpi_processor_driver_init+0x0/0xad returned 0 after 858 usecs
[   10.551193] calling  acpi_thermal_init+0x0/0x71 @ 1
[   10.557564] initcall acpi_thermal_init+0x0/0x71 returned 0 after 606 usecs
[   10.565944] calling  acpi_battery_init+0x0/0x32 @ 1
[   10.570730] initcall acpi_battery_init+0x0/0x32 returned 0 after 220 usecs
[   10.570730] calling  bgrt_init+0x0/0xb6 @ 1
[   10.570730] initcall bgrt_init+0x0/0xb6 returned -19 after 17 usecs
[   10.570730] calling  gpio_clk_driver_init+0x0/0xe @ 1
[   10.570730] initcall gpio_clk_driver_init+0x0/0xe returned 0 after 86 usecs
[   10.570730] calling  plt_clk_driver_init+0x0/0xe @ 1
[   10.570730] initcall plt_clk_driver_init+0x0/0xe returned 0 after 19 usecs
[   10.570730] calling  virtio_pci_driver_init+0x0/0x15 @ 1
[   10.570730] initcall virtio_pci_driver_init+0x0/0x15 returned 0 after 128 usecs
[   10.570730] calling  n_null_init+0x0/0x1e @ 1
[   10.570730] initcall n_null_init+0x0/0x1e returned 0 after 44 usecs
[   10.570730] calling  pty_init+0x0/0x1e8 @ 1
[   10.658103] initcall pty_init+0x0/0x1e8 returned 0 after 2427 usecs
[   10.658676] calling  sysrq_init+0x0/0x62 @ 1
[   10.658676] initcall sysrq_init+0x0/0x62 returned 0 after 101 usecs
[   10.658676] calling  serial8250_init+0x0/0x17e @ 1
[   10.658676] Serial: 8250/16550 driver, 4 ports, IRQ sharing enabled
[   10.658676] 00:03: ttyS0 at I/O 0x3f8 (irq = 4, base_baud = 115200) is a 16550A
[   10.718648] initcall serial8250_init+0x0/0x17e returned 0 after 31956 usecs
[   10.719683] calling  serial_pci_driver_init+0x0/0x15 @ 1
[   10.719683] initcall serial_pci_driver_init+0x0/0x15 returned 0 after 331 usecs
[   10.719683] calling  exar_pci_driver_init+0x0/0x15 @ 1
[   10.719683] initcall exar_pci_driver_init+0x0/0x15 returned 0 after 31 usecs
[   10.719683] calling  lpss8250_pci_driver_init+0x0/0x15 @ 1
[   10.719683] initcall lpss8250_pci_driver_init+0x0/0x15 returned 0 after 231 usecs
[   10.719683] calling  mid8250_pci_driver_init+0x0/0x15 @ 1
[   10.719683] initcall mid8250_pci_driver_init+0x0/0x15 returned 0 after 251 usecs
[   10.719683] calling  virtio_console_init+0x0/0xff @ 1
[   10.719683] initcall virtio_console_init+0x0/0xff returned 0 after 262 usecs
[   10.719683] calling  hpet_init+0x0/0x64 @ 1
[   10.844215] initcall hpet_init+0x0/0x64 returned 0 after 9802 usecs
[   10.844215] calling  nvram_module_init+0x0/0x83 @ 1
[   10.864456] Non-volatile memory driver v1.3
[   10.870338] initcall nvram_module_init+0x0/0x83 returned 0 after 7569 usecs
[   10.871209] calling  hwrng_modinit+0x0/0x8a @ 1
[   10.889977] initcall hwrng_modinit+0x0/0x8a returned 0 after 3035 usecs
[   10.890495] calling  mod_init+0x0/0x48 @ 1
[   10.890495] initcall mod_init+0x0/0x48 returned -19 after 0 usecs
[   10.890495] calling  agp_init+0x0/0x23 @ 1
[   10.890495] Linux agpgart interface v0.103
[   10.890495] initcall agp_init+0x0/0x23 returned 0 after 5071 usecs
[   10.890495] calling  agp_amd64_mod_init+0x0/0x5 @ 1
[   10.890495] initcall agp_amd64_mod_init+0x0/0x5 returned -19 after 684 usecs
[   10.890495] calling  agp_intel_init+0x0/0x28 @ 1
[   10.890495] initcall agp_intel_init+0x0/0x28 returned 0 after 939 usecs
[   10.890495] calling  drm_kms_helper_init+0x0/0x7 @ 1
[   10.890495] initcall drm_kms_helper_init+0x0/0x7 returned 0 after 18 usecs
[   10.890495] calling  drm_core_init+0x0/0xa4 @ 1
[   10.984133] initcall drm_core_init+0x0/0xa4 returned 0 after 565 usecs
[   10.984133] calling  i915_init+0x0/0x6b @ 1
[   10.984133] initcall i915_init+0x0/0x6b returned 0 after 980 usecs
[   10.984133] calling  cn_proc_init+0x0/0x35 @ 1
[   10.984133] initcall cn_proc_init+0x0/0x35 returned 0 after 3 usecs
[   10.984133] calling  topology_sysfs_init+0x0/0x27 @ 1
[   10.984133] initcall topology_sysfs_init+0x0/0x27 returned 0 after 1294 usecs
[   10.984133] calling  cacheinfo_sysfs_init+0x0/0x27 @ 1
[   11.064834] initcall cacheinfo_sysfs_init+0x0/0x27 returned 0 after 10803 usecs
[   11.076030] calling  loop_init+0x0/0x168 @ 1
[   11.153982] loop: module loaded
[   11.154632] initcall loop_init+0x0/0x168 returned 0 after 73190 usecs
[   11.154632] calling  mac_hid_init+0x0/0x21 @ 1
[   11.154632] initcall mac_hid_init+0x0/0x21 returned 0 after 32 usecs
[   11.154632] calling  spi_transport_init+0x0/0x74 @ 1
[   11.154632] initcall spi_transport_init+0x0/0x74 returned 0 after 283 usecs
[   11.154632] calling  init_sd+0x0/0x18c @ 1
[   11.154632] initcall init_sd+0x0/0x18c returned 0 after 342 usecs
[   11.154632] calling  init_sr+0x0/0x43 @ 1
[   11.154632] initcall init_sr+0x0/0x43 returned 0 after 51 usecs
[   11.154632] calling  init_sg+0x0/0x1c0 @ 1
[   11.154632] initcall init_sg+0x0/0x1c0 returned 0 after 32 usecs
[   11.154632] calling  ahci_pci_driver_init+0x0/0x15 @ 1
[   11.154632] ahci 0000:00:1f.2: version 3.0
[   11.154632] PCI Interrupt Link [GSIA] enabled at IRQ 16
[   11.263480] ahci 0000:00:1f.2: AHCI 0001.0000 32 slots 6 ports 1.5 Gbps 0x3f impl SATA mode
[   11.263480] ahci 0000:00:1f.2: flags: 64bit ncq only 
[   11.307185] scsi host0: ahci
[   11.338143] scsi host1: ahci
[   11.345242] scsi host2: ahci
[   11.352288] scsi host3: ahci
[   11.359386] scsi host4: ahci
[   11.366164] scsi host5: ahci
[   11.366718] ata1: SATA max UDMA/133 abar m4096@0xfebf1000 port 0xfebf1100 irq 24
[   11.366718] ata2: SATA max UDMA/133 abar m4096@0xfebf1000 port 0xfebf1180 irq 24
[   11.366718] ata3: SATA max UDMA/133 abar m4096@0xfebf1000 port 0xfebf1200 irq 24
[   11.366718] ata4: SATA max UDMA/133 abar m4096@0xfebf1000 port 0xfebf1280 irq 24
[   11.366718] ata5: SATA max UDMA/133 abar m4096@0xfebf1000 port 0xfebf1300 irq 24
[   11.366718] ata6: SATA max UDMA/133 abar m4096@0xfebf1000 port 0xfebf1380 irq 24
[   11.435781] initcall ahci_pci_driver_init+0x0/0x15 returned 0 after 183573 usecs
[   11.435781] calling  piix_init+0x0/0x26 @ 1
[   11.435781] initcall piix_init+0x0/0x26 returned 0 after 110 usecs
[   11.435781] calling  amd_pci_driver_init+0x0/0x15 @ 1
[   11.435781] initcall amd_pci_driver_init+0x0/0x15 returned 0 after 47 usecs
[   11.435781] calling  oldpiix_pci_driver_init+0x0/0x15 @ 1
[   11.435781] initcall oldpiix_pci_driver_init+0x0/0x15 returned 0 after 38 usecs
[   11.435781] calling  sch_pci_driver_init+0x0/0x15 @ 1
[   11.435781] initcall sch_pci_driver_init+0x0/0x15 returned 0 after 25 usecs
[   11.435781] calling  net_olddevs_init+0x0/0x55 @ 1
[   11.435781] initcall net_olddevs_init+0x0/0x55 returned 0 after 4 usecs
[   11.435781] calling  blackhole_netdev_init+0x0/0x78 @ 1
[   11.435781] initcall blackhole_netdev_init+0x0/0x78 returned 0 after 130 usecs
[   11.435781] calling  phy_module_init+0x0/0x13 @ 1
[   11.435781] initcall phy_module_init+0x0/0x13 returned 0 after 129 usecs
[   11.435781] calling  tg3_driver_init+0x0/0x15 @ 1
[   11.435781] initcall tg3_driver_init+0x0/0x15 returned 0 after 36 usecs
[   11.435781] calling  e100_init_module+0x0/0x4c @ 1
[   11.435781] e100: Intel(R) PRO/100 Network Driver
[   11.435781] e100: Copyright(c) 1999-2006 Intel Corporation
[   11.435781] initcall e100_init_module+0x0/0x4c returned 0 after 14333 usecs
[   11.435781] calling  e1000_init_module+0x0/0x72 @ 1
[   11.435781] e1000: Intel(R) PRO/1000 Network Driver
[   11.435781] e1000: Copyright (c) 1999-2006 Intel Corporation.
[   11.611952] initcall e1000_init_module+0x0/0x72 returned 0 after 13453 usecs
[   11.620819] calling  e1000_init_module+0x0/0x2d @ 1
[   11.626958] e1000e: Intel(R) PRO/1000 Network Driver
[   11.633216] e1000e: Copyright(c) 1999 - 2015 Intel Corporation.
[   11.641249] initcall e1000_init_module+0x0/0x2d returned 0 after 13965 usecs
[   11.651012] calling  sky2_init_module+0x0/0x21 @ 1
[   11.657495] sky2: driver version 1.30
[   11.662743] initcall sky2_init_module+0x0/0x21 returned 0 after 5120 usecs
[   11.672368] calling  forcedeth_pci_driver_init+0x0/0x15 @ 1
[   11.680010] initcall forcedeth_pci_driver_init+0x0/0x15 returned 0 after 35 usecs
[   11.690095] calling  rtl8139_init_module+0x0/0x15 @ 1
[   11.697120] initcall rtl8139_init_module+0x0/0x15 returned 0 after 77 usecs
[   11.706720] calling  rtl8169_pci_driver_init+0x0/0x15 @ 1
[   11.714526] initcall rtl8169_pci_driver_init+0x0/0x15 returned 0 after 59 usecs
[   11.726351] calling  cdrom_init+0x0/0xc @ 1
[   11.739579] initcall cdrom_init+0x0/0xc returned 0 after 95 usecs
[   11.752837] ata1: SATA link down (SStatus 0 SControl 300)
[   11.755102] calling  nonstatic_sysfs_init+0x0/0xc @ 1
[   11.755108] initcall nonstatic_sysfs_init+0x0/0xc returned 0 after 2 usecs
[   11.755110] calling  yenta_cardbus_driver_init+0x0/0x15 @ 1
[   11.755400] initcall yenta_cardbus_driver_init+0x0/0x15 returned 0 after 279 usecs
[   11.769959] ata5: SATA link down (SStatus 0 SControl 300)
[   11.771844] calling  mon_init+0x0/0x12d @ 1
[   11.816441] initcall mon_init+0x0/0x12d returned 0 after 43539 usecs
[   11.818990] ata3: SATA link up 1.5 Gbps (SStatus 113 SControl 300)
[   11.827152] calling  ehci_hcd_init+0x0/0x56 @ 1
[   11.838260] ata4: SATA link down (SStatus 0 SControl 300)
[   11.827400] ehci_hcd: USB 2.0 'Enhanced' Host Controller (EHCI) Driver
[   11.827400] initcall ehci_hcd_init+0x0/0x56 returned 0 after 101 usecs
[   11.827400] calling  ehci_pci_init+0x0/0x64 @ 1
[   11.827400] ehci-pci: EHCI PCI platform driver
[   11.827400] initcall ehci_pci_init+0x0/0x64 returned 0 after 215 usecs
[   11.853503] ata2: SATA link down (SStatus 0 SControl 300)
[   11.827400] calling  ohci_hcd_mod_init+0x0/0x4e @ 1
[   11.827400] ohci_hcd: USB 1.1 'Open' Host Controller (OHCI) Driver
[   11.827400] initcall ohci_hcd_mod_init+0x0/0x4e returned 0 after 76 usecs
[   11.827400] calling  ohci_pci_init+0x0/0x64 @ 1
[   11.827400] ohci-pci: OHCI PCI platform driver
[   11.827400] initcall ohci_pci_init+0x0/0x64 returned 0 after 189 usecs
[   11.873681] ata6: SATA link down (SStatus 0 SControl 300)
[   11.827400] calling  uhci_hcd_init+0x0/0xa8 @ 1
[   11.827400] uhci_hcd: USB Universal Host Controller Interface driver
[   11.827400] initcall uhci_hcd_init+0x0/0xa8 returned 0 after 363 usecs
[   11.884268] ata3.00: ATAPI: QEMU DVD-ROM, 2.5+, max UDMA/100
[   11.827400] calling  xhci_hcd_init+0x0/0x1e @ 1
[   11.827400] initcall xhci_hcd_init+0x0/0x1e returned 0 after 117 usecs
[   11.827400] calling  xhci_pci_init+0x0/0x49 @ 1
[   11.827400] initcall xhci_pci_init+0x0/0x49 returned 0 after 147 usecs
[   11.900708] ata3.00: applying bridge limits
[   11.827400] calling  usblp_driver_init+0x0/0x15 @ 1
[   11.827400] usbcore: registered new interface driver usblp
[   11.920561] ata3.00: configured for UDMA/100
[   11.827400] initcall usblp_driver_init+0x0/0x15 returned 0 after 19828 usecs
[   11.827400] calling  usb_storage_driver_init+0x0/0x2a @ 1
[   11.827400] usbcore: registered new interface driver usb-storage
[   11.943109] scsi 2:0:0:0: CD-ROM            QEMU     QEMU DVD-ROM     2.5+ PQ: 0 ANSI: 5
[   11.827400] initcall usb_storage_driver_init+0x0/0x2a returned 0 after 23601 usecs
[   11.827400] calling  i8042_init+0x0/0x4c2 @ 1
[   11.827400] i8042: PNP: PS/2 Controller [PNP0303:KBD,PNP0f13:MOU] at 0x60,0x64 irq 1,12
[   12.115795] serio: i8042 KBD port at 0x60,0x64 irq 1
[   12.123192] serio: i8042 AUX port at 0x60,0x64 irq 12
[   12.130477] initcall i8042_init+0x0/0x4c2 returned 0 after 173907 usecs
[   12.139895] calling  serport_init+0x0/0x2c @ 1
[   12.146372] initcall serport_init+0x0/0x2c returned 0 after 1 usecs
[   12.155358] calling  input_leds_init+0x0/0xc @ 1
[   12.162344] initcall input_leds_init+0x0/0xc returned 0 after 20 usecs
[   12.171980] calling  evdev_init+0x0/0xc @ 1
[   12.275206] initcall evdev_init+0x0/0xc returned 0 after 92550 usecs
[   12.275774] calling  atkbd_init+0x0/0x21 @ 1
[   12.293966] initcall atkbd_init+0x0/0x21 returned 0 after 1377 usecs
[   12.303902] calling  psmouse_init+0x0/0x7f @ 1
[   12.311280] initcall psmouse_init+0x0/0x7f returned 0 after 106 usecs
[   12.321548] calling  cmos_init+0x0/0x73 @ 1
[   12.329252] rtc_cmos 00:04: RTC can wake from S4
[   12.359656] input: AT Translated Set 2 keyboard as /devices/platform/i8042/serio0/input/input1
[   12.364565] sr 2:0:0:0: [sr0] scsi3-mmc drive: 4x/4x cd/rw xa/form2 tray
[   12.384112] cdrom: Uniform CD-ROM driver Revision: 3.20
[   12.394462] rtc_cmos 00:04: registered as rtc0
[   12.403140] rtc_cmos 00:04: alarms up to one day, y3k, 242 bytes nvram, hpet irqs
[   12.415413] initcall cmos_init+0x0/0x73 returned 0 after 85825 usecs
[   12.425350] calling  smbalert_driver_init+0x0/0xe @ 1
[   12.432784] initcall smbalert_driver_init+0x0/0xe returned 0 after 152 usecs
[   12.445212] calling  i2c_i801_init+0x0/0xc5 @ 1
[   12.457231] i801_smbus 0000:00:1f.3: SMBus using PCI interrupt
[   12.468364] i2c i2c-0: 1/1 memory slots populated (from DMI)
[   12.478083] i2c i2c-0: Memory type 0x07 not supported yet, not instantiating SPD
[   12.494514] initcall i2c_i801_init+0x0/0xc5 returned 0 after 40247 usecs
[   12.507238] calling  ptp_kvm_init+0x0/0xf0 @ 1
[   13.024445] initcall ptp_kvm_init+0x0/0xf0 returned 0 after 495945 usecs
[   13.172258] calling  dm_init+0x0/0x3c @ 1
[   13.188084] device-mapper: ioctl: 4.43.0-ioctl (2020-10-01) initialised: dm-devel@redhat.com
[   13.200918] initcall dm_init+0x0/0x3c returned 0 after 21378 usecs
[   13.212032] calling  dm_mirror_init+0x0/0x29 @ 1
[   13.218967] initcall dm_mirror_init+0x0/0x29 returned 0 after 1 usecs
[   13.228539] calling  dm_dirty_log_init+0x0/0x4f @ 1
[   13.235998] initcall dm_dirty_log_init+0x0/0x4f returned 0 after 181 usecs
[   13.246465] calling  dm_zero_init+0x0/0x29 @ 1
[   13.252933] initcall dm_zero_init+0x0/0x29 returned 0 after 1 usecs
[   13.263277] calling  intel_pstate_init+0x0/0x50d @ 1
[   13.271141] intel_pstate: CPU model not supported
[   13.281150] initcall intel_pstate_init+0x0/0x50d returned -19 after 9767 usecs
[   13.285233] input: ImExPS/2 Generic Explorer Mouse as /devices/platform/i8042/serio1/input/input3
[   13.293147] calling  haltpoll_init+0x0/0xc0 @ 1
[   13.314958] initcall haltpoll_init+0x0/0xc0 returned -19 after 190 usecs
[   13.328424] calling  efivars_sysfs_init+0x0/0x30 @ 1
[   13.336622] initcall efivars_sysfs_init+0x0/0x30 returned 0 after 309 usecs
[   13.347041] calling  esrt_sysfs_init+0x0/0x2a2 @ 1
[   13.354281] initcall esrt_sysfs_init+0x0/0x2a2 returned -38 after 330 usecs
[   13.364281] calling  hid_init+0x0/0x5c @ 1
[   13.370936] hid: raw HID events driver (C) Jiri Kosina
[   13.379200] initcall hid_init+0x0/0x5c returned 0 after 8191 usecs
[   13.388692] calling  hid_generic_init+0x0/0x15 @ 1
[   13.397129] initcall hid_generic_init+0x0/0x15 returned 0 after 685 usecs
[   13.407156] calling  a4_driver_init+0x0/0x15 @ 1
[   13.414311] initcall a4_driver_init+0x0/0x15 returned 0 after 115 usecs
[   13.425921] calling  apple_driver_init+0x0/0x15 @ 1
[   13.434438] initcall apple_driver_init+0x0/0x15 returned 0 after 21 usecs
[   13.445228] calling  belkin_driver_init+0x0/0x15 @ 1
[   13.454760] initcall belkin_driver_init+0x0/0x15 returned 0 after 23 usecs
[   13.470432] calling  ch_driver_init+0x0/0x15 @ 1
[   13.478053] initcall ch_driver_init+0x0/0x15 returned 0 after 23 usecs
[   13.489217] calling  ch_driver_init+0x0/0x15 @ 1
[   13.496981] initcall ch_driver_init+0x0/0x15 returned 0 after 136 usecs
[   13.507739] calling  cp_driver_init+0x0/0x15 @ 1
[   13.515705] initcall cp_driver_init+0x0/0x15 returned 0 after 25 usecs
[   13.526181] calling  ez_driver_init+0x0/0x15 @ 1
[   13.533958] initcall ez_driver_init+0x0/0x15 returned 0 after 149 usecs
[   13.544073] calling  gyration_driver_init+0x0/0x15 @ 1
[   13.552641] initcall gyration_driver_init+0x0/0x15 returned 0 after 21 usecs
[   13.563876] calling  ite_driver_init+0x0/0x15 @ 1
[   13.571608] initcall ite_driver_init+0x0/0x15 returned 0 after 22 usecs
[   13.582692] calling  ks_driver_init+0x0/0x15 @ 1
[   13.590198] initcall ks_driver_init+0x0/0x15 returned 0 after 27 usecs
[   13.600836] calling  lg_driver_init+0x0/0x15 @ 1
[   13.608438] initcall lg_driver_init+0x0/0x15 returned 0 after 28 usecs
[   13.618545] calling  lg_g15_driver_init+0x0/0x15 @ 1
[   13.626469] initcall lg_g15_driver_init+0x0/0x15 returned 0 after 21 usecs
[   13.637516] calling  ms_driver_init+0x0/0x15 @ 1
[   13.644980] initcall ms_driver_init+0x0/0x15 returned 0 after 88 usecs
[   13.655293] calling  mr_driver_init+0x0/0x15 @ 1
[   13.662522] initcall mr_driver_init+0x0/0x15 returned 0 after 43 usecs
[   13.671775] calling  ntrig_driver_init+0x0/0x15 @ 1
[   13.679101] initcall ntrig_driver_init+0x0/0x15 returned 0 after 23 usecs
[   13.689042] calling  pl_driver_init+0x0/0x15 @ 1
[   13.696607] initcall pl_driver_init+0x0/0x15 returned 0 after 22 usecs
[   13.706968] calling  pl_driver_init+0x0/0x15 @ 1
[   13.714472] initcall pl_driver_init+0x0/0x15 returned 0 after 21 usecs
[   13.725337] calling  redragon_driver_init+0x0/0x15 @ 1
[   13.732666] initcall redragon_driver_init+0x0/0x15 returned 0 after 20 usecs
[   13.742356] calling  samsung_driver_init+0x0/0x15 @ 1
[   13.749574] initcall samsung_driver_init+0x0/0x15 returned 0 after 41 usecs
[   13.760494] calling  sony_init+0x0/0x38 @ 1
[   13.767755] initcall sony_init+0x0/0x38 returned 0 after 23 usecs
[   13.777293] calling  sp_driver_init+0x0/0x15 @ 1
[   13.784979] initcall sp_driver_init+0x0/0x15 returned 0 after 369 usecs
[   13.794842] calling  ts_driver_init+0x0/0x15 @ 1
[   13.801569] initcall ts_driver_init+0x0/0x15 returned 0 after 19 usecs
[   13.812045] calling  hid_init+0x0/0x58 @ 1
[   13.818283] usbcore: registered new interface driver usbhid
[   13.826806] usbhid: USB HID core driver
[   13.832718] initcall hid_init+0x0/0x58 returned 0 after 14214 usecs
[   13.842471] calling  eeepc_laptop_init+0x0/0x57 @ 1
[   13.850229] initcall eeepc_laptop_init+0x0/0x57 returned -19 after 142 usecs
[   13.860988] calling  pmc_atom_init+0x0/0x27a @ 1
[   13.868372] initcall pmc_atom_init+0x0/0x27a returned -19 after 4 usecs
[   13.881571] calling  alsa_hwdep_init+0x0/0x5e @ 1
[   13.889304] initcall alsa_hwdep_init+0x0/0x5e returned 0 after 282 usecs
[   13.901098] calling  alsa_timer_init+0x0/0x1f0 @ 1
[   13.913585] initcall alsa_timer_init+0x0/0x1f0 returned 0 after 4027 usecs
[   13.925291] calling  snd_hrtimer_init+0x0/0x117 @ 1
[   13.934855] initcall snd_hrtimer_init+0x0/0x117 returned 0 after 3 usecs
[   13.946062] calling  alsa_pcm_init+0x0/0x64 @ 1
[   13.953837] initcall alsa_pcm_init+0x0/0x64 returned 0 after 7 usecs
[   13.964904] calling  alsa_seq_init+0x0/0x4a @ 1
[   13.977977] sr 2:0:0:0: Attached scsi CD-ROM sr0
[   13.985494] initcall alsa_seq_init+0x0/0x4a returned 0 after 11382 usecs
[   13.986998] sr 2:0:0:0: Attached scsi generic sg0 type 5
[   13.996997] calling  alsa_seq_dummy_init+0x0/0x9c @ 1
[   13.997238] initcall alsa_seq_dummy_init+0x0/0x9c returned 0 after 101 usecs
[   13.997243] calling  azx_driver_init+0x0/0x15 @ 1
[   14.033255] initcall azx_driver_init+0x0/0x15 returned 0 after 52 usecs
[   14.043051] calling  sock_diag_init+0x0/0x2a @ 1
[   14.051100] initcall sock_diag_init+0x0/0x2a returned 0 after 457 usecs
[   14.061960] calling  blackhole_init+0x0/0xc @ 1
[   14.069142] initcall blackhole_init+0x0/0xc returned 0 after 67 usecs
[   14.079592] calling  nfnetlink_init+0x0/0x57 @ 1
[   14.086591] initcall nfnetlink_init+0x0/0x57 returned 0 after 213 usecs
[   14.095658] calling  nfnetlink_log_init+0x0/0x99 @ 1
[   14.103127] initcall nfnetlink_log_init+0x0/0x99 returned 0 after 421 usecs
[   14.113339] calling  nf_conntrack_standalone_init+0x0/0x87 @ 1
[   14.128481] initcall nf_conntrack_standalone_init+0x0/0x87 returned 0 after 7015 usecs
[   14.139329] calling  ctnetlink_init+0x0/0x83 @ 1
[   14.146500] initcall ctnetlink_init+0x0/0x83 returned 0 after 3 usecs
[   14.155289] calling  nf_conntrack_ftp_init+0x0/0x12c @ 1
[   14.162722] initcall nf_conntrack_ftp_init+0x0/0x12c returned 0 after 13 usecs
[   14.172913] calling  nf_conntrack_irc_init+0x0/0x129 @ 1
[   14.180546] initcall nf_conntrack_irc_init+0x0/0x129 returned 0 after 166 usecs
[   14.190723] calling  nf_conntrack_sip_init+0x0/0x172 @ 1
[   14.198187] initcall nf_conntrack_sip_init+0x0/0x172 returned 0 after 10 usecs
[   14.208860] calling  nf_nat_init+0x0/0xd2 @ 1
[   14.216825] initcall nf_nat_init+0x0/0xd2 returned 0 after 1702 usecs
[   14.218427] rcu_torture_rea (153) used greatest stack depth: 15008 bytes left
[   14.225608] calling  nf_nat_ftp_init+0x0/0x2a @ 1
