c[?7l[2J[0mSeaBIOS (version 1.16.0-debian-1.16.0-4)
Booting from ROM...
early console in setup code
c[?7l[2J[    0.000000] Linux version 5.10.151+ (root@joelboxx.c.googlers.com) (gcc (Debian 12.2.0-3) 12.2.0, GNU ld (GNU Binutils for Debian) 2.39) #14 Tue Dec 13 09:20:37 UTC 2022
[    0.000000] Command line: selinux=0 initcall_debug debug console=ttyS0 rcutorture.torture_type=srcu rcutorture.n_barrier_cbs=4 rcutorture.stat_interval=15 rcutorture.shutdown_secs=1800 rcutorture.test_no_idle_hz=1 rcutorture.verbose=1
[    0.000000] x86/fpu: x87 FPU will use FXSAVE
[    0.000000] BIOS-provided physical RAM map:
[    0.000000] BIOS-e820: [mem 0x0000000000000000-0x000000000009fbff] usable
[    0.000000] BIOS-e820: [mem 0x000000000009fc00-0x000000000009ffff] reserved
[    0.000000] BIOS-e820: [mem 0x00000000000f0000-0x00000000000fffff] reserved
[    0.000000] BIOS-e820: [mem 0x0000000000100000-0x000000001ffdefff] usable
[    0.000000] BIOS-e820: [mem 0x000000001ffdf000-0x000000001fffffff] reserved
[    0.000000] BIOS-e820: [mem 0x00000000b0000000-0x00000000bfffffff] reserved
[    0.000000] BIOS-e820: [mem 0x00000000fed1c000-0x00000000fed1ffff] reserved
[    0.000000] BIOS-e820: [mem 0x00000000feffc000-0x00000000feffffff] reserved
[    0.000000] BIOS-e820: [mem 0x00000000fffc0000-0x00000000ffffffff] reserved
[    0.000000] NX (Execute Disable) protection: active
[    0.000000] SMBIOS 2.8 present.
[    0.000000] DMI: QEMU Standard PC (Q35 + ICH9, 2009), BIOS 1.16.0-debian-1.16.0-4 04/01/2014
[    0.000000] Hypervisor detected: KVM
[    0.000000] kvm-clock: Using msrs 4b564d01 and 4b564d00
[    0.000000] kvm-clock: cpu 0, msr 1443f001, primary cpu clock
[    0.000002] kvm-clock: using sched offset of 1679152281 cycles
[    0.000308] clocksource: kvm-clock: mask: 0xffffffffffffffff max_cycles: 0x1cd42e4dffb, max_idle_ns: 881590591483 ns
[    0.000387] tsc: Detected 1999.999 MHz processor
[    0.010311] e820: update [mem 0x00000000-0x00000fff] usable ==> reserved
[    0.010318] e820: remove [mem 0x000a0000-0x000fffff] usable
[    0.010326] last_pfn = 0x1ffdf max_arch_pfn = 0x400000000
[    0.011466] MTRR default type: write-back
[    0.011562] MTRR fixed ranges enabled:
[    0.011564]   00000-9FFFF write-back
[    0.011566]   A0000-BFFFF uncachable
[    0.011568]   C0000-FFFFF write-protect
[    0.011569] MTRR variable ranges enabled:
[    0.011572]   0 base 00C0000000 mask FFC0000000 uncachable
[    0.011574]   1 disabled
[    0.011575]   2 disabled
[    0.011576]   3 disabled
[    0.011577]   4 disabled
[    0.011578]   5 disabled
[    0.011579]   6 disabled
[    0.011580]   7 disabled
[    0.012097] x86/PAT: Configuration [0-7]: WB  WC  UC- UC  WB  WC  UC- UC  
[    0.022352] found SMP MP-table at [mem 0x000f5ba0-0x000f5baf]
[    0.025146] check: Scanning 1 areas for low memory corruption
[    0.034110] ACPI: Early table checksum verification disabled
[    0.037565] ACPI: RSDP 0x00000000000F59E0 000014 (v00 BOCHS )
[    0.037933] ACPI: RSDT 0x000000001FFE229A 000038 (v01 BOCHS  BXPC     00000001 BXPC 00000001)
[    0.038370] ACPI: FACP 0x000000001FFE2092 0000F4 (v03 BOCHS  BXPC     00000001 BXPC 00000001)
[    0.038565] ACPI: DSDT 0x000000001FFE0040 002052 (v01 BOCHS  BXPC     00000001 BXPC 00000001)
[    0.038570] ACPI: FACS 0x000000001FFE0000 000040
[    0.038574] ACPI: APIC 0x000000001FFE2186 000078 (v01 BOCHS  BXPC     00000001 BXPC 00000001)
[    0.038578] ACPI: HPET 0x000000001FFE21FE 000038 (v01 BOCHS  BXPC     00000001 BXPC 00000001)
[    0.038582] ACPI: MCFG 0x000000001FFE2236 00003C (v01 BOCHS  BXPC     00000001 BXPC 00000001)
[    0.038586] ACPI: WAET 0x000000001FFE2272 000028 (v01 BOCHS  BXPC     00000001 BXPC 00000001)
[    0.038590] ACPI: Reserving FACP table memory at [mem 0x1ffe2092-0x1ffe2185]
[    0.038592] ACPI: Reserving DSDT table memory at [mem 0x1ffe0040-0x1ffe2091]
[    0.038593] ACPI: Reserving FACS table memory at [mem 0x1ffe0000-0x1ffe003f]
[    0.038594] ACPI: Reserving APIC table memory at [mem 0x1ffe2186-0x1ffe21fd]
[    0.038595] ACPI: Reserving HPET table memory at [mem 0x1ffe21fe-0x1ffe2235]
[    0.038595] ACPI: Reserving MCFG table memory at [mem 0x1ffe2236-0x1ffe2271]
[    0.038596] ACPI: Reserving WAET table memory at [mem 0x1ffe2272-0x1ffe2299]
[    0.039388] ACPI: Local APIC address 0xfee00000
[    0.041691] Zone ranges:
[    0.041850]   DMA      [mem 0x0000000000001000-0x0000000000ffffff]
[    0.041947]   DMA32    [mem 0x0000000001000000-0x000000001ffdefff]
[    0.042028]   Normal   empty
[    0.042030] Movable zone start for each node
[    0.042030] Early memory node ranges
[    0.042032]   node   0: [mem 0x0000000000001000-0x000000000009efff]
[    0.042109]   node   0: [mem 0x0000000000100000-0x000000001ffdefff]
[    0.042112] Initmem setup node 0 [mem 0x0000000000001000-0x000000001ffdefff]
[    0.042114] On node 0 totalpages: 130941
[    0.042280]   DMA zone: 64 pages used for memmap
[    0.042281]   DMA zone: 21 pages reserved
[    0.042364]   DMA zone: 3998 pages, LIFO batch:0
[    0.042365]   DMA32 zone: 1984 pages used for memmap
[    0.042366]   DMA32 zone: 126943 pages, LIFO batch:31
[    0.045123] On node 0, zone DMA: 1 pages in unavailable ranges
[    0.051911] On node 0, zone DMA: 97 pages in unavailable ranges
[    0.221335] On node 0, zone DMA32: 33 pages in unavailable ranges
[    0.224719] ACPI: PM-Timer IO Port: 0x608
[    0.224725] ACPI: Local APIC address 0xfee00000
[    0.224949] ACPI: LAPIC_NMI (acpi_id[0xff] dfl dfl lint[0x1])
[    0.226540] IOAPIC[0]: apic_id 0, version 17, address 0xfec00000, GSI 0-23
[    0.226544] ACPI: INT_SRC_OVR (bus 0 bus_irq 0 global_irq 2 dfl dfl)
[    0.226659] ACPI: INT_SRC_OVR (bus 0 bus_irq 5 global_irq 5 high level)
[    0.226661] ACPI: INT_SRC_OVR (bus 0 bus_irq 9 global_irq 9 high level)
[    0.226768] ACPI: INT_SRC_OVR (bus 0 bus_irq 10 global_irq 10 high level)
[    0.226770] ACPI: INT_SRC_OVR (bus 0 bus_irq 11 global_irq 11 high level)
[    0.226772] ACPI: IRQ0 used by override.
[    0.226773] ACPI: IRQ5 used by override.
[    0.226774] ACPI: IRQ9 used by override.
[    0.226774] ACPI: IRQ10 used by override.
[    0.226775] ACPI: IRQ11 used by override.
[    0.226778] Using ACPI (MADT) for SMP configuration information
[    0.226864] ACPI: HPET id: 0x8086a201 base: 0xfed00000
[    0.227780] kvm-guest: stealtime: cpu 0, msr 13c4c780
[    0.228549] PM: hibernation: Registered nosave memory: [mem 0x00000000-0x00000fff]
[    0.228551] PM: hibernation: Registered nosave memory: [mem 0x0009f000-0x0009ffff]
[    0.228552] PM: hibernation: Registered nosave memory: [mem 0x000a0000-0x000effff]
[    0.228553] PM: hibernation: Registered nosave memory: [mem 0x000f0000-0x000fffff]
[    0.228555] [mem 0x20000000-0xafffffff] available for PCI devices
[    0.228648] Booting paravirtualized kernel on KVM
[    0.229335] clocksource: refined-jiffies: mask: 0xffffffff max_cycles: 0xffffffff, max_idle_ns: 1910969940391419 ns
[    0.271388] pcpu-alloc: s0 r0 d32768 u32768 alloc=1*32768
[    0.271485] pcpu-alloc: [0] 0 
[    0.272010] Built 1 zonelists, mobility grouping on.  Total pages: 128872
[    0.272106] Kernel command line: selinux=0 initcall_debug debug console=ttyS0 rcutorture.torture_type=srcu rcutorture.n_barrier_cbs=4 rcutorture.stat_interval=15 rcutorture.shutdown_secs=1800 rcutorture.test_no_idle_hz=1 rcutorture.verbose=1
[    0.293074] Dentry cache hash table entries: 65536 (order: 7, 524288 bytes, linear)
[    0.298688] Inode-cache hash table entries: 32768 (order: 6, 262144 bytes, linear)
[    0.299675] mem auto-init: stack:all(zero), heap alloc:off, heap free:off
[    0.311490] Memory: 481560K/523764K available (14349K kernel code, 2609K rwdata, 4608K rodata, 1248K init, 1892K bss, 41944K reserved, 0K cma-reserved)
[    0.312887] SLUB: HWalign=64, Order=0-3, MinObjects=0, CPUs=1, Nodes=1
[    0.313699] Kernel/User page tables isolation: enabled
[    0.350380] NR_IRQS: 4352, nr_irqs: 256, preallocated irqs: 16
[    0.360834] calling  con_init+0x0/0x22a @ 0
[    0.579019] Console: colour VGA+ 80x25
[    0.584599] initcall con_init+0x0/0x22a returned 0 after 0 usecs
[    0.584708] calling  hvc_console_init+0x0/0x13 @ 0
[    0.584712] initcall hvc_console_init+0x0/0x13 returned 0 after 0 usecs
[    0.584714] calling  univ8250_console_init+0x0/0x26 @ 0
[    1.356327] printk: console [ttyS0] enabled
[    1.360951] initcall univ8250_console_init+0x0/0x26 returned 0 after 0 usecs
[    1.375887] ACPI: Core revision 20200925
[    1.390402] clocksource: hpet: mask: 0xffffffff max_cycles: 0xffffffff, max_idle_ns: 19112604467 ns
[    1.406001] APIC: Switch to symmetric I/O mode setup
[    1.453675] ..TIMER: vector=0x30 apic1=0 pin1=2 apic2=-1 pin2=-1
[    1.461152] clocksource: tsc-early: mask: 0xffffffffffffffff max_cycles: 0x39a85afc727, max_idle_ns: 881590685098 ns
[    1.473854] Calibrating delay loop (skipped) preset value.. 3999.99 BogoMIPS (lpj=1999999)
[    1.476058] pid_max: default: 32768 minimum: 301
[    1.478615] LSM: Security Framework initializing
[    1.480573] Mount-cache hash table entries: 1024 (order: 1, 8192 bytes, linear)
[    1.481093] Mountpoint-cache hash table entries: 1024 (order: 1, 8192 bytes, linear)
[    1.498638] Last level iTLB entries: 4KB 0, 2MB 0, 4MB 0
[    1.498940] Last level dTLB entries: 4KB 0, 2MB 0, 4MB 0, 1GB 0
[    1.500035] CPU: Intel Common KVM processor (family: 0xf, model: 0x6, stepping: 0x1)
[    1.500996] Spectre V1 : Mitigation: usercopy/swapgs barriers and __user pointer sanitization
[    1.501941] Spectre V2 : Mitigation: Retpolines
[    1.502939] Spectre V2 : Spectre v2 / SpectreRSB mitigation: Filling RSB on context switch
[    1.503939] Spectre V2 : Spectre v2 / SpectreRSB : Filling RSB on VMEXIT
[    1.504939] Speculative Store Bypass: Vulnerable
[    1.506269] MDS: Vulnerable: Clear CPU buffers attempted, no microcode
[    1.506939] MMIO Stale Data: Unknown: No mitigations
[    1.672762] calling  init_hw_perf_events+0x0/0x6ce @ 1
[    1.673001] Performance Events: unsupported Netburst CPU model 6 no PMU driver, software events only.
[    1.673948] initcall init_hw_perf_events+0x0/0x6ce returned 0 after 976 usecs
[    1.674944] calling  init_real_mode+0x0/0x1e9 @ 1
[    1.677491] initcall init_real_mode+0x0/0x1e9 returned 0 after 976 usecs
[    1.678942] calling  trace_init_perf_perm_irq_work_exit+0x0/0x12 @ 1
[    1.679942] initcall trace_init_perf_perm_irq_work_exit+0x0/0x12 returned 0 after 0 usecs
[    1.680978] calling  validate_x2apic+0x0/0x4a @ 1
[    1.681964] initcall validate_x2apic+0x0/0x4a returned 0 after 0 usecs
[    1.682943] calling  register_nmi_cpu_backtrace_handler+0x0/0x15 @ 1
[    1.683944] initcall register_nmi_cpu_backtrace_handler+0x0/0x15 returned 0 after 0 usecs
[    1.684943] calling  kvm_setup_vsyscall_timeinfo+0x0/0x34 @ 1
[    1.685942] initcall kvm_setup_vsyscall_timeinfo+0x0/0x34 returned 0 after 0 usecs
[    1.687025] calling  spawn_ksoftirqd+0x0/0x34 @ 1
[    1.689124] initcall spawn_ksoftirqd+0x0/0x34 returned 0 after 0 usecs
[    1.689942] calling  trace_init_flags_sys_enter+0x0/0xe @ 1
[    1.690943] initcall trace_init_flags_sys_enter+0x0/0xe returned 0 after 0 usecs
[    1.691942] calling  trace_init_flags_sys_exit+0x0/0xe @ 1
[    1.692942] initcall trace_init_flags_sys_exit+0x0/0xe returned 0 after 0 usecs
[    1.693964] calling  init_kprobes+0x0/0x14d @ 1
[    1.697356] initcall init_kprobes+0x0/0x14d returned 0 after 976 usecs
[    1.697942] calling  init_events+0x0/0x3d @ 1
[    1.700018] initcall init_events+0x0/0x3d returned 0 after 976 usecs
[    1.700947] calling  init_trace_printk+0x0/0xc @ 1
[    1.701943] initcall init_trace_printk+0x0/0xc returned 0 after 0 usecs
[    1.702951] calling  event_trace_enable_again+0x0/0x23 @ 1
[    1.703944] initcall event_trace_enable_again+0x0/0x23 returned 0 after 0 usecs
[    1.704944] calling  static_call_init+0x0/0x6d @ 1
[    1.705943] initcall static_call_init+0x0/0x6d returned 0 after 0 usecs
[    1.706947] calling  jump_label_init_module+0x0/0xc @ 1
[    1.707947] initcall jump_label_init_module+0x0/0xc returned 0 after 0 usecs
[    1.708946] calling  init_zero_pfn+0x0/0x37 @ 1
[    1.709944] initcall init_zero_pfn+0x0/0x37 returned 0 after 0 usecs
[    1.710972] calling  initialize_ptr_random+0x0/0x54 @ 1
[    1.711943] initcall initialize_ptr_random+0x0/0x54 returned 0 after 0 usecs
[    1.712959] calling  efi_memreserve_root_init+0x0/0x25 @ 1
[    1.713986] initcall efi_memreserve_root_init+0x0/0x25 returned 0 after 0 usecs
[    1.714942] calling  efi_earlycon_remap_fb+0x0/0x51 @ 1
[    1.715943] initcall efi_earlycon_remap_fb+0x0/0x51 returned 0 after 0 usecs
[    1.815267] APIC calibration not consistent with PM-Timer: 98ms instead of 100ms
[    1.815936] APIC delta adjusted to PM-Timer: 6249680 (6135653)
[    1.831128] devtmpfs: initialized
[    1.834778] calling  ipc_ns_init+0x0/0x3d @ 1
[    1.834990] initcall ipc_ns_init+0x0/0x3d returned 0 after 0 usecs
[    1.835944] calling  init_mmap_min_addr+0x0/0x21 @ 1
[    1.836950] initcall init_mmap_min_addr+0x0/0x21 returned 0 after 0 usecs
[    1.837945] calling  pci_realloc_setup_params+0x0/0x3f @ 1
[    1.838944] initcall pci_realloc_setup_params+0x0/0x3f returned 0 after 0 usecs
[    1.839960] calling  net_ns_init+0x0/0x128 @ 1
[    1.841214] initcall net_ns_init+0x0/0x128 returned 0 after 0 usecs
[    1.841964] calling  e820__register_nvs_regions+0x0/0x37 @ 1
[    1.842944] initcall e820__register_nvs_regions+0x0/0x37 returned 0 after 0 usecs
[    1.843943] calling  cpufreq_register_tsc_scaling+0x0/0x2e @ 1
[    1.844942] initcall cpufreq_register_tsc_scaling+0x0/0x2e returned 0 after 0 usecs
[    1.845944] calling  reboot_init+0x0/0x3c @ 1
[    1.847001] initcall reboot_init+0x0/0x3c returned 0 after 0 usecs
[    1.847941] calling  init_lapic_sysfs+0x0/0x20 @ 1
[    1.848946] initcall init_lapic_sysfs+0x0/0x20 returned 0 after 0 usecs
[    1.849949] calling  wq_sysfs_init+0x0/0x2a @ 1
[    1.851130] initcall wq_sysfs_init+0x0/0x2a returned 0 after 0 usecs
[    1.851942] calling  ksysfs_init+0x0/0x92 @ 1
[    1.852947] initcall ksysfs_init+0x0/0x92 returned 0 after 0 usecs
[    1.854942] calling  pm_init+0x0/0x76 @ 1
[    1.855993] initcall pm_init+0x0/0x76 returned 0 after 0 usecs
[    1.856941] calling  pm_disk_init+0x0/0x13 @ 1
[    1.858945] initcall pm_disk_init+0x0/0x13 returned 0 after 976 usecs
[    1.859941] calling  swsusp_header_init+0x0/0x2b @ 1
[    1.860942] initcall swsusp_header_init+0x0/0x2b returned 0 after 0 usecs
[    1.861942] calling  rcu_set_runtime_mode+0x0/0x11 @ 1
[    1.862941] initcall rcu_set_runtime_mode+0x0/0x11 returned 0 after 0 usecs
[    1.863942] calling  init_jiffies_clocksource+0x0/0x13 @ 1
[    1.864941] clocksource: jiffies: mask: 0xffffffff max_cycles: 0xffffffff, max_idle_ns: 1911260446275000 ns
[    1.865947] initcall init_jiffies_clocksource+0x0/0x13 returned 0 after 976 usecs
[    1.866943] calling  futex_init+0x0/0xf4 @ 1
[    1.867945] futex hash table entries: 256 (order: 0, 6144 bytes, linear)
[    1.869013] initcall futex_init+0x0/0xf4 returned 0 after 976 usecs
[    1.869941] calling  cgroup_wq_init+0x0/0x28 @ 1
[    1.870948] initcall cgroup_wq_init+0x0/0x28 returned 0 after 0 usecs
[    1.871941] calling  cgroup1_wq_init+0x0/0x28 @ 1
[    1.872946] initcall cgroup1_wq_init+0x0/0x28 returned 0 after 0 usecs
[    1.873942] calling  init_kprobe_trace_early+0x0/0x2a @ 1
[    1.874943] initcall init_kprobe_trace_early+0x0/0x2a returned 0 after 0 usecs
[    1.875945] calling  fsnotify_init+0x0/0x48 @ 1
[    1.876954] initcall fsnotify_init+0x0/0x48 returned 0 after 0 usecs
[    1.877941] calling  filelock_init+0x0/0x60 @ 1
[    1.878974] initcall filelock_init+0x0/0x60 returned 0 after 0 usecs
[    1.879963] calling  init_misc_binfmt+0x0/0x2c @ 1
[    1.880943] initcall init_misc_binfmt+0x0/0x2c returned 0 after 0 usecs
[    1.881941] calling  init_script_binfmt+0x0/0x15 @ 1
[    1.882941] initcall init_script_binfmt+0x0/0x15 returned 0 after 0 usecs
[    1.883941] calling  init_elf_binfmt+0x0/0x15 @ 1
[    1.884941] initcall init_elf_binfmt+0x0/0x15 returned 0 after 0 usecs
[    1.885941] calling  init_compat_elf_binfmt+0x0/0x15 @ 1
[    1.886941] initcall init_compat_elf_binfmt+0x0/0x15 returned 0 after 0 usecs
[    1.887942] calling  debugfs_init+0x0/0x5c @ 1
[    1.888951] initcall debugfs_init+0x0/0x5c returned 0 after 0 usecs
[    1.889942] calling  tracefs_init+0x0/0x3a @ 1
[    1.890966] initcall tracefs_init+0x0/0x3a returned 0 after 0 usecs
[    1.891942] calling  prandom_init_early+0x0/0x111 @ 1
[    1.892942] initcall prandom_init_early+0x0/0x111 returned 0 after 0 usecs
[    1.894057] calling  virtio_init+0x0/0x20 @ 1
[    1.895968] initcall virtio_init+0x0/0x20 returned 0 after 0 usecs
[    1.896943] calling  iommu_init+0x0/0x2a @ 1
[    1.897965] initcall iommu_init+0x0/0x2a returned 0 after 0 usecs
[    1.898941] calling  component_debug_init+0x0/0x1c @ 1
[    1.900015] initcall component_debug_init+0x0/0x1c returned 0 after 0 usecs
[    1.900944] calling  early_resume_init+0x0/0xb9 @ 1
[    1.902683] PM: RTC time: 09:27:28, date: 2022-12-13
[    1.902945] initcall early_resume_init+0x0/0xb9 returned 0 after 976 usecs
[    1.903944] calling  cpufreq_core_init+0x0/0x62 @ 1
[    1.904966] initcall cpufreq_core_init+0x0/0x62 returned 0 after 0 usecs
[    1.905943] calling  cpufreq_gov_performance_init+0x0/0xc @ 1
[    1.906943] initcall cpufreq_gov_performance_init+0x0/0xc returned 0 after 0 usecs
[    1.907943] calling  cpufreq_gov_userspace_init+0x0/0xc @ 1
[    1.908944] initcall cpufreq_gov_userspace_init+0x0/0xc returned 0 after 0 usecs
[    1.909942] calling  CPU_FREQ_GOV_ONDEMAND_init+0x0/0xc @ 1
[    1.910942] initcall CPU_FREQ_GOV_ONDEMAND_init+0x0/0xc returned 0 after 0 usecs
[    1.911944] calling  cpuidle_init+0x0/0x1f @ 1
[    1.913002] initcall cpuidle_init+0x0/0x1f returned 0 after 0 usecs
[    1.913943] calling  capsule_reboot_register+0x0/0xc @ 1
[    1.914943] initcall capsule_reboot_register+0x0/0xc returned 0 after 0 usecs
[    1.915942] calling  sock_init+0x0/0x93 @ 1
[    1.917520] initcall sock_init+0x0/0x93 returned 0 after 0 usecs
[    1.917943] calling  net_inuse_init+0x0/0x23 @ 1
[    1.918949] initcall net_inuse_init+0x0/0x23 returned 0 after 0 usecs
[    1.919942] calling  net_defaults_init+0x0/0x23 @ 1
[    1.920944] initcall net_defaults_init+0x0/0x23 returned 0 after 0 usecs
[    1.921942] calling  init_default_flow_dissectors+0x0/0x4f @ 1
[    1.922943] initcall init_default_flow_dissectors+0x0/0x4f returned 0 after 0 usecs
[    1.923941] calling  netpoll_init+0x0/0x25 @ 1
[    1.924942] initcall netpoll_init+0x0/0x25 returned 0 after 0 usecs
[    1.925941] calling  netlink_proto_init+0x0/0x14f @ 1
[    1.927176] NET: Registered protocol family 16
[    1.927964] initcall netlink_proto_init+0x0/0x14f returned 0 after 976 usecs
[    1.928941] calling  genl_init+0x0/0x35 @ 1
[    1.929949] initcall genl_init+0x0/0x35 returned 0 after 0 usecs
[    1.930941] calling  bsp_pm_check_init+0x0/0x13 @ 1
[    1.931941] initcall bsp_pm_check_init+0x0/0x13 returned 0 after 0 usecs
[    1.932958] calling  irq_sysfs_init+0x0/0xb7 @ 1
[    1.934067] initcall irq_sysfs_init+0x0/0xb7 returned 0 after 0 usecs
[    1.934942] calling  audit_init+0x0/0x15d @ 1
[    1.935951] audit: initializing netlink subsys (disabled)
[    1.937076] initcall audit_init+0x0/0x15d returned 0 after 976 usecs
[    1.937942] calling  release_early_probes+0x0/0x32 @ 1
[    1.938941] initcall release_early_probes+0x0/0x32 returned 0 after 0 usecs
[    1.939941] calling  bdi_class_init+0x0/0x48 @ 1
[    1.940983] initcall bdi_class_init+0x0/0x48 returned 0 after 0 usecs
[    1.941944] calling  mm_sysfs_init+0x0/0x28 @ 1
[    1.942966] initcall mm_sysfs_init+0x0/0x28 returned 0 after 0 usecs
[    1.943944] calling  init_per_zone_wmark_min+0x0/0x5e @ 1
[    1.944945] initcall init_per_zone_wmark_min+0x0/0x5e returned 0 after 0 usecs
[    1.945945] calling  mpi_init+0x0/0x3e @ 1
[    1.946968] initcall mpi_init+0x0/0x3e returned 0 after 0 usecs
[    1.947943] calling  kobject_uevent_init+0x0/0xc @ 1
[    1.949999] initcall kobject_uevent_init+0x0/0xc returned 0 after 976 usecs
[    1.950942] calling  pcibus_class_init+0x0/0x13 @ 1
[    1.951972] initcall pcibus_class_init+0x0/0x13 returned 0 after 0 usecs
[    1.952942] calling  pci_driver_init+0x0/0x21 @ 1
[    1.953991] initcall pci_driver_init+0x0/0x21 returned 0 after 0 usecs
[    1.954943] calling  backlight_class_init+0x0/0xa8 @ 1
[    1.955972] initcall backlight_class_init+0x0/0xa8 returned 0 after 0 usecs
[    1.956945] calling  tty_class_init+0x0/0x33 @ 1
[    1.958945] initcall tty_class_init+0x0/0x33 returned 0 after 976 usecs
[    1.959941] calling  vtconsole_class_init+0x0/0xb5 @ 1
[    1.961046] initcall vtconsole_class_init+0x0/0xb5 returned 0 after 0 usecs
[    1.961944] calling  iommu_dev_init+0x0/0x13 @ 1
[    1.963020] initcall iommu_dev_init+0x0/0x13 returned 0 after 0 usecs
[    1.963941] calling  mipi_dsi_bus_init+0x0/0xc @ 1
[    1.965000] initcall mipi_dsi_bus_init+0x0/0xc returned 0 after 0 usecs
[    1.965942] calling  devlink_class_init+0x0/0x40 @ 1
[    1.966950] initcall devlink_class_init+0x0/0x40 returned 0 after 0 usecs
[    1.967942] calling  software_node_init+0x0/0x2a @ 1
[    1.968946] initcall software_node_init+0x0/0x2a returned 0 after 0 usecs
[    1.969941] calling  wakeup_sources_debugfs_init+0x0/0x23 @ 1
[    1.970969] initcall wakeup_sources_debugfs_init+0x0/0x23 returned 0 after 0 usecs
[    1.971943] calling  wakeup_sources_sysfs_init+0x0/0x2c @ 1
[    1.972952] initcall wakeup_sources_sysfs_init+0x0/0x2c returned 0 after 0 usecs
[    1.973942] calling  regmap_initcall+0x0/0xc @ 1
[    1.974988] initcall regmap_initcall+0x0/0xc returned 0 after 0 usecs
[    1.975944] calling  i2c_init+0x0/0xb3 @ 1
[    1.977041] initcall i2c_init+0x0/0xb3 returned 0 after 0 usecs
[    1.977943] calling  thermal_init+0x0/0xf2 @ 1
[    1.978978] thermal_sys: Registered thermal governor 'step_wise'
[    1.978979] thermal_sys: Registered thermal governor 'user_space'
[    1.979955] initcall thermal_init+0x0/0xf2 returned 0 after 976 usecs
[    1.981944] calling  init_menu+0x0/0xc @ 1
[    1.982941] cpuidle: using governor menu
[    1.983943] initcall init_menu+0x0/0xc returned 0 after 976 usecs
[    1.984942] calling  pcc_init+0x0/0x4d @ 1
[    1.985985] initcall pcc_init+0x0/0x4d returned -19 after 0 usecs
[    1.986944] calling  amd_postcore_init+0x0/0x11e @ 1
[    1.987944] initcall amd_postcore_init+0x0/0x11e returned 0 after 0 usecs
[    1.988974] calling  bts_init+0x0/0xba @ 1
[    1.989945] initcall bts_init+0x0/0xba returned -19 after 0 usecs
[    1.990943] calling  pt_init+0x0/0x2ef @ 1
[    1.991943] initcall pt_init+0x0/0x2ef returned -19 after 0 usecs
[    1.992943] calling  boot_params_ksysfs_init+0x0/0x2ee @ 1
[    1.993996] initcall boot_params_ksysfs_init+0x0/0x2ee returned 0 after 0 usecs
[    1.994942] calling  sbf_init+0x0/0xd1 @ 1
[    1.995942] initcall sbf_init+0x0/0xd1 returned 0 after 0 usecs
[    1.996945] calling  arch_kdebugfs_init+0x0/0x219 @ 1
[    1.998944] initcall arch_kdebugfs_init+0x0/0x219 returned 0 after 976 usecs
[    1.999944] calling  intel_pconfig_init+0x0/0x85 @ 1
[    2.000945] initcall intel_pconfig_init+0x0/0x85 returned 0 after 0 usecs
[    2.001942] calling  mtrr_if_init+0x0/0x5d @ 1
[    2.002950] initcall mtrr_if_init+0x0/0x5d returned 0 after 0 usecs
[    2.003943] calling  activate_jump_labels+0x0/0x31 @ 1
[    2.004943] initcall activate_jump_labels+0x0/0x31 returned 0 after 0 usecs
[    2.005955] calling  ffh_cstate_init+0x0/0x29 @ 1
[    2.006947] initcall ffh_cstate_init+0x0/0x29 returned 0 after 0 usecs
[    2.007942] calling  activate_jump_labels+0x0/0x31 @ 1
[    2.008974] initcall activate_jump_labels+0x0/0x31 returned 0 after 0 usecs
[    2.009942] calling  kvm_alloc_cpumask+0x0/0x2b @ 1
[    2.010964] initcall kvm_alloc_cpumask+0x0/0x2b returned 0 after 0 usecs
[    2.011943] calling  kcmp_cookies_init+0x0/0x37 @ 1
[    2.012948] initcall kcmp_cookies_init+0x0/0x37 returned 0 after 0 usecs
[    2.013944] calling  cryptomgr_init+0x0/0xc @ 1
[    2.014945] initcall cryptomgr_init+0x0/0xc returned 0 after 0 usecs
[    2.015943] calling  acpi_pci_init+0x0/0x57 @ 1
[    2.016941] ACPI: bus type PCI registered
[    2.017942] initcall acpi_pci_init+0x0/0x57 returned 0 after 976 usecs
[    2.018943] calling  dma_channel_table_init+0x0/0xce @ 1
[    2.019947] initcall dma_channel_table_init+0x0/0xce returned 0 after 0 usecs
[    2.021955] calling  dma_bus_init+0x0/0xdc @ 1
[    2.023032] initcall dma_bus_init+0x0/0xdc returned 0 after 0 usecs
[    2.024019] calling  iommu_dma_init+0x0/0x10 @ 1
[    2.024950] initcall iommu_dma_init+0x0/0x10 returned 0 after 0 usecs
[    2.025947] calling  dmi_id_init+0x0/0x37c @ 1
[    2.027202] initcall dmi_id_init+0x0/0x37c returned 0 after 0 usecs
[    2.027944] calling  pci_arch_init+0x0/0x71 @ 1
[    2.029543] PCI: MMCONFIG for domain 0000 [bus 00-ff] at [mem 0xb0000000-0xbfffffff] (base 0xb0000000)
[    2.029943] PCI: MMCONFIG at [mem 0xb0000000-0xbfffffff] reserved in E820
[    2.030958] PCI: Using configuration type 1 for base access
[    2.031991] initcall pci_arch_init+0x0/0x71 returned 0 after 2929 usecs
[    2.032965] calling  init_vdso+0x0/0x13 @ 1
[    2.033971] initcall init_vdso+0x0/0x13 returned 0 after 0 usecs
[    2.034942] calling  sysenter_setup+0x0/0x13 @ 1
[    2.035972] initcall sysenter_setup+0x0/0x13 returned 0 after 0 usecs
[    2.036941] calling  fixup_ht_bug+0x0/0x7f @ 1
[    2.037941] initcall fixup_ht_bug+0x0/0x7f returned 0 after 0 usecs
[    2.038942] calling  topology_init+0x0/0x15 @ 1
[    2.040005] initcall topology_init+0x0/0x15 returned 0 after 0 usecs
[    2.040943] calling  intel_epb_init+0x0/0x68 @ 1
[    2.041942] initcall intel_epb_init+0x0/0x68 returned -19 after 0 usecs
[    2.042941] calling  mtrr_init_finialize+0x0/0x3e @ 1
[    2.043941] initcall mtrr_init_finialize+0x0/0x3e returned 0 after 0 usecs
[    2.044946] calling  uid_cache_init+0x0/0x7b @ 1
[    2.045951] initcall uid_cache_init+0x0/0x7b returned 0 after 0 usecs
[    2.046945] calling  param_sysfs_init+0x0/0x1ba @ 1
[    2.051452] initcall param_sysfs_init+0x0/0x1ba returned 0 after 2929 usecs
[    2.051945] calling  user_namespace_sysctl_init+0x0/0x33 @ 1
[    2.053052] initcall user_namespace_sysctl_init+0x0/0x33 returned 0 after 0 usecs
[    2.053946] calling  proc_schedstat_init+0x0/0x24 @ 1
[    2.054950] initcall proc_schedstat_init+0x0/0x24 returned 0 after 0 usecs
[    2.055943] calling  pm_sysrq_init+0x0/0x18 @ 1
[    2.056950] initcall pm_sysrq_init+0x0/0x18 returned 0 after 0 usecs
[    2.057993] calling  create_proc_profile+0x0/0x50 @ 1
[    2.058944] initcall create_proc_profile+0x0/0x50 returned 0 after 0 usecs
[    2.059943] calling  time_ns_init+0x0/0x7 @ 1
[    2.060942] initcall time_ns_init+0x0/0x7 returned 0 after 0 usecs
[    2.061942] calling  crash_save_vmcoreinfo_init+0x0/0x756 @ 1
[    2.063184] initcall crash_save_vmcoreinfo_init+0x0/0x756 returned 0 after 0 usecs
[    2.064943] calling  crash_notes_memory_init+0x0/0x35 @ 1
[    2.065947] initcall crash_notes_memory_init+0x0/0x35 returned 0 after 0 usecs
[    2.066942] calling  cgroup_sysfs_init+0x0/0x13 @ 1
[    2.067981] initcall cgroup_sysfs_init+0x0/0x13 returned 0 after 0 usecs
[    2.068942] calling  cgroup_namespaces_init+0x0/0x7 @ 1
[    2.069942] initcall cgroup_namespaces_init+0x0/0x7 returned 0 after 0 usecs
[    2.070942] calling  init_optprobes+0x0/0x13 @ 1
[    2.071940] Kprobes globally optimized
[    2.072942] initcall init_optprobes+0x0/0x13 returned 0 after 976 usecs
[    2.074950] calling  oom_init+0x0/0x2f @ 1
[    2.076132] audit: type=2000 audit(1670923646.687:1): state=initialized audit_enabled=0 res=1
[    2.076967] initcall oom_init+0x0/0x2f returned 0 after 976 usecs
[    2.077979] calling  default_bdi_init+0x0/0x35 @ 1
[    2.080045] initcall default_bdi_init+0x0/0x35 returned 0 after 0 usecs
[    2.080942] calling  percpu_enable_async+0x0/0xe @ 1
[    2.081942] initcall percpu_enable_async+0x0/0xe returned 0 after 0 usecs
[    2.082943] calling  kcompactd_init+0x0/0x46 @ 1
[    2.084174] initcall kcompactd_init+0x0/0x46 returned 0 after 0 usecs
[    2.085025] calling  init_user_reserve+0x0/0x30 @ 1
[    2.085942] initcall init_user_reserve+0x0/0x30 returned 0 after 0 usecs
[    2.086941] calling  init_admin_reserve+0x0/0x30 @ 1
[    2.087942] initcall init_admin_reserve+0x0/0x30 returned 0 after 0 usecs
[    2.088943] calling  init_reserve_notifier+0x0/0x7 @ 1
[    2.089942] initcall init_reserve_notifier+0x0/0x7 returned 0 after 0 usecs
[    2.090943] calling  swap_init_sysfs+0x0/0x62 @ 1
[    2.091969] initcall swap_init_sysfs+0x0/0x62 returned 0 after 0 usecs
[    2.092942] calling  swapfile_init+0x0/0x46 @ 1
[    2.093943] initcall swapfile_init+0x0/0x46 returned 0 after 0 usecs
[    2.094959] calling  hugetlb_init+0x0/0x430 @ 1
[    2.095958] HugeTLB registered 2.00 MiB page size, pre-allocated 0 pages
[    2.096966] initcall hugetlb_init+0x0/0x430 returned 0 after 976 usecs
[    2.097942] calling  io_wq_init+0x0/0x34 @ 1
[    2.098941] initcall io_wq_init+0x0/0x34 returned 0 after 0 usecs
[    2.099944] calling  seqiv_module_init+0x0/0xc @ 1
[    2.100944] initcall seqiv_module_init+0x0/0xc returned 0 after 0 usecs
[    2.101943] calling  echainiv_module_init+0x0/0xc @ 1
[    2.102945] initcall echainiv_module_init+0x0/0xc returned 0 after 0 usecs
[    2.104000] calling  rsa_init+0x0/0x50 @ 1
[    2.105989] cryptomgr_test (17) used greatest stack depth: 15544 bytes left
[    2.106954] initcall rsa_init+0x0/0x50 returned 0 after 1953 usecs
[    2.107944] calling  crypto_cmac_module_init+0x0/0xc @ 1
[    2.108943] initcall crypto_cmac_module_init+0x0/0xc returned 0 after 0 usecs
[    2.109941] calling  hmac_module_init+0x0/0xc @ 1
[    2.110941] initcall hmac_module_init+0x0/0xc returned 0 after 0 usecs
[    2.111945] calling  crypto_null_mod_init+0x0/0x65 @ 1
[    2.113027] initcall crypto_null_mod_init+0x0/0x65 returned 0 after 0 usecs
[    2.113941] calling  md5_mod_init+0x0/0xc @ 1
[    2.114979] initcall md5_mod_init+0x0/0xc returned 0 after 0 usecs
[    2.115941] calling  sha256_generic_mod_init+0x0/0x11 @ 1
[    2.117980] initcall sha256_generic_mod_init+0x0/0x11 returned 0 after 976 usecs
[    2.118944] calling  crypto_cbc_module_init+0x0/0xc @ 1
[    2.119943] initcall crypto_cbc_module_init+0x0/0xc returned 0 after 0 usecs
[    2.120948] calling  crypto_ctr_module_init+0x0/0x11 @ 1
[    2.121943] initcall crypto_ctr_module_init+0x0/0x11 returned 0 after 0 usecs
[    2.122943] calling  crypto_gcm_module_init+0x0/0x64 @ 1
[    2.123959] initcall crypto_gcm_module_init+0x0/0x64 returned 0 after 0 usecs
[    2.124942] calling  crypto_ccm_module_init+0x0/0x11 @ 1
[    2.125946] initcall crypto_ccm_module_init+0x0/0x11 returned 0 after 0 usecs
[    2.126945] calling  aes_init+0x0/0xc @ 1
[    2.128009] initcall aes_init+0x0/0xc returned 0 after 0 usecs
[    2.128951] calling  crc32c_mod_init+0x0/0xc @ 1
[    2.129981] initcall crc32c_mod_init+0x0/0xc returned 0 after 0 usecs
[    2.130942] calling  crypto_authenc_module_init+0x0/0xc @ 1
[    2.131943] initcall crypto_authenc_module_init+0x0/0xc returned 0 after 0 usecs
[    2.132942] calling  crypto_authenc_esn_module_init+0x0/0xc @ 1
[    2.133944] initcall crypto_authenc_esn_module_init+0x0/0xc returned 0 after 0 usecs
[    2.134943] calling  drbg_init+0x0/0x7c @ 1
[    2.136088] initcall drbg_init+0x0/0x7c returned 0 after 0 usecs
[    2.136942] calling  ghash_mod_init+0x0/0xc @ 1
[    2.138015] initcall ghash_mod_init+0x0/0xc returned 0 after 0 usecs
[    2.138945] calling  init_bio+0x0/0x9a @ 1
[    2.140142] initcall init_bio+0x0/0x9a returned 0 after 0 usecs
[    2.140943] calling  blk_settings_init+0x0/0x29 @ 1
[    2.141942] initcall blk_settings_init+0x0/0x29 returned 0 after 0 usecs
[    2.142942] calling  blk_ioc_init+0x0/0x29 @ 1
[    2.143945] initcall blk_ioc_init+0x0/0x29 returned 0 after 0 usecs
[    2.144942] calling  blk_mq_init+0x0/0x96 @ 1
[    2.145944] initcall blk_mq_init+0x0/0x96 returned 0 after 0 usecs
[    2.146942] calling  genhd_device_init+0x0/0x75 @ 1
[    2.148071] initcall genhd_device_init+0x0/0x75 returned 0 after 0 usecs
[    2.149004] calling  pci_slot_init+0x0/0x40 @ 1
[    2.149975] initcall pci_slot_init+0x0/0x40 returned 0 after 0 usecs
[    2.150942] calling  fbmem_init+0x0/0xd8 @ 1
[    2.152005] initcall fbmem_init+0x0/0xd8 returned 0 after 0 usecs
[    2.153942] calling  acpi_init+0x0/0x316 @ 1
[    2.155001] ACPI: Added _OSI(Module Device)
[    2.155941] ACPI: Added _OSI(Processor Device)
[    2.156941] ACPI: Added _OSI(3.0 _SCP Extensions)
[    2.157940] ACPI: Added _OSI(Processor Aggregator Device)
[    2.158943] ACPI: Added _OSI(Linux-Dell-Video)
[    2.159943] ACPI: Added _OSI(Linux-Lenovo-NV-HDMI-Audio)
[    2.160941] ACPI: Added _OSI(Linux-HPI-Hybrid-Graphics)
[    2.166024] ACPI: 1 ACPI AML tables successfully acquired and loaded
[    2.171195] ACPI: Interpreter enabled
[    2.171989] ACPI: (supports S0 S3 S4 S5)
[    2.172941] ACPI: Using IOAPIC for interrupt routing
[    2.174000] PCI: Using host bridge windows from ACPI; if necessary, use "pci=nocrs" and report a bug
[    2.175256] ACPI: Enabled 2 GPEs in block 00 to 3F
[    2.181627] ACPI: PCI Root Bridge [PCI0] (domain 0000 [bus 00-ff])
[    2.182011] acpi PNP0A08:00: _OSC: OS supports [ExtendedConfig ASPM ClockPM Segments MSI HPX-Type3]
[    2.184042] acpi PNP0A08:00: _OSC: platform does not support [LTR]
[    2.185041] acpi PNP0A08:00: _OSC: OS now controls [PME PCIeCapability]
[    2.186040] PCI host bridge to bus 0000:00
[    2.186961] pci_bus 0000:00: root bus resource [io  0x0000-0x0cf7 window]
[    2.187943] pci_bus 0000:00: root bus resource [io  0x0d00-0xffff window]
[    2.188943] pci_bus 0000:00: root bus resource [mem 0x000a0000-0x000bffff window]
[    2.189942] pci_bus 0000:00: root bus resource [mem 0x20000000-0xafffffff window]
[    2.190941] pci_bus 0000:00: root bus resource [mem 0xc0000000-0xfebfffff window]
[    2.191941] pci_bus 0000:00: root bus resource [mem 0x100000000-0x8ffffffff window]
[    2.192941] pci_bus 0000:00: root bus resource [bus 00-ff]
[    2.195358] pci 0000:00:00.0: calling  quirk_mmio_always_on+0x0/0x10 @ 1
[    2.195964] pci 0000:00:00.0: quirk_mmio_always_on+0x0/0x10 took 0 usecs
[    2.196942] pci 0000:00:00.0: [8086:29c0] type 00 class 0x060000
[    2.201494] pci 0000:00:00.0: calling  quirk_igfx_skip_te_disable+0x0/0x80 @ 1
[    2.201945] pci 0000:00:00.0: quirk_igfx_skip_te_disable+0x0/0x80 took 0 usecs
[    2.205047] pci 0000:00:01.0: [1234:1111] type 00 class 0x030000
[    2.211916] pci 0000:00:01.0: reg 0x10: [mem 0xfd000000-0xfdffffff pref]
[    2.221074] pci 0000:00:01.0: reg 0x18: [mem 0xfebf0000-0xfebf0fff]
[    2.239936] pci 0000:00:01.0: reg 0x30: [mem 0xfebe0000-0xfebeffff pref]
[    2.247936] pci 0000:00:01.0: calling  efifb_fixup_resources+0x0/0xf0 @ 1
[    2.248968] pci 0000:00:01.0: efifb_fixup_resources+0x0/0xf0 took 0 usecs
[    2.261123] pci 0000:00:1f.0: [8086:2918] type 00 class 0x060100
[    2.267936] pci 0000:00:1f.0: calling  quirk_ich7_lpc+0x0/0x60 @ 1
[    2.269634] pci 0000:00:1f.0: quirk: [io  0x0600-0x067f] claimed by ICH6 ACPI/GPIO/TCO
[    2.270945] pci 0000:00:1f.0: quirk_ich7_lpc+0x0/0x60 took 1953 usecs
[    2.272601] pci 0000:00:1f.0: calling  quirk_igfx_skip_te_disable+0x0/0x80 @ 1
[    2.273046] pci 0000:00:1f.0: quirk_igfx_skip_te_disable+0x0/0x80 took 0 usecs
[    2.277464] pci 0000:00:1f.2: [8086:2922] type 00 class 0x010601
[    2.285943] pci 0000:00:1f.2: reg 0x20: [io  0xc040-0xc05f]
[    2.288615] pci 0000:00:1f.2: reg 0x24: [mem 0xfebf1000-0xfebf1fff]
[    2.290838] pci 0000:00:1f.2: calling  quirk_igfx_skip_te_disable+0x0/0x80 @ 1
[    2.291948] pci 0000:00:1f.2: quirk_igfx_skip_te_disable+0x0/0x80 took 0 usecs
[    2.297126] pci 0000:00:1f.3: [8086:2930] type 00 class 0x0c0500
[    2.304942] pci 0000:00:1f.3: reg 0x20: [io  0x0700-0x073f]
[    2.308430] pci 0000:00:1f.3: calling  quirk_igfx_skip_te_disable+0x0/0x80 @ 1
[    2.308947] pci 0000:00:1f.3: quirk_igfx_skip_te_disable+0x0/0x80 took 0 usecs
[    2.311225] pci_bus 0000:00: on NUMA node 0
[    2.314576] ACPI: PCI Interrupt Link [LNKA] (IRQs 5 *10 11)
[    2.315950] ACPI: PCI Interrupt Link [LNKB] (IRQs 5 *10 11)
[    2.317367] ACPI: PCI Interrupt Link [LNKC] (IRQs 5 10 *11)
[    2.318332] ACPI: PCI Interrupt Link [LNKD] (IRQs 5 10 *11)
[    2.319359] ACPI: PCI Interrupt Link [LNKE] (IRQs 5 *10 11)
[    2.320963] ACPI: PCI Interrupt Link [LNKF] (IRQs 5 *10 11)
[    2.322361] ACPI: PCI Interrupt Link [LNKG] (IRQs 5 10 *11)
[    2.323966] ACPI: PCI Interrupt Link [LNKH] (IRQs 5 10 *11)
[    2.325191] ACPI: PCI Interrupt Link [GSIA] (IRQs *16)
[    2.325987] ACPI: PCI Interrupt Link [GSIB] (IRQs *17)
[    2.326961] ACPI: PCI Interrupt Link [GSIC] (IRQs *18)
[    2.327980] ACPI: PCI Interrupt Link [GSID] (IRQs *19)
[    2.328952] ACPI: PCI Interrupt Link [GSIE] (IRQs *20)
[    2.329969] ACPI: PCI Interrupt Link [GSIF] (IRQs *21)
[    2.330954] ACPI: PCI Interrupt Link [GSIG] (IRQs *22)
[    2.331953] ACPI: PCI Interrupt Link [GSIH] (IRQs *23)
[    2.335692] initcall acpi_init+0x0/0x316 returned 0 after 175781 usecs
[    2.336060] calling  pnp_init+0x0/0xc @ 1
[    2.336972] initcall pnp_init+0x0/0xc returned 0 after 0 usecs
[    2.337944] calling  misc_init+0x0/0xbf @ 1
[    2.340409] initcall misc_init+0x0/0xbf returned 0 after 976 usecs
[    2.340942] calling  iommu_subsys_init+0x0/0x4e @ 1
[    2.342092] iommu: Default domain type: Translated 
[    2.343002] initcall iommu_subsys_init+0x0/0x4e returned 0 after 976 usecs
[    2.343942] calling  vga_arb_device_init+0x0/0x26c @ 1
[    2.347059] pci 0000:00:01.0: vgaarb: setting as boot VGA device
[    2.347936] pci 0000:00:01.0: vgaarb: VGA device added: decodes=io+mem,owns=io+mem,locks=none
[    2.347942] pci 0000:00:01.0: vgaarb: bridge control possible
[    2.348939] vgaarb: loaded
[    2.349943] initcall vga_arb_device_init+0x0/0x26c returned 0 after 4882 usecs
[    2.351039] calling  cn_init+0x0/0xf0 @ 1
[    2.352366] initcall cn_init+0x0/0xf0 returned 0 after 0 usecs
[    2.352943] calling  dma_buf_init+0x0/0xad @ 1
[    2.354404] initcall dma_buf_init+0x0/0xad returned 0 after 0 usecs
[    2.354943] calling  init_scsi+0x0/0x79 @ 1
[    2.356399] SCSI subsystem initialized
[    2.356943] initcall init_scsi+0x0/0x79 returned 0 after 976 usecs
[    2.357944] calling  ata_init+0x0/0x332 @ 1
[    2.361253] libata version 3.00 loaded.
[    2.361945] initcall ata_init+0x0/0x332 returned 0 after 2929 usecs
[    2.362946] calling  phy_init+0x0/0x250 @ 1
[    2.365277] initcall phy_init+0x0/0x250 returned 0 after 976 usecs
[    2.365943] calling  init_pcmcia_cs+0x0/0x35 @ 1
[    2.367020] initcall init_pcmcia_cs+0x0/0x35 returned 0 after 0 usecs
[    2.367943] calling  usb_common_init+0x0/0x1c @ 1
[    2.369029] initcall usb_common_init+0x0/0x1c returned 0 after 0 usecs
[    2.369946] calling  usb_init+0x0/0x12e @ 1
[    2.371011] ACPI: bus type USB registered
[    2.373020] usbcore: registered new interface driver usbfs
[    2.373978] usbcore: registered new interface driver hub
[    2.374986] usbcore: registered new device driver usb
[    2.375946] initcall usb_init+0x0/0x12e returned 0 after 4882 usecs
[    2.376944] calling  serio_init+0x0/0x29 @ 1
[    2.377987] initcall serio_init+0x0/0x29 returned 0 after 0 usecs
[    2.378943] calling  input_init+0x0/0xf6 @ 1
[    2.380006] initcall input_init+0x0/0xf6 returned 0 after 0 usecs
[    2.380942] calling  rtc_init+0x0/0x4d @ 1
[    2.382949] initcall rtc_init+0x0/0x4d returned 0 after 976 usecs
[    2.383942] calling  pps_init+0x0/0xa9 @ 1
[    2.384983] pps_core: LinuxPPS API ver. 1 registered
[    2.385939] pps_core: Software ver. 5.3.6 - Copyright 2005-2007 Rodolfo Giometti <giometti@linux.it>
[    2.386943] initcall pps_init+0x0/0xa9 returned 0 after 1953 usecs
[    2.387952] calling  ptp_init+0x0/0x98 @ 1
[    2.388959] PTP clock support registered
[    2.389946] initcall ptp_init+0x0/0x98 returned 0 after 976 usecs
[    2.390944] calling  power_supply_class_init+0x0/0x3f @ 1
[    2.391967] initcall power_supply_class_init+0x0/0x3f returned 0 after 0 usecs
[    2.392944] calling  hwmon_init+0x0/0x104 @ 1
[    2.393983] initcall hwmon_init+0x0/0x104 returned 0 after 0 usecs
[    2.394943] calling  md_init+0x0/0x16b @ 1
[    2.397013] initcall md_init+0x0/0x16b returned 0 after 976 usecs
[    2.397943] calling  leds_init+0x0/0x3b @ 1
[    2.399030] initcall leds_init+0x0/0x3b returned 0 after 0 usecs
[    2.399943] calling  dmi_init+0x0/0x113 @ 1
[    2.401145] initcall dmi_init+0x0/0x113 returned 0 after 0 usecs
[    2.401945] calling  efisubsys_init+0x0/0x4e6 @ 1
[    2.402983] initcall efisubsys_init+0x0/0x4e6 returned 0 after 0 usecs
[    2.403958] calling  nvmem_init+0x0/0xc @ 1
[    2.404983] initcall nvmem_init+0x0/0xc returned 0 after 0 usecs
[    2.405943] calling  init_soundcore+0x0/0x33 @ 1
[    2.406955] initcall init_soundcore+0x0/0x33 returned 0 after 0 usecs
[    2.407942] calling  alsa_sound_init+0x0/0x8f @ 1
[    2.409151] Advanced Linux Sound Architecture Driver Initialized.
[    2.409942] initcall alsa_sound_init+0x0/0x8f returned 0 after 976 usecs
[    2.410942] calling  alsa_seq_device_init+0x0/0x71 @ 1
[    2.412027] initcall alsa_seq_device_init+0x0/0x71 returned 0 after 0 usecs
[    2.412942] calling  hda_bus_init+0x0/0xc @ 1
[    2.414003] initcall hda_bus_init+0x0/0xc returned 0 after 0 usecs
[    2.414942] calling  proto_init+0x0/0xc @ 1
[    2.415992] initcall proto_init+0x0/0xc returned 0 after 0 usecs
[    2.416944] calling  net_dev_init+0x0/0x1cc @ 1
[    2.419359] initcall net_dev_init+0x0/0x1cc returned 0 after 976 usecs
[    2.419943] calling  neigh_init+0x0/0x84 @ 1
[    2.421945] initcall neigh_init+0x0/0x84 returned 0 after 0 usecs
[    2.422942] calling  fib_notifier_init+0x0/0xc @ 1
[    2.424955] initcall fib_notifier_init+0x0/0xc returned 0 after 976 usecs
[    2.425942] calling  fib_rules_init+0x0/0xab @ 1
[    2.426994] initcall fib_rules_init+0x0/0xab returned 0 after 0 usecs
[    2.427943] calling  pktsched_init+0x0/0x10e @ 1
[    2.428975] initcall pktsched_init+0x0/0x10e returned 0 after 0 usecs
[    2.429942] calling  tc_filter_init+0x0/0xfa @ 1
[    2.431970] initcall tc_filter_init+0x0/0xfa returned 0 after 976 usecs
[    2.432942] calling  tc_action_init+0x0/0x54 @ 1
[    2.433944] initcall tc_action_init+0x0/0x54 returned 0 after 0 usecs
[    2.434943] calling  ethnl_init+0x0/0x52 @ 1
[    2.436128] initcall ethnl_init+0x0/0x52 returned 0 after 0 usecs
[    2.436944] calling  nexthop_init+0x0/0xd8 @ 1
[    2.438963] initcall nexthop_init+0x0/0xd8 returned 0 after 976 usecs
[    2.439945] calling  cipso_v4_init+0x0/0x5a @ 1
[    2.441023] initcall cipso_v4_init+0x0/0x5a returned 0 after 0 usecs
[    2.441943] calling  ieee80211_init+0x0/0x24 @ 1
[    2.443078] initcall ieee80211_init+0x0/0x24 returned 0 after 0 usecs
[    2.443943] calling  netlbl_init+0x0/0x78 @ 1
[    2.444956] NetLabel: Initializing
[    2.445940] NetLabel:  domain hash size = 128
[    2.446939] NetLabel:  protocols = UNLABELED CIPSOv4 CALIPSO
[    2.448180] NetLabel:  unlabeled traffic allowed by default
[    2.448946] initcall netlbl_init+0x0/0x78 returned 0 after 3906 usecs
[    2.449944] calling  rfkill_init+0x0/0x111 @ 1
[    2.451601] initcall rfkill_init+0x0/0x111 returned 0 after 0 usecs
[    2.451943] calling  pci_subsys_init+0x0/0x66 @ 1
[    2.453048] PCI: Using ACPI for IRQ routing
[    3.190936] PCI: pci_cache_line_size set to 64 bytes
[    3.195018] e820: reserve RAM buffer [mem 0x0009fc00-0x0009ffff]
[    3.196182] e820: reserve RAM buffer [mem 0x1ffdf000-0x1fffffff]
[    3.197452] initcall pci_subsys_init+0x0/0x66 returned 0 after 726562 usecs
[    3.200383] calling  nmi_warning_debugfs+0x0/0x26 @ 1
[    3.201973] initcall nmi_warning_debugfs+0x0/0x26 returned 0 after 976 usecs
[    3.202961] calling  save_microcode_in_initrd+0x0/0x51 @ 1
[    3.204998] initcall save_microcode_in_initrd+0x0/0x51 returned 0 after 976 usecs
[    3.205943] calling  hpet_late_init+0x0/0x1f6 @ 1
[    3.207335] hpet: 3 channels of 0 reserved for per-cpu timers
[    3.208221] hpet0: at MMIO 0xfed00000, IRQs 2, 8, 0
[    3.208940] hpet0: 3 comparators, 64-bit 100.000000 MHz counter
[    3.212974] initcall hpet_late_init+0x0/0x1f6 returned 0 after 5859 usecs
[    3.214943] calling  init_amd_nbs+0x0/0x11c @ 1
[    3.217035] initcall init_amd_nbs+0x0/0x11c returned 0 after 0 usecs
[    3.217960] calling  clocksource_done_booting+0x0/0x41 @ 1
[    3.219152] clocksource: Switched to clocksource kvm-clock
[    3.226493] initcall clocksource_done_booting+0x0/0x41 returned 0 after 7374 usecs
[    3.235847] calling  tracer_init_tracefs+0x0/0x1fb @ 1
[    3.527272] initcall tracer_init_tracefs+0x0/0x1fb returned 0 after 278283 usecs
[    3.536390] calling  init_trace_printk_function_export+0x0/0x2c @ 1
[    3.543899] initcall init_trace_printk_function_export+0x0/0x2c returned 0 after 7 usecs
[    3.554268] calling  init_kprobe_trace+0x0/0x1a9 @ 1
[    3.560625] initcall init_kprobe_trace+0x0/0x1a9 returned 0 after 8 usecs
[    3.569715] calling  init_dynamic_event+0x0/0x3d @ 1
[    3.576408] initcall init_dynamic_event+0x0/0x3d returned 0 after 347 usecs
[    3.584978] calling  init_uprobe_trace+0x0/0x5c @ 1
[    3.591428] initcall init_uprobe_trace+0x0/0x5c returned 0 after 156 usecs
[    3.599958] calling  init_pipe_fs+0x0/0x44 @ 1
[    3.606600] initcall init_pipe_fs+0x0/0x44 returned 0 after 1029 usecs
[    3.614597] calling  inotify_user_setup+0x0/0x47 @ 1
[    3.620691] initcall inotify_user_setup+0x0/0x47 returned 0 after 79 usecs
[    3.629078] calling  eventpoll_init+0x0/0xcc @ 1
[    3.635479] initcall eventpoll_init+0x0/0xcc returned 0 after 517 usecs
[    3.643939] calling  anon_inode_init+0x0/0x58 @ 1
[    3.650477] initcall anon_inode_init+0x0/0x58 returned 0 after 536 usecs
[    3.658849] calling  proc_locks_init+0x0/0x27 @ 1
[    3.665268] initcall proc_locks_init+0x0/0x27 returned 0 after 513 usecs
[    3.673499] calling  iomap_init+0x0/0x1b @ 1
[    3.679381] initcall iomap_init+0x0/0x1b returned 0 after 532 usecs
[    3.687009] calling  dquot_init+0x0/0xd7 @ 1
[    3.693033] VFS: Disk quotas dquot_6.6.0
[    3.700336] VFS: Dquot-cache hash table entries: 512 (order 0, 4096 bytes)
[    3.709231] initcall dquot_init+0x0/0xd7 returned 0 after 15814 usecs
[    3.719192] calling  quota_init+0x0/0x23 @ 1
[    3.727724] initcall quota_init+0x0/0x23 returned 0 after 3108 usecs
[    3.735485] calling  proc_cmdline_init+0x0/0x21 @ 1
[    3.742719] initcall proc_cmdline_init+0x0/0x21 returned 0 after 257 usecs
[    3.751366] calling  proc_consoles_init+0x0/0x24 @ 1
[    3.757142] initcall proc_consoles_init+0x0/0x24 returned 0 after 18 usecs
[    3.765338] calling  proc_cpuinfo_init+0x0/0x1e @ 1
[    3.771391] initcall proc_cpuinfo_init+0x0/0x1e returned 0 after 3 usecs
[    3.780033] calling  proc_devices_init+0x0/0x24 @ 1
[    3.786270] initcall proc_devices_init+0x0/0x24 returned 0 after 99 usecs
[    3.795414] calling  proc_interrupts_init+0x0/0x24 @ 1
[    3.801747] initcall proc_interrupts_init+0x0/0x24 returned 0 after 4 usecs
[    3.810077] calling  proc_loadavg_init+0x0/0x21 @ 1
[    3.816094] initcall proc_loadavg_init+0x0/0x21 returned 0 after 3 usecs
[    3.824347] calling  proc_meminfo_init+0x0/0x21 @ 1
[    3.830600] initcall proc_meminfo_init+0x0/0x21 returned 0 after 4 usecs
[    3.839012] calling  proc_stat_init+0x0/0x1e @ 1
[    3.844818] initcall proc_stat_init+0x0/0x1e returned 0 after 3 usecs
[    3.853849] calling  proc_uptime_init+0x0/0x21 @ 1
[    3.860101] initcall proc_uptime_init+0x0/0x21 returned 0 after 4 usecs
[    3.868160] calling  proc_version_init+0x0/0x21 @ 1
[    3.874256] initcall proc_version_init+0x0/0x21 returned 0 after 3 usecs
[    3.882229] calling  proc_softirqs_init+0x0/0x21 @ 1
[    3.888173] initcall proc_softirqs_init+0x0/0x21 returned 0 after 3 usecs
[    3.896130] calling  proc_kcore_init+0x0/0xea @ 1
[    3.901778] initcall proc_kcore_init+0x0/0xea returned 0 after 53 usecs
[    3.909661] calling  vmcore_init+0x0/0x578 @ 1
[    3.915011] initcall vmcore_init+0x0/0x578 returned 0 after 0 usecs
[    3.922472] calling  proc_kmsg_init+0x0/0x21 @ 1
[    3.928044] initcall proc_kmsg_init+0x0/0x21 returned 0 after 3 usecs
[    3.935714] calling  proc_page_init+0x0/0x3b @ 1
[    3.941265] initcall proc_page_init+0x0/0x3b returned 0 after 3 usecs
[    3.949422] calling  init_ramfs_fs+0x0/0xc @ 1
[    3.954847] initcall init_ramfs_fs+0x0/0xc returned 0 after 29 usecs
[    3.963272] calling  init_hugetlbfs_fs+0x0/0xf6 @ 1
[    3.970873] initcall init_hugetlbfs_fs+0x0/0xf6 returned 0 after 386 usecs
[    3.981204] calling  blk_scsi_ioctl_init+0x0/0x2a5 @ 1
[    3.989570] initcall blk_scsi_ioctl_init+0x0/0x2a5 returned 0 after 779 usecs
[    3.999979] calling  acpi_event_init+0x0/0x2c @ 1
[    4.005647] initcall acpi_event_init+0x0/0x2c returned 0 after 65 usecs
[    4.014854] calling  pnp_system_init+0x0/0xc @ 1
[    4.031834] initcall pnp_system_init+0x0/0xc returned 0 after 7516 usecs
[    4.039985] calling  pnpacpi_init+0x0/0x69 @ 1
[    4.045659] pnp: PnP ACPI init
[    4.059936] pnp 00:00: Plug and Play ACPI device, IDs PNP0303 (active)
[    4.068566] pnp 00:01: Plug and Play ACPI device, IDs PNP0f13 (active)
[    4.077305] pnp 00:02: Plug and Play ACPI device, IDs PNP0400 (active)
[    4.085913] pnp 00:03: Plug and Play ACPI device, IDs PNP0501 (active)
[    4.152510] pnp 00:04: Plug and Play ACPI device, IDs PNP0b00 (active)
[    4.169995] system 00:05: [mem 0xb0000000-0xbfffffff window] has been reserved
[    4.180647] system 00:05: Plug and Play ACPI device, IDs PNP0c01 (active)
[    4.200229] pnp: PnP ACPI: found 6 devices
[    4.206695] initcall pnpacpi_init+0x0/0x69 returned 0 after 156789 usecs
[    4.218675] calling  chr_dev_init+0x0/0x14d @ 1
[    4.248430] initcall chr_dev_init+0x0/0x14d returned 0 after 23380 usecs
[    4.257224] calling  firmware_class_init+0x0/0xde @ 1
[    4.263549] initcall firmware_class_init+0x0/0xde returned 0 after 81 usecs
[    4.272058] calling  init_pcmcia_bus+0x0/0x5b @ 1
[    4.278073] initcall init_pcmcia_bus+0x0/0x5b returned 0 after 204 usecs
[    4.286345] calling  init_acpi_pm_clocksource+0x0/0xda @ 1
[    4.298639] clocksource: acpi_pm: mask: 0xffffff max_cycles: 0xffffff, max_idle_ns: 2085701024 ns
[    4.309221] initcall init_acpi_pm_clocksource+0x0/0xda returned 0 after 15805 usecs
[    4.318387] calling  sysctl_core_init+0x0/0x26 @ 1
[    4.324359] initcall sysctl_core_init+0x0/0x26 returned 0 after 172 usecs
[    4.332448] calling  eth_offload_init+0x0/0x13 @ 1
[    4.338226] initcall eth_offload_init+0x0/0x13 returned 0 after 24 usecs
[    4.346233] calling  ipv4_offload_init+0x0/0x73 @ 1
[    4.352217] initcall ipv4_offload_init+0x0/0x73 returned 0 after 54 usecs
[    4.360374] calling  inet_init+0x0/0x276 @ 1
[    4.365960] NET: Registered protocol family 2
[    4.371894] IP idents hash table entries: 8192 (order: 4, 65536 bytes, linear)
[    4.382337] tcp_listen_portaddr_hash hash table entries: 256 (order: 0, 4096 bytes, linear)
[    4.392379] TCP established hash table entries: 4096 (order: 3, 32768 bytes, linear)
[    4.401606] TCP bind hash table entries: 4096 (order: 3, 32768 bytes, linear)
[    4.410081] TCP: Hash tables configured (established 4096 bind 4096)
[    4.417958] UDP hash table entries: 256 (order: 1, 8192 bytes, linear)
[    4.426183] UDP-Lite hash table entries: 256 (order: 1, 8192 bytes, linear)
[    4.435906] initcall inet_init+0x0/0x276 returned 0 after 68640 usecs
[    4.443638] calling  af_unix_init+0x0/0x4d @ 1
[    4.449133] NET: Registered protocol family 1
[    4.454429] initcall af_unix_init+0x0/0x4d returned 0 after 5233 usecs
[    4.462194] calling  ipv6_offload_init+0x0/0x7e @ 1
[    4.468985] initcall ipv6_offload_init+0x0/0x7e returned 0 after 163 usecs
[    4.478033] calling  init_sunrpc+0x0/0x65 @ 1
[    4.484357] RPC: Registered named UNIX socket transport module.
[    4.492187] RPC: Registered udp transport module.
[    4.498058] RPC: Registered tcp transport module.
[    4.504827] RPC: Registered tcp NFSv4.1 backchannel transport module.
[    4.514209] initcall init_sunrpc+0x0/0x65 returned 0 after 30341 usecs
[    4.523715] calling  cfg80211_init+0x0/0xc5 @ 1
[    4.530918] initcall cfg80211_init+0x0/0xc5 returned 0 after 613 usecs
[    4.538710] calling  pcibios_assign_resources+0x0/0xb4 @ 1
[    4.545363] pci_bus 0000:00: resource 4 [io  0x0000-0x0cf7 window]
[    4.552623] pci_bus 0000:00: resource 5 [io  0x0d00-0xffff window]
[    4.559809] pci_bus 0000:00: resource 6 [mem 0x000a0000-0x000bffff window]
[    4.568643] pci_bus 0000:00: resource 7 [mem 0x20000000-0xafffffff window]
[    4.577285] pci_bus 0000:00: resource 8 [mem 0xc0000000-0xfebfffff window]
[    4.585341] pci_bus 0000:00: resource 9 [mem 0x100000000-0x8ffffffff window]
[    4.593656] initcall pcibios_assign_resources+0x0/0xb4 returned 0 after 47373 usecs
[    4.602680] calling  pci_apply_final_quirks+0x0/0x124 @ 1
[    4.609658] pci 0000:00:01.0: calling  pci_fixup_video+0x0/0xe0 @ 1
[    4.617539] pci 0000:00:01.0: Video device with shadowed ROM at [mem 0x000c0000-0x000dffff]
[    4.628627] pci 0000:00:01.0: pci_fixup_video+0x0/0xe0 took 11160 usecs
[    4.636890] PCI: CLS 0 bytes, default 64
[    4.641818] initcall pci_apply_final_quirks+0x0/0x124 returned 0 after 31841 usecs
[    4.652421] calling  acpi_reserve_resources+0x0/0xea @ 1
[    4.659512] initcall acpi_reserve_resources+0x0/0xea returned 0 after 264 usecs
[    4.669711] calling  populate_rootfs+0x0/0x102 @ 1
[    4.677260] initcall populate_rootfs+0x0/0x102 returned 0 after 1556 usecs
[    4.685400] calling  pci_iommu_init+0x0/0x3e @ 1
[    4.691123] initcall pci_iommu_init+0x0/0x3e returned 0 after 164 usecs
[    4.700537] calling  ia32_binfmt_init+0x0/0x13 @ 1
[    4.706270] initcall ia32_binfmt_init+0x0/0x13 returned 0 after 5 usecs
[    4.714103] calling  rapl_pmu_init+0x0/0x25f @ 1
[    4.719780] initcall rapl_pmu_init+0x0/0x25f returned -19 after 46 usecs
[    4.727639] calling  amd_uncore_init+0x0/0x310 @ 1
[    4.733333] initcall amd_uncore_init+0x0/0x310 returned -19 after 0 usecs
[    4.741239] calling  amd_ibs_init+0x0/0x24b @ 1
[    4.746635] initcall amd_ibs_init+0x0/0x24b returned -19 after 0 usecs
[    4.754410] calling  amd_iommu_pc_init+0x0/0x20c @ 1
[    4.760610] initcall amd_iommu_pc_init+0x0/0x20c returned -19 after 89 usecs
[    4.768899] calling  msr_init+0x0/0x55 @ 1
[    4.774418] initcall msr_init+0x0/0x55 returned 0 after 278 usecs
[    4.781675] calling  intel_uncore_init+0x0/0x31e @ 1
[    4.787759] initcall intel_uncore_init+0x0/0x31e returned -19 after 31 usecs
[    4.796185] calling  cstate_pmu_init+0x0/0x181 @ 1
[    4.801886] initcall cstate_pmu_init+0x0/0x181 returned -19 after 0 usecs
[    4.809946] calling  register_kernel_offset_dumper+0x0/0x1a @ 1
[    4.817160] initcall register_kernel_offset_dumper+0x0/0x1a returned 0 after 14 usecs
[    4.826767] calling  i8259A_init_ops+0x0/0x20 @ 1
[    4.832581] initcall i8259A_init_ops+0x0/0x20 returned 0 after 1 usecs
[    4.840501] calling  init_tsc_clocksource+0x0/0xa4 @ 1
[    4.846852] clocksource: tsc: mask: 0xffffffffffffffff max_cycles: 0x39a85afc727, max_idle_ns: 881590685098 ns
[    4.858936] initcall init_tsc_clocksource+0x0/0xa4 returned 0 after 11799 usecs
[    4.867857] calling  add_rtc_cmos+0x0/0xb0 @ 1
[    4.873335] initcall add_rtc_cmos+0x0/0xb0 returned 0 after 27 usecs
[    4.881124] calling  i8237A_init_ops+0x0/0x3a @ 1
[    4.889168] initcall i8237A_init_ops+0x0/0x3a returned 0 after 272 usecs
[    4.897388] calling  umwait_init+0x0/0x94 @ 1
[    4.902887] initcall umwait_init+0x0/0x94 returned -19 after 23 usecs
[    4.910747] calling  thermal_throttle_init_device+0x0/0x3d @ 1
[    4.917903] initcall thermal_throttle_init_device+0x0/0x3d returned 0 after 15 usecs
[    4.927327] calling  msr_init+0x0/0xd7 @ 1
[    4.932731] initcall msr_init+0x0/0xd7 returned 0 after 208 usecs
[    4.940121] calling  cpuid_init+0x0/0xd7 @ 1
[    4.945406] initcall cpuid_init+0x0/0xd7 returned 0 after 48 usecs
[    4.952864] calling  ioapic_init_ops+0x0/0x13 @ 1
[    4.958574] initcall ioapic_init_ops+0x0/0x13 returned 0 after 19 usecs
[    4.966566] calling  add_pcspkr+0x0/0x6c @ 1
[    4.971940] initcall add_pcspkr+0x0/0x6c returned 0 after 90 usecs
[    4.979525] calling  start_periodic_check_for_corruption+0x0/0x30 @ 1
[    4.987172] check: Scanning for low memory corruption every 60 seconds
[    4.995379] initcall start_periodic_check_for_corruption+0x0/0x30 returned 0 after 8052 usecs
[    5.005192] calling  sysfb_init+0x0/0x9c @ 1
[    5.010333] initcall sysfb_init+0x0/0x9c returned 0 after 150 usecs
[    5.017867] calling  audit_classes_init+0x0/0xae @ 1
[    5.023911] initcall audit_classes_init+0x0/0xae returned 0 after 56 usecs
[    5.033065] calling  iosf_mbi_init+0x0/0x24 @ 1
[    5.038790] initcall iosf_mbi_init+0x0/0x24 returned 0 after 523 usecs
[    5.046253] calling  proc_execdomains_init+0x0/0x21 @ 1
[    5.052750] initcall proc_execdomains_init+0x0/0x21 returned 0 after 29 usecs
[    5.063102] calling  register_warn_debugfs+0x0/0x23 @ 1
[    5.069075] initcall register_warn_debugfs+0x0/0x23 returned 0 after 26 usecs
[    5.077078] calling  ioresources_init+0x0/0x49 @ 1
[    5.082480] initcall ioresources_init+0x0/0x49 returned 0 after 5 usecs
[    5.090069] calling  snapshot_device_init+0x0/0xc @ 1
[    5.097530] initcall snapshot_device_init+0x0/0xc returned 0 after 1712 usecs
[    5.110264] calling  irq_pm_init_ops+0x0/0x13 @ 1
[    5.116084] initcall irq_pm_init_ops+0x0/0x13 returned 0 after 182 usecs
[    5.123657] calling  rcu_torture_init+0x0/0x89f @ 1
[    5.129424] srcu-torture:--- Start of test: nreaders=1 nfakewriters=4 stat_interval=15 verbose=1 test_no_idle_hz=1 shuffle_interval=3 stutter=5 irqreader=1 fqs_duration=0 fqs_holdoff=0 fqs_stutter=3 test_boost=1/0 test_boost_interval=7 test_boost_duration=4 shutdown_secs=1800 stall_cpu=0 stall_cpu_holdoff=10 stall_cpu_irqsoff=0 stall_cpu_block=0 n_barrier_cbs=4 onoff_interval=0 onoff_holdoff=0 read_exit_delay=13 read_exit_burst=16
[    5.173102] srcu:  Start-test grace-period state: g0 f0x0
[    5.179637] srcu-torture: Creating rcu_torture_writer task
[    5.189268] srcu-torture: Creating rcu_torture_fakewriter task
[    5.196387] srcu-torture: rcu_torture_writer task started
[    5.202853] srcu-torture: GP expediting controlled from boot/sysfs for srcu.
[    5.211205] rcu_torture_writer: Testing expedited GPs.
[    5.217363] rcu_torture_writer: Testing asynchronous GPs.
[    5.224462] rcu_torture_writer: Testing normal GPs.
[    5.230720] srcu-torture: Creating rcu_torture_fakewriter task
[    5.238530] srcu-torture: rcu_torture_fakewriter task started
[    5.245611] srcu-torture: Creating rcu_torture_fakewriter task
[    5.252613] srcu-torture: rcu_torture_fakewriter task started
[    5.259838] srcu-torture: Creating rcu_torture_fakewriter task
[    5.266695] srcu-torture: rcu_torture_fakewriter task started
[    5.274895] srcu-torture: Creating rcu_torture_reader task
[    5.281295] srcu-torture: rcu_torture_fakewriter task started
[    5.289120] srcu-torture: Creating rcu_torture_stats task
[    5.295448] srcu-torture: rcu_torture_reader task started
[    5.302920] srcu-torture: Creating torture_shuffle task
[    5.309144] srcu-torture: rcu_torture_stats task started
[    5.316544] srcu-torture: Creating torture_stutter task
[    5.322627] srcu-torture: torture_shuffle task started
[    5.329910] srcu-torture: Creating torture_shutdown task
[    5.337794] srcu-torture: torture_stutter task started
[    5.345747] srcu-torture: rcu_torture_fwd_prog_init: Disabled, unsupported by RCU flavor under test
[    5.358856] srcu-torture: Creating rcu_torture_barrier_cbs task
[    5.366308] srcu-torture: torture_shutdown task started
[    5.372424] srcu-torture:torture_shutdown task: 1799957 ms remaining
[    5.379828] srcu-torture: Creating rcu_torture_barrier_cbs task
[    5.386736] srcu-torture: rcu_torture_barrier_cbs task started
[    5.393634] srcu-torture: Creating rcu_torture_barrier_cbs task
[    5.400598] srcu-torture: rcu_torture_barrier_cbs task started
[    5.407617] srcu-torture: Creating rcu_torture_barrier_cbs task
[    5.414851] srcu-torture: rcu_torture_barrier_cbs task started
[    5.422005] srcu-torture: Creating rcu_torture_barrier task
[    5.428841] srcu-torture: rcu_torture_barrier_cbs task started
[    5.437407] srcu-torture: Creating rcu_torture_read_exit task
[    5.444414] srcu-torture: rcu_torture_barrier task starting
[    5.451912] initcall rcu_torture_init+0x0/0x89f returned 0 after 315184 usecs
[    5.460219] calling  timekeeping_init_ops+0x0/0x13 @ 1
[    5.466300] initcall timekeeping_init_ops+0x0/0x13 returned 0 after 15 usecs
[    5.474652] calling  init_clocksource_sysfs+0x0/0x23 @ 1
[    5.486376] initcall init_clocksource_sysfs+0x0/0x23 returned 0 after 1990 usecs
[    5.494767] calling  init_timer_list_procfs+0x0/0x31 @ 1
[    5.501090] initcall init_timer_list_procfs+0x0/0x31 returned 0 after 282 usecs
[    5.509404] calling  alarmtimer_init+0x0/0xb5 @ 1
[    5.515140] initcall alarmtimer_init+0x0/0xb5 returned 0 after 186 usecs
[    5.522710] calling  init_posix_timers+0x0/0x29 @ 1
[    5.528435] initcall init_posix_timers+0x0/0x29 returned 0 after 94 usecs
[    5.536173] calling  clockevents_init_sysfs+0x0/0x8b @ 1
[    5.542269] initcall clockevents_init_sysfs+0x0/0x8b returned 0 after 123 usecs
[    5.551087] calling  proc_dma_init+0x0/0x21 @ 1
[    5.556422] initcall proc_dma_init+0x0/0x21 returned 0 after 40 usecs
[    5.563824] calling  proc_modules_init+0x0/0x1e @ 1
[    5.569442] initcall proc_modules_init+0x0/0x1e returned 0 after 15 usecs
[    5.577176] calling  kallsyms_init+0x0/0x21 @ 1
[    5.582474] initcall kallsyms_init+0x0/0x21 returned 0 after 3 usecs
[    5.589907] calling  pid_namespaces_init+0x0/0x2c @ 1
[    5.596056] initcall pid_namespaces_init+0x0/0x2c returned 0 after 36 usecs
[    5.604320] calling  audit_watch_init+0x0/0x37 @ 1
[    5.610212] initcall audit_watch_init+0x0/0x37 returned 0 after 33 usecs
[    5.617800] calling  audit_fsnotify_init+0x0/0x37 @ 1
[    5.623587] initcall audit_fsnotify_init+0x0/0x37 returned 0 after 1 usecs
[    5.631546] calling  audit_tree_init+0x0/0x6d @ 1
[    5.637155] initcall audit_tree_init+0x0/0x6d returned 0 after 43 usecs
[    5.644844] calling  seccomp_sysctl_init+0x0/0x2b @ 1
[    5.651144] initcall seccomp_sysctl_init+0x0/0x2b returned 0 after 274 usecs
[    5.659447] calling  utsname_sysctl_init+0x0/0x13 @ 1
[    5.665488] initcall utsname_sysctl_init+0x0/0x13 returned 0 after 106 usecs
[    5.673629] calling  init_tracepoints+0x0/0x27 @ 1
[    5.679823] initcall init_tracepoints+0x0/0x27 returned 0 after 16 usecs
[    5.689176] calling  init_blk_tracer+0x0/0x50 @ 1
[    5.696706] initcall init_blk_tracer+0x0/0x50 returned 0 after 889 usecs
[    5.705914] calling  perf_event_sysfs_init+0x0/0x81 @ 1
[    5.713228] initcall perf_event_sysfs_init+0x0/0x81 returned 0 after 684 usecs
[    5.721397] calling  system_trusted_keyring_init+0x0/0x5f @ 1
[    5.728197] Initialise system trusted keyrings
[    5.733552] initcall system_trusted_keyring_init+0x0/0x5f returned 0 after 5226 usecs
[    5.742575] calling  kswapd_init+0x0/0x13 @ 1
[    5.747755] srcu-torture: rcu_torture_read_exit: Start of test
[    5.754772] initcall kswapd_init+0x0/0x13 returned 0 after 6889 usecs
[    5.762198] calling  extfrag_debug_init+0x0/0x54 @ 1
[    5.768365] initcall extfrag_debug_init+0x0/0x54 returned 0 after 353 usecs
[    5.776303] calling  slab_proc_init+0x0/0x21 @ 1
[    5.781649] initcall slab_proc_init+0x0/0x21 returned 0 after 36 usecs
[    5.789188] calling  workingset_init+0x0/0x8c @ 1
[    5.794760] workingset: timestamp_bits=62 max_order=17 bucket_order=0
[    5.802158] initcall workingset_init+0x0/0x8c returned 0 after 7246 usecs
[    5.809959] calling  proc_vmalloc_init+0x0/0x27 @ 1
[    5.815725] initcall proc_vmalloc_init+0x0/0x27 returned 0 after 14 usecs
[    5.823410] calling  procswaps_init+0x0/0x1e @ 1
[    5.828794] initcall procswaps_init+0x0/0x1e returned 0 after 58 usecs
[    5.836271] calling  slab_sysfs_init+0x0/0xea @ 1
[    5.847263] initcall slab_sysfs_init+0x0/0xea returned 0 after 5409 usecs
[    5.855261] calling  fcntl_init+0x0/0x29 @ 1
[    5.860212] initcall fcntl_init+0x0/0x29 returned 0 after 8 usecs
[    5.867205] calling  proc_filesystems_init+0x0/0x21 @ 1
[    5.873360] initcall proc_filesystems_init+0x0/0x21 returned 0 after 3 usecs
[    5.881550] calling  start_dirtytime_writeback+0x0/0x29 @ 1
[    5.888200] initcall start_dirtytime_writeback+0x0/0x29 returned 0 after 22 usecs
[    5.896854] calling  blkdev_init+0x0/0x1b @ 1
[    5.902143] initcall blkdev_init+0x0/0x1b returned 0 after 95 usecs
[    5.909467] calling  dio_init+0x0/0x2c @ 1
[    5.914423] initcall dio_init+0x0/0x2c returned 0 after 57 usecs
[    5.921342] calling  dnotify_init+0x0/0x78 @ 1
[    5.926498] initcall dnotify_init+0x0/0x78 returned 0 after 9 usecs
[    5.934500] calling  aio_setup+0x0/0x78 @ 1
[    5.940810] initcall aio_setup+0x0/0x78 returned 0 after 269 usecs
[    5.949783] calling  io_uring_init+0x0/0x2c @ 1
[    5.956588] initcall io_uring_init+0x0/0x2c returned 0 after 7 usecs
[    5.965920] calling  mbcache_init+0x0/0x30 @ 1
[    5.973078] initcall mbcache_init+0x0/0x30 returned 0 after 142 usecs
[    5.982524] calling  init_grace+0x0/0xc @ 1
[    5.988775] initcall init_grace+0x0/0xc returned 0 after 127 usecs
[    5.997422] calling  init_v2_quota_format+0x0/0x21 @ 1
[    6.003957] initcall init_v2_quota_format+0x0/0x21 returned 0 after 49 usecs
[    6.014082] calling  init_devpts_fs+0x0/0x27 @ 1
[    6.021171] initcall init_devpts_fs+0x0/0x27 returned 0 after 243 usecs
[    6.030650] calling  ext4_init_fs+0x0/0x1cb @ 1
[    6.037714] initcall ext4_init_fs+0x0/0x1cb returned 0 after 386 usecs
[    6.047080] calling  journal_init+0x0/0x11c @ 1
[    6.052896] initcall journal_init+0x0/0x11c returned 0 after 135 usecs
[    6.060465] calling  init_fat_fs+0x0/0x49 @ 1
[    6.066088] initcall init_fat_fs+0x0/0x49 returned 0 after 171 usecs
[    6.073459] calling  init_vfat_fs+0x0/0xc @ 1
[    6.079468] initcall init_vfat_fs+0x0/0xc returned 0 after 3 usecs
[    6.087825] calling  init_msdos_fs+0x0/0xc @ 1
[    6.093146] initcall init_msdos_fs+0x0/0xc returned 0 after 3 usecs
[    6.100549] calling  init_iso9660_fs+0x0/0x6c @ 1
[    6.106532] initcall init_iso9660_fs+0x0/0x6c returned 0 after 502 usecs
[    6.114209] calling  init_nfs_fs+0x0/0x13a @ 1
[    6.120169] initcall init_nfs_fs+0x0/0x13a returned 0 after 758 usecs
[    6.128256] calling  init_nfs_v2+0x0/0x13 @ 1
[    6.133700] initcall init_nfs_v2+0x0/0x13 returned 0 after 45 usecs
[    6.140862] calling  init_nfs_v3+0x0/0x13 @ 1
[    6.148829] initcall init_nfs_v3+0x0/0x13 returned 0 after 23 usecs
[    6.157519] calling  init_nfs_v4+0x0/0x32 @ 1
[    6.163680] NFS: Registering the id_resolver key type
[    6.170795] Key type id_resolver registered
[    6.176334] Key type id_legacy registered
[    6.180870] initcall init_nfs_v4+0x0/0x32 returned 0 after 16844 usecs
[    6.188175] calling  init_nlm+0x0/0x5b @ 1
[    6.193103] initcall init_nlm+0x0/0x5b returned 0 after 209 usecs
[    6.199996] calling  init_nls_cp437+0x0/0xe @ 1
[    6.205117] initcall init_nls_cp437+0x0/0xe returned 0 after 11 usecs
[    6.212385] calling  init_nls_ascii+0x0/0xe @ 1
[    6.217531] initcall init_nls_ascii+0x0/0xe returned 0 after 0 usecs
[    6.224838] calling  init_nls_iso8859_1+0x0/0xe @ 1
[    6.230470] initcall init_nls_iso8859_1+0x0/0xe returned 0 after 0 usecs
[    6.238307] calling  init_nls_utf8+0x0/0x21 @ 1
[    6.243624] initcall init_nls_utf8+0x0/0x21 returned 0 after 1 usecs
[    6.250950] calling  init_autofs_fs+0x0/0x25 @ 1
[    6.258215] initcall init_autofs_fs+0x0/0x25 returned 0 after 986 usecs
[    6.266184] calling  ipc_init+0x0/0x24 @ 1
[    6.270908] initcall ipc_init+0x0/0x24 returned 0 after 26 usecs
[    6.277791] calling  ipc_sysctl_init+0x0/0x13 @ 1
[    6.283156] initcall ipc_sysctl_init+0x0/0x13 returned 0 after 39 usecs
[    6.290625] calling  init_mqueue_fs+0x0/0x92 @ 1
[    6.296232] initcall init_mqueue_fs+0x0/0x92 returned 0 after 290 usecs
[    6.303713] calling  key_proc_init+0x0/0x63 @ 1
[    6.308989] initcall key_proc_init+0x0/0x63 returned 0 after 51 usecs
[    6.317474] calling  selinux_nf_ip_init+0x0/0x2e @ 1
[    6.323865] initcall selinux_nf_ip_init+0x0/0x2e returned 0 after 106 usecs
[    6.331813] calling  init_sel_fs+0x0/0x116 @ 1
[    6.337005] initcall init_sel_fs+0x0/0x116 returned 0 after 0 usecs
[    6.344145] calling  selnl_init+0x0/0x7c @ 1
[    6.349270] initcall selnl_init+0x0/0x7c returned 0 after 178 usecs
[    6.356648] calling  sel_netif_init+0x0/0x36 @ 1
[    6.361953] initcall sel_netif_init+0x0/0x36 returned 0 after 0 usecs
[    6.369374] calling  sel_netnode_init+0x0/0x33 @ 1
[    6.375087] initcall sel_netnode_init+0x0/0x33 returned 0 after 0 usecs
[    6.382884] calling  sel_netport_init+0x0/0x33 @ 1
[    6.388561] initcall sel_netport_init+0x0/0x33 returned 0 after 0 usecs
[    6.396321] calling  aurule_init+0x0/0x2a @ 1
[    6.401520] initcall aurule_init+0x0/0x2a returned 0 after 1 usecs
[    6.409712] calling  crypto_algapi_init+0x0/0xc @ 1
[    6.416306] initcall crypto_algapi_init+0x0/0xc returned 0 after 5 usecs
[    6.424417] calling  jent_mod_init+0x0/0x2d @ 1
[    6.439717] initcall jent_mod_init+0x0/0x2d returned 0 after 9625 usecs
[    6.447737] calling  asymmetric_key_init+0x0/0xc @ 1
[    6.453728] Key type asymmetric registered
[    6.458696] initcall asymmetric_key_init+0x0/0xc returned 0 after 4849 usecs
[    6.467010] calling  x509_key_init+0x0/0xc @ 1
[    6.472490] Asymmetric key parser 'x509' registered
[    6.478416] initcall x509_key_init+0x0/0xc returned 0 after 5806 usecs
[    6.486290] calling  proc_genhd_init+0x0/0x41 @ 1
[    6.492140] initcall proc_genhd_init+0x0/0x41 returned 0 after 6 usecs
[    6.500069] calling  bsg_init+0x0/0x113 @ 1
[    6.505293] Block layer SCSI generic (bsg) driver version 0.4 loaded (major 251)
[    6.514271] initcall bsg_init+0x0/0x113 returned 0 after 8849 usecs
[    6.521764] calling  deadline_init+0x0/0xc @ 1
[    6.527165] io scheduler mq-deadline registered
[    6.532702] initcall deadline_init+0x0/0xc returned 0 after 5422 usecs
[    6.540487] calling  kyber_init+0x0/0xc @ 1
[    6.547370] io scheduler kyber registered
[    6.552121] initcall kyber_init+0x0/0xc returned 0 after 4649 usecs
[    6.559448] calling  mod_init+0x0/0x7 @ 1
[    6.564172] initcall mod_init+0x0/0x7 returned 0 after 0 usecs
[    6.570879] calling  sg_pool_init+0x0/0xb4 @ 1
[    6.576489] initcall sg_pool_init+0x0/0xb4 returned 0 after 120 usecs
[    6.584168] calling  pcie_portdrv_init+0x0/0x39 @ 1
[    6.590504] initcall pcie_portdrv_init+0x0/0x39 returned 0 after 420 usecs
[    6.598816] calling  pci_proc_init+0x0/0x68 @ 1
[    6.604242] initcall pci_proc_init+0x0/0x68 returned 0 after 33 usecs
[    6.611780] calling  pci_hotplug_init+0x0/0x7 @ 1
[    6.617354] initcall pci_hotplug_init+0x0/0x7 returned 0 after 0 usecs
[    6.624951] calling  efifb_driver_init+0x0/0xe @ 1
[    6.630939] initcall efifb_driver_init+0x0/0xe returned 0 after 51 usecs
[    6.638909] calling  ged_driver_init+0x0/0xe @ 1
[    6.645162] initcall ged_driver_init+0x0/0xe returned 0 after 253 usecs
[    6.653703] calling  acpi_ac_init+0x0/0x92 @ 1
[    6.659449] initcall acpi_ac_init+0x0/0x92 returned 0 after 553 usecs
[    6.666780] calling  acpi_button_driver_init+0x0/0x52 @ 1
[    6.673312] input: Power Button as /devices/LNXSYSTM:00/LNXPWRBN:00/input/input0
[    6.681871] ACPI: Power Button [PWRF]
[    6.686666] initcall acpi_button_driver_init+0x0/0x52 returned 0 after 13300 usecs
[    6.697303] calling  acpi_fan_driver_init+0x0/0xe @ 1
[    6.704536] initcall acpi_fan_driver_init+0x0/0xe returned 0 after 21 usecs
[    6.714462] calling  acpi_video_init+0x0/0xcb @ 1
[    6.721500] initcall acpi_video_init+0x0/0xcb returned 0 after 93 usecs
[    6.729386] calling  acpi_processor_driver_init+0x0/0xad @ 1
[    6.737244] initcall acpi_processor_driver_init+0x0/0xad returned 0 after 1094 usecs
[    6.746472] calling  acpi_thermal_init+0x0/0x71 @ 1
[    6.752498] initcall acpi_thermal_init+0x0/0x71 returned 0 after 103 usecs
[    6.760724] calling  acpi_battery_init+0x0/0x32 @ 1
[    6.766684] initcall acpi_battery_init+0x0/0x32 returned 0 after 27 usecs
[    6.775145] calling  bgrt_init+0x0/0xb6 @ 1
[    6.780529] initcall bgrt_init+0x0/0xb6 returned -19 after 0 usecs
[    6.787887] calling  gpio_clk_driver_init+0x0/0xe @ 1
[    6.794113] initcall gpio_clk_driver_init+0x0/0xe returned 0 after 44 usecs
[    6.802351] calling  plt_clk_driver_init+0x0/0xe @ 1
[    6.808356] initcall plt_clk_driver_init+0x0/0xe returned 0 after 16 usecs
[    6.816504] calling  virtio_pci_driver_init+0x0/0x15 @ 1
[    6.822788] initcall virtio_pci_driver_init+0x0/0x15 returned 0 after 62 usecs
[    6.831226] calling  n_null_init+0x0/0x1e @ 1
[    6.836490] initcall n_null_init+0x0/0x1e returned 0 after 26 usecs
[    6.843671] calling  pty_init+0x0/0x1e8 @ 1
[    6.848951] initcall pty_init+0x0/0x1e8 returned 0 after 349 usecs
[    6.856256] calling  sysrq_init+0x0/0x62 @ 1
[    6.861421] initcall sysrq_init+0x0/0x62 returned 0 after 6 usecs
[    6.868542] calling  serial8250_init+0x0/0x17e @ 1
[    6.874278] Serial: 8250/16550 driver, 4 ports, IRQ sharing enabled
[    6.883095] 00:03: ttyS0 at I/O 0x3f8 (irq = 4, base_baud = 115200) is a 16550A
[    6.893353] initcall serial8250_init+0x0/0x17e returned 0 after 18655 usecs
[    6.901551] calling  serial_pci_driver_init+0x0/0x15 @ 1
[    6.907781] initcall serial_pci_driver_init+0x0/0x15 returned 0 after 69 usecs
[    6.916443] calling  exar_pci_driver_init+0x0/0x15 @ 1
[    6.922804] initcall exar_pci_driver_init+0x0/0x15 returned 0 after 53 usecs
[    6.931340] calling  lpss8250_pci_driver_init+0x0/0x15 @ 1
[    6.938107] initcall lpss8250_pci_driver_init+0x0/0x15 returned 0 after 19 usecs
[    6.946902] calling  mid8250_pci_driver_init+0x0/0x15 @ 1
[    6.953435] initcall mid8250_pci_driver_init+0x0/0x15 returned 0 after 20 usecs
[    6.962236] calling  virtio_console_init+0x0/0xff @ 1
[    6.968500] initcall virtio_console_init+0x0/0xff returned 0 after 67 usecs
[    6.976896] calling  hpet_init+0x0/0x64 @ 1
[    6.982748] initcall hpet_init+0x0/0x64 returned 0 after 629 usecs
[    6.991498] calling  nvram_module_init+0x0/0x83 @ 1
[    6.997439] Non-volatile memory driver v1.3
[    7.002503] initcall nvram_module_init+0x0/0x83 returned 0 after 5076 usecs
[    7.010689] calling  hwrng_modinit+0x0/0x8a @ 1
[    7.016208] initcall hwrng_modinit+0x0/0x8a returned 0 after 117 usecs
[    7.023909] calling  mod_init+0x0/0x48 @ 1
[    7.028797] initcall mod_init+0x0/0x48 returned -19 after 0 usecs
[    7.036114] calling  agp_init+0x0/0x23 @ 1
[    7.042068] Linux agpgart interface v0.103
[    7.048084] initcall agp_init+0x0/0x23 returned 0 after 5871 usecs
[    7.057128] calling  agp_amd64_mod_init+0x0/0x5 @ 1
[    7.064918] initcall agp_amd64_mod_init+0x0/0x5 returned -19 after 133 usecs
[    7.075328] calling  agp_intel_init+0x0/0x28 @ 1
[    7.082970] initcall agp_intel_init+0x0/0x28 returned 0 after 912 usecs
[    7.092678] calling  drm_kms_helper_init+0x0/0x7 @ 1
[    7.100089] initcall drm_kms_helper_init+0x0/0x7 returned 0 after 53 usecs
[    7.110511] calling  drm_core_init+0x0/0x9e @ 1
[    7.117595] initcall drm_core_init+0x0/0x9e returned 0 after 211 usecs
[    7.126335] calling  i915_init+0x0/0x6b @ 1
[    7.131953] initcall i915_init+0x0/0x6b returned 0 after 312 usecs
[    7.139955] calling  cn_proc_init+0x0/0x35 @ 1
[    7.145585] initcall cn_proc_init+0x0/0x35 returned 0 after 2 usecs
[    7.153681] calling  topology_sysfs_init+0x0/0x27 @ 1
[    7.161124] initcall topology_sysfs_init+0x0/0x27 returned 0 after 43 usecs
[    7.170777] calling  cacheinfo_sysfs_init+0x0/0x27 @ 1
[    7.178210] initcall cacheinfo_sysfs_init+0x0/0x27 returned 0 after 360 usecs
[    7.187305] calling  loop_init+0x0/0x168 @ 1
[    7.211927] loop: module loaded
[    7.216801] initcall loop_init+0x0/0x168 returned 0 after 23146 usecs
[    7.224794] calling  mac_hid_init+0x0/0x21 @ 1
[    7.230471] initcall mac_hid_init+0x0/0x21 returned 0 after 7 usecs
[    7.238201] calling  spi_transport_init+0x0/0x74 @ 1
[    7.244468] initcall spi_transport_init+0x0/0x74 returned 0 after 63 usecs
[    7.253144] calling  init_sd+0x0/0x18c @ 1
[    7.258439] initcall init_sd+0x0/0x18c returned 0 after 69 usecs
[    7.266166] calling  init_sr+0x0/0x43 @ 1
[    7.271459] initcall init_sr+0x0/0x43 returned 0 after 31 usecs
[    7.278779] calling  init_sg+0x0/0x1c0 @ 1
[    7.285180] initcall init_sg+0x0/0x1c0 returned 0 after 52 usecs
[    7.293837] calling  ahci_pci_driver_init+0x0/0x15 @ 1
[    7.301439] ahci 0000:00:1f.2: version 3.0
[    7.308589] PCI Interrupt Link [GSIA] enabled at IRQ 16
[    7.322572] ahci 0000:00:1f.2: AHCI 0001.0000 32 slots 6 ports 1.5 Gbps 0x3f impl SATA mode
[    7.332337] ahci 0000:00:1f.2: flags: 64bit ncq only 
[    7.348779] scsi host0: ahci
[    7.352835] scsi host1: ahci
[    7.356905] scsi host2: ahci
[    7.361800] scsi host3: ahci
[    7.366251] scsi host4: ahci
[    7.370501] scsi host5: ahci
[    7.374648] ata1: SATA max UDMA/133 abar m4096@0xfebf1000 port 0xfebf1100 irq 24
[    7.383809] ata2: SATA max UDMA/133 abar m4096@0xfebf1000 port 0xfebf1180 irq 24
[    7.392800] ata3: SATA max UDMA/133 abar m4096@0xfebf1000 port 0xfebf1200 irq 24
[    7.401896] ata4: SATA max UDMA/133 abar m4096@0xfebf1000 port 0xfebf1280 irq 24
[    7.411136] ata5: SATA max UDMA/133 abar m4096@0xfebf1000 port 0xfebf1300 irq 24
[    7.420234] ata6: SATA max UDMA/133 abar m4096@0xfebf1000 port 0xfebf1380 irq 24
[    7.429079] initcall ahci_pci_driver_init+0x0/0x15 returned 0 after 124787 usecs
[    7.437933] calling  piix_init+0x0/0x26 @ 1
[    7.443353] initcall piix_init+0x0/0x26 returned 0 after 141 usecs
[    7.451076] calling  amd_pci_driver_init+0x0/0x15 @ 1
[    7.457394] initcall amd_pci_driver_init+0x0/0x15 returned 0 after 17 usecs
[    7.465759] calling  oldpiix_pci_driver_init+0x0/0x15 @ 1
[    7.472498] initcall oldpiix_pci_driver_init+0x0/0x15 returned 0 after 41 usecs
[    7.481306] calling  sch_pci_driver_init+0x0/0x15 @ 1
[    7.487570] initcall sch_pci_driver_init+0x0/0x15 returned 0 after 29 usecs
[    7.496376] calling  net_olddevs_init+0x0/0x55 @ 1
[    7.502687] initcall net_olddevs_init+0x0/0x55 returned 0 after 224 usecs
[    7.510884] calling  blackhole_netdev_init+0x0/0x78 @ 1
[    7.517708] initcall blackhole_netdev_init+0x0/0x78 returned 0 after 275 usecs
[    7.526277] calling  phy_module_init+0x0/0x13 @ 1
[    7.532067] initcall phy_module_init+0x0/0x13 returned 0 after 70 usecs
[    7.539967] calling  tg3_driver_init+0x0/0x15 @ 1
[    7.545734] initcall tg3_driver_init+0x0/0x15 returned 0 after 47 usecs
[    7.553535] calling  e100_init_module+0x0/0x4c @ 1
[    7.559291] e100: Intel(R) PRO/100 Network Driver
[    7.564794] e100: Copyright(c) 1999-2006 Intel Corporation
[    7.571359] initcall e100_init_module+0x0/0x4c returned 0 after 11856 usecs
[    7.579492] calling  e1000_init_module+0x0/0x72 @ 1
[    7.585221] e1000: Intel(R) PRO/1000 Network Driver
[    7.591072] e1000: Copyright (c) 1999-2006 Intel Corporation.
[    7.597944] initcall e1000_init_module+0x0/0x72 returned 0 after 12423 usecs
[    7.606763] calling  e1000_init_module+0x0/0x2d @ 1
[    7.612790] e1000e: Intel(R) PRO/1000 Network Driver
[    7.618792] e1000e: Copyright(c) 1999 - 2015 Intel Corporation.
[    7.626253] initcall e1000_init_module+0x0/0x2d returned 0 after 13156 usecs
[    7.634811] calling  sky2_init_module+0x0/0x21 @ 1
[    7.640658] sky2: driver version 1.30
[    7.645475] initcall sky2_init_module+0x0/0x21 returned 0 after 4700 usecs
[    7.655679] calling  forcedeth_pci_driver_init+0x0/0x15 @ 1
[    7.662870] initcall forcedeth_pci_driver_init+0x0/0x15 returned 0 after 45 usecs
[    7.672205] calling  rtl8139_init_module+0x0/0x15 @ 1
[    7.678433] initcall rtl8139_init_module+0x0/0x15 returned 0 after 51 usecs
[    7.687428] calling  rtl8169_pci_driver_init+0x0/0x15 @ 1
[    7.695154] initcall rtl8169_pci_driver_init+0x0/0x15 returned 0 after 42 usecs
[    7.704555] calling  cdrom_init+0x0/0xc @ 1
[    7.709826] initcall cdrom_init+0x0/0xc returned 0 after 62 usecs
[    7.717505] calling  nonstatic_sysfs_init+0x0/0xc @ 1
[    7.723748] initcall nonstatic_sysfs_init+0x0/0xc returned 0 after 32 usecs
[    7.732481] calling  yenta_cardbus_driver_init+0x0/0x15 @ 1
[    7.739434] initcall yenta_cardbus_driver_init+0x0/0x15 returned 0 after 110 usecs
[    7.748921] calling  mon_init+0x0/0x123 @ 1
[    7.761584] initcall mon_init+0x0/0x123 returned 0 after 7167 usecs
[    7.769404] calling  ehci_hcd_init+0x0/0x55 @ 1
[    7.775034] ehci_hcd: USB 2.0 'Enhanced' Host Controller (EHCI) Driver
[    7.783042] initcall ehci_hcd_init+0x0/0x55 returned 0 after 7861 usecs
[    7.791207] calling  ehci_pci_init+0x0/0x64 @ 1
[    7.796826] ehci-pci: EHCI PCI platform driver
[    7.802397] initcall ehci_pci_init+0x0/0x64 returned 0 after 5439 usecs
[    7.810562] calling  ohci_hcd_mod_init+0x0/0x4d @ 1
[    7.816609] ohci_hcd: USB 1.1 'Open' Host Controller (OHCI) Driver
[    7.824335] initcall ohci_hcd_mod_init+0x0/0x4d returned 0 after 7531 usecs
[    7.832841] calling  ohci_pci_init+0x0/0x64 @ 1
[    7.838700] ohci-pci: OHCI PCI platform driver
[    7.844584] initcall ohci_pci_init+0x0/0x64 returned 0 after 5744 usecs
[    7.852914] calling  uhci_hcd_init+0x0/0xa6 @ 1
[    7.858646] uhci_hcd: USB Universal Host Controller Interface driver
[    7.866558] initcall uhci_hcd_init+0x0/0xa6 returned 0 after 7724 usecs
[    7.874775] calling  xhci_hcd_init+0x0/0x1e @ 1
[    7.880551] initcall xhci_hcd_init+0x0/0x1e returned 0 after 25 usecs
[    7.888789] calling  xhci_pci_init+0x0/0x49 @ 1
[    7.894706] initcall xhci_pci_init+0x0/0x49 returned 0 after 49 usecs
[    7.902893] calling  usblp_driver_init+0x0/0x15 @ 1
[    7.909160] usbcore: registered new interface driver usblp
[    7.915988] initcall usblp_driver_init+0x0/0x15 returned 0 after 6753 usecs
[    7.924672] calling  usb_storage_driver_init+0x0/0x2a @ 1
[    7.931509] usbcore: registered new interface driver usb-storage
[    7.939091] initcall usb_storage_driver_init+0x0/0x2a returned 0 after 7422 usecs
[    7.948360] calling  i8042_init+0x0/0x4c2 @ 1
[    7.954111] i8042: PNP: PS/2 Controller [PNP0303:KBD,PNP0f13:MOU] at 0x60,0x64 irq 1,12
[    7.970391] serio: i8042 KBD port at 0x60,0x64 irq 1
[    7.976706] serio: i8042 AUX port at 0x60,0x64 irq 12
[    7.983068] initcall i8042_init+0x0/0x4c2 returned 0 after 28457 usecs
[    7.991394] calling  serport_init+0x0/0x2c @ 1
[    7.997063] initcall serport_init+0x0/0x2c returned 0 after 0 usecs
[    8.005017] calling  input_leds_init+0x0/0xc @ 1
[    8.011533] initcall input_leds_init+0x0/0xc returned 0 after 1 usecs
[    8.019791] calling  evdev_init+0x0/0xc @ 1
[    8.026758] initcall evdev_init+0x0/0xc returned 0 after 1093 usecs
[    8.036627] calling  atkbd_init+0x0/0x21 @ 1
[    8.043444] initcall atkbd_init+0x0/0x21 returned 0 after 75 usecs
[    8.052925] calling  psmouse_init+0x0/0x7f @ 1
[    8.058838] initcall psmouse_init+0x0/0x7f returned 0 after 66 usecs
[    8.066991] calling  cmos_init+0x0/0x73 @ 1
[    8.072913] rtc_cmos 00:04: RTC can wake from S4
[    8.085468] input: AT Translated Set 2 keyboard as /devices/platform/i8042/serio0/input/input1
[    8.123855] rtc_cmos 00:04: registered as rtc0
[    8.131755] rtc_cmos 00:04: alarms up to one day, y3k, 242 bytes nvram, hpet irqs
[    8.143251] initcall cmos_init+0x0/0x73 returned 0 after 69111 usecs
[    8.151508] calling  smbalert_driver_init+0x0/0xe @ 1
[    8.158168] initcall smbalert_driver_init+0x0/0xe returned 0 after 41 usecs
[    8.167108] calling  i2c_i801_init+0x0/0xc5 @ 1
[    8.176634] i801_smbus 0000:00:1f.3: SMBus using PCI interrupt
[    8.185057] i2c i2c-0: 1/1 memory slots populated (from DMI)
[    8.193581] i2c i2c-0: Memory type 0x07 not supported yet, not instantiating SPD
[    8.203124] initcall i2c_i801_init+0x0/0xc5 returned 0 after 27635 usecs
[    8.211697] calling  ptp_kvm_init+0x0/0xf0 @ 1
[    8.218983] ata3: SATA link up 1.5 Gbps (SStatus 113 SControl 300)
[    8.227808] ata3.00: ATAPI: QEMU DVD-ROM, 2.5+, max UDMA/100
[    8.235118] ata3.00: applying bridge limits
[    8.241275] ata3.00: configured for UDMA/100
[    8.249337] ata4: SATA link down (SStatus 0 SControl 300)
[    8.260699] ata2: SATA link down (SStatus 0 SControl 300)
[    8.269799] ata5: SATA link down (SStatus 0 SControl 300)
[    8.280199] ata1: SATA link down (SStatus 0 SControl 300)
[    8.289623] scsi 2:0:0:0: CD-ROM            QEMU     QEMU DVD-ROM     2.5+ PQ: 0 ANSI: 5
[    8.304106] initcall ptp_kvm_init+0x0/0xf0 returned 0 after 84525 usecs
[    8.312543] calling  dm_init+0x0/0x3c @ 1
[    8.320612] sr 2:0:0:0: [sr0] scsi3-mmc drive: 4x/4x cd/rw xa/form2 tray
[    8.329005] cdrom: Uniform CD-ROM driver Revision: 3.20
[    8.342802] device-mapper: ioctl: 4.43.0-ioctl (2020-10-01) initialised: dm-devel@redhat.com
[    8.353518] initcall dm_init+0x0/0x3c returned 0 after 34913 usecs
[    8.361520] calling  dm_mirror_init+0x0/0x29 @ 1
[    8.367520] initcall dm_mirror_init+0x0/0x29 returned 0 after 1 usecs
[    8.376651] calling  dm_dirty_log_init+0x0/0x4f @ 1
[    8.384612] initcall dm_dirty_log_init+0x0/0x4f returned 0 after 41 usecs
[    8.395611] calling  dm_zero_init+0x0/0x29 @ 1
[    8.402831] initcall dm_zero_init+0x0/0x29 returned 0 after 2 usecs
[    8.412692] calling  intel_pstate_init+0x0/0x4a2 @ 1
[    8.420676] intel_pstate: CPU model not supported
[    8.428056] initcall intel_pstate_init+0x0/0x4a2 returned -19 after 7184 usecs
[    8.438964] calling  haltpoll_init+0x0/0xc0 @ 1
[    8.445678] initcall haltpoll_init+0x0/0xc0 returned -19 after 34 usecs
[    8.456097] calling  efivars_sysfs_init+0x0/0x30 @ 1
[    8.463131] initcall efivars_sysfs_init+0x0/0x30 returned 0 after 40 usecs
[    8.472815] calling  esrt_sysfs_init+0x0/0x2a2 @ 1
[    8.479732] initcall esrt_sysfs_init+0x0/0x2a2 returned -38 after 48 usecs
[    8.489376] calling  hid_init+0x0/0x5c @ 1
[    8.495287] hid: raw HID events driver (C) Jiri Kosina
[    8.502779] initcall hid_init+0x0/0x5c returned 0 after 7601 usecs
[    8.511482] calling  hid_generic_init+0x0/0x15 @ 1
[    8.518524] initcall hid_generic_init+0x0/0x15 returned 0 after 103 usecs
[    8.528562] calling  a4_driver_init+0x0/0x15 @ 1
[    8.535791] initcall a4_driver_init+0x0/0x15 returned 0 after 18 usecs
[    8.545094] calling  apple_driver_init+0x0/0x15 @ 1
[    8.552234] initcall apple_driver_init+0x0/0x15 returned 0 after 292 usecs
[    8.563462] calling  belkin_driver_init+0x0/0x15 @ 1
[    8.571662] initcall belkin_driver_init+0x0/0x15 returned 0 after 21 usecs
[    8.583331] calling  ch_driver_init+0x0/0x15 @ 1
[    8.590144] initcall ch_driver_init+0x0/0x15 returned 0 after 18 usecs
[    8.599090] calling  ch_driver_init+0x0/0x15 @ 1
[    8.605429] initcall ch_driver_init+0x0/0x15 returned 0 after 15 usecs
[    8.613846] calling  cp_driver_init+0x0/0x15 @ 1
[    8.620492] initcall cp_driver_init+0x0/0x15 returned 0 after 20 usecs
[    8.631272] calling  ez_driver_init+0x0/0x15 @ 1
[    8.639257] initcall ez_driver_init+0x0/0x15 returned 0 after 22 usecs
[    8.650310] calling  gyration_driver_init+0x0/0x15 @ 1
[    8.659023] initcall gyration_driver_init+0x0/0x15 returned 0 after 86 usecs
[    8.671035] calling  ite_driver_init+0x0/0x15 @ 1
[    8.679214] initcall ite_driver_init+0x0/0x15 returned 0 after 83 usecs
[    8.688815] calling  ks_driver_init+0x0/0x15 @ 1
[    8.695321] initcall ks_driver_init+0x0/0x15 returned 0 after 19 usecs
[    8.704918] calling  lg_driver_init+0x0/0x15 @ 1
[    8.712193] initcall lg_driver_init+0x0/0x15 returned 0 after 45 usecs
[    8.721610] calling  lg_g15_driver_init+0x0/0x15 @ 1
[    8.728946] initcall lg_g15_driver_init+0x0/0x15 returned 0 after 24 usecs
[    8.739003] calling  ms_driver_init+0x0/0x15 @ 1
[    8.746282] initcall ms_driver_init+0x0/0x15 returned 0 after 23 usecs
[    8.756271] calling  mr_driver_init+0x0/0x15 @ 1
[    8.763217] initcall mr_driver_init+0x0/0x15 returned 0 after 96 usecs
[    8.772793] calling  ntrig_driver_init+0x0/0x15 @ 1
[    8.780443] initcall ntrig_driver_init+0x0/0x15 returned 0 after 22 usecs
[    8.790513] calling  pl_driver_init+0x0/0x15 @ 1
[    8.797442] initcall pl_driver_init+0x0/0x15 returned 0 after 39 usecs
[    8.807070] calling  pl_driver_init+0x0/0x15 @ 1
[    8.813887] initcall pl_driver_init+0x0/0x15 returned 0 after 22 usecs
[    8.823772] calling  redragon_driver_init+0x0/0x15 @ 1
[    8.832425] initcall redragon_driver_init+0x0/0x15 returned 0 after 25 usecs
[    8.843428] calling  samsung_driver_init+0x0/0x15 @ 1
[    8.851888] initcall samsung_driver_init+0x0/0x15 returned 0 after 27 usecs
[    8.862873] calling  sony_init+0x0/0x38 @ 1
[    8.868938] initcall sony_init+0x0/0x38 returned 0 after 52 usecs
[    8.878525] calling  sp_driver_init+0x0/0x15 @ 1
[    8.884916] initcall sp_driver_init+0x0/0x15 returned 0 after 21 usecs
[    8.894116] calling  ts_driver_init+0x0/0x15 @ 1
[    8.901708] initcall ts_driver_init+0x0/0x15 returned 0 after 24 usecs
[    8.912520] calling  hid_init+0x0/0x58 @ 1
[    8.919469] usbcore: registered new interface driver usbhid
[    8.928520] usbhid: USB HID core driver
[    8.933673] initcall hid_init+0x0/0x58 returned 0 after 14049 usecs
[    8.942262] calling  eeepc_laptop_init+0x0/0x57 @ 1
[    8.948832] initcall eeepc_laptop_init+0x0/0x57 returned -19 after 56 usecs
[    8.958162] calling  pmc_atom_init+0x0/0x27a @ 1
[    8.964783] initcall pmc_atom_init+0x0/0x27a returned -19 after 3 usecs
[    8.974399] calling  alsa_hwdep_init+0x0/0x5e @ 1
[    8.981622] initcall alsa_hwdep_init+0x0/0x5e returned 0 after 195 usecs
[    8.991621] calling  alsa_timer_init+0x0/0x1f0 @ 1
[    9.000699] ata6: SATA link down (SStatus 0 SControl 300)
[    9.017782] sr 2:0:0:0: Attached scsi CD-ROM sr0
[    9.025548] sr 2:0:0:0: Attached scsi generic sg0 type 5
[    9.033396] initcall alsa_timer_init+0x0/0x1f0 returned 0 after 33543 usecs
[    9.042862] calling  snd_hrtimer_init+0x0/0x117 @ 1
[    9.049741] initcall snd_hrtimer_init+0x0/0x117 returned 0 after 3 usecs
[    9.059229] calling  alsa_pcm_init+0x0/0x64 @ 1
[    9.065764] initcall alsa_pcm_init+0x0/0x64 returned 0 after 7 usecs
[    9.074910] calling  alsa_seq_init+0x0/0x4a @ 1
[    9.081579] initcall alsa_seq_init+0x0/0x4a returned 0 after 247 usecs
[    9.091384] calling  alsa_seq_dummy_init+0x0/0x9c @ 1
[    9.098913] initcall alsa_seq_dummy_init+0x0/0x9c returned 0 after 34 usecs
[    9.110226] calling  azx_driver_init+0x0/0x15 @ 1
[    9.118745] initcall azx_driver_init+0x0/0x15 returned 0 after 923 usecs
[    9.141132] calling  sock_diag_init+0x0/0x2a @ 1
[    9.152310] initcall sock_diag_init+0x0/0x2a returned 0 after 2579 usecs
[    9.162344] calling  blackhole_init+0x0/0xc @ 1
[    9.170658] initcall blackhole_init+0x0/0xc returned 0 after 80 usecs
[    9.181814] calling  nfnetlink_init+0x0/0x57 @ 1
[    9.189416] initcall nfnetlink_init+0x0/0x57 returned 0 after 567 usecs
[    9.199749] calling  nfnetlink_log_init+0x0/0x99 @ 1
[    9.209291] initcall nfnetlink_log_init+0x0/0x99 returned 0 after 1569 usecs
[    9.220164] calling  nf_conntrack_standalone_init+0x0/0x87 @ 1
[    9.234236] initcall nf_conntrack_standalone_init+0x0/0x87 returned 0 after 4724 usecs
[    9.246132] calling  ctnetlink_init+0x0/0x83 @ 1
[    9.253319] initcall ctnetlink_init+0x0/0x83 returned 0 after 48 usecs
[    9.263051] calling  nf_conntrack_ftp_init+0x0/0x12c @ 1
[    9.271534] initcall nf_conntrack_ftp_init+0x0/0x12c returned 0 after 28 usecs
[    9.282840] calling  nf_conntrack_irc_init+0x0/0x129 @ 1
[    9.291222] initcall nf_conntrack_irc_init+0x0/0x129 returned 0 after 40 usecs
[    9.303140] calling  nf_conntrack_sip_init+0x0/0x172 @ 1
[    9.311920] initcall nf_conntrack_sip_init+0x0/0x172 returned 0 after 9 usecs
[    9.322603] calling  nf_nat_init+0x0/0xbb @ 1
[    9.331576] initcall nf_nat_init+0x0/0xbb returned 0 after 1924 usecs
[    9.341171] calling  nf_nat_ftp_init+0x0/0x2a @ 1
[    9.348906] initcall nf_nat_ftp_init+0x0/0x2a returned 0 after 1 usecs
[    9.359039] calling  nf_nat_irc_init+0x0/0x2a @ 1
[    9.366591] initcall nf_nat_irc_init+0x0/0x2a returned 0 after 1 usecs
[    9.376562] calling  nf_nat_sip_init+0x0/0x36 @ 1
[    9.384112] initcall nf_nat_sip_init+0x0/0x36 returned 0 after 1 usecs
[    9.394407] calling  xt_init+0x0/0xcf @ 1
[    9.400456] initcall xt_init+0x0/0xcf returned 0 after 93 usecs
[    9.409390] calling  tcpudp_mt_init+0x0/0x11 @ 1
[    9.416825] initcall tcpudp_mt_init+0x0/0x11 returned 0 after 34 usecs
[    9.427363] calling  connsecmark_tg_init+0x0/0xc @ 1
[    9.435551] initcall connsecmark_tg_init+0x0/0xc returned 0 after 1 usecs
[    9.446202] calling  nflog_tg_init+0x0/0xc @ 1
[    9.453465] initcall nflog_tg_init+0x0/0xc returned 0 after 1 usecs
[    9.463020] calling  secmark_tg_init+0x0/0x11 @ 1
[    9.470367] initcall secmark_tg_init+0x0/0x11 returned 0 after 161 usecs
[    9.480849] calling  tcpmss_tg_init+0x0/0x11 @ 1
[    9.489096] initcall tcpmss_tg_init+0x0/0x11 returned 0 after 2 usecs
[    9.499078] calling  conntrack_mt_init+0x0/0x11 @ 1
[    9.506948] initcall conntrack_mt_init+0x0/0x11 returned 0 after 1 usecs
[    9.516814] calling  policy_mt_init+0x0/0x11 @ 1
[    9.523911] initcall policy_mt_init+0x0/0x11 returned 0 after 1 usecs
[    9.533890] calling  state_mt_init+0x0/0xc @ 1
[    9.540877] initcall state_mt_init+0x0/0xc returned 0 after 1 usecs
[    9.550513] calling  gre_offload_init+0x0/0x48 @ 1
[    9.558170] initcall gre_offload_init+0x0/0x48 returned 0 after 127 usecs
[    9.567552] calling  sysctl_ipv4_init+0x0/0x46 @ 1
[    9.575784] initcall sysctl_ipv4_init+0x0/0x46 returned 0 after 1455 usecs
[    9.585517] calling  tunnel4_init+0x0/0x58 @ 1
[    9.592045] initcall tunnel4_init+0x0/0x58 returned 0 after 301 usecs
[    9.601021] calling  nf_defrag_init+0x0/0xc @ 1
[    9.608293] initcall nf_defrag_init+0x0/0xc returned 0 after 26 usecs
[    9.617232] calling  ip_tables_init+0x0/0x8d @ 1
[    9.624689] initcall ip_tables_init+0x0/0x8d returned 0 after 525 usecs
[    9.634764] calling  iptable_filter_init+0x0/0x4c @ 1
[    9.649512] initcall iptable_filter_init+0x0/0x4c returned 0 after 6615 usecs
[    9.660066] calling  iptable_mangle_init+0x0/0xb8 @ 1
[    9.668026] initcall iptable_mangle_init+0x0/0xb8 returned 0 after 303 usecs
[    9.678956] calling  reject_tg_init+0x0/0xc @ 1
[    9.686528] initcall reject_tg_init+0x0/0xc returned 0 after 1 usecs
[    9.696157] calling  cubictcp_register+0x0/0x53 @ 1
[    9.703877] initcall cubictcp_register+0x0/0x53 returned 0 after 38 usecs
[    9.714659] calling  xfrm_user_init+0x0/0x45 @ 1
[    9.721955] Initializing XFRM netlink socket
[    9.728761] initcall xfrm_user_init+0x0/0x45 returned 0 after 6643 usecs
[    9.739562] calling  inet6_init+0x0/0x35e @ 1
[    9.748907] NET: Registered protocol family 10
[    9.781835] input: ImExPS/2 Generic Explorer Mouse as /devices/platform/i8042/serio1/input/input3
[    9.800444] Segment Routing with IPv6
[    9.807458] initcall inet6_init+0x0/0x35e returned 0 after 59170 usecs
[    9.818466] calling  ah6_init+0x0/0x71 @ 1
[    9.825930] initcall ah6_init+0x0/0x71 returned 0 after 150 usecs
[    9.836577] calling  esp6_init+0x0/0x71 @ 1
[    9.844538] initcall esp6_init+0x0/0x71 returned 0 after 2 usecs
[    9.854143] calling  ip6_tables_init+0x0/0x8d @ 1
[    9.861817] initcall ip6_tables_init+0x0/0x8d returned 0 after 67 usecs
[    9.872129] calling  ip6table_filter_init+0x0/0x4c @ 1
[    9.881211] initcall ip6table_filter_init+0x0/0x4c returned 0 after 605 usecs
[    9.892256] calling  ip6table_mangle_init+0x0/0xb8 @ 1
[    9.899893] initcall ip6table_mangle_init+0x0/0xb8 returned 0 after 77 usecs
[    9.910555] calling  nf_defrag_init+0x0/0x45 @ 1
[    9.917389] initcall nf_defrag_init+0x0/0x45 returned 0 after 119 usecs
[    9.926253] calling  ipv6header_mt6_init+0x0/0xc @ 1
[    9.933188] initcall ipv6header_mt6_init+0x0/0xc returned 0 after 1 usecs
[    9.944286] calling  reject_tg6_init+0x0/0xc @ 1
[    9.951841] initcall reject_tg6_init+0x0/0xc returned 0 after 1 usecs
[    9.962333] calling  sit_init+0x0/0xc3 @ 1
[    9.968504] sit: IPv6, IPv4 and MPLS over IPv4 tunneling driver
[    9.984564] initcall sit_init+0x0/0xc3 returned 0 after 15808 usecs
[    9.995016] calling  packet_init+0x0/0x75 @ 1
[   10.001813] NET: Registered protocol family 17
[   10.009178] initcall packet_init+0x0/0x75 returned 0 after 7202 usecs
[   10.019923] calling  init_rpcsec_gss+0x0/0x60 @ 1
[   10.029695] initcall init_rpcsec_gss+0x0/0x60 returned 0 after 489 usecs
[   10.040100] calling  init_dns_resolver+0x0/0xca @ 1
[   10.048414] Key type dns_resolver registered
[   10.054994] initcall init_dns_resolver+0x0/0xca returned 0 after 6883 usecs
[   10.065839] calling  pm_check_save_msr+0x0/0x70 @ 1
[   10.074195] initcall pm_check_save_msr+0x0/0x70 returned 0 after 931 usecs
[   10.084795] calling  mcheck_init_device+0x0/0x112 @ 1
[   10.095373] initcall mcheck_init_device+0x0/0x112 returned 0 after 2061 usecs
[   10.110226] calling  mcheck_late_init+0x0/0x58 @ 1
[   10.119939] initcall mcheck_late_init+0x0/0x58 returned 0 after 2021 usecs
[   10.130720] calling  severities_debugfs_init+0x0/0x29 @ 1
[   10.139322] initcall severities_debugfs_init+0x0/0x29 returned 0 after 30 usecs
[   10.150612] calling  microcode_init+0x0/0x1bd @ 1
[   10.158230] initcall microcode_init+0x0/0x1bd returned -22 after 52 usecs
[   10.169074] calling  hpet_insert_resource+0x0/0x22 @ 1
[   10.177437] initcall hpet_insert_resource+0x0/0x22 returned 0 after 47 usecs
[   10.188902] calling  start_sync_check_timer+0x0/0x4f @ 1
