c[?7l[2J[0mSeaBIOS (version 1.16.0-debian-1.16.0-4)
Booting from ROM...
early console in setup code
c[?7l[2J[    0.000000] Linux version 5.10.153+ (root@joelboxx.c.googlers.com) (gcc (Debian 12.2.0-3) 12.2.0, GNU ld (GNU Binutils for Debian) 2.39) #13 SMP PREEMPT Tue Dec 13 07:26:21 UTC 2022
[    0.000000] Command line: selinux=0 initcall_debug debug console=ttyS0 rcutorture.torture_type=tasks nohz_full=1 rcutorture.onoff_interval=1000 rcutorture.onoff_holdoff=30 rcutorture.n_barrier_cbs=4 rcutorture.stat_interval=15 rcutorture.shutdown_secs=1800 rcutorture.test_no_idle_hz=1 rcutorture.verbose=1
[    0.000000] x86/fpu: x87 FPU will use FXSAVE
[    0.000000] BIOS-provided physical RAM map:
[    0.000000] BIOS-e820: [mem 0x0000000000000000-0x000000000009fbff] usable
[    0.000000] BIOS-e820: [mem 0x000000000009fc00-0x000000000009ffff] reserved
[    0.000000] BIOS-e820: [mem 0x00000000000f0000-0x00000000000fffff] reserved
[    0.000000] BIOS-e820: [mem 0x0000000000100000-0x000000001ffdefff] usable
[    0.000000] BIOS-e820: [mem 0x000000001ffdf000-0x000000001fffffff] reserved
[    0.000000] BIOS-e820: [mem 0x00000000b0000000-0x00000000bfffffff] reserved
[    0.000000] BIOS-e820: [mem 0x00000000fed1c000-0x00000000fed1ffff] reserved
[    0.000000] BIOS-e820: [mem 0x00000000feffc000-0x00000000feffffff] reserved
[    0.000000] BIOS-e820: [mem 0x00000000fffc0000-0x00000000ffffffff] reserved
[    0.000000] NX (Execute Disable) protection: active
[    0.000000] SMBIOS 2.8 present.
[    0.000000] DMI: QEMU Standard PC (Q35 + ICH9, 2009), BIOS 1.16.0-debian-1.16.0-4 04/01/2014
[    0.000000] Hypervisor detected: KVM
[    0.000000] kvm-clock: Using msrs 4b564d01 and 4b564d00
[    0.000000] kvm-clock: cpu 0, msr 10abd001, primary cpu clock
[    0.000001] kvm-clock: using sched offset of 2747015076 cycles
[    0.000185] clocksource: kvm-clock: mask: 0xffffffffffffffff max_cycles: 0x1cd42e4dffb, max_idle_ns: 881590591483 ns
[    0.000279] tsc: Detected 1999.999 MHz processor
[    0.008010] e820: update [mem 0x00000000-0x00000fff] usable ==> reserved
[    0.008015] e820: remove [mem 0x000a0000-0x000fffff] usable
[    0.008022] last_pfn = 0x1ffdf max_arch_pfn = 0x400000000
[    0.008908] MTRR default type: write-back
[    0.008967] MTRR fixed ranges enabled:
[    0.008968]   00000-9FFFF write-back
[    0.008970]   A0000-BFFFF uncachable
[    0.008971]   C0000-FFFFF write-protect
[    0.008972] MTRR variable ranges enabled:
[    0.008974]   0 base 00C0000000 mask FFC0000000 uncachable
[    0.008975]   1 disabled
[    0.008976]   2 disabled
[    0.008977]   3 disabled
[    0.008978]   4 disabled
[    0.008979]   5 disabled
[    0.008979]   6 disabled
[    0.008980]   7 disabled
[    0.009271] x86/PAT: Configuration [0-7]: WB  WC  UC- UC  WB  WC  UC- UC  
[    0.018318] found SMP MP-table at [mem 0x000f5ba0-0x000f5baf]
[    0.020901] check: Scanning 1 areas for low memory corruption
[    0.034064] ACPI: Early table checksum verification disabled
[    0.035953] ACPI: RSDP 0x00000000000F59E0 000014 (v00 BOCHS )
[    0.036288] ACPI: RSDT 0x000000001FFE22F5 000038 (v01 BOCHS  BXPC     00000001 BXPC 00000001)
[    0.036610] ACPI: FACP 0x000000001FFE20E5 0000F4 (v03 BOCHS  BXPC     00000001 BXPC 00000001)
[    0.036756] ACPI: DSDT 0x000000001FFE0040 0020A5 (v01 BOCHS  BXPC     00000001 BXPC 00000001)
[    0.036811] ACPI: FACS 0x000000001FFE0000 000040
[    0.036815] ACPI: APIC 0x000000001FFE21D9 000080 (v01 BOCHS  BXPC     00000001 BXPC 00000001)
[    0.036819] ACPI: HPET 0x000000001FFE2259 000038 (v01 BOCHS  BXPC     00000001 BXPC 00000001)
[    0.036823] ACPI: MCFG 0x000000001FFE2291 00003C (v01 BOCHS  BXPC     00000001 BXPC 00000001)
[    0.036827] ACPI: WAET 0x000000001FFE22CD 000028 (v01 BOCHS  BXPC     00000001 BXPC 00000001)
[    0.036831] ACPI: Reserving FACP table memory at [mem 0x1ffe20e5-0x1ffe21d8]
[    0.036833] ACPI: Reserving DSDT table memory at [mem 0x1ffe0040-0x1ffe20e4]
[    0.036834] ACPI: Reserving FACS table memory at [mem 0x1ffe0000-0x1ffe003f]
[    0.036835] ACPI: Reserving APIC table memory at [mem 0x1ffe21d9-0x1ffe2258]
[    0.036836] ACPI: Reserving HPET table memory at [mem 0x1ffe2259-0x1ffe2290]
[    0.036837] ACPI: Reserving MCFG table memory at [mem 0x1ffe2291-0x1ffe22cc]
[    0.036838] ACPI: Reserving WAET table memory at [mem 0x1ffe22cd-0x1ffe22f4]
[    0.038026] ACPI: Local APIC address 0xfee00000
[    0.041421] No NUMA configuration found
[    0.041425] Faking a node at [mem 0x0000000000000000-0x000000001ffdefff]
[    0.041634] NODE_DATA(0) allocated [mem 0x1ffdb000-0x1ffdefff]
[    0.043222] Zone ranges:
[    0.043368]   DMA      [mem 0x0000000000001000-0x0000000000ffffff]
[    0.043435]   DMA32    [mem 0x0000000001000000-0x000000001ffdefff]
[    0.043437]   Normal   empty
[    0.043438] Movable zone start for each node
[    0.043495] Early memory node ranges
[    0.043497]   node   0: [mem 0x0000000000001000-0x000000000009efff]
[    0.043553]   node   0: [mem 0x0000000000100000-0x000000001ffdefff]
[    0.043676] Initmem setup node 0 [mem 0x0000000000001000-0x000000001ffdefff]
[    0.043677] On node 0 totalpages: 130941
[    0.043679]   DMA zone: 64 pages used for memmap
[    0.043680]   DMA zone: 21 pages reserved
[    0.043681]   DMA zone: 3998 pages, LIFO batch:0
[    0.043683]   DMA32 zone: 1984 pages used for memmap
[    0.043684]   DMA32 zone: 126943 pages, LIFO batch:31
[    0.046332] On node 0, zone DMA: 1 pages in unavailable ranges
[    0.050147] On node 0, zone DMA: 97 pages in unavailable ranges
[    0.213578] On node 0, zone DMA32: 33 pages in unavailable ranges
[    0.218905] ACPI: PM-Timer IO Port: 0x608
[    0.218911] ACPI: Local APIC address 0xfee00000
[    0.219117] ACPI: LAPIC_NMI (acpi_id[0xff] dfl dfl lint[0x1])
[    0.220475] IOAPIC[0]: apic_id 0, version 17, address 0xfec00000, GSI 0-23
[    0.220480] ACPI: INT_SRC_OVR (bus 0 bus_irq 0 global_irq 2 dfl dfl)
[    0.220724] ACPI: INT_SRC_OVR (bus 0 bus_irq 5 global_irq 5 high level)
[    0.220726] ACPI: INT_SRC_OVR (bus 0 bus_irq 9 global_irq 9 high level)
[    0.220817] ACPI: INT_SRC_OVR (bus 0 bus_irq 10 global_irq 10 high level)
[    0.220818] ACPI: INT_SRC_OVR (bus 0 bus_irq 11 global_irq 11 high level)
[    0.220820] ACPI: IRQ0 used by override.
[    0.220822] ACPI: IRQ5 used by override.
[    0.220823] ACPI: IRQ9 used by override.
[    0.220824] ACPI: IRQ10 used by override.
[    0.220825] ACPI: IRQ11 used by override.
[    0.220887] Using ACPI (MADT) for SMP configuration information
[    0.220978] ACPI: HPET id: 0x8086a201 base: 0xfed00000
[    0.221672] smpboot: Allowing 2 CPUs, 0 hotplug CPUs
[    0.222679] PM: hibernation: Registered nosave memory: [mem 0x00000000-0x00000fff]
[    0.222682] PM: hibernation: Registered nosave memory: [mem 0x0009f000-0x0009ffff]
[    0.222684] PM: hibernation: Registered nosave memory: [mem 0x000a0000-0x000effff]
[    0.222685] PM: hibernation: Registered nosave memory: [mem 0x000f0000-0x000fffff]
[    0.222688] [mem 0x20000000-0xafffffff] available for PCI devices
[    0.222822] Booting paravirtualized kernel on KVM
[    0.223184] clocksource: refined-jiffies: mask: 0xffffffff max_cycles: 0xffffffff, max_idle_ns: 1910969940391419 ns
[    0.261781] setup_percpu: NR_CPUS:2 nr_cpumask_bits:2 nr_cpu_ids:2 nr_node_ids:1
[    0.301919] percpu: Embedded 56 pages/cpu s191448 r8192 d29736 u1048576
[    0.301977] pcpu-alloc: s191448 r8192 d29736 u1048576 alloc=1*2097152
[    0.302023] pcpu-alloc: [0] 0 1 
[    0.302280] kvm-guest: stealtime: cpu 0, msr 1f41b600
[    0.302393] Built 1 zonelists, mobility grouping on.  Total pages: 128872
[    0.302395] Policy zone: DMA32
[    0.302425] Kernel command line: selinux=0 initcall_debug debug console=ttyS0 rcutorture.torture_type=tasks nohz_full=1 rcutorture.onoff_interval=1000 rcutorture.onoff_holdoff=30 rcutorture.n_barrier_cbs=4 rcutorture.stat_interval=15 rcutorture.shutdown_secs=1800 rcutorture.test_no_idle_hz=1 rcutorture.verbose=1
[    0.331567] Dentry cache hash table entries: 65536 (order: 7, 524288 bytes, linear)
[    0.337005] Inode-cache hash table entries: 32768 (order: 6, 262144 bytes, linear)
[    0.338676] mem auto-init: stack:all(zero), heap alloc:off, heap free:off
[    0.469606] Memory: 479080K/523764K available (16397K kernel code, 2543K rwdata, 4708K rodata, 1508K init, 1396K bss, 44424K reserved, 0K cma-reserved)
[    0.469816] SLUB: HWalign=64, Order=0-3, MinObjects=0, CPUs=2, Nodes=1
[    0.470400] Kernel/User page tables isolation: enabled
[    0.475319] rcu: Preemptible hierarchical RCU implementation.
[    0.475322] rcu: 	RCU event tracing is enabled.
[    0.475367] 	Trampoline variant of Tasks RCU enabled.
[    0.475368] 	Rude variant of Tasks RCU enabled.
[    0.475369] 	Tracing variant of Tasks RCU enabled.
[    0.475649] rcu: RCU calculated value of scheduler-enlistment delay is 100 jiffies.
[    0.486308] NR_IRQS: 4352, nr_irqs: 440, preallocated irqs: 16
[    0.487835] NO_HZ: Full dynticks CPUs: 1.
[    0.487838] rcu: 	Offload RCU callbacks from CPUs: 1.
[    0.490048] calling  con_init+0x0/0x22a @ 0
[    0.654341] Console: colour VGA+ 80x25
[    0.654355] initcall con_init+0x0/0x22a returned 0 after 0 usecs
[    0.654421] calling  hvc_console_init+0x0/0x13 @ 0
[    0.654424] initcall hvc_console_init+0x0/0x13 returned 0 after 0 usecs
[    0.654426] calling  univ8250_console_init+0x0/0x26 @ 0
[    1.585753] printk: console [ttyS0] enabled
[    1.591655] initcall univ8250_console_init+0x0/0x26 returned 0 after 0 usecs
[    1.601457] ACPI: Core revision 20200925
[    1.608701] clocksource: hpet: mask: 0xffffffff max_cycles: 0xffffffff, max_idle_ns: 19112604467 ns
[    1.620851] APIC: Switch to symmetric I/O mode setup
[    1.642055] ..TIMER: vector=0x30 apic1=0 pin1=2 apic2=-1 pin2=-1
[    1.648957] clocksource: tsc-early: mask: 0xffffffffffffffff max_cycles: 0x39a85afc727, max_idle_ns: 881590685098 ns
[    1.660496] Calibrating delay loop (skipped) preset value.. 3999.99 BogoMIPS (lpj=1999999)
[    1.661499] pid_max: default: 32768 minimum: 301
[    1.662595] LSM: Security Framework initializing
[    1.663655] Mount-cache hash table entries: 1024 (order: 1, 8192 bytes, linear)
[    1.664502] Mountpoint-cache hash table entries: 1024 (order: 1, 8192 bytes, linear)
[    1.670851] Last level iTLB entries: 4KB 0, 2MB 0, 4MB 0
[    1.671496] Last level dTLB entries: 4KB 0, 2MB 0, 4MB 0, 1GB 0
[    1.672536] Spectre V1 : Mitigation: usercopy/swapgs barriers and __user pointer sanitization
[    1.673507] Spectre V2 : Mitigation: Retpolines
[    1.674495] Spectre V2 : Spectre v2 / SpectreRSB mitigation: Filling RSB on context switch
[    1.675496] Spectre V2 : Spectre v2 / SpectreRSB : Filling RSB on VMEXIT
[    1.676497] Speculative Store Bypass: Vulnerable
[    1.677512] MDS: Vulnerable: Clear CPU buffers attempted, no microcode
[    1.678495] MMIO Stale Data: Unknown: No mitigations
[    1.728897] Freeing SMP alternatives memory: 40K
[    1.833491] smpboot: CPU0: Intel Common KVM processor (family: 0xf, model: 0x6, stepping: 0x1)
[    1.833862] calling  init_hw_perf_events+0x0/0x6ce @ 1
[    1.834499] Performance Events: unsupported Netburst CPU model 6 no PMU driver, software events only.
[    1.835504] initcall init_hw_perf_events+0x0/0x6ce returned 0 after 976 usecs
[    1.836502] calling  init_real_mode+0x0/0x1e9 @ 1
[    1.837849] initcall init_real_mode+0x0/0x1e9 returned 0 after 0 usecs
[    1.838500] calling  trace_init_perf_perm_irq_work_exit+0x0/0x12 @ 1
[    1.839497] initcall trace_init_perf_perm_irq_work_exit+0x0/0x12 returned 0 after 0 usecs
[    1.840534] calling  validate_x2apic+0x0/0x4a @ 1
[    1.841528] initcall validate_x2apic+0x0/0x4a returned 0 after 0 usecs
[    1.842502] calling  register_nmi_cpu_backtrace_handler+0x0/0x15 @ 1
[    1.843501] initcall register_nmi_cpu_backtrace_handler+0x0/0x15 returned 0 after 0 usecs
[    1.844504] calling  kvm_setup_vsyscall_timeinfo+0x0/0xd1 @ 1
[    1.845501] initcall kvm_setup_vsyscall_timeinfo+0x0/0xd1 returned 0 after 0 usecs
[    1.846534] calling  spawn_ksoftirqd+0x0/0x38 @ 1
[    1.847602] initcall spawn_ksoftirqd+0x0/0x38 returned 0 after 0 usecs
[    1.848500] calling  migration_init+0x0/0x3d @ 1
[    1.849500] initcall migration_init+0x0/0x3d returned 0 after 0 usecs
[    1.850500] calling  srcu_bootup_announce+0x0/0x2f @ 1
[    1.851534] rcu: Hierarchical SRCU implementation.
[    1.852502] initcall srcu_bootup_announce+0x0/0x2f returned 0 after 976 usecs
[    1.853502] calling  rcu_spawn_gp_kthread+0x0/0x1dd @ 1
[    1.854561] initcall rcu_spawn_gp_kthread+0x0/0x1dd returned 0 after 0 usecs
[    1.855502] calling  check_cpu_stall_init+0x0/0x1a @ 1
[    1.856501] initcall check_cpu_stall_init+0x0/0x1a returned 0 after 0 usecs
[    1.857500] calling  rcu_sysrq_init+0x0/0x21 @ 1
[    1.858507] initcall rcu_sysrq_init+0x0/0x21 returned 0 after 0 usecs
[    1.859508] calling  trace_init_flags_sys_enter+0x0/0xe @ 1
[    1.860500] initcall trace_init_flags_sys_enter+0x0/0xe returned 0 after 0 usecs
[    1.861500] calling  trace_init_flags_sys_exit+0x0/0xe @ 1
[    1.862499] initcall trace_init_flags_sys_exit+0x0/0xe returned 0 after 0 usecs
[    1.863498] calling  cpu_stop_init+0x0/0x6e @ 1
[    1.864553] initcall cpu_stop_init+0x0/0x6e returned 0 after 0 usecs
[    1.865498] calling  init_kprobes+0x0/0x165 @ 1
[    1.867769] initcall init_kprobes+0x0/0x165 returned 0 after 976 usecs
[    1.868498] calling  init_events+0x0/0x3d @ 1
[    1.869543] initcall init_events+0x0/0x3d returned 0 after 0 usecs
[    1.870498] calling  init_trace_printk+0x0/0xc @ 1
[    1.871517] initcall init_trace_printk+0x0/0xc returned 0 after 0 usecs
[    1.872497] calling  event_trace_enable_again+0x0/0x23 @ 1
[    1.873498] initcall event_trace_enable_again+0x0/0x23 returned 0 after 0 usecs
[    1.874497] calling  static_call_init+0x0/0x77 @ 1
[    1.875517] initcall static_call_init+0x0/0x77 returned 0 after 0 usecs
[    1.876497] calling  jump_label_init_module+0x0/0xc @ 1
[    1.877498] initcall jump_label_init_module+0x0/0xc returned 0 after 0 usecs
[    1.878511] calling  init_zero_pfn+0x0/0x37 @ 1
[    1.879496] initcall init_zero_pfn+0x0/0x37 returned 0 after 0 usecs
[    1.880500] calling  initialize_ptr_random+0x0/0x54 @ 1
[    1.881498] initcall initialize_ptr_random+0x0/0x54 returned 0 after 0 usecs
[    1.882516] calling  efi_memreserve_root_init+0x0/0x25 @ 1
[    1.883532] initcall efi_memreserve_root_init+0x0/0x25 returned 0 after 0 usecs
[    1.884500] calling  efi_earlycon_remap_fb+0x0/0x51 @ 1
[    1.885498] initcall efi_earlycon_remap_fb+0x0/0x51 returned 0 after 0 usecs
[    1.886580] smp: Bringing up secondary CPUs ...
[    1.888497] x86: Booting SMP configuration:
[    1.889508] .... node  #0, CPUs:      #1
[    1.170394] kvm-clock: cpu 1, msr 10abd041, secondary cpu clock
[    1.913827] kvm-guest: stealtime: cpu 1, msr 1f51b600
[    1.927506] smp: Brought up 1 node, 2 CPUs
[    1.928497] smpboot: Max logical packages: 1
[    1.929496] smpboot: Total of 2 processors activated (7999.99 BogoMIPS)
[    1.932147] devtmpfs: initialized
[    1.933588] calling  ipc_ns_init+0x0/0x3d @ 1
[    1.934561] initcall ipc_ns_init+0x0/0x3d returned 0 after 0 usecs
[    1.935511] calling  init_mmap_min_addr+0x0/0x21 @ 1
[    1.936501] initcall init_mmap_min_addr+0x0/0x21 returned 0 after 0 usecs
[    1.937501] calling  pci_realloc_setup_params+0x0/0x3f @ 1
[    1.938501] initcall pci_realloc_setup_params+0x0/0x3f returned 0 after 0 usecs
[    1.939501] calling  net_ns_init+0x0/0x140 @ 1
[    1.942566] initcall net_ns_init+0x0/0x140 returned 0 after 1953 usecs
[    1.950522] calling  e820__register_nvs_regions+0x0/0x37 @ 1
[    1.956500] initcall e820__register_nvs_regions+0x0/0x37 returned 0 after 0 usecs
[    1.964500] calling  cpufreq_register_tsc_scaling+0x0/0x2e @ 1
[    1.971500] initcall cpufreq_register_tsc_scaling+0x0/0x2e returned 0 after 0 usecs
[    1.979499] calling  reboot_init+0x0/0x3c @ 1
[    1.984548] initcall reboot_init+0x0/0x3c returned 0 after 0 usecs
[    1.991498] calling  init_lapic_sysfs+0x0/0x20 @ 1
[    1.997498] initcall init_lapic_sysfs+0x0/0x20 returned 0 after 0 usecs
[    2.004501] calling  alloc_frozen_cpus+0x0/0x7 @ 1
[    2.010498] initcall alloc_frozen_cpus+0x0/0x7 returned 0 after 0 usecs
[    2.017498] calling  cpu_hotplug_pm_sync_init+0x0/0x13 @ 1
[    2.023499] initcall cpu_hotplug_pm_sync_init+0x0/0x13 returned 0 after 0 usecs
[    2.031498] calling  wq_sysfs_init+0x0/0x2a @ 1
[    2.037675] initcall wq_sysfs_init+0x0/0x2a returned 0 after 0 usecs
[    2.044498] calling  ksysfs_init+0x0/0x92 @ 1
[    2.049511] initcall ksysfs_init+0x0/0x92 returned 0 after 0 usecs
[    2.058499] calling  schedutil_gov_init+0x0/0xc @ 1
[    2.064500] initcall schedutil_gov_init+0x0/0xc returned 0 after 0 usecs
[    2.074504] calling  pm_init+0x0/0x76 @ 1
[    2.080555] initcall pm_init+0x0/0x76 returned 0 after 0 usecs
[    2.088501] calling  pm_disk_init+0x0/0x13 @ 1
[    2.094558] initcall pm_disk_init+0x0/0x13 returned 0 after 0 usecs
[    2.101498] calling  swsusp_header_init+0x0/0x2b @ 1
[    2.106500] initcall swsusp_header_init+0x0/0x2b returned 0 after 0 usecs
[    2.114498] calling  rcu_set_runtime_mode+0x0/0x16 @ 1
[    2.120499] initcall rcu_set_runtime_mode+0x0/0x16 returned 0 after 0 usecs
[    2.132555] calling  init_jiffies_clocksource+0x0/0x13 @ 1
[    2.140510] clocksource: jiffies: mask: 0xffffffff max_cycles: 0xffffffff, max_idle_ns: 1911260446275000 ns
[    2.154518] initcall init_jiffies_clocksource+0x0/0x13 returned 0 after 13671 usecs
[    2.165503] calling  futex_init+0x0/0xfa @ 1
[    2.170504] futex hash table entries: 512 (order: 3, 32768 bytes, linear)
[    2.178636] initcall futex_init+0x0/0xfa returned 0 after 7812 usecs
[    2.185500] calling  cgroup_wq_init+0x0/0x28 @ 1
[    2.190507] initcall cgroup_wq_init+0x0/0x28 returned 0 after 0 usecs
[    2.199502] calling  cgroup1_wq_init+0x0/0x28 @ 1
[    2.206514] initcall cgroup1_wq_init+0x0/0x28 returned 0 after 0 usecs
[    2.215529] calling  init_kprobe_trace_early+0x0/0x2a @ 1
[    2.223502] initcall init_kprobe_trace_early+0x0/0x2a returned 0 after 0 usecs
[    2.232502] calling  fsnotify_init+0x0/0x48 @ 1
[    2.238536] initcall fsnotify_init+0x0/0x48 returned 0 after 0 usecs
[    2.245500] calling  filelock_init+0x0/0x96 @ 1
[    2.251511] initcall filelock_init+0x0/0x96 returned 0 after 0 usecs
[    2.258499] calling  init_misc_binfmt+0x0/0x2c @ 1
[    2.264502] initcall init_misc_binfmt+0x0/0x2c returned 0 after 0 usecs
[    2.272503] calling  init_script_binfmt+0x0/0x15 @ 1
[    2.278498] initcall init_script_binfmt+0x0/0x15 returned 0 after 0 usecs
[    2.286499] calling  init_elf_binfmt+0x0/0x15 @ 1
[    2.291498] initcall init_elf_binfmt+0x0/0x15 returned 0 after 0 usecs
[    2.299498] calling  init_compat_elf_binfmt+0x0/0x15 @ 1
[    2.305498] initcall init_compat_elf_binfmt+0x0/0x15 returned 0 after 0 usecs
[    2.314499] calling  debugfs_init+0x0/0x5c @ 1
[    2.319526] initcall debugfs_init+0x0/0x5c returned 0 after 0 usecs
[    2.327498] calling  tracefs_init+0x0/0x3a @ 1
[    2.332507] initcall tracefs_init+0x0/0x3a returned 0 after 0 usecs
[    2.339503] calling  prandom_init_early+0x0/0x15d @ 1
[    2.345499] initcall prandom_init_early+0x0/0x15d returned 0 after 0 usecs
[    2.353588] calling  virtio_init+0x0/0x20 @ 1
[    2.359566] initcall virtio_init+0x0/0x20 returned 0 after 0 usecs
[    2.367502] calling  iommu_init+0x0/0x2a @ 1
[    2.372508] initcall iommu_init+0x0/0x2a returned 0 after 0 usecs
[    2.379502] calling  component_debug_init+0x0/0x1c @ 1
[    2.386850] initcall component_debug_init+0x0/0x1c returned 0 after 0 usecs
[    2.395514] calling  early_resume_init+0x0/0xb9 @ 1
[    2.401496] PM: RTC time: 07:34:33, date: 2022-12-13
[    2.407505] initcall early_resume_init+0x0/0xb9 returned 0 after 5859 usecs
[    2.416503] calling  cpufreq_core_init+0x0/0x62 @ 1
[    2.423499] initcall cpufreq_core_init+0x0/0x62 returned 0 after 0 usecs
[    2.432499] calling  cpufreq_gov_performance_init+0x0/0xc @ 1
[    2.439499] initcall cpufreq_gov_performance_init+0x0/0xc returned 0 after 0 usecs
[    2.449500] calling  cpufreq_gov_userspace_init+0x0/0xc @ 1
[    2.456499] initcall cpufreq_gov_userspace_init+0x0/0xc returned 0 after 0 usecs
[    2.465500] calling  CPU_FREQ_GOV_ONDEMAND_init+0x0/0xc @ 1
[    2.472503] initcall CPU_FREQ_GOV_ONDEMAND_init+0x0/0xc returned 0 after 0 usecs
[    2.481501] calling  cpuidle_init+0x0/0x1f @ 1
[    2.487525] initcall cpuidle_init+0x0/0x1f returned 0 after 0 usecs
[    2.494499] calling  capsule_reboot_register+0x0/0xc @ 1
[    2.501503] initcall capsule_reboot_register+0x0/0xc returned 0 after 0 usecs
[    2.510500] calling  sock_init+0x0/0x93 @ 1
[    2.516520] initcall sock_init+0x0/0x93 returned 0 after 976 usecs
[    2.524499] calling  net_inuse_init+0x0/0x23 @ 1
[    2.530502] initcall net_inuse_init+0x0/0x23 returned 0 after 0 usecs
[    2.538506] calling  net_defaults_init+0x0/0x23 @ 1
[    2.544500] initcall net_defaults_init+0x0/0x23 returned 0 after 0 usecs
[    2.552501] calling  init_default_flow_dissectors+0x0/0x4f @ 1
[    2.560501] initcall init_default_flow_dissectors+0x0/0x4f returned 0 after 0 usecs
[    2.569500] calling  netpoll_init+0x0/0x26 @ 1
[    2.574499] initcall netpoll_init+0x0/0x26 returned 0 after 0 usecs
[    2.579500] calling  netlink_proto_init+0x0/0x14f @ 1
[    2.585923] NET: Registered protocol family 16
[    2.591526] initcall netlink_proto_init+0x0/0x14f returned 0 after 5859 usecs
[    2.601528] calling  genl_init+0x0/0x35 @ 1
[    2.606516] initcall genl_init+0x0/0x35 returned 0 after 0 usecs
[    2.613542] calling  bsp_pm_check_init+0x0/0x13 @ 1
[    2.619499] initcall bsp_pm_check_init+0x0/0x13 returned 0 after 0 usecs
[    2.627568] calling  irq_sysfs_init+0x0/0xb7 @ 1
[    2.632633] initcall irq_sysfs_init+0x0/0xb7 returned 0 after 0 usecs
[    2.640500] calling  audit_init+0x0/0x160 @ 1
[    2.645505] audit: initializing netlink subsys (disabled)
[    2.653847] initcall audit_init+0x0/0x160 returned 0 after 7812 usecs
[    2.654587] audit: type=2000 audit(1670916872.610:1): state=initialized audit_enabled=0 res=1
[    2.654503] calling  release_early_probes+0x0/0x32 @ 1
[    2.654510] initcall release_early_probes+0x0/0x32 returned 0 after 0 usecs
[    2.672517] calling  bdi_class_init+0x0/0x48 @ 1
[    2.678591] initcall bdi_class_init+0x0/0x48 returned 0 after 0 usecs
[    2.687507] calling  mm_sysfs_init+0x0/0x28 @ 1
[    2.692510] initcall mm_sysfs_init+0x0/0x28 returned 0 after 0 usecs
[    2.699503] calling  init_per_zone_wmark_min+0x0/0x6d @ 1
[    2.706507] initcall init_per_zone_wmark_min+0x0/0x6d returned 0 after 0 usecs
[    2.715502] calling  mpi_init+0x0/0x3e @ 1
[    2.717602] initcall mpi_init+0x0/0x3e returned 0 after 0 usecs
[    2.725500] calling  kobject_uevent_init+0x0/0xc @ 1
[    2.731529] initcall kobject_uevent_init+0x0/0xc returned 0 after 0 usecs
[    2.740505] calling  pcibus_class_init+0x0/0x13 @ 1
[    2.745514] initcall pcibus_class_init+0x0/0x13 returned 0 after 0 usecs
[    2.753500] calling  pci_driver_init+0x0/0x21 @ 1
[    2.759539] initcall pci_driver_init+0x0/0x21 returned 0 after 0 usecs
[    2.766500] calling  backlight_class_init+0x0/0xa8 @ 1
[    2.772561] initcall backlight_class_init+0x0/0xa8 returned 0 after 0 usecs
[    2.781505] calling  tty_class_init+0x0/0x33 @ 1
[    2.787511] initcall tty_class_init+0x0/0x33 returned 0 after 0 usecs
[    2.794499] calling  vtconsole_class_init+0x0/0xb5 @ 1
[    2.800600] initcall vtconsole_class_init+0x0/0xb5 returned 0 after 0 usecs
[    2.809505] calling  iommu_dev_init+0x0/0x13 @ 1
[    2.814577] initcall iommu_dev_init+0x0/0x13 returned 0 after 976 usecs
[    2.823499] calling  mipi_dsi_bus_init+0x0/0xc @ 1
[    2.828567] initcall mipi_dsi_bus_init+0x0/0xc returned 0 after 0 usecs
[    2.836499] calling  devlink_class_init+0x0/0x40 @ 1
[    2.842510] initcall devlink_class_init+0x0/0x40 returned 0 after 0 usecs
[    2.851499] calling  software_node_init+0x0/0x2a @ 1
[    2.856506] initcall software_node_init+0x0/0x2a returned 0 after 0 usecs
[    2.864500] calling  wakeup_sources_debugfs_init+0x0/0x23 @ 1
[    2.871512] initcall wakeup_sources_debugfs_init+0x0/0x23 returned 0 after 0 usecs
[    2.881501] calling  wakeup_sources_sysfs_init+0x0/0x2c @ 1
[    2.887512] initcall wakeup_sources_sysfs_init+0x0/0x2c returned 0 after 0 usecs
[    2.896498] calling  register_node_type+0x0/0x13 @ 1
[    2.902549] initcall register_node_type+0x0/0x13 returned 0 after 0 usecs
[    2.910500] calling  regmap_initcall+0x0/0xc @ 1
[    2.916508] initcall regmap_initcall+0x0/0xc returned 0 after 0 usecs
[    2.924499] calling  i2c_init+0x0/0xb3 @ 1
[    2.929555] initcall i2c_init+0x0/0xb3 returned 0 after 0 usecs
[    2.936499] calling  thermal_init+0x0/0xf2 @ 1
[    2.942516] thermal_sys: Registered thermal governor 'step_wise'
[    2.942517] thermal_sys: Registered thermal governor 'user_space'
[    2.949516] initcall thermal_init+0x0/0xf2 returned 0 after 6835 usecs
[    2.965501] calling  init_menu+0x0/0xc @ 1
[    2.973499] cpuidle: using governor menu
[    2.974504] initcall init_menu+0x0/0xc returned 0 after 2929 usecs
[    2.975505] calling  pcc_init+0x0/0x4d @ 1
[    2.976538] initcall pcc_init+0x0/0x4d returned -19 after 0 usecs
[    2.977502] calling  amd_postcore_init+0x0/0x11e @ 1
[    2.978500] initcall amd_postcore_init+0x0/0x11e returned 0 after 0 usecs
[    2.979533] calling  bts_init+0x0/0xba @ 1
[    2.980499] initcall bts_init+0x0/0xba returned -19 after 0 usecs
[    2.981499] calling  pt_init+0x0/0x341 @ 1
[    2.982508] initcall pt_init+0x0/0x341 returned -19 after 0 usecs
[    2.983500] calling  boot_params_ksysfs_init+0x0/0x2ee @ 1
[    2.984564] initcall boot_params_ksysfs_init+0x0/0x2ee returned 0 after 0 usecs
[    2.985504] calling  sbf_init+0x0/0xea @ 1
[    2.986501] initcall sbf_init+0x0/0xea returned 0 after 0 usecs
[    2.987502] calling  arch_kdebugfs_init+0x0/0x219 @ 1
[    2.988521] initcall arch_kdebugfs_init+0x0/0x219 returned 0 after 0 usecs
[    2.989503] calling  intel_pconfig_init+0x0/0x85 @ 1
[    2.990503] initcall intel_pconfig_init+0x0/0x85 returned 0 after 0 usecs
[    2.991505] calling  mtrr_if_init+0x0/0x5d @ 1
[    2.992532] initcall mtrr_if_init+0x0/0x5d returned 0 after 0 usecs
[    2.993502] calling  activate_jump_labels+0x0/0x31 @ 1
[    2.994500] initcall activate_jump_labels+0x0/0x31 returned 0 after 0 usecs
[    2.995500] calling  ffh_cstate_init+0x0/0x29 @ 1
[    2.996504] initcall ffh_cstate_init+0x0/0x29 returned 0 after 0 usecs
[    2.997500] calling  activate_jump_labels+0x0/0x31 @ 1
[    3.000515] initcall activate_jump_labels+0x0/0x31 returned 0 after 1953 usecs
[    3.002535] calling  kvm_alloc_cpumask+0x0/0x74 @ 1
[    3.003549] initcall kvm_alloc_cpumask+0x0/0x74 returned 0 after 0 usecs
[    3.005499] calling  kcmp_cookies_init+0x0/0x37 @ 1
[    3.006503] initcall kcmp_cookies_init+0x0/0x37 returned 0 after 0 usecs
[    3.007499] calling  cryptomgr_init+0x0/0xc @ 1
[    3.008515] initcall cryptomgr_init+0x0/0xc returned 0 after 0 usecs
[    3.009515] calling  acpi_pci_init+0x0/0x57 @ 1
[    3.010498] ACPI: bus type PCI registered
[    3.011500] initcall acpi_pci_init+0x0/0x57 returned 0 after 976 usecs
[    3.012500] calling  dma_channel_table_init+0x0/0xd1 @ 1
[    3.013511] initcall dma_channel_table_init+0x0/0xd1 returned 0 after 0 usecs
[    3.014500] calling  dma_bus_init+0x0/0xdc @ 1
[    3.015577] initcall dma_bus_init+0x0/0xdc returned 0 after 0 usecs
[    3.016598] calling  iommu_dma_init+0x0/0x10 @ 1
[    3.018525] initcall iommu_dma_init+0x0/0x10 returned 0 after 0 usecs
[    3.019500] calling  dmi_id_init+0x0/0x37c @ 1
[    3.020615] initcall dmi_id_init+0x0/0x37c returned 0 after 0 usecs
[    3.021502] calling  pci_arch_init+0x0/0x71 @ 1
[    3.023308] PCI: MMCONFIG for domain 0000 [bus 00-ff] at [mem 0xb0000000-0xbfffffff] (base 0xb0000000)
[    3.023501] PCI: MMCONFIG at [mem 0xb0000000-0xbfffffff] reserved in E820
[    3.024531] PCI: Using configuration type 1 for base access
[    3.026580] initcall pci_arch_init+0x0/0x71 returned 0 after 3906 usecs
[    3.027536] calling  init_vdso+0x0/0x13 @ 1
[    3.028650] initcall init_vdso+0x0/0x13 returned 0 after 0 usecs
[    3.029502] calling  sysenter_setup+0x0/0x13 @ 1
[    3.030538] initcall sysenter_setup+0x0/0x13 returned 0 after 0 usecs
[    3.031499] calling  fixup_ht_bug+0x0/0xe5 @ 1
[    3.032503] initcall fixup_ht_bug+0x0/0xe5 returned 0 after 0 usecs
[    3.034502] calling  topology_init+0x0/0x88 @ 1
[    3.036505] initcall topology_init+0x0/0x88 returned 0 after 976 usecs
[    3.037501] calling  intel_epb_init+0x0/0x68 @ 1
[    3.038499] initcall intel_epb_init+0x0/0x68 returned -19 after 0 usecs
[    3.039503] calling  mtrr_init_finialize+0x0/0x3e @ 1
[    3.040502] initcall mtrr_init_finialize+0x0/0x3e returned 0 after 0 usecs
[    3.041502] calling  uid_cache_init+0x0/0x85 @ 1
[    3.043506] initcall uid_cache_init+0x0/0x85 returned 0 after 0 usecs
[    3.044500] calling  param_sysfs_init+0x0/0x1ba @ 1
[    3.049027] initcall param_sysfs_init+0x0/0x1ba returned 0 after 2929 usecs
[    3.049501] calling  user_namespace_sysctl_init+0x0/0x33 @ 1
[    3.050619] initcall user_namespace_sysctl_init+0x0/0x33 returned 0 after 0 usecs
[    3.051509] calling  proc_schedstat_init+0x0/0x24 @ 1
[    3.052541] initcall proc_schedstat_init+0x0/0x24 returned 0 after 0 usecs
[    3.053500] calling  pm_sysrq_init+0x0/0x18 @ 1
[    3.055876] initcall pm_sysrq_init+0x0/0x18 returned 0 after 976 usecs
[    3.063590] calling  create_proc_profile+0x0/0xd0 @ 1
[    3.068504] initcall create_proc_profile+0x0/0xd0 returned 0 after 0 usecs
[    3.077504] calling  time_ns_init+0x0/0x7 @ 1
[    3.084501] initcall time_ns_init+0x0/0x7 returned 0 after 0 usecs
[    3.094501] calling  crash_save_vmcoreinfo_init+0x0/0x722 @ 1
[    3.102650] initcall crash_save_vmcoreinfo_init+0x0/0x722 returned 0 after 0 usecs
[    3.113501] calling  crash_notes_memory_init+0x0/0x35 @ 1
[    3.119505] initcall crash_notes_memory_init+0x0/0x35 returned 0 after 0 usecs
[    3.128499] calling  cgroup_sysfs_init+0x0/0x13 @ 1
[    3.134522] initcall cgroup_sysfs_init+0x0/0x13 returned 0 after 0 usecs
[    3.142499] calling  cgroup_namespaces_init+0x0/0x7 @ 1
[    3.148499] initcall cgroup_namespaces_init+0x0/0x7 returned 0 after 0 usecs
[    3.156499] calling  init_optprobes+0x0/0x13 @ 1
[    3.162496] Kprobes globally optimized
[    3.166498] initcall init_optprobes+0x0/0x13 returned 0 after 3906 usecs
[    3.175498] calling  oom_init+0x0/0x2f @ 1
[    3.180820] initcall oom_init+0x0/0x2f returned 0 after 0 usecs
[    3.188500] calling  default_bdi_init+0x0/0xb3 @ 1
[    3.195027] initcall default_bdi_init+0x0/0xb3 returned 0 after 976 usecs
[    3.202498] calling  percpu_enable_async+0x0/0xe @ 1
[    3.208498] initcall percpu_enable_async+0x0/0xe returned 0 after 0 usecs
[    3.217499] calling  kcompactd_init+0x0/0x8d @ 1
[    3.223764] initcall kcompactd_init+0x0/0x8d returned 0 after 976 usecs
[    3.231603] calling  init_user_reserve+0x0/0x40 @ 1
[    3.237519] initcall init_user_reserve+0x0/0x40 returned 0 after 0 usecs
[    3.245501] calling  init_admin_reserve+0x0/0x40 @ 1
[    3.251498] initcall init_admin_reserve+0x0/0x40 returned 0 after 0 usecs
[    3.260500] calling  init_reserve_notifier+0x0/0x7 @ 1
[    3.267502] initcall init_reserve_notifier+0x0/0x7 returned 0 after 0 usecs
[    3.275504] calling  swap_init_sysfs+0x0/0x62 @ 1
[    3.281509] initcall swap_init_sysfs+0x0/0x62 returned 0 after 0 usecs
[    3.289500] calling  swapfile_init+0x0/0x94 @ 1
[    3.294499] initcall swapfile_init+0x0/0x94 returned 0 after 0 usecs
[    3.302500] calling  hugetlb_init+0x0/0x499 @ 1
[    3.307549] HugeTLB registered 2.00 MiB page size, pre-allocated 0 pages
[    3.315519] initcall hugetlb_init+0x0/0x499 returned 0 after 7812 usecs
[    3.323501] calling  io_wq_init+0x0/0x34 @ 1
[    3.328499] initcall io_wq_init+0x0/0x34 returned 0 after 0 usecs
[    3.336500] calling  seqiv_module_init+0x0/0xc @ 1
[    3.341499] initcall seqiv_module_init+0x0/0xc returned 0 after 0 usecs
[    3.350507] calling  echainiv_module_init+0x0/0xc @ 1
[    3.356502] initcall echainiv_module_init+0x0/0xc returned 0 after 0 usecs
[    3.364565] calling  rsa_init+0x0/0x50 @ 1
[    3.370709] initcall rsa_init+0x0/0x50 returned 0 after 976 usecs
[    3.370774] cryptomgr_test (32) used greatest stack depth: 15184 bytes left
[    3.370709] calling  crypto_cmac_module_init+0x0/0xc @ 1
[    3.370709] initcall crypto_cmac_module_init+0x0/0xc returned 0 after 0 usecs
[    3.370709] calling  hmac_module_init+0x0/0xc @ 1
[    3.370709] initcall hmac_module_init+0x0/0xc returned 0 after 0 usecs
[    3.370709] calling  crypto_null_mod_init+0x0/0x65 @ 1
[    3.381505] initcall crypto_null_mod_init+0x0/0x65 returned 0 after 9765 usecs
[    3.390512] calling  md5_mod_init+0x0/0xc @ 1
[    3.396504] initcall md5_mod_init+0x0/0xc returned 0 after 976 usecs
[    3.403502] calling  sha256_generic_mod_init+0x0/0x11 @ 1
[    3.411892] initcall sha256_generic_mod_init+0x0/0x11 returned 0 after 976 usecs
[    3.421514] calling  crypto_cbc_module_init+0x0/0xc @ 1
[    3.427653] initcall crypto_cbc_module_init+0x0/0xc returned 0 after 0 usecs
[    3.436501] calling  crypto_ctr_module_init+0x0/0x11 @ 1
[    3.442501] initcall crypto_ctr_module_init+0x0/0x11 returned 0 after 0 usecs
[    3.451499] calling  crypto_gcm_module_init+0x0/0x64 @ 1
[    3.457548] initcall crypto_gcm_module_init+0x0/0x64 returned 0 after 0 usecs
[    3.465499] calling  crypto_ccm_module_init+0x0/0x11 @ 1
[    3.470500] initcall crypto_ccm_module_init+0x0/0x11 returned 0 after 0 usecs
[    3.481506] calling  aes_init+0x0/0xc @ 1
[    3.487500] initcall aes_init+0x0/0xc returned 0 after 976 usecs
[    3.494503] calling  crc32c_mod_init+0x0/0xc @ 1
[    3.504508] initcall crc32c_mod_init+0x0/0xc returned 0 after 3906 usecs
[    3.514507] calling  crypto_authenc_module_init+0x0/0xc @ 1
[    3.522504] initcall crypto_authenc_module_init+0x0/0xc returned 0 after 0 usecs
[    3.530500] calling  crypto_authenc_esn_module_init+0x0/0xc @ 1
[    3.537500] initcall crypto_authenc_esn_module_init+0x0/0xc returned 0 after 0 usecs
[    3.547498] calling  drbg_init+0x0/0x7c @ 1
[    3.556517] cryptomgr_test (42) used greatest stack depth: 15136 bytes left
[    3.568673] initcall drbg_init+0x0/0x7c returned 0 after 15625 usecs
[    3.578503] calling  ghash_mod_init+0x0/0xc @ 1
[    3.586667] initcall ghash_mod_init+0x0/0xc returned 0 after 1953 usecs
[    3.594500] calling  init_bio+0x0/0x9a @ 1
[    3.599854] initcall init_bio+0x0/0x9a returned 0 after 976 usecs
[    3.607499] calling  blk_settings_init+0x0/0x29 @ 1
[    3.614498] initcall blk_settings_init+0x0/0x29 returned 0 after 0 usecs
[    3.623500] calling  blk_ioc_init+0x0/0x29 @ 1
[    3.630522] initcall blk_ioc_init+0x0/0x29 returned 0 after 0 usecs
[    3.639505] calling  blk_mq_init+0x0/0xb9 @ 1
[    3.645502] initcall blk_mq_init+0x0/0xb9 returned 0 after 0 usecs
[    3.654507] calling  genhd_device_init+0x0/0x75 @ 1
[    3.662778] initcall genhd_device_init+0x0/0x75 returned 0 after 0 usecs
[    3.672529] calling  pci_slot_init+0x0/0x40 @ 1
[    3.679510] initcall pci_slot_init+0x0/0x40 returned 0 after 0 usecs
[    3.688504] calling  fbmem_init+0x0/0xd8 @ 1
[    3.695690] initcall fbmem_init+0x0/0xd8 returned 0 after 0 usecs
[    3.704505] calling  acpi_init+0x0/0x319 @ 1
[    3.711620] ACPI: Added _OSI(Module Device)
[    3.717516] ACPI: Added _OSI(Processor Device)
[    3.724502] ACPI: Added _OSI(3.0 _SCP Extensions)
[    3.730498] ACPI: Added _OSI(Processor Aggregator Device)
[    3.736498] ACPI: Added _OSI(Linux-Dell-Video)
[    3.741496] ACPI: Added _OSI(Linux-Lenovo-NV-HDMI-Audio)
[    3.747497] ACPI: Added _OSI(Linux-HPI-Hybrid-Graphics)
[    3.756138] ACPI: 1 ACPI AML tables successfully acquired and loaded
[    3.767662] ACPI: Interpreter enabled
[    3.772551] ACPI: (supports S0 S3 S4 S5)
[    3.776497] ACPI: Using IOAPIC for interrupt routing
[    3.780541] PCI: Using host bridge windows from ACPI; if necessary, use "pci=nocrs" and report a bug
[    3.793927] ACPI: Enabled 2 GPEs in block 00 to 3F
[    3.807665] ACPI: PCI Root Bridge [PCI0] (domain 0000 [bus 00-ff])
[    3.816538] acpi PNP0A08:00: _OSC: OS supports [ExtendedConfig ASPM ClockPM Segments MSI HPX-Type3]
[    3.827688] acpi PNP0A08:00: _OSC: platform does not support [LTR]
[    3.835595] acpi PNP0A08:00: _OSC: OS now controls [PME PCIeCapability]
[    3.843667] PCI host bridge to bus 0000:00
[    3.849491] pci_bus 0000:00: root bus resource [io  0x0000-0x0cf7 window]
[    3.859509] pci_bus 0000:00: root bus resource [io  0x0d00-0xffff window]
[    3.867502] pci_bus 0000:00: root bus resource [mem 0x000a0000-0x000bffff window]
[    3.876501] pci_bus 0000:00: root bus resource [mem 0x20000000-0xafffffff window]
[    3.886501] pci_bus 0000:00: root bus resource [mem 0xc0000000-0xfebfffff window]
[    3.895505] pci_bus 0000:00: root bus resource [mem 0x100000000-0x8ffffffff window]
[    3.905505] pci_bus 0000:00: root bus resource [bus 00-ff]
[    3.913055] pci 0000:00:00.0: calling  quirk_mmio_always_on+0x0/0x10 @ 1
[    3.921505] pci 0000:00:00.0: quirk_mmio_always_on+0x0/0x10 took 0 usecs
[    3.929522] pci 0000:00:00.0: [8086:29c0] type 00 class 0x060000
[    3.941252] pci 0000:00:00.0: calling  quirk_igfx_skip_te_disable+0x0/0x80 @ 1
[    3.950507] pci 0000:00:00.0: quirk_igfx_skip_te_disable+0x0/0x80 took 0 usecs
[    3.961199] pci 0000:00:01.0: [1234:1111] type 00 class 0x030000
[    3.973835] pci 0000:00:01.0: reg 0x10: [mem 0xfd000000-0xfdffffff pref]
[    3.991262] pci 0000:00:01.0: reg 0x18: [mem 0xfebf0000-0xfebf0fff]
[    4.021491] pci 0000:00:01.0: reg 0x30: [mem 0xfebe0000-0xfebeffff pref]
[    4.037120] pci 0000:00:01.0: calling  efifb_fixup_resources+0x0/0xf0 @ 1
[    4.045677] pci 0000:00:01.0: efifb_fixup_resources+0x0/0xf0 took 0 usecs
[    4.080662] pci 0000:00:1f.0: [8086:2918] type 00 class 0x060100
[    4.095981] pci 0000:00:1f.0: calling  quirk_ich7_lpc+0x0/0x60 @ 1
[    4.103781] pci 0000:00:1f.0: quirk: [io  0x0600-0x067f] claimed by ICH6 ACPI/GPIO/TCO
[    4.113588] pci 0000:00:1f.0: quirk_ich7_lpc+0x0/0x60 took 9765 usecs
[    4.118491] pci 0000:00:1f.0: calling  quirk_igfx_skip_te_disable+0x0/0x80 @ 1
[    4.125714] pci 0000:00:1f.0: quirk_igfx_skip_te_disable+0x0/0x80 took 0 usecs
[    4.137022] pci 0000:00:1f.2: [8086:2922] type 00 class 0x010601
[    4.155501] pci 0000:00:1f.2: reg 0x20: [io  0xc040-0xc05f]
[    4.166270] pci 0000:00:1f.2: reg 0x24: [mem 0xfebf1000-0xfebf1fff]
[    4.176712] pci 0000:00:1f.2: calling  quirk_igfx_skip_te_disable+0x0/0x80 @ 1
[    4.184507] pci 0000:00:1f.2: quirk_igfx_skip_te_disable+0x0/0x80 took 0 usecs
[    4.197862] pci 0000:00:1f.3: [8086:2930] type 00 class 0x0c0500
[    4.212209] pci 0000:00:1f.3: reg 0x20: [io  0x0700-0x073f]
[    4.220944] pci 0000:00:1f.3: calling  quirk_igfx_skip_te_disable+0x0/0x80 @ 1
[    4.229513] pci 0000:00:1f.3: quirk_igfx_skip_te_disable+0x0/0x80 took 0 usecs
[    4.249496] ACPI: PCI Interrupt Link [LNKA] (IRQs 5 *10 11)
[    4.257923] ACPI: PCI Interrupt Link [LNKB] (IRQs 5 *10 11)
[    4.265617] ACPI: PCI Interrupt Link [LNKC] (IRQs 5 10 *11)
[    4.273939] ACPI: PCI Interrupt Link [LNKD] (IRQs 5 10 *11)
[    4.281912] ACPI: PCI Interrupt Link [LNKE] (IRQs 5 *10 11)
[    4.288515] ACPI: PCI Interrupt Link [LNKF] (IRQs 5 *10 11)
[    4.296037] ACPI: PCI Interrupt Link [LNKG] (IRQs 5 10 *11)
[    4.302628] ACPI: PCI Interrupt Link [LNKH] (IRQs 5 10 *11)
[    4.309707] ACPI: PCI Interrupt Link [GSIA] (IRQs *16)
[    4.317657] ACPI: PCI Interrupt Link [GSIB] (IRQs *17)
[    4.323516] ACPI: PCI Interrupt Link [GSIC] (IRQs *18)
[    4.328621] ACPI: PCI Interrupt Link [GSID] (IRQs *19)
[    4.336510] ACPI: PCI Interrupt Link [GSIE] (IRQs *20)
[    4.342584] ACPI: PCI Interrupt Link [GSIF] (IRQs *21)
[    4.348512] ACPI: PCI Interrupt Link [GSIG] (IRQs *22)
[    4.354497] ACPI: PCI Interrupt Link [GSIH] (IRQs *23)
[    4.365491] initcall acpi_init+0x0/0x319 returned 0 after 638671 usecs
[    4.373949] calling  pnp_init+0x0/0xc @ 1
[    4.381738] initcall pnp_init+0x0/0xc returned 0 after 0 usecs
[    4.387500] calling  misc_init+0x0/0xbf @ 1
[    4.393821] initcall misc_init+0x0/0xbf returned 0 after 1953 usecs
[    4.403500] calling  iommu_subsys_init+0x0/0x4e @ 1
[    4.408038] iommu: Default domain type: Translated 
[    4.416500] initcall iommu_subsys_init+0x0/0x4e returned 0 after 8789 usecs
[    4.424501] calling  vga_arb_device_init+0x0/0x261 @ 1
[    4.437611] pci 0000:00:01.0: vgaarb: setting as boot VGA device
[    4.438491] pci 0000:00:01.0: vgaarb: VGA device added: decodes=io+mem,owns=io+mem,locks=none
[    4.457509] pci 0000:00:01.0: vgaarb: bridge control possible
[    4.466504] vgaarb: loaded
[    4.468508] initcall vga_arb_device_init+0x0/0x261 returned 0 after 37109 usecs
[    4.477329] calling  cn_init+0x0/0xf0 @ 1
[    4.484381] initcall cn_init+0x0/0xf0 returned 0 after 4882 usecs
[    4.488504] calling  dma_buf_init+0x0/0xad @ 1
[    4.497504] initcall dma_buf_init+0x0/0xad returned 0 after 1953 usecs
[    4.505500] calling  init_scsi+0x0/0x79 @ 1
[    4.518501] SCSI subsystem initialized
[    4.522505] initcall init_scsi+0x0/0x79 returned 0 after 10742 usecs
[    4.529504] calling  ata_init+0x0/0x332 @ 1
[    4.538842] libata version 3.00 loaded.
[    4.543502] initcall ata_init+0x0/0x332 returned 0 after 7812 usecs
[    4.550501] calling  phy_init+0x0/0x250 @ 1
[    4.557537] initcall phy_init+0x0/0x250 returned 0 after 976 usecs
[    4.565500] calling  init_pcmcia_cs+0x0/0x35 @ 1
[    4.570739] initcall init_pcmcia_cs+0x0/0x35 returned 0 after 0 usecs
[    4.577583] calling  usb_common_init+0x0/0x1c @ 1
[    4.583872] initcall usb_common_init+0x0/0x1c returned 0 after 0 usecs
[    4.593503] calling  usb_init+0x0/0x12e @ 1
[    4.599594] ACPI: bus type USB registered
[    4.606161] usbcore: registered new interface driver usbfs
[    4.612627] usbcore: registered new interface driver hub
[    4.619519] usbcore: registered new device driver usb
[    4.626505] initcall usb_init+0x0/0x12e returned 0 after 26367 usecs
[    4.633503] calling  serio_init+0x0/0x29 @ 1
[    4.639570] initcall serio_init+0x0/0x29 returned 0 after 0 usecs
[    4.646501] calling  input_init+0x0/0xf6 @ 1
[    4.652592] initcall input_init+0x0/0xf6 returned 0 after 0 usecs
[    4.661503] calling  rtc_init+0x0/0x4d @ 1
[    4.667549] initcall rtc_init+0x0/0x4d returned 0 after 0 usecs
[    4.676502] calling  pps_init+0x0/0xa9 @ 1
[    4.682939] pps_core: LinuxPPS API ver. 1 registered
[    4.687499] pps_core: Software ver. 5.3.6 - Copyright 2005-2007 Rodolfo Giometti <giometti@linux.it>
[    4.699515] initcall pps_init+0x0/0xa9 returned 0 after 16601 usecs
[    4.708513] calling  ptp_init+0x0/0x98 @ 1
[    4.713526] PTP clock support registered
[    4.718505] initcall ptp_init+0x0/0x98 returned 0 after 4882 usecs
[    4.726507] calling  power_supply_class_init+0x0/0x3f @ 1
[    4.733510] initcall power_supply_class_init+0x0/0x3f returned 0 after 0 usecs
[    4.742514] calling  hwmon_init+0x0/0x104 @ 1
[    4.748520] initcall hwmon_init+0x0/0x104 returned 0 after 0 usecs
[    4.755510] calling  md_init+0x0/0x16b @ 1
[    4.763859] initcall md_init+0x0/0x16b returned 0 after 976 usecs
[    4.771508] calling  leds_init+0x0/0x3b @ 1
[    4.777529] initcall leds_init+0x0/0x3b returned 0 after 0 usecs
[    4.786506] calling  dmi_init+0x0/0x113 @ 1
[    4.790844] initcall dmi_init+0x0/0x113 returned 0 after 0 usecs
[    4.801510] calling  efisubsys_init+0x0/0x4e7 @ 1
[    4.808527] initcall efisubsys_init+0x0/0x4e7 returned 0 after 0 usecs
[    4.817507] calling  nvmem_init+0x0/0xc @ 1
[    4.823904] initcall nvmem_init+0x0/0xc returned 0 after 0 usecs
[    4.832504] calling  init_soundcore+0x0/0x33 @ 1
[    4.840621] initcall init_soundcore+0x0/0x33 returned 0 after 0 usecs
[    4.850508] calling  alsa_sound_init+0x0/0x8f @ 1
[    4.857884] Advanced Linux Sound Architecture Driver Initialized.
[    4.865504] initcall alsa_sound_init+0x0/0x8f returned 0 after 7812 usecs
[    4.876503] calling  alsa_seq_device_init+0x0/0x71 @ 1
[    4.883540] initcall alsa_seq_device_init+0x0/0x71 returned 0 after 0 usecs
[    4.890802] calling  hda_bus_init+0x0/0xc @ 1
[    4.897528] initcall hda_bus_init+0x0/0xc returned 0 after 0 usecs
[    4.904503] calling  proto_init+0x0/0xc @ 1
[    4.911623] initcall proto_init+0x0/0xc returned 0 after 0 usecs
[    4.917501] calling  net_dev_init+0x0/0x209 @ 1
[    4.927651] initcall net_dev_init+0x0/0x209 returned 0 after 3906 usecs
[    4.935501] calling  neigh_init+0x0/0x84 @ 1
[    4.941647] initcall neigh_init+0x0/0x84 returned 0 after 0 usecs
[    4.949500] calling  fib_notifier_init+0x0/0xc @ 1
[    4.955507] initcall fib_notifier_init+0x0/0xc returned 0 after 0 usecs
[    4.963500] calling  fib_rules_init+0x0/0xab @ 1
[    4.969582] initcall fib_rules_init+0x0/0xab returned 0 after 0 usecs
[    4.976501] calling  pktsched_init+0x0/0x10e @ 1
[    4.982553] initcall pktsched_init+0x0/0x10e returned 0 after 0 usecs
[    4.990499] calling  tc_filter_init+0x0/0xfa @ 1
[    4.995593] initcall tc_filter_init+0x0/0xfa returned 0 after 0 usecs
[    5.003499] calling  tc_action_init+0x0/0x54 @ 1
[    5.009500] initcall tc_action_init+0x0/0x54 returned 0 after 0 usecs
[    5.017498] calling  ethnl_init+0x0/0x52 @ 1
[    5.022924] initcall ethnl_init+0x0/0x52 returned 0 after 0 usecs
[    5.029500] calling  nexthop_init+0x0/0xd8 @ 1
[    5.037090] initcall nexthop_init+0x0/0xd8 returned 0 after 0 usecs
[    5.045500] calling  cipso_v4_init+0x0/0x5d @ 1
[    5.049940] initcall cipso_v4_init+0x0/0x5d returned 0 after 1953 usecs
[    5.059505] calling  ieee80211_init+0x0/0x24 @ 1
[    5.064676] initcall ieee80211_init+0x0/0x24 returned 0 after 976 usecs
[    5.073499] calling  netlbl_init+0x0/0x78 @ 1
[    5.079536] NetLabel: Initializing
[    5.083495] NetLabel:  domain hash size = 128
[    5.088495] NetLabel:  protocols = UNLABELED CIPSOv4 CALIPSO
[    5.094644] NetLabel:  unlabeled traffic allowed by default
[    5.100500] initcall netlbl_init+0x0/0x78 returned 0 after 20507 usecs
[    5.108500] calling  rfkill_init+0x0/0x111 @ 1
[    5.115910] initcall rfkill_init+0x0/0x111 returned 0 after 1953 usecs
[    5.122693] calling  pci_subsys_init+0x0/0x66 @ 1
[    5.129214] PCI: Using ACPI for IRQ routing
[    5.856891] PCI: pci_cache_line_size set to 64 bytes
[    5.865230] e820: reserve RAM buffer [mem 0x0009fc00-0x0009ffff]
[    5.872544] e820: reserve RAM buffer [mem 0x1ffdf000-0x1fffffff]
[    5.879972] initcall pci_subsys_init+0x0/0x66 returned 0 after 733398 usecs
[    5.890273] calling  nmi_warning_debugfs+0x0/0x26 @ 1
[    5.897353] initcall nmi_warning_debugfs+0x0/0x26 returned 0 after 976 usecs
[    5.905541] calling  save_microcode_in_initrd+0x0/0x51 @ 1
[    5.912733] initcall save_microcode_in_initrd+0x0/0x51 returned 0 after 0 usecs
[    5.921502] calling  hpet_late_init+0x0/0x20a @ 1
[    5.927777] hpet: 3 channels of 0 reserved for per-cpu timers
[    5.934756] hpet0: at MMIO 0xfed00000, IRQs 2, 8, 0
[    5.940498] hpet0: 3 comparators, 64-bit 100.000000 MHz counter
[    5.952503] initcall hpet_late_init+0x0/0x20a returned 0 after 24414 usecs
[    5.960502] calling  init_amd_nbs+0x0/0x11c @ 1
[    5.966702] initcall init_amd_nbs+0x0/0x11c returned 0 after 0 usecs
[    5.974517] calling  clocksource_done_booting+0x0/0x41 @ 1
[    5.981653] clocksource: Switched to clocksource kvm-clock
[    5.988867] initcall clocksource_done_booting+0x0/0x41 returned 0 after 8175 usecs
[    5.989615] calling  tracer_init_tracefs+0x0/0x242 @ 1
[    6.041760] initcall tracer_init_tracefs+0x0/0x242 returned 0 after 168357 usecs
[    6.041760] calling  init_trace_printk_function_export+0x0/0x2c @ 1
[    6.041760] initcall init_trace_printk_function_export+0x0/0x2c returned 0 after 11 usecs
[    6.041760] calling  init_kprobe_trace+0x0/0x1a9 @ 1
[    6.041760] initcall init_kprobe_trace+0x0/0x1a9 returned 0 after 44 usecs
[    6.041760] calling  init_dynamic_event+0x0/0x3d @ 1
[    6.041760] initcall init_dynamic_event+0x0/0x3d returned 0 after 23 usecs
[    6.041760] calling  init_uprobe_trace+0x0/0x5c @ 1
[    6.041760] initcall init_uprobe_trace+0x0/0x5c returned 0 after 10 usecs
[    6.041760] calling  init_pipe_fs+0x0/0x44 @ 1
[    6.041760] initcall init_pipe_fs+0x0/0x44 returned 0 after 390 usecs
[    6.041760] calling  inotify_user_setup+0x0/0x47 @ 1
[    6.041760] initcall inotify_user_setup+0x0/0x47 returned 0 after 22 usecs
[    6.041760] calling  eventpoll_init+0x0/0xd4 @ 1
[    6.041760] initcall eventpoll_init+0x0/0xd4 returned 0 after 69 usecs
[    6.041760] calling  anon_inode_init+0x0/0x58 @ 1
[    6.041760] initcall anon_inode_init+0x0/0x58 returned 0 after 96 usecs
[    6.041760] calling  proc_locks_init+0x0/0x27 @ 1
[    6.041760] initcall proc_locks_init+0x0/0x27 returned 0 after 162 usecs
[    6.041760] calling  iomap_init+0x0/0x1b @ 1
[    6.041760] initcall iomap_init+0x0/0x1b returned 0 after 1520 usecs
[    6.041760] calling  dquot_init+0x0/0x106 @ 1
[    6.041760] VFS: Disk quotas dquot_6.6.0
[    6.041760] VFS: Dquot-cache hash table entries: 512 (order 0, 4096 bytes)
[    6.041760] initcall dquot_init+0x0/0x106 returned 0 after 12951 usecs
[    6.041760] calling  quota_init+0x0/0x23 @ 1
[    6.041760] initcall quota_init+0x0/0x23 returned 0 after 326 usecs
[    6.041760] calling  proc_cmdline_init+0x0/0x21 @ 1
[    6.041760] initcall proc_cmdline_init+0x0/0x21 returned 0 after 41 usecs
[    6.041760] calling  proc_consoles_init+0x0/0x24 @ 1
[    6.041760] initcall proc_consoles_init+0x0/0x24 returned 0 after 4 usecs
[    6.041760] calling  proc_cpuinfo_init+0x0/0x1e @ 1
[    6.041760] initcall proc_cpuinfo_init+0x0/0x1e returned 0 after 4 usecs
[    6.041760] calling  proc_devices_init+0x0/0x24 @ 1
[    6.041760] initcall proc_devices_init+0x0/0x24 returned 0 after 120 usecs
[    6.041760] calling  proc_interrupts_init+0x0/0x24 @ 1
[    6.041760] initcall proc_interrupts_init+0x0/0x24 returned 0 after 5 usecs
[    6.041760] calling  proc_loadavg_init+0x0/0x21 @ 1
[    6.041760] initcall proc_loadavg_init+0x0/0x21 returned 0 after 4 usecs
[    6.041760] calling  proc_meminfo_init+0x0/0x21 @ 1
[    6.041760] initcall proc_meminfo_init+0x0/0x21 returned 0 after 4 usecs
[    6.041760] calling  proc_stat_init+0x0/0x1e @ 1
[    6.041760] initcall proc_stat_init+0x0/0x1e returned 0 after 4 usecs
[    6.041760] calling  proc_uptime_init+0x0/0x21 @ 1
[    6.041760] initcall proc_uptime_init+0x0/0x21 returned 0 after 2 usecs
[    6.041760] calling  proc_version_init+0x0/0x21 @ 1
[    6.041760] initcall proc_version_init+0x0/0x21 returned 0 after 3 usecs
[    6.041760] calling  proc_softirqs_init+0x0/0x21 @ 1
[    6.041760] initcall proc_softirqs_init+0x0/0x21 returned 0 after 3 usecs
[    6.041760] calling  proc_kcore_init+0x0/0xea @ 1
[    6.041760] initcall proc_kcore_init+0x0/0xea returned 0 after 150 usecs
[    6.041760] calling  vmcore_init+0x0/0x578 @ 1
[    6.041760] initcall vmcore_init+0x0/0x578 returned 0 after 1 usecs
[    6.041760] calling  proc_kmsg_init+0x0/0x21 @ 1
[    6.041760] initcall proc_kmsg_init+0x0/0x21 returned 0 after 5 usecs
[    6.041760] calling  proc_page_init+0x0/0x3b @ 1
[    6.041760] initcall proc_page_init+0x0/0x3b returned 0 after 5 usecs
[    6.041760] calling  init_ramfs_fs+0x0/0xc @ 1
[    6.041760] initcall init_ramfs_fs+0x0/0xc returned 0 after 20 usecs
[    6.041760] calling  init_hugetlbfs_fs+0x0/0xf6 @ 1
[    6.041760] initcall init_hugetlbfs_fs+0x0/0xf6 returned 0 after 205 usecs
[    6.041760] calling  blk_scsi_ioctl_init+0x0/0x2a5 @ 1
[    6.041760] initcall blk_scsi_ioctl_init+0x0/0x2a5 returned 0 after 45 usecs
[    6.041760] calling  acpi_event_init+0x0/0x2c @ 1
[    6.041760] initcall acpi_event_init+0x0/0x2c returned 0 after 102 usecs
[    6.041760] calling  pnp_system_init+0x0/0xc @ 1
[    6.041760] initcall pnp_system_init+0x0/0xc returned 0 after 1075 usecs
[    6.041760] calling  pnpacpi_init+0x0/0x69 @ 1
[    6.041760] pnp: PnP ACPI init
[    6.041760] pnp 00:00: Plug and Play ACPI device, IDs PNP0303 (active)
[    6.041760] pnp 00:01: Plug and Play ACPI device, IDs PNP0f13 (active)
[    6.671918] pnp 00:02: Plug and Play ACPI device, IDs PNP0400 (active)
[    6.681586] pnp 00:03: Plug and Play ACPI device, IDs PNP0501 (active)
[    6.682218] pnp 00:04: Plug and Play ACPI device, IDs PNP0b00 (active)
[    6.682218] system 00:05: [mem 0xb0000000-0xbfffffff window] has been reserved
[    6.682218] system 00:05: Plug and Play ACPI device, IDs PNP0c01 (active)
[    6.682218] pnp: PnP ACPI: found 6 devices
[    6.682218] initcall pnpacpi_init+0x0/0x69 returned 0 after 76780 usecs
[    6.682218] calling  chr_dev_init+0x0/0x14d @ 1
[    6.779910] initcall chr_dev_init+0x0/0x14d returned 0 after 42285 usecs
[    6.788499] calling  firmware_class_init+0x0/0xe7 @ 1
[    6.788499] initcall firmware_class_init+0x0/0xe7 returned 0 after 45 usecs
[    6.788499] calling  init_pcmcia_bus+0x0/0x5b @ 1
[    6.788499] initcall init_pcmcia_bus+0x0/0x5b returned 0 after 898 usecs
[    6.788499] calling  init_acpi_pm_clocksource+0x0/0xda @ 1
[    6.788499] clocksource: acpi_pm: mask: 0xffffff max_cycles: 0xffffff, max_idle_ns: 2085701024 ns
[    6.788499] initcall init_acpi_pm_clocksource+0x0/0xda returned 0 after 17620 usecs
[    6.788499] calling  sysctl_core_init+0x0/0x26 @ 1
[    6.788499] initcall sysctl_core_init+0x0/0x26 returned 0 after 1201 usecs
[    6.788499] calling  eth_offload_init+0x0/0x13 @ 1
[    6.788499] initcall eth_offload_init+0x0/0x13 returned 0 after 49 usecs
[    6.788499] calling  ipv4_offload_init+0x0/0x73 @ 1
[    6.788499] initcall ipv4_offload_init+0x0/0x73 returned 0 after 106 usecs
[    6.788499] calling  inet_init+0x0/0x276 @ 1
[    6.788499] NET: Registered protocol family 2
[    6.788499] IP idents hash table entries: 8192 (order: 4, 65536 bytes, linear)
[    6.934276] tcp_listen_portaddr_hash hash table entries: 256 (order: 0, 4096 bytes, linear)
[    6.944642] TCP established hash table entries: 4096 (order: 3, 32768 bytes, linear)
[    6.956179] TCP bind hash table entries: 4096 (order: 4, 65536 bytes, linear)
[    6.968003] TCP: Hash tables configured (established 4096 bind 4096)
[    6.978001] UDP hash table entries: 256 (order: 1, 8192 bytes, linear)
[    6.987637] UDP-Lite hash table entries: 256 (order: 1, 8192 bytes, linear)
[    6.998823] initcall inet_init+0x0/0x276 returned 0 after 92880 usecs
[    7.007303] calling  af_unix_init+0x0/0x4d @ 1
[    7.013333] NET: Registered protocol family 1
[    7.019685] initcall af_unix_init+0x0/0x4d returned 0 after 6231 usecs
[    7.029186] calling  ipv6_offload_init+0x0/0x7e @ 1
[    7.036452] initcall ipv6_offload_init+0x0/0x7e returned 0 after 96 usecs
[    7.046472] calling  init_sunrpc+0x0/0x65 @ 1
[    7.055070] RPC: Registered named UNIX socket transport module.
[    7.063756] RPC: Registered udp transport module.
[    7.070325] RPC: Registered tcp transport module.
[    7.077025] RPC: Registered tcp NFSv4.1 backchannel transport module.
[    7.085435] initcall init_sunrpc+0x0/0x65 returned 0 after 31834 usecs
[    7.093079] calling  cfg80211_init+0x0/0xc5 @ 1
[    7.101728] initcall cfg80211_init+0x0/0xc5 returned 0 after 3136 usecs
[    7.110281] calling  pcibios_assign_resources+0x0/0xbf @ 1
[    7.118238] pci_bus 0000:00: resource 4 [io  0x0000-0x0cf7 window]
[    7.127226] pci_bus 0000:00: resource 5 [io  0x0d00-0xffff window]
[    7.136085] pci_bus 0000:00: resource 6 [mem 0x000a0000-0x000bffff window]
[    7.145784] pci_bus 0000:00: resource 7 [mem 0x20000000-0xafffffff window]
[    7.153567] pci_bus 0000:00: resource 8 [mem 0xc0000000-0xfebfffff window]
[    7.161471] pci_bus 0000:00: resource 9 [mem 0x100000000-0x8ffffffff window]
[    7.172152] initcall pcibios_assign_resources+0x0/0xbf returned 0 after 53204 usecs
[    7.181557] calling  pci_apply_final_quirks+0x0/0x124 @ 1
[    7.190683] pci 0000:00:01.0: calling  pci_fixup_video+0x0/0xe0 @ 1
[    7.198685] pci 0000:00:01.0: Video device with shadowed ROM at [mem 0x000c0000-0x000dffff]
[    7.208010] pci 0000:00:01.0: pci_fixup_video+0x0/0xe0 took 9563 usecs
[    7.215680] PCI: CLS 0 bytes, default 64
[    7.220188] initcall pci_apply_final_quirks+0x0/0x124 returned 0 after 31441 usecs
[    7.229154] calling  acpi_reserve_resources+0x0/0xea @ 1
[    7.235250] initcall acpi_reserve_resources+0x0/0xea returned 0 after 53 usecs
[    7.243506] calling  populate_rootfs+0x0/0x102 @ 1
[    7.250413] initcall populate_rootfs+0x0/0x102 returned 0 after 1403 usecs
[    7.258356] calling  pci_iommu_init+0x0/0x3e @ 1
[    7.264020] initcall pci_iommu_init+0x0/0x3e returned 0 after 172 usecs
[    7.273449] calling  ia32_binfmt_init+0x0/0x13 @ 1
[    7.279013] initcall ia32_binfmt_init+0x0/0x13 returned 0 after 42 usecs
[    7.286778] calling  rapl_pmu_init+0x0/0x267 @ 1
[    7.292238] initcall rapl_pmu_init+0x0/0x267 returned -19 after 64 usecs
[    7.299860] calling  amd_uncore_init+0x0/0x310 @ 1
[    7.305471] initcall amd_uncore_init+0x0/0x310 returned -19 after 0 usecs
[    7.313386] calling  amd_ibs_init+0x0/0x27b @ 1
[    7.318687] initcall amd_ibs_init+0x0/0x27b returned -19 after 0 usecs
[    7.326145] calling  amd_iommu_pc_init+0x0/0x215 @ 1
[    7.332087] initcall amd_iommu_pc_init+0x0/0x215 returned -19 after 54 usecs
[    7.340077] calling  msr_init+0x0/0x55 @ 1
[    7.346096] initcall msr_init+0x0/0x55 returned 0 after 287 usecs
[    7.353016] calling  intel_uncore_init+0x0/0x36f @ 1
[    7.358785] initcall intel_uncore_init+0x0/0x36f returned -19 after 44 usecs
[    7.366750] calling  cstate_pmu_init+0x0/0x1a1 @ 1
[    7.372355] initcall cstate_pmu_init+0x0/0x1a1 returned -19 after 0 usecs
[    7.380210] calling  register_kernel_offset_dumper+0x0/0x1a @ 1
[    7.387154] initcall register_kernel_offset_dumper+0x0/0x1a returned 0 after 45 usecs
[    7.396142] calling  i8259A_init_ops+0x0/0x20 @ 1
[    7.401554] initcall i8259A_init_ops+0x0/0x20 returned 0 after 1 usecs
[    7.409127] calling  init_tsc_clocksource+0x0/0xa4 @ 1
[    7.416639] clocksource: tsc: mask: 0xffffffffffffffff max_cycles: 0x39a85afc727, max_idle_ns: 881590685098 ns
[    7.430685] initcall init_tsc_clocksource+0x0/0xa4 returned 0 after 13716 usecs
[    7.439183] calling  add_rtc_cmos+0x0/0xb0 @ 1
[    7.444729] initcall add_rtc_cmos+0x0/0xb0 returned 0 after 149 usecs
[    7.452687] calling  i8237A_init_ops+0x0/0x3a @ 1
[    7.459075] initcall i8237A_init_ops+0x0/0x3a returned 0 after 149 usecs
[    7.467347] calling  umwait_init+0x0/0x94 @ 1
[    7.473436] initcall umwait_init+0x0/0x94 returned -19 after 22 usecs
[    7.483249] calling  thermal_throttle_init_device+0x0/0x3d @ 1
[    7.491699] initcall thermal_throttle_init_device+0x0/0x3d returned 0 after 73 usecs
[    7.503695] calling  msr_init+0x0/0xd7 @ 1
[    7.513137] initcall msr_init+0x0/0xd7 returned 0 after 4106 usecs
[    7.520679] calling  cpuid_init+0x0/0xd7 @ 1
[    7.528851] initcall cpuid_init+0x0/0xd7 returned 0 after 2084 usecs
[    7.538029] calling  ioapic_init_ops+0x0/0x13 @ 1
[    7.543806] initcall ioapic_init_ops+0x0/0x13 returned 0 after 30 usecs
[    7.552034] calling  add_pcspkr+0x0/0x6c @ 1
[    7.557230] initcall add_pcspkr+0x0/0x6c returned 0 after 69 usecs
[    7.564818] calling  start_periodic_check_for_corruption+0x0/0x30 @ 1
[    7.572602] check: Scanning for low memory corruption every 60 seconds
[    7.580480] initcall start_periodic_check_for_corruption+0x0/0x30 returned 0 after 7797 usecs
[    7.591352] calling  sysfb_init+0x0/0x9c @ 1
[    7.596712] initcall sysfb_init+0x0/0x9c returned 0 after 238 usecs
[    7.604190] calling  audit_classes_init+0x0/0xae @ 1
[    7.610159] initcall audit_classes_init+0x0/0xae returned 0 after 29 usecs
[    7.618246] calling  iosf_mbi_init+0x0/0x24 @ 1
[    7.624066] initcall iosf_mbi_init+0x0/0x24 returned 0 after 366 usecs
[    7.631812] calling  proc_execdomains_init+0x0/0x21 @ 1
[    7.638003] initcall proc_execdomains_init+0x0/0x21 returned 0 after 4 usecs
[    7.646178] calling  register_warn_debugfs+0x0/0x23 @ 1
[    7.654471] initcall register_warn_debugfs+0x0/0x23 returned 0 after 49 usecs
[    7.664991] calling  cpuhp_sysfs_init+0x0/0x79 @ 1
[    7.671265] initcall cpuhp_sysfs_init+0x0/0x79 returned 0 after 235 usecs
[    7.681095] calling  ioresources_init+0x0/0x49 @ 1
[    7.688130] initcall ioresources_init+0x0/0x49 returned 0 after 8 usecs
[    7.697627] calling  snapshot_device_init+0x0/0xc @ 1
[    7.704379] initcall snapshot_device_init+0x0/0xc returned 0 after 200 usecs
[    7.712601] calling  irq_pm_init_ops+0x0/0x13 @ 1
[    7.718272] initcall irq_pm_init_ops+0x0/0x13 returned 0 after 19 usecs
[    7.726456] calling  rcu_torture_init+0x0/0x9a6 @ 1
[    7.733708] tasks-torture:--- Start of test: nreaders=1 nfakewriters=4 stat_interval=15 verbose=1 test_no_idle_hz=1 shuffle_interval=3 stutter=5 irqreader=1 fqs_duration=0 fqs_holdoff=0 fqs_stutter=3 test_boost=1/0 test_boost_interval=7 test_boost_duration=4 shutdown_secs=1800 stall_cpu=0 stall_cpu_holdoff=10 stall_cpu_irqsoff=0 stall_cpu_block=0 n_barrier_cbs=4 onoff_interval=1000 onoff_holdoff=30 read_exit_delay=13 read_exit_burst=16
[    7.782743] tasks:  Start-test grace-period state: g0 f0x0
[    7.789216] tasks-torture: Creating rcu_torture_writer task
[    7.795724] tasks-torture: Creating rcu_torture_fakewriter task
[    7.802640] tasks-torture: rcu_torture_writer task started
[    7.809312] tasks-torture: GP expediting controlled from boot/sysfs for tasks.
[    7.809924] tasks-torture: Creating rcu_torture_fakewriter task
[    7.817758] tasks-torture: rcu_torture_fakewriter task started
[    7.832330] rcu_torture_writer: Testing expedited GPs.
[    7.832903] tasks-torture: Creating rcu_torture_fakewriter task
[    7.838597] tasks-torture: rcu_torture_fakewriter task started
[    7.853000] rcu_torture_writer: Testing asynchronous GPs.
[    7.853522] tasks-torture: Creating rcu_torture_fakewriter task
[    7.859500] tasks-torture: rcu_torture_fakewriter task started
[    7.860219] rcu_torture_writer: Testing normal GPs.
[    7.880793] tasks-torture: rcu_torture_fakewriter task started
[    7.881104] tasks-torture: Creating rcu_torture_reader task
[    7.895281] tasks-torture: Creating rcu_torture_stats task
[    7.895304] tasks-torture: rcu_torture_reader task started
[    7.909309] tasks-torture: Creating torture_shuffle task
[    7.909334] tasks-torture: rcu_torture_stats task started
[    7.927124] tasks-torture: Creating torture_stutter task
[    7.927145] tasks-torture: torture_shuffle task started
[    7.941906] tasks-torture: Creating torture_shutdown task
[    7.941950] tasks-torture: torture_stutter task started
[    7.961031] tasks-torture: Creating torture_onoff task
[    7.961139] tasks-torture: torture_shutdown task started
[    7.975413] tasks-torture:torture_shutdown task: 1799966 ms remaining
[    7.976380] tasks-torture: rcu_torture_fwd_prog_init: Disabled, unsupported by RCU flavor under test
[    7.983171] tasks-torture: torture_onoff task started
[    7.976818] tasks-torture: Creating rcu_torture_barrier_cbs task
[    8.008755] tasks-torture: torture_onoff begin holdoff
[    8.009099] tasks-torture: Creating rcu_torture_barrier_cbs task
[    8.015667] tasks-torture: rcu_torture_barrier_cbs task started
[    8.030720] tasks-torture: rcu_torture_barrier_cbs task started
[    8.030756] tasks-torture: Creating rcu_torture_barrier_cbs task
[    8.049537] tasks-torture: Creating rcu_torture_barrier_cbs task
[    8.050454] tasks-torture: rcu_torture_barrier_cbs task started
[    8.066426] tasks-torture: Creating rcu_torture_barrier task
[    8.066461] tasks-torture: rcu_torture_barrier_cbs task started
[    8.083465] tasks-torture: Creating rcu_torture_read_exit task
[    8.083489] tasks-torture: rcu_torture_barrier task starting
[    8.098367] initcall rcu_torture_init+0x0/0x9a6 returned 0 after 356215 usecs
[    8.098368] tasks-torture: rcu_torture_read_exit: Start of test
[    8.113745] calling  timekeeping_init_ops+0x0/0x13 @ 1
[    8.113745] initcall timekeeping_init_ops+0x0/0x13 returned 0 after 19 usecs
[    8.113745] calling  init_clocksource_sysfs+0x0/0x23 @ 1
[    8.113745] initcall init_clocksource_sysfs+0x0/0x23 returned 0 after 112 usecs
[    8.113745] calling  init_timer_list_procfs+0x0/0x31 @ 1
[    8.113745] initcall init_timer_list_procfs+0x0/0x31 returned 0 after 6 usecs
[    8.113745] calling  alarmtimer_init+0x0/0xc7 @ 1
[    8.113745] initcall alarmtimer_init+0x0/0xc7 returned 0 after 199 usecs
[    8.113745] calling  init_posix_timers+0x0/0x29 @ 1
[    8.113745] initcall init_posix_timers+0x0/0x29 returned 0 after 7 usecs
[    8.113745] calling  clockevents_init_sysfs+0x0/0xbf @ 1
[    8.113745] initcall clockevents_init_sysfs+0x0/0xbf returned 0 after 183 usecs
[    8.113745] calling  proc_dma_init+0x0/0x21 @ 1
[    8.207624] initcall proc_dma_init+0x0/0x21 returned 0 after 117 usecs
[    8.215469] calling  proc_modules_init+0x0/0x1e @ 1
[    8.216244] initcall proc_modules_init+0x0/0x1e returned 0 after 4 usecs
[    8.216244] calling  kallsyms_init+0x0/0x21 @ 1
[    8.216244] initcall kallsyms_init+0x0/0x21 returned 0 after 45 usecs
[    8.216244] calling  pid_namespaces_init+0x0/0x2c @ 1
[    8.216244] initcall pid_namespaces_init+0x0/0x2c returned 0 after 15 usecs
[    8.216244] calling  audit_watch_init+0x0/0x37 @ 1
[    8.216244] initcall audit_watch_init+0x0/0x37 returned 0 after 16 usecs
[    8.216244] calling  audit_fsnotify_init+0x0/0x37 @ 1
[    8.216244] initcall audit_fsnotify_init+0x0/0x37 returned 0 after 1 usecs
[    8.216244] calling  audit_tree_init+0x0/0x6d @ 1
[    8.216244] initcall audit_tree_init+0x0/0x6d returned 0 after 40 usecs
[    8.216244] calling  seccomp_sysctl_init+0x0/0x2b @ 1
[    8.216244] initcall seccomp_sysctl_init+0x0/0x2b returned 0 after 9 usecs
[    8.216244] calling  utsname_sysctl_init+0x0/0x13 @ 1
[    8.216244] initcall utsname_sysctl_init+0x0/0x13 returned 0 after 161 usecs
[    8.216244] calling  init_tracepoints+0x0/0x27 @ 1
[    8.216244] initcall init_tracepoints+0x0/0x27 returned 0 after 36 usecs
[    8.216244] calling  init_blk_tracer+0x0/0x50 @ 1
[    8.216244] initcall init_blk_tracer+0x0/0x50 returned 0 after 940 usecs
[    8.216244] calling  perf_event_sysfs_init+0x0/0x81 @ 1
[    8.216244] initcall perf_event_sysfs_init+0x0/0x81 returned 0 after 604 usecs
[    8.216244] calling  system_trusted_keyring_init+0x0/0x60 @ 1
[    8.216244] Initialise system trusted keyrings
[    8.216244] initcall system_trusted_keyring_init+0x0/0x60 returned 0 after 5030 usecs
[    8.216244] calling  kswapd_init+0x0/0x5c @ 1
[    8.401492] initcall kswapd_init+0x0/0x5c returned 0 after 969 usecs
[    8.409090] calling  extfrag_debug_init+0x0/0x54 @ 1
[    8.409985] initcall extfrag_debug_init+0x0/0x54 returned 0 after 98 usecs
[    8.409985] calling  mm_compute_batch_init+0x0/0x12 @ 1
[    8.409985] initcall mm_compute_batch_init+0x0/0x12 returned 0 after 1 usecs
[    8.409985] calling  slab_proc_init+0x0/0x21 @ 1
[    8.409985] initcall slab_proc_init+0x0/0x21 returned 0 after 44 usecs
[    8.409985] calling  workingset_init+0x0/0x8c @ 1
[    8.409985] workingset: timestamp_bits=56 max_order=17 bucket_order=0
[    8.461630] initcall workingset_init+0x0/0x8c returned 0 after 7534 usecs
[    8.461630] calling  proc_vmalloc_init+0x0/0x32 @ 1
[    8.461630] initcall proc_vmalloc_init+0x0/0x32 returned 0 after 6 usecs
[    8.461630] calling  procswaps_init+0x0/0x1e @ 1
[    8.461630] initcall procswaps_init+0x0/0x1e returned 0 after 6 usecs
[    8.461630] calling  slab_sysfs_init+0x0/0xea @ 1
[    8.461630] initcall slab_sysfs_init+0x0/0xea returned 0 after 2617 usecs
[    8.461630] calling  fcntl_init+0x0/0x29 @ 1
[    8.461630] initcall fcntl_init+0x0/0x29 returned 0 after 8 usecs
[    8.461630] calling  proc_filesystems_init+0x0/0x21 @ 1
[    8.461630] initcall proc_filesystems_init+0x0/0x21 returned 0 after 5 usecs
[    8.461630] calling  start_dirtytime_writeback+0x0/0x29 @ 1
[    8.461630] initcall start_dirtytime_writeback+0x0/0x29 returned 0 after 3 usecs
[    8.461630] calling  blkdev_init+0x0/0x1b @ 1
[    8.461630] initcall blkdev_init+0x0/0x1b returned 0 after 130 usecs
[    8.461630] calling  dio_init+0x0/0x2c @ 1
[    8.575644] initcall dio_init+0x0/0x2c returned 0 after 208 usecs
[    8.575644] calling  dnotify_init+0x0/0x78 @ 1
[    8.575644] initcall dnotify_init+0x0/0x78 returned 0 after 10 usecs
[    8.575644] calling  aio_setup+0x0/0x78 @ 1
[    8.575644] initcall aio_setup+0x0/0x78 returned 0 after 112 usecs
[    8.575644] calling  io_uring_init+0x0/0x2c @ 1
[    8.575644] initcall io_uring_init+0x0/0x2c returned 0 after 5 usecs
[    8.575644] calling  mbcache_init+0x0/0x30 @ 1
[    8.575644] initcall mbcache_init+0x0/0x30 returned 0 after 50 usecs
[    8.575644] calling  init_grace+0x0/0xc @ 1
[    8.575644] initcall init_grace+0x0/0xc returned 0 after 3 usecs
[    8.575644] calling  init_v2_quota_format+0x0/0x21 @ 1
[    8.575644] initcall init_v2_quota_format+0x0/0x21 returned 0 after 51 usecs
[    8.575644] calling  init_devpts_fs+0x0/0x27 @ 1
[    8.575644] initcall init_devpts_fs+0x0/0x27 returned 0 after 59 usecs
[    8.672713] calling  ext4_init_fs+0x0/0x1d0 @ 1
[    8.678651] initcall ext4_init_fs+0x0/0x1d0 returned 0 after 462 usecs
[    8.678995] calling  journal_init+0x0/0x11c @ 1
[    8.678995] initcall journal_init+0x0/0x11c returned 0 after 168 usecs
[    8.678995] calling  init_fat_fs+0x0/0x49 @ 1
[    8.678995] initcall init_fat_fs+0x0/0x49 returned 0 after 76 usecs
[    8.678995] calling  init_vfat_fs+0x0/0xc @ 1
[    8.678995] initcall init_vfat_fs+0x0/0xc returned 0 after 4 usecs
[    8.678995] calling  init_msdos_fs+0x0/0xc @ 1
[    8.678995] initcall init_msdos_fs+0x0/0xc returned 0 after 4 usecs
[    8.678995] calling  init_iso9660_fs+0x0/0x6c @ 1
[    8.678995] initcall init_iso9660_fs+0x0/0x6c returned 0 after 147 usecs
[    8.678995] calling  init_nfs_fs+0x0/0x13a @ 1
[    8.757945] initcall init_nfs_fs+0x0/0x13a returned 0 after 1894 usecs
[    8.765834] calling  init_nfs_v2+0x0/0x13 @ 1
[    8.771182] initcall init_nfs_v2+0x0/0x13 returned 0 after 115 usecs
[    8.778739] calling  init_nfs_v3+0x0/0x13 @ 1
[    8.784090] initcall init_nfs_v3+0x0/0x13 returned 0 after 22 usecs
[    8.791550] calling  init_nfs_v4+0x0/0x32 @ 1
[    8.797193] NFS: Registering the id_resolver key type
[    8.811333] Key type id_resolver registered
[    8.816788] Key type id_legacy registered
[    8.823284] initcall init_nfs_v4+0x0/0x32 returned 0 after 25244 usecs
[    8.831450] calling  init_nlm+0x0/0x5b @ 1
[    8.837218] initcall init_nlm+0x0/0x5b returned 0 after 477 usecs
[    8.844986] calling  init_nls_cp437+0x0/0xe @ 1
[    8.850848] initcall init_nls_cp437+0x0/0xe returned 0 after 22 usecs
[    8.858964] calling  init_nls_ascii+0x0/0xe @ 1
[    8.864719] initcall init_nls_ascii+0x0/0xe returned 0 after 0 usecs
[    8.873129] calling  init_nls_iso8859_1+0x0/0xe @ 1
[    8.879642] initcall init_nls_iso8859_1+0x0/0xe returned 0 after 0 usecs
[    8.888557] calling  init_nls_utf8+0x0/0x21 @ 1
[    8.894690] initcall init_nls_utf8+0x0/0x21 returned 0 after 1 usecs
[    8.903341] calling  init_autofs_fs+0x0/0x25 @ 1
[    8.923391] initcall init_autofs_fs+0x0/0x25 returned 0 after 13572 usecs
[    8.934382] calling  ipc_init+0x0/0x24 @ 1
[    8.941471] initcall ipc_init+0x0/0x24 returned 0 after 706 usecs
[    8.950827] calling  ipc_sysctl_init+0x0/0x13 @ 1
[    8.958198] initcall ipc_sysctl_init+0x0/0x13 returned 0 after 64 usecs
[    8.966594] calling  init_mqueue_fs+0x0/0x9a @ 1
[    8.974498] initcall init_mqueue_fs+0x0/0x9a returned 0 after 1869 usecs
[    8.983462] calling  key_proc_init+0x0/0x63 @ 1
[    8.989250] initcall key_proc_init+0x0/0x63 returned 0 after 6 usecs
[    8.998587] calling  selinux_nf_ip_init+0x0/0x2e @ 1
[    9.005437] initcall selinux_nf_ip_init+0x0/0x2e returned 0 after 131 usecs
[    9.015700] calling  init_sel_fs+0x0/0x116 @ 1
[    9.021703] initcall init_sel_fs+0x0/0x116 returned 0 after 161 usecs
[    9.030114] calling  selnl_init+0x0/0x7c @ 1
[    9.036206] initcall selnl_init+0x0/0x7c returned 0 after 516 usecs
[    9.044487] calling  sel_netif_init+0x0/0x36 @ 1
[    9.050742] initcall sel_netif_init+0x0/0x36 returned 0 after 1 usecs
[    9.059224] calling  sel_netnode_init+0x0/0x33 @ 1
[    9.065595] initcall sel_netnode_init+0x0/0x33 returned 0 after 1 usecs
[    9.074276] calling  sel_netport_init+0x0/0x33 @ 1
[    9.080503] initcall sel_netport_init+0x0/0x33 returned 0 after 0 usecs
[    9.088973] calling  aurule_init+0x0/0x2a @ 1
[    9.094944] initcall aurule_init+0x0/0x2a returned 0 after 1 usecs
[    9.102775] calling  crypto_algapi_init+0x0/0xc @ 1
[    9.109143] initcall crypto_algapi_init+0x0/0xc returned 0 after 5 usecs
[    9.117971] calling  jent_mod_init+0x0/0x2d @ 1
[    9.138981] initcall jent_mod_init+0x0/0x2d returned 0 after 14669 usecs
[    9.139478] cryptomgr_test (79) used greatest stack depth: 14968 bytes left
[    9.148185] calling  asymmetric_key_init+0x0/0xc @ 1
[    9.148212] Key type asymmetric registered
[    9.148214] initcall asymmetric_key_init+0x0/0xc returned 0 after 26 usecs
[    9.148216] calling  x509_key_init+0x0/0xc @ 1
[    9.148284] Asymmetric key parser 'x509' registered
[    9.190624] initcall x509_key_init+0x0/0xc returned 0 after 41406 usecs
[    9.199112] calling  proc_genhd_init+0x0/0x41 @ 1
[    9.199841] initcall proc_genhd_init+0x0/0x41 returned 0 after 46 usecs
[    9.199841] calling  bsg_init+0x0/0x113 @ 1
[    9.199841] Block layer SCSI generic (bsg) driver version 0.4 loaded (major 251)
[    9.227646] initcall bsg_init+0x0/0x113 returned 0 after 9627 usecs
[    9.227646] calling  deadline_init+0x0/0xc @ 1
[    9.227646] io scheduler mq-deadline registered
[    9.227646] initcall deadline_init+0x0/0xc returned 0 after 7368 usecs
[    9.227646] calling  kyber_init+0x0/0xc @ 1
[    9.227646] io scheduler kyber registered
[    9.227646] initcall kyber_init+0x0/0xc returned 0 after 5022 usecs
[    9.227646] calling  mod_init+0x0/0x7 @ 1
[    9.227646] initcall mod_init+0x0/0x7 returned 0 after 0 usecs
[    9.227646] calling  percpu_counter_startup+0x0/0x55 @ 1
[    9.301554] initcall percpu_counter_startup+0x0/0x55 returned 0 after 2385 usecs
[    9.302587] calling  sg_pool_init+0x0/0xb4 @ 1
[    9.302587] initcall sg_pool_init+0x0/0xb4 returned 0 after 1484 usecs
[    9.302587] calling  pcie_portdrv_init+0x0/0x39 @ 1
[    9.331645] initcall pcie_portdrv_init+0x0/0x39 returned 0 after 866 usecs
[    9.331645] calling  pci_proc_init+0x0/0x68 @ 1
[    9.331645] initcall pci_proc_init+0x0/0x68 returned 0 after 108 usecs
[    9.331645] calling  pci_hotplug_init+0x0/0x7 @ 1
[    9.331645] initcall pci_hotplug_init+0x0/0x7 returned 0 after 0 usecs
[    9.331645] calling  efifb_driver_init+0x0/0xe @ 1
[    9.331645] initcall efifb_driver_init+0x0/0xe returned 0 after 363 usecs
[    9.331645] calling  ged_driver_init+0x0/0xe @ 1
[    9.331645] initcall ged_driver_init+0x0/0xe returned 0 after 315 usecs
[    9.331645] calling  acpi_ac_init+0x0/0x92 @ 1
[    9.331645] initcall acpi_ac_init+0x0/0x92 returned 0 after 1125 usecs
[    9.331645] calling  acpi_button_driver_init+0x0/0x52 @ 1
[    9.331645] input: Power Button as /devices/LNXSYSTM:00/LNXPWRBN:00/input/input0
[    9.432309] ACPI: Power Button [PWRF]
[    9.438282] initcall acpi_button_driver_init+0x0/0x52 returned 0 after 19137 usecs
[    9.450022] calling  acpi_fan_driver_init+0x0/0xe @ 1
[    9.458105] initcall acpi_fan_driver_init+0x0/0xe returned 0 after 34 usecs
[    9.469181] calling  acpi_video_init+0x0/0xcb @ 1
[    9.475834] initcall acpi_video_init+0x0/0xcb returned 0 after 174 usecs
[    9.484697] calling  acpi_processor_driver_init+0x0/0xad @ 1
[    9.494447] initcall acpi_processor_driver_init+0x0/0xad returned 0 after 2281 usecs
[    9.505264] calling  acpi_thermal_init+0x0/0x71 @ 1
[    9.512419] initcall acpi_thermal_init+0x0/0x71 returned 0 after 386 usecs
[    9.521705] calling  acpi_battery_init+0x0/0x32 @ 1
[    9.528450] initcall acpi_battery_init+0x0/0x32 returned 0 after 6 usecs
[    9.537977] calling  bgrt_init+0x0/0xb6 @ 1
[    9.544310] initcall bgrt_init+0x0/0xb6 returned -19 after 14 usecs
[    9.554748] calling  gpio_clk_driver_init+0x0/0xe @ 1
[    9.563939] initcall gpio_clk_driver_init+0x0/0xe returned 0 after 171 usecs
[    9.575799] calling  plt_clk_driver_init+0x0/0xe @ 1
[    9.583910] initcall plt_clk_driver_init+0x0/0xe returned 0 after 87 usecs
[    9.592913] calling  virtio_pci_driver_init+0x0/0x15 @ 1
[    9.603278] initcall virtio_pci_driver_init+0x0/0x15 returned 0 after 193 usecs
[    9.613606] calling  n_null_init+0x0/0x1e @ 1
[    9.620011] initcall n_null_init+0x0/0x1e returned 0 after 72 usecs
[    9.628589] calling  pty_init+0x0/0x1e8 @ 1
[    9.635847] initcall pty_init+0x0/0x1e8 returned 0 after 1036 usecs
[    9.645205] calling  sysrq_init+0x0/0x62 @ 1
[    9.651454] initcall sysrq_init+0x0/0x62 returned 0 after 12 usecs
[    9.660727] calling  serial8250_init+0x0/0x17e @ 1
[    9.667876] Serial: 8250/16550 driver, 4 ports, IRQ sharing enabled
[    9.679738] 00:03: ttyS0 at I/O 0x3f8 (irq = 4, base_baud = 115200) is a 16550A
[    9.692694] initcall serial8250_init+0x0/0x17e returned 0 after 24359 usecs
[    9.702765] calling  serial_pci_driver_init+0x0/0x15 @ 1
[    9.710321] initcall serial_pci_driver_init+0x0/0x15 returned 0 after 152 usecs
[    9.720855] calling  exar_pci_driver_init+0x0/0x15 @ 1
[    9.728671] initcall exar_pci_driver_init+0x0/0x15 returned 0 after 158 usecs
[    9.738818] calling  lpss8250_pci_driver_init+0x0/0x15 @ 1
[    9.746737] initcall lpss8250_pci_driver_init+0x0/0x15 returned 0 after 57 usecs
[    9.757699] calling  mid8250_pci_driver_init+0x0/0x15 @ 1
[    9.765413] initcall mid8250_pci_driver_init+0x0/0x15 returned 0 after 35 usecs
[    9.775694] calling  virtio_console_init+0x0/0xff @ 1
[    9.783884] initcall virtio_console_init+0x0/0xff returned 0 after 849 usecs
[    9.793507] calling  hpet_init+0x0/0x64 @ 1
[    9.804237] initcall hpet_init+0x0/0x64 returned 0 after 4506 usecs
[    9.813531] calling  nvram_module_init+0x0/0x83 @ 1
[    9.820248] Non-volatile memory driver v1.3
[    9.826708] initcall nvram_module_init+0x0/0x83 returned 0 after 6567 usecs
[    9.836833] calling  hwrng_modinit+0x0/0x8a @ 1
[    9.843729] initcall hwrng_modinit+0x0/0x8a returned 0 after 148 usecs
[    9.853158] calling  mod_init+0x0/0x48 @ 1
[    9.859314] initcall mod_init+0x0/0x48 returned -19 after 11 usecs
[    9.868629] calling  agp_init+0x0/0x23 @ 1
[    9.874762] Linux agpgart interface v0.103
[    9.880805] initcall agp_init+0x0/0x23 returned 0 after 5901 usecs
[    9.889809] calling  agp_amd64_mod_init+0x0/0x5 @ 1
[    9.897735] initcall agp_amd64_mod_init+0x0/0x5 returned -19 after 621 usecs
[    9.908823] calling  agp_intel_init+0x0/0x28 @ 1
[    9.917487] initcall agp_intel_init+0x0/0x28 returned 0 after 2376 usecs
[    9.926538] calling  drm_kms_helper_init+0x0/0x7 @ 1
[    9.933670] initcall drm_kms_helper_init+0x0/0x7 returned 0 after 205 usecs
[    9.943580] calling  drm_core_init+0x0/0xa4 @ 1
[    9.950452] initcall drm_core_init+0x0/0xa4 returned 0 after 536 usecs
[    9.959892] calling  i915_init+0x0/0x6b @ 1
[    9.971707] initcall i915_init+0x0/0x6b returned 0 after 5168 usecs
[    9.981711] calling  cn_proc_init+0x0/0x35 @ 1
[    9.988088] initcall cn_proc_init+0x0/0x35 returned 0 after 7 usecs
[    9.997222] calling  topology_sysfs_init+0x0/0x27 @ 1
[   10.005059] initcall topology_sysfs_init+0x0/0x27 returned 0 after 379 usecs
[   10.015445] calling  cacheinfo_sysfs_init+0x0/0x27 @ 1
[   10.028250] initcall cacheinfo_sysfs_init+0x0/0x27 returned 0 after 4569 usecs
[   10.037962] calling  loop_init+0x0/0x168 @ 1
[   10.106023] loop: module loaded
[   10.110921] initcall loop_init+0x0/0x168 returned 0 after 64994 usecs
[   10.120258] calling  mac_hid_init+0x0/0x21 @ 1
[   10.127096] initcall mac_hid_init+0x0/0x21 returned 0 after 16 usecs
[   10.136104] calling  spi_transport_init+0x0/0x74 @ 1
[   10.143826] initcall spi_transport_init+0x0/0x74 returned 0 after 987 usecs
[   10.153939] calling  init_sd+0x0/0x18c @ 1
[   10.160308] initcall init_sd+0x0/0x18c returned 0 after 478 usecs
[   10.169375] calling  init_sr+0x0/0x43 @ 1
[   10.175343] initcall init_sr+0x0/0x43 returned 0 after 190 usecs
[   10.183762] calling  init_sg+0x0/0x1c0 @ 1
[   10.190063] initcall init_sg+0x0/0x1c0 returned 0 after 493 usecs
[   10.198798] calling  ahci_pci_driver_init+0x0/0x15 @ 1
[   10.207267] ahci 0000:00:1f.2: version 3.0
[   10.217357] PCI Interrupt Link [GSIA] enabled at IRQ 16
[   10.236977] ahci 0000:00:1f.2: AHCI 0001.0000 32 slots 6 ports 1.5 Gbps 0x3f impl SATA mode
[   10.249425] ahci 0000:00:1f.2: flags: 64bit ncq only 
[   10.287952] scsi host0: ahci
[   10.298044] scsi host1: ahci
[   10.306050] scsi host2: ahci
[   10.312739] scsi host3: ahci
[   10.319320] scsi host4: ahci
[   10.325689] scsi host5: ahci
[   10.330658] ata1: SATA max UDMA/133 abar m4096@0xfebf1000 port 0xfebf1100 irq 24
[   10.341843] ata2: SATA max UDMA/133 abar m4096@0xfebf1000 port 0xfebf1180 irq 24
[   10.352820] ata3: SATA max UDMA/133 abar m4096@0xfebf1000 port 0xfebf1200 irq 24
[   10.363876] ata4: SATA max UDMA/133 abar m4096@0xfebf1000 port 0xfebf1280 irq 24
[   10.374874] ata5: SATA max UDMA/133 abar m4096@0xfebf1000 port 0xfebf1300 irq 24
[   10.385984] ata6: SATA max UDMA/133 abar m4096@0xfebf1000 port 0xfebf1380 irq 24
[   10.396916] initcall ahci_pci_driver_init+0x0/0x15 returned 0 after 186054 usecs
[   10.414881] calling  piix_init+0x0/0x26 @ 1
[   10.423776] initcall piix_init+0x0/0x26 returned 0 after 2253 usecs
[   10.433658] calling  amd_pci_driver_init+0x0/0x15 @ 1
[   10.441354] initcall amd_pci_driver_init+0x0/0x15 returned 0 after 41 usecs
[   10.451980] calling  oldpiix_pci_driver_init+0x0/0x15 @ 1
[   10.460421] initcall oldpiix_pci_driver_init+0x0/0x15 returned 0 after 188 usecs
[   10.471287] calling  sch_pci_driver_init+0x0/0x15 @ 1
[   10.479022] initcall sch_pci_driver_init+0x0/0x15 returned 0 after 40 usecs
[   10.489446] calling  net_olddevs_init+0x0/0x55 @ 1
[   10.497920] initcall net_olddevs_init+0x0/0x55 returned 0 after 1339 usecs
[   10.508747] calling  blackhole_netdev_init+0x0/0x78 @ 1
[   10.519227] initcall blackhole_netdev_init+0x0/0x78 returned 0 after 1651 usecs
[   10.531487] calling  phy_module_init+0x0/0x13 @ 1
[   10.540217] initcall phy_module_init+0x0/0x13 returned 0 after 486 usecs
[   10.549931] calling  tg3_driver_init+0x0/0x15 @ 1
[   10.557131] initcall tg3_driver_init+0x0/0x15 returned 0 after 150 usecs
[   10.567373] calling  e100_init_module+0x0/0x4c @ 1
[   10.574772] e100: Intel(R) PRO/100 Network Driver
[   10.581555] e100: Copyright(c) 1999-2006 Intel Corporation
[   10.589962] initcall e100_init_module+0x0/0x4c returned 0 after 14858 usecs
[   10.600652] calling  e1000_init_module+0x0/0x72 @ 1
[   10.608027] e1000: Intel(R) PRO/1000 Network Driver
[   10.615295] e1000: Copyright (c) 1999-2006 Intel Corporation.
[   10.624018] initcall e1000_init_module+0x0/0x72 returned 0 after 15659 usecs
[   10.634794] calling  e1000_init_module+0x0/0x2d @ 1
[   10.643078] e1000e: Intel(R) PRO/1000 Network Driver
[   10.651141] e1000e: Copyright(c) 1999 - 2015 Intel Corporation.
[   10.660691] initcall e1000_init_module+0x0/0x2d returned 0 after 18103 usecs
[   10.672180] calling  sky2_init_module+0x0/0x21 @ 1
[   10.680394] sky2: driver version 1.30
[   10.687517] initcall sky2_init_module+0x0/0x21 returned 0 after 7831 usecs
[   10.698508] calling  forcedeth_pci_driver_init+0x0/0x15 @ 1
[   10.708156] initcall forcedeth_pci_driver_init+0x0/0x15 returned 0 after 659 usecs
[   10.720906] calling  rtl8139_init_module+0x0/0x15 @ 1
[   10.729709] initcall rtl8139_init_module+0x0/0x15 returned 0 after 846 usecs
[   10.742049] ata4: SATA link down (SStatus 0 SControl 300)
[   10.750075] calling  rtl8169_pci_driver_init+0x0/0x15 @ 1
[   10.761979] ata3: SATA link up 1.5 Gbps (SStatus 113 SControl 300)
[   10.771084] initcall rtl8169_pci_driver_init+0x0/0x15 returned 0 after 12803 usecs
[   10.787529] ata2: SATA link down (SStatus 0 SControl 300)
[   10.797452] ata1: SATA link down (SStatus 0 SControl 300)
[   10.808352] ata5: SATA link down (SStatus 0 SControl 300)
[   10.816566] calling  cdrom_init+0x0/0xc @ 1
[   10.826060] ata6: SATA link down (SStatus 0 SControl 300)
[   10.835127] initcall cdrom_init+0x0/0xc returned 0 after 12009 usecs
[   10.845087] ata3.00: ATAPI: QEMU DVD-ROM, 2.5+, max UDMA/100
[   10.853398] ata3.00: applying bridge limits
[   10.859931] calling  nonstatic_sysfs_init+0x0/0xc @ 1
[   10.868849] ata3.00: configured for UDMA/100
[   10.875477] initcall nonstatic_sysfs_init+0x0/0xc returned 0 after 8007 usecs
[   10.888800] calling  yenta_cardbus_driver_init+0x0/0x15 @ 1
[   10.897089] initcall yenta_cardbus_driver_init+0x0/0x15 returned 0 after 494 usecs
[   10.914831] calling  mon_init+0x0/0x12d @ 1
[   10.922169] initcall mon_init+0x0/0x12d returned 0 after 1595 usecs
[   10.931310] scsi 2:0:0:0: CD-ROM            QEMU     QEMU DVD-ROM     2.5+ PQ: 0 ANSI: 5
[   10.947142] calling  ehci_hcd_init+0x0/0x56 @ 1
[   10.953641] ehci_hcd: USB 2.0 'Enhanced' Host Controller (EHCI) Driver
[   10.962655] initcall ehci_hcd_init+0x0/0x56 returned 0 after 9198 usecs
[   10.972070] calling  ehci_pci_init+0x0/0x64 @ 1
[   10.979833] ehci-pci: EHCI PCI platform driver
[   10.987979] initcall ehci_pci_init+0x0/0x64 returned 0 after 7956 usecs
[   10.998985] calling  ohci_hcd_mod_init+0x0/0x4e @ 1
[   11.001930] sr 2:0:0:0: [sr0] scsi3-mmc drive: 4x/4x cd/rw xa/form2 tray
[   11.006256] ohci_hcd: USB 1.1 'Open' Host Controller (OHCI) Driver
[   11.016531] cdrom: Uniform CD-ROM driver Revision: 3.20
[   11.024775] initcall ohci_hcd_mod_init+0x0/0x4e returned 0 after 18091 usecs
[   11.043091] calling  ohci_pci_init+0x0/0x64 @ 1
[   11.049735] ohci-pci: OHCI PCI platform driver
[   11.056369] initcall ohci_pci_init+0x0/0x64 returned 0 after 6481 usecs
[   11.067154] calling  uhci_hcd_init+0x0/0xa8 @ 1
[   11.075109] uhci_hcd: USB Universal Host Controller Interface driver
[   11.079748] sr 2:0:0:0: Attached scsi CD-ROM sr0
[   11.087667] initcall uhci_hcd_init+0x0/0xa8 returned 0 after 12886 usecs
[   11.093997] sr 2:0:0:0: Attached scsi generic sg0 type 5
[   11.103516] calling  xhci_hcd_init+0x0/0x1e @ 1
[   11.118321] initcall xhci_hcd_init+0x0/0x1e returned 0 after 554 usecs
[   11.128398] calling  xhci_pci_init+0x0/0x49 @ 1
[   11.136385] initcall xhci_pci_init+0x0/0x49 returned 0 after 198 usecs
[   11.146722] calling  usblp_driver_init+0x0/0x15 @ 1
[   11.154953] usbcore: registered new interface driver usblp
[   11.163503] initcall usblp_driver_init+0x0/0x15 returned 0 after 8854 usecs
[   11.174148] calling  usb_storage_driver_init+0x0/0x2a @ 1
[   11.183883] usbcore: registered new interface driver usb-storage
[   11.192797] initcall usb_storage_driver_init+0x0/0x2a returned 0 after 8811 usecs
[   11.203561] calling  i8042_init+0x0/0x4c2 @ 1
[   11.210952] i8042: PNP: PS/2 Controller [PNP0303:KBD,PNP0f13:MOU] at 0x60,0x64 irq 1,12
[   11.236895] serio: i8042 KBD port at 0x60,0x64 irq 1
[   11.244335] serio: i8042 AUX port at 0x60,0x64 irq 12
[   11.252046] initcall i8042_init+0x0/0x4c2 returned 0 after 40703 usecs
[   11.261851] calling  serport_init+0x0/0x2c @ 1
[   11.268433] initcall serport_init+0x0/0x2c returned 0 after 1 usecs
[   11.278111] calling  input_leds_init+0x0/0xc @ 1
[   11.285916] initcall input_leds_init+0x0/0xc returned 0 after 85 usecs
[   11.296492] calling  evdev_init+0x0/0xc @ 1
[   11.303762] initcall evdev_init+0x0/0xc returned 0 after 468 usecs
[   11.312778] calling  atkbd_init+0x0/0x21 @ 1
[   11.324375] input: AT Translated Set 2 keyboard as /devices/platform/i8042/serio0/input/input1
[   11.337263] initcall atkbd_init+0x0/0x21 returned 0 after 17045 usecs
[   11.365786] calling  psmouse_init+0x0/0x7f @ 1
[   11.380957] initcall psmouse_init+0x0/0x7f returned 0 after 7260 usecs
[   11.393027] calling  cmos_init+0x0/0x73 @ 1
[   11.405118] rtc_cmos 00:04: RTC can wake from S4
[   11.431516] rtc_cmos 00:04: registered as rtc0
[   11.440476] rtc_cmos 00:04: alarms up to one day, y3k, 242 bytes nvram, hpet irqs
[   11.453810] initcall cmos_init+0x0/0x73 returned 0 after 51698 usecs
[   11.463869] calling  smbalert_driver_init+0x0/0xe @ 1
[   11.472222] initcall smbalert_driver_init+0x0/0xe returned 0 after 748 usecs
[   11.482757] calling  i2c_i801_init+0x0/0xc5 @ 1
[   11.513400] i801_smbus 0000:00:1f.3: SMBus using PCI interrupt
[   11.525097] i2c i2c-0: 1/1 memory slots populated (from DMI)
[   11.535048] i2c i2c-0: Memory type 0x07 not supported yet, not instantiating SPD
[   11.550147] initcall i2c_i801_init+0x0/0xc5 returned 0 after 58731 usecs
[   11.560218] calling  ptp_kvm_init+0x0/0xf0 @ 1
[   11.567823] initcall ptp_kvm_init+0x0/0xf0 returned 0 after 950 usecs
[   11.577555] calling  dm_init+0x0/0x3c @ 1
[   11.591979] device-mapper: ioctl: 4.43.0-ioctl (2020-10-01) initialised: dm-devel@redhat.com
[   11.604478] initcall dm_init+0x0/0x3c returned 0 after 19742 usecs
[   11.614371] calling  dm_mirror_init+0x0/0x29 @ 1
[   11.621763] initcall dm_mirror_init+0x0/0x29 returned 0 after 55 usecs
[   11.631495] calling  dm_dirty_log_init+0x0/0x4f @ 1
[   11.639063] initcall dm_dirty_log_init+0x0/0x4f returned 0 after 136 usecs
[   11.649493] calling  dm_zero_init+0x0/0x29 @ 1
[   11.657000] initcall dm_zero_init+0x0/0x29 returned 0 after 106 usecs
[   11.668451] calling  intel_pstate_init+0x0/0x510 @ 1
[   11.676407] intel_pstate: CPU model not supported
[   11.684466] initcall intel_pstate_init+0x0/0x510 returned -19 after 8124 usecs
[   11.695802] calling  haltpoll_init+0x0/0xc0 @ 1
[   11.704718] initcall haltpoll_init+0x0/0xc0 returned -19 after 285 usecs
[   11.716842] calling  efivars_sysfs_init+0x0/0x30 @ 1
[   11.724924] initcall efivars_sysfs_init+0x0/0x30 returned 0 after 177 usecs
[   11.735477] calling  esrt_sysfs_init+0x0/0x2a2 @ 1
[   11.743056] initcall esrt_sysfs_init+0x0/0x2a2 returned -38 after 91 usecs
[   11.752766] calling  hid_init+0x0/0x5c @ 1
[   11.759936] hid: raw HID events driver (C) Jiri Kosina
[   11.773273] initcall hid_init+0x0/0x5c returned 0 after 13577 usecs
[   11.782703] calling  hid_generic_init+0x0/0x15 @ 1
[   11.792542] initcall hid_generic_init+0x0/0x15 returned 0 after 384 usecs
[   11.803160] calling  a4_driver_init+0x0/0x15 @ 1
[   11.810475] initcall a4_driver_init+0x0/0x15 returned 0 after 115 usecs
[   11.820784] calling  apple_driver_init+0x0/0x15 @ 1
[   11.829213] initcall apple_driver_init+0x0/0x15 returned 0 after 253 usecs
[   11.839937] calling  belkin_driver_init+0x0/0x15 @ 1
[   11.849409] initcall belkin_driver_init+0x0/0x15 returned 0 after 50 usecs
[   11.860173] calling  ch_driver_init+0x0/0x15 @ 1
[   11.867770] initcall ch_driver_init+0x0/0x15 returned 0 after 46 usecs
[   11.878196] calling  ch_driver_init+0x0/0x15 @ 1
[   11.885782] initcall ch_driver_init+0x0/0x15 returned 0 after 52 usecs
[   11.896830] calling  cp_driver_init+0x0/0x15 @ 1
[   11.905372] initcall cp_driver_init+0x0/0x15 returned 0 after 134 usecs
[   11.915905] calling  ez_driver_init+0x0/0x15 @ 1
[   11.923187] initcall ez_driver_init+0x0/0x15 returned 0 after 85 usecs
[   11.934186] calling  gyration_driver_init+0x0/0x15 @ 1
[   11.942078] initcall gyration_driver_init+0x0/0x15 returned 0 after 75 usecs
[   11.952514] calling  ite_driver_init+0x0/0x15 @ 1
[   11.960276] initcall ite_driver_init+0x0/0x15 returned 0 after 151 usecs
[   11.969501] calling  ks_driver_init+0x0/0x15 @ 1
[   11.976116] initcall ks_driver_init+0x0/0x15 returned 0 after 53 usecs
[   11.986995] calling  lg_driver_init+0x0/0x15 @ 1
[   11.994822] initcall lg_driver_init+0x0/0x15 returned 0 after 200 usecs
[   12.005155] calling  lg_g15_driver_init+0x0/0x15 @ 1
[   12.012992] initcall lg_g15_driver_init+0x0/0x15 returned 0 after 39 usecs
[   12.023312] calling  ms_driver_init+0x0/0x15 @ 1
[   12.030411] initcall ms_driver_init+0x0/0x15 returned 0 after 38 usecs
[   12.039807] calling  mr_driver_init+0x0/0x15 @ 1
[   12.046142] initcall mr_driver_init+0x0/0x15 returned 0 after 41 usecs
[   12.054568] calling  ntrig_driver_init+0x0/0x15 @ 1
[   12.061413] initcall ntrig_driver_init+0x0/0x15 returned 0 after 175 usecs
[   12.070935] calling  pl_driver_init+0x0/0x15 @ 1
[   12.077763] initcall pl_driver_init+0x0/0x15 returned 0 after 233 usecs
[   12.087265] calling  pl_driver_init+0x0/0x15 @ 1
[   12.093807] initcall pl_driver_init+0x0/0x15 returned 0 after 30 usecs
[   12.102897] calling  redragon_driver_init+0x0/0x15 @ 1
[   12.110617] initcall redragon_driver_init+0x0/0x15 returned 0 after 41 usecs
[   12.120056] calling  samsung_driver_init+0x0/0x15 @ 1
[   12.127524] initcall samsung_driver_init+0x0/0x15 returned 0 after 35 usecs
[   12.137980] calling  sony_init+0x0/0x38 @ 1
[   12.144455] initcall sony_init+0x0/0x38 returned 0 after 357 usecs
[   12.153413] calling  sp_driver_init+0x0/0x15 @ 1
[   12.160332] initcall sp_driver_init+0x0/0x15 returned 0 after 213 usecs
[   12.169467] calling  ts_driver_init+0x0/0x15 @ 1
[   12.176030] initcall ts_driver_init+0x0/0x15 returned 0 after 225 usecs
[   12.184939] calling  hid_init+0x0/0x58 @ 1
[   12.193630] usbcore: registered new interface driver usbhid
[   12.201519] usbhid: USB HID core driver
[   12.206494] initcall hid_init+0x0/0x58 returned 0 after 15554 usecs
[   12.214514] calling  eeepc_laptop_init+0x0/0x57 @ 1
[   12.221812] initcall eeepc_laptop_init+0x0/0x57 returned -19 after 645 usecs
[   12.232015] calling  pmc_atom_init+0x0/0x27a @ 1
[   12.238511] initcall pmc_atom_init+0x0/0x27a returned -19 after 6 usecs
[   12.247616] calling  alsa_hwdep_init+0x0/0x5e @ 1
[   12.253950] initcall alsa_hwdep_init+0x0/0x5e returned 0 after 177 usecs
[   12.263801] calling  alsa_timer_init+0x0/0x1f0 @ 1
[   12.271852] initcall alsa_timer_init+0x0/0x1f0 returned 0 after 704 usecs
[   12.282287] calling  snd_hrtimer_init+0x0/0x117 @ 1
[   12.289577] initcall snd_hrtimer_init+0x0/0x117 returned 0 after 8 usecs
[   12.299136] calling  alsa_pcm_init+0x0/0x64 @ 1
[   12.305035] initcall alsa_pcm_init+0x0/0x64 returned 0 after 8 usecs
[   12.313882] calling  alsa_seq_init+0x0/0x4a @ 1
[   12.321248] initcall alsa_seq_init+0x0/0x4a returned 0 after 865 usecs
[   12.330296] calling  alsa_seq_dummy_init+0x0/0x9c @ 1
[   12.337235] initcall alsa_seq_dummy_init+0x0/0x9c returned 0 after 31 usecs
[   12.347322] calling  azx_driver_init+0x0/0x15 @ 1
[   12.354896] initcall azx_driver_init+0x0/0x15 returned 0 after 868 usecs
[   12.364306] calling  sock_diag_init+0x0/0x2a @ 1
[   12.373807] initcall sock_diag_init+0x0/0x2a returned 0 after 2244 usecs
[   12.383909] calling  blackhole_init+0x0/0xc @ 1
[   12.390871] initcall blackhole_init+0x0/0xc returned 0 after 125 usecs
[   12.400303] calling  nfnetlink_init+0x0/0x57 @ 1
[   12.407945] initcall nfnetlink_init+0x0/0x57 returned 0 after 1355 usecs
[   12.417299] calling  nfnetlink_log_init+0x0/0x99 @ 1
[   12.427672] initcall nfnetlink_log_init+0x0/0x99 returned 0 after 4185 usecs
[   12.438029] calling  nf_conntrack_standalone_init+0x0/0x87 @ 1
[   12.460617] initcall nf_conntrack_standalone_init+0x0/0x87 returned 0 after 14515 usecs
[   12.471622] calling  ctnetlink_init+0x0/0x83 @ 1
[   12.478291] initcall ctnetlink_init+0x0/0x83 returned 0 after 417 usecs
[   12.487864] calling  nf_conntrack_ftp_init+0x0/0x12c @ 1
[   12.498004] initcall nf_conntrack_ftp_init+0x0/0x12c returned 0 after 2681 usecs
[   12.508213] calling  nf_conntrack_irc_init+0x0/0x129 @ 1
[   12.516520] initcall nf_conntrack_irc_init+0x0/0x129 returned 0 after 687 usecs
[   12.526812] calling  nf_conntrack_sip_init+0x0/0x172 @ 1
[   12.535448] input: ImExPS/2 Generic Explorer Mouse as /devices/platform/i8042/serio1/input/input3
[   12.547489] initcall nf_conntrack_sip_init+0x0/0x172 returned 0 after 12905 usecs
[   12.558080] calling  nf_nat_init+0x0/0xd2 @ 1
[   12.565213] initcall nf_nat_init+0x0/0xd2 returned 0 after 1028 usecs
[   12.573875] calling  nf_nat_ftp_init+0x0/0x2a @ 1
[   12.580696] initcall nf_nat_ftp_init+0x0/0x2a returned 0 after 1 usecs
[   12.589043] calling  nf_nat_irc_init+0x0/0x2a @ 1
[   12.595641] initcall nf_nat_irc_init+0x0/0x2a returned 0 after 8 usecs
[   12.604787] calling  nf_nat_sip_init+0x0/0x36 @ 1
[   12.611345] initcall nf_nat_sip_init+0x0/0x36 returned 0 after 9 usecs
[   12.620405] calling  xt_init+0x0/0xf8 @ 1
[   12.625933] initcall xt_init+0x0/0xf8 returned 0 after 29 usecs
[   12.634101] calling  tcpudp_mt_init+0x0/0x11 @ 1
[   12.640984] initcall tcpudp_mt_init+0x0/0x11 returned 0 after 111 usecs
[   12.649844] calling  connsecmark_tg_init+0x0/0xc @ 1
[   12.656736] initcall connsecmark_tg_init+0x0/0xc returned 0 after 1 usecs
[   12.666803] calling  nflog_tg_init+0x0/0xc @ 1
[   12.673436] initcall nflog_tg_init+0x0/0xc returned 0 after 1 usecs
[   12.683401] calling  secmark_tg_init+0x0/0x11 @ 1
[   12.691066] initcall secmark_tg_init+0x0/0x11 returned 0 after 2 usecs
[   12.700925] calling  tcpmss_tg_init+0x0/0x11 @ 1
[   12.708309] initcall tcpmss_tg_init+0x0/0x11 returned 0 after 1 usecs
[   12.717954] calling  conntrack_mt_init+0x0/0x11 @ 1
[   12.725075] initcall conntrack_mt_init+0x0/0x11 returned 0 after 1 usecs
[   12.734291] calling  policy_mt_init+0x0/0x11 @ 1
[   12.740679] initcall policy_mt_init+0x0/0x11 returned 0 after 2 usecs
[   12.749660] calling  state_mt_init+0x0/0xc @ 1
[   12.756207] initcall state_mt_init+0x0/0xc returned 0 after 1 usecs
[   12.765160] calling  gre_offload_init+0x0/0x48 @ 1
[   12.772394] initcall gre_offload_init+0x0/0x48 returned 0 after 327 usecs
[   12.782409] calling  sysctl_ipv4_init+0x0/0x46 @ 1
[   12.790322] initcall sysctl_ipv4_init+0x0/0x46 returned 0 after 951 usecs
[   12.800741] calling  tunnel4_init+0x0/0x58 @ 1
[   12.807263] initcall tunnel4_init+0x0/0x58 returned 0 after 100 usecs
[   12.816819] calling  nf_defrag_init+0x0/0xc @ 1
[   12.823695] initcall nf_defrag_init+0x0/0xc returned 0 after 53 usecs
