c[?7l[2J[0mSeaBIOS (version 1.16.0-debian-1.16.0-4)
Booting from ROM...
early console in setup code
c[?7l[2J[    0.000000] Linux version 5.10.153+ (root@joelboxx.c.googlers.com) (gcc (Debian 12.2.0-3) 12.2.0, GNU ld (GNU Binutils for Debian) 2.39) #17 Tue Dec 13 07:31:28 UTC 2022
[    0.000000] Command line: selinux=0 initcall_debug debug console=ttyS0 rcutorture.n_barrier_cbs=4 rcutorture.stat_interval=15 rcutorture.shutdown_secs=1800 rcutorture.test_no_idle_hz=1 rcutorture.verbose=1
[    0.000000] x86/fpu: x87 FPU will use FXSAVE
[    0.000000] BIOS-provided physical RAM map:
[    0.000000] BIOS-e820: [mem 0x0000000000000000-0x000000000009fbff] usable
[    0.000000] BIOS-e820: [mem 0x000000000009fc00-0x000000000009ffff] reserved
[    0.000000] BIOS-e820: [mem 0x00000000000f0000-0x00000000000fffff] reserved
[    0.000000] BIOS-e820: [mem 0x0000000000100000-0x000000001ffdefff] usable
[    0.000000] BIOS-e820: [mem 0x000000001ffdf000-0x000000001fffffff] reserved
[    0.000000] BIOS-e820: [mem 0x00000000b0000000-0x00000000bfffffff] reserved
[    0.000000] BIOS-e820: [mem 0x00000000fed1c000-0x00000000fed1ffff] reserved
[    0.000000] BIOS-e820: [mem 0x00000000feffc000-0x00000000feffffff] reserved
[    0.000000] BIOS-e820: [mem 0x00000000fffc0000-0x00000000ffffffff] reserved
[    0.000000] NX (Execute Disable) protection: active
[    0.000000] SMBIOS 2.8 present.
[    0.000000] DMI: QEMU Standard PC (Q35 + ICH9, 2009), BIOS 1.16.0-debian-1.16.0-4 04/01/2014
[    0.000000] Hypervisor detected: KVM
[    0.000000] kvm-clock: Using msrs 4b564d01 and 4b564d00
[    0.000000] kvm-clock: cpu 0, msr f03f001, primary cpu clock
[    0.000001] kvm-clock: using sched offset of 2112860886 cycles
[    0.000473] clocksource: kvm-clock: mask: 0xffffffffffffffff max_cycles: 0x1cd42e4dffb, max_idle_ns: 881590591483 ns
[    0.001213] tsc: Detected 1999.999 MHz processor
[    0.016376] e820: update [mem 0x00000000-0x00000fff] usable ==> reserved
[    0.016380] e820: remove [mem 0x000a0000-0x000fffff] usable
[    0.016387] last_pfn = 0x1ffdf max_arch_pfn = 0x400000000
[    0.017952] MTRR default type: write-back
[    0.018038] MTRR fixed ranges enabled:
[    0.018040]   00000-9FFFF write-back
[    0.018041]   A0000-BFFFF uncachable
[    0.018042]   C0000-FFFFF write-protect
[    0.018043] MTRR variable ranges enabled:
[    0.018045]   0 base 00C0000000 mask FFC0000000 uncachable
[    0.018046]   1 disabled
[    0.018046]   2 disabled
[    0.018047]   3 disabled
[    0.018048]   4 disabled
[    0.018048]   5 disabled
[    0.018049]   6 disabled
[    0.018049]   7 disabled
[    0.018692] x86/PAT: Configuration [0-7]: WB  WC  UC- UC  WB  WC  UC- UC  
[    0.029187] found SMP MP-table at [mem 0x000f5ba0-0x000f5baf]
[    0.034495] check: Scanning 1 areas for low memory corruption
[    0.056017] ACPI: Early table checksum verification disabled
[    0.060142] ACPI: RSDP 0x00000000000F59E0 000014 (v00 BOCHS )
[    0.060664] ACPI: RSDT 0x000000001FFE229A 000038 (v01 BOCHS  BXPC     00000001 BXPC 00000001)
[    0.061171] ACPI: FACP 0x000000001FFE2092 0000F4 (v03 BOCHS  BXPC     00000001 BXPC 00000001)
[    0.061414] ACPI: DSDT 0x000000001FFE0040 002052 (v01 BOCHS  BXPC     00000001 BXPC 00000001)
[    0.061419] ACPI: FACS 0x000000001FFE0000 000040
[    0.061423] ACPI: APIC 0x000000001FFE2186 000078 (v01 BOCHS  BXPC     00000001 BXPC 00000001)
[    0.061427] ACPI: HPET 0x000000001FFE21FE 000038 (v01 BOCHS  BXPC     00000001 BXPC 00000001)
[    0.061431] ACPI: MCFG 0x000000001FFE2236 00003C (v01 BOCHS  BXPC     00000001 BXPC 00000001)
[    0.061434] ACPI: WAET 0x000000001FFE2272 000028 (v01 BOCHS  BXPC     00000001 BXPC 00000001)
[    0.061438] ACPI: Reserving FACP table memory at [mem 0x1ffe2092-0x1ffe2185]
[    0.061440] ACPI: Reserving DSDT table memory at [mem 0x1ffe0040-0x1ffe2091]
[    0.061441] ACPI: Reserving FACS table memory at [mem 0x1ffe0000-0x1ffe003f]
[    0.061442] ACPI: Reserving APIC table memory at [mem 0x1ffe2186-0x1ffe21fd]
[    0.061443] ACPI: Reserving HPET table memory at [mem 0x1ffe21fe-0x1ffe2235]
[    0.061444] ACPI: Reserving MCFG table memory at [mem 0x1ffe2236-0x1ffe2271]
[    0.061445] ACPI: Reserving WAET table memory at [mem 0x1ffe2272-0x1ffe2299]
[    0.063144] ACPI: Local APIC address 0xfee00000
[    0.067136] Zone ranges:
[    0.067367]   DMA      [mem 0x0000000000001000-0x0000000000ffffff]
[    0.067586]   DMA32    [mem 0x0000000001000000-0x000000001ffdefff]
[    0.067676]   Normal   empty
[    0.067677] Movable zone start for each node
[    0.067678] Early memory node ranges
[    0.067679]   node   0: [mem 0x0000000000001000-0x000000000009efff]
[    0.067747]   node   0: [mem 0x0000000000100000-0x000000001ffdefff]
[    0.067831] Initmem setup node 0 [mem 0x0000000000001000-0x000000001ffdefff]
[    0.067833] On node 0 totalpages: 130941
[    0.068052]   DMA zone: 64 pages used for memmap
[    0.068053]   DMA zone: 21 pages reserved
[    0.068176]   DMA zone: 3998 pages, LIFO batch:0
[    0.068177]   DMA32 zone: 1984 pages used for memmap
[    0.068178]   DMA32 zone: 126943 pages, LIFO batch:31
[    0.069392] On node 0, zone DMA: 1 pages in unavailable ranges
[    0.075605] On node 0, zone DMA: 97 pages in unavailable ranges
[    0.253672] On node 0, zone DMA32: 33 pages in unavailable ranges
[    0.257489] ACPI: PM-Timer IO Port: 0x608
[    0.257494] ACPI: Local APIC address 0xfee00000
[    0.258006] ACPI: LAPIC_NMI (acpi_id[0xff] dfl dfl lint[0x1])
[    0.259578] IOAPIC[0]: apic_id 0, version 17, address 0xfec00000, GSI 0-23
[    0.259663] ACPI: INT_SRC_OVR (bus 0 bus_irq 0 global_irq 2 dfl dfl)
[    0.259758] ACPI: INT_SRC_OVR (bus 0 bus_irq 5 global_irq 5 high level)
[    0.259759] ACPI: INT_SRC_OVR (bus 0 bus_irq 9 global_irq 9 high level)
[    0.259921] ACPI: INT_SRC_OVR (bus 0 bus_irq 10 global_irq 10 high level)
[    0.259922] ACPI: INT_SRC_OVR (bus 0 bus_irq 11 global_irq 11 high level)
[    0.259923] ACPI: IRQ0 used by override.
[    0.259925] ACPI: IRQ5 used by override.
[    0.259925] ACPI: IRQ9 used by override.
[    0.259926] ACPI: IRQ10 used by override.
[    0.259927] ACPI: IRQ11 used by override.
[    0.259930] Using ACPI (MADT) for SMP configuration information
[    0.259932] ACPI: HPET id: 0x8086a201 base: 0xfed00000
[    0.261137] kvm-guest: stealtime: cpu 0, msr e84c780
[    0.262358] PM: hibernation: Registered nosave memory: [mem 0x00000000-0x00000fff]
[    0.262360] PM: hibernation: Registered nosave memory: [mem 0x0009f000-0x0009ffff]
[    0.262361] PM: hibernation: Registered nosave memory: [mem 0x000a0000-0x000effff]
[    0.262362] PM: hibernation: Registered nosave memory: [mem 0x000f0000-0x000fffff]
[    0.262444] [mem 0x20000000-0xafffffff] available for PCI devices
[    0.262524] Booting paravirtualized kernel on KVM
[    0.263485] clocksource: refined-jiffies: mask: 0xffffffff max_cycles: 0xffffffff, max_idle_ns: 1910969940391419 ns
[    0.311028] pcpu-alloc: s0 r0 d32768 u32768 alloc=1*32768
[    0.311142] pcpu-alloc: [0] 0 
[    0.312545] Built 1 zonelists, mobility grouping on.  Total pages: 128872
[    0.312887] Kernel command line: selinux=0 initcall_debug debug console=ttyS0 rcutorture.n_barrier_cbs=4 rcutorture.stat_interval=15 rcutorture.shutdown_secs=1800 rcutorture.test_no_idle_hz=1 rcutorture.verbose=1
[    0.335279] Dentry cache hash table entries: 65536 (order: 7, 524288 bytes, linear)
[    0.340891] Inode-cache hash table entries: 32768 (order: 6, 262144 bytes, linear)
[    0.342308] mem auto-init: stack:all(zero), heap alloc:off, heap free:off
[    0.354167] Memory: 481560K/523764K available (14349K kernel code, 2609K rwdata, 4608K rodata, 1252K init, 1892K bss, 41944K reserved, 0K cma-reserved)
[    0.355512] SLUB: HWalign=64, Order=0-3, MinObjects=0, CPUs=1, Nodes=1
[    0.356534] Kernel/User page tables isolation: enabled
[    0.403216] NR_IRQS: 4352, nr_irqs: 256, preallocated irqs: 16
[    0.411482] calling  con_init+0x0/0x22a @ 0
[    0.612263] Console: colour VGA+ 80x25
[    0.612280] initcall con_init+0x0/0x22a returned 0 after 0 usecs
[    0.612282] calling  hvc_console_init+0x0/0x13 @ 0
[    0.612342] initcall hvc_console_init+0x0/0x13 returned 0 after 0 usecs
[    0.612344] calling  univ8250_console_init+0x0/0x26 @ 0
[    1.422376] printk: console [ttyS0] enabled
[    1.428941] initcall univ8250_console_init+0x0/0x26 returned 0 after 0 usecs
[    1.438493] ACPI: Core revision 20200925
[    1.450718] clocksource: hpet: mask: 0xffffffff max_cycles: 0xffffffff, max_idle_ns: 19112604467 ns
[    1.465677] APIC: Switch to symmetric I/O mode setup
[    1.497613] ..TIMER: vector=0x30 apic1=0 pin1=2 apic2=-1 pin2=-1
[    1.506837] clocksource: tsc-early: mask: 0xffffffffffffffff max_cycles: 0x39a85afc727, max_idle_ns: 881590685098 ns
[    1.522454] Calibrating delay loop (skipped) preset value.. 3999.99 BogoMIPS (lpj=1999999)
[    1.524168] pid_max: default: 32768 minimum: 301
[    1.526104] LSM: Security Framework initializing
[    1.528582] Mount-cache hash table entries: 1024 (order: 1, 8192 bytes, linear)
[    1.530124] Mountpoint-cache hash table entries: 1024 (order: 1, 8192 bytes, linear)
[    1.541867] Last level iTLB entries: 4KB 0, 2MB 0, 4MB 0
[    1.542096] Last level dTLB entries: 4KB 0, 2MB 0, 4MB 0, 1GB 0
[    1.543137] CPU: Intel Common KVM processor (family: 0xf, model: 0x6, stepping: 0x1)
[    1.544119] Spectre V1 : Mitigation: usercopy/swapgs barriers and __user pointer sanitization
[    1.545098] Spectre V2 : Mitigation: Retpolines
[    1.546095] Spectre V2 : Spectre v2 / SpectreRSB mitigation: Filling RSB on context switch
[    1.547095] Spectre V2 : Spectre v2 / SpectreRSB : Filling RSB on VMEXIT
[    1.548096] Speculative Store Bypass: Vulnerable
[    1.549217] MDS: Vulnerable: Clear CPU buffers attempted, no microcode
[    1.550095] MMIO Stale Data: Unknown: No mitigations
[    1.617851] calling  init_hw_perf_events+0x0/0x6ce @ 1
[    1.618099] Performance Events: unsupported Netburst CPU model 6 no PMU driver, software events only.
[    1.619103] initcall init_hw_perf_events+0x0/0x6ce returned 0 after 976 usecs
[    1.620102] calling  init_real_mode+0x0/0x1e9 @ 1
[    1.622132] initcall init_real_mode+0x0/0x1e9 returned 0 after 976 usecs
[    1.623114] calling  trace_init_perf_perm_irq_work_exit+0x0/0x12 @ 1
[    1.625112] initcall trace_init_perf_perm_irq_work_exit+0x0/0x12 returned 0 after 0 usecs
[    1.626100] calling  validate_x2apic+0x0/0x4a @ 1
[    1.627124] initcall validate_x2apic+0x0/0x4a returned 0 after 0 usecs
[    1.628101] calling  register_nmi_cpu_backtrace_handler+0x0/0x15 @ 1
[    1.629101] initcall register_nmi_cpu_backtrace_handler+0x0/0x15 returned 0 after 0 usecs
[    1.630113] calling  kvm_setup_vsyscall_timeinfo+0x0/0x34 @ 1
[    1.631115] initcall kvm_setup_vsyscall_timeinfo+0x0/0x34 returned 0 after 0 usecs
[    1.632100] calling  spawn_ksoftirqd+0x0/0x34 @ 1
[    1.633311] initcall spawn_ksoftirqd+0x0/0x34 returned 0 after 0 usecs
[    1.634114] calling  trace_init_flags_sys_enter+0x0/0xe @ 1
[    1.635100] initcall trace_init_flags_sys_enter+0x0/0xe returned 0 after 0 usecs
[    1.636098] calling  trace_init_flags_sys_exit+0x0/0xe @ 1
[    1.637098] initcall trace_init_flags_sys_exit+0x0/0xe returned 0 after 0 usecs
[    1.638099] calling  init_kprobes+0x0/0x14d @ 1
[    1.639686] initcall init_kprobes+0x0/0x14d returned 0 after 0 usecs
[    1.640113] calling  init_events+0x0/0x3d @ 1
[    1.642121] initcall init_events+0x0/0x3d returned 0 after 976 usecs
[    1.643099] calling  init_trace_printk+0x0/0xc @ 1
[    1.644099] initcall init_trace_printk+0x0/0xc returned 0 after 0 usecs
[    1.645098] calling  event_trace_enable_again+0x0/0x23 @ 1
[    1.646110] initcall event_trace_enable_again+0x0/0x23 returned 0 after 0 usecs
[    1.647098] calling  static_call_init+0x0/0x6d @ 1
[    1.648098] initcall static_call_init+0x0/0x6d returned 0 after 0 usecs
[    1.649099] calling  jump_label_init_module+0x0/0xc @ 1
[    1.650100] initcall jump_label_init_module+0x0/0xc returned 0 after 0 usecs
[    1.651118] calling  init_zero_pfn+0x0/0x37 @ 1
[    1.652099] initcall init_zero_pfn+0x0/0x37 returned 0 after 0 usecs
[    1.653099] calling  initialize_ptr_random+0x0/0x54 @ 1
[    1.654100] initcall initialize_ptr_random+0x0/0x54 returned 0 after 0 usecs
[    1.655119] calling  efi_memreserve_root_init+0x0/0x25 @ 1
[    1.656140] initcall efi_memreserve_root_init+0x0/0x25 returned 0 after 0 usecs
[    1.657099] calling  efi_earlycon_remap_fb+0x0/0x51 @ 1
[    1.658099] initcall efi_earlycon_remap_fb+0x0/0x51 returned 0 after 0 usecs
[    1.769428] devtmpfs: initialized
[    1.771751] calling  ipc_ns_init+0x0/0x3d @ 1
[    1.772144] initcall ipc_ns_init+0x0/0x3d returned 0 after 0 usecs
[    1.773098] calling  init_mmap_min_addr+0x0/0x21 @ 1
[    1.775097] initcall init_mmap_min_addr+0x0/0x21 returned 0 after 0 usecs
[    1.776098] calling  pci_realloc_setup_params+0x0/0x3f @ 1
[    1.777098] initcall pci_realloc_setup_params+0x0/0x3f returned 0 after 0 usecs
[    1.778099] calling  net_ns_init+0x0/0x11c @ 1
[    1.780145] initcall net_ns_init+0x0/0x11c returned 0 after 976 usecs
[    1.781121] calling  e820__register_nvs_regions+0x0/0x37 @ 1
[    1.782101] initcall e820__register_nvs_regions+0x0/0x37 returned 0 after 0 usecs
[    1.783100] calling  cpufreq_register_tsc_scaling+0x0/0x2e @ 1
[    1.784098] initcall cpufreq_register_tsc_scaling+0x0/0x2e returned 0 after 0 usecs
[    1.785097] calling  reboot_init+0x0/0x3c @ 1
[    1.786145] initcall reboot_init+0x0/0x3c returned 0 after 0 usecs
[    1.787096] calling  init_lapic_sysfs+0x0/0x20 @ 1
[    1.788096] initcall init_lapic_sysfs+0x0/0x20 returned 0 after 0 usecs
[    1.789097] calling  wq_sysfs_init+0x0/0x2a @ 1
[    1.790166] initcall wq_sysfs_init+0x0/0x2a returned 0 after 0 usecs
[    1.791097] calling  ksysfs_init+0x0/0x92 @ 1
[    1.792101] initcall ksysfs_init+0x0/0x92 returned 0 after 0 usecs
[    1.793096] calling  pm_init+0x0/0x76 @ 1
[    1.794138] initcall pm_init+0x0/0x76 returned 0 after 0 usecs
[    1.795109] calling  pm_disk_init+0x0/0x13 @ 1
[    1.796111] initcall pm_disk_init+0x0/0x13 returned 0 after 0 usecs
[    1.797096] calling  swsusp_header_init+0x0/0x2b @ 1
[    1.798097] initcall swsusp_header_init+0x0/0x2b returned 0 after 0 usecs
[    1.799096] calling  rcu_set_runtime_mode+0x0/0x11 @ 1
[    1.800096] initcall rcu_set_runtime_mode+0x0/0x11 returned 0 after 0 usecs
[    1.801096] calling  init_jiffies_clocksource+0x0/0x13 @ 1
[    1.802111] clocksource: jiffies: mask: 0xffffffff max_cycles: 0xffffffff, max_idle_ns: 1911260446275000 ns
[    1.803100] initcall init_jiffies_clocksource+0x0/0x13 returned 0 after 976 usecs
[    1.804100] calling  futex_init+0x0/0xd5 @ 1
[    1.805099] futex hash table entries: 256 (order: 0, 6144 bytes, linear)
[    1.807185] initcall futex_init+0x0/0xd5 returned 0 after 1953 usecs
[    1.808098] calling  cgroup_wq_init+0x0/0x28 @ 1
[    1.809103] initcall cgroup_wq_init+0x0/0x28 returned 0 after 0 usecs
[    1.810098] calling  cgroup1_wq_init+0x0/0x28 @ 1
[    1.811101] initcall cgroup1_wq_init+0x0/0x28 returned 0 after 0 usecs
[    1.812096] calling  init_kprobe_trace_early+0x0/0x2a @ 1
[    1.813113] initcall init_kprobe_trace_early+0x0/0x2a returned 0 after 0 usecs
[    1.814101] calling  fsnotify_init+0x0/0x48 @ 1
[    1.815110] initcall fsnotify_init+0x0/0x48 returned 0 after 0 usecs
[    1.816099] calling  filelock_init+0x0/0x60 @ 1
[    1.817148] initcall filelock_init+0x0/0x60 returned 0 after 0 usecs
[    1.818102] calling  init_misc_binfmt+0x0/0x2c @ 1
[    1.820100] initcall init_misc_binfmt+0x0/0x2c returned 0 after 976 usecs
[    1.821098] calling  init_script_binfmt+0x0/0x15 @ 1
[    1.822098] initcall init_script_binfmt+0x0/0x15 returned 0 after 0 usecs
[    1.823109] calling  init_elf_binfmt+0x0/0x15 @ 1
[    1.824098] initcall init_elf_binfmt+0x0/0x15 returned 0 after 0 usecs
[    1.825097] calling  init_compat_elf_binfmt+0x0/0x15 @ 1
[    1.826102] initcall init_compat_elf_binfmt+0x0/0x15 returned 0 after 0 usecs
[    1.827113] calling  debugfs_init+0x0/0x5c @ 1
[    1.828117] initcall debugfs_init+0x0/0x5c returned 0 after 0 usecs
[    1.829098] calling  tracefs_init+0x0/0x3a @ 1
[    1.830119] initcall tracefs_init+0x0/0x3a returned 0 after 0 usecs
[    1.831098] calling  prandom_init_early+0x0/0x111 @ 1
[    1.832098] initcall prandom_init_early+0x0/0x111 returned 0 after 0 usecs
[    1.833152] calling  virtio_init+0x0/0x20 @ 1
[    1.834143] initcall virtio_init+0x0/0x20 returned 0 after 0 usecs
[    1.835098] calling  iommu_init+0x0/0x2a @ 1
[    1.836114] initcall iommu_init+0x0/0x2a returned 0 after 0 usecs
[    1.838098] calling  component_debug_init+0x0/0x1c @ 1
[    1.839164] initcall component_debug_init+0x0/0x1c returned 0 after 0 usecs
[    1.840097] calling  early_resume_init+0x0/0xb9 @ 1
[    1.842095] PM: RTC time: 07:34:32, date: 2022-12-13
[    1.843125] initcall early_resume_init+0x0/0xb9 returned 0 after 1953 usecs
[    1.845099] calling  cpufreq_core_init+0x0/0x62 @ 1
[    1.846196] initcall cpufreq_core_init+0x0/0x62 returned 0 after 0 usecs
[    1.847101] calling  cpufreq_gov_performance_init+0x0/0xc @ 1
[    1.848102] initcall cpufreq_gov_performance_init+0x0/0xc returned 0 after 0 usecs
[    1.849103] calling  cpufreq_gov_userspace_init+0x0/0xc @ 1
[    1.850104] initcall cpufreq_gov_userspace_init+0x0/0xc returned 0 after 0 usecs
[    1.851102] calling  CPU_FREQ_GOV_ONDEMAND_init+0x0/0xc @ 1
[    1.852101] initcall CPU_FREQ_GOV_ONDEMAND_init+0x0/0xc returned 0 after 0 usecs
[    1.853099] calling  cpuidle_init+0x0/0x1f @ 1
[    1.854171] initcall cpuidle_init+0x0/0x1f returned 0 after 0 usecs
[    1.855097] calling  capsule_reboot_register+0x0/0xc @ 1
[    1.856117] initcall capsule_reboot_register+0x0/0xc returned 0 after 0 usecs
[    1.857098] calling  sock_init+0x0/0x93 @ 1
[    1.858399] initcall sock_init+0x0/0x93 returned 0 after 0 usecs
[    1.859110] calling  net_inuse_init+0x0/0x23 @ 1
[    1.860103] initcall net_inuse_init+0x0/0x23 returned 0 after 0 usecs
[    1.861098] calling  net_defaults_init+0x0/0x23 @ 1
[    1.862098] initcall net_defaults_init+0x0/0x23 returned 0 after 0 usecs
[    1.863097] calling  init_default_flow_dissectors+0x0/0x4f @ 1
[    1.864099] initcall init_default_flow_dissectors+0x0/0x4f returned 0 after 0 usecs
[    1.865097] calling  netpoll_init+0x0/0x25 @ 1
[    1.866099] initcall netpoll_init+0x0/0x25 returned 0 after 0 usecs
[    1.867101] calling  netlink_proto_init+0x0/0x14f @ 1
[    1.869216] NET: Registered protocol family 16
[    1.870121] initcall netlink_proto_init+0x0/0x14f returned 0 after 1953 usecs
[    1.871104] calling  genl_init+0x0/0x35 @ 1
[    1.872115] initcall genl_init+0x0/0x35 returned 0 after 0 usecs
[    1.873127] calling  bsp_pm_check_init+0x0/0x13 @ 1
[    1.874100] initcall bsp_pm_check_init+0x0/0x13 returned 0 after 0 usecs
[    1.875121] calling  irq_sysfs_init+0x0/0xb7 @ 1
[    1.876332] initcall irq_sysfs_init+0x0/0xb7 returned 0 after 0 usecs
[    1.877100] calling  audit_init+0x0/0x15d @ 1
[    1.878128] audit: initializing netlink subsys (disabled)
[    1.880246] initcall audit_init+0x0/0x15d returned 0 after 1953 usecs
[    1.881101] calling  release_early_probes+0x0/0x32 @ 1
[    1.882101] initcall release_early_probes+0x0/0x32 returned 0 after 0 usecs
[    1.883098] calling  bdi_class_init+0x0/0x48 @ 1
[    1.884195] initcall bdi_class_init+0x0/0x48 returned 0 after 0 usecs
[    1.885097] calling  mm_sysfs_init+0x0/0x28 @ 1
[    1.886117] initcall mm_sysfs_init+0x0/0x28 returned 0 after 0 usecs
[    1.887101] calling  init_per_zone_wmark_min+0x0/0x5e @ 1
[    1.888101] initcall init_per_zone_wmark_min+0x0/0x5e returned 0 after 0 usecs
[    1.889099] calling  mpi_init+0x0/0x3e @ 1
[    1.890119] initcall mpi_init+0x0/0x3e returned 0 after 0 usecs
[    1.891100] calling  kobject_uevent_init+0x0/0xc @ 1
[    1.892157] initcall kobject_uevent_init+0x0/0xc returned 0 after 0 usecs
[    1.893098] calling  pcibus_class_init+0x0/0x13 @ 1
[    1.894120] initcall pcibus_class_init+0x0/0x13 returned 0 after 0 usecs
[    1.895114] calling  pci_driver_init+0x0/0x21 @ 1
[    1.896153] initcall pci_driver_init+0x0/0x21 returned 0 after 0 usecs
[    1.897099] calling  backlight_class_init+0x0/0xa8 @ 1
[    1.898119] initcall backlight_class_init+0x0/0xa8 returned 0 after 0 usecs
[    1.899099] calling  tty_class_init+0x0/0x33 @ 1
[    1.900107] initcall tty_class_init+0x0/0x33 returned 0 after 0 usecs
[    1.901099] calling  vtconsole_class_init+0x0/0xb5 @ 1
[    1.902278] initcall vtconsole_class_init+0x0/0xb5 returned 0 after 0 usecs
[    1.903100] calling  iommu_dev_init+0x0/0x13 @ 1
[    1.904157] initcall iommu_dev_init+0x0/0x13 returned 0 after 0 usecs
[    1.905100] calling  mipi_dsi_bus_init+0x0/0xc @ 1
[    1.906174] initcall mipi_dsi_bus_init+0x0/0xc returned 0 after 0 usecs
[    1.907099] calling  devlink_class_init+0x0/0x40 @ 1
[    1.908137] initcall devlink_class_init+0x0/0x40 returned 0 after 0 usecs
[    1.910097] calling  software_node_init+0x0/0x2a @ 1
[    1.911102] initcall software_node_init+0x0/0x2a returned 0 after 0 usecs
[    1.912099] calling  wakeup_sources_debugfs_init+0x0/0x23 @ 1
[    1.913138] initcall wakeup_sources_debugfs_init+0x0/0x23 returned 0 after 0 usecs
[    1.914098] calling  wakeup_sources_sysfs_init+0x0/0x2c @ 1
[    1.915107] initcall wakeup_sources_sysfs_init+0x0/0x2c returned 0 after 0 usecs
[    1.916098] calling  regmap_initcall+0x0/0xc @ 1
[    1.917140] initcall regmap_initcall+0x0/0xc returned 0 after 0 usecs
[    1.918097] calling  i2c_init+0x0/0xb3 @ 1
[    1.919186] initcall i2c_init+0x0/0xb3 returned 0 after 0 usecs
[    1.920097] calling  thermal_init+0x0/0xf2 @ 1
[    1.921125] thermal_sys: Registered thermal governor 'step_wise'
[    1.921126] thermal_sys: Registered thermal governor 'user_space'
[    1.922107] initcall thermal_init+0x0/0xf2 returned 0 after 976 usecs
[    1.924099] calling  init_menu+0x0/0xc @ 1
[    1.925096] cpuidle: using governor menu
[    1.926099] initcall init_menu+0x0/0xc returned 0 after 976 usecs
[    1.927100] calling  pcc_init+0x0/0x4d @ 1
[    1.928104] initcall pcc_init+0x0/0x4d returned -19 after 0 usecs
[    1.929101] calling  amd_postcore_init+0x0/0x11e @ 1
[    1.930100] initcall amd_postcore_init+0x0/0x11e returned 0 after 0 usecs
[    1.931138] calling  bts_init+0x0/0xba @ 1
[    1.932112] initcall bts_init+0x0/0xba returned -19 after 0 usecs
[    1.933100] calling  pt_init+0x0/0x2ef @ 1
[    1.934100] initcall pt_init+0x0/0x2ef returned -19 after 0 usecs
[    1.935100] calling  boot_params_ksysfs_init+0x0/0x2ee @ 1
[    1.937133] initcall boot_params_ksysfs_init+0x0/0x2ee returned 0 after 976 usecs
[    1.938099] calling  sbf_init+0x0/0xb9 @ 1
[    1.939098] initcall sbf_init+0x0/0xb9 returned 0 after 0 usecs
[    1.940099] calling  arch_kdebugfs_init+0x0/0x219 @ 1
[    1.941270] initcall arch_kdebugfs_init+0x0/0x219 returned 0 after 0 usecs
[    1.942098] calling  intel_pconfig_init+0x0/0x85 @ 1
[    1.943114] initcall intel_pconfig_init+0x0/0x85 returned 0 after 0 usecs
[    1.944097] calling  mtrr_if_init+0x0/0x5d @ 1
[    1.945101] initcall mtrr_if_init+0x0/0x5d returned 0 after 0 usecs
[    1.946097] calling  activate_jump_labels+0x0/0x31 @ 1
[    1.947097] initcall activate_jump_labels+0x0/0x31 returned 0 after 0 usecs
[    1.949097] calling  ffh_cstate_init+0x0/0x29 @ 1
[    1.950101] initcall ffh_cstate_init+0x0/0x29 returned 0 after 0 usecs
[    1.951098] calling  activate_jump_labels+0x0/0x31 @ 1
[    1.952116] initcall activate_jump_labels+0x0/0x31 returned 0 after 0 usecs
[    1.953098] calling  kvm_alloc_cpumask+0x0/0x2b @ 1
[    1.954133] initcall kvm_alloc_cpumask+0x0/0x2b returned 0 after 0 usecs
[    1.955101] calling  kcmp_cookies_init+0x0/0x37 @ 1
[    1.956107] initcall kcmp_cookies_init+0x0/0x37 returned 0 after 0 usecs
[    1.957101] calling  cryptomgr_init+0x0/0xc @ 1
[    1.958117] initcall cryptomgr_init+0x0/0xc returned 0 after 0 usecs
[    1.959099] calling  acpi_pci_init+0x0/0x57 @ 1
[    1.960096] ACPI: bus type PCI registered
[    1.961098] initcall acpi_pci_init+0x0/0x57 returned 0 after 976 usecs
[    1.962098] calling  dma_channel_table_init+0x0/0xce @ 1
[    1.963104] initcall dma_channel_table_init+0x0/0xce returned 0 after 0 usecs
[    1.964098] calling  dma_bus_init+0x0/0xdc @ 1
[    1.965197] initcall dma_bus_init+0x0/0xdc returned 0 after 0 usecs
[    1.966187] calling  iommu_dma_init+0x0/0x10 @ 1
[    1.967117] initcall iommu_dma_init+0x0/0x10 returned 0 after 0 usecs
[    1.968108] calling  dmi_id_init+0x0/0x37c @ 1
[    1.969262] initcall dmi_id_init+0x0/0x37c returned 0 after 0 usecs
[    1.970097] calling  pci_arch_init+0x0/0x71 @ 1
[    1.972132] PCI: MMCONFIG for domain 0000 [bus 00-ff] at [mem 0xb0000000-0xbfffffff] (base 0xb0000000)
[    1.973100] PCI: MMCONFIG at [mem 0xb0000000-0xbfffffff] reserved in E820
[    1.974147] PCI: Using configuration type 1 for base access
[    1.975163] initcall pci_arch_init+0x0/0x71 returned 0 after 3906 usecs
[    1.976121] calling  init_vdso+0x0/0x13 @ 1
[    1.977142] initcall init_vdso+0x0/0x13 returned 0 after 0 usecs
[    1.978099] calling  sysenter_setup+0x0/0x13 @ 1
[    1.979135] initcall sysenter_setup+0x0/0x13 returned 0 after 0 usecs
[    1.980097] calling  fixup_ht_bug+0x0/0x7f @ 1
[    1.981097] initcall fixup_ht_bug+0x0/0x7f returned 0 after 0 usecs
[    1.982098] calling  topology_init+0x0/0x15 @ 1
[    1.983191] initcall topology_init+0x0/0x15 returned 0 after 0 usecs
[    1.984098] calling  intel_epb_init+0x0/0x68 @ 1
[    1.985097] initcall intel_epb_init+0x0/0x68 returned -19 after 0 usecs
[    1.986097] calling  mtrr_init_finialize+0x0/0x3e @ 1
[    1.987102] initcall mtrr_init_finialize+0x0/0x3e returned 0 after 0 usecs
[    1.988097] calling  uid_cache_init+0x0/0x6f @ 1
[    1.989124] initcall uid_cache_init+0x0/0x6f returned 0 after 0 usecs
[    1.990098] calling  param_sysfs_init+0x0/0x1ba @ 1
[    1.994421] initcall param_sysfs_init+0x0/0x1ba returned 0 after 2929 usecs
[    1.995119] calling  user_namespace_sysctl_init+0x0/0x33 @ 1
[    1.996200] initcall user_namespace_sysctl_init+0x0/0x33 returned 0 after 0 usecs
[    1.997101] calling  proc_schedstat_init+0x0/0x24 @ 1
[    1.998112] initcall proc_schedstat_init+0x0/0x24 returned 0 after 0 usecs
[    1.999101] calling  pm_sysrq_init+0x0/0x18 @ 1
[    2.000119] initcall pm_sysrq_init+0x0/0x18 returned 0 after 0 usecs
[    2.001171] calling  create_proc_profile+0x0/0x50 @ 1
[    2.002104] initcall create_proc_profile+0x0/0x50 returned 0 after 0 usecs
[    2.003101] calling  time_ns_init+0x0/0x7 @ 1
[    2.004099] initcall time_ns_init+0x0/0x7 returned 0 after 0 usecs
[    2.005101] calling  crash_save_vmcoreinfo_init+0x0/0x756 @ 1
[    2.006198] initcall crash_save_vmcoreinfo_init+0x0/0x756 returned 0 after 0 usecs
[    2.007100] calling  crash_notes_memory_init+0x0/0x35 @ 1
[    2.008102] initcall crash_notes_memory_init+0x0/0x35 returned 0 after 0 usecs
[    2.009097] calling  cgroup_sysfs_init+0x0/0x13 @ 1
[    2.011158] initcall cgroup_sysfs_init+0x0/0x13 returned 0 after 0 usecs
[    2.012099] calling  cgroup_namespaces_init+0x0/0x7 @ 1
[    2.013098] initcall cgroup_namespaces_init+0x0/0x7 returned 0 after 0 usecs
[    2.014099] calling  init_optprobes+0x0/0x13 @ 1
[    2.015096] Kprobes globally optimized
[    2.016127] initcall init_optprobes+0x0/0x13 returned 0 after 976 usecs
[    2.017097] calling  oom_init+0x0/0x2f @ 1
[    2.018488] audit: type=2000 audit(1670916871.184:1): state=initialized audit_enabled=0 res=1
[    2.019120] initcall oom_init+0x0/0x2f returned 0 after 976 usecs
[    2.020097] calling  default_bdi_init+0x0/0x35 @ 1
[    2.021218] initcall default_bdi_init+0x0/0x35 returned 0 after 0 usecs
[    2.022098] calling  percpu_enable_async+0x0/0xe @ 1
[    2.023097] initcall percpu_enable_async+0x0/0xe returned 0 after 0 usecs
[    2.024113] calling  kcompactd_init+0x0/0x46 @ 1
[    2.026925] initcall kcompactd_init+0x0/0x46 returned 0 after 0 usecs
[    2.027195] calling  init_user_reserve+0x0/0x30 @ 1
[    2.028103] initcall init_user_reserve+0x0/0x30 returned 0 after 0 usecs
[    2.029100] calling  init_admin_reserve+0x0/0x30 @ 1
[    2.030100] initcall init_admin_reserve+0x0/0x30 returned 0 after 0 usecs
[    2.031100] calling  init_reserve_notifier+0x0/0x7 @ 1
[    2.032100] initcall init_reserve_notifier+0x0/0x7 returned 0 after 0 usecs
[    2.033100] calling  swap_init_sysfs+0x0/0x62 @ 1
[    2.034171] initcall swap_init_sysfs+0x0/0x62 returned 0 after 0 usecs
[    2.035099] calling  swapfile_init+0x0/0x46 @ 1
[    2.036101] initcall swapfile_init+0x0/0x46 returned 0 after 0 usecs
[    2.037099] calling  hugetlb_init+0x0/0x411 @ 1
[    2.038099] HugeTLB registered 2.00 MiB page size, pre-allocated 0 pages
[    2.039156] initcall hugetlb_init+0x0/0x411 returned 0 after 976 usecs
[    2.040100] calling  io_wq_init+0x0/0x34 @ 1
[    2.041133] initcall io_wq_init+0x0/0x34 returned 0 after 0 usecs
[    2.042100] calling  seqiv_module_init+0x0/0xc @ 1
[    2.043099] initcall seqiv_module_init+0x0/0xc returned 0 after 0 usecs
[    2.044141] calling  echainiv_module_init+0x0/0xc @ 1
[    2.045098] initcall echainiv_module_init+0x0/0xc returned 0 after 0 usecs
[    2.046180] calling  rsa_init+0x0/0x50 @ 1
[    2.047195] cryptomgr_test (17) used greatest stack depth: 15544 bytes left
[    2.048112] initcall rsa_init+0x0/0x50 returned 0 after 976 usecs
[    2.049098] calling  crypto_cmac_module_init+0x0/0xc @ 1
[    2.050100] initcall crypto_cmac_module_init+0x0/0xc returned 0 after 0 usecs
[    2.051100] calling  hmac_module_init+0x0/0xc @ 1
[    2.055063] initcall hmac_module_init+0x0/0xc returned 0 after 0 usecs
[    2.056206] calling  crypto_null_mod_init+0x0/0x65 @ 1
[    2.060690] initcall crypto_null_mod_init+0x0/0x65 returned 0 after 2929 usecs
[    2.061099] calling  md5_mod_init+0x0/0xc @ 1
[    2.062151] initcall md5_mod_init+0x0/0xc returned 0 after 0 usecs
[    2.063100] calling  sha256_generic_mod_init+0x0/0x11 @ 1
[    2.064149] initcall sha256_generic_mod_init+0x0/0x11 returned 0 after 0 usecs
[    2.065099] calling  crypto_cbc_module_init+0x0/0xc @ 1
[    2.066099] initcall crypto_cbc_module_init+0x0/0xc returned 0 after 0 usecs
[    2.067098] calling  crypto_ctr_module_init+0x0/0x11 @ 1
[    2.068099] initcall crypto_ctr_module_init+0x0/0x11 returned 0 after 0 usecs
[    2.069099] calling  crypto_gcm_module_init+0x0/0x64 @ 1
[    2.070274] initcall crypto_gcm_module_init+0x0/0x64 returned 0 after 0 usecs
[    2.071098] calling  crypto_ccm_module_init+0x0/0x11 @ 1
[    2.072099] initcall crypto_ccm_module_init+0x0/0x11 returned 0 after 0 usecs
[    2.073099] calling  aes_init+0x0/0xc @ 1
[    2.074156] initcall aes_init+0x0/0xc returned 0 after 0 usecs
[    2.075097] calling  crc32c_mod_init+0x0/0xc @ 1
[    2.076134] initcall crc32c_mod_init+0x0/0xc returned 0 after 0 usecs
[    2.077098] calling  crypto_authenc_module_init+0x0/0xc @ 1
[    2.078100] initcall crypto_authenc_module_init+0x0/0xc returned 0 after 0 usecs
[    2.079098] calling  crypto_authenc_esn_module_init+0x0/0xc @ 1
[    2.080099] initcall crypto_authenc_esn_module_init+0x0/0xc returned 0 after 0 usecs
[    2.081098] calling  drbg_init+0x0/0x7c @ 1
[    2.083217] initcall drbg_init+0x0/0x7c returned 0 after 976 usecs
[    2.084098] calling  ghash_mod_init+0x0/0xc @ 1
[    2.085141] initcall ghash_mod_init+0x0/0xc returned 0 after 0 usecs
[    2.086098] calling  init_bio+0x0/0x9a @ 1
[    2.088250] initcall init_bio+0x0/0x9a returned 0 after 976 usecs
[    2.089099] calling  blk_settings_init+0x0/0x29 @ 1
[    2.090098] initcall blk_settings_init+0x0/0x29 returned 0 after 0 usecs
[    2.091097] calling  blk_ioc_init+0x0/0x29 @ 1
[    2.092118] initcall blk_ioc_init+0x0/0x29 returned 0 after 0 usecs
[    2.093097] calling  blk_mq_init+0x0/0x96 @ 1
[    2.094172] initcall blk_mq_init+0x0/0x96 returned 0 after 0 usecs
[    2.095101] calling  genhd_device_init+0x0/0x75 @ 1
[    2.097819] initcall genhd_device_init+0x0/0x75 returned 0 after 976 usecs
[    2.098479] calling  pci_slot_init+0x0/0x40 @ 1
[    2.099348] initcall pci_slot_init+0x0/0x40 returned 0 after 0 usecs
[    2.100124] calling  fbmem_init+0x0/0xd8 @ 1
[    2.103661] initcall fbmem_init+0x0/0xd8 returned 0 after 1953 usecs
[    2.104099] calling  acpi_init+0x0/0x316 @ 1
[    2.105418] ACPI: Added _OSI(Module Device)
[    2.106096] ACPI: Added _OSI(Processor Device)
[    2.107096] ACPI: Added _OSI(3.0 _SCP Extensions)
[    2.109095] ACPI: Added _OSI(Processor Aggregator Device)
[    2.110097] ACPI: Added _OSI(Linux-Dell-Video)
[    2.111096] ACPI: Added _OSI(Linux-Lenovo-NV-HDMI-Audio)
[    2.112098] ACPI: Added _OSI(Linux-HPI-Hybrid-Graphics)
[    2.116890] ACPI: 1 ACPI AML tables successfully acquired and loaded
[    2.123325] ACPI: Interpreter enabled
[    2.125277] ACPI: (supports S0 S3 S4 S5)
[    2.126189] ACPI: Using IOAPIC for interrupt routing
[    2.127360] PCI: Using host bridge windows from ACPI; if necessary, use "pci=nocrs" and report a bug
[    2.129510] ACPI: Enabled 2 GPEs in block 00 to 3F
[    2.136329] ACPI: PCI Root Bridge [PCI0] (domain 0000 [bus 00-ff])
[    2.138323] acpi PNP0A08:00: _OSC: OS supports [ExtendedConfig ASPM ClockPM Segments MSI HPX-Type3]
[    2.139238] acpi PNP0A08:00: _OSC: platform does not support [LTR]
[    2.140164] acpi PNP0A08:00: _OSC: OS now controls [PME PCIeCapability]
[    2.141394] PCI host bridge to bus 0000:00
[    2.142116] pci_bus 0000:00: root bus resource [io  0x0000-0x0cf7 window]
[    2.143098] pci_bus 0000:00: root bus resource [io  0x0d00-0xffff window]
[    2.144098] pci_bus 0000:00: root bus resource [mem 0x000a0000-0x000bffff window]
[    2.145097] pci_bus 0000:00: root bus resource [mem 0x20000000-0xafffffff window]
[    2.146097] pci_bus 0000:00: root bus resource [mem 0xc0000000-0xfebfffff window]
[    2.147097] pci_bus 0000:00: root bus resource [mem 0x100000000-0x8ffffffff window]
[    2.148098] pci_bus 0000:00: root bus resource [bus 00-ff]
[    2.150596] pci 0000:00:00.0: calling  quirk_mmio_always_on+0x0/0x10 @ 1
[    2.152100] pci 0000:00:00.0: quirk_mmio_always_on+0x0/0x10 took 0 usecs
[    2.153099] pci 0000:00:00.0: [8086:29c0] type 00 class 0x060000
[    2.158361] pci 0000:00:00.0: calling  quirk_igfx_skip_te_disable+0x0/0x80 @ 1
[    2.159134] pci 0000:00:00.0: quirk_igfx_skip_te_disable+0x0/0x80 took 0 usecs
[    2.161934] pci 0000:00:01.0: [1234:1111] type 00 class 0x030000
[    2.167937] pci 0000:00:01.0: reg 0x10: [mem 0xfd000000-0xfdffffff pref]
[    2.178092] pci 0000:00:01.0: reg 0x18: [mem 0xfebf0000-0xfebf0fff]
[    2.194966] pci 0000:00:01.0: reg 0x30: [mem 0xfebe0000-0xfebeffff pref]
[    2.199742] pci 0000:00:01.0: calling  efifb_fixup_resources+0x0/0xf0 @ 1
[    2.200138] pci 0000:00:01.0: efifb_fixup_resources+0x0/0xf0 took 0 usecs
[    2.209501] pci 0000:00:1f.0: [8086:2918] type 00 class 0x060100
[    2.217190] pci 0000:00:1f.0: calling  quirk_ich7_lpc+0x0/0x60 @ 1
[    2.219118] pci 0000:00:1f.0: quirk: [io  0x0600-0x067f] claimed by ICH6 ACPI/GPIO/TCO
[    2.220514] pci 0000:00:1f.0: quirk_ich7_lpc+0x0/0x60 took 1953 usecs
[    2.221217] pci 0000:00:1f.0: calling  quirk_igfx_skip_te_disable+0x0/0x80 @ 1
[    2.222294] pci 0000:00:1f.0: quirk_igfx_skip_te_disable+0x0/0x80 took 0 usecs
[    2.225626] pci 0000:00:1f.2: [8086:2922] type 00 class 0x010601
[    2.236156] pci 0000:00:1f.2: reg 0x20: [io  0xc040-0xc05f]
[    2.238763] pci 0000:00:1f.2: reg 0x24: [mem 0xfebf1000-0xfebf1fff]
[    2.241235] pci 0000:00:1f.2: calling  quirk_igfx_skip_te_disable+0x0/0x80 @ 1
[    2.242106] pci 0000:00:1f.2: quirk_igfx_skip_te_disable+0x0/0x80 took 0 usecs
[    2.248307] pci 0000:00:1f.3: [8086:2930] type 00 class 0x0c0500
[    2.256099] pci 0000:00:1f.3: reg 0x20: [io  0x0700-0x073f]
[    2.259821] pci 0000:00:1f.3: calling  quirk_igfx_skip_te_disable+0x0/0x80 @ 1
[    2.260102] pci 0000:00:1f.3: quirk_igfx_skip_te_disable+0x0/0x80 took 0 usecs
[    2.262621] pci_bus 0000:00: on NUMA node 0
[    2.265819] ACPI: PCI Interrupt Link [LNKA] (IRQs 5 *10 11)
[    2.266498] ACPI: PCI Interrupt Link [LNKB] (IRQs 5 *10 11)
[    2.268210] ACPI: PCI Interrupt Link [LNKC] (IRQs 5 10 *11)
[    2.270405] ACPI: PCI Interrupt Link [LNKD] (IRQs 5 10 *11)
[    2.271544] ACPI: PCI Interrupt Link [LNKE] (IRQs 5 *10 11)
[    2.272495] ACPI: PCI Interrupt Link [LNKF] (IRQs 5 *10 11)
[    2.274098] ACPI: PCI Interrupt Link [LNKG] (IRQs 5 10 *11)
[    2.276110] ACPI: PCI Interrupt Link [LNKH] (IRQs 5 10 *11)
[    2.278104] ACPI: PCI Interrupt Link [GSIA] (IRQs *16)
[    2.279132] ACPI: PCI Interrupt Link [GSIB] (IRQs *17)
[    2.280106] ACPI: PCI Interrupt Link [GSIC] (IRQs *18)
[    2.281140] ACPI: PCI Interrupt Link [GSID] (IRQs *19)
[    2.282105] ACPI: PCI Interrupt Link [GSIE] (IRQs *20)
[    2.283121] ACPI: PCI Interrupt Link [GSIF] (IRQs *21)
[    2.284107] ACPI: PCI Interrupt Link [GSIG] (IRQs *22)
[    2.285106] ACPI: PCI Interrupt Link [GSIH] (IRQs *23)
[    2.289380] initcall acpi_init+0x0/0x316 returned 0 after 179687 usecs
[    2.290228] calling  pnp_init+0x0/0xc @ 1
[    2.291142] initcall pnp_init+0x0/0xc returned 0 after 0 usecs
[    2.292098] calling  misc_init+0x0/0xbf @ 1
[    2.293448] initcall misc_init+0x0/0xbf returned 0 after 0 usecs
[    2.294104] calling  iommu_subsys_init+0x0/0x4e @ 1
[    2.295253] iommu: Default domain type: Translated 
[    2.296103] initcall iommu_subsys_init+0x0/0x4e returned 0 after 976 usecs
[    2.297104] calling  vga_arb_device_init+0x0/0x26c @ 1
[    2.300085] pci 0000:00:01.0: vgaarb: setting as boot VGA device
[    2.300092] pci 0000:00:01.0: vgaarb: VGA device added: decodes=io+mem,owns=io+mem,locks=none
[    2.300102] pci 0000:00:01.0: vgaarb: bridge control possible
[    2.302096] vgaarb: loaded
[    2.303104] initcall vga_arb_device_init+0x0/0x26c returned 0 after 4882 usecs
[    2.304237] calling  cn_init+0x0/0xf0 @ 1
[    2.306234] initcall cn_init+0x0/0xf0 returned 0 after 976 usecs
[    2.307101] calling  dma_buf_init+0x0/0xad @ 1
[    2.309267] initcall dma_buf_init+0x0/0xad returned 0 after 976 usecs
[    2.310101] calling  init_scsi+0x0/0x79 @ 1
[    2.315261] SCSI subsystem initialized
[    2.316116] initcall init_scsi+0x0/0x79 returned 0 after 4882 usecs
[    2.317116] calling  ata_init+0x0/0x332 @ 1
[    2.321364] libata version 3.00 loaded.
[    2.322102] initcall ata_init+0x0/0x332 returned 0 after 3906 usecs
[    2.323100] calling  phy_init+0x0/0x250 @ 1
[    2.325180] initcall phy_init+0x0/0x250 returned 0 after 976 usecs
[    2.326100] calling  init_pcmcia_cs+0x0/0x35 @ 1
[    2.328105] initcall init_pcmcia_cs+0x0/0x35 returned 0 after 976 usecs
[    2.329099] calling  usb_common_init+0x0/0x1c @ 1
[    2.330165] initcall usb_common_init+0x0/0x1c returned 0 after 0 usecs
[    2.331099] calling  usb_init+0x0/0x12e @ 1
[    2.332274] ACPI: bus type USB registered
[    2.333492] usbcore: registered new interface driver usbfs
[    2.334157] usbcore: registered new interface driver hub
[    2.335151] usbcore: registered new device driver usb
[    2.336101] initcall usb_init+0x0/0x12e returned 0 after 3906 usecs
[    2.337100] calling  serio_init+0x0/0x29 @ 1
[    2.338146] initcall serio_init+0x0/0x29 returned 0 after 0 usecs
[    2.339099] calling  input_init+0x0/0xf6 @ 1
[    2.340569] initcall input_init+0x0/0xf6 returned 0 after 0 usecs
[    2.341211] calling  rtc_init+0x0/0x4d @ 1
[    2.342124] initcall rtc_init+0x0/0x4d returned 0 after 0 usecs
[    2.343099] calling  pps_init+0x0/0xa9 @ 1
[    2.344239] pps_core: LinuxPPS API ver. 1 registered
[    2.345096] pps_core: Software ver. 5.3.6 - Copyright 2005-2007 Rodolfo Giometti <giometti@linux.it>
[    2.346100] initcall pps_init+0x0/0xa9 returned 0 after 1953 usecs
[    2.347100] calling  ptp_init+0x0/0x98 @ 1
[    2.348110] PTP clock support registered
[    2.349099] initcall ptp_init+0x0/0x98 returned 0 after 976 usecs
[    2.350099] calling  power_supply_class_init+0x0/0x3f @ 1
[    2.352234] initcall power_supply_class_init+0x0/0x3f returned 0 after 976 usecs
[    2.353099] calling  hwmon_init+0x0/0x104 @ 1
[    2.355172] initcall hwmon_init+0x0/0x104 returned 0 after 976 usecs
[    2.356101] calling  md_init+0x0/0x16b @ 1
[    2.358881] initcall md_init+0x0/0x16b returned 0 after 0 usecs
[    2.359100] calling  leds_init+0x0/0x3b @ 1
[    2.360177] initcall leds_init+0x0/0x3b returned 0 after 0 usecs
[    2.361098] calling  dmi_init+0x0/0x113 @ 1
[    2.362333] initcall dmi_init+0x0/0x113 returned 0 after 0 usecs
[    2.364098] calling  efisubsys_init+0x0/0x4e6 @ 1
[    2.365119] initcall efisubsys_init+0x0/0x4e6 returned 0 after 0 usecs
[    2.366098] calling  nvmem_init+0x0/0xc @ 1
[    2.367187] initcall nvmem_init+0x0/0xc returned 0 after 0 usecs
[    2.368098] calling  init_soundcore+0x0/0x33 @ 1
[    2.369123] initcall init_soundcore+0x0/0x33 returned 0 after 0 usecs
[    2.370098] calling  alsa_sound_init+0x0/0x8f @ 1
[    2.372208] Advanced Linux Sound Architecture Driver Initialized.
[    2.373099] initcall alsa_sound_init+0x0/0x8f returned 0 after 976 usecs
[    2.374117] calling  alsa_seq_device_init+0x0/0x71 @ 1
[    2.376101] initcall alsa_seq_device_init+0x0/0x71 returned 0 after 976 usecs
[    2.377099] calling  hda_bus_init+0x0/0xc @ 1
[    2.378148] initcall hda_bus_init+0x0/0xc returned 0 after 0 usecs
[    2.379098] calling  proto_init+0x0/0xc @ 1
[    2.380182] initcall proto_init+0x0/0xc returned 0 after 0 usecs
[    2.381100] calling  net_dev_init+0x0/0x1cc @ 1
[    2.384242] initcall net_dev_init+0x0/0x1cc returned 0 after 1953 usecs
[    2.385100] calling  neigh_init+0x0/0x84 @ 1
[    2.386102] initcall neigh_init+0x0/0x84 returned 0 after 0 usecs
[    2.387107] calling  fib_notifier_init+0x0/0xc @ 1
[    2.388131] initcall fib_notifier_init+0x0/0xc returned 0 after 0 usecs
[    2.389100] calling  fib_rules_init+0x0/0xab @ 1
[    2.390153] initcall fib_rules_init+0x0/0xab returned 0 after 0 usecs
[    2.391099] calling  pktsched_init+0x0/0x10e @ 1
[    2.392226] initcall pktsched_init+0x0/0x10e returned 0 after 0 usecs
[    2.393115] calling  tc_filter_init+0x0/0xfa @ 1
[    2.394141] initcall tc_filter_init+0x0/0xfa returned 0 after 0 usecs
[    2.395100] calling  tc_action_init+0x0/0x54 @ 1
[    2.396101] initcall tc_action_init+0x0/0x54 returned 0 after 0 usecs
[    2.397099] calling  ethnl_init+0x0/0x52 @ 1
[    2.398190] initcall ethnl_init+0x0/0x52 returned 0 after 0 usecs
[    2.399099] calling  nexthop_init+0x0/0xd8 @ 1
[    2.400251] initcall nexthop_init+0x0/0xd8 returned 0 after 0 usecs
[    2.401098] calling  cipso_v4_init+0x0/0x5a @ 1
[    2.403238] initcall cipso_v4_init+0x0/0x5a returned 0 after 976 usecs
[    2.404101] calling  ieee80211_init+0x0/0x24 @ 1
[    2.405272] initcall ieee80211_init+0x0/0x24 returned 0 after 0 usecs
[    2.406099] calling  netlbl_init+0x0/0x78 @ 1
[    2.407119] NetLabel: Initializing
[    2.408095] NetLabel:  domain hash size = 128
[    2.409094] NetLabel:  protocols = UNLABELED CIPSOv4 CALIPSO
[    2.411123] NetLabel:  unlabeled traffic allowed by default
[    2.412101] initcall netlbl_init+0x0/0x78 returned 0 after 4882 usecs
[    2.413102] calling  rfkill_init+0x0/0x111 @ 1
[    2.414394] initcall rfkill_init+0x0/0x111 returned 0 after 0 usecs
[    2.415099] calling  pci_subsys_init+0x0/0x66 @ 1
[    2.416270] PCI: Using ACPI for IRQ routing
[    3.220590] PCI: pci_cache_line_size set to 64 bytes
[    3.222725] e820: reserve RAM buffer [mem 0x0009fc00-0x0009ffff]
[    3.223195] e820: reserve RAM buffer [mem 0x1ffdf000-0x1fffffff]
[    3.224357] initcall pci_subsys_init+0x0/0x66 returned 0 after 789062 usecs
[    3.229366] calling  nmi_warning_debugfs+0x0/0x26 @ 1
[    3.231174] initcall nmi_warning_debugfs+0x0/0x26 returned 0 after 976 usecs
[    3.232101] calling  save_microcode_in_initrd+0x0/0x51 @ 1
[    3.234146] initcall save_microcode_in_initrd+0x0/0x51 returned 0 after 976 usecs
[    3.235143] calling  hpet_late_init+0x0/0x1f6 @ 1
[    3.238874] hpet: 3 channels of 0 reserved for per-cpu timers
[    3.240428] hpet0: at MMIO 0xfed00000, IRQs 2, 8, 0
[    3.241101] hpet0: 3 comparators, 64-bit 100.000000 MHz counter
[    3.245104] initcall hpet_late_init+0x0/0x1f6 returned 0 after 8789 usecs
[    3.246105] calling  init_amd_nbs+0x0/0x11c @ 1
[    3.247111] initcall init_amd_nbs+0x0/0x11c returned 0 after 0 usecs
[    3.248106] calling  clocksource_done_booting+0x0/0x41 @ 1
[    3.249322] clocksource: Switched to clocksource kvm-clock
[    3.256620] initcall clocksource_done_booting+0x0/0x41 returned 0 after 7345 usecs
[    3.266348] calling  tracer_init_tracefs+0x0/0x1fb @ 1
[    3.684498] initcall tracer_init_tracefs+0x0/0x1fb returned 0 after 399916 usecs
[    3.702098] calling  init_trace_printk_function_export+0x0/0x2c @ 1
[    3.711229] initcall init_trace_printk_function_export+0x0/0x2c returned 0 after 901 usecs
[    3.721886] calling  init_kprobe_trace+0x0/0x1a9 @ 1
[    3.729623] initcall init_kprobe_trace+0x0/0x1a9 returned 0 after 886 usecs
[    3.738807] calling  init_dynamic_event+0x0/0x3d @ 1
[    3.752104] initcall init_dynamic_event+0x0/0x3d returned 0 after 4081 usecs
[    3.760813] calling  init_uprobe_trace+0x0/0x5c @ 1
[    3.767804] initcall init_uprobe_trace+0x0/0x5c returned 0 after 762 usecs
[    3.776760] calling  init_pipe_fs+0x0/0x44 @ 1
[    3.793584] initcall init_pipe_fs+0x0/0x44 returned 0 after 10468 usecs
[    3.802345] calling  inotify_user_setup+0x0/0x47 @ 1
[    3.809185] initcall inotify_user_setup+0x0/0x47 returned 0 after 653 usecs
[    3.817730] calling  eventpoll_init+0x0/0xcc @ 1
[    3.825283] initcall eventpoll_init+0x0/0xcc returned 0 after 1524 usecs
[    3.834702] calling  anon_inode_init+0x0/0x58 @ 1
[    3.842647] initcall anon_inode_init+0x0/0x58 returned 0 after 821 usecs
[    3.851641] calling  proc_locks_init+0x0/0x27 @ 1
[    3.859081] initcall proc_locks_init+0x0/0x27 returned 0 after 1058 usecs
[    3.868156] calling  iomap_init+0x0/0x1b @ 1
[    3.878061] initcall iomap_init+0x0/0x1b returned 0 after 3970 usecs
[    3.885829] calling  dquot_init+0x0/0xd7 @ 1
[    3.892325] VFS: Disk quotas dquot_6.6.0
[    3.899325] VFS: Dquot-cache hash table entries: 512 (order 0, 4096 bytes)
[    3.907910] initcall dquot_init+0x0/0xd7 returned 0 after 15216 usecs
[    3.915739] calling  quota_init+0x0/0x23 @ 1
[    3.922609] initcall quota_init+0x0/0x23 returned 0 after 1551 usecs
[    3.930302] calling  proc_cmdline_init+0x0/0x21 @ 1
[    3.936288] initcall proc_cmdline_init+0x0/0x21 returned 0 after 48 usecs
[    3.944448] calling  proc_consoles_init+0x0/0x24 @ 1
[    3.950582] initcall proc_consoles_init+0x0/0x24 returned 0 after 55 usecs
[    3.958876] calling  proc_cpuinfo_init+0x0/0x1e @ 1
[    3.964821] initcall proc_cpuinfo_init+0x0/0x1e returned 0 after 8 usecs
[    3.972975] calling  proc_devices_init+0x0/0x24 @ 1
[    3.978964] initcall proc_devices_init+0x0/0x24 returned 0 after 18 usecs
[    3.987237] calling  proc_interrupts_init+0x0/0x24 @ 1
[    3.993523] initcall proc_interrupts_init+0x0/0x24 returned 0 after 2 usecs
[    4.003418] calling  proc_loadavg_init+0x0/0x21 @ 1
[    4.009419] initcall proc_loadavg_init+0x0/0x21 returned 0 after 3 usecs
[    4.017582] calling  proc_meminfo_init+0x0/0x21 @ 1
[    4.023550] initcall proc_meminfo_init+0x0/0x21 returned 0 after 3 usecs
[    4.031865] calling  proc_stat_init+0x0/0x1e @ 1
[    4.037475] initcall proc_stat_init+0x0/0x1e returned 0 after 3 usecs
[    4.045410] calling  proc_uptime_init+0x0/0x21 @ 1
[    4.051344] initcall proc_uptime_init+0x0/0x21 returned 0 after 23 usecs
[    4.059678] calling  proc_version_init+0x0/0x21 @ 1
[    4.065873] initcall proc_version_init+0x0/0x21 returned 0 after 3 usecs
[    4.074189] calling  proc_softirqs_init+0x0/0x21 @ 1
[    4.080429] initcall proc_softirqs_init+0x0/0x21 returned 0 after 3 usecs
[    4.088938] calling  proc_kcore_init+0x0/0xea @ 1
[    4.095041] initcall proc_kcore_init+0x0/0xea returned 0 after 131 usecs
[    4.103327] calling  vmcore_init+0x0/0x578 @ 1
[    4.108956] initcall vmcore_init+0x0/0x578 returned 0 after 15 usecs
[    4.116815] calling  proc_kmsg_init+0x0/0x21 @ 1
[    4.122653] initcall proc_kmsg_init+0x0/0x21 returned 0 after 4 usecs
[    4.130754] calling  proc_page_init+0x0/0x3b @ 1
[    4.136535] initcall proc_page_init+0x0/0x3b returned 0 after 4 usecs
[    4.144489] calling  init_ramfs_fs+0x0/0xc @ 1
[    4.150181] initcall init_ramfs_fs+0x0/0xc returned 0 after 31 usecs
[    4.158100] calling  init_hugetlbfs_fs+0x0/0xf6 @ 1
[    4.164550] initcall init_hugetlbfs_fs+0x0/0xf6 returned 0 after 295 usecs
[    4.173525] calling  blk_scsi_ioctl_init+0x0/0x2a5 @ 1
[    4.180312] initcall blk_scsi_ioctl_init+0x0/0x2a5 returned 0 after 237 usecs
[    4.190740] calling  acpi_event_init+0x0/0x2c @ 1
[    4.196733] initcall acpi_event_init+0x0/0x2c returned 0 after 217 usecs
[    4.204893] calling  pnp_system_init+0x0/0xc @ 1
[    4.211545] initcall pnp_system_init+0x0/0xc returned 0 after 942 usecs
[    4.219912] calling  pnpacpi_init+0x0/0x69 @ 1
[    4.226788] pnp: PnP ACPI init
[    4.238091] pnp 00:00: Plug and Play ACPI device, IDs PNP0303 (active)
[    4.248977] pnp 00:01: Plug and Play ACPI device, IDs PNP0f13 (active)
[    4.259046] pnp 00:02: Plug and Play ACPI device, IDs PNP0400 (active)
[    4.269548] pnp 00:03: Plug and Play ACPI device, IDs PNP0501 (active)
[    4.278065] pnp 00:04: Plug and Play ACPI device, IDs PNP0b00 (active)
[    4.286977] system 00:05: [mem 0xb0000000-0xbfffffff window] has been reserved
[    4.296694] system 00:05: Plug and Play ACPI device, IDs PNP0c01 (active)
[    4.307053] pnp: PnP ACPI: found 6 devices
[    4.312046] initcall pnpacpi_init+0x0/0x69 returned 0 after 83273 usecs
[    4.319970] calling  chr_dev_init+0x0/0x14d @ 1
[    4.332331] initcall chr_dev_init+0x0/0x14d returned 0 after 6602 usecs
[    4.340390] calling  firmware_class_init+0x0/0xde @ 1
[    4.346729] initcall firmware_class_init+0x0/0xde returned 0 after 129 usecs
[    4.355275] calling  init_pcmcia_bus+0x0/0x5b @ 1
[    4.361354] initcall init_pcmcia_bus+0x0/0x5b returned 0 after 306 usecs
[    4.369468] calling  init_acpi_pm_clocksource+0x0/0xda @ 1
[    4.381742] clocksource: acpi_pm: mask: 0xffffff max_cycles: 0xffffff, max_idle_ns: 2085701024 ns
[    4.392455] initcall init_acpi_pm_clocksource+0x0/0xda returned 0 after 16006 usecs
[    4.403326] calling  sysctl_core_init+0x0/0x26 @ 1
[    4.410996] initcall sysctl_core_init+0x0/0x26 returned 0 after 310 usecs
[    4.421337] calling  eth_offload_init+0x0/0x13 @ 1
[    4.428735] initcall eth_offload_init+0x0/0x13 returned 0 after 33 usecs
[    4.438663] calling  ipv4_offload_init+0x0/0x73 @ 1
[    4.444745] initcall ipv4_offload_init+0x0/0x73 returned 0 after 166 usecs
[    4.453059] calling  inet_init+0x0/0x276 @ 1
[    4.458800] NET: Registered protocol family 2
[    4.464768] IP idents hash table entries: 8192 (order: 4, 65536 bytes, linear)
[    4.477930] tcp_listen_portaddr_hash hash table entries: 256 (order: 0, 4096 bytes, linear)
[    4.490621] TCP established hash table entries: 4096 (order: 3, 32768 bytes, linear)
[    4.501459] TCP bind hash table entries: 4096 (order: 3, 32768 bytes, linear)
[    4.512692] TCP: Hash tables configured (established 4096 bind 4096)
[    4.523012] UDP hash table entries: 256 (order: 1, 8192 bytes, linear)
[    4.532638] UDP-Lite hash table entries: 256 (order: 1, 8192 bytes, linear)
[    4.542522] initcall inet_init+0x0/0x276 returned 0 after 81955 usecs
[    4.550076] calling  af_unix_init+0x0/0x4d @ 1
[    4.555335] NET: Registered protocol family 1
[    4.560578] initcall af_unix_init+0x0/0x4d returned 0 after 5135 usecs
[    4.568864] calling  ipv6_offload_init+0x0/0x7e @ 1
[    4.574816] initcall ipv6_offload_init+0x0/0x7e returned 0 after 100 usecs
[    4.584415] calling  init_sunrpc+0x0/0x65 @ 1
[    4.590918] RPC: Registered named UNIX socket transport module.
[    4.602914] RPC: Registered udp transport module.
[    4.608664] RPC: Registered tcp transport module.
[    4.614274] RPC: Registered tcp NFSv4.1 backchannel transport module.
[    4.624266] initcall init_sunrpc+0x0/0x65 returned 0 after 33088 usecs
[    4.634331] calling  cfg80211_init+0x0/0xc5 @ 1
[    4.651343] initcall cfg80211_init+0x0/0xc5 returned 0 after 10044 usecs
[    4.660219] calling  pcibios_assign_resources+0x0/0xa8 @ 1
[    4.667489] pci_bus 0000:00: resource 4 [io  0x0000-0x0cf7 window]
[    4.675019] pci_bus 0000:00: resource 5 [io  0x0d00-0xffff window]
[    4.682609] pci_bus 0000:00: resource 6 [mem 0x000a0000-0x000bffff window]
[    4.691006] pci_bus 0000:00: resource 7 [mem 0x20000000-0xafffffff window]
[    4.700438] pci_bus 0000:00: resource 8 [mem 0xc0000000-0xfebfffff window]
[    4.710927] pci_bus 0000:00: resource 9 [mem 0x100000000-0x8ffffffff window]
[    4.722661] initcall pcibios_assign_resources+0x0/0xa8 returned 0 after 54466 usecs
[    4.732547] calling  pci_apply_final_quirks+0x0/0x124 @ 1
[    4.739974] pci 0000:00:01.0: calling  pci_fixup_video+0x0/0xe0 @ 1
[    4.748375] pci 0000:00:01.0: Video device with shadowed ROM at [mem 0x000c0000-0x000dffff]
[    4.758857] pci 0000:00:01.0: pci_fixup_video+0x0/0xe0 took 10680 usecs
[    4.767552] PCI: CLS 0 bytes, default 64
[    4.772525] initcall pci_apply_final_quirks+0x0/0x124 returned 0 after 32422 usecs
[    4.781903] calling  acpi_reserve_resources+0x0/0xea @ 1
[    4.788580] initcall acpi_reserve_resources+0x0/0xea returned 0 after 77 usecs
[    4.797674] calling  populate_rootfs+0x0/0x102 @ 1
[    4.807852] initcall populate_rootfs+0x0/0x102 returned 0 after 4036 usecs
[    4.817236] calling  pci_iommu_init+0x0/0x3e @ 1
[    4.823235] initcall pci_iommu_init+0x0/0x3e returned 0 after 232 usecs
[    4.833290] calling  ia32_binfmt_init+0x0/0x13 @ 1
[    4.839599] initcall ia32_binfmt_init+0x0/0x13 returned 0 after 283 usecs
[    4.847823] calling  rapl_pmu_init+0x0/0x25f @ 1
[    4.853565] initcall rapl_pmu_init+0x0/0x25f returned -19 after 58 usecs
[    4.862027] calling  amd_uncore_init+0x0/0x310 @ 1
[    4.867817] initcall amd_uncore_init+0x0/0x310 returned -19 after 0 usecs
[    4.876174] calling  amd_ibs_init+0x0/0x233 @ 1
[    4.882696] initcall amd_ibs_init+0x0/0x233 returned -19 after 0 usecs
[    4.891153] calling  amd_iommu_pc_init+0x0/0x20c @ 1
[    4.897432] initcall amd_iommu_pc_init+0x0/0x20c returned -19 after 92 usecs
[    4.905940] calling  msr_init+0x0/0x55 @ 1
[    4.912236] initcall msr_init+0x0/0x55 returned 0 after 1142 usecs
[    4.919689] calling  intel_uncore_init+0x0/0x31e @ 1
[    4.925755] initcall intel_uncore_init+0x0/0x31e returned -19 after 40 usecs
[    4.935665] calling  cstate_pmu_init+0x0/0x181 @ 1
[    4.941517] initcall cstate_pmu_init+0x0/0x181 returned -19 after 0 usecs
[    4.949591] calling  register_kernel_offset_dumper+0x0/0x1a @ 1
[    4.956623] initcall register_kernel_offset_dumper+0x0/0x1a returned 0 after 29 usecs
[    4.965953] calling  i8259A_init_ops+0x0/0x20 @ 1
[    4.971739] initcall i8259A_init_ops+0x0/0x20 returned 0 after 16 usecs
[    4.979641] calling  init_tsc_clocksource+0x0/0xa4 @ 1
[    4.986101] clocksource: tsc: mask: 0xffffffffffffffff max_cycles: 0x39a85afc727, max_idle_ns: 881590685098 ns
[    4.998406] initcall init_tsc_clocksource+0x0/0xa4 returned 0 after 12192 usecs
[    5.007209] calling  add_rtc_cmos+0x0/0xb0 @ 1
[    5.012866] initcall add_rtc_cmos+0x0/0xb0 returned 0 after 117 usecs
[    5.020673] calling  i8237A_init_ops+0x0/0x3a @ 1
[    5.026880] initcall i8237A_init_ops+0x0/0x3a returned 0 after 216 usecs
[    5.035064] calling  umwait_init+0x0/0x94 @ 1
[    5.040334] initcall umwait_init+0x0/0x94 returned -19 after 23 usecs
[    5.048303] calling  thermal_throttle_init_device+0x0/0x3d @ 1
[    5.055502] initcall thermal_throttle_init_device+0x0/0x3d returned 0 after 18 usecs
[    5.064890] calling  msr_init+0x0/0xd7 @ 1
[    5.072118] initcall msr_init+0x0/0xd7 returned 0 after 1985 usecs
[    5.080907] calling  cpuid_init+0x0/0xd7 @ 1
[    5.086818] initcall cpuid_init+0x0/0xd7 returned 0 after 717 usecs
[    5.094343] calling  ioapic_init_ops+0x0/0x13 @ 1
[    5.100352] initcall ioapic_init_ops+0x0/0x13 returned 0 after 39 usecs
[    5.108355] calling  add_pcspkr+0x0/0x6c @ 1
[    5.113700] initcall add_pcspkr+0x0/0x6c returned 0 after 136 usecs
[    5.121443] calling  start_periodic_check_for_corruption+0x0/0x30 @ 1
[    5.130411] check: Scanning for low memory corruption every 60 seconds
[    5.138207] initcall start_periodic_check_for_corruption+0x0/0x30 returned 0 after 7654 usecs
[    5.148216] calling  sysfb_init+0x0/0x9c @ 1
[    5.153484] initcall sysfb_init+0x0/0x9c returned 0 after 162 usecs
[    5.160854] calling  audit_classes_init+0x0/0xae @ 1
[    5.166953] initcall audit_classes_init+0x0/0xae returned 0 after 75 usecs
[    5.175011] calling  iosf_mbi_init+0x0/0x24 @ 1
[    5.180963] initcall iosf_mbi_init+0x0/0x24 returned 0 after 573 usecs
[    5.188793] calling  proc_execdomains_init+0x0/0x21 @ 1
[    5.195200] initcall proc_execdomains_init+0x0/0x21 returned 0 after 207 usecs
[    5.203700] calling  register_warn_debugfs+0x0/0x23 @ 1
[    5.209882] initcall register_warn_debugfs+0x0/0x23 returned 0 after 43 usecs
[    5.218184] calling  ioresources_init+0x0/0x49 @ 1
[    5.223846] initcall ioresources_init+0x0/0x49 returned 0 after 23 usecs
[    5.231676] calling  snapshot_device_init+0x0/0xc @ 1
[    5.238963] initcall snapshot_device_init+0x0/0xc returned 0 after 1235 usecs
[    5.247402] calling  irq_pm_init_ops+0x0/0x13 @ 1
[    5.252990] initcall irq_pm_init_ops+0x0/0x13 returned 0 after 35 usecs
[    5.260595] calling  rcu_torture_init+0x0/0x89f @ 1
[    5.266416] rcu-torture:--- Start of test: nreaders=1 nfakewriters=4 stat_interval=15 verbose=1 test_no_idle_hz=1 shuffle_interval=3 stutter=5 irqreader=1 fqs_duration=0 fqs_holdoff=0 fqs_stutter=3 test_boost=1/0 test_boost_interval=7 test_boost_duration=4 shutdown_secs=1800 stall_cpu=0 stall_cpu_holdoff=10 stall_cpu_irqsoff=0 stall_cpu_block=0 n_barrier_cbs=4 onoff_interval=0 onoff_holdoff=0 read_exit_delay=13 read_exit_burst=16
[    5.309505] rcu:  Start-test grace-period state: g0 f0x0
[    5.315787] rcu-torture: Creating rcu_torture_writer task
[    5.323100] rcu-torture: Creating rcu_torture_fakewriter task
[    5.331235] rcu-torture: rcu_torture_writer task started
[    5.337644] rcu-torture: GP expediting controlled from boot/sysfs for rcu.
[    5.345875] rcu_torture_writer: Testing conditional GPs.
[    5.352405] rcu_torture_writer: Testing expedited GPs.
[    5.360198] rcu_torture_writer: Testing asynchronous GPs.
[    5.368274] rcu_torture_writer: Testing normal GPs.
[    5.375875] rcu-torture: Creating rcu_torture_fakewriter task
[    5.384874] rcu-torture: rcu_torture_fakewriter task started
[    5.391854] rcu-torture: Creating rcu_torture_fakewriter task
[    5.398597] rcu-torture: rcu_torture_fakewriter task started
[    5.406937] rcu-torture: Creating rcu_torture_fakewriter task
[    5.413669] rcu-torture: rcu_torture_fakewriter task started
[    5.421705] rcu-torture: Creating rcu_torture_reader task
[    5.428143] rcu-torture: rcu_torture_fakewriter task started
[    5.434814] rcu-torture: Creating rcu_torture_stats task
[    5.440978] rcu-torture: rcu_torture_reader task started
[    5.448200] rcu-torture: Creating torture_shuffle task
[    5.454314] rcu-torture: rcu_torture_stats task started
[    5.461920] rcu-torture: Creating torture_stutter task
[    5.467886] rcu-torture: torture_shuffle task started
[    5.474994] rcu-torture: Creating torture_shutdown task
[    5.480880] rcu-torture: torture_stutter task started
[    5.490367] rcu-torture: Creating rcu_torture_fwd_prog task
[    5.498458] rcu-torture: torture_shutdown task started
[    5.506018] rcu-torture:torture_shutdown task: 1799968 ms remaining
[    5.514418] rcu-torture: Creating rcu_torture_barrier_cbs task
[    5.521267] rcu-torture: rcu_torture_fwd_progress task started
[    5.528223] rcu-torture: Creating rcu_torture_barrier_cbs task
[    5.535022] rcu-torture: rcu_torture_barrier_cbs task started
[    5.542193] rcu-torture: Creating rcu_torture_barrier_cbs task
[    5.548939] rcu-torture: rcu_torture_barrier_cbs task started
[    5.555627] rcu-torture: Creating rcu_torture_barrier_cbs task
[    5.562409] rcu-torture: rcu_torture_barrier_cbs task started
[    5.570284] rcu-torture: Creating rcu_torture_barrier task
[    5.576660] rcu-torture: rcu_torture_barrier_cbs task started
[    5.584243] rcu-torture: Creating rcu_torture_read_exit task
[    5.590854] rcu-torture: rcu_torture_barrier task starting
[    5.597870] initcall rcu_torture_init+0x0/0x89f returned 0 after 323805 usecs
[    5.606194] calling  timekeeping_init_ops+0x0/0x13 @ 1
[    5.612215] initcall timekeeping_init_ops+0x0/0x13 returned 0 after 94 usecs
[    5.620280] calling  init_clocksource_sysfs+0x0/0x23 @ 1
[    5.626492] initcall init_clocksource_sysfs+0x0/0x23 returned 0 after 88 usecs
[    5.634770] calling  init_timer_list_procfs+0x0/0x31 @ 1
[    5.641087] initcall init_timer_list_procfs+0x0/0x31 returned 0 after 7 usecs
[    5.649275] calling  alarmtimer_init+0x0/0xb5 @ 1
[    5.654874] initcall alarmtimer_init+0x0/0xb5 returned 0 after 170 usecs
[    5.662627] calling  init_posix_timers+0x0/0x29 @ 1
[    5.668819] initcall init_posix_timers+0x0/0x29 returned 0 after 565 usecs
[    5.676762] calling  clockevents_init_sysfs+0x0/0x8b @ 1
[    5.682916] initcall clockevents_init_sysfs+0x0/0x8b returned 0 after 122 usecs
[    5.691125] calling  proc_dma_init+0x0/0x21 @ 1
[    5.696370] initcall proc_dma_init+0x0/0x21 returned 0 after 48 usecs
[    5.703608] calling  proc_modules_init+0x0/0x1e @ 1
[    5.709151] initcall proc_modules_init+0x0/0x1e returned 0 after 2 usecs
[    5.716702] calling  kallsyms_init+0x0/0x21 @ 1
[    5.721844] initcall kallsyms_init+0x0/0x21 returned 0 after 2 usecs
[    5.729044] calling  pid_namespaces_init+0x0/0x2c @ 1
[    5.734793] initcall pid_namespaces_init+0x0/0x2c returned 0 after 48 usecs
[    5.742658] calling  audit_watch_init+0x0/0x37 @ 1
[    5.748745] initcall audit_watch_init+0x0/0x37 returned 0 after 1 usecs
[    5.756447] calling  audit_fsnotify_init+0x0/0x37 @ 1
[    5.762827] initcall audit_fsnotify_init+0x0/0x37 returned 0 after 1 usecs
[    5.771749] calling  audit_tree_init+0x0/0x6d @ 1
[    5.778039] initcall audit_tree_init+0x0/0x6d returned 0 after 31 usecs
[    5.786710] calling  seccomp_sysctl_init+0x0/0x2b @ 1
[    5.793499] initcall seccomp_sysctl_init+0x0/0x2b returned 0 after 68 usecs
[    5.802600] calling  utsname_sysctl_init+0x0/0x13 @ 1
[    5.809925] initcall utsname_sysctl_init+0x0/0x13 returned 0 after 59 usecs
[    5.819887] calling  init_tracepoints+0x0/0x27 @ 1
[    5.827239] initcall init_tracepoints+0x0/0x27 returned 0 after 57 usecs
[    5.836591] calling  init_blk_tracer+0x0/0x50 @ 1
[    5.843855] initcall init_blk_tracer+0x0/0x50 returned 0 after 738 usecs
[    5.851540] calling  perf_event_sysfs_init+0x0/0x81 @ 1
[    5.858274] initcall perf_event_sysfs_init+0x0/0x81 returned 0 after 606 usecs
[    5.866704] calling  system_trusted_keyring_init+0x0/0x5f @ 1
[    5.873318] Initialise system trusted keyrings
[    5.878649] initcall system_trusted_keyring_init+0x0/0x5f returned 0 after 5203 usecs
[    5.887686] calling  kswapd_init+0x0/0x13 @ 1
[    5.892712] rcu-torture: rcu_torture_read_exit: Start of test
[    5.899736] initcall kswapd_init+0x0/0x13 returned 0 after 6866 usecs
[    5.907249] calling  extfrag_debug_init+0x0/0x54 @ 1
[    5.913223] initcall extfrag_debug_init+0x0/0x54 returned 0 after 62 usecs
[    5.921173] calling  slab_proc_init+0x0/0x21 @ 1
[    5.927091] initcall slab_proc_init+0x0/0x21 returned 0 after 99 usecs
[    5.935523] calling  workingset_init+0x0/0x8c @ 1
[    5.941576] workingset: timestamp_bits=62 max_order=17 bucket_order=0
[    5.949965] initcall workingset_init+0x0/0x8c returned 0 after 8189 usecs
[    5.958862] calling  proc_vmalloc_init+0x0/0x27 @ 1
[    5.965050] initcall proc_vmalloc_init+0x0/0x27 returned 0 after 42 usecs
[    5.973503] calling  procswaps_init+0x0/0x1e @ 1
[    5.980532] initcall procswaps_init+0x0/0x1e returned 0 after 354 usecs
[    5.988899] calling  slab_sysfs_init+0x0/0xea @ 1
[    5.999437] initcall slab_sysfs_init+0x0/0xea returned 0 after 4446 usecs
[    6.008002] calling  fcntl_init+0x0/0x29 @ 1
[    6.014281] initcall fcntl_init+0x0/0x29 returned 0 after 9 usecs
[    6.021775] calling  proc_filesystems_init+0x0/0x21 @ 1
[    6.028006] initcall proc_filesystems_init+0x0/0x21 returned 0 after 4 usecs
[    6.037111] calling  start_dirtytime_writeback+0x0/0x29 @ 1
[    6.043918] initcall start_dirtytime_writeback+0x0/0x29 returned 0 after 2 usecs
[    6.052609] calling  blkdev_init+0x0/0x1b @ 1
[    6.057990] initcall blkdev_init+0x0/0x1b returned 0 after 132 usecs
[    6.065628] calling  dio_init+0x0/0x2c @ 1
[    6.070672] initcall dio_init+0x0/0x2c returned 0 after 48 usecs
[    6.077909] calling  dnotify_init+0x0/0x78 @ 1
[    6.083273] initcall dnotify_init+0x0/0x78 returned 0 after 10 usecs
[    6.090822] calling  aio_setup+0x0/0x78 @ 1
[    6.096039] initcall aio_setup+0x0/0x78 returned 0 after 192 usecs
[    6.103435] calling  io_uring_init+0x0/0x2c @ 1
[    6.108813] initcall io_uring_init+0x0/0x2c returned 0 after 5 usecs
[    6.116301] calling  mbcache_init+0x0/0x30 @ 1
[    6.121693] initcall mbcache_init+0x0/0x30 returned 0 after 42 usecs
[    6.129137] calling  init_grace+0x0/0xc @ 1
[    6.134223] initcall init_grace+0x0/0xc returned 0 after 139 usecs
[    6.142476] calling  init_v2_quota_format+0x0/0x21 @ 1
[    6.149773] initcall init_v2_quota_format+0x0/0x21 returned 0 after 16 usecs
[    6.157996] calling  init_devpts_fs+0x0/0x27 @ 1
[    6.163646] initcall init_devpts_fs+0x0/0x27 returned 0 after 132 usecs
[    6.171330] calling  ext4_init_fs+0x0/0x1cb @ 1
[    6.177285] initcall ext4_init_fs+0x0/0x1cb returned 0 after 593 usecs
[    6.184795] calling  journal_init+0x0/0x11c @ 1
[    6.190330] initcall journal_init+0x0/0x11c returned 0 after 113 usecs
[    6.198010] calling  init_fat_fs+0x0/0x49 @ 1
[    6.203274] initcall init_fat_fs+0x0/0x49 returned 0 after 75 usecs
[    6.211120] calling  init_vfat_fs+0x0/0xc @ 1
[    6.217635] initcall init_vfat_fs+0x0/0xc returned 0 after 3 usecs
[    6.226628] calling  init_msdos_fs+0x0/0xc @ 1
[    6.233207] initcall init_msdos_fs+0x0/0xc returned 0 after 3 usecs
[    6.242270] calling  init_iso9660_fs+0x0/0x6c @ 1
[    6.249675] rcu_torture_rea (62) used greatest stack depth: 15512 bytes left
[    6.260074] initcall init_iso9660_fs+0x0/0x6c returned 0 after 10663 usecs
[    6.270191] calling  init_nfs_fs+0x0/0x13a @ 1
[    6.280599] initcall init_nfs_fs+0x0/0x13a returned 0 after 3654 usecs
[    6.290254] calling  init_nfs_v2+0x0/0x13 @ 1
[    6.296819] initcall init_nfs_v2+0x0/0x13 returned 0 after 44 usecs
[    6.304643] calling  init_nfs_v3+0x0/0x13 @ 1
[    6.309879] initcall init_nfs_v3+0x0/0x13 returned 0 after 32 usecs
[    6.317401] calling  init_nfs_v4+0x0/0x32 @ 1
[    6.322694] NFS: Registering the id_resolver key type
[    6.328843] Key type id_resolver registered
[    6.333919] Key type id_legacy registered
[    6.338822] initcall init_nfs_v4+0x0/0x32 returned 0 after 15786 usecs
[    6.346604] calling  init_nlm+0x0/0x5b @ 1
[    6.351578] initcall init_nlm+0x0/0x5b returned 0 after 88 usecs
[    6.358723] calling  init_nls_cp437+0x0/0xe @ 1
[    6.364093] initcall init_nls_cp437+0x0/0xe returned 0 after 110 usecs
[    6.371573] calling  init_nls_ascii+0x0/0xe @ 1
[    6.376968] initcall init_nls_ascii+0x0/0xe returned 0 after 0 usecs
[    6.384283] calling  init_nls_iso8859_1+0x0/0xe @ 1
[    6.390025] initcall init_nls_iso8859_1+0x0/0xe returned 0 after 0 usecs
[    6.397851] calling  init_nls_utf8+0x0/0x21 @ 1
[    6.403257] initcall init_nls_utf8+0x0/0x21 returned 0 after 0 usecs
[    6.410778] calling  init_autofs_fs+0x0/0x25 @ 1
[    6.416463] initcall init_autofs_fs+0x0/0x25 returned 0 after 193 usecs
[    6.424334] calling  ipc_init+0x0/0x24 @ 1
[    6.429339] initcall ipc_init+0x0/0x24 returned 0 after 31 usecs
[    6.436449] calling  ipc_sysctl_init+0x0/0x13 @ 1
[    6.442086] initcall ipc_sysctl_init+0x0/0x13 returned 0 after 56 usecs
[    6.449849] calling  init_mqueue_fs+0x0/0x92 @ 1
[    6.455758] initcall init_mqueue_fs+0x0/0x92 returned 0 after 405 usecs
[    6.463599] calling  key_proc_init+0x0/0x63 @ 1
[    6.469219] initcall key_proc_init+0x0/0x63 returned 0 after 4 usecs
[    6.476791] calling  selinux_nf_ip_init+0x0/0x2e @ 1
[    6.482880] initcall selinux_nf_ip_init+0x0/0x2e returned 0 after 83 usecs
[    6.491010] calling  init_sel_fs+0x0/0x116 @ 1
[    6.496357] initcall init_sel_fs+0x0/0x116 returned 0 after 0 usecs
[    6.503819] calling  selnl_init+0x0/0x7c @ 1
[    6.509349] initcall selnl_init+0x0/0x7c returned 0 after 296 usecs
[    6.516898] calling  sel_netif_init+0x0/0x36 @ 1
[    6.523297] initcall sel_netif_init+0x0/0x36 returned 0 after 0 usecs
[    6.532717] calling  sel_netnode_init+0x0/0x33 @ 1
[    6.538323] initcall sel_netnode_init+0x0/0x33 returned 0 after 0 usecs
[    6.546424] calling  sel_netport_init+0x0/0x33 @ 1
[    6.552358] initcall sel_netport_init+0x0/0x33 returned 0 after 0 usecs
[    6.561786] calling  aurule_init+0x0/0x2a @ 1
[    6.567090] initcall aurule_init+0x0/0x2a returned 0 after 2 usecs
[    6.574672] calling  crypto_algapi_init+0x0/0xc @ 1
[    6.580694] initcall crypto_algapi_init+0x0/0xc returned 0 after 4 usecs
[    6.588881] calling  jent_mod_init+0x0/0x2d @ 1
[    6.604287] initcall jent_mod_init+0x0/0x2d returned 0 after 9545 usecs
[    6.618214] calling  asymmetric_key_init+0x0/0xc @ 1
[    6.625702] Key type asymmetric registered
[    6.631011] initcall asymmetric_key_init+0x0/0xc returned 0 after 5841 usecs
[    6.639394] calling  x509_key_init+0x0/0xc @ 1
[    6.644852] Asymmetric key parser 'x509' registered
[    6.650949] initcall x509_key_init+0x0/0xc returned 0 after 6006 usecs
[    6.658987] calling  proc_genhd_init+0x0/0x41 @ 1
[    6.665408] initcall proc_genhd_init+0x0/0x41 returned 0 after 508 usecs
[    6.673638] calling  bsg_init+0x0/0x113 @ 1
[    6.680400] Block layer SCSI generic (bsg) driver version 0.4 loaded (major 251)
[    6.689648] initcall bsg_init+0x0/0x113 returned 0 after 10517 usecs
[    6.697425] calling  deadline_init+0x0/0xc @ 1
[    6.702936] io scheduler mq-deadline registered
[    6.708579] initcall deadline_init+0x0/0xc returned 0 after 5524 usecs
[    6.716583] calling  kyber_init+0x0/0xc @ 1
[    6.721785] io scheduler kyber registered
[    6.726719] initcall kyber_init+0x0/0xc returned 0 after 4907 usecs
[    6.734279] calling  mod_init+0x0/0x7 @ 1
[    6.739195] initcall mod_init+0x0/0x7 returned 0 after 0 usecs
[    6.746384] calling  sg_pool_init+0x0/0xb4 @ 1
[    6.753010] initcall sg_pool_init+0x0/0xb4 returned 0 after 1179 usecs
[    6.760866] calling  pcie_portdrv_init+0x0/0x39 @ 1
[    6.768012] initcall pcie_portdrv_init+0x0/0x39 returned 0 after 1120 usecs
[    6.776370] calling  pci_proc_init+0x0/0x68 @ 1
[    6.782206] initcall pci_proc_init+0x0/0x68 returned 0 after 63 usecs
[    6.790027] calling  pci_hotplug_init+0x0/0x7 @ 1
[    6.795881] initcall pci_hotplug_init+0x0/0x7 returned 0 after 0 usecs
[    6.804138] calling  efifb_driver_init+0x0/0xe @ 1
[    6.810600] initcall efifb_driver_init+0x0/0xe returned 0 after 290 usecs
[    6.818715] calling  ged_driver_init+0x0/0xe @ 1
[    6.824328] initcall ged_driver_init+0x0/0xe returned 0 after 140 usecs
[    6.832191] calling  acpi_ac_init+0x0/0x92 @ 1
[    6.838224] initcall acpi_ac_init+0x0/0x92 returned 0 after 695 usecs
[    6.845831] calling  acpi_button_driver_init+0x0/0x52 @ 1
[    6.853292] input: Power Button as /devices/LNXSYSTM:00/LNXPWRBN:00/input/input0
[    6.863482] ACPI: Power Button [PWRF]
[    6.868670] initcall acpi_button_driver_init+0x0/0x52 returned 0 after 16135 usecs
[    6.877540] calling  acpi_fan_driver_init+0x0/0xe @ 1
[    6.883432] initcall acpi_fan_driver_init+0x0/0xe returned 0 after 17 usecs
[    6.891749] calling  acpi_video_init+0x0/0xcb @ 1
[    6.897571] initcall acpi_video_init+0x0/0xcb returned 0 after 122 usecs
[    6.905563] calling  acpi_processor_driver_init+0x0/0xad @ 1
[    6.913538] initcall acpi_processor_driver_init+0x0/0xad returned 0 after 1230 usecs
[    6.922810] calling  acpi_thermal_init+0x0/0x71 @ 1
[    6.930291] initcall acpi_thermal_init+0x0/0x71 returned 0 after 1617 usecs
[    6.939160] calling  acpi_battery_init+0x0/0x32 @ 1
[    6.946210] initcall acpi_battery_init+0x0/0x32 returned 0 after 31 usecs
[    6.956160] calling  bgrt_init+0x0/0xb6 @ 1
[    6.961981] initcall bgrt_init+0x0/0xb6 returned -19 after 0 usecs
[    6.971067] calling  gpio_clk_driver_init+0x0/0xe @ 1
[    6.977779] initcall gpio_clk_driver_init+0x0/0xe returned 0 after 105 usecs
[    6.988006] calling  plt_clk_driver_init+0x0/0xe @ 1
[    6.995339] initcall plt_clk_driver_init+0x0/0xe returned 0 after 44 usecs
[    7.005367] calling  virtio_pci_driver_init+0x0/0x15 @ 1
[    7.013222] initcall virtio_pci_driver_init+0x0/0x15 returned 0 after 57 usecs
[    7.023788] calling  n_null_init+0x0/0x1e @ 1
[    7.030280] initcall n_null_init+0x0/0x1e returned 0 after 19 usecs
[    7.039536] calling  pty_init+0x0/0x1e8 @ 1
[    7.047383] initcall pty_init+0x0/0x1e8 returned 0 after 1817 usecs
[    7.056386] calling  sysrq_init+0x0/0x62 @ 1
[    7.061948] initcall sysrq_init+0x0/0x62 returned 0 after 24 usecs
[    7.070898] calling  serial8250_init+0x0/0x17e @ 1
[    7.078247] Serial: 8250/16550 driver, 4 ports, IRQ sharing enabled
[    7.088288] 00:03: ttyS0 at I/O 0x3f8 (irq = 4, base_baud = 115200) is a 16550A
[    7.101713] initcall serial8250_init+0x0/0x17e returned 0 after 23044 usecs
[    7.110045] calling  serial_pci_driver_init+0x0/0x15 @ 1
[    7.116587] initcall serial_pci_driver_init+0x0/0x15 returned 0 after 83 usecs
[    7.125105] calling  exar_pci_driver_init+0x0/0x15 @ 1
[    7.131366] initcall exar_pci_driver_init+0x0/0x15 returned 0 after 37 usecs
[    7.141914] calling  lpss8250_pci_driver_init+0x0/0x15 @ 1
[    7.148677] initcall lpss8250_pci_driver_init+0x0/0x15 returned 0 after 40 usecs
[    7.157925] calling  mid8250_pci_driver_init+0x0/0x15 @ 1
[    7.164458] initcall mid8250_pci_driver_init+0x0/0x15 returned 0 after 18 usecs
[    7.173360] calling  virtio_console_init+0x0/0xff @ 1
[    7.179962] initcall virtio_console_init+0x0/0xff returned 0 after 414 usecs
[    7.188347] calling  hpet_init+0x0/0x64 @ 1
[    7.194281] initcall hpet_init+0x0/0x64 returned 0 after 769 usecs
[    7.201871] calling  nvram_module_init+0x0/0x83 @ 1
[    7.207868] Non-volatile memory driver v1.3
[    7.213249] initcall nvram_module_init+0x0/0x83 returned 0 after 5434 usecs
[    7.221772] calling  hwrng_modinit+0x0/0x8a @ 1
[    7.227447] initcall hwrng_modinit+0x0/0x8a returned 0 after 71 usecs
[    7.235337] calling  mod_init+0x0/0x48 @ 1
[    7.240416] initcall mod_init+0x0/0x48 returned -19 after 0 usecs
[    7.248017] calling  agp_init+0x0/0x23 @ 1
[    7.253240] Linux agpgart interface v0.103
[    7.258206] initcall agp_init+0x0/0x23 returned 0 after 4849 usecs
[    7.265769] calling  agp_amd64_mod_init+0x0/0x5 @ 1
[    7.272115] initcall agp_amd64_mod_init+0x0/0x5 returned -19 after 111 usecs
[    7.280916] calling  agp_intel_init+0x0/0x28 @ 1
[    7.287357] initcall agp_intel_init+0x0/0x28 returned 0 after 724 usecs
[    7.295602] calling  drm_kms_helper_init+0x0/0x7 @ 1
[    7.301884] initcall drm_kms_helper_init+0x0/0x7 returned 0 after 53 usecs
[    7.310310] calling  drm_core_init+0x0/0x9e @ 1
[    7.316214] initcall drm_core_init+0x0/0x9e returned 0 after 305 usecs
[    7.324223] calling  i915_init+0x0/0x6b @ 1
[    7.330803] initcall i915_init+0x0/0x6b returned 0 after 1149 usecs
[    7.339091] calling  cn_proc_init+0x0/0x35 @ 1
[    7.344850] initcall cn_proc_init+0x0/0x35 returned 0 after 17 usecs
[    7.353022] calling  topology_sysfs_init+0x0/0x27 @ 1
[    7.359393] initcall topology_sysfs_init+0x0/0x27 returned 0 after 29 usecs
[    7.368262] calling  cacheinfo_sysfs_init+0x0/0x27 @ 1
[    7.375331] initcall cacheinfo_sysfs_init+0x0/0x27 returned 0 after 412 usecs
[    7.384623] calling  loop_init+0x0/0x168 @ 1
[    7.419507] loop: module loaded
[    7.423588] initcall loop_init+0x0/0x168 returned 0 after 32561 usecs
[    7.431524] calling  mac_hid_init+0x0/0x21 @ 1
[    7.437196] initcall mac_hid_init+0x0/0x21 returned 0 after 18 usecs
[    7.445147] calling  spi_transport_init+0x0/0x74 @ 1
[    7.451628] initcall spi_transport_init+0x0/0x74 returned 0 after 205 usecs
[    7.460438] calling  init_sd+0x0/0x18c @ 1
[    7.466108] initcall init_sd+0x0/0x18c returned 0 after 240 usecs
[    7.473928] calling  init_sr+0x0/0x43 @ 1
[    7.479046] initcall init_sr+0x0/0x43 returned 0 after 35 usecs
[    7.486231] calling  init_sg+0x0/0x1c0 @ 1
[    7.491625] initcall init_sg+0x0/0x1c0 returned 0 after 204 usecs
[    7.499518] calling  ahci_pci_driver_init+0x0/0x15 @ 1
[    7.508031] ahci 0000:00:1f.2: version 3.0
[    7.515727] PCI Interrupt Link [GSIA] enabled at IRQ 16
[    7.530544] ahci 0000:00:1f.2: AHCI 0001.0000 32 slots 6 ports 1.5 Gbps 0x3f impl SATA mode
[    7.541225] ahci 0000:00:1f.2: flags: 64bit ncq only 
[    7.558855] scsi host0: ahci
[    7.563325] scsi host1: ahci
[    7.567727] scsi host2: ahci
[    7.573550] scsi host3: ahci
[    7.578405] scsi host4: ahci
[    7.582904] scsi host5: ahci
[    7.587987] ata1: SATA max UDMA/133 abar m4096@0xfebf1000 port 0xfebf1100 irq 24
[    7.597998] ata2: SATA max UDMA/133 abar m4096@0xfebf1000 port 0xfebf1180 irq 24
[    7.609554] ata3: SATA max UDMA/133 abar m4096@0xfebf1000 port 0xfebf1200 irq 24
[    7.621128] ata4: SATA max UDMA/133 abar m4096@0xfebf1000 port 0xfebf1280 irq 24
[    7.633231] ata5: SATA max UDMA/133 abar m4096@0xfebf1000 port 0xfebf1300 irq 24
[    7.643898] ata6: SATA max UDMA/133 abar m4096@0xfebf1000 port 0xfebf1380 irq 24
[    7.656530] initcall ahci_pci_driver_init+0x0/0x15 returned 0 after 145379 usecs
[    7.668413] calling  piix_init+0x0/0x26 @ 1
[    7.675508] initcall piix_init+0x0/0x26 returned 0 after 138 usecs
[    7.685774] calling  amd_pci_driver_init+0x0/0x15 @ 1
[    7.693829] initcall amd_pci_driver_init+0x0/0x15 returned 0 after 32 usecs
[    7.704006] calling  oldpiix_pci_driver_init+0x0/0x15 @ 1
[    7.711261] initcall oldpiix_pci_driver_init+0x0/0x15 returned 0 after 63 usecs
[    7.721186] calling  sch_pci_driver_init+0x0/0x15 @ 1
[    7.728293] initcall sch_pci_driver_init+0x0/0x15 returned 0 after 67 usecs
[    7.738220] calling  net_olddevs_init+0x0/0x55 @ 1
[    7.745482] initcall net_olddevs_init+0x0/0x55 returned 0 after 487 usecs
[    7.754327] calling  blackhole_netdev_init+0x0/0x78 @ 1
[    7.761770] initcall blackhole_netdev_init+0x0/0x78 returned 0 after 529 usecs
[    7.771103] calling  phy_module_init+0x0/0x13 @ 1
[    7.777607] initcall phy_module_init+0x0/0x13 returned 0 after 307 usecs
[    7.786069] calling  tg3_driver_init+0x0/0x15 @ 1
[    7.792896] initcall tg3_driver_init+0x0/0x15 returned 0 after 119 usecs
[    7.802673] calling  e100_init_module+0x0/0x4c @ 1
[    7.810404] e100: Intel(R) PRO/100 Network Driver
[    7.818641] e100: Copyright(c) 1999-2006 Intel Corporation
[    7.827420] initcall e100_init_module+0x0/0x4c returned 0 after 16670 usecs
[    7.840026] calling  e1000_init_module+0x0/0x72 @ 1
[    7.847553] e1000: Intel(R) PRO/1000 Network Driver
[    7.855032] e1000: Copyright (c) 1999-2006 Intel Corporation.
[    7.865249] initcall e1000_init_module+0x0/0x72 returned 0 after 17348 usecs
[    7.876019] calling  e1000_init_module+0x0/0x2d @ 1
[    7.883506] e1000e: Intel(R) PRO/1000 Network Driver
[    7.890752] e1000e: Copyright(c) 1999 - 2015 Intel Corporation.
[    7.899340] initcall e1000_init_module+0x0/0x2d returned 0 after 15496 usecs
[    7.909052] calling  sky2_init_module+0x0/0x21 @ 1
[    7.915767] sky2: driver version 1.30
[    7.921282] initcall sky2_init_module+0x0/0x21 returned 0 after 5381 usecs
[    7.930858] calling  forcedeth_pci_driver_init+0x0/0x15 @ 1
[    7.938979] initcall forcedeth_pci_driver_init+0x0/0x15 returned 0 after 56 usecs
[    7.949943] calling  rtl8139_init_module+0x0/0x15 @ 1
[    7.957440] initcall rtl8139_init_module+0x0/0x15 returned 0 after 63 usecs
[    7.967461] calling  rtl8169_pci_driver_init+0x0/0x15 @ 1
[    7.975338] initcall rtl8169_pci_driver_init+0x0/0x15 returned 0 after 195 usecs
[    7.986250] calling  cdrom_init+0x0/0xc @ 1
[    7.992728] initcall cdrom_init+0x0/0xc returned 0 after 80 usecs
[    8.001385] calling  nonstatic_sysfs_init+0x0/0xc @ 1
[    8.008746] initcall nonstatic_sysfs_init+0x0/0xc returned 0 after 44 usecs
[    8.019084] calling  yenta_cardbus_driver_init+0x0/0x15 @ 1
[    8.027609] initcall yenta_cardbus_driver_init+0x0/0x15 returned 0 after 162 usecs
[    8.039058] calling  mon_init+0x0/0x123 @ 1
[    8.054670] initcall mon_init+0x0/0x123 returned 0 after 8259 usecs
[    8.066246] calling  ehci_hcd_init+0x0/0x55 @ 1
[    8.074580] ehci_hcd: USB 2.0 'Enhanced' Host Controller (EHCI) Driver
[    8.085901] initcall ehci_hcd_init+0x0/0x55 returned 0 after 11260 usecs
[    8.097199] calling  ehci_pci_init+0x0/0x64 @ 1
[    8.105255] ehci-pci: EHCI PCI platform driver
[    8.112765] initcall ehci_pci_init+0x0/0x64 returned 0 after 7330 usecs
[    8.123686] calling  ohci_hcd_mod_init+0x0/0x4d @ 1
[    8.131958] ohci_hcd: USB 1.1 'Open' Host Controller (OHCI) Driver
[    8.141470] initcall ohci_hcd_mod_init+0x0/0x4d returned 0 after 9320 usecs
[    8.152212] calling  ohci_pci_init+0x0/0x64 @ 1
[    8.159848] ohci-pci: OHCI PCI platform driver
[    8.167468] initcall ohci_pci_init+0x0/0x64 returned 0 after 7504 usecs
[    8.178053] calling  uhci_hcd_init+0x0/0xa6 @ 1
[    8.185596] uhci_hcd: USB Universal Host Controller Interface driver
[    8.195589] initcall uhci_hcd_init+0x0/0xa6 returned 0 after 9754 usecs
[    8.205956] calling  xhci_hcd_init+0x0/0x1e @ 1
[    8.213449] initcall xhci_hcd_init+0x0/0x1e returned 0 after 34 usecs
[    8.223695] calling  xhci_pci_init+0x0/0x49 @ 1
[    8.231309] initcall xhci_pci_init+0x0/0x49 returned 0 after 258 usecs
[    8.242175] calling  usblp_driver_init+0x0/0x15 @ 1
[    8.250571] usbcore: registered new interface driver usblp
[    8.259555] initcall usblp_driver_init+0x0/0x15 returned 0 after 8947 usecs
[    8.270954] calling  usb_storage_driver_init+0x0/0x2a @ 1
[    8.279580] usbcore: registered new interface driver usb-storage
[    8.288596] initcall usb_storage_driver_init+0x0/0x2a returned 0 after 9207 usecs
[    8.300016] calling  i8042_init+0x0/0x4c2 @ 1
[    8.306937] i8042: PNP: PS/2 Controller [PNP0303:KBD,PNP0f13:MOU] at 0x60,0x64 irq 1,12
[    8.328641] serio: i8042 KBD port at 0x60,0x64 irq 1
[    8.336292] serio: i8042 AUX port at 0x60,0x64 irq 12
[    8.344059] initcall i8042_init+0x0/0x4c2 returned 0 after 36674 usecs
[    8.353981] calling  serport_init+0x0/0x2c @ 1
[    8.361306] initcall serport_init+0x0/0x2c returned 0 after 0 usecs
[    8.371006] calling  input_leds_init+0x0/0xc @ 1
[    8.377814] initcall input_leds_init+0x0/0xc returned 0 after 1 usecs
[    8.387625] calling  evdev_init+0x0/0xc @ 1
[    8.400020] initcall evdev_init+0x0/0xc returned 0 after 4707 usecs
[    8.408896] calling  atkbd_init+0x0/0x21 @ 1
[    8.415576] initcall atkbd_init+0x0/0x21 returned 0 after 196 usecs
[    8.425196] calling  psmouse_init+0x0/0x7f @ 1
[    8.432114] initcall psmouse_init+0x0/0x7f returned 0 after 118 usecs
[    8.442477] calling  cmos_init+0x0/0x73 @ 1
[    8.453101] rtc_cmos 00:04: RTC can wake from S4
[    8.474592] input: AT Translated Set 2 keyboard as /devices/platform/i8042/serio0/input/input1
[    8.525345] ata2: SATA link down (SStatus 0 SControl 300)
[    8.538457] ata3: SATA link up 1.5 Gbps (SStatus 113 SControl 300)
[    8.551587] ata3.00: ATAPI: QEMU DVD-ROM, 2.5+, max UDMA/100
[    8.560364] ata3.00: applying bridge limits
[    8.568832] ata3.00: configured for UDMA/100
[    8.580681] ata5: SATA link down (SStatus 0 SControl 300)
[    8.593811] ata4: SATA link down (SStatus 0 SControl 300)
[    8.606824] ata1: SATA link down (SStatus 0 SControl 300)
[    8.622808] scsi 2:0:0:0: CD-ROM            QEMU     QEMU DVD-ROM     2.5+ PQ: 0 ANSI: 5
[    8.690165] rtc_cmos 00:04: registered as rtc0
[    8.701958] rtc_cmos 00:04: alarms up to one day, y3k, 242 bytes nvram, hpet irqs
[    8.716239] initcall cmos_init+0x0/0x73 returned 0 after 257662 usecs
[    8.727833] calling  smbalert_driver_init+0x0/0xe @ 1
[    8.736885] initcall smbalert_driver_init+0x0/0xe returned 0 after 221 usecs
[    8.748422] calling  i2c_i801_init+0x0/0xc5 @ 1
[    8.769971] i801_smbus 0000:00:1f.3: SMBus using PCI interrupt
[    8.782908] i2c i2c-0: 1/1 memory slots populated (from DMI)
[    8.791650] i2c i2c-0: Memory type 0x07 not supported yet, not instantiating SPD
[    8.804571] initcall i2c_i801_init+0x0/0xc5 returned 0 after 47797 usecs
[    8.815559] calling  ptp_kvm_init+0x0/0xf0 @ 1
[    8.826295] ata6: SATA link down (SStatus 0 SControl 300)
[    8.864081] initcall ptp_kvm_init+0x0/0xf0 returned 0 after 39966 usecs
[    8.874737] calling  dm_init+0x0/0x3c @ 1
[    8.889030] sr 2:0:0:0: [sr0] scsi3-mmc drive: 4x/4x cd/rw xa/form2 tray
[    8.900140] cdrom: Uniform CD-ROM driver Revision: 3.20
[    8.909893] device-mapper: ioctl: 4.43.0-ioctl (2020-10-01) initialised: dm-devel@redhat.com
[    8.923540] initcall dm_init+0x0/0x3c returned 0 after 41094 usecs
[    8.933313] calling  dm_mirror_init+0x0/0x29 @ 1
[    8.941053] initcall dm_mirror_init+0x0/0x29 returned 0 after 50 usecs
[    8.952560] calling  dm_dirty_log_init+0x0/0x4f @ 1
[    8.961413] initcall dm_dirty_log_init+0x0/0x4f returned 0 after 33 usecs
[    8.974069] calling  dm_zero_init+0x0/0x29 @ 1
[    8.981061] initcall dm_zero_init+0x0/0x29 returned 0 after 64 usecs
[    8.990907] calling  intel_pstate_init+0x0/0x4a2 @ 1
[    8.999308] intel_pstate: CPU model not supported
[    9.006949] initcall intel_pstate_init+0x0/0x4a2 returned -19 after 7581 usecs
[    9.018609] calling  haltpoll_init+0x0/0xc0 @ 1
[    9.026797] initcall haltpoll_init+0x0/0xc0 returned -19 after 127 usecs
[    9.038355] calling  efivars_sysfs_init+0x0/0x30 @ 1
[    9.046827] initcall efivars_sysfs_init+0x0/0x30 returned 0 after 66 usecs
[    9.058043] calling  esrt_sysfs_init+0x0/0x2a2 @ 1
[    9.066153] initcall esrt_sysfs_init+0x0/0x2a2 returned -38 after 49 usecs
[    9.077114] calling  hid_init+0x0/0x5c @ 1
[    9.084068] hid: raw HID events driver (C) Jiri Kosina
[    9.094410] initcall hid_init+0x0/0x5c returned 0 after 10339 usecs
[    9.104785] calling  hid_generic_init+0x0/0x15 @ 1
[    9.113033] initcall hid_generic_init+0x0/0x15 returned 0 after 388 usecs
[    9.123731] calling  a4_driver_init+0x0/0x15 @ 1
[    9.131693] initcall a4_driver_init+0x0/0x15 returned 0 after 24 usecs
[    9.142451] calling  apple_driver_init+0x0/0x15 @ 1
[    9.151130] initcall apple_driver_init+0x0/0x15 returned 0 after 240 usecs
[    9.162964] calling  belkin_driver_init+0x0/0x15 @ 1
[    9.170718] initcall belkin_driver_init+0x0/0x15 returned 0 after 21 usecs
[    9.182217] calling  ch_driver_init+0x0/0x15 @ 1
[    9.189805] initcall ch_driver_init+0x0/0x15 returned 0 after 27 usecs
[    9.200528] calling  ch_driver_init+0x0/0x15 @ 1
[    9.207831] initcall ch_driver_init+0x0/0x15 returned 0 after 23 usecs
[    9.218952] calling  cp_driver_init+0x0/0x15 @ 1
[    9.226685] initcall cp_driver_init+0x0/0x15 returned 0 after 24 usecs
[    9.237435] calling  ez_driver_init+0x0/0x15 @ 1
[    9.245073] initcall ez_driver_init+0x0/0x15 returned 0 after 27 usecs
[    9.255066] calling  gyration_driver_init+0x0/0x15 @ 1
[    9.263583] initcall gyration_driver_init+0x0/0x15 returned 0 after 104 usecs
[    9.275099] calling  ite_driver_init+0x0/0x15 @ 1
[    9.282816] initcall ite_driver_init+0x0/0x15 returned 0 after 25 usecs
[    9.293337] calling  ks_driver_init+0x0/0x15 @ 1
[    9.300567] initcall ks_driver_init+0x0/0x15 returned 0 after 25 usecs
[    9.311214] calling  lg_driver_init+0x0/0x15 @ 1
[    9.318679] initcall lg_driver_init+0x0/0x15 returned 0 after 31 usecs
[    9.329151] calling  lg_g15_driver_init+0x0/0x15 @ 1
[    9.336879] initcall lg_g15_driver_init+0x0/0x15 returned 0 after 91 usecs
[    9.347549] calling  ms_driver_init+0x0/0x15 @ 1
[    9.354987] initcall ms_driver_init+0x0/0x15 returned 0 after 25 usecs
[    9.365674] calling  mr_driver_init+0x0/0x15 @ 1
[    9.373876] initcall mr_driver_init+0x0/0x15 returned 0 after 81 usecs
[    9.384874] calling  ntrig_driver_init+0x0/0x15 @ 1
[    9.393387] initcall ntrig_driver_init+0x0/0x15 returned 0 after 46 usecs
[    9.404229] calling  pl_driver_init+0x0/0x15 @ 1
[    9.411608] initcall pl_driver_init+0x0/0x15 returned 0 after 188 usecs
[    9.422334] calling  pl_driver_init+0x0/0x15 @ 1
[    9.431033] initcall pl_driver_init+0x0/0x15 returned 0 after 33 usecs
[    9.442857] calling  redragon_driver_init+0x0/0x15 @ 1
[    9.452082] initcall redragon_driver_init+0x0/0x15 returned 0 after 30 usecs
[    9.463463] calling  samsung_driver_init+0x0/0x15 @ 1
[    9.471866] initcall samsung_driver_init+0x0/0x15 returned 0 after 25 usecs
[    9.483077] calling  sony_init+0x0/0x38 @ 1
[    9.490011] initcall sony_init+0x0/0x38 returned 0 after 99 usecs
[    9.499986] calling  sp_driver_init+0x0/0x15 @ 1
[    9.507587] initcall sp_driver_init+0x0/0x15 returned 0 after 53 usecs
[    9.518275] calling  ts_driver_init+0x0/0x15 @ 1
[    9.525938] initcall ts_driver_init+0x0/0x15 returned 0 after 85 usecs
[    9.536010] calling  hid_init+0x0/0x58 @ 1
[    9.543686] usbcore: registered new interface driver usbhid
[    9.552940] usbhid: USB HID core driver
[    9.558867] initcall hid_init+0x0/0x58 returned 0 after 15628 usecs
[    9.569031] calling  eeepc_laptop_init+0x0/0x57 @ 1
[    9.578652] initcall eeepc_laptop_init+0x0/0x57 returned -19 after 1998 usecs
[    9.591304] calling  pmc_atom_init+0x0/0x27a @ 1
[    9.599576] initcall pmc_atom_init+0x0/0x27a returned -19 after 78 usecs
[    9.611241] calling  alsa_hwdep_init+0x0/0x5e @ 1
[    9.619928] initcall alsa_hwdep_init+0x0/0x5e returned 0 after 305 usecs
[    9.631372] calling  alsa_timer_init+0x0/0x1f0 @ 1
[    9.670061] sr 2:0:0:0: Attached scsi CD-ROM sr0
[    9.691426] sr 2:0:0:0: Attached scsi generic sg0 type 5
[    9.870764] input: ImExPS/2 Generic Explorer Mouse as /devices/platform/i8042/serio1/input/input3
[   10.503204] initcall alsa_timer_init+0x0/0x1f0 returned 0 after 844541 usecs
[   10.515196] calling  snd_hrtimer_init+0x0/0x117 @ 1
[   10.522201] initcall snd_hrtimer_init+0x0/0x117 returned 0 after 4 usecs
[   10.532158] calling  alsa_pcm_init+0x0/0x64 @ 1
[   10.538879] initcall alsa_pcm_init+0x0/0x64 returned 0 after 119 usecs
[   10.549897] calling  alsa_seq_init+0x0/0x4a @ 1
[   10.616006] initcall alsa_seq_init+0x0/0x4a returned 0 after 57110 usecs
[   10.626923] calling  alsa_seq_dummy_init+0x0/0x9c @ 1
[   10.635356] initcall alsa_seq_dummy_init+0x0/0x9c returned 0 after 63 usecs
[   10.657583] calling  azx_driver_init+0x0/0x15 @ 1
[   10.682411] initcall azx_driver_init+0x0/0x15 returned 0 after 12940 usecs
[   10.693294] calling  sock_diag_init+0x0/0x2a @ 1
[   10.705066] initcall sock_diag_init+0x0/0x2a returned 0 after 4289 usecs
[   10.715906] calling  blackhole_init+0x0/0xc @ 1
[   10.723414] initcall blackhole_init+0x0/0xc returned 0 after 161 usecs
[   10.733738] calling  nfnetlink_init+0x0/0x57 @ 1
[   10.741468] initcall nfnetlink_init+0x0/0x57 returned 0 after 262 usecs
[   10.752121] calling  nfnetlink_log_init+0x0/0x99 @ 1
[   10.761318] initcall nfnetlink_log_init+0x0/0x99 returned 0 after 1155 usecs
[   10.772346] calling  nf_conntrack_standalone_init+0x0/0x87 @ 1
[   10.791566] initcall nf_conntrack_standalone_init+0x0/0x87 returned 0 after 9076 usecs
[   10.804715] calling  ctnetlink_init+0x0/0x83 @ 1
[   10.812274] initcall ctnetlink_init+0x0/0x83 returned 0 after 2 usecs
[   10.821978] calling  nf_conntrack_ftp_init+0x0/0x12c @ 1
[   10.830543] initcall nf_conntrack_ftp_init+0x0/0x12c returned 0 after 57 usecs
[   10.841482] calling  nf_conntrack_irc_init+0x0/0x129 @ 1
[   10.849871] initcall nf_conntrack_irc_init+0x0/0x129 returned 0 after 260 usecs
[   10.861847] calling  nf_conntrack_sip_init+0x0/0x172 @ 1
[   10.871510] initcall nf_conntrack_sip_init+0x0/0x172 returned 0 after 10 usecs
[   10.883133] calling  nf_nat_init+0x0/0xbb @ 1
[   10.892883] initcall nf_nat_init+0x0/0xbb returned 0 after 1609 usecs
[   10.902972] calling  nf_nat_ftp_init+0x0/0x2a @ 1
[   10.910666] initcall nf_nat_ftp_init+0x0/0x2a returned 0 after 1 usecs
[   10.920511] calling  nf_nat_irc_init+0x0/0x2a @ 1
[   10.928413] initcall nf_nat_irc_init+0x0/0x2a returned 0 after 1 usecs
[   10.937348] calling  nf_nat_sip_init+0x0/0x36 @ 1
[   10.943615] initcall nf_nat_sip_init+0x0/0x36 returned 0 after 1 usecs
[   10.952546] calling  xt_init+0x0/0xcf @ 1
[   10.958534] initcall xt_init+0x0/0xcf returned 0 after 171 usecs
[   10.967038] calling  tcpudp_mt_init+0x0/0x11 @ 1
[   10.974538] initcall tcpudp_mt_init+0x0/0x11 returned 0 after 124 usecs
[   10.983711] calling  connsecmark_tg_init+0x0/0xc @ 1
[   10.990831] initcall connsecmark_tg_init+0x0/0xc returned 0 after 1 usecs
[   11.000482] calling  nflog_tg_init+0x0/0xc @ 1
[   11.007187] initcall nflog_tg_init+0x0/0xc returned 0 after 1 usecs
[   11.016069] calling  secmark_tg_init+0x0/0x11 @ 1
[   11.023425] initcall secmark_tg_init+0x0/0x11 returned 0 after 60 usecs
[   11.032999] calling  tcpmss_tg_init+0x0/0x11 @ 1
[   11.040997] initcall tcpmss_tg_init+0x0/0x11 returned 0 after 1 usecs
[   11.051243] calling  conntrack_mt_init+0x0/0x11 @ 1
[   11.058800] initcall conntrack_mt_init+0x0/0x11 returned 0 after 1 usecs
[   11.069690] calling  policy_mt_init+0x0/0x11 @ 1
[   11.077344] initcall policy_mt_init+0x0/0x11 returned 0 after 1 usecs
[   11.088215] calling  state_mt_init+0x0/0xc @ 1
[   11.095916] initcall state_mt_init+0x0/0xc returned 0 after 1 usecs
[   11.106252] calling  gre_offload_init+0x0/0x48 @ 1
[   11.114074] initcall gre_offload_init+0x0/0x48 returned 0 after 460 usecs
[   11.125003] calling  sysctl_ipv4_init+0x0/0x46 @ 1
[   11.134908] initcall sysctl_ipv4_init+0x0/0x46 returned 0 after 2397 usecs
[   11.145298] calling  tunnel4_init+0x0/0x58 @ 1
[   11.152445] initcall tunnel4_init+0x0/0x58 returned 0 after 95 usecs
[   11.163266] calling  nf_defrag_init+0x0/0xc @ 1
[   11.171530] initcall nf_defrag_init+0x0/0xc returned 0 after 30 usecs
[   11.182787] calling  ip_tables_init+0x0/0x8d @ 1
[   11.191417] initcall ip_tables_init+0x0/0x8d returned 0 after 664 usecs
[   11.202480] calling  iptable_filter_init+0x0/0x4c @ 1
[   11.214553] initcall iptable_filter_init+0x0/0x4c returned 0 after 3783 usecs
[   11.226150] calling  iptable_mangle_init+0x0/0xb8 @ 1
[   11.234911] initcall iptable_mangle_init+0x0/0xb8 returned 0 after 239 usecs
[   11.246298] calling  reject_tg_init+0x0/0xc @ 1
[   11.253835] initcall reject_tg_init+0x0/0xc returned 0 after 1 usecs
[   11.264640] calling  cubictcp_register+0x0/0x53 @ 1
[   11.273005] initcall cubictcp_register+0x0/0x53 returned 0 after 122 usecs
[   11.284184] calling  xfrm_user_init+0x0/0x45 @ 1
[   11.291817] Initializing XFRM netlink socket
[   11.299599] initcall xfrm_user_init+0x0/0x45 returned 0 after 7700 usecs
[   11.310548] calling  inet6_init+0x0/0x35e @ 1
[   11.321658] NET: Registered protocol family 10
[   11.347879] rcu-torture: rcu_torture_read_exit: End of episode
[   11.360834] Segment Routing with IPv6
[   11.366594] initcall inet6_init+0x0/0x35e returned 0 after 47543 usecs
[   11.376520] calling  ah6_init+0x0/0x71 @ 1
[   11.383227] initcall ah6_init+0x0/0x71 returned 0 after 139 usecs
[   11.393196] calling  esp6_init+0x0/0x71 @ 1
[   11.399483] initcall esp6_init+0x0/0x71 returned 0 after 1 usecs
[   11.409857] calling  ip6_tables_init+0x0/0x8d @ 1
[   11.421653] initcall ip6_tables_init+0x0/0x8d returned 0 after 59 usecs
[   11.431751] calling  ip6table_filter_init+0x0/0x4c @ 1
[   11.440633] initcall ip6table_filter_init+0x0/0x4c returned 0 after 807 usecs
[   11.450660] calling  ip6table_mangle_init+0x0/0xb8 @ 1
[   11.458391] initcall ip6table_mangle_init+0x0/0xb8 returned 0 after 72 usecs
[   11.468482] calling  nf_defrag_init+0x0/0x45 @ 1
[   11.475468] initcall nf_defrag_init+0x0/0x45 returned 0 after 62 usecs
[   11.485204] calling  ipv6header_mt6_init+0x0/0xc @ 1
[   11.492672] initcall ipv6header_mt6_init+0x0/0xc returned 0 after 0 usecs
[   11.502895] calling  reject_tg6_init+0x0/0xc @ 1
[   11.509637] initcall reject_tg6_init+0x0/0xc returned 0 after 1 usecs
[   11.518832] calling  sit_init+0x0/0xc3 @ 1
[   11.524746] sit: IPv6, IPv4 and MPLS over IPv4 tunneling driver
[   11.535558] initcall sit_init+0x0/0xc3 returned 0 after 10555 usecs
[   11.545590] calling  packet_init+0x0/0x75 @ 1
[   11.551720] NET: Registered protocol family 17
[   11.558313] initcall packet_init+0x0/0x75 returned 0 after 6456 usecs
[   11.569583] calling  init_rpcsec_gss+0x0/0x60 @ 1
[   11.578409] initcall init_rpcsec_gss+0x0/0x60 returned 0 after 686 usecs
[   11.589014] calling  init_dns_resolver+0x0/0xca @ 1
[   11.596454] Key type dns_resolver registered
[   11.603515] initcall init_dns_resolver+0x0/0xca returned 0 after 7269 usecs
[   11.618555] calling  pm_check_save_msr+0x0/0x70 @ 1
[   11.626395] initcall pm_check_save_msr+0x0/0x70 returned 0 after 598 usecs
[   11.640236] calling  mcheck_init_device+0x0/0x112 @ 1
[   11.648258] initcall mcheck_init_device+0x0/0x112 returned 0 after 860 usecs
[   11.661088] calling  mcheck_late_init+0x0/0x58 @ 1
[   11.671729] initcall mcheck_late_init+0x0/0x58 returned 0 after 475 usecs
[   11.689538] calling  severities_debugfs_init+0x0/0x29 @ 1
[   11.697998] initcall severities_debugfs_init+0x0/0x29 returned 0 after 72 usecs
[   11.709744] calling  microcode_init+0x0/0x1bd @ 1
[   11.717244] initcall microcode_init+0x0/0x1bd returned -22 after 21 usecs
[   11.727030] calling  hpet_insert_resource+0x0/0x22 @ 1
[   11.735344] initcall hpet_insert_resource+0x0/0x22 returned 0 after 128 usecs
[   11.749483] calling  start_sync_check_timer+0x0/0x4f @ 1
