c[?7l[2J[0mSeaBIOS (version 1.16.0-debian-1.16.0-4)
Booting from ROM...
early console in setup code
c[?7l[2J[    0.000000] Linux version 5.10.158+ (root@joelboxx.c.googlers.com) (gcc (Debian 12.2.0-3) 12.2.0, GNU ld (GNU Binutils for Debian) 2.39) #10 SMP PREEMPT Tue Dec 13 22:48:52 UTC 2022
[    0.000000] Command line: selinux=0 initcall_debug debug console=ttyS0 rcutorture.torture_type=tasks-tracing rcutorture.onoff_interval=1000 rcutorture.onoff_holdoff=30 rcutorture.n_barrier_cbs=4 rcutorture.stat_interval=15 rcutorture.shutdown_secs=3600 rcutorture.test_no_idle_hz=1 rcutorture.verbose=1
[    0.000000] x86/fpu: x87 FPU will use FXSAVE
[    0.000000] BIOS-provided physical RAM map:
[    0.000000] BIOS-e820: [mem 0x0000000000000000-0x000000000009fbff] usable
[    0.000000] BIOS-e820: [mem 0x000000000009fc00-0x000000000009ffff] reserved
[    0.000000] BIOS-e820: [mem 0x00000000000f0000-0x00000000000fffff] reserved
[    0.000000] BIOS-e820: [mem 0x0000000000100000-0x000000001ffdefff] usable
[    0.000000] BIOS-e820: [mem 0x000000001ffdf000-0x000000001fffffff] reserved
[    0.000000] BIOS-e820: [mem 0x00000000b0000000-0x00000000bfffffff] reserved
[    0.000000] BIOS-e820: [mem 0x00000000fed1c000-0x00000000fed1ffff] reserved
[    0.000000] BIOS-e820: [mem 0x00000000feffc000-0x00000000feffffff] reserved
[    0.000000] BIOS-e820: [mem 0x00000000fffc0000-0x00000000ffffffff] reserved
[    0.000000] NX (Execute Disable) protection: active
[    0.000000] SMBIOS 2.8 present.
[    0.000000] DMI: QEMU Standard PC (Q35 + ICH9, 2009), BIOS 1.16.0-debian-1.16.0-4 04/01/2014
[    0.000000] Hypervisor detected: KVM
[    0.000000] kvm-clock: Using msrs 4b564d01 and 4b564d00
[    0.000000] kvm-clock: cpu 0, msr 192b5001, primary cpu clock
[    0.000001] kvm-clock: using sched offset of 3039403846 cycles
[    0.000445] clocksource: kvm-clock: mask: 0xffffffffffffffff max_cycles: 0x1cd42e4dffb, max_idle_ns: 881590591483 ns
[    0.000607] tsc: Detected 1999.999 MHz processor
[    0.013878] e820: update [mem 0x00000000-0x00000fff] usable ==> reserved
[    0.013886] e820: remove [mem 0x000a0000-0x000fffff] usable
[    0.013894] last_pfn = 0x1ffdf max_arch_pfn = 0x400000000
[    0.015115] MTRR default type: write-back
[    0.015226] MTRR fixed ranges enabled:
[    0.015228]   00000-9FFFF write-back
[    0.015229]   A0000-BFFFF uncachable
[    0.015230]   C0000-FFFFF write-protect
[    0.015231] MTRR variable ranges enabled:
[    0.015233]   0 base 00C0000000 mask FFC0000000 uncachable
[    0.015234]   1 disabled
[    0.015235]   2 disabled
[    0.015236]   3 disabled
[    0.015237]   4 disabled
[    0.015237]   5 disabled
[    0.015238]   6 disabled
[    0.015239]   7 disabled
[    0.015858] x86/PAT: Configuration [0-7]: WB  WC  UC- UC  WB  WC  UC- UC  
[    0.026438] found SMP MP-table at [mem 0x000f5ba0-0x000f5baf]
[    0.031101] check: Scanning 1 areas for low memory corruption
[    0.048336] ACPI: Early table checksum verification disabled
[    0.051427] ACPI: RSDP 0x00000000000F59E0 000014 (v00 BOCHS )
[    0.052056] ACPI: RSDT 0x000000001FFE23B1 000038 (v01 BOCHS  BXPC     00000001 BXPC 00000001)
[    0.052428] ACPI: FACP 0x000000001FFE2191 0000F4 (v03 BOCHS  BXPC     00000001 BXPC 00000001)
[    0.052634] ACPI: DSDT 0x000000001FFE0040 002151 (v01 BOCHS  BXPC     00000001 BXPC 00000001)
[    0.052640] ACPI: FACS 0x000000001FFE0000 000040
[    0.052644] ACPI: APIC 0x000000001FFE2285 000090 (v01 BOCHS  BXPC     00000001 BXPC 00000001)
[    0.052649] ACPI: HPET 0x000000001FFE2315 000038 (v01 BOCHS  BXPC     00000001 BXPC 00000001)
[    0.052653] ACPI: MCFG 0x000000001FFE234D 00003C (v01 BOCHS  BXPC     00000001 BXPC 00000001)
[    0.052657] ACPI: WAET 0x000000001FFE2389 000028 (v01 BOCHS  BXPC     00000001 BXPC 00000001)
[    0.052661] ACPI: Reserving FACP table memory at [mem 0x1ffe2191-0x1ffe2284]
[    0.052663] ACPI: Reserving DSDT table memory at [mem 0x1ffe0040-0x1ffe2190]
[    0.052665] ACPI: Reserving FACS table memory at [mem 0x1ffe0000-0x1ffe003f]
[    0.052666] ACPI: Reserving APIC table memory at [mem 0x1ffe2285-0x1ffe2314]
[    0.052667] ACPI: Reserving HPET table memory at [mem 0x1ffe2315-0x1ffe234c]
[    0.052668] ACPI: Reserving MCFG table memory at [mem 0x1ffe234d-0x1ffe2388]
[    0.052669] ACPI: Reserving WAET table memory at [mem 0x1ffe2389-0x1ffe23b0]
[    0.054246] ACPI: Local APIC address 0xfee00000
[    0.060098] No NUMA configuration found
[    0.060101] Faking a node at [mem 0x0000000000000000-0x000000001ffdefff]
[    0.060450] NODE_DATA(0) allocated [mem 0x1ffdb000-0x1ffdefff]
[    0.062992] Zone ranges:
[    0.063179]   DMA      [mem 0x0000000000001000-0x0000000000ffffff]
[    0.063269]   DMA32    [mem 0x0000000001000000-0x000000001ffdefff]
[    0.063272]   Normal   empty
[    0.063273] Movable zone start for each node
[    0.063444] Early memory node ranges
[    0.063445]   node   0: [mem 0x0000000000001000-0x000000000009efff]
[    0.063542]   node   0: [mem 0x0000000000100000-0x000000001ffdefff]
[    0.063628] Initmem setup node 0 [mem 0x0000000000001000-0x000000001ffdefff]
[    0.063629] On node 0 totalpages: 130941
[    0.063806]   DMA zone: 64 pages used for memmap
[    0.063807]   DMA zone: 21 pages reserved
[    0.063888]   DMA zone: 3998 pages, LIFO batch:0
[    0.063890]   DMA32 zone: 1984 pages used for memmap
[    0.063891]   DMA32 zone: 126943 pages, LIFO batch:31
[    0.099112] On node 0, zone DMA: 1 pages in unavailable ranges
[    0.105217] On node 0, zone DMA: 97 pages in unavailable ranges
[    0.332587] On node 0, zone DMA32: 33 pages in unavailable ranges
[    0.336874] ACPI: PM-Timer IO Port: 0x608
[    0.336880] ACPI: Local APIC address 0xfee00000
[    0.337307] ACPI: LAPIC_NMI (acpi_id[0xff] dfl dfl lint[0x1])
[    0.338986] IOAPIC[0]: apic_id 0, version 17, address 0xfec00000, GSI 0-23
[    0.338990] ACPI: INT_SRC_OVR (bus 0 bus_irq 0 global_irq 2 dfl dfl)
[    0.339185] ACPI: INT_SRC_OVR (bus 0 bus_irq 5 global_irq 5 high level)
[    0.339186] ACPI: INT_SRC_OVR (bus 0 bus_irq 9 global_irq 9 high level)
[    0.339354] ACPI: INT_SRC_OVR (bus 0 bus_irq 10 global_irq 10 high level)
[    0.339355] ACPI: INT_SRC_OVR (bus 0 bus_irq 11 global_irq 11 high level)
[    0.339357] ACPI: IRQ0 used by override.
[    0.339359] ACPI: IRQ5 used by override.
[    0.339360] ACPI: IRQ9 used by override.
[    0.339361] ACPI: IRQ10 used by override.
[    0.339362] ACPI: IRQ11 used by override.
[    0.339471] Using ACPI (MADT) for SMP configuration information
[    0.339473] ACPI: HPET id: 0x8086a201 base: 0xfed00000
[    0.340291] smpboot: Allowing 4 CPUs, 0 hotplug CPUs
[    0.342902] PM: hibernation: Registered nosave memory: [mem 0x00000000-0x00000fff]
[    0.342905] PM: hibernation: Registered nosave memory: [mem 0x0009f000-0x0009ffff]
[    0.342906] PM: hibernation: Registered nosave memory: [mem 0x000a0000-0x000effff]
[    0.342908] PM: hibernation: Registered nosave memory: [mem 0x000f0000-0x000fffff]
[    0.342911] [mem 0x20000000-0xafffffff] available for PCI devices
[    0.343068] Booting paravirtualized kernel on KVM
[    0.344158] clocksource: refined-jiffies: mask: 0xffffffff max_cycles: 0xffffffff, max_idle_ns: 1910969940391419 ns
[    0.395029] setup_percpu: NR_CPUS:4 nr_cpumask_bits:4 nr_cpu_ids:4 nr_node_ids:1
[    0.499725] percpu: Embedded 56 pages/cpu s191128 r8192 d30056 u524288
[    0.499831] pcpu-alloc: s191128 r8192 d30056 u524288 alloc=1*2097152
[    0.499935] pcpu-alloc: [0] 0 1 2 3 
[    0.500794] kvm-guest: stealtime: cpu 0, msr 1f41b600
[    0.501551] Built 1 zonelists, mobility grouping on.  Total pages: 128872
[    0.501553] Policy zone: DMA32
[    0.502297] Kernel command line: selinux=0 initcall_debug debug console=ttyS0 rcutorture.torture_type=tasks-tracing rcutorture.onoff_interval=1000 rcutorture.onoff_holdoff=30 rcutorture.n_barrier_cbs=4 rcutorture.stat_interval=15 rcutorture.shutdown_secs=3600 rcutorture.test_no_idle_hz=1 rcutorture.verbose=1
[    0.534087] Dentry cache hash table entries: 65536 (order: 7, 524288 bytes, linear)
[    0.539376] Inode-cache hash table entries: 32768 (order: 6, 262144 bytes, linear)
[    0.540575] mem auto-init: stack:all(zero), heap alloc:off, heap free:off
[    0.670296] Memory: 478632K/523764K available (16397K kernel code, 2542K rwdata, 4676K rodata, 1488K init, 1428K bss, 44872K reserved, 0K cma-reserved)
[    0.671991] SLUB: HWalign=64, Order=0-3, MinObjects=0, CPUs=4, Nodes=1
[    0.672939] Kernel/User page tables isolation: enabled
[    0.693241] rcu: Preemptible hierarchical RCU implementation.
[    0.693245] rcu: 	RCU event tracing is enabled.
[    0.693338] 	Trampoline variant of Tasks RCU enabled.
[    0.693339] 	Rude variant of Tasks RCU enabled.
[    0.693340] 	Tracing variant of Tasks RCU enabled.
[    0.693548] rcu: RCU calculated value of scheduler-enlistment delay is 100 jiffies.
[    0.718316] NR_IRQS: 4352, nr_irqs: 456, preallocated irqs: 16
[    0.722527] calling  con_init+0x0/0x22a @ 0
[    0.855017] Console: colour VGA+ 80x25
[    0.855029] initcall con_init+0x0/0x22a returned 0 after 0 usecs
[    0.855032] calling  hvc_console_init+0x0/0x13 @ 0
[    0.855107] initcall hvc_console_init+0x0/0x13 returned 0 after 0 usecs
[    0.855168] calling  univ8250_console_init+0x0/0x26 @ 0
[    1.782375] printk: console [ttyS0] enabled
[    1.787016] initcall univ8250_console_init+0x0/0x26 returned 0 after 0 usecs
[    1.795271] ACPI: Core revision 20200925
[    1.805303] clocksource: hpet: mask: 0xffffffff max_cycles: 0xffffffff, max_idle_ns: 19112604467 ns
[    1.818934] APIC: Switch to symmetric I/O mode setup
[    1.876452] ..TIMER: vector=0x30 apic1=0 pin1=2 apic2=-1 pin2=-1
[    1.886758] clocksource: tsc-early: mask: 0xffffffffffffffff max_cycles: 0x39a85afc727, max_idle_ns: 881590685098 ns
[    1.900149] Calibrating delay loop (skipped) preset value.. 3999.99 BogoMIPS (lpj=1999999)
[    1.901048] pid_max: default: 32768 minimum: 301
[    1.903611] LSM: Security Framework initializing
[    1.905207] Mount-cache hash table entries: 1024 (order: 1, 8192 bytes, linear)
[    1.906356] Mountpoint-cache hash table entries: 1024 (order: 1, 8192 bytes, linear)
[    1.924192] Last level iTLB entries: 4KB 0, 2MB 0, 4MB 0
[    1.925097] Last level dTLB entries: 4KB 0, 2MB 0, 4MB 0, 1GB 0
[    1.927082] Spectre V1 : Mitigation: usercopy/swapgs barriers and __user pointer sanitization
[    1.928130] Spectre V2 : Mitigation: Retpolines
[    1.929042] Spectre V2 : Spectre v2 / SpectreRSB mitigation: Filling RSB on context switch
[    1.930042] Spectre V2 : Spectre v2 / SpectreRSB : Filling RSB on VMEXIT
[    1.931043] Speculative Store Bypass: Vulnerable
[    1.932046] MDS: Vulnerable: Clear CPU buffers attempted, no microcode
[    1.933042] MMIO Stale Data: Unknown: No mitigations
[    2.086587] Freeing SMP alternatives memory: 40K
[    2.190797] smpboot: CPU0: Intel Common KVM processor (family: 0xf, model: 0x6, stepping: 0x1)
[    2.195825] calling  init_hw_perf_events+0x0/0x6ce @ 1
[    2.196046] Performance Events: unsupported Netburst CPU model 6 no PMU driver, software events only.
[    2.197054] initcall init_hw_perf_events+0x0/0x6ce returned 0 after 976 usecs
[    2.198050] calling  init_real_mode+0x0/0x1e9 @ 1
[    2.199568] initcall init_real_mode+0x0/0x1e9 returned 0 after 0 usecs
[    2.200049] calling  trace_init_perf_perm_irq_work_exit+0x0/0x12 @ 1
[    2.201050] initcall trace_init_perf_perm_irq_work_exit+0x0/0x12 returned 0 after 0 usecs
[    2.202073] calling  validate_x2apic+0x0/0x4a @ 1
[    2.203073] initcall validate_x2apic+0x0/0x4a returned 0 after 0 usecs
[    2.204049] calling  register_nmi_cpu_backtrace_handler+0x0/0x15 @ 1
[    2.205047] initcall register_nmi_cpu_backtrace_handler+0x0/0x15 returned 0 after 0 usecs
[    2.206050] calling  kvm_setup_vsyscall_timeinfo+0x0/0xd1 @ 1
[    2.207048] initcall kvm_setup_vsyscall_timeinfo+0x0/0xd1 returned 0 after 0 usecs
[    2.208049] calling  spawn_ksoftirqd+0x0/0x38 @ 1
[    2.209271] initcall spawn_ksoftirqd+0x0/0x38 returned 0 after 0 usecs
[    2.210064] calling  migration_init+0x0/0x31 @ 1
[    2.211048] initcall migration_init+0x0/0x31 returned 0 after 0 usecs
[    2.212053] calling  srcu_bootup_announce+0x0/0x2f @ 1
[    2.213050] rcu: Hierarchical SRCU implementation.
[    2.214047] initcall srcu_bootup_announce+0x0/0x2f returned 0 after 976 usecs
[    2.215048] calling  rcu_spawn_gp_kthread+0x0/0x1b0 @ 1
[    2.216426] initcall rcu_spawn_gp_kthread+0x0/0x1b0 returned 0 after 0 usecs
[    2.217047] calling  check_cpu_stall_init+0x0/0x1a @ 1
[    2.218048] initcall check_cpu_stall_init+0x0/0x1a returned 0 after 0 usecs
[    2.219062] calling  rcu_sysrq_init+0x0/0x21 @ 1
[    2.220096] initcall rcu_sysrq_init+0x0/0x21 returned 0 after 0 usecs
[    2.221063] calling  trace_init_flags_sys_enter+0x0/0xe @ 1
[    2.222049] initcall trace_init_flags_sys_enter+0x0/0xe returned 0 after 0 usecs
[    2.223046] calling  trace_init_flags_sys_exit+0x0/0xe @ 1
[    2.224047] initcall trace_init_flags_sys_exit+0x0/0xe returned 0 after 0 usecs
[    2.225046] calling  cpu_stop_init+0x0/0x6e @ 1
[    2.226281] initcall cpu_stop_init+0x0/0x6e returned 0 after 0 usecs
[    2.227046] calling  init_kprobes+0x0/0x165 @ 1
[    2.229405] initcall init_kprobes+0x0/0x165 returned 0 after 976 usecs
[    2.230045] calling  init_events+0x0/0x3d @ 1
[    2.231052] initcall init_events+0x0/0x3d returned 0 after 0 usecs
[    2.232045] calling  init_trace_printk+0x0/0xc @ 1
[    2.233046] initcall init_trace_printk+0x0/0xc returned 0 after 0 usecs
[    2.234060] calling  event_trace_enable_again+0x0/0x23 @ 1
[    2.235045] initcall event_trace_enable_again+0x0/0x23 returned 0 after 0 usecs
[    2.236044] calling  static_call_init+0x0/0x77 @ 1
[    2.237044] initcall static_call_init+0x0/0x77 returned 0 after 0 usecs
[    2.238045] calling  jump_label_init_module+0x0/0xc @ 1
[    2.239045] initcall jump_label_init_module+0x0/0xc returned 0 after 0 usecs
[    2.240044] calling  init_zero_pfn+0x0/0x37 @ 1
[    2.241043] initcall init_zero_pfn+0x0/0x37 returned 0 after 0 usecs
[    2.242044] calling  initialize_ptr_random+0x0/0x54 @ 1
[    2.243047] initcall initialize_ptr_random+0x0/0x54 returned 0 after 0 usecs
[    2.244045] calling  efi_memreserve_root_init+0x0/0x25 @ 1
[    2.246043] initcall efi_memreserve_root_init+0x0/0x25 returned 0 after 976 usecs
[    2.247046] calling  efi_earlycon_remap_fb+0x0/0x51 @ 1
[    2.248046] initcall efi_earlycon_remap_fb+0x0/0x51 returned 0 after 0 usecs
[    2.250490] smp: Bringing up secondary CPUs ...
[    2.254049] x86: Booting SMP configuration:
[    2.256046] .... node  #0, CPUs:      #1
[    1.176441] kvm-clock: cpu 1, msr 192b5041, secondary cpu clock
[    2.283188] kvm-guest: stealtime: cpu 1, msr 1f49b600
[    2.300769]  #2
[    1.176441] kvm-clock: cpu 2, msr 192b5081, secondary cpu clock
[    2.323194] kvm-guest: stealtime: cpu 2, msr 1f51b600
[    2.339510]  #3
[    1.176441] kvm-clock: cpu 3, msr 192b50c1, secondary cpu clock
[    2.361210] kvm-guest: stealtime: cpu 3, msr 1f59b600
[    2.375451] smp: Brought up 1 node, 4 CPUs
[    2.376044] smpboot: Max logical packages: 1
[    2.377044] smpboot: Total of 4 processors activated (15999.99 BogoMIPS)
[    2.380373] devtmpfs: initialized
[    2.381306] calling  ipc_ns_init+0x0/0x3d @ 1
[    2.382112] initcall ipc_ns_init+0x0/0x3d returned 0 after 0 usecs
[    2.383049] calling  init_mmap_min_addr+0x0/0x21 @ 1
[    2.384071] initcall init_mmap_min_addr+0x0/0x21 returned 0 after 0 usecs
[    2.385047] calling  pci_realloc_setup_params+0x0/0x3f @ 1
[    2.386049] initcall pci_realloc_setup_params+0x0/0x3f returned 0 after 0 usecs
[    2.387065] calling  net_ns_init+0x0/0x140 @ 1
[    2.389358] initcall net_ns_init+0x0/0x140 returned 0 after 976 usecs
[    2.390071] calling  e820__register_nvs_regions+0x0/0x37 @ 1
[    2.391052] initcall e820__register_nvs_regions+0x0/0x37 returned 0 after 0 usecs
[    2.392053] calling  cpufreq_register_tsc_scaling+0x0/0x2e @ 1
[    2.393049] initcall cpufreq_register_tsc_scaling+0x0/0x2e returned 0 after 0 usecs
[    2.394047] calling  reboot_init+0x0/0x3c @ 1
[    2.395087] initcall reboot_init+0x0/0x3c returned 0 after 0 usecs
[    2.396047] calling  init_lapic_sysfs+0x0/0x20 @ 1
[    2.397045] initcall init_lapic_sysfs+0x0/0x20 returned 0 after 0 usecs
[    2.398045] calling  alloc_frozen_cpus+0x0/0x7 @ 1
[    2.399046] initcall alloc_frozen_cpus+0x0/0x7 returned 0 after 0 usecs
[    2.400045] calling  cpu_hotplug_pm_sync_init+0x0/0x13 @ 1
[    2.401046] initcall cpu_hotplug_pm_sync_init+0x0/0x13 returned 0 after 0 usecs
[    2.402045] calling  wq_sysfs_init+0x0/0x2a @ 1
[    2.404089] initcall wq_sysfs_init+0x0/0x2a returned 0 after 0 usecs
[    2.405045] calling  ksysfs_init+0x0/0x92 @ 1
[    2.406052] initcall ksysfs_init+0x0/0x92 returned 0 after 0 usecs
[    2.407044] calling  schedutil_gov_init+0x0/0xc @ 1
[    2.408061] initcall schedutil_gov_init+0x0/0xc returned 0 after 0 usecs
[    2.409045] calling  pm_init+0x0/0x76 @ 1
[    2.410084] initcall pm_init+0x0/0x76 returned 0 after 0 usecs
[    2.411046] calling  pm_disk_init+0x0/0x13 @ 1
[    2.412067] initcall pm_disk_init+0x0/0x13 returned 0 after 0 usecs
[    2.414046] calling  swsusp_header_init+0x0/0x2b @ 1
[    2.415052] initcall swsusp_header_init+0x0/0x2b returned 0 after 0 usecs
[    2.416046] calling  rcu_set_runtime_mode+0x0/0x16 @ 1
[    2.417048] initcall rcu_set_runtime_mode+0x0/0x16 returned 0 after 0 usecs
[    2.418050] calling  init_jiffies_clocksource+0x0/0x13 @ 1
[    2.419046] clocksource: jiffies: mask: 0xffffffff max_cycles: 0xffffffff, max_idle_ns: 1911260446275000 ns
[    2.420053] initcall init_jiffies_clocksource+0x0/0x13 returned 0 after 976 usecs
[    2.421051] calling  futex_init+0x0/0xfa @ 1
[    2.422053] futex hash table entries: 1024 (order: 4, 65536 bytes, linear)
[    2.423092] initcall futex_init+0x0/0xfa returned 0 after 976 usecs
[    2.424055] calling  cgroup_wq_init+0x0/0x28 @ 1
[    2.425079] initcall cgroup_wq_init+0x0/0x28 returned 0 after 0 usecs
[    2.426049] calling  cgroup1_wq_init+0x0/0x28 @ 1
[    2.427054] initcall cgroup1_wq_init+0x0/0x28 returned 0 after 0 usecs
[    2.428046] calling  init_kprobe_trace_early+0x0/0x2a @ 1
[    2.429046] initcall init_kprobe_trace_early+0x0/0x2a returned 0 after 0 usecs
[    2.430047] calling  fsnotify_init+0x0/0x48 @ 1
[    2.431058] initcall fsnotify_init+0x0/0x48 returned 0 after 0 usecs
[    2.433044] calling  filelock_init+0x0/0x96 @ 1
[    2.434055] initcall filelock_init+0x0/0x96 returned 0 after 0 usecs
[    2.435076] calling  init_misc_binfmt+0x0/0x2c @ 1
[    2.436047] initcall init_misc_binfmt+0x0/0x2c returned 0 after 0 usecs
[    2.437045] calling  init_script_binfmt+0x0/0x15 @ 1
[    2.438045] initcall init_script_binfmt+0x0/0x15 returned 0 after 0 usecs
[    2.439044] calling  init_elf_binfmt+0x0/0x15 @ 1
[    2.440047] initcall init_elf_binfmt+0x0/0x15 returned 0 after 0 usecs
[    2.441045] calling  init_compat_elf_binfmt+0x0/0x15 @ 1
[    2.442056] initcall init_compat_elf_binfmt+0x0/0x15 returned 0 after 0 usecs
[    2.443045] calling  debugfs_init+0x0/0x5c @ 1
[    2.444078] initcall debugfs_init+0x0/0x5c returned 0 after 0 usecs
[    2.445045] calling  tracefs_init+0x0/0x3a @ 1
[    2.446054] initcall tracefs_init+0x0/0x3a returned 0 after 0 usecs
[    2.447046] calling  prandom_init_early+0x0/0x15d @ 1
[    2.448047] initcall prandom_init_early+0x0/0x15d returned 0 after 0 usecs
[    2.449172] calling  virtio_init+0x0/0x20 @ 1
[    2.450064] initcall virtio_init+0x0/0x20 returned 0 after 0 usecs
[    2.451047] calling  iommu_init+0x0/0x2a @ 1
[    2.452049] initcall iommu_init+0x0/0x2a returned 0 after 0 usecs
[    2.453049] calling  component_debug_init+0x0/0x1c @ 1
[    2.454162] initcall component_debug_init+0x0/0x1c returned 0 after 0 usecs
[    2.455050] calling  early_resume_init+0x0/0xb9 @ 1
[    2.457043] PM: RTC time: 23:01:23, date: 2022-12-13
[    2.458049] initcall early_resume_init+0x0/0xb9 returned 0 after 1953 usecs
[    2.459048] calling  cpufreq_core_init+0x0/0x62 @ 1
[    2.460074] initcall cpufreq_core_init+0x0/0x62 returned 0 after 0 usecs
[    2.461050] calling  cpufreq_gov_performance_init+0x0/0xc @ 1
[    2.462088] initcall cpufreq_gov_performance_init+0x0/0xc returned 0 after 0 usecs
[    2.464056] calling  cpufreq_gov_userspace_init+0x0/0xc @ 1
[    2.465048] initcall cpufreq_gov_userspace_init+0x0/0xc returned 0 after 0 usecs
[    2.466050] calling  CPU_FREQ_GOV_ONDEMAND_init+0x0/0xc @ 1
[    2.467328] initcall CPU_FREQ_GOV_ONDEMAND_init+0x0/0xc returned 0 after 0 usecs
[    2.468050] calling  cpuidle_init+0x0/0x1f @ 1
[    2.469095] initcall cpuidle_init+0x0/0x1f returned 0 after 0 usecs
[    2.470050] calling  capsule_reboot_register+0x0/0xc @ 1
[    2.471051] initcall capsule_reboot_register+0x0/0xc returned 0 after 0 usecs
[    2.472051] calling  sock_init+0x0/0x93 @ 1
[    2.475346] initcall sock_init+0x0/0x93 returned 0 after 1953 usecs
[    2.476050] calling  net_inuse_init+0x0/0x23 @ 1
[    2.477062] initcall net_inuse_init+0x0/0x23 returned 0 after 0 usecs
[    2.478050] calling  net_defaults_init+0x0/0x23 @ 1
[    2.479053] initcall net_defaults_init+0x0/0x23 returned 0 after 0 usecs
[    2.480048] calling  init_default_flow_dissectors+0x0/0x4f @ 1
[    2.481048] initcall init_default_flow_dissectors+0x0/0x4f returned 0 after 0 usecs
[    2.482049] calling  netpoll_init+0x0/0x26 @ 1
[    2.484046] initcall netpoll_init+0x0/0x26 returned 0 after 0 usecs
[    2.485049] calling  netlink_proto_init+0x0/0x14f @ 1
[    2.486368] NET: Registered protocol family 16
[    2.488061] initcall netlink_proto_init+0x0/0x14f returned 0 after 1953 usecs
[    2.489046] calling  genl_init+0x0/0x35 @ 1
[    2.490053] initcall genl_init+0x0/0x35 returned 0 after 0 usecs
[    2.491046] calling  bsp_pm_check_init+0x0/0x13 @ 1
[    2.492046] initcall bsp_pm_check_init+0x0/0x13 returned 0 after 0 usecs
[    2.493064] calling  irq_sysfs_init+0x0/0xb7 @ 1
[    2.495055] initcall irq_sysfs_init+0x0/0xb7 returned 0 after 976 usecs
[    2.496047] calling  audit_init+0x0/0x160 @ 1
[    2.497047] audit: initializing netlink subsys (disabled)
[    2.500474] initcall audit_init+0x0/0x160 returned 0 after 2929 usecs
[    2.500064] audit: type=2000 audit(1670972481.575:1): state=initialized audit_enabled=0 res=1
[    2.501070] calling  release_early_probes+0x0/0x32 @ 1
[    2.501074] initcall release_early_probes+0x0/0x32 returned 0 after 0 usecs
[    2.504049] calling  bdi_class_init+0x0/0x48 @ 1
[    2.505079] initcall bdi_class_init+0x0/0x48 returned 0 after 0 usecs
[    2.506046] calling  mm_sysfs_init+0x0/0x28 @ 1
[    2.507053] initcall mm_sysfs_init+0x0/0x28 returned 0 after 0 usecs
[    2.508048] calling  init_per_zone_wmark_min+0x0/0x6d @ 1
[    2.509052] initcall init_per_zone_wmark_min+0x0/0x6d returned 0 after 0 usecs
[    2.510047] calling  mpi_init+0x0/0x3e @ 1
[    2.512076] initcall mpi_init+0x0/0x3e returned 0 after 0 usecs
[    2.513046] calling  kobject_uevent_init+0x0/0xc @ 1
[    2.514060] initcall kobject_uevent_init+0x0/0xc returned 0 after 0 usecs
[    2.515047] calling  pcibus_class_init+0x0/0x13 @ 1
[    2.516088] initcall pcibus_class_init+0x0/0x13 returned 0 after 0 usecs
[    2.517045] calling  pci_driver_init+0x0/0x21 @ 1
[    2.518074] initcall pci_driver_init+0x0/0x21 returned 0 after 0 usecs
[    2.519045] calling  backlight_class_init+0x0/0xa8 @ 1
[    2.520072] initcall backlight_class_init+0x0/0xa8 returned 0 after 0 usecs
[    2.521046] calling  tty_class_init+0x0/0x33 @ 1
[    2.523061] initcall tty_class_init+0x0/0x33 returned 0 after 0 usecs
[    2.524049] calling  vtconsole_class_init+0x0/0xb5 @ 1
[    2.526062] initcall vtconsole_class_init+0x0/0xb5 returned 0 after 976 usecs
[    2.527049] calling  iommu_dev_init+0x0/0x13 @ 1
[    2.528063] initcall iommu_dev_init+0x0/0x13 returned 0 after 0 usecs
[    2.529046] calling  mipi_dsi_bus_init+0x0/0xc @ 1
[    2.530107] initcall mipi_dsi_bus_init+0x0/0xc returned 0 after 0 usecs
[    2.531048] calling  devlink_class_init+0x0/0x40 @ 1
[    2.532057] initcall devlink_class_init+0x0/0x40 returned 0 after 0 usecs
[    2.533045] calling  software_node_init+0x0/0x2a @ 1
[    2.534051] initcall software_node_init+0x0/0x2a returned 0 after 0 usecs
[    2.535047] calling  wakeup_sources_debugfs_init+0x0/0x23 @ 1
[    2.536057] initcall wakeup_sources_debugfs_init+0x0/0x23 returned 0 after 0 usecs
[    2.537046] calling  wakeup_sources_sysfs_init+0x0/0x2c @ 1
[    2.538061] initcall wakeup_sources_sysfs_init+0x0/0x2c returned 0 after 0 usecs
[    2.539046] calling  register_node_type+0x0/0x13 @ 1
[    2.540095] initcall register_node_type+0x0/0x13 returned 0 after 0 usecs
[    2.541045] calling  regmap_initcall+0x0/0xc @ 1
[    2.542057] initcall regmap_initcall+0x0/0xc returned 0 after 0 usecs
[    2.543045] calling  i2c_init+0x0/0xb3 @ 1
[    2.544093] initcall i2c_init+0x0/0xb3 returned 0 after 0 usecs
[    2.545049] calling  thermal_init+0x0/0xf2 @ 1
[    2.546063] thermal_sys: Registered thermal governor 'step_wise'
[    2.546065] thermal_sys: Registered thermal governor 'user_space'
[    2.547062] initcall thermal_init+0x0/0xf2 returned 0 after 976 usecs
[    2.549049] calling  init_menu+0x0/0xc @ 1
[    2.551045] cpuidle: using governor menu
[    2.557051] initcall init_menu+0x0/0xc returned 0 after 6835 usecs
[    2.566056] calling  pcc_init+0x0/0x4d @ 1
[    2.571050] initcall pcc_init+0x0/0x4d returned -19 after 0 usecs
[    2.580052] calling  amd_postcore_init+0x0/0x11e @ 1
[    2.587050] initcall amd_postcore_init+0x0/0x11e returned 0 after 0 usecs
[    2.597073] calling  bts_init+0x0/0xba @ 1
[    2.603048] initcall bts_init+0x0/0xba returned -19 after 0 usecs
[    2.612048] calling  pt_init+0x0/0x341 @ 1
[    2.619046] initcall pt_init+0x0/0x341 returned -19 after 0 usecs
[    2.627047] calling  boot_params_ksysfs_init+0x0/0x2ee @ 1
[    2.636078] initcall boot_params_ksysfs_init+0x0/0x2ee returned 0 after 0 usecs
[    2.647050] calling  sbf_init+0x0/0xea @ 1
[    2.652047] initcall sbf_init+0x0/0xea returned 0 after 0 usecs
[    2.659049] calling  arch_kdebugfs_init+0x0/0x219 @ 1
[    2.666480] initcall arch_kdebugfs_init+0x0/0x219 returned 0 after 0 usecs
[    2.675054] calling  intel_pconfig_init+0x0/0x85 @ 1
[    2.679047] initcall intel_pconfig_init+0x0/0x85 returned 0 after 0 usecs
[    2.686049] calling  mtrr_if_init+0x0/0x5d @ 1
[    2.692055] initcall mtrr_if_init+0x0/0x5d returned 0 after 0 usecs
[    2.699049] calling  activate_jump_labels+0x0/0x31 @ 1
[    2.705048] initcall activate_jump_labels+0x0/0x31 returned 0 after 0 usecs
[    2.713049] calling  ffh_cstate_init+0x0/0x29 @ 1
[    2.719051] initcall ffh_cstate_init+0x0/0x29 returned 0 after 0 usecs
[    2.727061] calling  activate_jump_labels+0x0/0x31 @ 1
[    2.734418] initcall activate_jump_labels+0x0/0x31 returned 0 after 0 usecs
[    2.743047] calling  kvm_alloc_cpumask+0x0/0x74 @ 1
[    2.749092] initcall kvm_alloc_cpumask+0x0/0x74 returned 0 after 0 usecs
[    2.758048] calling  kcmp_cookies_init+0x0/0x37 @ 1
[    2.764055] initcall kcmp_cookies_init+0x0/0x37 returned 0 after 0 usecs
[    2.772048] calling  cryptomgr_init+0x0/0xc @ 1
[    2.778126] initcall cryptomgr_init+0x0/0xc returned 0 after 0 usecs
[    2.786047] calling  acpi_pci_init+0x0/0x57 @ 1
[    2.791044] ACPI: bus type PCI registered
[    2.797048] initcall acpi_pci_init+0x0/0x57 returned 0 after 5859 usecs
[    2.806058] calling  dma_channel_table_init+0x0/0xd1 @ 1
[    2.812055] initcall dma_channel_table_init+0x0/0xd1 returned 0 after 0 usecs
[    2.820066] calling  dma_bus_init+0x0/0xdc @ 1
[    2.826107] initcall dma_bus_init+0x0/0xdc returned 0 after 0 usecs
[    2.833096] calling  iommu_dma_init+0x0/0x10 @ 1
[    2.838054] initcall iommu_dma_init+0x0/0x10 returned 0 after 0 usecs
[    2.846048] calling  dmi_id_init+0x0/0x37c @ 1
[    2.851100] initcall dmi_id_init+0x0/0x37c returned 0 after 0 usecs
[    2.858046] calling  pci_arch_init+0x0/0x71 @ 1
[    2.864269] PCI: MMCONFIG for domain 0000 [bus 00-ff] at [mem 0xb0000000-0xbfffffff] (base 0xb0000000)
[    2.875047] PCI: MMCONFIG at [mem 0xb0000000-0xbfffffff] reserved in E820
[    2.883068] PCI: Using configuration type 1 for base access
[    2.889075] initcall pci_arch_init+0x0/0x71 returned 0 after 25390 usecs
[    2.897064] calling  init_vdso+0x0/0x13 @ 1
[    2.903095] initcall init_vdso+0x0/0x13 returned 0 after 0 usecs
[    2.912052] calling  sysenter_setup+0x0/0x13 @ 1
[    2.919163] initcall sysenter_setup+0x0/0x13 returned 0 after 0 usecs
[    2.928048] calling  fixup_ht_bug+0x0/0xe5 @ 1
[    2.934049] initcall fixup_ht_bug+0x0/0xe5 returned 0 after 0 usecs
[    2.942048] calling  topology_init+0x0/0x88 @ 1
[    2.947156] initcall topology_init+0x0/0x88 returned 0 after 976 usecs
[    2.955045] calling  intel_epb_init+0x0/0x68 @ 1
[    2.961046] initcall intel_epb_init+0x0/0x68 returned -19 after 0 usecs
[    2.966046] calling  mtrr_init_finialize+0x0/0x3e @ 1
[    2.972046] initcall mtrr_init_finialize+0x0/0x3e returned 0 after 0 usecs
[    2.980049] calling  uid_cache_init+0x0/0x85 @ 1
[    2.986046] initcall uid_cache_init+0x0/0x85 returned 0 after 0 usecs
[    2.993045] calling  param_sysfs_init+0x0/0x1ba @ 1
[    3.003254] initcall param_sysfs_init+0x0/0x1ba returned 0 after 3906 usecs
[    3.011054] calling  user_namespace_sysctl_init+0x0/0x33 @ 1
[    3.018059] initcall user_namespace_sysctl_init+0x0/0x33 returned 0 after 0 usecs
[    3.024047] calling  proc_schedstat_init+0x0/0x24 @ 1
[    3.030055] initcall proc_schedstat_init+0x0/0x24 returned 0 after 0 usecs
[    3.039047] calling  pm_sysrq_init+0x0/0x18 @ 1
[    3.045241] initcall pm_sysrq_init+0x0/0x18 returned 0 after 976 usecs
[    3.053110] calling  create_proc_profile+0x0/0xd0 @ 1
[    3.059048] initcall create_proc_profile+0x0/0xd0 returned 0 after 0 usecs
[    3.067046] calling  time_ns_init+0x0/0x7 @ 1
[    3.073045] initcall time_ns_init+0x0/0x7 returned 0 after 0 usecs
[    3.080047] calling  crash_save_vmcoreinfo_init+0x0/0x722 @ 1
[    3.087120] initcall crash_save_vmcoreinfo_init+0x0/0x722 returned 0 after 0 usecs
[    3.098055] calling  crash_notes_memory_init+0x0/0x35 @ 1
[    3.106055] initcall crash_notes_memory_init+0x0/0x35 returned 0 after 0 usecs
[    3.117047] calling  cgroup_sysfs_init+0x0/0x13 @ 1
[    3.123301] initcall cgroup_sysfs_init+0x0/0x13 returned 0 after 0 usecs
[    3.131046] calling  cgroup_namespaces_init+0x0/0x7 @ 1
[    3.138046] initcall cgroup_namespaces_init+0x0/0x7 returned 0 after 0 usecs
[    3.146045] calling  init_optprobes+0x0/0x13 @ 1
[    3.152068] Kprobes globally optimized
[    3.156046] initcall init_optprobes+0x0/0x13 returned 0 after 3906 usecs
[    3.164044] calling  oom_init+0x0/0x2f @ 1
[    3.170314] initcall oom_init+0x0/0x2f returned 0 after 976 usecs
[    3.177046] calling  default_bdi_init+0x0/0xb3 @ 1
[    3.184098] initcall default_bdi_init+0x0/0xb3 returned 0 after 976 usecs
[    3.192045] calling  percpu_enable_async+0x0/0xe @ 1
[    3.198048] initcall percpu_enable_async+0x0/0xe returned 0 after 0 usecs
[    3.206078] calling  kcompactd_init+0x0/0x8d @ 1
[    3.212239] initcall kcompactd_init+0x0/0x8d returned 0 after 0 usecs
[    3.220118] calling  init_user_reserve+0x0/0x40 @ 1
[    3.227052] initcall init_user_reserve+0x0/0x40 returned 0 after 0 usecs
[    3.235048] calling  init_admin_reserve+0x0/0x40 @ 1
[    3.241050] initcall init_admin_reserve+0x0/0x40 returned 0 after 0 usecs
[    3.248049] calling  init_reserve_notifier+0x0/0x7 @ 1
[    3.254046] initcall init_reserve_notifier+0x0/0x7 returned 0 after 0 usecs
[    3.262047] calling  swap_init_sysfs+0x0/0x62 @ 1
[    3.268058] initcall swap_init_sysfs+0x0/0x62 returned 0 after 0 usecs
[    3.276046] calling  swapfile_init+0x0/0x94 @ 1
[    3.281046] initcall swapfile_init+0x0/0x94 returned 0 after 0 usecs
[    3.289047] calling  hugetlb_init+0x0/0x499 @ 1
[    3.295060] HugeTLB registered 2.00 MiB page size, pre-allocated 0 pages
[    3.303071] initcall hugetlb_init+0x0/0x499 returned 0 after 7812 usecs
[    3.311046] calling  io_wq_init+0x0/0x34 @ 1
[    3.316047] initcall io_wq_init+0x0/0x34 returned 0 after 0 usecs
[    3.323045] calling  seqiv_module_init+0x0/0xc @ 1
[    3.329047] initcall seqiv_module_init+0x0/0xc returned 0 after 0 usecs
[    3.336045] calling  echainiv_module_init+0x0/0xc @ 1
[    3.343066] initcall echainiv_module_init+0x0/0xc returned 0 after 0 usecs
[    3.351137] calling  rsa_init+0x0/0x50 @ 1
[    3.357346] initcall rsa_init+0x0/0x50 returned 0 after 976 usecs
[    3.357346] cryptomgr_test (39) used greatest stack depth: 15504 bytes left
[    3.365048] calling  crypto_cmac_module_init+0x0/0xc @ 1
[    3.365052] initcall crypto_cmac_module_init+0x0/0xc returned 0 after 0 usecs
[    3.365053] calling  hmac_module_init+0x0/0xc @ 1
[    3.365055] initcall hmac_module_init+0x0/0xc returned 0 after 0 usecs
[    3.365057] calling  crypto_null_mod_init+0x0/0x65 @ 1
[    3.417202] cryptomgr_test (42) used greatest stack depth: 15464 bytes left
[    3.418056] initcall crypto_null_mod_init+0x0/0x65 returned 0 after 51757 usecs
[    3.436053] calling  md5_mod_init+0x0/0xc @ 1
[    3.452051] initcall md5_mod_init+0x0/0xc returned 0 after 9765 usecs
[    3.461060] calling  sha256_generic_mod_init+0x0/0x11 @ 1
[    3.481813] initcall sha256_generic_mod_init+0x0/0x11 returned 0 after 11718 usecs
[    3.493055] calling  crypto_cbc_module_init+0x0/0xc @ 1
[    3.500054] initcall crypto_cbc_module_init+0x0/0xc returned 0 after 0 usecs
[    3.512051] calling  crypto_ctr_module_init+0x0/0x11 @ 1
[    3.520053] initcall crypto_ctr_module_init+0x0/0x11 returned 0 after 0 usecs
[    3.531189] calling  crypto_gcm_module_init+0x0/0x64 @ 1
[    3.540828] initcall crypto_gcm_module_init+0x0/0x64 returned 0 after 0 usecs
[    3.552052] calling  crypto_ccm_module_init+0x0/0x11 @ 1
[    3.560052] initcall crypto_ccm_module_init+0x0/0x11 returned 0 after 0 usecs
[    3.571048] calling  aes_init+0x0/0xc @ 1
[    3.582051] initcall aes_init+0x0/0xc returned 0 after 4882 usecs
[    3.588049] calling  crc32c_mod_init+0x0/0xc @ 1
[    3.597050] initcall crc32c_mod_init+0x0/0xc returned 0 after 1953 usecs
[    3.606487] calling  crypto_authenc_module_init+0x0/0xc @ 1
[    3.614048] initcall crypto_authenc_module_init+0x0/0xc returned 0 after 0 usecs
[    3.623048] calling  crypto_authenc_esn_module_init+0x0/0xc @ 1
[    3.632048] initcall crypto_authenc_esn_module_init+0x0/0xc returned 0 after 0 usecs
[    3.644046] calling  drbg_init+0x0/0x7c @ 1
[    3.660246] initcall drbg_init+0x0/0x7c returned 0 after 9765 usecs
[    3.668049] calling  ghash_mod_init+0x0/0xc @ 1
[    3.675503] initcall ghash_mod_init+0x0/0xc returned 0 after 976 usecs
[    3.684047] calling  init_bio+0x0/0x9a @ 1
[    3.689456] initcall init_bio+0x0/0x9a returned 0 after 0 usecs
[    3.697047] calling  blk_settings_init+0x0/0x29 @ 1
[    3.704046] initcall blk_settings_init+0x0/0x29 returned 0 after 0 usecs
[    3.712052] calling  blk_ioc_init+0x0/0x29 @ 1
[    3.718056] initcall blk_ioc_init+0x0/0x29 returned 0 after 0 usecs
[    3.726052] calling  blk_mq_init+0x0/0xb9 @ 1
[    3.732049] initcall blk_mq_init+0x0/0xb9 returned 0 after 0 usecs
[    3.741048] calling  genhd_device_init+0x0/0x75 @ 1
[    3.750599] initcall genhd_device_init+0x0/0x75 returned 0 after 2929 usecs
[    3.759116] calling  pci_slot_init+0x0/0x40 @ 1
[    3.765055] initcall pci_slot_init+0x0/0x40 returned 0 after 0 usecs
[    3.774132] calling  fbmem_init+0x0/0xd8 @ 1
[    3.781665] initcall fbmem_init+0x0/0xd8 returned 0 after 976 usecs
[    3.790048] calling  acpi_init+0x0/0x319 @ 1
[    3.797487] ACPI: Added _OSI(Module Device)
[    3.802049] ACPI: Added _OSI(Processor Device)
[    3.809044] ACPI: Added _OSI(3.0 _SCP Extensions)
[    3.816045] ACPI: Added _OSI(Processor Aggregator Device)
[    3.824048] ACPI: Added _OSI(Linux-Dell-Video)
[    3.830047] ACPI: Added _OSI(Linux-Lenovo-NV-HDMI-Audio)
[    3.838052] ACPI: Added _OSI(Linux-HPI-Hybrid-Graphics)
[    3.848693] ACPI: 1 ACPI AML tables successfully acquired and loaded
[    3.868776] ACPI: Interpreter enabled
[    3.874253] ACPI: (supports S0 S3 S4 S5)
[    3.880046] ACPI: Using IOAPIC for interrupt routing
[    3.888103] PCI: Using host bridge windows from ACPI; if necessary, use "pci=nocrs" and report a bug
[    3.902373] ACPI: Enabled 2 GPEs in block 00 to 3F
[    3.921702] ACPI: PCI Root Bridge [PCI0] (domain 0000 [bus 00-ff])
[    3.929068] acpi PNP0A08:00: _OSC: OS supports [ExtendedConfig ASPM ClockPM Segments MSI HPX-Type3]
[    3.939136] acpi PNP0A08:00: _OSC: platform does not support [LTR]
[    3.946108] acpi PNP0A08:00: _OSC: OS now controls [PME PCIeCapability]
[    3.954132] PCI host bridge to bus 0000:00
[    3.959063] pci_bus 0000:00: root bus resource [io  0x0000-0x0cf7 window]
[    3.967046] pci_bus 0000:00: root bus resource [io  0x0d00-0xffff window]
[    3.975045] pci_bus 0000:00: root bus resource [mem 0x000a0000-0x000bffff window]
[    3.984044] pci_bus 0000:00: root bus resource [mem 0x20000000-0xafffffff window]
[    3.993045] pci_bus 0000:00: root bus resource [mem 0xc0000000-0xfebfffff window]
[    4.002045] pci_bus 0000:00: root bus resource [mem 0x100000000-0x8ffffffff window]
[    4.011048] pci_bus 0000:00: root bus resource [bus 00-ff]
[    4.018583] pci 0000:00:00.0: calling  quirk_mmio_always_on+0x0/0x10 @ 1
[    4.026052] pci 0000:00:00.0: quirk_mmio_always_on+0x0/0x10 took 0 usecs
[    4.034047] pci 0000:00:00.0: [8086:29c0] type 00 class 0x060000
[    4.045116] pci 0000:00:00.0: calling  quirk_igfx_skip_te_disable+0x0/0x80 @ 1
[    4.053048] pci 0000:00:00.0: quirk_igfx_skip_te_disable+0x0/0x80 took 0 usecs
[    4.062906] pci 0000:00:01.0: [1234:1111] type 00 class 0x030000
[    4.079038] pci 0000:00:01.0: reg 0x10: [mem 0xfd000000-0xfdffffff pref]
[    4.107038] pci 0000:00:01.0: reg 0x18: [mem 0xfebf0000-0xfebf0fff]
[    4.139038] pci 0000:00:01.0: reg 0x30: [mem 0xfebe0000-0xfebeffff pref]
[    4.148981] pci 0000:00:01.0: calling  efifb_fixup_resources+0x0/0xf0 @ 1
[    4.157074] pci 0000:00:01.0: efifb_fixup_resources+0x0/0xf0 took 0 usecs
[    4.173566] pci 0000:00:1f.0: [8086:2918] type 00 class 0x060100
[    4.186131] pci 0000:00:1f.0: calling  quirk_ich7_lpc+0x0/0x60 @ 1
[    4.193456] pci 0000:00:1f.0: quirk: [io  0x0600-0x067f] claimed by ICH6 ACPI/GPIO/TCO
[    4.203490] pci 0000:00:1f.0: quirk_ich7_lpc+0x0/0x60 took 10742 usecs
[    4.211166] pci 0000:00:1f.0: calling  quirk_igfx_skip_te_disable+0x0/0x80 @ 1
[    4.220077] pci 0000:00:1f.0: quirk_igfx_skip_te_disable+0x0/0x80 took 0 usecs
[    4.231045] pci 0000:00:1f.2: [8086:2922] type 00 class 0x010601
[    4.246856] pci 0000:00:1f.2: reg 0x20: [io  0xc040-0xc05f]
[    4.255045] pci 0000:00:1f.2: reg 0x24: [mem 0xfebf1000-0xfebf1fff]
[    4.264234] pci 0000:00:1f.2: calling  quirk_igfx_skip_te_disable+0x0/0x80 @ 1
[    4.273049] pci 0000:00:1f.2: quirk_igfx_skip_te_disable+0x0/0x80 took 0 usecs
[    4.285388] pci 0000:00:1f.3: [8086:2930] type 00 class 0x0c0500
[    4.298450] pci 0000:00:1f.3: reg 0x20: [io  0x0700-0x073f]
[    4.307965] pci 0000:00:1f.3: calling  quirk_igfx_skip_te_disable+0x0/0x80 @ 1
[    4.316050] pci 0000:00:1f.3: quirk_igfx_skip_te_disable+0x0/0x80 took 0 usecs
[    4.330511] ACPI: PCI Interrupt Link [LNKA] (IRQs 5 *10 11)
[    4.338322] ACPI: PCI Interrupt Link [LNKB] (IRQs 5 *10 11)
[    4.346168] ACPI: PCI Interrupt Link [LNKC] (IRQs 5 10 *11)
[    4.354543] ACPI: PCI Interrupt Link [LNKD] (IRQs 5 10 *11)
[    4.363532] ACPI: PCI Interrupt Link [LNKE] (IRQs 5 *10 11)
[    4.372457] ACPI: PCI Interrupt Link [LNKF] (IRQs 5 *10 11)
[    4.381297] ACPI: PCI Interrupt Link [LNKG] (IRQs 5 10 *11)
[    4.390065] ACPI: PCI Interrupt Link [LNKH] (IRQs 5 10 *11)
[    4.398311] ACPI: PCI Interrupt Link [GSIA] (IRQs *16)
[    4.406061] ACPI: PCI Interrupt Link [GSIB] (IRQs *17)
[    4.414081] ACPI: PCI Interrupt Link [GSIC] (IRQs *18)
[    4.421084] ACPI: PCI Interrupt Link [GSID] (IRQs *19)
[    4.427059] ACPI: PCI Interrupt Link [GSIE] (IRQs *20)
[    4.434056] ACPI: PCI Interrupt Link [GSIF] (IRQs *21)
[    4.440056] ACPI: PCI Interrupt Link [GSIG] (IRQs *22)
[    4.446055] ACPI: PCI Interrupt Link [GSIH] (IRQs *23)
[    4.458362] initcall acpi_init+0x0/0x319 returned 0 after 645507 usecs
[    4.468286] calling  pnp_init+0x0/0xc @ 1
[    4.474213] initcall pnp_init+0x0/0xc returned 0 after 0 usecs
[    4.483050] calling  misc_init+0x0/0xbf @ 1
[    4.490064] initcall misc_init+0x0/0xbf returned 0 after 976 usecs
[    4.499048] calling  iommu_subsys_init+0x0/0x4e @ 1
[    4.506149] iommu: Default domain type: Translated 
[    4.513047] initcall iommu_subsys_init+0x0/0x4e returned 0 after 6835 usecs
[    4.521047] calling  vga_arb_device_init+0x0/0x261 @ 1
[    4.529174] pci 0000:00:01.0: vgaarb: setting as boot VGA device
[    4.530038] pci 0000:00:01.0: vgaarb: VGA device added: decodes=io+mem,owns=io+mem,locks=none
[    4.547047] pci 0000:00:01.0: vgaarb: bridge control possible
[    4.553042] vgaarb: loaded
[    4.556047] initcall vga_arb_device_init+0x0/0x261 returned 0 after 27343 usecs
[    4.565146] calling  cn_init+0x0/0xf0 @ 1
[    4.570772] initcall cn_init+0x0/0xf0 returned 0 after 0 usecs
[    4.577047] calling  dma_buf_init+0x0/0xad @ 1
[    4.583548] initcall dma_buf_init+0x0/0xad returned 0 after 0 usecs
[    4.590046] calling  init_scsi+0x0/0x79 @ 1
[    4.596503] SCSI subsystem initialized
[    4.601046] initcall init_scsi+0x0/0x79 returned 0 after 5859 usecs
[    4.608046] calling  ata_init+0x0/0x332 @ 1
[    4.616638] libata version 3.00 loaded.
[    4.621046] initcall ata_init+0x0/0x332 returned 0 after 7812 usecs
[    4.628046] calling  phy_init+0x0/0x250 @ 1
[    4.633440] initcall phy_init+0x0/0x250 returned 0 after 0 usecs
[    4.642049] calling  init_pcmcia_cs+0x0/0x35 @ 1
[    4.649171] initcall init_pcmcia_cs+0x0/0x35 returned 0 after 0 usecs
[    4.659048] calling  usb_common_init+0x0/0x1c @ 1
[    4.662192] initcall usb_common_init+0x0/0x1c returned 0 after 0 usecs
[    4.670047] calling  usb_init+0x0/0x12e @ 1
[    4.673370] ACPI: bus type USB registered
[    4.678253] usbcore: registered new interface driver usbfs
[    4.687056] usbcore: registered new interface driver hub
[    4.693059] usbcore: registered new device driver usb
[    4.699048] initcall usb_init+0x0/0x12e returned 0 after 27343 usecs
[    4.706045] calling  serio_init+0x0/0x29 @ 1
[    4.711083] initcall serio_init+0x0/0x29 returned 0 after 0 usecs
[    4.718044] calling  input_init+0x0/0xf6 @ 1
[    4.723115] initcall input_init+0x0/0xf6 returned 0 after 0 usecs
[    4.730044] calling  rtc_init+0x0/0x4d @ 1
[    4.735089] initcall rtc_init+0x0/0x4d returned 0 after 976 usecs
[    4.744052] calling  pps_init+0x0/0xa9 @ 1
[    4.751077] pps_core: LinuxPPS API ver. 1 registered
[    4.758044] pps_core: Software ver. 5.3.6 - Copyright 2005-2007 Rodolfo Giometti <giometti@linux.it>
[    4.770048] initcall pps_init+0x0/0xa9 returned 0 after 18554 usecs
[    4.774048] calling  ptp_init+0x0/0x98 @ 1
[    4.781350] PTP clock support registered
[    4.786047] initcall ptp_init+0x0/0x98 returned 0 after 4882 usecs
[    4.794046] calling  power_supply_class_init+0x0/0x3f @ 1
[    4.801407] initcall power_supply_class_init+0x0/0x3f returned 0 after 0 usecs
[    4.810046] calling  hwmon_init+0x0/0x104 @ 1
[    4.815273] initcall hwmon_init+0x0/0x104 returned 0 after 976 usecs
[    4.825051] calling  md_init+0x0/0x16b @ 1
[    4.834781] initcall md_init+0x0/0x16b returned 0 after 3906 usecs
[    4.842050] calling  leds_init+0x0/0x3b @ 1
[    4.848211] initcall leds_init+0x0/0x3b returned 0 after 0 usecs
[    4.855046] calling  dmi_init+0x0/0x113 @ 1
[    4.862227] initcall dmi_init+0x0/0x113 returned 0 after 1953 usecs
[    4.870050] calling  efisubsys_init+0x0/0x4e7 @ 1
[    4.876046] initcall efisubsys_init+0x0/0x4e7 returned 0 after 0 usecs
[    4.886211] calling  nvmem_init+0x0/0xc @ 1
[    4.892067] initcall nvmem_init+0x0/0xc returned 0 after 976 usecs
[    4.902061] calling  init_soundcore+0x0/0x33 @ 1
[    4.909128] initcall init_soundcore+0x0/0x33 returned 0 after 0 usecs
[    4.918057] calling  alsa_sound_init+0x0/0x8f @ 1
[    4.926203] Advanced Linux Sound Architecture Driver Initialized.
[    4.936164] initcall alsa_sound_init+0x0/0x8f returned 0 after 9765 usecs
[    4.947057] calling  alsa_seq_device_init+0x0/0x71 @ 1
[    4.954218] initcall alsa_seq_device_init+0x0/0x71 returned 0 after 0 usecs
[    4.966070] calling  hda_bus_init+0x0/0xc @ 1
[    4.968330] initcall hda_bus_init+0x0/0xc returned 0 after 0 usecs
[    4.976071] calling  proto_init+0x0/0xc @ 1
[    4.982270] initcall proto_init+0x0/0xc returned 0 after 0 usecs
[    4.988058] calling  net_dev_init+0x0/0x209 @ 1
[    5.001440] initcall net_dev_init+0x0/0x209 returned 0 after 8789 usecs
[    5.008051] calling  neigh_init+0x0/0x84 @ 1
[    5.011051] initcall neigh_init+0x0/0x84 returned 0 after 0 usecs
[    5.017048] calling  fib_notifier_init+0x0/0xc @ 1
[    5.023051] initcall fib_notifier_init+0x0/0xc returned 0 after 0 usecs
[    5.029049] calling  fib_rules_init+0x0/0xab @ 1
[    5.034553] initcall fib_rules_init+0x0/0xab returned 0 after 0 usecs
[    5.042049] calling  pktsched_init+0x0/0x10e @ 1
[    5.045053] initcall pktsched_init+0x0/0x10e returned 0 after 0 usecs
[    5.050047] calling  tc_filter_init+0x0/0xfa @ 1
[    5.052047] initcall tc_filter_init+0x0/0xfa returned 0 after 0 usecs
[    5.056046] calling  tc_action_init+0x0/0x54 @ 1
[    5.060048] initcall tc_action_init+0x0/0x54 returned 0 after 0 usecs
[    5.065428] calling  ethnl_init+0x0/0x52 @ 1
[    5.071063] initcall ethnl_init+0x0/0x52 returned 0 after 3906 usecs
[    5.076048] calling  nexthop_init+0x0/0xd8 @ 1
[    5.080049] initcall nexthop_init+0x0/0xd8 returned 0 after 1953 usecs
[    5.084047] calling  cipso_v4_init+0x0/0x5d @ 1
[    5.087045] initcall cipso_v4_init+0x0/0x5d returned 0 after 0 usecs
[    5.096054] calling  ieee80211_init+0x0/0x24 @ 1
[    5.101386] initcall ieee80211_init+0x0/0x24 returned 0 after 0 usecs
[    5.108048] calling  netlbl_init+0x0/0x78 @ 1
[    5.112250] NetLabel: Initializing
[    5.116043] NetLabel:  domain hash size = 128
[    5.121043] NetLabel:  protocols = UNLABELED CIPSOv4 CALIPSO
[    5.130042] NetLabel:  unlabeled traffic allowed by default
[    5.137054] initcall netlbl_init+0x0/0x78 returned 0 after 24414 usecs
[    5.141052] calling  rfkill_init+0x0/0x111 @ 1
[    5.152232] initcall rfkill_init+0x0/0x111 returned 0 after 6835 usecs
[    5.157051] calling  pci_subsys_init+0x0/0x66 @ 1
[    5.157379] PCI: Using ACPI for IRQ routing
[    5.827038] PCI: pci_cache_line_size set to 64 bytes
[    5.839028] e820: reserve RAM buffer [mem 0x0009fc00-0x0009ffff]
[    5.846674] e820: reserve RAM buffer [mem 0x1ffdf000-0x1fffffff]
[    5.854038] initcall pci_subsys_init+0x0/0x66 returned 0 after 679687 usecs
[    5.878784] calling  nmi_warning_debugfs+0x0/0x26 @ 1
[    5.888605] initcall nmi_warning_debugfs+0x0/0x26 returned 0 after 3906 usecs
[    5.895048] calling  save_microcode_in_initrd+0x0/0x51 @ 1
[    5.903301] initcall save_microcode_in_initrd+0x0/0x51 returned 0 after 976 usecs
[    5.911161] calling  hpet_late_init+0x0/0x20a @ 1
[    5.919770] hpet: 3 channels of 0 reserved for per-cpu timers
[    5.927213] hpet0: at MMIO 0xfed00000, IRQs 2, 8, 0
[    5.933044] hpet0: 3 comparators, 64-bit 100.000000 MHz counter
[    5.943048] initcall hpet_late_init+0x0/0x20a returned 0 after 25390 usecs
[    5.950045] calling  init_amd_nbs+0x0/0x11c @ 1
[    5.956232] initcall init_amd_nbs+0x0/0x11c returned 0 after 0 usecs
[    5.964153] calling  clocksource_done_booting+0x0/0x41 @ 1
[    5.973900] clocksource: Switched to clocksource kvm-clock
[    5.984863] initcall clocksource_done_booting+0x0/0x41 returned 0 after 13490 usecs
[    5.994570] calling  tracer_init_tracefs+0x0/0x242 @ 1
[    6.619531] initcall tracer_init_tracefs+0x0/0x242 returned 0 after 599906 usecs
[    6.629218] calling  init_trace_printk_function_export+0x0/0x2c @ 1
[    6.638082] initcall init_trace_printk_function_export+0x0/0x2c returned 0 after 10 usecs
[    6.648762] calling  init_kprobe_trace+0x0/0x1a9 @ 1
[    6.655578] initcall init_kprobe_trace+0x0/0x1a9 returned 0 after 175 usecs
[    6.666675] calling  init_dynamic_event+0x0/0x3d @ 1
[    6.673519] initcall init_dynamic_event+0x0/0x3d returned 0 after 264 usecs
[    6.682640] calling  init_uprobe_trace+0x0/0x5c @ 1
[    6.691240] initcall init_uprobe_trace+0x0/0x5c returned 0 after 1261 usecs
[    6.700966] calling  init_pipe_fs+0x0/0x44 @ 1
[    6.714120] initcall init_pipe_fs+0x0/0x44 returned 0 after 5835 usecs
[    6.722462] calling  inotify_user_setup+0x0/0x47 @ 1
[    6.730689] initcall inotify_user_setup+0x0/0x47 returned 0 after 1287 usecs
[    6.740298] calling  eventpoll_init+0x0/0xd4 @ 1
[    6.750797] initcall eventpoll_init+0x0/0xd4 returned 0 after 4628 usecs
[    6.759683] calling  anon_inode_init+0x0/0x58 @ 1
[    6.766222] initcall anon_inode_init+0x0/0x58 returned 0 after 300 usecs
[    6.775878] calling  proc_locks_init+0x0/0x27 @ 1
[    6.785746] initcall proc_locks_init+0x0/0x27 returned 0 after 3325 usecs
[    6.797181] calling  iomap_init+0x0/0x1b @ 1
[    6.806855] initcall iomap_init+0x0/0x1b returned 0 after 3930 usecs
[    6.814617] calling  dquot_init+0x0/0x106 @ 1
[    6.820445] VFS: Disk quotas dquot_6.6.0
[    6.834523] VFS: Dquot-cache hash table entries: 512 (order 0, 4096 bytes)
[    6.843455] initcall dquot_init+0x0/0x106 returned 0 after 22463 usecs
[    6.851718] calling  quota_init+0x0/0x23 @ 1
[    6.865855] initcall quota_init+0x0/0x23 returned 0 after 8286 usecs
[    6.877376] calling  proc_cmdline_init+0x0/0x21 @ 1
[    6.885272] initcall proc_cmdline_init+0x0/0x21 returned 0 after 167 usecs
[    6.896077] calling  proc_consoles_init+0x0/0x24 @ 1
[    6.907859] initcall proc_consoles_init+0x0/0x24 returned 0 after 171 usecs
[    6.918771] calling  proc_cpuinfo_init+0x0/0x1e @ 1
[    6.926372] initcall proc_cpuinfo_init+0x0/0x1e returned 0 after 4 usecs
[    6.936332] calling  proc_devices_init+0x0/0x24 @ 1
[    6.943619] initcall proc_devices_init+0x0/0x24 returned 0 after 23 usecs
[    6.954435] calling  proc_interrupts_init+0x0/0x24 @ 1
[    6.962172] initcall proc_interrupts_init+0x0/0x24 returned 0 after 5 usecs
[    6.972610] calling  proc_loadavg_init+0x0/0x21 @ 1
[    6.979968] initcall proc_loadavg_init+0x0/0x21 returned 0 after 5 usecs
[    6.990428] calling  proc_meminfo_init+0x0/0x21 @ 1
[    6.997750] initcall proc_meminfo_init+0x0/0x21 returned 0 after 4 usecs
[    7.007606] calling  proc_stat_init+0x0/0x1e @ 1
[    7.014630] initcall proc_stat_init+0x0/0x1e returned 0 after 4 usecs
[    7.024294] calling  proc_uptime_init+0x0/0x21 @ 1
[    7.031486] initcall proc_uptime_init+0x0/0x21 returned 0 after 5 usecs
[    7.041163] calling  proc_version_init+0x0/0x21 @ 1
[    7.048459] initcall proc_version_init+0x0/0x21 returned 0 after 5 usecs
[    7.058484] calling  proc_softirqs_init+0x0/0x21 @ 1
[    7.065994] initcall proc_softirqs_init+0x0/0x21 returned 0 after 5 usecs
[    7.076028] calling  proc_kcore_init+0x0/0xea @ 1
[    7.083281] initcall proc_kcore_init+0x0/0xea returned 0 after 207 usecs
[    7.093296] calling  vmcore_init+0x0/0x578 @ 1
[    7.100366] initcall vmcore_init+0x0/0x578 returned 0 after 208 usecs
[    7.109842] calling  proc_kmsg_init+0x0/0x21 @ 1
[    7.116766] initcall proc_kmsg_init+0x0/0x21 returned 0 after 5 usecs
[    7.126272] calling  proc_page_init+0x0/0x3b @ 1
[    7.133131] initcall proc_page_init+0x0/0x3b returned 0 after 7 usecs
[    7.142485] calling  init_ramfs_fs+0x0/0xc @ 1
[    7.149288] initcall init_ramfs_fs+0x0/0xc returned 0 after 33 usecs
[    7.158810] calling  init_hugetlbfs_fs+0x0/0xf6 @ 1
[    7.166567] initcall init_hugetlbfs_fs+0x0/0xf6 returned 0 after 388 usecs
[    7.176749] calling  blk_scsi_ioctl_init+0x0/0x2a5 @ 1
[    7.192376] initcall blk_scsi_ioctl_init+0x0/0x2a5 returned 0 after 603 usecs
[    7.203737] calling  acpi_event_init+0x0/0x2c @ 1
[    7.212016] initcall acpi_event_init+0x0/0x2c returned 0 after 1197 usecs
[    7.222011] calling  pnp_system_init+0x0/0xc @ 1
[    7.231912] initcall pnp_system_init+0x0/0xc returned 0 after 2636 usecs
[    7.241357] calling  pnpacpi_init+0x0/0x69 @ 1
[    7.246956] pnp: PnP ACPI init
[    7.253880] pnp 00:00: Plug and Play ACPI device, IDs PNP0303 (active)
[    7.262199] pnp 00:01: Plug and Play ACPI device, IDs PNP0f13 (active)
[    7.271502] pnp 00:02: Plug and Play ACPI device, IDs PNP0400 (active)
[    7.279393] pnp 00:03: Plug and Play ACPI device, IDs PNP0501 (active)
[    7.287690] pnp 00:04: Plug and Play ACPI device, IDs PNP0b00 (active)
[    7.296221] system 00:05: [mem 0xb0000000-0xbfffffff window] has been reserved
[    7.305412] system 00:05: Plug and Play ACPI device, IDs PNP0c01 (active)
[    7.315663] pnp: PnP ACPI: found 6 devices
[    7.320826] initcall pnpacpi_init+0x0/0x69 returned 0 after 72214 usecs
[    7.328993] calling  chr_dev_init+0x0/0x14d @ 1
[    7.448814] initcall chr_dev_init+0x0/0x14d returned 0 after 111463 usecs
[    7.457360] calling  firmware_class_init+0x0/0xe7 @ 1
[    7.463803] initcall firmware_class_init+0x0/0xe7 returned 0 after 245 usecs
[    7.473402] calling  init_pcmcia_bus+0x0/0x5b @ 1
[    7.479932] initcall init_pcmcia_bus+0x0/0x5b returned 0 after 134 usecs
[    7.487805] calling  init_acpi_pm_clocksource+0x0/0xda @ 1
[    7.499712] clocksource: acpi_pm: mask: 0xffffff max_cycles: 0xffffff, max_idle_ns: 2085701024 ns
[    7.510255] initcall init_acpi_pm_clocksource+0x0/0xda returned 0 after 15687 usecs
[    7.519010] calling  sysctl_core_init+0x0/0x26 @ 1
[    7.525326] initcall sysctl_core_init+0x0/0x26 returned 0 after 660 usecs
[    7.533205] calling  eth_offload_init+0x0/0x13 @ 1
[    7.539306] initcall eth_offload_init+0x0/0x13 returned 0 after 67 usecs
[    7.547194] calling  ipv4_offload_init+0x0/0x73 @ 1
[    7.552972] initcall ipv4_offload_init+0x0/0x73 returned 0 after 63 usecs
[    7.560657] calling  inet_init+0x0/0x276 @ 1
[    7.566014] NET: Registered protocol family 2
[    7.572855] IP idents hash table entries: 8192 (order: 4, 65536 bytes, linear)
[    7.584307] tcp_listen_portaddr_hash hash table entries: 256 (order: 0, 4096 bytes, linear)
[    7.594502] TCP established hash table entries: 4096 (order: 3, 32768 bytes, linear)
[    7.604181] TCP bind hash table entries: 4096 (order: 4, 65536 bytes, linear)
[    7.613076] TCP: Hash tables configured (established 4096 bind 4096)
[    7.622671] UDP hash table entries: 256 (order: 1, 8192 bytes, linear)
[    7.632887] UDP-Lite hash table entries: 256 (order: 1, 8192 bytes, linear)
[    7.644374] initcall inet_init+0x0/0x276 returned 0 after 76806 usecs
[    7.653899] calling  af_unix_init+0x0/0x4d @ 1
[    7.660464] NET: Registered protocol family 1
[    7.665890] initcall af_unix_init+0x0/0x4d returned 0 after 5340 usecs
[    7.674419] calling  ipv6_offload_init+0x0/0x7e @ 1
[    7.680873] initcall ipv6_offload_init+0x0/0x7e returned 0 after 67 usecs
[    7.689443] calling  init_sunrpc+0x0/0x65 @ 1
[    7.702653] RPC: Registered named UNIX socket transport module.
[    7.709914] RPC: Registered udp transport module.
[    7.715671] RPC: Registered tcp transport module.
[    7.721554] RPC: Registered tcp NFSv4.1 backchannel transport module.
[    7.729599] initcall init_sunrpc+0x0/0x65 returned 0 after 33779 usecs
[    7.737480] calling  cfg80211_init+0x0/0xc5 @ 1
[    7.745697] initcall cfg80211_init+0x0/0xc5 returned 0 after 2616 usecs
[    7.753387] calling  pcibios_assign_resources+0x0/0xbf @ 1
[    7.760512] pci_bus 0000:00: resource 4 [io  0x0000-0x0cf7 window]
[    7.768014] pci_bus 0000:00: resource 5 [io  0x0d00-0xffff window]
[    7.775467] pci_bus 0000:00: resource 6 [mem 0x000a0000-0x000bffff window]
[    7.783448] pci_bus 0000:00: resource 7 [mem 0x20000000-0xafffffff window]
[    7.791589] pci_bus 0000:00: resource 8 [mem 0xc0000000-0xfebfffff window]
[    7.799720] pci_bus 0000:00: resource 9 [mem 0x100000000-0x8ffffffff window]
[    7.808429] initcall pcibios_assign_resources+0x0/0xbf returned 0 after 47419 usecs
[    7.817338] calling  pci_apply_final_quirks+0x0/0x124 @ 1
[    7.826077] pci 0000:00:01.0: calling  pci_fixup_video+0x0/0xe0 @ 1
[    7.834885] pci 0000:00:01.0: Video device with shadowed ROM at [mem 0x000c0000-0x000dffff]
[    7.844615] pci 0000:00:01.0: pci_fixup_video+0x0/0xe0 took 9793 usecs
[    7.852535] PCI: CLS 0 bytes, default 64
[    7.857059] initcall pci_apply_final_quirks+0x0/0x124 returned 0 after 31339 usecs
[    7.866159] calling  acpi_reserve_resources+0x0/0xea @ 1
[    7.872399] initcall acpi_reserve_resources+0x0/0xea returned 0 after 44 usecs
[    7.881203] calling  populate_rootfs+0x0/0x102 @ 1
[    7.890302] initcall populate_rootfs+0x0/0x102 returned 0 after 3270 usecs
[    7.898382] calling  pci_iommu_init+0x0/0x3e @ 1
[    7.904057] initcall pci_iommu_init+0x0/0x3e returned 0 after 107 usecs
[    7.914216] calling  ia32_binfmt_init+0x0/0x13 @ 1
[    7.919748] initcall ia32_binfmt_init+0x0/0x13 returned 0 after 22 usecs
[    7.927335] calling  rapl_pmu_init+0x0/0x267 @ 1
[    7.932696] initcall rapl_pmu_init+0x0/0x267 returned -19 after 81 usecs
[    7.940617] calling  amd_uncore_init+0x0/0x310 @ 1
[    7.946212] initcall amd_uncore_init+0x0/0x310 returned -19 after 0 usecs
[    7.953959] calling  amd_ibs_init+0x0/0x27b @ 1
[    7.959214] initcall amd_ibs_init+0x0/0x27b returned -19 after 0 usecs
[    7.966750] calling  amd_iommu_pc_init+0x0/0x215 @ 1
[    7.972472] initcall amd_iommu_pc_init+0x0/0x215 returned -19 after 41 usecs
[    7.981423] calling  msr_init+0x0/0x55 @ 1
[    7.987020] initcall msr_init+0x0/0x55 returned 0 after 339 usecs
[    7.995578] calling  intel_uncore_init+0x0/0x36f @ 1
[    8.001249] initcall intel_uncore_init+0x0/0x36f returned -19 after 27 usecs
[    8.009225] calling  cstate_pmu_init+0x0/0x1a1 @ 1
[    8.014777] initcall cstate_pmu_init+0x0/0x1a1 returned -19 after 0 usecs
[    8.022576] calling  register_kernel_offset_dumper+0x0/0x1a @ 1
[    8.029856] initcall register_kernel_offset_dumper+0x0/0x1a returned 0 after 26 usecs
[    8.038649] calling  i8259A_init_ops+0x0/0x20 @ 1
[    8.044048] initcall i8259A_init_ops+0x0/0x20 returned 0 after 1 usecs
[    8.051451] calling  init_tsc_clocksource+0x0/0xa4 @ 1
[    8.057233] clocksource: tsc: mask: 0xffffffffffffffff max_cycles: 0x39a85afc727, max_idle_ns: 881590685098 ns
[    8.068478] initcall init_tsc_clocksource+0x0/0xa4 returned 0 after 10979 usecs
[    8.076728] calling  add_rtc_cmos+0x0/0xb0 @ 1
[    8.081937] initcall add_rtc_cmos+0x0/0xb0 returned 0 after 23 usecs
[    8.089261] calling  i8237A_init_ops+0x0/0x3a @ 1
[    8.094755] initcall i8237A_init_ops+0x0/0x3a returned 0 after 66 usecs
[    8.102180] calling  umwait_init+0x0/0x94 @ 1
[    8.107185] initcall umwait_init+0x0/0x94 returned -19 after 14 usecs
[    8.114498] calling  thermal_throttle_init_device+0x0/0x3d @ 1
[    8.123178] initcall thermal_throttle_init_device+0x0/0x3d returned 0 after 119 usecs
[    8.134384] calling  msr_init+0x0/0xd7 @ 1
[    8.148393] initcall msr_init+0x0/0xd7 returned 0 after 7784 usecs
[    8.155619] calling  cpuid_init+0x0/0xd7 @ 1
[    8.164815] initcall cpuid_init+0x0/0xd7 returned 0 after 4122 usecs
[    8.172430] calling  ioapic_init_ops+0x0/0x13 @ 1
[    8.178018] initcall ioapic_init_ops+0x0/0x13 returned 0 after 43 usecs
[    8.185503] calling  add_pcspkr+0x0/0x6c @ 1
[    8.190494] initcall add_pcspkr+0x0/0x6c returned 0 after 79 usecs
[    8.199533] calling  start_periodic_check_for_corruption+0x0/0x30 @ 1
[    8.207339] check: Scanning for low memory corruption every 60 seconds
[    8.215071] initcall start_periodic_check_for_corruption+0x0/0x30 returned 0 after 7577 usecs
[    8.227900] calling  sysfb_init+0x0/0x9c @ 1
[    8.233905] initcall sysfb_init+0x0/0x9c returned 0 after 677 usecs
[    8.242722] calling  audit_classes_init+0x0/0xae @ 1
[    8.250839] initcall audit_classes_init+0x0/0xae returned 0 after 285 usecs
[    8.260926] calling  iosf_mbi_init+0x0/0x24 @ 1
[    8.268491] initcall iosf_mbi_init+0x0/0x24 returned 0 after 835 usecs
[    8.277656] calling  proc_execdomains_init+0x0/0x21 @ 1
[    8.284824] initcall proc_execdomains_init+0x0/0x21 returned 0 after 68 usecs
[    8.295047] calling  register_warn_debugfs+0x0/0x23 @ 1
[    8.303350] initcall register_warn_debugfs+0x0/0x23 returned 0 after 13 usecs
[    8.311912] calling  cpuhp_sysfs_init+0x0/0x79 @ 1
[    8.317658] initcall cpuhp_sysfs_init+0x0/0x79 returned 0 after 130 usecs
[    8.325482] calling  ioresources_init+0x0/0x49 @ 1
[    8.331296] initcall ioresources_init+0x0/0x49 returned 0 after 5 usecs
[    8.340277] calling  snapshot_device_init+0x0/0xc @ 1
[    8.347365] initcall snapshot_device_init+0x0/0xc returned 0 after 1097 usecs
[    8.355867] calling  irq_pm_init_ops+0x0/0x13 @ 1
[    8.361435] initcall irq_pm_init_ops+0x0/0x13 returned 0 after 12 usecs
[    8.370620] calling  rcu_torture_init+0x0/0x9a6 @ 1
[    8.376961] tasks-tracing-torture:--- Start of test: nreaders=3 nfakewriters=4 stat_interval=15 verbose=1 test_no_idle_hz=1 shuffle_interval=3 stutter=5 irqreader=1 fqs_duration=0 fqs_holdoff=0 fqs_stutter=3 test_boost=1/0 test_boost_interval=7 test_boost_duration=4 shutdown_secs=3600 stall_cpu=0 stall_cpu_holdoff=10 stall_cpu_irqsoff=0 stall_cpu_block=0 n_barrier_cbs=4 onoff_interval=1000 onoff_holdoff=30 read_exit_delay=13 read_exit_burst=16
[    8.423594] tasks-tracing:  Start-test grace-period state: g0 f0x0
[    8.431889] tasks-tracing-torture: Creating rcu_torture_writer task
[    8.441510] tasks-tracing-torture: Creating rcu_torture_fakewriter task
[    8.441757] tasks-tracing-torture: rcu_torture_writer task started
[    8.452995] tasks-tracing-torture: Creating rcu_torture_fakewriter task
[    8.454203] tasks-tracing-torture: rcu_torture_fakewriter task started
[    8.458715] tasks-tracing-torture: GP expediting controlled from boot/sysfs for tasks-tracing.
[    8.458717] rcu_torture_writer: Testing expedited GPs.
[    8.458717] rcu_torture_writer: Testing asynchronous GPs.
[    8.458718] rcu_torture_writer: Testing normal GPs.
[    8.512426] tasks-tracing-torture: Creating rcu_torture_fakewriter task
[    8.512997] tasks-tracing-torture: rcu_torture_fakewriter task started
[    8.522834] tasks-tracing-torture: Creating rcu_torture_fakewriter task
[    8.523664] tasks-tracing-torture: rcu_torture_fakewriter task started
[    8.550818] tasks-tracing-torture: Creating rcu_torture_reader task
[    8.551450] tasks-tracing-torture: rcu_torture_fakewriter task started
[    8.561013] tasks-tracing-torture: Creating rcu_torture_reader task
[    8.561720] tasks-tracing-torture: rcu_torture_reader task started
[    8.587407] tasks-tracing-torture: Creating rcu_torture_reader task
[    8.587754] tasks-tracing-torture: rcu_torture_reader task started
[    8.598567] tasks-tracing-torture: Creating rcu_torture_stats task
[    8.599266] tasks-tracing-torture: rcu_torture_reader task started
[    8.618641] tasks-tracing-torture: Creating torture_shuffle task
[    8.618981] tasks-tracing-torture: rcu_torture_stats task started
[    8.626437] tasks-tracing-torture: Creating torture_stutter task
[    8.626452] tasks-tracing-torture: torture_shuffle task started
[    8.647944] tasks-tracing-torture: Creating torture_shutdown task
[    8.649267] tasks-tracing-torture: torture_stutter task started
[    8.656450] tasks-tracing-torture: torture_shutdown task started
[    8.656452] tasks-tracing-torture: Creating torture_onoff task
[    8.662503] tasks-tracing-torture: rcu_torture_fwd_prog_init: Disabled, unsupported by RCU flavor under test
[    8.663051] tasks-tracing-torture: torture_onoff task started
[    8.663052] tasks-tracing-torture: torture_onoff begin holdoff
[    8.669106] tasks-tracing-torture:torture_shutdown task: 3599978 ms remaining
[    8.709620] tasks-tracing-torture: Creating rcu_torture_barrier_cbs task
[    8.722062] tasks-tracing-torture: Creating rcu_torture_barrier_cbs task
[    8.722101] tasks-tracing-torture: rcu_torture_barrier_cbs task started
[    8.731598] tasks-tracing-torture: Creating rcu_torture_barrier_cbs task
[    8.732357] tasks-tracing-torture: rcu_torture_barrier_cbs task started
[    8.756464] tasks-tracing-torture: Creating rcu_torture_barrier_cbs task
[    8.756553] tasks-tracing-torture: rcu_torture_barrier_cbs task started
[    8.766330] tasks-tracing-torture: rcu_torture_barrier_cbs task started
[    8.766442] tasks-tracing-torture: Creating rcu_torture_barrier task
[    8.768203] tasks-tracing-torture: Creating rcu_torture_read_exit task
[    8.768277] initcall rcu_torture_init+0x0/0x9a6 returned 0 after 382203 usecs
[    8.768281] calling  timekeeping_init_ops+0x0/0x13 @ 1
[    8.768305] initcall timekeeping_init_ops+0x0/0x13 returned 0 after 21 usecs
[    8.768307] calling  init_clocksource_sysfs+0x0/0x23 @ 1
[    8.768493] initcall init_clocksource_sysfs+0x0/0x23 returned 0 after 178 usecs
[    8.768495] calling  init_timer_list_procfs+0x0/0x31 @ 1
[    8.768510] tasks-tracing-torture: rcu_torture_barrier task starting
[    8.768606] initcall init_timer_list_procfs+0x0/0x31 returned 0 after 105 usecs
[    8.768609] calling  alarmtimer_init+0x0/0xc7 @ 1
[    8.768710] initcall alarmtimer_init+0x0/0xc7 returned 0 after 96 usecs
[    8.768712] calling  init_posix_timers+0x0/0x29 @ 1
[    8.768792] initcall init_posix_timers+0x0/0x29 returned 0 after 75 usecs
[    8.768794] calling  clockevents_init_sysfs+0x0/0xbf @ 1
[    8.768874] initcall clockevents_init_sysfs+0x0/0xbf returned 0 after 75 usecs
[    8.768876] calling  proc_dma_init+0x0/0x21 @ 1
[    8.768896] initcall proc_dma_init+0x0/0x21 returned 0 after 17 usecs
[    8.768898] calling  proc_modules_init+0x0/0x1e @ 1
[    8.768902] initcall proc_modules_init+0x0/0x1e returned 0 after 1 usecs
[    8.768904] calling  kallsyms_init+0x0/0x21 @ 1
[    8.768906] initcall kallsyms_init+0x0/0x21 returned 0 after 0 usecs
[    8.768909] calling  pid_namespaces_init+0x0/0x2c @ 1
[    8.768951] initcall pid_namespaces_init+0x0/0x2c returned 0 after 26 usecs
[    8.768954] calling  audit_watch_init+0x0/0x37 @ 1
[    8.768957] initcall audit_watch_init+0x0/0x37 returned 0 after 0 usecs
[    8.768959] calling  audit_fsnotify_init+0x0/0x37 @ 1
[    8.768961] initcall audit_fsnotify_init+0x0/0x37 returned 0 after 0 usecs
[    8.768963] calling  audit_tree_init+0x0/0x6d @ 1
[    8.769027] initcall audit_tree_init+0x0/0x6d returned 0 after 60 usecs
[    8.769041] calling  seccomp_sysctl_init+0x0/0x2b @ 1
[    8.769246] initcall seccomp_sysctl_init+0x0/0x2b returned 0 after 196 usecs
[    8.769248] calling  utsname_sysctl_init+0x0/0x13 @ 1
[    8.769274] initcall utsname_sysctl_init+0x0/0x13 returned 0 after 22 usecs
[    8.769276] calling  init_tracepoints+0x0/0x27 @ 1
[    8.769365] initcall init_tracepoints+0x0/0x27 returned 0 after 83 usecs
[    8.769367] calling  init_blk_tracer+0x0/0x50 @ 1
[    8.770002] initcall init_blk_tracer+0x0/0x50 returned 0 after 615 usecs
[    8.770005] calling  perf_event_sysfs_init+0x0/0x81 @ 1
[    8.770264] initcall perf_event_sysfs_init+0x0/0x81 returned 0 after 249 usecs
[    8.770266] calling  system_trusted_keyring_init+0x0/0x60 @ 1
[    8.770267] Initialise system trusted keyrings
[    8.770309] initcall system_trusted_keyring_init+0x0/0x60 returned 0 after 40 usecs
[    8.770311] calling  kswapd_init+0x0/0x5c @ 1
[    8.770365] tasks-tracing-torture: rcu_torture_read_exit: Start of test
[    8.771686] initcall kswapd_init+0x0/0x5c returned 0 after 1339 usecs
[    8.771688] calling  extfrag_debug_init+0x0/0x54 @ 1
[    8.771762] initcall extfrag_debug_init+0x0/0x54 returned 0 after 70 usecs
[    8.771764] calling  mm_compute_batch_init+0x0/0x12 @ 1
[    8.771807] initcall mm_compute_batch_init+0x0/0x12 returned 0 after 0 usecs
[    8.771809] calling  slab_proc_init+0x0/0x21 @ 1
[    8.771928] initcall slab_proc_init+0x0/0x21 returned 0 after 113 usecs
[    8.771930] calling  workingset_init+0x0/0x8c @ 1
[    8.771931] workingset: timestamp_bits=56 max_order=17 bucket_order=0
[    8.772027] initcall workingset_init+0x0/0x8c returned 0 after 92 usecs
[    8.772029] calling  proc_vmalloc_init+0x0/0x32 @ 1
[    8.772032] initcall proc_vmalloc_init+0x0/0x32 returned 0 after 1 usecs
[    8.772035] calling  procswaps_init+0x0/0x1e @ 1
[    8.772449] initcall procswaps_init+0x0/0x1e returned 0 after 401 usecs
[    9.260787] calling  slab_sysfs_init+0x0/0xea @ 1
[    9.288806] initcall slab_sysfs_init+0x0/0xea returned 0 after 21619 usecs
[    9.297214] calling  fcntl_init+0x0/0x29 @ 1
[    9.303873] initcall fcntl_init+0x0/0x29 returned 0 after 10 usecs
[    9.312206] calling  proc_filesystems_init+0x0/0x21 @ 1
[    9.318437] initcall proc_filesystems_init+0x0/0x21 returned 0 after 4 usecs
[    9.326671] calling  start_dirtytime_writeback+0x0/0x29 @ 1
[    9.333440] initcall start_dirtytime_writeback+0x0/0x29 returned 0 after 143 usecs
[    9.342177] calling  blkdev_init+0x0/0x1b @ 1
[    9.348299] initcall blkdev_init+0x0/0x1b returned 0 after 784 usecs
[    9.355965] calling  dio_init+0x0/0x2c @ 1
[    9.361152] initcall dio_init+0x0/0x2c returned 0 after 171 usecs
[    9.370034] calling  dnotify_init+0x0/0x78 @ 1
[    9.375561] initcall dnotify_init+0x0/0x78 returned 0 after 14 usecs
[    9.383195] calling  aio_setup+0x0/0x78 @ 1
[    9.388659] initcall aio_setup+0x0/0x78 returned 0 after 392 usecs
[    9.395992] calling  io_uring_init+0x0/0x2c @ 1
[    9.401449] initcall io_uring_init+0x0/0x2c returned 0 after 9 usecs
[    9.409440] calling  mbcache_init+0x0/0x30 @ 1
[    9.415442] initcall mbcache_init+0x0/0x30 returned 0 after 317 usecs
[    9.423303] calling  init_grace+0x0/0xc @ 1
[    9.428524] initcall init_grace+0x0/0xc returned 0 after 100 usecs
[    9.435895] calling  init_v2_quota_format+0x0/0x21 @ 1
[    9.442091] initcall init_v2_quota_format+0x0/0x21 returned 0 after 22 usecs
[    9.450466] calling  init_devpts_fs+0x0/0x27 @ 1
[    9.456096] initcall init_devpts_fs+0x0/0x27 returned 0 after 123 usecs
[    9.464070] calling  ext4_init_fs+0x0/0x1d0 @ 1
[    9.471057] initcall ext4_init_fs+0x0/0x1d0 returned 0 after 654 usecs
[    9.479923] calling  journal_init+0x0/0x11c @ 1
[    9.486377] initcall journal_init+0x0/0x11c returned 0 after 290 usecs
[    9.495243] calling  init_fat_fs+0x0/0x49 @ 1
[    9.501458] initcall init_fat_fs+0x0/0x49 returned 0 after 270 usecs
[    9.510879] calling  init_vfat_fs+0x0/0xc @ 1
[    9.517442] initcall init_vfat_fs+0x0/0xc returned 0 after 4 usecs
[    9.526756] calling  init_msdos_fs+0x0/0xc @ 1
[    9.533849] initcall init_msdos_fs+0x0/0xc returned 0 after 4 usecs
[    9.543849] calling  init_iso9660_fs+0x0/0x6c @ 1
[    9.551554] initcall init_iso9660_fs+0x0/0x6c returned 0 after 479 usecs
[    9.561750] calling  init_nfs_fs+0x0/0x13a @ 1
[    9.571661] initcall init_nfs_fs+0x0/0x13a returned 0 after 2986 usecs
[    9.580340] calling  init_nfs_v2+0x0/0x13 @ 1
[    9.586065] initcall init_nfs_v2+0x0/0x13 returned 0 after 59 usecs
[    9.594056] calling  init_nfs_v3+0x0/0x13 @ 1
[    9.599708] initcall init_nfs_v3+0x0/0x13 returned 0 after 14 usecs
[    9.607709] calling  init_nfs_v4+0x0/0x32 @ 1
[    9.613351] NFS: Registering the id_resolver key type
[    9.619844] Key type id_resolver registered
[    9.625415] Key type id_legacy registered
[    9.630751] initcall init_nfs_v4+0x0/0x32 returned 0 after 17018 usecs
[    9.639096] calling  init_nlm+0x0/0x5b @ 1
[    9.644452] initcall init_nlm+0x0/0x5b returned 0 after 57 usecs
[    9.651995] calling  init_nls_cp437+0x0/0xe @ 1
[    9.657829] initcall init_nls_cp437+0x0/0xe returned 0 after 85 usecs
[    9.666104] calling  init_nls_ascii+0x0/0xe @ 1
[    9.673615] initcall init_nls_ascii+0x0/0xe returned 0 after 1 usecs
[    9.681596] calling  init_nls_iso8859_1+0x0/0xe @ 1
[    9.687888] initcall init_nls_iso8859_1+0x0/0xe returned 0 after 0 usecs
[    9.697028] calling  init_nls_utf8+0x0/0x21 @ 1
[    9.704256] initcall init_nls_utf8+0x0/0x21 returned 0 after 1 usecs
[    9.712387] calling  init_autofs_fs+0x0/0x25 @ 1
[    9.719161] initcall init_autofs_fs+0x0/0x25 returned 0 after 769 usecs
[    9.728537] calling  ipc_init+0x0/0x24 @ 1
[    9.733890] initcall ipc_init+0x0/0x24 returned 0 after 17 usecs
[    9.741539] calling  ipc_sysctl_init+0x0/0x13 @ 1
[    9.747773] initcall ipc_sysctl_init+0x0/0x13 returned 0 after 14 usecs
[    9.756341] calling  init_mqueue_fs+0x0/0x9a @ 1
[    9.762701] initcall init_mqueue_fs+0x0/0x9a returned 0 after 464 usecs
[    9.771065] calling  key_proc_init+0x0/0x63 @ 1
[    9.776993] initcall key_proc_init+0x0/0x63 returned 0 after 6 usecs
[    9.785105] calling  selinux_nf_ip_init+0x0/0x2e @ 1
[    9.791525] initcall selinux_nf_ip_init+0x0/0x2e returned 0 after 76 usecs
[    9.800275] calling  init_sel_fs+0x0/0x116 @ 1
[    9.806044] initcall init_sel_fs+0x0/0x116 returned 0 after 0 usecs
[    9.813902] calling  selnl_init+0x0/0x7c @ 1
[    9.819514] initcall selnl_init+0x0/0x7c returned 0 after 144 usecs
[    9.830413] calling  sel_netif_init+0x0/0x36 @ 1
[    9.836349] initcall sel_netif_init+0x0/0x36 returned 0 after 1 usecs
[    9.844949] calling  sel_netnode_init+0x0/0x33 @ 1
[    9.851121] initcall sel_netnode_init+0x0/0x33 returned 0 after 0 usecs
[    9.859370] calling  sel_netport_init+0x0/0x33 @ 1
[    9.865612] initcall sel_netport_init+0x0/0x33 returned 0 after 0 usecs
[    9.874542] calling  aurule_init+0x0/0x2a @ 1
[    9.880218] initcall aurule_init+0x0/0x2a returned 0 after 2 usecs
[    9.888333] calling  crypto_algapi_init+0x0/0xc @ 1
[    9.894739] initcall crypto_algapi_init+0x0/0xc returned 0 after 7 usecs
[    9.903518] calling  jent_mod_init+0x0/0x2d @ 1
[    9.927491] cryptomgr_test (91) used greatest stack depth: 14968 bytes left
[    9.928382] initcall jent_mod_init+0x0/0x2d returned 0 after 18502 usecs
[    9.947767] calling  asymmetric_key_init+0x0/0xc @ 1
[    9.955664] Key type asymmetric registered
[    9.962397] initcall asymmetric_key_init+0x0/0xc returned 0 after 6573 usecs
[    9.974978] calling  x509_key_init+0x0/0xc @ 1
[    9.981584] Asymmetric key parser 'x509' registered
[    9.988422] initcall x509_key_init+0x0/0xc returned 0 after 6691 usecs
[    9.997626] calling  proc_genhd_init+0x0/0x41 @ 1
[   10.005869] initcall proc_genhd_init+0x0/0x41 returned 0 after 244 usecs
[   10.029653] calling  bsg_init+0x0/0x113 @ 1
[   10.036089] Block layer SCSI generic (bsg) driver version 0.4 loaded (major 251)
[   10.046448] initcall bsg_init+0x0/0x113 returned 0 after 10135 usecs
[   10.055334] calling  deadline_init+0x0/0xc @ 1
[   10.061348] io scheduler mq-deadline registered
[   10.067452] initcall deadline_init+0x0/0xc returned 0 after 6199 usecs
[   10.075363] calling  kyber_init+0x0/0xc @ 1
[   10.080889] io scheduler kyber registered
[   10.087727] initcall kyber_init+0x0/0xc returned 0 after 6761 usecs
[   10.095665] calling  mod_init+0x0/0x7 @ 1
[   10.101092] initcall mod_init+0x0/0x7 returned 0 after 0 usecs
[   10.108466] calling  percpu_counter_startup+0x0/0x55 @ 1
[   10.121728] initcall percpu_counter_startup+0x0/0x55 returned 0 after 6822 usecs
[   10.134190] calling  sg_pool_init+0x0/0xb4 @ 1
[   10.146960] initcall sg_pool_init+0x0/0xb4 returned 0 after 6441 usecs
[   10.154839] calling  pcie_portdrv_init+0x0/0x39 @ 1
[   10.160997] initcall pcie_portdrv_init+0x0/0x39 returned 0 after 291 usecs
[   10.170725] calling  pci_proc_init+0x0/0x68 @ 1
[   10.176698] initcall pci_proc_init+0x0/0x68 returned 0 after 14 usecs
[   10.185409] calling  pci_hotplug_init+0x0/0x7 @ 1
[   10.192604] initcall pci_hotplug_init+0x0/0x7 returned 0 after 0 usecs
[   10.202807] calling  efifb_driver_init+0x0/0xe @ 1
[   10.210283] initcall efifb_driver_init+0x0/0xe returned 0 after 25 usecs
[   10.219654] calling  ged_driver_init+0x0/0xe @ 1
[   10.226222] initcall ged_driver_init+0x0/0xe returned 0 after 138 usecs
[   10.235593] calling  acpi_ac_init+0x0/0x92 @ 1
[   10.241562] initcall acpi_ac_init+0x0/0x92 returned 0 after 198 usecs
[   10.250214] calling  acpi_button_driver_init+0x0/0x52 @ 1
[   10.258693] input: Power Button as /devices/LNXSYSTM:00/LNXPWRBN:00/input/input0
[   10.270366] ACPI: Power Button [PWRF]
[   10.275898] initcall acpi_button_driver_init+0x0/0x52 returned 0 after 17950 usecs
[   10.285487] calling  acpi_fan_driver_init+0x0/0xe @ 1
[   10.292413] initcall acpi_fan_driver_init+0x0/0xe returned 0 after 24 usecs
[   10.301579] calling  acpi_video_init+0x0/0xcb @ 1
[   10.307845] initcall acpi_video_init+0x0/0xcb returned 0 after 66 usecs
[   10.316499] calling  acpi_processor_driver_init+0x0/0xad @ 1
[   10.326630] initcall acpi_processor_driver_init+0x0/0xad returned 0 after 2581 usecs
[   10.336759] calling  acpi_thermal_init+0x0/0x71 @ 1
[   10.344867] initcall acpi_thermal_init+0x0/0x71 returned 0 after 1230 usecs
[   10.354042] calling  acpi_battery_init+0x0/0x32 @ 1
[   10.360622] initcall acpi_battery_init+0x0/0x32 returned 0 after 214 usecs
[   10.369821] calling  bgrt_init+0x0/0xb6 @ 1
[   10.375394] initcall bgrt_init+0x0/0xb6 returned -19 after 1 usecs
[   10.383527] calling  gpio_clk_driver_init+0x0/0xe @ 1
[   10.390153] initcall gpio_clk_driver_init+0x0/0xe returned 0 after 27 usecs
[   10.399511] calling  plt_clk_driver_init+0x0/0xe @ 1
[   10.407471] initcall plt_clk_driver_init+0x0/0xe returned 0 after 29 usecs
[   10.416450] calling  virtio_pci_driver_init+0x0/0x15 @ 1
[   10.425805] initcall virtio_pci_driver_init+0x0/0x15 returned 0 after 237 usecs
[   10.436935] calling  n_null_init+0x0/0x1e @ 1
[   10.457144] initcall n_null_init+0x0/0x1e returned 0 after 1734 usecs
[   10.467837] calling  pty_init+0x0/0x1e8 @ 1
[   10.490120] initcall pty_init+0x0/0x1e8 returned 0 after 15223 usecs
[   10.499551] calling  sysrq_init+0x0/0x62 @ 1
[   10.507062] initcall sysrq_init+0x0/0x62 returned 0 after 1180 usecs
[   10.515555] calling  serial8250_init+0x0/0x17e @ 1
[   10.522369] Serial: 8250/16550 driver, 4 ports, IRQ sharing enabled
[   10.534062] 00:03: ttyS0 at I/O 0x3f8 (irq = 4, base_baud = 115200) is a 16550A
[   10.551348] initcall serial8250_init+0x0/0x17e returned 0 after 28354 usecs
[   10.560674] calling  serial_pci_driver_init+0x0/0x15 @ 1
[   10.568967] initcall serial_pci_driver_init+0x0/0x15 returned 0 after 906 usecs
[   10.578880] calling  exar_pci_driver_init+0x0/0x15 @ 1
[   10.585704] initcall exar_pci_driver_init+0x0/0x15 returned 0 after 35 usecs
[   10.594991] calling  lpss8250_pci_driver_init+0x0/0x15 @ 1
[   10.602342] initcall lpss8250_pci_driver_init+0x0/0x15 returned 0 after 73 usecs
[   10.612375] calling  mid8250_pci_driver_init+0x0/0x15 @ 1
[   10.619817] initcall mid8250_pci_driver_init+0x0/0x15 returned 0 after 27 usecs
[   10.629460] calling  virtio_console_init+0x0/0xff @ 1
[   10.638450] initcall virtio_console_init+0x0/0xff returned 0 after 2112 usecs
[   10.648023] calling  hpet_init+0x0/0x64 @ 1
[   10.655412] initcall hpet_init+0x0/0x64 returned 0 after 1834 usecs
[   10.663706] calling  nvram_module_init+0x0/0x83 @ 1
[   10.671572] Non-volatile memory driver v1.3
[   10.677306] initcall nvram_module_init+0x0/0x83 returned 0 after 6840 usecs
[   10.686622] calling  hwrng_modinit+0x0/0x8a @ 1
[   10.693104] initcall hwrng_modinit+0x0/0x8a returned 0 after 512 usecs
[   10.701663] calling  mod_init+0x0/0x48 @ 1
[   10.707140] initcall mod_init+0x0/0x48 returned -19 after 0 usecs
[   10.715388] calling  agp_init+0x0/0x23 @ 1
[   10.721400] Linux agpgart interface v0.103
[   10.726995] initcall agp_init+0x0/0x23 returned 0 after 5447 usecs
[   10.735173] calling  agp_amd64_mod_init+0x0/0x5 @ 1
[   10.741863] initcall agp_amd64_mod_init+0x0/0x5 returned -19 after 156 usecs
[   10.750985] calling  agp_intel_init+0x0/0x28 @ 1
[   10.758057] initcall agp_intel_init+0x0/0x28 returned 0 after 861 usecs
[   10.766800] calling  drm_kms_helper_init+0x0/0x7 @ 1
[   10.777748] initcall drm_kms_helper_init+0x0/0x7 returned 0 after 141 usecs
[   10.787070] calling  drm_core_init+0x0/0xa4 @ 1
[   10.795889] initcall drm_core_init+0x0/0xa4 returned 0 after 2481 usecs
[   10.804691] calling  i915_init+0x0/0x6b @ 1
[   10.819647] initcall i915_init+0x0/0x6b returned 0 after 9099 usecs
[   10.828096] calling  cn_proc_init+0x0/0x35 @ 1
[   10.834017] initcall cn_proc_init+0x0/0x35 returned 0 after 2 usecs
[   10.842257] calling  topology_sysfs_init+0x0/0x27 @ 1
[   10.849666] initcall topology_sysfs_init+0x0/0x27 returned 0 after 355 usecs
[   10.859002] calling  cacheinfo_sysfs_init+0x0/0x27 @ 1
[   10.873588] initcall cacheinfo_sysfs_init+0x0/0x27 returned 0 after 7674 usecs
[   10.883648] calling  loop_init+0x0/0x168 @ 1
[   11.064035] loop: module loaded
[   11.068263] initcall loop_init+0x0/0x168 returned 0 after 174482 usecs
[   11.076781] calling  mac_hid_init+0x0/0x21 @ 1
[   11.082905] initcall mac_hid_init+0x0/0x21 returned 0 after 176 usecs
[   11.091016] calling  spi_transport_init+0x0/0x74 @ 1
[   11.098217] initcall spi_transport_init+0x0/0x74 returned 0 after 660 usecs
[   11.107533] calling  init_sd+0x0/0x18c @ 1
[   11.114054] initcall init_sd+0x0/0x18c returned 0 after 981 usecs
[   11.122143] calling  init_sr+0x0/0x43 @ 1
[   11.127876] initcall init_sr+0x0/0x43 returned 0 after 31 usecs
[   11.136314] calling  init_sg+0x0/0x1c0 @ 1
[   11.142406] initcall init_sg+0x0/0x1c0 returned 0 after 100 usecs
[   11.151258] calling  ahci_pci_driver_init+0x0/0x15 @ 1
[   11.158808] ahci 0000:00:1f.2: version 3.0
[   11.169067] PCI Interrupt Link [GSIA] enabled at IRQ 16
[   11.191107] ahci 0000:00:1f.2: AHCI 0001.0000 32 slots 6 ports 1.5 Gbps 0x3f impl SATA mode
[   11.203112] ahci 0000:00:1f.2: flags: 64bit ncq only 
[   11.266972] scsi host0: ahci
[   11.277043] scsi host1: ahci
[   11.288482] scsi host2: ahci
[   11.306070] scsi host3: ahci
[   11.315844] scsi host4: ahci
[   11.324524] scsi host5: ahci
[   11.329811] ata1: SATA max UDMA/133 abar m4096@0xfebf1000 port 0xfebf1100 irq 24
[   11.339647] ata2: SATA max UDMA/133 abar m4096@0xfebf1000 port 0xfebf1180 irq 24
[   11.349454] ata3: SATA max UDMA/133 abar m4096@0xfebf1000 port 0xfebf1200 irq 24
[   11.359342] ata4: SATA max UDMA/133 abar m4096@0xfebf1000 port 0xfebf1280 irq 24
[   11.369922] ata5: SATA max UDMA/133 abar m4096@0xfebf1000 port 0xfebf1300 irq 24
[   11.380703] ata6: SATA max UDMA/133 abar m4096@0xfebf1000 port 0xfebf1380 irq 24
[   11.412827] initcall ahci_pci_driver_init+0x0/0x15 returned 0 after 248697 usecs
[   11.424474] calling  piix_init+0x0/0x26 @ 1
[   11.433049] initcall piix_init+0x0/0x26 returned 0 after 397 usecs
[   11.443773] calling  amd_pci_driver_init+0x0/0x15 @ 1
[   11.452625] initcall amd_pci_driver_init+0x0/0x15 returned 0 after 200 usecs
[   11.464821] calling  oldpiix_pci_driver_init+0x0/0x15 @ 1
[   11.474315] initcall oldpiix_pci_driver_init+0x0/0x15 returned 0 after 361 usecs
[   11.486141] calling  sch_pci_driver_init+0x0/0x15 @ 1
[   11.493695] initcall sch_pci_driver_init+0x0/0x15 returned 0 after 32 usecs
[   11.503279] calling  net_olddevs_init+0x0/0x55 @ 1
[   11.511628] initcall net_olddevs_init+0x0/0x55 returned 0 after 607 usecs
[   11.521308] calling  blackhole_netdev_init+0x0/0x78 @ 1
[   11.531675] initcall blackhole_netdev_init+0x0/0x78 returned 0 after 2440 usecs
[   11.541802] calling  phy_module_init+0x0/0x13 @ 1
[   11.550319] initcall phy_module_init+0x0/0x13 returned 0 after 1452 usecs
[   11.560279] calling  tg3_driver_init+0x0/0x15 @ 1
[   11.568078] initcall tg3_driver_init+0x0/0x15 returned 0 after 953 usecs
[   11.577831] calling  e100_init_module+0x0/0x4c @ 1
[   11.584577] e100: Intel(R) PRO/100 Network Driver
[   11.590396] e100: Copyright(c) 1999-2006 Intel Corporation
[   11.598009] initcall e100_init_module+0x0/0x4c returned 0 after 13121 usecs
[   11.607661] calling  e1000_init_module+0x0/0x72 @ 1
[   11.614850] e1000: Intel(R) PRO/1000 Network Driver
[   11.621826] e1000: Copyright (c) 1999-2006 Intel Corporation.
[   11.629909] initcall e1000_init_module+0x0/0x72 returned 0 after 15144 usecs
[   11.639696] calling  e1000_init_module+0x0/0x2d @ 1
[   11.646722] e1000e: Intel(R) PRO/1000 Network Driver
[   11.653746] e1000e: Copyright(c) 1999 - 2015 Intel Corporation.
[   11.662340] initcall e1000_init_module+0x0/0x2d returned 0 after 15276 usecs
[   11.673399] calling  sky2_init_module+0x0/0x21 @ 1
[   11.681249] sky2: driver version 1.30
[   11.687935] initcall sky2_init_module+0x0/0x21 returned 0 after 6521 usecs
[   11.699320] calling  forcedeth_pci_driver_init+0x0/0x15 @ 1
[   11.707280] initcall forcedeth_pci_driver_init+0x0/0x15 returned 0 after 34 usecs
[   11.717436] calling  rtl8139_init_module+0x0/0x15 @ 1
[   11.724568] initcall rtl8139_init_module+0x0/0x15 returned 0 after 174 usecs
[   11.734396] calling  rtl8169_pci_driver_init+0x0/0x15 @ 1
[   11.737035] ata2: SATA link down (SStatus 0 SControl 300)
[   11.755817] initcall rtl8169_pci_driver_init+0x0/0x15 returned 0 after 5518 usecs
[   11.762994] ata6: SATA link down (SStatus 0 SControl 300)
[   11.769421] calling  cdrom_init+0x0/0xc @ 1
[   11.780316] ata4: SATA link down (SStatus 0 SControl 300)
[   11.783531] initcall cdrom_init+0x0/0xc returned 0 after 509 usecs
[   11.793615] ata5: SATA link down (SStatus 0 SControl 300)
[   11.799968] calling  nonstatic_sysfs_init+0x0/0xc @ 1
[   11.800134] initcall nonstatic_sysfs_init+0x0/0xc returned 0 after 109 usecs
[   11.800266] calling  yenta_cardbus_driver_init+0x0/0x15 @ 1
[   11.801905] initcall yenta_cardbus_driver_init+0x0/0x15 returned 0 after 1594 usecs
[   11.816578] ata1: SATA link down (SStatus 0 SControl 300)
[   11.823368] ata3: SATA link up 1.5 Gbps (SStatus 113 SControl 300)
[   11.827614] calling  mon_init+0x0/0x12d @ 1
[   11.843778] ata3.00: ATAPI: QEMU DVD-ROM, 2.5+, max UDMA/100
[   11.871421] initcall mon_init+0x0/0x12d returned 0 after 24030 usecs
[   11.872141] ata3.00: applying bridge limits
[   11.880395] calling  ehci_hcd_init+0x0/0x56 @ 1
[   11.893301] ata3.00: configured for UDMA/100
[   11.898242] ehci_hcd: USB 2.0 'Enhanced' Host Controller (EHCI) Driver
[   11.924117] initcall ehci_hcd_init+0x0/0x56 returned 0 after 25501 usecs
[   11.929832] scsi 2:0:0:0: CD-ROM            QEMU     QEMU DVD-ROM     2.5+ PQ: 0 ANSI: 5
[   11.935625] calling  ehci_pci_init+0x0/0x64 @ 1
[   11.954163] ehci-pci: EHCI PCI platform driver
[   11.962370] initcall ehci_pci_init+0x0/0x64 returned 0 after 8009 usecs
[   11.972938] calling  ohci_hcd_mod_init+0x0/0x4e @ 1
[   11.981018] ohci_hcd: USB 1.1 'Open' Host Controller (OHCI) Driver
[   11.990035] initcall ohci_hcd_mod_init+0x0/0x4e returned 0 after 8802 usecs
[   11.999932] calling  ohci_pci_init+0x0/0x64 @ 1
[   12.006836] ohci-pci: OHCI PCI platform driver
[   12.013924] initcall ohci_pci_init+0x0/0x64 returned 0 after 6987 usecs
[   12.023856] calling  uhci_hcd_init+0x0/0xa8 @ 1
[   12.028566] sr 2:0:0:0: [sr0] scsi3-mmc drive: 4x/4x cd/rw xa/form2 tray
[   12.030387] uhci_hcd: USB Universal Host Controller Interface driver
[   12.040395] cdrom: Uniform CD-ROM driver Revision: 3.20
[   12.051163] initcall uhci_hcd_init+0x0/0xa8 returned 0 after 20293 usecs
[   12.066160] calling  xhci_hcd_init+0x0/0x1e @ 1
[   12.072889] initcall xhci_hcd_init+0x0/0x1e returned 0 after 222 usecs
[   12.082880] calling  xhci_pci_init+0x0/0x49 @ 1
[   12.095901] initcall xhci_pci_init+0x0/0x49 returned 0 after 406 usecs
[   12.104538] calling  usblp_driver_init+0x0/0x15 @ 1
[   12.112703] usbcore: registered new interface driver usblp
[   12.120284] initcall usblp_driver_init+0x0/0x15 returned 0 after 8759 usecs
[   12.130075] calling  usb_storage_driver_init+0x0/0x2a @ 1
[   12.137808] usbcore: registered new interface driver usb-storage
[   12.146199] initcall usb_storage_driver_init+0x0/0x2a returned 0 after 8624 usecs
[   12.156830] calling  i8042_init+0x0/0x4c2 @ 1
[   12.163349] sr 2:0:0:0: Attached scsi CD-ROM sr0
[   12.166889] i8042: PNP: PS/2 Controller [PNP0303:KBD,PNP0f13:MOU] at 0x60,0x64 irq 1,12
[   12.171957] sr 2:0:0:0: Attached scsi generic sg0 type 5
[   12.208642] serio: i8042 KBD port at 0x60,0x64 irq 1
[   12.216668] serio: i8042 AUX port at 0x60,0x64 irq 12
[   12.224095] initcall i8042_init+0x0/0x4c2 returned 0 after 59533 usecs
[   12.233888] calling  serport_init+0x0/0x2c @ 1
[   12.240511] initcall serport_init+0x0/0x2c returned 0 after 116 usecs
[   12.249834] calling  input_leds_init+0x0/0xc @ 1
[   12.257592] initcall input_leds_init+0x0/0xc returned 0 after 637 usecs
[   12.266850] calling  evdev_init+0x0/0xc @ 1
[   12.274027] initcall evdev_init+0x0/0xc returned 0 after 684 usecs
[   12.283080] calling  atkbd_init+0x0/0x21 @ 1
[   12.291395] initcall atkbd_init+0x0/0x21 returned 0 after 2350 usecs
[   12.297568] input: AT Translated Set 2 keyboard as /devices/platform/i8042/serio0/input/input1
[   12.300783] calling  psmouse_init+0x0/0x7f @ 1
[   12.320074] initcall psmouse_init+0x0/0x7f returned 0 after 775 usecs
[   12.329371] calling  cmos_init+0x0/0x73 @ 1
[   12.339021] rtc_cmos 00:04: RTC can wake from S4
[   12.359639] rtc_cmos 00:04: registered as rtc0
[   12.369004] rtc_cmos 00:04: alarms up to one day, y3k, 242 bytes nvram, hpet irqs
[   12.380597] initcall cmos_init+0x0/0x73 returned 0 after 43922 usecs
[   12.394123] calling  smbalert_driver_init+0x0/0xe @ 1
[   12.406017] initcall smbalert_driver_init+0x0/0xe returned 0 after 1212 usecs
[   12.418363] calling  i2c_i801_init+0x0/0xc5 @ 1
[   12.450849] i801_smbus 0000:00:1f.3: SMBus using PCI interrupt
[   12.462100] i2c i2c-0: 1/1 memory slots populated (from DMI)
[   12.471759] i2c i2c-0: Memory type 0x07 not supported yet, not instantiating SPD
[   12.485044] initcall i2c_i801_init+0x0/0xc5 returned 0 after 58075 usecs
[   12.494820] calling  ptp_kvm_init+0x0/0xf0 @ 1
[   12.502677] initcall ptp_kvm_init+0x0/0xf0 returned 0 after 1517 usecs
[   12.513608] calling  dm_init+0x0/0x3c @ 1
[   12.535756] device-mapper: ioctl: 4.43.0-ioctl (2020-10-01) initialised: dm-devel@redhat.com
[   12.546309] initcall dm_init+0x0/0x3c returned 0 after 26231 usecs
[   12.554586] calling  dm_mirror_init+0x0/0x29 @ 1
[   12.560732] initcall dm_mirror_init+0x0/0x29 returned 0 after 138 usecs
[   12.569689] calling  dm_dirty_log_init+0x0/0x4f @ 1
[   12.577429] initcall dm_dirty_log_init+0x0/0x4f returned 0 after 237 usecs
[   12.587615] calling  dm_zero_init+0x0/0x29 @ 1
[   12.593767] initcall dm_zero_init+0x0/0x29 returned 0 after 2 usecs
[   12.603123] calling  intel_pstate_init+0x0/0x510 @ 1
[   12.610087] intel_pstate: CPU model not supported
[   12.617548] initcall intel_pstate_init+0x0/0x510 returned -19 after 7395 usecs
[   12.628435] calling  haltpoll_init+0x0/0xc0 @ 1
[   12.635481] initcall haltpoll_init+0x0/0xc0 returned -19 after 581 usecs
[   12.646390] calling  efivars_sysfs_init+0x0/0x30 @ 1
[   12.653909] initcall efivars_sysfs_init+0x0/0x30 returned 0 after 172 usecs
[   12.663978] calling  esrt_sysfs_init+0x0/0x2a2 @ 1
[   12.671981] initcall esrt_sysfs_init+0x0/0x2a2 returned -38 after 87 usecs
[   12.686307] calling  hid_init+0x0/0x5c @ 1
[   12.693826] hid: raw HID events driver (C) Jiri Kosina
[   12.702653] initcall hid_init+0x0/0x5c returned 0 after 9615 usecs
[   12.712580] calling  hid_generic_init+0x0/0x15 @ 1
[   12.719759] initcall hid_generic_init+0x0/0x15 returned 0 after 172 usecs
[   12.729838] calling  a4_driver_init+0x0/0x15 @ 1
[   12.736494] initcall a4_driver_init+0x0/0x15 returned 0 after 226 usecs
[   12.749153] calling  apple_driver_init+0x0/0x15 @ 1
[   12.759498] initcall apple_driver_init+0x0/0x15 returned 0 after 41 usecs
[   12.772087] calling  belkin_driver_init+0x0/0x15 @ 1
[   12.780113] initcall belkin_driver_init+0x0/0x15 returned 0 after 118 usecs
[   12.791472] calling  ch_driver_init+0x0/0x15 @ 1
[   12.799682] initcall ch_driver_init+0x0/0x15 returned 0 after 30 usecs
[   12.810403] calling  ch_driver_init+0x0/0x15 @ 1
[   12.817918] initcall ch_driver_init+0x0/0x15 returned 0 after 83 usecs
[   12.828299] calling  cp_driver_init+0x0/0x15 @ 1
[   12.836039] initcall cp_driver_init+0x0/0x15 returned 0 after 29 usecs
[   12.846656] calling  ez_driver_init+0x0/0x15 @ 1
[   12.855981] initcall ez_driver_init+0x0/0x15 returned 0 after 37 usecs
[   12.868954] calling  gyration_driver_init+0x0/0x15 @ 1
[   12.879153] initcall gyration_driver_init+0x0/0x15 returned 0 after 48 usecs
[   12.890637] calling  ite_driver_init+0x0/0x15 @ 1
[   12.898104] initcall ite_driver_init+0x0/0x15 returned 0 after 257 usecs
[   12.908504] calling  ks_driver_init+0x0/0x15 @ 1
[   12.917011] initcall ks_driver_init+0x0/0x15 returned 0 after 42 usecs
[   12.929329] calling  lg_driver_init+0x0/0x15 @ 1
[   12.935765] initcall lg_driver_init+0x0/0x15 returned 0 after 43 usecs
[   12.958260] calling  lg_g15_driver_init+0x0/0x15 @ 1
[   12.978720] initcall lg_g15_driver_init+0x0/0x15 returned 0 after 9463 usecs
[   12.988868] calling  ms_driver_init+0x0/0x15 @ 1
[   12.996004] initcall ms_driver_init+0x0/0x15 returned 0 after 34 usecs
[   13.006311] calling  mr_driver_init+0x0/0x15 @ 1
[   13.013754] initcall mr_driver_init+0x0/0x15 returned 0 after 423 usecs
[   13.023608] calling  ntrig_driver_init+0x0/0x15 @ 1
[   13.034543] initcall ntrig_driver_init+0x0/0x15 returned 0 after 3486 usecs
[   13.045288] calling  pl_driver_init+0x0/0x15 @ 1
[   13.052859] initcall pl_driver_init+0x0/0x15 returned 0 after 116 usecs
[   13.063811] calling  pl_driver_init+0x0/0x15 @ 1
[   13.070908] initcall pl_driver_init+0x0/0x15 returned 0 after 39 usecs
[   13.086834] calling  redragon_driver_init+0x0/0x15 @ 1
[   13.096991] initcall redragon_driver_init+0x0/0x15 returned 0 after 44 usecs
[   13.109278] calling  samsung_driver_init+0x0/0x15 @ 1
[   13.117996] initcall samsung_driver_init+0x0/0x15 returned 0 after 43 usecs
[   13.129562] calling  sony_init+0x0/0x38 @ 1
[   13.137988] initcall sony_init+0x0/0x38 returned 0 after 149 usecs
[   13.147876] calling  sp_driver_init+0x0/0x15 @ 1
[   13.156052] initcall sp_driver_init+0x0/0x15 returned 0 after 168 usecs
[   13.168183] calling  ts_driver_init+0x0/0x15 @ 1
[   13.178811] initcall ts_driver_init+0x0/0x15 returned 0 after 55 usecs
[   13.191703] calling  hid_init+0x0/0x58 @ 1
[   13.204192] usbcore: registered new interface driver usbhid
[   13.216364] usbhid: USB HID core driver
[   13.224539] initcall hid_init+0x0/0x58 returned 0 after 22117 usecs
[   13.238918] calling  eeepc_laptop_init+0x0/0x57 @ 1
[   13.252540] initcall eeepc_laptop_init+0x0/0x57 returned -19 after 5788 usecs
[   13.263841] calling  pmc_atom_init+0x0/0x27a @ 1
[   13.271686] initcall pmc_atom_init+0x0/0x27a returned -19 after 681 usecs
[   13.282918] calling  alsa_hwdep_init+0x0/0x5e @ 1
[   13.294870] initcall alsa_hwdep_init+0x0/0x5e returned 0 after 2407 usecs
[   13.305462] calling  alsa_timer_init+0x0/0x1f0 @ 1
[   13.333501] initcall alsa_timer_init+0x0/0x1f0 returned 0 after 19764 usecs
[   13.343018] calling  snd_hrtimer_init+0x0/0x117 @ 1
[   13.350170] initcall snd_hrtimer_init+0x0/0x117 returned 0 after 3 usecs
[   13.359415] calling  alsa_pcm_init+0x0/0x64 @ 1
[   13.366088] initcall alsa_pcm_init+0x0/0x64 returned 0 after 15 usecs
[   13.375405] calling  alsa_seq_init+0x0/0x4a @ 1
[   13.384025] initcall alsa_seq_init+0x0/0x4a returned 0 after 2170 usecs
[   13.393681] calling  alsa_seq_dummy_init+0x0/0x9c @ 1
[   13.402505] initcall alsa_seq_dummy_init+0x0/0x9c returned 0 after 677 usecs
[   13.414832] calling  azx_driver_init+0x0/0x15 @ 1
[   13.427724] initcall azx_driver_init+0x0/0x15 returned 0 after 5701 usecs
[   13.437528] calling  sock_diag_init+0x0/0x2a @ 1
[   13.459052] initcall sock_diag_init+0x0/0x2a returned 0 after 14345 usecs
[   13.469375] calling  blackhole_init+0x0/0xc @ 1
[   13.476683] initcall blackhole_init+0x0/0xc returned 0 after 353 usecs
[   13.485770] calling  nfnetlink_init+0x0/0x57 @ 1
[   13.497131] initcall nfnetlink_init+0x0/0x57 returned 0 after 4516 usecs
[   13.507840] calling  nfnetlink_log_init+0x0/0x99 @ 1
[   13.517899] initcall nfnetlink_log_init+0x0/0x99 returned 0 after 2956 usecs
[   13.528090] calling  nf_conntrack_standalone_init+0x0/0x87 @ 1
[   13.541324] input: ImExPS/2 Generic Explorer Mouse as /devices/platform/i8042/serio1/input/input3
[   13.573782] initcall nf_conntrack_standalone_init+0x0/0x87 returned 0 after 34078 usecs
[   13.584507] calling  ctnetlink_init+0x0/0x83 @ 1
[   13.590661] initcall ctnetlink_init+0x0/0x83 returned 0 after 111 usecs
[   13.599417] calling  nf_conntrack_ftp_init+0x0/0x12c @ 1
[   13.606798] initcall nf_conntrack_ftp_init+0x0/0x12c returned 0 after 12 usecs
[   13.617040] calling  nf_conntrack_irc_init+0x0/0x129 @ 1
[   13.636000] initcall nf_conntrack_irc_init+0x0/0x129 returned 0 after 79 usecs
[   13.646253] calling  nf_conntrack_sip_init+0x0/0x172 @ 1
[   13.654599] initcall nf_conntrack_sip_init+0x0/0x172 returned 0 after 8 usecs
[   13.663788] calling  nf_nat_init+0x0/0xd2 @ 1
[   13.671287] initcall nf_nat_init+0x0/0xd2 returned 0 after 1535 usecs
[   13.680008] calling  nf_nat_ftp_init+0x0/0x2a @ 1
[   13.686676] initcall nf_nat_ftp_init+0x0/0x2a returned 0 after 2 usecs
[   13.696931] calling  nf_nat_irc_init+0x0/0x2a @ 1
[   13.704526] initcall nf_nat_irc_init+0x0/0x2a returned 0 after 1 usecs
[   13.714258] calling  nf_nat_sip_init+0x0/0x36 @ 1
[   13.721370] initcall nf_nat_sip_init+0x0/0x36 returned 0 after 1 usecs
[   13.729639] calling  xt_init+0x0/0xf8 @ 1
[   13.737624] initcall xt_init+0x0/0xf8 returned 0 after 1590 usecs
[   13.746166] calling  tcpudp_mt_init+0x0/0x11 @ 1
[   13.754204] initcall tcpudp_mt_init+0x0/0x11 returned 0 after 957 usecs
[   13.762777] calling  connsecmark_tg_init+0x0/0xc @ 1
[   13.769529] initcall connsecmark_tg_init+0x0/0xc returned 0 after 1 usecs
[   13.779013] calling  nflog_tg_init+0x0/0xc @ 1
[   13.786282] initcall nflog_tg_init+0x0/0xc returned 0 after 1 usecs
[   13.794678] calling  secmark_tg_init+0x0/0x11 @ 1
[   13.801270] initcall secmark_tg_init+0x0/0x11 returned 0 after 1 usecs
[   13.804615] tasks-tracing-torture: rcu_torture_read_exit: End of episode
[   13.810578] calling  tcpmss_tg_init+0x0/0x11 @ 1
[   13.826629] initcall tcpmss_tg_init+0x0/0x11 returned 0 after 2 usecs
