c[?7l[2J[0mSeaBIOS (version 1.16.0-debian-1.16.0-4)
Booting from ROM...
early console in setup code
c[?7l[2J[    0.000000] Linux version 5.10.155+ (root@joelboxx.c.googlers.com) (gcc (Debian 12.2.0-3) 12.2.0, GNU ld (GNU Binutils for Debian) 2.39) #8 SMP Tue Dec 13 05:26:55 UTC 2022
[    0.000000] Command line: selinux=0 initcall_debug debug console=ttyS0 rcutorture.torture_type=srcu rcutorture.onoff_interval=1000 rcutorture.onoff_holdoff=30 rcutorture.n_barrier_cbs=4 rcutorture.stat_interval=15 rcutorture.shutdown_secs=1800 rcutorture.test_no_idle_hz=1 rcutorture.verbose=1
[    0.000000] x86/fpu: x87 FPU will use FXSAVE
[    0.000000] BIOS-provided physical RAM map:
[    0.000000] BIOS-e820: [mem 0x0000000000000000-0x000000000009fbff] usable
[    0.000000] BIOS-e820: [mem 0x000000000009fc00-0x000000000009ffff] reserved
[    0.000000] BIOS-e820: [mem 0x00000000000f0000-0x00000000000fffff] reserved
[    0.000000] BIOS-e820: [mem 0x0000000000100000-0x000000001ffdefff] usable
[    0.000000] BIOS-e820: [mem 0x000000001ffdf000-0x000000001fffffff] reserved
[    0.000000] BIOS-e820: [mem 0x00000000b0000000-0x00000000bfffffff] reserved
[    0.000000] BIOS-e820: [mem 0x00000000fed1c000-0x00000000fed1ffff] reserved
[    0.000000] BIOS-e820: [mem 0x00000000feffc000-0x00000000feffffff] reserved
[    0.000000] BIOS-e820: [mem 0x00000000fffc0000-0x00000000ffffffff] reserved
[    0.000000] NX (Execute Disable) protection: active
[    0.000000] SMBIOS 2.8 present.
[    0.000000] DMI: QEMU Standard PC (Q35 + ICH9, 2009), BIOS 1.16.0-debian-1.16.0-4 04/01/2014
[    0.000000] Hypervisor detected: KVM
[    0.000000] kvm-clock: Using msrs 4b564d01 and 4b564d00
[    0.000000] kvm-clock: cpu 0, msr 1689e001, primary cpu clock
[    0.000001] kvm-clock: using sched offset of 2041615810 cycles
[    0.000167] clocksource: kvm-clock: mask: 0xffffffffffffffff max_cycles: 0x1cd42e4dffb, max_idle_ns: 881590591483 ns
[    0.000316] tsc: Detected 1999.999 MHz processor
[    0.006867] e820: update [mem 0x00000000-0x00000fff] usable ==> reserved
[    0.006872] e820: remove [mem 0x000a0000-0x000fffff] usable
[    0.006879] last_pfn = 0x1ffdf max_arch_pfn = 0x400000000
[    0.011721] MTRR default type: write-back
[    0.012352] MTRR fixed ranges enabled:
[    0.012420]   00000-9FFFF write-back
[    0.012421]   A0000-BFFFF uncachable
[    0.012422]   C0000-FFFFF write-protect
[    0.012423] MTRR variable ranges enabled:
[    0.012478]   0 base 00C0000000 mask FFC0000000 uncachable
[    0.012479]   1 disabled
[    0.012480]   2 disabled
[    0.012481]   3 disabled
[    0.012482]   4 disabled
[    0.012483]   5 disabled
[    0.012483]   6 disabled
[    0.012484]   7 disabled
[    0.013044] x86/PAT: Configuration [0-7]: WB  WC  UC- UC  WB  WC  UC- UC  
[    0.023095] found SMP MP-table at [mem 0x000f5ba0-0x000f5baf]
[    0.028037] check: Scanning 1 areas for low memory corruption
[    0.038098] ACPI: Early table checksum verification disabled
[    0.039806] ACPI: RSDP 0x00000000000F59E0 000014 (v00 BOCHS )
[    0.040155] ACPI: RSDT 0x000000001FFE23B1 000038 (v01 BOCHS  BXPC     00000001 BXPC 00000001)
[    0.040369] ACPI: FACP 0x000000001FFE2191 0000F4 (v03 BOCHS  BXPC     00000001 BXPC 00000001)
[    0.040418] ACPI: DSDT 0x000000001FFE0040 002151 (v01 BOCHS  BXPC     00000001 BXPC 00000001)
[    0.040422] ACPI: FACS 0x000000001FFE0000 000040
[    0.040426] ACPI: APIC 0x000000001FFE2285 000090 (v01 BOCHS  BXPC     00000001 BXPC 00000001)
[    0.040430] ACPI: HPET 0x000000001FFE2315 000038 (v01 BOCHS  BXPC     00000001 BXPC 00000001)
[    0.040434] ACPI: MCFG 0x000000001FFE234D 00003C (v01 BOCHS  BXPC     00000001 BXPC 00000001)
[    0.040438] ACPI: WAET 0x000000001FFE2389 000028 (v01 BOCHS  BXPC     00000001 BXPC 00000001)
[    0.040442] ACPI: Reserving FACP table memory at [mem 0x1ffe2191-0x1ffe2284]
[    0.040444] ACPI: Reserving DSDT table memory at [mem 0x1ffe0040-0x1ffe2190]
[    0.040445] ACPI: Reserving FACS table memory at [mem 0x1ffe0000-0x1ffe003f]
[    0.040446] ACPI: Reserving APIC table memory at [mem 0x1ffe2285-0x1ffe2314]
[    0.040447] ACPI: Reserving HPET table memory at [mem 0x1ffe2315-0x1ffe234c]
[    0.040448] ACPI: Reserving MCFG table memory at [mem 0x1ffe234d-0x1ffe2388]
[    0.040449] ACPI: Reserving WAET table memory at [mem 0x1ffe2389-0x1ffe23b0]
[    0.041397] ACPI: Local APIC address 0xfee00000
[    0.045461] No NUMA configuration found
[    0.045467] Faking a node at [mem 0x0000000000000000-0x000000001ffdefff]
[    0.045757] NODE_DATA(0) allocated [mem 0x1ffdb000-0x1ffdefff]
[    0.047701] Zone ranges:
[    0.047783]   DMA      [mem 0x0000000000001000-0x0000000000ffffff]
[    0.047852]   DMA32    [mem 0x0000000001000000-0x000000001ffdefff]
[    0.047854]   Normal   empty
[    0.047856] Movable zone start for each node
[    0.047857] Early memory node ranges
[    0.047899]   node   0: [mem 0x0000000000001000-0x000000000009efff]
[    0.047965]   node   0: [mem 0x0000000000100000-0x000000001ffdefff]
[    0.048007] Initmem setup node 0 [mem 0x0000000000001000-0x000000001ffdefff]
[    0.048009] On node 0 totalpages: 130941
[    0.048115]   DMA zone: 64 pages used for memmap
[    0.048116]   DMA zone: 21 pages reserved
[    0.048118]   DMA zone: 3998 pages, LIFO batch:0
[    0.048119]   DMA32 zone: 1984 pages used for memmap
[    0.048121]   DMA32 zone: 126943 pages, LIFO batch:31
[    0.049125] On node 0, zone DMA: 1 pages in unavailable ranges
[    0.052845] On node 0, zone DMA: 97 pages in unavailable ranges
[    0.153803] On node 0, zone DMA32: 33 pages in unavailable ranges
[    0.158455] ACPI: PM-Timer IO Port: 0x608
[    0.158463] ACPI: Local APIC address 0xfee00000
[    0.158657] ACPI: LAPIC_NMI (acpi_id[0xff] dfl dfl lint[0x1])
[    0.159764] IOAPIC[0]: apic_id 0, version 17, address 0xfec00000, GSI 0-23
[    0.159775] ACPI: INT_SRC_OVR (bus 0 bus_irq 0 global_irq 2 dfl dfl)
[    0.159846] ACPI: INT_SRC_OVR (bus 0 bus_irq 5 global_irq 5 high level)
[    0.159849] ACPI: INT_SRC_OVR (bus 0 bus_irq 9 global_irq 9 high level)
[    0.159920] ACPI: INT_SRC_OVR (bus 0 bus_irq 10 global_irq 10 high level)
[    0.159922] ACPI: INT_SRC_OVR (bus 0 bus_irq 11 global_irq 11 high level)
[    0.159926] ACPI: IRQ0 used by override.
[    0.159928] ACPI: IRQ5 used by override.
[    0.159929] ACPI: IRQ9 used by override.
[    0.159930] ACPI: IRQ10 used by override.
[    0.159932] ACPI: IRQ11 used by override.
[    0.159977] Using ACPI (MADT) for SMP configuration information
[    0.160004] ACPI: HPET id: 0x8086a201 base: 0xfed00000
[    0.160468] smpboot: Allowing 4 CPUs, 0 hotplug CPUs
[    0.161612] PM: hibernation: Registered nosave memory: [mem 0x00000000-0x00000fff]
[    0.161617] PM: hibernation: Registered nosave memory: [mem 0x0009f000-0x0009ffff]
[    0.161618] PM: hibernation: Registered nosave memory: [mem 0x000a0000-0x000effff]
[    0.161620] PM: hibernation: Registered nosave memory: [mem 0x000f0000-0x000fffff]
[    0.161623] [mem 0x20000000-0xafffffff] available for PCI devices
[    0.161674] Booting paravirtualized kernel on KVM
[    0.161974] clocksource: refined-jiffies: mask: 0xffffffff max_cycles: 0xffffffff, max_idle_ns: 1910969940391419 ns
[    0.190225] setup_percpu: NR_CPUS:4 nr_cpumask_bits:4 nr_cpu_ids:4 nr_node_ids:1
[    0.218083] percpu: Embedded 56 pages/cpu s191128 r8192 d30056 u524288
[    0.218131] pcpu-alloc: s191128 r8192 d30056 u524288 alloc=1*2097152
[    0.218157] pcpu-alloc: [0] 0 1 2 3 
[    0.218502] kvm-guest: stealtime: cpu 0, msr 1f41b600
[    0.218660] Built 1 zonelists, mobility grouping on.  Total pages: 128872
[    0.218661] Policy zone: DMA32
[    0.218664] Kernel command line: selinux=0 initcall_debug debug console=ttyS0 rcutorture.torture_type=srcu rcutorture.onoff_interval=1000 rcutorture.onoff_holdoff=30 rcutorture.n_barrier_cbs=4 rcutorture.stat_interval=15 rcutorture.shutdown_secs=1800 rcutorture.test_no_idle_hz=1 rcutorture.verbose=1
[    0.224270] Dentry cache hash table entries: 65536 (order: 7, 524288 bytes, linear)
[    0.226293] Inode-cache hash table entries: 32768 (order: 6, 262144 bytes, linear)
[    0.226924] mem auto-init: stack:all(zero), heap alloc:off, heap free:off
[    0.231912] Memory: 480680K/523764K available (14349K kernel code, 2529K rwdata, 4688K rodata, 1500K init, 1520K bss, 42824K reserved, 0K cma-reserved)
[    0.232444] SLUB: HWalign=64, Order=0-3, MinObjects=0, CPUs=4, Nodes=1
[    0.232658] Kernel/User page tables isolation: enabled
[    0.238553] rcu: Hierarchical RCU implementation.
[    0.238587] 	Trampoline variant of Tasks RCU enabled.
[    0.238588] 	Rude variant of Tasks RCU enabled.
[    0.238589] 	Tracing variant of Tasks RCU enabled.
[    0.238685] rcu: RCU calculated value of scheduler-enlistment delay is 100 jiffies.
[    0.249968] NR_IRQS: 4352, nr_irqs: 456, preallocated irqs: 16
[    0.252578] calling  con_init+0x0/0x22a @ 0
[    0.353772] Console: colour VGA+ 80x25
[    0.353785] initcall con_init+0x0/0x22a returned 0 after 0 usecs
[    0.353788] calling  hvc_console_init+0x0/0x13 @ 0
[    0.353790] initcall hvc_console_init+0x0/0x13 returned 0 after 0 usecs
[    0.353792] calling  univ8250_console_init+0x0/0x26 @ 0
[    1.273609] printk: console [ttyS0] enabled
[    1.280017] initcall univ8250_console_init+0x0/0x26 returned 0 after 0 usecs
[    1.290908] ACPI: Core revision 20200925
[    1.298089] clocksource: hpet: mask: 0xffffffff max_cycles: 0xffffffff, max_idle_ns: 19112604467 ns
[    1.310228] APIC: Switch to symmetric I/O mode setup
[    1.336706] ..TIMER: vector=0x30 apic1=0 pin1=2 apic2=-1 pin2=-1
[    1.344142] clocksource: tsc-early: mask: 0xffffffffffffffff max_cycles: 0x39a85afc727, max_idle_ns: 881590685098 ns
[    1.356556] Calibrating delay loop (skipped) preset value.. 3999.99 BogoMIPS (lpj=1999999)
[    1.357345] pid_max: default: 32768 minimum: 301
[    1.358941] LSM: Security Framework initializing
[    1.359797] Mount-cache hash table entries: 1024 (order: 1, 8192 bytes, linear)
[    1.360350] Mountpoint-cache hash table entries: 1024 (order: 1, 8192 bytes, linear)
[    1.368038] Last level iTLB entries: 4KB 0, 2MB 0, 4MB 0
[    1.368319] Last level dTLB entries: 4KB 0, 2MB 0, 4MB 0, 1GB 0
[    1.369404] Spectre V1 : Mitigation: usercopy/swapgs barriers and __user pointer sanitization
[    1.370321] Spectre V2 : Mitigation: Retpolines
[    1.372318] Spectre V2 : Spectre v2 / SpectreRSB mitigation: Filling RSB on context switch
[    1.373318] Spectre V2 : Spectre v2 / SpectreRSB : Filling RSB on VMEXIT
[    1.374318] Speculative Store Bypass: Vulnerable
[    1.375376] MDS: Vulnerable: Clear CPU buffers attempted, no microcode
[    1.376318] MMIO Stale Data: Unknown: No mitigations
[    1.452728] Freeing SMP alternatives memory: 44K
[    1.557848] smpboot: CPU0: Intel Common KVM processor (family: 0xf, model: 0x6, stepping: 0x1)
[    1.560017] calling  init_hw_perf_events+0x0/0x6ce @ 1
[    1.560320] Performance Events: unsupported Netburst CPU model 6 no PMU driver, software events only.
[    1.561327] initcall init_hw_perf_events+0x0/0x6ce returned 0 after 976 usecs
[    1.562332] calling  init_real_mode+0x0/0x1e9 @ 1
[    1.564561] initcall init_real_mode+0x0/0x1e9 returned 0 after 976 usecs
[    1.565322] calling  trace_init_perf_perm_irq_work_exit+0x0/0x12 @ 1
[    1.566321] initcall trace_init_perf_perm_irq_work_exit+0x0/0x12 returned 0 after 0 usecs
[    1.567337] calling  validate_x2apic+0x0/0x4a @ 1
[    1.568349] initcall validate_x2apic+0x0/0x4a returned 0 after 0 usecs
[    1.569322] calling  register_nmi_cpu_backtrace_handler+0x0/0x15 @ 1
[    1.570322] initcall register_nmi_cpu_backtrace_handler+0x0/0x15 returned 0 after 0 usecs
[    1.571321] calling  kvm_setup_vsyscall_timeinfo+0x0/0xd1 @ 1
[    1.572322] initcall kvm_setup_vsyscall_timeinfo+0x0/0xd1 returned 0 after 0 usecs
[    1.573322] calling  spawn_ksoftirqd+0x0/0x38 @ 1
[    1.574477] initcall spawn_ksoftirqd+0x0/0x38 returned 0 after 0 usecs
[    1.575322] calling  migration_init+0x0/0x33 @ 1
[    1.576322] initcall migration_init+0x0/0x33 returned 0 after 0 usecs
[    1.577324] calling  srcu_bootup_announce+0x0/0x2f @ 1
[    1.578320] rcu: Hierarchical SRCU implementation.
[    1.579324] initcall srcu_bootup_announce+0x0/0x2f returned 0 after 976 usecs
[    1.580322] calling  rcu_spawn_gp_kthread+0x0/0x1b0 @ 1
[    1.581422] initcall rcu_spawn_gp_kthread+0x0/0x1b0 returned 0 after 0 usecs
[    1.582321] calling  check_cpu_stall_init+0x0/0x1a @ 1
[    1.583321] initcall check_cpu_stall_init+0x0/0x1a returned 0 after 0 usecs
[    1.584321] calling  rcu_sysrq_init+0x0/0x21 @ 1
[    1.585320] initcall rcu_sysrq_init+0x0/0x21 returned 0 after 0 usecs
[    1.586320] calling  trace_init_flags_sys_enter+0x0/0xe @ 1
[    1.587320] initcall trace_init_flags_sys_enter+0x0/0xe returned 0 after 0 usecs
[    1.588320] calling  trace_init_flags_sys_exit+0x0/0xe @ 1
[    1.589320] initcall trace_init_flags_sys_exit+0x0/0xe returned 0 after 0 usecs
[    1.590338] calling  cpu_stop_init+0x0/0x6e @ 1
[    1.591415] initcall cpu_stop_init+0x0/0x6e returned 0 after 0 usecs
[    1.592323] calling  init_kprobes+0x0/0x165 @ 1
[    1.594520] initcall init_kprobes+0x0/0x165 returned 0 after 976 usecs
[    1.595322] calling  init_events+0x0/0x3d @ 1
[    1.596497] initcall init_events+0x0/0x3d returned 0 after 0 usecs
[    1.597320] calling  init_trace_printk+0x0/0xc @ 1
[    1.598321] initcall init_trace_printk+0x0/0xc returned 0 after 0 usecs
[    1.599320] calling  event_trace_enable_again+0x0/0x23 @ 1
[    1.600321] initcall event_trace_enable_again+0x0/0x23 returned 0 after 0 usecs
[    1.601357] calling  static_call_init+0x0/0x77 @ 1
[    1.602353] initcall static_call_init+0x0/0x77 returned 0 after 0 usecs
[    1.603321] calling  jump_label_init_module+0x0/0xc @ 1
[    1.604320] initcall jump_label_init_module+0x0/0xc returned 0 after 0 usecs
[    1.605320] calling  init_zero_pfn+0x0/0x37 @ 1
[    1.606321] initcall init_zero_pfn+0x0/0x37 returned 0 after 0 usecs
[    1.607321] calling  initialize_ptr_random+0x0/0x54 @ 1
[    1.608320] initcall initialize_ptr_random+0x0/0x54 returned 0 after 0 usecs
[    1.609332] calling  efi_memreserve_root_init+0x0/0x25 @ 1
[    1.610368] initcall efi_memreserve_root_init+0x0/0x25 returned 0 after 0 usecs
[    1.611321] calling  efi_earlycon_remap_fb+0x0/0x51 @ 1
[    1.612320] initcall efi_earlycon_remap_fb+0x0/0x51 returned 0 after 0 usecs
[    1.613642] smp: Bringing up secondary CPUs ...
[    1.616115] x86: Booting SMP configuration:
[    1.616330] .... node  #0, CPUs:      #1
[    1.099657] kvm-clock: cpu 1, msr 1689e041, secondary cpu clock
[    1.641447] kvm-guest: stealtime: cpu 1, msr 1f49b600
[    1.655224]  #2
[    1.099657] kvm-clock: cpu 2, msr 1689e081, secondary cpu clock
[    1.678545] kvm-guest: stealtime: cpu 2, msr 1f51b600
[    1.697644]  #3
[    1.099657] kvm-clock: cpu 3, msr 1689e0c1, secondary cpu clock
[    1.721455] kvm-guest: stealtime: cpu 3, msr 1f59b600
[    1.737789] smp: Brought up 1 node, 4 CPUs
[    1.738323] smpboot: Max logical packages: 1
[    1.739319] smpboot: Total of 4 processors activated (15999.99 BogoMIPS)
[    1.760653] devtmpfs: initialized
[    1.762559] calling  ipc_ns_init+0x0/0x3d @ 1
[    1.763328] initcall ipc_ns_init+0x0/0x3d returned 0 after 0 usecs
[    1.764327] calling  init_mmap_min_addr+0x0/0x21 @ 1
[    1.765321] initcall init_mmap_min_addr+0x0/0x21 returned 0 after 0 usecs
[    1.766322] calling  pci_realloc_setup_params+0x0/0x3f @ 1
[    1.767354] initcall pci_realloc_setup_params+0x0/0x3f returned 0 after 0 usecs
[    1.769326] calling  net_ns_init+0x0/0x11c @ 1
[    1.771551] initcall net_ns_init+0x0/0x11c returned 0 after 976 usecs
[    1.772349] calling  e820__register_nvs_regions+0x0/0x37 @ 1
[    1.773326] initcall e820__register_nvs_regions+0x0/0x37 returned 0 after 0 usecs
[    1.774324] calling  cpufreq_register_tsc_scaling+0x0/0x2e @ 1
[    1.775323] initcall cpufreq_register_tsc_scaling+0x0/0x2e returned 0 after 0 usecs
[    1.776323] calling  reboot_init+0x0/0x3c @ 1
[    1.777573] initcall reboot_init+0x0/0x3c returned 0 after 0 usecs
[    1.778322] calling  init_lapic_sysfs+0x0/0x20 @ 1
[    1.779323] initcall init_lapic_sysfs+0x0/0x20 returned 0 after 0 usecs
[    1.780325] calling  alloc_frozen_cpus+0x0/0x7 @ 1
[    1.781322] initcall alloc_frozen_cpus+0x0/0x7 returned 0 after 0 usecs
[    1.782322] calling  cpu_hotplug_pm_sync_init+0x0/0x13 @ 1
[    1.783322] initcall cpu_hotplug_pm_sync_init+0x0/0x13 returned 0 after 0 usecs
[    1.784321] calling  wq_sysfs_init+0x0/0x2a @ 1
[    1.785415] initcall wq_sysfs_init+0x0/0x2a returned 0 after 0 usecs
[    1.787320] calling  ksysfs_init+0x0/0x92 @ 1
[    1.788327] initcall ksysfs_init+0x0/0x92 returned 0 after 0 usecs
[    1.789320] calling  schedutil_gov_init+0x0/0xc @ 1
[    1.790320] initcall schedutil_gov_init+0x0/0xc returned 0 after 0 usecs
[    1.791320] calling  pm_init+0x0/0x76 @ 1
[    1.792419] initcall pm_init+0x0/0x76 returned 0 after 0 usecs
[    1.793320] calling  pm_disk_init+0x0/0x13 @ 1
[    1.794369] initcall pm_disk_init+0x0/0x13 returned 0 after 0 usecs
[    1.795321] calling  swsusp_header_init+0x0/0x2b @ 1
[    1.796326] initcall swsusp_header_init+0x0/0x2b returned 0 after 0 usecs
[    1.797321] calling  rcu_set_runtime_mode+0x0/0x16 @ 1
[    1.798321] initcall rcu_set_runtime_mode+0x0/0x16 returned 0 after 0 usecs
[    1.799319] calling  init_jiffies_clocksource+0x0/0x13 @ 1
[    1.800319] clocksource: jiffies: mask: 0xffffffff max_cycles: 0xffffffff, max_idle_ns: 1911260446275000 ns
[    1.801321] initcall init_jiffies_clocksource+0x0/0x13 returned 0 after 976 usecs
[    1.802322] calling  futex_init+0x0/0xfa @ 1
[    1.803327] futex hash table entries: 1024 (order: 4, 65536 bytes, linear)
[    1.804544] initcall futex_init+0x0/0xfa returned 0 after 976 usecs
[    1.805325] calling  cgroup_wq_init+0x0/0x28 @ 1
[    1.806330] initcall cgroup_wq_init+0x0/0x28 returned 0 after 0 usecs
[    1.807323] calling  cgroup1_wq_init+0x0/0x28 @ 1
[    1.808345] initcall cgroup1_wq_init+0x0/0x28 returned 0 after 0 usecs
[    1.809322] calling  init_kprobe_trace_early+0x0/0x2a @ 1
[    1.810323] initcall init_kprobe_trace_early+0x0/0x2a returned 0 after 0 usecs
[    1.811322] calling  fsnotify_init+0x0/0x48 @ 1
[    1.812336] initcall fsnotify_init+0x0/0x48 returned 0 after 0 usecs
[    1.813322] calling  filelock_init+0x0/0x96 @ 1
[    1.814354] initcall filelock_init+0x0/0x96 returned 0 after 0 usecs
[    1.815322] calling  init_misc_binfmt+0x0/0x2c @ 1
[    1.817323] initcall init_misc_binfmt+0x0/0x2c returned 0 after 0 usecs
[    1.818321] calling  init_script_binfmt+0x0/0x15 @ 1
[    1.819321] initcall init_script_binfmt+0x0/0x15 returned 0 after 0 usecs
[    1.820321] calling  init_elf_binfmt+0x0/0x15 @ 1
[    1.821322] initcall init_elf_binfmt+0x0/0x15 returned 0 after 0 usecs
[    1.822322] calling  init_compat_elf_binfmt+0x0/0x15 @ 1
[    1.823321] initcall init_compat_elf_binfmt+0x0/0x15 returned 0 after 0 usecs
[    1.824321] calling  debugfs_init+0x0/0x5c @ 1
[    1.825328] initcall debugfs_init+0x0/0x5c returned 0 after 0 usecs
[    1.826323] calling  tracefs_init+0x0/0x3a @ 1
[    1.827353] initcall tracefs_init+0x0/0x3a returned 0 after 0 usecs
[    1.828322] calling  prandom_init_early+0x0/0x15d @ 1
[    1.829322] initcall prandom_init_early+0x0/0x15d returned 0 after 0 usecs
[    1.830323] calling  virtio_init+0x0/0x20 @ 1
[    1.831337] initcall virtio_init+0x0/0x20 returned 0 after 0 usecs
[    1.832322] calling  iommu_init+0x0/0x2a @ 1
[    1.833343] initcall iommu_init+0x0/0x2a returned 0 after 0 usecs
[    1.834322] calling  component_debug_init+0x0/0x1c @ 1
[    1.835391] initcall component_debug_init+0x0/0x1c returned 0 after 0 usecs
[    1.836322] calling  early_resume_init+0x0/0xb9 @ 1
[    1.838319] PM: RTC time: 05:41:51, date: 2022-12-13
[    1.839322] initcall early_resume_init+0x0/0xb9 returned 0 after 1953 usecs
[    1.840322] calling  cpufreq_core_init+0x0/0x62 @ 1
[    1.841341] initcall cpufreq_core_init+0x0/0x62 returned 0 after 0 usecs
[    1.842322] calling  cpufreq_gov_performance_init+0x0/0xc @ 1
[    1.843322] initcall cpufreq_gov_performance_init+0x0/0xc returned 0 after 0 usecs
[    1.844327] calling  cpufreq_gov_userspace_init+0x0/0xc @ 1
[    1.845323] initcall cpufreq_gov_userspace_init+0x0/0xc returned 0 after 0 usecs
[    1.846354] calling  CPU_FREQ_GOV_ONDEMAND_init+0x0/0xc @ 1
[    1.847322] initcall CPU_FREQ_GOV_ONDEMAND_init+0x0/0xc returned 0 after 0 usecs
[    1.848326] calling  cpuidle_init+0x0/0x1f @ 1
[    1.849356] initcall cpuidle_init+0x0/0x1f returned 0 after 0 usecs
[    1.850324] calling  capsule_reboot_register+0x0/0xc @ 1
[    1.851329] initcall capsule_reboot_register+0x0/0xc returned 0 after 0 usecs
[    1.852322] calling  sock_init+0x0/0x93 @ 1
[    1.854600] initcall sock_init+0x0/0x93 returned 0 after 976 usecs
[    1.855322] calling  net_inuse_init+0x0/0x23 @ 1
[    1.856326] initcall net_inuse_init+0x0/0x23 returned 0 after 0 usecs
[    1.857322] calling  net_defaults_init+0x0/0x23 @ 1
[    1.858322] initcall net_defaults_init+0x0/0x23 returned 0 after 0 usecs
[    1.859322] calling  init_default_flow_dissectors+0x0/0x4f @ 1
[    1.860339] initcall init_default_flow_dissectors+0x0/0x4f returned 0 after 0 usecs
[    1.861321] calling  netpoll_init+0x0/0x26 @ 1
[    1.862325] initcall netpoll_init+0x0/0x26 returned 0 after 0 usecs
[    1.863321] calling  netlink_proto_init+0x0/0x14f @ 1
[    1.864605] NET: Registered protocol family 16
[    1.865346] initcall netlink_proto_init+0x0/0x14f returned 0 after 976 usecs
[    1.866321] calling  genl_init+0x0/0x35 @ 1
[    1.867349] initcall genl_init+0x0/0x35 returned 0 after 0 usecs
[    1.868342] calling  bsp_pm_check_init+0x0/0x13 @ 1
[    1.869324] initcall bsp_pm_check_init+0x0/0x13 returned 0 after 0 usecs
[    1.870344] calling  irq_sysfs_init+0x0/0xb7 @ 1
[    1.871612] initcall irq_sysfs_init+0x0/0xb7 returned 0 after 0 usecs
[    1.872328] calling  audit_init+0x0/0x160 @ 1
[    1.873324] audit: initializing netlink subsys (disabled)
[    1.874595] audit: type=2000 audit(1670910110.625:1): state=initialized audit_enabled=0 res=1
[    1.875324] initcall audit_init+0x0/0x160 returned 0 after 1953 usecs
[    1.877324] calling  release_early_probes+0x0/0x32 @ 1
[    1.878322] initcall release_early_probes+0x0/0x32 returned 0 after 0 usecs
[    1.879341] calling  bdi_class_init+0x0/0x48 @ 1
[    1.880381] initcall bdi_class_init+0x0/0x48 returned 0 after 0 usecs
[    1.881326] calling  mm_sysfs_init+0x0/0x28 @ 1
[    1.882329] initcall mm_sysfs_init+0x0/0x28 returned 0 after 0 usecs
[    1.883326] calling  init_per_zone_wmark_min+0x0/0x6d @ 1
[    1.884327] initcall init_per_zone_wmark_min+0x0/0x6d returned 0 after 0 usecs
[    1.885323] calling  mpi_init+0x0/0x3e @ 1
[    1.886324] initcall mpi_init+0x0/0x3e returned 0 after 0 usecs
[    1.887322] calling  kobject_uevent_init+0x0/0xc @ 1
[    1.888331] initcall kobject_uevent_init+0x0/0xc returned 0 after 0 usecs
[    1.889321] calling  pcibus_class_init+0x0/0x13 @ 1
[    1.890345] initcall pcibus_class_init+0x0/0x13 returned 0 after 0 usecs
[    1.891319] calling  pci_driver_init+0x0/0x21 @ 1
[    1.892356] initcall pci_driver_init+0x0/0x21 returned 0 after 0 usecs
[    1.893320] calling  backlight_class_init+0x0/0xa8 @ 1
[    1.894351] initcall backlight_class_init+0x0/0xa8 returned 0 after 0 usecs
[    1.895322] calling  tty_class_init+0x0/0x33 @ 1
[    1.896328] initcall tty_class_init+0x0/0x33 returned 0 after 0 usecs
[    1.897323] calling  vtconsole_class_init+0x0/0xb5 @ 1
[    1.898602] initcall vtconsole_class_init+0x0/0xb5 returned 0 after 0 usecs
[    1.899323] calling  iommu_dev_init+0x0/0x13 @ 1
[    1.900426] initcall iommu_dev_init+0x0/0x13 returned 0 after 0 usecs
[    1.901323] calling  mipi_dsi_bus_init+0x0/0xc @ 1
[    1.902406] initcall mipi_dsi_bus_init+0x0/0xc returned 0 after 0 usecs
[    1.903323] calling  devlink_class_init+0x0/0x40 @ 1
[    1.904330] initcall devlink_class_init+0x0/0x40 returned 0 after 0 usecs
[    1.905323] calling  software_node_init+0x0/0x2a @ 1
[    1.906336] initcall software_node_init+0x0/0x2a returned 0 after 0 usecs
[    1.907324] calling  wakeup_sources_debugfs_init+0x0/0x23 @ 1
[    1.908390] initcall wakeup_sources_debugfs_init+0x0/0x23 returned 0 after 0 usecs
[    1.909324] calling  wakeup_sources_sysfs_init+0x0/0x2c @ 1
[    1.910334] initcall wakeup_sources_sysfs_init+0x0/0x2c returned 0 after 0 usecs
[    1.911322] calling  register_node_type+0x0/0x13 @ 1
[    1.912347] initcall register_node_type+0x0/0x13 returned 0 after 0 usecs
[    1.913321] calling  regmap_initcall+0x0/0xc @ 1
[    1.914354] initcall regmap_initcall+0x0/0xc returned 0 after 0 usecs
[    1.915322] calling  i2c_init+0x0/0xb3 @ 1
[    1.916409] initcall i2c_init+0x0/0xb3 returned 0 after 0 usecs
[    1.917322] calling  thermal_init+0x0/0xf2 @ 1
[    1.918319] thermal_sys: Registered thermal governor 'step_wise'
[    1.918320] thermal_sys: Registered thermal governor 'user_space'
[    1.919333] initcall thermal_init+0x0/0xf2 returned 0 after 976 usecs
[    1.921322] calling  init_menu+0x0/0xc @ 1
[    1.923481] cpuidle: using governor menu
[    1.928322] initcall init_menu+0x0/0xc returned 0 after 5859 usecs
[    1.936324] calling  pcc_init+0x0/0x4d @ 1
[    1.941323] initcall pcc_init+0x0/0x4d returned -19 after 0 usecs
[    1.948323] calling  amd_postcore_init+0x0/0x11e @ 1
[    1.954324] initcall amd_postcore_init+0x0/0x11e returned 0 after 0 usecs
[    1.963344] calling  bts_init+0x0/0xba @ 1
[    1.968322] initcall bts_init+0x0/0xba returned -19 after 0 usecs
[    1.973324] calling  pt_init+0x0/0x341 @ 1
[    1.980324] initcall pt_init+0x0/0x341 returned -19 after 0 usecs
[    1.987323] calling  boot_params_ksysfs_init+0x0/0x2ee @ 1
[    1.994349] initcall boot_params_ksysfs_init+0x0/0x2ee returned 0 after 0 usecs
[    2.004322] calling  sbf_init+0x0/0xea @ 1
[    2.009321] initcall sbf_init+0x0/0xea returned 0 after 0 usecs
[    2.017322] calling  arch_kdebugfs_init+0x0/0x219 @ 1
[    2.023434] initcall arch_kdebugfs_init+0x0/0x219 returned 0 after 0 usecs
[    2.032322] calling  intel_pconfig_init+0x0/0x85 @ 1
[    2.038321] initcall intel_pconfig_init+0x0/0x85 returned 0 after 0 usecs
[    2.047321] calling  mtrr_if_init+0x0/0x5d @ 1
[    2.053643] initcall mtrr_if_init+0x0/0x5d returned 0 after 0 usecs
[    2.061321] calling  activate_jump_labels+0x0/0x31 @ 1
[    2.067324] initcall activate_jump_labels+0x0/0x31 returned 0 after 0 usecs
[    2.076322] calling  ffh_cstate_init+0x0/0x29 @ 1
[    2.082326] initcall ffh_cstate_init+0x0/0x29 returned 0 after 0 usecs
[    2.090322] calling  activate_jump_labels+0x0/0x31 @ 1
[    2.096854] initcall activate_jump_labels+0x0/0x31 returned 0 after 976 usecs
[    2.106323] calling  kvm_alloc_cpumask+0x0/0x74 @ 1
[    2.112373] initcall kvm_alloc_cpumask+0x0/0x74 returned 0 after 0 usecs
[    2.120323] calling  kcmp_cookies_init+0x0/0x37 @ 1
[    2.126327] initcall kcmp_cookies_init+0x0/0x37 returned 0 after 0 usecs
[    2.134323] calling  cryptomgr_init+0x0/0xc @ 1
[    2.140322] initcall cryptomgr_init+0x0/0xc returned 0 after 0 usecs
[    2.147324] calling  acpi_pci_init+0x0/0x57 @ 1
[    2.153320] ACPI: bus type PCI registered
[    2.159326] initcall acpi_pci_init+0x0/0x57 returned 0 after 5859 usecs
[    2.168326] calling  dma_channel_table_init+0x0/0xd1 @ 1
[    2.176335] initcall dma_channel_table_init+0x0/0xd1 returned 0 after 0 usecs
[    2.187326] calling  dma_bus_init+0x0/0xdc @ 1
[    2.192646] initcall dma_bus_init+0x0/0xdc returned 0 after 976 usecs
[    2.200322] calling  iommu_dma_init+0x0/0x10 @ 1
[    2.206324] initcall iommu_dma_init+0x0/0x10 returned 0 after 0 usecs
[    2.213321] calling  dmi_id_init+0x0/0x37c @ 1
[    2.219559] initcall dmi_id_init+0x0/0x37c returned 0 after 0 usecs
[    2.226321] calling  pci_arch_init+0x0/0x71 @ 1
[    2.232477] PCI: MMCONFIG for domain 0000 [bus 00-ff] at [mem 0xb0000000-0xbfffffff] (base 0xb0000000)
[    2.243322] PCI: MMCONFIG at [mem 0xb0000000-0xbfffffff] reserved in E820
[    2.251338] PCI: Using configuration type 1 for base access
[    2.258364] initcall pci_arch_init+0x0/0x71 returned 0 after 25390 usecs
[    2.266339] calling  init_vdso+0x0/0x13 @ 1
[    2.272349] initcall init_vdso+0x0/0x13 returned 0 after 0 usecs
[    2.279322] calling  sysenter_setup+0x0/0x13 @ 1
[    2.285352] initcall sysenter_setup+0x0/0x13 returned 0 after 0 usecs
[    2.292321] calling  fixup_ht_bug+0x0/0xe5 @ 1
[    2.298321] initcall fixup_ht_bug+0x0/0xe5 returned 0 after 0 usecs
[    2.306324] calling  topology_init+0x0/0x88 @ 1
[    2.307675] initcall topology_init+0x0/0x88 returned 0 after 0 usecs
[    2.316325] calling  intel_epb_init+0x0/0x68 @ 1
[    2.322322] initcall intel_epb_init+0x0/0x68 returned -19 after 0 usecs
[    2.332325] calling  mtrr_init_finialize+0x0/0x3e @ 1
[    2.338323] initcall mtrr_init_finialize+0x0/0x3e returned 0 after 0 usecs
[    2.346321] calling  uid_cache_init+0x0/0x81 @ 1
[    2.352326] initcall uid_cache_init+0x0/0x81 returned 0 after 0 usecs
[    2.359325] calling  param_sysfs_init+0x0/0x1ba @ 1
[    2.368518] initcall param_sysfs_init+0x0/0x1ba returned 0 after 3906 usecs
[    2.377322] calling  user_namespace_sysctl_init+0x0/0x33 @ 1
[    2.384386] initcall user_namespace_sysctl_init+0x0/0x33 returned 0 after 0 usecs
[    2.394321] calling  proc_schedstat_init+0x0/0x24 @ 1
[    2.400327] initcall proc_schedstat_init+0x0/0x24 returned 0 after 0 usecs
[    2.411331] calling  pm_sysrq_init+0x0/0x18 @ 1
[    2.418609] initcall pm_sysrq_init+0x0/0x18 returned 0 after 0 usecs
[    2.428386] calling  create_proc_profile+0x0/0xd0 @ 1
[    2.436324] initcall create_proc_profile+0x0/0xd0 returned 0 after 0 usecs
[    2.442324] calling  time_ns_init+0x0/0x7 @ 1
[    2.449323] initcall time_ns_init+0x0/0x7 returned 0 after 0 usecs
[    2.456322] calling  crash_save_vmcoreinfo_init+0x0/0x722 @ 1
[    2.464503] initcall crash_save_vmcoreinfo_init+0x0/0x722 returned 0 after 0 usecs
[    2.475325] calling  crash_notes_memory_init+0x0/0x35 @ 1
[    2.483331] initcall crash_notes_memory_init+0x0/0x35 returned 0 after 0 usecs
[    2.494324] calling  cgroup_sysfs_init+0x0/0x13 @ 1
[    2.500402] initcall cgroup_sysfs_init+0x0/0x13 returned 0 after 0 usecs
[    2.508321] calling  cgroup_namespaces_init+0x0/0x7 @ 1
[    2.514320] initcall cgroup_namespaces_init+0x0/0x7 returned 0 after 0 usecs
[    2.522321] calling  init_optprobes+0x0/0x13 @ 1
[    2.528319] Kprobes globally optimized
[    2.532321] initcall init_optprobes+0x0/0x13 returned 0 after 3906 usecs
[    2.540321] calling  oom_init+0x0/0x2f @ 1
[    2.545507] initcall oom_init+0x0/0x2f returned 0 after 0 usecs
[    2.552323] calling  default_bdi_init+0x0/0xb3 @ 1
[    2.559496] initcall default_bdi_init+0x0/0xb3 returned 0 after 976 usecs
[    2.567322] calling  percpu_enable_async+0x0/0xe @ 1
[    2.573321] initcall percpu_enable_async+0x0/0xe returned 0 after 0 usecs
[    2.581321] calling  kcompactd_init+0x0/0x8d @ 1
[    2.587463] initcall kcompactd_init+0x0/0x8d returned 0 after 0 usecs
[    2.595340] calling  init_user_reserve+0x0/0x40 @ 1
[    2.601325] initcall init_user_reserve+0x0/0x40 returned 0 after 0 usecs
[    2.609323] calling  init_admin_reserve+0x0/0x40 @ 1
[    2.614320] initcall init_admin_reserve+0x0/0x40 returned 0 after 0 usecs
[    2.622322] calling  init_reserve_notifier+0x0/0x7 @ 1
[    2.628321] initcall init_reserve_notifier+0x0/0x7 returned 0 after 0 usecs
[    2.636322] calling  swap_init_sysfs+0x0/0x62 @ 1
[    2.642333] initcall swap_init_sysfs+0x0/0x62 returned 0 after 0 usecs
[    2.649320] calling  swapfile_init+0x0/0x94 @ 1
[    2.654324] initcall swapfile_init+0x0/0x94 returned 0 after 0 usecs
[    2.662321] calling  hugetlb_init+0x0/0x499 @ 1
[    2.668345] HugeTLB registered 2.00 MiB page size, pre-allocated 0 pages
[    2.675362] initcall hugetlb_init+0x0/0x499 returned 0 after 7812 usecs
[    2.683321] calling  io_wq_init+0x0/0x34 @ 1
[    2.689324] initcall io_wq_init+0x0/0x34 returned 0 after 0 usecs
[    2.696321] calling  seqiv_module_init+0x0/0xc @ 1
[    2.701322] initcall seqiv_module_init+0x0/0xc returned 0 after 0 usecs
[    2.710321] calling  echainiv_module_init+0x0/0xc @ 1
[    2.718326] initcall echainiv_module_init+0x0/0xc returned 0 after 0 usecs
[    2.728325] calling  rsa_init+0x0/0x50 @ 1
[    2.735639] cryptomgr_test (39) used greatest stack depth: 15512 bytes left
[    2.735483] initcall rsa_init+0x0/0x50 returned 0 after 976 usecs
[    2.745329] calling  crypto_cmac_module_init+0x0/0xc @ 1
[    2.753327] initcall crypto_cmac_module_init+0x0/0xc returned 0 after 0 usecs
[    2.761322] calling  hmac_module_init+0x0/0xc @ 1
[    2.766321] initcall hmac_module_init+0x0/0xc returned 0 after 0 usecs
[    2.771322] calling  crypto_null_mod_init+0x0/0x65 @ 1
[    2.787589] initcall crypto_null_mod_init+0x0/0x65 returned 0 after 9765 usecs
[    2.796324] calling  md5_mod_init+0x0/0xc @ 1
[    2.812342] cryptomgr_test (44) used greatest stack depth: 15184 bytes left
[    2.814326] initcall md5_mod_init+0x0/0xc returned 0 after 11718 usecs
[    2.831325] calling  sha256_generic_mod_init+0x0/0x11 @ 1
[    2.843745] cryptomgr_test (45) used greatest stack depth: 15136 bytes left
[    2.846324] initcall sha256_generic_mod_init+0x0/0x11 returned 0 after 6835 usecs
[    2.859325] calling  crypto_cbc_module_init+0x0/0xc @ 1
[    2.865327] initcall crypto_cbc_module_init+0x0/0xc returned 0 after 0 usecs
[    2.874322] calling  crypto_ctr_module_init+0x0/0x11 @ 1
[    2.881323] initcall crypto_ctr_module_init+0x0/0x11 returned 0 after 0 usecs
[    2.887321] calling  crypto_gcm_module_init+0x0/0x64 @ 1
[    2.894525] initcall crypto_gcm_module_init+0x0/0x64 returned 0 after 0 usecs
[    2.903322] calling  crypto_ccm_module_init+0x0/0x11 @ 1
[    2.908326] initcall crypto_ccm_module_init+0x0/0x11 returned 0 after 0 usecs
[    2.914324] calling  aes_init+0x0/0xc @ 1
[    2.925324] initcall aes_init+0x0/0xc returned 0 after 6835 usecs
[    2.929324] calling  crc32c_mod_init+0x0/0xc @ 1
[    2.939331] initcall crc32c_mod_init+0x0/0xc returned 0 after 4882 usecs
[    2.945324] calling  crypto_authenc_module_init+0x0/0xc @ 1
[    2.950325] initcall crypto_authenc_module_init+0x0/0xc returned 0 after 0 usecs
[    2.959323] calling  crypto_authenc_esn_module_init+0x0/0xc @ 1
[    2.967325] initcall crypto_authenc_esn_module_init+0x0/0xc returned 0 after 0 usecs
[    2.976322] calling  drbg_init+0x0/0x7c @ 1
[    3.013861] initcall drbg_init+0x0/0x7c returned 0 after 29296 usecs
[    3.020325] calling  ghash_mod_init+0x0/0xc @ 1
[    3.032633] initcall ghash_mod_init+0x0/0xc returned 0 after 3906 usecs
[    3.041324] calling  init_bio+0x0/0x9a @ 1
[    3.048564] initcall init_bio+0x0/0x9a returned 0 after 976 usecs
[    3.057321] calling  blk_settings_init+0x0/0x29 @ 1
[    3.064322] initcall blk_settings_init+0x0/0x29 returned 0 after 0 usecs
[    3.074321] calling  blk_ioc_init+0x0/0x29 @ 1
[    3.081422] initcall blk_ioc_init+0x0/0x29 returned 0 after 0 usecs
[    3.090322] calling  blk_mq_init+0x0/0xb9 @ 1
[    3.096324] initcall blk_mq_init+0x0/0xb9 returned 0 after 0 usecs
[    3.105322] calling  genhd_device_init+0x0/0x75 @ 1
[    3.114486] initcall genhd_device_init+0x0/0x75 returned 0 after 976 usecs
[    3.124327] calling  pci_slot_init+0x0/0x40 @ 1
[    3.131330] initcall pci_slot_init+0x0/0x40 returned 0 after 0 usecs
[    3.140323] calling  fbmem_init+0x0/0xd8 @ 1
[    3.147395] initcall fbmem_init+0x0/0xd8 returned 0 after 0 usecs
[    3.156323] calling  acpi_init+0x0/0x319 @ 1
[    3.162470] ACPI: Added _OSI(Module Device)
[    3.168322] ACPI: Added _OSI(Processor Device)
[    3.175323] ACPI: Added _OSI(3.0 _SCP Extensions)
[    3.182321] ACPI: Added _OSI(Processor Aggregator Device)
[    3.190322] ACPI: Added _OSI(Linux-Dell-Video)
[    3.196320] ACPI: Added _OSI(Linux-Lenovo-NV-HDMI-Audio)
[    3.202319] ACPI: Added _OSI(Linux-HPI-Hybrid-Graphics)
[    3.214794] ACPI: 1 ACPI AML tables successfully acquired and loaded
[    3.226973] ACPI: Interpreter enabled
[    3.232369] ACPI: (supports S0 S3 S4 S5)
[    3.237319] ACPI: Using IOAPIC for interrupt routing
[    3.244357] PCI: Using host bridge windows from ACPI; if necessary, use "pci=nocrs" and report a bug
[    3.255815] ACPI: Enabled 2 GPEs in block 00 to 3F
[    3.271950] ACPI: PCI Root Bridge [PCI0] (domain 0000 [bus 00-ff])
[    3.280348] acpi PNP0A08:00: _OSC: OS supports [ExtendedConfig ASPM ClockPM Segments MSI HPX-Type3]
[    3.291346] acpi PNP0A08:00: _OSC: platform does not support [LTR]
[    3.295381] acpi PNP0A08:00: _OSC: OS now controls [PME PCIeCapability]
[    3.303517] PCI host bridge to bus 0000:00
[    3.308459] pci_bus 0000:00: root bus resource [io  0x0000-0x0cf7 window]
[    3.317321] pci_bus 0000:00: root bus resource [io  0x0d00-0xffff window]
[    3.325321] pci_bus 0000:00: root bus resource [mem 0x000a0000-0x000bffff window]
[    3.336321] pci_bus 0000:00: root bus resource [mem 0x20000000-0xafffffff window]
[    3.345321] pci_bus 0000:00: root bus resource [mem 0xc0000000-0xfebfffff window]
[    3.354320] pci_bus 0000:00: root bus resource [mem 0x100000000-0x8ffffffff window]
[    3.363321] pci_bus 0000:00: root bus resource [bus 00-ff]
[    3.370660] pci 0000:00:00.0: calling  quirk_mmio_always_on+0x0/0x10 @ 1
[    3.380323] pci 0000:00:00.0: quirk_mmio_always_on+0x0/0x10 took 0 usecs
[    3.385509] pci 0000:00:00.0: [8086:29c0] type 00 class 0x060000
[    3.396356] pci 0000:00:00.0: calling  quirk_igfx_skip_te_disable+0x0/0x80 @ 1
[    3.405324] pci 0000:00:00.0: quirk_igfx_skip_te_disable+0x0/0x80 took 0 usecs
[    3.417961] pci 0000:00:01.0: [1234:1111] type 00 class 0x030000
[    3.433188] pci 0000:00:01.0: reg 0x10: [mem 0xfd000000-0xfdffffff pref]
[    3.456032] pci 0000:00:01.0: reg 0x18: [mem 0xfebf0000-0xfebf0fff]
[    3.485798] pci 0000:00:01.0: reg 0x30: [mem 0xfebe0000-0xfebeffff pref]
[    3.496984] pci 0000:00:01.0: calling  efifb_fixup_resources+0x0/0xf0 @ 1
[    3.507355] pci 0000:00:01.0: efifb_fixup_resources+0x0/0xf0 took 0 usecs
[    3.526136] pci 0000:00:1f.0: [8086:2918] type 00 class 0x060100
[    3.541645] pci 0000:00:1f.0: calling  quirk_ich7_lpc+0x0/0x60 @ 1
[    3.551772] pci 0000:00:1f.0: quirk: [io  0x0600-0x067f] claimed by ICH6 ACPI/GPIO/TCO
[    3.562428] pci 0000:00:1f.0: quirk_ich7_lpc+0x0/0x60 took 10742 usecs
[    3.572329] pci 0000:00:1f.0: calling  quirk_igfx_skip_te_disable+0x0/0x80 @ 1
[    3.583342] pci 0000:00:1f.0: quirk_igfx_skip_te_disable+0x0/0x80 took 0 usecs
[    3.596155] pci 0000:00:1f.2: [8086:2922] type 00 class 0x010601
[    3.617323] pci 0000:00:1f.2: reg 0x20: [io  0xc040-0xc05f]
[    3.626945] pci 0000:00:1f.2: reg 0x24: [mem 0xfebf1000-0xfebf1fff]
[    3.638535] pci 0000:00:1f.2: calling  quirk_igfx_skip_te_disable+0x0/0x80 @ 1
[    3.647325] pci 0000:00:1f.2: quirk_igfx_skip_te_disable+0x0/0x80 took 0 usecs
[    3.657322] pci 0000:00:1f.3: [8086:2930] type 00 class 0x0c0500
[    3.670704] pci 0000:00:1f.3: reg 0x20: [io  0x0700-0x073f]
[    3.679510] pci 0000:00:1f.3: calling  quirk_igfx_skip_te_disable+0x0/0x80 @ 1
[    3.689326] pci 0000:00:1f.3: quirk_igfx_skip_te_disable+0x0/0x80 took 0 usecs
[    3.709319] ACPI: PCI Interrupt Link [LNKA] (IRQs 5 *10 11)
[    3.716435] ACPI: PCI Interrupt Link [LNKB] (IRQs 5 *10 11)
[    3.723554] ACPI: PCI Interrupt Link [LNKC] (IRQs 5 10 *11)
[    3.732729] ACPI: PCI Interrupt Link [LNKD] (IRQs 5 10 *11)
[    3.737442] ACPI: PCI Interrupt Link [LNKE] (IRQs 5 *10 11)
[    3.745769] ACPI: PCI Interrupt Link [LNKF] (IRQs 5 *10 11)
[    3.752777] ACPI: PCI Interrupt Link [LNKG] (IRQs 5 10 *11)
[    3.760442] ACPI: PCI Interrupt Link [LNKH] (IRQs 5 10 *11)
[    3.767519] ACPI: PCI Interrupt Link [GSIA] (IRQs *16)
[    3.773520] ACPI: PCI Interrupt Link [GSIB] (IRQs *17)
[    3.780341] ACPI: PCI Interrupt Link [GSIC] (IRQs *18)
[    3.787614] ACPI: PCI Interrupt Link [GSID] (IRQs *19)
[    3.793337] ACPI: PCI Interrupt Link [GSIE] (IRQs *20)
[    3.798684] ACPI: PCI Interrupt Link [GSIF] (IRQs *21)
[    3.803335] ACPI: PCI Interrupt Link [GSIG] (IRQs *22)
[    3.807639] ACPI: PCI Interrupt Link [GSIH] (IRQs *23)
[    3.835981] initcall acpi_init+0x0/0x319 returned 0 after 657226 usecs
[    3.847902] calling  pnp_init+0x0/0xc @ 1
[    3.852651] initcall pnp_init+0x0/0xc returned 0 after 0 usecs
[    3.857323] calling  misc_init+0x0/0xbf @ 1
[    3.865552] initcall misc_init+0x0/0xbf returned 0 after 2929 usecs
[    3.872546] calling  iommu_subsys_init+0x0/0x4e @ 1
[    3.880315] iommu: Default domain type: Translated 
[    3.882323] initcall iommu_subsys_init+0x0/0x4e returned 0 after 2929 usecs
[    3.890326] calling  vga_arb_device_init+0x0/0x261 @ 1
[    3.907925] pci 0000:00:01.0: vgaarb: setting as boot VGA device
[    3.908315] pci 0000:00:01.0: vgaarb: VGA device added: decodes=io+mem,owns=io+mem,locks=none
[    3.924325] pci 0000:00:01.0: vgaarb: bridge control possible
[    3.931320] vgaarb: loaded
[    3.934325] initcall vga_arb_device_init+0x0/0x261 returned 0 after 39062 usecs
[    3.946324] calling  cn_init+0x0/0xf0 @ 1
[    3.954778] initcall cn_init+0x0/0xf0 returned 0 after 2929 usecs
[    3.962324] calling  dma_buf_init+0x0/0xad @ 1
[    3.970057] initcall dma_buf_init+0x0/0xad returned 0 after 1953 usecs
[    3.977323] calling  init_scsi+0x0/0x79 @ 1
[    3.988052] SCSI subsystem initialized
[    3.994325] initcall init_scsi+0x0/0x79 returned 0 after 9765 usecs
[    4.002323] calling  ata_init+0x0/0x332 @ 1
[    4.013862] libata version 3.00 loaded.
[    4.019325] initcall ata_init+0x0/0x332 returned 0 after 11718 usecs
[    4.028325] calling  phy_init+0x0/0x250 @ 1
[    4.034613] initcall phy_init+0x0/0x250 returned 0 after 0 usecs
[    4.041322] calling  init_pcmcia_cs+0x0/0x35 @ 1
[    4.046355] initcall init_pcmcia_cs+0x0/0x35 returned 0 after 0 usecs
[    4.054322] calling  usb_common_init+0x0/0x1c @ 1
[    4.059359] initcall usb_common_init+0x0/0x1c returned 0 after 0 usecs
[    4.067324] calling  usb_init+0x0/0x12e @ 1
[    4.073478] ACPI: bus type USB registered
[    4.079318] usbcore: registered new interface driver usbfs
[    4.085467] usbcore: registered new interface driver hub
[    4.091332] usbcore: registered new device driver usb
[    4.097323] initcall usb_init+0x0/0x12e returned 0 after 23437 usecs
[    4.105324] calling  serio_init+0x0/0x29 @ 1
[    4.112367] initcall serio_init+0x0/0x29 returned 0 after 0 usecs
[    4.121325] calling  input_init+0x0/0xf6 @ 1
[    4.127362] initcall input_init+0x0/0xf6 returned 0 after 0 usecs
[    4.135323] calling  rtc_init+0x0/0x4d @ 1
[    4.140358] initcall rtc_init+0x0/0x4d returned 0 after 0 usecs
[    4.147321] calling  pps_init+0x0/0xa9 @ 1
[    4.152343] pps_core: LinuxPPS API ver. 1 registered
[    4.158319] pps_core: Software ver. 5.3.6 - Copyright 2005-2007 Rodolfo Giometti <giometti@linux.it>
[    4.169324] initcall pps_init+0x0/0xa9 returned 0 after 16601 usecs
[    4.176322] calling  ptp_init+0x0/0x98 @ 1
[    4.181342] PTP clock support registered
[    4.186325] initcall ptp_init+0x0/0x98 returned 0 after 4882 usecs
[    4.193331] calling  power_supply_class_init+0x0/0x3f @ 1
[    4.200428] initcall power_supply_class_init+0x0/0x3f returned 0 after 0 usecs
[    4.208323] calling  hwmon_init+0x0/0x104 @ 1
[    4.213357] initcall hwmon_init+0x0/0x104 returned 0 after 0 usecs
[    4.221322] calling  md_init+0x0/0x16b @ 1
[    4.227450] initcall md_init+0x0/0x16b returned 0 after 1953 usecs
[    4.234321] calling  leds_init+0x0/0x3b @ 1
[    4.239344] initcall leds_init+0x0/0x3b returned 0 after 0 usecs
[    4.246321] calling  dmi_init+0x0/0x113 @ 1
[    4.253081] initcall dmi_init+0x0/0x113 returned 0 after 1953 usecs
[    4.260321] calling  efisubsys_init+0x0/0x4e7 @ 1
[    4.266338] initcall efisubsys_init+0x0/0x4e7 returned 0 after 0 usecs
[    4.274325] calling  nvmem_init+0x0/0xc @ 1
[    4.281487] initcall nvmem_init+0x0/0xc returned 0 after 0 usecs
[    4.288322] calling  init_soundcore+0x0/0x33 @ 1
[    4.294698] initcall init_soundcore+0x0/0x33 returned 0 after 976 usecs
[    4.303323] calling  alsa_sound_init+0x0/0x8f @ 1
[    4.309375] Advanced Linux Sound Architecture Driver Initialized.
[    4.316322] initcall alsa_sound_init+0x0/0x8f returned 0 after 6835 usecs
[    4.324378] calling  alsa_seq_device_init+0x0/0x71 @ 1
[    4.330547] initcall alsa_seq_device_init+0x0/0x71 returned 0 after 976 usecs
[    4.339321] calling  hda_bus_init+0x0/0xc @ 1
[    4.345333] initcall hda_bus_init+0x0/0xc returned 0 after 0 usecs
[    4.352321] calling  proto_init+0x0/0xc @ 1
[    4.357628] initcall proto_init+0x0/0xc returned 0 after 976 usecs
[    4.365327] calling  net_dev_init+0x0/0x209 @ 1
[    4.374521] initcall net_dev_init+0x0/0x209 returned 0 after 3906 usecs
[    4.383322] calling  neigh_init+0x0/0x84 @ 1
[    4.388323] initcall neigh_init+0x0/0x84 returned 0 after 0 usecs
[    4.395321] calling  fib_notifier_init+0x0/0xc @ 1
[    4.401327] initcall fib_notifier_init+0x0/0xc returned 0 after 0 usecs
[    4.409321] calling  fib_rules_init+0x0/0xab @ 1
[    4.414364] initcall fib_rules_init+0x0/0xab returned 0 after 0 usecs
[    4.422323] calling  pktsched_init+0x0/0x10e @ 1
[    4.428344] initcall pktsched_init+0x0/0x10e returned 0 after 0 usecs
[    4.436323] calling  tc_filter_init+0x0/0xfa @ 1
[    4.442377] initcall tc_filter_init+0x0/0xfa returned 0 after 0 usecs
[    4.450322] calling  tc_action_init+0x0/0x54 @ 1
[    4.456324] initcall tc_action_init+0x0/0x54 returned 0 after 0 usecs
[    4.463323] calling  ethnl_init+0x0/0x52 @ 1
[    4.469404] initcall ethnl_init+0x0/0x52 returned 0 after 0 usecs
[    4.476322] calling  nexthop_init+0x0/0xd8 @ 1
[    4.482408] initcall nexthop_init+0x0/0xd8 returned 0 after 0 usecs
[    4.490338] calling  cipso_v4_init+0x0/0x5d @ 1
[    4.495393] initcall cipso_v4_init+0x0/0x5d returned 0 after 0 usecs
[    4.503324] calling  ieee80211_init+0x0/0x24 @ 1
[    4.509322] initcall ieee80211_init+0x0/0x24 returned 0 after 0 usecs
[    4.517321] calling  netlbl_init+0x0/0x78 @ 1
[    4.522361] NetLabel: Initializing
[    4.526319] NetLabel:  domain hash size = 128
[    4.532321] NetLabel:  protocols = UNLABELED CIPSOv4 CALIPSO
[    4.539496] NetLabel:  unlabeled traffic allowed by default
[    4.546323] initcall netlbl_init+0x0/0x78 returned 0 after 23437 usecs
[    4.553321] calling  rfkill_init+0x0/0x111 @ 1
[    4.559569] initcall rfkill_init+0x0/0x111 returned 0 after 0 usecs
[    4.566322] calling  pci_subsys_init+0x0/0x66 @ 1
[    4.572355] PCI: Using ACPI for IRQ routing
[    5.316784] PCI: pci_cache_line_size set to 64 bytes
[    5.324218] e820: reserve RAM buffer [mem 0x0009fc00-0x0009ffff]
[    5.331472] e820: reserve RAM buffer [mem 0x1ffdf000-0x1fffffff]
[    5.338708] initcall pci_subsys_init+0x0/0x66 returned 0 after 748046 usecs
[    5.347318] calling  nmi_warning_debugfs+0x0/0x26 @ 1
[    5.353319] initcall nmi_warning_debugfs+0x0/0x26 returned 0 after 2929 usecs
[    5.361323] calling  save_microcode_in_initrd+0x0/0x51 @ 1
[    5.367408] initcall save_microcode_in_initrd+0x0/0x51 returned 0 after 0 usecs
[    5.376336] calling  hpet_late_init+0x0/0x20a @ 1
[    5.381722] hpet: 3 channels of 0 reserved for per-cpu timers
[    5.388734] hpet0: at MMIO 0xfed00000, IRQs 2, 8, 0
[    5.394344] hpet0: 3 comparators, 64-bit 100.000000 MHz counter
[    5.405323] initcall hpet_late_init+0x0/0x20a returned 0 after 23437 usecs
[    5.413323] calling  init_amd_nbs+0x0/0x11c @ 1
[    5.418471] initcall init_amd_nbs+0x0/0x11c returned 0 after 0 usecs
[    5.426334] calling  clocksource_done_booting+0x0/0x41 @ 1
[    5.434646] clocksource: Switched to clocksource kvm-clock
[    5.442058] initcall clocksource_done_booting+0x0/0x41 returned 0 after 9507 usecs
[    5.451601] calling  tracer_init_tracefs+0x0/0x242 @ 1
[    5.628912] initcall tracer_init_tracefs+0x0/0x242 returned 0 after 166658 usecs
[    5.636757] calling  init_trace_printk_function_export+0x0/0x2c @ 1
[    5.643289] initcall init_trace_printk_function_export+0x0/0x2c returned 0 after 5 usecs
[    5.652376] calling  init_kprobe_trace+0x0/0x1a9 @ 1
[    5.658516] initcall init_kprobe_trace+0x0/0x1a9 returned 0 after 38 usecs
[    5.666871] calling  init_dynamic_event+0x0/0x3d @ 1
[    5.673000] initcall init_dynamic_event+0x0/0x3d returned 0 after 6 usecs
[    5.681175] calling  init_uprobe_trace+0x0/0x5c @ 1
[    5.687457] initcall init_uprobe_trace+0x0/0x5c returned 0 after 136 usecs
[    5.695531] calling  init_pipe_fs+0x0/0x44 @ 1
[    5.700933] initcall init_pipe_fs+0x0/0x44 returned 0 after 267 usecs
[    5.708214] calling  inotify_user_setup+0x0/0x47 @ 1
[    5.714372] initcall inotify_user_setup+0x0/0x47 returned 0 after 222 usecs
[    5.723446] calling  eventpoll_init+0x0/0xd4 @ 1
[    5.729246] initcall eventpoll_init+0x0/0xd4 returned 0 after 71 usecs
[    5.737335] calling  anon_inode_init+0x0/0x58 @ 1
[    5.744553] initcall anon_inode_init+0x0/0x58 returned 0 after 236 usecs
[    5.754710] calling  proc_locks_init+0x0/0x27 @ 1
[    5.762265] initcall proc_locks_init+0x0/0x27 returned 0 after 110 usecs
[    5.772352] calling  iomap_init+0x0/0x1b @ 1
[    5.779004] initcall iomap_init+0x0/0x1b returned 0 after 1196 usecs
[    5.786804] calling  dquot_init+0x0/0x106 @ 1
[    5.792291] VFS: Disk quotas dquot_6.6.0
[    5.797648] VFS: Dquot-cache hash table entries: 512 (order 0, 4096 bytes)
[    5.805969] initcall dquot_init+0x0/0x106 returned 0 after 13354 usecs
[    5.813939] calling  quota_init+0x0/0x23 @ 1
[    5.819663] initcall quota_init+0x0/0x23 returned 0 after 430 usecs
[    5.827297] calling  proc_cmdline_init+0x0/0x21 @ 1
[    5.833673] initcall proc_cmdline_init+0x0/0x21 returned 0 after 16 usecs
[    5.841880] calling  proc_consoles_init+0x0/0x24 @ 1
[    5.848131] initcall proc_consoles_init+0x0/0x24 returned 0 after 30 usecs
[    5.856751] calling  proc_cpuinfo_init+0x0/0x1e @ 1
[    5.862664] initcall proc_cpuinfo_init+0x0/0x1e returned 0 after 4 usecs
[    5.870999] calling  proc_devices_init+0x0/0x24 @ 1
[    5.876995] initcall proc_devices_init+0x0/0x24 returned 0 after 51 usecs
[    5.885197] calling  proc_interrupts_init+0x0/0x24 @ 1
[    5.891416] initcall proc_interrupts_init+0x0/0x24 returned 0 after 4 usecs
[    5.899751] calling  proc_loadavg_init+0x0/0x21 @ 1
[    5.905790] initcall proc_loadavg_init+0x0/0x21 returned 0 after 3 usecs
[    5.913938] calling  proc_meminfo_init+0x0/0x21 @ 1
[    5.919875] initcall proc_meminfo_init+0x0/0x21 returned 0 after 4 usecs
[    5.928202] calling  proc_stat_init+0x0/0x1e @ 1
[    5.934004] initcall proc_stat_init+0x0/0x1e returned 0 after 5 usecs
[    5.941805] calling  proc_uptime_init+0x0/0x21 @ 1
[    5.947674] initcall proc_uptime_init+0x0/0x21 returned 0 after 4 usecs
[    5.955844] calling  proc_version_init+0x0/0x21 @ 1
[    5.961889] initcall proc_version_init+0x0/0x21 returned 0 after 5 usecs
[    5.970036] calling  proc_softirqs_init+0x0/0x21 @ 1
[    5.976134] initcall proc_softirqs_init+0x0/0x21 returned 0 after 4 usecs
[    5.984309] calling  proc_kcore_init+0x0/0xea @ 1
[    5.990178] initcall proc_kcore_init+0x0/0xea returned 0 after 26 usecs
[    5.998302] calling  vmcore_init+0x0/0x578 @ 1
[    6.003775] initcall vmcore_init+0x0/0x578 returned 0 after 27 usecs
[    6.011530] calling  proc_kmsg_init+0x0/0x21 @ 1
[    6.016738] initcall proc_kmsg_init+0x0/0x21 returned 0 after 4 usecs
[    6.023530] calling  proc_page_init+0x0/0x3b @ 1
[    6.028387] initcall proc_page_init+0x0/0x3b returned 0 after 4 usecs
[    6.035135] calling  init_ramfs_fs+0x0/0xc @ 1
[    6.039868] initcall init_ramfs_fs+0x0/0xc returned 0 after 16 usecs
[    6.046585] calling  init_hugetlbfs_fs+0x0/0xf6 @ 1
[    6.051902] initcall init_hugetlbfs_fs+0x0/0xf6 returned 0 after 145 usecs
[    6.059123] calling  blk_scsi_ioctl_init+0x0/0x2a5 @ 1
[    6.064570] initcall blk_scsi_ioctl_init+0x0/0x2a5 returned 0 after 23 usecs
[    6.072030] calling  acpi_event_init+0x0/0x2c @ 1
[    6.077152] initcall acpi_event_init+0x0/0x2c returned 0 after 63 usecs
[    6.084092] calling  pnp_system_init+0x0/0xc @ 1
[    6.089480] initcall pnp_system_init+0x0/0xc returned 0 after 487 usecs
[    6.096398] calling  pnpacpi_init+0x0/0x69 @ 1
[    6.101245] pnp: PnP ACPI init
[    6.105583] pnp 00:00: Plug and Play ACPI device, IDs PNP0303 (active)
[    6.112654] pnp 00:01: Plug and Play ACPI device, IDs PNP0f13 (active)
[    6.119905] pnp 00:02: Plug and Play ACPI device, IDs PNP0400 (active)
[    6.126870] pnp 00:03: Plug and Play ACPI device, IDs PNP0501 (active)
[    6.133762] pnp 00:04: Plug and Play ACPI device, IDs PNP0b00 (active)
[    6.140818] system 00:05: [mem 0xb0000000-0xbfffffff window] has been reserved
[    6.148311] system 00:05: Plug and Play ACPI device, IDs PNP0c01 (active)
[    6.156748] pnp: PnP ACPI: found 6 devices
[    6.161128] initcall pnpacpi_init+0x0/0x69 returned 0 after 58519 usecs
[    6.168084] calling  chr_dev_init+0x0/0x14d @ 1
[    6.260560] initcall chr_dev_init+0x0/0x14d returned 0 after 85539 usecs
[    6.268426] calling  firmware_class_init+0x0/0xe7 @ 1
[    6.274554] initcall firmware_class_init+0x0/0xe7 returned 0 after 116 usecs
[    6.282672] calling  init_pcmcia_bus+0x0/0x5b @ 1
[    6.288236] initcall init_pcmcia_bus+0x0/0x5b returned 0 after 59 usecs
[    6.295856] calling  init_acpi_pm_clocksource+0x0/0xda @ 1
[    6.307829] clocksource: acpi_pm: mask: 0xffffff max_cycles: 0xffffff, max_idle_ns: 2085701024 ns
[    6.317927] initcall init_acpi_pm_clocksource+0x0/0xda returned 0 after 15256 usecs
[    6.326714] calling  sysctl_core_init+0x0/0x26 @ 1
[    6.332519] initcall sysctl_core_init+0x0/0x26 returned 0 after 207 usecs
[    6.340309] calling  eth_offload_init+0x0/0x13 @ 1
[    6.346044] initcall eth_offload_init+0x0/0x13 returned 0 after 67 usecs
[    6.353775] calling  ipv4_offload_init+0x0/0x73 @ 1
[    6.359545] initcall ipv4_offload_init+0x0/0x73 returned 0 after 89 usecs
[    6.367321] calling  inet_init+0x0/0x276 @ 1
[    6.372562] NET: Registered protocol family 2
[    6.378823] IP idents hash table entries: 8192 (order: 4, 65536 bytes, linear)
[    6.388445] tcp_listen_portaddr_hash hash table entries: 256 (order: 0, 4096 bytes, linear)
[    6.397942] TCP established hash table entries: 4096 (order: 3, 32768 bytes, linear)
[    6.406845] TCP bind hash table entries: 4096 (order: 4, 65536 bytes, linear)
[    6.415263] TCP: Hash tables configured (established 4096 bind 4096)
[    6.422810] UDP hash table entries: 256 (order: 1, 8192 bytes, linear)
[    6.430295] UDP-Lite hash table entries: 256 (order: 1, 8192 bytes, linear)
[    6.440740] initcall inet_init+0x0/0x276 returned 0 after 66822 usecs
[    6.450078] calling  af_unix_init+0x0/0x4d @ 1
[    6.456545] NET: Registered protocol family 1
[    6.463059] initcall af_unix_init+0x0/0x4d returned 0 after 6368 usecs
[    6.470897] calling  ipv6_offload_init+0x0/0x7e @ 1
[    6.476650] initcall ipv6_offload_init+0x0/0x7e returned 0 after 97 usecs
[    6.484504] calling  init_sunrpc+0x0/0x65 @ 1
[    6.497482] RPC: Registered named UNIX socket transport module.
[    6.504650] RPC: Registered udp transport module.
[    6.510315] RPC: Registered tcp transport module.
[    6.516001] RPC: Registered tcp NFSv4.1 backchannel transport module.
[    6.523511] initcall init_sunrpc+0x0/0x65 returned 0 after 33023 usecs
[    6.531106] calling  cfg80211_init+0x0/0xc5 @ 1
[    6.539272] initcall cfg80211_init+0x0/0xc5 returned 0 after 2620 usecs
[    6.546771] calling  pcibios_assign_resources+0x0/0xbf @ 1
[    6.553241] pci_bus 0000:00: resource 4 [io  0x0000-0x0cf7 window]
[    6.560370] pci_bus 0000:00: resource 5 [io  0x0d00-0xffff window]
[    6.567562] pci_bus 0000:00: resource 6 [mem 0x000a0000-0x000bffff window]
[    6.575560] pci_bus 0000:00: resource 7 [mem 0x20000000-0xafffffff window]
[    6.589251] pci_bus 0000:00: resource 8 [mem 0xc0000000-0xfebfffff window]
[    6.599566] pci_bus 0000:00: resource 9 [mem 0x100000000-0x8ffffffff window]
[    6.611402] initcall pcibios_assign_resources+0x0/0xbf returned 0 after 56795 usecs
[    6.621665] calling  pci_apply_final_quirks+0x0/0x124 @ 1
[    6.629306] pci 0000:00:01.0: calling  pci_fixup_video+0x0/0xe0 @ 1
[    6.637196] pci 0000:00:01.0: Video device with shadowed ROM at [mem 0x000c0000-0x000dffff]
[    6.647168] pci 0000:00:01.0: pci_fixup_video+0x0/0xe0 took 10154 usecs
[    6.655369] PCI: CLS 0 bytes, default 64
[    6.660260] initcall pci_apply_final_quirks+0x0/0x124 returned 0 after 31384 usecs
[    6.669208] calling  acpi_reserve_resources+0x0/0xea @ 1
[    6.675872] initcall acpi_reserve_resources+0x0/0xea returned 0 after 49 usecs
[    6.684453] calling  populate_rootfs+0x0/0x102 @ 1
[    6.694237] initcall populate_rootfs+0x0/0x102 returned 0 after 3319 usecs
[    6.702489] calling  pci_iommu_init+0x0/0x3e @ 1
[    6.708094] initcall pci_iommu_init+0x0/0x3e returned 0 after 81 usecs
[    6.716044] calling  ia32_binfmt_init+0x0/0x13 @ 1
[    6.721885] initcall ia32_binfmt_init+0x0/0x13 returned 0 after 135 usecs
[    6.729807] calling  rapl_pmu_init+0x0/0x267 @ 1
[    6.735285] initcall rapl_pmu_init+0x0/0x267 returned -19 after 53 usecs
[    6.743025] calling  amd_uncore_init+0x0/0x310 @ 1
[    6.748683] initcall amd_uncore_init+0x0/0x310 returned -19 after 0 usecs
[    6.756533] calling  amd_ibs_init+0x0/0x243 @ 1
[    6.761885] initcall amd_ibs_init+0x0/0x243 returned -19 after 0 usecs
[    6.769441] calling  amd_iommu_pc_init+0x0/0x215 @ 1
[    6.775578] initcall amd_iommu_pc_init+0x0/0x215 returned -19 after 32 usecs
[    6.783687] calling  msr_init+0x0/0x55 @ 1
[    6.788761] initcall msr_init+0x0/0x55 returned 0 after 290 usecs
[    6.795870] calling  intel_uncore_init+0x0/0x36f @ 1
[    6.801758] initcall intel_uncore_init+0x0/0x36f returned -19 after 51 usecs
[    6.809974] calling  cstate_pmu_init+0x0/0x1a1 @ 1
[    6.815850] initcall cstate_pmu_init+0x0/0x1a1 returned -19 after 0 usecs
[    6.823714] calling  register_kernel_offset_dumper+0x0/0x1a @ 1
[    6.831031] initcall register_kernel_offset_dumper+0x0/0x1a returned 0 after 14 usecs
[    6.840492] calling  i8259A_init_ops+0x0/0x20 @ 1
[    6.846325] initcall i8259A_init_ops+0x0/0x20 returned 0 after 26 usecs
[    6.854219] calling  init_tsc_clocksource+0x0/0xa4 @ 1
[    6.860246] clocksource: tsc: mask: 0xffffffffffffffff max_cycles: 0x39a85afc727, max_idle_ns: 881590685098 ns
[    6.871549] initcall init_tsc_clocksource+0x0/0xa4 returned 0 after 11072 usecs
[    6.879850] calling  add_rtc_cmos+0x0/0xb0 @ 1
[    6.885546] initcall add_rtc_cmos+0x0/0xb0 returned 0 after 229 usecs
[    6.894608] calling  i8237A_init_ops+0x0/0x3a @ 1
[    6.901030] initcall i8237A_init_ops+0x0/0x3a returned 0 after 128 usecs
[    6.910131] calling  umwait_init+0x0/0x94 @ 1
[    6.915695] initcall umwait_init+0x0/0x94 returned -19 after 28 usecs
[    6.923604] calling  thermal_throttle_init_device+0x0/0x3d @ 1
[    6.930513] initcall thermal_throttle_init_device+0x0/0x3d returned 0 after 63 usecs
[    6.939546] calling  msr_init+0x0/0xd7 @ 1
[    6.951042] initcall msr_init+0x0/0xd7 returned 0 after 6500 usecs
[    6.958232] calling  cpuid_init+0x0/0xd7 @ 1
[    6.968810] initcall cpuid_init+0x0/0xd7 returned 0 after 5492 usecs
[    6.976694] calling  ioapic_init_ops+0x0/0x13 @ 1
[    6.983255] initcall ioapic_init_ops+0x0/0x13 returned 0 after 398 usecs
[    6.991561] calling  add_pcspkr+0x0/0x6c @ 1
[    6.996937] initcall add_pcspkr+0x0/0x6c returned 0 after 252 usecs
[    7.004322] calling  start_periodic_check_for_corruption+0x0/0x30 @ 1
[    7.012183] check: Scanning for low memory corruption every 60 seconds
[    7.020089] initcall start_periodic_check_for_corruption+0x0/0x30 returned 0 after 7739 usecs
[    7.030325] calling  sysfb_init+0x0/0x9c @ 1
[    7.036045] initcall sysfb_init+0x0/0x9c returned 0 after 161 usecs
[    7.043413] calling  audit_classes_init+0x0/0xae @ 1
[    7.049486] initcall audit_classes_init+0x0/0xae returned 0 after 115 usecs
[    7.057861] calling  iosf_mbi_init+0x0/0x24 @ 1
[    7.063834] initcall iosf_mbi_init+0x0/0x24 returned 0 after 370 usecs
[    7.071721] calling  proc_execdomains_init+0x0/0x21 @ 1
[    7.078125] initcall proc_execdomains_init+0x0/0x21 returned 0 after 47 usecs
[    7.086600] calling  register_warn_debugfs+0x0/0x23 @ 1
[    7.093179] initcall register_warn_debugfs+0x0/0x23 returned 0 after 91 usecs
[    7.101742] calling  cpuhp_sysfs_init+0x0/0x79 @ 1
[    7.108054] initcall cpuhp_sysfs_init+0x0/0x79 returned 0 after 367 usecs
[    7.116291] calling  ioresources_init+0x0/0x49 @ 1
[    7.122157] initcall ioresources_init+0x0/0x49 returned 0 after 6 usecs
[    7.129797] calling  snapshot_device_init+0x0/0xc @ 1
[    7.137130] initcall snapshot_device_init+0x0/0xc returned 0 after 1356 usecs
[    7.145590] calling  irq_pm_init_ops+0x0/0x13 @ 1
[    7.151186] initcall irq_pm_init_ops+0x0/0x13 returned 0 after 16 usecs
[    7.158940] calling  rcu_torture_init+0x0/0x9a6 @ 1
[    7.166552] srcu-torture:--- Start of test: nreaders=3 nfakewriters=4 stat_interval=15 verbose=1 test_no_idle_hz=1 shuffle_interval=3 stutter=5 irqreader=1 fqs_duration=0 fqs_holdoff=0 fqs_stutter=3 test_boost=1/0 test_boost_interval=7 test_boost_duration=4 shutdown_secs=1800 stall_cpu=0 stall_cpu_holdoff=10 stall_cpu_irqsoff=0 stall_cpu_block=0 n_barrier_cbs=4 onoff_interval=1000 onoff_holdoff=30 read_exit_delay=13 read_exit_burst=16
[    7.211827] srcu:  Start-test grace-period state: g0 f0x0
[    7.218281] srcu-torture: Creating rcu_torture_writer task
[    7.227111] srcu-torture: Creating rcu_torture_fakewriter task
[    7.227519] srcu-torture: rcu_torture_writer task started
[    7.236276] srcu-torture: Creating rcu_torture_fakewriter task
[    7.238113] srcu-torture: rcu_torture_fakewriter task started
[    7.240499] srcu-torture: GP expediting controlled from boot/sysfs for srcu.
[    7.240515] rcu_torture_writer: Testing expedited GPs.
[    7.240515] rcu_torture_writer: Testing asynchronous GPs.
[    7.240516] rcu_torture_writer: Testing normal GPs.
[    7.292026] srcu-torture: Creating rcu_torture_fakewriter task
[    7.292537] srcu-torture: rcu_torture_fakewriter task started
[    7.301491] srcu-torture: Creating rcu_torture_fakewriter task
[    7.301756] srcu-torture: rcu_torture_fakewriter task started
[    7.322922] srcu-torture: Creating rcu_torture_reader task
[    7.323843] srcu-torture: rcu_torture_fakewriter task started
[    7.333315] srcu-torture: Creating rcu_torture_reader task
[    7.333637] srcu-torture: rcu_torture_reader task started
[    7.355569] srcu-torture: Creating rcu_torture_reader task
[    7.355629] srcu-torture: rcu_torture_reader task started
[    7.362702] srcu-torture: Creating rcu_torture_stats task
[    7.363481] srcu-torture: rcu_torture_reader task started
[    7.385064] srcu-torture: Creating torture_shuffle task
[    7.385092] srcu-torture: rcu_torture_stats task started
[    7.400779] srcu-torture: Creating torture_stutter task
[    7.400782] srcu-torture: torture_shuffle task started
[    7.417527] srcu-torture: Creating torture_shutdown task
[    7.417530] srcu-torture: torture_stutter task started
[    7.435231] srcu-torture: Creating torture_onoff task
[    7.435250] srcu-torture: torture_shutdown task started
[    7.444466] srcu-torture: rcu_torture_fwd_prog_init: Disabled, unsupported by RCU flavor under test
[    7.444842] srcu-torture: torture_onoff task started
[    7.444844] srcu-torture: torture_onoff begin holdoff
[    7.449757] srcu-torture:torture_shutdown task: 1799967 ms remaining
[    7.461117] srcu-torture: Creating rcu_torture_barrier_cbs task
[    7.490281] srcu-torture: Creating rcu_torture_barrier_cbs task
[    7.490292] srcu-torture: rcu_torture_barrier_cbs task started
[    7.499264] srcu-torture: Creating rcu_torture_barrier_cbs task
[    7.499433] srcu-torture: rcu_torture_barrier_cbs task started
[    7.523061] srcu-torture: Creating rcu_torture_barrier_cbs task
[    7.523086] srcu-torture: rcu_torture_barrier_cbs task started
[    7.531936] srcu-torture: Creating rcu_torture_barrier task
[    7.531954] srcu-torture: rcu_torture_barrier_cbs task started
[    7.554797] srcu-torture: Creating rcu_torture_read_exit task
[    7.554814] srcu-torture: rcu_torture_barrier task starting
[    7.563851] initcall rcu_torture_init+0x0/0x9a6 returned 0 after 388060 usecs
[    7.563872] srcu-torture: rcu_torture_read_exit: Start of test
[    7.588658] calling  timekeeping_init_ops+0x0/0x13 @ 1
[    7.595599] initcall timekeeping_init_ops+0x0/0x13 returned 0 after 25 usecs
[    7.605104] calling  init_clocksource_sysfs+0x0/0x23 @ 1
[    7.612306] initcall init_clocksource_sysfs+0x0/0x23 returned 0 after 208 usecs
[    7.621932] calling  init_timer_list_procfs+0x0/0x31 @ 1
[    7.628874] initcall init_timer_list_procfs+0x0/0x31 returned 0 after 62 usecs
[    7.638268] calling  alarmtimer_init+0x0/0xc7 @ 1
[    7.644520] initcall alarmtimer_init+0x0/0xc7 returned 0 after 158 usecs
[    7.656106] calling  init_posix_timers+0x0/0x29 @ 1
[    7.664980] initcall init_posix_timers+0x0/0x29 returned 0 after 2386 usecs
[    7.673937] calling  clockevents_init_sysfs+0x0/0xbf @ 1
[    7.691911] initcall clockevents_init_sysfs+0x0/0xbf returned 0 after 10990 usecs
[    7.702326] calling  proc_dma_init+0x0/0x21 @ 1
[    7.708974] initcall proc_dma_init+0x0/0x21 returned 0 after 416 usecs
[    7.717556] calling  proc_modules_init+0x0/0x1e @ 1
[    7.723877] initcall proc_modules_init+0x0/0x1e returned 0 after 22 usecs
[    7.732619] calling  kallsyms_init+0x0/0x21 @ 1
[    7.738699] initcall kallsyms_init+0x0/0x21 returned 0 after 3 usecs
[    7.747066] calling  pid_namespaces_init+0x0/0x2c @ 1
[    7.754000] initcall pid_namespaces_init+0x0/0x2c returned 0 after 355 usecs
[    7.763565] calling  audit_watch_init+0x0/0x37 @ 1
[    7.769956] initcall audit_watch_init+0x0/0x37 returned 0 after 41 usecs
[    7.778801] calling  audit_fsnotify_init+0x0/0x37 @ 1
[    7.785763] initcall audit_fsnotify_init+0x0/0x37 returned 0 after 1 usecs
[    7.794705] calling  audit_tree_init+0x0/0x6d @ 1
[    7.800904] initcall audit_tree_init+0x0/0x6d returned 0 after 32 usecs
[    7.809739] calling  seccomp_sysctl_init+0x0/0x2b @ 1
[    7.817021] initcall seccomp_sysctl_init+0x0/0x2b returned 0 after 291 usecs
[    7.826226] calling  utsname_sysctl_init+0x0/0x13 @ 1
[    7.833022] initcall utsname_sysctl_init+0x0/0x13 returned 0 after 66 usecs
[    7.842043] calling  init_tracepoints+0x0/0x27 @ 1
[    7.848476] initcall init_tracepoints+0x0/0x27 returned 0 after 37 usecs
[    7.857581] calling  init_blk_tracer+0x0/0x50 @ 1
[    7.865741] initcall init_blk_tracer+0x0/0x50 returned 0 after 1689 usecs
[    7.874987] calling  perf_event_sysfs_init+0x0/0x81 @ 1
[    7.883078] initcall perf_event_sysfs_init+0x0/0x81 returned 0 after 795 usecs
[    7.892910] calling  system_trusted_keyring_init+0x0/0x60 @ 1
[    7.900709] Initialise system trusted keyrings
[    7.907042] initcall system_trusted_keyring_init+0x0/0x60 returned 0 after 6197 usecs
[    7.918592] calling  kswapd_init+0x0/0x5c @ 1
[    7.929803] initcall kswapd_init+0x0/0x5c returned 0 after 4028 usecs
[    7.940936] calling  extfrag_debug_init+0x0/0x54 @ 1
[    7.948815] initcall extfrag_debug_init+0x0/0x54 returned 0 after 355 usecs
[    7.957570] calling  mm_compute_batch_init+0x0/0x12 @ 1
[    7.964659] initcall mm_compute_batch_init+0x0/0x12 returned 0 after 0 usecs
[    7.973324] calling  slab_proc_init+0x0/0x21 @ 1
[    7.979201] initcall slab_proc_init+0x0/0x21 returned 0 after 31 usecs
[    7.987770] calling  workingset_init+0x0/0x8c @ 1
[    7.993801] workingset: timestamp_bits=56 max_order=17 bucket_order=0
[    8.002879] initcall workingset_init+0x0/0x8c returned 0 after 8877 usecs
[    8.013663] calling  proc_vmalloc_init+0x0/0x32 @ 1
[    8.021993] initcall proc_vmalloc_init+0x0/0x32 returned 0 after 718 usecs
[    8.032780] calling  procswaps_init+0x0/0x1e @ 1
[    8.040349] initcall procswaps_init+0x0/0x1e returned 0 after 144 usecs
[    8.050613] calling  slab_sysfs_init+0x0/0xea @ 1
[    8.060936] initcall slab_sysfs_init+0x0/0xea returned 0 after 2526 usecs
[    8.071687] calling  fcntl_init+0x0/0x29 @ 1
[    8.078713] initcall fcntl_init+0x0/0x29 returned 0 after 35 usecs
[    8.088585] calling  proc_filesystems_init+0x0/0x21 @ 1
[    8.096400] initcall proc_filesystems_init+0x0/0x21 returned 0 after 4 usecs
[    8.105127] calling  start_dirtytime_writeback+0x0/0x29 @ 1
[    8.112719] initcall start_dirtytime_writeback+0x0/0x29 returned 0 after 1 usecs
[    8.122219] calling  blkdev_init+0x0/0x1b @ 1
[    8.127891] initcall blkdev_init+0x0/0x1b returned 0 after 145 usecs
[    8.136098] calling  dio_init+0x0/0x2c @ 1
[    8.141510] initcall dio_init+0x0/0x2c returned 0 after 61 usecs
[    8.149534] calling  dnotify_init+0x0/0x78 @ 1
[    8.155637] initcall dnotify_init+0x0/0x78 returned 0 after 10 usecs
[    8.164732] calling  aio_setup+0x0/0x78 @ 1
[    8.171230] initcall aio_setup+0x0/0x78 returned 0 after 460 usecs
[    8.179680] calling  io_uring_init+0x0/0x2c @ 1
[    8.188142] initcall io_uring_init+0x0/0x2c returned 0 after 7 usecs
[    8.196134] calling  mbcache_init+0x0/0x30 @ 1
[    8.201859] initcall mbcache_init+0x0/0x30 returned 0 after 33 usecs
[    8.210103] calling  init_grace+0x0/0xc @ 1
[    8.215660] initcall init_grace+0x0/0xc returned 0 after 156 usecs
[    8.223832] calling  init_v2_quota_format+0x0/0x21 @ 1
[    8.230658] initcall init_v2_quota_format+0x0/0x21 returned 0 after 79 usecs
[    8.239994] calling  init_devpts_fs+0x0/0x27 @ 1
[    8.246957] initcall init_devpts_fs+0x0/0x27 returned 0 after 315 usecs
[    8.255719] calling  ext4_init_fs+0x0/0x1d0 @ 1
[    8.262244] initcall ext4_init_fs+0x0/0x1d0 returned 0 after 235 usecs
[    8.270919] calling  journal_init+0x0/0x11c @ 1
[    8.277073] initcall journal_init+0x0/0x11c returned 0 after 54 usecs
[    8.285637] calling  init_fat_fs+0x0/0x49 @ 1
[    8.291689] initcall init_fat_fs+0x0/0x49 returned 0 after 34 usecs
[    8.300693] calling  init_vfat_fs+0x0/0xc @ 1
[    8.306656] initcall init_vfat_fs+0x0/0xc returned 0 after 3 usecs
[    8.315129] calling  init_msdos_fs+0x0/0xc @ 1
[    8.321126] initcall init_msdos_fs+0x0/0xc returned 0 after 2 usecs
[    8.329611] calling  init_iso9660_fs+0x0/0x6c @ 1
[    8.336137] initcall init_iso9660_fs+0x0/0x6c returned 0 after 384 usecs
[    8.345963] calling  init_nfs_fs+0x0/0x13a @ 1
[    8.360025] initcall init_nfs_fs+0x0/0x13a returned 0 after 7593 usecs
[    8.370754] calling  init_nfs_v2+0x0/0x13 @ 1
[    8.377291] initcall init_nfs_v2+0x0/0x13 returned 0 after 20 usecs
[    8.386156] calling  init_nfs_v3+0x0/0x13 @ 1
[    8.393326] initcall init_nfs_v3+0x0/0x13 returned 0 after 0 usecs
[    8.403114] calling  init_nfs_v4+0x0/0x32 @ 1
[    8.409792] NFS: Registering the id_resolver key type
[    8.417943] Key type id_resolver registered
[    8.424762] Key type id_legacy registered
[    8.431442] initcall init_nfs_v4+0x0/0x32 returned 0 after 21154 usecs
[    8.441930] calling  init_nlm+0x0/0x5b @ 1
[    8.448458] initcall init_nlm+0x0/0x5b returned 0 after 57 usecs
[    8.458018] calling  init_nls_cp437+0x0/0xe @ 1
[    8.465764] initcall init_nls_cp437+0x0/0xe returned 0 after 396 usecs
[    8.476187] calling  init_nls_ascii+0x0/0xe @ 1
[    8.483611] initcall init_nls_ascii+0x0/0xe returned 0 after 0 usecs
[    8.494218] calling  init_nls_iso8859_1+0x0/0xe @ 1
[    8.502286] initcall init_nls_iso8859_1+0x0/0xe returned 0 after 1 usecs
[    8.512986] calling  init_nls_utf8+0x0/0x21 @ 1
[    8.520589] initcall init_nls_utf8+0x0/0x21 returned 0 after 1 usecs
[    8.530930] calling  init_autofs_fs+0x0/0x25 @ 1
[    8.542052] initcall init_autofs_fs+0x0/0x25 returned 0 after 3342 usecs
[    8.553296] calling  ipc_init+0x0/0x24 @ 1
[    8.560115] initcall ipc_init+0x0/0x24 returned 0 after 66 usecs
[    8.570079] calling  ipc_sysctl_init+0x0/0x13 @ 1
[    8.577915] initcall ipc_sysctl_init+0x0/0x13 returned 0 after 33 usecs
[    8.588566] calling  init_mqueue_fs+0x0/0x9a @ 1
[    8.596790] initcall init_mqueue_fs+0x0/0x9a returned 0 after 178 usecs
[    8.608264] calling  key_proc_init+0x0/0x63 @ 1
[    8.615906] initcall key_proc_init+0x0/0x63 returned 0 after 35 usecs
[    8.626471] calling  selinux_nf_ip_init+0x0/0x2e @ 1
[    8.634674] initcall selinux_nf_ip_init+0x0/0x2e returned 0 after 108 usecs
[    8.646498] calling  init_sel_fs+0x0/0x116 @ 1
[    8.654012] initcall init_sel_fs+0x0/0x116 returned 0 after 0 usecs
[    8.664177] calling  selnl_init+0x0/0x7c @ 1
[    8.671902] initcall selnl_init+0x0/0x7c returned 0 after 247 usecs
[    8.682632] calling  sel_netif_init+0x0/0x36 @ 1
[    8.690540] initcall sel_netif_init+0x0/0x36 returned 0 after 0 usecs
[    8.701494] calling  sel_netnode_init+0x0/0x33 @ 1
[    8.709454] initcall sel_netnode_init+0x0/0x33 returned 0 after 0 usecs
[    8.720397] calling  sel_netport_init+0x0/0x33 @ 1
[    8.728966] initcall sel_netport_init+0x0/0x33 returned 0 after 0 usecs
[    8.739621] calling  aurule_init+0x0/0x2a @ 1
[    8.746994] initcall aurule_init+0x0/0x2a returned 0 after 1 usecs
[    8.756972] calling  crypto_algapi_init+0x0/0xc @ 1
[    8.765221] initcall crypto_algapi_init+0x0/0xc returned 0 after 5 usecs
[    8.776257] calling  jent_mod_init+0x0/0x2d @ 1
[    8.799939] initcall jent_mod_init+0x0/0x2d returned 0 after 16061 usecs
[    8.811658] calling  asymmetric_key_init+0x0/0xc @ 1
[    8.820192] Key type asymmetric registered
[    8.827400] initcall asymmetric_key_init+0x0/0xc returned 0 after 7037 usecs
[    8.839536] calling  x509_key_init+0x0/0xc @ 1
[    8.846985] Asymmetric key parser 'x509' registered
[    8.854806] initcall x509_key_init+0x0/0xc returned 0 after 7654 usecs
[    8.865604] calling  proc_genhd_init+0x0/0x41 @ 1
[    8.873438] initcall proc_genhd_init+0x0/0x41 returned 0 after 7 usecs
[    8.884167] calling  bsg_init+0x0/0x113 @ 1
[    8.892072] Block layer SCSI generic (bsg) driver version 0.4 loaded (major 251)
[    8.904786] initcall bsg_init+0x0/0x113 returned 0 after 13248 usecs
[    8.917117] calling  deadline_init+0x0/0xc @ 1
[    8.925989] io scheduler mq-deadline registered
[    8.934471] initcall deadline_init+0x0/0xc returned 0 after 8308 usecs
[    8.946273] calling  kyber_init+0x0/0xc @ 1
[    8.953535] io scheduler kyber registered
[    8.960440] initcall kyber_init+0x0/0xc returned 0 after 6779 usecs
[    8.971286] calling  mod_init+0x0/0x7 @ 1
[    8.978198] initcall mod_init+0x0/0x7 returned 0 after 0 usecs
[    8.988188] calling  percpu_counter_startup+0x0/0x55 @ 1
[    9.000578] initcall percpu_counter_startup+0x0/0x55 returned 0 after 2714 usecs
[    9.011227] calling  sg_pool_init+0x0/0xb4 @ 1
[    9.017919] initcall sg_pool_init+0x0/0xb4 returned 0 after 103 usecs
[    9.026850] calling  pcie_portdrv_init+0x0/0x39 @ 1
[    9.034856] initcall pcie_portdrv_init+0x0/0x39 returned 0 after 802 usecs
[    9.044730] calling  pci_proc_init+0x0/0x68 @ 1
[    9.051610] initcall pci_proc_init+0x0/0x68 returned 0 after 79 usecs
[    9.061148] calling  pci_hotplug_init+0x0/0x7 @ 1
[    9.068144] initcall pci_hotplug_init+0x0/0x7 returned 0 after 0 usecs
[    9.079947] calling  efifb_driver_init+0x0/0xe @ 1
[    9.087573] initcall efifb_driver_init+0x0/0xe returned 0 after 538 usecs
[    9.097699] calling  ged_driver_init+0x0/0xe @ 1
[    9.105072] initcall ged_driver_init+0x0/0xe returned 0 after 167 usecs
[    9.114990] calling  acpi_ac_init+0x0/0x92 @ 1
[    9.122123] initcall acpi_ac_init+0x0/0x92 returned 0 after 765 usecs
[    9.131909] calling  acpi_button_driver_init+0x0/0x52 @ 1
[    9.140836] input: Power Button as /devices/LNXSYSTM:00/LNXPWRBN:00/input/input0
[    9.153327] ACPI: Power Button [PWRF]
[    9.160709] initcall acpi_button_driver_init+0x0/0x52 returned 0 after 20176 usecs
[    9.172631] calling  acpi_fan_driver_init+0x0/0xe @ 1
[    9.180618] initcall acpi_fan_driver_init+0x0/0xe returned 0 after 16 usecs
[    9.191650] calling  acpi_video_init+0x0/0xcb @ 1
[    9.199248] initcall acpi_video_init+0x0/0xcb returned 0 after 90 usecs
[    9.209499] calling  acpi_processor_driver_init+0x0/0xad @ 1
[    9.221072] initcall acpi_processor_driver_init+0x0/0xad returned 0 after 2288 usecs
[    9.233934] calling  acpi_thermal_init+0x0/0x71 @ 1
[    9.242981] initcall acpi_thermal_init+0x0/0x71 returned 0 after 1467 usecs
[    9.254749] calling  acpi_battery_init+0x0/0x32 @ 1
[    9.262751] initcall acpi_battery_init+0x0/0x32 returned 0 after 190 usecs
[    9.273184] calling  bgrt_init+0x0/0xb6 @ 1
[    9.279254] initcall bgrt_init+0x0/0xb6 returned -19 after 0 usecs
[    9.288110] calling  gpio_clk_driver_init+0x0/0xe @ 1
[    9.295503] initcall gpio_clk_driver_init+0x0/0xe returned 0 after 102 usecs
[    9.306997] calling  plt_clk_driver_init+0x0/0xe @ 1
[    9.314821] initcall plt_clk_driver_init+0x0/0xe returned 0 after 18 usecs
[    9.325806] calling  virtio_pci_driver_init+0x0/0x15 @ 1
[    9.334847] initcall virtio_pci_driver_init+0x0/0x15 returned 0 after 61 usecs
[    9.346072] calling  n_null_init+0x0/0x1e @ 1
[    9.352874] initcall n_null_init+0x0/0x1e returned 0 after 44 usecs
[    9.362995] calling  pty_init+0x0/0x1e8 @ 1
[    9.374143] initcall pty_init+0x0/0x1e8 returned 0 after 3447 usecs
[    9.385855] calling  sysrq_init+0x0/0x62 @ 1
[    9.393481] initcall sysrq_init+0x0/0x62 returned 0 after 6 usecs
[    9.403508] calling  serial8250_init+0x0/0x17e @ 1
[    9.411401] Serial: 8250/16550 driver, 4 ports, IRQ sharing enabled
[    9.423676] 00:03: ttyS0 at I/O 0x3f8 (irq = 4, base_baud = 115200) is a 16550A
[    9.442649] initcall serial8250_init+0x0/0x17e returned 0 after 30662 usecs
[    9.455589] calling  serial_pci_driver_init+0x0/0x15 @ 1
[    9.463590] initcall serial_pci_driver_init+0x0/0x15 returned 0 after 23 usecs
[    9.473441] calling  exar_pci_driver_init+0x0/0x15 @ 1
[    9.480615] initcall exar_pci_driver_init+0x0/0x15 returned 0 after 21 usecs
[    9.490663] calling  lpss8250_pci_driver_init+0x0/0x15 @ 1
[    9.498593] initcall lpss8250_pci_driver_init+0x0/0x15 returned 0 after 21 usecs
[    9.509531] calling  mid8250_pci_driver_init+0x0/0x15 @ 1
[    9.517624] initcall mid8250_pci_driver_init+0x0/0x15 returned 0 after 212 usecs
[    9.529256] calling  virtio_console_init+0x0/0xff @ 1
[    9.537694] initcall virtio_console_init+0x0/0xff returned 0 after 739 usecs
[    9.550019] calling  hpet_init+0x0/0x64 @ 1
[    9.562854] initcall hpet_init+0x0/0x64 returned 0 after 4958 usecs
[    9.574662] calling  nvram_module_init+0x0/0x83 @ 1
[    9.584150] Non-volatile memory driver v1.3
[    9.591152] initcall nvram_module_init+0x0/0x83 returned 0 after 8539 usecs
[    9.601614] calling  hwrng_modinit+0x0/0x8a @ 1
[    9.611722] initcall hwrng_modinit+0x0/0x8a returned 0 after 3012 usecs
[    9.623927] calling  mod_init+0x0/0x48 @ 1
[    9.631656] initcall mod_init+0x0/0x48 returned -19 after 106 usecs
[    9.642867] calling  agp_init+0x0/0x23 @ 1
[    9.649953] Linux agpgart interface v0.103
[    9.657529] initcall agp_init+0x0/0x23 returned 0 after 7394 usecs
[    9.669001] calling  agp_amd64_mod_init+0x0/0x5 @ 1
[    9.677821] initcall agp_amd64_mod_init+0x0/0x5 returned -19 after 187 usecs
[    9.688603] calling  agp_intel_init+0x0/0x28 @ 1
[    9.697859] initcall agp_intel_init+0x0/0x28 returned 0 after 1163 usecs
[    9.709208] calling  drm_kms_helper_init+0x0/0x7 @ 1
[    9.717967] initcall drm_kms_helper_init+0x0/0x7 returned 0 after 51 usecs
[    9.728800] calling  drm_core_init+0x0/0xa4 @ 1
[    9.735604] initcall drm_core_init+0x0/0xa4 returned 0 after 477 usecs
[    9.744147] calling  i915_init+0x0/0x6b @ 1
[    9.751604] initcall i915_init+0x0/0x6b returned 0 after 1241 usecs
[    9.761025] calling  cn_proc_init+0x0/0x35 @ 1
[    9.767333] initcall cn_proc_init+0x0/0x35 returned 0 after 4 usecs
[    9.776692] calling  topology_sysfs_init+0x0/0x27 @ 1
[    9.784686] initcall topology_sysfs_init+0x0/0x27 returned 0 after 64 usecs
[    9.795049] calling  cacheinfo_sysfs_init+0x0/0x27 @ 1
[    9.810457] initcall cacheinfo_sysfs_init+0x0/0x27 returned 0 after 8138 usecs
[    9.824106] calling  loop_init+0x0/0x168 @ 1
[    9.908276] loop: module loaded
[    9.913732] initcall loop_init+0x0/0x168 returned 0 after 80930 usecs
[    9.924281] calling  mac_hid_init+0x0/0x21 @ 1
[    9.931950] initcall mac_hid_init+0x0/0x21 returned 0 after 10 usecs
[    9.942573] calling  spi_transport_init+0x0/0x74 @ 1
[    9.951161] initcall spi_transport_init+0x0/0x74 returned 0 after 365 usecs
[    9.962818] calling  init_sd+0x0/0x18c @ 1
[    9.970104] initcall init_sd+0x0/0x18c returned 0 after 512 usecs
[    9.980148] calling  init_sr+0x0/0x43 @ 1
[   10.001562] initcall init_sr+0x0/0x43 returned 0 after 7270 usecs
[   10.012669] calling  init_sg+0x0/0x1c0 @ 1
[   10.023047] initcall init_sg+0x0/0x1c0 returned 0 after 3867 usecs
[   10.033340] calling  ahci_pci_driver_init+0x0/0x15 @ 1
[   10.046400] ahci 0000:00:1f.2: version 3.0
[   10.072932] PCI Interrupt Link [GSIA] enabled at IRQ 16
[   10.123745] ahci 0000:00:1f.2: AHCI 0001.0000 32 slots 6 ports 1.5 Gbps 0x3f impl SATA mode
[   10.136583] ahci 0000:00:1f.2: flags: 64bit ncq only 
[   10.261563] scsi host0: ahci
[   10.290400] scsi host1: ahci
[   10.315421] scsi host2: ahci
[   10.336852] scsi host3: ahci
[   10.348661] scsi host4: ahci
[   10.365005] scsi host5: ahci
[   10.370706] ata1: SATA max UDMA/133 abar m4096@0xfebf1000 port 0xfebf1100 irq 24
[   10.382585] ata2: SATA max UDMA/133 abar m4096@0xfebf1000 port 0xfebf1180 irq 24
[   10.393501] ata3: SATA max UDMA/133 abar m4096@0xfebf1000 port 0xfebf1200 irq 24
[   10.404736] ata4: SATA max UDMA/133 abar m4096@0xfebf1000 port 0xfebf1280 irq 24
[   10.415826] ata5: SATA max UDMA/133 abar m4096@0xfebf1000 port 0xfebf1300 irq 24
[   10.426677] ata6: SATA max UDMA/133 abar m4096@0xfebf1000 port 0xfebf1380 irq 24
[   10.438785] initcall ahci_pci_driver_init+0x0/0x15 returned 0 after 387415 usecs
[   10.450094] calling  piix_init+0x0/0x26 @ 1
[   10.456323] initcall piix_init+0x0/0x26 returned 0 after 119 usecs
[   10.465200] calling  amd_pci_driver_init+0x0/0x15 @ 1
[   10.472643] initcall amd_pci_driver_init+0x0/0x15 returned 0 after 31 usecs
[   10.482491] calling  oldpiix_pci_driver_init+0x0/0x15 @ 1
[   10.490912] initcall oldpiix_pci_driver_init+0x0/0x15 returned 0 after 34 usecs
[   10.503077] calling  sch_pci_driver_init+0x0/0x15 @ 1
[   10.511742] initcall sch_pci_driver_init+0x0/0x15 returned 0 after 125 usecs
[   10.522623] calling  net_olddevs_init+0x0/0x55 @ 1
[   10.531986] initcall net_olddevs_init+0x0/0x55 returned 0 after 477 usecs
[   10.543643] calling  blackhole_netdev_init+0x0/0x78 @ 1
[   10.554601] initcall blackhole_netdev_init+0x0/0x78 returned 0 after 1939 usecs
[   10.565457] calling  phy_module_init+0x0/0x13 @ 1
[   10.574697] initcall phy_module_init+0x0/0x13 returned 0 after 1014 usecs
[   10.584708] calling  tg3_driver_init+0x0/0x15 @ 1
[   10.592566] initcall tg3_driver_init+0x0/0x15 returned 0 after 260 usecs
[   10.602076] calling  e100_init_module+0x0/0x4c @ 1
[   10.608885] e100: Intel(R) PRO/100 Network Driver
[   10.616158] e100: Copyright(c) 1999-2006 Intel Corporation
[   10.623868] initcall e100_init_module+0x0/0x4c returned 0 after 14664 usecs
[   10.633871] calling  e1000_init_module+0x0/0x72 @ 1
[   10.641203] e1000: Intel(R) PRO/1000 Network Driver
[   10.649210] e1000: Copyright (c) 1999-2006 Intel Corporation.
[   10.658275] initcall e1000_init_module+0x0/0x72 returned 0 after 16668 usecs
[   10.668666] calling  e1000_init_module+0x0/0x2d @ 1
[   10.675945] e1000e: Intel(R) PRO/1000 Network Driver
[   10.684175] e1000e: Copyright(c) 1999 - 2015 Intel Corporation.
[   10.694030] initcall e1000_init_module+0x0/0x2d returned 0 after 17734 usecs
[   10.705183] calling  sky2_init_module+0x0/0x21 @ 1
[   10.712214] sky2: driver version 1.30
[   10.718638] initcall sky2_init_module+0x0/0x21 returned 0 after 6268 usecs
[   10.728108] calling  forcedeth_pci_driver_init+0x0/0x15 @ 1
[   10.737099] initcall forcedeth_pci_driver_init+0x0/0x15 returned 0 after 55 usecs
[   10.749605] calling  rtl8139_init_module+0x0/0x15 @ 1
[   10.753295] ata1: SATA link down (SStatus 0 SControl 300)
[   10.758286] initcall rtl8139_init_module+0x0/0x15 returned 0 after 38 usecs
[   10.775543] ata2: SATA link down (SStatus 0 SControl 300)
[   10.777057] calling  rtl8169_pci_driver_init+0x0/0x15 @ 1
[   10.777092] initcall rtl8169_pci_driver_init+0x0/0x15 returned 0 after 30 usecs
[   10.777094] calling  cdrom_init+0x0/0xc @ 1
[   10.777892] initcall cdrom_init+0x0/0xc returned 0 after 775 usecs
[   10.791787] ata3: SATA link up 1.5 Gbps (SStatus 113 SControl 300)
[   10.795082] calling  nonstatic_sysfs_init+0x0/0xc @ 1
[   10.795213] initcall nonstatic_sysfs_init+0x0/0xc returned 0 after 124 usecs
[   10.795216] calling  yenta_cardbus_driver_init+0x0/0x15 @ 1
[   10.795349] initcall yenta_cardbus_driver_init+0x0/0x15 returned 0 after 127 usecs
[   10.795351] calling  mon_init+0x0/0x12d @ 1
[   10.803261] initcall mon_init+0x0/0x12d returned 0 after 7718 usecs
[   10.817246] ata5: SATA link down (SStatus 0 SControl 300)
[   10.824606] calling  ehci_hcd_init+0x0/0x56 @ 1
[   10.824656] ehci_hcd: USB 2.0 'Enhanced' Host Controller (EHCI) Driver
[   10.824659] initcall ehci_hcd_init+0x0/0x56 returned 0 after 48 usecs
[   10.824661] calling  ehci_pci_init+0x0/0x64 @ 1
[   10.824662] ehci-pci: EHCI PCI platform driver
[   10.824868] initcall ehci_pci_init+0x0/0x64 returned 0 after 199 usecs
[   10.824870] calling  ohci_hcd_mod_init+0x0/0x4e @ 1
[   10.824871] ohci_hcd: USB 1.1 'Open' Host Controller (OHCI) Driver
[   10.825151] initcall ohci_hcd_mod_init+0x0/0x4e returned 0 after 272 usecs
[   10.836227] ata3.00: ATAPI: QEMU DVD-ROM, 2.5+, max UDMA/100
[   10.842605] calling  ohci_pci_init+0x0/0x64 @ 1
[   10.852872] ata3.00: applying bridge limits
[   10.860953] ohci-pci: OHCI PCI platform driver
[   10.861117] initcall ohci_pci_init+0x0/0x64 returned 0 after 156 usecs
[   10.879765] ata4: SATA link down (SStatus 0 SControl 300)
[   10.886341] ata6: SATA link down (SStatus 0 SControl 300)
[   10.890914] calling  uhci_hcd_init+0x0/0xa8 @ 1
[   10.903239] ata3.00: configured for UDMA/100
[   10.904653] uhci_hcd: USB Universal Host Controller Interface driver
[   10.904884] initcall uhci_hcd_init+0x0/0xa8 returned 0 after 304 usecs
[   11.072457] calling  xhci_hcd_init+0x0/0x1e @ 1
[   11.082247] initcall xhci_hcd_init+0x0/0x1e returned 0 after 2193 usecs
[   11.091680] calling  xhci_pci_init+0x0/0x49 @ 1
[   11.106790] initcall xhci_pci_init+0x0/0x49 returned 0 after 8249 usecs
[   11.116416] calling  usblp_driver_init+0x0/0x15 @ 1
[   11.123864] usbcore: registered new interface driver usblp
[   11.131887] initcall usblp_driver_init+0x0/0x15 returned 0 after 8399 usecs
[   11.142737] calling  usb_storage_driver_init+0x0/0x2a @ 1
[   11.151981] usbcore: registered new interface driver usb-storage
[   11.161389] initcall usb_storage_driver_init+0x0/0x2a returned 0 after 9450 usecs
[   11.172147] calling  i8042_init+0x0/0x4c2 @ 1
[   11.186680] i8042: PNP: PS/2 Controller [PNP0303:KBD,PNP0f13:MOU] at 0x60,0x64 irq 1,12
[   11.209591] scsi 2:0:0:0: CD-ROM            QEMU     QEMU DVD-ROM     2.5+ PQ: 0 ANSI: 5
[   11.214785] serio: i8042 KBD port at 0x60,0x64 irq 1
[   11.230002] serio: i8042 AUX port at 0x60,0x64 irq 12
[   11.237909] initcall i8042_init+0x0/0x4c2 returned 0 after 57591 usecs
[   11.247419] calling  serport_init+0x0/0x2c @ 1
[   11.254662] initcall serport_init+0x0/0x2c returned 0 after 400 usecs
[   11.264532] calling  input_leds_init+0x0/0xc @ 1
[   11.271825] initcall input_leds_init+0x0/0xc returned 0 after 49 usecs
[   11.281552] calling  evdev_init+0x0/0xc @ 1
[   11.292201] initcall evdev_init+0x0/0xc returned 0 after 3209 usecs
[   11.304249] calling  atkbd_init+0x0/0x21 @ 1
[   11.312773] initcall atkbd_init+0x0/0x21 returned 0 after 147 usecs
[   11.320403] sr 2:0:0:0: [sr0] scsi3-mmc drive: 4x/4x cd/rw xa/form2 tray
[   11.325198] calling  psmouse_init+0x0/0x7f @ 1
[   11.335623] cdrom: Uniform CD-ROM driver Revision: 3.20
[   11.351033] initcall psmouse_init+0x0/0x7f returned 0 after 756 usecs
[   11.360963] calling  cmos_init+0x0/0x73 @ 1
[   11.369149] rtc_cmos 00:04: RTC can wake from S4
[   11.388895] input: AT Translated Set 2 keyboard as /devices/platform/i8042/serio0/input/input1
[   11.389981] rtc_cmos 00:04: registered as rtc0
[   11.408763] rtc_cmos 00:04: alarms up to one day, y3k, 242 bytes nvram, hpet irqs
[   11.419341] initcall cmos_init+0x0/0x73 returned 0 after 50858 usecs
[   11.428321] calling  smbalert_driver_init+0x0/0xe @ 1
[   11.435753] initcall smbalert_driver_init+0x0/0xe returned 0 after 86 usecs
[   11.446612] calling  i2c_i801_init+0x0/0xc5 @ 1
[   11.471055] i801_smbus 0000:00:1f.3: SMBus using PCI interrupt
[   11.480148] i2c i2c-0: 1/1 memory slots populated (from DMI)
[   11.488570] i2c i2c-0: Memory type 0x07 not supported yet, not instantiating SPD
[   11.499378] initcall i2c_i801_init+0x0/0xc5 returned 0 after 44269 usecs
[   11.508703] calling  ptp_kvm_init+0x0/0xf0 @ 1
[   11.516195] initcall ptp_kvm_init+0x0/0xf0 returned 0 after 1527 usecs
[   11.526042] calling  dm_init+0x0/0x3c @ 1
[   11.533805] device-mapper: ioctl: 4.43.0-ioctl (2020-10-01) initialised: dm-devel@redhat.com
[   11.541298] sr 2:0:0:0: Attached scsi CD-ROM sr0
[   11.546133] initcall dm_init+0x0/0x3c returned 0 after 13775 usecs
[   11.554283] sr 2:0:0:0: Attached scsi generic sg0 type 5
[   11.562461] calling  dm_mirror_init+0x0/0x29 @ 1
[   11.562504] initcall dm_mirror_init+0x0/0x29 returned 0 after 38 usecs
[   11.589200] calling  dm_dirty_log_init+0x0/0x4f @ 1
[   11.596753] initcall dm_dirty_log_init+0x0/0x4f returned 0 after 96 usecs
[   11.606644] calling  dm_zero_init+0x0/0x29 @ 1
[   11.613166] initcall dm_zero_init+0x0/0x29 returned 0 after 22 usecs
[   11.621889] calling  intel_pstate_init+0x0/0x510 @ 1
[   11.628453] intel_pstate: CPU model not supported
[   11.635679] initcall intel_pstate_init+0x0/0x510 returned -19 after 7068 usecs
[   11.646892] calling  haltpoll_init+0x0/0xc0 @ 1
[   11.653970] initcall haltpoll_init+0x0/0xc0 returned -19 after 30 usecs
[   11.663833] calling  efivars_sysfs_init+0x0/0x30 @ 1
[   11.671873] initcall efivars_sysfs_init+0x0/0x30 returned 0 after 51 usecs
[   11.682274] calling  esrt_sysfs_init+0x0/0x2a2 @ 1
[   11.689690] initcall esrt_sysfs_init+0x0/0x2a2 returned -38 after 35 usecs
[   11.699416] calling  hid_init+0x0/0x5c @ 1
[   11.705248] hid: raw HID events driver (C) Jiri Kosina
[   11.712839] initcall hid_init+0x0/0x5c returned 0 after 7507 usecs
[   11.721722] calling  hid_generic_init+0x0/0x15 @ 1
[   11.729076] initcall hid_generic_init+0x0/0x15 returned 0 after 69 usecs
[   11.739393] calling  a4_driver_init+0x0/0x15 @ 1
[   11.746316] initcall a4_driver_init+0x0/0x15 returned 0 after 28 usecs
[   11.756459] calling  apple_driver_init+0x0/0x15 @ 1
[   11.763997] initcall apple_driver_init+0x0/0x15 returned 0 after 59 usecs
[   11.773754] calling  belkin_driver_init+0x0/0x15 @ 1
[   11.781187] initcall belkin_driver_init+0x0/0x15 returned 0 after 44 usecs
[   11.790512] calling  ch_driver_init+0x0/0x15 @ 1
[   11.797016] initcall ch_driver_init+0x0/0x15 returned 0 after 28 usecs
[   11.805971] calling  ch_driver_init+0x0/0x15 @ 1
[   11.811999] initcall ch_driver_init+0x0/0x15 returned 0 after 22 usecs
[   11.820508] calling  cp_driver_init+0x0/0x15 @ 1
[   11.826851] initcall cp_driver_init+0x0/0x15 returned 0 after 21 usecs
[   11.836534] calling  ez_driver_init+0x0/0x15 @ 1
[   11.843443] initcall ez_driver_init+0x0/0x15 returned 0 after 111 usecs
[   11.853105] calling  gyration_driver_init+0x0/0x15 @ 1
[   11.860481] initcall gyration_driver_init+0x0/0x15 returned 0 after 20 usecs
[   11.869442] calling  ite_driver_init+0x0/0x15 @ 1
[   11.876347] initcall ite_driver_init+0x0/0x15 returned 0 after 118 usecs
[   11.885839] calling  ks_driver_init+0x0/0x15 @ 1
[   11.892769] initcall ks_driver_init+0x0/0x15 returned 0 after 17 usecs
[   11.902437] calling  lg_driver_init+0x0/0x15 @ 1
[   11.909142] initcall lg_driver_init+0x0/0x15 returned 0 after 31 usecs
[   11.917544] calling  lg_g15_driver_init+0x0/0x15 @ 1
[   11.924539] initcall lg_g15_driver_init+0x0/0x15 returned 0 after 84 usecs
[   11.934499] calling  ms_driver_init+0x0/0x15 @ 1
[   11.941107] initcall ms_driver_init+0x0/0x15 returned 0 after 25 usecs
[   11.950797] calling  mr_driver_init+0x0/0x15 @ 1
[   11.957247] initcall mr_driver_init+0x0/0x15 returned 0 after 21 usecs
[   11.966574] calling  ntrig_driver_init+0x0/0x15 @ 1
[   11.973456] initcall ntrig_driver_init+0x0/0x15 returned 0 after 149 usecs
[   11.982831] calling  pl_driver_init+0x0/0x15 @ 1
[   11.989477] initcall pl_driver_init+0x0/0x15 returned 0 after 24 usecs
[   11.998901] calling  pl_driver_init+0x0/0x15 @ 1
[   12.005705] initcall pl_driver_init+0x0/0x15 returned 0 after 31 usecs
[   12.014830] calling  redragon_driver_init+0x0/0x15 @ 1
[   12.021755] initcall redragon_driver_init+0x0/0x15 returned 0 after 22 usecs
[   12.031284] calling  samsung_driver_init+0x0/0x15 @ 1
[   12.038148] initcall samsung_driver_init+0x0/0x15 returned 0 after 21 usecs
[   12.048093] calling  sony_init+0x0/0x38 @ 1
[   12.054828] initcall sony_init+0x0/0x38 returned 0 after 22 usecs
[   12.064156] calling  sp_driver_init+0x0/0x15 @ 1
[   12.071479] initcall sp_driver_init+0x0/0x15 returned 0 after 65 usecs
[   12.081661] calling  ts_driver_init+0x0/0x15 @ 1
[   12.088441] initcall ts_driver_init+0x0/0x15 returned 0 after 19 usecs
[   12.097244] calling  hid_init+0x0/0x58 @ 1
[   12.103214] usbcore: registered new interface driver usbhid
[   12.110904] usbhid: USB HID core driver
[   12.116304] initcall hid_init+0x0/0x58 returned 0 after 12825 usecs
[   12.125024] calling  eeepc_laptop_init+0x0/0x57 @ 1
[   12.132124] initcall eeepc_laptop_init+0x0/0x57 returned -19 after 434 usecs
[   12.141464] calling  pmc_atom_init+0x0/0x27a @ 1
[   12.147855] initcall pmc_atom_init+0x0/0x27a returned -19 after 6 usecs
[   12.158509] calling  alsa_hwdep_init+0x0/0x5e @ 1
[   12.174397] initcall alsa_hwdep_init+0x0/0x5e returned 0 after 1281 usecs
[   12.193504] calling  alsa_timer_init+0x0/0x1f0 @ 1
[   12.206863] initcall alsa_timer_init+0x0/0x1f0 returned 0 after 6047 usecs
[   12.218170] calling  snd_hrtimer_init+0x0/0x117 @ 1
[   12.225211] initcall snd_hrtimer_init+0x0/0x117 returned 0 after 17 usecs
[   12.235353] calling  alsa_pcm_init+0x0/0x64 @ 1
[   12.243154] initcall alsa_pcm_init+0x0/0x64 returned 0 after 7 usecs
[   12.252063] calling  alsa_seq_init+0x0/0x4a @ 1
[   12.260862] initcall alsa_seq_init+0x0/0x4a returned 0 after 2099 usecs
[   12.270580] calling  alsa_seq_dummy_init+0x0/0x9c @ 1
[   12.277951] initcall alsa_seq_dummy_init+0x0/0x9c returned 0 after 18 usecs
[   12.288191] calling  azx_driver_init+0x0/0x15 @ 1
[   12.296566] initcall azx_driver_init+0x0/0x15 returned 0 after 1432 usecs
[   12.306195] calling  sock_diag_init+0x0/0x2a @ 1
[   12.313561] initcall sock_diag_init+0x0/0x2a returned 0 after 711 usecs
[   12.323002] calling  blackhole_init+0x0/0xc @ 1
[   12.329581] initcall blackhole_init+0x0/0xc returned 0 after 42 usecs
[   12.338624] calling  nfnetlink_init+0x0/0x57 @ 1
[   12.345221] initcall nfnetlink_init+0x0/0x57 returned 0 after 75 usecs
[   12.354367] calling  nfnetlink_log_init+0x0/0x99 @ 1
[   12.362790] initcall nfnetlink_log_init+0x0/0x99 returned 0 after 1344 usecs
[   12.373313] calling  nf_conntrack_standalone_init+0x0/0x87 @ 1
[   12.383328] initcall nf_conntrack_standalone_init+0x0/0x87 returned 0 after 1051 usecs
[   12.395294] calling  ctnetlink_init+0x0/0x83 @ 1
[   12.414586] initcall ctnetlink_init+0x0/0x83 returned 0 after 2 usecs
[   12.424031] calling  nf_conntrack_ftp_init+0x0/0x12c @ 1
[   12.432677] initcall nf_conntrack_ftp_init+0x0/0x12c returned 0 after 64 usecs
[   12.444487] calling  nf_conntrack_irc_init+0x0/0x129 @ 1
[   12.452443] initcall nf_conntrack_irc_init+0x0/0x129 returned 0 after 70 usecs
[   12.466777] calling  nf_conntrack_sip_init+0x0/0x172 @ 1
[   12.474319] initcall nf_conntrack_sip_init+0x0/0x172 returned 0 after 9 usecs
[   12.485227] calling  nf_nat_init+0x0/0xd2 @ 1
[   12.507813] initcall nf_nat_init+0x0/0xd2 returned 0 after 353 usecs
[   12.517294] calling  nf_nat_ftp_init+0x0/0x2a @ 1
[   12.524718] initcall nf_nat_ftp_init+0x0/0x2a returned 0 after 1 usecs
[   12.534987] calling  nf_nat_irc_init+0x0/0x2a @ 1
[   12.542121] initcall nf_nat_irc_init+0x0/0x2a returned 0 after 1 usecs
[   12.556508] calling  nf_nat_sip_init+0x0/0x36 @ 1
[   12.563667] initcall nf_nat_sip_init+0x0/0x36 returned 0 after 1 usecs
[   12.574321] calling  xt_init+0x0/0xf8 @ 1
[   12.580008] initcall xt_init+0x0/0xf8 returned 0 after 43 usecs
[   12.587007] srcu-torture: rcu_torture_read_exit: End of episode
[   12.595529] calling  tcpudp_mt_init+0x0/0x11 @ 1
[   12.595617] initcall tcpudp_mt_init+0x0/0x11 returned 0 after 63 usecs
[   12.595620] calling  connsecmark_tg_init+0x0/0xc @ 1
[   12.595623] initcall connsecmark_tg_init+0x0/0xc returned 0 after 0 usecs
[   12.595625] calling  nflog_tg_init+0x0/0xc @ 1
[   12.595627] initcall nflog_tg_init+0x0/0xc returned 0 after 0 usecs
[   12.595629] calling  secmark_tg_init+0x0/0x11 @ 1
[   12.595631] initcall secmark_tg_init+0x0/0x11 returned 0 after 0 usecs
[   12.595633] calling  tcpmss_tg_init+0x0/0x11 @ 1
[   12.595635] initcall tcpmss_tg_init+0x0/0x11 returned 0 after 0 usecs
[   12.595637] calling  conntrack_mt_init+0x0/0x11 @ 1
[   12.595639] initcall conntrack_mt_init+0x0/0x11 returned 0 after 0 usecs
[   12.595641] calling  policy_mt_init+0x0/0x11 @ 1
[   12.595643] initcall policy_mt_init+0x0/0x11 returned 0 after 0 usecs
[   12.595645] calling  state_mt_init+0x0/0xc @ 1
[   12.595647] initcall state_mt_init+0x0/0xc returned 0 after 0 usecs
[   12.595649] calling  gre_offload_init+0x0/0x48 @ 1
[   12.595776] initcall gre_offload_init+0x0/0x48 returned 0 after 121 usecs
[   12.747413] calling  sysctl_ipv4_init+0x0/0x46 @ 1
[   12.754466] initcall sysctl_ipv4_init+0x0/0x46 returned 0 after 317 usecs
