c[?7l[2J[0mSeaBIOS (version 1.16.0-debian-1.16.0-4)
Booting from ROM...
early console in setup code
c[?7l[2J[    0.000000] Linux version 5.10.155+ (root@joelboxx.c.googlers.com) (gcc (Debian 12.2.0-3) 12.2.0, GNU ld (GNU Binutils for Debian) 2.39) #9 SMP Tue Dec 13 05:28:14 UTC 2022
[    0.000000] Command line: selinux=0 initcall_debug debug console=ttyS0 rcutorture.torture_type=tasks-tracing rcutorture.onoff_interval=1000 rcutorture.onoff_holdoff=30 rcutorture.n_barrier_cbs=4 rcutorture.stat_interval=15 rcutorture.shutdown_secs=1800 rcutorture.test_no_idle_hz=1 rcutorture.verbose=1
[    0.000000] x86/fpu: x87 FPU will use FXSAVE
[    0.000000] BIOS-provided physical RAM map:
[    0.000000] BIOS-e820: [mem 0x0000000000000000-0x000000000009fbff] usable
[    0.000000] BIOS-e820: [mem 0x000000000009fc00-0x000000000009ffff] reserved
[    0.000000] BIOS-e820: [mem 0x00000000000f0000-0x00000000000fffff] reserved
[    0.000000] BIOS-e820: [mem 0x0000000000100000-0x000000001ffdefff] usable
[    0.000000] BIOS-e820: [mem 0x000000001ffdf000-0x000000001fffffff] reserved
[    0.000000] BIOS-e820: [mem 0x00000000b0000000-0x00000000bfffffff] reserved
[    0.000000] BIOS-e820: [mem 0x00000000fed1c000-0x00000000fed1ffff] reserved
[    0.000000] BIOS-e820: [mem 0x00000000feffc000-0x00000000feffffff] reserved
[    0.000000] BIOS-e820: [mem 0x00000000fffc0000-0x00000000ffffffff] reserved
[    0.000000] NX (Execute Disable) protection: active
[    0.000000] SMBIOS 2.8 present.
[    0.000000] DMI: QEMU Standard PC (Q35 + ICH9, 2009), BIOS 1.16.0-debian-1.16.0-4 04/01/2014
[    0.000000] Hypervisor detected: KVM
[    0.000000] kvm-clock: Using msrs 4b564d01 and 4b564d00
[    0.000000] kvm-clock: cpu 0, msr 1cd25001, primary cpu clock
[    0.000028] kvm-clock: using sched offset of 2331080220 cycles
[    0.000196] clocksource: kvm-clock: mask: 0xffffffffffffffff max_cycles: 0x1cd42e4dffb, max_idle_ns: 881590591483 ns
[    0.000315] tsc: Detected 1999.999 MHz processor
[    0.006478] e820: update [mem 0x00000000-0x00000fff] usable ==> reserved
[    0.006489] e820: remove [mem 0x000a0000-0x000fffff] usable
[    0.006500] last_pfn = 0x1ffdf max_arch_pfn = 0x400000000
[    0.007537] MTRR default type: write-back
[    0.007580] MTRR fixed ranges enabled:
[    0.007584]   00000-9FFFF write-back
[    0.007588]   A0000-BFFFF uncachable
[    0.007591]   C0000-FFFFF write-protect
[    0.007594] MTRR variable ranges enabled:
[    0.007598]   0 base 00C0000000 mask FFC0000000 uncachable
[    0.007601]   1 disabled
[    0.007604]   2 disabled
[    0.007607]   3 disabled
[    0.007609]   4 disabled
[    0.007612]   5 disabled
[    0.007615]   6 disabled
[    0.007617]   7 disabled
[    0.007997] x86/PAT: Configuration [0-7]: WB  WC  UC- UC  WB  WC  UC- UC  
[    0.017425] found SMP MP-table at [mem 0x000f5ba0-0x000f5baf]
[    0.019093] check: Scanning 1 areas for low memory corruption
[    0.032526] ACPI: Early table checksum verification disabled
[    0.034090] ACPI: RSDP 0x00000000000F59E0 000014 (v00 BOCHS )
[    0.034412] ACPI: RSDT 0x000000001FFE23B1 000038 (v01 BOCHS  BXPC     00000001 BXPC 00000001)
[    0.034649] ACPI: FACP 0x000000001FFE2191 0000F4 (v03 BOCHS  BXPC     00000001 BXPC 00000001)
[    0.034703] ACPI: DSDT 0x000000001FFE0040 002151 (v01 BOCHS  BXPC     00000001 BXPC 00000001)
[    0.034712] ACPI: FACS 0x000000001FFE0000 000040
[    0.034719] ACPI: APIC 0x000000001FFE2285 000090 (v01 BOCHS  BXPC     00000001 BXPC 00000001)
[    0.034762] ACPI: HPET 0x000000001FFE2315 000038 (v01 BOCHS  BXPC     00000001 BXPC 00000001)
[    0.034769] ACPI: MCFG 0x000000001FFE234D 00003C (v01 BOCHS  BXPC     00000001 BXPC 00000001)
[    0.034776] ACPI: WAET 0x000000001FFE2389 000028 (v01 BOCHS  BXPC     00000001 BXPC 00000001)
[    0.034782] ACPI: Reserving FACP table memory at [mem 0x1ffe2191-0x1ffe2284]
[    0.034785] ACPI: Reserving DSDT table memory at [mem 0x1ffe0040-0x1ffe2190]
[    0.034788] ACPI: Reserving FACS table memory at [mem 0x1ffe0000-0x1ffe003f]
[    0.034790] ACPI: Reserving APIC table memory at [mem 0x1ffe2285-0x1ffe2314]
[    0.034793] ACPI: Reserving HPET table memory at [mem 0x1ffe2315-0x1ffe234c]
[    0.034795] ACPI: Reserving MCFG table memory at [mem 0x1ffe234d-0x1ffe2388]
[    0.034797] ACPI: Reserving WAET table memory at [mem 0x1ffe2389-0x1ffe23b0]
[    0.035592] ACPI: Local APIC address 0xfee00000
[    0.039847] No NUMA configuration found
[    0.039853] Faking a node at [mem 0x0000000000000000-0x000000001ffdefff]
[    0.039929] NODE_DATA(0) allocated [mem 0x1ffdb000-0x1ffdefff]
[    0.040463] Zone ranges:
[    0.040555]   DMA      [mem 0x0000000000001000-0x0000000000ffffff]
[    0.040598]   DMA32    [mem 0x0000000001000000-0x000000001ffdefff]
[    0.040602]   Normal   empty
[    0.040605] Movable zone start for each node
[    0.040642] Early memory node ranges
[    0.040645]   node   0: [mem 0x0000000000001000-0x000000000009efff]
[    0.040660]   node   0: [mem 0x0000000000100000-0x000000001ffdefff]
[    0.040721] Initmem setup node 0 [mem 0x0000000000001000-0x000000001ffdefff]
[    0.040744] On node 0 totalpages: 130941
[    0.040811]   DMA zone: 64 pages used for memmap
[    0.040813]   DMA zone: 21 pages reserved
[    0.040816]   DMA zone: 3998 pages, LIFO batch:0
[    0.040818]   DMA32 zone: 1984 pages used for memmap
[    0.040821]   DMA32 zone: 126943 pages, LIFO batch:31
[    0.042769] On node 0, zone DMA: 1 pages in unavailable ranges
[    0.044239] On node 0, zone DMA: 97 pages in unavailable ranges
[    0.123332] On node 0, zone DMA32: 33 pages in unavailable ranges
[    0.127114] ACPI: PM-Timer IO Port: 0x608
[    0.127121] ACPI: Local APIC address 0xfee00000
[    0.127328] ACPI: LAPIC_NMI (acpi_id[0xff] dfl dfl lint[0x1])
[    0.128312] IOAPIC[0]: apic_id 0, version 17, address 0xfec00000, GSI 0-23
[    0.128401] ACPI: INT_SRC_OVR (bus 0 bus_irq 0 global_irq 2 dfl dfl)
[    0.128429] ACPI: INT_SRC_OVR (bus 0 bus_irq 5 global_irq 5 high level)
[    0.128432] ACPI: INT_SRC_OVR (bus 0 bus_irq 9 global_irq 9 high level)
[    0.128482] ACPI: INT_SRC_OVR (bus 0 bus_irq 10 global_irq 10 high level)
[    0.128499] ACPI: INT_SRC_OVR (bus 0 bus_irq 11 global_irq 11 high level)
[    0.128503] ACPI: IRQ0 used by override.
[    0.128506] ACPI: IRQ5 used by override.
[    0.128508] ACPI: IRQ9 used by override.
[    0.128516] ACPI: IRQ10 used by override.
[    0.128518] ACPI: IRQ11 used by override.
[    0.128558] Using ACPI (MADT) for SMP configuration information
[    0.128563] ACPI: HPET id: 0x8086a201 base: 0xfed00000
[    0.128908] smpboot: Allowing 4 CPUs, 0 hotplug CPUs
[    0.129645] PM: hibernation: Registered nosave memory: [mem 0x00000000-0x00000fff]
[    0.129649] PM: hibernation: Registered nosave memory: [mem 0x0009f000-0x0009ffff]
[    0.129652] PM: hibernation: Registered nosave memory: [mem 0x000a0000-0x000effff]
[    0.129654] PM: hibernation: Registered nosave memory: [mem 0x000f0000-0x000fffff]
[    0.129681] [mem 0x20000000-0xafffffff] available for PCI devices
[    0.129726] Booting paravirtualized kernel on KVM
[    0.129935] clocksource: refined-jiffies: mask: 0xffffffff max_cycles: 0xffffffff, max_idle_ns: 1910969940391419 ns
[    0.150712] setup_percpu: NR_CPUS:4 nr_cpumask_bits:4 nr_cpu_ids:4 nr_node_ids:1
[    0.179910] percpu: Embedded 58 pages/cpu s198480 r8192 d30896 u524288
[    0.179932] pcpu-alloc: s198480 r8192 d30896 u524288 alloc=1*2097152
[    0.179946] pcpu-alloc: [0] 0 1 2 3 
[    0.180133] kvm-guest: stealtime: cpu 0, msr 1f41bb40
[    0.181363] Built 1 zonelists, mobility grouping on.  Total pages: 128872
[    0.181368] Policy zone: DMA32
[    0.181392] Kernel command line: selinux=0 initcall_debug debug console=ttyS0 rcutorture.torture_type=tasks-tracing rcutorture.onoff_interval=1000 rcutorture.onoff_holdoff=30 rcutorture.n_barrier_cbs=4 rcutorture.stat_interval=15 rcutorture.shutdown_secs=1800 rcutorture.test_no_idle_hz=1 rcutorture.verbose=1
[    0.184226] Dentry cache hash table entries: 65536 (order: 7, 524288 bytes, linear)
[    0.184302] Inode-cache hash table entries: 32768 (order: 6, 262144 bytes, linear)
[    0.184708] mem auto-init: stack:all(zero), heap alloc:off, heap free:off
[    0.202178] Memory: 466312K/523764K available (16398K kernel code, 2805K rwdata, 4840K rodata, 1520K init, 13284K bss, 57192K reserved, 0K cma-reserved)
[    0.202707] SLUB: HWalign=64, Order=0-3, MinObjects=0, CPUs=4, Nodes=1
[    0.203047] Kernel/User page tables isolation: enabled
[    0.207200] Running RCU self tests
[    0.207392] rcu: Hierarchical RCU implementation.
[    0.207395] rcu: 	RCU event tracing is enabled.
[    0.207397] rcu: 	RCU lockdep checking is enabled.
[    0.207417] 	Trampoline variant of Tasks RCU enabled.
[    0.207420] 	Rude variant of Tasks RCU enabled.
[    0.207422] 	Tracing variant of Tasks RCU enabled.
[    0.207518] rcu: RCU calculated value of scheduler-enlistment delay is 100 jiffies.
[    0.215203] NR_IRQS: 4352, nr_irqs: 456, preallocated irqs: 16
[    0.217687] calling  con_init+0x0/0x24f @ 0
[    0.306218] Console: colour VGA+ 80x25
[    0.306282] initcall con_init+0x0/0x24f returned 0 after 0 usecs
[    0.306287] calling  hvc_console_init+0x0/0x13 @ 0
[    0.306298] initcall hvc_console_init+0x0/0x13 returned 0 after 0 usecs
[    0.306302] calling  univ8250_console_init+0x0/0x26 @ 0
[    1.250594] printk: console [ttyS0] enabled
[    1.256352] initcall univ8250_console_init+0x0/0x26 returned 0 after 0 usecs
[    1.265591] Lock dependency validator: Copyright (c) 2006 Red Hat, Inc., Ingo Molnar
[    1.274154] ... MAX_LOCKDEP_SUBCLASSES:  8
[    1.278775] ... MAX_LOCK_DEPTH:          48
[    1.283457] ... MAX_LOCKDEP_KEYS:        8192
[    1.288293] ... CLASSHASH_SIZE:          4096
[    1.293508] ... MAX_LOCKDEP_ENTRIES:     32768
[    1.298441] ... MAX_LOCKDEP_CHAINS:      65536
[    1.303347] ... CHAINHASH_SIZE:          32768
[    1.308424]  memory used by lock dependency info: 6365 kB
[    1.314513]  memory used for stack traces: 4224 kB
[    1.319850]  per task-struct memory footprint: 1920 bytes
[    1.331764] ACPI: Core revision 20200925
[    1.342660] clocksource: hpet: mask: 0xffffffff max_cycles: 0xffffffff, max_idle_ns: 19112604467 ns
[    1.356720] APIC: Switch to symmetric I/O mode setup
[    1.378945] ..TIMER: vector=0x30 apic1=0 pin1=2 apic2=-1 pin2=-1
[    1.386199] clocksource: tsc-early: mask: 0xffffffffffffffff max_cycles: 0x39a85afc727, max_idle_ns: 881590685098 ns
[    1.398392] Calibrating delay loop (skipped) preset value.. 3999.99 BogoMIPS (lpj=1999999)
[    1.400060] pid_max: default: 32768 minimum: 301
[    1.402642] LSM: Security Framework initializing
[    1.404294] Mount-cache hash table entries: 1024 (order: 1, 8192 bytes, linear)
[    1.405060] Mountpoint-cache hash table entries: 1024 (order: 1, 8192 bytes, linear)
[    1.417632] Last level iTLB entries: 4KB 0, 2MB 0, 4MB 0
[    1.418035] Last level dTLB entries: 4KB 0, 2MB 0, 4MB 0, 1GB 0
[    1.419107] Spectre V1 : Mitigation: usercopy/swapgs barriers and __user pointer sanitization
[    1.420036] Spectre V2 : Mitigation: Retpolines
[    1.421034] Spectre V2 : Spectre v2 / SpectreRSB mitigation: Filling RSB on context switch
[    1.422034] Spectre V2 : Spectre v2 / SpectreRSB : Filling RSB on VMEXIT
[    1.423034] Speculative Store Bypass: Vulnerable
[    1.424099] MDS: Vulnerable: Clear CPU buffers attempted, no microcode
[    1.425034] MMIO Stale Data: Unknown: No mitigations
[    1.483494] Freeing SMP alternatives memory: 40K
[    1.590028] smpboot: CPU0: Intel Common KVM processor (family: 0xf, model: 0x6, stepping: 0x1)
[    1.592362] calling  init_hw_perf_events+0x0/0x6ce @ 1
[    1.593051] Performance Events: unsupported Netburst CPU model 6 no PMU driver, software events only.
[    1.594044] initcall init_hw_perf_events+0x0/0x6ce returned 0 after 976 usecs
[    1.595042] calling  init_real_mode+0x0/0x1e9 @ 1
[    1.597493] initcall init_real_mode+0x0/0x1e9 returned 0 after 0 usecs
[    1.598041] calling  trace_init_perf_perm_irq_work_exit+0x0/0x12 @ 1
[    1.599069] initcall trace_init_perf_perm_irq_work_exit+0x0/0x12 returned 0 after 0 usecs
[    1.600053] calling  validate_x2apic+0x0/0x4a @ 1
[    1.601067] initcall validate_x2apic+0x0/0x4a returned 0 after 0 usecs
[    1.602040] calling  register_nmi_cpu_backtrace_handler+0x0/0x15 @ 1
[    1.603058] initcall register_nmi_cpu_backtrace_handler+0x0/0x15 returned 0 after 0 usecs
[    1.604038] calling  kvm_setup_vsyscall_timeinfo+0x0/0xd1 @ 1
[    1.605056] initcall kvm_setup_vsyscall_timeinfo+0x0/0xd1 returned 0 after 0 usecs
[    1.606069] calling  spawn_ksoftirqd+0x0/0x38 @ 1
[    1.607367] initcall spawn_ksoftirqd+0x0/0x38 returned 0 after 0 usecs
[    1.608041] calling  migration_init+0x0/0x33 @ 1
[    1.609046] initcall migration_init+0x0/0x33 returned 0 after 0 usecs
[    1.610044] calling  srcu_bootup_announce+0x0/0x2f @ 1
[    1.611036] rcu: Hierarchical SRCU implementation.
[    1.612054] initcall srcu_bootup_announce+0x0/0x2f returned 0 after 976 usecs
[    1.613054] calling  rcu_spawn_gp_kthread+0x0/0x1b0 @ 1
[    1.614184] initcall rcu_spawn_gp_kthread+0x0/0x1b0 returned 0 after 0 usecs
[    1.615038] calling  check_cpu_stall_init+0x0/0x1a @ 1
[    1.616039] initcall check_cpu_stall_init+0x0/0x1a returned 0 after 0 usecs
[    1.617038] calling  rcu_sysrq_init+0x0/0x21 @ 1
[    1.618039] initcall rcu_sysrq_init+0x0/0x21 returned 0 after 0 usecs
[    1.619042] calling  trace_init_flags_sys_enter+0x0/0xe @ 1
[    1.620042] initcall trace_init_flags_sys_enter+0x0/0xe returned 0 after 0 usecs
[    1.621042] calling  trace_init_flags_sys_exit+0x0/0xe @ 1
[    1.622043] initcall trace_init_flags_sys_exit+0x0/0xe returned 0 after 0 usecs
[    1.623041] calling  cpu_stop_init+0x0/0x8d @ 1
[    1.624280] initcall cpu_stop_init+0x0/0x8d returned 0 after 0 usecs
[    1.626178] calling  init_kprobes+0x0/0x16e @ 1
[    1.628944] initcall init_kprobes+0x0/0x16e returned 0 after 976 usecs
[    1.629041] calling  init_events+0x0/0x3d @ 1
[    1.630475] initcall init_events+0x0/0x3d returned 0 after 0 usecs
[    1.631038] calling  init_trace_printk+0x0/0xc @ 1
[    1.632039] initcall init_trace_printk+0x0/0xc returned 0 after 0 usecs
[    1.633038] calling  event_trace_enable_again+0x0/0x23 @ 1
[    1.634040] initcall event_trace_enable_again+0x0/0x23 returned 0 after 0 usecs
[    1.635038] calling  static_call_init+0x0/0x79 @ 1
[    1.636037] initcall static_call_init+0x0/0x79 returned 0 after 0 usecs
[    1.637038] calling  jump_label_init_module+0x0/0xc @ 1
[    1.638039] initcall jump_label_init_module+0x0/0xc returned 0 after 0 usecs
[    1.639038] calling  init_zero_pfn+0x0/0x37 @ 1
[    1.640038] initcall init_zero_pfn+0x0/0x37 returned 0 after 0 usecs
[    1.641038] calling  initialize_ptr_random+0x0/0x54 @ 1
[    1.642205] initcall initialize_ptr_random+0x0/0x54 returned 0 after 0 usecs
[    1.643075] calling  efi_memreserve_root_init+0x0/0x25 @ 1
[    1.644063] initcall efi_memreserve_root_init+0x0/0x25 returned 0 after 0 usecs
[    1.645039] calling  efi_earlycon_remap_fb+0x0/0x51 @ 1
[    1.646041] initcall efi_earlycon_remap_fb+0x0/0x51 returned 0 after 0 usecs
[    1.647901] smp: Bringing up secondary CPUs ...
[    1.650862] x86: Booting SMP configuration:
[    1.651037] .... node  #0, CPUs:      #1
[    1.177633] kvm-clock: cpu 1, msr 1cd25041, secondary cpu clock
[    1.678031] kvm-guest: stealtime: cpu 1, msr 1f49bb40
[    1.697056]  #2
[    1.177633] kvm-clock: cpu 2, msr 1cd25081, secondary cpu clock
[    1.720253] kvm-guest: stealtime: cpu 2, msr 1f51bb40
[    1.742044]  #3
[    1.177633] kvm-clock: cpu 3, msr 1cd250c1, secondary cpu clock
[    1.766235] kvm-guest: stealtime: cpu 3, msr 1f59bb40
[    1.780654] smp: Brought up 1 node, 4 CPUs
[    1.781045] smpboot: Max logical packages: 1
[    1.782036] smpboot: Total of 4 processors activated (15999.99 BogoMIPS)
[    1.805193] devtmpfs: initialized
[    1.809024] calling  ipc_ns_init+0x0/0x3d @ 1
[    1.810137] initcall ipc_ns_init+0x0/0x3d returned 0 after 0 usecs
[    1.811045] calling  init_mmap_min_addr+0x0/0x21 @ 1
[    1.812039] initcall init_mmap_min_addr+0x0/0x21 returned 0 after 0 usecs
[    1.813040] calling  pci_realloc_setup_params+0x0/0x3f @ 1
[    1.814040] initcall pci_realloc_setup_params+0x0/0x3f returned 0 after 0 usecs
[    1.815039] calling  net_ns_init+0x0/0x12a @ 1
[    1.817457] initcall net_ns_init+0x0/0x12a returned 0 after 976 usecs
[    1.818056] calling  e820__register_nvs_regions+0x0/0x37 @ 1
[    1.820040] initcall e820__register_nvs_regions+0x0/0x37 returned 0 after 0 usecs
[    1.821039] calling  cpufreq_register_tsc_scaling+0x0/0x2e @ 1
[    1.822040] initcall cpufreq_register_tsc_scaling+0x0/0x2e returned 0 after 0 usecs
[    1.823040] calling  reboot_init+0x0/0x3c @ 1
[    1.825038] initcall reboot_init+0x0/0x3c returned 0 after 976 usecs
[    1.826042] calling  init_lapic_sysfs+0x0/0x20 @ 1
[    1.827057] initcall init_lapic_sysfs+0x0/0x20 returned 0 after 0 usecs
[    1.828043] calling  alloc_frozen_cpus+0x0/0x7 @ 1
[    1.829041] initcall alloc_frozen_cpus+0x0/0x7 returned 0 after 0 usecs
[    1.830039] calling  cpu_hotplug_pm_sync_init+0x0/0x13 @ 1
[    1.831061] initcall cpu_hotplug_pm_sync_init+0x0/0x13 returned 0 after 0 usecs
[    1.832038] calling  wq_sysfs_init+0x0/0x2a @ 1
[    1.833168] initcall wq_sysfs_init+0x0/0x2a returned 0 after 0 usecs
[    1.834038] calling  ksysfs_init+0x0/0x92 @ 1
[    1.835081] initcall ksysfs_init+0x0/0x92 returned 0 after 0 usecs
[    1.836038] calling  schedutil_gov_init+0x0/0xc @ 1
[    1.837163] initcall schedutil_gov_init+0x0/0xc returned 0 after 0 usecs
[    1.838038] calling  pm_init+0x0/0x76 @ 1
[    1.840109] initcall pm_init+0x0/0x76 returned 0 after 976 usecs
[    1.841038] calling  pm_disk_init+0x0/0x13 @ 1
[    1.843059] initcall pm_disk_init+0x0/0x13 returned 0 after 976 usecs
[    1.844038] calling  swsusp_header_init+0x0/0x2b @ 1
[    1.845041] initcall swsusp_header_init+0x0/0x2b returned 0 after 0 usecs
[    1.846038] calling  rcu_set_runtime_mode+0x0/0x2a @ 1
[    1.849078] initcall rcu_set_runtime_mode+0x0/0x2a returned 0 after 1953 usecs
[    1.850039] calling  init_jiffies_clocksource+0x0/0x13 @ 1
[    1.851037] clocksource: jiffies: mask: 0xffffffff max_cycles: 0xffffffff, max_idle_ns: 1911260446275000 ns
[    1.852040] initcall init_jiffies_clocksource+0x0/0x13 returned 0 after 976 usecs
[    1.853037] calling  futex_init+0x0/0x11b @ 1
[    1.854070] futex hash table entries: 1024 (order: 5, 131072 bytes, linear)
[    1.856318] initcall futex_init+0x0/0x11b returned 0 after 1953 usecs
[    1.857041] calling  cgroup_wq_init+0x0/0x28 @ 1
[    1.858055] initcall cgroup_wq_init+0x0/0x28 returned 0 after 0 usecs
[    1.859035] calling  cgroup1_wq_init+0x0/0x28 @ 1
[    1.861039] initcall cgroup1_wq_init+0x0/0x28 returned 0 after 976 usecs
[    1.862038] calling  init_kprobe_trace_early+0x0/0x2a @ 1
[    1.864036] initcall init_kprobe_trace_early+0x0/0x2a returned 0 after 976 usecs
[    1.865052] calling  fsnotify_init+0x0/0x56 @ 1
[    1.866069] initcall fsnotify_init+0x0/0x56 returned 0 after 0 usecs
[    1.867036] calling  filelock_init+0x0/0xb3 @ 1
[    1.868071] initcall filelock_init+0x0/0xb3 returned 0 after 0 usecs
[    1.869036] calling  init_misc_binfmt+0x0/0x2c @ 1
[    1.871086] initcall init_misc_binfmt+0x0/0x2c returned 0 after 976 usecs
[    1.872036] calling  init_script_binfmt+0x0/0x15 @ 1
[    1.873039] initcall init_script_binfmt+0x0/0x15 returned 0 after 0 usecs
[    1.874042] calling  init_elf_binfmt+0x0/0x15 @ 1
[    1.875037] initcall init_elf_binfmt+0x0/0x15 returned 0 after 0 usecs
[    1.876035] calling  init_compat_elf_binfmt+0x0/0x15 @ 1
[    1.877037] initcall init_compat_elf_binfmt+0x0/0x15 returned 0 after 0 usecs
[    1.878037] calling  debugfs_init+0x0/0x5c @ 1
[    1.879046] initcall debugfs_init+0x0/0x5c returned 0 after 0 usecs
[    1.880037] calling  tracefs_init+0x0/0x3a @ 1
[    1.881051] initcall tracefs_init+0x0/0x3a returned 0 after 0 usecs
[    1.882039] calling  prandom_init_early+0x0/0x15d @ 1
[    1.883039] initcall prandom_init_early+0x0/0x15d returned 0 after 0 usecs
[    1.884074] calling  virtio_init+0x0/0x20 @ 1
[    1.885149] initcall virtio_init+0x0/0x20 returned 0 after 0 usecs
[    1.886039] calling  iommu_init+0x0/0x2a @ 1
[    1.887129] initcall iommu_init+0x0/0x2a returned 0 after 0 usecs
[    1.889037] calling  component_debug_init+0x0/0x1c @ 1
[    1.890454] initcall component_debug_init+0x0/0x1c returned 0 after 0 usecs
[    1.891038] calling  early_resume_init+0x0/0xb9 @ 1
[    1.893034] PM: RTC time: 05:41:52, date: 2022-12-13
[    1.894075] initcall early_resume_init+0x0/0xb9 returned 0 after 1953 usecs
[    1.895038] calling  cpufreq_core_init+0x0/0x62 @ 1
[    1.896048] initcall cpufreq_core_init+0x0/0x62 returned 0 after 0 usecs
[    1.897038] calling  cpufreq_gov_performance_init+0x0/0xc @ 1
[    1.898042] initcall cpufreq_gov_performance_init+0x0/0xc returned 0 after 0 usecs
[    1.899038] calling  cpufreq_gov_userspace_init+0x0/0xc @ 1
[    1.900057] initcall cpufreq_gov_userspace_init+0x0/0xc returned 0 after 0 usecs
[    1.901037] calling  CPU_FREQ_GOV_ONDEMAND_init+0x0/0xc @ 1
[    1.902038] initcall CPU_FREQ_GOV_ONDEMAND_init+0x0/0xc returned 0 after 0 usecs
[    1.903038] calling  cpuidle_init+0x0/0x1f @ 1
[    1.904073] initcall cpuidle_init+0x0/0x1f returned 0 after 0 usecs
[    1.905079] calling  capsule_reboot_register+0x0/0xc @ 1
[    1.906067] initcall capsule_reboot_register+0x0/0xc returned 0 after 0 usecs
[    1.907037] calling  sock_init+0x0/0x93 @ 1
[    1.909865] initcall sock_init+0x0/0x93 returned 0 after 976 usecs
[    1.910037] calling  net_inuse_init+0x0/0x23 @ 1
[    1.911079] initcall net_inuse_init+0x0/0x23 returned 0 after 0 usecs
[    1.912039] calling  net_defaults_init+0x0/0x23 @ 1
[    1.913040] initcall net_defaults_init+0x0/0x23 returned 0 after 0 usecs
[    1.914036] calling  init_default_flow_dissectors+0x0/0x4f @ 1
[    1.915072] initcall init_default_flow_dissectors+0x0/0x4f returned 0 after 0 usecs
[    1.916053] calling  netpoll_init+0x0/0x44 @ 1
[    1.917050] initcall netpoll_init+0x0/0x44 returned 0 after 0 usecs
[    1.918036] calling  netlink_proto_init+0x0/0x154 @ 1
[    1.919435] NET: Registered protocol family 16
[    1.921047] initcall netlink_proto_init+0x0/0x154 returned 0 after 1953 usecs
[    1.922036] calling  genl_init+0x0/0x35 @ 1
[    1.923136] initcall genl_init+0x0/0x35 returned 0 after 0 usecs
[    1.924060] calling  bsp_pm_check_init+0x0/0x13 @ 1
[    1.925039] initcall bsp_pm_check_init+0x0/0x13 returned 0 after 0 usecs
[    1.926057] calling  irq_sysfs_init+0x0/0xb9 @ 1
[    1.927449] initcall irq_sysfs_init+0x0/0xb9 returned 0 after 0 usecs
[    1.928041] calling  audit_init+0x0/0x127 @ 1
[    1.929043] audit: initializing netlink subsys (disabled)
[    1.931198] audit: type=2000 audit(1670910110.754:1): state=initialized audit_enabled=0 res=1
[    1.932049] initcall audit_init+0x0/0x127 returned 0 after 2929 usecs
[    1.934039] calling  release_early_probes+0x0/0x32 @ 1
[    1.935038] initcall release_early_probes+0x0/0x32 returned 0 after 0 usecs
[    1.936042] calling  bdi_class_init+0x0/0x48 @ 1
[    1.937079] initcall bdi_class_init+0x0/0x48 returned 0 after 0 usecs
[    1.938040] calling  mm_sysfs_init+0x0/0x28 @ 1
[    1.939056] initcall mm_sysfs_init+0x0/0x28 returned 0 after 0 usecs
[    1.940059] calling  init_per_zone_wmark_min+0x0/0x6d @ 1
[    1.941092] initcall init_per_zone_wmark_min+0x0/0x6d returned 0 after 0 usecs
[    1.942043] calling  mpi_init+0x0/0x3e @ 1
[    1.943073] initcall mpi_init+0x0/0x3e returned 0 after 0 usecs
[    1.944054] calling  kobject_uevent_init+0x0/0xc @ 1
[    1.945088] initcall kobject_uevent_init+0x0/0xc returned 0 after 0 usecs
[    1.946044] calling  pcibus_class_init+0x0/0x13 @ 1
[    1.947141] initcall pcibus_class_init+0x0/0x13 returned 0 after 0 usecs
[    1.948041] calling  pci_driver_init+0x0/0x21 @ 1
[    1.949084] initcall pci_driver_init+0x0/0x21 returned 0 after 0 usecs
[    1.950037] calling  backlight_class_init+0x0/0xa8 @ 1
[    1.951067] initcall backlight_class_init+0x0/0xa8 returned 0 after 0 usecs
[    1.952040] calling  tty_class_init+0x0/0x33 @ 1
[    1.953055] initcall tty_class_init+0x0/0x33 returned 0 after 0 usecs
[    1.954039] calling  vtconsole_class_init+0x0/0xb5 @ 1
[    1.956266] initcall vtconsole_class_init+0x0/0xb5 returned 0 after 976 usecs
[    1.957044] calling  iommu_dev_init+0x0/0x13 @ 1
[    1.958407] initcall iommu_dev_init+0x0/0x13 returned 0 after 0 usecs
[    1.959045] calling  mipi_dsi_bus_init+0x0/0xc @ 1
[    1.960120] initcall mipi_dsi_bus_init+0x0/0xc returned 0 after 0 usecs
[    1.961041] calling  devlink_class_init+0x0/0x40 @ 1
[    1.963037] initcall devlink_class_init+0x0/0x40 returned 0 after 976 usecs
[    1.964038] calling  software_node_init+0x0/0x2a @ 1
[    1.965045] initcall software_node_init+0x0/0x2a returned 0 after 0 usecs
[    1.966041] calling  wakeup_sources_debugfs_init+0x0/0x23 @ 1
[    1.967076] initcall wakeup_sources_debugfs_init+0x0/0x23 returned 0 after 0 usecs
[    1.968038] calling  wakeup_sources_sysfs_init+0x0/0x2c @ 1
[    1.969057] initcall wakeup_sources_sysfs_init+0x0/0x2c returned 0 after 0 usecs
[    1.970038] calling  register_node_type+0x0/0x13 @ 1
[    1.971330] initcall register_node_type+0x0/0x13 returned 0 after 0 usecs
[    1.972037] calling  regmap_initcall+0x0/0xc @ 1
[    1.973148] initcall regmap_initcall+0x0/0xc returned 0 after 0 usecs
[    1.974038] calling  i2c_init+0x0/0xb3 @ 1
[    1.975254] initcall i2c_init+0x0/0xb3 returned 0 after 0 usecs
[    1.976039] calling  thermal_init+0x0/0x116 @ 1
[    1.977169] thermal_sys: Registered thermal governor 'step_wise'
[    1.977172] thermal_sys: Registered thermal governor 'user_space'
[    1.978061] initcall thermal_init+0x0/0x116 returned 0 after 976 usecs
[    1.980043] calling  init_menu+0x0/0xc @ 1
[    1.981192] cpuidle: using governor menu
[    1.982043] initcall init_menu+0x0/0xc returned 0 after 976 usecs
[    1.983042] calling  pcc_init+0x0/0x4d @ 1
[    1.984062] initcall pcc_init+0x0/0x4d returned -19 after 0 usecs
[    1.985040] calling  amd_postcore_init+0x0/0x11e @ 1
[    1.986042] initcall amd_postcore_init+0x0/0x11e returned 0 after 0 usecs
[    1.987057] calling  bts_init+0x0/0xba @ 1
[    1.988040] initcall bts_init+0x0/0xba returned -19 after 0 usecs
[    1.989039] calling  pt_init+0x0/0x34d @ 1
[    1.990042] initcall pt_init+0x0/0x34d returned -19 after 0 usecs
[    1.991043] calling  boot_params_ksysfs_init+0x0/0x2ee @ 1
[    1.992118] initcall boot_params_ksysfs_init+0x0/0x2ee returned 0 after 0 usecs
[    1.993042] calling  sbf_init+0x0/0xea @ 1
[    1.994045] initcall sbf_init+0x0/0xea returned 0 after 0 usecs
[    1.995038] calling  arch_kdebugfs_init+0x0/0x219 @ 1
[    1.996076] initcall arch_kdebugfs_init+0x0/0x219 returned 0 after 0 usecs
[    1.997038] calling  intel_pconfig_init+0x0/0x85 @ 1
[    1.998038] initcall intel_pconfig_init+0x0/0x85 returned 0 after 0 usecs
[    1.999039] calling  mtrr_if_init+0x0/0x5d @ 1
[    2.000046] initcall mtrr_if_init+0x0/0x5d returned 0 after 0 usecs
[    2.001038] calling  activate_jump_labels+0x0/0x31 @ 1
[    2.002039] initcall activate_jump_labels+0x0/0x31 returned 0 after 0 usecs
[    2.003038] calling  ffh_cstate_init+0x0/0x29 @ 1
[    2.004045] initcall ffh_cstate_init+0x0/0x29 returned 0 after 0 usecs
[    2.005038] calling  activate_jump_labels+0x0/0x31 @ 1
[    2.008942] initcall activate_jump_labels+0x0/0x31 returned 0 after 1953 usecs
[    2.009039] calling  kvm_alloc_cpumask+0x0/0x74 @ 1
[    2.010089] initcall kvm_alloc_cpumask+0x0/0x74 returned 0 after 0 usecs
[    2.011041] calling  kcmp_cookies_init+0x0/0x37 @ 1
[    2.012048] initcall kcmp_cookies_init+0x0/0x37 returned 0 after 0 usecs
[    2.013042] calling  cryptomgr_init+0x0/0xc @ 1
[    2.014123] initcall cryptomgr_init+0x0/0xc returned 0 after 0 usecs
[    2.015039] calling  acpi_pci_init+0x0/0x57 @ 1
[    2.016074] ACPI: bus type PCI registered
[    2.017059] initcall acpi_pci_init+0x0/0x57 returned 0 after 976 usecs
[    2.018040] calling  dma_channel_table_init+0x0/0xd1 @ 1
[    2.019060] initcall dma_channel_table_init+0x0/0xd1 returned 0 after 0 usecs
[    2.020041] calling  dma_bus_init+0x0/0xdc @ 1
[    2.021122] initcall dma_bus_init+0x0/0xdc returned 0 after 0 usecs
[    2.022137] calling  iommu_dma_init+0x0/0x10 @ 1
[    2.024169] initcall iommu_dma_init+0x0/0x10 returned 0 after 0 usecs
[    2.025070] calling  dmi_id_init+0x0/0x37c @ 1
[    2.028217] initcall dmi_id_init+0x0/0x37c returned 0 after 976 usecs
[    2.029040] calling  pci_arch_init+0x0/0x71 @ 1
[    2.031157] PCI: MMCONFIG for domain 0000 [bus 00-ff] at [mem 0xb0000000-0xbfffffff] (base 0xb0000000)
[    2.032043] PCI: MMCONFIG at [mem 0xb0000000-0xbfffffff] reserved in E820
[    2.033142] PCI: Using configuration type 1 for base access
[    2.034078] initcall pci_arch_init+0x0/0x71 returned 0 after 3906 usecs
[    2.035058] calling  init_vdso+0x0/0x13 @ 1
[    2.036081] initcall init_vdso+0x0/0x13 returned 0 after 0 usecs
[    2.037040] calling  sysenter_setup+0x0/0x13 @ 1
[    2.038067] initcall sysenter_setup+0x0/0x13 returned 0 after 0 usecs
[    2.039039] calling  fixup_ht_bug+0x0/0xe5 @ 1
[    2.040040] initcall fixup_ht_bug+0x0/0xe5 returned 0 after 0 usecs
[    2.041041] calling  topology_init+0x0/0x88 @ 1
[    2.042556] initcall topology_init+0x0/0x88 returned 0 after 0 usecs
[    2.043039] calling  intel_epb_init+0x0/0x68 @ 1
[    2.044040] initcall intel_epb_init+0x0/0x68 returned -19 after 0 usecs
[    2.045039] calling  mtrr_init_finialize+0x0/0x3e @ 1
[    2.046042] initcall mtrr_init_finialize+0x0/0x3e returned 0 after 0 usecs
[    2.047040] calling  uid_cache_init+0x0/0x85 @ 1
[    2.048066] initcall uid_cache_init+0x0/0x85 returned 0 after 0 usecs
[    2.049041] calling  param_sysfs_init+0x0/0x1ba @ 1
[    2.062354] initcall param_sysfs_init+0x0/0x1ba returned 0 after 11718 usecs
[    2.063040] calling  user_namespace_sysctl_init+0x0/0x33 @ 1
[    2.064055] initcall user_namespace_sysctl_init+0x0/0x33 returned 0 after 0 usecs
[    2.065040] calling  proc_schedstat_init+0x0/0x24 @ 1
[    2.066047] initcall proc_schedstat_init+0x0/0x24 returned 0 after 0 usecs
[    2.067040] calling  pm_sysrq_init+0x0/0x18 @ 1
[    2.068196] initcall pm_sysrq_init+0x0/0x18 returned 0 after 0 usecs
[    2.069238] calling  create_proc_profile+0x0/0xd0 @ 1
[    2.070058] initcall create_proc_profile+0x0/0xd0 returned 0 after 0 usecs
[    2.072038] calling  time_ns_init+0x0/0x7 @ 1
[    2.073039] initcall time_ns_init+0x0/0x7 returned 0 after 0 usecs
[    2.074039] calling  crash_save_vmcoreinfo_init+0x0/0x722 @ 1
[    2.076068] initcall crash_save_vmcoreinfo_init+0x0/0x722 returned 0 after 976 usecs
[    2.077041] calling  crash_notes_memory_init+0x0/0x35 @ 1
[    2.078043] initcall crash_notes_memory_init+0x0/0x35 returned 0 after 0 usecs
[    2.079040] calling  cgroup_sysfs_init+0x0/0x13 @ 1
[    2.080064] initcall cgroup_sysfs_init+0x0/0x13 returned 0 after 0 usecs
[    2.081053] calling  cgroup_namespaces_init+0x0/0x7 @ 1
[    2.082039] initcall cgroup_namespaces_init+0x0/0x7 returned 0 after 0 usecs
[    2.083038] calling  init_optprobes+0x0/0x13 @ 1
[    2.085049] Kprobes globally optimized
[    2.086039] initcall init_optprobes+0x0/0x13 returned 0 after 1953 usecs
[    2.087038] calling  oom_init+0x0/0x2f @ 1
[    2.089344] initcall oom_init+0x0/0x2f returned 0 after 976 usecs
[    2.090130] calling  default_bdi_init+0x0/0xb3 @ 1
[    2.096066] initcall default_bdi_init+0x0/0xb3 returned 0 after 4882 usecs
[    2.097042] calling  percpu_enable_async+0x0/0xe @ 1
[    2.098040] initcall percpu_enable_async+0x0/0xe returned 0 after 0 usecs
[    2.099039] calling  kcompactd_init+0x0/0x8d @ 1
[    2.107042] initcall kcompactd_init+0x0/0x8d returned 0 after 6835 usecs
[    2.108188] calling  init_user_reserve+0x0/0x40 @ 1
[    2.110046] initcall init_user_reserve+0x0/0x40 returned 0 after 0 usecs
[    2.111044] calling  init_admin_reserve+0x0/0x40 @ 1
[    2.112045] initcall init_admin_reserve+0x0/0x40 returned 0 after 0 usecs
[    2.113047] calling  init_reserve_notifier+0x0/0x7 @ 1
[    2.114044] initcall init_reserve_notifier+0x0/0x7 returned 0 after 0 usecs
[    2.115043] calling  swap_init_sysfs+0x0/0x62 @ 1
[    2.116245] initcall swap_init_sysfs+0x0/0x62 returned 0 after 0 usecs
[    2.117041] calling  swapfile_init+0x0/0x94 @ 1
[    2.118355] initcall swapfile_init+0x0/0x94 returned 0 after 0 usecs
[    2.119041] calling  hugetlb_init+0x0/0x4a1 @ 1
[    2.120043] HugeTLB registered 2.00 MiB page size, pre-allocated 0 pages
[    2.123323] initcall hugetlb_init+0x0/0x4a1 returned 0 after 2929 usecs
[    2.124040] calling  io_wq_init+0x0/0x34 @ 1
[    2.125041] initcall io_wq_init+0x0/0x34 returned 0 after 0 usecs
[    2.126086] calling  seqiv_module_init+0x0/0xc @ 1
[    2.128039] initcall seqiv_module_init+0x0/0xc returned 0 after 976 usecs
[    2.129040] calling  echainiv_module_init+0x0/0xc @ 1
[    2.130041] initcall echainiv_module_init+0x0/0xc returned 0 after 0 usecs
[    2.132028] calling  rsa_init+0x0/0x50 @ 1
[    2.142226] initcall rsa_init+0x0/0x50 returned 0 after 8789 usecs
[    2.142740] cryptomgr_test (39) used greatest stack depth: 14848 bytes left
[    2.143041] calling  crypto_cmac_module_init+0x0/0xc @ 1
[    2.145043] initcall crypto_cmac_module_init+0x0/0xc returned 0 after 0 usecs
[    2.146040] calling  hmac_module_init+0x0/0xc @ 1
[    2.147043] initcall hmac_module_init+0x0/0xc returned 0 after 0 usecs
[    2.149038] calling  crypto_null_mod_init+0x0/0x65 @ 1
[    2.172394] initcall crypto_null_mod_init+0x0/0x65 returned 0 after 21484 usecs
[    2.173044] calling  md5_mod_init+0x0/0xc @ 1
[    2.179051] initcall md5_mod_init+0x0/0xc returned 0 after 4882 usecs
[    2.180043] calling  sha256_generic_mod_init+0x0/0x11 @ 1
[    2.189045] initcall sha256_generic_mod_init+0x0/0x11 returned 0 after 7812 usecs
[    2.190041] calling  crypto_cbc_module_init+0x0/0xc @ 1
[    2.191057] initcall crypto_cbc_module_init+0x0/0xc returned 0 after 0 usecs
[    2.192040] calling  crypto_ctr_module_init+0x0/0x11 @ 1
[    2.193042] initcall crypto_ctr_module_init+0x0/0x11 returned 0 after 0 usecs
[    2.194043] calling  crypto_gcm_module_init+0x0/0x64 @ 1
[    2.195068] initcall crypto_gcm_module_init+0x0/0x64 returned 0 after 0 usecs
[    2.196042] calling  crypto_ccm_module_init+0x0/0x11 @ 1
[    2.197044] initcall crypto_ccm_module_init+0x0/0x11 returned 0 after 0 usecs
[    2.198060] calling  aes_init+0x0/0xc @ 1
[    2.200562] initcall aes_init+0x0/0xc returned 0 after 976 usecs
[    2.201048] calling  crc32c_mod_init+0x0/0xc @ 1
[    2.203555] initcall crc32c_mod_init+0x0/0xc returned 0 after 976 usecs
[    2.204048] calling  crypto_authenc_module_init+0x0/0xc @ 1
[    2.205047] initcall crypto_authenc_module_init+0x0/0xc returned 0 after 0 usecs
[    2.206044] calling  crypto_authenc_esn_module_init+0x0/0xc @ 1
[    2.207157] initcall crypto_authenc_esn_module_init+0x0/0xc returned 0 after 0 usecs
[    2.208041] calling  drbg_init+0x0/0x7c @ 1
[    2.241050] initcall drbg_init+0x0/0x7c returned 0 after 31250 usecs
[    2.242045] calling  ghash_mod_init+0x0/0xc @ 1
[    2.245179] initcall ghash_mod_init+0x0/0xc returned 0 after 1953 usecs
[    2.246043] calling  init_bio+0x0/0x9a @ 1
[    2.248655] initcall init_bio+0x0/0x9a returned 0 after 976 usecs
[    2.249041] calling  blk_settings_init+0x0/0x29 @ 1
[    2.250039] initcall blk_settings_init+0x0/0x29 returned 0 after 0 usecs
[    2.251039] calling  blk_ioc_init+0x0/0x29 @ 1
[    2.252046] initcall blk_ioc_init+0x0/0x29 returned 0 after 0 usecs
[    2.254036] calling  blk_mq_init+0x0/0xb9 @ 1
[    2.256041] initcall blk_mq_init+0x0/0xb9 returned 0 after 0 usecs
[    2.257039] calling  genhd_device_init+0x0/0x75 @ 1
[    2.260058] initcall genhd_device_init+0x0/0x75 returned 0 after 1953 usecs
[    2.261218] calling  pci_slot_init+0x0/0x40 @ 1
[    2.262054] initcall pci_slot_init+0x0/0x40 returned 0 after 0 usecs
[    2.263090] calling  fbmem_init+0x0/0xd8 @ 1
[    2.265446] initcall fbmem_init+0x0/0xd8 returned 0 after 0 usecs
[    2.266039] calling  acpi_init+0x0/0x319 @ 1
[    2.267179] ACPI: Added _OSI(Module Device)
[    2.268036] ACPI: Added _OSI(Processor Device)
[    2.269038] ACPI: Added _OSI(3.0 _SCP Extensions)
[    2.271035] ACPI: Added _OSI(Processor Aggregator Device)
[    2.272037] ACPI: Added _OSI(Linux-Dell-Video)
[    2.274037] ACPI: Added _OSI(Linux-Lenovo-NV-HDMI-Audio)
[    2.275039] ACPI: Added _OSI(Linux-HPI-Hybrid-Graphics)
[    2.286843] ACPI: 1 ACPI AML tables successfully acquired and loaded
[    2.294283] ACPI: Interpreter enabled
[    2.295632] ACPI: (supports S0 S3 S4 S5)
[    2.296054] ACPI: Using IOAPIC for interrupt routing
[    2.297104] PCI: Using host bridge windows from ACPI; if necessary, use "pci=nocrs" and report a bug
[    2.300028] ACPI: Enabled 2 GPEs in block 00 to 3F
[    2.314313] ACPI: PCI Root Bridge [PCI0] (domain 0000 [bus 00-ff])
[    2.315046] acpi PNP0A08:00: _OSC: OS supports [ExtendedConfig ASPM ClockPM Segments MSI HPX-Type3]
[    2.317435] acpi PNP0A08:00: _OSC: platform does not support [LTR]
[    2.319250] acpi PNP0A08:00: _OSC: OS now controls [PME PCIeCapability]
[    2.320631] PCI host bridge to bus 0000:00
[    2.321042] pci_bus 0000:00: root bus resource [io  0x0000-0x0cf7 window]
[    2.322041] pci_bus 0000:00: root bus resource [io  0x0d00-0xffff window]
[    2.323041] pci_bus 0000:00: root bus resource [mem 0x000a0000-0x000bffff window]
[    2.324048] pci_bus 0000:00: root bus resource [mem 0x20000000-0xafffffff window]
[    2.325041] pci_bus 0000:00: root bus resource [mem 0xc0000000-0xfebfffff window]
[    2.326039] pci_bus 0000:00: root bus resource [mem 0x100000000-0x8ffffffff window]
[    2.327043] pci_bus 0000:00: root bus resource [bus 00-ff]
[    2.329617] pci 0000:00:00.0: calling  quirk_mmio_always_on+0x0/0x10 @ 1
[    2.330076] pci 0000:00:00.0: quirk_mmio_always_on+0x0/0x10 took 0 usecs
[    2.331041] pci 0000:00:00.0: [8086:29c0] type 00 class 0x060000
[    2.336751] pci 0000:00:00.0: calling  quirk_igfx_skip_te_disable+0x0/0x80 @ 1
[    2.337044] pci 0000:00:00.0: quirk_igfx_skip_te_disable+0x0/0x80 took 0 usecs
[    2.340331] pci 0000:00:01.0: [1234:1111] type 00 class 0x030000
[    2.353028] pci 0000:00:01.0: reg 0x10: [mem 0xfd000000-0xfdffffff pref]
[    2.371028] pci 0000:00:01.0: reg 0x18: [mem 0xfebf0000-0xfebf0fff]
[    2.412028] pci 0000:00:01.0: reg 0x30: [mem 0xfebe0000-0xfebeffff pref]
[    2.435028] pci 0000:00:01.0: calling  efifb_fixup_resources+0x0/0xf0 @ 1
[    2.437198] pci 0000:00:01.0: efifb_fixup_resources+0x0/0xf0 took 976 usecs
[    2.452378] pci 0000:00:1f.0: [8086:2918] type 00 class 0x060100
[    2.459342] pci 0000:00:1f.0: calling  quirk_ich7_lpc+0x0/0x60 @ 1
[    2.461028] pci 0000:00:1f.0: quirk: [io  0x0600-0x067f] claimed by ICH6 ACPI/GPIO/TCO
[    2.462507] pci 0000:00:1f.0: quirk_ich7_lpc+0x0/0x60 took 1953 usecs
[    2.463884] pci 0000:00:1f.0: calling  quirk_igfx_skip_te_disable+0x0/0x80 @ 1
[    2.466039] pci 0000:00:1f.0: quirk_igfx_skip_te_disable+0x0/0x80 took 976 usecs
[    2.470638] pci 0000:00:1f.2: [8086:2922] type 00 class 0x010601
[    2.480042] pci 0000:00:1f.2: reg 0x20: [io  0xc040-0xc05f]
[    2.482039] pci 0000:00:1f.2: reg 0x24: [mem 0xfebf1000-0xfebf1fff]
[    2.484649] pci 0000:00:1f.2: calling  quirk_igfx_skip_te_disable+0x0/0x80 @ 1
[    2.485044] pci 0000:00:1f.2: quirk_igfx_skip_te_disable+0x0/0x80 took 0 usecs
[    2.490359] pci 0000:00:1f.3: [8086:2930] type 00 class 0x0c0500
[    2.498525] pci 0000:00:1f.3: reg 0x20: [io  0x0700-0x073f]
[    2.502055] pci 0000:00:1f.3: calling  quirk_igfx_skip_te_disable+0x0/0x80 @ 1
[    2.503045] pci 0000:00:1f.3: quirk_igfx_skip_te_disable+0x0/0x80 took 0 usecs
[    2.509681] ACPI: PCI Interrupt Link [LNKA] (IRQs 5 *10 11)
[    2.511095] ACPI: PCI Interrupt Link [LNKB] (IRQs 5 *10 11)
[    2.513081] ACPI: PCI Interrupt Link [LNKC] (IRQs 5 10 *11)
[    2.514602] ACPI: PCI Interrupt Link [LNKD] (IRQs 5 10 *11)
[    2.515579] ACPI: PCI Interrupt Link [LNKE] (IRQs 5 *10 11)
[    2.517568] ACPI: PCI Interrupt Link [LNKF] (IRQs 5 *10 11)
[    2.519360] ACPI: PCI Interrupt Link [LNKG] (IRQs 5 10 *11)
[    2.520638] ACPI: PCI Interrupt Link [LNKH] (IRQs 5 10 *11)
[    2.522321] ACPI: PCI Interrupt Link [GSIA] (IRQs *16)
[    2.523085] ACPI: PCI Interrupt Link [GSIB] (IRQs *17)
[    2.524107] ACPI: PCI Interrupt Link [GSIC] (IRQs *18)
[    2.525102] ACPI: PCI Interrupt Link [GSID] (IRQs *19)
[    2.526106] ACPI: PCI Interrupt Link [GSIE] (IRQs *20)
[    2.527103] ACPI: PCI Interrupt Link [GSIF] (IRQs *21)
[    2.528090] ACPI: PCI Interrupt Link [GSIG] (IRQs *22)
[    2.529085] ACPI: PCI Interrupt Link [GSIH] (IRQs *23)
[    2.536886] initcall acpi_init+0x0/0x319 returned 0 after 262695 usecs
[    2.537175] calling  pnp_init+0x0/0xc @ 1
[    2.539061] initcall pnp_init+0x0/0xc returned 0 after 976 usecs
[    2.540042] calling  misc_init+0x0/0xbf @ 1
[    2.543202] initcall misc_init+0x0/0xbf returned 0 after 976 usecs
[    2.544218] calling  iommu_subsys_init+0x0/0x4e @ 1
[    2.546179] iommu: Default domain type: Translated 
[    2.547046] initcall iommu_subsys_init+0x0/0x4e returned 0 after 976 usecs
[    2.548045] calling  vga_arb_device_init+0x0/0x261 @ 1
[    2.559028] pci 0000:00:01.0: vgaarb: setting as boot VGA device
[    2.559028] pci 0000:00:01.0: vgaarb: VGA device added: decodes=io+mem,owns=io+mem,locks=none
[    2.559047] pci 0000:00:01.0: vgaarb: bridge control possible
[    2.560039] vgaarb: loaded
[    2.561084] initcall vga_arb_device_init+0x0/0x261 returned 0 after 11718 usecs
[    2.563264] calling  cn_init+0x0/0xf0 @ 1
[    2.566697] initcall cn_init+0x0/0xf0 returned 0 after 1953 usecs
[    2.567044] calling  dma_buf_init+0x0/0xad @ 1
[    2.571226] initcall dma_buf_init+0x0/0xad returned 0 after 2929 usecs
[    2.572040] calling  dma_resv_lockdep+0x0/0x281 @ 1
[    2.574628] initcall dma_resv_lockdep+0x0/0x281 returned 0 after 976 usecs
[    2.575039] calling  init_scsi+0x0/0x79 @ 1
[    2.577519] SCSI subsystem initialized
[    2.578038] initcall init_scsi+0x0/0x79 returned 0 after 1953 usecs
[    2.579041] calling  ata_init+0x0/0x332 @ 1
[    2.583301] libata version 3.00 loaded.
[    2.584040] initcall ata_init+0x0/0x332 returned 0 after 3906 usecs
[    2.585038] calling  phy_init+0x0/0x250 @ 1
[    2.586436] initcall phy_init+0x0/0x250 returned 0 after 0 usecs
[    2.587037] calling  init_pcmcia_cs+0x0/0x35 @ 1
[    2.588125] initcall init_pcmcia_cs+0x0/0x35 returned 0 after 0 usecs
[    2.589042] calling  usb_common_init+0x0/0x1c @ 1
[    2.590074] initcall usb_common_init+0x0/0x1c returned 0 after 0 usecs
[    2.591037] calling  usb_init+0x0/0x12e @ 1
[    2.592110] ACPI: bus type USB registered
[    2.594655] usbcore: registered new interface driver usbfs
[    2.595133] usbcore: registered new interface driver hub
[    2.596120] usbcore: registered new device driver usb
[    2.597041] initcall usb_init+0x0/0x12e returned 0 after 4882 usecs
[    2.598038] calling  serio_init+0x0/0x29 @ 1
[    2.599132] initcall serio_init+0x0/0x29 returned 0 after 0 usecs
[    2.600038] calling  input_init+0x0/0xf6 @ 1
[    2.601129] initcall input_init+0x0/0xf6 returned 0 after 0 usecs
[    2.602039] calling  rtc_init+0x0/0x4d @ 1
[    2.603059] initcall rtc_init+0x0/0x4d returned 0 after 0 usecs
[    2.604037] calling  pps_init+0x0/0xa9 @ 1
[    2.605085] pps_core: LinuxPPS API ver. 1 registered
[    2.606033] pps_core: Software ver. 5.3.6 - Copyright 2005-2007 Rodolfo Giometti <giometti@linux.it>
[    2.607037] initcall pps_init+0x0/0xa9 returned 0 after 1953 usecs
[    2.608038] calling  ptp_init+0x0/0x98 @ 1
[    2.609070] PTP clock support registered
[    2.610037] initcall ptp_init+0x0/0x98 returned 0 after 976 usecs
[    2.611036] calling  power_supply_class_init+0x0/0x3f @ 1
[    2.612140] initcall power_supply_class_init+0x0/0x3f returned 0 after 0 usecs
[    2.613036] calling  hwmon_init+0x0/0x104 @ 1
[    2.614067] initcall hwmon_init+0x0/0x104 returned 0 after 0 usecs
[    2.615039] calling  md_init+0x0/0x16b @ 1
[    2.618238] initcall md_init+0x0/0x16b returned 0 after 1953 usecs
[    2.620337] calling  leds_init+0x0/0x3b @ 1
[    2.622050] initcall leds_init+0x0/0x3b returned 0 after 976 usecs
[    2.623039] calling  dmi_init+0x0/0x113 @ 1
[    2.624261] initcall dmi_init+0x0/0x113 returned 0 after 0 usecs
[    2.625042] calling  efisubsys_init+0x0/0x4e7 @ 1
[    2.626054] initcall efisubsys_init+0x0/0x4e7 returned 0 after 0 usecs
[    2.627041] calling  nvmem_init+0x0/0xc @ 1
[    2.628106] initcall nvmem_init+0x0/0xc returned 0 after 0 usecs
[    2.629039] calling  init_soundcore+0x0/0x33 @ 1
[    2.630069] initcall init_soundcore+0x0/0x33 returned 0 after 0 usecs
[    2.631042] calling  alsa_sound_init+0x0/0x8f @ 1
[    2.633149] Advanced Linux Sound Architecture Driver Initialized.
[    2.634042] initcall alsa_sound_init+0x0/0x8f returned 0 after 1953 usecs
[    2.635039] calling  alsa_seq_device_init+0x0/0x71 @ 1
[    2.636105] initcall alsa_seq_device_init+0x0/0x71 returned 0 after 0 usecs
[    2.637039] calling  hda_bus_init+0x0/0xc @ 1
[    2.638120] initcall hda_bus_init+0x0/0xc returned 0 after 0 usecs
[    2.639041] calling  proto_init+0x0/0xc @ 1
[    2.640100] initcall proto_init+0x0/0xc returned 0 after 0 usecs
[    2.641043] calling  net_dev_init+0x0/0x27f @ 1
[    2.645591] initcall net_dev_init+0x0/0x27f returned 0 after 2929 usecs
[    2.646039] calling  neigh_init+0x0/0x84 @ 1
[    2.647074] initcall neigh_init+0x0/0x84 returned 0 after 0 usecs
[    2.648039] calling  fib_notifier_init+0x0/0xc @ 1
[    2.649243] initcall fib_notifier_init+0x0/0xc returned 0 after 0 usecs
[    2.650043] calling  fib_rules_init+0x0/0xab @ 1
[    2.651192] initcall fib_rules_init+0x0/0xab returned 0 after 0 usecs
[    2.652043] calling  pktsched_init+0x0/0x10e @ 1
[    2.653143] initcall pktsched_init+0x0/0x10e returned 0 after 0 usecs
[    2.654039] calling  tc_filter_init+0x0/0xfa @ 1
[    2.655128] initcall tc_filter_init+0x0/0xfa returned 0 after 0 usecs
[    2.656082] calling  tc_action_init+0x0/0x54 @ 1
[    2.657044] initcall tc_action_init+0x0/0x54 returned 0 after 0 usecs
[    2.658039] calling  ethnl_init+0x0/0x52 @ 1
[    2.660083] initcall ethnl_init+0x0/0x52 returned 0 after 976 usecs
[    2.661054] calling  nexthop_init+0x0/0xd8 @ 1
[    2.662166] initcall nexthop_init+0x0/0xd8 returned 0 after 0 usecs
[    2.663038] calling  cipso_v4_init+0x0/0x8d @ 1
[    2.665182] initcall cipso_v4_init+0x0/0x8d returned 0 after 0 usecs
[    2.666039] calling  ieee80211_init+0x0/0x24 @ 1
[    2.667304] initcall ieee80211_init+0x0/0x24 returned 0 after 0 usecs
[    2.668038] calling  netlbl_init+0x0/0x78 @ 1
[    2.669073] NetLabel: Initializing
[    2.670034] NetLabel:  domain hash size = 128
[    2.671033] NetLabel:  protocols = UNLABELED CIPSOv4 CALIPSO
[    2.672412] NetLabel:  unlabeled traffic allowed by default
[    2.673040] initcall netlbl_init+0x0/0x78 returned 0 after 3906 usecs
[    2.674037] calling  rfkill_init+0x0/0x136 @ 1
[    2.676698] initcall rfkill_init+0x0/0x136 returned 0 after 976 usecs
[    2.677045] calling  pci_subsys_init+0x0/0x66 @ 1
[    2.678105] PCI: Using ACPI for IRQ routing
[    3.404419] PCI: pci_cache_line_size set to 64 bytes
[    3.406978] e820: reserve RAM buffer [mem 0x0009fc00-0x0009ffff]
[    3.409439] e820: reserve RAM buffer [mem 0x1ffdf000-0x1fffffff]
[    3.410525] initcall pci_subsys_init+0x0/0x66 returned 0 after 714843 usecs
[    3.413485] calling  nmi_warning_debugfs+0x0/0x26 @ 1
[    3.416323] initcall nmi_warning_debugfs+0x0/0x26 returned 0 after 1953 usecs
[    3.417059] calling  save_microcode_in_initrd+0x0/0x51 @ 1
[    3.418202] initcall save_microcode_in_initrd+0x0/0x51 returned 0 after 0 usecs
[    3.419040] calling  hpet_late_init+0x0/0x20a @ 1
[    3.421477] hpet: 3 channels of 0 reserved for per-cpu timers
[    3.422366] hpet0: at MMIO 0xfed00000, IRQs 2, 8, 0
[    3.423037] hpet0: 3 comparators, 64-bit 100.000000 MHz counter
[    3.427041] initcall hpet_late_init+0x0/0x20a returned 0 after 6835 usecs
[    3.428041] calling  init_amd_nbs+0x0/0x11c @ 1
[    3.429272] initcall init_amd_nbs+0x0/0x11c returned 0 after 0 usecs
[    3.430051] calling  clocksource_done_booting+0x0/0x43 @ 1
[    3.434458] clocksource: Switched to clocksource kvm-clock
[    3.443472] initcall clocksource_done_booting+0x0/0x43 returned 0 after 12143 usecs
[    3.452172] calling  tracer_init_tracefs+0x0/0x248 @ 1
[    3.768049] initcall tracer_init_tracefs+0x0/0x248 returned 0 after 302558 usecs
[    3.778220] calling  init_trace_printk_function_export+0x0/0x2c @ 1
[    3.785778] initcall init_trace_printk_function_export+0x0/0x2c returned 0 after 18 usecs
[    3.795323] calling  init_kprobe_trace+0x0/0x1ab @ 1
[    3.801746] initcall init_kprobe_trace+0x0/0x1ab returned 0 after 45 usecs
[    3.809036] calling  init_dynamic_event+0x0/0x3d @ 1
[    3.814443] initcall init_dynamic_event+0x0/0x3d returned 0 after 17 usecs
[    3.821878] calling  init_uprobe_trace+0x0/0x5c @ 1
[    3.827208] initcall init_uprobe_trace+0x0/0x5c returned 0 after 32 usecs
[    3.834473] calling  init_pipe_fs+0x0/0x44 @ 1
[    3.839738] initcall init_pipe_fs+0x0/0x44 returned 0 after 362 usecs
[    3.846690] calling  inotify_user_setup+0x0/0x47 @ 1
[    3.852253] initcall inotify_user_setup+0x0/0x47 returned 0 after 88 usecs
[    3.860019] calling  eventpoll_init+0x0/0xeb @ 1
[    3.865641] initcall eventpoll_init+0x0/0xeb returned 0 after 232 usecs
[    3.872738] calling  anon_inode_init+0x0/0x58 @ 1
[    3.878142] initcall anon_inode_init+0x0/0x58 returned 0 after 228 usecs
[    3.885427] calling  proc_locks_init+0x0/0x27 @ 1
[    3.890792] initcall proc_locks_init+0x0/0x27 returned 0 after 132 usecs
[    3.898042] calling  iomap_init+0x0/0x1b @ 1
[    3.903380] initcall iomap_init+0x0/0x1b returned 0 after 553 usecs
[    3.910150] calling  dquot_init+0x0/0x106 @ 1
[    3.915007] VFS: Disk quotas dquot_6.6.0
[    3.919582] VFS: Dquot-cache hash table entries: 512 (order 0, 4096 bytes)
[    3.927002] initcall dquot_init+0x0/0x106 returned 0 after 11725 usecs
[    3.934151] calling  quota_init+0x0/0x23 @ 1
[    3.939126] initcall quota_init+0x0/0x23 returned 0 after 301 usecs
[    3.945905] calling  proc_cmdline_init+0x0/0x21 @ 1
[    3.951245] initcall proc_cmdline_init+0x0/0x21 returned 0 after 24 usecs
[    3.958591] calling  proc_consoles_init+0x0/0x24 @ 1
[    3.964103] initcall proc_consoles_init+0x0/0x24 returned 0 after 7 usecs
[    3.971322] calling  proc_cpuinfo_init+0x0/0x1e @ 1
[    3.976612] initcall proc_cpuinfo_init+0x0/0x1e returned 0 after 5 usecs
[    3.983708] calling  proc_devices_init+0x0/0x24 @ 1
[    3.988960] initcall proc_devices_init+0x0/0x24 returned 0 after 4 usecs
[    3.996147] calling  proc_interrupts_init+0x0/0x24 @ 1
[    4.001763] initcall proc_interrupts_init+0x0/0x24 returned 0 after 5 usecs
[    4.009167] calling  proc_loadavg_init+0x0/0x21 @ 1
[    4.014468] initcall proc_loadavg_init+0x0/0x21 returned 0 after 5 usecs
[    4.021633] calling  proc_meminfo_init+0x0/0x21 @ 1
[    4.026922] initcall proc_meminfo_init+0x0/0x21 returned 0 after 4 usecs
[    4.034096] calling  proc_stat_init+0x0/0x1e @ 1
[    4.039158] initcall proc_stat_init+0x0/0x1e returned 0 after 5 usecs
[    4.046140] calling  proc_uptime_init+0x0/0x21 @ 1
[    4.051331] initcall proc_uptime_init+0x0/0x21 returned 0 after 5 usecs
[    4.058469] calling  proc_version_init+0x0/0x21 @ 1
[    4.063851] initcall proc_version_init+0x0/0x21 returned 0 after 5 usecs
[    4.071130] calling  proc_softirqs_init+0x0/0x21 @ 1
[    4.076500] initcall proc_softirqs_init+0x0/0x21 returned 0 after 4 usecs
[    4.083831] calling  proc_kcore_init+0x0/0xea @ 1
[    4.089377] initcall proc_kcore_init+0x0/0xea returned 0 after 280 usecs
[    4.096592] calling  vmcore_init+0x0/0x57b @ 1
[    4.101683] initcall vmcore_init+0x0/0x57b returned 0 after 63 usecs
[    4.108582] calling  proc_kmsg_init+0x0/0x21 @ 1
[    4.113673] initcall proc_kmsg_init+0x0/0x21 returned 0 after 6 usecs
[    4.120572] calling  proc_page_init+0x0/0x3b @ 1
[    4.125665] initcall proc_page_init+0x0/0x3b returned 0 after 5 usecs
[    4.132537] calling  init_ramfs_fs+0x0/0xc @ 1
[    4.137369] initcall init_ramfs_fs+0x0/0xc returned 0 after 18 usecs
[    4.144262] calling  init_hugetlbfs_fs+0x0/0xf6 @ 1
[    4.150157] initcall init_hugetlbfs_fs+0x0/0xf6 returned 0 after 537 usecs
[    4.157596] calling  blk_scsi_ioctl_init+0x0/0x2a5 @ 1
[    4.163340] initcall blk_scsi_ioctl_init+0x0/0x2a5 returned 0 after 27 usecs
[    4.171609] calling  acpi_event_init+0x0/0x2c @ 1
[    4.176841] initcall acpi_event_init+0x0/0x2c returned 0 after 47 usecs
[    4.184143] calling  pnp_system_init+0x0/0xc @ 1
[    4.189670] initcall pnp_system_init+0x0/0xc returned 0 after 434 usecs
[    4.196816] calling  pnpacpi_init+0x0/0x69 @ 1
[    4.201783] pnp: PnP ACPI init
[    4.207405] pnp 00:00: Plug and Play ACPI device, IDs PNP0303 (active)
[    4.216712] pnp 00:01: Plug and Play ACPI device, IDs PNP0f13 (active)
[    4.224238] pnp 00:02: Plug and Play ACPI device, IDs PNP0400 (active)
[    4.232607] pnp 00:03: Plug and Play ACPI device, IDs PNP0501 (active)
[    4.239873] pnp 00:04: Plug and Play ACPI device, IDs PNP0b00 (active)
[    4.247377] system 00:05: [mem 0xb0000000-0xbfffffff window] has been reserved
[    4.255365] system 00:05: Plug and Play ACPI device, IDs PNP0c01 (active)
[    4.264558] pnp: PnP ACPI: found 6 devices
[    4.270252] initcall pnpacpi_init+0x0/0x69 returned 0 after 66896 usecs
[    4.279260] calling  chr_dev_init+0x0/0x14d @ 1
[    4.374827] initcall chr_dev_init+0x0/0x14d returned 0 after 87022 usecs
[    4.382783] calling  firmware_class_init+0x0/0x14a @ 1
[    4.388919] initcall firmware_class_init+0x0/0x14a returned 0 after 82 usecs
[    4.397212] calling  init_pcmcia_bus+0x0/0x5b @ 1
[    4.402928] initcall init_pcmcia_bus+0x0/0x5b returned 0 after 183 usecs
[    4.410632] calling  init_acpi_pm_clocksource+0x0/0xda @ 1
[    4.422476] clocksource: acpi_pm: mask: 0xffffff max_cycles: 0xffffff, max_idle_ns: 2085701024 ns
[    4.432501] initcall init_acpi_pm_clocksource+0x0/0xda returned 0 after 15158 usecs
[    4.441289] calling  sysctl_core_init+0x0/0x26 @ 1
[    4.447293] initcall sysctl_core_init+0x0/0x26 returned 0 after 303 usecs
[    4.455225] calling  eth_offload_init+0x0/0x13 @ 1
[    4.460905] initcall eth_offload_init+0x0/0x13 returned 0 after 112 usecs
[    4.468838] calling  ipv4_offload_init+0x0/0x73 @ 1
[    4.474687] initcall ipv4_offload_init+0x0/0x73 returned 0 after 135 usecs
[    4.482617] calling  inet_init+0x0/0x276 @ 1
[    4.487818] NET: Registered protocol family 2
[    4.494033] IP idents hash table entries: 8192 (order: 4, 65536 bytes, linear)
[    4.506873] tcp_listen_portaddr_hash hash table entries: 256 (order: 2, 20480 bytes, linear)
[    4.516742] TCP established hash table entries: 4096 (order: 3, 32768 bytes, linear)
[    4.525810] TCP bind hash table entries: 4096 (order: 6, 294912 bytes, linear)
[    4.547322] TCP: Hash tables configured (established 4096 bind 4096)
[    4.556714] UDP hash table entries: 256 (order: 3, 40960 bytes, linear)
[    4.570737] UDP-Lite hash table entries: 256 (order: 3, 40960 bytes, linear)
[    4.581677] initcall inet_init+0x0/0x276 returned 0 after 91830 usecs
[    4.591151] calling  af_unix_init+0x0/0x4d @ 1
[    4.596573] NET: Registered protocol family 1
[    4.601948] initcall af_unix_init+0x0/0x4d returned 0 after 5278 usecs
[    4.609704] calling  ipv6_offload_init+0x0/0x7e @ 1
[    4.616345] initcall ipv6_offload_init+0x0/0x7e returned 0 after 84 usecs
[    4.625802] calling  init_sunrpc+0x0/0x65 @ 1
[    4.638237] RPC: Registered named UNIX socket transport module.
[    4.645917] RPC: Registered udp transport module.
[    4.652105] RPC: Registered tcp transport module.
[    4.659096] RPC: Registered tcp NFSv4.1 backchannel transport module.
[    4.667218] initcall init_sunrpc+0x0/0x65 returned 0 after 34260 usecs
[    4.676642] calling  cfg80211_init+0x0/0xc5 @ 1
[    4.685731] initcall cfg80211_init+0x0/0xc5 returned 0 after 2662 usecs
[    4.694750] calling  pcibios_assign_resources+0x0/0xbf @ 1
[    4.702543] pci_bus 0000:00: resource 4 [io  0x0000-0x0cf7 window]
[    4.711244] pci_bus 0000:00: resource 5 [io  0x0d00-0xffff window]
[    4.719731] pci_bus 0000:00: resource 6 [mem 0x000a0000-0x000bffff window]
[    4.729174] pci_bus 0000:00: resource 7 [mem 0x20000000-0xafffffff window]
[    4.738563] pci_bus 0000:00: resource 8 [mem 0xc0000000-0xfebfffff window]
[    4.748003] pci_bus 0000:00: resource 9 [mem 0x100000000-0x8ffffffff window]
[    4.757394] initcall pcibios_assign_resources+0x0/0xbf returned 0 after 53708 usecs
[    4.766777] calling  pci_apply_final_quirks+0x0/0x124 @ 1
[    4.774158] pci 0000:00:01.0: calling  pci_fixup_video+0x0/0xe0 @ 1
[    4.783536] pci 0000:00:01.0: Video device with shadowed ROM at [mem 0x000c0000-0x000dffff]
[    4.793311] pci 0000:00:01.0: pci_fixup_video+0x0/0xe0 took 10213 usecs
[    4.801596] PCI: CLS 0 bytes, default 64
[    4.806347] initcall pci_apply_final_quirks+0x0/0x124 returned 0 after 31880 usecs
[    4.815285] calling  acpi_reserve_resources+0x0/0xea @ 1
[    4.821857] initcall acpi_reserve_resources+0x0/0xea returned 0 after 42 usecs
[    4.830515] calling  populate_rootfs+0x0/0x102 @ 1
[    4.839024] initcall populate_rootfs+0x0/0x102 returned 0 after 2709 usecs
[    4.849347] calling  pci_iommu_init+0x0/0x3e @ 1
[    4.855829] initcall pci_iommu_init+0x0/0x3e returned 0 after 40 usecs
[    4.865009] calling  ia32_binfmt_init+0x0/0x13 @ 1
[    4.871988] initcall ia32_binfmt_init+0x0/0x13 returned 0 after 136 usecs
[    4.882221] calling  rapl_pmu_init+0x0/0x267 @ 1
[    4.889376] initcall rapl_pmu_init+0x0/0x267 returned -19 after 62 usecs
[    4.898704] calling  amd_uncore_init+0x0/0x310 @ 1
[    4.905689] initcall amd_uncore_init+0x0/0x310 returned -19 after 0 usecs
[    4.915991] calling  amd_ibs_init+0x0/0x25f @ 1
[    4.922891] initcall amd_ibs_init+0x0/0x25f returned -19 after 1 usecs
[    4.932147] calling  amd_iommu_pc_init+0x0/0x22c @ 1
[    4.939517] initcall amd_iommu_pc_init+0x0/0x22c returned -19 after 52 usecs
[    4.948156] calling  msr_init+0x0/0x55 @ 1
[    4.953291] initcall msr_init+0x0/0x55 returned 0 after 120 usecs
[    4.960548] calling  intel_uncore_init+0x0/0x36f @ 1
[    4.966671] initcall intel_uncore_init+0x0/0x36f returned -19 after 34 usecs
[    4.976524] calling  cstate_pmu_init+0x0/0x1a1 @ 1
[    4.982452] initcall cstate_pmu_init+0x0/0x1a1 returned -19 after 0 usecs
[    4.990797] calling  register_kernel_offset_dumper+0x0/0x1a @ 1
[    4.998108] initcall register_kernel_offset_dumper+0x0/0x1a returned 0 after 2 usecs
[    5.008504] calling  i8259A_init_ops+0x0/0x20 @ 1
[    5.015720] initcall i8259A_init_ops+0x0/0x20 returned 0 after 3 usecs
[    5.025608] calling  init_tsc_clocksource+0x0/0xa4 @ 1
[    5.033901] clocksource: tsc: mask: 0xffffffffffffffff max_cycles: 0x39a85afc727, max_idle_ns: 881590685098 ns
[    5.047475] initcall init_tsc_clocksource+0x0/0xa4 returned 0 after 13252 usecs
[    5.056918] calling  add_rtc_cmos+0x0/0xb0 @ 1
[    5.063377] initcall add_rtc_cmos+0x0/0xb0 returned 0 after 34 usecs
[    5.071877] calling  i8237A_init_ops+0x0/0x3a @ 1
[    5.078374] initcall i8237A_init_ops+0x0/0x3a returned 0 after 166 usecs
[    5.088534] calling  umwait_init+0x0/0x94 @ 1
[    5.094447] initcall umwait_init+0x0/0x94 returned -19 after 12 usecs
[    5.102872] calling  thermal_throttle_init_device+0x0/0x3d @ 1
[    5.110555] initcall thermal_throttle_init_device+0x0/0x3d returned 0 after 38 usecs
[    5.120594] calling  msr_init+0x0/0xd7 @ 1
[    5.131520] initcall msr_init+0x0/0xd7 returned 0 after 5380 usecs
[    5.138953] calling  cpuid_init+0x0/0xd7 @ 1
[    5.148570] initcall cpuid_init+0x0/0xd7 returned 0 after 4174 usecs
[    5.156116] calling  ioapic_init_ops+0x0/0x13 @ 1
[    5.161866] initcall ioapic_init_ops+0x0/0x13 returned 0 after 58 usecs
[    5.169695] calling  add_pcspkr+0x0/0x6c @ 1
[    5.174930] initcall add_pcspkr+0x0/0x6c returned 0 after 81 usecs
[    5.182683] calling  start_periodic_check_for_corruption+0x0/0x30 @ 1
[    5.190360] check: Scanning for low memory corruption every 60 seconds
[    5.198692] initcall start_periodic_check_for_corruption+0x0/0x30 returned 0 after 8144 usecs
[    5.209220] calling  sysfb_init+0x0/0x9c @ 1
[    5.215743] initcall sysfb_init+0x0/0x9c returned 0 after 451 usecs
[    5.224454] calling  audit_classes_init+0x0/0xae @ 1
[    5.231182] initcall audit_classes_init+0x0/0xae returned 0 after 151 usecs
[    5.240442] calling  iosf_mbi_init+0x0/0x24 @ 1
[    5.248795] initcall iosf_mbi_init+0x0/0x24 returned 0 after 1123 usecs
[    5.259169] calling  proc_execdomains_init+0x0/0x21 @ 1
[    5.267355] initcall proc_execdomains_init+0x0/0x21 returned 0 after 34 usecs
[    5.276648] calling  register_warn_debugfs+0x0/0x23 @ 1
[    5.283448] initcall register_warn_debugfs+0x0/0x23 returned 0 after 237 usecs
[    5.292461] calling  cpuhp_sysfs_init+0x0/0x79 @ 1
[    5.298469] initcall cpuhp_sysfs_init+0x0/0x79 returned 0 after 74 usecs
[    5.306527] calling  ioresources_init+0x0/0x49 @ 1
[    5.312452] initcall ioresources_init+0x0/0x49 returned 0 after 11 usecs
[    5.320597] calling  lockdep_proc_init+0x0/0x64 @ 1
[    5.326618] initcall lockdep_proc_init+0x0/0x64 returned 0 after 34 usecs
[    5.334703] calling  snapshot_device_init+0x0/0xc @ 1
[    5.342652] initcall snapshot_device_init+0x0/0xc returned 0 after 1783 usecs
[    5.351225] calling  irq_pm_init_ops+0x0/0x13 @ 1
[    5.356950] initcall irq_pm_init_ops+0x0/0x13 returned 0 after 14 usecs
[    5.364892] calling  rcu_torture_init+0x0/0x9be @ 1
[    5.370845] tasks-tracing-torture:--- Start of test: nreaders=3 nfakewriters=4 stat_interval=15 verbose=1 test_no_idle_hz=1 shuffle_interval=3 stutter=5 irqreader=1 fqs_duration=0 fqs_holdoff=0 fqs_stutter=3 test_boost=1/0 test_boost_interval=7 test_boost_duration=4 shutdown_secs=1800 stall_cpu=0 stall_cpu_holdoff=10 stall_cpu_irqsoff=0 stall_cpu_block=0 n_barrier_cbs=4 onoff_interval=1000 onoff_holdoff=30 read_exit_delay=13 read_exit_burst=16
[    5.418861] tasks-tracing:  Start-test grace-period state: g0 f0x0
[    5.426596] tasks-tracing-torture: Creating rcu_torture_writer task
[    5.438289] tasks-tracing-torture: Creating rcu_torture_fakewriter task
[    5.438539] tasks-tracing-torture: rcu_torture_writer task started
[    5.450872] tasks-tracing-torture: Creating rcu_torture_fakewriter task
[    5.451395] tasks-tracing-torture: rcu_torture_fakewriter task started
[    5.456503] tasks-tracing-torture: GP expediting controlled from boot/sysfs for tasks-tracing.
[    5.468461] tasks-tracing-torture: Creating rcu_torture_fakewriter task
[    5.468829] tasks-tracing-torture: rcu_torture_fakewriter task started
[    5.474420] rcu_torture_writer: Testing expedited GPs.
[    5.487736] tasks-tracing-torture: Creating rcu_torture_fakewriter task
[    5.488181] tasks-tracing-torture: rcu_torture_fakewriter task started
[    5.493715] rcu_torture_writer: Testing asynchronous GPs.
[    5.504028] tasks-tracing-torture: Creating rcu_torture_reader task
[    5.504372] tasks-tracing-torture: rcu_torture_fakewriter task started
[    5.508431] rcu_torture_writer: Testing normal GPs.
[    5.558607] tasks-tracing-torture: Creating rcu_torture_reader task
[    5.559053] tasks-tracing-torture: rcu_torture_reader task started
[    5.569088] tasks-tracing-torture: Creating rcu_torture_reader task
[    5.569549] tasks-tracing-torture: rcu_torture_reader task started
[    5.596124] tasks-tracing-torture: Creating rcu_torture_stats task
[    5.597293] tasks-tracing-torture: rcu_torture_reader task started
[    5.615119] tasks-tracing-torture: Creating torture_shuffle task
[    5.615791] tasks-tracing-torture: rcu_torture_stats task started
[    5.622962] tasks-tracing-torture: Creating torture_stutter task
[    5.623903] tasks-tracing-torture: torture_shuffle task started
[    5.650421] tasks-tracing-torture: Creating torture_shutdown task
[    5.650786] tasks-tracing-torture: torture_stutter task started
[    5.659013] tasks-tracing-torture: Creating torture_onoff task
[    5.661248] tasks-tracing-torture: torture_shutdown task started
[    5.661253] tasks-tracing-torture:torture_shutdown task: 1799989 ms remaining
[    5.708763] tasks-tracing-torture: rcu_torture_fwd_prog_init: Disabled, unsupported by RCU flavor under test
[    5.709041] tasks-tracing-torture: torture_onoff task started
[    5.720190] tasks-tracing-torture: Creating rcu_torture_barrier_cbs task
[    5.727358] tasks-tracing-torture: torture_onoff begin holdoff
[    5.743464] tasks-tracing-torture: Creating rcu_torture_barrier_cbs task
[    5.743548] tasks-tracing-torture: rcu_torture_barrier_cbs task started
[    5.752807] tasks-tracing-torture: Creating rcu_torture_barrier_cbs task
[    5.753674] tasks-tracing-torture: rcu_torture_barrier_cbs task started
[    5.781178] tasks-tracing-torture: Creating rcu_torture_barrier_cbs task
[    5.781513] tasks-tracing-torture: rcu_torture_barrier_cbs task started
[    5.791754] tasks-tracing-torture: Creating rcu_torture_barrier task
[    5.791764] tasks-tracing-torture: rcu_torture_barrier_cbs task started
[    5.820950] tasks-tracing-torture: Creating rcu_torture_read_exit task
[    5.821813] tasks-tracing-torture: rcu_torture_barrier task starting
[    5.831235] tasks-tracing-torture: rcu_torture_read_exit: Start of test
[    5.831838] initcall rcu_torture_init+0x0/0x9be returned 0 after 449886 usecs
[    5.831967] calling  timekeeping_init_ops+0x0/0x13 @ 1
[    5.832018] initcall timekeeping_init_ops+0x0/0x13 returned 0 after 44 usecs
[    5.832020] calling  init_clocksource_sysfs+0x0/0x23 @ 1
[    5.835922] initcall init_clocksource_sysfs+0x0/0x23 returned 0 after 3804 usecs
[    5.835925] calling  init_timer_list_procfs+0x0/0x31 @ 1
[    5.836389] initcall init_timer_list_procfs+0x0/0x31 returned 0 after 447 usecs
[    5.836392] calling  alarmtimer_init+0x0/0xf5 @ 1
[    5.837163] initcall alarmtimer_init+0x0/0xf5 returned 0 after 748 usecs
[    5.837165] calling  init_posix_timers+0x0/0x29 @ 1
[    5.837712] initcall init_posix_timers+0x0/0x29 returned 0 after 522 usecs
[    5.837718] calling  clockevents_init_sysfs+0x0/0xbf @ 1
[    5.838451] initcall clockevents_init_sysfs+0x0/0xbf returned 0 after 709 usecs
[    5.975762] calling  proc_dma_init+0x0/0x21 @ 1
[    5.983037] initcall proc_dma_init+0x0/0x21 returned 0 after 102 usecs
[    5.993323] calling  proc_modules_init+0x0/0x1e @ 1
[    6.000526] initcall proc_modules_init+0x0/0x1e returned 0 after 8 usecs
[    6.009169] calling  kallsyms_init+0x0/0x21 @ 1
[    6.015897] initcall kallsyms_init+0x0/0x21 returned 0 after 7 usecs
[    6.025849] calling  pid_namespaces_init+0x0/0x2c @ 1
[    6.034154] initcall pid_namespaces_init+0x0/0x2c returned 0 after 45 usecs
[    6.044499] calling  audit_watch_init+0x0/0x37 @ 1
[    6.050619] initcall audit_watch_init+0x0/0x37 returned 0 after 31 usecs
[    6.059877] calling  audit_fsnotify_init+0x0/0x37 @ 1
[    6.068329] initcall audit_fsnotify_init+0x0/0x37 returned 0 after 4 usecs
[    6.079531] calling  audit_tree_init+0x0/0x6d @ 1
[    6.087472] initcall audit_tree_init+0x0/0x6d returned 0 after 14 usecs
[    6.098025] calling  seccomp_sysctl_init+0x0/0x2b @ 1
[    6.106364] initcall seccomp_sysctl_init+0x0/0x2b returned 0 after 134 usecs
[    6.117809] calling  utsname_sysctl_init+0x0/0x13 @ 1
[    6.125258] initcall utsname_sysctl_init+0x0/0x13 returned 0 after 58 usecs
[    6.134532] calling  init_tracepoints+0x0/0x27 @ 1
[    6.141235] initcall init_tracepoints+0x0/0x27 returned 0 after 199 usecs
[    6.150545] calling  init_blk_tracer+0x0/0x50 @ 1
[    6.159211] initcall init_blk_tracer+0x0/0x50 returned 0 after 1554 usecs
[    6.168841] calling  perf_event_sysfs_init+0x0/0x83 @ 1
[    6.178314] initcall perf_event_sysfs_init+0x0/0x83 returned 0 after 1862 usecs
[    6.188944] calling  system_trusted_keyring_init+0x0/0x60 @ 1
[    6.197349] Initialise system trusted keyrings
[    6.204344] initcall system_trusted_keyring_init+0x0/0x60 returned 0 after 6844 usecs
[    6.215709] calling  kswapd_init+0x0/0x5c @ 1
[    6.223462] initcall kswapd_init+0x0/0x5c returned 0 after 1486 usecs
[    6.232822] calling  extfrag_debug_init+0x0/0x54 @ 1
[    6.240367] initcall extfrag_debug_init+0x0/0x54 returned 0 after 347 usecs
[    6.250304] calling  mm_compute_batch_init+0x0/0x12 @ 1
[    6.257681] initcall mm_compute_batch_init+0x0/0x12 returned 0 after 24 usecs
[    6.268116] calling  slab_proc_init+0x0/0x21 @ 1
[    6.274926] initcall slab_proc_init+0x0/0x21 returned 0 after 63 usecs
[    6.284171] calling  workingset_init+0x0/0x8c @ 1
[    6.291023] workingset: timestamp_bits=56 max_order=17 bucket_order=0
[    6.300013] initcall workingset_init+0x0/0x8c returned 0 after 8777 usecs
[    6.309764] calling  proc_vmalloc_init+0x0/0x32 @ 1
[    6.316784] initcall proc_vmalloc_init+0x0/0x32 returned 0 after 8 usecs
[    6.326241] calling  procswaps_init+0x0/0x1e @ 1
[    6.333305] initcall procswaps_init+0x0/0x1e returned 0 after 102 usecs
[    6.342638] calling  slab_sysfs_init+0x0/0xec @ 1
[    6.359785] initcall slab_sysfs_init+0x0/0xec returned 0 after 10611 usecs
[    6.369130] calling  fcntl_init+0x0/0x29 @ 1
[    6.375750] initcall fcntl_init+0x0/0x29 returned 0 after 132 usecs
[    6.384988] calling  proc_filesystems_init+0x0/0x21 @ 1
[    6.392801] initcall proc_filesystems_init+0x0/0x21 returned 0 after 14 usecs
[    6.402786] calling  start_dirtytime_writeback+0x0/0x29 @ 1
[    6.411000] initcall start_dirtytime_writeback+0x0/0x29 returned 0 after 19 usecs
[    6.422322] calling  blkdev_init+0x0/0x1b @ 1
[    6.429252] initcall blkdev_init+0x0/0x1b returned 0 after 633 usecs
[    6.438379] calling  dio_init+0x0/0x2c @ 1
[    6.444710] initcall dio_init+0x0/0x2c returned 0 after 649 usecs
[    6.453481] calling  dnotify_init+0x0/0x78 @ 1
[    6.460708] initcall dnotify_init+0x0/0x78 returned 0 after 975 usecs
[    6.469830] calling  aio_setup+0x0/0x78 @ 1
[    6.479554] initcall aio_setup+0x0/0x78 returned 0 after 3366 usecs
[    6.489210] calling  io_uring_init+0x0/0x2c @ 1
[    6.496269] initcall io_uring_init+0x0/0x2c returned 0 after 14 usecs
[    6.507166] calling  mbcache_init+0x0/0x30 @ 1
[    6.515023] initcall mbcache_init+0x0/0x30 returned 0 after 196 usecs
[    6.525757] calling  init_grace+0x0/0xc @ 1
[    6.532689] initcall init_grace+0x0/0xc returned 0 after 198 usecs
[    6.541754] calling  init_v2_quota_format+0x0/0x21 @ 1
[    6.549544] initcall init_v2_quota_format+0x0/0x21 returned 0 after 385 usecs
[    6.560319] calling  init_devpts_fs+0x0/0x27 @ 1
[    6.567825] initcall init_devpts_fs+0x0/0x27 returned 0 after 920 usecs
[    6.576980] calling  ext4_init_fs+0x0/0x1c2 @ 1
[    6.584942] initcall ext4_init_fs+0x0/0x1c2 returned 0 after 1325 usecs
[    6.595236] calling  journal_init+0x0/0x11c @ 1
[    6.602393] initcall journal_init+0x0/0x11c returned 0 after 224 usecs
[    6.612054] calling  init_fat_fs+0x0/0x49 @ 1
[    6.618900] initcall init_fat_fs+0x0/0x49 returned 0 after 195 usecs
[    6.627934] calling  init_vfat_fs+0x0/0xc @ 1
[    6.634748] initcall init_vfat_fs+0x0/0xc returned 0 after 25 usecs
[    6.643872] calling  init_msdos_fs+0x0/0xc @ 1
[    6.650964] initcall init_msdos_fs+0x0/0xc returned 0 after 5 usecs
[    6.664876] calling  init_iso9660_fs+0x0/0x6c @ 1
[    6.672347] initcall init_iso9660_fs+0x0/0x6c returned 0 after 181 usecs
[    6.681695] calling  init_nfs_fs+0x0/0x13a @ 1
[    6.695325] initcall init_nfs_fs+0x0/0x13a returned 0 after 7131 usecs
[    6.705277] calling  init_nfs_v2+0x0/0x13 @ 1
[    6.712511] initcall init_nfs_v2+0x0/0x13 returned 0 after 692 usecs
[    6.721495] calling  init_nfs_v3+0x0/0x13 @ 1
[    6.727501] initcall init_nfs_v3+0x0/0x13 returned 0 after 3 usecs
[    6.736225] calling  init_nfs_v4+0x0/0x32 @ 1
[    6.742195] NFS: Registering the id_resolver key type
[    6.750366] Key type id_resolver registered
[    6.756801] Key type id_legacy registered
[    6.763367] initcall init_nfs_v4+0x0/0x32 returned 0 after 20739 usecs
[    6.773285] calling  init_nlm+0x0/0x5b @ 1
[    6.780183] initcall init_nlm+0x0/0x5b returned 0 after 202 usecs
[    6.789943] calling  init_nls_cp437+0x0/0xe @ 1
[    6.797412] initcall init_nls_cp437+0x0/0xe returned 0 after 343 usecs
[    6.807096] calling  init_nls_ascii+0x0/0xe @ 1
[    6.813374] initcall init_nls_ascii+0x0/0xe returned 0 after 2 usecs
[    6.822437] calling  init_nls_iso8859_1+0x0/0xe @ 1
[    6.829162] initcall init_nls_iso8859_1+0x0/0xe returned 0 after 2 usecs
[    6.838755] calling  init_nls_utf8+0x0/0x21 @ 1
[    6.845292] initcall init_nls_utf8+0x0/0x21 returned 0 after 2 usecs
[    6.854423] calling  init_autofs_fs+0x0/0x25 @ 1
[    6.863550] initcall init_autofs_fs+0x0/0x25 returned 0 after 2662 usecs
[    6.872924] calling  ipc_init+0x0/0x24 @ 1
[    6.878985] initcall ipc_init+0x0/0x24 returned 0 after 77 usecs
[    6.887286] calling  ipc_sysctl_init+0x0/0x13 @ 1
[    6.894294] initcall ipc_sysctl_init+0x0/0x13 returned 0 after 53 usecs
[    6.903232] calling  init_mqueue_fs+0x0/0xb1 @ 1
[    6.911273] initcall init_mqueue_fs+0x0/0xb1 returned 0 after 1340 usecs
[    6.920410] calling  key_proc_init+0x0/0x63 @ 1
[    6.927487] initcall key_proc_init+0x0/0x63 returned 0 after 65 usecs
[    6.936973] calling  selinux_nf_ip_init+0x0/0x2e @ 1
[    6.944710] initcall selinux_nf_ip_init+0x0/0x2e returned 0 after 117 usecs
[    6.955206] calling  init_sel_fs+0x0/0x116 @ 1
[    6.962011] initcall init_sel_fs+0x0/0x116 returned 0 after 1 usecs
[    6.971257] calling  selnl_init+0x0/0x7c @ 1
[    6.978261] initcall selnl_init+0x0/0x7c returned 0 after 866 usecs
[    6.987504] calling  sel_netif_init+0x0/0x36 @ 1
[    6.994395] initcall sel_netif_init+0x0/0x36 returned 0 after 1 usecs
[    7.004149] calling  sel_netnode_init+0x0/0x33 @ 1
[    7.010877] initcall sel_netnode_init+0x0/0x33 returned 0 after 1 usecs
[    7.019718] calling  sel_netport_init+0x0/0x33 @ 1
[    7.025969] initcall sel_netport_init+0x0/0x33 returned 0 after 1 usecs
[    7.034958] calling  aurule_init+0x0/0x2a @ 1
[    7.041021] initcall aurule_init+0x0/0x2a returned 0 after 3 usecs
[    7.050056] calling  crypto_algapi_init+0x0/0xc @ 1
[    7.056945] initcall crypto_algapi_init+0x0/0xc returned 0 after 194 usecs
[    7.066115] calling  jent_mod_init+0x0/0x2d @ 1
[    7.092384] initcall jent_mod_init+0x0/0x2d returned 0 after 19571 usecs
[    7.123235] calling  asymmetric_key_init+0x0/0xc @ 1
[    7.135567] Key type asymmetric registered
[    7.142250] initcall asymmetric_key_init+0x0/0xc returned 0 after 7460 usecs
[    7.152738] calling  x509_key_init+0x0/0xc @ 1
[    7.172531] Asymmetric key parser 'x509' registered
[    7.185287] initcall x509_key_init+0x0/0xc returned 0 after 25213 usecs
[    7.195183] calling  proc_genhd_init+0x0/0x41 @ 1
[    7.204042] initcall proc_genhd_init+0x0/0x41 returned 0 after 1340 usecs
[    7.214042] calling  bsg_init+0x0/0x113 @ 1
[    7.224997] Block layer SCSI generic (bsg) driver version 0.4 loaded (major 251)
[    7.238968] initcall bsg_init+0x0/0x113 returned 0 after 17756 usecs
[    7.250910] calling  deadline_init+0x0/0xc @ 1
[    7.260265] io scheduler mq-deadline registered
[    7.267526] initcall deadline_init+0x0/0xc returned 0 after 7450 usecs
[    7.278761] calling  kyber_init+0x0/0xc @ 1
[    7.285838] io scheduler kyber registered
[    7.293162] initcall kyber_init+0x0/0xc returned 0 after 7201 usecs
[    7.303832] calling  mod_init+0x0/0x7 @ 1
[    7.311249] initcall mod_init+0x0/0x7 returned 0 after 0 usecs
[    7.321730] calling  percpu_counter_startup+0x0/0x55 @ 1
[    7.347918] initcall percpu_counter_startup+0x0/0x55 returned 0 after 15479 usecs
[    7.360060] calling  sg_pool_init+0x0/0xb4 @ 1
[    7.374072] initcall sg_pool_init+0x0/0xb4 returned 0 after 6024 usecs
[    7.384884] calling  pcie_portdrv_init+0x0/0x39 @ 1
[    7.399216] initcall pcie_portdrv_init+0x0/0x39 returned 0 after 5967 usecs
[    7.412905] calling  pci_proc_init+0x0/0x68 @ 1
[    7.421929] initcall pci_proc_init+0x0/0x68 returned 0 after 444 usecs
[    7.433716] calling  pci_hotplug_init+0x0/0x7 @ 1
[    7.442479] initcall pci_hotplug_init+0x0/0x7 returned 0 after 0 usecs
[    7.454349] calling  efifb_driver_init+0x0/0xe @ 1
[    7.464714] initcall efifb_driver_init+0x0/0xe returned 0 after 1511 usecs
[    7.477406] calling  ged_driver_init+0x0/0xe @ 1
[    7.485767] initcall ged_driver_init+0x0/0xe returned 0 after 238 usecs
[    7.497335] calling  acpi_ac_init+0x0/0x92 @ 1
[    7.510063] initcall acpi_ac_init+0x0/0x92 returned 0 after 5091 usecs
[    7.523295] calling  acpi_button_driver_init+0x0/0x52 @ 1
[    7.542932] input: Power Button as /devices/LNXSYSTM:00/LNXPWRBN:00/input/input0
[    7.565028] ACPI: Power Button [PWRF]
[    7.574455] initcall acpi_button_driver_init+0x0/0x52 returned 0 after 39869 usecs
[    7.586262] calling  acpi_fan_driver_init+0x0/0xe @ 1
[    7.594544] initcall acpi_fan_driver_init+0x0/0xe returned 0 after 31 usecs
[    7.606217] calling  acpi_video_init+0x0/0xcb @ 1
[    7.616086] initcall acpi_video_init+0x0/0xcb returned 0 after 1355 usecs
[    7.627116] calling  acpi_processor_driver_init+0x0/0xad @ 1
[    7.641589] initcall acpi_processor_driver_init+0x0/0xad returned 0 after 5055 usecs
[    7.652880] calling  acpi_thermal_init+0x0/0x71 @ 1
[    7.693749] initcall acpi_thermal_init+0x0/0x71 returned 0 after 32273 usecs
[    7.705355] calling  acpi_battery_init+0x0/0x32 @ 1
[    7.713949] initcall acpi_battery_init+0x0/0x32 returned 0 after 364 usecs
[    7.725029] calling  bgrt_init+0x0/0xb6 @ 1
[    7.731987] initcall bgrt_init+0x0/0xb6 returned -19 after 1 usecs
[    7.743001] calling  gpio_clk_driver_init+0x0/0xe @ 1
[    7.751387] initcall gpio_clk_driver_init+0x0/0xe returned 0 after 460 usecs
[    7.761714] calling  plt_clk_driver_init+0x0/0xe @ 1
[    7.771659] initcall plt_clk_driver_init+0x0/0xe returned 0 after 58 usecs
[    7.784940] calling  virtio_pci_driver_init+0x0/0x15 @ 1
[    7.793934] initcall virtio_pci_driver_init+0x0/0x15 returned 0 after 1171 usecs
[    7.804952] calling  n_null_init+0x0/0x1e @ 1
[    7.811801] initcall n_null_init+0x0/0x1e returned 0 after 273 usecs
[    7.821355] calling  pty_init+0x0/0x1e8 @ 1
[    7.853350] initcall pty_init+0x0/0x1e8 returned 0 after 25163 usecs
[    7.862903] calling  sysrq_init+0x0/0x62 @ 1
[    7.870416] initcall sysrq_init+0x0/0x62 returned 0 after 367 usecs
[    7.879313] calling  serial8250_init+0x0/0x17e @ 1
[    7.886600] Serial: 8250/16550 driver, 4 ports, IRQ sharing enabled
[    7.906937] 00:03: ttyS0 at I/O 0x3f8 (irq = 4, base_baud = 115200) is a 16550A
[    7.938672] initcall serial8250_init+0x0/0x17e returned 0 after 51091 usecs
[    7.951027] calling  serial_pci_driver_init+0x0/0x15 @ 1
[    7.959324] initcall serial_pci_driver_init+0x0/0x15 returned 0 after 357 usecs
[    7.970596] calling  exar_pci_driver_init+0x0/0x15 @ 1
[    7.978415] initcall exar_pci_driver_init+0x0/0x15 returned 0 after 141 usecs
[    7.989642] calling  lpss8250_pci_driver_init+0x0/0x15 @ 1
[    7.998400] initcall lpss8250_pci_driver_init+0x0/0x15 returned 0 after 47 usecs
[    8.009408] calling  mid8250_pci_driver_init+0x0/0x15 @ 1
[    8.018029] initcall mid8250_pci_driver_init+0x0/0x15 returned 0 after 50 usecs
[    8.029062] calling  virtio_console_init+0x0/0xff @ 1
[    8.042104] initcall virtio_console_init+0x0/0xff returned 0 after 4583 usecs
[    8.052184] calling  hpet_init+0x0/0x64 @ 1
[    8.068003] initcall hpet_init+0x0/0x64 returned 0 after 9514 usecs
[    8.077740] calling  nvram_module_init+0x0/0x83 @ 1
[    8.086787] Non-volatile memory driver v1.3
[    8.093382] initcall nvram_module_init+0x0/0x83 returned 0 after 8143 usecs
[    8.103145] calling  hwrng_modinit+0x0/0x8a @ 1
[    8.112438] initcall hwrng_modinit+0x0/0x8a returned 0 after 1845 usecs
[    8.121969] calling  mod_init+0x0/0x48 @ 1
[    8.128311] initcall mod_init+0x0/0x48 returned -19 after 0 usecs
[    8.136963] calling  agp_init+0x0/0x23 @ 1
[    8.143995] Linux agpgart interface v0.103
[    8.150959] initcall agp_init+0x0/0x23 returned 0 after 6796 usecs
[    8.161911] calling  agp_amd64_mod_init+0x0/0x5 @ 1
[    8.170946] initcall agp_amd64_mod_init+0x0/0x5 returned -19 after 989 usecs
[    8.181466] calling  agp_intel_init+0x0/0x28 @ 1
[    8.190894] initcall agp_intel_init+0x0/0x28 returned 0 after 2005 usecs
[    8.202946] calling  drm_kms_helper_init+0x0/0x7 @ 1
[    8.210866] initcall drm_kms_helper_init+0x0/0x7 returned 0 after 78 usecs
[    8.222854] calling  drm_core_init+0x0/0xbd @ 1
[    8.232743] initcall drm_core_init+0x0/0xbd returned 0 after 1960 usecs
[    8.245737] calling  i915_init+0x0/0x6b @ 1
[    8.262539] initcall i915_init+0x0/0x6b returned 0 after 8850 usecs
[    8.272927] calling  cn_proc_init+0x0/0x35 @ 1
[    8.281434] initcall cn_proc_init+0x0/0x35 returned 0 after 398 usecs
[    8.292485] calling  topology_sysfs_init+0x0/0x27 @ 1
[    8.302608] initcall topology_sysfs_init+0x0/0x27 returned 0 after 641 usecs
[    8.314545] calling  cacheinfo_sysfs_init+0x0/0x27 @ 1
[    8.331059] initcall cacheinfo_sysfs_init+0x0/0x27 returned 0 after 6942 usecs
[    8.342705] calling  loop_init+0x0/0x16a @ 1
[    8.482563] loop: module loaded
[    8.487113] initcall loop_init+0x0/0x16a returned 0 after 134083 usecs
[    8.495915] calling  mac_hid_init+0x0/0x21 @ 1
[    8.502554] initcall mac_hid_init+0x0/0x21 returned 0 after 108 usecs
[    8.511880] calling  spi_transport_init+0x0/0x74 @ 1
[    8.519553] initcall spi_transport_init+0x0/0x74 returned 0 after 479 usecs
[    8.529181] calling  init_sd+0x0/0x18c @ 1
[    8.535623] initcall init_sd+0x0/0x18c returned 0 after 593 usecs
[    8.544095] calling  init_sr+0x0/0x43 @ 1
[    8.549552] initcall init_sr+0x0/0x43 returned 0 after 281 usecs
[    8.557024] calling  init_sg+0x0/0x1c0 @ 1
[    8.563029] initcall init_sg+0x0/0x1c0 returned 0 after 227 usecs
[    8.570999] calling  ahci_pci_driver_init+0x0/0x15 @ 1
[    8.580183] ahci 0000:00:1f.2: version 3.0
[    8.594885] PCI Interrupt Link [GSIA] enabled at IRQ 16
[    8.620347] ahci 0000:00:1f.2: AHCI 0001.0000 32 slots 6 ports 1.5 Gbps 0x3f impl SATA mode
[    8.631429] ahci 0000:00:1f.2: flags: 64bit ncq only 
[    8.672620] scsi host0: ahci
[    8.698672] scsi host1: ahci
[    8.710044] scsi host2: ahci
[    8.722451] scsi host3: ahci
[    8.734705] scsi host4: ahci
[    8.755473] scsi host5: ahci
[    8.761613] ata1: SATA max UDMA/133 abar m4096@0xfebf1000 port 0xfebf1100 irq 24
[    8.772702] ata2: SATA max UDMA/133 abar m4096@0xfebf1000 port 0xfebf1180 irq 24
[    8.783834] ata3: SATA max UDMA/133 abar m4096@0xfebf1000 port 0xfebf1200 irq 24
[    8.793831] ata4: SATA max UDMA/133 abar m4096@0xfebf1000 port 0xfebf1280 irq 24
[    8.805013] ata5: SATA max UDMA/133 abar m4096@0xfebf1000 port 0xfebf1300 irq 24
[    8.816188] ata6: SATA max UDMA/133 abar m4096@0xfebf1000 port 0xfebf1380 irq 24
[    8.826696] initcall ahci_pci_driver_init+0x0/0x15 returned 0 after 243098 usecs
[    8.837470] calling  piix_init+0x0/0x26 @ 1
[    8.844467] initcall piix_init+0x0/0x26 returned 0 after 903 usecs
[    8.853999] calling  amd_pci_driver_init+0x0/0x15 @ 1
[    8.863022] initcall amd_pci_driver_init+0x0/0x15 returned 0 after 963 usecs
[    8.874543] calling  oldpiix_pci_driver_init+0x0/0x15 @ 1
[    8.883974] initcall oldpiix_pci_driver_init+0x0/0x15 returned 0 after 114 usecs
[    8.897514] calling  sch_pci_driver_init+0x0/0x15 @ 1
[    8.908315] initcall sch_pci_driver_init+0x0/0x15 returned 0 after 71 usecs
[    8.919714] calling  net_olddevs_init+0x0/0x55 @ 1
[    8.928649] initcall net_olddevs_init+0x0/0x55 returned 0 after 1695 usecs
[    8.938557] calling  blackhole_netdev_init+0x0/0x78 @ 1
[    8.948243] initcall blackhole_netdev_init+0x0/0x78 returned 0 after 907 usecs
[    8.960344] calling  phy_module_init+0x0/0x13 @ 1
[    8.968347] initcall phy_module_init+0x0/0x13 returned 0 after 690 usecs
[    8.979227] calling  tg3_driver_init+0x0/0x15 @ 1
[    8.986567] initcall tg3_driver_init+0x0/0x15 returned 0 after 130 usecs
[    8.996218] calling  e100_init_module+0x0/0x4c @ 1
[    9.003668] e100: Intel(R) PRO/100 Network Driver
[    9.010910] e100: Copyright(c) 1999-2006 Intel Corporation
[    9.019490] initcall e100_init_module+0x0/0x4c returned 0 after 15447 usecs
[    9.030527] calling  e1000_init_module+0x0/0x72 @ 1
[    9.037397] e1000: Intel(R) PRO/1000 Network Driver
[    9.044422] e1000: Copyright (c) 1999-2006 Intel Corporation.
[    9.052420] initcall e1000_init_module+0x0/0x72 returned 0 after 14668 usecs
[    9.063278] calling  e1000_init_module+0x0/0x2d @ 1
[    9.071425] e1000e: Intel(R) PRO/1000 Network Driver
[    9.079405] e1000e: Copyright(c) 1999 - 2015 Intel Corporation.
[    9.089467] initcall e1000_init_module+0x0/0x2d returned 0 after 17585 usecs
[    9.100710] calling  sky2_init_module+0x0/0x21 @ 1
[    9.108596] sky2: driver version 1.30
[    9.114951] initcall sky2_init_module+0x0/0x21 returned 0 after 6203 usecs
[    9.127663] calling  forcedeth_pci_driver_init+0x0/0x15 @ 1
[    9.136968] initcall forcedeth_pci_driver_init+0x0/0x15 returned 0 after 111 usecs
[    9.147251] ata2: SATA link down (SStatus 0 SControl 300)
[    9.149035] calling  rtl8139_init_module+0x0/0x15 @ 1
[    9.159367] ata3: SATA link up 1.5 Gbps (SStatus 113 SControl 300)
[    9.165013] initcall rtl8139_init_module+0x0/0x15 returned 0 after 101 usecs
[    9.179418] ata1: SATA link down (SStatus 0 SControl 300)
[    9.187859] calling  rtl8169_pci_driver_init+0x0/0x15 @ 1
[    9.201253] ata5: SATA link down (SStatus 0 SControl 300)
[    9.206049] initcall rtl8169_pci_driver_init+0x0/0x15 returned 0 after 103 usecs
[    9.215986] ata4: SATA link down (SStatus 0 SControl 300)
[    9.225034] calling  cdrom_init+0x0/0xc @ 1
[    9.225209] initcall cdrom_init+0x0/0xc returned 0 after 165 usecs
[    9.225215] calling  nonstatic_sysfs_init+0x0/0xc @ 1
[    9.225238] initcall nonstatic_sysfs_init+0x0/0xc returned 0 after 19 usecs
[    9.225241] calling  yenta_cardbus_driver_init+0x0/0x15 @ 1
[    9.225371] initcall yenta_cardbus_driver_init+0x0/0x15 returned 0 after 123 usecs
[    9.236500] ata6: SATA link down (SStatus 0 SControl 300)
[    9.239467] calling  mon_init+0x0/0x144 @ 1
[    9.248690] ata3.00: ATAPI: QEMU DVD-ROM, 2.5+, max UDMA/100
[    9.256775] initcall mon_init+0x0/0x144 returned 0 after 1443 usecs
[    9.265314] ata3.00: applying bridge limits
[    9.273604] calling  ehci_hcd_init+0x0/0x56 @ 1
[    9.273669] ehci_hcd: USB 2.0 'Enhanced' Host Controller (EHCI) Driver
[    9.273673] initcall ehci_hcd_init+0x0/0x56 returned 0 after 62 usecs
[    9.273676] calling  ehci_pci_init+0x0/0x64 @ 1
[    9.273692] ehci-pci: EHCI PCI platform driver
[    9.273789] initcall ehci_pci_init+0x0/0x64 returned 0 after 106 usecs
[    9.286308] ata3.00: configured for UDMA/100
[    9.292233] calling  ohci_hcd_mod_init+0x0/0x4e @ 1
[    9.303982] scsi 2:0:0:0: CD-ROM            QEMU     QEMU DVD-ROM     2.5+ PQ: 0 ANSI: 5
[    9.305659] ohci_hcd: USB 1.1 'Open' Host Controller (OHCI) Driver
[    9.305689] initcall ohci_hcd_mod_init+0x0/0x4e returned 0 after 26 usecs
[    9.305692] calling  ohci_pci_init+0x0/0x64 @ 1
[    9.305749] ohci-pci: OHCI PCI platform driver
[    9.305851] initcall ohci_pci_init+0x0/0x64 returned 0 after 152 usecs
[    9.305854] calling  uhci_hcd_init+0x0/0xa8 @ 1
[    9.305857] uhci_hcd: USB Universal Host Controller Interface driver
[    9.305953] initcall uhci_hcd_init+0x0/0xa8 returned 0 after 93 usecs
[    9.305955] calling  xhci_hcd_init+0x0/0x1e @ 1
[    9.305977] initcall xhci_hcd_init+0x0/0x1e returned 0 after 20 usecs
[    9.305980] calling  xhci_pci_init+0x0/0x49 @ 1
[    9.306224] initcall xhci_pci_init+0x0/0x49 returned 0 after 234 usecs
[    9.494995] calling  usblp_driver_init+0x0/0x15 @ 1
[    9.502367] usbcore: registered new interface driver usblp
[    9.509638] initcall usblp_driver_init+0x0/0x15 returned 0 after 7476 usecs
[    9.519259] calling  usb_storage_driver_init+0x0/0x2a @ 1
[    9.526769] usbcore: registered new interface driver usb-storage
[    9.535331] initcall usb_storage_driver_init+0x0/0x2a returned 0 after 8455 usecs
[    9.545759] calling  i8042_init+0x0/0x4c2 @ 1
[    9.551724] i8042: PNP: PS/2 Controller [PNP0303:KBD,PNP0f13:MOU] at 0x60,0x64 irq 1,12
[    9.572415] serio: i8042 KBD port at 0x60,0x64 irq 1
[    9.572785] sr 2:0:0:0: [sr0] scsi3-mmc drive: 4x/4x cd/rw xa/form2 tray
[    9.580225] serio: i8042 AUX port at 0x60,0x64 irq 12
[    9.589944] cdrom: Uniform CD-ROM driver Revision: 3.20
[    9.597531] initcall i8042_init+0x0/0x4c2 returned 0 after 44894 usecs
[    9.613008] calling  serport_init+0x0/0x2c @ 1
[    9.619362] initcall serport_init+0x0/0x2c returned 0 after 2 usecs
[    9.627626] calling  input_leds_init+0x0/0xc @ 1
[    9.633910] initcall input_leds_init+0x0/0xc returned 0 after 21 usecs
[    9.643309] calling  evdev_init+0x0/0xc @ 1
[    9.650041] initcall evdev_init+0x0/0xc returned 0 after 1253 usecs
[    9.659480] calling  atkbd_init+0x0/0x21 @ 1
[    9.667012] initcall atkbd_init+0x0/0x21 returned 0 after 129 usecs
[    9.676097] calling  psmouse_init+0x0/0x7f @ 1
[    9.682370] initcall psmouse_init+0x0/0x7f returned 0 after 130 usecs
[    9.690906] calling  cmos_init+0x0/0x73 @ 1
[    9.697374] rtc_cmos 00:04: RTC can wake from S4
[    9.716847] rtc_cmos 00:04: registered as rtc0
[    9.720975] sr 2:0:0:0: Attached scsi CD-ROM sr0
[    9.739001] rtc_cmos 00:04: alarms up to one day, y3k, 242 bytes nvram, hpet irqs
[    9.747302] sr 2:0:0:0: Attached scsi generic sg0 type 5
[    9.763555] initcall cmos_init+0x0/0x73 returned 0 after 65239 usecs
[    9.771811] input: AT Translated Set 2 keyboard as /devices/platform/i8042/serio0/input/input1
[    9.780782] calling  smbalert_driver_init+0x0/0xe @ 1
[    9.780904] initcall smbalert_driver_init+0x0/0xe returned 0 after 114 usecs
[    9.811793] calling  i2c_i801_init+0x0/0xc5 @ 1
[    9.859149] i801_smbus 0000:00:1f.3: SMBus using PCI interrupt
[    9.879797] i2c i2c-0: 1/1 memory slots populated (from DMI)
[    9.889527] i2c i2c-0: Memory type 0x07 not supported yet, not instantiating SPD
[    9.900916] initcall i2c_i801_init+0x0/0xc5 returned 0 after 79858 usecs
[    9.909879] calling  ptp_kvm_init+0x0/0xf0 @ 1
[    9.919935] initcall ptp_kvm_init+0x0/0xf0 returned 0 after 4541 usecs
[    9.928793] calling  dm_init+0x0/0x3c @ 1
[    9.936786] device-mapper: ioctl: 4.43.0-ioctl (2020-10-01) initialised: dm-devel@redhat.com
[    9.948327] initcall dm_init+0x0/0x3c returned 0 after 13678 usecs
[    9.957076] calling  dm_mirror_init+0x0/0x29 @ 1
[    9.963871] initcall dm_mirror_init+0x0/0x29 returned 0 after 17 usecs
[    9.972728] calling  dm_dirty_log_init+0x0/0x4f @ 1
[    9.980015] initcall dm_dirty_log_init+0x0/0x4f returned 0 after 333 usecs
[    9.990001] calling  dm_zero_init+0x0/0x29 @ 1
[    9.995831] initcall dm_zero_init+0x0/0x29 returned 0 after 2 usecs
[   10.005281] calling  intel_pstate_init+0x0/0x512 @ 1
[   10.013036] intel_pstate: CPU model not supported
[   10.020312] initcall intel_pstate_init+0x0/0x512 returned -19 after 7232 usecs
[   10.031433] calling  haltpoll_init+0x0/0xc0 @ 1
[   10.038679] initcall haltpoll_init+0x0/0xc0 returned -19 after 98 usecs
[   10.048377] calling  efivars_sysfs_init+0x0/0x30 @ 1
[   10.055755] initcall efivars_sysfs_init+0x0/0x30 returned 0 after 35 usecs
[   10.065751] calling  esrt_sysfs_init+0x0/0x2a2 @ 1
[   10.072860] initcall esrt_sysfs_init+0x0/0x2a2 returned -38 after 41 usecs
[   10.083337] calling  hid_init+0x0/0x5c @ 1
[   10.089825] hid: raw HID events driver (C) Jiri Kosina
[   10.098327] initcall hid_init+0x0/0x5c returned 0 after 9965 usecs
[   10.111688] calling  hid_generic_init+0x0/0x15 @ 1
[   10.117851] initcall hid_generic_init+0x0/0x15 returned 0 after 88 usecs
[   10.126303] calling  a4_driver_init+0x0/0x15 @ 1
[   10.132602] initcall a4_driver_init+0x0/0x15 returned 0 after 36 usecs
[   10.141876] calling  apple_driver_init+0x0/0x15 @ 1
[   10.149302] initcall apple_driver_init+0x0/0x15 returned 0 after 141 usecs
[   10.170725] calling  belkin_driver_init+0x0/0x15 @ 1
[   10.177980] initcall belkin_driver_init+0x0/0x15 returned 0 after 42 usecs
[   10.188016] calling  ch_driver_init+0x0/0x15 @ 1
[   10.194875] initcall ch_driver_init+0x0/0x15 returned 0 after 42 usecs
[   10.204221] calling  ch_driver_init+0x0/0x15 @ 1
[   10.210799] initcall ch_driver_init+0x0/0x15 returned 0 after 55 usecs
[   10.220120] calling  cp_driver_init+0x0/0x15 @ 1
[   10.226725] initcall cp_driver_init+0x0/0x15 returned 0 after 61 usecs
[   10.236254] calling  ez_driver_init+0x0/0x15 @ 1
[   10.242734] initcall ez_driver_init+0x0/0x15 returned 0 after 42 usecs
[   10.251580] calling  gyration_driver_init+0x0/0x15 @ 1
[   10.258616] initcall gyration_driver_init+0x0/0x15 returned 0 after 38 usecs
[   10.268164] calling  ite_driver_init+0x0/0x15 @ 1
[   10.274707] initcall ite_driver_init+0x0/0x15 returned 0 after 57 usecs
[   10.283343] calling  ks_driver_init+0x0/0x15 @ 1
[   10.289615] initcall ks_driver_init+0x0/0x15 returned 0 after 38 usecs
[   10.298401] calling  lg_driver_init+0x0/0x15 @ 1
[   10.304838] initcall lg_driver_init+0x0/0x15 returned 0 after 76 usecs
[   10.313415] calling  lg_g15_driver_init+0x0/0x15 @ 1
[   10.320191] initcall lg_g15_driver_init+0x0/0x15 returned 0 after 203 usecs
[   10.329965] calling  ms_driver_init+0x0/0x15 @ 1
[   10.336436] initcall ms_driver_init+0x0/0x15 returned 0 after 36 usecs
[   10.345412] calling  mr_driver_init+0x0/0x15 @ 1
[   10.351858] initcall mr_driver_init+0x0/0x15 returned 0 after 40 usecs
[   10.361037] calling  ntrig_driver_init+0x0/0x15 @ 1
[   10.367837] initcall ntrig_driver_init+0x0/0x15 returned 0 after 79 usecs
[   10.380194] calling  pl_driver_init+0x0/0x15 @ 1
[   10.386954] initcall pl_driver_init+0x0/0x15 returned 0 after 43 usecs
[   10.396226] calling  pl_driver_init+0x0/0x15 @ 1
[   10.403250] initcall pl_driver_init+0x0/0x15 returned 0 after 53 usecs
[   10.412356] calling  redragon_driver_init+0x0/0x15 @ 1
[   10.419211] initcall redragon_driver_init+0x0/0x15 returned 0 after 47 usecs
[   10.428536] calling  samsung_driver_init+0x0/0x15 @ 1
[   10.434984] initcall samsung_driver_init+0x0/0x15 returned 0 after 74 usecs
[   10.443686] calling  sony_init+0x0/0x38 @ 1
[   10.449289] initcall sony_init+0x0/0x38 returned 0 after 38 usecs
[   10.457414] calling  sp_driver_init+0x0/0x15 @ 1
[   10.463669] initcall sp_driver_init+0x0/0x15 returned 0 after 41 usecs
[   10.471737] calling  ts_driver_init+0x0/0x15 @ 1
[   10.477882] initcall ts_driver_init+0x0/0x15 returned 0 after 40 usecs
[   10.486359] calling  hid_init+0x0/0x58 @ 1
[   10.491767] usbcore: registered new interface driver usbhid
[   10.498478] usbhid: USB HID core driver
[   10.503334] initcall hid_init+0x0/0x58 returned 0 after 11686 usecs
[   10.514114] calling  eeepc_laptop_init+0x0/0x57 @ 1
[   10.541962] initcall eeepc_laptop_init+0x0/0x57 returned -19 after 770 usecs
[   10.551487] calling  pmc_atom_init+0x0/0x27a @ 1
[   10.574011] initcall pmc_atom_init+0x0/0x27a returned -19 after 59 usecs
[   10.583476] calling  alsa_hwdep_init+0x0/0x5e @ 1
[   10.590613] initcall alsa_hwdep_init+0x0/0x5e returned 0 after 412 usecs
[   10.600824] calling  alsa_timer_init+0x0/0x1f9 @ 1
[   10.609790] initcall alsa_timer_init+0x0/0x1f9 returned 0 after 1634 usecs
[   10.613716] input: ImExPS/2 Generic Explorer Mouse as /devices/platform/i8042/serio1/input/input3
[   10.618642] calling  snd_hrtimer_init+0x0/0x117 @ 1
[   10.653875] initcall snd_hrtimer_init+0x0/0x117 returned 0 after 6 usecs
[   10.662537] calling  alsa_pcm_init+0x0/0x64 @ 1
[   10.679907] initcall alsa_pcm_init+0x0/0x64 returned 0 after 22 usecs
[   10.688298] calling  alsa_seq_init+0x0/0x4a @ 1
[   10.695630] initcall alsa_seq_init+0x0/0x4a returned 0 after 1467 usecs
[   10.704350] calling  alsa_seq_dummy_init+0x0/0x9c @ 1
[   10.710456] initcall alsa_seq_dummy_init+0x0/0x9c returned 0 after 199 usecs
[   10.718486] calling  azx_driver_init+0x0/0x15 @ 1
[   10.724237] initcall azx_driver_init+0x0/0x15 returned 0 after 341 usecs
[   10.731890] calling  sock_diag_init+0x0/0x2a @ 1
[   10.738288] initcall sock_diag_init+0x0/0x2a returned 0 after 912 usecs
[   10.739627] tasks-tracing-torture: rcu_torture_read_exit: End of episode
[   10.746722] calling  blackhole_init+0x0/0xc @ 1
[   10.746777] initcall blackhole_init+0x0/0xc returned 0 after 49 usecs
[   10.767733] calling  nfnetlink_init+0x0/0x61 @ 1
[   10.775699] initcall nfnetlink_init+0x0/0x61 returned 0 after 602 usecs
[   10.784478] calling  nfnetlink_log_init+0x0/0x99 @ 1
[   10.791668] initcall nfnetlink_log_init+0x0/0x99 returned 0 after 407 usecs
[   10.801548] calling  nf_conntrack_standalone_init+0x0/0x87 @ 1
[   10.810892] initcall nf_conntrack_standalone_init+0x0/0x87 returned 0 after 1266 usecs
[   10.821726] calling  ctnetlink_init+0x0/0x83 @ 1
[   10.828139] initcall ctnetlink_init+0x0/0x83 returned 0 after 56 usecs
[   10.837020] calling  nf_conntrack_ftp_init+0x0/0x12c @ 1
[   10.844430] initcall nf_conntrack_ftp_init+0x0/0x12c returned 0 after 71 usecs
[   10.854293] calling  nf_conntrack_irc_init+0x0/0x129 @ 1
[   10.861521] initcall nf_conntrack_irc_init+0x0/0x129 returned 0 after 29 usecs
[   10.870844] calling  nf_conntrack_sip_init+0x0/0x172 @ 1
[   10.877675] initcall nf_conntrack_sip_init+0x0/0x172 returned 0 after 42 usecs
[   10.887605] calling  nf_nat_init+0x0/0xf0 @ 1
[   10.894217] initcall nf_nat_init+0x0/0xf0 returned 0 after 626 usecs
[   10.903211] calling  nf_nat_ftp_init+0x0/0x2a @ 1
[   10.908721] initcall nf_nat_ftp_init+0x0/0x2a returned 0 after 42 usecs
[   10.916511] calling  nf_nat_irc_init+0x0/0x2a @ 1
[   10.922149] initcall nf_nat_irc_init+0x0/0x2a returned 0 after 3 usecs
[   10.931281] calling  nf_nat_sip_init+0x0/0x36 @ 1
