c[?7l[2J[0mSeaBIOS (version 1.16.0-debian-1.16.0-4)
Booting from ROM...
early console in setup code
c[?7l[2J[    0.000000] Linux version 5.10.151+ (root@joelboxx.c.googlers.com) (gcc (Debian 12.2.0-3) 12.2.0, GNU ld (GNU Binutils for Debian) 2.39) #15 Tue Dec 13 09:21:54 UTC 2022
[    0.000000] Command line: selinux=0 initcall_debug debug console=ttyS0 rcutorture.torture_type=srcud rcupdate.rcu_self_test=1 rcutorture.n_barrier_cbs=4 rcutorture.stat_interval=15 rcutorture.shutdown_secs=1800 rcutorture.test_no_idle_hz=1 rcutorture.verbose=1
[    0.000000] x86/fpu: x87 FPU will use FXSAVE
[    0.000000] BIOS-provided physical RAM map:
[    0.000000] BIOS-e820: [mem 0x0000000000000000-0x000000000009fbff] usable
[    0.000000] BIOS-e820: [mem 0x000000000009fc00-0x000000000009ffff] reserved
[    0.000000] BIOS-e820: [mem 0x00000000000f0000-0x00000000000fffff] reserved
[    0.000000] BIOS-e820: [mem 0x0000000000100000-0x000000001ffdefff] usable
[    0.000000] BIOS-e820: [mem 0x000000001ffdf000-0x000000001fffffff] reserved
[    0.000000] BIOS-e820: [mem 0x00000000b0000000-0x00000000bfffffff] reserved
[    0.000000] BIOS-e820: [mem 0x00000000fed1c000-0x00000000fed1ffff] reserved
[    0.000000] BIOS-e820: [mem 0x00000000feffc000-0x00000000feffffff] reserved
[    0.000000] BIOS-e820: [mem 0x00000000fffc0000-0x00000000ffffffff] reserved
[    0.000000] NX (Execute Disable) protection: active
[    0.000000] SMBIOS 2.8 present.
[    0.000000] DMI: QEMU Standard PC (Q35 + ICH9, 2009), BIOS 1.16.0-debian-1.16.0-4 04/01/2014
[    0.000000] Hypervisor detected: KVM
[    0.000000] kvm-clock: Using msrs 4b564d01 and 4b564d00
[    0.000000] kvm-clock: cpu 0, msr 1e8b7001, primary cpu clock
[    0.000095] kvm-clock: using sched offset of 2229128540 cycles
[    0.000457] clocksource: kvm-clock: mask: 0xffffffffffffffff max_cycles: 0x1cd42e4dffb, max_idle_ns: 881590591483 ns
[    0.000680] tsc: Detected 1999.999 MHz processor
[    0.010827] e820: update [mem 0x00000000-0x00000fff] usable ==> reserved
[    0.010835] e820: remove [mem 0x000a0000-0x000fffff] usable
[    0.010845] last_pfn = 0x1ffdf max_arch_pfn = 0x400000000
[    0.011986] MTRR default type: write-back
[    0.012080] MTRR fixed ranges enabled:
[    0.012083]   00000-9FFFF write-back
[    0.012085]   A0000-BFFFF uncachable
[    0.012087]   C0000-FFFFF write-protect
[    0.012089] MTRR variable ranges enabled:
[    0.012092]   0 base 00C0000000 mask FFC0000000 uncachable
[    0.012094]   1 disabled
[    0.012096]   2 disabled
[    0.012098]   3 disabled
[    0.012100]   4 disabled
[    0.012101]   5 disabled
[    0.012171]   6 disabled
[    0.012173]   7 disabled
[    0.012618] x86/PAT: Configuration [0-7]: WB  WC  UC- UC  WB  WC  UC- UC  
[    0.021729] found SMP MP-table at [mem 0x000f5ba0-0x000f5baf]
[    0.024543] check: Scanning 1 areas for low memory corruption
[    0.041266] ACPI: Early table checksum verification disabled
[    0.043496] ACPI: RSDP 0x00000000000F59E0 000014 (v00 BOCHS )
[    0.043907] ACPI: RSDT 0x000000001FFE229A 000038 (v01 BOCHS  BXPC     00000001 BXPC 00000001)
[    0.044218] ACPI: FACP 0x000000001FFE2092 0000F4 (v03 BOCHS  BXPC     00000001 BXPC 00000001)
[    0.044370] ACPI: DSDT 0x000000001FFE0040 002052 (v01 BOCHS  BXPC     00000001 BXPC 00000001)
[    0.044381] ACPI: FACS 0x000000001FFE0000 000040
[    0.044390] ACPI: APIC 0x000000001FFE2186 000078 (v01 BOCHS  BXPC     00000001 BXPC 00000001)
[    0.044400] ACPI: HPET 0x000000001FFE21FE 000038 (v01 BOCHS  BXPC     00000001 BXPC 00000001)
[    0.044411] ACPI: MCFG 0x000000001FFE2236 00003C (v01 BOCHS  BXPC     00000001 BXPC 00000001)
[    0.044419] ACPI: WAET 0x000000001FFE2272 000028 (v01 BOCHS  BXPC     00000001 BXPC 00000001)
[    0.044427] ACPI: Reserving FACP table memory at [mem 0x1ffe2092-0x1ffe2185]
[    0.044431] ACPI: Reserving DSDT table memory at [mem 0x1ffe0040-0x1ffe2091]
[    0.044434] ACPI: Reserving FACS table memory at [mem 0x1ffe0000-0x1ffe003f]
[    0.044538] ACPI: Reserving APIC table memory at [mem 0x1ffe2186-0x1ffe21fd]
[    0.044581] ACPI: Reserving HPET table memory at [mem 0x1ffe21fe-0x1ffe2235]
[    0.044584] ACPI: Reserving MCFG table memory at [mem 0x1ffe2236-0x1ffe2271]
[    0.044587] ACPI: Reserving WAET table memory at [mem 0x1ffe2272-0x1ffe2299]
[    0.045825] ACPI: Local APIC address 0xfee00000
[    0.048619] Zone ranges:
[    0.048794]   DMA      [mem 0x0000000000001000-0x0000000000ffffff]
[    0.048887]   DMA32    [mem 0x0000000001000000-0x000000001ffdefff]
[    0.048893]   Normal   empty
[    0.048897] Movable zone start for each node
[    0.048901] Early memory node ranges
[    0.048904]   node   0: [mem 0x0000000000001000-0x000000000009efff]
[    0.049062]   node   0: [mem 0x0000000000100000-0x000000001ffdefff]
[    0.049212] Initmem setup node 0 [mem 0x0000000000001000-0x000000001ffdefff]
[    0.049279] On node 0 totalpages: 130941
[    0.049554]   DMA zone: 64 pages used for memmap
[    0.049557]   DMA zone: 21 pages reserved
[    0.049646]   DMA zone: 3998 pages, LIFO batch:0
[    0.049649]   DMA32 zone: 1984 pages used for memmap
[    0.049652]   DMA32 zone: 126943 pages, LIFO batch:31
[    0.052121] On node 0, zone DMA: 1 pages in unavailable ranges
[    0.056845] On node 0, zone DMA: 97 pages in unavailable ranges
[    0.220102] On node 0, zone DMA32: 33 pages in unavailable ranges
[    0.223738] ACPI: PM-Timer IO Port: 0x608
[    0.223746] ACPI: Local APIC address 0xfee00000
[    0.224042] ACPI: LAPIC_NMI (acpi_id[0xff] dfl dfl lint[0x1])
[    0.225489] IOAPIC[0]: apic_id 0, version 17, address 0xfec00000, GSI 0-23
[    0.225570] ACPI: INT_SRC_OVR (bus 0 bus_irq 0 global_irq 2 dfl dfl)
[    0.225650] ACPI: INT_SRC_OVR (bus 0 bus_irq 5 global_irq 5 high level)
[    0.225652] ACPI: INT_SRC_OVR (bus 0 bus_irq 9 global_irq 9 high level)
[    0.225814] ACPI: INT_SRC_OVR (bus 0 bus_irq 10 global_irq 10 high level)
[    0.225816] ACPI: INT_SRC_OVR (bus 0 bus_irq 11 global_irq 11 high level)
[    0.225820] ACPI: IRQ0 used by override.
[    0.225822] ACPI: IRQ5 used by override.
[    0.225824] ACPI: IRQ9 used by override.
[    0.225826] ACPI: IRQ10 used by override.
[    0.225828] ACPI: IRQ11 used by override.
[    0.225833] Using ACPI (MADT) for SMP configuration information
[    0.225836] ACPI: HPET id: 0x8086a201 base: 0xfed00000
[    0.227186] kvm-guest: stealtime: cpu 0, msr 1e05b4c0
[    0.228303] PM: hibernation: Registered nosave memory: [mem 0x00000000-0x00000fff]
[    0.228306] PM: hibernation: Registered nosave memory: [mem 0x0009f000-0x0009ffff]
[    0.228308] PM: hibernation: Registered nosave memory: [mem 0x000a0000-0x000effff]
[    0.228311] PM: hibernation: Registered nosave memory: [mem 0x000f0000-0x000fffff]
[    0.228371] [mem 0x20000000-0xafffffff] available for PCI devices
[    0.228435] Booting paravirtualized kernel on KVM
[    0.229102] clocksource: refined-jiffies: mask: 0xffffffff max_cycles: 0xffffffff, max_idle_ns: 1910969940391419 ns
[    0.261552] pcpu-alloc: s0 r0 d32768 u32768 alloc=1*32768
[    0.261752] pcpu-alloc: [0] 0 
[    0.262905] Built 1 zonelists, mobility grouping on.  Total pages: 128872
[    0.263114] Kernel command line: selinux=0 initcall_debug debug console=ttyS0 rcutorture.torture_type=srcud rcupdate.rcu_self_test=1 rcutorture.n_barrier_cbs=4 rcutorture.stat_interval=15 rcutorture.shutdown_secs=1800 rcutorture.test_no_idle_hz=1 rcutorture.verbose=1
[    0.279597] Dentry cache hash table entries: 65536 (order: 7, 524288 bytes, linear)
[    0.283734] Inode-cache hash table entries: 32768 (order: 6, 262144 bytes, linear)
[    0.284800] mem auto-init: stack:all(zero), heap alloc:off, heap free:off
[    0.300605] Memory: 469272K/523764K available (16397K kernel code, 2822K rwdata, 4744K rodata, 1252K init, 11672K bss, 54232K reserved, 0K cma-reserved)
[    0.302611] SLUB: HWalign=64, Order=0-3, MinObjects=0, CPUs=1, Nodes=1
[    0.303782] Kernel/User page tables isolation: enabled
[    0.317605] Running RCU self tests
[    0.343806] NR_IRQS: 4352, nr_irqs: 256, preallocated irqs: 16
[    0.351738] calling  con_init+0x0/0x24f @ 0
[    0.526417] Console: colour VGA+ 80x25
[    0.526454] initcall con_init+0x0/0x24f returned 0 after 0 usecs
[    0.526458] calling  hvc_console_init+0x0/0x13 @ 0
[    0.526513] initcall hvc_console_init+0x0/0x13 returned 0 after 0 usecs
[    0.526517] calling  univ8250_console_init+0x0/0x26 @ 0
[    1.343632] printk: console [ttyS0] enabled
[    1.348830] initcall univ8250_console_init+0x0/0x26 returned 0 after 0 usecs
[    1.356361] Lock dependency validator: Copyright (c) 2006 Red Hat, Inc., Ingo Molnar
[    1.364733] ... MAX_LOCKDEP_SUBCLASSES:  8
[    1.369307] ... MAX_LOCK_DEPTH:          48
[    1.374015] ... MAX_LOCKDEP_KEYS:        8192
[    1.378697] ... CLASSHASH_SIZE:          4096
[    1.383374] ... MAX_LOCKDEP_ENTRIES:     32768
[    1.388186] ... MAX_LOCKDEP_CHAINS:      65536
[    1.392986] ... CHAINHASH_SIZE:          32768
[    1.397829]  memory used by lock dependency info: 6365 kB
[    1.403478]  memory used for stack traces: 4224 kB
[    1.408536]  per task-struct memory footprint: 1920 bytes
[    1.415245] ACPI: Core revision 20200925
[    1.422454] clocksource: hpet: mask: 0xffffffff max_cycles: 0xffffffff, max_idle_ns: 19112604467 ns
[    1.433914] APIC: Switch to symmetric I/O mode setup
[    1.453384] ..TIMER: vector=0x30 apic1=0 pin1=2 apic2=-1 pin2=-1
[    1.460107] clocksource: tsc-early: mask: 0xffffffffffffffff max_cycles: 0x39a85afc727, max_idle_ns: 881590685098 ns
[    1.471521] Calibrating delay loop (skipped) preset value.. 3999.99 BogoMIPS (lpj=1999999)
[    1.472356] pid_max: default: 32768 minimum: 301
[    1.473727] LSM: Security Framework initializing
[    1.475520] Mount-cache hash table entries: 1024 (order: 1, 8192 bytes, linear)
[    1.476398] Mountpoint-cache hash table entries: 1024 (order: 1, 8192 bytes, linear)
[    1.484986] Last level iTLB entries: 4KB 0, 2MB 0, 4MB 0
[    1.485354] Last level dTLB entries: 4KB 0, 2MB 0, 4MB 0, 1GB 0
[    1.486370] CPU: Intel Common KVM processor (family: 0xf, model: 0x6, stepping: 0x1)
[    1.487374] Spectre V1 : Mitigation: usercopy/swapgs barriers and __user pointer sanitization
[    1.488355] Spectre V2 : Mitigation: Retpolines
[    1.489353] Spectre V2 : Spectre v2 / SpectreRSB mitigation: Filling RSB on context switch
[    1.491366] Spectre V2 : Spectre v2 / SpectreRSB : Filling RSB on VMEXIT
[    1.492354] Speculative Store Bypass: Vulnerable
[    1.493392] MDS: Vulnerable: Clear CPU buffers attempted, no microcode
[    1.494353] MMIO Stale Data: Unknown: No mitigations
[    1.548376] RCU test callback executed 1
[    1.550371] RCU test callback executed 2
[    1.551754] calling  init_hw_perf_events+0x0/0x6ce @ 1
[    1.552366] Performance Events: unsupported Netburst CPU model 6 no PMU driver, software events only.
[    1.553361] initcall init_hw_perf_events+0x0/0x6ce returned 0 after 976 usecs
[    1.554359] calling  init_real_mode+0x0/0x1e9 @ 1
[    1.555680] initcall init_real_mode+0x0/0x1e9 returned 0 after 0 usecs
[    1.556359] calling  trace_init_perf_perm_irq_work_exit+0x0/0x12 @ 1
[    1.557380] initcall trace_init_perf_perm_irq_work_exit+0x0/0x12 returned 0 after 0 usecs
[    1.558371] calling  validate_x2apic+0x0/0x4a @ 1
[    1.559380] initcall validate_x2apic+0x0/0x4a returned 0 after 0 usecs
[    1.560361] calling  register_nmi_cpu_backtrace_handler+0x0/0x15 @ 1
[    1.561375] initcall register_nmi_cpu_backtrace_handler+0x0/0x15 returned 0 after 0 usecs
[    1.563356] calling  kvm_setup_vsyscall_timeinfo+0x0/0x34 @ 1
[    1.564358] initcall kvm_setup_vsyscall_timeinfo+0x0/0x34 returned 0 after 0 usecs
[    1.565374] calling  spawn_ksoftirqd+0x0/0x34 @ 1
[    1.567652] initcall spawn_ksoftirqd+0x0/0x34 returned 0 after 0 usecs
[    1.568359] calling  trace_init_flags_sys_enter+0x0/0xe @ 1
[    1.569359] initcall trace_init_flags_sys_enter+0x0/0xe returned 0 after 0 usecs
[    1.570359] calling  trace_init_flags_sys_exit+0x0/0xe @ 1
[    1.571358] initcall trace_init_flags_sys_exit+0x0/0xe returned 0 after 0 usecs
[    1.572359] calling  init_kprobes+0x0/0x16e @ 1
[    1.574557] initcall init_kprobes+0x0/0x16e returned 0 after 976 usecs
[    1.575358] calling  init_events+0x0/0x3d @ 1
[    1.577442] initcall init_events+0x0/0x3d returned 0 after 976 usecs
[    1.578357] calling  init_trace_printk+0x0/0xc @ 1
[    1.579359] initcall init_trace_printk+0x0/0xc returned 0 after 0 usecs
[    1.581356] calling  event_trace_enable_again+0x0/0x23 @ 1
[    1.582358] initcall event_trace_enable_again+0x0/0x23 returned 0 after 0 usecs
[    1.583357] calling  static_call_init+0x0/0x6f @ 1
[    1.584357] initcall static_call_init+0x0/0x6f returned 0 after 0 usecs
[    1.585375] calling  jump_label_init_module+0x0/0xc @ 1
[    1.586358] initcall jump_label_init_module+0x0/0xc returned 0 after 0 usecs
[    1.587357] calling  init_zero_pfn+0x0/0x37 @ 1
[    1.588356] initcall init_zero_pfn+0x0/0x37 returned 0 after 0 usecs
[    1.589371] calling  initialize_ptr_random+0x0/0x54 @ 1
[    1.590410] initcall initialize_ptr_random+0x0/0x54 returned 0 after 0 usecs
[    1.591368] calling  efi_memreserve_root_init+0x0/0x25 @ 1
[    1.592371] initcall efi_memreserve_root_init+0x0/0x25 returned 0 after 0 usecs
[    1.593357] calling  efi_earlycon_remap_fb+0x0/0x51 @ 1
[    1.594357] initcall efi_earlycon_remap_fb+0x0/0x51 returned 0 after 0 usecs
[    1.698354] APIC calibration not consistent with PM-Timer: 102ms instead of 100ms
[    1.699348] APIC delta adjusted to PM-Timer: 6249657 (6395234)
[    1.711498] devtmpfs: initialized
[    1.715293] calling  ipc_ns_init+0x0/0x3d @ 1
[    1.715436] initcall ipc_ns_init+0x0/0x3d returned 0 after 0 usecs
[    1.716356] calling  init_mmap_min_addr+0x0/0x21 @ 1
[    1.717355] initcall init_mmap_min_addr+0x0/0x21 returned 0 after 0 usecs
[    1.718355] calling  pci_realloc_setup_params+0x0/0x3f @ 1
[    1.719355] initcall pci_realloc_setup_params+0x0/0x3f returned 0 after 0 usecs
[    1.720355] calling  net_ns_init+0x0/0x128 @ 1
[    1.721656] initcall net_ns_init+0x0/0x128 returned 0 after 0 usecs
[    1.722373] calling  e820__register_nvs_regions+0x0/0x37 @ 1
[    1.723362] initcall e820__register_nvs_regions+0x0/0x37 returned 0 after 0 usecs
[    1.724362] calling  cpufreq_register_tsc_scaling+0x0/0x2e @ 1
[    1.725388] initcall cpufreq_register_tsc_scaling+0x0/0x2e returned 0 after 0 usecs
[    1.726365] calling  reboot_init+0x0/0x3c @ 1
[    1.727425] initcall reboot_init+0x0/0x3c returned 0 after 0 usecs
[    1.728358] calling  init_lapic_sysfs+0x0/0x20 @ 1
[    1.729370] initcall init_lapic_sysfs+0x0/0x20 returned 0 after 0 usecs
[    1.730358] calling  wq_sysfs_init+0x0/0x2a @ 1
[    1.731585] initcall wq_sysfs_init+0x0/0x2a returned 0 after 0 usecs
[    1.732357] calling  ksysfs_init+0x0/0x92 @ 1
[    1.733393] initcall ksysfs_init+0x0/0x92 returned 0 after 0 usecs
[    1.734356] calling  pm_init+0x0/0x76 @ 1
[    1.735452] initcall pm_init+0x0/0x76 returned 0 after 0 usecs
[    1.736356] calling  pm_disk_init+0x0/0x13 @ 1
[    1.737399] initcall pm_disk_init+0x0/0x13 returned 0 after 0 usecs
[    1.738356] calling  swsusp_header_init+0x0/0x2b @ 1
[    1.739360] initcall swsusp_header_init+0x0/0x2b returned 0 after 0 usecs
[    1.740469] calling  rcu_set_runtime_mode+0x0/0x25 @ 1
[    1.741361] initcall rcu_set_runtime_mode+0x0/0x25 returned 0 after 0 usecs
[    1.742357] calling  init_jiffies_clocksource+0x0/0x13 @ 1
[    1.743357] clocksource: jiffies: mask: 0xffffffff max_cycles: 0xffffffff, max_idle_ns: 1911260446275000 ns
[    1.744362] initcall init_jiffies_clocksource+0x0/0x13 returned 0 after 976 usecs
[    1.745360] calling  futex_init+0x0/0xf8 @ 1
[    1.746360] futex hash table entries: 256 (order: 2, 22528 bytes, linear)
[    1.747477] initcall futex_init+0x0/0xf8 returned 0 after 976 usecs
[    1.748357] calling  cgroup_wq_init+0x0/0x28 @ 1
[    1.749394] initcall cgroup_wq_init+0x0/0x28 returned 0 after 0 usecs
[    1.750356] calling  cgroup1_wq_init+0x0/0x28 @ 1
[    1.751365] initcall cgroup1_wq_init+0x0/0x28 returned 0 after 0 usecs
[    1.752357] calling  init_kprobe_trace_early+0x0/0x2a @ 1
[    1.753448] initcall init_kprobe_trace_early+0x0/0x2a returned 0 after 0 usecs
[    1.754357] calling  fsnotify_init+0x0/0x56 @ 1
[    1.755368] initcall fsnotify_init+0x0/0x56 returned 0 after 0 usecs
[    1.756357] calling  filelock_init+0x0/0x7f @ 1
[    1.757431] initcall filelock_init+0x0/0x7f returned 0 after 0 usecs
[    1.758356] calling  init_misc_binfmt+0x0/0x2c @ 1
[    1.759424] initcall init_misc_binfmt+0x0/0x2c returned 0 after 0 usecs
[    1.760356] calling  init_script_binfmt+0x0/0x15 @ 1
[    1.761358] initcall init_script_binfmt+0x0/0x15 returned 0 after 0 usecs
[    1.762356] calling  init_elf_binfmt+0x0/0x15 @ 1
[    1.763356] initcall init_elf_binfmt+0x0/0x15 returned 0 after 0 usecs
[    1.764355] calling  init_compat_elf_binfmt+0x0/0x15 @ 1
[    1.765356] initcall init_compat_elf_binfmt+0x0/0x15 returned 0 after 0 usecs
[    1.766359] calling  debugfs_init+0x0/0x5c @ 1
[    1.767367] initcall debugfs_init+0x0/0x5c returned 0 after 0 usecs
[    1.768371] calling  tracefs_init+0x0/0x3a @ 1
[    1.769362] initcall tracefs_init+0x0/0x3a returned 0 after 0 usecs
[    1.770357] calling  prandom_init_early+0x0/0x111 @ 1
[    1.771356] initcall prandom_init_early+0x0/0x111 returned 0 after 0 usecs
[    1.772452] calling  virtio_init+0x0/0x20 @ 1
[    1.773443] initcall virtio_init+0x0/0x20 returned 0 after 0 usecs
[    1.774358] calling  iommu_init+0x0/0x2a @ 1
[    1.775380] initcall iommu_init+0x0/0x2a returned 0 after 0 usecs
[    1.776355] calling  component_debug_init+0x0/0x1c @ 1
[    1.778382] initcall component_debug_init+0x0/0x1c returned 0 after 976 usecs
[    1.779358] calling  early_resume_init+0x0/0xb9 @ 1
[    1.781949] PM: RTC time: 09:27:28, date: 2022-12-13
[    1.782376] initcall early_resume_init+0x0/0xb9 returned 0 after 1953 usecs
[    1.783357] calling  cpufreq_core_init+0x0/0x62 @ 1
[    1.784405] initcall cpufreq_core_init+0x0/0x62 returned 0 after 0 usecs
[    1.785356] calling  cpufreq_gov_performance_init+0x0/0xc @ 1
[    1.787408] initcall cpufreq_gov_performance_init+0x0/0xc returned 0 after 976 usecs
[    1.788356] calling  cpufreq_gov_userspace_init+0x0/0xc @ 1
[    1.789357] initcall cpufreq_gov_userspace_init+0x0/0xc returned 0 after 0 usecs
[    1.790356] calling  CPU_FREQ_GOV_ONDEMAND_init+0x0/0xc @ 1
[    1.791357] initcall CPU_FREQ_GOV_ONDEMAND_init+0x0/0xc returned 0 after 0 usecs
[    1.792355] calling  cpuidle_init+0x0/0x1f @ 1
[    1.793381] initcall cpuidle_init+0x0/0x1f returned 0 after 0 usecs
[    1.794358] calling  capsule_reboot_register+0x0/0xc @ 1
[    1.795392] initcall capsule_reboot_register+0x0/0xc returned 0 after 0 usecs
[    1.796357] calling  sock_init+0x0/0x93 @ 1
[    1.798915] initcall sock_init+0x0/0x93 returned 0 after 976 usecs
[    1.799358] calling  net_inuse_init+0x0/0x23 @ 1
[    1.800386] initcall net_inuse_init+0x0/0x23 returned 0 after 0 usecs
[    1.801357] calling  net_defaults_init+0x0/0x23 @ 1
[    1.802358] initcall net_defaults_init+0x0/0x23 returned 0 after 0 usecs
[    1.803357] calling  init_default_flow_dissectors+0x0/0x4f @ 1
[    1.805364] initcall init_default_flow_dissectors+0x0/0x4f returned 0 after 976 usecs
[    1.806357] calling  netpoll_init+0x0/0x44 @ 1
[    1.807357] initcall netpoll_init+0x0/0x44 returned 0 after 0 usecs
[    1.808359] calling  netlink_proto_init+0x0/0x154 @ 1
[    1.809667] NET: Registered protocol family 16
[    1.810507] initcall netlink_proto_init+0x0/0x154 returned 0 after 976 usecs
[    1.811375] calling  genl_init+0x0/0x35 @ 1
[    1.812429] initcall genl_init+0x0/0x35 returned 0 after 0 usecs
[    1.813373] calling  bsp_pm_check_init+0x0/0x13 @ 1
[    1.814360] initcall bsp_pm_check_init+0x0/0x13 returned 0 after 0 usecs
[    1.815373] calling  irq_sysfs_init+0x0/0xb9 @ 1
[    1.816727] initcall irq_sysfs_init+0x0/0xb9 returned 0 after 0 usecs
[    1.817359] calling  audit_init+0x0/0x127 @ 1
[    1.818373] audit: initializing netlink subsys (disabled)
[    1.819575] initcall audit_init+0x0/0x127 returned 0 after 976 usecs
[    1.820360] calling  release_early_probes+0x0/0x32 @ 1
[    1.821358] initcall release_early_probes+0x0/0x32 returned 0 after 0 usecs
[    1.822357] calling  bdi_class_init+0x0/0x48 @ 1
[    1.824365] initcall bdi_class_init+0x0/0x48 returned 0 after 976 usecs
[    1.825356] calling  mm_sysfs_init+0x0/0x28 @ 1
[    1.826365] initcall mm_sysfs_init+0x0/0x28 returned 0 after 0 usecs
[    1.827375] calling  init_per_zone_wmark_min+0x0/0x5e @ 1
[    1.828384] initcall init_per_zone_wmark_min+0x0/0x5e returned 0 after 0 usecs
[    1.829357] calling  mpi_init+0x0/0x3e @ 1
[    1.830375] initcall mpi_init+0x0/0x3e returned 0 after 0 usecs
[    1.831356] calling  kobject_uevent_init+0x0/0xc @ 1
[    1.832385] initcall kobject_uevent_init+0x0/0xc returned 0 after 0 usecs
[    1.833356] calling  pcibus_class_init+0x0/0x13 @ 1
[    1.834373] initcall pcibus_class_init+0x0/0x13 returned 0 after 0 usecs
[    1.836356] calling  pci_driver_init+0x0/0x21 @ 1
[    1.837443] initcall pci_driver_init+0x0/0x21 returned 0 after 0 usecs
[    1.838357] calling  backlight_class_init+0x0/0xa8 @ 1
[    1.839405] initcall backlight_class_init+0x0/0xa8 returned 0 after 0 usecs
[    1.840356] calling  tty_class_init+0x0/0x33 @ 1
[    1.841369] initcall tty_class_init+0x0/0x33 returned 0 after 0 usecs
[    1.842356] calling  vtconsole_class_init+0x0/0xb5 @ 1
[    1.843589] initcall vtconsole_class_init+0x0/0xb5 returned 0 after 0 usecs
[    1.844358] calling  iommu_dev_init+0x0/0x13 @ 1
[    1.845410] initcall iommu_dev_init+0x0/0x13 returned 0 after 0 usecs
[    1.846357] calling  mipi_dsi_bus_init+0x0/0xc @ 1
[    1.847400] initcall mipi_dsi_bus_init+0x0/0xc returned 0 after 0 usecs
[    1.848356] calling  devlink_class_init+0x0/0x40 @ 1
[    1.849411] initcall devlink_class_init+0x0/0x40 returned 0 after 0 usecs
[    1.850356] calling  software_node_init+0x0/0x2a @ 1
[    1.851363] initcall software_node_init+0x0/0x2a returned 0 after 0 usecs
[    1.852357] calling  wakeup_sources_debugfs_init+0x0/0x23 @ 1
[    1.853410] initcall wakeup_sources_debugfs_init+0x0/0x23 returned 0 after 0 usecs
[    1.854356] calling  wakeup_sources_sysfs_init+0x0/0x2c @ 1
[    1.855404] initcall wakeup_sources_sysfs_init+0x0/0x2c returned 0 after 0 usecs
[    1.856356] calling  regmap_initcall+0x0/0xc @ 1
[    1.858536] initcall regmap_initcall+0x0/0xc returned 0 after 0 usecs
[    1.859356] calling  i2c_init+0x0/0xb3 @ 1
[    1.860560] initcall i2c_init+0x0/0xb3 returned 0 after 0 usecs
[    1.861370] calling  thermal_init+0x0/0x116 @ 1
[    1.862423] thermal_sys: Registered thermal governor 'step_wise'
[    1.862426] thermal_sys: Registered thermal governor 'user_space'
[    1.863372] initcall thermal_init+0x0/0x116 returned 0 after 976 usecs
[    1.865361] calling  init_menu+0x0/0xc @ 1
[    1.866388] cpuidle: using governor menu
[    1.867356] initcall init_menu+0x0/0xc returned 0 after 976 usecs
[    1.868357] calling  pcc_init+0x0/0x4d @ 1
[    1.869404] initcall pcc_init+0x0/0x4d returned -19 after 0 usecs
[    1.870356] calling  amd_postcore_init+0x0/0x11e @ 1
[    1.871356] initcall amd_postcore_init+0x0/0x11e returned 0 after 0 usecs
[    1.872371] calling  bts_init+0x0/0xba @ 1
[    1.873355] initcall bts_init+0x0/0xba returned -19 after 0 usecs
[    1.874354] calling  pt_init+0x0/0x2f7 @ 1
[    1.875356] initcall pt_init+0x0/0x2f7 returned -19 after 0 usecs
[    1.876356] calling  boot_params_ksysfs_init+0x0/0x2ee @ 1
[    1.877398] initcall boot_params_ksysfs_init+0x0/0x2ee returned 0 after 0 usecs
[    1.878356] calling  sbf_init+0x0/0xea @ 1
[    1.879355] initcall sbf_init+0x0/0xea returned 0 after 0 usecs
[    1.880358] calling  arch_kdebugfs_init+0x0/0x219 @ 1
[    1.881777] initcall arch_kdebugfs_init+0x0/0x219 returned 0 after 0 usecs
[    1.882356] calling  intel_pconfig_init+0x0/0x85 @ 1
[    1.883355] initcall intel_pconfig_init+0x0/0x85 returned 0 after 0 usecs
[    1.884359] calling  mtrr_if_init+0x0/0x5d @ 1
[    1.885364] initcall mtrr_if_init+0x0/0x5d returned 0 after 0 usecs
[    1.886356] calling  activate_jump_labels+0x0/0x31 @ 1
[    1.887358] initcall activate_jump_labels+0x0/0x31 returned 0 after 0 usecs
[    1.888356] calling  ffh_cstate_init+0x0/0x29 @ 1
[    1.889368] initcall ffh_cstate_init+0x0/0x29 returned 0 after 0 usecs
[    1.890359] calling  activate_jump_labels+0x0/0x31 @ 1
[    1.891453] initcall activate_jump_labels+0x0/0x31 returned 0 after 0 usecs
[    1.892357] calling  kvm_alloc_cpumask+0x0/0x2b @ 1
[    1.893383] initcall kvm_alloc_cpumask+0x0/0x2b returned 0 after 0 usecs
[    1.894402] calling  kcmp_cookies_init+0x0/0x37 @ 1
[    1.895362] initcall kcmp_cookies_init+0x0/0x37 returned 0 after 0 usecs
[    1.896357] calling  cryptomgr_init+0x0/0xc @ 1
[    1.897427] initcall cryptomgr_init+0x0/0xc returned 0 after 0 usecs
[    1.898357] calling  acpi_pci_init+0x0/0x57 @ 1
[    1.899380] ACPI: bus type PCI registered
[    1.900357] initcall acpi_pci_init+0x0/0x57 returned 0 after 976 usecs
[    1.901360] calling  dma_channel_table_init+0x0/0xce @ 1
[    1.902370] initcall dma_channel_table_init+0x0/0xce returned 0 after 0 usecs
[    1.903373] calling  dma_bus_init+0x0/0xdc @ 1
[    1.904486] initcall dma_bus_init+0x0/0xdc returned 0 after 0 usecs
[    1.905441] calling  iommu_dma_init+0x0/0x10 @ 1
[    1.906469] initcall iommu_dma_init+0x0/0x10 returned 0 after 0 usecs
[    1.907379] calling  dmi_id_init+0x0/0x37c @ 1
[    1.908645] initcall dmi_id_init+0x0/0x37c returned 0 after 0 usecs
[    1.909362] calling  pci_arch_init+0x0/0x71 @ 1
[    1.911378] PCI: MMCONFIG for domain 0000 [bus 00-ff] at [mem 0xb0000000-0xbfffffff] (base 0xb0000000)
[    1.912361] PCI: MMCONFIG at [mem 0xb0000000-0xbfffffff] reserved in E820
[    1.913448] PCI: Using configuration type 1 for base access
[    1.915386] initcall pci_arch_init+0x0/0x71 returned 0 after 4882 usecs
[    1.916378] calling  init_vdso+0x0/0x13 @ 1
[    1.917393] initcall init_vdso+0x0/0x13 returned 0 after 0 usecs
[    1.918357] calling  sysenter_setup+0x0/0x13 @ 1
[    1.919391] initcall sysenter_setup+0x0/0x13 returned 0 after 0 usecs
[    1.920357] calling  fixup_ht_bug+0x0/0x7f @ 1
[    1.921357] initcall fixup_ht_bug+0x0/0x7f returned 0 after 0 usecs
[    1.922362] calling  topology_init+0x0/0x15 @ 1
[    1.924538] initcall topology_init+0x0/0x15 returned 0 after 976 usecs
[    1.925362] calling  intel_epb_init+0x0/0x68 @ 1
[    1.926367] initcall intel_epb_init+0x0/0x68 returned -19 after 0 usecs
[    1.927358] calling  mtrr_init_finialize+0x0/0x3e @ 1
[    1.928357] initcall mtrr_init_finialize+0x0/0x3e returned 0 after 0 usecs
[    1.929359] calling  uid_cache_init+0x0/0x85 @ 1
[    1.930382] initcall uid_cache_init+0x0/0x85 returned 0 after 0 usecs
[    1.931359] calling  param_sysfs_init+0x0/0x1ba @ 1
[    1.945189] initcall param_sysfs_init+0x0/0x1ba returned 0 after 11718 usecs
[    1.945360] calling  user_namespace_sysctl_init+0x0/0x33 @ 1
[    1.947372] initcall user_namespace_sysctl_init+0x0/0x33 returned 0 after 0 usecs
[    1.948358] calling  proc_schedstat_init+0x0/0x24 @ 1
[    1.949363] initcall proc_schedstat_init+0x0/0x24 returned 0 after 0 usecs
[    1.950357] calling  pm_sysrq_init+0x0/0x18 @ 1
[    1.951473] initcall pm_sysrq_init+0x0/0x18 returned 0 after 0 usecs
[    1.952422] calling  create_proc_profile+0x0/0x50 @ 1
[    1.953357] initcall create_proc_profile+0x0/0x50 returned 0 after 0 usecs
[    1.954365] calling  time_ns_init+0x0/0x7 @ 1
[    1.955358] initcall time_ns_init+0x0/0x7 returned 0 after 0 usecs
[    1.956358] calling  crash_save_vmcoreinfo_init+0x0/0x756 @ 1
[    1.957464] initcall crash_save_vmcoreinfo_init+0x0/0x756 returned 0 after 0 usecs
[    1.958358] calling  crash_notes_memory_init+0x0/0x35 @ 1
[    1.959364] initcall crash_notes_memory_init+0x0/0x35 returned 0 after 0 usecs
[    1.960362] calling  cgroup_sysfs_init+0x0/0x13 @ 1
[    1.961393] initcall cgroup_sysfs_init+0x0/0x13 returned 0 after 0 usecs
[    1.962360] calling  cgroup_namespaces_init+0x0/0x7 @ 1
[    1.963361] initcall cgroup_namespaces_init+0x0/0x7 returned 0 after 0 usecs
[    1.964357] calling  init_optprobes+0x0/0x13 @ 1
[    1.965395] Kprobes globally optimized
[    1.966357] initcall init_optprobes+0x0/0x13 returned 0 after 976 usecs
[    1.967357] calling  oom_init+0x0/0x2f @ 1
[    1.969425] audit: type=2000 audit(1670923647.457:1): state=initialized audit_enabled=0 res=1
[    1.970425] initcall oom_init+0x0/0x2f returned 0 after 1953 usecs
[    1.971376] calling  default_bdi_init+0x0/0xb3 @ 1
[    1.972724] initcall default_bdi_init+0x0/0xb3 returned 0 after 0 usecs
[    1.973358] calling  percpu_enable_async+0x0/0xe @ 1
[    1.974356] initcall percpu_enable_async+0x0/0xe returned 0 after 0 usecs
[    1.975363] calling  kcompactd_init+0x0/0x46 @ 1
[    1.977443] initcall kcompactd_init+0x0/0x46 returned 0 after 976 usecs
[    1.978514] calling  init_user_reserve+0x0/0x30 @ 1
[    1.980358] initcall init_user_reserve+0x0/0x30 returned 0 after 0 usecs
[    1.981357] calling  init_admin_reserve+0x0/0x30 @ 1
[    1.982357] initcall init_admin_reserve+0x0/0x30 returned 0 after 0 usecs
[    1.983357] calling  init_reserve_notifier+0x0/0x7 @ 1
[    1.984357] initcall init_reserve_notifier+0x0/0x7 returned 0 after 0 usecs
[    1.985357] calling  swap_init_sysfs+0x0/0x62 @ 1
[    1.986372] initcall swap_init_sysfs+0x0/0x62 returned 0 after 0 usecs
[    1.987356] calling  swapfile_init+0x0/0x46 @ 1
[    1.988358] initcall swapfile_init+0x0/0x46 returned 0 after 0 usecs
[    1.989355] calling  hugetlb_init+0x0/0x42c @ 1
[    1.990358] HugeTLB registered 2.00 MiB page size, pre-allocated 0 pages
[    1.991622] initcall hugetlb_init+0x0/0x42c returned 0 after 976 usecs
[    1.992362] calling  io_wq_init+0x0/0x34 @ 1
[    1.993357] initcall io_wq_init+0x0/0x34 returned 0 after 0 usecs
[    1.994355] calling  seqiv_module_init+0x0/0xc @ 1
[    1.995494] initcall seqiv_module_init+0x0/0xc returned 0 after 0 usecs
[    1.996357] calling  echainiv_module_init+0x0/0xc @ 1
[    1.997357] initcall echainiv_module_init+0x0/0xc returned 0 after 0 usecs
[    1.998650] calling  rsa_init+0x0/0x50 @ 1
[    2.001702] cryptomgr_test (18) used greatest stack depth: 14864 bytes left
[    2.002398] initcall rsa_init+0x0/0x50 returned 0 after 1953 usecs
[    2.004356] calling  crypto_cmac_module_init+0x0/0xc @ 1
[    2.005364] initcall crypto_cmac_module_init+0x0/0xc returned 0 after 0 usecs
[    2.006358] calling  hmac_module_init+0x0/0xc @ 1
[    2.007360] initcall hmac_module_init+0x0/0xc returned 0 after 0 usecs
[    2.008359] calling  crypto_null_mod_init+0x0/0x65 @ 1
[    2.009615] initcall crypto_null_mod_init+0x0/0x65 returned 0 after 0 usecs
[    2.010362] calling  md5_mod_init+0x0/0xc @ 1
[    2.011467] initcall md5_mod_init+0x0/0xc returned 0 after 0 usecs
[    2.012358] calling  sha256_generic_mod_init+0x0/0x11 @ 1
[    2.013512] initcall sha256_generic_mod_init+0x0/0x11 returned 0 after 0 usecs
[    2.014359] calling  crypto_cbc_module_init+0x0/0xc @ 1
[    2.015359] initcall crypto_cbc_module_init+0x0/0xc returned 0 after 0 usecs
[    2.016358] calling  crypto_ctr_module_init+0x0/0x11 @ 1
[    2.017386] initcall crypto_ctr_module_init+0x0/0x11 returned 0 after 0 usecs
[    2.018362] calling  crypto_gcm_module_init+0x0/0x64 @ 1
[    2.019402] initcall crypto_gcm_module_init+0x0/0x64 returned 0 after 0 usecs
[    2.020360] calling  crypto_ccm_module_init+0x0/0x11 @ 1
[    2.021360] initcall crypto_ccm_module_init+0x0/0x11 returned 0 after 0 usecs
[    2.022373] calling  aes_init+0x0/0xc @ 1
[    2.023524] initcall aes_init+0x0/0xc returned 0 after 0 usecs
[    2.024359] calling  crc32c_mod_init+0x0/0xc @ 1
[    2.025452] initcall crc32c_mod_init+0x0/0xc returned 0 after 0 usecs
[    2.026358] calling  crypto_authenc_module_init+0x0/0xc @ 1
[    2.027364] initcall crypto_authenc_module_init+0x0/0xc returned 0 after 0 usecs
[    2.028360] calling  crypto_authenc_esn_module_init+0x0/0xc @ 1
[    2.029364] initcall crypto_authenc_esn_module_init+0x0/0xc returned 0 after 0 usecs
[    2.030362] calling  drbg_init+0x0/0x7c @ 1
[    2.032836] initcall drbg_init+0x0/0x7c returned 0 after 976 usecs
[    2.033360] calling  ghash_mod_init+0x0/0xc @ 1
[    2.035431] initcall ghash_mod_init+0x0/0xc returned 0 after 976 usecs
[    2.036356] calling  init_bio+0x0/0x9a @ 1
[    2.037700] initcall init_bio+0x0/0x9a returned 0 after 0 usecs
[    2.038359] calling  blk_settings_init+0x0/0x29 @ 1
[    2.039357] initcall blk_settings_init+0x0/0x29 returned 0 after 0 usecs
[    2.040360] calling  blk_ioc_init+0x0/0x29 @ 1
[    2.041384] initcall blk_ioc_init+0x0/0x29 returned 0 after 0 usecs
[    2.042362] calling  blk_mq_init+0x0/0x96 @ 1
[    2.043388] initcall blk_mq_init+0x0/0x96 returned 0 after 0 usecs
[    2.044360] calling  genhd_device_init+0x0/0x75 @ 1
[    2.046469] initcall genhd_device_init+0x0/0x75 returned 0 after 976 usecs
[    2.047437] calling  pci_slot_init+0x0/0x40 @ 1
[    2.049359] initcall pci_slot_init+0x0/0x40 returned 0 after 976 usecs
[    2.050358] calling  fbmem_init+0x0/0xd8 @ 1
[    2.052523] initcall fbmem_init+0x0/0xd8 returned 0 after 0 usecs
[    2.053356] calling  acpi_init+0x0/0x316 @ 1
[    2.054402] ACPI: Added _OSI(Module Device)
[    2.055355] ACPI: Added _OSI(Processor Device)
[    2.056355] ACPI: Added _OSI(3.0 _SCP Extensions)
[    2.057355] ACPI: Added _OSI(Processor Aggregator Device)
[    2.058358] ACPI: Added _OSI(Linux-Dell-Video)
[    2.059386] ACPI: Added _OSI(Linux-Lenovo-NV-HDMI-Audio)
[    2.060356] ACPI: Added _OSI(Linux-HPI-Hybrid-Graphics)
[    2.065086] ACPI: 1 ACPI AML tables successfully acquired and loaded
[    2.069863] ACPI: Interpreter enabled
[    2.070420] ACPI: (supports S0 S3 S4 S5)
[    2.071357] ACPI: Using IOAPIC for interrupt routing
[    2.072454] PCI: Using host bridge windows from ACPI; if necessary, use "pci=nocrs" and report a bug
[    2.073822] ACPI: Enabled 2 GPEs in block 00 to 3F
[    2.084810] ACPI: PCI Root Bridge [PCI0] (domain 0000 [bus 00-ff])
[    2.085365] acpi PNP0A08:00: _OSC: OS supports [ExtendedConfig ASPM ClockPM Segments MSI HPX-Type3]
[    2.086680] acpi PNP0A08:00: _OSC: platform does not support [LTR]
[    2.087607] acpi PNP0A08:00: _OSC: OS now controls [PME PCIeCapability]
[    2.089423] PCI host bridge to bus 0000:00
[    2.090379] pci_bus 0000:00: root bus resource [io  0x0000-0x0cf7 window]
[    2.091358] pci_bus 0000:00: root bus resource [io  0x0d00-0xffff window]
[    2.092379] pci_bus 0000:00: root bus resource [mem 0x000a0000-0x000bffff window]
[    2.093373] pci_bus 0000:00: root bus resource [mem 0x20000000-0xafffffff window]
[    2.094399] pci_bus 0000:00: root bus resource [mem 0xc0000000-0xfebfffff window]
[    2.095361] pci_bus 0000:00: root bus resource [mem 0x100000000-0x8ffffffff window]
[    2.096362] pci_bus 0000:00: root bus resource [bus 00-ff]
[    2.098701] pci 0000:00:00.0: calling  quirk_mmio_always_on+0x0/0x10 @ 1
[    2.099372] pci 0000:00:00.0: quirk_mmio_always_on+0x0/0x10 took 0 usecs
[    2.100358] pci 0000:00:00.0: [8086:29c0] type 00 class 0x060000
[    2.105234] pci 0000:00:00.0: calling  quirk_igfx_skip_te_disable+0x0/0x80 @ 1
[    2.105362] pci 0000:00:00.0: quirk_igfx_skip_te_disable+0x0/0x80 took 0 usecs
[    2.108355] pci 0000:00:01.0: [1234:1111] type 00 class 0x030000
[    2.113824] pci 0000:00:01.0: reg 0x10: [mem 0xfd000000-0xfdffffff pref]
[    2.121860] pci 0000:00:01.0: reg 0x18: [mem 0xfebf0000-0xfebf0fff]
[    2.135777] pci 0000:00:01.0: reg 0x30: [mem 0xfebe0000-0xfebeffff pref]
[    2.139303] pci 0000:00:01.0: calling  efifb_fixup_resources+0x0/0xf0 @ 1
[    2.139387] pci 0000:00:01.0: efifb_fixup_resources+0x0/0xf0 took 0 usecs
[    2.147577] pci 0000:00:1f.0: [8086:2918] type 00 class 0x060100
[    2.153839] pci 0000:00:1f.0: calling  quirk_ich7_lpc+0x0/0x60 @ 1
[    2.155597] pci 0000:00:1f.0: quirk: [io  0x0600-0x067f] claimed by ICH6 ACPI/GPIO/TCO
[    2.156803] pci 0000:00:1f.0: quirk_ich7_lpc+0x0/0x60 took 1953 usecs
[    2.157441] pci 0000:00:1f.0: calling  quirk_igfx_skip_te_disable+0x0/0x80 @ 1
[    2.158392] pci 0000:00:1f.0: quirk_igfx_skip_te_disable+0x0/0x80 took 0 usecs
[    2.161517] pci 0000:00:1f.2: [8086:2922] type 00 class 0x010601
[    2.171356] pci 0000:00:1f.2: reg 0x20: [io  0xc040-0xc05f]
[    2.173359] pci 0000:00:1f.2: reg 0x24: [mem 0xfebf1000-0xfebf1fff]
[    2.175999] pci 0000:00:1f.2: calling  quirk_igfx_skip_te_disable+0x0/0x80 @ 1
[    2.176362] pci 0000:00:1f.2: quirk_igfx_skip_te_disable+0x0/0x80 took 0 usecs
[    2.181663] pci 0000:00:1f.3: [8086:2930] type 00 class 0x0c0500
[    2.189357] pci 0000:00:1f.3: reg 0x20: [io  0x0700-0x073f]
[    2.193013] pci 0000:00:1f.3: calling  quirk_igfx_skip_te_disable+0x0/0x80 @ 1
[    2.193362] pci 0000:00:1f.3: quirk_igfx_skip_te_disable+0x0/0x80 took 0 usecs
[    2.196233] pci_bus 0000:00: on NUMA node 0
[    2.202078] ACPI: PCI Interrupt Link [LNKA] (IRQs 5 *10 11)
[    2.203705] ACPI: PCI Interrupt Link [LNKB] (IRQs 5 *10 11)
[    2.205677] ACPI: PCI Interrupt Link [LNKC] (IRQs 5 10 *11)
[    2.207674] ACPI: PCI Interrupt Link [LNKD] (IRQs 5 10 *11)
[    2.209544] ACPI: PCI Interrupt Link [LNKE] (IRQs 5 *10 11)
[    2.211523] ACPI: PCI Interrupt Link [LNKF] (IRQs 5 *10 11)
[    2.213759] ACPI: PCI Interrupt Link [LNKG] (IRQs 5 10 *11)
[    2.215661] ACPI: PCI Interrupt Link [LNKH] (IRQs 5 10 *11)
[    2.216602] ACPI: PCI Interrupt Link [GSIA] (IRQs *16)
[    2.217399] ACPI: PCI Interrupt Link [GSIB] (IRQs *17)
[    2.218663] ACPI: PCI Interrupt Link [GSIC] (IRQs *18)
[    2.220372] ACPI: PCI Interrupt Link [GSID] (IRQs *19)
[    2.222363] ACPI: PCI Interrupt Link [GSIE] (IRQs *20)
[    2.224358] ACPI: PCI Interrupt Link [GSIF] (IRQs *21)
[    2.225714] ACPI: PCI Interrupt Link [GSIG] (IRQs *22)
[    2.227593] ACPI: PCI Interrupt Link [GSIH] (IRQs *23)
[    2.232727] initcall acpi_init+0x0/0x316 returned 0 after 173828 usecs
[    2.233566] calling  pnp_init+0x0/0xc @ 1
[    2.234432] initcall pnp_init+0x0/0xc returned 0 after 0 usecs
[    2.235358] calling  misc_init+0x0/0xbf @ 1
[    2.237378] initcall misc_init+0x0/0xbf returned 0 after 976 usecs
[    2.238359] calling  iommu_subsys_init+0x0/0x4e @ 1
[    2.239387] iommu: Default domain type: Translated 
[    2.240358] initcall iommu_subsys_init+0x0/0x4e returned 0 after 976 usecs
[    2.241357] calling  vga_arb_device_init+0x0/0x261 @ 1
[    2.245687] pci 0000:00:01.0: vgaarb: setting as boot VGA device
[    2.246348] pci 0000:00:01.0: vgaarb: VGA device added: decodes=io+mem,owns=io+mem,locks=none
[    2.246357] pci 0000:00:01.0: vgaarb: bridge control possible
[    2.247355] vgaarb: loaded
[    2.248361] initcall vga_arb_device_init+0x0/0x261 returned 0 after 5859 usecs
[    2.249451] calling  cn_init+0x0/0xf0 @ 1
[    2.251870] initcall cn_init+0x0/0xf0 returned 0 after 976 usecs
[    2.252359] calling  dma_buf_init+0x0/0xad @ 1
[    2.254016] initcall dma_buf_init+0x0/0xad returned 0 after 0 usecs
[    2.255359] calling  dma_resv_lockdep+0x0/0x27f @ 1
[    2.257718] initcall dma_resv_lockdep+0x0/0x27f returned 0 after 976 usecs
[    2.258363] calling  init_scsi+0x0/0x79 @ 1
[    2.261054] SCSI subsystem initialized
[    2.261361] initcall init_scsi+0x0/0x79 returned 0 after 1953 usecs
[    2.262359] calling  ata_init+0x0/0x332 @ 1
[    2.265381] libata version 3.00 loaded.
[    2.266358] initcall ata_init+0x0/0x332 returned 0 after 2929 usecs
[    2.267358] calling  phy_init+0x0/0x250 @ 1
[    2.269398] initcall phy_init+0x0/0x250 returned 0 after 976 usecs
[    2.270356] calling  init_pcmcia_cs+0x0/0x35 @ 1
[    2.272442] initcall init_pcmcia_cs+0x0/0x35 returned 0 after 976 usecs
[    2.273357] calling  usb_common_init+0x0/0x1c @ 1
[    2.274439] initcall usb_common_init+0x0/0x1c returned 0 after 0 usecs
[    2.275356] calling  usb_init+0x0/0x12e @ 1
[    2.276420] ACPI: bus type USB registered
[    2.280624] usbcore: registered new interface driver usbfs
[    2.281423] usbcore: registered new interface driver hub
[    2.282380] usbcore: registered new device driver usb
[    2.283359] initcall usb_init+0x0/0x12e returned 0 after 6835 usecs
[    2.284358] calling  serio_init+0x0/0x29 @ 1
[    2.285440] initcall serio_init+0x0/0x29 returned 0 after 0 usecs
[    2.286357] calling  input_init+0x0/0xf6 @ 1
[    2.288359] initcall input_init+0x0/0xf6 returned 0 after 976 usecs
[    2.289363] calling  rtc_init+0x0/0x4d @ 1
[    2.290468] initcall rtc_init+0x0/0x4d returned 0 after 0 usecs
[    2.291360] calling  pps_init+0x0/0xa9 @ 1
[    2.292823] pps_core: LinuxPPS API ver. 1 registered
[    2.293355] pps_core: Software ver. 5.3.6 - Copyright 2005-2007 Rodolfo Giometti <giometti@linux.it>
[    2.294365] initcall pps_init+0x0/0xa9 returned 0 after 1953 usecs
[    2.295362] calling  ptp_init+0x0/0x98 @ 1
[    2.297383] PTP clock support registered
[    2.298362] initcall ptp_init+0x0/0x98 returned 0 after 1953 usecs
[    2.299360] calling  power_supply_class_init+0x0/0x3f @ 1
[    2.301502] initcall power_supply_class_init+0x0/0x3f returned 0 after 976 usecs
[    2.302359] calling  hwmon_init+0x0/0x104 @ 1
[    2.304373] initcall hwmon_init+0x0/0x104 returned 0 after 976 usecs
[    2.305358] calling  md_init+0x0/0x16b @ 1
[    2.309838] initcall md_init+0x0/0x16b returned 0 after 2929 usecs
[    2.310444] calling  leds_init+0x0/0x3b @ 1
[    2.311514] initcall leds_init+0x0/0x3b returned 0 after 0 usecs
[    2.312358] calling  dmi_init+0x0/0x113 @ 1
[    2.314588] initcall dmi_init+0x0/0x113 returned 0 after 976 usecs
[    2.315371] calling  efisubsys_init+0x0/0x4e6 @ 1
[    2.316501] initcall efisubsys_init+0x0/0x4e6 returned 0 after 0 usecs
[    2.317359] calling  nvmem_init+0x0/0xc @ 1
[    2.318466] initcall nvmem_init+0x0/0xc returned 0 after 0 usecs
[    2.319357] calling  init_soundcore+0x0/0x33 @ 1
[    2.321471] initcall init_soundcore+0x0/0x33 returned 0 after 976 usecs
[    2.322358] calling  alsa_sound_init+0x0/0x8f @ 1
[    2.323611] Advanced Linux Sound Architecture Driver Initialized.
[    2.324359] initcall alsa_sound_init+0x0/0x8f returned 0 after 976 usecs
[    2.325360] calling  alsa_seq_device_init+0x0/0x71 @ 1
[    2.326442] initcall alsa_seq_device_init+0x0/0x71 returned 0 after 0 usecs
[    2.327358] calling  hda_bus_init+0x0/0xc @ 1
[    2.328406] initcall hda_bus_init+0x0/0xc returned 0 after 0 usecs
[    2.329362] calling  proto_init+0x0/0xc @ 1
[    2.330392] initcall proto_init+0x0/0xc returned 0 after 0 usecs
[    2.331359] calling  net_dev_init+0x0/0x231 @ 1
[    2.334580] initcall net_dev_init+0x0/0x231 returned 0 after 1953 usecs
[    2.335358] calling  neigh_init+0x0/0x84 @ 1
[    2.336406] initcall neigh_init+0x0/0x84 returned 0 after 0 usecs
[    2.337359] calling  fib_notifier_init+0x0/0xc @ 1
[    2.338400] initcall fib_notifier_init+0x0/0xc returned 0 after 0 usecs
[    2.339361] calling  fib_rules_init+0x0/0xab @ 1
[    2.340513] initcall fib_rules_init+0x0/0xab returned 0 after 0 usecs
[    2.341361] calling  pktsched_init+0x0/0x10e @ 1
[    2.343394] initcall pktsched_init+0x0/0x10e returned 0 after 976 usecs
[    2.344359] calling  tc_filter_init+0x0/0xfa @ 1
[    2.345401] initcall tc_filter_init+0x0/0xfa returned 0 after 0 usecs
[    2.346358] calling  tc_action_init+0x0/0x54 @ 1
[    2.347362] initcall tc_action_init+0x0/0x54 returned 0 after 0 usecs
[    2.348358] calling  ethnl_init+0x0/0x52 @ 1
[    2.349541] initcall ethnl_init+0x0/0x52 returned 0 after 0 usecs
[    2.351348] calling  nexthop_init+0x0/0xd8 @ 1
[    2.353455] initcall nexthop_init+0x0/0xd8 returned 0 after 976 usecs
[    2.354360] calling  cipso_v4_init+0x0/0x8d @ 1
[    2.356432] initcall cipso_v4_init+0x0/0x8d returned 0 after 976 usecs
[    2.357362] calling  ieee80211_init+0x0/0x24 @ 1
[    2.359571] initcall ieee80211_init+0x0/0x24 returned 0 after 976 usecs
[    2.360359] calling  netlbl_init+0x0/0x78 @ 1
[    2.361354] NetLabel: Initializing
[    2.362354] NetLabel:  domain hash size = 128
[    2.363353] NetLabel:  protocols = UNLABELED CIPSOv4 CALIPSO
[    2.364548] NetLabel:  unlabeled traffic allowed by default
[    2.366357] initcall netlbl_init+0x0/0x78 returned 0 after 4882 usecs
[    2.367357] calling  rfkill_init+0x0/0x136 @ 1
[    2.368852] initcall rfkill_init+0x0/0x136 returned 0 after 0 usecs
[    2.369358] calling  pci_subsys_init+0x0/0x66 @ 1
[    2.370427] PCI: Using ACPI for IRQ routing
[    3.145753] PCI: pci_cache_line_size set to 64 bytes
[    3.147653] e820: reserve RAM buffer [mem 0x0009fc00-0x0009ffff]
[    3.148436] e820: reserve RAM buffer [mem 0x1ffdf000-0x1fffffff]
[    3.149436] initcall pci_subsys_init+0x0/0x66 returned 0 after 760742 usecs
[    3.167546] calling  nmi_warning_debugfs+0x0/0x26 @ 1
[    3.168758] initcall nmi_warning_debugfs+0x0/0x26 returned 0 after 0 usecs
[    3.169374] calling  save_microcode_in_initrd+0x0/0x51 @ 1
[    3.171704] initcall save_microcode_in_initrd+0x0/0x51 returned 0 after 976 usecs
[    3.172361] calling  hpet_late_init+0x0/0x1f6 @ 1
[    3.176536] hpet: 3 channels of 0 reserved for per-cpu timers
[    3.179152] hpet0: at MMIO 0xfed00000, IRQs 2, 8, 0
[    3.179355] hpet0: 3 comparators, 64-bit 100.000000 MHz counter
[    3.182365] initcall hpet_late_init+0x0/0x1f6 returned 0 after 8789 usecs
[    3.183359] calling  init_amd_nbs+0x0/0x11c @ 1
[    3.184825] initcall init_amd_nbs+0x0/0x11c returned 0 after 0 usecs
[    3.185490] calling  clocksource_done_booting+0x0/0x43 @ 1
[    3.186452] clocksource: Switched to clocksource kvm-clock
[    3.196628] initcall clocksource_done_booting+0x0/0x43 returned 0 after 10030 usecs
[    3.206041] calling  tracer_init_tracefs+0x0/0x201 @ 1
[    3.585503] initcall tracer_init_tracefs+0x0/0x201 returned 0 after 363419 usecs
[    3.594809] calling  init_trace_printk_function_export+0x0/0x2c @ 1
[    3.603489] initcall init_trace_printk_function_export+0x0/0x2c returned 0 after 134 usecs
[    3.613021] calling  init_kprobe_trace+0x0/0x1ab @ 1
[    3.619144] initcall init_kprobe_trace+0x0/0x1ab returned 0 after 346 usecs
[    3.627162] calling  init_dynamic_event+0x0/0x3d @ 1
[    3.633124] initcall init_dynamic_event+0x0/0x3d returned 0 after 87 usecs
[    3.641032] calling  init_uprobe_trace+0x0/0x5c @ 1
[    3.646879] initcall init_uprobe_trace+0x0/0x5c returned 0 after 120 usecs
[    3.655082] calling  init_pipe_fs+0x0/0x44 @ 1
[    3.665160] initcall init_pipe_fs+0x0/0x44 returned 0 after 3498 usecs
[    3.674760] calling  inotify_user_setup+0x0/0x47 @ 1
[    3.682712] initcall inotify_user_setup+0x0/0x47 returned 0 after 572 usecs
[    3.690962] calling  eventpoll_init+0x0/0xeb @ 1
[    3.696687] initcall eventpoll_init+0x0/0xeb returned 0 after 101 usecs
[    3.704489] calling  anon_inode_init+0x0/0x58 @ 1
[    3.710571] initcall anon_inode_init+0x0/0x58 returned 0 after 405 usecs
[    3.718607] calling  proc_locks_init+0x0/0x27 @ 1
[    3.724344] initcall proc_locks_init+0x0/0x27 returned 0 after 101 usecs
[    3.732321] calling  iomap_init+0x0/0x1b @ 1
[    3.739519] initcall iomap_init+0x0/0x1b returned 0 after 1931 usecs
[    3.747027] calling  dquot_init+0x0/0xd7 @ 1
[    3.752446] VFS: Disk quotas dquot_6.6.0
[    3.758773] VFS: Dquot-cache hash table entries: 512 (order 0, 4096 bytes)
[    3.766928] initcall dquot_init+0x0/0xd7 returned 0 after 14140 usecs
[    3.774581] calling  quota_init+0x0/0x23 @ 1
[    3.780125] initcall quota_init+0x0/0x23 returned 0 after 436 usecs
[    3.787512] calling  proc_cmdline_init+0x0/0x21 @ 1
[    3.793345] initcall proc_cmdline_init+0x0/0x21 returned 0 after 26 usecs
[    3.801249] calling  proc_consoles_init+0x0/0x24 @ 1
[    3.808282] initcall proc_consoles_init+0x0/0x24 returned 0 after 7 usecs
[    3.818138] calling  proc_cpuinfo_init+0x0/0x1e @ 1
[    3.825307] initcall proc_cpuinfo_init+0x0/0x1e returned 0 after 6 usecs
[    3.834564] calling  proc_devices_init+0x0/0x24 @ 1
[    3.840332] initcall proc_devices_init+0x0/0x24 returned 0 after 5 usecs
[    3.848194] calling  proc_interrupts_init+0x0/0x24 @ 1
[    3.855434] initcall proc_interrupts_init+0x0/0x24 returned 0 after 7 usecs
[    3.863800] calling  proc_loadavg_init+0x0/0x21 @ 1
[    3.869537] initcall proc_loadavg_init+0x0/0x21 returned 0 after 5 usecs
[    3.877414] calling  proc_meminfo_init+0x0/0x21 @ 1
[    3.884657] initcall proc_meminfo_init+0x0/0x21 returned 0 after 5 usecs
[    3.892612] calling  proc_stat_init+0x0/0x1e @ 1
[    3.898127] initcall proc_stat_init+0x0/0x1e returned 0 after 6 usecs
[    3.905733] calling  proc_uptime_init+0x0/0x21 @ 1
[    3.911412] initcall proc_uptime_init+0x0/0x21 returned 0 after 4 usecs
[    3.919202] calling  proc_version_init+0x0/0x21 @ 1
[    3.925091] initcall proc_version_init+0x0/0x21 returned 0 after 4 usecs
[    3.933179] calling  proc_softirqs_init+0x0/0x21 @ 1
[    3.939195] initcall proc_softirqs_init+0x0/0x21 returned 0 after 5 usecs
[    3.947311] calling  proc_kcore_init+0x0/0xea @ 1
[    3.953299] initcall proc_kcore_init+0x0/0xea returned 0 after 249 usecs
[    3.961164] calling  vmcore_init+0x0/0x57b @ 1
[    3.966482] initcall vmcore_init+0x0/0x57b returned 0 after 15 usecs
[    3.974305] calling  proc_kmsg_init+0x0/0x21 @ 1
[    3.979770] initcall proc_kmsg_init+0x0/0x21 returned 0 after 6 usecs
[    3.990744] calling  proc_page_init+0x0/0x3b @ 1
[    3.996471] initcall proc_page_init+0x0/0x3b returned 0 after 105 usecs
[    4.004350] calling  init_ramfs_fs+0x0/0xc @ 1
[    4.009647] initcall init_ramfs_fs+0x0/0xc returned 0 after 17 usecs
[    4.017242] calling  init_hugetlbfs_fs+0x0/0xf6 @ 1
[    4.023359] initcall init_hugetlbfs_fs+0x0/0xf6 returned 0 after 428 usecs
[    4.031669] calling  blk_scsi_ioctl_init+0x0/0x2a5 @ 1
[    4.037902] initcall blk_scsi_ioctl_init+0x0/0x2a5 returned 0 after 30 usecs
[    4.046098] calling  acpi_event_init+0x0/0x2c @ 1
[    4.051788] initcall acpi_event_init+0x0/0x2c returned 0 after 114 usecs
[    4.059557] calling  pnp_system_init+0x0/0xc @ 1
[    4.065952] initcall pnp_system_init+0x0/0xc returned 0 after 928 usecs
[    4.073681] calling  pnpacpi_init+0x0/0x69 @ 1
[    4.078885] pnp: PnP ACPI init
[    4.084740] pnp 00:00: Plug and Play ACPI device, IDs PNP0303 (active)
[    4.092477] pnp 00:01: Plug and Play ACPI device, IDs PNP0f13 (active)
[    4.099977] pnp 00:02: Plug and Play ACPI device, IDs PNP0400 (active)
[    4.107482] pnp 00:03: Plug and Play ACPI device, IDs PNP0501 (active)
[    4.114996] pnp 00:04: Plug and Play ACPI device, IDs PNP0b00 (active)
[    4.122565] system 00:05: [mem 0xb0000000-0xbfffffff window] has been reserved
[    4.130873] system 00:05: Plug and Play ACPI device, IDs PNP0c01 (active)
[    4.140352] pnp: PnP ACPI: found 6 devices
[    4.145165] initcall pnpacpi_init+0x0/0x69 returned 0 after 64761 usecs
[    4.152599] calling  chr_dev_init+0x0/0x14d @ 1
[    4.167691] initcall chr_dev_init+0x0/0x14d returned 0 after 9740 usecs
[    4.175279] calling  firmware_class_init+0x0/0x14a @ 1
[    4.181120] initcall firmware_class_init+0x0/0x14a returned 0 after 74 usecs
[    4.188984] calling  init_pcmcia_bus+0x0/0x5b @ 1
[    4.194491] initcall init_pcmcia_bus+0x0/0x5b returned 0 after 197 usecs
[    4.202273] calling  init_acpi_pm_clocksource+0x0/0xda @ 1
[    4.214668] clocksource: acpi_pm: mask: 0xffffff max_cycles: 0xffffff, max_idle_ns: 2085701024 ns
[    4.226624] initcall init_acpi_pm_clocksource+0x0/0xda returned 0 after 17526 usecs
[    4.235214] calling  sysctl_core_init+0x0/0x26 @ 1
[    4.240734] initcall sysctl_core_init+0x0/0x26 returned 0 after 156 usecs
[    4.248309] calling  eth_offload_init+0x0/0x13 @ 1
[    4.253834] initcall eth_offload_init+0x0/0x13 returned 0 after 111 usecs
[    4.261491] calling  ipv4_offload_init+0x0/0x73 @ 1
[    4.267292] initcall ipv4_offload_init+0x0/0x73 returned 0 after 59 usecs
[    4.275104] calling  inet_init+0x0/0x276 @ 1
[    4.281679] NET: Registered protocol family 2
[    4.290220] IP idents hash table entries: 8192 (order: 4, 65536 bytes, linear)
[    4.304244] tcp_listen_portaddr_hash hash table entries: 256 (order: 2, 20480 bytes, linear)
[    4.314500] TCP established hash table entries: 4096 (order: 3, 32768 bytes, linear)
[    4.323666] TCP bind hash table entries: 4096 (order: 6, 294912 bytes, linear)
[    4.340778] TCP: Hash tables configured (established 4096 bind 4096)
[    4.348752] UDP hash table entries: 256 (order: 3, 40960 bytes, linear)
[    4.356572] UDP-Lite hash table entries: 256 (order: 3, 40960 bytes, linear)
[    4.365033] initcall inet_init+0x0/0x276 returned 0 after 81770 usecs
[    4.372491] calling  af_unix_init+0x0/0x4d @ 1
[    4.377713] NET: Registered protocol family 1
[    4.382903] initcall af_unix_init+0x0/0x4d returned 0 after 5110 usecs
[    4.390442] calling  ipv6_offload_init+0x0/0x7e @ 1
[    4.396251] initcall ipv6_offload_init+0x0/0x7e returned 0 after 34 usecs
[    4.404059] calling  init_sunrpc+0x0/0x65 @ 1
[    4.411800] RPC: Registered named UNIX socket transport module.
[    4.418785] RPC: Registered udp transport module.
[    4.424261] RPC: Registered tcp transport module.
[    4.430548] RPC: Registered tcp NFSv4.1 backchannel transport module.
[    4.439857] initcall init_sunrpc+0x0/0x65 returned 0 after 29994 usecs
[    4.449235] calling  cfg80211_init+0x0/0xc5 @ 1
[    4.457049] initcall cfg80211_init+0x0/0xc5 returned 0 after 1128 usecs
[    4.466530] calling  pcibios_assign_resources+0x0/0xbf @ 1
[    4.473195] pci_bus 0000:00: resource 4 [io  0x0000-0x0cf7 window]
[    4.480320] pci_bus 0000:00: resource 5 [io  0x0d00-0xffff window]
[    4.487455] pci_bus 0000:00: resource 6 [mem 0x000a0000-0x000bffff window]
[    4.495369] pci_bus 0000:00: resource 7 [mem 0x20000000-0xafffffff window]
[    4.503492] pci_bus 0000:00: resource 8 [mem 0xc0000000-0xfebfffff window]
[    4.511767] pci_bus 0000:00: resource 9 [mem 0x100000000-0x8ffffffff window]
[    4.520763] initcall pcibios_assign_resources+0x0/0xbf returned 0 after 46633 usecs
[    4.529935] calling  pci_apply_final_quirks+0x0/0x124 @ 1
[    4.537051] pci 0000:00:01.0: calling  pci_fixup_video+0x0/0xe0 @ 1
[    4.545057] pci 0000:00:01.0: Video device with shadowed ROM at [mem 0x000c0000-0x000dffff]
[    4.554863] pci 0000:00:01.0: pci_fixup_video+0x0/0xe0 took 9925 usecs
[    4.562854] PCI: CLS 0 bytes, default 64
[    4.567534] initcall pci_apply_final_quirks+0x0/0x124 returned 0 after 30439 usecs
[    4.577317] calling  acpi_reserve_resources+0x0/0xea @ 1
[    4.587594] initcall acpi_reserve_resources+0x0/0xea returned 0 after 60 usecs
[    4.597889] calling  populate_rootfs+0x0/0x102 @ 1
[    4.606804] initcall populate_rootfs+0x0/0x102 returned 0 after 1954 usecs
[    4.616254] calling  pci_iommu_init+0x0/0x3e @ 1
[    4.621728] initcall pci_iommu_init+0x0/0x3e returned 0 after 130 usecs
[    4.630633] calling  ia32_binfmt_init+0x0/0x13 @ 1
[    4.636142] initcall ia32_binfmt_init+0x0/0x13 returned 0 after 8 usecs
[    4.643499] calling  rapl_pmu_init+0x0/0x25f @ 1
[    4.648891] initcall rapl_pmu_init+0x0/0x25f returned -19 after 68 usecs
[    4.656463] calling  amd_uncore_init+0x0/0x310 @ 1
[    4.661945] initcall amd_uncore_init+0x0/0x310 returned -19 after 0 usecs
[    4.669607] calling  amd_ibs_init+0x0/0x24b @ 1
[    4.674782] initcall amd_ibs_init+0x0/0x24b returned -19 after 0 usecs
[    4.682230] calling  amd_iommu_pc_init+0x0/0x22b @ 1
[    4.687922] initcall amd_iommu_pc_init+0x0/0x22b returned -19 after 56 usecs
[    4.695935] calling  msr_init+0x0/0x55 @ 1
[    4.700854] initcall msr_init+0x0/0x55 returned 0 after 175 usecs
[    4.707751] calling  intel_uncore_init+0x0/0x322 @ 1
[    4.713607] initcall intel_uncore_init+0x0/0x322 returned -19 after 86 usecs
[    4.721570] calling  cstate_pmu_init+0x0/0x181 @ 1
[    4.727102] initcall cstate_pmu_init+0x0/0x181 returned -19 after 0 usecs
[    4.734791] calling  register_kernel_offset_dumper+0x0/0x1a @ 1
[    4.741452] initcall register_kernel_offset_dumper+0x0/0x1a returned 0 after 17 usecs
[    4.750269] calling  i8259A_init_ops+0x0/0x20 @ 1
[    4.755647] initcall i8259A_init_ops+0x0/0x20 returned 0 after 2 usecs
[    4.763030] calling  init_tsc_clocksource+0x0/0xa4 @ 1
[    4.768823] clocksource: tsc: mask: 0xffffffffffffffff max_cycles: 0x39a85afc727, max_idle_ns: 881590685098 ns
[    4.780717] initcall init_tsc_clocksource+0x0/0xa4 returned 0 after 11615 usecs
[    4.788912] calling  add_rtc_cmos+0x0/0xb0 @ 1
[    4.793896] initcall add_rtc_cmos+0x0/0xb0 returned 0 after 2 usecs
[    4.800826] calling  i8237A_init_ops+0x0/0x3a @ 1
[    4.806267] initcall i8237A_init_ops+0x0/0x3a returned 0 after 117 usecs
[    4.813824] calling  umwait_init+0x0/0x94 @ 1
[    4.818836] initcall umwait_init+0x0/0x94 returned -19 after 20 usecs
[    4.826097] calling  thermal_throttle_init_device+0x0/0x3d @ 1
[    4.832881] initcall thermal_throttle_init_device+0x0/0x3d returned 0 after 40 usecs
[    4.841717] calling  msr_init+0x0/0xd7 @ 1
[    4.847057] initcall msr_init+0x0/0xd7 returned 0 after 487 usecs
[    4.854049] calling  cpuid_init+0x0/0xd7 @ 1
[    4.859160] initcall cpuid_init+0x0/0xd7 returned 0 after 179 usecs
[    4.866300] calling  ioapic_init_ops+0x0/0x13 @ 1
[    4.871715] initcall ioapic_init_ops+0x0/0x13 returned 0 after 22 usecs
[    4.879284] calling  add_pcspkr+0x0/0x6c @ 1
[    4.884352] initcall add_pcspkr+0x0/0x6c returned 0 after 84 usecs
[    4.891635] calling  start_periodic_check_for_corruption+0x0/0x30 @ 1
[    4.899188] check: Scanning for low memory corruption every 60 seconds
[    4.906606] initcall start_periodic_check_for_corruption+0x0/0x30 returned 0 after 7271 usecs
[    4.916222] calling  sysfb_init+0x0/0x9c @ 1
[    4.921270] initcall sysfb_init+0x0/0x9c returned 0 after 101 usecs
[    4.928412] calling  audit_classes_init+0x0/0xae @ 1
[    4.934235] initcall audit_classes_init+0x0/0xae returned 0 after 89 usecs
[    4.942163] calling  iosf_mbi_init+0x0/0x24 @ 1
[    4.948031] initcall iosf_mbi_init+0x0/0x24 returned 0 after 545 usecs
[    4.955535] calling  proc_execdomains_init+0x0/0x21 @ 1
[    4.961556] initcall proc_execdomains_init+0x0/0x21 returned 0 after 8 usecs
[    4.969613] calling  register_warn_debugfs+0x0/0x23 @ 1
[    4.975698] initcall register_warn_debugfs+0x0/0x23 returned 0 after 33 usecs
[    4.984096] calling  ioresources_init+0x0/0x49 @ 1
[    4.989742] initcall ioresources_init+0x0/0x49 returned 0 after 23 usecs
[    4.997466] calling  lockdep_proc_init+0x0/0x64 @ 1
[    5.003271] initcall lockdep_proc_init+0x0/0x64 returned 0 after 22 usecs
[    5.011199] calling  snapshot_device_init+0x0/0xc @ 1
[    5.018059] initcall snapshot_device_init+0x0/0xc returned 0 after 970 usecs
[    5.026080] calling  irq_pm_init_ops+0x0/0x13 @ 1
[    5.031592] initcall irq_pm_init_ops+0x0/0x13 returned 0 after 48 usecs
[    5.039170] calling  rcu_torture_init+0x0/0x8bd @ 1
[    5.044959] srcud-torture:--- Start of test: nreaders=1 nfakewriters=4 stat_interval=15 verbose=1 test_no_idle_hz=1 shuffle_interval=3 stutter=5 irqreader=1 fqs_duration=0 fqs_holdoff=0 fqs_stutter=3 test_boost=1/0 test_boost_interval=7 test_boost_duration=4 shutdown_secs=1800 stall_cpu=0 stall_cpu_holdoff=10 stall_cpu_irqsoff=0 stall_cpu_block=0 n_barrier_cbs=4 onoff_interval=0 onoff_holdoff=0 read_exit_delay=13 read_exit_burst=16
[    5.094260] srcud:  Start-test grace-period state: g0 f0x0
[    5.102558] srcud-torture: Creating rcu_torture_writer task
[    5.109884] srcud-torture: Creating rcu_torture_fakewriter task
[    5.116965] srcud-torture: rcu_torture_writer task started
[    5.123392] srcud-torture: GP expediting controlled from boot/sysfs for srcud.
[    5.131657] rcu_torture_writer: Testing expedited GPs.
[    5.137707] rcu_torture_writer: Testing asynchronous GPs.
[    5.143774] rcu_torture_writer: Testing normal GPs.
[    5.149542] srcud-torture: Creating rcu_torture_fakewriter task
[    5.156525] srcud-torture: rcu_torture_fakewriter task started
[    5.163237] srcud-torture: Creating rcu_torture_fakewriter task
[    5.170083] srcud-torture: rcu_torture_fakewriter task started
[    5.177219] srcud-torture: Creating rcu_torture_fakewriter task
[    5.184047] srcud-torture: rcu_torture_fakewriter task started
[    5.191148] srcud-torture: Creating rcu_torture_reader task
[    5.197564] srcud-torture: rcu_torture_fakewriter task started
[    5.205364] srcud-torture: Creating rcu_torture_stats task
[    5.211567] srcud-torture: rcu_torture_reader task started
[    5.219240] srcud-torture: Creating torture_shuffle task
[    5.225510] srcud-torture: rcu_torture_stats task started
[    5.233898] srcud-torture: Creating torture_stutter task
[    5.239926] srcud-torture: torture_shuffle task started
[    5.247048] srcud-torture: Creating torture_shutdown task
[    5.253796] srcud-torture: torture_stutter task started
[    5.260466] srcud-torture: rcu_torture_fwd_prog_init: Disabled, unsupported by RCU flavor under test
[    5.272241] srcud-torture: Creating rcu_torture_barrier_cbs task
[    5.280545] srcud-torture: torture_shutdown task started
[    5.287913] srcud-torture:torture_shutdown task: 1799959 ms remaining
[    5.296752] srcud-torture: Creating rcu_torture_barrier_cbs task
[    5.303416] srcud-torture: rcu_torture_barrier_cbs task started
[    5.310257] srcud-torture: Creating rcu_torture_barrier_cbs task
[    5.317040] srcud-torture: rcu_torture_barrier_cbs task started
[    5.323693] srcud-torture: Creating rcu_torture_barrier_cbs task
[    5.330297] srcud-torture: rcu_torture_barrier_cbs task started
[    5.337092] srcud-torture: Creating rcu_torture_barrier task
[    5.343460] srcud-torture: rcu_torture_barrier_cbs task started
[    5.350235] srcud-torture: Creating rcu_torture_read_exit task
[    5.356810] srcud-torture: rcu_torture_barrier task starting
[    5.363499] initcall rcu_torture_init+0x0/0x8bd returned 0 after 311157 usecs
[    5.371527] calling  timekeeping_init_ops+0x0/0x13 @ 1
[    5.377504] initcall timekeeping_init_ops+0x0/0x13 returned 0 after 2 usecs
[    5.385275] calling  init_clocksource_sysfs+0x0/0x23 @ 1
[    5.391499] initcall init_clocksource_sysfs+0x0/0x23 returned 0 after 257 usecs
[    5.399861] calling  init_timer_list_procfs+0x0/0x31 @ 1
[    5.405957] initcall init_timer_list_procfs+0x0/0x31 returned 0 after 6 usecs
[    5.414325] calling  alarmtimer_init+0x0/0xf5 @ 1
[    5.420165] initcall alarmtimer_init+0x0/0xf5 returned 0 after 341 usecs
[    5.427721] calling  init_posix_timers+0x0/0x29 @ 1
[    5.433291] initcall init_posix_timers+0x0/0x29 returned 0 after 25 usecs
[    5.440953] calling  clockevents_init_sysfs+0x0/0x8b @ 1
[    5.447071] initcall clockevents_init_sysfs+0x0/0x8b returned 0 after 137 usecs
[    5.455788] calling  proc_dma_init+0x0/0x21 @ 1
[    5.461016] initcall proc_dma_init+0x0/0x21 returned 0 after 31 usecs
[    5.470298] calling  proc_modules_init+0x0/0x1e @ 1
[    5.477285] initcall proc_modules_init+0x0/0x1e returned 0 after 8 usecs
[    5.486840] calling  kallsyms_init+0x0/0x21 @ 1
[    5.493547] initcall kallsyms_init+0x0/0x21 returned 0 after 8 usecs
[    5.501274] calling  pid_namespaces_init+0x0/0x2c @ 1
[    5.507080] initcall pid_namespaces_init+0x0/0x2c returned 0 after 14 usecs
[    5.514865] calling  audit_watch_init+0x0/0x37 @ 1
[    5.520474] initcall audit_watch_init+0x0/0x37 returned 0 after 31 usecs
[    5.528223] calling  audit_fsnotify_init+0x0/0x37 @ 1
[    5.534091] initcall audit_fsnotify_init+0x0/0x37 returned 0 after 2 usecs
[    5.541978] calling  audit_tree_init+0x0/0x6d @ 1
[    5.552959] initcall audit_tree_init+0x0/0x6d returned 0 after 901 usecs
[    5.560812] calling  seccomp_sysctl_init+0x0/0x2b @ 1
[    5.568325] initcall seccomp_sysctl_init+0x0/0x2b returned 0 after 753 usecs
[    5.576335] calling  utsname_sysctl_init+0x0/0x13 @ 1
[    5.582241] initcall utsname_sysctl_init+0x0/0x13 returned 0 after 77 usecs
[    5.590211] calling  init_tracepoints+0x0/0x27 @ 1
[    5.596109] initcall init_tracepoints+0x0/0x27 returned 0 after 187 usecs
[    5.603904] calling  init_blk_tracer+0x0/0x50 @ 1
[    5.610748] initcall init_blk_tracer+0x0/0x50 returned 0 after 1279 usecs
[    5.618681] calling  perf_event_sysfs_init+0x0/0x83 @ 1
[    5.630199] initcall perf_event_sysfs_init+0x0/0x83 returned 0 after 5435 usecs
[    5.638699] calling  system_trusted_keyring_init+0x0/0x5f @ 1
[    5.645175] Initialise system trusted keyrings
[    5.650726] initcall system_trusted_keyring_init+0x0/0x5f returned 0 after 5418 usecs
[    5.659427] calling  kswapd_init+0x0/0x13 @ 1
[    5.664543] srcud-torture: rcu_torture_read_exit: Start of test
[    5.673327] initcall kswapd_init+0x0/0x13 returned 0 after 8882 usecs
[    5.681138] calling  extfrag_debug_init+0x0/0x54 @ 1
[    5.687499] initcall extfrag_debug_init+0x0/0x54 returned 0 after 304 usecs
[    5.696051] calling  slab_proc_init+0x0/0x21 @ 1
[    5.701724] initcall slab_proc_init+0x0/0x21 returned 0 after 189 usecs
[    5.709521] calling  workingset_init+0x0/0x8c @ 1
[    5.715057] workingset: timestamp_bits=62 max_order=17 bucket_order=0
[    5.722903] initcall workingset_init+0x0/0x8c returned 0 after 7659 usecs
[    5.731144] calling  proc_vmalloc_init+0x0/0x27 @ 1
[    5.737279] initcall proc_vmalloc_init+0x0/0x27 returned 0 after 81 usecs
[    5.745500] calling  procswaps_init+0x0/0x1e @ 1
[    5.751226] initcall procswaps_init+0x0/0x1e returned 0 after 150 usecs
[    5.759400] calling  slab_sysfs_init+0x0/0xec @ 1
[    5.773126] initcall slab_sysfs_init+0x0/0xec returned 0 after 7741 usecs
[    5.781490] calling  fcntl_init+0x0/0x29 @ 1
[    5.786781] initcall fcntl_init+0x0/0x29 returned 0 after 26 usecs
[    5.794075] calling  proc_filesystems_init+0x0/0x21 @ 1
[    5.800331] initcall proc_filesystems_init+0x0/0x21 returned 0 after 19 usecs
[    5.809074] calling  start_dirtytime_writeback+0x0/0x29 @ 1
[    5.815862] initcall start_dirtytime_writeback+0x0/0x29 returned 0 after 3 usecs
[    5.824797] calling  blkdev_init+0x0/0x1b @ 1
[    5.830509] initcall blkdev_init+0x0/0x1b returned 0 after 387 usecs
[    5.839223] calling  dio_init+0x0/0x2c @ 1
[    5.845341] initcall dio_init+0x0/0x2c returned 0 after 186 usecs
[    5.852856] calling  dnotify_init+0x0/0x78 @ 1
[    5.858592] initcall dnotify_init+0x0/0x78 returned 0 after 109 usecs
[    5.868161] calling  aio_setup+0x0/0x78 @ 1
[    5.873731] initcall aio_setup+0x0/0x78 returned 0 after 604 usecs
[    5.881022] calling  io_uring_init+0x0/0x2c @ 1
[    5.886491] initcall io_uring_init+0x0/0x2c returned 0 after 10 usecs
[    5.894118] calling  mbcache_init+0x0/0x30 @ 1
[    5.899552] initcall mbcache_init+0x0/0x30 returned 0 after 182 usecs
[    5.907684] calling  init_grace+0x0/0xc @ 1
[    5.913093] initcall init_grace+0x0/0xc returned 0 after 97 usecs
[    5.922123] calling  init_v2_quota_format+0x0/0x21 @ 1
[    5.929775] initcall init_v2_quota_format+0x0/0x21 returned 0 after 165 usecs
[    5.940075] calling  init_devpts_fs+0x0/0x27 @ 1
[    5.946936] initcall init_devpts_fs+0x0/0x27 returned 0 after 178 usecs
[    5.956588] calling  ext4_init_fs+0x0/0x1c2 @ 1
[    5.964722] initcall ext4_init_fs+0x0/0x1c2 returned 0 after 1509 usecs
[    5.974350] calling  journal_init+0x0/0x11c @ 1
[    5.981237] initcall journal_init+0x0/0x11c returned 0 after 206 usecs
[    5.990750] calling  init_fat_fs+0x0/0x49 @ 1
[    5.997681] initcall init_fat_fs+0x0/0x49 returned 0 after 449 usecs
[    6.006960] calling  init_vfat_fs+0x0/0xc @ 1
[    6.013270] initcall init_vfat_fs+0x0/0xc returned 0 after 5 usecs
[    6.022341] calling  init_msdos_fs+0x0/0xc @ 1
[    6.028901] initcall init_msdos_fs+0x0/0xc returned 0 after 5 usecs
[    6.038095] calling  init_iso9660_fs+0x0/0x6c @ 1
[    6.046089] initcall init_iso9660_fs+0x0/0x6c returned 0 after 1204 usecs
[    6.055970] calling  init_nfs_fs+0x0/0x13a @ 1
[    6.065264] initcall init_nfs_fs+0x0/0x13a returned 0 after 2689 usecs
[    6.075004] calling  init_nfs_v2+0x0/0x13 @ 1
[    6.081739] initcall init_nfs_v2+0x0/0x13 returned 0 after 118 usecs
[    6.092296] calling  init_nfs_v3+0x0/0x13 @ 1
[    6.097726] initcall init_nfs_v3+0x0/0x13 returned 0 after 2 usecs
[    6.105361] calling  init_nfs_v4+0x0/0x32 @ 1
[    6.110774] NFS: Registering the id_resolver key type
[    6.117154] Key type id_resolver registered
[    6.122564] Key type id_legacy registered
[    6.128986] initcall init_nfs_v4+0x0/0x32 returned 0 after 17821 usecs
[    6.138548] calling  init_nlm+0x0/0x5b @ 1
[    6.144779] initcall init_nlm+0x0/0x5b returned 0 after 175 usecs
[    6.153570] calling  init_nls_cp437+0x0/0xe @ 1
[    6.159538] initcall init_nls_cp437+0x0/0xe returned 0 after 56 usecs
[    6.166904] calling  init_nls_ascii+0x0/0xe @ 1
[    6.172262] initcall init_nls_ascii+0x0/0xe returned 0 after 2 usecs
[    6.179603] calling  init_nls_iso8859_1+0x0/0xe @ 1
[    6.185252] initcall init_nls_iso8859_1+0x0/0xe returned 0 after 1 usecs
[    6.193077] calling  init_nls_utf8+0x0/0x21 @ 1
[    6.199261] initcall init_nls_utf8+0x0/0x21 returned 0 after 2 usecs
[    6.206923] calling  init_autofs_fs+0x0/0x25 @ 1
[    6.214748] initcall init_autofs_fs+0x0/0x25 returned 0 after 2043 usecs
[    6.222524] calling  ipc_init+0x0/0x24 @ 1
[    6.227633] initcall ipc_init+0x0/0x24 returned 0 after 272 usecs
[    6.234819] calling  ipc_sysctl_init+0x0/0x13 @ 1
[    6.241111] initcall ipc_sysctl_init+0x0/0x13 returned 0 after 23 usecs
[    6.248776] calling  init_mqueue_fs+0x0/0xb1 @ 1
[    6.254979] initcall init_mqueue_fs+0x0/0xb1 returned 0 after 461 usecs
[    6.262935] calling  key_proc_init+0x0/0x63 @ 1
[    6.268477] initcall key_proc_init+0x0/0x63 returned 0 after 42 usecs
[    6.276239] calling  selinux_nf_ip_init+0x0/0x2e @ 1
[    6.282344] initcall selinux_nf_ip_init+0x0/0x2e returned 0 after 58 usecs
[    6.290569] calling  init_sel_fs+0x0/0x116 @ 1
[    6.296135] initcall init_sel_fs+0x0/0x116 returned 0 after 0 usecs
[    6.303686] calling  selnl_init+0x0/0x7c @ 1
[    6.309707] initcall selnl_init+0x0/0x7c returned 0 after 646 usecs
[    6.317238] calling  sel_netif_init+0x0/0x36 @ 1
[    6.322817] initcall sel_netif_init+0x0/0x36 returned 0 after 0 usecs
[    6.330450] calling  sel_netnode_init+0x0/0x33 @ 1
[    6.336268] initcall sel_netnode_init+0x0/0x33 returned 0 after 0 usecs
[    6.344227] calling  sel_netport_init+0x0/0x33 @ 1
[    6.350039] initcall sel_netport_init+0x0/0x33 returned 0 after 0 usecs
[    6.357982] calling  aurule_init+0x0/0x2a @ 1
[    6.363627] initcall aurule_init+0x0/0x2a returned 0 after 3 usecs
[    6.372094] calling  crypto_algapi_init+0x0/0xc @ 1
[    6.378273] initcall crypto_algapi_init+0x0/0xc returned 0 after 8 usecs
[    6.386162] calling  jent_mod_init+0x0/0x2d @ 1
[    6.401353] initcall jent_mod_init+0x0/0x2d returned 0 after 9623 usecs
[    6.410511] calling  asymmetric_key_init+0x0/0xc @ 1
[    6.416312] Key type asymmetric registered
[    6.421093] initcall asymmetric_key_init+0x0/0xc returned 0 after 4667 usecs
[    6.430628] calling  x509_key_init+0x0/0xc @ 1
[    6.437703] Asymmetric key parser 'x509' registered
[    6.444990] initcall x509_key_init+0x0/0xc returned 0 after 7469 usecs
[    6.454301] calling  proc_genhd_init+0x0/0x41 @ 1
[    6.459977] initcall proc_genhd_init+0x0/0x41 returned 0 after 29 usecs
[    6.467527] calling  bsg_init+0x0/0x113 @ 1
[    6.473333] Block layer SCSI generic (bsg) driver version 0.4 loaded (major 251)
[    6.484089] initcall bsg_init+0x0/0x113 returned 0 after 10702 usecs
[    6.493219] calling  deadline_init+0x0/0xc @ 1
[    6.499795] io scheduler mq-deadline registered
[    6.506494] initcall deadline_init+0x0/0xc returned 0 after 6591 usecs
[    6.516096] calling  kyber_init+0x0/0xc @ 1
[    6.522290] io scheduler kyber registered
[    6.528230] initcall kyber_init+0x0/0xc returned 0 after 5800 usecs
[    6.536559] calling  mod_init+0x0/0x7 @ 1
[    6.541431] initcall mod_init+0x0/0x7 returned 0 after 0 usecs
[    6.548472] calling  sg_pool_init+0x0/0xb4 @ 1
[    6.554078] initcall sg_pool_init+0x0/0xb4 returned 0 after 162 usecs
[    6.561697] calling  pcie_portdrv_init+0x0/0x39 @ 1
[    6.568873] initcall pcie_portdrv_init+0x0/0x39 returned 0 after 1319 usecs
[    6.577357] calling  pci_proc_init+0x0/0x68 @ 1
[    6.582880] initcall pci_proc_init+0x0/0x68 returned 0 after 80 usecs
[    6.590774] calling  pci_hotplug_init+0x0/0x7 @ 1
[    6.596996] initcall pci_hotplug_init+0x0/0x7 returned 0 after 0 usecs
[    6.605096] calling  efifb_driver_init+0x0/0xe @ 1
[    6.611186] initcall efifb_driver_init+0x0/0xe returned 0 after 262 usecs
[    6.619289] calling  ged_driver_init+0x0/0xe @ 1
[    6.625023] initcall ged_driver_init+0x0/0xe returned 0 after 244 usecs
[    6.632980] calling  acpi_ac_init+0x0/0x92 @ 1
[    6.641842] initcall acpi_ac_init+0x0/0x92 returned 0 after 3550 usecs
[    6.651418] calling  acpi_button_driver_init+0x0/0x52 @ 1
[    6.660678] input: Power Button as /devices/LNXSYSTM:00/LNXPWRBN:00/input/input0
[    6.672775] ACPI: Power Button [PWRF]
[    6.679007] initcall acpi_button_driver_init+0x0/0x52 returned 0 after 19076 usecs
[    6.689852] calling  acpi_fan_driver_init+0x0/0xe @ 1
[    6.697261] initcall acpi_fan_driver_init+0x0/0xe returned 0 after 36 usecs
[    6.706363] calling  acpi_video_init+0x0/0xcb @ 1
[    6.712316] initcall acpi_video_init+0x0/0xcb returned 0 after 289 usecs
[    6.720180] calling  acpi_processor_driver_init+0x0/0xad @ 1
[    6.728328] initcall acpi_processor_driver_init+0x0/0xad returned 0 after 1159 usecs
[    6.737662] calling  acpi_thermal_init+0x0/0x71 @ 1
[    6.743659] initcall acpi_thermal_init+0x0/0x71 returned 0 after 185 usecs
[    6.753491] calling  acpi_battery_init+0x0/0x32 @ 1
[    6.760781] initcall acpi_battery_init+0x0/0x32 returned 0 after 63 usecs
[    6.769063] calling  bgrt_init+0x0/0xb6 @ 1
[    6.775496] initcall bgrt_init+0x0/0xb6 returned -19 after 1 usecs
[    6.784845] calling  gpio_clk_driver_init+0x0/0xe @ 1
[    6.792569] initcall gpio_clk_driver_init+0x0/0xe returned 0 after 81 usecs
[    6.802363] calling  plt_clk_driver_init+0x0/0xe @ 1
[    6.808342] initcall plt_clk_driver_init+0x0/0xe returned 0 after 30 usecs
[    6.816790] calling  virtio_pci_driver_init+0x0/0x15 @ 1
[    6.823380] initcall virtio_pci_driver_init+0x0/0x15 returned 0 after 107 usecs
[    6.832329] calling  n_null_init+0x0/0x1e @ 1
[    6.837808] initcall n_null_init+0x0/0x1e returned 0 after 43 usecs
[    6.845676] calling  pty_init+0x0/0x1e8 @ 1
[    6.852081] initcall pty_init+0x0/0x1e8 returned 0 after 1073 usecs
[    6.862458] calling  sysrq_init+0x0/0x62 @ 1
[    6.867810] initcall sysrq_init+0x0/0x62 returned 0 after 9 usecs
[    6.875272] calling  serial8250_init+0x0/0x17e @ 1
[    6.881278] Serial: 8250/16550 driver, 4 ports, IRQ sharing enabled
[    6.890820] 00:03: ttyS0 at I/O 0x3f8 (irq = 4, base_baud = 115200) is a 16550A
[    6.903492] initcall serial8250_init+0x0/0x17e returned 0 after 21716 usecs
[    6.914160] calling  serial_pci_driver_init+0x0/0x15 @ 1
[    6.922523] initcall serial_pci_driver_init+0x0/0x15 returned 0 after 194 usecs
[    6.933959] calling  exar_pci_driver_init+0x0/0x15 @ 1
[    6.942283] initcall exar_pci_driver_init+0x0/0x15 returned 0 after 178 usecs
[    6.953564] calling  lpss8250_pci_driver_init+0x0/0x15 @ 1
[    6.961498] initcall lpss8250_pci_driver_init+0x0/0x15 returned 0 after 38 usecs
[    6.971282] calling  mid8250_pci_driver_init+0x0/0x15 @ 1
[    6.978573] initcall mid8250_pci_driver_init+0x0/0x15 returned 0 after 44 usecs
[    6.988222] calling  virtio_console_init+0x0/0xff @ 1
[    6.995695] initcall virtio_console_init+0x0/0xff returned 0 after 395 usecs
[    7.005083] calling  hpet_init+0x0/0x64 @ 1
[    7.011691] initcall hpet_init+0x0/0x64 returned 0 after 788 usecs
[    7.020768] calling  nvram_module_init+0x0/0x83 @ 1
[    7.028825] Non-volatile memory driver v1.3
[    7.035336] initcall nvram_module_init+0x0/0x83 returned 0 after 6647 usecs
[    7.046096] calling  hwrng_modinit+0x0/0x8a @ 1
[    7.052576] initcall hwrng_modinit+0x0/0x8a returned 0 after 235 usecs
[    7.060767] calling  mod_init+0x0/0x48 @ 1
[    7.066252] initcall mod_init+0x0/0x48 returned -19 after 0 usecs
[    7.073870] calling  agp_init+0x0/0x23 @ 1
[    7.079128] Linux agpgart interface v0.103
[    7.084288] initcall agp_init+0x0/0x23 returned 0 after 5036 usecs
[    7.092057] calling  agp_amd64_mod_init+0x0/0x5 @ 1
[    7.098533] initcall agp_amd64_mod_init+0x0/0x5 returned -19 after 360 usecs
[    7.107357] calling  agp_intel_init+0x0/0x28 @ 1
[    7.114086] initcall agp_intel_init+0x0/0x28 returned 0 after 602 usecs
[    7.122323] calling  drm_kms_helper_init+0x0/0x7 @ 1
[    7.128772] initcall drm_kms_helper_init+0x0/0x7 returned 0 after 41 usecs
[    7.139208] calling  drm_core_init+0x0/0xbd @ 1
[    7.146503] initcall drm_core_init+0x0/0xbd returned 0 after 352 usecs
[    7.156539] calling  i915_init+0x0/0x6b @ 1
[    7.163336] initcall i915_init+0x0/0x6b returned 0 after 631 usecs
[    7.171172] calling  cn_proc_init+0x0/0x35 @ 1
[    7.177016] initcall cn_proc_init+0x0/0x35 returned 0 after 125 usecs
[    7.185545] calling  topology_sysfs_init+0x0/0x27 @ 1
[    7.192860] initcall topology_sysfs_init+0x0/0x27 returned 0 after 37 usecs
[    7.202825] calling  cacheinfo_sysfs_init+0x0/0x27 @ 1
[    7.210387] initcall cacheinfo_sysfs_init+0x0/0x27 returned 0 after 550 usecs
[    7.220073] calling  loop_init+0x0/0x16a @ 1
[    7.252583] loop: module loaded
[    7.256876] initcall loop_init+0x0/0x16a returned 0 after 30305 usecs
[    7.265154] calling  mac_hid_init+0x0/0x21 @ 1
[    7.271746] initcall mac_hid_init+0x0/0x21 returned 0 after 10 usecs
[    7.280190] calling  spi_transport_init+0x0/0x74 @ 1
[    7.287145] initcall spi_transport_init+0x0/0x74 returned 0 after 78 usecs
[    7.296045] calling  init_sd+0x0/0x18c @ 1
[    7.301659] initcall init_sd+0x0/0x18c returned 0 after 141 usecs
[    7.309508] calling  init_sr+0x0/0x43 @ 1
[    7.314939] initcall init_sr+0x0/0x43 returned 0 after 47 usecs
[    7.322856] calling  init_sg+0x0/0x1c0 @ 1
[    7.328571] initcall init_sg+0x0/0x1c0 returned 0 after 163 usecs
[    7.336551] calling  ahci_pci_driver_init+0x0/0x15 @ 1
[    7.343476] ahci 0000:00:1f.2: version 3.0
[    7.352044] PCI Interrupt Link [GSIA] enabled at IRQ 16
[    7.374332] ahci 0000:00:1f.2: AHCI 0001.0000 32 slots 6 ports 1.5 Gbps 0x3f impl SATA mode
[    7.385497] ahci 0000:00:1f.2: flags: 64bit ncq only 
[    7.405346] scsi host0: ahci
[    7.410330] scsi host1: ahci
[    7.415580] scsi host2: ahci
[    7.421234] scsi host3: ahci
[    7.425973] scsi host4: ahci
[    7.430579] scsi host5: ahci
[    7.435601] ata1: SATA max UDMA/133 abar m4096@0xfebf1000 port 0xfebf1100 irq 24
[    7.445344] ata2: SATA max UDMA/133 abar m4096@0xfebf1000 port 0xfebf1180 irq 24
[    7.455524] ata3: SATA max UDMA/133 abar m4096@0xfebf1000 port 0xfebf1200 irq 24
[    7.465825] ata4: SATA max UDMA/133 abar m4096@0xfebf1000 port 0xfebf1280 irq 24
[    7.477004] ata5: SATA max UDMA/133 abar m4096@0xfebf1000 port 0xfebf1300 irq 24
[    7.488340] ata6: SATA max UDMA/133 abar m4096@0xfebf1000 port 0xfebf1380 irq 24
[    7.498605] initcall ahci_pci_driver_init+0x0/0x15 returned 0 after 151738 usecs
[    7.509301] calling  piix_init+0x0/0x26 @ 1
[    7.515599] initcall piix_init+0x0/0x26 returned 0 after 286 usecs
[    7.525713] calling  amd_pci_driver_init+0x0/0x15 @ 1
[    7.533686] initcall amd_pci_driver_init+0x0/0x15 returned 0 after 118 usecs
[    7.543661] calling  oldpiix_pci_driver_init+0x0/0x15 @ 1
[    7.551690] initcall oldpiix_pci_driver_init+0x0/0x15 returned 0 after 75 usecs
[    7.570608] calling  sch_pci_driver_init+0x0/0x15 @ 1
[    7.584600] initcall sch_pci_driver_init+0x0/0x15 returned 0 after 4921 usecs
[    7.594341] calling  net_olddevs_init+0x0/0x55 @ 1
[    7.602564] initcall net_olddevs_init+0x0/0x55 returned 0 after 1072 usecs
[    7.612646] calling  blackhole_netdev_init+0x0/0x78 @ 1
[    7.621523] initcall blackhole_netdev_init+0x0/0x78 returned 0 after 1287 usecs
[    7.632240] calling  phy_module_init+0x0/0x13 @ 1
[    7.640135] initcall phy_module_init+0x0/0x13 returned 0 after 741 usecs
[    7.650533] calling  tg3_driver_init+0x0/0x15 @ 1
[    7.658999] initcall tg3_driver_init+0x0/0x15 returned 0 after 437 usecs
[    7.668759] calling  e100_init_module+0x0/0x4c @ 1
[    7.676051] e100: Intel(R) PRO/100 Network Driver
[    7.683094] e100: Copyright(c) 1999-2006 Intel Corporation
[    7.691543] initcall e100_init_module+0x0/0x4c returned 0 after 15176 usecs
[    7.701834] calling  e1000_init_module+0x0/0x72 @ 1
[    7.709798] e1000: Intel(R) PRO/1000 Network Driver
[    7.717480] e1000: Copyright (c) 1999-2006 Intel Corporation.
[    7.726265] initcall e1000_init_module+0x0/0x72 returned 0 after 16079 usecs
[    7.737629] calling  e1000_init_module+0x0/0x2d @ 1
[    7.745021] e1000e: Intel(R) PRO/1000 Network Driver
[    7.753504] e1000e: Copyright(c) 1999 - 2015 Intel Corporation.
[    7.762473] initcall e1000_init_module+0x0/0x2d returned 0 after 17015 usecs
[    7.773158] calling  sky2_init_module+0x0/0x21 @ 1
[    7.780311] sky2: driver version 1.30
[    7.786427] initcall sky2_init_module+0x0/0x21 returned 0 after 5927 usecs
[    7.798070] calling  forcedeth_pci_driver_init+0x0/0x15 @ 1
[    7.805752] initcall forcedeth_pci_driver_init+0x0/0x15 returned 0 after 72 usecs
[    7.815937] calling  rtl8139_init_module+0x0/0x15 @ 1
[    7.823040] initcall rtl8139_init_module+0x0/0x15 returned 0 after 164 usecs
[    7.833287] calling  rtl8169_pci_driver_init+0x0/0x15 @ 1
[    7.841211] initcall rtl8169_pci_driver_init+0x0/0x15 returned 0 after 82 usecs
[    7.852644] calling  cdrom_init+0x0/0xc @ 1
[    7.859210] initcall cdrom_init+0x0/0xc returned 0 after 493 usecs
[    7.867863] calling  nonstatic_sysfs_init+0x0/0xc @ 1
[    7.875289] initcall nonstatic_sysfs_init+0x0/0xc returned 0 after 42 usecs
[    7.885490] calling  yenta_cardbus_driver_init+0x0/0x15 @ 1
[    7.893708] initcall yenta_cardbus_driver_init+0x0/0x15 returned 0 after 120 usecs
[    7.904617] calling  mon_init+0x0/0x144 @ 1
[    7.935525] initcall mon_init+0x0/0x144 returned 0 after 23965 usecs
[    7.944804] calling  ehci_hcd_init+0x0/0x55 @ 1
[    7.951455] ehci_hcd: USB 2.0 'Enhanced' Host Controller (EHCI) Driver
[    7.960554] initcall ehci_hcd_init+0x0/0x55 returned 0 after 8900 usecs
[    7.970809] calling  ehci_pci_init+0x0/0x64 @ 1
[    7.977812] ehci-pci: EHCI PCI platform driver
[    7.984523] initcall ehci_pci_init+0x0/0x64 returned 0 after 6550 usecs
[    7.993816] calling  ohci_hcd_mod_init+0x0/0x4d @ 1
[    8.000667] ohci_hcd: USB 1.1 'Open' Host Controller (OHCI) Driver
[    8.009562] initcall ohci_hcd_mod_init+0x0/0x4d returned 0 after 8723 usecs
[    8.019933] calling  ohci_pci_init+0x0/0x64 @ 1
[    8.027047] ohci-pci: OHCI PCI platform driver
[    8.033565] initcall ohci_pci_init+0x0/0x64 returned 0 after 6362 usecs
[    8.043147] calling  uhci_hcd_init+0x0/0xa6 @ 1
[    8.049562] uhci_hcd: USB Universal Host Controller Interface driver
[    8.059341] initcall uhci_hcd_init+0x0/0xa6 returned 0 after 9586 usecs
[    8.068873] calling  xhci_hcd_init+0x0/0x1e @ 1
[    8.075478] initcall xhci_hcd_init+0x0/0x1e returned 0 after 67 usecs
[    8.086281] calling  xhci_pci_init+0x0/0x49 @ 1
[    8.094586] initcall xhci_pci_init+0x0/0x49 returned 0 after 429 usecs
[    8.105879] calling  usblp_driver_init+0x0/0x15 @ 1
[    8.113375] usbcore: registered new interface driver usblp
[    8.121239] initcall usblp_driver_init+0x0/0x15 returned 0 after 7894 usecs
[    8.131087] calling  usb_storage_driver_init+0x0/0x2a @ 1
[    8.138924] usbcore: registered new interface driver usb-storage
[    8.147336] initcall usb_storage_driver_init+0x0/0x2a returned 0 after 8315 usecs
[    8.158085] calling  i8042_init+0x0/0x4c2 @ 1
[    8.165775] i8042: PNP: PS/2 Controller [PNP0303:KBD,PNP0f13:MOU] at 0x60,0x64 irq 1,12
[    8.190749] serio: i8042 KBD port at 0x60,0x64 irq 1
[    8.197959] serio: i8042 AUX port at 0x60,0x64 irq 12
[    8.205561] initcall i8042_init+0x0/0x4c2 returned 0 after 40096 usecs
[    8.214718] calling  serport_init+0x0/0x2c @ 1
[    8.221829] initcall serport_init+0x0/0x2c returned 0 after 783 usecs
[    8.231052] calling  input_leds_init+0x0/0xc @ 1
[    8.240505] initcall input_leds_init+0x0/0xc returned 0 after 2774 usecs
[    8.249926] calling  evdev_init+0x0/0xc @ 1
[    8.261150] initcall evdev_init+0x0/0xc returned 0 after 4889 usecs
[    8.271064] calling  atkbd_init+0x0/0x21 @ 1
[    8.279367] initcall atkbd_init+0x0/0x21 returned 0 after 83 usecs
[    8.289221] calling  psmouse_init+0x0/0x7f @ 1
[    8.296769] initcall psmouse_init+0x0/0x7f returned 0 after 1125 usecs
[    8.307333] calling  cmos_init+0x0/0x73 @ 1
[    8.317146] rtc_cmos 00:04: RTC can wake from S4
[    8.339228] input: AT Translated Set 2 keyboard as /devices/platform/i8042/serio0/input/input1
[    8.385355] ata2: SATA link down (SStatus 0 SControl 300)
[    8.396980] ata5: SATA link down (SStatus 0 SControl 300)
[    8.410849] ata1: SATA link down (SStatus 0 SControl 300)
[    8.426445] ata3: SATA link up 1.5 Gbps (SStatus 113 SControl 300)
[    8.438787] ata3.00: ATAPI: QEMU DVD-ROM, 2.5+, max UDMA/100
[    8.449171] ata3.00: applying bridge limits
[    8.458653] ata3.00: configured for UDMA/100
[    8.468850] ata4: SATA link down (SStatus 0 SControl 300)
[    8.482984] scsi 2:0:0:0: CD-ROM            QEMU     QEMU DVD-ROM     2.5+ PQ: 0 ANSI: 5
[    8.502025] rtc_cmos 00:04: registered as rtc0
[    8.509724] rtc_cmos 00:04: alarms up to one day, y3k, 242 bytes nvram, hpet irqs
[    8.521243] initcall cmos_init+0x0/0x73 returned 0 after 202756 usecs
[    8.530996] calling  smbalert_driver_init+0x0/0xe @ 1
[    8.539244] initcall smbalert_driver_init+0x0/0xe returned 0 after 534 usecs
[    8.549543] calling  i2c_i801_init+0x0/0xc5 @ 1
[    8.570294] i801_smbus 0000:00:1f.3: SMBus using PCI interrupt
[    8.582250] i2c i2c-0: 1/1 memory slots populated (from DMI)
[    8.591839] i2c i2c-0: Memory type 0x07 not supported yet, not instantiating SPD
[    8.603524] initcall i2c_i801_init+0x0/0xc5 returned 0 after 45844 usecs
[    8.613832] calling  ptp_kvm_init+0x0/0xf0 @ 1
[    8.626707] ata6: SATA link down (SStatus 0 SControl 300)
[    8.651942] sr 2:0:0:0: [sr0] scsi3-mmc drive: 4x/4x cd/rw xa/form2 tray
[    8.662220] cdrom: Uniform CD-ROM driver Revision: 3.20
[    8.673127] initcall ptp_kvm_init+0x0/0xf0 returned 0 after 49448 usecs
[    8.683553] calling  dm_init+0x0/0x3c @ 1
[    8.710922] sr 2:0:0:0: Attached scsi CD-ROM sr0
[    8.721074] sr 2:0:0:0: Attached scsi generic sg0 type 5
[    8.730621] device-mapper: ioctl: 4.43.0-ioctl (2020-10-01) initialised: dm-devel@redhat.com
[    8.743747] initcall dm_init+0x0/0x3c returned 0 after 53221 usecs
[    8.754387] calling  dm_mirror_init+0x0/0x29 @ 1
[    8.762175] initcall dm_mirror_init+0x0/0x29 returned 0 after 65 usecs
[    8.773026] calling  dm_dirty_log_init+0x0/0x4f @ 1
[    8.781013] initcall dm_dirty_log_init+0x0/0x4f returned 0 after 147 usecs
[    8.791771] calling  dm_zero_init+0x0/0x29 @ 1
[    8.798545] initcall dm_zero_init+0x0/0x29 returned 0 after 3 usecs
[    8.808316] calling  intel_pstate_init+0x0/0x4a4 @ 1
[    8.816230] intel_pstate: CPU model not supported
[    8.823900] initcall intel_pstate_init+0x0/0x4a4 returned -19 after 7550 usecs
[    8.834969] calling  haltpoll_init+0x0/0xc0 @ 1
[    8.842525] initcall haltpoll_init+0x0/0xc0 returned -19 after 126 usecs
[    8.853163] calling  efivars_sysfs_init+0x0/0x30 @ 1
[    8.861344] initcall efivars_sysfs_init+0x0/0x30 returned 0 after 58 usecs
[    8.871437] calling  esrt_sysfs_init+0x0/0x2a2 @ 1
[    8.879142] initcall esrt_sysfs_init+0x0/0x2a2 returned -38 after 72 usecs
[    8.889496] calling  hid_init+0x0/0x5c @ 1
[    8.896106] hid: raw HID events driver (C) Jiri Kosina
[    8.903950] initcall hid_init+0x0/0x5c returned 0 after 7797 usecs
[    8.913325] calling  hid_generic_init+0x0/0x15 @ 1
[    8.920892] initcall hid_generic_init+0x0/0x15 returned 0 after 183 usecs
[    8.931454] calling  a4_driver_init+0x0/0x15 @ 1
[    8.938346] initcall a4_driver_init+0x0/0x15 returned 0 after 35 usecs
[    8.948098] calling  apple_driver_init+0x0/0x15 @ 1
[    8.955757] initcall apple_driver_init+0x0/0x15 returned 0 after 396 usecs
[    8.966716] calling  belkin_driver_init+0x0/0x15 @ 1
[    8.974608] initcall belkin_driver_init+0x0/0x15 returned 0 after 207 usecs
[    8.985588] calling  ch_driver_init+0x0/0x15 @ 1
[    8.992557] initcall ch_driver_init+0x0/0x15 returned 0 after 61 usecs
[    9.003521] calling  ch_driver_init+0x0/0x15 @ 1
[    9.010264] initcall ch_driver_init+0x0/0x15 returned 0 after 34 usecs
[    9.019876] calling  cp_driver_init+0x0/0x15 @ 1
[    9.025972] initcall cp_driver_init+0x0/0x15 returned 0 after 33 usecs
[    9.034784] calling  ez_driver_init+0x0/0x15 @ 1
[    9.042346] initcall ez_driver_init+0x0/0x15 returned 0 after 32 usecs
[    9.052654] calling  gyration_driver_init+0x0/0x15 @ 1
[    9.060921] initcall gyration_driver_init+0x0/0x15 returned 0 after 34 usecs
[    9.071390] calling  ite_driver_init+0x0/0x15 @ 1
[    9.078835] initcall ite_driver_init+0x0/0x15 returned 0 after 139 usecs
[    9.088721] calling  ks_driver_init+0x0/0x15 @ 1
[    9.095619] initcall ks_driver_init+0x0/0x15 returned 0 after 35 usecs
[    9.105351] calling  lg_driver_init+0x0/0x15 @ 1
[    9.112712] initcall lg_driver_init+0x0/0x15 returned 0 after 194 usecs
[    9.125326] calling  lg_g15_driver_init+0x0/0x15 @ 1
[    9.132592] initcall lg_g15_driver_init+0x0/0x15 returned 0 after 34 usecs
[    9.142267] calling  ms_driver_init+0x0/0x15 @ 1
[    9.149289] initcall ms_driver_init+0x0/0x15 returned 0 after 59 usecs
[    9.159060] calling  mr_driver_init+0x0/0x15 @ 1
[    9.166044] initcall mr_driver_init+0x0/0x15 returned 0 after 39 usecs
[    9.175922] calling  ntrig_driver_init+0x0/0x15 @ 1
[    9.183242] initcall ntrig_driver_init+0x0/0x15 returned 0 after 53 usecs
[    9.193145] calling  pl_driver_init+0x0/0x15 @ 1
[    9.200310] initcall pl_driver_init+0x0/0x15 returned 0 after 64 usecs
[    9.210024] calling  pl_driver_init+0x0/0x15 @ 1
[    9.217121] initcall pl_driver_init+0x0/0x15 returned 0 after 75 usecs
[    9.226743] calling  redragon_driver_init+0x0/0x15 @ 1
[    9.235185] initcall redragon_driver_init+0x0/0x15 returned 0 after 43 usecs
[    9.246125] calling  samsung_driver_init+0x0/0x15 @ 1
[    9.254059] initcall samsung_driver_init+0x0/0x15 returned 0 after 39 usecs
[    9.265211] calling  sony_init+0x0/0x38 @ 1
[    9.272117] initcall sony_init+0x0/0x38 returned 0 after 38 usecs
[    9.281618] calling  sp_driver_init+0x0/0x15 @ 1
[    9.289247] initcall sp_driver_init+0x0/0x15 returned 0 after 38 usecs
[    9.299854] calling  ts_driver_init+0x0/0x15 @ 1
[    9.307950] initcall ts_driver_init+0x0/0x15 returned 0 after 92 usecs
[    9.319136] calling  hid_init+0x0/0x58 @ 1
[    9.325696] usbcore: registered new interface driver usbhid
[    9.334387] usbhid: USB HID core driver
[    9.340416] initcall hid_init+0x0/0x58 returned 0 after 14462 usecs
[    9.349964] calling  eeepc_laptop_init+0x0/0x57 @ 1
[    9.358829] initcall eeepc_laptop_init+0x0/0x57 returned -19 after 1021 usecs
[    9.370077] calling  pmc_atom_init+0x0/0x27a @ 1
[    9.377655] initcall pmc_atom_init+0x0/0x27a returned -19 after 35 usecs
[    9.387974] calling  alsa_hwdep_init+0x0/0x5e @ 1
[    9.396711] initcall alsa_hwdep_init+0x0/0x5e returned 0 after 683 usecs
[    9.406929] calling  alsa_timer_init+0x0/0x1f9 @ 1
[    9.643573] input: ImExPS/2 Generic Explorer Mouse as /devices/platform/i8042/serio1/input/input3
[   10.198661] initcall alsa_timer_init+0x0/0x1f9 returned 0 after 765536 usecs
[   10.209865] calling  snd_hrtimer_init+0x0/0x117 @ 1
[   10.217622] initcall snd_hrtimer_init+0x0/0x117 returned 0 after 6 usecs
[   10.227888] calling  alsa_pcm_init+0x0/0x64 @ 1
[   10.234913] initcall alsa_pcm_init+0x0/0x64 returned 0 after 45 usecs
[   10.244601] calling  alsa_seq_init+0x0/0x4a @ 1
[   10.312624] initcall alsa_seq_init+0x0/0x4a returned 0 after 59165 usecs
[   10.323547] calling  alsa_seq_dummy_init+0x0/0x9c @ 1
[   10.331783] initcall alsa_seq_dummy_init+0x0/0x9c returned 0 after 267 usecs
[   10.342916] calling  azx_driver_init+0x0/0x15 @ 1
[   10.351093] initcall azx_driver_init+0x0/0x15 returned 0 after 498 usecs
[   10.362071] calling  sock_diag_init+0x0/0x2a @ 1
[   10.372182] initcall sock_diag_init+0x0/0x2a returned 0 after 2026 usecs
[   10.383450] calling  blackhole_init+0x0/0xc @ 1
[   10.391189] initcall blackhole_init+0x0/0xc returned 0 after 2 usecs
[   10.401632] calling  nfnetlink_init+0x0/0x61 @ 1
[   10.409669] initcall nfnetlink_init+0x0/0x61 returned 0 after 357 usecs
[   10.420002] calling  nfnetlink_log_init+0x0/0x99 @ 1
[   10.427879] initcall nfnetlink_log_init+0x0/0x99 returned 0 after 215 usecs
[   10.438815] calling  nf_conntrack_standalone_init+0x0/0x87 @ 1
[   10.450774] initcall nf_conntrack_standalone_init+0x0/0x87 returned 0 after 2602 usecs
[   10.461888] calling  ctnetlink_init+0x0/0x83 @ 1
[   10.468825] initcall ctnetlink_init+0x0/0x83 returned 0 after 38 usecs
[   10.478596] calling  nf_conntrack_ftp_init+0x0/0x12c @ 1
[   10.486291] initcall nf_conntrack_ftp_init+0x0/0x12c returned 0 after 51 usecs
[   10.497377] calling  nf_conntrack_irc_init+0x0/0x129 @ 1
[   10.507633] initcall nf_conntrack_irc_init+0x0/0x129 returned 0 after 285 usecs
[   10.518491] calling  nf_conntrack_sip_init+0x0/0x172 @ 1
[   10.526048] initcall nf_conntrack_sip_init+0x0/0x172 returned 0 after 8 usecs
[   10.535864] calling  nf_nat_init+0x0/0xf0 @ 1
[   10.542514] initcall nf_nat_init+0x0/0xf0 returned 0 after 532 usecs
[   10.551223] calling  nf_nat_ftp_init+0x0/0x2a @ 1
[   10.558229] initcall nf_nat_ftp_init+0x0/0x2a returned 0 after 31 usecs
[   10.567681] calling  nf_nat_irc_init+0x0/0x2a @ 1
[   10.574811] initcall nf_nat_irc_init+0x0/0x2a returned 0 after 2 usecs
[   10.584502] calling  nf_nat_sip_init+0x0/0x36 @ 1
[   10.591729] initcall nf_nat_sip_init+0x0/0x36 returned 0 after 4 usecs
[   10.601829] calling  xt_init+0x0/0x113 @ 1
[   10.608304] initcall xt_init+0x0/0x113 returned 0 after 812 usecs
[   10.616122] calling  tcpudp_mt_init+0x0/0x11 @ 1
[   10.622987] initcall tcpudp_mt_init+0x0/0x11 returned 0 after 969 usecs
[   10.632201] calling  connsecmark_tg_init+0x0/0xc @ 1
[   10.639243] initcall connsecmark_tg_init+0x0/0xc returned 0 after 2 usecs
[   10.649303] calling  nflog_tg_init+0x0/0xc @ 1
[   10.655783] initcall nflog_tg_init+0x0/0xc returned 0 after 1 usecs
[   10.663972] calling  secmark_tg_init+0x0/0x11 @ 1
[   10.670144] initcall secmark_tg_init+0x0/0x11 returned 0 after 1 usecs
[   10.679343] calling  tcpmss_tg_init+0x0/0x11 @ 1
[   10.686296] initcall tcpmss_tg_init+0x0/0x11 returned 0 after 2 usecs
[   10.696112] calling  conntrack_mt_init+0x0/0x11 @ 1
[   10.702826] initcall conntrack_mt_init+0x0/0x11 returned 0 after 2 usecs
[   10.712773] calling  policy_mt_init+0x0/0x11 @ 1
[   10.720258] initcall policy_mt_init+0x0/0x11 returned 0 after 2 usecs
[   10.730098] calling  state_mt_init+0x0/0xc @ 1
[   10.736532] initcall state_mt_init+0x0/0xc returned 0 after 1 usecs
[   10.746114] calling  gre_offload_init+0x0/0x48 @ 1
[   10.754303] initcall gre_offload_init+0x0/0x48 returned 0 after 89 usecs
[   10.765563] calling  sysctl_ipv4_init+0x0/0x46 @ 1
[   10.773906] initcall sysctl_ipv4_init+0x0/0x46 returned 0 after 830 usecs
[   10.786682] calling  tunnel4_init+0x0/0x58 @ 1
[   10.794655] initcall tunnel4_init+0x0/0x58 returned 0 after 100 usecs
[   10.805853] calling  nf_defrag_init+0x0/0xc @ 1
[   10.813180] initcall nf_defrag_init+0x0/0xc returned 0 after 28 usecs
[   10.822385] calling  ip_tables_init+0x0/0x8d @ 1
[   10.829777] initcall ip_tables_init+0x0/0x8d returned 0 after 250 usecs
[   10.840047] calling  iptable_filter_init+0x0/0x4c @ 1
[   10.850693] initcall iptable_filter_init+0x0/0x4c returned 0 after 1645 usecs
[   10.861673] calling  iptable_mangle_init+0x0/0xb8 @ 1
[   10.870815] initcall iptable_mangle_init+0x0/0xb8 returned 0 after 193 usecs
[   10.882624] calling  reject_tg_init+0x0/0xc @ 1
[   10.889235] initcall reject_tg_init+0x0/0xc returned 0 after 2 usecs
[   10.897886] calling  cubictcp_register+0x0/0x53 @ 1
[   10.915507] initcall cubictcp_register+0x0/0x53 returned 0 after 47 usecs
[   10.925842] calling  xfrm_user_init+0x0/0x45 @ 1
[   10.935341] Initializing XFRM netlink socket
[   10.946184] initcall xfrm_user_init+0x0/0x45 returned 0 after 10584 usecs
[   10.961049] calling  inet6_init+0x0/0x35e @ 1
[   10.971285] NET: Registered protocol family 10
[   10.989200] srcud-torture: rcu_torture_read_exit: End of episode
[   11.002599] Segment Routing with IPv6
[   11.008693] initcall inet6_init+0x0/0x35e returned 0 after 39536 usecs
[   11.018574] calling  ah6_init+0x0/0x71 @ 1
[   11.025061] initcall ah6_init+0x0/0x71 returned 0 after 95 usecs
[   11.034363] calling  esp6_init+0x0/0x71 @ 1
[   11.040994] initcall esp6_init+0x0/0x71 returned 0 after 3 usecs
[   11.050245] calling  ip6_tables_init+0x0/0x8d @ 1
[   11.057062] initcall ip6_tables_init+0x0/0x8d returned 0 after 130 usecs
[   11.066708] calling  ip6table_filter_init+0x0/0x4c @ 1
[   11.074917] initcall ip6table_filter_init+0x0/0x4c returned 0 after 252 usecs
[   11.085815] calling  ip6table_mangle_init+0x0/0xb8 @ 1
[   11.093675] initcall ip6table_mangle_init+0x0/0xb8 returned 0 after 121 usecs
[   11.104038] calling  nf_defrag_init+0x0/0x45 @ 1
[   11.110559] initcall nf_defrag_init+0x0/0x45 returned 0 after 59 usecs
[   11.119095] calling  ipv6header_mt6_init+0x0/0xc @ 1
[   11.125193] initcall ipv6header_mt6_init+0x0/0xc returned 0 after 2 usecs
[   11.134655] calling  reject_tg6_init+0x0/0xc @ 1
[   11.152638] initcall reject_tg6_init+0x0/0xc returned 0 after 2 usecs
[   11.170550] calling  sit_init+0x0/0xc3 @ 1
[   11.176551] sit: IPv6, IPv4 and MPLS over IPv4 tunneling driver
[   11.201776] initcall sit_init+0x0/0xc3 returned 0 after 24707 usecs
[   11.211269] calling  packet_init+0x0/0x75 @ 1
[   11.245809] NET: Registered protocol family 17
[   11.268236] initcall packet_init+0x0/0x75 returned 0 after 21931 usecs
