c[?7l[2J[0mSeaBIOS (version 1.16.0-debian-1.16.0-4)
Booting from ROM...
early console in setup code
c[?7l[2J[    0.000000] Linux version 5.10.158+ (root@joelboxx.c.googlers.com) (gcc (Debian 12.2.0-3) 12.2.0, GNU ld (GNU Binutils for Debian) 2.39) #17 Tue Dec 13 22:58:14 UTC 2022
[    0.000000] Command line: selinux=0 initcall_debug debug console=ttyS0 rcutorture.n_barrier_cbs=4 rcutorture.stat_interval=15 rcutorture.shutdown_secs=3600 rcutorture.test_no_idle_hz=1 rcutorture.verbose=1
[    0.000000] x86/fpu: x87 FPU will use FXSAVE
[    0.000000] BIOS-provided physical RAM map:
[    0.000000] BIOS-e820: [mem 0x0000000000000000-0x000000000009fbff] usable
[    0.000000] BIOS-e820: [mem 0x000000000009fc00-0x000000000009ffff] reserved
[    0.000000] BIOS-e820: [mem 0x00000000000f0000-0x00000000000fffff] reserved
[    0.000000] BIOS-e820: [mem 0x0000000000100000-0x000000001ffdefff] usable
[    0.000000] BIOS-e820: [mem 0x000000001ffdf000-0x000000001fffffff] reserved
[    0.000000] BIOS-e820: [mem 0x00000000b0000000-0x00000000bfffffff] reserved
[    0.000000] BIOS-e820: [mem 0x00000000fed1c000-0x00000000fed1ffff] reserved
[    0.000000] BIOS-e820: [mem 0x00000000feffc000-0x00000000feffffff] reserved
[    0.000000] BIOS-e820: [mem 0x00000000fffc0000-0x00000000ffffffff] reserved
[    0.000000] NX (Execute Disable) protection: active
[    0.000000] SMBIOS 2.8 present.
[    0.000000] DMI: QEMU Standard PC (Q35 + ICH9, 2009), BIOS 1.16.0-debian-1.16.0-4 04/01/2014
[    0.000000] Hypervisor detected: KVM
[    0.000000] kvm-clock: Using msrs 4b564d01 and 4b564d00
[    0.000000] kvm-clock: cpu 0, msr 803c001, primary cpu clock
[    0.000001] kvm-clock: using sched offset of 2675896342 cycles
[    0.000533] clocksource: kvm-clock: mask: 0xffffffffffffffff max_cycles: 0x1cd42e4dffb, max_idle_ns: 881590591483 ns
[    0.000718] tsc: Detected 1999.999 MHz processor
[    0.019633] e820: update [mem 0x00000000-0x00000fff] usable ==> reserved
[    0.019637] e820: remove [mem 0x000a0000-0x000fffff] usable
[    0.019644] last_pfn = 0x1ffdf max_arch_pfn = 0x400000000
[    0.020513] MTRR default type: write-back
[    0.020643] MTRR fixed ranges enabled:
[    0.020645]   00000-9FFFF write-back
[    0.020646]   A0000-BFFFF uncachable
[    0.020647]   C0000-FFFFF write-protect
[    0.020648] MTRR variable ranges enabled:
[    0.020650]   0 base 00C0000000 mask FFC0000000 uncachable
[    0.020651]   1 disabled
[    0.020651]   2 disabled
[    0.020652]   3 disabled
[    0.020652]   4 disabled
[    0.020653]   5 disabled
[    0.020654]   6 disabled
[    0.020654]   7 disabled
[    0.021269] x86/PAT: Configuration [0-7]: WB  WC  UC- UC  WB  WC  UC- UC  
[    0.030570] found SMP MP-table at [mem 0x000f5ba0-0x000f5baf]
[    0.034434] check: Scanning 1 areas for low memory corruption
[    0.048402] ACPI: Early table checksum verification disabled
[    0.051635] ACPI: RSDP 0x00000000000F59E0 000014 (v00 BOCHS )
[    0.052130] ACPI: RSDT 0x000000001FFE229A 000038 (v01 BOCHS  BXPC     00000001 BXPC 00000001)
[    0.052571] ACPI: FACP 0x000000001FFE2092 0000F4 (v03 BOCHS  BXPC     00000001 BXPC 00000001)
[    0.052750] ACPI: DSDT 0x000000001FFE0040 002052 (v01 BOCHS  BXPC     00000001 BXPC 00000001)
[    0.052755] ACPI: FACS 0x000000001FFE0000 000040
[    0.052758] ACPI: APIC 0x000000001FFE2186 000078 (v01 BOCHS  BXPC     00000001 BXPC 00000001)
[    0.052762] ACPI: HPET 0x000000001FFE21FE 000038 (v01 BOCHS  BXPC     00000001 BXPC 00000001)
[    0.052766] ACPI: MCFG 0x000000001FFE2236 00003C (v01 BOCHS  BXPC     00000001 BXPC 00000001)
[    0.052770] ACPI: WAET 0x000000001FFE2272 000028 (v01 BOCHS  BXPC     00000001 BXPC 00000001)
[    0.052774] ACPI: Reserving FACP table memory at [mem 0x1ffe2092-0x1ffe2185]
[    0.052775] ACPI: Reserving DSDT table memory at [mem 0x1ffe0040-0x1ffe2091]
[    0.052776] ACPI: Reserving FACS table memory at [mem 0x1ffe0000-0x1ffe003f]
[    0.052777] ACPI: Reserving APIC table memory at [mem 0x1ffe2186-0x1ffe21fd]
[    0.052778] ACPI: Reserving HPET table memory at [mem 0x1ffe21fe-0x1ffe2235]
[    0.052779] ACPI: Reserving MCFG table memory at [mem 0x1ffe2236-0x1ffe2271]
[    0.052780] ACPI: Reserving WAET table memory at [mem 0x1ffe2272-0x1ffe2299]
[    0.054256] ACPI: Local APIC address 0xfee00000
[    0.058454] Zone ranges:
[    0.058661]   DMA      [mem 0x0000000000001000-0x0000000000ffffff]
[    0.058899]   DMA32    [mem 0x0000000001000000-0x000000001ffdefff]
[    0.058977]   Normal   empty
[    0.058978] Movable zone start for each node
[    0.058979] Early memory node ranges
[    0.058980]   node   0: [mem 0x0000000000001000-0x000000000009efff]
[    0.059069]   node   0: [mem 0x0000000000100000-0x000000001ffdefff]
[    0.059165] Initmem setup node 0 [mem 0x0000000000001000-0x000000001ffdefff]
[    0.059166] On node 0 totalpages: 130941
[    0.059349]   DMA zone: 64 pages used for memmap
[    0.059350]   DMA zone: 21 pages reserved
[    0.059425]   DMA zone: 3998 pages, LIFO batch:0
[    0.059426]   DMA32 zone: 1984 pages used for memmap
[    0.059427]   DMA32 zone: 126943 pages, LIFO batch:31
[    0.099526] On node 0, zone DMA: 1 pages in unavailable ranges
[    0.105551] On node 0, zone DMA: 97 pages in unavailable ranges
[    0.380712] On node 0, zone DMA32: 33 pages in unavailable ranges
[    0.384668] ACPI: PM-Timer IO Port: 0x608
[    0.384673] ACPI: Local APIC address 0xfee00000
[    0.385108] ACPI: LAPIC_NMI (acpi_id[0xff] dfl dfl lint[0x1])
[    0.386768] IOAPIC[0]: apic_id 0, version 17, address 0xfec00000, GSI 0-23
[    0.386846] ACPI: INT_SRC_OVR (bus 0 bus_irq 0 global_irq 2 dfl dfl)
[    0.386972] ACPI: INT_SRC_OVR (bus 0 bus_irq 5 global_irq 5 high level)
[    0.386974] ACPI: INT_SRC_OVR (bus 0 bus_irq 9 global_irq 9 high level)
[    0.387145] ACPI: INT_SRC_OVR (bus 0 bus_irq 10 global_irq 10 high level)
[    0.387146] ACPI: INT_SRC_OVR (bus 0 bus_irq 11 global_irq 11 high level)
[    0.387148] ACPI: IRQ0 used by override.
[    0.387149] ACPI: IRQ5 used by override.
[    0.387150] ACPI: IRQ9 used by override.
[    0.387151] ACPI: IRQ10 used by override.
[    0.387152] ACPI: IRQ11 used by override.
[    0.387154] Using ACPI (MADT) for SMP configuration information
[    0.387156] ACPI: HPET id: 0x8086a201 base: 0xfed00000
[    0.388419] kvm-guest: stealtime: cpu 0, msr 784d780
[    0.389978] PM: hibernation: Registered nosave memory: [mem 0x00000000-0x00000fff]
[    0.389980] PM: hibernation: Registered nosave memory: [mem 0x0009f000-0x0009ffff]
[    0.389981] PM: hibernation: Registered nosave memory: [mem 0x000a0000-0x000effff]
[    0.389982] PM: hibernation: Registered nosave memory: [mem 0x000f0000-0x000fffff]
[    0.389984] [mem 0x20000000-0xafffffff] available for PCI devices
[    0.390063] Booting paravirtualized kernel on KVM
[    0.391113] clocksource: refined-jiffies: mask: 0xffffffff max_cycles: 0xffffffff, max_idle_ns: 1910969940391419 ns
[    0.437073] pcpu-alloc: s0 r0 d32768 u32768 alloc=1*32768
[    0.437157] pcpu-alloc: [0] 0 
[    0.437766] Built 1 zonelists, mobility grouping on.  Total pages: 128872
[    0.438092] Kernel command line: selinux=0 initcall_debug debug console=ttyS0 rcutorture.n_barrier_cbs=4 rcutorture.stat_interval=15 rcutorture.shutdown_secs=3600 rcutorture.test_no_idle_hz=1 rcutorture.verbose=1
[    0.460093] Dentry cache hash table entries: 65536 (order: 7, 524288 bytes, linear)
[    0.465165] Inode-cache hash table entries: 32768 (order: 6, 262144 bytes, linear)
[    0.466529] mem auto-init: stack:all(zero), heap alloc:off, heap free:off
[    0.498474] Memory: 481560K/523764K available (14349K kernel code, 2612K rwdata, 4580K rodata, 1236K init, 1904K bss, 41944K reserved, 0K cma-reserved)
[    0.500261] SLUB: HWalign=64, Order=0-3, MinObjects=0, CPUs=1, Nodes=1
[    0.501349] Kernel/User page tables isolation: enabled
[    0.553417] NR_IRQS: 4352, nr_irqs: 256, preallocated irqs: 16
[    0.562643] calling  con_init+0x0/0x22a @ 0
[    0.756325] Console: colour VGA+ 80x25
[    0.756337] initcall con_init+0x0/0x22a returned 0 after 0 usecs
[    0.756340] calling  hvc_console_init+0x0/0x13 @ 0
[    0.756411] initcall hvc_console_init+0x0/0x13 returned 0 after 0 usecs
[    0.756413] calling  univ8250_console_init+0x0/0x26 @ 0
[    1.579037] printk: console [ttyS0] enabled
[    1.586181] initcall univ8250_console_init+0x0/0x26 returned 0 after 0 usecs
[    1.595726] ACPI: Core revision 20200925
[    1.610008] clocksource: hpet: mask: 0xffffffff max_cycles: 0xffffffff, max_idle_ns: 19112604467 ns
[    1.627767] APIC: Switch to symmetric I/O mode setup
[    1.675075] ..TIMER: vector=0x30 apic1=0 pin1=2 apic2=-1 pin2=-1
[    1.682296] clocksource: tsc-early: mask: 0xffffffffffffffff max_cycles: 0x39a85afc727, max_idle_ns: 881590685098 ns
[    1.694779] Calibrating delay loop (skipped) preset value.. 3999.99 BogoMIPS (lpj=1999999)
[    1.695910] pid_max: default: 32768 minimum: 301
[    1.699303] LSM: Security Framework initializing
[    1.701916] Mount-cache hash table entries: 1024 (order: 1, 8192 bytes, linear)
[    1.703872] Mountpoint-cache hash table entries: 1024 (order: 1, 8192 bytes, linear)
[    1.725080] Last level iTLB entries: 4KB 0, 2MB 0, 4MB 0
[    1.725784] Last level dTLB entries: 4KB 0, 2MB 0, 4MB 0, 1GB 0
[    1.727894] CPU: Intel Common KVM processor (family: 0xf, model: 0x6, stepping: 0x1)
[    1.728849] Spectre V1 : Mitigation: usercopy/swapgs barriers and __user pointer sanitization
[    1.729786] Spectre V2 : Mitigation: Retpolines
[    1.730783] Spectre V2 : Spectre v2 / SpectreRSB mitigation: Filling RSB on context switch
[    1.732782] Spectre V2 : Spectre v2 / SpectreRSB : Filling RSB on VMEXIT
[    1.734808] Speculative Store Bypass: Vulnerable
[    1.736935] MDS: Vulnerable: Clear CPU buffers attempted, no microcode
[    1.737784] MMIO Stale Data: Unknown: No mitigations
[    1.982201] calling  init_hw_perf_events+0x0/0x6ce @ 1
[    1.983782] Performance Events: unsupported Netburst CPU model 6 no PMU driver, software events only.
[    1.984789] initcall init_hw_perf_events+0x0/0x6ce returned 0 after 976 usecs
[    1.985792] calling  init_real_mode+0x0/0x1e9 @ 1
[    1.988405] initcall init_real_mode+0x0/0x1e9 returned 0 after 976 usecs
[    1.988789] calling  trace_init_perf_perm_irq_work_exit+0x0/0x12 @ 1
[    1.989790] initcall trace_init_perf_perm_irq_work_exit+0x0/0x12 returned 0 after 0 usecs
[    1.990808] calling  validate_x2apic+0x0/0x4a @ 1
[    1.991816] initcall validate_x2apic+0x0/0x4a returned 0 after 0 usecs
[    1.992790] calling  register_nmi_cpu_backtrace_handler+0x0/0x15 @ 1
[    1.993790] initcall register_nmi_cpu_backtrace_handler+0x0/0x15 returned 0 after 0 usecs
[    1.994788] calling  kvm_setup_vsyscall_timeinfo+0x0/0x34 @ 1
[    1.995788] initcall kvm_setup_vsyscall_timeinfo+0x0/0x34 returned 0 after 0 usecs
[    1.996789] calling  spawn_ksoftirqd+0x0/0x34 @ 1
[    1.998973] initcall spawn_ksoftirqd+0x0/0x34 returned 0 after 976 usecs
[    1.999839] calling  trace_init_flags_sys_enter+0x0/0xe @ 1
[    2.000789] initcall trace_init_flags_sys_enter+0x0/0xe returned 0 after 0 usecs
[    2.001788] calling  trace_init_flags_sys_exit+0x0/0xe @ 1
[    2.002790] initcall trace_init_flags_sys_exit+0x0/0xe returned 0 after 0 usecs
[    2.003837] calling  init_kprobes+0x0/0x14d @ 1
[    2.008018] initcall init_kprobes+0x0/0x14d returned 0 after 1953 usecs
[    2.008812] calling  init_events+0x0/0x3d @ 1
[    2.011501] initcall init_events+0x0/0x3d returned 0 after 0 usecs
[    2.011789] calling  init_trace_printk+0x0/0xc @ 1
[    2.012787] initcall init_trace_printk+0x0/0xc returned 0 after 0 usecs
[    2.013786] calling  event_trace_enable_again+0x0/0x23 @ 1
[    2.014817] initcall event_trace_enable_again+0x0/0x23 returned 0 after 0 usecs
[    2.015785] calling  static_call_init+0x0/0x6d @ 1
[    2.016784] initcall static_call_init+0x0/0x6d returned 0 after 0 usecs
[    2.017785] calling  jump_label_init_module+0x0/0xc @ 1
[    2.018786] initcall jump_label_init_module+0x0/0xc returned 0 after 0 usecs
[    2.019785] calling  init_zero_pfn+0x0/0x37 @ 1
[    2.020785] initcall init_zero_pfn+0x0/0x37 returned 0 after 0 usecs
[    2.021788] calling  initialize_ptr_random+0x0/0x54 @ 1
[    2.022790] initcall initialize_ptr_random+0x0/0x54 returned 0 after 0 usecs
[    2.023815] calling  efi_memreserve_root_init+0x0/0x25 @ 1
[    2.024843] initcall efi_memreserve_root_init+0x0/0x25 returned 0 after 0 usecs
[    2.025791] calling  efi_earlycon_remap_fb+0x0/0x51 @ 1
[    2.026790] initcall efi_earlycon_remap_fb+0x0/0x51 returned 0 after 0 usecs
[    2.150118] devtmpfs: initialized
[    2.153233] calling  ipc_ns_init+0x0/0x3d @ 1
[    2.153839] initcall ipc_ns_init+0x0/0x3d returned 0 after 0 usecs
[    2.154783] calling  init_mmap_min_addr+0x0/0x21 @ 1
[    2.155782] initcall init_mmap_min_addr+0x0/0x21 returned 0 after 0 usecs
[    2.156783] calling  pci_realloc_setup_params+0x0/0x3f @ 1
[    2.157783] initcall pci_realloc_setup_params+0x0/0x3f returned 0 after 0 usecs
[    2.158784] calling  net_ns_init+0x0/0x11c @ 1
[    2.159967] initcall net_ns_init+0x0/0x11c returned 0 after 0 usecs
[    2.160803] calling  e820__register_nvs_regions+0x0/0x37 @ 1
[    2.161793] initcall e820__register_nvs_regions+0x0/0x37 returned 0 after 0 usecs
[    2.162785] calling  cpufreq_register_tsc_scaling+0x0/0x2e @ 1
[    2.163785] initcall cpufreq_register_tsc_scaling+0x0/0x2e returned 0 after 0 usecs
[    2.164785] calling  reboot_init+0x0/0x3c @ 1
[    2.166859] initcall reboot_init+0x0/0x3c returned 0 after 976 usecs
[    2.167788] calling  init_lapic_sysfs+0x0/0x20 @ 1
[    2.168789] initcall init_lapic_sysfs+0x0/0x20 returned 0 after 0 usecs
[    2.169786] calling  wq_sysfs_init+0x0/0x2a @ 1
[    2.170939] initcall wq_sysfs_init+0x0/0x2a returned 0 after 0 usecs
[    2.171785] calling  ksysfs_init+0x0/0x92 @ 1
[    2.172792] initcall ksysfs_init+0x0/0x92 returned 0 after 0 usecs
[    2.173784] calling  pm_init+0x0/0x76 @ 1
[    2.175821] initcall pm_init+0x0/0x76 returned 0 after 976 usecs
[    2.176843] calling  pm_disk_init+0x0/0x13 @ 1
[    2.177854] initcall pm_disk_init+0x0/0x13 returned 0 after 0 usecs
[    2.178784] calling  swsusp_header_init+0x0/0x2b @ 1
[    2.179786] initcall swsusp_header_init+0x0/0x2b returned 0 after 0 usecs
[    2.180784] calling  rcu_set_runtime_mode+0x0/0x11 @ 1
[    2.181788] initcall rcu_set_runtime_mode+0x0/0x11 returned 0 after 0 usecs
[    2.182786] calling  init_jiffies_clocksource+0x0/0x13 @ 1
[    2.183786] clocksource: jiffies: mask: 0xffffffff max_cycles: 0xffffffff, max_idle_ns: 1911260446275000 ns
[    2.184787] initcall init_jiffies_clocksource+0x0/0x13 returned 0 after 976 usecs
[    2.185785] calling  futex_init+0x0/0xd5 @ 1
[    2.186786] futex hash table entries: 256 (order: 0, 6144 bytes, linear)
[    2.188784] initcall futex_init+0x0/0xd5 returned 0 after 1953 usecs
[    2.189784] calling  cgroup_wq_init+0x0/0x28 @ 1
[    2.190790] initcall cgroup_wq_init+0x0/0x28 returned 0 after 0 usecs
[    2.191784] calling  cgroup1_wq_init+0x0/0x28 @ 1
[    2.192789] initcall cgroup1_wq_init+0x0/0x28 returned 0 after 0 usecs
[    2.193785] calling  init_kprobe_trace_early+0x0/0x2a @ 1
[    2.194802] initcall init_kprobe_trace_early+0x0/0x2a returned 0 after 0 usecs
[    2.195786] calling  fsnotify_init+0x0/0x48 @ 1
[    2.196797] initcall fsnotify_init+0x0/0x48 returned 0 after 0 usecs
[    2.197790] calling  filelock_init+0x0/0x60 @ 1
[    2.198809] initcall filelock_init+0x0/0x60 returned 0 after 0 usecs
[    2.199783] calling  init_misc_binfmt+0x0/0x2c @ 1
[    2.200802] initcall init_misc_binfmt+0x0/0x2c returned 0 after 0 usecs
[    2.201785] calling  init_script_binfmt+0x0/0x15 @ 1
[    2.202784] initcall init_script_binfmt+0x0/0x15 returned 0 after 0 usecs
[    2.203800] calling  init_elf_binfmt+0x0/0x15 @ 1
[    2.205783] initcall init_elf_binfmt+0x0/0x15 returned 0 after 0 usecs
[    2.206787] calling  init_compat_elf_binfmt+0x0/0x15 @ 1
[    2.207785] initcall init_compat_elf_binfmt+0x0/0x15 returned 0 after 0 usecs
[    2.208811] calling  debugfs_init+0x0/0x5c @ 1
[    2.209795] initcall debugfs_init+0x0/0x5c returned 0 after 0 usecs
[    2.210783] calling  tracefs_init+0x0/0x3a @ 1
[    2.211803] initcall tracefs_init+0x0/0x3a returned 0 after 0 usecs
[    2.212785] calling  prandom_init_early+0x0/0x111 @ 1
[    2.213786] initcall prandom_init_early+0x0/0x111 returned 0 after 0 usecs
[    2.214877] calling  virtio_init+0x0/0x20 @ 1
[    2.215851] initcall virtio_init+0x0/0x20 returned 0 after 0 usecs
[    2.216786] calling  iommu_init+0x0/0x2a @ 1
[    2.217801] initcall iommu_init+0x0/0x2a returned 0 after 0 usecs
[    2.218784] calling  component_debug_init+0x0/0x1c @ 1
[    2.219898] initcall component_debug_init+0x0/0x1c returned 0 after 0 usecs
[    2.220785] calling  early_resume_init+0x0/0xb9 @ 1
[    2.223404] PM: RTC time: 23:01:22, date: 2022-12-13
[    2.223804] initcall early_resume_init+0x0/0xb9 returned 0 after 976 usecs
[    2.224784] calling  cpufreq_core_init+0x0/0x62 @ 1
[    2.225846] initcall cpufreq_core_init+0x0/0x62 returned 0 after 0 usecs
[    2.226783] calling  cpufreq_gov_performance_init+0x0/0xc @ 1
[    2.227785] initcall cpufreq_gov_performance_init+0x0/0xc returned 0 after 0 usecs
[    2.228783] calling  cpufreq_gov_userspace_init+0x0/0xc @ 1
[    2.229784] initcall cpufreq_gov_userspace_init+0x0/0xc returned 0 after 0 usecs
[    2.230783] calling  CPU_FREQ_GOV_ONDEMAND_init+0x0/0xc @ 1
[    2.231784] initcall CPU_FREQ_GOV_ONDEMAND_init+0x0/0xc returned 0 after 0 usecs
[    2.232784] calling  cpuidle_init+0x0/0x1f @ 1
[    2.233846] initcall cpuidle_init+0x0/0x1f returned 0 after 0 usecs
[    2.234784] calling  capsule_reboot_register+0x0/0xc @ 1
[    2.235838] initcall capsule_reboot_register+0x0/0xc returned 0 after 0 usecs
[    2.236785] calling  sock_init+0x0/0x93 @ 1
[    2.238178] initcall sock_init+0x0/0x93 returned 0 after 0 usecs
[    2.238784] calling  net_inuse_init+0x0/0x23 @ 1
[    2.239789] initcall net_inuse_init+0x0/0x23 returned 0 after 0 usecs
[    2.240783] calling  net_defaults_init+0x0/0x23 @ 1
[    2.241783] initcall net_defaults_init+0x0/0x23 returned 0 after 0 usecs
[    2.242784] calling  init_default_flow_dissectors+0x0/0x4f @ 1
[    2.243784] initcall init_default_flow_dissectors+0x0/0x4f returned 0 after 0 usecs
[    2.244783] calling  netpoll_init+0x0/0x25 @ 1
[    2.245784] initcall netpoll_init+0x0/0x25 returned 0 after 0 usecs
[    2.246783] calling  netlink_proto_init+0x0/0x14f @ 1
[    2.248097] NET: Registered protocol family 16
[    2.248802] initcall netlink_proto_init+0x0/0x14f returned 0 after 976 usecs
[    2.249783] calling  genl_init+0x0/0x35 @ 1
[    2.250792] initcall genl_init+0x0/0x35 returned 0 after 0 usecs
[    2.252710] calling  bsp_pm_check_init+0x0/0x13 @ 1
[    2.252784] initcall bsp_pm_check_init+0x0/0x13 returned 0 after 0 usecs
[    2.253803] calling  irq_sysfs_init+0x0/0xb7 @ 1
[    2.254878] initcall irq_sysfs_init+0x0/0xb7 returned 0 after 0 usecs
[    2.255783] calling  audit_init+0x0/0x15d @ 1
[    2.256792] audit: initializing netlink subsys (disabled)
[    2.257917] initcall audit_init+0x0/0x15d returned 0 after 976 usecs
[    2.258784] calling  release_early_probes+0x0/0x32 @ 1
[    2.259783] initcall release_early_probes+0x0/0x32 returned 0 after 0 usecs
[    2.260782] calling  bdi_class_init+0x0/0x48 @ 1
[    2.261891] initcall bdi_class_init+0x0/0x48 returned 0 after 0 usecs
[    2.262782] calling  mm_sysfs_init+0x0/0x28 @ 1
[    2.263830] initcall mm_sysfs_init+0x0/0x28 returned 0 after 0 usecs
[    2.264785] calling  init_per_zone_wmark_min+0x0/0x5e @ 1
[    2.265788] initcall init_per_zone_wmark_min+0x0/0x5e returned 0 after 0 usecs
[    2.266785] calling  mpi_init+0x0/0x3e @ 1
[    2.267874] initcall mpi_init+0x0/0x3e returned 0 after 0 usecs
[    2.268783] calling  kobject_uevent_init+0x0/0xc @ 1
[    2.269877] initcall kobject_uevent_init+0x0/0xc returned 0 after 0 usecs
[    2.270784] calling  pcibus_class_init+0x0/0x13 @ 1
[    2.271795] initcall pcibus_class_init+0x0/0x13 returned 0 after 0 usecs
[    2.272795] calling  pci_driver_init+0x0/0x21 @ 1
[    2.273856] initcall pci_driver_init+0x0/0x21 returned 0 after 0 usecs
[    2.274783] calling  backlight_class_init+0x0/0xa8 @ 1
[    2.275846] initcall backlight_class_init+0x0/0xa8 returned 0 after 0 usecs
[    2.276784] calling  tty_class_init+0x0/0x33 @ 1
[    2.277788] initcall tty_class_init+0x0/0x33 returned 0 after 0 usecs
[    2.278783] calling  vtconsole_class_init+0x0/0xb5 @ 1
[    2.279875] initcall vtconsole_class_init+0x0/0xb5 returned 0 after 0 usecs
[    2.280785] calling  iommu_dev_init+0x0/0x13 @ 1
[    2.281815] initcall iommu_dev_init+0x0/0x13 returned 0 after 0 usecs
[    2.282787] calling  mipi_dsi_bus_init+0x0/0xc @ 1
[    2.283863] initcall mipi_dsi_bus_init+0x0/0xc returned 0 after 0 usecs
[    2.284784] calling  devlink_class_init+0x0/0x40 @ 1
[    2.285793] initcall devlink_class_init+0x0/0x40 returned 0 after 0 usecs
[    2.286783] calling  software_node_init+0x0/0x2a @ 1
[    2.287786] initcall software_node_init+0x0/0x2a returned 0 after 0 usecs
[    2.288784] calling  wakeup_sources_debugfs_init+0x0/0x23 @ 1
[    2.289813] initcall wakeup_sources_debugfs_init+0x0/0x23 returned 0 after 0 usecs
[    2.290785] calling  wakeup_sources_sysfs_init+0x0/0x2c @ 1
[    2.291795] initcall wakeup_sources_sysfs_init+0x0/0x2c returned 0 after 0 usecs
[    2.292785] calling  regmap_initcall+0x0/0xc @ 1
[    2.293817] initcall regmap_initcall+0x0/0xc returned 0 after 0 usecs
[    2.294791] calling  i2c_init+0x0/0xb3 @ 1
[    2.296049] initcall i2c_init+0x0/0xb3 returned 0 after 0 usecs
[    2.296793] calling  thermal_init+0x0/0xf2 @ 1
[    2.297825] thermal_sys: Registered thermal governor 'step_wise'
[    2.297827] thermal_sys: Registered thermal governor 'user_space'
[    2.298804] initcall thermal_init+0x0/0xf2 returned 0 after 976 usecs
[    2.300787] calling  init_menu+0x0/0xc @ 1
[    2.301784] cpuidle: using governor menu
[    2.302786] initcall init_menu+0x0/0xc returned 0 after 976 usecs
[    2.303787] calling  pcc_init+0x0/0x4d @ 1
[    2.304872] initcall pcc_init+0x0/0x4d returned -19 after 0 usecs
[    2.305787] calling  amd_postcore_init+0x0/0x11e @ 1
[    2.306787] initcall amd_postcore_init+0x0/0x11e returned 0 after 0 usecs
[    2.307806] calling  bts_init+0x0/0xba @ 1
[    2.308788] initcall bts_init+0x0/0xba returned -19 after 0 usecs
[    2.309786] calling  pt_init+0x0/0x2ef @ 1
[    2.310789] initcall pt_init+0x0/0x2ef returned -19 after 0 usecs
[    2.311786] calling  boot_params_ksysfs_init+0x0/0x2ee @ 1
[    2.313785] initcall boot_params_ksysfs_init+0x0/0x2ee returned 0 after 976 usecs
[    2.314786] calling  sbf_init+0x0/0xb9 @ 1
[    2.315784] initcall sbf_init+0x0/0xb9 returned 0 after 0 usecs
[    2.316785] calling  arch_kdebugfs_init+0x0/0x219 @ 1
[    2.318785] initcall arch_kdebugfs_init+0x0/0x219 returned 0 after 976 usecs
[    2.319784] calling  intel_pconfig_init+0x0/0x85 @ 1
[    2.320849] initcall intel_pconfig_init+0x0/0x85 returned 0 after 0 usecs
[    2.321782] calling  mtrr_if_init+0x0/0x5d @ 1
[    2.322788] initcall mtrr_if_init+0x0/0x5d returned 0 after 0 usecs
[    2.323784] calling  activate_jump_labels+0x0/0x31 @ 1
[    2.325784] initcall activate_jump_labels+0x0/0x31 returned 0 after 0 usecs
[    2.326788] calling  ffh_cstate_init+0x0/0x29 @ 1
[    2.327787] initcall ffh_cstate_init+0x0/0x29 returned 0 after 0 usecs
[    2.328785] calling  activate_jump_labels+0x0/0x31 @ 1
[    2.330792] initcall activate_jump_labels+0x0/0x31 returned 0 after 976 usecs
[    2.331784] calling  kvm_alloc_cpumask+0x0/0x2b @ 1
[    2.332808] initcall kvm_alloc_cpumask+0x0/0x2b returned 0 after 0 usecs
[    2.333832] calling  kcmp_cookies_init+0x0/0x37 @ 1
[    2.335793] initcall kcmp_cookies_init+0x0/0x37 returned 0 after 0 usecs
[    2.336786] calling  cryptomgr_init+0x0/0xc @ 1
[    2.337874] initcall cryptomgr_init+0x0/0xc returned 0 after 0 usecs
[    2.338786] calling  acpi_pci_init+0x0/0x57 @ 1
[    2.339783] ACPI: bus type PCI registered
[    2.340786] initcall acpi_pci_init+0x0/0x57 returned 0 after 976 usecs
[    2.341785] calling  dma_channel_table_init+0x0/0xce @ 1
[    2.342792] initcall dma_channel_table_init+0x0/0xce returned 0 after 0 usecs
[    2.343784] calling  dma_bus_init+0x0/0xdc @ 1
[    2.344910] initcall dma_bus_init+0x0/0xdc returned 0 after 0 usecs
[    2.345857] calling  iommu_dma_init+0x0/0x10 @ 1
[    2.346790] initcall iommu_dma_init+0x0/0x10 returned 0 after 0 usecs
[    2.348819] calling  dmi_id_init+0x0/0x37c @ 1
[    2.350059] initcall dmi_id_init+0x0/0x37c returned 0 after 0 usecs
[    2.350785] calling  pci_arch_init+0x0/0x71 @ 1
[    2.353374] PCI: MMCONFIG for domain 0000 [bus 00-ff] at [mem 0xb0000000-0xbfffffff] (base 0xb0000000)
[    2.353787] PCI: MMCONFIG at [mem 0xb0000000-0xbfffffff] reserved in E820
[    2.354804] PCI: Using configuration type 1 for base access
[    2.355872] initcall pci_arch_init+0x0/0x71 returned 0 after 3906 usecs
[    2.356813] calling  init_vdso+0x0/0x13 @ 1
[    2.357836] initcall init_vdso+0x0/0x13 returned 0 after 0 usecs
[    2.358786] calling  sysenter_setup+0x0/0x13 @ 1
[    2.359821] initcall sysenter_setup+0x0/0x13 returned 0 after 0 usecs
[    2.360785] calling  fixup_ht_bug+0x0/0x7f @ 1
[    2.361784] initcall fixup_ht_bug+0x0/0x7f returned 0 after 0 usecs
[    2.362786] calling  topology_init+0x0/0x15 @ 1
[    2.363865] initcall topology_init+0x0/0x15 returned 0 after 0 usecs
[    2.364784] calling  intel_epb_init+0x0/0x68 @ 1
[    2.365784] initcall intel_epb_init+0x0/0x68 returned -19 after 0 usecs
[    2.366783] calling  mtrr_init_finialize+0x0/0x3e @ 1
[    2.367784] initcall mtrr_init_finialize+0x0/0x3e returned 0 after 0 usecs
[    2.368784] calling  uid_cache_init+0x0/0x6f @ 1
[    2.369790] initcall uid_cache_init+0x0/0x6f returned 0 after 0 usecs
[    2.370784] calling  param_sysfs_init+0x0/0x1ba @ 1
[    2.375227] initcall param_sysfs_init+0x0/0x1ba returned 0 after 2929 usecs
[    2.375802] calling  user_namespace_sysctl_init+0x0/0x33 @ 1
[    2.376873] initcall user_namespace_sysctl_init+0x0/0x33 returned 0 after 0 usecs
[    2.377786] calling  proc_schedstat_init+0x0/0x24 @ 1
[    2.378794] initcall proc_schedstat_init+0x0/0x24 returned 0 after 0 usecs
[    2.379787] calling  pm_sysrq_init+0x0/0x18 @ 1
[    2.380806] initcall pm_sysrq_init+0x0/0x18 returned 0 after 0 usecs
[    2.381848] calling  create_proc_profile+0x0/0x50 @ 1
[    2.382786] initcall create_proc_profile+0x0/0x50 returned 0 after 0 usecs
[    2.383787] calling  time_ns_init+0x0/0x7 @ 1
[    2.384785] initcall time_ns_init+0x0/0x7 returned 0 after 0 usecs
[    2.385786] calling  crash_save_vmcoreinfo_init+0x0/0x756 @ 1
[    2.387951] initcall crash_save_vmcoreinfo_init+0x0/0x756 returned 0 after 976 usecs
[    2.388786] calling  crash_notes_memory_init+0x0/0x35 @ 1
[    2.389789] initcall crash_notes_memory_init+0x0/0x35 returned 0 after 0 usecs
[    2.390784] calling  cgroup_sysfs_init+0x0/0x13 @ 1
[    2.391827] initcall cgroup_sysfs_init+0x0/0x13 returned 0 after 0 usecs
[    2.392784] calling  cgroup_namespaces_init+0x0/0x7 @ 1
[    2.393784] initcall cgroup_namespaces_init+0x0/0x7 returned 0 after 0 usecs
[    2.394785] calling  init_optprobes+0x0/0x13 @ 1
[    2.395783] Kprobes globally optimized
[    2.396784] initcall init_optprobes+0x0/0x13 returned 0 after 976 usecs
[    2.397783] calling  oom_init+0x0/0x2f @ 1
[    2.399986] audit: type=2000 audit(1670972481.331:1): state=initialized audit_enabled=0 res=1
[    2.400812] initcall oom_init+0x0/0x2f returned 0 after 1953 usecs
[    2.401783] calling  default_bdi_init+0x0/0x35 @ 1
[    2.402955] initcall default_bdi_init+0x0/0x35 returned 0 after 0 usecs
[    2.403786] calling  percpu_enable_async+0x0/0xe @ 1
[    2.404785] initcall percpu_enable_async+0x0/0xe returned 0 after 0 usecs
[    2.405784] calling  kcompactd_init+0x0/0x46 @ 1
[    2.407062] initcall kcompactd_init+0x0/0x46 returned 0 after 0 usecs
[    2.407857] calling  init_user_reserve+0x0/0x30 @ 1
[    2.408787] initcall init_user_reserve+0x0/0x30 returned 0 after 0 usecs
[    2.409787] calling  init_admin_reserve+0x0/0x30 @ 1
[    2.410786] initcall init_admin_reserve+0x0/0x30 returned 0 after 0 usecs
[    2.411787] calling  init_reserve_notifier+0x0/0x7 @ 1
[    2.412786] initcall init_reserve_notifier+0x0/0x7 returned 0 after 0 usecs
[    2.413786] calling  swap_init_sysfs+0x0/0x62 @ 1
[    2.414796] initcall swap_init_sysfs+0x0/0x62 returned 0 after 0 usecs
[    2.415785] calling  swapfile_init+0x0/0x46 @ 1
[    2.416784] initcall swapfile_init+0x0/0x46 returned 0 after 0 usecs
[    2.417783] calling  hugetlb_init+0x0/0x411 @ 1
[    2.418802] HugeTLB registered 2.00 MiB page size, pre-allocated 0 pages
[    2.419811] initcall hugetlb_init+0x0/0x411 returned 0 after 976 usecs
[    2.421784] calling  io_wq_init+0x0/0x34 @ 1
[    2.422826] initcall io_wq_init+0x0/0x34 returned 0 after 0 usecs
[    2.424786] calling  seqiv_module_init+0x0/0xc @ 1
[    2.425784] initcall seqiv_module_init+0x0/0xc returned 0 after 0 usecs
[    2.426808] calling  echainiv_module_init+0x0/0xc @ 1
[    2.427783] initcall echainiv_module_init+0x0/0xc returned 0 after 0 usecs
[    2.429135] calling  rsa_init+0x0/0x50 @ 1
[    2.429988] cryptomgr_test (17) used greatest stack depth: 15544 bytes left
[    2.430799] initcall rsa_init+0x0/0x50 returned 0 after 976 usecs
[    2.431785] calling  crypto_cmac_module_init+0x0/0xc @ 1
[    2.432784] initcall crypto_cmac_module_init+0x0/0xc returned 0 after 0 usecs
[    2.433784] calling  hmac_module_init+0x0/0xc @ 1
[    2.434784] initcall hmac_module_init+0x0/0xc returned 0 after 0 usecs
[    2.435784] calling  crypto_null_mod_init+0x0/0x65 @ 1
[    2.437001] initcall crypto_null_mod_init+0x0/0x65 returned 0 after 0 usecs
[    2.437783] calling  md5_mod_init+0x0/0xc @ 1
[    2.438818] initcall md5_mod_init+0x0/0xc returned 0 after 0 usecs
[    2.439783] calling  sha256_generic_mod_init+0x0/0x11 @ 1
[    2.441823] initcall sha256_generic_mod_init+0x0/0x11 returned 0 after 0 usecs
[    2.442783] calling  crypto_cbc_module_init+0x0/0xc @ 1
[    2.443783] initcall crypto_cbc_module_init+0x0/0xc returned 0 after 0 usecs
[    2.444783] calling  crypto_ctr_module_init+0x0/0x11 @ 1
[    2.445785] initcall crypto_ctr_module_init+0x0/0x11 returned 0 after 0 usecs
[    2.446784] calling  crypto_gcm_module_init+0x0/0x64 @ 1
[    2.447879] initcall crypto_gcm_module_init+0x0/0x64 returned 0 after 0 usecs
[    2.448783] calling  crypto_ccm_module_init+0x0/0x11 @ 1
[    2.449783] initcall crypto_ccm_module_init+0x0/0x11 returned 0 after 0 usecs
[    2.450782] calling  aes_init+0x0/0xc @ 1
[    2.451847] initcall aes_init+0x0/0xc returned 0 after 0 usecs
[    2.454644] calling  crc32c_mod_init+0x0/0xc @ 1
[    2.459326] initcall crc32c_mod_init+0x0/0xc returned 0 after 2929 usecs
[    2.459811] calling  crypto_authenc_module_init+0x0/0xc @ 1
[    2.460789] initcall crypto_authenc_module_init+0x0/0xc returned 0 after 0 usecs
[    2.461789] calling  crypto_authenc_esn_module_init+0x0/0xc @ 1
[    2.462790] initcall crypto_authenc_esn_module_init+0x0/0xc returned 0 after 0 usecs
[    2.463787] calling  drbg_init+0x0/0x7c @ 1
[    2.465133] initcall drbg_init+0x0/0x7c returned 0 after 0 usecs
[    2.465786] calling  ghash_mod_init+0x0/0xc @ 1
[    2.466828] initcall ghash_mod_init+0x0/0xc returned 0 after 0 usecs
[    2.467786] calling  init_bio+0x0/0x9a @ 1
[    2.471357] initcall init_bio+0x0/0x9a returned 0 after 1953 usecs
[    2.471786] calling  blk_settings_init+0x0/0x29 @ 1
[    2.472783] initcall blk_settings_init+0x0/0x29 returned 0 after 0 usecs
[    2.473786] calling  blk_ioc_init+0x0/0x29 @ 1
[    2.474790] initcall blk_ioc_init+0x0/0x29 returned 0 after 0 usecs
[    2.475785] calling  blk_mq_init+0x0/0x96 @ 1
[    2.476877] initcall blk_mq_init+0x0/0x96 returned 0 after 0 usecs
[    2.477785] calling  genhd_device_init+0x0/0x75 @ 1
[    2.481367] initcall genhd_device_init+0x0/0x75 returned 0 after 1953 usecs
[    2.481992] calling  pci_slot_init+0x0/0x40 @ 1
[    2.483997] initcall pci_slot_init+0x0/0x40 returned 0 after 976 usecs
[    2.484788] calling  fbmem_init+0x0/0xd8 @ 1
[    2.488177] initcall fbmem_init+0x0/0xd8 returned 0 after 1953 usecs
[    2.488788] calling  acpi_init+0x0/0x316 @ 1
[    2.490190] ACPI: Added _OSI(Module Device)
[    2.490783] ACPI: Added _OSI(Processor Device)
[    2.491782] ACPI: Added _OSI(3.0 _SCP Extensions)
[    2.492783] ACPI: Added _OSI(Processor Aggregator Device)
[    2.493785] ACPI: Added _OSI(Linux-Dell-Video)
[    2.494785] ACPI: Added _OSI(Linux-Lenovo-NV-HDMI-Audio)
[    2.495785] ACPI: Added _OSI(Linux-HPI-Hybrid-Graphics)
[    2.501186] ACPI: 1 ACPI AML tables successfully acquired and loaded
[    2.507239] ACPI: Interpreter enabled
[    2.507936] ACPI: (supports S0 S3 S4 S5)
[    2.509781] ACPI: Using IOAPIC for interrupt routing
[    2.512330] PCI: Using host bridge windows from ACPI; if necessary, use "pci=nocrs" and report a bug
[    2.513172] ACPI: Enabled 2 GPEs in block 00 to 3F
[    2.519475] ACPI: PCI Root Bridge [PCI0] (domain 0000 [bus 00-ff])
[    2.520794] acpi PNP0A08:00: _OSC: OS supports [ExtendedConfig ASPM ClockPM Segments MSI HPX-Type3]
[    2.521916] acpi PNP0A08:00: _OSC: platform does not support [LTR]
[    2.522848] acpi PNP0A08:00: _OSC: OS now controls [PME PCIeCapability]
[    2.524930] PCI host bridge to bus 0000:00
[    2.525808] pci_bus 0000:00: root bus resource [io  0x0000-0x0cf7 window]
[    2.526785] pci_bus 0000:00: root bus resource [io  0x0d00-0xffff window]
[    2.527786] pci_bus 0000:00: root bus resource [mem 0x000a0000-0x000bffff window]
[    2.528786] pci_bus 0000:00: root bus resource [mem 0x20000000-0xafffffff window]
[    2.529787] pci_bus 0000:00: root bus resource [mem 0xc0000000-0xfebfffff window]
[    2.530786] pci_bus 0000:00: root bus resource [mem 0x100000000-0x8ffffffff window]
[    2.531787] pci_bus 0000:00: root bus resource [bus 00-ff]
[    2.534304] pci 0000:00:00.0: calling  quirk_mmio_always_on+0x0/0x10 @ 1
[    2.535785] pci 0000:00:00.0: quirk_mmio_always_on+0x0/0x10 took 0 usecs
[    2.536788] pci 0000:00:00.0: [8086:29c0] type 00 class 0x060000
[    2.542234] pci 0000:00:00.0: calling  quirk_igfx_skip_te_disable+0x0/0x80 @ 1
[    2.542850] pci 0000:00:00.0: quirk_igfx_skip_te_disable+0x0/0x80 took 0 usecs
[    2.545951] pci 0000:00:01.0: [1234:1111] type 00 class 0x030000
[    2.553779] pci 0000:00:01.0: reg 0x10: [mem 0xfd000000-0xfdffffff pref]
[    2.572779] pci 0000:00:01.0: reg 0x18: [mem 0xfebf0000-0xfebf0fff]
[    2.592779] pci 0000:00:01.0: reg 0x30: [mem 0xfebe0000-0xfebeffff pref]
[    2.597779] pci 0000:00:01.0: calling  efifb_fixup_resources+0x0/0xf0 @ 1
[    2.598861] pci 0000:00:01.0: efifb_fixup_resources+0x0/0xf0 took 0 usecs
[    2.609664] pci 0000:00:1f.0: [8086:2918] type 00 class 0x060100
[    2.617166] pci 0000:00:1f.0: calling  quirk_ich7_lpc+0x0/0x60 @ 1
[    2.618189] pci 0000:00:1f.0: quirk: [io  0x0600-0x067f] claimed by ICH6 ACPI/GPIO/TCO
[    2.621111] pci 0000:00:1f.0: quirk_ich7_lpc+0x0/0x60 took 2929 usecs
[    2.621866] pci 0000:00:1f.0: calling  quirk_igfx_skip_te_disable+0x0/0x80 @ 1
[    2.622853] pci 0000:00:1f.0: quirk_igfx_skip_te_disable+0x0/0x80 took 0 usecs
[    2.627316] pci 0000:00:1f.2: [8086:2922] type 00 class 0x010601
[    2.640807] pci 0000:00:1f.2: reg 0x20: [io  0xc040-0xc05f]
[    2.644345] pci 0000:00:1f.2: reg 0x24: [mem 0xfebf1000-0xfebf1fff]
[    2.648910] pci 0000:00:1f.2: calling  quirk_igfx_skip_te_disable+0x0/0x80 @ 1
[    2.649798] pci 0000:00:1f.2: quirk_igfx_skip_te_disable+0x0/0x80 took 0 usecs
[    2.655075] pci 0000:00:1f.3: [8086:2930] type 00 class 0x0c0500
[    2.663784] pci 0000:00:1f.3: reg 0x20: [io  0x0700-0x073f]
[    2.668101] pci 0000:00:1f.3: calling  quirk_igfx_skip_te_disable+0x0/0x80 @ 1
[    2.668790] pci 0000:00:1f.3: quirk_igfx_skip_te_disable+0x0/0x80 took 0 usecs
[    2.671907] pci_bus 0000:00: on NUMA node 0
[    2.682782] ACPI: PCI Interrupt Link [LNKA] (IRQs 5 *10 11)
[    2.684279] ACPI: PCI Interrupt Link [LNKB] (IRQs 5 *10 11)
[    2.685392] ACPI: PCI Interrupt Link [LNKC] (IRQs 5 10 *11)
[    2.686309] ACPI: PCI Interrupt Link [LNKD] (IRQs 5 10 *11)
[    2.688100] ACPI: PCI Interrupt Link [LNKE] (IRQs 5 *10 11)
[    2.689897] ACPI: PCI Interrupt Link [LNKF] (IRQs 5 *10 11)
[    2.691313] ACPI: PCI Interrupt Link [LNKG] (IRQs 5 10 *11)
[    2.693178] ACPI: PCI Interrupt Link [LNKH] (IRQs 5 10 *11)
[    2.694795] ACPI: PCI Interrupt Link [GSIA] (IRQs *16)
[    2.695818] ACPI: PCI Interrupt Link [GSIB] (IRQs *17)
[    2.696799] ACPI: PCI Interrupt Link [GSIC] (IRQs *18)
[    2.697838] ACPI: PCI Interrupt Link [GSID] (IRQs *19)
[    2.698799] ACPI: PCI Interrupt Link [GSIE] (IRQs *20)
[    2.699819] ACPI: PCI Interrupt Link [GSIF] (IRQs *21)
[    2.700805] ACPI: PCI Interrupt Link [GSIG] (IRQs *22)
[    2.701921] ACPI: PCI Interrupt Link [GSIH] (IRQs *23)
[    2.706346] initcall acpi_init+0x0/0x316 returned 0 after 210937 usecs
[    2.706927] calling  pnp_init+0x0/0xc @ 1
[    2.707825] initcall pnp_init+0x0/0xc returned 0 after 0 usecs
[    2.708790] calling  misc_init+0x0/0xbf @ 1
[    2.710932] initcall misc_init+0x0/0xbf returned 0 after 976 usecs
[    2.711789] calling  iommu_subsys_init+0x0/0x4e @ 1
[    2.712934] iommu: Default domain type: Translated 
[    2.713790] initcall iommu_subsys_init+0x0/0x4e returned 0 after 976 usecs
[    2.714790] calling  vga_arb_device_init+0x0/0x26c @ 1
[    2.717694] pci 0000:00:01.0: vgaarb: setting as boot VGA device
[    2.717779] pci 0000:00:01.0: vgaarb: VGA device added: decodes=io+mem,owns=io+mem,locks=none
[    2.718077] pci 0000:00:01.0: vgaarb: bridge control possible
[    2.718783] vgaarb: loaded
[    2.719787] initcall vga_arb_device_init+0x0/0x26c returned 0 after 3906 usecs
[    2.721022] calling  cn_init+0x0/0xf0 @ 1
[    2.723091] initcall cn_init+0x0/0xf0 returned 0 after 976 usecs
[    2.723930] calling  dma_buf_init+0x0/0xad @ 1
[    2.727787] initcall dma_buf_init+0x0/0xad returned 0 after 2929 usecs
[    2.728786] calling  init_scsi+0x0/0x79 @ 1
[    2.735445] SCSI subsystem initialized
[    2.735943] initcall init_scsi+0x0/0x79 returned 0 after 5859 usecs
[    2.736887] calling  ata_init+0x0/0x332 @ 1
[    2.745459] libata version 3.00 loaded.
[    2.745789] initcall ata_init+0x0/0x332 returned 0 after 7812 usecs
[    2.746790] calling  phy_init+0x0/0x250 @ 1
[    2.750356] initcall phy_init+0x0/0x250 returned 0 after 1953 usecs
[    2.750793] calling  init_pcmcia_cs+0x0/0x35 @ 1
[    2.752798] initcall init_pcmcia_cs+0x0/0x35 returned 0 after 976 usecs
[    2.753787] calling  usb_common_init+0x0/0x1c @ 1
[    2.754875] initcall usb_common_init+0x0/0x1c returned 0 after 0 usecs
[    2.755786] calling  usb_init+0x0/0x12e @ 1
[    2.756967] ACPI: bus type USB registered
[    2.759433] usbcore: registered new interface driver usbfs
[    2.759840] usbcore: registered new interface driver hub
[    2.760825] usbcore: registered new device driver usb
[    2.761788] initcall usb_init+0x0/0x12e returned 0 after 4882 usecs
[    2.762786] calling  serio_init+0x0/0x29 @ 1
[    2.764794] initcall serio_init+0x0/0x29 returned 0 after 976 usecs
[    2.765788] calling  input_init+0x0/0xf6 @ 1
[    2.766881] initcall input_init+0x0/0xf6 returned 0 after 0 usecs
[    2.767788] calling  rtc_init+0x0/0x4d @ 1
[    2.768843] initcall rtc_init+0x0/0x4d returned 0 after 0 usecs
[    2.769788] calling  pps_init+0x0/0xa9 @ 1
[    2.770830] pps_core: LinuxPPS API ver. 1 registered
[    2.771784] pps_core: Software ver. 5.3.6 - Copyright 2005-2007 Rodolfo Giometti <giometti@linux.it>
[    2.772790] initcall pps_init+0x0/0xa9 returned 0 after 1953 usecs
[    2.773790] calling  ptp_init+0x0/0x98 @ 1
[    2.774795] PTP clock support registered
[    2.775785] initcall ptp_init+0x0/0x98 returned 0 after 976 usecs
[    2.776784] calling  power_supply_class_init+0x0/0x3f @ 1
[    2.777958] initcall power_supply_class_init+0x0/0x3f returned 0 after 0 usecs
[    2.778784] calling  hwmon_init+0x0/0x104 @ 1
[    2.780831] initcall hwmon_init+0x0/0x104 returned 0 after 0 usecs
[    2.781783] calling  md_init+0x0/0x16b @ 1
[    2.784298] initcall md_init+0x0/0x16b returned 0 after 976 usecs
[    2.784789] calling  leds_init+0x0/0x3b @ 1
[    2.785814] initcall leds_init+0x0/0x3b returned 0 after 0 usecs
[    2.786783] calling  dmi_init+0x0/0x113 @ 1
[    2.787960] initcall dmi_init+0x0/0x113 returned 0 after 0 usecs
[    2.788784] calling  efisubsys_init+0x0/0x4e6 @ 1
[    2.789812] initcall efisubsys_init+0x0/0x4e6 returned 0 after 0 usecs
[    2.790784] calling  nvmem_init+0x0/0xc @ 1
[    2.791825] initcall nvmem_init+0x0/0xc returned 0 after 0 usecs
[    2.792784] calling  init_soundcore+0x0/0x33 @ 1
[    2.793793] initcall init_soundcore+0x0/0x33 returned 0 after 0 usecs
[    2.794783] calling  alsa_sound_init+0x0/0x8f @ 1
[    2.795952] Advanced Linux Sound Architecture Driver Initialized.
[    2.796790] initcall alsa_sound_init+0x0/0x8f returned 0 after 976 usecs
[    2.797807] calling  alsa_seq_device_init+0x0/0x71 @ 1
[    2.798881] initcall alsa_seq_device_init+0x0/0x71 returned 0 after 0 usecs
[    2.799786] calling  hda_bus_init+0x0/0xc @ 1
[    2.800864] initcall hda_bus_init+0x0/0xc returned 0 after 0 usecs
[    2.801784] calling  proto_init+0x0/0xc @ 1
[    2.802909] initcall proto_init+0x0/0xc returned 0 after 0 usecs
[    2.803788] calling  net_dev_init+0x0/0x1cc @ 1
[    2.807224] initcall net_dev_init+0x0/0x1cc returned 0 after 1953 usecs
[    2.807791] calling  neigh_init+0x0/0x84 @ 1
[    2.808793] initcall neigh_init+0x0/0x84 returned 0 after 0 usecs
[    2.809790] calling  fib_notifier_init+0x0/0xc @ 1
[    2.810795] initcall fib_notifier_init+0x0/0xc returned 0 after 0 usecs
[    2.811789] calling  fib_rules_init+0x0/0xab @ 1
[    2.812845] initcall fib_rules_init+0x0/0xab returned 0 after 0 usecs
[    2.813792] calling  pktsched_init+0x0/0x10e @ 1
[    2.814827] initcall pktsched_init+0x0/0x10e returned 0 after 0 usecs
[    2.815801] calling  tc_filter_init+0x0/0xfa @ 1
[    2.816829] initcall tc_filter_init+0x0/0xfa returned 0 after 0 usecs
[    2.817785] calling  tc_action_init+0x0/0x54 @ 1
[    2.818786] initcall tc_action_init+0x0/0x54 returned 0 after 0 usecs
[    2.819784] calling  ethnl_init+0x0/0x52 @ 1
[    2.820874] initcall ethnl_init+0x0/0x52 returned 0 after 0 usecs
[    2.821786] calling  nexthop_init+0x0/0xd8 @ 1
[    2.822870] initcall nexthop_init+0x0/0xd8 returned 0 after 0 usecs
[    2.823785] calling  cipso_v4_init+0x0/0x5a @ 1
[    2.824826] initcall cipso_v4_init+0x0/0x5a returned 0 after 0 usecs
[    2.825800] calling  ieee80211_init+0x0/0x24 @ 1
[    2.826937] initcall ieee80211_init+0x0/0x24 returned 0 after 0 usecs
[    2.827784] calling  netlbl_init+0x0/0x78 @ 1
[    2.828825] NetLabel: Initializing
[    2.829781] NetLabel:  domain hash size = 128
[    2.830781] NetLabel:  protocols = UNLABELED CIPSOv4 CALIPSO
[    2.832343] NetLabel:  unlabeled traffic allowed by default
[    2.832786] initcall netlbl_init+0x0/0x78 returned 0 after 3906 usecs
[    2.833785] calling  rfkill_init+0x0/0x111 @ 1
[    2.836252] initcall rfkill_init+0x0/0x111 returned 0 after 976 usecs
[    2.836785] calling  pci_subsys_init+0x0/0x66 @ 1
[    2.838603] PCI: Using ACPI for IRQ routing
[    3.664987] PCI: pci_cache_line_size set to 64 bytes
[    3.667784] e820: reserve RAM buffer [mem 0x0009fc00-0x0009ffff]
[    3.669038] e820: reserve RAM buffer [mem 0x1ffdf000-0x1fffffff]
[    3.670789] initcall pci_subsys_init+0x0/0x66 returned 0 after 813476 usecs
[    3.686486] calling  nmi_warning_debugfs+0x0/0x26 @ 1
[    3.687456] initcall nmi_warning_debugfs+0x0/0x26 returned 0 after 0 usecs
[    3.687787] calling  save_microcode_in_initrd+0x0/0x51 @ 1
[    3.689786] initcall save_microcode_in_initrd+0x0/0x51 returned 0 after 976 usecs
[    3.691147] calling  hpet_late_init+0x0/0x1f6 @ 1
[    3.693705] hpet: 3 channels of 0 reserved for per-cpu timers
[    3.694386] hpet0: at MMIO 0xfed00000, IRQs 2, 8, 0
[    3.695782] hpet0: 3 comparators, 64-bit 100.000000 MHz counter
[    3.699788] initcall hpet_late_init+0x0/0x1f6 returned 0 after 7812 usecs
[    3.700789] calling  init_amd_nbs+0x0/0x11c @ 1
[    3.701797] initcall init_amd_nbs+0x0/0x11c returned 0 after 0 usecs
[    3.702789] calling  clocksource_done_booting+0x0/0x41 @ 1
[    3.704596] clocksource: Switched to clocksource kvm-clock
[    3.713858] initcall clocksource_done_booting+0x0/0x41 returned 0 after 15300 usecs
[    3.728876] calling  tracer_init_tracefs+0x0/0x1fb @ 1
[    4.302387] initcall tracer_init_tracefs+0x0/0x1fb returned 0 after 553689 usecs
[    4.311640] calling  init_trace_printk_function_export+0x0/0x2c @ 1
[    4.319391] initcall init_trace_printk_function_export+0x0/0x2c returned 0 after 7 usecs
[    4.329207] calling  init_kprobe_trace+0x0/0x1a9 @ 1
[    4.335344] initcall init_kprobe_trace+0x0/0x1a9 returned 0 after 100 usecs
[    4.343688] calling  init_dynamic_event+0x0/0x3d @ 1
[    4.351415] initcall init_dynamic_event+0x0/0x3d returned 0 after 795 usecs
[    4.359964] calling  init_uprobe_trace+0x0/0x5c @ 1
[    4.366843] initcall init_uprobe_trace+0x0/0x5c returned 0 after 585 usecs
[    4.375352] calling  init_pipe_fs+0x0/0x44 @ 1
[    4.383581] initcall init_pipe_fs+0x0/0x44 returned 0 after 2551 usecs
[    4.391731] calling  inotify_user_setup+0x0/0x47 @ 1
[    4.398870] initcall inotify_user_setup+0x0/0x47 returned 0 after 820 usecs
[    4.407508] calling  eventpoll_init+0x0/0xcc @ 1
[    4.415707] initcall eventpoll_init+0x0/0xcc returned 0 after 1825 usecs
[    4.424128] calling  anon_inode_init+0x0/0x58 @ 1
[    4.430838] initcall anon_inode_init+0x0/0x58 returned 0 after 689 usecs
[    4.439333] calling  proc_locks_init+0x0/0x27 @ 1
[    4.445325] initcall proc_locks_init+0x0/0x27 returned 0 after 5 usecs
[    4.453215] calling  iomap_init+0x0/0x1b @ 1
[    4.468408] initcall iomap_init+0x0/0x1b returned 0 after 9779 usecs
[    4.476379] calling  dquot_init+0x0/0xd7 @ 1
[    4.482079] VFS: Disk quotas dquot_6.6.0
[    4.489759] VFS: Dquot-cache hash table entries: 512 (order 0, 4096 bytes)
[    4.498454] initcall dquot_init+0x0/0xd7 returned 0 after 15987 usecs
[    4.506379] calling  quota_init+0x0/0x23 @ 1
[    4.512292] initcall quota_init+0x0/0x23 returned 0 after 15 usecs
[    4.521361] calling  proc_cmdline_init+0x0/0x21 @ 1
[    4.528787] initcall proc_cmdline_init+0x0/0x21 returned 0 after 183 usecs
[    4.539000] calling  proc_consoles_init+0x0/0x24 @ 1
[    4.547340] initcall proc_consoles_init+0x0/0x24 returned 0 after 175 usecs
[    4.557562] calling  proc_cpuinfo_init+0x0/0x1e @ 1
[    4.564764] initcall proc_cpuinfo_init+0x0/0x1e returned 0 after 6 usecs
[    4.574274] calling  proc_devices_init+0x0/0x24 @ 1
[    4.580222] initcall proc_devices_init+0x0/0x24 returned 0 after 4 usecs
[    4.588302] calling  proc_interrupts_init+0x0/0x24 @ 1
[    4.595166] initcall proc_interrupts_init+0x0/0x24 returned 0 after 4 usecs
[    4.603742] calling  proc_loadavg_init+0x0/0x21 @ 1
[    4.609649] initcall proc_loadavg_init+0x0/0x21 returned 0 after 4 usecs
[    4.617777] calling  proc_meminfo_init+0x0/0x21 @ 1
[    4.623779] initcall proc_meminfo_init+0x0/0x21 returned 0 after 4 usecs
[    4.632175] calling  proc_stat_init+0x0/0x1e @ 1
[    4.637971] initcall proc_stat_init+0x0/0x1e returned 0 after 4 usecs
[    4.645859] calling  proc_uptime_init+0x0/0x21 @ 1
[    4.652073] initcall proc_uptime_init+0x0/0x21 returned 0 after 4 usecs
[    4.660078] calling  proc_version_init+0x0/0x21 @ 1
[    4.665917] initcall proc_version_init+0x0/0x21 returned 0 after 4 usecs
[    4.674018] calling  proc_softirqs_init+0x0/0x21 @ 1
[    4.680155] initcall proc_softirqs_init+0x0/0x21 returned 0 after 4 usecs
[    4.688397] calling  proc_kcore_init+0x0/0xea @ 1
[    4.694256] initcall proc_kcore_init+0x0/0xea returned 0 after 78 usecs
[    4.702125] calling  vmcore_init+0x0/0x578 @ 1
[    4.707480] initcall vmcore_init+0x0/0x578 returned 0 after 14 usecs
[    4.714966] calling  proc_kmsg_init+0x0/0x21 @ 1
[    4.720527] initcall proc_kmsg_init+0x0/0x21 returned 0 after 5 usecs
[    4.728364] calling  proc_page_init+0x0/0x3b @ 1
[    4.734100] initcall proc_page_init+0x0/0x3b returned 0 after 5 usecs
[    4.742677] calling  init_ramfs_fs+0x0/0xc @ 1
[    4.748481] initcall init_ramfs_fs+0x0/0xc returned 0 after 187 usecs
[    4.756324] calling  init_hugetlbfs_fs+0x0/0xf6 @ 1
[    4.763463] initcall init_hugetlbfs_fs+0x0/0xf6 returned 0 after 1061 usecs
[    4.772698] calling  blk_scsi_ioctl_init+0x0/0x2a5 @ 1
[    4.779348] initcall blk_scsi_ioctl_init+0x0/0x2a5 returned 0 after 193 usecs
[    4.789062] calling  acpi_event_init+0x0/0x2c @ 1
[    4.795226] initcall acpi_event_init+0x0/0x2c returned 0 after 12 usecs
[    4.804538] calling  pnp_system_init+0x0/0xc @ 1
[    4.811697] initcall pnp_system_init+0x0/0xc returned 0 after 877 usecs
[    4.820186] calling  pnpacpi_init+0x0/0x69 @ 1
[    4.826342] pnp: PnP ACPI init
[    4.837161] pnp 00:00: Plug and Play ACPI device, IDs PNP0303 (active)
[    4.846553] pnp 00:01: Plug and Play ACPI device, IDs PNP0f13 (active)
[    4.855356] pnp 00:02: Plug and Play ACPI device, IDs PNP0400 (active)
[    4.864135] pnp 00:03: Plug and Play ACPI device, IDs PNP0501 (active)
[    4.871979] pnp 00:04: Plug and Play ACPI device, IDs PNP0b00 (active)
[    4.880322] system 00:05: [mem 0xb0000000-0xbfffffff window] has been reserved
[    4.889451] system 00:05: Plug and Play ACPI device, IDs PNP0c01 (active)
[    4.899934] pnp: PnP ACPI: found 6 devices
[    4.905179] initcall pnpacpi_init+0x0/0x69 returned 0 after 77479 usecs
[    4.913998] calling  chr_dev_init+0x0/0x14d @ 1
[    5.166201] initcall chr_dev_init+0x0/0x14d returned 0 after 237541 usecs
[    5.192368] calling  firmware_class_init+0x0/0xde @ 1
[    5.199699] initcall firmware_class_init+0x0/0xde returned 0 after 614 usecs
[    5.208690] calling  init_pcmcia_bus+0x0/0x5b @ 1
[    5.215496] initcall init_pcmcia_bus+0x0/0x5b returned 0 after 800 usecs
[    5.223495] calling  init_acpi_pm_clocksource+0x0/0xda @ 1
[    5.236134] clocksource: acpi_pm: mask: 0xffffff max_cycles: 0xffffff, max_idle_ns: 2085701024 ns
[    5.247066] initcall init_acpi_pm_clocksource+0x0/0xda returned 0 after 16237 usecs
[    5.257337] calling  sysctl_core_init+0x0/0x26 @ 1
[    5.264190] initcall sysctl_core_init+0x0/0x26 returned 0 after 667 usecs
[    5.272311] calling  eth_offload_init+0x0/0x13 @ 1
[    5.278042] initcall eth_offload_init+0x0/0x13 returned 0 after 26 usecs
[    5.286017] calling  ipv4_offload_init+0x0/0x73 @ 1
[    5.292193] initcall ipv4_offload_init+0x0/0x73 returned 0 after 166 usecs
[    5.300412] calling  inet_init+0x0/0x276 @ 1
[    5.306427] NET: Registered protocol family 2
[    5.312763] IP idents hash table entries: 8192 (order: 4, 65536 bytes, linear)
[    5.325180] tcp_listen_portaddr_hash hash table entries: 256 (order: 0, 4096 bytes, linear)
[    5.335249] TCP established hash table entries: 4096 (order: 3, 32768 bytes, linear)
[    5.344840] TCP bind hash table entries: 4096 (order: 3, 32768 bytes, linear)
[    5.354187] TCP: Hash tables configured (established 4096 bind 4096)
[    5.363215] UDP hash table entries: 256 (order: 1, 8192 bytes, linear)
[    5.371245] UDP-Lite hash table entries: 256 (order: 1, 8192 bytes, linear)
[    5.381100] initcall inet_init+0x0/0x276 returned 0 after 73727 usecs
[    5.389093] calling  af_unix_init+0x0/0x4d @ 1
[    5.394725] NET: Registered protocol family 1
[    5.400309] initcall af_unix_init+0x0/0x4d returned 0 after 5486 usecs
[    5.408117] calling  ipv6_offload_init+0x0/0x7e @ 1
[    5.414061] initcall ipv6_offload_init+0x0/0x7e returned 0 after 120 usecs
[    5.422009] calling  init_sunrpc+0x0/0x65 @ 1
[    5.430727] RPC: Registered named UNIX socket transport module.
[    5.437894] RPC: Registered udp transport module.
[    5.443771] RPC: Registered tcp transport module.
[    5.449548] RPC: Registered tcp NFSv4.1 backchannel transport module.
[    5.457277] initcall init_sunrpc+0x0/0x65 returned 0 after 29097 usecs
[    5.464900] calling  cfg80211_init+0x0/0xc5 @ 1
[    5.472623] initcall cfg80211_init+0x0/0xc5 returned 0 after 2251 usecs
[    5.480421] calling  pcibios_assign_resources+0x0/0xa8 @ 1
[    5.487285] pci_bus 0000:00: resource 4 [io  0x0000-0x0cf7 window]
[    5.494617] pci_bus 0000:00: resource 5 [io  0x0d00-0xffff window]
[    5.501837] pci_bus 0000:00: resource 6 [mem 0x000a0000-0x000bffff window]
[    5.509949] pci_bus 0000:00: resource 7 [mem 0x20000000-0xafffffff window]
[    5.518037] pci_bus 0000:00: resource 8 [mem 0xc0000000-0xfebfffff window]
[    5.526345] pci_bus 0000:00: resource 9 [mem 0x100000000-0x8ffffffff window]
[    5.535503] initcall pcibios_assign_resources+0x0/0xa8 returned 0 after 47373 usecs
[    5.544540] calling  pci_apply_final_quirks+0x0/0x124 @ 1
[    5.551867] pci 0000:00:01.0: calling  pci_fixup_video+0x0/0xe0 @ 1
[    5.559695] pci 0000:00:01.0: Video device with shadowed ROM at [mem 0x000c0000-0x000dffff]
[    5.569776] pci 0000:00:01.0: pci_fixup_video+0x0/0xe0 took 10157 usecs
[    5.578189] PCI: CLS 0 bytes, default 64
[    5.582996] initcall pci_apply_final_quirks+0x0/0x124 returned 0 after 31319 usecs
[    5.593089] calling  acpi_reserve_resources+0x0/0xea @ 1
[    5.599791] initcall acpi_reserve_resources+0x0/0xea returned 0 after 38 usecs
[    5.608798] calling  populate_rootfs+0x0/0x102 @ 1
[    5.617336] initcall populate_rootfs+0x0/0x102 returned 0 after 2411 usecs
[    5.625759] calling  pci_iommu_init+0x0/0x3e @ 1
[    5.631361] initcall pci_iommu_init+0x0/0x3e returned 0 after 100 usecs
[    5.641313] calling  ia32_binfmt_init+0x0/0x13 @ 1
[    5.647198] initcall ia32_binfmt_init+0x0/0x13 returned 0 after 37 usecs
[    5.655994] calling  rapl_pmu_init+0x0/0x25f @ 1
[    5.662950] initcall rapl_pmu_init+0x0/0x25f returned -19 after 51 usecs
[    5.672765] calling  amd_uncore_init+0x0/0x310 @ 1
[    5.679886] initcall amd_uncore_init+0x0/0x310 returned -19 after 0 usecs
[    5.692119] calling  amd_ibs_init+0x0/0x233 @ 1
[    5.697811] initcall amd_ibs_init+0x0/0x233 returned -19 after 0 usecs
[    5.706326] calling  amd_iommu_pc_init+0x0/0x20c @ 1
[    5.712529] initcall amd_iommu_pc_init+0x0/0x20c returned -19 after 80 usecs
[    5.721120] calling  msr_init+0x0/0x55 @ 1
[    5.727372] initcall msr_init+0x0/0x55 returned 0 after 162 usecs
[    5.736108] calling  intel_uncore_init+0x0/0x31e @ 1
[    5.743328] initcall intel_uncore_init+0x0/0x31e returned -19 after 54 usecs
[    5.753494] calling  cstate_pmu_init+0x0/0x181 @ 1
[    5.759839] initcall cstate_pmu_init+0x0/0x181 returned -19 after 0 usecs
[    5.767916] calling  register_kernel_offset_dumper+0x0/0x1a @ 1
[    5.774971] initcall register_kernel_offset_dumper+0x0/0x1a returned 0 after 131 usecs
[    5.784117] calling  i8259A_init_ops+0x0/0x20 @ 1
[    5.789662] initcall i8259A_init_ops+0x0/0x20 returned 0 after 1 usecs
[    5.797095] calling  init_tsc_clocksource+0x0/0xa4 @ 1
[    5.803020] clocksource: tsc: mask: 0xffffffffffffffff max_cycles: 0x39a85afc727, max_idle_ns: 881590685098 ns
[    5.815908] initcall init_tsc_clocksource+0x0/0xa4 returned 0 after 12581 usecs
[    5.826569] calling  add_rtc_cmos+0x0/0xb0 @ 1
[    5.833142] initcall add_rtc_cmos+0x0/0xb0 returned 0 after 69 usecs
[    5.841750] calling  i8237A_init_ops+0x0/0x3a @ 1
[    5.847306] initcall i8237A_init_ops+0x0/0x3a returned 0 after 110 usecs
[    5.855106] calling  umwait_init+0x0/0x94 @ 1
[    5.860175] initcall umwait_init+0x0/0x94 returned -19 after 21 usecs
[    5.867581] calling  thermal_throttle_init_device+0x0/0x3d @ 1
[    5.874478] initcall thermal_throttle_init_device+0x0/0x3d returned 0 after 32 usecs
[    5.883579] calling  msr_init+0x0/0xd7 @ 1
[    5.888749] initcall msr_init+0x0/0xd7 returned 0 after 270 usecs
[    5.895871] calling  cpuid_init+0x0/0xd7 @ 1
[    5.901478] initcall cpuid_init+0x0/0xd7 returned 0 after 322 usecs
[    5.910475] calling  ioapic_init_ops+0x0/0x13 @ 1
[    5.917180] initcall ioapic_init_ops+0x0/0x13 returned 0 after 25 usecs
[    5.926694] calling  add_pcspkr+0x0/0x6c @ 1
[    5.932976] initcall add_pcspkr+0x0/0x6c returned 0 after 83 usecs
[    5.941498] calling  start_periodic_check_for_corruption+0x0/0x30 @ 1
[    5.949206] check: Scanning for low memory corruption every 60 seconds
[    5.957400] initcall start_periodic_check_for_corruption+0x0/0x30 returned 0 after 8044 usecs
[    5.967524] calling  sysfb_init+0x0/0x9c @ 1
[    5.972659] initcall sysfb_init+0x0/0x9c returned 0 after 137 usecs
[    5.979888] calling  audit_classes_init+0x0/0xae @ 1
[    5.985802] initcall audit_classes_init+0x0/0xae returned 0 after 99 usecs
[    5.993757] calling  iosf_mbi_init+0x0/0x24 @ 1
[    5.999957] initcall iosf_mbi_init+0x0/0x24 returned 0 after 477 usecs
[    6.007481] calling  proc_execdomains_init+0x0/0x21 @ 1
[    6.013981] initcall proc_execdomains_init+0x0/0x21 returned 0 after 303 usecs
[    6.022434] calling  register_warn_debugfs+0x0/0x23 @ 1
[    6.028608] initcall register_warn_debugfs+0x0/0x23 returned 0 after 7 usecs
[    6.036729] calling  ioresources_init+0x0/0x49 @ 1
[    6.042381] initcall ioresources_init+0x0/0x49 returned 0 after 5 usecs
[    6.050063] calling  snapshot_device_init+0x0/0xc @ 1
[    6.058532] initcall snapshot_device_init+0x0/0xc returned 0 after 2498 usecs
[    6.066710] calling  irq_pm_init_ops+0x0/0x13 @ 1
[    6.072281] initcall irq_pm_init_ops+0x0/0x13 returned 0 after 85 usecs
[    6.079855] calling  rcu_torture_init+0x0/0x89f @ 1
[    6.085718] rcu-torture:--- Start of test: nreaders=1 nfakewriters=4 stat_interval=15 verbose=1 test_no_idle_hz=1 shuffle_interval=3 stutter=5 irqreader=1 fqs_duration=0 fqs_holdoff=0 fqs_stutter=3 test_boost=1/0 test_boost_interval=7 test_boost_duration=4 shutdown_secs=3600 stall_cpu=0 stall_cpu_holdoff=10 stall_cpu_irqsoff=0 stall_cpu_block=0 n_barrier_cbs=4 onoff_interval=0 onoff_holdoff=0 read_exit_delay=13 read_exit_burst=16
[    6.136082] rcu:  Start-test grace-period state: g0 f0x0
[    6.143985] rcu-torture: Creating rcu_torture_writer task
[    6.152079] rcu-torture: Creating rcu_torture_fakewriter task
[    6.160592] rcu-torture: rcu_torture_writer task started
[    6.168313] rcu-torture: GP expediting controlled from boot/sysfs for rcu.
[    6.178154] rcu_torture_writer: Testing conditional GPs.
[    6.185708] rcu_torture_writer: Testing expedited GPs.
[    6.193155] rcu_torture_writer: Testing asynchronous GPs.
[    6.200861] rcu_torture_writer: Testing normal GPs.
[    6.207903] rcu-torture: Creating rcu_torture_fakewriter task
[    6.216125] rcu-torture: rcu_torture_fakewriter task started
[    6.224462] rcu-torture: Creating rcu_torture_fakewriter task
[    6.232707] rcu-torture: rcu_torture_fakewriter task started
[    6.241557] rcu-torture: Creating rcu_torture_fakewriter task
[    6.249791] rcu-torture: rcu_torture_fakewriter task started
[    6.258952] rcu-torture: Creating rcu_torture_reader task
[    6.266694] rcu-torture: rcu_torture_fakewriter task started
[    6.275432] rcu-torture: Creating rcu_torture_stats task
[    6.282924] rcu-torture: rcu_torture_reader task started
[    6.292006] rcu-torture: Creating torture_shuffle task
[    6.299410] rcu-torture: rcu_torture_stats task started
[    6.307915] rcu-torture: Creating torture_stutter task
[    6.315259] rcu-torture: torture_shuffle task started
[    6.323119] rcu-torture: Creating torture_shutdown task
[    6.330602] rcu-torture: torture_stutter task started
[    6.339143] rcu-torture: Creating rcu_torture_fwd_prog task
[    6.347173] rcu-torture: torture_shutdown task started
[    6.354464] rcu-torture:torture_shutdown task: 3599968 ms remaining
[    6.364066] rcu-torture: Creating rcu_torture_barrier_cbs task
[    6.372323] rcu-torture: rcu_torture_fwd_progress task started
[    6.380006] rcu-torture: Creating rcu_torture_barrier_cbs task
[    6.387079] rcu-torture: rcu_torture_barrier_cbs task started
[    6.394989] rcu-torture: Creating rcu_torture_barrier_cbs task
[    6.401753] rcu-torture: rcu_torture_barrier_cbs task started
[    6.408643] rcu-torture: Creating rcu_torture_barrier_cbs task
[    6.415524] rcu-torture: rcu_torture_barrier_cbs task started
[    6.422416] rcu-torture: Creating rcu_torture_barrier task
[    6.428895] rcu-torture: rcu_torture_barrier_cbs task started
[    6.443024] rcu-torture: Creating rcu_torture_read_exit task
[    6.449560] rcu-torture: rcu_torture_barrier task starting
[    6.456164] initcall rcu_torture_init+0x0/0x89f returned 0 after 361955 usecs
[    6.465856] calling  timekeeping_init_ops+0x0/0x13 @ 1
[    6.472376] initcall timekeeping_init_ops+0x0/0x13 returned 0 after 16 usecs
[    6.480897] calling  init_clocksource_sysfs+0x0/0x23 @ 1
[    6.487768] initcall init_clocksource_sysfs+0x0/0x23 returned 0 after 62 usecs
[    6.496864] calling  init_timer_list_procfs+0x0/0x31 @ 1
[    6.503834] initcall init_timer_list_procfs+0x0/0x31 returned 0 after 4 usecs
[    6.512365] calling  alarmtimer_init+0x0/0xb5 @ 1
[    6.518323] initcall alarmtimer_init+0x0/0xb5 returned 0 after 348 usecs
[    6.526660] calling  init_posix_timers+0x0/0x29 @ 1
[    6.533037] initcall init_posix_timers+0x0/0x29 returned 0 after 11 usecs
[    6.541580] calling  clockevents_init_sysfs+0x0/0x8b @ 1
[    6.548283] initcall clockevents_init_sysfs+0x0/0x8b returned 0 after 48 usecs
[    6.557060] calling  proc_dma_init+0x0/0x21 @ 1
[    6.562627] initcall proc_dma_init+0x0/0x21 returned 0 after 24 usecs
[    6.570364] calling  proc_modules_init+0x0/0x1e @ 1
[    6.576260] initcall proc_modules_init+0x0/0x1e returned 0 after 5 usecs
[    6.584117] calling  kallsyms_init+0x0/0x21 @ 1
[    6.589577] initcall kallsyms_init+0x0/0x21 returned 0 after 4 usecs
[    6.597131] calling  pid_namespaces_init+0x0/0x2c @ 1
[    6.603536] initcall pid_namespaces_init+0x0/0x2c returned 0 after 25 usecs
[    6.611961] calling  audit_watch_init+0x0/0x37 @ 1
[    6.617516] initcall audit_watch_init+0x0/0x37 returned 0 after 1 usecs
[    6.625161] calling  audit_fsnotify_init+0x0/0x37 @ 1
[    6.631531] initcall audit_fsnotify_init+0x0/0x37 returned 0 after 1 usecs
[    6.639973] calling  audit_tree_init+0x0/0x6d @ 1
[    6.645788] initcall audit_tree_init+0x0/0x6d returned 0 after 8 usecs
[    6.654062] calling  seccomp_sysctl_init+0x0/0x2b @ 1
[    6.660296] initcall seccomp_sysctl_init+0x0/0x2b returned 0 after 59 usecs
[    6.668497] calling  utsname_sysctl_init+0x0/0x13 @ 1
[    6.674651] initcall utsname_sysctl_init+0x0/0x13 returned 0 after 23 usecs
[    6.682918] calling  init_tracepoints+0x0/0x27 @ 1
[    6.688919] initcall init_tracepoints+0x0/0x27 returned 0 after 119 usecs
[    6.697270] calling  init_blk_tracer+0x0/0x50 @ 1
[    6.703600] initcall init_blk_tracer+0x0/0x50 returned 0 after 496 usecs
[    6.711973] calling  perf_event_sysfs_init+0x0/0x81 @ 1
[    6.718651] initcall perf_event_sysfs_init+0x0/0x81 returned 0 after 191 usecs
[    6.727688] calling  system_trusted_keyring_init+0x0/0x5f @ 1
[    6.734868] Initialise system trusted keyrings
[    6.740579] initcall system_trusted_keyring_init+0x0/0x5f returned 0 after 5575 usecs
[    6.749976] calling  kswapd_init+0x0/0x13 @ 1
[    6.755125] rcu-torture: rcu_torture_read_exit: Start of test
[    6.761990] initcall kswapd_init+0x0/0x13 returned 0 after 6710 usecs
[    6.770647] calling  extfrag_debug_init+0x0/0x54 @ 1
[    6.777590] initcall extfrag_debug_init+0x0/0x54 returned 0 after 120 usecs
[    6.785506] calling  slab_proc_init+0x0/0x21 @ 1
[    6.790982] initcall slab_proc_init+0x0/0x21 returned 0 after 36 usecs
[    6.799876] calling  workingset_init+0x0/0x8c @ 1
[    6.806765] workingset: timestamp_bits=62 max_order=17 bucket_order=0
[    6.816229] initcall workingset_init+0x0/0x8c returned 0 after 9262 usecs
[    6.825845] calling  proc_vmalloc_init+0x0/0x27 @ 1
[    6.833087] initcall proc_vmalloc_init+0x0/0x27 returned 0 after 33 usecs
[    6.842975] calling  procswaps_init+0x0/0x1e @ 1
[    6.849754] initcall procswaps_init+0x0/0x1e returned 0 after 54 usecs
[    6.858960] calling  slab_sysfs_init+0x0/0xea @ 1
[    6.867234] initcall slab_sysfs_init+0x0/0xea returned 0 after 1553 usecs
[    6.877124] calling  fcntl_init+0x0/0x29 @ 1
[    6.883277] initcall fcntl_init+0x0/0x29 returned 0 after 11 usecs
[    6.892141] calling  proc_filesystems_init+0x0/0x21 @ 1
[    6.899599] initcall proc_filesystems_init+0x0/0x21 returned 0 after 6 usecs
[    6.910188] calling  start_dirtytime_writeback+0x0/0x29 @ 1
[    6.918925] initcall start_dirtytime_writeback+0x0/0x29 returned 0 after 2 usecs
[    6.927471] calling  blkdev_init+0x0/0x1b @ 1
[    6.932785] initcall blkdev_init+0x0/0x1b returned 0 after 120 usecs
[    6.945709] calling  dio_init+0x0/0x2c @ 1
[    6.952975] initcall dio_init+0x0/0x2c returned 0 after 2077 usecs
[    6.960421] calling  dnotify_init+0x0/0x78 @ 1
[    6.965685] initcall dnotify_init+0x0/0x78 returned 0 after 83 usecs
[    6.973065] calling  aio_setup+0x0/0x78 @ 1
[    6.979630] initcall aio_setup+0x0/0x78 returned 0 after 1523 usecs
[    6.987453] calling  io_uring_init+0x0/0x2c @ 1
[    6.992993] initcall io_uring_init+0x0/0x2c returned 0 after 8 usecs
[    7.000635] calling  mbcache_init+0x0/0x30 @ 1
[    7.006141] initcall mbcache_init+0x0/0x30 returned 0 after 194 usecs
[    7.013592] calling  init_grace+0x0/0xc @ 1
[    7.018754] initcall init_grace+0x0/0xc returned 0 after 206 usecs
[    7.025765] calling  init_v2_quota_format+0x0/0x21 @ 1
[    7.031862] initcall init_v2_quota_format+0x0/0x21 returned 0 after 16 usecs
[    7.040040] calling  init_devpts_fs+0x0/0x27 @ 1
[    7.046722] initcall init_devpts_fs+0x0/0x27 returned 0 after 808 usecs
[    7.054633] calling  ext4_init_fs+0x0/0x1cb @ 1
[    7.061246] initcall ext4_init_fs+0x0/0x1cb returned 0 after 700 usecs
[    7.070059] calling  journal_init+0x0/0x11c @ 1
[    7.075466] initcall journal_init+0x0/0x11c returned 0 after 56 usecs
[    7.083049] calling  init_fat_fs+0x0/0x49 @ 1
[    7.089184] initcall init_fat_fs+0x0/0x49 returned 0 after 66 usecs
[    7.097862] calling  init_vfat_fs+0x0/0xc @ 1
[    7.104059] initcall init_vfat_fs+0x0/0xc returned 0 after 17 usecs
[    7.113089] calling  init_msdos_fs+0x0/0xc @ 1
[    7.118353] initcall init_msdos_fs+0x0/0xc returned 0 after 3 usecs
[    7.125345] calling  init_iso9660_fs+0x0/0x6c @ 1
[    7.138771] rcu_torture_rea (62) used greatest stack depth: 15512 bytes left
[    7.150973] initcall init_iso9660_fs+0x0/0x6c returned 0 after 19373 usecs
[    7.160627] calling  init_nfs_fs+0x0/0x13a @ 1
[    7.168515] initcall init_nfs_fs+0x0/0x13a returned 0 after 1850 usecs
[    7.177155] calling  init_nfs_v2+0x0/0x13 @ 1
[    7.183020] initcall init_nfs_v2+0x0/0x13 returned 0 after 36 usecs
[    7.191327] calling  init_nfs_v3+0x0/0x13 @ 1
[    7.197193] initcall init_nfs_v3+0x0/0x13 returned 0 after 40 usecs
[    7.205540] calling  init_nfs_v4+0x0/0x32 @ 1
[    7.211209] NFS: Registering the id_resolver key type
[    7.218044] Key type id_resolver registered
[    7.223485] Key type id_legacy registered
[    7.229119] initcall init_nfs_v4+0x0/0x32 returned 0 after 17541 usecs
[    7.237445] calling  init_nlm+0x0/0x5b @ 1
[    7.243003] initcall init_nlm+0x0/0x5b returned 0 after 87 usecs
[    7.250424] calling  init_nls_cp437+0x0/0xe @ 1
[    7.255715] initcall init_nls_cp437+0x0/0xe returned 0 after 47 usecs
[    7.263206] calling  init_nls_ascii+0x0/0xe @ 1
[    7.268350] initcall init_nls_ascii+0x0/0xe returned 0 after 0 usecs
[    7.275639] calling  init_nls_iso8859_1+0x0/0xe @ 1
[    7.281397] initcall init_nls_iso8859_1+0x0/0xe returned 0 after 0 usecs
[    7.289346] calling  init_nls_utf8+0x0/0x21 @ 1
[    7.294864] initcall init_nls_utf8+0x0/0x21 returned 0 after 1 usecs
[    7.302185] calling  init_autofs_fs+0x0/0x25 @ 1
[    7.310374] initcall init_autofs_fs+0x0/0x25 returned 0 after 2702 usecs
[    7.318101] calling  ipc_init+0x0/0x24 @ 1
[    7.323145] initcall ipc_init+0x0/0x24 returned 0 after 132 usecs
[    7.337282] calling  ipc_sysctl_init+0x0/0x13 @ 1
[    7.342937] initcall ipc_sysctl_init+0x0/0x13 returned 0 after 69 usecs
[    7.351012] calling  init_mqueue_fs+0x0/0x92 @ 1
[    7.356658] initcall init_mqueue_fs+0x0/0x92 returned 0 after 229 usecs
[    7.364340] calling  key_proc_init+0x0/0x63 @ 1
[    7.370028] initcall key_proc_init+0x0/0x63 returned 0 after 190 usecs
[    7.377550] calling  selinux_nf_ip_init+0x0/0x2e @ 1
[    7.383531] initcall selinux_nf_ip_init+0x0/0x2e returned 0 after 149 usecs
[    7.391642] calling  init_sel_fs+0x0/0x116 @ 1
[    7.396874] initcall init_sel_fs+0x0/0x116 returned 0 after 0 usecs
[    7.404140] calling  selnl_init+0x0/0x7c @ 1
[    7.411170] initcall selnl_init+0x0/0x7c returned 0 after 979 usecs
[    7.419943] calling  sel_netif_init+0x0/0x36 @ 1
[    7.426721] initcall sel_netif_init+0x0/0x36 returned 0 after 1 usecs
[    7.436102] calling  sel_netnode_init+0x0/0x33 @ 1
[    7.442582] initcall sel_netnode_init+0x0/0x33 returned 0 after 1 usecs
[    7.450333] calling  sel_netport_init+0x0/0x33 @ 1
[    7.457785] initcall sel_netport_init+0x0/0x33 returned 0 after 0 usecs
[    7.466710] calling  aurule_init+0x0/0x2a @ 1
[    7.473036] initcall aurule_init+0x0/0x2a returned 0 after 2 usecs
[    7.481712] calling  crypto_algapi_init+0x0/0xc @ 1
[    7.488597] initcall crypto_algapi_init+0x0/0xc returned 0 after 5 usecs
[    7.497924] calling  jent_mod_init+0x0/0x2d @ 1
[    7.515755] initcall jent_mod_init+0x0/0x2d returned 0 after 10786 usecs
[    7.525375] calling  asymmetric_key_init+0x0/0xc @ 1
[    7.532063] Key type asymmetric registered
[    7.537139] initcall asymmetric_key_init+0x0/0xc returned 0 after 4972 usecs
[    7.547299] calling  x509_key_init+0x0/0xc @ 1
[    7.553242] Asymmetric key parser 'x509' registered
[    7.559162] initcall x509_key_init+0x0/0xc returned 0 after 5803 usecs
[    7.566690] calling  proc_genhd_init+0x0/0x41 @ 1
[    7.572173] initcall proc_genhd_init+0x0/0x41 returned 0 after 31 usecs
[    7.579927] calling  bsg_init+0x0/0x113 @ 1
[    7.585042] Block layer SCSI generic (bsg) driver version 0.4 loaded (major 251)
[    7.593677] initcall bsg_init+0x0/0x113 returned 0 after 8634 usecs
[    7.601005] calling  deadline_init+0x0/0xc @ 1
[    7.606318] io scheduler mq-deadline registered
[    7.611749] initcall deadline_init+0x0/0xc returned 0 after 5316 usecs
[    7.619208] calling  kyber_init+0x0/0xc @ 1
[    7.624148] io scheduler kyber registered
[    7.629275] initcall kyber_init+0x0/0xc returned 0 after 5022 usecs
[    7.637304] calling  mod_init+0x0/0x7 @ 1
[    7.642950] initcall mod_init+0x0/0x7 returned 0 after 0 usecs
[    7.651115] calling  sg_pool_init+0x0/0xb4 @ 1
[    7.657075] initcall sg_pool_init+0x0/0xb4 returned 0 after 120 usecs
[    7.666510] calling  pcie_portdrv_init+0x0/0x39 @ 1
[    7.674631] initcall pcie_portdrv_init+0x0/0x39 returned 0 after 1429 usecs
[    7.682873] calling  pci_proc_init+0x0/0x68 @ 1
[    7.688346] initcall pci_proc_init+0x0/0x68 returned 0 after 37 usecs
[    7.696214] calling  pci_hotplug_init+0x0/0x7 @ 1
[    7.701761] initcall pci_hotplug_init+0x0/0x7 returned 0 after 0 usecs
[    7.709504] calling  efifb_driver_init+0x0/0xe @ 1
[    7.715473] initcall efifb_driver_init+0x0/0xe returned 0 after 300 usecs
[    7.723533] calling  ged_driver_init+0x0/0xe @ 1
[    7.729160] initcall ged_driver_init+0x0/0xe returned 0 after 177 usecs
[    7.736987] calling  acpi_ac_init+0x0/0x92 @ 1
[    7.743143] initcall acpi_ac_init+0x0/0x92 returned 0 after 771 usecs
[    7.750842] calling  acpi_button_driver_init+0x0/0x52 @ 1
[    7.758202] input: Power Button as /devices/LNXSYSTM:00/LNXPWRBN:00/input/input0
[    7.767659] ACPI: Power Button [PWRF]
[    7.773263] initcall acpi_button_driver_init+0x0/0x52 returned 0 after 15508 usecs
[    7.782466] calling  acpi_fan_driver_init+0x0/0xe @ 1
[    7.789890] initcall acpi_fan_driver_init+0x0/0xe returned 0 after 20 usecs
[    7.800022] calling  acpi_video_init+0x0/0xcb @ 1
[    7.807172] initcall acpi_video_init+0x0/0xcb returned 0 after 93 usecs
[    7.816428] calling  acpi_processor_driver_init+0x0/0xad @ 1
[    7.824836] initcall acpi_processor_driver_init+0x0/0xad returned 0 after 1594 usecs
[    7.834741] calling  acpi_thermal_init+0x0/0x71 @ 1
[    7.841430] initcall acpi_thermal_init+0x0/0x71 returned 0 after 166 usecs
[    7.849667] calling  acpi_battery_init+0x0/0x32 @ 1
[    7.856211] initcall acpi_battery_init+0x0/0x32 returned 0 after 29 usecs
[    7.864597] calling  bgrt_init+0x0/0xb6 @ 1
[    7.870795] initcall bgrt_init+0x0/0xb6 returned -19 after 0 usecs
[    7.878655] calling  gpio_clk_driver_init+0x0/0xe @ 1
[    7.885025] initcall gpio_clk_driver_init+0x0/0xe returned 0 after 55 usecs
[    7.894260] calling  plt_clk_driver_init+0x0/0xe @ 1
[    7.901513] initcall plt_clk_driver_init+0x0/0xe returned 0 after 38 usecs
[    7.910253] calling  virtio_pci_driver_init+0x0/0x15 @ 1
[    7.917277] initcall virtio_pci_driver_init+0x0/0x15 returned 0 after 104 usecs
[    7.926467] calling  n_null_init+0x0/0x1e @ 1
[    7.931954] initcall n_null_init+0x0/0x1e returned 0 after 23 usecs
[    7.939514] calling  pty_init+0x0/0x1e8 @ 1
[    7.945372] initcall pty_init+0x0/0x1e8 returned 0 after 719 usecs
[    7.953599] calling  sysrq_init+0x0/0x62 @ 1
[    7.959133] initcall sysrq_init+0x0/0x62 returned 0 after 7 usecs
[    7.966611] calling  serial8250_init+0x0/0x17e @ 1
[    7.972934] Serial: 8250/16550 driver, 4 ports, IRQ sharing enabled
[    7.982707] 00:03: ttyS0 at I/O 0x3f8 (irq = 4, base_baud = 115200) is a 16550A
[    7.994203] initcall serial8250_init+0x0/0x17e returned 0 after 20827 usecs
[    8.003009] calling  serial_pci_driver_init+0x0/0x15 @ 1
[    8.009429] initcall serial_pci_driver_init+0x0/0x15 returned 0 after 62 usecs
[    8.018238] calling  exar_pci_driver_init+0x0/0x15 @ 1
[    8.024585] initcall exar_pci_driver_init+0x0/0x15 returned 0 after 43 usecs
[    8.032893] calling  lpss8250_pci_driver_init+0x0/0x15 @ 1
[    8.039930] initcall lpss8250_pci_driver_init+0x0/0x15 returned 0 after 34 usecs
[    8.049166] calling  mid8250_pci_driver_init+0x0/0x15 @ 1
[    8.056069] initcall mid8250_pci_driver_init+0x0/0x15 returned 0 after 27 usecs
[    8.064977] calling  virtio_console_init+0x0/0xff @ 1
[    8.071301] initcall virtio_console_init+0x0/0xff returned 0 after 325 usecs
[    8.079624] calling  hpet_init+0x0/0x64 @ 1
[    8.085450] initcall hpet_init+0x0/0x64 returned 0 after 751 usecs
[    8.092794] calling  nvram_module_init+0x0/0x83 @ 1
[    8.098620] Non-volatile memory driver v1.3
[    8.103593] initcall nvram_module_init+0x0/0x83 returned 0 after 4929 usecs
[    8.113328] calling  hwrng_modinit+0x0/0x8a @ 1
[    8.118835] initcall hwrng_modinit+0x0/0x8a returned 0 after 96 usecs
[    8.126962] calling  mod_init+0x0/0x48 @ 1
[    8.131953] initcall mod_init+0x0/0x48 returned -19 after 0 usecs
[    8.139304] calling  agp_init+0x0/0x23 @ 1
[    8.144267] Linux agpgart interface v0.103
[    8.149260] initcall agp_init+0x0/0x23 returned 0 after 4873 usecs
[    8.156689] calling  agp_amd64_mod_init+0x0/0x5 @ 1
[    8.163106] initcall agp_amd64_mod_init+0x0/0x5 returned -19 after 425 usecs
[    8.171611] calling  agp_intel_init+0x0/0x28 @ 1
[    8.179243] initcall agp_intel_init+0x0/0x28 returned 0 after 2105 usecs
[    8.188933] calling  drm_kms_helper_init+0x0/0x7 @ 1
[    8.196331] initcall drm_kms_helper_init+0x0/0x7 returned 0 after 97 usecs
[    8.205535] calling  drm_core_init+0x0/0x9e @ 1
[    8.213767] initcall drm_core_init+0x0/0x9e returned 0 after 479 usecs
[    8.223643] calling  i915_init+0x0/0x6b @ 1
[    8.231388] initcall i915_init+0x0/0x6b returned 0 after 1651 usecs
[    8.240819] calling  cn_proc_init+0x0/0x35 @ 1
[    8.247154] initcall cn_proc_init+0x0/0x35 returned 0 after 49 usecs
[    8.258214] calling  topology_sysfs_init+0x0/0x27 @ 1
[    8.265527] initcall topology_sysfs_init+0x0/0x27 returned 0 after 46 usecs
[    8.276174] calling  cacheinfo_sysfs_init+0x0/0x27 @ 1
[    8.284654] initcall cacheinfo_sysfs_init+0x0/0x27 returned 0 after 568 usecs
[    8.302629] calling  loop_init+0x0/0x168 @ 1
[    8.486629] loop: module loaded
[    8.490867] initcall loop_init+0x0/0x168 returned 0 after 177849 usecs
[    8.498933] calling  mac_hid_init+0x0/0x21 @ 1
[    8.504713] initcall mac_hid_init+0x0/0x21 returned 0 after 7 usecs
[    8.513255] calling  spi_transport_init+0x0/0x74 @ 1
[    8.520596] initcall spi_transport_init+0x0/0x74 returned 0 after 310 usecs
[    8.530246] calling  init_sd+0x0/0x18c @ 1
[    8.535973] initcall init_sd+0x0/0x18c returned 0 after 117 usecs
[    8.544271] calling  init_sr+0x0/0x43 @ 1
[    8.550001] initcall init_sr+0x0/0x43 returned 0 after 199 usecs
[    8.558306] calling  init_sg+0x0/0x1c0 @ 1
[    8.564300] initcall init_sg+0x0/0x1c0 returned 0 after 80 usecs
[    8.572686] calling  ahci_pci_driver_init+0x0/0x15 @ 1
[    8.581694] ahci 0000:00:1f.2: version 3.0
[    8.589650] PCI Interrupt Link [GSIA] enabled at IRQ 16
[    8.610537] ahci 0000:00:1f.2: AHCI 0001.0000 32 slots 6 ports 1.5 Gbps 0x3f impl SATA mode
[    8.621974] ahci 0000:00:1f.2: flags: 64bit ncq only 
[    8.641113] scsi host0: ahci
[    8.646095] scsi host1: ahci
[    8.650611] scsi host2: ahci
[    8.665104] scsi host3: ahci
[    8.669056] scsi host4: ahci
[    8.673089] scsi host5: ahci
[    8.677274] ata1: SATA max UDMA/133 abar m4096@0xfebf1000 port 0xfebf1100 irq 24
[    8.687371] ata2: SATA max UDMA/133 abar m4096@0xfebf1000 port 0xfebf1180 irq 24
[    8.696644] ata3: SATA max UDMA/133 abar m4096@0xfebf1000 port 0xfebf1200 irq 24
[    8.708309] ata4: SATA max UDMA/133 abar m4096@0xfebf1000 port 0xfebf1280 irq 24
[    8.720638] ata5: SATA max UDMA/133 abar m4096@0xfebf1000 port 0xfebf1300 irq 24
[    8.731327] ata6: SATA max UDMA/133 abar m4096@0xfebf1000 port 0xfebf1380 irq 24
[    8.741537] initcall ahci_pci_driver_init+0x0/0x15 returned 0 after 156967 usecs
[    8.751436] calling  piix_init+0x0/0x26 @ 1
[    8.757372] initcall piix_init+0x0/0x26 returned 0 after 200 usecs
[    8.765506] calling  amd_pci_driver_init+0x0/0x15 @ 1
[    8.772436] initcall amd_pci_driver_init+0x0/0x15 returned 0 after 22 usecs
[    8.782011] calling  oldpiix_pci_driver_init+0x0/0x15 @ 1
[    8.789324] initcall oldpiix_pci_driver_init+0x0/0x15 returned 0 after 105 usecs
[    8.798951] calling  sch_pci_driver_init+0x0/0x15 @ 1
[    8.805785] initcall sch_pci_driver_init+0x0/0x15 returned 0 after 22 usecs
[    8.815080] calling  net_olddevs_init+0x0/0x55 @ 1
[    8.821625] initcall net_olddevs_init+0x0/0x55 returned 0 after 197 usecs
[    8.830514] calling  blackhole_netdev_init+0x0/0x78 @ 1
[    8.837768] initcall blackhole_netdev_init+0x0/0x78 returned 0 after 500 usecs
[    8.847267] calling  phy_module_init+0x0/0x13 @ 1
[    8.854103] initcall phy_module_init+0x0/0x13 returned 0 after 401 usecs
[    8.862934] calling  tg3_driver_init+0x0/0x15 @ 1
[    8.869627] initcall tg3_driver_init+0x0/0x15 returned 0 after 49 usecs
[    8.878896] calling  e100_init_module+0x0/0x4c @ 1
[    8.886531] e100: Intel(R) PRO/100 Network Driver
[    8.894017] e100: Copyright(c) 1999-2006 Intel Corporation
[    8.902941] initcall e100_init_module+0x0/0x4c returned 0 after 16041 usecs
[    8.914015] calling  e1000_init_module+0x0/0x72 @ 1
[    8.920970] e1000: Intel(R) PRO/1000 Network Driver
[    8.927609] e1000: Copyright (c) 1999-2006 Intel Corporation.
[    8.935335] initcall e1000_init_module+0x0/0x72 returned 0 after 14024 usecs
[    8.944303] calling  e1000_init_module+0x0/0x2d @ 1
[    8.950630] e1000e: Intel(R) PRO/1000 Network Driver
[    8.957200] e1000e: Copyright(c) 1999 - 2015 Intel Corporation.
[    8.965427] initcall e1000_init_module+0x0/0x2d returned 0 after 14465 usecs
[    8.974798] calling  sky2_init_module+0x0/0x21 @ 1
[    8.981081] sky2: driver version 1.30
[    8.986050] initcall sky2_init_module+0x0/0x21 returned 0 after 4849 usecs
[    8.995065] calling  forcedeth_pci_driver_init+0x0/0x15 @ 1
[    9.002487] initcall forcedeth_pci_driver_init+0x0/0x15 returned 0 after 22 usecs
[    9.013988] calling  rtl8139_init_module+0x0/0x15 @ 1
[    9.022063] initcall rtl8139_init_module+0x0/0x15 returned 0 after 232 usecs
[    9.033065] calling  rtl8169_pci_driver_init+0x0/0x15 @ 1
[    9.040219] initcall rtl8169_pci_driver_init+0x0/0x15 returned 0 after 37 usecs
[    9.050773] calling  cdrom_init+0x0/0xc @ 1
[    9.057546] initcall cdrom_init+0x0/0xc returned 0 after 200 usecs
[    9.066297] calling  nonstatic_sysfs_init+0x0/0xc @ 1
[    9.072933] initcall nonstatic_sysfs_init+0x0/0xc returned 0 after 64 usecs
[    9.081918] calling  yenta_cardbus_driver_init+0x0/0x15 @ 1
[    9.089447] initcall yenta_cardbus_driver_init+0x0/0x15 returned 0 after 75 usecs
[    9.099250] calling  mon_init+0x0/0x123 @ 1
[    9.111326] initcall mon_init+0x0/0x123 returned 0 after 6031 usecs
[    9.120327] calling  ehci_hcd_init+0x0/0x55 @ 1
[    9.126674] ehci_hcd: USB 2.0 'Enhanced' Host Controller (EHCI) Driver
[    9.136761] initcall ehci_hcd_init+0x0/0x55 returned 0 after 9943 usecs
[    9.147553] calling  ehci_pci_init+0x0/0x64 @ 1
[    9.154016] ehci-pci: EHCI PCI platform driver
[    9.160218] initcall ehci_pci_init+0x0/0x64 returned 0 after 6053 usecs
[    9.169125] calling  ohci_hcd_mod_init+0x0/0x4d @ 1
[    9.175906] ohci_hcd: USB 1.1 'Open' Host Controller (OHCI) Driver
[    9.184356] initcall ohci_hcd_mod_init+0x0/0x4d returned 0 after 8249 usecs
[    9.193649] calling  ohci_pci_init+0x0/0x64 @ 1
[    9.199880] ohci-pci: OHCI PCI platform driver
[    9.207073] initcall ohci_pci_init+0x0/0x64 returned 0 after 7047 usecs
[    9.217613] calling  uhci_hcd_init+0x0/0xa6 @ 1
[    9.227060] uhci_hcd: USB Universal Host Controller Interface driver
[    9.241551] initcall uhci_hcd_init+0x0/0xa6 returned 0 after 9686 usecs
[    9.251514] calling  xhci_hcd_init+0x0/0x1e @ 1
[    9.258847] initcall xhci_hcd_init+0x0/0x1e returned 0 after 124 usecs
[    9.269215] calling  xhci_pci_init+0x0/0x49 @ 1
[    9.277088] initcall xhci_pci_init+0x0/0x49 returned 0 after 547 usecs
[    9.286321] calling  usblp_driver_init+0x0/0x15 @ 1
[    9.293313] usbcore: registered new interface driver usblp
[    9.301250] initcall usblp_driver_init+0x0/0x15 returned 0 after 8015 usecs
[    9.311115] calling  usb_storage_driver_init+0x0/0x2a @ 1
[    9.319796] usbcore: registered new interface driver usb-storage
[    9.329408] initcall usb_storage_driver_init+0x0/0x2a returned 0 after 9514 usecs
[    9.341407] calling  i8042_init+0x0/0x4c2 @ 1
[    9.349093] i8042: PNP: PS/2 Controller [PNP0303:KBD,PNP0f13:MOU] at 0x60,0x64 irq 1,12
[    9.374000] serio: i8042 KBD port at 0x60,0x64 irq 1
[    9.380672] serio: i8042 AUX port at 0x60,0x64 irq 12
[    9.387340] initcall i8042_init+0x0/0x4c2 returned 0 after 37909 usecs
[    9.396075] calling  serport_init+0x0/0x2c @ 1
[    9.402174] initcall serport_init+0x0/0x2c returned 0 after 1 usecs
[    9.410570] calling  input_leds_init+0x0/0xc @ 1
[    9.416835] initcall input_leds_init+0x0/0xc returned 0 after 2 usecs
[    9.427417] calling  evdev_init+0x0/0xc @ 1
[    9.436351] initcall evdev_init+0x0/0xc returned 0 after 1898 usecs
[    9.446653] calling  atkbd_init+0x0/0x21 @ 1
[    9.452909] initcall atkbd_init+0x0/0x21 returned 0 after 89 usecs
[    9.461424] calling  psmouse_init+0x0/0x7f @ 1
[    9.468021] initcall psmouse_init+0x0/0x7f returned 0 after 347 usecs
[    9.476648] calling  cmos_init+0x0/0x73 @ 1
[    9.483304] rtc_cmos 00:04: RTC can wake from S4
[    9.498140] input: AT Translated Set 2 keyboard as /devices/platform/i8042/serio0/input/input1
[    9.533977] rtc_cmos 00:04: registered as rtc0
[    9.541274] rtc_cmos 00:04: alarms up to one day, y3k, 242 bytes nvram, hpet irqs
[    9.552602] initcall cmos_init+0x0/0x73 returned 0 after 68499 usecs
[    9.561544] calling  smbalert_driver_init+0x0/0xe @ 1
[    9.569216] initcall smbalert_driver_init+0x0/0xe returned 0 after 240 usecs
[    9.578790] calling  i2c_i801_init+0x0/0xc5 @ 1
[    9.588519] i801_smbus 0000:00:1f.3: SMBus using PCI interrupt
[    9.597685] i2c i2c-0: 1/1 memory slots populated (from DMI)
[    9.606544] i2c i2c-0: Memory type 0x07 not supported yet, not instantiating SPD
[    9.617600] initcall i2c_i801_init+0x0/0xc5 returned 0 after 31414 usecs
[    9.627337] calling  ptp_kvm_init+0x0/0xf0 @ 1
[    9.636304] ata2: SATA link down (SStatus 0 SControl 300)
[    9.647982] ata3: SATA link up 1.5 Gbps (SStatus 113 SControl 300)
[    9.659736] ata3.00: ATAPI: QEMU DVD-ROM, 2.5+, max UDMA/100
[    9.681536] ata3.00: applying bridge limits
[    9.698663] ata3.00: configured for UDMA/100
[    9.711463] ata4: SATA link down (SStatus 0 SControl 300)
[    9.723480] ata1: SATA link down (SStatus 0 SControl 300)
[    9.734018] scsi 2:0:0:0: CD-ROM            QEMU     QEMU DVD-ROM     2.5+ PQ: 0 ANSI: 5
[    9.761467] initcall ptp_kvm_init+0x0/0xf0 returned 0 after 124033 usecs
[    9.772656] calling  dm_init+0x0/0x3c @ 1
[    9.783864] sr 2:0:0:0: [sr0] scsi3-mmc drive: 4x/4x cd/rw xa/form2 tray
[    9.795333] cdrom: Uniform CD-ROM driver Revision: 3.20
[    9.804547] device-mapper: ioctl: 4.43.0-ioctl (2020-10-01) initialised: dm-devel@redhat.com
[    9.816108] initcall dm_init+0x0/0x3c returned 0 after 35759 usecs
[    9.825212] calling  dm_mirror_init+0x0/0x29 @ 1
[    9.832199] initcall dm_mirror_init+0x0/0x29 returned 0 after 35 usecs
[    9.841911] calling  dm_dirty_log_init+0x0/0x4f @ 1
[    9.849270] initcall dm_dirty_log_init+0x0/0x4f returned 0 after 47 usecs
[    9.859155] calling  dm_zero_init+0x0/0x29 @ 1
[    9.865437] initcall dm_zero_init+0x0/0x29 returned 0 after 1 usecs
[    9.874394] calling  intel_pstate_init+0x0/0x4a2 @ 1
[    9.883076] intel_pstate: CPU model not supported
[    9.891063] initcall intel_pstate_init+0x0/0x4a2 returned -19 after 7954 usecs
[    9.903099] calling  haltpoll_init+0x0/0xc0 @ 1
[    9.909754] initcall haltpoll_init+0x0/0xc0 returned -19 after 120 usecs
[    9.919442] calling  efivars_sysfs_init+0x0/0x30 @ 1
[    9.926630] initcall efivars_sysfs_init+0x0/0x30 returned 0 after 91 usecs
[    9.936562] calling  esrt_sysfs_init+0x0/0x2a2 @ 1
[    9.943979] initcall esrt_sysfs_init+0x0/0x2a2 returned -38 after 178 usecs
[    9.955220] calling  hid_init+0x0/0x5c @ 1
[    9.962151] hid: raw HID events driver (C) Jiri Kosina
[    9.970705] initcall hid_init+0x0/0x5c returned 0 after 8843 usecs
[    9.981242] calling  hid_generic_init+0x0/0x15 @ 1
[    9.989526] initcall hid_generic_init+0x0/0x15 returned 0 after 92 usecs
[    9.999695] calling  a4_driver_init+0x0/0x15 @ 1
[   10.006788] initcall a4_driver_init+0x0/0x15 returned 0 after 25 usecs
[   10.016668] calling  apple_driver_init+0x0/0x15 @ 1
[   10.023633] initcall apple_driver_init+0x0/0x15 returned 0 after 141 usecs
[   10.034228] calling  belkin_driver_init+0x0/0x15 @ 1
[   10.042148] initcall belkin_driver_init+0x0/0x15 returned 0 after 22 usecs
[   10.052657] calling  ch_driver_init+0x0/0x15 @ 1
[   10.060351] initcall ch_driver_init+0x0/0x15 returned 0 after 20 usecs
[   10.070895] calling  ch_driver_init+0x0/0x15 @ 1
[   10.078341] initcall ch_driver_init+0x0/0x15 returned 0 after 21 usecs
[   10.088617] calling  cp_driver_init+0x0/0x15 @ 1
[   10.095980] initcall cp_driver_init+0x0/0x15 returned 0 after 25 usecs
[   10.105739] calling  ez_driver_init+0x0/0x15 @ 1
[   10.112966] initcall ez_driver_init+0x0/0x15 returned 0 after 19 usecs
[   10.122474] calling  gyration_driver_init+0x0/0x15 @ 1
[   10.130188] initcall gyration_driver_init+0x0/0x15 returned 0 after 142 usecs
[   10.141388] calling  ite_driver_init+0x0/0x15 @ 1
[   10.148336] initcall ite_driver_init+0x0/0x15 returned 0 after 82 usecs
[   10.158661] calling  ks_driver_init+0x0/0x15 @ 1
[   10.165971] initcall ks_driver_init+0x0/0x15 returned 0 after 25 usecs
[   10.176678] calling  lg_driver_init+0x0/0x15 @ 1
[   10.183868] initcall lg_driver_init+0x0/0x15 returned 0 after 24 usecs
[   10.193239] calling  lg_g15_driver_init+0x0/0x15 @ 1
[   10.200349] initcall lg_g15_driver_init+0x0/0x15 returned 0 after 23 usecs
[   10.210137] calling  ms_driver_init+0x0/0x15 @ 1
[   10.217340] initcall ms_driver_init+0x0/0x15 returned 0 after 27 usecs
[   10.227671] calling  mr_driver_init+0x0/0x15 @ 1
[   10.235262] initcall mr_driver_init+0x0/0x15 returned 0 after 28 usecs
[   10.245834] calling  ntrig_driver_init+0x0/0x15 @ 1
[   10.253893] initcall ntrig_driver_init+0x0/0x15 returned 0 after 29 usecs
[   10.263444] calling  pl_driver_init+0x0/0x15 @ 1
[   10.270234] initcall pl_driver_init+0x0/0x15 returned 0 after 349 usecs
[   10.279175] calling  pl_driver_init+0x0/0x15 @ 1
[   10.285598] initcall pl_driver_init+0x0/0x15 returned 0 after 19 usecs
[   10.294998] calling  redragon_driver_init+0x0/0x15 @ 1
[   10.303089] initcall redragon_driver_init+0x0/0x15 returned 0 after 24 usecs
[   10.313805] calling  samsung_driver_init+0x0/0x15 @ 1
[   10.321326] initcall samsung_driver_init+0x0/0x15 returned 0 after 24 usecs
[   10.331811] calling  sony_init+0x0/0x38 @ 1
[   10.338080] initcall sony_init+0x0/0x38 returned 0 after 22 usecs
[   10.347538] calling  sp_driver_init+0x0/0x15 @ 1
[   10.355081] initcall sp_driver_init+0x0/0x15 returned 0 after 231 usecs
[   10.365468] calling  ts_driver_init+0x0/0x15 @ 1
[   10.373445] initcall ts_driver_init+0x0/0x15 returned 0 after 26 usecs
[   10.382783] calling  hid_init+0x0/0x58 @ 1
[   10.389493] usbcore: registered new interface driver usbhid
[   10.397246] usbhid: USB HID core driver
[   10.402781] initcall hid_init+0x0/0x58 returned 0 after 13905 usecs
[   10.411849] calling  eeepc_laptop_init+0x0/0x57 @ 1
[   10.419115] initcall eeepc_laptop_init+0x0/0x57 returned -19 after 272 usecs
[   10.429312] calling  pmc_atom_init+0x0/0x27a @ 1
[   10.436025] initcall pmc_atom_init+0x0/0x27a returned -19 after 28 usecs
[   10.445901] calling  alsa_hwdep_init+0x0/0x5e @ 1
[   10.453337] initcall alsa_hwdep_init+0x0/0x5e returned 0 after 280 usecs
[   10.462802] calling  alsa_timer_init+0x0/0x1f0 @ 1
[   10.474359] ata5: SATA link down (SStatus 0 SControl 300)
[   10.486379] ata6: SATA link down (SStatus 0 SControl 300)
[   10.515714] sr 2:0:0:0: Attached scsi CD-ROM sr0
[   10.534039] sr 2:0:0:0: Attached scsi generic sg0 type 5
[   10.726282] input: ImExPS/2 Generic Explorer Mouse as /devices/platform/i8042/serio1/input/input3
[   11.285015] initcall alsa_timer_init+0x0/0x1f0 returned 0 after 794914 usecs
[   11.299356] calling  snd_hrtimer_init+0x0/0x117 @ 1
[   11.307255] initcall snd_hrtimer_init+0x0/0x117 returned 0 after 775 usecs
[   11.317298] calling  alsa_pcm_init+0x0/0x64 @ 1
[   11.325740] initcall alsa_pcm_init+0x0/0x64 returned 0 after 970 usecs
[   11.335430] calling  alsa_seq_init+0x0/0x4a @ 1
[   11.431913] initcall alsa_seq_init+0x0/0x4a returned 0 after 86785 usecs
[   11.443049] calling  alsa_seq_dummy_init+0x0/0x9c @ 1
[   11.451443] initcall alsa_seq_dummy_init+0x0/0x9c returned 0 after 72 usecs
[   11.463088] calling  azx_driver_init+0x0/0x15 @ 1
[   11.474820] initcall azx_driver_init+0x0/0x15 returned 0 after 3816 usecs
[   11.486353] calling  sock_diag_init+0x0/0x2a @ 1
[   11.498317] initcall sock_diag_init+0x0/0x2a returned 0 after 4656 usecs
[   11.508751] calling  blackhole_init+0x0/0xc @ 1
[   11.516639] initcall blackhole_init+0x0/0xc returned 0 after 126 usecs
[   11.526271] calling  nfnetlink_init+0x0/0x57 @ 1
[   11.533312] initcall nfnetlink_init+0x0/0x57 returned 0 after 281 usecs
[   11.543410] calling  nfnetlink_log_init+0x0/0x99 @ 1
[   11.551803] initcall nfnetlink_log_init+0x0/0x99 returned 0 after 1000 usecs
[   11.562475] calling  nf_conntrack_standalone_init+0x0/0x87 @ 1
[   11.577760] initcall nf_conntrack_standalone_init+0x0/0x87 returned 0 after 5629 usecs
[   11.589784] calling  ctnetlink_init+0x0/0x83 @ 1
[   11.597513] initcall ctnetlink_init+0x0/0x83 returned 0 after 2 usecs
[   11.607411] calling  nf_conntrack_ftp_init+0x0/0x12c @ 1
[   11.615509] initcall nf_conntrack_ftp_init+0x0/0x12c returned 0 after 294 usecs
[   11.627082] calling  nf_conntrack_irc_init+0x0/0x129 @ 1
[   11.636247] initcall nf_conntrack_irc_init+0x0/0x129 returned 0 after 799 usecs
[   11.647271] calling  nf_conntrack_sip_init+0x0/0x172 @ 1
[   11.656037] initcall nf_conntrack_sip_init+0x0/0x172 returned 0 after 7 usecs
[   11.667410] calling  nf_nat_init+0x0/0xbb @ 1
[   11.674275] initcall nf_nat_init+0x0/0xbb returned 0 after 108 usecs
[   11.683646] calling  nf_nat_ftp_init+0x0/0x2a @ 1
[   11.691207] initcall nf_nat_ftp_init+0x0/0x2a returned 0 after 1 usecs
[   11.701162] calling  nf_nat_irc_init+0x0/0x2a @ 1
[   11.707821] initcall nf_nat_irc_init+0x0/0x2a returned 0 after 1 usecs
[   11.717038] calling  nf_nat_sip_init+0x0/0x36 @ 1
[   11.724059] initcall nf_nat_sip_init+0x0/0x36 returned 0 after 1 usecs
[   11.733112] calling  xt_init+0x0/0xcf @ 1
[   11.739208] initcall xt_init+0x0/0xcf returned 0 after 182 usecs
[   11.748191] calling  tcpudp_mt_init+0x0/0x11 @ 1
[   11.755564] initcall tcpudp_mt_init+0x0/0x11 returned 0 after 96 usecs
[   11.764537] calling  connsecmark_tg_init+0x0/0xc @ 1
[   11.771491] initcall connsecmark_tg_init+0x0/0xc returned 0 after 1 usecs
[   11.780593] calling  nflog_tg_init+0x0/0xc @ 1
[   11.787764] initcall nflog_tg_init+0x0/0xc returned 0 after 1 usecs
[   11.796587] calling  secmark_tg_init+0x0/0x11 @ 1
[   11.803468] initcall secmark_tg_init+0x0/0x11 returned 0 after 1 usecs
[   11.813242] calling  tcpmss_tg_init+0x0/0x11 @ 1
[   11.821731] initcall tcpmss_tg_init+0x0/0x11 returned 0 after 171 usecs
[   11.832226] calling  conntrack_mt_init+0x0/0x11 @ 1
[   11.840070] initcall conntrack_mt_init+0x0/0x11 returned 0 after 1 usecs
[   11.849590] calling  policy_mt_init+0x0/0x11 @ 1
[   11.855972] initcall policy_mt_init+0x0/0x11 returned 0 after 1 usecs
[   11.865473] calling  state_mt_init+0x0/0xc @ 1
[   11.871606] initcall state_mt_init+0x0/0xc returned 0 after 1 usecs
[   11.880448] calling  gre_offload_init+0x0/0x48 @ 1
[   11.888354] initcall gre_offload_init+0x0/0x48 returned 0 after 682 usecs
[   11.899522] calling  sysctl_ipv4_init+0x0/0x46 @ 1
[   11.915812] initcall sysctl_ipv4_init+0x0/0x46 returned 0 after 1151 usecs
[   11.925460] calling  tunnel4_init+0x0/0x58 @ 1
[   11.931992] initcall tunnel4_init+0x0/0x58 returned 0 after 309 usecs
[   11.941303] calling  nf_defrag_init+0x0/0xc @ 1
[   11.948383] initcall nf_defrag_init+0x0/0xc returned 0 after 157 usecs
[   11.958459] calling  ip_tables_init+0x0/0x8d @ 1
[   11.966679] initcall ip_tables_init+0x0/0x8d returned 0 after 805 usecs
[   11.976426] calling  iptable_filter_init+0x0/0x4c @ 1
[   12.023870] initcall iptable_filter_init+0x0/0x4c returned 0 after 17679 usecs
[   12.041262] calling  iptable_mangle_init+0x0/0xb8 @ 1
[   12.048520] initcall iptable_mangle_init+0x0/0xb8 returned 0 after 490 usecs
[   12.058489] calling  reject_tg_init+0x0/0xc @ 1
[   12.064940] initcall reject_tg_init+0x0/0xc returned 0 after 1 usecs
[   12.073454] calling  cubictcp_register+0x0/0x53 @ 1
[   12.080726] initcall cubictcp_register+0x0/0x53 returned 0 after 321 usecs
[   12.090816] calling  xfrm_user_init+0x0/0x45 @ 1
[   12.098247] Initializing XFRM netlink socket
[   12.109488] initcall xfrm_user_init+0x0/0x45 returned 0 after 11483 usecs
[   12.119874] calling  inet6_init+0x0/0x35e @ 1
[   12.138370] NET: Registered protocol family 10
[   12.210271] rcu-torture: rcu_torture_read_exit: End of episode
[   12.225405] Segment Routing with IPv6
[   12.231690] initcall inet6_init+0x0/0x35e returned 0 after 102476 usecs
[   12.241538] calling  ah6_init+0x0/0x71 @ 1
[   12.247803] initcall ah6_init+0x0/0x71 returned 0 after 248 usecs
[   12.256713] calling  esp6_init+0x0/0x71 @ 1
[   12.262696] initcall esp6_init+0x0/0x71 returned 0 after 1 usecs
[   12.270935] calling  ip6_tables_init+0x0/0x8d @ 1
[   12.278733] initcall ip6_tables_init+0x0/0x8d returned 0 after 460 usecs
[   12.290080] calling  ip6table_filter_init+0x0/0x4c @ 1
[   12.300526] initcall ip6table_filter_init+0x0/0x4c returned 0 after 1841 usecs
[   12.313511] calling  ip6table_mangle_init+0x0/0xb8 @ 1
[   12.322402] initcall ip6table_mangle_init+0x0/0xb8 returned 0 after 96 usecs
[   12.333262] calling  nf_defrag_init+0x0/0x45 @ 1
[   12.340654] initcall nf_defrag_init+0x0/0x45 returned 0 after 112 usecs
[   12.351017] calling  ipv6header_mt6_init+0x0/0xc @ 1
[   12.371270] initcall ipv6header_mt6_init+0x0/0xc returned 0 after 1 usecs
[   12.381189] calling  reject_tg6_init+0x0/0xc @ 1
[   12.388106] initcall reject_tg6_init+0x0/0xc returned 0 after 1 usecs
[   12.397322] calling  sit_init+0x0/0xc3 @ 1
[   12.403493] sit: IPv6, IPv4 and MPLS over IPv4 tunneling driver
[   12.429082] initcall sit_init+0x0/0xc3 returned 0 after 24983 usecs
[   12.439863] calling  packet_init+0x0/0x75 @ 1
[   12.446365] NET: Registered protocol family 17
[   12.452998] initcall packet_init+0x0/0x75 returned 0 after 6712 usecs
[   12.462770] calling  init_rpcsec_gss+0x0/0x60 @ 1
[   12.471776] initcall init_rpcsec_gss+0x0/0x60 returned 0 after 2281 usecs
[   12.482069] calling  init_dns_resolver+0x0/0xca @ 1
[   12.489990] Key type dns_resolver registered
[   12.496558] initcall init_dns_resolver+0x0/0xca returned 0 after 7121 usecs
[   12.506400] calling  pm_check_save_msr+0x0/0xc0 @ 1
[   12.544570] initcall pm_check_save_msr+0x0/0xc0 returned 0 after 1504 usecs
[   12.567232] calling  mcheck_init_device+0x0/0x112 @ 1
[   12.577430] initcall mcheck_init_device+0x0/0x112 returned 0 after 2375 usecs
[   12.596605] calling  mcheck_late_init+0x0/0x58 @ 1
[   12.608356] initcall mcheck_late_init+0x0/0x58 returned 0 after 4479 usecs
[   12.617897] calling  severities_debugfs_init+0x0/0x29 @ 1
[   12.625162] initcall severities_debugfs_init+0x0/0x29 returned 0 after 103 usecs
[   12.634555] calling  microcode_init+0x0/0x1bd @ 1
[   12.640819] initcall microcode_init+0x0/0x1bd returned -22 after 38 usecs
[   12.649969] calling  hpet_insert_resource+0x0/0x22 @ 1
[   12.657241] initcall hpet_insert_resource+0x0/0x22 returned 0 after 182 usecs
[   12.667197] calling  start_sync_check_timer+0x0/0x4f @ 1
