c[?7l[2J[0mSeaBIOS (version 1.16.0-debian-1.16.0-4)
Booting from ROM...
early console in setup code
c[?7l[2J[    0.000000] Linux version 5.10.152+ (root@joelboxx.c.googlers.com) (gcc (Debian 12.2.0-3) 12.2.0, GNU ld (GNU Binutils for Debian) 2.39) #3 SMP PREEMPT Tue Dec 13 08:09:24 UTC 2022
[    0.000000] Command line: selinux=0 initcall_debug debug console=ttyS0 rcutorture.torture_type=srcud rcupdate.rcu_self_test=1 rcutorture.onoff_interval=1000 rcutorture.onoff_holdoff=30 rcutorture.n_barrier_cbs=4 rcutorture.stat_interval=15 rcutorture.shutdown_secs=1800 rcutorture.test_no_idle_hz=1 rcutorture.verbose=1
[    0.000000] x86/fpu: x87 FPU will use FXSAVE
[    0.000000] BIOS-provided physical RAM map:
[    0.000000] BIOS-e820: [mem 0x0000000000000000-0x000000000009fbff] usable
[    0.000000] BIOS-e820: [mem 0x000000000009fc00-0x000000000009ffff] reserved
[    0.000000] BIOS-e820: [mem 0x00000000000f0000-0x00000000000fffff] reserved
[    0.000000] BIOS-e820: [mem 0x0000000000100000-0x000000001ffdefff] usable
[    0.000000] BIOS-e820: [mem 0x000000001ffdf000-0x000000001fffffff] reserved
[    0.000000] BIOS-e820: [mem 0x00000000b0000000-0x00000000bfffffff] reserved
[    0.000000] BIOS-e820: [mem 0x00000000fed1c000-0x00000000fed1ffff] reserved
[    0.000000] BIOS-e820: [mem 0x00000000feffc000-0x00000000feffffff] reserved
[    0.000000] BIOS-e820: [mem 0x00000000fffc0000-0x00000000ffffffff] reserved
[    0.000000] NX (Execute Disable) protection: active
[    0.000000] SMBIOS 2.8 present.
[    0.000000] DMI: QEMU Standard PC (Q35 + ICH9, 2009), BIOS 1.16.0-debian-1.16.0-4 04/01/2014
[    0.000000] Hypervisor detected: KVM
[    0.000000] kvm-clock: Using msrs 4b564d01 and 4b564d00
[    0.000000] kvm-clock: cpu 0, msr 14f29001, primary cpu clock
[    0.000029] kvm-clock: using sched offset of 2908663823 cycles
[    0.000227] clocksource: kvm-clock: mask: 0xffffffffffffffff max_cycles: 0x1cd42e4dffb, max_idle_ns: 881590591483 ns
[    0.000416] tsc: Detected 1999.999 MHz processor
[    0.011271] e820: update [mem 0x00000000-0x00000fff] usable ==> reserved
[    0.011282] e820: remove [mem 0x000a0000-0x000fffff] usable
[    0.011292] last_pfn = 0x1ffdf max_arch_pfn = 0x400000000
[    0.012147] MTRR default type: write-back
[    0.012216] MTRR fixed ranges enabled:
[    0.012219]   00000-9FFFF write-back
[    0.012221]   A0000-BFFFF uncachable
[    0.012224]   C0000-FFFFF write-protect
[    0.012226] MTRR variable ranges enabled:
[    0.012229]   0 base 00C0000000 mask FFC0000000 uncachable
[    0.012232]   1 disabled
[    0.012234]   2 disabled
[    0.012236]   3 disabled
[    0.012238]   4 disabled
[    0.012240]   5 disabled
[    0.012242]   6 disabled
[    0.012244]   7 disabled
[    0.012621] x86/PAT: Configuration [0-7]: WB  WC  UC- UC  WB  WC  UC- UC  
[    0.022304] found SMP MP-table at [mem 0x000f5ba0-0x000f5baf]
[    0.024755] check: Scanning 1 areas for low memory corruption
[    0.042148] ACPI: Early table checksum verification disabled
[    0.043694] ACPI: RSDP 0x00000000000F59E0 000014 (v00 BOCHS )
[    0.044017] ACPI: RSDT 0x000000001FFE252A 000038 (v01 BOCHS  BXPC     00000001 BXPC 00000001)
[    0.044167] ACPI: FACP 0x000000001FFE22EA 0000F4 (v03 BOCHS  BXPC     00000001 BXPC 00000001)
[    0.044266] ACPI: DSDT 0x000000001FFE0040 0022AA (v01 BOCHS  BXPC     00000001 BXPC 00000001)
[    0.044278] ACPI: FACS 0x000000001FFE0000 000040
[    0.044287] ACPI: APIC 0x000000001FFE23DE 0000B0 (v01 BOCHS  BXPC     00000001 BXPC 00000001)
[    0.044297] ACPI: HPET 0x000000001FFE248E 000038 (v01 BOCHS  BXPC     00000001 BXPC 00000001)
[    0.044307] ACPI: MCFG 0x000000001FFE24C6 00003C (v01 BOCHS  BXPC     00000001 BXPC 00000001)
[    0.044349] ACPI: WAET 0x000000001FFE2502 000028 (v01 BOCHS  BXPC     00000001 BXPC 00000001)
[    0.044362] ACPI: Reserving FACP table memory at [mem 0x1ffe22ea-0x1ffe23dd]
[    0.044367] ACPI: Reserving DSDT table memory at [mem 0x1ffe0040-0x1ffe22e9]
[    0.044371] ACPI: Reserving FACS table memory at [mem 0x1ffe0000-0x1ffe003f]
[    0.044374] ACPI: Reserving APIC table memory at [mem 0x1ffe23de-0x1ffe248d]
[    0.044378] ACPI: Reserving HPET table memory at [mem 0x1ffe248e-0x1ffe24c5]
[    0.044381] ACPI: Reserving MCFG table memory at [mem 0x1ffe24c6-0x1ffe2501]
[    0.044385] ACPI: Reserving WAET table memory at [mem 0x1ffe2502-0x1ffe2529]
[    0.045231] ACPI: Local APIC address 0xfee00000
[    0.049953] No NUMA configuration found
[    0.049960] Faking a node at [mem 0x0000000000000000-0x000000001ffdefff]
[    0.050086] NODE_DATA(0) allocated [mem 0x1ffdb000-0x1ffdefff]
[    0.051590] Zone ranges:
[    0.051720]   DMA      [mem 0x0000000000001000-0x0000000000ffffff]
[    0.051761]   DMA32    [mem 0x0000000001000000-0x000000001ffdefff]
[    0.051767]   Normal   empty
[    0.051771] Movable zone start for each node
[    0.051773] Early memory node ranges
[    0.051776]   node   0: [mem 0x0000000000001000-0x000000000009efff]
[    0.051813]   node   0: [mem 0x0000000000100000-0x000000001ffdefff]
[    0.051849] Initmem setup node 0 [mem 0x0000000000001000-0x000000001ffdefff]
[    0.051853] On node 0 totalpages: 130941
[    0.052037]   DMA zone: 64 pages used for memmap
[    0.052041]   DMA zone: 21 pages reserved
[    0.052045]   DMA zone: 3998 pages, LIFO batch:0
[    0.052048]   DMA32 zone: 1984 pages used for memmap
[    0.052051]   DMA32 zone: 126943 pages, LIFO batch:31
[    0.055485] On node 0, zone DMA: 1 pages in unavailable ranges
[    0.058612] On node 0, zone DMA: 97 pages in unavailable ranges
[    0.136074] On node 0, zone DMA32: 33 pages in unavailable ranges
[    0.139632] ACPI: PM-Timer IO Port: 0x608
[    0.139639] ACPI: Local APIC address 0xfee00000
[    0.139816] ACPI: LAPIC_NMI (acpi_id[0xff] dfl dfl lint[0x1])
[    0.141831] IOAPIC[0]: apic_id 0, version 17, address 0xfec00000, GSI 0-23
[    0.141938] ACPI: INT_SRC_OVR (bus 0 bus_irq 0 global_irq 2 dfl dfl)
[    0.142012] ACPI: INT_SRC_OVR (bus 0 bus_irq 5 global_irq 5 high level)
[    0.142014] ACPI: INT_SRC_OVR (bus 0 bus_irq 9 global_irq 9 high level)
[    0.142072] ACPI: INT_SRC_OVR (bus 0 bus_irq 10 global_irq 10 high level)
[    0.142158] ACPI: INT_SRC_OVR (bus 0 bus_irq 11 global_irq 11 high level)
[    0.142163] ACPI: IRQ0 used by override.
[    0.142166] ACPI: IRQ5 used by override.
[    0.142169] ACPI: IRQ9 used by override.
[    0.142171] ACPI: IRQ10 used by override.
[    0.142174] ACPI: IRQ11 used by override.
[    0.142204] Using ACPI (MADT) for SMP configuration information
[    0.142208] ACPI: HPET id: 0x8086a201 base: 0xfed00000
[    0.142700] smpboot: Allowing 8 CPUs, 0 hotplug CPUs
[    0.143911] PM: hibernation: Registered nosave memory: [mem 0x00000000-0x00000fff]
[    0.143916] PM: hibernation: Registered nosave memory: [mem 0x0009f000-0x0009ffff]
[    0.143919] PM: hibernation: Registered nosave memory: [mem 0x000a0000-0x000effff]
[    0.143921] PM: hibernation: Registered nosave memory: [mem 0x000f0000-0x000fffff]
[    0.143927] [mem 0x20000000-0xafffffff] available for PCI devices
[    0.144020] Booting paravirtualized kernel on KVM
[    0.151748] clocksource: refined-jiffies: mask: 0xffffffff max_cycles: 0xffffffff, max_idle_ns: 1910969940391419 ns
[    0.171822] setup_percpu: NR_CPUS:8 nr_cpumask_bits:8 nr_cpu_ids:8 nr_node_ids:1
[    0.186116] percpu: Embedded 58 pages/cpu s198480 r8192 d30896 u262144
[    0.186161] pcpu-alloc: s198480 r8192 d30896 u262144 alloc=1*2097152
[    0.186214] pcpu-alloc: [0] 0 1 2 3 4 5 6 7 
[    0.186843] kvm-guest: stealtime: cpu 0, msr 1f41bb40
[    0.188944] Built 1 zonelists, mobility grouping on.  Total pages: 128872
[    0.188986] Policy zone: DMA32
[    0.189201] Kernel command line: selinux=0 initcall_debug debug console=ttyS0 rcutorture.torture_type=srcud rcupdate.rcu_self_test=1 rcutorture.onoff_interval=1000 rcutorture.onoff_holdoff=30 rcutorture.n_barrier_cbs=4 rcutorture.stat_interval=15 rcutorture.shutdown_secs=1800 rcutorture.test_no_idle_hz=1 rcutorture.verbose=1
[    0.194797] Dentry cache hash table entries: 65536 (order: 7, 524288 bytes, linear)
[    0.195763] Inode-cache hash table entries: 32768 (order: 6, 262144 bytes, linear)
[    0.196504] mem auto-init: stack:all(zero), heap alloc:off, heap free:off
[    0.223807] Memory: 465384K/523764K available (16398K kernel code, 2808K rwdata, 4832K rodata, 1520K init, 13268K bss, 58120K reserved, 0K cma-reserved)
[    0.224820] SLUB: HWalign=64, Order=0-3, MinObjects=0, CPUs=8, Nodes=1
[    0.225072] Kernel/User page tables isolation: enabled
[    0.228693] Running RCU self tests
[    0.228917] rcu: RCU calculated value of scheduler-enlistment delay is 100 jiffies.
[    0.229475] rcu: Preemptible hierarchical RCU implementation.
[    0.229478] rcu: 	CONFIG_RCU_FANOUT set to non-default value of 2.
[    0.229481] rcu: 	RCU lockdep checking is enabled.
[    0.229484] rcu: 	Build-time adjustment of leaf fanout to 2.
[    0.229486] rcu: 	Boot-time adjustment of first FQS scan delay to 3 jiffies.
[    0.229489] rcu: 	Boot-time adjustment of subsequent FQS scan delay to 3 jiffies.
[    0.229491] 	Trampoline variant of Tasks RCU enabled.
[    0.229494] 	Rude variant of Tasks RCU enabled.
[    0.229496] 	Tracing variant of Tasks RCU enabled.
[    0.238287] NR_IRQS: 4352, nr_irqs: 488, preallocated irqs: 16
[    0.240850] calling  con_init+0x0/0x24f @ 0
[    0.324674] Console: colour VGA+ 80x25
[    0.324715] initcall con_init+0x0/0x24f returned 0 after 0 usecs
[    0.324720] calling  hvc_console_init+0x0/0x13 @ 0
[    0.324742] initcall hvc_console_init+0x0/0x13 returned 0 after 0 usecs
[    0.324746] calling  univ8250_console_init+0x0/0x26 @ 0
[    1.274113] printk: console [ttyS0] enabled
[    1.278887] initcall univ8250_console_init+0x0/0x26 returned 0 after 0 usecs
[    1.286742] Lock dependency validator: Copyright (c) 2006 Red Hat, Inc., Ingo Molnar
[    1.295943] ... MAX_LOCKDEP_SUBCLASSES:  8
[    1.300501] ... MAX_LOCK_DEPTH:          48
[    1.305314] ... MAX_LOCKDEP_KEYS:        8192
[    1.310326] ... CLASSHASH_SIZE:          4096
[    1.315232] ... MAX_LOCKDEP_ENTRIES:     32768
[    1.320218] ... MAX_LOCKDEP_CHAINS:      65536
[    1.325351] ... CHAINHASH_SIZE:          32768
[    1.330486]  memory used by lock dependency info: 6365 kB
[    1.336622]  memory used for stack traces: 4224 kB
[    1.342142]  per task-struct memory footprint: 1920 bytes
[    1.348718] ACPI: Core revision 20200925
[    1.355058] clocksource: hpet: mask: 0xffffffff max_cycles: 0xffffffff, max_idle_ns: 19112604467 ns
[    1.370486] APIC: Switch to symmetric I/O mode setup
[    1.396818] ..TIMER: vector=0x30 apic1=0 pin1=2 apic2=-1 pin2=-1
[    1.404114] clocksource: tsc-early: mask: 0xffffffffffffffff max_cycles: 0x39a85afc727, max_idle_ns: 881590685098 ns
[    1.416264] Calibrating delay loop (skipped) preset value.. 3999.99 BogoMIPS (lpj=1999999)
[    1.417237] pid_max: default: 32768 minimum: 301
[    1.418439] LSM: Security Framework initializing
[    1.419423] Mount-cache hash table entries: 1024 (order: 1, 8192 bytes, linear)
[    1.420267] Mountpoint-cache hash table entries: 1024 (order: 1, 8192 bytes, linear)
[    1.430094] Last level iTLB entries: 4KB 0, 2MB 0, 4MB 0
[    1.430235] Last level dTLB entries: 4KB 0, 2MB 0, 4MB 0, 1GB 0
[    1.431318] Spectre V1 : Mitigation: usercopy/swapgs barriers and __user pointer sanitization
[    1.432237] Spectre V2 : Mitigation: Retpolines
[    1.433234] Spectre V2 : Spectre v2 / SpectreRSB mitigation: Filling RSB on context switch
[    1.434234] Spectre V2 : Spectre v2 / SpectreRSB : Filling RSB on VMEXIT
[    1.435234] Speculative Store Bypass: Vulnerable
[    1.436265] MDS: Vulnerable: Clear CPU buffers attempted, no microcode
[    1.437234] MMIO Stale Data: Unknown: No mitigations
[    1.519490] Freeing SMP alternatives memory: 40K
[    1.625229] smpboot: CPU0: Intel Common KVM processor (family: 0xf, model: 0x6, stepping: 0x1)
[    1.629254] RCU test callback executed 1
[    1.630328] calling  init_hw_perf_events+0x0/0x6ce @ 1
[    1.631236] Performance Events: unsupported Netburst CPU model 6 no PMU driver, software events only.
[    1.632242] initcall init_hw_perf_events+0x0/0x6ce returned 0 after 976 usecs
[    1.633259] calling  init_real_mode+0x0/0x1e9 @ 1
[    1.635268] initcall init_real_mode+0x0/0x1e9 returned 0 after 976 usecs
[    1.636245] calling  trace_init_perf_perm_irq_work_exit+0x0/0x12 @ 1
[    1.637246] initcall trace_init_perf_perm_irq_work_exit+0x0/0x12 returned 0 after 0 usecs
[    1.638263] calling  validate_x2apic+0x0/0x4a @ 1
[    1.639274] initcall validate_x2apic+0x0/0x4a returned 0 after 0 usecs
[    1.640245] calling  register_nmi_cpu_backtrace_handler+0x0/0x15 @ 1
[    1.641271] initcall register_nmi_cpu_backtrace_handler+0x0/0x15 returned 0 after 0 usecs
[    1.642244] calling  kvm_setup_vsyscall_timeinfo+0x0/0xce @ 1
[    1.643242] initcall kvm_setup_vsyscall_timeinfo+0x0/0xce returned 0 after 0 usecs
[    1.644243] calling  spawn_ksoftirqd+0x0/0x38 @ 1
[    1.646255] initcall spawn_ksoftirqd+0x0/0x38 returned 0 after 976 usecs
[    1.647241] calling  migration_init+0x0/0x31 @ 1
[    1.648254] initcall migration_init+0x0/0x31 returned 0 after 0 usecs
[    1.649238] calling  srcu_bootup_announce+0x0/0x2f @ 1
[    1.650264] rcu: Hierarchical SRCU implementation.
[    1.651240] initcall srcu_bootup_announce+0x0/0x2f returned 0 after 976 usecs
[    1.652238] calling  rcu_spawn_gp_kthread+0x0/0x1b0 @ 1
[    1.654262] initcall rcu_spawn_gp_kthread+0x0/0x1b0 returned 0 after 976 usecs
[    1.655240] calling  check_cpu_stall_init+0x0/0x1a @ 1
[    1.656240] initcall check_cpu_stall_init+0x0/0x1a returned 0 after 0 usecs
[    1.657238] calling  rcu_sysrq_init+0x0/0x21 @ 1
[    1.658337] initcall rcu_sysrq_init+0x0/0x21 returned 0 after 0 usecs
[    1.659284] calling  trace_init_flags_sys_enter+0x0/0xe @ 1
[    1.660251] RCU test callback executed 2
[    1.661239] initcall trace_init_flags_sys_enter+0x0/0xe returned 0 after 0 usecs
[    1.662241] calling  trace_init_flags_sys_exit+0x0/0xe @ 1
[    1.663265] initcall trace_init_flags_sys_exit+0x0/0xe returned 0 after 0 usecs
[    1.664257] calling  cpu_stop_init+0x0/0x8d @ 1
[    1.666563] initcall cpu_stop_init+0x0/0x8d returned 0 after 976 usecs
[    1.667239] calling  init_kprobes+0x0/0x16e @ 1
[    1.669506] initcall init_kprobes+0x0/0x16e returned 0 after 976 usecs
[    1.670238] calling  init_events+0x0/0x3d @ 1
[    1.671326] initcall init_events+0x0/0x3d returned 0 after 0 usecs
[    1.672237] calling  init_trace_printk+0x0/0xc @ 1
[    1.673238] initcall init_trace_printk+0x0/0xc returned 0 after 0 usecs
[    1.674243] calling  event_trace_enable_again+0x0/0x23 @ 1
[    1.675243] initcall event_trace_enable_again+0x0/0x23 returned 0 after 0 usecs
[    1.676238] calling  static_call_init+0x0/0x79 @ 1
[    1.677238] initcall static_call_init+0x0/0x79 returned 0 after 0 usecs
[    1.678261] calling  jump_label_init_module+0x0/0xc @ 1
[    1.679246] initcall jump_label_init_module+0x0/0xc returned 0 after 0 usecs
[    1.680244] calling  init_zero_pfn+0x0/0x37 @ 1
[    1.681243] initcall init_zero_pfn+0x0/0x37 returned 0 after 0 usecs
[    1.682244] calling  initialize_ptr_random+0x0/0x54 @ 1
[    1.683304] initcall initialize_ptr_random+0x0/0x54 returned 0 after 0 usecs
[    1.684264] calling  efi_memreserve_root_init+0x0/0x25 @ 1
[    1.685287] initcall efi_memreserve_root_init+0x0/0x25 returned 0 after 0 usecs
[    1.686240] calling  efi_earlycon_remap_fb+0x0/0x51 @ 1
[    1.687240] initcall efi_earlycon_remap_fb+0x0/0x51 returned 0 after 0 usecs
[    1.689780] smp: Bringing up secondary CPUs ...
[    1.693227] x86: Booting SMP configuration:
[    1.694240] .... node  #0, CPUs:      #1
[    1.171670] kvm-clock: cpu 1, msr 14f29041, secondary cpu clock
[    1.722649] kvm-guest: stealtime: cpu 1, msr 1f45bb40
[    1.740244]  #2
[    1.171670] kvm-clock: cpu 2, msr 14f29081, secondary cpu clock
[    1.764432] kvm-guest: stealtime: cpu 2, msr 1f49bb40
[    1.779243]  #3
[    1.171670] kvm-clock: cpu 3, msr 14f290c1, secondary cpu clock
[    1.802433] kvm-guest: stealtime: cpu 3, msr 1f4dbb40
[    1.819754]  #4
[    1.171670] kvm-clock: cpu 4, msr 14f29101, secondary cpu clock
[    1.843548] kvm-guest: stealtime: cpu 4, msr 1f51bb40
[    1.861060]  #5
[    1.171670] kvm-clock: cpu 5, msr 14f29141, secondary cpu clock
[    1.887377] kvm-guest: stealtime: cpu 5, msr 1f55bb40
[    1.903244]  #6
[    1.171670] kvm-clock: cpu 6, msr 14f29181, secondary cpu clock
[    1.926443] kvm-guest: stealtime: cpu 6, msr 1f59bb40
[    1.942010]  #7
[    1.171670] kvm-clock: cpu 7, msr 14f291c1, secondary cpu clock
[    1.966465] kvm-guest: stealtime: cpu 7, msr 1f5dbb40
[    1.983077] smp: Brought up 1 node, 8 CPUs
[    1.983246] smpboot: Max logical packages: 1
[    1.984244] smpboot: Total of 8 processors activated (31999.98 BogoMIPS)
[    1.991237] devtmpfs: initialized
[    1.993913] calling  ipc_ns_init+0x0/0x3d @ 1
[    1.994311] initcall ipc_ns_init+0x0/0x3d returned 0 after 0 usecs
[    1.995243] calling  init_mmap_min_addr+0x0/0x21 @ 1
[    1.996246] initcall init_mmap_min_addr+0x0/0x21 returned 0 after 0 usecs
[    1.997241] calling  pci_realloc_setup_params+0x0/0x3f @ 1
[    1.998240] initcall pci_realloc_setup_params+0x0/0x3f returned 0 after 0 usecs
[    1.999246] calling  net_ns_init+0x0/0x140 @ 1
[    2.002880] initcall net_ns_init+0x0/0x140 returned 0 after 1953 usecs
[    2.004249] calling  e820__register_nvs_regions+0x0/0x37 @ 1
[    2.005246] initcall e820__register_nvs_regions+0x0/0x37 returned 0 after 0 usecs
[    2.006240] calling  cpufreq_register_tsc_scaling+0x0/0x2e @ 1
[    2.007239] initcall cpufreq_register_tsc_scaling+0x0/0x2e returned 0 after 0 usecs
[    2.008242] calling  reboot_init+0x0/0x3c @ 1
[    2.009348] initcall reboot_init+0x0/0x3c returned 0 after 0 usecs
[    2.010239] calling  init_lapic_sysfs+0x0/0x20 @ 1
[    2.011276] initcall init_lapic_sysfs+0x0/0x20 returned 0 after 0 usecs
[    2.012238] calling  alloc_frozen_cpus+0x0/0x7 @ 1
[    2.013238] initcall alloc_frozen_cpus+0x0/0x7 returned 0 after 0 usecs
[    2.014237] calling  cpu_hotplug_pm_sync_init+0x0/0x13 @ 1
[    2.015271] initcall cpu_hotplug_pm_sync_init+0x0/0x13 returned 0 after 0 usecs
[    2.016243] calling  wq_sysfs_init+0x0/0x2a @ 1
[    2.017405] initcall wq_sysfs_init+0x0/0x2a returned 0 after 0 usecs
[    2.018271] calling  ksysfs_init+0x0/0x92 @ 1
[    2.019304] initcall ksysfs_init+0x0/0x92 returned 0 after 0 usecs
[    2.020245] calling  schedutil_gov_init+0x0/0xc @ 1
[    2.021470] initcall schedutil_gov_init+0x0/0xc returned 0 after 0 usecs
[    2.022244] calling  pm_init+0x0/0x76 @ 1
[    2.023390] initcall pm_init+0x0/0x76 returned 0 after 0 usecs
[    2.024243] calling  pm_disk_init+0x0/0x13 @ 1
[    2.025286] initcall pm_disk_init+0x0/0x13 returned 0 after 0 usecs
[    2.026244] calling  swsusp_header_init+0x0/0x2b @ 1
[    2.027247] initcall swsusp_header_init+0x0/0x2b returned 0 after 0 usecs
[    2.028261] calling  rcu_set_runtime_mode+0x0/0x2a @ 1
[    2.033439] initcall rcu_set_runtime_mode+0x0/0x2a returned 0 after 3906 usecs
[    2.034240] calling  init_jiffies_clocksource+0x0/0x13 @ 1
[    2.035255] clocksource: jiffies: mask: 0xffffffff max_cycles: 0xffffffff, max_idle_ns: 1911260446275000 ns
[    2.036258] initcall init_jiffies_clocksource+0x0/0x13 returned 0 after 976 usecs
[    2.037240] calling  futex_init+0x0/0x118 @ 1
[    2.038243] futex hash table entries: 2048 (order: 6, 262144 bytes, linear)
[    2.041257] initcall futex_init+0x0/0x118 returned 0 after 2929 usecs
[    2.042240] calling  cgroup_wq_init+0x0/0x28 @ 1
[    2.043262] initcall cgroup_wq_init+0x0/0x28 returned 0 after 0 usecs
[    2.044240] calling  cgroup1_wq_init+0x0/0x28 @ 1
[    2.046253] initcall cgroup1_wq_init+0x0/0x28 returned 0 after 976 usecs
[    2.047244] calling  init_kprobe_trace_early+0x0/0x2a @ 1
[    2.048286] initcall init_kprobe_trace_early+0x0/0x2a returned 0 after 0 usecs
[    2.049241] calling  fsnotify_init+0x0/0x56 @ 1
[    2.050262] initcall fsnotify_init+0x0/0x56 returned 0 after 0 usecs
[    2.051321] calling  filelock_init+0x0/0xb3 @ 1
[    2.052447] initcall filelock_init+0x0/0xb3 returned 0 after 0 usecs
[    2.053249] calling  init_misc_binfmt+0x0/0x2c @ 1
[    2.054278] initcall init_misc_binfmt+0x0/0x2c returned 0 after 0 usecs
[    2.055243] calling  init_script_binfmt+0x0/0x15 @ 1
[    2.056243] initcall init_script_binfmt+0x0/0x15 returned 0 after 0 usecs
[    2.057239] calling  init_elf_binfmt+0x0/0x15 @ 1
[    2.058240] initcall init_elf_binfmt+0x0/0x15 returned 0 after 0 usecs
[    2.059239] calling  init_compat_elf_binfmt+0x0/0x15 @ 1
[    2.060240] initcall init_compat_elf_binfmt+0x0/0x15 returned 0 after 0 usecs
[    2.061238] calling  debugfs_init+0x0/0x5c @ 1
[    2.063691] initcall debugfs_init+0x0/0x5c returned 0 after 976 usecs
[    2.064324] calling  tracefs_init+0x0/0x3a @ 1
[    2.065254] initcall tracefs_init+0x0/0x3a returned 0 after 0 usecs
[    2.066241] calling  prandom_init_early+0x0/0x15d @ 1
[    2.067265] initcall prandom_init_early+0x0/0x15d returned 0 after 0 usecs
[    2.068271] calling  virtio_init+0x0/0x20 @ 1
[    2.069311] initcall virtio_init+0x0/0x20 returned 0 after 0 usecs
[    2.070240] calling  iommu_init+0x0/0x2a @ 1
[    2.071271] initcall iommu_init+0x0/0x2a returned 0 after 0 usecs
[    2.073238] calling  component_debug_init+0x0/0x1c @ 1
[    2.074507] initcall component_debug_init+0x0/0x1c returned 0 after 0 usecs
[    2.075241] calling  early_resume_init+0x0/0xb9 @ 1
[    2.077775] PM: RTC time: 08:31:08, date: 2022-12-13
[    2.078245] initcall early_resume_init+0x0/0xb9 returned 0 after 1953 usecs
[    2.079242] calling  cpufreq_core_init+0x0/0x62 @ 1
[    2.080259] initcall cpufreq_core_init+0x0/0x62 returned 0 after 0 usecs
[    2.081246] calling  cpufreq_gov_performance_init+0x0/0xc @ 1
[    2.082250] initcall cpufreq_gov_performance_init+0x0/0xc returned 0 after 0 usecs
[    2.083241] calling  cpufreq_gov_userspace_init+0x0/0xc @ 1
[    2.084259] initcall cpufreq_gov_userspace_init+0x0/0xc returned 0 after 0 usecs
[    2.085240] calling  CPU_FREQ_GOV_ONDEMAND_init+0x0/0xc @ 1
[    2.086241] initcall CPU_FREQ_GOV_ONDEMAND_init+0x0/0xc returned 0 after 0 usecs
[    2.087238] calling  cpuidle_init+0x0/0x1f @ 1
[    2.088347] initcall cpuidle_init+0x0/0x1f returned 0 after 0 usecs
[    2.089238] calling  capsule_reboot_register+0x0/0xc @ 1
[    2.090298] initcall capsule_reboot_register+0x0/0xc returned 0 after 0 usecs
[    2.091243] calling  sock_init+0x0/0x93 @ 1
[    2.094748] initcall sock_init+0x0/0x93 returned 0 after 976 usecs
[    2.095245] calling  net_inuse_init+0x0/0x23 @ 1
[    2.096288] initcall net_inuse_init+0x0/0x23 returned 0 after 0 usecs
[    2.097241] calling  net_defaults_init+0x0/0x23 @ 1
[    2.098241] initcall net_defaults_init+0x0/0x23 returned 0 after 0 usecs
[    2.099239] calling  init_default_flow_dissectors+0x0/0x4f @ 1
[    2.100269] initcall init_default_flow_dissectors+0x0/0x4f returned 0 after 0 usecs
[    2.101239] calling  netpoll_init+0x0/0x44 @ 1
[    2.102243] initcall netpoll_init+0x0/0x44 returned 0 after 0 usecs
[    2.103239] calling  netlink_proto_init+0x0/0x154 @ 1
[    2.105411] NET: Registered protocol family 16
[    2.106405] initcall netlink_proto_init+0x0/0x154 returned 0 after 1953 usecs
[    2.107238] calling  genl_init+0x0/0x35 @ 1
[    2.108333] initcall genl_init+0x0/0x35 returned 0 after 0 usecs
[    2.109284] calling  bsp_pm_check_init+0x0/0x13 @ 1
[    2.110245] initcall bsp_pm_check_init+0x0/0x13 returned 0 after 0 usecs
[    2.111272] calling  irq_sysfs_init+0x0/0xb9 @ 1
[    2.113466] initcall irq_sysfs_init+0x0/0xb9 returned 0 after 976 usecs
[    2.114243] calling  audit_init+0x0/0x127 @ 1
[    2.115244] audit: initializing netlink subsys (disabled)
[    2.118493] initcall audit_init+0x0/0x127 returned 0 after 2929 usecs
[    2.118268] audit: type=2000 audit(1670920267.072:1): state=initialized audit_enabled=0 res=1
[    2.119238] calling  release_early_probes+0x0/0x32 @ 1
[    2.119243] initcall release_early_probes+0x0/0x32 returned 0 after 0 usecs
[    2.119245] calling  bdi_class_init+0x0/0x48 @ 1
[    2.119283] initcall bdi_class_init+0x0/0x48 returned 0 after 0 usecs
[    2.119285] calling  mm_sysfs_init+0x0/0x28 @ 1
[    2.119291] initcall mm_sysfs_init+0x0/0x28 returned 0 after 0 usecs
[    2.126244] calling  init_per_zone_wmark_min+0x0/0x6d @ 1
[    2.128288] initcall init_per_zone_wmark_min+0x0/0x6d returned 0 after 0 usecs
[    2.129241] calling  mpi_init+0x0/0x3e @ 1
[    2.130269] initcall mpi_init+0x0/0x3e returned 0 after 0 usecs
[    2.131241] calling  kobject_uevent_init+0x0/0xc @ 1
[    2.132276] initcall kobject_uevent_init+0x0/0xc returned 0 after 0 usecs
[    2.133245] calling  pcibus_class_init+0x0/0x13 @ 1
[    2.134297] initcall pcibus_class_init+0x0/0x13 returned 0 after 0 usecs
[    2.135240] calling  pci_driver_init+0x0/0x21 @ 1
[    2.136312] initcall pci_driver_init+0x0/0x21 returned 0 after 0 usecs
[    2.137242] calling  backlight_class_init+0x0/0xa8 @ 1
[    2.138325] initcall backlight_class_init+0x0/0xa8 returned 0 after 0 usecs
[    2.139240] calling  tty_class_init+0x0/0x33 @ 1
[    2.140267] initcall tty_class_init+0x0/0x33 returned 0 after 0 usecs
[    2.141240] calling  vtconsole_class_init+0x0/0xb5 @ 1
[    2.142423] initcall vtconsole_class_init+0x0/0xb5 returned 0 after 0 usecs
[    2.143240] calling  iommu_dev_init+0x0/0x13 @ 1
[    2.144285] initcall iommu_dev_init+0x0/0x13 returned 0 after 0 usecs
[    2.145238] calling  mipi_dsi_bus_init+0x0/0xc @ 1
[    2.146280] initcall mipi_dsi_bus_init+0x0/0xc returned 0 after 0 usecs
[    2.147238] calling  devlink_class_init+0x0/0x40 @ 1
[    2.148282] initcall devlink_class_init+0x0/0x40 returned 0 after 0 usecs
[    2.149238] calling  software_node_init+0x0/0x2a @ 1
[    2.150246] initcall software_node_init+0x0/0x2a returned 0 after 0 usecs
[    2.151239] calling  wakeup_sources_debugfs_init+0x0/0x23 @ 1
[    2.152258] initcall wakeup_sources_debugfs_init+0x0/0x23 returned 0 after 0 usecs
[    2.153239] calling  wakeup_sources_sysfs_init+0x0/0x2c @ 1
[    2.154260] initcall wakeup_sources_sysfs_init+0x0/0x2c returned 0 after 0 usecs
[    2.155240] calling  register_node_type+0x0/0x13 @ 1
[    2.156331] initcall register_node_type+0x0/0x13 returned 0 after 0 usecs
[    2.157239] calling  regmap_initcall+0x0/0xc @ 1
[    2.158341] initcall regmap_initcall+0x0/0xc returned 0 after 0 usecs
[    2.159238] calling  i2c_init+0x0/0xb3 @ 1
[    2.160469] initcall i2c_init+0x0/0xb3 returned 0 after 0 usecs
[    2.161237] calling  thermal_init+0x0/0x116 @ 1
[    2.162333] thermal_sys: Registered thermal governor 'step_wise'
[    2.162338] thermal_sys: Registered thermal governor 'user_space'
[    2.163285] initcall thermal_init+0x0/0x116 returned 0 after 976 usecs
[    2.165243] calling  init_menu+0x0/0xc @ 1
[    2.166405] cpuidle: using governor menu
[    2.167241] initcall init_menu+0x0/0xc returned 0 after 976 usecs
[    2.168241] calling  pcc_init+0x0/0x4d @ 1
[    2.169243] initcall pcc_init+0x0/0x4d returned -19 after 0 usecs
[    2.170241] calling  amd_postcore_init+0x0/0x11e @ 1
[    2.171241] initcall amd_postcore_init+0x0/0x11e returned 0 after 0 usecs
[    2.172257] calling  bts_init+0x0/0xba @ 1
[    2.173240] initcall bts_init+0x0/0xba returned -19 after 0 usecs
[    2.174239] calling  pt_init+0x0/0x34d @ 1
[    2.175239] initcall pt_init+0x0/0x34d returned -19 after 0 usecs
[    2.176240] calling  boot_params_ksysfs_init+0x0/0x2ee @ 1
[    2.177288] initcall boot_params_ksysfs_init+0x0/0x2ee returned 0 after 0 usecs
[    2.178239] calling  sbf_init+0x0/0xea @ 1
[    2.179241] initcall sbf_init+0x0/0xea returned 0 after 0 usecs
[    2.180244] calling  arch_kdebugfs_init+0x0/0x219 @ 1
[    2.181307] initcall arch_kdebugfs_init+0x0/0x219 returned 0 after 0 usecs
[    2.182240] calling  intel_pconfig_init+0x0/0x85 @ 1
[    2.183240] initcall intel_pconfig_init+0x0/0x85 returned 0 after 0 usecs
[    2.184267] calling  mtrr_if_init+0x0/0x5d @ 1
[    2.186247] initcall mtrr_if_init+0x0/0x5d returned 0 after 0 usecs
[    2.187243] calling  activate_jump_labels+0x0/0x31 @ 1
[    2.188243] initcall activate_jump_labels+0x0/0x31 returned 0 after 0 usecs
[    2.189243] calling  ffh_cstate_init+0x0/0x29 @ 1
[    2.190248] initcall ffh_cstate_init+0x0/0x29 returned 0 after 0 usecs
[    2.191246] calling  activate_jump_labels+0x0/0x31 @ 1
[    2.193537] initcall activate_jump_labels+0x0/0x31 returned 0 after 976 usecs
[    2.194246] calling  kvm_alloc_cpumask+0x0/0x74 @ 1
[    2.195310] initcall kvm_alloc_cpumask+0x0/0x74 returned 0 after 0 usecs
[    2.196245] calling  kcmp_cookies_init+0x0/0x37 @ 1
[    2.197259] initcall kcmp_cookies_init+0x0/0x37 returned 0 after 0 usecs
[    2.198246] calling  cryptomgr_init+0x0/0xc @ 1
[    2.200252] initcall cryptomgr_init+0x0/0xc returned 0 after 976 usecs
[    2.201240] calling  acpi_pci_init+0x0/0x57 @ 1
[    2.202249] ACPI: bus type PCI registered
[    2.203240] initcall acpi_pci_init+0x0/0x57 returned 0 after 976 usecs
[    2.204240] calling  dma_channel_table_init+0x0/0xd1 @ 1
[    2.205261] initcall dma_channel_table_init+0x0/0xd1 returned 0 after 0 usecs
[    2.206241] calling  dma_bus_init+0x0/0xdc @ 1
[    2.208279] initcall dma_bus_init+0x0/0xdc returned 0 after 976 usecs
[    2.209314] calling  iommu_dma_init+0x0/0x10 @ 1
[    2.210310] initcall iommu_dma_init+0x0/0x10 returned 0 after 0 usecs
[    2.211239] calling  dmi_id_init+0x0/0x37c @ 1
[    2.214158] initcall dmi_id_init+0x0/0x37c returned 0 after 0 usecs
[    2.214240] calling  pci_arch_init+0x0/0x71 @ 1
[    2.216094] PCI: MMCONFIG for domain 0000 [bus 00-ff] at [mem 0xb0000000-0xbfffffff] (base 0xb0000000)
[    2.216243] PCI: MMCONFIG at [mem 0xb0000000-0xbfffffff] reserved in E820
[    2.217423] PCI: Using configuration type 1 for base access
[    2.218428] initcall pci_arch_init+0x0/0x71 returned 0 after 2929 usecs
[    2.219256] calling  init_vdso+0x0/0x13 @ 1
[    2.220581] initcall init_vdso+0x0/0x13 returned 0 after 0 usecs
[    2.221237] calling  sysenter_setup+0x0/0x13 @ 1
[    2.223246] initcall sysenter_setup+0x0/0x13 returned 0 after 976 usecs
[    2.224242] calling  fixup_ht_bug+0x0/0xe5 @ 1
[    2.225243] initcall fixup_ht_bug+0x0/0xe5 returned 0 after 0 usecs
[    2.226244] calling  topology_init+0x0/0x88 @ 1
[    2.228880] initcall topology_init+0x0/0x88 returned 0 after 976 usecs
[    2.229242] calling  intel_epb_init+0x0/0x68 @ 1
[    2.230241] initcall intel_epb_init+0x0/0x68 returned -19 after 0 usecs
[    2.231240] calling  mtrr_init_finialize+0x0/0x3e @ 1
[    2.232240] initcall mtrr_init_finialize+0x0/0x3e returned 0 after 0 usecs
[    2.233239] calling  uid_cache_init+0x0/0x85 @ 1
[    2.234266] initcall uid_cache_init+0x0/0x85 returned 0 after 0 usecs
[    2.235238] calling  param_sysfs_init+0x0/0x1ba @ 1
[    2.251709] initcall param_sysfs_init+0x0/0x1ba returned 0 after 14648 usecs
[    2.252241] calling  user_namespace_sysctl_init+0x0/0x33 @ 1
[    2.253284] initcall user_namespace_sysctl_init+0x0/0x33 returned 0 after 0 usecs
[    2.254240] calling  proc_schedstat_init+0x0/0x24 @ 1
[    2.255249] initcall proc_schedstat_init+0x0/0x24 returned 0 after 0 usecs
[    2.256240] calling  pm_sysrq_init+0x0/0x18 @ 1
[    2.258460] initcall pm_sysrq_init+0x0/0x18 returned 0 after 0 usecs
[    2.259437] calling  create_proc_profile+0x0/0xd0 @ 1
[    2.260262] initcall create_proc_profile+0x0/0xd0 returned 0 after 0 usecs
[    2.261243] calling  time_ns_init+0x0/0x7 @ 1
[    2.262244] initcall time_ns_init+0x0/0x7 returned 0 after 0 usecs
[    2.263241] calling  crash_save_vmcoreinfo_init+0x0/0x722 @ 1
[    2.264445] initcall crash_save_vmcoreinfo_init+0x0/0x722 returned 0 after 0 usecs
[    2.265242] calling  crash_notes_memory_init+0x0/0x35 @ 1
[    2.266254] initcall crash_notes_memory_init+0x0/0x35 returned 0 after 0 usecs
[    2.267244] calling  cgroup_sysfs_init+0x0/0x13 @ 1
[    2.270246] initcall cgroup_sysfs_init+0x0/0x13 returned 0 after 1953 usecs
[    2.271257] calling  cgroup_namespaces_init+0x0/0x7 @ 1
[    2.272239] initcall cgroup_namespaces_init+0x0/0x7 returned 0 after 0 usecs
[    2.273239] calling  init_optprobes+0x0/0x13 @ 1
[    2.274461] Kprobes globally optimized
[    2.275240] initcall init_optprobes+0x0/0x13 returned 0 after 976 usecs
[    2.276253] calling  oom_init+0x0/0x2f @ 1
[    2.280398] initcall oom_init+0x0/0x2f returned 0 after 2929 usecs
[    2.281241] calling  default_bdi_init+0x0/0xb3 @ 1
[    2.284836] initcall default_bdi_init+0x0/0xb3 returned 0 after 1953 usecs
[    2.285239] calling  percpu_enable_async+0x0/0xe @ 1
[    2.286239] initcall percpu_enable_async+0x0/0xe returned 0 after 0 usecs
[    2.287238] calling  kcompactd_init+0x0/0x8d @ 1
[    2.294995] initcall kcompactd_init+0x0/0x8d returned 0 after 5859 usecs
[    2.295294] calling  init_user_reserve+0x0/0x40 @ 1
[    2.296242] initcall init_user_reserve+0x0/0x40 returned 0 after 0 usecs
[    2.297242] calling  init_admin_reserve+0x0/0x40 @ 1
[    2.298242] initcall init_admin_reserve+0x0/0x40 returned 0 after 0 usecs
[    2.299247] calling  init_reserve_notifier+0x0/0x7 @ 1
[    2.300247] initcall init_reserve_notifier+0x0/0x7 returned 0 after 0 usecs
[    2.301244] calling  swap_init_sysfs+0x0/0x62 @ 1
[    2.302257] initcall swap_init_sysfs+0x0/0x62 returned 0 after 0 usecs
[    2.303238] calling  swapfile_init+0x0/0x94 @ 1
[    2.304241] initcall swapfile_init+0x0/0x94 returned 0 after 0 usecs
[    2.305239] calling  hugetlb_init+0x0/0x499 @ 1
[    2.306371] HugeTLB registered 2.00 MiB page size, pre-allocated 0 pages
[    2.307660] initcall hugetlb_init+0x0/0x499 returned 0 after 976 usecs
[    2.308244] calling  io_wq_init+0x0/0x34 @ 1
[    2.309252] initcall io_wq_init+0x0/0x34 returned 0 after 0 usecs
[    2.310242] calling  seqiv_module_init+0x0/0xc @ 1
[    2.312241] initcall seqiv_module_init+0x0/0xc returned 0 after 976 usecs
[    2.313241] calling  echainiv_module_init+0x0/0xc @ 1
[    2.314452] initcall echainiv_module_init+0x0/0xc returned 0 after 0 usecs
[    2.316882] calling  rsa_init+0x0/0x50 @ 1
[    2.325641] initcall rsa_init+0x0/0x50 returned 0 after 7812 usecs
[    2.325640] cryptomgr_test (61) used greatest stack depth: 14864 bytes left
[    2.326245] calling  crypto_cmac_module_init+0x0/0xc @ 1
[    2.328248] initcall crypto_cmac_module_init+0x0/0xc returned 0 after 0 usecs
[    2.329242] calling  hmac_module_init+0x0/0xc @ 1
[    2.330244] initcall hmac_module_init+0x0/0xc returned 0 after 0 usecs
[    2.331241] calling  crypto_null_mod_init+0x0/0x65 @ 1
[    2.339251] initcall crypto_null_mod_init+0x0/0x65 returned 0 after 6835 usecs
[    2.340243] calling  md5_mod_init+0x0/0xc @ 1
[    2.342246] initcall md5_mod_init+0x0/0xc returned 0 after 976 usecs
[    2.343242] calling  sha256_generic_mod_init+0x0/0x11 @ 1
[    2.348270] initcall sha256_generic_mod_init+0x0/0x11 returned 0 after 3906 usecs
[    2.359249] calling  crypto_cbc_module_init+0x0/0xc @ 1
[    2.368244] initcall crypto_cbc_module_init+0x0/0xc returned 0 after 0 usecs
[    2.379242] calling  crypto_ctr_module_init+0x0/0x11 @ 1
[    2.387264] initcall crypto_ctr_module_init+0x0/0x11 returned 0 after 0 usecs
[    2.398260] calling  crypto_gcm_module_init+0x0/0x64 @ 1
[    2.406312] initcall crypto_gcm_module_init+0x0/0x64 returned 0 after 0 usecs
[    2.418242] calling  crypto_ccm_module_init+0x0/0x11 @ 1
[    2.426246] initcall crypto_ccm_module_init+0x0/0x11 returned 0 after 0 usecs
[    2.437242] calling  aes_init+0x0/0xc @ 1
[    2.444574] initcall aes_init+0x0/0xc returned 0 after 1953 usecs
[    2.454249] calling  crc32c_mod_init+0x0/0xc @ 1
[    2.463483] initcall crc32c_mod_init+0x0/0xc returned 0 after 1953 usecs
[    2.471241] calling  crypto_authenc_module_init+0x0/0xc @ 1
[    2.479244] initcall crypto_authenc_module_init+0x0/0xc returned 0 after 0 usecs
[    2.488241] calling  crypto_authenc_esn_module_init+0x0/0xc @ 1
[    2.496248] initcall crypto_authenc_esn_module_init+0x0/0xc returned 0 after 0 usecs
[    2.506239] calling  drbg_init+0x0/0x7c @ 1
[    2.554410] initcall drbg_init+0x0/0x7c returned 0 after 41015 usecs
[    2.562251] calling  ghash_mod_init+0x0/0xc @ 1
[    2.571278] initcall ghash_mod_init+0x0/0xc returned 0 after 2929 usecs
[    2.577245] calling  init_bio+0x0/0x9a @ 1
[    2.588843] initcall init_bio+0x0/0x9a returned 0 after 3906 usecs
[    2.600247] calling  blk_settings_init+0x0/0x29 @ 1
[    2.607248] initcall blk_settings_init+0x0/0x29 returned 0 after 0 usecs
[    2.614245] calling  blk_ioc_init+0x0/0x29 @ 1
[    2.622256] initcall blk_ioc_init+0x0/0x29 returned 0 after 0 usecs
[    2.630242] calling  blk_mq_init+0x0/0xb9 @ 1
[    2.635393] initcall blk_mq_init+0x0/0xb9 returned 0 after 0 usecs
[    2.643242] calling  genhd_device_init+0x0/0x75 @ 1
[    2.666249] initcall genhd_device_init+0x0/0x75 returned 0 after 16601 usecs
[    2.676797] calling  pci_slot_init+0x0/0x40 @ 1
[    2.681264] initcall pci_slot_init+0x0/0x40 returned 0 after 0 usecs
[    2.689246] calling  fbmem_init+0x0/0xd8 @ 1
[    2.693983] initcall fbmem_init+0x0/0xd8 returned 0 after 1953 usecs
[    2.702248] calling  acpi_init+0x0/0x319 @ 1
[    2.707543] ACPI: Added _OSI(Module Device)
[    2.713240] ACPI: Added _OSI(Processor Device)
[    2.719242] ACPI: Added _OSI(3.0 _SCP Extensions)
[    2.725242] ACPI: Added _OSI(Processor Aggregator Device)
[    2.732241] ACPI: Added _OSI(Linux-Dell-Video)
[    2.738239] ACPI: Added _OSI(Linux-Lenovo-NV-HDMI-Audio)
[    2.745240] ACPI: Added _OSI(Linux-HPI-Hybrid-Graphics)
[    2.756527] ACPI: 1 ACPI AML tables successfully acquired and loaded
[    2.770801] ACPI: Interpreter enabled
[    2.776345] ACPI: (supports S0 S3 S4 S5)
[    2.781239] ACPI: Using IOAPIC for interrupt routing
[    2.787317] PCI: Using host bridge windows from ACPI; if necessary, use "pci=nocrs" and report a bug
[    2.799775] ACPI: Enabled 2 GPEs in block 00 to 3F
[    2.834229] ACPI: PCI Root Bridge [PCI0] (domain 0000 [bus 00-ff])
[    2.842256] acpi PNP0A08:00: _OSC: OS supports [ExtendedConfig ASPM ClockPM Segments MSI HPX-Type3]
[    2.855530] acpi PNP0A08:00: _OSC: platform does not support [LTR]
[    2.864558] acpi PNP0A08:00: _OSC: OS now controls [PME PCIeCapability]
[    2.873968] PCI host bridge to bus 0000:00
[    2.879279] pci_bus 0000:00: root bus resource [io  0x0000-0x0cf7 window]
[    2.888242] pci_bus 0000:00: root bus resource [io  0x0d00-0xffff window]
[    2.897240] pci_bus 0000:00: root bus resource [mem 0x000a0000-0x000bffff window]
[    2.904241] pci_bus 0000:00: root bus resource [mem 0x20000000-0xafffffff window]
[    2.914247] pci_bus 0000:00: root bus resource [mem 0xc0000000-0xfebfffff window]
[    2.923241] pci_bus 0000:00: root bus resource [mem 0x100000000-0x8ffffffff window]
[    2.934242] pci_bus 0000:00: root bus resource [bus 00-ff]
[    2.942472] pci 0000:00:00.0: calling  quirk_mmio_always_on+0x0/0x10 @ 1
[    2.950259] pci 0000:00:00.0: quirk_mmio_always_on+0x0/0x10 took 0 usecs
[    2.958240] pci 0000:00:00.0: [8086:29c0] type 00 class 0x060000
[    2.969918] pci 0000:00:00.0: calling  quirk_igfx_skip_te_disable+0x0/0x80 @ 1
[    2.979245] pci 0000:00:00.0: quirk_igfx_skip_te_disable+0x0/0x80 took 0 usecs
[    2.990237] pci 0000:00:01.0: [1234:1111] type 00 class 0x030000
[    3.013229] pci 0000:00:01.0: reg 0x10: [mem 0xfd000000-0xfdffffff pref]
[    3.045229] pci 0000:00:01.0: reg 0x18: [mem 0xfebf0000-0xfebf0fff]
[    3.091935] pci 0000:00:01.0: reg 0x30: [mem 0xfebe0000-0xfebeffff pref]
[    3.105157] pci 0000:00:01.0: calling  efifb_fixup_resources+0x0/0xf0 @ 1
[    3.113393] pci 0000:00:01.0: efifb_fixup_resources+0x0/0xf0 took 976 usecs
[    3.163497] pci 0000:00:1f.0: [8086:2918] type 00 class 0x060100
[    3.170808] pci 0000:00:1f.0: calling  quirk_ich7_lpc+0x0/0x60 @ 1
[    3.174477] pci 0000:00:1f.0: quirk: [io  0x0600-0x067f] claimed by ICH6 ACPI/GPIO/TCO
[    3.183329] pci 0000:00:1f.0: quirk_ich7_lpc+0x0/0x60 took 9765 usecs
[    3.190229] pci 0000:00:1f.0: calling  quirk_igfx_skip_te_disable+0x0/0x80 @ 1
[    3.198512] pci 0000:00:1f.0: quirk_igfx_skip_te_disable+0x0/0x80 took 0 usecs
[    3.214102] pci 0000:00:1f.2: [8086:2922] type 00 class 0x010601
[    3.230073] pci 0000:00:1f.2: reg 0x20: [io  0xc040-0xc05f]
[    3.238229] pci 0000:00:1f.2: reg 0x24: [mem 0xfebf1000-0xfebf1fff]
[    3.249896] pci 0000:00:1f.2: calling  quirk_igfx_skip_te_disable+0x0/0x80 @ 1
[    3.256255] pci 0000:00:1f.2: quirk_igfx_skip_te_disable+0x0/0x80 took 0 usecs
[    3.270115] pci 0000:00:1f.3: [8086:2930] type 00 class 0x0c0500
[    3.282242] pci 0000:00:1f.3: reg 0x20: [io  0x0700-0x073f]
[    3.292274] pci 0000:00:1f.3: calling  quirk_igfx_skip_te_disable+0x0/0x80 @ 1
[    3.301257] pci 0000:00:1f.3: quirk_igfx_skip_te_disable+0x0/0x80 took 0 usecs
[    3.322451] ACPI: PCI Interrupt Link [LNKA] (IRQs 5 *10 11)
[    3.331325] ACPI: PCI Interrupt Link [LNKB] (IRQs 5 *10 11)
[    3.340855] ACPI: PCI Interrupt Link [LNKC] (IRQs 5 10 *11)
[    3.350321] ACPI: PCI Interrupt Link [LNKD] (IRQs 5 10 *11)
[    3.359934] ACPI: PCI Interrupt Link [LNKE] (IRQs 5 *10 11)
[    3.368267] ACPI: PCI Interrupt Link [LNKF] (IRQs 5 *10 11)
[    3.377322] ACPI: PCI Interrupt Link [LNKG] (IRQs 5 10 *11)
[    3.386324] ACPI: PCI Interrupt Link [LNKH] (IRQs 5 10 *11)
[    3.395540] ACPI: PCI Interrupt Link [GSIA] (IRQs *16)
[    3.403357] ACPI: PCI Interrupt Link [GSIB] (IRQs *17)
[    3.410380] ACPI: PCI Interrupt Link [GSIC] (IRQs *18)
[    3.418371] ACPI: PCI Interrupt Link [GSID] (IRQs *19)
[    3.426339] ACPI: PCI Interrupt Link [GSIE] (IRQs *20)
[    3.434314] ACPI: PCI Interrupt Link [GSIF] (IRQs *21)
[    3.441312] ACPI: PCI Interrupt Link [GSIG] (IRQs *22)
[    3.449330] ACPI: PCI Interrupt Link [GSIH] (IRQs *23)
[    3.461899] initcall acpi_init+0x0/0x319 returned 0 after 736328 usecs
[    3.472513] calling  pnp_init+0x0/0xc @ 1
[    3.478329] initcall pnp_init+0x0/0xc returned 0 after 0 usecs
[    3.487244] calling  misc_init+0x0/0xbf @ 1
[    3.492622] initcall misc_init+0x0/0xbf returned 0 after 976 usecs
[    3.500256] calling  iommu_subsys_init+0x0/0x4e @ 1
[    3.506323] iommu: Default domain type: Translated 
[    3.512239] initcall iommu_subsys_init+0x0/0x4e returned 0 after 5859 usecs
[    3.520240] calling  vga_arb_device_init+0x0/0x261 @ 1
[    3.529515] pci 0000:00:01.0: vgaarb: setting as boot VGA device
[    3.530229] pci 0000:00:01.0: vgaarb: VGA device added: decodes=io+mem,owns=io+mem,locks=none
[    3.547245] pci 0000:00:01.0: vgaarb: bridge control possible
[    3.554237] vgaarb: loaded
[    3.557241] initcall vga_arb_device_init+0x0/0x261 returned 0 after 30273 usecs
[    3.566297] calling  cn_init+0x0/0xf0 @ 1
[    3.571316] initcall cn_init+0x0/0xf0 returned 0 after 0 usecs
[    3.579246] calling  dma_buf_init+0x0/0xad @ 1
[    3.585089] initcall dma_buf_init+0x0/0xad returned 0 after 976 usecs
[    3.593238] calling  dma_resv_lockdep+0x0/0x281 @ 1
[    3.600631] initcall dma_resv_lockdep+0x0/0x281 returned 0 after 976 usecs
[    3.609243] calling  init_scsi+0x0/0x79 @ 1
[    3.614839] SCSI subsystem initialized
[    3.620241] initcall init_scsi+0x0/0x79 returned 0 after 5859 usecs
[    3.627246] calling  ata_init+0x0/0x332 @ 1
[    3.635035] libata version 3.00 loaded.
[    3.640242] initcall ata_init+0x0/0x332 returned 0 after 7812 usecs
[    3.648244] calling  phy_init+0x0/0x250 @ 1
[    3.653651] initcall phy_init+0x0/0x250 returned 0 after 0 usecs
[    3.661240] calling  init_pcmcia_cs+0x0/0x35 @ 1
[    3.666253] initcall init_pcmcia_cs+0x0/0x35 returned 0 after 0 usecs
[    3.674240] calling  usb_common_init+0x0/0x1c @ 1
[    3.680304] initcall usb_common_init+0x0/0x1c returned 0 after 0 usecs
[    3.688239] calling  usb_init+0x0/0x12e @ 1
[    3.693371] ACPI: bus type USB registered
[    3.698690] usbcore: registered new interface driver usbfs
[    3.706333] usbcore: registered new interface driver hub
[    3.712268] usbcore: registered new device driver usb
[    3.719244] initcall usb_init+0x0/0x12e returned 0 after 25390 usecs
[    3.727239] calling  serio_init+0x0/0x29 @ 1
[    3.733316] initcall serio_init+0x0/0x29 returned 0 after 0 usecs
[    3.740238] calling  input_init+0x0/0xf6 @ 1
[    3.745338] initcall input_init+0x0/0xf6 returned 0 after 0 usecs
[    3.752239] calling  rtc_init+0x0/0x4d @ 1
[    3.757253] initcall rtc_init+0x0/0x4d returned 0 after 0 usecs
[    3.764238] calling  pps_init+0x0/0xa9 @ 1
[    3.769288] pps_core: LinuxPPS API ver. 1 registered
[    3.775237] pps_core: Software ver. 5.3.6 - Copyright 2005-2007 Rodolfo Giometti <giometti@linux.it>
[    3.785242] initcall pps_init+0x0/0xa9 returned 0 after 15625 usecs
[    3.793240] calling  ptp_init+0x0/0x98 @ 1
[    3.798261] PTP clock support registered
[    3.803241] initcall ptp_init+0x0/0x98 returned 0 after 4882 usecs
[    3.810240] calling  power_supply_class_init+0x0/0x3f @ 1
[    3.817446] initcall power_supply_class_init+0x0/0x3f returned 0 after 0 usecs
[    3.825235] calling  hwmon_init+0x0/0x104 @ 1
[    3.831263] initcall hwmon_init+0x0/0x104 returned 0 after 0 usecs
[    3.838239] calling  md_init+0x0/0x16b @ 1
[    3.844491] initcall md_init+0x0/0x16b returned 0 after 1953 usecs
[    3.852251] calling  leds_init+0x0/0x3b @ 1
[    3.858296] initcall leds_init+0x0/0x3b returned 0 after 0 usecs
[    3.865243] calling  dmi_init+0x0/0x113 @ 1
[    3.870497] initcall dmi_init+0x0/0x113 returned 0 after 0 usecs
[    3.878240] calling  efisubsys_init+0x0/0x4e7 @ 1
[    3.883250] initcall efisubsys_init+0x0/0x4e7 returned 0 after 0 usecs
[    3.891239] calling  nvmem_init+0x0/0xc @ 1
[    3.896236] initcall nvmem_init+0x0/0xc returned 0 after 0 usecs
[    3.904239] calling  init_soundcore+0x0/0x33 @ 1
[    3.909283] initcall init_soundcore+0x0/0x33 returned 0 after 0 usecs
[    3.917240] calling  alsa_sound_init+0x0/0x8f @ 1
[    3.923619] Advanced Linux Sound Architecture Driver Initialized.
[    3.930243] initcall alsa_sound_init+0x0/0x8f returned 0 after 6835 usecs
[    3.938290] calling  alsa_seq_device_init+0x0/0x71 @ 1
[    3.945281] initcall alsa_seq_device_init+0x0/0x71 returned 0 after 0 usecs
[    3.953239] calling  hda_bus_init+0x0/0xc @ 1
[    3.958311] initcall hda_bus_init+0x0/0xc returned 0 after 0 usecs
[    3.966239] calling  proto_init+0x0/0xc @ 1
[    3.971274] initcall proto_init+0x0/0xc returned 0 after 0 usecs
[    3.978238] calling  net_dev_init+0x0/0x27f @ 1
[    3.985058] initcall net_dev_init+0x0/0x27f returned 0 after 1953 usecs
[    3.993239] calling  neigh_init+0x0/0x84 @ 1
[    3.998265] initcall neigh_init+0x0/0x84 returned 0 after 0 usecs
[    4.006239] calling  fib_notifier_init+0x0/0xc @ 1
[    4.011274] initcall fib_notifier_init+0x0/0xc returned 0 after 0 usecs
[    4.020238] calling  fib_rules_init+0x0/0xab @ 1
[    4.025305] initcall fib_rules_init+0x0/0xab returned 0 after 0 usecs
[    4.033239] calling  pktsched_init+0x0/0x10e @ 1
[    4.039329] initcall pktsched_init+0x0/0x10e returned 0 after 0 usecs
[    4.047240] calling  tc_filter_init+0x0/0xfa @ 1
[    4.053340] initcall tc_filter_init+0x0/0xfa returned 0 after 0 usecs
[    4.061239] calling  tc_action_init+0x0/0x54 @ 1
[    4.066245] initcall tc_action_init+0x0/0x54 returned 0 after 0 usecs
[    4.074239] calling  ethnl_init+0x0/0x52 @ 1
[    4.080376] initcall ethnl_init+0x0/0x52 returned 0 after 0 usecs
[    4.087270] calling  nexthop_init+0x0/0xd8 @ 1
[    4.092425] initcall nexthop_init+0x0/0xd8 returned 0 after 0 usecs
[    4.099246] calling  cipso_v4_init+0x0/0x8d @ 1
[    4.105339] initcall cipso_v4_init+0x0/0x8d returned 0 after 0 usecs
[    4.113244] calling  ieee80211_init+0x0/0x24 @ 1
[    4.118727] initcall ieee80211_init+0x0/0x24 returned 0 after 976 usecs
[    4.127240] calling  netlbl_init+0x0/0x78 @ 1
[    4.132263] NetLabel: Initializing
[    4.136236] NetLabel:  domain hash size = 128
[    4.141237] NetLabel:  protocols = UNLABELED CIPSOv4 CALIPSO
[    4.148447] NetLabel:  unlabeled traffic allowed by default
[    4.155242] initcall netlbl_init+0x0/0x78 returned 0 after 22460 usecs
[    4.163243] calling  rfkill_init+0x0/0x136 @ 1
[    4.169348] initcall rfkill_init+0x0/0x136 returned 0 after 976 usecs
[    4.178241] calling  pci_subsys_init+0x0/0x66 @ 1
[    4.183271] PCI: Using ACPI for IRQ routing
[    4.900394] PCI: pci_cache_line_size set to 64 bytes
[    4.906981] e820: reserve RAM buffer [mem 0x0009fc00-0x0009ffff]
[    4.914300] e820: reserve RAM buffer [mem 0x1ffdf000-0x1fffffff]
[    4.921284] initcall pci_subsys_init+0x0/0x66 returned 0 after 720703 usecs
[    4.929739] calling  nmi_warning_debugfs+0x0/0x26 @ 1
[    4.932470] initcall nmi_warning_debugfs+0x0/0x26 returned 0 after 0 usecs
[    4.942239] calling  save_microcode_in_initrd+0x0/0x51 @ 1
[    4.948424] initcall save_microcode_in_initrd+0x0/0x51 returned 0 after 0 usecs
[    4.957259] calling  hpet_late_init+0x0/0x207 @ 1
[    4.962470] hpet: 3 channels of 0 reserved for per-cpu timers
[    4.974229] hpet0: at MMIO 0xfed00000, IRQs 2, 8, 0
[    4.981237] hpet0: 3 comparators, 64-bit 100.000000 MHz counter
[    4.994760] initcall hpet_late_init+0x0/0x207 returned 0 after 31250 usecs
[    5.003394] calling  init_amd_nbs+0x0/0x11c @ 1
[    5.008521] initcall init_amd_nbs+0x0/0x11c returned 0 after 976 usecs
[    5.016265] calling  clocksource_done_booting+0x0/0x43 @ 1
[    5.026719] clocksource: Switched to clocksource kvm-clock
[    5.034784] initcall clocksource_done_booting+0x0/0x43 returned 0 after 12255 usecs
[    5.043330] calling  tracer_init_tracefs+0x0/0x248 @ 1
[    5.330816] initcall tracer_init_tracefs+0x0/0x248 returned 0 after 275019 usecs
[    5.339956] calling  init_trace_printk_function_export+0x0/0x2c @ 1
[    5.347301] initcall init_trace_printk_function_export+0x0/0x2c returned 0 after 23 usecs
[    5.356609] calling  init_kprobe_trace+0x0/0x1ab @ 1
[    5.362386] initcall init_kprobe_trace+0x0/0x1ab returned 0 after 151 usecs
[    5.370284] calling  init_dynamic_event+0x0/0x3d @ 1
[    5.376082] initcall init_dynamic_event+0x0/0x3d returned 0 after 14 usecs
[    5.384133] calling  init_uprobe_trace+0x0/0x5c @ 1
[    5.389771] initcall init_uprobe_trace+0x0/0x5c returned 0 after 61 usecs
[    5.398118] calling  init_pipe_fs+0x0/0x44 @ 1
[    5.404004] initcall init_pipe_fs+0x0/0x44 returned 0 after 399 usecs
[    5.411970] calling  inotify_user_setup+0x0/0x47 @ 1
[    5.418404] initcall inotify_user_setup+0x0/0x47 returned 0 after 228 usecs
[    5.426967] calling  eventpoll_init+0x0/0xeb @ 1
[    5.432840] initcall eventpoll_init+0x0/0xeb returned 0 after 74 usecs
[    5.440958] calling  anon_inode_init+0x0/0x58 @ 1
[    5.446965] initcall anon_inode_init+0x0/0x58 returned 0 after 244 usecs
[    5.454842] calling  proc_locks_init+0x0/0x27 @ 1
[    5.460475] initcall proc_locks_init+0x0/0x27 returned 0 after 98 usecs
[    5.468306] calling  iomap_init+0x0/0x1b @ 1
[    5.474296] initcall iomap_init+0x0/0x1b returned 0 after 841 usecs
[    5.481734] calling  dquot_init+0x0/0x106 @ 1
[    5.486893] VFS: Disk quotas dquot_6.6.0
[    5.492948] VFS: Dquot-cache hash table entries: 512 (order 0, 4096 bytes)
[    5.501135] initcall dquot_init+0x0/0x106 returned 0 after 13906 usecs
[    5.508587] calling  quota_init+0x0/0x23 @ 1
[    5.513825] initcall quota_init+0x0/0x23 returned 0 after 333 usecs
[    5.520990] calling  proc_cmdline_init+0x0/0x21 @ 1
[    5.526654] initcall proc_cmdline_init+0x0/0x21 returned 0 after 22 usecs
[    5.534293] calling  proc_consoles_init+0x0/0x24 @ 1
[    5.539978] initcall proc_consoles_init+0x0/0x24 returned 0 after 7 usecs
[    5.548357] calling  proc_cpuinfo_init+0x0/0x1e @ 1
[    5.553949] initcall proc_cpuinfo_init+0x0/0x1e returned 0 after 8 usecs
[    5.561537] calling  proc_devices_init+0x0/0x24 @ 1
[    5.567114] initcall proc_devices_init+0x0/0x24 returned 0 after 6 usecs
[    5.574730] calling  proc_interrupts_init+0x0/0x24 @ 1
[    5.580581] initcall proc_interrupts_init+0x0/0x24 returned 0 after 6 usecs
[    5.588490] calling  proc_loadavg_init+0x0/0x21 @ 1
[    5.594101] initcall proc_loadavg_init+0x0/0x21 returned 0 after 5 usecs
[    5.601802] calling  proc_meminfo_init+0x0/0x21 @ 1
[    5.607455] initcall proc_meminfo_init+0x0/0x21 returned 0 after 40 usecs
[    5.615218] calling  proc_stat_init+0x0/0x1e @ 1
[    5.620559] initcall proc_stat_init+0x0/0x1e returned 0 after 6 usecs
[    5.627904] calling  proc_uptime_init+0x0/0x21 @ 1
[    5.633463] initcall proc_uptime_init+0x0/0x21 returned 0 after 5 usecs
[    5.641169] calling  proc_version_init+0x0/0x21 @ 1
[    5.647073] initcall proc_version_init+0x0/0x21 returned 0 after 6 usecs
[    5.654953] calling  proc_softirqs_init+0x0/0x21 @ 1
[    5.660891] initcall proc_softirqs_init+0x0/0x21 returned 0 after 6 usecs
[    5.668949] calling  proc_kcore_init+0x0/0xea @ 1
[    5.674758] initcall proc_kcore_init+0x0/0xea returned 0 after 182 usecs
[    5.682653] calling  vmcore_init+0x0/0x57b @ 1
[    5.687923] initcall vmcore_init+0x0/0x57b returned 0 after 13 usecs
[    5.695777] calling  proc_kmsg_init+0x0/0x21 @ 1
[    5.702350] initcall proc_kmsg_init+0x0/0x21 returned 0 after 9 usecs
[    5.711583] calling  proc_page_init+0x0/0x3b @ 1
[    5.718358] initcall proc_page_init+0x0/0x3b returned 0 after 15 usecs
[    5.727655] calling  init_ramfs_fs+0x0/0xc @ 1
[    5.733034] initcall init_ramfs_fs+0x0/0xc returned 0 after 21 usecs
[    5.740429] calling  init_hugetlbfs_fs+0x0/0xf6 @ 1
[    5.746766] initcall init_hugetlbfs_fs+0x0/0xf6 returned 0 after 732 usecs
[    5.754741] calling  blk_scsi_ioctl_init+0x0/0x2a5 @ 1
[    5.760749] initcall blk_scsi_ioctl_init+0x0/0x2a5 returned 0 after 29 usecs
[    5.769895] calling  acpi_event_init+0x0/0x2c @ 1
[    5.775949] initcall acpi_event_init+0x0/0x2c returned 0 after 80 usecs
[    5.783715] calling  pnp_system_init+0x0/0xc @ 1
[    5.789865] initcall pnp_system_init+0x0/0xc returned 0 after 645 usecs
[    5.797790] calling  pnpacpi_init+0x0/0x69 @ 1
[    5.803200] pnp: PnP ACPI init
[    5.810957] pnp 00:00: Plug and Play ACPI device, IDs PNP0303 (active)
[    5.818889] pnp 00:01: Plug and Play ACPI device, IDs PNP0f13 (active)
[    5.826956] pnp 00:02: Plug and Play ACPI device, IDs PNP0400 (active)
[    5.834867] pnp 00:03: Plug and Play ACPI device, IDs PNP0501 (active)
[    5.842780] pnp 00:04: Plug and Play ACPI device, IDs PNP0b00 (active)
[    5.851249] system 00:05: [mem 0xb0000000-0xbfffffff window] has been reserved
[    5.860199] system 00:05: Plug and Play ACPI device, IDs PNP0c01 (active)
[    5.870736] pnp: PnP ACPI: found 6 devices
[    5.876526] initcall pnpacpi_init+0x0/0x69 returned 0 after 71616 usecs
[    5.886076] calling  chr_dev_init+0x0/0x14d @ 1
[    5.987674] initcall chr_dev_init+0x0/0x14d returned 0 after 92510 usecs
[    5.995531] calling  firmware_class_init+0x0/0x14a @ 1
[    6.008925] initcall firmware_class_init+0x0/0x14a returned 0 after 593 usecs
[    6.019246] calling  init_pcmcia_bus+0x0/0x5b @ 1
[    6.031133] initcall init_pcmcia_bus+0x0/0x5b returned 0 after 5805 usecs
[    6.039918] calling  init_acpi_pm_clocksource+0x0/0xda @ 1
[    6.052155] clocksource: acpi_pm: mask: 0xffffff max_cycles: 0xffffff, max_idle_ns: 2085701024 ns
[    6.062670] initcall init_acpi_pm_clocksource+0x0/0xda returned 0 after 15686 usecs
[    6.071797] calling  sysctl_core_init+0x0/0x26 @ 1
[    6.077880] initcall sysctl_core_init+0x0/0x26 returned 0 after 342 usecs
[    6.086004] calling  eth_offload_init+0x0/0x13 @ 1
[    6.092130] initcall eth_offload_init+0x0/0x13 returned 0 after 164 usecs
[    6.100373] calling  ipv4_offload_init+0x0/0x73 @ 1
[    6.106733] initcall ipv4_offload_init+0x0/0x73 returned 0 after 170 usecs
[    6.116965] calling  inet_init+0x0/0x276 @ 1
[    6.123216] NET: Registered protocol family 2
[    6.130425] IP idents hash table entries: 8192 (order: 4, 65536 bytes, linear)
[    6.144526] tcp_listen_portaddr_hash hash table entries: 256 (order: 2, 20480 bytes, linear)
[    6.155915] TCP established hash table entries: 4096 (order: 3, 32768 bytes, linear)
[    6.165803] TCP bind hash table entries: 4096 (order: 6, 294912 bytes, linear)
[    6.177132] TCP: Hash tables configured (established 4096 bind 4096)
[    6.186069] UDP hash table entries: 256 (order: 3, 40960 bytes, linear)
[    6.194604] UDP-Lite hash table entries: 256 (order: 3, 40960 bytes, linear)
[    6.205043] initcall inet_init+0x0/0x276 returned 0 after 80793 usecs
[    6.213932] calling  af_unix_init+0x0/0x4d @ 1
[    6.220390] NET: Registered protocol family 1
[    6.226232] initcall af_unix_init+0x0/0x4d returned 0 after 5841 usecs
[    6.235402] calling  ipv6_offload_init+0x0/0x7e @ 1
[    6.242232] initcall ipv6_offload_init+0x0/0x7e returned 0 after 94 usecs
[    6.252179] calling  init_sunrpc+0x0/0x65 @ 1
[    6.269639] RPC: Registered named UNIX socket transport module.
[    6.277728] RPC: Registered udp transport module.
[    6.284141] RPC: Registered tcp transport module.
[    6.291403] RPC: Registered tcp NFSv4.1 backchannel transport module.
[    6.300874] initcall init_sunrpc+0x0/0x65 returned 0 after 41625 usecs
[    6.309782] calling  cfg80211_init+0x0/0xc5 @ 1
[    6.320131] initcall cfg80211_init+0x0/0xc5 returned 0 after 4128 usecs
[    6.329095] calling  pcibios_assign_resources+0x0/0xbf @ 1
[    6.336969] pci_bus 0000:00: resource 4 [io  0x0000-0x0cf7 window]
[    6.344964] pci_bus 0000:00: resource 5 [io  0x0d00-0xffff window]
[    6.353772] pci_bus 0000:00: resource 6 [mem 0x000a0000-0x000bffff window]
[    6.363300] pci_bus 0000:00: resource 7 [mem 0x20000000-0xafffffff window]
[    6.372756] pci_bus 0000:00: resource 8 [mem 0xc0000000-0xfebfffff window]
[    6.381216] pci_bus 0000:00: resource 9 [mem 0x100000000-0x8ffffffff window]
[    6.390625] initcall pcibios_assign_resources+0x0/0xbf returned 0 after 52870 usecs
[    6.400308] calling  pci_apply_final_quirks+0x0/0x124 @ 1
[    6.407661] pci 0000:00:01.0: calling  pci_fixup_video+0x0/0xe0 @ 1
[    6.415859] pci 0000:00:01.0: Video device with shadowed ROM at [mem 0x000c0000-0x000dffff]
[    6.426527] pci 0000:00:01.0: pci_fixup_video+0x0/0xe0 took 10766 usecs
[    6.435431] PCI: CLS 0 bytes, default 64
[    6.440440] initcall pci_apply_final_quirks+0x0/0x124 returned 0 after 32643 usecs
[    6.449860] calling  acpi_reserve_resources+0x0/0xea @ 1
[    6.456659] initcall acpi_reserve_resources+0x0/0xea returned 0 after 64 usecs
[    6.465709] calling  populate_rootfs+0x0/0x102 @ 1
[    6.474829] initcall populate_rootfs+0x0/0x102 returned 0 after 2977 usecs
[    6.483475] calling  pci_iommu_init+0x0/0x3e @ 1
[    6.489823] initcall pci_iommu_init+0x0/0x3e returned 0 after 116 usecs
[    6.499855] calling  ia32_binfmt_init+0x0/0x13 @ 1
[    6.505996] initcall ia32_binfmt_init+0x0/0x13 returned 0 after 25 usecs
[    6.514535] calling  rapl_pmu_init+0x0/0x267 @ 1
[    6.520536] initcall rapl_pmu_init+0x0/0x267 returned -19 after 46 usecs
[    6.528853] calling  amd_uncore_init+0x0/0x310 @ 1
[    6.535138] initcall amd_uncore_init+0x0/0x310 returned -19 after 1 usecs
[    6.543563] calling  amd_ibs_init+0x0/0x27b @ 1
[    6.549302] initcall amd_ibs_init+0x0/0x27b returned -19 after 1 usecs
[    6.557617] calling  amd_iommu_pc_init+0x0/0x22c @ 1
[    6.563786] initcall amd_iommu_pc_init+0x0/0x22c returned -19 after 43 usecs
[    6.572578] calling  msr_init+0x0/0x55 @ 1
[    6.577958] initcall msr_init+0x0/0x55 returned 0 after 147 usecs
[    6.585533] calling  intel_uncore_init+0x0/0x36f @ 1
[    6.591854] initcall intel_uncore_init+0x0/0x36f returned -19 after 36 usecs
[    6.600575] calling  cstate_pmu_init+0x0/0x1a1 @ 1
[    6.606693] initcall cstate_pmu_init+0x0/0x1a1 returned -19 after 1 usecs
[    6.615516] calling  register_kernel_offset_dumper+0x0/0x1a @ 1
[    6.623158] initcall register_kernel_offset_dumper+0x0/0x1a returned 0 after 46 usecs
[    6.633178] calling  i8259A_init_ops+0x0/0x20 @ 1
[    6.639152] initcall i8259A_init_ops+0x0/0x20 returned 0 after 3 usecs
[    6.647438] calling  init_tsc_clocksource+0x0/0xa4 @ 1
[    6.654085] clocksource: tsc: mask: 0xffffffffffffffff max_cycles: 0x39a85afc727, max_idle_ns: 881590685098 ns
[    6.666810] initcall init_tsc_clocksource+0x0/0xa4 returned 0 after 12425 usecs
[    6.675992] calling  add_rtc_cmos+0x0/0xb0 @ 1
[    6.681735] initcall add_rtc_cmos+0x0/0xb0 returned 0 after 125 usecs
[    6.689829] calling  i8237A_init_ops+0x0/0x3a @ 1
[    6.695984] initcall i8237A_init_ops+0x0/0x3a returned 0 after 104 usecs
[    6.704530] calling  umwait_init+0x0/0x94 @ 1
[    6.709989] initcall umwait_init+0x0/0x94 returned -19 after 42 usecs
[    6.718149] calling  thermal_throttle_init_device+0x0/0x3d @ 1
[    6.725660] initcall thermal_throttle_init_device+0x0/0x3d returned 0 after 42 usecs
[    6.735214] calling  msr_init+0x0/0xd7 @ 1
[    6.759808] initcall msr_init+0x0/0xd7 returned 0 after 18692 usecs
[    6.767970] calling  cpuid_init+0x0/0xd7 @ 1
[    6.787708] initcall cpuid_init+0x0/0xd7 returned 0 after 14009 usecs
[    6.796040] calling  ioapic_init_ops+0x0/0x13 @ 1
[    6.802167] initcall ioapic_init_ops+0x0/0x13 returned 0 after 23 usecs
[    6.810388] calling  add_pcspkr+0x0/0x6c @ 1
[    6.816246] initcall add_pcspkr+0x0/0x6c returned 0 after 111 usecs
[    6.824615] calling  start_periodic_check_for_corruption+0x0/0x30 @ 1
[    6.832452] check: Scanning for low memory corruption every 60 seconds
[    6.840238] initcall start_periodic_check_for_corruption+0x0/0x30 returned 0 after 7657 usecs
[    6.851109] calling  sysfb_init+0x0/0x9c @ 1
[    6.856529] initcall sysfb_init+0x0/0x9c returned 0 after 163 usecs
[    6.863954] calling  audit_classes_init+0x0/0xae @ 1
[    6.869913] initcall audit_classes_init+0x0/0xae returned 0 after 29 usecs
[    6.878022] calling  iosf_mbi_init+0x0/0x24 @ 1
[    6.884074] initcall iosf_mbi_init+0x0/0x24 returned 0 after 304 usecs
[    6.891858] calling  proc_execdomains_init+0x0/0x21 @ 1
[    6.898236] initcall proc_execdomains_init+0x0/0x21 returned 0 after 56 usecs
[    6.906772] calling  register_warn_debugfs+0x0/0x23 @ 1
[    6.913136] initcall register_warn_debugfs+0x0/0x23 returned 0 after 78 usecs
[    6.921807] calling  cpuhp_sysfs_init+0x0/0x79 @ 1
[    6.931615] initcall cpuhp_sysfs_init+0x0/0x79 returned 0 after 408 usecs
[    6.940590] calling  ioresources_init+0x0/0x49 @ 1
[    6.946421] initcall ioresources_init+0x0/0x49 returned 0 after 11 usecs
[    6.954584] calling  lockdep_proc_init+0x0/0x64 @ 1
[    6.960536] initcall lockdep_proc_init+0x0/0x64 returned 0 after 69 usecs
[    6.969206] calling  snapshot_device_init+0x0/0xc @ 1
[    6.977178] initcall snapshot_device_init+0x0/0xc returned 0 after 1350 usecs
[    6.986172] calling  irq_pm_init_ops+0x0/0x13 @ 1
[    6.992435] initcall irq_pm_init_ops+0x0/0x13 returned 0 after 43 usecs
[    7.000929] calling  rcu_torture_init+0x0/0x9be @ 1
[    7.007560] srcud-torture:--- Start of test: nreaders=7 nfakewriters=4 stat_interval=15 verbose=1 test_no_idle_hz=1 shuffle_interval=3 stutter=5 irqreader=1 fqs_duration=0 fqs_holdoff=0 fqs_stutter=3 test_boost=1/0 test_boost_interval=7 test_boost_duration=4 shutdown_secs=1800 stall_cpu=0 stall_cpu_holdoff=10 stall_cpu_irqsoff=0 stall_cpu_block=0 n_barrier_cbs=4 onoff_interval=1000 onoff_holdoff=30 read_exit_delay=13 read_exit_burst=16
[    7.055508] srcud:  Start-test grace-period state: g0 f0x0
[    7.062647] srcud-torture: Creating rcu_torture_writer task
[    7.071959] srcud-torture: Creating rcu_torture_fakewriter task
[    7.072165] srcud-torture: rcu_torture_writer task started
[    7.082189] srcud-torture: Creating rcu_torture_fakewriter task
[    7.082734] srcud-torture: rcu_torture_fakewriter task started
[    7.086504] srcud-torture: GP expediting controlled from boot/sysfs for srcud.
[    7.086506] rcu_torture_writer: Testing expedited GPs.
[    7.086508] rcu_torture_writer: Testing asynchronous GPs.
[    7.086509] rcu_torture_writer: Testing normal GPs.
[    7.134216] srcud-torture: Creating rcu_torture_fakewriter task
[    7.134882] srcud-torture: rcu_torture_fakewriter task started
[    7.167732] srcud-torture: Creating rcu_torture_fakewriter task
[    7.168038] srcud-torture: rcu_torture_fakewriter task started
[    7.169544] srcud-torture: Creating rcu_torture_reader task
[    7.169712] srcud-torture: rcu_torture_fakewriter task started
[    7.171860] srcud-torture: Creating rcu_torture_reader task
[    7.171954] srcud-torture: rcu_torture_reader task started
[    7.174135] srcud-torture: Creating rcu_torture_reader task
[    7.174192] srcud-torture: rcu_torture_reader task started
[    7.177013] srcud-torture: Creating rcu_torture_reader task
[    7.177241] srcud-torture: rcu_torture_reader task started
[    7.251755] srcud-torture: Creating rcu_torture_reader task
[    7.251813] srcud-torture: rcu_torture_reader task started
[    7.263085] srcud-torture: Creating rcu_torture_reader task
[    7.263134] srcud-torture: rcu_torture_reader task started
[    7.285096] srcud-torture: Creating rcu_torture_reader task
[    7.285127] srcud-torture: rcu_torture_reader task started
[    7.292753] srcud-torture: Creating rcu_torture_stats task
[    7.293387] srcud-torture: rcu_torture_reader task started
[    7.321021] srcud-torture: Creating torture_shuffle task
[    7.321619] srcud-torture: rcu_torture_stats task started
[    7.336615] srcud-torture: Creating torture_stutter task
[    7.336996] srcud-torture: torture_shuffle task started
[    7.347158] srcud-torture: torture_stutter task started
[    7.347556] srcud-torture: Creating torture_shutdown task
[    7.348882] srcud-torture: Creating torture_onoff task
[    7.349109] srcud-torture: torture_shutdown task started
[    7.349113] srcud-torture:torture_shutdown task: 1799998 ms remaining
[    7.360610] srcud-torture: rcu_torture_fwd_prog_init: Disabled, unsupported by RCU flavor under test
[    7.368066] srcud-torture: torture_onoff task started
[    7.368069] srcud-torture: torture_onoff begin holdoff
[    7.425481] srcud-torture: Creating rcu_torture_barrier_cbs task
[    7.437201] srcud-torture: Creating rcu_torture_barrier_cbs task
[    7.437810] srcud-torture: rcu_torture_barrier_cbs task started
[    7.448882] srcud-torture: Creating rcu_torture_barrier_cbs task
[    7.448942] srcud-torture: rcu_torture_barrier_cbs task started
[    7.476109] srcud-torture: Creating rcu_torture_barrier_cbs task
[    7.476761] srcud-torture: rcu_torture_barrier_cbs task started
[    7.487519] srcud-torture: rcu_torture_barrier_cbs task started
[    7.487770] srcud-torture: Creating rcu_torture_barrier task
[    7.491625] srcud-torture: Creating rcu_torture_read_exit task
[    7.491738] srcud-torture: rcu_torture_barrier task starting
[    7.493171] srcud-torture: rcu_torture_read_exit: Start of test
[    7.494202] initcall rcu_torture_init+0x0/0x9be returned 0 after 474580 usecs
[    7.494669] calling  timekeeping_init_ops+0x0/0x13 @ 1
[    7.557598] initcall timekeeping_init_ops+0x0/0x13 returned 0 after 260 usecs
[    7.568755] calling  init_clocksource_sysfs+0x0/0x23 @ 1
[    7.583781] initcall init_clocksource_sysfs+0x0/0x23 returned 0 after 5528 usecs
[    7.596201] calling  init_timer_list_procfs+0x0/0x31 @ 1
[    7.604810] initcall init_timer_list_procfs+0x0/0x31 returned 0 after 375 usecs
[    7.615971] calling  alarmtimer_init+0x0/0xf5 @ 1
[    7.624975] initcall alarmtimer_init+0x0/0xf5 returned 0 after 1266 usecs
[    7.636047] calling  init_posix_timers+0x0/0x29 @ 1
[    7.644648] initcall init_posix_timers+0x0/0x29 returned 0 after 747 usecs
[    7.655981] calling  clockevents_init_sysfs+0x0/0xbf @ 1
[    7.665889] initcall clockevents_init_sysfs+0x0/0xbf returned 0 after 1205 usecs
[    7.680120] calling  proc_dma_init+0x0/0x21 @ 1
[    7.688463] initcall proc_dma_init+0x0/0x21 returned 0 after 211 usecs
[    7.699966] calling  proc_modules_init+0x0/0x1e @ 1
[    7.708520] initcall proc_modules_init+0x0/0x1e returned 0 after 31 usecs
[    7.720579] calling  kallsyms_init+0x0/0x21 @ 1
[    7.728912] initcall kallsyms_init+0x0/0x21 returned 0 after 18 usecs
[    7.740712] calling  pid_namespaces_init+0x0/0x2c @ 1
[    7.750047] initcall pid_namespaces_init+0x0/0x2c returned 0 after 70 usecs
[    7.763057] calling  audit_watch_init+0x0/0x37 @ 1
[    7.770710] initcall audit_watch_init+0x0/0x37 returned 0 after 32 usecs
[    7.781108] calling  audit_fsnotify_init+0x0/0x37 @ 1
[    7.789407] initcall audit_fsnotify_init+0x0/0x37 returned 0 after 5 usecs
[    7.800671] calling  audit_tree_init+0x0/0x6d @ 1
[    7.808395] initcall audit_tree_init+0x0/0x6d returned 0 after 12 usecs
[    7.818825] calling  seccomp_sysctl_init+0x0/0x2b @ 1
[    7.826857] initcall seccomp_sysctl_init+0x0/0x2b returned 0 after 390 usecs
[    7.837727] calling  utsname_sysctl_init+0x0/0x13 @ 1
[    7.846495] initcall utsname_sysctl_init+0x0/0x13 returned 0 after 144 usecs
[    7.857711] calling  init_tracepoints+0x0/0x27 @ 1
[    7.865578] initcall init_tracepoints+0x0/0x27 returned 0 after 216 usecs
[    7.876823] calling  init_blk_tracer+0x0/0x50 @ 1
[    7.888112] initcall init_blk_tracer+0x0/0x50 returned 0 after 3440 usecs
[    7.898642] calling  perf_event_sysfs_init+0x0/0x83 @ 1
[    7.910126] initcall perf_event_sysfs_init+0x0/0x83 returned 0 after 2898 usecs
[    7.920814] calling  system_trusted_keyring_init+0x0/0x60 @ 1
[    7.929589] Initialise system trusted keyrings
[    7.938578] initcall system_trusted_keyring_init+0x0/0x60 returned 0 after 8775 usecs
[    7.950827] calling  kswapd_init+0x0/0x5c @ 1
[    7.959964] initcall kswapd_init+0x0/0x5c returned 0 after 2005 usecs
[    7.969971] calling  extfrag_debug_init+0x0/0x54 @ 1
[    7.977936] initcall extfrag_debug_init+0x0/0x54 returned 0 after 1079 usecs
[    7.988271] calling  mm_compute_batch_init+0x0/0x12 @ 1
[    7.996291] initcall mm_compute_batch_init+0x0/0x12 returned 0 after 138 usecs
[    8.006966] calling  slab_proc_init+0x0/0x21 @ 1
[    8.015434] initcall slab_proc_init+0x0/0x21 returned 0 after 114 usecs
[    8.026257] calling  workingset_init+0x0/0x8c @ 1
[    8.034059] workingset: timestamp_bits=56 max_order=17 bucket_order=0
[    8.044749] initcall workingset_init+0x0/0x8c returned 0 after 10436 usecs
[    8.055077] calling  proc_vmalloc_init+0x0/0x32 @ 1
[    8.062729] initcall proc_vmalloc_init+0x0/0x32 returned 0 after 13 usecs
[    8.073490] calling  procswaps_init+0x0/0x1e @ 1
[    8.080201] initcall procswaps_init+0x0/0x1e returned 0 after 234 usecs
[    8.088712] calling  slab_sysfs_init+0x0/0xec @ 1
[    8.126698] initcall slab_sysfs_init+0x0/0xec returned 0 after 30968 usecs
[    8.137444] calling  fcntl_init+0x0/0x29 @ 1
[    8.143789] initcall fcntl_init+0x0/0x29 returned 0 after 217 usecs
[    8.152556] calling  proc_filesystems_init+0x0/0x21 @ 1
[    8.160181] initcall proc_filesystems_init+0x0/0x21 returned 0 after 13 usecs
[    8.171203] calling  start_dirtytime_writeback+0x0/0x29 @ 1
[    8.179756] initcall start_dirtytime_writeback+0x0/0x29 returned 0 after 19 usecs
[    8.191063] calling  blkdev_init+0x0/0x1b @ 1
[    8.199083] initcall blkdev_init+0x0/0x1b returned 0 after 1261 usecs
[    8.208668] calling  dio_init+0x0/0x2c @ 1
[    8.215475] initcall dio_init+0x0/0x2c returned 0 after 235 usecs
[    8.224711] calling  dnotify_init+0x0/0x78 @ 1
[    8.232089] initcall dnotify_init+0x0/0x78 returned 0 after 295 usecs
[    8.241587] calling  aio_setup+0x0/0x78 @ 1
[    8.249534] initcall aio_setup+0x0/0x78 returned 0 after 1962 usecs
[    8.258601] calling  io_uring_init+0x0/0x2c @ 1
[    8.265159] initcall io_uring_init+0x0/0x2c returned 0 after 16 usecs
[    8.274084] calling  mbcache_init+0x0/0x30 @ 1
[    8.281039] initcall mbcache_init+0x0/0x30 returned 0 after 239 usecs
[    8.290284] calling  init_grace+0x0/0xc @ 1
[    8.297857] initcall init_grace+0x0/0xc returned 0 after 554 usecs
[    8.306861] calling  init_v2_quota_format+0x0/0x21 @ 1
[    8.314996] initcall init_v2_quota_format+0x0/0x21 returned 0 after 286 usecs
[    8.326958] calling  init_devpts_fs+0x0/0x27 @ 1
[    8.333891] initcall init_devpts_fs+0x0/0x27 returned 0 after 283 usecs
[    8.342605] calling  ext4_init_fs+0x0/0x1c2 @ 1
[    8.349759] initcall ext4_init_fs+0x0/0x1c2 returned 0 after 1174 usecs
[    8.358906] calling  journal_init+0x0/0x11c @ 1
[    8.365749] initcall journal_init+0x0/0x11c returned 0 after 295 usecs
[    8.381965] calling  init_fat_fs+0x0/0x49 @ 1
[    8.388436] initcall init_fat_fs+0x0/0x49 returned 0 after 360 usecs
[    8.397575] calling  init_vfat_fs+0x0/0xc @ 1
[    8.403930] initcall init_vfat_fs+0x0/0xc returned 0 after 7 usecs
[    8.412312] calling  init_msdos_fs+0x0/0xc @ 1
[    8.418770] initcall init_msdos_fs+0x0/0xc returned 0 after 7 usecs
[    8.427582] calling  init_iso9660_fs+0x0/0x6c @ 1
[    8.435683] initcall init_iso9660_fs+0x0/0x6c returned 0 after 292 usecs
[    8.445811] calling  init_nfs_fs+0x0/0x13a @ 1
[    8.464873] initcall init_nfs_fs+0x0/0x13a returned 0 after 11502 usecs
[    8.474883] calling  init_nfs_v2+0x0/0x13 @ 1
[    8.481985] initcall init_nfs_v2+0x0/0x13 returned 0 after 215 usecs
[    8.491581] calling  init_nfs_v3+0x0/0x13 @ 1
[    8.497866] initcall init_nfs_v3+0x0/0x13 returned 0 after 2 usecs
[    8.507155] calling  init_nfs_v4+0x0/0x32 @ 1
[    8.513631] NFS: Registering the id_resolver key type
[    8.521811] Key type id_resolver registered
[    8.528202] Key type id_legacy registered
[    8.534667] initcall init_nfs_v4+0x0/0x32 returned 0 after 20615 usecs
[    8.544646] calling  init_nlm+0x0/0x5b @ 1
[    8.550852] initcall init_nlm+0x0/0x5b returned 0 after 197 usecs
[    8.561796] calling  init_nls_cp437+0x0/0xe @ 1
[    8.568842] initcall init_nls_cp437+0x0/0xe returned 0 after 750 usecs
[    8.578347] calling  init_nls_ascii+0x0/0xe @ 1
[    8.584912] initcall init_nls_ascii+0x0/0xe returned 0 after 2 usecs
[    8.595711] calling  init_nls_iso8859_1+0x0/0xe @ 1
[    8.602792] initcall init_nls_iso8859_1+0x0/0xe returned 0 after 2 usecs
[    8.613169] calling  init_nls_utf8+0x0/0x21 @ 1
[    8.619451] initcall init_nls_utf8+0x0/0x21 returned 0 after 2 usecs
[    8.628749] calling  init_autofs_fs+0x0/0x25 @ 1
[    8.643672] initcall init_autofs_fs+0x0/0x25 returned 0 after 7912 usecs
[    8.654086] calling  ipc_init+0x0/0x24 @ 1
[    8.660710] initcall ipc_init+0x0/0x24 returned 0 after 447 usecs
[    8.669951] calling  ipc_sysctl_init+0x0/0x13 @ 1
[    8.677261] initcall ipc_sysctl_init+0x0/0x13 returned 0 after 78 usecs
[    8.686848] calling  init_mqueue_fs+0x0/0xb1 @ 1
[    8.695130] initcall init_mqueue_fs+0x0/0xb1 returned 0 after 1359 usecs
[    8.705708] calling  key_proc_init+0x0/0x63 @ 1
[    8.712962] initcall key_proc_init+0x0/0x63 returned 0 after 11 usecs
[    8.722424] calling  selinux_nf_ip_init+0x0/0x2e @ 1
[    8.730156] initcall selinux_nf_ip_init+0x0/0x2e returned 0 after 86 usecs
[    8.740831] calling  init_sel_fs+0x0/0x116 @ 1
[    8.748184] initcall init_sel_fs+0x0/0x116 returned 0 after 1 usecs
[    8.757818] calling  selnl_init+0x0/0x7c @ 1
[    8.766634] initcall selnl_init+0x0/0x7c returned 0 after 2014 usecs
[    8.776466] calling  sel_netif_init+0x0/0x36 @ 1
[    8.784267] initcall sel_netif_init+0x0/0x36 returned 0 after 1 usecs
[    8.793852] calling  sel_netnode_init+0x0/0x33 @ 1
[    8.801210] initcall sel_netnode_init+0x0/0x33 returned 0 after 1 usecs
[    8.811829] calling  sel_netport_init+0x0/0x33 @ 1
[    8.819821] initcall sel_netport_init+0x0/0x33 returned 0 after 0 usecs
[    8.830811] calling  aurule_init+0x0/0x2a @ 1
[    8.838594] initcall aurule_init+0x0/0x2a returned 0 after 519 usecs
[    8.849097] calling  crypto_algapi_init+0x0/0xc @ 1
[    8.857288] initcall crypto_algapi_init+0x0/0xc returned 0 after 11 usecs
[    8.867204] calling  jent_mod_init+0x0/0x2d @ 1
[    8.899258] initcall jent_mod_init+0x0/0x2d returned 0 after 24097 usecs
[    8.909796] calling  asymmetric_key_init+0x0/0xc @ 1
[    8.917418] Key type asymmetric registered
[    8.923678] initcall asymmetric_key_init+0x0/0xc returned 0 after 6112 usecs
[    8.934563] calling  x509_key_init+0x0/0xc @ 1
[    8.942064] Asymmetric key parser 'x509' registered
[    8.949825] initcall x509_key_init+0x0/0xc returned 0 after 7699 usecs
[    8.959770] calling  proc_genhd_init+0x0/0x41 @ 1
[    8.967119] initcall proc_genhd_init+0x0/0x41 returned 0 after 64 usecs
[    8.977068] calling  bsg_init+0x0/0x113 @ 1
[    8.986722] Block layer SCSI generic (bsg) driver version 0.4 loaded (major 251)
[    8.996989] initcall bsg_init+0x0/0x113 returned 0 after 11978 usecs
[    9.006059] calling  deadline_init+0x0/0xc @ 1
[    9.013215] io scheduler mq-deadline registered
[    9.020289] initcall deadline_init+0x0/0xc returned 0 after 6991 usecs
[    9.030769] calling  kyber_init+0x0/0xc @ 1
[    9.036957] io scheduler kyber registered
[    9.043599] initcall kyber_init+0x0/0xc returned 0 after 6552 usecs
[    9.053169] calling  mod_init+0x0/0x7 @ 1
[    9.059869] initcall mod_init+0x0/0x7 returned 0 after 1 usecs
[    9.068700] calling  percpu_counter_startup+0x0/0x55 @ 1
[    9.098637] initcall percpu_counter_startup+0x0/0x55 returned 0 after 21503 usecs
[    9.111468] calling  sg_pool_init+0x0/0xb4 @ 1
[    9.122824] initcall sg_pool_init+0x0/0xb4 returned 0 after 3521 usecs
[    9.132978] calling  pcie_portdrv_init+0x0/0x39 @ 1
[    9.143013] initcall pcie_portdrv_init+0x0/0x39 returned 0 after 2899 usecs
[    9.152866] calling  pci_proc_init+0x0/0x68 @ 1
[    9.159214] initcall pci_proc_init+0x0/0x68 returned 0 after 170 usecs
[    9.168779] calling  pci_hotplug_init+0x0/0x7 @ 1
[    9.175112] initcall pci_hotplug_init+0x0/0x7 returned 0 after 0 usecs
[    9.184074] calling  efifb_driver_init+0x0/0xe @ 1
[    9.191046] initcall efifb_driver_init+0x0/0xe returned 0 after 141 usecs
[    9.201069] calling  ged_driver_init+0x0/0xe @ 1
[    9.209124] initcall ged_driver_init+0x0/0xe returned 0 after 426 usecs
[    9.218515] calling  acpi_ac_init+0x0/0x92 @ 1
[    9.233597] initcall acpi_ac_init+0x0/0x92 returned 0 after 8430 usecs
[    9.244977] calling  acpi_button_driver_init+0x0/0x52 @ 1
[    9.257081] input: Power Button as /devices/LNXSYSTM:00/LNXPWRBN:00/input/input0
[    9.277927] ACPI: Power Button [PWRF]
[    9.284733] initcall acpi_button_driver_init+0x0/0x52 returned 0 after 28957 usecs
[    9.297293] calling  acpi_fan_driver_init+0x0/0xe @ 1
[    9.305663] initcall acpi_fan_driver_init+0x0/0xe returned 0 after 45 usecs
[    9.318690] calling  acpi_video_init+0x0/0xcb @ 1
[    9.327818] initcall acpi_video_init+0x0/0xcb returned 0 after 250 usecs
[    9.338725] calling  acpi_processor_driver_init+0x0/0xad @ 1
[    9.354563] initcall acpi_processor_driver_init+0x0/0xad returned 0 after 6093 usecs
[    9.367621] calling  acpi_thermal_init+0x0/0x71 @ 1
[    9.380587] initcall acpi_thermal_init+0x0/0x71 returned 0 after 4916 usecs
[    9.393350] calling  acpi_battery_init+0x0/0x32 @ 1
[    9.402226] initcall acpi_battery_init+0x0/0x32 returned 0 after 1010 usecs
[    9.413654] calling  bgrt_init+0x0/0xb6 @ 1
[    9.420048] initcall bgrt_init+0x0/0xb6 returned -19 after 0 usecs
[    9.428775] calling  gpio_clk_driver_init+0x0/0xe @ 1
[    9.436550] initcall gpio_clk_driver_init+0x0/0xe returned 0 after 379 usecs
[    9.448431] calling  plt_clk_driver_init+0x0/0xe @ 1
[    9.456634] initcall plt_clk_driver_init+0x0/0xe returned 0 after 41 usecs
[    9.467896] calling  virtio_pci_driver_init+0x0/0x15 @ 1
[    9.477006] initcall virtio_pci_driver_init+0x0/0x15 returned 0 after 303 usecs
[    9.489439] calling  n_null_init+0x0/0x1e @ 1
[    9.496786] initcall n_null_init+0x0/0x1e returned 0 after 79 usecs
[    9.507172] calling  pty_init+0x0/0x1e8 @ 1
[    9.519110] initcall pty_init+0x0/0x1e8 returned 0 after 4564 usecs
[    9.530063] calling  sysrq_init+0x0/0x62 @ 1
[    9.563451] initcall sysrq_init+0x0/0x62 returned 0 after 12121 usecs
[    9.577586] calling  serial8250_init+0x0/0x17e @ 1
[    9.586838] Serial: 8250/16550 driver, 4 ports, IRQ sharing enabled
[    9.636386] 00:03: ttyS0 at I/O 0x3f8 (irq = 4, base_baud = 115200) is a 16550A
[    9.700321] initcall serial8250_init+0x0/0x17e returned 0 after 111326 usecs
[    9.711107] calling  serial_pci_driver_init+0x0/0x15 @ 1
[    9.724154] initcall serial_pci_driver_init+0x0/0x15 returned 0 after 4150 usecs
[    9.735335] calling  exar_pci_driver_init+0x0/0x15 @ 1
[    9.743594] initcall exar_pci_driver_init+0x0/0x15 returned 0 after 311 usecs
[    9.754844] calling  lpss8250_pci_driver_init+0x0/0x15 @ 1
[    9.764176] initcall lpss8250_pci_driver_init+0x0/0x15 returned 0 after 53 usecs
[    9.774693] calling  mid8250_pci_driver_init+0x0/0x15 @ 1
[    9.782906] initcall mid8250_pci_driver_init+0x0/0x15 returned 0 after 57 usecs
[    9.794340] calling  virtio_console_init+0x0/0xff @ 1
[    9.804665] initcall virtio_console_init+0x0/0xff returned 0 after 1868 usecs
[    9.814184] calling  hpet_init+0x0/0x64 @ 1
[    9.834896] initcall hpet_init+0x0/0x64 returned 0 after 13921 usecs
[    9.844477] calling  nvram_module_init+0x0/0x83 @ 1
[    9.854490] Non-volatile memory driver v1.3
[    9.861470] initcall nvram_module_init+0x0/0x83 returned 0 after 9375 usecs
[    9.872818] calling  hwrng_modinit+0x0/0x8a @ 1
[    9.885882] initcall hwrng_modinit+0x0/0x8a returned 0 after 5183 usecs
[    9.897758] calling  mod_init+0x0/0x48 @ 1
[    9.904597] initcall mod_init+0x0/0x48 returned -19 after 1 usecs
[    9.915202] calling  agp_init+0x0/0x23 @ 1
[    9.921963] Linux agpgart interface v0.103
[    9.929312] initcall agp_init+0x0/0x23 returned 0 after 7205 usecs
[    9.939880] calling  agp_amd64_mod_init+0x0/0x5 @ 1
[    9.949216] initcall agp_amd64_mod_init+0x0/0x5 returned -19 after 848 usecs
[    9.961266] calling  agp_intel_init+0x0/0x28 @ 1
[    9.974173] initcall agp_intel_init+0x0/0x28 returned 0 after 5104 usecs
[    9.986117] calling  drm_kms_helper_init+0x0/0x7 @ 1
[    9.995702] initcall drm_kms_helper_init+0x0/0x7 returned 0 after 450 usecs
[   10.007182] calling  drm_core_init+0x0/0xbd @ 1
[   10.016197] initcall drm_core_init+0x0/0xbd returned 0 after 1294 usecs
[   10.027410] calling  i915_init+0x0/0x6b @ 1
[   10.045177] initcall i915_init+0x0/0x6b returned 0 after 9772 usecs
[   10.056192] calling  cn_proc_init+0x0/0x35 @ 1
[   10.064237] initcall cn_proc_init+0x0/0x35 returned 0 after 155 usecs
[   10.075582] calling  topology_sysfs_init+0x0/0x27 @ 1
[   10.085742] initcall topology_sysfs_init+0x0/0x27 returned 0 after 1157 usecs
[   10.098253] calling  cacheinfo_sysfs_init+0x0/0x27 @ 1
[   10.136530] initcall cacheinfo_sysfs_init+0x0/0x27 returned 0 after 29083 usecs
[   10.147496] calling  loop_init+0x0/0x16a @ 1
[   10.398050] loop: module loaded
[   10.404204] initcall loop_init+0x0/0x16a returned 0 after 243534 usecs
[   10.414777] calling  mac_hid_init+0x0/0x21 @ 1
[   10.422016] initcall mac_hid_init+0x0/0x21 returned 0 after 16 usecs
[   10.432436] calling  spi_transport_init+0x0/0x74 @ 1
[   10.440745] initcall spi_transport_init+0x0/0x74 returned 0 after 615 usecs
[   10.451569] calling  init_sd+0x0/0x18c @ 1
[   10.458555] initcall init_sd+0x0/0x18c returned 0 after 488 usecs
[   10.468377] calling  init_sr+0x0/0x43 @ 1
[   10.475887] initcall init_sr+0x0/0x43 returned 0 after 111 usecs
[   10.485702] calling  init_sg+0x0/0x1c0 @ 1
[   10.494300] initcall init_sg+0x0/0x1c0 returned 0 after 2198 usecs
[   10.502404] calling  ahci_pci_driver_init+0x0/0x15 @ 1
[   10.511845] ahci 0000:00:1f.2: version 3.0
[   10.527419] PCI Interrupt Link [GSIA] enabled at IRQ 16
[   10.554813] ahci 0000:00:1f.2: AHCI 0001.0000 32 slots 6 ports 1.5 Gbps 0x3f impl SATA mode
[   10.567338] ahci 0000:00:1f.2: flags: 64bit ncq only 
[   10.607487] scsi host0: ahci
[   10.631124] scsi host1: ahci
[   10.646080] scsi host2: ahci
[   10.671144] scsi host3: ahci
[   10.683597] scsi host4: ahci
[   10.695830] scsi host5: ahci
[   10.702247] ata1: SATA max UDMA/133 abar m4096@0xfebf1000 port 0xfebf1100 irq 24
[   10.714886] ata2: SATA max UDMA/133 abar m4096@0xfebf1000 port 0xfebf1180 irq 24
[   10.727084] ata3: SATA max UDMA/133 abar m4096@0xfebf1000 port 0xfebf1200 irq 24
[   10.738545] ata4: SATA max UDMA/133 abar m4096@0xfebf1000 port 0xfebf1280 irq 24
[   10.749410] ata5: SATA max UDMA/133 abar m4096@0xfebf1000 port 0xfebf1300 irq 24
[   10.760874] ata6: SATA max UDMA/133 abar m4096@0xfebf1000 port 0xfebf1380 irq 24
[   10.772993] initcall ahci_pci_driver_init+0x0/0x15 returned 0 after 255371 usecs
[   10.784754] calling  piix_init+0x0/0x26 @ 1
[   10.792277] initcall piix_init+0x0/0x26 returned 0 after 146 usecs
[   10.803078] calling  amd_pci_driver_init+0x0/0x15 @ 1
[   10.811591] initcall amd_pci_driver_init+0x0/0x15 returned 0 after 193 usecs
[   10.823533] calling  oldpiix_pci_driver_init+0x0/0x15 @ 1
[   10.832684] initcall oldpiix_pci_driver_init+0x0/0x15 returned 0 after 86 usecs
[   10.845080] calling  sch_pci_driver_init+0x0/0x15 @ 1
[   10.853013] initcall sch_pci_driver_init+0x0/0x15 returned 0 after 62 usecs
[   10.863930] calling  net_olddevs_init+0x0/0x55 @ 1
[   10.871693] initcall net_olddevs_init+0x0/0x55 returned 0 after 168 usecs
[   10.883616] calling  blackhole_netdev_init+0x0/0x78 @ 1
[   10.897653] initcall blackhole_netdev_init+0x0/0x78 returned 0 after 663 usecs
[   10.908782] calling  phy_module_init+0x0/0x13 @ 1
[   10.916684] initcall phy_module_init+0x0/0x13 returned 0 after 567 usecs
[   10.926724] calling  tg3_driver_init+0x0/0x15 @ 1
[   10.933987] initcall tg3_driver_init+0x0/0x15 returned 0 after 139 usecs
[   10.944541] calling  e100_init_module+0x0/0x4c @ 1
[   10.951853] e100: Intel(R) PRO/100 Network Driver
[   10.961122] e100: Copyright(c) 1999-2006 Intel Corporation
[   10.970100] initcall e100_init_module+0x0/0x4c returned 0 after 17850 usecs
[   10.981590] calling  e1000_init_module+0x0/0x72 @ 1
[   10.988007] e1000: Intel(R) PRO/1000 Network Driver
[   10.994532] e1000: Copyright (c) 1999-2006 Intel Corporation.
[   11.003213] initcall e1000_init_module+0x0/0x72 returned 0 after 14844 usecs
[   11.012746] calling  e1000_init_module+0x0/0x2d @ 1
[   11.019578] e1000e: Intel(R) PRO/1000 Network Driver
[   11.027158] e1000e: Copyright(c) 1999 - 2015 Intel Corporation.
[   11.037253] initcall e1000_init_module+0x0/0x2d returned 0 after 17359 usecs
[   11.048607] calling  sky2_init_module+0x0/0x21 @ 1
[   11.056197] sky2: driver version 1.30
[   11.061833] initcall sky2_init_module+0x0/0x21 returned 0 after 5498 usecs
[   11.072494] calling  forcedeth_pci_driver_init+0x0/0x15 @ 1
[   11.081102] initcall forcedeth_pci_driver_init+0x0/0x15 returned 0 after 75 usecs
[   11.091187] ata1: SATA link down (SStatus 0 SControl 300)
[   11.092088] calling  rtl8139_init_module+0x0/0x15 @ 1
[   11.092177] initcall rtl8139_init_module+0x0/0x15 returned 0 after 82 usecs
[   11.104915] ata2: SATA link down (SStatus 0 SControl 300)
[   11.108777] calling  rtl8169_pci_driver_init+0x0/0x15 @ 1
[   11.108894] initcall rtl8169_pci_driver_init+0x0/0x15 returned 0 after 109 usecs
[   11.147596] ata6: SATA link down (SStatus 0 SControl 300)
[   11.164029] calling  cdrom_init+0x0/0xc @ 1
[   11.164098] initcall cdrom_init+0x0/0xc returned 0 after 63 usecs
[   11.164101] calling  nonstatic_sysfs_init+0x0/0xc @ 1
[   11.164128] initcall nonstatic_sysfs_init+0x0/0xc returned 0 after 22 usecs
[   11.164131] calling  yenta_cardbus_driver_init+0x0/0x15 @ 1
[   11.164231] initcall yenta_cardbus_driver_init+0x0/0x15 returned 0 after 95 usecs
[   11.164234] calling  mon_init+0x0/0x144 @ 1
[   11.166021] initcall mon_init+0x0/0x144 returned 0 after 1714 usecs
[   11.179864] ata3: SATA link up 1.5 Gbps (SStatus 113 SControl 300)
[   11.182897] ata4: SATA link down (SStatus 0 SControl 300)
[   11.183356] ata3.00: ATAPI: QEMU DVD-ROM, 2.5+, max UDMA/100
[   11.183361] ata3.00: applying bridge limits
[   11.184909] ata5: SATA link down (SStatus 0 SControl 300)
[   11.186394] ata3.00: configured for UDMA/100
[   11.193305] scsi 2:0:0:0: CD-ROM            QEMU     QEMU DVD-ROM     2.5+ PQ: 0 ANSI: 5
[   11.198957] calling  ehci_hcd_init+0x0/0x56 @ 1
[   11.199051] ehci_hcd: USB 2.0 'Enhanced' Host Controller (EHCI) Driver
[   11.199056] initcall ehci_hcd_init+0x0/0x56 returned 0 after 91 usecs
[   11.199059] calling  ehci_pci_init+0x0/0x64 @ 1
[   11.199061] ehci-pci: EHCI PCI platform driver
[   11.199146] initcall ehci_pci_init+0x0/0x64 returned 0 after 81 usecs
[   11.199149] calling  ohci_hcd_mod_init+0x0/0x4e @ 1
[   11.199152] ohci_hcd: USB 1.1 'Open' Host Controller (OHCI) Driver
[   11.199491] initcall ohci_hcd_mod_init+0x0/0x4e returned 0 after 302 usecs
[   11.404701] calling  ohci_pci_init+0x0/0x64 @ 1
[   11.412986] ohci-pci: OHCI PCI platform driver
[   11.420180] initcall ohci_pci_init+0x0/0x64 returned 0 after 7077 usecs
[   11.432990] calling  uhci_hcd_init+0x0/0xa8 @ 1
[   11.439671] sr 2:0:0:0: [sr0] scsi3-mmc drive: 4x/4x cd/rw xa/form2 tray
[   11.457722] uhci_hcd: USB Universal Host Controller Interface driver
[   11.458079] initcall uhci_hcd_init+0x0/0xa8 returned 0 after 368 usecs
[   11.458083] calling  xhci_hcd_init+0x0/0x1e @ 1
[   11.458218] initcall xhci_hcd_init+0x0/0x1e returned 0 after 127 usecs
[   11.458221] calling  xhci_pci_init+0x0/0x49 @ 1
[   11.458631] initcall xhci_pci_init+0x0/0x49 returned 0 after 395 usecs
[   11.458634] calling  usblp_driver_init+0x0/0x15 @ 1
[   11.458862] usbcore: registered new interface driver usblp
[   11.458935] initcall usblp_driver_init+0x0/0x15 returned 0 after 223 usecs
[   11.458938] calling  usb_storage_driver_init+0x0/0x2a @ 1
[   11.459016] usbcore: registered new interface driver usb-storage
[   11.459020] initcall usb_storage_driver_init+0x0/0x2a returned 0 after 76 usecs
[   11.459023] calling  i8042_init+0x0/0x4c2 @ 1
[   11.459290] i8042: PNP: PS/2 Controller [PNP0303:KBD,PNP0f13:MOU] at 0x60,0x64 irq 1,12
[   11.493826] serio: i8042 KBD port at 0x60,0x64 irq 1
[   11.512751] cdrom: Uniform CD-ROM driver Revision: 3.20
[   11.683143] serio: i8042 AUX port at 0x60,0x64 irq 12
[   11.737328] initcall i8042_init+0x0/0x4c2 returned 0 after 271268 usecs
[   11.744620] sr 2:0:0:0: Attached scsi CD-ROM sr0
[   11.749212] calling  serport_init+0x0/0x2c @ 1
[   11.760980] sr 2:0:0:0: Attached scsi generic sg0 type 5
[   11.761707] initcall serport_init+0x0/0x2c returned 0 after 98 usecs
[   11.777159] calling  input_leds_init+0x0/0xc @ 1
[   11.783074] initcall input_leds_init+0x0/0xc returned 0 after 63 usecs
[   11.792106] calling  evdev_init+0x0/0xc @ 1
[   11.799965] initcall evdev_init+0x0/0xc returned 0 after 2140 usecs
[   11.808714] calling  atkbd_init+0x0/0x21 @ 1
[   11.815438] initcall atkbd_init+0x0/0x21 returned 0 after 905 usecs
[   11.824187] calling  psmouse_init+0x0/0x7f @ 1
[   11.843512] initcall psmouse_init+0x0/0x7f returned 0 after 1362 usecs
[   11.863464] calling  cmos_init+0x0/0x73 @ 1
[   11.870452] input: AT Translated Set 2 keyboard as /devices/platform/i8042/serio0/input/input1
[   11.882630] rtc_cmos 00:04: RTC can wake from S4
[   11.901475] rtc_cmos 00:04: registered as rtc0
[   11.908200] rtc_cmos 00:04: alarms up to one day, y3k, 242 bytes nvram, hpet irqs
[   11.918614] initcall cmos_init+0x0/0x73 returned 0 after 48373 usecs
[   11.928137] calling  smbalert_driver_init+0x0/0xe @ 1
[   11.935203] initcall smbalert_driver_init+0x0/0xe returned 0 after 332 usecs
[   11.944575] calling  i2c_i801_init+0x0/0xc5 @ 1
[   11.977673] i801_smbus 0000:00:1f.3: SMBus using PCI interrupt
[   11.990217] i2c i2c-0: 1/1 memory slots populated (from DMI)
[   11.998790] i2c i2c-0: Memory type 0x07 not supported yet, not instantiating SPD
[   12.011965] initcall i2c_i801_init+0x0/0xc5 returned 0 after 59586 usecs
[   12.021384] calling  ptp_kvm_init+0x0/0xf0 @ 1
[   12.027696] initcall ptp_kvm_init+0x0/0xf0 returned 0 after 980 usecs
[   12.037432] calling  dm_init+0x0/0x3c @ 1
[   12.046808] device-mapper: ioctl: 4.43.0-ioctl (2020-10-01) initialised: dm-devel@redhat.com
[   12.058685] initcall dm_init+0x0/0x3c returned 0 after 15229 usecs
[   12.072029] calling  dm_mirror_init+0x0/0x29 @ 1
[   12.078770] initcall dm_mirror_init+0x0/0x29 returned 0 after 30 usecs
[   12.096246] calling  dm_dirty_log_init+0x0/0x4f @ 1
[   12.103647] initcall dm_dirty_log_init+0x0/0x4f returned 0 after 387 usecs
[   12.113363] calling  dm_zero_init+0x0/0x29 @ 1
[   12.119775] initcall dm_zero_init+0x0/0x29 returned 0 after 3 usecs
[   12.128453] calling  intel_pstate_init+0x0/0x50f @ 1
[   12.135586] intel_pstate: CPU model not supported
[   12.142035] initcall intel_pstate_init+0x0/0x50f returned -19 after 6401 usecs
[   12.152051] calling  haltpoll_init+0x0/0xc0 @ 1
[   12.158638] initcall haltpoll_init+0x0/0xc0 returned -19 after 27 usecs
[   12.167982] calling  efivars_sysfs_init+0x0/0x30 @ 1
[   12.175819] initcall efivars_sysfs_init+0x0/0x30 returned 0 after 85 usecs
[   12.185200] calling  esrt_sysfs_init+0x0/0x2a2 @ 1
[   12.191970] initcall esrt_sysfs_init+0x0/0x2a2 returned -38 after 26 usecs
[   12.201282] calling  hid_init+0x0/0x5c @ 1
[   12.207201] hid: raw HID events driver (C) Jiri Kosina
[   12.231082] initcall hid_init+0x0/0x5c returned 0 after 23549 usecs
[   12.240953] calling  hid_generic_init+0x0/0x15 @ 1
[   12.248106] initcall hid_generic_init+0x0/0x15 returned 0 after 325 usecs
[   12.262267] calling  a4_driver_init+0x0/0x15 @ 1
[   12.269095] initcall a4_driver_init+0x0/0x15 returned 0 after 319 usecs
[   12.279861] calling  apple_driver_init+0x0/0x15 @ 1
[   12.290392] initcall apple_driver_init+0x0/0x15 returned 0 after 439 usecs
[   12.300738] calling  belkin_driver_init+0x0/0x15 @ 1
[   12.309392] initcall belkin_driver_init+0x0/0x15 returned 0 after 742 usecs
[   12.319565] calling  ch_driver_init+0x0/0x15 @ 1
[   12.326574] initcall ch_driver_init+0x0/0x15 returned 0 after 406 usecs
[   12.336068] calling  ch_driver_init+0x0/0x15 @ 1
[   12.343580] initcall ch_driver_init+0x0/0x15 returned 0 after 406 usecs
[   12.352971] calling  cp_driver_init+0x0/0x15 @ 1
[   12.359769] initcall cp_driver_init+0x0/0x15 returned 0 after 271 usecs
[   12.368860] calling  ez_driver_init+0x0/0x15 @ 1
[   12.375381] initcall ez_driver_init+0x0/0x15 returned 0 after 36 usecs
[   12.384726] calling  gyration_driver_init+0x0/0x15 @ 1
[   12.392095] initcall gyration_driver_init+0x0/0x15 returned 0 after 38 usecs
[   12.401666] calling  ite_driver_init+0x0/0x15 @ 1
[   12.408531] initcall ite_driver_init+0x0/0x15 returned 0 after 42 usecs
[   12.418199] calling  ks_driver_init+0x0/0x15 @ 1
[   12.424860] initcall ks_driver_init+0x0/0x15 returned 0 after 122 usecs
[   12.434879] calling  lg_driver_init+0x0/0x15 @ 1
[   12.441119] initcall lg_driver_init+0x0/0x15 returned 0 after 60 usecs
[   12.450847] calling  lg_g15_driver_init+0x0/0x15 @ 1
[   12.469694] initcall lg_g15_driver_init+0x0/0x15 returned 0 after 63 usecs
[   12.479407] calling  ms_driver_init+0x0/0x15 @ 1
[   12.486167] initcall ms_driver_init+0x0/0x15 returned 0 after 47 usecs
[   12.495460] calling  mr_driver_init+0x0/0x15 @ 1
[   12.501965] initcall mr_driver_init+0x0/0x15 returned 0 after 62 usecs
[   12.511947] calling  ntrig_driver_init+0x0/0x15 @ 1
[   12.519487] initcall ntrig_driver_init+0x0/0x15 returned 0 after 216 usecs
[   12.529458] calling  pl_driver_init+0x0/0x15 @ 1
[   12.536695] initcall pl_driver_init+0x0/0x15 returned 0 after 440 usecs
[   12.546510] calling  pl_driver_init+0x0/0x15 @ 1
[   12.553746] initcall pl_driver_init+0x0/0x15 returned 0 after 71 usecs
[   12.554814] srcud-torture: rcu_torture_read_exit: End of episode
[   12.563859] calling  redragon_driver_init+0x0/0x15 @ 1
[   12.582657] initcall redragon_driver_init+0x0/0x15 returned 0 after 422 usecs
[   12.592947] calling  samsung_driver_init+0x0/0x15 @ 1
[   12.600166] initcall samsung_driver_init+0x0/0x15 returned 0 after 309 usecs
[   12.611438] calling  sony_init+0x0/0x38 @ 1
[   12.621243] initcall sony_init+0x0/0x38 returned 0 after 2342 usecs
[   12.629774] calling  sp_driver_init+0x0/0x15 @ 1
[   12.635631] initcall sp_driver_init+0x0/0x15 returned 0 after 267 usecs
[   12.643549] calling  ts_driver_init+0x0/0x15 @ 1
[   12.653077] initcall ts_driver_init+0x0/0x15 returned 0 after 3674 usecs
[   12.663445] calling  hid_init+0x0/0x58 @ 1
[   12.670751] usbcore: registered new interface driver usbhid
[   12.678705] usbhid: USB HID core driver
[   12.684641] initcall hid_init+0x0/0x58 returned 0 after 14835 usecs
[   12.692931] calling  eeepc_laptop_init+0x0/0x57 @ 1
[   12.700836] initcall eeepc_laptop_init+0x0/0x57 returned -19 after 932 usecs
[   12.710553] calling  pmc_atom_init+0x0/0x27a @ 1
[   12.716874] initcall pmc_atom_init+0x0/0x27a returned -19 after 11 usecs
[   12.726036] calling  alsa_hwdep_init+0x0/0x5e @ 1
[   12.732537] initcall alsa_hwdep_init+0x0/0x5e returned 0 after 334 usecs
[   12.741477] calling  alsa_timer_init+0x0/0x1f9 @ 1
[   12.749586] initcall alsa_timer_init+0x0/0x1f9 returned 0 after 1875 usecs
[   12.758508] calling  snd_hrtimer_init+0x0/0x117 @ 1
[   12.765576] initcall snd_hrtimer_init+0x0/0x117 returned 0 after 42 usecs
[   12.774635] calling  alsa_pcm_init+0x0/0x64 @ 1
[   12.781387] initcall alsa_pcm_init+0x0/0x64 returned 0 after 126 usecs
[   12.790742] calling  alsa_seq_init+0x0/0x4a @ 1
[   12.799870] initcall alsa_seq_init+0x0/0x4a returned 0 after 2810 usecs
[   12.808543] calling  alsa_seq_dummy_init+0x0/0x9c @ 1
[   12.815168] initcall alsa_seq_dummy_init+0x0/0x9c returned 0 after 109 usecs
[   12.824460] calling  azx_driver_init+0x0/0x15 @ 1
[   12.830658] initcall azx_driver_init+0x0/0x15 returned 0 after 223 usecs
[   12.849341] calling  sock_diag_init+0x0/0x2a @ 1
[   12.859238] initcall sock_diag_init+0x0/0x2a returned 0 after 2887 usecs
[   12.868221] calling  blackhole_init+0x0/0xc @ 1
[   12.874570] initcall blackhole_init+0x0/0xc returned 0 after 390 usecs
[   12.883412] calling  nfnetlink_init+0x0/0x61 @ 1
[   12.889869] initcall nfnetlink_init+0x0/0x61 returned 0 after 362 usecs
[   12.898486] calling  nfnetlink_log_init+0x0/0x99 @ 1
[   12.911916] initcall nfnetlink_log_init+0x0/0x99 returned 0 after 6704 usecs
[   12.921563] calling  nf_conntrack_standalone_init+0x0/0x87 @ 1
