c[?7l[2J[0mSeaBIOS (version 1.16.0-debian-1.16.0-4)
Booting from ROM...
early console in setup code
c[?7l[2J[    0.000000] Linux version 5.10.156+ (root@joelboxx.c.googlers.com) (gcc (Debian 12.2.0-3) 12.2.0, GNU ld (GNU Binutils for Debian) 2.39) #3 SMP PREEMPT Tue Dec 13 04:23:35 UTC 2022
[    0.000000] Command line: selinux=0 initcall_debug debug console=ttyS0 rcutorture.torture_type=srcud rcupdate.rcu_self_test=1 rcutorture.onoff_interval=1000 rcutorture.onoff_holdoff=30 rcutorture.n_barrier_cbs=4 rcutorture.stat_interval=15 rcutorture.shutdown_secs=1800 rcutorture.test_no_idle_hz=1 rcutorture.verbose=1
[    0.000000] x86/fpu: x87 FPU will use FXSAVE
[    0.000000] BIOS-provided physical RAM map:
[    0.000000] BIOS-e820: [mem 0x0000000000000000-0x000000000009fbff] usable
[    0.000000] BIOS-e820: [mem 0x000000000009fc00-0x000000000009ffff] reserved
[    0.000000] BIOS-e820: [mem 0x00000000000f0000-0x00000000000fffff] reserved
[    0.000000] BIOS-e820: [mem 0x0000000000100000-0x000000001ffdefff] usable
[    0.000000] BIOS-e820: [mem 0x000000001ffdf000-0x000000001fffffff] reserved
[    0.000000] BIOS-e820: [mem 0x00000000b0000000-0x00000000bfffffff] reserved
[    0.000000] BIOS-e820: [mem 0x00000000fed1c000-0x00000000fed1ffff] reserved
[    0.000000] BIOS-e820: [mem 0x00000000feffc000-0x00000000feffffff] reserved
[    0.000000] BIOS-e820: [mem 0x00000000fffc0000-0x00000000ffffffff] reserved
[    0.000000] NX (Execute Disable) protection: active
[    0.000000] SMBIOS 2.8 present.
[    0.000000] DMI: QEMU Standard PC (Q35 + ICH9, 2009), BIOS 1.16.0-debian-1.16.0-4 04/01/2014
[    0.000000] Hypervisor detected: KVM
[    0.000000] kvm-clock: Using msrs 4b564d01 and 4b564d00
[    0.000000] kvm-clock: cpu 0, msr 1a929001, primary cpu clock
[    0.000052] kvm-clock: using sched offset of 2375527492 cycles
[    0.000222] clocksource: kvm-clock: mask: 0xffffffffffffffff max_cycles: 0x1cd42e4dffb, max_idle_ns: 881590591483 ns
[    0.000539] tsc: Detected 1999.999 MHz processor
[    0.006275] e820: update [mem 0x00000000-0x00000fff] usable ==> reserved
[    0.006287] e820: remove [mem 0x000a0000-0x000fffff] usable
[    0.006297] last_pfn = 0x1ffdf max_arch_pfn = 0x400000000
[    0.007087] MTRR default type: write-back
[    0.007135] MTRR fixed ranges enabled:
[    0.007138]   00000-9FFFF write-back
[    0.007141]   A0000-BFFFF uncachable
[    0.007143]   C0000-FFFFF write-protect
[    0.007146] MTRR variable ranges enabled:
[    0.007149]   0 base 00C0000000 mask FFC0000000 uncachable
[    0.007151]   1 disabled
[    0.007153]   2 disabled
[    0.007155]   3 disabled
[    0.007157]   4 disabled
[    0.007159]   5 disabled
[    0.007161]   6 disabled
[    0.007163]   7 disabled
[    0.007454] x86/PAT: Configuration [0-7]: WB  WC  UC- UC  WB  WC  UC- UC  
[    0.019151] found SMP MP-table at [mem 0x000f5ba0-0x000f5baf]
[    0.021576] check: Scanning 1 areas for low memory corruption
[    0.039442] ACPI: Early table checksum verification disabled
[    0.042016] ACPI: RSDP 0x00000000000F59E0 000014 (v00 BOCHS )
[    0.042468] ACPI: RSDT 0x000000001FFE252A 000038 (v01 BOCHS  BXPC     00000001 BXPC 00000001)
[    0.042750] ACPI: FACP 0x000000001FFE22EA 0000F4 (v03 BOCHS  BXPC     00000001 BXPC 00000001)
[    0.042891] ACPI: DSDT 0x000000001FFE0040 0022AA (v01 BOCHS  BXPC     00000001 BXPC 00000001)
[    0.042903] ACPI: FACS 0x000000001FFE0000 000040
[    0.042914] ACPI: APIC 0x000000001FFE23DE 0000B0 (v01 BOCHS  BXPC     00000001 BXPC 00000001)
[    0.042967] ACPI: HPET 0x000000001FFE248E 000038 (v01 BOCHS  BXPC     00000001 BXPC 00000001)
[    0.042980] ACPI: MCFG 0x000000001FFE24C6 00003C (v01 BOCHS  BXPC     00000001 BXPC 00000001)
[    0.042991] ACPI: WAET 0x000000001FFE2502 000028 (v01 BOCHS  BXPC     00000001 BXPC 00000001)
[    0.043001] ACPI: Reserving FACP table memory at [mem 0x1ffe22ea-0x1ffe23dd]
[    0.043006] ACPI: Reserving DSDT table memory at [mem 0x1ffe0040-0x1ffe22e9]
[    0.043010] ACPI: Reserving FACS table memory at [mem 0x1ffe0000-0x1ffe003f]
[    0.043013] ACPI: Reserving APIC table memory at [mem 0x1ffe23de-0x1ffe248d]
[    0.043054] ACPI: Reserving HPET table memory at [mem 0x1ffe248e-0x1ffe24c5]
[    0.043058] ACPI: Reserving MCFG table memory at [mem 0x1ffe24c6-0x1ffe2501]
[    0.043062] ACPI: Reserving WAET table memory at [mem 0x1ffe2502-0x1ffe2529]
[    0.044461] ACPI: Local APIC address 0xfee00000
[    0.049701] No NUMA configuration found
[    0.049709] Faking a node at [mem 0x0000000000000000-0x000000001ffdefff]
[    0.049853] NODE_DATA(0) allocated [mem 0x1ffdb000-0x1ffdefff]
[    0.051413] Zone ranges:
[    0.051629]   DMA      [mem 0x0000000000001000-0x0000000000ffffff]
[    0.051664]   DMA32    [mem 0x0000000001000000-0x000000001ffdefff]
[    0.051668]   Normal   empty
[    0.051672] Movable zone start for each node
[    0.051674] Early memory node ranges
[    0.051677]   node   0: [mem 0x0000000000001000-0x000000000009efff]
[    0.051731]   node   0: [mem 0x0000000000100000-0x000000001ffdefff]
[    0.051788] Initmem setup node 0 [mem 0x0000000000001000-0x000000001ffdefff]
[    0.051791] On node 0 totalpages: 130941
[    0.051928]   DMA zone: 64 pages used for memmap
[    0.051930]   DMA zone: 21 pages reserved
[    0.051933]   DMA zone: 3998 pages, LIFO batch:0
[    0.051936]   DMA32 zone: 1984 pages used for memmap
[    0.051938]   DMA32 zone: 126943 pages, LIFO batch:31
[    0.055064] On node 0, zone DMA: 1 pages in unavailable ranges
[    0.057741] On node 0, zone DMA: 97 pages in unavailable ranges
[    0.196958] On node 0, zone DMA32: 33 pages in unavailable ranges
[    0.201135] ACPI: PM-Timer IO Port: 0x608
[    0.201152] ACPI: Local APIC address 0xfee00000
[    0.201443] ACPI: LAPIC_NMI (acpi_id[0xff] dfl dfl lint[0x1])
[    0.202938] IOAPIC[0]: apic_id 0, version 17, address 0xfec00000, GSI 0-23
[    0.203125] ACPI: INT_SRC_OVR (bus 0 bus_irq 0 global_irq 2 dfl dfl)
[    0.203255] ACPI: INT_SRC_OVR (bus 0 bus_irq 5 global_irq 5 high level)
[    0.203259] ACPI: INT_SRC_OVR (bus 0 bus_irq 9 global_irq 9 high level)
[    0.203364] ACPI: INT_SRC_OVR (bus 0 bus_irq 10 global_irq 10 high level)
[    0.203423] ACPI: INT_SRC_OVR (bus 0 bus_irq 11 global_irq 11 high level)
[    0.203430] ACPI: IRQ0 used by override.
[    0.203434] ACPI: IRQ5 used by override.
[    0.203438] ACPI: IRQ9 used by override.
[    0.203441] ACPI: IRQ10 used by override.
[    0.203445] ACPI: IRQ11 used by override.
[    0.203593] Using ACPI (MADT) for SMP configuration information
[    0.203602] ACPI: HPET id: 0x8086a201 base: 0xfed00000
[    0.204121] smpboot: Allowing 8 CPUs, 0 hotplug CPUs
[    0.206600] PM: hibernation: Registered nosave memory: [mem 0x00000000-0x00000fff]
[    0.206606] PM: hibernation: Registered nosave memory: [mem 0x0009f000-0x0009ffff]
[    0.206610] PM: hibernation: Registered nosave memory: [mem 0x000a0000-0x000effff]
[    0.206614] PM: hibernation: Registered nosave memory: [mem 0x000f0000-0x000fffff]
[    0.206650] [mem 0x20000000-0xafffffff] available for PCI devices
[    0.206752] Booting paravirtualized kernel on KVM
[    0.207491] clocksource: refined-jiffies: mask: 0xffffffff max_cycles: 0xffffffff, max_idle_ns: 1910969940391419 ns
[    0.253173] setup_percpu: NR_CPUS:8 nr_cpumask_bits:8 nr_cpu_ids:8 nr_node_ids:1
[    0.292524] percpu: Embedded 58 pages/cpu s198480 r8192 d30896 u262144
[    0.292599] pcpu-alloc: s198480 r8192 d30896 u262144 alloc=1*2097152
[    0.292652] pcpu-alloc: [0] 0 1 2 3 4 5 6 7 
[    0.293211] kvm-guest: stealtime: cpu 0, msr 1f41bb40
[    0.295153] Built 1 zonelists, mobility grouping on.  Total pages: 128872
[    0.295157] Policy zone: DMA32
[    0.295301] Kernel command line: selinux=0 initcall_debug debug console=ttyS0 rcutorture.torture_type=srcud rcupdate.rcu_self_test=1 rcutorture.onoff_interval=1000 rcutorture.onoff_holdoff=30 rcutorture.n_barrier_cbs=4 rcutorture.stat_interval=15 rcutorture.shutdown_secs=1800 rcutorture.test_no_idle_hz=1 rcutorture.verbose=1
[    0.310320] Dentry cache hash table entries: 65536 (order: 7, 524288 bytes, linear)
[    0.313986] Inode-cache hash table entries: 32768 (order: 6, 262144 bytes, linear)
[    0.314927] mem auto-init: stack:all(zero), heap alloc:off, heap free:off
[    0.323177] Memory: 465384K/523764K available (16398K kernel code, 2809K rwdata, 4832K rodata, 1520K init, 13268K bss, 58120K reserved, 0K cma-reserved)
[    0.324978] SLUB: HWalign=64, Order=0-3, MinObjects=0, CPUs=8, Nodes=1
[    0.325859] Kernel/User page tables isolation: enabled
[    0.338786] Running RCU self tests
[    0.341101] rcu: RCU calculated value of scheduler-enlistment delay is 100 jiffies.
[    0.342461] rcu: Preemptible hierarchical RCU implementation.
[    0.342465] rcu: 	CONFIG_RCU_FANOUT set to non-default value of 2.
[    0.342468] rcu: 	RCU lockdep checking is enabled.
[    0.342470] rcu: 	Build-time adjustment of leaf fanout to 2.
[    0.342473] rcu: 	Boot-time adjustment of first FQS scan delay to 3 jiffies.
[    0.342475] rcu: 	Boot-time adjustment of subsequent FQS scan delay to 3 jiffies.
[    0.342478] 	Trampoline variant of Tasks RCU enabled.
[    0.342481] 	Rude variant of Tasks RCU enabled.
[    0.342483] 	Tracing variant of Tasks RCU enabled.
[    0.360080] NR_IRQS: 4352, nr_irqs: 488, preallocated irqs: 16
[    0.364476] calling  con_init+0x0/0x24f @ 0
[    0.558307] Console: colour VGA+ 80x25
[    0.558459] initcall con_init+0x0/0x24f returned 0 after 0 usecs
[    0.558464] calling  hvc_console_init+0x0/0x13 @ 0
[    0.558560] initcall hvc_console_init+0x0/0x13 returned 0 after 0 usecs
[    0.558564] calling  univ8250_console_init+0x0/0x26 @ 0
[    1.512577] printk: console [ttyS0] enabled
[    1.517809] initcall univ8250_console_init+0x0/0x26 returned 0 after 0 usecs
[    1.527712] Lock dependency validator: Copyright (c) 2006 Red Hat, Inc., Ingo Molnar
[    1.536115] ... MAX_LOCKDEP_SUBCLASSES:  8
[    1.540596] ... MAX_LOCK_DEPTH:          48
[    1.545211] ... MAX_LOCKDEP_KEYS:        8192
[    1.549929] ... CLASSHASH_SIZE:          4096
[    1.554672] ... MAX_LOCKDEP_ENTRIES:     32768
[    1.559521] ... MAX_LOCKDEP_CHAINS:      65536
[    1.564359] ... CHAINHASH_SIZE:          32768
[    1.569242]  memory used by lock dependency info: 6365 kB
[    1.575174]  memory used for stack traces: 4224 kB
[    1.580453]  per task-struct memory footprint: 1920 bytes
[    1.589426] ACPI: Core revision 20200925
[    1.596438] clocksource: hpet: mask: 0xffffffff max_cycles: 0xffffffff, max_idle_ns: 19112604467 ns
[    1.609930] APIC: Switch to symmetric I/O mode setup
[    1.636153] ..TIMER: vector=0x30 apic1=0 pin1=2 apic2=-1 pin2=-1
[    1.644230] clocksource: tsc-early: mask: 0xffffffffffffffff max_cycles: 0x39a85afc727, max_idle_ns: 881590685098 ns
[    1.656954] Calibrating delay loop (skipped) preset value.. 3999.99 BogoMIPS (lpj=1999999)
[    1.658672] pid_max: default: 32768 minimum: 301
[    1.660834] LSM: Security Framework initializing
[    1.661896] Mount-cache hash table entries: 1024 (order: 1, 8192 bytes, linear)
[    1.662654] Mountpoint-cache hash table entries: 1024 (order: 1, 8192 bytes, linear)
[    1.674462] Last level iTLB entries: 4KB 0, 2MB 0, 4MB 0
[    1.674647] Last level dTLB entries: 4KB 0, 2MB 0, 4MB 0, 1GB 0
[    1.675739] Spectre V1 : Mitigation: usercopy/swapgs barriers and __user pointer sanitization
[    1.676650] Spectre V2 : Mitigation: Retpolines
[    1.678645] Spectre V2 : Spectre v2 / SpectreRSB mitigation: Filling RSB on context switch
[    1.679646] Spectre V2 : Spectre v2 / SpectreRSB : Filling RSB on VMEXIT
[    1.680646] Speculative Store Bypass: Vulnerable
[    1.682680] MDS: Vulnerable: Clear CPU buffers attempted, no microcode
[    1.683646] MMIO Stale Data: Unknown: No mitigations
[    1.745773] Freeing SMP alternatives memory: 40K
[    1.851640] smpboot: CPU0: Intel Common KVM processor (family: 0xf, model: 0x6, stepping: 0x1)
[    1.854407] calling  init_hw_perf_events+0x0/0x6ce @ 1
[    1.854649] Performance Events: unsupported Netburst CPU model 6 no PMU driver, software events only.
[    1.856670] RCU test callback executed 1
[    1.857661] initcall init_hw_perf_events+0x0/0x6ce returned 0 after 2929 usecs
[    1.858666] calling  init_real_mode+0x0/0x1e9 @ 1
[    1.860047] initcall init_real_mode+0x0/0x1e9 returned 0 after 0 usecs
[    1.860655] calling  trace_init_perf_perm_irq_work_exit+0x0/0x12 @ 1
[    1.861703] initcall trace_init_perf_perm_irq_work_exit+0x0/0x12 returned 0 after 0 usecs
[    1.862671] calling  validate_x2apic+0x0/0x4a @ 1
[    1.864650] initcall validate_x2apic+0x0/0x4a returned 0 after 976 usecs
[    1.865650] calling  register_nmi_cpu_backtrace_handler+0x0/0x15 @ 1
[    1.866674] initcall register_nmi_cpu_backtrace_handler+0x0/0x15 returned 0 after 0 usecs
[    1.868651] calling  kvm_setup_vsyscall_timeinfo+0x0/0xce @ 1
[    1.869651] initcall kvm_setup_vsyscall_timeinfo+0x0/0xce returned 0 after 0 usecs
[    1.870652] calling  spawn_ksoftirqd+0x0/0x38 @ 1
[    1.872812] initcall spawn_ksoftirqd+0x0/0x38 returned 0 after 976 usecs
[    1.873657] calling  migration_init+0x0/0x31 @ 1
[    1.874687] initcall migration_init+0x0/0x31 returned 0 after 0 usecs
[    1.875658] calling  srcu_bootup_announce+0x0/0x2f @ 1
[    1.876665] rcu: Hierarchical SRCU implementation.
[    1.877657] initcall srcu_bootup_announce+0x0/0x2f returned 0 after 976 usecs
[    1.878658] calling  rcu_spawn_gp_kthread+0x0/0x1b0 @ 1
[    1.879905] initcall rcu_spawn_gp_kthread+0x0/0x1b0 returned 0 after 0 usecs
[    1.880656] calling  check_cpu_stall_init+0x0/0x1a @ 1
[    1.881653] initcall check_cpu_stall_init+0x0/0x1a returned 0 after 0 usecs
[    1.882650] calling  rcu_sysrq_init+0x0/0x21 @ 1
[    1.883726] initcall rcu_sysrq_init+0x0/0x21 returned 0 after 0 usecs
[    1.884723] calling  trace_init_flags_sys_enter+0x0/0xe @ 1
[    1.885694] RCU test callback executed 2
[    1.886651] initcall trace_init_flags_sys_enter+0x0/0xe returned 0 after 0 usecs
[    1.887653] calling  trace_init_flags_sys_exit+0x0/0xe @ 1
[    1.888650] initcall trace_init_flags_sys_exit+0x0/0xe returned 0 after 0 usecs
[    1.889666] calling  cpu_stop_init+0x0/0x8d @ 1
[    1.891859] initcall cpu_stop_init+0x0/0x8d returned 0 after 976 usecs
[    1.892651] calling  init_kprobes+0x0/0x16e @ 1
[    1.895226] initcall init_kprobes+0x0/0x16e returned 0 after 976 usecs
[    1.895651] calling  init_events+0x0/0x3d @ 1
[    1.897344] initcall init_events+0x0/0x3d returned 0 after 0 usecs
[    1.897649] calling  init_trace_printk+0x0/0xc @ 1
[    1.898651] initcall init_trace_printk+0x0/0xc returned 0 after 0 usecs
[    1.899649] calling  event_trace_enable_again+0x0/0x23 @ 1
[    1.900650] initcall event_trace_enable_again+0x0/0x23 returned 0 after 0 usecs
[    1.901650] calling  static_call_init+0x0/0x79 @ 1
[    1.902668] initcall static_call_init+0x0/0x79 returned 0 after 0 usecs
[    1.903662] calling  jump_label_init_module+0x0/0xc @ 1
[    1.904659] initcall jump_label_init_module+0x0/0xc returned 0 after 0 usecs
[    1.905651] calling  init_zero_pfn+0x0/0x37 @ 1
[    1.906650] initcall init_zero_pfn+0x0/0x37 returned 0 after 0 usecs
[    1.907652] calling  initialize_ptr_random+0x0/0x54 @ 1
[    1.908779] initcall initialize_ptr_random+0x0/0x54 returned 0 after 0 usecs
[    1.910663] calling  efi_memreserve_root_init+0x0/0x25 @ 1
[    1.911699] initcall efi_memreserve_root_init+0x0/0x25 returned 0 after 0 usecs
[    1.912650] calling  efi_earlycon_remap_fb+0x0/0x51 @ 1
[    1.913651] initcall efi_earlycon_remap_fb+0x0/0x51 returned 0 after 0 usecs
[    1.915149] smp: Bringing up secondary CPUs ...
[    1.917367] x86: Booting SMP configuration:
[    1.917664] .... node  #0, CPUs:      #1
[    1.289761] kvm-clock: cpu 1, msr 1a929041, secondary cpu clock
[    1.943642] kvm-guest: stealtime: cpu 1, msr 1f45bb40
[    1.960306]  #2
[    1.289761] kvm-clock: cpu 2, msr 1a929081, secondary cpu clock
[    1.983945] kvm-guest: stealtime: cpu 2, msr 1f49bb40
[    1.999131]  #3
[    1.289761] kvm-clock: cpu 3, msr 1a9290c1, secondary cpu clock
[    2.021856] kvm-guest: stealtime: cpu 3, msr 1f4dbb40
[    2.037243]  #4
[    1.289761] kvm-clock: cpu 4, msr 1a929101, secondary cpu clock
[    2.058890] kvm-guest: stealtime: cpu 4, msr 1f51bb40
[    2.075135]  #5
[    1.289761] kvm-clock: cpu 5, msr 1a929141, secondary cpu clock
[    2.096856] kvm-guest: stealtime: cpu 5, msr 1f55bb40
[    2.111654]  #6
[    1.289761] kvm-clock: cpu 6, msr 1a929181, secondary cpu clock
[    2.133874] kvm-guest: stealtime: cpu 6, msr 1f59bb40
[    2.150103]  #7
[    1.289761] kvm-clock: cpu 7, msr 1a9291c1, secondary cpu clock
[    2.173843] kvm-guest: stealtime: cpu 7, msr 1f5dbb40
[    2.188346] smp: Brought up 1 node, 8 CPUs
[    2.188687] smpboot: Max logical packages: 1
[    2.189653] smpboot: Total of 8 processors activated (31999.98 BogoMIPS)
[    2.205854] devtmpfs: initialized
[    2.209083] calling  ipc_ns_init+0x0/0x3d @ 1
[    2.209719] initcall ipc_ns_init+0x0/0x3d returned 0 after 0 usecs
[    2.210652] calling  init_mmap_min_addr+0x0/0x21 @ 1
[    2.211652] initcall init_mmap_min_addr+0x0/0x21 returned 0 after 0 usecs
[    2.212651] calling  pci_realloc_setup_params+0x0/0x3f @ 1
[    2.213652] initcall pci_realloc_setup_params+0x0/0x3f returned 0 after 0 usecs
[    2.214652] calling  net_ns_init+0x0/0x140 @ 1
[    2.217882] initcall net_ns_init+0x0/0x140 returned 0 after 1953 usecs
[    2.218670] calling  e820__register_nvs_regions+0x0/0x37 @ 1
[    2.219653] initcall e820__register_nvs_regions+0x0/0x37 returned 0 after 0 usecs
[    2.220655] calling  cpufreq_register_tsc_scaling+0x0/0x2e @ 1
[    2.221652] initcall cpufreq_register_tsc_scaling+0x0/0x2e returned 0 after 0 usecs
[    2.222651] calling  reboot_init+0x0/0x3c @ 1
[    2.223705] initcall reboot_init+0x0/0x3c returned 0 after 0 usecs
[    2.224651] calling  init_lapic_sysfs+0x0/0x20 @ 1
[    2.225662] initcall init_lapic_sysfs+0x0/0x20 returned 0 after 0 usecs
[    2.226655] calling  alloc_frozen_cpus+0x0/0x7 @ 1
[    2.227651] initcall alloc_frozen_cpus+0x0/0x7 returned 0 after 0 usecs
[    2.228650] calling  cpu_hotplug_pm_sync_init+0x0/0x13 @ 1
[    2.230684] initcall cpu_hotplug_pm_sync_init+0x0/0x13 returned 0 after 0 usecs
[    2.231652] calling  wq_sysfs_init+0x0/0x2a @ 1
[    2.232772] initcall wq_sysfs_init+0x0/0x2a returned 0 after 0 usecs
[    2.233651] calling  ksysfs_init+0x0/0x92 @ 1
[    2.234688] initcall ksysfs_init+0x0/0x92 returned 0 after 0 usecs
[    2.235649] calling  schedutil_gov_init+0x0/0xc @ 1
[    2.236815] initcall schedutil_gov_init+0x0/0xc returned 0 after 0 usecs
[    2.237649] calling  pm_init+0x0/0x76 @ 1
[    2.238771] initcall pm_init+0x0/0x76 returned 0 after 0 usecs
[    2.239650] calling  pm_disk_init+0x0/0x13 @ 1
[    2.240694] initcall pm_disk_init+0x0/0x13 returned 0 after 0 usecs
[    2.241650] calling  swsusp_header_init+0x0/0x2b @ 1
[    2.242654] initcall swsusp_header_init+0x0/0x2b returned 0 after 0 usecs
[    2.243650] calling  rcu_set_runtime_mode+0x0/0x2a @ 1
[    2.248795] initcall rcu_set_runtime_mode+0x0/0x2a returned 0 after 3906 usecs
[    2.249651] calling  init_jiffies_clocksource+0x0/0x13 @ 1
[    2.250650] clocksource: jiffies: mask: 0xffffffff max_cycles: 0xffffffff, max_idle_ns: 1911260446275000 ns
[    2.251730] initcall init_jiffies_clocksource+0x0/0x13 returned 0 after 976 usecs
[    2.252651] calling  futex_init+0x0/0x118 @ 1
[    2.253655] futex hash table entries: 2048 (order: 6, 262144 bytes, linear)
[    2.255874] initcall futex_init+0x0/0x118 returned 0 after 1953 usecs
[    2.256651] calling  cgroup_wq_init+0x0/0x28 @ 1
[    2.257687] initcall cgroup_wq_init+0x0/0x28 returned 0 after 0 usecs
[    2.258649] calling  cgroup1_wq_init+0x0/0x28 @ 1
[    2.259667] initcall cgroup1_wq_init+0x0/0x28 returned 0 after 0 usecs
[    2.260649] calling  init_kprobe_trace_early+0x0/0x2a @ 1
[    2.261900] initcall init_kprobe_trace_early+0x0/0x2a returned 0 after 0 usecs
[    2.262650] calling  fsnotify_init+0x0/0x56 @ 1
[    2.263674] initcall fsnotify_init+0x0/0x56 returned 0 after 0 usecs
[    2.264650] calling  filelock_init+0x0/0xb3 @ 1
[    2.265794] initcall filelock_init+0x0/0xb3 returned 0 after 0 usecs
[    2.266809] calling  init_misc_binfmt+0x0/0x2c @ 1
[    2.267683] initcall init_misc_binfmt+0x0/0x2c returned 0 after 0 usecs
[    2.268649] calling  init_script_binfmt+0x0/0x15 @ 1
[    2.269651] initcall init_script_binfmt+0x0/0x15 returned 0 after 0 usecs
[    2.270654] calling  init_elf_binfmt+0x0/0x15 @ 1
[    2.271654] initcall init_elf_binfmt+0x0/0x15 returned 0 after 0 usecs
[    2.272659] calling  init_compat_elf_binfmt+0x0/0x15 @ 1
[    2.273654] initcall init_compat_elf_binfmt+0x0/0x15 returned 0 after 0 usecs
[    2.274651] calling  debugfs_init+0x0/0x5c @ 1
[    2.275680] initcall debugfs_init+0x0/0x5c returned 0 after 0 usecs
[    2.276650] calling  tracefs_init+0x0/0x3a @ 1
[    2.277660] initcall tracefs_init+0x0/0x3a returned 0 after 0 usecs
[    2.278656] calling  prandom_init_early+0x0/0x15d @ 1
[    2.279663] initcall prandom_init_early+0x0/0x15d returned 0 after 0 usecs
[    2.280706] calling  virtio_init+0x0/0x20 @ 1
[    2.281755] initcall virtio_init+0x0/0x20 returned 0 after 0 usecs
[    2.282656] calling  iommu_init+0x0/0x2a @ 1
[    2.283685] initcall iommu_init+0x0/0x2a returned 0 after 0 usecs
[    2.284653] calling  component_debug_init+0x0/0x1c @ 1
[    2.286791] initcall component_debug_init+0x0/0x1c returned 0 after 976 usecs
[    2.287652] calling  early_resume_init+0x0/0xb9 @ 1
[    2.289647] PM: RTC time: 04:45:31, date: 2022-12-13
[    2.290744] initcall early_resume_init+0x0/0xb9 returned 0 after 1953 usecs
[    2.291651] calling  cpufreq_core_init+0x0/0x62 @ 1
[    2.292664] initcall cpufreq_core_init+0x0/0x62 returned 0 after 0 usecs
[    2.293650] calling  cpufreq_gov_performance_init+0x0/0xc @ 1
[    2.294670] initcall cpufreq_gov_performance_init+0x0/0xc returned 0 after 0 usecs
[    2.295650] calling  cpufreq_gov_userspace_init+0x0/0xc @ 1
[    2.296652] initcall cpufreq_gov_userspace_init+0x0/0xc returned 0 after 0 usecs
[    2.297651] calling  CPU_FREQ_GOV_ONDEMAND_init+0x0/0xc @ 1
[    2.298653] initcall CPU_FREQ_GOV_ONDEMAND_init+0x0/0xc returned 0 after 0 usecs
[    2.299651] calling  cpuidle_init+0x0/0x1f @ 1
[    2.300691] initcall cpuidle_init+0x0/0x1f returned 0 after 0 usecs
[    2.301655] calling  capsule_reboot_register+0x0/0xc @ 1
[    2.302717] initcall capsule_reboot_register+0x0/0xc returned 0 after 0 usecs
[    2.303655] calling  sock_init+0x0/0x93 @ 1
[    2.306206] initcall sock_init+0x0/0x93 returned 0 after 976 usecs
[    2.306652] calling  net_inuse_init+0x0/0x23 @ 1
[    2.307704] initcall net_inuse_init+0x0/0x23 returned 0 after 0 usecs
[    2.308650] calling  net_defaults_init+0x0/0x23 @ 1
[    2.309654] initcall net_defaults_init+0x0/0x23 returned 0 after 0 usecs
[    2.310651] calling  init_default_flow_dissectors+0x0/0x4f @ 1
[    2.311670] initcall init_default_flow_dissectors+0x0/0x4f returned 0 after 0 usecs
[    2.312652] calling  netpoll_init+0x0/0x44 @ 1
[    2.313652] initcall netpoll_init+0x0/0x44 returned 0 after 0 usecs
[    2.314655] calling  netlink_proto_init+0x0/0x154 @ 1
[    2.317176] NET: Registered protocol family 16
[    2.317937] initcall netlink_proto_init+0x0/0x154 returned 0 after 1953 usecs
[    2.318667] calling  genl_init+0x0/0x35 @ 1
[    2.319755] initcall genl_init+0x0/0x35 returned 0 after 0 usecs
[    2.320679] calling  bsp_pm_check_init+0x0/0x13 @ 1
[    2.321653] initcall bsp_pm_check_init+0x0/0x13 returned 0 after 0 usecs
[    2.322668] calling  irq_sysfs_init+0x0/0xb9 @ 1
[    2.324877] initcall irq_sysfs_init+0x0/0xb9 returned 0 after 976 usecs
[    2.326650] calling  audit_init+0x0/0x127 @ 1
[    2.327655] audit: initializing netlink subsys (disabled)
[    2.329887] audit: type=2000 audit(1670906730.121:1): state=initialized audit_enabled=0 res=1
[    2.330674] initcall audit_init+0x0/0x127 returned 0 after 2929 usecs
[    2.332655] calling  release_early_probes+0x0/0x32 @ 1
[    2.333652] initcall release_early_probes+0x0/0x32 returned 0 after 0 usecs
[    2.334651] calling  bdi_class_init+0x0/0x48 @ 1
[    2.335731] initcall bdi_class_init+0x0/0x48 returned 0 after 0 usecs
[    2.336649] calling  mm_sysfs_init+0x0/0x28 @ 1
[    2.337659] initcall mm_sysfs_init+0x0/0x28 returned 0 after 0 usecs
[    2.338651] calling  init_per_zone_wmark_min+0x0/0x6d @ 1
[    2.339699] initcall init_per_zone_wmark_min+0x0/0x6d returned 0 after 0 usecs
[    2.340651] calling  mpi_init+0x0/0x3e @ 1
[    2.341703] initcall mpi_init+0x0/0x3e returned 0 after 0 usecs
[    2.343650] calling  kobject_uevent_init+0x0/0xc @ 1
[    2.344682] initcall kobject_uevent_init+0x0/0xc returned 0 after 0 usecs
[    2.345651] calling  pcibus_class_init+0x0/0x13 @ 1
[    2.346718] initcall pcibus_class_init+0x0/0x13 returned 0 after 0 usecs
[    2.347666] calling  pci_driver_init+0x0/0x21 @ 1
[    2.348717] initcall pci_driver_init+0x0/0x21 returned 0 after 0 usecs
[    2.349650] calling  backlight_class_init+0x0/0xa8 @ 1
[    2.350695] initcall backlight_class_init+0x0/0xa8 returned 0 after 0 usecs
[    2.351649] calling  tty_class_init+0x0/0x33 @ 1
[    2.352667] initcall tty_class_init+0x0/0x33 returned 0 after 0 usecs
[    2.353650] calling  vtconsole_class_init+0x0/0xb5 @ 1
[    2.354827] initcall vtconsole_class_init+0x0/0xb5 returned 0 after 0 usecs
[    2.355650] calling  iommu_dev_init+0x0/0x13 @ 1
[    2.356704] initcall iommu_dev_init+0x0/0x13 returned 0 after 0 usecs
[    2.357649] calling  mipi_dsi_bus_init+0x0/0xc @ 1
[    2.358722] initcall mipi_dsi_bus_init+0x0/0xc returned 0 after 0 usecs
[    2.359650] calling  devlink_class_init+0x0/0x40 @ 1
[    2.360691] initcall devlink_class_init+0x0/0x40 returned 0 after 0 usecs
[    2.361650] calling  software_node_init+0x0/0x2a @ 1
[    2.362658] initcall software_node_init+0x0/0x2a returned 0 after 0 usecs
[    2.363650] calling  wakeup_sources_debugfs_init+0x0/0x23 @ 1
[    2.364717] initcall wakeup_sources_debugfs_init+0x0/0x23 returned 0 after 0 usecs
[    2.365649] calling  wakeup_sources_sysfs_init+0x0/0x2c @ 1
[    2.366667] initcall wakeup_sources_sysfs_init+0x0/0x2c returned 0 after 0 usecs
[    2.367650] calling  register_node_type+0x0/0x13 @ 1
[    2.368772] initcall register_node_type+0x0/0x13 returned 0 after 0 usecs
[    2.369650] calling  regmap_initcall+0x0/0xc @ 1
[    2.370822] initcall regmap_initcall+0x0/0xc returned 0 after 0 usecs
[    2.371650] calling  i2c_init+0x0/0xb3 @ 1
[    2.373850] initcall i2c_init+0x0/0xb3 returned 0 after 976 usecs
[    2.374649] calling  thermal_init+0x0/0x116 @ 1
[    2.376740] thermal_sys: Registered thermal governor 'step_wise'
[    2.376744] thermal_sys: Registered thermal governor 'user_space'
[    2.377671] initcall thermal_init+0x0/0x116 returned 0 after 1953 usecs
[    2.379653] calling  init_menu+0x0/0xc @ 1
[    2.380814] cpuidle: using governor menu
[    2.381652] initcall init_menu+0x0/0xc returned 0 after 976 usecs
[    2.382650] calling  pcc_init+0x0/0x4d @ 1
[    2.383652] initcall pcc_init+0x0/0x4d returned -19 after 0 usecs
[    2.384651] calling  amd_postcore_init+0x0/0x11e @ 1
[    2.385651] initcall amd_postcore_init+0x0/0x11e returned 0 after 0 usecs
[    2.386670] calling  bts_init+0x0/0xba @ 1
[    2.387654] initcall bts_init+0x0/0xba returned -19 after 0 usecs
[    2.388656] calling  pt_init+0x0/0x34d @ 1
[    2.389652] initcall pt_init+0x0/0x34d returned -19 after 0 usecs
[    2.390651] calling  boot_params_ksysfs_init+0x0/0x2ee @ 1
[    2.391705] initcall boot_params_ksysfs_init+0x0/0x2ee returned 0 after 0 usecs
[    2.392652] calling  sbf_init+0x0/0xea @ 1
[    2.393651] initcall sbf_init+0x0/0xea returned 0 after 0 usecs
[    2.394651] calling  arch_kdebugfs_init+0x0/0x219 @ 1
[    2.396016] initcall arch_kdebugfs_init+0x0/0x219 returned 0 after 0 usecs
[    2.396671] calling  intel_pconfig_init+0x0/0x85 @ 1
[    2.397654] initcall intel_pconfig_init+0x0/0x85 returned 0 after 0 usecs
[    2.398668] calling  mtrr_if_init+0x0/0x5d @ 1
[    2.399666] initcall mtrr_if_init+0x0/0x5d returned 0 after 0 usecs
[    2.401650] calling  activate_jump_labels+0x0/0x31 @ 1
[    2.402653] initcall activate_jump_labels+0x0/0x31 returned 0 after 0 usecs
[    2.403650] calling  ffh_cstate_init+0x0/0x29 @ 1
[    2.404658] initcall ffh_cstate_init+0x0/0x29 returned 0 after 0 usecs
[    2.405656] calling  activate_jump_labels+0x0/0x31 @ 1
[    2.407747] initcall activate_jump_labels+0x0/0x31 returned 0 after 976 usecs
[    2.408652] calling  kvm_alloc_cpumask+0x0/0x74 @ 1
[    2.409718] initcall kvm_alloc_cpumask+0x0/0x74 returned 0 after 0 usecs
[    2.410653] calling  kcmp_cookies_init+0x0/0x37 @ 1
[    2.411660] initcall kcmp_cookies_init+0x0/0x37 returned 0 after 0 usecs
[    2.412653] calling  cryptomgr_init+0x0/0xc @ 1
[    2.413759] initcall cryptomgr_init+0x0/0xc returned 0 after 0 usecs
[    2.414651] calling  acpi_pci_init+0x0/0x57 @ 1
[    2.415688] ACPI: bus type PCI registered
[    2.416659] initcall acpi_pci_init+0x0/0x57 returned 0 after 976 usecs
[    2.417652] calling  dma_channel_table_init+0x0/0xd1 @ 1
[    2.418670] initcall dma_channel_table_init+0x0/0xd1 returned 0 after 0 usecs
[    2.419651] calling  dma_bus_init+0x0/0xdc @ 1
[    2.420819] initcall dma_bus_init+0x0/0xdc returned 0 after 0 usecs
[    2.421717] calling  iommu_dma_init+0x0/0x10 @ 1
[    2.423672] initcall iommu_dma_init+0x0/0x10 returned 0 after 976 usecs
[    2.424651] calling  dmi_id_init+0x0/0x37c @ 1
[    2.426731] initcall dmi_id_init+0x0/0x37c returned 0 after 976 usecs
[    2.427653] calling  pci_arch_init+0x0/0x71 @ 1
[    2.429844] PCI: MMCONFIG for domain 0000 [bus 00-ff] at [mem 0xb0000000-0xbfffffff] (base 0xb0000000)
[    2.430654] PCI: MMCONFIG at [mem 0xb0000000-0xbfffffff] reserved in E820
[    2.431766] PCI: Using configuration type 1 for base access
[    2.432691] initcall pci_arch_init+0x0/0x71 returned 0 after 3906 usecs
[    2.433668] calling  init_vdso+0x0/0x13 @ 1
[    2.434694] initcall init_vdso+0x0/0x13 returned 0 after 0 usecs
[    2.435648] calling  sysenter_setup+0x0/0x13 @ 1
[    2.437710] initcall sysenter_setup+0x0/0x13 returned 0 after 976 usecs
[    2.438650] calling  fixup_ht_bug+0x0/0xe5 @ 1
[    2.439651] initcall fixup_ht_bug+0x0/0xe5 returned 0 after 0 usecs
[    2.440651] calling  topology_init+0x0/0x88 @ 1
[    2.443246] initcall topology_init+0x0/0x88 returned 0 after 976 usecs
[    2.443654] calling  intel_epb_init+0x0/0x68 @ 1
[    2.445651] initcall intel_epb_init+0x0/0x68 returned -19 after 0 usecs
[    2.446650] calling  mtrr_init_finialize+0x0/0x3e @ 1
[    2.447652] initcall mtrr_init_finialize+0x0/0x3e returned 0 after 0 usecs
[    2.448651] calling  uid_cache_init+0x0/0x85 @ 1
[    2.449678] initcall uid_cache_init+0x0/0x85 returned 0 after 0 usecs
[    2.450653] calling  param_sysfs_init+0x0/0x1ba @ 1
[    2.469202] initcall param_sysfs_init+0x0/0x1ba returned 0 after 16601 usecs
[    2.469693] calling  user_namespace_sysctl_init+0x0/0x33 @ 1
[    2.470675] initcall user_namespace_sysctl_init+0x0/0x33 returned 0 after 0 usecs
[    2.471652] calling  proc_schedstat_init+0x0/0x24 @ 1
[    2.472659] initcall proc_schedstat_init+0x0/0x24 returned 0 after 0 usecs
[    2.473650] calling  pm_sysrq_init+0x0/0x18 @ 1
[    2.474897] initcall pm_sysrq_init+0x0/0x18 returned 0 after 0 usecs
[    2.475826] calling  create_proc_profile+0x0/0xd0 @ 1
[    2.477658] initcall create_proc_profile+0x0/0xd0 returned 0 after 0 usecs
[    2.478653] calling  time_ns_init+0x0/0x7 @ 1
[    2.479651] initcall time_ns_init+0x0/0x7 returned 0 after 0 usecs
[    2.480651] calling  crash_save_vmcoreinfo_init+0x0/0x722 @ 1
[    2.481763] initcall crash_save_vmcoreinfo_init+0x0/0x722 returned 0 after 0 usecs
[    2.482651] calling  crash_notes_memory_init+0x0/0x35 @ 1
[    2.483665] initcall crash_notes_memory_init+0x0/0x35 returned 0 after 0 usecs
[    2.484652] calling  cgroup_sysfs_init+0x0/0x13 @ 1
[    2.485686] initcall cgroup_sysfs_init+0x0/0x13 returned 0 after 0 usecs
[    2.486650] calling  cgroup_namespaces_init+0x0/0x7 @ 1
[    2.487650] initcall cgroup_namespaces_init+0x0/0x7 returned 0 after 0 usecs
[    2.488650] calling  init_optprobes+0x0/0x13 @ 1
[    2.489743] Kprobes globally optimized
[    2.490658] initcall init_optprobes+0x0/0x13 returned 0 after 976 usecs
[    2.491674] calling  oom_init+0x0/0x2f @ 1
[    2.493809] initcall oom_init+0x0/0x2f returned 0 after 976 usecs
[    2.494679] calling  default_bdi_init+0x0/0xb3 @ 1
[    2.497964] initcall default_bdi_init+0x0/0xb3 returned 0 after 1953 usecs
[    2.498651] calling  percpu_enable_async+0x0/0xe @ 1
[    2.499649] initcall percpu_enable_async+0x0/0xe returned 0 after 0 usecs
[    2.500648] calling  kcompactd_init+0x0/0x8d @ 1
[    2.502657] initcall kcompactd_init+0x0/0x8d returned 0 after 976 usecs
[    2.503689] calling  init_user_reserve+0x0/0x40 @ 1
[    2.504649] initcall init_user_reserve+0x0/0x40 returned 0 after 0 usecs
[    2.505648] calling  init_admin_reserve+0x0/0x40 @ 1
[    2.506648] initcall init_admin_reserve+0x0/0x40 returned 0 after 0 usecs
[    2.507651] calling  init_reserve_notifier+0x0/0x7 @ 1
[    2.508651] initcall init_reserve_notifier+0x0/0x7 returned 0 after 0 usecs
[    2.509650] calling  swap_init_sysfs+0x0/0x62 @ 1
[    2.510665] initcall swap_init_sysfs+0x0/0x62 returned 0 after 0 usecs
[    2.511650] calling  swapfile_init+0x0/0x94 @ 1
[    2.512656] initcall swapfile_init+0x0/0x94 returned 0 after 0 usecs
[    2.513649] calling  hugetlb_init+0x0/0x499 @ 1
[    2.514696] HugeTLB registered 2.00 MiB page size, pre-allocated 0 pages
[    2.515757] initcall hugetlb_init+0x0/0x499 returned 0 after 976 usecs
[    2.517649] calling  io_wq_init+0x0/0x34 @ 1
[    2.518651] initcall io_wq_init+0x0/0x34 returned 0 after 0 usecs
[    2.519648] calling  seqiv_module_init+0x0/0xc @ 1
[    2.520994] initcall seqiv_module_init+0x0/0xc returned 0 after 0 usecs
[    2.521650] calling  echainiv_module_init+0x0/0xc @ 1
[    2.522651] initcall echainiv_module_init+0x0/0xc returned 0 after 0 usecs
[    2.523973] calling  rsa_init+0x0/0x50 @ 1
[    2.527663] initcall rsa_init+0x0/0x50 returned 0 after 1953 usecs
[    2.527848] cryptomgr_test (61) used greatest stack depth: 14864 bytes left
[    2.528650] calling  crypto_cmac_module_init+0x0/0xc @ 1
[    2.528686] initcall crypto_cmac_module_init+0x0/0xc returned 0 after 0 usecs
[    2.528689] calling  hmac_module_init+0x0/0xc @ 1
[    2.528692] initcall hmac_module_init+0x0/0xc returned 0 after 0 usecs
[    2.528694] calling  crypto_null_mod_init+0x0/0x65 @ 1
[    2.536655] initcall crypto_null_mod_init+0x0/0x65 returned 0 after 7812 usecs
[    2.543661] calling  md5_mod_init+0x0/0xc @ 1
[    2.546250] initcall md5_mod_init+0x0/0xc returned 0 after 976 usecs
[    2.546654] calling  sha256_generic_mod_init+0x0/0x11 @ 1
[    2.550830] initcall sha256_generic_mod_init+0x0/0x11 returned 0 after 2929 usecs
[    2.551654] calling  crypto_cbc_module_init+0x0/0xc @ 1
[    2.552652] initcall crypto_cbc_module_init+0x0/0xc returned 0 after 0 usecs
[    2.553650] calling  crypto_ctr_module_init+0x0/0x11 @ 1
[    2.554706] initcall crypto_ctr_module_init+0x0/0x11 returned 0 after 0 usecs
[    2.556649] calling  crypto_gcm_module_init+0x0/0x64 @ 1
[    2.557713] initcall crypto_gcm_module_init+0x0/0x64 returned 0 after 0 usecs
[    2.558650] calling  crypto_ccm_module_init+0x0/0x11 @ 1
[    2.559652] initcall crypto_ccm_module_init+0x0/0x11 returned 0 after 0 usecs
[    2.560650] calling  aes_init+0x0/0xc @ 1
[    2.562656] initcall aes_init+0x0/0xc returned 0 after 976 usecs
[    2.563651] calling  crc32c_mod_init+0x0/0xc @ 1
[    2.565973] initcall crc32c_mod_init+0x0/0xc returned 0 after 976 usecs
[    2.566652] calling  crypto_authenc_module_init+0x0/0xc @ 1
[    2.567655] initcall crypto_authenc_module_init+0x0/0xc returned 0 after 0 usecs
[    2.568650] calling  crypto_authenc_esn_module_init+0x0/0xc @ 1
[    2.569653] initcall crypto_authenc_esn_module_init+0x0/0xc returned 0 after 0 usecs
[    2.570655] calling  drbg_init+0x0/0x7c @ 1
[    2.586931] initcall drbg_init+0x0/0x7c returned 0 after 14648 usecs
[    2.588656] calling  ghash_mod_init+0x0/0xc @ 1
[    2.592056] initcall ghash_mod_init+0x0/0xc returned 0 after 1953 usecs
[    2.592653] calling  init_bio+0x0/0x9a @ 1
[    2.593894] initcall init_bio+0x0/0x9a returned 0 after 0 usecs
[    2.594969] calling  blk_settings_init+0x0/0x29 @ 1
[    2.595656] initcall blk_settings_init+0x0/0x29 returned 0 after 0 usecs
[    2.596652] calling  blk_ioc_init+0x0/0x29 @ 1
[    2.597664] initcall blk_ioc_init+0x0/0x29 returned 0 after 0 usecs
[    2.598652] calling  blk_mq_init+0x0/0xb9 @ 1
[    2.601640] initcall blk_mq_init+0x0/0xb9 returned 0 after 0 usecs
[    2.602770] calling  genhd_device_init+0x0/0x75 @ 1
[    2.611848] initcall genhd_device_init+0x0/0x75 returned 0 after 7812 usecs
[    2.612823] calling  pci_slot_init+0x0/0x40 @ 1
[    2.616005] initcall pci_slot_init+0x0/0x40 returned 0 after 0 usecs
[    2.616652] calling  fbmem_init+0x0/0xd8 @ 1
[    2.620836] initcall fbmem_init+0x0/0xd8 returned 0 after 2929 usecs
[    2.621651] calling  acpi_init+0x0/0x319 @ 1
[    2.622986] ACPI: Added _OSI(Module Device)
[    2.623650] ACPI: Added _OSI(Processor Device)
[    2.624653] ACPI: Added _OSI(3.0 _SCP Extensions)
[    2.625652] ACPI: Added _OSI(Processor Aggregator Device)
[    2.626653] ACPI: Added _OSI(Linux-Dell-Video)
[    2.627650] ACPI: Added _OSI(Linux-Lenovo-NV-HDMI-Audio)
[    2.628651] ACPI: Added _OSI(Linux-HPI-Hybrid-Graphics)
[    2.637004] ACPI: 1 ACPI AML tables successfully acquired and loaded
[    2.647033] ACPI: Interpreter enabled
[    2.649013] ACPI: (supports S0 S3 S4 S5)
[    2.649745] ACPI: Using IOAPIC for interrupt routing
[    2.651963] PCI: Using host bridge windows from ACPI; if necessary, use "pci=nocrs" and report a bug
[    2.654244] ACPI: Enabled 2 GPEs in block 00 to 3F
[    2.675446] ACPI: PCI Root Bridge [PCI0] (domain 0000 [bus 00-ff])
[    2.675805] acpi PNP0A08:00: _OSC: OS supports [ExtendedConfig ASPM ClockPM Segments MSI HPX-Type3]
[    2.677914] acpi PNP0A08:00: _OSC: platform does not support [LTR]
[    2.679766] acpi PNP0A08:00: _OSC: OS now controls [PME PCIeCapability]
[    2.682096] PCI host bridge to bus 0000:00
[    2.682738] pci_bus 0000:00: root bus resource [io  0x0000-0x0cf7 window]
[    2.683650] pci_bus 0000:00: root bus resource [io  0x0d00-0xffff window]
[    2.684651] pci_bus 0000:00: root bus resource [mem 0x000a0000-0x000bffff window]
[    2.685651] pci_bus 0000:00: root bus resource [mem 0x20000000-0xafffffff window]
[    2.686651] pci_bus 0000:00: root bus resource [mem 0xc0000000-0xfebfffff window]
[    2.687651] pci_bus 0000:00: root bus resource [mem 0x100000000-0x8ffffffff window]
[    2.688657] pci_bus 0000:00: root bus resource [bus 00-ff]
[    2.694141] pci 0000:00:00.0: calling  quirk_mmio_always_on+0x0/0x10 @ 1
[    2.695798] pci 0000:00:00.0: quirk_mmio_always_on+0x0/0x10 took 0 usecs
[    2.696653] pci 0000:00:00.0: [8086:29c0] type 00 class 0x060000
[    2.702640] pci 0000:00:00.0: calling  quirk_igfx_skip_te_disable+0x0/0x80 @ 1
[    2.703797] pci 0000:00:00.0: quirk_igfx_skip_te_disable+0x0/0x80 took 0 usecs
[    2.716103] pci 0000:00:01.0: [1234:1111] type 00 class 0x030000
[    2.729640] pci 0000:00:01.0: reg 0x10: [mem 0xfd000000-0xfdffffff pref]
[    2.747640] pci 0000:00:01.0: reg 0x18: [mem 0xfebf0000-0xfebf0fff]
[    2.782640] pci 0000:00:01.0: reg 0x30: [mem 0xfebe0000-0xfebeffff pref]
[    2.795259] pci 0000:00:01.0: calling  efifb_fixup_resources+0x0/0xf0 @ 1
[    2.796861] pci 0000:00:01.0: efifb_fixup_resources+0x0/0xf0 took 0 usecs
[    2.834514] pci 0000:00:1f.0: [8086:2918] type 00 class 0x060100
[    2.840895] pci 0000:00:1f.0: calling  quirk_ich7_lpc+0x0/0x60 @ 1
[    2.843640] pci 0000:00:1f.0: quirk: [io  0x0600-0x067f] claimed by ICH6 ACPI/GPIO/TCO
[    2.845177] pci 0000:00:1f.0: quirk_ich7_lpc+0x0/0x60 took 2929 usecs
[    2.847398] pci 0000:00:1f.0: calling  quirk_igfx_skip_te_disable+0x0/0x80 @ 1
[    2.847686] pci 0000:00:1f.0: quirk_igfx_skip_te_disable+0x0/0x80 took 0 usecs
[    2.852717] pci 0000:00:1f.2: [8086:2922] type 00 class 0x010601
[    2.863812] pci 0000:00:1f.2: reg 0x20: [io  0xc040-0xc05f]
[    2.866381] pci 0000:00:1f.2: reg 0x24: [mem 0xfebf1000-0xfebf1fff]
[    2.868880] pci 0000:00:1f.2: calling  quirk_igfx_skip_te_disable+0x0/0x80 @ 1
[    2.869657] pci 0000:00:1f.2: quirk_igfx_skip_te_disable+0x0/0x80 took 0 usecs
[    2.874649] pci 0000:00:1f.3: [8086:2930] type 00 class 0x0c0500
[    2.881960] pci 0000:00:1f.3: reg 0x20: [io  0x0700-0x073f]
[    2.885111] pci 0000:00:1f.3: calling  quirk_igfx_skip_te_disable+0x0/0x80 @ 1
[    2.885661] pci 0000:00:1f.3: quirk_igfx_skip_te_disable+0x0/0x80 took 0 usecs
[    2.934640] ACPI: PCI Interrupt Link [LNKA] (IRQs 5 *10 11)
[    2.939073] ACPI: PCI Interrupt Link [LNKB] (IRQs 5 *10 11)
[    2.940995] ACPI: PCI Interrupt Link [LNKC] (IRQs 5 10 *11)
[    2.943300] ACPI: PCI Interrupt Link [LNKD] (IRQs 5 10 *11)
[    2.944975] ACPI: PCI Interrupt Link [LNKE] (IRQs 5 *10 11)
[    2.947438] ACPI: PCI Interrupt Link [LNKF] (IRQs 5 *10 11)
[    2.948872] ACPI: PCI Interrupt Link [LNKG] (IRQs 5 10 *11)
[    2.950850] ACPI: PCI Interrupt Link [LNKH] (IRQs 5 10 *11)
[    2.952673] ACPI: PCI Interrupt Link [GSIA] (IRQs *16)
[    2.953865] ACPI: PCI Interrupt Link [GSIB] (IRQs *17)
[    2.954815] ACPI: PCI Interrupt Link [GSIC] (IRQs *18)
[    2.955841] ACPI: PCI Interrupt Link [GSID] (IRQs *19)
[    2.957676] ACPI: PCI Interrupt Link [GSIE] (IRQs *20)
[    2.959772] ACPI: PCI Interrupt Link [GSIF] (IRQs *21)
[    2.961670] ACPI: PCI Interrupt Link [GSIG] (IRQs *22)
[    2.963798] ACPI: PCI Interrupt Link [GSIH] (IRQs *23)
[    2.991640] initcall acpi_init+0x0/0x319 returned 0 after 359375 usecs
[    2.992963] calling  pnp_init+0x0/0xc @ 1
[    2.994770] initcall pnp_init+0x0/0xc returned 0 after 0 usecs
[    2.995653] calling  misc_init+0x0/0xbf @ 1
[    2.997149] initcall misc_init+0x0/0xbf returned 0 after 0 usecs
[    2.997665] calling  iommu_subsys_init+0x0/0x4e @ 1
[    2.999002] iommu: Default domain type: Translated 
[    2.999651] initcall iommu_subsys_init+0x0/0x4e returned 0 after 976 usecs
[    3.000651] calling  vga_arb_device_init+0x0/0x261 @ 1
[    3.005107] pci 0000:00:01.0: vgaarb: setting as boot VGA device
[    3.005640] pci 0000:00:01.0: vgaarb: VGA device added: decodes=io+mem,owns=io+mem,locks=none
[    3.005654] pci 0000:00:01.0: vgaarb: bridge control possible
[    3.006649] vgaarb: loaded
[    3.007655] initcall vga_arb_device_init+0x0/0x261 returned 0 after 5859 usecs
[    3.008700] calling  cn_init+0x0/0xf0 @ 1
[    3.010161] initcall cn_init+0x0/0xf0 returned 0 after 0 usecs
[    3.010654] calling  dma_buf_init+0x0/0xad @ 1
[    3.012866] initcall dma_buf_init+0x0/0xad returned 0 after 976 usecs
[    3.013653] calling  dma_resv_lockdep+0x0/0x281 @ 1
[    3.015336] initcall dma_resv_lockdep+0x0/0x281 returned 0 after 0 usecs
[    3.015652] calling  init_scsi+0x0/0x79 @ 1
[    3.018172] SCSI subsystem initialized
[    3.018676] initcall init_scsi+0x0/0x79 returned 0 after 1953 usecs
[    3.019662] calling  ata_init+0x0/0x332 @ 1
[    3.026756] libata version 3.00 loaded.
[    3.027657] initcall ata_init+0x0/0x332 returned 0 after 6835 usecs
[    3.028652] calling  phy_init+0x0/0x250 @ 1
[    3.031122] initcall phy_init+0x0/0x250 returned 0 after 976 usecs
[    3.031652] calling  init_pcmcia_cs+0x0/0x35 @ 1
[    3.032814] initcall init_pcmcia_cs+0x0/0x35 returned 0 after 0 usecs
[    3.033650] calling  usb_common_init+0x0/0x1c @ 1
[    3.034683] initcall usb_common_init+0x0/0x1c returned 0 after 0 usecs
[    3.035649] calling  usb_init+0x0/0x12e @ 1
[    3.037040] ACPI: bus type USB registered
[    3.040997] usbcore: registered new interface driver usbfs
[    3.043069] usbcore: registered new interface driver hub
[    3.044945] usbcore: registered new device driver usb
[    3.045657] initcall usb_init+0x0/0x12e returned 0 after 8789 usecs
[    3.046657] calling  serio_init+0x0/0x29 @ 1
[    3.048013] initcall serio_init+0x0/0x29 returned 0 after 0 usecs
[    3.048659] calling  input_init+0x0/0xf6 @ 1
[    3.049841] initcall input_init+0x0/0xf6 returned 0 after 0 usecs
[    3.050655] calling  rtc_init+0x0/0x4d @ 1
[    3.051678] initcall rtc_init+0x0/0x4d returned 0 after 0 usecs
[    3.052655] calling  pps_init+0x0/0xa9 @ 1
[    3.053758] pps_core: LinuxPPS API ver. 1 registered
[    3.054651] pps_core: Software ver. 5.3.6 - Copyright 2005-2007 Rodolfo Giometti <giometti@linux.it>
[    3.055656] initcall pps_init+0x0/0xa9 returned 0 after 1953 usecs
[    3.056655] calling  ptp_init+0x0/0x98 @ 1
[    3.057680] PTP clock support registered
[    3.058653] initcall ptp_init+0x0/0x98 returned 0 after 976 usecs
[    3.059653] calling  power_supply_class_init+0x0/0x3f @ 1
[    3.062093] initcall power_supply_class_init+0x0/0x3f returned 0 after 976 usecs
[    3.062655] calling  hwmon_init+0x0/0x104 @ 1
[    3.063684] initcall hwmon_init+0x0/0x104 returned 0 after 0 usecs
[    3.064658] calling  md_init+0x0/0x16b @ 1
[    3.067127] initcall md_init+0x0/0x16b returned 0 after 976 usecs
[    3.067655] calling  leds_init+0x0/0x3b @ 1
[    3.069693] initcall leds_init+0x0/0x3b returned 0 after 0 usecs
[    3.070651] calling  dmi_init+0x0/0x113 @ 1
[    3.071945] initcall dmi_init+0x0/0x113 returned 0 after 0 usecs
[    3.072651] calling  efisubsys_init+0x0/0x4e7 @ 1
[    3.073683] initcall efisubsys_init+0x0/0x4e7 returned 0 after 0 usecs
[    3.074667] calling  nvmem_init+0x0/0xc @ 1
[    3.075822] initcall nvmem_init+0x0/0xc returned 0 after 0 usecs
[    3.076654] calling  init_soundcore+0x0/0x33 @ 1
[    3.077801] initcall init_soundcore+0x0/0x33 returned 0 after 0 usecs
[    3.078652] calling  alsa_sound_init+0x0/0x8f @ 1
[    3.082127] Advanced Linux Sound Architecture Driver Initialized.
[    3.082662] initcall alsa_sound_init+0x0/0x8f returned 0 after 2929 usecs
[    3.083651] calling  alsa_seq_device_init+0x0/0x71 @ 1
[    3.084705] initcall alsa_seq_device_init+0x0/0x71 returned 0 after 0 usecs
[    3.085655] calling  hda_bus_init+0x0/0xc @ 1
[    3.086825] initcall hda_bus_init+0x0/0xc returned 0 after 0 usecs
[    3.087655] calling  proto_init+0x0/0xc @ 1
[    3.090662] initcall proto_init+0x0/0xc returned 0 after 976 usecs
[    3.091657] calling  net_dev_init+0x0/0x27f @ 1
[    3.103290] initcall net_dev_init+0x0/0x27f returned 0 after 9765 usecs
[    3.103653] calling  neigh_init+0x0/0x84 @ 1
[    3.104767] initcall neigh_init+0x0/0x84 returned 0 after 0 usecs
[    3.105651] calling  fib_notifier_init+0x0/0xc @ 1
[    3.106713] initcall fib_notifier_init+0x0/0xc returned 0 after 0 usecs
[    3.107651] calling  fib_rules_init+0x0/0xab @ 1
[    3.109022] initcall fib_rules_init+0x0/0xab returned 0 after 0 usecs
[    3.109652] calling  pktsched_init+0x0/0x10e @ 1
[    3.111924] initcall pktsched_init+0x0/0x10e returned 0 after 976 usecs
[    3.112652] calling  tc_filter_init+0x0/0xfa @ 1
[    3.114895] initcall tc_filter_init+0x0/0xfa returned 0 after 976 usecs
[    3.115655] calling  tc_action_init+0x0/0x54 @ 1
[    3.116659] initcall tc_action_init+0x0/0x54 returned 0 after 0 usecs
[    3.117653] calling  ethnl_init+0x0/0x52 @ 1
[    3.120329] initcall ethnl_init+0x0/0x52 returned 0 after 976 usecs
[    3.121172] calling  nexthop_init+0x0/0xd8 @ 1
[    3.122256] initcall nexthop_init+0x0/0xd8 returned 0 after 0 usecs
[    3.122654] calling  cipso_v4_init+0x0/0x8d @ 1
[    3.124739] initcall cipso_v4_init+0x0/0x8d returned 0 after 976 usecs
[    3.125653] calling  ieee80211_init+0x0/0x24 @ 1
[    3.127716] initcall ieee80211_init+0x0/0x24 returned 0 after 976 usecs
[    3.128655] calling  netlbl_init+0x0/0x78 @ 1
[    3.129704] NetLabel: Initializing
[    3.130649] NetLabel:  domain hash size = 128
[    3.131649] NetLabel:  protocols = UNLABELED CIPSOv4 CALIPSO
[    3.133816] NetLabel:  unlabeled traffic allowed by default
[    3.134660] initcall netlbl_init+0x0/0x78 returned 0 after 4882 usecs
[    3.135656] calling  rfkill_init+0x0/0x136 @ 1
[    3.142663] initcall rfkill_init+0x0/0x136 returned 0 after 5859 usecs
[    3.143655] calling  pci_subsys_init+0x0/0x66 @ 1
[    3.145865] PCI: Using ACPI for IRQ routing
[    3.913640] PCI: pci_cache_line_size set to 64 bytes
[    3.921699] e820: reserve RAM buffer [mem 0x0009fc00-0x0009ffff]
[    3.928852] e820: reserve RAM buffer [mem 0x1ffdf000-0x1fffffff]
[    3.937254] initcall pci_subsys_init+0x0/0x66 returned 0 after 773437 usecs
[    3.948099] calling  nmi_warning_debugfs+0x0/0x26 @ 1
[    3.954820] initcall nmi_warning_debugfs+0x0/0x26 returned 0 after 976 usecs
[    3.963653] calling  save_microcode_in_initrd+0x0/0x51 @ 1
[    3.970806] initcall save_microcode_in_initrd+0x0/0x51 returned 0 after 0 usecs
[    3.979674] calling  hpet_late_init+0x0/0x207 @ 1
[    3.986079] hpet: 3 channels of 0 reserved for per-cpu timers
[    3.993896] hpet0: at MMIO 0xfed00000, IRQs 2, 8, 0
[    3.999651] hpet0: 3 comparators, 64-bit 100.000000 MHz counter
[    4.011658] initcall hpet_late_init+0x0/0x207 returned 0 after 25390 usecs
[    4.020655] calling  init_amd_nbs+0x0/0x11c @ 1
[    4.026929] initcall init_amd_nbs+0x0/0x11c returned 0 after 0 usecs
[    4.034654] calling  clocksource_done_booting+0x0/0x43 @ 1
[    4.044390] clocksource: Switched to clocksource kvm-clock
[    4.053318] initcall clocksource_done_booting+0x0/0x43 returned 0 after 12374 usecs
[    4.062314] calling  tracer_init_tracefs+0x0/0x248 @ 1
[    4.367708] initcall tracer_init_tracefs+0x0/0x248 returned 0 after 291847 usecs
[    4.381944] calling  init_trace_printk_function_export+0x0/0x2c @ 1
[    4.389266] initcall init_trace_printk_function_export+0x0/0x2c returned 0 after 68 usecs
[    4.398579] calling  init_kprobe_trace+0x0/0x1ab @ 1
[    4.404412] initcall init_kprobe_trace+0x0/0x1ab returned 0 after 122 usecs
[    4.412406] calling  init_dynamic_event+0x0/0x3d @ 1
[    4.418261] initcall init_dynamic_event+0x0/0x3d returned 0 after 27 usecs
[    4.426144] calling  init_uprobe_trace+0x0/0x5c @ 1
[    4.432369] initcall init_uprobe_trace+0x0/0x5c returned 0 after 114 usecs
[    4.440277] calling  init_pipe_fs+0x0/0x44 @ 1
[    4.447825] initcall init_pipe_fs+0x0/0x44 returned 0 after 2268 usecs
[    4.455453] calling  inotify_user_setup+0x0/0x47 @ 1
[    4.461492] initcall inotify_user_setup+0x0/0x47 returned 0 after 273 usecs
[    4.470574] calling  eventpoll_init+0x0/0xeb @ 1
[    4.475955] initcall eventpoll_init+0x0/0xeb returned 0 after 57 usecs
[    4.484030] calling  anon_inode_init+0x0/0x58 @ 1
[    4.491270] initcall anon_inode_init+0x0/0x58 returned 0 after 382 usecs
[    4.500725] calling  proc_locks_init+0x0/0x27 @ 1
[    4.507907] initcall proc_locks_init+0x0/0x27 returned 0 after 188 usecs
[    4.516473] calling  iomap_init+0x0/0x1b @ 1
[    4.522014] initcall iomap_init+0x0/0x1b returned 0 after 656 usecs
[    4.529191] calling  dquot_init+0x0/0x106 @ 1
[    4.534187] VFS: Disk quotas dquot_6.6.0
[    4.538982] VFS: Dquot-cache hash table entries: 512 (order 0, 4096 bytes)
[    4.546758] initcall dquot_init+0x0/0x106 returned 0 after 12285 usecs
[    4.554071] calling  quota_init+0x0/0x23 @ 1
[    4.559592] initcall quota_init+0x0/0x23 returned 0 after 530 usecs
[    4.566717] calling  proc_cmdline_init+0x0/0x21 @ 1
[    4.572221] initcall proc_cmdline_init+0x0/0x21 returned 0 after 7 usecs
[    4.579721] calling  proc_consoles_init+0x0/0x24 @ 1
[    4.585345] initcall proc_consoles_init+0x0/0x24 returned 0 after 6 usecs
[    4.593130] calling  proc_cpuinfo_init+0x0/0x1e @ 1
[    4.598808] initcall proc_cpuinfo_init+0x0/0x1e returned 0 after 6 usecs
[    4.607259] calling  proc_devices_init+0x0/0x24 @ 1
[    4.614246] initcall proc_devices_init+0x0/0x24 returned 0 after 9 usecs
[    4.623865] calling  proc_interrupts_init+0x0/0x24 @ 1
[    4.631411] initcall proc_interrupts_init+0x0/0x24 returned 0 after 9 usecs
[    4.639972] calling  proc_loadavg_init+0x0/0x21 @ 1
[    4.645509] initcall proc_loadavg_init+0x0/0x21 returned 0 after 8 usecs
[    4.653034] calling  proc_meminfo_init+0x0/0x21 @ 1
[    4.658613] initcall proc_meminfo_init+0x0/0x21 returned 0 after 6 usecs
[    4.666147] calling  proc_stat_init+0x0/0x1e @ 1
[    4.671530] initcall proc_stat_init+0x0/0x1e returned 0 after 6 usecs
[    4.678839] calling  proc_uptime_init+0x0/0x21 @ 1
[    4.684333] initcall proc_uptime_init+0x0/0x21 returned 0 after 5 usecs
[    4.691862] calling  proc_version_init+0x0/0x21 @ 1
[    4.697738] initcall proc_version_init+0x0/0x21 returned 0 after 75 usecs
[    4.705487] calling  proc_softirqs_init+0x0/0x21 @ 1
[    4.711209] initcall proc_softirqs_init+0x0/0x21 returned 0 after 4 usecs
[    4.718886] calling  proc_kcore_init+0x0/0xea @ 1
[    4.724645] initcall proc_kcore_init+0x0/0xea returned 0 after 386 usecs
[    4.732567] calling  vmcore_init+0x0/0x57b @ 1
[    4.737733] initcall vmcore_init+0x0/0x57b returned 0 after 16 usecs
[    4.745100] calling  proc_kmsg_init+0x0/0x21 @ 1
[    4.750479] initcall proc_kmsg_init+0x0/0x21 returned 0 after 6 usecs
[    4.757922] calling  proc_page_init+0x0/0x3b @ 1
[    4.763359] initcall proc_page_init+0x0/0x3b returned 0 after 7 usecs
[    4.770840] calling  init_ramfs_fs+0x0/0xc @ 1
[    4.776013] initcall init_ramfs_fs+0x0/0xc returned 0 after 17 usecs
[    4.783265] calling  init_hugetlbfs_fs+0x0/0xf6 @ 1
[    4.792001] initcall init_hugetlbfs_fs+0x0/0xf6 returned 0 after 799 usecs
[    4.800244] calling  blk_scsi_ioctl_init+0x0/0x2a5 @ 1
[    4.806480] initcall blk_scsi_ioctl_init+0x0/0x2a5 returned 0 after 42 usecs
[    4.814611] calling  acpi_event_init+0x0/0x2c @ 1
[    4.820128] initcall acpi_event_init+0x0/0x2c returned 0 after 99 usecs
[    4.829891] calling  pnp_system_init+0x0/0xc @ 1
[    4.837566] initcall pnp_system_init+0x0/0xc returned 0 after 891 usecs
[    4.847291] calling  pnpacpi_init+0x0/0x69 @ 1
[    4.853470] pnp: PnP ACPI init
[    4.859709] pnp 00:00: Plug and Play ACPI device, IDs PNP0303 (active)
[    4.868519] pnp 00:01: Plug and Play ACPI device, IDs PNP0f13 (active)
[    4.879406] pnp 00:02: Plug and Play ACPI device, IDs PNP0400 (active)
[    4.888959] pnp 00:03: Plug and Play ACPI device, IDs PNP0501 (active)
[    4.899017] pnp 00:04: Plug and Play ACPI device, IDs PNP0b00 (active)
[    4.908869] system 00:05: [mem 0xb0000000-0xbfffffff window] has been reserved
[    4.917127] system 00:05: Plug and Play ACPI device, IDs PNP0c01 (active)
[    4.928037] pnp: PnP ACPI: found 6 devices
[    4.932780] initcall pnpacpi_init+0x0/0x69 returned 0 after 77460 usecs
[    4.941247] calling  chr_dev_init+0x0/0x14d @ 1
[    5.039859] initcall chr_dev_init+0x0/0x14d returned 0 after 89980 usecs
[    5.047465] calling  firmware_class_init+0x0/0x14a @ 1
[    5.053770] initcall firmware_class_init+0x0/0x14a returned 0 after 253 usecs
[    5.062216] calling  init_pcmcia_bus+0x0/0x5b @ 1
[    5.068302] initcall init_pcmcia_bus+0x0/0x5b returned 0 after 269 usecs
[    5.077706] calling  init_acpi_pm_clocksource+0x0/0xda @ 1
[    5.090208] clocksource: acpi_pm: mask: 0xffffff max_cycles: 0xffffff, max_idle_ns: 2085701024 ns
[    5.101101] initcall init_acpi_pm_clocksource+0x0/0xda returned 0 after 16167 usecs
[    5.110535] calling  sysctl_core_init+0x0/0x26 @ 1
[    5.118197] initcall sysctl_core_init+0x0/0x26 returned 0 after 938 usecs
[    5.128192] calling  eth_offload_init+0x0/0x13 @ 1
[    5.135418] initcall eth_offload_init+0x0/0x13 returned 0 after 212 usecs
[    5.145241] calling  ipv4_offload_init+0x0/0x73 @ 1
[    5.152295] initcall ipv4_offload_init+0x0/0x73 returned 0 after 143 usecs
[    5.162175] calling  inet_init+0x0/0x276 @ 1
[    5.168487] NET: Registered protocol family 2
[    5.175807] IP idents hash table entries: 8192 (order: 4, 65536 bytes, linear)
[    5.194952] tcp_listen_portaddr_hash hash table entries: 256 (order: 2, 20480 bytes, linear)
[    5.207641] TCP established hash table entries: 4096 (order: 3, 32768 bytes, linear)
[    5.218973] TCP bind hash table entries: 4096 (order: 6, 294912 bytes, linear)
[    5.233651] TCP: Hash tables configured (established 4096 bind 4096)
[    5.241706] UDP hash table entries: 256 (order: 3, 40960 bytes, linear)
[    5.249766] UDP-Lite hash table entries: 256 (order: 3, 40960 bytes, linear)
[    5.258330] initcall inet_init+0x0/0x276 returned 0 after 87894 usecs
[    5.265945] calling  af_unix_init+0x0/0x4d @ 1
[    5.271162] NET: Registered protocol family 1
[    5.276339] initcall af_unix_init+0x0/0x4d returned 0 after 5080 usecs
[    5.283870] calling  ipv6_offload_init+0x0/0x7e @ 1
[    5.289489] initcall ipv6_offload_init+0x0/0x7e returned 0 after 72 usecs
[    5.297331] calling  init_sunrpc+0x0/0x65 @ 1
[    5.309932] RPC: Registered named UNIX socket transport module.
[    5.317004] RPC: Registered udp transport module.
[    5.322486] RPC: Registered tcp transport module.
[    5.327946] RPC: Registered tcp NFSv4.1 backchannel transport module.
[    5.335388] initcall init_sunrpc+0x0/0x65 returned 0 after 31970 usecs
[    5.343039] calling  cfg80211_init+0x0/0xc5 @ 1
[    5.352207] initcall cfg80211_init+0x0/0xc5 returned 0 after 3770 usecs
[    5.360396] calling  pcibios_assign_resources+0x0/0xbf @ 1
[    5.367039] pci_bus 0000:00: resource 4 [io  0x0000-0x0cf7 window]
[    5.374082] pci_bus 0000:00: resource 5 [io  0x0d00-0xffff window]
[    5.381210] pci_bus 0000:00: resource 6 [mem 0x000a0000-0x000bffff window]
[    5.389210] pci_bus 0000:00: resource 7 [mem 0x20000000-0xafffffff window]
[    5.397106] pci_bus 0000:00: resource 8 [mem 0xc0000000-0xfebfffff window]
[    5.404965] pci_bus 0000:00: resource 9 [mem 0x100000000-0x8ffffffff window]
[    5.413188] initcall pcibios_assign_resources+0x0/0xbf returned 0 after 45356 usecs
[    5.422147] calling  pci_apply_final_quirks+0x0/0x124 @ 1
[    5.428876] pci 0000:00:01.0: calling  pci_fixup_video+0x0/0xe0 @ 1
[    5.436627] pci 0000:00:01.0: Video device with shadowed ROM at [mem 0x000c0000-0x000dffff]
[    5.446291] pci 0000:00:01.0: pci_fixup_video+0x0/0xe0 took 9721 usecs
[    5.454185] PCI: CLS 0 bytes, default 64
[    5.458958] initcall pci_apply_final_quirks+0x0/0x124 returned 0 after 29812 usecs
[    5.467817] calling  acpi_reserve_resources+0x0/0xea @ 1
[    5.473889] initcall acpi_reserve_resources+0x0/0xea returned 0 after 28 usecs
[    5.482155] calling  populate_rootfs+0x0/0x102 @ 1
[    5.491637] initcall populate_rootfs+0x0/0x102 returned 0 after 2263 usecs
[    5.499842] calling  pci_iommu_init+0x0/0x3e @ 1
[    5.506651] initcall pci_iommu_init+0x0/0x3e returned 0 after 108 usecs
[    5.516823] calling  ia32_binfmt_init+0x0/0x13 @ 1
[    5.522386] initcall ia32_binfmt_init+0x0/0x13 returned 0 after 10 usecs
[    5.530014] calling  rapl_pmu_init+0x0/0x267 @ 1
[    5.535383] initcall rapl_pmu_init+0x0/0x267 returned -19 after 48 usecs
[    5.543058] calling  amd_uncore_init+0x0/0x310 @ 1
[    5.548612] initcall amd_uncore_init+0x0/0x310 returned -19 after 0 usecs
[    5.556407] calling  amd_ibs_init+0x0/0x27b @ 1
[    5.561659] initcall amd_ibs_init+0x0/0x27b returned -19 after 0 usecs
[    5.569100] calling  amd_iommu_pc_init+0x0/0x22c @ 1
[    5.574966] initcall amd_iommu_pc_init+0x0/0x22c returned -19 after 52 usecs
[    5.583232] calling  msr_init+0x0/0x55 @ 1
[    5.588082] initcall msr_init+0x0/0x55 returned 0 after 88 usecs
[    5.595225] calling  intel_uncore_init+0x0/0x36f @ 1
[    5.600983] initcall intel_uncore_init+0x0/0x36f returned -19 after 32 usecs
[    5.609162] calling  cstate_pmu_init+0x0/0x1a1 @ 1
[    5.616012] initcall cstate_pmu_init+0x0/0x1a1 returned -19 after 1 usecs
[    5.625922] calling  register_kernel_offset_dumper+0x0/0x1a @ 1
[    5.634925] initcall register_kernel_offset_dumper+0x0/0x1a returned 0 after 126 usecs
[    5.645410] calling  i8259A_init_ops+0x0/0x20 @ 1
[    5.651111] initcall i8259A_init_ops+0x0/0x20 returned 0 after 2 usecs
[    5.658636] calling  init_tsc_clocksource+0x0/0xa4 @ 1
[    5.664710] clocksource: tsc: mask: 0xffffffffffffffff max_cycles: 0x39a85afc727, max_idle_ns: 881590685098 ns
[    5.676406] initcall init_tsc_clocksource+0x0/0xa4 returned 0 after 11420 usecs
[    5.686158] calling  add_rtc_cmos+0x0/0xb0 @ 1
[    5.693268] initcall add_rtc_cmos+0x0/0xb0 returned 0 after 27 usecs
[    5.702796] calling  i8237A_init_ops+0x0/0x3a @ 1
[    5.709869] initcall i8237A_init_ops+0x0/0x3a returned 0 after 114 usecs
[    5.719712] calling  umwait_init+0x0/0x94 @ 1
[    5.726213] initcall umwait_init+0x0/0x94 returned -19 after 19 usecs
[    5.735743] calling  thermal_throttle_init_device+0x0/0x3d @ 1
[    5.744383] initcall thermal_throttle_init_device+0x0/0x3d returned 0 after 46 usecs
[    5.754761] calling  msr_init+0x0/0xd7 @ 1
[    5.776787] initcall msr_init+0x0/0xd7 returned 0 after 16836 usecs
[    5.784575] calling  cpuid_init+0x0/0xd7 @ 1
[    5.805006] initcall cpuid_init+0x0/0xd7 returned 0 after 14754 usecs
[    5.813318] calling  ioapic_init_ops+0x0/0x13 @ 1
[    5.819749] initcall ioapic_init_ops+0x0/0x13 returned 0 after 24 usecs
[    5.827552] calling  add_pcspkr+0x0/0x6c @ 1
[    5.832846] initcall add_pcspkr+0x0/0x6c returned 0 after 259 usecs
[    5.840330] calling  start_periodic_check_for_corruption+0x0/0x30 @ 1
[    5.847968] check: Scanning for low memory corruption every 60 seconds
[    5.855546] initcall start_periodic_check_for_corruption+0x0/0x30 returned 0 after 7484 usecs
[    5.866341] calling  sysfb_init+0x0/0x9c @ 1
[    5.871644] initcall sysfb_init+0x0/0x9c returned 0 after 162 usecs
[    5.879274] calling  audit_classes_init+0x0/0xae @ 1
[    5.885160] initcall audit_classes_init+0x0/0xae returned 0 after 48 usecs
[    5.893143] calling  iosf_mbi_init+0x0/0x24 @ 1
[    5.899160] initcall iosf_mbi_init+0x0/0x24 returned 0 after 554 usecs
[    5.906743] calling  proc_execdomains_init+0x0/0x21 @ 1
[    5.912701] initcall proc_execdomains_init+0x0/0x21 returned 0 after 9 usecs
[    5.920765] calling  register_warn_debugfs+0x0/0x23 @ 1
[    5.928465] initcall register_warn_debugfs+0x0/0x23 returned 0 after 21 usecs
[    5.936828] calling  cpuhp_sysfs_init+0x0/0x79 @ 1
[    5.942623] initcall cpuhp_sysfs_init+0x0/0x79 returned 0 after 168 usecs
[    5.950425] calling  ioresources_init+0x0/0x49 @ 1
[    5.956011] initcall ioresources_init+0x0/0x49 returned 0 after 9 usecs
[    5.964148] calling  lockdep_proc_init+0x0/0x64 @ 1
[    5.970013] initcall lockdep_proc_init+0x0/0x64 returned 0 after 43 usecs
[    5.977896] calling  snapshot_device_init+0x0/0xc @ 1
[    5.985640] initcall snapshot_device_init+0x0/0xc returned 0 after 1213 usecs
[    5.994085] calling  irq_pm_init_ops+0x0/0x13 @ 1
[    5.999613] initcall irq_pm_init_ops+0x0/0x13 returned 0 after 18 usecs
[    6.007133] calling  rcu_torture_init+0x0/0x9be @ 1
[    6.013079] srcud-torture:--- Start of test: nreaders=7 nfakewriters=4 stat_interval=15 verbose=1 test_no_idle_hz=1 shuffle_interval=3 stutter=5 irqreader=1 fqs_duration=0 fqs_holdoff=0 fqs_stutter=3 test_boost=1/0 test_boost_interval=7 test_boost_duration=4 shutdown_secs=1800 stall_cpu=0 stall_cpu_holdoff=10 stall_cpu_irqsoff=0 stall_cpu_block=0 n_barrier_cbs=4 onoff_interval=1000 onoff_holdoff=30 read_exit_delay=13 read_exit_burst=16
[    6.063340] srcud:  Start-test grace-period state: g0 f0x0
[    6.071764] srcud-torture: Creating rcu_torture_writer task
[    6.083197] srcud-torture: Creating rcu_torture_fakewriter task
[    6.084125] srcud-torture: rcu_torture_writer task started
[    6.094221] srcud-torture: Creating rcu_torture_fakewriter task
[    6.094754] srcud-torture: rcu_torture_fakewriter task started
[    6.099832] srcud-torture: GP expediting controlled from boot/sysfs for srcud.
[    6.099836] rcu_torture_writer: Testing expedited GPs.
[    6.099838] rcu_torture_writer: Testing asynchronous GPs.
[    6.099840] rcu_torture_writer: Testing normal GPs.
[    6.153105] srcud-torture: Creating rcu_torture_fakewriter task
[    6.153655] srcud-torture: rcu_torture_fakewriter task started
[    6.163867] srcud-torture: Creating rcu_torture_fakewriter task
[    6.164327] srcud-torture: rcu_torture_fakewriter task started
[    6.187281] srcud-torture: Creating rcu_torture_reader task
[    6.187457] srcud-torture: rcu_torture_fakewriter task started
[    6.197407] srcud-torture: Creating rcu_torture_reader task
[    6.197901] srcud-torture: rcu_torture_reader task started
[    6.222227] srcud-torture: Creating rcu_torture_reader task
[    6.222435] srcud-torture: rcu_torture_reader task started
[    6.233428] srcud-torture: Creating rcu_torture_reader task
[    6.234007] srcud-torture: rcu_torture_reader task started
[    6.256840] srcud-torture: Creating rcu_torture_reader task
[    6.257690] srcud-torture: rcu_torture_reader task started
[    6.270352] srcud-torture: Creating rcu_torture_reader task
[    6.270908] srcud-torture: rcu_torture_reader task started
[    6.289266] srcud-torture: Creating rcu_torture_reader task
[    6.289283] srcud-torture: rcu_torture_reader task started
[    6.298343] srcud-torture: Creating rcu_torture_stats task
[    6.298382] srcud-torture: rcu_torture_reader task started
[    6.320392] srcud-torture: Creating torture_shuffle task
[    6.320440] srcud-torture: rcu_torture_stats task started
[    6.332917] srcud-torture: Creating torture_stutter task
[    6.334670] srcud-torture: torture_shuffle task started
[    6.342156] srcud-torture: torture_stutter task started
[    6.342200] srcud-torture: Creating torture_shutdown task
[    6.344109] srcud-torture: Creating torture_onoff task
[    6.344124] srcud-torture: torture_shutdown task started
[    6.344128] srcud-torture:torture_shutdown task: 1799998 ms remaining
[    6.363175] srcud-torture: rcu_torture_fwd_prog_init: Disabled, unsupported by RCU flavor under test
[    6.363201] srcud-torture: torture_onoff task started
[    6.363204] srcud-torture: torture_onoff begin holdoff
[    6.416409] srcud-torture: Creating rcu_torture_barrier_cbs task
[    6.426857] srcud-torture: Creating rcu_torture_barrier_cbs task
[    6.427126] srcud-torture: rcu_torture_barrier_cbs task started
[    6.436059] srcud-torture: Creating rcu_torture_barrier_cbs task
[    6.436446] srcud-torture: rcu_torture_barrier_cbs task started
[    6.458361] srcud-torture: Creating rcu_torture_barrier_cbs task
[    6.458857] srcud-torture: rcu_torture_barrier_cbs task started
[    6.467592] srcud-torture: Creating rcu_torture_barrier task
[    6.467624] srcud-torture: rcu_torture_barrier_cbs task started
[    6.493440] srcud-torture: Creating rcu_torture_read_exit task
[    6.493499] srcud-torture: rcu_torture_barrier task starting
[    6.502664] initcall rcu_torture_init+0x0/0x9be returned 0 after 478364 usecs
[    6.502724] srcud-torture: rcu_torture_read_exit: Start of test
[    6.527789] calling  timekeeping_init_ops+0x0/0x13 @ 1
[    6.535277] initcall timekeeping_init_ops+0x0/0x13 returned 0 after 41 usecs
[    6.544630] calling  init_clocksource_sysfs+0x0/0x23 @ 1
[    6.552143] initcall init_clocksource_sysfs+0x0/0x23 returned 0 after 206 usecs
[    6.561280] calling  init_timer_list_procfs+0x0/0x31 @ 1
[    6.567652] initcall init_timer_list_procfs+0x0/0x31 returned 0 after 8 usecs
[    6.576429] calling  alarmtimer_init+0x0/0xf5 @ 1
[    6.583019] initcall alarmtimer_init+0x0/0xf5 returned 0 after 487 usecs
[    6.591331] calling  init_posix_timers+0x0/0x29 @ 1
[    6.597596] initcall init_posix_timers+0x0/0x29 returned 0 after 18 usecs
[    6.607076] calling  clockevents_init_sysfs+0x0/0xbf @ 1
[    6.615448] initcall clockevents_init_sysfs+0x0/0xbf returned 0 after 525 usecs
[    6.625545] calling  proc_dma_init+0x0/0x21 @ 1
[    6.633178] initcall proc_dma_init+0x0/0x21 returned 0 after 29 usecs
[    6.641624] calling  proc_modules_init+0x0/0x1e @ 1
[    6.648212] initcall proc_modules_init+0x0/0x1e returned 0 after 44 usecs
[    6.657532] calling  kallsyms_init+0x0/0x21 @ 1
[    6.663317] initcall kallsyms_init+0x0/0x21 returned 0 after 7 usecs
[    6.671481] calling  pid_namespaces_init+0x0/0x2c @ 1
[    6.678178] initcall pid_namespaces_init+0x0/0x2c returned 0 after 17 usecs
[    6.687326] calling  audit_watch_init+0x0/0x37 @ 1
[    6.693556] initcall audit_watch_init+0x0/0x37 returned 0 after 4 usecs
[    6.705027] calling  audit_fsnotify_init+0x0/0x37 @ 1
[    6.711702] initcall audit_fsnotify_init+0x0/0x37 returned 0 after 3 usecs
[    6.720898] calling  audit_tree_init+0x0/0x6d @ 1
[    6.727438] initcall audit_tree_init+0x0/0x6d returned 0 after 12 usecs
[    6.736149] calling  seccomp_sysctl_init+0x0/0x2b @ 1
[    6.744112] initcall seccomp_sysctl_init+0x0/0x2b returned 0 after 59 usecs
[    6.755364] calling  utsname_sysctl_init+0x0/0x13 @ 1
[    6.763706] initcall utsname_sysctl_init+0x0/0x13 returned 0 after 14 usecs
[    6.775095] calling  init_tracepoints+0x0/0x27 @ 1
[    6.782876] initcall init_tracepoints+0x0/0x27 returned 0 after 3 usecs
[    6.791332] calling  init_blk_tracer+0x0/0x50 @ 1
[    6.797581] initcall init_blk_tracer+0x0/0x50 returned 0 after 104 usecs
[    6.806475] calling  perf_event_sysfs_init+0x0/0x83 @ 1
[    6.816237] initcall perf_event_sysfs_init+0x0/0x83 returned 0 after 1288 usecs
[    6.828248] calling  system_trusted_keyring_init+0x0/0x60 @ 1
[    6.836898] Initialise system trusted keyrings
[    6.844218] initcall system_trusted_keyring_init+0x0/0x60 returned 0 after 7144 usecs
[    6.854348] calling  kswapd_init+0x0/0x5c @ 1
[    6.862349] initcall kswapd_init+0x0/0x5c returned 0 after 1760 usecs
[    6.871051] calling  extfrag_debug_init+0x0/0x54 @ 1
[    6.878916] initcall extfrag_debug_init+0x0/0x54 returned 0 after 183 usecs
[    6.889758] calling  mm_compute_batch_init+0x0/0x12 @ 1
[    6.898481] initcall mm_compute_batch_init+0x0/0x12 returned 0 after 21 usecs
[    6.910291] calling  slab_proc_init+0x0/0x21 @ 1
[    6.917909] initcall slab_proc_init+0x0/0x21 returned 0 after 233 usecs
[    6.928186] calling  workingset_init+0x0/0x8c @ 1
[    6.935559] workingset: timestamp_bits=56 max_order=17 bucket_order=0
[    6.944723] initcall workingset_init+0x0/0x8c returned 0 after 8893 usecs
[    6.954082] calling  proc_vmalloc_init+0x0/0x32 @ 1
[    6.960754] initcall proc_vmalloc_init+0x0/0x32 returned 0 after 10 usecs
[    6.969533] calling  procswaps_init+0x0/0x1e @ 1
[    6.975572] initcall procswaps_init+0x0/0x1e returned 0 after 34 usecs
[    6.984271] calling  slab_sysfs_init+0x0/0xec @ 1
[    7.002784] initcall slab_sysfs_init+0x0/0xec returned 0 after 11907 usecs
[    7.011715] calling  fcntl_init+0x0/0x29 @ 1
[    7.017652] initcall fcntl_init+0x0/0x29 returned 0 after 262 usecs
[    7.026088] calling  proc_filesystems_init+0x0/0x21 @ 1
[    7.033575] initcall proc_filesystems_init+0x0/0x21 returned 0 after 11 usecs
[    7.043647] calling  start_dirtytime_writeback+0x0/0x29 @ 1
[    7.051189] initcall start_dirtytime_writeback+0x0/0x29 returned 0 after 3 usecs
[    7.060968] calling  blkdev_init+0x0/0x1b @ 1
[    7.067380] initcall blkdev_init+0x0/0x1b returned 0 after 326 usecs
[    7.077195] calling  dio_init+0x0/0x2c @ 1
[    7.084094] initcall dio_init+0x0/0x2c returned 0 after 186 usecs
[    7.094117] calling  dnotify_init+0x0/0x78 @ 1
[    7.101397] initcall dnotify_init+0x0/0x78 returned 0 after 300 usecs
[    7.110022] calling  aio_setup+0x0/0x78 @ 1
[    7.116321] initcall aio_setup+0x0/0x78 returned 0 after 296 usecs
[    7.124455] calling  io_uring_init+0x0/0x2c @ 1
[    7.130876] initcall io_uring_init+0x0/0x2c returned 0 after 43 usecs
[    7.139350] calling  mbcache_init+0x0/0x30 @ 1
[    7.145333] initcall mbcache_init+0x0/0x30 returned 0 after 116 usecs
[    7.153397] calling  init_grace+0x0/0xc @ 1
[    7.159077] initcall init_grace+0x0/0xc returned 0 after 8 usecs
[    7.168137] calling  init_v2_quota_format+0x0/0x21 @ 1
[    7.175787] initcall init_v2_quota_format+0x0/0x21 returned 0 after 415 usecs
[    7.187575] calling  init_devpts_fs+0x0/0x27 @ 1
[    7.195278] initcall init_devpts_fs+0x0/0x27 returned 0 after 52 usecs
[    7.207041] calling  ext4_init_fs+0x0/0x1c2 @ 1
[    7.215285] initcall ext4_init_fs+0x0/0x1c2 returned 0 after 2124 usecs
[    7.224538] calling  journal_init+0x0/0x11c @ 1
[    7.231100] initcall journal_init+0x0/0x11c returned 0 after 291 usecs
[    7.239571] calling  init_fat_fs+0x0/0x49 @ 1
[    7.245842] initcall init_fat_fs+0x0/0x49 returned 0 after 292 usecs
[    7.253791] calling  init_vfat_fs+0x0/0xc @ 1
[    7.259454] initcall init_vfat_fs+0x0/0xc returned 0 after 7 usecs
[    7.267894] calling  init_msdos_fs+0x0/0xc @ 1
[    7.274234] initcall init_msdos_fs+0x0/0xc returned 0 after 6 usecs
[    7.282714] calling  init_iso9660_fs+0x0/0x6c @ 1
[    7.290249] initcall init_iso9660_fs+0x0/0x6c returned 0 after 379 usecs
[    7.299909] calling  init_nfs_fs+0x0/0x13a @ 1
[    7.311930] initcall init_nfs_fs+0x0/0x13a returned 0 after 4665 usecs
[    7.322096] calling  init_nfs_v2+0x0/0x13 @ 1
[    7.329390] initcall init_nfs_v2+0x0/0x13 returned 0 after 283 usecs
[    7.338801] calling  init_nfs_v3+0x0/0x13 @ 1
[    7.344495] initcall init_nfs_v3+0x0/0x13 returned 0 after 3 usecs
[    7.352377] calling  init_nfs_v4+0x0/0x32 @ 1
[    7.358163] NFS: Registering the id_resolver key type
[    7.364981] Key type id_resolver registered
[    7.370774] Key type id_legacy registered
[    7.376108] initcall init_nfs_v4+0x0/0x32 returned 0 after 17564 usecs
[    7.384786] calling  init_nlm+0x0/0x5b @ 1
[    7.390647] initcall init_nlm+0x0/0x5b returned 0 after 70 usecs
[    7.400328] calling  init_nls_cp437+0x0/0xe @ 1
[    7.407957] initcall init_nls_cp437+0x0/0xe returned 0 after 159 usecs
[    7.418955] calling  init_nls_ascii+0x0/0xe @ 1
[    7.425497] initcall init_nls_ascii+0x0/0xe returned 0 after 2 usecs
[    7.433762] calling  init_nls_iso8859_1+0x0/0xe @ 1
[    7.440162] initcall init_nls_iso8859_1+0x0/0xe returned 0 after 2 usecs
[    7.448638] calling  init_nls_utf8+0x0/0x21 @ 1
[    7.454835] initcall init_nls_utf8+0x0/0x21 returned 0 after 3 usecs
[    7.462850] calling  init_autofs_fs+0x0/0x25 @ 1
[    7.469941] initcall init_autofs_fs+0x0/0x25 returned 0 after 873 usecs
[    7.480237] calling  ipc_init+0x0/0x24 @ 1
[    7.487158] initcall ipc_init+0x0/0x24 returned 0 after 54 usecs
[    7.494715] calling  ipc_sysctl_init+0x0/0x13 @ 1
[    7.500804] initcall ipc_sysctl_init+0x0/0x13 returned 0 after 17 usecs
[    7.509510] calling  init_mqueue_fs+0x0/0xb1 @ 1
[    7.516569] initcall init_mqueue_fs+0x0/0xb1 returned 0 after 706 usecs
[    7.525990] calling  key_proc_init+0x0/0x63 @ 1
[    7.532516] initcall key_proc_init+0x0/0x63 returned 0 after 12 usecs
[    7.541586] calling  selinux_nf_ip_init+0x0/0x2e @ 1
[    7.548841] initcall selinux_nf_ip_init+0x0/0x2e returned 0 after 29 usecs
[    7.558660] calling  init_sel_fs+0x0/0x116 @ 1
[    7.565489] initcall init_sel_fs+0x0/0x116 returned 0 after 1 usecs
[    7.575294] calling  selnl_init+0x0/0x7c @ 1
[    7.582528] initcall selnl_init+0x0/0x7c returned 0 after 165 usecs
[    7.591774] calling  sel_netif_init+0x0/0x36 @ 1
[    7.598641] initcall sel_netif_init+0x0/0x36 returned 0 after 1 usecs
[    7.607988] calling  sel_netnode_init+0x0/0x33 @ 1
[    7.615373] initcall sel_netnode_init+0x0/0x33 returned 0 after 1 usecs
[    7.625429] calling  sel_netport_init+0x0/0x33 @ 1
[    7.632097] initcall sel_netport_init+0x0/0x33 returned 0 after 1 usecs
[    7.641299] calling  aurule_init+0x0/0x2a @ 1
[    7.647918] initcall aurule_init+0x0/0x2a returned 0 after 4 usecs
[    7.658131] calling  crypto_algapi_init+0x0/0xc @ 1
[    7.665325] initcall crypto_algapi_init+0x0/0xc returned 0 after 12 usecs
[    7.675292] calling  jent_mod_init+0x0/0x2d @ 1
[    7.698454] initcall jent_mod_init+0x0/0x2d returned 0 after 15118 usecs
[    7.709867] calling  asymmetric_key_init+0x0/0xc @ 1
[    7.718619] Key type asymmetric registered
[    7.725424] initcall asymmetric_key_init+0x0/0xc returned 0 after 6643 usecs
[    7.737143] calling  x509_key_init+0x0/0xc @ 1
[    7.745370] Asymmetric key parser 'x509' registered
[    7.752515] initcall x509_key_init+0x0/0xc returned 0 after 7659 usecs
[    7.761154] calling  proc_genhd_init+0x0/0x41 @ 1
[    7.768407] initcall proc_genhd_init+0x0/0x41 returned 0 after 84 usecs
[    7.778280] calling  bsg_init+0x0/0x113 @ 1
[    7.785369] Block layer SCSI generic (bsg) driver version 0.4 loaded (major 251)
[    7.795653] initcall bsg_init+0x0/0x113 returned 0 after 11288 usecs
[    7.805478] calling  deadline_init+0x0/0xc @ 1
[    7.811676] io scheduler mq-deadline registered
[    7.817899] initcall deadline_init+0x0/0xc returned 0 after 6269 usecs
[    7.827482] calling  kyber_init+0x0/0xc @ 1
[    7.834254] io scheduler kyber registered
[    7.840154] initcall kyber_init+0x0/0xc returned 0 after 5760 usecs
[    7.848625] calling  mod_init+0x0/0x7 @ 1
[    7.855147] initcall mod_init+0x0/0x7 returned 0 after 0 usecs
[    7.863374] calling  percpu_counter_startup+0x0/0x55 @ 1
[    7.881122] initcall percpu_counter_startup+0x0/0x55 returned 0 after 9256 usecs
[    7.891659] calling  sg_pool_init+0x0/0xb4 @ 1
[    7.899486] initcall sg_pool_init+0x0/0xb4 returned 0 after 660 usecs
[    7.909073] calling  pcie_portdrv_init+0x0/0x39 @ 1
[    7.916958] initcall pcie_portdrv_init+0x0/0x39 returned 0 after 287 usecs
[    7.926569] calling  pci_proc_init+0x0/0x68 @ 1
[    7.935207] initcall pci_proc_init+0x0/0x68 returned 0 after 850 usecs
[    7.944727] calling  pci_hotplug_init+0x0/0x7 @ 1
[    7.951587] initcall pci_hotplug_init+0x0/0x7 returned 0 after 0 usecs
[    7.960898] calling  efifb_driver_init+0x0/0xe @ 1
[    7.968259] initcall efifb_driver_init+0x0/0xe returned 0 after 63 usecs
[    7.977346] calling  ged_driver_init+0x0/0xe @ 1
[    7.984286] initcall ged_driver_init+0x0/0xe returned 0 after 46 usecs
[    7.993788] calling  acpi_ac_init+0x0/0x92 @ 1
[    8.001309] initcall acpi_ac_init+0x0/0x92 returned 0 after 1061 usecs
[    8.010876] calling  acpi_button_driver_init+0x0/0x52 @ 1
[    8.020442] input: Power Button as /devices/LNXSYSTM:00/LNXPWRBN:00/input/input0
[    8.034318] ACPI: Power Button [PWRF]
[    8.041116] initcall acpi_button_driver_init+0x0/0x52 returned 0 after 21832 usecs
[    8.054595] calling  acpi_fan_driver_init+0x0/0xe @ 1
[    8.062822] initcall acpi_fan_driver_init+0x0/0xe returned 0 after 50 usecs
[    8.074781] calling  acpi_video_init+0x0/0xcb @ 1
[    8.083045] initcall acpi_video_init+0x0/0xcb returned 0 after 454 usecs
[    8.093825] calling  acpi_processor_driver_init+0x0/0xad @ 1
[    8.104980] initcall acpi_processor_driver_init+0x0/0xad returned 0 after 2051 usecs
[    8.117578] calling  acpi_thermal_init+0x0/0x71 @ 1
[    8.130267] initcall acpi_thermal_init+0x0/0x71 returned 0 after 4614 usecs
[    8.141336] calling  acpi_battery_init+0x0/0x32 @ 1
[    8.150029] initcall acpi_battery_init+0x0/0x32 returned 0 after 384 usecs
[    8.160406] calling  bgrt_init+0x0/0xb6 @ 1
[    8.167123] initcall bgrt_init+0x0/0xb6 returned -19 after 1 usecs
[    8.177300] calling  gpio_clk_driver_init+0x0/0xe @ 1
[    8.186951] initcall gpio_clk_driver_init+0x0/0xe returned 0 after 46 usecs
[    8.199489] calling  plt_clk_driver_init+0x0/0xe @ 1
[    8.207583] initcall plt_clk_driver_init+0x0/0xe returned 0 after 38 usecs
[    8.218219] calling  virtio_pci_driver_init+0x0/0x15 @ 1
[    8.226480] initcall virtio_pci_driver_init+0x0/0x15 returned 0 after 146 usecs
[    8.240152] calling  n_null_init+0x0/0x1e @ 1
[    8.248738] initcall n_null_init+0x0/0x1e returned 0 after 98 usecs
[    8.261153] calling  pty_init+0x0/0x1e8 @ 1
[    8.271239] initcall pty_init+0x0/0x1e8 returned 0 after 3117 usecs
[    8.284260] calling  sysrq_init+0x0/0x62 @ 1
[    8.290652] initcall sysrq_init+0x0/0x62 returned 0 after 193 usecs
[    8.299572] calling  serial8250_init+0x0/0x17e @ 1
[    8.306667] Serial: 8250/16550 driver, 4 ports, IRQ sharing enabled
[    8.318922] 00:03: ttyS0 at I/O 0x3f8 (irq = 4, base_baud = 115200) is a 16550A
[    8.337642] initcall serial8250_init+0x0/0x17e returned 0 after 30273 usecs
[    8.349454] calling  serial_pci_driver_init+0x0/0x15 @ 1
[    8.358532] initcall serial_pci_driver_init+0x0/0x15 returned 0 after 206 usecs
[    8.370909] calling  exar_pci_driver_init+0x0/0x15 @ 1
[    8.379909] initcall exar_pci_driver_init+0x0/0x15 returned 0 after 63 usecs
[    8.392019] calling  lpss8250_pci_driver_init+0x0/0x15 @ 1
[    8.401185] initcall lpss8250_pci_driver_init+0x0/0x15 returned 0 after 76 usecs
[    8.413361] calling  mid8250_pci_driver_init+0x0/0x15 @ 1
[    8.422468] initcall mid8250_pci_driver_init+0x0/0x15 returned 0 after 53 usecs
[    8.435119] calling  virtio_console_init+0x0/0xff @ 1
[    8.444289] initcall virtio_console_init+0x0/0xff returned 0 after 338 usecs
[    8.455774] calling  hpet_init+0x0/0x64 @ 1
[    8.466042] initcall hpet_init+0x0/0x64 returned 0 after 3188 usecs
[    8.476516] calling  nvram_module_init+0x0/0x83 @ 1
[    8.487254] Non-volatile memory driver v1.3
[    8.494176] initcall nvram_module_init+0x0/0x83 returned 0 after 9242 usecs
[    8.505896] calling  hwrng_modinit+0x0/0x8a @ 1
[    8.515469] initcall hwrng_modinit+0x0/0x8a returned 0 after 1888 usecs
[    8.525515] calling  mod_init+0x0/0x48 @ 1
[    8.531523] initcall mod_init+0x0/0x48 returned -19 after 0 usecs
[    8.539831] calling  agp_init+0x0/0x23 @ 1
[    8.545776] Linux agpgart interface v0.103
[    8.552117] initcall agp_init+0x0/0x23 returned 0 after 6188 usecs
[    8.560774] calling  agp_amd64_mod_init+0x0/0x5 @ 1
[    8.568416] initcall agp_amd64_mod_init+0x0/0x5 returned -19 after 511 usecs
[    8.578390] calling  agp_intel_init+0x0/0x28 @ 1
[    8.585681] initcall agp_intel_init+0x0/0x28 returned 0 after 507 usecs
[    8.594990] calling  drm_kms_helper_init+0x0/0x7 @ 1
[    8.601998] initcall drm_kms_helper_init+0x0/0x7 returned 0 after 0 usecs
[    8.611535] calling  drm_core_init+0x0/0xbd @ 1
[    8.619058] initcall drm_core_init+0x0/0xbd returned 0 after 721 usecs
[    8.628510] calling  i915_init+0x0/0x6b @ 1
[    8.637605] initcall i915_init+0x0/0x6b returned 0 after 2516 usecs
[    8.646749] calling  cn_proc_init+0x0/0x35 @ 1
[    8.653330] initcall cn_proc_init+0x0/0x35 returned 0 after 113 usecs
[    8.662734] calling  topology_sysfs_init+0x0/0x27 @ 1
[    8.670895] initcall topology_sysfs_init+0x0/0x27 returned 0 after 836 usecs
[    8.682318] calling  cacheinfo_sysfs_init+0x0/0x27 @ 1
[    8.712693] initcall cacheinfo_sysfs_init+0x0/0x27 returned 0 after 21347 usecs
[    8.725269] calling  loop_init+0x0/0x16a @ 1
[    8.861126] loop: module loaded
[    8.866157] initcall loop_init+0x0/0x16a returned 0 after 130638 usecs
[    8.875419] calling  mac_hid_init+0x0/0x21 @ 1
[    8.882325] initcall mac_hid_init+0x0/0x21 returned 0 after 14 usecs
[    8.891447] calling  spi_transport_init+0x0/0x74 @ 1
[    8.899230] initcall spi_transport_init+0x0/0x74 returned 0 after 734 usecs
[    8.909732] calling  init_sd+0x0/0x18c @ 1
[    8.916504] initcall init_sd+0x0/0x18c returned 0 after 474 usecs
[    8.925116] calling  init_sr+0x0/0x43 @ 1
[    8.931170] initcall init_sr+0x0/0x43 returned 0 after 161 usecs
[    8.939742] calling  init_sg+0x0/0x1c0 @ 1
[    8.945876] initcall init_sg+0x0/0x1c0 returned 0 after 145 usecs
[    8.954924] calling  ahci_pci_driver_init+0x0/0x15 @ 1
[    8.962913] ahci 0000:00:1f.2: version 3.0
[    8.973140] PCI Interrupt Link [GSIA] enabled at IRQ 16
[    9.040095] ahci 0000:00:1f.2: AHCI 0001.0000 32 slots 6 ports 1.5 Gbps 0x3f impl SATA mode
[    9.052452] ahci 0000:00:1f.2: flags: 64bit ncq only 
[    9.103777] scsi host0: ahci
[    9.119728] scsi host1: ahci
[    9.139580] scsi host2: ahci
[    9.153478] scsi host3: ahci
[    9.162555] scsi host4: ahci
[    9.176562] scsi host5: ahci
[    9.183502] ata1: SATA max UDMA/133 abar m4096@0xfebf1000 port 0xfebf1100 irq 24
[    9.193591] ata2: SATA max UDMA/133 abar m4096@0xfebf1000 port 0xfebf1180 irq 24
[    9.203921] ata3: SATA max UDMA/133 abar m4096@0xfebf1000 port 0xfebf1200 irq 24
[    9.217248] ata4: SATA max UDMA/133 abar m4096@0xfebf1000 port 0xfebf1280 irq 24
[    9.227968] ata5: SATA max UDMA/133 abar m4096@0xfebf1000 port 0xfebf1300 irq 24
[    9.238775] ata6: SATA max UDMA/133 abar m4096@0xfebf1000 port 0xfebf1380 irq 24
[    9.250279] initcall ahci_pci_driver_init+0x0/0x15 returned 0 after 281192 usecs
[    9.261106] calling  piix_init+0x0/0x26 @ 1
[    9.267191] initcall piix_init+0x0/0x26 returned 0 after 173 usecs
[    9.276121] calling  amd_pci_driver_init+0x0/0x15 @ 1
[    9.283590] initcall amd_pci_driver_init+0x0/0x15 returned 0 after 74 usecs
[    9.293560] calling  oldpiix_pci_driver_init+0x0/0x15 @ 1
[    9.301472] initcall oldpiix_pci_driver_init+0x0/0x15 returned 0 after 196 usecs
[    9.311744] calling  sch_pci_driver_init+0x0/0x15 @ 1
[    9.319174] initcall sch_pci_driver_init+0x0/0x15 returned 0 after 59 usecs
[    9.329470] calling  net_olddevs_init+0x0/0x55 @ 1
[    9.336644] initcall net_olddevs_init+0x0/0x55 returned 0 after 23 usecs
[    9.347410] calling  blackhole_netdev_init+0x0/0x78 @ 1
[    9.357182] initcall blackhole_netdev_init+0x0/0x78 returned 0 after 1065 usecs
[    9.369542] calling  phy_module_init+0x0/0x13 @ 1
[    9.376306] initcall phy_module_init+0x0/0x13 returned 0 after 509 usecs
[    9.385137] calling  tg3_driver_init+0x0/0x15 @ 1
[    9.391606] initcall tg3_driver_init+0x0/0x15 returned 0 after 72 usecs
[    9.400185] calling  e100_init_module+0x0/0x4c @ 1
[    9.407029] e100: Intel(R) PRO/100 Network Driver
[    9.414295] e100: Copyright(c) 1999-2006 Intel Corporation
[    9.422503] initcall e100_init_module+0x0/0x4c returned 0 after 15134 usecs
[    9.432509] calling  e1000_init_module+0x0/0x72 @ 1
[    9.439521] e1000: Intel(R) PRO/1000 Network Driver
[    9.446541] e1000: Copyright (c) 1999-2006 Intel Corporation.
[    9.455140] initcall e1000_init_module+0x0/0x72 returned 0 after 15245 usecs
[    9.466191] calling  e1000_init_module+0x0/0x2d @ 1
[    9.474261] e1000e: Intel(R) PRO/1000 Network Driver
[    9.481746] e1000e: Copyright(c) 1999 - 2015 Intel Corporation.
[    9.491019] initcall e1000_init_module+0x0/0x2d returned 0 after 16472 usecs
[    9.502920] calling  sky2_init_module+0x0/0x21 @ 1
[    9.511154] sky2: driver version 1.30
[    9.517569] initcall sky2_init_module+0x0/0x21 returned 0 after 6256 usecs
[    9.528432] calling  forcedeth_pci_driver_init+0x0/0x15 @ 1
[    9.537389] initcall forcedeth_pci_driver_init+0x0/0x15 returned 0 after 196 usecs
[    9.550290] calling  rtl8139_init_module+0x0/0x15 @ 1
[    9.558874] initcall rtl8139_init_module+0x0/0x15 returned 0 after 82 usecs
[    9.571034] calling  rtl8169_pci_driver_init+0x0/0x15 @ 1
[    9.573505] ata1: SATA link down (SStatus 0 SControl 300)
[    9.580403] initcall rtl8169_pci_driver_init+0x0/0x15 returned 0 after 689 usecs
[    9.601795] ata3: SATA link up 1.5 Gbps (SStatus 113 SControl 300)
[    9.603443] calling  cdrom_init+0x0/0xc @ 1
[    9.617309] ata2: SATA link down (SStatus 0 SControl 300)
[    9.620952] initcall cdrom_init+0x0/0xc returned 0 after 279 usecs
[    9.630443] ata3.00: ATAPI: QEMU DVD-ROM, 2.5+, max UDMA/100
[    9.640181] calling  nonstatic_sysfs_init+0x0/0xc @ 1
[    9.648208] ata3.00: applying bridge limits
[    9.651911] ata4: SATA link down (SStatus 0 SControl 300)
[    9.658864] initcall nonstatic_sysfs_init+0x0/0xc returned 0 after 26 usecs
[    9.658870] calling  yenta_cardbus_driver_init+0x0/0x15 @ 1
[    9.659040] initcall yenta_cardbus_driver_init+0x0/0x15 returned 0 after 162 usecs
[    9.659043] calling  mon_init+0x0/0x144 @ 1
[    9.688105] initcall mon_init+0x0/0x144 returned 0 after 28370 usecs
[    9.714718] ata5: SATA link down (SStatus 0 SControl 300)
[    9.718230] calling  ehci_hcd_init+0x0/0x56 @ 1
[    9.728679] ata3.00: configured for UDMA/100
[    9.733942] ehci_hcd: USB 2.0 'Enhanced' Host Controller (EHCI) Driver
[    9.743782] ata6: SATA link down (SStatus 0 SControl 300)
[    9.751000] initcall ehci_hcd_init+0x0/0x56 returned 0 after 16912 usecs
[    9.751006] calling  ehci_pci_init+0x0/0x64 @ 1
[    9.776328] ehci-pci: EHCI PCI platform driver
[    9.781509] scsi 2:0:0:0: CD-ROM            QEMU     QEMU DVD-ROM     2.5+ PQ: 0 ANSI: 5
[    9.783696] initcall ehci_pci_init+0x0/0x64 returned 0 after 7286 usecs
[    9.807470] calling  ohci_hcd_mod_init+0x0/0x4e @ 1
[    9.814516] ohci_hcd: USB 1.1 'Open' Host Controller (OHCI) Driver
[    9.823673] initcall ohci_hcd_mod_init+0x0/0x4e returned 0 after 8939 usecs
[    9.833770] calling  ohci_pci_init+0x0/0x64 @ 1
[    9.840790] ohci-pci: OHCI PCI platform driver
[    9.848341] initcall ohci_pci_init+0x0/0x64 returned 0 after 7373 usecs
[    9.859099] calling  uhci_hcd_init+0x0/0xa8 @ 1
[    9.861513] sr 2:0:0:0: [sr0] scsi3-mmc drive: 4x/4x cd/rw xa/form2 tray
[    9.869628] uhci_hcd: USB Universal Host Controller Interface driver
[    9.870038] initcall uhci_hcd_init+0x0/0xa8 returned 0 after 408 usecs
[    9.880326] cdrom: Uniform CD-ROM driver Revision: 3.20
[    9.889917] calling  xhci_hcd_init+0x0/0x1e @ 1
[    9.890040] initcall xhci_hcd_init+0x0/0x1e returned 0 after 113 usecs
[    9.926585] calling  xhci_pci_init+0x0/0x49 @ 1
[    9.934314] initcall xhci_pci_init+0x0/0x49 returned 0 after 253 usecs
[    9.943912] calling  usblp_driver_init+0x0/0x15 @ 1
[    9.951515] usbcore: registered new interface driver usblp
[    9.953261] sr 2:0:0:0: Attached scsi CD-ROM sr0
[    9.959461] initcall usblp_driver_init+0x0/0x15 returned 0 after 8080 usecs
[    9.959466] calling  usb_storage_driver_init+0x0/0x2a @ 1
[    9.959570] usbcore: registered new interface driver usb-storage
[    9.970226] sr 2:0:0:0: Attached scsi generic sg0 type 5
[    9.975972] initcall usb_storage_driver_init+0x0/0x2a returned 0 after 16060 usecs
[    9.975978] calling  i8042_init+0x0/0x4c2 @ 1
[    9.976369] i8042: PNP: PS/2 Controller [PNP0303:KBD,PNP0f13:MOU] at 0x60,0x64 irq 1,12
[   10.089871] serio: i8042 KBD port at 0x60,0x64 irq 1
[   10.098945] serio: i8042 AUX port at 0x60,0x64 irq 12
[   10.107308] initcall i8042_init+0x0/0x4c2 returned 0 after 128243 usecs
[   10.117458] calling  serport_init+0x0/0x2c @ 1
[   10.125219] initcall serport_init+0x0/0x2c returned 0 after 2 usecs
[   10.134977] calling  input_leds_init+0x0/0xc @ 1
[   10.142496] initcall input_leds_init+0x0/0xc returned 0 after 96 usecs
[   10.152988] calling  evdev_init+0x0/0xc @ 1
[   10.162205] initcall evdev_init+0x0/0xc returned 0 after 2320 usecs
[   10.173412] calling  atkbd_init+0x0/0x21 @ 1
[   10.181540] initcall atkbd_init+0x0/0x21 returned 0 after 1177 usecs
[   10.191951] calling  psmouse_init+0x0/0x7f @ 1
[   10.196083] input: AT Translated Set 2 keyboard as /devices/platform/i8042/serio0/input/input1
[   10.199106] initcall psmouse_init+0x0/0x7f returned 0 after 507 usecs
[   10.225213] calling  cmos_init+0x0/0x73 @ 1
[   10.232412] rtc_cmos 00:04: RTC can wake from S4
[   10.258694] rtc_cmos 00:04: registered as rtc0
[   10.268340] rtc_cmos 00:04: alarms up to one day, y3k, 242 bytes nvram, hpet irqs
[   10.281174] initcall cmos_init+0x0/0x73 returned 0 after 48770 usecs
[   10.293910] calling  smbalert_driver_init+0x0/0xe @ 1
[   10.305831] initcall smbalert_driver_init+0x0/0xe returned 0 after 342 usecs
[   10.318687] calling  i2c_i801_init+0x0/0xc5 @ 1
[   10.334247] i801_smbus 0000:00:1f.3: SMBus using PCI interrupt
[   10.348597] i2c i2c-0: 1/1 memory slots populated (from DMI)
[   10.356596] i2c i2c-0: Memory type 0x07 not supported yet, not instantiating SPD
[   10.369107] initcall i2c_i801_init+0x0/0xc5 returned 0 after 41501 usecs
[   10.379503] calling  ptp_kvm_init+0x0/0xf0 @ 1
[   10.390181] initcall ptp_kvm_init+0x0/0xf0 returned 0 after 3802 usecs
[   10.399825] calling  dm_init+0x0/0x3c @ 1
[   10.410246] device-mapper: ioctl: 4.43.0-ioctl (2020-10-01) initialised: dm-devel@redhat.com
[   10.423568] initcall dm_init+0x0/0x3c returned 0 after 16147 usecs
[   10.433474] calling  dm_mirror_init+0x0/0x29 @ 1
[   10.440849] initcall dm_mirror_init+0x0/0x29 returned 0 after 71 usecs
[   10.451512] calling  dm_dirty_log_init+0x0/0x4f @ 1
[   10.460109] initcall dm_dirty_log_init+0x0/0x4f returned 0 after 435 usecs
[   10.471651] calling  dm_zero_init+0x0/0x29 @ 1
[   10.479040] initcall dm_zero_init+0x0/0x29 returned 0 after 5 usecs
[   10.489232] calling  intel_pstate_init+0x0/0x50f @ 1
[   10.497374] intel_pstate: CPU model not supported
[   10.505281] initcall intel_pstate_init+0x0/0x50f returned -19 after 7719 usecs
[   10.516896] calling  haltpoll_init+0x0/0xc0 @ 1
[   10.524505] initcall haltpoll_init+0x0/0xc0 returned -19 after 113 usecs
[   10.535690] calling  efivars_sysfs_init+0x0/0x30 @ 1
[   10.544044] initcall efivars_sysfs_init+0x0/0x30 returned 0 after 51 usecs
[   10.555830] calling  esrt_sysfs_init+0x0/0x2a2 @ 1
[   10.563587] initcall esrt_sysfs_init+0x0/0x2a2 returned -38 after 35 usecs
[   10.575870] calling  hid_init+0x0/0x5c @ 1
[   10.583037] hid: raw HID events driver (C) Jiri Kosina
[   10.591536] initcall hid_init+0x0/0x5c returned 0 after 8559 usecs
[   10.601057] calling  hid_generic_init+0x0/0x15 @ 1
[   10.608650] initcall hid_generic_init+0x0/0x15 returned 0 after 161 usecs
[   10.619394] calling  a4_driver_init+0x0/0x15 @ 1
[   10.626826] initcall a4_driver_init+0x0/0x15 returned 0 after 44 usecs
[   10.637100] calling  apple_driver_init+0x0/0x15 @ 1
[   10.644449] initcall apple_driver_init+0x0/0x15 returned 0 after 85 usecs
[   10.654614] calling  belkin_driver_init+0x0/0x15 @ 1
[   10.662092] initcall belkin_driver_init+0x0/0x15 returned 0 after 52 usecs
[   10.672419] calling  ch_driver_init+0x0/0x15 @ 1
[   10.679549] initcall ch_driver_init+0x0/0x15 returned 0 after 128 usecs
[   10.690105] calling  ch_driver_init+0x0/0x15 @ 1
[   10.697158] initcall ch_driver_init+0x0/0x15 returned 0 after 86 usecs
[   10.706977] calling  cp_driver_init+0x0/0x15 @ 1
[   10.714084] initcall cp_driver_init+0x0/0x15 returned 0 after 45 usecs
[   10.723795] calling  ez_driver_init+0x0/0x15 @ 1
[   10.730794] initcall ez_driver_init+0x0/0x15 returned 0 after 46 usecs
[   10.740221] calling  gyration_driver_init+0x0/0x15 @ 1
[   10.747949] initcall gyration_driver_init+0x0/0x15 returned 0 after 80 usecs
[   10.758292] calling  ite_driver_init+0x0/0x15 @ 1
[   10.765592] initcall ite_driver_init+0x0/0x15 returned 0 after 73 usecs
[   10.775244] calling  ks_driver_init+0x0/0x15 @ 1
[   10.782202] initcall ks_driver_init+0x0/0x15 returned 0 after 55 usecs
[   10.792039] calling  lg_driver_init+0x0/0x15 @ 1
[   10.799187] initcall lg_driver_init+0x0/0x15 returned 0 after 71 usecs
[   10.808892] calling  lg_g15_driver_init+0x0/0x15 @ 1
[   10.816704] initcall lg_g15_driver_init+0x0/0x15 returned 0 after 64 usecs
[   10.832896] calling  ms_driver_init+0x0/0x15 @ 1
[   10.839922] initcall ms_driver_init+0x0/0x15 returned 0 after 82 usecs
[   10.849366] calling  mr_driver_init+0x0/0x15 @ 1
[   10.856274] initcall mr_driver_init+0x0/0x15 returned 0 after 44 usecs
[   10.865879] calling  ntrig_driver_init+0x0/0x15 @ 1
[   10.873232] initcall ntrig_driver_init+0x0/0x15 returned 0 after 83 usecs
[   10.883211] calling  pl_driver_init+0x0/0x15 @ 1
[   10.890152] initcall pl_driver_init+0x0/0x15 returned 0 after 68 usecs
[   10.899513] calling  pl_driver_init+0x0/0x15 @ 1
[   10.906557] initcall pl_driver_init+0x0/0x15 returned 0 after 103 usecs
[   10.916376] calling  redragon_driver_init+0x0/0x15 @ 1
[   10.924039] initcall redragon_driver_init+0x0/0x15 returned 0 after 50 usecs
[   10.934559] calling  samsung_driver_init+0x0/0x15 @ 1
[   10.941985] initcall samsung_driver_init+0x0/0x15 returned 0 after 326 usecs
[   10.952306] calling  sony_init+0x0/0x38 @ 1
[   10.958266] initcall sony_init+0x0/0x38 returned 0 after 58 usecs
[   10.966592] calling  sp_driver_init+0x0/0x15 @ 1
[   10.973287] initcall sp_driver_init+0x0/0x15 returned 0 after 144 usecs
[   10.982554] calling  ts_driver_init+0x0/0x15 @ 1
[   10.988904] initcall ts_driver_init+0x0/0x15 returned 0 after 90 usecs
[   10.998205] calling  hid_init+0x0/0x58 @ 1
[   11.004549] usbcore: registered new interface driver usbhid
[   11.012605] usbhid: USB HID core driver
[   11.016556] input: ImExPS/2 Generic Explorer Mouse as /devices/platform/i8042/serio1/input/input3
[   11.018151] initcall hid_init+0x0/0x58 returned 0 after 13360 usecs
[   11.018156] calling  eeepc_laptop_init+0x0/0x57 @ 1
[   11.018312] initcall eeepc_laptop_init+0x0/0x57 returned -19 after 147 usecs
[   11.056048] calling  pmc_atom_init+0x0/0x27a @ 1
[   11.063194] initcall pmc_atom_init+0x0/0x27a returned -19 after 12 usecs
[   11.073454] calling  alsa_hwdep_init+0x0/0x5e @ 1
[   11.082191] initcall alsa_hwdep_init+0x0/0x5e returned 0 after 766 usecs
[   11.092044] calling  alsa_timer_init+0x0/0x1f9 @ 1
[   11.099938] initcall alsa_timer_init+0x0/0x1f9 returned 0 after 795 usecs
[   11.110139] calling  snd_hrtimer_init+0x0/0x117 @ 1
[   11.117645] initcall snd_hrtimer_init+0x0/0x117 returned 0 after 96 usecs
[   11.127528] calling  alsa_pcm_init+0x0/0x64 @ 1
[   11.134325] initcall alsa_pcm_init+0x0/0x64 returned 0 after 23 usecs
[   11.143800] calling  alsa_seq_init+0x0/0x4a @ 1
[   11.151403] initcall alsa_seq_init+0x0/0x4a returned 0 after 853 usecs
[   11.160982] calling  alsa_seq_dummy_init+0x0/0x9c @ 1
[   11.168579] initcall alsa_seq_dummy_init+0x0/0x9c returned 0 after 100 usecs
[   11.178705] calling  azx_driver_init+0x0/0x15 @ 1
[   11.185885] initcall azx_driver_init+0x0/0x15 returned 0 after 262 usecs
[   11.195641] calling  sock_diag_init+0x0/0x2a @ 1
[   11.202552] initcall sock_diag_init+0x0/0x2a returned 0 after 152 usecs
[   11.212546] calling  blackhole_init+0x0/0xc @ 1
[   11.219113] initcall blackhole_init+0x0/0xc returned 0 after 4 usecs
[   11.228300] calling  nfnetlink_init+0x0/0x61 @ 1
[   11.272768] initcall nfnetlink_init+0x0/0x61 returned 0 after 3379 usecs
[   11.299560] calling  nfnetlink_log_init+0x0/0x99 @ 1
[   11.312848] initcall nfnetlink_log_init+0x0/0x99 returned 0 after 5681 usecs
[   11.323928] calling  nf_conntrack_standalone_init+0x0/0x87 @ 1
[   11.359983] initcall nf_conntrack_standalone_init+0x0/0x87 returned 0 after 27597 usecs
