c[?7l[2J[0mSeaBIOS (version 1.16.0-debian-1.16.0-4)
Booting from ROM...
early console in setup code
c[?7l[2J[    0.000000] Linux version 5.10.151+ (root@joelboxx.c.googlers.com) (gcc (Debian 12.2.0-3) 12.2.0, GNU ld (GNU Binutils for Debian) 2.39) #10 SMP PREEMPT Tue Dec 13 09:15:14 UTC 2022
[    0.000000] Command line: selinux=0 initcall_debug debug console=ttyS0 rcutorture.torture_type=tasks-tracing rcutorture.onoff_interval=1000 rcutorture.onoff_holdoff=30 rcutorture.n_barrier_cbs=4 rcutorture.stat_interval=15 rcutorture.shutdown_secs=1800 rcutorture.test_no_idle_hz=1 rcutorture.verbose=1
[    0.000000] x86/fpu: x87 FPU will use FXSAVE
[    0.000000] BIOS-provided physical RAM map:
[    0.000000] BIOS-e820: [mem 0x0000000000000000-0x000000000009fbff] usable
[    0.000000] BIOS-e820: [mem 0x000000000009fc00-0x000000000009ffff] reserved
[    0.000000] BIOS-e820: [mem 0x00000000000f0000-0x00000000000fffff] reserved
[    0.000000] BIOS-e820: [mem 0x0000000000100000-0x000000001ffdefff] usable
[    0.000000] BIOS-e820: [mem 0x000000001ffdf000-0x000000001fffffff] reserved
[    0.000000] BIOS-e820: [mem 0x00000000b0000000-0x00000000bfffffff] reserved
[    0.000000] BIOS-e820: [mem 0x00000000fed1c000-0x00000000fed1ffff] reserved
[    0.000000] BIOS-e820: [mem 0x00000000feffc000-0x00000000feffffff] reserved
[    0.000000] BIOS-e820: [mem 0x00000000fffc0000-0x00000000ffffffff] reserved
[    0.000000] NX (Execute Disable) protection: active
[    0.000000] SMBIOS 2.8 present.
[    0.000000] DMI: QEMU Standard PC (Q35 + ICH9, 2009), BIOS 1.16.0-debian-1.16.0-4 04/01/2014
[    0.000000] Hypervisor detected: KVM
[    0.000000] kvm-clock: Using msrs 4b564d01 and 4b564d00
[    0.000000] kvm-clock: cpu 0, msr 17ab9001, primary cpu clock
[    0.000001] kvm-clock: using sched offset of 2759804026 cycles
[    0.000242] clocksource: kvm-clock: mask: 0xffffffffffffffff max_cycles: 0x1cd42e4dffb, max_idle_ns: 881590591483 ns
[    0.000352] tsc: Detected 1999.999 MHz processor
[    0.008473] e820: update [mem 0x00000000-0x00000fff] usable ==> reserved
[    0.008479] e820: remove [mem 0x000a0000-0x000fffff] usable
[    0.008487] last_pfn = 0x1ffdf max_arch_pfn = 0x400000000
[    0.009406] MTRR default type: write-back
[    0.009475] MTRR fixed ranges enabled:
[    0.009477]   00000-9FFFF write-back
[    0.009478]   A0000-BFFFF uncachable
[    0.009480]   C0000-FFFFF write-protect
[    0.009481] MTRR variable ranges enabled:
[    0.009483]   0 base 00C0000000 mask FFC0000000 uncachable
[    0.009484]   1 disabled
[    0.009484]   2 disabled
[    0.009485]   3 disabled
[    0.009486]   4 disabled
[    0.009487]   5 disabled
[    0.009488]   6 disabled
[    0.009488]   7 disabled
[    0.011733] x86/PAT: Configuration [0-7]: WB  WC  UC- UC  WB  WC  UC- UC  
[    0.022860] found SMP MP-table at [mem 0x000f5ba0-0x000f5baf]
[    0.026070] check: Scanning 1 areas for low memory corruption
[    0.037561] ACPI: Early table checksum verification disabled
[    0.039992] ACPI: RSDP 0x00000000000F59E0 000014 (v00 BOCHS )
[    0.040971] ACPI: RSDT 0x000000001FFE23B1 000038 (v01 BOCHS  BXPC     00000001 BXPC 00000001)
[    0.041268] ACPI: FACP 0x000000001FFE2191 0000F4 (v03 BOCHS  BXPC     00000001 BXPC 00000001)
[    0.041411] ACPI: DSDT 0x000000001FFE0040 002151 (v01 BOCHS  BXPC     00000001 BXPC 00000001)
[    0.041418] ACPI: FACS 0x000000001FFE0000 000040
[    0.041422] ACPI: APIC 0x000000001FFE2285 000090 (v01 BOCHS  BXPC     00000001 BXPC 00000001)
[    0.041426] ACPI: HPET 0x000000001FFE2315 000038 (v01 BOCHS  BXPC     00000001 BXPC 00000001)
[    0.041430] ACPI: MCFG 0x000000001FFE234D 00003C (v01 BOCHS  BXPC     00000001 BXPC 00000001)
[    0.041434] ACPI: WAET 0x000000001FFE2389 000028 (v01 BOCHS  BXPC     00000001 BXPC 00000001)
[    0.041439] ACPI: Reserving FACP table memory at [mem 0x1ffe2191-0x1ffe2284]
[    0.041441] ACPI: Reserving DSDT table memory at [mem 0x1ffe0040-0x1ffe2190]
[    0.041442] ACPI: Reserving FACS table memory at [mem 0x1ffe0000-0x1ffe003f]
[    0.041443] ACPI: Reserving APIC table memory at [mem 0x1ffe2285-0x1ffe2314]
[    0.041444] ACPI: Reserving HPET table memory at [mem 0x1ffe2315-0x1ffe234c]
[    0.041445] ACPI: Reserving MCFG table memory at [mem 0x1ffe234d-0x1ffe2388]
[    0.041446] ACPI: Reserving WAET table memory at [mem 0x1ffe2389-0x1ffe23b0]
[    0.042784] ACPI: Local APIC address 0xfee00000
[    0.047386] No NUMA configuration found
[    0.047390] Faking a node at [mem 0x0000000000000000-0x000000001ffdefff]
[    0.047581] NODE_DATA(0) allocated [mem 0x1ffdb000-0x1ffdefff]
[    0.049451] Zone ranges:
[    0.049575]   DMA      [mem 0x0000000000001000-0x0000000000ffffff]
[    0.049701]   DMA32    [mem 0x0000000001000000-0x000000001ffdefff]
[    0.049704]   Normal   empty
[    0.049706] Movable zone start for each node
[    0.049731] Early memory node ranges
[    0.049733]   node   0: [mem 0x0000000000001000-0x000000000009efff]
[    0.049761]   node   0: [mem 0x0000000000100000-0x000000001ffdefff]
[    0.049817] Initmem setup node 0 [mem 0x0000000000001000-0x000000001ffdefff]
[    0.049819] On node 0 totalpages: 130941
[    0.049930]   DMA zone: 64 pages used for memmap
[    0.049931]   DMA zone: 21 pages reserved
[    0.049993]   DMA zone: 3998 pages, LIFO batch:0
[    0.049994]   DMA32 zone: 1984 pages used for memmap
[    0.049996]   DMA32 zone: 126943 pages, LIFO batch:31
[    0.051040] On node 0, zone DMA: 1 pages in unavailable ranges
[    0.054252] On node 0, zone DMA: 97 pages in unavailable ranges
[    0.182684] On node 0, zone DMA32: 33 pages in unavailable ranges
[    0.186721] ACPI: PM-Timer IO Port: 0x608
[    0.186728] ACPI: Local APIC address 0xfee00000
[    0.186964] ACPI: LAPIC_NMI (acpi_id[0xff] dfl dfl lint[0x1])
[    0.188496] IOAPIC[0]: apic_id 0, version 17, address 0xfec00000, GSI 0-23
[    0.188502] ACPI: INT_SRC_OVR (bus 0 bus_irq 0 global_irq 2 dfl dfl)
[    0.188652] ACPI: INT_SRC_OVR (bus 0 bus_irq 5 global_irq 5 high level)
[    0.188653] ACPI: INT_SRC_OVR (bus 0 bus_irq 9 global_irq 9 high level)
[    0.189466] ACPI: INT_SRC_OVR (bus 0 bus_irq 10 global_irq 10 high level)
[    0.189472] ACPI: INT_SRC_OVR (bus 0 bus_irq 11 global_irq 11 high level)
[    0.189477] ACPI: IRQ0 used by override.
[    0.189478] ACPI: IRQ5 used by override.
[    0.189480] ACPI: IRQ9 used by override.
[    0.189481] ACPI: IRQ10 used by override.
[    0.189482] ACPI: IRQ11 used by override.
[    0.189549] Using ACPI (MADT) for SMP configuration information
[    0.189619] ACPI: HPET id: 0x8086a201 base: 0xfed00000
[    0.190295] smpboot: Allowing 4 CPUs, 0 hotplug CPUs
[    0.192063] PM: hibernation: Registered nosave memory: [mem 0x00000000-0x00000fff]
[    0.192066] PM: hibernation: Registered nosave memory: [mem 0x0009f000-0x0009ffff]
[    0.192067] PM: hibernation: Registered nosave memory: [mem 0x000a0000-0x000effff]
[    0.192068] PM: hibernation: Registered nosave memory: [mem 0x000f0000-0x000fffff]
[    0.192072] [mem 0x20000000-0xafffffff] available for PCI devices
[    0.192130] Booting paravirtualized kernel on KVM
[    0.192806] clocksource: refined-jiffies: mask: 0xffffffff max_cycles: 0xffffffff, max_idle_ns: 1910969940391419 ns
[    0.211553] setup_percpu: NR_CPUS:4 nr_cpumask_bits:4 nr_cpu_ids:4 nr_node_ids:1
[    0.246629] percpu: Embedded 56 pages/cpu s191128 r8192 d30056 u524288
[    0.246760] pcpu-alloc: s191128 r8192 d30056 u524288 alloc=1*2097152
[    0.246829] pcpu-alloc: [0] 0 1 2 3 
[    0.247332] kvm-guest: stealtime: cpu 0, msr 1f41b600
[    0.247570] Built 1 zonelists, mobility grouping on.  Total pages: 128872
[    0.247571] Policy zone: DMA32
[    0.247612] Kernel command line: selinux=0 initcall_debug debug console=ttyS0 rcutorture.torture_type=tasks-tracing rcutorture.onoff_interval=1000 rcutorture.onoff_holdoff=30 rcutorture.n_barrier_cbs=4 rcutorture.stat_interval=15 rcutorture.shutdown_secs=1800 rcutorture.test_no_idle_hz=1 rcutorture.verbose=1
[    0.263208] Dentry cache hash table entries: 65536 (order: 7, 524288 bytes, linear)
[    0.267831] Inode-cache hash table entries: 32768 (order: 6, 262144 bytes, linear)
[    0.271536] mem auto-init: stack:all(zero), heap alloc:off, heap free:off
[    0.284329] Memory: 478632K/523764K available (16397K kernel code, 2542K rwdata, 4696K rodata, 1504K init, 1412K bss, 44872K reserved, 0K cma-reserved)
[    0.285505] SLUB: HWalign=64, Order=0-3, MinObjects=0, CPUs=4, Nodes=1
[    0.285863] Kernel/User page tables isolation: enabled
[    0.298301] rcu: Preemptible hierarchical RCU implementation.
[    0.298304] rcu: 	RCU event tracing is enabled.
[    0.298426] 	Trampoline variant of Tasks RCU enabled.
[    0.298427] 	Rude variant of Tasks RCU enabled.
[    0.298428] 	Tracing variant of Tasks RCU enabled.
[    0.298611] rcu: RCU calculated value of scheduler-enlistment delay is 100 jiffies.
[    0.312610] NR_IRQS: 4352, nr_irqs: 456, preallocated irqs: 16
[    0.317266] calling  con_init+0x0/0x22a @ 0
[    0.493708] Console: colour VGA+ 80x25
[    0.495079] initcall con_init+0x0/0x22a returned 0 after 0 usecs
[    0.495167] calling  hvc_console_init+0x0/0x13 @ 0
[    0.495277] initcall hvc_console_init+0x0/0x13 returned 0 after 0 usecs
[    0.495320] calling  univ8250_console_init+0x0/0x26 @ 0
[    1.409694] printk: console [ttyS0] enabled
[    1.414274] initcall univ8250_console_init+0x0/0x26 returned 0 after 0 usecs
[    1.423144] ACPI: Core revision 20200925
[    1.429773] clocksource: hpet: mask: 0xffffffff max_cycles: 0xffffffff, max_idle_ns: 19112604467 ns
[    1.442247] APIC: Switch to symmetric I/O mode setup
[    1.462995] ..TIMER: vector=0x30 apic1=0 pin1=2 apic2=-1 pin2=-1
[    1.469994] clocksource: tsc-early: mask: 0xffffffffffffffff max_cycles: 0x39a85afc727, max_idle_ns: 881590685098 ns
[    1.481900] Calibrating delay loop (skipped) preset value.. 3999.99 BogoMIPS (lpj=1999999)
[    1.482647] pid_max: default: 32768 minimum: 301
[    1.484708] LSM: Security Framework initializing
[    1.485896] Mount-cache hash table entries: 1024 (order: 1, 8192 bytes, linear)
[    1.486647] Mountpoint-cache hash table entries: 1024 (order: 1, 8192 bytes, linear)
[    1.494401] Last level iTLB entries: 4KB 0, 2MB 0, 4MB 0
[    1.494625] Last level dTLB entries: 4KB 0, 2MB 0, 4MB 0, 1GB 0
[    1.495698] Spectre V1 : Mitigation: usercopy/swapgs barriers and __user pointer sanitization
[    1.496644] Spectre V2 : Mitigation: Retpolines
[    1.497624] Spectre V2 : Spectre v2 / SpectreRSB mitigation: Filling RSB on context switch
[    1.498623] Spectre V2 : Spectre v2 / SpectreRSB : Filling RSB on VMEXIT
[    1.499624] Speculative Store Bypass: Vulnerable
[    1.500691] MDS: Vulnerable: Clear CPU buffers attempted, no microcode
[    1.501623] MMIO Stale Data: Unknown: No mitigations
[    1.558700] Freeing SMP alternatives memory: 40K
[    1.663620] smpboot: CPU0: Intel Common KVM processor (family: 0xf, model: 0x6, stepping: 0x1)
[    1.665920] calling  init_hw_perf_events+0x0/0x6ce @ 1
[    1.666635] Performance Events: unsupported Netburst CPU model 6 no PMU driver, software events only.
[    1.667629] initcall init_hw_perf_events+0x0/0x6ce returned 0 after 976 usecs
[    1.668628] calling  init_real_mode+0x0/0x1e9 @ 1
[    1.670031] initcall init_real_mode+0x0/0x1e9 returned 0 after 0 usecs
[    1.670627] calling  trace_init_perf_perm_irq_work_exit+0x0/0x12 @ 1
[    1.671658] initcall trace_init_perf_perm_irq_work_exit+0x0/0x12 returned 0 after 0 usecs
[    1.672643] calling  validate_x2apic+0x0/0x4a @ 1
[    1.673650] initcall validate_x2apic+0x0/0x4a returned 0 after 0 usecs
[    1.674627] calling  register_nmi_cpu_backtrace_handler+0x0/0x15 @ 1
[    1.675630] initcall register_nmi_cpu_backtrace_handler+0x0/0x15 returned 0 after 0 usecs
[    1.676632] calling  kvm_setup_vsyscall_timeinfo+0x0/0xd1 @ 1
[    1.677631] initcall kvm_setup_vsyscall_timeinfo+0x0/0xd1 returned 0 after 0 usecs
[    1.678628] calling  spawn_ksoftirqd+0x0/0x38 @ 1
[    1.679723] initcall spawn_ksoftirqd+0x0/0x38 returned 0 after 0 usecs
[    1.680627] calling  migration_init+0x0/0x31 @ 1
[    1.681626] initcall migration_init+0x0/0x31 returned 0 after 0 usecs
[    1.682626] calling  srcu_bootup_announce+0x0/0x2f @ 1
[    1.683630] rcu: Hierarchical SRCU implementation.
[    1.684626] initcall srcu_bootup_announce+0x0/0x2f returned 0 after 976 usecs
[    1.685628] calling  rcu_spawn_gp_kthread+0x0/0x1b0 @ 1
[    1.686768] initcall rcu_spawn_gp_kthread+0x0/0x1b0 returned 0 after 0 usecs
[    1.687628] calling  check_cpu_stall_init+0x0/0x1a @ 1
[    1.688632] initcall check_cpu_stall_init+0x0/0x1a returned 0 after 0 usecs
[    1.689626] calling  rcu_sysrq_init+0x0/0x21 @ 1
[    1.690649] initcall rcu_sysrq_init+0x0/0x21 returned 0 after 0 usecs
[    1.691647] calling  trace_init_flags_sys_enter+0x0/0xe @ 1
[    1.692629] initcall trace_init_flags_sys_enter+0x0/0xe returned 0 after 0 usecs
[    1.693631] calling  trace_init_flags_sys_exit+0x0/0xe @ 1
[    1.694632] initcall trace_init_flags_sys_exit+0x0/0xe returned 0 after 0 usecs
[    1.695650] calling  cpu_stop_init+0x0/0x6e @ 1
[    1.696727] initcall cpu_stop_init+0x0/0x6e returned 0 after 0 usecs
[    1.697627] calling  init_kprobes+0x0/0x165 @ 1
[    1.700045] initcall init_kprobes+0x0/0x165 returned 0 after 976 usecs
[    1.700627] calling  init_events+0x0/0x3d @ 1
[    1.702626] initcall init_events+0x0/0x3d returned 0 after 976 usecs
[    1.703627] calling  init_trace_printk+0x0/0xc @ 1
[    1.704627] initcall init_trace_printk+0x0/0xc returned 0 after 0 usecs
[    1.705640] calling  event_trace_enable_again+0x0/0x23 @ 1
[    1.706625] initcall event_trace_enable_again+0x0/0x23 returned 0 after 0 usecs
[    1.707625] calling  static_call_init+0x0/0x77 @ 1
[    1.708673] initcall static_call_init+0x0/0x77 returned 0 after 0 usecs
[    1.709625] calling  jump_label_init_module+0x0/0xc @ 1
[    1.710625] initcall jump_label_init_module+0x0/0xc returned 0 after 0 usecs
[    1.711625] calling  init_zero_pfn+0x0/0x37 @ 1
[    1.712625] initcall init_zero_pfn+0x0/0x37 returned 0 after 0 usecs
[    1.713626] calling  initialize_ptr_random+0x0/0x54 @ 1
[    1.714625] initcall initialize_ptr_random+0x0/0x54 returned 0 after 0 usecs
[    1.715643] calling  efi_memreserve_root_init+0x0/0x25 @ 1
[    1.716654] initcall efi_memreserve_root_init+0x0/0x25 returned 0 after 0 usecs
[    1.717627] calling  efi_earlycon_remap_fb+0x0/0x51 @ 1
[    1.718626] initcall efi_earlycon_remap_fb+0x0/0x51 returned 0 after 0 usecs
[    1.719916] smp: Bringing up secondary CPUs ...
[    1.722017] x86: Booting SMP configuration:
[    1.722651] .... node  #0, CPUs:      #1
[    1.161922] kvm-clock: cpu 1, msr 17ab9041, secondary cpu clock
[    1.746761] kvm-guest: stealtime: cpu 1, msr 1f49b600
[    1.759976]  #2
[    1.161922] kvm-clock: cpu 2, msr 17ab9081, secondary cpu clock
[    1.780727] kvm-guest: stealtime: cpu 2, msr 1f51b600
[    1.794113]  #3
[    1.161922] kvm-clock: cpu 3, msr 17ab90c1, secondary cpu clock
[    1.814747] kvm-guest: stealtime: cpu 3, msr 1f59b600
[    1.828743] smp: Brought up 1 node, 4 CPUs
[    1.829625] smpboot: Max logical packages: 1
[    1.830625] smpboot: Total of 4 processors activated (15999.99 BogoMIPS)
[    1.843847] devtmpfs: initialized
[    1.846291] calling  ipc_ns_init+0x0/0x3d @ 1
[    1.846679] initcall ipc_ns_init+0x0/0x3d returned 0 after 0 usecs
[    1.847625] calling  init_mmap_min_addr+0x0/0x21 @ 1
[    1.848625] initcall init_mmap_min_addr+0x0/0x21 returned 0 after 0 usecs
[    1.849626] calling  pci_realloc_setup_params+0x0/0x3f @ 1
[    1.850625] initcall pci_realloc_setup_params+0x0/0x3f returned 0 after 0 usecs
[    1.851640] calling  net_ns_init+0x0/0x140 @ 1
[    1.853887] initcall net_ns_init+0x0/0x140 returned 0 after 976 usecs
[    1.854644] calling  e820__register_nvs_regions+0x0/0x37 @ 1
[    1.855626] initcall e820__register_nvs_regions+0x0/0x37 returned 0 after 0 usecs
[    1.856626] calling  cpufreq_register_tsc_scaling+0x0/0x2e @ 1
[    1.857625] initcall cpufreq_register_tsc_scaling+0x0/0x2e returned 0 after 0 usecs
[    1.858625] calling  reboot_init+0x0/0x3c @ 1
[    1.859701] initcall reboot_init+0x0/0x3c returned 0 after 0 usecs
[    1.860626] calling  init_lapic_sysfs+0x0/0x20 @ 1
[    1.862624] initcall init_lapic_sysfs+0x0/0x20 returned 0 after 976 usecs
[    1.863626] calling  alloc_frozen_cpus+0x0/0x7 @ 1
[    1.864624] initcall alloc_frozen_cpus+0x0/0x7 returned 0 after 0 usecs
[    1.866627] calling  cpu_hotplug_pm_sync_init+0x0/0x13 @ 1
[    1.867628] initcall cpu_hotplug_pm_sync_init+0x0/0x13 returned 0 after 0 usecs
[    1.868628] calling  wq_sysfs_init+0x0/0x2a @ 1
[    1.869722] initcall wq_sysfs_init+0x0/0x2a returned 0 after 0 usecs
[    1.870626] calling  ksysfs_init+0x0/0x92 @ 1
[    1.871639] initcall ksysfs_init+0x0/0x92 returned 0 after 0 usecs
[    1.872628] calling  schedutil_gov_init+0x0/0xc @ 1
[    1.873653] initcall schedutil_gov_init+0x0/0xc returned 0 after 0 usecs
[    1.874627] calling  pm_init+0x0/0x76 @ 1
[    1.875690] initcall pm_init+0x0/0x76 returned 0 after 0 usecs
[    1.876626] calling  pm_disk_init+0x0/0x13 @ 1
[    1.877767] initcall pm_disk_init+0x0/0x13 returned 0 after 0 usecs
[    1.878627] calling  swsusp_header_init+0x0/0x2b @ 1
[    1.879633] initcall swsusp_header_init+0x0/0x2b returned 0 after 0 usecs
[    1.880627] calling  rcu_set_runtime_mode+0x0/0x16 @ 1
[    1.881629] initcall rcu_set_runtime_mode+0x0/0x16 returned 0 after 0 usecs
[    1.882628] calling  init_jiffies_clocksource+0x0/0x13 @ 1
[    1.883626] clocksource: jiffies: mask: 0xffffffff max_cycles: 0xffffffff, max_idle_ns: 1911260446275000 ns
[    1.884631] initcall init_jiffies_clocksource+0x0/0x13 returned 0 after 976 usecs
[    1.885628] calling  futex_init+0x0/0xfa @ 1
[    1.886630] futex hash table entries: 1024 (order: 4, 65536 bytes, linear)
[    1.887856] initcall futex_init+0x0/0xfa returned 0 after 976 usecs
[    1.888628] calling  cgroup_wq_init+0x0/0x28 @ 1
[    1.889654] initcall cgroup_wq_init+0x0/0x28 returned 0 after 0 usecs
[    1.890628] calling  cgroup1_wq_init+0x0/0x28 @ 1
[    1.891633] initcall cgroup1_wq_init+0x0/0x28 returned 0 after 0 usecs
[    1.892627] calling  init_kprobe_trace_early+0x0/0x2a @ 1
[    1.893655] initcall init_kprobe_trace_early+0x0/0x2a returned 0 after 0 usecs
[    1.894629] calling  fsnotify_init+0x0/0x48 @ 1
[    1.895640] initcall fsnotify_init+0x0/0x48 returned 0 after 0 usecs
[    1.896627] calling  filelock_init+0x0/0x96 @ 1
[    1.897638] initcall filelock_init+0x0/0x96 returned 0 after 0 usecs
[    1.898625] calling  init_misc_binfmt+0x0/0x2c @ 1
[    1.899653] initcall init_misc_binfmt+0x0/0x2c returned 0 after 0 usecs
[    1.900635] calling  init_script_binfmt+0x0/0x15 @ 1
[    1.901625] initcall init_script_binfmt+0x0/0x15 returned 0 after 0 usecs
[    1.902624] calling  init_elf_binfmt+0x0/0x15 @ 1
[    1.903624] initcall init_elf_binfmt+0x0/0x15 returned 0 after 0 usecs
[    1.904624] calling  init_compat_elf_binfmt+0x0/0x15 @ 1
[    1.905624] initcall init_compat_elf_binfmt+0x0/0x15 returned 0 after 0 usecs
[    1.906624] calling  debugfs_init+0x0/0x5c @ 1
[    1.907646] initcall debugfs_init+0x0/0x5c returned 0 after 0 usecs
[    1.908624] calling  tracefs_init+0x0/0x3a @ 1
[    1.909657] initcall tracefs_init+0x0/0x3a returned 0 after 0 usecs
[    1.910629] calling  prandom_init_early+0x0/0x15d @ 1
[    1.911627] initcall prandom_init_early+0x0/0x15d returned 0 after 0 usecs
[    1.912715] calling  virtio_init+0x0/0x20 @ 1
[    1.913663] initcall virtio_init+0x0/0x20 returned 0 after 0 usecs
[    1.914627] calling  iommu_init+0x0/0x2a @ 1
[    1.915662] initcall iommu_init+0x0/0x2a returned 0 after 0 usecs
[    1.916626] calling  component_debug_init+0x0/0x1c @ 1
[    1.917698] initcall component_debug_init+0x0/0x1c returned 0 after 0 usecs
[    1.918626] calling  early_resume_init+0x0/0xb9 @ 1
[    1.920221] PM: RTC time: 09:27:29, date: 2022-12-13
[    1.920630] initcall early_resume_init+0x0/0xb9 returned 0 after 976 usecs
[    1.921627] calling  cpufreq_core_init+0x0/0x62 @ 1
[    1.922660] initcall cpufreq_core_init+0x0/0x62 returned 0 after 0 usecs
[    1.923628] calling  cpufreq_gov_performance_init+0x0/0xc @ 1
[    1.924628] initcall cpufreq_gov_performance_init+0x0/0xc returned 0 after 0 usecs
[    1.925627] calling  cpufreq_gov_userspace_init+0x0/0xc @ 1
[    1.926628] initcall cpufreq_gov_userspace_init+0x0/0xc returned 0 after 0 usecs
[    1.927627] calling  CPU_FREQ_GOV_ONDEMAND_init+0x0/0xc @ 1
[    1.928627] initcall CPU_FREQ_GOV_ONDEMAND_init+0x0/0xc returned 0 after 0 usecs
[    1.929626] calling  cpuidle_init+0x0/0x1f @ 1
[    1.930672] initcall cpuidle_init+0x0/0x1f returned 0 after 0 usecs
[    1.931627] calling  capsule_reboot_register+0x0/0xc @ 1
[    1.932655] initcall capsule_reboot_register+0x0/0xc returned 0 after 0 usecs
[    1.933627] calling  sock_init+0x0/0x93 @ 1
[    1.936027] initcall sock_init+0x0/0x93 returned 0 after 976 usecs
[    1.937626] calling  net_inuse_init+0x0/0x23 @ 1
[    1.939631] initcall net_inuse_init+0x0/0x23 returned 0 after 0 usecs
[    1.940629] calling  net_defaults_init+0x0/0x23 @ 1
[    1.941628] initcall net_defaults_init+0x0/0x23 returned 0 after 0 usecs
[    1.942627] calling  init_default_flow_dissectors+0x0/0x4f @ 1
[    1.943644] initcall init_default_flow_dissectors+0x0/0x4f returned 0 after 0 usecs
[    1.944629] calling  netpoll_init+0x0/0x26 @ 1
[    1.945628] initcall netpoll_init+0x0/0x26 returned 0 after 0 usecs
[    1.946627] calling  netlink_proto_init+0x0/0x14f @ 1
[    1.947942] NET: Registered protocol family 16
[    1.948669] initcall netlink_proto_init+0x0/0x14f returned 0 after 976 usecs
[    1.949634] calling  genl_init+0x0/0x35 @ 1
[    1.952725] initcall genl_init+0x0/0x35 returned 0 after 1953 usecs
[    1.954620] calling  bsp_pm_check_init+0x0/0x13 @ 1
[    1.956628] initcall bsp_pm_check_init+0x0/0x13 returned 0 after 0 usecs
[    1.957658] calling  irq_sysfs_init+0x0/0xb7 @ 1
[    1.958786] initcall irq_sysfs_init+0x0/0xb7 returned 0 after 0 usecs
[    1.959627] calling  audit_init+0x0/0x160 @ 1
[    1.960628] audit: initializing netlink subsys (disabled)
[    1.963006] initcall audit_init+0x0/0x160 returned 0 after 1953 usecs
[    1.962873] audit: type=2000 audit(1670923647.968:1): state=initialized audit_enabled=0 res=1
[    1.963644] calling  release_early_probes+0x0/0x32 @ 1
[    1.965629] initcall release_early_probes+0x0/0x32 returned 0 after 0 usecs
[    1.966631] calling  bdi_class_init+0x0/0x48 @ 1
[    1.967698] initcall bdi_class_init+0x0/0x48 returned 0 after 0 usecs
[    1.968625] calling  mm_sysfs_init+0x0/0x28 @ 1
[    1.969630] initcall mm_sysfs_init+0x0/0x28 returned 0 after 0 usecs
[    1.970627] calling  init_per_zone_wmark_min+0x0/0x6d @ 1
[    1.971631] initcall init_per_zone_wmark_min+0x0/0x6d returned 0 after 0 usecs
[    1.972627] calling  mpi_init+0x0/0x3e @ 1
[    1.973644] initcall mpi_init+0x0/0x3e returned 0 after 0 usecs
[    1.974626] calling  kobject_uevent_init+0x0/0xc @ 1
[    1.975634] initcall kobject_uevent_init+0x0/0xc returned 0 after 0 usecs
[    1.976626] calling  pcibus_class_init+0x0/0x13 @ 1
[    1.977638] initcall pcibus_class_init+0x0/0x13 returned 0 after 0 usecs
[    1.978626] calling  pci_driver_init+0x0/0x21 @ 1
[    1.979679] initcall pci_driver_init+0x0/0x21 returned 0 after 0 usecs
[    1.980632] calling  backlight_class_init+0x0/0xa8 @ 1
[    1.981674] initcall backlight_class_init+0x0/0xa8 returned 0 after 0 usecs
[    1.982625] calling  tty_class_init+0x0/0x33 @ 1
[    1.983631] initcall tty_class_init+0x0/0x33 returned 0 after 0 usecs
[    1.984624] calling  vtconsole_class_init+0x0/0xb5 @ 1
[    1.985666] initcall vtconsole_class_init+0x0/0xb5 returned 0 after 0 usecs
[    1.986627] calling  iommu_dev_init+0x0/0x13 @ 1
[    1.987675] initcall iommu_dev_init+0x0/0x13 returned 0 after 0 usecs
[    1.988628] calling  mipi_dsi_bus_init+0x0/0xc @ 1
[    1.989697] initcall mipi_dsi_bus_init+0x0/0xc returned 0 after 0 usecs
[    1.990625] calling  devlink_class_init+0x0/0x40 @ 1
[    1.992631] initcall devlink_class_init+0x0/0x40 returned 0 after 0 usecs
[    1.993626] calling  software_node_init+0x0/0x2a @ 1
[    1.994629] initcall software_node_init+0x0/0x2a returned 0 after 0 usecs
[    1.995625] calling  wakeup_sources_debugfs_init+0x0/0x23 @ 1
[    1.996717] initcall wakeup_sources_debugfs_init+0x0/0x23 returned 0 after 0 usecs
[    1.997626] calling  wakeup_sources_sysfs_init+0x0/0x2c @ 1
[    1.998633] initcall wakeup_sources_sysfs_init+0x0/0x2c returned 0 after 0 usecs
[    1.999625] calling  register_node_type+0x0/0x13 @ 1
[    2.000647] initcall register_node_type+0x0/0x13 returned 0 after 0 usecs
[    2.001627] calling  regmap_initcall+0x0/0xc @ 1
[    2.002685] initcall regmap_initcall+0x0/0xc returned 0 after 0 usecs
[    2.003626] calling  i2c_init+0x0/0xb3 @ 1
[    2.005236] initcall i2c_init+0x0/0xb3 returned 0 after 0 usecs
[    2.005625] calling  thermal_init+0x0/0xf2 @ 1
[    2.006704] thermal_sys: Registered thermal governor 'step_wise'
[    2.006705] thermal_sys: Registered thermal governor 'user_space'
[    2.007639] initcall thermal_init+0x0/0xf2 returned 0 after 976 usecs
[    2.009627] calling  init_menu+0x0/0xc @ 1
[    2.014626] cpuidle: using governor menu
[    2.019632] initcall init_menu+0x0/0xc returned 0 after 8789 usecs
[    2.026627] calling  pcc_init+0x0/0x4d @ 1
[    2.032629] initcall pcc_init+0x0/0x4d returned -19 after 0 usecs
[    2.039629] calling  amd_postcore_init+0x0/0x11e @ 1
[    2.046628] initcall amd_postcore_init+0x0/0x11e returned 0 after 0 usecs
[    2.055645] calling  bts_init+0x0/0xba @ 1
[    2.060628] initcall bts_init+0x0/0xba returned -19 after 0 usecs
[    2.067627] calling  pt_init+0x0/0x341 @ 1
[    2.074627] initcall pt_init+0x0/0x341 returned -19 after 0 usecs
[    2.081627] calling  boot_params_ksysfs_init+0x0/0x2ee @ 1
[    2.088933] initcall boot_params_ksysfs_init+0x0/0x2ee returned 0 after 0 usecs
[    2.096626] calling  sbf_init+0x0/0xea @ 1
[    2.102627] initcall sbf_init+0x0/0xea returned 0 after 0 usecs
[    2.109627] calling  arch_kdebugfs_init+0x0/0x219 @ 1
[    2.116798] initcall arch_kdebugfs_init+0x0/0x219 returned 0 after 0 usecs
[    2.125628] calling  intel_pconfig_init+0x0/0x85 @ 1
[    2.131630] initcall intel_pconfig_init+0x0/0x85 returned 0 after 0 usecs
[    2.139631] calling  mtrr_if_init+0x0/0x5d @ 1
[    2.145657] initcall mtrr_if_init+0x0/0x5d returned 0 after 0 usecs
[    2.154631] calling  activate_jump_labels+0x0/0x31 @ 1
[    2.162631] initcall activate_jump_labels+0x0/0x31 returned 0 after 0 usecs
[    2.172631] calling  ffh_cstate_init+0x0/0x29 @ 1
[    2.179631] initcall ffh_cstate_init+0x0/0x29 returned 0 after 0 usecs
[    2.187690] calling  activate_jump_labels+0x0/0x31 @ 1
[    2.194917] initcall activate_jump_labels+0x0/0x31 returned 0 after 976 usecs
[    2.203627] calling  kvm_alloc_cpumask+0x0/0x74 @ 1
[    2.210693] initcall kvm_alloc_cpumask+0x0/0x74 returned 0 after 0 usecs
[    2.219629] calling  kcmp_cookies_init+0x0/0x37 @ 1
[    2.225631] initcall kcmp_cookies_init+0x0/0x37 returned 0 after 0 usecs
[    2.231635] calling  cryptomgr_init+0x0/0xc @ 1
[    2.237699] initcall cryptomgr_init+0x0/0xc returned 0 after 0 usecs
[    2.245627] calling  acpi_pci_init+0x0/0x57 @ 1
[    2.250624] ACPI: bus type PCI registered
[    2.255628] initcall acpi_pci_init+0x0/0x57 returned 0 after 4882 usecs
[    2.262628] calling  dma_channel_table_init+0x0/0xd1 @ 1
[    2.269638] initcall dma_channel_table_init+0x0/0xd1 returned 0 after 0 usecs
[    2.278628] calling  dma_bus_init+0x0/0xdc @ 1
[    2.283898] initcall dma_bus_init+0x0/0xdc returned 0 after 0 usecs
[    2.290675] calling  iommu_dma_init+0x0/0x10 @ 1
[    2.296660] initcall iommu_dma_init+0x0/0x10 returned 0 after 0 usecs
[    2.304629] calling  dmi_id_init+0x0/0x37c @ 1
[    2.309769] initcall dmi_id_init+0x0/0x37c returned 0 after 0 usecs
[    2.316628] calling  pci_arch_init+0x0/0x71 @ 1
[    2.323413] PCI: MMCONFIG for domain 0000 [bus 00-ff] at [mem 0xb0000000-0xbfffffff] (base 0xb0000000)
[    2.334630] PCI: MMCONFIG at [mem 0xb0000000-0xbfffffff] reserved in E820
[    2.341649] PCI: Using configuration type 1 for base access
[    2.348667] initcall pci_arch_init+0x0/0x71 returned 0 after 25390 usecs
[    2.356648] calling  init_vdso+0x0/0x13 @ 1
[    2.361663] initcall init_vdso+0x0/0x13 returned 0 after 0 usecs
[    2.368627] calling  sysenter_setup+0x0/0x13 @ 1
[    2.373658] initcall sysenter_setup+0x0/0x13 returned 0 after 0 usecs
[    2.381626] calling  fixup_ht_bug+0x0/0xe5 @ 1
[    2.386625] initcall fixup_ht_bug+0x0/0xe5 returned 0 after 0 usecs
[    2.393625] calling  topology_init+0x0/0x88 @ 1
[    2.398781] initcall topology_init+0x0/0x88 returned 0 after 976 usecs
[    2.406627] calling  intel_epb_init+0x0/0x68 @ 1
[    2.412627] initcall intel_epb_init+0x0/0x68 returned -19 after 0 usecs
[    2.419629] calling  mtrr_init_finialize+0x0/0x3e @ 1
[    2.425629] initcall mtrr_init_finialize+0x0/0x3e returned 0 after 0 usecs
[    2.434628] calling  uid_cache_init+0x0/0x85 @ 1
[    2.440637] initcall uid_cache_init+0x0/0x85 returned 0 after 0 usecs
[    2.447629] calling  param_sysfs_init+0x0/0x1ba @ 1
[    2.457933] initcall param_sysfs_init+0x0/0x1ba returned 0 after 3906 usecs
[    2.466632] calling  user_namespace_sysctl_init+0x0/0x33 @ 1
[    2.473658] initcall user_namespace_sysctl_init+0x0/0x33 returned 0 after 0 usecs
[    2.481626] calling  proc_schedstat_init+0x0/0x24 @ 1
[    2.487635] initcall proc_schedstat_init+0x0/0x24 returned 0 after 0 usecs
[    2.495628] calling  pm_sysrq_init+0x0/0x18 @ 1
[    2.502644] initcall pm_sysrq_init+0x0/0x18 returned 0 after 976 usecs
[    2.510859] calling  create_proc_profile+0x0/0xd0 @ 1
[    2.516630] initcall create_proc_profile+0x0/0xd0 returned 0 after 0 usecs
[    2.525631] calling  time_ns_init+0x0/0x7 @ 1
[    2.530628] initcall time_ns_init+0x0/0x7 returned 0 after 0 usecs
[    2.538629] calling  crash_save_vmcoreinfo_init+0x0/0x722 @ 1
[    2.545754] initcall crash_save_vmcoreinfo_init+0x0/0x722 returned 0 after 0 usecs
[    2.555628] calling  crash_notes_memory_init+0x0/0x35 @ 1
[    2.561635] initcall crash_notes_memory_init+0x0/0x35 returned 0 after 0 usecs
[    2.570627] calling  cgroup_sysfs_init+0x0/0x13 @ 1
[    2.576791] initcall cgroup_sysfs_init+0x0/0x13 returned 0 after 0 usecs
[    2.587640] calling  cgroup_namespaces_init+0x0/0x7 @ 1
[    2.594633] initcall cgroup_namespaces_init+0x0/0x7 returned 0 after 0 usecs
[    2.605631] calling  init_optprobes+0x0/0x13 @ 1
[    2.611626] Kprobes globally optimized
[    2.615630] initcall init_optprobes+0x0/0x13 returned 0 after 4882 usecs
[    2.621644] calling  oom_init+0x0/0x2f @ 1
[    2.627885] initcall oom_init+0x0/0x2f returned 0 after 976 usecs
[    2.635628] calling  default_bdi_init+0x0/0xb3 @ 1
[    2.644394] initcall default_bdi_init+0x0/0xb3 returned 0 after 1953 usecs
[    2.654630] calling  percpu_enable_async+0x0/0xe @ 1
[    2.662629] initcall percpu_enable_async+0x0/0xe returned 0 after 0 usecs
[    2.671649] calling  kcompactd_init+0x0/0x8d @ 1
[    2.678772] initcall kcompactd_init+0x0/0x8d returned 0 after 976 usecs
[    2.686699] calling  init_user_reserve+0x0/0x40 @ 1
[    2.692628] initcall init_user_reserve+0x0/0x40 returned 0 after 0 usecs
[    2.700628] calling  init_admin_reserve+0x0/0x40 @ 1
[    2.707627] initcall init_admin_reserve+0x0/0x40 returned 0 after 0 usecs
[    2.715629] calling  init_reserve_notifier+0x0/0x7 @ 1
[    2.722627] initcall init_reserve_notifier+0x0/0x7 returned 0 after 0 usecs
[    2.730627] calling  swap_init_sysfs+0x0/0x62 @ 1
[    2.736636] initcall swap_init_sysfs+0x0/0x62 returned 0 after 0 usecs
[    2.746633] calling  swapfile_init+0x0/0x94 @ 1
[    2.752630] initcall swapfile_init+0x0/0x94 returned 0 after 0 usecs
[    2.759627] calling  hugetlb_init+0x0/0x499 @ 1
[    2.764658] HugeTLB registered 2.00 MiB page size, pre-allocated 0 pages
[    2.772669] initcall hugetlb_init+0x0/0x499 returned 0 after 7812 usecs
[    2.780627] calling  io_wq_init+0x0/0x34 @ 1
[    2.785626] initcall io_wq_init+0x0/0x34 returned 0 after 0 usecs
[    2.792628] calling  seqiv_module_init+0x0/0xc @ 1
[    2.798630] initcall seqiv_module_init+0x0/0xc returned 0 after 0 usecs
[    2.805632] calling  echainiv_module_init+0x0/0xc @ 1
[    2.811626] initcall echainiv_module_init+0x0/0xc returned 0 after 0 usecs
[    2.819702] calling  rsa_init+0x0/0x50 @ 1
[    2.825669] initcall rsa_init+0x0/0x50 returned 0 after 976 usecs
[    2.825830] cryptomgr_test (39) used greatest stack depth: 15504 bytes left
[    2.840629] calling  crypto_cmac_module_init+0x0/0xc @ 1
[    2.847628] initcall crypto_cmac_module_init+0x0/0xc returned 0 after 0 usecs
[    2.855627] calling  hmac_module_init+0x0/0xc @ 1
[    2.860628] initcall hmac_module_init+0x0/0xc returned 0 after 0 usecs
[    2.868644] calling  crypto_null_mod_init+0x0/0x65 @ 1
[    2.880789] initcall crypto_null_mod_init+0x0/0x65 returned 0 after 5859 usecs
[    2.889630] calling  md5_mod_init+0x0/0xc @ 1
[    2.895632] initcall md5_mod_init+0x0/0xc returned 0 after 976 usecs
[    2.902627] calling  sha256_generic_mod_init+0x0/0x11 @ 1
[    2.916628] initcall sha256_generic_mod_init+0x0/0x11 returned 0 after 6835 usecs
[    2.925629] calling  crypto_cbc_module_init+0x0/0xc @ 1
[    2.931626] initcall crypto_cbc_module_init+0x0/0xc returned 0 after 0 usecs
[    2.940627] calling  crypto_ctr_module_init+0x0/0x11 @ 1
[    2.947629] initcall crypto_ctr_module_init+0x0/0x11 returned 0 after 0 usecs
[    2.955628] calling  crypto_gcm_module_init+0x0/0x64 @ 1
[    2.962705] initcall crypto_gcm_module_init+0x0/0x64 returned 0 after 0 usecs
[    2.971628] calling  crypto_ccm_module_init+0x0/0x11 @ 1
[    2.977833] initcall crypto_ccm_module_init+0x0/0x11 returned 0 after 0 usecs
[    2.988631] calling  aes_init+0x0/0xc @ 1
[    2.995858] initcall aes_init+0x0/0xc returned 0 after 1953 usecs
[    3.003629] calling  crc32c_mod_init+0x0/0xc @ 1
[    3.012629] initcall crc32c_mod_init+0x0/0xc returned 0 after 2929 usecs
[    3.020629] calling  crypto_authenc_module_init+0x0/0xc @ 1
[    3.027629] initcall crypto_authenc_module_init+0x0/0xc returned 0 after 0 usecs
[    3.036627] calling  crypto_authenc_esn_module_init+0x0/0xc @ 1
[    3.043630] initcall crypto_authenc_esn_module_init+0x0/0xc returned 0 after 0 usecs
[    3.053627] calling  drbg_init+0x0/0x7c @ 1
[    3.066889] initcall drbg_init+0x0/0x7c returned 0 after 7812 usecs
[    3.075629] calling  ghash_mod_init+0x0/0xc @ 1
[    3.082628] initcall ghash_mod_init+0x0/0xc returned 0 after 976 usecs
[    3.090629] calling  init_bio+0x0/0x9a @ 1
[    3.095805] initcall init_bio+0x0/0x9a returned 0 after 0 usecs
[    3.103628] calling  blk_settings_init+0x0/0x29 @ 1
[    3.109628] initcall blk_settings_init+0x0/0x29 returned 0 after 0 usecs
[    3.118629] calling  blk_ioc_init+0x0/0x29 @ 1
[    3.124635] initcall blk_ioc_init+0x0/0x29 returned 0 after 0 usecs
[    3.132627] calling  blk_mq_init+0x0/0xb9 @ 1
[    3.138630] initcall blk_mq_init+0x0/0xb9 returned 0 after 0 usecs
[    3.146627] calling  genhd_device_init+0x0/0x75 @ 1
[    3.153818] initcall genhd_device_init+0x0/0x75 returned 0 after 976 usecs
[    3.162700] calling  pci_slot_init+0x0/0x40 @ 1
[    3.168640] initcall pci_slot_init+0x0/0x40 returned 0 after 0 usecs
[    3.176631] calling  fbmem_init+0x0/0xd8 @ 1
[    3.182695] initcall fbmem_init+0x0/0xd8 returned 0 after 0 usecs
[    3.189644] calling  acpi_init+0x0/0x319 @ 1
[    3.195685] ACPI: Added _OSI(Module Device)
[    3.200626] ACPI: Added _OSI(Processor Device)
[    3.206626] ACPI: Added _OSI(3.0 _SCP Extensions)
[    3.212626] ACPI: Added _OSI(Processor Aggregator Device)
[    3.219627] ACPI: Added _OSI(Linux-Dell-Video)
[    3.224627] ACPI: Added _OSI(Linux-Lenovo-NV-HDMI-Audio)
[    3.231626] ACPI: Added _OSI(Linux-HPI-Hybrid-Graphics)
[    3.241526] ACPI: 1 ACPI AML tables successfully acquired and loaded
[    3.254666] ACPI: Interpreter enabled
[    3.259716] ACPI: (supports S0 S3 S4 S5)
[    3.264626] ACPI: Using IOAPIC for interrupt routing
[    3.271687] PCI: Using host bridge windows from ACPI; if necessary, use "pci=nocrs" and report a bug
[    3.282810] ACPI: Enabled 2 GPEs in block 00 to 3F
[    3.300529] ACPI: PCI Root Bridge [PCI0] (domain 0000 [bus 00-ff])
[    3.308632] acpi PNP0A08:00: _OSC: OS supports [ExtendedConfig ASPM ClockPM Segments MSI HPX-Type3]
[    3.318653] acpi PNP0A08:00: _OSC: platform does not support [LTR]
[    3.327704] acpi PNP0A08:00: _OSC: OS now controls [PME PCIeCapability]
[    3.335867] PCI host bridge to bus 0000:00
[    3.340910] pci_bus 0000:00: root bus resource [io  0x0000-0x0cf7 window]
[    3.347627] pci_bus 0000:00: root bus resource [io  0x0d00-0xffff window]
[    3.354628] pci_bus 0000:00: root bus resource [mem 0x000a0000-0x000bffff window]
[    3.363628] pci_bus 0000:00: root bus resource [mem 0x20000000-0xafffffff window]
[    3.373627] pci_bus 0000:00: root bus resource [mem 0xc0000000-0xfebfffff window]
[    3.379627] pci_bus 0000:00: root bus resource [mem 0x100000000-0x8ffffffff window]
[    3.390629] pci_bus 0000:00: root bus resource [bus 00-ff]
[    3.399823] pci 0000:00:00.0: calling  quirk_mmio_always_on+0x0/0x10 @ 1
[    3.407628] pci 0000:00:00.0: quirk_mmio_always_on+0x0/0x10 took 0 usecs
[    3.416628] pci 0000:00:00.0: [8086:29c0] type 00 class 0x060000
[    3.428755] pci 0000:00:00.0: calling  quirk_igfx_skip_te_disable+0x0/0x80 @ 1
[    3.438632] pci 0000:00:00.0: quirk_igfx_skip_te_disable+0x0/0x80 took 0 usecs
[    3.448163] pci 0000:00:01.0: [1234:1111] type 00 class 0x030000
[    3.461620] pci 0000:00:01.0: reg 0x10: [mem 0xfd000000-0xfdffffff pref]
[    3.479468] pci 0000:00:01.0: reg 0x18: [mem 0xfebf0000-0xfebf0fff]
[    3.505620] pci 0000:00:01.0: reg 0x30: [mem 0xfebe0000-0xfebeffff pref]
[    3.515578] pci 0000:00:01.0: calling  efifb_fixup_resources+0x0/0xf0 @ 1
[    3.523656] pci 0000:00:01.0: efifb_fixup_resources+0x0/0xf0 took 0 usecs
[    3.538482] pci 0000:00:1f.0: [8086:2918] type 00 class 0x060100
[    3.551305] pci 0000:00:1f.0: calling  quirk_ich7_lpc+0x0/0x60 @ 1
[    3.559434] pci 0000:00:1f.0: quirk: [io  0x0600-0x067f] claimed by ICH6 ACPI/GPIO/TCO
[    3.569715] pci 0000:00:1f.0: quirk_ich7_lpc+0x0/0x60 took 10742 usecs
[    3.577837] pci 0000:00:1f.0: calling  quirk_igfx_skip_te_disable+0x0/0x80 @ 1
[    3.586653] pci 0000:00:1f.0: quirk_igfx_skip_te_disable+0x0/0x80 took 0 usecs
[    3.597717] pci 0000:00:1f.2: [8086:2922] type 00 class 0x010601
[    3.614628] pci 0000:00:1f.2: reg 0x20: [io  0xc040-0xc05f]
[    3.622270] pci 0000:00:1f.2: reg 0x24: [mem 0xfebf1000-0xfebf1fff]
[    3.631648] pci 0000:00:1f.2: calling  quirk_igfx_skip_te_disable+0x0/0x80 @ 1
[    3.640631] pci 0000:00:1f.2: quirk_igfx_skip_te_disable+0x0/0x80 took 0 usecs
[    3.652172] pci 0000:00:1f.3: [8086:2930] type 00 class 0x0c0500
[    3.665628] pci 0000:00:1f.3: reg 0x20: [io  0x0700-0x073f]
[    3.676862] pci 0000:00:1f.3: calling  quirk_igfx_skip_te_disable+0x0/0x80 @ 1
[    3.687632] pci 0000:00:1f.3: quirk_igfx_skip_te_disable+0x0/0x80 took 0 usecs
[    3.700120] ACPI: PCI Interrupt Link [LNKA] (IRQs 5 *10 11)
[    3.707025] ACPI: PCI Interrupt Link [LNKB] (IRQs 5 *10 11)
[    3.714030] ACPI: PCI Interrupt Link [LNKC] (IRQs 5 10 *11)
[    3.721020] ACPI: PCI Interrupt Link [LNKD] (IRQs 5 10 *11)
[    3.728027] ACPI: PCI Interrupt Link [LNKE] (IRQs 5 *10 11)
[    3.736066] ACPI: PCI Interrupt Link [LNKF] (IRQs 5 *10 11)
[    3.742640] ACPI: PCI Interrupt Link [LNKG] (IRQs 5 10 *11)
[    3.749850] ACPI: PCI Interrupt Link [LNKH] (IRQs 5 10 *11)
[    3.756854] ACPI: PCI Interrupt Link [GSIA] (IRQs *16)
[    3.763640] ACPI: PCI Interrupt Link [GSIB] (IRQs *17)
[    3.769654] ACPI: PCI Interrupt Link [GSIC] (IRQs *18)
[    3.775653] ACPI: PCI Interrupt Link [GSID] (IRQs *19)
[    3.781655] ACPI: PCI Interrupt Link [GSIE] (IRQs *20)
[    3.787637] ACPI: PCI Interrupt Link [GSIF] (IRQs *21)
[    3.794684] ACPI: PCI Interrupt Link [GSIG] (IRQs *22)
[    3.800637] ACPI: PCI Interrupt Link [GSIH] (IRQs *23)
[    3.808620] initcall acpi_init+0x0/0x319 returned 0 after 598632 usecs
[    3.817620] calling  pnp_init+0x0/0xc @ 1
[    3.822051] initcall pnp_init+0x0/0xc returned 0 after 976 usecs
[    3.830629] calling  misc_init+0x0/0xbf @ 1
[    3.837048] initcall misc_init+0x0/0xbf returned 0 after 1953 usecs
[    3.843718] calling  iommu_subsys_init+0x0/0x4e @ 1
[    3.850811] iommu: Default domain type: Translated 
[    3.857628] initcall iommu_subsys_init+0x0/0x4e returned 0 after 6835 usecs
[    3.865628] calling  vga_arb_device_init+0x0/0x261 @ 1
[    3.880735] pci 0000:00:01.0: vgaarb: setting as boot VGA device
[    3.881620] pci 0000:00:01.0: vgaarb: VGA device added: decodes=io+mem,owns=io+mem,locks=none
[    3.899632] pci 0000:00:01.0: vgaarb: bridge control possible
[    3.906625] vgaarb: loaded
[    3.909633] initcall vga_arb_device_init+0x0/0x261 returned 0 after 36132 usecs
[    3.918988] calling  cn_init+0x0/0xf0 @ 1
[    3.927897] initcall cn_init+0x0/0xf0 returned 0 after 2929 usecs
[    3.934633] calling  dma_buf_init+0x0/0xad @ 1
[    3.944728] initcall dma_buf_init+0x0/0xad returned 0 after 1953 usecs
[    3.953633] calling  init_scsi+0x0/0x79 @ 1
[    3.961717] SCSI subsystem initialized
[    3.966631] initcall init_scsi+0x0/0x79 returned 0 after 7812 usecs
[    3.974631] calling  ata_init+0x0/0x332 @ 1
[    3.999998] libata version 3.00 loaded.
[    4.005639] initcall ata_init+0x0/0x332 returned 0 after 25390 usecs
[    4.010631] calling  phy_init+0x0/0x250 @ 1
[    4.018224] initcall phy_init+0x0/0x250 returned 0 after 4882 usecs
[    4.027630] calling  init_pcmcia_cs+0x0/0x35 @ 1
[    4.033762] initcall init_pcmcia_cs+0x0/0x35 returned 0 after 0 usecs
[    4.040628] calling  usb_common_init+0x0/0x1c @ 1
[    4.044945] initcall usb_common_init+0x0/0x1c returned 0 after 0 usecs
[    4.054629] calling  usb_init+0x0/0x12e @ 1
[    4.059623] ACPI: bus type USB registered
[    4.067620] usbcore: registered new interface driver usbfs
[    4.074096] usbcore: registered new interface driver hub
[    4.081673] usbcore: registered new device driver usb
[    4.087632] initcall usb_init+0x0/0x12e returned 0 after 27343 usecs
[    4.095630] calling  serio_init+0x0/0x29 @ 1
[    4.100630] initcall serio_init+0x0/0x29 returned 0 after 0 usecs
[    4.107628] calling  input_init+0x0/0xf6 @ 1
[    4.113739] initcall input_init+0x0/0xf6 returned 0 after 0 usecs
[    4.121635] calling  rtc_init+0x0/0x4d @ 1
[    4.126636] initcall rtc_init+0x0/0x4d returned 0 after 0 usecs
[    4.133626] calling  pps_init+0x0/0xa9 @ 1
[    4.137635] pps_core: LinuxPPS API ver. 1 registered
[    4.144727] pps_core: Software ver. 5.3.6 - Copyright 2005-2007 Rodolfo Giometti <giometti@linux.it>
[    4.155628] initcall pps_init+0x0/0xa9 returned 0 after 17578 usecs
[    4.163627] calling  ptp_init+0x0/0x98 @ 1
[    4.168652] PTP clock support registered
[    4.172627] initcall ptp_init+0x0/0x98 returned 0 after 3906 usecs
[    4.180627] calling  power_supply_class_init+0x0/0x3f @ 1
[    4.186728] initcall power_supply_class_init+0x0/0x3f returned 0 after 0 usecs
[    4.195627] calling  hwmon_init+0x0/0x104 @ 1
[    4.201168] initcall hwmon_init+0x0/0x104 returned 0 after 976 usecs
[    4.207627] calling  md_init+0x0/0x16b @ 1
[    4.218088] initcall md_init+0x0/0x16b returned 0 after 3906 usecs
[    4.225630] calling  leds_init+0x0/0x3b @ 1
[    4.231691] initcall leds_init+0x0/0x3b returned 0 after 0 usecs
[    4.238629] calling  dmi_init+0x0/0x113 @ 1
[    4.244197] initcall dmi_init+0x0/0x113 returned 0 after 976 usecs
[    4.252631] calling  efisubsys_init+0x0/0x4e7 @ 1
[    4.258751] initcall efisubsys_init+0x0/0x4e7 returned 0 after 0 usecs
[    4.267632] calling  nvmem_init+0x0/0xc @ 1
[    4.273683] initcall nvmem_init+0x0/0xc returned 0 after 0 usecs
[    4.280809] calling  init_soundcore+0x0/0x33 @ 1
[    4.287821] initcall init_soundcore+0x0/0x33 returned 0 after 0 usecs
[    4.295629] calling  alsa_sound_init+0x0/0x8f @ 1
[    4.300860] Advanced Linux Sound Architecture Driver Initialized.
[    4.308628] initcall alsa_sound_init+0x0/0x8f returned 0 after 7812 usecs
[    4.315628] calling  alsa_seq_device_init+0x0/0x71 @ 1
[    4.322971] initcall alsa_seq_device_init+0x0/0x71 returned 0 after 0 usecs
[    4.330627] calling  hda_bus_init+0x0/0xc @ 1
[    4.336843] initcall hda_bus_init+0x0/0xc returned 0 after 0 usecs
[    4.343633] calling  proto_init+0x0/0xc @ 1
[    4.347926] initcall proto_init+0x0/0xc returned 0 after 0 usecs
[    4.354627] calling  net_dev_init+0x0/0x209 @ 1
[    4.365298] initcall net_dev_init+0x0/0x209 returned 0 after 3906 usecs
[    4.372629] calling  neigh_init+0x0/0x84 @ 1
[    4.377633] initcall neigh_init+0x0/0x84 returned 0 after 0 usecs
[    4.383628] calling  fib_notifier_init+0x0/0xc @ 1
[    4.389784] initcall fib_notifier_init+0x0/0xc returned 0 after 0 usecs
[    4.398628] calling  fib_rules_init+0x0/0xab @ 1
[    4.404747] initcall fib_rules_init+0x0/0xab returned 0 after 0 usecs
[    4.411627] calling  pktsched_init+0x0/0x10e @ 1
[    4.417937] initcall pktsched_init+0x0/0x10e returned 0 after 0 usecs
[    4.424628] calling  tc_filter_init+0x0/0xfa @ 1
[    4.430656] initcall tc_filter_init+0x0/0xfa returned 0 after 0 usecs
[    4.438627] calling  tc_action_init+0x0/0x54 @ 1
[    4.443629] initcall tc_action_init+0x0/0x54 returned 0 after 0 usecs
[    4.451627] calling  ethnl_init+0x0/0x52 @ 1
[    4.456773] initcall ethnl_init+0x0/0x52 returned 0 after 0 usecs
[    4.463640] calling  nexthop_init+0x0/0xd8 @ 1
[    4.468785] initcall nexthop_init+0x0/0xd8 returned 0 after 0 usecs
[    4.476633] calling  cipso_v4_init+0x0/0x5d @ 1
[    4.481625] initcall cipso_v4_init+0x0/0x5d returned 0 after 0 usecs
[    4.489627] calling  ieee80211_init+0x0/0x24 @ 1
[    4.494626] initcall ieee80211_init+0x0/0x24 returned 0 after 0 usecs
[    4.502627] calling  netlbl_init+0x0/0x78 @ 1
[    4.507638] NetLabel: Initializing
[    4.511624] NetLabel:  domain hash size = 128
[    4.516623] NetLabel:  protocols = UNLABELED CIPSOv4 CALIPSO
[    4.521623] NetLabel:  unlabeled traffic allowed by default
[    4.529630] initcall netlbl_init+0x0/0x78 returned 0 after 21484 usecs
[    4.534630] calling  rfkill_init+0x0/0x111 @ 1
[    4.543106] initcall rfkill_init+0x0/0x111 returned 0 after 1953 usecs
[    4.552631] calling  pci_subsys_init+0x0/0x66 @ 1
[    4.560929] PCI: Using ACPI for IRQ routing
[    5.328620] PCI: pci_cache_line_size set to 64 bytes
[    5.336431] e820: reserve RAM buffer [mem 0x0009fc00-0x0009ffff]
[    5.343853] e820: reserve RAM buffer [mem 0x1ffdf000-0x1fffffff]
[    5.352504] initcall pci_subsys_init+0x0/0x66 returned 0 after 772460 usecs
[    5.362086] calling  nmi_warning_debugfs+0x0/0x26 @ 1
[    5.369354] initcall nmi_warning_debugfs+0x0/0x26 returned 0 after 976 usecs
[    5.378633] calling  save_microcode_in_initrd+0x0/0x51 @ 1
[    5.384779] initcall save_microcode_in_initrd+0x0/0x51 returned 0 after 976 usecs
[    5.395648] calling  hpet_late_init+0x0/0x20a @ 1
[    5.403086] hpet: 3 channels of 0 reserved for per-cpu timers
[    5.412098] hpet0: at MMIO 0xfed00000, IRQs 2, 8, 0
[    5.418627] hpet0: 3 comparators, 64-bit 100.000000 MHz counter
[    5.429633] initcall hpet_late_init+0x0/0x20a returned 0 after 26367 usecs
[    5.437631] calling  init_amd_nbs+0x0/0x11c @ 1
[    5.443761] initcall init_amd_nbs+0x0/0x11c returned 0 after 0 usecs
[    5.451649] calling  clocksource_done_booting+0x0/0x41 @ 1
[    5.459532] clocksource: Switched to clocksource kvm-clock
[    5.466855] initcall clocksource_done_booting+0x0/0x41 returned 0 after 8037 usecs
[    5.475792] calling  tracer_init_tracefs+0x0/0x242 @ 1
[    5.685145] initcall tracer_init_tracefs+0x0/0x242 returned 0 after 198498 usecs
[    5.693548] calling  init_trace_printk_function_export+0x0/0x2c @ 1
[    5.700754] initcall init_trace_printk_function_export+0x0/0x2c returned 0 after 10 usecs
[    5.710019] calling  init_kprobe_trace+0x0/0x1a9 @ 1
[    5.715954] initcall init_kprobe_trace+0x0/0x1a9 returned 0 after 34 usecs
[    5.723774] calling  init_dynamic_event+0x0/0x3d @ 1
[    5.729506] initcall init_dynamic_event+0x0/0x3d returned 0 after 20 usecs
[    5.737408] calling  init_uprobe_trace+0x0/0x5c @ 1
[    5.742988] initcall init_uprobe_trace+0x0/0x5c returned 0 after 29 usecs
[    5.751608] calling  init_pipe_fs+0x0/0x44 @ 1
[    5.758130] initcall init_pipe_fs+0x0/0x44 returned 0 after 1002 usecs
[    5.765675] calling  inotify_user_setup+0x0/0x47 @ 1
[    5.771364] initcall inotify_user_setup+0x0/0x47 returned 0 after 28 usecs
[    5.779206] calling  eventpoll_init+0x0/0xd4 @ 1
[    5.784781] initcall eventpoll_init+0x0/0xd4 returned 0 after 158 usecs
[    5.792753] calling  anon_inode_init+0x0/0x58 @ 1
[    5.798792] initcall anon_inode_init+0x0/0x58 returned 0 after 179 usecs
[    5.806565] calling  proc_locks_init+0x0/0x27 @ 1
[    5.812307] initcall proc_locks_init+0x0/0x27 returned 0 after 149 usecs
[    5.820193] calling  iomap_init+0x0/0x1b @ 1
[    5.826029] initcall iomap_init+0x0/0x1b returned 0 after 787 usecs
[    5.833338] calling  dquot_init+0x0/0x106 @ 1
[    5.838525] VFS: Disk quotas dquot_6.6.0
[    5.843537] VFS: Dquot-cache hash table entries: 512 (order 0, 4096 bytes)
[    5.851499] initcall dquot_init+0x0/0x106 returned 0 after 12676 usecs
[    5.859033] calling  quota_init+0x0/0x23 @ 1
[    5.864590] initcall quota_init+0x0/0x23 returned 0 after 459 usecs
[    5.872134] calling  proc_cmdline_init+0x0/0x21 @ 1
[    5.878056] initcall proc_cmdline_init+0x0/0x21 returned 0 after 22 usecs
[    5.887401] calling  proc_consoles_init+0x0/0x24 @ 1
[    5.894528] initcall proc_consoles_init+0x0/0x24 returned 0 after 7 usecs
[    5.904195] calling  proc_cpuinfo_init+0x0/0x1e @ 1
[    5.911236] initcall proc_cpuinfo_init+0x0/0x1e returned 0 after 8 usecs
[    5.919339] calling  proc_devices_init+0x0/0x24 @ 1
[    5.925739] initcall proc_devices_init+0x0/0x24 returned 0 after 94 usecs
[    5.933510] calling  proc_interrupts_init+0x0/0x24 @ 1
[    5.939898] initcall proc_interrupts_init+0x0/0x24 returned 0 after 5 usecs
[    5.948324] calling  proc_loadavg_init+0x0/0x21 @ 1
[    5.954202] initcall proc_loadavg_init+0x0/0x21 returned 0 after 6 usecs
[    5.961973] calling  proc_meminfo_init+0x0/0x21 @ 1
[    5.967860] initcall proc_meminfo_init+0x0/0x21 returned 0 after 5 usecs
[    5.975761] calling  proc_stat_init+0x0/0x1e @ 1
[    5.981166] initcall proc_stat_init+0x0/0x1e returned 0 after 5 usecs
[    5.988762] calling  proc_uptime_init+0x0/0x21 @ 1
[    5.994529] initcall proc_uptime_init+0x0/0x21 returned 0 after 4 usecs
[    6.002262] calling  proc_version_init+0x0/0x21 @ 1
[    6.008476] initcall proc_version_init+0x0/0x21 returned 0 after 6 usecs
[    6.017241] calling  proc_softirqs_init+0x0/0x21 @ 1
[    6.023212] initcall proc_softirqs_init+0x0/0x21 returned 0 after 3 usecs
[    6.031481] calling  proc_kcore_init+0x0/0xea @ 1
[    6.037288] initcall proc_kcore_init+0x0/0xea returned 0 after 58 usecs
[    6.045160] calling  vmcore_init+0x0/0x578 @ 1
[    6.050572] initcall vmcore_init+0x0/0x578 returned 0 after 25 usecs
[    6.058425] calling  proc_kmsg_init+0x0/0x21 @ 1
[    6.063970] initcall proc_kmsg_init+0x0/0x21 returned 0 after 7 usecs
[    6.071428] calling  proc_page_init+0x0/0x3b @ 1
[    6.077024] initcall proc_page_init+0x0/0x3b returned 0 after 6 usecs
[    6.084523] calling  init_ramfs_fs+0x0/0xc @ 1
[    6.090278] initcall init_ramfs_fs+0x0/0xc returned 0 after 24 usecs
[    6.098773] calling  init_hugetlbfs_fs+0x0/0xf6 @ 1
[    6.104800] initcall init_hugetlbfs_fs+0x0/0xf6 returned 0 after 297 usecs
[    6.112948] calling  blk_scsi_ioctl_init+0x0/0x2a5 @ 1
[    6.119107] initcall blk_scsi_ioctl_init+0x0/0x2a5 returned 0 after 38 usecs
[    6.127445] calling  acpi_event_init+0x0/0x2c @ 1
[    6.133115] initcall acpi_event_init+0x0/0x2c returned 0 after 61 usecs
[    6.140949] calling  pnp_system_init+0x0/0xc @ 1
[    6.147305] initcall pnp_system_init+0x0/0xc returned 0 after 744 usecs
[    6.155107] calling  pnpacpi_init+0x0/0x69 @ 1
[    6.160512] pnp: PnP ACPI init
[    6.165262] pnp 00:00: Plug and Play ACPI device, IDs PNP0303 (active)
[    6.173073] pnp 00:01: Plug and Play ACPI device, IDs PNP0f13 (active)
[    6.181183] pnp 00:02: Plug and Play ACPI device, IDs PNP0400 (active)
[    6.188562] pnp 00:03: Plug and Play ACPI device, IDs PNP0501 (active)
[    6.195890] pnp 00:04: Plug and Play ACPI device, IDs PNP0b00 (active)
[    6.203366] system 00:05: [mem 0xb0000000-0xbfffffff window] has been reserved
[    6.214737] system 00:05: Plug and Play ACPI device, IDs PNP0c01 (active)
[    6.226000] pnp: PnP ACPI: found 6 devices
[    6.230975] initcall pnpacpi_init+0x0/0x69 returned 0 after 68847 usecs
[    6.238436] calling  chr_dev_init+0x0/0x14d @ 1
[    6.338522] initcall chr_dev_init+0x0/0x14d returned 0 after 92199 usecs
[    6.346767] calling  firmware_class_init+0x0/0xe7 @ 1
[    6.352838] initcall firmware_class_init+0x0/0xe7 returned 0 after 256 usecs
[    6.360860] calling  init_pcmcia_bus+0x0/0x5b @ 1
[    6.366486] initcall init_pcmcia_bus+0x0/0x5b returned 0 after 192 usecs
[    6.374088] calling  init_acpi_pm_clocksource+0x0/0xda @ 1
[    6.385999] clocksource: acpi_pm: mask: 0xffffff max_cycles: 0xffffff, max_idle_ns: 2085701024 ns
[    6.396049] initcall init_acpi_pm_clocksource+0x0/0xda returned 0 after 15198 usecs
[    6.405014] calling  sysctl_core_init+0x0/0x26 @ 1
[    6.411304] initcall sysctl_core_init+0x0/0x26 returned 0 after 780 usecs
[    6.419212] calling  eth_offload_init+0x0/0x13 @ 1
[    6.424754] initcall eth_offload_init+0x0/0x13 returned 0 after 23 usecs
[    6.432436] calling  ipv4_offload_init+0x0/0x73 @ 1
[    6.438117] initcall ipv4_offload_init+0x0/0x73 returned 0 after 29 usecs
[    6.445738] calling  inet_init+0x0/0x276 @ 1
[    6.451544] NET: Registered protocol family 2
[    6.458818] IP idents hash table entries: 8192 (order: 4, 65536 bytes, linear)
[    6.472624] tcp_listen_portaddr_hash hash table entries: 256 (order: 0, 4096 bytes, linear)
[    6.485180] TCP established hash table entries: 4096 (order: 3, 32768 bytes, linear)
[    6.495932] TCP bind hash table entries: 4096 (order: 4, 65536 bytes, linear)
[    6.504381] TCP: Hash tables configured (established 4096 bind 4096)
[    6.512413] UDP hash table entries: 256 (order: 1, 8192 bytes, linear)
[    6.520109] UDP-Lite hash table entries: 256 (order: 1, 8192 bytes, linear)
[    6.528905] initcall inet_init+0x0/0x276 returned 0 after 76315 usecs
[    6.536458] calling  af_unix_init+0x0/0x4d @ 1
[    6.541733] NET: Registered protocol family 1
[    6.547056] initcall af_unix_init+0x0/0x4d returned 0 after 5214 usecs
[    6.554812] calling  ipv6_offload_init+0x0/0x7e @ 1
[    6.560772] initcall ipv6_offload_init+0x0/0x7e returned 0 after 138 usecs
[    6.568735] calling  init_sunrpc+0x0/0x65 @ 1
[    6.581575] RPC: Registered named UNIX socket transport module.
[    6.588600] RPC: Registered udp transport module.
[    6.594353] RPC: Registered tcp transport module.
[    6.600045] RPC: Registered tcp NFSv4.1 backchannel transport module.
[    6.607623] initcall init_sunrpc+0x0/0x65 returned 0 after 32840 usecs
[    6.615570] calling  cfg80211_init+0x0/0xc5 @ 1
[    6.624786] initcall cfg80211_init+0x0/0xc5 returned 0 after 3479 usecs
[    6.632736] calling  pcibios_assign_resources+0x0/0xbf @ 1
[    6.639863] pci_bus 0000:00: resource 4 [io  0x0000-0x0cf7 window]
[    6.647296] pci_bus 0000:00: resource 5 [io  0x0d00-0xffff window]
[    6.654868] pci_bus 0000:00: resource 6 [mem 0x000a0000-0x000bffff window]
[    6.663044] pci_bus 0000:00: resource 7 [mem 0x20000000-0xafffffff window]
[    6.671104] pci_bus 0000:00: resource 8 [mem 0xc0000000-0xfebfffff window]
[    6.679039] pci_bus 0000:00: resource 9 [mem 0x100000000-0x8ffffffff window]
[    6.687504] initcall pcibios_assign_resources+0x0/0xbf returned 0 after 47130 usecs
[    6.696521] calling  pci_apply_final_quirks+0x0/0x124 @ 1
[    6.703431] pci 0000:00:01.0: calling  pci_fixup_video+0x0/0xe0 @ 1
[    6.711096] pci 0000:00:01.0: Video device with shadowed ROM at [mem 0x000c0000-0x000dffff]
[    6.720803] pci 0000:00:01.0: pci_fixup_video+0x0/0xe0 took 9874 usecs
[    6.729006] PCI: CLS 0 bytes, default 64
[    6.733721] initcall pci_apply_final_quirks+0x0/0x124 returned 0 after 30255 usecs
[    6.742558] calling  acpi_reserve_resources+0x0/0xea @ 1
[    6.748779] initcall acpi_reserve_resources+0x0/0xea returned 0 after 60 usecs
[    6.757231] calling  populate_rootfs+0x0/0x102 @ 1
[    6.764607] initcall populate_rootfs+0x0/0x102 returned 0 after 1542 usecs
[    6.772685] calling  pci_iommu_init+0x0/0x3e @ 1
[    6.778591] initcall pci_iommu_init+0x0/0x3e returned 0 after 97 usecs
[    6.788134] calling  ia32_binfmt_init+0x0/0x13 @ 1
[    6.793902] initcall ia32_binfmt_init+0x0/0x13 returned 0 after 17 usecs
[    6.801816] calling  rapl_pmu_init+0x0/0x267 @ 1
[    6.807441] initcall rapl_pmu_init+0x0/0x267 returned -19 after 58 usecs
[    6.815233] calling  amd_uncore_init+0x0/0x310 @ 1
[    6.820976] initcall amd_uncore_init+0x0/0x310 returned -19 after 0 usecs
[    6.828967] calling  amd_ibs_init+0x0/0x27b @ 1
[    6.834555] initcall amd_ibs_init+0x0/0x27b returned -19 after 0 usecs
[    6.843477] calling  amd_iommu_pc_init+0x0/0x215 @ 1
[    6.849772] initcall amd_iommu_pc_init+0x0/0x215 returned -19 after 37 usecs
[    6.858213] calling  msr_init+0x0/0x55 @ 1
[    6.863112] initcall msr_init+0x0/0x55 returned 0 after 168 usecs
[    6.870045] calling  intel_uncore_init+0x0/0x36f @ 1
[    6.875921] initcall intel_uncore_init+0x0/0x36f returned -19 after 24 usecs
[    6.883909] calling  cstate_pmu_init+0x0/0x1a1 @ 1
[    6.889348] initcall cstate_pmu_init+0x0/0x1a1 returned -19 after 0 usecs
[    6.897033] calling  register_kernel_offset_dumper+0x0/0x1a @ 1
[    6.904139] initcall register_kernel_offset_dumper+0x0/0x1a returned 0 after 74 usecs
[    6.913141] calling  i8259A_init_ops+0x0/0x20 @ 1
[    6.918564] initcall i8259A_init_ops+0x0/0x20 returned 0 after 1 usecs
[    6.925977] calling  init_tsc_clocksource+0x0/0xa4 @ 1
[    6.931928] clocksource: tsc: mask: 0xffffffffffffffff max_cycles: 0x39a85afc727, max_idle_ns: 881590685098 ns
[    6.943101] initcall init_tsc_clocksource+0x0/0xa4 returned 0 after 10909 usecs
[    6.951509] calling  add_rtc_cmos+0x0/0xb0 @ 1
[    6.956778] initcall add_rtc_cmos+0x0/0xb0 returned 0 after 78 usecs
[    6.964024] calling  i8237A_init_ops+0x0/0x3a @ 1
[    6.969611] initcall i8237A_init_ops+0x0/0x3a returned 0 after 172 usecs
[    6.978831] calling  umwait_init+0x0/0x94 @ 1
[    6.984108] initcall umwait_init+0x0/0x94 returned -19 after 40 usecs
[    6.991290] calling  thermal_throttle_init_device+0x0/0x3d @ 1
[    6.997984] initcall thermal_throttle_init_device+0x0/0x3d returned 0 after 59 usecs
[    7.006825] calling  msr_init+0x0/0xd7 @ 1
[    7.019787] initcall msr_init+0x0/0xd7 returned 0 after 7991 usecs
[    7.027352] calling  cpuid_init+0x0/0xd7 @ 1
[    7.039016] initcall cpuid_init+0x0/0xd7 returned 0 after 6465 usecs
[    7.046466] calling  ioapic_init_ops+0x0/0x13 @ 1
[    7.052045] initcall ioapic_init_ops+0x0/0x13 returned 0 after 71 usecs
[    7.061140] calling  add_pcspkr+0x0/0x6c @ 1
[    7.068922] initcall add_pcspkr+0x0/0x6c returned 0 after 102 usecs
[    7.076353] calling  start_periodic_check_for_corruption+0x0/0x30 @ 1
[    7.083775] check: Scanning for low memory corruption every 60 seconds
[    7.091449] initcall start_periodic_check_for_corruption+0x0/0x30 returned 0 after 7510 usecs
[    7.102223] calling  sysfb_init+0x0/0x9c @ 1
[    7.107285] initcall sysfb_init+0x0/0x9c returned 0 after 106 usecs
[    7.114531] calling  audit_classes_init+0x0/0xae @ 1
[    7.120673] initcall audit_classes_init+0x0/0xae returned 0 after 84 usecs
[    7.128674] calling  iosf_mbi_init+0x0/0x24 @ 1
[    7.134407] initcall iosf_mbi_init+0x0/0x24 returned 0 after 331 usecs
[    7.141784] calling  proc_execdomains_init+0x0/0x21 @ 1
[    7.147906] initcall proc_execdomains_init+0x0/0x21 returned 0 after 32 usecs
[    7.155958] calling  register_warn_debugfs+0x0/0x23 @ 1
[    7.161999] initcall register_warn_debugfs+0x0/0x23 returned 0 after 25 usecs
[    7.170212] calling  cpuhp_sysfs_init+0x0/0x79 @ 1
[    7.175932] initcall cpuhp_sysfs_init+0x0/0x79 returned 0 after 236 usecs
[    7.183663] calling  ioresources_init+0x0/0x49 @ 1
[    7.189119] initcall ioresources_init+0x0/0x49 returned 0 after 7 usecs
[    7.196703] calling  snapshot_device_init+0x0/0xc @ 1
[    7.203786] initcall snapshot_device_init+0x0/0xc returned 0 after 1298 usecs
[    7.213854] calling  irq_pm_init_ops+0x0/0x13 @ 1
[    7.221150] initcall irq_pm_init_ops+0x0/0x13 returned 0 after 19 usecs
[    7.231213] calling  rcu_torture_init+0x0/0x9a6 @ 1
[    7.238991] tasks-tracing-torture:--- Start of test: nreaders=3 nfakewriters=4 stat_interval=15 verbose=1 test_no_idle_hz=1 shuffle_interval=3 stutter=5 irqreader=1 fqs_duration=0 fqs_holdoff=0 fqs_stutter=3 test_boost=1/0 test_boost_interval=7 test_boost_duration=4 shutdown_secs=1800 stall_cpu=0 stall_cpu_holdoff=10 stall_cpu_irqsoff=0 stall_cpu_block=0 n_barrier_cbs=4 onoff_interval=1000 onoff_holdoff=30 read_exit_delay=13 read_exit_burst=16
[    7.286569] tasks-tracing:  Start-test grace-period state: g0 f0x0
[    7.293879] tasks-tracing-torture: Creating rcu_torture_writer task
[    7.302905] tasks-tracing-torture: Creating rcu_torture_fakewriter task
[    7.303073] tasks-tracing-torture: rcu_torture_writer task started
[    7.312369] tasks-tracing-torture: Creating rcu_torture_fakewriter task
[    7.312880] tasks-tracing-torture: rcu_torture_fakewriter task started
[    7.317885] tasks-tracing-torture: GP expediting controlled from boot/sysfs for tasks-tracing.
[    7.317901] rcu_torture_writer: Testing expedited GPs.
[    7.317902] rcu_torture_writer: Testing asynchronous GPs.
[    7.317902] rcu_torture_writer: Testing normal GPs.
[    7.385304] tasks-tracing-torture: Creating rcu_torture_fakewriter task
[    7.386080] tasks-tracing-torture: rcu_torture_fakewriter task started
[    7.395141] tasks-tracing-torture: Creating rcu_torture_fakewriter task
[    7.398065] tasks-tracing-torture: rcu_torture_fakewriter task started
[    7.422134] tasks-tracing-torture: Creating rcu_torture_reader task
[    7.422516] tasks-tracing-torture: rcu_torture_fakewriter task started
[    7.430924] tasks-tracing-torture: Creating rcu_torture_reader task
[    7.431047] tasks-tracing-torture: rcu_torture_reader task started
[    7.455242] tasks-tracing-torture: Creating rcu_torture_reader task
[    7.455753] tasks-tracing-torture: rcu_torture_reader task started
[    7.464924] tasks-tracing-torture: Creating rcu_torture_stats task
[    7.465585] tasks-tracing-torture: rcu_torture_reader task started
[    7.487132] tasks-tracing-torture: Creating torture_shuffle task
[    7.494423] tasks-tracing-torture: rcu_torture_stats task started
[    7.496781] tasks-tracing-torture: Creating torture_stutter task
[    7.497542] tasks-tracing-torture: torture_shuffle task started
[    7.518048] tasks-tracing-torture: Creating torture_shutdown task
[    7.518061] tasks-tracing-torture: torture_stutter task started
[    7.535003] tasks-tracing-torture: Creating torture_onoff task
[    7.535007] tasks-tracing-torture: torture_shutdown task started
[    7.542928] tasks-tracing-torture: rcu_torture_fwd_prog_init: Disabled, unsupported by RCU flavor under test
[    7.545037] tasks-tracing-torture: torture_onoff task started
[    7.545038] tasks-tracing-torture: torture_onoff begin holdoff
[    7.550359] tasks-tracing-torture:torture_shutdown task: 1799967 ms remaining
[    7.591236] tasks-tracing-torture: Creating rcu_torture_barrier_cbs task
[    7.602145] tasks-tracing-torture: Creating rcu_torture_barrier_cbs task
[    7.602161] tasks-tracing-torture: rcu_torture_barrier_cbs task started
[    7.613099] tasks-tracing-torture: Creating rcu_torture_barrier_cbs task
[    7.613145] tasks-tracing-torture: rcu_torture_barrier_cbs task started
[    7.638233] tasks-tracing-torture: Creating rcu_torture_barrier_cbs task
[    7.638782] tasks-tracing-torture: rcu_torture_barrier_cbs task started
[    7.649088] tasks-tracing-torture: Creating rcu_torture_barrier task
[    7.649447] tasks-tracing-torture: rcu_torture_barrier_cbs task started
[    7.676411] tasks-tracing-torture: Creating rcu_torture_read_exit task
[    7.676433] tasks-tracing-torture: rcu_torture_barrier task starting
[    7.686954] tasks-tracing-torture: rcu_torture_read_exit: Start of test
[    7.687479] initcall rcu_torture_init+0x0/0x9a6 returned 0 after 437696 usecs
[    7.687797] calling  timekeeping_init_ops+0x0/0x13 @ 1
[    7.687867] initcall timekeeping_init_ops+0x0/0x13 returned 0 after 64 usecs
[    7.687882] calling  init_clocksource_sysfs+0x0/0x23 @ 1
[    7.689636] initcall init_clocksource_sysfs+0x0/0x23 returned 0 after 1708 usecs
[    7.689638] calling  init_timer_list_procfs+0x0/0x31 @ 1
[    7.689897] initcall init_timer_list_procfs+0x0/0x31 returned 0 after 248 usecs
[    7.689901] calling  alarmtimer_init+0x0/0xc7 @ 1
[    7.690227] initcall alarmtimer_init+0x0/0xc7 returned 0 after 314 usecs
[    7.690229] calling  init_posix_timers+0x0/0x29 @ 1
[    7.690312] initcall init_posix_timers+0x0/0x29 returned 0 after 78 usecs
[    7.690315] calling  clockevents_init_sysfs+0x0/0xbf @ 1
[    7.690636] initcall clockevents_init_sysfs+0x0/0xbf returned 0 after 310 usecs
[    7.690638] calling  proc_dma_init+0x0/0x21 @ 1
[    7.690787] initcall proc_dma_init+0x0/0x21 returned 0 after 142 usecs
[    7.690790] calling  proc_modules_init+0x0/0x1e @ 1
[    7.690808] initcall proc_modules_init+0x0/0x1e returned 0 after 14 usecs
[    7.690810] calling  kallsyms_init+0x0/0x21 @ 1
[    7.690813] initcall kallsyms_init+0x0/0x21 returned 0 after 1 usecs
[    7.690816] calling  pid_namespaces_init+0x0/0x2c @ 1
[    7.690985] initcall pid_namespaces_init+0x0/0x2c returned 0 after 162 usecs
[    7.691000] calling  audit_watch_init+0x0/0x37 @ 1
[    7.691044] initcall audit_watch_init+0x0/0x37 returned 0 after 39 usecs
[    7.691046] calling  audit_fsnotify_init+0x0/0x37 @ 1
[    7.691049] initcall audit_fsnotify_init+0x0/0x37 returned 0 after 0 usecs
[    7.691050] calling  audit_tree_init+0x0/0x6d @ 1
[    7.691082] initcall audit_tree_init+0x0/0x6d returned 0 after 27 usecs
[    7.691085] calling  seccomp_sysctl_init+0x0/0x2b @ 1
[    7.691207] initcall seccomp_sysctl_init+0x0/0x2b returned 0 after 109 usecs
[    7.691209] calling  utsname_sysctl_init+0x0/0x13 @ 1
[    7.691326] initcall utsname_sysctl_init+0x0/0x13 returned 0 after 111 usecs
[    7.691329] calling  init_tracepoints+0x0/0x27 @ 1
[    7.691366] initcall init_tracepoints+0x0/0x27 returned 0 after 32 usecs
[    7.691369] calling  init_blk_tracer+0x0/0x50 @ 1
[    7.692929] initcall init_blk_tracer+0x0/0x50 returned 0 after 1518 usecs
[    7.692993] calling  perf_event_sysfs_init+0x0/0x81 @ 1
[    7.693530] initcall perf_event_sysfs_init+0x0/0x81 returned 0 after 521 usecs
[    7.693533] calling  system_trusted_keyring_init+0x0/0x60 @ 1
[    7.693535] Initialise system trusted keyrings
[    7.693832] initcall system_trusted_keyring_init+0x0/0x60 returned 0 after 288 usecs
[    7.693834] calling  kswapd_init+0x0/0x5c @ 1
[    7.703845] initcall kswapd_init+0x0/0x5c returned 0 after 9771 usecs
[    8.045902] calling  extfrag_debug_init+0x0/0x54 @ 1
[    8.054047] initcall extfrag_debug_init+0x0/0x54 returned 0 after 665 usecs
[    8.062712] calling  mm_compute_batch_init+0x0/0x12 @ 1
[    8.069056] initcall mm_compute_batch_init+0x0/0x12 returned 0 after 13 usecs
[    8.077567] calling  slab_proc_init+0x0/0x21 @ 1
[    8.083205] initcall slab_proc_init+0x0/0x21 returned 0 after 70 usecs
[    8.090954] calling  workingset_init+0x0/0x8c @ 1
[    8.097170] workingset: timestamp_bits=56 max_order=17 bucket_order=0
[    8.106871] initcall workingset_init+0x0/0x8c returned 0 after 9482 usecs
[    8.116807] calling  proc_vmalloc_init+0x0/0x32 @ 1
[    8.124090] initcall proc_vmalloc_init+0x0/0x32 returned 0 after 24 usecs
[    8.132624] calling  procswaps_init+0x0/0x1e @ 1
[    8.138283] initcall procswaps_init+0x0/0x1e returned 0 after 100 usecs
[    8.146137] calling  slab_sysfs_init+0x0/0xea @ 1
[    8.157211] initcall slab_sysfs_init+0x0/0xea returned 0 after 5054 usecs
[    8.165593] calling  fcntl_init+0x0/0x29 @ 1
[    8.170935] initcall fcntl_init+0x0/0x29 returned 0 after 42 usecs
[    8.178883] calling  proc_filesystems_init+0x0/0x21 @ 1
[    8.185563] initcall proc_filesystems_init+0x0/0x21 returned 0 after 4 usecs
[    8.194279] calling  start_dirtytime_writeback+0x0/0x29 @ 1
[    8.201264] initcall start_dirtytime_writeback+0x0/0x29 returned 0 after 2 usecs
[    8.211825] calling  blkdev_init+0x0/0x1b @ 1
[    8.217641] initcall blkdev_init+0x0/0x1b returned 0 after 303 usecs
[    8.225543] calling  dio_init+0x0/0x2c @ 1
[    8.230532] initcall dio_init+0x0/0x2c returned 0 after 95 usecs
[    8.237904] calling  dnotify_init+0x0/0x78 @ 1
[    8.243513] initcall dnotify_init+0x0/0x78 returned 0 after 11 usecs
[    8.251444] calling  aio_setup+0x0/0x78 @ 1
[    8.257480] initcall aio_setup+0x0/0x78 returned 0 after 428 usecs
[    8.265161] calling  io_uring_init+0x0/0x2c @ 1
[    8.271075] initcall io_uring_init+0x0/0x2c returned 0 after 6 usecs
[    8.279129] calling  mbcache_init+0x0/0x30 @ 1
[    8.287176] initcall mbcache_init+0x0/0x30 returned 0 after 44 usecs
[    8.295075] calling  init_grace+0x0/0xc @ 1
[    8.300983] initcall init_grace+0x0/0xc returned 0 after 266 usecs
[    8.309075] calling  init_v2_quota_format+0x0/0x21 @ 1
[    8.315786] initcall init_v2_quota_format+0x0/0x21 returned 0 after 27 usecs
[    8.324806] calling  init_devpts_fs+0x0/0x27 @ 1
[    8.331138] initcall init_devpts_fs+0x0/0x27 returned 0 after 296 usecs
[    8.339429] calling  ext4_init_fs+0x0/0x1d0 @ 1
[    8.345860] initcall ext4_init_fs+0x0/0x1d0 returned 0 after 507 usecs
[    8.354173] calling  journal_init+0x0/0x11c @ 1
[    8.360169] initcall journal_init+0x0/0x11c returned 0 after 81 usecs
[    8.368798] calling  init_fat_fs+0x0/0x49 @ 1
[    8.374740] initcall init_fat_fs+0x0/0x49 returned 0 after 192 usecs
[    8.383098] calling  init_vfat_fs+0x0/0xc @ 1
[    8.388902] initcall init_vfat_fs+0x0/0xc returned 0 after 4 usecs
[    8.396869] calling  init_msdos_fs+0x0/0xc @ 1
[    8.402781] initcall init_msdos_fs+0x0/0xc returned 0 after 3 usecs
[    8.410857] calling  init_iso9660_fs+0x0/0x6c @ 1
[    8.417257] initcall init_iso9660_fs+0x0/0x6c returned 0 after 89 usecs
[    8.425857] calling  init_nfs_fs+0x0/0x13a @ 1
[    8.434275] initcall init_nfs_fs+0x0/0x13a returned 0 after 2497 usecs
[    8.444243] calling  init_nfs_v2+0x0/0x13 @ 1
[    8.450543] initcall init_nfs_v2+0x0/0x13 returned 0 after 51 usecs
[    8.459986] calling  init_nfs_v3+0x0/0x13 @ 1
[    8.466807] initcall init_nfs_v3+0x0/0x13 returned 0 after 15 usecs
[    8.476836] calling  init_nfs_v4+0x0/0x32 @ 1
[    8.484125] NFS: Registering the id_resolver key type
[    8.492439] Key type id_resolver registered
[    8.498170] Key type id_legacy registered
[    8.503375] initcall init_nfs_v4+0x0/0x32 returned 0 after 18998 usecs
[    8.511744] calling  init_nlm+0x0/0x5b @ 1
[    8.517089] initcall init_nlm+0x0/0x5b returned 0 after 129 usecs
[    8.524873] calling  init_nls_cp437+0x0/0xe @ 1
[    8.530735] initcall init_nls_cp437+0x0/0xe returned 0 after 35 usecs
[    8.538892] calling  init_nls_ascii+0x0/0xe @ 1
[    8.544760] initcall init_nls_ascii+0x0/0xe returned 0 after 0 usecs
[    8.552801] calling  init_nls_iso8859_1+0x0/0xe @ 1
[    8.559037] initcall init_nls_iso8859_1+0x0/0xe returned 0 after 0 usecs
[    8.568955] calling  init_nls_utf8+0x0/0x21 @ 1
[    8.576065] initcall init_nls_utf8+0x0/0x21 returned 0 after 1 usecs
[    8.586083] calling  init_autofs_fs+0x0/0x25 @ 1
[    8.596126] initcall init_autofs_fs+0x0/0x25 returned 0 after 2519 usecs
[    8.605510] calling  ipc_init+0x0/0x24 @ 1
[    8.611562] initcall ipc_init+0x0/0x24 returned 0 after 316 usecs
[    8.619920] calling  ipc_sysctl_init+0x0/0x13 @ 1
[    8.626031] initcall ipc_sysctl_init+0x0/0x13 returned 0 after 28 usecs
[    8.634688] calling  init_mqueue_fs+0x0/0x9a @ 1
[    8.641279] initcall init_mqueue_fs+0x0/0x9a returned 0 after 487 usecs
[    8.649627] calling  key_proc_init+0x0/0x63 @ 1
[    8.655594] initcall key_proc_init+0x0/0x63 returned 0 after 99 usecs
[    8.664166] calling  selinux_nf_ip_init+0x0/0x2e @ 1
[    8.671000] initcall selinux_nf_ip_init+0x0/0x2e returned 0 after 168 usecs
[    8.679902] calling  init_sel_fs+0x0/0x116 @ 1
[    8.685795] initcall init_sel_fs+0x0/0x116 returned 0 after 0 usecs
[    8.695920] calling  selnl_init+0x0/0x7c @ 1
[    8.701803] initcall selnl_init+0x0/0x7c returned 0 after 370 usecs
[    8.710060] calling  sel_netif_init+0x0/0x36 @ 1
[    8.715919] initcall sel_netif_init+0x0/0x36 returned 0 after 0 usecs
[    8.724114] calling  sel_netnode_init+0x0/0x33 @ 1
[    8.730215] initcall sel_netnode_init+0x0/0x33 returned 0 after 0 usecs
[    8.738508] calling  sel_netport_init+0x0/0x33 @ 1
[    8.744816] initcall sel_netport_init+0x0/0x33 returned 0 after 0 usecs
[    8.753395] calling  aurule_init+0x0/0x2a @ 1
[    8.759382] initcall aurule_init+0x0/0x2a returned 0 after 159 usecs
[    8.768114] calling  crypto_algapi_init+0x0/0xc @ 1
[    8.774474] initcall crypto_algapi_init+0x0/0xc returned 0 after 4 usecs
[    8.785183] calling  jent_mod_init+0x0/0x2d @ 1
[    8.806556] initcall jent_mod_init+0x0/0x2d returned 0 after 13220 usecs
[    8.815021] calling  asymmetric_key_init+0x0/0xc @ 1
[    8.821771] Key type asymmetric registered
[    8.826968] initcall asymmetric_key_init+0x0/0xc returned 0 after 5073 usecs
[    8.835882] calling  x509_key_init+0x0/0xc @ 1
[    8.841782] Asymmetric key parser 'x509' registered
[    8.848075] initcall x509_key_init+0x0/0xc returned 0 after 6157 usecs
[    8.856385] calling  proc_genhd_init+0x0/0x41 @ 1
[    8.862545] initcall proc_genhd_init+0x0/0x41 returned 0 after 52 usecs
[    8.870954] calling  bsg_init+0x0/0x113 @ 1
[    8.876554] Block layer SCSI generic (bsg) driver version 0.4 loaded (major 251)
[    8.885826] initcall bsg_init+0x0/0x113 returned 0 after 9347 usecs
[    8.893999] calling  deadline_init+0x0/0xc @ 1
[    8.901894] io scheduler mq-deadline registered
[    8.908555] initcall deadline_init+0x0/0xc returned 0 after 6578 usecs
[    8.917511] calling  kyber_init+0x0/0xc @ 1
[    8.923142] io scheduler kyber registered
[    8.928192] initcall kyber_init+0x0/0xc returned 0 after 5143 usecs
[    8.935844] calling  mod_init+0x0/0x7 @ 1
[    8.940968] initcall mod_init+0x0/0x7 returned 0 after 0 usecs
[    8.948220] calling  percpu_counter_startup+0x0/0x55 @ 1
[    8.957583] initcall percpu_counter_startup+0x0/0x55 returned 0 after 2742 usecs
[    8.967547] calling  sg_pool_init+0x0/0xb4 @ 1
[    8.974009] initcall sg_pool_init+0x0/0xb4 returned 0 after 629 usecs
[    8.982198] calling  pcie_portdrv_init+0x0/0x39 @ 1
[    8.989997] initcall pcie_portdrv_init+0x0/0x39 returned 0 after 1459 usecs
[    8.998803] calling  pci_proc_init+0x0/0x68 @ 1
[    9.004903] initcall pci_proc_init+0x0/0x68 returned 0 after 51 usecs
[    9.013849] calling  pci_hotplug_init+0x0/0x7 @ 1
[    9.020317] initcall pci_hotplug_init+0x0/0x7 returned 0 after 0 usecs
[    9.028888] calling  efifb_driver_init+0x0/0xe @ 1
[    9.035091] initcall efifb_driver_init+0x0/0xe returned 0 after 40 usecs
[    9.043770] calling  ged_driver_init+0x0/0xe @ 1
[    9.049982] initcall ged_driver_init+0x0/0xe returned 0 after 214 usecs
[    9.058734] calling  acpi_ac_init+0x0/0x92 @ 1
[    9.065762] initcall acpi_ac_init+0x0/0x92 returned 0 after 997 usecs
[    9.073899] calling  acpi_button_driver_init+0x0/0x52 @ 1
[    9.082843] input: Power Button as /devices/LNXSYSTM:00/LNXPWRBN:00/input/input0
[    9.093914] ACPI: Power Button [PWRF]
[    9.100360] initcall acpi_button_driver_init+0x0/0x52 returned 0 after 18600 usecs
[    9.110966] calling  acpi_fan_driver_init+0x0/0xe @ 1
[    9.118299] initcall acpi_fan_driver_init+0x0/0xe returned 0 after 54 usecs
[    9.127684] calling  acpi_video_init+0x0/0xcb @ 1
[    9.134875] initcall acpi_video_init+0x0/0xcb returned 0 after 124 usecs
[    9.145127] calling  acpi_processor_driver_init+0x0/0xad @ 1
[    9.157195] initcall acpi_processor_driver_init+0x0/0xad returned 0 after 3094 usecs
[    9.170175] calling  acpi_thermal_init+0x0/0x71 @ 1
[    9.178788] initcall acpi_thermal_init+0x0/0x71 returned 0 after 1501 usecs
[    9.189603] calling  acpi_battery_init+0x0/0x32 @ 1
[    9.197854] initcall acpi_battery_init+0x0/0x32 returned 0 after 22 usecs
[    9.207336] calling  bgrt_init+0x0/0xb6 @ 1
[    9.213195] initcall bgrt_init+0x0/0xb6 returned -19 after 0 usecs
[    9.221707] calling  gpio_clk_driver_init+0x0/0xe @ 1
[    9.229338] initcall gpio_clk_driver_init+0x0/0xe returned 0 after 124 usecs
[    9.238899] calling  plt_clk_driver_init+0x0/0xe @ 1
[    9.246294] initcall plt_clk_driver_init+0x0/0xe returned 0 after 24 usecs
[    9.257601] calling  virtio_pci_driver_init+0x0/0x15 @ 1
[    9.265980] initcall virtio_pci_driver_init+0x0/0x15 returned 0 after 80 usecs
[    9.276818] calling  n_null_init+0x0/0x1e @ 1
[    9.282322] initcall n_null_init+0x0/0x1e returned 0 after 17 usecs
[    9.290193] calling  pty_init+0x0/0x1e8 @ 1
[    9.297338] initcall pty_init+0x0/0x1e8 returned 0 after 1523 usecs
[    9.305586] calling  sysrq_init+0x0/0x62 @ 1
[    9.310985] initcall sysrq_init+0x0/0x62 returned 0 after 7 usecs
[    9.318613] calling  serial8250_init+0x0/0x17e @ 1
[    9.324851] Serial: 8250/16550 driver, 4 ports, IRQ sharing enabled
[    9.335254] 00:03: ttyS0 at I/O 0x3f8 (irq = 4, base_baud = 115200) is a 16550A
[    9.354289] initcall serial8250_init+0x0/0x17e returned 0 after 28786 usecs
[    9.365237] calling  serial_pci_driver_init+0x0/0x15 @ 1
[    9.372921] initcall serial_pci_driver_init+0x0/0x15 returned 0 after 89 usecs
[    9.382905] calling  exar_pci_driver_init+0x0/0x15 @ 1
[    9.389360] initcall exar_pci_driver_init+0x0/0x15 returned 0 after 62 usecs
[    9.399160] calling  lpss8250_pci_driver_init+0x0/0x15 @ 1
[    9.407922] initcall lpss8250_pci_driver_init+0x0/0x15 returned 0 after 292 usecs
[    9.418728] calling  mid8250_pci_driver_init+0x0/0x15 @ 1
[    9.426729] initcall mid8250_pci_driver_init+0x0/0x15 returned 0 after 23 usecs
[    9.438438] calling  virtio_console_init+0x0/0xff @ 1
[    9.446081] initcall virtio_console_init+0x0/0xff returned 0 after 172 usecs
[    9.457806] calling  hpet_init+0x0/0x64 @ 1
[    9.465961] initcall hpet_init+0x0/0x64 returned 0 after 1937 usecs
[    9.474394] calling  nvram_module_init+0x0/0x83 @ 1
[    9.481990] Non-volatile memory driver v1.3
[    9.487723] initcall nvram_module_init+0x0/0x83 returned 0 after 6570 usecs
[    9.496941] calling  hwrng_modinit+0x0/0x8a @ 1
[    9.504259] initcall hwrng_modinit+0x0/0x8a returned 0 after 1123 usecs
[    9.513345] calling  mod_init+0x0/0x48 @ 1
[    9.519073] initcall mod_init+0x0/0x48 returned -19 after 0 usecs
[    9.528015] calling  agp_init+0x0/0x23 @ 1
[    9.534056] Linux agpgart interface v0.103
[    9.540184] initcall agp_init+0x0/0x23 returned 0 after 5969 usecs
[    9.549700] calling  agp_amd64_mod_init+0x0/0x5 @ 1
[    9.557738] initcall agp_amd64_mod_init+0x0/0x5 returned -19 after 488 usecs
[    9.567697] calling  agp_intel_init+0x0/0x28 @ 1
[    9.575307] initcall agp_intel_init+0x0/0x28 returned 0 after 777 usecs
[    9.583998] calling  drm_kms_helper_init+0x0/0x7 @ 1
[    9.590968] initcall drm_kms_helper_init+0x0/0x7 returned 0 after 61 usecs
[    9.601782] calling  drm_core_init+0x0/0xa4 @ 1
[    9.609088] initcall drm_core_init+0x0/0xa4 returned 0 after 659 usecs
[    9.618805] calling  i915_init+0x0/0x6b @ 1
[    9.626612] initcall i915_init+0x0/0x6b returned 0 after 1480 usecs
[    9.635719] calling  cn_proc_init+0x0/0x35 @ 1
[    9.642394] initcall cn_proc_init+0x0/0x35 returned 0 after 2 usecs
[    9.650656] calling  topology_sysfs_init+0x0/0x27 @ 1
[    9.658032] initcall topology_sysfs_init+0x0/0x27 returned 0 after 316 usecs
[    9.669384] calling  cacheinfo_sysfs_init+0x0/0x27 @ 1
[    9.682133] initcall cacheinfo_sysfs_init+0x0/0x27 returned 0 after 5275 usecs
[    9.692662] calling  loop_init+0x0/0x168 @ 1
[    9.757313] loop: module loaded
[    9.762756] initcall loop_init+0x0/0x168 returned 0 after 62389 usecs
[    9.772793] calling  mac_hid_init+0x0/0x21 @ 1
[    9.779837] initcall mac_hid_init+0x0/0x21 returned 0 after 31 usecs
[    9.789822] calling  spi_transport_init+0x0/0x74 @ 1
[    9.798007] initcall spi_transport_init+0x0/0x74 returned 0 after 373 usecs
[    9.809126] calling  init_sd+0x0/0x18c @ 1
[    9.815878] initcall init_sd+0x0/0x18c returned 0 after 117 usecs
[    9.825818] calling  init_sr+0x0/0x43 @ 1
[    9.831892] initcall init_sr+0x0/0x43 returned 0 after 89 usecs
[    9.853813] calling  init_sg+0x0/0x1c0 @ 1
[    9.877074] initcall init_sg+0x0/0x1c0 returned 0 after 12819 usecs
[    9.888206] calling  ahci_pci_driver_init+0x0/0x15 @ 1
[    9.900894] ahci 0000:00:1f.2: version 3.0
[    9.910979] PCI Interrupt Link [GSIA] enabled at IRQ 16
[    9.940645] ahci 0000:00:1f.2: AHCI 0001.0000 32 slots 6 ports 1.5 Gbps 0x3f impl SATA mode
[    9.955335] ahci 0000:00:1f.2: flags: 64bit ncq only 
[   10.015903] scsi host0: ahci
[   10.029273] scsi host1: ahci
[   10.040118] scsi host2: ahci
[   10.058651] scsi host3: ahci
[   10.068000] scsi host4: ahci
[   10.080185] scsi host5: ahci
[   10.087150] ata1: SATA max UDMA/133 abar m4096@0xfebf1000 port 0xfebf1100 irq 24
[   10.098752] ata2: SATA max UDMA/133 abar m4096@0xfebf1000 port 0xfebf1180 irq 24
[   10.110138] ata3: SATA max UDMA/133 abar m4096@0xfebf1000 port 0xfebf1200 irq 24
[   10.121407] ata4: SATA max UDMA/133 abar m4096@0xfebf1000 port 0xfebf1280 irq 24
[   10.133219] ata5: SATA max UDMA/133 abar m4096@0xfebf1000 port 0xfebf1300 irq 24
[   10.143631] ata6: SATA max UDMA/133 abar m4096@0xfebf1000 port 0xfebf1380 irq 24
[   10.155267] initcall ahci_pci_driver_init+0x0/0x15 returned 0 after 251763 usecs
[   10.166295] calling  piix_init+0x0/0x26 @ 1
[   10.172579] initcall piix_init+0x0/0x26 returned 0 after 422 usecs
[   10.181243] calling  amd_pci_driver_init+0x0/0x15 @ 1
[   10.189475] initcall amd_pci_driver_init+0x0/0x15 returned 0 after 172 usecs
[   10.199756] calling  oldpiix_pci_driver_init+0x0/0x15 @ 1
[   10.207892] initcall oldpiix_pci_driver_init+0x0/0x15 returned 0 after 82 usecs
[   10.218029] calling  sch_pci_driver_init+0x0/0x15 @ 1
[   10.225113] initcall sch_pci_driver_init+0x0/0x15 returned 0 after 35 usecs
[   10.235030] calling  net_olddevs_init+0x0/0x55 @ 1
[   10.242474] initcall net_olddevs_init+0x0/0x55 returned 0 after 489 usecs
[   10.252105] calling  blackhole_netdev_init+0x0/0x78 @ 1
[   10.260847] initcall blackhole_netdev_init+0x0/0x78 returned 0 after 1368 usecs
[   10.271563] calling  phy_module_init+0x0/0x13 @ 1
[   10.279065] initcall phy_module_init+0x0/0x13 returned 0 after 503 usecs
[   10.288476] calling  tg3_driver_init+0x0/0x15 @ 1
[   10.295201] initcall tg3_driver_init+0x0/0x15 returned 0 after 77 usecs
[   10.305500] calling  e100_init_module+0x0/0x4c @ 1
[   10.312344] e100: Intel(R) PRO/100 Network Driver
[   10.319036] e100: Copyright(c) 1999-2006 Intel Corporation
[   10.327133] initcall e100_init_module+0x0/0x4c returned 0 after 14726 usecs
[   10.337472] calling  e1000_init_module+0x0/0x72 @ 1
[   10.344226] e1000: Intel(R) PRO/1000 Network Driver
[   10.351427] e1000: Copyright (c) 1999-2006 Intel Corporation.
[   10.360187] initcall e1000_init_module+0x0/0x72 returned 0 after 15540 usecs
[   10.369946] calling  e1000_init_module+0x0/0x2d @ 1
[   10.377037] e1000e: Intel(R) PRO/1000 Network Driver
[   10.384158] e1000e: Copyright(c) 1999 - 2015 Intel Corporation.
[   10.393135] initcall e1000_init_module+0x0/0x2d returned 0 after 15817 usecs
[   10.403729] calling  sky2_init_module+0x0/0x21 @ 1
[   10.411037] sky2: driver version 1.30
[   10.416795] initcall sky2_init_module+0x0/0x21 returned 0 after 5618 usecs
[   10.427178] calling  forcedeth_pci_driver_init+0x0/0x15 @ 1
[   10.435491] initcall forcedeth_pci_driver_init+0x0/0x15 returned 0 after 155 usecs
[   10.447409] calling  rtl8139_init_module+0x0/0x15 @ 1
[   10.455437] initcall rtl8139_init_module+0x0/0x15 returned 0 after 368 usecs
[   10.466893] calling  rtl8169_pci_driver_init+0x0/0x15 @ 1
[   10.468928] ata1: SATA link down (SStatus 0 SControl 300)
[   10.475252] initcall rtl8169_pci_driver_init+0x0/0x15 returned 0 after 75 usecs
[   10.487145] ata3: SATA link up 1.5 Gbps (SStatus 113 SControl 300)
[   10.494026] calling  cdrom_init+0x0/0xc @ 1
[   10.508277] ata4: SATA link down (SStatus 0 SControl 300)
[   10.510364] initcall cdrom_init+0x0/0xc returned 0 after 341 usecs
[   10.518123] ata3.00: ATAPI: QEMU DVD-ROM, 2.5+, max UDMA/100
[   10.527956] calling  nonstatic_sysfs_init+0x0/0xc @ 1
[   10.534816] ata3.00: applying bridge limits
[   10.537824] ata2: SATA link down (SStatus 0 SControl 300)
[   10.543832] initcall nonstatic_sysfs_init+0x0/0xc returned 0 after 4 usecs
[   10.554503] ata5: SATA link down (SStatus 0 SControl 300)
[   10.559419] calling  yenta_cardbus_driver_init+0x0/0x15 @ 1
[   10.573010] ata6: SATA link down (SStatus 0 SControl 300)
[   10.577854] initcall yenta_cardbus_driver_init+0x0/0x15 returned 0 after 209 usecs
[   10.587989] ata3.00: configured for UDMA/100
[   10.593763] calling  mon_init+0x0/0x12d @ 1
[   10.599695] initcall mon_init+0x0/0x12d returned 0 after 5755 usecs
[   10.608016] scsi 2:0:0:0: CD-ROM            QEMU     QEMU DVD-ROM     2.5+ PQ: 0 ANSI: 5
[   10.610491] calling  ehci_hcd_init+0x0/0x56 @ 1
[   10.645709] ehci_hcd: USB 2.0 'Enhanced' Host Controller (EHCI) Driver
[   10.652886] sr 2:0:0:0: [sr0] scsi3-mmc drive: 4x/4x cd/rw xa/form2 tray
[   10.655822] initcall ehci_hcd_init+0x0/0x56 returned 0 after 11160 usecs
[   10.655825] calling  ehci_pci_init+0x0/0x64 @ 1
[   10.655826] ehci-pci: EHCI PCI platform driver
[   10.655932] initcall ehci_pci_init+0x0/0x64 returned 0 after 102 usecs
[   10.666469] cdrom: Uniform CD-ROM driver Revision: 3.20
[   10.705171] calling  ohci_hcd_mod_init+0x0/0x4e @ 1
[   10.712575] ohci_hcd: USB 1.1 'Open' Host Controller (OHCI) Driver
[   10.721607] initcall ohci_hcd_mod_init+0x0/0x4e returned 0 after 8850 usecs
[   10.732012] calling  ohci_pci_init+0x0/0x64 @ 1
[   10.732141] sr 2:0:0:0: Attached scsi CD-ROM sr0
[   10.738925] ohci-pci: OHCI PCI platform driver
[   10.747607] sr 2:0:0:0: Attached scsi generic sg0 type 5
[   10.753532] initcall ohci_pci_init+0x0/0x64 returned 0 after 14258 usecs
[   10.771556] calling  uhci_hcd_init+0x0/0xa8 @ 1
[   10.778326] uhci_hcd: USB Universal Host Controller Interface driver
[   10.788560] initcall uhci_hcd_init+0x0/0xa8 returned 0 after 9990 usecs
[   10.798291] calling  xhci_hcd_init+0x0/0x1e @ 1
[   10.805139] initcall xhci_hcd_init+0x0/0x1e returned 0 after 203 usecs
[   10.814641] calling  xhci_pci_init+0x0/0x49 @ 1
[   10.821595] initcall xhci_pci_init+0x0/0x49 returned 0 after 308 usecs
[   10.830793] calling  usblp_driver_init+0x0/0x15 @ 1
[   10.838270] usbcore: registered new interface driver usblp
[   10.846191] initcall usblp_driver_init+0x0/0x15 returned 0 after 8023 usecs
[   10.856026] calling  usb_storage_driver_init+0x0/0x2a @ 1
[   10.864190] usbcore: registered new interface driver usb-storage
[   10.872845] initcall usb_storage_driver_init+0x0/0x2a returned 0 after 8956 usecs
[   10.882829] calling  i8042_init+0x0/0x4c2 @ 1
[   10.889516] i8042: PNP: PS/2 Controller [PNP0303:KBD,PNP0f13:MOU] at 0x60,0x64 irq 1,12
[   10.925296] serio: i8042 KBD port at 0x60,0x64 irq 1
[   10.932982] serio: i8042 AUX port at 0x60,0x64 irq 12
[   10.940047] initcall i8042_init+0x0/0x4c2 returned 0 after 50068 usecs
[   10.948821] calling  serport_init+0x0/0x2c @ 1
[   10.955518] initcall serport_init+0x0/0x2c returned 0 after 41 usecs
[   10.964852] calling  input_leds_init+0x0/0xc @ 1
[   10.973196] initcall input_leds_init+0x0/0xc returned 0 after 101 usecs
[   10.982661] calling  evdev_init+0x0/0xc @ 1
[   10.992576] initcall evdev_init+0x0/0xc returned 0 after 4394 usecs
[   11.001074] calling  atkbd_init+0x0/0x21 @ 1
[   11.007952] initcall atkbd_init+0x0/0x21 returned 0 after 754 usecs
[   11.013528] input: AT Translated Set 2 keyboard as /devices/platform/i8042/serio0/input/input1
[   11.018007] calling  psmouse_init+0x0/0x7f @ 1
[   11.038029] initcall psmouse_init+0x0/0x7f returned 0 after 438 usecs
[   11.047205] calling  cmos_init+0x0/0x73 @ 1
[   11.057652] rtc_cmos 00:04: RTC can wake from S4
[   11.071134] rtc_cmos 00:04: registered as rtc0
[   11.078264] rtc_cmos 00:04: alarms up to one day, y3k, 242 bytes nvram, hpet irqs
[   11.089018] initcall cmos_init+0x0/0x73 returned 0 after 34685 usecs
[   11.098854] calling  smbalert_driver_init+0x0/0xe @ 1
[   11.106566] initcall smbalert_driver_init+0x0/0xe returned 0 after 125 usecs
[   11.116711] calling  i2c_i801_init+0x0/0xc5 @ 1
[   11.127264] i801_smbus 0000:00:1f.3: SMBus using PCI interrupt
[   11.136860] i2c i2c-0: 1/1 memory slots populated (from DMI)
[   11.146260] i2c i2c-0: Memory type 0x07 not supported yet, not instantiating SPD
[   11.159073] initcall i2c_i801_init+0x0/0xc5 returned 0 after 34512 usecs
[   11.169903] calling  ptp_kvm_init+0x0/0xf0 @ 1
[   11.179367] initcall ptp_kvm_init+0x0/0xf0 returned 0 after 2327 usecs
[   11.189005] calling  dm_init+0x0/0x3c @ 1
[   11.198563] device-mapper: ioctl: 4.43.0-ioctl (2020-10-01) initialised: dm-devel@redhat.com
[   11.210923] initcall dm_init+0x0/0x3c returned 0 after 15653 usecs
[   11.220257] calling  dm_mirror_init+0x0/0x29 @ 1
[   11.227090] initcall dm_mirror_init+0x0/0x29 returned 0 after 27 usecs
[   11.237865] calling  dm_dirty_log_init+0x0/0x4f @ 1
[   11.246667] initcall dm_dirty_log_init+0x0/0x4f returned 0 after 151 usecs
[   11.257305] calling  dm_zero_init+0x0/0x29 @ 1
[   11.264004] initcall dm_zero_init+0x0/0x29 returned 0 after 3 usecs
[   11.271776] calling  intel_pstate_init+0x0/0x510 @ 1
[   11.278287] intel_pstate: CPU model not supported
[   11.284908] initcall intel_pstate_init+0x0/0x510 returned -19 after 6534 usecs
[   11.296477] calling  haltpoll_init+0x0/0xc0 @ 1
[   11.304136] initcall haltpoll_init+0x0/0xc0 returned -19 after 237 usecs
[   11.315693] calling  efivars_sysfs_init+0x0/0x30 @ 1
[   11.322943] initcall efivars_sysfs_init+0x0/0x30 returned 0 after 23 usecs
[   11.333569] calling  esrt_sysfs_init+0x0/0x2a2 @ 1
[   11.341320] initcall esrt_sysfs_init+0x0/0x2a2 returned -38 after 352 usecs
[   11.353049] calling  hid_init+0x0/0x5c @ 1
[   11.359862] hid: raw HID events driver (C) Jiri Kosina
[   11.368567] initcall hid_init+0x0/0x5c returned 0 after 8726 usecs
[   11.377109] calling  hid_generic_init+0x0/0x15 @ 1
[   11.385217] initcall hid_generic_init+0x0/0x15 returned 0 after 204 usecs
[   11.397457] calling  a4_driver_init+0x0/0x15 @ 1
[   11.404589] initcall a4_driver_init+0x0/0x15 returned 0 after 32 usecs
[   11.414683] calling  apple_driver_init+0x0/0x15 @ 1
[   11.422271] initcall apple_driver_init+0x0/0x15 returned 0 after 178 usecs
[   11.444783] calling  belkin_driver_init+0x0/0x15 @ 1
[   11.467477] initcall belkin_driver_init+0x0/0x15 returned 0 after 11934 usecs
[   11.480510] calling  ch_driver_init+0x0/0x15 @ 1
[   11.489182] initcall ch_driver_init+0x0/0x15 returned 0 after 242 usecs
[   11.500758] calling  ch_driver_init+0x0/0x15 @ 1
[   11.508906] initcall ch_driver_init+0x0/0x15 returned 0 after 20 usecs
[   11.520416] calling  cp_driver_init+0x0/0x15 @ 1
[   11.528636] initcall cp_driver_init+0x0/0x15 returned 0 after 20 usecs
[   11.539951] calling  ez_driver_init+0x0/0x15 @ 1
[   11.548539] initcall ez_driver_init+0x0/0x15 returned 0 after 19 usecs
[   11.560323] calling  gyration_driver_init+0x0/0x15 @ 1
[   11.572440] initcall gyration_driver_init+0x0/0x15 returned 0 after 2223 usecs
[   11.585570] calling  ite_driver_init+0x0/0x15 @ 1
[   11.595085] initcall ite_driver_init+0x0/0x15 returned 0 after 162 usecs
[   11.608370] calling  ks_driver_init+0x0/0x15 @ 1
[   11.617165] initcall ks_driver_init+0x0/0x15 returned 0 after 95 usecs
[   11.628513] calling  lg_driver_init+0x0/0x15 @ 1
[   11.637401] initcall lg_driver_init+0x0/0x15 returned 0 after 536 usecs
[   11.648324] calling  lg_g15_driver_init+0x0/0x15 @ 1
[   11.656760] initcall lg_g15_driver_init+0x0/0x15 returned 0 after 48 usecs
[   11.668977] calling  ms_driver_init+0x0/0x15 @ 1
[   11.677416] initcall ms_driver_init+0x0/0x15 returned 0 after 109 usecs
[   11.688969] calling  mr_driver_init+0x0/0x15 @ 1
[   11.697465] initcall mr_driver_init+0x0/0x15 returned 0 after 20 usecs
[   11.709065] calling  ntrig_driver_init+0x0/0x15 @ 1
[   11.718069] initcall ntrig_driver_init+0x0/0x15 returned 0 after 66 usecs
[   11.730610] calling  pl_driver_init+0x0/0x15 @ 1
[   11.738991] initcall pl_driver_init+0x0/0x15 returned 0 after 25 usecs
[   11.751028] calling  pl_driver_init+0x0/0x15 @ 1
[   11.758989] initcall pl_driver_init+0x0/0x15 returned 0 after 49 usecs
[   11.771499] calling  redragon_driver_init+0x0/0x15 @ 1
[   11.781168] initcall redragon_driver_init+0x0/0x15 returned 0 after 27 usecs
[   11.793641] calling  samsung_driver_init+0x0/0x15 @ 1
[   11.802748] initcall samsung_driver_init+0x0/0x15 returned 0 after 52 usecs
[   11.814758] calling  sony_init+0x0/0x38 @ 1
[   11.822525] initcall sony_init+0x0/0x38 returned 0 after 77 usecs
[   11.832430] input: ImExPS/2 Generic Explorer Mouse as /devices/platform/i8042/serio1/input/input3
[   11.847245] calling  sp_driver_init+0x0/0x15 @ 1
[   11.855851] initcall sp_driver_init+0x0/0x15 returned 0 after 31 usecs
[   11.866483] calling  ts_driver_init+0x0/0x15 @ 1
[   11.873360] initcall ts_driver_init+0x0/0x15 returned 0 after 40 usecs
[   11.884758] calling  hid_init+0x0/0x58 @ 1
[   11.892550] usbcore: registered new interface driver usbhid
[   11.901167] usbhid: USB HID core driver
[   11.907172] initcall hid_init+0x0/0x58 returned 0 after 15599 usecs
[   11.917094] calling  eeepc_laptop_init+0x0/0x57 @ 1
[   11.932314] initcall eeepc_laptop_init+0x0/0x57 returned -19 after 7346 usecs
[   11.944446] calling  pmc_atom_init+0x0/0x27a @ 1
[   11.952596] initcall pmc_atom_init+0x0/0x27a returned -19 after 253 usecs
[   11.963682] calling  alsa_hwdep_init+0x0/0x5e @ 1
[   11.971549] initcall alsa_hwdep_init+0x0/0x5e returned 0 after 636 usecs
[   11.981315] calling  alsa_timer_init+0x0/0x1f0 @ 1
[   11.991814] initcall alsa_timer_init+0x0/0x1f0 returned 0 after 2261 usecs
[   12.002799] calling  snd_hrtimer_init+0x0/0x117 @ 1
[   12.012956] initcall snd_hrtimer_init+0x0/0x117 returned 0 after 2310 usecs
[   12.023845] calling  alsa_pcm_init+0x0/0x64 @ 1
[   12.046736] initcall alsa_pcm_init+0x0/0x64 returned 0 after 8608 usecs
[   12.058096] calling  alsa_seq_init+0x0/0x4a @ 1
[   12.067190] initcall alsa_seq_init+0x0/0x4a returned 0 after 1829 usecs
[   12.078261] calling  alsa_seq_dummy_init+0x0/0x9c @ 1
[   12.086116] initcall alsa_seq_dummy_init+0x0/0x9c returned 0 after 65 usecs
[   12.096435] calling  azx_driver_init+0x0/0x15 @ 1
[   12.103490] initcall azx_driver_init+0x0/0x15 returned 0 after 520 usecs
[   12.113259] calling  sock_diag_init+0x0/0x2a @ 1
[   12.123361] initcall sock_diag_init+0x0/0x2a returned 0 after 3070 usecs
[   12.132951] calling  blackhole_init+0x0/0xc @ 1
[   12.139580] initcall blackhole_init+0x0/0xc returned 0 after 96 usecs
[   12.148777] calling  nfnetlink_init+0x0/0x57 @ 1
[   12.157199] initcall nfnetlink_init+0x0/0x57 returned 0 after 1686 usecs
[   12.169532] calling  nfnetlink_log_init+0x0/0x99 @ 1
[   12.177139] initcall nfnetlink_log_init+0x0/0x99 returned 0 after 121 usecs
[   12.187340] calling  nf_conntrack_standalone_init+0x0/0x87 @ 1
[   12.203074] initcall nf_conntrack_standalone_init+0x0/0x87 returned 0 after 6298 usecs
[   12.214951] calling  ctnetlink_init+0x0/0x83 @ 1
[   12.221894] initcall ctnetlink_init+0x0/0x83 returned 0 after 5 usecs
[   12.230859] calling  nf_conntrack_ftp_init+0x0/0x12c @ 1
[   12.238397] initcall nf_conntrack_ftp_init+0x0/0x12c returned 0 after 11 usecs
[   12.247964] calling  nf_conntrack_irc_init+0x0/0x129 @ 1
[   12.255039] initcall nf_conntrack_irc_init+0x0/0x129 returned 0 after 9 usecs
[   12.264551] calling  nf_conntrack_sip_init+0x0/0x172 @ 1
[   12.271868] initcall nf_conntrack_sip_init+0x0/0x172 returned 0 after 8 usecs
[   12.281382] calling  nf_nat_init+0x0/0xd2 @ 1
[   12.289009] initcall nf_nat_init+0x0/0xd2 returned 0 after 1610 usecs
[   12.298140] calling  nf_nat_ftp_init+0x0/0x2a @ 1
[   12.306489] initcall nf_nat_ftp_init+0x0/0x2a returned 0 after 0 usecs
[   12.315327] calling  nf_nat_irc_init+0x0/0x2a @ 1
[   12.322045] initcall nf_nat_irc_init+0x0/0x2a returned 0 after 12 usecs
[   12.331649] calling  nf_nat_sip_init+0x0/0x36 @ 1
[   12.338269] initcall nf_nat_sip_init+0x0/0x36 returned 0 after 1 usecs
[   12.346712] calling  xt_init+0x0/0xf8 @ 1
[   12.352551] initcall xt_init+0x0/0xf8 returned 0 after 64 usecs
[   12.360861] calling  tcpudp_mt_init+0x0/0x11 @ 1
[   12.367635] initcall tcpudp_mt_init+0x0/0x11 returned 0 after 63 usecs
[   12.377429] calling  connsecmark_tg_init+0x0/0xc @ 1
[   12.384941] initcall connsecmark_tg_init+0x0/0xc returned 0 after 1 usecs
[   12.395439] calling  nflog_tg_init+0x0/0xc @ 1
[   12.401850] initcall nflog_tg_init+0x0/0xc returned 0 after 1 usecs
[   12.410439] calling  secmark_tg_init+0x0/0x11 @ 1
[   12.417893] initcall secmark_tg_init+0x0/0x11 returned 0 after 1 usecs
[   12.427961] calling  tcpmss_tg_init+0x0/0x11 @ 1
[   12.435321] initcall tcpmss_tg_init+0x0/0x11 returned 0 after 113 usecs
[   12.445846] calling  conntrack_mt_init+0x0/0x11 @ 1
[   12.453234] initcall conntrack_mt_init+0x0/0x11 returned 0 after 1 usecs
[   12.462621] calling  policy_mt_init+0x0/0x11 @ 1
[   12.469562] initcall policy_mt_init+0x0/0x11 returned 0 after 2 usecs
