c[?7l[2J[0mSeaBIOS (version 1.16.0-debian-1.16.0-4)
Booting from ROM...
early console in setup code
c[?7l[2J[    0.000000] Linux version 5.10.156+ (root@joelboxx.c.googlers.com) (gcc (Debian 12.2.0-3) 12.2.0, GNU ld (GNU Binutils for Debian) 2.39) #10 SMP PREEMPT Tue Dec 13 04:32:59 UTC 2022
[    0.000000] Command line: selinux=0 initcall_debug debug console=ttyS0 rcutorture.torture_type=tasks-tracing rcutorture.onoff_interval=1000 rcutorture.onoff_holdoff=30 rcutorture.n_barrier_cbs=4 rcutorture.stat_interval=15 rcutorture.shutdown_secs=1800 rcutorture.test_no_idle_hz=1 rcutorture.verbose=1
[    0.000000] x86/fpu: x87 FPU will use FXSAVE
[    0.000000] BIOS-provided physical RAM map:
[    0.000000] BIOS-e820: [mem 0x0000000000000000-0x000000000009fbff] usable
[    0.000000] BIOS-e820: [mem 0x000000000009fc00-0x000000000009ffff] reserved
[    0.000000] BIOS-e820: [mem 0x00000000000f0000-0x00000000000fffff] reserved
[    0.000000] BIOS-e820: [mem 0x0000000000100000-0x000000001ffdefff] usable
[    0.000000] BIOS-e820: [mem 0x000000001ffdf000-0x000000001fffffff] reserved
[    0.000000] BIOS-e820: [mem 0x00000000b0000000-0x00000000bfffffff] reserved
[    0.000000] BIOS-e820: [mem 0x00000000fed1c000-0x00000000fed1ffff] reserved
[    0.000000] BIOS-e820: [mem 0x00000000feffc000-0x00000000feffffff] reserved
[    0.000000] BIOS-e820: [mem 0x00000000fffc0000-0x00000000ffffffff] reserved
[    0.000000] NX (Execute Disable) protection: active
[    0.000000] SMBIOS 2.8 present.
[    0.000000] DMI: QEMU Standard PC (Q35 + ICH9, 2009), BIOS 1.16.0-debian-1.16.0-4 04/01/2014
[    0.000000] Hypervisor detected: KVM
[    0.000000] kvm-clock: Using msrs 4b564d01 and 4b564d00
[    0.000000] kvm-clock: cpu 0, msr 192b9001, primary cpu clock
[    0.000001] kvm-clock: using sched offset of 2017062812 cycles
[    0.000359] clocksource: kvm-clock: mask: 0xffffffffffffffff max_cycles: 0x1cd42e4dffb, max_idle_ns: 881590591483 ns
[    0.000589] tsc: Detected 1999.999 MHz processor
[    0.011686] e820: update [mem 0x00000000-0x00000fff] usable ==> reserved
[    0.011691] e820: remove [mem 0x000a0000-0x000fffff] usable
[    0.011698] last_pfn = 0x1ffdf max_arch_pfn = 0x400000000
[    0.012771] MTRR default type: write-back
[    0.012910] MTRR fixed ranges enabled:
[    0.012911]   00000-9FFFF write-back
[    0.012913]   A0000-BFFFF uncachable
[    0.012914]   C0000-FFFFF write-protect
[    0.012915] MTRR variable ranges enabled:
[    0.012917]   0 base 00C0000000 mask FFC0000000 uncachable
[    0.012918]   1 disabled
[    0.012919]   2 disabled
[    0.012919]   3 disabled
[    0.012920]   4 disabled
[    0.012921]   5 disabled
[    0.012926]   6 disabled
[    0.012927]   7 disabled
[    0.013593] x86/PAT: Configuration [0-7]: WB  WC  UC- UC  WB  WC  UC- UC  
[    0.034485] found SMP MP-table at [mem 0x000f5ba0-0x000f5baf]
[    0.041691] check: Scanning 1 areas for low memory corruption
[    0.053904] ACPI: Early table checksum verification disabled
[    0.056238] ACPI: RSDP 0x00000000000F59E0 000014 (v00 BOCHS )
[    0.056646] ACPI: RSDT 0x000000001FFE23B1 000038 (v01 BOCHS  BXPC     00000001 BXPC 00000001)
[    0.056940] ACPI: FACP 0x000000001FFE2191 0000F4 (v03 BOCHS  BXPC     00000001 BXPC 00000001)
[    0.057094] ACPI: DSDT 0x000000001FFE0040 002151 (v01 BOCHS  BXPC     00000001 BXPC 00000001)
[    0.057100] ACPI: FACS 0x000000001FFE0000 000040
[    0.057104] ACPI: APIC 0x000000001FFE2285 000090 (v01 BOCHS  BXPC     00000001 BXPC 00000001)
[    0.057108] ACPI: HPET 0x000000001FFE2315 000038 (v01 BOCHS  BXPC     00000001 BXPC 00000001)
[    0.057113] ACPI: MCFG 0x000000001FFE234D 00003C (v01 BOCHS  BXPC     00000001 BXPC 00000001)
[    0.057117] ACPI: WAET 0x000000001FFE2389 000028 (v01 BOCHS  BXPC     00000001 BXPC 00000001)
[    0.057168] ACPI: Reserving FACP table memory at [mem 0x1ffe2191-0x1ffe2284]
[    0.057170] ACPI: Reserving DSDT table memory at [mem 0x1ffe0040-0x1ffe2190]
[    0.057172] ACPI: Reserving FACS table memory at [mem 0x1ffe0000-0x1ffe003f]
[    0.057173] ACPI: Reserving APIC table memory at [mem 0x1ffe2285-0x1ffe2314]
[    0.057174] ACPI: Reserving HPET table memory at [mem 0x1ffe2315-0x1ffe234c]
[    0.057175] ACPI: Reserving MCFG table memory at [mem 0x1ffe234d-0x1ffe2388]
[    0.057176] ACPI: Reserving WAET table memory at [mem 0x1ffe2389-0x1ffe23b0]
[    0.058367] ACPI: Local APIC address 0xfee00000
[    0.063702] No NUMA configuration found
[    0.063705] Faking a node at [mem 0x0000000000000000-0x000000001ffdefff]
[    0.064013] NODE_DATA(0) allocated [mem 0x1ffdb000-0x1ffdefff]
[    0.066093] Zone ranges:
[    0.066255]   DMA      [mem 0x0000000000001000-0x0000000000ffffff]
[    0.066350]   DMA32    [mem 0x0000000001000000-0x000000001ffdefff]
[    0.066353]   Normal   empty
[    0.066354] Movable zone start for each node
[    0.066426] Early memory node ranges
[    0.066427]   node   0: [mem 0x0000000000001000-0x000000000009efff]
[    0.066494]   node   0: [mem 0x0000000000100000-0x000000001ffdefff]
[    0.066549] Initmem setup node 0 [mem 0x0000000000001000-0x000000001ffdefff]
[    0.066550] On node 0 totalpages: 130941
[    0.066691]   DMA zone: 64 pages used for memmap
[    0.066692]   DMA zone: 21 pages reserved
[    0.066776]   DMA zone: 3998 pages, LIFO batch:0
[    0.066777]   DMA32 zone: 1984 pages used for memmap
[    0.066778]   DMA32 zone: 126943 pages, LIFO batch:31
[    0.084847] On node 0, zone DMA: 1 pages in unavailable ranges
[    0.089389] On node 0, zone DMA: 97 pages in unavailable ranges
[    0.376209] On node 0, zone DMA32: 33 pages in unavailable ranges
[    0.380040] ACPI: PM-Timer IO Port: 0x608
[    0.380045] ACPI: Local APIC address 0xfee00000
[    0.380249] ACPI: LAPIC_NMI (acpi_id[0xff] dfl dfl lint[0x1])
[    0.381613] IOAPIC[0]: apic_id 0, version 17, address 0xfec00000, GSI 0-23
[    0.381617] ACPI: INT_SRC_OVR (bus 0 bus_irq 0 global_irq 2 dfl dfl)
[    0.381730] ACPI: INT_SRC_OVR (bus 0 bus_irq 5 global_irq 5 high level)
[    0.381731] ACPI: INT_SRC_OVR (bus 0 bus_irq 9 global_irq 9 high level)
[    0.381832] ACPI: INT_SRC_OVR (bus 0 bus_irq 10 global_irq 10 high level)
[    0.381833] ACPI: INT_SRC_OVR (bus 0 bus_irq 11 global_irq 11 high level)
[    0.381835] ACPI: IRQ0 used by override.
[    0.381836] ACPI: IRQ5 used by override.
[    0.381837] ACPI: IRQ9 used by override.
[    0.381838] ACPI: IRQ10 used by override.
[    0.381839] ACPI: IRQ11 used by override.
[    0.381870] Using ACPI (MADT) for SMP configuration information
[    0.381872] ACPI: HPET id: 0x8086a201 base: 0xfed00000
[    0.382241] smpboot: Allowing 4 CPUs, 0 hotplug CPUs
[    0.385343] PM: hibernation: Registered nosave memory: [mem 0x00000000-0x00000fff]
[    0.385346] PM: hibernation: Registered nosave memory: [mem 0x0009f000-0x0009ffff]
[    0.385347] PM: hibernation: Registered nosave memory: [mem 0x000a0000-0x000effff]
[    0.385348] PM: hibernation: Registered nosave memory: [mem 0x000f0000-0x000fffff]
[    0.385352] [mem 0x20000000-0xafffffff] available for PCI devices
[    0.385528] Booting paravirtualized kernel on KVM
[    0.386295] clocksource: refined-jiffies: mask: 0xffffffff max_cycles: 0xffffffff, max_idle_ns: 1910969940391419 ns
[    0.420050] setup_percpu: NR_CPUS:4 nr_cpumask_bits:4 nr_cpu_ids:4 nr_node_ids:1
[    0.426206] percpu: Embedded 56 pages/cpu s191128 r8192 d30056 u524288
[    0.426260] pcpu-alloc: s191128 r8192 d30056 u524288 alloc=1*2097152
[    0.426317] pcpu-alloc: [0] 0 1 2 3 
[    0.426773] kvm-guest: stealtime: cpu 0, msr 1f41b600
[    0.426913] Built 1 zonelists, mobility grouping on.  Total pages: 128872
[    0.426915] Policy zone: DMA32
[    0.427009] Kernel command line: selinux=0 initcall_debug debug console=ttyS0 rcutorture.torture_type=tasks-tracing rcutorture.onoff_interval=1000 rcutorture.onoff_holdoff=30 rcutorture.n_barrier_cbs=4 rcutorture.stat_interval=15 rcutorture.shutdown_secs=1800 rcutorture.test_no_idle_hz=1 rcutorture.verbose=1
[    0.437129] Dentry cache hash table entries: 65536 (order: 7, 524288 bytes, linear)
[    0.439334] Inode-cache hash table entries: 32768 (order: 6, 262144 bytes, linear)
[    0.440076] mem auto-init: stack:all(zero), heap alloc:off, heap free:off
[    0.486155] Memory: 478632K/523764K available (16397K kernel code, 2542K rwdata, 4700K rodata, 1504K init, 1412K bss, 44872K reserved, 0K cma-reserved)
[    0.487068] SLUB: HWalign=64, Order=0-3, MinObjects=0, CPUs=4, Nodes=1
[    0.487262] Kernel/User page tables isolation: enabled
[    0.501989] rcu: Preemptible hierarchical RCU implementation.
[    0.501994] rcu: 	RCU event tracing is enabled.
[    0.502120] 	Trampoline variant of Tasks RCU enabled.
[    0.502121] 	Rude variant of Tasks RCU enabled.
[    0.502122] 	Tracing variant of Tasks RCU enabled.
[    0.502274] rcu: RCU calculated value of scheduler-enlistment delay is 100 jiffies.
[    0.521212] NR_IRQS: 4352, nr_irqs: 456, preallocated irqs: 16
[    0.524664] calling  con_init+0x0/0x22a @ 0
[    0.688296] Console: colour VGA+ 80x25
[    0.688311] initcall con_init+0x0/0x22a returned 0 after 0 usecs
[    0.688314] calling  hvc_console_init+0x0/0x13 @ 0
[    0.688411] initcall hvc_console_init+0x0/0x13 returned 0 after 0 usecs
[    0.688508] calling  univ8250_console_init+0x0/0x26 @ 0
[    1.578296] printk: console [ttyS0] enabled
[    1.584105] initcall univ8250_console_init+0x0/0x26 returned 0 after 0 usecs
[    1.595855] ACPI: Core revision 20200925
[    1.604662] clocksource: hpet: mask: 0xffffffff max_cycles: 0xffffffff, max_idle_ns: 19112604467 ns
[    1.621080] APIC: Switch to symmetric I/O mode setup
[    1.646335] ..TIMER: vector=0x30 apic1=0 pin1=2 apic2=-1 pin2=-1
[    1.653442] clocksource: tsc-early: mask: 0xffffffffffffffff max_cycles: 0x39a85afc727, max_idle_ns: 881590685098 ns
[    1.665692] Calibrating delay loop (skipped) preset value.. 3999.99 BogoMIPS (lpj=1999999)
[    1.666383] pid_max: default: 32768 minimum: 301
[    1.667837] LSM: Security Framework initializing
[    1.668540] Mount-cache hash table entries: 1024 (order: 1, 8192 bytes, linear)
[    1.669334] Mountpoint-cache hash table entries: 1024 (order: 1, 8192 bytes, linear)
[    1.677193] Last level iTLB entries: 4KB 0, 2MB 0, 4MB 0
[    1.677341] Last level dTLB entries: 4KB 0, 2MB 0, 4MB 0, 1GB 0
[    1.678404] Spectre V1 : Mitigation: usercopy/swapgs barriers and __user pointer sanitization
[    1.679346] Spectre V2 : Mitigation: Retpolines
[    1.680334] Spectre V2 : Spectre v2 / SpectreRSB mitigation: Filling RSB on context switch
[    1.681330] Spectre V2 : Spectre v2 / SpectreRSB : Filling RSB on VMEXIT
[    1.682329] Speculative Store Bypass: Vulnerable
[    1.683394] MDS: Vulnerable: Clear CPU buffers attempted, no microcode
[    1.684328] MMIO Stale Data: Unknown: No mitigations
[    1.738704] Freeing SMP alternatives memory: 40K
[    1.843147] smpboot: CPU0: Intel Common KVM processor (family: 0xf, model: 0x6, stepping: 0x1)
[    1.843606] calling  init_hw_perf_events+0x0/0x6ce @ 1
[    1.844329] Performance Events: unsupported Netburst CPU model 6 no PMU driver, software events only.
[    1.845335] initcall init_hw_perf_events+0x0/0x6ce returned 0 after 976 usecs
[    1.846331] calling  init_real_mode+0x0/0x1e9 @ 1
[    1.848588] initcall init_real_mode+0x0/0x1e9 returned 0 after 976 usecs
[    1.849332] calling  trace_init_perf_perm_irq_work_exit+0x0/0x12 @ 1
[    1.850330] initcall trace_init_perf_perm_irq_work_exit+0x0/0x12 returned 0 after 0 usecs
[    1.851377] calling  validate_x2apic+0x0/0x4a @ 1
[    1.852359] initcall validate_x2apic+0x0/0x4a returned 0 after 0 usecs
[    1.853331] calling  register_nmi_cpu_backtrace_handler+0x0/0x15 @ 1
[    1.854331] initcall register_nmi_cpu_backtrace_handler+0x0/0x15 returned 0 after 0 usecs
[    1.855331] calling  kvm_setup_vsyscall_timeinfo+0x0/0xd1 @ 1
[    1.856333] initcall kvm_setup_vsyscall_timeinfo+0x0/0xd1 returned 0 after 0 usecs
[    1.857347] calling  spawn_ksoftirqd+0x0/0x38 @ 1
[    1.858393] initcall spawn_ksoftirqd+0x0/0x38 returned 0 after 0 usecs
[    1.859330] calling  migration_init+0x0/0x31 @ 1
[    1.860330] initcall migration_init+0x0/0x31 returned 0 after 0 usecs
[    1.861335] calling  srcu_bootup_announce+0x0/0x2f @ 1
[    1.862351] rcu: Hierarchical SRCU implementation.
[    1.864332] initcall srcu_bootup_announce+0x0/0x2f returned 0 after 1953 usecs
[    1.865332] calling  rcu_spawn_gp_kthread+0x0/0x1b0 @ 1
[    1.866386] initcall rcu_spawn_gp_kthread+0x0/0x1b0 returned 0 after 0 usecs
[    1.867334] calling  check_cpu_stall_init+0x0/0x1a @ 1
[    1.868331] initcall check_cpu_stall_init+0x0/0x1a returned 0 after 0 usecs
[    1.869346] calling  rcu_sysrq_init+0x0/0x21 @ 1
[    1.870353] initcall rcu_sysrq_init+0x0/0x21 returned 0 after 0 usecs
[    1.871342] calling  trace_init_flags_sys_enter+0x0/0xe @ 1
[    1.872333] initcall trace_init_flags_sys_enter+0x0/0xe returned 0 after 0 usecs
[    1.873331] calling  trace_init_flags_sys_exit+0x0/0xe @ 1
[    1.874333] initcall trace_init_flags_sys_exit+0x0/0xe returned 0 after 0 usecs
[    1.875332] calling  cpu_stop_init+0x0/0x6e @ 1
[    1.876396] initcall cpu_stop_init+0x0/0x6e returned 0 after 0 usecs
[    1.877332] calling  init_kprobes+0x0/0x165 @ 1
[    1.878920] initcall init_kprobes+0x0/0x165 returned 0 after 0 usecs
[    1.879332] calling  init_events+0x0/0x3d @ 1
[    1.880866] initcall init_events+0x0/0x3d returned 0 after 0 usecs
[    1.881331] calling  init_trace_printk+0x0/0xc @ 1
[    1.882330] initcall init_trace_printk+0x0/0xc returned 0 after 0 usecs
[    1.884329] calling  event_trace_enable_again+0x0/0x23 @ 1
[    1.885343] initcall event_trace_enable_again+0x0/0x23 returned 0 after 0 usecs
[    1.886329] calling  static_call_init+0x0/0x77 @ 1
[    1.887340] initcall static_call_init+0x0/0x77 returned 0 after 0 usecs
[    1.888329] calling  jump_label_init_module+0x0/0xc @ 1
[    1.889329] initcall jump_label_init_module+0x0/0xc returned 0 after 0 usecs
[    1.890343] calling  init_zero_pfn+0x0/0x37 @ 1
[    1.891330] initcall init_zero_pfn+0x0/0x37 returned 0 after 0 usecs
[    1.892330] calling  initialize_ptr_random+0x0/0x54 @ 1
[    1.893330] initcall initialize_ptr_random+0x0/0x54 returned 0 after 0 usecs
[    1.894356] calling  efi_memreserve_root_init+0x0/0x25 @ 1
[    1.895362] initcall efi_memreserve_root_init+0x0/0x25 returned 0 after 0 usecs
[    1.896331] calling  efi_earlycon_remap_fb+0x0/0x51 @ 1
[    1.897331] initcall efi_earlycon_remap_fb+0x0/0x51 returned 0 after 0 usecs
[    1.898492] smp: Bringing up secondary CPUs ...
[    1.899699] x86: Booting SMP configuration:
[    1.900408] .... node  #0, CPUs:      #1
[    1.137716] kvm-clock: cpu 1, msr 192b9041, secondary cpu clock
[    1.924511] kvm-guest: stealtime: cpu 1, msr 1f49b600
[    1.937804]  #2
[    1.137716] kvm-clock: cpu 2, msr 192b9081, secondary cpu clock
[    1.959492] kvm-guest: stealtime: cpu 2, msr 1f51b600
[    1.973605]  #3
[    1.137716] kvm-clock: cpu 3, msr 192b90c1, secondary cpu clock
[    1.995522] kvm-guest: stealtime: cpu 3, msr 1f59b600
[    2.009416] smp: Brought up 1 node, 4 CPUs
[    2.010331] smpboot: Max logical packages: 1
[    2.011331] smpboot: Total of 4 processors activated (15999.99 BogoMIPS)
[    2.028468] devtmpfs: initialized
[    2.031410] calling  ipc_ns_init+0x0/0x3d @ 1
[    2.032385] initcall ipc_ns_init+0x0/0x3d returned 0 after 0 usecs
[    2.033332] calling  init_mmap_min_addr+0x0/0x21 @ 1
[    2.034346] initcall init_mmap_min_addr+0x0/0x21 returned 0 after 0 usecs
[    2.035335] calling  pci_realloc_setup_params+0x0/0x3f @ 1
[    2.036333] initcall pci_realloc_setup_params+0x0/0x3f returned 0 after 0 usecs
[    2.037335] calling  net_ns_init+0x0/0x140 @ 1
[    2.039673] initcall net_ns_init+0x0/0x140 returned 0 after 976 usecs
[    2.040354] calling  e820__register_nvs_regions+0x0/0x37 @ 1
[    2.041333] initcall e820__register_nvs_regions+0x0/0x37 returned 0 after 0 usecs
[    2.042334] calling  cpufreq_register_tsc_scaling+0x0/0x2e @ 1
[    2.043333] initcall cpufreq_register_tsc_scaling+0x0/0x2e returned 0 after 0 usecs
[    2.044332] calling  reboot_init+0x0/0x3c @ 1
[    2.045404] initcall reboot_init+0x0/0x3c returned 0 after 0 usecs
[    2.046333] calling  init_lapic_sysfs+0x0/0x20 @ 1
[    2.047335] initcall init_lapic_sysfs+0x0/0x20 returned 0 after 0 usecs
[    2.048333] calling  alloc_frozen_cpus+0x0/0x7 @ 1
[    2.049330] initcall alloc_frozen_cpus+0x0/0x7 returned 0 after 0 usecs
[    2.050333] calling  cpu_hotplug_pm_sync_init+0x0/0x13 @ 1
[    2.051331] initcall cpu_hotplug_pm_sync_init+0x0/0x13 returned 0 after 0 usecs
[    2.052333] calling  wq_sysfs_init+0x0/0x2a @ 1
[    2.054347] initcall wq_sysfs_init+0x0/0x2a returned 0 after 976 usecs
[    2.055334] calling  ksysfs_init+0x0/0x92 @ 1
[    2.056343] initcall ksysfs_init+0x0/0x92 returned 0 after 0 usecs
[    2.057331] calling  schedutil_gov_init+0x0/0xc @ 1
[    2.058354] initcall schedutil_gov_init+0x0/0xc returned 0 after 0 usecs
[    2.059331] calling  pm_init+0x0/0x76 @ 1
[    2.060374] initcall pm_init+0x0/0x76 returned 0 after 0 usecs
[    2.061330] calling  pm_disk_init+0x0/0x13 @ 1
[    2.062352] initcall pm_disk_init+0x0/0x13 returned 0 after 0 usecs
[    2.063332] calling  swsusp_header_init+0x0/0x2b @ 1
[    2.064335] initcall swsusp_header_init+0x0/0x2b returned 0 after 0 usecs
[    2.065333] calling  rcu_set_runtime_mode+0x0/0x16 @ 1
[    2.066333] initcall rcu_set_runtime_mode+0x0/0x16 returned 0 after 0 usecs
[    2.067332] calling  init_jiffies_clocksource+0x0/0x13 @ 1
[    2.068332] clocksource: jiffies: mask: 0xffffffff max_cycles: 0xffffffff, max_idle_ns: 1911260446275000 ns
[    2.069334] initcall init_jiffies_clocksource+0x0/0x13 returned 0 after 976 usecs
[    2.070333] calling  futex_init+0x0/0xfa @ 1
[    2.071336] futex hash table entries: 1024 (order: 4, 65536 bytes, linear)
[    2.072372] initcall futex_init+0x0/0xfa returned 0 after 976 usecs
[    2.073337] calling  cgroup_wq_init+0x0/0x28 @ 1
[    2.074357] initcall cgroup_wq_init+0x0/0x28 returned 0 after 0 usecs
[    2.075332] calling  cgroup1_wq_init+0x0/0x28 @ 1
[    2.076338] initcall cgroup1_wq_init+0x0/0x28 returned 0 after 0 usecs
[    2.077331] calling  init_kprobe_trace_early+0x0/0x2a @ 1
[    2.078365] initcall init_kprobe_trace_early+0x0/0x2a returned 0 after 0 usecs
[    2.079333] calling  fsnotify_init+0x0/0x48 @ 1
[    2.080345] initcall fsnotify_init+0x0/0x48 returned 0 after 0 usecs
[    2.081331] calling  filelock_init+0x0/0x96 @ 1
[    2.082372] initcall filelock_init+0x0/0x96 returned 0 after 0 usecs
[    2.083379] calling  init_misc_binfmt+0x0/0x2c @ 1
[    2.084401] initcall init_misc_binfmt+0x0/0x2c returned 0 after 0 usecs
[    2.085331] calling  init_script_binfmt+0x0/0x15 @ 1
[    2.086334] initcall init_script_binfmt+0x0/0x15 returned 0 after 0 usecs
[    2.087332] calling  init_elf_binfmt+0x0/0x15 @ 1
[    2.088378] initcall init_elf_binfmt+0x0/0x15 returned 0 after 0 usecs
[    2.089330] calling  init_compat_elf_binfmt+0x0/0x15 @ 1
[    2.090330] initcall init_compat_elf_binfmt+0x0/0x15 returned 0 after 0 usecs
[    2.091330] calling  debugfs_init+0x0/0x5c @ 1
[    2.092342] initcall debugfs_init+0x0/0x5c returned 0 after 0 usecs
[    2.093330] calling  tracefs_init+0x0/0x3a @ 1
[    2.094353] initcall tracefs_init+0x0/0x3a returned 0 after 0 usecs
[    2.095331] calling  prandom_init_early+0x0/0x15d @ 1
[    2.096331] initcall prandom_init_early+0x0/0x15d returned 0 after 0 usecs
[    2.097389] calling  virtio_init+0x0/0x20 @ 1
[    2.098376] initcall virtio_init+0x0/0x20 returned 0 after 0 usecs
[    2.099334] calling  iommu_init+0x0/0x2a @ 1
[    2.100384] initcall iommu_init+0x0/0x2a returned 0 after 0 usecs
[    2.101330] calling  component_debug_init+0x0/0x1c @ 1
[    2.102398] initcall component_debug_init+0x0/0x1c returned 0 after 0 usecs
[    2.103332] calling  early_resume_init+0x0/0xb9 @ 1
[    2.105338] PM: RTC time: 04:45:30, date: 2022-12-13
[    2.106344] initcall early_resume_init+0x0/0xb9 returned 0 after 1953 usecs
[    2.107336] calling  cpufreq_core_init+0x0/0x62 @ 1
[    2.108362] initcall cpufreq_core_init+0x0/0x62 returned 0 after 0 usecs
[    2.109334] calling  cpufreq_gov_performance_init+0x0/0xc @ 1
[    2.110333] initcall cpufreq_gov_performance_init+0x0/0xc returned 0 after 0 usecs
[    2.111334] calling  cpufreq_gov_userspace_init+0x0/0xc @ 1
[    2.112331] initcall cpufreq_gov_userspace_init+0x0/0xc returned 0 after 0 usecs
[    2.113331] calling  CPU_FREQ_GOV_ONDEMAND_init+0x0/0xc @ 1
[    2.114348] initcall CPU_FREQ_GOV_ONDEMAND_init+0x0/0xc returned 0 after 0 usecs
[    2.115331] calling  cpuidle_init+0x0/0x1f @ 1
[    2.116354] initcall cpuidle_init+0x0/0x1f returned 0 after 0 usecs
[    2.117333] calling  capsule_reboot_register+0x0/0xc @ 1
[    2.118348] initcall capsule_reboot_register+0x0/0xc returned 0 after 0 usecs
[    2.119331] calling  sock_init+0x0/0x93 @ 1
[    2.120991] initcall sock_init+0x0/0x93 returned 0 after 0 usecs
[    2.121333] calling  net_inuse_init+0x0/0x23 @ 1
[    2.122334] initcall net_inuse_init+0x0/0x23 returned 0 after 0 usecs
[    2.123332] calling  net_defaults_init+0x0/0x23 @ 1
[    2.124331] initcall net_defaults_init+0x0/0x23 returned 0 after 0 usecs
[    2.125334] calling  init_default_flow_dissectors+0x0/0x4f @ 1
[    2.126332] initcall init_default_flow_dissectors+0x0/0x4f returned 0 after 0 usecs
[    2.127335] calling  netpoll_init+0x0/0x26 @ 1
[    2.128351] initcall netpoll_init+0x0/0x26 returned 0 after 0 usecs
[    2.129335] calling  netlink_proto_init+0x0/0x14f @ 1
[    2.130432] NET: Registered protocol family 16
[    2.131349] initcall netlink_proto_init+0x0/0x14f returned 0 after 976 usecs
[    2.132332] calling  genl_init+0x0/0x35 @ 1
[    2.133340] initcall genl_init+0x0/0x35 returned 0 after 0 usecs
[    2.134349] calling  bsp_pm_check_init+0x0/0x13 @ 1
[    2.135333] initcall bsp_pm_check_init+0x0/0x13 returned 0 after 0 usecs
[    2.136356] calling  irq_sysfs_init+0x0/0xb7 @ 1
[    2.137429] initcall irq_sysfs_init+0x0/0xb7 returned 0 after 0 usecs
[    2.139333] calling  audit_init+0x0/0x160 @ 1
[    2.140337] audit: initializing netlink subsys (disabled)
[    2.142476] initcall audit_init+0x0/0x160 returned 0 after 1953 usecs
[    2.142332] audit: type=2000 audit(1670906729.725:1): state=initialized audit_enabled=0 res=1
[    2.144350] calling  release_early_probes+0x0/0x32 @ 1
[    2.145334] initcall release_early_probes+0x0/0x32 returned 0 after 0 usecs
[    2.146332] calling  bdi_class_init+0x0/0x48 @ 1
[    2.147434] initcall bdi_class_init+0x0/0x48 returned 0 after 0 usecs
[    2.148333] calling  mm_sysfs_init+0x0/0x28 @ 1
[    2.149337] initcall mm_sysfs_init+0x0/0x28 returned 0 after 0 usecs
[    2.150336] calling  init_per_zone_wmark_min+0x0/0x6d @ 1
[    2.151336] initcall init_per_zone_wmark_min+0x0/0x6d returned 0 after 0 usecs
[    2.152333] calling  mpi_init+0x0/0x3e @ 1
[    2.153349] initcall mpi_init+0x0/0x3e returned 0 after 0 usecs
[    2.154331] calling  kobject_uevent_init+0x0/0xc @ 1
[    2.155339] initcall kobject_uevent_init+0x0/0xc returned 0 after 0 usecs
[    2.156337] calling  pcibus_class_init+0x0/0x13 @ 1
[    2.157372] initcall pcibus_class_init+0x0/0x13 returned 0 after 0 usecs
[    2.158339] calling  pci_driver_init+0x0/0x21 @ 1
[    2.159393] initcall pci_driver_init+0x0/0x21 returned 0 after 0 usecs
[    2.160339] calling  backlight_class_init+0x0/0xa8 @ 1
[    2.161398] initcall backlight_class_init+0x0/0xa8 returned 0 after 0 usecs
[    2.162341] calling  tty_class_init+0x0/0x33 @ 1
[    2.164338] initcall tty_class_init+0x0/0x33 returned 0 after 976 usecs
[    2.165336] calling  vtconsole_class_init+0x0/0xb5 @ 1
[    2.166425] initcall vtconsole_class_init+0x0/0xb5 returned 0 after 0 usecs
[    2.167339] calling  iommu_dev_init+0x0/0x13 @ 1
[    2.168369] initcall iommu_dev_init+0x0/0x13 returned 0 after 0 usecs
[    2.169333] calling  mipi_dsi_bus_init+0x0/0xc @ 1
[    2.170366] initcall mipi_dsi_bus_init+0x0/0xc returned 0 after 0 usecs
[    2.171339] calling  devlink_class_init+0x0/0x40 @ 1
[    2.172347] initcall devlink_class_init+0x0/0x40 returned 0 after 0 usecs
[    2.173338] calling  software_node_init+0x0/0x2a @ 1
[    2.174341] initcall software_node_init+0x0/0x2a returned 0 after 0 usecs
[    2.175333] calling  wakeup_sources_debugfs_init+0x0/0x23 @ 1
[    2.176376] initcall wakeup_sources_debugfs_init+0x0/0x23 returned 0 after 0 usecs
[    2.177333] calling  wakeup_sources_sysfs_init+0x0/0x2c @ 1
[    2.178344] initcall wakeup_sources_sysfs_init+0x0/0x2c returned 0 after 0 usecs
[    2.179340] calling  register_node_type+0x0/0x13 @ 1
[    2.180376] initcall register_node_type+0x0/0x13 returned 0 after 0 usecs
[    2.181334] calling  regmap_initcall+0x0/0xc @ 1
[    2.182406] initcall regmap_initcall+0x0/0xc returned 0 after 0 usecs
[    2.183334] calling  i2c_init+0x0/0xb3 @ 1
[    2.184421] initcall i2c_init+0x0/0xb3 returned 0 after 0 usecs
[    2.185333] calling  thermal_init+0x0/0xf2 @ 1
[    2.186374] thermal_sys: Registered thermal governor 'step_wise'
[    2.186375] thermal_sys: Registered thermal governor 'user_space'
[    2.187342] initcall thermal_init+0x0/0xf2 returned 0 after 976 usecs
[    2.189333] calling  init_menu+0x0/0xc @ 1
[    2.191602] cpuidle: using governor menu
[    2.196338] initcall init_menu+0x0/0xc returned 0 after 5859 usecs
[    2.203334] calling  pcc_init+0x0/0x4d @ 1
[    2.208335] initcall pcc_init+0x0/0x4d returned -19 after 0 usecs
[    2.215334] calling  amd_postcore_init+0x0/0x11e @ 1
[    2.220332] initcall amd_postcore_init+0x0/0x11e returned 0 after 0 usecs
[    2.228351] calling  bts_init+0x0/0xba @ 1
[    2.233331] initcall bts_init+0x0/0xba returned -19 after 0 usecs
[    2.240333] calling  pt_init+0x0/0x341 @ 1
[    2.245332] initcall pt_init+0x0/0x341 returned -19 after 0 usecs
[    2.252333] calling  boot_params_ksysfs_init+0x0/0x2ee @ 1
[    2.258373] initcall boot_params_ksysfs_init+0x0/0x2ee returned 0 after 0 usecs
[    2.267333] calling  sbf_init+0x0/0xea @ 1
[    2.272361] initcall sbf_init+0x0/0xea returned 0 after 0 usecs
[    2.279333] calling  arch_kdebugfs_init+0x0/0x219 @ 1
[    2.285458] initcall arch_kdebugfs_init+0x0/0x219 returned 0 after 976 usecs
[    2.293334] calling  intel_pconfig_init+0x0/0x85 @ 1
[    2.299334] initcall intel_pconfig_init+0x0/0x85 returned 0 after 0 usecs
[    2.307334] calling  mtrr_if_init+0x0/0x5d @ 1
[    2.312344] initcall mtrr_if_init+0x0/0x5d returned 0 after 0 usecs
[    2.319337] calling  activate_jump_labels+0x0/0x31 @ 1
[    2.325335] initcall activate_jump_labels+0x0/0x31 returned 0 after 0 usecs
[    2.334335] calling  ffh_cstate_init+0x0/0x29 @ 1
[    2.341340] initcall ffh_cstate_init+0x0/0x29 returned 0 after 0 usecs
[    2.350395] calling  activate_jump_labels+0x0/0x31 @ 1
[    2.357861] initcall activate_jump_labels+0x0/0x31 returned 0 after 976 usecs
[    2.366342] calling  kvm_alloc_cpumask+0x0/0x74 @ 1
[    2.372393] initcall kvm_alloc_cpumask+0x0/0x74 returned 0 after 0 usecs
[    2.380334] calling  kcmp_cookies_init+0x0/0x37 @ 1
[    2.386337] initcall kcmp_cookies_init+0x0/0x37 returned 0 after 0 usecs
[    2.394334] calling  cryptomgr_init+0x0/0xc @ 1
[    2.400408] initcall cryptomgr_init+0x0/0xc returned 0 after 0 usecs
[    2.408333] calling  acpi_pci_init+0x0/0x57 @ 1
[    2.413331] ACPI: bus type PCI registered
[    2.418335] initcall acpi_pci_init+0x0/0x57 returned 0 after 4882 usecs
[    2.426333] calling  dma_channel_table_init+0x0/0xd1 @ 1
[    2.432340] initcall dma_channel_table_init+0x0/0xd1 returned 0 after 0 usecs
[    2.441350] calling  dma_bus_init+0x0/0xdc @ 1
[    2.446495] initcall dma_bus_init+0x0/0xdc returned 0 after 0 usecs
[    2.454388] calling  iommu_dma_init+0x0/0x10 @ 1
[    2.459337] initcall iommu_dma_init+0x0/0x10 returned 0 after 0 usecs
[    2.467333] calling  dmi_id_init+0x0/0x37c @ 1
[    2.472421] initcall dmi_id_init+0x0/0x37c returned 0 after 0 usecs
[    2.481334] calling  pci_arch_init+0x0/0x71 @ 1
[    2.487437] PCI: MMCONFIG for domain 0000 [bus 00-ff] at [mem 0xb0000000-0xbfffffff] (base 0xb0000000)
[    2.498334] PCI: MMCONFIG at [mem 0xb0000000-0xbfffffff] reserved in E820
[    2.506356] PCI: Using configuration type 1 for base access
[    2.513376] initcall pci_arch_init+0x0/0x71 returned 0 after 26367 usecs
[    2.521354] calling  init_vdso+0x0/0x13 @ 1
[    2.526370] initcall init_vdso+0x0/0x13 returned 0 after 0 usecs
[    2.534332] calling  sysenter_setup+0x0/0x13 @ 1
[    2.539385] initcall sysenter_setup+0x0/0x13 returned 0 after 0 usecs
[    2.547332] calling  fixup_ht_bug+0x0/0xe5 @ 1
[    2.552332] initcall fixup_ht_bug+0x0/0xe5 returned 0 after 0 usecs
[    2.559333] calling  topology_init+0x0/0x88 @ 1
[    2.565427] initcall topology_init+0x0/0x88 returned 0 after 0 usecs
[    2.573337] calling  intel_epb_init+0x0/0x68 @ 1
[    2.578333] initcall intel_epb_init+0x0/0x68 returned -19 after 0 usecs
[    2.587341] calling  mtrr_init_finialize+0x0/0x3e @ 1
[    2.593335] initcall mtrr_init_finialize+0x0/0x3e returned 0 after 0 usecs
[    2.601335] calling  uid_cache_init+0x0/0x85 @ 1
[    2.607342] initcall uid_cache_init+0x0/0x85 returned 0 after 0 usecs
[    2.614335] calling  param_sysfs_init+0x0/0x1ba @ 1
[    2.624160] initcall param_sysfs_init+0x0/0x1ba returned 0 after 3906 usecs
[    2.632332] calling  user_namespace_sysctl_init+0x0/0x33 @ 1
[    2.638348] initcall user_namespace_sysctl_init+0x0/0x33 returned 0 after 0 usecs
[    2.647333] calling  proc_schedstat_init+0x0/0x24 @ 1
[    2.653337] initcall proc_schedstat_init+0x0/0x24 returned 0 after 0 usecs
[    2.661332] calling  pm_sysrq_init+0x0/0x18 @ 1
[    2.668601] initcall pm_sysrq_init+0x0/0x18 returned 0 after 976 usecs
[    2.676401] calling  create_proc_profile+0x0/0xd0 @ 1
[    2.683335] initcall create_proc_profile+0x0/0xd0 returned 0 after 0 usecs
[    2.692335] calling  time_ns_init+0x0/0x7 @ 1
[    2.697335] initcall time_ns_init+0x0/0x7 returned 0 after 0 usecs
[    2.705334] calling  crash_save_vmcoreinfo_init+0x0/0x722 @ 1
[    2.711395] initcall crash_save_vmcoreinfo_init+0x0/0x722 returned 0 after 0 usecs
[    2.720333] calling  crash_notes_memory_init+0x0/0x35 @ 1
[    2.727336] initcall crash_notes_memory_init+0x0/0x35 returned 0 after 0 usecs
[    2.736333] calling  cgroup_sysfs_init+0x0/0x13 @ 1
[    2.742465] initcall cgroup_sysfs_init+0x0/0x13 returned 0 after 0 usecs
[    2.750333] calling  cgroup_namespaces_init+0x0/0x7 @ 1
[    2.756333] initcall cgroup_namespaces_init+0x0/0x7 returned 0 after 0 usecs
[    2.764333] calling  init_optprobes+0x0/0x13 @ 1
[    2.770348] Kprobes globally optimized
[    2.775334] initcall init_optprobes+0x0/0x13 returned 0 after 4882 usecs
[    2.783473] calling  oom_init+0x0/0x2f @ 1
[    2.789706] initcall oom_init+0x0/0x2f returned 0 after 1953 usecs
[    2.797335] calling  default_bdi_init+0x0/0xb3 @ 1
[    2.804611] initcall default_bdi_init+0x0/0xb3 returned 0 after 976 usecs
[    2.813345] calling  percpu_enable_async+0x0/0xe @ 1
[    2.820333] initcall percpu_enable_async+0x0/0xe returned 0 after 0 usecs
[    2.830356] calling  kcompactd_init+0x0/0x8d @ 1
[    2.838513] initcall kcompactd_init+0x0/0x8d returned 0 after 976 usecs
[    2.848396] calling  init_user_reserve+0x0/0x40 @ 1
[    2.855334] initcall init_user_reserve+0x0/0x40 returned 0 after 0 usecs
[    2.865336] calling  init_admin_reserve+0x0/0x40 @ 1
[    2.872333] initcall init_admin_reserve+0x0/0x40 returned 0 after 0 usecs
[    2.882337] calling  init_reserve_notifier+0x0/0x7 @ 1
[    2.889333] initcall init_reserve_notifier+0x0/0x7 returned 0 after 0 usecs
[    2.899336] calling  swap_init_sysfs+0x0/0x62 @ 1
[    2.906345] initcall swap_init_sysfs+0x0/0x62 returned 0 after 0 usecs
[    2.916337] calling  swapfile_init+0x0/0x94 @ 1
[    2.922334] initcall swapfile_init+0x0/0x94 returned 0 after 0 usecs
[    2.931333] calling  hugetlb_init+0x0/0x499 @ 1
[    2.938374] HugeTLB registered 2.00 MiB page size, pre-allocated 0 pages
[    2.948359] initcall hugetlb_init+0x0/0x499 returned 0 after 9765 usecs
[    2.958334] calling  io_wq_init+0x0/0x34 @ 1
[    2.964334] initcall io_wq_init+0x0/0x34 returned 0 after 0 usecs
[    2.973336] calling  seqiv_module_init+0x0/0xc @ 1
[    2.980335] initcall seqiv_module_init+0x0/0xc returned 0 after 0 usecs
[    2.988333] calling  echainiv_module_init+0x0/0xc @ 1
[    2.994351] initcall echainiv_module_init+0x0/0xc returned 0 after 0 usecs
[    3.002399] calling  rsa_init+0x0/0x50 @ 1
[    3.008344] initcall rsa_init+0x0/0x50 returned 0 after 976 usecs
[    3.008364] cryptomgr_test (39) used greatest stack depth: 15504 bytes left
[    3.015334] calling  crypto_cmac_module_init+0x0/0xc @ 1
[    3.015338] initcall crypto_cmac_module_init+0x0/0xc returned 0 after 0 usecs
[    3.015340] calling  hmac_module_init+0x0/0xc @ 1
[    3.015341] initcall hmac_module_init+0x0/0xc returned 0 after 0 usecs
[    3.015343] calling  crypto_null_mod_init+0x0/0x65 @ 1
[    3.069401] cryptomgr_test (42) used greatest stack depth: 15440 bytes left
[    3.069401] initcall crypto_null_mod_init+0x0/0x65 returned 0 after 52734 usecs
[    3.077271] cryptomgr_test (43) used greatest stack depth: 15136 bytes left
[    3.095336] calling  md5_mod_init+0x0/0xc @ 1
[    3.101346] initcall md5_mod_init+0x0/0xc returned 0 after 976 usecs
[    3.106335] calling  sha256_generic_mod_init+0x0/0x11 @ 1
[    3.117655] initcall sha256_generic_mod_init+0x0/0x11 returned 0 after 4882 usecs
[    3.126580] calling  crypto_cbc_module_init+0x0/0xc @ 1
[    3.133334] initcall crypto_cbc_module_init+0x0/0xc returned 0 after 0 usecs
[    3.141333] calling  crypto_ctr_module_init+0x0/0x11 @ 1
[    3.147358] initcall crypto_ctr_module_init+0x0/0x11 returned 0 after 0 usecs
[    3.156334] calling  crypto_gcm_module_init+0x0/0x64 @ 1
[    3.162349] initcall crypto_gcm_module_init+0x0/0x64 returned 0 after 0 usecs
[    3.171338] calling  crypto_ccm_module_init+0x0/0x11 @ 1
[    3.177333] initcall crypto_ccm_module_init+0x0/0x11 returned 0 after 0 usecs
[    3.185330] calling  aes_init+0x0/0xc @ 1
[    3.190517] initcall aes_init+0x0/0xc returned 0 after 976 usecs
[    3.197332] calling  crc32c_mod_init+0x0/0xc @ 1
[    3.204339] initcall crc32c_mod_init+0x0/0xc returned 0 after 976 usecs
[    3.212333] calling  crypto_authenc_module_init+0x0/0xc @ 1
[    3.218331] initcall crypto_authenc_module_init+0x0/0xc returned 0 after 0 usecs
[    3.226330] calling  crypto_authenc_esn_module_init+0x0/0xc @ 1
[    3.233333] initcall crypto_authenc_esn_module_init+0x0/0xc returned 0 after 0 usecs
[    3.242333] calling  drbg_init+0x0/0x7c @ 1
[    3.255333] initcall drbg_init+0x0/0x7c returned 0 after 7812 usecs
[    3.262334] calling  ghash_mod_init+0x0/0xc @ 1
[    3.268512] initcall ghash_mod_init+0x0/0xc returned 0 after 976 usecs
[    3.275459] calling  init_bio+0x0/0x9a @ 1
[    3.280375] initcall init_bio+0x0/0x9a returned 0 after 0 usecs
[    3.287380] calling  blk_settings_init+0x0/0x29 @ 1
[    3.292330] initcall blk_settings_init+0x0/0x29 returned 0 after 0 usecs
[    3.300331] calling  blk_ioc_init+0x0/0x29 @ 1
[    3.305334] initcall blk_ioc_init+0x0/0x29 returned 0 after 0 usecs
[    3.312332] calling  blk_mq_init+0x0/0xb9 @ 1
[    3.318332] initcall blk_mq_init+0x0/0xb9 returned 0 after 0 usecs
[    3.325332] calling  genhd_device_init+0x0/0x75 @ 1
[    3.332335] initcall genhd_device_init+0x0/0x75 returned 0 after 976 usecs
[    3.342406] calling  pci_slot_init+0x0/0x40 @ 1
[    3.349362] initcall pci_slot_init+0x0/0x40 returned 0 after 0 usecs
[    3.358336] calling  fbmem_init+0x0/0xd8 @ 1
[    3.364406] initcall fbmem_init+0x0/0xd8 returned 0 after 0 usecs
[    3.371336] calling  acpi_init+0x0/0x319 @ 1
[    3.376393] ACPI: Added _OSI(Module Device)
[    3.381331] ACPI: Added _OSI(Processor Device)
[    3.386330] ACPI: Added _OSI(3.0 _SCP Extensions)
[    3.392332] ACPI: Added _OSI(Processor Aggregator Device)
[    3.398332] ACPI: Added _OSI(Linux-Dell-Video)
[    3.404331] ACPI: Added _OSI(Linux-Lenovo-NV-HDMI-Audio)
[    3.410331] ACPI: Added _OSI(Linux-HPI-Hybrid-Graphics)
[    3.417384] ACPI: 1 ACPI AML tables successfully acquired and loaded
[    3.430339] ACPI: Interpreter enabled
[    3.435387] ACPI: (supports S0 S3 S4 S5)
[    3.440333] ACPI: Using IOAPIC for interrupt routing
[    3.445367] PCI: Using host bridge windows from ACPI; if necessary, use "pci=nocrs" and report a bug
[    3.456619] ACPI: Enabled 2 GPEs in block 00 to 3F
[    3.473262] ACPI: PCI Root Bridge [PCI0] (domain 0000 [bus 00-ff])
[    3.483421] acpi PNP0A08:00: _OSC: OS supports [ExtendedConfig ASPM ClockPM Segments MSI HPX-Type3]
[    3.494418] acpi PNP0A08:00: _OSC: platform does not support [LTR]
[    3.501391] acpi PNP0A08:00: _OSC: OS now controls [PME PCIeCapability]
[    3.509413] PCI host bridge to bus 0000:00
[    3.514343] pci_bus 0000:00: root bus resource [io  0x0000-0x0cf7 window]
[    3.521330] pci_bus 0000:00: root bus resource [io  0x0d00-0xffff window]
[    3.529331] pci_bus 0000:00: root bus resource [mem 0x000a0000-0x000bffff window]
[    3.538330] pci_bus 0000:00: root bus resource [mem 0x20000000-0xafffffff window]
[    3.547332] pci_bus 0000:00: root bus resource [mem 0xc0000000-0xfebfffff window]
[    3.557333] pci_bus 0000:00: root bus resource [mem 0x100000000-0x8ffffffff window]
[    3.566331] pci_bus 0000:00: root bus resource [bus 00-ff]
[    3.572654] pci 0000:00:00.0: calling  quirk_mmio_always_on+0x0/0x10 @ 1
[    3.580349] pci 0000:00:00.0: quirk_mmio_always_on+0x0/0x10 took 0 usecs
[    3.588332] pci 0000:00:00.0: [8086:29c0] type 00 class 0x060000
[    3.598993] pci 0000:00:00.0: calling  quirk_igfx_skip_te_disable+0x0/0x80 @ 1
[    3.608337] pci 0000:00:00.0: quirk_igfx_skip_te_disable+0x0/0x80 took 0 usecs
[    3.617208] pci 0000:00:01.0: [1234:1111] type 00 class 0x030000
[    3.632162] pci 0000:00:01.0: reg 0x10: [mem 0xfd000000-0xfdffffff pref]
[    3.651231] pci 0000:00:01.0: reg 0x18: [mem 0xfebf0000-0xfebf0fff]
[    3.684325] pci 0000:00:01.0: reg 0x30: [mem 0xfebe0000-0xfebeffff pref]
[    3.696325] pci 0000:00:01.0: calling  efifb_fixup_resources+0x0/0xf0 @ 1
[    3.704361] pci 0000:00:01.0: efifb_fixup_resources+0x0/0xf0 took 0 usecs
[    3.720206] pci 0000:00:1f.0: [8086:2918] type 00 class 0x060100
[    3.732877] pci 0000:00:1f.0: calling  quirk_ich7_lpc+0x0/0x60 @ 1
[    3.741618] pci 0000:00:1f.0: quirk: [io  0x0600-0x067f] claimed by ICH6 ACPI/GPIO/TCO
[    3.751766] pci 0000:00:1f.0: quirk_ich7_lpc+0x0/0x60 took 9765 usecs
[    3.759443] pci 0000:00:1f.0: calling  quirk_igfx_skip_te_disable+0x0/0x80 @ 1
[    3.768379] pci 0000:00:1f.0: quirk_igfx_skip_te_disable+0x0/0x80 took 0 usecs
[    3.779674] pci 0000:00:1f.2: [8086:2922] type 00 class 0x010601
[    3.796333] pci 0000:00:1f.2: reg 0x20: [io  0xc040-0xc05f]
[    3.804334] pci 0000:00:1f.2: reg 0x24: [mem 0xfebf1000-0xfebf1fff]
[    3.814069] pci 0000:00:1f.2: calling  quirk_igfx_skip_te_disable+0x0/0x80 @ 1
[    3.823337] pci 0000:00:1f.2: quirk_igfx_skip_te_disable+0x0/0x80 took 0 usecs
[    3.836136] pci 0000:00:1f.3: [8086:2930] type 00 class 0x0c0500
[    3.850564] pci 0000:00:1f.3: reg 0x20: [io  0x0700-0x073f]
[    3.859430] pci 0000:00:1f.3: calling  quirk_igfx_skip_te_disable+0x0/0x80 @ 1
[    3.868336] pci 0000:00:1f.3: quirk_igfx_skip_te_disable+0x0/0x80 took 0 usecs
[    3.879398] ACPI: PCI Interrupt Link [LNKA] (IRQs 5 *10 11)
[    3.886347] ACPI: PCI Interrupt Link [LNKB] (IRQs 5 *10 11)
[    3.893772] ACPI: PCI Interrupt Link [LNKC] (IRQs 5 10 *11)
[    3.900755] ACPI: PCI Interrupt Link [LNKD] (IRQs 5 10 *11)
[    3.908709] ACPI: PCI Interrupt Link [LNKE] (IRQs 5 *10 11)
[    3.915346] ACPI: PCI Interrupt Link [LNKF] (IRQs 5 *10 11)
[    3.922730] ACPI: PCI Interrupt Link [LNKG] (IRQs 5 10 *11)
[    3.930713] ACPI: PCI Interrupt Link [LNKH] (IRQs 5 10 *11)
[    3.937519] ACPI: PCI Interrupt Link [GSIA] (IRQs *16)
[    3.943361] ACPI: PCI Interrupt Link [GSIB] (IRQs *17)
[    3.950423] ACPI: PCI Interrupt Link [GSIC] (IRQs *18)
[    3.956350] ACPI: PCI Interrupt Link [GSID] (IRQs *19)
[    3.963407] ACPI: PCI Interrupt Link [GSIE] (IRQs *20)
[    3.967350] ACPI: PCI Interrupt Link [GSIF] (IRQs *21)
[    3.974573] ACPI: PCI Interrupt Link [GSIG] (IRQs *22)
[    3.980344] ACPI: PCI Interrupt Link [GSIH] (IRQs *23)
[    3.988847] initcall acpi_init+0x0/0x319 returned 0 after 598632 usecs
[    3.996566] calling  pnp_init+0x0/0xc @ 1
[    4.001378] initcall pnp_init+0x0/0xc returned 0 after 0 usecs
[    4.008333] calling  misc_init+0x0/0xbf @ 1
[    4.013422] initcall misc_init+0x0/0xbf returned 0 after 0 usecs
[    4.021335] calling  iommu_subsys_init+0x0/0x4e @ 1
[    4.026381] iommu: Default domain type: Translated 
[    4.032333] initcall iommu_subsys_init+0x0/0x4e returned 0 after 5859 usecs
[    4.040332] calling  vga_arb_device_init+0x0/0x261 @ 1
[    4.048460] pci 0000:00:01.0: vgaarb: setting as boot VGA device
[    4.049325] pci 0000:00:01.0: vgaarb: VGA device added: decodes=io+mem,owns=io+mem,locks=none
[    4.065337] pci 0000:00:01.0: vgaarb: bridge control possible
[    4.073332] vgaarb: loaded
[    4.077339] initcall vga_arb_device_init+0x0/0x261 returned 0 after 30273 usecs
[    4.086380] calling  cn_init+0x0/0xf0 @ 1
[    4.092824] initcall cn_init+0x0/0xf0 returned 0 after 976 usecs
[    4.100336] calling  dma_buf_init+0x0/0xad @ 1
[    4.106437] initcall dma_buf_init+0x0/0xad returned 0 after 0 usecs
[    4.114335] calling  init_scsi+0x0/0x79 @ 1
[    4.120381] SCSI subsystem initialized
[    4.122334] initcall init_scsi+0x0/0x79 returned 0 after 1953 usecs
[    4.129337] calling  ata_init+0x0/0x332 @ 1
[    4.137498] libata version 3.00 loaded.
[    4.141337] initcall ata_init+0x0/0x332 returned 0 after 5859 usecs
[    4.149337] calling  phy_init+0x0/0x250 @ 1
[    4.154471] initcall phy_init+0x0/0x250 returned 0 after 0 usecs
[    4.161346] calling  init_pcmcia_cs+0x0/0x35 @ 1
[    4.167401] initcall init_pcmcia_cs+0x0/0x35 returned 0 after 0 usecs
[    4.175333] calling  usb_common_init+0x0/0x1c @ 1
[    4.181367] initcall usb_common_init+0x0/0x1c returned 0 after 0 usecs
[    4.188334] calling  usb_init+0x0/0x12e @ 1
[    4.194789] ACPI: bus type USB registered
[    4.201853] usbcore: registered new interface driver usbfs
[    4.210547] usbcore: registered new interface driver hub
[    4.219353] usbcore: registered new device driver usb
[    4.221336] initcall usb_init+0x0/0x12e returned 0 after 26367 usecs
[    4.226334] calling  serio_init+0x0/0x29 @ 1
[    4.233805] initcall serio_init+0x0/0x29 returned 0 after 976 usecs
[    4.240332] calling  input_init+0x0/0xf6 @ 1
[    4.247799] initcall input_init+0x0/0xf6 returned 0 after 0 usecs
[    4.253450] calling  rtc_init+0x0/0x4d @ 1
[    4.258413] initcall rtc_init+0x0/0x4d returned 0 after 0 usecs
[    4.265335] calling  pps_init+0x0/0xa9 @ 1
[    4.270342] pps_core: LinuxPPS API ver. 1 registered
[    4.277331] pps_core: Software ver. 5.3.6 - Copyright 2005-2007 Rodolfo Giometti <giometti@linux.it>
[    4.289335] initcall pps_init+0x0/0xa9 returned 0 after 18554 usecs
[    4.295334] calling  ptp_init+0x0/0x98 @ 1
[    4.300534] PTP clock support registered
[    4.304334] initcall ptp_init+0x0/0x98 returned 0 after 3906 usecs
[    4.313337] calling  power_supply_class_init+0x0/0x3f @ 1
[    4.318928] initcall power_supply_class_init+0x0/0x3f returned 0 after 0 usecs
[    4.324332] calling  hwmon_init+0x0/0x104 @ 1
[    4.325341] initcall hwmon_init+0x0/0x104 returned 0 after 0 usecs
[    4.334515] calling  md_init+0x0/0x16b @ 1
[    4.349486] initcall md_init+0x0/0x16b returned 0 after 12695 usecs
[    4.356336] calling  leds_init+0x0/0x3b @ 1
[    4.363581] initcall leds_init+0x0/0x3b returned 0 after 0 usecs
[    4.371333] calling  dmi_init+0x0/0x113 @ 1
[    4.379345] initcall dmi_init+0x0/0x113 returned 0 after 1953 usecs
[    4.387333] calling  efisubsys_init+0x0/0x4e7 @ 1
[    4.394331] initcall efisubsys_init+0x0/0x4e7 returned 0 after 0 usecs
[    4.401334] calling  nvmem_init+0x0/0xc @ 1
[    4.406584] initcall nvmem_init+0x0/0xc returned 0 after 0 usecs
[    4.416333] calling  init_soundcore+0x0/0x33 @ 1
[    4.421806] initcall init_soundcore+0x0/0x33 returned 0 after 0 usecs
[    4.428339] calling  alsa_sound_init+0x0/0x8f @ 1
[    4.436940] Advanced Linux Sound Architecture Driver Initialized.
[    4.445393] initcall alsa_sound_init+0x0/0x8f returned 0 after 11718 usecs
[    4.456335] calling  alsa_seq_device_init+0x0/0x71 @ 1
[    4.463482] initcall alsa_seq_device_init+0x0/0x71 returned 0 after 0 usecs
[    4.470339] calling  hda_bus_init+0x0/0xc @ 1
[    4.475339] initcall hda_bus_init+0x0/0xc returned 0 after 0 usecs
[    4.483333] calling  proto_init+0x0/0xc @ 1
[    4.488546] initcall proto_init+0x0/0xc returned 0 after 0 usecs
[    4.497334] calling  net_dev_init+0x0/0x209 @ 1
[    4.508417] initcall net_dev_init+0x0/0x209 returned 0 after 4882 usecs
[    4.516333] calling  neigh_init+0x0/0x84 @ 1
[    4.522334] initcall neigh_init+0x0/0x84 returned 0 after 0 usecs
[    4.530334] calling  fib_notifier_init+0x0/0xc @ 1
[    4.536439] initcall fib_notifier_init+0x0/0xc returned 0 after 0 usecs
[    4.545333] calling  fib_rules_init+0x0/0xab @ 1
[    4.548519] initcall fib_rules_init+0x0/0xab returned 0 after 0 usecs
[    4.558333] calling  pktsched_init+0x0/0x10e @ 1
[    4.564333] initcall pktsched_init+0x0/0x10e returned 0 after 976 usecs
[    4.572333] calling  tc_filter_init+0x0/0xfa @ 1
[    4.578414] initcall tc_filter_init+0x0/0xfa returned 0 after 0 usecs
[    4.585332] calling  tc_action_init+0x0/0x54 @ 1
[    4.592628] initcall tc_action_init+0x0/0x54 returned 0 after 0 usecs
[    4.601337] calling  ethnl_init+0x0/0x52 @ 1
[    4.607404] initcall ethnl_init+0x0/0x52 returned 0 after 0 usecs
[    4.615334] calling  nexthop_init+0x0/0xd8 @ 1
[    4.621923] initcall nexthop_init+0x0/0xd8 returned 0 after 0 usecs
[    4.631336] calling  cipso_v4_init+0x0/0x5d @ 1
[    4.638419] initcall cipso_v4_init+0x0/0x5d returned 0 after 0 usecs
[    4.647335] calling  ieee80211_init+0x0/0x24 @ 1
[    4.653998] initcall ieee80211_init+0x0/0x24 returned 0 after 0 usecs
[    4.660333] calling  netlbl_init+0x0/0x78 @ 1
[    4.666467] NetLabel: Initializing
[    4.669330] NetLabel:  domain hash size = 128
[    4.674330] NetLabel:  protocols = UNLABELED CIPSOv4 CALIPSO
[    4.684329] NetLabel:  unlabeled traffic allowed by default
[    4.691335] initcall netlbl_init+0x0/0x78 returned 0 after 24414 usecs
[    4.700335] calling  rfkill_init+0x0/0x111 @ 1
[    4.708467] initcall rfkill_init+0x0/0x111 returned 0 after 3906 usecs
[    4.719932] calling  pci_subsys_init+0x0/0x66 @ 1
[    4.725872] PCI: Using ACPI for IRQ routing
[    5.453634] PCI: pci_cache_line_size set to 64 bytes
[    5.461375] e820: reserve RAM buffer [mem 0x0009fc00-0x0009ffff]
[    5.468579] e820: reserve RAM buffer [mem 0x1ffdf000-0x1fffffff]
[    5.476960] initcall pci_subsys_init+0x0/0x66 returned 0 after 733398 usecs
[    5.488927] calling  nmi_warning_debugfs+0x0/0x26 @ 1
[    5.495976] initcall nmi_warning_debugfs+0x0/0x26 returned 0 after 976 usecs
[    5.504347] calling  save_microcode_in_initrd+0x0/0x51 @ 1
[    5.511548] initcall save_microcode_in_initrd+0x0/0x51 returned 0 after 0 usecs
[    5.520336] calling  hpet_late_init+0x0/0x20a @ 1
[    5.526542] hpet: 3 channels of 0 reserved for per-cpu timers
[    5.533703] hpet0: at MMIO 0xfed00000, IRQs 2, 8, 0
[    5.541331] hpet0: 3 comparators, 64-bit 100.000000 MHz counter
[    5.558341] initcall hpet_late_init+0x0/0x20a returned 0 after 32226 usecs
[    5.567340] calling  init_amd_nbs+0x0/0x11c @ 1
[    5.573820] initcall init_amd_nbs+0x0/0x11c returned 0 after 976 usecs
[    5.582513] calling  clocksource_done_booting+0x0/0x41 @ 1
[    5.592220] clocksource: Switched to clocksource kvm-clock
[    5.601873] initcall clocksource_done_booting+0x0/0x41 returned 0 after 12247 usecs
[    5.611545] calling  tracer_init_tracefs+0x0/0x242 @ 1
[    6.120990] initcall tracer_init_tracefs+0x0/0x242 returned 0 after 490938 usecs
[    6.130045] calling  init_trace_printk_function_export+0x0/0x2c @ 1
[    6.137241] initcall init_trace_printk_function_export+0x0/0x2c returned 0 after 10 usecs
[    6.146764] calling  init_kprobe_trace+0x0/0x1a9 @ 1
[    6.152715] initcall init_kprobe_trace+0x0/0x1a9 returned 0 after 96 usecs
[    6.160590] calling  init_dynamic_event+0x0/0x3d @ 1
[    6.166383] initcall init_dynamic_event+0x0/0x3d returned 0 after 6 usecs
[    6.174337] calling  init_uprobe_trace+0x0/0x5c @ 1
[    6.180074] initcall init_uprobe_trace+0x0/0x5c returned 0 after 76 usecs
[    6.188102] calling  init_pipe_fs+0x0/0x44 @ 1
[    6.193860] initcall init_pipe_fs+0x0/0x44 returned 0 after 505 usecs
[    6.201579] calling  inotify_user_setup+0x0/0x47 @ 1
[    6.207508] initcall inotify_user_setup+0x0/0x47 returned 0 after 33 usecs
[    6.215471] calling  eventpoll_init+0x0/0xd4 @ 1
[    6.221273] initcall eventpoll_init+0x0/0xd4 returned 0 after 80 usecs
[    6.229008] calling  anon_inode_init+0x0/0x58 @ 1
[    6.234750] initcall anon_inode_init+0x0/0x58 returned 0 after 108 usecs
[    6.242802] calling  proc_locks_init+0x0/0x27 @ 1
[    6.248772] initcall proc_locks_init+0x0/0x27 returned 0 after 247 usecs
[    6.256851] calling  iomap_init+0x0/0x1b @ 1
[    6.265605] initcall iomap_init+0x0/0x1b returned 0 after 2048 usecs
[    6.272979] calling  dquot_init+0x0/0x106 @ 1
[    6.278133] VFS: Disk quotas dquot_6.6.0
[    6.283064] VFS: Dquot-cache hash table entries: 512 (order 0, 4096 bytes)
[    6.291078] initcall dquot_init+0x0/0x106 returned 0 after 12639 usecs
[    6.298705] calling  quota_init+0x0/0x23 @ 1
[    6.304247] initcall quota_init+0x0/0x23 returned 0 after 415 usecs
[    6.311717] calling  proc_cmdline_init+0x0/0x21 @ 1
[    6.318059] initcall proc_cmdline_init+0x0/0x21 returned 0 after 22 usecs
[    6.327223] calling  proc_consoles_init+0x0/0x24 @ 1
[    6.333051] initcall proc_consoles_init+0x0/0x24 returned 0 after 21 usecs
[    6.341112] calling  proc_cpuinfo_init+0x0/0x1e @ 1
[    6.347161] initcall proc_cpuinfo_init+0x0/0x1e returned 0 after 6 usecs
[    6.354822] calling  proc_devices_init+0x0/0x24 @ 1
[    6.360520] initcall proc_devices_init+0x0/0x24 returned 0 after 31 usecs
[    6.368348] calling  proc_interrupts_init+0x0/0x24 @ 1
[    6.374425] initcall proc_interrupts_init+0x0/0x24 returned 0 after 4 usecs
[    6.382423] calling  proc_loadavg_init+0x0/0x21 @ 1
[    6.388084] initcall proc_loadavg_init+0x0/0x21 returned 0 after 5 usecs
[    6.395773] calling  proc_meminfo_init+0x0/0x21 @ 1
[    6.401410] initcall proc_meminfo_init+0x0/0x21 returned 0 after 3 usecs
[    6.409193] calling  proc_stat_init+0x0/0x1e @ 1
[    6.414557] initcall proc_stat_init+0x0/0x1e returned 0 after 4 usecs
[    6.422207] calling  proc_uptime_init+0x0/0x21 @ 1
[    6.427805] initcall proc_uptime_init+0x0/0x21 returned 0 after 4 usecs
[    6.435412] calling  proc_version_init+0x0/0x21 @ 1
[    6.441065] initcall proc_version_init+0x0/0x21 returned 0 after 4 usecs
[    6.448854] calling  proc_softirqs_init+0x0/0x21 @ 1
[    6.454624] initcall proc_softirqs_init+0x0/0x21 returned 0 after 3 usecs
[    6.462673] calling  proc_kcore_init+0x0/0xea @ 1
[    6.468334] initcall proc_kcore_init+0x0/0xea returned 0 after 42 usecs
[    6.475958] calling  vmcore_init+0x0/0x578 @ 1
[    6.481180] initcall vmcore_init+0x0/0x578 returned 0 after 29 usecs
[    6.488535] calling  proc_kmsg_init+0x0/0x21 @ 1
[    6.494612] initcall proc_kmsg_init+0x0/0x21 returned 0 after 5 usecs
[    6.503177] calling  proc_page_init+0x0/0x3b @ 1
[    6.509122] initcall proc_page_init+0x0/0x3b returned 0 after 5 usecs
[    6.517040] calling  init_ramfs_fs+0x0/0xc @ 1
[    6.522640] initcall init_ramfs_fs+0x0/0xc returned 0 after 47 usecs
[    6.530036] calling  init_hugetlbfs_fs+0x0/0xf6 @ 1
[    6.536200] initcall init_hugetlbfs_fs+0x0/0xf6 returned 0 after 427 usecs
[    6.544202] calling  blk_scsi_ioctl_init+0x0/0x2a5 @ 1
[    6.550312] initcall blk_scsi_ioctl_init+0x0/0x2a5 returned 0 after 38 usecs
[    6.559317] calling  acpi_event_init+0x0/0x2c @ 1
[    6.582454] initcall acpi_event_init+0x0/0x2c returned 0 after 3068 usecs
[    6.592946] calling  pnp_system_init+0x0/0xc @ 1
[    6.600571] initcall pnp_system_init+0x0/0xc returned 0 after 2036 usecs
[    6.608367] calling  pnpacpi_init+0x0/0x69 @ 1
[    6.613667] pnp: PnP ACPI init
[    6.619624] pnp 00:00: Plug and Play ACPI device, IDs PNP0303 (active)
[    6.627551] pnp 00:01: Plug and Play ACPI device, IDs PNP0f13 (active)
[    6.635352] pnp 00:02: Plug and Play ACPI device, IDs PNP0400 (active)
[    6.643163] pnp 00:03: Plug and Play ACPI device, IDs PNP0501 (active)
[    6.650847] pnp 00:04: Plug and Play ACPI device, IDs PNP0b00 (active)
[    6.658845] system 00:05: [mem 0xb0000000-0xbfffffff window] has been reserved
[    6.667250] system 00:05: Plug and Play ACPI device, IDs PNP0c01 (active)
[    6.678351] pnp: PnP ACPI: found 6 devices
[    6.684317] initcall pnpacpi_init+0x0/0x69 returned 0 after 69067 usecs
[    6.693879] calling  chr_dev_init+0x0/0x14d @ 1
[    6.805679] initcall chr_dev_init+0x0/0x14d returned 0 after 102777 usecs
[    6.813483] calling  firmware_class_init+0x0/0xe7 @ 1
[    6.819273] initcall firmware_class_init+0x0/0xe7 returned 0 after 188 usecs
[    6.826928] calling  init_pcmcia_bus+0x0/0x5b @ 1
[    6.832434] initcall init_pcmcia_bus+0x0/0x5b returned 0 after 354 usecs
[    6.839525] calling  init_acpi_pm_clocksource+0x0/0xda @ 1
[    6.850969] clocksource: acpi_pm: mask: 0xffffff max_cycles: 0xffffff, max_idle_ns: 2085701024 ns
[    6.860718] initcall init_acpi_pm_clocksource+0x0/0xda returned 0 after 14964 usecs
[    6.868923] calling  sysctl_core_init+0x0/0x26 @ 1
[    6.874678] initcall sysctl_core_init+0x0/0x26 returned 0 after 548 usecs
[    6.882180] calling  eth_offload_init+0x0/0x13 @ 1
[    6.888425] initcall eth_offload_init+0x0/0x13 returned 0 after 28 usecs
[    6.897168] calling  ipv4_offload_init+0x0/0x73 @ 1
[    6.904325] initcall ipv4_offload_init+0x0/0x73 returned 0 after 67 usecs
[    6.914156] calling  inet_init+0x0/0x276 @ 1
[    6.920710] NET: Registered protocol family 2
[    6.927889] IP idents hash table entries: 8192 (order: 4, 65536 bytes, linear)
[    6.938341] tcp_listen_portaddr_hash hash table entries: 256 (order: 0, 4096 bytes, linear)
[    6.948220] TCP established hash table entries: 4096 (order: 3, 32768 bytes, linear)
[    6.958102] TCP bind hash table entries: 4096 (order: 4, 65536 bytes, linear)
[    6.967551] TCP: Hash tables configured (established 4096 bind 4096)
[    6.979052] UDP hash table entries: 256 (order: 1, 8192 bytes, linear)
[    6.986622] UDP-Lite hash table entries: 256 (order: 1, 8192 bytes, linear)
[    6.994938] initcall inet_init+0x0/0x276 returned 0 after 72751 usecs
[    7.002371] calling  af_unix_init+0x0/0x4d @ 1
[    7.007693] NET: Registered protocol family 1
[    7.013001] initcall af_unix_init+0x0/0x4d returned 0 after 5202 usecs
[    7.020374] calling  ipv6_offload_init+0x0/0x7e @ 1
[    7.027345] initcall ipv6_offload_init+0x0/0x7e returned 0 after 51 usecs
[    7.035724] calling  init_sunrpc+0x0/0x65 @ 1
[    7.053690] RPC: Registered named UNIX socket transport module.
[    7.062272] RPC: Registered udp transport module.
[    7.069048] RPC: Registered tcp transport module.
[    7.075800] RPC: Registered tcp NFSv4.1 backchannel transport module.
[    7.084939] initcall init_sunrpc+0x0/0x65 returned 0 after 41907 usecs
[    7.092218] calling  cfg80211_init+0x0/0xc5 @ 1
[    7.100571] initcall cfg80211_init+0x0/0xc5 returned 0 after 3221 usecs
[    7.108025] calling  pcibios_assign_resources+0x0/0xbf @ 1
[    7.114509] pci_bus 0000:00: resource 4 [io  0x0000-0x0cf7 window]
[    7.121453] pci_bus 0000:00: resource 5 [io  0x0d00-0xffff window]
[    7.128416] pci_bus 0000:00: resource 6 [mem 0x000a0000-0x000bffff window]
[    7.136300] pci_bus 0000:00: resource 7 [mem 0x20000000-0xafffffff window]
[    7.143886] pci_bus 0000:00: resource 8 [mem 0xc0000000-0xfebfffff window]
[    7.151581] pci_bus 0000:00: resource 9 [mem 0x100000000-0x8ffffffff window]
[    7.159514] initcall pcibios_assign_resources+0x0/0xbf returned 0 after 44279 usecs
[    7.170575] calling  pci_apply_final_quirks+0x0/0x124 @ 1
[    7.180811] pci 0000:00:01.0: calling  pci_fixup_video+0x0/0xe0 @ 1
[    7.188892] pci 0000:00:01.0: Video device with shadowed ROM at [mem 0x000c0000-0x000dffff]
[    7.198962] pci 0000:00:01.0: pci_fixup_video+0x0/0xe0 took 10243 usecs
[    7.207821] PCI: CLS 0 bytes, default 64
[    7.212736] initcall pci_apply_final_quirks+0x0/0x124 returned 0 after 31568 usecs
[    7.221876] calling  acpi_reserve_resources+0x0/0xea @ 1
[    7.228424] initcall acpi_reserve_resources+0x0/0xea returned 0 after 24 usecs
[    7.237222] calling  populate_rootfs+0x0/0x102 @ 1
[    7.245210] initcall populate_rootfs+0x0/0x102 returned 0 after 1877 usecs
[    7.253596] calling  pci_iommu_init+0x0/0x3e @ 1
[    7.259616] initcall pci_iommu_init+0x0/0x3e returned 0 after 95 usecs
[    7.269063] calling  ia32_binfmt_init+0x0/0x13 @ 1
[    7.274990] initcall ia32_binfmt_init+0x0/0x13 returned 0 after 18 usecs
[    7.283155] calling  rapl_pmu_init+0x0/0x267 @ 1
[    7.288941] initcall rapl_pmu_init+0x0/0x267 returned -19 after 49 usecs
[    7.297500] calling  amd_uncore_init+0x0/0x310 @ 1
[    7.304313] initcall amd_uncore_init+0x0/0x310 returned -19 after 0 usecs
[    7.314982] calling  amd_ibs_init+0x0/0x27b @ 1
[    7.321670] initcall amd_ibs_init+0x0/0x27b returned -19 after 0 usecs
[    7.329290] calling  amd_iommu_pc_init+0x0/0x215 @ 1
[    7.334993] initcall amd_iommu_pc_init+0x0/0x215 returned -19 after 39 usecs
[    7.344452] calling  msr_init+0x0/0x55 @ 1
[    7.349237] initcall msr_init+0x0/0x55 returned 0 after 90 usecs
[    7.356164] calling  intel_uncore_init+0x0/0x36f @ 1
[    7.361860] initcall intel_uncore_init+0x0/0x36f returned -19 after 53 usecs
[    7.369709] calling  cstate_pmu_init+0x0/0x1a1 @ 1
[    7.375082] initcall cstate_pmu_init+0x0/0x1a1 returned -19 after 0 usecs
[    7.382675] calling  register_kernel_offset_dumper+0x0/0x1a @ 1
[    7.390050] initcall register_kernel_offset_dumper+0x0/0x1a returned 0 after 41 usecs
[    7.398736] calling  i8259A_init_ops+0x0/0x20 @ 1
[    7.404061] initcall i8259A_init_ops+0x0/0x20 returned 0 after 1 usecs
[    7.411369] calling  init_tsc_clocksource+0x0/0xa4 @ 1
[    7.417220] clocksource: tsc: mask: 0xffffffffffffffff max_cycles: 0x39a85afc727, max_idle_ns: 881590685098 ns
[    7.428639] initcall init_tsc_clocksource+0x0/0xa4 returned 0 after 11151 usecs
[    7.436879] calling  add_rtc_cmos+0x0/0xb0 @ 1
[    7.442185] initcall add_rtc_cmos+0x0/0xb0 returned 0 after 31 usecs
[    7.449441] calling  i8237A_init_ops+0x0/0x3a @ 1
[    7.454891] initcall i8237A_init_ops+0x0/0x3a returned 0 after 91 usecs
[    7.462477] calling  umwait_init+0x0/0x94 @ 1
[    7.467520] initcall umwait_init+0x0/0x94 returned -19 after 33 usecs
[    7.474875] calling  thermal_throttle_init_device+0x0/0x3d @ 1
[    7.481518] initcall thermal_throttle_init_device+0x0/0x3d returned 0 after 19 usecs
[    7.490279] calling  msr_init+0x0/0xd7 @ 1
[    7.500665] initcall msr_init+0x0/0xd7 returned 0 after 5462 usecs
[    7.509114] calling  cpuid_init+0x0/0xd7 @ 1
[    7.520751] initcall cpuid_init+0x0/0xd7 returned 0 after 5308 usecs
[    7.532053] calling  ioapic_init_ops+0x0/0x13 @ 1
[    7.537470] initcall ioapic_init_ops+0x0/0x13 returned 0 after 29 usecs
[    7.544919] calling  add_pcspkr+0x0/0x6c @ 1
[    7.550004] initcall add_pcspkr+0x0/0x6c returned 0 after 140 usecs
[    7.557443] calling  start_periodic_check_for_corruption+0x0/0x30 @ 1
[    7.564701] check: Scanning for low memory corruption every 60 seconds
[    7.571967] initcall start_periodic_check_for_corruption+0x0/0x30 returned 0 after 7119 usecs
[    7.582436] calling  sysfb_init+0x0/0x9c @ 1
[    7.587474] initcall sysfb_init+0x0/0x9c returned 0 after 149 usecs
[    7.594546] calling  audit_classes_init+0x0/0xae @ 1
[    7.600346] initcall audit_classes_init+0x0/0xae returned 0 after 197 usecs
[    7.608173] calling  iosf_mbi_init+0x0/0x24 @ 1
[    7.616335] initcall iosf_mbi_init+0x0/0x24 returned 0 after 2538 usecs
[    7.623919] calling  proc_execdomains_init+0x0/0x21 @ 1
[    7.629785] initcall proc_execdomains_init+0x0/0x21 returned 0 after 5 usecs
[    7.641999] calling  register_warn_debugfs+0x0/0x23 @ 1
[    7.649189] initcall register_warn_debugfs+0x0/0x23 returned 0 after 951 usecs
[    7.657732] calling  cpuhp_sysfs_init+0x0/0x79 @ 1
[    7.664560] initcall cpuhp_sysfs_init+0x0/0x79 returned 0 after 1241 usecs
[    7.672490] calling  ioresources_init+0x0/0x49 @ 1
[    7.678160] initcall ioresources_init+0x0/0x49 returned 0 after 143 usecs
[    7.686866] calling  snapshot_device_init+0x0/0xc @ 1
[    7.696510] initcall snapshot_device_init+0x0/0xc returned 0 after 3307 usecs
[    7.704501] calling  irq_pm_init_ops+0x0/0x13 @ 1
[    7.709859] initcall irq_pm_init_ops+0x0/0x13 returned 0 after 22 usecs
[    7.717193] calling  rcu_torture_init+0x0/0x9a6 @ 1
[    7.722865] tasks-tracing-torture:--- Start of test: nreaders=3 nfakewriters=4 stat_interval=15 verbose=1 test_no_idle_hz=1 shuffle_interval=3 stutter=5 irqreader=1 fqs_duration=0 fqs_holdoff=0 fqs_stutter=3 test_boost=1/0 test_boost_interval=7 test_boost_duration=4 shutdown_secs=1800 stall_cpu=0 stall_cpu_holdoff=10 stall_cpu_irqsoff=0 stall_cpu_block=0 n_barrier_cbs=4 onoff_interval=1000 onoff_holdoff=30 read_exit_delay=13 read_exit_burst=16
[    7.765648] tasks-tracing:  Start-test grace-period state: g0 f0x0
[    7.772541] tasks-tracing-torture: Creating rcu_torture_writer task
[    7.783822] tasks-tracing-torture: Creating rcu_torture_fakewriter task
[    7.784256] tasks-tracing-torture: rcu_torture_writer task started
[    7.793636] tasks-tracing-torture: Creating rcu_torture_fakewriter task
[    7.793745] tasks-tracing-torture: rcu_torture_fakewriter task started
[    7.799455] tasks-tracing-torture: GP expediting controlled from boot/sysfs for tasks-tracing.
[    7.809052] tasks-tracing-torture: Creating rcu_torture_fakewriter task
[    7.809502] tasks-tracing-torture: rcu_torture_fakewriter task started
[    7.815087] rcu_torture_writer: Testing expedited GPs.
[    7.830786] tasks-tracing-torture: Creating rcu_torture_fakewriter task
[    7.831078] tasks-tracing-torture: rcu_torture_fakewriter task started
[    7.835721] rcu_torture_writer: Testing asynchronous GPs.
[    7.845251] tasks-tracing-torture: Creating rcu_torture_reader task
[    7.845740] tasks-tracing-torture: rcu_torture_fakewriter task started
[    7.851087] rcu_torture_writer: Testing normal GPs.
[    7.863308] tasks-tracing-torture: Creating rcu_torture_reader task
[    7.863759] tasks-tracing-torture: rcu_torture_reader task started
[    7.911070] tasks-tracing-torture: Creating rcu_torture_reader task
[    7.911450] tasks-tracing-torture: rcu_torture_reader task started
[    7.919995] tasks-tracing-torture: Creating rcu_torture_stats task
[    7.920257] tasks-tracing-torture: rcu_torture_reader task started
[    7.941824] tasks-tracing-torture: Creating torture_shuffle task
[    7.942110] tasks-tracing-torture: rcu_torture_stats task started
[    7.954443] tasks-tracing-torture: Creating torture_stutter task
[    7.957102] tasks-tracing-torture: torture_shuffle task started
[    7.964604] tasks-tracing-torture: Creating torture_shutdown task
[    7.970620] tasks-tracing-torture: torture_stutter task started
[    7.986156] tasks-tracing-torture: Creating torture_onoff task
[    7.986185] tasks-tracing-torture: torture_shutdown task started
[    7.994468] tasks-tracing-torture: rcu_torture_fwd_prog_init: Disabled, unsupported by RCU flavor under test
[    7.994653] tasks-tracing-torture: torture_onoff task started
[    7.994654] tasks-tracing-torture: torture_onoff begin holdoff
[    7.999729] tasks-tracing-torture:torture_shutdown task: 1799964 ms remaining
[    8.032497] tasks-tracing-torture: Creating rcu_torture_barrier_cbs task
[    8.042037] tasks-tracing-torture: Creating rcu_torture_barrier_cbs task
[    8.042131] tasks-tracing-torture: rcu_torture_barrier_cbs task started
[    8.050982] tasks-tracing-torture: Creating rcu_torture_barrier_cbs task
[    8.051021] tasks-tracing-torture: rcu_torture_barrier_cbs task started
[    8.075590] tasks-tracing-torture: Creating rcu_torture_barrier_cbs task
[    8.075914] tasks-tracing-torture: rcu_torture_barrier_cbs task started
[    8.084824] tasks-tracing-torture: Creating rcu_torture_barrier task
[    8.084848] tasks-tracing-torture: rcu_torture_barrier_cbs task started
[    8.108781] tasks-tracing-torture: Creating rcu_torture_read_exit task
[    8.108946] tasks-tracing-torture: rcu_torture_barrier task starting
[    8.117902] tasks-tracing-torture: rcu_torture_read_exit: Start of test
[    8.117950] initcall rcu_torture_init+0x0/0x9a6 returned 0 after 385992 usecs
[    8.117954] calling  timekeeping_init_ops+0x0/0x13 @ 1
[    8.117967] initcall timekeeping_init_ops+0x0/0x13 returned 0 after 11 usecs
[    8.117969] calling  init_clocksource_sysfs+0x0/0x23 @ 1
[    8.118175] initcall init_clocksource_sysfs+0x0/0x23 returned 0 after 199 usecs
[    8.118178] calling  init_timer_list_procfs+0x0/0x31 @ 1
[    8.118183] initcall init_timer_list_procfs+0x0/0x31 returned 0 after 3 usecs
[    8.118184] calling  alarmtimer_init+0x0/0xc7 @ 1
[    8.118470] initcall alarmtimer_init+0x0/0xc7 returned 0 after 276 usecs
[    8.118472] calling  init_posix_timers+0x0/0x29 @ 1
[    8.118546] initcall init_posix_timers+0x0/0x29 returned 0 after 70 usecs
[    8.118548] calling  clockevents_init_sysfs+0x0/0xbf @ 1
[    8.118686] initcall clockevents_init_sysfs+0x0/0xbf returned 0 after 132 usecs
[    8.118688] calling  proc_dma_init+0x0/0x21 @ 1
[    8.118707] initcall proc_dma_init+0x0/0x21 returned 0 after 16 usecs
[    8.118709] calling  proc_modules_init+0x0/0x1e @ 1
[    8.118727] initcall proc_modules_init+0x0/0x1e returned 0 after 15 usecs
[    8.118728] calling  kallsyms_init+0x0/0x21 @ 1
[    8.118731] initcall kallsyms_init+0x0/0x21 returned 0 after 0 usecs
[    8.118746] calling  pid_namespaces_init+0x0/0x2c @ 1
[    8.118842] initcall pid_namespaces_init+0x0/0x2c returned 0 after 91 usecs
[    8.118844] calling  audit_watch_init+0x0/0x37 @ 1
[    8.118860] initcall audit_watch_init+0x0/0x37 returned 0 after 13 usecs
[    8.118862] calling  audit_fsnotify_init+0x0/0x37 @ 1
[    8.118864] initcall audit_fsnotify_init+0x0/0x37 returned 0 after 0 usecs
[    8.118876] calling  audit_tree_init+0x0/0x6d @ 1
[    8.118900] initcall audit_tree_init+0x0/0x6d returned 0 after 21 usecs
[    8.118901] calling  seccomp_sysctl_init+0x0/0x2b @ 1
[    8.118941] initcall seccomp_sysctl_init+0x0/0x2b returned 0 after 36 usecs
[    8.118943] calling  utsname_sysctl_init+0x0/0x13 @ 1
[    8.119013] initcall utsname_sysctl_init+0x0/0x13 returned 0 after 66 usecs
[    8.119015] calling  init_tracepoints+0x0/0x27 @ 1
[    8.119047] initcall init_tracepoints+0x0/0x27 returned 0 after 29 usecs
[    8.119048] calling  init_blk_tracer+0x0/0x50 @ 1
[    8.119664] initcall init_blk_tracer+0x0/0x50 returned 0 after 598 usecs
[    8.119665] calling  perf_event_sysfs_init+0x0/0x81 @ 1
[    8.120086] initcall perf_event_sysfs_init+0x0/0x81 returned 0 after 408 usecs
[    8.120087] calling  system_trusted_keyring_init+0x0/0x60 @ 1
[    8.120088] Initialise system trusted keyrings
[    8.120142] initcall system_trusted_keyring_init+0x0/0x60 returned 0 after 52 usecs
[    8.120144] calling  kswapd_init+0x0/0x5c @ 1
[    8.124088] initcall kswapd_init+0x0/0x5c returned 0 after 3847 usecs
[    8.451171] calling  extfrag_debug_init+0x0/0x54 @ 1
[    8.457865] initcall extfrag_debug_init+0x0/0x54 returned 0 after 345 usecs
[    8.467193] calling  mm_compute_batch_init+0x0/0x12 @ 1
[    8.474829] initcall mm_compute_batch_init+0x0/0x12 returned 0 after 21 usecs
[    8.486003] calling  slab_proc_init+0x0/0x21 @ 1
[    8.492913] initcall slab_proc_init+0x0/0x21 returned 0 after 37 usecs
[    8.500978] calling  workingset_init+0x0/0x8c @ 1
[    8.506650] workingset: timestamp_bits=56 max_order=17 bucket_order=0
[    8.514248] initcall workingset_init+0x0/0x8c returned 0 after 7434 usecs
[    8.524120] calling  proc_vmalloc_init+0x0/0x32 @ 1
[    8.531341] initcall proc_vmalloc_init+0x0/0x32 returned 0 after 39 usecs
[    8.541400] calling  procswaps_init+0x0/0x1e @ 1
[    8.548836] initcall procswaps_init+0x0/0x1e returned 0 after 64 usecs
[    8.556489] calling  slab_sysfs_init+0x0/0xea @ 1
[    8.566294] initcall slab_sysfs_init+0x0/0xea returned 0 after 4119 usecs
[    8.574146] calling  fcntl_init+0x0/0x29 @ 1
[    8.579207] initcall fcntl_init+0x0/0x29 returned 0 after 22 usecs
[    8.586532] calling  proc_filesystems_init+0x0/0x21 @ 1
[    8.592908] initcall proc_filesystems_init+0x0/0x21 returned 0 after 3 usecs
[    8.601263] calling  start_dirtytime_writeback+0x0/0x29 @ 1
[    8.607571] initcall start_dirtytime_writeback+0x0/0x29 returned 0 after 1 usecs
[    8.615992] calling  blkdev_init+0x0/0x1b @ 1
[    8.621739] initcall blkdev_init+0x0/0x1b returned 0 after 595 usecs
[    8.629190] calling  dio_init+0x0/0x2c @ 1
[    8.634131] initcall dio_init+0x0/0x2c returned 0 after 75 usecs
[    8.640979] calling  dnotify_init+0x0/0x78 @ 1
[    8.646287] initcall dnotify_init+0x0/0x78 returned 0 after 10 usecs
[    8.653456] calling  aio_setup+0x0/0x78 @ 1
[    8.658781] initcall aio_setup+0x0/0x78 returned 0 after 392 usecs
[    8.667729] calling  io_uring_init+0x0/0x2c @ 1
[    8.672938] initcall io_uring_init+0x0/0x2c returned 0 after 7 usecs
[    8.680199] calling  mbcache_init+0x0/0x30 @ 1
[    8.685469] initcall mbcache_init+0x0/0x30 returned 0 after 49 usecs
[    8.692692] calling  init_grace+0x0/0xc @ 1
[    8.697687] initcall init_grace+0x0/0xc returned 0 after 115 usecs
[    8.704755] calling  init_v2_quota_format+0x0/0x21 @ 1
[    8.710634] initcall init_v2_quota_format+0x0/0x21 returned 0 after 20 usecs
[    8.718647] calling  init_devpts_fs+0x0/0x27 @ 1
[    8.724211] initcall init_devpts_fs+0x0/0x27 returned 0 after 174 usecs
[    8.731754] calling  ext4_init_fs+0x0/0x1d0 @ 1
[    8.737307] initcall ext4_init_fs+0x0/0x1d0 returned 0 after 320 usecs
[    8.744930] calling  journal_init+0x0/0x11c @ 1
[    8.750435] initcall journal_init+0x0/0x11c returned 0 after 157 usecs
[    8.758077] calling  init_fat_fs+0x0/0x49 @ 1
[    8.763533] initcall init_fat_fs+0x0/0x49 returned 0 after 250 usecs
[    8.770933] calling  init_vfat_fs+0x0/0xc @ 1
[    8.775969] initcall init_vfat_fs+0x0/0xc returned 0 after 3 usecs
[    8.782991] calling  init_msdos_fs+0x0/0xc @ 1
[    8.788143] initcall init_msdos_fs+0x0/0xc returned 0 after 2 usecs
[    8.795313] calling  init_iso9660_fs+0x0/0x6c @ 1
[    8.801208] initcall init_iso9660_fs+0x0/0x6c returned 0 after 117 usecs
[    8.810048] calling  init_nfs_fs+0x0/0x13a @ 1
[    8.821853] initcall init_nfs_fs+0x0/0x13a returned 0 after 6084 usecs
[    8.829650] calling  init_nfs_v2+0x0/0x13 @ 1
[    8.834823] initcall init_nfs_v2+0x0/0x13 returned 0 after 64 usecs
[    8.841770] calling  init_nfs_v3+0x0/0x13 @ 1
[    8.846630] initcall init_nfs_v3+0x0/0x13 returned 0 after 36 usecs
[    8.853503] calling  init_nfs_v4+0x0/0x32 @ 1
[    8.858439] NFS: Registering the id_resolver key type
[    8.864124] Key type id_resolver registered
[    8.868775] Key type id_legacy registered
[    8.873330] initcall init_nfs_v4+0x0/0x32 returned 0 after 14560 usecs
[    8.881480] calling  init_nlm+0x0/0x5b @ 1
[    8.886505] initcall init_nlm+0x0/0x5b returned 0 after 106 usecs
[    8.893975] calling  init_nls_cp437+0x0/0xe @ 1
[    8.899484] initcall init_nls_cp437+0x0/0xe returned 0 after 46 usecs
[    8.907162] calling  init_nls_ascii+0x0/0xe @ 1
[    8.912640] initcall init_nls_ascii+0x0/0xe returned 0 after 1 usecs
[    8.920329] calling  init_nls_iso8859_1+0x0/0xe @ 1
[    8.926167] initcall init_nls_iso8859_1+0x0/0xe returned 0 after 1 usecs
[    8.934081] calling  init_nls_utf8+0x0/0x21 @ 1
[    8.939539] initcall init_nls_utf8+0x0/0x21 returned 0 after 1 usecs
[    8.947434] calling  init_autofs_fs+0x0/0x25 @ 1
[    8.954306] initcall init_autofs_fs+0x0/0x25 returned 0 after 1284 usecs
[    8.963053] calling  ipc_init+0x0/0x24 @ 1
[    8.969328] initcall ipc_init+0x0/0x24 returned 0 after 50 usecs
[    8.978238] calling  ipc_sysctl_init+0x0/0x13 @ 1
[    8.987018] initcall ipc_sysctl_init+0x0/0x13 returned 0 after 121 usecs
[    8.996334] calling  init_mqueue_fs+0x0/0x9a @ 1
[    9.005224] initcall init_mqueue_fs+0x0/0x9a returned 0 after 998 usecs
[    9.014043] calling  key_proc_init+0x0/0x63 @ 1
[    9.020211] initcall key_proc_init+0x0/0x63 returned 0 after 97 usecs
[    9.030229] calling  selinux_nf_ip_init+0x0/0x2e @ 1
[    9.036902] initcall selinux_nf_ip_init+0x0/0x2e returned 0 after 48 usecs
[    9.047312] calling  init_sel_fs+0x0/0x116 @ 1
[    9.053212] initcall init_sel_fs+0x0/0x116 returned 0 after 0 usecs
[    9.062385] calling  selnl_init+0x0/0x7c @ 1
[    9.068963] initcall selnl_init+0x0/0x7c returned 0 after 613 usecs
[    9.077784] calling  sel_netif_init+0x0/0x36 @ 1
[    9.083510] initcall sel_netif_init+0x0/0x36 returned 0 after 0 usecs
[    9.091199] calling  sel_netnode_init+0x0/0x33 @ 1
[    9.098126] initcall sel_netnode_init+0x0/0x33 returned 0 after 0 usecs
[    9.106247] calling  sel_netport_init+0x0/0x33 @ 1
[    9.111924] initcall sel_netport_init+0x0/0x33 returned 0 after 0 usecs
[    9.119759] calling  aurule_init+0x0/0x2a @ 1
[    9.124964] initcall aurule_init+0x0/0x2a returned 0 after 1 usecs
[    9.132791] calling  crypto_algapi_init+0x0/0xc @ 1
[    9.140005] initcall crypto_algapi_init+0x0/0xc returned 0 after 4 usecs
[    9.150678] calling  jent_mod_init+0x0/0x2d @ 1
[    9.171254] initcall jent_mod_init+0x0/0x2d returned 0 after 13346 usecs
[    9.180883] calling  asymmetric_key_init+0x0/0xc @ 1
[    9.188152] Key type asymmetric registered
[    9.194561] initcall asymmetric_key_init+0x0/0xc returned 0 after 6258 usecs
[    9.204881] calling  x509_key_init+0x0/0xc @ 1
[    9.211430] Asymmetric key parser 'x509' registered
[    9.218660] initcall x509_key_init+0x0/0xc returned 0 after 7073 usecs
[    9.228086] calling  proc_genhd_init+0x0/0x41 @ 1
[    9.235088] initcall proc_genhd_init+0x0/0x41 returned 0 after 5 usecs
[    9.244473] calling  bsg_init+0x0/0x113 @ 1
[    9.250924] Block layer SCSI generic (bsg) driver version 0.4 loaded (major 251)
[    9.262121] initcall bsg_init+0x0/0x113 returned 0 after 11039 usecs
[    9.271636] calling  deadline_init+0x0/0xc @ 1
[    9.277902] io scheduler mq-deadline registered
[    9.283560] initcall deadline_init+0x0/0xc returned 0 after 5561 usecs
[    9.291537] calling  kyber_init+0x0/0xc @ 1
[    9.296719] io scheduler kyber registered
[    9.302075] initcall kyber_init+0x0/0xc returned 0 after 5279 usecs
[    9.309753] calling  mod_init+0x0/0x7 @ 1
[    9.314693] initcall mod_init+0x0/0x7 returned 0 after 0 usecs
[    9.322061] calling  percpu_counter_startup+0x0/0x55 @ 1
[    9.330824] initcall percpu_counter_startup+0x0/0x55 returned 0 after 2175 usecs
[    9.339869] calling  sg_pool_init+0x0/0xb4 @ 1
[    9.346198] initcall sg_pool_init+0x0/0xb4 returned 0 after 241 usecs
[    9.354383] calling  pcie_portdrv_init+0x0/0x39 @ 1
[    9.361578] initcall pcie_portdrv_init+0x0/0x39 returned 0 after 809 usecs
[    9.370169] calling  pci_proc_init+0x0/0x68 @ 1
[    9.375900] initcall pci_proc_init+0x0/0x68 returned 0 after 93 usecs
[    9.383688] calling  pci_hotplug_init+0x0/0x7 @ 1
[    9.389540] initcall pci_hotplug_init+0x0/0x7 returned 0 after 0 usecs
[    9.397371] calling  efifb_driver_init+0x0/0xe @ 1
[    9.403182] initcall efifb_driver_init+0x0/0xe returned 0 after 41 usecs
[    9.411445] calling  ged_driver_init+0x0/0xe @ 1
[    9.417323] initcall ged_driver_init+0x0/0xe returned 0 after 147 usecs
[    9.425537] calling  acpi_ac_init+0x0/0x92 @ 1
[    9.433697] initcall acpi_ac_init+0x0/0x92 returned 0 after 872 usecs
[    9.445216] calling  acpi_button_driver_init+0x0/0x52 @ 1
[    9.454729] input: Power Button as /devices/LNXSYSTM:00/LNXPWRBN:00/input/input0
[    9.468049] ACPI: Power Button [PWRF]
[    9.475747] initcall acpi_button_driver_init+0x0/0x52 returned 0 after 21627 usecs
[    9.487617] calling  acpi_fan_driver_init+0x0/0xe @ 1
[    9.495818] initcall acpi_fan_driver_init+0x0/0xe returned 0 after 39 usecs
[    9.507707] calling  acpi_video_init+0x0/0xcb @ 1
[    9.515256] initcall acpi_video_init+0x0/0xcb returned 0 after 79 usecs
[    9.525963] calling  acpi_processor_driver_init+0x0/0xad @ 1
[    9.537273] initcall acpi_processor_driver_init+0x0/0xad returned 0 after 2247 usecs
[    9.549970] calling  acpi_thermal_init+0x0/0x71 @ 1
[    9.561162] initcall acpi_thermal_init+0x0/0x71 returned 0 after 3199 usecs
[    9.572759] calling  acpi_battery_init+0x0/0x32 @ 1
[    9.580645] initcall acpi_battery_init+0x0/0x32 returned 0 after 169 usecs
[    9.591444] calling  bgrt_init+0x0/0xb6 @ 1
[    9.598760] initcall bgrt_init+0x0/0xb6 returned -19 after 0 usecs
[    9.606699] calling  gpio_clk_driver_init+0x0/0xe @ 1
[    9.613232] initcall gpio_clk_driver_init+0x0/0xe returned 0 after 62 usecs
[    9.622172] calling  plt_clk_driver_init+0x0/0xe @ 1
[    9.628592] initcall plt_clk_driver_init+0x0/0xe returned 0 after 16 usecs
[    9.639184] calling  virtio_pci_driver_init+0x0/0x15 @ 1
[    9.647229] initcall virtio_pci_driver_init+0x0/0x15 returned 0 after 54 usecs
[    9.657664] calling  n_null_init+0x0/0x1e @ 1
[    9.663500] initcall n_null_init+0x0/0x1e returned 0 after 15 usecs
[    9.671942] calling  pty_init+0x0/0x1e8 @ 1
[    9.679531] initcall pty_init+0x0/0x1e8 returned 0 after 1766 usecs
[    9.688525] calling  sysrq_init+0x0/0x62 @ 1
[    9.694486] initcall sysrq_init+0x0/0x62 returned 0 after 7 usecs
[    9.703165] calling  serial8250_init+0x0/0x17e @ 1
[    9.710221] Serial: 8250/16550 driver, 4 ports, IRQ sharing enabled
[    9.721461] 00:03: ttyS0 at I/O 0x3f8 (irq = 4, base_baud = 115200) is a 16550A
[    9.738651] initcall serial8250_init+0x0/0x17e returned 0 after 27845 usecs
[    9.748513] calling  serial_pci_driver_init+0x0/0x15 @ 1
[    9.756338] initcall serial_pci_driver_init+0x0/0x15 returned 0 after 78 usecs
[    9.766615] calling  exar_pci_driver_init+0x0/0x15 @ 1
[    9.774258] initcall exar_pci_driver_init+0x0/0x15 returned 0 after 24 usecs
[    9.784254] calling  lpss8250_pci_driver_init+0x0/0x15 @ 1
[    9.792797] initcall lpss8250_pci_driver_init+0x0/0x15 returned 0 after 63 usecs
[    9.803240] calling  mid8250_pci_driver_init+0x0/0x15 @ 1
[    9.810838] initcall mid8250_pci_driver_init+0x0/0x15 returned 0 after 205 usecs
[    9.822601] calling  virtio_console_init+0x0/0xff @ 1
[    9.830683] initcall virtio_console_init+0x0/0xff returned 0 after 136 usecs
[    9.841264] calling  hpet_init+0x0/0x64 @ 1
[    9.851000] initcall hpet_init+0x0/0x64 returned 0 after 3132 usecs
[    9.860070] calling  nvram_module_init+0x0/0x83 @ 1
[    9.868216] Non-volatile memory driver v1.3
[    9.874996] initcall nvram_module_init+0x0/0x83 returned 0 after 7692 usecs
[    9.885225] calling  hwrng_modinit+0x0/0x8a @ 1
[    9.891969] initcall hwrng_modinit+0x0/0x8a returned 0 after 449 usecs
[    9.902629] calling  mod_init+0x0/0x48 @ 1
[    9.910716] initcall mod_init+0x0/0x48 returned -19 after 0 usecs
[    9.922922] calling  agp_init+0x0/0x23 @ 1
[    9.930978] Linux agpgart interface v0.103
[    9.938227] initcall agp_init+0x0/0x23 returned 0 after 7037 usecs
[    9.950370] calling  agp_amd64_mod_init+0x0/0x5 @ 1
[    9.958656] initcall agp_amd64_mod_init+0x0/0x5 returned -19 after 228 usecs
[    9.969438] calling  agp_intel_init+0x0/0x28 @ 1
[    9.978541] initcall agp_intel_init+0x0/0x28 returned 0 after 1209 usecs
[    9.990192] calling  drm_kms_helper_init+0x0/0x7 @ 1
[   10.000958] initcall drm_kms_helper_init+0x0/0x7 returned 0 after 115 usecs
[   10.013146] calling  drm_core_init+0x0/0xa4 @ 1
[   10.021136] initcall drm_core_init+0x0/0xa4 returned 0 after 306 usecs
[   10.031893] calling  i915_init+0x0/0x6b @ 1
[   10.039201] initcall i915_init+0x0/0x6b returned 0 after 614 usecs
[   10.048829] calling  cn_proc_init+0x0/0x35 @ 1
[   10.055673] initcall cn_proc_init+0x0/0x35 returned 0 after 2 usecs
[   10.065155] calling  topology_sysfs_init+0x0/0x27 @ 1
[   10.072970] initcall topology_sysfs_init+0x0/0x27 returned 0 after 539 usecs
[   10.084449] calling  cacheinfo_sysfs_init+0x0/0x27 @ 1
[   10.098125] initcall cacheinfo_sysfs_init+0x0/0x27 returned 0 after 6672 usecs
[   10.109265] calling  loop_init+0x0/0x168 @ 1
[   10.176643] loop: module loaded
[   10.181825] initcall loop_init+0x0/0x168 returned 0 after 65310 usecs
[   10.190929] calling  mac_hid_init+0x0/0x21 @ 1
[   10.197892] initcall mac_hid_init+0x0/0x21 returned 0 after 62 usecs
[   10.206867] calling  spi_transport_init+0x0/0x74 @ 1
[   10.215987] initcall spi_transport_init+0x0/0x74 returned 0 after 478 usecs
[   10.226287] calling  init_sd+0x0/0x18c @ 1
[   10.232721] initcall init_sd+0x0/0x18c returned 0 after 122 usecs
[   10.241569] calling  init_sr+0x0/0x43 @ 1
[   10.248097] initcall init_sr+0x0/0x43 returned 0 after 80 usecs
[   10.257125] calling  init_sg+0x0/0x1c0 @ 1
[   10.264122] initcall init_sg+0x0/0x1c0 returned 0 after 277 usecs
[   10.273597] calling  ahci_pci_driver_init+0x0/0x15 @ 1
[   10.282479] ahci 0000:00:1f.2: version 3.0
[   10.291306] PCI Interrupt Link [GSIA] enabled at IRQ 16
[   10.318747] ahci 0000:00:1f.2: AHCI 0001.0000 32 slots 6 ports 1.5 Gbps 0x3f impl SATA mode
[   10.331986] ahci 0000:00:1f.2: flags: 64bit ncq only 
[   10.403349] scsi host0: ahci
[   10.424702] scsi host1: ahci
[   10.437191] scsi host2: ahci
[   10.448239] scsi host3: ahci
[   10.463160] scsi host4: ahci
[   10.474981] scsi host5: ahci
[   10.483131] ata1: SATA max UDMA/133 abar m4096@0xfebf1000 port 0xfebf1100 irq 24
[   10.495515] ata2: SATA max UDMA/133 abar m4096@0xfebf1000 port 0xfebf1180 irq 24
[   10.506713] ata3: SATA max UDMA/133 abar m4096@0xfebf1000 port 0xfebf1200 irq 24
[   10.518204] ata4: SATA max UDMA/133 abar m4096@0xfebf1000 port 0xfebf1280 irq 24
[   10.529254] ata5: SATA max UDMA/133 abar m4096@0xfebf1000 port 0xfebf1300 irq 24
[   10.557538] ata6: SATA max UDMA/133 abar m4096@0xfebf1000 port 0xfebf1380 irq 24
[   10.582457] initcall ahci_pci_driver_init+0x0/0x15 returned 0 after 293663 usecs
[   10.595782] calling  piix_init+0x0/0x26 @ 1
[   10.606167] initcall piix_init+0x0/0x26 returned 0 after 3376 usecs
[   10.616283] calling  amd_pci_driver_init+0x0/0x15 @ 1
[   10.624328] initcall amd_pci_driver_init+0x0/0x15 returned 0 after 22 usecs
[   10.634645] calling  oldpiix_pci_driver_init+0x0/0x15 @ 1
[   10.643212] initcall oldpiix_pci_driver_init+0x0/0x15 returned 0 after 89 usecs
[   10.654451] calling  sch_pci_driver_init+0x0/0x15 @ 1
[   10.662506] initcall sch_pci_driver_init+0x0/0x15 returned 0 after 51 usecs
[   10.673275] calling  net_olddevs_init+0x0/0x55 @ 1
[   10.682702] initcall net_olddevs_init+0x0/0x55 returned 0 after 919 usecs
[   10.693278] calling  blackhole_netdev_init+0x0/0x78 @ 1
[   10.702465] initcall blackhole_netdev_init+0x0/0x78 returned 0 after 1023 usecs
[   10.713751] calling  phy_module_init+0x0/0x13 @ 1
[   10.722568] initcall phy_module_init+0x0/0x13 returned 0 after 1244 usecs
[   10.734137] calling  tg3_driver_init+0x0/0x15 @ 1
[   10.742110] initcall tg3_driver_init+0x0/0x15 returned 0 after 535 usecs
[   10.751507] calling  e100_init_module+0x0/0x4c @ 1
[   10.758643] e100: Intel(R) PRO/100 Network Driver
[   10.766747] e100: Copyright(c) 1999-2006 Intel Corporation
[   10.776675] initcall e100_init_module+0x0/0x4c returned 0 after 17636 usecs
[   10.789076] calling  e1000_init_module+0x0/0x72 @ 1
[   10.797795] e1000: Intel(R) PRO/1000 Network Driver
[   10.805598] e1000: Copyright (c) 1999-2006 Intel Corporation.
[   10.815175] initcall e1000_init_module+0x0/0x72 returned 0 after 17040 usecs
[   10.826543] calling  e1000_init_module+0x0/0x2d @ 1
[   10.835293] e1000e: Intel(R) PRO/1000 Network Driver
[   10.843523] e1000e: Copyright(c) 1999 - 2015 Intel Corporation.
[   10.852618] initcall e1000_init_module+0x0/0x2d returned 0 after 16971 usecs
[   10.862987] calling  sky2_init_module+0x0/0x21 @ 1
[   10.870995] sky2: driver version 1.30
[   10.877119] initcall sky2_init_module+0x0/0x21 returned 0 after 5975 usecs
[   10.888231] calling  forcedeth_pci_driver_init+0x0/0x15 @ 1
[   10.894497] ata1: SATA link down (SStatus 0 SControl 300)
[   10.897452] initcall forcedeth_pci_driver_init+0x0/0x15 returned 0 after 287 usecs
[   10.909855] ata2: SATA link down (SStatus 0 SControl 300)
[   10.918426] calling  rtl8139_init_module+0x0/0x15 @ 1
[   10.918485] initcall rtl8139_init_module+0x0/0x15 returned 0 after 54 usecs
[   10.918498] calling  rtl8169_pci_driver_init+0x0/0x15 @ 1
[   10.918521] initcall rtl8169_pci_driver_init+0x0/0x15 returned 0 after 20 usecs
[   10.918523] calling  cdrom_init+0x0/0xc @ 1
[   10.918804] initcall cdrom_init+0x0/0xc returned 0 after 270 usecs
[   10.918805] calling  nonstatic_sysfs_init+0x0/0xc @ 1
[   10.918897] initcall nonstatic_sysfs_init+0x0/0xc returned 0 after 87 usecs
[   10.918898] calling  yenta_cardbus_driver_init+0x0/0x15 @ 1
[   10.918997] initcall yenta_cardbus_driver_init+0x0/0x15 returned 0 after 95 usecs
[   10.919025] calling  mon_init+0x0/0x12d @ 1
[   10.926741] initcall mon_init+0x0/0x12d returned 0 after 7530 usecs
[   10.932238] ata3: SATA link up 1.5 Gbps (SStatus 113 SControl 300)
[   10.936090] calling  ehci_hcd_init+0x0/0x56 @ 1
[   10.954341] ata4: SATA link down (SStatus 0 SControl 300)
[   10.956526] ehci_hcd: USB 2.0 'Enhanced' Host Controller (EHCI) Driver
[   10.971660] ata5: SATA link down (SStatus 0 SControl 300)
[   10.974831] initcall ehci_hcd_init+0x0/0x56 returned 0 after 17966 usecs
[   10.974834] calling  ehci_pci_init+0x0/0x64 @ 1
[   10.974835] ehci-pci: EHCI PCI platform driver
[   10.975024] initcall ehci_pci_init+0x0/0x64 returned 0 after 184 usecs
[   10.998626] ata6: SATA link down (SStatus 0 SControl 300)
[   11.007075] calling  ohci_hcd_mod_init+0x0/0x4e @ 1
[   11.017304] ata3.00: ATAPI: QEMU DVD-ROM, 2.5+, max UDMA/100
[   11.026135] ohci_hcd: USB 1.1 'Open' Host Controller (OHCI) Driver
[   11.026632] initcall ohci_hcd_mod_init+0x0/0x4e returned 0 after 481 usecs
[   11.026634] calling  ohci_pci_init+0x0/0x64 @ 1
[   11.026701] ohci-pci: OHCI PCI platform driver
[   11.026865] initcall ohci_pci_init+0x0/0x64 returned 0 after 223 usecs
[   11.026866] calling  uhci_hcd_init+0x0/0xa8 @ 1
[   11.026867] uhci_hcd: USB Universal Host Controller Interface driver
[   11.028717] initcall uhci_hcd_init+0x0/0xa8 returned 0 after 1804 usecs
[   11.033996] ata3.00: applying bridge limits
[   11.036695] ata3.00: configured for UDMA/100
[   11.046056] calling  xhci_hcd_init+0x0/0x1e @ 1
[   11.071032] scsi 2:0:0:0: CD-ROM            QEMU     QEMU DVD-ROM     2.5+ PQ: 0 ANSI: 5
[   11.072639] initcall xhci_hcd_init+0x0/0x1e returned 0 after 102 usecs
[   11.072642] calling  xhci_pci_init+0x0/0x49 @ 1
[   11.072762] initcall xhci_pci_init+0x0/0x49 returned 0 after 115 usecs
[   11.072763] calling  usblp_driver_init+0x0/0x15 @ 1
[   11.073294] usbcore: registered new interface driver usblp
[   11.306875] initcall usblp_driver_init+0x0/0x15 returned 0 after 228616 usecs
[   11.318568] calling  usb_storage_driver_init+0x0/0x2a @ 1
[   11.327605] usbcore: registered new interface driver usb-storage
[   11.332511] sr 2:0:0:0: [sr0] scsi3-mmc drive: 4x/4x cd/rw xa/form2 tray
[   11.337080] initcall usb_storage_driver_init+0x0/0x2a returned 0 after 9413 usecs
[   11.347838] cdrom: Uniform CD-ROM driver Revision: 3.20
[   11.358745] calling  i8042_init+0x0/0x4c2 @ 1
[   11.378183] i8042: PNP: PS/2 Controller [PNP0303:KBD,PNP0f13:MOU] at 0x60,0x64 irq 1,12
[   11.409568] serio: i8042 KBD port at 0x60,0x64 irq 1
[   11.417849] sr 2:0:0:0: Attached scsi CD-ROM sr0
[   11.420458] serio: i8042 AUX port at 0x60,0x64 irq 12
[   11.430153] sr 2:0:0:0: Attached scsi generic sg0 type 5
[   11.435349] initcall i8042_init+0x0/0x4c2 returned 0 after 59518 usecs
[   11.453739] calling  serport_init+0x0/0x2c @ 1
[   11.460910] initcall serport_init+0x0/0x2c returned 0 after 224 usecs
[   11.470823] calling  input_leds_init+0x0/0xc @ 1
[   11.479119] initcall input_leds_init+0x0/0xc returned 0 after 1165 usecs
[   11.488505] calling  evdev_init+0x0/0xc @ 1
[   11.502649] initcall evdev_init+0x0/0xc returned 0 after 5891 usecs
[   11.513651] calling  atkbd_init+0x0/0x21 @ 1
[   11.522008] initcall atkbd_init+0x0/0x21 returned 0 after 959 usecs
[   11.528250] input: AT Translated Set 2 keyboard as /devices/platform/i8042/serio0/input/input1
[   11.532635] calling  psmouse_init+0x0/0x7f @ 1
[   11.557044] initcall psmouse_init+0x0/0x7f returned 0 after 1068 usecs
[   11.567797] calling  cmos_init+0x0/0x73 @ 1
[   11.577656] rtc_cmos 00:04: RTC can wake from S4
[   11.601848] rtc_cmos 00:04: registered as rtc0
[   11.610051] rtc_cmos 00:04: alarms up to one day, y3k, 242 bytes nvram, hpet irqs
[   11.622701] initcall cmos_init+0x0/0x73 returned 0 after 47042 usecs
[   11.634484] calling  smbalert_driver_init+0x0/0xe @ 1
[   11.644136] initcall smbalert_driver_init+0x0/0xe returned 0 after 234 usecs
[   11.656500] calling  i2c_i801_init+0x0/0xc5 @ 1
[   11.674335] i801_smbus 0000:00:1f.3: SMBus using PCI interrupt
[   11.688592] i2c i2c-0: 1/1 memory slots populated (from DMI)
[   11.699714] i2c i2c-0: Memory type 0x07 not supported yet, not instantiating SPD
[   11.713356] initcall i2c_i801_init+0x0/0xc5 returned 0 after 47452 usecs
[   11.724264] calling  ptp_kvm_init+0x0/0xf0 @ 1
[   11.735363] initcall ptp_kvm_init+0x0/0xf0 returned 0 after 3928 usecs
[   11.745483] calling  dm_init+0x0/0x3c @ 1
[   11.765971] device-mapper: ioctl: 4.43.0-ioctl (2020-10-01) initialised: dm-devel@redhat.com
[   11.778994] initcall dm_init+0x0/0x3c returned 0 after 26420 usecs
[   11.790151] calling  dm_mirror_init+0x0/0x29 @ 1
[   11.797638] initcall dm_mirror_init+0x0/0x29 returned 0 after 24 usecs
[   11.807627] calling  dm_dirty_log_init+0x0/0x4f @ 1
[   11.816366] initcall dm_dirty_log_init+0x0/0x4f returned 0 after 219 usecs
[   11.827328] calling  dm_zero_init+0x0/0x29 @ 1
[   11.834181] initcall dm_zero_init+0x0/0x29 returned 0 after 2 usecs
[   11.843451] calling  intel_pstate_init+0x0/0x510 @ 1
[   11.850969] intel_pstate: CPU model not supported
[   11.858546] initcall intel_pstate_init+0x0/0x510 returned -19 after 7518 usecs
[   11.870376] calling  haltpoll_init+0x0/0xc0 @ 1
[   11.877785] initcall haltpoll_init+0x0/0xc0 returned -19 after 48 usecs
[   11.889034] calling  efivars_sysfs_init+0x0/0x30 @ 1
[   11.897240] initcall efivars_sysfs_init+0x0/0x30 returned 0 after 93 usecs
[   11.908218] calling  esrt_sysfs_init+0x0/0x2a2 @ 1
[   11.916065] initcall esrt_sysfs_init+0x0/0x2a2 returned -38 after 73 usecs
[   11.927525] calling  hid_init+0x0/0x5c @ 1
[   11.934599] hid: raw HID events driver (C) Jiri Kosina
[   11.943321] initcall hid_init+0x0/0x5c returned 0 after 8854 usecs
[   11.952736] calling  hid_generic_init+0x0/0x15 @ 1
[   11.960392] initcall hid_generic_init+0x0/0x15 returned 0 after 282 usecs
[   11.970129] calling  a4_driver_init+0x0/0x15 @ 1
[   11.977970] initcall a4_driver_init+0x0/0x15 returned 0 after 22 usecs
[   11.988510] calling  apple_driver_init+0x0/0x15 @ 1
[   11.996515] initcall apple_driver_init+0x0/0x15 returned 0 after 26 usecs
[   12.008500] calling  belkin_driver_init+0x0/0x15 @ 1
[   12.018423] initcall belkin_driver_init+0x0/0x15 returned 0 after 21 usecs
[   12.029074] calling  ch_driver_init+0x0/0x15 @ 1
[   12.036661] initcall ch_driver_init+0x0/0x15 returned 0 after 316 usecs
[   12.047012] calling  ch_driver_init+0x0/0x15 @ 1
[   12.054540] initcall ch_driver_init+0x0/0x15 returned 0 after 17 usecs
[   12.064356] calling  cp_driver_init+0x0/0x15 @ 1
[   12.071830] initcall cp_driver_init+0x0/0x15 returned 0 after 18 usecs
[   12.081831] calling  ez_driver_init+0x0/0x15 @ 1
[   12.089471] initcall ez_driver_init+0x0/0x15 returned 0 after 19 usecs
[   12.099658] calling  gyration_driver_init+0x0/0x15 @ 1
[   12.108109] initcall gyration_driver_init+0x0/0x15 returned 0 after 17 usecs
[   12.118562] calling  ite_driver_init+0x0/0x15 @ 1
[   12.126239] initcall ite_driver_init+0x0/0x15 returned 0 after 53 usecs
[   12.136656] calling  ks_driver_init+0x0/0x15 @ 1
[   12.143316] initcall ks_driver_init+0x0/0x15 returned 0 after 18 usecs
[   12.153443] calling  lg_driver_init+0x0/0x15 @ 1
[   12.161104] initcall lg_driver_init+0x0/0x15 returned 0 after 46 usecs
[   12.171164] calling  lg_g15_driver_init+0x0/0x15 @ 1
[   12.178951] initcall lg_g15_driver_init+0x0/0x15 returned 0 after 144 usecs
[   12.189788] calling  ms_driver_init+0x0/0x15 @ 1
[   12.197334] initcall ms_driver_init+0x0/0x15 returned 0 after 24 usecs
[   12.208533] calling  mr_driver_init+0x0/0x15 @ 1
[   12.228434] initcall mr_driver_init+0x0/0x15 returned 0 after 5861 usecs
[   12.241861] calling  ntrig_driver_init+0x0/0x15 @ 1
[   12.250585] initcall ntrig_driver_init+0x0/0x15 returned 0 after 111 usecs
[   12.261521] calling  pl_driver_init+0x0/0x15 @ 1
[   12.272179] initcall pl_driver_init+0x0/0x15 returned 0 after 1171 usecs
[   12.283506] calling  pl_driver_init+0x0/0x15 @ 1
[   12.291761] initcall pl_driver_init+0x0/0x15 returned 0 after 32 usecs
[   12.303462] calling  redragon_driver_init+0x0/0x15 @ 1
[   12.311721] initcall redragon_driver_init+0x0/0x15 returned 0 after 26 usecs
[   12.323013] calling  samsung_driver_init+0x0/0x15 @ 1
[   12.334317] initcall samsung_driver_init+0x0/0x15 returned 0 after 26 usecs
[   12.346920] calling  sony_init+0x0/0x38 @ 1
[   12.354642] initcall sony_init+0x0/0x38 returned 0 after 29 usecs
[   12.364025] calling  sp_driver_init+0x0/0x15 @ 1
[   12.371301] initcall sp_driver_init+0x0/0x15 returned 0 after 80 usecs
[   12.381739] calling  ts_driver_init+0x0/0x15 @ 1
[   12.389892] initcall ts_driver_init+0x0/0x15 returned 0 after 256 usecs
[   12.400766] calling  hid_init+0x0/0x58 @ 1
[   12.410155] usbcore: registered new interface driver usbhid
[   12.420986] usbhid: USB HID core driver
[   12.426921] initcall hid_init+0x0/0x58 returned 0 after 18566 usecs
[   12.437034] calling  eeepc_laptop_init+0x0/0x57 @ 1
[   12.455764] initcall eeepc_laptop_init+0x0/0x57 returned -19 after 11123 usecs
[   12.467129] calling  pmc_atom_init+0x0/0x27a @ 1
[   12.476285] initcall pmc_atom_init+0x0/0x27a returned -19 after 752 usecs
[   12.488014] calling  alsa_hwdep_init+0x0/0x5e @ 1
[   12.497233] initcall alsa_hwdep_init+0x0/0x5e returned 0 after 996 usecs
[   12.507942] calling  alsa_timer_init+0x0/0x1f0 @ 1
[   12.526668] input: ImExPS/2 Generic Explorer Mouse as /devices/platform/i8042/serio1/input/input3
[   12.527122] initcall alsa_timer_init+0x0/0x1f0 returned 0 after 11526 usecs
[   12.554628] calling  snd_hrtimer_init+0x0/0x117 @ 1
[   12.562170] initcall snd_hrtimer_init+0x0/0x117 returned 0 after 2 usecs
[   12.572462] calling  alsa_pcm_init+0x0/0x64 @ 1
[   12.579812] initcall alsa_pcm_init+0x0/0x64 returned 0 after 8 usecs
[   12.605861] calling  alsa_seq_init+0x0/0x4a @ 1
[   12.616148] initcall alsa_seq_init+0x0/0x4a returned 0 after 2068 usecs
[   12.626595] calling  alsa_seq_dummy_init+0x0/0x9c @ 1
[   12.635610] initcall alsa_seq_dummy_init+0x0/0x9c returned 0 after 292 usecs
[   12.647886] calling  azx_driver_init+0x0/0x15 @ 1
[   12.658308] initcall azx_driver_init+0x0/0x15 returned 0 after 1654 usecs
[   12.670586] calling  sock_diag_init+0x0/0x2a @ 1
[   12.682298] initcall sock_diag_init+0x0/0x2a returned 0 after 3095 usecs
[   12.696814] calling  blackhole_init+0x0/0xc @ 1
[   12.704773] initcall blackhole_init+0x0/0xc returned 0 after 203 usecs
[   12.719267] calling  nfnetlink_init+0x0/0x57 @ 1
[   12.727622] initcall nfnetlink_init+0x0/0x57 returned 0 after 355 usecs
[   12.739517] calling  nfnetlink_log_init+0x0/0x99 @ 1
[   12.749053] initcall nfnetlink_log_init+0x0/0x99 returned 0 after 476 usecs
[   12.761154] calling  nf_conntrack_standalone_init+0x0/0x87 @ 1
[   12.773562] initcall nf_conntrack_standalone_init+0x0/0x87 returned 0 after 2516 usecs
[   12.786782] calling  ctnetlink_init+0x0/0x83 @ 1
[   12.794872] initcall ctnetlink_init+0x0/0x83 returned 0 after 118 usecs
[   12.806520] calling  nf_conntrack_ftp_init+0x0/0x12c @ 1
[   12.815584] initcall nf_conntrack_ftp_init+0x0/0x12c returned 0 after 81 usecs
[   12.827269] calling  nf_conntrack_irc_init+0x0/0x129 @ 1
[   12.836650] initcall nf_conntrack_irc_init+0x0/0x129 returned 0 after 300 usecs
[   12.853294] calling  nf_conntrack_sip_init+0x0/0x172 @ 1
[   12.862654] initcall nf_conntrack_sip_init+0x0/0x172 returned 0 after 22 usecs
[   12.875232] calling  nf_nat_init+0x0/0xd2 @ 1
[   12.890266] initcall nf_nat_init+0x0/0xd2 returned 0 after 7428 usecs
[   12.901905] calling  nf_nat_ftp_init+0x0/0x2a @ 1
[   12.910753] initcall nf_nat_ftp_init+0x0/0x2a returned 0 after 9 usecs
[   12.922888] calling  nf_nat_irc_init+0x0/0x2a @ 1
[   12.930948] initcall nf_nat_irc_init+0x0/0x2a returned 0 after 0 usecs
[   12.941826] calling  nf_nat_sip_init+0x0/0x36 @ 1
[   12.949598] initcall nf_nat_sip_init+0x0/0x36 returned 0 after 1 usecs
[   12.960935] calling  xt_init+0x0/0xf8 @ 1
[   12.967912] initcall xt_init+0x0/0xf8 returned 0 after 266 usecs
[   12.976688] calling  tcpudp_mt_init+0x0/0x11 @ 1
[   12.983892] initcall tcpudp_mt_init+0x0/0x11 returned 0 after 206 usecs
[   12.994151] calling  connsecmark_tg_init+0x0/0xc @ 1
[   13.002295] initcall connsecmark_tg_init+0x0/0xc returned 0 after 1 usecs
[   13.015331] calling  nflog_tg_init+0x0/0xc @ 1
[   13.022442] initcall nflog_tg_init+0x0/0xc returned 0 after 9 usecs
[   13.031896] calling  secmark_tg_init+0x0/0x11 @ 1
[   13.038433] tasks-tracing-torture: rcu_torture_read_exit: End of episode
[   13.039128] initcall secmark_tg_init+0x0/0x11 returned 0 after 0 usecs
[   13.058716] calling  tcpmss_tg_init+0x0/0x11 @ 1
[   13.066169] initcall tcpmss_tg_init+0x0/0x11 returned 0 after 1 usecs
[   13.076801] calling  conntrack_mt_init+0x0/0x11 @ 1
