c[?7l[2J[0mSeaBIOS (version 1.16.0-debian-1.16.0-4)
Booting from ROM...
early console in setup code
c[?7l[2J[    0.000000] Linux version 5.10.156+ (root@joelboxx.c.googlers.com) (gcc (Debian 12.2.0-3) 12.2.0, GNU ld (GNU Binutils for Debian) 2.39) #14 Tue Dec 13 04:38:18 UTC 2022
[    0.000000] Command line: selinux=0 initcall_debug debug console=ttyS0 rcutorture.torture_type=srcu rcutorture.n_barrier_cbs=4 rcutorture.stat_interval=15 rcutorture.shutdown_secs=1800 rcutorture.test_no_idle_hz=1 rcutorture.verbose=1
[    0.000000] x86/fpu: x87 FPU will use FXSAVE
[    0.000000] BIOS-provided physical RAM map:
[    0.000000] BIOS-e820: [mem 0x0000000000000000-0x000000000009fbff] usable
[    0.000000] BIOS-e820: [mem 0x000000000009fc00-0x000000000009ffff] reserved
[    0.000000] BIOS-e820: [mem 0x00000000000f0000-0x00000000000fffff] reserved
[    0.000000] BIOS-e820: [mem 0x0000000000100000-0x000000001ffdefff] usable
[    0.000000] BIOS-e820: [mem 0x000000001ffdf000-0x000000001fffffff] reserved
[    0.000000] BIOS-e820: [mem 0x00000000b0000000-0x00000000bfffffff] reserved
[    0.000000] BIOS-e820: [mem 0x00000000fed1c000-0x00000000fed1ffff] reserved
[    0.000000] BIOS-e820: [mem 0x00000000feffc000-0x00000000feffffff] reserved
[    0.000000] BIOS-e820: [mem 0x00000000fffc0000-0x00000000ffffffff] reserved
[    0.000000] NX (Execute Disable) protection: active
[    0.000000] SMBIOS 2.8 present.
[    0.000000] DMI: QEMU Standard PC (Q35 + ICH9, 2009), BIOS 1.16.0-debian-1.16.0-4 04/01/2014
[    0.000000] Hypervisor detected: KVM
[    0.000000] kvm-clock: Using msrs 4b564d01 and 4b564d00
[    0.000000] kvm-clock: cpu 0, msr 6e41001, primary cpu clock
[    0.000001] kvm-clock: using sched offset of 2587332900 cycles
[    0.000346] clocksource: kvm-clock: mask: 0xffffffffffffffff max_cycles: 0x1cd42e4dffb, max_idle_ns: 881590591483 ns
[    0.000410] tsc: Detected 1999.999 MHz processor
[    0.008110] e820: update [mem 0x00000000-0x00000fff] usable ==> reserved
[    0.008114] e820: remove [mem 0x000a0000-0x000fffff] usable
[    0.008121] last_pfn = 0x1ffdf max_arch_pfn = 0x400000000
[    0.009069] MTRR default type: write-back
[    0.009153] MTRR fixed ranges enabled:
[    0.009155]   00000-9FFFF write-back
[    0.009156]   A0000-BFFFF uncachable
[    0.009157]   C0000-FFFFF write-protect
[    0.009158] MTRR variable ranges enabled:
[    0.009159]   0 base 00C0000000 mask FFC0000000 uncachable
[    0.009160]   1 disabled
[    0.009161]   2 disabled
[    0.009161]   3 disabled
[    0.009162]   4 disabled
[    0.009163]   5 disabled
[    0.009163]   6 disabled
[    0.009164]   7 disabled
[    0.009601] x86/PAT: Configuration [0-7]: WB  WC  UC- UC  WB  WC  UC- UC  
[    0.018607] found SMP MP-table at [mem 0x000f5ba0-0x000f5baf]
[    0.020850] check: Scanning 1 areas for low memory corruption
[    0.031639] ACPI: Early table checksum verification disabled
[    0.033963] ACPI: RSDP 0x00000000000F59E0 000014 (v00 BOCHS )
[    0.034326] ACPI: RSDT 0x000000001FFE229A 000038 (v01 BOCHS  BXPC     00000001 BXPC 00000001)
[    0.034645] ACPI: FACP 0x000000001FFE2092 0000F4 (v03 BOCHS  BXPC     00000001 BXPC 00000001)
[    0.034784] ACPI: DSDT 0x000000001FFE0040 002052 (v01 BOCHS  BXPC     00000001 BXPC 00000001)
[    0.034789] ACPI: FACS 0x000000001FFE0000 000040
[    0.034793] ACPI: APIC 0x000000001FFE2186 000078 (v01 BOCHS  BXPC     00000001 BXPC 00000001)
[    0.034797] ACPI: HPET 0x000000001FFE21FE 000038 (v01 BOCHS  BXPC     00000001 BXPC 00000001)
[    0.034801] ACPI: MCFG 0x000000001FFE2236 00003C (v01 BOCHS  BXPC     00000001 BXPC 00000001)
[    0.034805] ACPI: WAET 0x000000001FFE2272 000028 (v01 BOCHS  BXPC     00000001 BXPC 00000001)
[    0.034808] ACPI: Reserving FACP table memory at [mem 0x1ffe2092-0x1ffe2185]
[    0.034810] ACPI: Reserving DSDT table memory at [mem 0x1ffe0040-0x1ffe2091]
[    0.034811] ACPI: Reserving FACS table memory at [mem 0x1ffe0000-0x1ffe003f]
[    0.034812] ACPI: Reserving APIC table memory at [mem 0x1ffe2186-0x1ffe21fd]
[    0.034813] ACPI: Reserving HPET table memory at [mem 0x1ffe21fe-0x1ffe2235]
[    0.034814] ACPI: Reserving MCFG table memory at [mem 0x1ffe2236-0x1ffe2271]
[    0.034815] ACPI: Reserving WAET table memory at [mem 0x1ffe2272-0x1ffe2299]
[    0.035952] ACPI: Local APIC address 0xfee00000
[    0.038435] Zone ranges:
[    0.038536]   DMA      [mem 0x0000000000001000-0x0000000000ffffff]
[    0.038647]   DMA32    [mem 0x0000000001000000-0x000000001ffdefff]
[    0.038690]   Normal   empty
[    0.038691] Movable zone start for each node
[    0.038692] Early memory node ranges
[    0.038693]   node   0: [mem 0x0000000000001000-0x000000000009efff]
[    0.038737]   node   0: [mem 0x0000000000100000-0x000000001ffdefff]
[    0.038785] Initmem setup node 0 [mem 0x0000000000001000-0x000000001ffdefff]
[    0.038787] On node 0 totalpages: 130941
[    0.038905]   DMA zone: 64 pages used for memmap
[    0.038907]   DMA zone: 21 pages reserved
[    0.038960]   DMA zone: 3998 pages, LIFO batch:0
[    0.038962]   DMA32 zone: 1984 pages used for memmap
[    0.038963]   DMA32 zone: 126943 pages, LIFO batch:31
[    0.043345] On node 0, zone DMA: 1 pages in unavailable ranges
[    0.046941] On node 0, zone DMA: 97 pages in unavailable ranges
[    0.164783] On node 0, zone DMA32: 33 pages in unavailable ranges
[    0.169498] ACPI: PM-Timer IO Port: 0x608
[    0.169505] ACPI: Local APIC address 0xfee00000
[    0.169701] ACPI: LAPIC_NMI (acpi_id[0xff] dfl dfl lint[0x1])
[    0.170858] IOAPIC[0]: apic_id 0, version 17, address 0xfec00000, GSI 0-23
[    0.170927] ACPI: INT_SRC_OVR (bus 0 bus_irq 0 global_irq 2 dfl dfl)
[    0.171018] ACPI: INT_SRC_OVR (bus 0 bus_irq 5 global_irq 5 high level)
[    0.171020] ACPI: INT_SRC_OVR (bus 0 bus_irq 9 global_irq 9 high level)
[    0.171121] ACPI: INT_SRC_OVR (bus 0 bus_irq 10 global_irq 10 high level)
[    0.171122] ACPI: INT_SRC_OVR (bus 0 bus_irq 11 global_irq 11 high level)
[    0.171125] ACPI: IRQ0 used by override.
[    0.171127] ACPI: IRQ5 used by override.
[    0.171128] ACPI: IRQ9 used by override.
[    0.171129] ACPI: IRQ10 used by override.
[    0.171130] ACPI: IRQ11 used by override.
[    0.171133] Using ACPI (MADT) for SMP configuration information
[    0.171136] ACPI: HPET id: 0x8086a201 base: 0xfed00000
[    0.172024] kvm-guest: stealtime: cpu 0, msr 664d780
[    0.173148] PM: hibernation: Registered nosave memory: [mem 0x00000000-0x00000fff]
[    0.173152] PM: hibernation: Registered nosave memory: [mem 0x0009f000-0x0009ffff]
[    0.173153] PM: hibernation: Registered nosave memory: [mem 0x000a0000-0x000effff]
[    0.173155] PM: hibernation: Registered nosave memory: [mem 0x000f0000-0x000fffff]
[    0.173159] [mem 0x20000000-0xafffffff] available for PCI devices
[    0.173212] Booting paravirtualized kernel on KVM
[    0.173770] clocksource: refined-jiffies: mask: 0xffffffff max_cycles: 0xffffffff, max_idle_ns: 1910969940391419 ns
[    0.206425] pcpu-alloc: s0 r0 d32768 u32768 alloc=1*32768
[    0.206528] pcpu-alloc: [0] 0 
[    0.207038] Built 1 zonelists, mobility grouping on.  Total pages: 128872
[    0.207217] Kernel command line: selinux=0 initcall_debug debug console=ttyS0 rcutorture.torture_type=srcu rcutorture.n_barrier_cbs=4 rcutorture.stat_interval=15 rcutorture.shutdown_secs=1800 rcutorture.test_no_idle_hz=1 rcutorture.verbose=1
[    0.226256] Dentry cache hash table entries: 65536 (order: 7, 524288 bytes, linear)
[    0.230721] Inode-cache hash table entries: 32768 (order: 6, 262144 bytes, linear)
[    0.232052] mem auto-init: stack:all(zero), heap alloc:off, heap free:off
[    0.241260] Memory: 481560K/523764K available (14349K kernel code, 2612K rwdata, 4612K rodata, 1252K init, 1884K bss, 41944K reserved, 0K cma-reserved)
[    0.242243] SLUB: HWalign=64, Order=0-3, MinObjects=0, CPUs=1, Nodes=1
[    0.242833] Kernel/User page tables isolation: enabled
[    0.268173] NR_IRQS: 4352, nr_irqs: 256, preallocated irqs: 16
[    0.271712] calling  con_init+0x0/0x22a @ 0
[    0.433125] Console: colour VGA+ 80x25
[    0.433137] initcall con_init+0x0/0x22a returned 0 after 0 usecs
[    0.433140] calling  hvc_console_init+0x0/0x13 @ 0
[    0.437383] initcall hvc_console_init+0x0/0x13 returned 0 after 0 usecs
[    0.437385] calling  univ8250_console_init+0x0/0x26 @ 0
[    1.263799] printk: console [ttyS0] enabled
[    1.268395] initcall univ8250_console_init+0x0/0x26 returned 0 after 0 usecs
[    1.276099] ACPI: Core revision 20200925
[    1.281630] clocksource: hpet: mask: 0xffffffff max_cycles: 0xffffffff, max_idle_ns: 19112604467 ns
[    1.292501] APIC: Switch to symmetric I/O mode setup
[    1.312311] ..TIMER: vector=0x30 apic1=0 pin1=2 apic2=-1 pin2=-1
[    1.319173] clocksource: tsc-early: mask: 0xffffffffffffffff max_cycles: 0x39a85afc727, max_idle_ns: 881590685098 ns
[    1.330692] Calibrating delay loop (skipped) preset value.. 3999.99 BogoMIPS (lpj=1999999)
[    1.331676] pid_max: default: 32768 minimum: 301
[    1.332812] LSM: Security Framework initializing
[    1.333845] Mount-cache hash table entries: 1024 (order: 1, 8192 bytes, linear)
[    1.334710] Mountpoint-cache hash table entries: 1024 (order: 1, 8192 bytes, linear)
[    1.341431] Last level iTLB entries: 4KB 0, 2MB 0, 4MB 0
[    1.341674] Last level dTLB entries: 4KB 0, 2MB 0, 4MB 0, 1GB 0
[    1.342677] CPU: Intel Common KVM processor (family: 0xf, model: 0x6, stepping: 0x1)
[    1.343696] Spectre V1 : Mitigation: usercopy/swapgs barriers and __user pointer sanitization
[    1.344676] Spectre V2 : Mitigation: Retpolines
[    1.345674] Spectre V2 : Spectre v2 / SpectreRSB mitigation: Filling RSB on context switch
[    1.346674] Spectre V2 : Spectre v2 / SpectreRSB : Filling RSB on VMEXIT
[    1.347674] Speculative Store Bypass: Vulnerable
[    1.348693] MDS: Vulnerable: Clear CPU buffers attempted, no microcode
[    1.349674] MMIO Stale Data: Unknown: No mitigations
[    1.410598] calling  init_hw_perf_events+0x0/0x6ce @ 1
[    1.411675] Performance Events: unsupported Netburst CPU model 6 no PMU driver, software events only.
[    1.412681] initcall init_hw_perf_events+0x0/0x6ce returned 0 after 976 usecs
[    1.413686] calling  init_real_mode+0x0/0x1e9 @ 1
[    1.415877] initcall init_real_mode+0x0/0x1e9 returned 0 after 976 usecs
[    1.416679] calling  trace_init_perf_perm_irq_work_exit+0x0/0x12 @ 1
[    1.417677] initcall trace_init_perf_perm_irq_work_exit+0x0/0x12 returned 0 after 0 usecs
[    1.418694] calling  validate_x2apic+0x0/0x4a @ 1
[    1.419700] initcall validate_x2apic+0x0/0x4a returned 0 after 0 usecs
[    1.420678] calling  register_nmi_cpu_backtrace_handler+0x0/0x15 @ 1
[    1.421679] initcall register_nmi_cpu_backtrace_handler+0x0/0x15 returned 0 after 0 usecs
[    1.422678] calling  kvm_setup_vsyscall_timeinfo+0x0/0x34 @ 1
[    1.423678] initcall kvm_setup_vsyscall_timeinfo+0x0/0x34 returned 0 after 0 usecs
[    1.424679] calling  spawn_ksoftirqd+0x0/0x34 @ 1
[    1.425812] initcall spawn_ksoftirqd+0x0/0x34 returned 0 after 0 usecs
[    1.426711] calling  trace_init_flags_sys_enter+0x0/0xe @ 1
[    1.427680] initcall trace_init_flags_sys_enter+0x0/0xe returned 0 after 0 usecs
[    1.428679] calling  trace_init_flags_sys_exit+0x0/0xe @ 1
[    1.429678] initcall trace_init_flags_sys_exit+0x0/0xe returned 0 after 0 usecs
[    1.430679] calling  init_kprobes+0x0/0x14d @ 1
[    1.432455] initcall init_kprobes+0x0/0x14d returned 0 after 0 usecs
[    1.432678] calling  init_events+0x0/0x3d @ 1
[    1.434692] initcall init_events+0x0/0x3d returned 0 after 976 usecs
[    1.435677] calling  init_trace_printk+0x0/0xc @ 1
[    1.436678] initcall init_trace_printk+0x0/0xc returned 0 after 0 usecs
[    1.437678] calling  event_trace_enable_again+0x0/0x23 @ 1
[    1.438678] initcall event_trace_enable_again+0x0/0x23 returned 0 after 0 usecs
[    1.439677] calling  static_call_init+0x0/0x6d @ 1
[    1.440677] initcall static_call_init+0x0/0x6d returned 0 after 0 usecs
[    1.441677] calling  jump_label_init_module+0x0/0xc @ 1
[    1.442678] initcall jump_label_init_module+0x0/0xc returned 0 after 0 usecs
[    1.443678] calling  init_zero_pfn+0x0/0x37 @ 1
[    1.444678] initcall init_zero_pfn+0x0/0x37 returned 0 after 0 usecs
[    1.445677] calling  initialize_ptr_random+0x0/0x54 @ 1
[    1.446678] initcall initialize_ptr_random+0x0/0x54 returned 0 after 0 usecs
[    1.447705] calling  efi_memreserve_root_init+0x0/0x25 @ 1
[    1.448693] initcall efi_memreserve_root_init+0x0/0x25 returned 0 after 0 usecs
[    1.449678] calling  efi_earlycon_remap_fb+0x0/0x51 @ 1
[    1.450678] initcall efi_earlycon_remap_fb+0x0/0x51 returned 0 after 0 usecs
[    1.554671] devtmpfs: initialized
[    1.554927] calling  ipc_ns_init+0x0/0x3d @ 1
[    1.555740] initcall ipc_ns_init+0x0/0x3d returned 0 after 0 usecs
[    1.556683] calling  init_mmap_min_addr+0x0/0x21 @ 1
[    1.557681] initcall init_mmap_min_addr+0x0/0x21 returned 0 after 0 usecs
[    1.558681] calling  pci_realloc_setup_params+0x0/0x3f @ 1
[    1.559681] initcall pci_realloc_setup_params+0x0/0x3f returned 0 after 0 usecs
[    1.560680] calling  net_ns_init+0x0/0x128 @ 1
[    1.561869] initcall net_ns_init+0x0/0x128 returned 0 after 0 usecs
[    1.562696] calling  e820__register_nvs_regions+0x0/0x37 @ 1
[    1.563679] initcall e820__register_nvs_regions+0x0/0x37 returned 0 after 0 usecs
[    1.564678] calling  cpufreq_register_tsc_scaling+0x0/0x2e @ 1
[    1.565678] initcall cpufreq_register_tsc_scaling+0x0/0x2e returned 0 after 0 usecs
[    1.566679] calling  reboot_init+0x0/0x3c @ 1
[    1.567718] initcall reboot_init+0x0/0x3c returned 0 after 0 usecs
[    1.568678] calling  init_lapic_sysfs+0x0/0x20 @ 1
[    1.569678] initcall init_lapic_sysfs+0x0/0x20 returned 0 after 0 usecs
[    1.570678] calling  wq_sysfs_init+0x0/0x2a @ 1
[    1.571799] initcall wq_sysfs_init+0x0/0x2a returned 0 after 0 usecs
[    1.572677] calling  ksysfs_init+0x0/0x92 @ 1
[    1.573685] initcall ksysfs_init+0x0/0x92 returned 0 after 0 usecs
[    1.574676] calling  pm_init+0x0/0x76 @ 1
[    1.575774] initcall pm_init+0x0/0x76 returned 0 after 0 usecs
[    1.577693] calling  pm_disk_init+0x0/0x13 @ 1
[    1.578730] initcall pm_disk_init+0x0/0x13 returned 0 after 0 usecs
[    1.579680] calling  swsusp_header_init+0x0/0x2b @ 1
[    1.580680] initcall swsusp_header_init+0x0/0x2b returned 0 after 0 usecs
[    1.581677] calling  rcu_set_runtime_mode+0x0/0x11 @ 1
[    1.582676] initcall rcu_set_runtime_mode+0x0/0x11 returned 0 after 0 usecs
[    1.583677] calling  init_jiffies_clocksource+0x0/0x13 @ 1
[    1.584678] clocksource: jiffies: mask: 0xffffffff max_cycles: 0xffffffff, max_idle_ns: 1911260446275000 ns
[    1.585681] initcall init_jiffies_clocksource+0x0/0x13 returned 0 after 976 usecs
[    1.586680] calling  futex_init+0x0/0xf4 @ 1
[    1.587680] futex hash table entries: 256 (order: 0, 6144 bytes, linear)
[    1.588741] initcall futex_init+0x0/0xf4 returned 0 after 976 usecs
[    1.589678] calling  cgroup_wq_init+0x0/0x28 @ 1
[    1.590688] initcall cgroup_wq_init+0x0/0x28 returned 0 after 0 usecs
[    1.591678] calling  cgroup1_wq_init+0x0/0x28 @ 1
[    1.592683] initcall cgroup1_wq_init+0x0/0x28 returned 0 after 0 usecs
[    1.593677] calling  init_kprobe_trace_early+0x0/0x2a @ 1
[    1.594678] initcall init_kprobe_trace_early+0x0/0x2a returned 0 after 0 usecs
[    1.595677] calling  fsnotify_init+0x0/0x48 @ 1
[    1.596688] initcall fsnotify_init+0x0/0x48 returned 0 after 0 usecs
[    1.597677] calling  filelock_init+0x0/0x60 @ 1
[    1.599691] initcall filelock_init+0x0/0x60 returned 0 after 0 usecs
[    1.600676] calling  init_misc_binfmt+0x0/0x2c @ 1
[    1.601678] initcall init_misc_binfmt+0x0/0x2c returned 0 after 0 usecs
[    1.602676] calling  init_script_binfmt+0x0/0x15 @ 1
[    1.603700] initcall init_script_binfmt+0x0/0x15 returned 0 after 0 usecs
[    1.604680] calling  init_elf_binfmt+0x0/0x15 @ 1
[    1.605679] initcall init_elf_binfmt+0x0/0x15 returned 0 after 0 usecs
[    1.606678] calling  init_compat_elf_binfmt+0x0/0x15 @ 1
[    1.607678] initcall init_compat_elf_binfmt+0x0/0x15 returned 0 after 0 usecs
[    1.608694] calling  debugfs_init+0x0/0x5c @ 1
[    1.609693] initcall debugfs_init+0x0/0x5c returned 0 after 0 usecs
[    1.610679] calling  tracefs_init+0x0/0x3a @ 1
[    1.611709] initcall tracefs_init+0x0/0x3a returned 0 after 0 usecs
[    1.612681] calling  prandom_init_early+0x0/0x111 @ 1
[    1.613681] initcall prandom_init_early+0x0/0x111 returned 0 after 0 usecs
[    1.614753] calling  virtio_init+0x0/0x20 @ 1
[    1.615716] initcall virtio_init+0x0/0x20 returned 0 after 0 usecs
[    1.616680] calling  iommu_init+0x0/0x2a @ 1
[    1.617685] initcall iommu_init+0x0/0x2a returned 0 after 0 usecs
[    1.618677] calling  component_debug_init+0x0/0x1c @ 1
[    1.619727] initcall component_debug_init+0x0/0x1c returned 0 after 0 usecs
[    1.620679] calling  early_resume_init+0x0/0xb9 @ 1
[    1.623680] PM: RTC time: 04:45:31, date: 2022-12-13
[    1.624689] initcall early_resume_init+0x0/0xb9 returned 0 after 2929 usecs
[    1.625684] calling  cpufreq_core_init+0x0/0x62 @ 1
[    1.626735] initcall cpufreq_core_init+0x0/0x62 returned 0 after 0 usecs
[    1.627682] calling  cpufreq_gov_performance_init+0x0/0xc @ 1
[    1.628684] initcall cpufreq_gov_performance_init+0x0/0xc returned 0 after 0 usecs
[    1.629680] calling  cpufreq_gov_userspace_init+0x0/0xc @ 1
[    1.630680] initcall cpufreq_gov_userspace_init+0x0/0xc returned 0 after 0 usecs
[    1.631678] calling  CPU_FREQ_GOV_ONDEMAND_init+0x0/0xc @ 1
[    1.632679] initcall CPU_FREQ_GOV_ONDEMAND_init+0x0/0xc returned 0 after 0 usecs
[    1.633678] calling  cpuidle_init+0x0/0x1f @ 1
[    1.634905] initcall cpuidle_init+0x0/0x1f returned 0 after 0 usecs
[    1.635678] calling  capsule_reboot_register+0x0/0xc @ 1
[    1.636694] initcall capsule_reboot_register+0x0/0xc returned 0 after 0 usecs
[    1.637677] calling  sock_init+0x0/0x93 @ 1
[    1.639712] initcall sock_init+0x0/0x93 returned 0 after 976 usecs
[    1.640676] calling  net_inuse_init+0x0/0x23 @ 1
[    1.641681] initcall net_inuse_init+0x0/0x23 returned 0 after 0 usecs
[    1.642676] calling  net_defaults_init+0x0/0x23 @ 1
[    1.643677] initcall net_defaults_init+0x0/0x23 returned 0 after 0 usecs
[    1.644679] calling  init_default_flow_dissectors+0x0/0x4f @ 1
[    1.646677] initcall init_default_flow_dissectors+0x0/0x4f returned 0 after 976 usecs
[    1.647679] calling  netpoll_init+0x0/0x25 @ 1
[    1.648676] initcall netpoll_init+0x0/0x25 returned 0 after 0 usecs
[    1.649677] calling  netlink_proto_init+0x0/0x14f @ 1
[    1.651703] NET: Registered protocol family 16
[    1.652690] initcall netlink_proto_init+0x0/0x14f returned 0 after 1953 usecs
[    1.653676] calling  genl_init+0x0/0x35 @ 1
[    1.654682] initcall genl_init+0x0/0x35 returned 0 after 0 usecs
[    1.655700] calling  bsp_pm_check_init+0x0/0x13 @ 1
[    1.656681] initcall bsp_pm_check_init+0x0/0x13 returned 0 after 0 usecs
[    1.657711] calling  irq_sysfs_init+0x0/0xb7 @ 1
[    1.658813] initcall irq_sysfs_init+0x0/0xb7 returned 0 after 0 usecs
[    1.659682] calling  audit_init+0x0/0x15d @ 1
[    1.660685] audit: initializing netlink subsys (disabled)
[    1.662681] initcall audit_init+0x0/0x15d returned 0 after 1953 usecs
[    1.663678] calling  release_early_probes+0x0/0x32 @ 1
[    1.664678] initcall release_early_probes+0x0/0x32 returned 0 after 0 usecs
[    1.665679] calling  bdi_class_init+0x0/0x48 @ 1
[    1.666697] initcall bdi_class_init+0x0/0x48 returned 0 after 0 usecs
[    1.667677] calling  mm_sysfs_init+0x0/0x28 @ 1
[    1.668682] initcall mm_sysfs_init+0x0/0x28 returned 0 after 0 usecs
[    1.669677] calling  init_per_zone_wmark_min+0x0/0x5e @ 1
[    1.671678] initcall init_per_zone_wmark_min+0x0/0x5e returned 0 after 0 usecs
[    1.672680] calling  mpi_init+0x0/0x3e @ 1
[    1.673697] initcall mpi_init+0x0/0x3e returned 0 after 0 usecs
[    1.674676] calling  kobject_uevent_init+0x0/0xc @ 1
[    1.675740] initcall kobject_uevent_init+0x0/0xc returned 0 after 0 usecs
[    1.676677] calling  pcibus_class_init+0x0/0x13 @ 1
[    1.677703] initcall pcibus_class_init+0x0/0x13 returned 0 after 0 usecs
[    1.678692] calling  pci_driver_init+0x0/0x21 @ 1
[    1.679730] initcall pci_driver_init+0x0/0x21 returned 0 after 0 usecs
[    1.680684] calling  backlight_class_init+0x0/0xa8 @ 1
[    1.681714] initcall backlight_class_init+0x0/0xa8 returned 0 after 0 usecs
[    1.682680] calling  tty_class_init+0x0/0x33 @ 1
[    1.683688] initcall tty_class_init+0x0/0x33 returned 0 after 0 usecs
[    1.684677] calling  vtconsole_class_init+0x0/0xb5 @ 1
[    1.685755] initcall vtconsole_class_init+0x0/0xb5 returned 0 after 0 usecs
[    1.686677] calling  iommu_dev_init+0x0/0x13 @ 1
[    1.687714] initcall iommu_dev_init+0x0/0x13 returned 0 after 0 usecs
[    1.688677] calling  mipi_dsi_bus_init+0x0/0xc @ 1
[    1.689726] initcall mipi_dsi_bus_init+0x0/0xc returned 0 after 0 usecs
[    1.690676] calling  devlink_class_init+0x0/0x40 @ 1
[    1.691684] initcall devlink_class_init+0x0/0x40 returned 0 after 0 usecs
[    1.692677] calling  software_node_init+0x0/0x2a @ 1
[    1.693680] initcall software_node_init+0x0/0x2a returned 0 after 0 usecs
[    1.694677] calling  wakeup_sources_debugfs_init+0x0/0x23 @ 1
[    1.695684] initcall wakeup_sources_debugfs_init+0x0/0x23 returned 0 after 0 usecs
[    1.696677] calling  wakeup_sources_sysfs_init+0x0/0x2c @ 1
[    1.697687] initcall wakeup_sources_sysfs_init+0x0/0x2c returned 0 after 0 usecs
[    1.698676] calling  regmap_initcall+0x0/0xc @ 1
[    1.699683] initcall regmap_initcall+0x0/0xc returned 0 after 0 usecs
[    1.700675] calling  i2c_init+0x0/0xb3 @ 1
[    1.701721] initcall i2c_init+0x0/0xb3 returned 0 after 0 usecs
[    1.702675] calling  thermal_init+0x0/0xf2 @ 1
[    1.703701] thermal_sys: Registered thermal governor 'step_wise'
[    1.703702] thermal_sys: Registered thermal governor 'user_space'
[    1.704688] initcall thermal_init+0x0/0xf2 returned 0 after 976 usecs
[    1.706676] calling  init_menu+0x0/0xc @ 1
[    1.707675] cpuidle: using governor menu
[    1.708675] initcall init_menu+0x0/0xc returned 0 after 976 usecs
[    1.709675] calling  pcc_init+0x0/0x4d @ 1
[    1.710695] initcall pcc_init+0x0/0x4d returned -19 after 0 usecs
[    1.711676] calling  amd_postcore_init+0x0/0x11e @ 1
[    1.712675] initcall amd_postcore_init+0x0/0x11e returned 0 after 0 usecs
[    1.713692] calling  bts_init+0x0/0xba @ 1
[    1.715676] initcall bts_init+0x0/0xba returned -19 after 0 usecs
[    1.716675] calling  pt_init+0x0/0x2ef @ 1
[    1.717674] initcall pt_init+0x0/0x2ef returned -19 after 0 usecs
[    1.718675] calling  boot_params_ksysfs_init+0x0/0x2ee @ 1
[    1.719684] initcall boot_params_ksysfs_init+0x0/0x2ee returned 0 after 0 usecs
[    1.720675] calling  sbf_init+0x0/0xd1 @ 1
[    1.721675] initcall sbf_init+0x0/0xd1 returned 0 after 0 usecs
[    1.722675] calling  arch_kdebugfs_init+0x0/0x219 @ 1
[    1.723686] initcall arch_kdebugfs_init+0x0/0x219 returned 0 after 0 usecs
[    1.724679] calling  intel_pconfig_init+0x0/0x85 @ 1
[    1.726696] initcall intel_pconfig_init+0x0/0x85 returned 0 after 0 usecs
[    1.727680] calling  mtrr_if_init+0x0/0x5d @ 1
[    1.728684] initcall mtrr_if_init+0x0/0x5d returned 0 after 0 usecs
[    1.729678] calling  activate_jump_labels+0x0/0x31 @ 1
[    1.730678] initcall activate_jump_labels+0x0/0x31 returned 0 after 0 usecs
[    1.731678] calling  ffh_cstate_init+0x0/0x29 @ 1
[    1.732680] initcall ffh_cstate_init+0x0/0x29 returned 0 after 0 usecs
[    1.733678] calling  activate_jump_labels+0x0/0x31 @ 1
[    1.734689] initcall activate_jump_labels+0x0/0x31 returned 0 after 0 usecs
[    1.735676] calling  kvm_alloc_cpumask+0x0/0x2b @ 1
[    1.736704] initcall kvm_alloc_cpumask+0x0/0x2b returned 0 after 0 usecs
[    1.737677] calling  kcmp_cookies_init+0x0/0x37 @ 1
[    1.738680] initcall kcmp_cookies_init+0x0/0x37 returned 0 after 0 usecs
[    1.739678] calling  cryptomgr_init+0x0/0xc @ 1
[    1.740694] initcall cryptomgr_init+0x0/0xc returned 0 after 0 usecs
[    1.741676] calling  acpi_pci_init+0x0/0x57 @ 1
[    1.742675] ACPI: bus type PCI registered
[    1.743676] initcall acpi_pci_init+0x0/0x57 returned 0 after 976 usecs
[    1.744677] calling  dma_channel_table_init+0x0/0xce @ 1
[    1.745682] initcall dma_channel_table_init+0x0/0xce returned 0 after 0 usecs
[    1.746676] calling  dma_bus_init+0x0/0xdc @ 1
[    1.747759] initcall dma_bus_init+0x0/0xdc returned 0 after 0 usecs
[    1.748891] calling  iommu_dma_init+0x0/0x10 @ 1
[    1.750694] initcall iommu_dma_init+0x0/0x10 returned 0 after 0 usecs
[    1.751678] calling  dmi_id_init+0x0/0x37c @ 1
[    1.753740] initcall dmi_id_init+0x0/0x37c returned 0 after 976 usecs
[    1.754677] calling  pci_arch_init+0x0/0x71 @ 1
[    1.756677] PCI: MMCONFIG for domain 0000 [bus 00-ff] at [mem 0xb0000000-0xbfffffff] (base 0xb0000000)
[    1.757677] PCI: MMCONFIG at [mem 0xb0000000-0xbfffffff] reserved in E820
[    1.758692] PCI: Using configuration type 1 for base access
[    1.759716] initcall pci_arch_init+0x0/0x71 returned 0 after 3906 usecs
[    1.760693] calling  init_vdso+0x0/0x13 @ 1
[    1.761749] initcall init_vdso+0x0/0x13 returned 0 after 0 usecs
[    1.762676] calling  sysenter_setup+0x0/0x13 @ 1
[    1.763705] initcall sysenter_setup+0x0/0x13 returned 0 after 0 usecs
[    1.764675] calling  fixup_ht_bug+0x0/0x7f @ 1
[    1.765675] initcall fixup_ht_bug+0x0/0x7f returned 0 after 0 usecs
[    1.766676] calling  topology_init+0x0/0x15 @ 1
[    1.767729] initcall topology_init+0x0/0x15 returned 0 after 0 usecs
[    1.768676] calling  intel_epb_init+0x0/0x68 @ 1
[    1.769675] initcall intel_epb_init+0x0/0x68 returned -19 after 0 usecs
[    1.770675] calling  mtrr_init_finialize+0x0/0x3e @ 1
[    1.771675] initcall mtrr_init_finialize+0x0/0x3e returned 0 after 0 usecs
[    1.772676] calling  uid_cache_init+0x0/0x7b @ 1
[    1.773679] initcall uid_cache_init+0x0/0x7b returned 0 after 0 usecs
[    1.774675] calling  param_sysfs_init+0x0/0x1ba @ 1
[    1.778468] initcall param_sysfs_init+0x0/0x1ba returned 0 after 1953 usecs
[    1.778693] calling  user_namespace_sysctl_init+0x0/0x33 @ 1
[    1.779810] initcall user_namespace_sysctl_init+0x0/0x33 returned 0 after 0 usecs
[    1.780677] calling  proc_schedstat_init+0x0/0x24 @ 1
[    1.781680] initcall proc_schedstat_init+0x0/0x24 returned 0 after 0 usecs
[    1.782675] calling  pm_sysrq_init+0x0/0x18 @ 1
[    1.783675] initcall pm_sysrq_init+0x0/0x18 returned 0 after 0 usecs
[    1.784742] calling  create_proc_profile+0x0/0x50 @ 1
[    1.785676] initcall create_proc_profile+0x0/0x50 returned 0 after 0 usecs
[    1.786680] calling  time_ns_init+0x0/0x7 @ 1
[    1.787678] initcall time_ns_init+0x0/0x7 returned 0 after 0 usecs
[    1.788679] calling  crash_save_vmcoreinfo_init+0x0/0x756 @ 1
[    1.789802] initcall crash_save_vmcoreinfo_init+0x0/0x756 returned 0 after 0 usecs
[    1.790679] calling  crash_notes_memory_init+0x0/0x35 @ 1
[    1.791682] initcall crash_notes_memory_init+0x0/0x35 returned 0 after 0 usecs
[    1.792677] calling  cgroup_sysfs_init+0x0/0x13 @ 1
[    1.793730] initcall cgroup_sysfs_init+0x0/0x13 returned 0 after 0 usecs
[    1.794676] calling  cgroup_namespaces_init+0x0/0x7 @ 1
[    1.795678] initcall cgroup_namespaces_init+0x0/0x7 returned 0 after 0 usecs
[    1.796678] calling  init_optprobes+0x0/0x13 @ 1
[    1.797674] Kprobes globally optimized
[    1.798677] initcall init_optprobes+0x0/0x13 returned 0 after 976 usecs
[    1.802607] calling  oom_init+0x0/0x2f @ 1
[    1.806480] audit: type=2000 audit(1670906730.269:1): state=initialized audit_enabled=0 res=1
[    1.806861] initcall oom_init+0x0/0x2f returned 0 after 2929 usecs
[    1.807678] calling  default_bdi_init+0x0/0x35 @ 1
[    1.810886] initcall default_bdi_init+0x0/0x35 returned 0 after 1953 usecs
[    1.811679] calling  percpu_enable_async+0x0/0xe @ 1
[    1.812679] initcall percpu_enable_async+0x0/0xe returned 0 after 0 usecs
[    1.813678] calling  kcompactd_init+0x0/0x46 @ 1
[    1.815964] initcall kcompactd_init+0x0/0x46 returned 0 after 976 usecs
[    1.816832] calling  init_user_reserve+0x0/0x30 @ 1
[    1.818700] initcall init_user_reserve+0x0/0x30 returned 0 after 0 usecs
[    1.819676] calling  init_admin_reserve+0x0/0x30 @ 1
[    1.820675] initcall init_admin_reserve+0x0/0x30 returned 0 after 0 usecs
[    1.822627] calling  init_reserve_notifier+0x0/0x7 @ 1
[    1.823713] initcall init_reserve_notifier+0x0/0x7 returned 0 after 0 usecs
[    1.824679] calling  swap_init_sysfs+0x0/0x62 @ 1
[    1.825719] initcall swap_init_sysfs+0x0/0x62 returned 0 after 0 usecs
[    1.826676] calling  swapfile_init+0x0/0x46 @ 1
[    1.827676] initcall swapfile_init+0x0/0x46 returned 0 after 0 usecs
[    1.828676] calling  hugetlb_init+0x0/0x430 @ 1
[    1.829818] HugeTLB registered 2.00 MiB page size, pre-allocated 0 pages
[    1.830734] initcall hugetlb_init+0x0/0x430 returned 0 after 976 usecs
[    1.831676] calling  io_wq_init+0x0/0x34 @ 1
[    1.832713] initcall io_wq_init+0x0/0x34 returned 0 after 0 usecs
[    1.833689] calling  seqiv_module_init+0x0/0xc @ 1
[    1.834777] initcall seqiv_module_init+0x0/0xc returned 0 after 0 usecs
[    1.835687] calling  echainiv_module_init+0x0/0xc @ 1
[    1.836676] initcall echainiv_module_init+0x0/0xc returned 0 after 0 usecs
[    1.837780] calling  rsa_init+0x0/0x50 @ 1
[    1.839815] cryptomgr_test (17) used greatest stack depth: 15544 bytes left
[    1.840726] initcall rsa_init+0x0/0x50 returned 0 after 1953 usecs
[    1.841678] calling  crypto_cmac_module_init+0x0/0xc @ 1
[    1.842677] initcall crypto_cmac_module_init+0x0/0xc returned 0 after 0 usecs
[    1.843676] calling  hmac_module_init+0x0/0xc @ 1
[    1.844676] initcall hmac_module_init+0x0/0xc returned 0 after 0 usecs
[    1.845676] calling  crypto_null_mod_init+0x0/0x65 @ 1
[    1.846825] initcall crypto_null_mod_init+0x0/0x65 returned 0 after 0 usecs
[    1.847676] calling  md5_mod_init+0x0/0xc @ 1
[    1.848704] initcall md5_mod_init+0x0/0xc returned 0 after 0 usecs
[    1.849676] calling  sha256_generic_mod_init+0x0/0x11 @ 1
[    1.850715] initcall sha256_generic_mod_init+0x0/0x11 returned 0 after 0 usecs
[    1.851678] calling  crypto_cbc_module_init+0x0/0xc @ 1
[    1.852677] initcall crypto_cbc_module_init+0x0/0xc returned 0 after 0 usecs
[    1.853676] calling  crypto_ctr_module_init+0x0/0x11 @ 1
[    1.854677] initcall crypto_ctr_module_init+0x0/0x11 returned 0 after 0 usecs
[    1.855675] calling  crypto_gcm_module_init+0x0/0x64 @ 1
[    1.856734] initcall crypto_gcm_module_init+0x0/0x64 returned 0 after 0 usecs
[    1.857676] calling  crypto_ccm_module_init+0x0/0x11 @ 1
[    1.858676] initcall crypto_ccm_module_init+0x0/0x11 returned 0 after 0 usecs
[    1.859676] calling  aes_init+0x0/0xc @ 1
[    1.860725] initcall aes_init+0x0/0xc returned 0 after 0 usecs
[    1.861678] calling  crc32c_mod_init+0x0/0xc @ 1
[    1.862718] initcall crc32c_mod_init+0x0/0xc returned 0 after 0 usecs
[    1.863678] calling  crypto_authenc_module_init+0x0/0xc @ 1
[    1.864679] initcall crypto_authenc_module_init+0x0/0xc returned 0 after 0 usecs
[    1.865678] calling  crypto_authenc_esn_module_init+0x0/0xc @ 1
[    1.866679] initcall crypto_authenc_esn_module_init+0x0/0xc returned 0 after 0 usecs
[    1.867678] calling  drbg_init+0x0/0x7c @ 1
[    1.868992] initcall drbg_init+0x0/0x7c returned 0 after 0 usecs
[    1.869677] calling  ghash_mod_init+0x0/0xc @ 1
[    1.870719] initcall ghash_mod_init+0x0/0xc returned 0 after 0 usecs
[    1.871677] calling  init_bio+0x0/0x9a @ 1
[    1.873004] initcall init_bio+0x0/0x9a returned 0 after 0 usecs
[    1.873677] calling  blk_settings_init+0x0/0x29 @ 1
[    1.874678] initcall blk_settings_init+0x0/0x29 returned 0 after 0 usecs
[    1.875678] calling  blk_ioc_init+0x0/0x29 @ 1
[    1.876681] initcall blk_ioc_init+0x0/0x29 returned 0 after 0 usecs
[    1.878677] calling  blk_mq_init+0x0/0x96 @ 1
[    1.879718] initcall blk_mq_init+0x0/0x96 returned 0 after 0 usecs
[    1.880677] calling  genhd_device_init+0x0/0x75 @ 1
[    1.882815] initcall genhd_device_init+0x0/0x75 returned 0 after 976 usecs
[    1.883769] calling  pci_slot_init+0x0/0x40 @ 1
[    1.884725] initcall pci_slot_init+0x0/0x40 returned 0 after 0 usecs
[    1.885677] calling  fbmem_init+0x0/0xd8 @ 1
[    1.888279] initcall fbmem_init+0x0/0xd8 returned 0 after 976 usecs
[    1.888677] calling  acpi_init+0x0/0x316 @ 1
[    1.891198] ACPI: Added _OSI(Module Device)
[    1.891675] ACPI: Added _OSI(Processor Device)
[    1.892677] ACPI: Added _OSI(3.0 _SCP Extensions)
[    1.893675] ACPI: Added _OSI(Processor Aggregator Device)
[    1.894676] ACPI: Added _OSI(Linux-Dell-Video)
[    1.895675] ACPI: Added _OSI(Linux-Lenovo-NV-HDMI-Audio)
[    1.896675] ACPI: Added _OSI(Linux-HPI-Hybrid-Graphics)
[    1.906819] ACPI: 1 ACPI AML tables successfully acquired and loaded
[    1.911998] ACPI: Interpreter enabled
[    1.913258] ACPI: (supports S0 S3 S4 S5)
[    1.913747] ACPI: Using IOAPIC for interrupt routing
[    1.914868] PCI: Using host bridge windows from ACPI; if necessary, use "pci=nocrs" and report a bug
[    1.918118] ACPI: Enabled 2 GPEs in block 00 to 3F
[    1.925957] ACPI: PCI Root Bridge [PCI0] (domain 0000 [bus 00-ff])
[    1.927917] acpi PNP0A08:00: _OSC: OS supports [ExtendedConfig ASPM ClockPM Segments MSI HPX-Type3]
[    1.928749] acpi PNP0A08:00: _OSC: platform does not support [LTR]
[    1.929737] acpi PNP0A08:00: _OSC: OS now controls [PME PCIeCapability]
[    1.932177] PCI host bridge to bus 0000:00
[    1.932715] pci_bus 0000:00: root bus resource [io  0x0000-0x0cf7 window]
[    1.933677] pci_bus 0000:00: root bus resource [io  0x0d00-0xffff window]
[    1.934678] pci_bus 0000:00: root bus resource [mem 0x000a0000-0x000bffff window]
[    1.935677] pci_bus 0000:00: root bus resource [mem 0x20000000-0xafffffff window]
[    1.936677] pci_bus 0000:00: root bus resource [mem 0xc0000000-0xfebfffff window]
[    1.937677] pci_bus 0000:00: root bus resource [mem 0x100000000-0x8ffffffff window]
[    1.938677] pci_bus 0000:00: root bus resource [bus 00-ff]
[    1.940761] pci 0000:00:00.0: calling  quirk_mmio_always_on+0x0/0x10 @ 1
[    1.941680] pci 0000:00:00.0: quirk_mmio_always_on+0x0/0x10 took 0 usecs
[    1.942692] pci 0000:00:00.0: [8086:29c0] type 00 class 0x060000
[    1.947127] pci 0000:00:00.0: calling  quirk_igfx_skip_te_disable+0x0/0x80 @ 1
[    1.947753] pci 0000:00:00.0: quirk_igfx_skip_te_disable+0x0/0x80 took 0 usecs
[    1.951857] pci 0000:00:01.0: [1234:1111] type 00 class 0x030000
[    1.959175] pci 0000:00:01.0: reg 0x10: [mem 0xfd000000-0xfdffffff pref]
[    1.967165] pci 0000:00:01.0: reg 0x18: [mem 0xfebf0000-0xfebf0fff]
[    1.982344] pci 0000:00:01.0: reg 0x30: [mem 0xfebe0000-0xfebeffff pref]
[    1.985307] pci 0000:00:01.0: calling  efifb_fixup_resources+0x0/0xf0 @ 1
[    1.986752] pci 0000:00:01.0: efifb_fixup_resources+0x0/0xf0 took 976 usecs
[    1.998558] pci 0000:00:1f.0: [8086:2918] type 00 class 0x060100
[    2.004832] pci 0000:00:1f.0: calling  quirk_ich7_lpc+0x0/0x60 @ 1
[    2.005944] pci 0000:00:1f.0: quirk: [io  0x0600-0x067f] claimed by ICH6 ACPI/GPIO/TCO
[    2.008840] pci 0000:00:1f.0: quirk_ich7_lpc+0x0/0x60 took 2929 usecs
[    2.009767] pci 0000:00:1f.0: calling  quirk_igfx_skip_te_disable+0x0/0x80 @ 1
[    2.010731] pci 0000:00:1f.0: quirk_igfx_skip_te_disable+0x0/0x80 took 0 usecs
[    2.014384] pci 0000:00:1f.2: [8086:2922] type 00 class 0x010601
[    2.026703] pci 0000:00:1f.2: reg 0x20: [io  0xc040-0xc05f]
[    2.029111] pci 0000:00:1f.2: reg 0x24: [mem 0xfebf1000-0xfebf1fff]
[    2.031591] pci 0000:00:1f.2: calling  quirk_igfx_skip_te_disable+0x0/0x80 @ 1
[    2.032686] pci 0000:00:1f.2: quirk_igfx_skip_te_disable+0x0/0x80 took 0 usecs
[    2.038772] pci 0000:00:1f.3: [8086:2930] type 00 class 0x0c0500
[    2.045067] pci 0000:00:1f.3: reg 0x20: [io  0x0700-0x073f]
[    2.048691] pci 0000:00:1f.3: calling  quirk_igfx_skip_te_disable+0x0/0x80 @ 1
[    2.049687] pci 0000:00:1f.3: quirk_igfx_skip_te_disable+0x0/0x80 took 0 usecs
[    2.052727] pci_bus 0000:00: on NUMA node 0
[    2.058477] ACPI: PCI Interrupt Link [LNKA] (IRQs 5 *10 11)
[    2.059159] ACPI: PCI Interrupt Link [LNKB] (IRQs 5 *10 11)
[    2.061071] ACPI: PCI Interrupt Link [LNKC] (IRQs 5 10 *11)
[    2.062100] ACPI: PCI Interrupt Link [LNKD] (IRQs 5 10 *11)
[    2.063952] ACPI: PCI Interrupt Link [LNKE] (IRQs 5 *10 11)
[    2.065153] ACPI: PCI Interrupt Link [LNKF] (IRQs 5 *10 11)
[    2.066199] ACPI: PCI Interrupt Link [LNKG] (IRQs 5 10 *11)
[    2.068063] ACPI: PCI Interrupt Link [LNKH] (IRQs 5 10 *11)
[    2.069686] ACPI: PCI Interrupt Link [GSIA] (IRQs *16)
[    2.071175] ACPI: PCI Interrupt Link [GSIB] (IRQs *17)
[    2.071689] ACPI: PCI Interrupt Link [GSIC] (IRQs *18)
[    2.073679] ACPI: PCI Interrupt Link [GSID] (IRQs *19)
[    2.074688] ACPI: PCI Interrupt Link [GSIE] (IRQs *20)
[    2.076750] ACPI: PCI Interrupt Link [GSIF] (IRQs *21)
[    2.077690] ACPI: PCI Interrupt Link [GSIG] (IRQs *22)
[    2.078693] ACPI: PCI Interrupt Link [GSIH] (IRQs *23)
[    2.099671] initcall acpi_init+0x0/0x316 returned 0 after 204101 usecs
[    2.102063] calling  pnp_init+0x0/0xc @ 1
[    2.102889] initcall pnp_init+0x0/0xc returned 0 after 0 usecs
[    2.103681] calling  misc_init+0x0/0xbf @ 1
[    2.107679] initcall misc_init+0x0/0xbf returned 0 after 2929 usecs
[    2.108893] calling  iommu_subsys_init+0x0/0x4e @ 1
[    2.111477] iommu: Default domain type: Translated 
[    2.111684] initcall iommu_subsys_init+0x0/0x4e returned 0 after 1953 usecs
[    2.112682] calling  vga_arb_device_init+0x0/0x26c @ 1
[    2.126163] pci 0000:00:01.0: vgaarb: setting as boot VGA device
[    2.126671] pci 0000:00:01.0: vgaarb: VGA device added: decodes=io+mem,owns=io+mem,locks=none
[    2.126678] pci 0000:00:01.0: vgaarb: bridge control possible
[    2.127675] vgaarb: loaded
[    2.128680] initcall vga_arb_device_init+0x0/0x26c returned 0 after 14648 usecs
[    2.130671] calling  cn_init+0x0/0xf0 @ 1
[    2.135521] initcall cn_init+0x0/0xf0 returned 0 after 2929 usecs
[    2.135681] calling  dma_buf_init+0x0/0xad @ 1
[    2.142884] initcall dma_buf_init+0x0/0xad returned 0 after 4882 usecs
[    2.143684] calling  init_scsi+0x0/0x79 @ 1
[    2.148679] SCSI subsystem initialized
[    2.149739] initcall init_scsi+0x0/0x79 returned 0 after 4882 usecs
[    2.150834] calling  ata_init+0x0/0x332 @ 1
[    2.167566] libata version 3.00 loaded.
[    2.168680] initcall ata_init+0x0/0x332 returned 0 after 15625 usecs
[    2.169680] calling  phy_init+0x0/0x250 @ 1
[    2.172829] initcall phy_init+0x0/0x250 returned 0 after 1953 usecs
[    2.173680] calling  init_pcmcia_cs+0x0/0x35 @ 1
[    2.176044] initcall init_pcmcia_cs+0x0/0x35 returned 0 after 976 usecs
[    2.177679] calling  usb_common_init+0x0/0x1c @ 1
[    2.178911] initcall usb_common_init+0x0/0x1c returned 0 after 0 usecs
[    2.179679] calling  usb_init+0x0/0x12e @ 1
[    2.181752] ACPI: bus type USB registered
[    2.186188] usbcore: registered new interface driver usbfs
[    2.187691] usbcore: registered new interface driver hub
[    2.189772] usbcore: registered new device driver usb
[    2.190682] initcall usb_init+0x0/0x12e returned 0 after 9765 usecs
[    2.191679] calling  serio_init+0x0/0x29 @ 1
[    2.193007] initcall serio_init+0x0/0x29 returned 0 after 0 usecs
[    2.193681] calling  input_init+0x0/0xf6 @ 1
[    2.195046] initcall input_init+0x0/0xf6 returned 0 after 0 usecs
[    2.195678] calling  rtc_init+0x0/0x4d @ 1
[    2.196920] initcall rtc_init+0x0/0x4d returned 0 after 0 usecs
[    2.197678] calling  pps_init+0x0/0xa9 @ 1
[    2.198733] pps_core: LinuxPPS API ver. 1 registered
[    2.199674] pps_core: Software ver. 5.3.6 - Copyright 2005-2007 Rodolfo Giometti <giometti@linux.it>
[    2.200680] initcall pps_init+0x0/0xa9 returned 0 after 1953 usecs
[    2.201680] calling  ptp_init+0x0/0x98 @ 1
[    2.202688] PTP clock support registered
[    2.203679] initcall ptp_init+0x0/0x98 returned 0 after 976 usecs
[    2.204679] calling  power_supply_class_init+0x0/0x3f @ 1
[    2.206481] initcall power_supply_class_init+0x0/0x3f returned 0 after 0 usecs
[    2.206679] calling  hwmon_init+0x0/0x104 @ 1
[    2.208827] initcall hwmon_init+0x0/0x104 returned 0 after 976 usecs
[    2.209678] calling  md_init+0x0/0x16b @ 1
[    2.215463] initcall md_init+0x0/0x16b returned 0 after 3906 usecs
[    2.215680] calling  leds_init+0x0/0x3b @ 1
[    2.217263] initcall leds_init+0x0/0x3b returned 0 after 0 usecs
[    2.217678] calling  dmi_init+0x0/0x113 @ 1
[    2.221680] initcall dmi_init+0x0/0x113 returned 0 after 2929 usecs
[    2.222679] calling  efisubsys_init+0x0/0x4e6 @ 1
[    2.223717] initcall efisubsys_init+0x0/0x4e6 returned 0 after 0 usecs
[    2.224678] calling  nvmem_init+0x0/0xc @ 1
[    2.226980] initcall nvmem_init+0x0/0xc returned 0 after 976 usecs
[    2.227678] calling  init_soundcore+0x0/0x33 @ 1
[    2.228691] initcall init_soundcore+0x0/0x33 returned 0 after 0 usecs
[    2.229681] calling  alsa_sound_init+0x0/0x8f @ 1
[    2.231772] Advanced Linux Sound Architecture Driver Initialized.
[    2.232682] initcall alsa_sound_init+0x0/0x8f returned 0 after 1953 usecs
[    2.233800] calling  alsa_seq_device_init+0x0/0x71 @ 1
[    2.235432] initcall alsa_seq_device_init+0x0/0x71 returned 0 after 0 usecs
[    2.235681] calling  hda_bus_init+0x0/0xc @ 1
[    2.238021] initcall hda_bus_init+0x0/0xc returned 0 after 0 usecs
[    2.238733] calling  proto_init+0x0/0xc @ 1
[    2.240976] initcall proto_init+0x0/0xc returned 0 after 976 usecs
[    2.241685] calling  net_dev_init+0x0/0x1cc @ 1
[    2.260682] initcall net_dev_init+0x0/0x1cc returned 0 after 16601 usecs
[    2.262683] calling  neigh_init+0x0/0x84 @ 1
[    2.263685] initcall neigh_init+0x0/0x84 returned 0 after 0 usecs
[    2.264679] calling  fib_notifier_init+0x0/0xc @ 1
[    2.266678] initcall fib_notifier_init+0x0/0xc returned 0 after 976 usecs
[    2.268681] calling  fib_rules_init+0x0/0xab @ 1
[    2.270677] initcall fib_rules_init+0x0/0xab returned 0 after 976 usecs
[    2.271680] calling  pktsched_init+0x0/0x10e @ 1
[    2.274328] initcall pktsched_init+0x0/0x10e returned 0 after 976 usecs
[    2.274678] calling  tc_filter_init+0x0/0xfa @ 1
[    2.276679] initcall tc_filter_init+0x0/0xfa returned 0 after 976 usecs
[    2.277679] calling  tc_action_init+0x0/0x54 @ 1
[    2.278682] initcall tc_action_init+0x0/0x54 returned 0 after 0 usecs
[    2.279679] calling  ethnl_init+0x0/0x52 @ 1
[    2.282945] initcall ethnl_init+0x0/0x52 returned 0 after 1953 usecs
[    2.283707] calling  nexthop_init+0x0/0xd8 @ 1
[    2.287347] initcall nexthop_init+0x0/0xd8 returned 0 after 976 usecs
[    2.287842] calling  cipso_v4_init+0x0/0x5a @ 1
[    2.289992] initcall cipso_v4_init+0x0/0x5a returned 0 after 0 usecs
[    2.290680] calling  ieee80211_init+0x0/0x24 @ 1
[    2.292679] initcall ieee80211_init+0x0/0x24 returned 0 after 976 usecs
[    2.293678] calling  netlbl_init+0x0/0x78 @ 1
[    2.294885] NetLabel: Initializing
[    2.295674] NetLabel:  domain hash size = 128
[    2.296674] NetLabel:  protocols = UNLABELED CIPSOv4 CALIPSO
[    2.300378] NetLabel:  unlabeled traffic allowed by default
[    2.300680] initcall netlbl_init+0x0/0x78 returned 0 after 5859 usecs
[    2.301680] calling  rfkill_init+0x0/0x111 @ 1
[    2.302935] initcall rfkill_init+0x0/0x111 returned 0 after 0 usecs
[    2.303678] calling  pci_subsys_init+0x0/0x66 @ 1
[    2.304739] PCI: Using ACPI for IRQ routing
[    3.069474] PCI: pci_cache_line_size set to 64 bytes
[    3.071557] e820: reserve RAM buffer [mem 0x0009fc00-0x0009ffff]
[    3.071812] e820: reserve RAM buffer [mem 0x1ffdf000-0x1fffffff]
[    3.073854] initcall pci_subsys_init+0x0/0x66 returned 0 after 750976 usecs
[    3.083011] calling  nmi_warning_debugfs+0x0/0x26 @ 1
[    3.085315] initcall nmi_warning_debugfs+0x0/0x26 returned 0 after 976 usecs
[    3.085681] calling  save_microcode_in_initrd+0x0/0x51 @ 1
[    3.087679] initcall save_microcode_in_initrd+0x0/0x51 returned 0 after 976 usecs
[    3.089063] calling  hpet_late_init+0x0/0x1f6 @ 1
[    3.090803] hpet: 3 channels of 0 reserved for per-cpu timers
[    3.091858] hpet0: at MMIO 0xfed00000, IRQs 2, 8, 0
[    3.092676] hpet0: 3 comparators, 64-bit 100.000000 MHz counter
[    3.096682] initcall hpet_late_init+0x0/0x1f6 returned 0 after 6835 usecs
[    3.097682] calling  init_amd_nbs+0x0/0x11c @ 1
[    3.098971] initcall init_amd_nbs+0x0/0x11c returned 0 after 0 usecs
[    3.099698] calling  clocksource_done_booting+0x0/0x41 @ 1
[    3.103805] clocksource: Switched to clocksource kvm-clock
[    3.118527] initcall clocksource_done_booting+0x0/0x41 returned 0 after 15043 usecs
[    3.127739] calling  tracer_init_tracefs+0x0/0x1fb @ 1
[    3.373293] initcall tracer_init_tracefs+0x0/0x1fb returned 0 after 233695 usecs
[    3.382469] calling  init_trace_printk_function_export+0x0/0x2c @ 1
[    3.389891] initcall init_trace_printk_function_export+0x0/0x2c returned 0 after 8 usecs
[    3.399465] calling  init_kprobe_trace+0x0/0x1a9 @ 1
[    3.405263] initcall init_kprobe_trace+0x0/0x1a9 returned 0 after 21 usecs
[    3.413392] calling  init_dynamic_event+0x0/0x3d @ 1
[    3.419494] initcall init_dynamic_event+0x0/0x3d returned 0 after 191 usecs
[    3.427719] calling  init_uprobe_trace+0x0/0x5c @ 1
[    3.433692] initcall init_uprobe_trace+0x0/0x5c returned 0 after 49 usecs
[    3.441531] calling  init_pipe_fs+0x0/0x44 @ 1
[    3.447100] initcall init_pipe_fs+0x0/0x44 returned 0 after 230 usecs
[    3.454640] calling  inotify_user_setup+0x0/0x47 @ 1
[    3.460621] initcall inotify_user_setup+0x0/0x47 returned 0 after 105 usecs
[    3.468816] calling  eventpoll_init+0x0/0xcc @ 1
[    3.474361] initcall eventpoll_init+0x0/0xcc returned 0 after 132 usecs
[    3.482156] calling  anon_inode_init+0x0/0x58 @ 1
[    3.488016] initcall anon_inode_init+0x0/0x58 returned 0 after 216 usecs
[    3.495899] calling  proc_locks_init+0x0/0x27 @ 1
[    3.501872] initcall proc_locks_init+0x0/0x27 returned 0 after 250 usecs
[    3.509981] calling  iomap_init+0x0/0x1b @ 1
[    3.517223] initcall iomap_init+0x0/0x1b returned 0 after 1989 usecs
[    3.524908] calling  dquot_init+0x0/0xd7 @ 1
[    3.530098] VFS: Disk quotas dquot_6.6.0
[    3.535245] VFS: Dquot-cache hash table entries: 512 (order 0, 4096 bytes)
[    3.543624] initcall dquot_init+0x0/0xd7 returned 0 after 13206 usecs
[    3.551411] calling  quota_init+0x0/0x23 @ 1
[    3.557276] initcall quota_init+0x0/0x23 returned 0 after 593 usecs
[    3.564864] calling  proc_cmdline_init+0x0/0x21 @ 1
[    3.570845] initcall proc_cmdline_init+0x0/0x21 returned 0 after 28 usecs
[    3.579021] calling  proc_consoles_init+0x0/0x24 @ 1
[    3.585155] initcall proc_consoles_init+0x0/0x24 returned 0 after 55 usecs
[    3.593512] calling  proc_cpuinfo_init+0x0/0x1e @ 1
[    3.599404] initcall proc_cpuinfo_init+0x0/0x1e returned 0 after 3 usecs
[    3.608411] calling  proc_devices_init+0x0/0x24 @ 1
[    3.616232] initcall proc_devices_init+0x0/0x24 returned 0 after 84 usecs
[    3.625063] calling  proc_interrupts_init+0x0/0x24 @ 1
[    3.632569] initcall proc_interrupts_init+0x0/0x24 returned 0 after 3 usecs
[    3.641316] calling  proc_loadavg_init+0x0/0x21 @ 1
[    3.647413] initcall proc_loadavg_init+0x0/0x21 returned 0 after 4 usecs
[    3.655308] calling  proc_meminfo_init+0x0/0x21 @ 1
[    3.661168] initcall proc_meminfo_init+0x0/0x21 returned 0 after 3 usecs
[    3.669125] calling  proc_stat_init+0x0/0x1e @ 1
[    3.674735] initcall proc_stat_init+0x0/0x1e returned 0 after 3 usecs
[    3.682385] calling  proc_uptime_init+0x0/0x21 @ 1
[    3.688446] initcall proc_uptime_init+0x0/0x21 returned 0 after 5 usecs
[    3.696732] calling  proc_version_init+0x0/0x21 @ 1
[    3.702688] initcall proc_version_init+0x0/0x21 returned 0 after 4 usecs
[    3.710777] calling  proc_softirqs_init+0x0/0x21 @ 1
[    3.717026] initcall proc_softirqs_init+0x0/0x21 returned 0 after 28 usecs
[    3.725300] calling  proc_kcore_init+0x0/0xea @ 1
[    3.731465] initcall proc_kcore_init+0x0/0xea returned 0 after 327 usecs
[    3.739590] calling  vmcore_init+0x0/0x578 @ 1
[    3.744935] initcall vmcore_init+0x0/0x578 returned 0 after 0 usecs
[    3.752666] calling  proc_kmsg_init+0x0/0x21 @ 1
[    3.758481] initcall proc_kmsg_init+0x0/0x21 returned 0 after 5 usecs
[    3.766243] calling  proc_page_init+0x0/0x3b @ 1
[    3.772141] initcall proc_page_init+0x0/0x3b returned 0 after 5 usecs
[    3.780113] calling  init_ramfs_fs+0x0/0xc @ 1
[    3.785637] initcall init_ramfs_fs+0x0/0xc returned 0 after 30 usecs
[    3.793487] calling  init_hugetlbfs_fs+0x0/0xf6 @ 1
[    3.799858] initcall init_hugetlbfs_fs+0x0/0xf6 returned 0 after 384 usecs
[    3.808355] calling  blk_scsi_ioctl_init+0x0/0x2a5 @ 1
[    3.814895] initcall blk_scsi_ioctl_init+0x0/0x2a5 returned 0 after 29 usecs
[    3.823591] calling  acpi_event_init+0x0/0x2c @ 1
[    3.829607] initcall acpi_event_init+0x0/0x2c returned 0 after 112 usecs
[    3.837991] calling  pnp_system_init+0x0/0xc @ 1
[    3.844519] initcall pnp_system_init+0x0/0xc returned 0 after 654 usecs
[    3.852760] calling  pnpacpi_init+0x0/0x69 @ 1
[    3.858487] pnp: PnP ACPI init
[    3.867534] pnp 00:00: Plug and Play ACPI device, IDs PNP0303 (active)
[    3.875523] pnp 00:01: Plug and Play ACPI device, IDs PNP0f13 (active)
[    3.883284] pnp 00:02: Plug and Play ACPI device, IDs PNP0400 (active)
[    3.891117] pnp 00:03: Plug and Play ACPI device, IDs PNP0501 (active)
[    3.898872] pnp 00:04: Plug and Play ACPI device, IDs PNP0b00 (active)
[    3.908231] system 00:05: [mem 0xb0000000-0xbfffffff window] has been reserved
[    3.917026] system 00:05: Plug and Play ACPI device, IDs PNP0c01 (active)
[    3.927073] pnp: PnP ACPI: found 6 devices
[    3.932276] initcall pnpacpi_init+0x0/0x69 returned 0 after 72100 usecs
[    3.940511] calling  chr_dev_init+0x0/0x14d @ 1
[    3.957396] initcall chr_dev_init+0x0/0x14d returned 0 after 11029 usecs
[    3.965254] calling  firmware_class_init+0x0/0xde @ 1
[    3.971282] initcall firmware_class_init+0x0/0xde returned 0 after 73 usecs
[    3.979593] calling  init_pcmcia_bus+0x0/0x5b @ 1
[    3.985504] initcall init_pcmcia_bus+0x0/0x5b returned 0 after 342 usecs
[    3.993217] calling  init_acpi_pm_clocksource+0x0/0xda @ 1
[    4.005020] clocksource: acpi_pm: mask: 0xffffff max_cycles: 0xffffff, max_idle_ns: 2085701024 ns
[    4.015226] initcall init_acpi_pm_clocksource+0x0/0xda returned 0 after 15282 usecs
[    4.024041] calling  sysctl_core_init+0x0/0x26 @ 1
[    4.029940] initcall sysctl_core_init+0x0/0x26 returned 0 after 251 usecs
[    4.037757] calling  eth_offload_init+0x0/0x13 @ 1
[    4.043353] initcall eth_offload_init+0x0/0x13 returned 0 after 23 usecs
[    4.051124] calling  ipv4_offload_init+0x0/0x73 @ 1
[    4.056875] initcall ipv4_offload_init+0x0/0x73 returned 0 after 70 usecs
[    4.064735] calling  inet_init+0x0/0x276 @ 1
[    4.069867] NET: Registered protocol family 2
[    4.076426] IP idents hash table entries: 8192 (order: 4, 65536 bytes, linear)
[    4.087855] tcp_listen_portaddr_hash hash table entries: 256 (order: 0, 4096 bytes, linear)
[    4.097863] TCP established hash table entries: 4096 (order: 3, 32768 bytes, linear)
[    4.107335] TCP bind hash table entries: 4096 (order: 3, 32768 bytes, linear)
[    4.116055] TCP: Hash tables configured (established 4096 bind 4096)
[    4.125829] UDP hash table entries: 256 (order: 1, 8192 bytes, linear)
[    4.133404] UDP-Lite hash table entries: 256 (order: 1, 8192 bytes, linear)
[    4.141615] initcall inet_init+0x0/0x276 returned 0 after 70185 usecs
[    4.149073] calling  af_unix_init+0x0/0x4d @ 1
[    4.154167] NET: Registered protocol family 1
[    4.159282] initcall af_unix_init+0x0/0x4d returned 0 after 4996 usecs
[    4.166657] calling  ipv6_offload_init+0x0/0x7e @ 1
[    4.172552] initcall ipv6_offload_init+0x0/0x7e returned 0 after 146 usecs
[    4.180392] calling  init_sunrpc+0x0/0x65 @ 1
[    4.191617] RPC: Registered named UNIX socket transport module.
[    4.198301] RPC: Registered udp transport module.
[    4.203599] RPC: Registered tcp transport module.
[    4.208881] RPC: Registered tcp NFSv4.1 backchannel transport module.
[    4.215976] initcall init_sunrpc+0x0/0x65 returned 0 after 29800 usecs
[    4.223256] calling  cfg80211_init+0x0/0xc5 @ 1
[    4.229662] initcall cfg80211_init+0x0/0xc5 returned 0 after 1244 usecs
[    4.237122] calling  pcibios_assign_resources+0x0/0xb4 @ 1
[    4.243684] pci_bus 0000:00: resource 4 [io  0x0000-0x0cf7 window]
[    4.250684] pci_bus 0000:00: resource 5 [io  0x0d00-0xffff window]
[    4.257594] pci_bus 0000:00: resource 6 [mem 0x000a0000-0x000bffff window]
[    4.265215] pci_bus 0000:00: resource 7 [mem 0x20000000-0xafffffff window]
[    4.272923] pci_bus 0000:00: resource 8 [mem 0xc0000000-0xfebfffff window]
[    4.280516] pci_bus 0000:00: resource 9 [mem 0x100000000-0x8ffffffff window]
[    4.288460] initcall pcibios_assign_resources+0x0/0xb4 returned 0 after 44067 usecs
[    4.298608] calling  pci_apply_final_quirks+0x0/0x124 @ 1
[    4.305072] pci 0000:00:01.0: calling  pci_fixup_video+0x0/0xe0 @ 1
[    4.313081] pci 0000:00:01.0: Video device with shadowed ROM at [mem 0x000c0000-0x000dffff]
[    4.323017] pci 0000:00:01.0: pci_fixup_video+0x0/0xe0 took 9994 usecs
[    4.332525] PCI: CLS 0 bytes, default 64
[    4.338107] initcall pci_apply_final_quirks+0x0/0x124 returned 0 after 32565 usecs
[    4.348753] calling  acpi_reserve_resources+0x0/0xea @ 1
[    4.355788] initcall acpi_reserve_resources+0x0/0xea returned 0 after 100 usecs
[    4.363975] calling  populate_rootfs+0x0/0x102 @ 1
[    4.370955] initcall populate_rootfs+0x0/0x102 returned 0 after 1459 usecs
[    4.378800] calling  pci_iommu_init+0x0/0x3e @ 1
[    4.384112] initcall pci_iommu_init+0x0/0x3e returned 0 after 114 usecs
[    4.392237] calling  ia32_binfmt_init+0x0/0x13 @ 1
[    4.397682] initcall ia32_binfmt_init+0x0/0x13 returned 0 after 15 usecs
[    4.405127] calling  rapl_pmu_init+0x0/0x25f @ 1
[    4.410402] initcall rapl_pmu_init+0x0/0x25f returned -19 after 40 usecs
[    4.417860] calling  amd_uncore_init+0x0/0x310 @ 1
[    4.423288] initcall amd_uncore_init+0x0/0x310 returned -19 after 0 usecs
[    4.430892] calling  amd_ibs_init+0x0/0x24b @ 1
[    4.436097] initcall amd_ibs_init+0x0/0x24b returned -19 after 0 usecs
[    4.443537] calling  amd_iommu_pc_init+0x0/0x20c @ 1
[    4.449316] initcall amd_iommu_pc_init+0x0/0x20c returned -19 after 55 usecs
[    4.457414] calling  msr_init+0x0/0x55 @ 1
[    4.462450] initcall msr_init+0x0/0x55 returned 0 after 152 usecs
[    4.469426] calling  intel_uncore_init+0x0/0x31e @ 1
[    4.475210] initcall intel_uncore_init+0x0/0x31e returned -19 after 32 usecs
[    4.483270] calling  cstate_pmu_init+0x0/0x181 @ 1
[    4.488787] initcall cstate_pmu_init+0x0/0x181 returned -19 after 0 usecs
[    4.496505] calling  register_kernel_offset_dumper+0x0/0x1a @ 1
[    4.503282] initcall register_kernel_offset_dumper+0x0/0x1a returned 0 after 14 usecs
[    4.512122] calling  i8259A_init_ops+0x0/0x20 @ 1
[    4.517560] initcall i8259A_init_ops+0x0/0x20 returned 0 after 1 usecs
[    4.525111] calling  init_tsc_clocksource+0x0/0xa4 @ 1
[    4.531056] clocksource: tsc: mask: 0xffffffffffffffff max_cycles: 0x39a85afc727, max_idle_ns: 881590685098 ns
[    4.542497] initcall init_tsc_clocksource+0x0/0xa4 returned 0 after 11155 usecs
[    4.551021] calling  add_rtc_cmos+0x0/0xb0 @ 1
[    4.556225] initcall add_rtc_cmos+0x0/0xb0 returned 0 after 2 usecs
[    4.563571] calling  i8237A_init_ops+0x0/0x3a @ 1
[    4.569207] initcall i8237A_init_ops+0x0/0x3a returned 0 after 93 usecs
[    4.576972] calling  umwait_init+0x0/0x94 @ 1
[    4.582072] initcall umwait_init+0x0/0x94 returned -19 after 23 usecs
[    4.589482] calling  thermal_throttle_init_device+0x0/0x3d @ 1
[    4.596607] initcall thermal_throttle_init_device+0x0/0x3d returned 0 after 23 usecs
[    4.605464] calling  msr_init+0x0/0xd7 @ 1
[    4.610405] initcall msr_init+0x0/0xd7 returned 0 after 135 usecs
[    4.617351] calling  cpuid_init+0x0/0xd7 @ 1
[    4.622513] initcall cpuid_init+0x0/0xd7 returned 0 after 198 usecs
[    4.629661] calling  ioapic_init_ops+0x0/0x13 @ 1
[    4.635093] initcall ioapic_init_ops+0x0/0x13 returned 0 after 24 usecs
[    4.642905] calling  add_pcspkr+0x0/0x6c @ 1
[    4.651693] initcall add_pcspkr+0x0/0x6c returned 0 after 64 usecs
[    4.660498] calling  start_periodic_check_for_corruption+0x0/0x30 @ 1
[    4.667861] check: Scanning for low memory corruption every 60 seconds
[    4.675501] initcall start_periodic_check_for_corruption+0x0/0x30 returned 0 after 7491 usecs
[    4.684975] calling  sysfb_init+0x0/0x9c @ 1
[    4.689970] initcall sysfb_init+0x0/0x9c returned 0 after 76 usecs
[    4.697296] calling  audit_classes_init+0x0/0xae @ 1
[    4.703100] initcall audit_classes_init+0x0/0xae returned 0 after 73 usecs
[    4.710938] calling  iosf_mbi_init+0x0/0x24 @ 1
[    4.716493] initcall iosf_mbi_init+0x0/0x24 returned 0 after 300 usecs
[    4.724044] calling  proc_execdomains_init+0x0/0x21 @ 1
[    4.730441] initcall proc_execdomains_init+0x0/0x21 returned 0 after 43 usecs
[    4.738908] calling  register_warn_debugfs+0x0/0x23 @ 1
[    4.744931] initcall register_warn_debugfs+0x0/0x23 returned 0 after 8 usecs
[    4.755048] calling  ioresources_init+0x0/0x49 @ 1
[    4.760528] initcall ioresources_init+0x0/0x49 returned 0 after 6 usecs
[    4.767915] calling  snapshot_device_init+0x0/0xc @ 1
[    4.774384] initcall snapshot_device_init+0x0/0xc returned 0 after 834 usecs
[    4.782301] calling  irq_pm_init_ops+0x0/0x13 @ 1
[    4.788516] initcall irq_pm_init_ops+0x0/0x13 returned 0 after 18 usecs
[    4.796424] calling  rcu_torture_init+0x0/0x89f @ 1
[    4.801851] srcu-torture:--- Start of test: nreaders=1 nfakewriters=4 stat_interval=15 verbose=1 test_no_idle_hz=1 shuffle_interval=3 stutter=5 irqreader=1 fqs_duration=0 fqs_holdoff=0 fqs_stutter=3 test_boost=1/0 test_boost_interval=7 test_boost_duration=4 shutdown_secs=1800 stall_cpu=0 stall_cpu_holdoff=10 stall_cpu_irqsoff=0 stall_cpu_block=0 n_barrier_cbs=4 onoff_interval=0 onoff_holdoff=0 read_exit_delay=13 read_exit_burst=16
[    4.848002] srcu:  Start-test grace-period state: g0 f0x0
[    4.855184] srcu-torture: Creating rcu_torture_writer task
[    4.861562] srcu-torture: Creating rcu_torture_fakewriter task
[    4.868304] srcu-torture: rcu_torture_writer task started
[    4.874452] srcu-torture: GP expediting controlled from boot/sysfs for srcu.
[    4.882138] rcu_torture_writer: Testing expedited GPs.
[    4.887908] rcu_torture_writer: Testing asynchronous GPs.
[    4.893935] rcu_torture_writer: Testing normal GPs.
[    4.899408] srcu-torture: Creating rcu_torture_fakewriter task
[    4.906069] srcu-torture: rcu_torture_fakewriter task started
[    4.912424] srcu-torture: Creating rcu_torture_fakewriter task
[    4.919188] srcu-torture: rcu_torture_fakewriter task started
[    4.928811] srcu-torture: Creating rcu_torture_fakewriter task
[    4.935544] srcu-torture: rcu_torture_fakewriter task started
[    4.942991] srcu-torture: Creating rcu_torture_reader task
[    4.949509] srcu-torture: rcu_torture_fakewriter task started
[    4.957146] srcu-torture: Creating rcu_torture_stats task
[    4.963542] srcu-torture: rcu_torture_reader task started
[    4.972060] srcu-torture: Creating torture_shuffle task
[    4.979506] srcu-torture: rcu_torture_stats task started
[    4.987096] srcu-torture: Creating torture_stutter task
[    4.992975] srcu-torture: torture_shuffle task started
[    4.999980] srcu-torture: Creating torture_shutdown task
[    5.006030] srcu-torture: torture_stutter task started
[    5.012667] srcu-torture: rcu_torture_fwd_prog_init: Disabled, unsupported by RCU flavor under test
[    5.022867] srcu-torture: Creating rcu_torture_barrier_cbs task
[    5.029597] srcu-torture: torture_shutdown task started
[    5.035555] srcu-torture:torture_shutdown task: 1799964 ms remaining
[    5.042969] srcu-torture: Creating rcu_torture_barrier_cbs task
[    5.049617] srcu-torture: rcu_torture_barrier_cbs task started
[    5.056603] srcu-torture: Creating rcu_torture_barrier_cbs task
[    5.063377] srcu-torture: rcu_torture_barrier_cbs task started
[    5.070211] srcu-torture: Creating rcu_torture_barrier_cbs task
[    5.076972] srcu-torture: rcu_torture_barrier_cbs task started
[    5.083931] srcu-torture: Creating rcu_torture_barrier task
[    5.090405] srcu-torture: rcu_torture_barrier_cbs task started
[    5.097529] srcu-torture: Creating rcu_torture_read_exit task
[    5.104420] srcu-torture: rcu_torture_barrier task starting
[    5.114487] initcall rcu_torture_init+0x0/0x89f returned 0 after 305342 usecs
[    5.122912] calling  timekeeping_init_ops+0x0/0x13 @ 1
[    5.129064] initcall timekeeping_init_ops+0x0/0x13 returned 0 after 1 usecs
[    5.137233] calling  init_clocksource_sysfs+0x0/0x23 @ 1
[    5.143672] initcall init_clocksource_sysfs+0x0/0x23 returned 0 after 75 usecs
[    5.152165] calling  init_timer_list_procfs+0x0/0x31 @ 1
[    5.158544] initcall init_timer_list_procfs+0x0/0x31 returned 0 after 4 usecs
[    5.166962] calling  alarmtimer_init+0x0/0xb5 @ 1
[    5.172794] initcall alarmtimer_init+0x0/0xb5 returned 0 after 218 usecs
[    5.180782] calling  init_posix_timers+0x0/0x29 @ 1
[    5.186604] initcall init_posix_timers+0x0/0x29 returned 0 after 9 usecs
[    5.194560] calling  clockevents_init_sysfs+0x0/0x8b @ 1
[    5.201042] initcall clockevents_init_sysfs+0x0/0x8b returned 0 after 79 usecs
[    5.209557] calling  proc_dma_init+0x0/0x21 @ 1
[    5.215172] initcall proc_dma_init+0x0/0x21 returned 0 after 17 usecs
[    5.222859] calling  proc_modules_init+0x0/0x1e @ 1
[    5.228678] initcall proc_modules_init+0x0/0x1e returned 0 after 4 usecs
[    5.236528] calling  kallsyms_init+0x0/0x21 @ 1
[    5.242044] initcall kallsyms_init+0x0/0x21 returned 0 after 4 usecs
[    5.249489] calling  pid_namespaces_init+0x0/0x2c @ 1
[    5.255512] initcall pid_namespaces_init+0x0/0x2c returned 0 after 30 usecs
[    5.263779] calling  audit_watch_init+0x0/0x37 @ 1
[    5.269506] initcall audit_watch_init+0x0/0x37 returned 0 after 14 usecs
[    5.277367] calling  audit_fsnotify_init+0x0/0x37 @ 1
[    5.283285] initcall audit_fsnotify_init+0x0/0x37 returned 0 after 1 usecs
[    5.291389] calling  audit_tree_init+0x0/0x6d @ 1
[    5.296913] initcall audit_tree_init+0x0/0x6d returned 0 after 5 usecs
[    5.304781] calling  seccomp_sysctl_init+0x0/0x2b @ 1
[    5.310865] initcall seccomp_sysctl_init+0x0/0x2b returned 0 after 40 usecs
[    5.320616] calling  utsname_sysctl_init+0x0/0x13 @ 1
[    5.326751] initcall utsname_sysctl_init+0x0/0x13 returned 0 after 8 usecs
[    5.334626] calling  init_tracepoints+0x0/0x27 @ 1
[    5.340034] initcall init_tracepoints+0x0/0x27 returned 0 after 1 usecs
[    5.347667] calling  init_blk_tracer+0x0/0x50 @ 1
[    5.354010] initcall init_blk_tracer+0x0/0x50 returned 0 after 29 usecs
[    5.363214] calling  perf_event_sysfs_init+0x0/0x81 @ 1
[    5.371017] initcall perf_event_sysfs_init+0x0/0x81 returned 0 after 399 usecs
[    5.380648] calling  system_trusted_keyring_init+0x0/0x5f @ 1
[    5.387151] Initialise system trusted keyrings
[    5.392298] initcall system_trusted_keyring_init+0x0/0x5f returned 0 after 5023 usecs
[    5.401091] calling  kswapd_init+0x0/0x13 @ 1
[    5.406023] srcu-torture: rcu_torture_read_exit: Start of test
[    5.413080] initcall kswapd_init+0x0/0x13 returned 0 after 6897 usecs
[    5.420491] calling  extfrag_debug_init+0x0/0x54 @ 1
[    5.426259] initcall extfrag_debug_init+0x0/0x54 returned 0 after 10 usecs
[    5.434002] calling  slab_proc_init+0x0/0x21 @ 1
[    5.439401] initcall slab_proc_init+0x0/0x21 returned 0 after 28 usecs
[    5.446844] calling  workingset_init+0x0/0x8c @ 1
[    5.452247] workingset: timestamp_bits=62 max_order=17 bucket_order=0
[    5.459528] initcall workingset_init+0x0/0x8c returned 0 after 7169 usecs
[    5.467252] calling  proc_vmalloc_init+0x0/0x27 @ 1
[    5.472892] initcall proc_vmalloc_init+0x0/0x27 returned 0 after 4 usecs
[    5.480443] calling  procswaps_init+0x0/0x1e @ 1
[    5.485777] initcall procswaps_init+0x0/0x1e returned 0 after 16 usecs
[    5.493306] calling  slab_sysfs_init+0x0/0xea @ 1
[    5.501465] initcall slab_sysfs_init+0x0/0xea returned 0 after 2584 usecs
[    5.509242] calling  fcntl_init+0x0/0x29 @ 1
[    5.514171] initcall fcntl_init+0x0/0x29 returned 0 after 10 usecs
[    5.521255] calling  proc_filesystems_init+0x0/0x21 @ 1
[    5.528983] initcall proc_filesystems_init+0x0/0x21 returned 0 after 4 usecs
[    5.537484] calling  start_dirtytime_writeback+0x0/0x29 @ 1
[    5.544251] initcall start_dirtytime_writeback+0x0/0x29 returned 0 after 1 usecs
[    5.553190] calling  blkdev_init+0x0/0x1b @ 1
[    5.558605] initcall blkdev_init+0x0/0x1b returned 0 after 16 usecs
[    5.566236] calling  dio_init+0x0/0x2c @ 1
[    5.571257] initcall dio_init+0x0/0x2c returned 0 after 48 usecs
[    5.578464] calling  dnotify_init+0x0/0x78 @ 1
[    5.583838] initcall dnotify_init+0x0/0x78 returned 0 after 17 usecs
[    5.591451] calling  aio_setup+0x0/0x78 @ 1
[    5.596687] initcall aio_setup+0x0/0x78 returned 0 after 187 usecs
[    5.604171] calling  io_uring_init+0x0/0x2c @ 1
[    5.609618] initcall io_uring_init+0x0/0x2c returned 0 after 9 usecs
[    5.617309] calling  mbcache_init+0x0/0x30 @ 1
[    5.622828] initcall mbcache_init+0x0/0x30 returned 0 after 43 usecs
[    5.630543] calling  init_grace+0x0/0xc @ 1
[    5.635837] initcall init_grace+0x0/0xc returned 0 after 12 usecs
[    5.643281] calling  init_v2_quota_format+0x0/0x21 @ 1
[    5.649826] initcall init_v2_quota_format+0x0/0x21 returned 0 after 54 usecs
[    5.658824] calling  init_devpts_fs+0x0/0x27 @ 1
[    5.664681] initcall init_devpts_fs+0x0/0x27 returned 0 after 55 usecs
[    5.673911] calling  ext4_init_fs+0x0/0x1cb @ 1
[    5.679890] initcall ext4_init_fs+0x0/0x1cb returned 0 after 568 usecs
[    5.687504] calling  journal_init+0x0/0x11c @ 1
[    5.692916] initcall journal_init+0x0/0x11c returned 0 after 84 usecs
[    5.700461] calling  init_fat_fs+0x0/0x49 @ 1
[    5.705796] initcall init_fat_fs+0x0/0x49 returned 0 after 56 usecs
[    5.713126] calling  init_vfat_fs+0x0/0xc @ 1
[    5.718322] initcall init_vfat_fs+0x0/0xc returned 0 after 3 usecs
[    5.725528] calling  init_msdos_fs+0x0/0xc @ 1
[    5.730727] initcall init_msdos_fs+0x0/0xc returned 0 after 3 usecs
[    5.737921] calling  init_iso9660_fs+0x0/0x6c @ 1
[    5.743966] initcall init_iso9660_fs+0x0/0x6c returned 0 after 488 usecs
[    5.751815] calling  init_nfs_fs+0x0/0x13a @ 1
[    5.757417] initcall init_nfs_fs+0x0/0x13a returned 0 after 397 usecs
[    5.764851] calling  init_nfs_v2+0x0/0x13 @ 1
[    5.769958] initcall init_nfs_v2+0x0/0x13 returned 0 after 11 usecs
[    5.776945] calling  init_nfs_v3+0x0/0x13 @ 1
[    5.782304] initcall init_nfs_v3+0x0/0x13 returned 0 after 29 usecs
[    5.789608] calling  init_nfs_v4+0x0/0x32 @ 1
[    5.794635] NFS: Registering the id_resolver key type
[    5.800430] Key type id_resolver registered
[    5.805223] Key type id_legacy registered
[    5.810004] initcall init_nfs_v4+0x0/0x32 returned 0 after 15050 usecs
[    5.817350] calling  init_nlm+0x0/0x5b @ 1
[    5.822256] initcall init_nlm+0x0/0x5b returned 0 after 53 usecs
[    5.829075] calling  init_nls_cp437+0x0/0xe @ 1
[    5.834242] initcall init_nls_cp437+0x0/0xe returned 0 after 12 usecs
[    5.841599] calling  init_nls_ascii+0x0/0xe @ 1
[    5.846824] initcall init_nls_ascii+0x0/0xe returned 0 after 0 usecs
[    5.854001] calling  init_nls_iso8859_1+0x0/0xe @ 1
[    5.859537] initcall init_nls_iso8859_1+0x0/0xe returned 0 after 0 usecs
[    5.867258] calling  init_nls_utf8+0x0/0x21 @ 1
[    5.872660] initcall init_nls_utf8+0x0/0x21 returned 0 after 1 usecs
[    5.880097] calling  init_autofs_fs+0x0/0x25 @ 1
[    5.885811] initcall init_autofs_fs+0x0/0x25 returned 0 after 233 usecs
[    5.894768] calling  ipc_init+0x0/0x24 @ 1
[    5.899667] initcall ipc_init+0x0/0x24 returned 0 after 14 usecs
[    5.906516] calling  ipc_sysctl_init+0x0/0x13 @ 1
[    5.911978] initcall ipc_sysctl_init+0x0/0x13 returned 0 after 28 usecs
[    5.919610] calling  init_mqueue_fs+0x0/0x92 @ 1
[    5.925069] initcall init_mqueue_fs+0x0/0x92 returned 0 after 180 usecs
[    5.932692] calling  key_proc_init+0x0/0x63 @ 1
[    5.937983] initcall key_proc_init+0x0/0x63 returned 0 after 5 usecs
[    5.945252] calling  selinux_nf_ip_init+0x0/0x2e @ 1
[    5.951153] initcall selinux_nf_ip_init+0x0/0x2e returned 0 after 26 usecs
[    5.959028] calling  init_sel_fs+0x0/0x116 @ 1
[    5.964195] initcall init_sel_fs+0x0/0x116 returned 0 after 0 usecs
[    5.971375] calling  selnl_init+0x0/0x7c @ 1
[    5.976543] initcall selnl_init+0x0/0x7c returned 0 after 184 usecs
[    5.983776] calling  sel_netif_init+0x0/0x36 @ 1
[    5.989107] initcall sel_netif_init+0x0/0x36 returned 0 after 0 usecs
[    5.996529] calling  sel_netnode_init+0x0/0x33 @ 1
[    6.002348] initcall sel_netnode_init+0x0/0x33 returned 0 after 0 usecs
[    6.009908] calling  sel_netport_init+0x0/0x33 @ 1
[    6.015430] initcall sel_netport_init+0x0/0x33 returned 0 after 0 usecs
[    6.023211] calling  aurule_init+0x0/0x2a @ 1
[    6.028872] initcall aurule_init+0x0/0x2a returned 0 after 1 usecs
[    6.036378] calling  crypto_algapi_init+0x0/0xc @ 1
[    6.042222] initcall crypto_algapi_init+0x0/0xc returned 0 after 5 usecs
[    6.050381] calling  jent_mod_init+0x0/0x2d @ 1
[    6.067690] initcall jent_mod_init+0x0/0x2d returned 0 after 10734 usecs
[    6.076001] calling  asymmetric_key_init+0x0/0xc @ 1
[    6.081945] Key type asymmetric registered
[    6.086872] initcall asymmetric_key_init+0x0/0xc returned 0 after 4811 usecs
[    6.095012] calling  x509_key_init+0x0/0xc @ 1
[    6.100413] Asymmetric key parser 'x509' registered
[    6.106532] initcall x509_key_init+0x0/0xc returned 0 after 6005 usecs
[    6.114266] calling  proc_genhd_init+0x0/0x41 @ 1
[    6.120297] initcall proc_genhd_init+0x0/0x41 returned 0 after 58 usecs
[    6.128489] calling  bsg_init+0x0/0x113 @ 1
[    6.134078] Block layer SCSI generic (bsg) driver version 0.4 loaded (major 251)
[    6.143670] initcall bsg_init+0x0/0x113 returned 0 after 9381 usecs
[    6.152016] calling  deadline_init+0x0/0xc @ 1
[    6.157760] io scheduler mq-deadline registered
[    6.163728] initcall deadline_init+0x0/0xc returned 0 after 5848 usecs
[    6.171940] calling  kyber_init+0x0/0xc @ 1
[    6.177245] io scheduler kyber registered
[    6.182662] initcall kyber_init+0x0/0xc returned 0 after 5285 usecs
[    6.191781] calling  mod_init+0x0/0x7 @ 1
[    6.197652] initcall mod_init+0x0/0x7 returned 0 after 0 usecs
[    6.206240] calling  sg_pool_init+0x0/0xb4 @ 1
[    6.212628] initcall sg_pool_init+0x0/0xb4 returned 0 after 103 usecs
[    6.220173] calling  pcie_portdrv_init+0x0/0x39 @ 1
[    6.226785] initcall pcie_portdrv_init+0x0/0x39 returned 0 after 47 usecs
[    6.236052] calling  pci_proc_init+0x0/0x68 @ 1
[    6.241927] initcall pci_proc_init+0x0/0x68 returned 0 after 13 usecs
[    6.250149] calling  pci_hotplug_init+0x0/0x7 @ 1
[    6.256997] initcall pci_hotplug_init+0x0/0x7 returned 0 after 0 usecs
[    6.266051] calling  efifb_driver_init+0x0/0xe @ 1
[    6.272989] initcall efifb_driver_init+0x0/0xe returned 0 after 44 usecs
[    6.283088] calling  ged_driver_init+0x0/0xe @ 1
[    6.290332] initcall ged_driver_init+0x0/0xe returned 0 after 28 usecs
[    6.299108] calling  acpi_ac_init+0x0/0x92 @ 1
[    6.304970] initcall acpi_ac_init+0x0/0x92 returned 0 after 297 usecs
[    6.313177] calling  acpi_button_driver_init+0x0/0x52 @ 1
[    6.320559] input: Power Button as /devices/LNXSYSTM:00/LNXPWRBN:00/input/input0
[    6.330204] ACPI: Power Button [PWRF]
[    6.335346] initcall acpi_button_driver_init+0x0/0x52 returned 0 after 14911 usecs
[    6.344509] calling  acpi_fan_driver_init+0x0/0xe @ 1
[    6.350934] initcall acpi_fan_driver_init+0x0/0xe returned 0 after 18 usecs
[    6.360218] calling  acpi_video_init+0x0/0xcb @ 1
[    6.367385] initcall acpi_video_init+0x0/0xcb returned 0 after 67 usecs
[    6.377115] calling  acpi_processor_driver_init+0x0/0xad @ 1
[    6.386236] initcall acpi_processor_driver_init+0x0/0xad returned 0 after 575 usecs
[    6.397629] calling  acpi_thermal_init+0x0/0x71 @ 1
[    6.405139] initcall acpi_thermal_init+0x0/0x71 returned 0 after 101 usecs
[    6.415495] calling  acpi_battery_init+0x0/0x32 @ 1
[    6.423079] initcall acpi_battery_init+0x0/0x32 returned 0 after 39 usecs
[    6.433141] calling  bgrt_init+0x0/0xb6 @ 1
[    6.439658] initcall bgrt_init+0x0/0xb6 returned -19 after 0 usecs
[    6.449172] calling  gpio_clk_driver_init+0x0/0xe @ 1
[    6.456906] initcall gpio_clk_driver_init+0x0/0xe returned 0 after 23 usecs
[    6.467386] calling  plt_clk_driver_init+0x0/0xe @ 1
[    6.475075] initcall plt_clk_driver_init+0x0/0xe returned 0 after 20 usecs
[    6.485847] calling  virtio_pci_driver_init+0x0/0x15 @ 1
[    6.494415] initcall virtio_pci_driver_init+0x0/0x15 returned 0 after 61 usecs
[    6.504052] calling  n_null_init+0x0/0x1e @ 1
[    6.509932] initcall n_null_init+0x0/0x1e returned 0 after 225 usecs
[    6.518094] calling  pty_init+0x0/0x1e8 @ 1
[    6.523902] initcall pty_init+0x0/0x1e8 returned 0 after 378 usecs
[    6.531887] calling  sysrq_init+0x0/0x62 @ 1
[    6.537387] initcall sysrq_init+0x0/0x62 returned 0 after 6 usecs
[    6.545508] calling  serial8250_init+0x0/0x17e @ 1
[    6.552107] Serial: 8250/16550 driver, 4 ports, IRQ sharing enabled
[    6.562581] 00:03: ttyS0 at I/O 0x3f8 (irq = 4, base_baud = 115200) is a 16550A
[    6.574566] initcall serial8250_init+0x0/0x17e returned 0 after 21972 usecs
[    6.583790] calling  serial_pci_driver_init+0x0/0x15 @ 1
[    6.590993] initcall serial_pci_driver_init+0x0/0x15 returned 0 after 119 usecs
[    6.602102] calling  exar_pci_driver_init+0x0/0x15 @ 1
[    6.610259] initcall exar_pci_driver_init+0x0/0x15 returned 0 after 56 usecs
[    6.621141] calling  lpss8250_pci_driver_init+0x0/0x15 @ 1
[    6.628406] initcall lpss8250_pci_driver_init+0x0/0x15 returned 0 after 21 usecs
[    6.637384] calling  mid8250_pci_driver_init+0x0/0x15 @ 1
[    6.644134] initcall mid8250_pci_driver_init+0x0/0x15 returned 0 after 18 usecs
[    6.654597] calling  virtio_console_init+0x0/0xff @ 1
[    6.661866] initcall virtio_console_init+0x0/0xff returned 0 after 62 usecs
[    6.671198] calling  hpet_init+0x0/0x64 @ 1
[    6.677456] initcall hpet_init+0x0/0x64 returned 0 after 316 usecs
[    6.686907] calling  nvram_module_init+0x0/0x83 @ 1
[    6.694691] Non-volatile memory driver v1.3
[    6.701239] initcall nvram_module_init+0x0/0x83 returned 0 after 6517 usecs
[    6.711992] calling  hwrng_modinit+0x0/0x8a @ 1
[    6.720950] initcall hwrng_modinit+0x0/0x8a returned 0 after 226 usecs
[    6.730831] calling  mod_init+0x0/0x48 @ 1
[    6.737182] initcall mod_init+0x0/0x48 returned -19 after 0 usecs
[    6.746614] calling  agp_init+0x0/0x23 @ 1
[    6.752614] Linux agpgart interface v0.103
[    6.758331] initcall agp_init+0x0/0x23 returned 0 after 5579 usecs
[    6.767509] calling  agp_amd64_mod_init+0x0/0x5 @ 1
[    6.774619] initcall agp_amd64_mod_init+0x0/0x5 returned -19 after 104 usecs
[    6.785485] calling  agp_intel_init+0x0/0x28 @ 1
[    6.792871] initcall agp_intel_init+0x0/0x28 returned 0 after 426 usecs
[    6.803019] calling  drm_kms_helper_init+0x0/0x7 @ 1
[    6.812022] initcall drm_kms_helper_init+0x0/0x7 returned 0 after 17 usecs
[    6.822677] calling  drm_core_init+0x0/0x9e @ 1
[    6.829182] initcall drm_core_init+0x0/0x9e returned 0 after 148 usecs
[    6.837983] calling  i915_init+0x0/0x6b @ 1
[    6.844530] initcall i915_init+0x0/0x6b returned 0 after 515 usecs
[    6.853470] calling  cn_proc_init+0x0/0x35 @ 1
[    6.859902] initcall cn_proc_init+0x0/0x35 returned 0 after 18 usecs
[    6.868848] calling  topology_sysfs_init+0x0/0x27 @ 1
[    6.876184] initcall topology_sysfs_init+0x0/0x27 returned 0 after 32 usecs
[    6.885188] calling  cacheinfo_sysfs_init+0x0/0x27 @ 1
[    6.892263] initcall cacheinfo_sysfs_init+0x0/0x27 returned 0 after 216 usecs
[    6.901203] calling  loop_init+0x0/0x168 @ 1
[    6.922347] loop: module loaded
[    6.927716] initcall loop_init+0x0/0x168 returned 0 after 20388 usecs
[    6.938978] calling  mac_hid_init+0x0/0x21 @ 1
[    6.946282] initcall mac_hid_init+0x0/0x21 returned 0 after 9 usecs
[    6.956490] calling  spi_transport_init+0x0/0x74 @ 1
[    6.964505] initcall spi_transport_init+0x0/0x74 returned 0 after 119 usecs
[    6.974949] calling  init_sd+0x0/0x18c @ 1
[    6.980542] initcall init_sd+0x0/0x18c returned 0 after 99 usecs
[    6.988795] calling  init_sr+0x0/0x43 @ 1
[    6.994791] initcall init_sr+0x0/0x43 returned 0 after 35 usecs
[    7.003051] calling  init_sg+0x0/0x1c0 @ 1
[    7.008791] initcall init_sg+0x0/0x1c0 returned 0 after 22 usecs
[    7.016771] calling  ahci_pci_driver_init+0x0/0x15 @ 1
[    7.024788] ahci 0000:00:1f.2: version 3.0
[    7.034410] PCI Interrupt Link [GSIA] enabled at IRQ 16
[    7.054187] ahci 0000:00:1f.2: AHCI 0001.0000 32 slots 6 ports 1.5 Gbps 0x3f impl SATA mode
[    7.070155] ahci 0000:00:1f.2: flags: 64bit ncq only 
[    7.088966] scsi host0: ahci
[    7.093840] scsi host1: ahci
[    7.098987] scsi host2: ahci
[    7.108247] scsi host3: ahci
[    7.112823] scsi host4: ahci
[    7.117145] scsi host5: ahci
[    7.142194] ata1: SATA max UDMA/133 abar m4096@0xfebf1000 port 0xfebf1100 irq 24
[    7.152990] ata2: SATA max UDMA/133 abar m4096@0xfebf1000 port 0xfebf1180 irq 24
[    7.163570] ata3: SATA max UDMA/133 abar m4096@0xfebf1000 port 0xfebf1200 irq 24
[    7.175330] ata4: SATA max UDMA/133 abar m4096@0xfebf1000 port 0xfebf1280 irq 24
[    7.185680] ata5: SATA max UDMA/133 abar m4096@0xfebf1000 port 0xfebf1300 irq 24
[    7.195860] ata6: SATA max UDMA/133 abar m4096@0xfebf1000 port 0xfebf1380 irq 24
[    7.209779] initcall ahci_pci_driver_init+0x0/0x15 returned 0 after 180051 usecs
[    7.221973] calling  piix_init+0x0/0x26 @ 1
[    7.228848] initcall piix_init+0x0/0x26 returned 0 after 667 usecs
[    7.237447] calling  amd_pci_driver_init+0x0/0x15 @ 1
[    7.244826] initcall amd_pci_driver_init+0x0/0x15 returned 0 after 22 usecs
[    7.255502] calling  oldpiix_pci_driver_init+0x0/0x15 @ 1
[    7.263495] initcall oldpiix_pci_driver_init+0x0/0x15 returned 0 after 79 usecs
[    7.274468] calling  sch_pci_driver_init+0x0/0x15 @ 1
[    7.282099] initcall sch_pci_driver_init+0x0/0x15 returned 0 after 198 usecs
[    7.292774] calling  net_olddevs_init+0x0/0x55 @ 1
[    7.300912] initcall net_olddevs_init+0x0/0x55 returned 0 after 574 usecs
[    7.310641] calling  blackhole_netdev_init+0x0/0x78 @ 1
[    7.319924] initcall blackhole_netdev_init+0x0/0x78 returned 0 after 1437 usecs
[    7.330500] calling  phy_module_init+0x0/0x13 @ 1
[    7.338425] initcall phy_module_init+0x0/0x13 returned 0 after 830 usecs
[    7.348424] calling  tg3_driver_init+0x0/0x15 @ 1
[    7.355444] initcall tg3_driver_init+0x0/0x15 returned 0 after 66 usecs
[    7.365018] calling  e100_init_module+0x0/0x4c @ 1
[    7.372285] e100: Intel(R) PRO/100 Network Driver
[    7.379368] e100: Copyright(c) 1999-2006 Intel Corporation
[    7.387494] initcall e100_init_module+0x0/0x4c returned 0 after 14866 usecs
[    7.397588] calling  e1000_init_module+0x0/0x72 @ 1
[    7.404934] e1000: Intel(R) PRO/1000 Network Driver
[    7.412821] e1000: Copyright (c) 1999-2006 Intel Corporation.
[    7.421481] initcall e1000_init_module+0x0/0x72 returned 0 after 16262 usecs
[    7.432758] calling  e1000_init_module+0x0/0x2d @ 1
[    7.441007] e1000e: Intel(R) PRO/1000 Network Driver
[    7.449726] e1000e: Copyright(c) 1999 - 2015 Intel Corporation.
[    7.461387] initcall e1000_init_module+0x0/0x2d returned 0 after 19968 usecs
[    7.475660] calling  sky2_init_module+0x0/0x21 @ 1
[    7.483794] sky2: driver version 1.30
[    7.490094] initcall sky2_init_module+0x0/0x21 returned 0 after 6148 usecs
[    7.501741] calling  forcedeth_pci_driver_init+0x0/0x15 @ 1
[    7.511463] initcall forcedeth_pci_driver_init+0x0/0x15 returned 0 after 85 usecs
[    7.524472] calling  rtl8139_init_module+0x0/0x15 @ 1
[    7.534140] initcall rtl8139_init_module+0x0/0x15 returned 0 after 393 usecs
[    7.548354] calling  rtl8169_pci_driver_init+0x0/0x15 @ 1
[    7.557406] initcall rtl8169_pci_driver_init+0x0/0x15 returned 0 after 240 usecs
[    7.569493] calling  cdrom_init+0x0/0xc @ 1
[    7.577532] initcall cdrom_init+0x0/0xc returned 0 after 1240 usecs
[    7.589318] calling  nonstatic_sysfs_init+0x0/0xc @ 1
[    7.598871] initcall nonstatic_sysfs_init+0x0/0xc returned 0 after 85 usecs
[    7.611443] calling  yenta_cardbus_driver_init+0x0/0x15 @ 1
[    7.621317] initcall yenta_cardbus_driver_init+0x0/0x15 returned 0 after 91 usecs
[    7.634541] calling  mon_init+0x0/0x123 @ 1
[    7.686173] initcall mon_init+0x0/0x123 returned 0 after 43281 usecs
[    7.696445] calling  ehci_hcd_init+0x0/0x55 @ 1
[    7.703802] ehci_hcd: USB 2.0 'Enhanced' Host Controller (EHCI) Driver
[    7.714196] initcall ehci_hcd_init+0x0/0x55 returned 0 after 10364 usecs
[    7.724393] calling  ehci_pci_init+0x0/0x64 @ 1
[    7.731455] ehci-pci: EHCI PCI platform driver
[    7.738940] initcall ehci_pci_init+0x0/0x64 returned 0 after 7322 usecs
[    7.748876] calling  ohci_hcd_mod_init+0x0/0x4d @ 1
[    7.756115] ohci_hcd: USB 1.1 'Open' Host Controller (OHCI) Driver
[    7.766061] initcall ohci_hcd_mod_init+0x0/0x4d returned 0 after 9740 usecs
[    7.776333] calling  ohci_pci_init+0x0/0x64 @ 1
[    7.783063] ohci-pci: OHCI PCI platform driver
[    7.789379] initcall ohci_pci_init+0x0/0x64 returned 0 after 6147 usecs
[    7.800169] calling  uhci_hcd_init+0x0/0xa6 @ 1
[    7.807058] uhci_hcd: USB Universal Host Controller Interface driver
[    7.817349] initcall uhci_hcd_init+0x0/0xa6 returned 0 after 10094 usecs
[    7.827060] calling  xhci_hcd_init+0x0/0x1e @ 1
[    7.834354] initcall xhci_hcd_init+0x0/0x1e returned 0 after 76 usecs
[    7.844524] calling  xhci_pci_init+0x0/0x49 @ 1
[    7.852840] initcall xhci_pci_init+0x0/0x49 returned 0 after 292 usecs
[    7.864000] calling  usblp_driver_init+0x0/0x15 @ 1
[    7.872999] usbcore: registered new interface driver usblp
[    7.882907] initcall usblp_driver_init+0x0/0x15 returned 0 after 10133 usecs
[    7.895579] calling  usb_storage_driver_init+0x0/0x2a @ 1
[    7.905536] usbcore: registered new interface driver usb-storage
[    7.916368] initcall usb_storage_driver_init+0x0/0x2a returned 0 after 10765 usecs
[    7.929023] calling  i8042_init+0x0/0x4c2 @ 1
[    7.939632] i8042: PNP: PS/2 Controller [PNP0303:KBD,PNP0f13:MOU] at 0x60,0x64 irq 1,12
[    7.966597] serio: i8042 KBD port at 0x60,0x64 irq 1
[    7.975881] serio: i8042 AUX port at 0x60,0x64 irq 12
[    7.985096] initcall i8042_init+0x0/0x4c2 returned 0 after 46476 usecs
[    7.996881] calling  serport_init+0x0/0x2c @ 1
[    8.005111] initcall serport_init+0x0/0x2c returned 0 after 72 usecs
[    8.016946] calling  input_leds_init+0x0/0xc @ 1
[    8.025373] initcall input_leds_init+0x0/0xc returned 0 after 235 usecs
[    8.036954] calling  evdev_init+0x0/0xc @ 1
[    8.048696] initcall evdev_init+0x0/0xc returned 0 after 4272 usecs
[    8.059527] calling  atkbd_init+0x0/0x21 @ 1
[    8.067316] initcall atkbd_init+0x0/0x21 returned 0 after 87 usecs
[    8.077866] calling  psmouse_init+0x0/0x7f @ 1
[    8.085554] initcall psmouse_init+0x0/0x7f returned 0 after 108 usecs
[    8.096801] calling  cmos_init+0x0/0x73 @ 1
[    8.107393] rtc_cmos 00:04: RTC can wake from S4
[    8.129987] input: AT Translated Set 2 keyboard as /devices/platform/i8042/serio0/input/input1
[    8.153403] ata3: SATA link up 1.5 Gbps (SStatus 113 SControl 300)
[    8.165443] ata3.00: ATAPI: QEMU DVD-ROM, 2.5+, max UDMA/100
[    8.174647] ata3.00: applying bridge limits
[    8.182633] ata3.00: configured for UDMA/100
[    8.194553] ata1: SATA link down (SStatus 0 SControl 300)
[    8.204872] ata2: SATA link down (SStatus 0 SControl 300)
[    8.216547] scsi 2:0:0:0: CD-ROM            QEMU     QEMU DVD-ROM     2.5+ PQ: 0 ANSI: 5
[    8.234691] ata4: SATA link down (SStatus 0 SControl 300)
[    8.245904] ata5: SATA link down (SStatus 0 SControl 300)
[    8.282020] sr 2:0:0:0: [sr0] scsi3-mmc drive: 4x/4x cd/rw xa/form2 tray
[    8.292296] cdrom: Uniform CD-ROM driver Revision: 3.20
[    8.301319] rtc_cmos 00:04: registered as rtc0
[    8.308551] rtc_cmos 00:04: alarms up to one day, y3k, 242 bytes nvram, hpet irqs
[    8.320173] initcall cmos_init+0x0/0x73 returned 0 after 208816 usecs
[    8.330408] calling  smbalert_driver_init+0x0/0xe @ 1
[    8.338530] initcall smbalert_driver_init+0x0/0xe returned 0 after 107 usecs
[    8.349516] calling  i2c_i801_init+0x0/0xc5 @ 1
[    8.363532] i801_smbus 0000:00:1f.3: SMBus using PCI interrupt
[    8.375129] i2c i2c-0: 1/1 memory slots populated (from DMI)
[    8.385260] i2c i2c-0: Memory type 0x07 not supported yet, not instantiating SPD
[    8.397971] initcall i2c_i801_init+0x0/0xc5 returned 0 after 40549 usecs
[    8.408239] calling  ptp_kvm_init+0x0/0xf0 @ 1
[    8.417441] ata6: SATA link down (SStatus 0 SControl 300)
[    8.441250] sr 2:0:0:0: Attached scsi CD-ROM sr0
[    8.451940] sr 2:0:0:0: Attached scsi generic sg0 type 5
[    8.462201] initcall ptp_kvm_init+0x0/0xf0 returned 0 after 45579 usecs
[    8.472877] calling  dm_init+0x0/0x3c @ 1
[    8.480604] device-mapper: ioctl: 4.43.0-ioctl (2020-10-01) initialised: dm-devel@redhat.com
[    8.493658] initcall dm_init+0x0/0x3c returned 0 after 14286 usecs
[    8.503043] calling  dm_mirror_init+0x0/0x29 @ 1
[    8.510021] initcall dm_mirror_init+0x0/0x29 returned 0 after 35 usecs
[    8.520133] calling  dm_dirty_log_init+0x0/0x4f @ 1
[    8.527711] initcall dm_dirty_log_init+0x0/0x4f returned 0 after 173 usecs
[    8.538090] calling  dm_zero_init+0x0/0x29 @ 1
[    8.545617] initcall dm_zero_init+0x0/0x29 returned 0 after 2 usecs
[    8.556036] calling  intel_pstate_init+0x0/0x4a2 @ 1
[    8.564634] intel_pstate: CPU model not supported
[    8.572708] initcall intel_pstate_init+0x0/0x4a2 returned -19 after 7834 usecs
[    8.584250] calling  haltpoll_init+0x0/0xc0 @ 1
[    8.591405] initcall haltpoll_init+0x0/0xc0 returned -19 after 132 usecs
[    8.602423] calling  efivars_sysfs_init+0x0/0x30 @ 1
[    8.611245] initcall efivars_sysfs_init+0x0/0x30 returned 0 after 218 usecs
[    8.622141] calling  esrt_sysfs_init+0x0/0x2a2 @ 1
[    8.629842] initcall esrt_sysfs_init+0x0/0x2a2 returned -38 after 17 usecs
[    8.641052] calling  hid_init+0x0/0x5c @ 1
[    8.648531] hid: raw HID events driver (C) Jiri Kosina
[    8.657474] initcall hid_init+0x0/0x5c returned 0 after 9277 usecs
[    8.668120] calling  hid_generic_init+0x0/0x15 @ 1
[    8.676580] initcall hid_generic_init+0x0/0x15 returned 0 after 260 usecs
[    8.687700] calling  a4_driver_init+0x0/0x15 @ 1
[    8.694521] initcall a4_driver_init+0x0/0x15 returned 0 after 22 usecs
[    8.704114] calling  apple_driver_init+0x0/0x15 @ 1
[    8.711558] initcall apple_driver_init+0x0/0x15 returned 0 after 51 usecs
[    8.721189] calling  belkin_driver_init+0x0/0x15 @ 1
[    8.729125] initcall belkin_driver_init+0x0/0x15 returned 0 after 102 usecs
[    8.739621] calling  ch_driver_init+0x0/0x15 @ 1
[    8.747323] initcall ch_driver_init+0x0/0x15 returned 0 after 17 usecs
[    8.757673] calling  ch_driver_init+0x0/0x15 @ 1
[    8.764953] initcall ch_driver_init+0x0/0x15 returned 0 after 45 usecs
[    8.775631] calling  cp_driver_init+0x0/0x15 @ 1
[    8.783635] initcall cp_driver_init+0x0/0x15 returned 0 after 20 usecs
[    8.793801] calling  ez_driver_init+0x0/0x15 @ 1
[    8.801081] initcall ez_driver_init+0x0/0x15 returned 0 after 22 usecs
[    8.811059] calling  gyration_driver_init+0x0/0x15 @ 1
[    8.819373] initcall gyration_driver_init+0x0/0x15 returned 0 after 62 usecs
[    8.830570] calling  ite_driver_init+0x0/0x15 @ 1
[    8.838011] initcall ite_driver_init+0x0/0x15 returned 0 after 20 usecs
[    8.848392] calling  ks_driver_init+0x0/0x15 @ 1
[    8.855443] initcall ks_driver_init+0x0/0x15 returned 0 after 20 usecs
[    8.865454] calling  lg_driver_init+0x0/0x15 @ 1
[    8.872938] initcall lg_driver_init+0x0/0x15 returned 0 after 104 usecs
[    8.885336] calling  lg_g15_driver_init+0x0/0x15 @ 1
[    8.892592] initcall lg_g15_driver_init+0x0/0x15 returned 0 after 24 usecs
[    8.903331] calling  ms_driver_init+0x0/0x15 @ 1
[    8.910384] initcall ms_driver_init+0x0/0x15 returned 0 after 22 usecs
[    8.920159] calling  mr_driver_init+0x0/0x15 @ 1
[    8.927395] initcall mr_driver_init+0x0/0x15 returned 0 after 20 usecs
[    8.938416] calling  ntrig_driver_init+0x0/0x15 @ 1
[    8.946182] initcall ntrig_driver_init+0x0/0x15 returned 0 after 90 usecs
[    8.956422] calling  pl_driver_init+0x0/0x15 @ 1
[    8.964066] initcall pl_driver_init+0x0/0x15 returned 0 after 336 usecs
[    8.974464] calling  pl_driver_init+0x0/0x15 @ 1
[    8.982005] initcall pl_driver_init+0x0/0x15 returned 0 after 22 usecs
[    8.992119] calling  redragon_driver_init+0x0/0x15 @ 1
[    9.000540] initcall redragon_driver_init+0x0/0x15 returned 0 after 27 usecs
[    9.011900] calling  samsung_driver_init+0x0/0x15 @ 1
[    9.020069] initcall samsung_driver_init+0x0/0x15 returned 0 after 99 usecs
[    9.031342] calling  sony_init+0x0/0x38 @ 1
[    9.038110] initcall sony_init+0x0/0x38 returned 0 after 21 usecs
[    9.048456] calling  sp_driver_init+0x0/0x15 @ 1
[    9.055935] initcall sp_driver_init+0x0/0x15 returned 0 after 24 usecs
[    9.066334] calling  ts_driver_init+0x0/0x15 @ 1
[    9.073053] initcall ts_driver_init+0x0/0x15 returned 0 after 24 usecs
[    9.082448] calling  hid_init+0x0/0x58 @ 1
[    9.088511] usbcore: registered new interface driver usbhid
[    9.097397] usbhid: USB HID core driver
[    9.103632] initcall hid_init+0x0/0x58 returned 0 after 14972 usecs
[    9.113438] calling  eeepc_laptop_init+0x0/0x57 @ 1
[    9.122040] initcall eeepc_laptop_init+0x0/0x57 returned -19 after 434 usecs
[    9.132994] calling  pmc_atom_init+0x0/0x27a @ 1
[    9.151767] initcall pmc_atom_init+0x0/0x27a returned -19 after 1907 usecs
[    9.164143] calling  alsa_hwdep_init+0x0/0x5e @ 1
[    9.173424] initcall alsa_hwdep_init+0x0/0x5e returned 0 after 1745 usecs
[    9.184501] calling  alsa_timer_init+0x0/0x1f0 @ 1
[    9.645574] input: ImExPS/2 Generic Explorer Mouse as /devices/platform/i8042/serio1/input/input3
[   10.033068] initcall alsa_timer_init+0x0/0x1f0 returned 0 after 821157 usecs
[   10.044698] calling  snd_hrtimer_init+0x0/0x117 @ 1
[   10.052263] initcall snd_hrtimer_init+0x0/0x117 returned 0 after 105 usecs
[   10.062677] calling  alsa_pcm_init+0x0/0x64 @ 1
[   10.069668] initcall alsa_pcm_init+0x0/0x64 returned 0 after 229 usecs
[   10.080513] calling  alsa_seq_init+0x0/0x4a @ 1
[   10.148402] initcall alsa_seq_init+0x0/0x4a returned 0 after 59138 usecs
[   10.158008] calling  alsa_seq_dummy_init+0x0/0x9c @ 1
[   10.166004] initcall alsa_seq_dummy_init+0x0/0x9c returned 0 after 26 usecs
[   10.175624] calling  azx_driver_init+0x0/0x15 @ 1
[   10.187348] initcall azx_driver_init+0x0/0x15 returned 0 after 3724 usecs
[   10.198939] calling  sock_diag_init+0x0/0x2a @ 1
[   10.209423] initcall sock_diag_init+0x0/0x2a returned 0 after 2867 usecs
[   10.219328] calling  blackhole_init+0x0/0xc @ 1
[   10.226696] initcall blackhole_init+0x0/0xc returned 0 after 201 usecs
[   10.237532] calling  nfnetlink_init+0x0/0x57 @ 1
[   10.245568] initcall nfnetlink_init+0x0/0x57 returned 0 after 195 usecs
[   10.256212] calling  nfnetlink_log_init+0x0/0x99 @ 1
[   10.263639] initcall nfnetlink_log_init+0x0/0x99 returned 0 after 554 usecs
[   10.274346] calling  nf_conntrack_standalone_init+0x0/0x87 @ 1
[   10.287064] initcall nf_conntrack_standalone_init+0x0/0x87 returned 0 after 3722 usecs
[   10.298933] calling  ctnetlink_init+0x0/0x83 @ 1
[   10.306093] initcall ctnetlink_init+0x0/0x83 returned 0 after 3 usecs
[   10.315816] calling  nf_conntrack_ftp_init+0x0/0x12c @ 1
[   10.324265] initcall nf_conntrack_ftp_init+0x0/0x12c returned 0 after 99 usecs
[   10.335471] calling  nf_conntrack_irc_init+0x0/0x129 @ 1
[   10.343697] initcall nf_conntrack_irc_init+0x0/0x129 returned 0 after 288 usecs
[   10.354929] calling  nf_conntrack_sip_init+0x0/0x172 @ 1
[   10.363010] initcall nf_conntrack_sip_init+0x0/0x172 returned 0 after 7 usecs
[   10.374169] calling  nf_nat_init+0x0/0xbb @ 1
[   10.382083] initcall nf_nat_init+0x0/0xbb returned 0 after 265 usecs
[   10.392384] calling  nf_nat_ftp_init+0x0/0x2a @ 1
[   10.400432] initcall nf_nat_ftp_init+0x0/0x2a returned 0 after 1 usecs
[   10.410885] calling  nf_nat_irc_init+0x0/0x2a @ 1
[   10.418579] initcall nf_nat_irc_init+0x0/0x2a returned 0 after 1 usecs
[   10.429156] calling  nf_nat_sip_init+0x0/0x36 @ 1
[   10.437018] initcall nf_nat_sip_init+0x0/0x36 returned 0 after 1 usecs
[   10.447331] calling  xt_init+0x0/0xcf @ 1
[   10.453745] initcall xt_init+0x0/0xcf returned 0 after 140 usecs
[   10.462413] calling  tcpudp_mt_init+0x0/0x11 @ 1
[   10.469245] initcall tcpudp_mt_init+0x0/0x11 returned 0 after 25 usecs
[   10.478974] calling  connsecmark_tg_init+0x0/0xc @ 1
[   10.486387] initcall connsecmark_tg_init+0x0/0xc returned 0 after 1 usecs
[   10.496936] calling  nflog_tg_init+0x0/0xc @ 1
[   10.503857] initcall nflog_tg_init+0x0/0xc returned 0 after 1 usecs
[   10.513270] calling  secmark_tg_init+0x0/0x11 @ 1
[   10.520378] initcall secmark_tg_init+0x0/0x11 returned 0 after 1 usecs
[   10.530316] calling  tcpmss_tg_init+0x0/0x11 @ 1
[   10.537446] initcall tcpmss_tg_init+0x0/0x11 returned 0 after 16 usecs
[   10.547219] calling  conntrack_mt_init+0x0/0x11 @ 1
[   10.554739] initcall conntrack_mt_init+0x0/0x11 returned 0 after 1 usecs
[   10.564839] calling  policy_mt_init+0x0/0x11 @ 1
[   10.571898] initcall policy_mt_init+0x0/0x11 returned 0 after 1 usecs
[   10.582008] calling  state_mt_init+0x0/0xc @ 1
[   10.588798] initcall state_mt_init+0x0/0xc returned 0 after 1 usecs
[   10.598247] calling  gre_offload_init+0x0/0x48 @ 1
[   10.605376] initcall gre_offload_init+0x0/0x48 returned 0 after 95 usecs
[   10.615418] calling  sysctl_ipv4_init+0x0/0x46 @ 1
[   10.623409] initcall sysctl_ipv4_init+0x0/0x46 returned 0 after 790 usecs
[   10.633985] calling  tunnel4_init+0x0/0x58 @ 1
[   10.640502] initcall tunnel4_init+0x0/0x58 returned 0 after 34 usecs
[   10.649981] calling  nf_defrag_init+0x0/0xc @ 1
[   10.656994] initcall nf_defrag_init+0x0/0xc returned 0 after 31 usecs
[   10.666761] calling  ip_tables_init+0x0/0x8d @ 1
[   10.674012] initcall ip_tables_init+0x0/0x8d returned 0 after 377 usecs
[   10.687227] calling  iptable_filter_init+0x0/0x4c @ 1
[   10.700452] initcall iptable_filter_init+0x0/0x4c returned 0 after 2748 usecs
[   10.710809] calling  iptable_mangle_init+0x0/0xb8 @ 1
[   10.718889] initcall iptable_mangle_init+0x0/0xb8 returned 0 after 146 usecs
[   10.729860] calling  reject_tg_init+0x0/0xc @ 1
[   10.737017] initcall reject_tg_init+0x0/0xc returned 0 after 1 usecs
[   10.746783] calling  cubictcp_register+0x0/0x53 @ 1
[   10.754105] initcall cubictcp_register+0x0/0x53 returned 0 after 30 usecs
[   10.764292] calling  xfrm_user_init+0x0/0x45 @ 1
[   10.771404] Initializing XFRM netlink socket
[   10.778294] initcall xfrm_user_init+0x0/0x45 returned 0 after 6724 usecs
[   10.788311] calling  inet6_init+0x0/0x35e @ 1
[   10.797602] NET: Registered protocol family 10
[   10.810143] srcu-torture: rcu_torture_read_exit: End of episode
[   10.832299] Segment Routing with IPv6
[   10.838053] initcall inet6_init+0x0/0x35e returned 0 after 42171 usecs
[   10.847839] calling  ah6_init+0x0/0x71 @ 1
[   10.856873] initcall ah6_init+0x0/0x71 returned 0 after 44 usecs
[   10.866087] calling  esp6_init+0x0/0x71 @ 1
[   10.872533] initcall esp6_init+0x0/0x71 returned 0 after 2 usecs
[   10.882249] calling  ip6_tables_init+0x0/0x8d @ 1
[   10.888950] initcall ip6_tables_init+0x0/0x8d returned 0 after 54 usecs
[   10.898201] calling  ip6table_filter_init+0x0/0x4c @ 1
[   10.906122] initcall ip6table_filter_init+0x0/0x4c returned 0 after 416 usecs
[   10.916672] calling  ip6table_mangle_init+0x0/0xb8 @ 1
[   10.924888] initcall ip6table_mangle_init+0x0/0xb8 returned 0 after 197 usecs
[   10.935475] calling  nf_defrag_init+0x0/0x45 @ 1
[   10.942699] initcall nf_defrag_init+0x0/0x45 returned 0 after 63 usecs
[   10.952914] calling  ipv6header_mt6_init+0x0/0xc @ 1
[   10.960619] initcall ipv6header_mt6_init+0x0/0xc returned 0 after 1 usecs
[   10.970853] calling  reject_tg6_init+0x0/0xc @ 1
[   10.977845] initcall reject_tg6_init+0x0/0xc returned 0 after 1 usecs
[   10.988839] calling  sit_init+0x0/0xc3 @ 1
[   10.995072] sit: IPv6, IPv4 and MPLS over IPv4 tunneling driver
[   11.006208] initcall sit_init+0x0/0xc3 returned 0 after 10871 usecs
[   11.015371] calling  packet_init+0x0/0x75 @ 1
[   11.022357] NET: Registered protocol family 17
[   11.029016] initcall packet_init+0x0/0x75 returned 0 after 6521 usecs
[   11.038370] calling  init_rpcsec_gss+0x0/0x60 @ 1
[   11.045965] initcall init_rpcsec_gss+0x0/0x60 returned 0 after 695 usecs
[   11.055242] calling  init_dns_resolver+0x0/0xca @ 1
[   11.062774] Key type dns_resolver registered
[   11.068917] initcall init_dns_resolver+0x0/0xca returned 0 after 6657 usecs
[   11.079134] calling  pm_check_save_msr+0x0/0x80 @ 1
[   11.086543] initcall pm_check_save_msr+0x0/0x80 returned 0 after 434 usecs
[   11.096911] calling  mcheck_init_device+0x0/0x112 @ 1
[   11.106435] initcall mcheck_init_device+0x0/0x112 returned 0 after 2183 usecs
[   11.119468] calling  mcheck_late_init+0x0/0x58 @ 1
[   11.126594] initcall mcheck_late_init+0x0/0x58 returned 0 after 305 usecs
[   11.136338] calling  severities_debugfs_init+0x0/0x29 @ 1
[   11.144192] initcall severities_debugfs_init+0x0/0x29 returned 0 after 26 usecs
[   11.154874] calling  microcode_init+0x0/0x1bd @ 1
[   11.161900] initcall microcode_init+0x0/0x1bd returned -22 after 18 usecs
[   11.171774] calling  hpet_insert_resource+0x0/0x22 @ 1
[   11.179911] initcall hpet_insert_resource+0x0/0x22 returned 0 after 349 usecs
[   11.190573] calling  start_sync_check_timer+0x0/0x4f @ 1
[   11.201093] initcall start_sync_check_timer+0x0/0x4f returned 0 after 124 usecs
