c[?7l[2J[0mSeaBIOS (version 1.16.0-debian-1.16.0-4)
Booting from ROM...
early console in setup code
c[?7l[2J[    0.000000] Linux version 5.10.158+ (root@joelboxx.c.googlers.com) (gcc (Debian 12.2.0-3) 12.2.0, GNU ld (GNU Binutils for Debian) 2.39) #13 SMP PREEMPT Tue Dec 13 02:44:02 UTC 2022
[    0.000000] Command line: selinux=0 initcall_debug debug console=ttyS0 rcutorture.torture_type=tasks nohz_full=1 rcutorture.onoff_interval=1000 rcutorture.onoff_holdoff=30 rcutorture.n_barrier_cbs=4 rcutorture.stat_interval=15 rcutorture.shutdown_secs=1800 rcutorture.test_no_idle_hz=1 rcutorture.verbose=1
[    0.000000] x86/fpu: x87 FPU will use FXSAVE
[    0.000000] BIOS-provided physical RAM map:
[    0.000000] BIOS-e820: [mem 0x0000000000000000-0x000000000009fbff] usable
[    0.000000] BIOS-e820: [mem 0x000000000009fc00-0x000000000009ffff] reserved
[    0.000000] BIOS-e820: [mem 0x00000000000f0000-0x00000000000fffff] reserved
[    0.000000] BIOS-e820: [mem 0x0000000000100000-0x000000001ffdefff] usable
[    0.000000] BIOS-e820: [mem 0x000000001ffdf000-0x000000001fffffff] reserved
[    0.000000] BIOS-e820: [mem 0x00000000b0000000-0x00000000bfffffff] reserved
[    0.000000] BIOS-e820: [mem 0x00000000fed1c000-0x00000000fed1ffff] reserved
[    0.000000] BIOS-e820: [mem 0x00000000feffc000-0x00000000feffffff] reserved
[    0.000000] BIOS-e820: [mem 0x00000000fffc0000-0x00000000ffffffff] reserved
[    0.000000] NX (Execute Disable) protection: active
[    0.000000] SMBIOS 2.8 present.
[    0.000000] DMI: QEMU Standard PC (Q35 + ICH9, 2009), BIOS 1.16.0-debian-1.16.0-4 04/01/2014
[    0.000000] Hypervisor detected: KVM
[    0.000000] kvm-clock: Using msrs 4b564d01 and 4b564d00
[    0.000000] kvm-clock: cpu 0, msr 1c8b9001, primary cpu clock
[    0.000001] kvm-clock: using sched offset of 3025301964 cycles
[    0.000229] clocksource: kvm-clock: mask: 0xffffffffffffffff max_cycles: 0x1cd42e4dffb, max_idle_ns: 881590591483 ns
[    0.000306] tsc: Detected 1999.999 MHz processor
[    0.010198] e820: update [mem 0x00000000-0x00000fff] usable ==> reserved
[    0.010204] e820: remove [mem 0x000a0000-0x000fffff] usable
[    0.010212] last_pfn = 0x1ffdf max_arch_pfn = 0x400000000
[    0.011043] MTRR default type: write-back
[    0.011045] MTRR fixed ranges enabled:
[    0.011047]   00000-9FFFF write-back
[    0.011048]   A0000-BFFFF uncachable
[    0.011049]   C0000-FFFFF write-protect
[    0.011050] MTRR variable ranges enabled:
[    0.011051]   0 base 00C0000000 mask FFC0000000 uncachable
[    0.011052]   1 disabled
[    0.011053]   2 disabled
[    0.011054]   3 disabled
[    0.011055]   4 disabled
[    0.011055]   5 disabled
[    0.011056]   6 disabled
[    0.011057]   7 disabled
[    0.011599] x86/PAT: Configuration [0-7]: WB  WC  UC- UC  WB  WC  UC- UC  
[    0.022455] found SMP MP-table at [mem 0x000f5ba0-0x000f5baf]
[    0.025080] check: Scanning 1 areas for low memory corruption
[    0.041406] ACPI: Early table checksum verification disabled
[    0.043490] ACPI: RSDP 0x00000000000F59E0 000014 (v00 BOCHS )
[    0.043884] ACPI: RSDT 0x000000001FFE22F5 000038 (v01 BOCHS  BXPC     00000001 BXPC 00000001)
[    0.044471] ACPI: FACP 0x000000001FFE20E5 0000F4 (v03 BOCHS  BXPC     00000001 BXPC 00000001)
[    0.044615] ACPI: DSDT 0x000000001FFE0040 0020A5 (v01 BOCHS  BXPC     00000001 BXPC 00000001)
[    0.044795] ACPI: FACS 0x000000001FFE0000 000040
[    0.044803] ACPI: APIC 0x000000001FFE21D9 000080 (v01 BOCHS  BXPC     00000001 BXPC 00000001)
[    0.044811] ACPI: HPET 0x000000001FFE2259 000038 (v01 BOCHS  BXPC     00000001 BXPC 00000001)
[    0.044818] ACPI: MCFG 0x000000001FFE2291 00003C (v01 BOCHS  BXPC     00000001 BXPC 00000001)
[    0.044825] ACPI: WAET 0x000000001FFE22CD 000028 (v01 BOCHS  BXPC     00000001 BXPC 00000001)
[    0.044832] ACPI: Reserving FACP table memory at [mem 0x1ffe20e5-0x1ffe21d8]
[    0.044834] ACPI: Reserving DSDT table memory at [mem 0x1ffe0040-0x1ffe20e4]
[    0.044836] ACPI: Reserving FACS table memory at [mem 0x1ffe0000-0x1ffe003f]
[    0.044838] ACPI: Reserving APIC table memory at [mem 0x1ffe21d9-0x1ffe2258]
[    0.044840] ACPI: Reserving HPET table memory at [mem 0x1ffe2259-0x1ffe2290]
[    0.044841] ACPI: Reserving MCFG table memory at [mem 0x1ffe2291-0x1ffe22cc]
[    0.044843] ACPI: Reserving WAET table memory at [mem 0x1ffe22cd-0x1ffe22f4]
[    0.045661] ACPI: Local APIC address 0xfee00000
[    0.051390] No NUMA configuration found
[    0.051394] Faking a node at [mem 0x0000000000000000-0x000000001ffdefff]
[    0.051644] NODE_DATA(0) allocated [mem 0x1ffdb000-0x1ffdefff]
[    0.053382] Zone ranges:
[    0.053459]   DMA      [mem 0x0000000000001000-0x0000000000ffffff]
[    0.053462]   DMA32    [mem 0x0000000001000000-0x000000001ffdefff]
[    0.053465]   Normal   empty
[    0.053467] Movable zone start for each node
[    0.053556] Early memory node ranges
[    0.053558]   node   0: [mem 0x0000000000001000-0x000000000009efff]
[    0.053872]   node   0: [mem 0x0000000000100000-0x000000001ffdefff]
[    0.053876] Initmem setup node 0 [mem 0x0000000000001000-0x000000001ffdefff]
[    0.053879] On node 0 totalpages: 130941
[    0.054027]   DMA zone: 64 pages used for memmap
[    0.054028]   DMA zone: 21 pages reserved
[    0.054030]   DMA zone: 3998 pages, LIFO batch:0
[    0.054032]   DMA32 zone: 1984 pages used for memmap
[    0.054034]   DMA32 zone: 126943 pages, LIFO batch:31
[    0.060399] On node 0, zone DMA: 1 pages in unavailable ranges
[    0.064235] On node 0, zone DMA: 97 pages in unavailable ranges
[    0.159421] On node 0, zone DMA32: 33 pages in unavailable ranges
[    0.163638] ACPI: PM-Timer IO Port: 0x608
[    0.163644] ACPI: Local APIC address 0xfee00000
[    0.163824] ACPI: LAPIC_NMI (acpi_id[0xff] dfl dfl lint[0x1])
[    0.164919] IOAPIC[0]: apic_id 0, version 17, address 0xfec00000, GSI 0-23
[    0.164925] ACPI: INT_SRC_OVR (bus 0 bus_irq 0 global_irq 2 dfl dfl)
[    0.165026] ACPI: INT_SRC_OVR (bus 0 bus_irq 5 global_irq 5 high level)
[    0.165029] ACPI: INT_SRC_OVR (bus 0 bus_irq 9 global_irq 9 high level)
[    0.165210] ACPI: INT_SRC_OVR (bus 0 bus_irq 10 global_irq 10 high level)
[    0.165213] ACPI: INT_SRC_OVR (bus 0 bus_irq 11 global_irq 11 high level)
[    0.165217] ACPI: IRQ0 used by override.
[    0.165218] ACPI: IRQ5 used by override.
[    0.165220] ACPI: IRQ9 used by override.
[    0.165221] ACPI: IRQ10 used by override.
[    0.165223] ACPI: IRQ11 used by override.
[    0.165266] Using ACPI (MADT) for SMP configuration information
[    0.165270] ACPI: HPET id: 0x8086a201 base: 0xfed00000
[    0.165501] smpboot: Allowing 2 CPUs, 0 hotplug CPUs
[    0.166795] PM: hibernation: Registered nosave memory: [mem 0x00000000-0x00000fff]
[    0.166799] PM: hibernation: Registered nosave memory: [mem 0x0009f000-0x0009ffff]
[    0.166800] PM: hibernation: Registered nosave memory: [mem 0x000a0000-0x000effff]
[    0.166802] PM: hibernation: Registered nosave memory: [mem 0x000f0000-0x000fffff]
[    0.166806] [mem 0x20000000-0xafffffff] available for PCI devices
[    0.166840] Booting paravirtualized kernel on KVM
[    0.167224] clocksource: refined-jiffies: mask: 0xffffffff max_cycles: 0xffffffff, max_idle_ns: 1910969940391419 ns
[    0.192273] setup_percpu: NR_CPUS:2 nr_cpumask_bits:2 nr_cpu_ids:2 nr_node_ids:1
[    0.227432] percpu: Embedded 56 pages/cpu s191448 r8192 d29736 u1048576
[    0.228272] pcpu-alloc: s191448 r8192 d29736 u1048576 alloc=1*2097152
[    0.228275] pcpu-alloc: [0] 0 1 
[    0.229089] kvm-guest: stealtime: cpu 0, msr 1f41b600
[    0.229819] Built 1 zonelists, mobility grouping on.  Total pages: 128872
[    0.229848] Policy zone: DMA32
[    0.230119] Kernel command line: selinux=0 initcall_debug debug console=ttyS0 rcutorture.torture_type=tasks nohz_full=1 rcutorture.onoff_interval=1000 rcutorture.onoff_holdoff=30 rcutorture.n_barrier_cbs=4 rcutorture.stat_interval=15 rcutorture.shutdown_secs=1800 rcutorture.test_no_idle_hz=1 rcutorture.verbose=1
[    0.237645] Dentry cache hash table entries: 65536 (order: 7, 524288 bytes, linear)
[    0.239371] Inode-cache hash table entries: 32768 (order: 6, 262144 bytes, linear)
[    0.240266] mem auto-init: stack:all(zero), heap alloc:off, heap free:off
[    0.292169] Memory: 479080K/523764K available (16397K kernel code, 2543K rwdata, 4684K rodata, 1492K init, 1412K bss, 44424K reserved, 0K cma-reserved)
[    0.292739] SLUB: HWalign=64, Order=0-3, MinObjects=0, CPUs=2, Nodes=1
[    0.293066] Kernel/User page tables isolation: enabled
[    0.305222] rcu: Preemptible hierarchical RCU implementation.
[    0.305225] rcu: 	RCU event tracing is enabled.
[    0.305243] 	Trampoline variant of Tasks RCU enabled.
[    0.305244] 	Rude variant of Tasks RCU enabled.
[    0.305245] 	Tracing variant of Tasks RCU enabled.
[    0.305379] rcu: RCU calculated value of scheduler-enlistment delay is 100 jiffies.
[    0.314468] NR_IRQS: 4352, nr_irqs: 440, preallocated irqs: 16
[    0.316606] NO_HZ: Full dynticks CPUs: 1.
[    0.316609] rcu: 	Offload RCU callbacks from CPUs: 1.
[    0.317934] calling  con_init+0x0/0x22a @ 0
[    0.423561] Console: colour VGA+ 80x25
[    0.423571] initcall con_init+0x0/0x22a returned 0 after 0 usecs
[    0.423587] calling  hvc_console_init+0x0/0x13 @ 0
[    0.423610] initcall hvc_console_init+0x0/0x13 returned 0 after 0 usecs
[    0.423612] calling  univ8250_console_init+0x0/0x26 @ 0
[    1.345967] printk: console [ttyS0] enabled
[    1.351770] initcall univ8250_console_init+0x0/0x26 returned 0 after 0 usecs
[    1.359432] ACPI: Core revision 20200925
[    1.365204] clocksource: hpet: mask: 0xffffffff max_cycles: 0xffffffff, max_idle_ns: 19112604467 ns
[    1.378117] APIC: Switch to symmetric I/O mode setup
[    1.400781] ..TIMER: vector=0x30 apic1=0 pin1=2 apic2=-1 pin2=-1
[    1.407694] clocksource: tsc-early: mask: 0xffffffffffffffff max_cycles: 0x39a85afc727, max_idle_ns: 881590685098 ns
[    1.420732] Calibrating delay loop (skipped) preset value.. 3999.99 BogoMIPS (lpj=1999999)
[    1.421734] pid_max: default: 32768 minimum: 301
[    1.423749] LSM: Security Framework initializing
[    1.424885] Mount-cache hash table entries: 1024 (order: 1, 8192 bytes, linear)
[    1.425786] Mountpoint-cache hash table entries: 1024 (order: 1, 8192 bytes, linear)
[    1.434729] Last level iTLB entries: 4KB 0, 2MB 0, 4MB 0
[    1.435731] Last level dTLB entries: 4KB 0, 2MB 0, 4MB 0, 1GB 0
[    1.436762] Spectre V1 : Mitigation: usercopy/swapgs barriers and __user pointer sanitization
[    1.437731] Spectre V2 : Mitigation: Retpolines
[    1.438728] Spectre V2 : Spectre v2 / SpectreRSB mitigation: Filling RSB on context switch
[    1.439729] Spectre V2 : Spectre v2 / SpectreRSB : Filling RSB on VMEXIT
[    1.440729] Speculative Store Bypass: Vulnerable
[    1.441733] MDS: Vulnerable: Clear CPU buffers attempted, no microcode
[    1.442729] MMIO Stale Data: Unknown: No mitigations
[    1.548917] Freeing SMP alternatives memory: 40K
[    1.653725] smpboot: CPU0: Intel Common KVM processor (family: 0xf, model: 0x6, stepping: 0x1)
[    1.655628] calling  init_hw_perf_events+0x0/0x6ce @ 1
[    1.655741] Performance Events: unsupported Netburst CPU model 6 no PMU driver, software events only.
[    1.656740] initcall init_hw_perf_events+0x0/0x6ce returned 0 after 976 usecs
[    1.657738] calling  init_real_mode+0x0/0x1e9 @ 1
[    1.659087] initcall init_real_mode+0x0/0x1e9 returned 0 after 0 usecs
[    1.659738] calling  trace_init_perf_perm_irq_work_exit+0x0/0x12 @ 1
[    1.660735] initcall trace_init_perf_perm_irq_work_exit+0x0/0x12 returned 0 after 0 usecs
[    1.661734] calling  validate_x2apic+0x0/0x4a @ 1
[    1.662755] initcall validate_x2apic+0x0/0x4a returned 0 after 0 usecs
[    1.664732] calling  register_nmi_cpu_backtrace_handler+0x0/0x15 @ 1
[    1.665733] initcall register_nmi_cpu_backtrace_handler+0x0/0x15 returned 0 after 0 usecs
[    1.666733] calling  kvm_setup_vsyscall_timeinfo+0x0/0xd1 @ 1
[    1.667732] initcall kvm_setup_vsyscall_timeinfo+0x0/0xd1 returned 0 after 0 usecs
[    1.668733] calling  spawn_ksoftirqd+0x0/0x38 @ 1
[    1.669830] initcall spawn_ksoftirqd+0x0/0x38 returned 0 after 0 usecs
[    1.670731] calling  migration_init+0x0/0x3d @ 1
[    1.671732] initcall migration_init+0x0/0x3d returned 0 after 0 usecs
[    1.672733] calling  srcu_bootup_announce+0x0/0x2f @ 1
[    1.673735] rcu: Hierarchical SRCU implementation.
[    1.674732] initcall srcu_bootup_announce+0x0/0x2f returned 0 after 976 usecs
[    1.675732] calling  rcu_spawn_gp_kthread+0x0/0x1dd @ 1
[    1.676848] initcall rcu_spawn_gp_kthread+0x0/0x1dd returned 0 after 0 usecs
[    1.677754] calling  check_cpu_stall_init+0x0/0x1a @ 1
[    1.678734] initcall check_cpu_stall_init+0x0/0x1a returned 0 after 0 usecs
[    1.679733] calling  rcu_sysrq_init+0x0/0x21 @ 1
[    1.681734] initcall rcu_sysrq_init+0x0/0x21 returned 0 after 976 usecs
[    1.682741] calling  trace_init_flags_sys_enter+0x0/0xe @ 1
[    1.683735] initcall trace_init_flags_sys_enter+0x0/0xe returned 0 after 0 usecs
[    1.684733] calling  trace_init_flags_sys_exit+0x0/0xe @ 1
[    1.685734] initcall trace_init_flags_sys_exit+0x0/0xe returned 0 after 0 usecs
[    1.686733] calling  cpu_stop_init+0x0/0x6e @ 1
[    1.689036] initcall cpu_stop_init+0x0/0x6e returned 0 after 0 usecs
[    1.689735] calling  init_kprobes+0x0/0x165 @ 1
[    1.692283] initcall init_kprobes+0x0/0x165 returned 0 after 976 usecs
[    1.692735] calling  init_events+0x0/0x3d @ 1
[    1.693748] initcall init_events+0x0/0x3d returned 0 after 0 usecs
[    1.695770] calling  init_trace_printk+0x0/0xc @ 1
[    1.696748] initcall init_trace_printk+0x0/0xc returned 0 after 0 usecs
[    1.697732] calling  event_trace_enable_again+0x0/0x23 @ 1
[    1.698735] initcall event_trace_enable_again+0x0/0x23 returned 0 after 0 usecs
[    1.699735] calling  static_call_init+0x0/0x77 @ 1
[    1.700736] initcall static_call_init+0x0/0x77 returned 0 after 0 usecs
[    1.701773] calling  jump_label_init_module+0x0/0xc @ 1
[    1.703735] initcall jump_label_init_module+0x0/0xc returned 0 after 0 usecs
[    1.704735] calling  init_zero_pfn+0x0/0x37 @ 1
[    1.705734] initcall init_zero_pfn+0x0/0x37 returned 0 after 0 usecs
[    1.706733] calling  initialize_ptr_random+0x0/0x54 @ 1
[    1.707733] initcall initialize_ptr_random+0x0/0x54 returned 0 after 0 usecs
[    1.708732] calling  efi_memreserve_root_init+0x0/0x25 @ 1
[    1.709767] initcall efi_memreserve_root_init+0x0/0x25 returned 0 after 0 usecs
[    1.710732] calling  efi_earlycon_remap_fb+0x0/0x51 @ 1
[    1.711730] initcall efi_earlycon_remap_fb+0x0/0x51 returned 0 after 0 usecs
[    1.713017] smp: Bringing up secondary CPUs ...
[    1.716143] x86: Booting SMP configuration:
[    1.716729] .... node  #0, CPUs:      #1
[    1.100989] kvm-clock: cpu 1, msr 1c8b9041, secondary cpu clock
[    1.741047] kvm-guest: stealtime: cpu 1, msr 1f51b600
[    1.755115] smp: Brought up 1 node, 2 CPUs
[    1.755733] smpboot: Max logical packages: 1
[    1.756731] smpboot: Total of 2 processors activated (7999.99 BogoMIPS)
[    1.760875] devtmpfs: initialized
[    1.763014] calling  ipc_ns_init+0x0/0x3d @ 1
[    1.763798] initcall ipc_ns_init+0x0/0x3d returned 0 after 0 usecs
[    1.764733] calling  init_mmap_min_addr+0x0/0x21 @ 1
[    1.765733] initcall init_mmap_min_addr+0x0/0x21 returned 0 after 0 usecs
[    1.766731] calling  pci_realloc_setup_params+0x0/0x3f @ 1
[    1.767737] initcall pci_realloc_setup_params+0x0/0x3f returned 0 after 0 usecs
[    1.768731] calling  net_ns_init+0x0/0x140 @ 1
[    1.770066] initcall net_ns_init+0x0/0x140 returned 0 after 0 usecs
[    1.771750] calling  e820__register_nvs_regions+0x0/0x37 @ 1
[    1.772731] initcall e820__register_nvs_regions+0x0/0x37 returned 0 after 0 usecs
[    1.773736] calling  cpufreq_register_tsc_scaling+0x0/0x2e @ 1
[    1.775732] initcall cpufreq_register_tsc_scaling+0x0/0x2e returned 0 after 976 usecs
[    1.776733] calling  reboot_init+0x0/0x3c @ 1
[    1.777774] initcall reboot_init+0x0/0x3c returned 0 after 0 usecs
[    1.778740] calling  init_lapic_sysfs+0x0/0x20 @ 1
[    1.779734] initcall init_lapic_sysfs+0x0/0x20 returned 0 after 0 usecs
[    1.780733] calling  alloc_frozen_cpus+0x0/0x7 @ 1
[    1.781732] initcall alloc_frozen_cpus+0x0/0x7 returned 0 after 0 usecs
[    1.782732] calling  cpu_hotplug_pm_sync_init+0x0/0x13 @ 1
[    1.783732] initcall cpu_hotplug_pm_sync_init+0x0/0x13 returned 0 after 0 usecs
[    1.784731] calling  wq_sysfs_init+0x0/0x2a @ 1
[    1.785760] initcall wq_sysfs_init+0x0/0x2a returned 0 after 0 usecs
[    1.786731] calling  ksysfs_init+0x0/0x92 @ 1
[    1.787770] initcall ksysfs_init+0x0/0x92 returned 0 after 0 usecs
[    1.788732] calling  schedutil_gov_init+0x0/0xc @ 1
[    1.789767] initcall schedutil_gov_init+0x0/0xc returned 0 after 0 usecs
[    1.790737] calling  pm_init+0x0/0x76 @ 1
[    1.791774] initcall pm_init+0x0/0x76 returned 0 after 0 usecs
[    1.792730] calling  pm_disk_init+0x0/0x13 @ 1
[    1.793735] initcall pm_disk_init+0x0/0x13 returned 0 after 0 usecs
[    1.794732] calling  swsusp_header_init+0x0/0x2b @ 1
[    1.795734] initcall swsusp_header_init+0x0/0x2b returned 0 after 0 usecs
[    1.796731] calling  rcu_set_runtime_mode+0x0/0x16 @ 1
[    1.797731] initcall rcu_set_runtime_mode+0x0/0x16 returned 0 after 0 usecs
[    1.798732] calling  init_jiffies_clocksource+0x0/0x13 @ 1
[    1.799734] clocksource: jiffies: mask: 0xffffffff max_cycles: 0xffffffff, max_idle_ns: 1911260446275000 ns
[    1.800740] initcall init_jiffies_clocksource+0x0/0x13 returned 0 after 976 usecs
[    1.801739] calling  futex_init+0x0/0xfa @ 1
[    1.802736] futex hash table entries: 512 (order: 3, 32768 bytes, linear)
[    1.803854] initcall futex_init+0x0/0xfa returned 0 after 976 usecs
[    1.804733] calling  cgroup_wq_init+0x0/0x28 @ 1
[    1.805737] initcall cgroup_wq_init+0x0/0x28 returned 0 after 0 usecs
[    1.806732] calling  cgroup1_wq_init+0x0/0x28 @ 1
[    1.807735] initcall cgroup1_wq_init+0x0/0x28 returned 0 after 0 usecs
[    1.808751] calling  init_kprobe_trace_early+0x0/0x2a @ 1
[    1.809741] initcall init_kprobe_trace_early+0x0/0x2a returned 0 after 0 usecs
[    1.810733] calling  fsnotify_init+0x0/0x48 @ 1
[    1.811743] initcall fsnotify_init+0x0/0x48 returned 0 after 0 usecs
[    1.812732] calling  filelock_init+0x0/0x96 @ 1
[    1.813740] initcall filelock_init+0x0/0x96 returned 0 after 0 usecs
[    1.814731] calling  init_misc_binfmt+0x0/0x2c @ 1
[    1.815733] initcall init_misc_binfmt+0x0/0x2c returned 0 after 0 usecs
[    1.816731] calling  init_script_binfmt+0x0/0x15 @ 1
[    1.817731] initcall init_script_binfmt+0x0/0x15 returned 0 after 0 usecs
[    1.818748] calling  init_elf_binfmt+0x0/0x15 @ 1
[    1.819731] initcall init_elf_binfmt+0x0/0x15 returned 0 after 0 usecs
[    1.820731] calling  init_compat_elf_binfmt+0x0/0x15 @ 1
[    1.821736] initcall init_compat_elf_binfmt+0x0/0x15 returned 0 after 0 usecs
[    1.822736] calling  debugfs_init+0x0/0x5c @ 1
[    1.823744] initcall debugfs_init+0x0/0x5c returned 0 after 0 usecs
[    1.824736] calling  tracefs_init+0x0/0x3a @ 1
[    1.825743] initcall tracefs_init+0x0/0x3a returned 0 after 0 usecs
[    1.826735] calling  prandom_init_early+0x0/0x15d @ 1
[    1.827736] initcall prandom_init_early+0x0/0x15d returned 0 after 0 usecs
[    1.828889] calling  virtio_init+0x0/0x20 @ 1
[    1.829838] initcall virtio_init+0x0/0x20 returned 0 after 0 usecs
[    1.830732] calling  iommu_init+0x0/0x2a @ 1
[    1.831736] initcall iommu_init+0x0/0x2a returned 0 after 0 usecs
[    1.832731] calling  component_debug_init+0x0/0x1c @ 1
[    1.834769] initcall component_debug_init+0x0/0x1c returned 0 after 0 usecs
[    1.835732] calling  early_resume_init+0x0/0xb9 @ 1
[    1.837729] PM: RTC time: 02:52:21, date: 2022-12-13
[    1.838733] initcall early_resume_init+0x0/0xb9 returned 0 after 1953 usecs
[    1.839738] calling  cpufreq_core_init+0x0/0x62 @ 1
[    1.840740] initcall cpufreq_core_init+0x0/0x62 returned 0 after 0 usecs
[    1.841734] calling  cpufreq_gov_performance_init+0x0/0xc @ 1
[    1.842734] initcall cpufreq_gov_performance_init+0x0/0xc returned 0 after 0 usecs
[    1.843734] calling  cpufreq_gov_userspace_init+0x0/0xc @ 1
[    1.844736] initcall cpufreq_gov_userspace_init+0x0/0xc returned 0 after 0 usecs
[    1.845734] calling  CPU_FREQ_GOV_ONDEMAND_init+0x0/0xc @ 1
[    1.846734] initcall CPU_FREQ_GOV_ONDEMAND_init+0x0/0xc returned 0 after 0 usecs
[    1.847734] calling  cpuidle_init+0x0/0x1f @ 1
[    1.848740] initcall cpuidle_init+0x0/0x1f returned 0 after 0 usecs
[    1.849732] calling  capsule_reboot_register+0x0/0xc @ 1
[    1.851768] initcall capsule_reboot_register+0x0/0xc returned 0 after 0 usecs
[    1.852730] calling  sock_init+0x0/0x93 @ 1
[    1.854341] initcall sock_init+0x0/0x93 returned 0 after 0 usecs
[    1.854731] calling  net_inuse_init+0x0/0x23 @ 1
[    1.855733] initcall net_inuse_init+0x0/0x23 returned 0 after 0 usecs
[    1.856731] calling  net_defaults_init+0x0/0x23 @ 1
[    1.857731] initcall net_defaults_init+0x0/0x23 returned 0 after 0 usecs
[    1.858730] calling  init_default_flow_dissectors+0x0/0x4f @ 1
[    1.859731] initcall init_default_flow_dissectors+0x0/0x4f returned 0 after 0 usecs
[    1.860732] calling  netpoll_init+0x0/0x26 @ 1
[    1.861731] initcall netpoll_init+0x0/0x26 returned 0 after 0 usecs
[    1.862734] calling  netlink_proto_init+0x0/0x14f @ 1
[    1.864911] NET: Registered protocol family 16
[    1.865773] initcall netlink_proto_init+0x0/0x14f returned 0 after 1953 usecs
[    1.866748] calling  genl_init+0x0/0x35 @ 1
[    1.867742] initcall genl_init+0x0/0x35 returned 0 after 0 usecs
[    1.868747] calling  bsp_pm_check_init+0x0/0x13 @ 1
[    1.869733] initcall bsp_pm_check_init+0x0/0x13 returned 0 after 0 usecs
[    1.870777] calling  irq_sysfs_init+0x0/0xb7 @ 1
[    1.871871] initcall irq_sysfs_init+0x0/0xb7 returned 0 after 0 usecs
[    1.873733] calling  audit_init+0x0/0x160 @ 1
[    1.874733] audit: initializing netlink subsys (disabled)
[    1.875951] initcall audit_init+0x0/0x160 returned 0 after 976 usecs
[    1.876733] calling  release_early_probes+0x0/0x32 @ 1
[    1.877734] initcall release_early_probes+0x0/0x32 returned 0 after 0 usecs
[    1.878737] calling  bdi_class_init+0x0/0x48 @ 1
[    1.879759] initcall bdi_class_init+0x0/0x48 returned 0 after 0 usecs
[    1.880737] calling  mm_sysfs_init+0x0/0x28 @ 1
[    1.882756] audit: type=2000 audit(1670899940.003:1): state=initialized audit_enabled=0 res=1
[    1.882814] initcall mm_sysfs_init+0x0/0x28 returned 0 after 976 usecs
[    1.891738] calling  init_per_zone_wmark_min+0x0/0x6d @ 1
[    1.897739] initcall init_per_zone_wmark_min+0x0/0x6d returned 0 after 0 usecs
[    1.905737] calling  mpi_init+0x0/0x3e @ 1
[    1.910786] initcall mpi_init+0x0/0x3e returned 0 after 0 usecs
[    1.917736] calling  kobject_uevent_init+0x0/0xc @ 1
[    1.923861] initcall kobject_uevent_init+0x0/0xc returned 0 after 0 usecs
[    1.931734] calling  pcibus_class_init+0x0/0x13 @ 1
[    1.936890] initcall pcibus_class_init+0x0/0x13 returned 0 after 0 usecs
[    1.944733] calling  pci_driver_init+0x0/0x21 @ 1
[    1.950788] initcall pci_driver_init+0x0/0x21 returned 0 after 0 usecs
[    1.957733] calling  backlight_class_init+0x0/0xa8 @ 1
[    1.963765] initcall backlight_class_init+0x0/0xa8 returned 0 after 0 usecs
[    1.971732] calling  tty_class_init+0x0/0x33 @ 1
[    1.976742] initcall tty_class_init+0x0/0x33 returned 0 after 0 usecs
[    1.984736] calling  vtconsole_class_init+0x0/0xb5 @ 1
[    1.990733] initcall vtconsole_class_init+0x0/0xb5 returned 0 after 0 usecs
[    1.998734] calling  iommu_dev_init+0x0/0x13 @ 1
[    2.003741] initcall iommu_dev_init+0x0/0x13 returned 0 after 0 usecs
[    2.011733] calling  mipi_dsi_bus_init+0x0/0xc @ 1
[    2.017766] initcall mipi_dsi_bus_init+0x0/0xc returned 0 after 0 usecs
[    2.025733] calling  devlink_class_init+0x0/0x40 @ 1
[    2.030741] initcall devlink_class_init+0x0/0x40 returned 0 after 0 usecs
[    2.039735] calling  software_node_init+0x0/0x2a @ 1
[    2.044738] initcall software_node_init+0x0/0x2a returned 0 after 0 usecs
[    2.054743] calling  wakeup_sources_debugfs_init+0x0/0x23 @ 1
[    2.062843] initcall wakeup_sources_debugfs_init+0x0/0x23 returned 0 after 0 usecs
[    2.073737] calling  wakeup_sources_sysfs_init+0x0/0x2c @ 1
[    2.081755] initcall wakeup_sources_sysfs_init+0x0/0x2c returned 0 after 0 usecs
[    2.089733] calling  register_node_type+0x0/0x13 @ 1
[    2.095765] initcall register_node_type+0x0/0x13 returned 0 after 0 usecs
[    2.103731] calling  regmap_initcall+0x0/0xc @ 1
[    2.108745] initcall regmap_initcall+0x0/0xc returned 0 after 0 usecs
[    2.116733] calling  i2c_init+0x0/0xb3 @ 1
[    2.121824] initcall i2c_init+0x0/0xb3 returned 0 after 0 usecs
[    2.128735] calling  thermal_init+0x0/0xf2 @ 1
[    2.133733] thermal_sys: Registered thermal governor 'step_wise'
[    2.133734] thermal_sys: Registered thermal governor 'user_space'
[    2.140753] initcall thermal_init+0x0/0xf2 returned 0 after 6835 usecs
[    2.155735] calling  init_menu+0x0/0xc @ 1
[    2.161735] cpuidle: using governor menu
[    2.162741] initcall init_menu+0x0/0xc returned 0 after 1953 usecs
[    2.163735] calling  pcc_init+0x0/0x4d @ 1
[    2.164738] initcall pcc_init+0x0/0x4d returned -19 after 0 usecs
[    2.165736] calling  amd_postcore_init+0x0/0x11e @ 1
[    2.166733] initcall amd_postcore_init+0x0/0x11e returned 0 after 0 usecs
[    2.167762] calling  bts_init+0x0/0xba @ 1
[    2.168733] initcall bts_init+0x0/0xba returned -19 after 0 usecs
[    2.169734] calling  pt_init+0x0/0x341 @ 1
[    2.170735] initcall pt_init+0x0/0x341 returned -19 after 0 usecs
[    2.171733] calling  boot_params_ksysfs_init+0x0/0x2ee @ 1
[    2.172746] initcall boot_params_ksysfs_init+0x0/0x2ee returned 0 after 0 usecs
[    2.173732] calling  sbf_init+0x0/0xea @ 1
[    2.174733] initcall sbf_init+0x0/0xea returned 0 after 0 usecs
[    2.175734] calling  arch_kdebugfs_init+0x0/0x219 @ 1
[    2.176748] initcall arch_kdebugfs_init+0x0/0x219 returned 0 after 0 usecs
[    2.177732] calling  intel_pconfig_init+0x0/0x85 @ 1
[    2.178731] initcall intel_pconfig_init+0x0/0x85 returned 0 after 0 usecs
[    2.179731] calling  mtrr_if_init+0x0/0x5d @ 1
[    2.180735] initcall mtrr_if_init+0x0/0x5d returned 0 after 0 usecs
[    2.181731] calling  activate_jump_labels+0x0/0x31 @ 1
[    2.182735] initcall activate_jump_labels+0x0/0x31 returned 0 after 0 usecs
[    2.183736] calling  ffh_cstate_init+0x0/0x29 @ 1
[    2.184740] initcall ffh_cstate_init+0x0/0x29 returned 0 after 0 usecs
[    2.186734] calling  activate_jump_labels+0x0/0x31 @ 1
[    2.188733] initcall activate_jump_labels+0x0/0x31 returned 0 after 976 usecs
[    2.189750] calling  kvm_alloc_cpumask+0x0/0x74 @ 1
[    2.190780] initcall kvm_alloc_cpumask+0x0/0x74 returned 0 after 0 usecs
[    2.191733] calling  kcmp_cookies_init+0x0/0x37 @ 1
[    2.192738] initcall kcmp_cookies_init+0x0/0x37 returned 0 after 0 usecs
[    2.193732] calling  cryptomgr_init+0x0/0xc @ 1
[    2.194795] initcall cryptomgr_init+0x0/0xc returned 0 after 0 usecs
[    2.195732] calling  acpi_pci_init+0x0/0x57 @ 1
[    2.196730] ACPI: bus type PCI registered
[    2.197731] initcall acpi_pci_init+0x0/0x57 returned 0 after 976 usecs
[    2.198734] calling  dma_channel_table_init+0x0/0xd1 @ 1
[    2.199741] initcall dma_channel_table_init+0x0/0xd1 returned 0 after 0 usecs
[    2.200732] calling  dma_bus_init+0x0/0xdc @ 1
[    2.202759] initcall dma_bus_init+0x0/0xdc returned 0 after 0 usecs
[    2.203801] calling  iommu_dma_init+0x0/0x10 @ 1
[    2.204735] initcall iommu_dma_init+0x0/0x10 returned 0 after 0 usecs
[    2.205749] calling  dmi_id_init+0x0/0x37c @ 1
[    2.206846] initcall dmi_id_init+0x0/0x37c returned 0 after 0 usecs
[    2.207736] calling  pci_arch_init+0x0/0x71 @ 1
[    2.210034] PCI: MMCONFIG for domain 0000 [bus 00-ff] at [mem 0xb0000000-0xbfffffff] (base 0xb0000000)
[    2.210737] PCI: MMCONFIG at [mem 0xb0000000-0xbfffffff] reserved in E820
[    2.211774] PCI: Using configuration type 1 for base access
[    2.212769] initcall pci_arch_init+0x0/0x71 returned 0 after 3906 usecs
[    2.213767] calling  init_vdso+0x0/0x13 @ 1
[    2.214752] initcall init_vdso+0x0/0x13 returned 0 after 0 usecs
[    2.215733] calling  sysenter_setup+0x0/0x13 @ 1
[    2.216738] initcall sysenter_setup+0x0/0x13 returned 0 after 0 usecs
[    2.217731] calling  fixup_ht_bug+0x0/0xe5 @ 1
[    2.218731] initcall fixup_ht_bug+0x0/0xe5 returned 0 after 0 usecs
[    2.219732] calling  topology_init+0x0/0x88 @ 1
[    2.220839] initcall topology_init+0x0/0x88 returned 0 after 0 usecs
[    2.221731] calling  intel_epb_init+0x0/0x68 @ 1
[    2.222731] initcall intel_epb_init+0x0/0x68 returned -19 after 0 usecs
[    2.223736] calling  mtrr_init_finialize+0x0/0x3e @ 1
[    2.224731] initcall mtrr_init_finialize+0x0/0x3e returned 0 after 0 usecs
[    2.225732] calling  uid_cache_init+0x0/0x85 @ 1
[    2.226737] initcall uid_cache_init+0x0/0x85 returned 0 after 0 usecs
[    2.227731] calling  param_sysfs_init+0x0/0x1ba @ 1
[    2.232861] initcall param_sysfs_init+0x0/0x1ba returned 0 after 3906 usecs
[    2.233748] calling  user_namespace_sysctl_init+0x0/0x33 @ 1
[    2.234756] initcall user_namespace_sysctl_init+0x0/0x33 returned 0 after 0 usecs
[    2.235731] calling  proc_schedstat_init+0x0/0x24 @ 1
[    2.236734] initcall proc_schedstat_init+0x0/0x24 returned 0 after 0 usecs
[    2.237741] calling  pm_sysrq_init+0x0/0x18 @ 1
[    2.239748] initcall pm_sysrq_init+0x0/0x18 returned 0 after 976 usecs
[    2.247745] calling  create_proc_profile+0x0/0xd0 @ 1
[    2.253736] initcall create_proc_profile+0x0/0xd0 returned 0 after 0 usecs
[    2.262736] calling  time_ns_init+0x0/0x7 @ 1
[    2.267734] initcall time_ns_init+0x0/0x7 returned 0 after 0 usecs
[    2.274735] calling  crash_save_vmcoreinfo_init+0x0/0x722 @ 1
[    2.281802] initcall crash_save_vmcoreinfo_init+0x0/0x722 returned 0 after 0 usecs
[    2.290735] calling  crash_notes_memory_init+0x0/0x35 @ 1
[    2.297744] initcall crash_notes_memory_init+0x0/0x35 returned 0 after 0 usecs
[    2.306734] calling  cgroup_sysfs_init+0x0/0x13 @ 1
[    2.311742] initcall cgroup_sysfs_init+0x0/0x13 returned 0 after 0 usecs
[    2.319734] calling  cgroup_namespaces_init+0x0/0x7 @ 1
[    2.325733] initcall cgroup_namespaces_init+0x0/0x7 returned 0 after 0 usecs
[    2.334734] calling  init_optprobes+0x0/0x13 @ 1
[    2.340732] Kprobes globally optimized
[    2.344734] initcall init_optprobes+0x0/0x13 returned 0 after 3906 usecs
[    2.353734] calling  oom_init+0x0/0x2f @ 1
[    2.359162] initcall oom_init+0x0/0x2f returned 0 after 0 usecs
[    2.366751] calling  default_bdi_init+0x0/0xb3 @ 1
[    2.373732] initcall default_bdi_init+0x0/0xb3 returned 0 after 976 usecs
[    2.381735] calling  percpu_enable_async+0x0/0xe @ 1
[    2.387734] initcall percpu_enable_async+0x0/0xe returned 0 after 0 usecs
[    2.396733] calling  kcompactd_init+0x0/0x8d @ 1
[    2.403106] initcall kcompactd_init+0x0/0x8d returned 0 after 976 usecs
[    2.411784] calling  init_user_reserve+0x0/0x40 @ 1
[    2.415753] initcall init_user_reserve+0x0/0x40 returned 0 after 0 usecs
[    2.422741] calling  init_admin_reserve+0x0/0x40 @ 1
[    2.428740] initcall init_admin_reserve+0x0/0x40 returned 0 after 0 usecs
[    2.436736] calling  init_reserve_notifier+0x0/0x7 @ 1
[    2.442734] initcall init_reserve_notifier+0x0/0x7 returned 0 after 0 usecs
[    2.450734] calling  swap_init_sysfs+0x0/0x62 @ 1
[    2.456744] initcall swap_init_sysfs+0x0/0x62 returned 0 after 0 usecs
[    2.464732] calling  swapfile_init+0x0/0x94 @ 1
[    2.469734] initcall swapfile_init+0x0/0x94 returned 0 after 0 usecs
[    2.478733] calling  hugetlb_init+0x0/0x499 @ 1
[    2.484748] HugeTLB registered 2.00 MiB page size, pre-allocated 0 pages
[    2.491786] initcall hugetlb_init+0x0/0x499 returned 0 after 6835 usecs
[    2.499739] calling  io_wq_init+0x0/0x34 @ 1
[    2.503732] initcall io_wq_init+0x0/0x34 returned 0 after 0 usecs
[    2.509733] calling  seqiv_module_init+0x0/0xc @ 1
[    2.514734] initcall seqiv_module_init+0x0/0xc returned 0 after 0 usecs
[    2.522733] calling  echainiv_module_init+0x0/0xc @ 1
[    2.529735] initcall echainiv_module_init+0x0/0xc returned 0 after 0 usecs
[    2.538832] calling  rsa_init+0x0/0x50 @ 1
[    2.546740] initcall rsa_init+0x0/0x50 returned 0 after 1953 usecs
[    2.546901] cryptomgr_test (31) used greatest stack depth: 15184 bytes left
[    2.548725] calling  crypto_cmac_module_init+0x0/0xc @ 1
[    2.556740] initcall crypto_cmac_module_init+0x0/0xc returned 0 after 0 usecs
[    2.566738] calling  hmac_module_init+0x0/0xc @ 1
[    2.572735] initcall hmac_module_init+0x0/0xc returned 0 after 0 usecs
[    2.581740] calling  crypto_null_mod_init+0x0/0x65 @ 1
[    2.593179] cryptomgr_test (33) used greatest stack depth: 15136 bytes left
[    2.595050] initcall crypto_null_mod_init+0x0/0x65 returned 0 after 7812 usecs
[    2.603739] calling  md5_mod_init+0x0/0xc @ 1
[    2.612043] initcall md5_mod_init+0x0/0xc returned 0 after 1953 usecs
[    2.621739] calling  sha256_generic_mod_init+0x0/0x11 @ 1
[    2.633738] initcall sha256_generic_mod_init+0x0/0x11 returned 0 after 4882 usecs
[    2.644740] calling  crypto_cbc_module_init+0x0/0xc @ 1
[    2.651736] initcall crypto_cbc_module_init+0x0/0xc returned 0 after 0 usecs
[    2.659737] calling  crypto_ctr_module_init+0x0/0x11 @ 1
[    2.666734] initcall crypto_ctr_module_init+0x0/0x11 returned 0 after 0 usecs
[    2.675734] calling  crypto_gcm_module_init+0x0/0x64 @ 1
[    2.683735] initcall crypto_gcm_module_init+0x0/0x64 returned 0 after 1953 usecs
[    2.690725] calling  crypto_ccm_module_init+0x0/0x11 @ 1
[    2.703011] initcall crypto_ccm_module_init+0x0/0x11 returned 0 after 0 usecs
[    2.710748] calling  aes_init+0x0/0xc @ 1
[    2.726738] initcall aes_init+0x0/0xc returned 0 after 10742 usecs
[    2.734736] calling  crc32c_mod_init+0x0/0xc @ 1
[    2.742915] initcall crc32c_mod_init+0x0/0xc returned 0 after 1953 usecs
[    2.750735] calling  crypto_authenc_module_init+0x0/0xc @ 1
[    2.756734] initcall crypto_authenc_module_init+0x0/0xc returned 0 after 0 usecs
[    2.766733] calling  crypto_authenc_esn_module_init+0x0/0xc @ 1
[    2.771737] initcall crypto_authenc_esn_module_init+0x0/0xc returned 0 after 0 usecs
[    2.781738] calling  drbg_init+0x0/0x7c @ 1
[    2.797089] initcall drbg_init+0x0/0x7c returned 0 after 8789 usecs
[    2.803733] calling  ghash_mod_init+0x0/0xc @ 1
[    2.814738] initcall ghash_mod_init+0x0/0xc returned 0 after 3906 usecs
[    2.822734] calling  init_bio+0x0/0x9a @ 1
[    2.838354] initcall init_bio+0x0/0x9a returned 0 after 8789 usecs
[    2.847735] calling  blk_settings_init+0x0/0x29 @ 1
[    2.854734] initcall blk_settings_init+0x0/0x29 returned 0 after 0 usecs
[    2.864735] calling  blk_ioc_init+0x0/0x29 @ 1
[    2.871740] initcall blk_ioc_init+0x0/0x29 returned 0 after 0 usecs
[    2.880735] calling  blk_mq_init+0x0/0xb9 @ 1
[    2.887734] initcall blk_mq_init+0x0/0xb9 returned 0 after 1953 usecs
[    2.896735] calling  genhd_device_init+0x0/0x75 @ 1
[    2.920735] initcall genhd_device_init+0x0/0x75 returned 0 after 17578 usecs
[    2.930725] calling  pci_slot_init+0x0/0x40 @ 1
[    2.939986] initcall pci_slot_init+0x0/0x40 returned 0 after 976 usecs
[    2.945736] calling  fbmem_init+0x0/0xd8 @ 1
[    2.956520] initcall fbmem_init+0x0/0xd8 returned 0 after 3906 usecs
[    2.966735] calling  acpi_init+0x0/0x319 @ 1
[    2.974891] ACPI: Added _OSI(Module Device)
[    2.979733] ACPI: Added _OSI(Processor Device)
[    2.986734] ACPI: Added _OSI(3.0 _SCP Extensions)
[    2.992733] ACPI: Added _OSI(Processor Aggregator Device)
[    3.000734] ACPI: Added _OSI(Linux-Dell-Video)
[    3.005733] ACPI: Added _OSI(Linux-Lenovo-NV-HDMI-Audio)
[    3.012740] ACPI: Added _OSI(Linux-HPI-Hybrid-Graphics)
[    3.028965] ACPI: 1 ACPI AML tables successfully acquired and loaded
[    3.049970] ACPI: Interpreter enabled
[    3.057205] ACPI: (supports S0 S3 S4 S5)
[    3.059994] ACPI: Using IOAPIC for interrupt routing
[    3.064984] PCI: Using host bridge windows from ACPI; if necessary, use "pci=nocrs" and report a bug
[    3.080706] ACPI: Enabled 2 GPEs in block 00 to 3F
[    3.107229] ACPI: PCI Root Bridge [PCI0] (domain 0000 [bus 00-ff])
[    3.113907] acpi PNP0A08:00: _OSC: OS supports [ExtendedConfig ASPM ClockPM Segments MSI HPX-Type3]
[    3.126821] acpi PNP0A08:00: _OSC: platform does not support [LTR]
[    3.134803] acpi PNP0A08:00: _OSC: OS now controls [PME PCIeCapability]
[    3.144273] PCI host bridge to bus 0000:00
[    3.149733] pci_bus 0000:00: root bus resource [io  0x0000-0x0cf7 window]
[    3.157756] pci_bus 0000:00: root bus resource [io  0x0d00-0xffff window]
[    3.167737] pci_bus 0000:00: root bus resource [mem 0x000a0000-0x000bffff window]
[    3.177757] pci_bus 0000:00: root bus resource [mem 0x20000000-0xafffffff window]
[    3.187737] pci_bus 0000:00: root bus resource [mem 0xc0000000-0xfebfffff window]
[    3.196732] pci_bus 0000:00: root bus resource [mem 0x100000000-0x8ffffffff window]
[    3.206738] pci_bus 0000:00: root bus resource [bus 00-ff]
[    3.214859] pci 0000:00:00.0: calling  quirk_mmio_always_on+0x0/0x10 @ 1
[    3.222740] pci 0000:00:00.0: quirk_mmio_always_on+0x0/0x10 took 0 usecs
[    3.231731] pci 0000:00:00.0: [8086:29c0] type 00 class 0x060000
[    3.242931] pci 0000:00:00.0: calling  quirk_igfx_skip_te_disable+0x0/0x80 @ 1
[    3.253814] pci 0000:00:00.0: quirk_igfx_skip_te_disable+0x0/0x80 took 0 usecs
[    3.266662] pci 0000:00:01.0: [1234:1111] type 00 class 0x030000
[    3.283569] pci 0000:00:01.0: reg 0x10: [mem 0xfd000000-0xfdffffff pref]
[    3.302725] pci 0000:00:01.0: reg 0x18: [mem 0xfebf0000-0xfebf0fff]
[    3.329346] pci 0000:00:01.0: reg 0x30: [mem 0xfebe0000-0xfebeffff pref]
[    3.344725] pci 0000:00:01.0: calling  efifb_fixup_resources+0x0/0xf0 @ 1
[    3.353802] pci 0000:00:01.0: efifb_fixup_resources+0x0/0xf0 took 0 usecs
[    3.375356] pci 0000:00:1f.0: [8086:2918] type 00 class 0x060100
[    3.388278] pci 0000:00:1f.0: calling  quirk_ich7_lpc+0x0/0x60 @ 1
[    3.397187] pci 0000:00:1f.0: quirk: [io  0x0600-0x067f] claimed by ICH6 ACPI/GPIO/TCO
[    3.409999] pci 0000:00:1f.0: quirk_ich7_lpc+0x0/0x60 took 12695 usecs
[    3.420725] pci 0000:00:1f.0: calling  quirk_igfx_skip_te_disable+0x0/0x80 @ 1
[    3.430353] pci 0000:00:1f.0: quirk_igfx_skip_te_disable+0x0/0x80 took 976 usecs
[    3.441111] pci 0000:00:1f.2: [8086:2922] type 00 class 0x010601
[    3.458734] pci 0000:00:1f.2: reg 0x20: [io  0xc040-0xc05f]
[    3.468738] pci 0000:00:1f.2: reg 0x24: [mem 0xfebf1000-0xfebf1fff]
[    3.479483] pci 0000:00:1f.2: calling  quirk_igfx_skip_te_disable+0x0/0x80 @ 1
[    3.488738] pci 0000:00:1f.2: quirk_igfx_skip_te_disable+0x0/0x80 took 0 usecs
[    3.501291] pci 0000:00:1f.3: [8086:2930] type 00 class 0x0c0500
[    3.514736] pci 0000:00:1f.3: reg 0x20: [io  0x0700-0x073f]
[    3.525324] pci 0000:00:1f.3: calling  quirk_igfx_skip_te_disable+0x0/0x80 @ 1
[    3.538747] pci 0000:00:1f.3: quirk_igfx_skip_te_disable+0x0/0x80 took 0 usecs
[    3.571425] ACPI: PCI Interrupt Link [LNKA] (IRQs 5 *10 11)
[    3.578209] ACPI: PCI Interrupt Link [LNKB] (IRQs 5 *10 11)
[    3.586745] ACPI: PCI Interrupt Link [LNKC] (IRQs 5 10 *11)
[    3.593956] ACPI: PCI Interrupt Link [LNKD] (IRQs 5 10 *11)
[    3.601050] ACPI: PCI Interrupt Link [LNKE] (IRQs 5 *10 11)
[    3.608142] ACPI: PCI Interrupt Link [LNKF] (IRQs 5 *10 11)
[    3.616959] ACPI: PCI Interrupt Link [LNKG] (IRQs 5 10 *11)
[    3.626134] ACPI: PCI Interrupt Link [LNKH] (IRQs 5 10 *11)
[    3.632957] ACPI: PCI Interrupt Link [GSIA] (IRQs *16)
[    3.639732] ACPI: PCI Interrupt Link [GSIB] (IRQs *17)
[    3.645794] ACPI: PCI Interrupt Link [GSIC] (IRQs *18)
[    3.652744] ACPI: PCI Interrupt Link [GSID] (IRQs *19)
[    3.658763] ACPI: PCI Interrupt Link [GSIE] (IRQs *20)
[    3.666768] ACPI: PCI Interrupt Link [GSIF] (IRQs *21)
[    3.672814] ACPI: PCI Interrupt Link [GSIG] (IRQs *22)
[    3.678855] ACPI: PCI Interrupt Link [GSIH] (IRQs *23)
[    3.692138] initcall acpi_init+0x0/0x319 returned 0 after 702148 usecs
[    3.699731] calling  pnp_init+0x0/0xc @ 1
[    3.705853] initcall pnp_init+0x0/0xc returned 0 after 0 usecs
[    3.712734] calling  misc_init+0x0/0xbf @ 1
[    3.718750] initcall misc_init+0x0/0xbf returned 0 after 976 usecs
[    3.725735] calling  iommu_subsys_init+0x0/0x4e @ 1
[    3.732753] iommu: Default domain type: Translated 
[    3.738733] initcall iommu_subsys_init+0x0/0x4e returned 0 after 5859 usecs
[    3.747734] calling  vga_arb_device_init+0x0/0x261 @ 1
[    3.760845] pci 0000:00:01.0: vgaarb: setting as boot VGA device
[    3.761725] pci 0000:00:01.0: vgaarb: VGA device added: decodes=io+mem,owns=io+mem,locks=none
[    3.778736] pci 0000:00:01.0: vgaarb: bridge control possible
[    3.786731] vgaarb: loaded
[    3.790741] initcall vga_arb_device_init+0x0/0x261 returned 0 after 36132 usecs
[    3.800725] calling  cn_init+0x0/0xf0 @ 1
[    3.808171] initcall cn_init+0x0/0xf0 returned 0 after 3906 usecs
[    3.814736] calling  dma_buf_init+0x0/0xad @ 1
[    3.824738] initcall dma_buf_init+0x0/0xad returned 0 after 4882 usecs
[    3.832735] calling  init_scsi+0x0/0x79 @ 1
[    3.842741] SCSI subsystem initialized
[    3.848233] initcall init_scsi+0x0/0x79 returned 0 after 9765 usecs
[    3.855733] calling  ata_init+0x0/0x332 @ 1
[    3.883274] libata version 3.00 loaded.
[    3.884740] initcall ata_init+0x0/0x332 returned 0 after 22460 usecs
[    3.893737] calling  phy_init+0x0/0x250 @ 1
[    3.899745] initcall phy_init+0x0/0x250 returned 0 after 976 usecs
[    3.906736] calling  init_pcmcia_cs+0x0/0x35 @ 1
[    3.911974] initcall init_pcmcia_cs+0x0/0x35 returned 0 after 0 usecs
[    3.919735] calling  usb_common_init+0x0/0x1c @ 1
[    3.924993] initcall usb_common_init+0x0/0x1c returned 0 after 0 usecs
[    3.928734] calling  usb_init+0x0/0x12e @ 1
[    3.934366] ACPI: bus type USB registered
[    3.939728] usbcore: registered new interface driver usbfs
[    3.945730] usbcore: registered new interface driver hub
[    3.947749] usbcore: registered new device driver usb
[    3.955737] initcall usb_init+0x0/0x12e returned 0 after 21484 usecs
[    3.964736] calling  serio_init+0x0/0x29 @ 1
[    3.969996] initcall serio_init+0x0/0x29 returned 0 after 0 usecs
[    3.975740] calling  input_init+0x0/0xf6 @ 1
[    3.981734] initcall input_init+0x0/0xf6 returned 0 after 976 usecs
[    3.990734] calling  rtc_init+0x0/0x4d @ 1
[    3.994745] initcall rtc_init+0x0/0x4d returned 0 after 0 usecs
[    3.999735] calling  pps_init+0x0/0xa9 @ 1
[    4.006743] pps_core: LinuxPPS API ver. 1 registered
[    4.012730] pps_core: Software ver. 5.3.6 - Copyright 2005-2007 Rodolfo Giometti <giometti@linux.it>
[    4.023784] initcall pps_init+0x0/0xa9 returned 0 after 16601 usecs
[    4.031733] calling  ptp_init+0x0/0x98 @ 1
[    4.036744] PTP clock support registered
[    4.040735] initcall ptp_init+0x0/0x98 returned 0 after 3906 usecs
[    4.048736] calling  power_supply_class_init+0x0/0x3f @ 1
[    4.055854] initcall power_supply_class_init+0x0/0x3f returned 0 after 0 usecs
[    4.063734] calling  hwmon_init+0x0/0x104 @ 1
[    4.069765] initcall hwmon_init+0x0/0x104 returned 0 after 0 usecs
[    4.076784] calling  md_init+0x0/0x16b @ 1
[    4.083094] initcall md_init+0x0/0x16b returned 0 after 976 usecs
[    4.090737] calling  leds_init+0x0/0x3b @ 1
[    4.095832] initcall leds_init+0x0/0x3b returned 0 after 0 usecs
[    4.102735] calling  dmi_init+0x0/0x113 @ 1
[    4.108986] initcall dmi_init+0x0/0x113 returned 0 after 0 usecs
[    4.115735] calling  efisubsys_init+0x0/0x4e7 @ 1
[    4.121731] initcall efisubsys_init+0x0/0x4e7 returned 0 after 0 usecs
[    4.129735] calling  nvmem_init+0x0/0xc @ 1
[    4.131891] initcall nvmem_init+0x0/0xc returned 0 after 0 usecs
[    4.141864] calling  init_soundcore+0x0/0x33 @ 1
[    4.148843] initcall init_soundcore+0x0/0x33 returned 0 after 0 usecs
[    4.157733] calling  alsa_sound_init+0x0/0x8f @ 1
[    4.163858] Advanced Linux Sound Architecture Driver Initialized.
[    4.171741] initcall alsa_sound_init+0x0/0x8f returned 0 after 7812 usecs
[    4.181743] calling  alsa_seq_device_init+0x0/0x71 @ 1
[    4.188811] initcall alsa_seq_device_init+0x0/0x71 returned 0 after 0 usecs
[    4.198862] calling  hda_bus_init+0x0/0xc @ 1
[    4.205748] initcall hda_bus_init+0x0/0xc returned 0 after 0 usecs
[    4.213734] calling  proto_init+0x0/0xc @ 1
[    4.218814] initcall proto_init+0x0/0xc returned 0 after 0 usecs
[    4.225733] calling  net_dev_init+0x0/0x209 @ 1
[    4.245187] initcall net_dev_init+0x0/0x209 returned 0 after 12695 usecs
[    4.252735] calling  neigh_init+0x0/0x84 @ 1
[    4.258734] initcall neigh_init+0x0/0x84 returned 0 after 0 usecs
[    4.266734] calling  fib_notifier_init+0x0/0xc @ 1
[    4.273769] initcall fib_notifier_init+0x0/0xc returned 0 after 0 usecs
[    4.281741] calling  fib_rules_init+0x0/0xab @ 1
[    4.287787] initcall fib_rules_init+0x0/0xab returned 0 after 0 usecs
[    4.295733] calling  pktsched_init+0x0/0x10e @ 1
[    4.301814] initcall pktsched_init+0x0/0x10e returned 0 after 0 usecs
[    4.309734] calling  tc_filter_init+0x0/0xfa @ 1
[    4.314832] initcall tc_filter_init+0x0/0xfa returned 0 after 0 usecs
[    4.322732] calling  tc_action_init+0x0/0x54 @ 1
[    4.328733] initcall tc_action_init+0x0/0x54 returned 0 after 0 usecs
[    4.336733] calling  ethnl_init+0x0/0x52 @ 1
[    4.341946] initcall ethnl_init+0x0/0x52 returned 0 after 0 usecs
[    4.349733] calling  nexthop_init+0x0/0xd8 @ 1
[    4.354815] initcall nexthop_init+0x0/0xd8 returned 0 after 0 usecs
[    4.362751] calling  cipso_v4_init+0x0/0x5d @ 1
[    4.368768] initcall cipso_v4_init+0x0/0x5d returned 0 after 0 usecs
[    4.376735] calling  ieee80211_init+0x0/0x24 @ 1
[    4.382875] initcall ieee80211_init+0x0/0x24 returned 0 after 0 usecs
[    4.390733] calling  netlbl_init+0x0/0x78 @ 1
[    4.395730] NetLabel: Initializing
[    4.399732] NetLabel:  domain hash size = 128
[    4.405729] NetLabel:  protocols = UNLABELED CIPSOv4 CALIPSO
[    4.413083] NetLabel:  unlabeled traffic allowed by default
[    4.420738] initcall netlbl_init+0x0/0x78 returned 0 after 24414 usecs
[    4.430743] calling  rfkill_init+0x0/0x111 @ 1
[    4.437784] initcall rfkill_init+0x0/0x111 returned 0 after 976 usecs
[    4.446736] calling  pci_subsys_init+0x0/0x66 @ 1
[    4.452731] PCI: Using ACPI for IRQ routing
[    5.168342] PCI: pci_cache_line_size set to 64 bytes
[    5.174522] e820: reserve RAM buffer [mem 0x0009fc00-0x0009ffff]
[    5.180734] e820: reserve RAM buffer [mem 0x1ffdf000-0x1fffffff]
[    5.187778] initcall pci_subsys_init+0x0/0x66 returned 0 after 717773 usecs
[    5.195999] calling  nmi_warning_debugfs+0x0/0x26 @ 1
[    5.201857] initcall nmi_warning_debugfs+0x0/0x26 returned 0 after 0 usecs
[    5.208734] calling  save_microcode_in_initrd+0x0/0x51 @ 1
[    5.214846] initcall save_microcode_in_initrd+0x0/0x51 returned 0 after 0 usecs
[    5.222734] calling  hpet_late_init+0x0/0x20a @ 1
[    5.227841] hpet: 3 channels of 0 reserved for per-cpu timers
[    5.233927] hpet0: at MMIO 0xfed00000, IRQs 2, 8, 0
[    5.239730] hpet0: 3 comparators, 64-bit 100.000000 MHz counter
[    5.252735] initcall hpet_late_init+0x0/0x20a returned 0 after 24414 usecs
[    5.259734] calling  init_amd_nbs+0x0/0x11c @ 1
[    5.264753] initcall init_amd_nbs+0x0/0x11c returned 0 after 0 usecs
[    5.271771] calling  clocksource_done_booting+0x0/0x41 @ 1
[    5.278251] clocksource: Switched to clocksource kvm-clock
[    5.285428] initcall clocksource_done_booting+0x0/0x41 returned 0 after 7518 usecs
[    5.286345] calling  tracer_init_tracefs+0x0/0x242 @ 1
[    5.865439] initcall tracer_init_tracefs+0x0/0x242 returned 0 after 584882 usecs
[    5.865439] calling  init_trace_printk_function_export+0x0/0x2c @ 1
[    5.865439] initcall init_trace_printk_function_export+0x0/0x2c returned 0 after 10 usecs
[    5.865439] calling  init_kprobe_trace+0x0/0x1a9 @ 1
[    5.865439] initcall init_kprobe_trace+0x0/0x1a9 returned 0 after 12 usecs
[    5.865439] calling  init_dynamic_event+0x0/0x3d @ 1
[    5.865439] initcall init_dynamic_event+0x0/0x3d returned 0 after 9 usecs
[    5.865439] calling  init_uprobe_trace+0x0/0x5c @ 1
[    5.865439] initcall init_uprobe_trace+0x0/0x5c returned 0 after 319 usecs
[    5.865439] calling  init_pipe_fs+0x0/0x44 @ 1
[    5.865439] initcall init_pipe_fs+0x0/0x44 returned 0 after 1116 usecs
[    5.865439] calling  inotify_user_setup+0x0/0x47 @ 1
[    5.865439] initcall inotify_user_setup+0x0/0x47 returned 0 after 52 usecs
[    5.865439] calling  eventpoll_init+0x0/0xd4 @ 1
[    5.865439] initcall eventpoll_init+0x0/0xd4 returned 0 after 183 usecs
[    5.865439] calling  anon_inode_init+0x0/0x58 @ 1
[    5.865439] initcall anon_inode_init+0x0/0x58 returned 0 after 139 usecs
[    5.865439] calling  proc_locks_init+0x0/0x27 @ 1
[    5.865439] initcall proc_locks_init+0x0/0x27 returned 0 after 2974 usecs
[    5.865439] calling  iomap_init+0x0/0x1b @ 1
[    5.865439] initcall iomap_init+0x0/0x1b returned 0 after 1160 usecs
[    5.865439] calling  dquot_init+0x0/0x106 @ 1
[    5.865439] VFS: Disk quotas dquot_6.6.0
[    5.865439] VFS: Dquot-cache hash table entries: 512 (order 0, 4096 bytes)
[    5.865439] initcall dquot_init+0x0/0x106 returned 0 after 13414 usecs
[    5.865439] calling  quota_init+0x0/0x23 @ 1
[    5.865439] initcall quota_init+0x0/0x23 returned 0 after 961 usecs
[    5.865439] calling  proc_cmdline_init+0x0/0x21 @ 1
[    5.865439] initcall proc_cmdline_init+0x0/0x21 returned 0 after 6 usecs
[    5.865439] calling  proc_consoles_init+0x0/0x24 @ 1
[    5.865439] initcall proc_consoles_init+0x0/0x24 returned 0 after 5 usecs
[    5.865439] calling  proc_cpuinfo_init+0x0/0x1e @ 1
[    5.865439] initcall proc_cpuinfo_init+0x0/0x1e returned 0 after 5 usecs
[    5.865439] calling  proc_devices_init+0x0/0x24 @ 1
[    5.865439] initcall proc_devices_init+0x0/0x24 returned 0 after 4 usecs
[    5.865439] calling  proc_interrupts_init+0x0/0x24 @ 1
[    5.865439] initcall proc_interrupts_init+0x0/0x24 returned 0 after 5 usecs
[    5.865439] calling  proc_loadavg_init+0x0/0x21 @ 1
[    5.865439] initcall proc_loadavg_init+0x0/0x21 returned 0 after 4 usecs
[    5.865439] calling  proc_meminfo_init+0x0/0x21 @ 1
[    5.865439] initcall proc_meminfo_init+0x0/0x21 returned 0 after 3 usecs
[    5.865439] calling  proc_stat_init+0x0/0x1e @ 1
[    5.865439] initcall proc_stat_init+0x0/0x1e returned 0 after 4 usecs
[    5.865439] calling  proc_uptime_init+0x0/0x21 @ 1
[    5.865439] initcall proc_uptime_init+0x0/0x21 returned 0 after 3 usecs
[    5.865439] calling  proc_version_init+0x0/0x21 @ 1
[    5.865439] initcall proc_version_init+0x0/0x21 returned 0 after 3 usecs
[    5.865439] calling  proc_softirqs_init+0x0/0x21 @ 1
[    5.865439] initcall proc_softirqs_init+0x0/0x21 returned 0 after 4 usecs
[    5.865439] calling  proc_kcore_init+0x0/0xea @ 1
[    5.865439] initcall proc_kcore_init+0x0/0xea returned 0 after 180 usecs
[    5.865439] calling  vmcore_init+0x0/0x578 @ 1
[    5.865439] initcall vmcore_init+0x0/0x578 returned 0 after 1 usecs
[    5.865439] calling  proc_kmsg_init+0x0/0x21 @ 1
[    5.865439] initcall proc_kmsg_init+0x0/0x21 returned 0 after 4 usecs
[    5.865439] calling  proc_page_init+0x0/0x3b @ 1
[    5.865439] initcall proc_page_init+0x0/0x3b returned 0 after 5 usecs
[    5.865439] calling  init_ramfs_fs+0x0/0xc @ 1
[    5.865439] initcall init_ramfs_fs+0x0/0xc returned 0 after 4 usecs
[    5.865439] calling  init_hugetlbfs_fs+0x0/0xf6 @ 1
[    5.865439] initcall init_hugetlbfs_fs+0x0/0xf6 returned 0 after 476 usecs
[    5.865439] calling  blk_scsi_ioctl_init+0x0/0x2a5 @ 1
[    5.865439] initcall blk_scsi_ioctl_init+0x0/0x2a5 returned 0 after 63 usecs
[    5.865439] calling  acpi_event_init+0x0/0x2c @ 1
[    5.865439] initcall acpi_event_init+0x0/0x2c returned 0 after 74 usecs
[    5.865439] calling  pnp_system_init+0x0/0xc @ 1
[    5.865439] initcall pnp_system_init+0x0/0xc returned 0 after 608 usecs
[    5.865439] calling  pnpacpi_init+0x0/0x69 @ 1
[    5.865439] pnp: PnP ACPI init
[    5.865439] pnp 00:00: Plug and Play ACPI device, IDs PNP0303 (active)
[    5.865439] pnp 00:01: Plug and Play ACPI device, IDs PNP0f13 (active)
[    5.865439] pnp 00:02: Plug and Play ACPI device, IDs PNP0400 (active)
[    5.865439] pnp 00:03: Plug and Play ACPI device, IDs PNP0501 (active)
[    5.865439] pnp 00:04: Plug and Play ACPI device, IDs PNP0b00 (active)
[    5.865439] system 00:05: [mem 0xb0000000-0xbfffffff window] has been reserved
[    5.865439] system 00:05: Plug and Play ACPI device, IDs PNP0c01 (active)
[    5.865439] pnp: PnP ACPI: found 6 devices
[    5.865439] initcall pnpacpi_init+0x0/0x69 returned 0 after 61848 usecs
[    6.425742] calling  chr_dev_init+0x0/0x14d @ 1
[    6.474014] initcall chr_dev_init+0x0/0x14d returned 0 after 42053 usecs
[    6.474776] calling  firmware_class_init+0x0/0xe7 @ 1
[    6.474776] initcall firmware_class_init+0x0/0xe7 returned 0 after 39 usecs
[    6.474776] calling  init_pcmcia_bus+0x0/0x5b @ 1
[    6.474776] initcall init_pcmcia_bus+0x0/0x5b returned 0 after 61 usecs
[    6.474776] calling  init_acpi_pm_clocksource+0x0/0xda @ 1
[    6.474776] clocksource: acpi_pm: mask: 0xffffff max_cycles: 0xffffff, max_idle_ns: 2085701024 ns
[    6.474776] initcall init_acpi_pm_clocksource+0x0/0xda returned 0 after 14771 usecs
[    6.474776] calling  sysctl_core_init+0x0/0x26 @ 1
[    6.474776] initcall sysctl_core_init+0x0/0x26 returned 0 after 235 usecs
[    6.474776] calling  eth_offload_init+0x0/0x13 @ 1
[    6.474776] initcall eth_offload_init+0x0/0x13 returned 0 after 24 usecs
[    6.474776] calling  ipv4_offload_init+0x0/0x73 @ 1
[    6.474776] initcall ipv4_offload_init+0x0/0x73 returned 0 after 67 usecs
[    6.474776] calling  inet_init+0x0/0x276 @ 1
[    6.474776] NET: Registered protocol family 2
[    6.474776] IP idents hash table entries: 8192 (order: 4, 65536 bytes, linear)
[    6.600375] tcp_listen_portaddr_hash hash table entries: 256 (order: 0, 4096 bytes, linear)
[    6.600841] TCP established hash table entries: 4096 (order: 3, 32768 bytes, linear)
[    6.600841] TCP bind hash table entries: 4096 (order: 4, 65536 bytes, linear)
[    6.600841] TCP: Hash tables configured (established 4096 bind 4096)
[    6.640209] UDP hash table entries: 256 (order: 1, 8192 bytes, linear)
[    6.640810] UDP-Lite hash table entries: 256 (order: 1, 8192 bytes, linear)
[    6.640810] initcall inet_init+0x0/0x276 returned 0 after 73776 usecs
[    6.640810] calling  af_unix_init+0x0/0x4d @ 1
[    6.640810] NET: Registered protocol family 1
[    6.640810] initcall af_unix_init+0x0/0x4d returned 0 after 4889 usecs
[    6.640810] calling  ipv6_offload_init+0x0/0x7e @ 1
[    6.640810] initcall ipv6_offload_init+0x0/0x7e returned 0 after 42 usecs
[    6.640810] calling  init_sunrpc+0x0/0x65 @ 1
[    6.704925] RPC: Registered named UNIX socket transport module.
[    6.714120] RPC: Registered udp transport module.
[    6.714901] RPC: Registered tcp transport module.
[    6.714901] RPC: Registered tcp NFSv4.1 backchannel transport module.
[    6.714901] initcall init_sunrpc+0x0/0x65 returned 0 after 31023 usecs
[    6.714901] calling  cfg80211_init+0x0/0xc5 @ 1
[    6.762133] initcall cfg80211_init+0x0/0xc5 returned 0 after 10994 usecs
[    6.762845] calling  pcibios_assign_resources+0x0/0xbf @ 1
[    6.762845] pci_bus 0000:00: resource 4 [io  0x0000-0x0cf7 window]
[    6.762845] pci_bus 0000:00: resource 5 [io  0x0d00-0xffff window]
[    6.762845] pci_bus 0000:00: resource 6 [mem 0x000a0000-0x000bffff window]
[    6.762845] pci_bus 0000:00: resource 7 [mem 0x20000000-0xafffffff window]
[    6.762845] pci_bus 0000:00: resource 8 [mem 0xc0000000-0xfebfffff window]
[    6.762845] pci_bus 0000:00: resource 9 [mem 0x100000000-0x8ffffffff window]
[    6.762845] initcall pcibios_assign_resources+0x0/0xbf returned 0 after 47628 usecs
[    6.762845] calling  pci_apply_final_quirks+0x0/0x124 @ 1
[    6.762845] pci 0000:00:01.0: calling  pci_fixup_video+0x0/0xe0 @ 1
[    6.762845] pci 0000:00:01.0: Video device with shadowed ROM at [mem 0x000c0000-0x000dffff]
[    6.762845] pci 0000:00:01.0: pci_fixup_video+0x0/0xe0 took 9786 usecs
[    6.762845] PCI: CLS 0 bytes, default 64
[    6.762845] initcall pci_apply_final_quirks+0x0/0x124 returned 0 after 29591 usecs
[    6.762845] calling  acpi_reserve_resources+0x0/0xea @ 1
[    6.888972] initcall acpi_reserve_resources+0x0/0xea returned 0 after 40 usecs
[    6.888972] calling  populate_rootfs+0x0/0x102 @ 1
[    6.903854] initcall populate_rootfs+0x0/0x102 returned 0 after 3850 usecs
[    6.903854] calling  pci_iommu_init+0x0/0x3e @ 1
[    6.903854] initcall pci_iommu_init+0x0/0x3e returned 0 after 19 usecs
[    6.903854] calling  ia32_binfmt_init+0x0/0x13 @ 1
[    6.903854] initcall ia32_binfmt_init+0x0/0x13 returned 0 after 116 usecs
[    6.903854] calling  rapl_pmu_init+0x0/0x267 @ 1
[    6.953383] initcall rapl_pmu_init+0x0/0x267 returned -19 after 50 usecs
[    6.961523] calling  amd_uncore_init+0x0/0x310 @ 1
[    6.962270] initcall amd_uncore_init+0x0/0x310 returned -19 after 0 usecs
[    6.962270] calling  amd_ibs_init+0x0/0x27b @ 1
[    6.962270] initcall amd_ibs_init+0x0/0x27b returned -19 after 0 usecs
[    6.962270] calling  amd_iommu_pc_init+0x0/0x215 @ 1
[    6.962270] initcall amd_iommu_pc_init+0x0/0x215 returned -19 after 106 usecs
[    6.962270] calling  msr_init+0x0/0x55 @ 1
[    6.962270] initcall msr_init+0x0/0x55 returned 0 after 226 usecs
[    6.962270] calling  intel_uncore_init+0x0/0x36f @ 1
[    6.962270] initcall intel_uncore_init+0x0/0x36f returned -19 after 27 usecs
[    6.962270] calling  cstate_pmu_init+0x0/0x1a1 @ 1
[    6.962270] initcall cstate_pmu_init+0x0/0x1a1 returned -19 after 0 usecs
[    6.962270] calling  register_kernel_offset_dumper+0x0/0x1a @ 1
[    6.962270] initcall register_kernel_offset_dumper+0x0/0x1a returned 0 after 19 usecs
[    6.962270] calling  i8259A_init_ops+0x0/0x20 @ 1
[    6.962270] initcall i8259A_init_ops+0x0/0x20 returned 0 after 1 usecs
[    6.962270] calling  init_tsc_clocksource+0x0/0xa4 @ 1
[    6.962270] clocksource: tsc: mask: 0xffffffffffffffff max_cycles: 0x39a85afc727, max_idle_ns: 881590685098 ns
[    6.962270] initcall init_tsc_clocksource+0x0/0xa4 returned 0 after 11713 usecs
[    6.962270] calling  add_rtc_cmos+0x0/0xb0 @ 1
[    6.962270] initcall add_rtc_cmos+0x0/0xb0 returned 0 after 121 usecs
[    6.962270] calling  i8237A_init_ops+0x0/0x3a @ 1
[    6.962270] initcall i8237A_init_ops+0x0/0x3a returned 0 after 125 usecs
[    6.962270] calling  umwait_init+0x0/0x94 @ 1
[    6.962270] initcall umwait_init+0x0/0x94 returned -19 after 0 usecs
[    6.962270] calling  thermal_throttle_init_device+0x0/0x3d @ 1
[    6.962270] initcall thermal_throttle_init_device+0x0/0x3d returned 0 after 21 usecs
[    6.962270] calling  msr_init+0x0/0xd7 @ 1
[    7.170954] initcall msr_init+0x0/0xd7 returned 0 after 4111 usecs
[    7.178968] calling  cpuid_init+0x0/0xd7 @ 1
[    7.186234] initcall cpuid_init+0x0/0xd7 returned 0 after 2030 usecs
[    7.194443] calling  ioapic_init_ops+0x0/0x13 @ 1
[    7.200252] initcall ioapic_init_ops+0x0/0x13 returned 0 after 1 usecs
[    7.208704] calling  add_pcspkr+0x0/0x6c @ 1
[    7.214215] initcall add_pcspkr+0x0/0x6c returned 0 after 28 usecs
[    7.222446] calling  start_periodic_check_for_corruption+0x0/0x30 @ 1
[    7.230180] check: Scanning for low memory corruption every 60 seconds
[    7.237854] initcall start_periodic_check_for_corruption+0x0/0x30 returned 0 after 7529 usecs
[    7.248700] calling  sysfb_init+0x0/0x9c @ 1
[    7.253947] initcall sysfb_init+0x0/0x9c returned 0 after 204 usecs
[    7.261147] calling  audit_classes_init+0x0/0xae @ 1
[    7.267888] initcall audit_classes_init+0x0/0xae returned 0 after 243 usecs
[    7.276072] calling  iosf_mbi_init+0x0/0x24 @ 1
[    7.281866] initcall iosf_mbi_init+0x0/0x24 returned 0 after 322 usecs
[    7.289571] calling  proc_execdomains_init+0x0/0x21 @ 1
[    7.296281] initcall proc_execdomains_init+0x0/0x21 returned 0 after 366 usecs
[    7.304825] calling  register_warn_debugfs+0x0/0x23 @ 1
[    7.311513] initcall register_warn_debugfs+0x0/0x23 returned 0 after 118 usecs
[    7.320024] calling  cpuhp_sysfs_init+0x0/0x79 @ 1
[    7.326232] initcall cpuhp_sysfs_init+0x0/0x79 returned 0 after 177 usecs
[    7.336147] calling  ioresources_init+0x0/0x49 @ 1
[    7.342669] initcall ioresources_init+0x0/0x49 returned 0 after 26 usecs
[    7.350727] calling  snapshot_device_init+0x0/0xc @ 1
[    7.357259] initcall snapshot_device_init+0x0/0xc returned 0 after 393 usecs
[    7.365604] calling  irq_pm_init_ops+0x0/0x13 @ 1
[    7.371475] initcall irq_pm_init_ops+0x0/0x13 returned 0 after 0 usecs
[    7.379343] calling  rcu_torture_init+0x0/0x9a6 @ 1
[    7.385255] tasks-torture:--- Start of test: nreaders=1 nfakewriters=4 stat_interval=15 verbose=1 test_no_idle_hz=1 shuffle_interval=3 stutter=5 irqreader=1 fqs_duration=0 fqs_holdoff=0 fqs_stutter=3 test_boost=1/0 test_boost_interval=7 test_boost_duration=4 shutdown_secs=1800 stall_cpu=0 stall_cpu_holdoff=10 stall_cpu_irqsoff=0 stall_cpu_block=0 n_barrier_cbs=4 onoff_interval=1000 onoff_holdoff=30 read_exit_delay=13 read_exit_burst=16
[    7.435043] tasks:  Start-test grace-period state: g0 f0x0
[    7.441510] tasks-torture: Creating rcu_torture_writer task
[    7.448305] tasks-torture: Creating rcu_torture_fakewriter task
[    7.455408] tasks-torture: rcu_torture_writer task started
[    7.462099] tasks-torture: GP expediting controlled from boot/sysfs for tasks.
[    7.462305] tasks-torture: Creating rcu_torture_fakewriter task
[    7.470478] tasks-torture: rcu_torture_fakewriter task started
[    7.470483] rcu_torture_writer: Testing expedited GPs.
[    7.470496] rcu_torture_writer: Testing asynchronous GPs.
[    7.470497] rcu_torture_writer: Testing normal GPs.
[    7.506362] tasks-torture: Creating rcu_torture_fakewriter task
[    7.506388] tasks-torture: rcu_torture_fakewriter task started
[    7.524355] tasks-torture: Creating rcu_torture_fakewriter task
[    7.524388] tasks-torture: rcu_torture_fakewriter task started
[    7.540409] tasks-torture: Creating rcu_torture_reader task
[    7.540429] tasks-torture: rcu_torture_fakewriter task started
[    7.557054] tasks-torture: Creating rcu_torture_stats task
[    7.557094] tasks-torture: rcu_torture_reader task started
[    7.574784] tasks-torture: rcu_torture_stats task started
[    7.575285] tasks-torture: Creating torture_shuffle task
[    7.591768] tasks-torture: Creating torture_stutter task
[    7.591931] tasks-torture: torture_shuffle task started
[    7.607124] tasks-torture: Creating torture_shutdown task
[    7.607152] tasks-torture: torture_stutter task started
[    7.623589] tasks-torture: Creating torture_onoff task
[    7.623611] tasks-torture: torture_shutdown task started
[    7.637892] tasks-torture:torture_shutdown task: 1799969 ms remaining
[    7.638174] tasks-torture: rcu_torture_fwd_prog_init: Disabled, unsupported by RCU flavor under test
[    7.646867] tasks-torture: torture_onoff task started
[    7.646868] tasks-torture: torture_onoff begin holdoff
[    7.672720] tasks-torture: Creating rcu_torture_barrier_cbs task
[    7.680551] tasks-torture: Creating rcu_torture_barrier_cbs task
[    7.688240] tasks-torture: rcu_torture_barrier_cbs task started
[    7.696639] tasks-torture: Creating rcu_torture_barrier_cbs task
[    7.696661] tasks-torture: rcu_torture_barrier_cbs task started
[    7.713559] tasks-torture: Creating rcu_torture_barrier_cbs task
[    7.713576] tasks-torture: rcu_torture_barrier_cbs task started
[    7.730985] tasks-torture: rcu_torture_barrier_cbs task started
[    7.731134] tasks-torture: Creating rcu_torture_barrier task
[    7.747223] tasks-torture: Creating rcu_torture_read_exit task
[    7.747252] tasks-torture: rcu_torture_barrier task starting
[    7.764485] initcall rcu_torture_init+0x0/0x9a6 returned 0 after 370401 usecs
[    7.764495] tasks-torture: rcu_torture_read_exit: Start of test
[    7.775837] calling  timekeeping_init_ops+0x0/0x13 @ 1
[    7.776456] initcall timekeeping_init_ops+0x0/0x13 returned 0 after 1 usecs
[    7.776456] calling  init_clocksource_sysfs+0x0/0x23 @ 1
[    7.776456] initcall init_clocksource_sysfs+0x0/0x23 returned 0 after 80 usecs
[    7.776456] calling  init_timer_list_procfs+0x0/0x31 @ 1
[    7.776456] initcall init_timer_list_procfs+0x0/0x31 returned 0 after 20 usecs
[    7.776456] calling  alarmtimer_init+0x0/0xc7 @ 1
[    7.838872] initcall alarmtimer_init+0x0/0xc7 returned 0 after 614 usecs
[    7.838872] calling  init_posix_timers+0x0/0x29 @ 1
[    7.838872] initcall init_posix_timers+0x0/0x29 returned 0 after 36 usecs
[    7.838872] calling  clockevents_init_sysfs+0x0/0xbf @ 1
[    7.838872] initcall clockevents_init_sysfs+0x0/0xbf returned 0 after 1634 usecs
[    7.838872] calling  proc_dma_init+0x0/0x21 @ 1
[    7.838872] initcall proc_dma_init+0x0/0x21 returned 0 after 6 usecs
[    7.838872] calling  proc_modules_init+0x0/0x1e @ 1
[    7.838872] initcall proc_modules_init+0x0/0x1e returned 0 after 6 usecs
[    7.912880] calling  kallsyms_init+0x0/0x21 @ 1
[    7.912880] initcall kallsyms_init+0x0/0x21 returned 0 after 5 usecs
[    7.912880] calling  pid_namespaces_init+0x0/0x2c @ 1
[    7.938908] initcall pid_namespaces_init+0x0/0x2c returned 0 after 92 usecs
[    7.948496] calling  audit_watch_init+0x0/0x37 @ 1
[    7.949138] initcall audit_watch_init+0x0/0x37 returned 0 after 91 usecs
[    7.949138] calling  audit_fsnotify_init+0x0/0x37 @ 1
[    7.949138] initcall audit_fsnotify_init+0x0/0x37 returned 0 after 1 usecs
[    7.949138] calling  audit_tree_init+0x0/0x6d @ 1
[    7.949138] initcall audit_tree_init+0x0/0x6d returned 0 after 23 usecs
[    7.949138] calling  seccomp_sysctl_init+0x0/0x2b @ 1
[    7.949138] initcall seccomp_sysctl_init+0x0/0x2b returned 0 after 44 usecs
[    7.949138] calling  utsname_sysctl_init+0x0/0x13 @ 1
[    7.949138] initcall utsname_sysctl_init+0x0/0x13 returned 0 after 41 usecs
[    7.949138] calling  init_tracepoints+0x0/0x27 @ 1
[    7.949138] initcall init_tracepoints+0x0/0x27 returned 0 after 33 usecs
[    7.949138] calling  init_blk_tracer+0x0/0x50 @ 1
[    7.949138] initcall init_blk_tracer+0x0/0x50 returned 0 after 793 usecs
[    7.949138] calling  perf_event_sysfs_init+0x0/0x81 @ 1
[    7.949138] initcall perf_event_sysfs_init+0x0/0x81 returned 0 after 196 usecs
[    7.949138] calling  system_trusted_keyring_init+0x0/0x60 @ 1
[    7.949138] Initialise system trusted keyrings
[    7.949138] initcall system_trusted_keyring_init+0x0/0x60 returned 0 after 5482 usecs
[    7.949138] calling  kswapd_init+0x0/0x5c @ 1
[    8.102793] initcall kswapd_init+0x0/0x5c returned 0 after 1780 usecs
[    8.103313] calling  extfrag_debug_init+0x0/0x54 @ 1
[    8.103313] initcall extfrag_debug_init+0x0/0x54 returned 0 after 76 usecs
[    8.103313] calling  mm_compute_batch_init+0x0/0x12 @ 1
[    8.103313] initcall mm_compute_batch_init+0x0/0x12 returned 0 after 0 usecs
[    8.103313] calling  slab_proc_init+0x0/0x21 @ 1
[    8.103313] initcall slab_proc_init+0x0/0x21 returned 0 after 51 usecs
[    8.103313] calling  workingset_init+0x0/0x8c @ 1
[    8.162893] workingset: timestamp_bits=56 max_order=17 bucket_order=0
[    8.162893] initcall workingset_init+0x0/0x8c returned 0 after 8491 usecs
[    8.162893] calling  proc_vmalloc_init+0x0/0x32 @ 1
[    8.162893] initcall proc_vmalloc_init+0x0/0x32 returned 0 after 7 usecs
[    8.162893] calling  procswaps_init+0x0/0x1e @ 1
[    8.162893] initcall procswaps_init+0x0/0x1e returned 0 after 6 usecs
[    8.162893] calling  slab_sysfs_init+0x0/0xea @ 1
[    8.162893] initcall slab_sysfs_init+0x0/0xea returned 0 after 1663 usecs
[    8.162893] calling  fcntl_init+0x0/0x29 @ 1
[    8.162893] initcall fcntl_init+0x0/0x29 returned 0 after 13 usecs
[    8.162893] calling  proc_filesystems_init+0x0/0x21 @ 1
[    8.162893] initcall proc_filesystems_init+0x0/0x21 returned 0 after 6 usecs
[    8.162893] calling  start_dirtytime_writeback+0x0/0x29 @ 1
[    8.277890] initcall start_dirtytime_writeback+0x0/0x29 returned 0 after 202 usecs
[    8.277890] calling  blkdev_init+0x0/0x1b @ 1
[    8.277890] initcall blkdev_init+0x0/0x1b returned 0 after 186 usecs
[    8.277890] calling  dio_init+0x0/0x2c @ 1
[    8.277890] initcall dio_init+0x0/0x2c returned 0 after 31 usecs
[    8.277890] calling  dnotify_init+0x0/0x78 @ 1
[    8.277890] initcall dnotify_init+0x0/0x78 returned 0 after 10 usecs
[    8.277890] calling  aio_setup+0x0/0x78 @ 1
[    8.277890] initcall aio_setup+0x0/0x78 returned 0 after 500 usecs
[    8.277890] calling  io_uring_init+0x0/0x2c @ 1
[    8.277890] initcall io_uring_init+0x0/0x2c returned 0 after 5 usecs
[    8.277890] calling  mbcache_init+0x0/0x30 @ 1
[    8.277890] initcall mbcache_init+0x0/0x30 returned 0 after 28 usecs
[    8.277890] calling  init_grace+0x0/0xc @ 1
[    8.277890] initcall init_grace+0x0/0xc returned 0 after 57 usecs
[    8.277890] calling  init_v2_quota_format+0x0/0x21 @ 1
[    8.277890] initcall init_v2_quota_format+0x0/0x21 returned 0 after 70 usecs
[    8.277890] calling  init_devpts_fs+0x0/0x27 @ 1
[    8.277890] initcall init_devpts_fs+0x0/0x27 returned 0 after 60 usecs
[    8.277890] calling  ext4_init_fs+0x0/0x1d0 @ 1
[    8.277890] initcall ext4_init_fs+0x0/0x1d0 returned 0 after 320 usecs
[    8.429116] calling  journal_init+0x0/0x11c @ 1
[    8.435130] initcall journal_init+0x0/0x11c returned 0 after 43 usecs
[    8.443538] calling  init_fat_fs+0x0/0x49 @ 1
[    8.449072] initcall init_fat_fs+0x0/0x49 returned 0 after 29 usecs
[    8.457114] calling  init_vfat_fs+0x0/0xc @ 1
[    8.462712] initcall init_vfat_fs+0x0/0xc returned 0 after 3 usecs
[    8.470862] calling  init_msdos_fs+0x0/0xc @ 1
[    8.476861] initcall init_msdos_fs+0x0/0xc returned 0 after 2 usecs
[    8.486928] calling  init_iso9660_fs+0x0/0x6c @ 1
[    8.494217] initcall init_iso9660_fs+0x0/0x6c returned 0 after 89 usecs
[    8.502817] calling  init_nfs_fs+0x0/0x13a @ 1
[    8.511100] initcall init_nfs_fs+0x0/0x13a returned 0 after 1999 usecs
[    8.519634] calling  init_nfs_v2+0x0/0x13 @ 1
[    8.525485] initcall init_nfs_v2+0x0/0x13 returned 0 after 156 usecs
[    8.533407] calling  init_nfs_v3+0x0/0x13 @ 1
[    8.539076] initcall init_nfs_v3+0x0/0x13 returned 0 after 48 usecs
[    8.548369] calling  init_nfs_v4+0x0/0x32 @ 1
[    8.557819] NFS: Registering the id_resolver key type
[    8.565896] Key type id_resolver registered
[    8.572673] Key type id_legacy registered
[    8.578000] initcall init_nfs_v4+0x0/0x32 returned 0 after 19722 usecs
[    8.586436] calling  init_nlm+0x0/0x5b @ 1
[    8.592295] initcall init_nlm+0x0/0x5b returned 0 after 135 usecs
[    8.600190] calling  init_nls_cp437+0x0/0xe @ 1
[    8.606374] initcall init_nls_cp437+0x0/0xe returned 0 after 93 usecs
[    8.615048] calling  init_nls_ascii+0x0/0xe @ 1
[    8.621298] initcall init_nls_ascii+0x0/0xe returned 0 after 2 usecs
[    8.630042] calling  init_nls_iso8859_1+0x0/0xe @ 1
[    8.637084] initcall init_nls_iso8859_1+0x0/0xe returned 0 after 0 usecs
[    8.646094] calling  init_nls_utf8+0x0/0x21 @ 1
[    8.652287] initcall init_nls_utf8+0x0/0x21 returned 0 after 1 usecs
[    8.660802] calling  init_autofs_fs+0x0/0x25 @ 1
[    8.667982] initcall init_autofs_fs+0x0/0x25 returned 0 after 867 usecs
[    8.679215] calling  ipc_init+0x0/0x24 @ 1
[    8.686019] initcall ipc_init+0x0/0x24 returned 0 after 272 usecs
[    8.695713] calling  ipc_sysctl_init+0x0/0x13 @ 1
[    8.702711] initcall ipc_sysctl_init+0x0/0x13 returned 0 after 10 usecs
[    8.711463] calling  init_mqueue_fs+0x0/0x9a @ 1
[    8.718379] initcall init_mqueue_fs+0x0/0x9a returned 0 after 690 usecs
[    8.726828] calling  key_proc_init+0x0/0x63 @ 1
[    8.732837] initcall key_proc_init+0x0/0x63 returned 0 after 5 usecs
[    8.741884] calling  selinux_nf_ip_init+0x0/0x2e @ 1
[    8.748664] initcall selinux_nf_ip_init+0x0/0x2e returned 0 after 55 usecs
[    8.757816] calling  init_sel_fs+0x0/0x116 @ 1
[    8.763778] initcall init_sel_fs+0x0/0x116 returned 0 after 0 usecs
[    8.772269] calling  selnl_init+0x0/0x7c @ 1
[    8.778465] initcall selnl_init+0x0/0x7c returned 0 after 339 usecs
[    8.787703] calling  sel_netif_init+0x0/0x36 @ 1
[    8.794521] initcall sel_netif_init+0x0/0x36 returned 0 after 0 usecs
[    8.803942] calling  sel_netnode_init+0x0/0x33 @ 1
[    8.811130] initcall sel_netnode_init+0x0/0x33 returned 0 after 0 usecs
[    8.820434] calling  sel_netport_init+0x0/0x33 @ 1
[    8.827498] initcall sel_netport_init+0x0/0x33 returned 0 after 0 usecs
[    8.837124] calling  aurule_init+0x0/0x2a @ 1
[    8.843632] initcall aurule_init+0x0/0x2a returned 0 after 1 usecs
[    8.852835] calling  crypto_algapi_init+0x0/0xc @ 1
[    8.860124] initcall crypto_algapi_init+0x0/0xc returned 0 after 5 usecs
[    8.870075] calling  jent_mod_init+0x0/0x2d @ 1
[    8.890366] initcall jent_mod_init+0x0/0x2d returned 0 after 13157 usecs
[    8.901345] calling  asymmetric_key_init+0x0/0xc @ 1
[    8.912856] Key type asymmetric registered
[    8.913178] initcall asymmetric_key_init+0x0/0xc returned 0 after 7138 usecs
[    8.913178] calling  x509_key_init+0x0/0xc @ 1
[    8.936881] Asymmetric key parser 'x509' registered
[    8.936881] initcall x509_key_init+0x0/0xc returned 0 after 8800 usecs
[    8.936881] calling  proc_genhd_init+0x0/0x41 @ 1
[    8.965966] initcall proc_genhd_init+0x0/0x41 returned 0 after 170 usecs
[    8.965966] calling  bsg_init+0x0/0x113 @ 1
[    8.965966] Block layer SCSI generic (bsg) driver version 0.4 loaded (major 251)
[    8.965966] initcall bsg_init+0x0/0x113 returned 0 after 10716 usecs
[    8.965966] calling  deadline_init+0x0/0xc @ 1
[    8.965966] io scheduler mq-deadline registered
[    8.965966] initcall deadline_init+0x0/0xc returned 0 after 8214 usecs
[    8.965966] calling  kyber_init+0x0/0xc @ 1
[    8.965966] io scheduler kyber registered
[    8.965966] initcall kyber_init+0x0/0xc returned 0 after 6778 usecs
[    8.965966] calling  mod_init+0x0/0x7 @ 1
[    8.965966] initcall mod_init+0x0/0x7 returned 0 after 1 usecs
[    8.965966] calling  percpu_counter_startup+0x0/0x55 @ 1
[    9.084455] initcall percpu_counter_startup+0x0/0x55 returned 0 after 5860 usecs
[    9.094473] calling  sg_pool_init+0x0/0xb4 @ 1
[    9.095045] initcall sg_pool_init+0x0/0xb4 returned 0 after 359 usecs
[    9.095045] calling  pcie_portdrv_init+0x0/0x39 @ 1
[    9.095045] initcall pcie_portdrv_init+0x0/0x39 returned 0 after 313 usecs
[    9.095045] calling  pci_proc_init+0x0/0x68 @ 1
[    9.095045] initcall pci_proc_init+0x0/0x68 returned 0 after 248 usecs
[    9.095045] calling  pci_hotplug_init+0x0/0x7 @ 1
[    9.095045] initcall pci_hotplug_init+0x0/0x7 returned 0 after 1 usecs
[    9.095045] calling  efifb_driver_init+0x0/0xe @ 1
[    9.095045] initcall efifb_driver_init+0x0/0xe returned 0 after 26 usecs
[    9.095045] calling  ged_driver_init+0x0/0xe @ 1
[    9.095045] initcall ged_driver_init+0x0/0xe returned 0 after 115 usecs
[    9.095045] calling  acpi_ac_init+0x0/0x92 @ 1
[    9.095045] initcall acpi_ac_init+0x0/0x92 returned 0 after 2546 usecs
[    9.095045] calling  acpi_button_driver_init+0x0/0x52 @ 1
[    9.095045] input: Power Button as /devices/LNXSYSTM:00/LNXPWRBN:00/input/input0
[    9.240256] ACPI: Power Button [PWRF]
[    9.248535] initcall acpi_button_driver_init+0x0/0x52 returned 0 after 23980 usecs
[    9.262230] calling  acpi_fan_driver_init+0x0/0xe @ 1
[    9.270923] initcall acpi_fan_driver_init+0x0/0xe returned 0 after 38 usecs
[    9.281161] calling  acpi_video_init+0x0/0xcb @ 1
[    9.288581] initcall acpi_video_init+0x0/0xcb returned 0 after 514 usecs
[    9.298312] calling  acpi_processor_driver_init+0x0/0xad @ 1
[    9.316169] initcall acpi_processor_driver_init+0x0/0xad returned 0 after 9721 usecs
[    9.327745] calling  acpi_thermal_init+0x0/0x71 @ 1
[    9.336736] initcall acpi_thermal_init+0x0/0x71 returned 0 after 315 usecs
[    9.347456] calling  acpi_battery_init+0x0/0x32 @ 1
[    9.355048] initcall acpi_battery_init+0x0/0x32 returned 0 after 9 usecs
[    9.365538] calling  bgrt_init+0x0/0xb6 @ 1
[    9.372114] initcall bgrt_init+0x0/0xb6 returned -19 after 12 usecs
[    9.381577] calling  gpio_clk_driver_init+0x0/0xe @ 1
[    9.389483] initcall gpio_clk_driver_init+0x0/0xe returned 0 after 71 usecs
[    9.401507] calling  plt_clk_driver_init+0x0/0xe @ 1
[    9.410606] initcall plt_clk_driver_init+0x0/0xe returned 0 after 34 usecs
[    9.422195] calling  virtio_pci_driver_init+0x0/0x15 @ 1
[    9.430908] initcall virtio_pci_driver_init+0x0/0x15 returned 0 after 235 usecs
[    9.442418] calling  n_null_init+0x0/0x1e @ 1
[    9.449622] initcall n_null_init+0x0/0x1e returned 0 after 40 usecs
[    9.460954] calling  pty_init+0x0/0x1e8 @ 1
[    9.469262] initcall pty_init+0x0/0x1e8 returned 0 after 850 usecs
[    9.480692] calling  sysrq_init+0x0/0x62 @ 1
[    9.488323] initcall sysrq_init+0x0/0x62 returned 0 after 17 usecs
[    9.499200] calling  serial8250_init+0x0/0x17e @ 1
[    9.508236] Serial: 8250/16550 driver, 4 ports, IRQ sharing enabled
[    9.525051] 00:03: ttyS0 at I/O 0x3f8 (irq = 4, base_baud = 115200) is a 16550A
[    9.539015] initcall serial8250_init+0x0/0x17e returned 0 after 30069 usecs
[    9.550080] calling  serial_pci_driver_init+0x0/0x15 @ 1
[    9.558442] initcall serial_pci_driver_init+0x0/0x15 returned 0 after 140 usecs
[    9.569591] calling  exar_pci_driver_init+0x0/0x15 @ 1
[    9.577347] initcall exar_pci_driver_init+0x0/0x15 returned 0 after 29 usecs
[    9.588173] calling  lpss8250_pci_driver_init+0x0/0x15 @ 1
[    9.596770] initcall lpss8250_pci_driver_init+0x0/0x15 returned 0 after 91 usecs
[    9.607943] calling  mid8250_pci_driver_init+0x0/0x15 @ 1
[    9.616235] initcall mid8250_pci_driver_init+0x0/0x15 returned 0 after 44 usecs
[    9.629205] calling  virtio_console_init+0x0/0xff @ 1
[    9.639271] initcall virtio_console_init+0x0/0xff returned 0 after 1108 usecs
[    9.651717] calling  hpet_init+0x0/0x64 @ 1
[    9.662686] initcall hpet_init+0x0/0x64 returned 0 after 3343 usecs
[    9.673341] calling  nvram_module_init+0x0/0x83 @ 1
[    9.681187] Non-volatile memory driver v1.3
[    9.687399] initcall nvram_module_init+0x0/0x83 returned 0 after 6170 usecs
[    9.698568] calling  hwrng_modinit+0x0/0x8a @ 1
[    9.705874] initcall hwrng_modinit+0x0/0x8a returned 0 after 82 usecs
[    9.717366] calling  mod_init+0x0/0x48 @ 1
[    9.724873] initcall mod_init+0x0/0x48 returned -19 after 17 usecs
[    9.735457] calling  agp_init+0x0/0x23 @ 1
[    9.742144] Linux agpgart interface v0.103
[    9.748672] initcall agp_init+0x0/0x23 returned 0 after 6377 usecs
[    9.759130] calling  agp_amd64_mod_init+0x0/0x5 @ 1
[    9.767620] initcall agp_amd64_mod_init+0x0/0x5 returned -19 after 385 usecs
[    9.778320] calling  agp_intel_init+0x0/0x28 @ 1
[    9.787162] initcall agp_intel_init+0x0/0x28 returned 0 after 1907 usecs
[    9.797195] calling  drm_kms_helper_init+0x0/0x7 @ 1
[    9.804371] initcall drm_kms_helper_init+0x0/0x7 returned 0 after 9 usecs
[    9.814012] calling  drm_core_init+0x0/0xa4 @ 1
[    9.821767] initcall drm_core_init+0x0/0xa4 returned 0 after 1095 usecs
[    9.831666] calling  i915_init+0x0/0x6b @ 1
[    9.840695] initcall i915_init+0x0/0x6b returned 0 after 1767 usecs
[    9.850229] calling  cn_proc_init+0x0/0x35 @ 1
[    9.857469] initcall cn_proc_init+0x0/0x35 returned 0 after 11 usecs
[    9.867571] calling  topology_sysfs_init+0x0/0x27 @ 1
[    9.875074] initcall topology_sysfs_init+0x0/0x27 returned 0 after 32 usecs
[    9.885069] calling  cacheinfo_sysfs_init+0x0/0x27 @ 1
[    9.896533] initcall cacheinfo_sysfs_init+0x0/0x27 returned 0 after 3716 usecs
[    9.907896] calling  loop_init+0x0/0x168 @ 1
[   10.045155] loop: module loaded
[   10.049647] initcall loop_init+0x0/0x168 returned 0 after 131517 usecs
[   10.058013] calling  mac_hid_init+0x0/0x21 @ 1
[   10.064035] initcall mac_hid_init+0x0/0x21 returned 0 after 95 usecs
[   10.073519] calling  spi_transport_init+0x0/0x74 @ 1
[   10.080702] initcall spi_transport_init+0x0/0x74 returned 0 after 249 usecs
[   10.089555] calling  init_sd+0x0/0x18c @ 1
[   10.095708] initcall init_sd+0x0/0x18c returned 0 after 449 usecs
[   10.106074] calling  init_sr+0x0/0x43 @ 1
[   10.112244] initcall init_sr+0x0/0x43 returned 0 after 22 usecs
[   10.122494] calling  init_sg+0x0/0x1c0 @ 1
[   10.129855] initcall init_sg+0x0/0x1c0 returned 0 after 314 usecs
[   10.140299] calling  ahci_pci_driver_init+0x0/0x15 @ 1
[   10.150139] ahci 0000:00:1f.2: version 3.0
[   10.164464] PCI Interrupt Link [GSIA] enabled at IRQ 16
[   10.248802] ahci 0000:00:1f.2: AHCI 0001.0000 32 slots 6 ports 1.5 Gbps 0x3f impl SATA mode
[   10.264126] ahci 0000:00:1f.2: flags: 64bit ncq only 
[   10.368559] scsi host0: ahci
[   10.384508] scsi host1: ahci
[   10.395416] scsi host2: ahci
[   10.402709] scsi host3: ahci
[   10.410383] scsi host4: ahci
[   10.421464] scsi host5: ahci
[   10.429463] ata1: SATA max UDMA/133 abar m4096@0xfebf1000 port 0xfebf1100 irq 24
[   10.441373] ata2: SATA max UDMA/133 abar m4096@0xfebf1000 port 0xfebf1180 irq 24
[   10.451807] ata3: SATA max UDMA/133 abar m4096@0xfebf1000 port 0xfebf1200 irq 24
[   10.462160] ata4: SATA max UDMA/133 abar m4096@0xfebf1000 port 0xfebf1280 irq 24
[   10.474202] ata5: SATA max UDMA/133 abar m4096@0xfebf1000 port 0xfebf1300 irq 24
[   10.484836] ata6: SATA max UDMA/133 abar m4096@0xfebf1000 port 0xfebf1380 irq 24
[   10.501149] initcall ahci_pci_driver_init+0x0/0x15 returned 0 after 343638 usecs
[   10.513387] calling  piix_init+0x0/0x26 @ 1
[   10.521269] initcall piix_init+0x0/0x26 returned 0 after 1338 usecs
[   10.530196] calling  amd_pci_driver_init+0x0/0x15 @ 1
[   10.538768] initcall amd_pci_driver_init+0x0/0x15 returned 0 after 25 usecs
[   10.548596] calling  oldpiix_pci_driver_init+0x0/0x15 @ 1
[   10.556423] initcall oldpiix_pci_driver_init+0x0/0x15 returned 0 after 570 usecs
[   10.566180] calling  sch_pci_driver_init+0x0/0x15 @ 1
[   10.574369] initcall sch_pci_driver_init+0x0/0x15 returned 0 after 643 usecs
[   10.584563] calling  net_olddevs_init+0x0/0x55 @ 1
[   10.592217] initcall net_olddevs_init+0x0/0x55 returned 0 after 489 usecs
[   10.602192] calling  blackhole_netdev_init+0x0/0x78 @ 1
[   10.612219] initcall blackhole_netdev_init+0x0/0x78 returned 0 after 2056 usecs
[   10.622558] calling  phy_module_init+0x0/0x13 @ 1
[   10.629774] initcall phy_module_init+0x0/0x13 returned 0 after 457 usecs
[   10.639795] calling  tg3_driver_init+0x0/0x15 @ 1
[   10.646213] initcall tg3_driver_init+0x0/0x15 returned 0 after 297 usecs
[   10.655293] calling  e100_init_module+0x0/0x4c @ 1
[   10.661733] e100: Intel(R) PRO/100 Network Driver
[   10.668257] e100: Copyright(c) 1999-2006 Intel Corporation
[   10.676739] initcall e100_init_module+0x0/0x4c returned 0 after 14651 usecs
[   10.687557] calling  e1000_init_module+0x0/0x72 @ 1
[   10.696272] e1000: Intel(R) PRO/1000 Network Driver
[   10.704519] e1000: Copyright (c) 1999-2006 Intel Corporation.
[   10.715686] initcall e1000_init_module+0x0/0x72 returned 0 after 18955 usecs
[   10.728467] calling  e1000_init_module+0x0/0x2d @ 1
[   10.735437] e1000e: Intel(R) PRO/1000 Network Driver
[   10.742746] e1000e: Copyright(c) 1999 - 2015 Intel Corporation.
[   10.753825] initcall e1000_init_module+0x0/0x2d returned 0 after 17964 usecs
[   10.764149] calling  sky2_init_module+0x0/0x21 @ 1
[   10.771952] sky2: driver version 1.30
[   10.779207] initcall sky2_init_module+0x0/0x21 returned 0 after 7724 usecs
[   10.791998] calling  forcedeth_pci_driver_init+0x0/0x15 @ 1
[   10.804039] initcall forcedeth_pci_driver_init+0x0/0x15 returned 0 after 2123 usecs
[   10.823152] calling  rtl8139_init_module+0x0/0x15 @ 1
[   10.823570] ata3: SATA link up 1.5 Gbps (SStatus 113 SControl 300)
[   10.832231] initcall rtl8139_init_module+0x0/0x15 returned 0 after 1474 usecs
[   10.850106] ata1: SATA link down (SStatus 0 SControl 300)
[   10.853309] calling  rtl8169_pci_driver_init+0x0/0x15 @ 1
[   10.866124] ata2: SATA link down (SStatus 0 SControl 300)
[   10.869304] initcall rtl8169_pci_driver_init+0x0/0x15 returned 0 after 218 usecs
[   10.882303] ata6: SATA link down (SStatus 0 SControl 300)
[   10.889503] calling  cdrom_init+0x0/0xc @ 1
[   10.904159] ata5: SATA link down (SStatus 0 SControl 300)
[   10.908886] ata4: SATA link down (SStatus 0 SControl 300)
[   10.913327] initcall cdrom_init+0x0/0xc returned 0 after 610 usecs
[   10.925114] ata3.00: ATAPI: QEMU DVD-ROM, 2.5+, max UDMA/100
[   10.932221] calling  nonstatic_sysfs_init+0x0/0xc @ 1
[   10.941271] ata3.00: applying bridge limits
[   10.949183] initcall nonstatic_sysfs_init+0x0/0xc returned 0 after 245 usecs
[   10.958094] ata3.00: configured for UDMA/100
[   10.966385] calling  yenta_cardbus_driver_init+0x0/0x15 @ 1
[   10.982640] initcall yenta_cardbus_driver_init+0x0/0x15 returned 0 after 1004 usecs
[   10.997116] calling  mon_init+0x0/0x12d @ 1
[   11.002133] scsi 2:0:0:0: CD-ROM            QEMU     QEMU DVD-ROM     2.5+ PQ: 0 ANSI: 5
[   11.026222] initcall mon_init+0x0/0x12d returned 0 after 21390 usecs
[   11.036730] calling  ehci_hcd_init+0x0/0x56 @ 1
[   11.044287] ehci_hcd: USB 2.0 'Enhanced' Host Controller (EHCI) Driver
[   11.053939] initcall ehci_hcd_init+0x0/0x56 returned 0 after 9628 usecs
[   11.064803] calling  ehci_pci_init+0x0/0x64 @ 1
[   11.069927] sr 2:0:0:0: [sr0] scsi3-mmc drive: 4x/4x cd/rw xa/form2 tray
[   11.072435] ehci-pci: EHCI PCI platform driver
[   11.083194] cdrom: Uniform CD-ROM driver Revision: 3.20
[   11.090262] initcall ehci_pci_init+0x0/0x64 returned 0 after 17416 usecs
[   11.108079] calling  ohci_hcd_mod_init+0x0/0x4e @ 1
[   11.116537] ohci_hcd: USB 1.1 'Open' Host Controller (OHCI) Driver
[   11.127786] initcall ohci_hcd_mod_init+0x0/0x4e returned 0 after 10989 usecs
[   11.140629] calling  ohci_pci_init+0x0/0x64 @ 1
[   11.149669] ohci-pci: OHCI PCI platform driver
[   11.160195] initcall ohci_pci_init+0x0/0x64 returned 0 after 10284 usecs
[   11.171680] calling  uhci_hcd_init+0x0/0xa8 @ 1
[   11.179469] uhci_hcd: USB Universal Host Controller Interface driver
[   11.183323] sr 2:0:0:0: Attached scsi CD-ROM sr0
[   11.189785] initcall uhci_hcd_init+0x0/0xa8 returned 0 after 10455 usecs
[   11.198109] sr 2:0:0:0: Attached scsi generic sg0 type 5
[   11.208643] calling  xhci_hcd_init+0x0/0x1e @ 1
[   11.227197] initcall xhci_hcd_init+0x0/0x1e returned 0 after 579 usecs
[   11.239520] calling  xhci_pci_init+0x0/0x49 @ 1
[   11.248281] initcall xhci_pci_init+0x0/0x49 returned 0 after 227 usecs
[   11.259536] calling  usblp_driver_init+0x0/0x15 @ 1
[   11.268294] usbcore: registered new interface driver usblp
[   11.279440] initcall usblp_driver_init+0x0/0x15 returned 0 after 11083 usecs
[   11.291768] calling  usb_storage_driver_init+0x0/0x2a @ 1
[   11.300391] usbcore: registered new interface driver usb-storage
[   11.311501] initcall usb_storage_driver_init+0x0/0x2a returned 0 after 10965 usecs
[   11.324201] calling  i8042_init+0x0/0x4c2 @ 1
[   11.333779] i8042: PNP: PS/2 Controller [PNP0303:KBD,PNP0f13:MOU] at 0x60,0x64 irq 1,12
[   11.369203] serio: i8042 KBD port at 0x60,0x64 irq 1
[   11.378283] serio: i8042 AUX port at 0x60,0x64 irq 12
[   11.387053] initcall i8042_init+0x0/0x4c2 returned 0 after 53601 usecs
[   11.398044] calling  serport_init+0x0/0x2c @ 1
[   11.406070] initcall serport_init+0x0/0x2c returned 0 after 323 usecs
[   11.417179] calling  input_leds_init+0x0/0xc @ 1
[   11.425705] initcall input_leds_init+0x0/0xc returned 0 after 253 usecs
[   11.437172] calling  evdev_init+0x0/0xc @ 1
[   11.445001] initcall evdev_init+0x0/0xc returned 0 after 358 usecs
[   11.455193] calling  atkbd_init+0x0/0x21 @ 1
[   11.466231] initcall atkbd_init+0x0/0x21 returned 0 after 3416 usecs
[   11.469479] input: AT Translated Set 2 keyboard as /devices/platform/i8042/serio0/input/input1
[   11.476217] calling  psmouse_init+0x0/0x7f @ 1
[   11.498408] initcall psmouse_init+0x0/0x7f returned 0 after 209 usecs
[   11.511358] calling  cmos_init+0x0/0x73 @ 1
[   11.523414] rtc_cmos 00:04: RTC can wake from S4
[   11.542538] rtc_cmos 00:04: registered as rtc0
[   11.550589] rtc_cmos 00:04: alarms up to one day, y3k, 242 bytes nvram, hpet irqs
[   11.562698] initcall cmos_init+0x0/0x73 returned 0 after 42216 usecs
[   11.573942] calling  smbalert_driver_init+0x0/0xe @ 1
[   11.583334] initcall smbalert_driver_init+0x0/0xe returned 0 after 135 usecs
[   11.595142] calling  i2c_i801_init+0x0/0xc5 @ 1
[   11.618492] i801_smbus 0000:00:1f.3: SMBus using PCI interrupt
[   11.629888] i2c i2c-0: 1/1 memory slots populated (from DMI)
[   11.641223] i2c i2c-0: Memory type 0x07 not supported yet, not instantiating SPD
[   11.656716] initcall i2c_i801_init+0x0/0xc5 returned 0 after 51994 usecs
[   11.669469] calling  ptp_kvm_init+0x0/0xf0 @ 1
[   11.679297] initcall ptp_kvm_init+0x0/0xf0 returned 0 after 1182 usecs
[   11.690261] calling  dm_init+0x0/0x3c @ 1
[   11.699633] device-mapper: ioctl: 4.43.0-ioctl (2020-10-01) initialised: dm-devel@redhat.com
[   11.713256] initcall dm_init+0x0/0x3c returned 0 after 15922 usecs
[   11.723200] calling  dm_mirror_init+0x0/0x29 @ 1
[   11.730216] initcall dm_mirror_init+0x0/0x29 returned 0 after 1 usecs
[   11.740337] calling  dm_dirty_log_init+0x0/0x4f @ 1
[   11.748267] initcall dm_dirty_log_init+0x0/0x4f returned 0 after 64 usecs
[   11.758732] calling  dm_zero_init+0x0/0x29 @ 1
[   11.765746] initcall dm_zero_init+0x0/0x29 returned 0 after 1 usecs
[   11.775862] calling  intel_pstate_init+0x0/0x510 @ 1
[   11.783735] intel_pstate: CPU model not supported
[   11.791143] initcall intel_pstate_init+0x0/0x510 returned -19 after 7361 usecs
[   11.802807] calling  haltpoll_init+0x0/0xc0 @ 1
[   11.810252] initcall haltpoll_init+0x0/0xc0 returned -19 after 87 usecs
[   11.821228] calling  efivars_sysfs_init+0x0/0x30 @ 1
[   11.829778] initcall efivars_sysfs_init+0x0/0x30 returned 0 after 183 usecs
[   11.839073] calling  esrt_sysfs_init+0x0/0x2a2 @ 1
[   11.845904] initcall esrt_sysfs_init+0x0/0x2a2 returned -38 after 0 usecs
[   11.855899] calling  hid_init+0x0/0x5c @ 1
[   11.862422] hid: raw HID events driver (C) Jiri Kosina
[   11.871127] initcall hid_init+0x0/0x5c returned 0 after 8634 usecs
[   11.881006] calling  hid_generic_init+0x0/0x15 @ 1
[   11.888916] initcall hid_generic_init+0x0/0x15 returned 0 after 273 usecs
[   11.899446] calling  a4_driver_init+0x0/0x15 @ 1
[   11.907000] initcall a4_driver_init+0x0/0x15 returned 0 after 19 usecs
[   11.917080] calling  apple_driver_init+0x0/0x15 @ 1
[   11.924597] initcall apple_driver_init+0x0/0x15 returned 0 after 53 usecs
[   11.935452] calling  belkin_driver_init+0x0/0x15 @ 1
[   11.943729] initcall belkin_driver_init+0x0/0x15 returned 0 after 380 usecs
[   11.955096] calling  ch_driver_init+0x0/0x15 @ 1
[   11.978509] initcall ch_driver_init+0x0/0x15 returned 0 after 229 usecs
[   11.988248] calling  ch_driver_init+0x0/0x15 @ 1
[   12.007760] initcall ch_driver_init+0x0/0x15 returned 0 after 343 usecs
[   12.031041] calling  cp_driver_init+0x0/0x15 @ 1
[   12.040743] initcall cp_driver_init+0x0/0x15 returned 0 after 360 usecs
[   12.054612] calling  ez_driver_init+0x0/0x15 @ 1
[   12.063444] initcall ez_driver_init+0x0/0x15 returned 0 after 272 usecs
[   12.074173] calling  gyration_driver_init+0x0/0x15 @ 1
[   12.082577] initcall gyration_driver_init+0x0/0x15 returned 0 after 356 usecs
[   12.093933] calling  ite_driver_init+0x0/0x15 @ 1
[   12.114387] initcall ite_driver_init+0x0/0x15 returned 0 after 251 usecs
[   12.136641] calling  ks_driver_init+0x0/0x15 @ 1
[   12.143338] initcall ks_driver_init+0x0/0x15 returned 0 after 36 usecs
[   12.169462] calling  lg_driver_init+0x0/0x15 @ 1
[   12.176626] initcall lg_driver_init+0x0/0x15 returned 0 after 46 usecs
[   12.202533] calling  lg_g15_driver_init+0x0/0x15 @ 1
[   12.209904] initcall lg_g15_driver_init+0x0/0x15 returned 0 after 49 usecs
[   12.232288] calling  ms_driver_init+0x0/0x15 @ 1
[   12.255714] initcall ms_driver_init+0x0/0x15 returned 0 after 128 usecs
[   12.281559] calling  mr_driver_init+0x0/0x15 @ 1
[   12.288591] initcall mr_driver_init+0x0/0x15 returned 0 after 27 usecs
[   12.314418] calling  ntrig_driver_init+0x0/0x15 @ 1
[   12.321737] initcall ntrig_driver_init+0x0/0x15 returned 0 after 54 usecs
[   12.345102] calling  pl_driver_init+0x0/0x15 @ 1
[   12.351511] initcall pl_driver_init+0x0/0x15 returned 0 after 27 usecs
[   12.360620] calling  pl_driver_init+0x0/0x15 @ 1
[   12.367268] initcall pl_driver_init+0x0/0x15 returned 0 after 22 usecs
[   12.376512] calling  redragon_driver_init+0x0/0x15 @ 1
[   12.384046] initcall redragon_driver_init+0x0/0x15 returned 0 after 262 usecs
[   12.393974] calling  samsung_driver_init+0x0/0x15 @ 1
[   12.401438] initcall samsung_driver_init+0x0/0x15 returned 0 after 237 usecs
[   12.411939] calling  sony_init+0x0/0x38 @ 1
[   12.418387] initcall sony_init+0x0/0x38 returned 0 after 22 usecs
[   12.426984] calling  sp_driver_init+0x0/0x15 @ 1
[   12.447166] initcall sp_driver_init+0x0/0x15 returned 0 after 274 usecs
[   12.457403] calling  ts_driver_init+0x0/0x15 @ 1
[   12.479135] initcall ts_driver_init+0x0/0x15 returned 0 after 281 usecs
[   12.505408] calling  hid_init+0x0/0x58 @ 1
[   12.512210] usbcore: registered new interface driver usbhid
[   12.532722] usbhid: USB HID core driver
[   12.550003] initcall hid_init+0x0/0x58 returned 0 after 37246 usecs
[   12.573087] calling  eeepc_laptop_init+0x0/0x57 @ 1
[   12.596902] initcall eeepc_laptop_init+0x0/0x57 returned -19 after 78 usecs
[   12.607265] calling  pmc_atom_init+0x0/0x27a @ 1
[   12.614264] initcall pmc_atom_init+0x0/0x27a returned -19 after 5 usecs
[   12.624072] calling  alsa_hwdep_init+0x0/0x5e @ 1
[   12.631301] initcall alsa_hwdep_init+0x0/0x5e returned 0 after 85 usecs
[   12.641008] calling  alsa_timer_init+0x0/0x1f0 @ 1
[   12.649214] initcall alsa_timer_init+0x0/0x1f0 returned 0 after 533 usecs
[   12.658696] calling  snd_hrtimer_init+0x0/0x117 @ 1
[   12.670575] initcall snd_hrtimer_init+0x0/0x117 returned 0 after 123 usecs
[   12.681616] calling  alsa_pcm_init+0x0/0x64 @ 1
[   12.705818] initcall alsa_pcm_init+0x0/0x64 returned 0 after 6810 usecs
[   12.716566] calling  alsa_seq_init+0x0/0x4a @ 1
[   12.731291] initcall alsa_seq_init+0x0/0x4a returned 0 after 7866 usecs
[   12.741662] calling  alsa_seq_dummy_init+0x0/0x9c @ 1
[   12.751335] initcall alsa_seq_dummy_init+0x0/0x9c returned 0 after 888 usecs
[   12.762513] calling  azx_driver_init+0x0/0x15 @ 1
[   12.771537] initcall azx_driver_init+0x0/0x15 returned 0 after 1371 usecs
[   12.782955] calling  sock_diag_init+0x0/0x2a @ 1
[   12.807715] initcall sock_diag_init+0x0/0x2a returned 0 after 7093 usecs
[   12.833088] calling  blackhole_init+0x0/0xc @ 1
[   12.840879] initcall blackhole_init+0x0/0xc returned 0 after 387 usecs
[   12.855287] calling  nfnetlink_init+0x0/0x57 @ 1
[   12.864520] initcall nfnetlink_init+0x0/0x57 returned 0 after 1854 usecs
[   12.875479] calling  nfnetlink_log_init+0x0/0x99 @ 1
[   12.883447] initcall nfnetlink_log_init+0x0/0x99 returned 0 after 691 usecs
[   12.898483] calling  nf_conntrack_standalone_init+0x0/0x87 @ 1
[   12.911400] initcall nf_conntrack_standalone_init+0x0/0x87 returned 0 after 1945 usecs
[   12.928082] calling  ctnetlink_init+0x0/0x83 @ 1
[   12.962558] initcall ctnetlink_init+0x0/0x83 returned 0 after 905 usecs
[   12.972535] calling  nf_conntrack_ftp_init+0x0/0x12c @ 1
[   12.993726] initcall nf_conntrack_ftp_init+0x0/0x12c returned 0 after 1050 usecs
[   13.006404] calling  nf_conntrack_irc_init+0x0/0x129 @ 1
[   13.015097] initcall nf_conntrack_irc_init+0x0/0x129 returned 0 after 344 usecs
[   13.039123] input: ImExPS/2 Generic Explorer Mouse as /devices/platform/i8042/serio1/input/input3
[   13.053330] calling  nf_conntrack_sip_init+0x0/0x172 @ 1
[   13.054920] tasks-torture: rcu_torture_read_exit: End of episode
[   13.075159] initcall nf_conntrack_sip_init+0x0/0x172 returned 0 after 509 usecs
[   13.092489] calling  nf_nat_init+0x0/0xd2 @ 1
[   13.117027] initcall nf_nat_init+0x0/0xd2 returned 0 after 17909 usecs
[   13.126546] calling  nf_nat_ftp_init+0x0/0x2a @ 1
[   13.133285] initcall nf_nat_ftp_init+0x0/0x2a returned 0 after 1 usecs
[   13.142849] calling  nf_nat_irc_init+0x0/0x2a @ 1
[   13.149714] initcall nf_nat_irc_init+0x0/0x2a returned 0 after 7 usecs
[   13.163668] calling  nf_nat_sip_init+0x0/0x36 @ 1
[   13.170153] initcall nf_nat_sip_init+0x0/0x36 returned 0 after 8 usecs
[   13.178963] calling  xt_init+0x0/0xf8 @ 1
[   13.184942] initcall xt_init+0x0/0xf8 returned 0 after 48 usecs
[   13.192965] calling  tcpudp_mt_init+0x0/0x11 @ 1
[   13.200450] initcall tcpudp_mt_init+0x0/0x11 returned 0 after 988 usecs
[   13.209575] calling  connsecmark_tg_init+0x0/0xc @ 1
[   13.216410] initcall connsecmark_tg_init+0x0/0xc returned 0 after 1 usecs
[   13.225460] calling  nflog_tg_init+0x0/0xc @ 1
[   13.231569] initcall nflog_tg_init+0x0/0xc returned 0 after 1 usecs
[   13.239929] calling  secmark_tg_init+0x0/0x11 @ 1
[   13.246239] initcall secmark_tg_init+0x0/0x11 returned 0 after 1 usecs
[   13.255063] calling  tcpmss_tg_init+0x0/0x11 @ 1
[   13.261224] initcall tcpmss_tg_init+0x0/0x11 returned 0 after 1 usecs
[   13.269836] calling  conntrack_mt_init+0x0/0x11 @ 1
[   13.276608] initcall conntrack_mt_init+0x0/0x11 returned 0 after 1 usecs
[   13.285538] calling  policy_mt_init+0x0/0x11 @ 1
[   13.291638] initcall policy_mt_init+0x0/0x11 returned 0 after 1 usecs
[   13.300539] calling  state_mt_init+0x0/0xc @ 1
[   13.306705] initcall state_mt_init+0x0/0xc returned 0 after 9 usecs
[   13.315185] calling  gre_offload_init+0x0/0x48 @ 1
[   13.322483] initcall gre_offload_init+0x0/0x48 returned 0 after 206 usecs
[   13.331612] calling  sysctl_ipv4_init+0x0/0x46 @ 1
[   13.338586] initcall sysctl_ipv4_init+0x0/0x46 returned 0 after 310 usecs
[   13.348138] calling  tunnel4_init+0x0/0x58 @ 1
[   13.354452] initcall tunnel4_init+0x0/0x58 returned 0 after 36 usecs
[   13.363303] calling  nf_defrag_init+0x0/0xc @ 1
[   13.369713] initcall nf_defrag_init+0x0/0xc returned 0 after 2 usecs
