c[?7l[2J[0mSeaBIOS (version 1.16.0-debian-1.16.0-4)
Booting from ROM...
early console in setup code
c[?7l[2J[    0.000000] Linux version 5.10.152+ (root@joelboxx.c.googlers.com) (gcc (Debian 12.2.0-3) 12.2.0, GNU ld (GNU Binutils for Debian) 2.39) #8 SMP Tue Dec 13 08:16:06 UTC 2022
[    0.000000] Command line: selinux=0 initcall_debug debug console=ttyS0 rcutorture.torture_type=srcu rcutorture.onoff_interval=1000 rcutorture.onoff_holdoff=30 rcutorture.n_barrier_cbs=4 rcutorture.stat_interval=15 rcutorture.shutdown_secs=1800 rcutorture.test_no_idle_hz=1 rcutorture.verbose=1
[    0.000000] x86/fpu: x87 FPU will use FXSAVE
[    0.000000] BIOS-provided physical RAM map:
[    0.000000] BIOS-e820: [mem 0x0000000000000000-0x000000000009fbff] usable
[    0.000000] BIOS-e820: [mem 0x000000000009fc00-0x000000000009ffff] reserved
[    0.000000] BIOS-e820: [mem 0x00000000000f0000-0x00000000000fffff] reserved
[    0.000000] BIOS-e820: [mem 0x0000000000100000-0x000000001ffdefff] usable
[    0.000000] BIOS-e820: [mem 0x000000001ffdf000-0x000000001fffffff] reserved
[    0.000000] BIOS-e820: [mem 0x00000000b0000000-0x00000000bfffffff] reserved
[    0.000000] BIOS-e820: [mem 0x00000000fed1c000-0x00000000fed1ffff] reserved
[    0.000000] BIOS-e820: [mem 0x00000000feffc000-0x00000000feffffff] reserved
[    0.000000] BIOS-e820: [mem 0x00000000fffc0000-0x00000000ffffffff] reserved
[    0.000000] NX (Execute Disable) protection: active
[    0.000000] SMBIOS 2.8 present.
[    0.000000] DMI: QEMU Standard PC (Q35 + ICH9, 2009), BIOS 1.16.0-debian-1.16.0-4 04/01/2014
[    0.000000] Hypervisor detected: KVM
[    0.000000] kvm-clock: Using msrs 4b564d01 and 4b564d00
[    0.000000] kvm-clock: cpu 0, msr 1d69e001, primary cpu clock
[    0.000001] kvm-clock: using sched offset of 2629860100 cycles
[    0.000231] clocksource: kvm-clock: mask: 0xffffffffffffffff max_cycles: 0x1cd42e4dffb, max_idle_ns: 881590591483 ns
[    0.000407] tsc: Detected 1999.999 MHz processor
[    0.006508] e820: update [mem 0x00000000-0x00000fff] usable ==> reserved
[    0.006512] e820: remove [mem 0x000a0000-0x000fffff] usable
[    0.006519] last_pfn = 0x1ffdf max_arch_pfn = 0x400000000
[    0.007389] MTRR default type: write-back
[    0.007445] MTRR fixed ranges enabled:
[    0.007447]   00000-9FFFF write-back
[    0.007448]   A0000-BFFFF uncachable
[    0.007449]   C0000-FFFFF write-protect
[    0.007451] MTRR variable ranges enabled:
[    0.007452]   0 base 00C0000000 mask FFC0000000 uncachable
[    0.007454]   1 disabled
[    0.007454]   2 disabled
[    0.007455]   3 disabled
[    0.007456]   4 disabled
[    0.007457]   5 disabled
[    0.007458]   6 disabled
[    0.007458]   7 disabled
[    0.007802] x86/PAT: Configuration [0-7]: WB  WC  UC- UC  WB  WC  UC- UC  
[    0.016712] found SMP MP-table at [mem 0x000f5ba0-0x000f5baf]
[    0.018578] check: Scanning 1 areas for low memory corruption
[    0.032671] ACPI: Early table checksum verification disabled
[    0.034528] ACPI: RSDP 0x00000000000F59E0 000014 (v00 BOCHS )
[    0.034831] ACPI: RSDT 0x000000001FFE23B1 000038 (v01 BOCHS  BXPC     00000001 BXPC 00000001)
[    0.035002] ACPI: FACP 0x000000001FFE2191 0000F4 (v03 BOCHS  BXPC     00000001 BXPC 00000001)
[    0.035009] ACPI: DSDT 0x000000001FFE0040 002151 (v01 BOCHS  BXPC     00000001 BXPC 00000001)
[    0.035014] ACPI: FACS 0x000000001FFE0000 000040
[    0.035019] ACPI: APIC 0x000000001FFE2285 000090 (v01 BOCHS  BXPC     00000001 BXPC 00000001)
[    0.035023] ACPI: HPET 0x000000001FFE2315 000038 (v01 BOCHS  BXPC     00000001 BXPC 00000001)
[    0.035027] ACPI: MCFG 0x000000001FFE234D 00003C (v01 BOCHS  BXPC     00000001 BXPC 00000001)
[    0.035032] ACPI: WAET 0x000000001FFE2389 000028 (v01 BOCHS  BXPC     00000001 BXPC 00000001)
[    0.035036] ACPI: Reserving FACP table memory at [mem 0x1ffe2191-0x1ffe2284]
[    0.035038] ACPI: Reserving DSDT table memory at [mem 0x1ffe0040-0x1ffe2190]
[    0.035039] ACPI: Reserving FACS table memory at [mem 0x1ffe0000-0x1ffe003f]
[    0.035040] ACPI: Reserving APIC table memory at [mem 0x1ffe2285-0x1ffe2314]
[    0.035041] ACPI: Reserving HPET table memory at [mem 0x1ffe2315-0x1ffe234c]
[    0.035042] ACPI: Reserving MCFG table memory at [mem 0x1ffe234d-0x1ffe2388]
[    0.035043] ACPI: Reserving WAET table memory at [mem 0x1ffe2389-0x1ffe23b0]
[    0.036038] ACPI: Local APIC address 0xfee00000
[    0.040813] No NUMA configuration found
[    0.040815] Faking a node at [mem 0x0000000000000000-0x000000001ffdefff]
[    0.041036] NODE_DATA(0) allocated [mem 0x1ffdb000-0x1ffdefff]
[    0.042054] Zone ranges:
[    0.042138]   DMA      [mem 0x0000000000001000-0x0000000000ffffff]
[    0.042208]   DMA32    [mem 0x0000000001000000-0x000000001ffdefff]
[    0.042210]   Normal   empty
[    0.042211] Movable zone start for each node
[    0.042212] Early memory node ranges
[    0.042254]   node   0: [mem 0x0000000000001000-0x000000000009efff]
[    0.042299]   node   0: [mem 0x0000000000100000-0x000000001ffdefff]
[    0.042335] Initmem setup node 0 [mem 0x0000000000001000-0x000000001ffdefff]
[    0.042337] On node 0 totalpages: 130941
[    0.042447]   DMA zone: 64 pages used for memmap
[    0.042449]   DMA zone: 21 pages reserved
[    0.042450]   DMA zone: 3998 pages, LIFO batch:0
[    0.042451]   DMA32 zone: 1984 pages used for memmap
[    0.042452]   DMA32 zone: 126943 pages, LIFO batch:31
[    0.045422] On node 0, zone DMA: 1 pages in unavailable ranges
[    0.048398] On node 0, zone DMA: 97 pages in unavailable ranges
[    0.166878] On node 0, zone DMA32: 33 pages in unavailable ranges
[    0.170567] ACPI: PM-Timer IO Port: 0x608
[    0.170572] ACPI: Local APIC address 0xfee00000
[    0.170792] ACPI: LAPIC_NMI (acpi_id[0xff] dfl dfl lint[0x1])
[    0.171766] IOAPIC[0]: apic_id 0, version 17, address 0xfec00000, GSI 0-23
[    0.171770] ACPI: INT_SRC_OVR (bus 0 bus_irq 0 global_irq 2 dfl dfl)
[    0.171805] ACPI: INT_SRC_OVR (bus 0 bus_irq 5 global_irq 5 high level)
[    0.171806] ACPI: INT_SRC_OVR (bus 0 bus_irq 9 global_irq 9 high level)
[    0.171894] ACPI: INT_SRC_OVR (bus 0 bus_irq 10 global_irq 10 high level)
[    0.171926] ACPI: INT_SRC_OVR (bus 0 bus_irq 11 global_irq 11 high level)
[    0.171929] ACPI: IRQ0 used by override.
[    0.171930] ACPI: IRQ5 used by override.
[    0.171931] ACPI: IRQ9 used by override.
[    0.171932] ACPI: IRQ10 used by override.
[    0.171933] ACPI: IRQ11 used by override.
[    0.171973] Using ACPI (MADT) for SMP configuration information
[    0.172007] ACPI: HPET id: 0x8086a201 base: 0xfed00000
[    0.172413] smpboot: Allowing 4 CPUs, 0 hotplug CPUs
[    0.173488] PM: hibernation: Registered nosave memory: [mem 0x00000000-0x00000fff]
[    0.173491] PM: hibernation: Registered nosave memory: [mem 0x0009f000-0x0009ffff]
[    0.173492] PM: hibernation: Registered nosave memory: [mem 0x000a0000-0x000effff]
[    0.173493] PM: hibernation: Registered nosave memory: [mem 0x000f0000-0x000fffff]
[    0.173496] [mem 0x20000000-0xafffffff] available for PCI devices
[    0.173559] Booting paravirtualized kernel on KVM
[    0.173952] clocksource: refined-jiffies: mask: 0xffffffff max_cycles: 0xffffffff, max_idle_ns: 1910969940391419 ns
[    0.206568] setup_percpu: NR_CPUS:4 nr_cpumask_bits:4 nr_cpu_ids:4 nr_node_ids:1
[    0.235224] percpu: Embedded 56 pages/cpu s191128 r8192 d30056 u524288
[    0.235280] pcpu-alloc: s191128 r8192 d30056 u524288 alloc=1*2097152
[    0.235308] pcpu-alloc: [0] 0 1 2 3 
[    0.235597] kvm-guest: stealtime: cpu 0, msr 1f41b600
[    0.235759] Built 1 zonelists, mobility grouping on.  Total pages: 128872
[    0.235761] Policy zone: DMA32
[    0.235787] Kernel command line: selinux=0 initcall_debug debug console=ttyS0 rcutorture.torture_type=srcu rcutorture.onoff_interval=1000 rcutorture.onoff_holdoff=30 rcutorture.n_barrier_cbs=4 rcutorture.stat_interval=15 rcutorture.shutdown_secs=1800 rcutorture.test_no_idle_hz=1 rcutorture.verbose=1
[    0.236808] Dentry cache hash table entries: 65536 (order: 7, 524288 bytes, linear)
[    0.236847] Inode-cache hash table entries: 32768 (order: 6, 262144 bytes, linear)
[    0.237470] mem auto-init: stack:all(zero), heap alloc:off, heap free:off
[    0.241974] Memory: 480680K/523764K available (14349K kernel code, 2529K rwdata, 4688K rodata, 1500K init, 1520K bss, 42824K reserved, 0K cma-reserved)
[    0.242488] SLUB: HWalign=64, Order=0-3, MinObjects=0, CPUs=4, Nodes=1
[    0.242719] Kernel/User page tables isolation: enabled
[    0.247844] rcu: Hierarchical RCU implementation.
[    0.247856] 	Trampoline variant of Tasks RCU enabled.
[    0.247858] 	Rude variant of Tasks RCU enabled.
[    0.247858] 	Tracing variant of Tasks RCU enabled.
[    0.247962] rcu: RCU calculated value of scheduler-enlistment delay is 100 jiffies.
[    0.263407] NR_IRQS: 4352, nr_irqs: 456, preallocated irqs: 16
[    0.265692] calling  con_init+0x0/0x22a @ 0
[    0.375073] Console: colour VGA+ 80x25
[    0.375083] initcall con_init+0x0/0x22a returned 0 after 0 usecs
[    0.375086] calling  hvc_console_init+0x0/0x13 @ 0
[    0.375119] initcall hvc_console_init+0x0/0x13 returned 0 after 0 usecs
[    0.375120] calling  univ8250_console_init+0x0/0x26 @ 0
[    1.341591] printk: console [ttyS0] enabled
[    1.347087] initcall univ8250_console_init+0x0/0x26 returned 0 after 0 usecs
[    1.357516] ACPI: Core revision 20200925
[    1.365983] clocksource: hpet: mask: 0xffffffff max_cycles: 0xffffffff, max_idle_ns: 19112604467 ns
[    1.378923] APIC: Switch to symmetric I/O mode setup
[    1.401551] ..TIMER: vector=0x30 apic1=0 pin1=2 apic2=-1 pin2=-1
[    1.408997] clocksource: tsc-early: mask: 0xffffffffffffffff max_cycles: 0x39a85afc727, max_idle_ns: 881590685098 ns
[    1.421899] Calibrating delay loop (skipped) preset value.. 3999.99 BogoMIPS (lpj=1999999)
[    1.422282] pid_max: default: 32768 minimum: 301
[    1.424252] LSM: Security Framework initializing
[    1.426505] Mount-cache hash table entries: 1024 (order: 1, 8192 bytes, linear)
[    1.428171] Mountpoint-cache hash table entries: 1024 (order: 1, 8192 bytes, linear)
[    1.437045] Last level iTLB entries: 4KB 0, 2MB 0, 4MB 0
[    1.437172] Last level dTLB entries: 4KB 0, 2MB 0, 4MB 0, 1GB 0
[    1.438292] Spectre V1 : Mitigation: usercopy/swapgs barriers and __user pointer sanitization
[    1.439173] Spectre V2 : Mitigation: Retpolines
[    1.440170] Spectre V2 : Spectre v2 / SpectreRSB mitigation: Filling RSB on context switch
[    1.441171] Spectre V2 : Spectre v2 / SpectreRSB : Filling RSB on VMEXIT
[    1.442171] Speculative Store Bypass: Vulnerable
[    1.443209] MDS: Vulnerable: Clear CPU buffers attempted, no microcode
[    1.444171] MMIO Stale Data: Unknown: No mitigations
[    1.506219] Freeing SMP alternatives memory: 44K
[    1.612167] smpboot: CPU0: Intel Common KVM processor (family: 0xf, model: 0x6, stepping: 0x1)
[    1.613409] calling  init_hw_perf_events+0x0/0x6ce @ 1
[    1.614193] Performance Events: unsupported Netburst CPU model 6 no PMU driver, software events only.
[    1.615193] initcall init_hw_perf_events+0x0/0x6ce returned 0 after 976 usecs
[    1.616193] calling  init_real_mode+0x0/0x1e9 @ 1
[    1.617701] initcall init_real_mode+0x0/0x1e9 returned 0 after 0 usecs
[    1.618182] calling  trace_init_perf_perm_irq_work_exit+0x0/0x12 @ 1
[    1.619228] initcall trace_init_perf_perm_irq_work_exit+0x0/0x12 returned 0 after 0 usecs
[    1.620196] calling  validate_x2apic+0x0/0x4a @ 1
[    1.621201] initcall validate_x2apic+0x0/0x4a returned 0 after 0 usecs
[    1.622174] calling  register_nmi_cpu_backtrace_handler+0x0/0x15 @ 1
[    1.623174] initcall register_nmi_cpu_backtrace_handler+0x0/0x15 returned 0 after 0 usecs
[    1.624175] calling  kvm_setup_vsyscall_timeinfo+0x0/0xd1 @ 1
[    1.625174] initcall kvm_setup_vsyscall_timeinfo+0x0/0xd1 returned 0 after 0 usecs
[    1.626173] calling  spawn_ksoftirqd+0x0/0x38 @ 1
[    1.628197] initcall spawn_ksoftirqd+0x0/0x38 returned 0 after 976 usecs
[    1.629173] calling  migration_init+0x0/0x33 @ 1
[    1.630172] initcall migration_init+0x0/0x33 returned 0 after 0 usecs
[    1.631174] calling  srcu_bootup_announce+0x0/0x2f @ 1
[    1.632171] rcu: Hierarchical SRCU implementation.
[    1.633173] initcall srcu_bootup_announce+0x0/0x2f returned 0 after 976 usecs
[    1.634173] calling  rcu_spawn_gp_kthread+0x0/0x1b0 @ 1
[    1.635292] initcall rcu_spawn_gp_kthread+0x0/0x1b0 returned 0 after 0 usecs
[    1.636174] calling  check_cpu_stall_init+0x0/0x1a @ 1
[    1.637175] initcall check_cpu_stall_init+0x0/0x1a returned 0 after 0 usecs
[    1.638173] calling  rcu_sysrq_init+0x0/0x21 @ 1
[    1.639176] initcall rcu_sysrq_init+0x0/0x21 returned 0 after 0 usecs
[    1.640175] calling  trace_init_flags_sys_enter+0x0/0xe @ 1
[    1.641188] initcall trace_init_flags_sys_enter+0x0/0xe returned 0 after 0 usecs
[    1.643167] calling  trace_init_flags_sys_exit+0x0/0xe @ 1
[    1.644173] initcall trace_init_flags_sys_exit+0x0/0xe returned 0 after 0 usecs
[    1.645186] calling  cpu_stop_init+0x0/0x6e @ 1
[    1.646301] initcall cpu_stop_init+0x0/0x6e returned 0 after 0 usecs
[    1.647189] calling  init_kprobes+0x0/0x165 @ 1
[    1.649183] initcall init_kprobes+0x0/0x165 returned 0 after 976 usecs
[    1.650175] calling  init_events+0x0/0x3d @ 1
[    1.651390] initcall init_events+0x0/0x3d returned 0 after 0 usecs
[    1.652175] calling  init_trace_printk+0x0/0xc @ 1
[    1.653173] initcall init_trace_printk+0x0/0xc returned 0 after 0 usecs
[    1.654176] calling  event_trace_enable_again+0x0/0x23 @ 1
[    1.655175] initcall event_trace_enable_again+0x0/0x23 returned 0 after 0 usecs
[    1.656204] calling  static_call_init+0x0/0x77 @ 1
[    1.657202] initcall static_call_init+0x0/0x77 returned 0 after 0 usecs
[    1.658175] calling  jump_label_init_module+0x0/0xc @ 1
[    1.659175] initcall jump_label_init_module+0x0/0xc returned 0 after 0 usecs
[    1.660174] calling  init_zero_pfn+0x0/0x37 @ 1
[    1.661173] initcall init_zero_pfn+0x0/0x37 returned 0 after 0 usecs
[    1.662174] calling  initialize_ptr_random+0x0/0x54 @ 1
[    1.663191] initcall initialize_ptr_random+0x0/0x54 returned 0 after 0 usecs
[    1.664190] calling  efi_memreserve_root_init+0x0/0x25 @ 1
[    1.665219] initcall efi_memreserve_root_init+0x0/0x25 returned 0 after 0 usecs
[    1.666174] calling  efi_earlycon_remap_fb+0x0/0x51 @ 1
[    1.667174] initcall efi_earlycon_remap_fb+0x0/0x51 returned 0 after 0 usecs
[    1.669355] smp: Bringing up secondary CPUs ...
[    1.671749] x86: Booting SMP configuration:
[    1.672186] .... node  #0, CPUs:      #1
[    1.152440] kvm-clock: cpu 1, msr 1d69e041, secondary cpu clock
[    1.698486] kvm-guest: stealtime: cpu 1, msr 1f49b600
[    1.713191]  #2
[    1.152440] kvm-clock: cpu 2, msr 1d69e081, secondary cpu clock
[    1.736424] kvm-guest: stealtime: cpu 2, msr 1f51b600
[    1.751828]  #3
[    1.152440] kvm-clock: cpu 3, msr 1d69e0c1, secondary cpu clock
[    1.774307] kvm-guest: stealtime: cpu 3, msr 1f59b600
[    1.788681] smp: Brought up 1 node, 4 CPUs
[    1.789175] smpboot: Max logical packages: 1
[    1.790171] smpboot: Total of 4 processors activated (15999.99 BogoMIPS)
[    1.808172] devtmpfs: initialized
[    1.810623] calling  ipc_ns_init+0x0/0x3d @ 1
[    1.811182] initcall ipc_ns_init+0x0/0x3d returned 0 after 0 usecs
[    1.812180] calling  init_mmap_min_addr+0x0/0x21 @ 1
[    1.813173] initcall init_mmap_min_addr+0x0/0x21 returned 0 after 0 usecs
[    1.814173] calling  pci_realloc_setup_params+0x0/0x3f @ 1
[    1.815174] initcall pci_realloc_setup_params+0x0/0x3f returned 0 after 0 usecs
[    1.816176] calling  net_ns_init+0x0/0x11c @ 1
[    1.819396] initcall net_ns_init+0x0/0x11c returned 0 after 1953 usecs
[    1.820190] calling  e820__register_nvs_regions+0x0/0x37 @ 1
[    1.821173] initcall e820__register_nvs_regions+0x0/0x37 returned 0 after 0 usecs
[    1.822173] calling  cpufreq_register_tsc_scaling+0x0/0x2e @ 1
[    1.823172] initcall cpufreq_register_tsc_scaling+0x0/0x2e returned 0 after 0 usecs
[    1.824173] calling  reboot_init+0x0/0x3c @ 1
[    1.825299] initcall reboot_init+0x0/0x3c returned 0 after 0 usecs
[    1.826173] calling  init_lapic_sysfs+0x0/0x20 @ 1
[    1.827172] initcall init_lapic_sysfs+0x0/0x20 returned 0 after 0 usecs
[    1.828173] calling  alloc_frozen_cpus+0x0/0x7 @ 1
[    1.829173] initcall alloc_frozen_cpus+0x0/0x7 returned 0 after 0 usecs
[    1.830173] calling  cpu_hotplug_pm_sync_init+0x0/0x13 @ 1
[    1.831176] initcall cpu_hotplug_pm_sync_init+0x0/0x13 returned 0 after 0 usecs
[    1.832176] calling  wq_sysfs_init+0x0/0x2a @ 1
[    1.833310] initcall wq_sysfs_init+0x0/0x2a returned 0 after 0 usecs
[    1.834180] calling  ksysfs_init+0x0/0x92 @ 1
[    1.835194] initcall ksysfs_init+0x0/0x92 returned 0 after 0 usecs
[    1.836175] calling  schedutil_gov_init+0x0/0xc @ 1
[    1.837199] initcall schedutil_gov_init+0x0/0xc returned 0 after 0 usecs
[    1.838173] calling  pm_init+0x0/0x76 @ 1
[    1.839315] initcall pm_init+0x0/0x76 returned 0 after 0 usecs
[    1.840173] calling  pm_disk_init+0x0/0x13 @ 1
[    1.841193] initcall pm_disk_init+0x0/0x13 returned 0 after 0 usecs
[    1.842173] calling  swsusp_header_init+0x0/0x2b @ 1
[    1.843177] initcall swsusp_header_init+0x0/0x2b returned 0 after 0 usecs
[    1.844173] calling  rcu_set_runtime_mode+0x0/0x16 @ 1
[    1.845310] initcall rcu_set_runtime_mode+0x0/0x16 returned 0 after 0 usecs
[    1.846174] calling  init_jiffies_clocksource+0x0/0x13 @ 1
[    1.847173] clocksource: jiffies: mask: 0xffffffff max_cycles: 0xffffffff, max_idle_ns: 1911260446275000 ns
[    1.848174] initcall init_jiffies_clocksource+0x0/0x13 returned 0 after 976 usecs
[    1.849173] calling  futex_init+0x0/0xfa @ 1
[    1.850176] futex hash table entries: 1024 (order: 4, 65536 bytes, linear)
[    1.851376] initcall futex_init+0x0/0xfa returned 0 after 976 usecs
[    1.852173] calling  cgroup_wq_init+0x0/0x28 @ 1
[    1.853183] initcall cgroup_wq_init+0x0/0x28 returned 0 after 0 usecs
[    1.854173] calling  cgroup1_wq_init+0x0/0x28 @ 1
[    1.855197] initcall cgroup1_wq_init+0x0/0x28 returned 0 after 0 usecs
[    1.856172] calling  init_kprobe_trace_early+0x0/0x2a @ 1
[    1.857202] initcall init_kprobe_trace_early+0x0/0x2a returned 0 after 0 usecs
[    1.858174] calling  fsnotify_init+0x0/0x48 @ 1
[    1.859188] initcall fsnotify_init+0x0/0x48 returned 0 after 0 usecs
[    1.860172] calling  filelock_init+0x0/0x96 @ 1
[    1.861196] initcall filelock_init+0x0/0x96 returned 0 after 0 usecs
[    1.862172] calling  init_misc_binfmt+0x0/0x2c @ 1
[    1.863189] initcall init_misc_binfmt+0x0/0x2c returned 0 after 0 usecs
[    1.864172] calling  init_script_binfmt+0x0/0x15 @ 1
[    1.865172] initcall init_script_binfmt+0x0/0x15 returned 0 after 0 usecs
[    1.866196] calling  init_elf_binfmt+0x0/0x15 @ 1
[    1.867172] initcall init_elf_binfmt+0x0/0x15 returned 0 after 0 usecs
[    1.868173] calling  init_compat_elf_binfmt+0x0/0x15 @ 1
[    1.869173] initcall init_compat_elf_binfmt+0x0/0x15 returned 0 after 0 usecs
[    1.870173] calling  debugfs_init+0x0/0x5c @ 1
[    1.871198] initcall debugfs_init+0x0/0x5c returned 0 after 0 usecs
[    1.872173] calling  tracefs_init+0x0/0x3a @ 1
[    1.873189] initcall tracefs_init+0x0/0x3a returned 0 after 0 usecs
[    1.874173] calling  prandom_init_early+0x0/0x15d @ 1
[    1.875173] initcall prandom_init_early+0x0/0x15d returned 0 after 0 usecs
[    1.876174] calling  virtio_init+0x0/0x20 @ 1
[    1.877202] initcall virtio_init+0x0/0x20 returned 0 after 0 usecs
[    1.878172] calling  iommu_init+0x0/0x2a @ 1
[    1.879196] initcall iommu_init+0x0/0x2a returned 0 after 0 usecs
[    1.880172] calling  component_debug_init+0x0/0x1c @ 1
[    1.881192] initcall component_debug_init+0x0/0x1c returned 0 after 0 usecs
[    1.882172] calling  early_resume_init+0x0/0xb9 @ 1
[    1.884171] PM: RTC time: 08:31:08, date: 2022-12-13
[    1.885193] initcall early_resume_init+0x0/0xb9 returned 0 after 1953 usecs
[    1.886172] calling  cpufreq_core_init+0x0/0x62 @ 1
[    1.887193] initcall cpufreq_core_init+0x0/0x62 returned 0 after 0 usecs
[    1.888173] calling  cpufreq_gov_performance_init+0x0/0xc @ 1
[    1.889174] initcall cpufreq_gov_performance_init+0x0/0xc returned 0 after 0 usecs
[    1.890174] calling  cpufreq_gov_userspace_init+0x0/0xc @ 1
[    1.891178] initcall cpufreq_gov_userspace_init+0x0/0xc returned 0 after 0 usecs
[    1.892176] calling  CPU_FREQ_GOV_ONDEMAND_init+0x0/0xc @ 1
[    1.893174] initcall CPU_FREQ_GOV_ONDEMAND_init+0x0/0xc returned 0 after 0 usecs
[    1.895172] calling  cpuidle_init+0x0/0x1f @ 1
[    1.896234] initcall cpuidle_init+0x0/0x1f returned 0 after 0 usecs
[    1.897174] calling  capsule_reboot_register+0x0/0xc @ 1
[    1.898192] initcall capsule_reboot_register+0x0/0xc returned 0 after 0 usecs
[    1.899174] calling  sock_init+0x0/0x93 @ 1
[    1.900764] initcall sock_init+0x0/0x93 returned 0 after 0 usecs
[    1.901173] calling  net_inuse_init+0x0/0x23 @ 1
[    1.902177] initcall net_inuse_init+0x0/0x23 returned 0 after 0 usecs
[    1.903178] calling  net_defaults_init+0x0/0x23 @ 1
[    1.904178] initcall net_defaults_init+0x0/0x23 returned 0 after 0 usecs
[    1.905175] calling  init_default_flow_dissectors+0x0/0x4f @ 1
[    1.906195] initcall init_default_flow_dissectors+0x0/0x4f returned 0 after 0 usecs
[    1.907175] calling  netpoll_init+0x0/0x26 @ 1
[    1.908175] initcall netpoll_init+0x0/0x26 returned 0 after 0 usecs
[    1.909175] calling  netlink_proto_init+0x0/0x14f @ 1
[    1.911176] NET: Registered protocol family 16
[    1.912193] initcall netlink_proto_init+0x0/0x14f returned 0 after 1953 usecs
[    1.913175] calling  genl_init+0x0/0x35 @ 1
[    1.914204] initcall genl_init+0x0/0x35 returned 0 after 0 usecs
[    1.915227] calling  bsp_pm_check_init+0x0/0x13 @ 1
[    1.916176] initcall bsp_pm_check_init+0x0/0x13 returned 0 after 0 usecs
[    1.918198] calling  irq_sysfs_init+0x0/0xb7 @ 1
[    1.919558] initcall irq_sysfs_init+0x0/0xb7 returned 0 after 0 usecs
[    1.920179] calling  audit_init+0x0/0x160 @ 1
[    1.921200] audit: initializing netlink subsys (disabled)
[    1.923497] initcall audit_init+0x0/0x160 returned 0 after 1953 usecs
[    1.923304] audit: type=2000 audit(1670920266.742:1): state=initialized audit_enabled=0 res=1
[    1.924175] calling  release_early_probes+0x0/0x32 @ 1
[    1.926177] initcall release_early_probes+0x0/0x32 returned 0 after 0 usecs
[    1.927210] calling  bdi_class_init+0x0/0x48 @ 1
[    1.928207] initcall bdi_class_init+0x0/0x48 returned 0 after 0 usecs
[    1.929175] calling  mm_sysfs_init+0x0/0x28 @ 1
[    1.930183] initcall mm_sysfs_init+0x0/0x28 returned 0 after 0 usecs
[    1.931175] calling  init_per_zone_wmark_min+0x0/0x6d @ 1
[    1.932179] initcall init_per_zone_wmark_min+0x0/0x6d returned 0 after 0 usecs
[    1.933175] calling  mpi_init+0x0/0x3e @ 1
[    1.934179] initcall mpi_init+0x0/0x3e returned 0 after 0 usecs
[    1.935175] calling  kobject_uevent_init+0x0/0xc @ 1
[    1.936188] initcall kobject_uevent_init+0x0/0xc returned 0 after 0 usecs
[    1.937176] calling  pcibus_class_init+0x0/0x13 @ 1
[    1.938252] initcall pcibus_class_init+0x0/0x13 returned 0 after 0 usecs
[    1.940176] calling  pci_driver_init+0x0/0x21 @ 1
[    1.941225] initcall pci_driver_init+0x0/0x21 returned 0 after 0 usecs
[    1.942175] calling  backlight_class_init+0x0/0xa8 @ 1
[    1.944181] initcall backlight_class_init+0x0/0xa8 returned 0 after 976 usecs
[    1.945184] calling  tty_class_init+0x0/0x33 @ 1
[    1.946190] initcall tty_class_init+0x0/0x33 returned 0 after 0 usecs
[    1.947178] calling  vtconsole_class_init+0x0/0xb5 @ 1
[    1.948254] initcall vtconsole_class_init+0x0/0xb5 returned 0 after 0 usecs
[    1.949176] calling  iommu_dev_init+0x0/0x13 @ 1
[    1.950331] initcall iommu_dev_init+0x0/0x13 returned 0 after 0 usecs
[    1.951174] calling  mipi_dsi_bus_init+0x0/0xc @ 1
[    1.952256] initcall mipi_dsi_bus_init+0x0/0xc returned 0 after 0 usecs
[    1.953174] calling  devlink_class_init+0x0/0x40 @ 1
[    1.954183] initcall devlink_class_init+0x0/0x40 returned 0 after 0 usecs
[    1.955173] calling  software_node_init+0x0/0x2a @ 1
[    1.956177] initcall software_node_init+0x0/0x2a returned 0 after 0 usecs
[    1.957174] calling  wakeup_sources_debugfs_init+0x0/0x23 @ 1
[    1.958195] initcall wakeup_sources_debugfs_init+0x0/0x23 returned 0 after 0 usecs
[    1.959173] calling  wakeup_sources_sysfs_init+0x0/0x2c @ 1
[    1.960186] initcall wakeup_sources_sysfs_init+0x0/0x2c returned 0 after 0 usecs
[    1.961176] calling  register_node_type+0x0/0x13 @ 1
[    1.962214] initcall register_node_type+0x0/0x13 returned 0 after 0 usecs
[    1.963234] calling  regmap_initcall+0x0/0xc @ 1
[    1.964203] initcall regmap_initcall+0x0/0xc returned 0 after 0 usecs
[    1.965176] calling  i2c_init+0x0/0xb3 @ 1
[    1.966260] initcall i2c_init+0x0/0xb3 returned 0 after 0 usecs
[    1.967176] calling  thermal_init+0x0/0xf2 @ 1
[    1.968173] thermal_sys: Registered thermal governor 'step_wise'
[    1.968175] thermal_sys: Registered thermal governor 'user_space'
[    1.969195] initcall thermal_init+0x0/0xf2 returned 0 after 976 usecs
[    1.971175] calling  init_menu+0x0/0xc @ 1
[    1.973183] cpuidle: using governor menu
[    1.978175] initcall init_menu+0x0/0xc returned 0 after 5859 usecs
[    1.986174] calling  pcc_init+0x0/0x4d @ 1
[    1.991177] initcall pcc_init+0x0/0x4d returned -19 after 0 usecs
[    1.999174] calling  amd_postcore_init+0x0/0x11e @ 1
[    2.006174] initcall amd_postcore_init+0x0/0x11e returned 0 after 0 usecs
[    2.014196] calling  bts_init+0x0/0xba @ 1
[    2.020174] initcall bts_init+0x0/0xba returned -19 after 0 usecs
[    2.028177] calling  pt_init+0x0/0x341 @ 1
[    2.034182] initcall pt_init+0x0/0x341 returned -19 after 0 usecs
[    2.042223] calling  boot_params_ksysfs_init+0x0/0x2ee @ 1
[    2.050244] initcall boot_params_ksysfs_init+0x0/0x2ee returned 0 after 0 usecs
[    2.060178] calling  sbf_init+0x0/0xea @ 1
[    2.065174] initcall sbf_init+0x0/0xea returned 0 after 0 usecs
[    2.072176] calling  arch_kdebugfs_init+0x0/0x219 @ 1
[    2.079309] initcall arch_kdebugfs_init+0x0/0x219 returned 0 after 0 usecs
[    2.088175] calling  intel_pconfig_init+0x0/0x85 @ 1
[    2.094176] initcall intel_pconfig_init+0x0/0x85 returned 0 after 0 usecs
[    2.102179] calling  mtrr_if_init+0x0/0x5d @ 1
[    2.108244] initcall mtrr_if_init+0x0/0x5d returned 0 after 0 usecs
[    2.116175] calling  activate_jump_labels+0x0/0x31 @ 1
[    2.122174] initcall activate_jump_labels+0x0/0x31 returned 0 after 0 usecs
[    2.131174] calling  ffh_cstate_init+0x0/0x29 @ 1
[    2.137180] initcall ffh_cstate_init+0x0/0x29 returned 0 after 0 usecs
[    2.145176] calling  activate_jump_labels+0x0/0x31 @ 1
[    2.152604] initcall activate_jump_labels+0x0/0x31 returned 0 after 976 usecs
[    2.161175] calling  kvm_alloc_cpumask+0x0/0x74 @ 1
[    2.167226] initcall kvm_alloc_cpumask+0x0/0x74 returned 0 after 0 usecs
[    2.176175] calling  kcmp_cookies_init+0x0/0x37 @ 1
[    2.182180] initcall kcmp_cookies_init+0x0/0x37 returned 0 after 0 usecs
[    2.191175] calling  cryptomgr_init+0x0/0xc @ 1
[    2.196237] initcall cryptomgr_init+0x0/0xc returned 0 after 0 usecs
[    2.204175] calling  acpi_pci_init+0x0/0x57 @ 1
[    2.210214] ACPI: bus type PCI registered
[    2.215175] initcall acpi_pci_init+0x0/0x57 returned 0 after 4882 usecs
[    2.224176] calling  dma_channel_table_init+0x0/0xd1 @ 1
[    2.231187] initcall dma_channel_table_init+0x0/0xd1 returned 0 after 0 usecs
[    2.240174] calling  dma_bus_init+0x0/0xdc @ 1
[    2.245454] initcall dma_bus_init+0x0/0xdc returned 0 after 976 usecs
[    2.254175] calling  iommu_dma_init+0x0/0x10 @ 1
[    2.260198] initcall iommu_dma_init+0x0/0x10 returned 0 after 0 usecs
[    2.268175] calling  dmi_id_init+0x0/0x37c @ 1
[    2.274393] initcall dmi_id_init+0x0/0x37c returned 0 after 0 usecs
[    2.282174] calling  pci_arch_init+0x0/0x71 @ 1
[    2.288888] PCI: MMCONFIG for domain 0000 [bus 00-ff] at [mem 0xb0000000-0xbfffffff] (base 0xb0000000)
[    2.300176] PCI: MMCONFIG at [mem 0xb0000000-0xbfffffff] reserved in E820
[    2.309213] PCI: Using configuration type 1 for base access
[    2.316229] initcall pci_arch_init+0x0/0x71 returned 0 after 27343 usecs
[    2.325194] calling  init_vdso+0x0/0x13 @ 1
[    2.329183] initcall init_vdso+0x0/0x13 returned 0 after 0 usecs
[    2.337175] calling  sysenter_setup+0x0/0x13 @ 1
[    2.344191] initcall sysenter_setup+0x0/0x13 returned 0 after 0 usecs
[    2.352182] calling  fixup_ht_bug+0x0/0xe5 @ 1
[    2.357175] initcall fixup_ht_bug+0x0/0xe5 returned 0 after 0 usecs
[    2.365181] calling  topology_init+0x0/0x88 @ 1
[    2.371233] initcall topology_init+0x0/0x88 returned 0 after 0 usecs
[    2.378175] calling  intel_epb_init+0x0/0x68 @ 1
[    2.384175] initcall intel_epb_init+0x0/0x68 returned -19 after 0 usecs
[    2.392175] calling  mtrr_init_finialize+0x0/0x3e @ 1
[    2.399175] initcall mtrr_init_finialize+0x0/0x3e returned 0 after 0 usecs
[    2.407173] calling  uid_cache_init+0x0/0x81 @ 1
[    2.413180] initcall uid_cache_init+0x0/0x81 returned 0 after 0 usecs
[    2.420172] calling  param_sysfs_init+0x0/0x1ba @ 1
[    2.430935] initcall param_sysfs_init+0x0/0x1ba returned 0 after 3906 usecs
[    2.439173] calling  user_namespace_sysctl_init+0x0/0x33 @ 1
[    2.446198] initcall user_namespace_sysctl_init+0x0/0x33 returned 0 after 0 usecs
[    2.455173] calling  proc_schedstat_init+0x0/0x24 @ 1
[    2.461176] initcall proc_schedstat_init+0x0/0x24 returned 0 after 0 usecs
[    2.470173] calling  pm_sysrq_init+0x0/0x18 @ 1
[    2.476613] initcall pm_sysrq_init+0x0/0x18 returned 0 after 976 usecs
[    2.485393] calling  create_proc_profile+0x0/0xd0 @ 1
[    2.491176] initcall create_proc_profile+0x0/0xd0 returned 0 after 0 usecs
[    2.500175] calling  time_ns_init+0x0/0x7 @ 1
[    2.506174] initcall time_ns_init+0x0/0x7 returned 0 after 0 usecs
[    2.515179] calling  crash_save_vmcoreinfo_init+0x0/0x722 @ 1
[    2.522392] initcall crash_save_vmcoreinfo_init+0x0/0x722 returned 0 after 0 usecs
[    2.533180] calling  crash_notes_memory_init+0x0/0x35 @ 1
[    2.539182] initcall crash_notes_memory_init+0x0/0x35 returned 0 after 0 usecs
[    2.548176] calling  cgroup_sysfs_init+0x0/0x13 @ 1
[    2.555274] initcall cgroup_sysfs_init+0x0/0x13 returned 0 after 0 usecs
[    2.563175] calling  cgroup_namespaces_init+0x0/0x7 @ 1
[    2.569174] initcall cgroup_namespaces_init+0x0/0x7 returned 0 after 0 usecs
[    2.578175] calling  init_optprobes+0x0/0x13 @ 1
[    2.584172] Kprobes globally optimized
[    2.589175] initcall init_optprobes+0x0/0x13 returned 0 after 4882 usecs
[    2.597175] calling  oom_init+0x0/0x2f @ 1
[    2.603449] initcall oom_init+0x0/0x2f returned 0 after 976 usecs
[    2.611193] calling  default_bdi_init+0x0/0xb3 @ 1
[    2.618578] initcall default_bdi_init+0x0/0xb3 returned 0 after 976 usecs
[    2.627179] calling  percpu_enable_async+0x0/0xe @ 1
[    2.633174] initcall percpu_enable_async+0x0/0xe returned 0 after 0 usecs
[    2.642175] calling  kcompactd_init+0x0/0x8d @ 1
[    2.648449] initcall kcompactd_init+0x0/0x8d returned 0 after 976 usecs
[    2.657299] calling  init_user_reserve+0x0/0x40 @ 1
[    2.664175] initcall init_user_reserve+0x0/0x40 returned 0 after 0 usecs
[    2.672174] calling  init_admin_reserve+0x0/0x40 @ 1
[    2.679175] initcall init_admin_reserve+0x0/0x40 returned 0 after 0 usecs
[    2.688177] calling  init_reserve_notifier+0x0/0x7 @ 1
[    2.695175] initcall init_reserve_notifier+0x0/0x7 returned 0 after 0 usecs
[    2.704174] calling  swap_init_sysfs+0x0/0x62 @ 1
[    2.710186] initcall swap_init_sysfs+0x0/0x62 returned 0 after 0 usecs
[    2.718173] calling  swapfile_init+0x0/0x94 @ 1
[    2.725177] initcall swapfile_init+0x0/0x94 returned 0 after 0 usecs
[    2.735167] calling  hugetlb_init+0x0/0x499 @ 1
[    2.749171] HugeTLB registered 2.00 MiB page size, pre-allocated 0 pages
[    2.766673] initcall hugetlb_init+0x0/0x499 returned 0 after 20507 usecs
[    2.774208] calling  io_wq_init+0x0/0x34 @ 1
[    2.780275] initcall io_wq_init+0x0/0x34 returned 0 after 0 usecs
[    2.787199] calling  seqiv_module_init+0x0/0xc @ 1
[    2.792634] initcall seqiv_module_init+0x0/0xc returned 0 after 976 usecs
[    2.803177] calling  echainiv_module_init+0x0/0xc @ 1
[    2.811177] initcall echainiv_module_init+0x0/0xc returned 0 after 0 usecs
[    2.821178] calling  rsa_init+0x0/0x50 @ 1
[    2.829177] initcall rsa_init+0x0/0x50 returned 0 after 1953 usecs
[    2.830571] cryptomgr_test (39) used greatest stack depth: 15512 bytes left
[    2.830174] calling  crypto_cmac_module_init+0x0/0xc @ 1
[    2.830176] initcall crypto_cmac_module_init+0x0/0xc returned 0 after 0 usecs
[    2.830178] calling  hmac_module_init+0x0/0xc @ 1
[    2.830179] initcall hmac_module_init+0x0/0xc returned 0 after 0 usecs
[    2.830180] calling  crypto_null_mod_init+0x0/0x65 @ 1
[    2.836491] cryptomgr_test (40) used greatest stack depth: 15496 bytes left
[    2.839182] initcall crypto_null_mod_init+0x0/0x65 returned 0 after 7812 usecs
[    2.841179] calling  md5_mod_init+0x0/0xc @ 1
[    2.843629] initcall md5_mod_init+0x0/0xc returned 0 after 976 usecs
[    2.844182] calling  sha256_generic_mod_init+0x0/0x11 @ 1
[    2.849186] initcall sha256_generic_mod_init+0x0/0x11 returned 0 after 3906 usecs
[    2.860188] calling  crypto_cbc_module_init+0x0/0xc @ 1
[    2.869180] initcall crypto_cbc_module_init+0x0/0xc returned 0 after 0 usecs
[    2.880177] calling  crypto_ctr_module_init+0x0/0x11 @ 1
[    2.887176] initcall crypto_ctr_module_init+0x0/0x11 returned 0 after 0 usecs
[    2.896175] calling  crypto_gcm_module_init+0x0/0x64 @ 1
[    2.903227] initcall crypto_gcm_module_init+0x0/0x64 returned 0 after 0 usecs
[    2.912174] calling  crypto_ccm_module_init+0x0/0x11 @ 1
[    2.919174] initcall crypto_ccm_module_init+0x0/0x11 returned 0 after 0 usecs
[    2.928190] calling  aes_init+0x0/0xc @ 1
[    2.935187] initcall aes_init+0x0/0xc returned 0 after 1953 usecs
[    2.943493] calling  crc32c_mod_init+0x0/0xc @ 1
[    2.951445] initcall crc32c_mod_init+0x0/0xc returned 0 after 1953 usecs
[    2.960177] calling  crypto_authenc_module_init+0x0/0xc @ 1
[    2.967178] initcall crypto_authenc_module_init+0x0/0xc returned 0 after 0 usecs
[    2.976176] calling  crypto_authenc_esn_module_init+0x0/0xc @ 1
[    2.984177] initcall crypto_authenc_esn_module_init+0x0/0xc returned 0 after 0 usecs
[    2.990175] calling  drbg_init+0x0/0x7c @ 1
[    3.008287] initcall drbg_init+0x0/0x7c returned 0 after 12695 usecs
[    3.017175] calling  ghash_mod_init+0x0/0xc @ 1
[    3.026188] cryptomgr_test (58) used greatest stack depth: 15184 bytes left
[    3.026182] initcall ghash_mod_init+0x0/0xc returned 0 after 4882 usecs
[    3.034210] calling  init_bio+0x0/0x9a @ 1
[    3.043332] initcall init_bio+0x0/0x9a returned 0 after 3906 usecs
[    3.050174] calling  blk_settings_init+0x0/0x29 @ 1
[    3.057173] initcall blk_settings_init+0x0/0x29 returned 0 after 0 usecs
[    3.065173] calling  blk_ioc_init+0x0/0x29 @ 1
[    3.069345] initcall blk_ioc_init+0x0/0x29 returned 0 after 0 usecs
[    3.079173] calling  blk_mq_init+0x0/0xb9 @ 1
[    3.085270] initcall blk_mq_init+0x0/0xb9 returned 0 after 0 usecs
[    3.094177] calling  genhd_device_init+0x0/0x75 @ 1
[    3.111921] initcall genhd_device_init+0x0/0x75 returned 0 after 11718 usecs
[    3.121180] calling  pci_slot_init+0x0/0x40 @ 1
[    3.128549] initcall pci_slot_init+0x0/0x40 returned 0 after 1953 usecs
[    3.140185] calling  fbmem_init+0x0/0xd8 @ 1
[    3.153054] initcall fbmem_init+0x0/0xd8 returned 0 after 8789 usecs
[    3.164179] calling  acpi_init+0x0/0x319 @ 1
[    3.170528] ACPI: Added _OSI(Module Device)
[    3.176388] ACPI: Added _OSI(Processor Device)
[    3.183173] ACPI: Added _OSI(3.0 _SCP Extensions)
[    3.190189] ACPI: Added _OSI(Processor Aggregator Device)
[    3.198174] ACPI: Added _OSI(Linux-Dell-Video)
[    3.205180] ACPI: Added _OSI(Linux-Lenovo-NV-HDMI-Audio)
[    3.214174] ACPI: Added _OSI(Linux-HPI-Hybrid-Graphics)
[    3.225179] ACPI: 1 ACPI AML tables successfully acquired and loaded
[    3.241891] ACPI: Interpreter enabled
[    3.247365] ACPI: (supports S0 S3 S4 S5)
[    3.254296] ACPI: Using IOAPIC for interrupt routing
[    3.262340] PCI: Using host bridge windows from ACPI; if necessary, use "pci=nocrs" and report a bug
[    3.274502] ACPI: Enabled 2 GPEs in block 00 to 3F
[    3.288119] ACPI: PCI Root Bridge [PCI0] (domain 0000 [bus 00-ff])
[    3.297454] acpi PNP0A08:00: _OSC: OS supports [ExtendedConfig ASPM ClockPM Segments MSI HPX-Type3]
[    3.308265] acpi PNP0A08:00: _OSC: platform does not support [LTR]
[    3.316231] acpi PNP0A08:00: _OSC: OS now controls [PME PCIeCapability]
[    3.324491] PCI host bridge to bus 0000:00
[    3.329219] pci_bus 0000:00: root bus resource [io  0x0000-0x0cf7 window]
[    3.337176] pci_bus 0000:00: root bus resource [io  0x0d00-0xffff window]
[    3.345178] pci_bus 0000:00: root bus resource [mem 0x000a0000-0x000bffff window]
[    3.354173] pci_bus 0000:00: root bus resource [mem 0x20000000-0xafffffff window]
[    3.363175] pci_bus 0000:00: root bus resource [mem 0xc0000000-0xfebfffff window]
[    3.372174] pci_bus 0000:00: root bus resource [mem 0x100000000-0x8ffffffff window]
[    3.381177] pci_bus 0000:00: root bus resource [bus 00-ff]
[    3.388775] pci 0000:00:00.0: calling  quirk_mmio_always_on+0x0/0x10 @ 1
[    3.397182] pci 0000:00:00.0: quirk_mmio_always_on+0x0/0x10 took 0 usecs
[    3.406176] pci 0000:00:00.0: [8086:29c0] type 00 class 0x060000
[    3.417192] pci 0000:00:00.0: calling  quirk_igfx_skip_te_disable+0x0/0x80 @ 1
[    3.426194] pci 0000:00:00.0: quirk_igfx_skip_te_disable+0x0/0x80 took 0 usecs
[    3.440171] pci 0000:00:01.0: [1234:1111] type 00 class 0x030000
[    3.461175] pci 0000:00:01.0: reg 0x10: [mem 0xfd000000-0xfdffffff pref]
[    3.487172] pci 0000:00:01.0: reg 0x18: [mem 0xfebf0000-0xfebf0fff]
[    3.533170] pci 0000:00:01.0: reg 0x30: [mem 0xfebe0000-0xfebeffff pref]
[    3.545169] pci 0000:00:01.0: calling  efifb_fixup_resources+0x0/0xf0 @ 1
[    3.554241] pci 0000:00:01.0: efifb_fixup_resources+0x0/0xf0 took 0 usecs
[    3.571179] pci 0000:00:1f.0: [8086:2918] type 00 class 0x060100
[    3.583175] pci 0000:00:1f.0: calling  quirk_ich7_lpc+0x0/0x60 @ 1
[    3.591176] pci 0000:00:1f.0: quirk: [io  0x0600-0x067f] claimed by ICH6 ACPI/GPIO/TCO
[    3.601176] pci 0000:00:1f.0: quirk_ich7_lpc+0x0/0x60 took 10742 usecs
[    3.608177] pci 0000:00:1f.0: calling  quirk_igfx_skip_te_disable+0x0/0x80 @ 1
[    3.617196] pci 0000:00:1f.0: quirk_igfx_skip_te_disable+0x0/0x80 took 0 usecs
[    3.628561] pci 0000:00:1f.2: [8086:2922] type 00 class 0x010601
[    3.642174] pci 0000:00:1f.2: reg 0x20: [io  0xc040-0xc05f]
[    3.651175] pci 0000:00:1f.2: reg 0x24: [mem 0xfebf1000-0xfebf1fff]
[    3.660413] pci 0000:00:1f.2: calling  quirk_igfx_skip_te_disable+0x0/0x80 @ 1
[    3.670182] pci 0000:00:1f.2: quirk_igfx_skip_te_disable+0x0/0x80 took 0 usecs
[    3.683170] pci 0000:00:1f.3: [8086:2930] type 00 class 0x0c0500
[    3.697176] pci 0000:00:1f.3: reg 0x20: [io  0x0700-0x073f]
[    3.705911] pci 0000:00:1f.3: calling  quirk_igfx_skip_te_disable+0x0/0x80 @ 1
[    3.715178] pci 0000:00:1f.3: quirk_igfx_skip_te_disable+0x0/0x80 took 0 usecs
[    3.738179] ACPI: PCI Interrupt Link [LNKA] (IRQs 5 *10 11)
[    3.746177] ACPI: PCI Interrupt Link [LNKB] (IRQs 5 *10 11)
[    3.751745] ACPI: PCI Interrupt Link [LNKC] (IRQs 5 10 *11)
[    3.759593] ACPI: PCI Interrupt Link [LNKD] (IRQs 5 10 *11)
[    3.767195] ACPI: PCI Interrupt Link [LNKE] (IRQs 5 *10 11)
[    3.771593] ACPI: PCI Interrupt Link [LNKF] (IRQs 5 *10 11)
[    3.779394] ACPI: PCI Interrupt Link [LNKG] (IRQs 5 10 *11)
[    3.787570] ACPI: PCI Interrupt Link [LNKH] (IRQs 5 10 *11)
[    3.791554] ACPI: PCI Interrupt Link [GSIA] (IRQs *16)
[    3.796194] ACPI: PCI Interrupt Link [GSIB] (IRQs *17)
[    3.803435] ACPI: PCI Interrupt Link [GSIC] (IRQs *18)
[    3.807193] ACPI: PCI Interrupt Link [GSID] (IRQs *19)
[    3.812193] ACPI: PCI Interrupt Link [GSIE] (IRQs *20)
[    3.818194] ACPI: PCI Interrupt Link [GSIF] (IRQs *21)
[    3.825433] ACPI: PCI Interrupt Link [GSIG] (IRQs *22)
[    3.833187] ACPI: PCI Interrupt Link [GSIH] (IRQs *23)
[    3.854180] initcall acpi_init+0x0/0x319 returned 0 after 667968 usecs
[    3.863820] calling  pnp_init+0x0/0xc @ 1
[    3.869191] initcall pnp_init+0x0/0xc returned 0 after 0 usecs
[    3.877176] calling  misc_init+0x0/0xbf @ 1
[    3.887606] initcall misc_init+0x0/0xbf returned 0 after 3906 usecs
[    3.894333] calling  iommu_subsys_init+0x0/0x4e @ 1
[    3.899938] iommu: Default domain type: Translated 
[    3.907175] initcall iommu_subsys_init+0x0/0x4e returned 0 after 7812 usecs
[    3.914176] calling  vga_arb_device_init+0x0/0x261 @ 1
[    3.930551] pci 0000:00:01.0: vgaarb: setting as boot VGA device
[    3.931167] pci 0000:00:01.0: vgaarb: VGA device added: decodes=io+mem,owns=io+mem,locks=none
[    3.949177] pci 0000:00:01.0: vgaarb: bridge control possible
[    3.956171] vgaarb: loaded
[    3.960178] initcall vga_arb_device_init+0x0/0x261 returned 0 after 37109 usecs
[    3.969179] calling  cn_init+0x0/0xf0 @ 1
[    3.977188] initcall cn_init+0x0/0xf0 returned 0 after 1953 usecs
[    3.986181] calling  dma_buf_init+0x0/0xad @ 1
[    3.993651] initcall dma_buf_init+0x0/0xad returned 0 after 976 usecs
[    4.003179] calling  init_scsi+0x0/0x79 @ 1
[    4.013182] SCSI subsystem initialized
[    4.017175] initcall init_scsi+0x0/0x79 returned 0 after 7812 usecs
[    4.024175] calling  ata_init+0x0/0x332 @ 1
[    4.037509] libata version 3.00 loaded.
[    4.043177] initcall ata_init+0x0/0x332 returned 0 after 12695 usecs
[    4.051175] calling  phy_init+0x0/0x250 @ 1
[    4.057177] initcall phy_init+0x0/0x250 returned 0 after 976 usecs
[    4.065175] calling  init_pcmcia_cs+0x0/0x35 @ 1
[    4.071330] initcall init_pcmcia_cs+0x0/0x35 returned 0 after 0 usecs
[    4.079175] calling  usb_common_init+0x0/0x1c @ 1
[    4.086266] initcall usb_common_init+0x0/0x1c returned 0 after 0 usecs
[    4.094174] calling  usb_init+0x0/0x12e @ 1
[    4.099278] ACPI: bus type USB registered
[    4.105746] usbcore: registered new interface driver usbfs
[    4.112289] usbcore: registered new interface driver hub
[    4.119188] usbcore: registered new device driver usb
[    4.125177] initcall usb_init+0x0/0x12e returned 0 after 25390 usecs
[    4.134178] calling  serio_init+0x0/0x29 @ 1
[    4.139554] initcall serio_init+0x0/0x29 returned 0 after 0 usecs
[    4.147177] calling  input_init+0x0/0xf6 @ 1
[    4.154431] initcall input_init+0x0/0xf6 returned 0 after 0 usecs
[    4.159179] calling  rtc_init+0x0/0x4d @ 1
[    4.165313] initcall rtc_init+0x0/0x4d returned 0 after 0 usecs
[    4.173176] calling  pps_init+0x0/0xa9 @ 1
[    4.178262] pps_core: LinuxPPS API ver. 1 registered
[    4.185336] pps_core: Software ver. 5.3.6 - Copyright 2005-2007 Rodolfo Giometti <giometti@linux.it>
[    4.195178] initcall pps_init+0x0/0xa9 returned 0 after 16601 usecs
[    4.204175] calling  ptp_init+0x0/0x98 @ 1
[    4.206188] PTP clock support registered
[    4.210174] initcall ptp_init+0x0/0x98 returned 0 after 3906 usecs
[    4.216175] calling  power_supply_class_init+0x0/0x3f @ 1
[    4.224438] initcall power_supply_class_init+0x0/0x3f returned 0 after 976 usecs
[    4.235176] calling  hwmon_init+0x0/0x104 @ 1
[    4.241328] initcall hwmon_init+0x0/0x104 returned 0 after 0 usecs
[    4.248176] calling  md_init+0x0/0x16b @ 1
[    4.259523] initcall md_init+0x0/0x16b returned 0 after 6835 usecs
[    4.269181] calling  leds_init+0x0/0x3b @ 1
[    4.273191] initcall leds_init+0x0/0x3b returned 0 after 0 usecs
[    4.280178] calling  dmi_init+0x0/0x113 @ 1
[    4.288385] initcall dmi_init+0x0/0x113 returned 0 after 0 usecs
[    4.296185] calling  efisubsys_init+0x0/0x4e7 @ 1
[    4.301312] initcall efisubsys_init+0x0/0x4e7 returned 0 after 0 usecs
[    4.311179] calling  nvmem_init+0x0/0xc @ 1
[    4.314682] initcall nvmem_init+0x0/0xc returned 0 after 0 usecs
[    4.322179] calling  init_soundcore+0x0/0x33 @ 1
[    4.327513] initcall init_soundcore+0x0/0x33 returned 0 after 0 usecs
[    4.337277] calling  alsa_sound_init+0x0/0x8f @ 1
[    4.344321] Advanced Linux Sound Architecture Driver Initialized.
[    4.352180] initcall alsa_sound_init+0x0/0x8f returned 0 after 7812 usecs
[    4.361202] calling  alsa_seq_device_init+0x0/0x71 @ 1
[    4.368244] initcall alsa_seq_device_init+0x0/0x71 returned 0 after 0 usecs
[    4.377177] calling  hda_bus_init+0x0/0xc @ 1
[    4.383225] initcall hda_bus_init+0x0/0xc returned 0 after 0 usecs
[    4.391179] calling  proto_init+0x0/0xc @ 1
[    4.396293] initcall proto_init+0x0/0xc returned 0 after 0 usecs
[    4.404175] calling  net_dev_init+0x0/0x209 @ 1
[    4.410040] initcall net_dev_init+0x0/0x209 returned 0 after 976 usecs
[    4.419174] calling  neigh_init+0x0/0x84 @ 1
[    4.423176] initcall neigh_init+0x0/0x84 returned 0 after 0 usecs
[    4.430174] calling  fib_notifier_init+0x0/0xc @ 1
[    4.436176] initcall fib_notifier_init+0x0/0xc returned 0 after 0 usecs
[    4.445175] calling  fib_rules_init+0x0/0xab @ 1
[    4.450225] initcall fib_rules_init+0x0/0xab returned 0 after 0 usecs
[    4.459174] calling  pktsched_init+0x0/0x10e @ 1
[    4.465201] initcall pktsched_init+0x0/0x10e returned 0 after 0 usecs
[    4.473174] calling  tc_filter_init+0x0/0xfa @ 1
[    4.479206] initcall tc_filter_init+0x0/0xfa returned 0 after 0 usecs
[    4.487176] calling  tc_action_init+0x0/0x54 @ 1
[    4.493177] initcall tc_action_init+0x0/0x54 returned 0 after 0 usecs
[    4.501174] calling  ethnl_init+0x0/0x52 @ 1
[    4.506263] initcall ethnl_init+0x0/0x52 returned 0 after 0 usecs
[    4.514194] calling  nexthop_init+0x0/0xd8 @ 1
[    4.520351] initcall nexthop_init+0x0/0xd8 returned 0 after 0 usecs
[    4.529175] calling  cipso_v4_init+0x0/0x5d @ 1
[    4.535236] initcall cipso_v4_init+0x0/0x5d returned 0 after 0 usecs
[    4.543173] calling  ieee80211_init+0x0/0x24 @ 1
[    4.549338] initcall ieee80211_init+0x0/0x24 returned 0 after 0 usecs
[    4.557173] calling  netlbl_init+0x0/0x78 @ 1
[    4.563172] NetLabel: Initializing
[    4.567171] NetLabel:  domain hash size = 128
[    4.573170] NetLabel:  protocols = UNLABELED CIPSOv4 CALIPSO
[    4.580351] NetLabel:  unlabeled traffic allowed by default
[    4.587174] initcall netlbl_init+0x0/0x78 returned 0 after 23437 usecs
[    4.597176] calling  rfkill_init+0x0/0x111 @ 1
[    4.603445] initcall rfkill_init+0x0/0x111 returned 0 after 976 usecs
[    4.612182] calling  pci_subsys_init+0x0/0x66 @ 1
[    4.619209] PCI: Using ACPI for IRQ routing
[    5.344897] PCI: pci_cache_line_size set to 64 bytes
[    5.352273] e820: reserve RAM buffer [mem 0x0009fc00-0x0009ffff]
[    5.359229] e820: reserve RAM buffer [mem 0x1ffdf000-0x1fffffff]
[    5.366491] initcall pci_subsys_init+0x0/0x66 returned 0 after 729492 usecs
[    5.375404] calling  nmi_warning_debugfs+0x0/0x26 @ 1
[    5.381685] initcall nmi_warning_debugfs+0x0/0x26 returned 0 after 0 usecs
[    5.389176] calling  save_microcode_in_initrd+0x0/0x51 @ 1
[    5.396320] initcall save_microcode_in_initrd+0x0/0x51 returned 0 after 0 usecs
[    5.404190] calling  hpet_late_init+0x0/0x20a @ 1
[    5.410743] hpet: 3 channels of 0 reserved for per-cpu timers
[    5.417401] hpet0: at MMIO 0xfed00000, IRQs 2, 8, 0
[    5.423171] hpet0: 3 comparators, 64-bit 100.000000 MHz counter
[    5.433176] initcall hpet_late_init+0x0/0x20a returned 0 after 22460 usecs
[    5.441173] calling  init_amd_nbs+0x0/0x11c @ 1
[    5.446935] initcall init_amd_nbs+0x0/0x11c returned 0 after 0 usecs
[    5.454217] calling  clocksource_done_booting+0x0/0x41 @ 1
[    5.461841] clocksource: Switched to clocksource kvm-clock
[    5.468394] initcall clocksource_done_booting+0x0/0x41 returned 0 after 7051 usecs
[    5.477246] calling  tracer_init_tracefs+0x0/0x242 @ 1
[    5.669875] initcall tracer_init_tracefs+0x0/0x242 returned 0 after 182212 usecs
[    5.679029] calling  init_trace_printk_function_export+0x0/0x2c @ 1
[    5.686583] initcall init_trace_printk_function_export+0x0/0x2c returned 0 after 9 usecs
[    5.696296] calling  init_kprobe_trace+0x0/0x1a9 @ 1
[    5.702343] initcall init_kprobe_trace+0x0/0x1a9 returned 0 after 22 usecs
[    5.710549] calling  init_dynamic_event+0x0/0x3d @ 1
[    5.716774] initcall init_dynamic_event+0x0/0x3d returned 0 after 6 usecs
[    5.724934] calling  init_uprobe_trace+0x0/0x5c @ 1
[    5.730938] initcall init_uprobe_trace+0x0/0x5c returned 0 after 49 usecs
[    5.739082] calling  init_pipe_fs+0x0/0x44 @ 1
[    5.744694] initcall init_pipe_fs+0x0/0x44 returned 0 after 192 usecs
[    5.752606] calling  inotify_user_setup+0x0/0x47 @ 1
[    5.758689] initcall inotify_user_setup+0x0/0x47 returned 0 after 46 usecs
[    5.766918] calling  eventpoll_init+0x0/0xd4 @ 1
[    5.772602] initcall eventpoll_init+0x0/0xd4 returned 0 after 67 usecs
[    5.780575] calling  anon_inode_init+0x0/0x58 @ 1
[    5.786027] initcall anon_inode_init+0x0/0x58 returned 0 after 63 usecs
[    5.793399] calling  proc_locks_init+0x0/0x27 @ 1
[    5.798790] initcall proc_locks_init+0x0/0x27 returned 0 after 138 usecs
[    5.806466] calling  iomap_init+0x0/0x1b @ 1
[    5.811841] initcall iomap_init+0x0/0x1b returned 0 after 356 usecs
[    5.819263] calling  dquot_init+0x0/0x106 @ 1
[    5.824492] VFS: Disk quotas dquot_6.6.0
[    5.829449] VFS: Dquot-cache hash table entries: 512 (order 0, 4096 bytes)
[    5.837815] initcall dquot_init+0x0/0x106 returned 0 after 13008 usecs
[    5.845601] calling  quota_init+0x0/0x23 @ 1
[    5.850990] initcall quota_init+0x0/0x23 returned 0 after 284 usecs
[    5.858217] calling  proc_cmdline_init+0x0/0x21 @ 1
[    5.863873] initcall proc_cmdline_init+0x0/0x21 returned 0 after 14 usecs
[    5.871785] calling  proc_consoles_init+0x0/0x24 @ 1
[    5.877614] initcall proc_consoles_init+0x0/0x24 returned 0 after 17 usecs
[    5.885426] calling  proc_cpuinfo_init+0x0/0x1e @ 1
[    5.890990] initcall proc_cpuinfo_init+0x0/0x1e returned 0 after 3 usecs
[    5.898498] calling  proc_devices_init+0x0/0x24 @ 1
[    5.905474] initcall proc_devices_init+0x0/0x24 returned 0 after 16 usecs
[    5.913089] calling  proc_interrupts_init+0x0/0x24 @ 1
[    5.918912] initcall proc_interrupts_init+0x0/0x24 returned 0 after 3 usecs
[    5.926754] calling  proc_loadavg_init+0x0/0x21 @ 1
[    5.932437] initcall proc_loadavg_init+0x0/0x21 returned 0 after 3 usecs
[    5.940009] calling  proc_meminfo_init+0x0/0x21 @ 1
[    5.945608] initcall proc_meminfo_init+0x0/0x21 returned 0 after 2 usecs
[    5.953105] calling  proc_stat_init+0x0/0x1e @ 1
[    5.958453] initcall proc_stat_init+0x0/0x1e returned 0 after 2 usecs
[    5.965778] calling  proc_uptime_init+0x0/0x21 @ 1
[    5.971392] initcall proc_uptime_init+0x0/0x21 returned 0 after 3 usecs
[    5.978969] calling  proc_version_init+0x0/0x21 @ 1
[    5.984642] initcall proc_version_init+0x0/0x21 returned 0 after 3 usecs
[    5.992091] calling  proc_softirqs_init+0x0/0x21 @ 1
[    5.997846] initcall proc_softirqs_init+0x0/0x21 returned 0 after 3 usecs
[    6.005379] calling  proc_kcore_init+0x0/0xea @ 1
[    6.010882] initcall proc_kcore_init+0x0/0xea returned 0 after 9 usecs
[    6.018244] calling  vmcore_init+0x0/0x578 @ 1
[    6.023461] initcall vmcore_init+0x0/0x578 returned 0 after 27 usecs
[    6.030693] calling  proc_kmsg_init+0x0/0x21 @ 1
[    6.036014] initcall proc_kmsg_init+0x0/0x21 returned 0 after 4 usecs
[    6.043283] calling  proc_page_init+0x0/0x3b @ 1
[    6.048581] initcall proc_page_init+0x0/0x3b returned 0 after 5 usecs
[    6.055934] calling  init_ramfs_fs+0x0/0xc @ 1
[    6.061340] initcall init_ramfs_fs+0x0/0xc returned 0 after 29 usecs
[    6.068625] calling  init_hugetlbfs_fs+0x0/0xf6 @ 1
[    6.074181] initcall init_hugetlbfs_fs+0x0/0xf6 returned 0 after 87 usecs
[    6.081755] calling  blk_scsi_ioctl_init+0x0/0x2a5 @ 1
[    6.087556] initcall blk_scsi_ioctl_init+0x0/0x2a5 returned 0 after 25 usecs
[    6.095337] calling  acpi_event_init+0x0/0x2c @ 1
[    6.100892] initcall acpi_event_init+0x0/0x2c returned 0 after 172 usecs
[    6.108257] calling  pnp_system_init+0x0/0xc @ 1
[    6.113929] initcall pnp_system_init+0x0/0xc returned 0 after 436 usecs
[    6.121303] calling  pnpacpi_init+0x0/0x69 @ 1
[    6.126417] pnp: PnP ACPI init
[    6.132126] pnp 00:00: Plug and Play ACPI device, IDs PNP0303 (active)
[    6.139465] pnp 00:01: Plug and Play ACPI device, IDs PNP0f13 (active)
[    6.146991] pnp 00:02: Plug and Play ACPI device, IDs PNP0400 (active)
[    6.155124] pnp 00:03: Plug and Play ACPI device, IDs PNP0501 (active)
[    6.163097] pnp 00:04: Plug and Play ACPI device, IDs PNP0b00 (active)
[    6.172633] system 00:05: [mem 0xb0000000-0xbfffffff window] has been reserved
[    6.180723] system 00:05: Plug and Play ACPI device, IDs PNP0c01 (active)
[    6.191416] pnp: PnP ACPI: found 6 devices
[    6.196173] initcall pnpacpi_init+0x0/0x69 returned 0 after 68136 usecs
[    6.203573] calling  chr_dev_init+0x0/0x14d @ 1
[    6.298500] initcall chr_dev_init+0x0/0x14d returned 0 after 87607 usecs
[    6.306411] calling  firmware_class_init+0x0/0xe7 @ 1
[    6.312748] initcall firmware_class_init+0x0/0xe7 returned 0 after 79 usecs
[    6.320793] calling  init_pcmcia_bus+0x0/0x5b @ 1
[    6.326415] initcall init_pcmcia_bus+0x0/0x5b returned 0 after 67 usecs
[    6.334129] calling  init_acpi_pm_clocksource+0x0/0xda @ 1
[    6.345964] clocksource: acpi_pm: mask: 0xffffff max_cycles: 0xffffff, max_idle_ns: 2085701024 ns
[    6.356228] initcall init_acpi_pm_clocksource+0x0/0xda returned 0 after 15247 usecs
[    6.365295] calling  sysctl_core_init+0x0/0x26 @ 1
[    6.371322] initcall sysctl_core_init+0x0/0x26 returned 0 after 274 usecs
[    6.379253] calling  eth_offload_init+0x0/0x13 @ 1
[    6.385036] initcall eth_offload_init+0x0/0x13 returned 0 after 46 usecs
[    6.392876] calling  ipv4_offload_init+0x0/0x73 @ 1
[    6.398753] initcall ipv4_offload_init+0x0/0x73 returned 0 after 60 usecs
[    6.406676] calling  inet_init+0x0/0x276 @ 1
[    6.412006] NET: Registered protocol family 2
[    6.417773] IP idents hash table entries: 8192 (order: 4, 65536 bytes, linear)
[    6.428146] tcp_listen_portaddr_hash hash table entries: 256 (order: 0, 4096 bytes, linear)
[    6.437885] TCP established hash table entries: 4096 (order: 3, 32768 bytes, linear)
[    6.446902] TCP bind hash table entries: 4096 (order: 4, 65536 bytes, linear)
[    6.455281] TCP: Hash tables configured (established 4096 bind 4096)
[    6.462821] UDP hash table entries: 256 (order: 1, 8192 bytes, linear)
[    6.470423] UDP-Lite hash table entries: 256 (order: 1, 8192 bytes, linear)
[    6.478714] initcall inet_init+0x0/0x276 returned 0 after 65267 usecs
[    6.486252] calling  af_unix_init+0x0/0x4d @ 1
[    6.491561] NET: Registered protocol family 1
[    6.496986] initcall af_unix_init+0x0/0x4d returned 0 after 5303 usecs
[    6.504682] calling  ipv6_offload_init+0x0/0x7e @ 1
[    6.510591] initcall ipv6_offload_init+0x0/0x7e returned 0 after 66 usecs
[    6.518901] calling  init_sunrpc+0x0/0x65 @ 1
[    6.528582] RPC: Registered named UNIX socket transport module.
[    6.535624] RPC: Registered udp transport module.
[    6.541701] RPC: Registered tcp transport module.
[    6.552889] RPC: Registered tcp NFSv4.1 backchannel transport module.
[    6.560750] initcall init_sunrpc+0x0/0x65 returned 0 after 35440 usecs
[    6.570536] calling  cfg80211_init+0x0/0xc5 @ 1
[    6.586134] initcall cfg80211_init+0x0/0xc5 returned 0 after 7885 usecs
[    6.593951] calling  pcibios_assign_resources+0x0/0xbf @ 1
[    6.601422] pci_bus 0000:00: resource 4 [io  0x0000-0x0cf7 window]
[    6.610424] pci_bus 0000:00: resource 5 [io  0x0d00-0xffff window]
[    6.617919] pci_bus 0000:00: resource 6 [mem 0x000a0000-0x000bffff window]
[    6.626572] pci_bus 0000:00: resource 7 [mem 0x20000000-0xafffffff window]
[    6.636121] pci_bus 0000:00: resource 8 [mem 0xc0000000-0xfebfffff window]
[    6.645038] pci_bus 0000:00: resource 9 [mem 0x100000000-0x8ffffffff window]
[    6.653658] initcall pcibios_assign_resources+0x0/0xbf returned 0 after 51676 usecs
[    6.662555] calling  pci_apply_final_quirks+0x0/0x124 @ 1
[    6.669353] pci 0000:00:01.0: calling  pci_fixup_video+0x0/0xe0 @ 1
[    6.677116] pci 0000:00:01.0: Video device with shadowed ROM at [mem 0x000c0000-0x000dffff]
[    6.687153] pci 0000:00:01.0: pci_fixup_video+0x0/0xe0 took 10100 usecs
[    6.695615] PCI: CLS 0 bytes, default 64
[    6.700593] initcall pci_apply_final_quirks+0x0/0x124 returned 0 after 30886 usecs
[    6.709520] calling  acpi_reserve_resources+0x0/0xea @ 1
[    6.715890] initcall acpi_reserve_resources+0x0/0xea returned 0 after 64 usecs
[    6.724616] calling  populate_rootfs+0x0/0x102 @ 1
[    6.733161] initcall populate_rootfs+0x0/0x102 returned 0 after 2677 usecs
[    6.741397] calling  pci_iommu_init+0x0/0x3e @ 1
[    6.747055] initcall pci_iommu_init+0x0/0x3e returned 0 after 44 usecs
[    6.754808] calling  ia32_binfmt_init+0x0/0x13 @ 1
[    6.760884] initcall ia32_binfmt_init+0x0/0x13 returned 0 after 266 usecs
[    6.768854] calling  rapl_pmu_init+0x0/0x267 @ 1
[    6.774432] initcall rapl_pmu_init+0x0/0x267 returned -19 after 60 usecs
[    6.782330] calling  amd_uncore_init+0x0/0x310 @ 1
[    6.788106] initcall amd_uncore_init+0x0/0x310 returned -19 after 0 usecs
[    6.796145] calling  amd_ibs_init+0x0/0x243 @ 1
[    6.801629] initcall amd_ibs_init+0x0/0x243 returned -19 after 0 usecs
[    6.809374] calling  amd_iommu_pc_init+0x0/0x215 @ 1
[    6.815387] initcall amd_iommu_pc_init+0x0/0x215 returned -19 after 27 usecs
[    6.823667] calling  msr_init+0x0/0x55 @ 1
[    6.828923] initcall msr_init+0x0/0x55 returned 0 after 294 usecs
[    6.836308] calling  intel_uncore_init+0x0/0x36f @ 1
[    6.842327] initcall intel_uncore_init+0x0/0x36f returned -19 after 46 usecs
[    6.850699] calling  cstate_pmu_init+0x0/0x1a1 @ 1
[    6.856503] initcall cstate_pmu_init+0x0/0x1a1 returned -19 after 0 usecs
[    6.864579] calling  register_kernel_offset_dumper+0x0/0x1a @ 1
[    6.871575] initcall register_kernel_offset_dumper+0x0/0x1a returned 0 after 1 usecs
[    6.880722] calling  i8259A_init_ops+0x0/0x20 @ 1
[    6.886393] initcall i8259A_init_ops+0x0/0x20 returned 0 after 14 usecs
[    6.894192] calling  init_tsc_clocksource+0x0/0xa4 @ 1
[    6.900498] clocksource: tsc: mask: 0xffffffffffffffff max_cycles: 0x39a85afc727, max_idle_ns: 881590685098 ns
[    6.911985] initcall init_tsc_clocksource+0x0/0xa4 returned 0 after 11306 usecs
[    6.920661] calling  add_rtc_cmos+0x0/0xb0 @ 1
[    6.926029] initcall add_rtc_cmos+0x0/0xb0 returned 0 after 57 usecs
[    6.933585] calling  i8237A_init_ops+0x0/0x3a @ 1
[    6.939375] initcall i8237A_init_ops+0x0/0x3a returned 0 after 108 usecs
[    6.947381] calling  umwait_init+0x0/0x94 @ 1
[    6.955110] initcall umwait_init+0x0/0x94 returned -19 after 17 usecs
[    6.962786] calling  thermal_throttle_init_device+0x0/0x3d @ 1
[    6.969838] initcall thermal_throttle_init_device+0x0/0x3d returned 0 after 72 usecs
[    6.978968] calling  msr_init+0x0/0xd7 @ 1
[    6.988793] initcall msr_init+0x0/0xd7 returned 0 after 4752 usecs
[    6.996264] calling  cpuid_init+0x0/0xd7 @ 1
[    7.004797] initcall cpuid_init+0x0/0xd7 returned 0 after 3430 usecs
[    7.012262] calling  ioapic_init_ops+0x0/0x13 @ 1
[    7.017956] initcall ioapic_init_ops+0x0/0x13 returned 0 after 14 usecs
[    7.025826] calling  add_pcspkr+0x0/0x6c @ 1
[    7.031352] initcall add_pcspkr+0x0/0x6c returned 0 after 72 usecs
[    7.039368] calling  start_periodic_check_for_corruption+0x0/0x30 @ 1
[    7.046992] check: Scanning for low memory corruption every 60 seconds
[    7.055810] initcall start_periodic_check_for_corruption+0x0/0x30 returned 0 after 8649 usecs
[    7.068512] calling  sysfb_init+0x0/0x9c @ 1
[    7.075177] initcall sysfb_init+0x0/0x9c returned 0 after 139 usecs
[    7.084093] calling  audit_classes_init+0x0/0xae @ 1
[    7.090053] initcall audit_classes_init+0x0/0xae returned 0 after 3 usecs
[    7.098179] calling  iosf_mbi_init+0x0/0x24 @ 1
[    7.104026] initcall iosf_mbi_init+0x0/0x24 returned 0 after 345 usecs
[    7.111886] calling  proc_execdomains_init+0x0/0x21 @ 1
[    7.118441] initcall proc_execdomains_init+0x0/0x21 returned 0 after 105 usecs
[    7.127137] calling  register_warn_debugfs+0x0/0x23 @ 1
[    7.133585] initcall register_warn_debugfs+0x0/0x23 returned 0 after 34 usecs
[    7.142842] calling  cpuhp_sysfs_init+0x0/0x79 @ 1
[    7.148865] initcall cpuhp_sysfs_init+0x0/0x79 returned 0 after 164 usecs
[    7.157229] calling  ioresources_init+0x0/0x49 @ 1
[    7.163428] initcall ioresources_init+0x0/0x49 returned 0 after 95 usecs
[    7.171627] calling  snapshot_device_init+0x0/0xc @ 1
[    7.178795] initcall snapshot_device_init+0x0/0xc returned 0 after 787 usecs
[    7.187337] calling  irq_pm_init_ops+0x0/0x13 @ 1
[    7.193127] initcall irq_pm_init_ops+0x0/0x13 returned 0 after 19 usecs
[    7.201234] calling  rcu_torture_init+0x0/0x9a6 @ 1
[    7.207314] srcu-torture:--- Start of test: nreaders=3 nfakewriters=4 stat_interval=15 verbose=1 test_no_idle_hz=1 shuffle_interval=3 stutter=5 irqreader=1 fqs_duration=0 fqs_holdoff=0 fqs_stutter=3 test_boost=1/0 test_boost_interval=7 test_boost_duration=4 shutdown_secs=1800 stall_cpu=0 stall_cpu_holdoff=10 stall_cpu_irqsoff=0 stall_cpu_block=0 n_barrier_cbs=4 onoff_interval=1000 onoff_holdoff=30 read_exit_delay=13 read_exit_burst=16
[    7.250993] srcu:  Start-test grace-period state: g0 f0x0
[    7.257424] srcu-torture: Creating rcu_torture_writer task
[    7.266160] srcu-torture: Creating rcu_torture_fakewriter task
[    7.266696] srcu-torture: rcu_torture_writer task started
[    7.275303] srcu-torture: Creating rcu_torture_fakewriter task
[    7.275547] srcu-torture: rcu_torture_fakewriter task started
[    7.279512] srcu-torture: GP expediting controlled from boot/sysfs for srcu.
[    7.287853] srcu-torture: Creating rcu_torture_fakewriter task
[    7.288536] srcu-torture: rcu_torture_fakewriter task started
[    7.292906] rcu_torture_writer: Testing expedited GPs.
[    7.292907] rcu_torture_writer: Testing asynchronous GPs.
[    7.292908] rcu_torture_writer: Testing normal GPs.
[    7.341669] srcu-torture: Creating rcu_torture_fakewriter task
[    7.341997] srcu-torture: rcu_torture_fakewriter task started
[    7.350126] srcu-torture: Creating rcu_torture_reader task
[    7.350758] srcu-torture: rcu_torture_fakewriter task started
[    7.370778] srcu-torture: Creating rcu_torture_reader task
[    7.371105] srcu-torture: rcu_torture_reader task started
[    7.378948] srcu-torture: Creating rcu_torture_reader task
[    7.379543] srcu-torture: rcu_torture_reader task started
[    7.397626] srcu-torture: Creating rcu_torture_stats task
[    7.397651] srcu-torture: rcu_torture_reader task started
[    7.404743] srcu-torture: Creating torture_shuffle task
[    7.404753] srcu-torture: rcu_torture_stats task started
[    7.424802] srcu-torture: Creating torture_stutter task
[    7.424822] srcu-torture: torture_shuffle task started
[    7.430927] srcu-torture: Creating torture_shutdown task
[    7.432278] srcu-torture: torture_stutter task started
[    7.453384] srcu-torture: Creating torture_onoff task
[    7.453647] srcu-torture: torture_shutdown task started
[    7.461595] srcu-torture: torture_onoff task started
[    7.461597] srcu-torture: rcu_torture_fwd_prog_init: Disabled, unsupported by RCU flavor under test
[    7.461624] srcu-torture: Creating rcu_torture_barrier_cbs task
[    7.461666] srcu-torture: Creating rcu_torture_barrier_cbs task
[    7.461686] srcu-torture: rcu_torture_barrier_cbs task started
[    7.461692] srcu-torture: Creating rcu_torture_barrier_cbs task
[    7.461703] srcu-torture: rcu_torture_barrier_cbs task started
[    7.461707] srcu-torture: Creating rcu_torture_barrier_cbs task
[    7.461737] srcu-torture: rcu_torture_barrier_cbs task started
[    7.461741] srcu-torture: Creating rcu_torture_barrier task
[    7.461752] srcu-torture: rcu_torture_barrier_cbs task started
[    7.461756] srcu-torture: Creating rcu_torture_read_exit task
[    7.461820] srcu-torture: rcu_torture_barrier task starting
[    7.466255] srcu-torture:torture_shutdown task: 1799964 ms remaining
[    7.466333] initcall rcu_torture_init+0x0/0x9a6 returned 0 after 253128 usecs
[    7.467006] srcu-torture: rcu_torture_read_exit: Start of test
[    7.472241] srcu-torture: torture_onoff begin holdoff
[    7.474176] rcu_torture_rea (87) used greatest stack depth: 15008 bytes left
[    7.483324] calling  timekeeping_init_ops+0x0/0x13 @ 1
[    7.483341] initcall timekeeping_init_ops+0x0/0x13 returned 0 after 14 usecs
[    7.483342] calling  init_clocksource_sysfs+0x0/0x23 @ 1
[    7.483445] initcall init_clocksource_sysfs+0x0/0x23 returned 0 after 98 usecs
[    7.483456] calling  init_timer_list_procfs+0x0/0x31 @ 1
[    7.483461] initcall init_timer_list_procfs+0x0/0x31 returned 0 after 3 usecs
[    7.483463] calling  alarmtimer_init+0x0/0xc7 @ 1
[    7.483617] initcall alarmtimer_init+0x0/0xc7 returned 0 after 148 usecs
[    7.483618] calling  init_posix_timers+0x0/0x29 @ 1
[    7.483650] initcall init_posix_timers+0x0/0x29 returned 0 after 29 usecs
[    7.483652] calling  clockevents_init_sysfs+0x0/0xbf @ 1
[    7.483745] initcall clockevents_init_sysfs+0x0/0xbf returned 0 after 89 usecs
[    7.690518] calling  proc_dma_init+0x0/0x21 @ 1
[    7.696110] initcall proc_dma_init+0x0/0x21 returned 0 after 21 usecs
[    7.703968] calling  proc_modules_init+0x0/0x1e @ 1
[    7.709791] initcall proc_modules_init+0x0/0x1e returned 0 after 3 usecs
[    7.717708] calling  kallsyms_init+0x0/0x21 @ 1
[    7.723260] initcall kallsyms_init+0x0/0x21 returned 0 after 2 usecs
[    7.730958] calling  pid_namespaces_init+0x0/0x2c @ 1
[    7.737337] initcall pid_namespaces_init+0x0/0x2c returned 0 after 194 usecs
[    7.745798] calling  audit_watch_init+0x0/0x37 @ 1
[    7.751851] initcall audit_watch_init+0x0/0x37 returned 0 after 2 usecs
[    7.760314] calling  audit_fsnotify_init+0x0/0x37 @ 1
[    7.766460] initcall audit_fsnotify_init+0x0/0x37 returned 0 after 1 usecs
[    7.774791] calling  audit_tree_init+0x0/0x6d @ 1
[    7.780953] initcall audit_tree_init+0x0/0x6d returned 0 after 21 usecs
[    7.789451] calling  seccomp_sysctl_init+0x0/0x2b @ 1
[    7.795696] initcall seccomp_sysctl_init+0x0/0x2b returned 0 after 36 usecs
[    7.804351] calling  utsname_sysctl_init+0x0/0x13 @ 1
[    7.810679] initcall utsname_sysctl_init+0x0/0x13 returned 0 after 60 usecs
[    7.819283] calling  init_tracepoints+0x0/0x27 @ 1
[    7.825323] initcall init_tracepoints+0x0/0x27 returned 0 after 134 usecs
[    7.833653] calling  init_blk_tracer+0x0/0x50 @ 1
[    7.840012] initcall init_blk_tracer+0x0/0x50 returned 0 after 432 usecs
[    7.848364] calling  perf_event_sysfs_init+0x0/0x81 @ 1
[    7.855666] initcall perf_event_sysfs_init+0x0/0x81 returned 0 after 532 usecs
[    7.865226] calling  system_trusted_keyring_init+0x0/0x60 @ 1
[    7.872173] Initialise system trusted keyrings
[    7.877687] initcall system_trusted_keyring_init+0x0/0x60 returned 0 after 5381 usecs
[    7.887113] calling  kswapd_init+0x0/0x5c @ 1
[    7.893559] initcall kswapd_init+0x0/0x5c returned 0 after 850 usecs
[    7.901484] calling  extfrag_debug_init+0x0/0x54 @ 1
[    7.907556] initcall extfrag_debug_init+0x0/0x54 returned 0 after 13 usecs
[    7.916055] calling  mm_compute_batch_init+0x0/0x12 @ 1
[    7.922727] initcall mm_compute_batch_init+0x0/0x12 returned 0 after 0 usecs
[    7.931561] calling  slab_proc_init+0x0/0x21 @ 1
[    7.937371] initcall slab_proc_init+0x0/0x21 returned 0 after 18 usecs
[    7.945508] calling  workingset_init+0x0/0x8c @ 1
[    7.951321] workingset: timestamp_bits=56 max_order=17 bucket_order=0
[    7.962379] initcall workingset_init+0x0/0x8c returned 0 after 10813 usecs
[    7.971031] calling  proc_vmalloc_init+0x0/0x32 @ 1
[    7.977387] initcall proc_vmalloc_init+0x0/0x32 returned 0 after 31 usecs
[    7.985720] calling  procswaps_init+0x0/0x1e @ 1
[    7.991612] initcall procswaps_init+0x0/0x1e returned 0 after 31 usecs
[    8.000038] calling  slab_sysfs_init+0x0/0xea @ 1
[    8.008746] initcall slab_sysfs_init+0x0/0xea returned 0 after 2692 usecs
[    8.017046] calling  fcntl_init+0x0/0x29 @ 1
[    8.022404] initcall fcntl_init+0x0/0x29 returned 0 after 9 usecs
[    8.030024] calling  proc_filesystems_init+0x0/0x21 @ 1
[    8.036650] initcall proc_filesystems_init+0x0/0x21 returned 0 after 4 usecs
[    8.046088] calling  start_dirtytime_writeback+0x0/0x29 @ 1
[    8.054576] initcall start_dirtytime_writeback+0x0/0x29 returned 0 after 2 usecs
[    8.065799] calling  blkdev_init+0x0/0x1b @ 1
[    8.072766] initcall blkdev_init+0x0/0x1b returned 0 after 212 usecs
[    8.080469] calling  dio_init+0x0/0x2c @ 1
[    8.085567] initcall dio_init+0x0/0x2c returned 0 after 57 usecs
[    8.092945] calling  dnotify_init+0x0/0x78 @ 1
[    8.098505] initcall dnotify_init+0x0/0x78 returned 0 after 12 usecs
[    8.106231] calling  aio_setup+0x0/0x78 @ 1
[    8.111637] initcall aio_setup+0x0/0x78 returned 0 after 128 usecs
[    8.119371] calling  io_uring_init+0x0/0x2c @ 1
[    8.124945] initcall io_uring_init+0x0/0x2c returned 0 after 5 usecs
[    8.132819] calling  mbcache_init+0x0/0x30 @ 1
[    8.138568] initcall mbcache_init+0x0/0x30 returned 0 after 60 usecs
[    8.146419] calling  init_grace+0x0/0xc @ 1
[    8.151768] initcall init_grace+0x0/0xc returned 0 after 47 usecs
[    8.159585] calling  init_v2_quota_format+0x0/0x21 @ 1
[    8.166044] initcall init_v2_quota_format+0x0/0x21 returned 0 after 63 usecs
[    8.174619] calling  init_devpts_fs+0x0/0x27 @ 1
[    8.180708] initcall init_devpts_fs+0x0/0x27 returned 0 after 234 usecs
[    8.189019] calling  ext4_init_fs+0x0/0x1d0 @ 1
[    8.195657] initcall ext4_init_fs+0x0/0x1d0 returned 0 after 488 usecs
[    8.203819] calling  journal_init+0x0/0x11c @ 1
[    8.210161] initcall journal_init+0x0/0x11c returned 0 after 112 usecs
[    8.218949] calling  init_fat_fs+0x0/0x49 @ 1
[    8.225070] initcall init_fat_fs+0x0/0x49 returned 0 after 80 usecs
[    8.233346] calling  init_vfat_fs+0x0/0xc @ 1
[    8.240077] initcall init_vfat_fs+0x0/0xc returned 0 after 5 usecs
[    8.249292] calling  init_msdos_fs+0x0/0xc @ 1
[    8.255984] initcall init_msdos_fs+0x0/0xc returned 0 after 4 usecs
[    8.264826] calling  init_iso9660_fs+0x0/0x6c @ 1
[    8.271999] initcall init_iso9660_fs+0x0/0x6c returned 0 after 104 usecs
[    8.281918] calling  init_nfs_fs+0x0/0x13a @ 1
[    8.291958] initcall init_nfs_fs+0x0/0x13a returned 0 after 3550 usecs
[    8.301998] calling  init_nfs_v2+0x0/0x13 @ 1
[    8.308938] initcall init_nfs_v2+0x0/0x13 returned 0 after 49 usecs
[    8.317874] calling  init_nfs_v3+0x0/0x13 @ 1
[    8.323988] initcall init_nfs_v3+0x0/0x13 returned 0 after 1 usecs
[    8.332705] calling  init_nfs_v4+0x0/0x32 @ 1
[    8.339124] NFS: Registering the id_resolver key type
[    8.346596] Key type id_resolver registered
[    8.352870] Key type id_legacy registered
[    8.359006] initcall init_nfs_v4+0x0/0x32 returned 0 after 19427 usecs
[    8.368605] calling  init_nlm+0x0/0x5b @ 1
[    8.374663] initcall init_nlm+0x0/0x5b returned 0 after 78 usecs
[    8.383316] calling  init_nls_cp437+0x0/0xe @ 1
[    8.390357] initcall init_nls_cp437+0x0/0xe returned 0 after 154 usecs
[    8.399724] calling  init_nls_ascii+0x0/0xe @ 1
[    8.406978] initcall init_nls_ascii+0x0/0xe returned 0 after 0 usecs
[    8.416773] calling  init_nls_iso8859_1+0x0/0xe @ 1
[    8.423762] initcall init_nls_iso8859_1+0x0/0xe returned 0 after 0 usecs
[    8.433093] calling  init_nls_utf8+0x0/0x21 @ 1
[    8.439790] initcall init_nls_utf8+0x0/0x21 returned 0 after 1 usecs
[    8.448928] calling  init_autofs_fs+0x0/0x25 @ 1
[    8.456864] initcall init_autofs_fs+0x0/0x25 returned 0 after 1003 usecs
[    8.466487] calling  ipc_init+0x0/0x24 @ 1
[    8.473394] initcall ipc_init+0x0/0x24 returned 0 after 414 usecs
[    8.482244] calling  ipc_sysctl_init+0x0/0x13 @ 1
[    8.488940] initcall ipc_sysctl_init+0x0/0x13 returned 0 after 31 usecs
[    8.498682] calling  init_mqueue_fs+0x0/0x9a @ 1
[    8.507006] initcall init_mqueue_fs+0x0/0x9a returned 0 after 216 usecs
[    8.518421] calling  key_proc_init+0x0/0x63 @ 1
[    8.526480] initcall key_proc_init+0x0/0x63 returned 0 after 6 usecs
[    8.537472] calling  selinux_nf_ip_init+0x0/0x2e @ 1
[    8.546305] initcall selinux_nf_ip_init+0x0/0x2e returned 0 after 20 usecs
[    8.558195] calling  init_sel_fs+0x0/0x116 @ 1
[    8.566077] initcall init_sel_fs+0x0/0x116 returned 0 after 0 usecs
[    8.577042] calling  selnl_init+0x0/0x7c @ 1
[    8.584808] initcall selnl_init+0x0/0x7c returned 0 after 324 usecs
[    8.595918] calling  sel_netif_init+0x0/0x36 @ 1
[    8.604063] initcall sel_netif_init+0x0/0x36 returned 0 after 0 usecs
[    8.615525] calling  sel_netnode_init+0x0/0x33 @ 1
[    8.623894] initcall sel_netnode_init+0x0/0x33 returned 0 after 1 usecs
[    8.635506] calling  sel_netport_init+0x0/0x33 @ 1
[    8.644037] initcall sel_netport_init+0x0/0x33 returned 0 after 1 usecs
[    8.655178] calling  aurule_init+0x0/0x2a @ 1
[    8.662078] initcall aurule_init+0x0/0x2a returned 0 after 1 usecs
[    8.672467] calling  crypto_algapi_init+0x0/0xc @ 1
[    8.680683] initcall crypto_algapi_init+0x0/0xc returned 0 after 5 usecs
[    8.691290] calling  jent_mod_init+0x0/0x2d @ 1
[    8.714587] initcall jent_mod_init+0x0/0x2d returned 0 after 15610 usecs
[    8.725031] calling  asymmetric_key_init+0x0/0xc @ 1
[    8.732611] Key type asymmetric registered
[    8.738604] initcall asymmetric_key_init+0x0/0xc returned 0 after 5852 usecs
[    8.749703] calling  x509_key_init+0x0/0xc @ 1
[    8.756749] Asymmetric key parser 'x509' registered
[    8.764853] initcall x509_key_init+0x0/0xc returned 0 after 7954 usecs
[    8.775085] calling  proc_genhd_init+0x0/0x41 @ 1
[    8.782958] initcall proc_genhd_init+0x0/0x41 returned 0 after 6 usecs
[    8.794567] calling  bsg_init+0x0/0x113 @ 1
[    8.801832] Block layer SCSI generic (bsg) driver version 0.4 loaded (major 251)
[    8.814829] initcall bsg_init+0x0/0x113 returned 0 after 12844 usecs
[    8.826073] calling  deadline_init+0x0/0xc @ 1
[    8.834404] io scheduler mq-deadline registered
[    8.842367] initcall deadline_init+0x0/0xc returned 0 after 7861 usecs
[    8.852125] calling  kyber_init+0x0/0xc @ 1
[    8.858675] io scheduler kyber registered
[    8.864713] initcall kyber_init+0x0/0xc returned 0 after 5911 usecs
[    8.874404] calling  mod_init+0x0/0x7 @ 1
[    8.880634] initcall mod_init+0x0/0x7 returned 0 after 0 usecs
[    8.889667] calling  percpu_counter_startup+0x0/0x55 @ 1
[    8.900573] initcall percpu_counter_startup+0x0/0x55 returned 0 after 2531 usecs
[    8.914904] calling  sg_pool_init+0x0/0xb4 @ 1
[    8.923665] initcall sg_pool_init+0x0/0xb4 returned 0 after 527 usecs
[    8.933604] calling  pcie_portdrv_init+0x0/0x39 @ 1
[    8.941400] initcall pcie_portdrv_init+0x0/0x39 returned 0 after 95 usecs
[    8.951038] calling  pci_proc_init+0x0/0x68 @ 1
[    8.958081] initcall pci_proc_init+0x0/0x68 returned 0 after 14 usecs
[    8.967616] calling  pci_hotplug_init+0x0/0x7 @ 1
[    8.974501] initcall pci_hotplug_init+0x0/0x7 returned 0 after 0 usecs
[    8.984790] calling  efifb_driver_init+0x0/0xe @ 1
[    8.992472] initcall efifb_driver_init+0x0/0xe returned 0 after 27 usecs
[    9.003064] calling  ged_driver_init+0x0/0xe @ 1
[    9.010572] initcall ged_driver_init+0x0/0xe returned 0 after 64 usecs
[    9.030112] calling  acpi_ac_init+0x0/0x92 @ 1
[    9.042192] initcall acpi_ac_init+0x0/0x92 returned 0 after 4365 usecs
[    9.052320] calling  acpi_button_driver_init+0x0/0x52 @ 1
[    9.066959] input: Power Button as /devices/LNXSYSTM:00/LNXPWRBN:00/input/input0
[    9.085069] ACPI: Power Button [PWRF]
[    9.093965] initcall acpi_button_driver_init+0x0/0x52 returned 0 after 31914 usecs
[    9.107424] calling  acpi_fan_driver_init+0x0/0xe @ 1
[    9.116674] initcall acpi_fan_driver_init+0x0/0xe returned 0 after 317 usecs
[    9.129055] calling  acpi_video_init+0x0/0xcb @ 1
[    9.138913] initcall acpi_video_init+0x0/0xcb returned 0 after 1309 usecs
[    9.149966] calling  acpi_processor_driver_init+0x0/0xad @ 1
[    9.163962] initcall acpi_processor_driver_init+0x0/0xad returned 0 after 4741 usecs
[    9.177929] calling  acpi_thermal_init+0x0/0x71 @ 1
[    9.197541] initcall acpi_thermal_init+0x0/0x71 returned 0 after 10336 usecs
[    9.209956] calling  acpi_battery_init+0x0/0x32 @ 1
[    9.218074] initcall acpi_battery_init+0x0/0x32 returned 0 after 279 usecs
[    9.229089] calling  bgrt_init+0x0/0xb6 @ 1
[    9.236321] initcall bgrt_init+0x0/0xb6 returned -19 after 0 usecs
[    9.246946] calling  gpio_clk_driver_init+0x0/0xe @ 1
[    9.256098] initcall gpio_clk_driver_init+0x0/0xe returned 0 after 205 usecs
[    9.268102] calling  plt_clk_driver_init+0x0/0xe @ 1
[    9.276759] initcall plt_clk_driver_init+0x0/0xe returned 0 after 256 usecs
[    9.288491] calling  virtio_pci_driver_init+0x0/0x15 @ 1
[    9.299878] initcall virtio_pci_driver_init+0x0/0x15 returned 0 after 708 usecs
[    9.311980] calling  n_null_init+0x0/0x1e @ 1
[    9.319439] initcall n_null_init+0x0/0x1e returned 0 after 70 usecs
[    9.330085] calling  pty_init+0x0/0x1e8 @ 1
[    9.342864] initcall pty_init+0x0/0x1e8 returned 0 after 5609 usecs
[    9.353841] calling  sysrq_init+0x0/0x62 @ 1
[    9.362141] initcall sysrq_init+0x0/0x62 returned 0 after 133 usecs
[    9.373706] calling  serial8250_init+0x0/0x17e @ 1
[    9.382669] Serial: 8250/16550 driver, 4 ports, IRQ sharing enabled
[    9.400910] 00:03: ttyS0 at I/O 0x3f8 (irq = 4, base_baud = 115200) is a 16550A
[    9.424683] initcall serial8250_init+0x0/0x17e returned 0 after 41112 usecs
[    9.437006] calling  serial_pci_driver_init+0x0/0x15 @ 1
[    9.446607] initcall serial_pci_driver_init+0x0/0x15 returned 0 after 927 usecs
[    9.458746] calling  exar_pci_driver_init+0x0/0x15 @ 1
[    9.467827] initcall exar_pci_driver_init+0x0/0x15 returned 0 after 31 usecs
[    9.481095] calling  lpss8250_pci_driver_init+0x0/0x15 @ 1
[    9.491004] initcall lpss8250_pci_driver_init+0x0/0x15 returned 0 after 34 usecs
[    9.504741] calling  mid8250_pci_driver_init+0x0/0x15 @ 1
[    9.514512] initcall mid8250_pci_driver_init+0x0/0x15 returned 0 after 34 usecs
[    9.527155] calling  virtio_console_init+0x0/0xff @ 1
[    9.535016] initcall virtio_console_init+0x0/0xff returned 0 after 336 usecs
[    9.545280] calling  hpet_init+0x0/0x64 @ 1
[    9.555009] initcall hpet_init+0x0/0x64 returned 0 after 3229 usecs
[    9.564846] calling  nvram_module_init+0x0/0x83 @ 1
[    9.574908] Non-volatile memory driver v1.3
[    9.581357] initcall nvram_module_init+0x0/0x83 returned 0 after 8564 usecs
[    9.591709] calling  hwrng_modinit+0x0/0x8a @ 1
[    9.602591] initcall hwrng_modinit+0x0/0x8a returned 0 after 5183 usecs
[    9.614870] calling  mod_init+0x0/0x48 @ 1
[    9.622431] initcall mod_init+0x0/0x48 returned -19 after 68 usecs
[    9.633726] calling  agp_init+0x0/0x23 @ 1
[    9.643637] Linux agpgart interface v0.103
[    9.649877] initcall agp_init+0x0/0x23 returned 0 after 6091 usecs
[    9.659683] calling  agp_amd64_mod_init+0x0/0x5 @ 1
[    9.667806] initcall agp_amd64_mod_init+0x0/0x5 returned -19 after 169 usecs
[    9.680410] calling  agp_intel_init+0x0/0x28 @ 1
[    9.689756] initcall agp_intel_init+0x0/0x28 returned 0 after 1515 usecs
[    9.702271] calling  drm_kms_helper_init+0x0/0x7 @ 1
[    9.711571] initcall drm_kms_helper_init+0x0/0x7 returned 0 after 87 usecs
[    9.722102] calling  drm_core_init+0x0/0xa4 @ 1
[    9.731168] initcall drm_core_init+0x0/0xa4 returned 0 after 1332 usecs
[    9.741545] calling  i915_init+0x0/0x6b @ 1
[    9.754804] initcall i915_init+0x0/0x6b returned 0 after 5587 usecs
[    9.765689] calling  cn_proc_init+0x0/0x35 @ 1
[    9.773119] initcall cn_proc_init+0x0/0x35 returned 0 after 2 usecs
[    9.783272] calling  topology_sysfs_init+0x0/0x27 @ 1
[    9.791863] initcall topology_sysfs_init+0x0/0x27 returned 0 after 92 usecs
[    9.802403] calling  cacheinfo_sysfs_init+0x0/0x27 @ 1
[    9.824429] initcall cacheinfo_sysfs_init+0x0/0x27 returned 0 after 13396 usecs
[    9.834509] calling  loop_init+0x0/0x168 @ 1
[    9.965814] loop: module loaded
[    9.970583] initcall loop_init+0x0/0x168 returned 0 after 126117 usecs
[    9.979825] calling  mac_hid_init+0x0/0x21 @ 1
[    9.986084] initcall mac_hid_init+0x0/0x21 returned 0 after 23 usecs
[    9.995101] calling  spi_transport_init+0x0/0x74 @ 1
[   10.002592] initcall spi_transport_init+0x0/0x74 returned 0 after 251 usecs
[   10.012333] calling  init_sd+0x0/0x18c @ 1
[   10.018983] initcall init_sd+0x0/0x18c returned 0 after 1391 usecs
[   10.027173] calling  init_sr+0x0/0x43 @ 1
[   10.032938] initcall init_sr+0x0/0x43 returned 0 after 83 usecs
[   10.042442] calling  init_sg+0x0/0x1c0 @ 1
[   10.048767] initcall init_sg+0x0/0x1c0 returned 0 after 93 usecs
[   10.058126] calling  ahci_pci_driver_init+0x0/0x15 @ 1
[   10.066271] ahci 0000:00:1f.2: version 3.0
[   10.076422] PCI Interrupt Link [GSIA] enabled at IRQ 16
[   10.095692] ahci 0000:00:1f.2: AHCI 0001.0000 32 slots 6 ports 1.5 Gbps 0x3f impl SATA mode
[   10.122177] ahci 0000:00:1f.2: flags: 64bit ncq only 
[   10.188061] scsi host0: ahci
[   10.216916] scsi host1: ahci
[   10.234463] scsi host2: ahci
[   10.253868] scsi host3: ahci
[   10.266815] scsi host4: ahci
[   10.280169] scsi host5: ahci
[   10.288875] ata1: SATA max UDMA/133 abar m4096@0xfebf1000 port 0xfebf1100 irq 24
[   10.302180] ata2: SATA max UDMA/133 abar m4096@0xfebf1000 port 0xfebf1180 irq 24
[   10.315338] ata3: SATA max UDMA/133 abar m4096@0xfebf1000 port 0xfebf1200 irq 24
[   10.326479] ata4: SATA max UDMA/133 abar m4096@0xfebf1000 port 0xfebf1280 irq 24
[   10.337610] ata5: SATA max UDMA/133 abar m4096@0xfebf1000 port 0xfebf1300 irq 24
[   10.348638] ata6: SATA max UDMA/133 abar m4096@0xfebf1000 port 0xfebf1380 irq 24
[   10.360002] initcall ahci_pci_driver_init+0x0/0x15 returned 0 after 287080 usecs
[   10.370625] calling  piix_init+0x0/0x26 @ 1
[   10.377108] initcall piix_init+0x0/0x26 returned 0 after 449 usecs
[   10.386664] calling  amd_pci_driver_init+0x0/0x15 @ 1
[   10.393946] initcall amd_pci_driver_init+0x0/0x15 returned 0 after 62 usecs
[   10.404037] calling  oldpiix_pci_driver_init+0x0/0x15 @ 1
[   10.411753] initcall oldpiix_pci_driver_init+0x0/0x15 returned 0 after 68 usecs
[   10.421968] calling  sch_pci_driver_init+0x0/0x15 @ 1
[   10.428932] initcall sch_pci_driver_init+0x0/0x15 returned 0 after 82 usecs
[   10.440026] calling  net_olddevs_init+0x0/0x55 @ 1
[   10.451297] initcall net_olddevs_init+0x0/0x55 returned 0 after 3748 usecs
[   10.463632] calling  blackhole_netdev_init+0x0/0x78 @ 1
[   10.474451] initcall blackhole_netdev_init+0x0/0x78 returned 0 after 1550 usecs
[   10.487014] calling  phy_module_init+0x0/0x13 @ 1
[   10.495502] initcall phy_module_init+0x0/0x13 returned 0 after 790 usecs
[   10.506520] calling  tg3_driver_init+0x0/0x15 @ 1
[   10.514667] initcall tg3_driver_init+0x0/0x15 returned 0 after 544 usecs
[   10.524657] calling  e100_init_module+0x0/0x4c @ 1
[   10.532026] e100: Intel(R) PRO/100 Network Driver
[   10.539320] e100: Copyright(c) 1999-2006 Intel Corporation
[   10.548014] initcall e100_init_module+0x0/0x4c returned 0 after 15660 usecs
[   10.558997] calling  e1000_init_module+0x0/0x72 @ 1
[   10.565819] e1000: Intel(R) PRO/1000 Network Driver
[   10.572615] e1000: Copyright (c) 1999-2006 Intel Corporation.
[   10.580505] initcall e1000_init_module+0x0/0x72 returned 0 after 14339 usecs
[   10.590687] calling  e1000_init_module+0x0/0x2d @ 1
[   10.598136] e1000e: Intel(R) PRO/1000 Network Driver
[   10.605322] e1000e: Copyright(c) 1999 - 2015 Intel Corporation.
[   10.615348] initcall e1000_init_module+0x0/0x2d returned 0 after 16739 usecs
[   10.626113] calling  sky2_init_module+0x0/0x21 @ 1
[   10.633625] sky2: driver version 1.30
[   10.639002] initcall sky2_init_module+0x0/0x21 returned 0 after 5247 usecs
[   10.649170] calling  forcedeth_pci_driver_init+0x0/0x15 @ 1
[   10.657730] initcall forcedeth_pci_driver_init+0x0/0x15 returned 0 after 27 usecs
[   10.668792] calling  rtl8139_init_module+0x0/0x15 @ 1
[   10.676206] initcall rtl8139_init_module+0x0/0x15 returned 0 after 28 usecs
[   10.678603] ata1: SATA link down (SStatus 0 SControl 300)
[   10.686323] calling  rtl8169_pci_driver_init+0x0/0x15 @ 1
[   10.703783] initcall rtl8169_pci_driver_init+0x0/0x15 returned 0 after 111 usecs
[   10.705505] ata3: SATA link up 1.5 Gbps (SStatus 113 SControl 300)
[   10.714621] calling  cdrom_init+0x0/0xc @ 1
[   10.715585] initcall cdrom_init+0x0/0xc returned 0 after 936 usecs
[   10.732159] ata4: SATA link down (SStatus 0 SControl 300)
[   10.735107] calling  nonstatic_sysfs_init+0x0/0xc @ 1
[   10.745050] ata3.00: ATAPI: QEMU DVD-ROM, 2.5+, max UDMA/100
[   10.753487] initcall nonstatic_sysfs_init+0x0/0xc returned 0 after 241 usecs
[   10.761361] ata3.00: applying bridge limits
[   10.764529] ata6: SATA link down (SStatus 0 SControl 300)
[   10.771854] calling  yenta_cardbus_driver_init+0x0/0x15 @ 1
[   10.788288] ata5: SATA link down (SStatus 0 SControl 300)
[   10.791965] initcall yenta_cardbus_driver_init+0x0/0x15 returned 0 after 58 usecs
[   10.804110] ata2: SATA link down (SStatus 0 SControl 300)
[   10.808354] calling  mon_init+0x0/0x12d @ 1
[   10.812109] initcall mon_init+0x0/0x12d returned 0 after 3659 usecs
[   10.819023] ata3.00: configured for UDMA/100
[   10.828692] calling  ehci_hcd_init+0x0/0x56 @ 1
[   10.828735] ehci_hcd: USB 2.0 'Enhanced' Host Controller (EHCI) Driver
[   10.828738] initcall ehci_hcd_init+0x0/0x56 returned 0 after 42 usecs
[   10.828740] calling  ehci_pci_init+0x0/0x64 @ 1
[   10.828741] ehci-pci: EHCI PCI platform driver
[   10.828907] initcall ehci_pci_init+0x0/0x64 returned 0 after 159 usecs
[   10.828909] calling  ohci_hcd_mod_init+0x0/0x4e @ 1
[   10.828911] ohci_hcd: USB 1.1 'Open' Host Controller (OHCI) Driver
[   10.828920] initcall ohci_hcd_mod_init+0x0/0x4e returned 0 after 8 usecs
[   10.828922] calling  ohci_pci_init+0x0/0x64 @ 1
[   10.828924] ohci-pci: OHCI PCI platform driver
[   10.828965] initcall ohci_pci_init+0x0/0x64 returned 0 after 39 usecs
[   10.828966] calling  uhci_hcd_init+0x0/0xa8 @ 1
[   10.829003] uhci_hcd: USB Universal Host Controller Interface driver
[   10.829743] initcall uhci_hcd_init+0x0/0xa8 returned 0 after 754 usecs
[   10.849613] scsi 2:0:0:0: CD-ROM            QEMU     QEMU DVD-ROM     2.5+ PQ: 0 ANSI: 5
[   10.859537] calling  xhci_hcd_init+0x0/0x1e @ 1
[   11.016965] initcall xhci_hcd_init+0x0/0x1e returned 0 after 63 usecs
[   11.026541] calling  xhci_pci_init+0x0/0x49 @ 1
[   11.033858] initcall xhci_pci_init+0x0/0x49 returned 0 after 235 usecs
[   11.043520] calling  usblp_driver_init+0x0/0x15 @ 1
[   11.054065] usbcore: registered new interface driver usblp
[   11.062213] initcall usblp_driver_init+0x0/0x15 returned 0 after 9887 usecs
[   11.072603] calling  usb_storage_driver_init+0x0/0x2a @ 1
[   11.081368] usbcore: registered new interface driver usb-storage
[   11.091017] initcall usb_storage_driver_init+0x0/0x2a returned 0 after 9838 usecs
[   11.102392] calling  i8042_init+0x0/0x4c2 @ 1
[   11.110120] i8042: PNP: PS/2 Controller [PNP0303:KBD,PNP0f13:MOU] at 0x60,0x64 irq 1,12
[   11.144549] serio: i8042 KBD port at 0x60,0x64 irq 1
[   11.153035] serio: i8042 AUX port at 0x60,0x64 irq 12
[   11.161185] initcall i8042_init+0x0/0x4c2 returned 0 after 50933 usecs
[   11.171292] calling  serport_init+0x0/0x2c @ 1
[   11.178462] initcall serport_init+0x0/0x2c returned 0 after 107 usecs
[   11.188426] calling  input_leds_init+0x0/0xc @ 1
[   11.195515] initcall input_leds_init+0x0/0xc returned 0 after 422 usecs
[   11.205002] calling  evdev_init+0x0/0xc @ 1
[   11.214823] initcall evdev_init+0x0/0xc returned 0 after 3528 usecs
[   11.223259] calling  atkbd_init+0x0/0x21 @ 1
[   11.231646] initcall atkbd_init+0x0/0x21 returned 0 after 2260 usecs
[   11.240178] calling  psmouse_init+0x0/0x7f @ 1
[   11.245123] sr 2:0:0:0: [sr0] scsi3-mmc drive: 4x/4x cd/rw xa/form2 tray
[   11.247225] initcall psmouse_init+0x0/0x7f returned 0 after 424 usecs
[   11.256255] cdrom: Uniform CD-ROM driver Revision: 3.20
[   11.265215] calling  cmos_init+0x0/0x73 @ 1
[   11.280679] rtc_cmos 00:04: RTC can wake from S4
[   11.302797] rtc_cmos 00:04: registered as rtc0
[   11.310885] rtc_cmos 00:04: alarms up to one day, y3k, 242 bytes nvram, hpet irqs
[   11.321552] initcall cmos_init+0x0/0x73 returned 0 after 42146 usecs
[   11.323398] input: AT Translated Set 2 keyboard as /devices/platform/i8042/serio0/input/input1
[   11.330727] calling  smbalert_driver_init+0x0/0xe @ 1
[   11.330819] initcall smbalert_driver_init+0x0/0xe returned 0 after 85 usecs
[   11.330822] calling  i2c_i801_init+0x0/0xc5 @ 1
[   11.337462] i801_smbus 0000:00:1f.3: SMBus using PCI interrupt
[   11.380180] i2c i2c-0: 1/1 memory slots populated (from DMI)
[   11.389081] i2c i2c-0: Memory type 0x07 not supported yet, not instantiating SPD
[   11.400548] initcall i2c_i801_init+0x0/0xc5 returned 0 after 68081 usecs
[   11.411576] calling  ptp_kvm_init+0x0/0xf0 @ 1
[   11.423057] initcall ptp_kvm_init+0x0/0xf0 returned 0 after 3926 usecs
[   11.432984] calling  dm_init+0x0/0x3c @ 1
[   11.442715] device-mapper: ioctl: 4.43.0-ioctl (2020-10-01) initialised: dm-devel@redhat.com
[   11.447821] sr 2:0:0:0: Attached scsi CD-ROM sr0
[   11.457580] initcall dm_init+0x0/0x3c returned 0 after 18371 usecs
[   11.467826] sr 2:0:0:0: Attached scsi generic sg0 type 5
[   11.473772] calling  dm_mirror_init+0x0/0x29 @ 1
[   11.488497] initcall dm_mirror_init+0x0/0x29 returned 0 after 38 usecs
[   11.497790] calling  dm_dirty_log_init+0x0/0x4f @ 1
[   11.506895] initcall dm_dirty_log_init+0x0/0x4f returned 0 after 308 usecs
[   11.518302] calling  dm_zero_init+0x0/0x29 @ 1
[   11.524926] initcall dm_zero_init+0x0/0x29 returned 0 after 2 usecs
[   11.533814] calling  intel_pstate_init+0x0/0x510 @ 1
[   11.540924] intel_pstate: CPU model not supported
[   11.548596] initcall intel_pstate_init+0x0/0x510 returned -19 after 7505 usecs
[   11.558263] calling  haltpoll_init+0x0/0xc0 @ 1
[   11.564869] initcall haltpoll_init+0x0/0xc0 returned -19 after 26 usecs
[   11.563392] hrtimer: interrupt took 4178187 ns
[   11.574709] calling  efivars_sysfs_init+0x0/0x30 @ 1
[   11.587754] initcall efivars_sysfs_init+0x0/0x30 returned 0 after 33 usecs
[   11.597288] calling  esrt_sysfs_init+0x0/0x2a2 @ 1
[   11.605270] initcall esrt_sysfs_init+0x0/0x2a2 returned -38 after 36 usecs
[   11.615014] calling  hid_init+0x0/0x5c @ 1
[   11.621348] hid: raw HID events driver (C) Jiri Kosina
[   11.629451] initcall hid_init+0x0/0x5c returned 0 after 8238 usecs
[   11.638826] calling  hid_generic_init+0x0/0x15 @ 1
[   11.646514] initcall hid_generic_init+0x0/0x15 returned 0 after 121 usecs
[   11.656508] calling  a4_driver_init+0x0/0x15 @ 1
[   11.663588] initcall a4_driver_init+0x0/0x15 returned 0 after 234 usecs
[   11.673476] calling  apple_driver_init+0x0/0x15 @ 1
[   11.698367] initcall apple_driver_init+0x0/0x15 returned 0 after 7475 usecs
[   11.710649] calling  belkin_driver_init+0x0/0x15 @ 1
[   11.718551] initcall belkin_driver_init+0x0/0x15 returned 0 after 28 usecs
[   11.729332] calling  ch_driver_init+0x0/0x15 @ 1
[   11.738181] initcall ch_driver_init+0x0/0x15 returned 0 after 1117 usecs
[   11.749637] calling  ch_driver_init+0x0/0x15 @ 1
[   11.757120] initcall ch_driver_init+0x0/0x15 returned 0 after 24 usecs
[   11.766695] calling  cp_driver_init+0x0/0x15 @ 1
[   11.773293] initcall cp_driver_init+0x0/0x15 returned 0 after 21 usecs
[   11.782051] calling  ez_driver_init+0x0/0x15 @ 1
[   11.788727] initcall ez_driver_init+0x0/0x15 returned 0 after 67 usecs
[   11.798314] calling  gyration_driver_init+0x0/0x15 @ 1
[   11.806038] initcall gyration_driver_init+0x0/0x15 returned 0 after 128 usecs
[   11.818016] calling  ite_driver_init+0x0/0x15 @ 1
[   11.826066] initcall ite_driver_init+0x0/0x15 returned 0 after 26 usecs
[   11.836665] calling  ks_driver_init+0x0/0x15 @ 1
[   11.844202] initcall ks_driver_init+0x0/0x15 returned 0 after 23 usecs
[   11.854173] calling  lg_driver_init+0x0/0x15 @ 1
[   11.861298] initcall lg_driver_init+0x0/0x15 returned 0 after 24 usecs
[   11.871075] calling  lg_g15_driver_init+0x0/0x15 @ 1
[   11.878288] initcall lg_g15_driver_init+0x0/0x15 returned 0 after 62 usecs
[   11.887854] calling  ms_driver_init+0x0/0x15 @ 1
[   11.894156] initcall ms_driver_init+0x0/0x15 returned 0 after 40 usecs
[   11.902881] calling  mr_driver_init+0x0/0x15 @ 1
[   11.909247] initcall mr_driver_init+0x0/0x15 returned 0 after 16 usecs
[   11.917927] calling  ntrig_driver_init+0x0/0x15 @ 1
[   11.924677] initcall ntrig_driver_init+0x0/0x15 returned 0 after 23 usecs
[   11.934688] calling  pl_driver_init+0x0/0x15 @ 1
[   11.942002] initcall pl_driver_init+0x0/0x15 returned 0 after 23 usecs
[   11.952486] calling  pl_driver_init+0x0/0x15 @ 1
[   11.960165] initcall pl_driver_init+0x0/0x15 returned 0 after 26 usecs
[   11.970147] calling  redragon_driver_init+0x0/0x15 @ 1
[   11.978595] initcall redragon_driver_init+0x0/0x15 returned 0 after 52 usecs
[   11.989672] calling  samsung_driver_init+0x0/0x15 @ 1
[   11.997941] initcall samsung_driver_init+0x0/0x15 returned 0 after 24 usecs
[   12.009192] calling  sony_init+0x0/0x38 @ 1
[   12.015871] initcall sony_init+0x0/0x38 returned 0 after 48 usecs
[   12.025400] calling  sp_driver_init+0x0/0x15 @ 1
[   12.032309] initcall sp_driver_init+0x0/0x15 returned 0 after 143 usecs
[   12.042294] calling  ts_driver_init+0x0/0x15 @ 1
[   12.048832] initcall ts_driver_init+0x0/0x15 returned 0 after 17 usecs
[   12.057906] calling  hid_init+0x0/0x58 @ 1
[   12.060070] input: ImExPS/2 Generic Explorer Mouse as /devices/platform/i8042/serio1/input/input3
[   12.065039] usbcore: registered new interface driver usbhid
[   12.086961] usbhid: USB HID core driver
[   12.093498] initcall hid_init+0x0/0x58 returned 0 after 28323 usecs
[   12.103350] calling  eeepc_laptop_init+0x0/0x57 @ 1
[   12.111899] initcall eeepc_laptop_init+0x0/0x57 returned -19 after 965 usecs
[   12.122804] calling  pmc_atom_init+0x0/0x27a @ 1
[   12.129946] initcall pmc_atom_init+0x0/0x27a returned -19 after 149 usecs
[   12.140077] calling  alsa_hwdep_init+0x0/0x5e @ 1
[   12.146926] initcall alsa_hwdep_init+0x0/0x5e returned 0 after 206 usecs
[   12.157314] calling  alsa_timer_init+0x0/0x1f0 @ 1
[   12.166391] initcall alsa_timer_init+0x0/0x1f0 returned 0 after 2307 usecs
[   12.176805] calling  snd_hrtimer_init+0x0/0x117 @ 1
[   12.183765] initcall snd_hrtimer_init+0x0/0x117 returned 0 after 2 usecs
[   12.193013] calling  alsa_pcm_init+0x0/0x64 @ 1
[   12.199451] initcall alsa_pcm_init+0x0/0x64 returned 0 after 7 usecs
[   12.208428] calling  alsa_seq_init+0x0/0x4a @ 1
[   12.216696] initcall alsa_seq_init+0x0/0x4a returned 0 after 1726 usecs
[   12.226330] calling  alsa_seq_dummy_init+0x0/0x9c @ 1
[   12.234316] initcall alsa_seq_dummy_init+0x0/0x9c returned 0 after 40 usecs
[   12.246649] calling  azx_driver_init+0x0/0x15 @ 1
[   12.254407] initcall azx_driver_init+0x0/0x15 returned 0 after 651 usecs
[   12.264920] calling  sock_diag_init+0x0/0x2a @ 1
[   12.274998] initcall sock_diag_init+0x0/0x2a returned 0 after 2798 usecs
[   12.285956] calling  blackhole_init+0x0/0xc @ 1
[   12.293182] initcall blackhole_init+0x0/0xc returned 0 after 59 usecs
[   12.302759] calling  nfnetlink_init+0x0/0x57 @ 1
[   12.309378] initcall nfnetlink_init+0x0/0x57 returned 0 after 81 usecs
[   12.318548] calling  nfnetlink_log_init+0x0/0x99 @ 1
[   12.325869] initcall nfnetlink_log_init+0x0/0x99 returned 0 after 133 usecs
[   12.336366] calling  nf_conntrack_standalone_init+0x0/0x87 @ 1
[   12.346803] initcall nf_conntrack_standalone_init+0x0/0x87 returned 0 after 1693 usecs
[   12.358513] calling  ctnetlink_init+0x0/0x83 @ 1
[   12.365706] initcall ctnetlink_init+0x0/0x83 returned 0 after 2 usecs
[   12.376116] calling  nf_conntrack_ftp_init+0x0/0x12c @ 1
[   12.383987] initcall nf_conntrack_ftp_init+0x0/0x12c returned 0 after 32 usecs
[   12.394490] calling  nf_conntrack_irc_init+0x0/0x129 @ 1
[   12.402357] initcall nf_conntrack_irc_init+0x0/0x129 returned 0 after 23 usecs
[   12.412723] calling  nf_conntrack_sip_init+0x0/0x172 @ 1
[   12.420501] initcall nf_conntrack_sip_init+0x0/0x172 returned 0 after 10 usecs
[   12.431297] calling  nf_nat_init+0x0/0xd2 @ 1
[   12.440003] initcall nf_nat_init+0x0/0xd2 returned 0 after 2139 usecs
[   12.449899] calling  nf_nat_ftp_init+0x0/0x2a @ 1
[   12.456790] initcall nf_nat_ftp_init+0x0/0x2a returned 0 after 1 usecs
[   12.466784] calling  nf_nat_irc_init+0x0/0x2a @ 1
[   12.473564] initcall nf_nat_irc_init+0x0/0x2a returned 0 after 1 usecs
[   12.482478] calling  nf_nat_sip_init+0x0/0x36 @ 1
[   12.488887] initcall nf_nat_sip_init+0x0/0x36 returned 0 after 1 usecs
[   12.497430] calling  xt_init+0x0/0xf8 @ 1
[   12.502851] initcall xt_init+0x0/0xf8 returned 0 after 42 usecs
[   12.510944] calling  tcpudp_mt_init+0x0/0x11 @ 1
[   12.517324] initcall tcpudp_mt_init+0x0/0x11 returned 0 after 120 usecs
[   12.526075] calling  connsecmark_tg_init+0x0/0xc @ 1
[   12.532410] initcall connsecmark_tg_init+0x0/0xc returned 0 after 1 usecs
[   12.541197] calling  nflog_tg_init+0x0/0xc @ 1
[   12.546869] initcall nflog_tg_init+0x0/0xc returned 0 after 1 usecs
[   12.555161] calling  secmark_tg_init+0x0/0x11 @ 1
[   12.561436] initcall secmark_tg_init+0x0/0x11 returned 0 after 1 usecs
[   12.570770] calling  tcpmss_tg_init+0x0/0x11 @ 1
[   12.577569] initcall tcpmss_tg_init+0x0/0x11 returned 0 after 2 usecs
[   12.586631] calling  conntrack_mt_init+0x0/0x11 @ 1
[   12.593561] initcall conntrack_mt_init+0x0/0x11 returned 0 after 1 usecs
[   12.602828] calling  policy_mt_init+0x0/0x11 @ 1
[   12.609354] initcall policy_mt_init+0x0/0x11 returned 0 after 1 usecs
[   12.618202] calling  state_mt_init+0x0/0xc @ 1
[   12.624460] initcall state_mt_init+0x0/0xc returned 0 after 1 usecs
[   12.628348] srcu-torture: rcu_torture_read_exit: End of episode
[   12.633178] calling  gre_offload_init+0x0/0x48 @ 1
