c[?7l[2J[0mSeaBIOS (version 1.16.0-debian-1.16.0-4)
Booting from ROM...
early console in setup code
c[?7l[2J[    0.000000] Linux version 5.10.154+ (root@joelboxx.c.googlers.com) (gcc (Debian 12.2.0-3) 12.2.0, GNU ld (GNU Binutils for Debian) 2.39) #9 SMP Tue Dec 13 06:24:38 UTC 2022
[    0.000000] Command line: selinux=0 initcall_debug debug console=ttyS0 rcutorture.torture_type=tasks-tracing rcutorture.onoff_interval=1000 rcutorture.onoff_holdoff=30 rcutorture.n_barrier_cbs=4 rcutorture.stat_interval=15 rcutorture.shutdown_secs=1800 rcutorture.test_no_idle_hz=1 rcutorture.verbose=1
[    0.000000] x86/fpu: x87 FPU will use FXSAVE
[    0.000000] BIOS-provided physical RAM map:
[    0.000000] BIOS-e820: [mem 0x0000000000000000-0x000000000009fbff] usable
[    0.000000] BIOS-e820: [mem 0x000000000009fc00-0x000000000009ffff] reserved
[    0.000000] BIOS-e820: [mem 0x00000000000f0000-0x00000000000fffff] reserved
[    0.000000] BIOS-e820: [mem 0x0000000000100000-0x000000001ffdefff] usable
[    0.000000] BIOS-e820: [mem 0x000000001ffdf000-0x000000001fffffff] reserved
[    0.000000] BIOS-e820: [mem 0x00000000b0000000-0x00000000bfffffff] reserved
[    0.000000] BIOS-e820: [mem 0x00000000fed1c000-0x00000000fed1ffff] reserved
[    0.000000] BIOS-e820: [mem 0x00000000feffc000-0x00000000feffffff] reserved
[    0.000000] BIOS-e820: [mem 0x00000000fffc0000-0x00000000ffffffff] reserved
[    0.000000] NX (Execute Disable) protection: active
[    0.000000] SMBIOS 2.8 present.
[    0.000000] DMI: QEMU Standard PC (Q35 + ICH9, 2009), BIOS 1.16.0-debian-1.16.0-4 04/01/2014
[    0.000000] Hypervisor detected: KVM
[    0.000000] kvm-clock: Using msrs 4b564d01 and 4b564d00
[    0.000000] kvm-clock: cpu 0, msr 18523001, primary cpu clock
[    0.000070] kvm-clock: using sched offset of 2413817779 cycles
[    0.000478] clocksource: kvm-clock: mask: 0xffffffffffffffff max_cycles: 0x1cd42e4dffb, max_idle_ns: 881590591483 ns
[    0.000789] tsc: Detected 1999.999 MHz processor
[    0.016701] e820: update [mem 0x00000000-0x00000fff] usable ==> reserved
[    0.016711] e820: remove [mem 0x000a0000-0x000fffff] usable
[    0.016721] last_pfn = 0x1ffdf max_arch_pfn = 0x400000000
[    0.017582] MTRR default type: write-back
[    0.017625] MTRR fixed ranges enabled:
[    0.017628]   00000-9FFFF write-back
[    0.017631]   A0000-BFFFF uncachable
[    0.017633]   C0000-FFFFF write-protect
[    0.017636] MTRR variable ranges enabled:
[    0.017639]   0 base 00C0000000 mask FFC0000000 uncachable
[    0.017641]   1 disabled
[    0.017643]   2 disabled
[    0.017645]   3 disabled
[    0.017647]   4 disabled
[    0.017649]   5 disabled
[    0.017651]   6 disabled
[    0.017653]   7 disabled
[    0.018229] x86/PAT: Configuration [0-7]: WB  WC  UC- UC  WB  WC  UC- UC  
[    0.027514] found SMP MP-table at [mem 0x000f5ba0-0x000f5baf]
[    0.029934] check: Scanning 1 areas for low memory corruption
[    0.061000] ACPI: Early table checksum verification disabled
[    0.064636] ACPI: RSDP 0x00000000000F59E0 000014 (v00 BOCHS )
[    0.065168] ACPI: RSDT 0x000000001FFE23B1 000038 (v01 BOCHS  BXPC     00000001 BXPC 00000001)
[    0.065736] ACPI: FACP 0x000000001FFE2191 0000F4 (v03 BOCHS  BXPC     00000001 BXPC 00000001)
[    0.065876] ACPI: DSDT 0x000000001FFE0040 002151 (v01 BOCHS  BXPC     00000001 BXPC 00000001)
[    0.065885] ACPI: FACS 0x000000001FFE0000 000040
[    0.065892] ACPI: APIC 0x000000001FFE2285 000090 (v01 BOCHS  BXPC     00000001 BXPC 00000001)
[    0.065999] ACPI: HPET 0x000000001FFE2315 000038 (v01 BOCHS  BXPC     00000001 BXPC 00000001)
[    0.066006] ACPI: MCFG 0x000000001FFE234D 00003C (v01 BOCHS  BXPC     00000001 BXPC 00000001)
[    0.066013] ACPI: WAET 0x000000001FFE2389 000028 (v01 BOCHS  BXPC     00000001 BXPC 00000001)
[    0.066020] ACPI: Reserving FACP table memory at [mem 0x1ffe2191-0x1ffe2284]
[    0.066023] ACPI: Reserving DSDT table memory at [mem 0x1ffe0040-0x1ffe2190]
[    0.066026] ACPI: Reserving FACS table memory at [mem 0x1ffe0000-0x1ffe003f]
[    0.066028] ACPI: Reserving APIC table memory at [mem 0x1ffe2285-0x1ffe2314]
[    0.066030] ACPI: Reserving HPET table memory at [mem 0x1ffe2315-0x1ffe234c]
[    0.066033] ACPI: Reserving MCFG table memory at [mem 0x1ffe234d-0x1ffe2388]
[    0.066035] ACPI: Reserving WAET table memory at [mem 0x1ffe2389-0x1ffe23b0]
[    0.067468] ACPI: Local APIC address 0xfee00000
[    0.073966] No NUMA configuration found
[    0.073971] Faking a node at [mem 0x0000000000000000-0x000000001ffdefff]
[    0.074154] NODE_DATA(0) allocated [mem 0x1ffdb000-0x1ffdefff]
[    0.075783] Zone ranges:
[    0.076001]   DMA      [mem 0x0000000000001000-0x0000000000ffffff]
[    0.076062]   DMA32    [mem 0x0000000001000000-0x000000001ffdefff]
[    0.076066]   Normal   empty
[    0.076069] Movable zone start for each node
[    0.076071] Early memory node ranges
[    0.076074]   node   0: [mem 0x0000000000001000-0x000000000009efff]
[    0.076144]   node   0: [mem 0x0000000000100000-0x000000001ffdefff]
[    0.076312] Initmem setup node 0 [mem 0x0000000000001000-0x000000001ffdefff]
[    0.076383] On node 0 totalpages: 130941
[    0.076575]   DMA zone: 64 pages used for memmap
[    0.076577]   DMA zone: 21 pages reserved
[    0.076579]   DMA zone: 3998 pages, LIFO batch:0
[    0.076582]   DMA32 zone: 1984 pages used for memmap
[    0.076584]   DMA32 zone: 126943 pages, LIFO batch:31
[    0.077912] On node 0, zone DMA: 1 pages in unavailable ranges
[    0.082997] On node 0, zone DMA: 97 pages in unavailable ranges
[    0.210390] On node 0, zone DMA32: 33 pages in unavailable ranges
[    0.214159] ACPI: PM-Timer IO Port: 0x608
[    0.214168] ACPI: Local APIC address 0xfee00000
[    0.214352] ACPI: LAPIC_NMI (acpi_id[0xff] dfl dfl lint[0x1])
[    0.216347] IOAPIC[0]: apic_id 0, version 17, address 0xfec00000, GSI 0-23
[    0.216599] ACPI: INT_SRC_OVR (bus 0 bus_irq 0 global_irq 2 dfl dfl)
[    0.216677] ACPI: INT_SRC_OVR (bus 0 bus_irq 5 global_irq 5 high level)
[    0.216680] ACPI: INT_SRC_OVR (bus 0 bus_irq 9 global_irq 9 high level)
[    0.216877] ACPI: INT_SRC_OVR (bus 0 bus_irq 10 global_irq 10 high level)
[    0.216954] ACPI: INT_SRC_OVR (bus 0 bus_irq 11 global_irq 11 high level)
[    0.216958] ACPI: IRQ0 used by override.
[    0.216961] ACPI: IRQ5 used by override.
[    0.216963] ACPI: IRQ9 used by override.
[    0.216966] ACPI: IRQ10 used by override.
[    0.216968] ACPI: IRQ11 used by override.
[    0.217091] Using ACPI (MADT) for SMP configuration information
[    0.217096] ACPI: HPET id: 0x8086a201 base: 0xfed00000
[    0.217816] smpboot: Allowing 4 CPUs, 0 hotplug CPUs
[    0.220394] PM: hibernation: Registered nosave memory: [mem 0x00000000-0x00000fff]
[    0.220398] PM: hibernation: Registered nosave memory: [mem 0x0009f000-0x0009ffff]
[    0.220401] PM: hibernation: Registered nosave memory: [mem 0x000a0000-0x000effff]
[    0.220403] PM: hibernation: Registered nosave memory: [mem 0x000f0000-0x000fffff]
[    0.220562] [mem 0x20000000-0xafffffff] available for PCI devices
[    0.220742] Booting paravirtualized kernel on KVM
[    0.221577] clocksource: refined-jiffies: mask: 0xffffffff max_cycles: 0xffffffff, max_idle_ns: 1910969940391419 ns
[    0.265269] setup_percpu: NR_CPUS:4 nr_cpumask_bits:4 nr_cpu_ids:4 nr_node_ids:1
[    0.313612] percpu: Embedded 58 pages/cpu s198480 r8192 d30896 u524288
[    0.313696] pcpu-alloc: s198480 r8192 d30896 u524288 alloc=1*2097152
[    0.313784] pcpu-alloc: [0] 0 1 2 3 
[    0.314293] kvm-guest: stealtime: cpu 0, msr 1f41bb40
[    0.316631] Built 1 zonelists, mobility grouping on.  Total pages: 128872
[    0.316636] Policy zone: DMA32
[    0.316779] Kernel command line: selinux=0 initcall_debug debug console=ttyS0 rcutorture.torture_type=tasks-tracing rcutorture.onoff_interval=1000 rcutorture.onoff_holdoff=30 rcutorture.n_barrier_cbs=4 rcutorture.stat_interval=15 rcutorture.shutdown_secs=1800 rcutorture.test_no_idle_hz=1 rcutorture.verbose=1
[    0.324881] Dentry cache hash table entries: 65536 (order: 7, 524288 bytes, linear)
[    0.324960] Inode-cache hash table entries: 32768 (order: 6, 262144 bytes, linear)
[    0.325682] mem auto-init: stack:all(zero), heap alloc:off, heap free:off
[    0.337434] Memory: 466312K/523764K available (16398K kernel code, 2805K rwdata, 4840K rodata, 1516K init, 13292K bss, 57192K reserved, 0K cma-reserved)
[    0.339584] SLUB: HWalign=64, Order=0-3, MinObjects=0, CPUs=4, Nodes=1
[    0.340938] Kernel/User page tables isolation: enabled
[    0.356436] Running RCU self tests
[    0.357240] rcu: Hierarchical RCU implementation.
[    0.357243] rcu: 	RCU event tracing is enabled.
[    0.357246] rcu: 	RCU lockdep checking is enabled.
[    0.357319] 	Trampoline variant of Tasks RCU enabled.
[    0.357321] 	Rude variant of Tasks RCU enabled.
[    0.357324] 	Tracing variant of Tasks RCU enabled.
[    0.357527] rcu: RCU calculated value of scheduler-enlistment delay is 100 jiffies.
[    0.377540] NR_IRQS: 4352, nr_irqs: 456, preallocated irqs: 16
[    0.382157] calling  con_init+0x0/0x24f @ 0
[    0.524542] Console: colour VGA+ 80x25
[    0.524687] initcall con_init+0x0/0x24f returned 0 after 0 usecs
[    0.524692] calling  hvc_console_init+0x0/0x13 @ 0
[    0.524733] initcall hvc_console_init+0x0/0x13 returned 0 after 0 usecs
[    0.524737] calling  univ8250_console_init+0x0/0x26 @ 0
[    1.456756] printk: console [ttyS0] enabled
[    1.462204] initcall univ8250_console_init+0x0/0x26 returned 0 after 0 usecs
[    1.469932] Lock dependency validator: Copyright (c) 2006 Red Hat, Inc., Ingo Molnar
[    1.478394] ... MAX_LOCKDEP_SUBCLASSES:  8
[    1.482859] ... MAX_LOCK_DEPTH:          48
[    1.487425] ... MAX_LOCKDEP_KEYS:        8192
[    1.492168] ... CLASSHASH_SIZE:          4096
[    1.496933] ... MAX_LOCKDEP_ENTRIES:     32768
[    1.501790] ... MAX_LOCKDEP_CHAINS:      65536
[    1.506669] ... CHAINHASH_SIZE:          32768
[    1.511519]  memory used by lock dependency info: 6365 kB
[    1.517357]  memory used for stack traces: 4224 kB
[    1.522494]  per task-struct memory footprint: 1920 bytes
[    1.531548] ACPI: Core revision 20200925
[    1.540387] clocksource: hpet: mask: 0xffffffff max_cycles: 0xffffffff, max_idle_ns: 19112604467 ns
[    1.553557] APIC: Switch to symmetric I/O mode setup
[    1.577176] ..TIMER: vector=0x30 apic1=0 pin1=2 apic2=-1 pin2=-1
[    1.585947] clocksource: tsc-early: mask: 0xffffffffffffffff max_cycles: 0x39a85afc727, max_idle_ns: 881590685098 ns
[    1.600466] Calibrating delay loop (skipped) preset value.. 3999.99 BogoMIPS (lpj=1999999)
[    1.601159] pid_max: default: 32768 minimum: 301
[    1.603677] LSM: Security Framework initializing
[    1.605781] Mount-cache hash table entries: 1024 (order: 1, 8192 bytes, linear)
[    1.606163] Mountpoint-cache hash table entries: 1024 (order: 1, 8192 bytes, linear)
[    1.618774] Last level iTLB entries: 4KB 0, 2MB 0, 4MB 0
[    1.619131] Last level dTLB entries: 4KB 0, 2MB 0, 4MB 0, 1GB 0
[    1.620254] Spectre V1 : Mitigation: usercopy/swapgs barriers and __user pointer sanitization
[    1.621135] Spectre V2 : Mitigation: Retpolines
[    1.623132] Spectre V2 : Spectre v2 / SpectreRSB mitigation: Filling RSB on context switch
[    1.624132] Spectre V2 : Spectre v2 / SpectreRSB : Filling RSB on VMEXIT
[    1.625131] Speculative Store Bypass: Vulnerable
[    1.626187] MDS: Vulnerable: Clear CPU buffers attempted, no microcode
[    1.627129] MMIO Stale Data: Unknown: No mitigations
[    1.688507] Freeing SMP alternatives memory: 40K
[    1.794124] smpboot: CPU0: Intel Common KVM processor (family: 0xf, model: 0x6, stepping: 0x1)
[    1.796251] calling  init_hw_perf_events+0x0/0x6ce @ 1
[    1.797197] Performance Events: unsupported Netburst CPU model 6 no PMU driver, software events only.
[    1.798139] initcall init_hw_perf_events+0x0/0x6ce returned 0 after 976 usecs
[    1.799137] calling  init_real_mode+0x0/0x1e9 @ 1
[    1.800666] initcall init_real_mode+0x0/0x1e9 returned 0 after 0 usecs
[    1.801135] calling  trace_init_perf_perm_irq_work_exit+0x0/0x12 @ 1
[    1.802151] initcall trace_init_perf_perm_irq_work_exit+0x0/0x12 returned 0 after 0 usecs
[    1.803182] calling  validate_x2apic+0x0/0x4a @ 1
[    1.804162] initcall validate_x2apic+0x0/0x4a returned 0 after 0 usecs
[    1.805135] calling  register_nmi_cpu_backtrace_handler+0x0/0x15 @ 1
[    1.806151] initcall register_nmi_cpu_backtrace_handler+0x0/0x15 returned 0 after 0 usecs
[    1.807133] calling  kvm_setup_vsyscall_timeinfo+0x0/0xd1 @ 1
[    1.808150] initcall kvm_setup_vsyscall_timeinfo+0x0/0xd1 returned 0 after 0 usecs
[    1.809146] calling  spawn_ksoftirqd+0x0/0x38 @ 1
[    1.810382] initcall spawn_ksoftirqd+0x0/0x38 returned 0 after 0 usecs
[    1.811136] calling  migration_init+0x0/0x33 @ 1
[    1.812133] initcall migration_init+0x0/0x33 returned 0 after 0 usecs
[    1.813133] calling  srcu_bootup_announce+0x0/0x2f @ 1
[    1.814130] rcu: Hierarchical SRCU implementation.
[    1.815194] initcall srcu_bootup_announce+0x0/0x2f returned 0 after 976 usecs
[    1.816142] calling  rcu_spawn_gp_kthread+0x0/0x1b0 @ 1
[    1.817268] initcall rcu_spawn_gp_kthread+0x0/0x1b0 returned 0 after 0 usecs
[    1.818135] calling  check_cpu_stall_init+0x0/0x1a @ 1
[    1.819136] initcall check_cpu_stall_init+0x0/0x1a returned 0 after 0 usecs
[    1.820133] calling  rcu_sysrq_init+0x0/0x21 @ 1
[    1.821133] initcall rcu_sysrq_init+0x0/0x21 returned 0 after 0 usecs
[    1.822133] calling  trace_init_flags_sys_enter+0x0/0xe @ 1
[    1.823132] initcall trace_init_flags_sys_enter+0x0/0xe returned 0 after 0 usecs
[    1.824137] calling  trace_init_flags_sys_exit+0x0/0xe @ 1
[    1.825132] initcall trace_init_flags_sys_exit+0x0/0xe returned 0 after 0 usecs
[    1.826133] calling  cpu_stop_init+0x0/0x8d @ 1
[    1.828189] initcall cpu_stop_init+0x0/0x8d returned 0 after 976 usecs
[    1.829391] calling  init_kprobes+0x0/0x16e @ 1
[    1.831573] initcall init_kprobes+0x0/0x16e returned 0 after 976 usecs
[    1.832134] calling  init_events+0x0/0x3d @ 1
[    1.834598] initcall init_events+0x0/0x3d returned 0 after 976 usecs
[    1.835133] calling  init_trace_printk+0x0/0xc @ 1
[    1.836134] initcall init_trace_printk+0x0/0xc returned 0 after 0 usecs
[    1.837133] calling  event_trace_enable_again+0x0/0x23 @ 1
[    1.838132] initcall event_trace_enable_again+0x0/0x23 returned 0 after 0 usecs
[    1.839133] calling  static_call_init+0x0/0x79 @ 1
[    1.840132] initcall static_call_init+0x0/0x79 returned 0 after 0 usecs
[    1.841133] calling  jump_label_init_module+0x0/0xc @ 1
[    1.842134] initcall jump_label_init_module+0x0/0xc returned 0 after 0 usecs
[    1.843133] calling  init_zero_pfn+0x0/0x37 @ 1
[    1.844133] initcall init_zero_pfn+0x0/0x37 returned 0 after 0 usecs
[    1.845133] calling  initialize_ptr_random+0x0/0x54 @ 1
[    1.846253] initcall initialize_ptr_random+0x0/0x54 returned 0 after 0 usecs
[    1.847168] calling  efi_memreserve_root_init+0x0/0x25 @ 1
[    1.848160] initcall efi_memreserve_root_init+0x0/0x25 returned 0 after 0 usecs
[    1.849132] calling  efi_earlycon_remap_fb+0x0/0x51 @ 1
[    1.850133] initcall efi_earlycon_remap_fb+0x0/0x51 returned 0 after 0 usecs
[    1.852741] smp: Bringing up secondary CPUs ...
[    1.854746] x86: Booting SMP configuration:
[    1.855132] .... node  #0, CPUs:      #1
[    1.214554] kvm-clock: cpu 1, msr 18523041, secondary cpu clock
[    1.882126] kvm-guest: stealtime: cpu 1, msr 1f49bb40
[    1.899137]  #2
[    1.214554] kvm-clock: cpu 2, msr 18523081, secondary cpu clock
[    1.921303] kvm-guest: stealtime: cpu 2, msr 1f51bb40
[    1.938142]  #3
[    1.214554] kvm-clock: cpu 3, msr 185230c1, secondary cpu clock
[    1.960347] kvm-guest: stealtime: cpu 3, msr 1f59bb40
[    1.976842] smp: Brought up 1 node, 4 CPUs
[    1.977133] smpboot: Max logical packages: 1
[    1.978132] smpboot: Total of 4 processors activated (15999.99 BogoMIPS)
[    1.995302] devtmpfs: initialized
[    1.999496] calling  ipc_ns_init+0x0/0x3d @ 1
[    2.001200] initcall ipc_ns_init+0x0/0x3d returned 0 after 976 usecs
[    2.002141] calling  init_mmap_min_addr+0x0/0x21 @ 1
[    2.003140] initcall init_mmap_min_addr+0x0/0x21 returned 0 after 0 usecs
[    2.004140] calling  pci_realloc_setup_params+0x0/0x3f @ 1
[    2.005141] initcall pci_realloc_setup_params+0x0/0x3f returned 0 after 0 usecs
[    2.006136] calling  net_ns_init+0x0/0x12a @ 1
[    2.008628] initcall net_ns_init+0x0/0x12a returned 0 after 976 usecs
[    2.009153] calling  e820__register_nvs_regions+0x0/0x37 @ 1
[    2.010136] initcall e820__register_nvs_regions+0x0/0x37 returned 0 after 0 usecs
[    2.011134] calling  cpufreq_register_tsc_scaling+0x0/0x2e @ 1
[    2.012135] initcall cpufreq_register_tsc_scaling+0x0/0x2e returned 0 after 0 usecs
[    2.013135] calling  reboot_init+0x0/0x3c @ 1
[    2.014221] initcall reboot_init+0x0/0x3c returned 0 after 0 usecs
[    2.015135] calling  init_lapic_sysfs+0x0/0x20 @ 1
[    2.016150] initcall init_lapic_sysfs+0x0/0x20 returned 0 after 0 usecs
[    2.017141] calling  alloc_frozen_cpus+0x0/0x7 @ 1
[    2.018142] initcall alloc_frozen_cpus+0x0/0x7 returned 0 after 0 usecs
[    2.019141] calling  cpu_hotplug_pm_sync_init+0x0/0x13 @ 1
[    2.020170] initcall cpu_hotplug_pm_sync_init+0x0/0x13 returned 0 after 0 usecs
[    2.021138] calling  wq_sysfs_init+0x0/0x2a @ 1
[    2.022214] initcall wq_sysfs_init+0x0/0x2a returned 0 after 0 usecs
[    2.023137] calling  ksysfs_init+0x0/0x92 @ 1
[    2.024172] initcall ksysfs_init+0x0/0x92 returned 0 after 0 usecs
[    2.025135] calling  schedutil_gov_init+0x0/0xc @ 1
[    2.026233] initcall schedutil_gov_init+0x0/0xc returned 0 after 0 usecs
[    2.027135] calling  pm_init+0x0/0x76 @ 1
[    2.029182] initcall pm_init+0x0/0x76 returned 0 after 976 usecs
[    2.030134] calling  pm_disk_init+0x0/0x13 @ 1
[    2.031147] initcall pm_disk_init+0x0/0x13 returned 0 after 0 usecs
[    2.032133] calling  swsusp_header_init+0x0/0x2b @ 1
[    2.033137] initcall swsusp_header_init+0x0/0x2b returned 0 after 0 usecs
[    2.034135] calling  rcu_set_runtime_mode+0x0/0x2a @ 1
[    2.037185] initcall rcu_set_runtime_mode+0x0/0x2a returned 0 after 1953 usecs
[    2.038136] calling  init_jiffies_clocksource+0x0/0x13 @ 1
[    2.039134] clocksource: jiffies: mask: 0xffffffff max_cycles: 0xffffffff, max_idle_ns: 1911260446275000 ns
[    2.040137] initcall init_jiffies_clocksource+0x0/0x13 returned 0 after 976 usecs
[    2.041135] calling  futex_init+0x0/0x11b @ 1
[    2.042139] futex hash table entries: 1024 (order: 5, 131072 bytes, linear)
[    2.043514] initcall futex_init+0x0/0x11b returned 0 after 976 usecs
[    2.044137] calling  cgroup_wq_init+0x0/0x28 @ 1
[    2.045171] initcall cgroup_wq_init+0x0/0x28 returned 0 after 0 usecs
[    2.046136] calling  cgroup1_wq_init+0x0/0x28 @ 1
[    2.047160] initcall cgroup1_wq_init+0x0/0x28 returned 0 after 0 usecs
[    2.048134] calling  init_kprobe_trace_early+0x0/0x2a @ 1
[    2.049265] initcall init_kprobe_trace_early+0x0/0x2a returned 0 after 0 usecs
[    2.050154] calling  fsnotify_init+0x0/0x56 @ 1
[    2.051165] initcall fsnotify_init+0x0/0x56 returned 0 after 0 usecs
[    2.052134] calling  filelock_init+0x0/0xb3 @ 1
[    2.053190] initcall filelock_init+0x0/0xb3 returned 0 after 0 usecs
[    2.054133] calling  init_misc_binfmt+0x0/0x2c @ 1
[    2.055206] initcall init_misc_binfmt+0x0/0x2c returned 0 after 0 usecs
[    2.056138] calling  init_script_binfmt+0x0/0x15 @ 1
[    2.057140] initcall init_script_binfmt+0x0/0x15 returned 0 after 0 usecs
[    2.058139] calling  init_elf_binfmt+0x0/0x15 @ 1
[    2.059136] initcall init_elf_binfmt+0x0/0x15 returned 0 after 0 usecs
[    2.060137] calling  init_compat_elf_binfmt+0x0/0x15 @ 1
[    2.061135] initcall init_compat_elf_binfmt+0x0/0x15 returned 0 after 0 usecs
[    2.062135] calling  debugfs_init+0x0/0x5c @ 1
[    2.063146] initcall debugfs_init+0x0/0x5c returned 0 after 0 usecs
[    2.064134] calling  tracefs_init+0x0/0x3a @ 1
[    2.065142] initcall tracefs_init+0x0/0x3a returned 0 after 0 usecs
[    2.067132] calling  prandom_init_early+0x0/0x15d @ 1
[    2.068134] initcall prandom_init_early+0x0/0x15d returned 0 after 0 usecs
[    2.069165] calling  virtio_init+0x0/0x20 @ 1
[    2.070245] initcall virtio_init+0x0/0x20 returned 0 after 0 usecs
[    2.071139] calling  iommu_init+0x0/0x2a @ 1
[    2.072184] initcall iommu_init+0x0/0x2a returned 0 after 0 usecs
[    2.073137] calling  component_debug_init+0x0/0x1c @ 1
[    2.074429] initcall component_debug_init+0x0/0x1c returned 0 after 0 usecs
[    2.075134] calling  early_resume_init+0x0/0xb9 @ 1
[    2.076746] PM: RTC time: 06:38:14, date: 2022-12-13
[    2.077148] initcall early_resume_init+0x0/0xb9 returned 0 after 976 usecs
[    2.078135] calling  cpufreq_core_init+0x0/0x62 @ 1
[    2.079146] initcall cpufreq_core_init+0x0/0x62 returned 0 after 0 usecs
[    2.080137] calling  cpufreq_gov_performance_init+0x0/0xc @ 1
[    2.081136] initcall cpufreq_gov_performance_init+0x0/0xc returned 0 after 0 usecs
[    2.082136] calling  cpufreq_gov_userspace_init+0x0/0xc @ 1
[    2.083153] initcall cpufreq_gov_userspace_init+0x0/0xc returned 0 after 0 usecs
[    2.084135] calling  CPU_FREQ_GOV_ONDEMAND_init+0x0/0xc @ 1
[    2.085137] initcall CPU_FREQ_GOV_ONDEMAND_init+0x0/0xc returned 0 after 0 usecs
[    2.086135] calling  cpuidle_init+0x0/0x1f @ 1
[    2.087172] initcall cpuidle_init+0x0/0x1f returned 0 after 0 usecs
[    2.088135] calling  capsule_reboot_register+0x0/0xc @ 1
[    2.089192] initcall capsule_reboot_register+0x0/0xc returned 0 after 0 usecs
[    2.090136] calling  sock_init+0x0/0x93 @ 1
[    2.093987] initcall sock_init+0x0/0x93 returned 0 after 1953 usecs
[    2.094135] calling  net_inuse_init+0x0/0x23 @ 1
[    2.095178] initcall net_inuse_init+0x0/0x23 returned 0 after 0 usecs
[    2.096136] calling  net_defaults_init+0x0/0x23 @ 1
[    2.097135] initcall net_defaults_init+0x0/0x23 returned 0 after 0 usecs
[    2.098134] calling  init_default_flow_dissectors+0x0/0x4f @ 1
[    2.099224] initcall init_default_flow_dissectors+0x0/0x4f returned 0 after 0 usecs
[    2.100152] calling  netpoll_init+0x0/0x44 @ 1
[    2.101135] initcall netpoll_init+0x0/0x44 returned 0 after 0 usecs
[    2.102136] calling  netlink_proto_init+0x0/0x154 @ 1
[    2.104485] NET: Registered protocol family 16
[    2.106146] initcall netlink_proto_init+0x0/0x154 returned 0 after 2929 usecs
[    2.107135] calling  genl_init+0x0/0x35 @ 1
[    2.108236] initcall genl_init+0x0/0x35 returned 0 after 0 usecs
[    2.109168] calling  bsp_pm_check_init+0x0/0x13 @ 1
[    2.111141] initcall bsp_pm_check_init+0x0/0x13 returned 0 after 0 usecs
[    2.112153] calling  irq_sysfs_init+0x0/0xb9 @ 1
[    2.114325] initcall irq_sysfs_init+0x0/0xb9 returned 0 after 976 usecs
[    2.115135] calling  audit_init+0x0/0x127 @ 1
[    2.116139] audit: initializing netlink subsys (disabled)
[    2.118433] initcall audit_init+0x0/0x127 returned 0 after 1953 usecs
[    2.118429] audit: type=2000 audit(1670913492.649:1): state=initialized audit_enabled=0 res=1
[    2.119136] calling  release_early_probes+0x0/0x32 @ 1
[    2.119148] initcall release_early_probes+0x0/0x32 returned 0 after 0 usecs
[    2.123140] calling  bdi_class_init+0x0/0x48 @ 1
[    2.125202] initcall bdi_class_init+0x0/0x48 returned 0 after 976 usecs
[    2.126139] calling  mm_sysfs_init+0x0/0x28 @ 1
[    2.127148] initcall mm_sysfs_init+0x0/0x28 returned 0 after 0 usecs
[    2.128152] calling  init_per_zone_wmark_min+0x0/0x6d @ 1
[    2.129181] initcall init_per_zone_wmark_min+0x0/0x6d returned 0 after 0 usecs
[    2.130137] calling  mpi_init+0x0/0x3e @ 1
[    2.131176] initcall mpi_init+0x0/0x3e returned 0 after 0 usecs
[    2.132149] calling  kobject_uevent_init+0x0/0xc @ 1
[    2.133180] initcall kobject_uevent_init+0x0/0xc returned 0 after 0 usecs
[    2.135133] calling  pcibus_class_init+0x0/0x13 @ 1
[    2.136213] initcall pcibus_class_init+0x0/0x13 returned 0 after 0 usecs
[    2.138135] calling  pci_driver_init+0x0/0x21 @ 1
[    2.140174] initcall pci_driver_init+0x0/0x21 returned 0 after 976 usecs
[    2.141132] calling  backlight_class_init+0x0/0xa8 @ 1
[    2.142147] initcall backlight_class_init+0x0/0xa8 returned 0 after 0 usecs
[    2.143140] calling  tty_class_init+0x0/0x33 @ 1
[    2.144166] initcall tty_class_init+0x0/0x33 returned 0 after 0 usecs
[    2.145137] calling  vtconsole_class_init+0x0/0xb5 @ 1
[    2.146385] initcall vtconsole_class_init+0x0/0xb5 returned 0 after 0 usecs
[    2.147138] calling  iommu_dev_init+0x0/0x13 @ 1
[    2.148199] initcall iommu_dev_init+0x0/0x13 returned 0 after 0 usecs
[    2.149135] calling  mipi_dsi_bus_init+0x0/0xc @ 1
[    2.150389] initcall mipi_dsi_bus_init+0x0/0xc returned 0 after 0 usecs
[    2.151136] calling  devlink_class_init+0x0/0x40 @ 1
[    2.152253] initcall devlink_class_init+0x0/0x40 returned 0 after 0 usecs
[    2.153135] calling  software_node_init+0x0/0x2a @ 1
[    2.154145] initcall software_node_init+0x0/0x2a returned 0 after 0 usecs
[    2.155135] calling  wakeup_sources_debugfs_init+0x0/0x23 @ 1
[    2.156171] initcall wakeup_sources_debugfs_init+0x0/0x23 returned 0 after 0 usecs
[    2.157134] calling  wakeup_sources_sysfs_init+0x0/0x2c @ 1
[    2.158164] initcall wakeup_sources_sysfs_init+0x0/0x2c returned 0 after 0 usecs
[    2.159138] calling  register_node_type+0x0/0x13 @ 1
[    2.160224] initcall register_node_type+0x0/0x13 returned 0 after 0 usecs
[    2.161135] calling  regmap_initcall+0x0/0xc @ 1
[    2.162271] initcall regmap_initcall+0x0/0xc returned 0 after 0 usecs
[    2.163136] calling  i2c_init+0x0/0xb3 @ 1
[    2.164374] initcall i2c_init+0x0/0xb3 returned 0 after 0 usecs
[    2.165135] calling  thermal_init+0x0/0x116 @ 1
[    2.166238] thermal_sys: Registered thermal governor 'step_wise'
[    2.166241] thermal_sys: Registered thermal governor 'user_space'
[    2.167203] initcall thermal_init+0x0/0x116 returned 0 after 976 usecs
[    2.169141] calling  init_menu+0x0/0xc @ 1
[    2.170315] cpuidle: using governor menu
[    2.171141] initcall init_menu+0x0/0xc returned 0 after 976 usecs
[    2.172140] calling  pcc_init+0x0/0x4d @ 1
[    2.173142] initcall pcc_init+0x0/0x4d returned -19 after 0 usecs
[    2.174140] calling  amd_postcore_init+0x0/0x11e @ 1
[    2.175137] initcall amd_postcore_init+0x0/0x11e returned 0 after 0 usecs
[    2.176151] calling  bts_init+0x0/0xba @ 1
[    2.177135] initcall bts_init+0x0/0xba returned -19 after 0 usecs
[    2.178135] calling  pt_init+0x0/0x34d @ 1
[    2.179136] initcall pt_init+0x0/0x34d returned -19 after 0 usecs
[    2.180137] calling  boot_params_ksysfs_init+0x0/0x2ee @ 1
[    2.181578] initcall boot_params_ksysfs_init+0x0/0x2ee returned 0 after 0 usecs
[    2.182138] calling  sbf_init+0x0/0xea @ 1
[    2.183140] initcall sbf_init+0x0/0xea returned 0 after 0 usecs
[    2.185144] calling  arch_kdebugfs_init+0x0/0x219 @ 1
[    2.186191] initcall arch_kdebugfs_init+0x0/0x219 returned 0 after 0 usecs
[    2.187137] calling  intel_pconfig_init+0x0/0x85 @ 1
[    2.188138] initcall intel_pconfig_init+0x0/0x85 returned 0 after 0 usecs
[    2.189139] calling  mtrr_if_init+0x0/0x5d @ 1
[    2.190149] initcall mtrr_if_init+0x0/0x5d returned 0 after 0 usecs
[    2.191139] calling  activate_jump_labels+0x0/0x31 @ 1
[    2.192187] initcall activate_jump_labels+0x0/0x31 returned 0 after 0 usecs
[    2.193137] calling  ffh_cstate_init+0x0/0x29 @ 1
[    2.194140] initcall ffh_cstate_init+0x0/0x29 returned 0 after 0 usecs
[    2.195136] calling  activate_jump_labels+0x0/0x31 @ 1
[    2.197871] initcall activate_jump_labels+0x0/0x31 returned 0 after 976 usecs
[    2.198172] calling  kvm_alloc_cpumask+0x0/0x74 @ 1
[    2.200184] initcall kvm_alloc_cpumask+0x0/0x74 returned 0 after 0 usecs
[    2.201135] calling  kcmp_cookies_init+0x0/0x37 @ 1
[    2.202141] initcall kcmp_cookies_init+0x0/0x37 returned 0 after 0 usecs
[    2.203138] calling  cryptomgr_init+0x0/0xc @ 1
[    2.204232] initcall cryptomgr_init+0x0/0xc returned 0 after 0 usecs
[    2.205133] calling  acpi_pci_init+0x0/0x57 @ 1
[    2.206170] ACPI: bus type PCI registered
[    2.207178] initcall acpi_pci_init+0x0/0x57 returned 0 after 976 usecs
[    2.208135] calling  dma_channel_table_init+0x0/0xd1 @ 1
[    2.209149] initcall dma_channel_table_init+0x0/0xd1 returned 0 after 0 usecs
[    2.210135] calling  dma_bus_init+0x0/0xdc @ 1
[    2.211222] initcall dma_bus_init+0x0/0xdc returned 0 after 0 usecs
[    2.212245] calling  iommu_dma_init+0x0/0x10 @ 1
[    2.214257] initcall iommu_dma_init+0x0/0x10 returned 0 after 0 usecs
[    2.215134] calling  dmi_id_init+0x0/0x37c @ 1
[    2.216434] initcall dmi_id_init+0x0/0x37c returned 0 after 0 usecs
[    2.217137] calling  pci_arch_init+0x0/0x71 @ 1
[    2.219476] PCI: MMCONFIG for domain 0000 [bus 00-ff] at [mem 0xb0000000-0xbfffffff] (base 0xb0000000)
[    2.220138] PCI: MMCONFIG at [mem 0xb0000000-0xbfffffff] reserved in E820
[    2.221238] PCI: Using configuration type 1 for base access
[    2.222177] initcall pci_arch_init+0x0/0x71 returned 0 after 3906 usecs
[    2.223153] calling  init_vdso+0x0/0x13 @ 1
[    2.224155] initcall init_vdso+0x0/0x13 returned 0 after 0 usecs
[    2.225133] calling  sysenter_setup+0x0/0x13 @ 1
[    2.226144] initcall sysenter_setup+0x0/0x13 returned 0 after 0 usecs
[    2.227134] calling  fixup_ht_bug+0x0/0xe5 @ 1
[    2.228134] initcall fixup_ht_bug+0x0/0xe5 returned 0 after 0 usecs
[    2.229133] calling  topology_init+0x0/0x88 @ 1
[    2.231599] initcall topology_init+0x0/0x88 returned 0 after 0 usecs
[    2.232135] calling  intel_epb_init+0x0/0x68 @ 1
[    2.233134] initcall intel_epb_init+0x0/0x68 returned -19 after 0 usecs
[    2.234134] calling  mtrr_init_finialize+0x0/0x3e @ 1
[    2.235134] initcall mtrr_init_finialize+0x0/0x3e returned 0 after 0 usecs
[    2.236135] calling  uid_cache_init+0x0/0x85 @ 1
[    2.238131] initcall uid_cache_init+0x0/0x85 returned 0 after 976 usecs
[    2.239137] calling  param_sysfs_init+0x0/0x1ba @ 1
[    2.252043] initcall param_sysfs_init+0x0/0x1ba returned 0 after 10742 usecs
[    2.252136] calling  user_namespace_sysctl_init+0x0/0x33 @ 1
[    2.253147] initcall user_namespace_sysctl_init+0x0/0x33 returned 0 after 0 usecs
[    2.254139] calling  proc_schedstat_init+0x0/0x24 @ 1
[    2.255147] initcall proc_schedstat_init+0x0/0x24 returned 0 after 0 usecs
[    2.256139] calling  pm_sysrq_init+0x0/0x18 @ 1
[    2.257466] initcall pm_sysrq_init+0x0/0x18 returned 0 after 0 usecs
[    2.258406] calling  create_proc_profile+0x0/0xd0 @ 1
[    2.260148] initcall create_proc_profile+0x0/0xd0 returned 0 after 0 usecs
[    2.261134] calling  time_ns_init+0x0/0x7 @ 1
[    2.262134] initcall time_ns_init+0x0/0x7 returned 0 after 0 usecs
[    2.263134] calling  crash_save_vmcoreinfo_init+0x0/0x722 @ 1
[    2.264264] initcall crash_save_vmcoreinfo_init+0x0/0x722 returned 0 after 0 usecs
[    2.266133] calling  crash_notes_memory_init+0x0/0x35 @ 1
[    2.267139] initcall crash_notes_memory_init+0x0/0x35 returned 0 after 0 usecs
[    2.268133] calling  cgroup_sysfs_init+0x0/0x13 @ 1
[    2.269165] initcall cgroup_sysfs_init+0x0/0x13 returned 0 after 0 usecs
[    2.270176] calling  cgroup_namespaces_init+0x0/0x7 @ 1
[    2.271138] initcall cgroup_namespaces_init+0x0/0x7 returned 0 after 0 usecs
[    2.272138] calling  init_optprobes+0x0/0x13 @ 1
[    2.273193] Kprobes globally optimized
[    2.274138] initcall init_optprobes+0x0/0x13 returned 0 after 976 usecs
[    2.275136] calling  oom_init+0x0/0x2f @ 1
[    2.277340] initcall oom_init+0x0/0x2f returned 0 after 976 usecs
[    2.278204] calling  default_bdi_init+0x0/0xb3 @ 1
[    2.280391] initcall default_bdi_init+0x0/0xb3 returned 0 after 976 usecs
[    2.281135] calling  percpu_enable_async+0x0/0xe @ 1
[    2.282133] initcall percpu_enable_async+0x0/0xe returned 0 after 0 usecs
[    2.283134] calling  kcompactd_init+0x0/0x8d @ 1
[    2.285289] initcall kcompactd_init+0x0/0x8d returned 0 after 976 usecs
[    2.286180] calling  init_user_reserve+0x0/0x40 @ 1
[    2.287134] initcall init_user_reserve+0x0/0x40 returned 0 after 0 usecs
[    2.288134] calling  init_admin_reserve+0x0/0x40 @ 1
[    2.289135] initcall init_admin_reserve+0x0/0x40 returned 0 after 0 usecs
[    2.290134] calling  init_reserve_notifier+0x0/0x7 @ 1
[    2.291133] initcall init_reserve_notifier+0x0/0x7 returned 0 after 0 usecs
[    2.293140] calling  swap_init_sysfs+0x0/0x62 @ 1
[    2.294147] initcall swap_init_sysfs+0x0/0x62 returned 0 after 0 usecs
[    2.295154] calling  swapfile_init+0x0/0x94 @ 1
[    2.296166] initcall swapfile_init+0x0/0x94 returned 0 after 0 usecs
[    2.297132] calling  hugetlb_init+0x0/0x4a1 @ 1
[    2.298135] HugeTLB registered 2.00 MiB page size, pre-allocated 0 pages
[    2.299250] initcall hugetlb_init+0x0/0x4a1 returned 0 after 976 usecs
[    2.300133] calling  io_wq_init+0x0/0x34 @ 1
[    2.301134] initcall io_wq_init+0x0/0x34 returned 0 after 0 usecs
[    2.302136] calling  seqiv_module_init+0x0/0xc @ 1
[    2.303381] initcall seqiv_module_init+0x0/0xc returned 0 after 0 usecs
[    2.304140] calling  echainiv_module_init+0x0/0xc @ 1
[    2.305142] initcall echainiv_module_init+0x0/0xc returned 0 after 0 usecs
[    2.306202] calling  rsa_init+0x0/0x50 @ 1
[    2.308337] initcall rsa_init+0x0/0x50 returned 0 after 976 usecs
[    2.308654] cryptomgr_test (39) used greatest stack depth: 14848 bytes left
[    2.309138] calling  crypto_cmac_module_init+0x0/0xc @ 1
[    2.309143] initcall crypto_cmac_module_init+0x0/0xc returned 0 after 0 usecs
[    2.309146] calling  hmac_module_init+0x0/0xc @ 1
[    2.309149] initcall hmac_module_init+0x0/0xc returned 0 after 0 usecs
[    2.309151] calling  crypto_null_mod_init+0x0/0x65 @ 1
[    2.357147] initcall crypto_null_mod_init+0x0/0x65 returned 0 after 46875 usecs
[    2.366147] calling  md5_mod_init+0x0/0xc @ 1
[    2.373148] initcall md5_mod_init+0x0/0xc returned 0 after 1953 usecs
[    2.382159] calling  sha256_generic_mod_init+0x0/0x11 @ 1
[    2.394408] initcall sha256_generic_mod_init+0x0/0x11 returned 0 after 3906 usecs
[    2.403140] calling  crypto_cbc_module_init+0x0/0xc @ 1
[    2.408320] initcall crypto_cbc_module_init+0x0/0xc returned 0 after 0 usecs
[    2.417144] calling  crypto_ctr_module_init+0x0/0x11 @ 1
[    2.424143] initcall crypto_ctr_module_init+0x0/0x11 returned 0 after 0 usecs
[    2.434138] calling  crypto_gcm_module_init+0x0/0x64 @ 1
[    2.439203] initcall crypto_gcm_module_init+0x0/0x64 returned 0 after 0 usecs
[    2.449138] calling  crypto_ccm_module_init+0x0/0x11 @ 1
[    2.456145] initcall crypto_ccm_module_init+0x0/0x11 returned 0 after 0 usecs
[    2.465199] calling  aes_init+0x0/0xc @ 1
[    2.473300] initcall aes_init+0x0/0xc returned 0 after 2929 usecs
[    2.483143] calling  crc32c_mod_init+0x0/0xc @ 1
[    2.495452] initcall crc32c_mod_init+0x0/0xc returned 0 after 6835 usecs
[    2.506331] calling  crypto_authenc_module_init+0x0/0xc @ 1
[    2.515142] initcall crypto_authenc_module_init+0x0/0xc returned 0 after 0 usecs
[    2.527132] calling  crypto_authenc_esn_module_init+0x0/0xc @ 1
[    2.536133] initcall crypto_authenc_esn_module_init+0x0/0xc returned 0 after 0 usecs
[    2.548144] calling  drbg_init+0x0/0x7c @ 1
[    2.595666] initcall drbg_init+0x0/0x7c returned 0 after 41992 usecs
[    2.604146] calling  ghash_mod_init+0x0/0xc @ 1
[    2.616648] initcall ghash_mod_init+0x0/0xc returned 0 after 7812 usecs
[    2.624141] calling  init_bio+0x0/0x9a @ 1
[    2.631293] initcall init_bio+0x0/0x9a returned 0 after 976 usecs
[    2.639135] calling  blk_settings_init+0x0/0x29 @ 1
[    2.645147] initcall blk_settings_init+0x0/0x29 returned 0 after 0 usecs
[    2.652141] calling  blk_ioc_init+0x0/0x29 @ 1
[    2.658146] initcall blk_ioc_init+0x0/0x29 returned 0 after 0 usecs
[    2.666134] calling  blk_mq_init+0x0/0xb9 @ 1
[    2.671140] initcall blk_mq_init+0x0/0xb9 returned 0 after 0 usecs
[    2.679138] calling  genhd_device_init+0x0/0x75 @ 1
[    2.689067] initcall genhd_device_init+0x0/0x75 returned 0 after 3906 usecs
[    2.697163] calling  pci_slot_init+0x0/0x40 @ 1
[    2.703150] initcall pci_slot_init+0x0/0x40 returned 0 after 0 usecs
[    2.711139] calling  fbmem_init+0x0/0xd8 @ 1
[    2.716351] initcall fbmem_init+0x0/0xd8 returned 0 after 0 usecs
[    2.725141] calling  acpi_init+0x0/0x319 @ 1
[    2.731259] ACPI: Added _OSI(Module Device)
[    2.738143] ACPI: Added _OSI(Processor Device)
[    2.744137] ACPI: Added _OSI(3.0 _SCP Extensions)
[    2.750134] ACPI: Added _OSI(Processor Aggregator Device)
[    2.757135] ACPI: Added _OSI(Linux-Dell-Video)
[    2.762132] ACPI: Added _OSI(Linux-Lenovo-NV-HDMI-Audio)
[    2.768133] ACPI: Added _OSI(Linux-HPI-Hybrid-Graphics)
[    2.777415] ACPI: 1 ACPI AML tables successfully acquired and loaded
[    2.789964] ACPI: Interpreter enabled
[    2.794268] ACPI: (supports S0 S3 S4 S5)
[    2.799132] ACPI: Using IOAPIC for interrupt routing
[    2.805252] PCI: Using host bridge windows from ACPI; if necessary, use "pci=nocrs" and report a bug
[    2.815989] ACPI: Enabled 2 GPEs in block 00 to 3F
[    2.831355] ACPI: PCI Root Bridge [PCI0] (domain 0000 [bus 00-ff])
[    2.838142] acpi PNP0A08:00: _OSC: OS supports [ExtendedConfig ASPM ClockPM Segments MSI HPX-Type3]
[    2.848833] acpi PNP0A08:00: _OSC: platform does not support [LTR]
[    2.857373] acpi PNP0A08:00: _OSC: OS now controls [PME PCIeCapability]
[    2.865550] PCI host bridge to bus 0000:00
[    2.871137] pci_bus 0000:00: root bus resource [io  0x0000-0x0cf7 window]
[    2.879135] pci_bus 0000:00: root bus resource [io  0x0d00-0xffff window]
[    2.886133] pci_bus 0000:00: root bus resource [mem 0x000a0000-0x000bffff window]
[    2.894131] pci_bus 0000:00: root bus resource [mem 0x20000000-0xafffffff window]
[    2.902135] pci_bus 0000:00: root bus resource [mem 0xc0000000-0xfebfffff window]
[    2.912132] pci_bus 0000:00: root bus resource [mem 0x100000000-0x8ffffffff window]
[    2.921134] pci_bus 0000:00: root bus resource [bus 00-ff]
[    2.928892] pci 0000:00:00.0: calling  quirk_mmio_always_on+0x0/0x10 @ 1
[    2.937176] pci 0000:00:00.0: quirk_mmio_always_on+0x0/0x10 took 0 usecs
[    2.943135] pci 0000:00:00.0: [8086:29c0] type 00 class 0x060000
[    2.954335] pci 0000:00:00.0: calling  quirk_igfx_skip_te_disable+0x0/0x80 @ 1
[    2.963138] pci 0000:00:00.0: quirk_igfx_skip_te_disable+0x0/0x80 took 0 usecs
[    2.973869] pci 0000:00:01.0: [1234:1111] type 00 class 0x030000
[    2.987943] pci 0000:00:01.0: reg 0x10: [mem 0xfd000000-0xfdffffff pref]
[    3.009761] pci 0000:00:01.0: reg 0x18: [mem 0xfebf0000-0xfebf0fff]
[    3.037810] pci 0000:00:01.0: reg 0x30: [mem 0xfebe0000-0xfebeffff pref]
[    3.049124] pci 0000:00:01.0: calling  efifb_fixup_resources+0x0/0xf0 @ 1
[    3.057212] pci 0000:00:01.0: efifb_fixup_resources+0x0/0xf0 took 0 usecs
[    3.074240] pci 0000:00:1f.0: [8086:2918] type 00 class 0x060100
[    3.087208] pci 0000:00:1f.0: calling  quirk_ich7_lpc+0x0/0x60 @ 1
[    3.095181] pci 0000:00:1f.0: quirk: [io  0x0600-0x067f] claimed by ICH6 ACPI/GPIO/TCO
[    3.105483] pci 0000:00:1f.0: quirk_ich7_lpc+0x0/0x60 took 9765 usecs
[    3.113218] pci 0000:00:1f.0: calling  quirk_igfx_skip_te_disable+0x0/0x80 @ 1
[    3.118254] pci 0000:00:1f.0: quirk_igfx_skip_te_disable+0x0/0x80 took 976 usecs
[    3.128696] pci 0000:00:1f.2: [8086:2922] type 00 class 0x010601
[    3.146027] pci 0000:00:1f.2: reg 0x20: [io  0xc040-0xc05f]
[    3.149135] pci 0000:00:1f.2: reg 0x24: [mem 0xfebf1000-0xfebf1fff]
[    3.158330] pci 0000:00:1f.2: calling  quirk_igfx_skip_te_disable+0x0/0x80 @ 1
[    3.167140] pci 0000:00:1f.2: quirk_igfx_skip_te_disable+0x0/0x80 took 0 usecs
[    3.180397] pci 0000:00:1f.3: [8086:2930] type 00 class 0x0c0500
[    3.192444] pci 0000:00:1f.3: reg 0x20: [io  0x0700-0x073f]
[    3.200161] pci 0000:00:1f.3: calling  quirk_igfx_skip_te_disable+0x0/0x80 @ 1
[    3.208143] pci 0000:00:1f.3: quirk_igfx_skip_te_disable+0x0/0x80 took 0 usecs
[    3.222683] ACPI: PCI Interrupt Link [LNKA] (IRQs 5 *10 11)
[    3.231131] ACPI: PCI Interrupt Link [LNKB] (IRQs 5 *10 11)
[    3.237460] ACPI: PCI Interrupt Link [LNKC] (IRQs 5 10 *11)
[    3.244190] ACPI: PCI Interrupt Link [LNKD] (IRQs 5 10 *11)
[    3.252686] ACPI: PCI Interrupt Link [LNKE] (IRQs 5 *10 11)
[    3.260784] ACPI: PCI Interrupt Link [LNKF] (IRQs 5 *10 11)
[    3.268696] ACPI: PCI Interrupt Link [LNKG] (IRQs 5 10 *11)
[    3.277680] ACPI: PCI Interrupt Link [LNKH] (IRQs 5 10 *11)
[    3.285291] ACPI: PCI Interrupt Link [GSIA] (IRQs *16)
[    3.292167] ACPI: PCI Interrupt Link [GSIB] (IRQs *17)
[    3.302182] ACPI: PCI Interrupt Link [GSIC] (IRQs *18)
[    3.307172] ACPI: PCI Interrupt Link [GSID] (IRQs *19)
[    3.313178] ACPI: PCI Interrupt Link [GSIE] (IRQs *20)
[    3.319234] ACPI: PCI Interrupt Link [GSIF] (IRQs *21)
[    3.326165] ACPI: PCI Interrupt Link [GSIG] (IRQs *22)
[    3.332165] ACPI: PCI Interrupt Link [GSIH] (IRQs *23)
[    3.342131] initcall acpi_init+0x0/0x319 returned 0 after 596679 usecs
[    3.349212] calling  pnp_init+0x0/0xc @ 1
[    3.354251] initcall pnp_init+0x0/0xc returned 0 after 0 usecs
[    3.361146] calling  misc_init+0x0/0xbf @ 1
[    3.366504] initcall misc_init+0x0/0xbf returned 0 after 976 usecs
[    3.374137] calling  iommu_subsys_init+0x0/0x4e @ 1
[    3.380220] iommu: Default domain type: Translated 
[    3.386137] initcall iommu_subsys_init+0x0/0x4e returned 0 after 5859 usecs
[    3.394137] calling  vga_arb_device_init+0x0/0x261 @ 1
[    3.404459] pci 0000:00:01.0: vgaarb: setting as boot VGA device
[    3.405124] pci 0000:00:01.0: vgaarb: VGA device added: decodes=io+mem,owns=io+mem,locks=none
[    3.421140] pci 0000:00:01.0: vgaarb: bridge control possible
[    3.428133] vgaarb: loaded
[    3.431138] initcall vga_arb_device_init+0x0/0x261 returned 0 after 30273 usecs
[    3.440209] calling  cn_init+0x0/0xf0 @ 1
[    3.446196] initcall cn_init+0x0/0xf0 returned 0 after 976 usecs
[    3.453137] calling  dma_buf_init+0x0/0xad @ 1
[    3.459298] initcall dma_buf_init+0x0/0xad returned 0 after 976 usecs
[    3.467134] calling  dma_resv_lockdep+0x0/0x281 @ 1
[    3.473455] initcall dma_resv_lockdep+0x0/0x281 returned 0 after 0 usecs
[    3.481135] calling  init_scsi+0x0/0x79 @ 1
[    3.486678] SCSI subsystem initialized
[    3.491137] initcall init_scsi+0x0/0x79 returned 0 after 4882 usecs
[    3.499134] calling  ata_init+0x0/0x332 @ 1
[    3.506845] libata version 3.00 loaded.
[    3.511135] initcall ata_init+0x0/0x332 returned 0 after 6835 usecs
[    3.519137] calling  phy_init+0x0/0x250 @ 1
[    3.524447] initcall phy_init+0x0/0x250 returned 0 after 0 usecs
[    3.532137] calling  init_pcmcia_cs+0x0/0x35 @ 1
[    3.537212] initcall init_pcmcia_cs+0x0/0x35 returned 0 after 0 usecs
[    3.549136] calling  usb_common_init+0x0/0x1c @ 1
[    3.555171] initcall usb_common_init+0x0/0x1c returned 0 after 0 usecs
[    3.563135] calling  usb_init+0x0/0x12e @ 1
[    3.568243] ACPI: bus type USB registered
[    3.573835] usbcore: registered new interface driver usbfs
[    3.581354] usbcore: registered new interface driver hub
[    3.588178] usbcore: registered new device driver usb
[    3.594139] initcall usb_init+0x0/0x12e returned 0 after 25390 usecs
[    3.601134] calling  serio_init+0x0/0x29 @ 1
[    3.607257] initcall serio_init+0x0/0x29 returned 0 after 0 usecs
[    3.615144] calling  input_init+0x0/0xf6 @ 1
[    3.620230] initcall input_init+0x0/0xf6 returned 0 after 0 usecs
[    3.628138] calling  rtc_init+0x0/0x4d @ 1
[    3.634159] initcall rtc_init+0x0/0x4d returned 0 after 0 usecs
[    3.641135] calling  pps_init+0x0/0xa9 @ 1
[    3.646132] pps_core: LinuxPPS API ver. 1 registered
[    3.652131] pps_core: Software ver. 5.3.6 - Copyright 2005-2007 Rodolfo Giometti <giometti@linux.it>
[    3.663137] initcall pps_init+0x0/0xa9 returned 0 after 16601 usecs
[    3.671135] calling  ptp_init+0x0/0x98 @ 1
[    3.676149] PTP clock support registered
[    3.681136] initcall ptp_init+0x0/0x98 returned 0 after 4882 usecs
[    3.689142] calling  power_supply_class_init+0x0/0x3f @ 1
[    3.696256] initcall power_supply_class_init+0x0/0x3f returned 0 after 0 usecs
[    3.705135] calling  hwmon_init+0x0/0x104 @ 1
[    3.710132] initcall hwmon_init+0x0/0x104 returned 0 after 0 usecs
[    3.717134] calling  md_init+0x0/0x16b @ 1
[    3.724447] initcall md_init+0x0/0x16b returned 0 after 976 usecs
[    3.731151] calling  leds_init+0x0/0x3b @ 1
[    3.736164] initcall leds_init+0x0/0x3b returned 0 after 976 usecs
[    3.744134] calling  dmi_init+0x0/0x113 @ 1
[    3.749349] initcall dmi_init+0x0/0x113 returned 0 after 0 usecs
[    3.757138] calling  efisubsys_init+0x0/0x4e7 @ 1
[    3.763159] initcall efisubsys_init+0x0/0x4e7 returned 0 after 0 usecs
[    3.771136] calling  nvmem_init+0x0/0xc @ 1
[    3.774261] initcall nvmem_init+0x0/0xc returned 0 after 1953 usecs
[    3.782136] calling  init_soundcore+0x0/0x33 @ 1
[    3.787189] initcall init_soundcore+0x0/0x33 returned 0 after 0 usecs
[    3.795136] calling  alsa_sound_init+0x0/0x8f @ 1
[    3.801946] Advanced Linux Sound Architecture Driver Initialized.
[    3.808136] initcall alsa_sound_init+0x0/0x8f returned 0 after 6835 usecs
[    3.817141] calling  alsa_seq_device_init+0x0/0x71 @ 1
[    3.823180] initcall alsa_seq_device_init+0x0/0x71 returned 0 after 0 usecs
[    3.832135] calling  hda_bus_init+0x0/0xc @ 1
[    3.840162] initcall hda_bus_init+0x0/0xc returned 0 after 2929 usecs
[    3.848134] calling  proto_init+0x0/0xc @ 1
[    3.853308] initcall proto_init+0x0/0xc returned 0 after 976 usecs
[    3.861135] calling  net_dev_init+0x0/0x27f @ 1
[    3.878283] initcall net_dev_init+0x0/0x27f returned 0 after 9765 usecs
[    3.886136] calling  neigh_init+0x0/0x84 @ 1
[    3.892157] initcall neigh_init+0x0/0x84 returned 0 after 0 usecs
[    3.900134] calling  fib_notifier_init+0x0/0xc @ 1
[    3.905132] initcall fib_notifier_init+0x0/0xc returned 0 after 0 usecs
[    3.914136] calling  fib_rules_init+0x0/0xab @ 1
[    3.920462] initcall fib_rules_init+0x0/0xab returned 0 after 976 usecs
[    3.929135] calling  pktsched_init+0x0/0x10e @ 1
[    3.935306] initcall pktsched_init+0x0/0x10e returned 0 after 0 usecs
[    3.943135] calling  tc_filter_init+0x0/0xfa @ 1
[    3.949164] initcall tc_filter_init+0x0/0xfa returned 0 after 0 usecs
[    3.957136] calling  tc_action_init+0x0/0x54 @ 1
[    3.963145] initcall tc_action_init+0x0/0x54 returned 0 after 0 usecs
[    3.969133] calling  ethnl_init+0x0/0x52 @ 1
[    3.976841] initcall ethnl_init+0x0/0x52 returned 0 after 0 usecs
[    3.984228] calling  nexthop_init+0x0/0xd8 @ 1
[    3.990468] initcall nexthop_init+0x0/0xd8 returned 0 after 976 usecs
[    3.999140] calling  cipso_v4_init+0x0/0x8d @ 1
[    4.006299] initcall cipso_v4_init+0x0/0x8d returned 0 after 0 usecs
[    4.015137] calling  ieee80211_init+0x0/0x24 @ 1
[    4.021304] initcall ieee80211_init+0x0/0x24 returned 0 after 0 usecs
[    4.029137] calling  netlbl_init+0x0/0x78 @ 1
[    4.036133] NetLabel: Initializing
[    4.040132] NetLabel:  domain hash size = 128
[    4.046132] NetLabel:  protocols = UNLABELED CIPSOv4 CALIPSO
[    4.053873] NetLabel:  unlabeled traffic allowed by default
[    4.060139] initcall netlbl_init+0x0/0x78 returned 0 after 23437 usecs
[    4.068140] calling  rfkill_init+0x0/0x136 @ 1
[    4.077146] initcall rfkill_init+0x0/0x136 returned 0 after 4882 usecs
[    4.087140] calling  pci_subsys_init+0x0/0x66 @ 1
[    4.093467] PCI: Using ACPI for IRQ routing
[    4.821130] PCI: pci_cache_line_size set to 64 bytes
[    4.827716] e820: reserve RAM buffer [mem 0x0009fc00-0x0009ffff]
[    4.835255] e820: reserve RAM buffer [mem 0x1ffdf000-0x1fffffff]
[    4.842213] initcall pci_subsys_init+0x0/0x66 returned 0 after 731445 usecs
[    4.852250] calling  nmi_warning_debugfs+0x0/0x26 @ 1
[    4.860230] initcall nmi_warning_debugfs+0x0/0x26 returned 0 after 0 usecs
[    4.868154] calling  save_microcode_in_initrd+0x0/0x51 @ 1
[    4.875246] initcall save_microcode_in_initrd+0x0/0x51 returned 0 after 0 usecs
[    4.883136] calling  hpet_late_init+0x0/0x20a @ 1
[    4.889523] hpet: 3 channels of 0 reserved for per-cpu timers
[    4.896253] hpet0: at MMIO 0xfed00000, IRQs 2, 8, 0
[    4.902132] hpet0: 3 comparators, 64-bit 100.000000 MHz counter
[    4.912134] initcall hpet_late_init+0x0/0x20a returned 0 after 22460 usecs
[    4.920145] calling  init_amd_nbs+0x0/0x11c @ 1
[    4.926266] initcall init_amd_nbs+0x0/0x11c returned 0 after 0 usecs
[    4.933147] calling  clocksource_done_booting+0x0/0x43 @ 1
[    4.940293] clocksource: Switched to clocksource kvm-clock
[    4.947313] initcall clocksource_done_booting+0x0/0x43 returned 0 after 7989 usecs
[    4.956377] calling  tracer_init_tracefs+0x0/0x248 @ 1
[    5.246230] initcall tracer_init_tracefs+0x0/0x248 returned 0 after 276239 usecs
[    5.255738] calling  init_trace_printk_function_export+0x0/0x2c @ 1
[    5.263087] initcall init_trace_printk_function_export+0x0/0x2c returned 0 after 35 usecs
[    5.272361] calling  init_kprobe_trace+0x0/0x1ab @ 1
[    5.278138] initcall init_kprobe_trace+0x0/0x1ab returned 0 after 50 usecs
[    5.285968] calling  init_dynamic_event+0x0/0x3d @ 1
[    5.291697] initcall init_dynamic_event+0x0/0x3d returned 0 after 12 usecs
[    5.299648] calling  init_uprobe_trace+0x0/0x5c @ 1
[    5.305358] initcall init_uprobe_trace+0x0/0x5c returned 0 after 96 usecs
[    5.313016] calling  init_pipe_fs+0x0/0x44 @ 1
[    5.321939] initcall init_pipe_fs+0x0/0x44 returned 0 after 3640 usecs
[    5.329345] calling  inotify_user_setup+0x0/0x47 @ 1
[    5.335716] initcall inotify_user_setup+0x0/0x47 returned 0 after 429 usecs
[    5.343545] calling  eventpoll_init+0x0/0xeb @ 1
[    5.350031] initcall eventpoll_init+0x0/0xeb returned 0 after 129 usecs
[    5.359358] calling  anon_inode_init+0x0/0x58 @ 1
[    5.367600] initcall anon_inode_init+0x0/0x58 returned 0 after 788 usecs
[    5.377284] calling  proc_locks_init+0x0/0x27 @ 1
[    5.384438] initcall proc_locks_init+0x0/0x27 returned 0 after 165 usecs
[    5.393801] calling  iomap_init+0x0/0x1b @ 1
[    5.400670] initcall iomap_init+0x0/0x1b returned 0 after 772 usecs
[    5.409445] calling  dquot_init+0x0/0x106 @ 1
[    5.414436] VFS: Disk quotas dquot_6.6.0
[    5.419320] VFS: Dquot-cache hash table entries: 512 (order 0, 4096 bytes)
[    5.427041] initcall dquot_init+0x0/0x106 returned 0 after 12337 usecs
[    5.434348] calling  quota_init+0x0/0x23 @ 1
[    5.439565] initcall quota_init+0x0/0x23 returned 0 after 329 usecs
[    5.446626] calling  proc_cmdline_init+0x0/0x21 @ 1
[    5.452321] initcall proc_cmdline_init+0x0/0x21 returned 0 after 37 usecs
[    5.459912] calling  proc_consoles_init+0x0/0x24 @ 1
[    5.465519] initcall proc_consoles_init+0x0/0x24 returned 0 after 6 usecs
[    5.473091] calling  proc_cpuinfo_init+0x0/0x1e @ 1
[    5.478610] initcall proc_cpuinfo_init+0x0/0x1e returned 0 after 6 usecs
[    5.486261] calling  proc_devices_init+0x0/0x24 @ 1
[    5.491742] initcall proc_devices_init+0x0/0x24 returned 0 after 4 usecs
[    5.499546] calling  proc_interrupts_init+0x0/0x24 @ 1
[    5.505424] initcall proc_interrupts_init+0x0/0x24 returned 0 after 4 usecs
[    5.513092] calling  proc_loadavg_init+0x0/0x21 @ 1
[    5.518682] initcall proc_loadavg_init+0x0/0x21 returned 0 after 4 usecs
[    5.526257] calling  proc_meminfo_init+0x0/0x21 @ 1
[    5.531787] initcall proc_meminfo_init+0x0/0x21 returned 0 after 4 usecs
[    5.539328] calling  proc_stat_init+0x0/0x1e @ 1
[    5.544594] initcall proc_stat_init+0x0/0x1e returned 0 after 5 usecs
[    5.551932] calling  proc_uptime_init+0x0/0x21 @ 1
[    5.557446] initcall proc_uptime_init+0x0/0x21 returned 0 after 4 usecs
[    5.564888] calling  proc_version_init+0x0/0x21 @ 1
[    5.570481] initcall proc_version_init+0x0/0x21 returned 0 after 4 usecs
[    5.578042] calling  proc_softirqs_init+0x0/0x21 @ 1
[    5.583655] initcall proc_softirqs_init+0x0/0x21 returned 0 after 3 usecs
[    5.591280] calling  proc_kcore_init+0x0/0xea @ 1
[    5.597021] initcall proc_kcore_init+0x0/0xea returned 0 after 382 usecs
[    5.604742] calling  vmcore_init+0x0/0x57b @ 1
[    5.610022] initcall vmcore_init+0x0/0x57b returned 0 after 26 usecs
[    5.617312] calling  proc_kmsg_init+0x0/0x21 @ 1
[    5.622550] initcall proc_kmsg_init+0x0/0x21 returned 0 after 5 usecs
[    5.629781] calling  proc_page_init+0x0/0x3b @ 1
[    5.635036] initcall proc_page_init+0x0/0x3b returned 0 after 6 usecs
[    5.642298] calling  init_ramfs_fs+0x0/0xc @ 1
[    5.647338] initcall init_ramfs_fs+0x0/0xc returned 0 after 17 usecs
[    5.654518] calling  init_hugetlbfs_fs+0x0/0xf6 @ 1
[    5.660718] initcall init_hugetlbfs_fs+0x0/0xf6 returned 0 after 635 usecs
[    5.668399] calling  blk_scsi_ioctl_init+0x0/0x2a5 @ 1
[    5.674254] initcall blk_scsi_ioctl_init+0x0/0x2a5 returned 0 after 29 usecs
[    5.682184] calling  acpi_event_init+0x0/0x2c @ 1
[    5.687626] initcall acpi_event_init+0x0/0x2c returned 0 after 80 usecs
[    5.695010] calling  pnp_system_init+0x0/0xc @ 1
[    5.700922] initcall pnp_system_init+0x0/0xc returned 0 after 682 usecs
[    5.708349] calling  pnpacpi_init+0x0/0x69 @ 1
[    5.713442] pnp: PnP ACPI init
[    5.719738] pnp 00:00: Plug and Play ACPI device, IDs PNP0303 (active)
[    5.727293] pnp 00:01: Plug and Play ACPI device, IDs PNP0f13 (active)
[    5.734782] pnp 00:02: Plug and Play ACPI device, IDs PNP0400 (active)
[    5.742140] pnp 00:03: Plug and Play ACPI device, IDs PNP0501 (active)
[    5.749597] pnp 00:04: Plug and Play ACPI device, IDs PNP0b00 (active)
[    5.757500] system 00:05: [mem 0xb0000000-0xbfffffff window] has been reserved
[    5.766082] system 00:05: Plug and Play ACPI device, IDs PNP0c01 (active)
[    5.775902] pnp: PnP ACPI: found 6 devices
[    5.780667] initcall pnpacpi_init+0x0/0x69 returned 0 after 65666 usecs
[    5.788201] calling  chr_dev_init+0x0/0x14d @ 1
[    5.926913] initcall chr_dev_init+0x0/0x14d returned 0 after 128057 usecs
[    5.937090] calling  firmware_class_init+0x0/0x14a @ 1
[    5.944924] initcall firmware_class_init+0x0/0x14a returned 0 after 160 usecs
[    5.955292] calling  init_pcmcia_bus+0x0/0x5b @ 1
[    5.962498] initcall init_pcmcia_bus+0x0/0x5b returned 0 after 241 usecs
[    5.972297] calling  init_acpi_pm_clocksource+0x0/0xda @ 1
[    5.986434] clocksource: acpi_pm: mask: 0xffffff max_cycles: 0xffffff, max_idle_ns: 2085701024 ns
[    5.999247] initcall init_acpi_pm_clocksource+0x0/0xda returned 0 after 18374 usecs
[    6.010300] calling  sysctl_core_init+0x0/0x26 @ 1
[    6.017869] initcall sysctl_core_init+0x0/0x26 returned 0 after 249 usecs
[    6.026586] calling  eth_offload_init+0x0/0x13 @ 1
[    6.032733] initcall eth_offload_init+0x0/0x13 returned 0 after 126 usecs
[    6.040624] calling  ipv4_offload_init+0x0/0x73 @ 1
[    6.046597] initcall ipv4_offload_init+0x0/0x73 returned 0 after 161 usecs
[    6.055033] calling  inet_init+0x0/0x276 @ 1
[    6.060478] NET: Registered protocol family 2
[    6.067642] IP idents hash table entries: 8192 (order: 4, 65536 bytes, linear)
[    6.081586] tcp_listen_portaddr_hash hash table entries: 256 (order: 2, 20480 bytes, linear)
[    6.093886] TCP established hash table entries: 4096 (order: 3, 32768 bytes, linear)
[    6.105338] TCP bind hash table entries: 4096 (order: 6, 294912 bytes, linear)
[    6.122973] TCP: Hash tables configured (established 4096 bind 4096)
[    6.130673] UDP hash table entries: 256 (order: 3, 40960 bytes, linear)
[    6.138443] UDP-Lite hash table entries: 256 (order: 3, 40960 bytes, linear)
[    6.146906] initcall inet_init+0x0/0x276 returned 0 after 84580 usecs
[    6.154697] calling  af_unix_init+0x0/0x4d @ 1
[    6.160924] NET: Registered protocol family 1
[    6.167521] initcall af_unix_init+0x0/0x4d returned 0 after 6482 usecs
[    6.177283] calling  ipv6_offload_init+0x0/0x7e @ 1
[    6.184686] initcall ipv6_offload_init+0x0/0x7e returned 0 after 30 usecs
[    6.194534] calling  init_sunrpc+0x0/0x65 @ 1
[    6.207648] RPC: Registered named UNIX socket transport module.
[    6.216342] RPC: Registered udp transport module.
[    6.230150] RPC: Registered tcp transport module.
[    6.237415] RPC: Registered tcp NFSv4.1 backchannel transport module.
[    6.247279] initcall init_sunrpc+0x0/0x65 returned 0 after 44755 usecs
[    6.257116] calling  cfg80211_init+0x0/0xc5 @ 1
[    6.275574] initcall cfg80211_init+0x0/0xc5 returned 0 after 11924 usecs
[    6.285787] calling  pcibios_assign_resources+0x0/0xbf @ 1
[    6.293639] pci_bus 0000:00: resource 4 [io  0x0000-0x0cf7 window]
[    6.302711] pci_bus 0000:00: resource 5 [io  0x0d00-0xffff window]
[    6.310751] pci_bus 0000:00: resource 6 [mem 0x000a0000-0x000bffff window]
[    6.320863] pci_bus 0000:00: resource 7 [mem 0x20000000-0xafffffff window]
[    6.331138] pci_bus 0000:00: resource 8 [mem 0xc0000000-0xfebfffff window]
[    6.341118] pci_bus 0000:00: resource 9 [mem 0x100000000-0x8ffffffff window]
[    6.349664] initcall pcibios_assign_resources+0x0/0xbf returned 0 after 55434 usecs
[    6.358349] calling  pci_apply_final_quirks+0x0/0x124 @ 1
[    6.365013] pci 0000:00:01.0: calling  pci_fixup_video+0x0/0xe0 @ 1
[    6.372517] pci 0000:00:01.0: Video device with shadowed ROM at [mem 0x000c0000-0x000dffff]
[    6.381969] pci 0000:00:01.0: pci_fixup_video+0x0/0xe0 took 9584 usecs
[    6.389708] PCI: CLS 0 bytes, default 64
[    6.394282] initcall pci_apply_final_quirks+0x0/0x124 returned 0 after 29054 usecs
[    6.402800] calling  acpi_reserve_resources+0x0/0xea @ 1
[    6.408931] initcall acpi_reserve_resources+0x0/0xea returned 0 after 44 usecs
[    6.417308] calling  populate_rootfs+0x0/0x102 @ 1
[    6.427629] initcall populate_rootfs+0x0/0x102 returned 0 after 4623 usecs
[    6.435870] calling  pci_iommu_init+0x0/0x3e @ 1
[    6.441409] initcall pci_iommu_init+0x0/0x3e returned 0 after 128 usecs
[    6.450428] calling  ia32_binfmt_init+0x0/0x13 @ 1
[    6.456374] initcall ia32_binfmt_init+0x0/0x13 returned 0 after 340 usecs
[    6.464179] calling  rapl_pmu_init+0x0/0x267 @ 1
[    6.469704] initcall rapl_pmu_init+0x0/0x267 returned -19 after 77 usecs
[    6.477384] calling  amd_uncore_init+0x0/0x310 @ 1
[    6.482941] initcall amd_uncore_init+0x0/0x310 returned -19 after 0 usecs
[    6.490685] calling  amd_ibs_init+0x0/0x25f @ 1
[    6.496032] initcall amd_ibs_init+0x0/0x25f returned -19 after 0 usecs
[    6.503568] calling  amd_iommu_pc_init+0x0/0x22c @ 1
[    6.509446] initcall amd_iommu_pc_init+0x0/0x22c returned -19 after 53 usecs
[    6.517454] calling  msr_init+0x0/0x55 @ 1
[    6.522582] initcall msr_init+0x0/0x55 returned 0 after 302 usecs
[    6.529705] calling  intel_uncore_init+0x0/0x36f @ 1
[    6.535710] initcall intel_uncore_init+0x0/0x36f returned -19 after 45 usecs
[    6.543760] calling  cstate_pmu_init+0x0/0x1a1 @ 1
[    6.549373] initcall cstate_pmu_init+0x0/0x1a1 returned -19 after 0 usecs
[    6.557266] calling  register_kernel_offset_dumper+0x0/0x1a @ 1
[    6.564390] initcall register_kernel_offset_dumper+0x0/0x1a returned 0 after 46 usecs
[    6.573390] calling  i8259A_init_ops+0x0/0x20 @ 1
[    6.578995] initcall i8259A_init_ops+0x0/0x20 returned 0 after 49 usecs
[    6.586722] calling  init_tsc_clocksource+0x0/0xa4 @ 1
[    6.592659] clocksource: tsc: mask: 0xffffffffffffffff max_cycles: 0x39a85afc727, max_idle_ns: 881590685098 ns
[    6.604144] initcall init_tsc_clocksource+0x0/0xa4 returned 0 after 11243 usecs
[    6.612549] calling  add_rtc_cmos+0x0/0xb0 @ 1
[    6.617931] initcall add_rtc_cmos+0x0/0xb0 returned 0 after 73 usecs
[    6.625261] calling  i8237A_init_ops+0x0/0x3a @ 1
[    6.630819] initcall i8237A_init_ops+0x0/0x3a returned 0 after 113 usecs
[    6.638618] calling  umwait_init+0x0/0x94 @ 1
[    6.643754] initcall umwait_init+0x0/0x94 returned -19 after 12 usecs
[    6.651371] calling  thermal_throttle_init_device+0x0/0x3d @ 1
[    6.658240] initcall thermal_throttle_init_device+0x0/0x3d returned 0 after 23 usecs
[    6.667214] calling  msr_init+0x0/0xd7 @ 1
[    6.678557] initcall msr_init+0x0/0xd7 returned 0 after 6308 usecs
[    6.685933] calling  cpuid_init+0x0/0xd7 @ 1
[    6.698024] initcall cpuid_init+0x0/0xd7 returned 0 after 6887 usecs
[    6.705331] calling  ioapic_init_ops+0x0/0x13 @ 1
[    6.710799] initcall ioapic_init_ops+0x0/0x13 returned 0 after 29 usecs
[    6.718365] calling  add_pcspkr+0x0/0x6c @ 1
[    6.723389] initcall add_pcspkr+0x0/0x6c returned 0 after 94 usecs
[    6.730831] calling  start_periodic_check_for_corruption+0x0/0x30 @ 1
[    6.738368] check: Scanning for low memory corruption every 60 seconds
[    6.745940] initcall start_periodic_check_for_corruption+0x0/0x30 returned 0 after 7451 usecs
[    6.755922] calling  sysfb_init+0x0/0x9c @ 1
[    6.761178] initcall sysfb_init+0x0/0x9c returned 0 after 149 usecs
[    6.768530] calling  audit_classes_init+0x0/0xae @ 1
[    6.774655] initcall audit_classes_init+0x0/0xae returned 0 after 60 usecs
[    6.782889] calling  iosf_mbi_init+0x0/0x24 @ 1
[    6.788787] initcall iosf_mbi_init+0x0/0x24 returned 0 after 386 usecs
[    6.796684] calling  proc_execdomains_init+0x0/0x21 @ 1
[    6.803117] initcall proc_execdomains_init+0x0/0x21 returned 0 after 129 usecs
[    6.811671] calling  register_warn_debugfs+0x0/0x23 @ 1
[    6.818103] initcall register_warn_debugfs+0x0/0x23 returned 0 after 125 usecs
[    6.826866] calling  cpuhp_sysfs_init+0x0/0x79 @ 1
[    6.832817] initcall cpuhp_sysfs_init+0x0/0x79 returned 0 after 181 usecs
[    6.841039] calling  ioresources_init+0x0/0x49 @ 1
[    6.846879] initcall ioresources_init+0x0/0x49 returned 0 after 30 usecs
[    6.854997] calling  lockdep_proc_init+0x0/0x64 @ 1
[    6.861124] initcall lockdep_proc_init+0x0/0x64 returned 0 after 45 usecs
[    6.869307] calling  snapshot_device_init+0x0/0xc @ 1
[    6.877007] initcall snapshot_device_init+0x0/0xc returned 0 after 1581 usecs
[    6.885763] calling  irq_pm_init_ops+0x0/0x13 @ 1
[    6.891530] initcall irq_pm_init_ops+0x0/0x13 returned 0 after 15 usecs
[    6.899692] calling  rcu_torture_init+0x0/0x9be @ 1
[    6.905794] tasks-tracing-torture:--- Start of test: nreaders=3 nfakewriters=4 stat_interval=15 verbose=1 test_no_idle_hz=1 shuffle_interval=3 stutter=5 irqreader=1 fqs_duration=0 fqs_holdoff=0 fqs_stutter=3 test_boost=1/0 test_boost_interval=7 test_boost_duration=4 shutdown_secs=1800 stall_cpu=0 stall_cpu_holdoff=10 stall_cpu_irqsoff=0 stall_cpu_block=0 n_barrier_cbs=4 onoff_interval=1000 onoff_holdoff=30 read_exit_delay=13 read_exit_burst=16
[    6.952213] tasks-tracing:  Start-test grace-period state: g0 f0x0
[    6.959506] tasks-tracing-torture: Creating rcu_torture_writer task
[    6.968836] tasks-tracing-torture: Creating rcu_torture_fakewriter task
[    6.969042] tasks-tracing-torture: rcu_torture_writer task started
[    6.978913] tasks-tracing-torture: Creating rcu_torture_fakewriter task
[    6.979328] tasks-tracing-torture: rcu_torture_fakewriter task started
[    6.986397] tasks-tracing-torture: GP expediting controlled from boot/sysfs for tasks-tracing.
[    6.996399] tasks-tracing-torture: Creating rcu_torture_fakewriter task
[    6.996718] tasks-tracing-torture: rcu_torture_fakewriter task started
[    7.003986] rcu_torture_writer: Testing expedited GPs.
[    7.004018] rcu_torture_writer: Testing asynchronous GPs.
[    7.004019] rcu_torture_writer: Testing normal GPs.
[    7.050346] tasks-tracing-torture: Creating rcu_torture_fakewriter task
[    7.050670] tasks-tracing-torture: rcu_torture_fakewriter task started
[    7.060293] tasks-tracing-torture: Creating rcu_torture_reader task
[    7.060564] tasks-tracing-torture: rcu_torture_fakewriter task started
[    7.094305] tasks-tracing-torture: Creating rcu_torture_reader task
[    7.097018] tasks-tracing-torture: rcu_torture_reader task started
[    7.113874] tasks-tracing-torture: Creating rcu_torture_reader task
[    7.114016] tasks-tracing-torture: rcu_torture_reader task started
[    7.125592] tasks-tracing-torture: Creating rcu_torture_stats task
[    7.125894] tasks-tracing-torture: rcu_torture_reader task started
[    7.147752] tasks-tracing-torture: Creating torture_shuffle task
[    7.151272] tasks-tracing-torture: rcu_torture_stats task started
[    7.157396] tasks-tracing-torture: Creating torture_stutter task
[    7.163269] tasks-tracing-torture: torture_shuffle task started
[    7.171869] tasks-tracing-torture: Creating torture_shutdown task
[    7.172390] tasks-tracing-torture: torture_stutter task started
[    7.197625] tasks-tracing-torture: Creating torture_onoff task
[    7.197640] tasks-tracing-torture: torture_shutdown task started
[    7.206279] tasks-tracing-torture: rcu_torture_fwd_prog_init: Disabled, unsupported by RCU flavor under test
[    7.206576] tasks-tracing-torture: torture_onoff task started
[    7.206578] tasks-tracing-torture: torture_onoff begin holdoff
[    7.212805] tasks-tracing-torture:torture_shutdown task: 1799959 ms remaining
[    7.247502] tasks-tracing-torture: Creating rcu_torture_barrier_cbs task
[    7.258398] tasks-tracing-torture: Creating rcu_torture_barrier_cbs task
[    7.258697] tasks-tracing-torture: rcu_torture_barrier_cbs task started
[    7.269098] tasks-tracing-torture: Creating rcu_torture_barrier_cbs task
[    7.269727] tasks-tracing-torture: rcu_torture_barrier_cbs task started
[    7.293407] tasks-tracing-torture: Creating rcu_torture_barrier_cbs task
[    7.293531] tasks-tracing-torture: rcu_torture_barrier_cbs task started
[    7.303456] tasks-tracing-torture: Creating rcu_torture_barrier task
[    7.303481] tasks-tracing-torture: rcu_torture_barrier_cbs task started
[    7.327983] tasks-tracing-torture: Creating rcu_torture_read_exit task
[    7.328086] tasks-tracing-torture: rcu_torture_barrier task starting
[    7.337541] initcall rcu_torture_init+0x0/0x9be returned 0 after 421819 usecs
[    7.337783] tasks-tracing-torture: rcu_torture_read_exit: Start of test
[    7.339662] rcu_torture_rea (87) used greatest stack depth: 14616 bytes left
[    7.371376] calling  timekeeping_init_ops+0x0/0x13 @ 1
[    7.378185] initcall timekeeping_init_ops+0x0/0x13 returned 0 after 18 usecs
[    7.387369] calling  init_clocksource_sysfs+0x0/0x23 @ 1
[    7.394513] initcall init_clocksource_sysfs+0x0/0x23 returned 0 after 187 usecs
[    7.403946] calling  init_timer_list_procfs+0x0/0x31 @ 1
[    7.411882] initcall init_timer_list_procfs+0x0/0x31 returned 0 after 9 usecs
[    7.421919] calling  alarmtimer_init+0x0/0xf5 @ 1
[    7.428729] initcall alarmtimer_init+0x0/0xf5 returned 0 after 587 usecs
[    7.439145] calling  init_posix_timers+0x0/0x29 @ 1
[    7.446663] initcall init_posix_timers+0x0/0x29 returned 0 after 89 usecs
[    7.456617] calling  clockevents_init_sysfs+0x0/0xbf @ 1
[    7.464622] initcall clockevents_init_sysfs+0x0/0xbf returned 0 after 400 usecs
[    7.475006] calling  proc_dma_init+0x0/0x21 @ 1
[    7.481928] initcall proc_dma_init+0x0/0x21 returned 0 after 38 usecs
[    7.490735] calling  proc_modules_init+0x0/0x1e @ 1
[    7.497262] initcall proc_modules_init+0x0/0x1e returned 0 after 10 usecs
[    7.505982] calling  kallsyms_init+0x0/0x21 @ 1
[    7.511733] initcall kallsyms_init+0x0/0x21 returned 0 after 7 usecs
[    7.519968] calling  pid_namespaces_init+0x0/0x2c @ 1
[    7.526421] initcall pid_namespaces_init+0x0/0x2c returned 0 after 20 usecs
[    7.535443] calling  audit_watch_init+0x0/0x37 @ 1
[    7.542762] initcall audit_watch_init+0x0/0x37 returned 0 after 22 usecs
[    7.552777] calling  audit_fsnotify_init+0x0/0x37 @ 1
[    7.560496] initcall audit_fsnotify_init+0x0/0x37 returned 0 after 4 usecs
[    7.570872] calling  audit_tree_init+0x0/0x6d @ 1
[    7.578134] initcall audit_tree_init+0x0/0x6d returned 0 after 13 usecs
[    7.587979] calling  seccomp_sysctl_init+0x0/0x2b @ 1
[    7.595646] initcall seccomp_sysctl_init+0x0/0x2b returned 0 after 72 usecs
[    7.604997] calling  utsname_sysctl_init+0x0/0x13 @ 1
[    7.611374] initcall utsname_sysctl_init+0x0/0x13 returned 0 after 97 usecs
[    7.619893] calling  init_tracepoints+0x0/0x27 @ 1
[    7.625947] initcall init_tracepoints+0x0/0x27 returned 0 after 86 usecs
[    7.634295] calling  init_blk_tracer+0x0/0x50 @ 1
[    7.640664] initcall init_blk_tracer+0x0/0x50 returned 0 after 466 usecs
[    7.648785] calling  perf_event_sysfs_init+0x0/0x83 @ 1
[    7.657812] initcall perf_event_sysfs_init+0x0/0x83 returned 0 after 523 usecs
[    7.667225] calling  system_trusted_keyring_init+0x0/0x60 @ 1
[    7.676448] Initialise system trusted keyrings
[    7.683772] initcall system_trusted_keyring_init+0x0/0x60 returned 0 after 7148 usecs
[    7.695636] calling  kswapd_init+0x0/0x5c @ 1
[    7.704619] initcall kswapd_init+0x0/0x5c returned 0 after 1997 usecs
[    7.712817] calling  extfrag_debug_init+0x0/0x54 @ 1
[    7.719312] initcall extfrag_debug_init+0x0/0x54 returned 0 after 96 usecs
[    7.729072] calling  mm_compute_batch_init+0x0/0x12 @ 1
[    7.735684] initcall mm_compute_batch_init+0x0/0x12 returned 0 after 17 usecs
[    7.744590] calling  slab_proc_init+0x0/0x21 @ 1
[    7.750487] initcall slab_proc_init+0x0/0x21 returned 0 after 100 usecs
[    7.758526] calling  workingset_init+0x0/0x8c @ 1
[    7.764498] workingset: timestamp_bits=56 max_order=17 bucket_order=0
[    7.772419] initcall workingset_init+0x0/0x8c returned 0 after 7733 usecs
[    7.780923] calling  proc_vmalloc_init+0x0/0x32 @ 1
[    7.787187] initcall proc_vmalloc_init+0x0/0x32 returned 0 after 9 usecs
[    7.795409] calling  procswaps_init+0x0/0x1e @ 1
[    7.801304] initcall procswaps_init+0x0/0x1e returned 0 after 45 usecs
[    7.809601] calling  slab_sysfs_init+0x0/0xec @ 1
[    7.824866] initcall slab_sysfs_init+0x0/0xec returned 0 after 9099 usecs
[    7.833866] calling  fcntl_init+0x0/0x29 @ 1
[    7.839382] initcall fcntl_init+0x0/0x29 returned 0 after 126 usecs
[    7.847232] calling  proc_filesystems_init+0x0/0x21 @ 1
[    7.853795] initcall proc_filesystems_init+0x0/0x21 returned 0 after 33 usecs
[    7.862849] calling  start_dirtytime_writeback+0x0/0x29 @ 1
[    7.869685] initcall start_dirtytime_writeback+0x0/0x29 returned 0 after 3 usecs
[    7.880185] calling  blkdev_init+0x0/0x1b @ 1
[    7.886608] initcall blkdev_init+0x0/0x1b returned 0 after 830 usecs
[    7.894489] calling  dio_init+0x0/0x2c @ 1
[    7.900744] initcall dio_init+0x0/0x2c returned 0 after 135 usecs
[    7.910254] calling  dnotify_init+0x0/0x78 @ 1
[    7.917505] initcall dnotify_init+0x0/0x78 returned 0 after 181 usecs
[    7.927084] calling  aio_setup+0x0/0x78 @ 1
[    7.932573] initcall aio_setup+0x0/0x78 returned 0 after 351 usecs
[    7.939961] calling  io_uring_init+0x0/0x2c @ 1
[    7.945469] initcall io_uring_init+0x0/0x2c returned 0 after 16 usecs
[    7.953264] calling  mbcache_init+0x0/0x30 @ 1
[    7.960718] initcall mbcache_init+0x0/0x30 returned 0 after 115 usecs
[    7.968505] calling  init_grace+0x0/0xc @ 1
[    7.973768] initcall init_grace+0x0/0xc returned 0 after 104 usecs
[    7.981275] calling  init_v2_quota_format+0x0/0x21 @ 1
[    7.987628] initcall init_v2_quota_format+0x0/0x21 returned 0 after 127 usecs
[    7.996328] calling  init_devpts_fs+0x0/0x27 @ 1
[    8.002180] initcall init_devpts_fs+0x0/0x27 returned 0 after 92 usecs
[    8.010212] calling  ext4_init_fs+0x0/0x1c2 @ 1
[    8.027487] initcall ext4_init_fs+0x0/0x1c2 returned 0 after 10509 usecs
[    8.035985] calling  journal_init+0x0/0x11c @ 1
[    8.042188] initcall journal_init+0x0/0x11c returned 0 after 258 usecs
[    8.057432] calling  init_fat_fs+0x0/0x49 @ 1
[    8.065687] initcall init_fat_fs+0x0/0x49 returned 0 after 2507 usecs
[    8.073459] calling  init_vfat_fs+0x0/0xc @ 1
[    8.079374] initcall init_vfat_fs+0x0/0xc returned 0 after 571 usecs
[    8.087103] calling  init_msdos_fs+0x0/0xc @ 1
[    8.092658] initcall init_msdos_fs+0x0/0xc returned 0 after 4 usecs
[    8.100317] calling  init_iso9660_fs+0x0/0x6c @ 1
[    8.108000] initcall init_iso9660_fs+0x0/0x6c returned 0 after 1520 usecs
[    8.118195] calling  init_nfs_fs+0x0/0x13a @ 1
[    8.134773] initcall init_nfs_fs+0x0/0x13a returned 0 after 10436 usecs
[    8.142933] calling  init_nfs_v2+0x0/0x13 @ 1
[    8.149681] initcall init_nfs_v2+0x0/0x13 returned 0 after 1300 usecs
[    8.157822] calling  init_nfs_v3+0x0/0x13 @ 1
[    8.163602] initcall init_nfs_v3+0x0/0x13 returned 0 after 2 usecs
[    8.171347] calling  init_nfs_v4+0x0/0x32 @ 1
[    8.177189] NFS: Registering the id_resolver key type
[    8.184616] Key type id_resolver registered
[    8.190619] Key type id_legacy registered
[    8.196965] initcall init_nfs_v4+0x0/0x32 returned 0 after 19423 usecs
[    8.207295] calling  init_nlm+0x0/0x5b @ 1
[    8.214216] initcall init_nlm+0x0/0x5b returned 0 after 104 usecs
[    8.223568] calling  init_nls_cp437+0x0/0xe @ 1
[    8.229475] initcall init_nls_cp437+0x0/0xe returned 0 after 164 usecs
[    8.237761] calling  init_nls_ascii+0x0/0xe @ 1
[    8.243640] initcall init_nls_ascii+0x0/0xe returned 0 after 1 usecs
[    8.251675] calling  init_nls_iso8859_1+0x0/0xe @ 1
[    8.258454] initcall init_nls_iso8859_1+0x0/0xe returned 0 after 1 usecs
[    8.267018] calling  init_nls_utf8+0x0/0x21 @ 1
[    8.272834] initcall init_nls_utf8+0x0/0x21 returned 0 after 1 usecs
[    8.280932] calling  init_autofs_fs+0x0/0x25 @ 1
[    8.290882] initcall init_autofs_fs+0x0/0x25 returned 0 after 3839 usecs
[    8.300934] calling  ipc_init+0x0/0x24 @ 1
[    8.306432] initcall ipc_init+0x0/0x24 returned 0 after 169 usecs
[    8.314286] calling  ipc_sysctl_init+0x0/0x13 @ 1
[    8.320824] initcall ipc_sysctl_init+0x0/0x13 returned 0 after 49 usecs
[    8.329538] calling  init_mqueue_fs+0x0/0xb1 @ 1
[    8.338063] initcall init_mqueue_fs+0x0/0xb1 returned 0 after 2183 usecs
[    8.347009] calling  key_proc_init+0x0/0x63 @ 1
[    8.352820] initcall key_proc_init+0x0/0x63 returned 0 after 22 usecs
[    8.361243] calling  selinux_nf_ip_init+0x0/0x2e @ 1
[    8.367438] initcall selinux_nf_ip_init+0x0/0x2e returned 0 after 35 usecs
[    8.376728] calling  init_sel_fs+0x0/0x116 @ 1
[    8.384100] initcall init_sel_fs+0x0/0x116 returned 0 after 1 usecs
[    8.394208] calling  selnl_init+0x0/0x7c @ 1
[    8.401802] initcall selnl_init+0x0/0x7c returned 0 after 429 usecs
[    8.411920] calling  sel_netif_init+0x0/0x36 @ 1
[    8.419370] initcall sel_netif_init+0x0/0x36 returned 0 after 1 usecs
[    8.429645] calling  sel_netnode_init+0x0/0x33 @ 1
[    8.437317] initcall sel_netnode_init+0x0/0x33 returned 0 after 0 usecs
[    8.447885] calling  sel_netport_init+0x0/0x33 @ 1
[    8.455957] initcall sel_netport_init+0x0/0x33 returned 0 after 1 usecs
[    8.466564] calling  aurule_init+0x0/0x2a @ 1
[    8.473787] initcall aurule_init+0x0/0x2a returned 0 after 3 usecs
[    8.483787] calling  crypto_algapi_init+0x0/0xc @ 1
[    8.491914] initcall crypto_algapi_init+0x0/0xc returned 0 after 37 usecs
[    8.502937] calling  jent_mod_init+0x0/0x2d @ 1
[    8.524648] initcall jent_mod_init+0x0/0x2d returned 0 after 13864 usecs
[    8.535998] calling  asymmetric_key_init+0x0/0xc @ 1
[    8.544468] Key type asymmetric registered
[    8.550384] initcall asymmetric_key_init+0x0/0xc returned 0 after 5777 usecs
[    8.559688] calling  x509_key_init+0x0/0xc @ 1
[    8.565693] Asymmetric key parser 'x509' registered
[    8.575346] initcall x509_key_init+0x0/0xc returned 0 after 9563 usecs
[    8.586383] calling  proc_genhd_init+0x0/0x41 @ 1
[    8.594494] initcall proc_genhd_init+0x0/0x41 returned 0 after 29 usecs
[    8.603572] calling  bsg_init+0x0/0x113 @ 1
[    8.610287] Block layer SCSI generic (bsg) driver version 0.4 loaded (major 251)
[    8.620343] initcall bsg_init+0x0/0x113 returned 0 after 10811 usecs
[    8.629230] calling  deadline_init+0x0/0xc @ 1
[    8.635546] io scheduler mq-deadline registered
[    8.641645] initcall deadline_init+0x0/0xc returned 0 after 6174 usecs
[    8.651489] calling  kyber_init+0x0/0xc @ 1
[    8.657429] io scheduler kyber registered
[    8.662817] initcall kyber_init+0x0/0xc returned 0 after 5303 usecs
[    8.671459] calling  mod_init+0x0/0x7 @ 1
[    8.677222] initcall mod_init+0x0/0x7 returned 0 after 0 usecs
[    8.685496] calling  percpu_counter_startup+0x0/0x55 @ 1
[    8.698132] initcall percpu_counter_startup+0x0/0x55 returned 0 after 5321 usecs
[    8.710505] calling  sg_pool_init+0x0/0xb4 @ 1
[    8.718522] initcall sg_pool_init+0x0/0xb4 returned 0 after 653 usecs
[    8.729280] calling  pcie_portdrv_init+0x0/0x39 @ 1
[    8.738662] initcall pcie_portdrv_init+0x0/0x39 returned 0 after 1104 usecs
[    8.749964] calling  pci_proc_init+0x0/0x68 @ 1
[    8.757911] initcall pci_proc_init+0x0/0x68 returned 0 after 52 usecs
[    8.769219] calling  pci_hotplug_init+0x0/0x7 @ 1
[    8.778108] initcall pci_hotplug_init+0x0/0x7 returned 0 after 1 usecs
[    8.789529] calling  efifb_driver_init+0x0/0xe @ 1
[    8.798532] initcall efifb_driver_init+0x0/0xe returned 0 after 227 usecs
[    8.809977] calling  ged_driver_init+0x0/0xe @ 1
[    8.817345] initcall ged_driver_init+0x0/0xe returned 0 after 339 usecs
[    8.827510] calling  acpi_ac_init+0x0/0x92 @ 1
[    8.836008] initcall acpi_ac_init+0x0/0x92 returned 0 after 1303 usecs
[    8.846427] calling  acpi_button_driver_init+0x0/0x52 @ 1
[    8.858942] input: Power Button as /devices/LNXSYSTM:00/LNXPWRBN:00/input/input0
[    8.876415] ACPI: Power Button [PWRF]
[    8.884021] initcall acpi_button_driver_init+0x0/0x52 returned 0 after 28264 usecs
[    8.896113] calling  acpi_fan_driver_init+0x0/0xe @ 1
[    8.904336] initcall acpi_fan_driver_init+0x0/0xe returned 0 after 43 usecs
[    8.915927] calling  acpi_video_init+0x0/0xcb @ 1
[    8.926656] initcall acpi_video_init+0x0/0xcb returned 0 after 1516 usecs
[    8.936487] calling  acpi_processor_driver_init+0x0/0xad @ 1
[    8.958143] initcall acpi_processor_driver_init+0x0/0xad returned 0 after 13285 usecs
[    8.969414] calling  acpi_thermal_init+0x0/0x71 @ 1
[    8.983276] initcall acpi_thermal_init+0x0/0x71 returned 0 after 7021 usecs
[    8.993809] calling  acpi_battery_init+0x0/0x32 @ 1
[    9.002618] initcall acpi_battery_init+0x0/0x32 returned 0 after 136 usecs
[    9.014318] calling  bgrt_init+0x0/0xb6 @ 1
[    9.021949] initcall bgrt_init+0x0/0xb6 returned -19 after 0 usecs
[    9.032576] calling  gpio_clk_driver_init+0x0/0xe @ 1
[    9.041359] initcall gpio_clk_driver_init+0x0/0xe returned 0 after 404 usecs
[    9.053110] calling  plt_clk_driver_init+0x0/0xe @ 1
[    9.061402] initcall plt_clk_driver_init+0x0/0xe returned 0 after 32 usecs
[    9.072154] calling  virtio_pci_driver_init+0x0/0x15 @ 1
[    9.081402] initcall virtio_pci_driver_init+0x0/0x15 returned 0 after 324 usecs
[    9.093794] calling  n_null_init+0x0/0x1e @ 1
[    9.101091] initcall n_null_init+0x0/0x1e returned 0 after 103 usecs
[    9.111963] calling  pty_init+0x0/0x1e8 @ 1
[    9.122947] initcall pty_init+0x0/0x1e8 returned 0 after 3309 usecs
[    9.134569] calling  sysrq_init+0x0/0x62 @ 1
[    9.142511] initcall sysrq_init+0x0/0x62 returned 0 after 34 usecs
[    9.153530] calling  serial8250_init+0x0/0x17e @ 1
[    9.162526] Serial: 8250/16550 driver, 4 ports, IRQ sharing enabled
[    9.178138] 00:03: ttyS0 at I/O 0x3f8 (irq = 4, base_baud = 115200) is a 16550A
[    9.198881] initcall serial8250_init+0x0/0x17e returned 0 after 35853 usecs
[    9.208747] calling  serial_pci_driver_init+0x0/0x15 @ 1
[    9.216929] initcall serial_pci_driver_init+0x0/0x15 returned 0 after 265 usecs
[    9.227985] calling  exar_pci_driver_init+0x0/0x15 @ 1
[    9.235682] initcall exar_pci_driver_init+0x0/0x15 returned 0 after 122 usecs
[    9.245991] calling  lpss8250_pci_driver_init+0x0/0x15 @ 1
[    9.254974] initcall lpss8250_pci_driver_init+0x0/0x15 returned 0 after 47 usecs
[    9.267458] calling  mid8250_pci_driver_init+0x0/0x15 @ 1
[    9.276654] initcall mid8250_pci_driver_init+0x0/0x15 returned 0 after 115 usecs
[    9.290746] calling  virtio_console_init+0x0/0xff @ 1
[    9.300924] initcall virtio_console_init+0x0/0xff returned 0 after 1059 usecs
[    9.313149] calling  hpet_init+0x0/0x64 @ 1
[    9.326705] initcall hpet_init+0x0/0x64 returned 0 after 6711 usecs
[    9.336410] calling  nvram_module_init+0x0/0x83 @ 1
[    9.347092] Non-volatile memory driver v1.3
[    9.353596] initcall nvram_module_init+0x0/0x83 returned 0 after 10351 usecs
[    9.363195] calling  hwrng_modinit+0x0/0x8a @ 1
[    9.374944] initcall hwrng_modinit+0x0/0x8a returned 0 after 4716 usecs
[    9.384868] calling  mod_init+0x0/0x48 @ 1
[    9.390833] initcall mod_init+0x0/0x48 returned -19 after 0 usecs
[    9.399517] calling  agp_init+0x0/0x23 @ 1
[    9.405735] Linux agpgart interface v0.103
[    9.412413] initcall agp_init+0x0/0x23 returned 0 after 6517 usecs
[    9.421570] calling  agp_amd64_mod_init+0x0/0x5 @ 1
[    9.429746] initcall agp_amd64_mod_init+0x0/0x5 returned -19 after 829 usecs
[    9.440406] calling  agp_intel_init+0x0/0x28 @ 1
[    9.449984] initcall agp_intel_init+0x0/0x28 returned 0 after 2198 usecs
[    9.461829] calling  drm_kms_helper_init+0x0/0x7 @ 1
[    9.469996] initcall drm_kms_helper_init+0x0/0x7 returned 0 after 62 usecs
[    9.481339] calling  drm_core_init+0x0/0xbd @ 1
[    9.490095] initcall drm_core_init+0x0/0xbd returned 0 after 583 usecs
[    9.501248] calling  i915_init+0x0/0x6b @ 1
[    9.510686] initcall i915_init+0x0/0x6b returned 0 after 1874 usecs
[    9.521189] calling  cn_proc_init+0x0/0x35 @ 1
[    9.528789] initcall cn_proc_init+0x0/0x35 returned 0 after 219 usecs
[    9.538150] calling  topology_sysfs_init+0x0/0x27 @ 1
[    9.547117] initcall topology_sysfs_init+0x0/0x27 returned 0 after 595 usecs
[    9.558169] calling  cacheinfo_sysfs_init+0x0/0x27 @ 1
[    9.580457] initcall cacheinfo_sysfs_init+0x0/0x27 returned 0 after 13546 usecs
[    9.593051] calling  loop_init+0x0/0x16a @ 1
[    9.759802] loop: module loaded
[    9.764831] initcall loop_init+0x0/0x16a returned 0 after 160960 usecs
[    9.774806] calling  mac_hid_init+0x0/0x21 @ 1
[    9.781823] initcall mac_hid_init+0x0/0x21 returned 0 after 106 usecs
[    9.791284] calling  spi_transport_init+0x0/0x74 @ 1
[    9.799147] initcall spi_transport_init+0x0/0x74 returned 0 after 259 usecs
[    9.810010] calling  init_sd+0x0/0x18c @ 1
[    9.816847] initcall init_sd+0x0/0x18c returned 0 after 728 usecs
[    9.825969] calling  init_sr+0x0/0x43 @ 1
[    9.832158] initcall init_sr+0x0/0x43 returned 0 after 236 usecs
[    9.840751] calling  init_sg+0x0/0x1c0 @ 1
[    9.847226] initcall init_sg+0x0/0x1c0 returned 0 after 308 usecs
[    9.856876] calling  ahci_pci_driver_init+0x0/0x15 @ 1
[    9.866152] ahci 0000:00:1f.2: version 3.0
[    9.878496] PCI Interrupt Link [GSIA] enabled at IRQ 16
[    9.905116] ahci 0000:00:1f.2: AHCI 0001.0000 32 slots 6 ports 1.5 Gbps 0x3f impl SATA mode
[    9.918450] ahci 0000:00:1f.2: flags: 64bit ncq only 
[    9.957983] scsi host0: ahci
[    9.974775] scsi host1: ahci
[    9.989895] scsi host2: ahci
[   10.005435] scsi host3: ahci
[   10.017776] scsi host4: ahci
[   10.030818] scsi host5: ahci
[   10.036029] ata1: SATA max UDMA/133 abar m4096@0xfebf1000 port 0xfebf1100 irq 24
[   10.046800] ata2: SATA max UDMA/133 abar m4096@0xfebf1000 port 0xfebf1180 irq 24
[   10.057909] ata3: SATA max UDMA/133 abar m4096@0xfebf1000 port 0xfebf1200 irq 24
[   10.068423] ata4: SATA max UDMA/133 abar m4096@0xfebf1000 port 0xfebf1280 irq 24
[   10.081020] ata5: SATA max UDMA/133 abar m4096@0xfebf1000 port 0xfebf1300 irq 24
[   10.091863] ata6: SATA max UDMA/133 abar m4096@0xfebf1000 port 0xfebf1380 irq 24
[   10.105176] initcall ahci_pci_driver_init+0x0/0x15 returned 0 after 234515 usecs
[   10.116652] calling  piix_init+0x0/0x26 @ 1
[   10.123552] initcall piix_init+0x0/0x26 returned 0 after 123 usecs
[   10.132439] calling  amd_pci_driver_init+0x0/0x15 @ 1
[   10.139656] initcall amd_pci_driver_init+0x0/0x15 returned 0 after 102 usecs
[   10.149966] calling  oldpiix_pci_driver_init+0x0/0x15 @ 1
[   10.157483] initcall oldpiix_pci_driver_init+0x0/0x15 returned 0 after 50 usecs
[   10.168408] calling  sch_pci_driver_init+0x0/0x15 @ 1
[   10.175782] initcall sch_pci_driver_init+0x0/0x15 returned 0 after 167 usecs
[   10.186062] calling  net_olddevs_init+0x0/0x55 @ 1
[   10.193677] initcall net_olddevs_init+0x0/0x55 returned 0 after 625 usecs
[   10.204141] calling  blackhole_netdev_init+0x0/0x78 @ 1
[   10.211605] initcall blackhole_netdev_init+0x0/0x78 returned 0 after 659 usecs
[   10.221702] calling  phy_module_init+0x0/0x13 @ 1
[   10.228870] initcall phy_module_init+0x0/0x13 returned 0 after 386 usecs
[   10.238571] calling  tg3_driver_init+0x0/0x15 @ 1
[   10.245515] initcall tg3_driver_init+0x0/0x15 returned 0 after 110 usecs
[   10.254732] calling  e100_init_module+0x0/0x4c @ 1
[   10.261510] e100: Intel(R) PRO/100 Network Driver
[   10.268008] e100: Copyright(c) 1999-2006 Intel Corporation
[   10.275532] initcall e100_init_module+0x0/0x4c returned 0 after 13690 usecs
[   10.284870] calling  e1000_init_module+0x0/0x72 @ 1
[   10.291536] e1000: Intel(R) PRO/1000 Network Driver
[   10.298300] e1000: Copyright (c) 1999-2006 Intel Corporation.
[   10.306535] initcall e1000_init_module+0x0/0x72 returned 0 after 14644 usecs
[   10.316617] calling  e1000_init_module+0x0/0x2d @ 1
[   10.324161] e1000e: Intel(R) PRO/1000 Network Driver
[   10.348353] e1000e: Copyright(c) 1999 - 2015 Intel Corporation.
[   10.368269] initcall e1000_init_module+0x0/0x2d returned 0 after 42522 usecs
[   10.379412] calling  sky2_init_module+0x0/0x21 @ 1
[   10.386653] sky2: driver version 1.30
[   10.392110] initcall sky2_init_module+0x0/0x21 returned 0 after 5324 usecs
[   10.401179] calling  forcedeth_pci_driver_init+0x0/0x15 @ 1
[   10.409049] initcall forcedeth_pci_driver_init+0x0/0x15 returned 0 after 303 usecs
[   10.418297] ata1: SATA link down (SStatus 0 SControl 300)
[   10.420553] calling  rtl8139_init_module+0x0/0x15 @ 1
[   10.420775] initcall rtl8139_init_module+0x0/0x15 returned 0 after 211 usecs
[   10.441591] ata4: SATA link down (SStatus 0 SControl 300)
[   10.449337] calling  rtl8169_pci_driver_init+0x0/0x15 @ 1
[   10.460847] ata2: SATA link down (SStatus 0 SControl 300)
[   10.466633] initcall rtl8169_pci_driver_init+0x0/0x15 returned 0 after 277 usecs
[   10.480711] ata6: SATA link down (SStatus 0 SControl 300)
[   10.486403] calling  cdrom_init+0x0/0xc @ 1
[   10.499504] ata5: SATA link down (SStatus 0 SControl 300)
[   10.503499] initcall cdrom_init+0x0/0xc returned 0 after 229 usecs
[   10.518870] ata3: SATA link up 1.5 Gbps (SStatus 113 SControl 300)
[   10.520176] calling  nonstatic_sysfs_init+0x0/0xc @ 1
[   10.535424] ata3.00: ATAPI: QEMU DVD-ROM, 2.5+, max UDMA/100
[   10.537595] initcall nonstatic_sysfs_init+0x0/0xc returned 0 after 44 usecs
[   10.546522] ata3.00: applying bridge limits
[   10.555602] calling  yenta_cardbus_driver_init+0x0/0x15 @ 1
[   10.566031] ata3.00: configured for UDMA/100
[   10.570831] initcall yenta_cardbus_driver_init+0x0/0x15 returned 0 after 142 usecs
[   10.587493] calling  mon_init+0x0/0x144 @ 1
[   10.597941] scsi 2:0:0:0: CD-ROM            QEMU     QEMU DVD-ROM     2.5+ PQ: 0 ANSI: 5
[   10.602042] initcall mon_init+0x0/0x144 returned 0 after 8037 usecs
[   10.618749] calling  ehci_hcd_init+0x0/0x56 @ 1
[   10.625648] ehci_hcd: USB 2.0 'Enhanced' Host Controller (EHCI) Driver
[   10.635241] initcall ehci_hcd_init+0x0/0x56 returned 0 after 9494 usecs
[   10.645125] calling  ehci_pci_init+0x0/0x64 @ 1
[   10.652008] ehci-pci: EHCI PCI platform driver
[   10.659107] initcall ehci_pci_init+0x0/0x64 returned 0 after 6959 usecs
[   10.669121] calling  ohci_hcd_mod_init+0x0/0x4e @ 1
[   10.676155] ohci_hcd: USB 1.1 'Open' Host Controller (OHCI) Driver
[   10.685473] initcall ohci_hcd_mod_init+0x0/0x4e returned 0 after 9094 usecs
[   10.695361] calling  ohci_pci_init+0x0/0x64 @ 1
[   10.702574] ohci-pci: OHCI PCI platform driver
[   10.710485] initcall ohci_pci_init+0x0/0x64 returned 0 after 7745 usecs
[   10.722309] calling  uhci_hcd_init+0x0/0xa8 @ 1
[   10.729679] uhci_hcd: USB Universal Host Controller Interface driver
[   10.741178] initcall uhci_hcd_init+0x0/0xa8 returned 0 after 11224 usecs
[   10.751807] calling  xhci_hcd_init+0x0/0x1e @ 1
[   10.759358] initcall xhci_hcd_init+0x0/0x1e returned 0 after 28 usecs
[   10.770152] calling  xhci_pci_init+0x0/0x49 @ 1
[   10.780744] initcall xhci_pci_init+0x0/0x49 returned 0 after 648 usecs
[   10.790787] calling  usblp_driver_init+0x0/0x15 @ 1
[   10.800012] usbcore: registered new interface driver usblp
[   10.809137] initcall usblp_driver_init+0x0/0x15 returned 0 after 10138 usecs
[   10.820825] calling  usb_storage_driver_init+0x0/0x2a @ 1
[   10.828960] usbcore: registered new interface driver usb-storage
[   10.837646] initcall usb_storage_driver_init+0x0/0x2a returned 0 after 8696 usecs
[   10.848378] calling  i8042_init+0x0/0x4c2 @ 1
[   10.855966] i8042: PNP: PS/2 Controller [PNP0303:KBD,PNP0f13:MOU] at 0x60,0x64 irq 1,12
[   10.886184] serio: i8042 KBD port at 0x60,0x64 irq 1
[   10.893517] serio: i8042 AUX port at 0x60,0x64 irq 12
[   10.901009] initcall i8042_init+0x0/0x4c2 returned 0 after 44976 usecs
[   10.910132] calling  serport_init+0x0/0x2c @ 1
[   10.916754] initcall serport_init+0x0/0x2c returned 0 after 105 usecs
[   10.925883] calling  input_leds_init+0x0/0xc @ 1
[   10.932733] initcall input_leds_init+0x0/0xc returned 0 after 161 usecs
[   10.942615] calling  evdev_init+0x0/0xc @ 1
[   10.954505] initcall evdev_init+0x0/0xc returned 0 after 5700 usecs
[   10.960415] sr 2:0:0:0: [sr0] scsi3-mmc drive: 4x/4x cd/rw xa/form2 tray
[   10.963548] calling  atkbd_init+0x0/0x21 @ 1
[   10.963778] initcall atkbd_init+0x0/0x21 returned 0 after 219 usecs
[   10.973667] cdrom: Uniform CD-ROM driver Revision: 3.20
[   10.995542] calling  psmouse_init+0x0/0x7f @ 1
[   11.003024] initcall psmouse_init+0x0/0x7f returned 0 after 725 usecs
[   11.012299] calling  cmos_init+0x0/0x73 @ 1
[   11.020748] rtc_cmos 00:04: RTC can wake from S4
[   11.045810] rtc_cmos 00:04: registered as rtc0
[   11.056640] rtc_cmos 00:04: alarms up to one day, y3k, 242 bytes nvram, hpet irqs
[   11.067852] initcall cmos_init+0x0/0x73 returned 0 after 47928 usecs
[   11.071133] input: AT Translated Set 2 keyboard as /devices/platform/i8042/serio0/input/input1
[   11.077004] calling  smbalert_driver_init+0x0/0xe @ 1
[   11.077676] initcall smbalert_driver_init+0x0/0xe returned 0 after 648 usecs
[   11.077679] calling  i2c_i801_init+0x0/0xc5 @ 1
[   11.125247] i801_smbus 0000:00:1f.3: SMBus using PCI interrupt
[   11.135601] i2c i2c-0: 1/1 memory slots populated (from DMI)
[   11.144245] i2c i2c-0: Memory type 0x07 not supported yet, not instantiating SPD
[   11.154657] initcall i2c_i801_init+0x0/0xc5 returned 0 after 37886 usecs
[   11.165989] calling  ptp_kvm_init+0x0/0xf0 @ 1
[   11.175864] initcall ptp_kvm_init+0x0/0xf0 returned 0 after 4015 usecs
[   11.187470] calling  dm_init+0x0/0x3c @ 1
[   11.200440] device-mapper: ioctl: 4.43.0-ioctl (2020-10-01) initialised: dm-devel@redhat.com
[   11.212092] sr 2:0:0:0: Attached scsi CD-ROM sr0
[   11.213033] initcall dm_init+0x0/0x3c returned 0 after 19224 usecs
[   11.223311] sr 2:0:0:0: Attached scsi generic sg0 type 5
[   11.230512] calling  dm_mirror_init+0x0/0x29 @ 1
[   11.244632] initcall dm_mirror_init+0x0/0x29 returned 0 after 48 usecs
[   11.255002] calling  dm_dirty_log_init+0x0/0x4f @ 1
[   11.262779] initcall dm_dirty_log_init+0x0/0x4f returned 0 after 173 usecs
[   11.272662] calling  dm_zero_init+0x0/0x29 @ 1
[   11.279236] initcall dm_zero_init+0x0/0x29 returned 0 after 3 usecs
[   11.288742] calling  intel_pstate_init+0x0/0x512 @ 1
[   11.296190] intel_pstate: CPU model not supported
[   11.303027] initcall intel_pstate_init+0x0/0x512 returned -19 after 6842 usecs
[   11.313679] calling  haltpoll_init+0x0/0xc0 @ 1
[   11.320438] initcall haltpoll_init+0x0/0xc0 returned -19 after 35 usecs
[   11.330508] calling  efivars_sysfs_init+0x0/0x30 @ 1
[   11.338393] initcall efivars_sysfs_init+0x0/0x30 returned 0 after 104 usecs
[   11.348843] calling  esrt_sysfs_init+0x0/0x2a2 @ 1
[   11.356151] initcall esrt_sysfs_init+0x0/0x2a2 returned -38 after 20 usecs
[   11.366170] calling  hid_init+0x0/0x5c @ 1
[   11.373341] hid: raw HID events driver (C) Jiri Kosina
[   11.381031] initcall hid_init+0x0/0x5c returned 0 after 8106 usecs
[   11.389376] calling  hid_generic_init+0x0/0x15 @ 1
[   11.396420] initcall hid_generic_init+0x0/0x15 returned 0 after 399 usecs
[   11.405625] calling  a4_driver_init+0x0/0x15 @ 1
[   11.412499] initcall a4_driver_init+0x0/0x15 returned 0 after 48 usecs
[   11.422224] calling  apple_driver_init+0x0/0x15 @ 1
[   11.429983] initcall apple_driver_init+0x0/0x15 returned 0 after 170 usecs
[   11.439802] calling  belkin_driver_init+0x0/0x15 @ 1
[   11.447322] initcall belkin_driver_init+0x0/0x15 returned 0 after 90 usecs
[   11.457700] calling  ch_driver_init+0x0/0x15 @ 1
[   11.464904] initcall ch_driver_init+0x0/0x15 returned 0 after 101 usecs
[   11.474691] calling  ch_driver_init+0x0/0x15 @ 1
[   11.481730] initcall ch_driver_init+0x0/0x15 returned 0 after 86 usecs
[   11.491035] calling  cp_driver_init+0x0/0x15 @ 1
[   11.498335] initcall cp_driver_init+0x0/0x15 returned 0 after 38 usecs
[   11.507978] calling  ez_driver_init+0x0/0x15 @ 1
[   11.514891] initcall ez_driver_init+0x0/0x15 returned 0 after 31 usecs
[   11.524507] calling  gyration_driver_init+0x0/0x15 @ 1
[   11.532349] initcall gyration_driver_init+0x0/0x15 returned 0 after 104 usecs
[   11.542982] calling  ite_driver_init+0x0/0x15 @ 1
[   11.549633] initcall ite_driver_init+0x0/0x15 returned 0 after 35 usecs
[   11.559571] calling  ks_driver_init+0x0/0x15 @ 1
[   11.566852] initcall ks_driver_init+0x0/0x15 returned 0 after 39 usecs
[   11.576787] calling  lg_driver_init+0x0/0x15 @ 1
[   11.583986] initcall lg_driver_init+0x0/0x15 returned 0 after 58 usecs
[   11.594140] calling  lg_g15_driver_init+0x0/0x15 @ 1
[   11.601553] initcall lg_g15_driver_init+0x0/0x15 returned 0 after 156 usecs
[   11.611312] calling  ms_driver_init+0x0/0x15 @ 1
[   11.618311] initcall ms_driver_init+0x0/0x15 returned 0 after 57 usecs
[   11.628505] calling  mr_driver_init+0x0/0x15 @ 1
[   11.635443] initcall mr_driver_init+0x0/0x15 returned 0 after 53 usecs
[   11.645206] calling  ntrig_driver_init+0x0/0x15 @ 1
[   11.652959] initcall ntrig_driver_init+0x0/0x15 returned 0 after 193 usecs
[   11.663587] calling  pl_driver_init+0x0/0x15 @ 1
[   11.670691] initcall pl_driver_init+0x0/0x15 returned 0 after 47 usecs
[   11.680960] calling  pl_driver_init+0x0/0x15 @ 1
[   11.687611] initcall pl_driver_init+0x0/0x15 returned 0 after 68 usecs
[   11.697002] calling  redragon_driver_init+0x0/0x15 @ 1
[   11.704669] initcall redragon_driver_init+0x0/0x15 returned 0 after 39 usecs
[   11.715347] calling  samsung_driver_init+0x0/0x15 @ 1
[   11.722968] initcall samsung_driver_init+0x0/0x15 returned 0 after 77 usecs
[   11.733449] calling  sony_init+0x0/0x38 @ 1
[   11.739865] initcall sony_init+0x0/0x38 returned 0 after 41 usecs
[   11.749078] calling  sp_driver_init+0x0/0x15 @ 1
[   11.756233] initcall sp_driver_init+0x0/0x15 returned 0 after 76 usecs
[   11.766352] calling  ts_driver_init+0x0/0x15 @ 1
[   11.773779] initcall ts_driver_init+0x0/0x15 returned 0 after 51 usecs
[   11.784929] calling  hid_init+0x0/0x58 @ 1
[   11.785476] input: ImExPS/2 Generic Explorer Mouse as /devices/platform/i8042/serio1/input/input3
[   11.790517] usbcore: registered new interface driver usbhid
[   11.810495] usbhid: USB HID core driver
[   11.815961] initcall hid_init+0x0/0x58 returned 0 after 24899 usecs
[   11.824673] calling  eeepc_laptop_init+0x0/0x57 @ 1
[   11.831706] initcall eeepc_laptop_init+0x0/0x57 returned -19 after 164 usecs
[   11.841001] calling  pmc_atom_init+0x0/0x27a @ 1
[   11.847795] initcall pmc_atom_init+0x0/0x27a returned -19 after 33 usecs
[   11.857915] calling  alsa_hwdep_init+0x0/0x5e @ 1
[   11.898524] initcall alsa_hwdep_init+0x0/0x5e returned 0 after 31050 usecs
[   11.910738] calling  alsa_timer_init+0x0/0x1f9 @ 1
[   11.934986] initcall alsa_timer_init+0x0/0x1f9 returned 0 after 16692 usecs
[   11.947835] calling  snd_hrtimer_init+0x0/0x117 @ 1
[   11.955668] initcall snd_hrtimer_init+0x0/0x117 returned 0 after 27 usecs
[   11.965848] calling  alsa_pcm_init+0x0/0x64 @ 1
[   11.972421] initcall alsa_pcm_init+0x0/0x64 returned 0 after 18 usecs
[   11.981510] calling  alsa_seq_init+0x0/0x4a @ 1
[   11.989593] initcall alsa_seq_init+0x0/0x4a returned 0 after 1680 usecs
[   11.999025] calling  alsa_seq_dummy_init+0x0/0x9c @ 1
[   12.006752] initcall alsa_seq_dummy_init+0x0/0x9c returned 0 after 198 usecs
[   12.018601] calling  azx_driver_init+0x0/0x15 @ 1
[   12.028392] initcall azx_driver_init+0x0/0x15 returned 0 after 2002 usecs
[   12.040317] calling  sock_diag_init+0x0/0x2a @ 1
[   12.055091] initcall sock_diag_init+0x0/0x2a returned 0 after 3636 usecs
[   12.065434] calling  blackhole_init+0x0/0xc @ 1
[   12.072243] initcall blackhole_init+0x0/0xc returned 0 after 3 usecs
[   12.082313] calling  nfnetlink_init+0x0/0x61 @ 1
[   12.089993] initcall nfnetlink_init+0x0/0x61 returned 0 after 224 usecs
[   12.099951] calling  nfnetlink_log_init+0x0/0x99 @ 1
[   12.107539] initcall nfnetlink_log_init+0x0/0x99 returned 0 after 268 usecs
[   12.118043] calling  nf_conntrack_standalone_init+0x0/0x87 @ 1
[   12.131542] initcall nf_conntrack_standalone_init+0x0/0x87 returned 0 after 4618 usecs
[   12.143479] calling  ctnetlink_init+0x0/0x83 @ 1
[   12.152590] initcall ctnetlink_init+0x0/0x83 returned 0 after 47 usecs
[   12.161175] calling  nf_conntrack_ftp_init+0x0/0x12c @ 1
[   12.168668] initcall nf_conntrack_ftp_init+0x0/0x12c returned 0 after 271 usecs
[   12.178555] calling  nf_conntrack_irc_init+0x0/0x129 @ 1
[   12.186043] initcall nf_conntrack_irc_init+0x0/0x129 returned 0 after 72 usecs
[   12.196405] calling  nf_conntrack_sip_init+0x0/0x172 @ 1
[   12.204379] initcall nf_conntrack_sip_init+0x0/0x172 returned 0 after 165 usecs
[   12.215098] calling  nf_nat_init+0x0/0xf0 @ 1
[   12.223199] initcall nf_nat_init+0x0/0xf0 returned 0 after 835 usecs
[   12.232354] calling  nf_nat_ftp_init+0x0/0x2a @ 1
[   12.239788] initcall nf_nat_ftp_init+0x0/0x2a returned 0 after 60 usecs
[   12.249530] calling  nf_nat_irc_init+0x0/0x2a @ 1
[   12.257053] initcall nf_nat_irc_init+0x0/0x2a returned 0 after 2 usecs
[   12.266573] calling  nf_nat_sip_init+0x0/0x36 @ 1
