c[?7l[2J[0mSeaBIOS (version 1.16.0-debian-1.16.0-4)
Booting from ROM...
early console in setup code
c[?7l[2J[    0.000000] Linux version 5.10.154+ (root@joelboxx.c.googlers.com) (gcc (Debian 12.2.0-3) 12.2.0, GNU ld (GNU Binutils for Debian) 2.39) #2 SMP Tue Dec 13 06:15:18 UTC 2022
[    0.000000] Command line: selinux=0 initcall_debug debug console=ttyS0 nohz_full=2-9 rcutorture.onoff_interval=1000 rcutorture.onoff_holdoff=30 rcutorture.n_barrier_cbs=4 rcutorture.stat_interval=15 rcutorture.shutdown_secs=1800 rcutorture.test_no_idle_hz=1 rcutorture.verbose=1
[    0.000000] x86/fpu: x87 FPU will use FXSAVE
[    0.000000] BIOS-provided physical RAM map:
[    0.000000] BIOS-e820: [mem 0x0000000000000000-0x000000000009fbff] usable
[    0.000000] BIOS-e820: [mem 0x000000000009fc00-0x000000000009ffff] reserved
[    0.000000] BIOS-e820: [mem 0x00000000000f0000-0x00000000000fffff] reserved
[    0.000000] BIOS-e820: [mem 0x0000000000100000-0x000000001ffdefff] usable
[    0.000000] BIOS-e820: [mem 0x000000001ffdf000-0x000000001fffffff] reserved
[    0.000000] BIOS-e820: [mem 0x00000000b0000000-0x00000000bfffffff] reserved
[    0.000000] BIOS-e820: [mem 0x00000000fed1c000-0x00000000fed1ffff] reserved
[    0.000000] BIOS-e820: [mem 0x00000000feffc000-0x00000000feffffff] reserved
[    0.000000] BIOS-e820: [mem 0x00000000fffc0000-0x00000000ffffffff] reserved
[    0.000000] NX (Execute Disable) protection: active
[    0.000000] SMBIOS 2.8 present.
[    0.000000] DMI: QEMU Standard PC (Q35 + ICH9, 2009), BIOS 1.16.0-debian-1.16.0-4 04/01/2014
[    0.000000] Hypervisor detected: KVM
[    0.000000] kvm-clock: Using msrs 4b564d01 and 4b564d00
[    0.000000] kvm-clock: cpu 0, msr 1eeac001, primary cpu clock
[    0.000001] kvm-clock: using sched offset of 1815145913 cycles
[    0.000311] clocksource: kvm-clock: mask: 0xffffffffffffffff max_cycles: 0x1cd42e4dffb, max_idle_ns: 881590591483 ns
[    0.000572] tsc: Detected 1999.999 MHz processor
[    0.010809] e820: update [mem 0x00000000-0x00000fff] usable ==> reserved
[    0.010817] e820: remove [mem 0x000a0000-0x000fffff] usable
[    0.010826] last_pfn = 0x1ffdf max_arch_pfn = 0x400000000
[    0.011684] MTRR default type: write-back
[    0.011773] MTRR fixed ranges enabled:
[    0.011775]   00000-9FFFF write-back
[    0.011777]   A0000-BFFFF uncachable
[    0.011778]   C0000-FFFFF write-protect
[    0.011779] MTRR variable ranges enabled:
[    0.011781]   0 base 00C0000000 mask FFC0000000 uncachable
[    0.011782]   1 disabled
[    0.011783]   2 disabled
[    0.011784]   3 disabled
[    0.011791]   4 disabled
[    0.011791]   5 disabled
[    0.011792]   6 disabled
[    0.011876]   7 disabled
[    0.012343] x86/PAT: Configuration [0-7]: WB  WC  UC- UC  WB  WC  UC- UC  
[    0.022143] found SMP MP-table at [mem 0x000f5ba0-0x000f5baf]
[    0.025207] check: Scanning 1 areas for low memory corruption
[    0.038674] ACPI: Early table checksum verification disabled
[    0.041252] ACPI: RSDP 0x00000000000F59E0 000014 (v00 BOCHS )
[    0.041833] ACPI: RSDT 0x000000001FFE281A 000038 (v01 BOCHS  BXPC     00000001 BXPC 00000001)
[    0.041843] ACPI: FACP 0x000000001FFE259A 0000F4 (v03 BOCHS  BXPC     00000001 BXPC 00000001)
[    0.041850] ACPI: DSDT 0x000000001FFE0040 00255A (v01 BOCHS  BXPC     00000001 BXPC 00000001)
[    0.041854] ACPI: FACS 0x000000001FFE0000 000040
[    0.041859] ACPI: APIC 0x000000001FFE268E 0000F0 (v01 BOCHS  BXPC     00000001 BXPC 00000001)
[    0.041863] ACPI: HPET 0x000000001FFE277E 000038 (v01 BOCHS  BXPC     00000001 BXPC 00000001)
[    0.041867] ACPI: MCFG 0x000000001FFE27B6 00003C (v01 BOCHS  BXPC     00000001 BXPC 00000001)
[    0.041871] ACPI: WAET 0x000000001FFE27F2 000028 (v01 BOCHS  BXPC     00000001 BXPC 00000001)
[    0.041876] ACPI: Reserving FACP table memory at [mem 0x1ffe259a-0x1ffe268d]
[    0.041877] ACPI: Reserving DSDT table memory at [mem 0x1ffe0040-0x1ffe2599]
[    0.041879] ACPI: Reserving FACS table memory at [mem 0x1ffe0000-0x1ffe003f]
[    0.041879] ACPI: Reserving APIC table memory at [mem 0x1ffe268e-0x1ffe277d]
[    0.041880] ACPI: Reserving HPET table memory at [mem 0x1ffe277e-0x1ffe27b5]
[    0.041881] ACPI: Reserving MCFG table memory at [mem 0x1ffe27b6-0x1ffe27f1]
[    0.041882] ACPI: Reserving WAET table memory at [mem 0x1ffe27f2-0x1ffe2819]
[    0.043048] ACPI: Local APIC address 0xfee00000
[    0.048616] No NUMA configuration found
[    0.048620] Faking a node at [mem 0x0000000000000000-0x000000001ffdefff]
[    0.048802] NODE_DATA(0) allocated [mem 0x1ffdb000-0x1ffdefff]
[    0.050096] Zone ranges:
[    0.050197]   DMA      [mem 0x0000000000001000-0x0000000000ffffff]
[    0.050284]   DMA32    [mem 0x0000000001000000-0x000000001ffdefff]
[    0.050285]   Normal   empty
[    0.050287] Movable zone start for each node
[    0.050288] Early memory node ranges
[    0.050357]   node   0: [mem 0x0000000000001000-0x000000000009efff]
[    0.050359]   node   0: [mem 0x0000000000100000-0x000000001ffdefff]
[    0.050441] Initmem setup node 0 [mem 0x0000000000001000-0x000000001ffdefff]
[    0.050443] On node 0 totalpages: 130941
[    0.050674]   DMA zone: 64 pages used for memmap
[    0.050676]   DMA zone: 21 pages reserved
[    0.050678]   DMA zone: 3998 pages, LIFO batch:0
[    0.050680]   DMA32 zone: 1984 pages used for memmap
[    0.050681]   DMA32 zone: 126943 pages, LIFO batch:31
[    0.053926] On node 0, zone DMA: 1 pages in unavailable ranges
[    0.059469] On node 0, zone DMA: 97 pages in unavailable ranges
[    0.208581] On node 0, zone DMA32: 33 pages in unavailable ranges
[    0.212047] ACPI: PM-Timer IO Port: 0x608
[    0.212051] ACPI: Local APIC address 0xfee00000
[    0.212594] ACPI: LAPIC_NMI (acpi_id[0xff] dfl dfl lint[0x1])
[    0.214541] IOAPIC[0]: apic_id 0, version 17, address 0xfec00000, GSI 0-23
[    0.214577] ACPI: INT_SRC_OVR (bus 0 bus_irq 0 global_irq 2 dfl dfl)
[    0.214775] ACPI: INT_SRC_OVR (bus 0 bus_irq 5 global_irq 5 high level)
[    0.214776] ACPI: INT_SRC_OVR (bus 0 bus_irq 9 global_irq 9 high level)
[    0.214926] ACPI: INT_SRC_OVR (bus 0 bus_irq 10 global_irq 10 high level)
[    0.214928] ACPI: INT_SRC_OVR (bus 0 bus_irq 11 global_irq 11 high level)
[    0.214930] ACPI: IRQ0 used by override.
[    0.214931] ACPI: IRQ5 used by override.
[    0.214932] ACPI: IRQ9 used by override.
[    0.214933] ACPI: IRQ10 used by override.
[    0.214934] ACPI: IRQ11 used by override.
[    0.215023] Using ACPI (MADT) for SMP configuration information
[    0.215026] ACPI: HPET id: 0x8086a201 base: 0xfed00000
[    0.215625] smpboot: Allowing 16 CPUs, 0 hotplug CPUs
[    0.217451] PM: hibernation: Registered nosave memory: [mem 0x00000000-0x00000fff]
[    0.217453] PM: hibernation: Registered nosave memory: [mem 0x0009f000-0x0009ffff]
[    0.217454] PM: hibernation: Registered nosave memory: [mem 0x000a0000-0x000effff]
[    0.217455] PM: hibernation: Registered nosave memory: [mem 0x000f0000-0x000fffff]
[    0.217623] [mem 0x20000000-0xafffffff] available for PCI devices
[    0.217772] Booting paravirtualized kernel on KVM
[    0.218571] clocksource: refined-jiffies: mask: 0xffffffff max_cycles: 0xffffffff, max_idle_ns: 1910969940391419 ns
[    0.283453] setup_percpu: NR_CPUS:16 nr_cpumask_bits:16 nr_cpu_ids:16 nr_node_ids:1
[    0.377842] percpu: Embedded 56 pages/cpu s191448 r8192 d29736 u262144
[    0.378085] pcpu-alloc: s191448 r8192 d29736 u262144 alloc=1*2097152
[    0.378171] pcpu-alloc: [0] 00 01 02 03 04 05 06 07 [0] 08 09 10 11 12 13 14 15 
[    0.379420] kvm-guest: stealtime: cpu 0, msr 1f21b600
[    0.380840] Built 1 zonelists, mobility grouping on.  Total pages: 128872
[    0.380906] Policy zone: DMA32
[    0.381314] Kernel command line: selinux=0 initcall_debug debug console=ttyS0 nohz_full=2-9 rcutorture.onoff_interval=1000 rcutorture.onoff_holdoff=30 rcutorture.n_barrier_cbs=4 rcutorture.stat_interval=15 rcutorture.shutdown_secs=1800 rcutorture.test_no_idle_hz=1 rcutorture.verbose=1
[    0.396771] Dentry cache hash table entries: 65536 (order: 7, 524288 bytes, linear)
[    0.402084] Inode-cache hash table entries: 32768 (order: 6, 262144 bytes, linear)
[    0.403976] mem auto-init: stack:all(zero), heap alloc:off, heap free:off
[    0.558899] Memory: 477988K/523764K available (14349K kernel code, 2565K rwdata, 4704K rodata, 1504K init, 1464K bss, 45516K reserved, 0K cma-reserved)
[    0.560743] SLUB: HWalign=64, Order=0-3, MinObjects=0, CPUs=16, Nodes=1
[    0.562133] Kernel/User page tables isolation: enabled
[    0.578938] rcu: Hierarchical RCU implementation.
[    0.578941] rcu: 	RCU event tracing is enabled.
[    0.578942] rcu: 	CONFIG_RCU_FANOUT set to non-default value of 2.
[    0.578943] rcu: 	Four(or more)-level hierarchy is enabled.
[    0.578944] rcu: 	Build-time adjustment of leaf fanout to 2.
[    0.579180] 	Trampoline variant of Tasks RCU enabled.
[    0.579182] 	Rude variant of Tasks RCU enabled.
[    0.579183] 	Tracing variant of Tasks RCU enabled.
[    0.579493] rcu: RCU calculated value of scheduler-enlistment delay is 100 jiffies.
[    0.616866] NR_IRQS: 4352, nr_irqs: 552, preallocated irqs: 16
[    0.622046] NO_HZ: Full dynticks CPUs: 2-9.
[    0.622049] rcu: 	Offload RCU callbacks from CPUs: 2-9.
[    0.624724] calling  con_init+0x0/0x22a @ 0
[    0.850836] Console: colour VGA+ 80x25
[    0.850849] initcall con_init+0x0/0x22a returned 0 after 0 usecs
[    0.850853] calling  hvc_console_init+0x0/0x13 @ 0
[    0.850929] initcall hvc_console_init+0x0/0x13 returned 0 after 0 usecs
[    0.850931] calling  univ8250_console_init+0x0/0x26 @ 0
[    1.844052] printk: console [ttyS0] enabled
[    1.849446] initcall univ8250_console_init+0x0/0x26 returned 0 after 0 usecs
[    1.859517] ACPI: Core revision 20200925
[    1.866705] clocksource: hpet: mask: 0xffffffff max_cycles: 0xffffffff, max_idle_ns: 19112604467 ns
[    1.879352] APIC: Switch to symmetric I/O mode setup
[    1.885203] Switched APIC routing to physical flat.
[    1.905802] ..TIMER: vector=0x30 apic1=0 pin1=2 apic2=-1 pin2=-1
[    1.913441] clocksource: tsc-early: mask: 0xffffffffffffffff max_cycles: 0x39a85afc727, max_idle_ns: 881590685098 ns
[    1.926136] Calibrating delay loop (skipped) preset value.. 3999.99 BogoMIPS (lpj=1999999)
[    1.926838] pid_max: default: 32768 minimum: 301
[    1.928998] LSM: Security Framework initializing
[    1.930939] Mount-cache hash table entries: 1024 (order: 1, 8192 bytes, linear)
[    1.931813] Mountpoint-cache hash table entries: 1024 (order: 1, 8192 bytes, linear)
[    1.941081] Last level iTLB entries: 4KB 0, 2MB 0, 4MB 0
[    1.941786] Last level dTLB entries: 4KB 0, 2MB 0, 4MB 0, 1GB 0
[    1.942896] Spectre V1 : Mitigation: usercopy/swapgs barriers and __user pointer sanitization
[    1.943788] Spectre V2 : Mitigation: Retpolines
[    1.944786] Spectre V2 : Spectre v2 / SpectreRSB mitigation: Filling RSB on context switch
[    1.945786] Spectre V2 : Spectre v2 / SpectreRSB : Filling RSB on VMEXIT
[    1.946787] Speculative Store Bypass: Vulnerable
[    1.947819] MDS: Vulnerable: Clear CPU buffers attempted, no microcode
[    1.948786] MMIO Stale Data: Unknown: No mitigations
[    1.985682] Freeing SMP alternatives memory: 44K
[    2.091782] smpboot: CPU0: Intel Common KVM processor (family: 0xf, model: 0x6, stepping: 0x1)
[    2.092987] calling  init_hw_perf_events+0x0/0x6ce @ 1
[    2.093787] Performance Events: unsupported Netburst CPU model 6 no PMU driver, software events only.
[    2.094796] initcall init_hw_perf_events+0x0/0x6ce returned 0 after 976 usecs
[    2.096792] calling  init_real_mode+0x0/0x1e9 @ 1
[    2.098141] initcall init_real_mode+0x0/0x1e9 returned 0 after 0 usecs
[    2.098792] calling  trace_init_perf_perm_irq_work_exit+0x0/0x12 @ 1
[    2.099791] initcall trace_init_perf_perm_irq_work_exit+0x0/0x12 returned 0 after 0 usecs
[    2.100806] calling  validate_x2apic+0x0/0x4a @ 1
[    2.101815] initcall validate_x2apic+0x0/0x4a returned 0 after 0 usecs
[    2.102789] calling  register_nmi_cpu_backtrace_handler+0x0/0x15 @ 1
[    2.103789] initcall register_nmi_cpu_backtrace_handler+0x0/0x15 returned 0 after 0 usecs
[    2.104790] calling  kvm_setup_vsyscall_timeinfo+0x0/0xce @ 1
[    2.105790] initcall kvm_setup_vsyscall_timeinfo+0x0/0xce returned 0 after 0 usecs
[    2.106790] calling  spawn_ksoftirqd+0x0/0x38 @ 1
[    2.107887] initcall spawn_ksoftirqd+0x0/0x38 returned 0 after 0 usecs
[    2.108789] calling  migration_init+0x0/0x3c @ 1
[    2.109812] initcall migration_init+0x0/0x3c returned 0 after 0 usecs
[    2.110806] calling  srcu_bootup_announce+0x0/0x2f @ 1
[    2.111785] rcu: Hierarchical SRCU implementation.
[    2.112801] initcall srcu_bootup_announce+0x0/0x2f returned 0 after 976 usecs
[    2.113788] calling  rcu_spawn_gp_kthread+0x0/0x1dd @ 1
[    2.115023] initcall rcu_spawn_gp_kthread+0x0/0x1dd returned 0 after 0 usecs
[    2.115789] calling  check_cpu_stall_init+0x0/0x1a @ 1
[    2.116788] initcall check_cpu_stall_init+0x0/0x1a returned 0 after 0 usecs
[    2.117788] calling  rcu_sysrq_init+0x0/0x21 @ 1
[    2.118788] initcall rcu_sysrq_init+0x0/0x21 returned 0 after 0 usecs
[    2.119788] calling  trace_init_flags_sys_enter+0x0/0xe @ 1
[    2.120808] initcall trace_init_flags_sys_enter+0x0/0xe returned 0 after 0 usecs
[    2.121787] calling  trace_init_flags_sys_exit+0x0/0xe @ 1
[    2.122787] initcall trace_init_flags_sys_exit+0x0/0xe returned 0 after 0 usecs
[    2.124787] calling  cpu_stop_init+0x0/0x6e @ 1
[    2.125883] initcall cpu_stop_init+0x0/0x6e returned 0 after 0 usecs
[    2.126791] calling  init_kprobes+0x0/0x165 @ 1
[    2.128064] initcall init_kprobes+0x0/0x165 returned 0 after 0 usecs
[    2.128788] calling  init_events+0x0/0x3d @ 1
[    2.131061] initcall init_events+0x0/0x3d returned 0 after 976 usecs
[    2.131789] calling  init_trace_printk+0x0/0xc @ 1
[    2.132789] initcall init_trace_printk+0x0/0xc returned 0 after 0 usecs
[    2.133788] calling  event_trace_enable_again+0x0/0x23 @ 1
[    2.134788] initcall event_trace_enable_again+0x0/0x23 returned 0 after 0 usecs
[    2.135788] calling  static_call_init+0x0/0x77 @ 1
[    2.136787] initcall static_call_init+0x0/0x77 returned 0 after 0 usecs
[    2.137788] calling  jump_label_init_module+0x0/0xc @ 1
[    2.138789] initcall jump_label_init_module+0x0/0xc returned 0 after 0 usecs
[    2.139788] calling  init_zero_pfn+0x0/0x37 @ 1
[    2.140787] initcall init_zero_pfn+0x0/0x37 returned 0 after 0 usecs
[    2.141792] calling  initialize_ptr_random+0x0/0x54 @ 1
[    2.142791] initcall initialize_ptr_random+0x0/0x54 returned 0 after 0 usecs
[    2.143792] calling  efi_memreserve_root_init+0x0/0x25 @ 1
[    2.144842] initcall efi_memreserve_root_init+0x0/0x25 returned 0 after 0 usecs
[    2.145794] calling  efi_earlycon_remap_fb+0x0/0x51 @ 1
[    2.146793] initcall efi_earlycon_remap_fb+0x0/0x51 returned 0 after 0 usecs
[    2.150955] smp: Bringing up secondary CPUs ...
[    2.153419] x86: Booting SMP configuration:
[    2.153820] .... node  #0, CPUs:        #1
[    1.298431] kvm-clock: cpu 1, msr 1eeac041, secondary cpu clock
[    2.178955] kvm-guest: stealtime: cpu 1, msr 1f25b600
[    2.194560]   #2
[    1.298431] kvm-clock: cpu 2, msr 1eeac081, secondary cpu clock
[    2.216783] kvm-guest: stealtime: cpu 2, msr 1f29b600
[    2.231120]   #3
[    1.298431] kvm-clock: cpu 3, msr 1eeac0c1, secondary cpu clock
[    2.253783] kvm-guest: stealtime: cpu 3, msr 1f2db600
[    2.268418]   #4
[    1.298431] kvm-clock: cpu 4, msr 1eeac101, secondary cpu clock
[    2.290110] kvm-guest: stealtime: cpu 4, msr 1f31b600
[    2.305273]   #5
[    1.298431] kvm-clock: cpu 5, msr 1eeac141, secondary cpu clock
[    2.328900] kvm-guest: stealtime: cpu 5, msr 1f35b600
[    2.344065]   #6
[    1.298431] kvm-clock: cpu 6, msr 1eeac181, secondary cpu clock
[    2.366783] kvm-guest: stealtime: cpu 6, msr 1f39b600
[    2.381195]   #7
[    1.298431] kvm-clock: cpu 7, msr 1eeac1c1, secondary cpu clock
[    2.404155] kvm-guest: stealtime: cpu 7, msr 1f3db600
[    2.419619]   #8
[    1.298431] kvm-clock: cpu 8, msr 1eeac201, secondary cpu clock
[    2.443783] kvm-guest: stealtime: cpu 8, msr 1f41b600
[    2.458811]   #9
[    1.298431] kvm-clock: cpu 9, msr 1eeac241, secondary cpu clock
[    2.481783] kvm-guest: stealtime: cpu 9, msr 1f45b600
[    2.497456]  #10
[    1.298431] kvm-clock: cpu 10, msr 1eeac281, secondary cpu clock
[    2.519928] kvm-guest: stealtime: cpu 10, msr 1f49b600
[    2.536069]  #11
[    1.298431] kvm-clock: cpu 11, msr 1eeac2c1, secondary cpu clock
[    2.562782] kvm-guest: stealtime: cpu 11, msr 1f4db600
[    2.579188]  #12
[    1.298431] kvm-clock: cpu 12, msr 1eeac301, secondary cpu clock
[    2.603004] kvm-guest: stealtime: cpu 12, msr 1f51b600
[    2.620575]  #13
[    1.298431] kvm-clock: cpu 13, msr 1eeac341, secondary cpu clock
[    2.642971] kvm-guest: stealtime: cpu 13, msr 1f55b600
[    2.658697]  #14
[    1.298431] kvm-clock: cpu 14, msr 1eeac381, secondary cpu clock
[    2.682044] kvm-guest: stealtime: cpu 14, msr 1f59b600
[    2.696525]  #15
[    1.298431] kvm-clock: cpu 15, msr 1eeac3c1, secondary cpu clock
[    2.717914] kvm-guest: stealtime: cpu 15, msr 1f5db600
[    2.732828] smp: Brought up 1 node, 16 CPUs
[    2.733787] smpboot: Max logical packages: 1
[    2.734788] smpboot: Total of 16 processors activated (63999.96 BogoMIPS)
[    2.756172] devtmpfs: initialized
[    2.758106] calling  ipc_ns_init+0x0/0x3d @ 1
[    2.758802] initcall ipc_ns_init+0x0/0x3d returned 0 after 0 usecs
[    2.759795] calling  init_mmap_min_addr+0x0/0x21 @ 1
[    2.761793] initcall init_mmap_min_addr+0x0/0x21 returned 0 after 0 usecs
[    2.762791] calling  pci_realloc_setup_params+0x0/0x3f @ 1
[    2.763790] initcall pci_realloc_setup_params+0x0/0x3f returned 0 after 0 usecs
[    2.764818] calling  net_ns_init+0x0/0x11c @ 1
[    2.766992] initcall net_ns_init+0x0/0x11c returned 0 after 976 usecs
[    2.767807] calling  e820__register_nvs_regions+0x0/0x37 @ 1
[    2.768791] initcall e820__register_nvs_regions+0x0/0x37 returned 0 after 0 usecs
[    2.770782] calling  cpufreq_register_tsc_scaling+0x0/0x2e @ 1
[    2.771788] initcall cpufreq_register_tsc_scaling+0x0/0x2e returned 0 after 0 usecs
[    2.772789] calling  reboot_init+0x0/0x3c @ 1
[    2.773861] initcall reboot_init+0x0/0x3c returned 0 after 0 usecs
[    2.774789] calling  init_lapic_sysfs+0x0/0x20 @ 1
[    2.775789] initcall init_lapic_sysfs+0x0/0x20 returned 0 after 0 usecs
[    2.776789] calling  alloc_frozen_cpus+0x0/0x7 @ 1
[    2.778788] initcall alloc_frozen_cpus+0x0/0x7 returned 0 after 0 usecs
[    2.779788] calling  cpu_hotplug_pm_sync_init+0x0/0x13 @ 1
[    2.780792] initcall cpu_hotplug_pm_sync_init+0x0/0x13 returned 0 after 0 usecs
[    2.781790] calling  wq_sysfs_init+0x0/0x2a @ 1
[    2.782849] initcall wq_sysfs_init+0x0/0x2a returned 0 after 0 usecs
[    2.783789] calling  ksysfs_init+0x0/0x92 @ 1
[    2.784797] initcall ksysfs_init+0x0/0x92 returned 0 after 0 usecs
[    2.785789] calling  schedutil_gov_init+0x0/0xc @ 1
[    2.786853] initcall schedutil_gov_init+0x0/0xc returned 0 after 0 usecs
[    2.787788] calling  pm_init+0x0/0x76 @ 1
[    2.788861] initcall pm_init+0x0/0x76 returned 0 after 0 usecs
[    2.789788] calling  pm_disk_init+0x0/0x13 @ 1
[    2.790835] initcall pm_disk_init+0x0/0x13 returned 0 after 0 usecs
[    2.791788] calling  swsusp_header_init+0x0/0x2b @ 1
[    2.792792] initcall swsusp_header_init+0x0/0x2b returned 0 after 0 usecs
[    2.793790] calling  rcu_set_runtime_mode+0x0/0x16 @ 1
[    2.795246] initcall rcu_set_runtime_mode+0x0/0x16 returned 0 after 0 usecs
[    2.795792] calling  init_jiffies_clocksource+0x0/0x13 @ 1
[    2.796790] clocksource: jiffies: mask: 0xffffffff max_cycles: 0xffffffff, max_idle_ns: 1911260446275000 ns
[    2.797792] initcall init_jiffies_clocksource+0x0/0x13 returned 0 after 976 usecs
[    2.798792] calling  futex_init+0x0/0xf7 @ 1
[    2.799793] futex hash table entries: 4096 (order: 6, 262144 bytes, linear)
[    2.802185] initcall futex_init+0x0/0xf7 returned 0 after 1953 usecs
[    2.802789] calling  cgroup_wq_init+0x0/0x28 @ 1
[    2.803800] initcall cgroup_wq_init+0x0/0x28 returned 0 after 0 usecs
[    2.804820] calling  cgroup1_wq_init+0x0/0x28 @ 1
[    2.806799] initcall cgroup1_wq_init+0x0/0x28 returned 0 after 0 usecs
[    2.807816] calling  init_kprobe_trace_early+0x0/0x2a @ 1
[    2.809867] initcall init_kprobe_trace_early+0x0/0x2a returned 0 after 0 usecs
[    2.810802] calling  fsnotify_init+0x0/0x48 @ 1
[    2.811856] initcall fsnotify_init+0x0/0x48 returned 0 after 0 usecs
[    2.812788] calling  filelock_init+0x0/0x96 @ 1
[    2.813819] initcall filelock_init+0x0/0x96 returned 0 after 0 usecs
[    2.814788] calling  init_misc_binfmt+0x0/0x2c @ 1
[    2.815824] initcall init_misc_binfmt+0x0/0x2c returned 0 after 0 usecs
[    2.816792] calling  init_script_binfmt+0x0/0x15 @ 1
[    2.817813] initcall init_script_binfmt+0x0/0x15 returned 0 after 0 usecs
[    2.818790] calling  init_elf_binfmt+0x0/0x15 @ 1
[    2.819795] initcall init_elf_binfmt+0x0/0x15 returned 0 after 0 usecs
[    2.820789] calling  init_compat_elf_binfmt+0x0/0x15 @ 1
[    2.821795] initcall init_compat_elf_binfmt+0x0/0x15 returned 0 after 0 usecs
[    2.822793] calling  debugfs_init+0x0/0x5c @ 1
[    2.823797] initcall debugfs_init+0x0/0x5c returned 0 after 0 usecs
[    2.824790] calling  tracefs_init+0x0/0x3a @ 1
[    2.825796] initcall tracefs_init+0x0/0x3a returned 0 after 0 usecs
[    2.826790] calling  prandom_init_early+0x0/0x15d @ 1
[    2.827793] initcall prandom_init_early+0x0/0x15d returned 0 after 0 usecs
[    2.828792] calling  virtio_init+0x0/0x20 @ 1
[    2.829845] initcall virtio_init+0x0/0x20 returned 0 after 0 usecs
[    2.830791] calling  iommu_init+0x0/0x2a @ 1
[    2.831962] initcall iommu_init+0x0/0x2a returned 0 after 0 usecs
[    2.832790] calling  component_debug_init+0x0/0x1c @ 1
[    2.833852] initcall component_debug_init+0x0/0x1c returned 0 after 0 usecs
[    2.834791] calling  early_resume_init+0x0/0xb9 @ 1
[    2.836787] PM: RTC time: 06:38:14, date: 2022-12-13
[    2.837810] initcall early_resume_init+0x0/0xb9 returned 0 after 1953 usecs
[    2.838792] calling  cpufreq_core_init+0x0/0x62 @ 1
[    2.839818] initcall cpufreq_core_init+0x0/0x62 returned 0 after 0 usecs
[    2.840789] calling  cpufreq_gov_performance_init+0x0/0xc @ 1
[    2.841791] initcall cpufreq_gov_performance_init+0x0/0xc returned 0 after 0 usecs
[    2.842807] calling  cpufreq_gov_userspace_init+0x0/0xc @ 1
[    2.843791] initcall cpufreq_gov_userspace_init+0x0/0xc returned 0 after 0 usecs
[    2.844790] calling  CPU_FREQ_GOV_ONDEMAND_init+0x0/0xc @ 1
[    2.845794] initcall CPU_FREQ_GOV_ONDEMAND_init+0x0/0xc returned 0 after 0 usecs
[    2.846793] calling  cpuidle_init+0x0/0x1f @ 1
[    2.847845] initcall cpuidle_init+0x0/0x1f returned 0 after 0 usecs
[    2.848797] calling  capsule_reboot_register+0x0/0xc @ 1
[    2.849818] initcall capsule_reboot_register+0x0/0xc returned 0 after 0 usecs
[    2.850789] calling  sock_init+0x0/0x93 @ 1
[    2.852808] initcall sock_init+0x0/0x93 returned 0 after 976 usecs
[    2.853820] calling  net_inuse_init+0x0/0x23 @ 1
[    2.855801] initcall net_inuse_init+0x0/0x23 returned 0 after 0 usecs
[    2.856793] calling  net_defaults_init+0x0/0x23 @ 1
[    2.857796] initcall net_defaults_init+0x0/0x23 returned 0 after 0 usecs
[    2.858793] calling  init_default_flow_dissectors+0x0/0x4f @ 1
[    2.859812] initcall init_default_flow_dissectors+0x0/0x4f returned 0 after 0 usecs
[    2.860793] calling  netpoll_init+0x0/0x26 @ 1
[    2.861791] initcall netpoll_init+0x0/0x26 returned 0 after 0 usecs
[    2.862791] calling  netlink_proto_init+0x0/0x14f @ 1
[    2.864175] NET: Registered protocol family 16
[    2.864814] initcall netlink_proto_init+0x0/0x14f returned 0 after 976 usecs
[    2.865792] calling  genl_init+0x0/0x35 @ 1
[    2.866884] initcall genl_init+0x0/0x35 returned 0 after 0 usecs
[    2.867812] calling  bsp_pm_check_init+0x0/0x13 @ 1
[    2.868789] initcall bsp_pm_check_init+0x0/0x13 returned 0 after 0 usecs
[    2.869810] calling  irq_sysfs_init+0x0/0xb7 @ 1
[    2.871794] initcall irq_sysfs_init+0x0/0xb7 returned 0 after 976 usecs
[    2.872791] calling  audit_init+0x0/0x160 @ 1
[    2.873791] audit: initializing netlink subsys (disabled)
[    2.876141] initcall audit_init+0x0/0x160 returned 0 after 1953 usecs
[    2.875991] audit: type=2000 audit(1670913492.680:1): state=initialized audit_enabled=0 res=1
[    2.876795] calling  release_early_probes+0x0/0x32 @ 1
[    2.878792] initcall release_early_probes+0x0/0x32 returned 0 after 0 usecs
[    2.879791] calling  bdi_class_init+0x0/0x48 @ 1
[    2.880887] initcall bdi_class_init+0x0/0x48 returned 0 after 0 usecs
[    2.881790] calling  mm_sysfs_init+0x0/0x28 @ 1
[    2.882794] initcall mm_sysfs_init+0x0/0x28 returned 0 after 0 usecs
[    2.883790] calling  init_per_zone_wmark_min+0x0/0x6d @ 1
[    2.884795] initcall init_per_zone_wmark_min+0x0/0x6d returned 0 after 0 usecs
[    2.885789] calling  mpi_init+0x0/0x3e @ 1
[    2.886789] initcall mpi_init+0x0/0x3e returned 0 after 0 usecs
[    2.887789] calling  kobject_uevent_init+0x0/0xc @ 1
[    2.888796] initcall kobject_uevent_init+0x0/0xc returned 0 after 0 usecs
[    2.889789] calling  pcibus_class_init+0x0/0x13 @ 1
[    2.890818] initcall pcibus_class_init+0x0/0x13 returned 0 after 0 usecs
[    2.891792] calling  pci_driver_init+0x0/0x21 @ 1
[    2.892836] initcall pci_driver_init+0x0/0x21 returned 0 after 0 usecs
[    2.893793] calling  backlight_class_init+0x0/0xa8 @ 1
[    2.894817] initcall backlight_class_init+0x0/0xa8 returned 0 after 0 usecs
[    2.895790] calling  tty_class_init+0x0/0x33 @ 1
[    2.896801] initcall tty_class_init+0x0/0x33 returned 0 after 0 usecs
[    2.897790] calling  vtconsole_class_init+0x0/0xb5 @ 1
[    2.898863] initcall vtconsole_class_init+0x0/0xb5 returned 0 after 0 usecs
[    2.899790] calling  iommu_dev_init+0x0/0x13 @ 1
[    2.900816] initcall iommu_dev_init+0x0/0x13 returned 0 after 0 usecs
[    2.901790] calling  mipi_dsi_bus_init+0x0/0xc @ 1
[    2.903109] initcall mipi_dsi_bus_init+0x0/0xc returned 0 after 0 usecs
[    2.903790] calling  devlink_class_init+0x0/0x40 @ 1
[    2.904798] initcall devlink_class_init+0x0/0x40 returned 0 after 0 usecs
[    2.905790] calling  software_node_init+0x0/0x2a @ 1
[    2.906794] initcall software_node_init+0x0/0x2a returned 0 after 0 usecs
[    2.907792] calling  wakeup_sources_debugfs_init+0x0/0x23 @ 1
[    2.908999] initcall wakeup_sources_debugfs_init+0x0/0x23 returned 0 after 0 usecs
[    2.909793] calling  wakeup_sources_sysfs_init+0x0/0x2c @ 1
[    2.910805] initcall wakeup_sources_sysfs_init+0x0/0x2c returned 0 after 0 usecs
[    2.911791] calling  register_node_type+0x0/0x13 @ 1
[    2.912930] initcall register_node_type+0x0/0x13 returned 0 after 0 usecs
[    2.913790] calling  regmap_initcall+0x0/0xc @ 1
[    2.915873] initcall regmap_initcall+0x0/0xc returned 0 after 976 usecs
[    2.916903] calling  i2c_init+0x0/0xb3 @ 1
[    2.917892] initcall i2c_init+0x0/0xb3 returned 0 after 0 usecs
[    2.918793] calling  thermal_init+0x0/0xf2 @ 1
[    2.919817] thermal_sys: Registered thermal governor 'step_wise'
[    2.919818] thermal_sys: Registered thermal governor 'user_space'
[    2.920802] initcall thermal_init+0x0/0xf2 returned 0 after 976 usecs
[    2.922791] calling  init_menu+0x0/0xc @ 1
[    2.927789] cpuidle: using governor menu
[    2.933794] initcall init_menu+0x0/0xc returned 0 after 9765 usecs
[    2.940790] calling  pcc_init+0x0/0x4d @ 1
[    2.945791] initcall pcc_init+0x0/0x4d returned -19 after 0 usecs
[    2.953792] calling  amd_postcore_init+0x0/0x11e @ 1
[    2.960791] initcall amd_postcore_init+0x0/0x11e returned 0 after 0 usecs
[    2.968816] calling  bts_init+0x0/0xba @ 1
[    2.973788] initcall bts_init+0x0/0xba returned -19 after 0 usecs
[    2.981792] calling  pt_init+0x0/0x341 @ 1
[    2.986791] initcall pt_init+0x0/0x341 returned -19 after 0 usecs
[    2.993791] calling  boot_params_ksysfs_init+0x0/0x2ee @ 1
[    3.000826] initcall boot_params_ksysfs_init+0x0/0x2ee returned 0 after 0 usecs
[    3.009790] calling  sbf_init+0x0/0xea @ 1
[    3.013788] initcall sbf_init+0x0/0xea returned 0 after 0 usecs
[    3.020788] calling  arch_kdebugfs_init+0x0/0x219 @ 1
[    3.028050] initcall arch_kdebugfs_init+0x0/0x219 returned 0 after 0 usecs
[    3.035789] calling  intel_pconfig_init+0x0/0x85 @ 1
[    3.041787] initcall intel_pconfig_init+0x0/0x85 returned 0 after 0 usecs
[    3.049790] calling  mtrr_if_init+0x0/0x5d @ 1
[    3.054893] initcall mtrr_if_init+0x0/0x5d returned 0 after 0 usecs
[    3.062789] calling  activate_jump_labels+0x0/0x31 @ 1
[    3.068789] initcall activate_jump_labels+0x0/0x31 returned 0 after 0 usecs
[    3.077789] calling  ffh_cstate_init+0x0/0x29 @ 1
[    3.083795] initcall ffh_cstate_init+0x0/0x29 returned 0 after 0 usecs
[    3.091790] calling  activate_jump_labels+0x0/0x31 @ 1
[    3.099390] initcall activate_jump_labels+0x0/0x31 returned 0 after 976 usecs
[    3.107789] calling  kvm_alloc_cpumask+0x0/0x74 @ 1
[    3.113838] initcall kvm_alloc_cpumask+0x0/0x74 returned 0 after 0 usecs
[    3.122791] calling  kcmp_cookies_init+0x0/0x37 @ 1
[    3.128795] initcall kcmp_cookies_init+0x0/0x37 returned 0 after 0 usecs
[    3.136791] calling  cryptomgr_init+0x0/0xc @ 1
[    3.142833] initcall cryptomgr_init+0x0/0xc returned 0 after 0 usecs
[    3.150791] calling  acpi_pci_init+0x0/0x57 @ 1
[    3.157789] ACPI: bus type PCI registered
[    3.163790] initcall acpi_pci_init+0x0/0x57 returned 0 after 5859 usecs
[    3.171792] calling  dma_channel_table_init+0x0/0xd1 @ 1
[    3.178803] initcall dma_channel_table_init+0x0/0xd1 returned 0 after 0 usecs
[    3.187790] calling  dma_bus_init+0x0/0xdc @ 1
[    3.193129] initcall dma_bus_init+0x0/0xdc returned 0 after 976 usecs
[    3.201791] calling  iommu_dma_init+0x0/0x10 @ 1
[    3.206782] initcall iommu_dma_init+0x0/0x10 returned 0 after 0 usecs
[    3.214791] calling  dmi_id_init+0x0/0x37c @ 1
[    3.220891] initcall dmi_id_init+0x0/0x37c returned 0 after 0 usecs
[    3.228792] calling  pci_arch_init+0x0/0x71 @ 1
[    3.235197] PCI: MMCONFIG for domain 0000 [bus 00-ff] at [mem 0xb0000000-0xbfffffff] (base 0xb0000000)
[    3.246794] PCI: MMCONFIG at [mem 0xb0000000-0xbfffffff] reserved in E820
[    3.254830] PCI: Using configuration type 1 for base access
[    3.261792] initcall pci_arch_init+0x0/0x71 returned 0 after 26367 usecs
[    3.269809] calling  init_vdso+0x0/0x13 @ 1
[    3.274791] initcall init_vdso+0x0/0x13 returned 0 after 0 usecs
[    3.281790] calling  sysenter_setup+0x0/0x13 @ 1
[    3.287835] initcall sysenter_setup+0x0/0x13 returned 0 after 0 usecs
[    3.294790] calling  fixup_ht_bug+0x0/0xe5 @ 1
[    3.300789] initcall fixup_ht_bug+0x0/0xe5 returned 0 after 0 usecs
[    3.307790] calling  topology_init+0x0/0x88 @ 1
[    3.314076] initcall topology_init+0x0/0x88 returned 0 after 0 usecs
[    3.322795] calling  intel_epb_init+0x0/0x68 @ 1
[    3.328792] initcall intel_epb_init+0x0/0x68 returned -19 after 0 usecs
[    3.336791] calling  mtrr_init_finialize+0x0/0x3e @ 1
[    3.342791] initcall mtrr_init_finialize+0x0/0x3e returned 0 after 0 usecs
[    3.351811] calling  uid_cache_init+0x0/0x81 @ 1
[    3.356798] initcall uid_cache_init+0x0/0x81 returned 0 after 0 usecs
[    3.364790] calling  param_sysfs_init+0x0/0x1ba @ 1
[    3.380700] initcall param_sysfs_init+0x0/0x1ba returned 0 after 9765 usecs
[    3.389810] calling  user_namespace_sysctl_init+0x0/0x33 @ 1
[    3.396804] initcall user_namespace_sysctl_init+0x0/0x33 returned 0 after 0 usecs
[    3.405790] calling  proc_schedstat_init+0x0/0x24 @ 1
[    3.411793] initcall proc_schedstat_init+0x0/0x24 returned 0 after 0 usecs
[    3.420789] calling  pm_sysrq_init+0x0/0x18 @ 1
[    3.427964] initcall pm_sysrq_init+0x0/0x18 returned 0 after 1953 usecs
[    3.435870] calling  create_proc_profile+0x0/0xd0 @ 1
[    3.442792] initcall create_proc_profile+0x0/0xd0 returned 0 after 0 usecs
[    3.450794] calling  time_ns_init+0x0/0x7 @ 1
[    3.455791] initcall time_ns_init+0x0/0x7 returned 0 after 0 usecs
[    3.463792] calling  crash_save_vmcoreinfo_init+0x0/0x722 @ 1
[    3.470948] initcall crash_save_vmcoreinfo_init+0x0/0x722 returned 0 after 0 usecs
[    3.480790] calling  crash_notes_memory_init+0x0/0x35 @ 1
[    3.489240] initcall crash_notes_memory_init+0x0/0x35 returned 0 after 0 usecs
[    3.497791] calling  cgroup_sysfs_init+0x0/0x13 @ 1
[    3.503864] initcall cgroup_sysfs_init+0x0/0x13 returned 0 after 0 usecs
[    3.511790] calling  cgroup_namespaces_init+0x0/0x7 @ 1
[    3.518789] initcall cgroup_namespaces_init+0x0/0x7 returned 0 after 0 usecs
[    3.526789] calling  init_optprobes+0x0/0x13 @ 1
[    3.532813] Kprobes globally optimized
[    3.537790] initcall init_optprobes+0x0/0x13 returned 0 after 4882 usecs
[    3.545789] calling  oom_init+0x0/0x2f @ 1
[    3.552001] initcall oom_init+0x0/0x2f returned 0 after 976 usecs
[    3.558792] calling  default_bdi_init+0x0/0xb3 @ 1
[    3.566036] initcall default_bdi_init+0x0/0xb3 returned 0 after 976 usecs
[    3.574790] calling  percpu_enable_async+0x0/0xe @ 1
[    3.580789] initcall percpu_enable_async+0x0/0xe returned 0 after 0 usecs
[    3.588791] calling  kcompactd_init+0x0/0x8d @ 1
[    3.595844] initcall kcompactd_init+0x0/0x8d returned 0 after 976 usecs
[    3.603793] calling  init_user_reserve+0x0/0x40 @ 1
[    3.609791] initcall init_user_reserve+0x0/0x40 returned 0 after 0 usecs
[    3.618791] calling  init_admin_reserve+0x0/0x40 @ 1
[    3.621790] initcall init_admin_reserve+0x0/0x40 returned 0 after 0 usecs
[    3.629794] calling  init_reserve_notifier+0x0/0x7 @ 1
[    3.637794] initcall init_reserve_notifier+0x0/0x7 returned 0 after 0 usecs
[    3.647794] calling  swap_init_sysfs+0x0/0x62 @ 1
[    3.654804] initcall swap_init_sysfs+0x0/0x62 returned 0 after 0 usecs
[    3.664791] calling  swapfile_init+0x0/0x94 @ 1
[    3.668791] initcall swapfile_init+0x0/0x94 returned 0 after 0 usecs
[    3.677788] calling  hugetlb_init+0x0/0x496 @ 1
[    3.683796] HugeTLB registered 2.00 MiB page size, pre-allocated 0 pages
[    3.692811] initcall hugetlb_init+0x0/0x496 returned 0 after 8789 usecs
[    3.700791] calling  io_wq_init+0x0/0x34 @ 1
[    3.705791] initcall io_wq_init+0x0/0x34 returned 0 after 0 usecs
[    3.713791] calling  seqiv_module_init+0x0/0xc @ 1
[    3.719792] initcall seqiv_module_init+0x0/0xc returned 0 after 0 usecs
[    3.728791] calling  echainiv_module_init+0x0/0xc @ 1
[    3.735792] initcall echainiv_module_init+0x0/0xc returned 0 after 0 usecs
[    3.743792] calling  rsa_init+0x0/0x50 @ 1
[    3.753310] cryptomgr_test (119) used greatest stack depth: 15504 bytes left
[    3.753797] initcall rsa_init+0x0/0x50 returned 0 after 3906 usecs
[    3.755797] calling  crypto_cmac_module_init+0x0/0xc @ 1
[    3.756795] initcall crypto_cmac_module_init+0x0/0xc returned 0 after 0 usecs
[    3.757793] calling  hmac_module_init+0x0/0xc @ 1
[    3.758793] initcall hmac_module_init+0x0/0xc returned 0 after 0 usecs
[    3.759791] calling  crypto_null_mod_init+0x0/0x65 @ 1
[    3.773796] initcall crypto_null_mod_init+0x0/0x65 returned 0 after 12695 usecs
[    3.774793] calling  md5_mod_init+0x0/0xc @ 1
[    3.780799] initcall md5_mod_init+0x0/0xc returned 0 after 4882 usecs
[    3.781792] calling  sha256_generic_mod_init+0x0/0x11 @ 1
[    3.789182] initcall sha256_generic_mod_init+0x0/0x11 returned 0 after 5859 usecs
[    3.789792] calling  crypto_cbc_module_init+0x0/0xc @ 1
[    3.790965] initcall crypto_cbc_module_init+0x0/0xc returned 0 after 0 usecs
[    3.791790] calling  crypto_ctr_module_init+0x0/0x11 @ 1
[    3.792791] initcall crypto_ctr_module_init+0x0/0x11 returned 0 after 0 usecs
[    3.793791] calling  crypto_gcm_module_init+0x0/0x64 @ 1
[    3.795791] initcall crypto_gcm_module_init+0x0/0x64 returned 0 after 976 usecs
[    3.796790] calling  crypto_ccm_module_init+0x0/0x11 @ 1
[    3.797792] initcall crypto_ccm_module_init+0x0/0x11 returned 0 after 0 usecs
[    3.798808] calling  aes_init+0x0/0xc @ 1
[    3.801004] initcall aes_init+0x0/0xc returned 0 after 976 usecs
[    3.801791] calling  crc32c_mod_init+0x0/0xc @ 1
[    3.803790] initcall crc32c_mod_init+0x0/0xc returned 0 after 976 usecs
[    3.804790] calling  crypto_authenc_module_init+0x0/0xc @ 1
[    3.805792] initcall crypto_authenc_module_init+0x0/0xc returned 0 after 0 usecs
[    3.806792] calling  crypto_authenc_esn_module_init+0x0/0xc @ 1
[    3.807793] initcall crypto_authenc_esn_module_init+0x0/0xc returned 0 after 0 usecs
[    3.808791] calling  drbg_init+0x0/0x7c @ 1
[    3.817932] initcall drbg_init+0x0/0x7c returned 0 after 7812 usecs
[    3.818790] calling  ghash_mod_init+0x0/0xc @ 1
[    3.820940] initcall ghash_mod_init+0x0/0xc returned 0 after 976 usecs
[    3.821797] calling  init_bio+0x0/0x9a @ 1
[    3.822835] initcall init_bio+0x0/0x9a returned 0 after 0 usecs
[    3.823791] calling  blk_settings_init+0x0/0x29 @ 1
[    3.824789] initcall blk_settings_init+0x0/0x29 returned 0 after 0 usecs
[    3.825790] calling  blk_ioc_init+0x0/0x29 @ 1
[    3.826819] initcall blk_ioc_init+0x0/0x29 returned 0 after 0 usecs
[    3.827792] calling  blk_mq_init+0x0/0xb9 @ 1
[    3.828792] initcall blk_mq_init+0x0/0xb9 returned 0 after 0 usecs
[    3.829790] calling  genhd_device_init+0x0/0x75 @ 1
[    3.831979] initcall genhd_device_init+0x0/0x75 returned 0 after 976 usecs
[    3.832794] calling  pci_slot_init+0x0/0x40 @ 1
[    3.833796] initcall pci_slot_init+0x0/0x40 returned 0 after 0 usecs
[    3.834789] calling  fbmem_init+0x0/0xd8 @ 1
[    3.835843] initcall fbmem_init+0x0/0xd8 returned 0 after 0 usecs
[    3.836789] calling  acpi_init+0x0/0x319 @ 1
[    3.837989] ACPI: Added _OSI(Module Device)
[    3.838787] ACPI: Added _OSI(Processor Device)
[    3.839787] ACPI: Added _OSI(3.0 _SCP Extensions)
[    3.840787] ACPI: Added _OSI(Processor Aggregator Device)
[    3.841788] ACPI: Added _OSI(Linux-Dell-Video)
[    3.842787] ACPI: Added _OSI(Linux-Lenovo-NV-HDMI-Audio)
[    3.843788] ACPI: Added _OSI(Linux-HPI-Hybrid-Graphics)
[    3.846584] ACPI: 1 ACPI AML tables successfully acquired and loaded
[    3.852818] ACPI: Interpreter enabled
[    3.853846] ACPI: (supports S0 S3 S4 S5)
[    3.854787] ACPI: Using IOAPIC for interrupt routing
[    3.855827] PCI: Using host bridge windows from ACPI; if necessary, use "pci=nocrs" and report a bug
[    3.857348] ACPI: Enabled 2 GPEs in block 00 to 3F
[    3.864906] ACPI: PCI Root Bridge [PCI0] (domain 0000 [bus 00-ff])
[    3.865896] acpi PNP0A08:00: _OSC: OS supports [ExtendedConfig ASPM ClockPM Segments MSI HPX-Type3]
[    3.866933] acpi PNP0A08:00: _OSC: platform does not support [LTR]
[    3.867866] acpi PNP0A08:00: _OSC: OS now controls [PME PCIeCapability]
[    3.868919] PCI host bridge to bus 0000:00
[    3.869838] pci_bus 0000:00: root bus resource [io  0x0000-0x0cf7 window]
[    3.870854] pci_bus 0000:00: root bus resource [io  0x0d00-0xffff window]
[    3.871790] pci_bus 0000:00: root bus resource [mem 0x000a0000-0x000bffff window]
[    3.872790] pci_bus 0000:00: root bus resource [mem 0x20000000-0xafffffff window]
[    3.873791] pci_bus 0000:00: root bus resource [mem 0xc0000000-0xfebfffff window]
[    3.874789] pci_bus 0000:00: root bus resource [mem 0x100000000-0x8ffffffff window]
[    3.875791] pci_bus 0000:00: root bus resource [bus 00-ff]
[    3.877902] pci 0000:00:00.0: calling  quirk_mmio_always_on+0x0/0x10 @ 1
[    3.878793] pci 0000:00:00.0: quirk_mmio_always_on+0x0/0x10 took 0 usecs
[    3.879801] pci 0000:00:00.0: [8086:29c0] type 00 class 0x060000
[    3.884912] pci 0000:00:00.0: calling  quirk_igfx_skip_te_disable+0x0/0x80 @ 1
[    3.885792] pci 0000:00:00.0: quirk_igfx_skip_te_disable+0x0/0x80 took 0 usecs
[    3.889183] pci 0000:00:01.0: [1234:1111] type 00 class 0x030000
[    3.902782] pci 0000:00:01.0: reg 0x10: [mem 0xfd000000-0xfdffffff pref]
[    3.922782] pci 0000:00:01.0: reg 0x18: [mem 0xfebf0000-0xfebf0fff]
[    3.946667] pci 0000:00:01.0: reg 0x30: [mem 0xfebe0000-0xfebeffff pref]
[    3.950309] pci 0000:00:01.0: calling  efifb_fixup_resources+0x0/0xf0 @ 1
[    3.950816] pci 0000:00:01.0: efifb_fixup_resources+0x0/0xf0 took 0 usecs
[    3.961033] pci 0000:00:1f.0: [8086:2918] type 00 class 0x060100
[    3.968559] pci 0000:00:1f.0: calling  quirk_ich7_lpc+0x0/0x60 @ 1
[    3.969134] pci 0000:00:1f.0: quirk: [io  0x0600-0x067f] claimed by ICH6 ACPI/GPIO/TCO
[    3.970311] pci 0000:00:1f.0: quirk_ich7_lpc+0x0/0x60 took 976 usecs
[    3.970799] pci 0000:00:1f.0: calling  quirk_igfx_skip_te_disable+0x0/0x80 @ 1
[    3.971839] pci 0000:00:1f.0: quirk_igfx_skip_te_disable+0x0/0x80 took 0 usecs
[    3.975542] pci 0000:00:1f.2: [8086:2922] type 00 class 0x010601
[    3.984789] pci 0000:00:1f.2: reg 0x20: [io  0xc040-0xc05f]
[    3.987790] pci 0000:00:1f.2: reg 0x24: [mem 0xfebf1000-0xfebf1fff]
[    3.990920] pci 0000:00:1f.2: calling  quirk_igfx_skip_te_disable+0x0/0x80 @ 1
[    3.991792] pci 0000:00:1f.2: quirk_igfx_skip_te_disable+0x0/0x80 took 0 usecs
[    3.997042] pci 0000:00:1f.3: [8086:2930] type 00 class 0x0c0500
[    4.003787] pci 0000:00:1f.3: reg 0x20: [io  0x0700-0x073f]
[    4.007420] pci 0000:00:1f.3: calling  quirk_igfx_skip_te_disable+0x0/0x80 @ 1
[    4.007791] pci 0000:00:1f.3: quirk_igfx_skip_te_disable+0x0/0x80 took 0 usecs
[    4.011852] ACPI: PCI Interrupt Link [LNKA] (IRQs 5 *10 11)
[    4.013205] ACPI: PCI Interrupt Link [LNKB] (IRQs 5 *10 11)
[    4.014910] ACPI: PCI Interrupt Link [LNKC] (IRQs 5 10 *11)
[    4.016177] ACPI: PCI Interrupt Link [LNKD] (IRQs 5 10 *11)
[    4.017193] ACPI: PCI Interrupt Link [LNKE] (IRQs 5 *10 11)
[    4.019113] ACPI: PCI Interrupt Link [LNKF] (IRQs 5 *10 11)
[    4.020170] ACPI: PCI Interrupt Link [LNKG] (IRQs 5 10 *11)
[    4.021906] ACPI: PCI Interrupt Link [LNKH] (IRQs 5 10 *11)
[    4.023981] ACPI: PCI Interrupt Link [GSIA] (IRQs *16)
[    4.024796] ACPI: PCI Interrupt Link [GSIB] (IRQs *17)
[    4.025797] ACPI: PCI Interrupt Link [GSIC] (IRQs *18)
[    4.026796] ACPI: PCI Interrupt Link [GSID] (IRQs *19)
[    4.027797] ACPI: PCI Interrupt Link [GSIE] (IRQs *20)
[    4.028796] ACPI: PCI Interrupt Link [GSIF] (IRQs *21)
[    4.029798] ACPI: PCI Interrupt Link [GSIG] (IRQs *22)
[    4.030816] ACPI: PCI Interrupt Link [GSIH] (IRQs *23)
[    4.036530] initcall acpi_init+0x0/0x319 returned 0 after 193359 usecs
[    4.036918] calling  pnp_init+0x0/0xc @ 1
[    4.037890] initcall pnp_init+0x0/0xc returned 0 after 0 usecs
[    4.038789] calling  misc_init+0x0/0xbf @ 1
[    4.039983] initcall misc_init+0x0/0xbf returned 0 after 0 usecs
[    4.040787] calling  iommu_subsys_init+0x0/0x4e @ 1
[    4.041915] iommu: Default domain type: Translated 
[    4.043789] initcall iommu_subsys_init+0x0/0x4e returned 0 after 1953 usecs
[    4.044820] calling  vga_arb_device_init+0x0/0x261 @ 1
[    4.048392] pci 0000:00:01.0: vgaarb: setting as boot VGA device
[    4.048782] pci 0000:00:01.0: vgaarb: VGA device added: decodes=io+mem,owns=io+mem,locks=none
[    4.048791] pci 0000:00:01.0: vgaarb: bridge control possible
[    4.049787] vgaarb: loaded
[    4.050791] initcall vga_arb_device_init+0x0/0x261 returned 0 after 4882 usecs
[    4.051792] calling  cn_init+0x0/0xf0 @ 1
[    4.053002] initcall cn_init+0x0/0xf0 returned 0 after 0 usecs
[    4.053789] calling  dma_buf_init+0x0/0xad @ 1
[    4.058384] initcall dma_buf_init+0x0/0xad returned 0 after 2929 usecs
[    4.058789] calling  init_scsi+0x0/0x79 @ 1
[    4.060187] SCSI subsystem initialized
[    4.060789] initcall init_scsi+0x0/0x79 returned 0 after 976 usecs
[    4.061788] calling  ata_init+0x0/0x332 @ 1
[    4.075931] libata version 3.00 loaded.
[    4.076790] initcall ata_init+0x0/0x332 returned 0 after 13671 usecs
[    4.077792] calling  phy_init+0x0/0x250 @ 1
[    4.079792] initcall phy_init+0x0/0x250 returned 0 after 976 usecs
[    4.081791] calling  init_pcmcia_cs+0x0/0x35 @ 1
[    4.084698] initcall init_pcmcia_cs+0x0/0x35 returned 0 after 0 usecs
[    4.084791] calling  usb_common_init+0x0/0x1c @ 1
[    4.086009] initcall usb_common_init+0x0/0x1c returned 0 after 0 usecs
[    4.086791] calling  usb_init+0x0/0x12e @ 1
[    4.089390] ACPI: bus type USB registered
[    4.092494] usbcore: registered new interface driver usbfs
[    4.092811] usbcore: registered new interface driver hub
[    4.093809] usbcore: registered new device driver usb
[    4.094922] initcall usb_init+0x0/0x12e returned 0 after 6835 usecs
[    4.095795] calling  serio_init+0x0/0x29 @ 1
[    4.096851] initcall serio_init+0x0/0x29 returned 0 after 0 usecs
[    4.097790] calling  input_init+0x0/0xf6 @ 1
[    4.099883] initcall input_init+0x0/0xf6 returned 0 after 976 usecs
[    4.100792] calling  rtc_init+0x0/0x4d @ 1
[    4.102802] initcall rtc_init+0x0/0x4d returned 0 after 976 usecs
[    4.103791] calling  pps_init+0x0/0xa9 @ 1
[    4.104898] pps_core: LinuxPPS API ver. 1 registered
[    4.105786] pps_core: Software ver. 5.3.6 - Copyright 2005-2007 Rodolfo Giometti <giometti@linux.it>
[    4.106944] initcall pps_init+0x0/0xa9 returned 0 after 1953 usecs
[    4.107792] calling  ptp_init+0x0/0x98 @ 1
[    4.108804] PTP clock support registered
[    4.109792] initcall ptp_init+0x0/0x98 returned 0 after 976 usecs
[    4.110794] calling  power_supply_class_init+0x0/0x3f @ 1
[    4.113924] initcall power_supply_class_init+0x0/0x3f returned 0 after 976 usecs
[    4.114798] calling  hwmon_init+0x0/0x104 @ 1
[    4.116802] initcall hwmon_init+0x0/0x104 returned 0 after 976 usecs
[    4.117791] calling  md_init+0x0/0x16b @ 1
[    4.126035] initcall md_init+0x0/0x16b returned 0 after 6835 usecs
[    4.126791] calling  leds_init+0x0/0x3b @ 1
[    4.128802] initcall leds_init+0x0/0x3b returned 0 after 976 usecs
[    4.129789] calling  dmi_init+0x0/0x113 @ 1
[    4.133792] initcall dmi_init+0x0/0x113 returned 0 after 2929 usecs
[    4.134792] calling  efisubsys_init+0x0/0x4e7 @ 1
[    4.136025] initcall efisubsys_init+0x0/0x4e7 returned 0 after 0 usecs
[    4.136837] calling  nvmem_init+0x0/0xc @ 1
[    4.138314] initcall nvmem_init+0x0/0xc returned 0 after 0 usecs
[    4.138794] calling  init_soundcore+0x0/0x33 @ 1
[    4.139799] initcall init_soundcore+0x0/0x33 returned 0 after 0 usecs
[    4.140788] calling  alsa_sound_init+0x0/0x8f @ 1
[    4.142126] Advanced Linux Sound Architecture Driver Initialized.
[    4.142788] initcall alsa_sound_init+0x0/0x8f returned 0 after 976 usecs
[    4.143789] calling  alsa_seq_device_init+0x0/0x71 @ 1
[    4.145001] initcall alsa_seq_device_init+0x0/0x71 returned 0 after 0 usecs
[    4.145788] calling  hda_bus_init+0x0/0xc @ 1
[    4.147798] initcall hda_bus_init+0x0/0xc returned 0 after 976 usecs
[    4.148790] calling  proto_init+0x0/0xc @ 1
[    4.150019] initcall proto_init+0x0/0xc returned 0 after 0 usecs
[    4.150791] calling  net_dev_init+0x0/0x209 @ 1
[    4.158801] initcall net_dev_init+0x0/0x209 returned 0 after 6835 usecs
[    4.159793] calling  neigh_init+0x0/0x84 @ 1
[    4.160793] initcall neigh_init+0x0/0x84 returned 0 after 0 usecs
[    4.161791] calling  fib_notifier_init+0x0/0xc @ 1
[    4.162794] initcall fib_notifier_init+0x0/0xc returned 0 after 0 usecs
[    4.163789] calling  fib_rules_init+0x0/0xab @ 1
[    4.164794] initcall fib_rules_init+0x0/0xab returned 0 after 0 usecs
[    4.166788] calling  pktsched_init+0x0/0x10e @ 1
[    4.167797] initcall pktsched_init+0x0/0x10e returned 0 after 0 usecs
[    4.168791] calling  tc_filter_init+0x0/0xfa @ 1
[    4.169801] initcall tc_filter_init+0x0/0xfa returned 0 after 0 usecs
[    4.171788] calling  tc_action_init+0x0/0x54 @ 1
[    4.172790] initcall tc_action_init+0x0/0x54 returned 0 after 0 usecs
[    4.173790] calling  ethnl_init+0x0/0x52 @ 1
[    4.174919] initcall ethnl_init+0x0/0x52 returned 0 after 0 usecs
[    4.175791] calling  nexthop_init+0x0/0xd8 @ 1
[    4.177119] initcall nexthop_init+0x0/0xd8 returned 0 after 0 usecs
[    4.177853] calling  cipso_v4_init+0x0/0x5d @ 1
[    4.178914] initcall cipso_v4_init+0x0/0x5d returned 0 after 0 usecs
[    4.179790] calling  ieee80211_init+0x0/0x24 @ 1
[    4.181008] initcall ieee80211_init+0x0/0x24 returned 0 after 0 usecs
[    4.181791] calling  netlbl_init+0x0/0x78 @ 1
[    4.182855] NetLabel: Initializing
[    4.183787] NetLabel:  domain hash size = 128
[    4.184787] NetLabel:  protocols = UNLABELED CIPSOv4 CALIPSO
[    4.185928] NetLabel:  unlabeled traffic allowed by default
[    4.186794] initcall netlbl_init+0x0/0x78 returned 0 after 3906 usecs
[    4.187792] calling  rfkill_init+0x0/0x111 @ 1
[    4.189926] initcall rfkill_init+0x0/0x111 returned 0 after 976 usecs
[    4.190795] calling  pci_subsys_init+0x0/0x66 @ 1
[    4.191870] PCI: Using ACPI for IRQ routing
[    4.899943] PCI: pci_cache_line_size set to 64 bytes
[    4.902474] e820: reserve RAM buffer [mem 0x0009fc00-0x0009ffff]
[    4.902824] e820: reserve RAM buffer [mem 0x1ffdf000-0x1fffffff]
[    4.903879] initcall pci_subsys_init+0x0/0x66 returned 0 after 695312 usecs
[    4.905027] calling  nmi_warning_debugfs+0x0/0x26 @ 1
[    4.906003] initcall nmi_warning_debugfs+0x0/0x26 returned 0 after 0 usecs
[    4.906793] calling  save_microcode_in_initrd+0x0/0x51 @ 1
[    4.908003] initcall save_microcode_in_initrd+0x0/0x51 returned 0 after 0 usecs
[    4.908805] calling  hpet_late_init+0x0/0x207 @ 1
[    4.910822] hpet: 3 channels of 0 reserved for per-cpu timers
[    4.911949] hpet0: at MMIO 0xfed00000, IRQs 2, 8, 0
[    4.912786] hpet0: 3 comparators, 64-bit 100.000000 MHz counter
[    4.916791] initcall hpet_late_init+0x0/0x207 returned 0 after 6835 usecs
[    4.917790] calling  init_amd_nbs+0x0/0x11c @ 1
[    4.918966] initcall init_amd_nbs+0x0/0x11c returned 0 after 0 usecs
[    4.919824] calling  clocksource_done_booting+0x0/0x41 @ 1
[    4.924782] clocksource: Switched to clocksource kvm-clock
[    4.931615] initcall clocksource_done_booting+0x0/0x41 returned 0 after 10573 usecs
[    4.940938] calling  tracer_init_tracefs+0x0/0x242 @ 1
[    5.136557] initcall tracer_init_tracefs+0x0/0x242 returned 0 after 184500 usecs
[    5.145983] calling  init_trace_printk_function_export+0x0/0x2c @ 1
[    5.153746] initcall init_trace_printk_function_export+0x0/0x2c returned 0 after 28 usecs
[    5.163854] calling  init_kprobe_trace+0x0/0x1a9 @ 1
[    5.170279] initcall init_kprobe_trace+0x0/0x1a9 returned 0 after 266 usecs
[    5.178865] calling  init_dynamic_event+0x0/0x3d @ 1
[    5.185165] initcall init_dynamic_event+0x0/0x3d returned 0 after 64 usecs
[    5.193476] calling  init_uprobe_trace+0x0/0x5c @ 1
[    5.199722] initcall init_uprobe_trace+0x0/0x5c returned 0 after 120 usecs
[    5.209024] calling  init_pipe_fs+0x0/0x44 @ 1
[    5.217477] initcall init_pipe_fs+0x0/0x44 returned 0 after 2293 usecs
[    5.225575] calling  inotify_user_setup+0x0/0x47 @ 1
[    5.232047] initcall inotify_user_setup+0x0/0x47 returned 0 after 130 usecs
[    5.241908] calling  eventpoll_init+0x0/0xd4 @ 1
[    5.247535] initcall eventpoll_init+0x0/0xd4 returned 0 after 71 usecs
[    5.255412] calling  anon_inode_init+0x0/0x58 @ 1
[    5.261075] initcall anon_inode_init+0x0/0x58 returned 0 after 108 usecs
[    5.269201] calling  proc_locks_init+0x0/0x27 @ 1
[    5.275135] initcall proc_locks_init+0x0/0x27 returned 0 after 282 usecs
[    5.283317] calling  iomap_init+0x0/0x1b @ 1
[    5.289273] initcall iomap_init+0x0/0x1b returned 0 after 625 usecs
[    5.296667] calling  dquot_init+0x0/0x106 @ 1
[    5.301989] VFS: Disk quotas dquot_6.6.0
[    5.307502] VFS: Dquot-cache hash table entries: 512 (order 0, 4096 bytes)
[    5.315867] initcall dquot_init+0x0/0x106 returned 0 after 13550 usecs
[    5.323975] calling  quota_init+0x0/0x23 @ 1
[    5.329411] initcall quota_init+0x0/0x23 returned 0 after 192 usecs
[    5.337158] calling  proc_cmdline_init+0x0/0x21 @ 1
[    5.343473] initcall proc_cmdline_init+0x0/0x21 returned 0 after 20 usecs
[    5.352112] calling  proc_consoles_init+0x0/0x24 @ 1
[    5.359767] initcall proc_consoles_init+0x0/0x24 returned 0 after 18 usecs
[    5.368102] calling  proc_cpuinfo_init+0x0/0x1e @ 1
[    5.374069] initcall proc_cpuinfo_init+0x0/0x1e returned 0 after 6 usecs
[    5.383758] calling  proc_devices_init+0x0/0x24 @ 1
[    5.390186] initcall proc_devices_init+0x0/0x24 returned 0 after 97 usecs
[    5.399015] calling  proc_interrupts_init+0x0/0x24 @ 1
[    5.405632] initcall proc_interrupts_init+0x0/0x24 returned 0 after 6 usecs
[    5.414783] calling  proc_loadavg_init+0x0/0x21 @ 1
[    5.421110] initcall proc_loadavg_init+0x0/0x21 returned 0 after 5 usecs
[    5.429792] calling  proc_meminfo_init+0x0/0x21 @ 1
[    5.436338] initcall proc_meminfo_init+0x0/0x21 returned 0 after 4 usecs
[    5.445080] calling  proc_stat_init+0x0/0x1e @ 1
[    5.452305] initcall proc_stat_init+0x0/0x1e returned 0 after 4 usecs
[    5.460455] calling  proc_uptime_init+0x0/0x21 @ 1
[    5.468895] initcall proc_uptime_init+0x0/0x21 returned 0 after 344 usecs
[    5.478594] calling  proc_version_init+0x0/0x21 @ 1
[    5.486064] initcall proc_version_init+0x0/0x21 returned 0 after 3 usecs
[    5.494641] calling  proc_softirqs_init+0x0/0x21 @ 1
[    5.500563] initcall proc_softirqs_init+0x0/0x21 returned 0 after 3 usecs
[    5.508675] calling  proc_kcore_init+0x0/0xea @ 1
[    5.514345] initcall proc_kcore_init+0x0/0xea returned 0 after 153 usecs
[    5.522253] calling  vmcore_init+0x0/0x578 @ 1
[    5.527511] initcall vmcore_init+0x0/0x578 returned 0 after 15 usecs
[    5.534875] calling  proc_kmsg_init+0x0/0x21 @ 1
[    5.540607] initcall proc_kmsg_init+0x0/0x21 returned 0 after 3 usecs
[    5.548104] calling  proc_page_init+0x0/0x3b @ 1
[    5.553459] initcall proc_page_init+0x0/0x3b returned 0 after 3 usecs
[    5.561267] calling  init_ramfs_fs+0x0/0xc @ 1
[    5.566735] initcall init_ramfs_fs+0x0/0xc returned 0 after 54 usecs
[    5.574254] calling  init_hugetlbfs_fs+0x0/0xf6 @ 1
[    5.580129] initcall init_hugetlbfs_fs+0x0/0xf6 returned 0 after 191 usecs
[    5.588139] calling  blk_scsi_ioctl_init+0x0/0x2a5 @ 1
[    5.594452] initcall blk_scsi_ioctl_init+0x0/0x2a5 returned 0 after 41 usecs
[    5.602599] calling  acpi_event_init+0x0/0x2c @ 1
[    5.608334] initcall acpi_event_init+0x0/0x2c returned 0 after 58 usecs
[    5.615988] calling  pnp_system_init+0x0/0xc @ 1
[    5.622360] initcall pnp_system_init+0x0/0xc returned 0 after 894 usecs
[    5.630173] calling  pnpacpi_init+0x0/0x69 @ 1
[    5.635336] pnp: PnP ACPI init
[    5.642270] pnp 00:00: Plug and Play ACPI device, IDs PNP0303 (active)
[    5.649975] pnp 00:01: Plug and Play ACPI device, IDs PNP0f13 (active)
[    5.657685] pnp 00:02: Plug and Play ACPI device, IDs PNP0400 (active)
[    5.665492] pnp 00:03: Plug and Play ACPI device, IDs PNP0501 (active)
[    5.673324] pnp 00:04: Plug and Play ACPI device, IDs PNP0b00 (active)
[    5.681111] system 00:05: [mem 0xb0000000-0xbfffffff window] has been reserved
[    5.689461] system 00:05: Plug and Play ACPI device, IDs PNP0c01 (active)
[    5.699080] pnp: PnP ACPI: found 6 devices
[    5.704787] initcall pnpacpi_init+0x0/0x69 returned 0 after 67827 usecs
[    5.714260] calling  chr_dev_init+0x0/0x14d @ 1
[    5.781427] initcall chr_dev_init+0x0/0x14d returned 0 after 58990 usecs
[    5.789487] calling  firmware_class_init+0x0/0xe7 @ 1
[    5.795800] initcall firmware_class_init+0x0/0xe7 returned 0 after 135 usecs
[    5.804063] calling  init_pcmcia_bus+0x0/0x5b @ 1
[    5.809780] initcall init_pcmcia_bus+0x0/0x5b returned 0 after 162 usecs
[    5.819254] calling  init_acpi_pm_clocksource+0x0/0xda @ 1
[    5.831018] clocksource: acpi_pm: mask: 0xffffff max_cycles: 0xffffff, max_idle_ns: 2085701024 ns
[    5.841346] initcall init_acpi_pm_clocksource+0x0/0xda returned 0 after 15350 usecs
[    5.850328] calling  sysctl_core_init+0x0/0x26 @ 1
[    5.856181] initcall sysctl_core_init+0x0/0x26 returned 0 after 268 usecs
[    5.864401] calling  eth_offload_init+0x0/0x13 @ 1
[    5.870088] initcall eth_offload_init+0x0/0x13 returned 0 after 14 usecs
[    5.877917] calling  ipv4_offload_init+0x0/0x73 @ 1
[    5.883921] initcall ipv4_offload_init+0x0/0x73 returned 0 after 71 usecs
[    5.892178] calling  inet_init+0x0/0x276 @ 1
[    5.897278] NET: Registered protocol family 2
[    5.903277] IP idents hash table entries: 8192 (order: 4, 65536 bytes, linear)
[    5.916388] tcp_listen_portaddr_hash hash table entries: 256 (order: 0, 4096 bytes, linear)
[    5.927007] TCP established hash table entries: 4096 (order: 3, 32768 bytes, linear)
[    5.936383] TCP bind hash table entries: 4096 (order: 4, 65536 bytes, linear)
[    5.945191] TCP: Hash tables configured (established 4096 bind 4096)
[    5.953219] UDP hash table entries: 256 (order: 1, 8192 bytes, linear)
[    5.961278] UDP-Lite hash table entries: 256 (order: 1, 8192 bytes, linear)
[    5.969940] initcall inet_init+0x0/0x276 returned 0 after 71023 usecs
[    5.977855] calling  af_unix_init+0x0/0x4d @ 1
[    5.983202] NET: Registered protocol family 1
[    5.988568] initcall af_unix_init+0x0/0x4d returned 0 after 5253 usecs
[    5.996545] calling  ipv6_offload_init+0x0/0x7e @ 1
[    6.002593] initcall ipv6_offload_init+0x0/0x7e returned 0 after 92 usecs
[    6.011085] calling  init_sunrpc+0x0/0x65 @ 1
[    6.022349] RPC: Registered named UNIX socket transport module.
[    6.029458] RPC: Registered udp transport module.
[    6.035348] RPC: Registered tcp transport module.
[    6.040778] RPC: Registered tcp NFSv4.1 backchannel transport module.
[    6.048206] initcall init_sunrpc+0x0/0x65 returned 0 after 30588 usecs
[    6.055847] calling  cfg80211_init+0x0/0xc5 @ 1
[    6.063192] initcall cfg80211_init+0x0/0xc5 returned 0 after 2022 usecs
[    6.072280] calling  pcibios_assign_resources+0x0/0xbf @ 1
[    6.079080] pci_bus 0000:00: resource 4 [io  0x0000-0x0cf7 window]
[    6.086313] pci_bus 0000:00: resource 5 [io  0x0d00-0xffff window]
[    6.093640] pci_bus 0000:00: resource 6 [mem 0x000a0000-0x000bffff window]
[    6.101604] pci_bus 0000:00: resource 7 [mem 0x20000000-0xafffffff window]
[    6.109731] pci_bus 0000:00: resource 8 [mem 0xc0000000-0xfebfffff window]
[    6.117656] pci_bus 0000:00: resource 9 [mem 0x100000000-0x8ffffffff window]
[    6.126018] initcall pcibios_assign_resources+0x0/0xbf returned 0 after 46051 usecs
[    6.134905] calling  pci_apply_final_quirks+0x0/0x124 @ 1
[    6.141457] pci 0000:00:01.0: calling  pci_fixup_video+0x0/0xe0 @ 1
[    6.149173] pci 0000:00:01.0: Video device with shadowed ROM at [mem 0x000c0000-0x000dffff]
[    6.158712] pci 0000:00:01.0: pci_fixup_video+0x0/0xe0 took 9578 usecs
[    6.166809] PCI: CLS 0 bytes, default 64
[    6.171416] initcall pci_apply_final_quirks+0x0/0x124 returned 0 after 29473 usecs
[    6.180303] calling  acpi_reserve_resources+0x0/0xea @ 1
[    6.186696] initcall acpi_reserve_resources+0x0/0xea returned 0 after 38 usecs
[    6.195175] calling  populate_rootfs+0x0/0x102 @ 1
[    6.204298] initcall populate_rootfs+0x0/0x102 returned 0 after 3393 usecs
[    6.214604] calling  pci_iommu_init+0x0/0x3e @ 1
[    6.220916] initcall pci_iommu_init+0x0/0x3e returned 0 after 190 usecs
[    6.228946] calling  ia32_binfmt_init+0x0/0x13 @ 1
[    6.234787] initcall ia32_binfmt_init+0x0/0x13 returned 0 after 32 usecs
[    6.242681] calling  rapl_pmu_init+0x0/0x267 @ 1
[    6.248252] initcall rapl_pmu_init+0x0/0x267 returned -19 after 27 usecs
[    6.256225] calling  amd_uncore_init+0x0/0x310 @ 1
[    6.261955] initcall amd_uncore_init+0x0/0x310 returned -19 after 0 usecs
[    6.269926] calling  amd_ibs_init+0x0/0x243 @ 1
[    6.275409] initcall amd_ibs_init+0x0/0x243 returned -19 after 0 usecs
[    6.283089] calling  amd_iommu_pc_init+0x0/0x215 @ 1
[    6.289060] initcall amd_iommu_pc_init+0x0/0x215 returned -19 after 29 usecs
[    6.297493] calling  msr_init+0x0/0x55 @ 1
[    6.302566] initcall msr_init+0x0/0x55 returned 0 after 129 usecs
[    6.309788] calling  intel_uncore_init+0x0/0x36f @ 1
[    6.315803] initcall intel_uncore_init+0x0/0x36f returned -19 after 48 usecs
[    6.324160] calling  cstate_pmu_init+0x0/0x1a1 @ 1
[    6.329961] initcall cstate_pmu_init+0x0/0x1a1 returned -19 after 0 usecs
[    6.338130] calling  register_kernel_offset_dumper+0x0/0x1a @ 1
[    6.345105] initcall register_kernel_offset_dumper+0x0/0x1a returned 0 after 12 usecs
[    6.354387] calling  i8259A_init_ops+0x0/0x20 @ 1
[    6.359961] initcall i8259A_init_ops+0x0/0x20 returned 0 after 1 usecs
[    6.367778] calling  init_tsc_clocksource+0x0/0xa4 @ 1
[    6.374143] clocksource: tsc: mask: 0xffffffffffffffff max_cycles: 0x39a85afc727, max_idle_ns: 881590685098 ns
[    6.386066] initcall init_tsc_clocksource+0x0/0xa4 returned 0 after 11643 usecs
[    6.394952] calling  add_rtc_cmos+0x0/0xb0 @ 1
[    6.400367] initcall add_rtc_cmos+0x0/0xb0 returned 0 after 19 usecs
[    6.408016] calling  i8237A_init_ops+0x0/0x3a @ 1
[    6.414009] initcall i8237A_init_ops+0x0/0x3a returned 0 after 60 usecs
[    6.421947] calling  umwait_init+0x0/0x94 @ 1
[    6.427293] initcall umwait_init+0x0/0x94 returned -19 after 23 usecs
[    6.435246] calling  thermal_throttle_init_device+0x0/0x3d @ 1
[    6.442292] initcall thermal_throttle_init_device+0x0/0x3d returned 0 after 45 usecs
[    6.451776] calling  msr_init+0x0/0xd7 @ 1
[    6.492454] initcall msr_init+0x0/0xd7 returned 0 after 34818 usecs
[    6.500190] calling  cpuid_init+0x0/0xd7 @ 1
[    6.531016] initcall cpuid_init+0x0/0xd7 returned 0 after 24988 usecs
[    6.538953] calling  ioapic_init_ops+0x0/0x13 @ 1
[    6.544635] initcall ioapic_init_ops+0x0/0x13 returned 0 after 23 usecs
[    6.552443] calling  add_pcspkr+0x0/0x6c @ 1
[    6.557680] initcall add_pcspkr+0x0/0x6c returned 0 after 86 usecs
[    6.565151] calling  start_periodic_check_for_corruption+0x0/0x30 @ 1
[    6.573256] check: Scanning for low memory corruption every 60 seconds
[    6.581260] initcall start_periodic_check_for_corruption+0x0/0x30 returned 0 after 7857 usecs
[    6.591618] calling  sysfb_init+0x0/0x9c @ 1
[    6.596992] initcall sysfb_init+0x0/0x9c returned 0 after 112 usecs
[    6.604685] calling  audit_classes_init+0x0/0xae @ 1
[    6.612482] initcall audit_classes_init+0x0/0xae returned 0 after 28 usecs
[    6.622798] calling  iosf_mbi_init+0x0/0x24 @ 1
[    6.630247] initcall iosf_mbi_init+0x0/0x24 returned 0 after 466 usecs
[    6.639246] calling  proc_execdomains_init+0x0/0x21 @ 1
[    6.645527] initcall proc_execdomains_init+0x0/0x21 returned 0 after 7 usecs
[    6.654090] calling  register_warn_debugfs+0x0/0x23 @ 1
[    6.660497] initcall register_warn_debugfs+0x0/0x23 returned 0 after 117 usecs
[    6.669120] calling  cpuhp_sysfs_init+0x0/0x79 @ 1
[    6.678137] initcall cpuhp_sysfs_init+0x0/0x79 returned 0 after 1292 usecs
[    6.688605] calling  ioresources_init+0x0/0x49 @ 1
[    6.696191] initcall ioresources_init+0x0/0x49 returned 0 after 236 usecs
[    6.706539] calling  snapshot_device_init+0x0/0xc @ 1
[    6.713723] initcall snapshot_device_init+0x0/0xc returned 0 after 959 usecs
[    6.722296] calling  irq_pm_init_ops+0x0/0x13 @ 1
[    6.723003] initcall irq_pm_init_ops+0x0/0x13 returned 0 after 66 usecs
[    6.723003] calling  rcu_torture_init+0x0/0x9a6 @ 1
[    6.723003] rcu-torture:--- Start of test: nreaders=15 nfakewriters=4 stat_interval=15 verbose=1 test_no_idle_hz=1 shuffle_interval=3 stutter=5 irqreader=1 fqs_duration=0 fqs_holdoff=0 fqs_stutter=3 test_boost=1/0 test_boost_interval=7 test_boost_duration=4 shutdown_secs=1800 stall_cpu=0 stall_cpu_holdoff=10 stall_cpu_irqsoff=0 stall_cpu_block=0 n_barrier_cbs=4 onoff_interval=1000 onoff_holdoff=30 read_exit_delay=13 read_exit_burst=16
[    6.723003] rcu:  Start-test grace-period state: g-1028 f0x0
[    6.723003] rcu-torture: Creating rcu_torture_writer task
[    6.803213] rcu-torture: Creating rcu_torture_fakewriter task
[    6.803297] rcu-torture: rcu_torture_writer task started
[    6.812236] rcu-torture: Creating rcu_torture_fakewriter task
[    6.812672] rcu-torture: rcu_torture_fakewriter task started
[    6.816906] rcu-torture: GP expediting controlled from boot/sysfs for rcu.
[    6.825528] rcu-torture: Creating rcu_torture_fakewriter task
[    6.826049] rcu-torture: rcu_torture_fakewriter task started
[    6.831468] rcu_torture_writer: Testing conditional GPs.
[    6.831469] rcu_torture_writer: Testing expedited GPs.
[    6.831470] rcu_torture_writer: Testing asynchronous GPs.
[    6.831471] rcu_torture_writer: Testing normal GPs.
[    6.879567] rcu-torture: Creating rcu_torture_fakewriter task
[    6.879955] rcu-torture: rcu_torture_fakewriter task started
[    6.888527] rcu-torture: Creating rcu_torture_reader task
[    6.888900] rcu-torture: rcu_torture_fakewriter task started
[    6.908066] rcu-torture: Creating rcu_torture_reader task
[    6.908401] rcu-torture: rcu_torture_reader task started
[    6.916033] rcu-torture: Creating rcu_torture_reader task
[    6.916335] rcu-torture: rcu_torture_reader task started
[    6.935286] rcu-torture: Creating rcu_torture_reader task
[    6.935347] rcu-torture: rcu_torture_reader task started
[    6.944179] rcu-torture: Creating rcu_torture_reader task
[    6.944354] rcu-torture: rcu_torture_reader task started
[    6.963493] rcu-torture: Creating rcu_torture_reader task
[    6.963525] rcu-torture: rcu_torture_reader task started
[    6.971578] rcu-torture: Creating rcu_torture_reader task
[    6.971952] rcu-torture: rcu_torture_reader task started
[    6.990695] rcu-torture: Creating rcu_torture_reader task
[    6.991143] rcu-torture: rcu_torture_reader task started
[    6.998444] rcu-torture: Creating rcu_torture_reader task
[    6.998460] rcu-torture: rcu_torture_reader task started
[    7.045049] rcu-torture: rcu_torture_reader task started
[    7.045180] rcu-torture: Creating rcu_torture_reader task
[    7.065010] rcu-torture: Creating rcu_torture_reader task
[    7.065188] rcu-torture: rcu_torture_reader task started
[    7.073007] rcu-torture: rcu_torture_reader task started
[    7.073178] rcu-torture: Creating rcu_torture_reader task
[    7.074548] rcu-torture: Creating rcu_torture_reader task
[    7.074571] rcu-torture: rcu_torture_reader task started
[    7.077100] rcu-torture: rcu_torture_reader task started
[    7.077237] rcu-torture: Creating rcu_torture_reader task
[    7.086231] rcu-torture: Creating rcu_torture_reader task
[    7.090002] rcu-torture: rcu_torture_reader task started
[    7.135154] rcu-torture: Creating rcu_torture_stats task
[    7.135182] rcu-torture: rcu_torture_reader task started
[    7.149070] rcu-torture: Creating torture_shuffle task
[    7.153022] rcu-torture: rcu_torture_stats task started
[    7.159453] rcu-torture: Creating torture_stutter task
[    7.159504] rcu-torture: torture_shuffle task started
[    7.180440] rcu-torture: Creating torture_shutdown task
[    7.180472] rcu-torture: torture_stutter task started
[    7.191692] rcu-torture: Creating torture_onoff task
[    7.191723] rcu-torture: torture_shutdown task started
[    7.191725] rcu-torture:torture_shutdown task: 1799988 ms remaining
[    7.224654] rcu-torture: torture_onoff task started
[    7.224704] rcu-torture: Creating rcu_torture_fwd_prog task
[    7.231392] rcu-torture: torture_onoff begin holdoff
[    7.241476] rcu-torture: rcu_torture_fwd_progress task started
[    7.241549] rcu-torture: Creating rcu_torture_barrier_cbs task
[    7.243080] rcu-torture: Creating rcu_torture_barrier_cbs task
[    7.243192] rcu-torture: rcu_torture_barrier_cbs task started
[    7.250211] rcu-torture: Creating rcu_torture_barrier_cbs task
[    7.250355] rcu-torture: rcu_torture_barrier_cbs task started
[    7.297082] rcu-torture: Creating rcu_torture_barrier_cbs task
[    7.297271] rcu-torture: rcu_torture_barrier_cbs task started
[    7.306262] rcu-torture: Creating rcu_torture_barrier task
[    7.306473] rcu-torture: rcu_torture_barrier_cbs task started
[    7.330439] rcu-torture: Creating rcu_torture_read_exit task
[    7.331018] rcu-torture: rcu_torture_barrier task starting
[    7.340773] rcu-torture: rcu_torture_read_exit: Start of test
[    7.341671] initcall rcu_torture_init+0x0/0x9a6 returned 0 after 585727 usecs
[    7.341850] calling  timekeeping_init_ops+0x0/0x13 @ 1
[    7.341897] initcall timekeeping_init_ops+0x0/0x13 returned 0 after 49 usecs
[    7.341897] calling  init_clocksource_sysfs+0x0/0x23 @ 1
[    7.341897] initcall init_clocksource_sysfs+0x0/0x23 returned 0 after 1263 usecs
[    7.341897] calling  init_timer_list_procfs+0x0/0x31 @ 1
[    7.341897] initcall init_timer_list_procfs+0x0/0x31 returned 0 after 231 usecs
[    7.341897] calling  alarmtimer_init+0x0/0xc7 @ 1
[    7.341897] initcall alarmtimer_init+0x0/0xc7 returned 0 after 290 usecs
[    7.341897] calling  init_posix_timers+0x0/0x29 @ 1
[    7.341897] initcall init_posix_timers+0x0/0x29 returned 0 after 98 usecs
[    7.341897] calling  clockevents_init_sysfs+0x0/0xbf @ 1
[    7.341897] initcall clockevents_init_sysfs+0x0/0xbf returned 0 after 390 usecs
[    7.341897] calling  proc_dma_init+0x0/0x21 @ 1
[    7.341897] initcall proc_dma_init+0x0/0x21 returned 0 after 12 usecs
[    7.341897] calling  proc_modules_init+0x0/0x1e @ 1
[    7.341897] initcall proc_modules_init+0x0/0x1e returned 0 after 1 usecs
[    7.341897] calling  kallsyms_init+0x0/0x21 @ 1
[    7.341897] initcall kallsyms_init+0x0/0x21 returned 0 after 0 usecs
[    7.341897] calling  pid_namespaces_init+0x0/0x2c @ 1
[    7.341897] initcall pid_namespaces_init+0x0/0x2c returned 0 after 992 usecs
[    7.341897] calling  audit_watch_init+0x0/0x37 @ 1
[    7.341897] initcall audit_watch_init+0x0/0x37 returned 0 after 37 usecs
[    7.341897] calling  audit_fsnotify_init+0x0/0x37 @ 1
[    7.341897] initcall audit_fsnotify_init+0x0/0x37 returned 0 after 0 usecs
[    7.341897] calling  audit_tree_init+0x0/0x6d @ 1
[    7.341897] initcall audit_tree_init+0x0/0x6d returned 0 after 3 usecs
[    7.341897] calling  seccomp_sysctl_init+0x0/0x2b @ 1
[    7.341897] initcall seccomp_sysctl_init+0x0/0x2b returned 0 after 261 usecs
[    7.341897] calling  utsname_sysctl_init+0x0/0x13 @ 1
[    7.341897] initcall utsname_sysctl_init+0x0/0x13 returned 0 after 105 usecs
[    7.341897] calling  init_tracepoints+0x0/0x27 @ 1
[    7.341897] initcall init_tracepoints+0x0/0x27 returned 0 after 95 usecs
[    7.341897] calling  init_blk_tracer+0x0/0x50 @ 1
[    7.341897] initcall init_blk_tracer+0x0/0x50 returned 0 after 1628 usecs
[    7.341897] calling  perf_event_sysfs_init+0x0/0x81 @ 1
[    7.341897] initcall perf_event_sysfs_init+0x0/0x81 returned 0 after 587 usecs
[    7.356611] rcu_torture_rea (192) used greatest stack depth: 15496 bytes left
[    7.341897] calling  system_trusted_keyring_init+0x0/0x60 @ 1
[    7.341897] Initialise system trusted keyrings
[    7.341897] initcall system_trusted_keyring_init+0x0/0x60 returned 0 after 100 usecs
[    7.341897] calling  kswapd_init+0x0/0x5c @ 1
[    7.368132] initcall kswapd_init+0x0/0x5c returned 0 after 1646 usecs
[    7.711521] calling  extfrag_debug_init+0x0/0x54 @ 1
[    7.718985] initcall extfrag_debug_init+0x0/0x54 returned 0 after 859 usecs
[    7.728353] calling  mm_compute_batch_init+0x0/0x12 @ 1
[    7.735219] initcall mm_compute_batch_init+0x0/0x12 returned 0 after 15 usecs
[    7.744611] calling  slab_proc_init+0x0/0x21 @ 1
[    7.750989] initcall slab_proc_init+0x0/0x21 returned 0 after 78 usecs
[    7.760013] calling  workingset_init+0x0/0x8c @ 1
[    7.766776] workingset: timestamp_bits=56 max_order=17 bucket_order=0
[    7.775648] initcall workingset_init+0x0/0x8c returned 0 after 8687 usecs
[    7.784781] calling  proc_vmalloc_init+0x0/0x32 @ 1
[    7.791579] initcall proc_vmalloc_init+0x0/0x32 returned 0 after 14 usecs
[    7.800970] calling  procswaps_init+0x0/0x1e @ 1
[    7.807764] initcall procswaps_init+0x0/0x1e returned 0 after 90 usecs
[    7.816459] calling  slab_sysfs_init+0x0/0xea @ 1
[    7.825424] initcall slab_sysfs_init+0x0/0xea returned 0 after 2820 usecs
[    7.833899] calling  fcntl_init+0x0/0x29 @ 1
[    7.839596] initcall fcntl_init+0x0/0x29 returned 0 after 8 usecs
[    7.847490] calling  proc_filesystems_init+0x0/0x21 @ 1
[    7.854120] initcall proc_filesystems_init+0x0/0x21 returned 0 after 5 usecs
[    7.863403] calling  start_dirtytime_writeback+0x0/0x29 @ 1
[    7.871177] initcall start_dirtytime_writeback+0x0/0x29 returned 0 after 2 usecs
[    7.881152] calling  blkdev_init+0x0/0x1b @ 1
[    7.887272] initcall blkdev_init+0x0/0x1b returned 0 after 256 usecs
[    7.895635] calling  dio_init+0x0/0x2c @ 1
[    7.900900] initcall dio_init+0x0/0x2c returned 0 after 65 usecs
[    7.908580] calling  dnotify_init+0x0/0x78 @ 1
[    7.914743] initcall dnotify_init+0x0/0x78 returned 0 after 13 usecs
[    7.922769] calling  aio_setup+0x0/0x78 @ 1
[    7.929262] initcall aio_setup+0x0/0x78 returned 0 after 948 usecs
[    7.937079] calling  io_uring_init+0x0/0x2c @ 1
[    7.942932] initcall io_uring_init+0x0/0x2c returned 0 after 7 usecs
[    7.950767] calling  mbcache_init+0x0/0x30 @ 1
[    7.956512] initcall mbcache_init+0x0/0x30 returned 0 after 76 usecs
[    7.964403] calling  init_grace+0x0/0xc @ 1
[    7.972961] initcall init_grace+0x0/0xc returned 0 after 113 usecs
[    7.981422] calling  init_v2_quota_format+0x0/0x21 @ 1
[    7.988550] initcall init_v2_quota_format+0x0/0x21 returned 0 after 64 usecs
[    7.998726] calling  init_devpts_fs+0x0/0x27 @ 1
[    8.005368] initcall init_devpts_fs+0x0/0x27 returned 0 after 151 usecs
[    8.014583] calling  ext4_init_fs+0x0/0x1d0 @ 1
[    8.021079] initcall ext4_init_fs+0x0/0x1d0 returned 0 after 410 usecs
[    8.030080] calling  journal_init+0x0/0x11c @ 1
[    8.036098] initcall journal_init+0x0/0x11c returned 0 after 86 usecs
[    8.044759] calling  init_fat_fs+0x0/0x49 @ 1
[    8.050786] initcall init_fat_fs+0x0/0x49 returned 0 after 66 usecs
[    8.059067] calling  init_vfat_fs+0x0/0xc @ 1
[    8.064911] initcall init_vfat_fs+0x0/0xc returned 0 after 5 usecs
[    8.072985] calling  init_msdos_fs+0x0/0xc @ 1
[    8.079040] initcall init_msdos_fs+0x0/0xc returned 0 after 4 usecs
[    8.087421] calling  init_iso9660_fs+0x0/0x6c @ 1
[    8.094166] initcall init_iso9660_fs+0x0/0x6c returned 0 after 616 usecs
[    8.104253] calling  init_nfs_fs+0x0/0x13a @ 1
[    8.113790] initcall init_nfs_fs+0x0/0x13a returned 0 after 3236 usecs
[    8.113881] calling  init_nfs_v2+0x0/0x13 @ 1
[    8.113881] initcall init_nfs_v2+0x0/0x13 returned 0 after 68 usecs
[    8.113881] calling  init_nfs_v3+0x0/0x13 @ 1
[    8.113881] initcall init_nfs_v3+0x0/0x13 returned 0 after 1 usecs
[    8.113881] calling  init_nfs_v4+0x0/0x32 @ 1
[    8.113881] NFS: Registering the id_resolver key type
[    8.113881] Key type id_resolver registered
[    8.113881] Key type id_legacy registered
[    8.113881] initcall init_nfs_v4+0x0/0x32 returned 0 after 20879 usecs
[    8.113881] calling  init_nlm+0x0/0x5b @ 1
[    8.113881] initcall init_nlm+0x0/0x5b returned 0 after 89 usecs
[    8.113881] calling  init_nls_cp437+0x0/0xe @ 1
[    8.113881] initcall init_nls_cp437+0x0/0xe returned 0 after 147 usecs
[    8.228697] calling  init_nls_ascii+0x0/0xe @ 1
[    8.235712] initcall init_nls_ascii+0x0/0xe returned 0 after 0 usecs
[    8.245244] calling  init_nls_iso8859_1+0x0/0xe @ 1
[    8.252634] initcall init_nls_iso8859_1+0x0/0xe returned 0 after 0 usecs
[    8.262982] calling  init_nls_utf8+0x0/0x21 @ 1
[    8.270320] initcall init_nls_utf8+0x0/0x21 returned 0 after 1 usecs
[    8.279748] calling  init_autofs_fs+0x0/0x25 @ 1
[    8.290699] initcall init_autofs_fs+0x0/0x25 returned 0 after 3233 usecs
[    8.291066] calling  ipc_init+0x0/0x24 @ 1
[    8.291066] initcall ipc_init+0x0/0x24 returned 0 after 69 usecs
[    8.291066] calling  ipc_sysctl_init+0x0/0x13 @ 1
[    8.291066] initcall ipc_sysctl_init+0x0/0x13 returned 0 after 46 usecs
[    8.291066] calling  init_mqueue_fs+0x0/0x9a @ 1
[    8.291066] initcall init_mqueue_fs+0x0/0x9a returned 0 after 668 usecs
[    8.291066] calling  key_proc_init+0x0/0x63 @ 1
[    8.291066] initcall key_proc_init+0x0/0x63 returned 0 after 28 usecs
[    8.291066] calling  selinux_nf_ip_init+0x0/0x2e @ 1
[    8.291066] initcall selinux_nf_ip_init+0x0/0x2e returned 0 after 91 usecs
[    8.291066] calling  init_sel_fs+0x0/0x116 @ 1
[    8.291066] initcall init_sel_fs+0x0/0x116 returned 0 after 1 usecs
[    8.415480] calling  selnl_init+0x0/0x7c @ 1
[    8.430101] initcall selnl_init+0x0/0x7c returned 0 after 1769 usecs
[    8.441762] calling  sel_netif_init+0x0/0x36 @ 1
[    8.449585] initcall sel_netif_init+0x0/0x36 returned 0 after 0 usecs
[    8.459834] calling  sel_netnode_init+0x0/0x33 @ 1
[    8.467845] initcall sel_netnode_init+0x0/0x33 returned 0 after 0 usecs
[    8.479071] calling  sel_netport_init+0x0/0x33 @ 1
[    8.487464] initcall sel_netport_init+0x0/0x33 returned 0 after 1 usecs
[    8.499676] calling  aurule_init+0x0/0x2a @ 1
[    8.507937] initcall aurule_init+0x0/0x2a returned 0 after 1 usecs
[    8.517955] calling  crypto_algapi_init+0x0/0xc @ 1
[    8.525751] initcall crypto_algapi_init+0x0/0xc returned 0 after 7 usecs
[    8.535094] calling  jent_mod_init+0x0/0x2d @ 1
[    8.565073] initcall jent_mod_init+0x0/0x2d returned 0 after 23335 usecs
[    8.565290] calling  asymmetric_key_init+0x0/0xc @ 1
[    8.565290] Key type asymmetric registered
[    8.565290] initcall asymmetric_key_init+0x0/0xc returned 0 after 5904 usecs
[    8.565290] calling  x509_key_init+0x0/0xc @ 1
[    8.565290] Asymmetric key parser 'x509' registered
[    8.565290] initcall x509_key_init+0x0/0xc returned 0 after 7215 usecs
[    8.565290] calling  proc_genhd_init+0x0/0x41 @ 1
[    8.565290] initcall proc_genhd_init+0x0/0x41 returned 0 after 6 usecs
[    8.565290] calling  bsg_init+0x0/0x113 @ 1
[    8.565290] Block layer SCSI generic (bsg) driver version 0.4 loaded (major 251)
[    8.565290] initcall bsg_init+0x0/0x113 returned 0 after 10704 usecs
[    8.565290] calling  deadline_init+0x0/0xc @ 1
[    8.565290] io scheduler mq-deadline registered
[    8.565290] initcall deadline_init+0x0/0xc returned 0 after 6814 usecs
[    8.565290] calling  kyber_init+0x0/0xc @ 1
[    8.565290] io scheduler kyber registered
[    8.565290] initcall kyber_init+0x0/0xc returned 0 after 5807 usecs
[    8.565290] calling  mod_init+0x0/0x7 @ 1
[    8.565290] initcall mod_init+0x0/0x7 returned 0 after 0 usecs
[    8.565290] calling  percpu_counter_startup+0x0/0x55 @ 1
[    8.773570] initcall percpu_counter_startup+0x0/0x55 returned 0 after 32962 usecs
[    8.784941] calling  sg_pool_init+0x0/0xb4 @ 1
[    8.785580] initcall sg_pool_init+0x0/0xb4 returned 0 after 2029 usecs
[    8.785580] calling  pcie_portdrv_init+0x0/0x39 @ 1
[    8.785580] initcall pcie_portdrv_init+0x0/0x39 returned 0 after 1291 usecs
[    8.785580] calling  pci_proc_init+0x0/0x68 @ 1
[    8.785580] initcall pci_proc_init+0x0/0x68 returned 0 after 79 usecs
[    8.785580] calling  pci_hotplug_init+0x0/0x7 @ 1
[    8.785580] initcall pci_hotplug_init+0x0/0x7 returned 0 after 1 usecs
[    8.785580] calling  efifb_driver_init+0x0/0xe @ 1
[    8.785580] initcall efifb_driver_init+0x0/0xe returned 0 after 170 usecs
[    8.785580] calling  ged_driver_init+0x0/0xe @ 1
[    8.785580] initcall ged_driver_init+0x0/0xe returned 0 after 281 usecs
[    8.785580] calling  acpi_ac_init+0x0/0x92 @ 1
[    8.785580] initcall acpi_ac_init+0x0/0x92 returned 0 after 1091 usecs
[    8.785580] calling  acpi_button_driver_init+0x0/0x52 @ 1
[    8.785580] input: Power Button as /devices/LNXSYSTM:00/LNXPWRBN:00/input/input0
[    8.931300] ACPI: Power Button [PWRF]
[    8.937783] initcall acpi_button_driver_init+0x0/0x52 returned 0 after 21279 usecs
[    8.937783] calling  acpi_fan_driver_init+0x0/0xe @ 1
[    8.937783] initcall acpi_fan_driver_init+0x0/0xe returned 0 after 18 usecs
[    8.937783] calling  acpi_video_init+0x0/0xcb @ 1
[    8.937783] initcall acpi_video_init+0x0/0xcb returned 0 after 276 usecs
[    8.937783] calling  acpi_processor_driver_init+0x0/0xad @ 1
[    8.937783] initcall acpi_processor_driver_init+0x0/0xad returned 0 after 4520 usecs
[    8.937783] calling  acpi_thermal_init+0x0/0x71 @ 1
[    9.018684] initcall acpi_thermal_init+0x0/0x71 returned 0 after 3223 usecs
[    9.029200] calling  acpi_battery_init+0x0/0x32 @ 1
[    9.036030] initcall acpi_battery_init+0x0/0x32 returned 0 after 281 usecs
[    9.036030] calling  bgrt_init+0x0/0xb6 @ 1
[    9.036030] initcall bgrt_init+0x0/0xb6 returned -19 after 0 usecs
[    9.036030] calling  gpio_clk_driver_init+0x0/0xe @ 1
[    9.036030] initcall gpio_clk_driver_init+0x0/0xe returned 0 after 86 usecs
[    9.036030] calling  plt_clk_driver_init+0x0/0xe @ 1
[    9.036030] initcall plt_clk_driver_init+0x0/0xe returned 0 after 20 usecs
[    9.036030] calling  virtio_pci_driver_init+0x0/0x15 @ 1
[    9.036030] initcall virtio_pci_driver_init+0x0/0x15 returned 0 after 112 usecs
[    9.036030] calling  n_null_init+0x0/0x1e @ 1
[    9.036030] initcall n_null_init+0x0/0x1e returned 0 after 127 usecs
[    9.036030] calling  pty_init+0x0/0x1e8 @ 1
[    9.145717] initcall pty_init+0x0/0x1e8 returned 0 after 5522 usecs
[    9.146022] calling  sysrq_init+0x0/0x62 @ 1
[    9.146022] initcall sysrq_init+0x0/0x62 returned 0 after 129 usecs
[    9.146022] calling  serial8250_init+0x0/0x17e @ 1
[    9.146022] Serial: 8250/16550 driver, 4 ports, IRQ sharing enabled
[    9.146022] 00:03: ttyS0 at I/O 0x3f8 (irq = 4, base_baud = 115200) is a 16550A
[    9.278122] initcall serial8250_init+0x0/0x17e returned 0 after 97078 usecs
[    9.278122] calling  serial_pci_driver_init+0x0/0x15 @ 1
[    9.278122] initcall serial_pci_driver_init+0x0/0x15 returned 0 after 1965 usecs
[    9.278122] calling  exar_pci_driver_init+0x0/0x15 @ 1
[    9.278122] initcall exar_pci_driver_init+0x0/0x15 returned 0 after 133 usecs
[    9.278122] calling  lpss8250_pci_driver_init+0x0/0x15 @ 1
[    9.278122] initcall lpss8250_pci_driver_init+0x0/0x15 returned 0 after 90 usecs
[    9.278122] calling  mid8250_pci_driver_init+0x0/0x15 @ 1
[    9.278122] initcall mid8250_pci_driver_init+0x0/0x15 returned 0 after 97 usecs
[    9.278122] calling  virtio_console_init+0x0/0xff @ 1
[    9.278122] initcall virtio_console_init+0x0/0xff returned 0 after 2482 usecs
[    9.278122] calling  hpet_init+0x0/0x64 @ 1
[    9.402906] initcall hpet_init+0x0/0x64 returned 0 after 8346 usecs
[    9.402906] calling  nvram_module_init+0x0/0x83 @ 1
[    9.429989] Non-volatile memory driver v1.3
[    9.429989] initcall nvram_module_init+0x0/0x83 returned 0 after 10799 usecs
[    9.440267] calling  hwrng_modinit+0x0/0x8a @ 1
[    9.456349] initcall hwrng_modinit+0x0/0x8a returned 0 after 2337 usecs
[    9.456953] calling  mod_init+0x0/0x48 @ 1
[    9.456953] initcall mod_init+0x0/0x48 returned -19 after 0 usecs
[    9.456953] calling  agp_init+0x0/0x23 @ 1
[    9.456953] Linux agpgart interface v0.103
[    9.456953] initcall agp_init+0x0/0x23 returned 0 after 6272 usecs
[    9.456953] calling  agp_amd64_mod_init+0x0/0x5 @ 1
[    9.456953] initcall agp_amd64_mod_init+0x0/0x5 returned -19 after 323 usecs
[    9.456953] calling  agp_intel_init+0x0/0x28 @ 1
[    9.456953] initcall agp_intel_init+0x0/0x28 returned 0 after 1828 usecs
[    9.456953] calling  drm_kms_helper_init+0x0/0x7 @ 1
[    9.456953] initcall drm_kms_helper_init+0x0/0x7 returned 0 after 58 usecs
[    9.456953] calling  drm_core_init+0x0/0xa4 @ 1
[    9.456953] initcall drm_core_init+0x0/0xa4 returned 0 after 922 usecs
[    9.456953] calling  i915_init+0x0/0x6b @ 1
[    9.456953] initcall i915_init+0x0/0x6b returned 0 after 7359 usecs
[    9.456953] calling  cn_proc_init+0x0/0x35 @ 1
[    9.456953] initcall cn_proc_init+0x0/0x35 returned 0 after 3 usecs
[    9.456953] calling  topology_sysfs_init+0x0/0x27 @ 1
[    9.456953] initcall topology_sysfs_init+0x0/0x27 returned 0 after 2822 usecs
[    9.456953] calling  cacheinfo_sysfs_init+0x0/0x27 @ 1
[    9.713722] initcall cacheinfo_sysfs_init+0x0/0x27 returned 0 after 56654 usecs
[    9.714143] calling  loop_init+0x0/0x168 @ 1
[    9.839660] loop: module loaded
[    9.839862] initcall loop_init+0x0/0x168 returned 0 after 110689 usecs
[    9.839862] calling  mac_hid_init+0x0/0x21 @ 1
[    9.839862] initcall mac_hid_init+0x0/0x21 returned 0 after 51 usecs
[    9.839862] calling  spi_transport_init+0x0/0x74 @ 1
[    9.839862] initcall spi_transport_init+0x0/0x74 returned 0 after 316 usecs
[    9.839862] calling  init_sd+0x0/0x18c @ 1
[    9.839862] initcall init_sd+0x0/0x18c returned 0 after 225 usecs
[    9.839862] calling  init_sr+0x0/0x43 @ 1
[    9.839862] initcall init_sr+0x0/0x43 returned 0 after 34 usecs
[    9.839862] calling  init_sg+0x0/0x1c0 @ 1
[    9.839862] initcall init_sg+0x0/0x1c0 returned 0 after 496 usecs
[    9.839862] calling  ahci_pci_driver_init+0x0/0x15 @ 1
[    9.839862] ahci 0000:00:1f.2: version 3.0
[    9.839862] PCI Interrupt Link [GSIA] enabled at IRQ 16
[    9.839862] ahci 0000:00:1f.2: AHCI 0001.0000 32 slots 6 ports 1.5 Gbps 0x3f impl SATA mode
[    9.839862] ahci 0000:00:1f.2: flags: 64bit ncq only 
[   10.040189] scsi host0: ahci
[   10.051599] scsi host1: ahci
[   10.062457] scsi host2: ahci
[   10.073619] scsi host3: ahci
[   10.083324] scsi host4: ahci
[   10.093713] scsi host5: ahci
[   10.098750] ata1: SATA max UDMA/133 abar m4096@0xfebf1000 port 0xfebf1100 irq 24
[   10.099120] ata2: SATA max UDMA/133 abar m4096@0xfebf1000 port 0xfebf1180 irq 24
[   10.099120] ata3: SATA max UDMA/133 abar m4096@0xfebf1000 port 0xfebf1200 irq 24
[   10.099120] ata4: SATA max UDMA/133 abar m4096@0xfebf1000 port 0xfebf1280 irq 24
[   10.099120] ata5: SATA max UDMA/133 abar m4096@0xfebf1000 port 0xfebf1300 irq 24
[   10.099120] ata6: SATA max UDMA/133 abar m4096@0xfebf1000 port 0xfebf1380 irq 24
[   10.165142] initcall ahci_pci_driver_init+0x0/0x15 returned 0 after 223401 usecs
[   10.165142] calling  piix_init+0x0/0x26 @ 1
[   10.165142] initcall piix_init+0x0/0x26 returned 0 after 213 usecs
[   10.165142] calling  amd_pci_driver_init+0x0/0x15 @ 1
[   10.165142] initcall amd_pci_driver_init+0x0/0x15 returned 0 after 31 usecs
[   10.165142] calling  oldpiix_pci_driver_init+0x0/0x15 @ 1
[   10.165142] initcall oldpiix_pci_driver_init+0x0/0x15 returned 0 after 58 usecs
[   10.165142] calling  sch_pci_driver_init+0x0/0x15 @ 1
[   10.165142] initcall sch_pci_driver_init+0x0/0x15 returned 0 after 30 usecs
[   10.165142] calling  net_olddevs_init+0x0/0x55 @ 1
[   10.165142] initcall net_olddevs_init+0x0/0x55 returned 0 after 199 usecs
[   10.165142] calling  blackhole_netdev_init+0x0/0x78 @ 1
[   10.165142] initcall blackhole_netdev_init+0x0/0x78 returned 0 after 374 usecs
[   10.165142] calling  phy_module_init+0x0/0x13 @ 1
[   10.165142] initcall phy_module_init+0x0/0x13 returned 0 after 671 usecs
[   10.165142] calling  tg3_driver_init+0x0/0x15 @ 1
[   10.165142] initcall tg3_driver_init+0x0/0x15 returned 0 after 42 usecs
[   10.165142] calling  e100_init_module+0x0/0x4c @ 1
[   10.165142] e100: Intel(R) PRO/100 Network Driver
[   10.165142] e100: Copyright(c) 1999-2006 Intel Corporation
[   10.165142] initcall e100_init_module+0x0/0x4c returned 0 after 15837 usecs
[   10.356743] calling  e1000_init_module+0x0/0x72 @ 1
[   10.365128] e1000: Intel(R) PRO/1000 Network Driver
[   10.372993] e1000: Copyright (c) 1999-2006 Intel Corporation.
[   10.382488] initcall e1000_init_module+0x0/0x72 returned 0 after 16832 usecs
[   10.393445] calling  e1000_init_module+0x0/0x2d @ 1
[   10.401436] e1000e: Intel(R) PRO/1000 Network Driver
[   10.409969] e1000e: Copyright(c) 1999 - 2015 Intel Corporation.
[   10.418994] initcall e1000_init_module+0x0/0x2d returned 0 after 17268 usecs
[   10.429218] calling  sky2_init_module+0x0/0x21 @ 1
[   10.436245] sky2: driver version 1.30
[   10.441694] initcall sky2_init_module+0x0/0x21 returned 0 after 5317 usecs
[   10.451923] calling  forcedeth_pci_driver_init+0x0/0x15 @ 1
[   10.460326] initcall forcedeth_pci_driver_init+0x0/0x15 returned 0 after 33 usecs
[   10.471042] calling  rtl8139_init_module+0x0/0x15 @ 1
[   10.478374] initcall rtl8139_init_module+0x0/0x15 returned 0 after 108 usecs
[   10.488665] calling  rtl8169_pci_driver_init+0x0/0x15 @ 1
[   10.489552] ata1: SATA link down (SStatus 0 SControl 300)
[   10.497002] initcall rtl8169_pci_driver_init+0x0/0x15 returned 0 after 210 usecs
[   10.508085] ata6: SATA link down (SStatus 0 SControl 300)
[   10.516339] calling  cdrom_init+0x0/0xc @ 1
[   10.516449] initcall cdrom_init+0x0/0xc returned 0 after 103 usecs
[   10.528727] ata2: SATA link down (SStatus 0 SControl 300)
[   10.532642] calling  nonstatic_sysfs_init+0x0/0xc @ 1
[   10.532698] initcall nonstatic_sysfs_init+0x0/0xc returned 0 after 50 usecs
[   10.548045] ata3: SATA link up 1.5 Gbps (SStatus 113 SControl 300)
[   10.550257] calling  yenta_cardbus_driver_init+0x0/0x15 @ 1
[   10.561982] ata4: SATA link down (SStatus 0 SControl 300)
[   10.569131] initcall yenta_cardbus_driver_init+0x0/0x15 returned 0 after 118 usecs
[   10.580550] ata5: SATA link down (SStatus 0 SControl 300)
[   10.586696] calling  mon_init+0x0/0x12d @ 1
[   10.588185] initcall mon_init+0x0/0x12d returned 0 after 1448 usecs
[   10.597252] ata3.00: ATAPI: QEMU DVD-ROM, 2.5+, max UDMA/100
[   10.588869] calling  ehci_hcd_init+0x0/0x56 @ 1
[   10.588869] ehci_hcd: USB 2.0 'Enhanced' Host Controller (EHCI) Driver
[   10.588869] initcall ehci_hcd_init+0x0/0x56 returned 0 after 1 usecs
[   10.588869] calling  ehci_pci_init+0x0/0x64 @ 1
[   10.588869] ehci-pci: EHCI PCI platform driver
[   10.588869] initcall ehci_pci_init+0x0/0x64 returned 0 after 27 usecs
[   10.588869] calling  ohci_hcd_mod_init+0x0/0x4e @ 1
[   10.588869] ohci_hcd: USB 1.1 'Open' Host Controller (OHCI) Driver
[   10.588869] initcall ohci_hcd_mod_init+0x0/0x4e returned 0 after 8 usecs
[   10.588869] calling  ohci_pci_init+0x0/0x64 @ 1
[   10.588869] ohci-pci: OHCI PCI platform driver
[   10.588869] initcall ohci_pci_init+0x0/0x64 returned 0 after 6 usecs
[   10.588869] calling  uhci_hcd_init+0x0/0xa8 @ 1
[   10.588869] uhci_hcd: USB Universal Host Controller Interface driver
[   10.588869] initcall uhci_hcd_init+0x0/0xa8 returned 0 after 298 usecs
[   10.615578] ata3.00: applying bridge limits
[   10.588869] calling  xhci_hcd_init+0x0/0x1e @ 1
[   10.588869] initcall xhci_hcd_init+0x0/0x1e returned 0 after 51 usecs
[   10.588869] calling  xhci_pci_init+0x0/0x49 @ 1
[   10.588869] initcall xhci_pci_init+0x0/0x49 returned 0 after 194 usecs
[   10.642357] ata3.00: configured for UDMA/100
[   10.588869] calling  usblp_driver_init+0x0/0x15 @ 1
[   10.588869] usbcore: registered new interface driver usblp
[   10.680624] scsi 2:0:0:0: CD-ROM            QEMU     QEMU DVD-ROM     2.5+ PQ: 0 ANSI: 5
[   10.588869] initcall usblp_driver_init+0x0/0x15 returned 0 after 33194 usecs
[   10.588869] calling  usb_storage_driver_init+0x0/0x2a @ 1
[   10.588869] usbcore: registered new interface driver usb-storage
[   10.588869] initcall usb_storage_driver_init+0x0/0x2a returned 0 after 36 usecs
[   10.588869] calling  i8042_init+0x0/0x4c2 @ 1
[   10.588869] i8042: PNP: PS/2 Controller [PNP0303:KBD,PNP0f13:MOU] at 0x60,0x64 irq 1,12
[   10.913071] serio: i8042 KBD port at 0x60,0x64 irq 1
[   10.926227] serio: i8042 AUX port at 0x60,0x64 irq 12
[   10.935036] initcall i8042_init+0x0/0x4c2 returned 0 after 246966 usecs
[   10.945823] calling  serport_init+0x0/0x2c @ 1
[   10.953848] initcall serport_init+0x0/0x2c returned 0 after 100 usecs
[   10.964512] calling  input_leds_init+0x0/0xc @ 1
[   10.972326] initcall input_leds_init+0x0/0xc returned 0 after 104 usecs
[   10.982415] calling  evdev_init+0x0/0xc @ 1
[   10.991096] initcall evdev_init+0x0/0xc returned 0 after 2285 usecs
[   11.001121] sr 2:0:0:0: [sr0] scsi3-mmc drive: 4x/4x cd/rw xa/form2 tray
[   11.002208] calling  atkbd_init+0x0/0x21 @ 1
[   11.002333] initcall atkbd_init+0x0/0x21 returned 0 after 118 usecs
[   11.002335] calling  psmouse_init+0x0/0x7f @ 1
[   11.002488] initcall psmouse_init+0x0/0x7f returned 0 after 146 usecs
[   11.012615] cdrom: Uniform CD-ROM driver Revision: 3.20
[   11.061253] calling  cmos_init+0x0/0x73 @ 1
[   11.070651] rtc_cmos 00:04: RTC can wake from S4
[   11.089290] rtc_cmos 00:04: registered as rtc0
[   11.097589] rtc_cmos 00:04: alarms up to one day, y3k, 242 bytes nvram, hpet irqs
[   11.110055] initcall cmos_init+0x0/0x73 returned 0 after 40058 usecs
[   11.120538] calling  smbalert_driver_init+0x0/0xe @ 1
[   11.129039] initcall smbalert_driver_init+0x0/0xe returned 0 after 114 usecs
[   11.141019] calling  i2c_i801_init+0x0/0xc5 @ 1
[   11.155186] i801_smbus 0000:00:1f.3: SMBus using PCI interrupt
[   11.165213] i2c i2c-0: 1/1 memory slots populated (from DMI)
[   11.173891] i2c i2c-0: Memory type 0x07 not supported yet, not instantiating SPD
[   11.185269] initcall i2c_i801_init+0x0/0xc5 returned 0 after 35912 usecs
[   11.200848] calling  ptp_kvm_init+0x0/0xf0 @ 1
[   11.212457] initcall ptp_kvm_init+0x0/0xf0 returned 0 after 3992 usecs
[   11.222798] input: AT Translated Set 2 keyboard as /devices/platform/i8042/serio0/input/input1
[   11.236965] calling  dm_init+0x0/0x3c @ 1
[   11.247025] device-mapper: ioctl: 4.43.0-ioctl (2020-10-01) initialised: dm-devel@redhat.com
[   11.260359] initcall dm_init+0x0/0x3c returned 0 after 16335 usecs
[   11.270152] calling  dm_mirror_init+0x0/0x29 @ 1
[   11.276670] initcall dm_mirror_init+0x0/0x29 returned 0 after 17 usecs
[   11.285568] calling  dm_dirty_log_init+0x0/0x4f @ 1
[   11.292216] initcall dm_dirty_log_init+0x0/0x4f returned 0 after 1 usecs
[   11.300790] calling  dm_zero_init+0x0/0x29 @ 1
[   11.307434] initcall dm_zero_init+0x0/0x29 returned 0 after 67 usecs
[   11.316299] calling  intel_pstate_init+0x0/0x50d @ 1
[   11.324410] intel_pstate: CPU model not supported
[   11.331858] initcall intel_pstate_init+0x0/0x50d returned -19 after 7241 usecs
[   11.344041] calling  haltpoll_init+0x0/0xc0 @ 1
[   11.351275] initcall haltpoll_init+0x0/0xc0 returned -19 after 37 usecs
[   11.362698] calling  efivars_sysfs_init+0x0/0x30 @ 1
[   11.370352] initcall efivars_sysfs_init+0x0/0x30 returned 0 after 0 usecs
[   11.380686] calling  esrt_sysfs_init+0x0/0x2a2 @ 1
[   11.388623] initcall esrt_sysfs_init+0x0/0x2a2 returned -38 after 73 usecs
[   11.399555] calling  hid_init+0x0/0x5c @ 1
[   11.406761] hid: raw HID events driver (C) Jiri Kosina
[   11.415509] initcall hid_init+0x0/0x5c returned 0 after 8657 usecs
[   11.425589] calling  hid_generic_init+0x0/0x15 @ 1
[   11.433542] initcall hid_generic_init+0x0/0x15 returned 0 after 55 usecs
[   11.444338] calling  a4_driver_init+0x0/0x15 @ 1
[   11.451956] initcall a4_driver_init+0x0/0x15 returned 0 after 21 usecs
[   11.461946] calling  apple_driver_init+0x0/0x15 @ 1
[   11.469768] initcall apple_driver_init+0x0/0x15 returned 0 after 108 usecs
[   11.480183] calling  belkin_driver_init+0x0/0x15 @ 1
[   11.489077] initcall belkin_driver_init+0x0/0x15 returned 0 after 120 usecs
[   11.504386] calling  ch_driver_init+0x0/0x15 @ 1
[   11.512159] initcall ch_driver_init+0x0/0x15 returned 0 after 22 usecs
[   11.522165] calling  ch_driver_init+0x0/0x15 @ 1
[   11.529987] initcall ch_driver_init+0x0/0x15 returned 0 after 35 usecs
[   11.540925] calling  cp_driver_init+0x0/0x15 @ 1
[   11.550284] initcall cp_driver_init+0x0/0x15 returned 0 after 51 usecs
[   11.573077] calling  ez_driver_init+0x0/0x15 @ 1
[   11.581406] initcall ez_driver_init+0x0/0x15 returned 0 after 204 usecs
[   11.590956] calling  gyration_driver_init+0x0/0x15 @ 1
[   11.598657] initcall gyration_driver_init+0x0/0x15 returned 0 after 21 usecs
[   11.609868] calling  ite_driver_init+0x0/0x15 @ 1
[   11.617651] initcall ite_driver_init+0x0/0x15 returned 0 after 76 usecs
[   11.628812] calling  ks_driver_init+0x0/0x15 @ 1
[   11.636985] initcall ks_driver_init+0x0/0x15 returned 0 after 24 usecs
[   11.648498] calling  lg_driver_init+0x0/0x15 @ 1
[   11.656522] initcall lg_driver_init+0x0/0x15 returned 0 after 29 usecs
[   11.667881] calling  lg_g15_driver_init+0x0/0x15 @ 1
[   11.675398] initcall lg_g15_driver_init+0x0/0x15 returned 0 after 40 usecs
[   11.685969] calling  ms_driver_init+0x0/0x15 @ 1
[   11.692897] initcall ms_driver_init+0x0/0x15 returned 0 after 20 usecs
[   11.702411] calling  mr_driver_init+0x0/0x15 @ 1
[   11.710192] initcall mr_driver_init+0x0/0x15 returned 0 after 90 usecs
[   11.720709] calling  ntrig_driver_init+0x0/0x15 @ 1
[   11.731392] initcall ntrig_driver_init+0x0/0x15 returned 0 after 54 usecs
[   11.771024] calling  pl_driver_init+0x0/0x15 @ 1
[   11.784213] initcall pl_driver_init+0x0/0x15 returned 0 after 4718 usecs
[   11.794155] calling  pl_driver_init+0x0/0x15 @ 1
[   11.800905] initcall pl_driver_init+0x0/0x15 returned 0 after 28 usecs
[   11.810921] calling  redragon_driver_init+0x0/0x15 @ 1
[   11.818935] initcall redragon_driver_init+0x0/0x15 returned 0 after 148 usecs
[   11.831010] calling  samsung_driver_init+0x0/0x15 @ 1
[   11.839065] initcall samsung_driver_init+0x0/0x15 returned 0 after 27 usecs
[   11.850031] calling  sony_init+0x0/0x38 @ 1
[   11.856503] initcall sony_init+0x0/0x38 returned 0 after 76 usecs
[   11.866016] calling  sp_driver_init+0x0/0x15 @ 1
[   11.874523] initcall sp_driver_init+0x0/0x15 returned 0 after 1063 usecs
[   11.884982] calling  ts_driver_init+0x0/0x15 @ 1
[   11.892073] initcall ts_driver_init+0x0/0x15 returned 0 after 23 usecs
[   11.901878] calling  hid_init+0x0/0x58 @ 1
[   11.911686] usbcore: registered new interface driver usbhid
[   11.920473] usbhid: USB HID core driver
[   11.927010] initcall hid_init+0x0/0x58 returned 0 after 18317 usecs
[   11.936736] calling  eeepc_laptop_init+0x0/0x57 @ 1
[   11.964632] initcall eeepc_laptop_init+0x0/0x57 returned -19 after 19773 usecs
[   11.975642] calling  pmc_atom_init+0x0/0x27a @ 1
[   11.983188] initcall pmc_atom_init+0x0/0x27a returned -19 after 350 usecs
[   11.988427] input: ImExPS/2 Generic Explorer Mouse as /devices/platform/i8042/serio1/input/input3
[   11.994158] calling  alsa_hwdep_init+0x0/0x5e @ 1
[   12.017491] initcall alsa_hwdep_init+0x0/0x5e returned 0 after 451 usecs
[   12.027937] calling  alsa_timer_init+0x0/0x1f0 @ 1
[   12.037602] initcall alsa_timer_init+0x0/0x1f0 returned 0 after 1866 usecs
[   12.048581] calling  snd_hrtimer_init+0x0/0x117 @ 1
[   12.049148] sr 2:0:0:0: Attached scsi CD-ROM sr0
[   12.055994] initcall snd_hrtimer_init+0x0/0x117 returned 0 after 2 usecs
[   12.055998] calling  alsa_pcm_init+0x0/0x64 @ 1
