c[?7l[2J[0mSeaBIOS (version 1.16.0-debian-1.16.0-4)
Booting from ROM...
early console in setup code
c[?7l[2J[    0.000000] Linux version 5.10.151+ (root@joelboxx.c.googlers.com) (gcc (Debian 12.2.0-3) 12.2.0, GNU ld (GNU Binutils for Debian) 2.39) #3 SMP PREEMPT Tue Dec 13 09:05:56 UTC 2022
[    0.000000] Command line: selinux=0 initcall_debug debug console=ttyS0 rcutorture.torture_type=srcud rcupdate.rcu_self_test=1 rcutorture.onoff_interval=1000 rcutorture.onoff_holdoff=30 rcutorture.n_barrier_cbs=4 rcutorture.stat_interval=15 rcutorture.shutdown_secs=1800 rcutorture.test_no_idle_hz=1 rcutorture.verbose=1
[    0.000000] x86/fpu: x87 FPU will use FXSAVE
[    0.000000] BIOS-provided physical RAM map:
[    0.000000] BIOS-e820: [mem 0x0000000000000000-0x000000000009fbff] usable
[    0.000000] BIOS-e820: [mem 0x000000000009fc00-0x000000000009ffff] reserved
[    0.000000] BIOS-e820: [mem 0x00000000000f0000-0x00000000000fffff] reserved
[    0.000000] BIOS-e820: [mem 0x0000000000100000-0x000000001ffdefff] usable
[    0.000000] BIOS-e820: [mem 0x000000001ffdf000-0x000000001fffffff] reserved
[    0.000000] BIOS-e820: [mem 0x00000000b0000000-0x00000000bfffffff] reserved
[    0.000000] BIOS-e820: [mem 0x00000000fed1c000-0x00000000fed1ffff] reserved
[    0.000000] BIOS-e820: [mem 0x00000000feffc000-0x00000000feffffff] reserved
[    0.000000] BIOS-e820: [mem 0x00000000fffc0000-0x00000000ffffffff] reserved
[    0.000000] NX (Execute Disable) protection: active
[    0.000000] SMBIOS 2.8 present.
[    0.000000] DMI: QEMU Standard PC (Q35 + ICH9, 2009), BIOS 1.16.0-debian-1.16.0-4 04/01/2014
[    0.000000] Hypervisor detected: KVM
[    0.000000] kvm-clock: Using msrs 4b564d01 and 4b564d00
[    0.000000] kvm-clock: cpu 0, msr d729001, primary cpu clock
[    0.000001] kvm-clock: using sched offset of 1040862523 cycles
[    0.000428] clocksource: kvm-clock: mask: 0xffffffffffffffff max_cycles: 0x1cd42e4dffb, max_idle_ns: 881590591483 ns
[    0.000672] tsc: Detected 1999.999 MHz processor
[    0.011130] e820: update [mem 0x00000000-0x00000fff] usable ==> reserved
[    0.011139] e820: remove [mem 0x000a0000-0x000fffff] usable
[    0.011149] last_pfn = 0x1ffdf max_arch_pfn = 0x400000000
[    0.012091] MTRR default type: write-back
[    0.012095] MTRR fixed ranges enabled:
[    0.012098]   00000-9FFFF write-back
[    0.012100]   A0000-BFFFF uncachable
[    0.012103]   C0000-FFFFF write-protect
[    0.012105] MTRR variable ranges enabled:
[    0.012108]   0 base 00C0000000 mask FFC0000000 uncachable
[    0.012110]   1 disabled
[    0.012112]   2 disabled
[    0.012114]   3 disabled
[    0.012117]   4 disabled
[    0.012119]   5 disabled
[    0.012120]   6 disabled
[    0.012123]   7 disabled
[    0.012583] x86/PAT: Configuration [0-7]: WB  WC  UC- UC  WB  WC  UC- UC  
[    0.023259] found SMP MP-table at [mem 0x000f5ba0-0x000f5baf]
[    0.027692] check: Scanning 1 areas for low memory corruption
[    0.048709] ACPI: Early table checksum verification disabled
[    0.051104] ACPI: RSDP 0x00000000000F59E0 000014 (v00 BOCHS )
[    0.051614] ACPI: RSDT 0x000000001FFE252A 000038 (v01 BOCHS  BXPC     00000001 BXPC 00000001)
[    0.052178] ACPI: FACP 0x000000001FFE22EA 0000F4 (v03 BOCHS  BXPC     00000001 BXPC 00000001)
[    0.052288] ACPI: DSDT 0x000000001FFE0040 0022AA (v01 BOCHS  BXPC     00000001 BXPC 00000001)
[    0.053058] ACPI: FACS 0x000000001FFE0000 000040
[    0.053076] ACPI: APIC 0x000000001FFE23DE 0000B0 (v01 BOCHS  BXPC     00000001 BXPC 00000001)
[    0.053085] ACPI: HPET 0x000000001FFE248E 000038 (v01 BOCHS  BXPC     00000001 BXPC 00000001)
[    0.053092] ACPI: MCFG 0x000000001FFE24C6 00003C (v01 BOCHS  BXPC     00000001 BXPC 00000001)
[    0.053099] ACPI: WAET 0x000000001FFE2502 000028 (v01 BOCHS  BXPC     00000001 BXPC 00000001)
[    0.053107] ACPI: Reserving FACP table memory at [mem 0x1ffe22ea-0x1ffe23dd]
[    0.053111] ACPI: Reserving DSDT table memory at [mem 0x1ffe0040-0x1ffe22e9]
[    0.053114] ACPI: Reserving FACS table memory at [mem 0x1ffe0000-0x1ffe003f]
[    0.053116] ACPI: Reserving APIC table memory at [mem 0x1ffe23de-0x1ffe248d]
[    0.053119] ACPI: Reserving HPET table memory at [mem 0x1ffe248e-0x1ffe24c5]
[    0.053121] ACPI: Reserving MCFG table memory at [mem 0x1ffe24c6-0x1ffe2501]
[    0.053123] ACPI: Reserving WAET table memory at [mem 0x1ffe2502-0x1ffe2529]
[    0.054462] ACPI: Local APIC address 0xfee00000
[    0.058921] No NUMA configuration found
[    0.058925] Faking a node at [mem 0x0000000000000000-0x000000001ffdefff]
[    0.059093] NODE_DATA(0) allocated [mem 0x1ffdb000-0x1ffdefff]
[    0.061303] Zone ranges:
[    0.061410]   DMA      [mem 0x0000000000001000-0x0000000000ffffff]
[    0.061501]   DMA32    [mem 0x0000000001000000-0x000000001ffdefff]
[    0.061505]   Normal   empty
[    0.061509] Movable zone start for each node
[    0.061511] Early memory node ranges
[    0.061514]   node   0: [mem 0x0000000000001000-0x000000000009efff]
[    0.061633]   node   0: [mem 0x0000000000100000-0x000000001ffdefff]
[    0.061777] Initmem setup node 0 [mem 0x0000000000001000-0x000000001ffdefff]
[    0.061780] On node 0 totalpages: 130941
[    0.061993]   DMA zone: 64 pages used for memmap
[    0.061995]   DMA zone: 21 pages reserved
[    0.061998]   DMA zone: 3998 pages, LIFO batch:0
[    0.062001]   DMA32 zone: 1984 pages used for memmap
[    0.062003]   DMA32 zone: 126943 pages, LIFO batch:31
[    0.063063] On node 0, zone DMA: 1 pages in unavailable ranges
[    0.067646] On node 0, zone DMA: 97 pages in unavailable ranges
[    0.170010] On node 0, zone DMA32: 33 pages in unavailable ranges
[    0.173711] ACPI: PM-Timer IO Port: 0x608
[    0.173719] ACPI: Local APIC address 0xfee00000
[    0.173981] ACPI: LAPIC_NMI (acpi_id[0xff] dfl dfl lint[0x1])
[    0.175428] IOAPIC[0]: apic_id 0, version 17, address 0xfec00000, GSI 0-23
[    0.175563] ACPI: INT_SRC_OVR (bus 0 bus_irq 0 global_irq 2 dfl dfl)
[    0.175691] ACPI: INT_SRC_OVR (bus 0 bus_irq 5 global_irq 5 high level)
[    0.175694] ACPI: INT_SRC_OVR (bus 0 bus_irq 9 global_irq 9 high level)
[    0.175734] ACPI: INT_SRC_OVR (bus 0 bus_irq 10 global_irq 10 high level)
[    0.175737] ACPI: INT_SRC_OVR (bus 0 bus_irq 11 global_irq 11 high level)
[    0.175741] ACPI: IRQ0 used by override.
[    0.175744] ACPI: IRQ5 used by override.
[    0.175746] ACPI: IRQ9 used by override.
[    0.175749] ACPI: IRQ10 used by override.
[    0.175751] ACPI: IRQ11 used by override.
[    0.175811] Using ACPI (MADT) for SMP configuration information
[    0.175852] ACPI: HPET id: 0x8086a201 base: 0xfed00000
[    0.176279] smpboot: Allowing 8 CPUs, 0 hotplug CPUs
[    0.178138] PM: hibernation: Registered nosave memory: [mem 0x00000000-0x00000fff]
[    0.178143] PM: hibernation: Registered nosave memory: [mem 0x0009f000-0x0009ffff]
[    0.178145] PM: hibernation: Registered nosave memory: [mem 0x000a0000-0x000effff]
[    0.178148] PM: hibernation: Registered nosave memory: [mem 0x000f0000-0x000fffff]
[    0.178154] [mem 0x20000000-0xafffffff] available for PCI devices
[    0.178211] Booting paravirtualized kernel on KVM
[    0.178554] clocksource: refined-jiffies: mask: 0xffffffff max_cycles: 0xffffffff, max_idle_ns: 1910969940391419 ns
[    0.214761] setup_percpu: NR_CPUS:8 nr_cpumask_bits:8 nr_cpu_ids:8 nr_node_ids:1
[    0.255700] percpu: Embedded 58 pages/cpu s198480 r8192 d30896 u262144
[    0.255794] pcpu-alloc: s198480 r8192 d30896 u262144 alloc=1*2097152
[    0.255917] pcpu-alloc: [0] 0 1 2 3 4 5 6 7 
[    0.256535] kvm-guest: stealtime: cpu 0, msr 1f41bb40
[    0.258393] Built 1 zonelists, mobility grouping on.  Total pages: 128872
[    0.258397] Policy zone: DMA32
[    0.258492] Kernel command line: selinux=0 initcall_debug debug console=ttyS0 rcutorture.torture_type=srcud rcupdate.rcu_self_test=1 rcutorture.onoff_interval=1000 rcutorture.onoff_holdoff=30 rcutorture.n_barrier_cbs=4 rcutorture.stat_interval=15 rcutorture.shutdown_secs=1800 rcutorture.test_no_idle_hz=1 rcutorture.verbose=1
[    0.268335] Dentry cache hash table entries: 65536 (order: 7, 524288 bytes, linear)
[    0.272180] Inode-cache hash table entries: 32768 (order: 6, 262144 bytes, linear)
[    0.273070] mem auto-init: stack:all(zero), heap alloc:off, heap free:off
[    0.281657] Memory: 465384K/523764K available (16398K kernel code, 2808K rwdata, 4828K rodata, 1520K init, 13268K bss, 58120K reserved, 0K cma-reserved)
[    0.283352] SLUB: HWalign=64, Order=0-3, MinObjects=0, CPUs=8, Nodes=1
[    0.284509] Kernel/User page tables isolation: enabled
[    0.296962] Running RCU self tests
[    0.297674] rcu: RCU calculated value of scheduler-enlistment delay is 100 jiffies.
[    0.298869] rcu: Preemptible hierarchical RCU implementation.
[    0.298872] rcu: 	CONFIG_RCU_FANOUT set to non-default value of 2.
[    0.298875] rcu: 	RCU lockdep checking is enabled.
[    0.298877] rcu: 	Build-time adjustment of leaf fanout to 2.
[    0.298880] rcu: 	Boot-time adjustment of first FQS scan delay to 3 jiffies.
[    0.298882] rcu: 	Boot-time adjustment of subsequent FQS scan delay to 3 jiffies.
[    0.298885] 	Trampoline variant of Tasks RCU enabled.
[    0.298887] 	Rude variant of Tasks RCU enabled.
[    0.298889] 	Tracing variant of Tasks RCU enabled.
[    0.314644] NR_IRQS: 4352, nr_irqs: 488, preallocated irqs: 16
[    0.321000] calling  con_init+0x0/0x24f @ 0
[    0.514839] Console: colour VGA+ 80x25
[    0.514975] initcall con_init+0x0/0x24f returned 0 after 0 usecs
[    0.514980] calling  hvc_console_init+0x0/0x13 @ 0
[    0.514984] initcall hvc_console_init+0x0/0x13 returned 0 after 0 usecs
[    0.514988] calling  univ8250_console_init+0x0/0x26 @ 0
[    1.428275] printk: console [ttyS0] enabled
[    1.434216] initcall univ8250_console_init+0x0/0x26 returned 0 after 0 usecs
[    1.441825] Lock dependency validator: Copyright (c) 2006 Red Hat, Inc., Ingo Molnar
[    1.449971] ... MAX_LOCKDEP_SUBCLASSES:  8
[    1.454256] ... MAX_LOCK_DEPTH:          48
[    1.458677] ... MAX_LOCKDEP_KEYS:        8192
[    1.464406] ... CLASSHASH_SIZE:          4096
[    1.469269] ... MAX_LOCKDEP_ENTRIES:     32768
[    1.473934] ... MAX_LOCKDEP_CHAINS:      65536
[    1.478508] ... CHAINHASH_SIZE:          32768
[    1.483131]  memory used by lock dependency info: 6365 kB
[    1.488753]  memory used for stack traces: 4224 kB
[    1.493746]  per task-struct memory footprint: 1920 bytes
[    1.514714] ACPI: Core revision 20200925
[    1.531491] clocksource: hpet: mask: 0xffffffff max_cycles: 0xffffffff, max_idle_ns: 19112604467 ns
[    1.556414] APIC: Switch to symmetric I/O mode setup
[    1.617530] ..TIMER: vector=0x30 apic1=0 pin1=2 apic2=-1 pin2=-1
[    1.627861] clocksource: tsc-early: mask: 0xffffffffffffffff max_cycles: 0x39a85afc727, max_idle_ns: 881590685098 ns
[    1.639869] Calibrating delay loop (skipped) preset value.. 3999.99 BogoMIPS (lpj=1999999)
[    1.641317] pid_max: default: 32768 minimum: 301
[    1.645613] LSM: Security Framework initializing
[    1.648805] Mount-cache hash table entries: 1024 (order: 1, 8192 bytes, linear)
[    1.649451] Mountpoint-cache hash table entries: 1024 (order: 1, 8192 bytes, linear)
[    1.679803] Last level iTLB entries: 4KB 0, 2MB 0, 4MB 0
[    1.680319] Last level dTLB entries: 4KB 0, 2MB 0, 4MB 0, 1GB 0
[    1.682693] Spectre V1 : Mitigation: usercopy/swapgs barriers and __user pointer sanitization
[    1.683321] Spectre V2 : Mitigation: Retpolines
[    1.684317] Spectre V2 : Spectre v2 / SpectreRSB mitigation: Filling RSB on context switch
[    1.685318] Spectre V2 : Spectre v2 / SpectreRSB : Filling RSB on VMEXIT
[    1.686318] Speculative Store Bypass: Vulnerable
[    1.688324] MDS: Vulnerable: Clear CPU buffers attempted, no microcode
[    1.689318] MMIO Stale Data: Unknown: No mitigations
[    1.884423] Freeing SMP alternatives memory: 40K
[    1.984217] APIC calibration not consistent with PM-Timer: 87ms instead of 100ms
[    1.984312] APIC delta adjusted to PM-Timer: 6247093 (5469684)
[    1.985312] smpboot: CPU0: Intel Common KVM processor (family: 0xf, model: 0x6, stepping: 0x1)
[    2.009859] RCU test callback executed 1
[    2.013938] calling  init_hw_perf_events+0x0/0x6ce @ 1
[    2.014453] Performance Events: unsupported Netburst CPU model 6 no PMU driver, software events only.
[    2.015380] initcall init_hw_perf_events+0x0/0x6ce returned 0 after 976 usecs
[    2.016322] calling  init_real_mode+0x0/0x1e9 @ 1
[    2.019817] initcall init_real_mode+0x0/0x1e9 returned 0 after 1953 usecs
[    2.020323] calling  trace_init_perf_perm_irq_work_exit+0x0/0x12 @ 1
[    2.021321] initcall trace_init_perf_perm_irq_work_exit+0x0/0x12 returned 0 after 0 usecs
[    2.022382] calling  validate_x2apic+0x0/0x4a @ 1
[    2.023347] initcall validate_x2apic+0x0/0x4a returned 0 after 0 usecs
[    2.024328] calling  register_nmi_cpu_backtrace_handler+0x0/0x15 @ 1
[    2.026322] initcall register_nmi_cpu_backtrace_handler+0x0/0x15 returned 0 after 976 usecs
[    2.027322] calling  kvm_setup_vsyscall_timeinfo+0x0/0xce @ 1
[    2.028396] initcall kvm_setup_vsyscall_timeinfo+0x0/0xce returned 0 after 0 usecs
[    2.029322] calling  spawn_ksoftirqd+0x0/0x38 @ 1
[    2.032322] initcall spawn_ksoftirqd+0x0/0x38 returned 0 after 1953 usecs
[    2.033392] calling  migration_init+0x0/0x31 @ 1
[    2.034324] initcall migration_init+0x0/0x31 returned 0 after 0 usecs
[    2.035339] calling  srcu_bootup_announce+0x0/0x2f @ 1
[    2.036321] rcu: Hierarchical SRCU implementation.
[    2.037327] initcall srcu_bootup_announce+0x0/0x2f returned 0 after 976 usecs
[    2.038325] calling  rcu_spawn_gp_kthread+0x0/0x1b0 @ 1
[    2.041027] initcall rcu_spawn_gp_kthread+0x0/0x1b0 returned 0 after 976 usecs
[    2.041326] calling  check_cpu_stall_init+0x0/0x1a @ 1
[    2.042329] initcall check_cpu_stall_init+0x0/0x1a returned 0 after 0 usecs
[    2.043324] calling  rcu_sysrq_init+0x0/0x21 @ 1
[    2.046453] initcall rcu_sysrq_init+0x0/0x21 returned 0 after 1953 usecs
[    2.047355] calling  trace_init_flags_sys_enter+0x0/0xe @ 1
[    2.048420] initcall trace_init_flags_sys_enter+0x0/0xe returned 0 after 0 usecs
[    2.049323] calling  trace_init_flags_sys_exit+0x0/0xe @ 1
[    2.050627] initcall trace_init_flags_sys_exit+0x0/0xe returned 0 after 0 usecs
[    2.051334] RCU test callback executed 2
[    2.052323] calling  cpu_stop_init+0x0/0x8d @ 1
[    2.055537] initcall cpu_stop_init+0x0/0x8d returned 0 after 1953 usecs
[    2.056322] calling  init_kprobes+0x0/0x16e @ 1
[    2.059392] initcall init_kprobes+0x0/0x16e returned 0 after 1953 usecs
[    2.060321] calling  init_events+0x0/0x3d @ 1
[    2.062827] initcall init_events+0x0/0x3d returned 0 after 976 usecs
[    2.063321] calling  init_trace_printk+0x0/0xc @ 1
[    2.064321] initcall init_trace_printk+0x0/0xc returned 0 after 0 usecs
[    2.065319] calling  event_trace_enable_again+0x0/0x23 @ 1
[    2.067320] initcall event_trace_enable_again+0x0/0x23 returned 0 after 976 usecs
[    2.068324] calling  static_call_init+0x0/0x79 @ 1
[    2.069325] initcall static_call_init+0x0/0x79 returned 0 after 0 usecs
[    2.070321] calling  jump_label_init_module+0x0/0xc @ 1
[    2.071323] initcall jump_label_init_module+0x0/0xc returned 0 after 0 usecs
[    2.072321] calling  init_zero_pfn+0x0/0x37 @ 1
[    2.073411] initcall init_zero_pfn+0x0/0x37 returned 0 after 0 usecs
[    2.075312] calling  initialize_ptr_random+0x0/0x54 @ 1
[    2.076751] initcall initialize_ptr_random+0x0/0x54 returned 0 after 0 usecs
[    2.077394] calling  efi_memreserve_root_init+0x0/0x25 @ 1
[    2.079324] initcall efi_memreserve_root_init+0x0/0x25 returned 0 after 976 usecs
[    2.080373] calling  efi_earlycon_remap_fb+0x0/0x51 @ 1
[    2.081365] initcall efi_earlycon_remap_fb+0x0/0x51 returned 0 after 0 usecs
[    2.089114] smp: Bringing up secondary CPUs ...
[    2.095812] x86: Booting SMP configuration:
[    2.096327] .... node  #0, CPUs:      #1
[    1.315792] kvm-clock: cpu 1, msr d729041, secondary cpu clock
[    2.127036] kvm-guest: stealtime: cpu 1, msr 1f45bb40
[    2.143603]  #2
[    1.315792] kvm-clock: cpu 2, msr d729081, secondary cpu clock
[    2.168542] kvm-guest: stealtime: cpu 2, msr 1f49bb40
[    2.183846]  #3
[    1.315792] kvm-clock: cpu 3, msr d7290c1, secondary cpu clock
[    2.208549] kvm-guest: stealtime: cpu 3, msr 1f4dbb40
[    2.224342]  #4
[    1.315792] kvm-clock: cpu 4, msr d729101, secondary cpu clock
[    2.250549] kvm-guest: stealtime: cpu 4, msr 1f51bb40
[    2.268371]  #5
[    1.315792] kvm-clock: cpu 5, msr d729141, secondary cpu clock
[    2.291502] kvm-guest: stealtime: cpu 5, msr 1f55bb40
[    2.305355]  #6
[    1.315792] kvm-clock: cpu 6, msr d729181, secondary cpu clock
[    2.327629] kvm-guest: stealtime: cpu 6, msr 1f59bb40
[    2.342164]  #7
[    1.315792] kvm-clock: cpu 7, msr d7291c1, secondary cpu clock
[    2.364540] kvm-guest: stealtime: cpu 7, msr 1f5dbb40
[    2.378736] smp: Brought up 1 node, 8 CPUs
[    2.379322] smpboot: Max logical packages: 1
[    2.380319] smpboot: Total of 8 processors activated (31999.98 BogoMIPS)
[    2.396317] devtmpfs: initialized
[    2.399863] calling  ipc_ns_init+0x0/0x3d @ 1
[    2.400406] initcall ipc_ns_init+0x0/0x3d returned 0 after 0 usecs
[    2.401322] calling  init_mmap_min_addr+0x0/0x21 @ 1
[    2.402327] initcall init_mmap_min_addr+0x0/0x21 returned 0 after 0 usecs
[    2.403324] calling  pci_realloc_setup_params+0x0/0x3f @ 1
[    2.404324] initcall pci_realloc_setup_params+0x0/0x3f returned 0 after 0 usecs
[    2.405323] calling  net_ns_init+0x0/0x140 @ 1
[    2.408915] initcall net_ns_init+0x0/0x140 returned 0 after 1953 usecs
[    2.409350] calling  e820__register_nvs_regions+0x0/0x37 @ 1
[    2.410358] initcall e820__register_nvs_regions+0x0/0x37 returned 0 after 0 usecs
[    2.411324] calling  cpufreq_register_tsc_scaling+0x0/0x2e @ 1
[    2.412340] initcall cpufreq_register_tsc_scaling+0x0/0x2e returned 0 after 0 usecs
[    2.413323] calling  reboot_init+0x0/0x3c @ 1
[    2.414402] initcall reboot_init+0x0/0x3c returned 0 after 0 usecs
[    2.415323] calling  init_lapic_sysfs+0x0/0x20 @ 1
[    2.416348] initcall init_lapic_sysfs+0x0/0x20 returned 0 after 0 usecs
[    2.417324] calling  alloc_frozen_cpus+0x0/0x7 @ 1
[    2.418325] initcall alloc_frozen_cpus+0x0/0x7 returned 0 after 0 usecs
[    2.420323] calling  cpu_hotplug_pm_sync_init+0x0/0x13 @ 1
[    2.421358] initcall cpu_hotplug_pm_sync_init+0x0/0x13 returned 0 after 0 usecs
[    2.422323] calling  wq_sysfs_init+0x0/0x2a @ 1
[    2.423409] initcall wq_sysfs_init+0x0/0x2a returned 0 after 0 usecs
[    2.424323] calling  ksysfs_init+0x0/0x92 @ 1
[    2.425355] initcall ksysfs_init+0x0/0x92 returned 0 after 0 usecs
[    2.426324] calling  schedutil_gov_init+0x0/0xc @ 1
[    2.427591] initcall schedutil_gov_init+0x0/0xc returned 0 after 0 usecs
[    2.428324] calling  pm_init+0x0/0x76 @ 1
[    2.430378] initcall pm_init+0x0/0x76 returned 0 after 976 usecs
[    2.431321] calling  pm_disk_init+0x0/0x13 @ 1
[    2.432348] initcall pm_disk_init+0x0/0x13 returned 0 after 0 usecs
[    2.433323] calling  swsusp_header_init+0x0/0x2b @ 1
[    2.434327] initcall swsusp_header_init+0x0/0x2b returned 0 after 0 usecs
[    2.435322] calling  rcu_set_runtime_mode+0x0/0x2a @ 1
[    2.439656] initcall rcu_set_runtime_mode+0x0/0x2a returned 0 after 2929 usecs
[    2.440326] calling  init_jiffies_clocksource+0x0/0x13 @ 1
[    2.441343] clocksource: jiffies: mask: 0xffffffff max_cycles: 0xffffffff, max_idle_ns: 1911260446275000 ns
[    2.442333] initcall init_jiffies_clocksource+0x0/0x13 returned 0 after 976 usecs
[    2.443328] calling  futex_init+0x0/0x118 @ 1
[    2.444332] futex hash table entries: 2048 (order: 6, 262144 bytes, linear)
[    2.446055] initcall futex_init+0x0/0x118 returned 0 after 976 usecs
[    2.446323] calling  cgroup_wq_init+0x0/0x28 @ 1
[    2.447359] initcall cgroup_wq_init+0x0/0x28 returned 0 after 0 usecs
[    2.448322] calling  cgroup1_wq_init+0x0/0x28 @ 1
[    2.449341] initcall cgroup1_wq_init+0x0/0x28 returned 0 after 0 usecs
[    2.450321] calling  init_kprobe_trace_early+0x0/0x2a @ 1
[    2.451407] initcall init_kprobe_trace_early+0x0/0x2a returned 0 after 0 usecs
[    2.452322] calling  fsnotify_init+0x0/0x56 @ 1
[    2.453342] initcall fsnotify_init+0x0/0x56 returned 0 after 0 usecs
[    2.454348] calling  filelock_init+0x0/0xb3 @ 1
[    2.456363] initcall filelock_init+0x0/0xb3 returned 0 after 0 usecs
[    2.457399] calling  init_misc_binfmt+0x0/0x2c @ 1
[    2.458528] initcall init_misc_binfmt+0x0/0x2c returned 0 after 0 usecs
[    2.459327] calling  init_script_binfmt+0x0/0x15 @ 1
[    2.460323] initcall init_script_binfmt+0x0/0x15 returned 0 after 0 usecs
[    2.462321] calling  init_elf_binfmt+0x0/0x15 @ 1
[    2.463323] initcall init_elf_binfmt+0x0/0x15 returned 0 after 0 usecs
[    2.464321] calling  init_compat_elf_binfmt+0x0/0x15 @ 1
[    2.465322] initcall init_compat_elf_binfmt+0x0/0x15 returned 0 after 0 usecs
[    2.466323] calling  debugfs_init+0x0/0x5c @ 1
[    2.467355] initcall debugfs_init+0x0/0x5c returned 0 after 0 usecs
[    2.468322] calling  tracefs_init+0x0/0x3a @ 1
[    2.469354] initcall tracefs_init+0x0/0x3a returned 0 after 0 usecs
[    2.470321] calling  prandom_init_early+0x0/0x15d @ 1
[    2.471376] initcall prandom_init_early+0x0/0x15d returned 0 after 0 usecs
[    2.472334] calling  virtio_init+0x0/0x20 @ 1
[    2.473408] initcall virtio_init+0x0/0x20 returned 0 after 0 usecs
[    2.474324] calling  iommu_init+0x0/0x2a @ 1
[    2.475356] initcall iommu_init+0x0/0x2a returned 0 after 0 usecs
[    2.476321] calling  component_debug_init+0x0/0x1c @ 1
[    2.478607] initcall component_debug_init+0x0/0x1c returned 0 after 976 usecs
[    2.479375] calling  early_resume_init+0x0/0xb9 @ 1
[    2.481318] PM: RTC time: 09:27:28, date: 2022-12-13
[    2.482324] initcall early_resume_init+0x0/0xb9 returned 0 after 1953 usecs
[    2.483321] calling  cpufreq_core_init+0x0/0x62 @ 1
[    2.485329] initcall cpufreq_core_init+0x0/0x62 returned 0 after 976 usecs
[    2.486322] calling  cpufreq_gov_performance_init+0x0/0xc @ 1
[    2.487323] initcall cpufreq_gov_performance_init+0x0/0xc returned 0 after 0 usecs
[    2.488321] calling  cpufreq_gov_userspace_init+0x0/0xc @ 1
[    2.489323] initcall cpufreq_gov_userspace_init+0x0/0xc returned 0 after 0 usecs
[    2.490321] calling  CPU_FREQ_GOV_ONDEMAND_init+0x0/0xc @ 1
[    2.491323] initcall CPU_FREQ_GOV_ONDEMAND_init+0x0/0xc returned 0 after 0 usecs
[    2.492321] calling  cpuidle_init+0x0/0x1f @ 1
[    2.493373] initcall cpuidle_init+0x0/0x1f returned 0 after 0 usecs
[    2.494322] calling  capsule_reboot_register+0x0/0xc @ 1
[    2.495376] initcall capsule_reboot_register+0x0/0xc returned 0 after 0 usecs
[    2.496323] calling  sock_init+0x0/0x93 @ 1
[    2.498813] initcall sock_init+0x0/0x93 returned 0 after 976 usecs
[    2.499323] calling  net_inuse_init+0x0/0x23 @ 1
[    2.500430] initcall net_inuse_init+0x0/0x23 returned 0 after 0 usecs
[    2.501322] calling  net_defaults_init+0x0/0x23 @ 1
[    2.502328] initcall net_defaults_init+0x0/0x23 returned 0 after 0 usecs
[    2.503321] calling  init_default_flow_dissectors+0x0/0x4f @ 1
[    2.504322] initcall init_default_flow_dissectors+0x0/0x4f returned 0 after 0 usecs
[    2.505320] calling  netpoll_init+0x0/0x44 @ 1
[    2.506321] initcall netpoll_init+0x0/0x44 returned 0 after 0 usecs
[    2.507320] calling  netlink_proto_init+0x0/0x154 @ 1
[    2.510481] NET: Registered protocol family 16
[    2.511584] initcall netlink_proto_init+0x0/0x154 returned 0 after 2929 usecs
[    2.512322] calling  genl_init+0x0/0x35 @ 1
[    2.513424] initcall genl_init+0x0/0x35 returned 0 after 0 usecs
[    2.515321] calling  bsp_pm_check_init+0x0/0x13 @ 1
[    2.516349] initcall bsp_pm_check_init+0x0/0x13 returned 0 after 0 usecs
[    2.517351] calling  irq_sysfs_init+0x0/0xb9 @ 1
[    2.518868] initcall irq_sysfs_init+0x0/0xb9 returned 0 after 0 usecs
[    2.519327] calling  audit_init+0x0/0x127 @ 1
[    2.520334] audit: initializing netlink subsys (disabled)
[    2.522781] initcall audit_init+0x0/0x127 returned 0 after 1953 usecs
[    2.522619] audit: type=2000 audit(1670923646.267:1): state=initialized audit_enabled=0 res=1
[    2.523325] calling  release_early_probes+0x0/0x32 @ 1
[    2.526328] initcall release_early_probes+0x0/0x32 returned 0 after 0 usecs
[    2.527324] calling  bdi_class_init+0x0/0x48 @ 1
[    2.528390] initcall bdi_class_init+0x0/0x48 returned 0 after 0 usecs
[    2.529325] calling  mm_sysfs_init+0x0/0x28 @ 1
[    2.530336] initcall mm_sysfs_init+0x0/0x28 returned 0 after 0 usecs
[    2.531326] calling  init_per_zone_wmark_min+0x0/0x6d @ 1
[    2.533396] initcall init_per_zone_wmark_min+0x0/0x6d returned 0 after 0 usecs
[    2.534326] calling  mpi_init+0x0/0x3e @ 1
[    2.535344] initcall mpi_init+0x0/0x3e returned 0 after 0 usecs
[    2.536323] calling  kobject_uevent_init+0x0/0xc @ 1
[    2.537370] initcall kobject_uevent_init+0x0/0xc returned 0 after 0 usecs
[    2.538321] calling  pcibus_class_init+0x0/0x13 @ 1
[    2.539382] initcall pcibus_class_init+0x0/0x13 returned 0 after 0 usecs
[    2.540323] calling  pci_driver_init+0x0/0x21 @ 1
[    2.541372] initcall pci_driver_init+0x0/0x21 returned 0 after 0 usecs
[    2.542323] calling  backlight_class_init+0x0/0xa8 @ 1
[    2.543353] initcall backlight_class_init+0x0/0xa8 returned 0 after 0 usecs
[    2.544323] calling  tty_class_init+0x0/0x33 @ 1
[    2.545380] initcall tty_class_init+0x0/0x33 returned 0 after 0 usecs
[    2.547322] calling  vtconsole_class_init+0x0/0xb5 @ 1
[    2.549466] initcall vtconsole_class_init+0x0/0xb5 returned 0 after 0 usecs
[    2.550323] calling  iommu_dev_init+0x0/0x13 @ 1
[    2.551353] initcall iommu_dev_init+0x0/0x13 returned 0 after 0 usecs
[    2.552323] calling  mipi_dsi_bus_init+0x0/0xc @ 1
[    2.554387] initcall mipi_dsi_bus_init+0x0/0xc returned 0 after 0 usecs
[    2.555325] calling  devlink_class_init+0x0/0x40 @ 1
[    2.556366] initcall devlink_class_init+0x0/0x40 returned 0 after 0 usecs
[    2.557323] calling  software_node_init+0x0/0x2a @ 1
[    2.558332] initcall software_node_init+0x0/0x2a returned 0 after 0 usecs
[    2.559326] calling  wakeup_sources_debugfs_init+0x0/0x23 @ 1
[    2.560363] initcall wakeup_sources_debugfs_init+0x0/0x23 returned 0 after 0 usecs
[    2.562323] calling  wakeup_sources_sysfs_init+0x0/0x2c @ 1
[    2.563342] initcall wakeup_sources_sysfs_init+0x0/0x2c returned 0 after 0 usecs
[    2.564324] calling  register_node_type+0x0/0x13 @ 1
[    2.565424] initcall register_node_type+0x0/0x13 returned 0 after 0 usecs
[    2.566327] calling  regmap_initcall+0x0/0xc @ 1
[    2.567426] initcall regmap_initcall+0x0/0xc returned 0 after 0 usecs
[    2.568325] calling  i2c_init+0x0/0xb3 @ 1
[    2.570453] initcall i2c_init+0x0/0xb3 returned 0 after 976 usecs
[    2.571324] calling  thermal_init+0x0/0x116 @ 1
[    2.572478] thermal_sys: Registered thermal governor 'step_wise'
[    2.572482] thermal_sys: Registered thermal governor 'user_space'
[    2.573348] initcall thermal_init+0x0/0x116 returned 0 after 976 usecs
[    2.575323] calling  init_menu+0x0/0xc @ 1
[    2.576479] cpuidle: using governor menu
[    2.577326] initcall init_menu+0x0/0xc returned 0 after 976 usecs
[    2.578323] calling  pcc_init+0x0/0x4d @ 1
[    2.579490] initcall pcc_init+0x0/0x4d returned -19 after 0 usecs
[    2.580324] calling  amd_postcore_init+0x0/0x11e @ 1
[    2.581324] initcall amd_postcore_init+0x0/0x11e returned 0 after 0 usecs
[    2.582343] calling  bts_init+0x0/0xba @ 1
[    2.584368] initcall bts_init+0x0/0xba returned -19 after 0 usecs
[    2.585362] calling  pt_init+0x0/0x34d @ 1
[    2.586326] initcall pt_init+0x0/0x34d returned -19 after 0 usecs
[    2.587324] calling  boot_params_ksysfs_init+0x0/0x2ee @ 1
[    2.589389] initcall boot_params_ksysfs_init+0x0/0x2ee returned 0 after 0 usecs
[    2.590323] calling  sbf_init+0x0/0xea @ 1
[    2.591322] initcall sbf_init+0x0/0xea returned 0 after 0 usecs
[    2.592324] calling  arch_kdebugfs_init+0x0/0x219 @ 1
[    2.593582] initcall arch_kdebugfs_init+0x0/0x219 returned 0 after 0 usecs
[    2.594323] calling  intel_pconfig_init+0x0/0x85 @ 1
[    2.595344] initcall intel_pconfig_init+0x0/0x85 returned 0 after 0 usecs
[    2.596324] calling  mtrr_if_init+0x0/0x5d @ 1
[    2.597331] initcall mtrr_if_init+0x0/0x5d returned 0 after 0 usecs
[    2.599322] calling  activate_jump_labels+0x0/0x31 @ 1
[    2.600341] initcall activate_jump_labels+0x0/0x31 returned 0 after 0 usecs
[    2.601322] calling  ffh_cstate_init+0x0/0x29 @ 1
[    2.602327] initcall ffh_cstate_init+0x0/0x29 returned 0 after 0 usecs
[    2.603323] calling  activate_jump_labels+0x0/0x31 @ 1
[    2.605599] initcall activate_jump_labels+0x0/0x31 returned 0 after 976 usecs
[    2.606322] calling  kvm_alloc_cpumask+0x0/0x74 @ 1
[    2.607380] initcall kvm_alloc_cpumask+0x0/0x74 returned 0 after 0 usecs
[    2.608322] calling  kcmp_cookies_init+0x0/0x37 @ 1
[    2.609327] initcall kcmp_cookies_init+0x0/0x37 returned 0 after 0 usecs
[    2.610322] calling  cryptomgr_init+0x0/0xc @ 1
[    2.611435] initcall cryptomgr_init+0x0/0xc returned 0 after 0 usecs
[    2.612323] calling  acpi_pci_init+0x0/0x57 @ 1
[    2.613331] ACPI: bus type PCI registered
[    2.614362] initcall acpi_pci_init+0x0/0x57 returned 0 after 976 usecs
[    2.615321] calling  dma_channel_table_init+0x0/0xd1 @ 1
[    2.616338] initcall dma_channel_table_init+0x0/0xd1 returned 0 after 0 usecs
[    2.617320] calling  dma_bus_init+0x0/0xdc @ 1
[    2.618449] initcall dma_bus_init+0x0/0xdc returned 0 after 0 usecs
[    2.619322] calling  iommu_dma_init+0x0/0x10 @ 1
[    2.620474] initcall iommu_dma_init+0x0/0x10 returned 0 after 0 usecs
[    2.621322] calling  dmi_id_init+0x0/0x37c @ 1
[    2.622629] initcall dmi_id_init+0x0/0x37c returned 0 after 0 usecs
[    2.623322] calling  pci_arch_init+0x0/0x71 @ 1
[    2.625087] PCI: MMCONFIG for domain 0000 [bus 00-ff] at [mem 0xb0000000-0xbfffffff] (base 0xb0000000)
[    2.625325] PCI: MMCONFIG at [mem 0xb0000000-0xbfffffff] reserved in E820
[    2.626541] PCI: Using configuration type 1 for base access
[    2.627362] initcall pci_arch_init+0x0/0x71 returned 0 after 2929 usecs
[    2.628339] calling  init_vdso+0x0/0x13 @ 1
[    2.629342] initcall init_vdso+0x0/0x13 returned 0 after 0 usecs
[    2.631320] calling  sysenter_setup+0x0/0x13 @ 1
[    2.632327] initcall sysenter_setup+0x0/0x13 returned 0 after 0 usecs
[    2.633320] calling  fixup_ht_bug+0x0/0xe5 @ 1
[    2.634323] initcall fixup_ht_bug+0x0/0xe5 returned 0 after 0 usecs
[    2.635323] calling  topology_init+0x0/0x88 @ 1
[    2.638153] initcall topology_init+0x0/0x88 returned 0 after 976 usecs
[    2.638326] calling  intel_epb_init+0x0/0x68 @ 1
[    2.639325] initcall intel_epb_init+0x0/0x68 returned -19 after 0 usecs
[    2.640323] calling  mtrr_init_finialize+0x0/0x3e @ 1
[    2.641364] initcall mtrr_init_finialize+0x0/0x3e returned 0 after 0 usecs
[    2.642324] calling  uid_cache_init+0x0/0x85 @ 1
[    2.643352] initcall uid_cache_init+0x0/0x85 returned 0 after 0 usecs
[    2.644322] calling  param_sysfs_init+0x0/0x1ba @ 1
[    2.658241] initcall param_sysfs_init+0x0/0x1ba returned 0 after 11718 usecs
[    2.658323] calling  user_namespace_sysctl_init+0x0/0x33 @ 1
[    2.659400] initcall user_namespace_sysctl_init+0x0/0x33 returned 0 after 0 usecs
[    2.660321] calling  proc_schedstat_init+0x0/0x24 @ 1
[    2.661329] initcall proc_schedstat_init+0x0/0x24 returned 0 after 0 usecs
[    2.662321] calling  pm_sysrq_init+0x0/0x18 @ 1
[    2.663557] initcall pm_sysrq_init+0x0/0x18 returned 0 after 0 usecs
[    2.664478] calling  create_proc_profile+0x0/0xd0 @ 1
[    2.666354] initcall create_proc_profile+0x0/0xd0 returned 0 after 0 usecs
[    2.667323] calling  time_ns_init+0x0/0x7 @ 1
[    2.668323] initcall time_ns_init+0x0/0x7 returned 0 after 0 usecs
[    2.669321] calling  crash_save_vmcoreinfo_init+0x0/0x722 @ 1
[    2.670503] initcall crash_save_vmcoreinfo_init+0x0/0x722 returned 0 after 0 usecs
[    2.671326] calling  crash_notes_memory_init+0x0/0x35 @ 1
[    2.672336] initcall crash_notes_memory_init+0x0/0x35 returned 0 after 0 usecs
[    2.673327] calling  cgroup_sysfs_init+0x0/0x13 @ 1
[    2.674344] initcall cgroup_sysfs_init+0x0/0x13 returned 0 after 0 usecs
[    2.675323] calling  cgroup_namespaces_init+0x0/0x7 @ 1
[    2.676324] initcall cgroup_namespaces_init+0x0/0x7 returned 0 after 0 usecs
[    2.677322] calling  init_optprobes+0x0/0x13 @ 1
[    2.678397] Kprobes globally optimized
[    2.679324] initcall init_optprobes+0x0/0x13 returned 0 after 976 usecs
[    2.680322] calling  oom_init+0x0/0x2f @ 1
[    2.682478] initcall oom_init+0x0/0x2f returned 0 after 976 usecs
[    2.683516] calling  default_bdi_init+0x0/0xb3 @ 1
[    2.685556] initcall default_bdi_init+0x0/0xb3 returned 0 after 976 usecs
[    2.686325] calling  percpu_enable_async+0x0/0xe @ 1
[    2.687343] initcall percpu_enable_async+0x0/0xe returned 0 after 0 usecs
[    2.688327] calling  kcompactd_init+0x0/0x8d @ 1
[    2.690636] initcall kcompactd_init+0x0/0x8d returned 0 after 976 usecs
[    2.691323] calling  init_user_reserve+0x0/0x40 @ 1
[    2.692338] initcall init_user_reserve+0x0/0x40 returned 0 after 0 usecs
[    2.693323] calling  init_admin_reserve+0x0/0x40 @ 1
[    2.694322] initcall init_admin_reserve+0x0/0x40 returned 0 after 0 usecs
[    2.695326] calling  init_reserve_notifier+0x0/0x7 @ 1
[    2.696324] initcall init_reserve_notifier+0x0/0x7 returned 0 after 0 usecs
[    2.697322] calling  swap_init_sysfs+0x0/0x62 @ 1
[    2.698351] initcall swap_init_sysfs+0x0/0x62 returned 0 after 0 usecs
[    2.699321] calling  swapfile_init+0x0/0x94 @ 1
[    2.700324] initcall swapfile_init+0x0/0x94 returned 0 after 0 usecs
[    2.701325] calling  hugetlb_init+0x0/0x499 @ 1
[    2.702350] HugeTLB registered 2.00 MiB page size, pre-allocated 0 pages
[    2.703457] initcall hugetlb_init+0x0/0x499 returned 0 after 976 usecs
[    2.704323] calling  io_wq_init+0x0/0x34 @ 1
[    2.705324] initcall io_wq_init+0x0/0x34 returned 0 after 0 usecs
[    2.706325] calling  seqiv_module_init+0x0/0xc @ 1
[    2.707455] initcall seqiv_module_init+0x0/0xc returned 0 after 0 usecs
[    2.708322] calling  echainiv_module_init+0x0/0xc @ 1
[    2.709323] initcall echainiv_module_init+0x0/0xc returned 0 after 0 usecs
[    2.710330] calling  rsa_init+0x0/0x50 @ 1
[    2.713568] initcall rsa_init+0x0/0x50 returned 0 after 1953 usecs
[    2.713799] cryptomgr_test (61) used greatest stack depth: 14864 bytes left
[    2.714331] calling  crypto_cmac_module_init+0x0/0xc @ 1
[    2.714338] initcall crypto_cmac_module_init+0x0/0xc returned 0 after 0 usecs
[    2.714341] calling  hmac_module_init+0x0/0xc @ 1
[    2.714346] initcall hmac_module_init+0x0/0xc returned 0 after 0 usecs
[    2.714349] calling  crypto_null_mod_init+0x0/0x65 @ 1
[    2.720595] initcall crypto_null_mod_init+0x0/0x65 returned 0 after 5859 usecs
[    2.727325] calling  md5_mod_init+0x0/0xc @ 1
[    2.729482] initcall md5_mod_init+0x0/0xc returned 0 after 976 usecs
[    2.730325] calling  sha256_generic_mod_init+0x0/0x11 @ 1
[    2.735817] initcall sha256_generic_mod_init+0x0/0x11 returned 0 after 3906 usecs
[    2.736327] calling  crypto_cbc_module_init+0x0/0xc @ 1
[    2.737324] initcall crypto_cbc_module_init+0x0/0xc returned 0 after 0 usecs
[    2.738328] calling  crypto_ctr_module_init+0x0/0x11 @ 1
[    2.739329] initcall crypto_ctr_module_init+0x0/0x11 returned 0 after 0 usecs
[    2.740326] calling  crypto_gcm_module_init+0x0/0x64 @ 1
[    2.741346] initcall crypto_gcm_module_init+0x0/0x64 returned 0 after 0 usecs
[    2.742322] calling  crypto_ccm_module_init+0x0/0x11 @ 1
[    2.743325] initcall crypto_ccm_module_init+0x0/0x11 returned 0 after 0 usecs
[    2.744321] calling  aes_init+0x0/0xc @ 1
[    2.746572] initcall aes_init+0x0/0xc returned 0 after 976 usecs
[    2.747326] calling  crc32c_mod_init+0x0/0xc @ 1
[    2.749331] initcall crc32c_mod_init+0x0/0xc returned 0 after 976 usecs
[    2.750323] calling  crypto_authenc_module_init+0x0/0xc @ 1
[    2.751327] initcall crypto_authenc_module_init+0x0/0xc returned 0 after 0 usecs
[    2.753321] calling  crypto_authenc_esn_module_init+0x0/0xc @ 1
[    2.754324] initcall crypto_authenc_esn_module_init+0x0/0xc returned 0 after 0 usecs
[    2.755324] calling  drbg_init+0x0/0x7c @ 1
[    2.766329] initcall drbg_init+0x0/0x7c returned 0 after 9765 usecs
[    2.774334] calling  ghash_mod_init+0x0/0xc @ 1
[    2.780518] initcall ghash_mod_init+0x0/0xc returned 0 after 976 usecs
[    2.788496] calling  init_bio+0x0/0x9a @ 1
[    2.794732] initcall init_bio+0x0/0x9a returned 0 after 0 usecs
[    2.802326] calling  blk_settings_init+0x0/0x29 @ 1
[    2.808325] initcall blk_settings_init+0x0/0x29 returned 0 after 0 usecs
[    2.816322] calling  blk_ioc_init+0x0/0x29 @ 1
[    2.822351] initcall blk_ioc_init+0x0/0x29 returned 0 after 0 usecs
[    2.830322] calling  blk_mq_init+0x0/0xb9 @ 1
[    2.835331] initcall blk_mq_init+0x0/0xb9 returned 0 after 0 usecs
[    2.843324] calling  genhd_device_init+0x0/0x75 @ 1
[    2.851812] initcall genhd_device_init+0x0/0x75 returned 0 after 1953 usecs
[    2.861494] calling  pci_slot_init+0x0/0x40 @ 1
[    2.867416] initcall pci_slot_init+0x0/0x40 returned 0 after 0 usecs
[    2.875325] calling  fbmem_init+0x0/0xd8 @ 1
[    2.881698] initcall fbmem_init+0x0/0xd8 returned 0 after 0 usecs
[    2.889324] calling  acpi_init+0x0/0x319 @ 1
[    2.894547] ACPI: Added _OSI(Module Device)
[    2.899322] ACPI: Added _OSI(Processor Device)
[    2.904321] ACPI: Added _OSI(3.0 _SCP Extensions)
[    2.910321] ACPI: Added _OSI(Processor Aggregator Device)
[    2.917323] ACPI: Added _OSI(Linux-Dell-Video)
[    2.922322] ACPI: Added _OSI(Linux-Lenovo-NV-HDMI-Audio)
[    2.929320] ACPI: Added _OSI(Linux-HPI-Hybrid-Graphics)
[    2.940899] ACPI: 1 ACPI AML tables successfully acquired and loaded
[    2.957168] ACPI: Interpreter enabled
[    2.961487] ACPI: (supports S0 S3 S4 S5)
[    2.966323] ACPI: Using IOAPIC for interrupt routing
[    2.973350] PCI: Using host bridge windows from ACPI; if necessary, use "pci=nocrs" and report a bug
[    2.985045] ACPI: Enabled 2 GPEs in block 00 to 3F
[    3.004993] ACPI: PCI Root Bridge [PCI0] (domain 0000 [bus 00-ff])
[    3.014422] acpi PNP0A08:00: _OSC: OS supports [ExtendedConfig ASPM ClockPM Segments MSI HPX-Type3]
[    3.028908] acpi PNP0A08:00: _OSC: platform does not support [LTR]
[    3.037610] acpi PNP0A08:00: _OSC: OS now controls [PME PCIeCapability]
[    3.046805] PCI host bridge to bus 0000:00
[    3.051325] pci_bus 0000:00: root bus resource [io  0x0000-0x0cf7 window]
[    3.060325] pci_bus 0000:00: root bus resource [io  0x0d00-0xffff window]
[    3.068324] pci_bus 0000:00: root bus resource [mem 0x000a0000-0x000bffff window]
[    3.077324] pci_bus 0000:00: root bus resource [mem 0x20000000-0xafffffff window]
[    3.086324] pci_bus 0000:00: root bus resource [mem 0xc0000000-0xfebfffff window]
[    3.095322] pci_bus 0000:00: root bus resource [mem 0x100000000-0x8ffffffff window]
[    3.105328] pci_bus 0000:00: root bus resource [bus 00-ff]
[    3.112209] pci 0000:00:00.0: calling  quirk_mmio_always_on+0x0/0x10 @ 1
[    3.120364] pci 0000:00:00.0: quirk_mmio_always_on+0x0/0x10 took 0 usecs
[    3.128322] pci 0000:00:00.0: [8086:29c0] type 00 class 0x060000
[    3.139611] pci 0000:00:00.0: calling  quirk_igfx_skip_te_disable+0x0/0x80 @ 1
[    3.148343] pci 0000:00:00.0: quirk_igfx_skip_te_disable+0x0/0x80 took 0 usecs
[    3.160322] pci 0000:00:01.0: [1234:1111] type 00 class 0x030000
[    3.176078] pci 0000:00:01.0: reg 0x10: [mem 0xfd000000-0xfdffffff pref]
[    3.198017] pci 0000:00:01.0: reg 0x18: [mem 0xfebf0000-0xfebf0fff]
[    3.234805] pci 0000:00:01.0: reg 0x30: [mem 0xfebe0000-0xfebeffff pref]
[    3.244486] pci 0000:00:01.0: calling  efifb_fixup_resources+0x0/0xf0 @ 1
[    3.252395] pci 0000:00:01.0: efifb_fixup_resources+0x0/0xf0 took 0 usecs
[    3.268230] pci 0000:00:1f.0: [8086:2918] type 00 class 0x060100
[    3.281341] pci 0000:00:1f.0: calling  quirk_ich7_lpc+0x0/0x60 @ 1
[    3.290586] pci 0000:00:1f.0: quirk: [io  0x0600-0x067f] claimed by ICH6 ACPI/GPIO/TCO
[    3.303437] pci 0000:00:1f.0: quirk_ich7_lpc+0x0/0x60 took 12695 usecs
[    3.313331] pci 0000:00:1f.0: calling  quirk_igfx_skip_te_disable+0x0/0x80 @ 1
[    3.322342] pci 0000:00:1f.0: quirk_igfx_skip_te_disable+0x0/0x80 took 0 usecs
[    3.335320] pci 0000:00:1f.2: [8086:2922] type 00 class 0x010601
[    3.351198] pci 0000:00:1f.2: reg 0x20: [io  0xc040-0xc05f]
[    3.359321] pci 0000:00:1f.2: reg 0x24: [mem 0xfebf1000-0xfebf1fff]
[    3.370547] pci 0000:00:1f.2: calling  quirk_igfx_skip_te_disable+0x0/0x80 @ 1
[    3.380331] pci 0000:00:1f.2: quirk_igfx_skip_te_disable+0x0/0x80 took 0 usecs
[    3.391320] pci 0000:00:1f.3: [8086:2930] type 00 class 0x0c0500
[    3.405323] pci 0000:00:1f.3: reg 0x20: [io  0x0700-0x073f]
[    3.415859] pci 0000:00:1f.3: calling  quirk_igfx_skip_te_disable+0x0/0x80 @ 1
[    3.426329] pci 0000:00:1f.3: quirk_igfx_skip_te_disable+0x0/0x80 took 0 usecs
[    3.441504] ACPI: PCI Interrupt Link [LNKA] (IRQs 5 *10 11)
[    3.449823] ACPI: PCI Interrupt Link [LNKB] (IRQs 5 *10 11)
[    3.457885] ACPI: PCI Interrupt Link [LNKC] (IRQs 5 10 *11)
[    3.465634] ACPI: PCI Interrupt Link [LNKD] (IRQs 5 10 *11)
[    3.472881] ACPI: PCI Interrupt Link [LNKE] (IRQs 5 *10 11)
[    3.480786] ACPI: PCI Interrupt Link [LNKF] (IRQs 5 *10 11)
[    3.488386] ACPI: PCI Interrupt Link [LNKG] (IRQs 5 10 *11)
[    3.495870] ACPI: PCI Interrupt Link [LNKH] (IRQs 5 10 *11)
[    3.503633] ACPI: PCI Interrupt Link [GSIA] (IRQs *16)
[    3.509382] ACPI: PCI Interrupt Link [GSIB] (IRQs *17)
[    3.516338] ACPI: PCI Interrupt Link [GSIC] (IRQs *18)
[    3.522376] ACPI: PCI Interrupt Link [GSID] (IRQs *19)
[    3.528374] ACPI: PCI Interrupt Link [GSIE] (IRQs *20)
[    3.534380] ACPI: PCI Interrupt Link [GSIF] (IRQs *21)
[    3.543340] ACPI: PCI Interrupt Link [GSIG] (IRQs *22)
[    3.549418] ACPI: PCI Interrupt Link [GSIH] (IRQs *23)
[    3.561252] initcall acpi_init+0x0/0x319 returned 0 after 651367 usecs
[    3.569578] calling  pnp_init+0x0/0xc @ 1
[    3.575393] initcall pnp_init+0x0/0xc returned 0 after 0 usecs
[    3.582330] calling  misc_init+0x0/0xbf @ 1
[    3.588561] initcall misc_init+0x0/0xbf returned 0 after 976 usecs
[    3.596326] calling  iommu_subsys_init+0x0/0x4e @ 1
[    3.602361] iommu: Default domain type: Translated 
[    3.608325] initcall iommu_subsys_init+0x0/0x4e returned 0 after 5859 usecs
[    3.616324] calling  vga_arb_device_init+0x0/0x261 @ 1
[    3.625551] pci 0000:00:01.0: vgaarb: setting as boot VGA device
[    3.626312] pci 0000:00:01.0: vgaarb: VGA device added: decodes=io+mem,owns=io+mem,locks=none
[    3.642329] pci 0000:00:01.0: vgaarb: bridge control possible
[    3.649320] vgaarb: loaded
[    3.652326] initcall vga_arb_device_init+0x0/0x261 returned 0 after 29296 usecs
[    3.661342] calling  cn_init+0x0/0xf0 @ 1
[    3.666861] initcall cn_init+0x0/0xf0 returned 0 after 0 usecs
[    3.674331] calling  dma_buf_init+0x0/0xad @ 1
[    3.681730] initcall dma_buf_init+0x0/0xad returned 0 after 976 usecs
[    3.689324] calling  dma_resv_lockdep+0x0/0x281 @ 1
[    3.695968] initcall dma_resv_lockdep+0x0/0x281 returned 0 after 976 usecs
[    3.703324] calling  init_scsi+0x0/0x79 @ 1
[    3.709584] SCSI subsystem initialized
[    3.713323] initcall init_scsi+0x0/0x79 returned 0 after 4882 usecs
[    3.721323] calling  ata_init+0x0/0x332 @ 1
[    3.727797] libata version 3.00 loaded.
[    3.732328] initcall ata_init+0x0/0x332 returned 0 after 5859 usecs
[    3.739324] calling  phy_init+0x0/0x250 @ 1
[    3.746589] initcall phy_init+0x0/0x250 returned 0 after 976 usecs
[    3.753328] calling  init_pcmcia_cs+0x0/0x35 @ 1
[    3.760527] initcall init_pcmcia_cs+0x0/0x35 returned 0 after 0 usecs
[    3.770324] calling  usb_common_init+0x0/0x1c @ 1
[    3.777451] initcall usb_common_init+0x0/0x1c returned 0 after 0 usecs
[    3.787325] calling  usb_init+0x0/0x12e @ 1
[    3.793504] ACPI: bus type USB registered
[    3.800331] usbcore: registered new interface driver usbfs
[    3.806407] usbcore: registered new interface driver hub
[    3.813362] usbcore: registered new device driver usb
[    3.819325] initcall usb_init+0x0/0x12e returned 0 after 25390 usecs
[    3.826323] calling  serio_init+0x0/0x29 @ 1
[    3.831429] initcall serio_init+0x0/0x29 returned 0 after 0 usecs
[    3.839319] calling  input_init+0x0/0xf6 @ 1
[    3.844370] initcall input_init+0x0/0xf6 returned 0 after 0 usecs
[    3.851321] calling  rtc_init+0x0/0x4d @ 1
[    3.856336] initcall rtc_init+0x0/0x4d returned 0 after 0 usecs
[    3.863323] calling  pps_init+0x0/0xa9 @ 1
[    3.869390] pps_core: LinuxPPS API ver. 1 registered
[    3.876322] pps_core: Software ver. 5.3.6 - Copyright 2005-2007 Rodolfo Giometti <giometti@linux.it>
[    3.889338] initcall pps_init+0x0/0xa9 returned 0 after 19531 usecs
[    3.898327] calling  ptp_init+0x0/0x98 @ 1
[    3.903347] PTP clock support registered
[    3.908323] initcall ptp_init+0x0/0x98 returned 0 after 4882 usecs
[    3.915323] calling  power_supply_class_init+0x0/0x3f @ 1
[    3.922542] initcall power_supply_class_init+0x0/0x3f returned 0 after 0 usecs
[    3.930323] calling  hwmon_init+0x0/0x104 @ 1
[    3.935348] initcall hwmon_init+0x0/0x104 returned 0 after 0 usecs
[    3.943319] calling  md_init+0x0/0x16b @ 1
[    3.949444] initcall md_init+0x0/0x16b returned 0 after 976 usecs
[    3.956323] calling  leds_init+0x0/0x3b @ 1
[    3.961359] initcall leds_init+0x0/0x3b returned 0 after 0 usecs
[    3.968321] calling  dmi_init+0x0/0x113 @ 1
[    3.973546] initcall dmi_init+0x0/0x113 returned 0 after 0 usecs
[    3.980323] calling  efisubsys_init+0x0/0x4e7 @ 1
[    3.986346] initcall efisubsys_init+0x0/0x4e7 returned 0 after 0 usecs
[    3.993338] calling  nvmem_init+0x0/0xc @ 1
[    3.998442] initcall nvmem_init+0x0/0xc returned 0 after 0 usecs
[    4.005322] calling  init_soundcore+0x0/0x33 @ 1
[    4.011341] initcall init_soundcore+0x0/0x33 returned 0 after 0 usecs
[    4.019343] calling  alsa_sound_init+0x0/0x8f @ 1
[    4.024679] Advanced Linux Sound Architecture Driver Initialized.
[    4.032323] initcall alsa_sound_init+0x0/0x8f returned 0 after 7812 usecs
[    4.040321] calling  alsa_seq_device_init+0x0/0x71 @ 1
[    4.046364] initcall alsa_seq_device_init+0x0/0x71 returned 0 after 0 usecs
[    4.054323] calling  hda_bus_init+0x0/0xc @ 1
[    4.059400] initcall hda_bus_init+0x0/0xc returned 0 after 976 usecs
[    4.068327] calling  proto_init+0x0/0xc @ 1
[    4.075331] initcall proto_init+0x0/0xc returned 0 after 0 usecs
[    4.084327] calling  net_dev_init+0x0/0x27f @ 1
[    4.097450] initcall net_dev_init+0x0/0x27f returned 0 after 5859 usecs
[    4.103325] calling  neigh_init+0x0/0x84 @ 1
[    4.106445] initcall neigh_init+0x0/0x84 returned 0 after 1953 usecs
[    4.114325] calling  fib_notifier_init+0x0/0xc @ 1
[    4.119362] initcall fib_notifier_init+0x0/0xc returned 0 after 0 usecs
[    4.128325] calling  fib_rules_init+0x0/0xab @ 1
[    4.133438] initcall fib_rules_init+0x0/0xab returned 0 after 0 usecs
[    4.141327] calling  pktsched_init+0x0/0x10e @ 1
[    4.147424] initcall pktsched_init+0x0/0x10e returned 0 after 0 usecs
[    4.155328] calling  tc_filter_init+0x0/0xfa @ 1
[    4.160356] initcall tc_filter_init+0x0/0xfa returned 0 after 0 usecs
[    4.168322] calling  tc_action_init+0x0/0x54 @ 1
[    4.174347] initcall tc_action_init+0x0/0x54 returned 0 after 0 usecs
[    4.181324] calling  ethnl_init+0x0/0x52 @ 1
[    4.186376] initcall ethnl_init+0x0/0x52 returned 0 after 0 usecs
[    4.194322] calling  nexthop_init+0x0/0xd8 @ 1
[    4.199373] initcall nexthop_init+0x0/0xd8 returned 0 after 0 usecs
[    4.207322] calling  cipso_v4_init+0x0/0x8d @ 1
[    4.212402] initcall cipso_v4_init+0x0/0x8d returned 0 after 0 usecs
[    4.220322] calling  ieee80211_init+0x0/0x24 @ 1
[    4.226375] initcall ieee80211_init+0x0/0x24 returned 0 after 976 usecs
[    4.234322] calling  netlbl_init+0x0/0x78 @ 1
[    4.239320] NetLabel: Initializing
[    4.243319] NetLabel:  domain hash size = 128
[    4.248320] NetLabel:  protocols = UNLABELED CIPSOv4 CALIPSO
[    4.255565] NetLabel:  unlabeled traffic allowed by default
[    4.262323] initcall netlbl_init+0x0/0x78 returned 0 after 22460 usecs
[    4.270324] calling  rfkill_init+0x0/0x136 @ 1
[    4.277651] initcall rfkill_init+0x0/0x136 returned 0 after 976 usecs
[    4.285326] calling  pci_subsys_init+0x0/0x66 @ 1
[    4.291355] PCI: Using ACPI for IRQ routing
[    5.059840] PCI: pci_cache_line_size set to 64 bytes
[    5.069569] e820: reserve RAM buffer [mem 0x0009fc00-0x0009ffff]
[    5.077335] e820: reserve RAM buffer [mem 0x1ffdf000-0x1fffffff]
[    5.085504] initcall pci_subsys_init+0x0/0x66 returned 0 after 775390 usecs
[    5.095518] calling  nmi_warning_debugfs+0x0/0x26 @ 1
[    5.101568] initcall nmi_warning_debugfs+0x0/0x26 returned 0 after 0 usecs
[    5.111328] calling  save_microcode_in_initrd+0x0/0x51 @ 1
[    5.118800] initcall save_microcode_in_initrd+0x0/0x51 returned 0 after 976 usecs
[    5.128431] calling  hpet_late_init+0x0/0x207 @ 1
[    5.135500] hpet: 3 channels of 0 reserved for per-cpu timers
[    5.140950] hpet0: at MMIO 0xfed00000, IRQs 2, 8, 0
[    5.146321] hpet0: 3 comparators, 64-bit 100.000000 MHz counter
[    5.156327] initcall hpet_late_init+0x0/0x207 returned 0 after 20507 usecs
[    5.161329] calling  init_amd_nbs+0x0/0x11c @ 1
[    5.169324] initcall init_amd_nbs+0x0/0x11c returned 0 after 1953 usecs
[    5.174519] calling  clocksource_done_booting+0x0/0x43 @ 1
[    5.189749] clocksource: Switched to clocksource kvm-clock
[    5.197881] initcall clocksource_done_booting+0x0/0x43 returned 0 after 19102 usecs
[    5.207437] calling  tracer_init_tracefs+0x0/0x248 @ 1
[    5.634887] initcall tracer_init_tracefs+0x0/0x248 returned 0 after 411080 usecs
[    5.644459] calling  init_trace_printk_function_export+0x0/0x2c @ 1
[    5.652228] initcall init_trace_printk_function_export+0x0/0x2c returned 0 after 18 usecs
[    5.662044] calling  init_kprobe_trace+0x0/0x1ab @ 1
[    5.668137] initcall init_kprobe_trace+0x0/0x1ab returned 0 after 48 usecs
[    5.676426] calling  init_dynamic_event+0x0/0x3d @ 1
[    5.682471] initcall init_dynamic_event+0x0/0x3d returned 0 after 14 usecs
[    5.691683] calling  init_uprobe_trace+0x0/0x5c @ 1
[    5.700015] initcall init_uprobe_trace+0x0/0x5c returned 0 after 910 usecs
[    5.709509] calling  init_pipe_fs+0x0/0x44 @ 1
[    5.722199] initcall init_pipe_fs+0x0/0x44 returned 0 after 5486 usecs
[    5.732685] calling  inotify_user_setup+0x0/0x47 @ 1
[    5.743509] initcall inotify_user_setup+0x0/0x47 returned 0 after 3044 usecs
[    5.751984] calling  eventpoll_init+0x0/0xeb @ 1
[    5.759423] initcall eventpoll_init+0x0/0xeb returned 0 after 535 usecs
[    5.769613] calling  anon_inode_init+0x0/0x58 @ 1
[    5.780915] initcall anon_inode_init+0x0/0x58 returned 0 after 3377 usecs
[    5.791128] calling  proc_locks_init+0x0/0x27 @ 1
[    5.798715] initcall proc_locks_init+0x0/0x27 returned 0 after 743 usecs
[    5.807310] calling  iomap_init+0x0/0x1b @ 1
[    5.829020] initcall iomap_init+0x0/0x1b returned 0 after 15315 usecs
[    5.837369] calling  dquot_init+0x0/0x106 @ 1
[    5.843630] VFS: Disk quotas dquot_6.6.0
[    5.852072] VFS: Dquot-cache hash table entries: 512 (order 0, 4096 bytes)
[    5.861889] initcall dquot_init+0x0/0x106 returned 0 after 18056 usecs
[    5.870868] calling  quota_init+0x0/0x23 @ 1
[    5.880085] initcall quota_init+0x0/0x23 returned 0 after 3304 usecs
[    5.889725] calling  proc_cmdline_init+0x0/0x21 @ 1
[    5.898251] initcall proc_cmdline_init+0x0/0x21 returned 0 after 668 usecs
[    5.908176] calling  proc_consoles_init+0x0/0x24 @ 1
[    5.915632] initcall proc_consoles_init+0x0/0x24 returned 0 after 10 usecs
[    5.925798] calling  proc_cpuinfo_init+0x0/0x1e @ 1
[    5.932339] initcall proc_cpuinfo_init+0x0/0x1e returned 0 after 10 usecs
[    5.942794] calling  proc_devices_init+0x0/0x24 @ 1
[    5.949027] initcall proc_devices_init+0x0/0x24 returned 0 after 9 usecs
[    5.957876] calling  proc_interrupts_init+0x0/0x24 @ 1
[    5.964804] initcall proc_interrupts_init+0x0/0x24 returned 0 after 9 usecs
[    5.974185] calling  proc_loadavg_init+0x0/0x21 @ 1
[    5.980495] initcall proc_loadavg_init+0x0/0x21 returned 0 after 8 usecs
[    5.988868] calling  proc_meminfo_init+0x0/0x21 @ 1
[    5.995076] initcall proc_meminfo_init+0x0/0x21 returned 0 after 116 usecs
[    6.003434] calling  proc_stat_init+0x0/0x1e @ 1
[    6.009026] initcall proc_stat_init+0x0/0x1e returned 0 after 8 usecs
[    6.016828] calling  proc_uptime_init+0x0/0x21 @ 1
[    6.022625] initcall proc_uptime_init+0x0/0x21 returned 0 after 8 usecs
[    6.030627] calling  proc_version_init+0x0/0x21 @ 1
[    6.036685] initcall proc_version_init+0x0/0x21 returned 0 after 8 usecs
[    6.044873] calling  proc_softirqs_init+0x0/0x21 @ 1
[    6.051048] initcall proc_softirqs_init+0x0/0x21 returned 0 after 8 usecs
[    6.060572] calling  proc_kcore_init+0x0/0xea @ 1
[    6.066711] initcall proc_kcore_init+0x0/0xea returned 0 after 267 usecs
[    6.074914] calling  vmcore_init+0x0/0x57b @ 1
[    6.080604] initcall vmcore_init+0x0/0x57b returned 0 after 40 usecs
[    6.088498] calling  proc_kmsg_init+0x0/0x21 @ 1
[    6.094143] initcall proc_kmsg_init+0x0/0x21 returned 0 after 7 usecs
[    6.101937] calling  proc_page_init+0x0/0x3b @ 1
[    6.107521] initcall proc_page_init+0x0/0x3b returned 0 after 8 usecs
[    6.115269] calling  init_ramfs_fs+0x0/0xc @ 1
[    6.120627] initcall init_ramfs_fs+0x0/0xc returned 0 after 23 usecs
[    6.129695] calling  init_hugetlbfs_fs+0x0/0xf6 @ 1
[    6.136817] initcall init_hugetlbfs_fs+0x0/0xf6 returned 0 after 1143 usecs
[    6.145643] calling  blk_scsi_ioctl_init+0x0/0x2a5 @ 1
[    6.152949] initcall blk_scsi_ioctl_init+0x0/0x2a5 returned 0 after 50 usecs
[    6.161985] calling  acpi_event_init+0x0/0x2c @ 1
[    6.167941] initcall acpi_event_init+0x0/0x2c returned 0 after 124 usecs
[    6.176009] calling  pnp_system_init+0x0/0xc @ 1
[    6.182507] initcall pnp_system_init+0x0/0xc returned 0 after 625 usecs
[    6.190568] calling  pnpacpi_init+0x0/0x69 @ 1
[    6.196068] pnp: PnP ACPI init
[    6.203323] pnp 00:00: Plug and Play ACPI device, IDs PNP0303 (active)
[    6.212731] pnp 00:01: Plug and Play ACPI device, IDs PNP0f13 (active)
[    6.220974] pnp 00:02: Plug and Play ACPI device, IDs PNP0400 (active)
[    6.228982] pnp 00:03: Plug and Play ACPI device, IDs PNP0501 (active)
[    6.236683] pnp 00:04: Plug and Play ACPI device, IDs PNP0b00 (active)
[    6.245217] system 00:05: [mem 0xb0000000-0xbfffffff window] has been reserved
[    6.253946] system 00:05: Plug and Play ACPI device, IDs PNP0c01 (active)
[    6.264254] pnp: PnP ACPI: found 6 devices
[    6.269255] initcall pnpacpi_init+0x0/0x69 returned 0 after 71504 usecs
[    6.277054] calling  chr_dev_init+0x0/0x14d @ 1
[    6.397153] initcall chr_dev_init+0x0/0x14d returned 0 after 111983 usecs
[    6.407240] calling  firmware_class_init+0x0/0x14a @ 1
[    6.415066] initcall firmware_class_init+0x0/0x14a returned 0 after 158 usecs
[    6.425693] calling  init_pcmcia_bus+0x0/0x5b @ 1
[    6.433123] initcall init_pcmcia_bus+0x0/0x5b returned 0 after 245 usecs
[    6.442993] calling  init_acpi_pm_clocksource+0x0/0xda @ 1
[    6.457072] clocksource: acpi_pm: mask: 0xffffff max_cycles: 0xffffff, max_idle_ns: 2085701024 ns
[    6.470088] initcall init_acpi_pm_clocksource+0x0/0xda returned 0 after 18494 usecs
[    6.481414] calling  sysctl_core_init+0x0/0x26 @ 1
[    6.488883] initcall sysctl_core_init+0x0/0x26 returned 0 after 214 usecs
[    6.505975] calling  eth_offload_init+0x0/0x13 @ 1
[    6.516631] initcall eth_offload_init+0x0/0x13 returned 0 after 3156 usecs
[    6.524842] calling  ipv4_offload_init+0x0/0x73 @ 1
[    6.530658] initcall ipv4_offload_init+0x0/0x73 returned 0 after 171 usecs
[    6.538718] calling  inet_init+0x0/0x276 @ 1
[    6.545532] NET: Registered protocol family 2
[    6.552462] IP idents hash table entries: 8192 (order: 4, 65536 bytes, linear)
[    6.569722] tcp_listen_portaddr_hash hash table entries: 256 (order: 2, 20480 bytes, linear)
[    6.582213] TCP established hash table entries: 4096 (order: 3, 32768 bytes, linear)
[    6.593979] TCP bind hash table entries: 4096 (order: 6, 294912 bytes, linear)
[    6.612583] TCP: Hash tables configured (established 4096 bind 4096)
[    6.620992] UDP hash table entries: 256 (order: 3, 40960 bytes, linear)
[    6.629148] UDP-Lite hash table entries: 256 (order: 3, 40960 bytes, linear)
[    6.638108] initcall inet_init+0x0/0x276 returned 0 after 92098 usecs
[    6.646616] calling  af_unix_init+0x0/0x4d @ 1
[    6.652310] NET: Registered protocol family 1
[    6.658337] initcall af_unix_init+0x0/0x4d returned 0 after 5937 usecs
[    6.666837] calling  ipv6_offload_init+0x0/0x7e @ 1
[    6.673798] initcall ipv6_offload_init+0x0/0x7e returned 0 after 58 usecs
[    6.682514] calling  init_sunrpc+0x0/0x65 @ 1
[    6.698626] RPC: Registered named UNIX socket transport module.
[    6.707645] RPC: Registered udp transport module.
[    6.714640] RPC: Registered tcp transport module.
[    6.721696] RPC: Registered tcp NFSv4.1 backchannel transport module.
[    6.731487] initcall init_sunrpc+0x0/0x65 returned 0 after 42742 usecs
[    6.741006] calling  cfg80211_init+0x0/0xc5 @ 1
[    6.751662] initcall cfg80211_init+0x0/0xc5 returned 0 after 3764 usecs
[    6.761554] calling  pcibios_assign_resources+0x0/0xbf @ 1
[    6.770303] pci_bus 0000:00: resource 4 [io  0x0000-0x0cf7 window]
[    6.779424] pci_bus 0000:00: resource 5 [io  0x0d00-0xffff window]
[    6.788641] pci_bus 0000:00: resource 6 [mem 0x000a0000-0x000bffff window]
[    6.799120] pci_bus 0000:00: resource 7 [mem 0x20000000-0xafffffff window]
[    6.809381] pci_bus 0000:00: resource 8 [mem 0xc0000000-0xfebfffff window]
[    6.819687] pci_bus 0000:00: resource 9 [mem 0x100000000-0x8ffffffff window]
[    6.831887] initcall pcibios_assign_resources+0x0/0xbf returned 0 after 60607 usecs
[    6.843916] calling  pci_apply_final_quirks+0x0/0x124 @ 1
[    6.852988] pci 0000:00:01.0: calling  pci_fixup_video+0x0/0xe0 @ 1
[    6.863507] pci 0000:00:01.0: Video device with shadowed ROM at [mem 0x000c0000-0x000dffff]
[    6.876504] pci 0000:00:01.0: pci_fixup_video+0x0/0xe0 took 13311 usecs
[    6.885147] PCI: CLS 0 bytes, default 64
[    6.890187] initcall pci_apply_final_quirks+0x0/0x124 returned 0 after 36814 usecs
[    6.899458] calling  acpi_reserve_resources+0x0/0xea @ 1
[    6.905722] initcall acpi_reserve_resources+0x0/0xea returned 0 after 47 usecs
[    6.914330] calling  populate_rootfs+0x0/0x102 @ 1
[    6.923719] initcall populate_rootfs+0x0/0x102 returned 0 after 3644 usecs
[    6.931823] calling  pci_iommu_init+0x0/0x3e @ 1
[    6.937548] initcall pci_iommu_init+0x0/0x3e returned 0 after 197 usecs
[    6.946376] calling  ia32_binfmt_init+0x0/0x13 @ 1
[    6.952332] initcall ia32_binfmt_init+0x0/0x13 returned 0 after 12 usecs
[    6.960301] calling  rapl_pmu_init+0x0/0x267 @ 1
[    6.965789] initcall rapl_pmu_init+0x0/0x267 returned -19 after 57 usecs
[    6.973607] calling  amd_uncore_init+0x0/0x310 @ 1
[    6.979177] initcall amd_uncore_init+0x0/0x310 returned -19 after 0 usecs
[    6.987006] calling  amd_ibs_init+0x0/0x27b @ 1
[    6.992952] initcall amd_ibs_init+0x0/0x27b returned -19 after 1 usecs
[    7.000622] calling  amd_iommu_pc_init+0x0/0x22c @ 1
[    7.006621] initcall amd_iommu_pc_init+0x0/0x22c returned -19 after 54 usecs
[    7.014720] calling  msr_init+0x0/0x55 @ 1
[    7.019580] initcall msr_init+0x0/0x55 returned 0 after 92 usecs
[    7.026472] calling  intel_uncore_init+0x0/0x36f @ 1
[    7.033129] initcall intel_uncore_init+0x0/0x36f returned -19 after 39 usecs
[    7.043572] calling  cstate_pmu_init+0x0/0x1a1 @ 1
[    7.050612] initcall cstate_pmu_init+0x0/0x1a1 returned -19 after 1 usecs
[    7.060479] calling  register_kernel_offset_dumper+0x0/0x1a @ 1
[    7.067804] initcall register_kernel_offset_dumper+0x0/0x1a returned 0 after 18 usecs
[    7.077129] calling  i8259A_init_ops+0x0/0x20 @ 1
[    7.083596] initcall i8259A_init_ops+0x0/0x20 returned 0 after 3 usecs
[    7.091659] calling  init_tsc_clocksource+0x0/0xa4 @ 1
[    7.097579] clocksource: tsc: mask: 0xffffffffffffffff max_cycles: 0x39a85afc727, max_idle_ns: 881590685098 ns
[    7.109075] initcall init_tsc_clocksource+0x0/0xa4 returned 0 after 11252 usecs
[    7.119500] calling  add_rtc_cmos+0x0/0xb0 @ 1
[    7.124917] initcall add_rtc_cmos+0x0/0xb0 returned 0 after 141 usecs
[    7.133582] calling  i8237A_init_ops+0x0/0x3a @ 1
[    7.140250] initcall i8237A_init_ops+0x0/0x3a returned 0 after 295 usecs
[    7.148171] calling  umwait_init+0x0/0x94 @ 1
[    7.153422] initcall umwait_init+0x0/0x94 returned -19 after 15 usecs
[    7.160973] calling  thermal_throttle_init_device+0x0/0x3d @ 1
[    7.167866] initcall thermal_throttle_init_device+0x0/0x3d returned 0 after 49 usecs
[    7.176760] calling  msr_init+0x0/0xd7 @ 1
[    7.209087] initcall msr_init+0x0/0xd7 returned 0 after 26869 usecs
[    7.218435] calling  cpuid_init+0x0/0xd7 @ 1
[    7.236439] initcall cpuid_init+0x0/0xd7 returned 0 after 11686 usecs
[    7.244090] calling  ioapic_init_ops+0x0/0x13 @ 1
[    7.249506] initcall ioapic_init_ops+0x0/0x13 returned 0 after 23 usecs
[    7.257004] calling  add_pcspkr+0x0/0x6c @ 1
[    7.262181] initcall add_pcspkr+0x0/0x6c returned 0 after 106 usecs
[    7.269476] calling  start_periodic_check_for_corruption+0x0/0x30 @ 1
[    7.276837] check: Scanning for low memory corruption every 60 seconds
[    7.284270] initcall start_periodic_check_for_corruption+0x0/0x30 returned 0 after 7295 usecs
[    7.294854] calling  sysfb_init+0x0/0x9c @ 1
[    7.300001] initcall sysfb_init+0x0/0x9c returned 0 after 191 usecs
[    7.307072] calling  audit_classes_init+0x0/0xae @ 1
[    7.312726] initcall audit_classes_init+0x0/0xae returned 0 after 23 usecs
[    7.320422] calling  iosf_mbi_init+0x0/0x24 @ 1
[    7.326921] initcall iosf_mbi_init+0x0/0x24 returned 0 after 729 usecs
[    7.334759] calling  proc_execdomains_init+0x0/0x21 @ 1
[    7.341148] initcall proc_execdomains_init+0x0/0x21 returned 0 after 67 usecs
[    7.349788] calling  register_warn_debugfs+0x0/0x23 @ 1
[    7.357055] initcall register_warn_debugfs+0x0/0x23 returned 0 after 233 usecs
[    7.365864] calling  cpuhp_sysfs_init+0x0/0x79 @ 1
[    7.371675] initcall cpuhp_sysfs_init+0x0/0x79 returned 0 after 237 usecs
[    7.379379] calling  ioresources_init+0x0/0x49 @ 1
[    7.384867] initcall ioresources_init+0x0/0x49 returned 0 after 12 usecs
[    7.392453] calling  lockdep_proc_init+0x0/0x64 @ 1
[    7.401226] initcall lockdep_proc_init+0x0/0x64 returned 0 after 51 usecs
[    7.408832] calling  snapshot_device_init+0x0/0xc @ 1
[    7.415850] initcall snapshot_device_init+0x0/0xc returned 0 after 1369 usecs
[    7.423750] calling  irq_pm_init_ops+0x0/0x13 @ 1
[    7.429119] initcall irq_pm_init_ops+0x0/0x13 returned 0 after 19 usecs
[    7.436702] calling  rcu_torture_init+0x0/0x9be @ 1
[    7.443557] srcud-torture:--- Start of test: nreaders=7 nfakewriters=4 stat_interval=15 verbose=1 test_no_idle_hz=1 shuffle_interval=3 stutter=5 irqreader=1 fqs_duration=0 fqs_holdoff=0 fqs_stutter=3 test_boost=1/0 test_boost_interval=7 test_boost_duration=4 shutdown_secs=1800 stall_cpu=0 stall_cpu_holdoff=10 stall_cpu_irqsoff=0 stall_cpu_block=0 n_barrier_cbs=4 onoff_interval=1000 onoff_holdoff=30 read_exit_delay=13 read_exit_burst=16
[    7.488287] srcud:  Start-test grace-period state: g0 f0x0
[    7.494719] srcud-torture: Creating rcu_torture_writer task
[    7.503796] srcud-torture: Creating rcu_torture_fakewriter task
[    7.504239] srcud-torture: rcu_torture_writer task started
[    7.514465] srcud-torture: Creating rcu_torture_fakewriter task
[    7.514616] srcud-torture: rcu_torture_fakewriter task started
[    7.520160] srcud-torture: GP expediting controlled from boot/sysfs for srcud.
[    7.530656] srcud-torture: Creating rcu_torture_fakewriter task
[    7.531149] srcud-torture: rcu_torture_fakewriter task started
[    7.534758] rcu_torture_writer: Testing expedited GPs.
[    7.544774] srcud-torture: Creating rcu_torture_fakewriter task
[    7.545121] srcud-torture: rcu_torture_fakewriter task started
[    7.550284] rcu_torture_writer: Testing asynchronous GPs.
[    7.559134] srcud-torture: Creating rcu_torture_reader task
[    7.559440] srcud-torture: rcu_torture_fakewriter task started
[    7.568560] rcu_torture_writer: Testing normal GPs.
[    7.613517] srcud-torture: Creating rcu_torture_reader task
[    7.613629] srcud-torture: rcu_torture_reader task started
[    7.621774] srcud-torture: Creating rcu_torture_reader task
[    7.621978] srcud-torture: rcu_torture_reader task started
[    7.643099] srcud-torture: Creating rcu_torture_reader task
[    7.643622] srcud-torture: rcu_torture_reader task started
[    7.652817] srcud-torture: Creating rcu_torture_reader task
[    7.653061] srcud-torture: rcu_torture_reader task started
[    7.672688] srcud-torture: Creating rcu_torture_reader task
[    7.673314] srcud-torture: rcu_torture_reader task started
[    7.681068] srcud-torture: Creating rcu_torture_reader task
[    7.681135] srcud-torture: rcu_torture_reader task started
[    7.704813] srcud-torture: Creating rcu_torture_stats task
[    7.705101] srcud-torture: rcu_torture_reader task started
[    7.720316] srcud-torture: Creating torture_shuffle task
[    7.720676] srcud-torture: rcu_torture_stats task started
[    7.733957] srcud-torture: torture_shuffle task started
[    7.733969] srcud-torture: Creating torture_stutter task
[    7.747771] srcud-torture: Creating torture_shutdown task
[    7.750455] srcud-torture: torture_stutter task started
[    7.762639] srcud-torture: Creating torture_onoff task
[    7.762796] srcud-torture: torture_shutdown task started
[    7.771704] srcud-torture: rcu_torture_fwd_prog_init: Disabled, unsupported by RCU flavor under test
[    7.772176] srcud-torture: torture_onoff task started
[    7.772178] srcud-torture: torture_onoff begin holdoff
[    7.776293] srcud-torture:torture_shutdown task: 1799971 ms remaining
[    7.806465] srcud-torture: Creating rcu_torture_barrier_cbs task
[    7.815038] srcud-torture: Creating rcu_torture_barrier_cbs task
[    7.815211] srcud-torture: rcu_torture_barrier_cbs task started
[    7.824115] srcud-torture: Creating rcu_torture_barrier_cbs task
[    7.824132] srcud-torture: rcu_torture_barrier_cbs task started
[    7.846723] srcud-torture: Creating rcu_torture_barrier_cbs task
[    7.846725] srcud-torture: rcu_torture_barrier_cbs task started
[    7.865517] srcud-torture: Creating rcu_torture_barrier task
[    7.865557] srcud-torture: rcu_torture_barrier_cbs task started
[    7.875885] srcud-torture: Creating rcu_torture_read_exit task
[    7.875904] srcud-torture: rcu_torture_barrier task starting
[    7.899875] srcud-torture: rcu_torture_read_exit: Start of test
[    7.900010] initcall rcu_torture_init+0x0/0x9be returned 0 after 446177 usecs
[    7.919730] calling  timekeeping_init_ops+0x0/0x13 @ 1
[    7.925966] initcall timekeeping_init_ops+0x0/0x13 returned 0 after 18 usecs
[    7.934239] calling  init_clocksource_sysfs+0x0/0x23 @ 1
[    7.941847] initcall init_clocksource_sysfs+0x0/0x23 returned 0 after 1272 usecs
[    7.950612] calling  init_timer_list_procfs+0x0/0x31 @ 1
[    7.957241] initcall init_timer_list_procfs+0x0/0x31 returned 0 after 182 usecs
[    7.965939] calling  alarmtimer_init+0x0/0xf5 @ 1
[    7.971977] initcall alarmtimer_init+0x0/0xf5 returned 0 after 431 usecs
[    7.980013] calling  init_posix_timers+0x0/0x29 @ 1
[    7.986244] initcall init_posix_timers+0x0/0x29 returned 0 after 426 usecs
[    7.994421] calling  clockevents_init_sysfs+0x0/0xbf @ 1
[    8.001505] initcall clockevents_init_sysfs+0x0/0xbf returned 0 after 587 usecs
[    8.010204] calling  proc_dma_init+0x0/0x21 @ 1
[    8.015674] initcall proc_dma_init+0x0/0x21 returned 0 after 34 usecs
[    8.023361] calling  proc_modules_init+0x0/0x1e @ 1
[    8.030004] initcall proc_modules_init+0x0/0x1e returned 0 after 7 usecs
[    8.038568] calling  kallsyms_init+0x0/0x21 @ 1
[    8.044324] initcall kallsyms_init+0x0/0x21 returned 0 after 7 usecs
[    8.051819] calling  pid_namespaces_init+0x0/0x2c @ 1
[    8.057850] initcall pid_namespaces_init+0x0/0x2c returned 0 after 30 usecs
[    8.066087] calling  audit_watch_init+0x0/0x37 @ 1
[    8.071915] initcall audit_watch_init+0x0/0x37 returned 0 after 22 usecs
[    8.079853] calling  audit_fsnotify_init+0x0/0x37 @ 1
[    8.085876] initcall audit_fsnotify_init+0x0/0x37 returned 0 after 3 usecs
[    8.094079] calling  audit_tree_init+0x0/0x6d @ 1
[    8.099803] initcall audit_tree_init+0x0/0x6d returned 0 after 10 usecs
[    8.107960] calling  seccomp_sysctl_init+0x0/0x2b @ 1
[    8.114297] initcall seccomp_sysctl_init+0x0/0x2b returned 0 after 143 usecs
[    8.122978] calling  utsname_sysctl_init+0x0/0x13 @ 1
[    8.129813] initcall utsname_sysctl_init+0x0/0x13 returned 0 after 67 usecs
[    8.138240] calling  init_tracepoints+0x0/0x27 @ 1
[    8.144108] initcall init_tracepoints+0x0/0x27 returned 0 after 27 usecs
[    8.152213] calling  init_blk_tracer+0x0/0x50 @ 1
[    8.159322] initcall init_blk_tracer+0x0/0x50 returned 0 after 1349 usecs
[    8.167601] calling  perf_event_sysfs_init+0x0/0x83 @ 1
[    8.175131] initcall perf_event_sysfs_init+0x0/0x83 returned 0 after 1140 usecs
[    8.185957] calling  system_trusted_keyring_init+0x0/0x60 @ 1
[    8.192635] Initialise system trusted keyrings
[    8.198125] initcall system_trusted_keyring_init+0x0/0x60 returned 0 after 5360 usecs
[    8.207263] calling  kswapd_init+0x0/0x5c @ 1
[    8.215111] initcall kswapd_init+0x0/0x5c returned 0 after 2607 usecs
[    8.223704] calling  extfrag_debug_init+0x0/0x54 @ 1
[    8.230678] initcall extfrag_debug_init+0x0/0x54 returned 0 after 716 usecs
[    8.239415] calling  mm_compute_batch_init+0x0/0x12 @ 1
[    8.245863] initcall mm_compute_batch_init+0x0/0x12 returned 0 after 32 usecs
[    8.254750] calling  slab_proc_init+0x0/0x21 @ 1
[    8.262766] initcall slab_proc_init+0x0/0x21 returned 0 after 25 usecs
[    8.271306] calling  workingset_init+0x0/0x8c @ 1
[    8.277177] workingset: timestamp_bits=56 max_order=17 bucket_order=0
[    8.284737] initcall workingset_init+0x0/0x8c returned 0 after 7380 usecs
[    8.292539] calling  proc_vmalloc_init+0x0/0x32 @ 1
[    8.298387] initcall proc_vmalloc_init+0x0/0x32 returned 0 after 9 usecs
[    8.306590] calling  procswaps_init+0x0/0x1e @ 1
[    8.312146] initcall procswaps_init+0x0/0x1e returned 0 after 48 usecs
[    8.320512] calling  slab_sysfs_init+0x0/0xec @ 1
[    8.333300] initcall slab_sysfs_init+0x0/0xec returned 0 after 7072 usecs
[    8.343003] calling  fcntl_init+0x0/0x29 @ 1
[    8.349629] initcall fcntl_init+0x0/0x29 returned 0 after 299 usecs
[    8.358775] calling  proc_filesystems_init+0x0/0x21 @ 1
[    8.366427] initcall proc_filesystems_init+0x0/0x21 returned 0 after 10 usecs
[    8.376905] calling  start_dirtytime_writeback+0x0/0x29 @ 1
[    8.383990] initcall start_dirtytime_writeback+0x0/0x29 returned 0 after 17 usecs
[    8.392612] calling  blkdev_init+0x0/0x1b @ 1
[    8.398009] initcall blkdev_init+0x0/0x1b returned 0 after 278 usecs
[    8.405458] calling  dio_init+0x0/0x2c @ 1
[    8.410336] initcall dio_init+0x0/0x2c returned 0 after 108 usecs
[    8.417365] calling  dnotify_init+0x0/0x78 @ 1
[    8.422687] initcall dnotify_init+0x0/0x78 returned 0 after 95 usecs
[    8.430014] calling  aio_setup+0x0/0x78 @ 1
[    8.435837] initcall aio_setup+0x0/0x78 returned 0 after 864 usecs
[    8.444627] calling  io_uring_init+0x0/0x2c @ 1
[    8.451322] initcall io_uring_init+0x0/0x2c returned 0 after 22 usecs
[    8.460687] calling  mbcache_init+0x0/0x30 @ 1
[    8.466252] initcall mbcache_init+0x0/0x30 returned 0 after 106 usecs
[    8.473902] calling  init_grace+0x0/0xc @ 1
[    8.479140] initcall init_grace+0x0/0xc returned 0 after 208 usecs
[    8.488189] calling  init_v2_quota_format+0x0/0x21 @ 1
[    8.494568] initcall init_v2_quota_format+0x0/0x21 returned 0 after 170 usecs
[    8.503811] calling  init_devpts_fs+0x0/0x27 @ 1
[    8.509632] initcall init_devpts_fs+0x0/0x27 returned 0 after 59 usecs
[    8.519247] calling  ext4_init_fs+0x0/0x1c2 @ 1
[    8.527165] initcall ext4_init_fs+0x0/0x1c2 returned 0 after 1193 usecs
[    8.536874] calling  journal_init+0x0/0x11c @ 1
[    8.543589] initcall journal_init+0x0/0x11c returned 0 after 261 usecs
[    8.552268] calling  init_fat_fs+0x0/0x49 @ 1
[    8.557974] initcall init_fat_fs+0x0/0x49 returned 0 after 139 usecs
[    8.565202] calling  init_vfat_fs+0x0/0xc @ 1
[    8.570584] initcall init_vfat_fs+0x0/0xc returned 0 after 4 usecs
[    8.577756] calling  init_msdos_fs+0x0/0xc @ 1
[    8.583059] initcall init_msdos_fs+0x0/0xc returned 0 after 4 usecs
[    8.590479] calling  init_iso9660_fs+0x0/0x6c @ 1
[    8.596282] initcall init_iso9660_fs+0x0/0x6c returned 0 after 137 usecs
[    8.604437] calling  init_nfs_fs+0x0/0x13a @ 1
[    8.612485] initcall init_nfs_fs+0x0/0x13a returned 0 after 2650 usecs
[    8.620885] calling  init_nfs_v2+0x0/0x13 @ 1
[    8.626184] initcall init_nfs_v2+0x0/0x13 returned 0 after 49 usecs
[    8.633872] calling  init_nfs_v3+0x0/0x13 @ 1
[    8.639783] initcall init_nfs_v3+0x0/0x13 returned 0 after 2 usecs
[    8.647395] calling  init_nfs_v4+0x0/0x32 @ 1
[    8.653123] NFS: Registering the id_resolver key type
[    8.659956] Key type id_resolver registered
[    8.665486] Key type id_legacy registered
[    8.670895] initcall init_nfs_v4+0x0/0x32 returned 0 after 17374 usecs
[    8.679558] calling  init_nlm+0x0/0x5b @ 1
[    8.684828] initcall init_nlm+0x0/0x5b returned 0 after 38 usecs
[    8.692774] calling  init_nls_cp437+0x0/0xe @ 1
[    8.698842] initcall init_nls_cp437+0x0/0xe returned 0 after 133 usecs
[    8.708471] calling  init_nls_ascii+0x0/0xe @ 1
[    8.713961] initcall init_nls_ascii+0x0/0xe returned 0 after 1 usecs
[    8.721516] calling  init_nls_iso8859_1+0x0/0xe @ 1
[    8.727538] initcall init_nls_iso8859_1+0x0/0xe returned 0 after 1 usecs
[    8.735496] calling  init_nls_utf8+0x0/0x21 @ 1
[    8.741017] initcall init_nls_utf8+0x0/0x21 returned 0 after 1 usecs
[    8.748774] calling  init_autofs_fs+0x0/0x25 @ 1
[    8.756590] initcall init_autofs_fs+0x0/0x25 returned 0 after 2082 usecs
[    8.767685] calling  ipc_init+0x0/0x24 @ 1
[    8.774052] initcall ipc_init+0x0/0x24 returned 0 after 62 usecs
[    8.784030] calling  ipc_sysctl_init+0x0/0x13 @ 1
[    8.791433] initcall ipc_sysctl_init+0x0/0x13 returned 0 after 17 usecs
[    8.801422] calling  init_mqueue_fs+0x0/0xb1 @ 1
[    8.809573] initcall init_mqueue_fs+0x0/0xb1 returned 0 after 1087 usecs
[    8.819926] calling  key_proc_init+0x0/0x63 @ 1
[    8.827165] initcall key_proc_init+0x0/0x63 returned 0 after 11 usecs
[    8.837151] calling  selinux_nf_ip_init+0x0/0x2e @ 1
[    8.844733] initcall selinux_nf_ip_init+0x0/0x2e returned 0 after 76 usecs
[    8.855292] calling  init_sel_fs+0x0/0x116 @ 1
[    8.862226] initcall init_sel_fs+0x0/0x116 returned 0 after 1 usecs
[    8.871143] calling  selnl_init+0x0/0x7c @ 1
[    8.876717] initcall selnl_init+0x0/0x7c returned 0 after 309 usecs
[    8.884208] calling  sel_netif_init+0x0/0x36 @ 1
[    8.889948] initcall sel_netif_init+0x0/0x36 returned 0 after 0 usecs
[    8.897489] calling  sel_netnode_init+0x0/0x33 @ 1
[    8.903313] initcall sel_netnode_init+0x0/0x33 returned 0 after 0 usecs
[    8.911364] calling  sel_netport_init+0x0/0x33 @ 1
[    8.917488] initcall sel_netport_init+0x0/0x33 returned 0 after 0 usecs
[    8.925617] calling  aurule_init+0x0/0x2a @ 1
[    8.931217] initcall aurule_init+0x0/0x2a returned 0 after 2 usecs
[    8.939963] calling  crypto_algapi_init+0x0/0xc @ 1
[    8.946020] initcall crypto_algapi_init+0x0/0xc returned 0 after 8 usecs
[    8.954428] calling  jent_mod_init+0x0/0x2d @ 1
[    8.971323] initcall jent_mod_init+0x0/0x2d returned 0 after 10867 usecs
[    8.980742] calling  asymmetric_key_init+0x0/0xc @ 1
[    8.987401] Key type asymmetric registered
[    8.992631] initcall asymmetric_key_init+0x0/0xc returned 0 after 5105 usecs
[    9.001801] calling  x509_key_init+0x0/0xc @ 1
[    9.008063] Asymmetric key parser 'x509' registered
[    9.014449] initcall x509_key_init+0x0/0xc returned 0 after 6304 usecs
[    9.023723] calling  proc_genhd_init+0x0/0x41 @ 1
[    9.030825] initcall proc_genhd_init+0x0/0x41 returned 0 after 84 usecs
[    9.040860] calling  bsg_init+0x0/0x113 @ 1
[    9.047642] Block layer SCSI generic (bsg) driver version 0.4 loaded (major 251)
[    9.057677] initcall bsg_init+0x0/0x113 returned 0 after 10153 usecs
[    9.067439] calling  deadline_init+0x0/0xc @ 1
[    9.074811] io scheduler mq-deadline registered
[    9.081910] initcall deadline_init+0x0/0xc returned 0 after 7065 usecs
[    9.091806] calling  kyber_init+0x0/0xc @ 1
[    9.098421] io scheduler kyber registered
[    9.104633] initcall kyber_init+0x0/0xc returned 0 after 6080 usecs
[    9.114078] calling  mod_init+0x0/0x7 @ 1
[    9.120205] initcall mod_init+0x0/0x7 returned 0 after 1 usecs
[    9.128325] calling  percpu_counter_startup+0x0/0x55 @ 1
[    9.141076] initcall percpu_counter_startup+0x0/0x55 returned 0 after 5930 usecs
[    9.150139] calling  sg_pool_init+0x0/0xb4 @ 1
[    9.155824] initcall sg_pool_init+0x0/0xb4 returned 0 after 96 usecs
[    9.163689] calling  pcie_portdrv_init+0x0/0x39 @ 1
[    9.170326] initcall pcie_portdrv_init+0x0/0x39 returned 0 after 594 usecs
[    9.178668] calling  pci_proc_init+0x0/0x68 @ 1
[    9.184584] initcall pci_proc_init+0x0/0x68 returned 0 after 131 usecs
[    9.192579] calling  pci_hotplug_init+0x0/0x7 @ 1
[    9.198518] initcall pci_hotplug_init+0x0/0x7 returned 0 after 0 usecs
[    9.206628] calling  efifb_driver_init+0x0/0xe @ 1
[    9.212803] initcall efifb_driver_init+0x0/0xe returned 0 after 66 usecs
[    9.221224] calling  ged_driver_init+0x0/0xe @ 1
[    9.227165] initcall ged_driver_init+0x0/0xe returned 0 after 93 usecs
[    9.235238] calling  acpi_ac_init+0x0/0x92 @ 1
[    9.241579] initcall acpi_ac_init+0x0/0x92 returned 0 after 886 usecs
[    9.249639] calling  acpi_button_driver_init+0x0/0x52 @ 1
[    9.258264] input: Power Button as /devices/LNXSYSTM:00/LNXPWRBN:00/input/input0
[    9.269837] ACPI: Power Button [PWRF]
[    9.276470] initcall acpi_button_driver_init+0x0/0x52 returned 0 after 19736 usecs
[    9.287834] calling  acpi_fan_driver_init+0x0/0xe @ 1
[    9.295503] initcall acpi_fan_driver_init+0x0/0xe returned 0 after 43 usecs
[    9.305107] calling  acpi_video_init+0x0/0xcb @ 1
[    9.310954] initcall acpi_video_init+0x0/0xcb returned 0 after 172 usecs
[    9.318993] calling  acpi_processor_driver_init+0x0/0xad @ 1
[    9.328858] initcall acpi_processor_driver_init+0x0/0xad returned 0 after 2815 usecs
[    9.338523] calling  acpi_thermal_init+0x0/0x71 @ 1
[    9.348094] initcall acpi_thermal_init+0x0/0x71 returned 0 after 3041 usecs
[    9.358549] calling  acpi_battery_init+0x0/0x32 @ 1
[    9.365994] initcall acpi_battery_init+0x0/0x32 returned 0 after 432 usecs
[    9.375944] calling  bgrt_init+0x0/0xb6 @ 1
[    9.382387] initcall bgrt_init+0x0/0xb6 returned -19 after 1 usecs
[    9.391539] calling  gpio_clk_driver_init+0x0/0xe @ 1
[    9.399143] initcall gpio_clk_driver_init+0x0/0xe returned 0 after 61 usecs
[    9.409481] calling  plt_clk_driver_init+0x0/0xe @ 1
[    9.416627] initcall plt_clk_driver_init+0x0/0xe returned 0 after 45 usecs
[    9.425294] calling  virtio_pci_driver_init+0x0/0x15 @ 1
[    9.432479] initcall virtio_pci_driver_init+0x0/0x15 returned 0 after 199 usecs
[    9.441832] calling  n_null_init+0x0/0x1e @ 1
[    9.447656] initcall n_null_init+0x0/0x1e returned 0 after 22 usecs
[    9.455836] calling  pty_init+0x0/0x1e8 @ 1
[    9.464154] initcall pty_init+0x0/0x1e8 returned 0 after 2282 usecs
[    9.472810] calling  sysrq_init+0x0/0x62 @ 1
[    9.480679] initcall sysrq_init+0x0/0x62 returned 0 after 15 usecs
[    9.488423] calling  serial8250_init+0x0/0x17e @ 1
[    9.494389] Serial: 8250/16550 driver, 4 ports, IRQ sharing enabled
[    9.505900] 00:03: ttyS0 at I/O 0x3f8 (irq = 4, base_baud = 115200) is a 16550A
[    9.523806] initcall serial8250_init+0x0/0x17e returned 0 after 28741 usecs
[    9.533778] calling  serial_pci_driver_init+0x0/0x15 @ 1
[    9.541833] initcall serial_pci_driver_init+0x0/0x15 returned 0 after 64 usecs
[    9.552624] calling  exar_pci_driver_init+0x0/0x15 @ 1
[    9.560389] initcall exar_pci_driver_init+0x0/0x15 returned 0 after 120 usecs
[    9.570257] calling  lpss8250_pci_driver_init+0x0/0x15 @ 1
[    9.578671] initcall lpss8250_pci_driver_init+0x0/0x15 returned 0 after 50 usecs
[    9.588649] calling  mid8250_pci_driver_init+0x0/0x15 @ 1
[    9.596089] initcall mid8250_pci_driver_init+0x0/0x15 returned 0 after 41 usecs
[    9.605816] calling  virtio_console_init+0x0/0xff @ 1
[    9.613456] initcall virtio_console_init+0x0/0xff returned 0 after 343 usecs
[    9.623252] calling  hpet_init+0x0/0x64 @ 1
[    9.631269] initcall hpet_init+0x0/0x64 returned 0 after 2102 usecs
[    9.639778] calling  nvram_module_init+0x0/0x83 @ 1
[    9.647271] Non-volatile memory driver v1.3
[    9.653202] initcall nvram_module_init+0x0/0x83 returned 0 after 6484 usecs
[    9.662760] calling  hwrng_modinit+0x0/0x8a @ 1
[    9.670865] initcall hwrng_modinit+0x0/0x8a returned 0 after 1607 usecs
[    9.680041] calling  mod_init+0x0/0x48 @ 1
[    9.686028] initcall mod_init+0x0/0x48 returned -19 after 0 usecs
[    9.694665] calling  agp_init+0x0/0x23 @ 1
[    9.700470] Linux agpgart interface v0.103
[    9.706255] initcall agp_init+0x0/0x23 returned 0 after 5646 usecs
[    9.714911] calling  agp_amd64_mod_init+0x0/0x5 @ 1
[    9.722169] initcall agp_amd64_mod_init+0x0/0x5 returned -19 after 319 usecs
[    9.733180] calling  agp_intel_init+0x0/0x28 @ 1
[    9.741336] initcall agp_intel_init+0x0/0x28 returned 0 after 738 usecs
[    9.754767] calling  drm_kms_helper_init+0x0/0x7 @ 1
[    9.761685] initcall drm_kms_helper_init+0x0/0x7 returned 0 after 40 usecs
[    9.770606] calling  drm_core_init+0x0/0xbd @ 1
[    9.778660] initcall drm_core_init+0x0/0xbd returned 0 after 154 usecs
[    9.789313] calling  i915_init+0x0/0x6b @ 1
[    9.797044] initcall i915_init+0x0/0x6b returned 0 after 940 usecs
[    9.806109] calling  cn_proc_init+0x0/0x35 @ 1
[    9.811971] initcall cn_proc_init+0x0/0x35 returned 0 after 76 usecs
[    9.819960] calling  topology_sysfs_init+0x0/0x27 @ 1
[    9.828949] initcall topology_sysfs_init+0x0/0x27 returned 0 after 2237 usecs
[    9.838259] calling  cacheinfo_sysfs_init+0x0/0x27 @ 1
[    9.861172] initcall cacheinfo_sysfs_init+0x0/0x27 returned 0 after 15937 usecs
[    9.871417] calling  loop_init+0x0/0x16a @ 1
[    9.934080] loop: module loaded
[    9.938824] initcall loop_init+0x0/0x16a returned 0 after 59724 usecs
[    9.948314] calling  mac_hid_init+0x0/0x21 @ 1
[    9.955450] initcall mac_hid_init+0x0/0x21 returned 0 after 111 usecs
[    9.963976] calling  spi_transport_init+0x0/0x74 @ 1
[    9.989769] initcall spi_transport_init+0x0/0x74 returned 0 after 5768 usecs
[   10.001571] calling  init_sd+0x0/0x18c @ 1
[   10.008862] initcall init_sd+0x0/0x18c returned 0 after 1673 usecs
[   10.016963] calling  init_sr+0x0/0x43 @ 1
[   10.022227] initcall init_sr+0x0/0x43 returned 0 after 57 usecs
[   10.029891] calling  init_sg+0x0/0x1c0 @ 1
[   10.039752] initcall init_sg+0x0/0x1c0 returned 0 after 4368 usecs
[   10.047844] calling  ahci_pci_driver_init+0x0/0x15 @ 1
[   10.055622] ahci 0000:00:1f.2: version 3.0
[   10.067803] PCI Interrupt Link [GSIA] enabled at IRQ 16
[   10.086571] ahci 0000:00:1f.2: AHCI 0001.0000 32 slots 6 ports 1.5 Gbps 0x3f impl SATA mode
[   10.099447] ahci 0000:00:1f.2: flags: 64bit ncq only 
[   10.129019] scsi host0: ahci
[   10.140099] scsi host1: ahci
[   10.149150] scsi host2: ahci
[   10.158215] scsi host3: ahci
[   10.169784] scsi host4: ahci
[   10.183309] scsi host5: ahci
[   10.189676] ata1: SATA max UDMA/133 abar m4096@0xfebf1000 port 0xfebf1100 irq 24
[   10.201883] ata2: SATA max UDMA/133 abar m4096@0xfebf1000 port 0xfebf1180 irq 24
[   10.212234] ata3: SATA max UDMA/133 abar m4096@0xfebf1000 port 0xfebf1200 irq 24
[   10.223021] ata4: SATA max UDMA/133 abar m4096@0xfebf1000 port 0xfebf1280 irq 24
[   10.233988] ata5: SATA max UDMA/133 abar m4096@0xfebf1000 port 0xfebf1300 irq 24
[   10.244831] ata6: SATA max UDMA/133 abar m4096@0xfebf1000 port 0xfebf1380 irq 24
[   10.256015] initcall ahci_pci_driver_init+0x0/0x15 returned 0 after 196572 usecs
[   10.268028] calling  piix_init+0x0/0x26 @ 1
[   10.274878] initcall piix_init+0x0/0x26 returned 0 after 251 usecs
[   10.284403] calling  amd_pci_driver_init+0x0/0x15 @ 1
[   10.292585] initcall amd_pci_driver_init+0x0/0x15 returned 0 after 56 usecs
[   10.303215] calling  oldpiix_pci_driver_init+0x0/0x15 @ 1
[   10.311795] initcall oldpiix_pci_driver_init+0x0/0x15 returned 0 after 90 usecs
[   10.322493] calling  sch_pci_driver_init+0x0/0x15 @ 1
[   10.329604] initcall sch_pci_driver_init+0x0/0x15 returned 0 after 67 usecs
[   10.339303] calling  net_olddevs_init+0x0/0x55 @ 1
[   10.346996] initcall net_olddevs_init+0x0/0x55 returned 0 after 386 usecs
[   10.357774] calling  blackhole_netdev_init+0x0/0x78 @ 1
[   10.366006] initcall blackhole_netdev_init+0x0/0x78 returned 0 after 918 usecs
[   10.378762] calling  phy_module_init+0x0/0x13 @ 1
[   10.388023] initcall phy_module_init+0x0/0x13 returned 0 after 819 usecs
[   10.399325] calling  tg3_driver_init+0x0/0x15 @ 1
[   10.407191] initcall tg3_driver_init+0x0/0x15 returned 0 after 120 usecs
[   10.416580] calling  e100_init_module+0x0/0x4c @ 1
[   10.423263] e100: Intel(R) PRO/100 Network Driver
[   10.429970] e100: Copyright(c) 1999-2006 Intel Corporation
[   10.437628] initcall e100_init_module+0x0/0x4c returned 0 after 14051 usecs
[   10.447220] calling  e1000_init_module+0x0/0x72 @ 1
[   10.454872] e1000: Intel(R) PRO/1000 Network Driver
[   10.462065] e1000: Copyright (c) 1999-2006 Intel Corporation.
[   10.471228] initcall e1000_init_module+0x0/0x72 returned 0 after 15987 usecs
[   10.481836] calling  e1000_init_module+0x0/0x2d @ 1
[   10.489464] e1000e: Intel(R) PRO/1000 Network Driver
[   10.497318] e1000e: Copyright(c) 1999 - 2015 Intel Corporation.
[   10.506168] initcall e1000_init_module+0x0/0x2d returned 0 after 16326 usecs
[   10.517724] calling  sky2_init_module+0x0/0x21 @ 1
[   10.526595] sky2: driver version 1.30
[   10.533161] initcall sky2_init_module+0x0/0x21 returned 0 after 6407 usecs
[   10.546496] calling  forcedeth_pci_driver_init+0x0/0x15 @ 1
[   10.561582] initcall forcedeth_pci_driver_init+0x0/0x15 returned 0 after 59 usecs
[   10.568373] ata1: SATA link down (SStatus 0 SControl 300)
[   10.574405] calling  rtl8139_init_module+0x0/0x15 @ 1
[   10.574477] initcall rtl8139_init_module+0x0/0x15 returned 0 after 65 usecs
[   10.585175] ata3: SATA link up 1.5 Gbps (SStatus 113 SControl 300)
[   10.589787] calling  rtl8169_pci_driver_init+0x0/0x15 @ 1
[   10.603467] ata2: SATA link down (SStatus 0 SControl 300)
[   10.609964] initcall rtl8169_pci_driver_init+0x0/0x15 returned 0 after 48 usecs
[   10.618305] ata3.00: ATAPI: QEMU DVD-ROM, 2.5+, max UDMA/100
[   10.627400] calling  cdrom_init+0x0/0xc @ 1
[   10.638330] ata3.00: applying bridge limits
[   10.640169] ata6: SATA link down (SStatus 0 SControl 300)
[   10.648913] initcall cdrom_init+0x0/0xc returned 0 after 126 usecs
[   10.648917] calling  nonstatic_sysfs_init+0x0/0xc @ 1
[   10.648947] initcall nonstatic_sysfs_init+0x0/0xc returned 0 after 26 usecs
[   10.648950] calling  yenta_cardbus_driver_init+0x0/0x15 @ 1
[   10.649094] initcall yenta_cardbus_driver_init+0x0/0x15 returned 0 after 137 usecs
[   10.658775] ata4: SATA link down (SStatus 0 SControl 300)
[   10.663195] calling  mon_init+0x0/0x144 @ 1
[   10.672862] ata3.00: configured for UDMA/100
[   10.687053] initcall mon_init+0x0/0x144 returned 0 after 4098 usecs
[   10.694343] ata5: SATA link down (SStatus 0 SControl 300)
[   10.702831] calling  ehci_hcd_init+0x0/0x56 @ 1
[   10.702863] ehci_hcd: USB 2.0 'Enhanced' Host Controller (EHCI) Driver
[   10.721131] scsi 2:0:0:0: CD-ROM            QEMU     QEMU DVD-ROM     2.5+ PQ: 0 ANSI: 5
[   10.725026] initcall ehci_hcd_init+0x0/0x56 returned 0 after 21668 usecs
[   10.725031] calling  ehci_pci_init+0x0/0x64 @ 1
[   10.725033] ehci-pci: EHCI PCI platform driver
[   10.725209] initcall ehci_pci_init+0x0/0x64 returned 0 after 171 usecs
[   10.725212] calling  ohci_hcd_mod_init+0x0/0x4e @ 1
[   10.725213] ohci_hcd: USB 1.1 'Open' Host Controller (OHCI) Driver
[   10.725520] initcall ohci_hcd_mod_init+0x0/0x4e returned 0 after 297 usecs
[   10.725523] calling  ohci_pci_init+0x0/0x64 @ 1
[   10.725568] ohci-pci: OHCI PCI platform driver
[   10.725647] initcall ohci_pci_init+0x0/0x64 returned 0 after 118 usecs
[   10.725649] calling  uhci_hcd_init+0x0/0xa8 @ 1
[   10.725652] uhci_hcd: USB Universal Host Controller Interface driver
[   10.725916] initcall uhci_hcd_init+0x0/0xa8 returned 0 after 258 usecs
[   10.902784] calling  xhci_hcd_init+0x0/0x1e @ 1
[   10.910012] initcall xhci_hcd_init+0x0/0x1e returned 0 after 109 usecs
[   10.918257] sr 2:0:0:0: [sr0] scsi3-mmc drive: 4x/4x cd/rw xa/form2 tray
[   10.919568] calling  xhci_pci_init+0x0/0x49 @ 1
[   10.919792] initcall xhci_pci_init+0x0/0x49 returned 0 after 215 usecs
[   10.931053] cdrom: Uniform CD-ROM driver Revision: 3.20
[   10.936937] calling  usblp_driver_init+0x0/0x15 @ 1
[   10.937177] usbcore: registered new interface driver usblp
[   10.972445] initcall usblp_driver_init+0x0/0x15 returned 0 after 34667 usecs
[   10.983754] calling  usb_storage_driver_init+0x0/0x2a @ 1
[   10.992663] usbcore: registered new interface driver usb-storage
[   11.002546] initcall usb_storage_driver_init+0x0/0x2a returned 0 after 9743 usecs
[   11.014326] calling  i8042_init+0x0/0x4c2 @ 1
[   11.022235] i8042: PNP: PS/2 Controller [PNP0303:KBD,PNP0f13:MOU] at 0x60,0x64 irq 1,12
[   11.057582] serio: i8042 KBD port at 0x60,0x64 irq 1
[   11.059389] sr 2:0:0:0: Attached scsi CD-ROM sr0
[   11.069818] serio: i8042 AUX port at 0x60,0x64 irq 12
[   11.079332] sr 2:0:0:0: Attached scsi generic sg0 type 5
[   11.085636] initcall i8042_init+0x0/0x4c2 returned 0 after 62971 usecs
[   11.103658] calling  serport_init+0x0/0x2c @ 1
[   11.110785] initcall serport_init+0x0/0x2c returned 0 after 23 usecs
[   11.120292] calling  input_leds_init+0x0/0xc @ 1
[   11.127903] initcall input_leds_init+0x0/0xc returned 0 after 375 usecs
[   11.138866] calling  evdev_init+0x0/0xc @ 1
[   11.150414] initcall evdev_init+0x0/0xc returned 0 after 4705 usecs
[   11.160536] calling  atkbd_init+0x0/0x21 @ 1
[   11.170053] initcall atkbd_init+0x0/0x21 returned 0 after 1977 usecs
[   11.181226] calling  psmouse_init+0x0/0x7f @ 1
[   11.190983] initcall psmouse_init+0x0/0x7f returned 0 after 2127 usecs
[   11.201844] calling  cmos_init+0x0/0x73 @ 1
[   11.213084] rtc_cmos 00:04: RTC can wake from S4
[   11.215256] input: AT Translated Set 2 keyboard as /devices/platform/i8042/serio0/input/input1
[   11.230250] rtc_cmos 00:04: registered as rtc0
[   11.241554] rtc_cmos 00:04: alarms up to one day, y3k, 242 bytes nvram, hpet irqs
[   11.251943] initcall cmos_init+0x0/0x73 returned 0 after 41354 usecs
[   11.260885] calling  smbalert_driver_init+0x0/0xe @ 1
[   11.268105] initcall smbalert_driver_init+0x0/0xe returned 0 after 237 usecs
[   11.277696] calling  i2c_i801_init+0x0/0xc5 @ 1
[   11.292437] i801_smbus 0000:00:1f.3: SMBus using PCI interrupt
[   11.311376] i2c i2c-0: 1/1 memory slots populated (from DMI)
[   11.319978] i2c i2c-0: Memory type 0x07 not supported yet, not instantiating SPD
[   11.334077] initcall i2c_i801_init+0x0/0xc5 returned 0 after 48981 usecs
[   11.343958] calling  ptp_kvm_init+0x0/0xf0 @ 1
[   11.353014] initcall ptp_kvm_init+0x0/0xf0 returned 0 after 2882 usecs
[   11.364320] calling  dm_init+0x0/0x3c @ 1
[   11.378797] device-mapper: ioctl: 4.43.0-ioctl (2020-10-01) initialised: dm-devel@redhat.com
[   11.393837] initcall dm_init+0x0/0x3c returned 0 after 21932 usecs
[   11.404323] calling  dm_mirror_init+0x0/0x29 @ 1
[   11.411742] initcall dm_mirror_init+0x0/0x29 returned 0 after 27 usecs
[   11.422065] calling  dm_dirty_log_init+0x0/0x4f @ 1
[   11.430902] initcall dm_dirty_log_init+0x0/0x4f returned 0 after 128 usecs
[   11.444735] calling  dm_zero_init+0x0/0x29 @ 1
[   11.453094] initcall dm_zero_init+0x0/0x29 returned 0 after 34 usecs
[   11.464737] calling  intel_pstate_init+0x0/0x50f @ 1
[   11.473983] intel_pstate: CPU model not supported
[   11.482811] initcall intel_pstate_init+0x0/0x50f returned -19 after 8641 usecs
[   11.496010] calling  haltpoll_init+0x0/0xc0 @ 1
[   11.504684] initcall haltpoll_init+0x0/0xc0 returned -19 after 42 usecs
[   11.515906] calling  efivars_sysfs_init+0x0/0x30 @ 1
[   11.525287] initcall efivars_sysfs_init+0x0/0x30 returned 0 after 64 usecs
[   11.537461] calling  esrt_sysfs_init+0x0/0x2a2 @ 1
[   11.545544] initcall esrt_sysfs_init+0x0/0x2a2 returned -38 after 228 usecs
[   11.556293] calling  hid_init+0x0/0x5c @ 1
[   11.565534] hid: raw HID events driver (C) Jiri Kosina
[   11.573868] initcall hid_init+0x0/0x5c returned 0 after 8915 usecs
[   11.583636] calling  hid_generic_init+0x0/0x15 @ 1
[   11.591792] initcall hid_generic_init+0x0/0x15 returned 0 after 209 usecs
[   11.602727] calling  a4_driver_init+0x0/0x15 @ 1
[   11.609908] initcall a4_driver_init+0x0/0x15 returned 0 after 62 usecs
[   11.620164] calling  apple_driver_init+0x0/0x15 @ 1
[   11.627546] initcall apple_driver_init+0x0/0x15 returned 0 after 106 usecs
[   11.637610] calling  belkin_driver_init+0x0/0x15 @ 1
[   11.644944] initcall belkin_driver_init+0x0/0x15 returned 0 after 421 usecs
[   11.655282] calling  ch_driver_init+0x0/0x15 @ 1
[   11.664051] initcall ch_driver_init+0x0/0x15 returned 0 after 44 usecs
[   11.675000] calling  ch_driver_init+0x0/0x15 @ 1
[   11.682898] initcall ch_driver_init+0x0/0x15 returned 0 after 37 usecs
[   11.692246] calling  cp_driver_init+0x0/0x15 @ 1
[   11.701186] initcall cp_driver_init+0x0/0x15 returned 0 after 49 usecs
[   11.713093] calling  ez_driver_init+0x0/0x15 @ 1
[   11.721497] initcall ez_driver_init+0x0/0x15 returned 0 after 141 usecs
[   11.732011] calling  gyration_driver_init+0x0/0x15 @ 1
[   11.740442] initcall gyration_driver_init+0x0/0x15 returned 0 after 59 usecs
[   11.750841] calling  ite_driver_init+0x0/0x15 @ 1
[   11.758283] initcall ite_driver_init+0x0/0x15 returned 0 after 37 usecs
[   11.768576] calling  ks_driver_init+0x0/0x15 @ 1
[   11.776512] initcall ks_driver_init+0x0/0x15 returned 0 after 161 usecs
[   11.788145] calling  lg_driver_init+0x0/0x15 @ 1
[   11.796579] initcall lg_driver_init+0x0/0x15 returned 0 after 60 usecs
[   11.807622] calling  lg_g15_driver_init+0x0/0x15 @ 1
[   11.816571] initcall lg_g15_driver_init+0x0/0x15 returned 0 after 239 usecs
[   11.828798] calling  ms_driver_init+0x0/0x15 @ 1
[   11.837200] initcall ms_driver_init+0x0/0x15 returned 0 after 58 usecs
[   11.848494] calling  mr_driver_init+0x0/0x15 @ 1
[   11.858617] initcall mr_driver_init+0x0/0x15 returned 0 after 120 usecs
[   11.870055] calling  ntrig_driver_init+0x0/0x15 @ 1
[   11.878625] initcall ntrig_driver_init+0x0/0x15 returned 0 after 289 usecs
[   11.888964] calling  pl_driver_init+0x0/0x15 @ 1
[   11.896687] initcall pl_driver_init+0x0/0x15 returned 0 after 408 usecs
[   11.906959] calling  pl_driver_init+0x0/0x15 @ 1
[   11.914986] initcall pl_driver_init+0x0/0x15 returned 0 after 50 usecs
[   11.922882] input: ImExPS/2 Generic Explorer Mouse as /devices/platform/i8042/serio1/input/input3
[   11.927207] calling  redragon_driver_init+0x0/0x15 @ 1
[   11.949036] initcall redragon_driver_init+0x0/0x15 returned 0 after 54 usecs
[   11.960535] calling  samsung_driver_init+0x0/0x15 @ 1
[   11.968620] initcall samsung_driver_init+0x0/0x15 returned 0 after 49 usecs
[   11.980056] calling  sony_init+0x0/0x38 @ 1
[   11.986901] initcall sony_init+0x0/0x38 returned 0 after 48 usecs
[   11.996772] calling  sp_driver_init+0x0/0x15 @ 1
[   12.004121] initcall sp_driver_init+0x0/0x15 returned 0 after 74 usecs
[   12.015786] calling  ts_driver_init+0x0/0x15 @ 1
[   12.023370] initcall ts_driver_init+0x0/0x15 returned 0 after 57 usecs
[   12.034029] calling  hid_init+0x0/0x58 @ 1
[   12.042354] usbcore: registered new interface driver usbhid
[   12.053094] usbhid: USB HID core driver
[   12.060098] initcall hid_init+0x0/0x58 returned 0 after 17414 usecs
[   12.070733] calling  eeepc_laptop_init+0x0/0x57 @ 1
[   12.080129] initcall eeepc_laptop_init+0x0/0x57 returned -19 after 976 usecs
[   12.116670] calling  pmc_atom_init+0x0/0x27a @ 1
[   12.127198] initcall pmc_atom_init+0x0/0x27a returned -19 after 1715 usecs
[   12.139027] calling  alsa_hwdep_init+0x0/0x5e @ 1
[   12.158937] initcall alsa_hwdep_init+0x0/0x5e returned 0 after 11375 usecs
[   12.175668] calling  alsa_timer_init+0x0/0x1f9 @ 1
[   12.212404] initcall alsa_timer_init+0x0/0x1f9 returned 0 after 27074 usecs
[   12.224321] calling  snd_hrtimer_init+0x0/0x117 @ 1
[   12.232680] initcall snd_hrtimer_init+0x0/0x117 returned 0 after 27 usecs
[   12.245228] calling  alsa_pcm_init+0x0/0x64 @ 1
[   12.253787] initcall alsa_pcm_init+0x0/0x64 returned 0 after 238 usecs
[   12.265592] calling  alsa_seq_init+0x0/0x4a @ 1
[   12.278859] initcall alsa_seq_init+0x0/0x4a returned 0 after 5298 usecs
[   12.290836] calling  alsa_seq_dummy_init+0x0/0x9c @ 1
[   12.299884] initcall alsa_seq_dummy_init+0x0/0x9c returned 0 after 323 usecs
[   12.311210] calling  azx_driver_init+0x0/0x15 @ 1
[   12.321224] initcall azx_driver_init+0x0/0x15 returned 0 after 1688 usecs
[   12.332657] calling  sock_diag_init+0x0/0x2a @ 1
[   12.342596] initcall sock_diag_init+0x0/0x2a returned 0 after 2233 usecs
[   12.353593] calling  blackhole_init+0x0/0xc @ 1
[   12.361723] initcall blackhole_init+0x0/0xc returned 0 after 36 usecs
[   12.372128] calling  nfnetlink_init+0x0/0x61 @ 1
[   12.379671] initcall nfnetlink_init+0x0/0x61 returned 0 after 455 usecs
[   12.389544] calling  nfnetlink_log_init+0x0/0x99 @ 1
