c[?7l[2J[0mSeaBIOS (version 1.16.0-debian-1.16.0-4)
Booting from ROM...
early console in setup code
c[?7l[2J[    0.000000] Linux version 5.10.158+ (root@joelboxx.c.googlers.com) (gcc (Debian 12.2.0-3) 12.2.0, GNU ld (GNU Binutils for Debian) 2.39) #6 SMP Tue Dec 13 02:34:40 UTC 2022
[    0.000000] Command line: selinux=0 initcall_debug debug console=ttyS0 rcutree.rcu_fanout_leaf=4 nohz_full=1-7 rcutorture.onoff_interval=1000 rcutorture.onoff_holdoff=30 rcutorture.n_barrier_cbs=4 rcutorture.stat_interval=15 rcutorture.shutdown_secs=1800 rcutorture.test_no_idle_hz=1 rcutorture.verbose=1
[    0.000000] x86/fpu: x87 FPU will use FXSAVE
[    0.000000] BIOS-provided physical RAM map:
[    0.000000] BIOS-e820: [mem 0x0000000000000000-0x000000000009fbff] usable
[    0.000000] BIOS-e820: [mem 0x000000000009fc00-0x000000000009ffff] reserved
[    0.000000] BIOS-e820: [mem 0x00000000000f0000-0x00000000000fffff] reserved
[    0.000000] BIOS-e820: [mem 0x0000000000100000-0x000000001ffdefff] usable
[    0.000000] BIOS-e820: [mem 0x000000001ffdf000-0x000000001fffffff] reserved
[    0.000000] BIOS-e820: [mem 0x00000000b0000000-0x00000000bfffffff] reserved
[    0.000000] BIOS-e820: [mem 0x00000000fed1c000-0x00000000fed1ffff] reserved
[    0.000000] BIOS-e820: [mem 0x00000000feffc000-0x00000000feffffff] reserved
[    0.000000] BIOS-e820: [mem 0x00000000fffc0000-0x00000000ffffffff] reserved
[    0.000000] NX (Execute Disable) protection: active
[    0.000000] SMBIOS 2.8 present.
[    0.000000] DMI: QEMU Standard PC (Q35 + ICH9, 2009), BIOS 1.16.0-debian-1.16.0-4 04/01/2014
[    0.000000] Hypervisor detected: KVM
[    0.000000] kvm-clock: Using msrs 4b564d01 and 4b564d00
[    0.000000] kvm-clock: cpu 0, msr 104a5001, primary cpu clock
[    0.000001] kvm-clock: using sched offset of 3164864502 cycles
[    0.000307] clocksource: kvm-clock: mask: 0xffffffffffffffff max_cycles: 0x1cd42e4dffb, max_idle_ns: 881590591483 ns
[    0.000479] tsc: Detected 1999.999 MHz processor
[    0.009642] e820: update [mem 0x00000000-0x00000fff] usable ==> reserved
[    0.009647] e820: remove [mem 0x000a0000-0x000fffff] usable
[    0.009655] last_pfn = 0x1ffdf max_arch_pfn = 0x400000000
[    0.010712] MTRR default type: write-back
[    0.010713] MTRR fixed ranges enabled:
[    0.010715]   00000-9FFFF write-back
[    0.010716]   A0000-BFFFF uncachable
[    0.010717]   C0000-FFFFF write-protect
[    0.010718] MTRR variable ranges enabled:
[    0.010720]   0 base 00C0000000 mask FFC0000000 uncachable
[    0.010721]   1 disabled
[    0.010722]   2 disabled
[    0.010722]   3 disabled
[    0.010723]   4 disabled
[    0.010724]   5 disabled
[    0.010724]   6 disabled
[    0.010818]   7 disabled
[    0.011412] x86/PAT: Configuration [0-7]: WB  WC  UC- UC  WB  WC  UC- UC  
[    0.021010] found SMP MP-table at [mem 0x000f5ba0-0x000f5baf]
[    0.023639] check: Scanning 1 areas for low memory corruption
[    0.035932] ACPI: Early table checksum verification disabled
[    0.038482] ACPI: RSDP 0x00000000000F59E0 000014 (v00 BOCHS )
[    0.038712] ACPI: RSDT 0x000000001FFE252A 000038 (v01 BOCHS  BXPC     00000001 BXPC 00000001)
[    0.038990] ACPI: FACP 0x000000001FFE22EA 0000F4 (v03 BOCHS  BXPC     00000001 BXPC 00000001)
[    0.039203] ACPI: DSDT 0x000000001FFE0040 0022AA (v01 BOCHS  BXPC     00000001 BXPC 00000001)
[    0.039209] ACPI: FACS 0x000000001FFE0000 000040
[    0.039215] ACPI: APIC 0x000000001FFE23DE 0000B0 (v01 BOCHS  BXPC     00000001 BXPC 00000001)
[    0.039220] ACPI: HPET 0x000000001FFE248E 000038 (v01 BOCHS  BXPC     00000001 BXPC 00000001)
[    0.039225] ACPI: MCFG 0x000000001FFE24C6 00003C (v01 BOCHS  BXPC     00000001 BXPC 00000001)
[    0.039230] ACPI: WAET 0x000000001FFE2502 000028 (v01 BOCHS  BXPC     00000001 BXPC 00000001)
[    0.039235] ACPI: Reserving FACP table memory at [mem 0x1ffe22ea-0x1ffe23dd]
[    0.039238] ACPI: Reserving DSDT table memory at [mem 0x1ffe0040-0x1ffe22e9]
[    0.039240] ACPI: Reserving FACS table memory at [mem 0x1ffe0000-0x1ffe003f]
[    0.039241] ACPI: Reserving APIC table memory at [mem 0x1ffe23de-0x1ffe248d]
[    0.039243] ACPI: Reserving HPET table memory at [mem 0x1ffe248e-0x1ffe24c5]
[    0.039245] ACPI: Reserving MCFG table memory at [mem 0x1ffe24c6-0x1ffe2501]
[    0.039247] ACPI: Reserving WAET table memory at [mem 0x1ffe2502-0x1ffe2529]
[    0.040018] ACPI: Local APIC address 0xfee00000
[    0.045277] No NUMA configuration found
[    0.045280] Faking a node at [mem 0x0000000000000000-0x000000001ffdefff]
[    0.045617] NODE_DATA(0) allocated [mem 0x1ffdb000-0x1ffdefff]
[    0.047783] Zone ranges:
[    0.047911]   DMA      [mem 0x0000000000001000-0x0000000000ffffff]
[    0.047915]   DMA32    [mem 0x0000000001000000-0x000000001ffdefff]
[    0.047917]   Normal   empty
[    0.047918] Movable zone start for each node
[    0.047920] Early memory node ranges
[    0.047963]   node   0: [mem 0x0000000000001000-0x000000000009efff]
[    0.048113]   node   0: [mem 0x0000000000100000-0x000000001ffdefff]
[    0.048235] Initmem setup node 0 [mem 0x0000000000001000-0x000000001ffdefff]
[    0.048237] On node 0 totalpages: 130941
[    0.048433]   DMA zone: 64 pages used for memmap
[    0.048435]   DMA zone: 21 pages reserved
[    0.048436]   DMA zone: 3998 pages, LIFO batch:0
[    0.048437]   DMA32 zone: 1984 pages used for memmap
[    0.048439]   DMA32 zone: 126943 pages, LIFO batch:31
[    0.057562] On node 0, zone DMA: 1 pages in unavailable ranges
[    0.061865] On node 0, zone DMA: 97 pages in unavailable ranges
[    0.248816] On node 0, zone DMA32: 33 pages in unavailable ranges
[    0.252675] ACPI: PM-Timer IO Port: 0x608
[    0.252681] ACPI: Local APIC address 0xfee00000
[    0.253124] ACPI: LAPIC_NMI (acpi_id[0xff] dfl dfl lint[0x1])
[    0.254350] IOAPIC[0]: apic_id 0, version 17, address 0xfec00000, GSI 0-23
[    0.254418] ACPI: INT_SRC_OVR (bus 0 bus_irq 0 global_irq 2 dfl dfl)
[    0.254468] ACPI: INT_SRC_OVR (bus 0 bus_irq 5 global_irq 5 high level)
[    0.254470] ACPI: INT_SRC_OVR (bus 0 bus_irq 9 global_irq 9 high level)
[    0.254619] ACPI: INT_SRC_OVR (bus 0 bus_irq 10 global_irq 10 high level)
[    0.254621] ACPI: INT_SRC_OVR (bus 0 bus_irq 11 global_irq 11 high level)
[    0.254623] ACPI: IRQ0 used by override.
[    0.254624] ACPI: IRQ5 used by override.
[    0.254626] ACPI: IRQ9 used by override.
[    0.254626] ACPI: IRQ10 used by override.
[    0.254628] ACPI: IRQ11 used by override.
[    0.254689] Using ACPI (MADT) for SMP configuration information
[    0.254691] ACPI: HPET id: 0x8086a201 base: 0xfed00000
[    0.255133] smpboot: Allowing 8 CPUs, 0 hotplug CPUs
[    0.256831] PM: hibernation: Registered nosave memory: [mem 0x00000000-0x00000fff]
[    0.256834] PM: hibernation: Registered nosave memory: [mem 0x0009f000-0x0009ffff]
[    0.256835] PM: hibernation: Registered nosave memory: [mem 0x000a0000-0x000effff]
[    0.256836] PM: hibernation: Registered nosave memory: [mem 0x000f0000-0x000fffff]
[    0.256839] [mem 0x20000000-0xafffffff] available for PCI devices
[    0.256933] Booting paravirtualized kernel on KVM
[    0.257542] clocksource: refined-jiffies: mask: 0xffffffff max_cycles: 0xffffffff, max_idle_ns: 1910969940391419 ns
[    0.296161] setup_percpu: NR_CPUS:8 nr_cpumask_bits:8 nr_cpu_ids:8 nr_node_ids:1
[    0.329046] percpu: Embedded 56 pages/cpu s191512 r8192 d29672 u262144
[    0.329058] pcpu-alloc: s191512 r8192 d29672 u262144 alloc=1*2097152
[    0.329060] pcpu-alloc: [0] 0 1 2 3 4 5 6 7 
[    0.329543] kvm-guest: stealtime: cpu 0, msr 1f41b600
[    0.329730] Built 1 zonelists, mobility grouping on.  Total pages: 128872
[    0.329732] Policy zone: DMA32
[    0.329779] Kernel command line: selinux=0 initcall_debug debug console=ttyS0 rcutree.rcu_fanout_leaf=4 nohz_full=1-7 rcutorture.onoff_interval=1000 rcutorture.onoff_holdoff=30 rcutorture.n_barrier_cbs=4 rcutorture.stat_interval=15 rcutorture.shutdown_secs=1800 rcutorture.test_no_idle_hz=1 rcutorture.verbose=1
[    0.346143] Dentry cache hash table entries: 65536 (order: 7, 524288 bytes, linear)
[    0.349895] Inode-cache hash table entries: 32768 (order: 6, 262144 bytes, linear)
[    0.350904] mem auto-init: stack:all(zero), heap alloc:off, heap free:off
[    0.374773] Memory: 479784K/523764K available (14349K kernel code, 2548K rwdata, 4684K rodata, 1492K init, 1492K bss, 43720K reserved, 0K cma-reserved)
[    0.375779] SLUB: HWalign=64, Order=0-3, MinObjects=0, CPUs=8, Nodes=1
[    0.376434] Kernel/User page tables isolation: enabled
[    0.386609] rcu: Hierarchical RCU implementation.
[    0.386614] rcu: 	RCU event tracing is enabled.
[    0.386615] rcu: 	CONFIG_RCU_FANOUT set to non-default value of 4.
[    0.386617] rcu: 	RCU dyntick-idle grace-period acceleration is enabled.
[    0.386618] rcu: 	Build-time adjustment of leaf fanout to 3.
[    0.386619] rcu: 	Boot-time adjustment of leaf fanout to 4.
[    0.386621] rcu: 	RCU debug extended QS entry/exit.
[    0.386622] 	Trampoline variant of Tasks RCU enabled.
[    0.386624] 	Rude variant of Tasks RCU enabled.
[    0.386625] 	Tracing variant of Tasks RCU enabled.
[    0.386685] rcu: RCU calculated value of scheduler-enlistment delay is 100 jiffies.
[    0.386687] rcu: Adjusting geometry for rcu_fanout_leaf=4, nr_cpu_ids=8
[    0.401040] NR_IRQS: 4352, nr_irqs: 488, preallocated irqs: 16
[    0.403561] NO_HZ: Full dynticks CPUs: 1-7.
[    0.403564] rcu: 	Offload RCU callbacks from CPUs: 1-7.
[    0.405523] calling  con_init+0x0/0x22a @ 0
[    0.528896] Console: colour VGA+ 80x25
[    0.528909] initcall con_init+0x0/0x22a returned 0 after 0 usecs
[    0.528912] calling  hvc_console_init+0x0/0x13 @ 0
[    0.528954] initcall hvc_console_init+0x0/0x13 returned 0 after 0 usecs
[    0.528957] calling  univ8250_console_init+0x0/0x26 @ 0
[    1.498256] printk: console [ttyS0] enabled
[    1.503222] initcall univ8250_console_init+0x0/0x26 returned 0 after 0 usecs
[    1.512618] ACPI: Core revision 20200925
[    1.519525] clocksource: hpet: mask: 0xffffffff max_cycles: 0xffffffff, max_idle_ns: 19112604467 ns
[    1.531636] APIC: Switch to symmetric I/O mode setup
[    1.554724] ..TIMER: vector=0x30 apic1=0 pin1=2 apic2=-1 pin2=-1
[    1.561505] clocksource: tsc-early: mask: 0xffffffffffffffff max_cycles: 0x39a85afc727, max_idle_ns: 881590685098 ns
[    1.573487] Calibrating delay loop (skipped) preset value.. 3999.99 BogoMIPS (lpj=1999999)
[    1.574314] pid_max: default: 32768 minimum: 301
[    1.575675] LSM: Security Framework initializing
[    1.576620] Mount-cache hash table entries: 1024 (order: 1, 8192 bytes, linear)
[    1.577310] Mountpoint-cache hash table entries: 1024 (order: 1, 8192 bytes, linear)
[    1.584743] Last level iTLB entries: 4KB 0, 2MB 0, 4MB 0
[    1.585276] Last level dTLB entries: 4KB 0, 2MB 0, 4MB 0, 1GB 0
[    1.586401] Spectre V1 : Mitigation: usercopy/swapgs barriers and __user pointer sanitization
[    1.587326] Spectre V2 : Mitigation: Retpolines
[    1.588279] Spectre V2 : Spectre v2 / SpectreRSB mitigation: Filling RSB on context switch
[    1.589278] Spectre V2 : Spectre v2 / SpectreRSB : Filling RSB on VMEXIT
[    1.590278] Speculative Store Bypass: Vulnerable
[    1.591360] MDS: Vulnerable: Clear CPU buffers attempted, no microcode
[    1.592276] MMIO Stale Data: Unknown: No mitigations
[    1.672451] Freeing SMP alternatives memory: 44K
[    1.778272] smpboot: CPU0: Intel Common KVM processor (family: 0xf, model: 0x6, stepping: 0x1)
[    1.781082] calling  init_hw_perf_events+0x0/0x6ce @ 1
[    1.781277] Performance Events: unsupported Netburst CPU model 6 no PMU driver, software events only.
[    1.782285] initcall init_hw_perf_events+0x0/0x6ce returned 0 after 976 usecs
[    1.784281] calling  init_real_mode+0x0/0x1e9 @ 1
[    1.786716] initcall init_real_mode+0x0/0x1e9 returned 0 after 976 usecs
[    1.787287] calling  trace_init_perf_perm_irq_work_exit+0x0/0x12 @ 1
[    1.788286] initcall trace_init_perf_perm_irq_work_exit+0x0/0x12 returned 0 after 0 usecs
[    1.789285] calling  validate_x2apic+0x0/0x4a @ 1
[    1.790305] initcall validate_x2apic+0x0/0x4a returned 0 after 0 usecs
[    1.791283] calling  register_nmi_cpu_backtrace_handler+0x0/0x15 @ 1
[    1.792284] initcall register_nmi_cpu_backtrace_handler+0x0/0x15 returned 0 after 0 usecs
[    1.793282] calling  kvm_setup_vsyscall_timeinfo+0x0/0xce @ 1
[    1.794282] initcall kvm_setup_vsyscall_timeinfo+0x0/0xce returned 0 after 0 usecs
[    1.795280] calling  spawn_ksoftirqd+0x0/0x38 @ 1
[    1.796435] initcall spawn_ksoftirqd+0x0/0x38 returned 0 after 0 usecs
[    1.798291] calling  migration_init+0x0/0x3c @ 1
[    1.799279] initcall migration_init+0x0/0x3c returned 0 after 0 usecs
[    1.800279] calling  srcu_bootup_announce+0x0/0x2f @ 1
[    1.801275] rcu: Hierarchical SRCU implementation.
[    1.802290] initcall srcu_bootup_announce+0x0/0x2f returned 0 after 976 usecs
[    1.803278] calling  rcu_spawn_gp_kthread+0x0/0x1dd @ 1
[    1.804363] initcall rcu_spawn_gp_kthread+0x0/0x1dd returned 0 after 0 usecs
[    1.805279] calling  check_cpu_stall_init+0x0/0x1a @ 1
[    1.806281] initcall check_cpu_stall_init+0x0/0x1a returned 0 after 0 usecs
[    1.807278] calling  rcu_sysrq_init+0x0/0x21 @ 1
[    1.808281] initcall rcu_sysrq_init+0x0/0x21 returned 0 after 0 usecs
[    1.809281] calling  trace_init_flags_sys_enter+0x0/0xe @ 1
[    1.810296] initcall trace_init_flags_sys_enter+0x0/0xe returned 0 after 0 usecs
[    1.811285] calling  trace_init_flags_sys_exit+0x0/0xe @ 1
[    1.812282] initcall trace_init_flags_sys_exit+0x0/0xe returned 0 after 0 usecs
[    1.813280] calling  cpu_stop_init+0x0/0x6e @ 1
[    1.814494] initcall cpu_stop_init+0x0/0x6e returned 0 after 0 usecs
[    1.815286] calling  init_kprobes+0x0/0x165 @ 1
[    1.818065] initcall init_kprobes+0x0/0x165 returned 0 after 976 usecs
[    1.819287] calling  init_events+0x0/0x3d @ 1
[    1.820709] initcall init_events+0x0/0x3d returned 0 after 0 usecs
[    1.821284] calling  init_trace_printk+0x0/0xc @ 1
[    1.822284] initcall init_trace_printk+0x0/0xc returned 0 after 0 usecs
[    1.823282] calling  event_trace_enable_again+0x0/0x23 @ 1
[    1.824281] initcall event_trace_enable_again+0x0/0x23 returned 0 after 0 usecs
[    1.825281] calling  static_call_init+0x0/0x77 @ 1
[    1.826295] initcall static_call_init+0x0/0x77 returned 0 after 0 usecs
[    1.827279] calling  jump_label_init_module+0x0/0xc @ 1
[    1.828280] initcall jump_label_init_module+0x0/0xc returned 0 after 0 usecs
[    1.829280] calling  init_zero_pfn+0x0/0x37 @ 1
[    1.830283] initcall init_zero_pfn+0x0/0x37 returned 0 after 0 usecs
[    1.831280] calling  initialize_ptr_random+0x0/0x54 @ 1
[    1.832279] initcall initialize_ptr_random+0x0/0x54 returned 0 after 0 usecs
[    1.833281] calling  efi_memreserve_root_init+0x0/0x25 @ 1
[    1.834305] initcall efi_memreserve_root_init+0x0/0x25 returned 0 after 0 usecs
[    1.835280] calling  efi_earlycon_remap_fb+0x0/0x51 @ 1
[    1.836280] initcall efi_earlycon_remap_fb+0x0/0x51 returned 0 after 0 usecs
[    1.838426] smp: Bringing up secondary CPUs ...
[    1.840726] x86: Booting SMP configuration:
[    1.841276] .... node  #0, CPUs:      #1
[    1.167584] kvm-clock: cpu 1, msr 104a5041, secondary cpu clock
[    1.865605] kvm-guest: stealtime: cpu 1, msr 1f45b600
[    1.879729]  #2
[    1.167584] kvm-clock: cpu 2, msr 104a5081, secondary cpu clock
[    1.903672] kvm-guest: stealtime: cpu 2, msr 1f49b600
[    1.921281]  #3
[    1.167584] kvm-clock: cpu 3, msr 104a50c1, secondary cpu clock
[    1.943609] kvm-guest: stealtime: cpu 3, msr 1f4db600
[    1.958211]  #4
[    1.167584] kvm-clock: cpu 4, msr 104a5101, secondary cpu clock
[    1.981663] kvm-guest: stealtime: cpu 4, msr 1f51b600
[    1.999281]  #5
[    1.167584] kvm-clock: cpu 5, msr 104a5141, secondary cpu clock
[    2.021631] kvm-guest: stealtime: cpu 5, msr 1f55b600
[    2.037292]  #6
[    1.167584] kvm-clock: cpu 6, msr 104a5181, secondary cpu clock
[    2.059599] kvm-guest: stealtime: cpu 6, msr 1f59b600
[    2.074674]  #7
[    1.167584] kvm-clock: cpu 7, msr 104a51c1, secondary cpu clock
[    2.096666] kvm-guest: stealtime: cpu 7, msr 1f5db600
[    2.111133] smp: Brought up 1 node, 8 CPUs
[    2.111281] smpboot: Max logical packages: 1
[    2.112278] smpboot: Total of 8 processors activated (31999.98 BogoMIPS)
[    2.128043] devtmpfs: initialized
[    2.130480] calling  ipc_ns_init+0x0/0x3d @ 1
[    2.131336] initcall ipc_ns_init+0x0/0x3d returned 0 after 0 usecs
[    2.132279] calling  init_mmap_min_addr+0x0/0x21 @ 1
[    2.133278] initcall init_mmap_min_addr+0x0/0x21 returned 0 after 0 usecs
[    2.134279] calling  pci_realloc_setup_params+0x0/0x3f @ 1
[    2.135280] initcall pci_realloc_setup_params+0x0/0x3f returned 0 after 0 usecs
[    2.136281] calling  net_ns_init+0x0/0x11c @ 1
[    2.138342] initcall net_ns_init+0x0/0x11c returned 0 after 976 usecs
[    2.139304] calling  e820__register_nvs_regions+0x0/0x37 @ 1
[    2.140282] initcall e820__register_nvs_regions+0x0/0x37 returned 0 after 0 usecs
[    2.141281] calling  cpufreq_register_tsc_scaling+0x0/0x2e @ 1
[    2.142280] initcall cpufreq_register_tsc_scaling+0x0/0x2e returned 0 after 0 usecs
[    2.143280] calling  reboot_init+0x0/0x3c @ 1
[    2.144367] initcall reboot_init+0x0/0x3c returned 0 after 0 usecs
[    2.145281] calling  init_lapic_sysfs+0x0/0x20 @ 1
[    2.146280] initcall init_lapic_sysfs+0x0/0x20 returned 0 after 0 usecs
[    2.147280] calling  alloc_frozen_cpus+0x0/0x7 @ 1
[    2.148280] initcall alloc_frozen_cpus+0x0/0x7 returned 0 after 0 usecs
[    2.149280] calling  cpu_hotplug_pm_sync_init+0x0/0x13 @ 1
[    2.150281] initcall cpu_hotplug_pm_sync_init+0x0/0x13 returned 0 after 0 usecs
[    2.152283] calling  wq_sysfs_init+0x0/0x2a @ 1
[    2.153376] initcall wq_sysfs_init+0x0/0x2a returned 0 after 0 usecs
[    2.154280] calling  ksysfs_init+0x0/0x92 @ 1
[    2.155289] initcall ksysfs_init+0x0/0x92 returned 0 after 0 usecs
[    2.156280] calling  schedutil_gov_init+0x0/0xc @ 1
[    2.157354] initcall schedutil_gov_init+0x0/0xc returned 0 after 0 usecs
[    2.158283] calling  pm_init+0x0/0x76 @ 1
[    2.159338] initcall pm_init+0x0/0x76 returned 0 after 0 usecs
[    2.160283] calling  pm_disk_init+0x0/0x13 @ 1
[    2.161313] initcall pm_disk_init+0x0/0x13 returned 0 after 0 usecs
[    2.162282] calling  swsusp_header_init+0x0/0x2b @ 1
[    2.163290] initcall swsusp_header_init+0x0/0x2b returned 0 after 0 usecs
[    2.164280] calling  rcu_set_runtime_mode+0x0/0x16 @ 1
[    2.165280] initcall rcu_set_runtime_mode+0x0/0x16 returned 0 after 0 usecs
[    2.166280] calling  init_jiffies_clocksource+0x0/0x13 @ 1
[    2.167278] clocksource: jiffies: mask: 0xffffffff max_cycles: 0xffffffff, max_idle_ns: 1911260446275000 ns
[    2.168281] initcall init_jiffies_clocksource+0x0/0x13 returned 0 after 976 usecs
[    2.169280] calling  futex_init+0x0/0xf7 @ 1
[    2.170283] futex hash table entries: 2048 (order: 5, 131072 bytes, linear)
[    2.171736] initcall futex_init+0x0/0xf7 returned 0 after 976 usecs
[    2.172280] calling  cgroup_wq_init+0x0/0x28 @ 1
[    2.173288] initcall cgroup_wq_init+0x0/0x28 returned 0 after 0 usecs
[    2.174280] calling  cgroup1_wq_init+0x0/0x28 @ 1
[    2.175291] initcall cgroup1_wq_init+0x0/0x28 returned 0 after 0 usecs
[    2.177279] calling  init_kprobe_trace_early+0x0/0x2a @ 1
[    2.178310] initcall init_kprobe_trace_early+0x0/0x2a returned 0 after 0 usecs
[    2.179286] calling  fsnotify_init+0x0/0x48 @ 1
[    2.180300] initcall fsnotify_init+0x0/0x48 returned 0 after 0 usecs
[    2.181282] calling  filelock_init+0x0/0x96 @ 1
[    2.182340] initcall filelock_init+0x0/0x96 returned 0 after 0 usecs
[    2.184282] calling  init_misc_binfmt+0x0/0x2c @ 1
[    2.185315] initcall init_misc_binfmt+0x0/0x2c returned 0 after 0 usecs
[    2.186280] calling  init_script_binfmt+0x0/0x15 @ 1
[    2.187281] initcall init_script_binfmt+0x0/0x15 returned 0 after 0 usecs
[    2.188291] calling  init_elf_binfmt+0x0/0x15 @ 1
[    2.189283] initcall init_elf_binfmt+0x0/0x15 returned 0 after 0 usecs
[    2.190281] calling  init_compat_elf_binfmt+0x0/0x15 @ 1
[    2.191282] initcall init_compat_elf_binfmt+0x0/0x15 returned 0 after 0 usecs
[    2.192281] calling  debugfs_init+0x0/0x5c @ 1
[    2.193287] initcall debugfs_init+0x0/0x5c returned 0 after 0 usecs
[    2.194281] calling  tracefs_init+0x0/0x3a @ 1
[    2.195290] initcall tracefs_init+0x0/0x3a returned 0 after 0 usecs
[    2.196282] calling  prandom_init_early+0x0/0x15d @ 1
[    2.197285] initcall prandom_init_early+0x0/0x15d returned 0 after 0 usecs
[    2.198465] calling  virtio_init+0x0/0x20 @ 1
[    2.199356] initcall virtio_init+0x0/0x20 returned 0 after 0 usecs
[    2.200282] calling  iommu_init+0x0/0x2a @ 1
[    2.201285] initcall iommu_init+0x0/0x2a returned 0 after 0 usecs
[    2.202280] calling  component_debug_init+0x0/0x1c @ 1
[    2.203398] initcall component_debug_init+0x0/0x1c returned 0 after 0 usecs
[    2.204281] calling  early_resume_init+0x0/0xb9 @ 1
[    2.205976] PM: RTC time: 02:52:21, date: 2022-12-13
[    2.206282] initcall early_resume_init+0x0/0xb9 returned 0 after 976 usecs
[    2.207283] calling  cpufreq_core_init+0x0/0x62 @ 1
[    2.208291] initcall cpufreq_core_init+0x0/0x62 returned 0 after 0 usecs
[    2.209283] calling  cpufreq_gov_performance_init+0x0/0xc @ 1
[    2.210297] initcall cpufreq_gov_performance_init+0x0/0xc returned 0 after 0 usecs
[    2.211280] calling  cpufreq_gov_userspace_init+0x0/0xc @ 1
[    2.212281] initcall cpufreq_gov_userspace_init+0x0/0xc returned 0 after 0 usecs
[    2.213282] calling  CPU_FREQ_GOV_ONDEMAND_init+0x0/0xc @ 1
[    2.214282] initcall CPU_FREQ_GOV_ONDEMAND_init+0x0/0xc returned 0 after 0 usecs
[    2.215281] calling  cpuidle_init+0x0/0x1f @ 1
[    2.216306] initcall cpuidle_init+0x0/0x1f returned 0 after 0 usecs
[    2.217280] calling  capsule_reboot_register+0x0/0xc @ 1
[    2.218303] initcall capsule_reboot_register+0x0/0xc returned 0 after 0 usecs
[    2.219279] calling  sock_init+0x0/0x93 @ 1
[    2.221295] initcall sock_init+0x0/0x93 returned 0 after 976 usecs
[    2.222280] calling  net_inuse_init+0x0/0x23 @ 1
[    2.223284] initcall net_inuse_init+0x0/0x23 returned 0 after 0 usecs
[    2.224280] calling  net_defaults_init+0x0/0x23 @ 1
[    2.225280] initcall net_defaults_init+0x0/0x23 returned 0 after 0 usecs
[    2.226280] calling  init_default_flow_dissectors+0x0/0x4f @ 1
[    2.227299] initcall init_default_flow_dissectors+0x0/0x4f returned 0 after 0 usecs
[    2.228282] calling  netpoll_init+0x0/0x26 @ 1
[    2.229281] initcall netpoll_init+0x0/0x26 returned 0 after 0 usecs
[    2.230281] calling  netlink_proto_init+0x0/0x14f @ 1
[    2.231693] NET: Registered protocol family 16
[    2.232296] initcall netlink_proto_init+0x0/0x14f returned 0 after 976 usecs
[    2.233280] calling  genl_init+0x0/0x35 @ 1
[    2.234304] initcall genl_init+0x0/0x35 returned 0 after 0 usecs
[    2.235280] calling  bsp_pm_check_init+0x0/0x13 @ 1
[    2.236284] initcall bsp_pm_check_init+0x0/0x13 returned 0 after 0 usecs
[    2.238281] calling  irq_sysfs_init+0x0/0xb7 @ 1
[    2.239418] initcall irq_sysfs_init+0x0/0xb7 returned 0 after 0 usecs
[    2.240281] calling  audit_init+0x0/0x160 @ 1
[    2.241279] audit: initializing netlink subsys (disabled)
[    2.243476] initcall audit_init+0x0/0x160 returned 0 after 1953 usecs
[    2.244280] calling  release_early_probes+0x0/0x32 @ 1
[    2.245280] initcall release_early_probes+0x0/0x32 returned 0 after 0 usecs
[    2.246282] calling  bdi_class_init+0x0/0x48 @ 1
[    2.247342] initcall bdi_class_init+0x0/0x48 returned 0 after 0 usecs
[    2.248279] calling  mm_sysfs_init+0x0/0x28 @ 1
[    2.249285] initcall mm_sysfs_init+0x0/0x28 returned 0 after 0 usecs
[    2.250280] calling  init_per_zone_wmark_min+0x0/0x6d @ 1
[    2.251286] initcall init_per_zone_wmark_min+0x0/0x6d returned 0 after 0 usecs
[    2.252282] calling  mpi_init+0x0/0x3e @ 1
[    2.253385] initcall mpi_init+0x0/0x3e returned 0 after 0 usecs
[    2.254283] calling  kobject_uevent_init+0x0/0xc @ 1
[    2.255293] initcall kobject_uevent_init+0x0/0xc returned 0 after 0 usecs
[    2.256283] calling  pcibus_class_init+0x0/0x13 @ 1
[    2.257295] initcall pcibus_class_init+0x0/0x13 returned 0 after 0 usecs
[    2.258281] calling  pci_driver_init+0x0/0x21 @ 1
[    2.260321] initcall pci_driver_init+0x0/0x21 returned 0 after 976 usecs
[    2.261280] calling  backlight_class_init+0x0/0xa8 @ 1
[    2.262289] initcall backlight_class_init+0x0/0xa8 returned 0 after 0 usecs
[    2.263280] calling  tty_class_init+0x0/0x33 @ 1
[    2.264288] initcall tty_class_init+0x0/0x33 returned 0 after 0 usecs
[    2.265280] calling  vtconsole_class_init+0x0/0xb5 @ 1
[    2.266328] initcall vtconsole_class_init+0x0/0xb5 returned 0 after 0 usecs
[    2.267282] calling  iommu_dev_init+0x0/0x13 @ 1
[    2.268289] initcall iommu_dev_init+0x0/0x13 returned 0 after 0 usecs
[    2.269282] calling  mipi_dsi_bus_init+0x0/0xc @ 1
[    2.270325] initcall mipi_dsi_bus_init+0x0/0xc returned 0 after 0 usecs
[    2.271283] calling  devlink_class_init+0x0/0x40 @ 1
[    2.272294] initcall devlink_class_init+0x0/0x40 returned 0 after 0 usecs
[    2.273281] calling  software_node_init+0x0/0x2a @ 1
[    2.274285] initcall software_node_init+0x0/0x2a returned 0 after 0 usecs
[    2.275280] calling  wakeup_sources_debugfs_init+0x0/0x23 @ 1
[    2.276348] initcall wakeup_sources_debugfs_init+0x0/0x23 returned 0 after 0 usecs
[    2.277281] calling  wakeup_sources_sysfs_init+0x0/0x2c @ 1
[    2.278291] initcall wakeup_sources_sysfs_init+0x0/0x2c returned 0 after 0 usecs
[    2.279280] calling  register_node_type+0x0/0x13 @ 1
[    2.280320] initcall register_node_type+0x0/0x13 returned 0 after 0 usecs
[    2.281280] calling  regmap_initcall+0x0/0xc @ 1
[    2.282364] initcall regmap_initcall+0x0/0xc returned 0 after 0 usecs
[    2.283280] calling  i2c_init+0x0/0xb3 @ 1
[    2.284377] initcall i2c_init+0x0/0xb3 returned 0 after 0 usecs
[    2.285280] calling  thermal_init+0x0/0xf2 @ 1
[    2.287306] thermal_sys: Registered thermal governor 'step_wise'
[    2.287307] thermal_sys: Registered thermal governor 'user_space'
[    2.288300] initcall thermal_init+0x0/0xf2 returned 0 after 976 usecs
[    2.290282] calling  init_menu+0x0/0xc @ 1
[    2.292299] audit: type=2000 audit(1670899940.129:1): state=initialized audit_enabled=0 res=1
[    2.294283] cpuidle: using governor menu
[    2.299312] initcall init_menu+0x0/0xc returned 0 after 7812 usecs
[    2.307283] calling  pcc_init+0x0/0x4d @ 1
[    2.312284] initcall pcc_init+0x0/0x4d returned -19 after 0 usecs
[    2.320283] calling  amd_postcore_init+0x0/0x11e @ 1
[    2.326283] initcall amd_postcore_init+0x0/0x11e returned 0 after 0 usecs
[    2.335305] calling  bts_init+0x0/0xba @ 1
[    2.340302] initcall bts_init+0x0/0xba returned -19 after 0 usecs
[    2.348281] calling  pt_init+0x0/0x341 @ 1
[    2.354281] initcall pt_init+0x0/0x341 returned -19 after 0 usecs
[    2.361282] calling  boot_params_ksysfs_init+0x0/0x2ee @ 1
[    2.368388] initcall boot_params_ksysfs_init+0x0/0x2ee returned 0 after 0 usecs
[    2.377280] calling  sbf_init+0x0/0xea @ 1
[    2.382281] initcall sbf_init+0x0/0xea returned 0 after 0 usecs
[    2.389279] calling  arch_kdebugfs_init+0x0/0x219 @ 1
[    2.396617] initcall arch_kdebugfs_init+0x0/0x219 returned 0 after 0 usecs
[    2.405303] calling  intel_pconfig_init+0x0/0x85 @ 1
[    2.411282] initcall intel_pconfig_init+0x0/0x85 returned 0 after 0 usecs
[    2.419280] calling  mtrr_if_init+0x0/0x5d @ 1
[    2.424305] initcall mtrr_if_init+0x0/0x5d returned 0 after 0 usecs
[    2.432279] calling  activate_jump_labels+0x0/0x31 @ 1
[    2.438279] initcall activate_jump_labels+0x0/0x31 returned 0 after 0 usecs
[    2.446279] calling  ffh_cstate_init+0x0/0x29 @ 1
[    2.452283] initcall ffh_cstate_init+0x0/0x29 returned 0 after 0 usecs
[    2.459279] calling  activate_jump_labels+0x0/0x31 @ 1
[    2.466530] initcall activate_jump_labels+0x0/0x31 returned 0 after 976 usecs
[    2.474279] calling  kvm_alloc_cpumask+0x0/0x74 @ 1
[    2.480324] initcall kvm_alloc_cpumask+0x0/0x74 returned 0 after 0 usecs
[    2.488280] calling  kcmp_cookies_init+0x0/0x37 @ 1
[    2.495291] initcall kcmp_cookies_init+0x0/0x37 returned 0 after 0 usecs
[    2.505285] calling  cryptomgr_init+0x0/0xc @ 1
[    2.511427] initcall cryptomgr_init+0x0/0xc returned 0 after 976 usecs
[    2.521284] calling  acpi_pci_init+0x0/0x57 @ 1
[    2.527284] ACPI: bus type PCI registered
[    2.532280] initcall acpi_pci_init+0x0/0x57 returned 0 after 4882 usecs
[    2.540281] calling  dma_channel_table_init+0x0/0xd1 @ 1
[    2.546290] initcall dma_channel_table_init+0x0/0xd1 returned 0 after 0 usecs
[    2.554284] calling  dma_bus_init+0x0/0xdc @ 1
[    2.560417] initcall dma_bus_init+0x0/0xdc returned 0 after 976 usecs
[    2.567436] calling  iommu_dma_init+0x0/0x10 @ 1
[    2.573286] initcall iommu_dma_init+0x0/0x10 returned 0 after 0 usecs
[    2.580286] calling  dmi_id_init+0x0/0x37c @ 1
[    2.586521] initcall dmi_id_init+0x0/0x37c returned 0 after 0 usecs
[    2.593282] calling  pci_arch_init+0x0/0x71 @ 1
[    2.599999] PCI: MMCONFIG for domain 0000 [bus 00-ff] at [mem 0xb0000000-0xbfffffff] (base 0xb0000000)
[    2.611301] PCI: MMCONFIG at [mem 0xb0000000-0xbfffffff] reserved in E820
[    2.620307] PCI: Using configuration type 1 for base access
[    2.626325] initcall pci_arch_init+0x0/0x71 returned 0 after 26367 usecs
[    2.634301] calling  init_vdso+0x0/0x13 @ 1
[    2.640288] initcall init_vdso+0x0/0x13 returned 0 after 0 usecs
[    2.647280] calling  sysenter_setup+0x0/0x13 @ 1
[    2.652287] initcall sysenter_setup+0x0/0x13 returned 0 after 0 usecs
[    2.660279] calling  fixup_ht_bug+0x0/0xe5 @ 1
[    2.665280] initcall fixup_ht_bug+0x0/0xe5 returned 0 after 0 usecs
[    2.673278] calling  topology_init+0x0/0x88 @ 1
[    2.678521] initcall topology_init+0x0/0x88 returned 0 after 0 usecs
[    2.686281] calling  intel_epb_init+0x0/0x68 @ 1
[    2.692281] initcall intel_epb_init+0x0/0x68 returned -19 after 0 usecs
[    2.699279] calling  mtrr_init_finialize+0x0/0x3e @ 1
[    2.706280] initcall mtrr_init_finialize+0x0/0x3e returned 0 after 0 usecs
[    2.714282] calling  uid_cache_init+0x0/0x81 @ 1
[    2.719287] initcall uid_cache_init+0x0/0x81 returned 0 after 0 usecs
[    2.727299] calling  param_sysfs_init+0x0/0x1ba @ 1
[    2.736554] initcall param_sysfs_init+0x0/0x1ba returned 0 after 2929 usecs
[    2.744281] calling  user_namespace_sysctl_init+0x0/0x33 @ 1
[    2.751294] initcall user_namespace_sysctl_init+0x0/0x33 returned 0 after 0 usecs
[    2.760281] calling  proc_schedstat_init+0x0/0x24 @ 1
[    2.766285] initcall proc_schedstat_init+0x0/0x24 returned 0 after 0 usecs
[    2.774280] calling  pm_sysrq_init+0x0/0x18 @ 1
[    2.782525] initcall pm_sysrq_init+0x0/0x18 returned 0 after 1953 usecs
[    2.783285] calling  create_proc_profile+0x0/0xd0 @ 1
[    2.784283] initcall create_proc_profile+0x0/0xd0 returned 0 after 0 usecs
[    2.785287] calling  time_ns_init+0x0/0x7 @ 1
[    2.786281] initcall time_ns_init+0x0/0x7 returned 0 after 0 usecs
[    2.787282] calling  crash_save_vmcoreinfo_init+0x0/0x722 @ 1
[    2.788754] initcall crash_save_vmcoreinfo_init+0x0/0x722 returned 0 after 0 usecs
[    2.789286] calling  crash_notes_memory_init+0x0/0x35 @ 1
[    2.790287] initcall crash_notes_memory_init+0x0/0x35 returned 0 after 0 usecs
[    2.791283] calling  cgroup_sysfs_init+0x0/0x13 @ 1
[    2.792290] initcall cgroup_sysfs_init+0x0/0x13 returned 0 after 0 usecs
[    2.793280] calling  cgroup_namespaces_init+0x0/0x7 @ 1
[    2.794281] initcall cgroup_namespaces_init+0x0/0x7 returned 0 after 0 usecs
[    2.795282] calling  init_optprobes+0x0/0x13 @ 1
[    2.796314] Kprobes globally optimized
[    2.798282] initcall init_optprobes+0x0/0x13 returned 0 after 1953 usecs
[    2.799282] calling  oom_init+0x0/0x2f @ 1
[    2.801155] initcall oom_init+0x0/0x2f returned 0 after 0 usecs
[    2.801281] calling  default_bdi_init+0x0/0xb3 @ 1
[    2.802575] initcall default_bdi_init+0x0/0xb3 returned 0 after 0 usecs
[    2.803331] calling  percpu_enable_async+0x0/0xe @ 1
[    2.804284] initcall percpu_enable_async+0x0/0xe returned 0 after 0 usecs
[    2.805281] calling  kcompactd_init+0x0/0x8d @ 1
[    2.808019] initcall kcompactd_init+0x0/0x8d returned 0 after 976 usecs
[    2.808790] calling  init_user_reserve+0x0/0x40 @ 1
[    2.810286] initcall init_user_reserve+0x0/0x40 returned 0 after 0 usecs
[    2.811282] calling  init_admin_reserve+0x0/0x40 @ 1
[    2.812282] initcall init_admin_reserve+0x0/0x40 returned 0 after 0 usecs
[    2.813283] calling  init_reserve_notifier+0x0/0x7 @ 1
[    2.814280] initcall init_reserve_notifier+0x0/0x7 returned 0 after 0 usecs
[    2.815281] calling  swap_init_sysfs+0x0/0x62 @ 1
[    2.816289] initcall swap_init_sysfs+0x0/0x62 returned 0 after 0 usecs
[    2.817282] calling  swapfile_init+0x0/0x94 @ 1
[    2.818282] initcall swapfile_init+0x0/0x94 returned 0 after 0 usecs
[    2.819280] calling  hugetlb_init+0x0/0x496 @ 1
[    2.820497] HugeTLB registered 2.00 MiB page size, pre-allocated 0 pages
[    2.821299] initcall hugetlb_init+0x0/0x496 returned 0 after 976 usecs
[    2.822281] calling  io_wq_init+0x0/0x34 @ 1
[    2.823279] initcall io_wq_init+0x0/0x34 returned 0 after 0 usecs
[    2.824281] calling  seqiv_module_init+0x0/0xc @ 1
[    2.825457] initcall seqiv_module_init+0x0/0xc returned 0 after 0 usecs
[    2.826282] calling  echainiv_module_init+0x0/0xc @ 1
[    2.827280] initcall echainiv_module_init+0x0/0xc returned 0 after 0 usecs
[    2.828883] calling  rsa_init+0x0/0x50 @ 1
[    2.831123] cryptomgr_test (70) used greatest stack depth: 15504 bytes left
[    2.831298] initcall rsa_init+0x0/0x50 returned 0 after 976 usecs
[    2.832283] calling  crypto_cmac_module_init+0x0/0xc @ 1
[    2.833282] initcall crypto_cmac_module_init+0x0/0xc returned 0 after 0 usecs
[    2.834288] calling  hmac_module_init+0x0/0xc @ 1
[    2.835284] initcall hmac_module_init+0x0/0xc returned 0 after 0 usecs
[    2.836281] calling  crypto_null_mod_init+0x0/0x65 @ 1
[    2.838300] initcall crypto_null_mod_init+0x0/0x65 returned 0 after 976 usecs
[    2.839281] calling  md5_mod_init+0x0/0xc @ 1
[    2.846132] initcall md5_mod_init+0x0/0xc returned 0 after 4882 usecs
[    2.846289] calling  sha256_generic_mod_init+0x0/0x11 @ 1
[    2.847412] initcall sha256_generic_mod_init+0x0/0x11 returned 0 after 0 usecs
[    2.848283] calling  crypto_cbc_module_init+0x0/0xc @ 1
[    2.849284] initcall crypto_cbc_module_init+0x0/0xc returned 0 after 0 usecs
[    2.850281] calling  crypto_ctr_module_init+0x0/0x11 @ 1
[    2.851284] initcall crypto_ctr_module_init+0x0/0x11 returned 0 after 0 usecs
[    2.852284] calling  crypto_gcm_module_init+0x0/0x64 @ 1
[    2.853451] initcall crypto_gcm_module_init+0x0/0x64 returned 0 after 0 usecs
[    2.854282] calling  crypto_ccm_module_init+0x0/0x11 @ 1
[    2.855282] initcall crypto_ccm_module_init+0x0/0x11 returned 0 after 0 usecs
[    2.857280] calling  aes_init+0x0/0xc @ 1
[    2.861332] initcall aes_init+0x0/0xc returned 0 after 2929 usecs
[    2.862294] calling  crc32c_mod_init+0x0/0xc @ 1
[    2.863332] initcall crc32c_mod_init+0x0/0xc returned 0 after 0 usecs
[    2.864281] calling  crypto_authenc_module_init+0x0/0xc @ 1
[    2.865286] initcall crypto_authenc_module_init+0x0/0xc returned 0 after 0 usecs
[    2.866281] calling  crypto_authenc_esn_module_init+0x0/0xc @ 1
[    2.867284] initcall crypto_authenc_esn_module_init+0x0/0xc returned 0 after 0 usecs
[    2.868438] calling  drbg_init+0x0/0x7c @ 1
[    2.870478] initcall drbg_init+0x0/0x7c returned 0 after 976 usecs
[    2.871282] calling  ghash_mod_init+0x0/0xc @ 1
[    2.872486] initcall ghash_mod_init+0x0/0xc returned 0 after 0 usecs
[    2.873282] calling  init_bio+0x0/0x9a @ 1
[    2.874433] initcall init_bio+0x0/0x9a returned 0 after 0 usecs
[    2.875283] calling  blk_settings_init+0x0/0x29 @ 1
[    2.876281] initcall blk_settings_init+0x0/0x29 returned 0 after 0 usecs
[    2.877282] calling  blk_ioc_init+0x0/0x29 @ 1
[    2.878289] initcall blk_ioc_init+0x0/0x29 returned 0 after 0 usecs
[    2.879282] calling  blk_mq_init+0x0/0xb9 @ 1
[    2.880283] initcall blk_mq_init+0x0/0xb9 returned 0 after 0 usecs
[    2.881282] calling  genhd_device_init+0x0/0x75 @ 1
[    2.885506] initcall genhd_device_init+0x0/0x75 returned 0 after 2929 usecs
[    2.887272] calling  pci_slot_init+0x0/0x40 @ 1
[    2.888295] initcall pci_slot_init+0x0/0x40 returned 0 after 0 usecs
[    2.889282] calling  fbmem_init+0x0/0xd8 @ 1
[    2.890486] initcall fbmem_init+0x0/0xd8 returned 0 after 0 usecs
[    2.891282] calling  acpi_init+0x0/0x319 @ 1
[    2.892480] ACPI: Added _OSI(Module Device)
[    2.893278] ACPI: Added _OSI(Processor Device)
[    2.894279] ACPI: Added _OSI(3.0 _SCP Extensions)
[    2.895279] ACPI: Added _OSI(Processor Aggregator Device)
[    2.897281] ACPI: Added _OSI(Linux-Dell-Video)
[    2.898280] ACPI: Added _OSI(Linux-Lenovo-NV-HDMI-Audio)
[    2.899280] ACPI: Added _OSI(Linux-HPI-Hybrid-Graphics)
[    2.902697] ACPI: 1 ACPI AML tables successfully acquired and loaded
[    2.908702] ACPI: Interpreter enabled
[    2.909382] ACPI: (supports S0 S3 S4 S5)
[    2.910279] ACPI: Using IOAPIC for interrupt routing
[    2.911346] PCI: Using host bridge windows from ACPI; if necessary, use "pci=nocrs" and report a bug
[    2.912574] ACPI: Enabled 2 GPEs in block 00 to 3F
[    2.920048] ACPI: PCI Root Bridge [PCI0] (domain 0000 [bus 00-ff])
[    2.921283] acpi PNP0A08:00: _OSC: OS supports [ExtendedConfig ASPM ClockPM Segments MSI HPX-Type3]
[    2.922376] acpi PNP0A08:00: _OSC: platform does not support [LTR]
[    2.923353] acpi PNP0A08:00: _OSC: OS now controls [PME PCIeCapability]
[    2.924388] PCI host bridge to bus 0000:00
[    2.925283] pci_bus 0000:00: root bus resource [io  0x0000-0x0cf7 window]
[    2.926283] pci_bus 0000:00: root bus resource [io  0x0d00-0xffff window]
[    2.927283] pci_bus 0000:00: root bus resource [mem 0x000a0000-0x000bffff window]
[    2.928331] pci_bus 0000:00: root bus resource [mem 0x20000000-0xafffffff window]
[    2.929284] pci_bus 0000:00: root bus resource [mem 0xc0000000-0xfebfffff window]
[    2.930282] pci_bus 0000:00: root bus resource [mem 0x100000000-0x8ffffffff window]
[    2.931281] pci_bus 0000:00: root bus resource [bus 00-ff]
[    2.933796] pci 0000:00:00.0: calling  quirk_mmio_always_on+0x0/0x10 @ 1
[    2.934284] pci 0000:00:00.0: quirk_mmio_always_on+0x0/0x10 took 0 usecs
[    2.935279] pci 0000:00:00.0: [8086:29c0] type 00 class 0x060000
[    2.940115] pci 0000:00:00.0: calling  quirk_igfx_skip_te_disable+0x0/0x80 @ 1
[    2.940284] pci 0000:00:00.0: quirk_igfx_skip_te_disable+0x0/0x80 took 0 usecs
[    2.943196] pci 0000:00:01.0: [1234:1111] type 00 class 0x030000
[    2.952272] pci 0000:00:01.0: reg 0x10: [mem 0xfd000000-0xfdffffff pref]
[    2.969272] pci 0000:00:01.0: reg 0x18: [mem 0xfebf0000-0xfebf0fff]
[    2.995272] pci 0000:00:01.0: reg 0x30: [mem 0xfebe0000-0xfebeffff pref]
[    3.000049] pci 0000:00:01.0: calling  efifb_fixup_resources+0x0/0xf0 @ 1
[    3.000298] pci 0000:00:01.0: efifb_fixup_resources+0x0/0xf0 took 0 usecs
[    3.018365] pci 0000:00:1f.0: [8086:2918] type 00 class 0x060100
[    3.025272] pci 0000:00:1f.0: calling  quirk_ich7_lpc+0x0/0x60 @ 1
[    3.026876] pci 0000:00:1f.0: quirk: [io  0x0600-0x067f] claimed by ICH6 ACPI/GPIO/TCO
[    3.028369] pci 0000:00:1f.0: quirk_ich7_lpc+0x0/0x60 took 1953 usecs
[    3.029790] pci 0000:00:1f.0: calling  quirk_igfx_skip_te_disable+0x0/0x80 @ 1
[    3.031283] pci 0000:00:1f.0: quirk_igfx_skip_te_disable+0x0/0x80 took 976 usecs
[    3.034964] pci 0000:00:1f.2: [8086:2922] type 00 class 0x010601
[    3.045279] pci 0000:00:1f.2: reg 0x20: [io  0xc040-0xc05f]
[    3.048038] pci 0000:00:1f.2: reg 0x24: [mem 0xfebf1000-0xfebf1fff]
[    3.050473] pci 0000:00:1f.2: calling  quirk_igfx_skip_te_disable+0x0/0x80 @ 1
[    3.051350] pci 0000:00:1f.2: quirk_igfx_skip_te_disable+0x0/0x80 took 0 usecs
[    3.056205] pci 0000:00:1f.3: [8086:2930] type 00 class 0x0c0500
[    3.064123] pci 0000:00:1f.3: reg 0x20: [io  0x0700-0x073f]
[    3.067272] pci 0000:00:1f.3: calling  quirk_igfx_skip_te_disable+0x0/0x80 @ 1
[    3.068284] pci 0000:00:1f.3: quirk_igfx_skip_te_disable+0x0/0x80 took 0 usecs
[    3.100276] ACPI: PCI Interrupt Link [LNKA] (IRQs 5 *10 11)
[    3.101720] ACPI: PCI Interrupt Link [LNKB] (IRQs 5 *10 11)
[    3.104953] ACPI: PCI Interrupt Link [LNKC] (IRQs 5 10 *11)
[    3.106385] ACPI: PCI Interrupt Link [LNKD] (IRQs 5 10 *11)
[    3.108004] ACPI: PCI Interrupt Link [LNKE] (IRQs 5 *10 11)
[    3.108922] ACPI: PCI Interrupt Link [LNKF] (IRQs 5 *10 11)
[    3.110684] ACPI: PCI Interrupt Link [LNKG] (IRQs 5 10 *11)
[    3.111832] ACPI: PCI Interrupt Link [LNKH] (IRQs 5 10 *11)
[    3.112499] ACPI: PCI Interrupt Link [GSIA] (IRQs *16)
[    3.113675] ACPI: PCI Interrupt Link [GSIB] (IRQs *17)
[    3.114295] ACPI: PCI Interrupt Link [GSIC] (IRQs *18)
[    3.115383] ACPI: PCI Interrupt Link [GSID] (IRQs *19)
[    3.116293] ACPI: PCI Interrupt Link [GSIE] (IRQs *20)
[    3.117507] ACPI: PCI Interrupt Link [GSIF] (IRQs *21)
[    3.118299] ACPI: PCI Interrupt Link [GSIG] (IRQs *22)
[    3.119777] ACPI: PCI Interrupt Link [GSIH] (IRQs *23)
[    3.156272] initcall acpi_init+0x0/0x319 returned 0 after 256835 usecs
[    3.158929] calling  pnp_init+0x0/0xc @ 1
[    3.161523] initcall pnp_init+0x0/0xc returned 0 after 1953 usecs
[    3.162284] calling  misc_init+0x0/0xbf @ 1
[    3.168487] initcall misc_init+0x0/0xbf returned 0 after 4882 usecs
[    3.169281] calling  iommu_subsys_init+0x0/0x4e @ 1
[    3.170350] iommu: Default domain type: Translated 
[    3.171283] initcall iommu_subsys_init+0x0/0x4e returned 0 after 976 usecs
[    3.172282] calling  vga_arb_device_init+0x0/0x261 @ 1
[    3.176648] pci 0000:00:01.0: vgaarb: setting as boot VGA device
[    3.177272] pci 0000:00:01.0: vgaarb: VGA device added: decodes=io+mem,owns=io+mem,locks=none
[    3.195315] pci 0000:00:01.0: vgaarb: bridge control possible
[    3.202305] vgaarb: loaded
[    3.206406] initcall vga_arb_device_init+0x0/0x261 returned 0 after 32226 usecs
[    3.215470] calling  cn_init+0x0/0xf0 @ 1
[    3.221676] initcall cn_init+0x0/0xf0 returned 0 after 976 usecs
[    3.229284] calling  dma_buf_init+0x0/0xad @ 1
[    3.237407] initcall dma_buf_init+0x0/0xad returned 0 after 1953 usecs
[    3.246283] calling  init_scsi+0x0/0x79 @ 1
[    3.253185] SCSI subsystem initialized
[    3.257334] initcall init_scsi+0x0/0x79 returned 0 after 5859 usecs
[    3.265283] calling  ata_init+0x0/0x332 @ 1
[    3.274272] libata version 3.00 loaded.
[    3.278283] initcall ata_init+0x0/0x332 returned 0 after 6835 usecs
[    3.286283] calling  phy_init+0x0/0x250 @ 1
[    3.294812] initcall phy_init+0x0/0x250 returned 0 after 1953 usecs
[    3.302286] calling  init_pcmcia_cs+0x0/0x35 @ 1
[    3.309364] initcall init_pcmcia_cs+0x0/0x35 returned 0 after 0 usecs
[    3.319282] calling  usb_common_init+0x0/0x1c @ 1
[    3.325658] initcall usb_common_init+0x0/0x1c returned 0 after 0 usecs
[    3.336280] calling  usb_init+0x0/0x12e @ 1
[    3.342377] ACPI: bus type USB registered
[    3.348248] usbcore: registered new interface driver usbfs
[    3.356419] usbcore: registered new interface driver hub
[    3.363301] usbcore: registered new device driver usb
[    3.370286] initcall usb_init+0x0/0x12e returned 0 after 28320 usecs
[    3.374283] calling  serio_init+0x0/0x29 @ 1
[    3.380869] initcall serio_init+0x0/0x29 returned 0 after 0 usecs
[    3.388283] calling  input_init+0x0/0xf6 @ 1
[    3.395720] initcall input_init+0x0/0xf6 returned 0 after 0 usecs
[    3.402282] calling  rtc_init+0x0/0x4d @ 1
[    3.409377] initcall rtc_init+0x0/0x4d returned 0 after 0 usecs
[    3.417282] calling  pps_init+0x0/0xa9 @ 1
[    3.422289] pps_core: LinuxPPS API ver. 1 registered
[    3.428286] pps_core: Software ver. 5.3.6 - Copyright 2005-2007 Rodolfo Giometti <giometti@linux.it>
[    3.440283] initcall pps_init+0x0/0xa9 returned 0 after 17578 usecs
[    3.448282] calling  ptp_init+0x0/0x98 @ 1
[    3.452291] PTP clock support registered
[    3.458280] initcall ptp_init+0x0/0x98 returned 0 after 5859 usecs
[    3.464282] calling  power_supply_class_init+0x0/0x3f @ 1
[    3.471418] initcall power_supply_class_init+0x0/0x3f returned 0 after 0 usecs
[    3.482390] calling  hwmon_init+0x0/0x104 @ 1
[    3.489298] initcall hwmon_init+0x0/0x104 returned 0 after 0 usecs
[    3.498282] calling  md_init+0x0/0x16b @ 1
[    3.505805] initcall md_init+0x0/0x16b returned 0 after 1953 usecs
[    3.514286] calling  leds_init+0x0/0x3b @ 1
[    3.520382] initcall leds_init+0x0/0x3b returned 0 after 0 usecs
[    3.528282] calling  dmi_init+0x0/0x113 @ 1
[    3.533475] initcall dmi_init+0x0/0x113 returned 0 after 976 usecs
[    3.543284] calling  efisubsys_init+0x0/0x4e7 @ 1
[    3.550298] initcall efisubsys_init+0x0/0x4e7 returned 0 after 0 usecs
[    3.560281] calling  nvmem_init+0x0/0xc @ 1
[    3.566367] initcall nvmem_init+0x0/0xc returned 0 after 0 usecs
[    3.574280] calling  init_soundcore+0x0/0x33 @ 1
[    3.580306] initcall init_soundcore+0x0/0x33 returned 0 after 0 usecs
[    3.587278] calling  alsa_sound_init+0x0/0x8f @ 1
[    3.593288] Advanced Linux Sound Architecture Driver Initialized.
[    3.601279] initcall alsa_sound_init+0x0/0x8f returned 0 after 7812 usecs
[    3.609296] calling  alsa_seq_device_init+0x0/0x71 @ 1
[    3.615296] initcall alsa_seq_device_init+0x0/0x71 returned 0 after 0 usecs
[    3.624280] calling  hda_bus_init+0x0/0xc @ 1
[    3.630304] initcall hda_bus_init+0x0/0xc returned 0 after 0 usecs
[    3.639298] calling  proto_init+0x0/0xc @ 1
[    3.645377] initcall proto_init+0x0/0xc returned 0 after 0 usecs
[    3.654284] calling  net_dev_init+0x0/0x209 @ 1
[    3.664065] initcall net_dev_init+0x0/0x209 returned 0 after 976 usecs
[    3.674284] calling  neigh_init+0x0/0x84 @ 1
[    3.680284] initcall neigh_init+0x0/0x84 returned 0 after 0 usecs
[    3.689281] calling  fib_notifier_init+0x0/0xc @ 1
[    3.697304] initcall fib_notifier_init+0x0/0xc returned 0 after 0 usecs
[    3.706282] calling  fib_rules_init+0x0/0xab @ 1
[    3.713307] initcall fib_rules_init+0x0/0xab returned 0 after 0 usecs
[    3.723280] calling  pktsched_init+0x0/0x10e @ 1
[    3.730388] initcall pktsched_init+0x0/0x10e returned 0 after 0 usecs
[    3.740281] calling  tc_filter_init+0x0/0xfa @ 1
[    3.747358] initcall tc_filter_init+0x0/0xfa returned 0 after 0 usecs
[    3.757280] calling  tc_action_init+0x0/0x54 @ 1
[    3.763282] initcall tc_action_init+0x0/0x54 returned 0 after 0 usecs
[    3.773280] calling  ethnl_init+0x0/0x52 @ 1
[    3.780542] initcall ethnl_init+0x0/0x52 returned 0 after 0 usecs
[    3.789281] calling  nexthop_init+0x0/0xd8 @ 1
[    3.796428] initcall nexthop_init+0x0/0xd8 returned 0 after 0 usecs
[    3.807288] calling  cipso_v4_init+0x0/0x5d @ 1
[    3.813361] initcall cipso_v4_init+0x0/0x5d returned 0 after 0 usecs
[    3.821282] calling  ieee80211_init+0x0/0x24 @ 1
[    3.827625] initcall ieee80211_init+0x0/0x24 returned 0 after 0 usecs
[    3.835280] calling  netlbl_init+0x0/0x78 @ 1
[    3.841276] NetLabel: Initializing
[    3.845277] NetLabel:  domain hash size = 128
[    3.851276] NetLabel:  protocols = UNLABELED CIPSOv4 CALIPSO
[    3.858400] NetLabel:  unlabeled traffic allowed by default
[    3.866283] initcall netlbl_init+0x0/0x78 returned 0 after 24414 usecs
[    3.874282] calling  rfkill_init+0x0/0x111 @ 1
[    3.881648] initcall rfkill_init+0x0/0x111 returned 0 after 976 usecs
[    3.890286] calling  pci_subsys_init+0x0/0x66 @ 1
[    3.896330] PCI: Using ACPI for IRQ routing
[    4.628128] PCI: pci_cache_line_size set to 64 bytes
[    4.637277] e820: reserve RAM buffer [mem 0x0009fc00-0x0009ffff]
[    4.645277] e820: reserve RAM buffer [mem 0x1ffdf000-0x1fffffff]
[    4.652897] initcall pci_subsys_init+0x0/0x66 returned 0 after 738281 usecs
[    4.671576] calling  nmi_warning_debugfs+0x0/0x26 @ 1
[    4.691168] initcall nmi_warning_debugfs+0x0/0x26 returned 0 after 11718 usecs
[    4.700284] calling  save_microcode_in_initrd+0x0/0x51 @ 1
[    4.707321] initcall save_microcode_in_initrd+0x0/0x51 returned 0 after 0 usecs
[    4.716281] calling  hpet_late_init+0x0/0x207 @ 1
[    4.722946] hpet: 3 channels of 0 reserved for per-cpu timers
[    4.730321] hpet0: at MMIO 0xfed00000, IRQs 2, 8, 0
[    4.737279] hpet0: 3 comparators, 64-bit 100.000000 MHz counter
[    4.747283] initcall hpet_late_init+0x0/0x207 returned 0 after 24414 usecs
[    4.756281] calling  init_amd_nbs+0x0/0x11c @ 1
[    4.762444] initcall init_amd_nbs+0x0/0x11c returned 0 after 0 usecs
[    4.770284] calling  clocksource_done_booting+0x0/0x41 @ 1
[    4.780272] clocksource: Switched to clocksource kvm-clock
[    4.787690] initcall clocksource_done_booting+0x0/0x41 returned 0 after 10166 usecs
[    4.788402] calling  tracer_init_tracefs+0x0/0x242 @ 1
[    4.788402] initcall tracer_init_tracefs+0x0/0x242 returned 0 after 299392 usecs
[    4.788402] calling  init_trace_printk_function_export+0x0/0x2c @ 1
[    4.788402] initcall init_trace_printk_function_export+0x0/0x2c returned 0 after 13 usecs
[    4.788402] calling  init_kprobe_trace+0x0/0x1a9 @ 1
[    4.788402] initcall init_kprobe_trace+0x0/0x1a9 returned 0 after 11 usecs
[    4.788402] calling  init_dynamic_event+0x0/0x3d @ 1
[    4.788402] initcall init_dynamic_event+0x0/0x3d returned 0 after 7 usecs
[    4.788402] calling  init_uprobe_trace+0x0/0x5c @ 1
[    4.788402] initcall init_uprobe_trace+0x0/0x5c returned 0 after 91 usecs
[    4.788402] calling  init_pipe_fs+0x0/0x44 @ 1
[    4.788402] initcall init_pipe_fs+0x0/0x44 returned 0 after 236 usecs
[    4.788402] calling  inotify_user_setup+0x0/0x47 @ 1
[    4.788402] initcall inotify_user_setup+0x0/0x47 returned 0 after 96 usecs
[    4.788402] calling  eventpoll_init+0x0/0xd4 @ 1
[    4.788402] initcall eventpoll_init+0x0/0xd4 returned 0 after 89 usecs
[    4.788402] calling  anon_inode_init+0x0/0x58 @ 1
[    4.788402] initcall anon_inode_init+0x0/0x58 returned 0 after 113 usecs
[    4.788402] calling  proc_locks_init+0x0/0x27 @ 1
[    4.788402] initcall proc_locks_init+0x0/0x27 returned 0 after 204 usecs
[    5.250552] calling  iomap_init+0x0/0x1b @ 1
[    5.250552] initcall iomap_init+0x0/0x1b returned 0 after 3645 usecs
[    5.250552] calling  dquot_init+0x0/0x106 @ 1
[    5.250552] VFS: Disk quotas dquot_6.6.0
[    5.250552] VFS: Dquot-cache hash table entries: 512 (order 0, 4096 bytes)
[    5.250552] initcall dquot_init+0x0/0x106 returned 0 after 15181 usecs
[    5.250552] calling  quota_init+0x0/0x23 @ 1
[    5.250552] initcall quota_init+0x0/0x23 returned 0 after 2856 usecs
[    5.316475] calling  proc_cmdline_init+0x0/0x21 @ 1
[    5.324205] initcall proc_cmdline_init+0x0/0x21 returned 0 after 5 usecs
[    5.333962] calling  proc_consoles_init+0x0/0x24 @ 1
[    5.341290] initcall proc_consoles_init+0x0/0x24 returned 0 after 6 usecs
[    5.349506] calling  proc_cpuinfo_init+0x0/0x1e @ 1
[    5.355866] initcall proc_cpuinfo_init+0x0/0x1e returned 0 after 5 usecs
[    5.364539] calling  proc_devices_init+0x0/0x24 @ 1
[    5.370201] initcall proc_devices_init+0x0/0x24 returned 0 after 4 usecs
[    5.377800] calling  proc_interrupts_init+0x0/0x24 @ 1
[    5.383642] initcall proc_interrupts_init+0x0/0x24 returned 0 after 4 usecs
[    5.391499] calling  proc_loadavg_init+0x0/0x21 @ 1
[    5.397193] initcall proc_loadavg_init+0x0/0x21 returned 0 after 4 usecs
[    5.404785] calling  proc_meminfo_init+0x0/0x21 @ 1
[    5.410382] initcall proc_meminfo_init+0x0/0x21 returned 0 after 84 usecs
[    5.417948] calling  proc_stat_init+0x0/0x1e @ 1
[    5.423506] initcall proc_stat_init+0x0/0x1e returned 0 after 3 usecs
[    5.430843] calling  proc_uptime_init+0x0/0x21 @ 1
[    5.436471] initcall proc_uptime_init+0x0/0x21 returned 0 after 3 usecs
[    5.444161] calling  proc_version_init+0x0/0x21 @ 1
[    5.449889] initcall proc_version_init+0x0/0x21 returned 0 after 22 usecs
[    5.457542] calling  proc_softirqs_init+0x0/0x21 @ 1
[    5.463263] initcall proc_softirqs_init+0x0/0x21 returned 0 after 2 usecs
[    5.470982] calling  proc_kcore_init+0x0/0xea @ 1
[    5.476660] initcall proc_kcore_init+0x0/0xea returned 0 after 182 usecs
[    5.484413] calling  vmcore_init+0x0/0x578 @ 1
[    5.489503] initcall vmcore_init+0x0/0x578 returned 0 after 14 usecs
[    5.496702] calling  proc_kmsg_init+0x0/0x21 @ 1
[    5.502375] initcall proc_kmsg_init+0x0/0x21 returned 0 after 6 usecs
[    5.511444] calling  proc_page_init+0x0/0x3b @ 1
[    5.518175] initcall proc_page_init+0x0/0x3b returned 0 after 6 usecs
[    5.527356] calling  init_ramfs_fs+0x0/0xc @ 1
[    5.533740] initcall init_ramfs_fs+0x0/0xc returned 0 after 21 usecs
[    5.541370] calling  init_hugetlbfs_fs+0x0/0xf6 @ 1
[    5.547567] initcall init_hugetlbfs_fs+0x0/0xf6 returned 0 after 338 usecs
[    5.555638] calling  blk_scsi_ioctl_init+0x0/0x2a5 @ 1
[    5.561725] initcall blk_scsi_ioctl_init+0x0/0x2a5 returned 0 after 32 usecs
[    5.569684] calling  acpi_event_init+0x0/0x2c @ 1
[    5.575105] initcall acpi_event_init+0x0/0x2c returned 0 after 35 usecs
[    5.582744] calling  pnp_system_init+0x0/0xc @ 1
[    5.588593] initcall pnp_system_init+0x0/0xc returned 0 after 558 usecs
[    5.596081] calling  pnpacpi_init+0x0/0x69 @ 1
[    5.601173] pnp: PnP ACPI init
[    5.606597] pnp 00:00: Plug and Play ACPI device, IDs PNP0303 (active)
[    5.614009] pnp 00:01: Plug and Play ACPI device, IDs PNP0f13 (active)
[    5.621621] pnp 00:02: Plug and Play ACPI device, IDs PNP0400 (active)
[    5.629087] pnp 00:03: Plug and Play ACPI device, IDs PNP0501 (active)
[    5.636897] pnp 00:04: Plug and Play ACPI device, IDs PNP0b00 (active)
[    5.644763] system 00:05: [mem 0xb0000000-0xbfffffff window] has been reserved
[    5.653251] system 00:05: Plug and Play ACPI device, IDs PNP0c01 (active)
[    5.662639] pnp: PnP ACPI: found 6 devices
[    5.667534] initcall pnpacpi_init+0x0/0x69 returned 0 after 64811 usecs
[    5.675229] calling  chr_dev_init+0x0/0x14d @ 1
[    5.722070] initcall chr_dev_init+0x0/0x14d returned 0 after 40350 usecs
[    5.730021] calling  firmware_class_init+0x0/0xe7 @ 1
[    5.736240] initcall firmware_class_init+0x0/0xe7 returned 0 after 43 usecs
[    5.744833] calling  init_pcmcia_bus+0x0/0x5b @ 1
[    5.750447] initcall init_pcmcia_bus+0x0/0x5b returned 0 after 60 usecs
[    5.758365] calling  init_acpi_pm_clocksource+0x0/0xda @ 1
[    5.770506] clocksource: acpi_pm: mask: 0xffffff max_cycles: 0xffffff, max_idle_ns: 2085701024 ns
[    5.781133] initcall init_acpi_pm_clocksource+0x0/0xda returned 0 after 15772 usecs
[    5.790443] calling  sysctl_core_init+0x0/0x26 @ 1
[    5.796481] initcall sysctl_core_init+0x0/0x26 returned 0 after 262 usecs
[    5.804611] calling  eth_offload_init+0x0/0x13 @ 1
[    5.810530] initcall eth_offload_init+0x0/0x13 returned 0 after 13 usecs
[    5.818870] calling  ipv4_offload_init+0x0/0x73 @ 1
[    5.825112] initcall ipv4_offload_init+0x0/0x73 returned 0 after 78 usecs
[    5.833592] calling  inet_init+0x0/0x276 @ 1
[    5.839196] NET: Registered protocol family 2
[    5.845572] IP idents hash table entries: 8192 (order: 4, 65536 bytes, linear)
[    5.856759] tcp_listen_portaddr_hash hash table entries: 256 (order: 0, 4096 bytes, linear)
[    5.866419] TCP established hash table entries: 4096 (order: 3, 32768 bytes, linear)
[    5.875742] TCP bind hash table entries: 4096 (order: 4, 65536 bytes, linear)
[    5.889237] TCP: Hash tables configured (established 4096 bind 4096)
[    5.897535] UDP hash table entries: 256 (order: 1, 8192 bytes, linear)
[    5.906658] UDP-Lite hash table entries: 256 (order: 1, 8192 bytes, linear)
[    5.917013] initcall inet_init+0x0/0x276 returned 0 after 76179 usecs
[    5.926449] calling  af_unix_init+0x0/0x4d @ 1
[    5.932715] NET: Registered protocol family 1
[    5.937960] initcall af_unix_init+0x0/0x4d returned 0 after 5124 usecs
[    5.945556] calling  ipv6_offload_init+0x0/0x7e @ 1
[    5.951340] initcall ipv6_offload_init+0x0/0x7e returned 0 after 119 usecs
[    5.959485] calling  init_sunrpc+0x0/0x65 @ 1
[    5.968724] RPC: Registered named UNIX socket transport module.
[    5.977443] RPC: Registered udp transport module.
[    5.984559] RPC: Registered tcp transport module.
[    5.991562] RPC: Registered tcp NFSv4.1 backchannel transport module.
[    6.001034] initcall init_sunrpc+0x0/0x65 returned 0 after 35557 usecs
[    6.009921] calling  cfg80211_init+0x0/0xc5 @ 1
[    6.019818] initcall cfg80211_init+0x0/0xc5 returned 0 after 2739 usecs
[    6.020523] calling  pcibios_assign_resources+0x0/0xbf @ 1
[    6.020523] pci_bus 0000:00: resource 4 [io  0x0000-0x0cf7 window]
[    6.020523] pci_bus 0000:00: resource 5 [io  0x0d00-0xffff window]
[    6.020523] pci_bus 0000:00: resource 6 [mem 0x000a0000-0x000bffff window]
[    6.020523] pci_bus 0000:00: resource 7 [mem 0x20000000-0xafffffff window]
[    6.020523] pci_bus 0000:00: resource 8 [mem 0xc0000000-0xfebfffff window]
[    6.020523] pci_bus 0000:00: resource 9 [mem 0x100000000-0x8ffffffff window]
[    6.020523] initcall pcibios_assign_resources+0x0/0xbf returned 0 after 46027 usecs
[    6.020523] calling  pci_apply_final_quirks+0x0/0x124 @ 1
[    6.020523] pci 0000:00:01.0: calling  pci_fixup_video+0x0/0xe0 @ 1
[    6.020523] pci 0000:00:01.0: Video device with shadowed ROM at [mem 0x000c0000-0x000dffff]
[    6.020523] pci 0000:00:01.0: pci_fixup_video+0x0/0xe0 took 10383 usecs
[    6.020523] PCI: CLS 0 bytes, default 64
[    6.020523] initcall pci_apply_final_quirks+0x0/0x124 returned 0 after 32788 usecs
[    6.020523] calling  acpi_reserve_resources+0x0/0xea @ 1
[    6.020523] initcall acpi_reserve_resources+0x0/0xea returned 0 after 32 usecs
[    6.020523] calling  populate_rootfs+0x0/0x102 @ 1
[    6.164416] initcall populate_rootfs+0x0/0x102 returned 0 after 1300 usecs
[    6.164416] calling  pci_iommu_init+0x0/0x3e @ 1
[    6.164416] initcall pci_iommu_init+0x0/0x3e returned 0 after 617 usecs
[    6.164416] calling  ia32_binfmt_init+0x0/0x13 @ 1
[    6.164416] initcall ia32_binfmt_init+0x0/0x13 returned 0 after 29 usecs
[    6.164416] calling  rapl_pmu_init+0x0/0x267 @ 1
[    6.164416] initcall rapl_pmu_init+0x0/0x267 returned -19 after 55 usecs
[    6.164416] calling  amd_uncore_init+0x0/0x310 @ 1
[    6.164416] initcall amd_uncore_init+0x0/0x310 returned -19 after 0 usecs
[    6.164416] calling  amd_ibs_init+0x0/0x243 @ 1
[    6.164416] initcall amd_ibs_init+0x0/0x243 returned -19 after 0 usecs
[    6.164416] calling  amd_iommu_pc_init+0x0/0x215 @ 1
[    6.164416] initcall amd_iommu_pc_init+0x0/0x215 returned -19 after 83 usecs
[    6.164416] calling  msr_init+0x0/0x55 @ 1
[    6.164416] initcall msr_init+0x0/0x55 returned 0 after 129 usecs
[    6.164416] calling  intel_uncore_init+0x0/0x36f @ 1
[    6.276769] initcall intel_uncore_init+0x0/0x36f returned -19 after 48 usecs
[    6.285075] calling  cstate_pmu_init+0x0/0x1a1 @ 1
[    6.290933] initcall cstate_pmu_init+0x0/0x1a1 returned -19 after 0 usecs
[    6.298954] calling  register_kernel_offset_dumper+0x0/0x1a @ 1
[    6.305934] initcall register_kernel_offset_dumper+0x0/0x1a returned 0 after 1 usecs
[    6.315058] calling  i8259A_init_ops+0x0/0x20 @ 1
[    6.320666] initcall i8259A_init_ops+0x0/0x20 returned 0 after 1 usecs
[    6.328489] calling  init_tsc_clocksource+0x0/0xa4 @ 1
[    6.334687] clocksource: tsc: mask: 0xffffffffffffffff max_cycles: 0x39a85afc727, max_idle_ns: 881590685098 ns
[    6.346543] initcall init_tsc_clocksource+0x0/0xa4 returned 0 after 11578 usecs
[    6.355142] calling  add_rtc_cmos+0x0/0xb0 @ 1
[    6.360357] initcall add_rtc_cmos+0x0/0xb0 returned 0 after 18 usecs
[    6.367826] calling  i8237A_init_ops+0x0/0x3a @ 1
[    6.373431] initcall i8237A_init_ops+0x0/0x3a returned 0 after 50 usecs
[    6.380940] calling  umwait_init+0x0/0x94 @ 1
[    6.386047] initcall umwait_init+0x0/0x94 returned -19 after 22 usecs
[    6.393381] calling  thermal_throttle_init_device+0x0/0x3d @ 1
[    6.400179] initcall thermal_throttle_init_device+0x0/0x3d returned 0 after 34 usecs
[    6.409267] calling  msr_init+0x0/0xd7 @ 1
[    6.429596] initcall msr_init+0x0/0xd7 returned 0 after 15050 usecs
[    6.430345] calling  cpuid_init+0x0/0xd7 @ 1
[    6.458616] initcall cpuid_init+0x0/0xd7 returned 0 after 16078 usecs
[    6.466365] calling  ioapic_init_ops+0x0/0x13 @ 1
[    6.467180] initcall ioapic_init_ops+0x0/0x13 returned 0 after 14 usecs
[    6.467180] calling  add_pcspkr+0x0/0x6c @ 1
[    6.467180] initcall add_pcspkr+0x0/0x6c returned 0 after 72 usecs
[    6.467180] calling  start_periodic_check_for_corruption+0x0/0x30 @ 1
[    6.467180] check: Scanning for low memory corruption every 60 seconds
[    6.467180] initcall start_periodic_check_for_corruption+0x0/0x30 returned 0 after 9619 usecs
[    6.527083] calling  sysfb_init+0x0/0x9c @ 1
[    6.533631] initcall sysfb_init+0x0/0x9c returned 0 after 321 usecs
[    6.542565] calling  audit_classes_init+0x0/0xae @ 1
[    6.548363] initcall audit_classes_init+0x0/0xae returned 0 after 37 usecs
[    6.556366] calling  iosf_mbi_init+0x0/0x24 @ 1
[    6.561740] initcall iosf_mbi_init+0x0/0x24 returned 0 after 78 usecs
[    6.569193] calling  proc_execdomains_init+0x0/0x21 @ 1
[    6.575374] initcall proc_execdomains_init+0x0/0x21 returned 0 after 78 usecs
[    6.583643] calling  register_warn_debugfs+0x0/0x23 @ 1
[    6.589724] initcall register_warn_debugfs+0x0/0x23 returned 0 after 11 usecs
[    6.597959] calling  cpuhp_sysfs_init+0x0/0x79 @ 1
[    6.603629] initcall cpuhp_sysfs_init+0x0/0x79 returned 0 after 56 usecs
[    6.611495] calling  ioresources_init+0x0/0x49 @ 1
[    6.617149] initcall ioresources_init+0x0/0x49 returned 0 after 7 usecs
[    6.624907] calling  snapshot_device_init+0x0/0xc @ 1
[    6.632087] initcall snapshot_device_init+0x0/0xc returned 0 after 1035 usecs
[    6.643033] calling  irq_pm_init_ops+0x0/0x13 @ 1
[    6.643716] initcall irq_pm_init_ops+0x0/0x13 returned 0 after 13 usecs
[    6.643716] calling  rcu_torture_init+0x0/0x9a6 @ 1
[    6.643716] rcu-torture:--- Start of test: nreaders=7 nfakewriters=4 stat_interval=15 verbose=1 test_no_idle_hz=1 shuffle_interval=3 stutter=5 irqreader=1 fqs_duration=0 fqs_holdoff=0 fqs_stutter=3 test_boost=1/0 test_boost_interval=7 test_boost_duration=4 shutdown_secs=1800 stall_cpu=0 stall_cpu_holdoff=10 stall_cpu_irqsoff=0 stall_cpu_block=0 n_barrier_cbs=4 onoff_interval=1000 onoff_holdoff=30 read_exit_delay=13 read_exit_burst=16
[    6.643716] rcu:  Start-test grace-period state: g-1112 f0x0
[    6.643716] rcu-torture: Creating rcu_torture_writer task
[    6.721165] rcu-torture: Creating rcu_torture_fakewriter task
[    6.721233] rcu-torture: rcu_torture_writer task started
[    6.736481] rcu-torture: GP expediting controlled from boot/sysfs for rcu.
[    6.746041] rcu_torture_writer: Testing conditional GPs.
[    6.752558] rcu_torture_writer: Testing expedited GPs.
[    6.758921] rcu_torture_writer: Testing asynchronous GPs.
[    6.771177] rcu_torture_writer: Testing normal GPs.
[    6.781642] rcu-torture: rcu_torture_fakewriter task started
[    6.781692] rcu-torture: Creating rcu_torture_fakewriter task
[    6.796606] rcu-torture: Creating rcu_torture_fakewriter task
[    6.796654] rcu-torture: rcu_torture_fakewriter task started
[    6.811811] rcu-torture: Creating rcu_torture_fakewriter task
[    6.811846] rcu-torture: rcu_torture_fakewriter task started
[    6.829273] rcu-torture: Creating rcu_torture_reader task
[    6.829490] rcu-torture: rcu_torture_fakewriter task started
[    6.847860] rcu-torture: Creating rcu_torture_reader task
[    6.847919] rcu-torture: rcu_torture_reader task started
[    6.867958] rcu-torture: Creating rcu_torture_reader task
[    6.867977] rcu-torture: rcu_torture_reader task started
[    6.885945] rcu-torture: Creating rcu_torture_reader task
[    6.885964] rcu-torture: rcu_torture_reader task started
[    6.912934] rcu-torture: Creating rcu_torture_reader task
[    6.912988] rcu-torture: rcu_torture_reader task started
[    6.940946] rcu-torture: Creating rcu_torture_reader task
[    6.940967] rcu-torture: rcu_torture_reader task started
[    6.976097] rcu-torture: Creating rcu_torture_reader task
[    6.976114] rcu-torture: rcu_torture_reader task started
[    7.015140] rcu-torture: Creating rcu_torture_stats task
[    7.015163] rcu-torture: rcu_torture_reader task started
[    7.065025] rcu-torture: Creating torture_shuffle task
[    7.065068] rcu-torture: rcu_torture_stats task started
[    7.098763] rcu-torture: Creating torture_stutter task
[    7.098812] rcu-torture: torture_shuffle task started
[    7.150045] rcu-torture: Creating torture_shutdown task
[    7.150069] rcu-torture: torture_stutter task started
[    7.166197] rcu-torture: Creating torture_onoff task
[    7.166245] rcu-torture: torture_shutdown task started
[    7.179145] rcu-torture:torture_shutdown task: 1799970 ms remaining
[    7.189536] rcu-torture: torture_onoff task started
[    7.189647] rcu-torture: Creating rcu_torture_fwd_prog task
[    7.197453] rcu-torture: torture_onoff begin holdoff
[    7.211877] rcu-torture: Creating rcu_torture_barrier_cbs task
[    7.212152] rcu-torture: rcu_torture_fwd_progress task started
[    7.229219] rcu-torture: Creating rcu_torture_barrier_cbs task
[    7.229250] rcu-torture: rcu_torture_barrier_cbs task started
[    7.245892] rcu-torture: Creating rcu_torture_barrier_cbs task
[    7.246133] rcu-torture: rcu_torture_barrier_cbs task started
[    7.262139] rcu-torture: Creating rcu_torture_barrier_cbs task
[    7.262165] rcu-torture: rcu_torture_barrier_cbs task started
[    7.280741] rcu-torture: rcu_torture_barrier_cbs task started
[    7.280821] rcu-torture: Creating rcu_torture_barrier task
[    7.297717] rcu-torture: Creating rcu_torture_read_exit task
[    7.297767] rcu-torture: rcu_torture_barrier task starting
[    7.327575] rcu-torture: rcu_torture_read_exit: Start of test
[    7.328386] initcall rcu_torture_init+0x0/0x9a6 returned 0 after 649816 usecs
[    7.347602] calling  timekeeping_init_ops+0x0/0x13 @ 1
[    7.354995] initcall timekeeping_init_ops+0x0/0x13 returned 0 after 60 usecs
[    7.364675] calling  init_clocksource_sysfs+0x0/0x23 @ 1
[    7.374930] initcall init_clocksource_sysfs+0x0/0x23 returned 0 after 2733 usecs
[    7.386151] calling  init_timer_list_procfs+0x0/0x31 @ 1
[    7.398040] initcall init_timer_list_procfs+0x0/0x31 returned 0 after 256 usecs
[    7.408163] calling  alarmtimer_init+0x0/0xc7 @ 1
[    7.415039] initcall alarmtimer_init+0x0/0xc7 returned 0 after 548 usecs
[    7.423574] calling  init_posix_timers+0x0/0x29 @ 1
[    7.429613] initcall init_posix_timers+0x0/0x29 returned 0 after 52 usecs
[    7.437912] calling  clockevents_init_sysfs+0x0/0xbf @ 1
[    7.445189] initcall clockevents_init_sysfs+0x0/0xbf returned 0 after 281 usecs
[    7.454744] calling  proc_dma_init+0x0/0x21 @ 1
[    7.461014] initcall proc_dma_init+0x0/0x21 returned 0 after 6 usecs
[    7.469371] calling  proc_modules_init+0x0/0x1e @ 1
[    7.475973] initcall proc_modules_init+0x0/0x1e returned 0 after 80 usecs
[    7.485159] calling  kallsyms_init+0x0/0x21 @ 1
[    7.491164] initcall kallsyms_init+0x0/0x21 returned 0 after 24 usecs
[    7.499802] calling  pid_namespaces_init+0x0/0x2c @ 1
[    7.507261] initcall pid_namespaces_init+0x0/0x2c returned 0 after 532 usecs
[    7.516914] calling  audit_watch_init+0x0/0x37 @ 1
[    7.523384] initcall audit_watch_init+0x0/0x37 returned 0 after 49 usecs
[    7.532638] calling  audit_fsnotify_init+0x0/0x37 @ 1
[    7.539948] initcall audit_fsnotify_init+0x0/0x37 returned 0 after 3 usecs
[    7.550717] calling  audit_tree_init+0x0/0x6d @ 1
[    7.558341] initcall audit_tree_init+0x0/0x6d returned 0 after 15 usecs
[    7.568397] calling  seccomp_sysctl_init+0x0/0x2b @ 1
[    7.574878] initcall seccomp_sysctl_init+0x0/0x2b returned 0 after 97 usecs
[    7.583533] calling  utsname_sysctl_init+0x0/0x13 @ 1
[    7.590087] initcall utsname_sysctl_init+0x0/0x13 returned 0 after 94 usecs
[    7.599040] calling  init_tracepoints+0x0/0x27 @ 1
[    7.605228] initcall init_tracepoints+0x0/0x27 returned 0 after 50 usecs
[    7.613898] calling  init_blk_tracer+0x0/0x50 @ 1
[    7.621182] initcall init_blk_tracer+0x0/0x50 returned 0 after 1179 usecs
[    7.629721] calling  perf_event_sysfs_init+0x0/0x81 @ 1
[    7.637257] initcall perf_event_sysfs_init+0x0/0x81 returned 0 after 287 usecs
[    7.647200] calling  system_trusted_keyring_init+0x0/0x60 @ 1
[    7.654895] Initialise system trusted keyrings
[    7.660966] initcall system_trusted_keyring_init+0x0/0x60 returned 0 after 5922 usecs
[    7.671061] calling  kswapd_init+0x0/0x5c @ 1
[    7.679802] initcall kswapd_init+0x0/0x5c returned 0 after 2534 usecs
[    7.687985] calling  extfrag_debug_init+0x0/0x54 @ 1
[    7.688794] initcall extfrag_debug_init+0x0/0x54 returned 0 after 260 usecs
[    7.688794] calling  mm_compute_batch_init+0x0/0x12 @ 1
[    7.688794] initcall mm_compute_batch_init+0x0/0x12 returned 0 after 1 usecs
[    7.688794] calling  slab_proc_init+0x0/0x21 @ 1
[    7.688794] initcall slab_proc_init+0x0/0x21 returned 0 after 95 usecs
[    7.688794] calling  workingset_init+0x0/0x8c @ 1
[    7.688794] workingset: timestamp_bits=56 max_order=17 bucket_order=0
[    7.688794] initcall workingset_init+0x0/0x8c returned 0 after 8270 usecs
[    7.688794] calling  proc_vmalloc_init+0x0/0x32 @ 1
[    7.688794] initcall proc_vmalloc_init+0x0/0x32 returned 0 after 7 usecs
[    7.688794] calling  procswaps_init+0x0/0x1e @ 1
[    7.688794] initcall procswaps_init+0x0/0x1e returned 0 after 109 usecs
[    7.787693] calling  slab_sysfs_init+0x0/0xea @ 1
[    7.809727] initcall slab_sysfs_init+0x0/0xea returned 0 after 15330 usecs
[    7.818250] calling  fcntl_init+0x0/0x29 @ 1
[    7.824289] initcall fcntl_init+0x0/0x29 returned 0 after 15 usecs
[    7.832804] calling  proc_filesystems_init+0x0/0x21 @ 1
[    7.840162] initcall proc_filesystems_init+0x0/0x21 returned 0 after 6 usecs
[    7.850172] calling  start_dirtytime_writeback+0x0/0x29 @ 1
[    7.858481] initcall start_dirtytime_writeback+0x0/0x29 returned 0 after 108 usecs
[    7.870276] calling  blkdev_init+0x0/0x1b @ 1
[    7.876483] initcall blkdev_init+0x0/0x1b returned 0 after 268 usecs
[    7.885159] calling  dio_init+0x0/0x2c @ 1
[    7.890901] initcall dio_init+0x0/0x2c returned 0 after 80 usecs
[    7.899563] calling  dnotify_init+0x0/0x78 @ 1
[    7.905803] initcall dnotify_init+0x0/0x78 returned 0 after 11 usecs
[    7.915262] calling  aio_setup+0x0/0x78 @ 1
[    7.921822] initcall aio_setup+0x0/0x78 returned 0 after 442 usecs
[    7.930747] calling  io_uring_init+0x0/0x2c @ 1
[    7.937351] initcall io_uring_init+0x0/0x2c returned 0 after 7 usecs
[    7.946191] calling  mbcache_init+0x0/0x30 @ 1
[    7.952782] initcall mbcache_init+0x0/0x30 returned 0 after 72 usecs
[    7.962084] calling  init_grace+0x0/0xc @ 1
[    7.968572] initcall init_grace+0x0/0xc returned 0 after 180 usecs
[    7.977510] calling  init_v2_quota_format+0x0/0x21 @ 1
[    7.985256] initcall init_v2_quota_format+0x0/0x21 returned 0 after 79 usecs
[    7.996426] calling  init_devpts_fs+0x0/0x27 @ 1
[    8.003212] initcall init_devpts_fs+0x0/0x27 returned 0 after 75 usecs
[    8.013458] calling  ext4_init_fs+0x0/0x1d0 @ 1
[    8.021754] initcall ext4_init_fs+0x0/0x1d0 returned 0 after 640 usecs
[    8.034112] calling  journal_init+0x0/0x11c @ 1
[    8.041563] initcall journal_init+0x0/0x11c returned 0 after 260 usecs
[    8.052875] calling  init_fat_fs+0x0/0x49 @ 1
[    8.059632] initcall init_fat_fs+0x0/0x49 returned 0 after 80 usecs
[    8.069376] calling  init_vfat_fs+0x0/0xc @ 1
[    8.076004] initcall init_vfat_fs+0x0/0xc returned 0 after 4 usecs
[    8.085655] calling  init_msdos_fs+0x0/0xc @ 1
[    8.093522] initcall init_msdos_fs+0x0/0xc returned 0 after 62 usecs
[    8.104443] calling  init_iso9660_fs+0x0/0x6c @ 1
[    8.112849] initcall init_iso9660_fs+0x0/0x6c returned 0 after 147 usecs
[    8.123358] calling  init_nfs_fs+0x0/0x13a @ 1
[    8.132519] initcall init_nfs_fs+0x0/0x13a returned 0 after 3509 usecs
[    8.132519] calling  init_nfs_v2+0x0/0x13 @ 1
[    8.132519] initcall init_nfs_v2+0x0/0x13 returned 0 after 232 usecs
[    8.132519] calling  init_nfs_v3+0x0/0x13 @ 1
[    8.132519] initcall init_nfs_v3+0x0/0x13 returned 0 after 1050 usecs
[    8.132519] calling  init_nfs_v4+0x0/0x32 @ 1
[    8.132519] NFS: Registering the id_resolver key type
[    8.132519] Key type id_resolver registered
[    8.132519] Key type id_legacy registered
[    8.132519] initcall init_nfs_v4+0x0/0x32 returned 0 after 30253 usecs
[    8.132519] calling  init_nlm+0x0/0x5b @ 1
[    8.241523] initcall init_nlm+0x0/0x5b returned 0 after 1432 usecs
[    8.241523] calling  init_nls_cp437+0x0/0xe @ 1
[    8.241523] initcall init_nls_cp437+0x0/0xe returned 0 after 58 usecs
[    8.241523] calling  init_nls_ascii+0x0/0xe @ 1
[    8.241523] initcall init_nls_ascii+0x0/0xe returned 0 after 1 usecs
[    8.241523] calling  init_nls_iso8859_1+0x0/0xe @ 1
[    8.241523] initcall init_nls_iso8859_1+0x0/0xe returned 0 after 1 usecs
[    8.241523] calling  init_nls_utf8+0x0/0x21 @ 1
[    8.241523] initcall init_nls_utf8+0x0/0x21 returned 0 after 1 usecs
[    8.241523] calling  init_autofs_fs+0x0/0x25 @ 1
[    8.337869] initcall init_autofs_fs+0x0/0x25 returned 0 after 11082 usecs
[    8.337869] calling  ipc_init+0x0/0x24 @ 1
[    8.337869] initcall ipc_init+0x0/0x24 returned 0 after 319 usecs
[    8.337869] calling  ipc_sysctl_init+0x0/0x13 @ 1
[    8.337869] initcall ipc_sysctl_init+0x0/0x13 returned 0 after 262 usecs
[    8.337869] calling  init_mqueue_fs+0x0/0x9a @ 1
[    8.337869] initcall init_mqueue_fs+0x0/0x9a returned 0 after 3917 usecs
[    8.337869] calling  key_proc_init+0x0/0x63 @ 1
[    8.337869] initcall key_proc_init+0x0/0x63 returned 0 after 78 usecs
[    8.337869] calling  selinux_nf_ip_init+0x0/0x2e @ 1
[    8.337869] initcall selinux_nf_ip_init+0x0/0x2e returned 0 after 363 usecs
[    8.337869] calling  init_sel_fs+0x0/0x116 @ 1
[    8.337869] initcall init_sel_fs+0x0/0x116 returned 0 after 0 usecs
[    8.337869] calling  selnl_init+0x0/0x7c @ 1
[    8.337869] initcall selnl_init+0x0/0x7c returned 0 after 885 usecs
[    8.337869] calling  sel_netif_init+0x0/0x36 @ 1
[    8.337869] initcall sel_netif_init+0x0/0x36 returned 0 after 0 usecs
[    8.337869] calling  sel_netnode_init+0x0/0x33 @ 1
[    8.337869] initcall sel_netnode_init+0x0/0x33 returned 0 after 0 usecs
[    8.337869] calling  sel_netport_init+0x0/0x33 @ 1
[    8.337869] initcall sel_netport_init+0x0/0x33 returned 0 after 0 usecs
[    8.337869] calling  aurule_init+0x0/0x2a @ 1
[    8.337869] initcall aurule_init+0x0/0x2a returned 0 after 1 usecs
[    8.337869] calling  crypto_algapi_init+0x0/0xc @ 1
[    8.337869] initcall crypto_algapi_init+0x0/0xc returned 0 after 64 usecs
[    8.337869] calling  jent_mod_init+0x0/0x2d @ 1
[    8.590701] initcall jent_mod_init+0x0/0x2d returned 0 after 14779 usecs
[    8.591551] cryptomgr_test (131) used greatest stack depth: 15008 bytes left
[    8.602153] calling  asymmetric_key_init+0x0/0xc @ 1
[    8.602758] Key type asymmetric registered
[    8.602758] initcall asymmetric_key_init+0x0/0xc returned 0 after 6266 usecs
[    8.602758] calling  x509_key_init+0x0/0xc @ 1
[    8.650214] Asymmetric key parser 'x509' registered
[    8.658825] initcall x509_key_init+0x0/0xc returned 0 after 8442 usecs
[    8.670181] calling  proc_genhd_init+0x0/0x41 @ 1
[    8.676850] initcall proc_genhd_init+0x0/0x41 returned 0 after 34 usecs
[    8.686826] calling  bsg_init+0x0/0x113 @ 1
[    8.694613] Block layer SCSI generic (bsg) driver version 0.4 loaded (major 251)
[    8.706617] initcall bsg_init+0x0/0x113 returned 0 after 12993 usecs
[    8.716793] calling  deadline_init+0x0/0xc @ 1
[    8.723828] io scheduler mq-deadline registered
[    8.730935] initcall deadline_init+0x0/0xc returned 0 after 7188 usecs
[    8.741124] calling  kyber_init+0x0/0xc @ 1
[    8.748431] io scheduler kyber registered
[    8.755022] initcall kyber_init+0x0/0xc returned 0 after 6433 usecs
[    8.764897] calling  mod_init+0x0/0x7 @ 1
[    8.771578] initcall mod_init+0x0/0x7 returned 0 after 1 usecs
[    8.781532] calling  percpu_counter_startup+0x0/0x55 @ 1
[    8.816867] initcall percpu_counter_startup+0x0/0x55 returned 0 after 26796 usecs
[    8.817410] calling  sg_pool_init+0x0/0xb4 @ 1
[    8.817410] initcall sg_pool_init+0x0/0xb4 returned 0 after 2123 usecs
[    8.817410] calling  pcie_portdrv_init+0x0/0x39 @ 1
[    8.817410] initcall pcie_portdrv_init+0x0/0x39 returned 0 after 1177 usecs
[    8.817410] calling  pci_proc_init+0x0/0x68 @ 1
[    8.817410] initcall pci_proc_init+0x0/0x68 returned 0 after 112 usecs
[    8.817410] calling  pci_hotplug_init+0x0/0x7 @ 1
[    8.817410] initcall pci_hotplug_init+0x0/0x7 returned 0 after 1 usecs
[    8.817410] calling  efifb_driver_init+0x0/0xe @ 1
[    8.817410] initcall efifb_driver_init+0x0/0xe returned 0 after 1434 usecs
[    8.817410] calling  ged_driver_init+0x0/0xe @ 1
[    8.817410] initcall ged_driver_init+0x0/0xe returned 0 after 1441 usecs
[    8.817410] calling  acpi_ac_init+0x0/0x92 @ 1
[    8.817410] initcall acpi_ac_init+0x0/0x92 returned 0 after 2797 usecs
[    8.817410] calling  acpi_button_driver_init+0x0/0x52 @ 1
[    8.817410] input: Power Button as /devices/LNXSYSTM:00/LNXPWRBN:00/input/input0
[    9.021233] ACPI: Power Button [PWRF]
[    9.031894] initcall acpi_button_driver_init+0x0/0x52 returned 0 after 32953 usecs
[    9.042741] calling  acpi_fan_driver_init+0x0/0xe @ 1
[    9.052935] initcall acpi_fan_driver_init+0x0/0xe returned 0 after 19 usecs
[    9.064730] calling  acpi_video_init+0x0/0xcb @ 1
[    9.080072] initcall acpi_video_init+0x0/0xcb returned 0 after 2624 usecs
[    9.091940] calling  acpi_processor_driver_init+0x0/0xad @ 1
[    9.114392] initcall acpi_processor_driver_init+0x0/0xad returned 0 after 12741 usecs
[    9.126968] calling  acpi_thermal_init+0x0/0x71 @ 1
[    9.147781] initcall acpi_thermal_init+0x0/0x71 returned 0 after 6917 usecs
[    9.147781] calling  acpi_battery_init+0x0/0x32 @ 1
[    9.177922] initcall acpi_battery_init+0x0/0x32 returned 0 after 445 usecs
[    9.177922] calling  bgrt_init+0x0/0xb6 @ 1
[    9.177922] initcall bgrt_init+0x0/0xb6 returned -19 after 29 usecs
[    9.177922] calling  gpio_clk_driver_init+0x0/0xe @ 1
[    9.177922] initcall gpio_clk_driver_init+0x0/0xe returned 0 after 240 usecs
[    9.177922] calling  plt_clk_driver_init+0x0/0xe @ 1
[    9.177922] initcall plt_clk_driver_init+0x0/0xe returned 0 after 293 usecs
[    9.177922] calling  virtio_pci_driver_init+0x0/0x15 @ 1
[    9.177922] initcall virtio_pci_driver_init+0x0/0x15 returned 0 after 1154 usecs
[    9.177922] calling  n_null_init+0x0/0x1e @ 1
[    9.177922] initcall n_null_init+0x0/0x1e returned 0 after 354 usecs
[    9.177922] calling  pty_init+0x0/0x1e8 @ 1
[    9.301305] initcall pty_init+0x0/0x1e8 returned 0 after 4736 usecs
[    9.309791] calling  sysrq_init+0x0/0x62 @ 1
[    9.316033] initcall sysrq_init+0x0/0x62 returned 0 after 103 usecs
[    9.324990] calling  serial8250_init+0x0/0x17e @ 1
[    9.333687] Serial: 8250/16550 driver, 4 ports, IRQ sharing enabled
[    9.349398] 00:03: ttyS0 at I/O 0x3f8 (irq = 4, base_baud = 115200) is a 16550A
[    9.379970] initcall serial8250_init+0x0/0x17e returned 0 after 45193 usecs
[    9.380418] calling  serial_pci_driver_init+0x0/0x15 @ 1
[    9.380418] initcall serial_pci_driver_init+0x0/0x15 returned 0 after 1627 usecs
[    9.380418] calling  exar_pci_driver_init+0x0/0x15 @ 1
[    9.380418] initcall exar_pci_driver_init+0x0/0x15 returned 0 after 23 usecs
[    9.380418] calling  lpss8250_pci_driver_init+0x0/0x15 @ 1
[    9.380418] initcall lpss8250_pci_driver_init+0x0/0x15 returned 0 after 594 usecs
[    9.380418] calling  mid8250_pci_driver_init+0x0/0x15 @ 1
[    9.380418] initcall mid8250_pci_driver_init+0x0/0x15 returned 0 after 21 usecs
[    9.380418] calling  virtio_console_init+0x0/0xff @ 1
[    9.380418] initcall virtio_console_init+0x0/0xff returned 0 after 3739 usecs
[    9.380418] calling  hpet_init+0x0/0x64 @ 1
[    9.519654] initcall hpet_init+0x0/0x64 returned 0 after 9012 usecs
[    9.519654] calling  nvram_module_init+0x0/0x83 @ 1
[    9.546766] Non-volatile memory driver v1.3
[    9.546790] initcall nvram_module_init+0x0/0x83 returned 0 after 12077 usecs
[    9.546790] calling  hwrng_modinit+0x0/0x8a @ 1
[    9.576440] initcall hwrng_modinit+0x0/0x8a returned 0 after 5157 usecs
[    9.587977] calling  mod_init+0x0/0x48 @ 1
[    9.588243] initcall mod_init+0x0/0x48 returned -19 after 0 usecs
[    9.588243] calling  agp_init+0x0/0x23 @ 1
[    9.588243] Linux agpgart interface v0.103
[    9.588243] initcall agp_init+0x0/0x23 returned 0 after 5343 usecs
[    9.588243] calling  agp_amd64_mod_init+0x0/0x5 @ 1
[    9.588243] initcall agp_amd64_mod_init+0x0/0x5 returned -19 after 421 usecs
[    9.588243] calling  agp_intel_init+0x0/0x28 @ 1
[    9.588243] initcall agp_intel_init+0x0/0x28 returned 0 after 1992 usecs
[    9.588243] calling  drm_kms_helper_init+0x0/0x7 @ 1
[    9.588243] initcall drm_kms_helper_init+0x0/0x7 returned 0 after 289 usecs
[    9.588243] calling  drm_core_init+0x0/0xa4 @ 1
[    9.588243] initcall drm_core_init+0x0/0xa4 returned 0 after 1566 usecs
[    9.588243] calling  i915_init+0x0/0x6b @ 1
[    9.588243] initcall i915_init+0x0/0x6b returned 0 after 4843 usecs
[    9.588243] calling  cn_proc_init+0x0/0x35 @ 1
[    9.588243] initcall cn_proc_init+0x0/0x35 returned 0 after 2 usecs
[    9.588243] calling  topology_sysfs_init+0x0/0x27 @ 1
[    9.588243] initcall topology_sysfs_init+0x0/0x27 returned 0 after 717 usecs
[    9.588243] calling  cacheinfo_sysfs_init+0x0/0x27 @ 1
[    9.858022] initcall cacheinfo_sysfs_init+0x0/0x27 returned 0 after 44791 usecs
[    9.872567] calling  loop_init+0x0/0x168 @ 1
[   10.063352] loop: module loaded
[   10.063352] initcall loop_init+0x0/0x168 returned 0 after 187256 usecs
[   10.063352] calling  mac_hid_init+0x0/0x21 @ 1
[   10.063352] initcall mac_hid_init+0x0/0x21 returned 0 after 11 usecs
[   10.063352] calling  spi_transport_init+0x0/0x74 @ 1
[   10.063352] initcall spi_transport_init+0x0/0x74 returned 0 after 328 usecs
[   10.063352] calling  init_sd+0x0/0x18c @ 1
[   10.063352] initcall init_sd+0x0/0x18c returned 0 after 229 usecs
[   10.117885] calling  init_sr+0x0/0x43 @ 1
[   10.117885] initcall init_sr+0x0/0x43 returned 0 after 21 usecs
[   10.117885] calling  init_sg+0x0/0x1c0 @ 1
[   10.117885] initcall init_sg+0x0/0x1c0 returned 0 after 1850 usecs
[   10.117885] calling  ahci_pci_driver_init+0x0/0x15 @ 1
[   10.117885] ahci 0000:00:1f.2: version 3.0
[   10.117885] PCI Interrupt Link [GSIA] enabled at IRQ 16
[   10.117885] ahci 0000:00:1f.2: AHCI 0001.0000 32 slots 6 ports 1.5 Gbps 0x3f impl SATA mode
[   10.117885] ahci 0000:00:1f.2: flags: 64bit ncq only 
[   10.853451] scsi host0: ahci
[   10.931626] scsi host1: ahci
[   10.998110] scsi host2: ahci
[   11.015136] scsi host3: ahci
[   11.083999] scsi host4: ahci
[   11.108167] scsi host5: ahci
[   11.157439] ata1: SATA max UDMA/133 abar m4096@0xfebf1000 port 0xfebf1100 irq 24
[   11.157439] ata2: SATA max UDMA/133 abar m4096@0xfebf1000 port 0xfebf1180 irq 24
[   11.157439] ata3: SATA max UDMA/133 abar m4096@0xfebf1000 port 0xfebf1200 irq 24
[   11.157439] ata4: SATA max UDMA/133 abar m4096@0xfebf1000 port 0xfebf1280 irq 24
[   11.157439] ata5: SATA max UDMA/133 abar m4096@0xfebf1000 port 0xfebf1300 irq 24
[   11.157439] ata6: SATA max UDMA/133 abar m4096@0xfebf1000 port 0xfebf1380 irq 24
[   11.214385] initcall ahci_pci_driver_init+0x0/0x15 returned 0 after 1039703 usecs
[   11.214385] calling  piix_init+0x0/0x26 @ 1
[   11.214385] initcall piix_init+0x0/0x26 returned 0 after 1724 usecs
[   11.214385] calling  amd_pci_driver_init+0x0/0x15 @ 1
[   11.214385] initcall amd_pci_driver_init+0x0/0x15 returned 0 after 26 usecs
[   11.214385] calling  oldpiix_pci_driver_init+0x0/0x15 @ 1
[   11.214385] initcall oldpiix_pci_driver_init+0x0/0x15 returned 0 after 106 usecs
[   11.214385] calling  sch_pci_driver_init+0x0/0x15 @ 1
[   11.214385] initcall sch_pci_driver_init+0x0/0x15 returned 0 after 239 usecs
[   11.214385] calling  net_olddevs_init+0x0/0x55 @ 1
[   11.214385] initcall net_olddevs_init+0x0/0x55 returned 0 after 383 usecs
[   11.214385] calling  blackhole_netdev_init+0x0/0x78 @ 1
[   11.214385] initcall blackhole_netdev_init+0x0/0x78 returned 0 after 928 usecs
[   11.214385] calling  phy_module_init+0x0/0x13 @ 1
[   11.214385] initcall phy_module_init+0x0/0x13 returned 0 after 576 usecs
[   11.214385] calling  tg3_driver_init+0x0/0x15 @ 1
[   11.214385] initcall tg3_driver_init+0x0/0x15 returned 0 after 180 usecs
[   11.214385] calling  e100_init_module+0x0/0x4c @ 1
[   11.214385] e100: Intel(R) PRO/100 Network Driver
[   11.214385] e100: Copyright(c) 1999-2006 Intel Corporation
[   11.214385] initcall e100_init_module+0x0/0x4c returned 0 after 13076 usecs
[   11.214385] calling  e1000_init_module+0x0/0x72 @ 1
[   11.214385] e1000: Intel(R) PRO/1000 Network Driver
[   11.214385] e1000: Copyright (c) 1999-2006 Intel Corporation.
[   11.413430] initcall e1000_init_module+0x0/0x72 returned 0 after 14744 usecs
[   11.422677] calling  e1000_init_module+0x0/0x2d @ 1
[   11.429227] e1000e: Intel(R) PRO/1000 Network Driver
[   11.435820] e1000e: Copyright(c) 1999 - 2015 Intel Corporation.
[   11.443921] initcall e1000_init_module+0x0/0x2d returned 0 after 14343 usecs
[   11.453477] calling  sky2_init_module+0x0/0x21 @ 1
[   11.460120] sky2: driver version 1.30
[   11.465709] initcall sky2_init_module+0x0/0x21 returned 0 after 5454 usecs
[   11.475473] calling  forcedeth_pci_driver_init+0x0/0x15 @ 1
[   11.485865] initcall forcedeth_pci_driver_init+0x0/0x15 returned 0 after 25 usecs
[   11.499986] calling  rtl8139_init_module+0x0/0x15 @ 1
[   11.510171] initcall rtl8139_init_module+0x0/0x15 returned 0 after 147 usecs
[   11.523090] calling  rtl8169_pci_driver_init+0x0/0x15 @ 1
[   11.531475] initcall rtl8169_pci_driver_init+0x0/0x15 returned 0 after 239 usecs
[   11.541249] calling  cdrom_init+0x0/0xc @ 1
[   11.547812] initcall cdrom_init+0x0/0xc returned 0 after 965 usecs
[   11.556829] calling  nonstatic_sysfs_init+0x0/0xc @ 1
[   11.564083] initcall nonstatic_sysfs_init+0x0/0xc returned 0 after 123 usecs
[   11.574901] calling  yenta_cardbus_driver_init+0x0/0x15 @ 1
[   11.584172] initcall yenta_cardbus_driver_init+0x0/0x15 returned 0 after 371 usecs
[   11.588286] ata1: SATA link down (SStatus 0 SControl 300)
[   11.595160] calling  mon_init+0x0/0x12d @ 1
[   11.610822] initcall mon_init+0x0/0x12d returned 0 after 15287 usecs
[   11.612141] ata3: SATA link up 1.5 Gbps (SStatus 113 SControl 300)
[   11.620478] calling  ehci_hcd_init+0x0/0x56 @ 1
[   11.620636] ehci_hcd: USB 2.0 'Enhanced' Host Controller (EHCI) Driver
[   11.632445] ata6: SATA link down (SStatus 0 SControl 300)
[   11.637033] initcall ehci_hcd_init+0x0/0x56 returned 0 after 16159 usecs
[   11.649197] ata4: SATA link down (SStatus 0 SControl 300)
[   11.637816] calling  ehci_pci_init+0x0/0x64 @ 1
[   11.637816] ehci-pci: EHCI PCI platform driver
[   11.637816] initcall ehci_pci_init+0x0/0x64 returned 0 after 201 usecs
[   11.666225] ata2: SATA link down (SStatus 0 SControl 300)
[   11.637816] calling  ohci_hcd_mod_init+0x0/0x4e @ 1
[   11.637816] ohci_hcd: USB 1.1 'Open' Host Controller (OHCI) Driver
[   11.637816] initcall ohci_hcd_mod_init+0x0/0x4e returned 0 after 53 usecs
[   11.637816] calling  ohci_pci_init+0x0/0x64 @ 1
[   11.637816] ohci-pci: OHCI PCI platform driver
[   11.637816] initcall ohci_pci_init+0x0/0x64 returned 0 after 70 usecs
[   11.680067] ata5: SATA link down (SStatus 0 SControl 300)
[   11.637816] calling  uhci_hcd_init+0x0/0xa8 @ 1
[   11.637816] uhci_hcd: USB Universal Host Controller Interface driver
[   11.637816] initcall uhci_hcd_init+0x0/0xa8 returned 0 after 618 usecs
[   11.695146] ata3.00: ATAPI: QEMU DVD-ROM, 2.5+, max UDMA/100
[   11.637816] calling  xhci_hcd_init+0x0/0x1e @ 1
[   11.637816] initcall xhci_hcd_init+0x0/0x1e returned 0 after 31 usecs
[   11.637816] calling  xhci_pci_init+0x0/0x49 @ 1
[   11.637816] initcall xhci_pci_init+0x0/0x49 returned 0 after 222 usecs
[   11.708211] ata3.00: applying bridge limits
[   11.637816] calling  usblp_driver_init+0x0/0x15 @ 1
[   11.637816] usbcore: registered new interface driver usblp
[   11.728509] ata3.00: configured for UDMA/100
[   11.637816] initcall usblp_driver_init+0x0/0x15 returned 0 after 15990 usecs
[   11.637816] calling  usb_storage_driver_init+0x0/0x2a @ 1
[   11.637816] usbcore: registered new interface driver usb-storage
[   11.750774] scsi 2:0:0:0: CD-ROM            QEMU     QEMU DVD-ROM     2.5+ PQ: 0 ANSI: 5
[   11.637816] initcall usb_storage_driver_init+0x0/0x2a returned 0 after 21907 usecs
[   11.637816] calling  i8042_init+0x0/0x4c2 @ 1
[   11.637816] i8042: PNP: PS/2 Controller [PNP0303:KBD,PNP0f13:MOU] at 0x60,0x64 irq 1,12
[   11.917373] serio: i8042 KBD port at 0x60,0x64 irq 1
[   11.917373] serio: i8042 AUX port at 0x60,0x64 irq 12
[   11.934635] initcall i8042_init+0x0/0x4c2 returned 0 after 175683 usecs
[   11.943987] calling  serport_init+0x0/0x2c @ 1
[   11.950541] initcall serport_init+0x0/0x2c returned 0 after 268 usecs
[   11.959978] calling  input_leds_init+0x0/0xc @ 1
[   11.966649] initcall input_leds_init+0x0/0xc returned 0 after 196 usecs
[   11.976531] calling  evdev_init+0x0/0xc @ 1
[   11.984106] initcall evdev_init+0x0/0xc returned 0 after 1086 usecs
[   11.992987] calling  atkbd_init+0x0/0x21 @ 1
[   12.001649] initcall atkbd_init+0x0/0x21 returned 0 after 62 usecs
[   12.010846] calling  psmouse_init+0x0/0x7f @ 1
[   12.050528] initcall psmouse_init+0x0/0x7f returned 0 after 18631 usecs
[   12.059990] calling  cmos_init+0x0/0x73 @ 1
[   12.083296] rtc_cmos 00:04: RTC can wake from S4
[   12.111719] rtc_cmos 00:04: registered as rtc0
[   12.119056] rtc_cmos 00:04: alarms up to one day, y3k, 242 bytes nvram, hpet irqs
[   12.154699] initcall cmos_init+0x0/0x73 returned 0 after 86546 usecs
[   12.163863] calling  smbalert_driver_init+0x0/0xe @ 1
[   12.177131] initcall smbalert_driver_init+0x0/0xe returned 0 after 86 usecs
[   12.187774] calling  i2c_i801_init+0x0/0xc5 @ 1
[   12.204716] i801_smbus 0000:00:1f.3: SMBus using PCI interrupt
[   12.220428] i2c i2c-0: 1/1 memory slots populated (from DMI)
[   12.233446] i2c i2c-0: Memory type 0x07 not supported yet, not instantiating SPD
[   12.243905] initcall i2c_i801_init+0x0/0xc5 returned 0 after 42462 usecs
[   12.254242] calling  ptp_kvm_init+0x0/0xf0 @ 1
[   12.269345] initcall ptp_kvm_init+0x0/0xf0 returned 0 after 2568 usecs
[   12.284102] calling  dm_init+0x0/0x3c @ 1
[   12.304755] device-mapper: ioctl: 4.43.0-ioctl (2020-10-01) initialised: dm-devel@redhat.com
[   12.326638] initcall dm_init+0x0/0x3c returned 0 after 27310 usecs
[   12.336191] calling  dm_mirror_init+0x0/0x29 @ 1
[   12.342812] initcall dm_mirror_init+0x0/0x29 returned 0 after 2 usecs
[   12.351995] calling  dm_dirty_log_init+0x0/0x4f @ 1
[   12.359743] initcall dm_dirty_log_init+0x0/0x4f returned 0 after 47 usecs
[   12.369967] calling  dm_zero_init+0x0/0x29 @ 1
[   12.376210] initcall dm_zero_init+0x0/0x29 returned 0 after 1 usecs
[   12.385205] calling  intel_pstate_init+0x0/0x50d @ 1
[   12.392013] intel_pstate: CPU model not supported
[   12.398756] initcall intel_pstate_init+0x0/0x50d returned -19 after 6781 usecs
[   12.409147] calling  haltpoll_init+0x0/0xc0 @ 1
[   12.415795] initcall haltpoll_init+0x0/0xc0 returned -19 after 67 usecs
[   12.426226] calling  efivars_sysfs_init+0x0/0x30 @ 1
[   12.433549] initcall efivars_sysfs_init+0x0/0x30 returned 0 after 101 usecs
[   12.443485] calling  esrt_sysfs_init+0x0/0x2a2 @ 1
[   12.450585] initcall esrt_sysfs_init+0x0/0x2a2 returned -38 after 152 usecs
[   12.460631] calling  hid_init+0x0/0x5c @ 1
[   12.484230] hid: raw HID events driver (C) Jiri Kosina
[   12.492343] initcall hid_init+0x0/0x5c returned 0 after 7941 usecs
[   12.542457] calling  hid_generic_init+0x0/0x15 @ 1
[   12.550953] initcall hid_generic_init+0x0/0x15 returned 0 after 76 usecs
[   12.572791] calling  a4_driver_init+0x0/0x15 @ 1
[   12.579268] initcall a4_driver_init+0x0/0x15 returned 0 after 25 usecs
[   12.600706] calling  apple_driver_init+0x0/0x15 @ 1
[   12.607764] initcall apple_driver_init+0x0/0x15 returned 0 after 115 usecs
[   12.633840] calling  belkin_driver_init+0x0/0x15 @ 1
[   12.641649] initcall belkin_driver_init+0x0/0x15 returned 0 after 33 usecs
[   12.651975] calling  ch_driver_init+0x0/0x15 @ 1
[   12.658713] initcall ch_driver_init+0x0/0x15 returned 0 after 30 usecs
[   12.667794] calling  ch_driver_init+0x0/0x15 @ 1
[   12.675104] initcall ch_driver_init+0x0/0x15 returned 0 after 600 usecs
[   12.684363] calling  cp_driver_init+0x0/0x15 @ 1
[   12.691231] initcall cp_driver_init+0x0/0x15 returned 0 after 23 usecs
[   12.700484] calling  ez_driver_init+0x0/0x15 @ 1
[   12.707020] initcall ez_driver_init+0x0/0x15 returned 0 after 24 usecs
[   12.715965] calling  gyration_driver_init+0x0/0x15 @ 1
[   12.723106] initcall gyration_driver_init+0x0/0x15 returned 0 after 49 usecs
[   12.732681] calling  ite_driver_init+0x0/0x15 @ 1
[   12.739129] initcall ite_driver_init+0x0/0x15 returned 0 after 22 usecs
[   12.748152] calling  ks_driver_init+0x0/0x15 @ 1
[   12.754407] initcall ks_driver_init+0x0/0x15 returned 0 after 20 usecs
[   12.763470] calling  lg_driver_init+0x0/0x15 @ 1
[   12.769995] initcall lg_driver_init+0x0/0x15 returned 0 after 22 usecs
[   12.779298] calling  lg_g15_driver_init+0x0/0x15 @ 1
[   12.786601] initcall lg_g15_driver_init+0x0/0x15 returned 0 after 21 usecs
[   12.796099] calling  ms_driver_init+0x0/0x15 @ 1
[   12.802628] initcall ms_driver_init+0x0/0x15 returned 0 after 20 usecs
[   12.811774] calling  mr_driver_init+0x0/0x15 @ 1
[   12.818483] initcall mr_driver_init+0x0/0x15 returned 0 after 251 usecs
[   12.827813] calling  ntrig_driver_init+0x0/0x15 @ 1
[   12.834307] initcall ntrig_driver_init+0x0/0x15 returned 0 after 38 usecs
[   12.843590] calling  pl_driver_init+0x0/0x15 @ 1
[   12.849904] initcall pl_driver_init+0x0/0x15 returned 0 after 22 usecs
[   12.859500] calling  pl_driver_init+0x0/0x15 @ 1
[   12.865959] initcall pl_driver_init+0x0/0x15 returned 0 after 19 usecs
[   12.875376] calling  redragon_driver_init+0x0/0x15 @ 1
[   12.883664] initcall redragon_driver_init+0x0/0x15 returned 0 after 31 usecs
[   12.893911] calling  samsung_driver_init+0x0/0x15 @ 1
[   12.901423] initcall samsung_driver_init+0x0/0x15 returned 0 after 119 usecs
[   12.911777] calling  sony_init+0x0/0x38 @ 1
[   12.918117] initcall sony_init+0x0/0x38 returned 0 after 151 usecs
[   12.926592] calling  sp_driver_init+0x0/0x15 @ 1
[   12.933188] initcall sp_driver_init+0x0/0x15 returned 0 after 25 usecs
[   12.942491] calling  ts_driver_init+0x0/0x15 @ 1
[   12.949272] initcall ts_driver_init+0x0/0x15 returned 0 after 27 usecs
[   12.958787] calling  hid_init+0x0/0x58 @ 1
[   12.964726] usbcore: registered new interface driver usbhid
[   12.972589] usbhid: USB HID core driver
[   12.977842] initcall hid_init+0x0/0x58 returned 0 after 12895 usecs
[   12.986134] calling  eeepc_laptop_init+0x0/0x57 @ 1
[   12.993415] initcall eeepc_laptop_init+0x0/0x57 returned -19 after 605 usecs
[   13.003131] calling  pmc_atom_init+0x0/0x27a @ 1
[   13.009922] initcall pmc_atom_init+0x0/0x27a returned -19 after 6 usecs
[   13.019717] calling  alsa_hwdep_init+0x0/0x5e @ 1
[   13.027074] initcall alsa_hwdep_init+0x0/0x5e returned 0 after 238 usecs
[   13.037447] calling  alsa_timer_init+0x0/0x1f0 @ 1
[   13.083017] initcall alsa_timer_init+0x0/0x1f0 returned 0 after 37353 usecs
[   13.086986] sr 2:0:0:0: [sr0] scsi3-mmc drive: 4x/4x cd/rw xa/form2 tray
[   13.109157] calling  snd_hrtimer_init+0x0/0x117 @ 1
[   13.109162] initcall snd_hrtimer_init+0x0/0x117 returned 0 after 2 usecs
[   13.109164] calling  alsa_pcm_init+0x0/0x64 @ 1
[   13.109171] initcall alsa_pcm_init+0x0/0x64 returned 0 after 5 usecs
[   13.109172] calling  alsa_seq_init+0x0/0x4a @ 1
[   13.213703] cdrom: Uniform CD-ROM driver Revision: 3.20
[   13.235566] initcall alsa_seq_init+0x0/0x4a returned 0 after 123548 usecs
[   13.236034] input: AT Translated Set 2 keyboard as /devices/platform/i8042/serio0/input/input1
[   13.244705] calling  alsa_seq_dummy_init+0x0/0x9c @ 1
[   13.244736] initcall alsa_seq_dummy_init+0x0/0x9c returned 0 after 27 usecs
[   13.244738] calling  azx_driver_init+0x0/0x15 @ 1
[   13.245004] initcall azx_driver_init+0x0/0x15 returned 0 after 258 usecs
[   13.245021] calling  sock_diag_init+0x0/0x2a @ 1
[   13.245749] initcall sock_diag_init+0x0/0x2a returned 0 after 706 usecs
[   13.245751] calling  blackhole_init+0x0/0xc @ 1
[   13.245766] initcall blackhole_init+0x0/0xc returned 0 after 13 usecs
[   13.245768] calling  nfnetlink_init+0x0/0x57 @ 1
[   13.245906] initcall nfnetlink_init+0x0/0x57 returned 0 after 132 usecs
[   13.245908] calling  nfnetlink_log_init+0x0/0x99 @ 1
[   13.245954] initcall nfnetlink_log_init+0x0/0x99 returned 0 after 32 usecs
[   13.245956] calling  nf_conntrack_standalone_init+0x0/0x87 @ 1
[   13.246638] initcall nf_conntrack_standalone_init+0x0/0x87 returned 0 after 663 usecs
[   13.246640] calling  ctnetlink_init+0x0/0x83 @ 1
[   13.246686] initcall ctnetlink_init+0x0/0x83 returned 0 after 42 usecs
[   13.246688] calling  nf_conntrack_ftp_init+0x0/0x12c @ 1
[   13.246706] initcall nf_conntrack_ftp_init+0x0/0x12c returned 0 after 16 usecs
[   13.246707] calling  nf_conntrack_irc_init+0x0/0x129 @ 1
[   13.246722] initcall nf_conntrack_irc_init+0x0/0x129 returned 0 after 13 usecs
[   13.246723] calling  nf_conntrack_sip_init+0x0/0x172 @ 1
[   13.246729] initcall nf_conntrack_sip_init+0x0/0x172 returned 0 after 4 usecs
[   13.246731] calling  nf_nat_init+0x0/0xd2 @ 1
[   13.246821] initcall nf_nat_init+0x0/0xd2 returned 0 after 85 usecs
[   13.246823] calling  nf_nat_ftp_init+0x0/0x2a @ 1
[   13.246825] initcall nf_nat_ftp_init+0x0/0x2a returned 0 after 0 usecs
[   13.246826] calling  nf_nat_irc_init+0x0/0x2a @ 1
[   13.246828] initcall nf_nat_irc_init+0x0/0x2a returned 0 after 0 usecs
[   13.246829] calling  nf_nat_sip_init+0x0/0x36 @ 1
