c[?7l[2J[0mSeaBIOS (version 1.16.0-debian-1.16.0-4)
Booting from ROM...
early console in setup code
c[?7l[2J[    0.000000] Linux version 5.10.153+ (root@joelboxx.c.googlers.com) (gcc (Debian 12.2.0-3) 12.2.0, GNU ld (GNU Binutils for Debian) 2.39) #9 SMP Tue Dec 13 07:20:57 UTC 2022
[    0.000000] Command line: selinux=0 initcall_debug debug console=ttyS0 rcutorture.torture_type=tasks-tracing rcutorture.onoff_interval=1000 rcutorture.onoff_holdoff=30 rcutorture.n_barrier_cbs=4 rcutorture.stat_interval=15 rcutorture.shutdown_secs=1800 rcutorture.test_no_idle_hz=1 rcutorture.verbose=1
[    0.000000] x86/fpu: x87 FPU will use FXSAVE
[    0.000000] BIOS-provided physical RAM map:
[    0.000000] BIOS-e820: [mem 0x0000000000000000-0x000000000009fbff] usable
[    0.000000] BIOS-e820: [mem 0x000000000009fc00-0x000000000009ffff] reserved
[    0.000000] BIOS-e820: [mem 0x00000000000f0000-0x00000000000fffff] reserved
[    0.000000] BIOS-e820: [mem 0x0000000000100000-0x000000001ffdefff] usable
[    0.000000] BIOS-e820: [mem 0x000000001ffdf000-0x000000001fffffff] reserved
[    0.000000] BIOS-e820: [mem 0x00000000b0000000-0x00000000bfffffff] reserved
[    0.000000] BIOS-e820: [mem 0x00000000fed1c000-0x00000000fed1ffff] reserved
[    0.000000] BIOS-e820: [mem 0x00000000feffc000-0x00000000feffffff] reserved
[    0.000000] BIOS-e820: [mem 0x00000000fffc0000-0x00000000ffffffff] reserved
[    0.000000] NX (Execute Disable) protection: active
[    0.000000] SMBIOS 2.8 present.
[    0.000000] DMI: QEMU Standard PC (Q35 + ICH9, 2009), BIOS 1.16.0-debian-1.16.0-4 04/01/2014
[    0.000000] Hypervisor detected: KVM
[    0.000000] kvm-clock: Using msrs 4b564d01 and 4b564d00
[    0.000000] kvm-clock: cpu 0, msr 11523001, primary cpu clock
[    0.000102] kvm-clock: using sched offset of 2452235331 cycles
[    0.000520] clocksource: kvm-clock: mask: 0xffffffffffffffff max_cycles: 0x1cd42e4dffb, max_idle_ns: 881590591483 ns
[    0.001060] tsc: Detected 1999.999 MHz processor
[    0.012846] e820: update [mem 0x00000000-0x00000fff] usable ==> reserved
[    0.012860] e820: remove [mem 0x000a0000-0x000fffff] usable
[    0.012871] last_pfn = 0x1ffdf max_arch_pfn = 0x400000000
[    0.014128] MTRR default type: write-back
[    0.014238] MTRR fixed ranges enabled:
[    0.014241]   00000-9FFFF write-back
[    0.014245]   A0000-BFFFF uncachable
[    0.014248]   C0000-FFFFF write-protect
[    0.014251] MTRR variable ranges enabled:
[    0.014255]   0 base 00C0000000 mask FFC0000000 uncachable
[    0.014257]   1 disabled
[    0.014260]   2 disabled
[    0.014263]   3 disabled
[    0.014265]   4 disabled
[    0.014268]   5 disabled
[    0.014271]   6 disabled
[    0.014273]   7 disabled
[    0.014929] x86/PAT: Configuration [0-7]: WB  WC  UC- UC  WB  WC  UC- UC  
[    0.025598] found SMP MP-table at [mem 0x000f5ba0-0x000f5baf]
[    0.029315] check: Scanning 1 areas for low memory corruption
[    0.048897] ACPI: Early table checksum verification disabled
[    0.052096] ACPI: RSDP 0x00000000000F59E0 000014 (v00 BOCHS )
[    0.052559] ACPI: RSDT 0x000000001FFE23B1 000038 (v01 BOCHS  BXPC     00000001 BXPC 00000001)
[    0.052914] ACPI: FACP 0x000000001FFE2191 0000F4 (v03 BOCHS  BXPC     00000001 BXPC 00000001)
[    0.053082] ACPI: DSDT 0x000000001FFE0040 002151 (v01 BOCHS  BXPC     00000001 BXPC 00000001)
[    0.053167] ACPI: FACS 0x000000001FFE0000 000040
[    0.053174] ACPI: APIC 0x000000001FFE2285 000090 (v01 BOCHS  BXPC     00000001 BXPC 00000001)
[    0.053181] ACPI: HPET 0x000000001FFE2315 000038 (v01 BOCHS  BXPC     00000001 BXPC 00000001)
[    0.053188] ACPI: MCFG 0x000000001FFE234D 00003C (v01 BOCHS  BXPC     00000001 BXPC 00000001)
[    0.053282] ACPI: WAET 0x000000001FFE2389 000028 (v01 BOCHS  BXPC     00000001 BXPC 00000001)
[    0.053290] ACPI: Reserving FACP table memory at [mem 0x1ffe2191-0x1ffe2284]
[    0.053293] ACPI: Reserving DSDT table memory at [mem 0x1ffe0040-0x1ffe2190]
[    0.053296] ACPI: Reserving FACS table memory at [mem 0x1ffe0000-0x1ffe003f]
[    0.053298] ACPI: Reserving APIC table memory at [mem 0x1ffe2285-0x1ffe2314]
[    0.053300] ACPI: Reserving HPET table memory at [mem 0x1ffe2315-0x1ffe234c]
[    0.053303] ACPI: Reserving MCFG table memory at [mem 0x1ffe234d-0x1ffe2388]
[    0.053305] ACPI: Reserving WAET table memory at [mem 0x1ffe2389-0x1ffe23b0]
[    0.054647] ACPI: Local APIC address 0xfee00000
[    0.059969] No NUMA configuration found
[    0.059974] Faking a node at [mem 0x0000000000000000-0x000000001ffdefff]
[    0.060120] NODE_DATA(0) allocated [mem 0x1ffdb000-0x1ffdefff]
[    0.062621] Zone ranges:
[    0.062790]   DMA      [mem 0x0000000000001000-0x0000000000ffffff]
[    0.062876]   DMA32    [mem 0x0000000001000000-0x000000001ffdefff]
[    0.062945]   Normal   empty
[    0.062948] Movable zone start for each node
[    0.062951] Early memory node ranges
[    0.062953]   node   0: [mem 0x0000000000001000-0x000000000009efff]
[    0.063036]   node   0: [mem 0x0000000000100000-0x000000001ffdefff]
[    0.063220] Initmem setup node 0 [mem 0x0000000000001000-0x000000001ffdefff]
[    0.063299] On node 0 totalpages: 130941
[    0.063485]   DMA zone: 64 pages used for memmap
[    0.063487]   DMA zone: 21 pages reserved
[    0.063489]   DMA zone: 3998 pages, LIFO batch:0
[    0.063492]   DMA32 zone: 1984 pages used for memmap
[    0.063494]   DMA32 zone: 126943 pages, LIFO batch:31
[    0.066252] On node 0, zone DMA: 1 pages in unavailable ranges
[    0.071822] On node 0, zone DMA: 97 pages in unavailable ranges
[    0.250363] On node 0, zone DMA32: 33 pages in unavailable ranges
[    0.254141] ACPI: PM-Timer IO Port: 0x608
[    0.254149] ACPI: Local APIC address 0xfee00000
[    0.254568] ACPI: LAPIC_NMI (acpi_id[0xff] dfl dfl lint[0x1])
[    0.256770] IOAPIC[0]: apic_id 0, version 17, address 0xfec00000, GSI 0-23
[    0.257106] ACPI: INT_SRC_OVR (bus 0 bus_irq 0 global_irq 2 dfl dfl)
[    0.257280] ACPI: INT_SRC_OVR (bus 0 bus_irq 5 global_irq 5 high level)
[    0.257284] ACPI: INT_SRC_OVR (bus 0 bus_irq 9 global_irq 9 high level)
[    0.257454] ACPI: INT_SRC_OVR (bus 0 bus_irq 10 global_irq 10 high level)
[    0.257457] ACPI: INT_SRC_OVR (bus 0 bus_irq 11 global_irq 11 high level)
[    0.257462] ACPI: IRQ0 used by override.
[    0.257464] ACPI: IRQ5 used by override.
[    0.257467] ACPI: IRQ9 used by override.
[    0.257469] ACPI: IRQ10 used by override.
[    0.257471] ACPI: IRQ11 used by override.
[    0.257568] Using ACPI (MADT) for SMP configuration information
[    0.257572] ACPI: HPET id: 0x8086a201 base: 0xfed00000
[    0.258437] smpboot: Allowing 4 CPUs, 0 hotplug CPUs
[    0.261421] PM: hibernation: Registered nosave memory: [mem 0x00000000-0x00000fff]
[    0.261426] PM: hibernation: Registered nosave memory: [mem 0x0009f000-0x0009ffff]
[    0.261428] PM: hibernation: Registered nosave memory: [mem 0x000a0000-0x000effff]
[    0.261431] PM: hibernation: Registered nosave memory: [mem 0x000f0000-0x000fffff]
[    0.261436] [mem 0x20000000-0xafffffff] available for PCI devices
[    0.261517] Booting paravirtualized kernel on KVM
[    0.262401] clocksource: refined-jiffies: mask: 0xffffffff max_cycles: 0xffffffff, max_idle_ns: 1910969940391419 ns
[    0.288236] setup_percpu: NR_CPUS:4 nr_cpumask_bits:4 nr_cpu_ids:4 nr_node_ids:1
[    0.344724] percpu: Embedded 58 pages/cpu s198480 r8192 d30896 u524288
[    0.344809] pcpu-alloc: s198480 r8192 d30896 u524288 alloc=1*2097152
[    0.344883] pcpu-alloc: [0] 0 1 2 3 
[    0.345441] kvm-guest: stealtime: cpu 0, msr 1f41bb40
[    0.347824] Built 1 zonelists, mobility grouping on.  Total pages: 128872
[    0.347829] Policy zone: DMA32
[    0.347977] Kernel command line: selinux=0 initcall_debug debug console=ttyS0 rcutorture.torture_type=tasks-tracing rcutorture.onoff_interval=1000 rcutorture.onoff_holdoff=30 rcutorture.n_barrier_cbs=4 rcutorture.stat_interval=15 rcutorture.shutdown_secs=1800 rcutorture.test_no_idle_hz=1 rcutorture.verbose=1
[    0.369602] Dentry cache hash table entries: 65536 (order: 7, 524288 bytes, linear)
[    0.374491] Inode-cache hash table entries: 32768 (order: 6, 262144 bytes, linear)
[    0.375557] mem auto-init: stack:all(zero), heap alloc:off, heap free:off
[    0.386306] Memory: 466312K/523764K available (16398K kernel code, 2805K rwdata, 4840K rodata, 1516K init, 13292K bss, 57192K reserved, 0K cma-reserved)
[    0.388380] SLUB: HWalign=64, Order=0-3, MinObjects=0, CPUs=4, Nodes=1
[    0.389778] Kernel/User page tables isolation: enabled
[    0.404779] Running RCU self tests
[    0.405468] rcu: Hierarchical RCU implementation.
[    0.405472] rcu: 	RCU event tracing is enabled.
[    0.405474] rcu: 	RCU lockdep checking is enabled.
[    0.405548] 	Trampoline variant of Tasks RCU enabled.
[    0.405551] 	Rude variant of Tasks RCU enabled.
[    0.405553] 	Tracing variant of Tasks RCU enabled.
[    0.405797] rcu: RCU calculated value of scheduler-enlistment delay is 100 jiffies.
[    0.422890] NR_IRQS: 4352, nr_irqs: 456, preallocated irqs: 16
[    0.442480] calling  con_init+0x0/0x24f @ 0
[    0.625994] Console: colour VGA+ 80x25
[    0.626151] initcall con_init+0x0/0x24f returned 0 after 0 usecs
[    0.626156] calling  hvc_console_init+0x0/0x13 @ 0
[    0.626219] initcall hvc_console_init+0x0/0x13 returned 0 after 0 usecs
[    0.626223] calling  univ8250_console_init+0x0/0x26 @ 0
[    1.519313] printk: console [ttyS0] enabled
[    1.524675] initcall univ8250_console_init+0x0/0x26 returned 0 after 0 usecs
[    1.532449] Lock dependency validator: Copyright (c) 2006 Red Hat, Inc., Ingo Molnar
[    1.540883] ... MAX_LOCKDEP_SUBCLASSES:  8
[    1.545348] ... MAX_LOCK_DEPTH:          48
[    1.549955] ... MAX_LOCKDEP_KEYS:        8192
[    1.554779] ... CLASSHASH_SIZE:          4096
[    1.559668] ... MAX_LOCKDEP_ENTRIES:     32768
[    1.564657] ... MAX_LOCKDEP_CHAINS:      65536
[    1.569634] ... CHAINHASH_SIZE:          32768
[    1.574668]  memory used by lock dependency info: 6365 kB
[    1.580738]  memory used for stack traces: 4224 kB
[    1.586097]  per task-struct memory footprint: 1920 bytes
[    1.596899] ACPI: Core revision 20200925
[    1.605886] clocksource: hpet: mask: 0xffffffff max_cycles: 0xffffffff, max_idle_ns: 19112604467 ns
[    1.619383] APIC: Switch to symmetric I/O mode setup
[    1.647336] ..TIMER: vector=0x30 apic1=0 pin1=2 apic2=-1 pin2=-1
[    1.654515] clocksource: tsc-early: mask: 0xffffffffffffffff max_cycles: 0x39a85afc727, max_idle_ns: 881590685098 ns
[    1.666666] Calibrating delay loop (skipped) preset value.. 3999.99 BogoMIPS (lpj=1999999)
[    1.667391] pid_max: default: 32768 minimum: 301
[    1.669369] LSM: Security Framework initializing
[    1.670727] Mount-cache hash table entries: 1024 (order: 1, 8192 bytes, linear)
[    1.671407] Mountpoint-cache hash table entries: 1024 (order: 1, 8192 bytes, linear)
[    1.682149] Last level iTLB entries: 4KB 0, 2MB 0, 4MB 0
[    1.682376] Last level dTLB entries: 4KB 0, 2MB 0, 4MB 0, 1GB 0
[    1.683543] Spectre V1 : Mitigation: usercopy/swapgs barriers and __user pointer sanitization
[    1.684378] Spectre V2 : Mitigation: Retpolines
[    1.685372] Spectre V2 : Spectre v2 / SpectreRSB mitigation: Filling RSB on context switch
[    1.687371] Spectre V2 : Spectre v2 / SpectreRSB : Filling RSB on VMEXIT
[    1.688373] Speculative Store Bypass: Vulnerable
[    1.689450] MDS: Vulnerable: Clear CPU buffers attempted, no microcode
[    1.690372] MMIO Stale Data: Unknown: No mitigations
[    1.755608] Freeing SMP alternatives memory: 40K
[    1.861289] smpboot: CPU0: Intel Common KVM processor (family: 0xf, model: 0x6, stepping: 0x1)
[    1.864138] calling  init_hw_perf_events+0x0/0x6ce @ 1
[    1.864372] Performance Events: unsupported Netburst CPU model 6 no PMU driver, software events only.
[    1.865377] initcall init_hw_perf_events+0x0/0x6ce returned 0 after 976 usecs
[    1.866374] calling  init_real_mode+0x0/0x1e9 @ 1
[    1.867752] initcall init_real_mode+0x0/0x1e9 returned 0 after 0 usecs
[    1.868374] calling  trace_init_perf_perm_irq_work_exit+0x0/0x12 @ 1
[    1.869387] initcall trace_init_perf_perm_irq_work_exit+0x0/0x12 returned 0 after 0 usecs
[    1.870383] calling  validate_x2apic+0x0/0x4a @ 1
[    1.871397] initcall validate_x2apic+0x0/0x4a returned 0 after 0 usecs
[    1.872373] calling  register_nmi_cpu_backtrace_handler+0x0/0x15 @ 1
[    1.873390] initcall register_nmi_cpu_backtrace_handler+0x0/0x15 returned 0 after 0 usecs
[    1.874372] calling  kvm_setup_vsyscall_timeinfo+0x0/0xd1 @ 1
[    1.875373] initcall kvm_setup_vsyscall_timeinfo+0x0/0xd1 returned 0 after 0 usecs
[    1.876390] calling  spawn_ksoftirqd+0x0/0x38 @ 1
[    1.878553] initcall spawn_ksoftirqd+0x0/0x38 returned 0 after 976 usecs
[    1.879374] calling  migration_init+0x0/0x33 @ 1
[    1.880372] initcall migration_init+0x0/0x33 returned 0 after 0 usecs
[    1.881372] calling  srcu_bootup_announce+0x0/0x2f @ 1
[    1.882372] rcu: Hierarchical SRCU implementation.
[    1.883391] initcall srcu_bootup_announce+0x0/0x2f returned 0 after 976 usecs
[    1.884395] calling  rcu_spawn_gp_kthread+0x0/0x1b0 @ 1
[    1.885526] initcall rcu_spawn_gp_kthread+0x0/0x1b0 returned 0 after 0 usecs
[    1.886388] calling  check_cpu_stall_init+0x0/0x1a @ 1
[    1.887376] initcall check_cpu_stall_init+0x0/0x1a returned 0 after 0 usecs
[    1.888375] calling  rcu_sysrq_init+0x0/0x21 @ 1
[    1.889374] initcall rcu_sysrq_init+0x0/0x21 returned 0 after 0 usecs
[    1.890374] calling  trace_init_flags_sys_enter+0x0/0xe @ 1
[    1.891375] initcall trace_init_flags_sys_enter+0x0/0xe returned 0 after 0 usecs
[    1.892374] calling  trace_init_flags_sys_exit+0x0/0xe @ 1
[    1.893374] initcall trace_init_flags_sys_exit+0x0/0xe returned 0 after 0 usecs
[    1.894373] calling  cpu_stop_init+0x0/0x8d @ 1
[    1.895593] initcall cpu_stop_init+0x0/0x8d returned 0 after 0 usecs
[    1.896502] calling  init_kprobes+0x0/0x16e @ 1
[    1.898567] initcall init_kprobes+0x0/0x16e returned 0 after 976 usecs
[    1.899437] calling  init_events+0x0/0x3d @ 1
[    1.900697] initcall init_events+0x0/0x3d returned 0 after 0 usecs
[    1.901376] calling  init_trace_printk+0x0/0xc @ 1
[    1.902382] initcall init_trace_printk+0x0/0xc returned 0 after 0 usecs
[    1.903380] calling  event_trace_enable_again+0x0/0x23 @ 1
[    1.904398] initcall event_trace_enable_again+0x0/0x23 returned 0 after 0 usecs
[    1.905377] calling  static_call_init+0x0/0x79 @ 1
[    1.906375] initcall static_call_init+0x0/0x79 returned 0 after 0 usecs
[    1.907375] calling  jump_label_init_module+0x0/0xc @ 1
[    1.908404] initcall jump_label_init_module+0x0/0xc returned 0 after 0 usecs
[    1.910377] calling  init_zero_pfn+0x0/0x37 @ 1
[    1.911376] initcall init_zero_pfn+0x0/0x37 returned 0 after 0 usecs
[    1.912376] calling  initialize_ptr_random+0x0/0x54 @ 1
[    1.913448] initcall initialize_ptr_random+0x0/0x54 returned 0 after 0 usecs
[    1.914392] calling  efi_memreserve_root_init+0x0/0x25 @ 1
[    1.915401] initcall efi_memreserve_root_init+0x0/0x25 returned 0 after 0 usecs
[    1.916378] calling  efi_earlycon_remap_fb+0x0/0x51 @ 1
[    1.917376] initcall efi_earlycon_remap_fb+0x0/0x51 returned 0 after 0 usecs
[    1.919022] smp: Bringing up secondary CPUs ...
[    1.920773] x86: Booting SMP configuration:
[    1.921373] .... node  #0, CPUs:      #1
[    1.226090] kvm-clock: cpu 1, msr 11523041, secondary cpu clock
[    1.947673] kvm-guest: stealtime: cpu 1, msr 1f49bb40
[    1.966377]  #2
[    1.226090] kvm-clock: cpu 2, msr 11523081, secondary cpu clock
[    1.990367] kvm-guest: stealtime: cpu 2, msr 1f51bb40
[    2.006383]  #3
[    1.226090] kvm-clock: cpu 3, msr 115230c1, secondary cpu clock
[    2.028546] kvm-guest: stealtime: cpu 3, msr 1f59bb40
[    2.043141] smp: Brought up 1 node, 4 CPUs
[    2.043381] smpboot: Max logical packages: 1
[    2.044373] smpboot: Total of 4 processors activated (15999.99 BogoMIPS)
[    2.063387] devtmpfs: initialized
[    2.067299] calling  ipc_ns_init+0x0/0x3d @ 1
[    2.067489] initcall ipc_ns_init+0x0/0x3d returned 0 after 0 usecs
[    2.068388] calling  init_mmap_min_addr+0x0/0x21 @ 1
[    2.069377] initcall init_mmap_min_addr+0x0/0x21 returned 0 after 0 usecs
[    2.070374] calling  pci_realloc_setup_params+0x0/0x3f @ 1
[    2.071374] initcall pci_realloc_setup_params+0x0/0x3f returned 0 after 0 usecs
[    2.072378] calling  net_ns_init+0x0/0x12a @ 1
[    2.074772] initcall net_ns_init+0x0/0x12a returned 0 after 976 usecs
[    2.075397] calling  e820__register_nvs_regions+0x0/0x37 @ 1
[    2.076388] initcall e820__register_nvs_regions+0x0/0x37 returned 0 after 0 usecs
[    2.077375] calling  cpufreq_register_tsc_scaling+0x0/0x2e @ 1
[    2.078374] initcall cpufreq_register_tsc_scaling+0x0/0x2e returned 0 after 0 usecs
[    2.079378] calling  reboot_init+0x0/0x3c @ 1
[    2.080430] initcall reboot_init+0x0/0x3c returned 0 after 0 usecs
[    2.081418] calling  init_lapic_sysfs+0x0/0x20 @ 1
[    2.082419] initcall init_lapic_sysfs+0x0/0x20 returned 0 after 0 usecs
[    2.083385] calling  alloc_frozen_cpus+0x0/0x7 @ 1
[    2.084374] initcall alloc_frozen_cpus+0x0/0x7 returned 0 after 0 usecs
[    2.085373] calling  cpu_hotplug_pm_sync_init+0x0/0x13 @ 1
[    2.086394] initcall cpu_hotplug_pm_sync_init+0x0/0x13 returned 0 after 0 usecs
[    2.087376] calling  wq_sysfs_init+0x0/0x2a @ 1
[    2.088489] initcall wq_sysfs_init+0x0/0x2a returned 0 after 0 usecs
[    2.089373] calling  ksysfs_init+0x0/0x92 @ 1
[    2.090418] initcall ksysfs_init+0x0/0x92 returned 0 after 0 usecs
[    2.091372] calling  schedutil_gov_init+0x0/0xc @ 1
[    2.092506] initcall schedutil_gov_init+0x0/0xc returned 0 after 0 usecs
[    2.093378] calling  pm_init+0x0/0x76 @ 1
[    2.094503] initcall pm_init+0x0/0x76 returned 0 after 0 usecs
[    2.095373] calling  pm_disk_init+0x0/0x13 @ 1
[    2.096409] initcall pm_disk_init+0x0/0x13 returned 0 after 0 usecs
[    2.097372] calling  swsusp_header_init+0x0/0x2b @ 1
[    2.098377] initcall swsusp_header_init+0x0/0x2b returned 0 after 0 usecs
[    2.099373] calling  rcu_set_runtime_mode+0x0/0x2a @ 1
[    2.102561] initcall rcu_set_runtime_mode+0x0/0x2a returned 0 after 1953 usecs
[    2.103375] calling  init_jiffies_clocksource+0x0/0x13 @ 1
[    2.104373] clocksource: jiffies: mask: 0xffffffff max_cycles: 0xffffffff, max_idle_ns: 1911260446275000 ns
[    2.105377] initcall init_jiffies_clocksource+0x0/0x13 returned 0 after 976 usecs
[    2.106373] calling  futex_init+0x0/0x11b @ 1
[    2.107378] futex hash table entries: 1024 (order: 5, 131072 bytes, linear)
[    2.109820] initcall futex_init+0x0/0x11b returned 0 after 1953 usecs
[    2.110379] calling  cgroup_wq_init+0x0/0x28 @ 1
[    2.111408] initcall cgroup_wq_init+0x0/0x28 returned 0 after 0 usecs
[    2.112373] calling  cgroup1_wq_init+0x0/0x28 @ 1
[    2.113407] initcall cgroup1_wq_init+0x0/0x28 returned 0 after 0 usecs
[    2.114374] calling  init_kprobe_trace_early+0x0/0x2a @ 1
[    2.115474] initcall init_kprobe_trace_early+0x0/0x2a returned 0 after 0 usecs
[    2.116373] calling  fsnotify_init+0x0/0x56 @ 1
[    2.117392] initcall fsnotify_init+0x0/0x56 returned 0 after 0 usecs
[    2.118374] calling  filelock_init+0x0/0xb3 @ 1
[    2.119422] initcall filelock_init+0x0/0xb3 returned 0 after 0 usecs
[    2.120372] calling  init_misc_binfmt+0x0/0x2c @ 1
[    2.121427] initcall init_misc_binfmt+0x0/0x2c returned 0 after 0 usecs
[    2.122373] calling  init_script_binfmt+0x0/0x15 @ 1
[    2.123374] initcall init_script_binfmt+0x0/0x15 returned 0 after 0 usecs
[    2.124372] calling  init_elf_binfmt+0x0/0x15 @ 1
[    2.125377] initcall init_elf_binfmt+0x0/0x15 returned 0 after 0 usecs
[    2.126372] calling  init_compat_elf_binfmt+0x0/0x15 @ 1
[    2.127374] initcall init_compat_elf_binfmt+0x0/0x15 returned 0 after 0 usecs
[    2.128372] calling  debugfs_init+0x0/0x5c @ 1
[    2.129398] initcall debugfs_init+0x0/0x5c returned 0 after 0 usecs
[    2.130372] calling  tracefs_init+0x0/0x3a @ 1
[    2.131384] initcall tracefs_init+0x0/0x3a returned 0 after 0 usecs
[    2.132374] calling  prandom_init_early+0x0/0x15d @ 1
[    2.133376] initcall prandom_init_early+0x0/0x15d returned 0 after 0 usecs
[    2.134408] calling  virtio_init+0x0/0x20 @ 1
[    2.135477] initcall virtio_init+0x0/0x20 returned 0 after 0 usecs
[    2.136375] calling  iommu_init+0x0/0x2a @ 1
[    2.137404] initcall iommu_init+0x0/0x2a returned 0 after 0 usecs
[    2.138372] calling  component_debug_init+0x0/0x1c @ 1
[    2.140571] initcall component_debug_init+0x0/0x1c returned 0 after 976 usecs
[    2.141375] calling  early_resume_init+0x0/0xb9 @ 1
[    2.143371] PM: RTC time: 07:34:33, date: 2022-12-13
[    2.144376] initcall early_resume_init+0x0/0xb9 returned 0 after 1953 usecs
[    2.145373] calling  cpufreq_core_init+0x0/0x62 @ 1
[    2.146385] initcall cpufreq_core_init+0x0/0x62 returned 0 after 0 usecs
[    2.147384] calling  cpufreq_gov_performance_init+0x0/0xc @ 1
[    2.148385] initcall cpufreq_gov_performance_init+0x0/0xc returned 0 after 0 usecs
[    2.149385] calling  cpufreq_gov_userspace_init+0x0/0xc @ 1
[    2.150383] initcall cpufreq_gov_userspace_init+0x0/0xc returned 0 after 0 usecs
[    2.151377] calling  CPU_FREQ_GOV_ONDEMAND_init+0x0/0xc @ 1
[    2.152377] initcall CPU_FREQ_GOV_ONDEMAND_init+0x0/0xc returned 0 after 0 usecs
[    2.153376] calling  cpuidle_init+0x0/0x1f @ 1
[    2.154394] initcall cpuidle_init+0x0/0x1f returned 0 after 0 usecs
[    2.155376] calling  capsule_reboot_register+0x0/0xc @ 1
[    2.156413] initcall capsule_reboot_register+0x0/0xc returned 0 after 0 usecs
[    2.157374] calling  sock_init+0x0/0x93 @ 1
[    2.159913] initcall sock_init+0x0/0x93 returned 0 after 976 usecs
[    2.160375] calling  net_inuse_init+0x0/0x23 @ 1
[    2.162379] initcall net_inuse_init+0x0/0x23 returned 0 after 976 usecs
[    2.163374] calling  net_defaults_init+0x0/0x23 @ 1
[    2.164373] initcall net_defaults_init+0x0/0x23 returned 0 after 0 usecs
[    2.165374] calling  init_default_flow_dissectors+0x0/0x4f @ 1
[    2.166400] initcall init_default_flow_dissectors+0x0/0x4f returned 0 after 0 usecs
[    2.167373] calling  netpoll_init+0x0/0x44 @ 1
[    2.168373] initcall netpoll_init+0x0/0x44 returned 0 after 0 usecs
[    2.169387] calling  netlink_proto_init+0x0/0x154 @ 1
[    2.170721] NET: Registered protocol family 16
[    2.172400] initcall netlink_proto_init+0x0/0x154 returned 0 after 976 usecs
[    2.173373] calling  genl_init+0x0/0x35 @ 1
[    2.174448] initcall genl_init+0x0/0x35 returned 0 after 0 usecs
[    2.175403] calling  bsp_pm_check_init+0x0/0x13 @ 1
[    2.176373] initcall bsp_pm_check_init+0x0/0x13 returned 0 after 0 usecs
[    2.177389] calling  irq_sysfs_init+0x0/0xb9 @ 1
[    2.179037] initcall irq_sysfs_init+0x0/0xb9 returned 0 after 0 usecs
[    2.179373] calling  audit_init+0x0/0x127 @ 1
[    2.180377] audit: initializing netlink subsys (disabled)
[    2.182669] initcall audit_init+0x0/0x127 returned 0 after 1953 usecs
[    2.182564] audit: type=2000 audit(1670916871.442:1): state=initialized audit_enabled=0 res=1
[    2.183379] calling  release_early_probes+0x0/0x32 @ 1
[    2.185378] initcall release_early_probes+0x0/0x32 returned 0 after 0 usecs
[    2.186374] calling  bdi_class_init+0x0/0x48 @ 1
[    2.187439] initcall bdi_class_init+0x0/0x48 returned 0 after 0 usecs
[    2.188373] calling  mm_sysfs_init+0x0/0x28 @ 1
[    2.189413] initcall mm_sysfs_init+0x0/0x28 returned 0 after 0 usecs
[    2.191374] calling  init_per_zone_wmark_min+0x0/0x6d @ 1
[    2.192434] initcall init_per_zone_wmark_min+0x0/0x6d returned 0 after 0 usecs
[    2.193380] calling  mpi_init+0x0/0x3e @ 1
[    2.194412] initcall mpi_init+0x0/0x3e returned 0 after 0 usecs
[    2.195373] calling  kobject_uevent_init+0x0/0xc @ 1
[    2.196417] initcall kobject_uevent_init+0x0/0xc returned 0 after 0 usecs
[    2.197374] calling  pcibus_class_init+0x0/0x13 @ 1
[    2.198435] initcall pcibus_class_init+0x0/0x13 returned 0 after 0 usecs
[    2.199375] calling  pci_driver_init+0x0/0x21 @ 1
[    2.200442] initcall pci_driver_init+0x0/0x21 returned 0 after 0 usecs
[    2.201377] calling  backlight_class_init+0x0/0xa8 @ 1
[    2.202421] initcall backlight_class_init+0x0/0xa8 returned 0 after 0 usecs
[    2.204376] calling  tty_class_init+0x0/0x33 @ 1
[    2.205398] initcall tty_class_init+0x0/0x33 returned 0 after 0 usecs
[    2.206376] calling  vtconsole_class_init+0x0/0xb5 @ 1
[    2.208374] initcall vtconsole_class_init+0x0/0xb5 returned 0 after 976 usecs
[    2.209374] calling  iommu_dev_init+0x0/0x13 @ 1
[    2.210404] initcall iommu_dev_init+0x0/0x13 returned 0 after 0 usecs
[    2.211374] calling  mipi_dsi_bus_init+0x0/0xc @ 1
[    2.212431] initcall mipi_dsi_bus_init+0x0/0xc returned 0 after 0 usecs
[    2.213404] calling  devlink_class_init+0x0/0x40 @ 1
[    2.216376] initcall devlink_class_init+0x0/0x40 returned 0 after 976 usecs
[    2.217375] calling  software_node_init+0x0/0x2a @ 1
[    2.218381] initcall software_node_init+0x0/0x2a returned 0 after 0 usecs
[    2.219378] calling  wakeup_sources_debugfs_init+0x0/0x23 @ 1
[    2.220427] initcall wakeup_sources_debugfs_init+0x0/0x23 returned 0 after 0 usecs
[    2.221379] calling  wakeup_sources_sysfs_init+0x0/0x2c @ 1
[    2.222399] initcall wakeup_sources_sysfs_init+0x0/0x2c returned 0 after 0 usecs
[    2.223394] calling  register_node_type+0x0/0x13 @ 1
[    2.224477] initcall register_node_type+0x0/0x13 returned 0 after 0 usecs
[    2.225375] calling  regmap_initcall+0x0/0xc @ 1
[    2.226529] initcall regmap_initcall+0x0/0xc returned 0 after 0 usecs
[    2.227376] calling  i2c_init+0x0/0xb3 @ 1
[    2.228601] initcall i2c_init+0x0/0xb3 returned 0 after 0 usecs
[    2.229376] calling  thermal_init+0x0/0x116 @ 1
[    2.230446] thermal_sys: Registered thermal governor 'step_wise'
[    2.230449] thermal_sys: Registered thermal governor 'user_space'
[    2.232393] initcall thermal_init+0x0/0x116 returned 0 after 1953 usecs
[    2.234375] calling  init_menu+0x0/0xc @ 1
[    2.235538] cpuidle: using governor menu
[    2.236375] initcall init_menu+0x0/0xc returned 0 after 976 usecs
[    2.237375] calling  pcc_init+0x0/0x4d @ 1
[    2.238400] initcall pcc_init+0x0/0x4d returned -19 after 0 usecs
[    2.239375] calling  amd_postcore_init+0x0/0x11e @ 1
[    2.240377] initcall amd_postcore_init+0x0/0x11e returned 0 after 0 usecs
[    2.241412] calling  bts_init+0x0/0xba @ 1
[    2.242375] initcall bts_init+0x0/0xba returned -19 after 0 usecs
[    2.243375] calling  pt_init+0x0/0x34d @ 1
[    2.244376] initcall pt_init+0x0/0x34d returned -19 after 0 usecs
[    2.245374] calling  boot_params_ksysfs_init+0x0/0x2ee @ 1
[    2.246459] initcall boot_params_ksysfs_init+0x0/0x2ee returned 0 after 0 usecs
[    2.247378] calling  sbf_init+0x0/0xea @ 1
[    2.248373] initcall sbf_init+0x0/0xea returned 0 after 0 usecs
[    2.249374] calling  arch_kdebugfs_init+0x0/0x219 @ 1
[    2.250578] initcall arch_kdebugfs_init+0x0/0x219 returned 0 after 0 usecs
[    2.251378] calling  intel_pconfig_init+0x0/0x85 @ 1
[    2.252380] initcall intel_pconfig_init+0x0/0x85 returned 0 after 0 usecs
[    2.253375] calling  mtrr_if_init+0x0/0x5d @ 1
[    2.254415] initcall mtrr_if_init+0x0/0x5d returned 0 after 0 usecs
[    2.256373] calling  activate_jump_labels+0x0/0x31 @ 1
[    2.257375] initcall activate_jump_labels+0x0/0x31 returned 0 after 0 usecs
[    2.258376] calling  ffh_cstate_init+0x0/0x29 @ 1
[    2.259401] initcall ffh_cstate_init+0x0/0x29 returned 0 after 0 usecs
[    2.260375] calling  activate_jump_labels+0x0/0x31 @ 1
[    2.264091] initcall activate_jump_labels+0x0/0x31 returned 0 after 1953 usecs
[    2.264378] calling  kvm_alloc_cpumask+0x0/0x74 @ 1
[    2.265471] initcall kvm_alloc_cpumask+0x0/0x74 returned 0 after 0 usecs
[    2.266378] calling  kcmp_cookies_init+0x0/0x37 @ 1
[    2.268382] initcall kcmp_cookies_init+0x0/0x37 returned 0 after 0 usecs
[    2.269377] calling  cryptomgr_init+0x0/0xc @ 1
[    2.270503] initcall cryptomgr_init+0x0/0xc returned 0 after 0 usecs
[    2.271378] calling  acpi_pci_init+0x0/0x57 @ 1
[    2.272402] ACPI: bus type PCI registered
[    2.273377] initcall acpi_pci_init+0x0/0x57 returned 0 after 976 usecs
[    2.274397] calling  dma_channel_table_init+0x0/0xd1 @ 1
[    2.275439] initcall dma_channel_table_init+0x0/0xd1 returned 0 after 0 usecs
[    2.276376] calling  dma_bus_init+0x0/0xdc @ 1
[    2.278412] initcall dma_bus_init+0x0/0xdc returned 0 after 976 usecs
[    2.279497] calling  iommu_dma_init+0x0/0x10 @ 1
[    2.280464] initcall iommu_dma_init+0x0/0x10 returned 0 after 0 usecs
[    2.281378] calling  dmi_id_init+0x0/0x37c @ 1
[    2.284521] initcall dmi_id_init+0x0/0x37c returned 0 after 1953 usecs
[    2.285380] calling  pci_arch_init+0x0/0x71 @ 1
[    2.287856] PCI: MMCONFIG for domain 0000 [bus 00-ff] at [mem 0xb0000000-0xbfffffff] (base 0xb0000000)
[    2.288401] PCI: MMCONFIG at [mem 0xb0000000-0xbfffffff] reserved in E820
[    2.290372] PCI: Using configuration type 1 for base access
[    2.292418] initcall pci_arch_init+0x0/0x71 returned 0 after 5859 usecs
[    2.293429] calling  init_vdso+0x0/0x13 @ 1
[    2.294489] initcall init_vdso+0x0/0x13 returned 0 after 0 usecs
[    2.295377] calling  sysenter_setup+0x0/0x13 @ 1
[    2.296503] initcall sysenter_setup+0x0/0x13 returned 0 after 0 usecs
[    2.298395] calling  fixup_ht_bug+0x0/0xe5 @ 1
[    2.299380] initcall fixup_ht_bug+0x0/0xe5 returned 0 after 0 usecs
[    2.300377] calling  topology_init+0x0/0x88 @ 1
[    2.302923] initcall topology_init+0x0/0x88 returned 0 after 0 usecs
[    2.303377] calling  intel_epb_init+0x0/0x68 @ 1
[    2.305377] initcall intel_epb_init+0x0/0x68 returned -19 after 0 usecs
[    2.306375] calling  mtrr_init_finialize+0x0/0x3e @ 1
[    2.307375] initcall mtrr_init_finialize+0x0/0x3e returned 0 after 0 usecs
[    2.308376] calling  uid_cache_init+0x0/0x85 @ 1
[    2.309406] initcall uid_cache_init+0x0/0x85 returned 0 after 0 usecs
[    2.310375] calling  param_sysfs_init+0x0/0x1ba @ 1
[    2.322493] initcall param_sysfs_init+0x0/0x1ba returned 0 after 10742 usecs
[    2.323377] calling  user_namespace_sysctl_init+0x0/0x33 @ 1
[    2.324421] initcall user_namespace_sysctl_init+0x0/0x33 returned 0 after 0 usecs
[    2.326377] calling  proc_schedstat_init+0x0/0x24 @ 1
[    2.327383] initcall proc_schedstat_init+0x0/0x24 returned 0 after 0 usecs
[    2.328375] calling  pm_sysrq_init+0x0/0x18 @ 1
[    2.329497] initcall pm_sysrq_init+0x0/0x18 returned 0 after 0 usecs
[    2.330555] calling  create_proc_profile+0x0/0xd0 @ 1
[    2.331385] initcall create_proc_profile+0x0/0xd0 returned 0 after 0 usecs
[    2.332374] calling  time_ns_init+0x0/0x7 @ 1
[    2.333373] initcall time_ns_init+0x0/0x7 returned 0 after 0 usecs
[    2.334380] calling  crash_save_vmcoreinfo_init+0x0/0x722 @ 1
[    2.335534] initcall crash_save_vmcoreinfo_init+0x0/0x722 returned 0 after 0 usecs
[    2.336377] calling  crash_notes_memory_init+0x0/0x35 @ 1
[    2.337380] initcall crash_notes_memory_init+0x0/0x35 returned 0 after 0 usecs
[    2.338376] calling  cgroup_sysfs_init+0x0/0x13 @ 1
[    2.339485] initcall cgroup_sysfs_init+0x0/0x13 returned 0 after 0 usecs
[    2.340378] calling  cgroup_namespaces_init+0x0/0x7 @ 1
[    2.341378] initcall cgroup_namespaces_init+0x0/0x7 returned 0 after 0 usecs
[    2.342402] calling  init_optprobes+0x0/0x13 @ 1
[    2.343440] Kprobes globally optimized
[    2.344377] initcall init_optprobes+0x0/0x13 returned 0 after 976 usecs
[    2.345378] calling  oom_init+0x0/0x2f @ 1
[    2.347591] initcall oom_init+0x0/0x2f returned 0 after 976 usecs
[    2.348387] calling  default_bdi_init+0x0/0xb3 @ 1
[    2.350788] initcall default_bdi_init+0x0/0xb3 returned 0 after 976 usecs
[    2.351377] calling  percpu_enable_async+0x0/0xe @ 1
[    2.352376] initcall percpu_enable_async+0x0/0xe returned 0 after 0 usecs
[    2.353376] calling  kcompactd_init+0x0/0x8d @ 1
[    2.355618] initcall kcompactd_init+0x0/0x8d returned 0 after 976 usecs
[    2.356472] calling  init_user_reserve+0x0/0x40 @ 1
[    2.357378] initcall init_user_reserve+0x0/0x40 returned 0 after 0 usecs
[    2.358376] calling  init_admin_reserve+0x0/0x40 @ 1
[    2.359375] initcall init_admin_reserve+0x0/0x40 returned 0 after 0 usecs
[    2.360374] calling  init_reserve_notifier+0x0/0x7 @ 1
[    2.361374] initcall init_reserve_notifier+0x0/0x7 returned 0 after 0 usecs
[    2.362377] calling  swap_init_sysfs+0x0/0x62 @ 1
[    2.363393] initcall swap_init_sysfs+0x0/0x62 returned 0 after 0 usecs
[    2.364379] calling  swapfile_init+0x0/0x94 @ 1
[    2.365378] initcall swapfile_init+0x0/0x94 returned 0 after 0 usecs
[    2.366375] calling  hugetlb_init+0x0/0x4a1 @ 1
[    2.367394] HugeTLB registered 2.00 MiB page size, pre-allocated 0 pages
[    2.368513] initcall hugetlb_init+0x0/0x4a1 returned 0 after 976 usecs
[    2.369375] calling  io_wq_init+0x0/0x34 @ 1
[    2.370377] initcall io_wq_init+0x0/0x34 returned 0 after 0 usecs
[    2.371374] calling  seqiv_module_init+0x0/0xc @ 1
[    2.372469] initcall seqiv_module_init+0x0/0xc returned 0 after 0 usecs
[    2.373375] calling  echainiv_module_init+0x0/0xc @ 1
[    2.374375] initcall echainiv_module_init+0x0/0xc returned 0 after 0 usecs
[    2.375578] calling  rsa_init+0x0/0x50 @ 1
[    2.377739] initcall rsa_init+0x0/0x50 returned 0 after 976 usecs
[    2.377788] cryptomgr_test (39) used greatest stack depth: 14848 bytes left
[    2.378380] calling  crypto_cmac_module_init+0x0/0xc @ 1
[    2.378386] initcall crypto_cmac_module_init+0x0/0xc returned 0 after 0 usecs
[    2.378389] calling  hmac_module_init+0x0/0xc @ 1
[    2.378393] initcall hmac_module_init+0x0/0xc returned 0 after 0 usecs
[    2.378395] calling  crypto_null_mod_init+0x0/0x65 @ 1
[    2.423392] initcall crypto_null_mod_init+0x0/0x65 returned 0 after 43945 usecs
[    2.434394] calling  md5_mod_init+0x0/0xc @ 1
[    2.444386] initcall md5_mod_init+0x0/0xc returned 0 after 2929 usecs
[    2.453400] calling  sha256_generic_mod_init+0x0/0x11 @ 1
[    2.465724] initcall sha256_generic_mod_init+0x0/0x11 returned 0 after 2929 usecs
[    2.477404] calling  crypto_cbc_module_init+0x0/0xc @ 1
[    2.485387] initcall crypto_cbc_module_init+0x0/0xc returned 0 after 0 usecs
[    2.496382] calling  crypto_ctr_module_init+0x0/0x11 @ 1
[    2.504433] initcall crypto_ctr_module_init+0x0/0x11 returned 0 after 0 usecs
[    2.514381] calling  crypto_gcm_module_init+0x0/0x64 @ 1
[    2.523403] initcall crypto_gcm_module_init+0x0/0x64 returned 0 after 0 usecs
[    2.533400] calling  crypto_ccm_module_init+0x0/0x11 @ 1
[    2.539383] initcall crypto_ccm_module_init+0x0/0x11 returned 0 after 0 usecs
[    2.548377] calling  aes_init+0x0/0xc @ 1
[    2.554618] initcall aes_init+0x0/0xc returned 0 after 1953 usecs
[    2.562534] calling  crc32c_mod_init+0x0/0xc @ 1
[    2.569375] initcall crc32c_mod_init+0x0/0xc returned 0 after 1953 usecs
[    2.577383] calling  crypto_authenc_module_init+0x0/0xc @ 1
[    2.584379] initcall crypto_authenc_module_init+0x0/0xc returned 0 after 0 usecs
[    2.593377] calling  crypto_authenc_esn_module_init+0x0/0xc @ 1
[    2.600379] initcall crypto_authenc_esn_module_init+0x0/0xc returned 0 after 0 usecs
[    2.609403] calling  drbg_init+0x0/0x7c @ 1
[    2.628365] initcall drbg_init+0x0/0x7c returned 0 after 12695 usecs
[    2.638574] calling  ghash_mod_init+0x0/0xc @ 1
[    2.649539] initcall ghash_mod_init+0x0/0xc returned 0 after 3906 usecs
[    2.657563] calling  init_bio+0x0/0x9a @ 1
[    2.666486] initcall init_bio+0x0/0x9a returned 0 after 2929 usecs
[    2.674451] calling  blk_settings_init+0x0/0x29 @ 1
[    2.680375] initcall blk_settings_init+0x0/0x29 returned 0 after 0 usecs
[    2.688375] calling  blk_ioc_init+0x0/0x29 @ 1
[    2.693401] initcall blk_ioc_init+0x0/0x29 returned 0 after 0 usecs
[    2.701374] calling  blk_mq_init+0x0/0xb9 @ 1
[    2.706436] initcall blk_mq_init+0x0/0xb9 returned 0 after 0 usecs
[    2.714374] calling  genhd_device_init+0x0/0x75 @ 1
[    2.723982] initcall genhd_device_init+0x0/0x75 returned 0 after 3906 usecs
[    2.732613] calling  pci_slot_init+0x0/0x40 @ 1
[    2.738491] initcall pci_slot_init+0x0/0x40 returned 0 after 0 usecs
[    2.746391] calling  fbmem_init+0x0/0xd8 @ 1
[    2.753457] initcall fbmem_init+0x0/0xd8 returned 0 after 1953 usecs
[    2.761376] calling  acpi_init+0x0/0x319 @ 1
[    2.766805] ACPI: Added _OSI(Module Device)
[    2.772374] ACPI: Added _OSI(Processor Device)
[    2.777377] ACPI: Added _OSI(3.0 _SCP Extensions)
[    2.783372] ACPI: Added _OSI(Processor Aggregator Device)
[    2.790376] ACPI: Added _OSI(Linux-Dell-Video)
[    2.795374] ACPI: Added _OSI(Linux-Lenovo-NV-HDMI-Audio)
[    2.802376] ACPI: Added _OSI(Linux-HPI-Hybrid-Graphics)
[    2.821004] ACPI: 1 ACPI AML tables successfully acquired and loaded
[    2.841108] ACPI: Interpreter enabled
[    2.846765] ACPI: (supports S0 S3 S4 S5)
[    2.853405] ACPI: Using IOAPIC for interrupt routing
[    2.861617] PCI: Using host bridge windows from ACPI; if necessary, use "pci=nocrs" and report a bug
[    2.876215] ACPI: Enabled 2 GPEs in block 00 to 3F
[    2.897509] ACPI: PCI Root Bridge [PCI0] (domain 0000 [bus 00-ff])
[    2.905553] acpi PNP0A08:00: _OSC: OS supports [ExtendedConfig ASPM ClockPM Segments MSI HPX-Type3]
[    2.917804] acpi PNP0A08:00: _OSC: platform does not support [LTR]
[    2.921620] acpi PNP0A08:00: _OSC: OS now controls [PME PCIeCapability]
[    2.934491] PCI host bridge to bus 0000:00
[    2.939393] pci_bus 0000:00: root bus resource [io  0x0000-0x0cf7 window]
[    2.948379] pci_bus 0000:00: root bus resource [io  0x0d00-0xffff window]
[    2.956378] pci_bus 0000:00: root bus resource [mem 0x000a0000-0x000bffff window]
[    2.966379] pci_bus 0000:00: root bus resource [mem 0x20000000-0xafffffff window]
[    2.976379] pci_bus 0000:00: root bus resource [mem 0xc0000000-0xfebfffff window]
[    2.985378] pci_bus 0000:00: root bus resource [mem 0x100000000-0x8ffffffff window]
[    2.995392] pci_bus 0000:00: root bus resource [bus 00-ff]
[    3.003405] pci 0000:00:00.0: calling  quirk_mmio_always_on+0x0/0x10 @ 1
[    3.012421] pci 0000:00:00.0: quirk_mmio_always_on+0x0/0x10 took 0 usecs
[    3.020377] pci 0000:00:00.0: [8086:29c0] type 00 class 0x060000
[    3.031972] pci 0000:00:00.0: calling  quirk_igfx_skip_te_disable+0x0/0x80 @ 1
[    3.041401] pci 0000:00:00.0: quirk_igfx_skip_te_disable+0x0/0x80 took 0 usecs
[    3.053086] pci 0000:00:01.0: [1234:1111] type 00 class 0x030000
[    3.068365] pci 0000:00:01.0: reg 0x10: [mem 0xfd000000-0xfdffffff pref]
[    3.089365] pci 0000:00:01.0: reg 0x18: [mem 0xfebf0000-0xfebf0fff]
[    3.120336] pci 0000:00:01.0: reg 0x30: [mem 0xfebe0000-0xfebeffff pref]
[    3.134365] pci 0000:00:01.0: calling  efifb_fixup_resources+0x0/0xf0 @ 1
[    3.145469] pci 0000:00:01.0: efifb_fixup_resources+0x0/0xf0 took 0 usecs
[    3.161777] pci 0000:00:1f.0: [8086:2918] type 00 class 0x060100
[    3.174783] pci 0000:00:1f.0: calling  quirk_ich7_lpc+0x0/0x60 @ 1
[    3.182713] pci 0000:00:1f.0: quirk: [io  0x0600-0x067f] claimed by ICH6 ACPI/GPIO/TCO
[    3.192834] pci 0000:00:1f.0: quirk_ich7_lpc+0x0/0x60 took 10742 usecs
[    3.201483] pci 0000:00:1f.0: calling  quirk_igfx_skip_te_disable+0x0/0x80 @ 1
[    3.210389] pci 0000:00:1f.0: quirk_igfx_skip_te_disable+0x0/0x80 took 0 usecs
[    3.221065] pci 0000:00:1f.2: [8086:2922] type 00 class 0x010601
[    3.237374] pci 0000:00:1f.2: reg 0x20: [io  0xc040-0xc05f]
[    3.245374] pci 0000:00:1f.2: reg 0x24: [mem 0xfebf1000-0xfebf1fff]
[    3.255051] pci 0000:00:1f.2: calling  quirk_igfx_skip_te_disable+0x0/0x80 @ 1
[    3.264380] pci 0000:00:1f.2: quirk_igfx_skip_te_disable+0x0/0x80 took 0 usecs
[    3.277083] pci 0000:00:1f.3: [8086:2930] type 00 class 0x0c0500
[    3.292981] pci 0000:00:1f.3: reg 0x20: [io  0x0700-0x073f]
[    3.304039] pci 0000:00:1f.3: calling  quirk_igfx_skip_te_disable+0x0/0x80 @ 1
[    3.311383] pci 0000:00:1f.3: quirk_igfx_skip_te_disable+0x0/0x80 took 0 usecs
[    3.330596] ACPI: PCI Interrupt Link [LNKA] (IRQs 5 *10 11)
[    3.338446] ACPI: PCI Interrupt Link [LNKB] (IRQs 5 *10 11)
[    3.345924] ACPI: PCI Interrupt Link [LNKC] (IRQs 5 10 *11)
[    3.353921] ACPI: PCI Interrupt Link [LNKD] (IRQs 5 10 *11)
[    3.361943] ACPI: PCI Interrupt Link [LNKE] (IRQs 5 *10 11)
[    3.369707] ACPI: PCI Interrupt Link [LNKF] (IRQs 5 *10 11)
[    3.378071] ACPI: PCI Interrupt Link [LNKG] (IRQs 5 10 *11)
[    3.389699] ACPI: PCI Interrupt Link [LNKH] (IRQs 5 10 *11)
[    3.396616] ACPI: PCI Interrupt Link [GSIA] (IRQs *16)
[    3.403424] ACPI: PCI Interrupt Link [GSIB] (IRQs *17)
[    3.409438] ACPI: PCI Interrupt Link [GSIC] (IRQs *18)
[    3.416429] ACPI: PCI Interrupt Link [GSID] (IRQs *19)
[    3.421017] ACPI: PCI Interrupt Link [GSIE] (IRQs *20)
[    3.426455] ACPI: PCI Interrupt Link [GSIF] (IRQs *21)
[    3.433443] ACPI: PCI Interrupt Link [GSIG] (IRQs *22)
[    3.439510] ACPI: PCI Interrupt Link [GSIH] (IRQs *23)
[    3.450847] initcall acpi_init+0x0/0x319 returned 0 after 667968 usecs
[    3.459498] calling  pnp_init+0x0/0xc @ 1
[    3.465430] initcall pnp_init+0x0/0xc returned 0 after 0 usecs
[    3.472430] calling  misc_init+0x0/0xbf @ 1
[    3.478707] initcall misc_init+0x0/0xbf returned 0 after 0 usecs
[    3.486380] calling  iommu_subsys_init+0x0/0x4e @ 1
[    3.492484] iommu: Default domain type: Translated 
[    3.498380] initcall iommu_subsys_init+0x0/0x4e returned 0 after 5859 usecs
[    3.504389] calling  vga_arb_device_init+0x0/0x261 @ 1
[    3.514667] pci 0000:00:01.0: vgaarb: setting as boot VGA device
[    3.515365] pci 0000:00:01.0: vgaarb: VGA device added: decodes=io+mem,owns=io+mem,locks=none
[    3.532382] pci 0000:00:01.0: vgaarb: bridge control possible
[    3.539374] vgaarb: loaded
[    3.542381] initcall vga_arb_device_init+0x0/0x261 returned 0 after 30273 usecs
[    3.551436] calling  cn_init+0x0/0xf0 @ 1
[    3.558319] initcall cn_init+0x0/0xf0 returned 0 after 4882 usecs
[    3.567379] calling  dma_buf_init+0x0/0xad @ 1
[    3.578505] initcall dma_buf_init+0x0/0xad returned 0 after 4882 usecs
[    3.586379] calling  dma_resv_lockdep+0x0/0x281 @ 1
[    3.597377] initcall dma_resv_lockdep+0x0/0x281 returned 0 after 4882 usecs
[    3.604378] calling  init_scsi+0x0/0x79 @ 1
[    3.618392] SCSI subsystem initialized
[    3.623380] initcall init_scsi+0x0/0x79 returned 0 after 14648 usecs
[    3.630379] calling  ata_init+0x0/0x332 @ 1
[    3.643008] libata version 3.00 loaded.
[    3.648390] initcall ata_init+0x0/0x332 returned 0 after 12695 usecs
[    3.654380] calling  phy_init+0x0/0x250 @ 1
[    3.665412] initcall phy_init+0x0/0x250 returned 0 after 1953 usecs
[    3.669377] calling  init_pcmcia_cs+0x0/0x35 @ 1
[    3.672904] initcall init_pcmcia_cs+0x0/0x35 returned 0 after 0 usecs
[    3.682378] calling  usb_common_init+0x0/0x1c @ 1
[    3.689003] initcall usb_common_init+0x0/0x1c returned 0 after 0 usecs
[    3.694376] calling  usb_init+0x0/0x12e @ 1
[    3.699371] ACPI: bus type USB registered
[    3.711840] usbcore: registered new interface driver usbfs
[    3.718154] usbcore: registered new interface driver hub
[    3.723404] usbcore: registered new device driver usb
[    3.729381] initcall usb_init+0x0/0x12e returned 0 after 29296 usecs
[    3.739466] calling  serio_init+0x0/0x29 @ 1
[    3.744639] initcall serio_init+0x0/0x29 returned 0 after 0 usecs
[    3.750380] calling  input_init+0x0/0xf6 @ 1
[    3.754763] initcall input_init+0x0/0xf6 returned 0 after 0 usecs
[    3.761377] calling  rtc_init+0x0/0x4d @ 1
[    3.767402] initcall rtc_init+0x0/0x4d returned 0 after 0 usecs
[    3.769377] calling  pps_init+0x0/0xa9 @ 1
[    3.774668] pps_core: LinuxPPS API ver. 1 registered
[    3.782373] pps_core: Software ver. 5.3.6 - Copyright 2005-2007 Rodolfo Giometti <giometti@linux.it>
[    3.792379] initcall pps_init+0x0/0xa9 returned 0 after 17578 usecs
[    3.800378] calling  ptp_init+0x0/0x98 @ 1
[    3.805394] PTP clock support registered
[    3.812376] initcall ptp_init+0x0/0x98 returned 0 after 6835 usecs
[    3.819376] calling  power_supply_class_init+0x0/0x3f @ 1
[    3.826551] initcall power_supply_class_init+0x0/0x3f returned 0 after 0 usecs
[    3.835376] calling  hwmon_init+0x0/0x104 @ 1
[    3.840399] initcall hwmon_init+0x0/0x104 returned 0 after 0 usecs
[    3.848376] calling  md_init+0x0/0x16b @ 1
[    3.861548] initcall md_init+0x0/0x16b returned 0 after 8789 usecs
[    3.868378] calling  leds_init+0x0/0x3b @ 1
[    3.874514] initcall leds_init+0x0/0x3b returned 0 after 0 usecs
[    3.880376] calling  dmi_init+0x0/0x113 @ 1
[    3.886914] initcall dmi_init+0x0/0x113 returned 0 after 1953 usecs
[    3.894377] calling  efisubsys_init+0x0/0x4e7 @ 1
[    3.900422] initcall efisubsys_init+0x0/0x4e7 returned 0 after 0 usecs
[    3.908375] calling  nvmem_init+0x0/0xc @ 1
[    3.914464] initcall nvmem_init+0x0/0xc returned 0 after 0 usecs
[    3.922379] calling  init_soundcore+0x0/0x33 @ 1
[    3.931171] initcall init_soundcore+0x0/0x33 returned 0 after 0 usecs
[    3.939378] calling  alsa_sound_init+0x0/0x8f @ 1
[    3.948950] Advanced Linux Sound Architecture Driver Initialized.
[    3.957379] initcall alsa_sound_init+0x0/0x8f returned 0 after 10742 usecs
[    3.966378] calling  alsa_seq_device_init+0x0/0x71 @ 1
[    3.971800] initcall alsa_seq_device_init+0x0/0x71 returned 0 after 0 usecs
[    3.984390] calling  hda_bus_init+0x0/0xc @ 1
[    3.991413] initcall hda_bus_init+0x0/0xc returned 0 after 0 usecs
[    3.999383] calling  proto_init+0x0/0xc @ 1
[    4.006794] initcall proto_init+0x0/0xc returned 0 after 976 usecs
[    4.012384] calling  net_dev_init+0x0/0x27f @ 1
[    4.030972] initcall net_dev_init+0x0/0x27f returned 0 after 15625 usecs
[    4.037388] calling  neigh_init+0x0/0x84 @ 1
[    4.043766] initcall neigh_init+0x0/0x84 returned 0 after 976 usecs
[    4.048376] calling  fib_notifier_init+0x0/0xc @ 1
[    4.056515] initcall fib_notifier_init+0x0/0xc returned 0 after 0 usecs
[    4.064375] calling  fib_rules_init+0x0/0xab @ 1
[    4.070490] initcall fib_rules_init+0x0/0xab returned 0 after 0 usecs
[    4.078377] calling  pktsched_init+0x0/0x10e @ 1
[    4.085793] initcall pktsched_init+0x0/0x10e returned 0 after 0 usecs
[    4.095381] calling  tc_filter_init+0x0/0xfa @ 1
[    4.103557] initcall tc_filter_init+0x0/0xfa returned 0 after 1953 usecs
[    4.109376] calling  tc_action_init+0x0/0x54 @ 1
[    4.116394] initcall tc_action_init+0x0/0x54 returned 0 after 0 usecs
[    4.125380] calling  ethnl_init+0x0/0x52 @ 1
[    4.130503] initcall ethnl_init+0x0/0x52 returned 0 after 0 usecs
[    4.143468] calling  nexthop_init+0x0/0xd8 @ 1
[    4.150622] initcall nexthop_init+0x0/0xd8 returned 0 after 0 usecs
[    4.160381] calling  cipso_v4_init+0x0/0x8d @ 1
[    4.167479] initcall cipso_v4_init+0x0/0x8d returned 0 after 0 usecs
[    4.177381] calling  ieee80211_init+0x0/0x24 @ 1
[    4.184396] initcall ieee80211_init+0x0/0x24 returned 0 after 0 usecs
[    4.194380] calling  netlbl_init+0x0/0x78 @ 1
[    4.200414] NetLabel: Initializing
[    4.206373] NetLabel:  domain hash size = 128
[    4.211377] NetLabel:  protocols = UNLABELED CIPSOv4 CALIPSO
[    4.218928] NetLabel:  unlabeled traffic allowed by default
[    4.225387] initcall netlbl_init+0x0/0x78 returned 0 after 24414 usecs
[    4.234391] calling  rfkill_init+0x0/0x136 @ 1
[    4.241758] initcall rfkill_init+0x0/0x136 returned 0 after 976 usecs
[    4.250390] calling  pci_subsys_init+0x0/0x66 @ 1
[    4.256449] PCI: Using ACPI for IRQ routing
[    5.027371] PCI: pci_cache_line_size set to 64 bytes
[    5.035370] e820: reserve RAM buffer [mem 0x0009fc00-0x0009ffff]
[    5.045518] e820: reserve RAM buffer [mem 0x1ffdf000-0x1fffffff]
[    5.054031] initcall pci_subsys_init+0x0/0x66 returned 0 after 778320 usecs
[    5.065029] calling  nmi_warning_debugfs+0x0/0x26 @ 1
[    5.073076] initcall nmi_warning_debugfs+0x0/0x26 returned 0 after 1953 usecs
[    5.082411] calling  save_microcode_in_initrd+0x0/0x51 @ 1
[    5.088573] initcall save_microcode_in_initrd+0x0/0x51 returned 0 after 976 usecs
[    5.098380] calling  hpet_late_init+0x0/0x20a @ 1
[    5.105489] hpet: 3 channels of 0 reserved for per-cpu timers
[    5.113649] hpet0: at MMIO 0xfed00000, IRQs 2, 8, 0
[    5.120372] hpet0: 3 comparators, 64-bit 100.000000 MHz counter
[    5.131376] initcall hpet_late_init+0x0/0x20a returned 0 after 26367 usecs
[    5.139381] calling  init_amd_nbs+0x0/0x11c @ 1
[    5.145714] initcall init_amd_nbs+0x0/0x11c returned 0 after 0 usecs
[    5.153387] calling  clocksource_done_booting+0x0/0x43 @ 1
[    5.163826] clocksource: Switched to clocksource kvm-clock
[    5.174004] initcall clocksource_done_booting+0x0/0x43 returned 0 after 13306 usecs
[    5.184204] calling  tracer_init_tracefs+0x0/0x248 @ 1
[    5.485673] initcall tracer_init_tracefs+0x0/0x248 returned 0 after 287668 usecs
[    5.494761] calling  init_trace_printk_function_export+0x0/0x2c @ 1
[    5.502553] initcall init_trace_printk_function_export+0x0/0x2c returned 0 after 19 usecs
[    5.512322] calling  init_kprobe_trace+0x0/0x1ab @ 1
[    5.518593] initcall init_kprobe_trace+0x0/0x1ab returned 0 after 44 usecs
[    5.527052] calling  init_dynamic_event+0x0/0x3d @ 1
[    5.533458] initcall init_dynamic_event+0x0/0x3d returned 0 after 17 usecs
[    5.542869] calling  init_uprobe_trace+0x0/0x5c @ 1
[    5.550566] initcall init_uprobe_trace+0x0/0x5c returned 0 after 179 usecs
[    5.560859] calling  init_pipe_fs+0x0/0x44 @ 1
[    5.568138] initcall init_pipe_fs+0x0/0x44 returned 0 after 511 usecs
[    5.577827] calling  inotify_user_setup+0x0/0x47 @ 1
[    5.585628] initcall inotify_user_setup+0x0/0x47 returned 0 after 293 usecs
[    5.595865] calling  eventpoll_init+0x0/0xeb @ 1
[    5.603029] initcall eventpoll_init+0x0/0xeb returned 0 after 100 usecs
[    5.612832] calling  anon_inode_init+0x0/0x58 @ 1
[    5.620256] initcall anon_inode_init+0x0/0x58 returned 0 after 272 usecs
[    5.630243] calling  proc_locks_init+0x0/0x27 @ 1
[    5.637609] initcall proc_locks_init+0x0/0x27 returned 0 after 246 usecs
[    5.647516] calling  iomap_init+0x0/0x1b @ 1
[    5.656356] initcall iomap_init+0x0/0x1b returned 0 after 2053 usecs
[    5.665898] calling  dquot_init+0x0/0x106 @ 1
[    5.672530] VFS: Disk quotas dquot_6.6.0
[    5.679165] VFS: Dquot-cache hash table entries: 512 (order 0, 4096 bytes)
[    5.689577] initcall dquot_init+0x0/0x106 returned 0 after 16661 usecs
[    5.699388] calling  quota_init+0x0/0x23 @ 1
[    5.706715] initcall quota_init+0x0/0x23 returned 0 after 707 usecs
[    5.716272] calling  proc_cmdline_init+0x0/0x21 @ 1
[    5.723538] initcall proc_cmdline_init+0x0/0x21 returned 0 after 32 usecs
[    5.731875] calling  proc_consoles_init+0x0/0x24 @ 1
[    5.738282] initcall proc_consoles_init+0x0/0x24 returned 0 after 8 usecs
[    5.746545] calling  proc_cpuinfo_init+0x0/0x1e @ 1
[    5.752621] initcall proc_cpuinfo_init+0x0/0x1e returned 0 after 7 usecs
[    5.760836] calling  proc_devices_init+0x0/0x24 @ 1
[    5.767023] initcall proc_devices_init+0x0/0x24 returned 0 after 6 usecs
[    5.775332] calling  proc_interrupts_init+0x0/0x24 @ 1
[    5.781832] initcall proc_interrupts_init+0x0/0x24 returned 0 after 7 usecs
[    5.790888] calling  proc_loadavg_init+0x0/0x21 @ 1
[    5.797284] initcall proc_loadavg_init+0x0/0x21 returned 0 after 8 usecs
[    5.805843] calling  proc_meminfo_init+0x0/0x21 @ 1
[    5.812067] initcall proc_meminfo_init+0x0/0x21 returned 0 after 25 usecs
[    5.820464] calling  proc_stat_init+0x0/0x1e @ 1
[    5.826373] initcall proc_stat_init+0x0/0x1e returned 0 after 8 usecs
[    5.834358] calling  proc_uptime_init+0x0/0x21 @ 1
[    5.840578] initcall proc_uptime_init+0x0/0x21 returned 0 after 7 usecs
[    5.848696] calling  proc_version_init+0x0/0x21 @ 1
[    5.854817] initcall proc_version_init+0x0/0x21 returned 0 after 7 usecs
[    5.863249] calling  proc_softirqs_init+0x0/0x21 @ 1
[    5.869652] initcall proc_softirqs_init+0x0/0x21 returned 0 after 7 usecs
[    5.878177] calling  proc_kcore_init+0x0/0xea @ 1
[    5.884533] initcall proc_kcore_init+0x0/0xea returned 0 after 337 usecs
[    5.893279] calling  vmcore_init+0x0/0x57b @ 1
[    5.898844] initcall vmcore_init+0x0/0x57b returned 0 after 34 usecs
[    5.906826] calling  proc_kmsg_init+0x0/0x21 @ 1
[    5.912917] initcall proc_kmsg_init+0x0/0x21 returned 0 after 9 usecs
[    5.923266] calling  proc_page_init+0x0/0x3b @ 1
[    5.929268] initcall proc_page_init+0x0/0x3b returned 0 after 11 usecs
[    5.938027] calling  init_ramfs_fs+0x0/0xc @ 1
[    5.944391] initcall init_ramfs_fs+0x0/0xc returned 0 after 334 usecs
[    5.953029] calling  init_hugetlbfs_fs+0x0/0xf6 @ 1
[    5.959851] initcall init_hugetlbfs_fs+0x0/0xf6 returned 0 after 616 usecs
[    5.969795] calling  blk_scsi_ioctl_init+0x0/0x2a5 @ 1
[    5.976256] initcall blk_scsi_ioctl_init+0x0/0x2a5 returned 0 after 23 usecs
[    5.984717] calling  acpi_event_init+0x0/0x2c @ 1
[    5.990619] initcall acpi_event_init+0x0/0x2c returned 0 after 79 usecs
[    5.998626] calling  pnp_system_init+0x0/0xc @ 1
[    6.004822] initcall pnp_system_init+0x0/0xc returned 0 after 580 usecs
[    6.012765] calling  pnpacpi_init+0x0/0x69 @ 1
[    6.018744] pnp: PnP ACPI init
[    6.027995] pnp 00:00: Plug and Play ACPI device, IDs PNP0303 (active)
[    6.037840] pnp 00:01: Plug and Play ACPI device, IDs PNP0f13 (active)
[    6.046071] pnp 00:02: Plug and Play ACPI device, IDs PNP0400 (active)
[    6.054337] pnp 00:03: Plug and Play ACPI device, IDs PNP0501 (active)
[    6.062624] pnp 00:04: Plug and Play ACPI device, IDs PNP0b00 (active)
[    6.073222] system 00:05: [mem 0xb0000000-0xbfffffff window] has been reserved
[    6.084186] system 00:05: Plug and Play ACPI device, IDs PNP0c01 (active)
[    6.096823] pnp: PnP ACPI: found 6 devices
[    6.101952] initcall pnpacpi_init+0x0/0x69 returned 0 after 81489 usecs
[    6.109873] calling  chr_dev_init+0x0/0x14d @ 1
[    6.240099] initcall chr_dev_init+0x0/0x14d returned 0 after 121530 usecs
[    6.249144] calling  firmware_class_init+0x0/0x14a @ 1
[    6.255815] initcall firmware_class_init+0x0/0x14a returned 0 after 65 usecs
[    6.264588] calling  init_pcmcia_bus+0x0/0x5b @ 1
[    6.270815] initcall init_pcmcia_bus+0x0/0x5b returned 0 after 203 usecs
[    6.279130] calling  init_acpi_pm_clocksource+0x0/0xda @ 1
[    6.291541] clocksource: acpi_pm: mask: 0xffffff max_cycles: 0xffffff, max_idle_ns: 2085701024 ns
[    6.303213] initcall init_acpi_pm_clocksource+0x0/0xda returned 0 after 16872 usecs
[    6.312576] calling  sysctl_core_init+0x0/0x26 @ 1
[    6.318826] initcall sysctl_core_init+0x0/0x26 returned 0 after 104 usecs
[    6.327494] calling  eth_offload_init+0x0/0x13 @ 1
[    6.335050] initcall eth_offload_init+0x0/0x13 returned 0 after 788 usecs
[    6.344042] calling  ipv4_offload_init+0x0/0x73 @ 1
[    6.350313] initcall ipv4_offload_init+0x0/0x73 returned 0 after 72 usecs
[    6.358345] calling  inet_init+0x0/0x276 @ 1
[    6.363788] NET: Registered protocol family 2
[    6.370069] IP idents hash table entries: 8192 (order: 4, 65536 bytes, linear)
[    6.383762] tcp_listen_portaddr_hash hash table entries: 256 (order: 2, 20480 bytes, linear)
[    6.393959] TCP established hash table entries: 4096 (order: 3, 32768 bytes, linear)
[    6.403797] TCP bind hash table entries: 4096 (order: 6, 294912 bytes, linear)
[    6.416097] TCP: Hash tables configured (established 4096 bind 4096)
[    6.429940] UDP hash table entries: 256 (order: 3, 40960 bytes, linear)
[    6.440346] UDP-Lite hash table entries: 256 (order: 3, 40960 bytes, linear)
[    6.451069] initcall inet_init+0x0/0x276 returned 0 after 85406 usecs
[    6.460691] calling  af_unix_init+0x0/0x4d @ 1
[    6.467491] NET: Registered protocol family 1
[    6.474230] initcall af_unix_init+0x0/0x4d returned 0 after 6598 usecs
[    6.483968] calling  ipv6_offload_init+0x0/0x7e @ 1
[    6.491644] initcall ipv6_offload_init+0x0/0x7e returned 0 after 71 usecs
[    6.501737] calling  init_sunrpc+0x0/0x65 @ 1
[    6.532966] RPC: Registered named UNIX socket transport module.
[    6.542186] RPC: Registered udp transport module.
[    6.549461] RPC: Registered tcp transport module.
[    6.556585] RPC: Registered tcp NFSv4.1 backchannel transport module.
[    6.566611] initcall init_sunrpc+0x0/0x65 returned 0 after 56437 usecs
[    6.576660] calling  cfg80211_init+0x0/0xc5 @ 1
[    6.590564] initcall cfg80211_init+0x0/0xc5 returned 0 after 6821 usecs
[    6.599637] calling  pcibios_assign_resources+0x0/0xbf @ 1
[    6.607306] pci_bus 0000:00: resource 4 [io  0x0000-0x0cf7 window]
[    6.614596] pci_bus 0000:00: resource 5 [io  0x0d00-0xffff window]
[    6.622074] pci_bus 0000:00: resource 6 [mem 0x000a0000-0x000bffff window]
[    6.630273] pci_bus 0000:00: resource 7 [mem 0x20000000-0xafffffff window]
[    6.638418] pci_bus 0000:00: resource 8 [mem 0xc0000000-0xfebfffff window]
[    6.646566] pci_bus 0000:00: resource 9 [mem 0x100000000-0x8ffffffff window]
[    6.655562] initcall pcibios_assign_resources+0x0/0xbf returned 0 after 48156 usecs
[    6.664677] calling  pci_apply_final_quirks+0x0/0x124 @ 1
[    6.672422] pci 0000:00:01.0: calling  pci_fixup_video+0x0/0xe0 @ 1
[    6.680464] pci 0000:00:01.0: Video device with shadowed ROM at [mem 0x000c0000-0x000dffff]
[    6.691025] pci 0000:00:01.0: pci_fixup_video+0x0/0xe0 took 10476 usecs
[    6.700414] PCI: CLS 0 bytes, default 64
[    6.705624] initcall pci_apply_final_quirks+0x0/0x124 returned 0 after 33710 usecs
[    6.714254] calling  acpi_reserve_resources+0x0/0xea @ 1
[    6.720582] initcall acpi_reserve_resources+0x0/0xea returned 0 after 57 usecs
[    6.728880] calling  populate_rootfs+0x0/0x102 @ 1
[    6.740244] initcall populate_rootfs+0x0/0x102 returned 0 after 5530 usecs
[    6.750045] calling  pci_iommu_init+0x0/0x3e @ 1
[    6.756609] initcall pci_iommu_init+0x0/0x3e returned 0 after 135 usecs
[    6.767151] calling  ia32_binfmt_init+0x0/0x13 @ 1
[    6.772967] initcall ia32_binfmt_init+0x0/0x13 returned 0 after 53 usecs
[    6.780751] calling  rapl_pmu_init+0x0/0x267 @ 1
[    6.786272] initcall rapl_pmu_init+0x0/0x267 returned -19 after 72 usecs
[    6.794034] calling  amd_uncore_init+0x0/0x310 @ 1
[    6.799658] initcall amd_uncore_init+0x0/0x310 returned -19 after 0 usecs
[    6.807522] calling  amd_ibs_init+0x0/0x25f @ 1
[    6.812889] initcall amd_ibs_init+0x0/0x25f returned -19 after 0 usecs
[    6.820481] calling  amd_iommu_pc_init+0x0/0x22c @ 1
[    6.826571] initcall amd_iommu_pc_init+0x0/0x22c returned -19 after 124 usecs
[    6.834974] calling  msr_init+0x0/0x55 @ 1
[    6.840007] initcall msr_init+0x0/0x55 returned 0 after 144 usecs
[    6.847228] calling  intel_uncore_init+0x0/0x36f @ 1
[    6.853289] initcall intel_uncore_init+0x0/0x36f returned -19 after 56 usecs
[    6.862485] calling  cstate_pmu_init+0x0/0x1a1 @ 1
[    6.868289] initcall cstate_pmu_init+0x0/0x1a1 returned -19 after 0 usecs
[    6.876170] calling  register_kernel_offset_dumper+0x0/0x1a @ 1
[    6.883078] initcall register_kernel_offset_dumper+0x0/0x1a returned 0 after 28 usecs
[    6.892321] calling  i8259A_init_ops+0x0/0x20 @ 1
[    6.898059] initcall i8259A_init_ops+0x0/0x20 returned 0 after 2 usecs
[    6.905751] calling  init_tsc_clocksource+0x0/0xa4 @ 1
[    6.911909] clocksource: tsc: mask: 0xffffffffffffffff max_cycles: 0x39a85afc727, max_idle_ns: 881590685098 ns
[    6.923497] initcall init_tsc_clocksource+0x0/0xa4 returned 0 after 11343 usecs
[    6.932178] calling  add_rtc_cmos+0x0/0xb0 @ 1
[    6.937709] initcall add_rtc_cmos+0x0/0xb0 returned 0 after 113 usecs
[    6.945493] calling  i8237A_init_ops+0x0/0x3a @ 1
[    6.951322] initcall i8237A_init_ops+0x0/0x3a returned 0 after 115 usecs
[    6.959490] calling  umwait_init+0x0/0x94 @ 1
[    6.965020] initcall umwait_init+0x0/0x94 returned -19 after 17 usecs
[    6.972914] calling  thermal_throttle_init_device+0x0/0x3d @ 1
[    6.980116] initcall thermal_throttle_init_device+0x0/0x3d returned 0 after 64 usecs
[    6.991439] calling  msr_init+0x0/0xd7 @ 1
[    7.014958] initcall msr_init+0x0/0xd7 returned 0 after 15627 usecs
[    7.022775] calling  cpuid_init+0x0/0xd7 @ 1
[    7.035913] initcall cpuid_init+0x0/0xd7 returned 0 after 7502 usecs
[    7.043882] calling  ioapic_init_ops+0x0/0x13 @ 1
[    7.050422] initcall ioapic_init_ops+0x0/0x13 returned 0 after 33 usecs
[    7.059026] calling  add_pcspkr+0x0/0x6c @ 1
[    7.064659] initcall add_pcspkr+0x0/0x6c returned 0 after 178 usecs
[    7.073225] calling  start_periodic_check_for_corruption+0x0/0x30 @ 1
[    7.081275] check: Scanning for low memory corruption every 60 seconds
[    7.090210] initcall start_periodic_check_for_corruption+0x0/0x30 returned 0 after 8818 usecs
[    7.103222] calling  sysfb_init+0x0/0x9c @ 1
[    7.110680] initcall sysfb_init+0x0/0x9c returned 0 after 164 usecs
[    7.118356] calling  audit_classes_init+0x0/0xae @ 1
[    7.124531] initcall audit_classes_init+0x0/0xae returned 0 after 64 usecs
[    7.133000] calling  iosf_mbi_init+0x0/0x24 @ 1
[    7.139100] initcall iosf_mbi_init+0x0/0x24 returned 0 after 403 usecs
[    7.147251] calling  proc_execdomains_init+0x0/0x21 @ 1
[    7.154273] initcall proc_execdomains_init+0x0/0x21 returned 0 after 159 usecs
[    7.163906] calling  register_warn_debugfs+0x0/0x23 @ 1
[    7.171217] initcall register_warn_debugfs+0x0/0x23 returned 0 after 105 usecs
[    7.179746] calling  cpuhp_sysfs_init+0x0/0x79 @ 1
[    7.187339] initcall cpuhp_sysfs_init+0x0/0x79 returned 0 after 218 usecs
[    7.197449] calling  ioresources_init+0x0/0x49 @ 1
[    7.204778] initcall ioresources_init+0x0/0x49 returned 0 after 31 usecs
[    7.214720] calling  lockdep_proc_init+0x0/0x64 @ 1
[    7.222257] initcall lockdep_proc_init+0x0/0x64 returned 0 after 59 usecs
[    7.232518] calling  snapshot_device_init+0x0/0xc @ 1
[    7.242182] initcall snapshot_device_init+0x0/0xc returned 0 after 1828 usecs
[    7.252869] calling  irq_pm_init_ops+0x0/0x13 @ 1
[    7.259920] initcall irq_pm_init_ops+0x0/0x13 returned 0 after 53 usecs
[    7.269686] calling  rcu_torture_init+0x0/0x9be @ 1
[    7.277426] tasks-tracing-torture:--- Start of test: nreaders=3 nfakewriters=4 stat_interval=15 verbose=1 test_no_idle_hz=1 shuffle_interval=3 stutter=5 irqreader=1 fqs_duration=0 fqs_holdoff=0 fqs_stutter=3 test_boost=1/0 test_boost_interval=7 test_boost_duration=4 shutdown_secs=1800 stall_cpu=0 stall_cpu_holdoff=10 stall_cpu_irqsoff=0 stall_cpu_block=0 n_barrier_cbs=4 onoff_interval=1000 onoff_holdoff=30 read_exit_delay=13 read_exit_burst=16
[    7.332689] tasks-tracing:  Start-test grace-period state: g0 f0x0
[    7.340129] tasks-tracing-torture: Creating rcu_torture_writer task
[    7.349786] tasks-tracing-torture: Creating rcu_torture_fakewriter task
[    7.349988] tasks-tracing-torture: rcu_torture_writer task started
[    7.360030] tasks-tracing-torture: Creating rcu_torture_fakewriter task
[    7.360630] tasks-tracing-torture: rcu_torture_fakewriter task started
[    7.365515] tasks-tracing-torture: GP expediting controlled from boot/sysfs for tasks-tracing.
[    7.375610] tasks-tracing-torture: Creating rcu_torture_fakewriter task
[    7.375866] tasks-tracing-torture: rcu_torture_fakewriter task started
[    7.381587] rcu_torture_writer: Testing expedited GPs.
[    7.397816] tasks-tracing-torture: Creating rcu_torture_fakewriter task
[    7.398020] tasks-tracing-torture: rcu_torture_fakewriter task started
[    7.399210] rcu_torture_writer: Testing asynchronous GPs.
[    7.408804] tasks-tracing-torture: Creating rcu_torture_reader task
[    7.408903] tasks-tracing-torture: rcu_torture_fakewriter task started
[    7.413077] rcu_torture_writer: Testing normal GPs.
[    7.458199] tasks-tracing-torture: Creating rcu_torture_reader task
[    7.458656] tasks-tracing-torture: rcu_torture_reader task started
[    7.467930] tasks-tracing-torture: Creating rcu_torture_reader task
[    7.468062] tasks-tracing-torture: rcu_torture_reader task started
[    7.490612] tasks-tracing-torture: Creating rcu_torture_stats task
[    7.490939] tasks-tracing-torture: rcu_torture_reader task started
[    7.498321] tasks-tracing-torture: Creating torture_shuffle task
[    7.506907] tasks-tracing-torture: rcu_torture_stats task started
[    7.525216] tasks-tracing-torture: Creating torture_stutter task
[    7.525270] tasks-tracing-torture: torture_shuffle task started
[    7.534536] tasks-tracing-torture: Creating torture_shutdown task
[    7.537541] tasks-tracing-torture: torture_stutter task started
[    7.558040] tasks-tracing-torture: Creating torture_onoff task
[    7.558845] tasks-tracing-torture: torture_shutdown task started
[    7.570837] tasks-tracing-torture: rcu_torture_fwd_prog_init: Disabled, unsupported by RCU flavor under test
[    7.570924] tasks-tracing-torture: torture_onoff task started
[    7.570928] tasks-tracing-torture: torture_onoff begin holdoff
[    7.573920] tasks-tracing-torture:torture_shutdown task: 1799960 ms remaining
[    7.585597] tasks-tracing-torture: Creating rcu_torture_barrier_cbs task
[    7.587948] tasks-tracing-torture: Creating rcu_torture_barrier_cbs task
[    7.588337] tasks-tracing-torture: rcu_torture_barrier_cbs task started
[    7.634824] tasks-tracing-torture: Creating rcu_torture_barrier_cbs task
[    7.635022] tasks-tracing-torture: rcu_torture_barrier_cbs task started
[    7.644647] tasks-tracing-torture: Creating rcu_torture_barrier_cbs task
[    7.645188] tasks-tracing-torture: rcu_torture_barrier_cbs task started
[    7.670346] tasks-tracing-torture: Creating rcu_torture_barrier task
[    7.670365] tasks-tracing-torture: rcu_torture_barrier_cbs task started
[    7.681748] tasks-tracing-torture: Creating rcu_torture_read_exit task
[    7.681826] tasks-tracing-torture: rcu_torture_barrier task starting
[    7.709269] initcall rcu_torture_init+0x0/0x9be returned 0 after 421962 usecs
[    7.709271] tasks-tracing-torture: rcu_torture_read_exit: Start of test
[    7.730435] calling  timekeeping_init_ops+0x0/0x13 @ 1
[    7.738549] initcall timekeeping_init_ops+0x0/0x13 returned 0 after 32 usecs
[    7.749366] calling  init_clocksource_sysfs+0x0/0x23 @ 1
[    7.757846] initcall init_clocksource_sysfs+0x0/0x23 returned 0 after 162 usecs
[    7.766547] calling  init_timer_list_procfs+0x0/0x31 @ 1
[    7.772915] initcall init_timer_list_procfs+0x0/0x31 returned 0 after 10 usecs
[    7.781543] calling  alarmtimer_init+0x0/0xf5 @ 1
[    7.787420] initcall alarmtimer_init+0x0/0xf5 returned 0 after 251 usecs
[    7.795652] calling  init_posix_timers+0x0/0x29 @ 1
[    7.801588] initcall init_posix_timers+0x0/0x29 returned 0 after 15 usecs
[    7.809780] calling  clockevents_init_sysfs+0x0/0xbf @ 1
[    7.816514] initcall clockevents_init_sysfs+0x0/0xbf returned 0 after 305 usecs
[    7.825231] calling  proc_dma_init+0x0/0x21 @ 1
[    7.831595] initcall proc_dma_init+0x0/0x21 returned 0 after 208 usecs
[    7.839422] calling  proc_modules_init+0x0/0x1e @ 1
[    7.845337] initcall proc_modules_init+0x0/0x1e returned 0 after 5 usecs
[    7.853265] calling  kallsyms_init+0x0/0x21 @ 1
[    7.858579] initcall kallsyms_init+0x0/0x21 returned 0 after 5 usecs
[    7.866012] calling  pid_namespaces_init+0x0/0x2c @ 1
[    7.871963] initcall pid_namespaces_init+0x0/0x2c returned 0 after 14 usecs
[    7.880098] calling  audit_watch_init+0x0/0x37 @ 1
[    7.885883] initcall audit_watch_init+0x0/0x37 returned 0 after 16 usecs
[    7.893687] calling  audit_fsnotify_init+0x0/0x37 @ 1
[    7.899603] initcall audit_fsnotify_init+0x0/0x37 returned 0 after 8 usecs
[    7.907858] calling  audit_tree_init+0x0/0x6d @ 1
[    7.913623] initcall audit_tree_init+0x0/0x6d returned 0 after 238 usecs
[    7.921484] calling  seccomp_sysctl_init+0x0/0x2b @ 1
[    7.927817] initcall seccomp_sysctl_init+0x0/0x2b returned 0 after 29 usecs
[    7.936120] calling  utsname_sysctl_init+0x0/0x13 @ 1
[    7.942230] initcall utsname_sysctl_init+0x0/0x13 returned 0 after 26 usecs
[    7.950502] calling  init_tracepoints+0x0/0x27 @ 1
[    7.956298] initcall init_tracepoints+0x0/0x27 returned 0 after 74 usecs
[    7.964233] calling  init_blk_tracer+0x0/0x50 @ 1
[    7.970290] initcall init_blk_tracer+0x0/0x50 returned 0 after 425 usecs
[    7.978239] calling  perf_event_sysfs_init+0x0/0x83 @ 1
[    7.985306] initcall perf_event_sysfs_init+0x0/0x83 returned 0 after 646 usecs
[    7.995170] calling  system_trusted_keyring_init+0x0/0x60 @ 1
[    8.002341] Initialise system trusted keyrings
[    8.009322] initcall system_trusted_keyring_init+0x0/0x60 returned 0 after 6812 usecs
[    8.020807] calling  kswapd_init+0x0/0x5c @ 1
[    8.029648] initcall kswapd_init+0x0/0x5c returned 0 after 2028 usecs
[    8.038233] calling  extfrag_debug_init+0x0/0x54 @ 1
[    8.044741] initcall extfrag_debug_init+0x0/0x54 returned 0 after 491 usecs
[    8.052962] calling  mm_compute_batch_init+0x0/0x12 @ 1
[    8.059293] initcall mm_compute_batch_init+0x0/0x12 returned 0 after 14 usecs
[    8.067828] calling  slab_proc_init+0x0/0x21 @ 1
[    8.073608] initcall slab_proc_init+0x0/0x21 returned 0 after 35 usecs
[    8.081469] calling  workingset_init+0x0/0x8c @ 1
[    8.087209] workingset: timestamp_bits=56 max_order=17 bucket_order=0
[    8.094932] initcall workingset_init+0x0/0x8c returned 0 after 7540 usecs
[    8.102918] calling  proc_vmalloc_init+0x0/0x32 @ 1
[    8.108796] initcall proc_vmalloc_init+0x0/0x32 returned 0 after 6 usecs
[    8.116776] calling  procswaps_init+0x0/0x1e @ 1
[    8.122491] initcall procswaps_init+0x0/0x1e returned 0 after 112 usecs
[    8.130434] calling  slab_sysfs_init+0x0/0xec @ 1
[    8.143565] initcall slab_sysfs_init+0x0/0xec returned 0 after 7009 usecs
[    8.151808] calling  fcntl_init+0x0/0x29 @ 1
[    8.157226] initcall fcntl_init+0x0/0x29 returned 0 after 207 usecs
[    8.164770] calling  proc_filesystems_init+0x0/0x21 @ 1
[    8.173513] initcall proc_filesystems_init+0x0/0x21 returned 0 after 8 usecs
[    8.182383] calling  start_dirtytime_writeback+0x0/0x29 @ 1
[    8.189439] initcall start_dirtytime_writeback+0x0/0x29 returned 0 after 2 usecs
[    8.198484] calling  blkdev_init+0x0/0x1b @ 1
[    8.204279] initcall blkdev_init+0x0/0x1b returned 0 after 272 usecs
[    8.212192] calling  dio_init+0x0/0x2c @ 1
[    8.217518] initcall dio_init+0x0/0x2c returned 0 after 173 usecs
[    8.224829] calling  dnotify_init+0x0/0x78 @ 1
[    8.230386] initcall dnotify_init+0x0/0x78 returned 0 after 115 usecs
[    8.239786] calling  aio_setup+0x0/0x78 @ 1
[    8.245833] initcall aio_setup+0x0/0x78 returned 0 after 571 usecs
[    8.253860] calling  io_uring_init+0x0/0x2c @ 1
[    8.259829] initcall io_uring_init+0x0/0x2c returned 0 after 12 usecs
[    8.267976] calling  mbcache_init+0x0/0x30 @ 1
[    8.274410] initcall mbcache_init+0x0/0x30 returned 0 after 125 usecs
[    8.283631] calling  init_grace+0x0/0xc @ 1
[    8.289089] initcall init_grace+0x0/0xc returned 0 after 24 usecs
[    8.296845] calling  init_v2_quota_format+0x0/0x21 @ 1
[    8.303561] initcall init_v2_quota_format+0x0/0x21 returned 0 after 116 usecs
[    8.312632] calling  init_devpts_fs+0x0/0x27 @ 1
[    8.318836] initcall init_devpts_fs+0x0/0x27 returned 0 after 168 usecs
[    8.327193] calling  ext4_init_fs+0x0/0x1c2 @ 1
[    8.334309] initcall ext4_init_fs+0x0/0x1c2 returned 0 after 1187 usecs
[    8.342660] calling  journal_init+0x0/0x11c @ 1
[    8.348732] initcall journal_init+0x0/0x11c returned 0 after 262 usecs
[    8.356813] calling  init_fat_fs+0x0/0x49 @ 1
[    8.362937] initcall init_fat_fs+0x0/0x49 returned 0 after 187 usecs
[    8.371208] calling  init_vfat_fs+0x0/0xc @ 1
[    8.376918] initcall init_vfat_fs+0x0/0xc returned 0 after 25 usecs
[    8.384893] calling  init_msdos_fs+0x0/0xc @ 1
[    8.390803] initcall init_msdos_fs+0x0/0xc returned 0 after 2 usecs
[    8.398822] calling  init_iso9660_fs+0x0/0x6c @ 1
[    8.405352] initcall init_iso9660_fs+0x0/0x6c returned 0 after 344 usecs
[    8.413908] calling  init_nfs_fs+0x0/0x13a @ 1
[    8.424260] initcall init_nfs_fs+0x0/0x13a returned 0 after 4280 usecs
[    8.432285] calling  init_nfs_v2+0x0/0x13 @ 1
[    8.438154] initcall init_nfs_v2+0x0/0x13 returned 0 after 468 usecs
[    8.446509] calling  init_nfs_v3+0x0/0x13 @ 1
[    8.452215] initcall init_nfs_v3+0x0/0x13 returned 0 after 1 usecs
[    8.459973] calling  init_nfs_v4+0x0/0x32 @ 1
[    8.465828] NFS: Registering the id_resolver key type
[    8.472605] Key type id_resolver registered
[    8.478083] Key type id_legacy registered
[    8.483963] initcall init_nfs_v4+0x0/0x32 returned 0 after 17752 usecs
[    8.493665] calling  init_nlm+0x0/0x5b @ 1
[    8.499311] initcall init_nlm+0x0/0x5b returned 0 after 71 usecs
[    8.507633] calling  init_nls_cp437+0x0/0xe @ 1
[    8.514438] initcall init_nls_cp437+0x0/0xe returned 0 after 370 usecs
[    8.524324] calling  init_nls_ascii+0x0/0xe @ 1
[    8.530164] initcall init_nls_ascii+0x0/0xe returned 0 after 1 usecs
[    8.538516] calling  init_nls_iso8859_1+0x0/0xe @ 1
[    8.544722] initcall init_nls_iso8859_1+0x0/0xe returned 0 after 1 usecs
[    8.553066] calling  init_nls_utf8+0x0/0x21 @ 1
[    8.558792] initcall init_nls_utf8+0x0/0x21 returned 0 after 1 usecs
[    8.566947] calling  init_autofs_fs+0x0/0x25 @ 1
[    8.574824] initcall init_autofs_fs+0x0/0x25 returned 0 after 1678 usecs
[    8.583669] calling  ipc_init+0x0/0x24 @ 1
[    8.589292] initcall ipc_init+0x0/0x24 returned 0 after 47 usecs
[    8.597038] calling  ipc_sysctl_init+0x0/0x13 @ 1
[    8.603339] initcall ipc_sysctl_init+0x0/0x13 returned 0 after 32 usecs
[    8.611878] calling  init_mqueue_fs+0x0/0xb1 @ 1
[    8.618759] initcall init_mqueue_fs+0x0/0xb1 returned 0 after 849 usecs
[    8.627240] calling  key_proc_init+0x0/0x63 @ 1
[    8.632959] initcall key_proc_init+0x0/0x63 returned 0 after 42 usecs
[    8.641534] calling  selinux_nf_ip_init+0x0/0x2e @ 1
[    8.648077] initcall selinux_nf_ip_init+0x0/0x2e returned 0 after 55 usecs
[    8.657034] calling  init_sel_fs+0x0/0x116 @ 1
[    8.663149] initcall init_sel_fs+0x0/0x116 returned 0 after 0 usecs
[    8.671119] calling  selnl_init+0x0/0x7c @ 1
[    8.679904] initcall selnl_init+0x0/0x7c returned 0 after 558 usecs
[    8.688011] calling  sel_netif_init+0x0/0x36 @ 1
[    8.694061] initcall sel_netif_init+0x0/0x36 returned 0 after 1 usecs
[    8.702487] calling  sel_netnode_init+0x0/0x33 @ 1
[    8.708870] initcall sel_netnode_init+0x0/0x33 returned 0 after 0 usecs
[    8.717507] calling  sel_netport_init+0x0/0x33 @ 1
[    8.723931] initcall sel_netport_init+0x0/0x33 returned 0 after 0 usecs
[    8.732509] calling  aurule_init+0x0/0x2a @ 1
[    8.738338] initcall aurule_init+0x0/0x2a returned 0 after 2 usecs
[    8.746753] calling  crypto_algapi_init+0x0/0xc @ 1
[    8.753616] initcall crypto_algapi_init+0x0/0xc returned 0 after 7 usecs
[    8.763457] calling  jent_mod_init+0x0/0x2d @ 1
[    8.784167] initcall jent_mod_init+0x0/0x2d returned 0 after 13727 usecs
[    8.795842] calling  asymmetric_key_init+0x0/0xc @ 1
[    8.804445] Key type asymmetric registered
[    8.811495] initcall asymmetric_key_init+0x0/0xc returned 0 after 6882 usecs
[    8.822985] calling  x509_key_init+0x0/0xc @ 1
[    8.830524] Asymmetric key parser 'x509' registered
[    8.838987] initcall x509_key_init+0x0/0xc returned 0 after 8338 usecs
[    8.850649] calling  proc_genhd_init+0x0/0x41 @ 1
[    8.857248] initcall proc_genhd_init+0x0/0x41 returned 0 after 10 usecs
[    8.868480] calling  bsg_init+0x0/0x113 @ 1
[    8.874757] Block layer SCSI generic (bsg) driver version 0.4 loaded (major 251)
[    8.886497] initcall bsg_init+0x0/0x113 returned 0 after 11543 usecs
[    8.897080] calling  deadline_init+0x0/0xc @ 1
[    8.904656] io scheduler mq-deadline registered
[    8.912020] initcall deadline_init+0x0/0xc returned 0 after 7505 usecs
[    8.921240] calling  kyber_init+0x0/0xc @ 1
[    8.927092] io scheduler kyber registered
[    8.932819] initcall kyber_init+0x0/0xc returned 0 after 5613 usecs
[    8.941654] calling  mod_init+0x0/0x7 @ 1
[    8.948232] initcall mod_init+0x0/0x7 returned 0 after 0 usecs
[    8.956780] calling  percpu_counter_startup+0x0/0x55 @ 1
[    8.967117] initcall percpu_counter_startup+0x0/0x55 returned 0 after 2100 usecs
[    8.980116] calling  sg_pool_init+0x0/0xb4 @ 1
[    8.988378] initcall sg_pool_init+0x0/0xb4 returned 0 after 680 usecs
[    8.999606] calling  pcie_portdrv_init+0x0/0x39 @ 1
[    9.008052] initcall pcie_portdrv_init+0x0/0x39 returned 0 after 140 usecs
[    9.018076] calling  pci_proc_init+0x0/0x68 @ 1
[    9.024793] initcall pci_proc_init+0x0/0x68 returned 0 after 61 usecs
[    9.033852] calling  pci_hotplug_init+0x0/0x7 @ 1
[    9.040953] initcall pci_hotplug_init+0x0/0x7 returned 0 after 0 usecs
[    9.050735] calling  efifb_driver_init+0x0/0xe @ 1
[    9.057974] initcall efifb_driver_init+0x0/0xe returned 0 after 74 usecs
[    9.068065] calling  ged_driver_init+0x0/0xe @ 1
[    9.075591] initcall ged_driver_init+0x0/0xe returned 0 after 98 usecs
[    9.085658] calling  acpi_ac_init+0x0/0x92 @ 1
[    9.094361] initcall acpi_ac_init+0x0/0x92 returned 0 after 1851 usecs
[    9.103635] calling  acpi_button_driver_init+0x0/0x52 @ 1
[    9.113722] input: Power Button as /devices/LNXSYSTM:00/LNXPWRBN:00/input/input0
[    9.129642] ACPI: Power Button [PWRF]
[    9.136590] initcall acpi_button_driver_init+0x0/0x52 returned 0 after 24270 usecs
[    9.149840] calling  acpi_fan_driver_init+0x0/0xe @ 1
[    9.158802] initcall acpi_fan_driver_init+0x0/0xe returned 0 after 42 usecs
[    9.170888] calling  acpi_video_init+0x0/0xcb @ 1
[    9.180138] initcall acpi_video_init+0x0/0xcb returned 0 after 931 usecs
[    9.191356] calling  acpi_processor_driver_init+0x0/0xad @ 1
[    9.204612] initcall acpi_processor_driver_init+0x0/0xad returned 0 after 3741 usecs
[    9.216619] calling  acpi_thermal_init+0x0/0x71 @ 1
[    9.227672] initcall acpi_thermal_init+0x0/0x71 returned 0 after 2793 usecs
[    9.239711] calling  acpi_battery_init+0x0/0x32 @ 1
[    9.247730] initcall acpi_battery_init+0x0/0x32 returned 0 after 85 usecs
[    9.257904] calling  bgrt_init+0x0/0xb6 @ 1
[    9.264683] initcall bgrt_init+0x0/0xb6 returned -19 after 0 usecs
[    9.274470] calling  gpio_clk_driver_init+0x0/0xe @ 1
[    9.282707] initcall gpio_clk_driver_init+0x0/0xe returned 0 after 144 usecs
[    9.293616] calling  plt_clk_driver_init+0x0/0xe @ 1
[    9.301566] initcall plt_clk_driver_init+0x0/0xe returned 0 after 29 usecs
[    9.322497] calling  virtio_pci_driver_init+0x0/0x15 @ 1
[    9.343134] initcall virtio_pci_driver_init+0x0/0x15 returned 0 after 8934 usecs
[    9.355210] calling  n_null_init+0x0/0x1e @ 1
[    9.362420] initcall n_null_init+0x0/0x1e returned 0 after 143 usecs
[    9.372998] calling  pty_init+0x0/0x1e8 @ 1
[    9.391234] initcall pty_init+0x0/0x1e8 returned 0 after 11003 usecs
[    9.401816] calling  sysrq_init+0x0/0x62 @ 1
[    9.409344] initcall sysrq_init+0x0/0x62 returned 0 after 621 usecs
[    9.420209] calling  serial8250_init+0x0/0x17e @ 1
[    9.429050] Serial: 8250/16550 driver, 4 ports, IRQ sharing enabled
[    9.457589] 00:03: ttyS0 at I/O 0x3f8 (irq = 4, base_baud = 115200) is a 16550A
[    9.514063] initcall serial8250_init+0x0/0x17e returned 0 after 83422 usecs
[    9.524157] calling  serial_pci_driver_init+0x0/0x15 @ 1
[    9.534399] initcall serial_pci_driver_init+0x0/0x15 returned 0 after 1900 usecs
[    9.547153] calling  exar_pci_driver_init+0x0/0x15 @ 1
[    9.556332] initcall exar_pci_driver_init+0x0/0x15 returned 0 after 129 usecs
[    9.567066] calling  lpss8250_pci_driver_init+0x0/0x15 @ 1
[    9.576797] initcall lpss8250_pci_driver_init+0x0/0x15 returned 0 after 100 usecs
[    9.590338] calling  mid8250_pci_driver_init+0x0/0x15 @ 1
[    9.599997] initcall mid8250_pci_driver_init+0x0/0x15 returned 0 after 138 usecs
[    9.613283] calling  virtio_console_init+0x0/0xff @ 1
[    9.625695] initcall virtio_console_init+0x0/0xff returned 0 after 2783 usecs
[    9.638842] calling  hpet_init+0x0/0x64 @ 1
[    9.666444] initcall hpet_init+0x0/0x64 returned 0 after 19003 usecs
[    9.677184] calling  nvram_module_init+0x0/0x83 @ 1
[    9.688317] Non-volatile memory driver v1.3
[    9.696899] initcall nvram_module_init+0x0/0x83 returned 0 after 11642 usecs
[    9.708177] calling  hwrng_modinit+0x0/0x8a @ 1
[    9.718791] initcall hwrng_modinit+0x0/0x8a returned 0 after 2908 usecs
[    9.730056] calling  mod_init+0x0/0x48 @ 1
[    9.737610] initcall mod_init+0x0/0x48 returned -19 after 0 usecs
[    9.747370] calling  agp_init+0x0/0x23 @ 1
[    9.754562] Linux agpgart interface v0.103
[    9.761799] initcall agp_init+0x0/0x23 returned 0 after 7063 usecs
[    9.772330] calling  agp_amd64_mod_init+0x0/0x5 @ 1
[    9.783983] initcall agp_amd64_mod_init+0x0/0x5 returned -19 after 1766 usecs
[    9.795483] calling  agp_intel_init+0x0/0x28 @ 1
[    9.805990] initcall agp_intel_init+0x0/0x28 returned 0 after 2548 usecs
[    9.817331] calling  drm_kms_helper_init+0x0/0x7 @ 1
[    9.825088] initcall drm_kms_helper_init+0x0/0x7 returned 0 after 122 usecs
[    9.837305] calling  drm_core_init+0x0/0xbd @ 1
[    9.845971] initcall drm_core_init+0x0/0xbd returned 0 after 812 usecs
[    9.857020] calling  i915_init+0x0/0x6b @ 1
[    9.873730] initcall i915_init+0x0/0x6b returned 0 after 9462 usecs
[    9.884614] calling  cn_proc_init+0x0/0x35 @ 1
[    9.892085] initcall cn_proc_init+0x0/0x35 returned 0 after 134 usecs
[    9.902162] calling  topology_sysfs_init+0x0/0x27 @ 1
[    9.911160] initcall topology_sysfs_init+0x0/0x27 returned 0 after 853 usecs
[    9.922467] calling  cacheinfo_sysfs_init+0x0/0x27 @ 1
[    9.939840] initcall cacheinfo_sysfs_init+0x0/0x27 returned 0 after 7885 usecs
[    9.951961] calling  loop_init+0x0/0x16a @ 1
[   10.082209] loop: module loaded
[   10.088641] initcall loop_init+0x0/0x16a returned 0 after 126377 usecs
[   10.100599] calling  mac_hid_init+0x0/0x21 @ 1
[   10.108134] initcall mac_hid_init+0x0/0x21 returned 0 after 112 usecs
[   10.118348] calling  spi_transport_init+0x0/0x74 @ 1
[   10.126758] initcall spi_transport_init+0x0/0x74 returned 0 after 468 usecs
[   10.138322] calling  init_sd+0x0/0x18c @ 1
[   10.145261] initcall init_sd+0x0/0x18c returned 0 after 330 usecs
[   10.154965] calling  init_sr+0x0/0x43 @ 1
[   10.162869] initcall init_sr+0x0/0x43 returned 0 after 287 usecs
[   10.173821] calling  init_sg+0x0/0x1c0 @ 1
[   10.181881] initcall init_sg+0x0/0x1c0 returned 0 after 476 usecs
[   10.192406] calling  ahci_pci_driver_init+0x0/0x15 @ 1
[   10.203270] ahci 0000:00:1f.2: version 3.0
[   10.220569] PCI Interrupt Link [GSIA] enabled at IRQ 16
[   10.254063] ahci 0000:00:1f.2: AHCI 0001.0000 32 slots 6 ports 1.5 Gbps 0x3f impl SATA mode
[   10.268116] ahci 0000:00:1f.2: flags: 64bit ncq only 
[   10.317929] scsi host0: ahci
[   10.335989] scsi host1: ahci
[   10.356062] scsi host2: ahci
[   10.372714] scsi host3: ahci
[   10.390046] scsi host4: ahci
[   10.405844] scsi host5: ahci
[   10.413258] ata1: SATA max UDMA/133 abar m4096@0xfebf1000 port 0xfebf1100 irq 24
[   10.425798] ata2: SATA max UDMA/133 abar m4096@0xfebf1000 port 0xfebf1180 irq 24
[   10.439109] ata3: SATA max UDMA/133 abar m4096@0xfebf1000 port 0xfebf1200 irq 24
[   10.452051] ata4: SATA max UDMA/133 abar m4096@0xfebf1000 port 0xfebf1280 irq 24
[   10.464150] ata5: SATA max UDMA/133 abar m4096@0xfebf1000 port 0xfebf1300 irq 24
[   10.477578] ata6: SATA max UDMA/133 abar m4096@0xfebf1000 port 0xfebf1380 irq 24
[   10.491932] initcall ahci_pci_driver_init+0x0/0x15 returned 0 after 283280 usecs
[   10.506225] calling  piix_init+0x0/0x26 @ 1
[   10.514401] initcall piix_init+0x0/0x26 returned 0 after 194 usecs
[   10.525747] calling  amd_pci_driver_init+0x0/0x15 @ 1
[   10.535627] initcall amd_pci_driver_init+0x0/0x15 returned 0 after 218 usecs
[   10.548567] calling  oldpiix_pci_driver_init+0x0/0x15 @ 1
[   10.558753] initcall oldpiix_pci_driver_init+0x0/0x15 returned 0 after 150 usecs
[   10.572017] calling  sch_pci_driver_init+0x0/0x15 @ 1
[   10.581256] initcall sch_pci_driver_init+0x0/0x15 returned 0 after 52 usecs
[   10.593111] calling  net_olddevs_init+0x0/0x55 @ 1
[   10.602367] initcall net_olddevs_init+0x0/0x55 returned 0 after 253 usecs
[   10.613193] calling  blackhole_netdev_init+0x0/0x78 @ 1
[   10.625368] initcall blackhole_netdev_init+0x0/0x78 returned 0 after 2542 usecs
[   10.638155] calling  phy_module_init+0x0/0x13 @ 1
[   10.648049] initcall phy_module_init+0x0/0x13 returned 0 after 409 usecs
[   10.660057] calling  tg3_driver_init+0x0/0x15 @ 1
[   10.668906] initcall tg3_driver_init+0x0/0x15 returned 0 after 232 usecs
[   10.680669] calling  e100_init_module+0x0/0x4c @ 1
[   10.690016] e100: Intel(R) PRO/100 Network Driver
[   10.698011] e100: Copyright(c) 1999-2006 Intel Corporation
[   10.707156] initcall e100_init_module+0x0/0x4c returned 0 after 16733 usecs
[   10.718525] calling  e1000_init_module+0x0/0x72 @ 1
[   10.726996] e1000: Intel(R) PRO/1000 Network Driver
[   10.735076] e1000: Copyright (c) 1999-2006 Intel Corporation.
[   10.744889] initcall e1000_init_module+0x0/0x72 returned 0 after 17468 usecs
[   10.756251] calling  e1000_init_module+0x0/0x2d @ 1
[   10.763967] e1000e: Intel(R) PRO/1000 Network Driver
[   10.771828] e1000e: Copyright(c) 1999 - 2015 Intel Corporation.
[   10.781349] initcall e1000_init_module+0x0/0x2d returned 0 after 17051 usecs
[   10.793181] calling  sky2_init_module+0x0/0x21 @ 1
[   10.801064] sky2: driver version 1.30
[   10.807248] initcall sky2_init_module+0x0/0x21 returned 0 after 6035 usecs
[   10.818626] calling  forcedeth_pci_driver_init+0x0/0x15 @ 1
[   10.823840] ata4: SATA link down (SStatus 0 SControl 300)
[   10.828845] initcall forcedeth_pci_driver_init+0x0/0x15 returned 0 after 229 usecs
[   10.842104] ata1: SATA link down (SStatus 0 SControl 300)
[   10.850395] calling  rtl8139_init_module+0x0/0x15 @ 1
[   10.865203] ata5: SATA link down (SStatus 0 SControl 300)
[   10.869863] initcall rtl8139_init_module+0x0/0x15 returned 0 after 241 usecs
[   10.884259] ata2: SATA link down (SStatus 0 SControl 300)
[   10.889486] calling  rtl8169_pci_driver_init+0x0/0x15 @ 1
[   10.889851] initcall rtl8169_pci_driver_init+0x0/0x15 returned 0 after 352 usecs
[   10.889854] calling  cdrom_init+0x0/0xc @ 1
[   10.890210] initcall cdrom_init+0x0/0xc returned 0 after 238 usecs
[   10.902947] ata6: SATA link down (SStatus 0 SControl 300)
[   10.907596] calling  nonstatic_sysfs_init+0x0/0xc @ 1
[   10.907603] initcall nonstatic_sysfs_init+0x0/0xc returned 0 after 3 usecs
[   10.907605] calling  yenta_cardbus_driver_init+0x0/0x15 @ 1
[   10.907764] initcall yenta_cardbus_driver_init+0x0/0x15 returned 0 after 152 usecs
[   10.907767] calling  mon_init+0x0/0x144 @ 1
[   10.910146] initcall mon_init+0x0/0x144 returned 0 after 2316 usecs
[   10.922761] ata3: SATA link up 1.5 Gbps (SStatus 113 SControl 300)
[   10.926176] calling  ehci_hcd_init+0x0/0x56 @ 1
[   10.926339] ehci_hcd: USB 2.0 'Enhanced' Host Controller (EHCI) Driver
[   10.941922] ata3.00: ATAPI: QEMU DVD-ROM, 2.5+, max UDMA/100
[   10.945619] initcall ehci_hcd_init+0x0/0x56 returned 0 after 18978 usecs
[   10.945678] calling  ehci_pci_init+0x0/0x64 @ 1
[   10.945798] ehci-pci: EHCI PCI platform driver
[   10.945910] initcall ehci_pci_init+0x0/0x64 returned 0 after 223 usecs
[   10.945912] calling  ohci_hcd_mod_init+0x0/0x4e @ 1
[   10.945914] ohci_hcd: USB 1.1 'Open' Host Controller (OHCI) Driver
[   10.945934] initcall ohci_hcd_mod_init+0x0/0x4e returned 0 after 18 usecs
[   10.945936] calling  ohci_pci_init+0x0/0x64 @ 1
[   10.945965] ohci-pci: OHCI PCI platform driver
[   10.946104] initcall ohci_pci_init+0x0/0x64 returned 0 after 160 usecs
[   10.946107] calling  uhci_hcd_init+0x0/0xa8 @ 1
[   10.946108] uhci_hcd: USB Universal Host Controller Interface driver
[   10.946646] initcall uhci_hcd_init+0x0/0xa8 returned 0 after 523 usecs
[   10.954470] ata3.00: applying bridge limits
[   10.965614] calling  xhci_hcd_init+0x0/0x1e @ 1
[   10.965709] initcall xhci_hcd_init+0x0/0x1e returned 0 after 87 usecs
[   10.965712] calling  xhci_pci_init+0x0/0x49 @ 1
[   10.966033] initcall xhci_pci_init+0x0/0x49 returned 0 after 309 usecs
[   10.984858] ata3.00: configured for UDMA/100
[   10.988953] calling  usblp_driver_init+0x0/0x15 @ 1
[   10.989669] usbcore: registered new interface driver usblp
[   11.011686] scsi 2:0:0:0: CD-ROM            QEMU     QEMU DVD-ROM     2.5+ PQ: 0 ANSI: 5
[   11.016584] initcall usblp_driver_init+0x0/0x15 returned 0 after 26973 usecs
[   11.016588] calling  usb_storage_driver_init+0x0/0x2a @ 1
[   11.016934] usbcore: registered new interface driver usb-storage
[   11.016938] initcall usb_storage_driver_init+0x0/0x2a returned 0 after 337 usecs
[   11.016940] calling  i8042_init+0x0/0x4c2 @ 1
[   11.018373] i8042: PNP: PS/2 Controller [PNP0303:KBD,PNP0f13:MOU] at 0x60,0x64 irq 1,12
[   11.337183] serio: i8042 KBD port at 0x60,0x64 irq 1
[   11.338208] sr 2:0:0:0: [sr0] scsi3-mmc drive: 4x/4x cd/rw xa/form2 tray
[   11.346158] serio: i8042 AUX port at 0x60,0x64 irq 12
[   11.356163] cdrom: Uniform CD-ROM driver Revision: 3.20
[   11.364813] initcall i8042_init+0x0/0x4c2 returned 0 after 339703 usecs
[   11.385559] calling  serport_init+0x0/0x2c @ 1
[   11.393952] initcall serport_init+0x0/0x2c returned 0 after 2 usecs
[   11.405558] calling  input_leds_init+0x0/0xc @ 1
[   11.414281] initcall input_leds_init+0x0/0xc returned 0 after 83 usecs
[   11.424421] calling  evdev_init+0x0/0xc @ 1
[   11.434036] initcall evdev_init+0x0/0xc returned 0 after 2851 usecs
[   11.444872] calling  atkbd_init+0x0/0x21 @ 1
[   11.452950] initcall atkbd_init+0x0/0x21 returned 0 after 342 usecs
[   11.463534] calling  psmouse_init+0x0/0x7f @ 1
[   11.471242] initcall psmouse_init+0x0/0x7f returned 0 after 398 usecs
[   11.480844] calling  cmos_init+0x0/0x73 @ 1
[   11.489380] rtc_cmos 00:04: RTC can wake from S4
[   11.514140] rtc_cmos 00:04: registered as rtc0
[   11.520227] sr 2:0:0:0: Attached scsi CD-ROM sr0
[   11.522113] rtc_cmos 00:04: alarms up to one day, y3k, 242 bytes nvram, hpet irqs
[   11.532145] sr 2:0:0:0: Attached scsi generic sg0 type 5
[   11.539581] initcall cmos_init+0x0/0x73 returned 0 after 51548 usecs
[   11.539586] calling  smbalert_driver_init+0x0/0xe @ 1
[   11.539880] initcall smbalert_driver_init+0x0/0xe returned 0 after 283 usecs
[   11.580336] calling  i2c_i801_init+0x0/0xc5 @ 1
[   11.594787] i801_smbus 0000:00:1f.3: SMBus using PCI interrupt
[   11.609392] hrtimer: interrupt took 4110517 ns
[   11.619935] i2c i2c-0: 1/1 memory slots populated (from DMI)
[   11.630567] i2c i2c-0: Memory type 0x07 not supported yet, not instantiating SPD
[   11.643622] initcall i2c_i801_init+0x0/0xc5 returned 0 after 54478 usecs
[   11.658549] calling  ptp_kvm_init+0x0/0xf0 @ 1
[   11.673684] initcall ptp_kvm_init+0x0/0xf0 returned 0 after 7182 usecs
[   11.685903] calling  dm_init+0x0/0x3c @ 1
[   11.699404] device-mapper: ioctl: 4.43.0-ioctl (2020-10-01) initialised: dm-devel@redhat.com
[   11.701107] input: AT Translated Set 2 keyboard as /devices/platform/i8042/serio0/input/input1
[   11.712275] initcall dm_init+0x0/0x3c returned 0 after 19189 usecs
[   11.735565] calling  dm_mirror_init+0x0/0x29 @ 1
[   11.743122] initcall dm_mirror_init+0x0/0x29 returned 0 after 2 usecs
[   11.753612] calling  dm_dirty_log_init+0x0/0x4f @ 1
[   11.761762] initcall dm_dirty_log_init+0x0/0x4f returned 0 after 350 usecs
[   11.772957] calling  dm_zero_init+0x0/0x29 @ 1
[   11.781086] initcall dm_zero_init+0x0/0x29 returned 0 after 3 usecs
[   11.791180] calling  intel_pstate_init+0x0/0x512 @ 1
[   11.799514] intel_pstate: CPU model not supported
[   11.807410] initcall intel_pstate_init+0x0/0x512 returned -19 after 7867 usecs
[   11.818624] calling  haltpoll_init+0x0/0xc0 @ 1
[   11.825604] initcall haltpoll_init+0x0/0xc0 returned -19 after 32 usecs
[   11.836766] calling  efivars_sysfs_init+0x0/0x30 @ 1
[   11.845236] initcall efivars_sysfs_init+0x0/0x30 returned 0 after 132 usecs
[   11.855841] calling  esrt_sysfs_init+0x0/0x2a2 @ 1
[   11.863907] initcall esrt_sysfs_init+0x0/0x2a2 returned -38 after 39 usecs
[   11.874637] calling  hid_init+0x0/0x5c @ 1
[   11.881865] hid: raw HID events driver (C) Jiri Kosina
[   11.891420] initcall hid_init+0x0/0x5c returned 0 after 9542 usecs
[   11.902899] calling  hid_generic_init+0x0/0x15 @ 1
[   11.911444] initcall hid_generic_init+0x0/0x15 returned 0 after 310 usecs
[   11.923139] calling  a4_driver_init+0x0/0x15 @ 1
[   11.930167] initcall a4_driver_init+0x0/0x15 returned 0 after 37 usecs
[   11.939105] calling  apple_driver_init+0x0/0x15 @ 1
[   11.946761] initcall apple_driver_init+0x0/0x15 returned 0 after 375 usecs
[   11.993537] calling  belkin_driver_init+0x0/0x15 @ 1
[   12.022690] initcall belkin_driver_init+0x0/0x15 returned 0 after 15694 usecs
[   12.033392] calling  ch_driver_init+0x0/0x15 @ 1
[   12.040332] initcall ch_driver_init+0x0/0x15 returned 0 after 39 usecs
[   12.049978] calling  ch_driver_init+0x0/0x15 @ 1
[   12.056914] initcall ch_driver_init+0x0/0x15 returned 0 after 380 usecs
[   12.067015] calling  cp_driver_init+0x0/0x15 @ 1
[   12.074096] initcall cp_driver_init+0x0/0x15 returned 0 after 41 usecs
[   12.084137] calling  ez_driver_init+0x0/0x15 @ 1
[   12.091261] initcall ez_driver_init+0x0/0x15 returned 0 after 257 usecs
[   12.101471] calling  gyration_driver_init+0x0/0x15 @ 1
[   12.109777] initcall gyration_driver_init+0x0/0x15 returned 0 after 41 usecs
[   12.120574] calling  ite_driver_init+0x0/0x15 @ 1
[   12.128222] initcall ite_driver_init+0x0/0x15 returned 0 after 137 usecs
[   12.138275] calling  ks_driver_init+0x0/0x15 @ 1
[   12.145636] initcall ks_driver_init+0x0/0x15 returned 0 after 36 usecs
[   12.156146] calling  lg_driver_init+0x0/0x15 @ 1
[   12.166862] initcall lg_driver_init+0x0/0x15 returned 0 after 2653 usecs
[   12.178106] calling  lg_g15_driver_init+0x0/0x15 @ 1
[   12.187000] initcall lg_g15_driver_init+0x0/0x15 returned 0 after 69 usecs
[   12.199648] calling  ms_driver_init+0x0/0x15 @ 1
[   12.208212] initcall ms_driver_init+0x0/0x15 returned 0 after 42 usecs
[   12.219649] calling  mr_driver_init+0x0/0x15 @ 1
[   12.227626] initcall mr_driver_init+0x0/0x15 returned 0 after 85 usecs
[   12.237871] calling  ntrig_driver_init+0x0/0x15 @ 1
[   12.245765] initcall ntrig_driver_init+0x0/0x15 returned 0 after 67 usecs
[   12.256314] calling  pl_driver_init+0x0/0x15 @ 1
[   12.264170] initcall pl_driver_init+0x0/0x15 returned 0 after 44 usecs
[   12.274751] calling  pl_driver_init+0x0/0x15 @ 1
[   12.282545] initcall pl_driver_init+0x0/0x15 returned 0 after 45 usecs
[   12.293138] calling  redragon_driver_init+0x0/0x15 @ 1
[   12.301706] initcall redragon_driver_init+0x0/0x15 returned 0 after 115 usecs
[   12.313719] calling  samsung_driver_init+0x0/0x15 @ 1
[   12.322165] initcall samsung_driver_init+0x0/0x15 returned 0 after 46 usecs
[   12.334043] calling  sony_init+0x0/0x38 @ 1
[   12.341580] initcall sony_init+0x0/0x38 returned 0 after 230 usecs
[   12.351939] calling  sp_driver_init+0x0/0x15 @ 1
[   12.359887] initcall sp_driver_init+0x0/0x15 returned 0 after 46 usecs
[   12.370397] calling  ts_driver_init+0x0/0x15 @ 1
[   12.377986] initcall ts_driver_init+0x0/0x15 returned 0 after 49 usecs
[   12.388094] calling  hid_init+0x0/0x58 @ 1
[   12.395711] usbcore: registered new interface driver usbhid
[   12.404524] usbhid: USB HID core driver
[   12.410518] initcall hid_init+0x0/0x58 returned 0 after 15690 usecs
[   12.420237] calling  eeepc_laptop_init+0x0/0x57 @ 1
[   12.431549] initcall eeepc_laptop_init+0x0/0x57 returned -19 after 3714 usecs
[   12.442474] calling  pmc_atom_init+0x0/0x27a @ 1
[   12.452769] initcall pmc_atom_init+0x0/0x27a returned -19 after 2308 usecs
[   12.462960] calling  alsa_hwdep_init+0x0/0x5e @ 1
[   12.477627] initcall alsa_hwdep_init+0x0/0x5e returned 0 after 7214 usecs
[   12.491174] calling  alsa_timer_init+0x0/0x1f9 @ 1
[   12.503750] initcall alsa_timer_init+0x0/0x1f9 returned 0 after 5270 usecs
[   12.514349] calling  snd_hrtimer_init+0x0/0x117 @ 1
[   12.521869] initcall snd_hrtimer_init+0x0/0x117 returned 0 after 58 usecs
[   12.532242] calling  alsa_pcm_init+0x0/0x64 @ 1
[   12.539161] initcall alsa_pcm_init+0x0/0x64 returned 0 after 14 usecs
[   12.548556] calling  alsa_seq_init+0x0/0x4a @ 1
[   12.557003] initcall alsa_seq_init+0x0/0x4a returned 0 after 1855 usecs
[   12.566575] calling  alsa_seq_dummy_init+0x0/0x9c @ 1
[   12.582848] initcall alsa_seq_dummy_init+0x0/0x9c returned 0 after 432 usecs
[   12.597784] calling  azx_driver_init+0x0/0x15 @ 1
[   12.605770] initcall azx_driver_init+0x0/0x15 returned 0 after 743 usecs
[   12.616729] calling  sock_diag_init+0x0/0x2a @ 1
[   12.618754] input: ImExPS/2 Generic Explorer Mouse as /devices/platform/i8042/serio1/input/input3
[   12.624806] initcall sock_diag_init+0x0/0x2a returned 0 after 1202 usecs
[   12.647532] calling  blackhole_init+0x0/0xc @ 1
[   12.653754] tasks-tracing-torture: rcu_torture_read_exit: End of episode
[   12.654341] initcall blackhole_init+0x0/0xc returned 0 after 46 usecs
[   12.674221] calling  nfnetlink_init+0x0/0x61 @ 1
[   12.680891] initcall nfnetlink_init+0x0/0x61 returned 0 after 370 usecs
[   12.689648] calling  nfnetlink_log_init+0x0/0x99 @ 1
[   12.696864] initcall nfnetlink_log_init+0x0/0x99 returned 0 after 416 usecs
[   12.706197] calling  nf_conntrack_standalone_init+0x0/0x87 @ 1
[   12.726329] initcall nf_conntrack_standalone_init+0x0/0x87 returned 0 after 3435 usecs
[   12.740597] calling  ctnetlink_init+0x0/0x83 @ 1
[   12.748112] initcall ctnetlink_init+0x0/0x83 returned 0 after 93 usecs
[   12.773834] calling  nf_conntrack_ftp_init+0x0/0x12c @ 1
[   12.783952] initcall nf_conntrack_ftp_init+0x0/0x12c returned 0 after 74 usecs
[   12.794594] calling  nf_conntrack_irc_init+0x0/0x129 @ 1
[   12.803346] initcall nf_conntrack_irc_init+0x0/0x129 returned 0 after 40 usecs
[   12.815348] calling  nf_conntrack_sip_init+0x0/0x172 @ 1
[   12.823769] initcall nf_conntrack_sip_init+0x0/0x172 returned 0 after 57 usecs
[   12.834835] calling  nf_nat_init+0x0/0xf0 @ 1
[   12.842175] initcall nf_nat_init+0x0/0xf0 returned 0 after 831 usecs
[   12.851574] calling  nf_nat_ftp_init+0x0/0x2a @ 1
[   12.859133] initcall nf_nat_ftp_init+0x0/0x2a returned 0 after 56 usecs
[   12.868758] calling  nf_nat_irc_init+0x0/0x2a @ 1
[   12.875838] initcall nf_nat_irc_init+0x0/0x2a returned 0 after 2 usecs
