c[?7l[2J[0mSeaBIOS (version 1.16.0-debian-1.16.0-4)
Booting from ROM...
early console in setup code
c[?7l[2J[    0.000000] Linux version 5.10.158+ (root@joelboxx.c.googlers.com) (gcc (Debian 12.2.0-3) 12.2.0, GNU ld (GNU Binutils for Debian) 2.39) #14 Tue Dec 13 02:45:19 UTC 2022
[    0.000000] Command line: selinux=0 initcall_debug debug console=ttyS0 rcutorture.torture_type=srcu rcutorture.n_barrier_cbs=4 rcutorture.stat_interval=15 rcutorture.shutdown_secs=1800 rcutorture.test_no_idle_hz=1 rcutorture.verbose=1
[    0.000000] x86/fpu: x87 FPU will use FXSAVE
[    0.000000] BIOS-provided physical RAM map:
[    0.000000] BIOS-e820: [mem 0x0000000000000000-0x000000000009fbff] usable
[    0.000000] BIOS-e820: [mem 0x000000000009fc00-0x000000000009ffff] reserved
[    0.000000] BIOS-e820: [mem 0x00000000000f0000-0x00000000000fffff] reserved
[    0.000000] BIOS-e820: [mem 0x0000000000100000-0x000000001ffdefff] usable
[    0.000000] BIOS-e820: [mem 0x000000001ffdf000-0x000000001fffffff] reserved
[    0.000000] BIOS-e820: [mem 0x00000000b0000000-0x00000000bfffffff] reserved
[    0.000000] BIOS-e820: [mem 0x00000000fed1c000-0x00000000fed1ffff] reserved
[    0.000000] BIOS-e820: [mem 0x00000000feffc000-0x00000000feffffff] reserved
[    0.000000] BIOS-e820: [mem 0x00000000fffc0000-0x00000000ffffffff] reserved
[    0.000000] NX (Execute Disable) protection: active
[    0.000000] SMBIOS 2.8 present.
[    0.000000] DMI: QEMU Standard PC (Q35 + ICH9, 2009), BIOS 1.16.0-debian-1.16.0-4 04/01/2014
[    0.000000] Hypervisor detected: KVM
[    0.000000] kvm-clock: Using msrs 4b564d01 and 4b564d00
[    0.000000] kvm-clock: cpu 0, msr 583d001, primary cpu clock
[    0.000001] kvm-clock: using sched offset of 2732826055 cycles
[    0.000460] clocksource: kvm-clock: mask: 0xffffffffffffffff max_cycles: 0x1cd42e4dffb, max_idle_ns: 881590591483 ns
[    0.000524] tsc: Detected 1999.999 MHz processor
[    0.007666] e820: update [mem 0x00000000-0x00000fff] usable ==> reserved
[    0.007671] e820: remove [mem 0x000a0000-0x000fffff] usable
[    0.007678] last_pfn = 0x1ffdf max_arch_pfn = 0x400000000
[    0.008631] MTRR default type: write-back
[    0.008797] MTRR fixed ranges enabled:
[    0.008799]   00000-9FFFF write-back
[    0.008800]   A0000-BFFFF uncachable
[    0.008801]   C0000-FFFFF write-protect
[    0.008802] MTRR variable ranges enabled:
[    0.008804]   0 base 00C0000000 mask FFC0000000 uncachable
[    0.008805]   1 disabled
[    0.008805]   2 disabled
[    0.008806]   3 disabled
[    0.008807]   4 disabled
[    0.008807]   5 disabled
[    0.008808]   6 disabled
[    0.008808]   7 disabled
[    0.009365] x86/PAT: Configuration [0-7]: WB  WC  UC- UC  WB  WC  UC- UC  
[    0.018536] found SMP MP-table at [mem 0x000f5ba0-0x000f5baf]
[    0.022143] check: Scanning 1 areas for low memory corruption
[    0.031409] ACPI: Early table checksum verification disabled
[    0.033566] ACPI: RSDP 0x00000000000F59E0 000014 (v00 BOCHS )
[    0.033969] ACPI: RSDT 0x000000001FFE229A 000038 (v01 BOCHS  BXPC     00000001 BXPC 00000001)
[    0.034236] ACPI: FACP 0x000000001FFE2092 0000F4 (v03 BOCHS  BXPC     00000001 BXPC 00000001)
[    0.034400] ACPI: DSDT 0x000000001FFE0040 002052 (v01 BOCHS  BXPC     00000001 BXPC 00000001)
[    0.034405] ACPI: FACS 0x000000001FFE0000 000040
[    0.034409] ACPI: APIC 0x000000001FFE2186 000078 (v01 BOCHS  BXPC     00000001 BXPC 00000001)
[    0.034412] ACPI: HPET 0x000000001FFE21FE 000038 (v01 BOCHS  BXPC     00000001 BXPC 00000001)
[    0.034416] ACPI: MCFG 0x000000001FFE2236 00003C (v01 BOCHS  BXPC     00000001 BXPC 00000001)
[    0.034420] ACPI: WAET 0x000000001FFE2272 000028 (v01 BOCHS  BXPC     00000001 BXPC 00000001)
[    0.034424] ACPI: Reserving FACP table memory at [mem 0x1ffe2092-0x1ffe2185]
[    0.034425] ACPI: Reserving DSDT table memory at [mem 0x1ffe0040-0x1ffe2091]
[    0.034427] ACPI: Reserving FACS table memory at [mem 0x1ffe0000-0x1ffe003f]
[    0.034428] ACPI: Reserving APIC table memory at [mem 0x1ffe2186-0x1ffe21fd]
[    0.034429] ACPI: Reserving HPET table memory at [mem 0x1ffe21fe-0x1ffe2235]
[    0.034430] ACPI: Reserving MCFG table memory at [mem 0x1ffe2236-0x1ffe2271]
[    0.034430] ACPI: Reserving WAET table memory at [mem 0x1ffe2272-0x1ffe2299]
[    0.035590] ACPI: Local APIC address 0xfee00000
[    0.038325] Zone ranges:
[    0.038654]   DMA      [mem 0x0000000000001000-0x0000000000ffffff]
[    0.038842]   DMA32    [mem 0x0000000001000000-0x000000001ffdefff]
[    0.038899]   Normal   empty
[    0.038900] Movable zone start for each node
[    0.038901] Early memory node ranges
[    0.038902]   node   0: [mem 0x0000000000001000-0x000000000009efff]
[    0.038954]   node   0: [mem 0x0000000000100000-0x000000001ffdefff]
[    0.039067] Initmem setup node 0 [mem 0x0000000000001000-0x000000001ffdefff]
[    0.039069] On node 0 totalpages: 130941
[    0.039169]   DMA zone: 64 pages used for memmap
[    0.039170]   DMA zone: 21 pages reserved
[    0.039230]   DMA zone: 3998 pages, LIFO batch:0
[    0.039231]   DMA32 zone: 1984 pages used for memmap
[    0.039232]   DMA32 zone: 126943 pages, LIFO batch:31
[    0.042147] On node 0, zone DMA: 1 pages in unavailable ranges
[    0.045838] On node 0, zone DMA: 97 pages in unavailable ranges
[    0.155394] On node 0, zone DMA32: 33 pages in unavailable ranges
[    0.159368] ACPI: PM-Timer IO Port: 0x608
[    0.159374] ACPI: Local APIC address 0xfee00000
[    0.159610] ACPI: LAPIC_NMI (acpi_id[0xff] dfl dfl lint[0x1])
[    0.160891] IOAPIC[0]: apic_id 0, version 17, address 0xfec00000, GSI 0-23
[    0.160968] ACPI: INT_SRC_OVR (bus 0 bus_irq 0 global_irq 2 dfl dfl)
[    0.161265] ACPI: INT_SRC_OVR (bus 0 bus_irq 5 global_irq 5 high level)
[    0.161267] ACPI: INT_SRC_OVR (bus 0 bus_irq 9 global_irq 9 high level)
[    0.161404] ACPI: INT_SRC_OVR (bus 0 bus_irq 10 global_irq 10 high level)
[    0.161405] ACPI: INT_SRC_OVR (bus 0 bus_irq 11 global_irq 11 high level)
[    0.161407] ACPI: IRQ0 used by override.
[    0.161408] ACPI: IRQ5 used by override.
[    0.161409] ACPI: IRQ9 used by override.
[    0.161410] ACPI: IRQ10 used by override.
[    0.161411] ACPI: IRQ11 used by override.
[    0.161413] Using ACPI (MADT) for SMP configuration information
[    0.161415] ACPI: HPET id: 0x8086a201 base: 0xfed00000
[    0.162565] kvm-guest: stealtime: cpu 0, msr 504d780
[    0.163764] PM: hibernation: Registered nosave memory: [mem 0x00000000-0x00000fff]
[    0.163768] PM: hibernation: Registered nosave memory: [mem 0x0009f000-0x0009ffff]
[    0.163769] PM: hibernation: Registered nosave memory: [mem 0x000a0000-0x000effff]
[    0.163769] PM: hibernation: Registered nosave memory: [mem 0x000f0000-0x000fffff]
[    0.163886] [mem 0x20000000-0xafffffff] available for PCI devices
[    0.163948] Booting paravirtualized kernel on KVM
[    0.164641] clocksource: refined-jiffies: mask: 0xffffffff max_cycles: 0xffffffff, max_idle_ns: 1910969940391419 ns
[    0.178052] pcpu-alloc: s0 r0 d32768 u32768 alloc=1*32768
[    0.178236] pcpu-alloc: [0] 0 
[    0.178611] Built 1 zonelists, mobility grouping on.  Total pages: 128872
[    0.178868] Kernel command line: selinux=0 initcall_debug debug console=ttyS0 rcutorture.torture_type=srcu rcutorture.n_barrier_cbs=4 rcutorture.stat_interval=15 rcutorture.shutdown_secs=1800 rcutorture.test_no_idle_hz=1 rcutorture.verbose=1
[    0.202322] Dentry cache hash table entries: 65536 (order: 7, 524288 bytes, linear)
[    0.206121] Inode-cache hash table entries: 32768 (order: 6, 262144 bytes, linear)
[    0.207405] mem auto-init: stack:all(zero), heap alloc:off, heap free:off
[    0.216472] Memory: 481560K/523764K available (14349K kernel code, 2612K rwdata, 4588K rodata, 1236K init, 1900K bss, 41944K reserved, 0K cma-reserved)
[    0.217549] SLUB: HWalign=64, Order=0-3, MinObjects=0, CPUs=1, Nodes=1
[    0.218160] Kernel/User page tables isolation: enabled
[    0.250149] NR_IRQS: 4352, nr_irqs: 256, preallocated irqs: 16
[    0.255254] calling  con_init+0x0/0x22a @ 0
[    0.462133] Console: colour VGA+ 80x25
[    0.462147] initcall con_init+0x0/0x22a returned 0 after 0 usecs
[    0.462150] calling  hvc_console_init+0x0/0x13 @ 0
[    0.462211] initcall hvc_console_init+0x0/0x13 returned 0 after 0 usecs
[    0.462213] calling  univ8250_console_init+0x0/0x26 @ 0
[    1.271517] printk: console [ttyS0] enabled
[    1.276081] initcall univ8250_console_init+0x0/0x26 returned 0 after 0 usecs
[    1.283683] ACPI: Core revision 20200925
[    1.289419] clocksource: hpet: mask: 0xffffffff max_cycles: 0xffffffff, max_idle_ns: 19112604467 ns
[    1.301817] APIC: Switch to symmetric I/O mode setup
[    1.321262] ..TIMER: vector=0x30 apic1=0 pin1=2 apic2=-1 pin2=-1
[    1.328010] clocksource: tsc-early: mask: 0xffffffffffffffff max_cycles: 0x39a85afc727, max_idle_ns: 881590685098 ns
[    1.339335] Calibrating delay loop (skipped) preset value.. 3999.99 BogoMIPS (lpj=1999999)
[    1.340311] pid_max: default: 32768 minimum: 301
[    1.342308] LSM: Security Framework initializing
[    1.344558] Mount-cache hash table entries: 1024 (order: 1, 8192 bytes, linear)
[    1.346322] Mountpoint-cache hash table entries: 1024 (order: 1, 8192 bytes, linear)
[    1.354011] Last level iTLB entries: 4KB 0, 2MB 0, 4MB 0
[    1.354311] Last level dTLB entries: 4KB 0, 2MB 0, 4MB 0, 1GB 0
[    1.355313] CPU: Intel Common KVM processor (family: 0xf, model: 0x6, stepping: 0x1)
[    1.357323] Spectre V1 : Mitigation: usercopy/swapgs barriers and __user pointer sanitization
[    1.358311] Spectre V2 : Mitigation: Retpolines
[    1.359309] Spectre V2 : Spectre v2 / SpectreRSB mitigation: Filling RSB on context switch
[    1.361308] Spectre V2 : Spectre v2 / SpectreRSB : Filling RSB on VMEXIT
[    1.362309] Speculative Store Bypass: Vulnerable
[    1.363326] MDS: Vulnerable: Clear CPU buffers attempted, no microcode
[    1.364309] MMIO Stale Data: Unknown: No mitigations
[    1.415024] calling  init_hw_perf_events+0x0/0x6ce @ 1
[    1.415311] Performance Events: unsupported Netburst CPU model 6 no PMU driver, software events only.
[    1.416317] initcall init_hw_perf_events+0x0/0x6ce returned 0 after 976 usecs
[    1.418315] calling  init_real_mode+0x0/0x1e9 @ 1
[    1.419630] initcall init_real_mode+0x0/0x1e9 returned 0 after 0 usecs
[    1.420314] calling  trace_init_perf_perm_irq_work_exit+0x0/0x12 @ 1
[    1.421314] initcall trace_init_perf_perm_irq_work_exit+0x0/0x12 returned 0 after 0 usecs
[    1.422358] calling  validate_x2apic+0x0/0x4a @ 1
[    1.423336] initcall validate_x2apic+0x0/0x4a returned 0 after 0 usecs
[    1.424313] calling  register_nmi_cpu_backtrace_handler+0x0/0x15 @ 1
[    1.425313] initcall register_nmi_cpu_backtrace_handler+0x0/0x15 returned 0 after 0 usecs
[    1.426313] calling  kvm_setup_vsyscall_timeinfo+0x0/0x34 @ 1
[    1.427312] initcall kvm_setup_vsyscall_timeinfo+0x0/0x34 returned 0 after 0 usecs
[    1.428356] calling  spawn_ksoftirqd+0x0/0x34 @ 1
[    1.429393] initcall spawn_ksoftirqd+0x0/0x34 returned 0 after 0 usecs
[    1.430328] calling  trace_init_flags_sys_enter+0x0/0xe @ 1
[    1.431315] initcall trace_init_flags_sys_enter+0x0/0xe returned 0 after 0 usecs
[    1.432313] calling  trace_init_flags_sys_exit+0x0/0xe @ 1
[    1.433312] initcall trace_init_flags_sys_exit+0x0/0xe returned 0 after 0 usecs
[    1.434312] calling  init_kprobes+0x0/0x14d @ 1
[    1.437633] initcall init_kprobes+0x0/0x14d returned 0 after 1953 usecs
[    1.438315] calling  init_events+0x0/0x3d @ 1
[    1.439325] initcall init_events+0x0/0x3d returned 0 after 0 usecs
[    1.440313] calling  init_trace_printk+0x0/0xc @ 1
[    1.441313] initcall init_trace_printk+0x0/0xc returned 0 after 0 usecs
[    1.442313] calling  event_trace_enable_again+0x0/0x23 @ 1
[    1.443315] initcall event_trace_enable_again+0x0/0x23 returned 0 after 0 usecs
[    1.444313] calling  static_call_init+0x0/0x6d @ 1
[    1.445314] initcall static_call_init+0x0/0x6d returned 0 after 0 usecs
[    1.446313] calling  jump_label_init_module+0x0/0xc @ 1
[    1.447315] initcall jump_label_init_module+0x0/0xc returned 0 after 0 usecs
[    1.448313] calling  init_zero_pfn+0x0/0x37 @ 1
[    1.449312] initcall init_zero_pfn+0x0/0x37 returned 0 after 0 usecs
[    1.450312] calling  initialize_ptr_random+0x0/0x54 @ 1
[    1.451312] initcall initialize_ptr_random+0x0/0x54 returned 0 after 0 usecs
[    1.452314] calling  efi_memreserve_root_init+0x0/0x25 @ 1
[    1.453327] initcall efi_memreserve_root_init+0x0/0x25 returned 0 after 0 usecs
[    1.454313] calling  efi_earlycon_remap_fb+0x0/0x51 @ 1
[    1.455312] initcall efi_earlycon_remap_fb+0x0/0x51 returned 0 after 0 usecs
[    1.559306] devtmpfs: initialized
[    1.559812] calling  ipc_ns_init+0x0/0x3d @ 1
[    1.560376] initcall ipc_ns_init+0x0/0x3d returned 0 after 0 usecs
[    1.561314] calling  init_mmap_min_addr+0x0/0x21 @ 1
[    1.562312] initcall init_mmap_min_addr+0x0/0x21 returned 0 after 0 usecs
[    1.563311] calling  pci_realloc_setup_params+0x0/0x3f @ 1
[    1.564312] initcall pci_realloc_setup_params+0x0/0x3f returned 0 after 0 usecs
[    1.565372] calling  net_ns_init+0x0/0x128 @ 1
[    1.566671] initcall net_ns_init+0x0/0x128 returned 0 after 0 usecs
[    1.567338] calling  e820__register_nvs_regions+0x0/0x37 @ 1
[    1.568314] initcall e820__register_nvs_regions+0x0/0x37 returned 0 after 0 usecs
[    1.569314] calling  cpufreq_register_tsc_scaling+0x0/0x2e @ 1
[    1.570316] initcall cpufreq_register_tsc_scaling+0x0/0x2e returned 0 after 0 usecs
[    1.571316] calling  reboot_init+0x0/0x3c @ 1
[    1.572528] initcall reboot_init+0x0/0x3c returned 0 after 0 usecs
[    1.573313] calling  init_lapic_sysfs+0x0/0x20 @ 1
[    1.574313] initcall init_lapic_sysfs+0x0/0x20 returned 0 after 0 usecs
[    1.575316] calling  wq_sysfs_init+0x0/0x2a @ 1
[    1.576489] initcall wq_sysfs_init+0x0/0x2a returned 0 after 0 usecs
[    1.577314] calling  ksysfs_init+0x0/0x92 @ 1
[    1.578329] initcall ksysfs_init+0x0/0x92 returned 0 after 0 usecs
[    1.579313] calling  pm_init+0x0/0x76 @ 1
[    1.580426] initcall pm_init+0x0/0x76 returned 0 after 0 usecs
[    1.581332] calling  pm_disk_init+0x0/0x13 @ 1
[    1.582373] initcall pm_disk_init+0x0/0x13 returned 0 after 0 usecs
[    1.583314] calling  swsusp_header_init+0x0/0x2b @ 1
[    1.584315] initcall swsusp_header_init+0x0/0x2b returned 0 after 0 usecs
[    1.585311] calling  rcu_set_runtime_mode+0x0/0x11 @ 1
[    1.586311] initcall rcu_set_runtime_mode+0x0/0x11 returned 0 after 0 usecs
[    1.587312] calling  init_jiffies_clocksource+0x0/0x13 @ 1
[    1.588310] clocksource: jiffies: mask: 0xffffffff max_cycles: 0xffffffff, max_idle_ns: 1911260446275000 ns
[    1.589316] initcall init_jiffies_clocksource+0x0/0x13 returned 0 after 976 usecs
[    1.590314] calling  futex_init+0x0/0xf4 @ 1
[    1.591313] futex hash table entries: 256 (order: 0, 6144 bytes, linear)
[    1.592482] initcall futex_init+0x0/0xf4 returned 0 after 976 usecs
[    1.593313] calling  cgroup_wq_init+0x0/0x28 @ 1
[    1.594320] initcall cgroup_wq_init+0x0/0x28 returned 0 after 0 usecs
[    1.595313] calling  cgroup1_wq_init+0x0/0x28 @ 1
[    1.596319] initcall cgroup1_wq_init+0x0/0x28 returned 0 after 0 usecs
[    1.597314] calling  init_kprobe_trace_early+0x0/0x2a @ 1
[    1.598314] initcall init_kprobe_trace_early+0x0/0x2a returned 0 after 0 usecs
[    1.599313] calling  fsnotify_init+0x0/0x48 @ 1
[    1.600322] initcall fsnotify_init+0x0/0x48 returned 0 after 0 usecs
[    1.601313] calling  filelock_init+0x0/0x60 @ 1
[    1.602344] initcall filelock_init+0x0/0x60 returned 0 after 0 usecs
[    1.603312] calling  init_misc_binfmt+0x0/0x2c @ 1
[    1.604315] initcall init_misc_binfmt+0x0/0x2c returned 0 after 0 usecs
[    1.605311] calling  init_script_binfmt+0x0/0x15 @ 1
[    1.606338] initcall init_script_binfmt+0x0/0x15 returned 0 after 0 usecs
[    1.607311] calling  init_elf_binfmt+0x0/0x15 @ 1
[    1.608312] initcall init_elf_binfmt+0x0/0x15 returned 0 after 0 usecs
[    1.609313] calling  init_compat_elf_binfmt+0x0/0x15 @ 1
[    1.610338] initcall init_compat_elf_binfmt+0x0/0x15 returned 0 after 0 usecs
[    1.611334] calling  debugfs_init+0x0/0x5c @ 1
[    1.612461] initcall debugfs_init+0x0/0x5c returned 0 after 0 usecs
[    1.613315] calling  tracefs_init+0x0/0x3a @ 1
[    1.614319] initcall tracefs_init+0x0/0x3a returned 0 after 0 usecs
[    1.615313] calling  prandom_init_early+0x0/0x111 @ 1
[    1.616312] initcall prandom_init_early+0x0/0x111 returned 0 after 0 usecs
[    1.617491] calling  virtio_init+0x0/0x20 @ 1
[    1.619426] initcall virtio_init+0x0/0x20 returned 0 after 0 usecs
[    1.620312] calling  iommu_init+0x0/0x2a @ 1
[    1.621317] initcall iommu_init+0x0/0x2a returned 0 after 0 usecs
[    1.622311] calling  component_debug_init+0x0/0x1c @ 1
[    1.623434] initcall component_debug_init+0x0/0x1c returned 0 after 0 usecs
[    1.624312] calling  early_resume_init+0x0/0xb9 @ 1
[    1.626309] PM: RTC time: 02:52:20, date: 2022-12-13
[    1.627312] initcall early_resume_init+0x0/0xb9 returned 0 after 1953 usecs
[    1.628316] calling  cpufreq_core_init+0x0/0x62 @ 1
[    1.629435] initcall cpufreq_core_init+0x0/0x62 returned 0 after 0 usecs
[    1.630317] calling  cpufreq_gov_performance_init+0x0/0xc @ 1
[    1.631316] initcall cpufreq_gov_performance_init+0x0/0xc returned 0 after 0 usecs
[    1.632313] calling  cpufreq_gov_userspace_init+0x0/0xc @ 1
[    1.633312] initcall cpufreq_gov_userspace_init+0x0/0xc returned 0 after 0 usecs
[    1.634314] calling  CPU_FREQ_GOV_ONDEMAND_init+0x0/0xc @ 1
[    1.635313] initcall CPU_FREQ_GOV_ONDEMAND_init+0x0/0xc returned 0 after 0 usecs
[    1.636312] calling  cpuidle_init+0x0/0x1f @ 1
[    1.637404] initcall cpuidle_init+0x0/0x1f returned 0 after 0 usecs
[    1.638312] calling  capsule_reboot_register+0x0/0xc @ 1
[    1.639326] initcall capsule_reboot_register+0x0/0xc returned 0 after 0 usecs
[    1.640315] calling  sock_init+0x0/0x93 @ 1
[    1.641650] initcall sock_init+0x0/0x93 returned 0 after 0 usecs
[    1.642320] calling  net_inuse_init+0x0/0x23 @ 1
[    1.643318] initcall net_inuse_init+0x0/0x23 returned 0 after 0 usecs
[    1.644315] calling  net_defaults_init+0x0/0x23 @ 1
[    1.645314] initcall net_defaults_init+0x0/0x23 returned 0 after 0 usecs
[    1.646313] calling  init_default_flow_dissectors+0x0/0x4f @ 1
[    1.647312] initcall init_default_flow_dissectors+0x0/0x4f returned 0 after 0 usecs
[    1.648312] calling  netpoll_init+0x0/0x25 @ 1
[    1.649311] initcall netpoll_init+0x0/0x25 returned 0 after 0 usecs
[    1.650314] calling  netlink_proto_init+0x0/0x14f @ 1
[    1.651641] NET: Registered protocol family 16
[    1.652383] initcall netlink_proto_init+0x0/0x14f returned 0 after 976 usecs
[    1.653314] calling  genl_init+0x0/0x35 @ 1
[    1.654326] initcall genl_init+0x0/0x35 returned 0 after 0 usecs
[    1.655313] calling  bsp_pm_check_init+0x0/0x13 @ 1
[    1.656314] initcall bsp_pm_check_init+0x0/0x13 returned 0 after 0 usecs
[    1.657338] calling  irq_sysfs_init+0x0/0xb7 @ 1
[    1.658430] initcall irq_sysfs_init+0x0/0xb7 returned 0 after 0 usecs
[    1.659314] calling  audit_init+0x0/0x15d @ 1
[    1.660320] audit: initializing netlink subsys (disabled)
[    1.661495] initcall audit_init+0x0/0x15d returned 0 after 976 usecs
[    1.662313] calling  release_early_probes+0x0/0x32 @ 1
[    1.663311] initcall release_early_probes+0x0/0x32 returned 0 after 0 usecs
[    1.664312] calling  bdi_class_init+0x0/0x48 @ 1
[    1.665331] initcall bdi_class_init+0x0/0x48 returned 0 after 0 usecs
[    1.666310] calling  mm_sysfs_init+0x0/0x28 @ 1
[    1.667313] initcall mm_sysfs_init+0x0/0x28 returned 0 after 0 usecs
[    1.668310] calling  init_per_zone_wmark_min+0x0/0x5e @ 1
[    1.669311] initcall init_per_zone_wmark_min+0x0/0x5e returned 0 after 0 usecs
[    1.670311] calling  mpi_init+0x0/0x3e @ 1
[    1.671375] initcall mpi_init+0x0/0x3e returned 0 after 0 usecs
[    1.672310] calling  kobject_uevent_init+0x0/0xc @ 1
[    1.673369] initcall kobject_uevent_init+0x0/0xc returned 0 after 0 usecs
[    1.674311] calling  pcibus_class_init+0x0/0x13 @ 1
[    1.675320] initcall pcibus_class_init+0x0/0x13 returned 0 after 0 usecs
[    1.676333] calling  pci_driver_init+0x0/0x21 @ 1
[    1.677340] initcall pci_driver_init+0x0/0x21 returned 0 after 0 usecs
[    1.678310] calling  backlight_class_init+0x0/0xa8 @ 1
[    1.679383] initcall backlight_class_init+0x0/0xa8 returned 0 after 0 usecs
[    1.680313] calling  tty_class_init+0x0/0x33 @ 1
[    1.681315] initcall tty_class_init+0x0/0x33 returned 0 after 0 usecs
[    1.682310] calling  vtconsole_class_init+0x0/0xb5 @ 1
[    1.683404] initcall vtconsole_class_init+0x0/0xb5 returned 0 after 0 usecs
[    1.684311] calling  iommu_dev_init+0x0/0x13 @ 1
[    1.685393] initcall iommu_dev_init+0x0/0x13 returned 0 after 0 usecs
[    1.686312] calling  mipi_dsi_bus_init+0x0/0xc @ 1
[    1.687383] initcall mipi_dsi_bus_init+0x0/0xc returned 0 after 0 usecs
[    1.688312] calling  devlink_class_init+0x0/0x40 @ 1
[    1.689322] initcall devlink_class_init+0x0/0x40 returned 0 after 0 usecs
[    1.690313] calling  software_node_init+0x0/0x2a @ 1
[    1.691317] initcall software_node_init+0x0/0x2a returned 0 after 0 usecs
[    1.692314] calling  wakeup_sources_debugfs_init+0x0/0x23 @ 1
[    1.693324] initcall wakeup_sources_debugfs_init+0x0/0x23 returned 0 after 0 usecs
[    1.694314] calling  wakeup_sources_sysfs_init+0x0/0x2c @ 1
[    1.695328] initcall wakeup_sources_sysfs_init+0x0/0x2c returned 0 after 0 usecs
[    1.696315] calling  regmap_initcall+0x0/0xc @ 1
[    1.697324] initcall regmap_initcall+0x0/0xc returned 0 after 0 usecs
[    1.698315] calling  i2c_init+0x0/0xb3 @ 1
[    1.699384] initcall i2c_init+0x0/0xb3 returned 0 after 0 usecs
[    1.700312] calling  thermal_init+0x0/0xf2 @ 1
[    1.701395] thermal_sys: Registered thermal governor 'step_wise'
[    1.701397] thermal_sys: Registered thermal governor 'user_space'
[    1.702327] initcall thermal_init+0x0/0xf2 returned 0 after 976 usecs
[    1.704313] calling  init_menu+0x0/0xc @ 1
[    1.705310] cpuidle: using governor menu
[    1.706313] initcall init_menu+0x0/0xc returned 0 after 976 usecs
[    1.707312] calling  pcc_init+0x0/0x4d @ 1
[    1.709311] initcall pcc_init+0x0/0x4d returned -19 after 976 usecs
[    1.710312] calling  amd_postcore_init+0x0/0x11e @ 1
[    1.711312] initcall amd_postcore_init+0x0/0x11e returned 0 after 0 usecs
[    1.712330] calling  bts_init+0x0/0xba @ 1
[    1.713313] initcall bts_init+0x0/0xba returned -19 after 0 usecs
[    1.714312] calling  pt_init+0x0/0x2ef @ 1
[    1.715312] initcall pt_init+0x0/0x2ef returned -19 after 0 usecs
[    1.716312] calling  boot_params_ksysfs_init+0x0/0x2ee @ 1
[    1.717544] initcall boot_params_ksysfs_init+0x0/0x2ee returned 0 after 0 usecs
[    1.718311] calling  sbf_init+0x0/0xd1 @ 1
[    1.719312] initcall sbf_init+0x0/0xd1 returned 0 after 0 usecs
[    1.720311] calling  arch_kdebugfs_init+0x0/0x219 @ 1
[    1.721324] initcall arch_kdebugfs_init+0x0/0x219 returned 0 after 0 usecs
[    1.722312] calling  intel_pconfig_init+0x0/0x85 @ 1
[    1.723921] initcall intel_pconfig_init+0x0/0x85 returned 0 after 0 usecs
[    1.725313] calling  mtrr_if_init+0x0/0x5d @ 1
[    1.727317] initcall mtrr_if_init+0x0/0x5d returned 0 after 0 usecs
[    1.728315] calling  activate_jump_labels+0x0/0x31 @ 1
[    1.729314] initcall activate_jump_labels+0x0/0x31 returned 0 after 0 usecs
[    1.730314] calling  ffh_cstate_init+0x0/0x29 @ 1
[    1.731317] initcall ffh_cstate_init+0x0/0x29 returned 0 after 0 usecs
[    1.732312] calling  activate_jump_labels+0x0/0x31 @ 1
[    1.733358] initcall activate_jump_labels+0x0/0x31 returned 0 after 0 usecs
[    1.734312] calling  kvm_alloc_cpumask+0x0/0x2b @ 1
[    1.735339] initcall kvm_alloc_cpumask+0x0/0x2b returned 0 after 0 usecs
[    1.736313] calling  kcmp_cookies_init+0x0/0x37 @ 1
[    1.737317] initcall kcmp_cookies_init+0x0/0x37 returned 0 after 0 usecs
[    1.738313] calling  cryptomgr_init+0x0/0xc @ 1
[    1.739332] initcall cryptomgr_init+0x0/0xc returned 0 after 0 usecs
[    1.740312] calling  acpi_pci_init+0x0/0x57 @ 1
[    1.741310] ACPI: bus type PCI registered
[    1.742313] initcall acpi_pci_init+0x0/0x57 returned 0 after 976 usecs
[    1.743314] calling  dma_channel_table_init+0x0/0xce @ 1
[    1.744338] initcall dma_channel_table_init+0x0/0xce returned 0 after 0 usecs
[    1.745313] calling  dma_bus_init+0x0/0xdc @ 1
[    1.747331] initcall dma_bus_init+0x0/0xdc returned 0 after 976 usecs
[    1.748640] calling  iommu_dma_init+0x0/0x10 @ 1
[    1.750335] initcall iommu_dma_init+0x0/0x10 returned 0 after 0 usecs
[    1.751314] calling  dmi_id_init+0x0/0x37c @ 1
[    1.753468] initcall dmi_id_init+0x0/0x37c returned 0 after 976 usecs
[    1.754313] calling  pci_arch_init+0x0/0x71 @ 1
[    1.756961] PCI: MMCONFIG for domain 0000 [bus 00-ff] at [mem 0xb0000000-0xbfffffff] (base 0xb0000000)
[    1.757313] PCI: MMCONFIG at [mem 0xb0000000-0xbfffffff] reserved in E820
[    1.758358] PCI: Using configuration type 1 for base access
[    1.760328] initcall pci_arch_init+0x0/0x71 returned 0 after 3906 usecs
[    1.761331] calling  init_vdso+0x0/0x13 @ 1
[    1.762414] initcall init_vdso+0x0/0x13 returned 0 after 0 usecs
[    1.763314] calling  sysenter_setup+0x0/0x13 @ 1
[    1.764405] initcall sysenter_setup+0x0/0x13 returned 0 after 0 usecs
[    1.765314] calling  fixup_ht_bug+0x0/0x7f @ 1
[    1.766317] initcall fixup_ht_bug+0x0/0x7f returned 0 after 0 usecs
[    1.767316] calling  topology_init+0x0/0x15 @ 1
[    1.768371] initcall topology_init+0x0/0x15 returned 0 after 0 usecs
[    1.769313] calling  intel_epb_init+0x0/0x68 @ 1
[    1.770313] initcall intel_epb_init+0x0/0x68 returned -19 after 0 usecs
[    1.771312] calling  mtrr_init_finialize+0x0/0x3e @ 1
[    1.772311] initcall mtrr_init_finialize+0x0/0x3e returned 0 after 0 usecs
[    1.773314] calling  uid_cache_init+0x0/0x7b @ 1
[    1.777306] initcall uid_cache_init+0x0/0x7b returned 0 after 976 usecs
[    1.778425] calling  param_sysfs_init+0x0/0x1ba @ 1
[    1.793609] initcall param_sysfs_init+0x0/0x1ba returned 0 after 13671 usecs
[    1.794358] calling  user_namespace_sysctl_init+0x0/0x33 @ 1
[    1.796481] initcall user_namespace_sysctl_init+0x0/0x33 returned 0 after 976 usecs
[    1.797314] calling  proc_schedstat_init+0x0/0x24 @ 1
[    1.798470] initcall proc_schedstat_init+0x0/0x24 returned 0 after 0 usecs
[    1.800313] calling  pm_sysrq_init+0x0/0x18 @ 1
[    1.801382] initcall pm_sysrq_init+0x0/0x18 returned 0 after 0 usecs
[    1.803024] calling  create_proc_profile+0x0/0x50 @ 1
[    1.804332] initcall create_proc_profile+0x0/0x50 returned 0 after 0 usecs
[    1.805315] calling  time_ns_init+0x0/0x7 @ 1
[    1.806335] initcall time_ns_init+0x0/0x7 returned 0 after 0 usecs
[    1.807312] calling  crash_save_vmcoreinfo_init+0x0/0x756 @ 1
[    1.810252] initcall crash_save_vmcoreinfo_init+0x0/0x756 returned 0 after 976 usecs
[    1.810314] calling  crash_notes_memory_init+0x0/0x35 @ 1
[    1.811397] initcall crash_notes_memory_init+0x0/0x35 returned 0 after 0 usecs
[    1.812313] calling  cgroup_sysfs_init+0x0/0x13 @ 1
[    1.813499] initcall cgroup_sysfs_init+0x0/0x13 returned 0 after 0 usecs
[    1.814312] calling  cgroup_namespaces_init+0x0/0x7 @ 1
[    1.815312] initcall cgroup_namespaces_init+0x0/0x7 returned 0 after 0 usecs
[    1.816312] calling  init_optprobes+0x0/0x13 @ 1
[    1.817571] Kprobes globally optimized
[    1.818313] initcall init_optprobes+0x0/0x13 returned 0 after 976 usecs
[    1.819312] calling  oom_init+0x0/0x2f @ 1
[    1.822523] audit: type=2000 audit(1670899939.251:1): state=initialized audit_enabled=0 res=1
[    1.823489] initcall oom_init+0x0/0x2f returned 0 after 2929 usecs
[    1.824312] calling  default_bdi_init+0x0/0x35 @ 1
[    1.826969] initcall default_bdi_init+0x0/0x35 returned 0 after 976 usecs
[    1.828313] calling  percpu_enable_async+0x0/0xe @ 1
[    1.829314] initcall percpu_enable_async+0x0/0xe returned 0 after 0 usecs
[    1.830314] calling  kcompactd_init+0x0/0x46 @ 1
[    1.831788] initcall kcompactd_init+0x0/0x46 returned 0 after 0 usecs
[    1.832730] calling  init_user_reserve+0x0/0x30 @ 1
[    1.833339] initcall init_user_reserve+0x0/0x30 returned 0 after 0 usecs
[    1.834310] calling  init_admin_reserve+0x0/0x30 @ 1
[    1.835309] initcall init_admin_reserve+0x0/0x30 returned 0 after 0 usecs
[    1.836427] calling  init_reserve_notifier+0x0/0x7 @ 1
[    1.837342] initcall init_reserve_notifier+0x0/0x7 returned 0 after 0 usecs
[    1.838313] calling  swap_init_sysfs+0x0/0x62 @ 1
[    1.839343] initcall swap_init_sysfs+0x0/0x62 returned 0 after 0 usecs
[    1.841311] calling  swapfile_init+0x0/0x46 @ 1
[    1.842312] initcall swapfile_init+0x0/0x46 returned 0 after 0 usecs
[    1.843311] calling  hugetlb_init+0x0/0x430 @ 1
[    1.845331] HugeTLB registered 2.00 MiB page size, pre-allocated 0 pages
[    1.846447] initcall hugetlb_init+0x0/0x430 returned 0 after 1953 usecs
[    1.847470] calling  io_wq_init+0x0/0x34 @ 1
[    1.848356] initcall io_wq_init+0x0/0x34 returned 0 after 0 usecs
[    1.849312] calling  seqiv_module_init+0x0/0xc @ 1
[    1.850409] initcall seqiv_module_init+0x0/0xc returned 0 after 0 usecs
[    1.852306] calling  echainiv_module_init+0x0/0xc @ 1
[    1.853310] initcall echainiv_module_init+0x0/0xc returned 0 after 0 usecs
[    1.854808] calling  rsa_init+0x0/0x50 @ 1
[    1.857876] cryptomgr_test (17) used greatest stack depth: 15544 bytes left
[    1.858343] initcall rsa_init+0x0/0x50 returned 0 after 1953 usecs
[    1.859311] calling  crypto_cmac_module_init+0x0/0xc @ 1
[    1.860312] initcall crypto_cmac_module_init+0x0/0xc returned 0 after 0 usecs
[    1.861311] calling  hmac_module_init+0x0/0xc @ 1
[    1.863311] initcall hmac_module_init+0x0/0xc returned 0 after 0 usecs
[    1.864311] calling  crypto_null_mod_init+0x0/0x65 @ 1
[    1.865444] initcall crypto_null_mod_init+0x0/0x65 returned 0 after 0 usecs
[    1.866311] calling  md5_mod_init+0x0/0xc @ 1
[    1.867339] initcall md5_mod_init+0x0/0xc returned 0 after 0 usecs
[    1.868310] calling  sha256_generic_mod_init+0x0/0x11 @ 1
[    1.869347] initcall sha256_generic_mod_init+0x0/0x11 returned 0 after 0 usecs
[    1.870310] calling  crypto_cbc_module_init+0x0/0xc @ 1
[    1.871311] initcall crypto_cbc_module_init+0x0/0xc returned 0 after 0 usecs
[    1.872310] calling  crypto_ctr_module_init+0x0/0x11 @ 1
[    1.873311] initcall crypto_ctr_module_init+0x0/0x11 returned 0 after 0 usecs
[    1.874313] calling  crypto_gcm_module_init+0x0/0x64 @ 1
[    1.875356] initcall crypto_gcm_module_init+0x0/0x64 returned 0 after 0 usecs
[    1.876312] calling  crypto_ccm_module_init+0x0/0x11 @ 1
[    1.877314] initcall crypto_ccm_module_init+0x0/0x11 returned 0 after 0 usecs
[    1.878312] calling  aes_init+0x0/0xc @ 1
[    1.879362] initcall aes_init+0x0/0xc returned 0 after 0 usecs
[    1.880312] calling  crc32c_mod_init+0x0/0xc @ 1
[    1.881351] initcall crc32c_mod_init+0x0/0xc returned 0 after 0 usecs
[    1.882312] calling  crypto_authenc_module_init+0x0/0xc @ 1
[    1.883313] initcall crypto_authenc_module_init+0x0/0xc returned 0 after 0 usecs
[    1.884312] calling  crypto_authenc_esn_module_init+0x0/0xc @ 1
[    1.885313] initcall crypto_authenc_esn_module_init+0x0/0xc returned 0 after 0 usecs
[    1.886312] calling  drbg_init+0x0/0x7c @ 1
[    1.887572] initcall drbg_init+0x0/0x7c returned 0 after 0 usecs
[    1.888312] calling  ghash_mod_init+0x0/0xc @ 1
[    1.889351] initcall ghash_mod_init+0x0/0xc returned 0 after 0 usecs
[    1.890313] calling  init_bio+0x0/0x9a @ 1
[    1.891642] initcall init_bio+0x0/0x9a returned 0 after 0 usecs
[    1.892311] calling  blk_settings_init+0x0/0x29 @ 1
[    1.893311] initcall blk_settings_init+0x0/0x29 returned 0 after 0 usecs
[    1.894311] calling  blk_ioc_init+0x0/0x29 @ 1
[    1.895315] initcall blk_ioc_init+0x0/0x29 returned 0 after 0 usecs
[    1.896311] calling  blk_mq_init+0x0/0x96 @ 1
[    1.897350] initcall blk_mq_init+0x0/0x96 returned 0 after 0 usecs
[    1.898311] calling  genhd_device_init+0x0/0x75 @ 1
[    1.900741] initcall genhd_device_init+0x0/0x75 returned 0 after 976 usecs
[    1.901471] calling  pci_slot_init+0x0/0x40 @ 1
[    1.902449] initcall pci_slot_init+0x0/0x40 returned 0 after 0 usecs
[    1.903312] calling  fbmem_init+0x0/0xd8 @ 1
[    1.904500] initcall fbmem_init+0x0/0xd8 returned 0 after 0 usecs
[    1.905311] calling  acpi_init+0x0/0x316 @ 1
[    1.907906] ACPI: Added _OSI(Module Device)
[    1.908326] ACPI: Added _OSI(Processor Device)
[    1.909309] ACPI: Added _OSI(3.0 _SCP Extensions)
[    1.910309] ACPI: Added _OSI(Processor Aggregator Device)
[    1.911310] ACPI: Added _OSI(Linux-Dell-Video)
[    1.912309] ACPI: Added _OSI(Linux-Lenovo-NV-HDMI-Audio)
[    1.913328] ACPI: Added _OSI(Linux-HPI-Hybrid-Graphics)
[    1.918308] ACPI: 1 ACPI AML tables successfully acquired and loaded
[    1.924726] ACPI: Interpreter enabled
[    1.925487] ACPI: (supports S0 S3 S4 S5)
[    1.926320] ACPI: Using IOAPIC for interrupt routing
[    1.927665] PCI: Using host bridge windows from ACPI; if necessary, use "pci=nocrs" and report a bug
[    1.929670] ACPI: Enabled 2 GPEs in block 00 to 3F
[    1.936580] ACPI: PCI Root Bridge [PCI0] (domain 0000 [bus 00-ff])
[    1.938557] acpi PNP0A08:00: _OSC: OS supports [ExtendedConfig ASPM ClockPM Segments MSI HPX-Type3]
[    1.939384] acpi PNP0A08:00: _OSC: platform does not support [LTR]
[    1.941341] acpi PNP0A08:00: _OSC: OS now controls [PME PCIeCapability]
[    1.943702] PCI host bridge to bus 0000:00
[    1.944399] pci_bus 0000:00: root bus resource [io  0x0000-0x0cf7 window]
[    1.945311] pci_bus 0000:00: root bus resource [io  0x0d00-0xffff window]
[    1.946310] pci_bus 0000:00: root bus resource [mem 0x000a0000-0x000bffff window]
[    1.947313] pci_bus 0000:00: root bus resource [mem 0x20000000-0xafffffff window]
[    1.948313] pci_bus 0000:00: root bus resource [mem 0xc0000000-0xfebfffff window]
[    1.949314] pci_bus 0000:00: root bus resource [mem 0x100000000-0x8ffffffff window]
[    1.951312] pci_bus 0000:00: root bus resource [bus 00-ff]
[    1.953571] pci 0000:00:00.0: calling  quirk_mmio_always_on+0x0/0x10 @ 1
[    1.954314] pci 0000:00:00.0: quirk_mmio_always_on+0x0/0x10 took 0 usecs
[    1.955311] pci 0000:00:00.0: [8086:29c0] type 00 class 0x060000
[    1.960113] pci 0000:00:00.0: calling  quirk_igfx_skip_te_disable+0x0/0x80 @ 1
[    1.960371] pci 0000:00:00.0: quirk_igfx_skip_te_disable+0x0/0x80 took 0 usecs
[    1.963927] pci 0000:00:01.0: [1234:1111] type 00 class 0x030000
[    1.969978] pci 0000:00:01.0: reg 0x10: [mem 0xfd000000-0xfdffffff pref]
[    1.979306] pci 0000:00:01.0: reg 0x18: [mem 0xfebf0000-0xfebf0fff]
[    1.994790] pci 0000:00:01.0: reg 0x30: [mem 0xfebe0000-0xfebeffff pref]
[    1.998299] pci 0000:00:01.0: calling  efifb_fixup_resources+0x0/0xf0 @ 1
[    1.999370] pci 0000:00:01.0: efifb_fixup_resources+0x0/0xf0 took 0 usecs
[    2.007686] pci 0000:00:1f.0: [8086:2918] type 00 class 0x060100
[    2.014080] pci 0000:00:1f.0: calling  quirk_ich7_lpc+0x0/0x60 @ 1
[    2.014670] pci 0000:00:1f.0: quirk: [io  0x0600-0x067f] claimed by ICH6 ACPI/GPIO/TCO
[    2.015733] pci 0000:00:1f.0: quirk_ich7_lpc+0x0/0x60 took 976 usecs
[    2.016541] pci 0000:00:1f.0: calling  quirk_igfx_skip_te_disable+0x0/0x80 @ 1
[    2.017362] pci 0000:00:1f.0: quirk_igfx_skip_te_disable+0x0/0x80 took 0 usecs
[    2.020881] pci 0000:00:1f.2: [8086:2922] type 00 class 0x010601
[    2.034333] pci 0000:00:1f.2: reg 0x20: [io  0xc040-0xc05f]
[    2.037038] pci 0000:00:1f.2: reg 0x24: [mem 0xfebf1000-0xfebf1fff]
[    2.039324] pci 0000:00:1f.2: calling  quirk_igfx_skip_te_disable+0x0/0x80 @ 1
[    2.040317] pci 0000:00:1f.2: quirk_igfx_skip_te_disable+0x0/0x80 took 0 usecs
[    2.045567] pci 0000:00:1f.3: [8086:2930] type 00 class 0x0c0500
[    2.052686] pci 0000:00:1f.3: reg 0x20: [io  0x0700-0x073f]
[    2.055789] pci 0000:00:1f.3: calling  quirk_igfx_skip_te_disable+0x0/0x80 @ 1
[    2.056315] pci 0000:00:1f.3: quirk_igfx_skip_te_disable+0x0/0x80 took 0 usecs
[    2.059381] pci_bus 0000:00: on NUMA node 0
[    2.062357] ACPI: PCI Interrupt Link [LNKA] (IRQs 5 *10 11)
[    2.064704] ACPI: PCI Interrupt Link [LNKB] (IRQs 5 *10 11)
[    2.065729] ACPI: PCI Interrupt Link [LNKC] (IRQs 5 10 *11)
[    2.066713] ACPI: PCI Interrupt Link [LNKD] (IRQs 5 10 *11)
[    2.067731] ACPI: PCI Interrupt Link [LNKE] (IRQs 5 *10 11)
[    2.068747] ACPI: PCI Interrupt Link [LNKF] (IRQs 5 *10 11)
[    2.069712] ACPI: PCI Interrupt Link [LNKG] (IRQs 5 10 *11)
[    2.070748] ACPI: PCI Interrupt Link [LNKH] (IRQs 5 10 *11)
[    2.071496] ACPI: PCI Interrupt Link [GSIA] (IRQs *16)
[    2.072337] ACPI: PCI Interrupt Link [GSIB] (IRQs *17)
[    2.073320] ACPI: PCI Interrupt Link [GSIC] (IRQs *18)
[    2.074635] ACPI: PCI Interrupt Link [GSID] (IRQs *19)
[    2.075326] ACPI: PCI Interrupt Link [GSIE] (IRQs *20)
[    2.076469] ACPI: PCI Interrupt Link [GSIF] (IRQs *21)
[    2.077332] ACPI: PCI Interrupt Link [GSIG] (IRQs *22)
[    2.078327] ACPI: PCI Interrupt Link [GSIH] (IRQs *23)
[    2.091306] initcall acpi_init+0x0/0x316 returned 0 after 178710 usecs
[    2.094255] calling  pnp_init+0x0/0xc @ 1
[    2.095446] initcall pnp_init+0x0/0xc returned 0 after 0 usecs
[    2.096313] calling  misc_init+0x0/0xbf @ 1
[    2.099791] initcall misc_init+0x0/0xbf returned 0 after 1953 usecs
[    2.100316] calling  iommu_subsys_init+0x0/0x4e @ 1
[    2.102901] iommu: Default domain type: Translated 
[    2.103316] initcall iommu_subsys_init+0x0/0x4e returned 0 after 1953 usecs
[    2.104313] calling  vga_arb_device_init+0x0/0x26c @ 1
[    2.111289] pci 0000:00:01.0: vgaarb: setting as boot VGA device
[    2.111306] pci 0000:00:01.0: vgaarb: VGA device added: decodes=io+mem,owns=io+mem,locks=none
[    2.112311] pci 0000:00:01.0: vgaarb: bridge control possible
[    2.113311] vgaarb: loaded
[    2.114315] initcall vga_arb_device_init+0x0/0x26c returned 0 after 8789 usecs
[    2.116277] calling  cn_init+0x0/0xf0 @ 1
[    2.119121] initcall cn_init+0x0/0xf0 returned 0 after 976 usecs
[    2.119315] calling  dma_buf_init+0x0/0xad @ 1
[    2.123390] initcall dma_buf_init+0x0/0xad returned 0 after 2929 usecs
[    2.124314] calling  init_scsi+0x0/0x79 @ 1
[    2.140071] SCSI subsystem initialized
[    2.140484] initcall init_scsi+0x0/0x79 returned 0 after 14648 usecs
[    2.142454] calling  ata_init+0x0/0x332 @ 1
[    2.145306] libata version 3.00 loaded.
[    2.146312] initcall ata_init+0x0/0x332 returned 0 after 2929 usecs
[    2.147312] calling  phy_init+0x0/0x250 @ 1
[    2.151444] initcall phy_init+0x0/0x250 returned 0 after 2929 usecs
[    2.152312] calling  init_pcmcia_cs+0x0/0x35 @ 1
[    2.153844] initcall init_pcmcia_cs+0x0/0x35 returned 0 after 0 usecs
[    2.154312] calling  usb_common_init+0x0/0x1c @ 1
[    2.156732] initcall usb_common_init+0x0/0x1c returned 0 after 976 usecs
[    2.157312] calling  usb_init+0x0/0x12e @ 1
[    2.159488] ACPI: bus type USB registered
[    2.165167] usbcore: registered new interface driver usbfs
[    2.166499] usbcore: registered new interface driver hub
[    2.167357] usbcore: registered new device driver usb
[    2.168316] initcall usb_init+0x0/0x12e returned 0 after 9765 usecs
[    2.169315] calling  serio_init+0x0/0x29 @ 1
[    2.171326] initcall serio_init+0x0/0x29 returned 0 after 976 usecs
[    2.172314] calling  input_init+0x0/0xf6 @ 1
[    2.175506] initcall input_init+0x0/0xf6 returned 0 after 1953 usecs
[    2.176315] calling  rtc_init+0x0/0x4d @ 1
[    2.178923] initcall rtc_init+0x0/0x4d returned 0 after 976 usecs
[    2.179312] calling  pps_init+0x0/0xa9 @ 1
[    2.180426] pps_core: LinuxPPS API ver. 1 registered
[    2.181309] pps_core: Software ver. 5.3.6 - Copyright 2005-2007 Rodolfo Giometti <giometti@linux.it>
[    2.182313] initcall pps_init+0x0/0xa9 returned 0 after 1953 usecs
[    2.183316] calling  ptp_init+0x0/0x98 @ 1
[    2.184327] PTP clock support registered
[    2.185314] initcall ptp_init+0x0/0x98 returned 0 after 976 usecs
[    2.186315] calling  power_supply_class_init+0x0/0x3f @ 1
[    2.188312] initcall power_supply_class_init+0x0/0x3f returned 0 after 976 usecs
[    2.189314] calling  hwmon_init+0x0/0x104 @ 1
[    2.191323] initcall hwmon_init+0x0/0x104 returned 0 after 976 usecs
[    2.192312] calling  md_init+0x0/0x16b @ 1
[    2.201552] initcall md_init+0x0/0x16b returned 0 after 7812 usecs
[    2.202314] calling  leds_init+0x0/0x3b @ 1
[    2.203420] initcall leds_init+0x0/0x3b returned 0 after 0 usecs
[    2.204314] calling  dmi_init+0x0/0x113 @ 1
[    2.208923] initcall dmi_init+0x0/0x113 returned 0 after 2929 usecs
[    2.210313] calling  efisubsys_init+0x0/0x4e6 @ 1
[    2.211430] initcall efisubsys_init+0x0/0x4e6 returned 0 after 0 usecs
[    2.212842] calling  nvmem_init+0x0/0xc @ 1
[    2.214477] initcall nvmem_init+0x0/0xc returned 0 after 0 usecs
[    2.215312] calling  init_soundcore+0x0/0x33 @ 1
[    2.216468] initcall init_soundcore+0x0/0x33 returned 0 after 0 usecs
[    2.217315] calling  alsa_sound_init+0x0/0x8f @ 1
[    2.221467] Advanced Linux Sound Architecture Driver Initialized.
[    2.222314] initcall alsa_sound_init+0x0/0x8f returned 0 after 3906 usecs
[    2.224306] calling  alsa_seq_device_init+0x0/0x71 @ 1
[    2.226618] initcall alsa_seq_device_init+0x0/0x71 returned 0 after 976 usecs
[    2.227313] calling  hda_bus_init+0x0/0xc @ 1
[    2.228574] initcall hda_bus_init+0x0/0xc returned 0 after 0 usecs
[    2.229313] calling  proto_init+0x0/0xc @ 1
[    2.231626] initcall proto_init+0x0/0xc returned 0 after 976 usecs
[    2.232313] calling  net_dev_init+0x0/0x1cc @ 1
[    2.245313] initcall net_dev_init+0x0/0x1cc returned 0 after 11718 usecs
[    2.246314] calling  neigh_init+0x0/0x84 @ 1
[    2.247314] initcall neigh_init+0x0/0x84 returned 0 after 0 usecs
[    2.248312] calling  fib_notifier_init+0x0/0xc @ 1
[    2.249350] initcall fib_notifier_init+0x0/0xc returned 0 after 0 usecs
[    2.250338] calling  fib_rules_init+0x0/0xab @ 1
[    2.251478] initcall fib_rules_init+0x0/0xab returned 0 after 0 usecs
[    2.252314] calling  pktsched_init+0x0/0x10e @ 1
[    2.253495] initcall pktsched_init+0x0/0x10e returned 0 after 0 usecs
[    2.254312] calling  tc_filter_init+0x0/0xfa @ 1
[    2.255357] initcall tc_filter_init+0x0/0xfa returned 0 after 0 usecs
[    2.256312] calling  tc_action_init+0x0/0x54 @ 1
[    2.257322] initcall tc_action_init+0x0/0x54 returned 0 after 0 usecs
[    2.258317] calling  ethnl_init+0x0/0x52 @ 1
[    2.259750] initcall ethnl_init+0x0/0x52 returned 0 after 0 usecs
[    2.260315] calling  nexthop_init+0x0/0xd8 @ 1
[    2.261418] initcall nexthop_init+0x0/0xd8 returned 0 after 0 usecs
[    2.262315] calling  cipso_v4_init+0x0/0x5a @ 1
[    2.263409] initcall cipso_v4_init+0x0/0x5a returned 0 after 0 usecs
[    2.264315] calling  ieee80211_init+0x0/0x24 @ 1
[    2.265587] initcall ieee80211_init+0x0/0x24 returned 0 after 0 usecs
[    2.266315] calling  netlbl_init+0x0/0x78 @ 1
[    2.267444] NetLabel: Initializing
[    2.268310] NetLabel:  domain hash size = 128
[    2.269310] NetLabel:  protocols = UNLABELED CIPSOv4 CALIPSO
[    2.271811] NetLabel:  unlabeled traffic allowed by default
[    2.272318] initcall netlbl_init+0x0/0x78 returned 0 after 4882 usecs
[    2.273316] calling  rfkill_init+0x0/0x111 @ 1
[    2.274626] initcall rfkill_init+0x0/0x111 returned 0 after 0 usecs
[    2.275314] calling  pci_subsys_init+0x0/0x66 @ 1
[    2.276658] PCI: Using ACPI for IRQ routing
[    3.058496] PCI: pci_cache_line_size set to 64 bytes
[    3.060634] e820: reserve RAM buffer [mem 0x0009fc00-0x0009ffff]
[    3.061348] e820: reserve RAM buffer [mem 0x1ffdf000-0x1fffffff]
[    3.062366] initcall pci_subsys_init+0x0/0x66 returned 0 after 767578 usecs
[    3.069177] calling  nmi_warning_debugfs+0x0/0x26 @ 1
[    3.069410] initcall nmi_warning_debugfs+0x0/0x26 returned 0 after 0 usecs
[    3.070405] calling  save_microcode_in_initrd+0x0/0x51 @ 1
[    3.073652] initcall save_microcode_in_initrd+0x0/0x51 returned 0 after 976 usecs
[    3.075306] calling  hpet_late_init+0x0/0x1f6 @ 1
[    3.078924] hpet: 3 channels of 0 reserved for per-cpu timers
[    3.081002] hpet0: at MMIO 0xfed00000, IRQs 2, 8, 0
[    3.082311] hpet0: 3 comparators, 64-bit 100.000000 MHz counter
[    3.086315] initcall hpet_late_init+0x0/0x1f6 returned 0 after 9765 usecs
[    3.087316] calling  init_amd_nbs+0x0/0x11c @ 1
[    3.089314] initcall init_amd_nbs+0x0/0x11c returned 0 after 976 usecs
[    3.090589] calling  clocksource_done_booting+0x0/0x41 @ 1
[    3.091641] clocksource: Switched to clocksource kvm-clock
[    3.099579] initcall clocksource_done_booting+0x0/0x41 returned 0 after 8074 usecs
[    3.109376] calling  tracer_init_tracefs+0x0/0x1fb @ 1
[    3.464182] initcall tracer_init_tracefs+0x0/0x1fb returned 0 after 339086 usecs
[    3.473056] calling  init_trace_printk_function_export+0x0/0x2c @ 1
[    3.480695] initcall init_trace_printk_function_export+0x0/0x2c returned 0 after 6 usecs
[    3.490407] calling  init_kprobe_trace+0x0/0x1a9 @ 1
[    3.496470] initcall init_kprobe_trace+0x0/0x1a9 returned 0 after 92 usecs
[    3.504660] calling  init_dynamic_event+0x0/0x3d @ 1
[    3.510753] initcall init_dynamic_event+0x0/0x3d returned 0 after 169 usecs
[    3.519019] calling  init_uprobe_trace+0x0/0x5c @ 1
[    3.525293] initcall init_uprobe_trace+0x0/0x5c returned 0 after 63 usecs
[    3.533522] calling  init_pipe_fs+0x0/0x44 @ 1
[    3.539531] initcall init_pipe_fs+0x0/0x44 returned 0 after 317 usecs
[    3.549161] calling  inotify_user_setup+0x0/0x47 @ 1
[    3.556690] initcall inotify_user_setup+0x0/0x47 returned 0 after 54 usecs
[    3.568300] calling  eventpoll_init+0x0/0xcc @ 1
[    3.574295] initcall eventpoll_init+0x0/0xcc returned 0 after 73 usecs
[    3.582069] calling  anon_inode_init+0x0/0x58 @ 1
[    3.587846] initcall anon_inode_init+0x0/0x58 returned 0 after 78 usecs
[    3.595874] calling  proc_locks_init+0x0/0x27 @ 1
[    3.601768] initcall proc_locks_init+0x0/0x27 returned 0 after 51 usecs
[    3.609680] calling  iomap_init+0x0/0x1b @ 1
[    3.616645] initcall iomap_init+0x0/0x1b returned 0 after 960 usecs
[    3.624839] calling  dquot_init+0x0/0xd7 @ 1
[    3.630266] VFS: Disk quotas dquot_6.6.0
[    3.635757] VFS: Dquot-cache hash table entries: 512 (order 0, 4096 bytes)
[    3.644424] initcall dquot_init+0x0/0xd7 returned 0 after 13933 usecs
[    3.654011] calling  quota_init+0x0/0x23 @ 1
[    3.660906] initcall quota_init+0x0/0x23 returned 0 after 52 usecs
[    3.670404] calling  proc_cmdline_init+0x0/0x21 @ 1
[    3.678017] initcall proc_cmdline_init+0x0/0x21 returned 0 after 38 usecs
[    3.686401] calling  proc_consoles_init+0x0/0x24 @ 1
[    3.692709] initcall proc_consoles_init+0x0/0x24 returned 0 after 43 usecs
[    3.701204] calling  proc_cpuinfo_init+0x0/0x1e @ 1
[    3.707286] initcall proc_cpuinfo_init+0x0/0x1e returned 0 after 3 usecs
[    3.715641] calling  proc_devices_init+0x0/0x24 @ 1
[    3.721677] initcall proc_devices_init+0x0/0x24 returned 0 after 3 usecs
[    3.729934] calling  proc_interrupts_init+0x0/0x24 @ 1
[    3.736467] initcall proc_interrupts_init+0x0/0x24 returned 0 after 4 usecs
[    3.745741] calling  proc_loadavg_init+0x0/0x21 @ 1
[    3.751810] initcall proc_loadavg_init+0x0/0x21 returned 0 after 4 usecs
[    3.763154] calling  proc_meminfo_init+0x0/0x21 @ 1
[    3.770482] initcall proc_meminfo_init+0x0/0x21 returned 0 after 5 usecs
[    3.780629] calling  proc_stat_init+0x0/0x1e @ 1
[    3.788055] initcall proc_stat_init+0x0/0x1e returned 0 after 12 usecs
[    3.795851] calling  proc_uptime_init+0x0/0x21 @ 1
[    3.801600] initcall proc_uptime_init+0x0/0x21 returned 0 after 3 usecs
[    3.809318] calling  proc_version_init+0x0/0x21 @ 1
[    3.815126] initcall proc_version_init+0x0/0x21 returned 0 after 3 usecs
[    3.823181] calling  proc_softirqs_init+0x0/0x21 @ 1
[    3.829157] initcall proc_softirqs_init+0x0/0x21 returned 0 after 3 usecs
[    3.838887] calling  proc_kcore_init+0x0/0xea @ 1
[    3.845878] initcall proc_kcore_init+0x0/0xea returned 0 after 38 usecs
[    3.855696] calling  vmcore_init+0x0/0x578 @ 1
[    3.862031] initcall vmcore_init+0x0/0x578 returned 0 after 1 usecs
[    3.869487] calling  proc_kmsg_init+0x0/0x21 @ 1
[    3.874927] initcall proc_kmsg_init+0x0/0x21 returned 0 after 4 usecs
[    3.883679] calling  proc_page_init+0x0/0x3b @ 1
[    3.890429] initcall proc_page_init+0x0/0x3b returned 0 after 6 usecs
[    3.899756] calling  init_ramfs_fs+0x0/0xc @ 1
[    3.906627] initcall init_ramfs_fs+0x0/0xc returned 0 after 289 usecs
[    3.914985] calling  init_hugetlbfs_fs+0x0/0xf6 @ 1
[    3.921201] initcall init_hugetlbfs_fs+0x0/0xf6 returned 0 after 438 usecs
[    3.930178] calling  blk_scsi_ioctl_init+0x0/0x2a5 @ 1
[    3.936795] initcall blk_scsi_ioctl_init+0x0/0x2a5 returned 0 after 18 usecs
[    3.954606] calling  acpi_event_init+0x0/0x2c @ 1
[    3.964200] initcall acpi_event_init+0x0/0x2c returned 0 after 2581 usecs
[    3.973876] calling  pnp_system_init+0x0/0xc @ 1
[    3.983168] initcall pnp_system_init+0x0/0xc returned 0 after 2294 usecs
[    3.993025] calling  pnpacpi_init+0x0/0x69 @ 1
[    3.999631] pnp: PnP ACPI init
[    4.006105] pnp 00:00: Plug and Play ACPI device, IDs PNP0303 (active)
[    4.014218] pnp 00:01: Plug and Play ACPI device, IDs PNP0f13 (active)
[    4.022244] pnp 00:02: Plug and Play ACPI device, IDs PNP0400 (active)
[    4.030093] pnp 00:03: Plug and Play ACPI device, IDs PNP0501 (active)
[    4.037947] pnp 00:04: Plug and Play ACPI device, IDs PNP0b00 (active)
[    4.047589] system 00:05: [mem 0xb0000000-0xbfffffff window] has been reserved
[    4.056136] system 00:05: Plug and Play ACPI device, IDs PNP0c01 (active)
[    4.065681] pnp: PnP ACPI: found 6 devices
[    4.070620] initcall pnpacpi_init+0x0/0x69 returned 0 after 69437 usecs
[    4.078318] calling  chr_dev_init+0x0/0x14d @ 1
[    4.090953] initcall chr_dev_init+0x0/0x14d returned 0 after 7212 usecs
[    4.098660] calling  firmware_class_init+0x0/0xde @ 1
[    4.104553] initcall firmware_class_init+0x0/0xde returned 0 after 92 usecs
[    4.112821] calling  init_pcmcia_bus+0x0/0x5b @ 1
[    4.118462] initcall init_pcmcia_bus+0x0/0x5b returned 0 after 67 usecs
[    4.126235] calling  init_acpi_pm_clocksource+0x0/0xda @ 1
[    4.138528] clocksource: acpi_pm: mask: 0xffffff max_cycles: 0xffffff, max_idle_ns: 2085701024 ns
[    4.149045] initcall init_acpi_pm_clocksource+0x0/0xda returned 0 after 15821 usecs
[    4.158132] calling  sysctl_core_init+0x0/0x26 @ 1
[    4.164140] initcall sysctl_core_init+0x0/0x26 returned 0 after 236 usecs
[    4.172300] calling  eth_offload_init+0x0/0x13 @ 1
[    4.178330] initcall eth_offload_init+0x0/0x13 returned 0 after 162 usecs
[    4.186545] calling  ipv4_offload_init+0x0/0x73 @ 1
[    4.192469] initcall ipv4_offload_init+0x0/0x73 returned 0 after 37 usecs
[    4.200653] calling  inet_init+0x0/0x276 @ 1
[    4.206191] NET: Registered protocol family 2
[    4.213656] IP idents hash table entries: 8192 (order: 4, 65536 bytes, linear)
[    4.225094] tcp_listen_portaddr_hash hash table entries: 256 (order: 0, 4096 bytes, linear)
[    4.235193] TCP established hash table entries: 4096 (order: 3, 32768 bytes, linear)
[    4.245055] TCP bind hash table entries: 4096 (order: 3, 32768 bytes, linear)
[    4.253929] TCP: Hash tables configured (established 4096 bind 4096)
[    4.262600] UDP hash table entries: 256 (order: 1, 8192 bytes, linear)
[    4.270708] UDP-Lite hash table entries: 256 (order: 1, 8192 bytes, linear)
[    4.279898] initcall inet_init+0x0/0x276 returned 0 after 72299 usecs
[    4.287911] calling  af_unix_init+0x0/0x4d @ 1
[    4.293429] NET: Registered protocol family 1
[    4.300210] initcall af_unix_init+0x0/0x4d returned 0 after 6622 usecs
[    4.309825] calling  ipv6_offload_init+0x0/0x7e @ 1
[    4.317106] initcall ipv6_offload_init+0x0/0x7e returned 0 after 74 usecs
[    4.327124] calling  init_sunrpc+0x0/0x65 @ 1
[    4.335532] RPC: Registered named UNIX socket transport module.
[    4.342584] RPC: Registered udp transport module.
[    4.348439] RPC: Registered tcp transport module.
[    4.354138] RPC: Registered tcp NFSv4.1 backchannel transport module.
[    4.361813] initcall init_sunrpc+0x0/0x65 returned 0 after 28564 usecs
[    4.370723] calling  cfg80211_init+0x0/0xc5 @ 1
[    4.380308] initcall cfg80211_init+0x0/0xc5 returned 0 after 2638 usecs
[    4.390089] calling  pcibios_assign_resources+0x0/0xb4 @ 1
[    4.398187] pci_bus 0000:00: resource 4 [io  0x0000-0x0cf7 window]
[    4.405483] pci_bus 0000:00: resource 5 [io  0x0d00-0xffff window]
[    4.413077] pci_bus 0000:00: resource 6 [mem 0x000a0000-0x000bffff window]
[    4.421387] pci_bus 0000:00: resource 7 [mem 0x20000000-0xafffffff window]
[    4.431148] pci_bus 0000:00: resource 8 [mem 0xc0000000-0xfebfffff window]
[    4.440544] pci_bus 0000:00: resource 9 [mem 0x100000000-0x8ffffffff window]
[    4.450229] initcall pcibios_assign_resources+0x0/0xb4 returned 0 after 51261 usecs
[    4.459610] calling  pci_apply_final_quirks+0x0/0x124 @ 1
[    4.467532] pci 0000:00:01.0: calling  pci_fixup_video+0x0/0xe0 @ 1
[    4.479840] pci 0000:00:01.0: Video device with shadowed ROM at [mem 0x000c0000-0x000dffff]
[    4.490066] pci 0000:00:01.0: pci_fixup_video+0x0/0xe0 took 10451 usecs
[    4.498529] PCI: CLS 0 bytes, default 64
[    4.503426] initcall pci_apply_final_quirks+0x0/0x124 returned 0 after 36508 usecs
[    4.512469] calling  acpi_reserve_resources+0x0/0xea @ 1
[    4.519137] initcall acpi_reserve_resources+0x0/0xea returned 0 after 172 usecs
[    4.528364] calling  populate_rootfs+0x0/0x102 @ 1
[    4.536639] initcall populate_rootfs+0x0/0x102 returned 0 after 2428 usecs
[    4.545176] calling  pci_iommu_init+0x0/0x3e @ 1
[    4.551104] initcall pci_iommu_init+0x0/0x3e returned 0 after 242 usecs
[    4.560558] calling  ia32_binfmt_init+0x0/0x13 @ 1
[    4.566451] initcall ia32_binfmt_init+0x0/0x13 returned 0 after 27 usecs
[    4.574524] calling  rapl_pmu_init+0x0/0x25f @ 1
[    4.582377] initcall rapl_pmu_init+0x0/0x25f returned -19 after 2059 usecs
[    4.590580] calling  amd_uncore_init+0x0/0x310 @ 1
[    4.598099] initcall amd_uncore_init+0x0/0x310 returned -19 after 0 usecs
[    4.606102] calling  amd_ibs_init+0x0/0x24b @ 1
[    4.611483] initcall amd_ibs_init+0x0/0x24b returned -19 after 0 usecs
[    4.619105] calling  amd_iommu_pc_init+0x0/0x20c @ 1
[    4.625090] initcall amd_iommu_pc_init+0x0/0x20c returned -19 after 54 usecs
[    4.633559] calling  msr_init+0x0/0x55 @ 1
[    4.638861] initcall msr_init+0x0/0x55 returned 0 after 319 usecs
[    4.646171] calling  intel_uncore_init+0x0/0x31e @ 1
[    4.652248] initcall intel_uncore_init+0x0/0x31e returned -19 after 63 usecs
[    4.660780] calling  cstate_pmu_init+0x0/0x181 @ 1
[    4.666510] initcall cstate_pmu_init+0x0/0x181 returned -19 after 0 usecs
[    4.674616] calling  register_kernel_offset_dumper+0x0/0x1a @ 1
[    4.681699] initcall register_kernel_offset_dumper+0x0/0x1a returned 0 after 68 usecs
[    4.690893] calling  i8259A_init_ops+0x0/0x20 @ 1
[    4.696555] initcall i8259A_init_ops+0x0/0x20 returned 0 after 1 usecs
[    4.704560] calling  init_tsc_clocksource+0x0/0xa4 @ 1
[    4.710606] clocksource: tsc: mask: 0xffffffffffffffff max_cycles: 0x39a85afc727, max_idle_ns: 881590685098 ns
[    4.725728] initcall init_tsc_clocksource+0x0/0xa4 returned 0 after 14710 usecs
[    4.734220] calling  add_rtc_cmos+0x0/0xb0 @ 1
[    4.739539] initcall add_rtc_cmos+0x0/0xb0 returned 0 after 2 usecs
[    4.747177] calling  i8237A_init_ops+0x0/0x3a @ 1
[    4.752947] initcall i8237A_init_ops+0x0/0x3a returned 0 after 74 usecs
[    4.761452] calling  umwait_init+0x0/0x94 @ 1
[    4.766573] initcall umwait_init+0x0/0x94 returned -19 after 17 usecs
[    4.775535] calling  thermal_throttle_init_device+0x0/0x3d @ 1
[    4.783867] initcall thermal_throttle_init_device+0x0/0x3d returned 0 after 83 usecs
[    4.794750] calling  msr_init+0x0/0xd7 @ 1
[    4.800906] initcall msr_init+0x0/0xd7 returned 0 after 224 usecs
[    4.809712] calling  cpuid_init+0x0/0xd7 @ 1
[    4.814846] initcall cpuid_init+0x0/0xd7 returned 0 after 172 usecs
[    4.822004] calling  ioapic_init_ops+0x0/0x13 @ 1
[    4.827698] initcall ioapic_init_ops+0x0/0x13 returned 0 after 26 usecs
[    4.835445] calling  add_pcspkr+0x0/0x6c @ 1
[    4.840667] initcall add_pcspkr+0x0/0x6c returned 0 after 103 usecs
[    4.848614] calling  start_periodic_check_for_corruption+0x0/0x30 @ 1
[    4.856361] check: Scanning for low memory corruption every 60 seconds
[    4.864071] initcall start_periodic_check_for_corruption+0x0/0x30 returned 0 after 7562 usecs
[    4.874275] calling  sysfb_init+0x0/0x9c @ 1
[    4.879473] initcall sysfb_init+0x0/0x9c returned 0 after 181 usecs
[    4.888411] calling  audit_classes_init+0x0/0xae @ 1
[    4.894250] initcall audit_classes_init+0x0/0xae returned 0 after 62 usecs
[    4.902729] calling  iosf_mbi_init+0x0/0x24 @ 1
[    4.908715] initcall iosf_mbi_init+0x0/0x24 returned 0 after 446 usecs
[    4.916411] calling  proc_execdomains_init+0x0/0x21 @ 1
[    4.923285] initcall proc_execdomains_init+0x0/0x21 returned 0 after 86 usecs
[    4.931472] calling  register_warn_debugfs+0x0/0x23 @ 1
[    4.939845] initcall register_warn_debugfs+0x0/0x23 returned 0 after 11 usecs
[    4.950281] calling  ioresources_init+0x0/0x49 @ 1
[    4.957523] initcall ioresources_init+0x0/0x49 returned 0 after 8 usecs
[    4.967343] calling  snapshot_device_init+0x0/0xc @ 1
[    4.977077] initcall snapshot_device_init+0x0/0xc returned 0 after 1872 usecs
[    4.987332] calling  irq_pm_init_ops+0x0/0x13 @ 1
[    4.994240] initcall irq_pm_init_ops+0x0/0x13 returned 0 after 40 usecs
[    5.005673] calling  rcu_torture_init+0x0/0x89f @ 1
[    5.011517] srcu-torture:--- Start of test: nreaders=1 nfakewriters=4 stat_interval=15 verbose=1 test_no_idle_hz=1 shuffle_interval=3 stutter=5 irqreader=1 fqs_duration=0 fqs_holdoff=0 fqs_stutter=3 test_boost=1/0 test_boost_interval=7 test_boost_duration=4 shutdown_secs=1800 stall_cpu=0 stall_cpu_holdoff=10 stall_cpu_irqsoff=0 stall_cpu_block=0 n_barrier_cbs=4 onoff_interval=0 onoff_holdoff=0 read_exit_delay=13 read_exit_burst=16
[    5.065958] srcu:  Start-test grace-period state: g0 f0x0
[    5.074210] srcu-torture: Creating rcu_torture_writer task
[    5.083939] srcu-torture: Creating rcu_torture_fakewriter task
[    5.092764] srcu-torture: rcu_torture_writer task started
[    5.100479] srcu-torture: GP expediting controlled from boot/sysfs for srcu.
[    5.110639] rcu_torture_writer: Testing expedited GPs.
[    5.117386] rcu_torture_writer: Testing asynchronous GPs.
[    5.123593] rcu_torture_writer: Testing normal GPs.
[    5.129261] srcu-torture: Creating rcu_torture_fakewriter task
[    5.136266] srcu-torture: rcu_torture_fakewriter task started
[    5.142920] srcu-torture: Creating rcu_torture_fakewriter task
[    5.149433] srcu-torture: rcu_torture_fakewriter task started
[    5.156249] srcu-torture: Creating rcu_torture_fakewriter task
[    5.162709] srcu-torture: rcu_torture_fakewriter task started
[    5.170229] srcu-torture: Creating rcu_torture_reader task
[    5.176348] srcu-torture: rcu_torture_fakewriter task started
[    5.184298] srcu-torture: Creating rcu_torture_stats task
[    5.190258] srcu-torture: rcu_torture_reader task started
[    5.198545] srcu-torture: Creating torture_shuffle task
[    5.204418] srcu-torture: rcu_torture_stats task started
[    5.211409] srcu-torture: Creating torture_stutter task
[    5.217422] srcu-torture: torture_shuffle task started
[    5.224094] srcu-torture: Creating torture_shutdown task
[    5.230046] srcu-torture: torture_stutter task started
[    5.236759] srcu-torture: rcu_torture_fwd_prog_init: Disabled, unsupported by RCU flavor under test
[    5.246887] srcu-torture: Creating rcu_torture_barrier_cbs task
[    5.253641] srcu-torture: torture_shutdown task started
[    5.259486] srcu-torture:torture_shutdown task: 1799964 ms remaining
[    5.266652] srcu-torture: Creating rcu_torture_barrier_cbs task
[    5.273282] srcu-torture: rcu_torture_barrier_cbs task started
[    5.279836] srcu-torture: Creating rcu_torture_barrier_cbs task
[    5.286384] srcu-torture: rcu_torture_barrier_cbs task started
[    5.292981] srcu-torture: Creating rcu_torture_barrier_cbs task
[    5.299528] srcu-torture: rcu_torture_barrier_cbs task started
[    5.306151] srcu-torture: Creating rcu_torture_barrier task
[    5.312448] srcu-torture: rcu_torture_barrier_cbs task started
[    5.318955] srcu-torture: Creating rcu_torture_read_exit task
[    5.325360] srcu-torture: rcu_torture_barrier task starting
[    5.379649] initcall rcu_torture_init+0x0/0x89f returned 0 after 359594 usecs
[    5.387557] calling  timekeeping_init_ops+0x0/0x13 @ 1
[    5.393404] initcall timekeeping_init_ops+0x0/0x13 returned 0 after 14 usecs
[    5.401249] calling  init_clocksource_sysfs+0x0/0x23 @ 1
[    5.407628] initcall init_clocksource_sysfs+0x0/0x23 returned 0 after 404 usecs
[    5.416149] calling  init_timer_list_procfs+0x0/0x31 @ 1
[    5.422386] initcall init_timer_list_procfs+0x0/0x31 returned 0 after 4 usecs
[    5.432589] calling  alarmtimer_init+0x0/0xb5 @ 1
[    5.439100] initcall alarmtimer_init+0x0/0xb5 returned 0 after 103 usecs
[    5.447803] calling  init_posix_timers+0x0/0x29 @ 1
[    5.453281] initcall init_posix_timers+0x0/0x29 returned 0 after 10 usecs
[    5.460994] calling  clockevents_init_sysfs+0x0/0x8b @ 1
[    5.467119] initcall clockevents_init_sysfs+0x0/0x8b returned 0 after 86 usecs
[    5.475415] calling  proc_dma_init+0x0/0x21 @ 1
[    5.480733] initcall proc_dma_init+0x0/0x21 returned 0 after 116 usecs
[    5.488104] calling  proc_modules_init+0x0/0x1e @ 1
[    5.493651] initcall proc_modules_init+0x0/0x1e returned 0 after 3 usecs
[    5.501251] calling  kallsyms_init+0x0/0x21 @ 1
[    5.506437] initcall kallsyms_init+0x0/0x21 returned 0 after 3 usecs
[    5.513618] calling  pid_namespaces_init+0x0/0x2c @ 1
[    5.519376] initcall pid_namespaces_init+0x0/0x2c returned 0 after 21 usecs
[    5.527280] calling  audit_watch_init+0x0/0x37 @ 1
[    5.532776] initcall audit_watch_init+0x0/0x37 returned 0 after 1 usecs
[    5.540273] calling  audit_fsnotify_init+0x0/0x37 @ 1
[    5.546046] initcall audit_fsnotify_init+0x0/0x37 returned 0 after 1 usecs
[    5.553863] calling  audit_tree_init+0x0/0x6d @ 1
[    5.559237] initcall audit_tree_init+0x0/0x6d returned 0 after 3 usecs
[    5.566639] calling  seccomp_sysctl_init+0x0/0x2b @ 1
[    5.572574] initcall seccomp_sysctl_init+0x0/0x2b returned 0 after 63 usecs
[    5.580520] calling  utsname_sysctl_init+0x0/0x13 @ 1
[    5.586409] initcall utsname_sysctl_init+0x0/0x13 returned 0 after 60 usecs
[    5.594589] calling  init_tracepoints+0x0/0x27 @ 1
[    5.600470] initcall init_tracepoints+0x0/0x27 returned 0 after 65 usecs
[    5.608321] calling  init_blk_tracer+0x0/0x50 @ 1
[    5.614273] initcall init_blk_tracer+0x0/0x50 returned 0 after 301 usecs
[    5.622181] calling  perf_event_sysfs_init+0x0/0x81 @ 1
[    5.628812] initcall perf_event_sysfs_init+0x0/0x81 returned 0 after 392 usecs
[    5.637072] calling  system_trusted_keyring_init+0x0/0x5f @ 1
[    5.643798] Initialise system trusted keyrings
[    5.649198] initcall system_trusted_keyring_init+0x0/0x5f returned 0 after 5271 usecs
[    5.658197] calling  kswapd_init+0x0/0x13 @ 1
[    5.663433] srcu-torture: rcu_torture_read_exit: Start of test
[    5.670445] initcall kswapd_init+0x0/0x13 returned 0 after 6917 usecs
[    5.678127] calling  extfrag_debug_init+0x0/0x54 @ 1
[    5.684282] initcall extfrag_debug_init+0x0/0x54 returned 0 after 24 usecs
[    5.692415] calling  slab_proc_init+0x0/0x21 @ 1
[    5.698140] initcall slab_proc_init+0x0/0x21 returned 0 after 127 usecs
[    5.705998] calling  workingset_init+0x0/0x8c @ 1
[    5.711704] workingset: timestamp_bits=62 max_order=17 bucket_order=0
[    5.719424] initcall workingset_init+0x0/0x8c returned 0 after 7596 usecs
[    5.727274] calling  proc_vmalloc_init+0x0/0x27 @ 1
[    5.733096] initcall proc_vmalloc_init+0x0/0x27 returned 0 after 4 usecs
[    5.741054] calling  procswaps_init+0x0/0x1e @ 1
[    5.746634] initcall procswaps_init+0x0/0x1e returned 0 after 36 usecs
[    5.754313] calling  slab_sysfs_init+0x0/0xea @ 1
[    5.761318] initcall slab_sysfs_init+0x0/0xea returned 0 after 1281 usecs
[    5.769319] calling  fcntl_init+0x0/0x29 @ 1
[    5.774446] initcall fcntl_init+0x0/0x29 returned 0 after 6 usecs
[    5.781629] calling  proc_filesystems_init+0x0/0x21 @ 1
[    5.787995] initcall proc_filesystems_init+0x0/0x21 returned 0 after 124 usecs
[    5.796344] calling  start_dirtytime_writeback+0x0/0x29 @ 1
[    5.802951] initcall start_dirtytime_writeback+0x0/0x29 returned 0 after 1 usecs
[    5.811763] calling  blkdev_init+0x0/0x1b @ 1
[    5.817607] initcall blkdev_init+0x0/0x1b returned 0 after 518 usecs
[    5.825176] calling  dio_init+0x0/0x2c @ 1
[    5.830204] initcall dio_init+0x0/0x2c returned 0 after 28 usecs
[    5.837313] calling  dnotify_init+0x0/0x78 @ 1
[    5.842657] initcall dnotify_init+0x0/0x78 returned 0 after 6 usecs
[    5.850198] calling  aio_setup+0x0/0x78 @ 1
[    5.855486] initcall aio_setup+0x0/0x78 returned 0 after 337 usecs
[    5.862937] calling  io_uring_init+0x0/0x2c @ 1
[    5.868312] initcall io_uring_init+0x0/0x2c returned 0 after 6 usecs
[    5.875862] calling  mbcache_init+0x0/0x30 @ 1
[    5.881218] initcall mbcache_init+0x0/0x30 returned 0 after 29 usecs
[    5.888659] calling  init_grace+0x0/0xc @ 1
[    5.893706] initcall init_grace+0x0/0xc returned 0 after 23 usecs
[    5.900986] calling  init_v2_quota_format+0x0/0x21 @ 1
[    5.907212] initcall init_v2_quota_format+0x0/0x21 returned 0 after 75 usecs
[    5.915625] calling  init_devpts_fs+0x0/0x27 @ 1
[    5.921445] initcall init_devpts_fs+0x0/0x27 returned 0 after 215 usecs
[    5.929285] calling  ext4_init_fs+0x0/0x1cb @ 1
[    5.935162] initcall ext4_init_fs+0x0/0x1cb returned 0 after 440 usecs
[    5.942895] calling  journal_init+0x0/0x11c @ 1
[    5.948476] initcall journal_init+0x0/0x11c returned 0 after 41 usecs
[    5.956057] calling  init_fat_fs+0x0/0x49 @ 1
[    5.961547] initcall init_fat_fs+0x0/0x49 returned 0 after 236 usecs
[    5.969050] calling  init_vfat_fs+0x0/0xc @ 1
[    5.974395] initcall init_vfat_fs+0x0/0xc returned 0 after 3 usecs
[    5.981895] calling  init_msdos_fs+0x0/0xc @ 1
[    5.987304] initcall init_msdos_fs+0x0/0xc returned 0 after 2 usecs
[    5.995088] calling  init_iso9660_fs+0x0/0x6c @ 1
[    6.003070] initcall init_iso9660_fs+0x0/0x6c returned 0 after 766 usecs
[    6.013019] calling  init_nfs_fs+0x0/0x13a @ 1
[    6.020630] initcall init_nfs_fs+0x0/0x13a returned 0 after 791 usecs
[    6.029012] calling  init_nfs_v2+0x0/0x13 @ 1
[    6.034541] initcall init_nfs_v2+0x0/0x13 returned 0 after 197 usecs
[    6.042209] calling  init_nfs_v3+0x0/0x13 @ 1
[    6.047615] initcall init_nfs_v3+0x0/0x13 returned 0 after 114 usecs
[    6.055511] calling  init_nfs_v4+0x0/0x32 @ 1
[    6.060886] NFS: Registering the id_resolver key type
[    6.066875] Key type id_resolver registered
[    6.072072] Key type id_legacy registered
[    6.077672] initcall init_nfs_v4+0x0/0x32 returned 0 after 16434 usecs
[    6.087304] calling  init_nlm+0x0/0x5b @ 1
[    6.093814] initcall init_nlm+0x0/0x5b returned 0 after 248 usecs
[    6.103058] calling  init_nls_cp437+0x0/0xe @ 1
[    6.110065] initcall init_nls_cp437+0x0/0xe returned 0 after 58 usecs
[    6.118398] calling  init_nls_ascii+0x0/0xe @ 1
[    6.123861] initcall init_nls_ascii+0x0/0xe returned 0 after 0 usecs
[    6.131185] calling  init_nls_iso8859_1+0x0/0xe @ 1
[    6.136934] initcall init_nls_iso8859_1+0x0/0xe returned 0 after 0 usecs
[    6.144748] calling  init_nls_utf8+0x0/0x21 @ 1
[    6.149992] initcall init_nls_utf8+0x0/0x21 returned 0 after 1 usecs
[    6.157236] calling  init_autofs_fs+0x0/0x25 @ 1
[    6.163404] initcall init_autofs_fs+0x0/0x25 returned 0 after 493 usecs
[    6.171795] calling  ipc_init+0x0/0x24 @ 1
[    6.176813] initcall ipc_init+0x0/0x24 returned 0 after 14 usecs
[    6.183721] calling  ipc_sysctl_init+0x0/0x13 @ 1
[    6.189786] initcall ipc_sysctl_init+0x0/0x13 returned 0 after 17 usecs
[    6.199406] calling  init_mqueue_fs+0x0/0x92 @ 1
[    6.208815] initcall init_mqueue_fs+0x0/0x92 returned 0 after 163 usecs
[    6.216847] calling  key_proc_init+0x0/0x63 @ 1
[    6.222520] initcall key_proc_init+0x0/0x63 returned 0 after 5 usecs
[    6.230298] calling  selinux_nf_ip_init+0x0/0x2e @ 1
[    6.236543] initcall selinux_nf_ip_init+0x0/0x2e returned 0 after 53 usecs
[    6.244915] calling  init_sel_fs+0x0/0x116 @ 1
[    6.250481] initcall init_sel_fs+0x0/0x116 returned 0 after 0 usecs
[    6.258252] calling  selnl_init+0x0/0x7c @ 1
[    6.263861] initcall selnl_init+0x0/0x7c returned 0 after 273 usecs
[    6.271555] calling  sel_netif_init+0x0/0x36 @ 1
[    6.277166] initcall sel_netif_init+0x0/0x36 returned 0 after 0 usecs
[    6.284726] calling  sel_netnode_init+0x0/0x33 @ 1
[    6.290421] initcall sel_netnode_init+0x0/0x33 returned 0 after 0 usecs
[    6.298427] calling  sel_netport_init+0x0/0x33 @ 1
[    6.304070] initcall sel_netport_init+0x0/0x33 returned 0 after 0 usecs
[    6.312968] calling  aurule_init+0x0/0x2a @ 1
[    6.317949] initcall aurule_init+0x0/0x2a returned 0 after 1 usecs
[    6.324942] calling  crypto_algapi_init+0x0/0xc @ 1
[    6.330542] initcall crypto_algapi_init+0x0/0xc returned 0 after 4 usecs
[    6.338302] calling  jent_mod_init+0x0/0x2d @ 1
[    6.352939] initcall jent_mod_init+0x0/0x2d returned 0 after 9149 usecs
[    6.360639] calling  asymmetric_key_init+0x0/0xc @ 1
[    6.366390] Key type asymmetric registered
[    6.371197] initcall asymmetric_key_init+0x0/0xc returned 0 after 4694 usecs
[    6.379395] calling  x509_key_init+0x0/0xc @ 1
[    6.384739] Asymmetric key parser 'x509' registered
[    6.390540] initcall x509_key_init+0x0/0xc returned 0 after 5701 usecs
[    6.399839] calling  proc_genhd_init+0x0/0x41 @ 1
[    6.405779] initcall proc_genhd_init+0x0/0x41 returned 0 after 5 usecs
[    6.413505] calling  bsg_init+0x0/0x113 @ 1
[    6.418726] Block layer SCSI generic (bsg) driver version 0.4 loaded (major 251)
[    6.427331] initcall bsg_init+0x0/0x113 returned 0 after 8479 usecs
[    6.434923] calling  deadline_init+0x0/0xc @ 1
[    6.440461] io scheduler mq-deadline registered
[    6.446164] initcall deadline_init+0x0/0xc returned 0 after 5585 usecs
[    6.454063] calling  kyber_init+0x0/0xc @ 1
[    6.459143] io scheduler kyber registered
[    6.465177] initcall kyber_init+0x0/0xc returned 0 after 6900 usecs
[    6.474029] calling  mod_init+0x0/0x7 @ 1
[    6.479158] initcall mod_init+0x0/0x7 returned 0 after 0 usecs
[    6.486316] calling  sg_pool_init+0x0/0xb4 @ 1
[    6.492043] initcall sg_pool_init+0x0/0xb4 returned 0 after 271 usecs
[    6.499924] calling  pcie_portdrv_init+0x0/0x39 @ 1
[    6.505695] initcall pcie_portdrv_init+0x0/0x39 returned 0 after 88 usecs
[    6.513607] calling  pci_proc_init+0x0/0x68 @ 1
[    6.518922] initcall pci_proc_init+0x0/0x68 returned 0 after 10 usecs
[    6.526482] calling  pci_hotplug_init+0x0/0x7 @ 1
[    6.532169] initcall pci_hotplug_init+0x0/0x7 returned 0 after 0 usecs
[    6.539735] calling  efifb_driver_init+0x0/0xe @ 1
[    6.545544] initcall efifb_driver_init+0x0/0xe returned 0 after 47 usecs
[    6.553445] calling  ged_driver_init+0x0/0xe @ 1
[    6.559221] initcall ged_driver_init+0x0/0xe returned 0 after 63 usecs
[    6.568554] calling  acpi_ac_init+0x0/0x92 @ 1
[    6.575695] initcall acpi_ac_init+0x0/0x92 returned 0 after 343 usecs
[    6.585491] calling  acpi_button_driver_init+0x0/0x52 @ 1
[    6.594662] input: Power Button as /devices/LNXSYSTM:00/LNXPWRBN:00/input/input0
[    6.605547] ACPI: Power Button [PWRF]
[    6.610628] initcall acpi_button_driver_init+0x0/0x52 returned 0 after 16450 usecs
[    6.620279] calling  acpi_fan_driver_init+0x0/0xe @ 1
[    6.626738] initcall acpi_fan_driver_init+0x0/0xe returned 0 after 20 usecs
[    6.635384] calling  acpi_video_init+0x0/0xcb @ 1
[    6.641452] initcall acpi_video_init+0x0/0xcb returned 0 after 56 usecs
[    6.649807] calling  acpi_processor_driver_init+0x0/0xad @ 1
[    6.657630] initcall acpi_processor_driver_init+0x0/0xad returned 0 after 521 usecs
[    6.667450] calling  acpi_thermal_init+0x0/0x71 @ 1
[    6.673850] initcall acpi_thermal_init+0x0/0x71 returned 0 after 163 usecs
[    6.682687] calling  acpi_battery_init+0x0/0x32 @ 1
[    6.688998] initcall acpi_battery_init+0x0/0x32 returned 0 after 58 usecs
[    6.697667] calling  bgrt_init+0x0/0xb6 @ 1
[    6.702921] initcall bgrt_init+0x0/0xb6 returned -19 after 0 usecs
[    6.710555] calling  gpio_clk_driver_init+0x0/0xe @ 1
[    6.717029] initcall gpio_clk_driver_init+0x0/0xe returned 0 after 35 usecs
[    6.725705] calling  plt_clk_driver_init+0x0/0xe @ 1
[    6.732014] initcall plt_clk_driver_init+0x0/0xe returned 0 after 15 usecs
[    6.740660] calling  virtio_pci_driver_init+0x0/0x15 @ 1
[    6.747428] initcall virtio_pci_driver_init+0x0/0x15 returned 0 after 122 usecs
[    6.758928] calling  n_null_init+0x0/0x1e @ 1
[    6.765701] initcall n_null_init+0x0/0x1e returned 0 after 0 usecs
[    6.774919] calling  pty_init+0x0/0x1e8 @ 1
[    6.782205] initcall pty_init+0x0/0x1e8 returned 0 after 958 usecs
[    6.790682] calling  sysrq_init+0x0/0x62 @ 1
[    6.796841] initcall sysrq_init+0x0/0x62 returned 0 after 6 usecs
[    6.805047] calling  serial8250_init+0x0/0x17e @ 1
[    6.811913] Serial: 8250/16550 driver, 4 ports, IRQ sharing enabled
[    6.821622] 00:03: ttyS0 at I/O 0x3f8 (irq = 4, base_baud = 115200) is a 16550A
[    6.832723] initcall serial8250_init+0x0/0x17e returned 0 after 20520 usecs
[    6.842495] calling  serial_pci_driver_init+0x0/0x15 @ 1
[    6.849546] initcall serial_pci_driver_init+0x0/0x15 returned 0 after 353 usecs
[    6.858741] calling  exar_pci_driver_init+0x0/0x15 @ 1
[    6.865245] initcall exar_pci_driver_init+0x0/0x15 returned 0 after 70 usecs
[    6.873984] calling  lpss8250_pci_driver_init+0x0/0x15 @ 1
[    6.881001] initcall lpss8250_pci_driver_init+0x0/0x15 returned 0 after 18 usecs
[    6.891623] calling  mid8250_pci_driver_init+0x0/0x15 @ 1
[    6.898505] initcall mid8250_pci_driver_init+0x0/0x15 returned 0 after 19 usecs
[    6.910894] calling  virtio_console_init+0x0/0xff @ 1
[    6.917546] initcall virtio_console_init+0x0/0xff returned 0 after 91 usecs
[    6.926142] calling  hpet_init+0x0/0x64 @ 1
[    6.932495] initcall hpet_init+0x0/0x64 returned 0 after 497 usecs
[    6.941534] calling  nvram_module_init+0x0/0x83 @ 1
[    6.949525] Non-volatile memory driver v1.3
[    6.956088] initcall nvram_module_init+0x0/0x83 returned 0 after 6493 usecs
[    6.966649] calling  hwrng_modinit+0x0/0x8a @ 1
[    6.972443] initcall hwrng_modinit+0x0/0x8a returned 0 after 56 usecs
[    6.980606] calling  mod_init+0x0/0x48 @ 1
[    6.985834] initcall mod_init+0x0/0x48 returned -19 after 0 usecs
[    6.994191] calling  agp_init+0x0/0x23 @ 1
[    7.000827] Linux agpgart interface v0.103
[    7.007288] initcall agp_init+0x0/0x23 returned 0 after 6306 usecs
[    7.017108] calling  agp_amd64_mod_init+0x0/0x5 @ 1
[    7.025252] initcall agp_amd64_mod_init+0x0/0x5 returned -19 after 196 usecs
[    7.034948] calling  agp_intel_init+0x0/0x28 @ 1
[    7.041522] initcall agp_intel_init+0x0/0x28 returned 0 after 572 usecs
[    7.052246] calling  drm_kms_helper_init+0x0/0x7 @ 1
[    7.058584] initcall drm_kms_helper_init+0x0/0x7 returned 0 after 14 usecs
[    7.067266] calling  drm_core_init+0x0/0x9e @ 1
[    7.073491] initcall drm_core_init+0x0/0x9e returned 0 after 464 usecs
[    7.081677] calling  i915_init+0x0/0x6b @ 1
[    7.088890] initcall i915_init+0x0/0x6b returned 0 after 1703 usecs
[    7.099223] calling  cn_proc_init+0x0/0x35 @ 1
[    7.106997] initcall cn_proc_init+0x0/0x35 returned 0 after 20 usecs
[    7.118618] calling  topology_sysfs_init+0x0/0x27 @ 1
[    7.125921] initcall topology_sysfs_init+0x0/0x27 returned 0 after 15 usecs
[    7.135595] calling  cacheinfo_sysfs_init+0x0/0x27 @ 1
[    7.143227] initcall cacheinfo_sysfs_init+0x0/0x27 returned 0 after 177 usecs
[    7.153519] calling  loop_init+0x0/0x168 @ 1
[    7.182762] loop: module loaded
[    7.188293] initcall loop_init+0x0/0x168 returned 0 after 25035 usecs
[    7.198715] calling  mac_hid_init+0x0/0x21 @ 1
[    7.205829] initcall mac_hid_init+0x0/0x21 returned 0 after 98 usecs
[    7.216035] calling  spi_transport_init+0x0/0x74 @ 1
[    7.224281] initcall spi_transport_init+0x0/0x74 returned 0 after 193 usecs
[    7.235695] calling  init_sd+0x0/0x18c @ 1
[    7.241301] initcall init_sd+0x0/0x18c returned 0 after 125 usecs
[    7.249080] calling  init_sr+0x0/0x43 @ 1
[    7.254536] initcall init_sr+0x0/0x43 returned 0 after 160 usecs
[    7.262441] calling  init_sg+0x0/0x1c0 @ 1
[    7.267726] initcall init_sg+0x0/0x1c0 returned 0 after 18 usecs
[    7.275484] calling  ahci_pci_driver_init+0x0/0x15 @ 1
[    7.282760] ahci 0000:00:1f.2: version 3.0
[    7.289475] PCI Interrupt Link [GSIA] enabled at IRQ 16
[    7.306016] ahci 0000:00:1f.2: AHCI 0001.0000 32 slots 6 ports 1.5 Gbps 0x3f impl SATA mode
[    7.316898] ahci 0000:00:1f.2: flags: 64bit ncq only 
[    7.335208] scsi host0: ahci
[    7.339903] scsi host1: ahci
[    7.345736] scsi host2: ahci
[    7.356296] scsi host3: ahci
[    7.361913] scsi host4: ahci
[    7.367501] scsi host5: ahci
[    7.373182] ata1: SATA max UDMA/133 abar m4096@0xfebf1000 port 0xfebf1100 irq 24
[    7.382946] ata2: SATA max UDMA/133 abar m4096@0xfebf1000 port 0xfebf1180 irq 24
[    7.392940] ata3: SATA max UDMA/133 abar m4096@0xfebf1000 port 0xfebf1200 irq 24
[    7.402505] ata4: SATA max UDMA/133 abar m4096@0xfebf1000 port 0xfebf1280 irq 24
[    7.415534] ata5: SATA max UDMA/133 abar m4096@0xfebf1000 port 0xfebf1300 irq 24
[    7.427200] ata6: SATA max UDMA/133 abar m4096@0xfebf1000 port 0xfebf1380 irq 24
[    7.438265] initcall ahci_pci_driver_init+0x0/0x15 returned 0 after 152305 usecs
[    7.451591] calling  piix_init+0x0/0x26 @ 1
[    7.457729] initcall piix_init+0x0/0x26 returned 0 after 109 usecs
[    7.466190] calling  amd_pci_driver_init+0x0/0x15 @ 1
[    7.473174] initcall amd_pci_driver_init+0x0/0x15 returned 0 after 25 usecs
[    7.482335] calling  oldpiix_pci_driver_init+0x0/0x15 @ 1
[    7.489655] initcall oldpiix_pci_driver_init+0x0/0x15 returned 0 after 53 usecs
[    7.499036] calling  sch_pci_driver_init+0x0/0x15 @ 1
[    7.506075] initcall sch_pci_driver_init+0x0/0x15 returned 0 after 35 usecs
[    7.515328] calling  net_olddevs_init+0x0/0x55 @ 1
[    7.522198] initcall net_olddevs_init+0x0/0x55 returned 0 after 38 usecs
[    7.531415] calling  blackhole_netdev_init+0x0/0x78 @ 1
[    7.538690] initcall blackhole_netdev_init+0x0/0x78 returned 0 after 102 usecs
[    7.548842] calling  phy_module_init+0x0/0x13 @ 1
[    7.556121] initcall phy_module_init+0x0/0x13 returned 0 after 136 usecs
[    7.564712] calling  tg3_driver_init+0x0/0x15 @ 1
[    7.570621] initcall tg3_driver_init+0x0/0x15 returned 0 after 22 usecs
[    7.579553] calling  e100_init_module+0x0/0x4c @ 1
[    7.586087] e100: Intel(R) PRO/100 Network Driver
[    7.593671] e100: Copyright(c) 1999-2006 Intel Corporation
[    7.602755] initcall e100_init_module+0x0/0x4c returned 0 after 16390 usecs
[    7.614072] calling  e1000_init_module+0x0/0x72 @ 1
[    7.621403] e1000: Intel(R) PRO/1000 Network Driver
[    7.627785] e1000: Copyright (c) 1999-2006 Intel Corporation.
[    7.635720] initcall e1000_init_module+0x0/0x72 returned 0 after 13978 usecs
[    7.645651] calling  e1000_init_module+0x0/0x2d @ 1
[    7.652637] e1000e: Intel(R) PRO/1000 Network Driver
[    7.659590] e1000e: Copyright(c) 1999 - 2015 Intel Corporation.
[    7.668658] initcall e1000_init_module+0x0/0x2d returned 0 after 15745 usecs
[    7.678976] calling  sky2_init_module+0x0/0x21 @ 1
[    7.686449] sky2: driver version 1.30
[    7.691692] initcall sky2_init_module+0x0/0x21 returned 0 after 5117 usecs
[    7.701241] calling  forcedeth_pci_driver_init+0x0/0x15 @ 1
[    7.709198] initcall forcedeth_pci_driver_init+0x0/0x15 returned 0 after 45 usecs
[    7.719552] calling  rtl8139_init_module+0x0/0x15 @ 1
[    7.726793] initcall rtl8139_init_module+0x0/0x15 returned 0 after 25 usecs
[    7.736856] calling  rtl8169_pci_driver_init+0x0/0x15 @ 1
[    7.744947] initcall rtl8169_pci_driver_init+0x0/0x15 returned 0 after 132 usecs
[    7.756183] calling  cdrom_init+0x0/0xc @ 1
[    7.762672] initcall cdrom_init+0x0/0xc returned 0 after 90 usecs
[    7.771577] calling  nonstatic_sysfs_init+0x0/0xc @ 1
[    7.778982] initcall nonstatic_sysfs_init+0x0/0xc returned 0 after 1 usecs
[    7.789482] calling  yenta_cardbus_driver_init+0x0/0x15 @ 1
[    7.797939] initcall yenta_cardbus_driver_init+0x0/0x15 returned 0 after 102 usecs
[    7.811178] calling  mon_init+0x0/0x123 @ 1
[    7.826908] initcall mon_init+0x0/0x123 returned 0 after 9329 usecs
[    7.835709] calling  ehci_hcd_init+0x0/0x55 @ 1
[    7.842442] ehci_hcd: USB 2.0 'Enhanced' Host Controller (EHCI) Driver
[    7.851188] initcall ehci_hcd_init+0x0/0x55 returned 0 after 8581 usecs
[    7.861157] calling  ehci_pci_init+0x0/0x64 @ 1
[    7.867454] ehci-pci: EHCI PCI platform driver
[    7.873772] initcall ehci_pci_init+0x0/0x64 returned 0 after 6167 usecs
[    7.883560] calling  ohci_hcd_mod_init+0x0/0x4d @ 1
[    7.891112] ohci_hcd: USB 1.1 'Open' Host Controller (OHCI) Driver
[    7.900516] initcall ohci_hcd_mod_init+0x0/0x4d returned 0 after 9368 usecs
[    7.910938] calling  ohci_pci_init+0x0/0x64 @ 1
[    7.918064] ohci-pci: OHCI PCI platform driver
[    7.925057] initcall ohci_pci_init+0x0/0x64 returned 0 after 6814 usecs
[    7.935030] calling  uhci_hcd_init+0x0/0xa6 @ 1
[    7.941665] uhci_hcd: USB Universal Host Controller Interface driver
[    7.951427] initcall uhci_hcd_init+0x0/0xa6 returned 0 after 9480 usecs
[    7.962095] calling  xhci_hcd_init+0x0/0x1e @ 1
[    7.969219] initcall xhci_hcd_init+0x0/0x1e returned 0 after 51 usecs
[    7.978325] calling  xhci_pci_init+0x0/0x49 @ 1
[    7.987597] initcall xhci_pci_init+0x0/0x49 returned 0 after 577 usecs
[    7.996167] calling  usblp_driver_init+0x0/0x15 @ 1
[    8.003482] usbcore: registered new interface driver usblp
[    8.011973] initcall usblp_driver_init+0x0/0x15 returned 0 after 8647 usecs
[    8.022052] calling  usb_storage_driver_init+0x0/0x2a @ 1
[    8.030295] usbcore: registered new interface driver usb-storage
[    8.039637] initcall usb_storage_driver_init+0x0/0x2a returned 0 after 9214 usecs
[    8.051502] calling  i8042_init+0x0/0x4c2 @ 1
[    8.058622] i8042: PNP: PS/2 Controller [PNP0303:KBD,PNP0f13:MOU] at 0x60,0x64 irq 1,12
[    8.080719] serio: i8042 KBD port at 0x60,0x64 irq 1
[    8.088113] serio: i8042 AUX port at 0x60,0x64 irq 12
[    8.095686] initcall i8042_init+0x0/0x4c2 returned 0 after 36369 usecs
[    8.105136] calling  serport_init+0x0/0x2c @ 1
[    8.112233] initcall serport_init+0x0/0x2c returned 0 after 1 usecs
[    8.122576] calling  input_leds_init+0x0/0xc @ 1
[    8.131477] initcall input_leds_init+0x0/0xc returned 0 after 2 usecs
[    8.143538] calling  evdev_init+0x0/0xc @ 1
[    8.155692] initcall evdev_init+0x0/0xc returned 0 after 2297 usecs
[    8.165638] calling  atkbd_init+0x0/0x21 @ 1
[    8.173726] initcall atkbd_init+0x0/0x21 returned 0 after 594 usecs
[    8.183375] calling  psmouse_init+0x0/0x7f @ 1
[    8.191145] initcall psmouse_init+0x0/0x7f returned 0 after 399 usecs
[    8.202271] calling  cmos_init+0x0/0x73 @ 1
[    8.210409] rtc_cmos 00:04: RTC can wake from S4
[    8.229381] input: AT Translated Set 2 keyboard as /devices/platform/i8042/serio0/input/input1
[    8.273876] ata1: SATA link down (SStatus 0 SControl 300)
[    8.285588] ata4: SATA link down (SStatus 0 SControl 300)
[    8.296958] ata3: SATA link up 1.5 Gbps (SStatus 113 SControl 300)
[    8.308475] ata3.00: ATAPI: QEMU DVD-ROM, 2.5+, max UDMA/100
[    8.317269] ata3.00: applying bridge limits
[    8.325964] ata3.00: configured for UDMA/100
[    8.336758] ata2: SATA link down (SStatus 0 SControl 300)
[    8.346917] ata5: SATA link down (SStatus 0 SControl 300)
[    8.358760] scsi 2:0:0:0: CD-ROM            QEMU     QEMU DVD-ROM     2.5+ PQ: 0 ANSI: 5
[    8.375628] rtc_cmos 00:04: registered as rtc0
[    8.383002] rtc_cmos 00:04: alarms up to one day, y3k, 242 bytes nvram, hpet irqs
[    8.394487] initcall cmos_init+0x0/0x73 returned 0 after 181044 usecs
[    8.404587] calling  smbalert_driver_init+0x0/0xe @ 1
[    8.412900] initcall smbalert_driver_init+0x0/0xe returned 0 after 530 usecs
[    8.424018] calling  i2c_i801_init+0x0/0xc5 @ 1
[    8.434640] i801_smbus 0000:00:1f.3: SMBus using PCI interrupt
[    8.444029] i2c i2c-0: 1/1 memory slots populated (from DMI)
[    8.452564] i2c i2c-0: Memory type 0x07 not supported yet, not instantiating SPD
[    8.464005] initcall i2c_i801_init+0x0/0xc5 returned 0 after 32133 usecs
[    8.475723] calling  ptp_kvm_init+0x0/0xf0 @ 1
[    8.486825] ata6: SATA link down (SStatus 0 SControl 300)
[    8.515953] sr 2:0:0:0: [sr0] scsi3-mmc drive: 4x/4x cd/rw xa/form2 tray
[    8.527245] cdrom: Uniform CD-ROM driver Revision: 3.20
[    8.536872] initcall ptp_kvm_init+0x0/0xf0 returned 0 after 50936 usecs
[    8.546372] calling  dm_init+0x0/0x3c @ 1
[    8.559839] sr 2:0:0:0: Attached scsi CD-ROM sr0
[    8.570052] device-mapper: ioctl: 4.43.0-ioctl (2020-10-01) initialised: dm-devel@redhat.com
[    8.584655] initcall dm_init+0x0/0x3c returned 0 after 31424 usecs
[    8.595237] calling  dm_mirror_init+0x0/0x29 @ 1
[    8.602072] initcall dm_mirror_init+0x0/0x29 returned 0 after 1 usecs
[    8.611462] calling  dm_dirty_log_init+0x0/0x4f @ 1
[    8.619036] initcall dm_dirty_log_init+0x0/0x4f returned 0 after 26 usecs
[    8.631146] calling  dm_zero_init+0x0/0x29 @ 1
[    8.638126] initcall dm_zero_init+0x0/0x29 returned 0 after 2 usecs
[    8.647697] calling  intel_pstate_init+0x0/0x4a2 @ 1
[    8.655426] intel_pstate: CPU model not supported
[    8.663483] initcall intel_pstate_init+0x0/0x4a2 returned -19 after 8092 usecs
[    8.674544] calling  haltpoll_init+0x0/0xc0 @ 1
[    8.682297] initcall haltpoll_init+0x0/0xc0 returned -19 after 71 usecs
[    8.694508] calling  efivars_sysfs_init+0x0/0x30 @ 1
[    8.703191] initcall efivars_sysfs_init+0x0/0x30 returned 0 after 148 usecs
[    8.713423] calling  esrt_sysfs_init+0x0/0x2a2 @ 1
[    8.721124] initcall esrt_sysfs_init+0x0/0x2a2 returned -38 after 87 usecs
[    8.733360] calling  hid_init+0x0/0x5c @ 1
[    8.739489] hid: raw HID events driver (C) Jiri Kosina
[    8.747826] initcall hid_init+0x0/0x5c returned 0 after 8239 usecs
[    8.758676] calling  hid_generic_init+0x0/0x15 @ 1
[    8.767314] initcall hid_generic_init+0x0/0x15 returned 0 after 186 usecs
[    8.777717] calling  a4_driver_init+0x0/0x15 @ 1
[    8.784760] initcall a4_driver_init+0x0/0x15 returned 0 after 26 usecs
[    8.794454] calling  apple_driver_init+0x0/0x15 @ 1
[    8.802088] initcall apple_driver_init+0x0/0x15 returned 0 after 153 usecs
[    8.811955] calling  belkin_driver_init+0x0/0x15 @ 1
[    8.819052] initcall belkin_driver_init+0x0/0x15 returned 0 after 21 usecs
[    8.830175] calling  ch_driver_init+0x0/0x15 @ 1
[    8.838002] initcall ch_driver_init+0x0/0x15 returned 0 after 25 usecs
[    8.848613] calling  ch_driver_init+0x0/0x15 @ 1
[    8.856411] initcall ch_driver_init+0x0/0x15 returned 0 after 25 usecs
[    8.865121] calling  cp_driver_init+0x0/0x15 @ 1
[    8.872387] initcall cp_driver_init+0x0/0x15 returned 0 after 24 usecs
[    8.882903] calling  ez_driver_init+0x0/0x15 @ 1
[    8.889247] initcall ez_driver_init+0x0/0x15 returned 0 after 29 usecs
[    8.897519] calling  gyration_driver_init+0x0/0x15 @ 1
[    8.904799] initcall gyration_driver_init+0x0/0x15 returned 0 after 117 usecs
[    8.914981] calling  ite_driver_init+0x0/0x15 @ 1
[    8.921595] initcall ite_driver_init+0x0/0x15 returned 0 after 23 usecs
[    8.930582] calling  ks_driver_init+0x0/0x15 @ 1
[    8.937076] initcall ks_driver_init+0x0/0x15 returned 0 after 21 usecs
[    8.945784] calling  lg_driver_init+0x0/0x15 @ 1
[    8.951658] initcall lg_driver_init+0x0/0x15 returned 0 after 20 usecs
[    8.960142] calling  lg_g15_driver_init+0x0/0x15 @ 1
[    8.967251] initcall lg_g15_driver_init+0x0/0x15 returned 0 after 22 usecs
[    8.978033] calling  ms_driver_init+0x0/0x15 @ 1
[    8.985514] initcall ms_driver_init+0x0/0x15 returned 0 after 23 usecs
[    8.996565] calling  mr_driver_init+0x0/0x15 @ 1
[    9.004919] initcall mr_driver_init+0x0/0x15 returned 0 after 572 usecs
[    9.015904] calling  ntrig_driver_init+0x0/0x15 @ 1
[    9.024156] initcall ntrig_driver_init+0x0/0x15 returned 0 after 30 usecs
[    9.035336] calling  pl_driver_init+0x0/0x15 @ 1
[    9.043059] initcall pl_driver_init+0x0/0x15 returned 0 after 30 usecs
[    9.053354] calling  pl_driver_init+0x0/0x15 @ 1
[    9.060940] initcall pl_driver_init+0x0/0x15 returned 0 after 29 usecs
[    9.072117] calling  redragon_driver_init+0x0/0x15 @ 1
[    9.080318] initcall redragon_driver_init+0x0/0x15 returned 0 after 29 usecs
[    9.089791] calling  samsung_driver_init+0x0/0x15 @ 1
[    9.097855] initcall samsung_driver_init+0x0/0x15 returned 0 after 348 usecs
[    9.108124] calling  sony_init+0x0/0x38 @ 1
[    9.114457] initcall sony_init+0x0/0x38 returned 0 after 115 usecs
[    9.123231] calling  sp_driver_init+0x0/0x15 @ 1
[    9.130440] initcall sp_driver_init+0x0/0x15 returned 0 after 638 usecs
[    9.140570] calling  ts_driver_init+0x0/0x15 @ 1
[    9.148962] initcall ts_driver_init+0x0/0x15 returned 0 after 26 usecs
[    9.158747] calling  hid_init+0x0/0x58 @ 1
[    9.165105] usbcore: registered new interface driver usbhid
[    9.173938] usbhid: USB HID core driver
[    9.179437] initcall hid_init+0x0/0x58 returned 0 after 14144 usecs
[    9.188018] calling  eeepc_laptop_init+0x0/0x57 @ 1
[    9.194827] initcall eeepc_laptop_init+0x0/0x57 returned -19 after 59 usecs
[    9.204304] calling  pmc_atom_init+0x0/0x27a @ 1
[    9.210568] initcall pmc_atom_init+0x0/0x27a returned -19 after 4 usecs
[    9.219241] calling  alsa_hwdep_init+0x0/0x5e @ 1
[    9.227355] initcall alsa_hwdep_init+0x0/0x5e returned 0 after 1341 usecs
[    9.237779] calling  alsa_timer_init+0x0/0x1f0 @ 1
[    9.270624] sr 2:0:0:0: Attached scsi generic sg0 type 5
[    9.471016] input: ImExPS/2 Generic Explorer Mouse as /devices/platform/i8042/serio1/input/input3
[   10.035474] initcall alsa_timer_init+0x0/0x1f0 returned 0 after 772216 usecs
[   10.046068] calling  snd_hrtimer_init+0x0/0x117 @ 1
[   10.053106] initcall snd_hrtimer_init+0x0/0x117 returned 0 after 4 usecs
[   10.063131] calling  alsa_pcm_init+0x0/0x64 @ 1
[   10.070621] initcall alsa_pcm_init+0x0/0x64 returned 0 after 74 usecs
[   10.080569] calling  alsa_seq_init+0x0/0x4a @ 1
[   10.141201] initcall alsa_seq_init+0x0/0x4a returned 0 after 52154 usecs
[   10.151854] calling  alsa_seq_dummy_init+0x0/0x9c @ 1
[   10.159436] initcall alsa_seq_dummy_init+0x0/0x9c returned 0 after 137 usecs
[   10.169455] calling  azx_driver_init+0x0/0x15 @ 1
[   10.176231] initcall azx_driver_init+0x0/0x15 returned 0 after 351 usecs
[   10.185173] calling  sock_diag_init+0x0/0x2a @ 1
[   10.192145] initcall sock_diag_init+0x0/0x2a returned 0 after 547 usecs
[   10.201901] calling  blackhole_init+0x0/0xc @ 1
[   10.209799] initcall blackhole_init+0x0/0xc returned 0 after 86 usecs
[   10.218884] calling  nfnetlink_init+0x0/0x57 @ 1
[   10.226224] initcall nfnetlink_init+0x0/0x57 returned 0 after 471 usecs
[   10.235493] calling  nfnetlink_log_init+0x0/0x99 @ 1
[   10.243627] initcall nfnetlink_log_init+0x0/0x99 returned 0 after 295 usecs
[   10.253360] calling  nf_conntrack_standalone_init+0x0/0x87 @ 1
[   10.263838] initcall nf_conntrack_standalone_init+0x0/0x87 returned 0 after 1878 usecs
[   10.275364] calling  ctnetlink_init+0x0/0x83 @ 1
[   10.281874] initcall ctnetlink_init+0x0/0x83 returned 0 after 3 usecs
[   10.291482] calling  nf_conntrack_ftp_init+0x0/0x12c @ 1
[   10.299585] initcall nf_conntrack_ftp_init+0x0/0x12c returned 0 after 7 usecs
[   10.309987] calling  nf_conntrack_irc_init+0x0/0x129 @ 1
[   10.318005] initcall nf_conntrack_irc_init+0x0/0x129 returned 0 after 100 usecs
[   10.328614] calling  nf_conntrack_sip_init+0x0/0x172 @ 1
[   10.336557] initcall nf_conntrack_sip_init+0x0/0x172 returned 0 after 7 usecs
[   10.347190] calling  nf_nat_init+0x0/0xbb @ 1
[   10.354159] initcall nf_nat_init+0x0/0xbb returned 0 after 466 usecs
[   10.363953] calling  nf_nat_ftp_init+0x0/0x2a @ 1
[   10.371110] initcall nf_nat_ftp_init+0x0/0x2a returned 0 after 1 usecs
[   10.380841] calling  nf_nat_irc_init+0x0/0x2a @ 1
[   10.388224] initcall nf_nat_irc_init+0x0/0x2a returned 0 after 1 usecs
[   10.398844] calling  nf_nat_sip_init+0x0/0x36 @ 1
[   10.406234] initcall nf_nat_sip_init+0x0/0x36 returned 0 after 1 usecs
[   10.416146] calling  xt_init+0x0/0xcf @ 1
[   10.422366] initcall xt_init+0x0/0xcf returned 0 after 48 usecs
[   10.432059] calling  tcpudp_mt_init+0x0/0x11 @ 1
[   10.439784] initcall tcpudp_mt_init+0x0/0x11 returned 0 after 31 usecs
[   10.450458] calling  connsecmark_tg_init+0x0/0xc @ 1
[   10.458404] initcall connsecmark_tg_init+0x0/0xc returned 0 after 1 usecs
[   10.468742] calling  nflog_tg_init+0x0/0xc @ 1
[   10.475810] initcall nflog_tg_init+0x0/0xc returned 0 after 1 usecs
[   10.485070] calling  secmark_tg_init+0x0/0x11 @ 1
[   10.492148] initcall secmark_tg_init+0x0/0x11 returned 0 after 1 usecs
[   10.502515] calling  tcpmss_tg_init+0x0/0x11 @ 1
[   10.510018] initcall tcpmss_tg_init+0x0/0x11 returned 0 after 1 usecs
[   10.519645] calling  conntrack_mt_init+0x0/0x11 @ 1
[   10.527259] initcall conntrack_mt_init+0x0/0x11 returned 0 after 1 usecs
[   10.537142] calling  policy_mt_init+0x0/0x11 @ 1
[   10.544580] initcall policy_mt_init+0x0/0x11 returned 0 after 1 usecs
[   10.554504] calling  state_mt_init+0x0/0xc @ 1
[   10.561167] initcall state_mt_init+0x0/0xc returned 0 after 1 usecs
[   10.570922] calling  gre_offload_init+0x0/0x48 @ 1
[   10.578305] initcall gre_offload_init+0x0/0x48 returned 0 after 62 usecs
[   10.588806] calling  sysctl_ipv4_init+0x0/0x46 @ 1
[   10.596651] initcall sysctl_ipv4_init+0x0/0x46 returned 0 after 291 usecs
[   10.607447] calling  tunnel4_init+0x0/0x58 @ 1
[   10.614661] initcall tunnel4_init+0x0/0x58 returned 0 after 1 usecs
[   10.623991] calling  nf_defrag_init+0x0/0xc @ 1
[   10.630779] initcall nf_defrag_init+0x0/0xc returned 0 after 83 usecs
[   10.640653] calling  ip_tables_init+0x0/0x8d @ 1
[   10.648036] initcall ip_tables_init+0x0/0x8d returned 0 after 101 usecs
[   10.658493] calling  iptable_filter_init+0x0/0x4c @ 1
[   10.667216] initcall iptable_filter_init+0x0/0x4c returned 0 after 721 usecs
[   10.678565] calling  iptable_mangle_init+0x0/0xb8 @ 1
[   10.686517] initcall iptable_mangle_init+0x0/0xb8 returned 0 after 179 usecs
[   10.697770] calling  reject_tg_init+0x0/0xc @ 1
[   10.704976] initcall reject_tg_init+0x0/0xc returned 0 after 0 usecs
[   10.715250] calling  cubictcp_register+0x0/0x53 @ 1
[   10.722801] initcall cubictcp_register+0x0/0x53 returned 0 after 1 usecs
[   10.732270] calling  xfrm_user_init+0x0/0x45 @ 1
[   10.738789] Initializing XFRM netlink socket
[   10.744980] initcall xfrm_user_init+0x0/0x45 returned 0 after 6042 usecs
[   10.754998] calling  inet6_init+0x0/0x35e @ 1
[   10.762426] NET: Registered protocol family 10
[   10.773191] srcu-torture: rcu_torture_read_exit: End of episode
[   10.794915] Segment Routing with IPv6
[   10.801453] initcall inet6_init+0x0/0x35e returned 0 after 38719 usecs
[   10.812048] calling  ah6_init+0x0/0x71 @ 1
[   10.818711] initcall ah6_init+0x0/0x71 returned 0 after 43 usecs
[   10.828474] calling  esp6_init+0x0/0x71 @ 1
[   10.835475] initcall esp6_init+0x0/0x71 returned 0 after 1 usecs
[   10.844814] calling  ip6_tables_init+0x0/0x8d @ 1
[   10.852750] initcall ip6_tables_init+0x0/0x8d returned 0 after 79 usecs
[   10.863017] calling  ip6table_filter_init+0x0/0x4c @ 1
[   10.871169] initcall ip6table_filter_init+0x0/0x4c returned 0 after 703 usecs
[   10.880634] calling  ip6table_mangle_init+0x0/0xb8 @ 1
[   10.888082] initcall ip6table_mangle_init+0x0/0xb8 returned 0 after 347 usecs
[   10.897988] calling  nf_defrag_init+0x0/0x45 @ 1
[   10.904986] initcall nf_defrag_init+0x0/0x45 returned 0 after 59 usecs
[   10.914264] calling  ipv6header_mt6_init+0x0/0xc @ 1
[   10.926437] initcall ipv6header_mt6_init+0x0/0xc returned 0 after 1 usecs
[   10.938416] calling  reject_tg6_init+0x0/0xc @ 1
[   10.946015] initcall reject_tg6_init+0x0/0xc returned 0 after 2 usecs
[   10.958604] calling  sit_init+0x0/0xc3 @ 1
[   10.965702] sit: IPv6, IPv4 and MPLS over IPv4 tunneling driver
[   10.978114] initcall sit_init+0x0/0xc3 returned 0 after 12117 usecs
[   10.987836] calling  packet_init+0x0/0x75 @ 1
[   10.994494] NET: Registered protocol family 17
[   11.001241] initcall packet_init+0x0/0x75 returned 0 after 6586 usecs
[   11.010328] calling  init_rpcsec_gss+0x0/0x60 @ 1
[   11.018325] initcall init_rpcsec_gss+0x0/0x60 returned 0 after 980 usecs
[   11.027502] calling  init_dns_resolver+0x0/0xca @ 1
[   11.034604] Key type dns_resolver registered
[   11.040819] initcall init_dns_resolver+0x0/0xca returned 0 after 6247 usecs
[   11.050948] calling  pm_check_save_msr+0x0/0xc0 @ 1
[   11.058516] initcall pm_check_save_msr+0x0/0xc0 returned 0 after 321 usecs
[   11.068558] calling  mcheck_init_device+0x0/0x112 @ 1
[   11.077683] initcall mcheck_init_device+0x0/0x112 returned 0 after 1174 usecs
[   11.088489] calling  mcheck_late_init+0x0/0x58 @ 1
[   11.095673] initcall mcheck_late_init+0x0/0x58 returned 0 after 423 usecs
[   11.105531] calling  severities_debugfs_init+0x0/0x29 @ 1
[   11.113003] initcall severities_debugfs_init+0x0/0x29 returned 0 after 6 usecs
[   11.123847] calling  microcode_init+0x0/0x1bd @ 1
[   11.130846] initcall microcode_init+0x0/0x1bd returned -22 after 14 usecs
[   11.140561] calling  hpet_insert_resource+0x0/0x22 @ 1
[   11.148136] initcall hpet_insert_resource+0x0/0x22 returned 0 after 70 usecs
[   11.158494] calling  start_sync_check_timer+0x0/0x4f @ 1
[   11.166482] initcall start_sync_check_timer+0x0/0x4f returned 0 after 130 usecs
[   11.177479] calling  update_mp_table+0x0/0x4fc @ 1
