c[?7l[2J[0mSeaBIOS (version 1.16.0-debian-1.16.0-4)
Booting from ROM...
early console in setup code
c[?7l[2J[    0.000000] Linux version 5.10.152+ (root@joelboxx.c.googlers.com) (gcc (Debian 12.2.0-3) 12.2.0, GNU ld (GNU Binutils for Debian) 2.39) #14 Tue Dec 13 08:24:10 UTC 2022
[    0.000000] Command line: selinux=0 initcall_debug debug console=ttyS0 rcutorture.torture_type=srcu rcutorture.n_barrier_cbs=4 rcutorture.stat_interval=15 rcutorture.shutdown_secs=1800 rcutorture.test_no_idle_hz=1 rcutorture.verbose=1
[    0.000000] x86/fpu: x87 FPU will use FXSAVE
[    0.000000] BIOS-provided physical RAM map:
[    0.000000] BIOS-e820: [mem 0x0000000000000000-0x000000000009fbff] usable
[    0.000000] BIOS-e820: [mem 0x000000000009fc00-0x000000000009ffff] reserved
[    0.000000] BIOS-e820: [mem 0x00000000000f0000-0x00000000000fffff] reserved
[    0.000000] BIOS-e820: [mem 0x0000000000100000-0x000000001ffdefff] usable
[    0.000000] BIOS-e820: [mem 0x000000001ffdf000-0x000000001fffffff] reserved
[    0.000000] BIOS-e820: [mem 0x00000000b0000000-0x00000000bfffffff] reserved
[    0.000000] BIOS-e820: [mem 0x00000000fed1c000-0x00000000fed1ffff] reserved
[    0.000000] BIOS-e820: [mem 0x00000000feffc000-0x00000000feffffff] reserved
[    0.000000] BIOS-e820: [mem 0x00000000fffc0000-0x00000000ffffffff] reserved
[    0.000000] NX (Execute Disable) protection: active
[    0.000000] SMBIOS 2.8 present.
[    0.000000] DMI: QEMU Standard PC (Q35 + ICH9, 2009), BIOS 1.16.0-debian-1.16.0-4 04/01/2014
[    0.000000] Hypervisor detected: KVM
[    0.000000] kvm-clock: Using msrs 4b564d01 and 4b564d00
[    0.000000] kvm-clock: cpu 0, msr 11c3f001, primary cpu clock
[    0.000001] kvm-clock: using sched offset of 1728922638 cycles
[    0.000226] clocksource: kvm-clock: mask: 0xffffffffffffffff max_cycles: 0x1cd42e4dffb, max_idle_ns: 881590591483 ns
[    0.000229] tsc: Detected 1999.999 MHz processor
[    0.008317] e820: update [mem 0x00000000-0x00000fff] usable ==> reserved
[    0.008321] e820: remove [mem 0x000a0000-0x000fffff] usable
[    0.008329] last_pfn = 0x1ffdf max_arch_pfn = 0x400000000
[    0.009168] MTRR default type: write-back
[    0.009243] MTRR fixed ranges enabled:
[    0.009244]   00000-9FFFF write-back
[    0.009245]   A0000-BFFFF uncachable
[    0.009246]   C0000-FFFFF write-protect
[    0.009247] MTRR variable ranges enabled:
[    0.009249]   0 base 00C0000000 mask FFC0000000 uncachable
[    0.009250]   1 disabled
[    0.009250]   2 disabled
[    0.009251]   3 disabled
[    0.009252]   4 disabled
[    0.009253]   5 disabled
[    0.009253]   6 disabled
[    0.009254]   7 disabled
[    0.009572] x86/PAT: Configuration [0-7]: WB  WC  UC- UC  WB  WC  UC- UC  
[    0.018535] found SMP MP-table at [mem 0x000f5ba0-0x000f5baf]
[    0.021563] check: Scanning 1 areas for low memory corruption
[    0.032921] ACPI: Early table checksum verification disabled
[    0.035324] ACPI: RSDP 0x00000000000F59E0 000014 (v00 BOCHS )
[    0.035687] ACPI: RSDT 0x000000001FFE229A 000038 (v01 BOCHS  BXPC     00000001 BXPC 00000001)
[    0.036139] ACPI: FACP 0x000000001FFE2092 0000F4 (v03 BOCHS  BXPC     00000001 BXPC 00000001)
[    0.036293] ACPI: DSDT 0x000000001FFE0040 002052 (v01 BOCHS  BXPC     00000001 BXPC 00000001)
[    0.036299] ACPI: FACS 0x000000001FFE0000 000040
[    0.036302] ACPI: APIC 0x000000001FFE2186 000078 (v01 BOCHS  BXPC     00000001 BXPC 00000001)
[    0.036306] ACPI: HPET 0x000000001FFE21FE 000038 (v01 BOCHS  BXPC     00000001 BXPC 00000001)
[    0.036310] ACPI: MCFG 0x000000001FFE2236 00003C (v01 BOCHS  BXPC     00000001 BXPC 00000001)
[    0.036314] ACPI: WAET 0x000000001FFE2272 000028 (v01 BOCHS  BXPC     00000001 BXPC 00000001)
[    0.036318] ACPI: Reserving FACP table memory at [mem 0x1ffe2092-0x1ffe2185]
[    0.036320] ACPI: Reserving DSDT table memory at [mem 0x1ffe0040-0x1ffe2091]
[    0.036322] ACPI: Reserving FACS table memory at [mem 0x1ffe0000-0x1ffe003f]
[    0.036323] ACPI: Reserving APIC table memory at [mem 0x1ffe2186-0x1ffe21fd]
[    0.036324] ACPI: Reserving HPET table memory at [mem 0x1ffe21fe-0x1ffe2235]
[    0.036324] ACPI: Reserving MCFG table memory at [mem 0x1ffe2236-0x1ffe2271]
[    0.036325] ACPI: Reserving WAET table memory at [mem 0x1ffe2272-0x1ffe2299]
[    0.037857] ACPI: Local APIC address 0xfee00000
[    0.043016] Zone ranges:
[    0.043188]   DMA      [mem 0x0000000000001000-0x0000000000ffffff]
[    0.043429]   DMA32    [mem 0x0000000001000000-0x000000001ffdefff]
[    0.043532]   Normal   empty
[    0.043533] Movable zone start for each node
[    0.043534] Early memory node ranges
[    0.043535]   node   0: [mem 0x0000000000001000-0x000000000009efff]
[    0.043606]   node   0: [mem 0x0000000000100000-0x000000001ffdefff]
[    0.043685] Initmem setup node 0 [mem 0x0000000000001000-0x000000001ffdefff]
[    0.043686] On node 0 totalpages: 130941
[    0.043688]   DMA zone: 64 pages used for memmap
[    0.043689]   DMA zone: 21 pages reserved
[    0.043690]   DMA zone: 3998 pages, LIFO batch:0
[    0.043692]   DMA32 zone: 1984 pages used for memmap
[    0.043693]   DMA32 zone: 126943 pages, LIFO batch:31
[    0.046688] On node 0, zone DMA: 1 pages in unavailable ranges
[    0.051962] On node 0, zone DMA: 97 pages in unavailable ranges
[    0.218460] On node 0, zone DMA32: 33 pages in unavailable ranges
[    0.223346] ACPI: PM-Timer IO Port: 0x608
[    0.223353] ACPI: Local APIC address 0xfee00000
[    0.223595] ACPI: LAPIC_NMI (acpi_id[0xff] dfl dfl lint[0x1])
[    0.225064] IOAPIC[0]: apic_id 0, version 17, address 0xfec00000, GSI 0-23
[    0.225143] ACPI: INT_SRC_OVR (bus 0 bus_irq 0 global_irq 2 dfl dfl)
[    0.225256] ACPI: INT_SRC_OVR (bus 0 bus_irq 5 global_irq 5 high level)
[    0.225257] ACPI: INT_SRC_OVR (bus 0 bus_irq 9 global_irq 9 high level)
[    0.225433] ACPI: INT_SRC_OVR (bus 0 bus_irq 10 global_irq 10 high level)
[    0.225434] ACPI: INT_SRC_OVR (bus 0 bus_irq 11 global_irq 11 high level)
[    0.225436] ACPI: IRQ0 used by override.
[    0.225437] ACPI: IRQ5 used by override.
[    0.225438] ACPI: IRQ9 used by override.
[    0.225439] ACPI: IRQ10 used by override.
[    0.225439] ACPI: IRQ11 used by override.
[    0.225442] Using ACPI (MADT) for SMP configuration information
[    0.225444] ACPI: HPET id: 0x8086a201 base: 0xfed00000
[    0.226393] kvm-guest: stealtime: cpu 0, msr 1144c780
[    0.227608] PM: hibernation: Registered nosave memory: [mem 0x00000000-0x00000fff]
[    0.227610] PM: hibernation: Registered nosave memory: [mem 0x0009f000-0x0009ffff]
[    0.227611] PM: hibernation: Registered nosave memory: [mem 0x000a0000-0x000effff]
[    0.227612] PM: hibernation: Registered nosave memory: [mem 0x000f0000-0x000fffff]
[    0.227614] [mem 0x20000000-0xafffffff] available for PCI devices
[    0.227695] Booting paravirtualized kernel on KVM
[    0.228212] clocksource: refined-jiffies: mask: 0xffffffff max_cycles: 0xffffffff, max_idle_ns: 1910969940391419 ns
[    0.269308] pcpu-alloc: s0 r0 d32768 u32768 alloc=1*32768
[    0.269396] pcpu-alloc: [0] 0 
[    0.269768] Built 1 zonelists, mobility grouping on.  Total pages: 128872
[    0.269912] Kernel command line: selinux=0 initcall_debug debug console=ttyS0 rcutorture.torture_type=srcu rcutorture.n_barrier_cbs=4 rcutorture.stat_interval=15 rcutorture.shutdown_secs=1800 rcutorture.test_no_idle_hz=1 rcutorture.verbose=1
[    0.295680] Dentry cache hash table entries: 65536 (order: 7, 524288 bytes, linear)
[    0.301567] Inode-cache hash table entries: 32768 (order: 6, 262144 bytes, linear)
[    0.302510] mem auto-init: stack:all(zero), heap alloc:off, heap free:off
[    0.311095] Memory: 481560K/523764K available (14349K kernel code, 2609K rwdata, 4612K rodata, 1248K init, 1892K bss, 41944K reserved, 0K cma-reserved)
[    0.311777] SLUB: HWalign=64, Order=0-3, MinObjects=0, CPUs=1, Nodes=1
[    0.312327] Kernel/User page tables isolation: enabled
[    0.346921] NR_IRQS: 4352, nr_irqs: 256, preallocated irqs: 16
[    0.351584] calling  con_init+0x0/0x22a @ 0
[    0.564035] Console: colour VGA+ 80x25
[    0.567429] initcall con_init+0x0/0x22a returned 0 after 0 usecs
[    0.567650] calling  hvc_console_init+0x0/0x13 @ 0
[    0.567740] initcall hvc_console_init+0x0/0x13 returned 0 after 0 usecs
[    0.567743] calling  univ8250_console_init+0x0/0x26 @ 0
[    1.359851] printk: console [ttyS0] enabled
[    1.364307] initcall univ8250_console_init+0x0/0x26 returned 0 after 0 usecs
[    1.373963] ACPI: Core revision 20200925
[    1.390041] clocksource: hpet: mask: 0xffffffff max_cycles: 0xffffffff, max_idle_ns: 19112604467 ns
[    1.406451] APIC: Switch to symmetric I/O mode setup
[    1.472217] ..TIMER: vector=0x30 apic1=0 pin1=2 apic2=-1 pin2=-1
[    1.487983] clocksource: tsc-early: mask: 0xffffffffffffffff max_cycles: 0x39a85afc727, max_idle_ns: 881590685098 ns
[    1.503495] Calibrating delay loop (skipped) preset value.. 3999.99 BogoMIPS (lpj=1999999)
[    1.504773] pid_max: default: 32768 minimum: 301
[    1.509354] LSM: Security Framework initializing
[    1.511630] Mount-cache hash table entries: 1024 (order: 1, 8192 bytes, linear)
[    1.512777] Mountpoint-cache hash table entries: 1024 (order: 1, 8192 bytes, linear)
[    1.530204] Last level iTLB entries: 4KB 0, 2MB 0, 4MB 0
[    1.531670] Last level dTLB entries: 4KB 0, 2MB 0, 4MB 0, 1GB 0
[    1.532772] CPU: Intel Common KVM processor (family: 0xf, model: 0x6, stepping: 0x1)
[    1.533805] Spectre V1 : Mitigation: usercopy/swapgs barriers and __user pointer sanitization
[    1.534730] Spectre V2 : Mitigation: Retpolines
[    1.535668] Spectre V2 : Spectre v2 / SpectreRSB mitigation: Filling RSB on context switch
[    1.536667] Spectre V2 : Spectre v2 / SpectreRSB : Filling RSB on VMEXIT
[    1.537668] Speculative Store Bypass: Vulnerable
[    1.538867] MDS: Vulnerable: Clear CPU buffers attempted, no microcode
[    1.539668] MMIO Stale Data: Unknown: No mitigations
[    1.707664] calling  init_hw_perf_events+0x0/0x6ce @ 1
[    1.708669] Performance Events: unsupported Netburst CPU model 6 no PMU driver, software events only.
[    1.709677] initcall init_hw_perf_events+0x0/0x6ce returned 0 after 976 usecs
[    1.710675] calling  init_real_mode+0x0/0x1e9 @ 1
[    1.712495] initcall init_real_mode+0x0/0x1e9 returned 0 after 0 usecs
[    1.712675] calling  trace_init_perf_perm_irq_work_exit+0x0/0x12 @ 1
[    1.713693] initcall trace_init_perf_perm_irq_work_exit+0x0/0x12 returned 0 after 0 usecs
[    1.714689] calling  validate_x2apic+0x0/0x4a @ 1
[    1.715699] initcall validate_x2apic+0x0/0x4a returned 0 after 0 usecs
[    1.716673] calling  register_nmi_cpu_backtrace_handler+0x0/0x15 @ 1
[    1.718673] initcall register_nmi_cpu_backtrace_handler+0x0/0x15 returned 0 after 0 usecs
[    1.719674] calling  kvm_setup_vsyscall_timeinfo+0x0/0x34 @ 1
[    1.720672] initcall kvm_setup_vsyscall_timeinfo+0x0/0x34 returned 0 after 0 usecs
[    1.721673] calling  spawn_ksoftirqd+0x0/0x34 @ 1
[    1.723735] initcall spawn_ksoftirqd+0x0/0x34 returned 0 after 976 usecs
[    1.724718] calling  trace_init_flags_sys_enter+0x0/0xe @ 1
[    1.725670] initcall trace_init_flags_sys_enter+0x0/0xe returned 0 after 0 usecs
[    1.727671] calling  trace_init_flags_sys_exit+0x0/0xe @ 1
[    1.728672] initcall trace_init_flags_sys_exit+0x0/0xe returned 0 after 0 usecs
[    1.729687] calling  init_kprobes+0x0/0x14d @ 1
[    1.732208] initcall init_kprobes+0x0/0x14d returned 0 after 976 usecs
[    1.732670] calling  init_events+0x0/0x3d @ 1
[    1.734785] initcall init_events+0x0/0x3d returned 0 after 976 usecs
[    1.735670] calling  init_trace_printk+0x0/0xc @ 1
[    1.736670] initcall init_trace_printk+0x0/0xc returned 0 after 0 usecs
[    1.737670] calling  event_trace_enable_again+0x0/0x23 @ 1
[    1.738683] initcall event_trace_enable_again+0x0/0x23 returned 0 after 0 usecs
[    1.739670] calling  static_call_init+0x0/0x6d @ 1
[    1.740670] initcall static_call_init+0x0/0x6d returned 0 after 0 usecs
[    1.741671] calling  jump_label_init_module+0x0/0xc @ 1
[    1.743672] initcall jump_label_init_module+0x0/0xc returned 0 after 0 usecs
[    1.744671] calling  init_zero_pfn+0x0/0x37 @ 1
[    1.745671] initcall init_zero_pfn+0x0/0x37 returned 0 after 0 usecs
[    1.746695] calling  initialize_ptr_random+0x0/0x54 @ 1
[    1.747671] initcall initialize_ptr_random+0x0/0x54 returned 0 after 0 usecs
[    1.748685] calling  efi_memreserve_root_init+0x0/0x25 @ 1
[    1.749725] initcall efi_memreserve_root_init+0x0/0x25 returned 0 after 0 usecs
[    1.750671] calling  efi_earlycon_remap_fb+0x0/0x51 @ 1
[    1.751671] initcall efi_earlycon_remap_fb+0x0/0x51 returned 0 after 0 usecs
[    1.870778] devtmpfs: initialized
[    1.874980] calling  ipc_ns_init+0x0/0x3d @ 1
[    1.875717] initcall ipc_ns_init+0x0/0x3d returned 0 after 0 usecs
[    1.876670] calling  init_mmap_min_addr+0x0/0x21 @ 1
[    1.877669] initcall init_mmap_min_addr+0x0/0x21 returned 0 after 0 usecs
[    1.878669] calling  pci_realloc_setup_params+0x0/0x3f @ 1
[    1.879672] initcall pci_realloc_setup_params+0x0/0x3f returned 0 after 0 usecs
[    1.880670] calling  net_ns_init+0x0/0x128 @ 1
[    1.882777] initcall net_ns_init+0x0/0x128 returned 0 after 976 usecs
[    1.883685] calling  e820__register_nvs_regions+0x0/0x37 @ 1
[    1.884672] initcall e820__register_nvs_regions+0x0/0x37 returned 0 after 0 usecs
[    1.885670] calling  cpufreq_register_tsc_scaling+0x0/0x2e @ 1
[    1.886671] initcall cpufreq_register_tsc_scaling+0x0/0x2e returned 0 after 0 usecs
[    1.887671] calling  reboot_init+0x0/0x3c @ 1
[    1.888772] initcall reboot_init+0x0/0x3c returned 0 after 0 usecs
[    1.889672] calling  init_lapic_sysfs+0x0/0x20 @ 1
[    1.890672] initcall init_lapic_sysfs+0x0/0x20 returned 0 after 0 usecs
[    1.891671] calling  wq_sysfs_init+0x0/0x2a @ 1
[    1.892806] initcall wq_sysfs_init+0x0/0x2a returned 0 after 0 usecs
[    1.893670] calling  ksysfs_init+0x0/0x92 @ 1
[    1.894678] initcall ksysfs_init+0x0/0x92 returned 0 after 0 usecs
[    1.895671] calling  pm_init+0x0/0x76 @ 1
[    1.896745] initcall pm_init+0x0/0x76 returned 0 after 0 usecs
[    1.897681] calling  pm_disk_init+0x0/0x13 @ 1
[    1.898714] initcall pm_disk_init+0x0/0x13 returned 0 after 0 usecs
[    1.899671] calling  swsusp_header_init+0x0/0x2b @ 1
[    1.900671] initcall swsusp_header_init+0x0/0x2b returned 0 after 0 usecs
[    1.901670] calling  rcu_set_runtime_mode+0x0/0x11 @ 1
[    1.902669] initcall rcu_set_runtime_mode+0x0/0x11 returned 0 after 0 usecs
[    1.903671] calling  init_jiffies_clocksource+0x0/0x13 @ 1
[    1.904669] clocksource: jiffies: mask: 0xffffffff max_cycles: 0xffffffff, max_idle_ns: 1911260446275000 ns
[    1.905678] initcall init_jiffies_clocksource+0x0/0x13 returned 0 after 976 usecs
[    1.906671] calling  futex_init+0x0/0xf4 @ 1
[    1.907671] futex hash table entries: 256 (order: 0, 6144 bytes, linear)
[    1.908722] initcall futex_init+0x0/0xf4 returned 0 after 976 usecs
[    1.909670] calling  cgroup_wq_init+0x0/0x28 @ 1
[    1.910675] initcall cgroup_wq_init+0x0/0x28 returned 0 after 0 usecs
[    1.911670] calling  cgroup1_wq_init+0x0/0x28 @ 1
[    1.912672] initcall cgroup1_wq_init+0x0/0x28 returned 0 after 0 usecs
[    1.913669] calling  init_kprobe_trace_early+0x0/0x2a @ 1
[    1.914686] initcall init_kprobe_trace_early+0x0/0x2a returned 0 after 0 usecs
[    1.915669] calling  fsnotify_init+0x0/0x48 @ 1
[    1.916683] initcall fsnotify_init+0x0/0x48 returned 0 after 0 usecs
[    1.917671] calling  filelock_init+0x0/0x60 @ 1
[    1.918711] initcall filelock_init+0x0/0x60 returned 0 after 0 usecs
[    1.919669] calling  init_misc_binfmt+0x0/0x2c @ 1
[    1.920685] initcall init_misc_binfmt+0x0/0x2c returned 0 after 0 usecs
[    1.921683] calling  init_script_binfmt+0x0/0x15 @ 1
[    1.922671] initcall init_script_binfmt+0x0/0x15 returned 0 after 0 usecs
[    1.923670] calling  init_elf_binfmt+0x0/0x15 @ 1
[    1.924671] initcall init_elf_binfmt+0x0/0x15 returned 0 after 0 usecs
[    1.925672] calling  init_compat_elf_binfmt+0x0/0x15 @ 1
[    1.926672] initcall init_compat_elf_binfmt+0x0/0x15 returned 0 after 0 usecs
[    1.928689] calling  debugfs_init+0x0/0x5c @ 1
[    1.929677] initcall debugfs_init+0x0/0x5c returned 0 after 0 usecs
[    1.930671] calling  tracefs_init+0x0/0x3a @ 1
[    1.931707] initcall tracefs_init+0x0/0x3a returned 0 after 0 usecs
[    1.932671] calling  prandom_init_early+0x0/0x111 @ 1
[    1.933670] initcall prandom_init_early+0x0/0x111 returned 0 after 0 usecs
[    1.934755] calling  virtio_init+0x0/0x20 @ 1
[    1.936697] initcall virtio_init+0x0/0x20 returned 0 after 976 usecs
[    1.937671] calling  iommu_init+0x0/0x2a @ 1
[    1.939671] initcall iommu_init+0x0/0x2a returned 0 after 976 usecs
[    1.940669] calling  component_debug_init+0x0/0x1c @ 1
[    1.941745] initcall component_debug_init+0x0/0x1c returned 0 after 0 usecs
[    1.942672] calling  early_resume_init+0x0/0xb9 @ 1
[    1.944668] PM: RTC time: 08:31:06, date: 2022-12-13
[    1.945693] initcall early_resume_init+0x0/0xb9 returned 0 after 1953 usecs
[    1.946671] calling  cpufreq_core_init+0x0/0x62 @ 1
[    1.947725] initcall cpufreq_core_init+0x0/0x62 returned 0 after 0 usecs
[    1.948671] calling  cpufreq_gov_performance_init+0x0/0xc @ 1
[    1.949671] initcall cpufreq_gov_performance_init+0x0/0xc returned 0 after 0 usecs
[    1.950671] calling  cpufreq_gov_userspace_init+0x0/0xc @ 1
[    1.951671] initcall cpufreq_gov_userspace_init+0x0/0xc returned 0 after 0 usecs
[    1.953671] calling  CPU_FREQ_GOV_ONDEMAND_init+0x0/0xc @ 1
[    1.954674] initcall CPU_FREQ_GOV_ONDEMAND_init+0x0/0xc returned 0 after 0 usecs
[    1.955674] calling  cpuidle_init+0x0/0x1f @ 1
[    1.956778] initcall cpuidle_init+0x0/0x1f returned 0 after 0 usecs
[    1.957672] calling  capsule_reboot_register+0x0/0xc @ 1
[    1.958689] initcall capsule_reboot_register+0x0/0xc returned 0 after 0 usecs
[    1.959669] calling  sock_init+0x0/0x93 @ 1
[    1.960934] initcall sock_init+0x0/0x93 returned 0 after 0 usecs
[    1.962670] calling  net_inuse_init+0x0/0x23 @ 1
[    1.963674] initcall net_inuse_init+0x0/0x23 returned 0 after 0 usecs
[    1.964670] calling  net_defaults_init+0x0/0x23 @ 1
[    1.965671] initcall net_defaults_init+0x0/0x23 returned 0 after 0 usecs
[    1.966670] calling  init_default_flow_dissectors+0x0/0x4f @ 1
[    1.967691] initcall init_default_flow_dissectors+0x0/0x4f returned 0 after 0 usecs
[    1.968670] calling  netpoll_init+0x0/0x25 @ 1
[    1.969683] initcall netpoll_init+0x0/0x25 returned 0 after 0 usecs
[    1.970669] calling  netlink_proto_init+0x0/0x14f @ 1
[    1.972156] NET: Registered protocol family 16
[    1.972686] initcall netlink_proto_init+0x0/0x14f returned 0 after 976 usecs
[    1.973670] calling  genl_init+0x0/0x35 @ 1
[    1.974679] initcall genl_init+0x0/0x35 returned 0 after 0 usecs
[    1.975710] calling  bsp_pm_check_init+0x0/0x13 @ 1
[    1.976672] initcall bsp_pm_check_init+0x0/0x13 returned 0 after 0 usecs
[    1.977727] calling  irq_sysfs_init+0x0/0xb7 @ 1
[    1.978806] initcall irq_sysfs_init+0x0/0xb7 returned 0 after 0 usecs
[    1.979672] calling  audit_init+0x0/0x15d @ 1
[    1.980677] audit: initializing netlink subsys (disabled)
[    1.982776] initcall audit_init+0x0/0x15d returned 0 after 1953 usecs
[    1.983720] calling  release_early_probes+0x0/0x32 @ 1
[    1.984672] initcall release_early_probes+0x0/0x32 returned 0 after 0 usecs
[    1.985671] calling  bdi_class_init+0x0/0x48 @ 1
[    1.986734] initcall bdi_class_init+0x0/0x48 returned 0 after 0 usecs
[    1.987671] calling  mm_sysfs_init+0x0/0x28 @ 1
[    1.988704] initcall mm_sysfs_init+0x0/0x28 returned 0 after 0 usecs
[    1.989671] calling  init_per_zone_wmark_min+0x0/0x5e @ 1
[    1.990672] initcall init_per_zone_wmark_min+0x0/0x5e returned 0 after 0 usecs
[    1.991672] calling  mpi_init+0x0/0x3e @ 1
[    1.992692] initcall mpi_init+0x0/0x3e returned 0 after 0 usecs
[    1.993671] calling  kobject_uevent_init+0x0/0xc @ 1
[    1.994738] initcall kobject_uevent_init+0x0/0xc returned 0 after 0 usecs
[    1.995670] calling  pcibus_class_init+0x0/0x13 @ 1
[    1.996698] initcall pcibus_class_init+0x0/0x13 returned 0 after 0 usecs
[    1.997689] calling  pci_driver_init+0x0/0x21 @ 1
[    1.998724] initcall pci_driver_init+0x0/0x21 returned 0 after 0 usecs
[    1.999672] calling  backlight_class_init+0x0/0xa8 @ 1
[    2.000713] initcall backlight_class_init+0x0/0xa8 returned 0 after 0 usecs
[    2.001673] calling  tty_class_init+0x0/0x33 @ 1
[    2.002688] initcall tty_class_init+0x0/0x33 returned 0 after 0 usecs
[    2.003672] calling  vtconsole_class_init+0x0/0xb5 @ 1
[    2.004760] initcall vtconsole_class_init+0x0/0xb5 returned 0 after 0 usecs
[    2.005670] calling  iommu_dev_init+0x0/0x13 @ 1
[    2.006717] initcall iommu_dev_init+0x0/0x13 returned 0 after 0 usecs
[    2.007670] calling  mipi_dsi_bus_init+0x0/0xc @ 1
[    2.008776] initcall mipi_dsi_bus_init+0x0/0xc returned 0 after 0 usecs
[    2.009673] calling  devlink_class_init+0x0/0x40 @ 1
[    2.010688] initcall devlink_class_init+0x0/0x40 returned 0 after 0 usecs
[    2.011672] calling  software_node_init+0x0/0x2a @ 1
[    2.012679] initcall software_node_init+0x0/0x2a returned 0 after 0 usecs
[    2.013672] calling  wakeup_sources_debugfs_init+0x0/0x23 @ 1
[    2.014717] initcall wakeup_sources_debugfs_init+0x0/0x23 returned 0 after 0 usecs
[    2.015671] calling  wakeup_sources_sysfs_init+0x0/0x2c @ 1
[    2.016683] initcall wakeup_sources_sysfs_init+0x0/0x2c returned 0 after 0 usecs
[    2.017670] calling  regmap_initcall+0x0/0xc @ 1
[    2.018705] initcall regmap_initcall+0x0/0xc returned 0 after 0 usecs
[    2.019670] calling  i2c_init+0x0/0xb3 @ 1
[    2.020910] initcall i2c_init+0x0/0xb3 returned 0 after 0 usecs
[    2.021670] calling  thermal_init+0x0/0xf2 @ 1
[    2.022699] thermal_sys: Registered thermal governor 'step_wise'
[    2.022700] thermal_sys: Registered thermal governor 'user_space'
[    2.023683] initcall thermal_init+0x0/0xf2 returned 0 after 976 usecs
[    2.025701] calling  init_menu+0x0/0xc @ 1
[    2.026670] cpuidle: using governor menu
[    2.027671] initcall init_menu+0x0/0xc returned 0 after 976 usecs
[    2.028671] calling  pcc_init+0x0/0x4d @ 1
[    2.029718] initcall pcc_init+0x0/0x4d returned -19 after 0 usecs
[    2.030671] calling  amd_postcore_init+0x0/0x11e @ 1
[    2.031671] initcall amd_postcore_init+0x0/0x11e returned 0 after 0 usecs
[    2.032692] calling  bts_init+0x0/0xba @ 1
[    2.033673] initcall bts_init+0x0/0xba returned -19 after 0 usecs
[    2.034672] calling  pt_init+0x0/0x2ef @ 1
[    2.035672] initcall pt_init+0x0/0x2ef returned -19 after 0 usecs
[    2.036674] calling  boot_params_ksysfs_init+0x0/0x2ee @ 1
[    2.037703] initcall boot_params_ksysfs_init+0x0/0x2ee returned 0 after 0 usecs
[    2.038674] calling  sbf_init+0x0/0xd1 @ 1
[    2.039673] initcall sbf_init+0x0/0xd1 returned 0 after 0 usecs
[    2.040672] calling  arch_kdebugfs_init+0x0/0x219 @ 1
[    2.041841] initcall arch_kdebugfs_init+0x0/0x219 returned 0 after 0 usecs
[    2.042671] calling  intel_pconfig_init+0x0/0x85 @ 1
[    2.043694] initcall intel_pconfig_init+0x0/0x85 returned 0 after 0 usecs
[    2.044670] calling  mtrr_if_init+0x0/0x5d @ 1
[    2.045674] initcall mtrr_if_init+0x0/0x5d returned 0 after 0 usecs
[    2.046670] calling  activate_jump_labels+0x0/0x31 @ 1
[    2.047670] initcall activate_jump_labels+0x0/0x31 returned 0 after 0 usecs
[    2.048670] calling  ffh_cstate_init+0x0/0x29 @ 1
[    2.049674] initcall ffh_cstate_init+0x0/0x29 returned 0 after 0 usecs
[    2.050670] calling  activate_jump_labels+0x0/0x31 @ 1
[    2.051697] initcall activate_jump_labels+0x0/0x31 returned 0 after 0 usecs
[    2.052670] calling  kvm_alloc_cpumask+0x0/0x2b @ 1
[    2.053705] initcall kvm_alloc_cpumask+0x0/0x2b returned 0 after 0 usecs
[    2.054673] calling  kcmp_cookies_init+0x0/0x37 @ 1
[    2.055676] initcall kcmp_cookies_init+0x0/0x37 returned 0 after 0 usecs
[    2.056672] calling  cryptomgr_init+0x0/0xc @ 1
[    2.057686] initcall cryptomgr_init+0x0/0xc returned 0 after 0 usecs
[    2.058669] calling  acpi_pci_init+0x0/0x57 @ 1
[    2.060667] ACPI: bus type PCI registered
[    2.061670] initcall acpi_pci_init+0x0/0x57 returned 0 after 1953 usecs
[    2.064513] calling  dma_channel_table_init+0x0/0xce @ 1
[    2.067116] initcall dma_channel_table_init+0x0/0xce returned 0 after 0 usecs
[    2.067672] calling  dma_bus_init+0x0/0xdc @ 1
[    2.071005] initcall dma_bus_init+0x0/0xdc returned 0 after 1953 usecs
[    2.071843] calling  iommu_dma_init+0x0/0x10 @ 1
[    2.073742] initcall iommu_dma_init+0x0/0x10 returned 0 after 976 usecs
[    2.074686] calling  dmi_id_init+0x0/0x37c @ 1
[    2.077028] initcall dmi_id_init+0x0/0x37c returned 0 after 976 usecs
[    2.077686] calling  pci_arch_init+0x0/0x71 @ 1
[    2.081027] PCI: MMCONFIG for domain 0000 [bus 00-ff] at [mem 0xb0000000-0xbfffffff] (base 0xb0000000)
[    2.082813] PCI: MMCONFIG at [mem 0xb0000000-0xbfffffff] reserved in E820
[    2.085162] PCI: Using configuration type 1 for base access
[    2.085826] initcall pci_arch_init+0x0/0x71 returned 0 after 6835 usecs
[    2.088766] calling  init_vdso+0x0/0x13 @ 1
[    2.089929] initcall init_vdso+0x0/0x13 returned 0 after 0 usecs
[    2.090671] calling  sysenter_setup+0x0/0x13 @ 1
[    2.091711] initcall sysenter_setup+0x0/0x13 returned 0 after 0 usecs
[    2.092674] calling  fixup_ht_bug+0x0/0x7f @ 1
[    2.093717] initcall fixup_ht_bug+0x0/0x7f returned 0 after 0 usecs
[    2.094672] calling  topology_init+0x0/0x15 @ 1
[    2.096987] initcall topology_init+0x0/0x15 returned 0 after 976 usecs
[    2.097673] calling  intel_epb_init+0x0/0x68 @ 1
[    2.098698] initcall intel_epb_init+0x0/0x68 returned -19 after 0 usecs
[    2.099671] calling  mtrr_init_finialize+0x0/0x3e @ 1
[    2.100720] initcall mtrr_init_finialize+0x0/0x3e returned 0 after 0 usecs
[    2.101768] calling  uid_cache_init+0x0/0x7b @ 1
[    2.102711] initcall uid_cache_init+0x0/0x7b returned 0 after 0 usecs
[    2.103670] calling  param_sysfs_init+0x0/0x1ba @ 1
[    2.108544] initcall param_sysfs_init+0x0/0x1ba returned 0 after 2929 usecs
[    2.109680] calling  user_namespace_sysctl_init+0x0/0x33 @ 1
[    2.111676] initcall user_namespace_sysctl_init+0x0/0x33 returned 0 after 976 usecs
[    2.112670] calling  proc_schedstat_init+0x0/0x24 @ 1
[    2.114739] initcall proc_schedstat_init+0x0/0x24 returned 0 after 0 usecs
[    2.115671] calling  pm_sysrq_init+0x0/0x18 @ 1
[    2.116727] initcall pm_sysrq_init+0x0/0x18 returned 0 after 0 usecs
[    2.117863] calling  create_proc_profile+0x0/0x50 @ 1
[    2.119669] initcall create_proc_profile+0x0/0x50 returned 0 after 0 usecs
[    2.120685] calling  time_ns_init+0x0/0x7 @ 1
[    2.121687] initcall time_ns_init+0x0/0x7 returned 0 after 0 usecs
[    2.122669] calling  crash_save_vmcoreinfo_init+0x0/0x756 @ 1
[    2.123964] initcall crash_save_vmcoreinfo_init+0x0/0x756 returned 0 after 0 usecs
[    2.124670] calling  crash_notes_memory_init+0x0/0x35 @ 1
[    2.125691] initcall crash_notes_memory_init+0x0/0x35 returned 0 after 0 usecs
[    2.126670] calling  cgroup_sysfs_init+0x0/0x13 @ 1
[    2.127794] initcall cgroup_sysfs_init+0x0/0x13 returned 0 after 0 usecs
[    2.128669] calling  cgroup_namespaces_init+0x0/0x7 @ 1
[    2.129669] initcall cgroup_namespaces_init+0x0/0x7 returned 0 after 0 usecs
[    2.130669] calling  init_optprobes+0x0/0x13 @ 1
[    2.131789] Kprobes globally optimized
[    2.132669] initcall init_optprobes+0x0/0x13 returned 0 after 976 usecs
[    2.133669] calling  oom_init+0x0/0x2f @ 1
[    2.137954] audit: type=2000 audit(1670920265.271:1): state=initialized audit_enabled=0 res=1
[    2.138910] initcall oom_init+0x0/0x2f returned 0 after 3906 usecs
[    2.139670] calling  default_bdi_init+0x0/0x35 @ 1
[    2.141905] initcall default_bdi_init+0x0/0x35 returned 0 after 976 usecs
[    2.142672] calling  percpu_enable_async+0x0/0xe @ 1
[    2.143670] initcall percpu_enable_async+0x0/0xe returned 0 after 0 usecs
[    2.144670] calling  kcompactd_init+0x0/0x46 @ 1
[    2.146015] initcall kcompactd_init+0x0/0x46 returned 0 after 0 usecs
[    2.146758] calling  init_user_reserve+0x0/0x30 @ 1
[    2.147696] initcall init_user_reserve+0x0/0x30 returned 0 after 0 usecs
[    2.148669] calling  init_admin_reserve+0x0/0x30 @ 1
[    2.149669] initcall init_admin_reserve+0x0/0x30 returned 0 after 0 usecs
[    2.150672] calling  init_reserve_notifier+0x0/0x7 @ 1
[    2.151694] initcall init_reserve_notifier+0x0/0x7 returned 0 after 0 usecs
[    2.152673] calling  swap_init_sysfs+0x0/0x62 @ 1
[    2.153715] initcall swap_init_sysfs+0x0/0x62 returned 0 after 0 usecs
[    2.154675] calling  swapfile_init+0x0/0x46 @ 1
[    2.155679] initcall swapfile_init+0x0/0x46 returned 0 after 0 usecs
[    2.156672] calling  hugetlb_init+0x0/0x430 @ 1
[    2.157754] HugeTLB registered 2.00 MiB page size, pre-allocated 0 pages
[    2.158714] initcall hugetlb_init+0x0/0x430 returned 0 after 976 usecs
[    2.159673] calling  io_wq_init+0x0/0x34 @ 1
[    2.160721] initcall io_wq_init+0x0/0x34 returned 0 after 0 usecs
[    2.161673] calling  seqiv_module_init+0x0/0xc @ 1
[    2.162797] initcall seqiv_module_init+0x0/0xc returned 0 after 0 usecs
[    2.163689] calling  echainiv_module_init+0x0/0xc @ 1
[    2.164673] initcall echainiv_module_init+0x0/0xc returned 0 after 0 usecs
[    2.165913] calling  rsa_init+0x0/0x50 @ 1
[    2.168773] cryptomgr_test (17) used greatest stack depth: 15544 bytes left
[    2.169732] initcall rsa_init+0x0/0x50 returned 0 after 1953 usecs
[    2.170672] calling  crypto_cmac_module_init+0x0/0xc @ 1
[    2.171673] initcall crypto_cmac_module_init+0x0/0xc returned 0 after 0 usecs
[    2.172672] calling  hmac_module_init+0x0/0xc @ 1
[    2.173671] initcall hmac_module_init+0x0/0xc returned 0 after 0 usecs
[    2.174671] calling  crypto_null_mod_init+0x0/0x65 @ 1
[    2.175855] initcall crypto_null_mod_init+0x0/0x65 returned 0 after 0 usecs
[    2.176671] calling  md5_mod_init+0x0/0xc @ 1
[    2.177708] initcall md5_mod_init+0x0/0xc returned 0 after 0 usecs
[    2.178672] calling  sha256_generic_mod_init+0x0/0x11 @ 1
[    2.179721] initcall sha256_generic_mod_init+0x0/0x11 returned 0 after 0 usecs
[    2.180671] calling  crypto_cbc_module_init+0x0/0xc @ 1
[    2.181673] initcall crypto_cbc_module_init+0x0/0xc returned 0 after 0 usecs
[    2.182671] calling  crypto_ctr_module_init+0x0/0x11 @ 1
[    2.183696] initcall crypto_ctr_module_init+0x0/0x11 returned 0 after 0 usecs
[    2.184671] calling  crypto_gcm_module_init+0x0/0x64 @ 1
[    2.185716] initcall crypto_gcm_module_init+0x0/0x64 returned 0 after 0 usecs
[    2.186671] calling  crypto_ccm_module_init+0x0/0x11 @ 1
[    2.187672] initcall crypto_ccm_module_init+0x0/0x11 returned 0 after 0 usecs
[    2.188672] calling  aes_init+0x0/0xc @ 1
[    2.189736] initcall aes_init+0x0/0xc returned 0 after 0 usecs
[    2.190671] calling  crc32c_mod_init+0x0/0xc @ 1
[    2.191715] initcall crc32c_mod_init+0x0/0xc returned 0 after 0 usecs
[    2.192671] calling  crypto_authenc_module_init+0x0/0xc @ 1
[    2.193672] initcall crypto_authenc_module_init+0x0/0xc returned 0 after 0 usecs
[    2.194672] calling  crypto_authenc_esn_module_init+0x0/0xc @ 1
[    2.195672] initcall crypto_authenc_esn_module_init+0x0/0xc returned 0 after 0 usecs
[    2.196671] calling  drbg_init+0x0/0x7c @ 1
[    2.197848] initcall drbg_init+0x0/0x7c returned 0 after 0 usecs
[    2.198670] calling  ghash_mod_init+0x0/0xc @ 1
[    2.199701] initcall ghash_mod_init+0x0/0xc returned 0 after 0 usecs
[    2.200671] calling  init_bio+0x0/0x9a @ 1
[    2.202068] initcall init_bio+0x0/0x9a returned 0 after 0 usecs
[    2.202670] calling  blk_settings_init+0x0/0x29 @ 1
[    2.203670] initcall blk_settings_init+0x0/0x29 returned 0 after 0 usecs
[    2.204670] calling  blk_ioc_init+0x0/0x29 @ 1
[    2.205673] initcall blk_ioc_init+0x0/0x29 returned 0 after 0 usecs
[    2.206670] calling  blk_mq_init+0x0/0x96 @ 1
[    2.207710] initcall blk_mq_init+0x0/0x96 returned 0 after 0 usecs
[    2.208671] calling  genhd_device_init+0x0/0x75 @ 1
[    2.209807] initcall genhd_device_init+0x0/0x75 returned 0 after 0 usecs
[    2.210764] calling  pci_slot_init+0x0/0x40 @ 1
[    2.211711] initcall pci_slot_init+0x0/0x40 returned 0 after 0 usecs
[    2.212671] calling  fbmem_init+0x0/0xd8 @ 1
[    2.213798] initcall fbmem_init+0x0/0xd8 returned 0 after 0 usecs
[    2.214670] calling  acpi_init+0x0/0x316 @ 1
[    2.216012] ACPI: Added _OSI(Module Device)
[    2.216669] ACPI: Added _OSI(Processor Device)
[    2.217668] ACPI: Added _OSI(3.0 _SCP Extensions)
[    2.218668] ACPI: Added _OSI(Processor Aggregator Device)
[    2.219669] ACPI: Added _OSI(Linux-Dell-Video)
[    2.220668] ACPI: Added _OSI(Linux-Lenovo-NV-HDMI-Audio)
[    2.221669] ACPI: Added _OSI(Linux-HPI-Hybrid-Graphics)
[    2.225998] ACPI: 1 ACPI AML tables successfully acquired and loaded
[    2.231915] ACPI: Interpreter enabled
[    2.232755] ACPI: (supports S0 S3 S4 S5)
[    2.233681] ACPI: Using IOAPIC for interrupt routing
[    2.234747] PCI: Using host bridge windows from ACPI; if necessary, use "pci=nocrs" and report a bug
[    2.236070] ACPI: Enabled 2 GPEs in block 00 to 3F
[    2.242325] ACPI: PCI Root Bridge [PCI0] (domain 0000 [bus 00-ff])
[    2.242894] acpi PNP0A08:00: _OSC: OS supports [ExtendedConfig ASPM ClockPM Segments MSI HPX-Type3]
[    2.243742] acpi PNP0A08:00: _OSC: platform does not support [LTR]
[    2.245717] acpi PNP0A08:00: _OSC: OS now controls [PME PCIeCapability]
[    2.247808] PCI host bridge to bus 0000:00
[    2.248684] pci_bus 0000:00: root bus resource [io  0x0000-0x0cf7 window]
[    2.249669] pci_bus 0000:00: root bus resource [io  0x0d00-0xffff window]
[    2.250669] pci_bus 0000:00: root bus resource [mem 0x000a0000-0x000bffff window]
[    2.252669] pci_bus 0000:00: root bus resource [mem 0x20000000-0xafffffff window]
[    2.253670] pci_bus 0000:00: root bus resource [mem 0xc0000000-0xfebfffff window]
[    2.254672] pci_bus 0000:00: root bus resource [mem 0x100000000-0x8ffffffff window]
[    2.255673] pci_bus 0000:00: root bus resource [bus 00-ff]
[    2.257761] pci 0000:00:00.0: calling  quirk_mmio_always_on+0x0/0x10 @ 1
[    2.258676] pci 0000:00:00.0: quirk_mmio_always_on+0x0/0x10 took 0 usecs
[    2.259694] pci 0000:00:00.0: [8086:29c0] type 00 class 0x060000
[    2.264806] pci 0000:00:00.0: calling  quirk_igfx_skip_te_disable+0x0/0x80 @ 1
[    2.266673] pci 0000:00:00.0: quirk_igfx_skip_te_disable+0x0/0x80 took 976 usecs
[    2.270144] pci 0000:00:01.0: [1234:1111] type 00 class 0x030000
[    2.276305] pci 0000:00:01.0: reg 0x10: [mem 0xfd000000-0xfdffffff pref]
[    2.283372] pci 0000:00:01.0: reg 0x18: [mem 0xfebf0000-0xfebf0fff]
[    2.300361] pci 0000:00:01.0: reg 0x30: [mem 0xfebe0000-0xfebeffff pref]
[    2.302532] pci 0000:00:01.0: calling  efifb_fixup_resources+0x0/0xf0 @ 1
[    2.302700] pci 0000:00:01.0: efifb_fixup_resources+0x0/0xf0 took 0 usecs
[    2.310860] pci 0000:00:1f.0: [8086:2918] type 00 class 0x060100
[    2.317441] pci 0000:00:1f.0: calling  quirk_ich7_lpc+0x0/0x60 @ 1
[    2.318831] pci 0000:00:1f.0: quirk: [io  0x0600-0x067f] claimed by ICH6 ACPI/GPIO/TCO
[    2.320233] pci 0000:00:1f.0: quirk_ich7_lpc+0x0/0x60 took 1953 usecs
[    2.320786] pci 0000:00:1f.0: calling  quirk_igfx_skip_te_disable+0x0/0x80 @ 1
[    2.321714] pci 0000:00:1f.0: quirk_igfx_skip_te_disable+0x0/0x80 took 0 usecs
[    2.324846] pci 0000:00:1f.2: [8086:2922] type 00 class 0x010601
[    2.334360] pci 0000:00:1f.2: reg 0x20: [io  0xc040-0xc05f]
[    2.336670] pci 0000:00:1f.2: reg 0x24: [mem 0xfebf1000-0xfebf1fff]
[    2.339687] pci 0000:00:1f.2: calling  quirk_igfx_skip_te_disable+0x0/0x80 @ 1
[    2.340673] pci 0000:00:1f.2: quirk_igfx_skip_te_disable+0x0/0x80 took 0 usecs
[    2.345636] pci 0000:00:1f.3: [8086:2930] type 00 class 0x0c0500
[    2.352261] pci 0000:00:1f.3: reg 0x20: [io  0x0700-0x073f]
[    2.354575] pci 0000:00:1f.3: calling  quirk_igfx_skip_te_disable+0x0/0x80 @ 1
[    2.354672] pci 0000:00:1f.3: quirk_igfx_skip_te_disable+0x0/0x80 took 0 usecs
[    2.357281] pci_bus 0000:00: on NUMA node 0
[    2.360018] ACPI: PCI Interrupt Link [LNKA] (IRQs 5 *10 11)
[    2.361098] ACPI: PCI Interrupt Link [LNKB] (IRQs 5 *10 11)
[    2.362683] ACPI: PCI Interrupt Link [LNKC] (IRQs 5 10 *11)
[    2.364089] ACPI: PCI Interrupt Link [LNKD] (IRQs 5 10 *11)
[    2.365677] ACPI: PCI Interrupt Link [LNKE] (IRQs 5 *10 11)
[    2.368009] ACPI: PCI Interrupt Link [LNKF] (IRQs 5 *10 11)
[    2.369101] ACPI: PCI Interrupt Link [LNKG] (IRQs 5 10 *11)
[    2.370683] ACPI: PCI Interrupt Link [LNKH] (IRQs 5 10 *11)
[    2.371915] ACPI: PCI Interrupt Link [GSIA] (IRQs *16)
[    2.373697] ACPI: PCI Interrupt Link [GSIB] (IRQs *17)
[    2.374679] ACPI: PCI Interrupt Link [GSIC] (IRQs *18)
[    2.375723] ACPI: PCI Interrupt Link [GSID] (IRQs *19)
[    2.376686] ACPI: PCI Interrupt Link [GSIE] (IRQs *20)
[    2.377699] ACPI: PCI Interrupt Link [GSIF] (IRQs *21)
[    2.378681] ACPI: PCI Interrupt Link [GSIG] (IRQs *22)
[    2.379679] ACPI: PCI Interrupt Link [GSIH] (IRQs *23)
[    2.383093] initcall acpi_init+0x0/0x316 returned 0 after 163085 usecs
[    2.384026] calling  pnp_init+0x0/0xc @ 1
[    2.384704] initcall pnp_init+0x0/0xc returned 0 after 0 usecs
[    2.385673] calling  misc_init+0x0/0xbf @ 1
[    2.386981] initcall misc_init+0x0/0xbf returned 0 after 0 usecs
[    2.387689] calling  iommu_subsys_init+0x0/0x4e @ 1
[    2.388777] iommu: Default domain type: Translated 
[    2.389672] initcall iommu_subsys_init+0x0/0x4e returned 0 after 976 usecs
[    2.390682] calling  vga_arb_device_init+0x0/0x26c @ 1
[    2.396378] pci 0000:00:01.0: vgaarb: setting as boot VGA device
[    2.396664] pci 0000:00:01.0: vgaarb: VGA device added: decodes=io+mem,owns=io+mem,locks=none
[    2.396675] pci 0000:00:01.0: vgaarb: bridge control possible
[    2.397672] vgaarb: loaded
[    2.398676] initcall vga_arb_device_init+0x0/0x26c returned 0 after 6835 usecs
[    2.399822] calling  cn_init+0x0/0xf0 @ 1
[    2.401850] initcall cn_init+0x0/0xf0 returned 0 after 976 usecs
[    2.402673] calling  dma_buf_init+0x0/0xad @ 1
[    2.405335] initcall dma_buf_init+0x0/0xad returned 0 after 976 usecs
[    2.405671] calling  init_scsi+0x0/0x79 @ 1
[    2.408371] SCSI subsystem initialized
[    2.408691] initcall init_scsi+0x0/0x79 returned 0 after 1953 usecs
[    2.409688] calling  ata_init+0x0/0x332 @ 1
[    2.413110] libata version 3.00 loaded.
[    2.413671] initcall ata_init+0x0/0x332 returned 0 after 2929 usecs
[    2.415669] calling  phy_init+0x0/0x250 @ 1
[    2.417287] initcall phy_init+0x0/0x250 returned 0 after 0 usecs
[    2.417671] calling  init_pcmcia_cs+0x0/0x35 @ 1
[    2.418727] initcall init_pcmcia_cs+0x0/0x35 returned 0 after 0 usecs
[    2.419671] calling  usb_common_init+0x0/0x1c @ 1
[    2.420719] initcall usb_common_init+0x0/0x1c returned 0 after 0 usecs
[    2.421670] calling  usb_init+0x0/0x12e @ 1
[    2.422771] ACPI: bus type USB registered
[    2.424098] usbcore: registered new interface driver usbfs
[    2.424726] usbcore: registered new interface driver hub
[    2.425713] usbcore: registered new device driver usb
[    2.426672] initcall usb_init+0x0/0x12e returned 0 after 3906 usecs
[    2.427671] calling  serio_init+0x0/0x29 @ 1
[    2.428729] initcall serio_init+0x0/0x29 returned 0 after 0 usecs
[    2.429670] calling  input_init+0x0/0xf6 @ 1
[    2.431686] initcall input_init+0x0/0xf6 returned 0 after 976 usecs
[    2.432673] calling  rtc_init+0x0/0x4d @ 1
[    2.433716] initcall rtc_init+0x0/0x4d returned 0 after 0 usecs
[    2.434670] calling  pps_init+0x0/0xa9 @ 1
[    2.436773] pps_core: LinuxPPS API ver. 1 registered
[    2.437668] pps_core: Software ver. 5.3.6 - Copyright 2005-2007 Rodolfo Giometti <giometti@linux.it>
[    2.438674] initcall pps_init+0x0/0xa9 returned 0 after 2929 usecs
[    2.439675] calling  ptp_init+0x0/0x98 @ 1
[    2.440682] PTP clock support registered
[    2.441672] initcall ptp_init+0x0/0x98 returned 0 after 976 usecs
[    2.442672] calling  power_supply_class_init+0x0/0x3f @ 1
[    2.443923] initcall power_supply_class_init+0x0/0x3f returned 0 after 0 usecs
[    2.444670] calling  hwmon_init+0x0/0x104 @ 1
[    2.445716] initcall hwmon_init+0x0/0x104 returned 0 after 0 usecs
[    2.446670] calling  md_init+0x0/0x16b @ 1
[    2.448055] initcall md_init+0x0/0x16b returned 0 after 0 usecs
[    2.448670] calling  leds_init+0x0/0x3b @ 1
[    2.449703] initcall leds_init+0x0/0x3b returned 0 after 0 usecs
[    2.450670] calling  dmi_init+0x0/0x113 @ 1
[    2.451943] initcall dmi_init+0x0/0x113 returned 0 after 0 usecs
[    2.452671] calling  efisubsys_init+0x0/0x4e6 @ 1
[    2.453690] initcall efisubsys_init+0x0/0x4e6 returned 0 after 0 usecs
[    2.454669] calling  nvmem_init+0x0/0xc @ 1
[    2.455753] initcall nvmem_init+0x0/0xc returned 0 after 0 usecs
[    2.456669] calling  init_soundcore+0x0/0x33 @ 1
[    2.457679] initcall init_soundcore+0x0/0x33 returned 0 after 0 usecs
[    2.458669] calling  alsa_sound_init+0x0/0x8f @ 1
[    2.459781] Advanced Linux Sound Architecture Driver Initialized.
[    2.460672] initcall alsa_sound_init+0x0/0x8f returned 0 after 976 usecs
[    2.461692] calling  alsa_seq_device_init+0x0/0x71 @ 1
[    2.462787] initcall alsa_seq_device_init+0x0/0x71 returned 0 after 0 usecs
[    2.463673] calling  hda_bus_init+0x0/0xc @ 1
[    2.464729] initcall hda_bus_init+0x0/0xc returned 0 after 0 usecs
[    2.465672] calling  proto_init+0x0/0xc @ 1
[    2.466776] initcall proto_init+0x0/0xc returned 0 after 0 usecs
[    2.467670] calling  net_dev_init+0x0/0x1cc @ 1
[    2.470728] initcall net_dev_init+0x0/0x1cc returned 0 after 1953 usecs
[    2.471671] calling  neigh_init+0x0/0x84 @ 1
[    2.472675] initcall neigh_init+0x0/0x84 returned 0 after 0 usecs
[    2.473671] calling  fib_notifier_init+0x0/0xc @ 1
[    2.474700] initcall fib_notifier_init+0x0/0xc returned 0 after 0 usecs
[    2.475671] calling  fib_rules_init+0x0/0xab @ 1
[    2.476720] initcall fib_rules_init+0x0/0xab returned 0 after 0 usecs
[    2.477743] calling  pktsched_init+0x0/0x10e @ 1
[    2.478701] initcall pktsched_init+0x0/0x10e returned 0 after 0 usecs
[    2.479670] calling  tc_filter_init+0x0/0xfa @ 1
[    2.480709] initcall tc_filter_init+0x0/0xfa returned 0 after 0 usecs
[    2.481671] calling  tc_action_init+0x0/0x54 @ 1
[    2.482674] initcall tc_action_init+0x0/0x54 returned 0 after 0 usecs
[    2.483672] calling  ethnl_init+0x0/0x52 @ 1
[    2.485737] initcall ethnl_init+0x0/0x52 returned 0 after 976 usecs
[    2.486691] calling  nexthop_init+0x0/0xd8 @ 1
[    2.487789] initcall nexthop_init+0x0/0xd8 returned 0 after 0 usecs
[    2.488672] calling  cipso_v4_init+0x0/0x5a @ 1
[    2.489847] initcall cipso_v4_init+0x0/0x5a returned 0 after 0 usecs
[    2.490671] calling  ieee80211_init+0x0/0x24 @ 1
[    2.491832] initcall ieee80211_init+0x0/0x24 returned 0 after 0 usecs
[    2.492671] calling  netlbl_init+0x0/0x78 @ 1
[    2.493762] NetLabel: Initializing
[    2.494668] NetLabel:  domain hash size = 128
[    2.495667] NetLabel:  protocols = UNLABELED CIPSOv4 CALIPSO
[    2.498065] NetLabel:  unlabeled traffic allowed by default
[    2.498673] initcall netlbl_init+0x0/0x78 returned 0 after 4882 usecs
[    2.499673] calling  rfkill_init+0x0/0x111 @ 1
[    2.502863] initcall rfkill_init+0x0/0x111 returned 0 after 1953 usecs
[    2.503673] calling  pci_subsys_init+0x0/0x66 @ 1
[    2.506143] PCI: Using ACPI for IRQ routing
[    3.266668] PCI: pci_cache_line_size set to 64 bytes
[    3.269091] e820: reserve RAM buffer [mem 0x0009fc00-0x0009ffff]
[    3.269688] e820: reserve RAM buffer [mem 0x1ffdf000-0x1fffffff]
[    3.270872] initcall pci_subsys_init+0x0/0x66 returned 0 after 748046 usecs
[    3.282062] calling  nmi_warning_debugfs+0x0/0x26 @ 1
[    3.283676] initcall nmi_warning_debugfs+0x0/0x26 returned 0 after 976 usecs
[    3.284673] calling  save_microcode_in_initrd+0x0/0x51 @ 1
[    3.287442] initcall save_microcode_in_initrd+0x0/0x51 returned 0 after 976 usecs
[    3.287736] calling  hpet_late_init+0x0/0x1f6 @ 1
[    3.288819] hpet: 3 channels of 0 reserved for per-cpu timers
[    3.289939] hpet0: at MMIO 0xfed00000, IRQs 2, 8, 0
[    3.290668] hpet0: 3 comparators, 64-bit 100.000000 MHz counter
[    3.295674] initcall hpet_late_init+0x0/0x1f6 returned 0 after 6835 usecs
[    3.296676] calling  init_amd_nbs+0x0/0x11c @ 1
[    3.297943] initcall init_amd_nbs+0x0/0x11c returned 0 after 0 usecs
[    3.298885] calling  clocksource_done_booting+0x0/0x41 @ 1
[    3.301081] clocksource: Switched to clocksource kvm-clock
[    3.310750] initcall clocksource_done_booting+0x0/0x41 returned 0 after 10818 usecs
[    3.322019] calling  tracer_init_tracefs+0x0/0x1fb @ 1
[    3.606527] initcall tracer_init_tracefs+0x0/0x1fb returned 0 after 271583 usecs
[    3.616294] calling  init_trace_printk_function_export+0x0/0x2c @ 1
[    3.624015] initcall init_trace_printk_function_export+0x0/0x2c returned 0 after 8 usecs
[    3.633870] calling  init_kprobe_trace+0x0/0x1a9 @ 1
[    3.641557] initcall init_kprobe_trace+0x0/0x1a9 returned 0 after 247 usecs
[    3.652676] calling  init_dynamic_event+0x0/0x3d @ 1
[    3.661077] initcall init_dynamic_event+0x0/0x3d returned 0 after 330 usecs
[    3.674398] calling  init_uprobe_trace+0x0/0x5c @ 1
[    3.682364] initcall init_uprobe_trace+0x0/0x5c returned 0 after 595 usecs
[    3.692320] calling  init_pipe_fs+0x0/0x44 @ 1
[    3.700577] initcall init_pipe_fs+0x0/0x44 returned 0 after 1625 usecs
[    3.709094] calling  inotify_user_setup+0x0/0x47 @ 1
[    3.716779] initcall inotify_user_setup+0x0/0x47 returned 0 after 401 usecs
[    3.727708] calling  eventpoll_init+0x0/0xcc @ 1
[    3.735497] initcall eventpoll_init+0x0/0xcc returned 0 after 796 usecs
[    3.745441] calling  anon_inode_init+0x0/0x58 @ 1
[    3.754421] initcall anon_inode_init+0x0/0x58 returned 0 after 830 usecs
[    3.764538] calling  proc_locks_init+0x0/0x27 @ 1
[    3.771483] initcall proc_locks_init+0x0/0x27 returned 0 after 5 usecs
[    3.781192] calling  iomap_init+0x0/0x1b @ 1
[    3.804612] initcall iomap_init+0x0/0x1b returned 0 after 15559 usecs
[    3.814376] calling  dquot_init+0x0/0xd7 @ 1
[    3.819964] VFS: Disk quotas dquot_6.6.0
[    3.825686] VFS: Dquot-cache hash table entries: 512 (order 0, 4096 bytes)
[    3.834441] initcall dquot_init+0x0/0xd7 returned 0 after 14134 usecs
[    3.842958] calling  quota_init+0x0/0x23 @ 1
[    3.848478] initcall quota_init+0x0/0x23 returned 0 after 11 usecs
[    3.856824] calling  proc_cmdline_init+0x0/0x21 @ 1
[    3.863289] initcall proc_cmdline_init+0x0/0x21 returned 0 after 165 usecs
[    3.871683] calling  proc_consoles_init+0x0/0x24 @ 1
[    3.878111] initcall proc_consoles_init+0x0/0x24 returned 0 after 114 usecs
[    3.887044] calling  proc_cpuinfo_init+0x0/0x1e @ 1
[    3.893849] initcall proc_cpuinfo_init+0x0/0x1e returned 0 after 4 usecs
[    3.902872] calling  proc_devices_init+0x0/0x24 @ 1
[    3.909637] initcall proc_devices_init+0x0/0x24 returned 0 after 4 usecs
[    3.918542] calling  proc_interrupts_init+0x0/0x24 @ 1
[    3.925457] initcall proc_interrupts_init+0x0/0x24 returned 0 after 4 usecs
[    3.934591] calling  proc_loadavg_init+0x0/0x21 @ 1
[    3.940441] initcall proc_loadavg_init+0x0/0x21 returned 0 after 3 usecs
[    3.948478] calling  proc_meminfo_init+0x0/0x21 @ 1
[    3.954478] initcall proc_meminfo_init+0x0/0x21 returned 0 after 2 usecs
[    3.962559] calling  proc_stat_init+0x0/0x1e @ 1
[    3.968853] initcall proc_stat_init+0x0/0x1e returned 0 after 3 usecs
[    3.978187] calling  proc_uptime_init+0x0/0x21 @ 1
[    3.985498] initcall proc_uptime_init+0x0/0x21 returned 0 after 4 usecs
[    3.995313] calling  proc_version_init+0x0/0x21 @ 1
[    4.002336] initcall proc_version_init+0x0/0x21 returned 0 after 4 usecs
[    4.010412] calling  proc_softirqs_init+0x0/0x21 @ 1
[    4.016359] initcall proc_softirqs_init+0x0/0x21 returned 0 after 3 usecs
[    4.025345] calling  proc_kcore_init+0x0/0xea @ 1
[    4.031806] initcall proc_kcore_init+0x0/0xea returned 0 after 387 usecs
[    4.040556] calling  vmcore_init+0x0/0x578 @ 1
[    4.046448] initcall vmcore_init+0x0/0x578 returned 0 after 1 usecs
[    4.055286] calling  proc_kmsg_init+0x0/0x21 @ 1
[    4.061015] initcall proc_kmsg_init+0x0/0x21 returned 0 after 5 usecs
[    4.068821] calling  proc_page_init+0x0/0x3b @ 1
[    4.075470] initcall proc_page_init+0x0/0x3b returned 0 after 5 usecs
[    4.083693] calling  init_ramfs_fs+0x0/0xc @ 1
[    4.090093] initcall init_ramfs_fs+0x0/0xc returned 0 after 634 usecs
[    4.098192] calling  init_hugetlbfs_fs+0x0/0xf6 @ 1
[    4.132841] initcall init_hugetlbfs_fs+0x0/0xf6 returned 0 after 9461 usecs
[    4.145690] calling  blk_scsi_ioctl_init+0x0/0x2a5 @ 1
[    4.153866] initcall blk_scsi_ioctl_init+0x0/0x2a5 returned 0 after 518 usecs
[    4.164559] calling  acpi_event_init+0x0/0x2c @ 1
[    4.182833] initcall acpi_event_init+0x0/0x2c returned 0 after 10572 usecs
[    4.193168] calling  pnp_system_init+0x0/0xc @ 1
[    4.210016] initcall pnp_system_init+0x0/0xc returned 0 after 8576 usecs
[    4.219442] calling  pnpacpi_init+0x0/0x69 @ 1
[    4.226689] pnp: PnP ACPI init
[    4.244616] pnp 00:00: Plug and Play ACPI device, IDs PNP0303 (active)
[    4.254313] pnp 00:01: Plug and Play ACPI device, IDs PNP0f13 (active)
[    4.263030] pnp 00:02: Plug and Play ACPI device, IDs PNP0400 (active)
[    4.271158] pnp 00:03: Plug and Play ACPI device, IDs PNP0501 (active)
[    4.279675] pnp 00:04: Plug and Play ACPI device, IDs PNP0b00 (active)
[    4.288322] system 00:05: [mem 0xb0000000-0xbfffffff window] has been reserved
[    4.297089] system 00:05: Plug and Play ACPI device, IDs PNP0c01 (active)
[    4.307268] pnp: PnP ACPI: found 6 devices
[    4.312252] initcall pnpacpi_init+0x0/0x69 returned 0 after 84128 usecs
[    4.320257] calling  chr_dev_init+0x0/0x14d @ 1
[    4.335951] initcall chr_dev_init+0x0/0x14d returned 0 after 9984 usecs
[    4.343900] calling  firmware_class_init+0x0/0xde @ 1
[    4.351464] initcall firmware_class_init+0x0/0xde returned 0 after 186 usecs
[    4.361972] calling  init_pcmcia_bus+0x0/0x5b @ 1
[    4.369149] initcall init_pcmcia_bus+0x0/0x5b returned 0 after 159 usecs
[    4.378055] calling  init_acpi_pm_clocksource+0x0/0xda @ 1
[    4.390195] clocksource: acpi_pm: mask: 0xffffff max_cycles: 0xffffff, max_idle_ns: 2085701024 ns
[    4.400624] initcall init_acpi_pm_clocksource+0x0/0xda returned 0 after 15687 usecs
[    4.409728] calling  sysctl_core_init+0x0/0x26 @ 1
[    4.415928] initcall sysctl_core_init+0x0/0x26 returned 0 after 352 usecs
[    4.424119] calling  eth_offload_init+0x0/0x13 @ 1
[    4.429941] initcall eth_offload_init+0x0/0x13 returned 0 after 26 usecs
[    4.438041] calling  ipv4_offload_init+0x0/0x73 @ 1
[    4.444130] initcall ipv4_offload_init+0x0/0x73 returned 0 after 83 usecs
[    4.452419] calling  inet_init+0x0/0x276 @ 1
[    4.458172] NET: Registered protocol family 2
[    4.464917] IP idents hash table entries: 8192 (order: 4, 65536 bytes, linear)
[    4.476127] tcp_listen_portaddr_hash hash table entries: 256 (order: 0, 4096 bytes, linear)
[    4.486469] TCP established hash table entries: 4096 (order: 3, 32768 bytes, linear)
[    4.496005] TCP bind hash table entries: 4096 (order: 3, 32768 bytes, linear)
[    4.505337] TCP: Hash tables configured (established 4096 bind 4096)
[    4.514377] UDP hash table entries: 256 (order: 1, 8192 bytes, linear)
[    4.523070] UDP-Lite hash table entries: 256 (order: 1, 8192 bytes, linear)
[    4.532350] initcall inet_init+0x0/0x276 returned 0 after 72713 usecs
[    4.540252] calling  af_unix_init+0x0/0x4d @ 1
[    4.545885] NET: Registered protocol family 1
[    4.551496] initcall af_unix_init+0x0/0x4d returned 0 after 5521 usecs
[    4.559592] calling  ipv6_offload_init+0x0/0x7e @ 1
[    4.565946] initcall ipv6_offload_init+0x0/0x7e returned 0 after 147 usecs
[    4.574506] calling  init_sunrpc+0x0/0x65 @ 1
[    4.581064] RPC: Registered named UNIX socket transport module.
[    4.588406] RPC: Registered udp transport module.
[    4.594307] RPC: Registered tcp transport module.
[    4.600304] RPC: Registered tcp NFSv4.1 backchannel transport module.
[    4.608365] initcall init_sunrpc+0x0/0x65 returned 0 after 27723 usecs
[    4.616374] calling  cfg80211_init+0x0/0xc5 @ 1
[    4.622939] initcall cfg80211_init+0x0/0xc5 returned 0 after 909 usecs
[    4.631107] calling  pcibios_assign_resources+0x0/0xb4 @ 1
[    4.638277] pci_bus 0000:00: resource 4 [io  0x0000-0x0cf7 window]
[    4.646006] pci_bus 0000:00: resource 5 [io  0x0d00-0xffff window]
[    4.653806] pci_bus 0000:00: resource 6 [mem 0x000a0000-0x000bffff window]
[    4.662415] pci_bus 0000:00: resource 7 [mem 0x20000000-0xafffffff window]
[    4.671054] pci_bus 0000:00: resource 8 [mem 0xc0000000-0xfebfffff window]
[    4.679785] pci_bus 0000:00: resource 9 [mem 0x100000000-0x8ffffffff window]
[    4.688613] initcall pcibios_assign_resources+0x0/0xb4 returned 0 after 49457 usecs
[    4.698100] calling  pci_apply_final_quirks+0x0/0x124 @ 1
[    4.705229] pci 0000:00:01.0: calling  pci_fixup_video+0x0/0xe0 @ 1
[    4.713552] pci 0000:00:01.0: Video device with shadowed ROM at [mem 0x000c0000-0x000dffff]
[    4.724010] pci 0000:00:01.0: pci_fixup_video+0x0/0xe0 took 10535 usecs
[    4.732661] PCI: CLS 0 bytes, default 64
[    4.738593] initcall pci_apply_final_quirks+0x0/0x124 returned 0 after 32864 usecs
[    4.748408] calling  acpi_reserve_resources+0x0/0xea @ 1
[    4.755117] initcall acpi_reserve_resources+0x0/0xea returned 0 after 29 usecs
[    4.764173] calling  populate_rootfs+0x0/0x102 @ 1
[    4.773387] initcall populate_rootfs+0x0/0x102 returned 0 after 3083 usecs
[    4.781937] calling  pci_iommu_init+0x0/0x3e @ 1
[    4.789248] initcall pci_iommu_init+0x0/0x3e returned 0 after 185 usecs
[    4.798317] calling  ia32_binfmt_init+0x0/0x13 @ 1
[    4.804000] initcall ia32_binfmt_init+0x0/0x13 returned 0 after 61 usecs
[    4.811752] calling  rapl_pmu_init+0x0/0x25f @ 1
[    4.817091] initcall rapl_pmu_init+0x0/0x25f returned -19 after 36 usecs
[    4.824715] calling  amd_uncore_init+0x0/0x310 @ 1
[    4.830186] initcall amd_uncore_init+0x0/0x310 returned -19 after 0 usecs
[    4.837882] calling  amd_ibs_init+0x0/0x24b @ 1
[    4.843103] initcall amd_ibs_init+0x0/0x24b returned -19 after 0 usecs
[    4.850616] calling  amd_iommu_pc_init+0x0/0x20c @ 1
[    4.856423] initcall amd_iommu_pc_init+0x0/0x20c returned -19 after 101 usecs
[    4.864503] calling  msr_init+0x0/0x55 @ 1
[    4.869316] initcall msr_init+0x0/0x55 returned 0 after 112 usecs
[    4.876294] calling  intel_uncore_init+0x0/0x31e @ 1
[    4.882050] initcall intel_uncore_init+0x0/0x31e returned -19 after 79 usecs
[    4.890026] calling  cstate_pmu_init+0x0/0x181 @ 1
[    4.895527] initcall cstate_pmu_init+0x0/0x181 returned -19 after 0 usecs
[    4.903245] calling  register_kernel_offset_dumper+0x0/0x1a @ 1
[    4.910007] initcall register_kernel_offset_dumper+0x0/0x1a returned 0 after 22 usecs
[    4.918872] calling  i8259A_init_ops+0x0/0x20 @ 1
[    4.924292] initcall i8259A_init_ops+0x0/0x20 returned 0 after 1 usecs
[    4.931871] calling  init_tsc_clocksource+0x0/0xa4 @ 1
[    4.937852] clocksource: tsc: mask: 0xffffffffffffffff max_cycles: 0x39a85afc727, max_idle_ns: 881590685098 ns
[    4.949310] initcall init_tsc_clocksource+0x0/0xa4 returned 0 after 11200 usecs
[    4.957775] calling  add_rtc_cmos+0x0/0xb0 @ 1
[    4.963035] initcall add_rtc_cmos+0x0/0xb0 returned 0 after 2 usecs
[    4.970463] calling  i8237A_init_ops+0x0/0x3a @ 1
[    4.976308] initcall i8237A_init_ops+0x0/0x3a returned 0 after 164 usecs
[    4.984196] calling  umwait_init+0x0/0x94 @ 1
[    4.989448] initcall umwait_init+0x0/0x94 returned -19 after 22 usecs
[    4.997048] calling  thermal_throttle_init_device+0x0/0x3d @ 1
[    5.004246] initcall thermal_throttle_init_device+0x0/0x3d returned 0 after 52 usecs
[    5.013233] calling  msr_init+0x0/0xd7 @ 1
[    5.018289] initcall msr_init+0x0/0xd7 returned 0 after 207 usecs
[    5.025340] calling  cpuid_init+0x0/0xd7 @ 1
[    5.030482] initcall cpuid_init+0x0/0xd7 returned 0 after 122 usecs
[    5.037674] calling  ioapic_init_ops+0x0/0x13 @ 1
[    5.043207] initcall ioapic_init_ops+0x0/0x13 returned 0 after 38 usecs
[    5.050901] calling  add_pcspkr+0x0/0x6c @ 1
[    5.056082] initcall add_pcspkr+0x0/0x6c returned 0 after 61 usecs
[    5.063826] calling  start_periodic_check_for_corruption+0x0/0x30 @ 1
[    5.071330] check: Scanning for low memory corruption every 60 seconds
[    5.082953] initcall start_periodic_check_for_corruption+0x0/0x30 returned 0 after 11372 usecs
[    5.092915] calling  sysfb_init+0x0/0x9c @ 1
[    5.098024] initcall sysfb_init+0x0/0x9c returned 0 after 145 usecs
[    5.105293] calling  audit_classes_init+0x0/0xae @ 1
[    5.111097] initcall audit_classes_init+0x0/0xae returned 0 after 48 usecs
[    5.119127] calling  iosf_mbi_init+0x0/0x24 @ 1
[    5.124899] initcall iosf_mbi_init+0x0/0x24 returned 0 after 360 usecs
[    5.132585] calling  proc_execdomains_init+0x0/0x21 @ 1
[    5.138815] initcall proc_execdomains_init+0x0/0x21 returned 0 after 26 usecs
[    5.147104] calling  register_warn_debugfs+0x0/0x23 @ 1
[    5.153286] initcall register_warn_debugfs+0x0/0x23 returned 0 after 54 usecs
[    5.161437] calling  ioresources_init+0x0/0x49 @ 1
[    5.167099] initcall ioresources_init+0x0/0x49 returned 0 after 5 usecs
[    5.174748] calling  snapshot_device_init+0x0/0xc @ 1
[    5.181551] initcall snapshot_device_init+0x0/0xc returned 0 after 746 usecs
[    5.189980] calling  irq_pm_init_ops+0x0/0x13 @ 1
[    5.195450] initcall irq_pm_init_ops+0x0/0x13 returned 0 after 26 usecs
[    5.203061] calling  rcu_torture_init+0x0/0x89f @ 1
[    5.208889] srcu-torture:--- Start of test: nreaders=1 nfakewriters=4 stat_interval=15 verbose=1 test_no_idle_hz=1 shuffle_interval=3 stutter=5 irqreader=1 fqs_duration=0 fqs_holdoff=0 fqs_stutter=3 test_boost=1/0 test_boost_interval=7 test_boost_duration=4 shutdown_secs=1800 stall_cpu=0 stall_cpu_holdoff=10 stall_cpu_irqsoff=0 stall_cpu_block=0 n_barrier_cbs=4 onoff_interval=0 onoff_holdoff=0 read_exit_delay=13 read_exit_burst=16
[    5.257887] srcu:  Start-test grace-period state: g0 f0x0
[    5.265072] srcu-torture: Creating rcu_torture_writer task
[    5.271532] srcu-torture: Creating rcu_torture_fakewriter task
[    5.278395] srcu-torture: rcu_torture_writer task started
[    5.284713] srcu-torture: GP expediting controlled from boot/sysfs for srcu.
[    5.292792] rcu_torture_writer: Testing expedited GPs.
[    5.298773] rcu_torture_writer: Testing asynchronous GPs.
[    5.305053] rcu_torture_writer: Testing normal GPs.
[    5.311434] srcu-torture: Creating rcu_torture_fakewriter task
[    5.318682] srcu-torture: rcu_torture_fakewriter task started
[    5.325409] srcu-torture: Creating rcu_torture_fakewriter task
[    5.332218] srcu-torture: rcu_torture_fakewriter task started
[    5.339798] srcu-torture: Creating rcu_torture_fakewriter task
[    5.346636] srcu-torture: rcu_torture_fakewriter task started
[    5.354662] srcu-torture: Creating rcu_torture_reader task
[    5.361228] srcu-torture: rcu_torture_fakewriter task started
[    5.368416] srcu-torture: Creating rcu_torture_stats task
[    5.376035] srcu-torture: rcu_torture_reader task started
[    5.383787] srcu-torture: Creating torture_shuffle task
[    5.389787] srcu-torture: rcu_torture_stats task started
[    5.396094] srcu-torture: Creating torture_stutter task
[    5.401940] srcu-torture: torture_shuffle task started
[    5.408089] srcu-torture: Creating torture_shutdown task
[    5.413988] srcu-torture: torture_stutter task started
[    5.420219] srcu-torture: rcu_torture_fwd_prog_init: Disabled, unsupported by RCU flavor under test
[    5.430083] srcu-torture: Creating rcu_torture_barrier_cbs task
[    5.436671] srcu-torture: torture_shutdown task started
[    5.442394] srcu-torture:torture_shutdown task: 1799965 ms remaining
[    5.449374] srcu-torture: Creating rcu_torture_barrier_cbs task
[    5.455814] srcu-torture: rcu_torture_barrier_cbs task started
[    5.462232] srcu-torture: Creating rcu_torture_barrier_cbs task
[    5.468669] srcu-torture: rcu_torture_barrier_cbs task started
[    5.475031] srcu-torture: Creating rcu_torture_barrier_cbs task
[    5.481443] srcu-torture: rcu_torture_barrier_cbs task started
[    5.488127] srcu-torture: Creating rcu_torture_barrier task
[    5.494449] srcu-torture: rcu_torture_barrier_cbs task started
[    5.501025] srcu-torture: Creating rcu_torture_read_exit task
[    5.507338] srcu-torture: rcu_torture_barrier task starting
[    5.514317] initcall rcu_torture_init+0x0/0x89f returned 0 after 298313 usecs
[    5.522127] calling  timekeeping_init_ops+0x0/0x13 @ 1
[    5.527819] initcall timekeeping_init_ops+0x0/0x13 returned 0 after 14 usecs
[    5.536525] calling  init_clocksource_sysfs+0x0/0x23 @ 1
[    5.543308] initcall init_clocksource_sysfs+0x0/0x23 returned 0 after 124 usecs
[    5.551137] calling  init_timer_list_procfs+0x0/0x31 @ 1
[    5.556987] initcall init_timer_list_procfs+0x0/0x31 returned 0 after 3 usecs
[    5.564778] calling  alarmtimer_init+0x0/0xb5 @ 1
[    5.569976] initcall alarmtimer_init+0x0/0xb5 returned 0 after 80 usecs
[    5.577193] calling  init_posix_timers+0x0/0x29 @ 1
[    5.582596] initcall init_posix_timers+0x0/0x29 returned 0 after 9 usecs
[    5.590124] calling  clockevents_init_sysfs+0x0/0x8b @ 1
[    5.596121] initcall clockevents_init_sysfs+0x0/0x8b returned 0 after 98 usecs
[    5.604136] calling  proc_dma_init+0x0/0x21 @ 1
[    5.609191] initcall proc_dma_init+0x0/0x21 returned 0 after 18 usecs
[    5.616314] calling  proc_modules_init+0x0/0x1e @ 1
[    5.621749] initcall proc_modules_init+0x0/0x1e returned 0 after 3 usecs
[    5.629164] calling  kallsyms_init+0x0/0x21 @ 1
[    5.634689] initcall kallsyms_init+0x0/0x21 returned 0 after 3 usecs
[    5.642938] calling  pid_namespaces_init+0x0/0x2c @ 1
[    5.648683] initcall pid_namespaces_init+0x0/0x2c returned 0 after 34 usecs
[    5.656388] calling  audit_watch_init+0x0/0x37 @ 1
[    5.661792] initcall audit_watch_init+0x0/0x37 returned 0 after 29 usecs
[    5.669320] calling  audit_fsnotify_init+0x0/0x37 @ 1
[    5.675092] initcall audit_fsnotify_init+0x0/0x37 returned 0 after 1 usecs
[    5.684752] calling  audit_tree_init+0x0/0x6d @ 1
[    5.691437] initcall audit_tree_init+0x0/0x6d returned 0 after 6 usecs
[    5.700473] calling  seccomp_sysctl_init+0x0/0x2b @ 1
[    5.707439] initcall seccomp_sysctl_init+0x0/0x2b returned 0 after 44 usecs
[    5.715103] calling  utsname_sysctl_init+0x0/0x13 @ 1
[    5.720779] initcall utsname_sysctl_init+0x0/0x13 returned 0 after 8 usecs
[    5.728446] calling  init_tracepoints+0x0/0x27 @ 1
[    5.733843] initcall init_tracepoints+0x0/0x27 returned 0 after 23 usecs
[    5.741399] calling  init_blk_tracer+0x0/0x50 @ 1
[    5.747020] initcall init_blk_tracer+0x0/0x50 returned 0 after 237 usecs
[    5.756565] calling  perf_event_sysfs_init+0x0/0x81 @ 1
[    5.765228] initcall perf_event_sysfs_init+0x0/0x81 returned 0 after 992 usecs
[    5.775365] calling  system_trusted_keyring_init+0x0/0x5f @ 1
[    5.782686] Initialise system trusted keyrings
[    5.787881] initcall system_trusted_keyring_init+0x0/0x5f returned 0 after 5070 usecs
[    5.796538] calling  kswapd_init+0x0/0x13 @ 1
[    5.801450] srcu-torture: rcu_torture_read_exit: Start of test
[    5.808243] initcall kswapd_init+0x0/0x13 returned 0 after 6648 usecs
[    5.815518] calling  extfrag_debug_init+0x0/0x54 @ 1
[    5.821201] initcall extfrag_debug_init+0x0/0x54 returned 0 after 100 usecs
[    5.828970] calling  slab_proc_init+0x0/0x21 @ 1
[    5.834179] initcall slab_proc_init+0x0/0x21 returned 0 after 39 usecs
[    5.841439] calling  workingset_init+0x0/0x8c @ 1
[    5.846777] workingset: timestamp_bits=62 max_order=17 bucket_order=0
[    5.854002] initcall workingset_init+0x0/0x8c returned 0 after 7065 usecs
[    5.861629] calling  proc_vmalloc_init+0x0/0x27 @ 1
[    5.867118] initcall proc_vmalloc_init+0x0/0x27 returned 0 after 3 usecs
[    5.874525] calling  procswaps_init+0x0/0x1e @ 1
[    5.879913] initcall procswaps_init+0x0/0x1e returned 0 after 73 usecs
[    5.887326] calling  slab_sysfs_init+0x0/0xea @ 1
[    5.895517] initcall slab_sysfs_init+0x0/0xea returned 0 after 2708 usecs
[    5.903304] calling  fcntl_init+0x0/0x29 @ 1
[    5.909113] initcall fcntl_init+0x0/0x29 returned 0 after 6 usecs
[    5.916378] calling  proc_filesystems_init+0x0/0x21 @ 1
[    5.922178] initcall proc_filesystems_init+0x0/0x21 returned 0 after 3 usecs
[    5.930148] calling  start_dirtytime_writeback+0x0/0x29 @ 1
[    5.936484] initcall start_dirtytime_writeback+0x0/0x29 returned 0 after 1 usecs
[    5.944902] calling  blkdev_init+0x0/0x1b @ 1
[    5.950025] initcall blkdev_init+0x0/0x1b returned 0 after 132 usecs
[    5.957126] calling  dio_init+0x0/0x2c @ 1
[    5.961800] initcall dio_init+0x0/0x2c returned 0 after 40 usecs
[    5.968552] calling  dnotify_init+0x0/0x78 @ 1
[    5.973576] initcall dnotify_init+0x0/0x78 returned 0 after 8 usecs
[    5.980724] calling  aio_setup+0x0/0x78 @ 1
[    5.985577] initcall aio_setup+0x0/0x78 returned 0 after 79 usecs
[    5.992384] calling  io_uring_init+0x0/0x2c @ 1
[    5.997422] initcall io_uring_init+0x0/0x2c returned 0 after 3 usecs
[    6.004482] calling  mbcache_init+0x0/0x30 @ 1
[    6.009469] initcall mbcache_init+0x0/0x30 returned 0 after 53 usecs
[    6.016415] calling  init_grace+0x0/0xc @ 1
[    6.021071] initcall init_grace+0x0/0xc returned 0 after 2 usecs
[    6.027739] calling  init_v2_quota_format+0x0/0x21 @ 1
[    6.033466] initcall init_v2_quota_format+0x0/0x21 returned 0 after 48 usecs
[    6.041254] calling  init_devpts_fs+0x0/0x27 @ 1
[    6.046427] initcall init_devpts_fs+0x0/0x27 returned 0 after 43 usecs
[    6.053508] calling  ext4_init_fs+0x0/0x1cb @ 1
[    6.058855] initcall ext4_init_fs+0x0/0x1cb returned 0 after 344 usecs
[    6.065986] calling  journal_init+0x0/0x11c @ 1
[    6.071312] initcall journal_init+0x0/0x11c returned 0 after 173 usecs
[    6.078801] calling  init_fat_fs+0x0/0x49 @ 1
[    6.084248] initcall init_fat_fs+0x0/0x49 returned 0 after 398 usecs
[    6.092964] calling  init_vfat_fs+0x0/0xc @ 1
[    6.099110] initcall init_vfat_fs+0x0/0xc returned 0 after 4 usecs
[    6.113488] calling  init_msdos_fs+0x0/0xc @ 1
[    6.120259] initcall init_msdos_fs+0x0/0xc returned 0 after 1100 usecs
[    6.127492] calling  init_iso9660_fs+0x0/0x6c @ 1
[    6.139668] initcall init_iso9660_fs+0x0/0x6c returned 0 after 6736 usecs
[    6.147308] calling  init_nfs_fs+0x0/0x13a @ 1
[    6.154634] initcall init_nfs_fs+0x0/0x13a returned 0 after 2179 usecs
[    6.162092] calling  init_nfs_v2+0x0/0x13 @ 1
[    6.167038] initcall init_nfs_v2+0x0/0x13 returned 0 after 49 usecs
[    6.174150] calling  init_nfs_v3+0x0/0x13 @ 1
[    6.179257] initcall init_nfs_v3+0x0/0x13 returned 0 after 13 usecs
[    6.186384] calling  init_nfs_v4+0x0/0x32 @ 1
[    6.191443] NFS: Registering the id_resolver key type
[    6.197340] Key type id_resolver registered
[    6.202168] Key type id_legacy registered
[    6.206838] initcall init_nfs_v4+0x0/0x32 returned 0 after 15080 usecs
[    6.214234] calling  init_nlm+0x0/0x5b @ 1
[    6.219045] initcall init_nlm+0x0/0x5b returned 0 after 115 usecs
[    6.226823] calling  init_nls_cp437+0x0/0xe @ 1
[    6.232414] initcall init_nls_cp437+0x0/0xe returned 0 after 23 usecs
[    6.239485] calling  init_nls_ascii+0x0/0xe @ 1
[    6.244567] initcall init_nls_ascii+0x0/0xe returned 0 after 0 usecs
[    6.251618] calling  init_nls_iso8859_1+0x0/0xe @ 1
[    6.257054] initcall init_nls_iso8859_1+0x0/0xe returned 0 after 0 usecs
[    6.264422] calling  init_nls_utf8+0x0/0x21 @ 1
[    6.269485] initcall init_nls_utf8+0x0/0x21 returned 0 after 0 usecs
[    6.276721] calling  init_autofs_fs+0x0/0x25 @ 1
[    6.283871] initcall init_autofs_fs+0x0/0x25 returned 0 after 1720 usecs
[    6.291578] calling  ipc_init+0x0/0x24 @ 1
[    6.296448] initcall ipc_init+0x0/0x24 returned 0 after 119 usecs
[    6.303421] calling  ipc_sysctl_init+0x0/0x13 @ 1
[    6.308895] initcall ipc_sysctl_init+0x0/0x13 returned 0 after 102 usecs
[    6.316575] calling  init_mqueue_fs+0x0/0x92 @ 1
[    6.322326] initcall init_mqueue_fs+0x0/0x92 returned 0 after 335 usecs
[    6.329824] calling  key_proc_init+0x0/0x63 @ 1
[    6.335057] initcall key_proc_init+0x0/0x63 returned 0 after 4 usecs
[    6.342362] calling  selinux_nf_ip_init+0x0/0x2e @ 1
[    6.348143] initcall selinux_nf_ip_init+0x0/0x2e returned 0 after 67 usecs
[    6.355910] calling  init_sel_fs+0x0/0x116 @ 1
[    6.361074] initcall init_sel_fs+0x0/0x116 returned 0 after 0 usecs
[    6.368388] calling  selnl_init+0x0/0x7c @ 1
[    6.373731] initcall selnl_init+0x0/0x7c returned 0 after 295 usecs
[    6.380868] calling  sel_netif_init+0x0/0x36 @ 1
[    6.386164] initcall sel_netif_init+0x0/0x36 returned 0 after 0 usecs
[    6.393523] calling  sel_netnode_init+0x0/0x33 @ 1
[    6.399028] initcall sel_netnode_init+0x0/0x33 returned 0 after 0 usecs
[    6.406482] calling  sel_netport_init+0x0/0x33 @ 1
[    6.411998] initcall sel_netport_init+0x0/0x33 returned 0 after 0 usecs
[    6.419462] calling  aurule_init+0x0/0x2a @ 1
[    6.424487] initcall aurule_init+0x0/0x2a returned 0 after 1 usecs
[    6.431511] calling  crypto_algapi_init+0x0/0xc @ 1
[    6.437075] initcall crypto_algapi_init+0x0/0xc returned 0 after 3 usecs
[    6.444791] calling  jent_mod_init+0x0/0x2d @ 1
[    6.459125] initcall jent_mod_init+0x0/0x2d returned 0 after 8815 usecs
[    6.466666] calling  asymmetric_key_init+0x0/0xc @ 1
[    6.473771] Key type asymmetric registered
[    6.479815] initcall asymmetric_key_init+0x0/0xc returned 0 after 5913 usecs
[    6.489822] calling  x509_key_init+0x0/0xc @ 1
[    6.496463] Asymmetric key parser 'x509' registered
[    6.503533] initcall x509_key_init+0x0/0xc returned 0 after 6951 usecs
[    6.512473] calling  proc_genhd_init+0x0/0x41 @ 1
[    6.517869] initcall proc_genhd_init+0x0/0x41 returned 0 after 22 usecs
[    6.525371] calling  bsg_init+0x0/0x113 @ 1
[    6.530351] Block layer SCSI generic (bsg) driver version 0.4 loaded (major 251)
[    6.538772] initcall bsg_init+0x0/0x113 returned 0 after 8372 usecs
[    6.546019] calling  deadline_init+0x0/0xc @ 1
[    6.551266] io scheduler mq-deadline registered
[    6.556453] initcall deadline_init+0x0/0xc returned 0 after 5120 usecs
[    6.563945] calling  kyber_init+0x0/0xc @ 1
[    6.568825] io scheduler kyber registered
[    6.573467] initcall kyber_init+0x0/0xc returned 0 after 4588 usecs
[    6.580787] calling  mod_init+0x0/0x7 @ 1
[    6.585462] initcall mod_init+0x0/0x7 returned 0 after 0 usecs
[    6.592188] calling  sg_pool_init+0x0/0xb4 @ 1
[    6.597656] initcall sg_pool_init+0x0/0xb4 returned 0 after 332 usecs
[    6.605145] calling  pcie_portdrv_init+0x0/0x39 @ 1
[    6.613891] initcall pcie_portdrv_init+0x0/0x39 returned 0 after 2628 usecs
[    6.624053] calling  pci_proc_init+0x0/0x68 @ 1
[    6.630674] initcall pci_proc_init+0x0/0x68 returned 0 after 41 usecs
[    6.639780] calling  pci_hotplug_init+0x0/0x7 @ 1
[    6.645304] initcall pci_hotplug_init+0x0/0x7 returned 0 after 0 usecs
[    6.652744] calling  efifb_driver_init+0x0/0xe @ 1
[    6.658621] initcall efifb_driver_init+0x0/0xe returned 0 after 274 usecs
[    6.666471] calling  ged_driver_init+0x0/0xe @ 1
[    6.672118] initcall ged_driver_init+0x0/0xe returned 0 after 157 usecs
[    6.679741] calling  acpi_ac_init+0x0/0x92 @ 1
[    6.685436] initcall acpi_ac_init+0x0/0x92 returned 0 after 507 usecs
[    6.692808] calling  acpi_button_driver_init+0x0/0x52 @ 1
[    6.699664] input: Power Button as /devices/LNXSYSTM:00/LNXPWRBN:00/input/input0
[    6.708834] ACPI: Power Button [PWRF]
[    6.713548] initcall acpi_button_driver_init+0x0/0x52 returned 0 after 14121 usecs
[    6.722306] calling  acpi_fan_driver_init+0x0/0xe @ 1
[    6.728222] initcall acpi_fan_driver_init+0x0/0xe returned 0 after 12 usecs
[    6.736232] calling  acpi_video_init+0x0/0xcb @ 1
[    6.741810] initcall acpi_video_init+0x0/0xcb returned 0 after 80 usecs
[    6.749425] calling  acpi_processor_driver_init+0x0/0xad @ 1
[    6.757895] initcall acpi_processor_driver_init+0x0/0xad returned 0 after 1742 usecs
[    6.766790] calling  acpi_thermal_init+0x0/0x71 @ 1
[    6.772539] initcall acpi_thermal_init+0x0/0x71 returned 0 after 89 usecs
[    6.780366] calling  acpi_battery_init+0x0/0x32 @ 1
[    6.786060] initcall acpi_battery_init+0x0/0x32 returned 0 after 26 usecs
[    6.793805] calling  bgrt_init+0x0/0xb6 @ 1
[    6.798677] initcall bgrt_init+0x0/0xb6 returned -19 after 0 usecs
[    6.805831] calling  gpio_clk_driver_init+0x0/0xe @ 1
[    6.811758] initcall gpio_clk_driver_init+0x0/0xe returned 0 after 48 usecs
[    6.819782] calling  plt_clk_driver_init+0x0/0xe @ 1
[    6.825508] initcall plt_clk_driver_init+0x0/0xe returned 0 after 12 usecs
[    6.833407] calling  virtio_pci_driver_init+0x0/0x15 @ 1
[    6.839572] initcall virtio_pci_driver_init+0x0/0x15 returned 0 after 53 usecs
[    6.847840] calling  n_null_init+0x0/0x1e @ 1
[    6.852931] initcall n_null_init+0x0/0x1e returned 0 after 14 usecs
[    6.860136] calling  pty_init+0x0/0x1e8 @ 1
[    6.865520] initcall pty_init+0x0/0x1e8 returned 0 after 539 usecs
[    6.873507] calling  sysrq_init+0x0/0x62 @ 1
[    6.878772] initcall sysrq_init+0x0/0x62 returned 0 after 4 usecs
[    6.885801] calling  serial8250_init+0x0/0x17e @ 1
[    6.891478] Serial: 8250/16550 driver, 4 ports, IRQ sharing enabled
[    6.900399] 00:03: ttyS0 at I/O 0x3f8 (irq = 4, base_baud = 115200) is a 16550A
[    6.910852] initcall serial8250_init+0x0/0x17e returned 0 after 18973 usecs
[    6.918813] calling  serial_pci_driver_init+0x0/0x15 @ 1
[    6.924988] initcall serial_pci_driver_init+0x0/0x15 returned 0 after 74 usecs
[    6.933291] calling  exar_pci_driver_init+0x0/0x15 @ 1
[    6.939271] initcall exar_pci_driver_init+0x0/0x15 returned 0 after 28 usecs
[    6.948368] calling  lpss8250_pci_driver_init+0x0/0x15 @ 1
[    6.956284] initcall lpss8250_pci_driver_init+0x0/0x15 returned 0 after 25 usecs
[    6.964833] calling  mid8250_pci_driver_init+0x0/0x15 @ 1
[    6.971179] initcall mid8250_pci_driver_init+0x0/0x15 returned 0 after 46 usecs
[    6.979685] calling  virtio_console_init+0x0/0xff @ 1
[    6.985985] initcall virtio_console_init+0x0/0xff returned 0 after 376 usecs
[    6.994113] calling  hpet_init+0x0/0x64 @ 1
[    6.999518] initcall hpet_init+0x0/0x64 returned 0 after 587 usecs
[    7.006714] calling  nvram_module_init+0x0/0x83 @ 1
[    7.012579] Non-volatile memory driver v1.3
[    7.017484] initcall nvram_module_init+0x0/0x83 returned 0 after 4865 usecs
[    7.025588] calling  hwrng_modinit+0x0/0x8a @ 1
[    7.031005] initcall hwrng_modinit+0x0/0x8a returned 0 after 102 usecs
[    7.038621] calling  mod_init+0x0/0x48 @ 1
[    7.043578] initcall mod_init+0x0/0x48 returned -19 after 0 usecs
[    7.050747] calling  agp_init+0x0/0x23 @ 1
[    7.055656] Linux agpgart interface v0.103
[    7.060570] initcall agp_init+0x0/0x23 returned 0 after 4796 usecs
[    7.067764] calling  agp_amd64_mod_init+0x0/0x5 @ 1
[    7.073603] initcall agp_amd64_mod_init+0x0/0x5 returned -19 after 109 usecs
[    7.081853] calling  agp_intel_init+0x0/0x28 @ 1
[    7.088091] initcall agp_intel_init+0x0/0x28 returned 0 after 569 usecs
[    7.095867] calling  drm_kms_helper_init+0x0/0x7 @ 1
[    7.101950] initcall drm_kms_helper_init+0x0/0x7 returned 0 after 59 usecs
[    7.109867] calling  drm_core_init+0x0/0x9e @ 1
[    7.115442] initcall drm_core_init+0x0/0x9e returned 0 after 177 usecs
[    7.123056] calling  i915_init+0x0/0x6b @ 1
[    7.128528] initcall i915_init+0x0/0x6b returned 0 after 513 usecs
[    7.135878] calling  cn_proc_init+0x0/0x35 @ 1
[    7.141169] initcall cn_proc_init+0x0/0x35 returned 0 after 13 usecs
[    7.148423] calling  topology_sysfs_init+0x0/0x27 @ 1
[    7.154402] initcall topology_sysfs_init+0x0/0x27 returned 0 after 72 usecs
[    7.162609] calling  cacheinfo_sysfs_init+0x0/0x27 @ 1
[    7.168950] initcall cacheinfo_sysfs_init+0x0/0x27 returned 0 after 263 usecs
[    7.177207] calling  loop_init+0x0/0x168 @ 1
[    7.193618] loop: module loaded
[    7.197439] initcall loop_init+0x0/0x168 returned 0 after 14754 usecs
[    7.204821] calling  mac_hid_init+0x0/0x21 @ 1
[    7.210999] initcall mac_hid_init+0x0/0x21 returned 0 after 9 usecs
[    7.220074] calling  spi_transport_init+0x0/0x74 @ 1
[    7.227518] initcall spi_transport_init+0x0/0x74 returned 0 after 142 usecs
[    7.237787] calling  init_sd+0x0/0x18c @ 1
[    7.243239] initcall init_sd+0x0/0x18c returned 0 after 336 usecs
[    7.250734] calling  init_sr+0x0/0x43 @ 1
[    7.255642] initcall init_sr+0x0/0x43 returned 0 after 29 usecs
[    7.262739] calling  init_sg+0x0/0x1c0 @ 1
[    7.267870] initcall init_sg+0x0/0x1c0 returned 0 after 161 usecs
[    7.275244] calling  ahci_pci_driver_init+0x0/0x15 @ 1
[    7.281508] ahci 0000:00:1f.2: version 3.0
[    7.287599] PCI Interrupt Link [GSIA] enabled at IRQ 16
[    7.300883] ahci 0000:00:1f.2: AHCI 0001.0000 32 slots 6 ports 1.5 Gbps 0x3f impl SATA mode
[    7.310598] ahci 0000:00:1f.2: flags: 64bit ncq only 
[    7.324562] scsi host0: ahci
[    7.328557] scsi host1: ahci
[    7.332416] scsi host2: ahci
[    7.337191] scsi host3: ahci
[    7.341099] scsi host4: ahci
[    7.344918] scsi host5: ahci
[    7.348680] ata1: SATA max UDMA/133 abar m4096@0xfebf1000 port 0xfebf1100 irq 24
[    7.358164] ata2: SATA max UDMA/133 abar m4096@0xfebf1000 port 0xfebf1180 irq 24
[    7.367635] ata3: SATA max UDMA/133 abar m4096@0xfebf1000 port 0xfebf1200 irq 24
[    7.376521] ata4: SATA max UDMA/133 abar m4096@0xfebf1000 port 0xfebf1280 irq 24
[    7.385565] ata5: SATA max UDMA/133 abar m4096@0xfebf1000 port 0xfebf1300 irq 24
[    7.394440] ata6: SATA max UDMA/133 abar m4096@0xfebf1000 port 0xfebf1380 irq 24
[    7.403504] initcall ahci_pci_driver_init+0x0/0x15 returned 0 after 119276 usecs
[    7.412283] calling  piix_init+0x0/0x26 @ 1
[    7.417440] initcall piix_init+0x0/0x26 returned 0 after 74 usecs
[    7.424752] calling  amd_pci_driver_init+0x0/0x15 @ 1
[    7.430871] initcall amd_pci_driver_init+0x0/0x15 returned 0 after 18 usecs
[    7.439222] calling  oldpiix_pci_driver_init+0x0/0x15 @ 1
[    7.445794] initcall oldpiix_pci_driver_init+0x0/0x15 returned 0 after 108 usecs
[    7.456301] calling  sch_pci_driver_init+0x0/0x15 @ 1
[    7.464035] initcall sch_pci_driver_init+0x0/0x15 returned 0 after 51 usecs
[    7.474451] calling  net_olddevs_init+0x0/0x55 @ 1
[    7.481908] initcall net_olddevs_init+0x0/0x55 returned 0 after 143 usecs
[    7.490826] calling  blackhole_netdev_init+0x0/0x78 @ 1
[    7.499193] initcall blackhole_netdev_init+0x0/0x78 returned 0 after 508 usecs
[    7.510005] calling  phy_module_init+0x0/0x13 @ 1
[    7.517072] initcall phy_module_init+0x0/0x13 returned 0 after 177 usecs
[    7.525442] calling  tg3_driver_init+0x0/0x15 @ 1
[    7.531554] initcall tg3_driver_init+0x0/0x15 returned 0 after 58 usecs
[    7.541542] calling  e100_init_module+0x0/0x4c @ 1
[    7.548911] e100: Intel(R) PRO/100 Network Driver
[    7.555376] e100: Copyright(c) 1999-2006 Intel Corporation
[    7.563368] initcall e100_init_module+0x0/0x4c returned 0 after 14160 usecs
[    7.573252] calling  e1000_init_module+0x0/0x72 @ 1
[    7.579998] e1000: Intel(R) PRO/1000 Network Driver
[    7.586453] e1000: Copyright (c) 1999-2006 Intel Corporation.
[    7.593752] initcall e1000_init_module+0x0/0x72 returned 0 after 13451 usecs
[    7.602798] calling  e1000_init_module+0x0/0x2d @ 1
[    7.609147] e1000e: Intel(R) PRO/1000 Network Driver
[    7.615608] e1000e: Copyright(c) 1999 - 2015 Intel Corporation.
[    7.623407] initcall e1000_init_module+0x0/0x2d returned 0 after 13955 usecs
[    7.632434] calling  sky2_init_module+0x0/0x21 @ 1
[    7.638600] sky2: driver version 1.30
[    7.643423] initcall sky2_init_module+0x0/0x21 returned 0 after 4707 usecs
[    7.652296] calling  forcedeth_pci_driver_init+0x0/0x15 @ 1
[    7.659430] initcall forcedeth_pci_driver_init+0x0/0x15 returned 0 after 76 usecs
[    7.668968] calling  rtl8139_init_module+0x0/0x15 @ 1
[    7.675643] initcall rtl8139_init_module+0x0/0x15 returned 0 after 39 usecs
[    7.684399] calling  rtl8169_pci_driver_init+0x0/0x15 @ 1
[    7.691372] initcall rtl8169_pci_driver_init+0x0/0x15 returned 0 after 34 usecs
[    7.700735] calling  cdrom_init+0x0/0xc @ 1
[    7.706310] initcall cdrom_init+0x0/0xc returned 0 after 72 usecs
[    7.714123] calling  nonstatic_sysfs_init+0x0/0xc @ 1
[    7.720587] initcall nonstatic_sysfs_init+0x0/0xc returned 0 after 14 usecs
[    7.729438] calling  yenta_cardbus_driver_init+0x0/0x15 @ 1
[    7.736635] initcall yenta_cardbus_driver_init+0x0/0x15 returned 0 after 58 usecs
[    7.746173] calling  mon_init+0x0/0x123 @ 1
[    7.756502] initcall mon_init+0x0/0x123 returned 0 after 4869 usecs
[    7.764394] calling  ehci_hcd_init+0x0/0x55 @ 1
[    7.770254] ehci_hcd: USB 2.0 'Enhanced' Host Controller (EHCI) Driver
[    7.778410] initcall ehci_hcd_init+0x0/0x55 returned 0 after 8009 usecs
[    7.786746] calling  ehci_pci_init+0x0/0x64 @ 1
[    7.792579] ehci-pci: EHCI PCI platform driver
[    7.798502] initcall ehci_pci_init+0x0/0x64 returned 0 after 5782 usecs
[    7.807111] calling  ohci_hcd_mod_init+0x0/0x4d @ 1
[    7.813743] ohci_hcd: USB 1.1 'Open' Host Controller (OHCI) Driver
[    7.821675] initcall ohci_hcd_mod_init+0x0/0x4d returned 0 after 7755 usecs
[    7.830869] calling  ohci_pci_init+0x0/0x64 @ 1
[    7.837006] ohci-pci: OHCI PCI platform driver
[    7.843156] initcall ohci_pci_init+0x0/0x64 returned 0 after 6017 usecs
[    7.852205] calling  uhci_hcd_init+0x0/0xa6 @ 1
[    7.858257] uhci_hcd: USB Universal Host Controller Interface driver
[    7.866809] initcall uhci_hcd_init+0x0/0xa6 returned 0 after 8349 usecs
[    7.878982] calling  xhci_hcd_init+0x0/0x1e @ 1
[    7.885198] initcall xhci_hcd_init+0x0/0x1e returned 0 after 24 usecs
[    7.893999] calling  xhci_pci_init+0x0/0x49 @ 1
[    7.900254] initcall xhci_pci_init+0x0/0x49 returned 0 after 88 usecs
[    7.908774] calling  usblp_driver_init+0x0/0x15 @ 1
[    7.915332] usbcore: registered new interface driver usblp
[    7.922669] initcall usblp_driver_init+0x0/0x15 returned 0 after 7259 usecs
[    7.931627] calling  usb_storage_driver_init+0x0/0x2a @ 1
[    7.938840] usbcore: registered new interface driver usb-storage
[    7.946546] initcall usb_storage_driver_init+0x0/0x2a returned 0 after 7659 usecs
[    7.956196] calling  i8042_init+0x0/0x4c2 @ 1
[    7.962082] i8042: PNP: PS/2 Controller [PNP0303:KBD,PNP0f13:MOU] at 0x60,0x64 irq 1,12
[    7.978812] serio: i8042 KBD port at 0x60,0x64 irq 1
[    7.985419] serio: i8042 AUX port at 0x60,0x64 irq 12
[    7.991960] initcall i8042_init+0x0/0x4c2 returned 0 after 29330 usecs
[    8.000407] calling  serport_init+0x0/0x2c @ 1
[    8.006172] initcall serport_init+0x0/0x2c returned 0 after 0 usecs
[    8.014190] calling  input_leds_init+0x0/0xc @ 1
[    8.020290] initcall input_leds_init+0x0/0xc returned 0 after 1 usecs
[    8.028606] calling  evdev_init+0x0/0xc @ 1
[    8.035284] initcall evdev_init+0x0/0xc returned 0 after 1085 usecs
[    8.044859] calling  atkbd_init+0x0/0x21 @ 1
[    8.050626] initcall atkbd_init+0x0/0x21 returned 0 after 77 usecs
[    8.058757] calling  psmouse_init+0x0/0x7f @ 1
[    8.064847] initcall psmouse_init+0x0/0x7f returned 0 after 167 usecs
[    8.073266] calling  cmos_init+0x0/0x73 @ 1
[    8.079701] rtc_cmos 00:04: RTC can wake from S4
[    8.095173] input: AT Translated Set 2 keyboard as /devices/platform/i8042/serio0/input/input1
[    8.130043] rtc_cmos 00:04: registered as rtc0
[    8.136385] rtc_cmos 00:04: alarms up to one day, y3k, 242 bytes nvram, hpet irqs
[    8.147041] initcall cmos_init+0x0/0x73 returned 0 after 66284 usecs
[    8.156386] calling  smbalert_driver_init+0x0/0xe @ 1
[    8.164457] initcall smbalert_driver_init+0x0/0xe returned 0 after 74 usecs
[    8.174593] calling  i2c_i801_init+0x0/0xc5 @ 1
[    8.183924] i801_smbus 0000:00:1f.3: SMBus using PCI interrupt
[    8.193653] i2c i2c-0: 1/1 memory slots populated (from DMI)
[    8.202590] i2c i2c-0: Memory type 0x07 not supported yet, not instantiating SPD
[    8.213190] initcall i2c_i801_init+0x0/0xc5 returned 0 after 30634 usecs
[    8.221738] calling  ptp_kvm_init+0x0/0xf0 @ 1
[    8.229550] ata1: SATA link down (SStatus 0 SControl 300)
[    8.238777] ata3: SATA link up 1.5 Gbps (SStatus 113 SControl 300)
[    8.248629] ata3.00: ATAPI: QEMU DVD-ROM, 2.5+, max UDMA/100
[    8.256581] ata3.00: applying bridge limits
[    8.263876] ata3.00: configured for UDMA/100
[    8.273547] ata2: SATA link down (SStatus 0 SControl 300)
[    8.283014] ata4: SATA link down (SStatus 0 SControl 300)
[    8.293522] scsi 2:0:0:0: CD-ROM            QEMU     QEMU DVD-ROM     2.5+ PQ: 0 ANSI: 5
[    8.310498] initcall ptp_kvm_init+0x0/0xf0 returned 0 after 80362 usecs
[    8.320548] calling  dm_init+0x0/0x3c @ 1
[    8.329683] sr 2:0:0:0: [sr0] scsi3-mmc drive: 4x/4x cd/rw xa/form2 tray
[    8.339633] cdrom: Uniform CD-ROM driver Revision: 3.20
[    8.357590] device-mapper: ioctl: 4.43.0-ioctl (2020-10-01) initialised: dm-devel@redhat.com
[    8.369848] initcall dm_init+0x0/0x3c returned 0 after 41660 usecs
[    8.378869] calling  dm_mirror_init+0x0/0x29 @ 1
[    8.385643] initcall dm_mirror_init+0x0/0x29 returned 0 after 33 usecs
[    8.395569] calling  dm_dirty_log_init+0x0/0x4f @ 1
[    8.403517] initcall dm_dirty_log_init+0x0/0x4f returned 0 after 45 usecs
[    8.413437] calling  dm_zero_init+0x0/0x29 @ 1
[    8.421039] initcall dm_zero_init+0x0/0x29 returned 0 after 27 usecs
[    8.429794] calling  intel_pstate_init+0x0/0x4a2 @ 1
[    8.436732] intel_pstate: CPU model not supported
[    8.443316] initcall intel_pstate_init+0x0/0x4a2 returned -19 after 6426 usecs
[    8.453418] calling  haltpoll_init+0x0/0xc0 @ 1
[    8.459838] initcall haltpoll_init+0x0/0xc0 returned -19 after 43 usecs
[    8.469469] calling  efivars_sysfs_init+0x0/0x30 @ 1
[    8.476758] initcall efivars_sysfs_init+0x0/0x30 returned 0 after 20 usecs
[    8.486867] calling  esrt_sysfs_init+0x0/0x2a2 @ 1
[    8.494170] initcall esrt_sysfs_init+0x0/0x2a2 returned -38 after 40 usecs
[    8.504479] calling  hid_init+0x0/0x5c @ 1
[    8.510495] hid: raw HID events driver (C) Jiri Kosina
[    8.518941] initcall hid_init+0x0/0x5c returned 0 after 8340 usecs
[    8.528452] calling  hid_generic_init+0x0/0x15 @ 1
[    8.535453] initcall hid_generic_init+0x0/0x15 returned 0 after 112 usecs
[    8.545319] calling  a4_driver_init+0x0/0x15 @ 1
[    8.552171] initcall a4_driver_init+0x0/0x15 returned 0 after 23 usecs
[    8.562312] calling  apple_driver_init+0x0/0x15 @ 1
[    8.570174] initcall apple_driver_init+0x0/0x15 returned 0 after 83 usecs
[    8.580784] calling  belkin_driver_init+0x0/0x15 @ 1
[    8.588868] initcall belkin_driver_init+0x0/0x15 returned 0 after 37 usecs
[    8.600561] calling  ch_driver_init+0x0/0x15 @ 1
[    8.607562] initcall ch_driver_init+0x0/0x15 returned 0 after 20 usecs
[    8.616780] calling  ch_driver_init+0x0/0x15 @ 1
[    8.623761] initcall ch_driver_init+0x0/0x15 returned 0 after 21 usecs
[    8.633389] calling  cp_driver_init+0x0/0x15 @ 1
[    8.640282] initcall cp_driver_init+0x0/0x15 returned 0 after 19 usecs
[    8.649249] calling  ez_driver_init+0x0/0x15 @ 1
[    8.655430] initcall ez_driver_init+0x0/0x15 returned 0 after 16 usecs
[    8.664811] calling  gyration_driver_init+0x0/0x15 @ 1
[    8.673265] initcall gyration_driver_init+0x0/0x15 returned 0 after 72 usecs
[    8.684362] calling  ite_driver_init+0x0/0x15 @ 1
[    8.691848] initcall ite_driver_init+0x0/0x15 returned 0 after 138 usecs
[    8.702413] calling  ks_driver_init+0x0/0x15 @ 1
[    8.709914] initcall ks_driver_init+0x0/0x15 returned 0 after 20 usecs
[    8.719807] calling  lg_driver_init+0x0/0x15 @ 1
[    8.727082] initcall lg_driver_init+0x0/0x15 returned 0 after 159 usecs
[    8.737607] calling  lg_g15_driver_init+0x0/0x15 @ 1
[    8.745580] initcall lg_g15_driver_init+0x0/0x15 returned 0 after 22 usecs
[    8.756312] calling  ms_driver_init+0x0/0x15 @ 1
[    8.763304] initcall ms_driver_init+0x0/0x15 returned 0 after 25 usecs
[    8.773028] calling  mr_driver_init+0x0/0x15 @ 1
[    8.780172] initcall mr_driver_init+0x0/0x15 returned 0 after 52 usecs
[    8.790174] calling  ntrig_driver_init+0x0/0x15 @ 1
[    8.797623] initcall ntrig_driver_init+0x0/0x15 returned 0 after 29 usecs
[    8.809502] calling  pl_driver_init+0x0/0x15 @ 1
[    8.817810] initcall pl_driver_init+0x0/0x15 returned 0 after 51 usecs
[    8.828844] calling  pl_driver_init+0x0/0x15 @ 1
[    8.835673] initcall pl_driver_init+0x0/0x15 returned 0 after 21 usecs
[    8.845453] calling  redragon_driver_init+0x0/0x15 @ 1
[    8.854162] initcall redragon_driver_init+0x0/0x15 returned 0 after 20 usecs
[    8.864848] calling  samsung_driver_init+0x0/0x15 @ 1
[    8.872121] initcall samsung_driver_init+0x0/0x15 returned 0 after 19 usecs
[    8.881939] calling  sony_init+0x0/0x38 @ 1
[    8.888333] initcall sony_init+0x0/0x38 returned 0 after 94 usecs
[    8.897151] calling  sp_driver_init+0x0/0x15 @ 1
[    8.904518] initcall sp_driver_init+0x0/0x15 returned 0 after 19 usecs
[    8.914422] calling  ts_driver_init+0x0/0x15 @ 1
[    8.921554] initcall ts_driver_init+0x0/0x15 returned 0 after 20 usecs
[    8.931338] calling  hid_init+0x0/0x58 @ 1
[    8.937680] usbcore: registered new interface driver usbhid
[    8.946075] usbhid: USB HID core driver
[    8.952063] initcall hid_init+0x0/0x58 returned 0 after 14532 usecs
[    8.962297] calling  eeepc_laptop_init+0x0/0x57 @ 1
[    8.970160] initcall eeepc_laptop_init+0x0/0x57 returned -19 after 81 usecs
[    8.982246] calling  pmc_atom_init+0x0/0x27a @ 1
[    8.990647] initcall pmc_atom_init+0x0/0x27a returned -19 after 34 usecs
[    9.002155] calling  alsa_hwdep_init+0x0/0x5e @ 1
[    9.010934] initcall alsa_hwdep_init+0x0/0x5e returned 0 after 364 usecs
[    9.022811] calling  alsa_timer_init+0x0/0x1f0 @ 1
[    9.032763] ata5: SATA link down (SStatus 0 SControl 300)
[    9.044447] ata6: SATA link down (SStatus 0 SControl 300)
[    9.072496] sr 2:0:0:0: Attached scsi CD-ROM sr0
[    9.081239] sr 2:0:0:0: Attached scsi generic sg0 type 5
[    9.090072] initcall alsa_timer_init+0x0/0x1f0 returned 0 after 57569 usecs
[    9.101865] calling  snd_hrtimer_init+0x0/0x117 @ 1
[    9.110359] initcall snd_hrtimer_init+0x0/0x117 returned 0 after 4 usecs
[    9.121710] calling  alsa_pcm_init+0x0/0x64 @ 1
[    9.128280] initcall alsa_pcm_init+0x0/0x64 returned 0 after 8 usecs
[    9.137444] calling  alsa_seq_init+0x0/0x4a @ 1
[    9.144361] initcall alsa_seq_init+0x0/0x4a returned 0 after 451 usecs
[    9.153461] calling  alsa_seq_dummy_init+0x0/0x9c @ 1
[    9.161313] initcall alsa_seq_dummy_init+0x0/0x9c returned 0 after 61 usecs
[    9.171903] calling  azx_driver_init+0x0/0x15 @ 1
[    9.179543] initcall azx_driver_init+0x0/0x15 returned 0 after 197 usecs
[    9.190633] calling  sock_diag_init+0x0/0x2a @ 1
[    9.198675] initcall sock_diag_init+0x0/0x2a returned 0 after 204 usecs
[    9.210106] calling  blackhole_init+0x0/0xc @ 1
[    9.217652] initcall blackhole_init+0x0/0xc returned 0 after 79 usecs
[    9.227468] calling  nfnetlink_init+0x0/0x57 @ 1
[    9.234787] initcall nfnetlink_init+0x0/0x57 returned 0 after 179 usecs
[    9.244908] calling  nfnetlink_log_init+0x0/0x99 @ 1
[    9.252446] initcall nfnetlink_log_init+0x0/0x99 returned 0 after 284 usecs
[    9.262484] calling  nf_conntrack_standalone_init+0x0/0x87 @ 1
[    9.273145] initcall nf_conntrack_standalone_init+0x0/0x87 returned 0 after 1798 usecs
[    9.285766] calling  ctnetlink_init+0x0/0x83 @ 1
[    9.293191] initcall ctnetlink_init+0x0/0x83 returned 0 after 2 usecs
[    9.303191] calling  nf_conntrack_ftp_init+0x0/0x12c @ 1
[    9.311499] initcall nf_conntrack_ftp_init+0x0/0x12c returned 0 after 22 usecs
[    9.330427] calling  nf_conntrack_irc_init+0x0/0x129 @ 1
[    9.338937] initcall nf_conntrack_irc_init+0x0/0x129 returned 0 after 69 usecs
[    9.351512] calling  nf_conntrack_sip_init+0x0/0x172 @ 1
[    9.359687] initcall nf_conntrack_sip_init+0x0/0x172 returned 0 after 8 usecs
[    9.369479] calling  nf_nat_init+0x0/0xbb @ 1
[    9.376571] initcall nf_nat_init+0x0/0xbb returned 0 after 602 usecs
[    9.386025] calling  nf_nat_ftp_init+0x0/0x2a @ 1
[    9.393640] initcall nf_nat_ftp_init+0x0/0x2a returned 0 after 1 usecs
[    9.403916] calling  nf_nat_irc_init+0x0/0x2a @ 1
[    9.411314] initcall nf_nat_irc_init+0x0/0x2a returned 0 after 1 usecs
[    9.422367] calling  nf_nat_sip_init+0x0/0x36 @ 1
[    9.430187] initcall nf_nat_sip_init+0x0/0x36 returned 0 after 1 usecs
[    9.441130] calling  xt_init+0x0/0xcf @ 1
[    9.448383] initcall xt_init+0x0/0xcf returned 0 after 67 usecs
[    9.458836] calling  tcpudp_mt_init+0x0/0x11 @ 1
[    9.466891] initcall tcpudp_mt_init+0x0/0x11 returned 0 after 27 usecs
[    9.476721] calling  connsecmark_tg_init+0x0/0xc @ 1
[    9.483824] initcall connsecmark_tg_init+0x0/0xc returned 0 after 1 usecs
[    9.493974] calling  nflog_tg_init+0x0/0xc @ 1
[    9.500800] initcall nflog_tg_init+0x0/0xc returned 0 after 1 usecs
[    9.510339] calling  secmark_tg_init+0x0/0x11 @ 1
[    9.516944] initcall secmark_tg_init+0x0/0x11 returned 0 after 125 usecs
[    9.526331] calling  tcpmss_tg_init+0x0/0x11 @ 1
[    9.533395] initcall tcpmss_tg_init+0x0/0x11 returned 0 after 1 usecs
[    9.543697] calling  conntrack_mt_init+0x0/0x11 @ 1
[    9.551646] initcall conntrack_mt_init+0x0/0x11 returned 0 after 1 usecs
[    9.561275] calling  policy_mt_init+0x0/0x11 @ 1
[    9.568131] initcall policy_mt_init+0x0/0x11 returned 0 after 1 usecs
[    9.578490] calling  state_mt_init+0x0/0xc @ 1
[    9.585490] initcall state_mt_init+0x0/0xc returned 0 after 1 usecs
[    9.596189] calling  gre_offload_init+0x0/0x48 @ 1
[    9.604448] initcall gre_offload_init+0x0/0x48 returned 0 after 374 usecs
[    9.615534] calling  sysctl_ipv4_init+0x0/0x46 @ 1
[    9.624517] initcall sysctl_ipv4_init+0x0/0x46 returned 0 after 911 usecs
[    9.634830] calling  tunnel4_init+0x0/0x58 @ 1
[    9.641888] initcall tunnel4_init+0x0/0x58 returned 0 after 32 usecs
[    9.651891] calling  nf_defrag_init+0x0/0xc @ 1
[    9.659343] initcall nf_defrag_init+0x0/0xc returned 0 after 83 usecs
[    9.669751] calling  ip_tables_init+0x0/0x8d @ 1
[    9.677467] initcall ip_tables_init+0x0/0x8d returned 0 after 138 usecs
[    9.688840] calling  iptable_filter_init+0x0/0x4c @ 1
[    9.699938] initcall iptable_filter_init+0x0/0x4c returned 0 after 2302 usecs
[    9.711527] calling  iptable_mangle_init+0x0/0xb8 @ 1
[    9.719504] initcall iptable_mangle_init+0x0/0xb8 returned 0 after 233 usecs
[    9.731016] calling  reject_tg_init+0x0/0xc @ 1
[    9.738887] initcall reject_tg_init+0x0/0xc returned 0 after 1 usecs
[    9.748498] calling  cubictcp_register+0x0/0x53 @ 1
[    9.755532] initcall cubictcp_register+0x0/0x53 returned 0 after 108 usecs
[    9.766150] calling  xfrm_user_init+0x0/0x45 @ 1
[    9.773165] Initializing XFRM netlink socket
[    9.780190] initcall xfrm_user_init+0x0/0x45 returned 0 after 6857 usecs
[    9.790729] calling  inet6_init+0x0/0x35e @ 1
[    9.799704] NET: Registered protocol family 10
[    9.831569] input: ImExPS/2 Generic Explorer Mouse as /devices/platform/i8042/serio1/input/input3
[   10.609947] Segment Routing with IPv6
[   10.620823] initcall inet6_init+0x0/0x35e returned 0 after 802562 usecs
[   10.633124] calling  ah6_init+0x0/0x71 @ 1
[   10.640196] initcall ah6_init+0x0/0x71 returned 0 after 555 usecs
[   10.649247] calling  esp6_init+0x0/0x71 @ 1
[   10.656259] initcall esp6_init+0x0/0x71 returned 0 after 1 usecs
[   10.665848] calling  ip6_tables_init+0x0/0x8d @ 1
[   10.674136] initcall ip6_tables_init+0x0/0x8d returned 0 after 842 usecs
[   10.685602] calling  ip6table_filter_init+0x0/0x4c @ 1
[   10.697990] initcall ip6table_filter_init+0x0/0x4c returned 0 after 2965 usecs
[   10.711078] calling  ip6table_mangle_init+0x0/0xb8 @ 1
[   10.720991] initcall ip6table_mangle_init+0x0/0xb8 returned 0 after 643 usecs
[   10.734178] calling  nf_defrag_init+0x0/0x45 @ 1
[   10.742446] initcall nf_defrag_init+0x0/0x45 returned 0 after 94 usecs
[   10.754255] calling  ipv6header_mt6_init+0x0/0xc @ 1
[   10.762903] initcall ipv6header_mt6_init+0x0/0xc returned 0 after 1 usecs
[   10.775211] calling  reject_tg6_init+0x0/0xc @ 1
[   10.783456] initcall reject_tg6_init+0x0/0xc returned 0 after 1 usecs
[   10.795077] calling  sit_init+0x0/0xc3 @ 1
[   10.802231] sit: IPv6, IPv4 and MPLS over IPv4 tunneling driver
[   10.823520] initcall sit_init+0x0/0xc3 returned 0 after 20784 usecs
[   10.833387] calling  packet_init+0x0/0x75 @ 1
[   10.840782] NET: Registered protocol family 17
[   10.848036] initcall packet_init+0x0/0x75 returned 0 after 7127 usecs
[   10.858106] calling  init_rpcsec_gss+0x0/0x60 @ 1
[   10.868526] initcall init_rpcsec_gss+0x0/0x60 returned 0 after 2094 usecs
[   10.878654] calling  init_dns_resolver+0x0/0xca @ 1
[   10.888783] Key type dns_resolver registered
[   10.896681] initcall init_dns_resolver+0x0/0xca returned 0 after 9333 usecs
[   10.909406] calling  pm_check_save_msr+0x0/0x70 @ 1
[   10.919402] initcall pm_check_save_msr+0x0/0x70 returned 0 after 1783 usecs
[   10.930352] calling  mcheck_init_device+0x0/0x112 @ 1
[   10.941178] initcall mcheck_init_device+0x0/0x112 returned 0 after 2613 usecs
[   10.959031] calling  mcheck_late_init+0x0/0x58 @ 1
[   10.969371] initcall mcheck_late_init+0x0/0x58 returned 0 after 2556 usecs
[   10.980801] calling  severities_debugfs_init+0x0/0x29 @ 1
[   10.989541] initcall severities_debugfs_init+0x0/0x29 returned 0 after 274 usecs
[   11.002126] calling  microcode_init+0x0/0x1bd @ 1
[   11.010937] initcall microcode_init+0x0/0x1bd returned -22 after 41 usecs
[   11.022402] calling  hpet_insert_resource+0x0/0x22 @ 1
[   11.031708] initcall hpet_insert_resource+0x0/0x22 returned 0 after 117 usecs
[   11.044116] calling  start_sync_check_timer+0x0/0x4f @ 1
[   11.053314] initcall start_sync_check_timer+0x0/0x4f returned 0 after 141 usecs
[   11.065622] calling  update_mp_table+0x0/0x4fc @ 1
