c[?7l[2J[0mSeaBIOS (version 1.16.0-debian-1.16.0-4)
Booting from ROM...
early console in setup code
c[?7l[2J[    0.000000] Linux version 5.10.153+ (root@joelboxx.c.googlers.com) (gcc (Debian 12.2.0-3) 12.2.0, GNU ld (GNU Binutils for Debian) 2.39) #2 SMP Tue Dec 13 07:11:38 UTC 2022
[    0.000000] Command line: selinux=0 initcall_debug debug console=ttyS0 nohz_full=2-9 rcutorture.onoff_interval=1000 rcutorture.onoff_holdoff=30 rcutorture.n_barrier_cbs=4 rcutorture.stat_interval=15 rcutorture.shutdown_secs=1800 rcutorture.test_no_idle_hz=1 rcutorture.verbose=1
[    0.000000] x86/fpu: x87 FPU will use FXSAVE
[    0.000000] BIOS-provided physical RAM map:
[    0.000000] BIOS-e820: [mem 0x0000000000000000-0x000000000009fbff] usable
[    0.000000] BIOS-e820: [mem 0x000000000009fc00-0x000000000009ffff] reserved
[    0.000000] BIOS-e820: [mem 0x00000000000f0000-0x00000000000fffff] reserved
[    0.000000] BIOS-e820: [mem 0x0000000000100000-0x000000001ffdefff] usable
[    0.000000] BIOS-e820: [mem 0x000000001ffdf000-0x000000001fffffff] reserved
[    0.000000] BIOS-e820: [mem 0x00000000b0000000-0x00000000bfffffff] reserved
[    0.000000] BIOS-e820: [mem 0x00000000fed1c000-0x00000000fed1ffff] reserved
[    0.000000] BIOS-e820: [mem 0x00000000feffc000-0x00000000feffffff] reserved
[    0.000000] BIOS-e820: [mem 0x00000000fffc0000-0x00000000ffffffff] reserved
[    0.000000] NX (Execute Disable) protection: active
[    0.000000] SMBIOS 2.8 present.
[    0.000000] DMI: QEMU Standard PC (Q35 + ICH9, 2009), BIOS 1.16.0-debian-1.16.0-4 04/01/2014
[    0.000000] Hypervisor detected: KVM
[    0.000000] kvm-clock: Using msrs 4b564d01 and 4b564d00
[    0.000000] kvm-clock: cpu 0, msr 130ac001, primary cpu clock
[    0.000001] kvm-clock: using sched offset of 2805630938 cycles
[    0.000256] clocksource: kvm-clock: mask: 0xffffffffffffffff max_cycles: 0x1cd42e4dffb, max_idle_ns: 881590591483 ns
[    0.000406] tsc: Detected 1999.999 MHz processor
[    0.009437] e820: update [mem 0x00000000-0x00000fff] usable ==> reserved
[    0.009442] e820: remove [mem 0x000a0000-0x000fffff] usable
[    0.009450] last_pfn = 0x1ffdf max_arch_pfn = 0x400000000
[    0.010410] MTRR default type: write-back
[    0.010475] MTRR fixed ranges enabled:
[    0.010477]   00000-9FFFF write-back
[    0.010478]   A0000-BFFFF uncachable
[    0.010480]   C0000-FFFFF write-protect
[    0.010481] MTRR variable ranges enabled:
[    0.010483]   0 base 00C0000000 mask FFC0000000 uncachable
[    0.010484]   1 disabled
[    0.010484]   2 disabled
[    0.010485]   3 disabled
[    0.010486]   4 disabled
[    0.010486]   5 disabled
[    0.010487]   6 disabled
[    0.010488]   7 disabled
[    0.010995] x86/PAT: Configuration [0-7]: WB  WC  UC- UC  WB  WC  UC- UC  
[    0.020390] found SMP MP-table at [mem 0x000f5ba0-0x000f5baf]
[    0.023731] check: Scanning 1 areas for low memory corruption
[    0.033500] ACPI: Early table checksum verification disabled
[    0.035488] ACPI: RSDP 0x00000000000F59E0 000014 (v00 BOCHS )
[    0.036581] ACPI: RSDT 0x000000001FFE281A 000038 (v01 BOCHS  BXPC     00000001 BXPC 00000001)
[    0.036810] ACPI: FACP 0x000000001FFE259A 0000F4 (v03 BOCHS  BXPC     00000001 BXPC 00000001)
[    0.036993] ACPI: DSDT 0x000000001FFE0040 00255A (v01 BOCHS  BXPC     00000001 BXPC 00000001)
[    0.036999] ACPI: FACS 0x000000001FFE0000 000040
[    0.037003] ACPI: APIC 0x000000001FFE268E 0000F0 (v01 BOCHS  BXPC     00000001 BXPC 00000001)
[    0.037007] ACPI: HPET 0x000000001FFE277E 000038 (v01 BOCHS  BXPC     00000001 BXPC 00000001)
[    0.037012] ACPI: MCFG 0x000000001FFE27B6 00003C (v01 BOCHS  BXPC     00000001 BXPC 00000001)
[    0.037016] ACPI: WAET 0x000000001FFE27F2 000028 (v01 BOCHS  BXPC     00000001 BXPC 00000001)
[    0.037020] ACPI: Reserving FACP table memory at [mem 0x1ffe259a-0x1ffe268d]
[    0.037021] ACPI: Reserving DSDT table memory at [mem 0x1ffe0040-0x1ffe2599]
[    0.037023] ACPI: Reserving FACS table memory at [mem 0x1ffe0000-0x1ffe003f]
[    0.037024] ACPI: Reserving APIC table memory at [mem 0x1ffe268e-0x1ffe277d]
[    0.037025] ACPI: Reserving HPET table memory at [mem 0x1ffe277e-0x1ffe27b5]
[    0.037025] ACPI: Reserving MCFG table memory at [mem 0x1ffe27b6-0x1ffe27f1]
[    0.037027] ACPI: Reserving WAET table memory at [mem 0x1ffe27f2-0x1ffe2819]
[    0.038115] ACPI: Local APIC address 0xfee00000
[    0.043237] No NUMA configuration found
[    0.043239] Faking a node at [mem 0x0000000000000000-0x000000001ffdefff]
[    0.043487] NODE_DATA(0) allocated [mem 0x1ffdb000-0x1ffdefff]
[    0.045484] Zone ranges:
[    0.045626]   DMA      [mem 0x0000000000001000-0x0000000000ffffff]
[    0.045707]   DMA32    [mem 0x0000000001000000-0x000000001ffdefff]
[    0.045710]   Normal   empty
[    0.045711] Movable zone start for each node
[    0.045712] Early memory node ranges
[    0.045784]   node   0: [mem 0x0000000000001000-0x000000000009efff]
[    0.045797]   node   0: [mem 0x0000000000100000-0x000000001ffdefff]
[    0.045956] Initmem setup node 0 [mem 0x0000000000001000-0x000000001ffdefff]
[    0.045958] On node 0 totalpages: 130941
[    0.046106]   DMA zone: 64 pages used for memmap
[    0.046108]   DMA zone: 21 pages reserved
[    0.046109]   DMA zone: 3998 pages, LIFO batch:0
[    0.046110]   DMA32 zone: 1984 pages used for memmap
[    0.046111]   DMA32 zone: 126943 pages, LIFO batch:31
[    0.049053] On node 0, zone DMA: 1 pages in unavailable ranges
[    0.052155] On node 0, zone DMA: 97 pages in unavailable ranges
[    0.105516] On node 0, zone DMA32: 33 pages in unavailable ranges
[    0.109283] ACPI: PM-Timer IO Port: 0x608
[    0.109288] ACPI: Local APIC address 0xfee00000
[    0.109767] ACPI: LAPIC_NMI (acpi_id[0xff] dfl dfl lint[0x1])
[    0.111468] IOAPIC[0]: apic_id 0, version 17, address 0xfec00000, GSI 0-23
[    0.111483] ACPI: INT_SRC_OVR (bus 0 bus_irq 0 global_irq 2 dfl dfl)
[    0.111557] ACPI: INT_SRC_OVR (bus 0 bus_irq 5 global_irq 5 high level)
[    0.111590] ACPI: INT_SRC_OVR (bus 0 bus_irq 9 global_irq 9 high level)
[    0.111699] ACPI: INT_SRC_OVR (bus 0 bus_irq 10 global_irq 10 high level)
[    0.111701] ACPI: INT_SRC_OVR (bus 0 bus_irq 11 global_irq 11 high level)
[    0.111703] ACPI: IRQ0 used by override.
[    0.111704] ACPI: IRQ5 used by override.
[    0.111705] ACPI: IRQ9 used by override.
[    0.111706] ACPI: IRQ10 used by override.
[    0.111707] ACPI: IRQ11 used by override.
[    0.111759] Using ACPI (MADT) for SMP configuration information
[    0.111762] ACPI: HPET id: 0x8086a201 base: 0xfed00000
[    0.112376] smpboot: Allowing 16 CPUs, 0 hotplug CPUs
[    0.113938] PM: hibernation: Registered nosave memory: [mem 0x00000000-0x00000fff]
[    0.113941] PM: hibernation: Registered nosave memory: [mem 0x0009f000-0x0009ffff]
[    0.113942] PM: hibernation: Registered nosave memory: [mem 0x000a0000-0x000effff]
[    0.113943] PM: hibernation: Registered nosave memory: [mem 0x000f0000-0x000fffff]
[    0.113945] [mem 0x20000000-0xafffffff] available for PCI devices
[    0.114055] Booting paravirtualized kernel on KVM
[    0.114597] clocksource: refined-jiffies: mask: 0xffffffff max_cycles: 0xffffffff, max_idle_ns: 1910969940391419 ns
[    0.147197] setup_percpu: NR_CPUS:16 nr_cpumask_bits:16 nr_cpu_ids:16 nr_node_ids:1
[    0.179138] percpu: Embedded 56 pages/cpu s191448 r8192 d29736 u262144
[    0.179182] pcpu-alloc: s191448 r8192 d29736 u262144 alloc=1*2097152
[    0.179227] pcpu-alloc: [0] 00 01 02 03 04 05 06 07 [0] 08 09 10 11 12 13 14 15 
[    0.179638] kvm-guest: stealtime: cpu 0, msr 1f21b600
[    0.179903] Built 1 zonelists, mobility grouping on.  Total pages: 128872
[    0.179905] Policy zone: DMA32
[    0.179995] Kernel command line: selinux=0 initcall_debug debug console=ttyS0 nohz_full=2-9 rcutorture.onoff_interval=1000 rcutorture.onoff_holdoff=30 rcutorture.n_barrier_cbs=4 rcutorture.stat_interval=15 rcutorture.shutdown_secs=1800 rcutorture.test_no_idle_hz=1 rcutorture.verbose=1
[    0.193164] Dentry cache hash table entries: 65536 (order: 7, 524288 bytes, linear)
[    0.197674] Inode-cache hash table entries: 32768 (order: 6, 262144 bytes, linear)
[    0.198677] mem auto-init: stack:all(zero), heap alloc:off, heap free:off
[    0.205921] Memory: 477988K/523764K available (14349K kernel code, 2565K rwdata, 4708K rodata, 1504K init, 1464K bss, 45516K reserved, 0K cma-reserved)
[    0.206813] SLUB: HWalign=64, Order=0-3, MinObjects=0, CPUs=16, Nodes=1
[    0.207168] Kernel/User page tables isolation: enabled
[    0.215411] rcu: Hierarchical RCU implementation.
[    0.215415] rcu: 	RCU event tracing is enabled.
[    0.215417] rcu: 	CONFIG_RCU_FANOUT set to non-default value of 2.
[    0.215418] rcu: 	Four(or more)-level hierarchy is enabled.
[    0.215419] rcu: 	Build-time adjustment of leaf fanout to 2.
[    0.215465] 	Trampoline variant of Tasks RCU enabled.
[    0.215467] 	Rude variant of Tasks RCU enabled.
[    0.215468] 	Tracing variant of Tasks RCU enabled.
[    0.215540] rcu: RCU calculated value of scheduler-enlistment delay is 100 jiffies.
[    0.228679] NR_IRQS: 4352, nr_irqs: 552, preallocated irqs: 16
[    0.230350] NO_HZ: Full dynticks CPUs: 2-9.
[    0.230353] rcu: 	Offload RCU callbacks from CPUs: 2-9.
[    0.231607] calling  con_init+0x0/0x22a @ 0
[    0.338858] Console: colour VGA+ 80x25
[    0.338913] initcall con_init+0x0/0x22a returned 0 after 0 usecs
[    0.338927] calling  hvc_console_init+0x0/0x13 @ 0
[    0.338940] initcall hvc_console_init+0x0/0x13 returned 0 after 0 usecs
[    0.338942] calling  univ8250_console_init+0x0/0x26 @ 0
[    1.304783] printk: console [ttyS0] enabled
[    1.310101] initcall univ8250_console_init+0x0/0x26 returned 0 after 0 usecs
[    1.319821] ACPI: Core revision 20200925
[    1.327009] clocksource: hpet: mask: 0xffffffff max_cycles: 0xffffffff, max_idle_ns: 19112604467 ns
[    1.340103] APIC: Switch to symmetric I/O mode setup
[    1.346322] Switched APIC routing to physical flat.
[    1.371767] ..TIMER: vector=0x30 apic1=0 pin1=2 apic2=-1 pin2=-1
[    1.380536] clocksource: tsc-early: mask: 0xffffffffffffffff max_cycles: 0x39a85afc727, max_idle_ns: 881590685098 ns
[    1.393552] Calibrating delay loop (skipped) preset value.. 3999.99 BogoMIPS (lpj=1999999)
[    1.394565] pid_max: default: 32768 minimum: 301
[    1.396685] LSM: Security Framework initializing
[    1.397897] Mount-cache hash table entries: 1024 (order: 1, 8192 bytes, linear)
[    1.398529] Mountpoint-cache hash table entries: 1024 (order: 1, 8192 bytes, linear)
[    1.406298] Last level iTLB entries: 4KB 0, 2MB 0, 4MB 0
[    1.406501] Last level dTLB entries: 4KB 0, 2MB 0, 4MB 0, 1GB 0
[    1.407670] Spectre V1 : Mitigation: usercopy/swapgs barriers and __user pointer sanitization
[    1.409502] Spectre V2 : Mitigation: Retpolines
[    1.411499] Spectre V2 : Spectre v2 / SpectreRSB mitigation: Filling RSB on context switch
[    1.412500] Spectre V2 : Spectre v2 / SpectreRSB : Filling RSB on VMEXIT
[    1.413500] Speculative Store Bypass: Vulnerable
[    1.414532] MDS: Vulnerable: Clear CPU buffers attempted, no microcode
[    1.415501] MMIO Stale Data: Unknown: No mitigations
[    1.474065] Freeing SMP alternatives memory: 44K
[    1.578497] smpboot: CPU0: Intel Common KVM processor (family: 0xf, model: 0x6, stepping: 0x1)
[    1.579458] calling  init_hw_perf_events+0x0/0x6ce @ 1
[    1.580503] Performance Events: unsupported Netburst CPU model 6 no PMU driver, software events only.
[    1.581513] initcall init_hw_perf_events+0x0/0x6ce returned 0 after 976 usecs
[    1.582511] calling  init_real_mode+0x0/0x1e9 @ 1
[    1.583883] initcall init_real_mode+0x0/0x1e9 returned 0 after 0 usecs
[    1.584507] calling  trace_init_perf_perm_irq_work_exit+0x0/0x12 @ 1
[    1.585569] initcall trace_init_perf_perm_irq_work_exit+0x0/0x12 returned 0 after 0 usecs
[    1.586522] calling  validate_x2apic+0x0/0x4a @ 1
[    1.587532] initcall validate_x2apic+0x0/0x4a returned 0 after 0 usecs
[    1.588503] calling  register_nmi_cpu_backtrace_handler+0x0/0x15 @ 1
[    1.589504] initcall register_nmi_cpu_backtrace_handler+0x0/0x15 returned 0 after 0 usecs
[    1.590514] calling  kvm_setup_vsyscall_timeinfo+0x0/0xce @ 1
[    1.591508] initcall kvm_setup_vsyscall_timeinfo+0x0/0xce returned 0 after 0 usecs
[    1.592526] calling  spawn_ksoftirqd+0x0/0x38 @ 1
[    1.593632] initcall spawn_ksoftirqd+0x0/0x38 returned 0 after 0 usecs
[    1.594505] calling  migration_init+0x0/0x3c @ 1
[    1.595504] initcall migration_init+0x0/0x3c returned 0 after 0 usecs
[    1.596503] calling  srcu_bootup_announce+0x0/0x2f @ 1
[    1.597515] rcu: Hierarchical SRCU implementation.
[    1.598526] initcall srcu_bootup_announce+0x0/0x2f returned 0 after 976 usecs
[    1.599503] calling  rcu_spawn_gp_kthread+0x0/0x1dd @ 1
[    1.600622] initcall rcu_spawn_gp_kthread+0x0/0x1dd returned 0 after 0 usecs
[    1.601506] calling  check_cpu_stall_init+0x0/0x1a @ 1
[    1.602509] initcall check_cpu_stall_init+0x0/0x1a returned 0 after 0 usecs
[    1.603507] calling  rcu_sysrq_init+0x0/0x21 @ 1
[    1.604509] initcall rcu_sysrq_init+0x0/0x21 returned 0 after 0 usecs
[    1.605510] calling  trace_init_flags_sys_enter+0x0/0xe @ 1
[    1.606526] initcall trace_init_flags_sys_enter+0x0/0xe returned 0 after 0 usecs
[    1.607509] calling  trace_init_flags_sys_exit+0x0/0xe @ 1
[    1.608506] initcall trace_init_flags_sys_exit+0x0/0xe returned 0 after 0 usecs
[    1.609506] calling  cpu_stop_init+0x0/0x6e @ 1
[    1.610651] initcall cpu_stop_init+0x0/0x6e returned 0 after 0 usecs
[    1.611510] calling  init_kprobes+0x0/0x165 @ 1
[    1.613982] initcall init_kprobes+0x0/0x165 returned 0 after 976 usecs
[    1.614506] calling  init_events+0x0/0x3d @ 1
[    1.615870] initcall init_events+0x0/0x3d returned 0 after 0 usecs
[    1.616503] calling  init_trace_printk+0x0/0xc @ 1
[    1.617504] initcall init_trace_printk+0x0/0xc returned 0 after 0 usecs
[    1.618503] calling  event_trace_enable_again+0x0/0x23 @ 1
[    1.619503] initcall event_trace_enable_again+0x0/0x23 returned 0 after 0 usecs
[    1.620502] calling  static_call_init+0x0/0x77 @ 1
[    1.621502] initcall static_call_init+0x0/0x77 returned 0 after 0 usecs
[    1.622503] calling  jump_label_init_module+0x0/0xc @ 1
[    1.623503] initcall jump_label_init_module+0x0/0xc returned 0 after 0 usecs
[    1.624503] calling  init_zero_pfn+0x0/0x37 @ 1
[    1.626505] initcall init_zero_pfn+0x0/0x37 returned 0 after 0 usecs
[    1.627506] calling  initialize_ptr_random+0x0/0x54 @ 1
[    1.628508] initcall initialize_ptr_random+0x0/0x54 returned 0 after 0 usecs
[    1.629509] calling  efi_memreserve_root_init+0x0/0x25 @ 1
[    1.630602] initcall efi_memreserve_root_init+0x0/0x25 returned 0 after 0 usecs
[    1.631518] calling  efi_earlycon_remap_fb+0x0/0x51 @ 1
[    1.632503] initcall efi_earlycon_remap_fb+0x0/0x51 returned 0 after 0 usecs
[    1.636570] smp: Bringing up secondary CPUs ...
[    1.639134] x86: Booting SMP configuration:
[    1.639548] .... node  #0, CPUs:        #1
[    1.156001] kvm-clock: cpu 1, msr 130ac041, secondary cpu clock
[    1.669657] kvm-guest: stealtime: cpu 1, msr 1f25b600
[    1.685182]   #2
[    1.156001] kvm-clock: cpu 2, msr 130ac081, secondary cpu clock
[    1.706822] kvm-guest: stealtime: cpu 2, msr 1f29b600
[    1.722199]   #3
[    1.156001] kvm-clock: cpu 3, msr 130ac0c1, secondary cpu clock
[    1.743828] kvm-guest: stealtime: cpu 3, msr 1f2db600
[    1.758504]   #4
[    1.156001] kvm-clock: cpu 4, msr 130ac101, secondary cpu clock
[    1.783907] kvm-guest: stealtime: cpu 4, msr 1f31b600
[    1.802530]   #5
[    1.156001] kvm-clock: cpu 5, msr 130ac141, secondary cpu clock
[    1.826498] kvm-guest: stealtime: cpu 5, msr 1f35b600
[    1.840847]   #6
[    1.156001] kvm-clock: cpu 6, msr 130ac181, secondary cpu clock
[    1.863839] kvm-guest: stealtime: cpu 6, msr 1f39b600
[    1.878391]   #7
[    1.156001] kvm-clock: cpu 7, msr 130ac1c1, secondary cpu clock
[    1.900878] kvm-guest: stealtime: cpu 7, msr 1f3db600
[    1.916974]   #8
[    1.156001] kvm-clock: cpu 8, msr 130ac201, secondary cpu clock
[    1.941885] kvm-guest: stealtime: cpu 8, msr 1f41b600
[    1.958505]   #9
[    1.156001] kvm-clock: cpu 9, msr 130ac241, secondary cpu clock
[    1.981862] kvm-guest: stealtime: cpu 9, msr 1f45b600
[    1.997087]  #10
[    1.156001] kvm-clock: cpu 10, msr 130ac281, secondary cpu clock
[    2.020623] kvm-guest: stealtime: cpu 10, msr 1f49b600
[    2.036325]  #11
[    1.156001] kvm-clock: cpu 11, msr 130ac2c1, secondary cpu clock
[    2.059686] kvm-guest: stealtime: cpu 11, msr 1f4db600
[    2.077754]  #12
[    1.156001] kvm-clock: cpu 12, msr 130ac301, secondary cpu clock
[    2.102656] kvm-guest: stealtime: cpu 12, msr 1f51b600
[    2.121971]  #13
[    1.156001] kvm-clock: cpu 13, msr 130ac341, secondary cpu clock
[    2.145741] kvm-guest: stealtime: cpu 13, msr 1f55b600
[    2.163081]  #14
[    1.156001] kvm-clock: cpu 14, msr 130ac381, secondary cpu clock
[    2.185695] kvm-guest: stealtime: cpu 14, msr 1f59b600
[    2.202362]  #15
[    1.156001] kvm-clock: cpu 15, msr 130ac3c1, secondary cpu clock
[    2.226629] kvm-guest: stealtime: cpu 15, msr 1f5db600
[    2.241800] smp: Brought up 1 node, 16 CPUs
[    2.242504] smpboot: Max logical packages: 1
[    2.243507] smpboot: Total of 16 processors activated (63999.96 BogoMIPS)
[    2.264642] devtmpfs: initialized
[    2.268204] calling  ipc_ns_init+0x0/0x3d @ 1
[    2.268569] initcall ipc_ns_init+0x0/0x3d returned 0 after 0 usecs
[    2.269507] calling  init_mmap_min_addr+0x0/0x21 @ 1
[    2.270506] initcall init_mmap_min_addr+0x0/0x21 returned 0 after 0 usecs
[    2.272503] calling  pci_realloc_setup_params+0x0/0x3f @ 1
[    2.273504] initcall pci_realloc_setup_params+0x0/0x3f returned 0 after 0 usecs
[    2.274505] calling  net_ns_init+0x0/0x11c @ 1
[    2.276755] initcall net_ns_init+0x0/0x11c returned 0 after 976 usecs
[    2.277568] calling  e820__register_nvs_regions+0x0/0x37 @ 1
[    2.278522] initcall e820__register_nvs_regions+0x0/0x37 returned 0 after 0 usecs
[    2.279520] calling  cpufreq_register_tsc_scaling+0x0/0x2e @ 1
[    2.280505] initcall cpufreq_register_tsc_scaling+0x0/0x2e returned 0 after 0 usecs
[    2.281504] calling  reboot_init+0x0/0x3c @ 1
[    2.282614] initcall reboot_init+0x0/0x3c returned 0 after 0 usecs
[    2.283505] calling  init_lapic_sysfs+0x0/0x20 @ 1
[    2.284509] initcall init_lapic_sysfs+0x0/0x20 returned 0 after 0 usecs
[    2.285506] calling  alloc_frozen_cpus+0x0/0x7 @ 1
[    2.286504] initcall alloc_frozen_cpus+0x0/0x7 returned 0 after 0 usecs
[    2.287508] calling  cpu_hotplug_pm_sync_init+0x0/0x13 @ 1
[    2.288504] initcall cpu_hotplug_pm_sync_init+0x0/0x13 returned 0 after 0 usecs
[    2.289503] calling  wq_sysfs_init+0x0/0x2a @ 1
[    2.291627] initcall wq_sysfs_init+0x0/0x2a returned 0 after 0 usecs
[    2.293503] calling  ksysfs_init+0x0/0x92 @ 1
[    2.294514] initcall ksysfs_init+0x0/0x92 returned 0 after 0 usecs
[    2.295507] calling  schedutil_gov_init+0x0/0xc @ 1
[    2.297506] initcall schedutil_gov_init+0x0/0xc returned 0 after 976 usecs
[    2.298509] calling  pm_init+0x0/0x76 @ 1
[    2.299575] initcall pm_init+0x0/0x76 returned 0 after 0 usecs
[    2.300507] calling  pm_disk_init+0x0/0x13 @ 1
[    2.301576] initcall pm_disk_init+0x0/0x13 returned 0 after 0 usecs
[    2.302505] calling  swsusp_header_init+0x0/0x2b @ 1
[    2.303508] initcall swsusp_header_init+0x0/0x2b returned 0 after 0 usecs
[    2.304505] calling  rcu_set_runtime_mode+0x0/0x16 @ 1
[    2.305548] initcall rcu_set_runtime_mode+0x0/0x16 returned 0 after 0 usecs
[    2.307504] calling  init_jiffies_clocksource+0x0/0x13 @ 1
[    2.308504] clocksource: jiffies: mask: 0xffffffff max_cycles: 0xffffffff, max_idle_ns: 1911260446275000 ns
[    2.309508] initcall init_jiffies_clocksource+0x0/0x13 returned 0 after 976 usecs
[    2.310508] calling  futex_init+0x0/0xf7 @ 1
[    2.311511] futex hash table entries: 4096 (order: 6, 262144 bytes, linear)
[    2.314015] initcall futex_init+0x0/0xf7 returned 0 after 1953 usecs
[    2.314509] calling  cgroup_wq_init+0x0/0x28 @ 1
[    2.315543] initcall cgroup_wq_init+0x0/0x28 returned 0 after 0 usecs
[    2.316508] calling  cgroup1_wq_init+0x0/0x28 @ 1
[    2.317520] initcall cgroup1_wq_init+0x0/0x28 returned 0 after 0 usecs
[    2.318506] calling  init_kprobe_trace_early+0x0/0x2a @ 1
[    2.319564] initcall init_kprobe_trace_early+0x0/0x2a returned 0 after 0 usecs
[    2.320505] calling  fsnotify_init+0x0/0x48 @ 1
[    2.321541] initcall fsnotify_init+0x0/0x48 returned 0 after 0 usecs
[    2.322504] calling  filelock_init+0x0/0x96 @ 1
[    2.323546] initcall filelock_init+0x0/0x96 returned 0 after 0 usecs
[    2.324504] calling  init_misc_binfmt+0x0/0x2c @ 1
[    2.325526] initcall init_misc_binfmt+0x0/0x2c returned 0 after 0 usecs
[    2.326504] calling  init_script_binfmt+0x0/0x15 @ 1
[    2.327504] initcall init_script_binfmt+0x0/0x15 returned 0 after 0 usecs
[    2.328503] calling  init_elf_binfmt+0x0/0x15 @ 1
[    2.329504] initcall init_elf_binfmt+0x0/0x15 returned 0 after 0 usecs
[    2.330540] calling  init_compat_elf_binfmt+0x0/0x15 @ 1
[    2.331524] initcall init_compat_elf_binfmt+0x0/0x15 returned 0 after 0 usecs
[    2.332504] calling  debugfs_init+0x0/0x5c @ 1
[    2.333513] initcall debugfs_init+0x0/0x5c returned 0 after 0 usecs
[    2.334504] calling  tracefs_init+0x0/0x3a @ 1
[    2.335509] initcall tracefs_init+0x0/0x3a returned 0 after 0 usecs
[    2.336505] calling  prandom_init_early+0x0/0x15d @ 1
[    2.337506] initcall prandom_init_early+0x0/0x15d returned 0 after 0 usecs
[    2.338733] calling  virtio_init+0x0/0x20 @ 1
[    2.339556] initcall virtio_init+0x0/0x20 returned 0 after 0 usecs
[    2.340505] calling  iommu_init+0x0/0x2a @ 1
[    2.341564] initcall iommu_init+0x0/0x2a returned 0 after 0 usecs
[    2.342505] calling  component_debug_init+0x0/0x1c @ 1
[    2.343653] initcall component_debug_init+0x0/0x1c returned 0 after 0 usecs
[    2.344506] calling  early_resume_init+0x0/0xb9 @ 1
[    2.346501] PM: RTC time: 07:34:34, date: 2022-12-13
[    2.347538] initcall early_resume_init+0x0/0xb9 returned 0 after 1953 usecs
[    2.348507] calling  cpufreq_core_init+0x0/0x62 @ 1
[    2.349532] initcall cpufreq_core_init+0x0/0x62 returned 0 after 0 usecs
[    2.350506] calling  cpufreq_gov_performance_init+0x0/0xc @ 1
[    2.351506] initcall cpufreq_gov_performance_init+0x0/0xc returned 0 after 0 usecs
[    2.352520] calling  cpufreq_gov_userspace_init+0x0/0xc @ 1
[    2.353505] initcall cpufreq_gov_userspace_init+0x0/0xc returned 0 after 0 usecs
[    2.354508] calling  CPU_FREQ_GOV_ONDEMAND_init+0x0/0xc @ 1
[    2.355508] initcall CPU_FREQ_GOV_ONDEMAND_init+0x0/0xc returned 0 after 0 usecs
[    2.356506] calling  cpuidle_init+0x0/0x1f @ 1
[    2.357549] initcall cpuidle_init+0x0/0x1f returned 0 after 0 usecs
[    2.358505] calling  capsule_reboot_register+0x0/0xc @ 1
[    2.359546] initcall capsule_reboot_register+0x0/0xc returned 0 after 0 usecs
[    2.360506] calling  sock_init+0x0/0x93 @ 1
[    2.366955] initcall sock_init+0x0/0x93 returned 0 after 4882 usecs
[    2.367507] calling  net_inuse_init+0x0/0x23 @ 1
[    2.368512] initcall net_inuse_init+0x0/0x23 returned 0 after 0 usecs
[    2.369506] calling  net_defaults_init+0x0/0x23 @ 1
[    2.370506] initcall net_defaults_init+0x0/0x23 returned 0 after 0 usecs
[    2.371504] calling  init_default_flow_dissectors+0x0/0x4f @ 1
[    2.372650] initcall init_default_flow_dissectors+0x0/0x4f returned 0 after 0 usecs
[    2.373504] calling  netpoll_init+0x0/0x26 @ 1
[    2.374503] initcall netpoll_init+0x0/0x26 returned 0 after 0 usecs
[    2.375510] calling  netlink_proto_init+0x0/0x14f @ 1
[    2.377924] NET: Registered protocol family 16
[    2.378529] initcall netlink_proto_init+0x0/0x14f returned 0 after 1953 usecs
[    2.380506] calling  genl_init+0x0/0x35 @ 1
[    2.381652] initcall genl_init+0x0/0x35 returned 0 after 0 usecs
[    2.382505] calling  bsp_pm_check_init+0x0/0x13 @ 1
[    2.383504] initcall bsp_pm_check_init+0x0/0x13 returned 0 after 0 usecs
[    2.384540] calling  irq_sysfs_init+0x0/0xb7 @ 1
[    2.386639] initcall irq_sysfs_init+0x0/0xb7 returned 0 after 0 usecs
[    2.387504] calling  audit_init+0x0/0x160 @ 1
[    2.388505] audit: initializing netlink subsys (disabled)
[    2.390866] initcall audit_init+0x0/0x160 returned 0 after 1953 usecs
[    2.390699] audit: type=2000 audit(1670916872.890:1): state=initialized audit_enabled=0 res=1
[    2.391504] calling  release_early_probes+0x0/0x32 @ 1
[    2.393503] initcall release_early_probes+0x0/0x32 returned 0 after 0 usecs
[    2.394504] calling  bdi_class_init+0x0/0x48 @ 1
[    2.395593] initcall bdi_class_init+0x0/0x48 returned 0 after 0 usecs
[    2.396503] calling  mm_sysfs_init+0x0/0x28 @ 1
[    2.397507] initcall mm_sysfs_init+0x0/0x28 returned 0 after 0 usecs
[    2.398504] calling  init_per_zone_wmark_min+0x0/0x6d @ 1
[    2.399508] initcall init_per_zone_wmark_min+0x0/0x6d returned 0 after 0 usecs
[    2.400502] calling  mpi_init+0x0/0x3e @ 1
[    2.401566] initcall mpi_init+0x0/0x3e returned 0 after 0 usecs
[    2.402508] calling  kobject_uevent_init+0x0/0xc @ 1
[    2.403512] initcall kobject_uevent_init+0x0/0xc returned 0 after 0 usecs
[    2.404502] calling  pcibus_class_init+0x0/0x13 @ 1
[    2.405528] initcall pcibus_class_init+0x0/0x13 returned 0 after 0 usecs
[    2.406503] calling  pci_driver_init+0x0/0x21 @ 1
[    2.407535] initcall pci_driver_init+0x0/0x21 returned 0 after 0 usecs
[    2.408503] calling  backlight_class_init+0x0/0xa8 @ 1
[    2.409536] initcall backlight_class_init+0x0/0xa8 returned 0 after 0 usecs
[    2.410508] calling  tty_class_init+0x0/0x33 @ 1
[    2.411518] initcall tty_class_init+0x0/0x33 returned 0 after 0 usecs
[    2.412506] calling  vtconsole_class_init+0x0/0xb5 @ 1
[    2.413587] initcall vtconsole_class_init+0x0/0xb5 returned 0 after 0 usecs
[    2.414503] calling  iommu_dev_init+0x0/0x13 @ 1
[    2.415529] initcall iommu_dev_init+0x0/0x13 returned 0 after 0 usecs
[    2.416503] calling  mipi_dsi_bus_init+0x0/0xc @ 1
[    2.417609] initcall mipi_dsi_bus_init+0x0/0xc returned 0 after 0 usecs
[    2.418504] calling  devlink_class_init+0x0/0x40 @ 1
[    2.419514] initcall devlink_class_init+0x0/0x40 returned 0 after 0 usecs
[    2.420504] calling  software_node_init+0x0/0x2a @ 1
[    2.421508] initcall software_node_init+0x0/0x2a returned 0 after 0 usecs
[    2.422506] calling  wakeup_sources_debugfs_init+0x0/0x23 @ 1
[    2.423600] initcall wakeup_sources_debugfs_init+0x0/0x23 returned 0 after 0 usecs
[    2.424504] calling  wakeup_sources_sysfs_init+0x0/0x2c @ 1
[    2.425515] initcall wakeup_sources_sysfs_init+0x0/0x2c returned 0 after 0 usecs
[    2.426505] calling  register_node_type+0x0/0x13 @ 1
[    2.427572] initcall register_node_type+0x0/0x13 returned 0 after 0 usecs
[    2.428504] calling  regmap_initcall+0x0/0xc @ 1
[    2.429544] initcall regmap_initcall+0x0/0xc returned 0 after 0 usecs
[    2.430503] calling  i2c_init+0x0/0xb3 @ 1
[    2.431617] initcall i2c_init+0x0/0xb3 returned 0 after 0 usecs
[    2.432503] calling  thermal_init+0x0/0xf2 @ 1
[    2.434528] thermal_sys: Registered thermal governor 'step_wise'
[    2.434529] thermal_sys: Registered thermal governor 'user_space'
[    2.435515] initcall thermal_init+0x0/0xf2 returned 0 after 976 usecs
[    2.437506] calling  init_menu+0x0/0xc @ 1
[    2.441523] cpuidle: using governor menu
[    2.447549] initcall init_menu+0x0/0xc returned 0 after 8789 usecs
[    2.456505] calling  pcc_init+0x0/0x4d @ 1
[    2.463707] initcall pcc_init+0x0/0x4d returned -19 after 0 usecs
[    2.473507] calling  amd_postcore_init+0x0/0x11e @ 1
[    2.481505] initcall amd_postcore_init+0x0/0x11e returned 0 after 0 usecs
[    2.491531] calling  bts_init+0x0/0xba @ 1
[    2.498508] initcall bts_init+0x0/0xba returned -19 after 0 usecs
[    2.507506] calling  pt_init+0x0/0x341 @ 1
[    2.514506] initcall pt_init+0x0/0x341 returned -19 after 0 usecs
[    2.523507] calling  boot_params_ksysfs_init+0x0/0x2ee @ 1
[    2.530542] initcall boot_params_ksysfs_init+0x0/0x2ee returned 0 after 0 usecs
[    2.540505] calling  sbf_init+0x0/0xea @ 1
[    2.545504] initcall sbf_init+0x0/0xea returned 0 after 0 usecs
[    2.553512] calling  arch_kdebugfs_init+0x0/0x219 @ 1
[    2.559702] initcall arch_kdebugfs_init+0x0/0x219 returned 0 after 976 usecs
[    2.568506] calling  intel_pconfig_init+0x0/0x85 @ 1
[    2.574503] initcall intel_pconfig_init+0x0/0x85 returned 0 after 0 usecs
[    2.582503] calling  mtrr_if_init+0x0/0x5d @ 1
[    2.588558] initcall mtrr_if_init+0x0/0x5d returned 0 after 0 usecs
[    2.595503] calling  activate_jump_labels+0x0/0x31 @ 1
[    2.602504] initcall activate_jump_labels+0x0/0x31 returned 0 after 0 usecs
[    2.610504] calling  ffh_cstate_init+0x0/0x29 @ 1
[    2.616508] initcall ffh_cstate_init+0x0/0x29 returned 0 after 0 usecs
[    2.623504] calling  activate_jump_labels+0x0/0x31 @ 1
[    2.631020] initcall activate_jump_labels+0x0/0x31 returned 0 after 976 usecs
[    2.639503] calling  kvm_alloc_cpumask+0x0/0x74 @ 1
[    2.645500] initcall kvm_alloc_cpumask+0x0/0x74 returned 0 after 0 usecs
[    2.653506] calling  kcmp_cookies_init+0x0/0x37 @ 1
[    2.659512] initcall kcmp_cookies_init+0x0/0x37 returned 0 after 0 usecs
[    2.667507] calling  cryptomgr_init+0x0/0xc @ 1
[    2.673554] initcall cryptomgr_init+0x0/0xc returned 0 after 0 usecs
[    2.681506] calling  acpi_pci_init+0x0/0x57 @ 1
[    2.687505] ACPI: bus type PCI registered
[    2.693531] initcall acpi_pci_init+0x0/0x57 returned 0 after 5859 usecs
[    2.703513] calling  dma_channel_table_init+0x0/0xd1 @ 1
[    2.711526] initcall dma_channel_table_init+0x0/0xd1 returned 0 after 0 usecs
[    2.721508] calling  dma_bus_init+0x0/0xdc @ 1
[    2.727737] initcall dma_bus_init+0x0/0xdc returned 0 after 0 usecs
[    2.735567] calling  iommu_dma_init+0x0/0x10 @ 1
[    2.741510] initcall iommu_dma_init+0x0/0x10 returned 0 after 0 usecs
[    2.747507] calling  dmi_id_init+0x0/0x37c @ 1
[    2.754827] initcall dmi_id_init+0x0/0x37c returned 0 after 0 usecs
[    2.761539] calling  pci_arch_init+0x0/0x71 @ 1
[    2.768253] PCI: MMCONFIG for domain 0000 [bus 00-ff] at [mem 0xb0000000-0xbfffffff] (base 0xb0000000)
[    2.779508] PCI: MMCONFIG at [mem 0xb0000000-0xbfffffff] reserved in E820
[    2.788547] PCI: Using configuration type 1 for base access
[    2.794568] initcall pci_arch_init+0x0/0x71 returned 0 after 26367 usecs
[    2.803551] calling  init_vdso+0x0/0x13 @ 1
[    2.808552] initcall init_vdso+0x0/0x13 returned 0 after 0 usecs
[    2.813507] calling  sysenter_setup+0x0/0x13 @ 1
[    2.820547] initcall sysenter_setup+0x0/0x13 returned 0 after 0 usecs
[    2.828506] calling  fixup_ht_bug+0x0/0xe5 @ 1
[    2.834506] initcall fixup_ht_bug+0x0/0xe5 returned 0 after 0 usecs
[    2.842505] calling  topology_init+0x0/0x88 @ 1
[    2.848997] initcall topology_init+0x0/0x88 returned 0 after 976 usecs
[    2.855507] calling  intel_epb_init+0x0/0x68 @ 1
[    2.862510] initcall intel_epb_init+0x0/0x68 returned -19 after 0 usecs
[    2.871507] calling  mtrr_init_finialize+0x0/0x3e @ 1
[    2.878542] initcall mtrr_init_finialize+0x0/0x3e returned 0 after 0 usecs
[    2.886510] calling  uid_cache_init+0x0/0x81 @ 1
[    2.892515] initcall uid_cache_init+0x0/0x81 returned 0 after 0 usecs
[    2.901510] calling  param_sysfs_init+0x0/0x1ba @ 1
[    2.915397] initcall param_sysfs_init+0x0/0x1ba returned 0 after 7812 usecs
[    2.925513] calling  user_namespace_sysctl_init+0x0/0x33 @ 1
[    2.933524] initcall user_namespace_sysctl_init+0x0/0x33 returned 0 after 0 usecs
[    2.941515] calling  proc_schedstat_init+0x0/0x24 @ 1
[    2.947513] initcall proc_schedstat_init+0x0/0x24 returned 0 after 0 usecs
[    2.957508] calling  pm_sysrq_init+0x0/0x18 @ 1
[    2.965733] initcall pm_sysrq_init+0x0/0x18 returned 0 after 1953 usecs
[    2.976634] calling  create_proc_profile+0x0/0xd0 @ 1
[    2.984511] initcall create_proc_profile+0x0/0xd0 returned 0 after 0 usecs
[    2.991511] calling  time_ns_init+0x0/0x7 @ 1
[    2.998509] initcall time_ns_init+0x0/0x7 returned 0 after 0 usecs
[    3.008507] calling  crash_save_vmcoreinfo_init+0x0/0x722 @ 1
[    3.016604] initcall crash_save_vmcoreinfo_init+0x0/0x722 returned 0 after 0 usecs
[    3.026510] calling  crash_notes_memory_init+0x0/0x35 @ 1
[    3.032505] initcall crash_notes_memory_init+0x0/0x35 returned 0 after 0 usecs
[    3.039506] calling  cgroup_sysfs_init+0x0/0x13 @ 1
[    3.045392] initcall cgroup_sysfs_init+0x0/0x13 returned 0 after 0 usecs
[    3.055507] calling  cgroup_namespaces_init+0x0/0x7 @ 1
[    3.062505] initcall cgroup_namespaces_init+0x0/0x7 returned 0 after 0 usecs
[    3.071506] calling  init_optprobes+0x0/0x13 @ 1
[    3.079525] Kprobes globally optimized
[    3.084509] initcall init_optprobes+0x0/0x13 returned 0 after 4882 usecs
[    3.088507] calling  oom_init+0x0/0x2f @ 1
[    3.099882] initcall oom_init+0x0/0x2f returned 0 after 5859 usecs
[    3.106506] calling  default_bdi_init+0x0/0xb3 @ 1
[    3.124524] initcall default_bdi_init+0x0/0xb3 returned 0 after 11718 usecs
[    3.135738] calling  percpu_enable_async+0x0/0xe @ 1
[    3.139509] initcall percpu_enable_async+0x0/0xe returned 0 after 0 usecs
[    3.147508] calling  kcompactd_init+0x0/0x8d @ 1
[    3.164912] initcall kcompactd_init+0x0/0x8d returned 0 after 9765 usecs
[    3.173999] calling  init_user_reserve+0x0/0x40 @ 1
[    3.180508] initcall init_user_reserve+0x0/0x40 returned 0 after 0 usecs
[    3.186511] calling  init_admin_reserve+0x0/0x40 @ 1
[    3.191508] initcall init_admin_reserve+0x0/0x40 returned 0 after 0 usecs
[    3.200509] calling  init_reserve_notifier+0x0/0x7 @ 1
[    3.202507] initcall init_reserve_notifier+0x0/0x7 returned 0 after 0 usecs
[    3.209507] calling  swap_init_sysfs+0x0/0x62 @ 1
[    3.218212] initcall swap_init_sysfs+0x0/0x62 returned 0 after 1953 usecs
[    3.225507] calling  swapfile_init+0x0/0x94 @ 1
[    3.231683] initcall swapfile_init+0x0/0x94 returned 0 after 0 usecs
[    3.241504] calling  hugetlb_init+0x0/0x496 @ 1
[    3.246638] HugeTLB registered 2.00 MiB page size, pre-allocated 0 pages
[    3.256797] initcall hugetlb_init+0x0/0x496 returned 0 after 9765 usecs
[    3.264507] calling  io_wq_init+0x0/0x34 @ 1
[    3.269508] initcall io_wq_init+0x0/0x34 returned 0 after 0 usecs
[    3.275508] calling  seqiv_module_init+0x0/0xc @ 1
[    3.283508] initcall seqiv_module_init+0x0/0xc returned 0 after 0 usecs
[    3.290508] calling  echainiv_module_init+0x0/0xc @ 1
[    3.297505] initcall echainiv_module_init+0x0/0xc returned 0 after 0 usecs
[    3.306597] calling  rsa_init+0x0/0x50 @ 1
[    3.314252] initcall rsa_init+0x0/0x50 returned 0 after 2929 usecs
[    3.314252] cryptomgr_test (119) used greatest stack depth: 15504 bytes left
[    3.321507] calling  crypto_cmac_module_init+0x0/0xc @ 1
[    3.321511] initcall crypto_cmac_module_init+0x0/0xc returned 0 after 0 usecs
[    3.321513] calling  hmac_module_init+0x0/0xc @ 1
[    3.321515] initcall hmac_module_init+0x0/0xc returned 0 after 0 usecs
[    3.321517] calling  crypto_null_mod_init+0x0/0x65 @ 1
[    3.333513] initcall crypto_null_mod_init+0x0/0x65 returned 0 after 11718 usecs
[    3.379511] calling  md5_mod_init+0x0/0xc @ 1
[    3.387511] initcall md5_mod_init+0x0/0xc returned 0 after 1953 usecs
[    3.395510] calling  sha256_generic_mod_init+0x0/0x11 @ 1
[    3.414512] initcall sha256_generic_mod_init+0x0/0x11 returned 0 after 12695 usecs
[    3.425522] calling  crypto_cbc_module_init+0x0/0xc @ 1
[    3.435883] initcall crypto_cbc_module_init+0x0/0xc returned 0 after 0 usecs
[    3.441514] calling  crypto_ctr_module_init+0x0/0x11 @ 1
[    3.446510] initcall crypto_ctr_module_init+0x0/0x11 returned 0 after 0 usecs
[    3.455515] calling  crypto_gcm_module_init+0x0/0x64 @ 1
[    3.469497] initcall crypto_gcm_module_init+0x0/0x64 returned 0 after 2929 usecs
[    3.483823] calling  crypto_ccm_module_init+0x0/0x11 @ 1
[    3.489510] initcall crypto_ccm_module_init+0x0/0x11 returned 0 after 0 usecs
[    3.499505] calling  aes_init+0x0/0xc @ 1
[    3.521515] initcall aes_init+0x0/0xc returned 0 after 16601 usecs
[    3.529512] calling  crc32c_mod_init+0x0/0xc @ 1
[    3.536747] initcall crc32c_mod_init+0x0/0xc returned 0 after 976 usecs
[    3.545509] calling  crypto_authenc_module_init+0x0/0xc @ 1
[    3.555519] initcall crypto_authenc_module_init+0x0/0xc returned 0 after 0 usecs
[    3.564511] calling  crypto_authenc_esn_module_init+0x0/0xc @ 1
[    3.572515] initcall crypto_authenc_esn_module_init+0x0/0xc returned 0 after 0 usecs
[    3.582510] calling  drbg_init+0x0/0x7c @ 1
[    3.597507] initcall drbg_init+0x0/0x7c returned 0 after 9765 usecs
[    3.604656] calling  ghash_mod_init+0x0/0xc @ 1
[    3.612505] initcall ghash_mod_init+0x0/0xc returned 0 after 1953 usecs
[    3.620515] calling  init_bio+0x0/0x9a @ 1
[    3.629358] initcall init_bio+0x0/0x9a returned 0 after 2929 usecs
[    3.638511] calling  blk_settings_init+0x0/0x29 @ 1
[    3.646510] initcall blk_settings_init+0x0/0x29 returned 0 after 0 usecs
[    3.655509] calling  blk_ioc_init+0x0/0x29 @ 1
[    3.661539] initcall blk_ioc_init+0x0/0x29 returned 0 after 0 usecs
[    3.669509] calling  blk_mq_init+0x0/0xb9 @ 1
[    3.675572] initcall blk_mq_init+0x0/0xb9 returned 0 after 0 usecs
[    3.683517] calling  genhd_device_init+0x0/0x75 @ 1
[    3.706636] initcall genhd_device_init+0x0/0x75 returned 0 after 15625 usecs
[    3.717813] calling  pci_slot_init+0x0/0x40 @ 1
[    3.724510] initcall pci_slot_init+0x0/0x40 returned 0 after 0 usecs
[    3.733516] calling  fbmem_init+0x0/0xd8 @ 1
[    3.745327] initcall fbmem_init+0x0/0xd8 returned 0 after 5859 usecs
[    3.755513] calling  acpi_init+0x0/0x319 @ 1
[    3.762358] ACPI: Added _OSI(Module Device)
[    3.767502] ACPI: Added _OSI(Processor Device)
[    3.772502] ACPI: Added _OSI(3.0 _SCP Extensions)
[    3.777502] ACPI: Added _OSI(Processor Aggregator Device)
[    3.784750] ACPI: Added _OSI(Linux-Dell-Video)
[    3.790503] ACPI: Added _OSI(Linux-Lenovo-NV-HDMI-Audio)
[    3.797504] ACPI: Added _OSI(Linux-HPI-Hybrid-Graphics)
[    3.812841] ACPI: 1 ACPI AML tables successfully acquired and loaded
[    3.832876] ACPI: Interpreter enabled
[    3.838894] ACPI: (supports S0 S3 S4 S5)
[    3.844500] ACPI: Using IOAPIC for interrupt routing
[    3.851500] PCI: Using host bridge windows from ACPI; if necessary, use "pci=nocrs" and report a bug
[    3.861909] ACPI: Enabled 2 GPEs in block 00 to 3F
[    3.887132] ACPI: PCI Root Bridge [PCI0] (domain 0000 [bus 00-ff])
[    3.896034] acpi PNP0A08:00: _OSC: OS supports [ExtendedConfig ASPM ClockPM Segments MSI HPX-Type3]
[    3.907591] acpi PNP0A08:00: _OSC: platform does not support [LTR]
[    3.916572] acpi PNP0A08:00: _OSC: OS now controls [PME PCIeCapability]
[    3.926500] PCI host bridge to bus 0000:00
[    3.931583] pci_bus 0000:00: root bus resource [io  0x0000-0x0cf7 window]
[    3.939503] pci_bus 0000:00: root bus resource [io  0x0d00-0xffff window]
[    3.948502] pci_bus 0000:00: root bus resource [mem 0x000a0000-0x000bffff window]
[    3.957503] pci_bus 0000:00: root bus resource [mem 0x20000000-0xafffffff window]
[    3.967555] pci_bus 0000:00: root bus resource [mem 0xc0000000-0xfebfffff window]
[    3.976504] pci_bus 0000:00: root bus resource [mem 0x100000000-0x8ffffffff window]
[    3.985503] pci_bus 0000:00: root bus resource [bus 00-ff]
[    3.995082] pci 0000:00:00.0: calling  quirk_mmio_always_on+0x0/0x10 @ 1
[    4.003607] pci 0000:00:00.0: quirk_mmio_always_on+0x0/0x10 took 0 usecs
[    4.011627] pci 0000:00:00.0: [8086:29c0] type 00 class 0x060000
[    4.023231] pci 0000:00:00.0: calling  quirk_igfx_skip_te_disable+0x0/0x80 @ 1
[    4.033580] pci 0000:00:00.0: quirk_igfx_skip_te_disable+0x0/0x80 took 0 usecs
[    4.045309] pci 0000:00:01.0: [1234:1111] type 00 class 0x030000
[    4.063331] pci 0000:00:01.0: reg 0x10: [mem 0xfd000000-0xfdffffff pref]
[    4.092497] pci 0000:00:01.0: reg 0x18: [mem 0xfebf0000-0xfebf0fff]
[    4.140508] pci 0000:00:01.0: reg 0x30: [mem 0xfebe0000-0xfebeffff pref]
[    4.157497] pci 0000:00:01.0: calling  efifb_fixup_resources+0x0/0xf0 @ 1
[    4.165807] pci 0000:00:01.0: efifb_fixup_resources+0x0/0xf0 took 0 usecs
[    4.204772] pci 0000:00:1f.0: [8086:2918] type 00 class 0x060100
[    4.219497] pci 0000:00:1f.0: calling  quirk_ich7_lpc+0x0/0x60 @ 1
[    4.228713] pci 0000:00:1f.0: quirk: [io  0x0600-0x067f] claimed by ICH6 ACPI/GPIO/TCO
[    4.238951] pci 0000:00:1f.0: quirk_ich7_lpc+0x0/0x60 took 10742 usecs
[    4.247691] pci 0000:00:1f.0: calling  quirk_igfx_skip_te_disable+0x0/0x80 @ 1
[    4.257537] pci 0000:00:1f.0: quirk_igfx_skip_te_disable+0x0/0x80 took 0 usecs
[    4.268753] pci 0000:00:1f.2: [8086:2922] type 00 class 0x010601
[    4.285548] pci 0000:00:1f.2: reg 0x20: [io  0xc040-0xc05f]
[    4.294503] pci 0000:00:1f.2: reg 0x24: [mem 0xfebf1000-0xfebf1fff]
[    4.304316] pci 0000:00:1f.2: calling  quirk_igfx_skip_te_disable+0x0/0x80 @ 1
[    4.313509] pci 0000:00:1f.2: quirk_igfx_skip_te_disable+0x0/0x80 took 0 usecs
[    4.326046] pci 0000:00:1f.3: [8086:2930] type 00 class 0x0c0500
[    4.339510] pci 0000:00:1f.3: reg 0x20: [io  0x0700-0x073f]
[    4.348309] pci 0000:00:1f.3: calling  quirk_igfx_skip_te_disable+0x0/0x80 @ 1
[    4.357510] pci 0000:00:1f.3: quirk_igfx_skip_te_disable+0x0/0x80 took 0 usecs
[    4.369565] ACPI: PCI Interrupt Link [LNKA] (IRQs 5 *10 11)
[    4.376928] ACPI: PCI Interrupt Link [LNKB] (IRQs 5 *10 11)
[    4.384616] ACPI: PCI Interrupt Link [LNKC] (IRQs 5 10 *11)
[    4.391960] ACPI: PCI Interrupt Link [LNKD] (IRQs 5 10 *11)
[    4.398930] ACPI: PCI Interrupt Link [LNKE] (IRQs 5 *10 11)
[    4.406895] ACPI: PCI Interrupt Link [LNKF] (IRQs 5 *10 11)
[    4.413929] ACPI: PCI Interrupt Link [LNKG] (IRQs 5 10 *11)
[    4.421710] ACPI: PCI Interrupt Link [LNKH] (IRQs 5 10 *11)
[    4.428742] ACPI: PCI Interrupt Link [GSIA] (IRQs *16)
[    4.435517] ACPI: PCI Interrupt Link [GSIB] (IRQs *17)
[    4.442533] ACPI: PCI Interrupt Link [GSIC] (IRQs *18)
[    4.448514] ACPI: PCI Interrupt Link [GSID] (IRQs *19)
[    4.455530] ACPI: PCI Interrupt Link [GSIE] (IRQs *20)
[    4.461515] ACPI: PCI Interrupt Link [GSIF] (IRQs *21)
[    4.468525] ACPI: PCI Interrupt Link [GSIG] (IRQs *22)
[    4.474538] ACPI: PCI Interrupt Link [GSIH] (IRQs *23)
[    4.487872] initcall acpi_init+0x0/0x319 returned 0 after 708984 usecs
[    4.496519] calling  pnp_init+0x0/0xc @ 1
[    4.501574] initcall pnp_init+0x0/0xc returned 0 after 0 usecs
[    4.509506] calling  misc_init+0x0/0xbf @ 1
[    4.516523] initcall misc_init+0x0/0xbf returned 0 after 976 usecs
[    4.524507] calling  iommu_subsys_init+0x0/0x4e @ 1
[    4.530699] iommu: Default domain type: Translated 
[    4.536505] initcall iommu_subsys_init+0x0/0x4e returned 0 after 5859 usecs
[    4.545505] calling  vga_arb_device_init+0x0/0x261 @ 1
[    4.554673] pci 0000:00:01.0: vgaarb: setting as boot VGA device
[    4.555497] pci 0000:00:01.0: vgaarb: VGA device added: decodes=io+mem,owns=io+mem,locks=none
[    4.575505] pci 0000:00:01.0: vgaarb: bridge control possible
[    4.582500] vgaarb: loaded
[    4.585508] initcall vga_arb_device_init+0x0/0x261 returned 0 after 33203 usecs
[    4.595497] calling  cn_init+0x0/0xf0 @ 1
[    4.608089] initcall cn_init+0x0/0xf0 returned 0 after 5859 usecs
[    4.616512] calling  dma_buf_init+0x0/0xad @ 1
[    4.623903] initcall dma_buf_init+0x0/0xad returned 0 after 1953 usecs
[    4.632522] calling  init_scsi+0x0/0x79 @ 1
[    4.638559] SCSI subsystem initialized
[    4.643504] initcall init_scsi+0x0/0x79 returned 0 after 5859 usecs
[    4.651504] calling  ata_init+0x0/0x332 @ 1
[    4.659834] libata version 3.00 loaded.
[    4.665511] initcall ata_init+0x0/0x332 returned 0 after 7812 usecs
[    4.673511] calling  phy_init+0x0/0x250 @ 1
[    4.678865] initcall phy_init+0x0/0x250 returned 0 after 0 usecs
[    4.686505] calling  init_pcmcia_cs+0x0/0x35 @ 1
[    4.692604] initcall init_pcmcia_cs+0x0/0x35 returned 0 after 0 usecs
[    4.701504] calling  usb_common_init+0x0/0x1c @ 1
[    4.707600] initcall usb_common_init+0x0/0x1c returned 0 after 0 usecs
[    4.715506] calling  usb_init+0x0/0x12e @ 1
[    4.721596] ACPI: bus type USB registered
[    4.726864] usbcore: registered new interface driver usbfs
[    4.733526] usbcore: registered new interface driver hub
[    4.741539] usbcore: registered new device driver usb
[    4.748513] initcall usb_init+0x0/0x12e returned 0 after 26367 usecs
[    4.756508] calling  serio_init+0x0/0x29 @ 1
[    4.762580] initcall serio_init+0x0/0x29 returned 0 after 0 usecs
[    4.770505] calling  input_init+0x0/0xf6 @ 1
[    4.776634] initcall input_init+0x0/0xf6 returned 0 after 0 usecs
[    4.784505] calling  rtc_init+0x0/0x4d @ 1
[    4.789512] initcall rtc_init+0x0/0x4d returned 0 after 0 usecs
[    4.796504] calling  pps_init+0x0/0xa9 @ 1
[    4.802527] pps_core: LinuxPPS API ver. 1 registered
[    4.808502] pps_core: Software ver. 5.3.6 - Copyright 2005-2007 Rodolfo Giometti <giometti@linux.it>
[    4.820504] initcall pps_init+0x0/0xa9 returned 0 after 17578 usecs
[    4.828504] calling  ptp_init+0x0/0x98 @ 1
[    4.833534] PTP clock support registered
[    4.839540] initcall ptp_init+0x0/0x98 returned 0 after 5859 usecs
[    4.847506] calling  power_supply_class_init+0x0/0x3f @ 1
[    4.854612] initcall power_supply_class_init+0x0/0x3f returned 0 after 0 usecs
[    4.863508] calling  hwmon_init+0x0/0x104 @ 1
[    4.869561] initcall hwmon_init+0x0/0x104 returned 0 after 0 usecs
[    4.877505] calling  md_init+0x0/0x16b @ 1
[    4.883891] initcall md_init+0x0/0x16b returned 0 after 1953 usecs
[    4.891506] calling  leds_init+0x0/0x3b @ 1
[    4.897542] initcall leds_init+0x0/0x3b returned 0 after 0 usecs
[    4.904506] calling  dmi_init+0x0/0x113 @ 1
[    4.910594] initcall dmi_init+0x0/0x113 returned 0 after 0 usecs
[    4.918506] calling  efisubsys_init+0x0/0x4e7 @ 1
[    4.923519] initcall efisubsys_init+0x0/0x4e7 returned 0 after 0 usecs
[    4.932521] calling  nvmem_init+0x0/0xc @ 1
[    4.937600] initcall nvmem_init+0x0/0xc returned 0 after 0 usecs
[    4.945504] calling  init_soundcore+0x0/0x33 @ 1
[    4.950566] initcall init_soundcore+0x0/0x33 returned 0 after 0 usecs
[    4.959503] calling  alsa_sound_init+0x0/0x8f @ 1
[    4.965645] Advanced Linux Sound Architecture Driver Initialized.
[    4.972505] initcall alsa_sound_init+0x0/0x8f returned 0 after 6835 usecs
[    4.981503] calling  alsa_seq_device_init+0x0/0x71 @ 1
[    4.987552] initcall alsa_seq_device_init+0x0/0x71 returned 0 after 0 usecs
[    4.996504] calling  hda_bus_init+0x0/0xc @ 1
[    5.002597] initcall hda_bus_init+0x0/0xc returned 0 after 0 usecs
[    5.010504] calling  proto_init+0x0/0xc @ 1
[    5.015574] initcall proto_init+0x0/0xc returned 0 after 0 usecs
[    5.023504] calling  net_dev_init+0x0/0x209 @ 1
[    5.031532] initcall net_dev_init+0x0/0x209 returned 0 after 2929 usecs
[    5.040505] calling  neigh_init+0x0/0x84 @ 1
[    5.046505] initcall neigh_init+0x0/0x84 returned 0 after 0 usecs
[    5.054504] calling  fib_notifier_init+0x0/0xc @ 1
[    5.060507] initcall fib_notifier_init+0x0/0xc returned 0 after 0 usecs
[    5.069504] calling  fib_rules_init+0x0/0xab @ 1
[    5.075540] initcall fib_rules_init+0x0/0xab returned 0 after 0 usecs
[    5.083511] calling  pktsched_init+0x0/0x10e @ 1
[    5.090553] initcall pktsched_init+0x0/0x10e returned 0 after 0 usecs
[    5.098504] calling  tc_filter_init+0x0/0xfa @ 1
[    5.104557] initcall tc_filter_init+0x0/0xfa returned 0 after 0 usecs
[    5.112504] calling  tc_action_init+0x0/0x54 @ 1
[    5.118505] initcall tc_action_init+0x0/0x54 returned 0 after 0 usecs
[    5.127504] calling  ethnl_init+0x0/0x52 @ 1
[    5.132808] initcall ethnl_init+0x0/0x52 returned 0 after 976 usecs
[    5.141505] calling  nexthop_init+0x0/0xd8 @ 1
[    5.147507] initcall nexthop_init+0x0/0xd8 returned 0 after 0 usecs
[    5.155504] calling  cipso_v4_init+0x0/0x5d @ 1
[    5.161623] initcall cipso_v4_init+0x0/0x5d returned 0 after 0 usecs
[    5.169504] calling  ieee80211_init+0x0/0x24 @ 1
[    5.175726] initcall ieee80211_init+0x0/0x24 returned 0 after 976 usecs
[    5.184504] calling  netlbl_init+0x0/0x78 @ 1
[    5.190513] NetLabel: Initializing
[    5.194500] NetLabel:  domain hash size = 128
[    5.200500] NetLabel:  protocols = UNLABELED CIPSOv4 CALIPSO
[    5.207500] NetLabel:  unlabeled traffic allowed by default
[    5.215507] initcall netlbl_init+0x0/0x78 returned 0 after 24414 usecs
[    5.224508] calling  rfkill_init+0x0/0x111 @ 1
[    5.231569] initcall rfkill_init+0x0/0x111 returned 0 after 1953 usecs
[    5.239505] calling  pci_subsys_init+0x0/0x66 @ 1
[    5.245701] PCI: Using ACPI for IRQ routing
[    5.988497] PCI: pci_cache_line_size set to 64 bytes
[    6.000815] e820: reserve RAM buffer [mem 0x0009fc00-0x0009ffff]
[    6.009142] e820: reserve RAM buffer [mem 0x1ffdf000-0x1fffffff]
[    6.017063] initcall pci_subsys_init+0x0/0x66 returned 0 after 752929 usecs
[    6.027502] calling  nmi_warning_debugfs+0x0/0x26 @ 1
[    6.034551] initcall nmi_warning_debugfs+0x0/0x26 returned 0 after 976 usecs
[    6.042505] calling  save_microcode_in_initrd+0x0/0x51 @ 1
[    6.048666] initcall save_microcode_in_initrd+0x0/0x51 returned 0 after 976 usecs
[    6.057527] calling  hpet_late_init+0x0/0x207 @ 1
[    6.064184] hpet: 3 channels of 0 reserved for per-cpu timers
[    6.070848] hpet0: at MMIO 0xfed00000, IRQs 2, 8, 0
[    6.077501] hpet0: 3 comparators, 64-bit 100.000000 MHz counter
[    6.087504] initcall hpet_late_init+0x0/0x207 returned 0 after 23437 usecs
[    6.095505] calling  init_amd_nbs+0x0/0x11c @ 1
[    6.101543] initcall init_amd_nbs+0x0/0x11c returned 0 after 0 usecs
[    6.109525] calling  clocksource_done_booting+0x0/0x41 @ 1
[    6.122311] clocksource: Switched to clocksource kvm-clock
[    6.131044] initcall clocksource_done_booting+0x0/0x41 returned 0 after 13223 usecs
[    6.142560] calling  tracer_init_tracefs+0x0/0x242 @ 1
[    6.359683] initcall tracer_init_tracefs+0x0/0x242 returned 0 after 204186 usecs
[    6.369384] calling  init_trace_printk_function_export+0x0/0x2c @ 1
[    6.377289] initcall init_trace_printk_function_export+0x0/0x2c returned 0 after 11 usecs
[    6.387439] calling  init_kprobe_trace+0x0/0x1a9 @ 1
[    6.393949] initcall init_kprobe_trace+0x0/0x1a9 returned 0 after 56 usecs
[    6.402414] calling  init_dynamic_event+0x0/0x3d @ 1
[    6.410299] initcall init_dynamic_event+0x0/0x3d returned 0 after 9 usecs
[    6.420570] calling  init_uprobe_trace+0x0/0x5c @ 1
[    6.428365] initcall init_uprobe_trace+0x0/0x5c returned 0 after 65 usecs
[    6.438710] calling  init_pipe_fs+0x0/0x44 @ 1
[    6.445505] initcall init_pipe_fs+0x0/0x44 returned 0 after 283 usecs
[    6.453412] calling  inotify_user_setup+0x0/0x47 @ 1
[    6.459552] initcall inotify_user_setup+0x0/0x47 returned 0 after 42 usecs
[    6.467958] calling  eventpoll_init+0x0/0xd4 @ 1
[    6.474153] initcall eventpoll_init+0x0/0xd4 returned 0 after 251 usecs
[    6.482029] calling  anon_inode_init+0x0/0x58 @ 1
[    6.488868] initcall anon_inode_init+0x0/0x58 returned 0 after 248 usecs
[    6.498905] calling  proc_locks_init+0x0/0x27 @ 1
[    6.505656] initcall proc_locks_init+0x0/0x27 returned 0 after 318 usecs
[    6.515875] calling  iomap_init+0x0/0x1b @ 1
[    6.522091] initcall iomap_init+0x0/0x1b returned 0 after 877 usecs
[    6.529949] calling  dquot_init+0x0/0x106 @ 1
[    6.535320] VFS: Disk quotas dquot_6.6.0
[    6.540993] VFS: Dquot-cache hash table entries: 512 (order 0, 4096 bytes)
[    6.549149] initcall dquot_init+0x0/0x106 returned 0 after 13501 usecs
[    6.557087] calling  quota_init+0x0/0x23 @ 1
[    6.562685] initcall quota_init+0x0/0x23 returned 0 after 569 usecs
[    6.570038] calling  proc_cmdline_init+0x0/0x21 @ 1
[    6.576017] initcall proc_cmdline_init+0x0/0x21 returned 0 after 21 usecs
[    6.584256] calling  proc_consoles_init+0x0/0x24 @ 1
[    6.590166] initcall proc_consoles_init+0x0/0x24 returned 0 after 19 usecs
[    6.599718] calling  proc_cpuinfo_init+0x0/0x1e @ 1
[    6.606148] initcall proc_cpuinfo_init+0x0/0x1e returned 0 after 5 usecs
[    6.614116] calling  proc_devices_init+0x0/0x24 @ 1
[    6.620029] initcall proc_devices_init+0x0/0x24 returned 0 after 25 usecs
[    6.628088] calling  proc_interrupts_init+0x0/0x24 @ 1
[    6.634255] initcall proc_interrupts_init+0x0/0x24 returned 0 after 3 usecs
[    6.642678] calling  proc_loadavg_init+0x0/0x21 @ 1
[    6.648642] initcall proc_loadavg_init+0x0/0x21 returned 0 after 3 usecs
[    6.656636] calling  proc_meminfo_init+0x0/0x21 @ 1
[    6.662675] initcall proc_meminfo_init+0x0/0x21 returned 0 after 2 usecs
[    6.670814] calling  proc_stat_init+0x0/0x1e @ 1
[    6.677039] initcall proc_stat_init+0x0/0x1e returned 0 after 4 usecs
[    6.687150] calling  proc_uptime_init+0x0/0x21 @ 1
[    6.694356] initcall proc_uptime_init+0x0/0x21 returned 0 after 3 usecs
[    6.704388] calling  proc_version_init+0x0/0x21 @ 1
[    6.710387] initcall proc_version_init+0x0/0x21 returned 0 after 4 usecs
[    6.718279] calling  proc_softirqs_init+0x0/0x21 @ 1
[    6.724322] initcall proc_softirqs_init+0x0/0x21 returned 0 after 2 usecs
[    6.732390] calling  proc_kcore_init+0x0/0xea @ 1
[    6.738113] initcall proc_kcore_init+0x0/0xea returned 0 after 45 usecs
[    6.746193] calling  vmcore_init+0x0/0x578 @ 1
[    6.751595] initcall vmcore_init+0x0/0x578 returned 0 after 14 usecs
[    6.759224] calling  proc_kmsg_init+0x0/0x21 @ 1
[    6.764939] initcall proc_kmsg_init+0x0/0x21 returned 0 after 3 usecs
[    6.772749] calling  proc_page_init+0x0/0x3b @ 1
[    6.778261] initcall proc_page_init+0x0/0x3b returned 0 after 4 usecs
[    6.786131] calling  init_ramfs_fs+0x0/0xc @ 1
[    6.791668] initcall init_ramfs_fs+0x0/0xc returned 0 after 109 usecs
[    6.799381] calling  init_hugetlbfs_fs+0x0/0xf6 @ 1
[    6.805809] initcall init_hugetlbfs_fs+0x0/0xf6 returned 0 after 328 usecs
[    6.813981] calling  blk_scsi_ioctl_init+0x0/0x2a5 @ 1
[    6.820266] initcall blk_scsi_ioctl_init+0x0/0x2a5 returned 0 after 49 usecs
[    6.828750] calling  acpi_event_init+0x0/0x2c @ 1
[    6.834518] initcall acpi_event_init+0x0/0x2c returned 0 after 65 usecs
[    6.842503] calling  pnp_system_init+0x0/0xc @ 1
[    6.848863] initcall pnp_system_init+0x0/0xc returned 0 after 589 usecs
[    6.856560] calling  pnpacpi_init+0x0/0x69 @ 1
[    6.862990] pnp: PnP ACPI init
[    6.870387] pnp 00:00: Plug and Play ACPI device, IDs PNP0303 (active)
[    6.878625] pnp 00:01: Plug and Play ACPI device, IDs PNP0f13 (active)
[    6.887634] pnp 00:02: Plug and Play ACPI device, IDs PNP0400 (active)
[    6.895799] pnp 00:03: Plug and Play ACPI device, IDs PNP0501 (active)
[    6.904047] pnp 00:04: Plug and Play ACPI device, IDs PNP0b00 (active)
[    6.912681] system 00:05: [mem 0xb0000000-0xbfffffff window] has been reserved
[    6.921789] system 00:05: Plug and Play ACPI device, IDs PNP0c01 (active)
[    6.931759] pnp: PnP ACPI: found 6 devices
[    6.936814] initcall pnpacpi_init+0x0/0x69 returned 0 after 72230 usecs
[    6.945200] calling  chr_dev_init+0x0/0x14d @ 1
[    7.029867] initcall chr_dev_init+0x0/0x14d returned 0 after 77251 usecs
[    7.039724] calling  firmware_class_init+0x0/0xe7 @ 1
[    7.047703] initcall firmware_class_init+0x0/0xe7 returned 0 after 243 usecs
[    7.058368] calling  init_pcmcia_bus+0x0/0x5b @ 1
[    7.065029] initcall init_pcmcia_bus+0x0/0x5b returned 0 after 118 usecs
[    7.073173] calling  init_acpi_pm_clocksource+0x0/0xda @ 1
[    7.085700] clocksource: acpi_pm: mask: 0xffffff max_cycles: 0xffffff, max_idle_ns: 2085701024 ns
[    7.096283] initcall init_acpi_pm_clocksource+0x0/0xda returned 0 after 15823 usecs
[    7.105220] calling  sysctl_core_init+0x0/0x26 @ 1
[    7.111116] initcall sysctl_core_init+0x0/0x26 returned 0 after 220 usecs
[    7.119273] calling  eth_offload_init+0x0/0x13 @ 1
[    7.124989] initcall eth_offload_init+0x0/0x13 returned 0 after 22 usecs
[    7.133026] calling  ipv4_offload_init+0x0/0x73 @ 1
[    7.139702] initcall ipv4_offload_init+0x0/0x73 returned 0 after 335 usecs
[    7.147859] calling  inet_init+0x0/0x276 @ 1
[    7.153063] NET: Registered protocol family 2
[    7.160407] IP idents hash table entries: 8192 (order: 4, 65536 bytes, linear)
[    7.173267] tcp_listen_portaddr_hash hash table entries: 256 (order: 0, 4096 bytes, linear)
[    7.183301] TCP established hash table entries: 4096 (order: 3, 32768 bytes, linear)
[    7.194359] TCP bind hash table entries: 4096 (order: 4, 65536 bytes, linear)
[    7.205415] TCP: Hash tables configured (established 4096 bind 4096)
[    7.214197] UDP hash table entries: 256 (order: 1, 8192 bytes, linear)
[    7.222262] UDP-Lite hash table entries: 256 (order: 1, 8192 bytes, linear)
[    7.230905] initcall inet_init+0x0/0x276 returned 0 after 76133 usecs
[    7.238730] calling  af_unix_init+0x0/0x4d @ 1
[    7.244035] NET: Registered protocol family 1
[    7.249609] initcall af_unix_init+0x0/0x4d returned 0 after 5440 usecs
[    7.257437] calling  ipv6_offload_init+0x0/0x7e @ 1
[    7.263326] initcall ipv6_offload_init+0x0/0x7e returned 0 after 69 usecs
[    7.271343] calling  init_sunrpc+0x0/0x65 @ 1
[    7.281480] RPC: Registered named UNIX socket transport module.
[    7.289451] RPC: Registered udp transport module.
[    7.295153] RPC: Registered tcp transport module.
[    7.300719] RPC: Registered tcp NFSv4.1 backchannel transport module.
[    7.308351] initcall init_sunrpc+0x0/0x65 returned 0 after 30897 usecs
[    7.316103] calling  cfg80211_init+0x0/0xc5 @ 1
[    7.324153] initcall cfg80211_init+0x0/0xc5 returned 0 after 2632 usecs
[    7.332126] calling  pcibios_assign_resources+0x0/0xbf @ 1
[    7.338840] pci_bus 0000:00: resource 4 [io  0x0000-0x0cf7 window]
[    7.346074] pci_bus 0000:00: resource 5 [io  0x0d00-0xffff window]
[    7.353623] pci_bus 0000:00: resource 6 [mem 0x000a0000-0x000bffff window]
[    7.361680] pci_bus 0000:00: resource 7 [mem 0x20000000-0xafffffff window]
[    7.369943] pci_bus 0000:00: resource 8 [mem 0xc0000000-0xfebfffff window]
[    7.378026] pci_bus 0000:00: resource 9 [mem 0x100000000-0x8ffffffff window]
[    7.386771] initcall pcibios_assign_resources+0x0/0xbf returned 0 after 47011 usecs
[    7.395947] calling  pci_apply_final_quirks+0x0/0x124 @ 1
[    7.403045] pci 0000:00:01.0: calling  pci_fixup_video+0x0/0xe0 @ 1
[    7.410873] pci 0000:00:01.0: Video device with shadowed ROM at [mem 0x000c0000-0x000dffff]
[    7.420843] pci 0000:00:01.0: pci_fixup_video+0x0/0xe0 took 10039 usecs
[    7.428966] PCI: CLS 0 bytes, default 64
[    7.433748] initcall pci_apply_final_quirks+0x0/0x124 returned 0 after 30632 usecs
[    7.442928] calling  acpi_reserve_resources+0x0/0xea @ 1
[    7.449323] initcall acpi_reserve_resources+0x0/0xea returned 0 after 30 usecs
[    7.457903] calling  populate_rootfs+0x0/0x102 @ 1
[    7.466295] initcall populate_rootfs+0x0/0x102 returned 0 after 2400 usecs
[    7.466674] calling  pci_iommu_init+0x0/0x3e @ 1
[    7.466674] initcall pci_iommu_init+0x0/0x3e returned 0 after 50 usecs
[    7.466674] calling  ia32_binfmt_init+0x0/0x13 @ 1
[    7.466674] initcall ia32_binfmt_init+0x0/0x13 returned 0 after 115 usecs
[    7.466674] calling  rapl_pmu_init+0x0/0x267 @ 1
[    7.466674] initcall rapl_pmu_init+0x0/0x267 returned -19 after 132 usecs
[    7.466674] calling  amd_uncore_init+0x0/0x310 @ 1
[    7.466674] initcall amd_uncore_init+0x0/0x310 returned -19 after 0 usecs
[    7.466674] calling  amd_ibs_init+0x0/0x243 @ 1
[    7.466674] initcall amd_ibs_init+0x0/0x243 returned -19 after 0 usecs
[    7.466674] calling  amd_iommu_pc_init+0x0/0x215 @ 1
[    7.466674] initcall amd_iommu_pc_init+0x0/0x215 returned -19 after 39 usecs
[    7.466674] calling  msr_init+0x0/0x55 @ 1
[    7.466674] initcall msr_init+0x0/0x55 returned 0 after 106 usecs
[    7.466674] calling  intel_uncore_init+0x0/0x36f @ 1
[    7.466674] initcall intel_uncore_init+0x0/0x36f returned -19 after 32 usecs
[    7.466674] calling  cstate_pmu_init+0x0/0x1a1 @ 1
[    7.466674] initcall cstate_pmu_init+0x0/0x1a1 returned -19 after 0 usecs
[    7.466674] calling  register_kernel_offset_dumper+0x0/0x1a @ 1
[    7.466674] initcall register_kernel_offset_dumper+0x0/0x1a returned 0 after 1 usecs
[    7.466674] calling  i8259A_init_ops+0x0/0x20 @ 1
[    7.466674] initcall i8259A_init_ops+0x0/0x20 returned 0 after 1 usecs
[    7.466674] calling  init_tsc_clocksource+0x0/0xa4 @ 1
[    7.466674] clocksource: tsc: mask: 0xffffffffffffffff max_cycles: 0x39a85afc727, max_idle_ns: 881590685098 ns
[    7.466674] initcall init_tsc_clocksource+0x0/0xa4 returned 0 after 12366 usecs
[    7.466674] calling  add_rtc_cmos+0x0/0xb0 @ 1
[    7.466674] initcall add_rtc_cmos+0x0/0xb0 returned 0 after 20 usecs
[    7.466674] calling  i8237A_init_ops+0x0/0x3a @ 1
[    7.466674] initcall i8237A_init_ops+0x0/0x3a returned 0 after 113 usecs
[    7.466674] calling  umwait_init+0x0/0x94 @ 1
[    7.466674] initcall umwait_init+0x0/0x94 returned -19 after 20 usecs
[    7.466674] calling  thermal_throttle_init_device+0x0/0x3d @ 1
[    7.466674] initcall thermal_throttle_init_device+0x0/0x3d returned 0 after 44 usecs
[    7.466674] calling  msr_init+0x0/0xd7 @ 1
[    7.778097] initcall msr_init+0x0/0xd7 returned 0 after 44397 usecs
[    7.778747] calling  cpuid_init+0x0/0xd7 @ 1
[    7.844665] initcall cpuid_init+0x0/0xd7 returned 0 after 49897 usecs
[    7.854372] calling  ioapic_init_ops+0x0/0x13 @ 1
[    7.860846] initcall ioapic_init_ops+0x0/0x13 returned 0 after 77 usecs
[    7.869717] calling  add_pcspkr+0x0/0x6c @ 1
[    7.876002] initcall add_pcspkr+0x0/0x6c returned 0 after 591 usecs
[    7.884276] calling  start_periodic_check_for_corruption+0x0/0x30 @ 1
[    7.892391] check: Scanning for low memory corruption every 60 seconds
[    7.900896] initcall start_periodic_check_for_corruption+0x0/0x30 returned 0 after 8340 usecs
[    7.912269] calling  sysfb_init+0x0/0x9c @ 1
[    7.918138] initcall sysfb_init+0x0/0x9c returned 0 after 320 usecs
[    7.926066] calling  audit_classes_init+0x0/0xae @ 1
[    7.932561] initcall audit_classes_init+0x0/0xae returned 0 after 69 usecs
[    7.941825] calling  iosf_mbi_init+0x0/0x24 @ 1
[    7.949099] initcall iosf_mbi_init+0x0/0x24 returned 0 after 1119 usecs
[    7.957887] calling  proc_execdomains_init+0x0/0x21 @ 1
[    7.965312] initcall proc_execdomains_init+0x0/0x21 returned 0 after 330 usecs
[    7.974703] calling  register_warn_debugfs+0x0/0x23 @ 1
[    7.982241] initcall register_warn_debugfs+0x0/0x23 returned 0 after 514 usecs
[    7.991766] calling  cpuhp_sysfs_init+0x0/0x79 @ 1
[    7.999145] initcall cpuhp_sysfs_init+0x0/0x79 returned 0 after 834 usecs
[    8.008267] calling  ioresources_init+0x0/0x49 @ 1
[    8.014657] initcall ioresources_init+0x0/0x49 returned 0 after 54 usecs
[    8.023134] calling  snapshot_device_init+0x0/0xc @ 1
[    8.032940] initcall snapshot_device_init+0x0/0xc returned 0 after 2914 usecs
[    8.042016] calling  irq_pm_init_ops+0x0/0x13 @ 1
[    8.048495] initcall irq_pm_init_ops+0x0/0x13 returned 0 after 42 usecs
[    8.057469] calling  rcu_torture_init+0x0/0x9a6 @ 1
[    8.065465] rcu-torture:--- Start of test: nreaders=15 nfakewriters=4 stat_interval=15 verbose=1 test_no_idle_hz=1 shuffle_interval=3 stutter=5 irqreader=1 fqs_duration=0 fqs_holdoff=0 fqs_stutter=3 test_boost=1/0 test_boost_interval=7 test_boost_duration=4 shutdown_secs=1800 stall_cpu=0 stall_cpu_holdoff=10 stall_cpu_irqsoff=0 stall_cpu_block=0 n_barrier_cbs=4 onoff_interval=1000 onoff_holdoff=30 read_exit_delay=13 read_exit_burst=16
[    8.118184] rcu:  Start-test grace-period state: g-1028 f0x0
[    8.127362] rcu-torture: Creating rcu_torture_writer task
[    8.143411] rcu-torture: Creating rcu_torture_fakewriter task
[    8.144082] rcu-torture: rcu_torture_writer task started
[    8.154699] rcu-torture: Creating rcu_torture_fakewriter task
[    8.154954] rcu-torture: rcu_torture_fakewriter task started
[    8.160331] rcu-torture: GP expediting controlled from boot/sysfs for rcu.
[    8.172243] rcu-torture: Creating rcu_torture_fakewriter task
[    8.172752] rcu-torture: rcu_torture_fakewriter task started
[    8.177742] rcu_torture_writer: Testing conditional GPs.
[    8.191264] rcu-torture: Creating rcu_torture_fakewriter task
[    8.191671] rcu-torture: rcu_torture_fakewriter task started
[    8.196892] rcu_torture_writer: Testing expedited GPs.
[    8.207732] rcu-torture: Creating rcu_torture_reader task
[    8.208192] rcu-torture: rcu_torture_fakewriter task started
[    8.212665] rcu_torture_writer: Testing asynchronous GPs.
[    8.222284] rcu-torture: Creating rcu_torture_reader task
[    8.222382] rcu-torture: rcu_torture_reader task started
[    8.228416] rcu_torture_writer: Testing normal GPs.
[    8.238164] rcu-torture: Creating rcu_torture_reader task
[    8.238738] rcu-torture: rcu_torture_reader task started
[    8.306904] rcu-torture: Creating rcu_torture_reader task
[    8.307241] rcu-torture: rcu_torture_reader task started
[    8.319498] rcu-torture: Creating rcu_torture_reader task
[    8.319753] rcu-torture: rcu_torture_reader task started
[    8.345843] rcu-torture: Creating rcu_torture_reader task
[    8.346365] rcu-torture: rcu_torture_reader task started
[    8.357000] rcu-torture: Creating rcu_torture_reader task
[    8.357868] rcu-torture: rcu_torture_reader task started
[    8.386954] rcu-torture: Creating rcu_torture_reader task
[    8.387822] rcu-torture: rcu_torture_reader task started
[    8.400140] rcu-torture: Creating rcu_torture_reader task
[    8.400821] rcu-torture: rcu_torture_reader task started
[    8.428263] rcu-torture: Creating rcu_torture_reader task
[    8.428472] rcu-torture: rcu_torture_reader task started
[    8.440244] rcu-torture: Creating rcu_torture_reader task
[    8.440407] rcu-torture: rcu_torture_reader task started
[    8.466179] rcu-torture: Creating rcu_torture_reader task
[    8.466192] rcu-torture: rcu_torture_reader task started
[    8.485978] rcu-torture: Creating rcu_torture_reader task
[    8.486728] rcu-torture: rcu_torture_reader task started
[    8.504373] rcu-torture: Creating rcu_torture_reader task
[    8.504392] rcu-torture: rcu_torture_reader task started
[    8.524868] rcu-torture: rcu_torture_reader task started
[    8.525081] rcu-torture: Creating rcu_torture_reader task
[    8.544444] rcu-torture: Creating rcu_torture_stats task
[    8.544448] rcu-torture: rcu_torture_reader task started
[    8.568084] rcu-torture: rcu_torture_stats task started
[    8.568351] rcu-torture: Creating torture_shuffle task
[    8.589481] rcu-torture: Creating torture_stutter task
[    8.590635] rcu-torture: torture_shuffle task started
[    8.608558] rcu-torture: torture_stutter task started
[    8.609243] rcu-torture: Creating torture_shutdown task
[    8.626940] rcu-torture: torture_shutdown task started
[    8.627241] rcu-torture: Creating torture_onoff task
[    8.636058] rcu-torture:torture_shutdown task: 1799973 ms remaining
[    8.645488] rcu-torture: torture_onoff task started
[    8.646255] rcu-torture: Creating rcu_torture_fwd_prog task
[    8.648178] rcu-torture: rcu_torture_fwd_progress task started
[    8.648186] rcu-torture: Creating rcu_torture_barrier_cbs task
[    8.650181] rcu-torture: Creating rcu_torture_barrier_cbs task
[    8.650205] rcu-torture: rcu_torture_barrier_cbs task started
[    8.653196] rcu-torture: Creating rcu_torture_barrier_cbs task
[    8.654078] rcu-torture: rcu_torture_barrier_cbs task started
[    8.657061] rcu-torture: rcu_torture_barrier_cbs task started
[    8.657302] rcu-torture: Creating rcu_torture_barrier_cbs task
[    8.661940] rcu-torture: rcu_torture_barrier_cbs task started
[    8.662225] rcu-torture: Creating rcu_torture_barrier task
[    8.662452] rcu-torture: torture_onoff begin holdoff
[    8.664222] rcu-torture: Creating rcu_torture_read_exit task
[    8.664337] rcu-torture: rcu_torture_barrier task starting
[    8.798982] rcu-torture: rcu_torture_read_exit: Start of test
[    8.797696] initcall rcu_torture_init+0x0/0x9a6 returned 0 after 717521 usecs
[    8.797696] calling  timekeeping_init_ops+0x0/0x13 @ 1
[    8.827233] rcu_torture_rea (193) used greatest stack depth: 15008 bytes left
[    8.797696] initcall timekeeping_init_ops+0x0/0x13 returned 0 after 218 usecs
[    8.797696] calling  init_clocksource_sysfs+0x0/0x23 @ 1
[    8.797696] initcall init_clocksource_sysfs+0x0/0x23 returned 0 after 880 usecs
[    8.797696] calling  init_timer_list_procfs+0x0/0x31 @ 1
[    8.797696] initcall init_timer_list_procfs+0x0/0x31 returned 0 after 94 usecs
[    8.797696] calling  alarmtimer_init+0x0/0xc7 @ 1
[    8.797696] initcall alarmtimer_init+0x0/0xc7 returned 0 after 715 usecs
[    8.906069] calling  init_posix_timers+0x0/0x29 @ 1
[    8.906069] initcall init_posix_timers+0x0/0x29 returned 0 after 243 usecs
[    8.906069] calling  clockevents_init_sysfs+0x0/0xbf @ 1
[    8.906069] initcall clockevents_init_sysfs+0x0/0xbf returned 0 after 1360 usecs
[    8.906069] calling  proc_dma_init+0x0/0x21 @ 1
[    8.906069] initcall proc_dma_init+0x0/0x21 returned 0 after 23 usecs
[    8.906069] calling  proc_modules_init+0x0/0x1e @ 1
[    8.906069] initcall proc_modules_init+0x0/0x1e returned 0 after 83 usecs
[    8.906069] calling  kallsyms_init+0x0/0x21 @ 1
[    8.906069] initcall kallsyms_init+0x0/0x21 returned 0 after 4 usecs
[    8.906069] calling  pid_namespaces_init+0x0/0x2c @ 1
[    8.906069] initcall pid_namespaces_init+0x0/0x2c returned 0 after 1137 usecs
[    8.906069] calling  audit_watch_init+0x0/0x37 @ 1
[    8.906069] initcall audit_watch_init+0x0/0x37 returned 0 after 36 usecs
[    8.906069] calling  audit_fsnotify_init+0x0/0x37 @ 1
[    8.906069] initcall audit_fsnotify_init+0x0/0x37 returned 0 after 1 usecs
[    8.906069] calling  audit_tree_init+0x0/0x6d @ 1
[    8.906069] initcall audit_tree_init+0x0/0x6d returned 0 after 5 usecs
[    8.906069] calling  seccomp_sysctl_init+0x0/0x2b @ 1
[    8.906069] initcall seccomp_sysctl_init+0x0/0x2b returned 0 after 368 usecs
[    9.113308] calling  utsname_sysctl_init+0x0/0x13 @ 1
[    9.123373] initcall utsname_sysctl_init+0x0/0x13 returned 0 after 750 usecs
[    9.135302] calling  init_tracepoints+0x0/0x27 @ 1
[    9.143448] initcall init_tracepoints+0x0/0x27 returned 0 after 94 usecs
[    9.154859] calling  init_blk_tracer+0x0/0x50 @ 1
[    9.166435] initcall init_blk_tracer+0x0/0x50 returned 0 after 3182 usecs
[    9.177997] calling  perf_event_sysfs_init+0x0/0x81 @ 1
[    9.188323] initcall perf_event_sysfs_init+0x0/0x81 returned 0 after 1608 usecs
[    9.200265] calling  system_trusted_keyring_init+0x0/0x60 @ 1
[    9.209598] Initialise system trusted keyrings
[    9.217327] initcall system_trusted_keyring_init+0x0/0x60 returned 0 after 7629 usecs
[    9.231073] calling  kswapd_init+0x0/0x5c @ 1
[    9.241654] initcall kswapd_init+0x0/0x5c returned 0 after 2787 usecs
[    9.241826] calling  extfrag_debug_init+0x0/0x54 @ 1
[    9.241826] initcall extfrag_debug_init+0x0/0x54 returned 0 after 337 usecs
[    9.241826] calling  mm_compute_batch_init+0x0/0x12 @ 1
[    9.241826] initcall mm_compute_batch_init+0x0/0x12 returned 0 after 1 usecs
[    9.241826] calling  slab_proc_init+0x0/0x21 @ 1
[    9.241826] initcall slab_proc_init+0x0/0x21 returned 0 after 130 usecs
[    9.241826] calling  workingset_init+0x0/0x8c @ 1
[    9.241826] workingset: timestamp_bits=56 max_order=17 bucket_order=0
[    9.241826] initcall workingset_init+0x0/0x8c returned 0 after 10892 usecs
[    9.241826] calling  proc_vmalloc_init+0x0/0x32 @ 1
[    9.241826] initcall proc_vmalloc_init+0x0/0x32 returned 0 after 47 usecs
[    9.241826] calling  procswaps_init+0x0/0x1e @ 1
[    9.241826] initcall procswaps_init+0x0/0x1e returned 0 after 76 usecs
[    9.241826] calling  slab_sysfs_init+0x0/0xea @ 1
[    9.241826] initcall slab_sysfs_init+0x0/0xea returned 0 after 8162 usecs
[    9.241826] calling  fcntl_init+0x0/0x29 @ 1
[    9.241826] initcall fcntl_init+0x0/0x29 returned 0 after 10 usecs
[    9.241826] calling  proc_filesystems_init+0x0/0x21 @ 1
[    9.241826] initcall proc_filesystems_init+0x0/0x21 returned 0 after 37 usecs
[    9.241826] calling  start_dirtytime_writeback+0x0/0x29 @ 1
[    9.241826] initcall start_dirtytime_writeback+0x0/0x29 returned 0 after 2 usecs
[    9.241826] calling  blkdev_init+0x0/0x1b @ 1
[    9.241826] initcall blkdev_init+0x0/0x1b returned 0 after 551 usecs
[    9.241826] calling  dio_init+0x0/0x2c @ 1
[    9.241826] initcall dio_init+0x0/0x2c returned 0 after 141 usecs
[    9.241826] calling  dnotify_init+0x0/0x78 @ 1
[    9.241826] initcall dnotify_init+0x0/0x78 returned 0 after 14 usecs
[    9.241826] calling  aio_setup+0x0/0x78 @ 1
[    9.241826] initcall aio_setup+0x0/0x78 returned 0 after 2124 usecs
[    9.241826] calling  io_uring_init+0x0/0x2c @ 1
[    9.241826] initcall io_uring_init+0x0/0x2c returned 0 after 9 usecs
[    9.563302] calling  mbcache_init+0x0/0x30 @ 1
[    9.563588] initcall mbcache_init+0x0/0x30 returned 0 after 121 usecs
[    9.563588] calling  init_grace+0x0/0xc @ 1
[    9.563588] initcall init_grace+0x0/0xc returned 0 after 309 usecs
[    9.563588] calling  init_v2_quota_format+0x0/0x21 @ 1
[    9.563588] initcall init_v2_quota_format+0x0/0x21 returned 0 after 110 usecs
[    9.563588] calling  init_devpts_fs+0x0/0x27 @ 1
[    9.563588] initcall init_devpts_fs+0x0/0x27 returned 0 after 570 usecs
[    9.563588] calling  ext4_init_fs+0x0/0x1d0 @ 1
[    9.563588] initcall ext4_init_fs+0x0/0x1d0 returned 0 after 1332 usecs
[    9.563588] calling  journal_init+0x0/0x11c @ 1
[    9.563588] initcall journal_init+0x0/0x11c returned 0 after 197 usecs
[    9.563588] calling  init_fat_fs+0x0/0x49 @ 1
[    9.563588] initcall init_fat_fs+0x0/0x49 returned 0 after 133 usecs
[    9.563588] calling  init_vfat_fs+0x0/0xc @ 1
[    9.563588] initcall init_vfat_fs+0x0/0xc returned 0 after 4 usecs
[    9.563588] calling  init_msdos_fs+0x0/0xc @ 1
[    9.563588] initcall init_msdos_fs+0x0/0xc returned 0 after 4 usecs
[    9.563588] calling  init_iso9660_fs+0x0/0x6c @ 1
[    9.563588] initcall init_iso9660_fs+0x0/0x6c returned 0 after 621 usecs
[    9.563588] calling  init_nfs_fs+0x0/0x13a @ 1
[    9.761211] initcall init_nfs_fs+0x0/0x13a returned 0 after 9658 usecs
[    9.761211] calling  init_nfs_v2+0x0/0x13 @ 1
[    9.761211] initcall init_nfs_v2+0x0/0x13 returned 0 after 235 usecs
[    9.761211] calling  init_nfs_v3+0x0/0x13 @ 1
[    9.761211] initcall init_nfs_v3+0x0/0x13 returned 0 after 63 usecs
[    9.761211] calling  init_nfs_v4+0x0/0x32 @ 1
[    9.761211] NFS: Registering the id_resolver key type
[    9.761211] Key type id_resolver registered
[    9.761211] Key type id_legacy registered
[    9.761211] initcall init_nfs_v4+0x0/0x32 returned 0 after 24348 usecs
[    9.761211] calling  init_nlm+0x0/0x5b @ 1
[    9.761211] initcall init_nlm+0x0/0x5b returned 0 after 242 usecs
[    9.880824] calling  init_nls_cp437+0x0/0xe @ 1
[    9.889108] initcall init_nls_cp437+0x0/0xe returned 0 after 111 usecs
[    9.901293] calling  init_nls_ascii+0x0/0xe @ 1
[    9.910523] initcall init_nls_ascii+0x0/0xe returned 0 after 0 usecs
[    9.921545] calling  init_nls_iso8859_1+0x0/0xe @ 1
[    9.929670] initcall init_nls_iso8859_1+0x0/0xe returned 0 after 1 usecs
[    9.940471] calling  init_nls_utf8+0x0/0x21 @ 1
[    9.948132] initcall init_nls_utf8+0x0/0x21 returned 0 after 1 usecs
[    9.958911] calling  init_autofs_fs+0x0/0x25 @ 1
[    9.970409] initcall init_autofs_fs+0x0/0x25 returned 0 after 3463 usecs
[    9.982369] calling  ipc_init+0x0/0x24 @ 1
[    9.982834] initcall ipc_init+0x0/0x24 returned 0 after 109 usecs
[    9.982834] calling  ipc_sysctl_init+0x0/0x13 @ 1
[    9.982834] initcall ipc_sysctl_init+0x0/0x13 returned 0 after 185 usecs
[    9.982834] calling  init_mqueue_fs+0x0/0x9a @ 1
[    9.982834] initcall init_mqueue_fs+0x0/0x9a returned 0 after 715 usecs
[    9.982834] calling  key_proc_init+0x0/0x63 @ 1
[    9.982834] initcall key_proc_init+0x0/0x63 returned 0 after 107 usecs
[    9.982834] calling  selinux_nf_ip_init+0x0/0x2e @ 1
[    9.982834] initcall selinux_nf_ip_init+0x0/0x2e returned 0 after 212 usecs
[    9.982834] calling  init_sel_fs+0x0/0x116 @ 1
[    9.982834] initcall init_sel_fs+0x0/0x116 returned 0 after 1 usecs
[    9.982834] calling  selnl_init+0x0/0x7c @ 1
[    9.982834] initcall selnl_init+0x0/0x7c returned 0 after 1773 usecs
[    9.982834] calling  sel_netif_init+0x0/0x36 @ 1
[    9.982834] initcall sel_netif_init+0x0/0x36 returned 0 after 1 usecs
[    9.982834] calling  sel_netnode_init+0x0/0x33 @ 1
[    9.982834] initcall sel_netnode_init+0x0/0x33 returned 0 after 0 usecs
[    9.982834] calling  sel_netport_init+0x0/0x33 @ 1
[    9.982834] initcall sel_netport_init+0x0/0x33 returned 0 after 0 usecs
[    9.982834] calling  aurule_init+0x0/0x2a @ 1
[    9.982834] initcall aurule_init+0x0/0x2a returned 0 after 1 usecs
[    9.982834] calling  crypto_algapi_init+0x0/0xc @ 1
[    9.982834] initcall crypto_algapi_init+0x0/0xc returned 0 after 6 usecs
[    9.982834] calling  jent_mod_init+0x0/0x2d @ 1
[   10.227169] initcall jent_mod_init+0x0/0x2d returned 0 after 11887 usecs
[   10.240017] calling  asymmetric_key_init+0x0/0xc @ 1
[   10.248969] Key type asymmetric registered
[   10.256048] initcall asymmetric_key_init+0x0/0xc returned 0 after 6911 usecs
[   10.269132] calling  x509_key_init+0x0/0xc @ 1
[   10.278563] Asymmetric key parser 'x509' registered
[   10.287118] initcall x509_key_init+0x0/0xc returned 0 after 8477 usecs
[   10.298725] calling  proc_genhd_init+0x0/0x41 @ 1
[   10.307713] initcall proc_genhd_init+0x0/0x41 returned 0 after 6 usecs
[   10.319091] calling  bsg_init+0x0/0x113 @ 1
[   10.327206] Block layer SCSI generic (bsg) driver version 0.4 loaded (major 251)
[   10.340418] initcall bsg_init+0x0/0x113 returned 0 after 13300 usecs
[   10.352265] calling  deadline_init+0x0/0xc @ 1
[   10.360976] io scheduler mq-deadline registered
[   10.369872] initcall deadline_init+0x0/0xc returned 0 after 9100 usecs
[   10.381829] calling  kyber_init+0x0/0xc @ 1
[   10.389558] io scheduler kyber registered
[   10.396978] initcall kyber_init+0x0/0xc returned 0 after 7265 usecs
[   10.408084] calling  mod_init+0x0/0x7 @ 1
[   10.416497] initcall mod_init+0x0/0x7 returned 0 after 0 usecs
[   10.426730] calling  percpu_counter_startup+0x0/0x55 @ 1
[   10.475223] initcall percpu_counter_startup+0x0/0x55 returned 0 after 37966 usecs
[   10.487401] calling  sg_pool_init+0x0/0xb4 @ 1
[   10.488248] initcall sg_pool_init+0x0/0xb4 returned 0 after 1188 usecs
[   10.488248] calling  pcie_portdrv_init+0x0/0x39 @ 1
[   10.488248] initcall pcie_portdrv_init+0x0/0x39 returned 0 after 475 usecs
[   10.488248] calling  pci_proc_init+0x0/0x68 @ 1
[   10.488248] initcall pci_proc_init+0x0/0x68 returned 0 after 289 usecs
[   10.488248] calling  pci_hotplug_init+0x0/0x7 @ 1
[   10.488248] initcall pci_hotplug_init+0x0/0x7 returned 0 after 0 usecs
[   10.488248] calling  efifb_driver_init+0x0/0xe @ 1
[   10.488248] initcall efifb_driver_init+0x0/0xe returned 0 after 122 usecs
[   10.488248] calling  ged_driver_init+0x0/0xe @ 1
[   10.488248] initcall ged_driver_init+0x0/0xe returned 0 after 664 usecs
[   10.488248] calling  acpi_ac_init+0x0/0x92 @ 1
[   10.488248] initcall acpi_ac_init+0x0/0x92 returned 0 after 2990 usecs
[   10.488248] calling  acpi_button_driver_init+0x0/0x52 @ 1
[   10.488248] input: Power Button as /devices/LNXSYSTM:00/LNXPWRBN:00/input/input0
[   10.648203] ACPI: Power Button [PWRF]
[   10.655712] initcall acpi_button_driver_init+0x0/0x52 returned 0 after 24030 usecs
[   10.655712] calling  acpi_fan_driver_init+0x0/0xe @ 1
[   10.655712] initcall acpi_fan_driver_init+0x0/0xe returned 0 after 24 usecs
[   10.655712] calling  acpi_video_init+0x0/0xcb @ 1
[   10.655712] initcall acpi_video_init+0x0/0xcb returned 0 after 462 usecs
[   10.655712] calling  acpi_processor_driver_init+0x0/0xad @ 1
[   10.655712] initcall acpi_processor_driver_init+0x0/0xad returned 0 after 5268 usecs
[   10.655712] calling  acpi_thermal_init+0x0/0x71 @ 1
[   10.748924] initcall acpi_thermal_init+0x0/0x71 returned 0 after 3510 usecs
[   10.749027] calling  acpi_battery_init+0x0/0x32 @ 1
[   10.769771] initcall acpi_battery_init+0x0/0x32 returned 0 after 889 usecs
[   10.769771] calling  bgrt_init+0x0/0xb6 @ 1
[   10.769771] initcall bgrt_init+0x0/0xb6 returned -19 after 95 usecs
[   10.769771] calling  gpio_clk_driver_init+0x0/0xe @ 1
[   10.769771] initcall gpio_clk_driver_init+0x0/0xe returned 0 after 181 usecs
[   10.769771] calling  plt_clk_driver_init+0x0/0xe @ 1
[   10.769771] initcall plt_clk_driver_init+0x0/0xe returned 0 after 41 usecs
[   10.769771] calling  virtio_pci_driver_init+0x0/0x15 @ 1
[   10.769771] initcall virtio_pci_driver_init+0x0/0x15 returned 0 after 390 usecs
[   10.769771] calling  n_null_init+0x0/0x1e @ 1
[   10.769771] initcall n_null_init+0x0/0x1e returned 0 after 340 usecs
[   10.769771] calling  pty_init+0x0/0x1e8 @ 1
[   10.919529] initcall pty_init+0x0/0x1e8 returned 0 after 23330 usecs
[   10.919602] calling  sysrq_init+0x0/0x62 @ 1
[   10.919602] initcall sysrq_init+0x0/0x62 returned 0 after 1182 usecs
[   10.919602] calling  serial8250_init+0x0/0x17e @ 1
[   10.919602] Serial: 8250/16550 driver, 4 ports, IRQ sharing enabled
[   10.959946] 00:03: ttyS0 at I/O 0x3f8 (irq = 4, base_baud = 115200) is a 16550A
[   11.010834] initcall serial8250_init+0x0/0x17e returned 0 after 54718 usecs
[   11.010834] calling  serial_pci_driver_init+0x0/0x15 @ 1
[   11.010834] initcall serial_pci_driver_init+0x0/0x15 returned 0 after 2776 usecs
[   11.010834] calling  exar_pci_driver_init+0x0/0x15 @ 1
[   11.010834] initcall exar_pci_driver_init+0x0/0x15 returned 0 after 23 usecs
[   11.010834] calling  lpss8250_pci_driver_init+0x0/0x15 @ 1
[   11.010834] initcall lpss8250_pci_driver_init+0x0/0x15 returned 0 after 185 usecs
[   11.010834] calling  mid8250_pci_driver_init+0x0/0x15 @ 1
[   11.010834] initcall mid8250_pci_driver_init+0x0/0x15 returned 0 after 25 usecs
[   11.010834] calling  virtio_console_init+0x0/0xff @ 1
[   11.010834] initcall virtio_console_init+0x0/0xff returned 0 after 2293 usecs
[   11.010834] calling  hpet_init+0x0/0x64 @ 1
[   11.144660] initcall hpet_init+0x0/0x64 returned 0 after 12412 usecs
[   11.144660] calling  nvram_module_init+0x0/0x83 @ 1
[   11.177516] Non-volatile memory driver v1.3
[   11.177898] initcall nvram_module_init+0x0/0x83 returned 0 after 12303 usecs
[   11.177898] calling  hwrng_modinit+0x0/0x8a @ 1
[   11.207568] initcall hwrng_modinit+0x0/0x8a returned 0 after 1956 usecs
[   11.220121] calling  mod_init+0x0/0x48 @ 1
[   11.220121] initcall mod_init+0x0/0x48 returned -19 after 0 usecs
[   11.220121] calling  agp_init+0x0/0x23 @ 1
[   11.220121] Linux agpgart interface v0.103
[   11.220121] initcall agp_init+0x0/0x23 returned 0 after 6264 usecs
[   11.220121] calling  agp_amd64_mod_init+0x0/0x5 @ 1
[   11.220121] initcall agp_amd64_mod_init+0x0/0x5 returned -19 after 1103 usecs
[   11.220121] calling  agp_intel_init+0x0/0x28 @ 1
[   11.220121] initcall agp_intel_init+0x0/0x28 returned 0 after 2668 usecs
[   11.220121] calling  drm_kms_helper_init+0x0/0x7 @ 1
[   11.220121] initcall drm_kms_helper_init+0x0/0x7 returned 0 after 121 usecs
[   11.220121] calling  drm_core_init+0x0/0xa4 @ 1
[   11.220121] initcall drm_core_init+0x0/0xa4 returned 0 after 1303 usecs
[   11.220121] calling  i915_init+0x0/0x6b @ 1
[   11.220121] initcall i915_init+0x0/0x6b returned 0 after 7173 usecs
[   11.220121] calling  cn_proc_init+0x0/0x35 @ 1
[   11.220121] initcall cn_proc_init+0x0/0x35 returned 0 after 2 usecs
[   11.220121] calling  topology_sysfs_init+0x0/0x27 @ 1
[   11.220121] initcall topology_sysfs_init+0x0/0x27 returned 0 after 3117 usecs
[   11.220121] calling  cacheinfo_sysfs_init+0x0/0x27 @ 1
[   11.486249] initcall cacheinfo_sysfs_init+0x0/0x27 returned 0 after 79992 usecs
[   11.486600] calling  loop_init+0x0/0x168 @ 1
[   12.023613] loop: module loaded
[   12.023613] initcall loop_init+0x0/0x168 returned 0 after 513189 usecs
[   12.023613] calling  mac_hid_init+0x0/0x21 @ 1
[   12.023613] initcall mac_hid_init+0x0/0x21 returned 0 after 51 usecs
[   12.023613] calling  spi_transport_init+0x0/0x74 @ 1
[   12.023613] initcall spi_transport_init+0x0/0x74 returned 0 after 156 usecs
[   12.023613] calling  init_sd+0x0/0x18c @ 1
[   12.023613] initcall init_sd+0x0/0x18c returned 0 after 238 usecs
[   12.023613] calling  init_sr+0x0/0x43 @ 1
[   12.023613] initcall init_sr+0x0/0x43 returned 0 after 32 usecs
[   12.023613] calling  init_sg+0x0/0x1c0 @ 1
[   12.023613] initcall init_sg+0x0/0x1c0 returned 0 after 154 usecs
[   12.023613] calling  ahci_pci_driver_init+0x0/0x15 @ 1
[   12.023613] ahci 0000:00:1f.2: version 3.0
[   12.023613] PCI Interrupt Link [GSIA] enabled at IRQ 16
[   12.023613] ahci 0000:00:1f.2: AHCI 0001.0000 32 slots 6 ports 1.5 Gbps 0x3f impl SATA mode
[   12.023613] ahci 0000:00:1f.2: flags: 64bit ncq only 
[   12.241864] scsi host0: ahci
[   12.273149] scsi host1: ahci
[   12.292274] scsi host2: ahci
[   12.320215] scsi host3: ahci
[   12.398567] scsi host4: ahci
[   12.428183] scsi host5: ahci
[   12.428545] ata1: SATA max UDMA/133 abar m4096@0xfebf1000 port 0xfebf1100 irq 24
[   12.428545] ata2: SATA max UDMA/133 abar m4096@0xfebf1000 port 0xfebf1180 irq 24
[   12.428545] ata3: SATA max UDMA/133 abar m4096@0xfebf1000 port 0xfebf1200 irq 24
[   12.428545] ata4: SATA max UDMA/133 abar m4096@0xfebf1000 port 0xfebf1280 irq 24
[   12.428545] ata5: SATA max UDMA/133 abar m4096@0xfebf1000 port 0xfebf1300 irq 24
[   12.428545] ata6: SATA max UDMA/133 abar m4096@0xfebf1000 port 0xfebf1380 irq 24
[   12.498390] initcall ahci_pci_driver_init+0x0/0x15 returned 0 after 342561 usecs
[   12.498390] calling  piix_init+0x0/0x26 @ 1
[   12.498390] initcall piix_init+0x0/0x26 returned 0 after 97 usecs
[   12.530132] calling  amd_pci_driver_init+0x0/0x15 @ 1
[   12.538658] initcall amd_pci_driver_init+0x0/0x15 returned 0 after 52 usecs
[   12.550877] calling  oldpiix_pci_driver_init+0x0/0x15 @ 1
[   12.560310] initcall oldpiix_pci_driver_init+0x0/0x15 returned 0 after 69 usecs
[   12.575109] calling  sch_pci_driver_init+0x0/0x15 @ 1
[   12.582928] initcall sch_pci_driver_init+0x0/0x15 returned 0 after 126 usecs
[   12.593401] calling  net_olddevs_init+0x0/0x55 @ 1
[   12.600939] initcall net_olddevs_init+0x0/0x55 returned 0 after 277 usecs
[   12.611793] calling  blackhole_netdev_init+0x0/0x78 @ 1
[   12.621186] initcall blackhole_netdev_init+0x0/0x78 returned 0 after 449 usecs
[   12.631724] calling  phy_module_init+0x0/0x13 @ 1
[   12.639266] initcall phy_module_init+0x0/0x13 returned 0 after 645 usecs
[   12.649061] calling  tg3_driver_init+0x0/0x15 @ 1
[   12.656406] initcall tg3_driver_init+0x0/0x15 returned 0 after 88 usecs
[   12.682143] calling  e100_init_module+0x0/0x4c @ 1
[   12.683697] hrtimer: interrupt took 3590907 ns
[   12.689474] e100: Intel(R) PRO/100 Network Driver
[   12.689475] e100: Copyright(c) 1999-2006 Intel Corporation
[   12.689514] initcall e100_init_module+0x0/0x4c returned 0 after 55 usecs
[   12.689516] calling  e1000_init_module+0x0/0x72 @ 1
[   12.689517] e1000: Intel(R) PRO/1000 Network Driver
[   12.689569] e1000: Copyright (c) 1999-2006 Intel Corporation.
[   12.800370] initcall e1000_init_module+0x0/0x72 returned 0 after 108247 usecs
[   12.812314] calling  e1000_init_module+0x0/0x2d @ 1
[   12.820392] e1000e: Intel(R) PRO/1000 Network Driver
[   12.826350] ata1: SATA link down (SStatus 0 SControl 300)
[   12.843409] e1000e: Copyright(c) 1999 - 2015 Intel Corporation.
[   12.843517] initcall e1000_init_module+0x0/0x2d returned 0 after 22611 usecs
[   12.843520] calling  sky2_init_module+0x0/0x21 @ 1
[   12.843521] sky2: driver version 1.30
[   12.843660] initcall sky2_init_module+0x0/0x21 returned 0 after 133 usecs
[   12.843662] calling  forcedeth_pci_driver_init+0x0/0x15 @ 1
[   12.843675] initcall forcedeth_pci_driver_init+0x0/0x15 returned 0 after 9 usecs
[   12.843676] calling  rtl8139_init_module+0x0/0x15 @ 1
[   12.843728] initcall rtl8139_init_module+0x0/0x15 returned 0 after 47 usecs
[   12.843730] calling  rtl8169_pci_driver_init+0x0/0x15 @ 1
[   12.843766] initcall rtl8169_pci_driver_init+0x0/0x15 returned 0 after 33 usecs
[   12.843768] calling  cdrom_init+0x0/0xc @ 1
[   12.843844] initcall cdrom_init+0x0/0xc returned 0 after 43 usecs
[   12.843846] calling  nonstatic_sysfs_init+0x0/0xc @ 1
[   12.843902] initcall nonstatic_sysfs_init+0x0/0xc returned 0 after 52 usecs
[   12.843904] calling  yenta_cardbus_driver_init+0x0/0x15 @ 1
[   12.843985] initcall yenta_cardbus_driver_init+0x0/0x15 returned 0 after 76 usecs
[   12.843987] calling  mon_init+0x0/0x12d @ 1
[   12.844954] initcall mon_init+0x0/0x12d returned 0 after 940 usecs
[   12.844956] calling  ehci_hcd_init+0x0/0x56 @ 1
[   12.844983] ehci_hcd: USB 2.0 'Enhanced' Host Controller (EHCI) Driver
[   12.844986] initcall ehci_hcd_init+0x0/0x56 returned 0 after 26 usecs
[   12.844987] calling  ehci_pci_init+0x0/0x64 @ 1
[   12.844988] ehci-pci: EHCI PCI platform driver
[   12.845019] initcall ehci_pci_init+0x0/0x64 returned 0 after 29 usecs
[   12.845021] calling  ohci_hcd_mod_init+0x0/0x4e @ 1
[   12.845022] ohci_hcd: USB 1.1 'Open' Host Controller (OHCI) Driver
[   12.845027] initcall ohci_hcd_mod_init+0x0/0x4e returned 0 after 4 usecs
[   12.845029] calling  ohci_pci_init+0x0/0x64 @ 1
[   12.845045] ohci-pci: OHCI PCI platform driver
[   12.845054] initcall ohci_pci_init+0x0/0x64 returned 0 after 22 usecs
[   12.845055] calling  uhci_hcd_init+0x0/0xa8 @ 1
[   12.845057] uhci_hcd: USB Universal Host Controller Interface driver
[   12.845119] initcall uhci_hcd_init+0x0/0xa8 returned 0 after 59 usecs
[   12.845121] calling  xhci_hcd_init+0x0/0x1e @ 1
[   12.845139] initcall xhci_hcd_init+0x0/0x1e returned 0 after 15 usecs
[   12.845141] calling  xhci_pci_init+0x0/0x49 @ 1
[   12.845188] initcall xhci_pci_init+0x0/0x49 returned 0 after 44 usecs
[   12.845190] calling  usblp_driver_init+0x0/0x15 @ 1
[   12.845278] usbcore: registered new interface driver usblp
[   12.845281] initcall usblp_driver_init+0x0/0x15 returned 0 after 85 usecs
[   12.845283] calling  usb_storage_driver_init+0x0/0x2a @ 1
[   12.845307] usbcore: registered new interface driver usb-storage
[   12.845309] initcall usb_storage_driver_init+0x0/0x2a returned 0 after 23 usecs
[   12.845334] calling  i8042_init+0x0/0x4c2 @ 1
[   12.845813] i8042: PNP: PS/2 Controller [PNP0303:KBD,PNP0f13:MOU] at 0x60,0x64 irq 1,12
[   12.864665] serio: i8042 KBD port at 0x60,0x64 irq 1
[   12.889270] ata5: SATA link down (SStatus 0 SControl 300)
[   12.921968] ata4: SATA link down (SStatus 0 SControl 300)
[   12.864665] serio: i8042 AUX port at 0x60,0x64 irq 12
[   12.949690] ata6: SATA link down (SStatus 0 SControl 300)
[   12.953106] initcall i8042_init+0x0/0x4c2 returned 0 after 105238 usecs
[   12.976928] ata2: SATA link down (SStatus 0 SControl 300)
[   12.981584] calling  serport_init+0x0/0x2c @ 1
[   12.981587] initcall serport_init+0x0/0x2c returned 0 after 0 usecs
[   12.981589] calling  input_leds_init+0x0/0xc @ 1
[   12.981612] initcall input_leds_init+0x0/0xc returned 0 after 19 usecs
[   12.991603] ata3: SATA link up 1.5 Gbps (SStatus 113 SControl 300)
[   12.997760] calling  evdev_init+0x0/0xc @ 1
[   13.035068] ata3.00: ATAPI: QEMU DVD-ROM, 2.5+, max UDMA/100
[   13.060711] initcall evdev_init+0x0/0xc returned 0 after 4225 usecs
[   13.068700] ata3.00: applying bridge limits
[   13.070695] ata3.00: configured for UDMA/100
[   13.076898] calling  atkbd_init+0x0/0x21 @ 1
[   13.077002] initcall atkbd_init+0x0/0x21 returned 0 after 97 usecs
[   13.108221] scsi 2:0:0:0: CD-ROM            QEMU     QEMU DVD-ROM     2.5+ PQ: 0 ANSI: 5
[   13.129313] calling  psmouse_init+0x0/0x7f @ 1
[   13.589096] initcall psmouse_init+0x0/0x7f returned 0 after 3879 usecs
[   13.599080] calling  cmos_init+0x0/0x73 @ 1
[   13.609334] rtc_cmos 00:04: RTC can wake from S4
[   13.631707] rtc_cmos 00:04: registered as rtc0
[   13.639188] rtc_cmos 00:04: alarms up to one day, y3k, 242 bytes nvram, hpet irqs
[   13.667274] input: AT Translated Set 2 keyboard as /devices/platform/i8042/serio0/input/input1
[   13.682350] initcall cmos_init+0x0/0x73 returned 0 after 72820 usecs
[   13.682355] calling  smbalert_driver_init+0x0/0xe @ 1
[   13.682599] initcall smbalert_driver_init+0x0/0xe returned 0 after 235 usecs
[   13.682601] calling  i2c_i801_init+0x0/0xc5 @ 1
[   13.708194] i801_smbus 0000:00:1f.3: SMBus using PCI interrupt
[   13.739821] rcu-torture: rcu_torture_read_exit: End of episode
[   13.747640] i2c i2c-0: 1/1 memory slots populated (from DMI)
[   13.773796] i2c i2c-0: Memory type 0x07 not supported yet, not instantiating SPD
[   13.785908] initcall i2c_i801_init+0x0/0xc5 returned 0 after 100878 usecs
[   13.796854] calling  ptp_kvm_init+0x0/0xf0 @ 1
[   13.807487] initcall ptp_kvm_init+0x0/0xf0 returned 0 after 3346 usecs
[   13.817319] calling  dm_init+0x0/0x3c @ 1
[   13.824432] sr 2:0:0:0: [sr0] scsi3-mmc drive: 4x/4x cd/rw xa/form2 tray
[   13.834299] cdrom: Uniform CD-ROM driver Revision: 3.20
[   13.839798] device-mapper: ioctl: 4.43.0-ioctl (2020-10-01) initialised: dm-devel@redhat.com
[   13.856382] initcall dm_init+0x0/0x3c returned 0 after 31403 usecs
[   13.865223] calling  dm_mirror_init+0x0/0x29 @ 1
[   13.872456] initcall dm_mirror_init+0x0/0x29 returned 0 after 17 usecs
[   13.881514] calling  dm_dirty_log_init+0x0/0x4f @ 1
[   13.888301] initcall dm_dirty_log_init+0x0/0x4f returned 0 after 37 usecs
[   13.898595] calling  dm_zero_init+0x0/0x29 @ 1
[   13.904961] initcall dm_zero_init+0x0/0x29 returned 0 after 28 usecs
[   13.914243] calling  intel_pstate_init+0x0/0x50d @ 1
[   13.921079] intel_pstate: CPU model not supported
[   13.928156] initcall intel_pstate_init+0x0/0x50d returned -19 after 6927 usecs
[   13.938454] calling  haltpoll_init+0x0/0xc0 @ 1
[   13.945705] initcall haltpoll_init+0x0/0xc0 returned -19 after 66 usecs
[   13.955327] calling  efivars_sysfs_init+0x0/0x30 @ 1
[   13.962843] initcall efivars_sysfs_init+0x0/0x30 returned 0 after 140 usecs
[   13.973425] calling  esrt_sysfs_init+0x0/0x2a2 @ 1
[   13.981814] initcall esrt_sysfs_init+0x0/0x2a2 returned -38 after 309 usecs
[   14.005792] calling  hid_init+0x0/0x5c @ 1
[   14.013434] hid: raw HID events driver (C) Jiri Kosina
[   14.023420] initcall hid_init+0x0/0x5c returned 0 after 10228 usecs
[   14.032768] calling  hid_generic_init+0x0/0x15 @ 1
[   14.042904] initcall hid_generic_init+0x0/0x15 returned 0 after 1325 usecs
[   14.053892] calling  a4_driver_init+0x0/0x15 @ 1
[   14.060879] initcall a4_driver_init+0x0/0x15 returned 0 after 24 usecs
[   14.071408] calling  apple_driver_init+0x0/0x15 @ 1
[   14.079008] initcall apple_driver_init+0x0/0x15 returned 0 after 176 usecs
[   14.089673] calling  belkin_driver_init+0x0/0x15 @ 1
[   14.097598] initcall belkin_driver_init+0x0/0x15 returned 0 after 25 usecs
[   14.108487] calling  ch_driver_init+0x0/0x15 @ 1
[   14.115042] initcall ch_driver_init+0x0/0x15 returned 0 after 19 usecs
[   14.124091] calling  ch_driver_init+0x0/0x15 @ 1
[   14.130990] initcall ch_driver_init+0x0/0x15 returned 0 after 20 usecs
[   14.140763] calling  cp_driver_init+0x0/0x15 @ 1
[   14.147750] initcall cp_driver_init+0x0/0x15 returned 0 after 38 usecs
[   14.156891] calling  ez_driver_init+0x0/0x15 @ 1
[   14.163985] initcall ez_driver_init+0x0/0x15 returned 0 after 41 usecs
[   14.173637] calling  gyration_driver_init+0x0/0x15 @ 1
[   14.181186] initcall gyration_driver_init+0x0/0x15 returned 0 after 77 usecs
[   14.191679] calling  ite_driver_init+0x0/0x15 @ 1
[   14.198476] initcall ite_driver_init+0x0/0x15 returned 0 after 24 usecs
[   14.207857] calling  ks_driver_init+0x0/0x15 @ 1
[   14.214679] initcall ks_driver_init+0x0/0x15 returned 0 after 35 usecs
[   14.224566] calling  lg_driver_init+0x0/0x15 @ 1
[   14.231644] initcall lg_driver_init+0x0/0x15 returned 0 after 25 usecs
[   14.241404] calling  lg_g15_driver_init+0x0/0x15 @ 1
[   14.248919] initcall lg_g15_driver_init+0x0/0x15 returned 0 after 41 usecs
[   14.259048] calling  ms_driver_init+0x0/0x15 @ 1
[   14.265751] initcall ms_driver_init+0x0/0x15 returned 0 after 18 usecs
[   14.275468] calling  mr_driver_init+0x0/0x15 @ 1
[   14.282067] initcall mr_driver_init+0x0/0x15 returned 0 after 47 usecs
[   14.291393] calling  ntrig_driver_init+0x0/0x15 @ 1
[   14.298333] initcall ntrig_driver_init+0x0/0x15 returned 0 after 55 usecs
[   14.307801] calling  pl_driver_init+0x0/0x15 @ 1
[   14.314425] initcall pl_driver_init+0x0/0x15 returned 0 after 19 usecs
[   14.323719] calling  pl_driver_init+0x0/0x15 @ 1
[   14.330485] initcall pl_driver_init+0x0/0x15 returned 0 after 22 usecs
[   14.339903] calling  redragon_driver_init+0x0/0x15 @ 1
[   14.347463] initcall redragon_driver_init+0x0/0x15 returned 0 after 22 usecs
[   14.357738] calling  samsung_driver_init+0x0/0x15 @ 1
[   14.365249] initcall samsung_driver_init+0x0/0x15 returned 0 after 49 usecs
[   14.375391] calling  sony_init+0x0/0x38 @ 1
[   14.381317] initcall sony_init+0x0/0x38 returned 0 after 19 usecs
[   14.389480] calling  sp_driver_init+0x0/0x15 @ 1
[   14.396676] initcall sp_driver_init+0x0/0x15 returned 0 after 41 usecs
[   14.406289] calling  ts_driver_init+0x0/0x15 @ 1
[   14.413124] initcall ts_driver_init+0x0/0x15 returned 0 after 21 usecs
[   14.422437] calling  hid_init+0x0/0x58 @ 1
[   14.429113] usbcore: registered new interface driver usbhid
[   14.437491] usbhid: USB HID core driver
[   14.443316] initcall hid_init+0x0/0x58 returned 0 after 14570 usecs
[   14.454240] calling  eeepc_laptop_init+0x0/0x57 @ 1
[   14.462412] initcall eeepc_laptop_init+0x0/0x57 returned -19 after 798 usecs
[   14.473655] calling  pmc_atom_init+0x0/0x27a @ 1
[   14.480761] initcall pmc_atom_init+0x0/0x27a returned -19 after 38 usecs
[   14.483624] input: ImExPS/2 Generic Explorer Mouse as /devices/platform/i8042/serio1/input/input3
[   14.490741] calling  alsa_hwdep_init+0x0/0x5e @ 1
[   14.511137] initcall alsa_hwdep_init+0x0/0x5e returned 0 after 222 usecs
[   14.520247] calling  alsa_timer_init+0x0/0x1f0 @ 1
[   14.535054] initcall alsa_timer_init+0x0/0x1f0 returned 0 after 7313 usecs
[   14.545731] calling  snd_hrtimer_init+0x0/0x117 @ 1
