c[?7l[2J[0mSeaBIOS (version 1.16.0-debian-1.16.0-4)
Booting from ROM...
early console in setup code
c[?7l[2J[    0.000000] Linux version 5.10.152+ (root@joelboxx.c.googlers.com) (gcc (Debian 12.2.0-3) 12.2.0, GNU ld (GNU Binutils for Debian) 2.39) #12 SMP PREEMPT Tue Dec 13 08:21:29 UTC 2022
[    0.000000] Command line: selinux=0 initcall_debug debug console=ttyS0 rcutorture.torture_type=tasks rcutorture.onoff_interval=1000 rcutorture.onoff_holdoff=30 rcutorture.n_barrier_cbs=4 rcutorture.stat_interval=15 rcutorture.shutdown_secs=1800 rcutorture.test_no_idle_hz=1 rcutorture.verbose=1
[    0.000000] x86/fpu: x87 FPU will use FXSAVE
[    0.000000] BIOS-provided physical RAM map:
[    0.000000] BIOS-e820: [mem 0x0000000000000000-0x000000000009fbff] usable
[    0.000000] BIOS-e820: [mem 0x000000000009fc00-0x000000000009ffff] reserved
[    0.000000] BIOS-e820: [mem 0x00000000000f0000-0x00000000000fffff] reserved
[    0.000000] BIOS-e820: [mem 0x0000000000100000-0x000000001ffdefff] usable
[    0.000000] BIOS-e820: [mem 0x000000001ffdf000-0x000000001fffffff] reserved
[    0.000000] BIOS-e820: [mem 0x00000000b0000000-0x00000000bfffffff] reserved
[    0.000000] BIOS-e820: [mem 0x00000000fed1c000-0x00000000fed1ffff] reserved
[    0.000000] BIOS-e820: [mem 0x00000000feffc000-0x00000000feffffff] reserved
[    0.000000] BIOS-e820: [mem 0x00000000fffc0000-0x00000000ffffffff] reserved
[    0.000000] NX (Execute Disable) protection: active
[    0.000000] SMBIOS 2.8 present.
[    0.000000] DMI: QEMU Standard PC (Q35 + ICH9, 2009), BIOS 1.16.0-debian-1.16.0-4 04/01/2014
[    0.000000] Hypervisor detected: KVM
[    0.000000] kvm-clock: Using msrs 4b564d01 and 4b564d00
[    0.000000] kvm-clock: cpu 0, msr cf29001, primary cpu clock
[    0.000095] kvm-clock: using sched offset of 2109323984 cycles
[    0.000611] clocksource: kvm-clock: mask: 0xffffffffffffffff max_cycles: 0x1cd42e4dffb, max_idle_ns: 881590591483 ns
[    0.000976] tsc: Detected 1999.999 MHz processor
[    0.010878] e820: update [mem 0x00000000-0x00000fff] usable ==> reserved
[    0.010887] e820: remove [mem 0x000a0000-0x000fffff] usable
[    0.010898] last_pfn = 0x1ffdf max_arch_pfn = 0x400000000
[    0.011780] MTRR default type: write-back
[    0.011867] MTRR fixed ranges enabled:
[    0.011870]   00000-9FFFF write-back
[    0.011872]   A0000-BFFFF uncachable
[    0.011875]   C0000-FFFFF write-protect
[    0.011878] MTRR variable ranges enabled:
[    0.011881]   0 base 00C0000000 mask FFC0000000 uncachable
[    0.011883]   1 disabled
[    0.011885]   2 disabled
[    0.011887]   3 disabled
[    0.011889]   4 disabled
[    0.011892]   5 disabled
[    0.011894]   6 disabled
[    0.011896]   7 disabled
[    0.012362] x86/PAT: Configuration [0-7]: WB  WC  UC- UC  WB  WC  UC- UC  
[    0.022698] found SMP MP-table at [mem 0x000f5ba0-0x000f5baf]
[    0.025973] check: Scanning 1 areas for low memory corruption
[    0.048407] ACPI: Early table checksum verification disabled
[    0.052767] ACPI: RSDP 0x00000000000F59E0 000014 (v00 BOCHS )
[    0.053266] ACPI: RSDT 0x000000001FFE22F5 000038 (v01 BOCHS  BXPC     00000001 BXPC 00000001)
[    0.053859] ACPI: FACP 0x000000001FFE20E5 0000F4 (v03 BOCHS  BXPC     00000001 BXPC 00000001)
[    0.054084] ACPI: DSDT 0x000000001FFE0040 0020A5 (v01 BOCHS  BXPC     00000001 BXPC 00000001)
[    0.054092] ACPI: FACS 0x000000001FFE0000 000040
[    0.054099] ACPI: APIC 0x000000001FFE21D9 000080 (v01 BOCHS  BXPC     00000001 BXPC 00000001)
[    0.054106] ACPI: HPET 0x000000001FFE2259 000038 (v01 BOCHS  BXPC     00000001 BXPC 00000001)
[    0.054117] ACPI: MCFG 0x000000001FFE2291 00003C (v01 BOCHS  BXPC     00000001 BXPC 00000001)
[    0.054124] ACPI: WAET 0x000000001FFE22CD 000028 (v01 BOCHS  BXPC     00000001 BXPC 00000001)
[    0.054208] ACPI: Reserving FACP table memory at [mem 0x1ffe20e5-0x1ffe21d8]
[    0.054212] ACPI: Reserving DSDT table memory at [mem 0x1ffe0040-0x1ffe20e4]
[    0.054215] ACPI: Reserving FACS table memory at [mem 0x1ffe0000-0x1ffe003f]
[    0.054217] ACPI: Reserving APIC table memory at [mem 0x1ffe21d9-0x1ffe2258]
[    0.054220] ACPI: Reserving HPET table memory at [mem 0x1ffe2259-0x1ffe2290]
[    0.054222] ACPI: Reserving MCFG table memory at [mem 0x1ffe2291-0x1ffe22cc]
[    0.054229] ACPI: Reserving WAET table memory at [mem 0x1ffe22cd-0x1ffe22f4]
[    0.055436] ACPI: Local APIC address 0xfee00000
[    0.061221] No NUMA configuration found
[    0.061231] Faking a node at [mem 0x0000000000000000-0x000000001ffdefff]
[    0.061460] NODE_DATA(0) allocated [mem 0x1ffdb000-0x1ffdefff]
[    0.063939] Zone ranges:
[    0.064138]   DMA      [mem 0x0000000000001000-0x0000000000ffffff]
[    0.064245]   DMA32    [mem 0x0000000001000000-0x000000001ffdefff]
[    0.064249]   Normal   empty
[    0.064253] Movable zone start for each node
[    0.064255] Early memory node ranges
[    0.064258]   node   0: [mem 0x0000000000001000-0x000000000009efff]
[    0.064338]   node   0: [mem 0x0000000000100000-0x000000001ffdefff]
[    0.064518] Initmem setup node 0 [mem 0x0000000000001000-0x000000001ffdefff]
[    0.064669] On node 0 totalpages: 130941
[    0.064903]   DMA zone: 64 pages used for memmap
[    0.064906]   DMA zone: 21 pages reserved
[    0.064908]   DMA zone: 3998 pages, LIFO batch:0
[    0.064911]   DMA32 zone: 1984 pages used for memmap
[    0.064913]   DMA32 zone: 126943 pages, LIFO batch:31
[    0.065793] On node 0, zone DMA: 1 pages in unavailable ranges
[    0.065815] On node 0, zone DMA: 97 pages in unavailable ranges
[    0.166740] On node 0, zone DMA32: 33 pages in unavailable ranges
[    0.170395] ACPI: PM-Timer IO Port: 0x608
[    0.170406] ACPI: Local APIC address 0xfee00000
[    0.170766] ACPI: LAPIC_NMI (acpi_id[0xff] dfl dfl lint[0x1])
[    0.172628] IOAPIC[0]: apic_id 0, version 17, address 0xfec00000, GSI 0-23
[    0.172928] ACPI: INT_SRC_OVR (bus 0 bus_irq 0 global_irq 2 dfl dfl)
[    0.173096] ACPI: INT_SRC_OVR (bus 0 bus_irq 5 global_irq 5 high level)
[    0.173100] ACPI: INT_SRC_OVR (bus 0 bus_irq 9 global_irq 9 high level)
[    0.173325] ACPI: INT_SRC_OVR (bus 0 bus_irq 10 global_irq 10 high level)
[    0.173329] ACPI: INT_SRC_OVR (bus 0 bus_irq 11 global_irq 11 high level)
[    0.173333] ACPI: IRQ0 used by override.
[    0.173423] ACPI: IRQ5 used by override.
[    0.173426] ACPI: IRQ9 used by override.
[    0.173428] ACPI: IRQ10 used by override.
[    0.173431] ACPI: IRQ11 used by override.
[    0.173520] Using ACPI (MADT) for SMP configuration information
[    0.173524] ACPI: HPET id: 0x8086a201 base: 0xfed00000
[    0.174564] smpboot: Allowing 2 CPUs, 0 hotplug CPUs
[    0.178437] PM: hibernation: Registered nosave memory: [mem 0x00000000-0x00000fff]
[    0.178442] PM: hibernation: Registered nosave memory: [mem 0x0009f000-0x0009ffff]
[    0.178445] PM: hibernation: Registered nosave memory: [mem 0x000a0000-0x000effff]
[    0.178447] PM: hibernation: Registered nosave memory: [mem 0x000f0000-0x000fffff]
[    0.178534] [mem 0x20000000-0xafffffff] available for PCI devices
[    0.178698] Booting paravirtualized kernel on KVM
[    0.179709] clocksource: refined-jiffies: mask: 0xffffffff max_cycles: 0xffffffff, max_idle_ns: 1910969940391419 ns
[    0.203914] setup_percpu: NR_CPUS:2 nr_cpumask_bits:2 nr_cpu_ids:2 nr_node_ids:1
[    0.253577] percpu: Embedded 58 pages/cpu s198480 r8192 d30896 u1048576
[    0.253680] pcpu-alloc: s198480 r8192 d30896 u1048576 alloc=1*2097152
[    0.253770] pcpu-alloc: [0] 0 1 
[    0.254320] kvm-guest: stealtime: cpu 0, msr 1f41bb40
[    0.257086] Built 1 zonelists, mobility grouping on.  Total pages: 128872
[    0.257090] Policy zone: DMA32
[    0.257279] Kernel command line: selinux=0 initcall_debug debug console=ttyS0 rcutorture.torture_type=tasks rcutorture.onoff_interval=1000 rcutorture.onoff_holdoff=30 rcutorture.n_barrier_cbs=4 rcutorture.stat_interval=15 rcutorture.shutdown_secs=1800 rcutorture.test_no_idle_hz=1 rcutorture.verbose=1
[    0.284958] Dentry cache hash table entries: 65536 (order: 7, 524288 bytes, linear)
[    0.290899] Inode-cache hash table entries: 32768 (order: 6, 262144 bytes, linear)
[    0.291900] mem auto-init: stack:all(zero), heap alloc:off, heap free:off
[    0.304119] Memory: 466776K/523764K available (16398K kernel code, 2805K rwdata, 4836K rodata, 1516K init, 13268K bss, 56728K reserved, 0K cma-reserved)
[    0.306175] SLUB: HWalign=64, Order=0-3, MinObjects=0, CPUs=2, Nodes=1
[    0.308279] Kernel/User page tables isolation: enabled
[    0.334139] Running RCU self tests
[    0.334956] rcu: Preemptible hierarchical RCU implementation.
[    0.334960] rcu: 	RCU event tracing is enabled.
[    0.334962] rcu: 	RCU lockdep checking is enabled.
[    0.335043] 	Trampoline variant of Tasks RCU enabled.
[    0.335046] 	Rude variant of Tasks RCU enabled.
[    0.335048] 	Tracing variant of Tasks RCU enabled.
[    0.335362] rcu: RCU calculated value of scheduler-enlistment delay is 100 jiffies.
[    0.358653] NR_IRQS: 4352, nr_irqs: 440, preallocated irqs: 16
[    0.366807] calling  con_init+0x0/0x24f @ 0
[    0.569608] Console: colour VGA+ 80x25
[    0.569793] initcall con_init+0x0/0x24f returned 0 after 0 usecs
[    0.569798] calling  hvc_console_init+0x0/0x13 @ 0
[    0.569938] initcall hvc_console_init+0x0/0x13 returned 0 after 0 usecs
[    0.569942] calling  univ8250_console_init+0x0/0x26 @ 0
[    1.488260] printk: console [ttyS0] enabled
[    1.494019] initcall univ8250_console_init+0x0/0x26 returned 0 after 0 usecs
[    1.502357] Lock dependency validator: Copyright (c) 2006 Red Hat, Inc., Ingo Molnar
[    1.510471] ... MAX_LOCKDEP_SUBCLASSES:  8
[    1.514855] ... MAX_LOCK_DEPTH:          48
[    1.519460] ... MAX_LOCKDEP_KEYS:        8192
[    1.524185] ... CLASSHASH_SIZE:          4096
[    1.529508] ... MAX_LOCKDEP_ENTRIES:     32768
[    1.534465] ... MAX_LOCKDEP_CHAINS:      65536
[    1.540260] ... CHAINHASH_SIZE:          32768
[    1.546360]  memory used by lock dependency info: 6365 kB
[    1.553694]  memory used for stack traces: 4224 kB
[    1.560250]  per task-struct memory footprint: 1920 bytes
[    1.574167] ACPI: Core revision 20200925
[    1.583464] clocksource: hpet: mask: 0xffffffff max_cycles: 0xffffffff, max_idle_ns: 19112604467 ns
[    1.598890] APIC: Switch to symmetric I/O mode setup
[    1.624812] ..TIMER: vector=0x30 apic1=0 pin1=2 apic2=-1 pin2=-1
[    1.635800] clocksource: tsc-early: mask: 0xffffffffffffffff max_cycles: 0x39a85afc727, max_idle_ns: 881590685098 ns
[    1.650852] Calibrating delay loop (skipped) preset value.. 3999.99 BogoMIPS (lpj=1999999)
[    1.651491] pid_max: default: 32768 minimum: 301
[    1.654421] LSM: Security Framework initializing
[    1.655863] Mount-cache hash table entries: 1024 (order: 1, 8192 bytes, linear)
[    1.656501] Mountpoint-cache hash table entries: 1024 (order: 1, 8192 bytes, linear)
[    1.667581] Last level iTLB entries: 4KB 0, 2MB 0, 4MB 0
[    1.668467] Last level dTLB entries: 4KB 0, 2MB 0, 4MB 0, 1GB 0
[    1.669643] Spectre V1 : Mitigation: usercopy/swapgs barriers and __user pointer sanitization
[    1.671470] Spectre V2 : Mitigation: Retpolines
[    1.672468] Spectre V2 : Spectre v2 / SpectreRSB mitigation: Filling RSB on context switch
[    1.673468] Spectre V2 : Spectre v2 / SpectreRSB : Filling RSB on VMEXIT
[    1.674468] Speculative Store Bypass: Vulnerable
[    1.675497] MDS: Vulnerable: Clear CPU buffers attempted, no microcode
[    1.676465] MMIO Stale Data: Unknown: No mitigations
[    1.734143] Freeing SMP alternatives memory: 40K
[    1.838011] smpboot: CPU0: Intel Common KVM processor (family: 0xf, model: 0x6, stepping: 0x1)
[    1.840742] calling  init_hw_perf_events+0x0/0x6ce @ 1
[    1.841481] Performance Events: unsupported Netburst CPU model 6 no PMU driver, software events only.
[    1.842471] initcall init_hw_perf_events+0x0/0x6ce returned 0 after 976 usecs
[    1.843468] calling  init_real_mode+0x0/0x1e9 @ 1
[    1.845901] initcall init_real_mode+0x0/0x1e9 returned 0 after 976 usecs
[    1.846470] calling  trace_init_perf_perm_irq_work_exit+0x0/0x12 @ 1
[    1.847483] initcall trace_init_perf_perm_irq_work_exit+0x0/0x12 returned 0 after 0 usecs
[    1.848487] calling  validate_x2apic+0x0/0x4a @ 1
[    1.849494] initcall validate_x2apic+0x0/0x4a returned 0 after 0 usecs
[    1.850467] calling  register_nmi_cpu_backtrace_handler+0x0/0x15 @ 1
[    1.851483] initcall register_nmi_cpu_backtrace_handler+0x0/0x15 returned 0 after 0 usecs
[    1.853467] calling  kvm_setup_vsyscall_timeinfo+0x0/0xd1 @ 1
[    1.854474] initcall kvm_setup_vsyscall_timeinfo+0x0/0xd1 returned 0 after 0 usecs
[    1.855485] calling  spawn_ksoftirqd+0x0/0x38 @ 1
[    1.857696] initcall spawn_ksoftirqd+0x0/0x38 returned 0 after 976 usecs
[    1.858471] calling  migration_init+0x0/0x31 @ 1
[    1.860468] initcall migration_init+0x0/0x31 returned 0 after 0 usecs
[    1.861479] calling  srcu_bootup_announce+0x0/0x2f @ 1
[    1.862470] rcu: Hierarchical SRCU implementation.
[    1.863523] initcall srcu_bootup_announce+0x0/0x2f returned 0 after 976 usecs
[    1.864476] calling  rcu_spawn_gp_kthread+0x0/0x1b0 @ 1
[    1.865665] initcall rcu_spawn_gp_kthread+0x0/0x1b0 returned 0 after 0 usecs
[    1.866490] calling  check_cpu_stall_init+0x0/0x1a @ 1
[    1.867488] initcall check_cpu_stall_init+0x0/0x1a returned 0 after 0 usecs
[    1.868470] calling  rcu_sysrq_init+0x0/0x21 @ 1
[    1.869536] initcall rcu_sysrq_init+0x0/0x21 returned 0 after 0 usecs
[    1.870612] calling  trace_init_flags_sys_enter+0x0/0xe @ 1
[    1.871511] initcall trace_init_flags_sys_enter+0x0/0xe returned 0 after 0 usecs
[    1.872488] calling  trace_init_flags_sys_exit+0x0/0xe @ 1
[    1.873472] initcall trace_init_flags_sys_exit+0x0/0xe returned 0 after 0 usecs
[    1.874483] calling  cpu_stop_init+0x0/0x8d @ 1
[    1.876585] initcall cpu_stop_init+0x0/0x8d returned 0 after 976 usecs
[    1.877483] calling  init_kprobes+0x0/0x16e @ 1
[    1.879747] initcall init_kprobes+0x0/0x16e returned 0 after 976 usecs
[    1.880469] calling  init_events+0x0/0x3d @ 1
[    1.881695] initcall init_events+0x0/0x3d returned 0 after 0 usecs
[    1.882468] calling  init_trace_printk+0x0/0xc @ 1
[    1.883475] initcall init_trace_printk+0x0/0xc returned 0 after 0 usecs
[    1.884501] calling  event_trace_enable_again+0x0/0x23 @ 1
[    1.885476] initcall event_trace_enable_again+0x0/0x23 returned 0 after 0 usecs
[    1.886472] calling  static_call_init+0x0/0x79 @ 1
[    1.887470] initcall static_call_init+0x0/0x79 returned 0 after 0 usecs
[    1.888470] calling  jump_label_init_module+0x0/0xc @ 1
[    1.889471] initcall jump_label_init_module+0x0/0xc returned 0 after 0 usecs
[    1.890468] calling  init_zero_pfn+0x0/0x37 @ 1
[    1.891469] initcall init_zero_pfn+0x0/0x37 returned 0 after 0 usecs
[    1.892471] calling  initialize_ptr_random+0x0/0x54 @ 1
[    1.893559] initcall initialize_ptr_random+0x0/0x54 returned 0 after 0 usecs
[    1.894476] calling  efi_memreserve_root_init+0x0/0x25 @ 1
[    1.895562] initcall efi_memreserve_root_init+0x0/0x25 returned 0 after 0 usecs
[    1.896484] calling  efi_earlycon_remap_fb+0x0/0x51 @ 1
[    1.897475] initcall efi_earlycon_remap_fb+0x0/0x51 returned 0 after 0 usecs
[    1.899677] smp: Bringing up secondary CPUs ...
[    1.902228] x86: Booting SMP configuration:
[    1.902468] .... node  #0, CPUs:      #1
[    1.284041] kvm-clock: cpu 1, msr cf29041, secondary cpu clock
[    1.927736] kvm-guest: stealtime: cpu 1, msr 1f51bb40
[    1.941511] smp: Brought up 1 node, 2 CPUs
[    1.942470] smpboot: Max logical packages: 1
[    1.943467] smpboot: Total of 2 processors activated (7999.99 BogoMIPS)
[    1.954876] devtmpfs: initialized
[    1.961328] calling  ipc_ns_init+0x0/0x3d @ 1
[    1.966554] initcall ipc_ns_init+0x0/0x3d returned 0 after 0 usecs
[    1.973473] calling  init_mmap_min_addr+0x0/0x21 @ 1
[    1.979471] initcall init_mmap_min_addr+0x0/0x21 returned 0 after 0 usecs
[    1.986469] calling  pci_realloc_setup_params+0x0/0x3f @ 1
[    1.993487] initcall pci_realloc_setup_params+0x0/0x3f returned 0 after 0 usecs
[    2.001471] calling  net_ns_init+0x0/0x140 @ 1
[    2.008774] initcall net_ns_init+0x0/0x140 returned 0 after 1953 usecs
[    2.010469] calling  e820__register_nvs_regions+0x0/0x37 @ 1
[    2.011483] initcall e820__register_nvs_regions+0x0/0x37 returned 0 after 0 usecs
[    2.012469] calling  cpufreq_register_tsc_scaling+0x0/0x2e @ 1
[    2.013469] initcall cpufreq_register_tsc_scaling+0x0/0x2e returned 0 after 0 usecs
[    2.014470] calling  reboot_init+0x0/0x3c @ 1
[    2.015538] initcall reboot_init+0x0/0x3c returned 0 after 0 usecs
[    2.016470] calling  init_lapic_sysfs+0x0/0x20 @ 1
[    2.017480] initcall init_lapic_sysfs+0x0/0x20 returned 0 after 0 usecs
[    2.018469] calling  alloc_frozen_cpus+0x0/0x7 @ 1
[    2.019469] initcall alloc_frozen_cpus+0x0/0x7 returned 0 after 0 usecs
[    2.020468] calling  cpu_hotplug_pm_sync_init+0x0/0x13 @ 1
[    2.021494] initcall cpu_hotplug_pm_sync_init+0x0/0x13 returned 0 after 0 usecs
[    2.022470] calling  wq_sysfs_init+0x0/0x2a @ 1
[    2.023597] initcall wq_sysfs_init+0x0/0x2a returned 0 after 0 usecs
[    2.024469] calling  ksysfs_init+0x0/0x92 @ 1
[    2.025509] initcall ksysfs_init+0x0/0x92 returned 0 after 0 usecs
[    2.026470] calling  schedutil_gov_init+0x0/0xc @ 1
[    2.027641] initcall schedutil_gov_init+0x0/0xc returned 0 after 0 usecs
[    2.028470] calling  pm_init+0x0/0x76 @ 1
[    2.029580] initcall pm_init+0x0/0x76 returned 0 after 0 usecs
[    2.030474] calling  pm_disk_init+0x0/0x13 @ 1
[    2.031529] initcall pm_disk_init+0x0/0x13 returned 0 after 0 usecs
[    2.032470] calling  swsusp_header_init+0x0/0x2b @ 1
[    2.033473] initcall swsusp_header_init+0x0/0x2b returned 0 after 0 usecs
[    2.034472] calling  rcu_set_runtime_mode+0x0/0x2a @ 1
[    2.037714] initcall rcu_set_runtime_mode+0x0/0x2a returned 0 after 1953 usecs
[    2.038475] calling  init_jiffies_clocksource+0x0/0x13 @ 1
[    2.039469] clocksource: jiffies: mask: 0xffffffff max_cycles: 0xffffffff, max_idle_ns: 1911260446275000 ns
[    2.040476] initcall init_jiffies_clocksource+0x0/0x13 returned 0 after 976 usecs
[    2.041470] calling  futex_init+0x0/0x11b @ 1
[    2.042474] futex hash table entries: 512 (order: 4, 65536 bytes, linear)
[    2.043693] initcall futex_init+0x0/0x11b returned 0 after 976 usecs
[    2.044470] calling  cgroup_wq_init+0x0/0x28 @ 1
[    2.045504] initcall cgroup_wq_init+0x0/0x28 returned 0 after 0 usecs
[    2.046477] calling  cgroup1_wq_init+0x0/0x28 @ 1
[    2.047493] initcall cgroup1_wq_init+0x0/0x28 returned 0 after 0 usecs
[    2.048470] calling  init_kprobe_trace_early+0x0/0x2a @ 1
[    2.049550] initcall init_kprobe_trace_early+0x0/0x2a returned 0 after 0 usecs
[    2.050471] calling  fsnotify_init+0x0/0x56 @ 1
[    2.051505] initcall fsnotify_init+0x0/0x56 returned 0 after 0 usecs
[    2.052470] calling  filelock_init+0x0/0xb3 @ 1
[    2.053532] initcall filelock_init+0x0/0xb3 returned 0 after 0 usecs
[    2.054473] calling  init_misc_binfmt+0x0/0x2c @ 1
[    2.055545] initcall init_misc_binfmt+0x0/0x2c returned 0 after 0 usecs
[    2.056471] calling  init_script_binfmt+0x0/0x15 @ 1
[    2.057473] initcall init_script_binfmt+0x0/0x15 returned 0 after 0 usecs
[    2.058474] calling  init_elf_binfmt+0x0/0x15 @ 1
[    2.059522] initcall init_elf_binfmt+0x0/0x15 returned 0 after 0 usecs
[    2.060497] calling  init_compat_elf_binfmt+0x0/0x15 @ 1
[    2.061472] initcall init_compat_elf_binfmt+0x0/0x15 returned 0 after 0 usecs
[    2.062470] calling  debugfs_init+0x0/0x5c @ 1
[    2.063480] initcall debugfs_init+0x0/0x5c returned 0 after 0 usecs
[    2.064475] calling  tracefs_init+0x0/0x3a @ 1
[    2.065480] initcall tracefs_init+0x0/0x3a returned 0 after 0 usecs
[    2.066470] calling  prandom_init_early+0x0/0x15d @ 1
[    2.067470] initcall prandom_init_early+0x0/0x15d returned 0 after 0 usecs
[    2.069577] calling  virtio_init+0x0/0x20 @ 1
[    2.070560] initcall virtio_init+0x0/0x20 returned 0 after 0 usecs
[    2.071470] calling  iommu_init+0x0/0x2a @ 1
[    2.072540] initcall iommu_init+0x0/0x2a returned 0 after 0 usecs
[    2.073477] calling  component_debug_init+0x0/0x1c @ 1
[    2.075563] initcall component_debug_init+0x0/0x1c returned 0 after 976 usecs
[    2.076477] calling  early_resume_init+0x0/0xb9 @ 1
[    2.078468] PM: RTC time: 08:31:07, date: 2022-12-13
[    2.079477] initcall early_resume_init+0x0/0xb9 returned 0 after 1953 usecs
[    2.080474] calling  cpufreq_core_init+0x0/0x62 @ 1
[    2.081490] initcall cpufreq_core_init+0x0/0x62 returned 0 after 0 usecs
[    2.082476] calling  cpufreq_gov_performance_init+0x0/0xc @ 1
[    2.083475] initcall cpufreq_gov_performance_init+0x0/0xc returned 0 after 0 usecs
[    2.084471] calling  cpufreq_gov_userspace_init+0x0/0xc @ 1
[    2.085472] initcall cpufreq_gov_userspace_init+0x0/0xc returned 0 after 0 usecs
[    2.086471] calling  CPU_FREQ_GOV_ONDEMAND_init+0x0/0xc @ 1
[    2.087473] initcall CPU_FREQ_GOV_ONDEMAND_init+0x0/0xc returned 0 after 0 usecs
[    2.088469] calling  cpuidle_init+0x0/0x1f @ 1
[    2.089489] initcall cpuidle_init+0x0/0x1f returned 0 after 0 usecs
[    2.090471] calling  capsule_reboot_register+0x0/0xc @ 1
[    2.091514] initcall capsule_reboot_register+0x0/0xc returned 0 after 0 usecs
[    2.092476] calling  sock_init+0x0/0x93 @ 1
[    2.095094] initcall sock_init+0x0/0x93 returned 0 after 976 usecs
[    2.095475] calling  net_inuse_init+0x0/0x23 @ 1
[    2.096535] initcall net_inuse_init+0x0/0x23 returned 0 after 0 usecs
[    2.097471] calling  net_defaults_init+0x0/0x23 @ 1
[    2.098472] initcall net_defaults_init+0x0/0x23 returned 0 after 0 usecs
[    2.099470] calling  init_default_flow_dissectors+0x0/0x4f @ 1
[    2.100493] initcall init_default_flow_dissectors+0x0/0x4f returned 0 after 0 usecs
[    2.101470] calling  netpoll_init+0x0/0x44 @ 1
[    2.102471] initcall netpoll_init+0x0/0x44 returned 0 after 0 usecs
[    2.103469] calling  netlink_proto_init+0x0/0x154 @ 1
[    2.104840] NET: Registered protocol family 16
[    2.105653] initcall netlink_proto_init+0x0/0x154 returned 0 after 976 usecs
[    2.106469] calling  genl_init+0x0/0x35 @ 1
[    2.107528] initcall genl_init+0x0/0x35 returned 0 after 0 usecs
[    2.108482] calling  bsp_pm_check_init+0x0/0x13 @ 1
[    2.109470] initcall bsp_pm_check_init+0x0/0x13 returned 0 after 0 usecs
[    2.110497] calling  irq_sysfs_init+0x0/0xb9 @ 1
[    2.111943] initcall irq_sysfs_init+0x0/0xb9 returned 0 after 0 usecs
[    2.112469] calling  audit_init+0x0/0x127 @ 1
[    2.113474] audit: initializing netlink subsys (disabled)
[    2.115699] initcall audit_init+0x0/0x127 returned 0 after 1953 usecs
[    2.115696] audit: type=2000 audit(1670920265.595:1): state=initialized audit_enabled=0 res=1
[    2.115699] calling  release_early_probes+0x0/0x32 @ 1
[    2.115699] initcall release_early_probes+0x0/0x32 returned 0 after 0 usecs
[    2.115699] calling  bdi_class_init+0x0/0x48 @ 1
[    2.115699] initcall bdi_class_init+0x0/0x48 returned 0 after 0 usecs
[    2.142475] calling  mm_sysfs_init+0x0/0x28 @ 1
[    2.148482] initcall mm_sysfs_init+0x0/0x28 returned 0 after 0 usecs
[    2.155470] calling  init_per_zone_wmark_min+0x0/0x6d @ 1
[    2.161498] initcall init_per_zone_wmark_min+0x0/0x6d returned 0 after 0 usecs
[    2.169471] calling  mpi_init+0x0/0x3e @ 1
[    2.174546] initcall mpi_init+0x0/0x3e returned 0 after 0 usecs
[    2.181472] calling  kobject_uevent_init+0x0/0xc @ 1
[    2.186567] initcall kobject_uevent_init+0x0/0xc returned 0 after 0 usecs
[    2.194471] calling  pcibus_class_init+0x0/0x13 @ 1
[    2.200490] initcall pcibus_class_init+0x0/0x13 returned 0 after 0 usecs
[    2.208469] calling  pci_driver_init+0x0/0x21 @ 1
[    2.213649] initcall pci_driver_init+0x0/0x21 returned 0 after 0 usecs
[    2.221469] calling  backlight_class_init+0x0/0xa8 @ 1
[    2.227536] initcall backlight_class_init+0x0/0xa8 returned 0 after 0 usecs
[    2.235469] calling  tty_class_init+0x0/0x33 @ 1
[    2.240486] initcall tty_class_init+0x0/0x33 returned 0 after 0 usecs
[    2.247468] calling  vtconsole_class_init+0x0/0xb5 @ 1
[    2.253740] initcall vtconsole_class_init+0x0/0xb5 returned 0 after 976 usecs
[    2.262470] calling  iommu_dev_init+0x0/0x13 @ 1
[    2.268512] initcall iommu_dev_init+0x0/0x13 returned 0 after 0 usecs
[    2.276497] calling  mipi_dsi_bus_init+0x0/0xc @ 1
[    2.281495] initcall mipi_dsi_bus_init+0x0/0xc returned 0 after 0 usecs
[    2.289468] calling  devlink_class_init+0x0/0x40 @ 1
[    2.295523] initcall devlink_class_init+0x0/0x40 returned 0 after 0 usecs
[    2.303472] calling  software_node_init+0x0/0x2a @ 1
[    2.308475] initcall software_node_init+0x0/0x2a returned 0 after 0 usecs
[    2.316470] calling  wakeup_sources_debugfs_init+0x0/0x23 @ 1
[    2.323535] initcall wakeup_sources_debugfs_init+0x0/0x23 returned 0 after 0 usecs
[    2.332469] calling  wakeup_sources_sysfs_init+0x0/0x2c @ 1
[    2.338487] initcall wakeup_sources_sysfs_init+0x0/0x2c returned 0 after 0 usecs
[    2.347468] calling  register_node_type+0x0/0x13 @ 1
[    2.353633] initcall register_node_type+0x0/0x13 returned 0 after 0 usecs
[    2.361468] calling  regmap_initcall+0x0/0xc @ 1
[    2.366578] initcall regmap_initcall+0x0/0xc returned 0 after 0 usecs
[    2.373468] calling  i2c_init+0x0/0xb3 @ 1
[    2.378682] initcall i2c_init+0x0/0xb3 returned 0 after 0 usecs
[    2.385491] calling  thermal_init+0x0/0x116 @ 1
[    2.390639] thermal_sys: Registered thermal governor 'step_wise'
[    2.390643] thermal_sys: Registered thermal governor 'user_space'
[    2.397486] initcall thermal_init+0x0/0x116 returned 0 after 6835 usecs
[    2.413469] calling  init_menu+0x0/0xc @ 1
[    2.417611] cpuidle: using governor menu
[    2.423470] initcall init_menu+0x0/0xc returned 0 after 5859 usecs
[    2.430474] calling  pcc_init+0x0/0x4d @ 1
[    2.435485] initcall pcc_init+0x0/0x4d returned -19 after 0 usecs
[    2.442473] calling  amd_postcore_init+0x0/0x11e @ 1
[    2.449474] initcall amd_postcore_init+0x0/0x11e returned 0 after 0 usecs
[    2.458493] calling  bts_init+0x0/0xba @ 1
[    2.462471] initcall bts_init+0x0/0xba returned -19 after 0 usecs
[    2.470470] calling  pt_init+0x0/0x34d @ 1
[    2.475474] initcall pt_init+0x0/0x34d returned -19 after 0 usecs
[    2.483471] calling  boot_params_ksysfs_init+0x0/0x2ee @ 1
[    2.491546] initcall boot_params_ksysfs_init+0x0/0x2ee returned 0 after 0 usecs
[    2.501474] calling  sbf_init+0x0/0xea @ 1
[    2.506465] initcall sbf_init+0x0/0xea returned 0 after 0 usecs
[    2.513472] calling  arch_kdebugfs_init+0x0/0x219 @ 1
[    2.520636] initcall arch_kdebugfs_init+0x0/0x219 returned 0 after 0 usecs
[    2.530473] calling  intel_pconfig_init+0x0/0x85 @ 1
[    2.537472] initcall intel_pconfig_init+0x0/0x85 returned 0 after 0 usecs
[    2.545472] calling  mtrr_if_init+0x0/0x5d @ 1
[    2.550482] initcall mtrr_if_init+0x0/0x5d returned 0 after 0 usecs
[    2.559477] calling  activate_jump_labels+0x0/0x31 @ 1
[    2.567484] initcall activate_jump_labels+0x0/0x31 returned 0 after 0 usecs
[    2.577474] calling  ffh_cstate_init+0x0/0x29 @ 1
[    2.582477] initcall ffh_cstate_init+0x0/0x29 returned 0 after 0 usecs
[    2.591471] calling  activate_jump_labels+0x0/0x31 @ 1
[    2.598900] initcall activate_jump_labels+0x0/0x31 returned 0 after 976 usecs
[    2.609474] calling  kvm_alloc_cpumask+0x0/0x74 @ 1
[    2.615522] initcall kvm_alloc_cpumask+0x0/0x74 returned 0 after 0 usecs
[    2.623470] calling  kcmp_cookies_init+0x0/0x37 @ 1
[    2.629475] initcall kcmp_cookies_init+0x0/0x37 returned 0 after 0 usecs
[    2.637476] calling  cryptomgr_init+0x0/0xc @ 1
[    2.642650] initcall cryptomgr_init+0x0/0xc returned 0 after 0 usecs
[    2.649471] calling  acpi_pci_init+0x0/0x57 @ 1
[    2.655530] ACPI: bus type PCI registered
[    2.660471] initcall acpi_pci_init+0x0/0x57 returned 0 after 4882 usecs
[    2.668471] calling  dma_channel_table_init+0x0/0xd1 @ 1
[    2.674485] initcall dma_channel_table_init+0x0/0xd1 returned 0 after 0 usecs
[    2.682470] calling  dma_bus_init+0x0/0xdc @ 1
[    2.688675] initcall dma_bus_init+0x0/0xdc returned 0 after 0 usecs
[    2.696567] calling  iommu_dma_init+0x0/0x10 @ 1
[    2.702573] initcall iommu_dma_init+0x0/0x10 returned 0 after 0 usecs
[    2.709470] calling  dmi_id_init+0x0/0x37c @ 1
[    2.716768] initcall dmi_id_init+0x0/0x37c returned 0 after 0 usecs
[    2.726474] calling  pci_arch_init+0x0/0x71 @ 1
[    2.734190] PCI: MMCONFIG for domain 0000 [bus 00-ff] at [mem 0xb0000000-0xbfffffff] (base 0xb0000000)
[    2.747479] PCI: MMCONFIG at [mem 0xb0000000-0xbfffffff] reserved in E820
[    2.755539] PCI: Using configuration type 1 for base access
[    2.762569] initcall pci_arch_init+0x0/0x71 returned 0 after 28320 usecs
[    2.770493] calling  init_vdso+0x0/0x13 @ 1
[    2.775503] initcall init_vdso+0x0/0x13 returned 0 after 0 usecs
[    2.783469] calling  sysenter_setup+0x0/0x13 @ 1
[    2.788519] initcall sysenter_setup+0x0/0x13 returned 0 after 0 usecs
[    2.797471] calling  fixup_ht_bug+0x0/0xe5 @ 1
[    2.803471] initcall fixup_ht_bug+0x0/0xe5 returned 0 after 0 usecs
[    2.810470] calling  topology_init+0x0/0x88 @ 1
[    2.816906] initcall topology_init+0x0/0x88 returned 0 after 0 usecs
[    2.824470] calling  intel_epb_init+0x0/0x68 @ 1
[    2.830474] initcall intel_epb_init+0x0/0x68 returned -19 after 0 usecs
[    2.840481] calling  mtrr_init_finialize+0x0/0x3e @ 1
[    2.848475] initcall mtrr_init_finialize+0x0/0x3e returned 0 after 0 usecs
[    2.859475] calling  uid_cache_init+0x0/0x85 @ 1
[    2.865499] initcall uid_cache_init+0x0/0x85 returned 0 after 0 usecs
[    2.873469] calling  param_sysfs_init+0x0/0x1ba @ 1
[    2.893632] initcall param_sysfs_init+0x0/0x1ba returned 0 after 13671 usecs
[    2.902471] calling  user_namespace_sysctl_init+0x0/0x33 @ 1
[    2.909490] initcall user_namespace_sysctl_init+0x0/0x33 returned 0 after 0 usecs
[    2.918469] calling  proc_schedstat_init+0x0/0x24 @ 1
[    2.924475] initcall proc_schedstat_init+0x0/0x24 returned 0 after 0 usecs
[    2.932469] calling  pm_sysrq_init+0x0/0x18 @ 1
[    2.937636] initcall pm_sysrq_init+0x0/0x18 returned 0 after 976 usecs
[    2.945642] calling  create_proc_profile+0x0/0xd0 @ 1
[    2.952488] initcall create_proc_profile+0x0/0xd0 returned 0 after 0 usecs
[    2.960471] calling  time_ns_init+0x0/0x7 @ 1
[    2.965471] initcall time_ns_init+0x0/0x7 returned 0 after 0 usecs
[    2.974482] calling  crash_save_vmcoreinfo_init+0x0/0x722 @ 1
[    2.981599] initcall crash_save_vmcoreinfo_init+0x0/0x722 returned 0 after 0 usecs
[    2.990471] calling  crash_notes_memory_init+0x0/0x35 @ 1
[    2.996476] initcall crash_notes_memory_init+0x0/0x35 returned 0 after 0 usecs
[    3.005470] calling  cgroup_sysfs_init+0x0/0x13 @ 1
[    3.011536] initcall cgroup_sysfs_init+0x0/0x13 returned 0 after 0 usecs
[    3.018469] calling  cgroup_namespaces_init+0x0/0x7 @ 1
[    3.024469] initcall cgroup_namespaces_init+0x0/0x7 returned 0 after 0 usecs
[    3.034472] calling  init_optprobes+0x0/0x13 @ 1
[    3.040555] Kprobes globally optimized
[    3.045473] initcall init_optprobes+0x0/0x13 returned 0 after 4882 usecs
[    3.053472] calling  oom_init+0x0/0x2f @ 1
[    3.059671] initcall oom_init+0x0/0x2f returned 0 after 976 usecs
[    3.066469] calling  default_bdi_init+0x0/0xb3 @ 1
[    3.073766] initcall default_bdi_init+0x0/0xb3 returned 0 after 976 usecs
[    3.074471] calling  percpu_enable_async+0x0/0xe @ 1
[    3.075470] initcall percpu_enable_async+0x0/0xe returned 0 after 0 usecs
[    3.076474] calling  kcompactd_init+0x0/0x8d @ 1
[    3.078855] initcall kcompactd_init+0x0/0x8d returned 0 after 976 usecs
[    3.088529] calling  init_user_reserve+0x0/0x40 @ 1
[    3.095477] initcall init_user_reserve+0x0/0x40 returned 0 after 0 usecs
[    3.105474] calling  init_admin_reserve+0x0/0x40 @ 1
[    3.112472] initcall init_admin_reserve+0x0/0x40 returned 0 after 0 usecs
[    3.120472] calling  init_reserve_notifier+0x0/0x7 @ 1
[    3.127474] initcall init_reserve_notifier+0x0/0x7 returned 0 after 0 usecs
[    3.133472] calling  swap_init_sysfs+0x0/0x62 @ 1
[    3.138512] initcall swap_init_sysfs+0x0/0x62 returned 0 after 0 usecs
[    3.146470] calling  swapfile_init+0x0/0x94 @ 1
[    3.152492] initcall swapfile_init+0x0/0x94 returned 0 after 0 usecs
[    3.160471] calling  hugetlb_init+0x0/0x49c @ 1
[    3.165487] HugeTLB registered 2.00 MiB page size, pre-allocated 0 pages
[    3.173511] initcall hugetlb_init+0x0/0x49c returned 0 after 7812 usecs
[    3.181489] calling  io_wq_init+0x0/0x34 @ 1
[    3.186472] initcall io_wq_init+0x0/0x34 returned 0 after 0 usecs
[    3.194471] calling  seqiv_module_init+0x0/0xc @ 1
[    3.200467] initcall seqiv_module_init+0x0/0xc returned 0 after 0 usecs
[    3.208473] calling  echainiv_module_init+0x0/0xc @ 1
[    3.214469] initcall echainiv_module_init+0x0/0xc returned 0 after 0 usecs
[    3.222538] calling  rsa_init+0x0/0x50 @ 1
[    3.229477] initcall rsa_init+0x0/0x50 returned 0 after 1953 usecs
[    3.229544] cryptomgr_test (29) used greatest stack depth: 14864 bytes left
[    3.230470] calling  crypto_cmac_module_init+0x0/0xc @ 1
[    3.230475] initcall crypto_cmac_module_init+0x0/0xc returned 0 after 0 usecs
[    3.230477] calling  hmac_module_init+0x0/0xc @ 1
[    3.230480] initcall hmac_module_init+0x0/0xc returned 0 after 0 usecs
[    3.230483] calling  crypto_null_mod_init+0x0/0x65 @ 1
[    3.282719] initcall crypto_null_mod_init+0x0/0x65 returned 0 after 50781 usecs
[    3.283485] calling  md5_mod_init+0x0/0xc @ 1
[    3.285785] initcall md5_mod_init+0x0/0xc returned 0 after 976 usecs
[    3.286511] calling  sha256_generic_mod_init+0x0/0x11 @ 1
[    3.290493] initcall sha256_generic_mod_init+0x0/0x11 returned 0 after 1953 usecs
[    3.291640] calling  crypto_cbc_module_init+0x0/0xc @ 1
[    3.292479] initcall crypto_cbc_module_init+0x0/0xc returned 0 after 0 usecs
[    3.293473] calling  crypto_ctr_module_init+0x0/0x11 @ 1
[    3.294475] initcall crypto_ctr_module_init+0x0/0x11 returned 0 after 0 usecs
[    3.295471] calling  crypto_gcm_module_init+0x0/0x64 @ 1
[    3.296567] initcall crypto_gcm_module_init+0x0/0x64 returned 0 after 0 usecs
[    3.297470] calling  crypto_ccm_module_init+0x0/0x11 @ 1
[    3.298472] initcall crypto_ccm_module_init+0x0/0x11 returned 0 after 0 usecs
[    3.299469] calling  aes_init+0x0/0xc @ 1
[    3.301618] initcall aes_init+0x0/0xc returned 0 after 976 usecs
[    3.309496] calling  crc32c_mod_init+0x0/0xc @ 1
[    3.324295] initcall crc32c_mod_init+0x0/0xc returned 0 after 4882 usecs
[    3.333594] calling  crypto_authenc_module_init+0x0/0xc @ 1
[    3.340475] initcall crypto_authenc_module_init+0x0/0xc returned 0 after 0 usecs
[    3.349472] calling  crypto_authenc_esn_module_init+0x0/0xc @ 1
[    3.356475] initcall crypto_authenc_esn_module_init+0x0/0xc returned 0 after 0 usecs
[    3.366497] calling  drbg_init+0x0/0x7c @ 1
[    3.379760] initcall drbg_init+0x0/0x7c returned 0 after 7812 usecs
[    3.380488] calling  ghash_mod_init+0x0/0xc @ 1
[    3.382682] initcall ghash_mod_init+0x0/0xc returned 0 after 976 usecs
[    3.391485] calling  init_bio+0x0/0x9a @ 1
[    3.399810] initcall init_bio+0x0/0x9a returned 0 after 2929 usecs
[    3.407493] calling  blk_settings_init+0x0/0x29 @ 1
[    3.413668] initcall blk_settings_init+0x0/0x29 returned 0 after 0 usecs
[    3.422487] calling  blk_ioc_init+0x0/0x29 @ 1
[    3.428511] initcall blk_ioc_init+0x0/0x29 returned 0 after 0 usecs
[    3.436471] calling  blk_mq_init+0x0/0xb9 @ 1
[    3.441535] initcall blk_mq_init+0x0/0xb9 returned 0 after 0 usecs
[    3.449473] calling  genhd_device_init+0x0/0x75 @ 1
[    3.458905] initcall genhd_device_init+0x0/0x75 returned 0 after 2929 usecs
[    3.459716] calling  pci_slot_init+0x0/0x40 @ 1
[    3.460612] initcall pci_slot_init+0x0/0x40 returned 0 after 0 usecs
[    3.461648] calling  fbmem_init+0x0/0xd8 @ 1
[    3.467645] initcall fbmem_init+0x0/0xd8 returned 0 after 4882 usecs
[    3.469468] calling  acpi_init+0x0/0x319 @ 1
[    3.470764] ACPI: Added _OSI(Module Device)
[    3.471467] ACPI: Added _OSI(Processor Device)
[    3.472467] ACPI: Added _OSI(3.0 _SCP Extensions)
[    3.474466] ACPI: Added _OSI(Processor Aggregator Device)
[    3.475468] ACPI: Added _OSI(Linux-Dell-Video)
[    3.476468] ACPI: Added _OSI(Linux-Lenovo-NV-HDMI-Audio)
[    3.477468] ACPI: Added _OSI(Linux-HPI-Hybrid-Graphics)
[    3.489939] ACPI: 1 ACPI AML tables successfully acquired and loaded
[    3.500343] ACPI: Interpreter enabled
[    3.500779] ACPI: (supports S0 S3 S4 S5)
[    3.501496] ACPI: Using IOAPIC for interrupt routing
[    3.503841] PCI: Using host bridge windows from ACPI; if necessary, use "pci=nocrs" and report a bug
[    3.505868] ACPI: Enabled 2 GPEs in block 00 to 3F
[    3.521975] ACPI: PCI Root Bridge [PCI0] (domain 0000 [bus 00-ff])
[    3.522571] acpi PNP0A08:00: _OSC: OS supports [ExtendedConfig ASPM ClockPM Segments MSI HPX-Type3]
[    3.524743] acpi PNP0A08:00: _OSC: platform does not support [LTR]
[    3.526784] acpi PNP0A08:00: _OSC: OS now controls [PME PCIeCapability]
[    3.528916] PCI host bridge to bus 0000:00
[    3.529490] pci_bus 0000:00: root bus resource [io  0x0000-0x0cf7 window]
[    3.530469] pci_bus 0000:00: root bus resource [io  0x0d00-0xffff window]
[    3.531470] pci_bus 0000:00: root bus resource [mem 0x000a0000-0x000bffff window]
[    3.532470] pci_bus 0000:00: root bus resource [mem 0x20000000-0xafffffff window]
[    3.533489] pci_bus 0000:00: root bus resource [mem 0xc0000000-0xfebfffff window]
[    3.534474] pci_bus 0000:00: root bus resource [mem 0x100000000-0x8ffffffff window]
[    3.535479] pci_bus 0000:00: root bus resource [bus 00-ff]
[    3.537754] pci 0000:00:00.0: calling  quirk_mmio_always_on+0x0/0x10 @ 1
[    3.538502] pci 0000:00:00.0: quirk_mmio_always_on+0x0/0x10 took 0 usecs
[    3.539489] pci 0000:00:00.0: [8086:29c0] type 00 class 0x060000
[    3.545454] pci 0000:00:00.0: calling  quirk_igfx_skip_te_disable+0x0/0x80 @ 1
[    3.546540] pci 0000:00:00.0: quirk_igfx_skip_te_disable+0x0/0x80 took 0 usecs
[    3.549828] pci 0000:00:01.0: [1234:1111] type 00 class 0x030000
[    3.555460] pci 0000:00:01.0: reg 0x10: [mem 0xfd000000-0xfdffffff pref]
[    3.564303] pci 0000:00:01.0: reg 0x18: [mem 0xfebf0000-0xfebf0fff]
[    3.579460] pci 0000:00:01.0: reg 0x30: [mem 0xfebe0000-0xfebeffff pref]
[    3.584163] pci 0000:00:01.0: calling  efifb_fixup_resources+0x0/0xf0 @ 1
[    3.584505] pci 0000:00:01.0: efifb_fixup_resources+0x0/0xf0 took 0 usecs
[    3.595865] pci 0000:00:1f.0: [8086:2918] type 00 class 0x060100
[    3.601918] pci 0000:00:1f.0: calling  quirk_ich7_lpc+0x0/0x60 @ 1
[    3.602742] pci 0000:00:1f.0: quirk: [io  0x0600-0x067f] claimed by ICH6 ACPI/GPIO/TCO
[    3.604857] pci 0000:00:1f.0: quirk_ich7_lpc+0x0/0x60 took 1953 usecs
[    3.605562] pci 0000:00:1f.0: calling  quirk_igfx_skip_te_disable+0x0/0x80 @ 1
[    3.606513] pci 0000:00:1f.0: quirk_igfx_skip_te_disable+0x0/0x80 took 0 usecs
[    3.611580] pci 0000:00:1f.2: [8086:2922] type 00 class 0x010601
[    3.623470] pci 0000:00:1f.2: reg 0x20: [io  0xc040-0xc05f]
[    3.626113] pci 0000:00:1f.2: reg 0x24: [mem 0xfebf1000-0xfebf1fff]
[    3.628671] pci 0000:00:1f.2: calling  quirk_igfx_skip_te_disable+0x0/0x80 @ 1
[    3.629475] pci 0000:00:1f.2: quirk_igfx_skip_te_disable+0x0/0x80 took 0 usecs
[    3.634870] pci 0000:00:1f.3: [8086:2930] type 00 class 0x0c0500
[    3.642189] pci 0000:00:1f.3: reg 0x20: [io  0x0700-0x073f]
[    3.645195] pci 0000:00:1f.3: calling  quirk_igfx_skip_te_disable+0x0/0x80 @ 1
[    3.645484] pci 0000:00:1f.3: quirk_igfx_skip_te_disable+0x0/0x80 took 0 usecs
[    3.653339] ACPI: PCI Interrupt Link [LNKA] (IRQs 5 *10 11)
[    3.655149] ACPI: PCI Interrupt Link [LNKB] (IRQs 5 *10 11)
[    3.656079] ACPI: PCI Interrupt Link [LNKC] (IRQs 5 10 *11)
[    3.658078] ACPI: PCI Interrupt Link [LNKD] (IRQs 5 10 *11)
[    3.659714] ACPI: PCI Interrupt Link [LNKE] (IRQs 5 *10 11)
[    3.661995] ACPI: PCI Interrupt Link [LNKF] (IRQs 5 *10 11)
[    3.664258] ACPI: PCI Interrupt Link [LNKG] (IRQs 5 10 *11)
[    3.665105] ACPI: PCI Interrupt Link [LNKH] (IRQs 5 10 *11)
[    3.665729] ACPI: PCI Interrupt Link [GSIA] (IRQs *16)
[    3.666606] ACPI: PCI Interrupt Link [GSIB] (IRQs *17)
[    3.667705] ACPI: PCI Interrupt Link [GSIC] (IRQs *18)
[    3.668587] ACPI: PCI Interrupt Link [GSID] (IRQs *19)
[    3.669542] ACPI: PCI Interrupt Link [GSIE] (IRQs *20)
[    3.670604] ACPI: PCI Interrupt Link [GSIF] (IRQs *21)
[    3.671590] ACPI: PCI Interrupt Link [GSIG] (IRQs *22)
[    3.672606] ACPI: PCI Interrupt Link [GSIH] (IRQs *23)
[    3.686460] initcall acpi_init+0x0/0x319 returned 0 after 209960 usecs
[    3.688460] calling  pnp_init+0x0/0xc @ 1
[    3.690498] initcall pnp_init+0x0/0xc returned 0 after 976 usecs
[    3.691475] calling  misc_init+0x0/0xbf @ 1
[    3.694919] initcall misc_init+0x0/0xbf returned 0 after 1953 usecs
[    3.695473] calling  iommu_subsys_init+0x0/0x4e @ 1
[    3.696608] iommu: Default domain type: Translated 
[    3.697476] initcall iommu_subsys_init+0x0/0x4e returned 0 after 976 usecs
[    3.698475] calling  vga_arb_device_init+0x0/0x261 @ 1
[    3.708179] pci 0000:00:01.0: vgaarb: setting as boot VGA device
[    3.708460] pci 0000:00:01.0: vgaarb: VGA device added: decodes=io+mem,owns=io+mem,locks=none
[    3.708475] pci 0000:00:01.0: vgaarb: bridge control possible
[    3.709471] vgaarb: loaded
[    3.710482] initcall vga_arb_device_init+0x0/0x261 returned 0 after 10742 usecs
[    3.711604] calling  cn_init+0x0/0xf0 @ 1
[    3.713879] initcall cn_init+0x0/0xf0 returned 0 after 0 usecs
[    3.714472] calling  dma_buf_init+0x0/0xad @ 1
[    3.716552] initcall dma_buf_init+0x0/0xad returned 0 after 976 usecs
[    3.717472] calling  dma_resv_lockdep+0x0/0x281 @ 1
[    3.719145] initcall dma_resv_lockdep+0x0/0x281 returned 0 after 0 usecs
[    3.719472] calling  init_scsi+0x0/0x79 @ 1
[    3.721948] SCSI subsystem initialized
[    3.722472] initcall init_scsi+0x0/0x79 returned 0 after 1953 usecs
[    3.723476] calling  ata_init+0x0/0x332 @ 1
[    3.727658] libata version 3.00 loaded.
[    3.733479] initcall ata_init+0x0/0x332 returned 0 after 8789 usecs
[    3.741473] calling  phy_init+0x0/0x250 @ 1
[    3.747253] initcall phy_init+0x0/0x250 returned 0 after 976 usecs
[    3.754471] calling  init_pcmcia_cs+0x0/0x35 @ 1
[    3.760524] initcall init_pcmcia_cs+0x0/0x35 returned 0 after 0 usecs
[    3.768470] calling  usb_common_init+0x0/0x1c @ 1
[    3.774569] initcall usb_common_init+0x0/0x1c returned 0 after 0 usecs
[    3.782470] calling  usb_init+0x0/0x12e @ 1
[    3.787767] ACPI: bus type USB registered
[    3.794030] usbcore: registered new interface driver usbfs
[    3.800600] usbcore: registered new interface driver hub
[    3.808465] usbcore: registered new device driver usb
[    3.814473] initcall usb_init+0x0/0x12e returned 0 after 26367 usecs
[    3.822472] calling  serio_init+0x0/0x29 @ 1
[    3.828525] initcall serio_init+0x0/0x29 returned 0 after 0 usecs
[    3.836471] calling  input_init+0x0/0xf6 @ 1
[    3.841613] initcall input_init+0x0/0xf6 returned 0 after 0 usecs
[    3.848470] calling  rtc_init+0x0/0x4d @ 1
[    3.854481] initcall rtc_init+0x0/0x4d returned 0 after 0 usecs
[    3.861471] calling  pps_init+0x0/0xa9 @ 1
[    3.866521] pps_core: LinuxPPS API ver. 1 registered
[    3.873468] pps_core: Software ver. 5.3.6 - Copyright 2005-2007 Rodolfo Giometti <giometti@linux.it>
[    3.884473] initcall pps_init+0x0/0xa9 returned 0 after 17578 usecs
[    3.892632] calling  ptp_init+0x0/0x98 @ 1
[    3.898494] PTP clock support registered
[    3.903470] initcall ptp_init+0x0/0x98 returned 0 after 4882 usecs
[    3.910471] calling  power_supply_class_init+0x0/0x3f @ 1
[    3.917713] initcall power_supply_class_init+0x0/0x3f returned 0 after 0 usecs
[    3.924472] calling  hwmon_init+0x0/0x104 @ 1
[    3.930501] initcall hwmon_init+0x0/0x104 returned 0 after 0 usecs
[    3.938470] calling  md_init+0x0/0x16b @ 1
[    3.951734] initcall md_init+0x0/0x16b returned 0 after 7812 usecs
[    3.958472] calling  leds_init+0x0/0x3b @ 1
[    3.963521] initcall leds_init+0x0/0x3b returned 0 after 0 usecs
[    3.970471] calling  dmi_init+0x0/0x113 @ 1
[    3.977302] initcall dmi_init+0x0/0x113 returned 0 after 976 usecs
[    3.982639] calling  efisubsys_init+0x0/0x4e7 @ 1
[    3.990657] initcall efisubsys_init+0x0/0x4e7 returned 0 after 976 usecs
[    3.997472] calling  nvmem_init+0x0/0xc @ 1
[    4.003767] initcall nvmem_init+0x0/0xc returned 0 after 0 usecs
[    4.010471] calling  init_soundcore+0x0/0x33 @ 1
[    4.014674] initcall init_soundcore+0x0/0x33 returned 0 after 0 usecs
[    4.022472] calling  alsa_sound_init+0x0/0x8f @ 1
[    4.029472] Advanced Linux Sound Architecture Driver Initialized.
[    4.039476] initcall alsa_sound_init+0x0/0x8f returned 0 after 12695 usecs
[    4.048485] calling  alsa_seq_device_init+0x0/0x71 @ 1
[    4.055998] initcall alsa_seq_device_init+0x0/0x71 returned 0 after 0 usecs
[    4.063475] calling  hda_bus_init+0x0/0xc @ 1
[    4.067665] initcall hda_bus_init+0x0/0xc returned 0 after 0 usecs
[    4.075476] calling  proto_init+0x0/0xc @ 1
[    4.081534] initcall proto_init+0x0/0xc returned 0 after 0 usecs
[    4.090705] calling  net_dev_init+0x0/0x27f @ 1
[    4.100288] initcall net_dev_init+0x0/0x27f returned 0 after 2929 usecs
[    4.107472] calling  neigh_init+0x0/0x84 @ 1
[    4.112484] initcall neigh_init+0x0/0x84 returned 0 after 0 usecs
[    4.119470] calling  fib_notifier_init+0x0/0xc @ 1
[    4.124508] initcall fib_notifier_init+0x0/0xc returned 0 after 0 usecs
[    4.132471] calling  fib_rules_init+0x0/0xab @ 1
[    4.137521] initcall fib_rules_init+0x0/0xab returned 0 after 0 usecs
[    4.144491] calling  pktsched_init+0x0/0x10e @ 1
[    4.150598] initcall pktsched_init+0x0/0x10e returned 0 after 0 usecs
[    4.157470] calling  tc_filter_init+0x0/0xfa @ 1
[    4.163548] initcall tc_filter_init+0x0/0xfa returned 0 after 0 usecs
[    4.170470] calling  tc_action_init+0x0/0x54 @ 1
[    4.176482] initcall tc_action_init+0x0/0x54 returned 0 after 0 usecs
[    4.183471] calling  ethnl_init+0x0/0x52 @ 1
[    4.188633] initcall ethnl_init+0x0/0x52 returned 0 after 0 usecs
[    4.195487] calling  nexthop_init+0x0/0xd8 @ 1
[    4.200603] initcall nexthop_init+0x0/0xd8 returned 0 after 976 usecs
[    4.208501] calling  cipso_v4_init+0x0/0x8d @ 1
[    4.213634] initcall cipso_v4_init+0x0/0x8d returned 0 after 0 usecs
[    4.221471] calling  ieee80211_init+0x0/0x24 @ 1
[    4.226745] initcall ieee80211_init+0x0/0x24 returned 0 after 0 usecs
[    4.234470] calling  netlbl_init+0x0/0x78 @ 1
[    4.239493] NetLabel: Initializing
[    4.242467] NetLabel:  domain hash size = 128
[    4.247466] NetLabel:  protocols = UNLABELED CIPSOv4 CALIPSO
[    4.254788] NetLabel:  unlabeled traffic allowed by default
[    4.261473] initcall netlbl_init+0x0/0x78 returned 0 after 21484 usecs
[    4.268472] calling  rfkill_init+0x0/0x136 @ 1
[    4.275248] initcall rfkill_init+0x0/0x136 returned 0 after 1953 usecs
[    4.282471] calling  pci_subsys_init+0x0/0x66 @ 1
[    4.287506] PCI: Using ACPI for IRQ routing
[    5.008720] PCI: pci_cache_line_size set to 64 bytes
[    5.015328] e820: reserve RAM buffer [mem 0x0009fc00-0x0009ffff]
[    5.023643] e820: reserve RAM buffer [mem 0x1ffdf000-0x1fffffff]
[    5.030693] initcall pci_subsys_init+0x0/0x66 returned 0 after 725585 usecs
[    5.048767] calling  nmi_warning_debugfs+0x0/0x26 @ 1
[    5.056896] initcall nmi_warning_debugfs+0x0/0x26 returned 0 after 976 usecs
[    5.065481] calling  save_microcode_in_initrd+0x0/0x51 @ 1
[    5.072830] initcall save_microcode_in_initrd+0x0/0x51 returned 0 after 0 usecs
[    5.081549] calling  hpet_late_init+0x0/0x20a @ 1
[    5.088819] hpet: 3 channels of 0 reserved for per-cpu timers
[    5.095675] hpet0: at MMIO 0xfed00000, IRQs 2, 8, 0
[    5.102470] hpet0: 3 comparators, 64-bit 100.000000 MHz counter
[    5.114473] initcall hpet_late_init+0x0/0x20a returned 0 after 26367 usecs
[    5.123473] calling  init_amd_nbs+0x0/0x11c @ 1
[    5.128599] initcall init_amd_nbs+0x0/0x11c returned 0 after 0 usecs
[    5.136499] calling  clocksource_done_booting+0x0/0x43 @ 1
[    5.143635] clocksource: Switched to clocksource kvm-clock
[    5.150718] initcall clocksource_done_booting+0x0/0x43 returned 0 after 8057 usecs
[    5.161060] calling  tracer_init_tracefs+0x0/0x248 @ 1
[    5.549260] initcall tracer_init_tracefs+0x0/0x248 returned 0 after 372292 usecs
[    5.558694] calling  init_trace_printk_function_export+0x0/0x2c @ 1
[    5.566719] initcall init_trace_printk_function_export+0x0/0x2c returned 0 after 24 usecs
[    5.577084] calling  init_kprobe_trace+0x0/0x1ab @ 1
[    5.583601] initcall init_kprobe_trace+0x0/0x1ab returned 0 after 42 usecs
[    5.592317] calling  init_dynamic_event+0x0/0x3d @ 1
[    5.598357] initcall init_dynamic_event+0x0/0x3d returned 0 after 25 usecs
[    5.606547] calling  init_uprobe_trace+0x0/0x5c @ 1
[    5.612698] initcall init_uprobe_trace+0x0/0x5c returned 0 after 215 usecs
[    5.620765] calling  init_pipe_fs+0x0/0x44 @ 1
[    5.626306] initcall init_pipe_fs+0x0/0x44 returned 0 after 235 usecs
[    5.633991] calling  inotify_user_setup+0x0/0x47 @ 1
[    5.640099] initcall inotify_user_setup+0x0/0x47 returned 0 after 46 usecs
[    5.648345] calling  eventpoll_init+0x0/0xeb @ 1
[    5.654246] initcall eventpoll_init+0x0/0xeb returned 0 after 287 usecs
[    5.662318] calling  anon_inode_init+0x0/0x58 @ 1
[    5.668171] initcall anon_inode_init+0x0/0x58 returned 0 after 163 usecs
[    5.676221] calling  proc_locks_init+0x0/0x27 @ 1
[    5.682111] initcall proc_locks_init+0x0/0x27 returned 0 after 9 usecs
[    5.689901] calling  iomap_init+0x0/0x1b @ 1
[    5.695636] initcall iomap_init+0x0/0x1b returned 0 after 637 usecs
[    5.703065] calling  dquot_init+0x0/0x106 @ 1
[    5.708236] VFS: Disk quotas dquot_6.6.0
[    5.713358] VFS: Dquot-cache hash table entries: 512 (order 0, 4096 bytes)
[    5.721877] initcall dquot_init+0x0/0x106 returned 0 after 13331 usecs
[    5.729274] calling  quota_init+0x0/0x23 @ 1
[    5.734237] initcall quota_init+0x0/0x23 returned 0 after 53 usecs
[    5.741368] calling  proc_cmdline_init+0x0/0x21 @ 1
[    5.746931] initcall proc_cmdline_init+0x0/0x21 returned 0 after 9 usecs
[    5.754735] calling  proc_consoles_init+0x0/0x24 @ 1
[    5.760428] initcall proc_consoles_init+0x0/0x24 returned 0 after 6 usecs
[    5.768152] calling  proc_cpuinfo_init+0x0/0x1e @ 1
[    5.773779] initcall proc_cpuinfo_init+0x0/0x1e returned 0 after 6 usecs
[    5.781416] calling  proc_devices_init+0x0/0x24 @ 1
[    5.786984] initcall proc_devices_init+0x0/0x24 returned 0 after 5 usecs
[    5.794654] calling  proc_interrupts_init+0x0/0x24 @ 1
[    5.800735] initcall proc_interrupts_init+0x0/0x24 returned 0 after 6 usecs
[    5.808879] calling  proc_loadavg_init+0x0/0x21 @ 1
[    5.814630] initcall proc_loadavg_init+0x0/0x21 returned 0 after 5 usecs
[    5.822520] calling  proc_meminfo_init+0x0/0x21 @ 1
[    5.828265] initcall proc_meminfo_init+0x0/0x21 returned 0 after 5 usecs
[    5.836083] calling  proc_stat_init+0x0/0x1e @ 1
[    5.841570] initcall proc_stat_init+0x0/0x1e returned 0 after 6 usecs
[    5.849191] calling  proc_uptime_init+0x0/0x21 @ 1
[    5.854922] initcall proc_uptime_init+0x0/0x21 returned 0 after 6 usecs
[    5.862688] calling  proc_version_init+0x0/0x21 @ 1
[    5.868471] initcall proc_version_init+0x0/0x21 returned 0 after 6 usecs
[    5.876344] calling  proc_softirqs_init+0x0/0x21 @ 1
[    5.882263] initcall proc_softirqs_init+0x0/0x21 returned 0 after 7 usecs
[    5.890134] calling  proc_kcore_init+0x0/0xea @ 1
[    5.895729] initcall proc_kcore_init+0x0/0xea returned 0 after 95 usecs
[    5.903494] calling  vmcore_init+0x0/0x57b @ 1
[    5.908918] initcall vmcore_init+0x0/0x57b returned 0 after 1 usecs
[    5.916255] calling  proc_kmsg_init+0x0/0x21 @ 1
[    5.921751] initcall proc_kmsg_init+0x0/0x21 returned 0 after 8 usecs
[    5.929267] calling  proc_page_init+0x0/0x3b @ 1
[    5.934717] initcall proc_page_init+0x0/0x3b returned 0 after 23 usecs
[    5.942397] calling  init_ramfs_fs+0x0/0xc @ 1
[    5.947615] initcall init_ramfs_fs+0x0/0xc returned 0 after 17 usecs
[    5.954885] calling  init_hugetlbfs_fs+0x0/0xf6 @ 1
[    5.960972] initcall init_hugetlbfs_fs+0x0/0xf6 returned 0 after 326 usecs
[    5.968898] calling  blk_scsi_ioctl_init+0x0/0x2a5 @ 1
[    5.974802] initcall blk_scsi_ioctl_init+0x0/0x2a5 returned 0 after 23 usecs
[    5.982851] calling  acpi_event_init+0x0/0x2c @ 1
[    5.988411] initcall acpi_event_init+0x0/0x2c returned 0 after 123 usecs
[    5.995969] calling  pnp_system_init+0x0/0xc @ 1
[    6.001438] initcall pnp_system_init+0x0/0xc returned 0 after 52 usecs
[    6.010560] calling  pnpacpi_init+0x0/0x69 @ 1
[    6.017001] pnp: PnP ACPI init
[    6.022120] pnp 00:00: Plug and Play ACPI device, IDs PNP0303 (active)
[    6.031667] pnp 00:01: Plug and Play ACPI device, IDs PNP0f13 (active)
[    6.041126] pnp 00:02: Plug and Play ACPI device, IDs PNP0400 (active)
[    6.050670] pnp 00:03: Plug and Play ACPI device, IDs PNP0501 (active)
[    6.060062] pnp 00:04: Plug and Play ACPI device, IDs PNP0b00 (active)
[    6.069855] system 00:05: [mem 0xb0000000-0xbfffffff window] has been reserved
[    6.080217] system 00:05: Plug and Play ACPI device, IDs PNP0c01 (active)
[    6.091875] pnp: PnP ACPI: found 6 devices
[    6.097867] initcall pnpacpi_init+0x0/0x69 returned 0 after 78979 usecs
[    6.107393] calling  chr_dev_init+0x0/0x14d @ 1
[    6.241411] initcall chr_dev_init+0x0/0x14d returned 0 after 123562 usecs
[    6.251795] calling  firmware_class_init+0x0/0x14a @ 1
[    6.258447] initcall firmware_class_init+0x0/0x14a returned 0 after 207 usecs
[    6.266794] calling  init_pcmcia_bus+0x0/0x5b @ 1
[    6.274655] initcall init_pcmcia_bus+0x0/0x5b returned 0 after 2236 usecs
[    6.282680] calling  init_acpi_pm_clocksource+0x0/0xda @ 1
[    6.294748] clocksource: acpi_pm: mask: 0xffffff max_cycles: 0xffffff, max_idle_ns: 2085701024 ns
[    6.305185] initcall init_acpi_pm_clocksource+0x0/0xda returned 0 after 15658 usecs
[    6.314333] calling  sysctl_core_init+0x0/0x26 @ 1
[    6.320149] initcall sysctl_core_init+0x0/0x26 returned 0 after 163 usecs
[    6.330349] calling  eth_offload_init+0x0/0x13 @ 1
[    6.337229] initcall eth_offload_init+0x0/0x13 returned 0 after 950 usecs
[    6.344862] calling  ipv4_offload_init+0x0/0x73 @ 1
[    6.351137] initcall ipv4_offload_init+0x0/0x73 returned 0 after 128 usecs
[    6.359040] calling  inet_init+0x0/0x276 @ 1
[    6.366078] NET: Registered protocol family 2
[    6.372970] IP idents hash table entries: 8192 (order: 4, 65536 bytes, linear)
[    6.386720] tcp_listen_portaddr_hash hash table entries: 256 (order: 2, 20480 bytes, linear)
[    6.397851] TCP established hash table entries: 4096 (order: 3, 32768 bytes, linear)
[    6.407060] TCP bind hash table entries: 4096 (order: 6, 294912 bytes, linear)
[    6.416723] TCP: Hash tables configured (established 4096 bind 4096)
[    6.424939] UDP hash table entries: 256 (order: 3, 40960 bytes, linear)
[    6.434823] UDP-Lite hash table entries: 256 (order: 3, 40960 bytes, linear)
[    6.446482] initcall inet_init+0x0/0x276 returned 0 after 79477 usecs
[    6.455997] calling  af_unix_init+0x0/0x4d @ 1
[    6.462468] NET: Registered protocol family 1
[    6.468857] initcall af_unix_init+0x0/0x4d returned 0 after 6256 usecs
[    6.478244] calling  ipv6_offload_init+0x0/0x7e @ 1
[    6.485706] initcall ipv6_offload_init+0x0/0x7e returned 0 after 167 usecs
[    6.497043] calling  init_sunrpc+0x0/0x65 @ 1
[    6.509592] RPC: Registered named UNIX socket transport module.
[    6.516957] RPC: Registered udp transport module.
[    6.522476] RPC: Registered tcp transport module.
[    6.527845] RPC: Registered tcp NFSv4.1 backchannel transport module.
[    6.535044] initcall init_sunrpc+0x0/0x65 returned 0 after 30764 usecs
[    6.542596] calling  cfg80211_init+0x0/0xc5 @ 1
[    6.551392] initcall cfg80211_init+0x0/0xc5 returned 0 after 3632 usecs
[    6.560606] calling  pcibios_assign_resources+0x0/0xbf @ 1
[    6.567679] pci_bus 0000:00: resource 4 [io  0x0000-0x0cf7 window]
[    6.574540] pci_bus 0000:00: resource 5 [io  0x0d00-0xffff window]
[    6.581452] pci_bus 0000:00: resource 6 [mem 0x000a0000-0x000bffff window]
[    6.588936] pci_bus 0000:00: resource 7 [mem 0x20000000-0xafffffff window]
[    6.596402] pci_bus 0000:00: resource 8 [mem 0xc0000000-0xfebfffff window]
[    6.603843] pci_bus 0000:00: resource 9 [mem 0x100000000-0x8ffffffff window]
[    6.611895] initcall pcibios_assign_resources+0x0/0xbf returned 0 after 43711 usecs
[    6.620229] calling  pci_apply_final_quirks+0x0/0x124 @ 1
[    6.626931] pci 0000:00:01.0: calling  pci_fixup_video+0x0/0xe0 @ 1
[    6.634281] pci 0000:00:01.0: Video device with shadowed ROM at [mem 0x000c0000-0x000dffff]
[    6.643395] pci 0000:00:01.0: pci_fixup_video+0x0/0xe0 took 9180 usecs
[    6.651114] PCI: CLS 0 bytes, default 64
[    6.655612] initcall pci_apply_final_quirks+0x0/0x124 returned 0 after 28632 usecs
[    6.665964] calling  acpi_reserve_resources+0x0/0xea @ 1
[    6.673446] initcall acpi_reserve_resources+0x0/0xea returned 0 after 55 usecs
[    6.683559] calling  populate_rootfs+0x0/0x102 @ 1
[    6.692516] initcall populate_rootfs+0x0/0x102 returned 0 after 2646 usecs
[    6.700262] calling  pci_iommu_init+0x0/0x3e @ 1
[    6.705756] initcall pci_iommu_init+0x0/0x3e returned 0 after 107 usecs
[    6.714463] calling  ia32_binfmt_init+0x0/0x13 @ 1
[    6.719941] initcall ia32_binfmt_init+0x0/0x13 returned 0 after 21 usecs
[    6.727351] calling  rapl_pmu_init+0x0/0x267 @ 1
[    6.732641] initcall rapl_pmu_init+0x0/0x267 returned -19 after 57 usecs
[    6.740061] calling  amd_uncore_init+0x0/0x310 @ 1
[    6.746708] initcall amd_uncore_init+0x0/0x310 returned -19 after 1 usecs
[    6.756371] calling  amd_ibs_init+0x0/0x27b @ 1
[    6.762799] initcall amd_ibs_init+0x0/0x27b returned -19 after 0 usecs
[    6.771900] calling  amd_iommu_pc_init+0x0/0x22c @ 1
[    6.779089] initcall amd_iommu_pc_init+0x0/0x22c returned -19 after 72 usecs
[    6.789138] calling  msr_init+0x0/0x55 @ 1
[    6.795123] initcall msr_init+0x0/0x55 returned 0 after 163 usecs
[    6.803748] calling  intel_uncore_init+0x0/0x36f @ 1
[    6.810875] initcall intel_uncore_init+0x0/0x36f returned -19 after 34 usecs
[    6.820883] calling  cstate_pmu_init+0x0/0x1a1 @ 1
[    6.827890] initcall cstate_pmu_init+0x0/0x1a1 returned -19 after 0 usecs
[    6.837468] calling  register_kernel_offset_dumper+0x0/0x1a @ 1
[    6.845862] initcall register_kernel_offset_dumper+0x0/0x1a returned 0 after 33 usecs
[    6.855938] calling  i8259A_init_ops+0x0/0x20 @ 1
[    6.861456] initcall i8259A_init_ops+0x0/0x20 returned 0 after 2 usecs
[    6.868783] calling  init_tsc_clocksource+0x0/0xa4 @ 1
[    6.874613] clocksource: tsc: mask: 0xffffffffffffffff max_cycles: 0x39a85afc727, max_idle_ns: 881590685098 ns
[    6.885906] initcall init_tsc_clocksource+0x0/0xa4 returned 0 after 11040 usecs
[    6.894977] calling  add_rtc_cmos+0x0/0xb0 @ 1
[    6.900230] initcall add_rtc_cmos+0x0/0xb0 returned 0 after 68 usecs
[    6.907317] calling  i8237A_init_ops+0x0/0x3a @ 1
[    6.912697] initcall i8237A_init_ops+0x0/0x3a returned 0 after 88 usecs
[    6.920048] calling  umwait_init+0x0/0x94 @ 1
[    6.925039] initcall umwait_init+0x0/0x94 returned -19 after 12 usecs
[    6.932273] calling  thermal_throttle_init_device+0x0/0x3d @ 1
[    6.938879] initcall thermal_throttle_init_device+0x0/0x3d returned 0 after 40 usecs
[    6.947464] calling  msr_init+0x0/0xd7 @ 1
[    6.955031] initcall msr_init+0x0/0xd7 returned 0 after 2782 usecs
[    6.962011] calling  cpuid_init+0x0/0xd7 @ 1
[    6.969124] initcall cpuid_init+0x0/0xd7 returned 0 after 2144 usecs
[    6.976345] calling  ioapic_init_ops+0x0/0x13 @ 1
[    6.981723] initcall ioapic_init_ops+0x0/0x13 returned 0 after 23 usecs
[    6.989142] calling  add_pcspkr+0x0/0x6c @ 1
[    6.994207] initcall add_pcspkr+0x0/0x6c returned 0 after 104 usecs
[    7.002182] calling  start_periodic_check_for_corruption+0x0/0x30 @ 1
[    7.011926] check: Scanning for low memory corruption every 60 seconds
[    7.021511] initcall start_periodic_check_for_corruption+0x0/0x30 returned 0 after 9452 usecs
[    7.031970] calling  sysfb_init+0x0/0x9c @ 1
[    7.038957] initcall sysfb_init+0x0/0x9c returned 0 after 657 usecs
[    7.046126] calling  audit_classes_init+0x0/0xae @ 1
[    7.051992] initcall audit_classes_init+0x0/0xae returned 0 after 205 usecs
[    7.059751] calling  iosf_mbi_init+0x0/0x24 @ 1
[    7.065408] initcall iosf_mbi_init+0x0/0x24 returned 0 after 367 usecs
[    7.073276] calling  proc_execdomains_init+0x0/0x21 @ 1
[    7.079291] initcall proc_execdomains_init+0x0/0x21 returned 0 after 8 usecs
[    7.088047] calling  register_warn_debugfs+0x0/0x23 @ 1
[    7.094717] initcall register_warn_debugfs+0x0/0x23 returned 0 after 64 usecs
[    7.102756] calling  cpuhp_sysfs_init+0x0/0x79 @ 1
[    7.108466] initcall cpuhp_sysfs_init+0x0/0x79 returned 0 after 168 usecs
[    7.116206] calling  ioresources_init+0x0/0x49 @ 1
[    7.121617] initcall ioresources_init+0x0/0x49 returned 0 after 10 usecs
[    7.128977] calling  lockdep_proc_init+0x0/0x64 @ 1
[    7.134614] initcall lockdep_proc_init+0x0/0x64 returned 0 after 176 usecs
[    7.142370] calling  snapshot_device_init+0x0/0xc @ 1
[    7.149286] initcall snapshot_device_init+0x0/0xc returned 0 after 1282 usecs
[    7.157220] calling  irq_pm_init_ops+0x0/0x13 @ 1
[    7.162643] initcall irq_pm_init_ops+0x0/0x13 returned 0 after 53 usecs
[    7.169918] calling  rcu_torture_init+0x0/0x9be @ 1
[    7.175794] tasks-torture:--- Start of test: nreaders=1 nfakewriters=4 stat_interval=15 verbose=1 test_no_idle_hz=1 shuffle_interval=3 stutter=5 irqreader=1 fqs_duration=0 fqs_holdoff=0 fqs_stutter=3 test_boost=1/0 test_boost_interval=7 test_boost_duration=4 shutdown_secs=1800 stall_cpu=0 stall_cpu_holdoff=10 stall_cpu_irqsoff=0 stall_cpu_block=0 n_barrier_cbs=4 onoff_interval=1000 onoff_holdoff=30 read_exit_delay=13 read_exit_burst=16
[    7.224847] tasks:  Start-test grace-period state: g0 f0x0
[    7.230967] tasks-torture: Creating rcu_torture_writer task
[    7.239137] tasks-torture: Creating rcu_torture_fakewriter task
[    7.239425] tasks-torture: rcu_torture_writer task started
[    7.245968] tasks-torture: Creating rcu_torture_fakewriter task
[    7.251758] tasks-torture: GP expediting controlled from boot/sysfs for tasks.
[    7.251779] rcu_torture_writer: Testing expedited GPs.
[    7.258320] tasks-torture: rcu_torture_fakewriter task started
[    7.266311] rcu_torture_writer: Testing asynchronous GPs.
[    7.272512] tasks-torture: Creating rcu_torture_fakewriter task
[    7.278634] rcu_torture_writer: Testing normal GPs.
[    7.284770] tasks-torture: rcu_torture_fakewriter task started
[    7.292905] tasks-torture: Creating rcu_torture_fakewriter task
[    7.297061] tasks-torture: rcu_torture_fakewriter task started
[    7.305221] tasks-torture: Creating rcu_torture_reader task
[    7.310417] tasks-torture: rcu_torture_fakewriter task started
[    7.317790] tasks-torture: Creating rcu_torture_stats task
[    7.323738] tasks-torture: rcu_torture_reader task started
[    7.330733] tasks-torture: Creating torture_shuffle task
[    7.337280] tasks-torture: rcu_torture_stats task started
[    7.353593] tasks-torture: Creating torture_stutter task
[    7.355026] tasks-torture: torture_shuffle task started
[    7.366987] tasks-torture: Creating torture_shutdown task
[    7.371564] tasks-torture: torture_stutter task started
[    7.373387] tasks-torture: Creating torture_onoff task
[    7.380591] tasks-torture: torture_shutdown task started
[    7.384804] tasks-torture: rcu_torture_fwd_prog_init: Disabled, unsupported by RCU flavor under test
[    7.390452] tasks-torture:torture_shutdown task: 1799976 ms remaining
[    7.400483] tasks-torture: torture_onoff task started
[    7.407726] tasks-torture: Creating rcu_torture_barrier_cbs task
[    7.413601] tasks-torture: torture_onoff begin holdoff
[    7.420841] tasks-torture: Creating rcu_torture_barrier_cbs task
[    7.426259] tasks-torture: rcu_torture_barrier_cbs task started
[    7.433213] tasks-torture: Creating rcu_torture_barrier_cbs task
[    7.439742] tasks-torture: rcu_torture_barrier_cbs task started
[    7.446690] tasks-torture: Creating rcu_torture_barrier_cbs task
[    7.453240] tasks-torture: rcu_torture_barrier_cbs task started
[    7.467807] tasks-torture: Creating rcu_torture_barrier task
[    7.467828] tasks-torture: rcu_torture_barrier_cbs task started
[    7.474631] tasks-torture: Creating rcu_torture_read_exit task
[    7.481235] tasks-torture: rcu_torture_barrier task starting
[    7.487905] initcall rcu_torture_init+0x0/0x9be returned 0 after 305023 usecs
[    7.502450] tasks-torture: rcu_torture_read_exit: Start of test
[    7.502458] calling  timekeeping_init_ops+0x0/0x13 @ 1
[    7.515113] initcall timekeeping_init_ops+0x0/0x13 returned 0 after 14 usecs
[    7.523086] calling  init_clocksource_sysfs+0x0/0x23 @ 1
[    7.529719] initcall init_clocksource_sysfs+0x0/0x23 returned 0 after 421 usecs
[    7.538000] calling  init_timer_list_procfs+0x0/0x31 @ 1
[    7.543984] initcall init_timer_list_procfs+0x0/0x31 returned 0 after 7 usecs
[    7.551978] calling  alarmtimer_init+0x0/0xf5 @ 1
[    7.557616] initcall alarmtimer_init+0x0/0xf5 returned 0 after 282 usecs
[    7.565162] calling  init_posix_timers+0x0/0x29 @ 1
[    7.570733] initcall init_posix_timers+0x0/0x29 returned 0 after 15 usecs
[    7.578441] calling  clockevents_init_sysfs+0x0/0xbf @ 1
[    7.584769] initcall clockevents_init_sysfs+0x0/0xbf returned 0 after 204 usecs
[    7.592981] calling  proc_dma_init+0x0/0x21 @ 1
[    7.598474] initcall proc_dma_init+0x0/0x21 returned 0 after 107 usecs
[    7.605889] calling  proc_modules_init+0x0/0x1e @ 1
[    7.611513] initcall proc_modules_init+0x0/0x1e returned 0 after 23 usecs
[    7.619172] calling  kallsyms_init+0x0/0x21 @ 1
[    7.624324] initcall kallsyms_init+0x0/0x21 returned 0 after 5 usecs
[    7.631602] calling  pid_namespaces_init+0x0/0x2c @ 1
[    7.637401] initcall pid_namespaces_init+0x0/0x2c returned 0 after 33 usecs
[    7.645239] calling  audit_watch_init+0x0/0x37 @ 1
[    7.650700] initcall audit_watch_init+0x0/0x37 returned 0 after 5 usecs
[    7.658247] calling  audit_fsnotify_init+0x0/0x37 @ 1
[    7.664031] initcall audit_fsnotify_init+0x0/0x37 returned 0 after 2 usecs
[    7.671844] calling  audit_tree_init+0x0/0x6d @ 1
[    7.677322] initcall audit_tree_init+0x0/0x6d returned 0 after 17 usecs
[    7.684834] calling  seccomp_sysctl_init+0x0/0x2b @ 1
[    7.690615] initcall seccomp_sysctl_init+0x0/0x2b returned 0 after 11 usecs
[    7.698535] calling  utsname_sysctl_init+0x0/0x13 @ 1
[    7.704337] initcall utsname_sysctl_init+0x0/0x13 returned 0 after 23 usecs
[    7.712253] calling  init_tracepoints+0x0/0x27 @ 1
[    7.717837] initcall init_tracepoints+0x0/0x27 returned 0 after 54 usecs
[    7.727295] calling  init_blk_tracer+0x0/0x50 @ 1
[    7.735022] initcall init_blk_tracer+0x0/0x50 returned 0 after 377 usecs
[    7.746200] calling  perf_event_sysfs_init+0x0/0x83 @ 1
[    7.753083] initcall perf_event_sysfs_init+0x0/0x83 returned 0 after 841 usecs
[    7.760713] calling  system_trusted_keyring_init+0x0/0x60 @ 1
[    7.766792] Initialise system trusted keyrings
[    7.771709] initcall system_trusted_keyring_init+0x0/0x60 returned 0 after 4799 usecs
[    7.779931] calling  kswapd_init+0x0/0x5c @ 1
[    7.785610] initcall kswapd_init+0x0/0x5c returned 0 after 886 usecs
[    7.792334] calling  extfrag_debug_init+0x0/0x54 @ 1
[    7.798056] initcall extfrag_debug_init+0x0/0x54 returned 0 after 130 usecs
[    7.805578] calling  mm_compute_batch_init+0x0/0x12 @ 1
[    7.811577] initcall mm_compute_batch_init+0x0/0x12 returned 0 after 36 usecs
[    7.820601] calling  slab_proc_init+0x0/0x21 @ 1
[    7.826000] initcall slab_proc_init+0x0/0x21 returned 0 after 32 usecs
[    7.833515] calling  workingset_init+0x0/0x8c @ 1
[    7.839119] workingset: timestamp_bits=56 max_order=17 bucket_order=0
[    7.846694] initcall workingset_init+0x0/0x8c returned 0 after 7395 usecs
[    7.854597] calling  proc_vmalloc_init+0x0/0x32 @ 1
[    7.860591] initcall proc_vmalloc_init+0x0/0x32 returned 0 after 105 usecs
[    7.868559] calling  procswaps_init+0x0/0x1e @ 1
[    7.874002] initcall procswaps_init+0x0/0x1e returned 0 after 18 usecs
[    7.881523] calling  slab_sysfs_init+0x0/0xec @ 1
[    7.900033] initcall slab_sysfs_init+0x0/0xec returned 0 after 12220 usecs
[    7.908096] calling  fcntl_init+0x0/0x29 @ 1
[    7.918138] initcall fcntl_init+0x0/0x29 returned 0 after 123 usecs
[    7.925563] calling  proc_filesystems_init+0x0/0x21 @ 1
[    7.933221] initcall proc_filesystems_init+0x0/0x21 returned 0 after 8 usecs
[    7.941466] calling  start_dirtytime_writeback+0x0/0x29 @ 1
[    7.948339] initcall start_dirtytime_writeback+0x0/0x29 returned 0 after 2 usecs
[    7.956947] calling  blkdev_init+0x0/0x1b @ 1
[    7.962275] initcall blkdev_init+0x0/0x1b returned 0 after 204 usecs
[    7.969622] calling  dio_init+0x0/0x2c @ 1
[    7.975169] initcall dio_init+0x0/0x2c returned 0 after 137 usecs
[    7.982223] calling  dnotify_init+0x0/0x78 @ 1
[    7.987708] initcall dnotify_init+0x0/0x78 returned 0 after 114 usecs
[    7.995879] calling  aio_setup+0x0/0x78 @ 1
[    8.002858] initcall aio_setup+0x0/0x78 returned 0 after 678 usecs
[    8.011689] calling  io_uring_init+0x0/0x2c @ 1
[    8.018312] initcall io_uring_init+0x0/0x2c returned 0 after 13 usecs
[    8.025877] calling  mbcache_init+0x0/0x30 @ 1
[    8.031208] initcall mbcache_init+0x0/0x30 returned 0 after 117 usecs
[    8.038705] calling  init_grace+0x0/0xc @ 1
[    8.043687] initcall init_grace+0x0/0xc returned 0 after 6 usecs
[    8.050899] calling  init_v2_quota_format+0x0/0x21 @ 1
[    8.057641] initcall init_v2_quota_format+0x0/0x21 returned 0 after 72 usecs
[    8.065877] calling  init_devpts_fs+0x0/0x27 @ 1
[    8.072271] initcall init_devpts_fs+0x0/0x27 returned 0 after 107 usecs
[    8.080325] calling  ext4_init_fs+0x0/0x1c2 @ 1
[    8.086438] initcall ext4_init_fs+0x0/0x1c2 returned 0 after 838 usecs
[    8.094132] calling  journal_init+0x0/0x11c @ 1
[    8.099739] initcall journal_init+0x0/0x11c returned 0 after 293 usecs
[    8.107369] calling  init_fat_fs+0x0/0x49 @ 1
[    8.112866] initcall init_fat_fs+0x0/0x49 returned 0 after 287 usecs
[    8.120173] calling  init_vfat_fs+0x0/0xc @ 1
[    8.125405] initcall init_vfat_fs+0x0/0xc returned 0 after 18 usecs
[    8.132586] calling  init_msdos_fs+0x0/0xc @ 1
[    8.138768] initcall init_msdos_fs+0x0/0xc returned 0 after 4 usecs
[    8.146478] calling  init_iso9660_fs+0x0/0x6c @ 1
[    8.152249] initcall init_iso9660_fs+0x0/0x6c returned 0 after 260 usecs
[    8.160014] calling  init_nfs_fs+0x0/0x13a @ 1
[    8.169101] initcall init_nfs_fs+0x0/0x13a returned 0 after 3053 usecs
[    8.178838] calling  init_nfs_v2+0x0/0x13 @ 1
[    8.185664] initcall init_nfs_v2+0x0/0x13 returned 0 after 73 usecs
[    8.194928] calling  init_nfs_v3+0x0/0x13 @ 1
[    8.201485] initcall init_nfs_v3+0x0/0x13 returned 0 after 2 usecs
[    8.210620] calling  init_nfs_v4+0x0/0x32 @ 1
[    8.217398] NFS: Registering the id_resolver key type
[    8.225717] Key type id_resolver registered
[    8.232079] Key type id_legacy registered
[    8.237834] initcall init_nfs_v4+0x0/0x32 returned 0 after 20087 usecs
[    8.246801] calling  init_nlm+0x0/0x5b @ 1
[    8.251809] initcall init_nlm+0x0/0x5b returned 0 after 37 usecs
[    8.258900] calling  init_nls_cp437+0x0/0xe @ 1
[    8.264473] initcall init_nls_cp437+0x0/0xe returned 0 after 66 usecs
[    8.272381] calling  init_nls_ascii+0x0/0xe @ 1
[    8.277938] initcall init_nls_ascii+0x0/0xe returned 0 after 1 usecs
[    8.285589] calling  init_nls_iso8859_1+0x0/0xe @ 1
[    8.291699] initcall init_nls_iso8859_1+0x0/0xe returned 0 after 1 usecs
[    8.299884] calling  init_nls_utf8+0x0/0x21 @ 1
[    8.305311] initcall init_nls_utf8+0x0/0x21 returned 0 after 2 usecs
[    8.312736] calling  init_autofs_fs+0x0/0x25 @ 1
[    8.319307] initcall init_autofs_fs+0x0/0x25 returned 0 after 980 usecs
[    8.327051] calling  ipc_init+0x0/0x24 @ 1
[    8.331988] initcall ipc_init+0x0/0x24 returned 0 after 79 usecs
[    8.338892] calling  ipc_sysctl_init+0x0/0x13 @ 1
[    8.344611] initcall ipc_sysctl_init+0x0/0x13 returned 0 after 216 usecs
[    8.352297] calling  init_mqueue_fs+0x0/0xb1 @ 1
[    8.358128] initcall init_mqueue_fs+0x0/0xb1 returned 0 after 434 usecs
[    8.365685] calling  key_proc_init+0x0/0x63 @ 1
[    8.371366] initcall key_proc_init+0x0/0x63 returned 0 after 10 usecs
[    8.379276] calling  selinux_nf_ip_init+0x0/0x2e @ 1
[    8.385595] initcall selinux_nf_ip_init+0x0/0x2e returned 0 after 149 usecs
[    8.395523] calling  init_sel_fs+0x0/0x116 @ 1
[    8.400949] initcall init_sel_fs+0x0/0x116 returned 0 after 18 usecs
[    8.408726] calling  selnl_init+0x0/0x7c @ 1
[    8.415081] initcall selnl_init+0x0/0x7c returned 0 after 86 usecs
[    8.422561] calling  sel_netif_init+0x0/0x36 @ 1
[    8.427993] initcall sel_netif_init+0x0/0x36 returned 0 after 0 usecs
[    8.435582] calling  sel_netnode_init+0x0/0x33 @ 1
[    8.441308] initcall sel_netnode_init+0x0/0x33 returned 0 after 0 usecs
[    8.449048] calling  sel_netport_init+0x0/0x33 @ 1
[    8.454671] initcall sel_netport_init+0x0/0x33 returned 0 after 0 usecs
[    8.462429] calling  aurule_init+0x0/0x2a @ 1
[    8.467683] initcall aurule_init+0x0/0x2a returned 0 after 3 usecs
[    8.477032] calling  crypto_algapi_init+0x0/0xc @ 1
[    8.484114] initcall crypto_algapi_init+0x0/0xc returned 0 after 10 usecs
[    8.494048] calling  jent_mod_init+0x0/0x2d @ 1
[    8.512230] initcall jent_mod_init+0x0/0x2d returned 0 after 11297 usecs
[    8.521035] calling  asymmetric_key_init+0x0/0xc @ 1
[    8.527453] Key type asymmetric registered
[    8.532675] initcall asymmetric_key_init+0x0/0xc returned 0 after 5102 usecs
[    8.542711] calling  x509_key_init+0x0/0xc @ 1
[    8.548448] Asymmetric key parser 'x509' registered
[    8.554574] initcall x509_key_init+0x0/0xc returned 0 after 6133 usecs
[    8.562767] calling  proc_genhd_init+0x0/0x41 @ 1
[    8.569642] initcall proc_genhd_init+0x0/0x41 returned 0 after 311 usecs
[    8.578336] calling  bsg_init+0x0/0x113 @ 1
[    8.583498] Block layer SCSI generic (bsg) driver version 0.4 loaded (major 251)
[    8.592745] initcall bsg_init+0x0/0x113 returned 0 after 9054 usecs
[    8.600534] calling  deadline_init+0x0/0xc @ 1
[    8.607407] io scheduler mq-deadline registered
[    8.619120] initcall deadline_init+0x0/0xc returned 0 after 11040 usecs
[    8.627340] calling  kyber_init+0x0/0xc @ 1
[    8.633026] io scheduler kyber registered
[    8.637944] initcall kyber_init+0x0/0xc returned 0 after 5004 usecs
[    8.645553] calling  mod_init+0x0/0x7 @ 1
[    8.650585] initcall mod_init+0x0/0x7 returned 0 after 0 usecs
[    8.657769] calling  percpu_counter_startup+0x0/0x55 @ 1
[    8.666752] initcall percpu_counter_startup+0x0/0x55 returned 0 after 1815 usecs
[    8.675851] calling  sg_pool_init+0x0/0xb4 @ 1
[    8.695080] initcall sg_pool_init+0x0/0xb4 returned 0 after 13412 usecs
[    8.703727] calling  pcie_portdrv_init+0x0/0x39 @ 1
[    8.711924] initcall pcie_portdrv_init+0x0/0x39 returned 0 after 1521 usecs
[    8.720981] calling  pci_proc_init+0x0/0x68 @ 1
[    8.726882] initcall pci_proc_init+0x0/0x68 returned 0 after 237 usecs
[    8.735027] calling  pci_hotplug_init+0x0/0x7 @ 1
[    8.740956] initcall pci_hotplug_init+0x0/0x7 returned 0 after 1 usecs
[    8.749442] calling  efifb_driver_init+0x0/0xe @ 1
[    8.755996] initcall efifb_driver_init+0x0/0xe returned 0 after 223 usecs
[    8.764337] calling  ged_driver_init+0x0/0xe @ 1
[    8.770224] initcall ged_driver_init+0x0/0xe returned 0 after 197 usecs
[    8.778389] calling  acpi_ac_init+0x0/0x92 @ 1
[    8.784846] initcall acpi_ac_init+0x0/0x92 returned 0 after 932 usecs
[    8.792716] calling  acpi_button_driver_init+0x0/0x52 @ 1
[    8.803437] input: Power Button as /devices/LNXSYSTM:00/LNXPWRBN:00/input/input0
[    8.816258] ACPI: Power Button [PWRF]
[    8.821826] initcall acpi_button_driver_init+0x0/0x52 returned 0 after 21903 usecs
[    8.831736] calling  acpi_fan_driver_init+0x0/0xe @ 1
[    8.838648] initcall acpi_fan_driver_init+0x0/0xe returned 0 after 43 usecs
[    8.847752] calling  acpi_video_init+0x0/0xcb @ 1
[    8.853848] initcall acpi_video_init+0x0/0xcb returned 0 after 238 usecs
[    8.862743] calling  acpi_processor_driver_init+0x0/0xad @ 1
[    8.871270] initcall acpi_processor_driver_init+0x0/0xad returned 0 after 1372 usecs
[    8.882886] calling  acpi_thermal_init+0x0/0x71 @ 1
[    8.893815] initcall acpi_thermal_init+0x0/0x71 returned 0 after 3368 usecs
[    8.903981] calling  acpi_battery_init+0x0/0x32 @ 1
[    8.910667] initcall acpi_battery_init+0x0/0x32 returned 0 after 432 usecs
[    8.921354] calling  bgrt_init+0x0/0xb6 @ 1
[    8.927995] initcall bgrt_init+0x0/0xb6 returned -19 after 163 usecs
[    8.937629] calling  gpio_clk_driver_init+0x0/0xe @ 1
[    8.944603] initcall gpio_clk_driver_init+0x0/0xe returned 0 after 171 usecs
[    8.953298] calling  plt_clk_driver_init+0x0/0xe @ 1
[    8.959568] initcall plt_clk_driver_init+0x0/0xe returned 0 after 51 usecs
[    8.968032] calling  virtio_pci_driver_init+0x0/0x15 @ 1
[    8.974841] initcall virtio_pci_driver_init+0x0/0x15 returned 0 after 155 usecs
[    8.983982] calling  n_null_init+0x0/0x1e @ 1
[    8.989577] initcall n_null_init+0x0/0x1e returned 0 after 41 usecs
[    8.997336] calling  pty_init+0x0/0x1e8 @ 1
[    9.005792] initcall pty_init+0x0/0x1e8 returned 0 after 3153 usecs
[    9.016680] calling  sysrq_init+0x0/0x62 @ 1
[    9.022182] initcall sysrq_init+0x0/0x62 returned 0 after 74 usecs
[    9.030068] calling  serial8250_init+0x0/0x17e @ 1
[    9.036035] Serial: 8250/16550 driver, 4 ports, IRQ sharing enabled
[    9.046042] 00:03: ttyS0 at I/O 0x3f8 (irq = 4, base_baud = 115200) is a 16550A
[    9.062394] initcall serial8250_init+0x0/0x17e returned 0 after 25784 usecs
[    9.071215] calling  serial_pci_driver_init+0x0/0x15 @ 1
[    9.078445] initcall serial_pci_driver_init+0x0/0x15 returned 0 after 145 usecs
[    9.088341] calling  exar_pci_driver_init+0x0/0x15 @ 1
[    9.095153] initcall exar_pci_driver_init+0x0/0x15 returned 0 after 82 usecs
[    9.104622] calling  lpss8250_pci_driver_init+0x0/0x15 @ 1
[    9.111966] initcall lpss8250_pci_driver_init+0x0/0x15 returned 0 after 43 usecs
[    9.121693] calling  mid8250_pci_driver_init+0x0/0x15 @ 1
[    9.128669] initcall mid8250_pci_driver_init+0x0/0x15 returned 0 after 38 usecs
[    9.138441] calling  virtio_console_init+0x0/0xff @ 1
[    9.146039] initcall virtio_console_init+0x0/0xff returned 0 after 833 usecs
[    9.155238] calling  hpet_init+0x0/0x64 @ 1
[    9.163075] initcall hpet_init+0x0/0x64 returned 0 after 2128 usecs
[    9.171890] calling  nvram_module_init+0x0/0x83 @ 1
[    9.180816] Non-volatile memory driver v1.3
[    9.186737] initcall nvram_module_init+0x0/0x83 returned 0 after 7377 usecs
[    9.195920] calling  hwrng_modinit+0x0/0x8a @ 1
[    9.203028] initcall hwrng_modinit+0x0/0x8a returned 0 after 969 usecs
[    9.212046] calling  mod_init+0x0/0x48 @ 1
[    9.217769] initcall mod_init+0x0/0x48 returned -19 after 0 usecs
[    9.225909] calling  agp_init+0x0/0x23 @ 1
[    9.231646] Linux agpgart interface v0.103
[    9.237697] initcall agp_init+0x0/0x23 returned 0 after 5906 usecs
[    9.247284] calling  agp_amd64_mod_init+0x0/0x5 @ 1
[    9.254475] initcall agp_amd64_mod_init+0x0/0x5 returned -19 after 408 usecs
[    9.264102] calling  agp_intel_init+0x0/0x28 @ 1
[    9.272689] initcall agp_intel_init+0x0/0x28 returned 0 after 745 usecs
[    9.282176] calling  drm_kms_helper_init+0x0/0x7 @ 1
[    9.289022] initcall drm_kms_helper_init+0x0/0x7 returned 0 after 28 usecs
[    9.298547] calling  drm_core_init+0x0/0xbd @ 1
[    9.304904] initcall drm_core_init+0x0/0xbd returned 0 after 299 usecs
[    9.313770] calling  i915_init+0x0/0x6b @ 1
[    9.321472] initcall i915_init+0x0/0x6b returned 0 after 1617 usecs
[    9.330418] calling  cn_proc_init+0x0/0x35 @ 1
[    9.337022] initcall cn_proc_init+0x0/0x35 returned 0 after 148 usecs
[    9.346363] calling  topology_sysfs_init+0x0/0x27 @ 1
[    9.353860] initcall topology_sysfs_init+0x0/0x27 returned 0 after 148 usecs
[    9.364597] calling  cacheinfo_sysfs_init+0x0/0x27 @ 1
[    9.374662] initcall cacheinfo_sysfs_init+0x0/0x27 returned 0 after 2586 usecs
[    9.385589] calling  loop_init+0x0/0x16a @ 1
[    9.439786] loop: module loaded
[    9.444537] initcall loop_init+0x0/0x16a returned 0 after 50773 usecs
[    9.454389] calling  mac_hid_init+0x0/0x21 @ 1
[    9.462435] initcall mac_hid_init+0x0/0x21 returned 0 after 51 usecs
[    9.473088] calling  spi_transport_init+0x0/0x74 @ 1
[    9.482014] initcall spi_transport_init+0x0/0x74 returned 0 after 189 usecs
[    9.493905] calling  init_sd+0x0/0x18c @ 1
[    9.501199] initcall init_sd+0x0/0x18c returned 0 after 365 usecs
[    9.511719] calling  init_sr+0x0/0x43 @ 1
[    9.518779] initcall init_sr+0x0/0x43 returned 0 after 270 usecs
[    9.528463] calling  init_sg+0x0/0x1c0 @ 1
[    9.535423] initcall init_sg+0x0/0x1c0 returned 0 after 265 usecs
[    9.545020] calling  ahci_pci_driver_init+0x0/0x15 @ 1
[    9.552790] ahci 0000:00:1f.2: version 3.0
[    9.561821] PCI Interrupt Link [GSIA] enabled at IRQ 16
[    9.580579] ahci 0000:00:1f.2: AHCI 0001.0000 32 slots 6 ports 1.5 Gbps 0x3f impl SATA mode
[    9.593617] ahci 0000:00:1f.2: flags: 64bit ncq only 
[    9.621004] scsi host0: ahci
[    9.631389] scsi host1: ahci
[    9.639317] scsi host2: ahci
[    9.647151] scsi host3: ahci
[    9.659754] scsi host4: ahci
[    9.667631] scsi host5: ahci
[    9.672726] ata1: SATA max UDMA/133 abar m4096@0xfebf1000 port 0xfebf1100 irq 24
[    9.683989] ata2: SATA max UDMA/133 abar m4096@0xfebf1000 port 0xfebf1180 irq 24
[    9.695694] ata3: SATA max UDMA/133 abar m4096@0xfebf1000 port 0xfebf1200 irq 24
[    9.707727] ata4: SATA max UDMA/133 abar m4096@0xfebf1000 port 0xfebf1280 irq 24
[    9.719804] ata5: SATA max UDMA/133 abar m4096@0xfebf1000 port 0xfebf1300 irq 24
[    9.731893] ata6: SATA max UDMA/133 abar m4096@0xfebf1000 port 0xfebf1380 irq 24
[    9.743928] initcall ahci_pci_driver_init+0x0/0x15 returned 0 after 187241 usecs
[    9.755283] calling  piix_init+0x0/0x26 @ 1
[    9.761852] initcall piix_init+0x0/0x26 returned 0 after 123 usecs
[    9.771826] calling  amd_pci_driver_init+0x0/0x15 @ 1
[    9.779096] initcall amd_pci_driver_init+0x0/0x15 returned 0 after 136 usecs
[    9.788573] calling  oldpiix_pci_driver_init+0x0/0x15 @ 1
[    9.796336] initcall oldpiix_pci_driver_init+0x0/0x15 returned 0 after 153 usecs
[    9.807179] calling  sch_pci_driver_init+0x0/0x15 @ 1
[    9.815559] initcall sch_pci_driver_init+0x0/0x15 returned 0 after 50 usecs
[    9.826738] calling  net_olddevs_init+0x0/0x55 @ 1
[    9.834868] initcall net_olddevs_init+0x0/0x55 returned 0 after 406 usecs
[    9.845728] calling  blackhole_netdev_init+0x0/0x78 @ 1
[    9.854899] initcall blackhole_netdev_init+0x0/0x78 returned 0 after 979 usecs
[    9.867663] calling  phy_module_init+0x0/0x13 @ 1
[    9.876724] initcall phy_module_init+0x0/0x13 returned 0 after 646 usecs
[    9.887792] calling  tg3_driver_init+0x0/0x15 @ 1
[    9.894785] initcall tg3_driver_init+0x0/0x15 returned 0 after 142 usecs
[    9.904392] calling  e100_init_module+0x0/0x4c @ 1
[    9.911315] e100: Intel(R) PRO/100 Network Driver
[    9.918634] e100: Copyright(c) 1999-2006 Intel Corporation
[    9.927697] initcall e100_init_module+0x0/0x4c returned 0 after 15995 usecs
[    9.939677] calling  e1000_init_module+0x0/0x72 @ 1
[    9.948477] e1000: Intel(R) PRO/1000 Network Driver
[    9.956577] e1000: Copyright (c) 1999-2006 Intel Corporation.
[    9.964672] initcall e1000_init_module+0x0/0x72 returned 0 after 15814 usecs
[    9.974636] calling  e1000_init_module+0x0/0x2d @ 1
[    9.981648] e1000e: Intel(R) PRO/1000 Network Driver
[    9.988725] e1000e: Copyright(c) 1999 - 2015 Intel Corporation.
[   10.023580] initcall e1000_init_module+0x0/0x2d returned 0 after 40297 usecs
[   10.036963] calling  sky2_init_module+0x0/0x21 @ 1
[   10.044290] sky2: driver version 1.30
[   10.050081] initcall sky2_init_module+0x0/0x21 returned 0 after 5653 usecs
[   10.054547] ata5: SATA link down (SStatus 0 SControl 300)
[   10.068757] calling  forcedeth_pci_driver_init+0x0/0x15 @ 1
[   10.069065] initcall forcedeth_pci_driver_init+0x0/0x15 returned 0 after 296 usecs
[   10.069068] calling  rtl8139_init_module+0x0/0x15 @ 1
[   10.070281] initcall rtl8139_init_module+0x0/0x15 returned 0 after 1179 usecs
[   10.083337] ata3: SATA link up 1.5 Gbps (SStatus 113 SControl 300)
[   10.090361] calling  rtl8169_pci_driver_init+0x0/0x15 @ 1
[   10.090871] initcall rtl8169_pci_driver_init+0x0/0x15 returned 0 after 491 usecs
[   10.105146] ata6: SATA link down (SStatus 0 SControl 300)
[   10.110131] calling  cdrom_init+0x0/0xc @ 1
[   10.110984] initcall cdrom_init+0x0/0xc returned 0 after 827 usecs
[   10.124028] ata2: SATA link down (SStatus 0 SControl 300)
[   10.130218] calling  nonstatic_sysfs_init+0x0/0xc @ 1
[   10.130394] initcall nonstatic_sysfs_init+0x0/0xc returned 0 after 166 usecs
[   10.144875] ata4: SATA link down (SStatus 0 SControl 300)
[   10.150620] calling  yenta_cardbus_driver_init+0x0/0x15 @ 1
[   10.160249] ata1: SATA link down (SStatus 0 SControl 300)
[   10.167777] initcall yenta_cardbus_driver_init+0x0/0x15 returned 0 after 489 usecs
[   10.176691] ata3.00: ATAPI: QEMU DVD-ROM, 2.5+, max UDMA/100
[   10.183528] calling  mon_init+0x0/0x144 @ 1
[   10.195522] ata3.00: applying bridge limits
[   10.216969] initcall mon_init+0x0/0x144 returned 0 after 14177 usecs
[   10.220526] ata3.00: configured for UDMA/100
[   10.229681] calling  ehci_hcd_init+0x0/0x56 @ 1
[   10.263453] scsi 2:0:0:0: CD-ROM            QEMU     QEMU DVD-ROM     2.5+ PQ: 0 ANSI: 5
[   10.268497] ehci_hcd: USB 2.0 'Enhanced' Host Controller (EHCI) Driver
[   10.268548] initcall ehci_hcd_init+0x0/0x56 returned 0 after 169 usecs
[   10.310847] calling  ehci_pci_init+0x0/0x64 @ 1
[   10.319016] ehci-pci: EHCI PCI platform driver
[   10.322171] sr 2:0:0:0: [sr0] scsi3-mmc drive: 4x/4x cd/rw xa/form2 tray
[   10.325917] initcall ehci_pci_init+0x0/0x64 returned 0 after 6735 usecs
[   10.336043] cdrom: Uniform CD-ROM driver Revision: 3.20
[   10.346388] calling  ohci_hcd_mod_init+0x0/0x4e @ 1
[   10.360991] ohci_hcd: USB 1.1 'Open' Host Controller (OHCI) Driver
[   10.370796] initcall ohci_hcd_mod_init+0x0/0x4e returned 0 after 9569 usecs
[   10.382488] calling  ohci_pci_init+0x0/0x64 @ 1
[   10.390936] ohci-pci: OHCI PCI platform driver
[   10.399481] initcall ohci_pci_init+0x0/0x64 returned 0 after 8512 usecs
[   10.409287] calling  uhci_hcd_init+0x0/0xa8 @ 1
[   10.411902] sr 2:0:0:0: Attached scsi CD-ROM sr0
[   10.416479] uhci_hcd: USB Universal Host Controller Interface driver
[   10.425094] sr 2:0:0:0: Attached scsi generic sg0 type 5
[   10.434154] initcall uhci_hcd_init+0x0/0xa8 returned 0 after 17299 usecs
[   10.459756] calling  xhci_hcd_init+0x0/0x1e @ 1
[   10.467487] initcall xhci_hcd_init+0x0/0x1e returned 0 after 263 usecs
[   10.479203] calling  xhci_pci_init+0x0/0x49 @ 1
[   10.487344] initcall xhci_pci_init+0x0/0x49 returned 0 after 287 usecs
[   10.495852] calling  usblp_driver_init+0x0/0x15 @ 1
[   10.505305] usbcore: registered new interface driver usblp
[   10.513457] initcall usblp_driver_init+0x0/0x15 returned 0 after 9969 usecs
[   10.524736] calling  usb_storage_driver_init+0x0/0x2a @ 1
[   10.534225] usbcore: registered new interface driver usb-storage
[   10.543410] initcall usb_storage_driver_init+0x0/0x2a returned 0 after 9227 usecs
[   10.555339] calling  i8042_init+0x0/0x4c2 @ 1
[   10.565028] i8042: PNP: PS/2 Controller [PNP0303:KBD,PNP0f13:MOU] at 0x60,0x64 irq 1,12
[   10.591838] serio: i8042 KBD port at 0x60,0x64 irq 1
[   10.603221] serio: i8042 AUX port at 0x60,0x64 irq 12
[   10.611987] initcall i8042_init+0x0/0x4c2 returned 0 after 48055 usecs
[   10.622246] calling  serport_init+0x0/0x2c @ 1
[   10.629892] initcall serport_init+0x0/0x2c returned 0 after 211 usecs
[   10.639846] calling  input_leds_init+0x0/0xc @ 1
[   10.647424] initcall input_leds_init+0x0/0xc returned 0 after 852 usecs
[   10.655879] calling  evdev_init+0x0/0xc @ 1
[   10.667417] initcall evdev_init+0x0/0xc returned 0 after 5703 usecs
[   10.678014] calling  atkbd_init+0x0/0x21 @ 1
[   10.687884] initcall atkbd_init+0x0/0x21 returned 0 after 2357 usecs
[   10.698093] calling  psmouse_init+0x0/0x7f @ 1
[   10.710128] initcall psmouse_init+0x0/0x7f returned 0 after 4287 usecs
[   10.723247] calling  cmos_init+0x0/0x73 @ 1
[   10.724473] input: AT Translated Set 2 keyboard as /devices/platform/i8042/serio0/input/input1
[   10.733054] rtc_cmos 00:04: RTC can wake from S4
[   10.771130] rtc_cmos 00:04: registered as rtc0
[   10.780219] rtc_cmos 00:04: alarms up to one day, y3k, 242 bytes nvram, hpet irqs
[   10.793572] initcall cmos_init+0x0/0x73 returned 0 after 60836 usecs
[   10.805533] calling  smbalert_driver_init+0x0/0xe @ 1
[   10.814063] initcall smbalert_driver_init+0x0/0xe returned 0 after 118 usecs
[   10.826369] calling  i2c_i801_init+0x0/0xc5 @ 1
[   10.848091] i801_smbus 0000:00:1f.3: SMBus using PCI interrupt
[   10.863390] i2c i2c-0: 1/1 memory slots populated (from DMI)
[   10.872809] i2c i2c-0: Memory type 0x07 not supported yet, not instantiating SPD
[   10.888421] initcall i2c_i801_init+0x0/0xc5 returned 0 after 53287 usecs
[   10.898798] calling  ptp_kvm_init+0x0/0xf0 @ 1
[   10.910772] initcall ptp_kvm_init+0x0/0xf0 returned 0 after 4504 usecs
[   10.921177] calling  dm_init+0x0/0x3c @ 1
[   10.938246] device-mapper: ioctl: 4.43.0-ioctl (2020-10-01) initialised: dm-devel@redhat.com
[   10.952414] initcall dm_init+0x0/0x3c returned 0 after 23838 usecs
[   10.962935] calling  dm_mirror_init+0x0/0x29 @ 1
[   10.970042] initcall dm_mirror_init+0x0/0x29 returned 0 after 30 usecs
[   10.980818] calling  dm_dirty_log_init+0x0/0x4f @ 1
[   10.991829] initcall dm_dirty_log_init+0x0/0x4f returned 0 after 2286 usecs
[   11.004107] calling  dm_zero_init+0x0/0x29 @ 1
[   11.012457] initcall dm_zero_init+0x0/0x29 returned 0 after 4 usecs
[   11.023947] calling  intel_pstate_init+0x0/0x512 @ 1
[   11.033058] intel_pstate: CPU model not supported
[   11.040304] initcall intel_pstate_init+0x0/0x512 returned -19 after 7136 usecs
[   11.051356] calling  haltpoll_init+0x0/0xc0 @ 1
[   11.058933] initcall haltpoll_init+0x0/0xc0 returned -19 after 31 usecs
[   11.069993] calling  efivars_sysfs_init+0x0/0x30 @ 1
[   11.078090] initcall efivars_sysfs_init+0x0/0x30 returned 0 after 543 usecs
[   11.089421] calling  esrt_sysfs_init+0x0/0x2a2 @ 1
[   11.098225] initcall esrt_sysfs_init+0x0/0x2a2 returned -38 after 81 usecs
[   11.109657] calling  hid_init+0x0/0x5c @ 1
[   11.117155] hid: raw HID events driver (C) Jiri Kosina
[   11.127141] initcall hid_init+0x0/0x5c returned 0 after 10079 usecs
[   11.139302] calling  hid_generic_init+0x0/0x15 @ 1
[   11.148304] initcall hid_generic_init+0x0/0x15 returned 0 after 133 usecs
[   11.159915] calling  a4_driver_init+0x0/0x15 @ 1
[   11.167022] initcall a4_driver_init+0x0/0x15 returned 0 after 44 usecs
[   11.176624] calling  apple_driver_init+0x0/0x15 @ 1
[   11.185673] initcall apple_driver_init+0x0/0x15 returned 0 after 298 usecs
[   11.197105] calling  belkin_driver_init+0x0/0x15 @ 1
[   11.205091] initcall belkin_driver_init+0x0/0x15 returned 0 after 47 usecs
[   11.215645] calling  ch_driver_init+0x0/0x15 @ 1
[   11.223042] initcall ch_driver_init+0x0/0x15 returned 0 after 34 usecs
[   11.232691] calling  ch_driver_init+0x0/0x15 @ 1
[   11.239436] initcall ch_driver_init+0x0/0x15 returned 0 after 36 usecs
[   11.249415] calling  cp_driver_init+0x0/0x15 @ 1
[   11.255799] initcall cp_driver_init+0x0/0x15 returned 0 after 40 usecs
[   11.265327] calling  ez_driver_init+0x0/0x15 @ 1
[   11.272402] initcall ez_driver_init+0x0/0x15 returned 0 after 146 usecs
[   11.282706] calling  gyration_driver_init+0x0/0x15 @ 1
[   11.291148] initcall gyration_driver_init+0x0/0x15 returned 0 after 47 usecs
[   11.301506] calling  ite_driver_init+0x0/0x15 @ 1
[   11.308497] initcall ite_driver_init+0x0/0x15 returned 0 after 47 usecs
[   11.318918] calling  ks_driver_init+0x0/0x15 @ 1
[   11.326211] initcall ks_driver_init+0x0/0x15 returned 0 after 40 usecs
[   11.337810] calling  lg_driver_init+0x0/0x15 @ 1
[   11.346121] initcall lg_driver_init+0x0/0x15 returned 0 after 102 usecs
[   11.357013] calling  lg_g15_driver_init+0x0/0x15 @ 1
[   11.365775] initcall lg_g15_driver_init+0x0/0x15 returned 0 after 277 usecs
[   11.377676] calling  ms_driver_init+0x0/0x15 @ 1
[   11.385429] initcall ms_driver_init+0x0/0x15 returned 0 after 41 usecs
[   11.395694] calling  mr_driver_init+0x0/0x15 @ 1
[   11.403194] initcall mr_driver_init+0x0/0x15 returned 0 after 53 usecs
[   11.412701] calling  ntrig_driver_init+0x0/0x15 @ 1
[   11.420350] initcall ntrig_driver_init+0x0/0x15 returned 0 after 139 usecs
[   11.431385] calling  pl_driver_init+0x0/0x15 @ 1
[   11.440190] initcall pl_driver_init+0x0/0x15 returned 0 after 49 usecs
[   11.451648] calling  pl_driver_init+0x0/0x15 @ 1
[   11.459068] initcall pl_driver_init+0x0/0x15 returned 0 after 43 usecs
[   11.463210] input: ImExPS/2 Generic Explorer Mouse as /devices/platform/i8042/serio1/input/input3
[   11.469803] calling  redragon_driver_init+0x0/0x15 @ 1
[   11.469844] initcall redragon_driver_init+0x0/0x15 returned 0 after 36 usecs
[   11.505767] calling  samsung_driver_init+0x0/0x15 @ 1
[   11.515037] initcall samsung_driver_init+0x0/0x15 returned 0 after 1444 usecs
[   11.526527] calling  sony_init+0x0/0x38 @ 1
[   11.533716] initcall sony_init+0x0/0x38 returned 0 after 108 usecs
[   11.543449] calling  sp_driver_init+0x0/0x15 @ 1
[   11.550969] initcall sp_driver_init+0x0/0x15 returned 0 after 46 usecs
[   11.561466] calling  ts_driver_init+0x0/0x15 @ 1
[   11.569050] initcall ts_driver_init+0x0/0x15 returned 0 after 48 usecs
[   11.579815] calling  hid_init+0x0/0x58 @ 1
[   11.587109] usbcore: registered new interface driver usbhid
[   11.597106] usbhid: USB HID core driver
[   11.603888] initcall hid_init+0x0/0x58 returned 0 after 16497 usecs
[   11.615651] calling  eeepc_laptop_init+0x0/0x57 @ 1
[   11.627450] initcall eeepc_laptop_init+0x0/0x57 returned -19 after 3085 usecs
[   11.638951] calling  pmc_atom_init+0x0/0x27a @ 1
[   11.646224] initcall pmc_atom_init+0x0/0x27a returned -19 after 12 usecs
[   11.656721] calling  alsa_hwdep_init+0x0/0x5e @ 1
[   11.665292] initcall alsa_hwdep_init+0x0/0x5e returned 0 after 484 usecs
[   11.676319] calling  alsa_timer_init+0x0/0x1f9 @ 1
[   11.686468] initcall alsa_timer_init+0x0/0x1f9 returned 0 after 2372 usecs
[   11.697013] calling  snd_hrtimer_init+0x0/0x117 @ 1
[   11.704970] initcall snd_hrtimer_init+0x0/0x117 returned 0 after 16 usecs
[   11.715160] calling  alsa_pcm_init+0x0/0x64 @ 1
[   11.722369] initcall alsa_pcm_init+0x0/0x64 returned 0 after 16 usecs
[   11.731808] calling  alsa_seq_init+0x0/0x4a @ 1
[   11.741441] initcall alsa_seq_init+0x0/0x4a returned 0 after 2433 usecs
[   11.752283] calling  alsa_seq_dummy_init+0x0/0x9c @ 1
[   11.761022] initcall alsa_seq_dummy_init+0x0/0x9c returned 0 after 261 usecs
[   11.772418] calling  azx_driver_init+0x0/0x15 @ 1
[   11.781062] initcall azx_driver_init+0x0/0x15 returned 0 after 794 usecs
[   11.792797] calling  sock_diag_init+0x0/0x2a @ 1
[   11.803433] initcall sock_diag_init+0x0/0x2a returned 0 after 2345 usecs
[   11.814342] calling  blackhole_init+0x0/0xc @ 1
[   11.821690] initcall blackhole_init+0x0/0xc returned 0 after 61 usecs
[   11.832042] calling  nfnetlink_init+0x0/0x61 @ 1
[   11.840150] initcall nfnetlink_init+0x0/0x61 returned 0 after 428 usecs
[   11.850944] calling  nfnetlink_log_init+0x0/0x99 @ 1
[   11.859871] initcall nfnetlink_log_init+0x0/0x99 returned 0 after 683 usecs
[   11.872168] calling  nf_conntrack_standalone_init+0x0/0x87 @ 1
[   11.885884] initcall nf_conntrack_standalone_init+0x0/0x87 returned 0 after 2995 usecs
[   11.899704] calling  ctnetlink_init+0x0/0x83 @ 1
[   11.908239] initcall ctnetlink_init+0x0/0x83 returned 0 after 50 usecs
[   11.919873] calling  nf_conntrack_ftp_init+0x0/0x12c @ 1
[   11.928994] initcall nf_conntrack_ftp_init+0x0/0x12c returned 0 after 112 usecs
[   11.940633] calling  nf_conntrack_irc_init+0x0/0x129 @ 1
[   11.949109] initcall nf_conntrack_irc_init+0x0/0x129 returned 0 after 13 usecs
[   11.961029] calling  nf_conntrack_sip_init+0x0/0x172 @ 1
[   11.970259] initcall nf_conntrack_sip_init+0x0/0x172 returned 0 after 12 usecs
[   11.981725] calling  nf_nat_init+0x0/0xf0 @ 1
[   11.990032] initcall nf_nat_init+0x0/0xf0 returned 0 after 1664 usecs
[   12.001124] calling  nf_nat_ftp_init+0x0/0x2a @ 1
[   12.008968] initcall nf_nat_ftp_init+0x0/0x2a returned 0 after 42 usecs
[   12.020822] calling  nf_nat_irc_init+0x0/0x2a @ 1
[   12.029253] initcall nf_nat_irc_init+0x0/0x2a returned 0 after 19 usecs
[   12.040145] calling  nf_nat_sip_init+0x0/0x36 @ 1
[   12.047783] initcall nf_nat_sip_init+0x0/0x36 returned 0 after 22 usecs
[   12.057907] calling  xt_init+0x0/0x146 @ 1
[   12.064511] initcall xt_init+0x0/0x146 returned 0 after 79 usecs
[   12.074297] calling  tcpudp_mt_init+0x0/0x11 @ 1
[   12.082356] initcall tcpudp_mt_init+0x0/0x11 returned 0 after 394 usecs
[   12.093511] calling  connsecmark_tg_init+0x0/0xc @ 1
[   12.101450] initcall connsecmark_tg_init+0x0/0xc returned 0 after 3 usecs
[   12.112486] calling  nflog_tg_init+0x0/0xc @ 1
[   12.120143] initcall nflog_tg_init+0x0/0xc returned 0 after 3 usecs
[   12.131044] calling  secmark_tg_init+0x0/0x11 @ 1
[   12.139776] initcall secmark_tg_init+0x0/0x11 returned 0 after 3 usecs
[   12.150993] calling  tcpmss_tg_init+0x0/0x11 @ 1
[   12.158475] initcall tcpmss_tg_init+0x0/0x11 returned 0 after 3 usecs
[   12.169164] calling  conntrack_mt_init+0x0/0x11 @ 1
[   12.176862] initcall conntrack_mt_init+0x0/0x11 returned 0 after 4 usecs
[   12.186740] calling  policy_mt_init+0x0/0x11 @ 1
