c[?7l[2J[0mSeaBIOS (version 1.16.0-debian-1.16.0-4)
Booting from ROM...
early console in setup code
c[?7l[2J[    0.000000] Linux version 5.10.158+ (root@joelboxx.c.googlers.com) (gcc (Debian 12.2.0-3) 12.2.0, GNU ld (GNU Binutils for Debian) 2.39) #1 SMP PREEMPT Tue Dec 13 02:27:24 UTC 2022
[    0.000000] Command line: selinux=0 initcall_debug debug console=ttyS0 rcutorture.onoff_interval=200 rcutorture.onoff_holdoff=30 rcutree.gp_preinit_delay=12 rcutree.gp_init_delay=3 rcutree.gp_cleanup_delay=3 rcutree.kthread_prio=2 threadirqs rcutorture.n_barrier_cbs=4 rcutorture.stat_interval=15 rcutorture.shutdown_secs=1800 rcutorture.test_no_idle_hz=1 rcutorture.verbose=1
[    0.000000] x86/fpu: x87 FPU will use FXSAVE
[    0.000000] BIOS-provided physical RAM map:
[    0.000000] BIOS-e820: [mem 0x0000000000000000-0x000000000009fbff] usable
[    0.000000] BIOS-e820: [mem 0x000000000009fc00-0x000000000009ffff] reserved
[    0.000000] BIOS-e820: [mem 0x00000000000f0000-0x00000000000fffff] reserved
[    0.000000] BIOS-e820: [mem 0x0000000000100000-0x000000001ffdefff] usable
[    0.000000] BIOS-e820: [mem 0x000000001ffdf000-0x000000001fffffff] reserved
[    0.000000] BIOS-e820: [mem 0x00000000b0000000-0x00000000bfffffff] reserved
[    0.000000] BIOS-e820: [mem 0x00000000fed1c000-0x00000000fed1ffff] reserved
[    0.000000] BIOS-e820: [mem 0x00000000feffc000-0x00000000feffffff] reserved
[    0.000000] BIOS-e820: [mem 0x00000000fffc0000-0x00000000ffffffff] reserved
[    0.000000] NX (Execute Disable) protection: active
[    0.000000] SMBIOS 2.8 present.
[    0.000000] DMI: QEMU Standard PC (Q35 + ICH9, 2009), BIOS 1.16.0-debian-1.16.0-4 04/01/2014
[    0.000000] Hypervisor detected: KVM
[    0.000000] kvm-clock: Using msrs 4b564d01 and 4b564d00
[    0.000000] kvm-clock: cpu 0, msr 13cb7001, primary cpu clock
[    0.000001] kvm-clock: using sched offset of 1885771550 cycles
[    0.000201] clocksource: kvm-clock: mask: 0xffffffffffffffff max_cycles: 0x1cd42e4dffb, max_idle_ns: 881590591483 ns
[    0.000445] tsc: Detected 1999.999 MHz processor
[    0.007900] e820: update [mem 0x00000000-0x00000fff] usable ==> reserved
[    0.007907] e820: remove [mem 0x000a0000-0x000fffff] usable
[    0.007915] last_pfn = 0x1ffdf max_arch_pfn = 0x400000000
[    0.008747] MTRR default type: write-back
[    0.008749] MTRR fixed ranges enabled:
[    0.008751]   00000-9FFFF write-back
[    0.008752]   A0000-BFFFF uncachable
[    0.008753]   C0000-FFFFF write-protect
[    0.008754] MTRR variable ranges enabled:
[    0.008756]   0 base 00C0000000 mask FFC0000000 uncachable
[    0.008756]   1 disabled
[    0.008757]   2 disabled
[    0.008758]   3 disabled
[    0.008759]   4 disabled
[    0.008759]   5 disabled
[    0.008760]   6 disabled
[    0.008761]   7 disabled
[    0.009180] x86/PAT: Configuration [0-7]: WB  WC  UC- UC  WB  WC  UC- UC  
[    0.018271] found SMP MP-table at [mem 0x000f5ba0-0x000f5baf]
[    0.020399] check: Scanning 1 areas for low memory corruption
[    0.028072] ACPI: Early table checksum verification disabled
[    0.028914] ACPI: RSDP 0x00000000000F59E0 000014 (v00 BOCHS )
[    0.029012] ACPI: RSDT 0x000000001FFE281A 000038 (v01 BOCHS  BXPC     00000001 BXPC 00000001)
[    0.029114] ACPI: FACP 0x000000001FFE259A 0000F4 (v03 BOCHS  BXPC     00000001 BXPC 00000001)
[    0.029181] ACPI: DSDT 0x000000001FFE0040 00255A (v01 BOCHS  BXPC     00000001 BXPC 00000001)
[    0.029186] ACPI: FACS 0x000000001FFE0000 000040
[    0.029190] ACPI: APIC 0x000000001FFE268E 0000F0 (v01 BOCHS  BXPC     00000001 BXPC 00000001)
[    0.029195] ACPI: HPET 0x000000001FFE277E 000038 (v01 BOCHS  BXPC     00000001 BXPC 00000001)
[    0.029199] ACPI: MCFG 0x000000001FFE27B6 00003C (v01 BOCHS  BXPC     00000001 BXPC 00000001)
[    0.029203] ACPI: WAET 0x000000001FFE27F2 000028 (v01 BOCHS  BXPC     00000001 BXPC 00000001)
[    0.029208] ACPI: Reserving FACP table memory at [mem 0x1ffe259a-0x1ffe268d]
[    0.029210] ACPI: Reserving DSDT table memory at [mem 0x1ffe0040-0x1ffe2599]
[    0.029211] ACPI: Reserving FACS table memory at [mem 0x1ffe0000-0x1ffe003f]
[    0.029212] ACPI: Reserving APIC table memory at [mem 0x1ffe268e-0x1ffe277d]
[    0.029213] ACPI: Reserving HPET table memory at [mem 0x1ffe277e-0x1ffe27b5]
[    0.029214] ACPI: Reserving MCFG table memory at [mem 0x1ffe27b6-0x1ffe27f1]
[    0.029216] ACPI: Reserving WAET table memory at [mem 0x1ffe27f2-0x1ffe2819]
[    0.029571] ACPI: Local APIC address 0xfee00000
[    0.032939] No NUMA configuration found
[    0.032942] Faking a node at [mem 0x0000000000000000-0x000000001ffdefff]
[    0.033098] NODE_DATA(0) allocated [mem 0x1ffdb000-0x1ffdefff]
[    0.033759] Zone ranges:
[    0.033780]   DMA      [mem 0x0000000000001000-0x0000000000ffffff]
[    0.033782]   DMA32    [mem 0x0000000001000000-0x000000001ffdefff]
[    0.033784]   Normal   empty
[    0.033786] Movable zone start for each node
[    0.033787] Early memory node ranges
[    0.033810]   node   0: [mem 0x0000000000001000-0x000000000009efff]
[    0.033836]   node   0: [mem 0x0000000000100000-0x000000001ffdefff]
[    0.033854] Initmem setup node 0 [mem 0x0000000000001000-0x000000001ffdefff]
[    0.033856] On node 0 totalpages: 130941
[    0.033907]   DMA zone: 64 pages used for memmap
[    0.033908]   DMA zone: 21 pages reserved
[    0.033950]   DMA zone: 3998 pages, LIFO batch:0
[    0.033952]   DMA32 zone: 1984 pages used for memmap
[    0.033953]   DMA32 zone: 126943 pages, LIFO batch:31
[    0.048922] On node 0, zone DMA: 1 pages in unavailable ranges
[    0.052214] On node 0, zone DMA: 97 pages in unavailable ranges
[    0.487380] On node 0, zone DMA32: 33 pages in unavailable ranges
[    0.493449] ACPI: PM-Timer IO Port: 0x608
[    0.493607] ACPI: Local APIC address 0xfee00000
[    0.494314] ACPI: LAPIC_NMI (acpi_id[0xff] dfl dfl lint[0x1])
[    0.496271] IOAPIC[0]: apic_id 0, version 17, address 0xfec00000, GSI 0-23
[    0.496276] ACPI: INT_SRC_OVR (bus 0 bus_irq 0 global_irq 2 dfl dfl)
[    0.496358] ACPI: INT_SRC_OVR (bus 0 bus_irq 5 global_irq 5 high level)
[    0.496359] ACPI: INT_SRC_OVR (bus 0 bus_irq 9 global_irq 9 high level)
[    0.496526] ACPI: INT_SRC_OVR (bus 0 bus_irq 10 global_irq 10 high level)
[    0.496527] ACPI: INT_SRC_OVR (bus 0 bus_irq 11 global_irq 11 high level)
[    0.496529] ACPI: IRQ0 used by override.
[    0.496531] ACPI: IRQ5 used by override.
[    0.496532] ACPI: IRQ9 used by override.
[    0.496533] ACPI: IRQ10 used by override.
[    0.496534] ACPI: IRQ11 used by override.
[    0.496603] Using ACPI (MADT) for SMP configuration information
[    0.496605] ACPI: HPET id: 0x8086a201 base: 0xfed00000
[    0.497729] smpboot: Allowing 16 CPUs, 0 hotplug CPUs
[    0.500228] PM: hibernation: Registered nosave memory: [mem 0x00000000-0x00000fff]
[    0.500231] PM: hibernation: Registered nosave memory: [mem 0x0009f000-0x0009ffff]
[    0.500232] PM: hibernation: Registered nosave memory: [mem 0x000a0000-0x000effff]
[    0.500233] PM: hibernation: Registered nosave memory: [mem 0x000f0000-0x000fffff]
[    0.500306] [mem 0x20000000-0xafffffff] available for PCI devices
[    0.500454] Booting paravirtualized kernel on KVM
[    0.501351] clocksource: refined-jiffies: mask: 0xffffffff max_cycles: 0xffffffff, max_idle_ns: 1910969940391419 ns
[    0.544543] setup_percpu: NR_CPUS:16 nr_cpumask_bits:16 nr_cpu_ids:16 nr_node_ids:1
[    0.652465] percpu: Embedded 55 pages/cpu s186328 r8192 d30760 u262144
[    0.652477] pcpu-alloc: s186328 r8192 d30760 u262144 alloc=1*2097152
[    0.652480] pcpu-alloc: [0] 00 01 02 03 04 05 06 07 [0] 08 09 10 11 12 13 14 15 
[    0.653219] kvm-guest: stealtime: cpu 0, msr 1f21b600
[    0.653980] Built 1 zonelists, mobility grouping on.  Total pages: 128872
[    0.653982] Policy zone: DMA32
[    0.654072] Kernel command line: selinux=0 initcall_debug debug console=ttyS0 rcutorture.onoff_interval=200 rcutorture.onoff_holdoff=30 rcutree.gp_preinit_delay=12 rcutree.gp_init_delay=3 rcutree.gp_cleanup_delay=3 rcutree.kthread_prio=2 threadirqs rcutorture.n_barrier_cbs=4 rcutorture.stat_interval=15 rcutorture.shutdown_secs=1800 rcutorture.test_no_idle_hz=1 rcutorture.verbose=1
[    0.680050] Dentry cache hash table entries: 65536 (order: 7, 524288 bytes, linear)
[    0.686003] Inode-cache hash table entries: 32768 (order: 6, 262144 bytes, linear)
[    0.687883] mem auto-init: stack:all(zero), heap alloc:off, heap free:off
[    0.789632] Memory: 476004K/523764K available (16397K kernel code, 2561K rwdata, 4672K rodata, 1480K init, 1420K bss, 47500K reserved, 0K cma-reserved)
[    0.791117] SLUB: HWalign=64, Order=0-3, MinObjects=0, CPUs=16, Nodes=1
[    0.792069] Kernel/User page tables isolation: enabled
[    0.806396] rcu: Preemptible hierarchical RCU implementation.
[    0.806400] rcu: 	RCU event tracing is enabled.
[    0.806402] rcu: 	CONFIG_RCU_FANOUT set to non-default value of 2.
[    0.806403] rcu: 	Four(or more)-level hierarchy is enabled.
[    0.806404] rcu: 	Build-time adjustment of leaf fanout to 2.
[    0.806483] rcu: 	RCU priority boosting: priority 2 delay 500 ms.
[    0.806484] rcu: 	RCU debug GP pre-init slowdown 12 jiffies.
[    0.806486] rcu: 	RCU debug GP init slowdown 3 jiffies.
[    0.806487] rcu: 	RCU debug GP init slowdown 3 jiffies.
[    0.806579] 	Trampoline variant of Tasks RCU enabled.
[    0.806580] 	Rude variant of Tasks RCU enabled.
[    0.806675] 	Tracing variant of Tasks RCU enabled.
[    0.806886] rcu: RCU calculated value of scheduler-enlistment delay is 100 jiffies.
[    0.837238] NR_IRQS: 4352, nr_irqs: 552, preallocated irqs: 16
[    0.844999] calling  con_init+0x0/0x22a @ 0
[    1.030279] Console: colour VGA+ 80x25
[    1.030296] initcall con_init+0x0/0x22a returned 0 after 0 usecs
[    1.030300] calling  hvc_console_init+0x0/0x13 @ 0
[    1.030357] initcall hvc_console_init+0x0/0x13 returned 0 after 0 usecs
[    1.030360] calling  univ8250_console_init+0x0/0x26 @ 0
[    2.028839] printk: console [ttyS0] enabled
[    2.034440] initcall univ8250_console_init+0x0/0x26 returned 0 after 0 usecs
[    2.044098] ACPI: Core revision 20200925
[    2.052126] clocksource: hpet: mask: 0xffffffff max_cycles: 0xffffffff, max_idle_ns: 19112604467 ns
[    2.063508] APIC: Switch to symmetric I/O mode setup
[    2.069258] Switched APIC routing to physical flat.
[    2.094540] ..TIMER: vector=0x30 apic1=0 pin1=2 apic2=-1 pin2=-1
[    2.103513] clocksource: tsc-early: mask: 0xffffffffffffffff max_cycles: 0x39a85afc727, max_idle_ns: 881590685098 ns
[    2.115774] Calibrating delay loop (skipped) preset value.. 3999.99 BogoMIPS (lpj=1999999)
[    2.116753] pid_max: default: 32768 minimum: 301
[    2.117831] LSM: Security Framework initializing
[    2.118911] Mount-cache hash table entries: 1024 (order: 1, 8192 bytes, linear)
[    2.119798] Mountpoint-cache hash table entries: 1024 (order: 1, 8192 bytes, linear)
[    2.127097] Last level iTLB entries: 4KB 0, 2MB 0, 4MB 0
[    2.127750] Last level dTLB entries: 4KB 0, 2MB 0, 4MB 0, 1GB 0
[    2.128790] Spectre V1 : Mitigation: usercopy/swapgs barriers and __user pointer sanitization
[    2.131309] Spectre V2 : Mitigation: Retpolines
[    2.131751] Spectre V2 : Spectre v2 / SpectreRSB mitigation: Filling RSB on context switch
[    2.132751] Spectre V2 : Spectre v2 / SpectreRSB : Filling RSB on VMEXIT
[    2.133751] Speculative Store Bypass: Vulnerable
[    2.135143] MDS: Vulnerable: Clear CPU buffers attempted, no microcode
[    2.135750] MMIO Stale Data: Unknown: No mitigations
[    2.188976] Freeing SMP alternatives memory: 40K
[    2.293746] smpboot: CPU0: Intel Common KVM processor (family: 0xf, model: 0x6, stepping: 0x1)
[    2.295746] calling  init_hw_perf_events+0x0/0x6ce @ 1
[    2.296763] Performance Events: unsupported Netburst CPU model 6 no PMU driver, software events only.
[    2.297759] initcall init_hw_perf_events+0x0/0x6ce returned 0 after 976 usecs
[    2.298764] calling  init_real_mode+0x0/0x1e9 @ 1
[    2.300096] initcall init_real_mode+0x0/0x1e9 returned 0 after 0 usecs
[    2.300755] calling  trace_init_perf_perm_irq_work_exit+0x0/0x12 @ 1
[    2.301758] initcall trace_init_perf_perm_irq_work_exit+0x0/0x12 returned 0 after 0 usecs
[    2.302760] calling  validate_x2apic+0x0/0x4a @ 1
[    2.303787] initcall validate_x2apic+0x0/0x4a returned 0 after 0 usecs
[    2.304768] calling  register_nmi_cpu_backtrace_handler+0x0/0x15 @ 1
[    2.305755] initcall register_nmi_cpu_backtrace_handler+0x0/0x15 returned 0 after 0 usecs
[    2.306755] calling  kvm_setup_vsyscall_timeinfo+0x0/0xce @ 1
[    2.307754] initcall kvm_setup_vsyscall_timeinfo+0x0/0xce returned 0 after 0 usecs
[    2.308754] calling  spawn_ksoftirqd+0x0/0x38 @ 1
[    2.309842] initcall spawn_ksoftirqd+0x0/0x38 returned 0 after 0 usecs
[    2.310752] calling  migration_init+0x0/0x31 @ 1
[    2.311762] initcall migration_init+0x0/0x31 returned 0 after 0 usecs
[    2.312756] calling  srcu_bootup_announce+0x0/0x2f @ 1
[    2.313758] rcu: Hierarchical SRCU implementation.
[    2.314770] initcall srcu_bootup_announce+0x0/0x2f returned 0 after 976 usecs
[    2.315756] calling  rcu_spawn_gp_kthread+0x0/0x1e1 @ 1
[    2.317970] initcall rcu_spawn_gp_kthread+0x0/0x1e1 returned 0 after 976 usecs
[    2.318761] calling  check_cpu_stall_init+0x0/0x1a @ 1
[    2.319770] initcall check_cpu_stall_init+0x0/0x1a returned 0 after 0 usecs
[    2.320772] calling  rcu_sysrq_init+0x0/0x21 @ 1
[    2.321766] initcall rcu_sysrq_init+0x0/0x21 returned 0 after 0 usecs
[    2.322752] calling  trace_init_flags_sys_enter+0x0/0xe @ 1
[    2.323752] initcall trace_init_flags_sys_enter+0x0/0xe returned 0 after 0 usecs
[    2.325752] calling  trace_init_flags_sys_exit+0x0/0xe @ 1
[    2.326767] initcall trace_init_flags_sys_exit+0x0/0xe returned 0 after 0 usecs
[    2.327753] calling  cpu_stop_init+0x0/0x6e @ 1
[    2.328944] initcall cpu_stop_init+0x0/0x6e returned 0 after 0 usecs
[    2.329755] calling  init_kprobes+0x0/0x165 @ 1
[    2.332295] initcall init_kprobes+0x0/0x165 returned 0 after 976 usecs
[    2.332753] calling  init_events+0x0/0x3d @ 1
[    2.334799] initcall init_events+0x0/0x3d returned 0 after 976 usecs
[    2.335752] calling  init_trace_printk+0x0/0xc @ 1
[    2.336753] initcall init_trace_printk+0x0/0xc returned 0 after 0 usecs
[    2.337752] calling  event_trace_enable_again+0x0/0x23 @ 1
[    2.338754] initcall event_trace_enable_again+0x0/0x23 returned 0 after 0 usecs
[    2.339753] calling  static_call_init+0x0/0x77 @ 1
[    2.340753] initcall static_call_init+0x0/0x77 returned 0 after 0 usecs
[    2.341753] calling  jump_label_init_module+0x0/0xc @ 1
[    2.342752] initcall jump_label_init_module+0x0/0xc returned 0 after 0 usecs
[    2.343752] calling  init_zero_pfn+0x0/0x37 @ 1
[    2.344754] initcall init_zero_pfn+0x0/0x37 returned 0 after 0 usecs
[    2.345754] calling  initialize_ptr_random+0x0/0x54 @ 1
[    2.346767] initcall initialize_ptr_random+0x0/0x54 returned 0 after 0 usecs
[    2.347752] calling  efi_memreserve_root_init+0x0/0x25 @ 1
[    2.348795] initcall efi_memreserve_root_init+0x0/0x25 returned 0 after 0 usecs
[    2.349755] calling  efi_earlycon_remap_fb+0x0/0x51 @ 1
[    2.350753] initcall efi_earlycon_remap_fb+0x0/0x51 returned 0 after 0 usecs
[    2.354945] smp: Bringing up secondary CPUs ...
[    2.356751] x86: Booting SMP configuration:
[    2.357751] .... node  #0, CPUs:        #1
[    1.270830] kvm-clock: cpu 1, msr 13cb7041, secondary cpu clock
[    2.384083] kvm-guest: stealtime: cpu 1, msr 1f25b600
[    2.398140]   #2
[    1.270830] kvm-clock: cpu 2, msr 13cb7081, secondary cpu clock
[    2.419205] kvm-guest: stealtime: cpu 2, msr 1f29b600
[    2.434442]   #3
[    1.270830] kvm-clock: cpu 3, msr 13cb70c1, secondary cpu clock
[    2.456260] kvm-guest: stealtime: cpu 3, msr 1f2db600
[    2.470174]   #4
[    1.270830] kvm-clock: cpu 4, msr 13cb7101, secondary cpu clock
[    2.491169] kvm-guest: stealtime: cpu 4, msr 1f31b600
[    2.504623]   #5
[    1.270830] kvm-clock: cpu 5, msr 13cb7141, secondary cpu clock
[    2.526264] kvm-guest: stealtime: cpu 5, msr 1f35b600
[    2.540498]   #6
[    1.270830] kvm-clock: cpu 6, msr 13cb7181, secondary cpu clock
[    2.564747] kvm-guest: stealtime: cpu 6, msr 1f39b600
[    2.582125]   #7
[    1.270830] kvm-clock: cpu 7, msr 13cb71c1, secondary cpu clock
[    2.605905] kvm-guest: stealtime: cpu 7, msr 1f3db600
[    2.621757]   #8
[    1.270830] kvm-clock: cpu 8, msr 13cb7201, secondary cpu clock
[    2.643913] kvm-guest: stealtime: cpu 8, msr 1f41b600
[    2.658142]   #9
[    1.270830] kvm-clock: cpu 9, msr 13cb7241, secondary cpu clock
[    2.680073] kvm-guest: stealtime: cpu 9, msr 1f45b600
[    2.694401]  #10
[    1.270830] kvm-clock: cpu 10, msr 13cb7281, secondary cpu clock
[    2.717387] kvm-guest: stealtime: cpu 10, msr 1f49b600
[    2.733161]  #11
[    1.270830] kvm-clock: cpu 11, msr 13cb72c1, secondary cpu clock
[    2.756200] kvm-guest: stealtime: cpu 11, msr 1f4db600
[    2.773158]  #12
[    1.270830] kvm-clock: cpu 12, msr 13cb7301, secondary cpu clock
[    2.796430] kvm-guest: stealtime: cpu 12, msr 1f51b600
[    2.814139]  #13
[    1.270830] kvm-clock: cpu 13, msr 13cb7341, secondary cpu clock
[    2.838378] kvm-guest: stealtime: cpu 13, msr 1f55b600
[    2.853677]  #14
[    1.270830] kvm-clock: cpu 14, msr 13cb7381, secondary cpu clock
[    2.879188] kvm-guest: stealtime: cpu 14, msr 1f59b600
[    2.893757]  #15
[    1.270830] kvm-clock: cpu 15, msr 13cb73c1, secondary cpu clock
[    2.916339] kvm-guest: stealtime: cpu 15, msr 1f5db600
[    2.931182] smp: Brought up 1 node, 16 CPUs
[    2.931763] smpboot: Max logical packages: 1
[    2.932761] smpboot: Total of 16 processors activated (63999.96 BogoMIPS)
[    2.958934] devtmpfs: initialized
[    2.961781] calling  ipc_ns_init+0x0/0x3d @ 1
[    2.962810] initcall ipc_ns_init+0x0/0x3d returned 0 after 0 usecs
[    2.963755] calling  init_mmap_min_addr+0x0/0x21 @ 1
[    2.964766] initcall init_mmap_min_addr+0x0/0x21 returned 0 after 0 usecs
[    2.965753] calling  pci_realloc_setup_params+0x0/0x3f @ 1
[    2.966753] initcall pci_realloc_setup_params+0x0/0x3f returned 0 after 0 usecs
[    2.967776] calling  net_ns_init+0x0/0x140 @ 1
[    2.970233] initcall net_ns_init+0x0/0x140 returned 0 after 976 usecs
[    2.970777] calling  e820__register_nvs_regions+0x0/0x37 @ 1
[    2.971754] initcall e820__register_nvs_regions+0x0/0x37 returned 0 after 0 usecs
[    2.972753] calling  cpufreq_register_tsc_scaling+0x0/0x2e @ 1
[    2.973753] initcall cpufreq_register_tsc_scaling+0x0/0x2e returned 0 after 0 usecs
[    2.974753] calling  reboot_init+0x0/0x3c @ 1
[    2.975841] initcall reboot_init+0x0/0x3c returned 0 after 0 usecs
[    2.976753] calling  init_lapic_sysfs+0x0/0x20 @ 1
[    2.977753] initcall init_lapic_sysfs+0x0/0x20 returned 0 after 0 usecs
[    2.978754] calling  alloc_frozen_cpus+0x0/0x7 @ 1
[    2.979755] initcall alloc_frozen_cpus+0x0/0x7 returned 0 after 0 usecs
[    2.980755] calling  cpu_hotplug_pm_sync_init+0x0/0x13 @ 1
[    2.981755] initcall cpu_hotplug_pm_sync_init+0x0/0x13 returned 0 after 0 usecs
[    2.982754] calling  wq_sysfs_init+0x0/0x2a @ 1
[    2.983831] initcall wq_sysfs_init+0x0/0x2a returned 0 after 0 usecs
[    2.984753] calling  ksysfs_init+0x0/0x92 @ 1
[    2.985763] initcall ksysfs_init+0x0/0x92 returned 0 after 0 usecs
[    2.986755] calling  schedutil_gov_init+0x0/0xc @ 1
[    2.988768] initcall schedutil_gov_init+0x0/0xc returned 0 after 976 usecs
[    2.989764] calling  pm_init+0x0/0x76 @ 1
[    2.990814] initcall pm_init+0x0/0x76 returned 0 after 0 usecs
[    2.991753] calling  pm_disk_init+0x0/0x13 @ 1
[    2.992759] initcall pm_disk_init+0x0/0x13 returned 0 after 0 usecs
[    2.993752] calling  swsusp_header_init+0x0/0x2b @ 1
[    2.994756] initcall swsusp_header_init+0x0/0x2b returned 0 after 0 usecs
[    2.995752] calling  rcu_set_runtime_mode+0x0/0x16 @ 1
[    2.996773] initcall rcu_set_runtime_mode+0x0/0x16 returned 0 after 0 usecs
[    2.997752] calling  init_jiffies_clocksource+0x0/0x13 @ 1
[    2.998752] clocksource: jiffies: mask: 0xffffffff max_cycles: 0xffffffff, max_idle_ns: 1911260446275000 ns
[    2.999772] initcall init_jiffies_clocksource+0x0/0x13 returned 0 after 976 usecs
[    3.000753] calling  futex_init+0x0/0xf7 @ 1
[    3.001756] futex hash table entries: 4096 (order: 6, 262144 bytes, linear)
[    3.004385] initcall futex_init+0x0/0xf7 returned 0 after 1953 usecs
[    3.005753] calling  cgroup_wq_init+0x0/0x28 @ 1
[    3.006769] initcall cgroup_wq_init+0x0/0x28 returned 0 after 0 usecs
[    3.007753] calling  cgroup1_wq_init+0x0/0x28 @ 1
[    3.008765] initcall cgroup1_wq_init+0x0/0x28 returned 0 after 0 usecs
[    3.009756] calling  init_kprobe_trace_early+0x0/0x2a @ 1
[    3.011788] initcall init_kprobe_trace_early+0x0/0x2a returned 0 after 976 usecs
[    3.012754] calling  fsnotify_init+0x0/0x48 @ 1
[    3.013783] initcall fsnotify_init+0x0/0x48 returned 0 after 0 usecs
[    3.014753] calling  filelock_init+0x0/0x96 @ 1
[    3.015766] initcall filelock_init+0x0/0x96 returned 0 after 0 usecs
[    3.016772] calling  init_misc_binfmt+0x0/0x2c @ 1
[    3.017771] initcall init_misc_binfmt+0x0/0x2c returned 0 after 0 usecs
[    3.018799] calling  init_script_binfmt+0x0/0x15 @ 1
[    3.020755] initcall init_script_binfmt+0x0/0x15 returned 0 after 0 usecs
[    3.021753] calling  init_elf_binfmt+0x0/0x15 @ 1
[    3.022752] initcall init_elf_binfmt+0x0/0x15 returned 0 after 0 usecs
[    3.023751] calling  init_compat_elf_binfmt+0x0/0x15 @ 1
[    3.024752] initcall init_compat_elf_binfmt+0x0/0x15 returned 0 after 0 usecs
[    3.025752] calling  debugfs_init+0x0/0x5c @ 1
[    3.026778] initcall debugfs_init+0x0/0x5c returned 0 after 0 usecs
[    3.027753] calling  tracefs_init+0x0/0x3a @ 1
[    3.028761] initcall tracefs_init+0x0/0x3a returned 0 after 0 usecs
[    3.029752] calling  prandom_init_early+0x0/0x15d @ 1
[    3.030754] initcall prandom_init_early+0x0/0x15d returned 0 after 0 usecs
[    3.032860] calling  virtio_init+0x0/0x20 @ 1
[    3.033784] initcall virtio_init+0x0/0x20 returned 0 after 0 usecs
[    3.034754] calling  iommu_init+0x0/0x2a @ 1
[    3.035763] initcall iommu_init+0x0/0x2a returned 0 after 0 usecs
[    3.036754] calling  component_debug_init+0x0/0x1c @ 1
[    3.038773] initcall component_debug_init+0x0/0x1c returned 0 after 976 usecs
[    3.039756] calling  early_resume_init+0x0/0xb9 @ 1
[    3.041755] PM: RTC time: 02:52:20, date: 2022-12-13
[    3.042758] initcall early_resume_init+0x0/0xb9 returned 0 after 1953 usecs
[    3.043770] calling  cpufreq_core_init+0x0/0x62 @ 1
[    3.044761] initcall cpufreq_core_init+0x0/0x62 returned 0 after 0 usecs
[    3.045753] calling  cpufreq_gov_performance_init+0x0/0xc @ 1
[    3.046756] initcall cpufreq_gov_performance_init+0x0/0xc returned 0 after 0 usecs
[    3.047754] calling  cpufreq_gov_userspace_init+0x0/0xc @ 1
[    3.048754] initcall cpufreq_gov_userspace_init+0x0/0xc returned 0 after 0 usecs
[    3.049753] calling  CPU_FREQ_GOV_ONDEMAND_init+0x0/0xc @ 1
[    3.050757] initcall CPU_FREQ_GOV_ONDEMAND_init+0x0/0xc returned 0 after 0 usecs
[    3.051753] calling  cpuidle_init+0x0/0x1f @ 1
[    3.052788] initcall cpuidle_init+0x0/0x1f returned 0 after 0 usecs
[    3.053753] calling  capsule_reboot_register+0x0/0xc @ 1
[    3.054767] initcall capsule_reboot_register+0x0/0xc returned 0 after 0 usecs
[    3.055752] calling  sock_init+0x0/0x93 @ 1
[    3.057884] initcall sock_init+0x0/0x93 returned 0 after 976 usecs
[    3.058754] calling  net_inuse_init+0x0/0x23 @ 1
[    3.059766] initcall net_inuse_init+0x0/0x23 returned 0 after 0 usecs
[    3.060756] calling  net_defaults_init+0x0/0x23 @ 1
[    3.061757] initcall net_defaults_init+0x0/0x23 returned 0 after 0 usecs
[    3.062756] calling  init_default_flow_dissectors+0x0/0x4f @ 1
[    3.063754] initcall init_default_flow_dissectors+0x0/0x4f returned 0 after 0 usecs
[    3.065752] calling  netpoll_init+0x0/0x26 @ 1
[    3.066753] initcall netpoll_init+0x0/0x26 returned 0 after 0 usecs
[    3.067752] calling  netlink_proto_init+0x0/0x14f @ 1
[    3.069462] NET: Registered protocol family 16
[    3.069768] initcall netlink_proto_init+0x0/0x14f returned 0 after 976 usecs
[    3.070754] calling  genl_init+0x0/0x35 @ 1
[    3.071871] initcall genl_init+0x0/0x35 returned 0 after 0 usecs
[    3.072755] calling  bsp_pm_check_init+0x0/0x13 @ 1
[    3.073756] initcall bsp_pm_check_init+0x0/0x13 returned 0 after 0 usecs
[    3.074788] calling  irq_sysfs_init+0x0/0xb7 @ 1
[    3.075975] initcall irq_sysfs_init+0x0/0xb7 returned 0 after 0 usecs
[    3.076756] calling  audit_init+0x0/0x160 @ 1
[    3.077758] audit: initializing netlink subsys (disabled)
[    3.080303] initcall audit_init+0x0/0x160 returned 0 after 1953 usecs
[    3.080133] audit: type=2000 audit(1670899939.392:1): state=initialized audit_enabled=0 res=1
[    3.080757] calling  release_early_probes+0x0/0x32 @ 1
[    3.080764] initcall release_early_probes+0x0/0x32 returned 0 after 0 usecs
[    3.083758] calling  bdi_class_init+0x0/0x48 @ 1
[    3.085802] initcall bdi_class_init+0x0/0x48 returned 0 after 976 usecs
[    3.086756] calling  mm_sysfs_init+0x0/0x28 @ 1
[    3.087761] initcall mm_sysfs_init+0x0/0x28 returned 0 after 0 usecs
[    3.088756] calling  init_per_zone_wmark_min+0x0/0x6d @ 1
[    3.089761] initcall init_per_zone_wmark_min+0x0/0x6d returned 0 after 0 usecs
[    3.090753] calling  mpi_init+0x0/0x3e @ 1
[    3.091782] initcall mpi_init+0x0/0x3e returned 0 after 0 usecs
[    3.092757] calling  kobject_uevent_init+0x0/0xc @ 1
[    3.093768] initcall kobject_uevent_init+0x0/0xc returned 0 after 0 usecs
[    3.094757] calling  pcibus_class_init+0x0/0x13 @ 1
[    3.095768] initcall pcibus_class_init+0x0/0x13 returned 0 after 0 usecs
[    3.096753] calling  pci_driver_init+0x0/0x21 @ 1
[    3.097790] initcall pci_driver_init+0x0/0x21 returned 0 after 0 usecs
[    3.098753] calling  backlight_class_init+0x0/0xa8 @ 1
[    3.099788] initcall backlight_class_init+0x0/0xa8 returned 0 after 0 usecs
[    3.100754] calling  tty_class_init+0x0/0x33 @ 1
[    3.101777] initcall tty_class_init+0x0/0x33 returned 0 after 0 usecs
[    3.102753] calling  vtconsole_class_init+0x0/0xb5 @ 1
[    3.103800] initcall vtconsole_class_init+0x0/0xb5 returned 0 after 0 usecs
[    3.104756] calling  iommu_dev_init+0x0/0x13 @ 1
[    3.105763] initcall iommu_dev_init+0x0/0x13 returned 0 after 0 usecs
[    3.106753] calling  mipi_dsi_bus_init+0x0/0xc @ 1
[    3.107794] initcall mipi_dsi_bus_init+0x0/0xc returned 0 after 0 usecs
[    3.108753] calling  devlink_class_init+0x0/0x40 @ 1
[    3.109761] initcall devlink_class_init+0x0/0x40 returned 0 after 0 usecs
[    3.110753] calling  software_node_init+0x0/0x2a @ 1
[    3.111757] initcall software_node_init+0x0/0x2a returned 0 after 0 usecs
[    3.112753] calling  wakeup_sources_debugfs_init+0x0/0x23 @ 1
[    3.113828] initcall wakeup_sources_debugfs_init+0x0/0x23 returned 0 after 0 usecs
[    3.114780] calling  wakeup_sources_sysfs_init+0x0/0x2c @ 1
[    3.115772] initcall wakeup_sources_sysfs_init+0x0/0x2c returned 0 after 0 usecs
[    3.116755] calling  register_node_type+0x0/0x13 @ 1
[    3.117831] initcall register_node_type+0x0/0x13 returned 0 after 0 usecs
[    3.118755] calling  regmap_initcall+0x0/0xc @ 1
[    3.120772] initcall regmap_initcall+0x0/0xc returned 0 after 976 usecs
[    3.121766] calling  i2c_init+0x0/0xb3 @ 1
[    3.122800] initcall i2c_init+0x0/0xb3 returned 0 after 0 usecs
[    3.123755] calling  thermal_init+0x0/0xf2 @ 1
[    3.124777] thermal_sys: Registered thermal governor 'step_wise'
[    3.124779] thermal_sys: Registered thermal governor 'user_space'
[    3.125766] initcall thermal_init+0x0/0xf2 returned 0 after 976 usecs
[    3.127754] calling  init_menu+0x0/0xc @ 1
[    3.131769] cpuidle: using governor menu
[    3.136760] initcall init_menu+0x0/0xc returned 0 after 7812 usecs
[    3.144757] calling  pcc_init+0x0/0x4d @ 1
[    3.149786] initcall pcc_init+0x0/0x4d returned -19 after 0 usecs
[    3.156756] calling  amd_postcore_init+0x0/0x11e @ 1
[    3.162754] initcall amd_postcore_init+0x0/0x11e returned 0 after 0 usecs
[    3.171779] calling  bts_init+0x0/0xba @ 1
[    3.176755] initcall bts_init+0x0/0xba returned -19 after 0 usecs
[    3.183755] calling  pt_init+0x0/0x341 @ 1
[    3.188756] initcall pt_init+0x0/0x341 returned -19 after 0 usecs
[    3.196754] calling  boot_params_ksysfs_init+0x0/0x2ee @ 1
[    3.203769] initcall boot_params_ksysfs_init+0x0/0x2ee returned 0 after 0 usecs
[    3.212755] calling  sbf_init+0x0/0xea @ 1
[    3.218755] initcall sbf_init+0x0/0xea returned 0 after 0 usecs
[    3.225755] calling  arch_kdebugfs_init+0x0/0x219 @ 1
[    3.233022] initcall arch_kdebugfs_init+0x0/0x219 returned 0 after 0 usecs
[    3.241754] calling  intel_pconfig_init+0x0/0x85 @ 1
[    3.247754] initcall intel_pconfig_init+0x0/0x85 returned 0 after 0 usecs
[    3.255753] calling  mtrr_if_init+0x0/0x5d @ 1
[    3.267760] initcall mtrr_if_init+0x0/0x5d returned 0 after 5859 usecs
[    3.276757] calling  activate_jump_labels+0x0/0x31 @ 1
[    3.282755] initcall activate_jump_labels+0x0/0x31 returned 0 after 0 usecs
[    3.291755] calling  ffh_cstate_init+0x0/0x29 @ 1
[    3.297762] initcall ffh_cstate_init+0x0/0x29 returned 0 after 0 usecs
[    3.306756] calling  activate_jump_labels+0x0/0x31 @ 1
[    3.313639] initcall activate_jump_labels+0x0/0x31 returned 0 after 2929 usecs
[    3.322754] calling  kvm_alloc_cpumask+0x0/0x74 @ 1
[    3.328800] initcall kvm_alloc_cpumask+0x0/0x74 returned 0 after 0 usecs
[    3.337754] calling  kcmp_cookies_init+0x0/0x37 @ 1
[    3.343763] initcall kcmp_cookies_init+0x0/0x37 returned 0 after 0 usecs
[    3.351754] calling  cryptomgr_init+0x0/0xc @ 1
[    3.357798] initcall cryptomgr_init+0x0/0xc returned 0 after 0 usecs
[    3.365754] calling  acpi_pci_init+0x0/0x57 @ 1
[    3.372754] ACPI: bus type PCI registered
[    3.378759] initcall acpi_pci_init+0x0/0x57 returned 0 after 5859 usecs
[    3.388760] calling  dma_channel_table_init+0x0/0xd1 @ 1
[    3.395764] initcall dma_channel_table_init+0x0/0xd1 returned 0 after 0 usecs
[    3.403752] calling  dma_bus_init+0x0/0xdc @ 1
[    3.410078] initcall dma_bus_init+0x0/0xdc returned 0 after 0 usecs
[    3.419825] calling  iommu_dma_init+0x0/0x10 @ 1
[    3.426762] initcall iommu_dma_init+0x0/0x10 returned 0 after 0 usecs
[    3.436757] calling  dmi_id_init+0x0/0x37c @ 1
[    3.443946] initcall dmi_id_init+0x0/0x37c returned 0 after 0 usecs
[    3.450755] calling  pci_arch_init+0x0/0x71 @ 1
[    3.458166] PCI: MMCONFIG for domain 0000 [bus 00-ff] at [mem 0xb0000000-0xbfffffff] (base 0xb0000000)
[    3.469773] PCI: MMCONFIG at [mem 0xb0000000-0xbfffffff] reserved in E820
[    3.477773] PCI: Using configuration type 1 for base access
[    3.484811] initcall pci_arch_init+0x0/0x71 returned 0 after 27343 usecs
[    3.493790] calling  init_vdso+0x0/0x13 @ 1
[    3.498785] initcall init_vdso+0x0/0x13 returned 0 after 0 usecs
[    3.505754] calling  sysenter_setup+0x0/0x13 @ 1
[    3.510791] initcall sysenter_setup+0x0/0x13 returned 0 after 0 usecs
[    3.518754] calling  fixup_ht_bug+0x0/0xe5 @ 1
[    3.524753] initcall fixup_ht_bug+0x0/0xe5 returned 0 after 0 usecs
[    3.531754] calling  topology_init+0x0/0x88 @ 1
[    3.537099] initcall topology_init+0x0/0x88 returned 0 after 976 usecs
[    3.545772] calling  intel_epb_init+0x0/0x68 @ 1
[    3.550753] initcall intel_epb_init+0x0/0x68 returned -19 after 0 usecs
[    3.558754] calling  mtrr_init_finialize+0x0/0x3e @ 1
[    3.564753] initcall mtrr_init_finialize+0x0/0x3e returned 0 after 0 usecs
[    3.572756] calling  uid_cache_init+0x0/0x85 @ 1
[    3.578758] initcall uid_cache_init+0x0/0x85 returned 0 after 0 usecs
[    3.586753] calling  param_sysfs_init+0x0/0x1ba @ 1
[    3.594945] initcall param_sysfs_init+0x0/0x1ba returned 0 after 3906 usecs
[    3.603935] calling  user_namespace_sysctl_init+0x0/0x33 @ 1
[    3.610929] initcall user_namespace_sysctl_init+0x0/0x33 returned 0 after 0 usecs
[    3.619762] calling  proc_schedstat_init+0x0/0x24 @ 1
[    3.627814] initcall proc_schedstat_init+0x0/0x24 returned 0 after 0 usecs
[    3.638757] calling  pm_sysrq_init+0x0/0x18 @ 1
[    3.647894] initcall pm_sysrq_init+0x0/0x18 returned 0 after 1953 usecs
[    3.648756] calling  create_proc_profile+0x0/0xd0 @ 1
[    3.649755] initcall create_proc_profile+0x0/0xd0 returned 0 after 0 usecs
[    3.650760] calling  time_ns_init+0x0/0x7 @ 1
[    3.651753] initcall time_ns_init+0x0/0x7 returned 0 after 0 usecs
[    3.652754] calling  crash_save_vmcoreinfo_init+0x0/0x722 @ 1
[    3.653918] initcall crash_save_vmcoreinfo_init+0x0/0x722 returned 0 after 0 usecs
[    3.654754] calling  crash_notes_memory_init+0x0/0x35 @ 1
[    3.655759] initcall crash_notes_memory_init+0x0/0x35 returned 0 after 0 usecs
[    3.656753] calling  cgroup_sysfs_init+0x0/0x13 @ 1
[    3.657758] initcall cgroup_sysfs_init+0x0/0x13 returned 0 after 0 usecs
[    3.658754] calling  cgroup_namespaces_init+0x0/0x7 @ 1
[    3.659753] initcall cgroup_namespaces_init+0x0/0x7 returned 0 after 0 usecs
[    3.660753] calling  init_optprobes+0x0/0x13 @ 1
[    3.661768] Kprobes globally optimized
[    3.662752] initcall init_optprobes+0x0/0x13 returned 0 after 976 usecs
[    3.663754] calling  oom_init+0x0/0x2f @ 1
[    3.666642] initcall oom_init+0x0/0x2f returned 0 after 976 usecs
[    3.666757] calling  default_bdi_init+0x0/0xb3 @ 1
[    3.669781] initcall default_bdi_init+0x0/0xb3 returned 0 after 1953 usecs
[    3.670756] calling  percpu_enable_async+0x0/0xe @ 1
[    3.671755] initcall percpu_enable_async+0x0/0xe returned 0 after 0 usecs
[    3.672755] calling  kcompactd_init+0x0/0x8d @ 1
[    3.674947] initcall kcompactd_init+0x0/0x8d returned 0 after 976 usecs
[    3.675785] calling  init_user_reserve+0x0/0x40 @ 1
[    3.676754] initcall init_user_reserve+0x0/0x40 returned 0 after 0 usecs
[    3.677756] calling  init_admin_reserve+0x0/0x40 @ 1
[    3.678754] initcall init_admin_reserve+0x0/0x40 returned 0 after 0 usecs
[    3.679754] calling  init_reserve_notifier+0x0/0x7 @ 1
[    3.680753] initcall init_reserve_notifier+0x0/0x7 returned 0 after 0 usecs
[    3.681753] calling  swap_init_sysfs+0x0/0x62 @ 1
[    3.682761] initcall swap_init_sysfs+0x0/0x62 returned 0 after 0 usecs
[    3.683753] calling  swapfile_init+0x0/0x94 @ 1
[    3.684754] initcall swapfile_init+0x0/0x94 returned 0 after 0 usecs
[    3.685752] calling  hugetlb_init+0x0/0x496 @ 1
[    3.686803] HugeTLB registered 2.00 MiB page size, pre-allocated 0 pages
[    3.687769] initcall hugetlb_init+0x0/0x496 returned 0 after 976 usecs
[    3.688765] calling  io_wq_init+0x0/0x34 @ 1
[    3.689755] initcall io_wq_init+0x0/0x34 returned 0 after 0 usecs
[    3.690754] calling  seqiv_module_init+0x0/0xc @ 1
[    3.691754] initcall seqiv_module_init+0x0/0xc returned 0 after 0 usecs
[    3.692753] calling  echainiv_module_init+0x0/0xc @ 1
[    3.693754] initcall echainiv_module_init+0x0/0xc returned 0 after 0 usecs
[    3.694841] calling  rsa_init+0x0/0x50 @ 1
[    3.697768] initcall rsa_init+0x0/0x50 returned 0 after 1953 usecs
[    3.697598] cryptomgr_test (125) used greatest stack depth: 15504 bytes left
[    3.698753] calling  crypto_cmac_module_init+0x0/0xc @ 1
[    3.700769] initcall crypto_cmac_module_init+0x0/0xc returned 0 after 0 usecs
[    3.701765] calling  hmac_module_init+0x0/0xc @ 1
[    3.702760] initcall hmac_module_init+0x0/0xc returned 0 after 0 usecs
[    3.703762] calling  crypto_null_mod_init+0x0/0x65 @ 1
[    3.705476] cryptomgr_test (126) used greatest stack depth: 15408 bytes left
[    3.709171] initcall crypto_null_mod_init+0x0/0x65 returned 0 after 3906 usecs
[    3.714186] cryptomgr_test (129) used greatest stack depth: 15208 bytes left
[    3.722761] calling  md5_mod_init+0x0/0xc @ 1
[    3.738138] initcall md5_mod_init+0x0/0xc returned 0 after 976 usecs
[    3.745756] calling  sha256_generic_mod_init+0x0/0x11 @ 1
[    3.754623] initcall sha256_generic_mod_init+0x0/0x11 returned 0 after 1953 usecs
[    3.763906] calling  crypto_cbc_module_init+0x0/0xc @ 1
[    3.769760] initcall crypto_cbc_module_init+0x0/0xc returned 0 after 0 usecs
[    3.778927] calling  crypto_ctr_module_init+0x0/0x11 @ 1
[    3.785759] initcall crypto_ctr_module_init+0x0/0x11 returned 0 after 0 usecs
[    3.794754] calling  crypto_gcm_module_init+0x0/0x64 @ 1
[    3.800800] initcall crypto_gcm_module_init+0x0/0x64 returned 0 after 0 usecs
[    3.809896] calling  crypto_ccm_module_init+0x0/0x11 @ 1
[    3.816759] initcall crypto_ccm_module_init+0x0/0x11 returned 0 after 0 usecs
[    3.822754] calling  aes_init+0x0/0xc @ 1
[    3.829761] initcall aes_init+0x0/0xc returned 0 after 1953 usecs
[    3.836763] calling  crc32c_mod_init+0x0/0xc @ 1
[    3.844599] initcall crc32c_mod_init+0x0/0xc returned 0 after 976 usecs
[    3.852760] calling  crypto_authenc_module_init+0x0/0xc @ 1
[    3.859896] initcall crypto_authenc_module_init+0x0/0xc returned 0 after 0 usecs
[    3.868758] calling  crypto_authenc_esn_module_init+0x0/0xc @ 1
[    3.879776] initcall crypto_authenc_esn_module_init+0x0/0xc returned 0 after 2929 usecs
[    3.880765] calling  drbg_init+0x0/0x7c @ 1
[    3.893244] initcall drbg_init+0x0/0x7c returned 0 after 10742 usecs
[    3.900396] calling  ghash_mod_init+0x0/0xc @ 1
[    3.911012] initcall ghash_mod_init+0x0/0xc returned 0 after 4882 usecs
[    3.921764] calling  init_bio+0x0/0x9a @ 1
[    3.929181] initcall init_bio+0x0/0x9a returned 0 after 0 usecs
[    3.936763] calling  blk_settings_init+0x0/0x29 @ 1
[    3.943760] initcall blk_settings_init+0x0/0x29 returned 0 after 0 usecs
[    3.951761] calling  blk_ioc_init+0x0/0x29 @ 1
[    3.957761] initcall blk_ioc_init+0x0/0x29 returned 0 after 0 usecs
[    3.965757] calling  blk_mq_init+0x0/0xb9 @ 1
[    3.970757] initcall blk_mq_init+0x0/0xb9 returned 0 after 0 usecs
[    3.979757] calling  genhd_device_init+0x0/0x75 @ 1
[    3.993939] initcall genhd_device_init+0x0/0x75 returned 0 after 6835 usecs
[    4.004810] calling  pci_slot_init+0x0/0x40 @ 1
[    4.010767] initcall pci_slot_init+0x0/0x40 returned 0 after 976 usecs
[    4.021759] calling  fbmem_init+0x0/0xd8 @ 1
[    4.029783] initcall fbmem_init+0x0/0xd8 returned 0 after 976 usecs
[    4.039757] calling  acpi_init+0x0/0x319 @ 1
[    4.045847] ACPI: Added _OSI(Module Device)
[    4.052754] ACPI: Added _OSI(Processor Device)
[    4.058755] ACPI: Added _OSI(3.0 _SCP Extensions)
[    4.065755] ACPI: Added _OSI(Processor Aggregator Device)
[    4.074757] ACPI: Added _OSI(Linux-Dell-Video)
[    4.081755] ACPI: Added _OSI(Linux-Lenovo-NV-HDMI-Audio)
[    4.089754] ACPI: Added _OSI(Linux-HPI-Hybrid-Graphics)
[    4.110453] ACPI: 1 ACPI AML tables successfully acquired and loaded
[    4.135025] ACPI: Interpreter enabled
[    4.139795] ACPI: (supports S0 S3 S4 S5)
[    4.144752] ACPI: Using IOAPIC for interrupt routing
[    4.150802] PCI: Using host bridge windows from ACPI; if necessary, use "pci=nocrs" and report a bug
[    4.164434] ACPI: Enabled 2 GPEs in block 00 to 3F
[    4.183048] ACPI: PCI Root Bridge [PCI0] (domain 0000 [bus 00-ff])
[    4.190760] acpi PNP0A08:00: _OSC: OS supports [ExtendedConfig ASPM ClockPM Segments MSI HPX-Type3]
[    4.200858] acpi PNP0A08:00: _OSC: platform does not support [LTR]
[    4.206834] acpi PNP0A08:00: _OSC: OS now controls [PME PCIeCapability]
[    4.215259] PCI host bridge to bus 0000:00
[    4.222762] pci_bus 0000:00: root bus resource [io  0x0000-0x0cf7 window]
[    4.232757] pci_bus 0000:00: root bus resource [io  0x0d00-0xffff window]
[    4.242755] pci_bus 0000:00: root bus resource [mem 0x000a0000-0x000bffff window]
[    4.252760] pci_bus 0000:00: root bus resource [mem 0x20000000-0xafffffff window]
[    4.263755] pci_bus 0000:00: root bus resource [mem 0xc0000000-0xfebfffff window]
[    4.273754] pci_bus 0000:00: root bus resource [mem 0x100000000-0x8ffffffff window]
[    4.283754] pci_bus 0000:00: root bus resource [bus 00-ff]
[    4.291760] pci 0000:00:00.0: calling  quirk_mmio_always_on+0x0/0x10 @ 1
[    4.300758] pci 0000:00:00.0: quirk_mmio_always_on+0x0/0x10 took 0 usecs
[    4.308924] pci 0000:00:00.0: [8086:29c0] type 00 class 0x060000
[    4.320367] pci 0000:00:00.0: calling  quirk_igfx_skip_te_disable+0x0/0x80 @ 1
[    4.329759] pci 0000:00:00.0: quirk_igfx_skip_te_disable+0x0/0x80 took 0 usecs
[    4.339172] pci 0000:00:01.0: [1234:1111] type 00 class 0x030000
[    4.359746] pci 0000:00:01.0: reg 0x10: [mem 0xfd000000-0xfdffffff pref]
[    4.388746] pci 0000:00:01.0: reg 0x18: [mem 0xfebf0000-0xfebf0fff]
[    4.430746] pci 0000:00:01.0: reg 0x30: [mem 0xfebe0000-0xfebeffff pref]
[    4.447746] pci 0000:00:01.0: calling  efifb_fixup_resources+0x0/0xf0 @ 1
[    4.458788] pci 0000:00:01.0: efifb_fixup_resources+0x0/0xf0 took 0 usecs
[    4.478757] pci 0000:00:1f.0: [8086:2918] type 00 class 0x060100
[    4.496661] pci 0000:00:1f.0: calling  quirk_ich7_lpc+0x0/0x60 @ 1
[    4.507867] pci 0000:00:1f.0: quirk: [io  0x0600-0x067f] claimed by ICH6 ACPI/GPIO/TCO
[    4.521159] pci 0000:00:1f.0: quirk_ich7_lpc+0x0/0x60 took 14648 usecs
[    4.531916] pci 0000:00:1f.0: calling  quirk_igfx_skip_te_disable+0x0/0x80 @ 1
[    4.543789] pci 0000:00:1f.0: quirk_igfx_skip_te_disable+0x0/0x80 took 0 usecs
[    4.556615] pci 0000:00:1f.2: [8086:2922] type 00 class 0x010601
[    4.575757] pci 0000:00:1f.2: reg 0x20: [io  0xc040-0xc05f]
[    4.586756] pci 0000:00:1f.2: reg 0x24: [mem 0xfebf1000-0xfebf1fff]
[    4.598629] pci 0000:00:1f.2: calling  quirk_igfx_skip_te_disable+0x0/0x80 @ 1
[    4.608760] pci 0000:00:1f.2: quirk_igfx_skip_te_disable+0x0/0x80 took 0 usecs
[    4.621100] pci 0000:00:1f.3: [8086:2930] type 00 class 0x0c0500
[    4.633980] pci 0000:00:1f.3: reg 0x20: [io  0x0700-0x073f]
[    4.644489] pci 0000:00:1f.3: calling  quirk_igfx_skip_te_disable+0x0/0x80 @ 1
[    4.653759] pci 0000:00:1f.3: quirk_igfx_skip_te_disable+0x0/0x80 took 0 usecs
[    4.680888] ACPI: PCI Interrupt Link [LNKA] (IRQs 5 *10 11)
[    4.686770] ACPI: PCI Interrupt Link [LNKB] (IRQs 5 *10 11)
[    4.697036] ACPI: PCI Interrupt Link [LNKC] (IRQs 5 10 *11)
[    4.705088] ACPI: PCI Interrupt Link [LNKD] (IRQs 5 10 *11)
[    4.714381] ACPI: PCI Interrupt Link [LNKE] (IRQs 5 *10 11)
[    4.720771] ACPI: PCI Interrupt Link [LNKF] (IRQs 5 *10 11)
[    4.728987] ACPI: PCI Interrupt Link [LNKG] (IRQs 5 10 *11)
[    4.737200] ACPI: PCI Interrupt Link [LNKH] (IRQs 5 10 *11)
[    4.745159] ACPI: PCI Interrupt Link [GSIA] (IRQs *16)
[    4.748769] ACPI: PCI Interrupt Link [GSIB] (IRQs *17)
[    4.756911] ACPI: PCI Interrupt Link [GSIC] (IRQs *18)
[    4.764770] ACPI: PCI Interrupt Link [GSID] (IRQs *19)
[    4.773093] ACPI: PCI Interrupt Link [GSIE] (IRQs *20)
[    4.780771] ACPI: PCI Interrupt Link [GSIF] (IRQs *21)
[    4.787900] ACPI: PCI Interrupt Link [GSIG] (IRQs *22)
[    4.794841] ACPI: PCI Interrupt Link [GSIH] (IRQs *23)
[    4.824746] initcall acpi_init+0x0/0x319 returned 0 after 759765 usecs
[    4.835627] calling  pnp_init+0x0/0xc @ 1
[    4.841175] initcall pnp_init+0x0/0xc returned 0 after 0 usecs
[    4.850764] calling  misc_init+0x0/0xbf @ 1
[    4.856517] initcall misc_init+0x0/0xbf returned 0 after 1953 usecs
[    4.865757] calling  iommu_subsys_init+0x0/0x4e @ 1
[    4.872162] iommu: Default domain type: Translated 
[    4.877758] initcall iommu_subsys_init+0x0/0x4e returned 0 after 5859 usecs
[    4.887759] calling  vga_arb_device_init+0x0/0x261 @ 1
[    4.897746] pci 0000:00:01.0: vgaarb: setting as boot VGA device
[    4.897746] pci 0000:00:01.0: vgaarb: VGA device added: decodes=io+mem,owns=io+mem,locks=none
[    4.914757] pci 0000:00:01.0: vgaarb: bridge control possible
[    4.921752] vgaarb: loaded
[    4.925759] initcall vga_arb_device_init+0x0/0x261 returned 0 after 29296 usecs
[    4.935838] calling  cn_init+0x0/0xf0 @ 1
[    4.941902] initcall cn_init+0x0/0xf0 returned 0 after 976 usecs
[    4.949758] calling  dma_buf_init+0x0/0xad @ 1
[    4.955826] initcall dma_buf_init+0x0/0xad returned 0 after 976 usecs
[    4.964756] calling  init_scsi+0x0/0x79 @ 1
[    4.971358] SCSI subsystem initialized
[    4.976758] initcall init_scsi+0x0/0x79 returned 0 after 6835 usecs
[    4.985759] calling  ata_init+0x0/0x332 @ 1
[    4.998594] libata version 3.00 loaded.
[    5.003757] initcall ata_init+0x0/0x332 returned 0 after 10742 usecs
[    5.010756] calling  phy_init+0x0/0x250 @ 1
[    5.017149] initcall phy_init+0x0/0x250 returned 0 after 0 usecs
[    5.023756] calling  init_pcmcia_cs+0x0/0x35 @ 1
[    5.029837] initcall init_pcmcia_cs+0x0/0x35 returned 0 after 0 usecs
[    5.037756] calling  usb_common_init+0x0/0x1c @ 1
[    5.043811] initcall usb_common_init+0x0/0x1c returned 0 after 0 usecs
[    5.051754] calling  usb_init+0x0/0x12e @ 1
[    5.056750] ACPI: bus type USB registered
[    5.065190] usbcore: registered new interface driver usbfs
[    5.072342] usbcore: registered new interface driver hub
[    5.078771] usbcore: registered new device driver usb
[    5.085757] initcall usb_init+0x0/0x12e returned 0 after 28320 usecs
[    5.092756] calling  serio_init+0x0/0x29 @ 1
[    5.095549] initcall serio_init+0x0/0x29 returned 0 after 0 usecs
[    5.100756] calling  input_init+0x0/0xf6 @ 1
[    5.105104] initcall input_init+0x0/0xf6 returned 0 after 2929 usecs
[    5.112755] calling  rtc_init+0x0/0x4d @ 1
[    5.116768] initcall rtc_init+0x0/0x4d returned 0 after 0 usecs
[    5.121755] calling  pps_init+0x0/0xa9 @ 1
[    5.128123] pps_core: LinuxPPS API ver. 1 registered
[    5.132751] pps_core: Software ver. 5.3.6 - Copyright 2005-2007 Rodolfo Giometti <giometti@linux.it>
[    5.141758] initcall pps_init+0x0/0xa9 returned 0 after 13671 usecs
[    5.149758] calling  ptp_init+0x0/0x98 @ 1
[    5.152766] PTP clock support registered
[    5.154755] initcall ptp_init+0x0/0x98 returned 0 after 1953 usecs
[    5.163757] calling  power_supply_class_init+0x0/0x3f @ 1
[    5.171755] initcall power_supply_class_init+0x0/0x3f returned 0 after 1953 usecs
[    5.177755] calling  hwmon_init+0x0/0x104 @ 1
[    5.183775] initcall hwmon_init+0x0/0x104 returned 0 after 0 usecs
[    5.192756] calling  md_init+0x0/0x16b @ 1
[    5.205105] initcall md_init+0x0/0x16b returned 0 after 6835 usecs
[    5.211757] calling  leds_init+0x0/0x3b @ 1
[    5.215393] initcall leds_init+0x0/0x3b returned 0 after 0 usecs
[    5.218755] calling  dmi_init+0x0/0x113 @ 1
[    5.227610] initcall dmi_init+0x0/0x113 returned 0 after 2929 usecs
[    5.234763] calling  efisubsys_init+0x0/0x4e7 @ 1
[    5.236988] initcall efisubsys_init+0x0/0x4e7 returned 0 after 0 usecs
[    5.242755] calling  nvmem_init+0x0/0xc @ 1
[    5.247772] initcall nvmem_init+0x0/0xc returned 0 after 0 usecs
[    5.257753] calling  init_soundcore+0x0/0x33 @ 1
[    5.263767] initcall init_soundcore+0x0/0x33 returned 0 after 0 usecs
[    5.268754] calling  alsa_sound_init+0x0/0x8f @ 1
[    5.275889] Advanced Linux Sound Architecture Driver Initialized.
[    5.284754] initcall alsa_sound_init+0x0/0x8f returned 0 after 8789 usecs
[    5.288756] calling  alsa_seq_device_init+0x0/0x71 @ 1
[    5.288936] initcall alsa_seq_device_init+0x0/0x71 returned 0 after 0 usecs
[    5.295756] calling  hda_bus_init+0x0/0xc @ 1
[    5.301796] initcall hda_bus_init+0x0/0xc returned 0 after 0 usecs
[    5.309756] calling  proto_init+0x0/0xc @ 1
[    5.314834] initcall proto_init+0x0/0xc returned 0 after 976 usecs
[    5.322753] calling  net_dev_init+0x0/0x209 @ 1
[    5.330121] initcall net_dev_init+0x0/0x209 returned 0 after 976 usecs
[    5.338755] calling  neigh_init+0x0/0x84 @ 1
[    5.343774] initcall neigh_init+0x0/0x84 returned 0 after 0 usecs
[    5.351753] calling  fib_notifier_init+0x0/0xc @ 1
[    5.357756] initcall fib_notifier_init+0x0/0xc returned 0 after 0 usecs
[    5.365758] calling  fib_rules_init+0x0/0xab @ 1
[    5.371752] initcall fib_rules_init+0x0/0xab returned 0 after 0 usecs
[    5.379757] calling  pktsched_init+0x0/0x10e @ 1
[    5.385807] initcall pktsched_init+0x0/0x10e returned 0 after 0 usecs
[    5.393754] calling  tc_filter_init+0x0/0xfa @ 1
[    5.399791] initcall tc_filter_init+0x0/0xfa returned 0 after 0 usecs
[    5.407754] calling  tc_action_init+0x0/0x54 @ 1
[    5.412758] initcall tc_action_init+0x0/0x54 returned 0 after 0 usecs
[    5.422754] calling  ethnl_init+0x0/0x52 @ 1
[    5.431204] initcall ethnl_init+0x0/0x52 returned 0 after 1953 usecs
[    5.441756] calling  nexthop_init+0x0/0xd8 @ 1
[    5.448903] initcall nexthop_init+0x0/0xd8 returned 0 after 0 usecs
[    5.458757] calling  cipso_v4_init+0x0/0x5d @ 1
[    5.465853] initcall cipso_v4_init+0x0/0x5d returned 0 after 0 usecs
[    5.476756] calling  ieee80211_init+0x0/0x24 @ 1
[    5.484365] initcall ieee80211_init+0x0/0x24 returned 0 after 976 usecs
[    5.494756] calling  netlbl_init+0x0/0x78 @ 1
[    5.501767] NetLabel: Initializing
[    5.506751] NetLabel:  domain hash size = 128
[    5.512750] NetLabel:  protocols = UNLABELED CIPSOv4 CALIPSO
[    5.522352] NetLabel:  unlabeled traffic allowed by default
[    5.530758] initcall netlbl_init+0x0/0x78 returned 0 after 28320 usecs
[    5.540757] calling  rfkill_init+0x0/0x111 @ 1
[    5.550585] initcall rfkill_init+0x0/0x111 returned 0 after 1953 usecs
[    5.561755] calling  pci_subsys_init+0x0/0x66 @ 1
[    5.568993] PCI: Using ACPI for IRQ routing
[    6.351185] PCI: pci_cache_line_size set to 64 bytes
[    6.359678] e820: reserve RAM buffer [mem 0x0009fc00-0x0009ffff]
[    6.367114] e820: reserve RAM buffer [mem 0x1ffdf000-0x1fffffff]
[    6.375190] initcall pci_subsys_init+0x0/0x66 returned 0 after 787109 usecs
[    6.386208] calling  nmi_warning_debugfs+0x0/0x26 @ 1
[    6.393726] initcall nmi_warning_debugfs+0x0/0x26 returned 0 after 976 usecs
[    6.402756] calling  save_microcode_in_initrd+0x0/0x51 @ 1
[    6.409907] initcall save_microcode_in_initrd+0x0/0x51 returned 0 after 0 usecs
[    6.418754] calling  hpet_late_init+0x0/0x207 @ 1
[    6.424877] hpet: 3 channels of 0 reserved for per-cpu timers
[    6.432033] hpet0: at MMIO 0xfed00000, IRQs 2, 8, 0
[    6.438753] hpet0: 3 comparators, 64-bit 100.000000 MHz counter
[    6.448756] initcall hpet_late_init+0x0/0x207 returned 0 after 23437 usecs
[    6.457801] calling  init_amd_nbs+0x0/0x11c @ 1
[    6.463045] initcall init_amd_nbs+0x0/0x11c returned 0 after 0 usecs
[    6.470754] calling  clocksource_done_booting+0x0/0x41 @ 1
[    6.480279] clocksource: Switched to clocksource kvm-clock
[    6.486892] initcall clocksource_done_booting+0x0/0x41 returned 0 after 9903 usecs
[    6.495766] calling  tracer_init_tracefs+0x0/0x242 @ 1
[    6.859251] initcall tracer_init_tracefs+0x0/0x242 returned 0 after 348964 usecs
[    6.873435] calling  init_trace_printk_function_export+0x0/0x2c @ 1
[    6.885870] initcall init_trace_printk_function_export+0x0/0x2c returned 0 after 13 usecs
[    6.901215] calling  init_kprobe_trace+0x0/0x1a9 @ 1
[    6.908385] initcall init_kprobe_trace+0x0/0x1a9 returned 0 after 140 usecs
[    6.918858] calling  init_dynamic_event+0x0/0x3d @ 1
[    6.925835] initcall init_dynamic_event+0x0/0x3d returned 0 after 10 usecs
[    6.936737] calling  init_uprobe_trace+0x0/0x5c @ 1
[    6.943294] initcall init_uprobe_trace+0x0/0x5c returned 0 after 48 usecs
[    6.957289] calling  init_pipe_fs+0x0/0x44 @ 1
[    6.965684] initcall init_pipe_fs+0x0/0x44 returned 0 after 775 usecs
[    6.973517] calling  inotify_user_setup+0x0/0x47 @ 1
[    6.983438] initcall inotify_user_setup+0x0/0x47 returned 0 after 682 usecs
[    6.993363] calling  eventpoll_init+0x0/0xd4 @ 1
[    7.000360] initcall eventpoll_init+0x0/0xd4 returned 0 after 237 usecs
[    7.014985] calling  anon_inode_init+0x0/0x58 @ 1
[    7.021341] initcall anon_inode_init+0x0/0x58 returned 0 after 236 usecs
[    7.029479] calling  proc_locks_init+0x0/0x27 @ 1
[    7.035469] initcall proc_locks_init+0x0/0x27 returned 0 after 257 usecs
[    7.043506] calling  iomap_init+0x0/0x1b @ 1
[    7.050287] initcall iomap_init+0x0/0x1b returned 0 after 1485 usecs
[    7.058019] calling  dquot_init+0x0/0x106 @ 1
[    7.063290] VFS: Disk quotas dquot_6.6.0
[    7.068445] VFS: Dquot-cache hash table entries: 512 (order 0, 4096 bytes)
[    7.076572] initcall dquot_init+0x0/0x106 returned 0 after 12967 usecs
[    7.087229] calling  quota_init+0x0/0x23 @ 1
[    7.094594] initcall quota_init+0x0/0x23 returned 0 after 705 usecs
[    7.104099] calling  proc_cmdline_init+0x0/0x21 @ 1
[    7.110984] initcall proc_cmdline_init+0x0/0x21 returned 0 after 5 usecs
[    7.119000] calling  proc_consoles_init+0x0/0x24 @ 1
[    7.124999] initcall proc_consoles_init+0x0/0x24 returned 0 after 5 usecs
[    7.133951] calling  proc_cpuinfo_init+0x0/0x1e @ 1
[    7.141342] initcall proc_cpuinfo_init+0x0/0x1e returned 0 after 12 usecs
[    7.151401] calling  proc_devices_init+0x0/0x24 @ 1
[    7.158555] initcall proc_devices_init+0x0/0x24 returned 0 after 4 usecs
[    7.166673] calling  proc_interrupts_init+0x0/0x24 @ 1
[    7.172875] initcall proc_interrupts_init+0x0/0x24 returned 0 after 5 usecs
[    7.181333] calling  proc_loadavg_init+0x0/0x21 @ 1
[    7.187250] initcall proc_loadavg_init+0x0/0x21 returned 0 after 5 usecs
[    7.195730] calling  proc_meminfo_init+0x0/0x21 @ 1
[    7.201751] initcall proc_meminfo_init+0x0/0x21 returned 0 after 6 usecs
[    7.210174] calling  proc_stat_init+0x0/0x1e @ 1
[    7.216166] initcall proc_stat_init+0x0/0x1e returned 0 after 5 usecs
[    7.224443] calling  proc_uptime_init+0x0/0x21 @ 1
[    7.230550] initcall proc_uptime_init+0x0/0x21 returned 0 after 4 usecs
[    7.238732] calling  proc_version_init+0x0/0x21 @ 1
[    7.244925] initcall proc_version_init+0x0/0x21 returned 0 after 146 usecs
[    7.253491] calling  proc_softirqs_init+0x0/0x21 @ 1
[    7.259637] initcall proc_softirqs_init+0x0/0x21 returned 0 after 2 usecs
[    7.268035] calling  proc_kcore_init+0x0/0xea @ 1
[    7.274101] initcall proc_kcore_init+0x0/0xea returned 0 after 70 usecs
[    7.282615] calling  vmcore_init+0x0/0x578 @ 1
[    7.288232] initcall vmcore_init+0x0/0x578 returned 0 after 27 usecs
[    7.296262] calling  proc_kmsg_init+0x0/0x21 @ 1
[    7.302141] initcall proc_kmsg_init+0x0/0x21 returned 0 after 65 usecs
[    7.310250] calling  proc_page_init+0x0/0x3b @ 1
[    7.316071] initcall proc_page_init+0x0/0x3b returned 0 after 4 usecs
[    7.324055] calling  init_ramfs_fs+0x0/0xc @ 1
[    7.329615] initcall init_ramfs_fs+0x0/0xc returned 0 after 3 usecs
[    7.337512] calling  init_hugetlbfs_fs+0x0/0xf6 @ 1
[    7.344062] initcall init_hugetlbfs_fs+0x0/0xf6 returned 0 after 404 usecs
[    7.351991] calling  blk_scsi_ioctl_init+0x0/0x2a5 @ 1
[    7.358961] initcall blk_scsi_ioctl_init+0x0/0x2a5 returned 0 after 183 usecs
[    7.367294] calling  acpi_event_init+0x0/0x2c @ 1
[    7.372891] initcall acpi_event_init+0x0/0x2c returned 0 after 169 usecs
[    7.380592] calling  pnp_system_init+0x0/0xc @ 1
[    7.386947] initcall pnp_system_init+0x0/0xc returned 0 after 876 usecs
[    7.394568] calling  pnpacpi_init+0x0/0x69 @ 1
[    7.399739] pnp: PnP ACPI init
[    7.409480] pnp 00:00: Plug and Play ACPI device, IDs PNP0303 (active)
[    7.417325] pnp 00:01: Plug and Play ACPI device, IDs PNP0f13 (active)
[    7.425007] pnp 00:02: Plug and Play ACPI device, IDs PNP0400 (active)
[    7.432391] pnp 00:03: Plug and Play ACPI device, IDs PNP0501 (active)
[    7.467323] pnp 00:04: Plug and Play ACPI device, IDs PNP0b00 (active)
[    7.477128] system 00:05: [mem 0xb0000000-0xbfffffff window] has been reserved
[    7.486513] system 00:05: Plug and Play ACPI device, IDs PNP0c01 (active)
[    7.497444] pnp: PnP ACPI: found 6 devices
[    7.503185] initcall pnpacpi_init+0x0/0x69 returned 0 after 100798 usecs
[    7.511454] calling  chr_dev_init+0x0/0x14d @ 1
[    7.555990] initcall chr_dev_init+0x0/0x14d returned 0 after 38119 usecs
[    7.563988] calling  firmware_class_init+0x0/0xe7 @ 1
[    7.570694] initcall firmware_class_init+0x0/0xe7 returned 0 after 395 usecs
[    7.579072] calling  init_pcmcia_bus+0x0/0x5b @ 1
[    7.584979] initcall init_pcmcia_bus+0x0/0x5b returned 0 after 277 usecs
[    7.593279] calling  init_acpi_pm_clocksource+0x0/0xda @ 1
[    7.605277] clocksource: acpi_pm: mask: 0xffffff max_cycles: 0xffffff, max_idle_ns: 2085701024 ns
[    7.615619] initcall init_acpi_pm_clocksource+0x0/0xda returned 0 after 15538 usecs
[    7.624520] calling  sysctl_core_init+0x0/0x26 @ 1
[    7.630380] initcall sysctl_core_init+0x0/0x26 returned 0 after 284 usecs
[    7.638112] calling  eth_offload_init+0x0/0x13 @ 1
[    7.643679] initcall eth_offload_init+0x0/0x13 returned 0 after 41 usecs
[    7.651287] calling  ipv4_offload_init+0x0/0x73 @ 1
[    7.657119] initcall ipv4_offload_init+0x0/0x73 returned 0 after 140 usecs
[    7.664940] calling  inet_init+0x0/0x276 @ 1
[    7.670170] NET: Registered protocol family 2
[    7.676132] IP idents hash table entries: 8192 (order: 4, 65536 bytes, linear)
[    7.690555] tcp_listen_portaddr_hash hash table entries: 256 (order: 0, 4096 bytes, linear)
[    7.700365] TCP established hash table entries: 4096 (order: 3, 32768 bytes, linear)
[    7.710108] TCP bind hash table entries: 4096 (order: 4, 65536 bytes, linear)
[    7.719320] TCP: Hash tables configured (established 4096 bind 4096)
[    7.771567] UDP hash table entries: 256 (order: 1, 8192 bytes, linear)
[    7.779868] UDP-Lite hash table entries: 256 (order: 1, 8192 bytes, linear)
[    7.788348] initcall inet_init+0x0/0x276 returned 0 after 115698 usecs
[    7.795977] calling  af_unix_init+0x0/0x4d @ 1
[    7.801243] NET: Registered protocol family 1
[    7.806328] initcall af_unix_init+0x0/0x4d returned 0 after 4988 usecs
[    7.813880] calling  ipv6_offload_init+0x0/0x7e @ 1
[    7.819566] initcall ipv6_offload_init+0x0/0x7e returned 0 after 70 usecs
[    7.827492] calling  init_sunrpc+0x0/0x65 @ 1
[    7.836361] RPC: Registered named UNIX socket transport module.
[    7.843482] RPC: Registered udp transport module.
[    7.849143] RPC: Registered tcp transport module.
[    7.854670] RPC: Registered tcp NFSv4.1 backchannel transport module.
[    7.862498] initcall init_sunrpc+0x0/0x65 returned 0 after 29228 usecs
[    7.870461] calling  cfg80211_init+0x0/0xc5 @ 1
[    7.877937] initcall cfg80211_init+0x0/0xc5 returned 0 after 1935 usecs
[    7.886155] calling  pcibios_assign_resources+0x0/0xbf @ 1
[    7.893088] pci_bus 0000:00: resource 4 [io  0x0000-0x0cf7 window]
[    7.900705] pci_bus 0000:00: resource 5 [io  0x0d00-0xffff window]
[    7.908929] pci_bus 0000:00: resource 6 [mem 0x000a0000-0x000bffff window]
[    7.917538] pci_bus 0000:00: resource 7 [mem 0x20000000-0xafffffff window]
[    7.927212] pci_bus 0000:00: resource 8 [mem 0xc0000000-0xfebfffff window]
[    7.936813] pci_bus 0000:00: resource 9 [mem 0x100000000-0x8ffffffff window]
[    7.945391] initcall pcibios_assign_resources+0x0/0xbf returned 0 after 51395 usecs
[    7.954577] calling  pci_apply_final_quirks+0x0/0x124 @ 1
[    7.961491] pci 0000:00:01.0: calling  pci_fixup_video+0x0/0xe0 @ 1
[    7.969927] pci 0000:00:01.0: Video device with shadowed ROM at [mem 0x000c0000-0x000dffff]
[    7.980039] pci 0000:00:01.0: pci_fixup_video+0x0/0xe0 took 10629 usecs
[    7.988455] PCI: CLS 0 bytes, default 64
[    7.993349] initcall pci_apply_final_quirks+0x0/0x124 returned 0 after 31396 usecs
[    8.002602] calling  acpi_reserve_resources+0x0/0xea @ 1
[    8.009280] initcall acpi_reserve_resources+0x0/0xea returned 0 after 77 usecs
[    8.018028] calling  populate_rootfs+0x0/0x102 @ 1
[    8.026704] initcall populate_rootfs+0x0/0x102 returned 0 after 2755 usecs
[    8.035211] calling  pci_iommu_init+0x0/0x3e @ 1
[    8.041085] initcall pci_iommu_init+0x0/0x3e returned 0 after 217 usecs
[    8.050718] calling  ia32_binfmt_init+0x0/0x13 @ 1
[    8.056754] initcall ia32_binfmt_init+0x0/0x13 returned 0 after 40 usecs
[    8.065100] calling  rapl_pmu_init+0x0/0x267 @ 1
[    8.070980] initcall rapl_pmu_init+0x0/0x267 returned -19 after 53 usecs
[    8.079153] calling  amd_uncore_init+0x0/0x310 @ 1
[    8.085021] initcall amd_uncore_init+0x0/0x310 returned -19 after 0 usecs
[    8.094213] calling  amd_ibs_init+0x0/0x27b @ 1
[    8.101273] initcall amd_ibs_init+0x0/0x27b returned -19 after 0 usecs
[    8.109191] calling  amd_iommu_pc_init+0x0/0x215 @ 1
[    8.115362] initcall amd_iommu_pc_init+0x0/0x215 returned -19 after 23 usecs
[    8.124242] calling  msr_init+0x0/0x55 @ 1
[    8.129531] initcall msr_init+0x0/0x55 returned 0 after 144 usecs
[    8.136981] calling  intel_uncore_init+0x0/0x36f @ 1
[    8.143095] initcall intel_uncore_init+0x0/0x36f returned -19 after 29 usecs
[    8.151660] calling  cstate_pmu_init+0x0/0x1a1 @ 1
[    8.157606] initcall cstate_pmu_init+0x0/0x1a1 returned -19 after 0 usecs
[    8.166016] calling  register_kernel_offset_dumper+0x0/0x1a @ 1
[    8.173715] initcall register_kernel_offset_dumper+0x0/0x1a returned 0 after 39 usecs
[    8.183363] calling  i8259A_init_ops+0x0/0x20 @ 1
[    8.189244] initcall i8259A_init_ops+0x0/0x20 returned 0 after 1 usecs
[    8.197274] calling  init_tsc_clocksource+0x0/0xa4 @ 1
[    8.203581] clocksource: tsc: mask: 0xffffffffffffffff max_cycles: 0x39a85afc727, max_idle_ns: 881590685098 ns
[    8.215756] initcall init_tsc_clocksource+0x0/0xa4 returned 0 after 11887 usecs
[    8.224653] calling  add_rtc_cmos+0x0/0xb0 @ 1
[    8.230282] initcall add_rtc_cmos+0x0/0xb0 returned 0 after 20 usecs
[    8.238092] calling  i8237A_init_ops+0x0/0x3a @ 1
[    8.243986] initcall i8237A_init_ops+0x0/0x3a returned 0 after 101 usecs
[    8.252178] calling  umwait_init+0x0/0x94 @ 1
[    8.257576] initcall umwait_init+0x0/0x94 returned -19 after 19 usecs
[    8.265412] calling  thermal_throttle_init_device+0x0/0x3d @ 1
[    8.272555] initcall thermal_throttle_init_device+0x0/0x3d returned 0 after 48 usecs
[    8.282031] calling  msr_init+0x0/0xd7 @ 1
[    8.312012] initcall msr_init+0x0/0xd7 returned 0 after 24284 usecs
[    8.319827] calling  cpuid_init+0x0/0xd7 @ 1
[    8.342722] initcall cpuid_init+0x0/0xd7 returned 0 after 16009 usecs
[    8.350930] calling  ioapic_init_ops+0x0/0x13 @ 1
[    8.356896] initcall ioapic_init_ops+0x0/0x13 returned 0 after 37 usecs
[    8.365301] calling  add_pcspkr+0x0/0x6c @ 1
[    8.370729] initcall add_pcspkr+0x0/0x6c returned 0 after 88 usecs
[    8.379346] calling  start_periodic_check_for_corruption+0x0/0x30 @ 1
[    8.387575] check: Scanning for low memory corruption every 60 seconds
[    8.395640] initcall start_periodic_check_for_corruption+0x0/0x30 returned 0 after 7929 usecs
[    8.406955] calling  sysfb_init+0x0/0x9c @ 1
[    8.412339] initcall sysfb_init+0x0/0x9c returned 0 after 134 usecs
[    8.419871] calling  audit_classes_init+0x0/0xae @ 1
[    8.426187] initcall audit_classes_init+0x0/0xae returned 0 after 89 usecs
[    8.434680] calling  iosf_mbi_init+0x0/0x24 @ 1
[    8.440645] initcall iosf_mbi_init+0x0/0x24 returned 0 after 307 usecs
[    8.448901] calling  proc_execdomains_init+0x0/0x21 @ 1
[    8.455467] initcall proc_execdomains_init+0x0/0x21 returned 0 after 97 usecs
[    8.464240] calling  register_warn_debugfs+0x0/0x23 @ 1
[    8.471185] initcall register_warn_debugfs+0x0/0x23 returned 0 after 434 usecs
[    8.480167] calling  cpuhp_sysfs_init+0x0/0x79 @ 1
[    8.486455] initcall cpuhp_sysfs_init+0x0/0x79 returned 0 after 202 usecs
[    8.494824] calling  ioresources_init+0x0/0x49 @ 1
[    8.500614] initcall ioresources_init+0x0/0x49 returned 0 after 7 usecs
[    8.508580] calling  snapshot_device_init+0x0/0xc @ 1
[    8.515262] initcall snapshot_device_init+0x0/0xc returned 0 after 442 usecs
[    8.523611] calling  irq_pm_init_ops+0x0/0x13 @ 1
[    8.529299] initcall irq_pm_init_ops+0x0/0x13 returned 0 after 16 usecs
[    8.537142] calling  rcu_torture_init+0x0/0x9a6 @ 1
[    8.543321] rcu-torture:--- Start of test: nreaders=15 nfakewriters=4 stat_interval=15 verbose=1 test_no_idle_hz=1 shuffle_interval=3 stutter=5 irqreader=1 fqs_duration=0 fqs_holdoff=0 fqs_stutter=3 test_boost=1/0 test_boost_interval=7 test_boost_duration=4 shutdown_secs=1800 stall_cpu=0 stall_cpu_holdoff=10 stall_cpu_irqsoff=0 stall_cpu_block=0 n_barrier_cbs=4 onoff_interval=200 onoff_holdoff=30 read_exit_delay=13 read_exit_burst=16
[    8.591037] rcu:  Start-test grace-period state: g-980 f0x0
[    8.599723] rcu-torture: Creating rcu_torture_writer task
[    8.607566] rcu-torture: Creating rcu_torture_fakewriter task
[    8.607633] rcu-torture: rcu_torture_writer task started
[    8.615754] rcu-torture: Creating rcu_torture_fakewriter task
[    8.615882] rcu-torture: rcu_torture_fakewriter task started
[    8.621144] rcu-torture: GP expediting controlled from boot/sysfs for rcu.
[    8.621145] rcu_torture_writer: Testing conditional GPs.
[    8.621146] rcu_torture_writer: Testing expedited GPs.
[    8.621147] rcu_torture_writer: Testing asynchronous GPs.
[    8.621148] rcu_torture_writer: Testing normal GPs.
[    8.671345] rcu-torture: Creating rcu_torture_fakewriter task
[    8.671382] rcu-torture: rcu_torture_fakewriter task started
[    8.679158] rcu-torture: Creating rcu_torture_fakewriter task
[    8.679200] rcu-torture: rcu_torture_fakewriter task started
[    8.701107] rcu-torture: Creating rcu_torture_reader task
[    8.701116] rcu-torture: rcu_torture_fakewriter task started
[    8.708590] rcu-torture: Creating rcu_torture_reader task
[    8.708628] rcu-torture: rcu_torture_reader task started
[    8.729625] rcu-torture: Creating rcu_torture_reader task
[    8.729645] rcu-torture: rcu_torture_reader task started
[    8.737139] rcu-torture: Creating rcu_torture_reader task
[    8.737142] rcu-torture: rcu_torture_reader task started
[    8.757568] rcu-torture: Creating rcu_torture_reader task
[    8.757587] rcu-torture: rcu_torture_reader task started
[    8.766177] rcu-torture: Creating rcu_torture_reader task
[    8.766213] rcu-torture: rcu_torture_reader task started
[    8.788474] rcu-torture: Creating rcu_torture_reader task
[    8.788476] rcu-torture: rcu_torture_reader task started
[    8.803235] rcu-torture: Creating rcu_torture_reader task
[    8.803251] rcu-torture: rcu_torture_reader task started
[    8.811394] rcu-torture: Creating rcu_torture_reader task
[    8.811437] rcu-torture: rcu_torture_reader task started
[    8.830692] rcu-torture: rcu_torture_reader task started
[    8.830698] rcu-torture: Creating rcu_torture_reader task
[    8.862073] rcu-torture: rcu_torture_reader task started
[    8.862132] rcu-torture: Creating rcu_torture_reader task
[    8.877959] rcu-torture: rcu_torture_reader task started
[    8.878002] rcu-torture: Creating rcu_torture_reader task
[    8.894765] rcu-torture: Creating rcu_torture_reader task
[    8.894963] rcu-torture: rcu_torture_reader task started
[    8.903974] rcu-torture: Creating rcu_torture_reader task
[    8.904002] rcu-torture: rcu_torture_reader task started
[    8.927125] rcu-torture: Creating rcu_torture_reader task
[    8.927146] rcu-torture: rcu_torture_reader task started
[    8.935128] rcu-torture: rcu_torture_reader task started
[    8.935187] rcu-torture: Creating rcu_torture_stats task
[    8.937137] rcu-torture: Creating torture_shuffle task
[    8.937187] rcu-torture: rcu_torture_stats task started
[    8.938134] rcu-torture: Creating torture_stutter task
[    8.938180] rcu-torture: torture_shuffle task started
[    8.939965] rcu-torture: torture_stutter task started
[    8.939990] rcu-torture: Creating torture_shutdown task
[    8.941095] rcu-torture: Creating torture_onoff task
[    8.941113] rcu-torture: torture_shutdown task started
[    8.941116] rcu-torture:torture_shutdown task: 1799998 ms remaining
[    9.026011] rcu-torture: torture_onoff task started
[    9.026125] rcu-torture: Creating rcu_torture_fwd_prog task
[    9.033239] rcu-torture: torture_onoff begin holdoff
[    9.043756] rcu-torture: Creating rcu_torture_barrier_cbs task
[    9.043939] rcu-torture: rcu_torture_fwd_progress task started
[    9.065764] rcu-torture: Creating rcu_torture_barrier_cbs task
[    9.065965] rcu-torture: rcu_torture_barrier_cbs task started
[    9.074470] rcu-torture: Creating rcu_torture_barrier_cbs task
[    9.074486] rcu-torture: rcu_torture_barrier_cbs task started
[    9.099010] rcu-torture: Creating rcu_torture_barrier_cbs task
[    9.099043] rcu-torture: rcu_torture_barrier_cbs task started
[    9.107961] rcu-torture: Creating rcu_torture_barrier task
[    9.107970] rcu-torture: rcu_torture_barrier_cbs task started
[    9.131492] rcu-torture: Creating rcu_torture_read_exit task
[    9.131561] rcu-torture: rcu_torture_barrier task starting
[    9.140595] rcu-torture: rcu_torture_read_exit: Start of test
[    9.143386] initcall rcu_torture_init+0x0/0x9a6 returned 0 after 583863 usecs
[    9.143623] calling  timekeeping_init_ops+0x0/0x13 @ 1
[    9.143945] initcall timekeeping_init_ops+0x0/0x13 returned 0 after 310 usecs
[    9.143948] calling  init_clocksource_sysfs+0x0/0x23 @ 1
[    9.152595] initcall init_clocksource_sysfs+0x0/0x23 returned 0 after 8434 usecs
[    9.160725] rcu_torture_rea (208) used greatest stack depth: 15120 bytes left
[    9.165999] calling  init_timer_list_procfs+0x0/0x31 @ 1
[    9.212729] initcall init_timer_list_procfs+0x0/0x31 returned 0 after 416 usecs
[    9.221668] calling  alarmtimer_init+0x0/0xc7 @ 1
[    9.228614] initcall alarmtimer_init+0x0/0xc7 returned 0 after 1011 usecs
[    9.237108] calling  init_posix_timers+0x0/0x29 @ 1
[    9.243257] initcall init_posix_timers+0x0/0x29 returned 0 after 101 usecs
[    9.251987] calling  clockevents_init_sysfs+0x0/0xbf @ 1
[    9.259305] initcall clockevents_init_sysfs+0x0/0xbf returned 0 after 442 usecs
[    9.268636] calling  proc_dma_init+0x0/0x21 @ 1
[    9.274402] initcall proc_dma_init+0x0/0x21 returned 0 after 9 usecs
[    9.284535] calling  proc_modules_init+0x0/0x1e @ 1
[    9.291294] initcall proc_modules_init+0x0/0x1e returned 0 after 29 usecs
[    9.300013] calling  kallsyms_init+0x0/0x21 @ 1
[    9.305886] initcall kallsyms_init+0x0/0x21 returned 0 after 128 usecs
[    9.314072] calling  pid_namespaces_init+0x0/0x2c @ 1
[    9.320647] initcall pid_namespaces_init+0x0/0x2c returned 0 after 227 usecs
[    9.329559] calling  audit_watch_init+0x0/0x37 @ 1
[    9.335546] initcall audit_watch_init+0x0/0x37 returned 0 after 42 usecs
[    9.343935] calling  audit_fsnotify_init+0x0/0x37 @ 1
[    9.350358] initcall audit_fsnotify_init+0x0/0x37 returned 0 after 6 usecs
[    9.358981] calling  audit_tree_init+0x0/0x6d @ 1
[    9.364886] initcall audit_tree_init+0x0/0x6d returned 0 after 6 usecs
[    9.373030] calling  seccomp_sysctl_init+0x0/0x2b @ 1
[    9.379530] initcall seccomp_sysctl_init+0x0/0x2b returned 0 after 102 usecs
[    9.388370] calling  utsname_sysctl_init+0x0/0x13 @ 1
[    9.394911] initcall utsname_sysctl_init+0x0/0x13 returned 0 after 144 usecs
[    9.403763] calling  init_tracepoints+0x0/0x27 @ 1
[    9.409966] initcall init_tracepoints+0x0/0x27 returned 0 after 58 usecs
[    9.418370] calling  init_blk_tracer+0x0/0x50 @ 1
[    9.426912] initcall init_blk_tracer+0x0/0x50 returned 0 after 2442 usecs
[    9.435430] calling  perf_event_sysfs_init+0x0/0x81 @ 1
[    9.442501] initcall perf_event_sysfs_init+0x0/0x81 returned 0 after 477 usecs
[    9.452095] calling  system_trusted_keyring_init+0x0/0x60 @ 1
[    9.459956] Initialise system trusted keyrings
[    9.468779] initcall system_trusted_keyring_init+0x0/0x60 returned 0 after 8997 usecs
[    9.482133] calling  kswapd_init+0x0/0x5c @ 1
[    9.492273] initcall kswapd_init+0x0/0x5c returned 0 after 3222 usecs
[    9.500853] calling  extfrag_debug_init+0x0/0x54 @ 1
[    9.509220] initcall extfrag_debug_init+0x0/0x54 returned 0 after 1854 usecs
[    9.519048] calling  mm_compute_batch_init+0x0/0x12 @ 1
[    9.526088] initcall mm_compute_batch_init+0x0/0x12 returned 0 after 70 usecs
[    9.540752] calling  slab_proc_init+0x0/0x21 @ 1
[    9.547276] initcall slab_proc_init+0x0/0x21 returned 0 after 373 usecs
[    9.555894] calling  workingset_init+0x0/0x8c @ 1
[    9.562207] workingset: timestamp_bits=56 max_order=17 bucket_order=0
[    9.570327] initcall workingset_init+0x0/0x8c returned 0 after 7941 usecs
[    9.578515] calling  proc_vmalloc_init+0x0/0x32 @ 1
[    9.584352] initcall proc_vmalloc_init+0x0/0x32 returned 0 after 9 usecs
[    9.592628] calling  procswaps_init+0x0/0x1e @ 1
[    9.598278] initcall procswaps_init+0x0/0x1e returned 0 after 59 usecs
[    9.606098] calling  slab_sysfs_init+0x0/0xea @ 1
[    9.618274] initcall slab_sysfs_init+0x0/0xea returned 0 after 5801 usecs
[    9.628658] calling  fcntl_init+0x0/0x29 @ 1
[    9.636030] initcall fcntl_init+0x0/0x29 returned 0 after 54 usecs
[    9.645400] calling  proc_filesystems_init+0x0/0x21 @ 1
[    9.654146] initcall proc_filesystems_init+0x0/0x21 returned 0 after 5 usecs
[    9.664991] calling  start_dirtytime_writeback+0x0/0x29 @ 1
[    9.673962] initcall start_dirtytime_writeback+0x0/0x29 returned 0 after 1 usecs
[    9.685454] calling  blkdev_init+0x0/0x1b @ 1
[    9.693143] initcall blkdev_init+0x0/0x1b returned 0 after 823 usecs
[    9.703434] calling  dio_init+0x0/0x2c @ 1
[    9.711243] initcall dio_init+0x0/0x2c returned 0 after 684 usecs
[    9.721069] calling  dnotify_init+0x0/0x78 @ 1
[    9.728032] initcall dnotify_init+0x0/0x78 returned 0 after 18 usecs
[    9.738389] calling  aio_setup+0x0/0x78 @ 1
[    9.746616] initcall aio_setup+0x0/0x78 returned 0 after 1173 usecs
[    9.756965] calling  io_uring_init+0x0/0x2c @ 1
[    9.764145] initcall io_uring_init+0x0/0x2c returned 0 after 9 usecs
[    9.773485] calling  mbcache_init+0x0/0x30 @ 1
[    9.780109] initcall mbcache_init+0x0/0x30 returned 0 after 110 usecs
[    9.789422] calling  init_grace+0x0/0xc @ 1
[    9.795665] initcall init_grace+0x0/0xc returned 0 after 114 usecs
[    9.804603] calling  init_v2_quota_format+0x0/0x21 @ 1
[    9.811902] initcall init_v2_quota_format+0x0/0x21 returned 0 after 16 usecs
[    9.821834] calling  init_devpts_fs+0x0/0x27 @ 1
[    9.831256] initcall init_devpts_fs+0x0/0x27 returned 0 after 321 usecs
[    9.840131] calling  ext4_init_fs+0x0/0x1d0 @ 1
[    9.846573] initcall ext4_init_fs+0x0/0x1d0 returned 0 after 301 usecs
[    9.855048] calling  journal_init+0x0/0x11c @ 1
[    9.861227] initcall journal_init+0x0/0x11c returned 0 after 76 usecs
[    9.869511] calling  init_fat_fs+0x0/0x49 @ 1
[    9.875457] initcall init_fat_fs+0x0/0x49 returned 0 after 81 usecs
[    9.883699] calling  init_vfat_fs+0x0/0xc @ 1
[    9.889586] initcall init_vfat_fs+0x0/0xc returned 0 after 3 usecs
[    9.897678] calling  init_msdos_fs+0x0/0xc @ 1
[    9.903724] initcall init_msdos_fs+0x0/0xc returned 0 after 1 usecs
[    9.912401] calling  init_iso9660_fs+0x0/0x6c @ 1
[    9.919009] initcall init_iso9660_fs+0x0/0x6c returned 0 after 124 usecs
[    9.928351] calling  init_nfs_fs+0x0/0x13a @ 1
[    9.937222] initcall init_nfs_fs+0x0/0x13a returned 0 after 2533 usecs
[    9.946961] calling  init_nfs_v2+0x0/0x13 @ 1
[    9.953336] initcall init_nfs_v2+0x0/0x13 returned 0 after 47 usecs
[    9.962623] calling  init_nfs_v3+0x0/0x13 @ 1
[    9.969457] initcall init_nfs_v3+0x0/0x13 returned 0 after 188 usecs
[    9.979757] calling  init_nfs_v4+0x0/0x32 @ 1
[    9.987632] NFS: Registering the id_resolver key type
[    9.996169] Key type id_resolver registered
[   10.003535] Key type id_legacy registered
[   10.010258] initcall init_nfs_v4+0x0/0x32 returned 0 after 22426 usecs
[   10.019274] calling  init_nlm+0x0/0x5b @ 1
[   10.025182] initcall init_nlm+0x0/0x5b returned 0 after 129 usecs
[   10.033749] calling  init_nls_cp437+0x0/0xe @ 1
[   10.040184] initcall init_nls_cp437+0x0/0xe returned 0 after 24 usecs
[   10.049937] calling  init_nls_ascii+0x0/0xe @ 1
[   10.057256] initcall init_nls_ascii+0x0/0xe returned 0 after 1 usecs
[   10.067327] calling  init_nls_iso8859_1+0x0/0xe @ 1
[   10.074974] initcall init_nls_iso8859_1+0x0/0xe returned 0 after 1 usecs
[   10.086018] calling  init_nls_utf8+0x0/0x21 @ 1
[   10.092804] initcall init_nls_utf8+0x0/0x21 returned 0 after 1 usecs
[   10.103416] calling  init_autofs_fs+0x0/0x25 @ 1
[   10.113840] initcall init_autofs_fs+0x0/0x25 returned 0 after 2097 usecs
[   10.126175] calling  ipc_init+0x0/0x24 @ 1
[   10.132630] initcall ipc_init+0x0/0x24 returned 0 after 138 usecs
[   10.142466] calling  ipc_sysctl_init+0x0/0x13 @ 1
[   10.149405] initcall ipc_sysctl_init+0x0/0x13 returned 0 after 12 usecs
[   10.158957] calling  init_mqueue_fs+0x0/0x9a @ 1
[   10.166237] initcall init_mqueue_fs+0x0/0x9a returned 0 after 455 usecs
[   10.176548] calling  key_proc_init+0x0/0x63 @ 1
[   10.183953] initcall key_proc_init+0x0/0x63 returned 0 after 170 usecs
[   10.194381] calling  selinux_nf_ip_init+0x0/0x2e @ 1
[   10.202622] initcall selinux_nf_ip_init+0x0/0x2e returned 0 after 81 usecs
[   10.213570] calling  init_sel_fs+0x0/0x116 @ 1
[   10.220604] initcall init_sel_fs+0x0/0x116 returned 0 after 0 usecs
[   10.230602] calling  selnl_init+0x0/0x7c @ 1
[   10.241320] initcall selnl_init+0x0/0x7c returned 0 after 3766 usecs
[   10.251367] calling  sel_netif_init+0x0/0x36 @ 1
[   10.258704] initcall sel_netif_init+0x0/0x36 returned 0 after 0 usecs
[   10.269105] calling  sel_netnode_init+0x0/0x33 @ 1
[   10.276508] initcall sel_netnode_init+0x0/0x33 returned 0 after 0 usecs
[   10.286644] calling  sel_netport_init+0x0/0x33 @ 1
[   10.294212] initcall sel_netport_init+0x0/0x33 returned 0 after 1 usecs
[   10.304515] calling  aurule_init+0x0/0x2a @ 1
[   10.310981] initcall aurule_init+0x0/0x2a returned 0 after 1 usecs
[   10.321180] calling  crypto_algapi_init+0x0/0xc @ 1
[   10.328537] initcall crypto_algapi_init+0x0/0xc returned 0 after 4 usecs
[   10.338370] calling  jent_mod_init+0x0/0x2d @ 1
[   10.370344] initcall jent_mod_init+0x0/0x2d returned 0 after 23960 usecs
[   10.380615] calling  asymmetric_key_init+0x0/0xc @ 1
[   10.389649] Key type asymmetric registered
[   10.396061] initcall asymmetric_key_init+0x0/0xc returned 0 after 6510 usecs
[   10.409756] calling  x509_key_init+0x0/0xc @ 1
[   10.418201] Asymmetric key parser 'x509' registered
[   10.427251] initcall x509_key_init+0x0/0xc returned 0 after 8889 usecs
[   10.437686] calling  proc_genhd_init+0x0/0x41 @ 1
[   10.446175] initcall proc_genhd_init+0x0/0x41 returned 0 after 162 usecs
[   10.456576] calling  bsg_init+0x0/0x113 @ 1
[   10.463789] Block layer SCSI generic (bsg) driver version 0.4 loaded (major 251)
[   10.475507] initcall bsg_init+0x0/0x113 returned 0 after 12099 usecs
[   10.486390] calling  deadline_init+0x0/0xc @ 1
[   10.494407] io scheduler mq-deadline registered
[   10.503028] initcall deadline_init+0x0/0xc returned 0 after 8548 usecs
[   10.514827] calling  kyber_init+0x0/0xc @ 1
[   10.521812] io scheduler kyber registered
[   10.530909] initcall kyber_init+0x0/0xc returned 0 after 8879 usecs
[   10.540821] calling  mod_init+0x0/0x7 @ 1
[   10.547414] initcall mod_init+0x0/0x7 returned 0 after 0 usecs
[   10.556702] calling  percpu_counter_startup+0x0/0x55 @ 1
[   10.592513] initcall percpu_counter_startup+0x0/0x55 returned 0 after 26340 usecs
[   10.606081] calling  sg_pool_init+0x0/0xb4 @ 1
[   10.615604] initcall sg_pool_init+0x0/0xb4 returned 0 after 1179 usecs
[   10.627458] calling  pcie_portdrv_init+0x0/0x39 @ 1
[   10.640999] initcall pcie_portdrv_init+0x0/0x39 returned 0 after 4254 usecs
[   10.653633] calling  pci_proc_init+0x0/0x68 @ 1
[   10.662349] initcall pci_proc_init+0x0/0x68 returned 0 after 114 usecs
[   10.674263] calling  pci_hotplug_init+0x0/0x7 @ 1
[   10.682930] initcall pci_hotplug_init+0x0/0x7 returned 0 after 0 usecs
[   10.694145] calling  efifb_driver_init+0x0/0xe @ 1
[   10.701471] initcall efifb_driver_init+0x0/0xe returned 0 after 65 usecs
[   10.711754] calling  ged_driver_init+0x0/0xe @ 1
[   10.719318] initcall ged_driver_init+0x0/0xe returned 0 after 170 usecs
[   10.730286] calling  acpi_ac_init+0x0/0x92 @ 1
[   10.739262] initcall acpi_ac_init+0x0/0x92 returned 0 after 1633 usecs
[   10.751003] calling  acpi_button_driver_init+0x0/0x52 @ 1
[   10.761015] input: Power Button as /devices/LNXSYSTM:00/LNXPWRBN:00/input/input0
[   10.776429] ACPI: Power Button [PWRF]
[   10.785009] initcall acpi_button_driver_init+0x0/0x52 returned 0 after 24720 usecs
[   10.802053] calling  acpi_fan_driver_init+0x0/0xe @ 1
[   10.811414] initcall acpi_fan_driver_init+0x0/0xe returned 0 after 25 usecs
[   10.823875] calling  acpi_video_init+0x0/0xcb @ 1
[   10.832934] initcall acpi_video_init+0x0/0xcb returned 0 after 538 usecs
[   10.844901] calling  acpi_processor_driver_init+0x0/0xad @ 1
[   10.859537] initcall acpi_processor_driver_init+0x0/0xad returned 0 after 4205 usecs
[   10.871670] calling  acpi_thermal_init+0x0/0x71 @ 1
[   10.885786] initcall acpi_thermal_init+0x0/0x71 returned 0 after 6091 usecs
[   10.897007] calling  acpi_battery_init+0x0/0x32 @ 1
[   10.905007] initcall acpi_battery_init+0x0/0x32 returned 0 after 689 usecs
[   10.915606] calling  bgrt_init+0x0/0xb6 @ 1
[   10.921847] initcall bgrt_init+0x0/0xb6 returned -19 after 36 usecs
[   10.931152] calling  gpio_clk_driver_init+0x0/0xe @ 1
[   10.939262] initcall gpio_clk_driver_init+0x0/0xe returned 0 after 451 usecs
[   10.949964] calling  plt_clk_driver_init+0x0/0xe @ 1
[   10.958476] initcall plt_clk_driver_init+0x0/0xe returned 0 after 1138 usecs
[   10.970381] calling  virtio_pci_driver_init+0x0/0x15 @ 1
[   10.978988] initcall virtio_pci_driver_init+0x0/0x15 returned 0 after 227 usecs
[   10.990637] calling  n_null_init+0x0/0x1e @ 1
[   10.997565] initcall n_null_init+0x0/0x1e returned 0 after 38 usecs
[   11.008137] calling  pty_init+0x0/0x1e8 @ 1
[   11.018430] initcall pty_init+0x0/0x1e8 returned 0 after 2327 usecs
[   11.030889] calling  sysrq_init+0x0/0x62 @ 1
[   11.039728] initcall sysrq_init+0x0/0x62 returned 0 after 398 usecs
[   11.049768] calling  serial8250_init+0x0/0x17e @ 1
[   11.057829] Serial: 8250/16550 driver, 4 ports, IRQ sharing enabled
[   11.072145] 00:03: ttyS0 at I/O 0x3f8 (irq = 4, base_baud = 115200) is a 16550A
[   11.123168] initcall serial8250_init+0x0/0x17e returned 0 after 63841 usecs
[   11.134324] calling  serial_pci_driver_init+0x0/0x15 @ 1
[   11.142506] initcall serial_pci_driver_init+0x0/0x15 returned 0 after 310 usecs
[   11.153451] calling  exar_pci_driver_init+0x0/0x15 @ 1
[   11.161450] initcall exar_pci_driver_init+0x0/0x15 returned 0 after 97 usecs
[   11.172684] calling  lpss8250_pci_driver_init+0x0/0x15 @ 1
[   11.180987] initcall lpss8250_pci_driver_init+0x0/0x15 returned 0 after 246 usecs
[   11.192344] calling  mid8250_pci_driver_init+0x0/0x15 @ 1
[   11.200491] initcall mid8250_pci_driver_init+0x0/0x15 returned 0 after 34 usecs
[   11.210952] calling  virtio_console_init+0x0/0xff @ 1
[   11.220764] initcall virtio_console_init+0x0/0xff returned 0 after 2642 usecs
[   11.230857] calling  hpet_init+0x0/0x64 @ 1
[   11.247754] initcall hpet_init+0x0/0x64 returned 0 after 10911 usecs
[   11.258056] calling  nvram_module_init+0x0/0x83 @ 1
[   11.268608] Non-volatile memory driver v1.3
[   11.275050] initcall nvram_module_init+0x0/0x83 returned 0 after 9589 usecs
[   11.286463] calling  hwrng_modinit+0x0/0x8a @ 1
[   11.297326] initcall hwrng_modinit+0x0/0x8a returned 0 after 1280 usecs
[   11.307543] calling  mod_init+0x0/0x48 @ 1
[   11.314323] initcall mod_init+0x0/0x48 returned -19 after 330 usecs
[   11.323776] calling  agp_init+0x0/0x23 @ 1
[   11.330782] Linux agpgart interface v0.103
[   11.337625] initcall agp_init+0x0/0x23 returned 0 after 7081 usecs
[   11.348626] calling  agp_amd64_mod_init+0x0/0x5 @ 1
[   11.356535] initcall agp_amd64_mod_init+0x0/0x5 returned -19 after 475 usecs
[   11.367370] calling  agp_intel_init+0x0/0x28 @ 1
[   11.378788] initcall agp_intel_init+0x0/0x28 returned 0 after 2619 usecs
[   11.389014] calling  drm_kms_helper_init+0x0/0x7 @ 1
[   11.396562] initcall drm_kms_helper_init+0x0/0x7 returned 0 after 108 usecs
[   11.406865] calling  drm_core_init+0x0/0xa4 @ 1
[   11.416202] initcall drm_core_init+0x0/0xa4 returned 0 after 2231 usecs
[   11.426011] calling  i915_init+0x0/0x6b @ 1
[   11.435684] initcall i915_init+0x0/0x6b returned 0 after 1261 usecs
[   11.445993] calling  cn_proc_init+0x0/0x35 @ 1
[   11.453431] initcall cn_proc_init+0x0/0x35 returned 0 after 776 usecs
[   11.462437] calling  topology_sysfs_init+0x0/0x27 @ 1
[   11.472053] initcall topology_sysfs_init+0x0/0x27 returned 0 after 2043 usecs
[   11.482419] calling  cacheinfo_sysfs_init+0x0/0x27 @ 1
[   11.526602] initcall cacheinfo_sysfs_init+0x0/0x27 returned 0 after 35694 usecs
[   11.538107] calling  loop_init+0x0/0x168 @ 1
[   11.836135] loop: module loaded
[   11.843602] initcall loop_init+0x0/0x168 returned 0 after 291479 usecs
[   11.855490] calling  mac_hid_init+0x0/0x21 @ 1
[   11.863737] initcall mac_hid_init+0x0/0x21 returned 0 after 485 usecs
[   11.875262] calling  spi_transport_init+0x0/0x74 @ 1
[   11.886188] initcall spi_transport_init+0x0/0x74 returned 0 after 1486 usecs
[   11.897816] calling  init_sd+0x0/0x18c @ 1
[   11.904504] initcall init_sd+0x0/0x18c returned 0 after 881 usecs
[   11.912888] calling  init_sr+0x0/0x43 @ 1
[   11.919450] initcall init_sr+0x0/0x43 returned 0 after 16 usecs
[   11.929614] calling  init_sg+0x0/0x1c0 @ 1
[   11.938734] initcall init_sg+0x0/0x1c0 returned 0 after 352 usecs
[   11.947516] calling  ahci_pci_driver_init+0x0/0x15 @ 1
[   11.956213] ahci 0000:00:1f.2: version 3.0
[   11.990223] PCI Interrupt Link [GSIA] enabled at IRQ 16
[   12.023762] ahci 0000:00:1f.2: AHCI 0001.0000 32 slots 6 ports 1.5 Gbps 0x3f impl SATA mode
[   12.037362] ahci 0000:00:1f.2: flags: 64bit ncq only 
[   12.116246] scsi host0: ahci
[   12.132840] scsi host1: ahci
[   12.148517] scsi host2: ahci
[   12.162265] scsi host3: ahci
[   12.180357] scsi host4: ahci
[   12.197218] scsi host5: ahci
[   12.204105] ata1: SATA max UDMA/133 abar m4096@0xfebf1000 port 0xfebf1100 irq 24
[   12.215696] ata2: SATA max UDMA/133 abar m4096@0xfebf1000 port 0xfebf1180 irq 24
[   12.227993] ata3: SATA max UDMA/133 abar m4096@0xfebf1000 port 0xfebf1200 irq 24
[   12.239290] ata4: SATA max UDMA/133 abar m4096@0xfebf1000 port 0xfebf1280 irq 24
[   12.251074] ata5: SATA max UDMA/133 abar m4096@0xfebf1000 port 0xfebf1300 irq 24
[   12.263189] ata6: SATA max UDMA/133 abar m4096@0xfebf1000 port 0xfebf1380 irq 24
[   12.277741] initcall ahci_pci_driver_init+0x0/0x15 returned 0 after 315065 usecs
[   12.289731] calling  piix_init+0x0/0x26 @ 1
[   12.298604] initcall piix_init+0x0/0x26 returned 0 after 472 usecs
[   12.308251] calling  amd_pci_driver_init+0x0/0x15 @ 1
[   12.316481] initcall amd_pci_driver_init+0x0/0x15 returned 0 after 26 usecs
[   12.327215] calling  oldpiix_pci_driver_init+0x0/0x15 @ 1
[   12.335284] initcall oldpiix_pci_driver_init+0x0/0x15 returned 0 after 78 usecs
[   12.346781] calling  sch_pci_driver_init+0x0/0x15 @ 1
[   12.355189] initcall sch_pci_driver_init+0x0/0x15 returned 0 after 170 usecs
[   12.366130] calling  net_olddevs_init+0x0/0x55 @ 1
[   12.373701] initcall net_olddevs_init+0x0/0x55 returned 0 after 221 usecs
[   12.384095] calling  blackhole_netdev_init+0x0/0x78 @ 1
[   12.394714] initcall blackhole_netdev_init+0x0/0x78 returned 0 after 2246 usecs
[   12.406305] calling  phy_module_init+0x0/0x13 @ 1
[   12.415124] initcall phy_module_init+0x0/0x13 returned 0 after 862 usecs
[   12.426314] calling  tg3_driver_init+0x0/0x15 @ 1
[   12.433692] initcall tg3_driver_init+0x0/0x15 returned 0 after 182 usecs
[   12.443510] calling  e100_init_module+0x0/0x4c @ 1
[   12.450266] e100: Intel(R) PRO/100 Network Driver
[   12.457086] e100: Copyright(c) 1999-2006 Intel Corporation
[   12.465494] initcall e100_init_module+0x0/0x4c returned 0 after 14865 usecs
[   12.476370] calling  e1000_init_module+0x0/0x72 @ 1
[   12.484323] e1000: Intel(R) PRO/1000 Network Driver
[   12.493641] e1000: Copyright (c) 1999-2006 Intel Corporation.
[   12.502448] initcall e1000_init_module+0x0/0x72 returned 0 after 17779 usecs
[   12.513089] calling  e1000_init_module+0x0/0x2d @ 1
[   12.520925] e1000e: Intel(R) PRO/1000 Network Driver
[   12.527874] e1000e: Copyright(c) 1999 - 2015 Intel Corporation.
[   12.536603] initcall e1000_init_module+0x0/0x2d returned 0 after 15304 usecs
[   12.547297] calling  sky2_init_module+0x0/0x21 @ 1
[   12.554306] sky2: driver version 1.30
[   12.559796] initcall sky2_init_module+0x0/0x21 returned 0 after 5359 usecs
[   12.570085] calling  forcedeth_pci_driver_init+0x0/0x15 @ 1
[   12.578367] initcall forcedeth_pci_driver_init+0x0/0x15 returned 0 after 38 usecs
[   12.584635] ata1: SATA link down (SStatus 0 SControl 300)
[   12.589713] calling  rtl8139_init_module+0x0/0x15 @ 1
[   12.590107] initcall rtl8139_init_module+0x0/0x15 returned 0 after 380 usecs
[   12.590109] calling  rtl8169_pci_driver_init+0x0/0x15 @ 1
[   12.590198] initcall rtl8169_pci_driver_init+0x0/0x15 returned 0 after 84 usecs
[   12.590200] calling  cdrom_init+0x0/0xc @ 1
[   12.590286] initcall cdrom_init+0x0/0xc returned 0 after 82 usecs
[   12.605933] ata3: SATA link up 1.5 Gbps (SStatus 113 SControl 300)
[   12.615334] calling  nonstatic_sysfs_init+0x0/0xc @ 1
[   12.615416] initcall nonstatic_sysfs_init+0x0/0xc returned 0 after 76 usecs
[   12.630752] ata5: SATA link down (SStatus 0 SControl 300)
[   12.635340] calling  yenta_cardbus_driver_init+0x0/0x15 @ 1
[   12.646223] ata4: SATA link down (SStatus 0 SControl 300)
[   12.650757] initcall yenta_cardbus_driver_init+0x0/0x15 returned 0 after 217 usecs
[   12.663514] ata2: SATA link down (SStatus 0 SControl 300)
[   12.667744] calling  mon_init+0x0/0x12d @ 1
[   12.681673] ata6: SATA link down (SStatus 0 SControl 300)
[   12.689441] initcall mon_init+0x0/0x12d returned 0 after 3329 usecs
[   12.697533] ata3.00: ATAPI: QEMU DVD-ROM, 2.5+, max UDMA/100
[   12.702862] calling  ehci_hcd_init+0x0/0x56 @ 1
[   12.714436] ata3.00: applying bridge limits
[   12.722223] ehci_hcd: USB 2.0 'Enhanced' Host Controller (EHCI) Driver
[   12.733125] ata3.00: configured for UDMA/100
[   12.737641] initcall ehci_hcd_init+0x0/0x56 returned 0 after 15206 usecs
[   12.737645] calling  ehci_pci_init+0x0/0x64 @ 1
[   12.737646] ehci-pci: EHCI PCI platform driver
[   12.737748] initcall ehci_pci_init+0x0/0x64 returned 0 after 97 usecs
[   12.757339] scsi 2:0:0:0: CD-ROM            QEMU     QEMU DVD-ROM     2.5+ PQ: 0 ANSI: 5
[   12.758666] calling  ohci_hcd_mod_init+0x0/0x4e @ 1
[   12.849700] ohci_hcd: USB 1.1 'Open' Host Controller (OHCI) Driver
[   12.860068] initcall ohci_hcd_mod_init+0x0/0x4e returned 0 after 10138 usecs
[   12.866730] sr 2:0:0:0: [sr0] scsi3-mmc drive: 4x/4x cd/rw xa/form2 tray
[   12.872604] calling  ohci_pci_init+0x0/0x64 @ 1
[   12.872610] ohci-pci: OHCI PCI platform driver
[   12.883532] cdrom: Uniform CD-ROM driver Revision: 3.20
[   12.891128] initcall ohci_pci_init+0x0/0x64 returned 0 after 18082 usecs
[   12.918852] calling  uhci_hcd_init+0x0/0xa8 @ 1
[   12.927398] uhci_hcd: USB Universal Host Controller Interface driver
[   12.938199] initcall uhci_hcd_init+0x0/0xa8 returned 0 after 11081 usecs
[   12.950024] calling  xhci_hcd_init+0x0/0x1e @ 1
[   12.959001] initcall xhci_hcd_init+0x0/0x1e returned 0 after 40 usecs
[   12.968587] sr 2:0:0:0: Attached scsi CD-ROM sr0
[   12.969534] calling  xhci_pci_init+0x0/0x49 @ 1
[   12.969753] initcall xhci_pci_init+0x0/0x49 returned 0 after 209 usecs
[   12.978495] sr 2:0:0:0: Attached scsi generic sg0 type 5
[   12.984868] calling  usblp_driver_init+0x0/0x15 @ 1
[   13.011402] usbcore: registered new interface driver usblp
[   13.020752] initcall usblp_driver_init+0x0/0x15 returned 0 after 9435 usecs
[   13.032089] calling  usb_storage_driver_init+0x0/0x2a @ 1
[   13.041221] usbcore: registered new interface driver usb-storage
[   13.051512] initcall usb_storage_driver_init+0x0/0x2a returned 0 after 10129 usecs
[   13.063927] calling  i8042_init+0x0/0x4c2 @ 1
[   13.072098] i8042: PNP: PS/2 Controller [PNP0303:KBD,PNP0f13:MOU] at 0x60,0x64 irq 1,12
[   13.104434] serio: i8042 KBD port at 0x60,0x64 irq 1
[   13.112111] serio: i8042 AUX port at 0x60,0x64 irq 12
[   13.119135] initcall i8042_init+0x0/0x4c2 returned 0 after 46546 usecs
[   13.128962] calling  serport_init+0x0/0x2c @ 1
[   13.135562] initcall serport_init+0x0/0x2c returned 0 after 1 usecs
[   13.144985] calling  input_leds_init+0x0/0xc @ 1
[   13.152010] initcall input_leds_init+0x0/0xc returned 0 after 2 usecs
[   13.162596] calling  evdev_init+0x0/0xc @ 1
[   13.169001] initcall evdev_init+0x0/0xc returned 0 after 278 usecs
[   13.178340] calling  atkbd_init+0x0/0x21 @ 1
[   13.187172] initcall atkbd_init+0x0/0x21 returned 0 after 1898 usecs
[   13.201474] calling  psmouse_init+0x0/0x7f @ 1
[   13.211288] initcall psmouse_init+0x0/0x7f returned 0 after 1555 usecs
[   13.223343] calling  cmos_init+0x0/0x73 @ 1
[   13.233448] input: AT Translated Set 2 keyboard as /devices/platform/i8042/serio0/input/input1
[   13.253067] rtc_cmos 00:04: RTC can wake from S4
[   13.285684] rtc_cmos 00:04: registered as rtc0
[   13.303437] rtc_cmos 00:04: alarms up to one day, y3k, 242 bytes nvram, hpet irqs
[   13.317599] initcall cmos_init+0x0/0x73 returned 0 after 82270 usecs
[   13.333658] calling  smbalert_driver_init+0x0/0xe @ 1
[   13.343377] initcall smbalert_driver_init+0x0/0xe returned 0 after 811 usecs
[   13.357268] calling  i2c_i801_init+0x0/0xc5 @ 1
[   13.373926] i801_smbus 0000:00:1f.3: SMBus using PCI interrupt
[   13.386637] i2c i2c-0: 1/1 memory slots populated (from DMI)
[   13.395749] i2c i2c-0: Memory type 0x07 not supported yet, not instantiating SPD
[   13.411193] initcall i2c_i801_init+0x0/0xc5 returned 0 after 44593 usecs
[   13.422651] calling  ptp_kvm_init+0x0/0xf0 @ 1
[   13.430568] initcall ptp_kvm_init+0x0/0xf0 returned 0 after 851 usecs
[   13.441561] calling  dm_init+0x0/0x3c @ 1
[   13.449270] device-mapper: ioctl: 4.43.0-ioctl (2020-10-01) initialised: dm-devel@redhat.com
[   13.460390] initcall dm_init+0x0/0x3c returned 0 after 12148 usecs
[   13.469130] calling  dm_mirror_init+0x0/0x29 @ 1
[   13.475268] initcall dm_mirror_init+0x0/0x29 returned 0 after 8 usecs
[   13.484158] calling  dm_dirty_log_init+0x0/0x4f @ 1
[   13.491250] initcall dm_dirty_log_init+0x0/0x4f returned 0 after 208 usecs
[   13.500314] calling  dm_zero_init+0x0/0x29 @ 1
[   13.507282] initcall dm_zero_init+0x0/0x29 returned 0 after 315 usecs
[   13.516496] calling  intel_pstate_init+0x0/0x50d @ 1
[   13.523061] intel_pstate: CPU model not supported
[   13.529289] initcall intel_pstate_init+0x0/0x50d returned -19 after 6151 usecs
[   13.538584] calling  haltpoll_init+0x0/0xc0 @ 1
[   13.545041] initcall haltpoll_init+0x0/0xc0 returned -19 after 25 usecs
[   13.554243] calling  efivars_sysfs_init+0x0/0x30 @ 1
[   13.561229] initcall efivars_sysfs_init+0x0/0x30 returned 0 after 93 usecs
[   13.570447] calling  esrt_sysfs_init+0x0/0x2a2 @ 1
[   13.577189] initcall esrt_sysfs_init+0x0/0x2a2 returned -38 after 29 usecs
[   13.586409] calling  hid_init+0x0/0x5c @ 1
[   13.592011] hid: raw HID events driver (C) Jiri Kosina
[   13.599552] initcall hid_init+0x0/0x5c returned 0 after 7431 usecs
[   13.608230] calling  hid_generic_init+0x0/0x15 @ 1
[   13.615156] initcall hid_generic_init+0x0/0x15 returned 0 after 110 usecs
[   13.625012] calling  a4_driver_init+0x0/0x15 @ 1
[   13.631948] initcall a4_driver_init+0x0/0x15 returned 0 after 40 usecs
[   13.642054] calling  apple_driver_init+0x0/0x15 @ 1
[   13.649269] initcall apple_driver_init+0x0/0x15 returned 0 after 281 usecs
[   13.659892] calling  belkin_driver_init+0x0/0x15 @ 1
[   13.667997] initcall belkin_driver_init+0x0/0x15 returned 0 after 347 usecs
[   13.678363] calling  ch_driver_init+0x0/0x15 @ 1
[   13.719852] initcall ch_driver_init+0x0/0x15 returned 0 after 7820 usecs
[   13.737381] calling  ch_driver_init+0x0/0x15 @ 1
[   13.747774] initcall ch_driver_init+0x0/0x15 returned 0 after 1609 usecs
[   13.763467] calling  cp_driver_init+0x0/0x15 @ 1
[   13.771478] initcall cp_driver_init+0x0/0x15 returned 0 after 358 usecs
[   13.793527] calling  ez_driver_init+0x0/0x15 @ 1
[   13.802629] initcall ez_driver_init+0x0/0x15 returned 0 after 295 usecs
[   13.814421] calling  gyration_driver_init+0x0/0x15 @ 1
[   13.827327] initcall gyration_driver_init+0x0/0x15 returned 0 after 263 usecs
[   13.841988] calling  ite_driver_init+0x0/0x15 @ 1
[   13.850401] initcall ite_driver_init+0x0/0x15 returned 0 after 27 usecs
[   13.860890] calling  ks_driver_init+0x0/0x15 @ 1
[   13.875564] initcall ks_driver_init+0x0/0x15 returned 0 after 25 usecs
[   13.893132] calling  lg_driver_init+0x0/0x15 @ 1
[   13.900459] initcall lg_driver_init+0x0/0x15 returned 0 after 114 usecs
[   13.910413] calling  lg_g15_driver_init+0x0/0x15 @ 1
[   13.918016] initcall lg_g15_driver_init+0x0/0x15 returned 0 after 57 usecs
[   13.928231] calling  ms_driver_init+0x0/0x15 @ 1
[   13.935031] initcall ms_driver_init+0x0/0x15 returned 0 after 24 usecs
[   13.945953] calling  mr_driver_init+0x0/0x15 @ 1
[   13.953228] initcall mr_driver_init+0x0/0x15 returned 0 after 26 usecs
[   13.967729] calling  ntrig_driver_init+0x0/0x15 @ 1
[   13.975464] initcall ntrig_driver_init+0x0/0x15 returned 0 after 50 usecs
[   13.987539] calling  pl_driver_init+0x0/0x15 @ 1
[   13.997221] initcall pl_driver_init+0x0/0x15 returned 0 after 329 usecs
[   14.009739] calling  pl_driver_init+0x0/0x15 @ 1
[   14.021293] initcall pl_driver_init+0x0/0x15 returned 0 after 731 usecs
[   14.032346] calling  redragon_driver_init+0x0/0x15 @ 1
[   14.040956] initcall redragon_driver_init+0x0/0x15 returned 0 after 419 usecs
[   14.051795] calling  samsung_driver_init+0x0/0x15 @ 1
[   14.064914] initcall samsung_driver_init+0x0/0x15 returned 0 after 4706 usecs
[   14.069173] rcu-torture: rcu_torture_read_exit: End of episode
[   14.075483] calling  sony_init+0x0/0x38 @ 1
[   14.090509] initcall sony_init+0x0/0x38 returned 0 after 73 usecs
[   14.099839] calling  sp_driver_init+0x0/0x15 @ 1
[   14.107247] initcall sp_driver_init+0x0/0x15 returned 0 after 86 usecs
[   14.117522] calling  ts_driver_init+0x0/0x15 @ 1
[   14.125096] initcall ts_driver_init+0x0/0x15 returned 0 after 43 usecs
[   14.136017] calling  hid_init+0x0/0x58 @ 1
[   14.142689] usbcore: registered new interface driver usbhid
[   14.150144] usbhid: USB HID core driver
[   14.155913] initcall hid_init+0x0/0x58 returned 0 after 13351 usecs
[   14.165346] calling  eeepc_laptop_init+0x0/0x57 @ 1
