c[?7l[2J[0mSeaBIOS (version 1.16.0-debian-1.16.0-4)
Booting from ROM...
early console in setup code
c[?7l[2J[    0.000000] Linux version 5.10.152+ (root@joelboxx.c.googlers.com) (gcc (Debian 12.2.0-3) 12.2.0, GNU ld (GNU Binutils for Debian) 2.39) #6 SMP Tue Dec 13 08:13:24 UTC 2022
[    0.000000] Command line: selinux=0 initcall_debug debug console=ttyS0 rcutree.rcu_fanout_leaf=4 nohz_full=1-7 rcutorture.onoff_interval=1000 rcutorture.onoff_holdoff=30 rcutorture.n_barrier_cbs=4 rcutorture.stat_interval=15 rcutorture.shutdown_secs=1800 rcutorture.test_no_idle_hz=1 rcutorture.verbose=1
[    0.000000] x86/fpu: x87 FPU will use FXSAVE
[    0.000000] BIOS-provided physical RAM map:
[    0.000000] BIOS-e820: [mem 0x0000000000000000-0x000000000009fbff] usable
[    0.000000] BIOS-e820: [mem 0x000000000009fc00-0x000000000009ffff] reserved
[    0.000000] BIOS-e820: [mem 0x00000000000f0000-0x00000000000fffff] reserved
[    0.000000] BIOS-e820: [mem 0x0000000000100000-0x000000001ffdefff] usable
[    0.000000] BIOS-e820: [mem 0x000000001ffdf000-0x000000001fffffff] reserved
[    0.000000] BIOS-e820: [mem 0x00000000b0000000-0x00000000bfffffff] reserved
[    0.000000] BIOS-e820: [mem 0x00000000fed1c000-0x00000000fed1ffff] reserved
[    0.000000] BIOS-e820: [mem 0x00000000feffc000-0x00000000feffffff] reserved
[    0.000000] BIOS-e820: [mem 0x00000000fffc0000-0x00000000ffffffff] reserved
[    0.000000] NX (Execute Disable) protection: active
[    0.000000] SMBIOS 2.8 present.
[    0.000000] DMI: QEMU Standard PC (Q35 + ICH9, 2009), BIOS 1.16.0-debian-1.16.0-4 04/01/2014
[    0.000000] Hypervisor detected: KVM
[    0.000000] kvm-clock: Using msrs 4b564d01 and 4b564d00
[    0.000000] kvm-clock: cpu 0, msr 90a8001, primary cpu clock
[    0.000001] kvm-clock: using sched offset of 1947967051 cycles
[    0.000089] clocksource: kvm-clock: mask: 0xffffffffffffffff max_cycles: 0x1cd42e4dffb, max_idle_ns: 881590591483 ns
[    0.000239] tsc: Detected 1999.999 MHz processor
[    0.010630] e820: update [mem 0x00000000-0x00000fff] usable ==> reserved
[    0.010636] e820: remove [mem 0x000a0000-0x000fffff] usable
[    0.010643] last_pfn = 0x1ffdf max_arch_pfn = 0x400000000
[    0.011529] MTRR default type: write-back
[    0.011531] MTRR fixed ranges enabled:
[    0.011532]   00000-9FFFF write-back
[    0.011534]   A0000-BFFFF uncachable
[    0.011535]   C0000-FFFFF write-protect
[    0.011535] MTRR variable ranges enabled:
[    0.011537]   0 base 00C0000000 mask FFC0000000 uncachable
[    0.011538]   1 disabled
[    0.011539]   2 disabled
[    0.011539]   3 disabled
[    0.011540]   4 disabled
[    0.011541]   5 disabled
[    0.011541]   6 disabled
[    0.011542]   7 disabled
[    0.011905] x86/PAT: Configuration [0-7]: WB  WC  UC- UC  WB  WC  UC- UC  
[    0.021417] found SMP MP-table at [mem 0x000f5ba0-0x000f5baf]
[    0.024991] check: Scanning 1 areas for low memory corruption
[    0.037566] ACPI: Early table checksum verification disabled
[    0.039471] ACPI: RSDP 0x00000000000F59E0 000014 (v00 BOCHS )
[    0.039732] ACPI: RSDT 0x000000001FFE252A 000038 (v01 BOCHS  BXPC     00000001 BXPC 00000001)
[    0.040029] ACPI: FACP 0x000000001FFE22EA 0000F4 (v03 BOCHS  BXPC     00000001 BXPC 00000001)
[    0.040145] ACPI: DSDT 0x000000001FFE0040 0022AA (v01 BOCHS  BXPC     00000001 BXPC 00000001)
[    0.040150] ACPI: FACS 0x000000001FFE0000 000040
[    0.040154] ACPI: APIC 0x000000001FFE23DE 0000B0 (v01 BOCHS  BXPC     00000001 BXPC 00000001)
[    0.040159] ACPI: HPET 0x000000001FFE248E 000038 (v01 BOCHS  BXPC     00000001 BXPC 00000001)
[    0.040163] ACPI: MCFG 0x000000001FFE24C6 00003C (v01 BOCHS  BXPC     00000001 BXPC 00000001)
[    0.040167] ACPI: WAET 0x000000001FFE2502 000028 (v01 BOCHS  BXPC     00000001 BXPC 00000001)
[    0.040172] ACPI: Reserving FACP table memory at [mem 0x1ffe22ea-0x1ffe23dd]
[    0.040174] ACPI: Reserving DSDT table memory at [mem 0x1ffe0040-0x1ffe22e9]
[    0.040175] ACPI: Reserving FACS table memory at [mem 0x1ffe0000-0x1ffe003f]
[    0.040176] ACPI: Reserving APIC table memory at [mem 0x1ffe23de-0x1ffe248d]
[    0.040177] ACPI: Reserving HPET table memory at [mem 0x1ffe248e-0x1ffe24c5]
[    0.040178] ACPI: Reserving MCFG table memory at [mem 0x1ffe24c6-0x1ffe2501]
[    0.040179] ACPI: Reserving WAET table memory at [mem 0x1ffe2502-0x1ffe2529]
[    0.042611] ACPI: Local APIC address 0xfee00000
[    0.047484] No NUMA configuration found
[    0.047487] Faking a node at [mem 0x0000000000000000-0x000000001ffdefff]
[    0.047710] NODE_DATA(0) allocated [mem 0x1ffdb000-0x1ffdefff]
[    0.048815] Zone ranges:
[    0.048897]   DMA      [mem 0x0000000000001000-0x0000000000ffffff]
[    0.048900]   DMA32    [mem 0x0000000001000000-0x000000001ffdefff]
[    0.048902]   Normal   empty
[    0.048903] Movable zone start for each node
[    0.048904] Early memory node ranges
[    0.048989]   node   0: [mem 0x0000000000001000-0x000000000009efff]
[    0.049079]   node   0: [mem 0x0000000000100000-0x000000001ffdefff]
[    0.049267] Initmem setup node 0 [mem 0x0000000000001000-0x000000001ffdefff]
[    0.049269] On node 0 totalpages: 130941
[    0.049271]   DMA zone: 64 pages used for memmap
[    0.049272]   DMA zone: 21 pages reserved
[    0.049273]   DMA zone: 3998 pages, LIFO batch:0
[    0.049275]   DMA32 zone: 1984 pages used for memmap
[    0.049276]   DMA32 zone: 126943 pages, LIFO batch:31
[    0.050997] On node 0, zone DMA: 1 pages in unavailable ranges
[    0.055390] On node 0, zone DMA: 97 pages in unavailable ranges
[    0.261354] On node 0, zone DMA32: 33 pages in unavailable ranges
[    0.268387] ACPI: PM-Timer IO Port: 0x608
[    0.268570] ACPI: Local APIC address 0xfee00000
[    0.269499] ACPI: LAPIC_NMI (acpi_id[0xff] dfl dfl lint[0x1])
[    0.271403] IOAPIC[0]: apic_id 0, version 17, address 0xfec00000, GSI 0-23
[    0.271407] ACPI: INT_SRC_OVR (bus 0 bus_irq 0 global_irq 2 dfl dfl)
[    0.271477] ACPI: INT_SRC_OVR (bus 0 bus_irq 5 global_irq 5 high level)
[    0.271479] ACPI: INT_SRC_OVR (bus 0 bus_irq 9 global_irq 9 high level)
[    0.271736] ACPI: INT_SRC_OVR (bus 0 bus_irq 10 global_irq 10 high level)
[    0.271738] ACPI: INT_SRC_OVR (bus 0 bus_irq 11 global_irq 11 high level)
[    0.271740] ACPI: IRQ0 used by override.
[    0.271741] ACPI: IRQ5 used by override.
[    0.271742] ACPI: IRQ9 used by override.
[    0.271743] ACPI: IRQ10 used by override.
[    0.271744] ACPI: IRQ11 used by override.
[    0.271816] Using ACPI (MADT) for SMP configuration information
[    0.271818] ACPI: HPET id: 0x8086a201 base: 0xfed00000
[    0.273219] smpboot: Allowing 8 CPUs, 0 hotplug CPUs
[    0.275721] PM: hibernation: Registered nosave memory: [mem 0x00000000-0x00000fff]
[    0.275723] PM: hibernation: Registered nosave memory: [mem 0x0009f000-0x0009ffff]
[    0.275724] PM: hibernation: Registered nosave memory: [mem 0x000a0000-0x000effff]
[    0.275725] PM: hibernation: Registered nosave memory: [mem 0x000f0000-0x000fffff]
[    0.275812] [mem 0x20000000-0xafffffff] available for PCI devices
[    0.275975] Booting paravirtualized kernel on KVM
[    0.276931] clocksource: refined-jiffies: mask: 0xffffffff max_cycles: 0xffffffff, max_idle_ns: 1910969940391419 ns
[    0.327387] setup_percpu: NR_CPUS:8 nr_cpumask_bits:8 nr_cpu_ids:8 nr_node_ids:1
[    0.332338] percpu: Embedded 56 pages/cpu s191512 r8192 d29672 u262144
[    0.332348] pcpu-alloc: s191512 r8192 d29672 u262144 alloc=1*2097152
[    0.332350] pcpu-alloc: [0] 0 1 2 3 4 5 6 7 
[    0.332817] kvm-guest: stealtime: cpu 0, msr 1f41b600
[    0.333360] Built 1 zonelists, mobility grouping on.  Total pages: 128872
[    0.333362] Policy zone: DMA32
[    0.333471] Kernel command line: selinux=0 initcall_debug debug console=ttyS0 rcutree.rcu_fanout_leaf=4 nohz_full=1-7 rcutorture.onoff_interval=1000 rcutorture.onoff_holdoff=30 rcutorture.n_barrier_cbs=4 rcutorture.stat_interval=15 rcutorture.shutdown_secs=1800 rcutorture.test_no_idle_hz=1 rcutorture.verbose=1
[    0.354567] Dentry cache hash table entries: 65536 (order: 7, 524288 bytes, linear)
[    0.359796] Inode-cache hash table entries: 32768 (order: 6, 262144 bytes, linear)
[    0.360569] mem auto-init: stack:all(zero), heap alloc:off, heap free:off
[    0.368457] Memory: 479784K/523764K available (14349K kernel code, 2548K rwdata, 4708K rodata, 1504K init, 1480K bss, 43720K reserved, 0K cma-reserved)
[    0.369096] SLUB: HWalign=64, Order=0-3, MinObjects=0, CPUs=8, Nodes=1
[    0.369647] Kernel/User page tables isolation: enabled
[    0.379964] rcu: Hierarchical RCU implementation.
[    0.379966] rcu: 	RCU event tracing is enabled.
[    0.379967] rcu: 	CONFIG_RCU_FANOUT set to non-default value of 4.
[    0.379968] rcu: 	RCU dyntick-idle grace-period acceleration is enabled.
[    0.379969] rcu: 	Build-time adjustment of leaf fanout to 3.
[    0.379970] rcu: 	Boot-time adjustment of leaf fanout to 4.
[    0.379971] rcu: 	RCU debug extended QS entry/exit.
[    0.379972] 	Trampoline variant of Tasks RCU enabled.
[    0.379973] 	Rude variant of Tasks RCU enabled.
[    0.379974] 	Tracing variant of Tasks RCU enabled.
[    0.379976] rcu: RCU calculated value of scheduler-enlistment delay is 100 jiffies.
[    0.379977] rcu: Adjusting geometry for rcu_fanout_leaf=4, nr_cpu_ids=8
[    0.405267] NR_IRQS: 4352, nr_irqs: 488, preallocated irqs: 16
[    0.412355] NO_HZ: Full dynticks CPUs: 1-7.
[    0.412357] rcu: 	Offload RCU callbacks from CPUs: 1-7.
[    0.414936] calling  con_init+0x0/0x22a @ 0
[    0.602642] Console: colour VGA+ 80x25
[    0.602654] initcall con_init+0x0/0x22a returned 0 after 0 usecs
[    0.602657] calling  hvc_console_init+0x0/0x13 @ 0
[    0.602722] initcall hvc_console_init+0x0/0x13 returned 0 after 0 usecs
[    0.602724] calling  univ8250_console_init+0x0/0x26 @ 0
[    1.582208] printk: console [ttyS0] enabled
[    1.586953] initcall univ8250_console_init+0x0/0x26 returned 0 after 0 usecs
[    1.594858] ACPI: Core revision 20200925
[    1.600786] clocksource: hpet: mask: 0xffffffff max_cycles: 0xffffffff, max_idle_ns: 19112604467 ns
[    1.613261] APIC: Switch to symmetric I/O mode setup
[    1.639426] ..TIMER: vector=0x30 apic1=0 pin1=2 apic2=-1 pin2=-1
[    1.648171] clocksource: tsc-early: mask: 0xffffffffffffffff max_cycles: 0x39a85afc727, max_idle_ns: 881590685098 ns
[    1.662897] Calibrating delay loop (skipped) preset value.. 3999.99 BogoMIPS (lpj=1999999)
[    1.663898] pid_max: default: 32768 minimum: 301
[    1.664985] LSM: Security Framework initializing
[    1.666087] Mount-cache hash table entries: 1024 (order: 1, 8192 bytes, linear)
[    1.666930] Mountpoint-cache hash table entries: 1024 (order: 1, 8192 bytes, linear)
[    1.673985] Last level iTLB entries: 4KB 0, 2MB 0, 4MB 0
[    1.674912] Last level dTLB entries: 4KB 0, 2MB 0, 4MB 0, 1GB 0
[    1.675949] Spectre V1 : Mitigation: usercopy/swapgs barriers and __user pointer sanitization
[    1.676900] Spectre V2 : Mitigation: Retpolines
[    1.677896] Spectre V2 : Spectre v2 / SpectreRSB mitigation: Filling RSB on context switch
[    1.678896] Spectre V2 : Spectre v2 / SpectreRSB : Filling RSB on VMEXIT
[    1.679896] Speculative Store Bypass: Vulnerable
[    1.680901] MDS: Vulnerable: Clear CPU buffers attempted, no microcode
[    1.681895] MMIO Stale Data: Unknown: No mitigations
[    1.746183] Freeing SMP alternatives memory: 44K
[    1.850562] smpboot: CPU0: Intel Common KVM processor (family: 0xf, model: 0x6, stepping: 0x1)
[    1.852175] calling  init_hw_perf_events+0x0/0x6ce @ 1
[    1.852897] Performance Events: unsupported Netburst CPU model 6 no PMU driver, software events only.
[    1.853902] initcall init_hw_perf_events+0x0/0x6ce returned 0 after 976 usecs
[    1.854900] calling  init_real_mode+0x0/0x1e9 @ 1
[    1.856248] initcall init_real_mode+0x0/0x1e9 returned 0 after 0 usecs
[    1.856913] calling  trace_init_perf_perm_irq_work_exit+0x0/0x12 @ 1
[    1.857900] initcall trace_init_perf_perm_irq_work_exit+0x0/0x12 returned 0 after 0 usecs
[    1.859900] calling  validate_x2apic+0x0/0x4a @ 1
[    1.860921] initcall validate_x2apic+0x0/0x4a returned 0 after 0 usecs
[    1.861898] calling  register_nmi_cpu_backtrace_handler+0x0/0x15 @ 1
[    1.862898] initcall register_nmi_cpu_backtrace_handler+0x0/0x15 returned 0 after 0 usecs
[    1.863899] calling  kvm_setup_vsyscall_timeinfo+0x0/0xce @ 1
[    1.864899] initcall kvm_setup_vsyscall_timeinfo+0x0/0xce returned 0 after 0 usecs
[    1.865899] calling  spawn_ksoftirqd+0x0/0x38 @ 1
[    1.866984] initcall spawn_ksoftirqd+0x0/0x38 returned 0 after 0 usecs
[    1.867899] calling  migration_init+0x0/0x3c @ 1
[    1.868898] initcall migration_init+0x0/0x3c returned 0 after 0 usecs
[    1.869897] calling  srcu_bootup_announce+0x0/0x2f @ 1
[    1.870941] rcu: Hierarchical SRCU implementation.
[    1.871897] initcall srcu_bootup_announce+0x0/0x2f returned 0 after 976 usecs
[    1.872898] calling  rcu_spawn_gp_kthread+0x0/0x1dd @ 1
[    1.873989] initcall rcu_spawn_gp_kthread+0x0/0x1dd returned 0 after 0 usecs
[    1.874897] calling  check_cpu_stall_init+0x0/0x1a @ 1
[    1.875898] initcall check_cpu_stall_init+0x0/0x1a returned 0 after 0 usecs
[    1.876897] calling  rcu_sysrq_init+0x0/0x21 @ 1
[    1.877896] initcall rcu_sysrq_init+0x0/0x21 returned 0 after 0 usecs
[    1.878897] calling  trace_init_flags_sys_enter+0x0/0xe @ 1
[    1.879896] initcall trace_init_flags_sys_enter+0x0/0xe returned 0 after 0 usecs
[    1.880896] calling  trace_init_flags_sys_exit+0x0/0xe @ 1
[    1.881902] initcall trace_init_flags_sys_exit+0x0/0xe returned 0 after 0 usecs
[    1.882905] calling  cpu_stop_init+0x0/0x6e @ 1
[    1.884045] initcall cpu_stop_init+0x0/0x6e returned 0 after 0 usecs
[    1.884904] calling  init_kprobes+0x0/0x165 @ 1
[    1.886994] initcall init_kprobes+0x0/0x165 returned 0 after 976 usecs
[    1.887902] calling  init_events+0x0/0x3d @ 1
[    1.888909] initcall init_events+0x0/0x3d returned 0 after 0 usecs
[    1.889899] calling  init_trace_printk+0x0/0xc @ 1
[    1.890899] initcall init_trace_printk+0x0/0xc returned 0 after 0 usecs
[    1.891903] calling  event_trace_enable_again+0x0/0x23 @ 1
[    1.892904] initcall event_trace_enable_again+0x0/0x23 returned 0 after 0 usecs
[    1.893903] calling  static_call_init+0x0/0x77 @ 1
[    1.894901] initcall static_call_init+0x0/0x77 returned 0 after 0 usecs
[    1.895901] calling  jump_label_init_module+0x0/0xc @ 1
[    1.896900] initcall jump_label_init_module+0x0/0xc returned 0 after 0 usecs
[    1.897899] calling  init_zero_pfn+0x0/0x37 @ 1
[    1.898899] initcall init_zero_pfn+0x0/0x37 returned 0 after 0 usecs
[    1.899898] calling  initialize_ptr_random+0x0/0x54 @ 1
[    1.900898] initcall initialize_ptr_random+0x0/0x54 returned 0 after 0 usecs
[    1.901901] calling  efi_memreserve_root_init+0x0/0x25 @ 1
[    1.902914] initcall efi_memreserve_root_init+0x0/0x25 returned 0 after 0 usecs
[    1.903898] calling  efi_earlycon_remap_fb+0x0/0x51 @ 1
[    1.904898] initcall efi_earlycon_remap_fb+0x0/0x51 returned 0 after 0 usecs
[    1.906694] smp: Bringing up secondary CPUs ...
[    1.909254] x86: Booting SMP configuration:
[    1.909897] .... node  #0, CPUs:      #1
[    1.248349] kvm-clock: cpu 1, msr 90a8041, secondary cpu clock
[    1.937239] kvm-guest: stealtime: cpu 1, msr 1f45b600
[    1.951901]  #2
[    1.248349] kvm-clock: cpu 2, msr 90a8081, secondary cpu clock
[    1.975893] kvm-guest: stealtime: cpu 2, msr 1f49b600
[    1.991900]  #3
[    1.248349] kvm-clock: cpu 3, msr 90a80c1, secondary cpu clock
[    2.015325] kvm-guest: stealtime: cpu 3, msr 1f4db600
[    2.029206]  #4
[    1.248349] kvm-clock: cpu 4, msr 90a8101, secondary cpu clock
[    2.052307] kvm-guest: stealtime: cpu 4, msr 1f51b600
[    2.066642]  #5
[    1.248349] kvm-clock: cpu 5, msr 90a8141, secondary cpu clock
[    2.089260] kvm-guest: stealtime: cpu 5, msr 1f55b600
[    2.104299]  #6
[    1.248349] kvm-clock: cpu 6, msr 90a8181, secondary cpu clock
[    2.126219] kvm-guest: stealtime: cpu 6, msr 1f59b600
[    2.141376]  #7
[    1.248349] kvm-clock: cpu 7, msr 90a81c1, secondary cpu clock
[    2.163895] kvm-guest: stealtime: cpu 7, msr 1f5db600
[    2.177522] smp: Brought up 1 node, 8 CPUs
[    2.177899] smpboot: Max logical packages: 1
[    2.178896] smpboot: Total of 8 processors activated (31999.98 BogoMIPS)
[    2.185169] devtmpfs: initialized
[    2.186213] calling  ipc_ns_init+0x0/0x3d @ 1
[    2.186963] initcall ipc_ns_init+0x0/0x3d returned 0 after 0 usecs
[    2.187899] calling  init_mmap_min_addr+0x0/0x21 @ 1
[    2.188898] initcall init_mmap_min_addr+0x0/0x21 returned 0 after 0 usecs
[    2.189932] calling  pci_realloc_setup_params+0x0/0x3f @ 1
[    2.190901] initcall pci_realloc_setup_params+0x0/0x3f returned 0 after 0 usecs
[    2.191900] calling  net_ns_init+0x0/0x11c @ 1
[    2.193407] initcall net_ns_init+0x0/0x11c returned 0 after 0 usecs
[    2.193925] calling  e820__register_nvs_regions+0x0/0x37 @ 1
[    2.194900] initcall e820__register_nvs_regions+0x0/0x37 returned 0 after 0 usecs
[    2.195898] calling  cpufreq_register_tsc_scaling+0x0/0x2e @ 1
[    2.196898] initcall cpufreq_register_tsc_scaling+0x0/0x2e returned 0 after 0 usecs
[    2.197900] calling  reboot_init+0x0/0x3c @ 1
[    2.198962] initcall reboot_init+0x0/0x3c returned 0 after 0 usecs
[    2.199900] calling  init_lapic_sysfs+0x0/0x20 @ 1
[    2.200899] initcall init_lapic_sysfs+0x0/0x20 returned 0 after 0 usecs
[    2.201929] calling  alloc_frozen_cpus+0x0/0x7 @ 1
[    2.203897] initcall alloc_frozen_cpus+0x0/0x7 returned 0 after 0 usecs
[    2.204897] calling  cpu_hotplug_pm_sync_init+0x0/0x13 @ 1
[    2.205901] initcall cpu_hotplug_pm_sync_init+0x0/0x13 returned 0 after 0 usecs
[    2.206898] calling  wq_sysfs_init+0x0/0x2a @ 1
[    2.207970] initcall wq_sysfs_init+0x0/0x2a returned 0 after 0 usecs
[    2.208898] calling  ksysfs_init+0x0/0x92 @ 1
[    2.209906] initcall ksysfs_init+0x0/0x92 returned 0 after 0 usecs
[    2.210897] calling  schedutil_gov_init+0x0/0xc @ 1
[    2.211978] initcall schedutil_gov_init+0x0/0xc returned 0 after 0 usecs
[    2.212897] calling  pm_init+0x0/0x76 @ 1
[    2.214002] initcall pm_init+0x0/0x76 returned 0 after 0 usecs
[    2.214897] calling  pm_disk_init+0x0/0x13 @ 1
[    2.215901] initcall pm_disk_init+0x0/0x13 returned 0 after 0 usecs
[    2.216902] calling  swsusp_header_init+0x0/0x2b @ 1
[    2.217904] initcall swsusp_header_init+0x0/0x2b returned 0 after 0 usecs
[    2.218946] calling  rcu_set_runtime_mode+0x0/0x16 @ 1
[    2.220900] initcall rcu_set_runtime_mode+0x0/0x16 returned 0 after 0 usecs
[    2.221899] calling  init_jiffies_clocksource+0x0/0x13 @ 1
[    2.222898] clocksource: jiffies: mask: 0xffffffff max_cycles: 0xffffffff, max_idle_ns: 1911260446275000 ns
[    2.224900] initcall init_jiffies_clocksource+0x0/0x13 returned 0 after 1953 usecs
[    2.225899] calling  futex_init+0x0/0xf7 @ 1
[    2.226904] futex hash table entries: 2048 (order: 5, 131072 bytes, linear)
[    2.229408] initcall futex_init+0x0/0xf7 returned 0 after 1953 usecs
[    2.229903] calling  cgroup_wq_init+0x0/0x28 @ 1
[    2.230914] initcall cgroup_wq_init+0x0/0x28 returned 0 after 0 usecs
[    2.231900] calling  cgroup1_wq_init+0x0/0x28 @ 1
[    2.232908] initcall cgroup1_wq_init+0x0/0x28 returned 0 after 0 usecs
[    2.233899] calling  init_kprobe_trace_early+0x0/0x2a @ 1
[    2.234900] initcall init_kprobe_trace_early+0x0/0x2a returned 0 after 0 usecs
[    2.235899] calling  fsnotify_init+0x0/0x48 @ 1
[    2.236916] initcall fsnotify_init+0x0/0x48 returned 0 after 0 usecs
[    2.237898] calling  filelock_init+0x0/0x96 @ 1
[    2.238913] initcall filelock_init+0x0/0x96 returned 0 after 0 usecs
[    2.239900] calling  init_misc_binfmt+0x0/0x2c @ 1
[    2.240901] initcall init_misc_binfmt+0x0/0x2c returned 0 after 0 usecs
[    2.241898] calling  init_script_binfmt+0x0/0x15 @ 1
[    2.242898] initcall init_script_binfmt+0x0/0x15 returned 0 after 0 usecs
[    2.243899] calling  init_elf_binfmt+0x0/0x15 @ 1
[    2.244899] initcall init_elf_binfmt+0x0/0x15 returned 0 after 0 usecs
[    2.245903] calling  init_compat_elf_binfmt+0x0/0x15 @ 1
[    2.246899] initcall init_compat_elf_binfmt+0x0/0x15 returned 0 after 0 usecs
[    2.247903] calling  debugfs_init+0x0/0x5c @ 1
[    2.248986] initcall debugfs_init+0x0/0x5c returned 0 after 0 usecs
[    2.249899] calling  tracefs_init+0x0/0x3a @ 1
[    2.250913] initcall tracefs_init+0x0/0x3a returned 0 after 0 usecs
[    2.251899] calling  prandom_init_early+0x0/0x15d @ 1
[    2.252900] initcall prandom_init_early+0x0/0x15d returned 0 after 0 usecs
[    2.253985] calling  virtio_init+0x0/0x20 @ 1
[    2.254966] initcall virtio_init+0x0/0x20 returned 0 after 0 usecs
[    2.255901] calling  iommu_init+0x0/0x2a @ 1
[    2.256907] initcall iommu_init+0x0/0x2a returned 0 after 0 usecs
[    2.257900] calling  component_debug_init+0x0/0x1c @ 1
[    2.258960] initcall component_debug_init+0x0/0x1c returned 0 after 0 usecs
[    2.259899] calling  early_resume_init+0x0/0xb9 @ 1
[    2.261905] PM: RTC time: 08:31:07, date: 2022-12-13
[    2.262909] initcall early_resume_init+0x0/0xb9 returned 0 after 1953 usecs
[    2.263903] calling  cpufreq_core_init+0x0/0x62 @ 1
[    2.264914] initcall cpufreq_core_init+0x0/0x62 returned 0 after 0 usecs
[    2.265906] calling  cpufreq_gov_performance_init+0x0/0xc @ 1
[    2.266900] initcall cpufreq_gov_performance_init+0x0/0xc returned 0 after 0 usecs
[    2.267900] calling  cpufreq_gov_userspace_init+0x0/0xc @ 1
[    2.268900] initcall cpufreq_gov_userspace_init+0x0/0xc returned 0 after 0 usecs
[    2.269915] calling  CPU_FREQ_GOV_ONDEMAND_init+0x0/0xc @ 1
[    2.270899] initcall CPU_FREQ_GOV_ONDEMAND_init+0x0/0xc returned 0 after 0 usecs
[    2.271898] calling  cpuidle_init+0x0/0x1f @ 1
[    2.272921] initcall cpuidle_init+0x0/0x1f returned 0 after 0 usecs
[    2.273899] calling  capsule_reboot_register+0x0/0xc @ 1
[    2.274916] initcall capsule_reboot_register+0x0/0xc returned 0 after 0 usecs
[    2.275899] calling  sock_init+0x0/0x93 @ 1
[    2.278153] initcall sock_init+0x0/0x93 returned 0 after 976 usecs
[    2.278899] calling  net_inuse_init+0x0/0x23 @ 1
[    2.279903] initcall net_inuse_init+0x0/0x23 returned 0 after 0 usecs
[    2.280900] calling  net_defaults_init+0x0/0x23 @ 1
[    2.281901] initcall net_defaults_init+0x0/0x23 returned 0 after 0 usecs
[    2.282899] calling  init_default_flow_dissectors+0x0/0x4f @ 1
[    2.283916] initcall init_default_flow_dissectors+0x0/0x4f returned 0 after 0 usecs
[    2.284899] calling  netpoll_init+0x0/0x26 @ 1
[    2.285899] initcall netpoll_init+0x0/0x26 returned 0 after 0 usecs
[    2.286902] calling  netlink_proto_init+0x0/0x14f @ 1
[    2.288147] NET: Registered protocol family 16
[    2.288930] initcall netlink_proto_init+0x0/0x14f returned 0 after 976 usecs
[    2.289899] calling  genl_init+0x0/0x35 @ 1
[    2.290908] initcall genl_init+0x0/0x35 returned 0 after 0 usecs
[    2.291898] calling  bsp_pm_check_init+0x0/0x13 @ 1
[    2.292898] initcall bsp_pm_check_init+0x0/0x13 returned 0 after 0 usecs
[    2.293922] calling  irq_sysfs_init+0x0/0xb7 @ 1
[    2.295043] initcall irq_sysfs_init+0x0/0xb7 returned 0 after 0 usecs
[    2.295900] calling  audit_init+0x0/0x160 @ 1
[    2.296899] audit: initializing netlink subsys (disabled)
[    2.299529] initcall audit_init+0x0/0x160 returned 0 after 1953 usecs
[    2.299899] calling  release_early_probes+0x0/0x32 @ 1
[    2.301898] initcall release_early_probes+0x0/0x32 returned 0 after 0 usecs
[    2.302899] calling  bdi_class_init+0x0/0x48 @ 1
[    2.303918] initcall bdi_class_init+0x0/0x48 returned 0 after 0 usecs
[    2.304898] calling  mm_sysfs_init+0x0/0x28 @ 1
[    2.305902] initcall mm_sysfs_init+0x0/0x28 returned 0 after 0 usecs
[    2.306899] calling  init_per_zone_wmark_min+0x0/0x6d @ 1
[    2.307904] initcall init_per_zone_wmark_min+0x0/0x6d returned 0 after 0 usecs
[    2.308904] calling  mpi_init+0x0/0x3e @ 1
[    2.309986] initcall mpi_init+0x0/0x3e returned 0 after 0 usecs
[    2.310900] calling  kobject_uevent_init+0x0/0xc @ 1
[    2.311906] initcall kobject_uevent_init+0x0/0xc returned 0 after 0 usecs
[    2.312900] calling  pcibus_class_init+0x0/0x13 @ 1
[    2.313910] initcall pcibus_class_init+0x0/0x13 returned 0 after 0 usecs
[    2.314901] calling  pci_driver_init+0x0/0x21 @ 1
[    2.315940] initcall pci_driver_init+0x0/0x21 returned 0 after 0 usecs
[    2.316899] calling  backlight_class_init+0x0/0xa8 @ 1
[    2.317906] initcall backlight_class_init+0x0/0xa8 returned 0 after 0 usecs
[    2.318919] calling  tty_class_init+0x0/0x33 @ 1
[    2.319912] initcall tty_class_init+0x0/0x33 returned 0 after 0 usecs
[    2.320900] calling  vtconsole_class_init+0x0/0xb5 @ 1
[    2.321943] initcall vtconsole_class_init+0x0/0xb5 returned 0 after 0 usecs
[    2.322901] calling  iommu_dev_init+0x0/0x13 @ 1
[    2.323907] initcall iommu_dev_init+0x0/0x13 returned 0 after 0 usecs
[    2.324901] calling  mipi_dsi_bus_init+0x0/0xc @ 1
[    2.325936] initcall mipi_dsi_bus_init+0x0/0xc returned 0 after 0 usecs
[    2.326900] calling  devlink_class_init+0x0/0x40 @ 1
[    2.327908] initcall devlink_class_init+0x0/0x40 returned 0 after 0 usecs
[    2.328901] calling  software_node_init+0x0/0x2a @ 1
[    2.329910] initcall software_node_init+0x0/0x2a returned 0 after 0 usecs
[    2.330898] calling  wakeup_sources_debugfs_init+0x0/0x23 @ 1
[    2.331906] initcall wakeup_sources_debugfs_init+0x0/0x23 returned 0 after 0 usecs
[    2.332900] calling  wakeup_sources_sysfs_init+0x0/0x2c @ 1
[    2.333911] initcall wakeup_sources_sysfs_init+0x0/0x2c returned 0 after 0 usecs
[    2.334901] calling  register_node_type+0x0/0x13 @ 1
[    2.335935] initcall register_node_type+0x0/0x13 returned 0 after 0 usecs
[    2.336902] calling  regmap_initcall+0x0/0xc @ 1
[    2.337931] initcall regmap_initcall+0x0/0xc returned 0 after 0 usecs
[    2.338900] calling  i2c_init+0x0/0xb3 @ 1
[    2.340936] initcall i2c_init+0x0/0xb3 returned 0 after 976 usecs
[    2.341900] calling  thermal_init+0x0/0xf2 @ 1
[    2.342918] thermal_sys: Registered thermal governor 'step_wise'
[    2.342920] thermal_sys: Registered thermal governor 'user_space'
[    2.343915] initcall thermal_init+0x0/0xf2 returned 0 after 976 usecs
[    2.345902] calling  init_menu+0x0/0xc @ 1
[    2.347912] audit: type=2000 audit(1670920265.883:1): state=initialized audit_enabled=0 res=1
[    2.349032] cpuidle: using governor menu
[    2.354908] initcall init_menu+0x0/0xc returned 0 after 7812 usecs
[    2.361902] calling  pcc_init+0x0/0x4d @ 1
[    2.366903] initcall pcc_init+0x0/0x4d returned -19 after 0 usecs
[    2.375901] calling  amd_postcore_init+0x0/0x11e @ 1
[    2.382900] initcall amd_postcore_init+0x0/0x11e returned 0 after 0 usecs
[    2.390936] calling  bts_init+0x0/0xba @ 1
[    2.395900] initcall bts_init+0x0/0xba returned -19 after 0 usecs
[    2.403925] calling  pt_init+0x0/0x341 @ 1
[    2.408904] initcall pt_init+0x0/0x341 returned -19 after 0 usecs
[    2.416902] calling  boot_params_ksysfs_init+0x0/0x2ee @ 1
[    2.424065] initcall boot_params_ksysfs_init+0x0/0x2ee returned 0 after 0 usecs
[    2.432902] calling  sbf_init+0x0/0xea @ 1
[    2.437900] initcall sbf_init+0x0/0xea returned 0 after 0 usecs
[    2.444898] calling  arch_kdebugfs_init+0x0/0x219 @ 1
[    2.451998] initcall arch_kdebugfs_init+0x0/0x219 returned 0 after 0 usecs
[    2.460899] calling  intel_pconfig_init+0x0/0x85 @ 1
[    2.466899] initcall intel_pconfig_init+0x0/0x85 returned 0 after 0 usecs
[    2.474902] calling  mtrr_if_init+0x0/0x5d @ 1
[    2.480942] initcall mtrr_if_init+0x0/0x5d returned 0 after 0 usecs
[    2.488899] calling  activate_jump_labels+0x0/0x31 @ 1
[    2.496907] initcall activate_jump_labels+0x0/0x31 returned 0 after 0 usecs
[    2.506903] calling  ffh_cstate_init+0x0/0x29 @ 1
[    2.513907] initcall ffh_cstate_init+0x0/0x29 returned 0 after 0 usecs
[    2.522900] calling  activate_jump_labels+0x0/0x31 @ 1
[    2.530389] initcall activate_jump_labels+0x0/0x31 returned 0 after 0 usecs
[    2.538899] calling  kvm_alloc_cpumask+0x0/0x74 @ 1
[    2.544950] initcall kvm_alloc_cpumask+0x0/0x74 returned 0 after 0 usecs
[    2.552900] calling  kcmp_cookies_init+0x0/0x37 @ 1
[    2.558906] initcall kcmp_cookies_init+0x0/0x37 returned 0 after 0 usecs
[    2.566901] calling  cryptomgr_init+0x0/0xc @ 1
[    2.572990] initcall cryptomgr_init+0x0/0xc returned 0 after 0 usecs
[    2.580899] calling  acpi_pci_init+0x0/0x57 @ 1
[    2.584904] ACPI: bus type PCI registered
[    2.590906] initcall acpi_pci_init+0x0/0x57 returned 0 after 5859 usecs
[    2.598905] calling  dma_channel_table_init+0x0/0xd1 @ 1
[    2.604916] initcall dma_channel_table_init+0x0/0xd1 returned 0 after 0 usecs
[    2.613922] calling  dma_bus_init+0x0/0xdc @ 1
[    2.620148] initcall dma_bus_init+0x0/0xdc returned 0 after 0 usecs
[    2.628956] calling  iommu_dma_init+0x0/0x10 @ 1
[    2.633904] initcall iommu_dma_init+0x0/0x10 returned 0 after 0 usecs
[    2.641902] calling  dmi_id_init+0x0/0x37c @ 1
[    2.648128] initcall dmi_id_init+0x0/0x37c returned 0 after 0 usecs
[    2.655901] calling  pci_arch_init+0x0/0x71 @ 1
[    2.661914] PCI: MMCONFIG for domain 0000 [bus 00-ff] at [mem 0xb0000000-0xbfffffff] (base 0xb0000000)
[    2.672903] PCI: MMCONFIG at [mem 0xb0000000-0xbfffffff] reserved in E820
[    2.680918] PCI: Using configuration type 1 for base access
[    2.687946] initcall pci_arch_init+0x0/0x71 returned 0 after 26367 usecs
[    2.695927] calling  init_vdso+0x0/0x13 @ 1
[    2.700957] initcall init_vdso+0x0/0x13 returned 0 after 976 usecs
[    2.708902] calling  sysenter_setup+0x0/0x13 @ 1
[    2.714952] initcall sysenter_setup+0x0/0x13 returned 0 after 0 usecs
[    2.722948] calling  fixup_ht_bug+0x0/0xe5 @ 1
[    2.728900] initcall fixup_ht_bug+0x0/0xe5 returned 0 after 0 usecs
[    2.736903] calling  topology_init+0x0/0x88 @ 1
[    2.743029] initcall topology_init+0x0/0x88 returned 0 after 0 usecs
[    2.750902] calling  intel_epb_init+0x0/0x68 @ 1
[    2.756907] initcall intel_epb_init+0x0/0x68 returned -19 after 0 usecs
[    2.764900] calling  mtrr_init_finialize+0x0/0x3e @ 1
[    2.771902] initcall mtrr_init_finialize+0x0/0x3e returned 0 after 0 usecs
[    2.779926] calling  uid_cache_init+0x0/0x81 @ 1
[    2.785912] initcall uid_cache_init+0x0/0x81 returned 0 after 0 usecs
[    2.793902] calling  param_sysfs_init+0x0/0x1ba @ 1
[    2.804254] initcall param_sysfs_init+0x0/0x1ba returned 0 after 3906 usecs
[    2.812902] calling  user_namespace_sysctl_init+0x0/0x33 @ 1
[    2.819930] initcall user_namespace_sysctl_init+0x0/0x33 returned 0 after 0 usecs
[    2.829901] calling  proc_schedstat_init+0x0/0x24 @ 1
[    2.835905] initcall proc_schedstat_init+0x0/0x24 returned 0 after 0 usecs
[    2.845901] calling  pm_sysrq_init+0x0/0x18 @ 1
[    2.854989] initcall pm_sysrq_init+0x0/0x18 returned 0 after 2929 usecs
[    2.855905] calling  create_proc_profile+0x0/0xd0 @ 1
[    2.856904] initcall create_proc_profile+0x0/0xd0 returned 0 after 0 usecs
[    2.857904] calling  time_ns_init+0x0/0x7 @ 1
[    2.858901] initcall time_ns_init+0x0/0x7 returned 0 after 0 usecs
[    2.859901] calling  crash_save_vmcoreinfo_init+0x0/0x722 @ 1
[    2.861032] initcall crash_save_vmcoreinfo_init+0x0/0x722 returned 0 after 0 usecs
[    2.861909] calling  crash_notes_memory_init+0x0/0x35 @ 1
[    2.862917] initcall crash_notes_memory_init+0x0/0x35 returned 0 after 0 usecs
[    2.863900] calling  cgroup_sysfs_init+0x0/0x13 @ 1
[    2.864913] initcall cgroup_sysfs_init+0x0/0x13 returned 0 after 0 usecs
[    2.865904] calling  cgroup_namespaces_init+0x0/0x7 @ 1
[    2.866902] initcall cgroup_namespaces_init+0x0/0x7 returned 0 after 0 usecs
[    2.867904] calling  init_optprobes+0x0/0x13 @ 1
[    2.868898] Kprobes globally optimized
[    2.869900] initcall init_optprobes+0x0/0x13 returned 0 after 976 usecs
[    2.870900] calling  oom_init+0x0/0x2f @ 1
[    2.872066] initcall oom_init+0x0/0x2f returned 0 after 0 usecs
[    2.872900] calling  default_bdi_init+0x0/0xb3 @ 1
[    2.874905] initcall default_bdi_init+0x0/0xb3 returned 0 after 976 usecs
[    2.875900] calling  percpu_enable_async+0x0/0xe @ 1
[    2.876900] initcall percpu_enable_async+0x0/0xe returned 0 after 0 usecs
[    2.877900] calling  kcompactd_init+0x0/0x8d @ 1
[    2.879239] initcall kcompactd_init+0x0/0x8d returned 0 after 0 usecs
[    2.879947] calling  init_user_reserve+0x0/0x40 @ 1
[    2.880900] initcall init_user_reserve+0x0/0x40 returned 0 after 0 usecs
[    2.881900] calling  init_admin_reserve+0x0/0x40 @ 1
[    2.882900] initcall init_admin_reserve+0x0/0x40 returned 0 after 0 usecs
[    2.883901] calling  init_reserve_notifier+0x0/0x7 @ 1
[    2.884900] initcall init_reserve_notifier+0x0/0x7 returned 0 after 0 usecs
[    2.885920] calling  swap_init_sysfs+0x0/0x62 @ 1
[    2.886909] initcall swap_init_sysfs+0x0/0x62 returned 0 after 0 usecs
[    2.887900] calling  swapfile_init+0x0/0x94 @ 1
[    2.888900] initcall swapfile_init+0x0/0x94 returned 0 after 0 usecs
[    2.889931] calling  hugetlb_init+0x0/0x496 @ 1
[    2.892897] HugeTLB registered 2.00 MiB page size, pre-allocated 0 pages
[    2.893945] initcall hugetlb_init+0x0/0x496 returned 0 after 1953 usecs
[    2.894900] calling  io_wq_init+0x0/0x34 @ 1
[    2.895901] initcall io_wq_init+0x0/0x34 returned 0 after 0 usecs
[    2.896903] calling  seqiv_module_init+0x0/0xc @ 1
[    2.897904] initcall seqiv_module_init+0x0/0xc returned 0 after 0 usecs
[    2.898901] calling  echainiv_module_init+0x0/0xc @ 1
[    2.899900] initcall echainiv_module_init+0x0/0xc returned 0 after 0 usecs
[    2.900992] calling  rsa_init+0x0/0x50 @ 1
[    2.902046] cryptomgr_test (70) used greatest stack depth: 15504 bytes left
[    2.902912] initcall rsa_init+0x0/0x50 returned 0 after 976 usecs
[    2.903900] calling  crypto_cmac_module_init+0x0/0xc @ 1
[    2.904899] initcall crypto_cmac_module_init+0x0/0xc returned 0 after 0 usecs
[    2.905900] calling  hmac_module_init+0x0/0xc @ 1
[    2.906902] initcall hmac_module_init+0x0/0xc returned 0 after 0 usecs
[    2.907898] calling  crypto_null_mod_init+0x0/0x65 @ 1
[    2.909012] initcall crypto_null_mod_init+0x0/0x65 returned 0 after 0 usecs
[    2.909901] calling  md5_mod_init+0x0/0xc @ 1
[    2.912034] initcall md5_mod_init+0x0/0xc returned 0 after 976 usecs
[    2.912900] calling  sha256_generic_mod_init+0x0/0x11 @ 1
[    2.921644] initcall sha256_generic_mod_init+0x0/0x11 returned 0 after 5859 usecs
[    2.921981] calling  crypto_cbc_module_init+0x0/0xc @ 1
[    2.922903] initcall crypto_cbc_module_init+0x0/0xc returned 0 after 0 usecs
[    2.923901] calling  crypto_ctr_module_init+0x0/0x11 @ 1
[    2.924902] initcall crypto_ctr_module_init+0x0/0x11 returned 0 after 0 usecs
[    2.925901] calling  crypto_gcm_module_init+0x0/0x64 @ 1
[    2.927899] initcall crypto_gcm_module_init+0x0/0x64 returned 0 after 976 usecs
[    2.928899] calling  crypto_ccm_module_init+0x0/0x11 @ 1
[    2.929900] initcall crypto_ccm_module_init+0x0/0x11 returned 0 after 0 usecs
[    2.930899] calling  aes_init+0x0/0xc @ 1
[    2.932108] initcall aes_init+0x0/0xc returned 0 after 0 usecs
[    2.932927] calling  crc32c_mod_init+0x0/0xc @ 1
[    2.933938] initcall crc32c_mod_init+0x0/0xc returned 0 after 0 usecs
[    2.934899] calling  crypto_authenc_module_init+0x0/0xc @ 1
[    2.935903] initcall crypto_authenc_module_init+0x0/0xc returned 0 after 0 usecs
[    2.936903] calling  crypto_authenc_esn_module_init+0x0/0xc @ 1
[    2.937900] initcall crypto_authenc_esn_module_init+0x0/0xc returned 0 after 0 usecs
[    2.938898] calling  drbg_init+0x0/0x7c @ 1
[    2.941083] initcall drbg_init+0x0/0x7c returned 0 after 976 usecs
[    2.941901] calling  ghash_mod_init+0x0/0xc @ 1
[    2.942966] initcall ghash_mod_init+0x0/0xc returned 0 after 0 usecs
[    2.943901] calling  init_bio+0x0/0x9a @ 1
[    2.946088] initcall init_bio+0x0/0x9a returned 0 after 976 usecs
[    2.946899] calling  blk_settings_init+0x0/0x29 @ 1
[    2.947903] initcall blk_settings_init+0x0/0x29 returned 0 after 0 usecs
[    2.948900] calling  blk_ioc_init+0x0/0x29 @ 1
[    2.949903] initcall blk_ioc_init+0x0/0x29 returned 0 after 0 usecs
[    2.950899] calling  blk_mq_init+0x0/0xb9 @ 1
[    2.951943] initcall blk_mq_init+0x0/0xb9 returned 0 after 0 usecs
[    2.952898] calling  genhd_device_init+0x0/0x75 @ 1
[    2.956666] initcall genhd_device_init+0x0/0x75 returned 0 after 1953 usecs
[    2.957216] calling  pci_slot_init+0x0/0x40 @ 1
[    2.958002] initcall pci_slot_init+0x0/0x40 returned 0 after 0 usecs
[    2.958921] calling  fbmem_init+0x0/0xd8 @ 1
[    2.961455] initcall fbmem_init+0x0/0xd8 returned 0 after 976 usecs
[    2.961903] calling  acpi_init+0x0/0x319 @ 1
[    2.963356] ACPI: Added _OSI(Module Device)
[    2.963896] ACPI: Added _OSI(Processor Device)
[    2.964897] ACPI: Added _OSI(3.0 _SCP Extensions)
[    2.965896] ACPI: Added _OSI(Processor Aggregator Device)
[    2.966934] ACPI: Added _OSI(Linux-Dell-Video)
[    2.967897] ACPI: Added _OSI(Linux-Lenovo-NV-HDMI-Audio)
[    2.968897] ACPI: Added _OSI(Linux-HPI-Hybrid-Graphics)
[    2.974000] ACPI: 1 ACPI AML tables successfully acquired and loaded
[    2.980431] ACPI: Interpreter enabled
[    2.981060] ACPI: (supports S0 S3 S4 S5)
[    2.982002] ACPI: Using IOAPIC for interrupt routing
[    2.983109] PCI: Using host bridge windows from ACPI; if necessary, use "pci=nocrs" and report a bug
[    2.984233] ACPI: Enabled 2 GPEs in block 00 to 3F
[    2.992274] ACPI: PCI Root Bridge [PCI0] (domain 0000 [bus 00-ff])
[    2.993128] acpi PNP0A08:00: _OSC: OS supports [ExtendedConfig ASPM ClockPM Segments MSI HPX-Type3]
[    2.994022] acpi PNP0A08:00: _OSC: platform does not support [LTR]
[    2.995002] acpi PNP0A08:00: _OSC: OS now controls [PME PCIeCapability]
[    2.996237] PCI host bridge to bus 0000:00
[    2.996900] pci_bus 0000:00: root bus resource [io  0x0000-0x0cf7 window]
[    2.997900] pci_bus 0000:00: root bus resource [io  0x0d00-0xffff window]
[    2.999899] pci_bus 0000:00: root bus resource [mem 0x000a0000-0x000bffff window]
[    3.000898] pci_bus 0000:00: root bus resource [mem 0x20000000-0xafffffff window]
[    3.001898] pci_bus 0000:00: root bus resource [mem 0xc0000000-0xfebfffff window]
[    3.002899] pci_bus 0000:00: root bus resource [mem 0x100000000-0x8ffffffff window]
[    3.003902] pci_bus 0000:00: root bus resource [bus 00-ff]
[    3.005620] pci 0000:00:00.0: calling  quirk_mmio_always_on+0x0/0x10 @ 1
[    3.005902] pci 0000:00:00.0: quirk_mmio_always_on+0x0/0x10 took 0 usecs
[    3.006921] pci 0000:00:00.0: [8086:29c0] type 00 class 0x060000
[    3.012219] pci 0000:00:00.0: calling  quirk_igfx_skip_te_disable+0x0/0x80 @ 1
[    3.012920] pci 0000:00:00.0: quirk_igfx_skip_te_disable+0x0/0x80 took 0 usecs
[    3.015987] pci 0000:00:01.0: [1234:1111] type 00 class 0x030000
[    3.023147] pci 0000:00:01.0: reg 0x10: [mem 0xfd000000-0xfdffffff pref]
[    3.033696] pci 0000:00:01.0: reg 0x18: [mem 0xfebf0000-0xfebf0fff]
[    3.060892] pci 0000:00:01.0: reg 0x30: [mem 0xfebe0000-0xfebeffff pref]
[    3.064688] pci 0000:00:01.0: calling  efifb_fixup_resources+0x0/0xf0 @ 1
[    3.065902] pci 0000:00:01.0: efifb_fixup_resources+0x0/0xf0 took 976 usecs
[    3.081655] pci 0000:00:1f.0: [8086:2918] type 00 class 0x060100
[    3.088206] pci 0000:00:1f.0: calling  quirk_ich7_lpc+0x0/0x60 @ 1
[    3.090046] pci 0000:00:1f.0: quirk: [io  0x0600-0x067f] claimed by ICH6 ACPI/GPIO/TCO
[    3.092250] pci 0000:00:1f.0: quirk_ich7_lpc+0x0/0x60 took 2929 usecs
[    3.093077] pci 0000:00:1f.0: calling  quirk_igfx_skip_te_disable+0x0/0x80 @ 1
[    3.093925] pci 0000:00:1f.0: quirk_igfx_skip_te_disable+0x0/0x80 took 0 usecs
[    3.098212] pci 0000:00:1f.2: [8086:2922] type 00 class 0x010601
[    3.110901] pci 0000:00:1f.2: reg 0x20: [io  0xc040-0xc05f]
[    3.114500] pci 0000:00:1f.2: reg 0x24: [mem 0xfebf1000-0xfebf1fff]
[    3.116578] pci 0000:00:1f.2: calling  quirk_igfx_skip_te_disable+0x0/0x80 @ 1
[    3.116904] pci 0000:00:1f.2: quirk_igfx_skip_te_disable+0x0/0x80 took 0 usecs
[    3.121909] pci 0000:00:1f.3: [8086:2930] type 00 class 0x0c0500
[    3.129899] pci 0000:00:1f.3: reg 0x20: [io  0x0700-0x073f]
[    3.133602] pci 0000:00:1f.3: calling  quirk_igfx_skip_te_disable+0x0/0x80 @ 1
[    3.133902] pci 0000:00:1f.3: quirk_igfx_skip_te_disable+0x0/0x80 took 0 usecs
[    3.141770] ACPI: PCI Interrupt Link [LNKA] (IRQs 5 *10 11)
[    3.142347] ACPI: PCI Interrupt Link [LNKB] (IRQs 5 *10 11)
[    3.143338] ACPI: PCI Interrupt Link [LNKC] (IRQs 5 10 *11)
[    3.144342] ACPI: PCI Interrupt Link [LNKD] (IRQs 5 10 *11)
[    3.146028] ACPI: PCI Interrupt Link [LNKE] (IRQs 5 *10 11)
[    3.147912] ACPI: PCI Interrupt Link [LNKF] (IRQs 5 *10 11)
[    3.149325] ACPI: PCI Interrupt Link [LNKG] (IRQs 5 10 *11)
[    3.151225] ACPI: PCI Interrupt Link [LNKH] (IRQs 5 10 *11)
[    3.152107] ACPI: PCI Interrupt Link [GSIA] (IRQs *16)
[    3.152928] ACPI: PCI Interrupt Link [GSIB] (IRQs *17)
[    3.153910] ACPI: PCI Interrupt Link [GSIC] (IRQs *18)
[    3.155051] ACPI: PCI Interrupt Link [GSID] (IRQs *19)
[    3.155910] ACPI: PCI Interrupt Link [GSIE] (IRQs *20)
[    3.156930] ACPI: PCI Interrupt Link [GSIF] (IRQs *21)
[    3.157911] ACPI: PCI Interrupt Link [GSIG] (IRQs *22)
[    3.159010] ACPI: PCI Interrupt Link [GSIH] (IRQs *23)
[    3.172892] initcall acpi_init+0x0/0x319 returned 0 after 204101 usecs
[    3.175077] calling  pnp_init+0x0/0xc @ 1
[    3.176912] initcall pnp_init+0x0/0xc returned 0 after 976 usecs
[    3.177901] calling  misc_init+0x0/0xbf @ 1
[    3.179284] initcall misc_init+0x0/0xbf returned 0 after 0 usecs
[    3.179900] calling  iommu_subsys_init+0x0/0x4e @ 1
[    3.181411] iommu: Default domain type: Translated 
[    3.181900] initcall iommu_subsys_init+0x0/0x4e returned 0 after 976 usecs
[    3.182901] calling  vga_arb_device_init+0x0/0x261 @ 1
[    3.196643] pci 0000:00:01.0: vgaarb: setting as boot VGA device
[    3.196892] pci 0000:00:01.0: vgaarb: VGA device added: decodes=io+mem,owns=io+mem,locks=none
[    3.214902] pci 0000:00:01.0: vgaarb: bridge control possible
[    3.220903] vgaarb: loaded
[    3.225906] initcall vga_arb_device_init+0x0/0x261 returned 0 after 41015 usecs
[    3.234892] calling  cn_init+0x0/0xf0 @ 1
[    3.244388] initcall cn_init+0x0/0xf0 returned 0 after 4882 usecs
[    3.247904] calling  dma_buf_init+0x0/0xad @ 1
[    3.254583] initcall dma_buf_init+0x0/0xad returned 0 after 976 usecs
[    3.261900] calling  init_scsi+0x0/0x79 @ 1
[    3.269060] SCSI subsystem initialized
[    3.272899] initcall init_scsi+0x0/0x79 returned 0 after 5859 usecs
[    3.280901] calling  ata_init+0x0/0x332 @ 1
[    3.288045] libata version 3.00 loaded.
[    3.292900] initcall ata_init+0x0/0x332 returned 0 after 5859 usecs
[    3.300914] calling  phy_init+0x0/0x250 @ 1
[    3.306403] initcall phy_init+0x0/0x250 returned 0 after 0 usecs
[    3.313901] calling  init_pcmcia_cs+0x0/0x35 @ 1
[    3.319959] initcall init_pcmcia_cs+0x0/0x35 returned 0 after 0 usecs
[    3.327899] calling  usb_common_init+0x0/0x1c @ 1
[    3.333963] initcall usb_common_init+0x0/0x1c returned 0 after 0 usecs
[    3.341898] calling  usb_init+0x0/0x12e @ 1
[    3.347033] ACPI: bus type USB registered
[    3.352928] usbcore: registered new interface driver usbfs
[    3.359970] usbcore: registered new interface driver hub
[    3.365986] usbcore: registered new device driver usb
[    3.372903] initcall usb_init+0x0/0x12e returned 0 after 25390 usecs
[    3.380901] calling  serio_init+0x0/0x29 @ 1
[    3.385953] initcall serio_init+0x0/0x29 returned 0 after 0 usecs
[    3.394955] calling  input_init+0x0/0xf6 @ 1
[    3.400897] initcall input_init+0x0/0xf6 returned 0 after 0 usecs
[    3.407898] calling  rtc_init+0x0/0x4d @ 1
[    3.412921] initcall rtc_init+0x0/0x4d returned 0 after 0 usecs
[    3.420028] calling  pps_init+0x0/0xa9 @ 1
[    3.424918] pps_core: LinuxPPS API ver. 1 registered
[    3.430896] pps_core: Software ver. 5.3.6 - Copyright 2005-2007 Rodolfo Giometti <giometti@linux.it>
[    3.441900] initcall pps_init+0x0/0xa9 returned 0 after 16601 usecs
[    3.448902] calling  ptp_init+0x0/0x98 @ 1
[    3.453907] PTP clock support registered
[    3.458898] initcall ptp_init+0x0/0x98 returned 0 after 4882 usecs
[    3.465898] calling  power_supply_class_init+0x0/0x3f @ 1
[    3.473036] initcall power_supply_class_init+0x0/0x3f returned 0 after 0 usecs
[    3.481898] calling  hwmon_init+0x0/0x104 @ 1
[    3.485966] initcall hwmon_init+0x0/0x104 returned 0 after 0 usecs
[    3.493901] calling  md_init+0x0/0x16b @ 1
[    3.503902] initcall md_init+0x0/0x16b returned 0 after 3906 usecs
[    3.511899] calling  leds_init+0x0/0x3b @ 1
[    3.516957] initcall leds_init+0x0/0x3b returned 0 after 0 usecs
[    3.524900] calling  dmi_init+0x0/0x113 @ 1
[    3.532222] initcall dmi_init+0x0/0x113 returned 0 after 0 usecs
[    3.539904] calling  efisubsys_init+0x0/0x4e7 @ 1
[    3.545027] initcall efisubsys_init+0x0/0x4e7 returned 0 after 0 usecs
[    3.552901] calling  nvmem_init+0x0/0xc @ 1
[    3.554118] initcall nvmem_init+0x0/0xc returned 0 after 1953 usecs
[    3.560904] calling  init_soundcore+0x0/0x33 @ 1
[    3.567075] initcall init_soundcore+0x0/0x33 returned 0 after 0 usecs
[    3.577902] calling  alsa_sound_init+0x0/0x8f @ 1
[    3.585089] Advanced Linux Sound Architecture Driver Initialized.
[    3.589902] initcall alsa_sound_init+0x0/0x8f returned 0 after 5859 usecs
[    3.597902] calling  alsa_seq_device_init+0x0/0x71 @ 1
[    3.606938] initcall alsa_seq_device_init+0x0/0x71 returned 0 after 0 usecs
[    3.618903] calling  hda_bus_init+0x0/0xc @ 1
[    3.624171] initcall hda_bus_init+0x0/0xc returned 0 after 0 usecs
[    3.632910] calling  proto_init+0x0/0xc @ 1
[    3.640337] initcall proto_init+0x0/0xc returned 0 after 0 usecs
[    3.645901] calling  net_dev_init+0x0/0x209 @ 1
[    3.662126] initcall net_dev_init+0x0/0x209 returned 0 after 6835 usecs
[    3.669901] calling  neigh_init+0x0/0x84 @ 1
[    3.674902] initcall neigh_init+0x0/0x84 returned 0 after 0 usecs
[    3.685901] calling  fib_notifier_init+0x0/0xc @ 1
[    3.689906] initcall fib_notifier_init+0x0/0xc returned 0 after 0 usecs
[    3.698901] calling  fib_rules_init+0x0/0xab @ 1
[    3.705314] initcall fib_rules_init+0x0/0xab returned 0 after 0 usecs
[    3.712900] calling  pktsched_init+0x0/0x10e @ 1
[    3.719260] initcall pktsched_init+0x0/0x10e returned 0 after 0 usecs
[    3.728901] calling  tc_filter_init+0x0/0xfa @ 1
[    3.736117] initcall tc_filter_init+0x0/0xfa returned 0 after 0 usecs
[    3.745900] calling  tc_action_init+0x0/0x54 @ 1
[    3.751902] initcall tc_action_init+0x0/0x54 returned 0 after 0 usecs
[    3.759904] calling  ethnl_init+0x0/0x52 @ 1
[    3.766062] initcall ethnl_init+0x0/0x52 returned 0 after 0 usecs
[    3.772899] calling  nexthop_init+0x0/0xd8 @ 1
[    3.779075] initcall nexthop_init+0x0/0xd8 returned 0 after 0 usecs
[    3.786901] calling  cipso_v4_init+0x0/0x5d @ 1
[    3.793995] initcall cipso_v4_init+0x0/0x5d returned 0 after 0 usecs
[    3.801900] calling  ieee80211_init+0x0/0x24 @ 1
[    3.807965] initcall ieee80211_init+0x0/0x24 returned 0 after 0 usecs
[    3.816901] calling  netlbl_init+0x0/0x78 @ 1
[    3.818996] NetLabel: Initializing
[    3.823895] NetLabel:  domain hash size = 128
[    3.829895] NetLabel:  protocols = UNLABELED CIPSOv4 CALIPSO
[    3.836527] NetLabel:  unlabeled traffic allowed by default
[    3.844903] initcall netlbl_init+0x0/0x78 returned 0 after 25390 usecs
[    3.852902] calling  rfkill_init+0x0/0x111 @ 1
[    3.861935] initcall rfkill_init+0x0/0x111 returned 0 after 2929 usecs
[    3.870904] calling  pci_subsys_init+0x0/0x66 @ 1
[    3.877103] PCI: Using ACPI for IRQ routing
[    4.615896] PCI: pci_cache_line_size set to 64 bytes
[    4.622339] e820: reserve RAM buffer [mem 0x0009fc00-0x0009ffff]
[    4.629947] e820: reserve RAM buffer [mem 0x1ffdf000-0x1fffffff]
[    4.639026] initcall pci_subsys_init+0x0/0x66 returned 0 after 744140 usecs
[    4.651785] calling  nmi_warning_debugfs+0x0/0x26 @ 1
[    4.658967] initcall nmi_warning_debugfs+0x0/0x26 returned 0 after 0 usecs
[    4.669902] calling  save_microcode_in_initrd+0x0/0x51 @ 1
[    4.675966] initcall save_microcode_in_initrd+0x0/0x51 returned 0 after 976 usecs
[    4.684942] calling  hpet_late_init+0x0/0x207 @ 1
[    4.690972] hpet: 3 channels of 0 reserved for per-cpu timers
[    4.698062] hpet0: at MMIO 0xfed00000, IRQs 2, 8, 0
[    4.703898] hpet0: 3 comparators, 64-bit 100.000000 MHz counter
[    4.715921] initcall hpet_late_init+0x0/0x207 returned 0 after 24414 usecs
[    4.724903] calling  init_amd_nbs+0x0/0x11c @ 1
[    4.729943] initcall init_amd_nbs+0x0/0x11c returned 0 after 0 usecs
[    4.737900] calling  clocksource_done_booting+0x0/0x41 @ 1
[    4.747234] clocksource: Switched to clocksource kvm-clock
[    4.755449] initcall clocksource_done_booting+0x0/0x41 returned 0 after 10256 usecs
[    4.756162] calling  tracer_init_tracefs+0x0/0x242 @ 1
[    4.756162] initcall tracer_init_tracefs+0x0/0x242 returned 0 after 176470 usecs
[    4.756162] calling  init_trace_printk_function_export+0x0/0x2c @ 1
[    4.756162] initcall init_trace_printk_function_export+0x0/0x2c returned 0 after 78 usecs
[    4.756162] calling  init_kprobe_trace+0x0/0x1a9 @ 1
[    4.756162] initcall init_kprobe_trace+0x0/0x1a9 returned 0 after 83 usecs
[    4.756162] calling  init_dynamic_event+0x0/0x3d @ 1
[    4.756162] initcall init_dynamic_event+0x0/0x3d returned 0 after 55 usecs
[    4.756162] calling  init_uprobe_trace+0x0/0x5c @ 1
[    4.756162] initcall init_uprobe_trace+0x0/0x5c returned 0 after 142 usecs
[    4.756162] calling  init_pipe_fs+0x0/0x44 @ 1
[    4.756162] initcall init_pipe_fs+0x0/0x44 returned 0 after 494 usecs
[    4.756162] calling  inotify_user_setup+0x0/0x47 @ 1
[    4.756162] initcall inotify_user_setup+0x0/0x47 returned 0 after 56 usecs
[    4.756162] calling  eventpoll_init+0x0/0xd4 @ 1
[    4.756162] initcall eventpoll_init+0x0/0xd4 returned 0 after 104 usecs
[    4.756162] calling  anon_inode_init+0x0/0x58 @ 1
[    4.756162] initcall anon_inode_init+0x0/0x58 returned 0 after 291 usecs
[    4.756162] calling  proc_locks_init+0x0/0x27 @ 1
[    4.756162] initcall proc_locks_init+0x0/0x27 returned 0 after 324 usecs
[    4.756162] calling  iomap_init+0x0/0x1b @ 1
[    4.756162] initcall iomap_init+0x0/0x1b returned 0 after 809 usecs
[    4.756162] calling  dquot_init+0x0/0x106 @ 1
[    4.756162] VFS: Disk quotas dquot_6.6.0
[    4.756162] VFS: Dquot-cache hash table entries: 512 (order 0, 4096 bytes)
[    4.756162] initcall dquot_init+0x0/0x106 returned 0 after 13112 usecs
[    4.756162] calling  quota_init+0x0/0x23 @ 1
[    4.756162] initcall quota_init+0x0/0x23 returned 0 after 477 usecs
[    4.756162] calling  proc_cmdline_init+0x0/0x21 @ 1
[    4.756162] initcall proc_cmdline_init+0x0/0x21 returned 0 after 18 usecs
[    4.756162] calling  proc_consoles_init+0x0/0x24 @ 1
[    4.756162] initcall proc_consoles_init+0x0/0x24 returned 0 after 3 usecs
[    4.756162] calling  proc_cpuinfo_init+0x0/0x1e @ 1
[    4.756162] initcall proc_cpuinfo_init+0x0/0x1e returned 0 after 3 usecs
[    4.756162] calling  proc_devices_init+0x0/0x24 @ 1
[    4.756162] initcall proc_devices_init+0x0/0x24 returned 0 after 2 usecs
[    4.756162] calling  proc_interrupts_init+0x0/0x24 @ 1
[    4.756162] initcall proc_interrupts_init+0x0/0x24 returned 0 after 3 usecs
[    4.756162] calling  proc_loadavg_init+0x0/0x21 @ 1
[    4.756162] initcall proc_loadavg_init+0x0/0x21 returned 0 after 3 usecs
[    4.756162] calling  proc_meminfo_init+0x0/0x21 @ 1
[    4.756162] initcall proc_meminfo_init+0x0/0x21 returned 0 after 2 usecs
[    4.756162] calling  proc_stat_init+0x0/0x1e @ 1
[    4.756162] initcall proc_stat_init+0x0/0x1e returned 0 after 4 usecs
[    4.756162] calling  proc_uptime_init+0x0/0x21 @ 1
[    4.756162] initcall proc_uptime_init+0x0/0x21 returned 0 after 3 usecs
[    4.756162] calling  proc_version_init+0x0/0x21 @ 1
[    5.276532] initcall proc_version_init+0x0/0x21 returned 0 after 3 usecs
[    5.276532] calling  proc_softirqs_init+0x0/0x21 @ 1
[    5.276532] initcall proc_softirqs_init+0x0/0x21 returned 0 after 3 usecs
[    5.276532] calling  proc_kcore_init+0x0/0xea @ 1
[    5.276532] initcall proc_kcore_init+0x0/0xea returned 0 after 190 usecs
[    5.276532] calling  vmcore_init+0x0/0x578 @ 1
[    5.276532] initcall vmcore_init+0x0/0x578 returned 0 after 13 usecs
[    5.276532] calling  proc_kmsg_init+0x0/0x21 @ 1
[    5.276532] initcall proc_kmsg_init+0x0/0x21 returned 0 after 3 usecs
[    5.276532] calling  proc_page_init+0x0/0x3b @ 1
[    5.276532] initcall proc_page_init+0x0/0x3b returned 0 after 4 usecs
[    5.276532] calling  init_ramfs_fs+0x0/0xc @ 1
[    5.276532] initcall init_ramfs_fs+0x0/0xc returned 0 after 38 usecs
[    5.276532] calling  init_hugetlbfs_fs+0x0/0xf6 @ 1
[    5.276532] initcall init_hugetlbfs_fs+0x0/0xf6 returned 0 after 183 usecs
[    5.276532] calling  blk_scsi_ioctl_init+0x0/0x2a5 @ 1
[    5.276532] initcall blk_scsi_ioctl_init+0x0/0x2a5 returned 0 after 65 usecs
[    5.276532] calling  acpi_event_init+0x0/0x2c @ 1
[    5.276532] initcall acpi_event_init+0x0/0x2c returned 0 after 50 usecs
[    5.405307] calling  pnp_system_init+0x0/0xc @ 1
[    5.415258] initcall pnp_system_init+0x0/0xc returned 0 after 720 usecs
[    5.423362] calling  pnpacpi_init+0x0/0x69 @ 1
[    5.428805] pnp: PnP ACPI init
[    5.434464] pnp 00:00: Plug and Play ACPI device, IDs PNP0303 (active)
[    5.442311] pnp 00:01: Plug and Play ACPI device, IDs PNP0f13 (active)
[    5.450380] pnp 00:02: Plug and Play ACPI device, IDs PNP0400 (active)
[    5.458181] pnp 00:03: Plug and Play ACPI device, IDs PNP0501 (active)
[    5.466242] pnp 00:04: Plug and Play ACPI device, IDs PNP0b00 (active)
[    5.476696] system 00:05: [mem 0xb0000000-0xbfffffff window] has been reserved
[    5.485463] system 00:05: Plug and Play ACPI device, IDs PNP0c01 (active)
[    5.494796] pnp: PnP ACPI: found 6 devices
[    5.499666] initcall pnpacpi_init+0x0/0x69 returned 0 after 69206 usecs
[    5.507518] calling  chr_dev_init+0x0/0x14d @ 1
[    5.522142] initcall chr_dev_init+0x0/0x14d returned 0 after 9032 usecs
[    5.531312] calling  firmware_class_init+0x0/0xe7 @ 1
[    5.538633] initcall firmware_class_init+0x0/0xe7 returned 0 after 54 usecs
[    5.546876] calling  init_pcmcia_bus+0x0/0x5b @ 1
[    5.552541] initcall init_pcmcia_bus+0x0/0x5b returned 0 after 120 usecs
[    5.560298] calling  init_acpi_pm_clocksource+0x0/0xda @ 1
[    5.572077] clocksource: acpi_pm: mask: 0xffffff max_cycles: 0xffffff, max_idle_ns: 2085701024 ns
[    5.582410] initcall init_acpi_pm_clocksource+0x0/0xda returned 0 after 15380 usecs
[    5.591380] calling  sysctl_core_init+0x0/0x26 @ 1
[    5.598038] initcall sysctl_core_init+0x0/0x26 returned 0 after 262 usecs
[    5.606306] calling  eth_offload_init+0x0/0x13 @ 1
[    5.611988] initcall eth_offload_init+0x0/0x13 returned 0 after 14 usecs
[    5.619779] calling  ipv4_offload_init+0x0/0x73 @ 1
[    5.626501] initcall ipv4_offload_init+0x0/0x73 returned 0 after 136 usecs
[    5.634682] calling  inet_init+0x0/0x276 @ 1
[    5.640176] NET: Registered protocol family 2
[    5.650749] IP idents hash table entries: 8192 (order: 4, 65536 bytes, linear)
[    5.660447] tcp_listen_portaddr_hash hash table entries: 256 (order: 0, 4096 bytes, linear)
[    5.670017] TCP established hash table entries: 4096 (order: 3, 32768 bytes, linear)
[    5.678987] TCP bind hash table entries: 4096 (order: 4, 65536 bytes, linear)
[    5.688043] TCP: Hash tables configured (established 4096 bind 4096)
[    5.697795] UDP hash table entries: 256 (order: 1, 8192 bytes, linear)
[    5.705111] UDP-Lite hash table entries: 256 (order: 1, 8192 bytes, linear)
[    5.714149] initcall inet_init+0x0/0x276 returned 0 after 72534 usecs
[    5.723234] calling  af_unix_init+0x0/0x4d @ 1
[    5.729552] NET: Registered protocol family 1
[    5.735813] initcall af_unix_init+0x0/0x4d returned 0 after 6132 usecs
[    5.744913] calling  ipv6_offload_init+0x0/0x7e @ 1
[    5.751823] initcall ipv6_offload_init+0x0/0x7e returned 0 after 71 usecs
[    5.761196] calling  init_sunrpc+0x0/0x65 @ 1
[    5.771202] RPC: Registered named UNIX socket transport module.
[    5.778268] RPC: Registered udp transport module.
[    5.783621] RPC: Registered tcp transport module.
[    5.788893] RPC: Registered tcp NFSv4.1 backchannel transport module.
[    5.796051] initcall init_sunrpc+0x0/0x65 returned 0 after 27936 usecs
[    5.803373] calling  cfg80211_init+0x0/0xc5 @ 1
[    5.809252] initcall cfg80211_init+0x0/0xc5 returned 0 after 793 usecs
[    5.816526] calling  pcibios_assign_resources+0x0/0xbf @ 1
[    5.823116] pci_bus 0000:00: resource 4 [io  0x0000-0x0cf7 window]
[    5.830011] pci_bus 0000:00: resource 5 [io  0x0d00-0xffff window]
[    5.836877] pci_bus 0000:00: resource 6 [mem 0x000a0000-0x000bffff window]
[    5.844486] pci_bus 0000:00: resource 7 [mem 0x20000000-0xafffffff window]
[    5.852135] pci_bus 0000:00: resource 8 [mem 0xc0000000-0xfebfffff window]
[    5.859716] pci_bus 0000:00: resource 9 [mem 0x100000000-0x8ffffffff window]
[    5.867559] initcall pcibios_assign_resources+0x0/0xbf returned 0 after 43771 usecs
[    5.876108] calling  pci_apply_final_quirks+0x0/0x124 @ 1
[    5.882529] pci 0000:00:01.0: calling  pci_fixup_video+0x0/0xe0 @ 1
[    5.889856] pci 0000:00:01.0: Video device with shadowed ROM at [mem 0x000c0000-0x000dffff]
[    5.900609] pci 0000:00:01.0: pci_fixup_video+0x0/0xe0 took 10805 usecs
[    5.908326] PCI: CLS 0 bytes, default 64
[    5.912808] initcall pci_apply_final_quirks+0x0/0x124 returned 0 after 29850 usecs
[    5.921257] calling  acpi_reserve_resources+0x0/0xea @ 1
[    5.927504] initcall acpi_reserve_resources+0x0/0xea returned 0 after 27 usecs
[    5.935656] calling  populate_rootfs+0x0/0x102 @ 1
[    5.941878] initcall populate_rootfs+0x0/0x102 returned 0 after 746 usecs
[    5.949635] calling  pci_iommu_init+0x0/0x3e @ 1
[    5.955051] initcall pci_iommu_init+0x0/0x3e returned 0 after 80 usecs
[    5.964424] calling  ia32_binfmt_init+0x0/0x13 @ 1
[    5.971390] initcall ia32_binfmt_init+0x0/0x13 returned 0 after 7 usecs
[    5.980749] calling  rapl_pmu_init+0x0/0x267 @ 1
[    5.987372] initcall rapl_pmu_init+0x0/0x267 returned -19 after 38 usecs
[    5.996021] calling  amd_uncore_init+0x0/0x310 @ 1
[    6.001504] initcall amd_uncore_init+0x0/0x310 returned -19 after 0 usecs
[    6.009159] calling  amd_ibs_init+0x0/0x243 @ 1
[    6.014375] initcall amd_ibs_init+0x0/0x243 returned -19 after 0 usecs
[    6.021778] calling  amd_iommu_pc_init+0x0/0x215 @ 1
[    6.027598] initcall amd_iommu_pc_init+0x0/0x215 returned -19 after 26 usecs
[    6.035635] calling  msr_init+0x0/0x55 @ 1
[    6.040918] initcall msr_init+0x0/0x55 returned 0 after 328 usecs
[    6.048055] calling  intel_uncore_init+0x0/0x36f @ 1
[    6.053833] initcall intel_uncore_init+0x0/0x36f returned -19 after 40 usecs
[    6.061714] calling  cstate_pmu_init+0x0/0x1a1 @ 1
[    6.067226] initcall cstate_pmu_init+0x0/0x1a1 returned -19 after 0 usecs
[    6.074860] calling  register_kernel_offset_dumper+0x0/0x1a @ 1
[    6.081539] initcall register_kernel_offset_dumper+0x0/0x1a returned 0 after 11 usecs
[    6.090291] calling  i8259A_init_ops+0x0/0x20 @ 1
[    6.095673] initcall i8259A_init_ops+0x0/0x20 returned 0 after 1 usecs
[    6.103022] calling  init_tsc_clocksource+0x0/0xa4 @ 1
[    6.108847] clocksource: tsc: mask: 0xffffffffffffffff max_cycles: 0x39a85afc727, max_idle_ns: 881590685098 ns
[    6.120014] initcall init_tsc_clocksource+0x0/0xa4 returned 0 after 10905 usecs
[    6.128289] calling  add_rtc_cmos+0x0/0xb0 @ 1
[    6.133414] initcall add_rtc_cmos+0x0/0xb0 returned 0 after 48 usecs
[    6.140701] calling  i8237A_init_ops+0x0/0x3a @ 1
[    6.146217] initcall i8237A_init_ops+0x0/0x3a returned 0 after 63 usecs
[    6.153641] calling  umwait_init+0x0/0x94 @ 1
[    6.158829] initcall umwait_init+0x0/0x94 returned -19 after 68 usecs
[    6.166322] calling  thermal_throttle_init_device+0x0/0x3d @ 1
[    6.174485] initcall thermal_throttle_init_device+0x0/0x3d returned 0 after 27 usecs
[    6.185719] calling  msr_init+0x0/0xd7 @ 1
[    6.220742] initcall msr_init+0x0/0xd7 returned 0 after 28214 usecs
[    6.228054] calling  cpuid_init+0x0/0xd7 @ 1
[    6.241453] initcall cpuid_init+0x0/0xd7 returned 0 after 8262 usecs
[    6.248681] calling  ioapic_init_ops+0x0/0x13 @ 1
[    6.254167] initcall ioapic_init_ops+0x0/0x13 returned 0 after 31 usecs
[    6.261860] calling  add_pcspkr+0x0/0x6c @ 1
[    6.266777] initcall add_pcspkr+0x0/0x6c returned 0 after 34 usecs
[    6.273953] calling  start_periodic_check_for_corruption+0x0/0x30 @ 1
[    6.281254] check: Scanning for low memory corruption every 60 seconds
[    6.288694] initcall start_periodic_check_for_corruption+0x0/0x30 returned 0 after 7305 usecs
[    6.298183] calling  sysfb_init+0x0/0x9c @ 1
[    6.303217] initcall sysfb_init+0x0/0x9c returned 0 after 120 usecs
[    6.310264] calling  audit_classes_init+0x0/0xae @ 1
[    6.315912] initcall audit_classes_init+0x0/0xae returned 0 after 18 usecs
[    6.323645] calling  iosf_mbi_init+0x0/0x24 @ 1
[    6.328996] initcall iosf_mbi_init+0x0/0x24 returned 0 after 207 usecs
[    6.336244] calling  proc_execdomains_init+0x0/0x21 @ 1
[    6.342109] initcall proc_execdomains_init+0x0/0x21 returned 0 after 4 usecs
[    6.350831] calling  register_warn_debugfs+0x0/0x23 @ 1
[    6.357816] initcall register_warn_debugfs+0x0/0x23 returned 0 after 199 usecs
[    6.367641] calling  cpuhp_sysfs_init+0x0/0x79 @ 1
[    6.374452] initcall cpuhp_sysfs_init+0x0/0x79 returned 0 after 1132 usecs
[    6.382138] calling  ioresources_init+0x0/0x49 @ 1
[    6.387493] initcall ioresources_init+0x0/0x49 returned 0 after 4 usecs
[    6.394874] calling  snapshot_device_init+0x0/0xc @ 1
[    6.403563] initcall snapshot_device_init+0x0/0xc returned 0 after 2659 usecs
[    6.412359] calling  irq_pm_init_ops+0x0/0x13 @ 1
[    6.413271] initcall irq_pm_init_ops+0x0/0x13 returned 0 after 48 usecs
[    6.413271] calling  rcu_torture_init+0x0/0x9a6 @ 1
[    6.413271] rcu-torture:--- Start of test: nreaders=7 nfakewriters=4 stat_interval=15 verbose=1 test_no_idle_hz=1 shuffle_interval=3 stutter=5 irqreader=1 fqs_duration=0 fqs_holdoff=0 fqs_stutter=3 test_boost=1/0 test_boost_interval=7 test_boost_duration=4 shutdown_secs=1800 stall_cpu=0 stall_cpu_holdoff=10 stall_cpu_irqsoff=0 stall_cpu_block=0 n_barrier_cbs=4 onoff_interval=1000 onoff_holdoff=30 read_exit_delay=13 read_exit_burst=16
[    6.413271] rcu:  Start-test grace-period state: g-1100 f0x0
[    6.413271] rcu-torture: Creating rcu_torture_writer task
[    6.487579] rcu-torture: Creating rcu_torture_fakewriter task
[    6.487597] rcu-torture: rcu_torture_writer task started
[    6.501377] rcu-torture: GP expediting controlled from boot/sysfs for rcu.
[    6.509126] rcu_torture_writer: Testing conditional GPs.
[    6.515098] rcu_torture_writer: Testing expedited GPs.
[    6.520809] rcu_torture_writer: Testing asynchronous GPs.
[    6.526961] rcu_torture_writer: Testing normal GPs.
[    6.533311] rcu-torture: Creating rcu_torture_fakewriter task
[    6.533420] rcu-torture: rcu_torture_fakewriter task started
[    6.547477] rcu-torture: Creating rcu_torture_fakewriter task
[    6.548101] rcu-torture: rcu_torture_fakewriter task started
[    6.562289] rcu-torture: Creating rcu_torture_fakewriter task
[    6.562324] rcu-torture: rcu_torture_fakewriter task started
[    6.579429] rcu-torture: Creating rcu_torture_reader task
[    6.579454] rcu-torture: rcu_torture_fakewriter task started
[    6.594078] rcu-torture: rcu_torture_reader task started
[    6.594130] rcu-torture: Creating rcu_torture_reader task
[    6.607629] rcu-torture: Creating rcu_torture_reader task
[    6.607642] rcu-torture: rcu_torture_reader task started
[    6.625713] rcu-torture: Creating rcu_torture_reader task
[    6.625860] rcu-torture: rcu_torture_reader task started
[    6.647758] rcu-torture: Creating rcu_torture_reader task
[    6.647793] rcu-torture: rcu_torture_reader task started
[    6.675714] rcu-torture: Creating rcu_torture_reader task
[    6.675731] rcu-torture: rcu_torture_reader task started
[    6.711676] rcu-torture: Creating rcu_torture_reader task
[    6.711696] rcu-torture: rcu_torture_reader task started
[    6.724698] rcu-torture: Creating rcu_torture_stats task
[    6.724726] rcu-torture: rcu_torture_reader task started
[    6.768476] rcu-torture: Creating torture_shuffle task
[    6.768573] rcu-torture: rcu_torture_stats task started
[    6.803787] rcu-torture: Creating torture_stutter task
[    6.803842] rcu-torture: torture_shuffle task started
[    6.843291] rcu-torture: Creating torture_shutdown task
[    6.843304] rcu-torture: torture_stutter task started
[    6.859656] rcu-torture: Creating torture_onoff task
[    6.859688] rcu-torture: torture_shutdown task started
[    6.873271] rcu-torture:torture_shutdown task: 1799970 ms remaining
[    6.882817] rcu-torture: Creating rcu_torture_fwd_prog task
[    6.882830] rcu-torture: torture_onoff task started
[    6.895909] rcu-torture: torture_onoff begin holdoff
[    6.903858] rcu-torture: Creating rcu_torture_barrier_cbs task
[    6.903898] rcu-torture: rcu_torture_fwd_progress task started
[    6.920894] rcu-torture: Creating rcu_torture_barrier_cbs task
[    6.921036] rcu-torture: rcu_torture_barrier_cbs task started
[    6.937508] rcu-torture: Creating rcu_torture_barrier_cbs task
[    6.937531] rcu-torture: rcu_torture_barrier_cbs task started
[    6.954830] rcu-torture: Creating rcu_torture_barrier_cbs task
[    6.954850] rcu-torture: rcu_torture_barrier_cbs task started
[    6.969708] rcu-torture: Creating rcu_torture_barrier task
[    6.969724] rcu-torture: rcu_torture_barrier_cbs task started
[    6.984097] rcu-torture: Creating rcu_torture_read_exit task
[    6.984123] rcu-torture: rcu_torture_barrier task starting
[    7.000297] initcall rcu_torture_init+0x0/0x9a6 returned 0 after 556353 usecs
[    7.000320] rcu-torture: rcu_torture_read_exit: Start of test
[    7.001043] calling  timekeeping_init_ops+0x0/0x13 @ 1
[    7.001043] initcall timekeeping_init_ops+0x0/0x13 returned 0 after 14 usecs
[    7.001043] calling  init_clocksource_sysfs+0x0/0x23 @ 1
[    7.001043] initcall init_clocksource_sysfs+0x0/0x23 returned 0 after 53 usecs
[    7.016235] rcu_torture_rea (128) used greatest stack depth: 15480 bytes left
[    7.001043] calling  init_timer_list_procfs+0x0/0x31 @ 1
[    7.001043] initcall init_timer_list_procfs+0x0/0x31 returned 0 after 3 usecs
[    7.001043] calling  alarmtimer_init+0x0/0xc7 @ 1
[    7.001043] initcall alarmtimer_init+0x0/0xc7 returned 0 after 131 usecs
[    7.001043] calling  init_posix_timers+0x0/0x29 @ 1
[    7.001043] initcall init_posix_timers+0x0/0x29 returned 0 after 4 usecs
[    7.001043] calling  clockevents_init_sysfs+0x0/0xbf @ 1
[    7.001043] initcall clockevents_init_sysfs+0x0/0xbf returned 0 after 130 usecs
[    7.001043] calling  proc_dma_init+0x0/0x21 @ 1
[    7.001043] initcall proc_dma_init+0x0/0x21 returned 0 after 3 usecs
[    7.001043] calling  proc_modules_init+0x0/0x1e @ 1
[    7.001043] initcall proc_modules_init+0x0/0x1e returned 0 after 3 usecs
[    7.001043] calling  kallsyms_init+0x0/0x21 @ 1
[    7.001043] initcall kallsyms_init+0x0/0x21 returned 0 after 3 usecs
[    7.001043] calling  pid_namespaces_init+0x0/0x2c @ 1
[    7.001043] initcall pid_namespaces_init+0x0/0x2c returned 0 after 10 usecs
[    7.168067] calling  audit_watch_init+0x0/0x37 @ 1
[    7.168325] initcall audit_watch_init+0x0/0x37 returned 0 after 15 usecs
[    7.168325] calling  audit_fsnotify_init+0x0/0x37 @ 1
[    7.168325] initcall audit_fsnotify_init+0x0/0x37 returned 0 after 1 usecs
[    7.168325] calling  audit_tree_init+0x0/0x6d @ 1
[    7.168325] initcall audit_tree_init+0x0/0x6d returned 0 after 19 usecs
[    7.168325] calling  seccomp_sysctl_init+0x0/0x2b @ 1
[    7.168325] initcall seccomp_sysctl_init+0x0/0x2b returned 0 after 22 usecs
[    7.168325] calling  utsname_sysctl_init+0x0/0x13 @ 1
[    7.168325] initcall utsname_sysctl_init+0x0/0x13 returned 0 after 7 usecs
[    7.168325] calling  init_tracepoints+0x0/0x27 @ 1
[    7.168325] initcall init_tracepoints+0x0/0x27 returned 0 after 1 usecs
[    7.168325] calling  init_blk_tracer+0x0/0x50 @ 1
[    7.168325] initcall init_blk_tracer+0x0/0x50 returned 0 after 238 usecs
[    7.168325] calling  perf_event_sysfs_init+0x0/0x81 @ 1
[    7.168325] initcall perf_event_sysfs_init+0x0/0x81 returned 0 after 195 usecs
[    7.168325] calling  system_trusted_keyring_init+0x0/0x60 @ 1
[    7.168325] Initialise system trusted keyrings
[    7.168325] initcall system_trusted_keyring_init+0x0/0x60 returned 0 after 5379 usecs
[    7.168325] calling  kswapd_init+0x0/0x5c @ 1
[    7.309371] initcall kswapd_init+0x0/0x5c returned 0 after 693 usecs
[    7.317075] calling  extfrag_debug_init+0x0/0x54 @ 1
[    7.317772] initcall extfrag_debug_init+0x0/0x54 returned 0 after 26 usecs
[    7.317772] calling  mm_compute_batch_init+0x0/0x12 @ 1
[    7.317772] initcall mm_compute_batch_init+0x0/0x12 returned 0 after 0 usecs
[    7.317772] calling  slab_proc_init+0x0/0x21 @ 1
[    7.317772] initcall slab_proc_init+0x0/0x21 returned 0 after 31 usecs
[    7.317772] calling  workingset_init+0x0/0x8c @ 1
[    7.317772] workingset: timestamp_bits=56 max_order=17 bucket_order=0
[    7.317772] initcall workingset_init+0x0/0x8c returned 0 after 7460 usecs
[    7.317772] calling  proc_vmalloc_init+0x0/0x32 @ 1
[    7.317772] initcall proc_vmalloc_init+0x0/0x32 returned 0 after 19 usecs
[    7.394124] calling  procswaps_init+0x0/0x1e @ 1
[    7.399718] initcall procswaps_init+0x0/0x1e returned 0 after 3 usecs
[    7.407348] calling  slab_sysfs_init+0x0/0xea @ 1
[    7.416260] initcall slab_sysfs_init+0x0/0xea returned 0 after 2989 usecs
[    7.424414] calling  fcntl_init+0x0/0x29 @ 1
[    7.429553] initcall fcntl_init+0x0/0x29 returned 0 after 7 usecs
[    7.436706] calling  proc_filesystems_init+0x0/0x21 @ 1
[    7.443083] initcall proc_filesystems_init+0x0/0x21 returned 0 after 3 usecs
[    7.451454] calling  start_dirtytime_writeback+0x0/0x29 @ 1
[    7.458053] initcall start_dirtytime_writeback+0x0/0x29 returned 0 after 1 usecs
[    7.466825] calling  blkdev_init+0x0/0x1b @ 1
[    7.472482] initcall blkdev_init+0x0/0x1b returned 0 after 122 usecs
[    7.481788] calling  dio_init+0x0/0x2c @ 1
[    7.487901] initcall dio_init+0x0/0x2c returned 0 after 61 usecs
[    7.496801] calling  dnotify_init+0x0/0x78 @ 1
[    7.503472] initcall dnotify_init+0x0/0x78 returned 0 after 12 usecs
[    7.512813] calling  aio_setup+0x0/0x78 @ 1
[    7.519506] initcall aio_setup+0x0/0x78 returned 0 after 70 usecs
[    7.528605] calling  io_uring_init+0x0/0x2c @ 1
[    7.534957] initcall io_uring_init+0x0/0x2c returned 0 after 9 usecs
[    7.544149] calling  mbcache_init+0x0/0x30 @ 1
[    7.550536] initcall mbcache_init+0x0/0x30 returned 0 after 110 usecs
[    7.559541] calling  init_grace+0x0/0xc @ 1
[    7.565858] initcall init_grace+0x0/0xc returned 0 after 4 usecs
[    7.574774] calling  init_v2_quota_format+0x0/0x21 @ 1
[    7.582426] initcall init_v2_quota_format+0x0/0x21 returned 0 after 54 usecs
[    7.592755] calling  init_devpts_fs+0x0/0x27 @ 1
[    7.599598] initcall init_devpts_fs+0x0/0x27 returned 0 after 11 usecs
[    7.609142] calling  ext4_init_fs+0x0/0x1d0 @ 1
[    7.616314] initcall ext4_init_fs+0x0/0x1d0 returned 0 after 397 usecs
[    7.625917] calling  journal_init+0x0/0x11c @ 1
[    7.632648] initcall journal_init+0x0/0x11c returned 0 after 89 usecs
[    7.642246] calling  init_fat_fs+0x0/0x49 @ 1
[    7.648837] initcall init_fat_fs+0x0/0x49 returned 0 after 70 usecs
[    7.658228] calling  init_vfat_fs+0x0/0xc @ 1
[    7.664971] initcall init_vfat_fs+0x0/0xc returned 0 after 3 usecs
[    7.674388] calling  init_msdos_fs+0x0/0xc @ 1
[    7.681204] initcall init_msdos_fs+0x0/0xc returned 0 after 3 usecs
[    7.690661] calling  init_iso9660_fs+0x0/0x6c @ 1
[    7.698044] initcall init_iso9660_fs+0x0/0x6c returned 0 after 174 usecs
[    7.707304] calling  init_nfs_fs+0x0/0x13a @ 1
[    7.715637] initcall init_nfs_fs+0x0/0x13a returned 0 after 1672 usecs
[    7.716067] calling  init_nfs_v2+0x0/0x13 @ 1
[    7.716067] initcall init_nfs_v2+0x0/0x13 returned 0 after 92 usecs
[    7.716067] calling  init_nfs_v3+0x0/0x13 @ 1
[    7.716067] initcall init_nfs_v3+0x0/0x13 returned 0 after 16 usecs
[    7.716067] calling  init_nfs_v4+0x0/0x32 @ 1
[    7.716067] NFS: Registering the id_resolver key type
[    7.716067] Key type id_resolver registered
[    7.716067] Key type id_legacy registered
[    7.716067] initcall init_nfs_v4+0x0/0x32 returned 0 after 16747 usecs
[    7.716067] calling  init_nlm+0x0/0x5b @ 1
[    7.716067] initcall init_nlm+0x0/0x5b returned 0 after 63 usecs
[    7.716067] calling  init_nls_cp437+0x0/0xe @ 1
[    7.716067] initcall init_nls_cp437+0x0/0xe returned 0 after 55 usecs
[    7.716067] calling  init_nls_ascii+0x0/0xe @ 1
[    7.716067] initcall init_nls_ascii+0x0/0xe returned 0 after 0 usecs
[    7.716067] calling  init_nls_iso8859_1+0x0/0xe @ 1
[    7.831732] initcall init_nls_iso8859_1+0x0/0xe returned 0 after 1 usecs
[    7.839795] calling  init_nls_utf8+0x0/0x21 @ 1
[    7.845551] initcall init_nls_utf8+0x0/0x21 returned 0 after 1 usecs
[    7.853532] calling  init_autofs_fs+0x0/0x25 @ 1
[    7.860579] initcall init_autofs_fs+0x0/0x25 returned 0 after 1220 usecs
[    7.861022] calling  ipc_init+0x0/0x24 @ 1
[    7.861022] initcall ipc_init+0x0/0x24 returned 0 after 13 usecs
[    7.861022] calling  ipc_sysctl_init+0x0/0x13 @ 1
[    7.861022] initcall ipc_sysctl_init+0x0/0x13 returned 0 after 9 usecs
[    7.861022] calling  init_mqueue_fs+0x0/0x9a @ 1
[    7.861022] initcall init_mqueue_fs+0x0/0x9a returned 0 after 260 usecs
[    7.861022] calling  key_proc_init+0x0/0x63 @ 1
[    7.861022] initcall key_proc_init+0x0/0x63 returned 0 after 4 usecs
[    7.861022] calling  selinux_nf_ip_init+0x0/0x2e @ 1
[    7.861022] initcall selinux_nf_ip_init+0x0/0x2e returned 0 after 0 usecs
[    7.861022] calling  init_sel_fs+0x0/0x116 @ 1
[    7.861022] initcall init_sel_fs+0x0/0x116 returned 0 after 0 usecs
[    7.861022] calling  selnl_init+0x0/0x7c @ 1
[    7.861022] initcall selnl_init+0x0/0x7c returned 0 after 90 usecs
[    7.861022] calling  sel_netif_init+0x0/0x36 @ 1
[    7.861022] initcall sel_netif_init+0x0/0x36 returned 0 after 0 usecs
[    7.861022] calling  sel_netnode_init+0x0/0x33 @ 1
[    7.861022] initcall sel_netnode_init+0x0/0x33 returned 0 after 0 usecs
[    7.861022] calling  sel_netport_init+0x0/0x33 @ 1
[    7.861022] initcall sel_netport_init+0x0/0x33 returned 0 after 0 usecs
[    7.861022] calling  aurule_init+0x0/0x2a @ 1
[    7.861022] initcall aurule_init+0x0/0x2a returned 0 after 1 usecs
[    7.861022] calling  crypto_algapi_init+0x0/0xc @ 1
[    7.861022] initcall crypto_algapi_init+0x0/0xc returned 0 after 4 usecs
[    7.861022] calling  jent_mod_init+0x0/0x2d @ 1
[    8.050455] cryptomgr_test (131) used greatest stack depth: 15184 bytes left
[    8.050761] initcall jent_mod_init+0x0/0x2d returned 0 after 10462 usecs
[    8.062318] calling  asymmetric_key_init+0x0/0xc @ 1
[    8.062318] Key type asymmetric registered
[    8.062318] initcall asymmetric_key_init+0x0/0xc returned 0 after 4898 usecs
[    8.062318] calling  x509_key_init+0x0/0xc @ 1
[    8.062318] Asymmetric key parser 'x509' registered
[    8.062318] initcall x509_key_init+0x0/0xc returned 0 after 6468 usecs
[    8.062318] calling  proc_genhd_init+0x0/0x41 @ 1
[    8.062318] initcall proc_genhd_init+0x0/0x41 returned 0 after 34 usecs
[    8.062318] calling  bsg_init+0x0/0x113 @ 1
[    8.062318] Block layer SCSI generic (bsg) driver version 0.4 loaded (major 251)
[    8.062318] initcall bsg_init+0x0/0x113 returned 0 after 8789 usecs
[    8.062318] calling  deadline_init+0x0/0xc @ 1
[    8.062318] io scheduler mq-deadline registered
[    8.062318] initcall deadline_init+0x0/0xc returned 0 after 6226 usecs
[    8.175751] calling  kyber_init+0x0/0xc @ 1
[    8.180991] io scheduler kyber registered
[    8.186157] initcall kyber_init+0x0/0xc returned 0 after 5042 usecs
[    8.193905] calling  mod_init+0x0/0x7 @ 1
[    8.199013] initcall mod_init+0x0/0x7 returned 0 after 0 usecs
[    8.206460] calling  percpu_counter_startup+0x0/0x55 @ 1
[    8.219276] initcall percpu_counter_startup+0x0/0x55 returned 0 after 6079 usecs
[    8.228667] calling  sg_pool_init+0x0/0xb4 @ 1
[    8.229441] initcall sg_pool_init+0x0/0xb4 returned 0 after 311 usecs
[    8.229441] calling  pcie_portdrv_init+0x0/0x39 @ 1
[    8.229441] initcall pcie_portdrv_init+0x0/0x39 returned 0 after 48 usecs
[    8.229441] calling  pci_proc_init+0x0/0x68 @ 1
[    8.229441] initcall pci_proc_init+0x0/0x68 returned 0 after 11 usecs
[    8.229441] calling  pci_hotplug_init+0x0/0x7 @ 1
[    8.229441] initcall pci_hotplug_init+0x0/0x7 returned 0 after 0 usecs
[    8.229441] calling  efifb_driver_init+0x0/0xe @ 1
[    8.229441] initcall efifb_driver_init+0x0/0xe returned 0 after 17 usecs
[    8.229441] calling  ged_driver_init+0x0/0xe @ 1
[    8.229441] initcall ged_driver_init+0x0/0xe returned 0 after 16 usecs
[    8.229441] calling  acpi_ac_init+0x0/0x92 @ 1
[    8.229441] initcall acpi_ac_init+0x0/0x92 returned 0 after 425 usecs
[    8.229441] calling  acpi_button_driver_init+0x0/0x52 @ 1
[    8.229441] input: Power Button as /devices/LNXSYSTM:00/LNXPWRBN:00/input/input0
[    8.229441] ACPI: Power Button [PWRF]
[    8.355864] initcall acpi_button_driver_init+0x0/0x52 returned 0 after 16064 usecs
[    8.356106] calling  acpi_fan_driver_init+0x0/0xe @ 1
[    8.356106] initcall acpi_fan_driver_init+0x0/0xe returned 0 after 15 usecs
[    8.356106] calling  acpi_video_init+0x0/0xcb @ 1
[    8.356106] initcall acpi_video_init+0x0/0xcb returned 0 after 53 usecs
[    8.356106] calling  acpi_processor_driver_init+0x0/0xad @ 1
[    8.356106] initcall acpi_processor_driver_init+0x0/0xad returned 0 after 698 usecs
[    8.356106] calling  acpi_thermal_init+0x0/0x71 @ 1
[    8.420792] initcall acpi_thermal_init+0x0/0x71 returned 0 after 1024 usecs
[    8.430048] calling  acpi_battery_init+0x0/0x32 @ 1
[    8.436206] initcall acpi_battery_init+0x0/0x32 returned 0 after 210 usecs
[    8.436206] calling  bgrt_init+0x0/0xb6 @ 1
[    8.436206] initcall bgrt_init+0x0/0xb6 returned -19 after 17 usecs
[    8.436206] calling  gpio_clk_driver_init+0x0/0xe @ 1
[    8.436206] initcall gpio_clk_driver_init+0x0/0xe returned 0 after 43 usecs
[    8.436206] calling  plt_clk_driver_init+0x0/0xe @ 1
[    8.476026] initcall plt_clk_driver_init+0x0/0xe returned 0 after 21 usecs
[    8.476026] calling  virtio_pci_driver_init+0x0/0x15 @ 1
[    8.476026] initcall virtio_pci_driver_init+0x0/0x15 returned 0 after 40 usecs
[    8.476026] calling  n_null_init+0x0/0x1e @ 1
[    8.476026] initcall n_null_init+0x0/0x1e returned 0 after 17 usecs
[    8.476026] calling  pty_init+0x0/0x1e8 @ 1
[    8.528305] initcall pty_init+0x0/0x1e8 returned 0 after 735 usecs
[    8.536650] calling  sysrq_init+0x0/0x62 @ 1
[    8.537404] initcall sysrq_init+0x0/0x62 returned 0 after 5 usecs
[    8.537404] calling  serial8250_init+0x0/0x17e @ 1
[    8.537404] Serial: 8250/16550 driver, 4 ports, IRQ sharing enabled
[    8.537404] 00:03: ttyS0 at I/O 0x3f8 (irq = 4, base_baud = 115200) is a 16550A
[    8.582224] initcall serial8250_init+0x0/0x17e returned 0 after 24865 usecs
[    8.592393] calling  serial_pci_driver_init+0x0/0x15 @ 1
[    8.593139] initcall serial_pci_driver_init+0x0/0x15 returned 0 after 99 usecs
[    8.593139] calling  exar_pci_driver_init+0x0/0x15 @ 1
[    8.593139] initcall exar_pci_driver_init+0x0/0x15 returned 0 after 21 usecs
[    8.593139] calling  lpss8250_pci_driver_init+0x0/0x15 @ 1
[    8.593139] initcall lpss8250_pci_driver_init+0x0/0x15 returned 0 after 21 usecs
[    8.593139] calling  mid8250_pci_driver_init+0x0/0x15 @ 1
[    8.593139] initcall mid8250_pci_driver_init+0x0/0x15 returned 0 after 23 usecs
[    8.593139] calling  virtio_console_init+0x0/0xff @ 1
[    8.593139] initcall virtio_console_init+0x0/0xff returned 0 after 128 usecs
[    8.593139] calling  hpet_init+0x0/0x64 @ 1
[    8.690628] initcall hpet_init+0x0/0x64 returned 0 after 1502 usecs
[    8.700272] calling  nvram_module_init+0x0/0x83 @ 1
[    8.708429] Non-volatile memory driver v1.3
[    8.714845] initcall nvram_module_init+0x0/0x83 returned 0 after 7102 usecs
[    8.715644] calling  hwrng_modinit+0x0/0x8a @ 1
[    8.732616] initcall hwrng_modinit+0x0/0x8a returned 0 after 733 usecs
[    8.742618] calling  mod_init+0x0/0x48 @ 1
[    8.743370] initcall mod_init+0x0/0x48 returned -19 after 0 usecs
[    8.743370] calling  agp_init+0x0/0x23 @ 1
[    8.743370] Linux agpgart interface v0.103
[    8.743370] initcall agp_init+0x0/0x23 returned 0 after 5822 usecs
[    8.743370] calling  agp_amd64_mod_init+0x0/0x5 @ 1
[    8.743370] initcall agp_amd64_mod_init+0x0/0x5 returned -19 after 73 usecs
[    8.743370] calling  agp_intel_init+0x0/0x28 @ 1
[    8.743370] initcall agp_intel_init+0x0/0x28 returned 0 after 596 usecs
[    8.743370] calling  drm_kms_helper_init+0x0/0x7 @ 1
[    8.743370] initcall drm_kms_helper_init+0x0/0x7 returned 0 after 63 usecs
[    8.743370] calling  drm_core_init+0x0/0xa4 @ 1
[    8.743370] initcall drm_core_init+0x0/0xa4 returned 0 after 179 usecs
[    8.743370] calling  i915_init+0x0/0x6b @ 1
[    8.743370] initcall i915_init+0x0/0x6b returned 0 after 554 usecs
[    8.743370] calling  cn_proc_init+0x0/0x35 @ 1
[    8.743370] initcall cn_proc_init+0x0/0x35 returned 0 after 2 usecs
[    8.743370] calling  topology_sysfs_init+0x0/0x27 @ 1
[    8.743370] initcall topology_sysfs_init+0x0/0x27 returned 0 after 385 usecs
[    8.743370] calling  cacheinfo_sysfs_init+0x0/0x27 @ 1
[    8.924295] initcall cacheinfo_sysfs_init+0x0/0x27 returned 0 after 11146 usecs
[    8.935289] calling  loop_init+0x0/0x168 @ 1
[    8.992903] loop: module loaded
[    8.992973] initcall loop_init+0x0/0x168 returned 0 after 55028 usecs
[    8.992973] calling  mac_hid_init+0x0/0x21 @ 1
[    8.992973] initcall mac_hid_init+0x0/0x21 returned 0 after 8 usecs
[    8.992973] calling  spi_transport_init+0x0/0x74 @ 1
[    8.992973] initcall spi_transport_init+0x0/0x74 returned 0 after 202 usecs
[    8.992973] calling  init_sd+0x0/0x18c @ 1
[    8.992973] initcall init_sd+0x0/0x18c returned 0 after 118 usecs
[    8.992973] calling  init_sr+0x0/0x43 @ 1
[    8.992973] initcall init_sr+0x0/0x43 returned 0 after 16 usecs
[    8.992973] calling  init_sg+0x0/0x1c0 @ 1
[    8.992973] initcall init_sg+0x0/0x1c0 returned 0 after 18 usecs
[    8.992973] calling  ahci_pci_driver_init+0x0/0x15 @ 1
[    8.992973] ahci 0000:00:1f.2: version 3.0
[    8.992973] PCI Interrupt Link [GSIA] enabled at IRQ 16
[    8.992973] ahci 0000:00:1f.2: AHCI 0001.0000 32 slots 6 ports 1.5 Gbps 0x3f impl SATA mode
[    8.992973] ahci 0000:00:1f.2: flags: 64bit ncq only 
[    9.183354] scsi host0: ahci
[    9.191723] scsi host1: ahci
[    9.199683] scsi host2: ahci
[    9.210635] scsi host3: ahci
[    9.221232] scsi host4: ahci
[    9.232594] scsi host5: ahci
[    9.233025] ata1: SATA max UDMA/133 abar m4096@0xfebf1000 port 0xfebf1100 irq 24
[    9.233025] ata2: SATA max UDMA/133 abar m4096@0xfebf1000 port 0xfebf1180 irq 24
[    9.233025] ata3: SATA max UDMA/133 abar m4096@0xfebf1000 port 0xfebf1200 irq 24
[    9.233025] ata4: SATA max UDMA/133 abar m4096@0xfebf1000 port 0xfebf1280 irq 24
[    9.233025] ata5: SATA max UDMA/133 abar m4096@0xfebf1000 port 0xfebf1300 irq 24
[    9.233025] ata6: SATA max UDMA/133 abar m4096@0xfebf1000 port 0xfebf1380 irq 24
[    9.316042] initcall ahci_pci_driver_init+0x0/0x15 returned 0 after 211816 usecs
[    9.316042] calling  piix_init+0x0/0x26 @ 1
[    9.316042] initcall piix_init+0x0/0x26 returned 0 after 322 usecs
[    9.316042] calling  amd_pci_driver_init+0x0/0x15 @ 1
[    9.316042] initcall amd_pci_driver_init+0x0/0x15 returned 0 after 247 usecs
[    9.316042] calling  oldpiix_pci_driver_init+0x0/0x15 @ 1
[    9.316042] initcall oldpiix_pci_driver_init+0x0/0x15 returned 0 after 24 usecs
[    9.316042] calling  sch_pci_driver_init+0x0/0x15 @ 1
[    9.316042] initcall sch_pci_driver_init+0x0/0x15 returned 0 after 25 usecs
[    9.316042] calling  net_olddevs_init+0x0/0x55 @ 1
[    9.316042] initcall net_olddevs_init+0x0/0x55 returned 0 after 62 usecs
[    9.316042] calling  blackhole_netdev_init+0x0/0x78 @ 1
[    9.316042] initcall blackhole_netdev_init+0x0/0x78 returned 0 after 365 usecs
[    9.316042] calling  phy_module_init+0x0/0x13 @ 1
[    9.316042] initcall phy_module_init+0x0/0x13 returned 0 after 909 usecs
[    9.316042] calling  tg3_driver_init+0x0/0x15 @ 1
[    9.316042] initcall tg3_driver_init+0x0/0x15 returned 0 after 45 usecs
[    9.316042] calling  e100_init_module+0x0/0x4c @ 1
[    9.493657] e100: Intel(R) PRO/100 Network Driver
[    9.500533] e100: Copyright(c) 1999-2006 Intel Corporation
[    9.509425] initcall e100_init_module+0x0/0x4c returned 0 after 15427 usecs
[    9.520319] calling  e1000_init_module+0x0/0x72 @ 1
[    9.527882] e1000: Intel(R) PRO/1000 Network Driver
[    9.535896] e1000: Copyright (c) 1999-2006 Intel Corporation.
[    9.545055] initcall e1000_init_module+0x0/0x72 returned 0 after 16766 usecs
[    9.556132] calling  e1000_init_module+0x0/0x2d @ 1
[    9.564502] e1000e: Intel(R) PRO/1000 Network Driver
[    9.572592] e1000e: Copyright(c) 1999 - 2015 Intel Corporation.
[    9.582471] initcall e1000_init_module+0x0/0x2d returned 0 after 17544 usecs
[    9.594084] calling  sky2_init_module+0x0/0x21 @ 1
[    9.609180] sky2: driver version 1.30
[    9.615121] initcall sky2_init_module+0x0/0x21 returned 0 after 5798 usecs
[    9.626741] calling  forcedeth_pci_driver_init+0x0/0x15 @ 1
[    9.629584] ata2: SATA link down (SStatus 0 SControl 300)
[    9.635928] initcall forcedeth_pci_driver_init+0x0/0x15 returned 0 after 27 usecs
[    9.651438] ata4: SATA link down (SStatus 0 SControl 300)
[    9.655354] calling  rtl8139_init_module+0x0/0x15 @ 1
[    9.655470] initcall rtl8139_init_module+0x0/0x15 returned 0 after 110 usecs
[    9.667586] ata3: SATA link up 1.5 Gbps (SStatus 113 SControl 300)
[    9.672083] calling  rtl8169_pci_driver_init+0x0/0x15 @ 1
[    9.672138] initcall rtl8169_pci_driver_init+0x0/0x15 returned 0 after 48 usecs
[    9.686674] ata1: SATA link down (SStatus 0 SControl 300)
[    9.694388] calling  cdrom_init+0x0/0xc @ 1
[    9.704789] ata6: SATA link down (SStatus 0 SControl 300)
[    9.714004] initcall cdrom_init+0x0/0xc returned 0 after 44 usecs
[    9.724380] ata5: SATA link down (SStatus 0 SControl 300)
[    9.729419] calling  nonstatic_sysfs_init+0x0/0xc @ 1
[    9.738772] ata3.00: ATAPI: QEMU DVD-ROM, 2.5+, max UDMA/100
[    9.748130] initcall nonstatic_sysfs_init+0x0/0xc returned 0 after 2 usecs
[    9.748138] calling  yenta_cardbus_driver_init+0x0/0x15 @ 1
[    9.748168] initcall yenta_cardbus_driver_init+0x0/0x15 returned 0 after 28 usecs
[    9.748170] calling  mon_init+0x0/0x12d @ 1
[    9.813130] ata3.00: applying bridge limits
[    9.821455] ata3.00: configured for UDMA/100
[    9.821525] initcall mon_init+0x0/0x12d returned 0 after 72014 usecs
[    9.845494] calling  ehci_hcd_init+0x0/0x56 @ 1
[    9.852968] ehci_hcd: USB 2.0 'Enhanced' Host Controller (EHCI) Driver
[    9.864555] initcall ehci_hcd_init+0x0/0x56 returned 0 after 11422 usecs
[    9.876511] calling  ehci_pci_init+0x0/0x64 @ 1
[    9.883706] ehci-pci: EHCI PCI platform driver
[    9.891165] initcall ehci_pci_init+0x0/0x64 returned 0 after 7281 usecs
[    9.902259] calling  ohci_hcd_mod_init+0x0/0x4e @ 1
[    9.910362] ohci_hcd: USB 1.1 'Open' Host Controller (OHCI) Driver
[    9.920402] initcall ohci_hcd_mod_init+0x0/0x4e returned 0 after 9800 usecs
[    9.932234] calling  ohci_pci_init+0x0/0x64 @ 1
[    9.939857] ohci-pci: OHCI PCI platform driver
[    9.947118] initcall ohci_pci_init+0x0/0x64 returned 0 after 7150 usecs
[    9.957387] calling  uhci_hcd_init+0x0/0xa8 @ 1
[    9.965508] uhci_hcd: USB Universal Host Controller Interface driver
[    9.976160] initcall uhci_hcd_init+0x0/0xa8 returned 0 after 10399 usecs
[    9.986892] calling  xhci_hcd_init+0x0/0x1e @ 1
[    9.993988] initcall xhci_hcd_init+0x0/0x1e returned 0 after 8 usecs
[   10.003796] calling  xhci_pci_init+0x0/0x49 @ 1
[   10.011162] initcall xhci_pci_init+0x0/0x49 returned 0 after 125 usecs
[   10.036981] calling  usblp_driver_init+0x0/0x15 @ 1
[   10.053186] usbcore: registered new interface driver usblp
[   10.061810] initcall usblp_driver_init+0x0/0x15 returned 0 after 15516 usecs
[   10.073919] calling  usb_storage_driver_init+0x0/0x2a @ 1
[   10.082764] usbcore: registered new interface driver usb-storage
[   10.093518] initcall usb_storage_driver_init+0x0/0x2a returned 0 after 10804 usecs
[   10.106942] calling  i8042_init+0x0/0x4c2 @ 1
[   10.118916] i8042: PNP: PS/2 Controller [PNP0303:KBD,PNP0f13:MOU] at 0x60,0x64 irq 1,12
[   10.146273] serio: i8042 KBD port at 0x60,0x64 irq 1
[   10.161622] serio: i8042 AUX port at 0x60,0x64 irq 12
[   10.170557] initcall i8042_init+0x0/0x4c2 returned 0 after 54494 usecs
[   10.181456] calling  serport_init+0x0/0x2c @ 1
[   10.181580] scsi 2:0:0:0: CD-ROM            QEMU     QEMU DVD-ROM     2.5+ PQ: 0 ANSI: 5
[   10.188814] initcall serport_init+0x0/0x2c returned 0 after 61 usecs
[   10.212076] calling  input_leds_init+0x0/0xc @ 1
[   10.219493] initcall input_leds_init+0x0/0xc returned 0 after 441 usecs
[   10.228812] calling  evdev_init+0x0/0xc @ 1
[   10.323098] initcall evdev_init+0x0/0xc returned 0 after 85613 usecs
[   10.333750] calling  atkbd_init+0x0/0x21 @ 1
[   10.342173] initcall atkbd_init+0x0/0x21 returned 0 after 99 usecs
[   10.352279] calling  psmouse_init+0x0/0x7f @ 1
[   10.359933] initcall psmouse_init+0x0/0x7f returned 0 after 753 usecs
[   10.369826] calling  cmos_init+0x0/0x73 @ 1
[   10.378634] rtc_cmos 00:04: RTC can wake from S4
[   10.406402] rtc_cmos 00:04: registered as rtc0
[   10.406402] rtc_cmos 00:04: alarms up to one day, y3k, 242 bytes nvram, hpet irqs
[   10.423863] input: AT Translated Set 2 keyboard as /devices/platform/i8042/serio0/input/input1
[   10.406402] initcall cmos_init+0x0/0x73 returned 0 after 49323 usecs
[   10.406402] calling  smbalert_driver_init+0x0/0xe @ 1
[   10.406402] initcall smbalert_driver_init+0x0/0xe returned 0 after 239 usecs
[   10.406402] calling  i2c_i801_init+0x0/0xc5 @ 1
[   10.406402] i801_smbus 0000:00:1f.3: SMBus using PCI interrupt
[   10.406402] i2c i2c-0: 1/1 memory slots populated (from DMI)
[   10.406402] i2c i2c-0: Memory type 0x07 not supported yet, not instantiating SPD
[   10.512861] initcall i2c_i801_init+0x0/0xc5 returned 0 after 83730 usecs
[   10.524430] calling  ptp_kvm_init+0x0/0xf0 @ 1
[   10.539759] initcall ptp_kvm_init+0x0/0xf0 returned 0 after 6964 usecs
[   10.549515] sr 2:0:0:0: [sr0] scsi3-mmc drive: 4x/4x cd/rw xa/form2 tray
[   10.539858] calling  dm_init+0x0/0x3c @ 1
[   10.568035] cdrom: Uniform CD-ROM driver Revision: 3.20
[   10.579794] device-mapper: ioctl: 4.43.0-ioctl (2020-10-01) initialised: dm-devel@redhat.com
[   10.595026] initcall dm_init+0x0/0x3c returned 0 after 43391 usecs
[   10.595895] calling  dm_mirror_init+0x0/0x29 @ 1
[   10.595895] initcall dm_mirror_init+0x0/0x29 returned 0 after 1 usecs
[   10.595895] calling  dm_dirty_log_init+0x0/0x4f @ 1
[   10.595895] initcall dm_dirty_log_init+0x0/0x4f returned 0 after 88 usecs
[   10.595895] calling  dm_zero_init+0x0/0x29 @ 1
[   10.595895] initcall dm_zero_init+0x0/0x29 returned 0 after 1 usecs
[   10.595895] calling  intel_pstate_init+0x0/0x50d @ 1
[   10.595895] intel_pstate: CPU model not supported
[   10.673270] initcall intel_pstate_init+0x0/0x50d returned -19 after 8383 usecs
[   10.673556] calling  haltpoll_init+0x0/0xc0 @ 1
[   10.673556] initcall haltpoll_init+0x0/0xc0 returned -19 after 226 usecs
[   10.673556] calling  efivars_sysfs_init+0x0/0x30 @ 1
[   10.673556] initcall efivars_sysfs_init+0x0/0x30 returned 0 after 80 usecs
[   10.673556] calling  esrt_sysfs_init+0x0/0x2a2 @ 1
[   10.673556] initcall esrt_sysfs_init+0x0/0x2a2 returned -38 after 126 usecs
[   10.673556] calling  hid_init+0x0/0x5c @ 1
[   10.673556] hid: raw HID events driver (C) Jiri Kosina
[   10.673556] initcall hid_init+0x0/0x5c returned 0 after 9462 usecs
[   10.673556] calling  hid_generic_init+0x0/0x15 @ 1
[   10.673556] initcall hid_generic_init+0x0/0x15 returned 0 after 549 usecs
[   10.673556] calling  a4_driver_init+0x0/0x15 @ 1
[   10.673556] initcall a4_driver_init+0x0/0x15 returned 0 after 21 usecs
[   10.673556] calling  apple_driver_init+0x0/0x15 @ 1
[   10.673556] initcall apple_driver_init+0x0/0x15 returned 0 after 99 usecs
[   10.673556] calling  belkin_driver_init+0x0/0x15 @ 1
[   10.673556] initcall belkin_driver_init+0x0/0x15 returned 0 after 20 usecs
[   10.673556] calling  ch_driver_init+0x0/0x15 @ 1
[   10.673556] initcall ch_driver_init+0x0/0x15 returned 0 after 175 usecs
[   10.673556] calling  ch_driver_init+0x0/0x15 @ 1
[   10.673556] initcall ch_driver_init+0x0/0x15 returned 0 after 20 usecs
[   10.673556] calling  cp_driver_init+0x0/0x15 @ 1
[   10.673556] initcall cp_driver_init+0x0/0x15 returned 0 after 144 usecs
[   10.673556] calling  ez_driver_init+0x0/0x15 @ 1
[   10.673556] initcall ez_driver_init+0x0/0x15 returned 0 after 21 usecs
[   10.922625] calling  gyration_driver_init+0x0/0x15 @ 1
[   10.931358] initcall gyration_driver_init+0x0/0x15 returned 0 after 24 usecs
[   10.943142] calling  ite_driver_init+0x0/0x15 @ 1
[   10.950968] initcall ite_driver_init+0x0/0x15 returned 0 after 143 usecs
[   10.962018] calling  ks_driver_init+0x0/0x15 @ 1
[   10.969714] initcall ks_driver_init+0x0/0x15 returned 0 after 20 usecs
[   10.980638] calling  lg_driver_init+0x0/0x15 @ 1
[   10.988773] initcall lg_driver_init+0x0/0x15 returned 0 after 115 usecs
[   11.000065] calling  lg_g15_driver_init+0x0/0x15 @ 1
[   11.008631] initcall lg_g15_driver_init+0x0/0x15 returned 0 after 18 usecs
[   11.020407] calling  ms_driver_init+0x0/0x15 @ 1
[   11.030784] initcall ms_driver_init+0x0/0x15 returned 0 after 20 usecs
[   11.042105] calling  mr_driver_init+0x0/0x15 @ 1
[   11.050358] initcall mr_driver_init+0x0/0x15 returned 0 after 22 usecs
[   11.061527] calling  ntrig_driver_init+0x0/0x15 @ 1
[   11.070309] initcall ntrig_driver_init+0x0/0x15 returned 0 after 122 usecs
[   11.082127] calling  pl_driver_init+0x0/0x15 @ 1
[   11.089897] initcall pl_driver_init+0x0/0x15 returned 0 after 46 usecs
[   11.100242] calling  pl_driver_init+0x0/0x15 @ 1
[   11.108103] initcall pl_driver_init+0x0/0x15 returned 0 after 21 usecs
[   11.119260] calling  redragon_driver_init+0x0/0x15 @ 1
[   11.128385] initcall redragon_driver_init+0x0/0x15 returned 0 after 21 usecs
[   11.140420] calling  samsung_driver_init+0x0/0x15 @ 1
[   11.149277] initcall samsung_driver_init+0x0/0x15 returned 0 after 21 usecs
[   11.160509] calling  sony_init+0x0/0x38 @ 1
[   11.167712] initcall sony_init+0x0/0x38 returned 0 after 19 usecs
[   11.178278] calling  sp_driver_init+0x0/0x15 @ 1
[   11.186588] initcall sp_driver_init+0x0/0x15 returned 0 after 17 usecs
[   11.197631] calling  ts_driver_init+0x0/0x15 @ 1
[   11.205444] initcall ts_driver_init+0x0/0x15 returned 0 after 98 usecs
[   11.216454] calling  hid_init+0x0/0x58 @ 1
[   11.223570] usbcore: registered new interface driver usbhid
[   11.232890] usbhid: USB HID core driver
[   11.239198] initcall hid_init+0x0/0x58 returned 0 after 15351 usecs
[   11.249573] calling  eeepc_laptop_init+0x0/0x57 @ 1
[   11.258699] initcall eeepc_laptop_init+0x0/0x57 returned -19 after 859 usecs
[   11.272469] calling  pmc_atom_init+0x0/0x27a @ 1
[   11.280608] initcall pmc_atom_init+0x0/0x27a returned -19 after 5 usecs
[   11.292315] input: ImExPS/2 Generic Explorer Mouse as /devices/platform/i8042/serio1/input/input3
[   11.307766] calling  alsa_hwdep_init+0x0/0x5e @ 1
[   11.317459] initcall alsa_hwdep_init+0x0/0x5e returned 0 after 378 usecs
[   11.330882] calling  alsa_timer_init+0x0/0x1f0 @ 1
[   11.340894] initcall alsa_timer_init+0x0/0x1f0 returned 0 after 2157 usecs
[   11.354485] calling  snd_hrtimer_init+0x0/0x117 @ 1
[   11.362507] initcall snd_hrtimer_init+0x0/0x117 returned 0 after 2 usecs
[   11.373405] calling  alsa_pcm_init+0x0/0x64 @ 1
[   11.381050] initcall alsa_pcm_init+0x0/0x64 returned 0 after 8 usecs
[   11.391168] calling  alsa_seq_init+0x0/0x4a @ 1
[   11.401113] initcall alsa_seq_init+0x0/0x4a returned 0 after 2054 usecs
[   11.410228] sr 2:0:0:0: Attached scsi CD-ROM sr0
[   11.401206] calling  alsa_seq_dummy_init+0x0/0x9c @ 1
[   11.401206] initcall alsa_seq_dummy_init+0x0/0x9c returned 0 after 120 usecs
[   11.423915] sr 2:0:0:0: Attached scsi generic sg0 type 5
[   11.427921] calling  azx_driver_init+0x0/0x15 @ 1
[   11.453679] initcall azx_driver_init+0x0/0x15 returned 0 after 714 usecs
[   11.464409] calling  sock_diag_init+0x0/0x2a @ 1
[   11.474824] initcall sock_diag_init+0x0/0x2a returned 0 after 3021 usecs
[   11.485365] calling  blackhole_init+0x0/0xc @ 1
[   11.492847] initcall blackhole_init+0x0/0xc returned 0 after 334 usecs
[   11.502889] calling  nfnetlink_init+0x0/0x57 @ 1
[   11.510808] initcall nfnetlink_init+0x0/0x57 returned 0 after 332 usecs
[   11.521144] calling  nfnetlink_log_init+0x0/0x99 @ 1
[   11.530872] initcall nfnetlink_log_init+0x0/0x99 returned 0 after 192 usecs
[   11.542467] calling  nf_conntrack_standalone_init+0x0/0x87 @ 1
[   11.555673] initcall nf_conntrack_standalone_init+0x0/0x87 returned 0 after 2415 usecs
[   11.569207] calling  ctnetlink_init+0x0/0x83 @ 1
[   11.576595] initcall ctnetlink_init+0x0/0x83 returned 0 after 27 usecs
[   11.586449] calling  nf_conntrack_ftp_init+0x0/0x12c @ 1
[   11.594912] initcall nf_conntrack_ftp_init+0x0/0x12c returned 0 after 175 usecs
[   11.606091] calling  nf_conntrack_irc_init+0x0/0x129 @ 1
[   11.614344] initcall nf_conntrack_irc_init+0x0/0x129 returned 0 after 98 usecs
[   11.625662] calling  nf_conntrack_sip_init+0x0/0x172 @ 1
[   11.634045] initcall nf_conntrack_sip_init+0x0/0x172 returned 0 after 7 usecs
[   11.646190] calling  nf_nat_init+0x0/0xd2 @ 1
[   11.655078] initcall nf_nat_init+0x0/0xd2 returned 0 after 699 usecs
[   11.666451] calling  nf_nat_ftp_init+0x0/0x2a @ 1
[   11.674831] initcall nf_nat_ftp_init+0x0/0x2a returned 0 after 1 usecs
