c[?7l[2J[0mSeaBIOS (version 1.16.0-debian-1.16.0-4)
Booting from ROM...
early console in setup code
c[?7l[2J[    0.000000] Linux version 5.10.157+ (root@joelboxx.c.googlers.com) (gcc (Debian 12.2.0-3) 12.2.0, GNU ld (GNU Binutils for Debian) 2.39) #15 Tue Dec 13 03:43:06 UTC 2022
[    0.000000] Command line: selinux=0 initcall_debug debug console=ttyS0 rcutorture.torture_type=srcud rcupdate.rcu_self_test=1 rcutorture.n_barrier_cbs=4 rcutorture.stat_interval=15 rcutorture.shutdown_secs=1800 rcutorture.test_no_idle_hz=1 rcutorture.verbose=1
[    0.000000] x86/fpu: x87 FPU will use FXSAVE
[    0.000000] BIOS-provided physical RAM map:
[    0.000000] BIOS-e820: [mem 0x0000000000000000-0x000000000009fbff] usable
[    0.000000] BIOS-e820: [mem 0x000000000009fc00-0x000000000009ffff] reserved
[    0.000000] BIOS-e820: [mem 0x00000000000f0000-0x00000000000fffff] reserved
[    0.000000] BIOS-e820: [mem 0x0000000000100000-0x000000001ffdefff] usable
[    0.000000] BIOS-e820: [mem 0x000000001ffdf000-0x000000001fffffff] reserved
[    0.000000] BIOS-e820: [mem 0x00000000b0000000-0x00000000bfffffff] reserved
[    0.000000] BIOS-e820: [mem 0x00000000fed1c000-0x00000000fed1ffff] reserved
[    0.000000] BIOS-e820: [mem 0x00000000feffc000-0x00000000feffffff] reserved
[    0.000000] BIOS-e820: [mem 0x00000000fffc0000-0x00000000ffffffff] reserved
[    0.000000] NX (Execute Disable) protection: active
[    0.000000] SMBIOS 2.8 present.
[    0.000000] DMI: QEMU Standard PC (Q35 + ICH9, 2009), BIOS 1.16.0-debian-1.16.0-4 04/01/2014
[    0.000000] Hypervisor detected: KVM
[    0.000000] kvm-clock: Using msrs 4b564d01 and 4b564d00
[    0.000000] kvm-clock: cpu 0, msr 13eb7001, primary cpu clock
[    0.000066] kvm-clock: using sched offset of 3417361659 cycles
[    0.000266] clocksource: kvm-clock: mask: 0xffffffffffffffff max_cycles: 0x1cd42e4dffb, max_idle_ns: 881590591483 ns
[    0.000453] tsc: Detected 1999.999 MHz processor
[    0.009330] e820: update [mem 0x00000000-0x00000fff] usable ==> reserved
[    0.009344] e820: remove [mem 0x000a0000-0x000fffff] usable
[    0.009357] last_pfn = 0x1ffdf max_arch_pfn = 0x400000000
[    0.010459] MTRR default type: write-back
[    0.010500] MTRR fixed ranges enabled:
[    0.010505]   00000-9FFFF write-back
[    0.010508]   A0000-BFFFF uncachable
[    0.010512]   C0000-FFFFF write-protect
[    0.010514] MTRR variable ranges enabled:
[    0.010518]   0 base 00C0000000 mask FFC0000000 uncachable
[    0.010522]   1 disabled
[    0.010525]   2 disabled
[    0.010528]   3 disabled
[    0.010530]   4 disabled
[    0.010533]   5 disabled
[    0.010552]   6 disabled
[    0.010555]   7 disabled
[    0.011106] x86/PAT: Configuration [0-7]: WB  WC  UC- UC  WB  WC  UC- UC  
[    0.023635] found SMP MP-table at [mem 0x000f5ba0-0x000f5baf]
[    0.027193] check: Scanning 1 areas for low memory corruption
[    0.043287] ACPI: Early table checksum verification disabled
[    0.045124] ACPI: RSDP 0x00000000000F59E0 000014 (v00 BOCHS )
[    0.045435] ACPI: RSDT 0x000000001FFE229A 000038 (v01 BOCHS  BXPC     00000001 BXPC 00000001)
[    0.045744] ACPI: FACP 0x000000001FFE2092 0000F4 (v03 BOCHS  BXPC     00000001 BXPC 00000001)
[    0.045881] ACPI: DSDT 0x000000001FFE0040 002052 (v01 BOCHS  BXPC     00000001 BXPC 00000001)
[    0.045889] ACPI: FACS 0x000000001FFE0000 000040
[    0.045896] ACPI: APIC 0x000000001FFE2186 000078 (v01 BOCHS  BXPC     00000001 BXPC 00000001)
[    0.045902] ACPI: HPET 0x000000001FFE21FE 000038 (v01 BOCHS  BXPC     00000001 BXPC 00000001)
[    0.045909] ACPI: MCFG 0x000000001FFE2236 00003C (v01 BOCHS  BXPC     00000001 BXPC 00000001)
[    0.045915] ACPI: WAET 0x000000001FFE2272 000028 (v01 BOCHS  BXPC     00000001 BXPC 00000001)
[    0.045922] ACPI: Reserving FACP table memory at [mem 0x1ffe2092-0x1ffe2185]
[    0.045925] ACPI: Reserving DSDT table memory at [mem 0x1ffe0040-0x1ffe2091]
[    0.045928] ACPI: Reserving FACS table memory at [mem 0x1ffe0000-0x1ffe003f]
[    0.045982] ACPI: Reserving APIC table memory at [mem 0x1ffe2186-0x1ffe21fd]
[    0.046045] ACPI: Reserving HPET table memory at [mem 0x1ffe21fe-0x1ffe2235]
[    0.046047] ACPI: Reserving MCFG table memory at [mem 0x1ffe2236-0x1ffe2271]
[    0.046049] ACPI: Reserving WAET table memory at [mem 0x1ffe2272-0x1ffe2299]
[    0.047951] ACPI: Local APIC address 0xfee00000
[    0.051995] Zone ranges:
[    0.052155]   DMA      [mem 0x0000000000001000-0x0000000000ffffff]
[    0.052229]   DMA32    [mem 0x0000000001000000-0x000000001ffdefff]
[    0.052234]   Normal   empty
[    0.052280] Movable zone start for each node
[    0.052282] Early memory node ranges
[    0.052285]   node   0: [mem 0x0000000000001000-0x000000000009efff]
[    0.052345]   node   0: [mem 0x0000000000100000-0x000000001ffdefff]
[    0.052544] Initmem setup node 0 [mem 0x0000000000001000-0x000000001ffdefff]
[    0.052677] On node 0 totalpages: 130941
[    0.052874]   DMA zone: 64 pages used for memmap
[    0.052877]   DMA zone: 21 pages reserved
[    0.052959]   DMA zone: 3998 pages, LIFO batch:0
[    0.052963]   DMA32 zone: 1984 pages used for memmap
[    0.052965]   DMA32 zone: 126943 pages, LIFO batch:31
[    0.055990] On node 0, zone DMA: 1 pages in unavailable ranges
[    0.056068] On node 0, zone DMA: 97 pages in unavailable ranges
[    0.155768] On node 0, zone DMA32: 33 pages in unavailable ranges
[    0.159496] ACPI: PM-Timer IO Port: 0x608
[    0.159504] ACPI: Local APIC address 0xfee00000
[    0.159690] ACPI: LAPIC_NMI (acpi_id[0xff] dfl dfl lint[0x1])
[    0.160855] IOAPIC[0]: apic_id 0, version 17, address 0xfec00000, GSI 0-23
[    0.161130] ACPI: INT_SRC_OVR (bus 0 bus_irq 0 global_irq 2 dfl dfl)
[    0.161216] ACPI: INT_SRC_OVR (bus 0 bus_irq 5 global_irq 5 high level)
[    0.161219] ACPI: INT_SRC_OVR (bus 0 bus_irq 9 global_irq 9 high level)
[    0.161329] ACPI: INT_SRC_OVR (bus 0 bus_irq 10 global_irq 10 high level)
[    0.161331] ACPI: INT_SRC_OVR (bus 0 bus_irq 11 global_irq 11 high level)
[    0.161335] ACPI: IRQ0 used by override.
[    0.161337] ACPI: IRQ5 used by override.
[    0.161340] ACPI: IRQ9 used by override.
[    0.161342] ACPI: IRQ10 used by override.
[    0.161343] ACPI: IRQ11 used by override.
[    0.161348] Using ACPI (MADT) for SMP configuration information
[    0.161403] ACPI: HPET id: 0x8086a201 base: 0xfed00000
[    0.162521] kvm-guest: stealtime: cpu 0, msr 1365b4c0
[    0.163980] PM: hibernation: Registered nosave memory: [mem 0x00000000-0x00000fff]
[    0.163984] PM: hibernation: Registered nosave memory: [mem 0x0009f000-0x0009ffff]
[    0.163986] PM: hibernation: Registered nosave memory: [mem 0x000a0000-0x000effff]
[    0.163988] PM: hibernation: Registered nosave memory: [mem 0x000f0000-0x000fffff]
[    0.163993] [mem 0x20000000-0xafffffff] available for PCI devices
[    0.164087] Booting paravirtualized kernel on KVM
[    0.164880] clocksource: refined-jiffies: mask: 0xffffffff max_cycles: 0xffffffff, max_idle_ns: 1910969940391419 ns
[    0.203382] pcpu-alloc: s0 r0 d32768 u32768 alloc=1*32768
[    0.203437] pcpu-alloc: [0] 0 
[    0.206045] Built 1 zonelists, mobility grouping on.  Total pages: 128872
[    0.206154] Kernel command line: selinux=0 initcall_debug debug console=ttyS0 rcutorture.torture_type=srcud rcupdate.rcu_self_test=1 rcutorture.n_barrier_cbs=4 rcutorture.stat_interval=15 rcutorture.shutdown_secs=1800 rcutorture.test_no_idle_hz=1 rcutorture.verbose=1
[    0.217099] Dentry cache hash table entries: 65536 (order: 7, 524288 bytes, linear)
[    0.219716] Inode-cache hash table entries: 32768 (order: 6, 262144 bytes, linear)
[    0.220407] mem auto-init: stack:all(zero), heap alloc:off, heap free:off
[    0.226437] Memory: 469272K/523764K available (16397K kernel code, 2822K rwdata, 4748K rodata, 1252K init, 11672K bss, 54232K reserved, 0K cma-reserved)
[    0.227834] SLUB: HWalign=64, Order=0-3, MinObjects=0, CPUs=1, Nodes=1
[    0.228691] Kernel/User page tables isolation: enabled
[    0.238719] Running RCU self tests
[    0.252611] NR_IRQS: 4352, nr_irqs: 256, preallocated irqs: 16
[    0.256299] calling  con_init+0x0/0x24f @ 0
[    0.361256] Console: colour VGA+ 80x25
[    0.361334] initcall con_init+0x0/0x24f returned 0 after 0 usecs
[    0.361339] calling  hvc_console_init+0x0/0x13 @ 0
[    0.361356] initcall hvc_console_init+0x0/0x13 returned 0 after 0 usecs
[    0.361360] calling  univ8250_console_init+0x0/0x26 @ 0
[    1.194822] printk: console [ttyS0] enabled
[    1.200307] initcall univ8250_console_init+0x0/0x26 returned 0 after 0 usecs
[    1.208200] Lock dependency validator: Copyright (c) 2006 Red Hat, Inc., Ingo Molnar
[    1.216858] ... MAX_LOCKDEP_SUBCLASSES:  8
[    1.221415] ... MAX_LOCK_DEPTH:          48
[    1.226229] ... MAX_LOCKDEP_KEYS:        8192
[    1.231247] ... CLASSHASH_SIZE:          4096
[    1.236225] ... MAX_LOCKDEP_ENTRIES:     32768
[    1.241134] ... MAX_LOCKDEP_CHAINS:      65536
[    1.246275] ... CHAINHASH_SIZE:          32768
[    1.252235]  memory used by lock dependency info: 6365 kB
[    1.258576]  memory used for stack traces: 4224 kB
[    1.263735]  per task-struct memory footprint: 1920 bytes
[    1.269723] ACPI: Core revision 20200925
[    1.275576] clocksource: hpet: mask: 0xffffffff max_cycles: 0xffffffff, max_idle_ns: 19112604467 ns
[    1.286652] APIC: Switch to symmetric I/O mode setup
[    1.309772] ..TIMER: vector=0x30 apic1=0 pin1=2 apic2=-1 pin2=-1
[    1.316864] clocksource: tsc-early: mask: 0xffffffffffffffff max_cycles: 0x39a85afc727, max_idle_ns: 881590685098 ns
[    1.328726] Calibrating delay loop (skipped) preset value.. 3999.99 BogoMIPS (lpj=1999999)
[    1.329711] pid_max: default: 32768 minimum: 301
[    1.330976] LSM: Security Framework initializing
[    1.332839] Mount-cache hash table entries: 1024 (order: 1, 8192 bytes, linear)
[    1.333709] Mountpoint-cache hash table entries: 1024 (order: 1, 8192 bytes, linear)
[    1.342488] Last level iTLB entries: 4KB 0, 2MB 0, 4MB 0
[    1.342703] Last level dTLB entries: 4KB 0, 2MB 0, 4MB 0, 1GB 0
[    1.345720] CPU: Intel Common KVM processor (family: 0xf, model: 0x6, stepping: 0x1)
[    1.346722] Spectre V1 : Mitigation: usercopy/swapgs barriers and __user pointer sanitization
[    1.347705] Spectre V2 : Mitigation: Retpolines
[    1.348702] Spectre V2 : Spectre v2 / SpectreRSB mitigation: Filling RSB on context switch
[    1.349761] Spectre V2 : Spectre v2 / SpectreRSB : Filling RSB on VMEXIT
[    1.350704] Speculative Store Bypass: Vulnerable
[    1.351722] MDS: Vulnerable: Clear CPU buffers attempted, no microcode
[    1.352702] MMIO Stale Data: Unknown: No mitigations
[    1.416709] RCU test callback executed 1
[    1.417978] RCU test callback executed 2
[    1.418988] calling  init_hw_perf_events+0x0/0x6ce @ 1
[    1.419705] Performance Events: unsupported Netburst CPU model 6 no PMU driver, software events only.
[    1.420710] initcall init_hw_perf_events+0x0/0x6ce returned 0 after 976 usecs
[    1.421707] calling  init_real_mode+0x0/0x1e9 @ 1
[    1.424341] initcall init_real_mode+0x0/0x1e9 returned 0 after 976 usecs
[    1.424708] calling  trace_init_perf_perm_irq_work_exit+0x0/0x12 @ 1
[    1.426707] initcall trace_init_perf_perm_irq_work_exit+0x0/0x12 returned 0 after 0 usecs
[    1.427729] calling  validate_x2apic+0x0/0x4a @ 1
[    1.428732] initcall validate_x2apic+0x0/0x4a returned 0 after 0 usecs
[    1.429707] calling  register_nmi_cpu_backtrace_handler+0x0/0x15 @ 1
[    1.430734] initcall register_nmi_cpu_backtrace_handler+0x0/0x15 returned 0 after 0 usecs
[    1.431709] calling  kvm_setup_vsyscall_timeinfo+0x0/0x34 @ 1
[    1.433707] initcall kvm_setup_vsyscall_timeinfo+0x0/0x34 returned 0 after 0 usecs
[    1.434746] calling  spawn_ksoftirqd+0x0/0x34 @ 1
[    1.436872] initcall spawn_ksoftirqd+0x0/0x34 returned 0 after 0 usecs
[    1.437708] calling  trace_init_flags_sys_enter+0x0/0xe @ 1
[    1.438709] initcall trace_init_flags_sys_enter+0x0/0xe returned 0 after 0 usecs
[    1.439713] calling  trace_init_flags_sys_exit+0x0/0xe @ 1
[    1.440713] initcall trace_init_flags_sys_exit+0x0/0xe returned 0 after 0 usecs
[    1.441711] calling  init_kprobes+0x0/0x16e @ 1
[    1.444214] initcall init_kprobes+0x0/0x16e returned 0 after 976 usecs
[    1.444709] calling  init_events+0x0/0x3d @ 1
[    1.445766] initcall init_events+0x0/0x3d returned 0 after 0 usecs
[    1.446707] calling  init_trace_printk+0x0/0xc @ 1
[    1.447709] initcall init_trace_printk+0x0/0xc returned 0 after 0 usecs
[    1.448718] calling  event_trace_enable_again+0x0/0x23 @ 1
[    1.449707] initcall event_trace_enable_again+0x0/0x23 returned 0 after 0 usecs
[    1.450706] calling  static_call_init+0x0/0x6f @ 1
[    1.451711] initcall static_call_init+0x0/0x6f returned 0 after 0 usecs
[    1.452719] calling  jump_label_init_module+0x0/0xc @ 1
[    1.453716] initcall jump_label_init_module+0x0/0xc returned 0 after 0 usecs
[    1.454709] calling  init_zero_pfn+0x0/0x37 @ 1
[    1.455707] initcall init_zero_pfn+0x0/0x37 returned 0 after 0 usecs
[    1.456708] calling  initialize_ptr_random+0x0/0x54 @ 1
[    1.458800] initcall initialize_ptr_random+0x0/0x54 returned 0 after 0 usecs
[    1.459708] calling  efi_memreserve_root_init+0x0/0x25 @ 1
[    1.460721] initcall efi_memreserve_root_init+0x0/0x25 returned 0 after 0 usecs
[    1.461712] calling  efi_earlycon_remap_fb+0x0/0x51 @ 1
[    1.462712] initcall efi_earlycon_remap_fb+0x0/0x51 returned 0 after 0 usecs
[    1.567767] devtmpfs: initialized
[    1.570331] calling  ipc_ns_init+0x0/0x3d @ 1
[    1.570780] initcall ipc_ns_init+0x0/0x3d returned 0 after 0 usecs
[    1.571707] calling  init_mmap_min_addr+0x0/0x21 @ 1
[    1.572706] initcall init_mmap_min_addr+0x0/0x21 returned 0 after 0 usecs
[    1.573706] calling  pci_realloc_setup_params+0x0/0x3f @ 1
[    1.574706] initcall pci_realloc_setup_params+0x0/0x3f returned 0 after 0 usecs
[    1.575723] calling  net_ns_init+0x0/0x128 @ 1
[    1.577133] initcall net_ns_init+0x0/0x128 returned 0 after 0 usecs
[    1.578720] calling  e820__register_nvs_regions+0x0/0x37 @ 1
[    1.579707] initcall e820__register_nvs_regions+0x0/0x37 returned 0 after 0 usecs
[    1.580706] calling  cpufreq_register_tsc_scaling+0x0/0x2e @ 1
[    1.581706] initcall cpufreq_register_tsc_scaling+0x0/0x2e returned 0 after 0 usecs
[    1.582707] calling  reboot_init+0x0/0x3c @ 1
[    1.583762] initcall reboot_init+0x0/0x3c returned 0 after 0 usecs
[    1.584707] calling  init_lapic_sysfs+0x0/0x20 @ 1
[    1.586706] initcall init_lapic_sysfs+0x0/0x20 returned 0 after 976 usecs
[    1.587707] calling  wq_sysfs_init+0x0/0x2a @ 1
[    1.589797] initcall wq_sysfs_init+0x0/0x2a returned 0 after 0 usecs
[    1.590708] calling  ksysfs_init+0x0/0x92 @ 1
[    1.591746] initcall ksysfs_init+0x0/0x92 returned 0 after 0 usecs
[    1.592706] calling  pm_init+0x0/0x76 @ 1
[    1.593779] initcall pm_init+0x0/0x76 returned 0 after 0 usecs
[    1.594707] calling  pm_disk_init+0x0/0x13 @ 1
[    1.595787] initcall pm_disk_init+0x0/0x13 returned 0 after 0 usecs
[    1.596707] calling  swsusp_header_init+0x0/0x2b @ 1
[    1.597708] initcall swsusp_header_init+0x0/0x2b returned 0 after 0 usecs
[    1.598707] calling  rcu_set_runtime_mode+0x0/0x25 @ 1
[    1.599706] initcall rcu_set_runtime_mode+0x0/0x25 returned 0 after 0 usecs
[    1.600708] calling  init_jiffies_clocksource+0x0/0x13 @ 1
[    1.601706] clocksource: jiffies: mask: 0xffffffff max_cycles: 0xffffffff, max_idle_ns: 1911260446275000 ns
[    1.602711] initcall init_jiffies_clocksource+0x0/0x13 returned 0 after 976 usecs
[    1.603711] calling  futex_init+0x0/0xf8 @ 1
[    1.604711] futex hash table entries: 256 (order: 2, 22528 bytes, linear)
[    1.605749] initcall futex_init+0x0/0xf8 returned 0 after 976 usecs
[    1.606705] calling  cgroup_wq_init+0x0/0x28 @ 1
[    1.607723] initcall cgroup_wq_init+0x0/0x28 returned 0 after 0 usecs
[    1.608708] calling  cgroup1_wq_init+0x0/0x28 @ 1
[    1.609727] initcall cgroup1_wq_init+0x0/0x28 returned 0 after 0 usecs
[    1.611709] calling  init_kprobe_trace_early+0x0/0x2a @ 1
[    1.612816] initcall init_kprobe_trace_early+0x0/0x2a returned 0 after 0 usecs
[    1.613708] calling  fsnotify_init+0x0/0x56 @ 1
[    1.614720] initcall fsnotify_init+0x0/0x56 returned 0 after 0 usecs
[    1.615709] calling  filelock_init+0x0/0x7f @ 1
[    1.616740] initcall filelock_init+0x0/0x7f returned 0 after 0 usecs
[    1.617706] calling  init_misc_binfmt+0x0/0x2c @ 1
[    1.618800] initcall init_misc_binfmt+0x0/0x2c returned 0 after 0 usecs
[    1.619707] calling  init_script_binfmt+0x0/0x15 @ 1
[    1.620726] initcall init_script_binfmt+0x0/0x15 returned 0 after 0 usecs
[    1.621706] calling  init_elf_binfmt+0x0/0x15 @ 1
[    1.622712] initcall init_elf_binfmt+0x0/0x15 returned 0 after 0 usecs
[    1.623705] calling  init_compat_elf_binfmt+0x0/0x15 @ 1
[    1.625707] initcall init_compat_elf_binfmt+0x0/0x15 returned 0 after 0 usecs
[    1.626705] calling  debugfs_init+0x0/0x5c @ 1
[    1.627733] initcall debugfs_init+0x0/0x5c returned 0 after 0 usecs
[    1.628706] calling  tracefs_init+0x0/0x3a @ 1
[    1.629741] initcall tracefs_init+0x0/0x3a returned 0 after 0 usecs
[    1.630707] calling  prandom_init_early+0x0/0x111 @ 1
[    1.632725] initcall prandom_init_early+0x0/0x111 returned 0 after 0 usecs
[    1.633809] calling  virtio_init+0x0/0x20 @ 1
[    1.634757] initcall virtio_init+0x0/0x20 returned 0 after 0 usecs
[    1.635708] calling  iommu_init+0x0/0x2a @ 1
[    1.636734] initcall iommu_init+0x0/0x2a returned 0 after 0 usecs
[    1.637707] calling  component_debug_init+0x0/0x1c @ 1
[    1.638940] initcall component_debug_init+0x0/0x1c returned 0 after 0 usecs
[    1.639708] calling  early_resume_init+0x0/0xb9 @ 1
[    1.641703] PM: RTC time: 03:48:45, date: 2022-12-13
[    1.642736] initcall early_resume_init+0x0/0xb9 returned 0 after 1953 usecs
[    1.643711] calling  cpufreq_core_init+0x0/0x62 @ 1
[    1.644786] initcall cpufreq_core_init+0x0/0x62 returned 0 after 0 usecs
[    1.645709] calling  cpufreq_gov_performance_init+0x0/0xc @ 1
[    1.646828] initcall cpufreq_gov_performance_init+0x0/0xc returned 0 after 0 usecs
[    1.647711] calling  cpufreq_gov_userspace_init+0x0/0xc @ 1
[    1.648711] initcall cpufreq_gov_userspace_init+0x0/0xc returned 0 after 0 usecs
[    1.649709] calling  CPU_FREQ_GOV_ONDEMAND_init+0x0/0xc @ 1
[    1.650711] initcall CPU_FREQ_GOV_ONDEMAND_init+0x0/0xc returned 0 after 0 usecs
[    1.651708] calling  cpuidle_init+0x0/0x1f @ 1
[    1.652751] initcall cpuidle_init+0x0/0x1f returned 0 after 0 usecs
[    1.654708] calling  capsule_reboot_register+0x0/0xc @ 1
[    1.655756] initcall capsule_reboot_register+0x0/0xc returned 0 after 0 usecs
[    1.656710] calling  sock_init+0x0/0x93 @ 1
[    1.658472] initcall sock_init+0x0/0x93 returned 0 after 0 usecs
[    1.658710] calling  net_inuse_init+0x0/0x23 @ 1
[    1.659795] initcall net_inuse_init+0x0/0x23 returned 0 after 0 usecs
[    1.660708] calling  net_defaults_init+0x0/0x23 @ 1
[    1.661708] initcall net_defaults_init+0x0/0x23 returned 0 after 0 usecs
[    1.662706] calling  init_default_flow_dissectors+0x0/0x4f @ 1
[    1.663730] initcall init_default_flow_dissectors+0x0/0x4f returned 0 after 0 usecs
[    1.664708] calling  netpoll_init+0x0/0x44 @ 1
[    1.665708] initcall netpoll_init+0x0/0x44 returned 0 after 0 usecs
[    1.666710] calling  netlink_proto_init+0x0/0x154 @ 1
[    1.668034] NET: Registered protocol family 16
[    1.669721] initcall netlink_proto_init+0x0/0x154 returned 0 after 1953 usecs
[    1.670708] calling  genl_init+0x0/0x35 @ 1
[    1.671788] initcall genl_init+0x0/0x35 returned 0 after 0 usecs
[    1.672811] calling  bsp_pm_check_init+0x0/0x13 @ 1
[    1.674711] initcall bsp_pm_check_init+0x0/0x13 returned 0 after 0 usecs
[    1.676717] calling  irq_sysfs_init+0x0/0xb9 @ 1
[    1.678029] initcall irq_sysfs_init+0x0/0xb9 returned 0 after 0 usecs
[    1.678709] calling  audit_init+0x0/0x127 @ 1
[    1.679720] audit: initializing netlink subsys (disabled)
[    1.680939] initcall audit_init+0x0/0x127 returned 0 after 976 usecs
[    1.681710] calling  release_early_probes+0x0/0x32 @ 1
[    1.682716] initcall release_early_probes+0x0/0x32 returned 0 after 0 usecs
[    1.683708] calling  bdi_class_init+0x0/0x48 @ 1
[    1.684742] initcall bdi_class_init+0x0/0x48 returned 0 after 0 usecs
[    1.685707] calling  mm_sysfs_init+0x0/0x28 @ 1
[    1.686717] initcall mm_sysfs_init+0x0/0x28 returned 0 after 0 usecs
[    1.687708] calling  init_per_zone_wmark_min+0x0/0x5e @ 1
[    1.688936] initcall init_per_zone_wmark_min+0x0/0x5e returned 0 after 0 usecs
[    1.689708] calling  mpi_init+0x0/0x3e @ 1
[    1.690729] initcall mpi_init+0x0/0x3e returned 0 after 0 usecs
[    1.691707] calling  kobject_uevent_init+0x0/0xc @ 1
[    1.692738] initcall kobject_uevent_init+0x0/0xc returned 0 after 0 usecs
[    1.693707] calling  pcibus_class_init+0x0/0x13 @ 1
[    1.695740] initcall pcibus_class_init+0x0/0x13 returned 0 after 0 usecs
[    1.696707] calling  pci_driver_init+0x0/0x21 @ 1
[    1.697772] initcall pci_driver_init+0x0/0x21 returned 0 after 0 usecs
[    1.698707] calling  backlight_class_init+0x0/0xa8 @ 1
[    1.700750] initcall backlight_class_init+0x0/0xa8 returned 0 after 0 usecs
[    1.701709] calling  tty_class_init+0x0/0x33 @ 1
[    1.702728] initcall tty_class_init+0x0/0x33 returned 0 after 0 usecs
[    1.703707] calling  vtconsole_class_init+0x0/0xb5 @ 1
[    1.704846] initcall vtconsole_class_init+0x0/0xb5 returned 0 after 0 usecs
[    1.705708] calling  iommu_dev_init+0x0/0x13 @ 1
[    1.706750] initcall iommu_dev_init+0x0/0x13 returned 0 after 0 usecs
[    1.707710] calling  mipi_dsi_bus_init+0x0/0xc @ 1
[    1.708749] initcall mipi_dsi_bus_init+0x0/0xc returned 0 after 0 usecs
[    1.709707] calling  devlink_class_init+0x0/0x40 @ 1
[    1.710750] initcall devlink_class_init+0x0/0x40 returned 0 after 0 usecs
[    1.711711] calling  software_node_init+0x0/0x2a @ 1
[    1.712722] initcall software_node_init+0x0/0x2a returned 0 after 0 usecs
[    1.713711] calling  wakeup_sources_debugfs_init+0x0/0x23 @ 1
[    1.714729] initcall wakeup_sources_debugfs_init+0x0/0x23 returned 0 after 0 usecs
[    1.715709] calling  wakeup_sources_sysfs_init+0x0/0x2c @ 1
[    1.716739] initcall wakeup_sources_sysfs_init+0x0/0x2c returned 0 after 0 usecs
[    1.717708] calling  regmap_initcall+0x0/0xc @ 1
[    1.719705] initcall regmap_initcall+0x0/0xc returned 0 after 976 usecs
[    1.720707] calling  i2c_init+0x0/0xb3 @ 1
[    1.721921] initcall i2c_init+0x0/0xb3 returned 0 after 0 usecs
[    1.722712] calling  thermal_init+0x0/0x116 @ 1
[    1.723810] thermal_sys: Registered thermal governor 'step_wise'
[    1.723826] thermal_sys: Registered thermal governor 'user_space'
[    1.724724] initcall thermal_init+0x0/0x116 returned 0 after 976 usecs
[    1.726709] calling  init_menu+0x0/0xc @ 1
[    1.727843] cpuidle: using governor menu
[    1.728710] initcall init_menu+0x0/0xc returned 0 after 976 usecs
[    1.729710] calling  pcc_init+0x0/0x4d @ 1
[    1.730738] initcall pcc_init+0x0/0x4d returned -19 after 0 usecs
[    1.731709] calling  amd_postcore_init+0x0/0x11e @ 1
[    1.732708] initcall amd_postcore_init+0x0/0x11e returned 0 after 0 usecs
[    1.733722] calling  bts_init+0x0/0xba @ 1
[    1.734707] initcall bts_init+0x0/0xba returned -19 after 0 usecs
[    1.735708] calling  pt_init+0x0/0x2f7 @ 1
[    1.736799] initcall pt_init+0x0/0x2f7 returned -19 after 0 usecs
[    1.737707] calling  boot_params_ksysfs_init+0x0/0x2ee @ 1
[    1.738737] initcall boot_params_ksysfs_init+0x0/0x2ee returned 0 after 0 usecs
[    1.739706] calling  sbf_init+0x0/0xea @ 1
[    1.740706] initcall sbf_init+0x0/0xea returned 0 after 0 usecs
[    1.741707] calling  arch_kdebugfs_init+0x0/0x219 @ 1
[    1.742811] initcall arch_kdebugfs_init+0x0/0x219 returned 0 after 0 usecs
[    1.743708] calling  intel_pconfig_init+0x0/0x85 @ 1
[    1.744707] initcall intel_pconfig_init+0x0/0x85 returned 0 after 0 usecs
[    1.745709] calling  mtrr_if_init+0x0/0x5d @ 1
[    1.746715] initcall mtrr_if_init+0x0/0x5d returned 0 after 0 usecs
[    1.747706] calling  activate_jump_labels+0x0/0x31 @ 1
[    1.748706] initcall activate_jump_labels+0x0/0x31 returned 0 after 0 usecs
[    1.749706] calling  ffh_cstate_init+0x0/0x29 @ 1
[    1.750712] initcall ffh_cstate_init+0x0/0x29 returned 0 after 0 usecs
[    1.751705] calling  activate_jump_labels+0x0/0x31 @ 1
[    1.752808] initcall activate_jump_labels+0x0/0x31 returned 0 after 0 usecs
[    1.753707] calling  kvm_alloc_cpumask+0x0/0x2b @ 1
[    1.755737] initcall kvm_alloc_cpumask+0x0/0x2b returned 0 after 0 usecs
[    1.756713] calling  kcmp_cookies_init+0x0/0x37 @ 1
[    1.757719] initcall kcmp_cookies_init+0x0/0x37 returned 0 after 0 usecs
[    1.758712] calling  cryptomgr_init+0x0/0xc @ 1
[    1.759794] initcall cryptomgr_init+0x0/0xc returned 0 after 0 usecs
[    1.760709] calling  acpi_pci_init+0x0/0x57 @ 1
[    1.761718] ACPI: bus type PCI registered
[    1.762710] initcall acpi_pci_init+0x0/0x57 returned 0 after 976 usecs
[    1.763709] calling  dma_channel_table_init+0x0/0xce @ 1
[    1.764722] initcall dma_channel_table_init+0x0/0xce returned 0 after 0 usecs
[    1.766707] calling  dma_bus_init+0x0/0xdc @ 1
[    1.767783] initcall dma_bus_init+0x0/0xdc returned 0 after 0 usecs
[    1.768808] calling  iommu_dma_init+0x0/0x10 @ 1
[    1.769825] initcall iommu_dma_init+0x0/0x10 returned 0 after 0 usecs
[    1.770707] calling  dmi_id_init+0x0/0x37c @ 1
[    1.771843] initcall dmi_id_init+0x0/0x37c returned 0 after 0 usecs
[    1.772762] calling  pci_arch_init+0x0/0x71 @ 1
[    1.776120] PCI: MMCONFIG for domain 0000 [bus 00-ff] at [mem 0xb0000000-0xbfffffff] (base 0xb0000000)
[    1.777703] PCI: MMCONFIG at [mem 0xb0000000-0xbfffffff] reserved in E820
[    1.778770] PCI: Using configuration type 1 for base access
[    1.779754] initcall pci_arch_init+0x0/0x71 returned 0 after 4882 usecs
[    1.780724] calling  init_vdso+0x0/0x13 @ 1
[    1.781757] initcall init_vdso+0x0/0x13 returned 0 after 0 usecs
[    1.782706] calling  sysenter_setup+0x0/0x13 @ 1
[    1.783741] initcall sysenter_setup+0x0/0x13 returned 0 after 0 usecs
[    1.784706] calling  fixup_ht_bug+0x0/0x7f @ 1
[    1.785705] initcall fixup_ht_bug+0x0/0x7f returned 0 after 0 usecs
[    1.786710] calling  topology_init+0x0/0x15 @ 1
[    1.787969] initcall topology_init+0x0/0x15 returned 0 after 0 usecs
[    1.788707] calling  intel_epb_init+0x0/0x68 @ 1
[    1.789711] initcall intel_epb_init+0x0/0x68 returned -19 after 0 usecs
[    1.790707] calling  mtrr_init_finialize+0x0/0x3e @ 1
[    1.791708] initcall mtrr_init_finialize+0x0/0x3e returned 0 after 0 usecs
[    1.792707] calling  uid_cache_init+0x0/0x85 @ 1
[    1.794736] initcall uid_cache_init+0x0/0x85 returned 0 after 0 usecs
[    1.795707] calling  param_sysfs_init+0x0/0x1ba @ 1
[    1.806643] initcall param_sysfs_init+0x0/0x1ba returned 0 after 8789 usecs
[    1.806713] calling  user_namespace_sysctl_init+0x0/0x33 @ 1
[    1.807721] initcall user_namespace_sysctl_init+0x0/0x33 returned 0 after 0 usecs
[    1.808706] calling  proc_schedstat_init+0x0/0x24 @ 1
[    1.810713] initcall proc_schedstat_init+0x0/0x24 returned 0 after 0 usecs
[    1.811710] calling  pm_sysrq_init+0x0/0x18 @ 1
[    1.812740] initcall pm_sysrq_init+0x0/0x18 returned 0 after 0 usecs
[    1.813791] calling  create_proc_profile+0x0/0x50 @ 1
[    1.814717] initcall create_proc_profile+0x0/0x50 returned 0 after 0 usecs
[    1.815713] calling  time_ns_init+0x0/0x7 @ 1
[    1.816713] initcall time_ns_init+0x0/0x7 returned 0 after 0 usecs
[    1.817713] calling  crash_save_vmcoreinfo_init+0x0/0x756 @ 1
[    1.818856] initcall crash_save_vmcoreinfo_init+0x0/0x756 returned 0 after 0 usecs
[    1.819708] calling  crash_notes_memory_init+0x0/0x35 @ 1
[    1.820713] initcall crash_notes_memory_init+0x0/0x35 returned 0 after 0 usecs
[    1.821705] calling  cgroup_sysfs_init+0x0/0x13 @ 1
[    1.822717] initcall cgroup_sysfs_init+0x0/0x13 returned 0 after 0 usecs
[    1.823705] calling  cgroup_namespaces_init+0x0/0x7 @ 1
[    1.824705] initcall cgroup_namespaces_init+0x0/0x7 returned 0 after 0 usecs
[    1.825704] calling  init_optprobes+0x0/0x13 @ 1
[    1.826833] Kprobes globally optimized
[    1.827706] initcall init_optprobes+0x0/0x13 returned 0 after 976 usecs
[    1.828705] calling  oom_init+0x0/0x2f @ 1
[    1.830050] audit: type=2000 audit(1670903324.530:1): state=initialized audit_enabled=0 res=1
[    1.830740] initcall oom_init+0x0/0x2f returned 0 after 976 usecs
[    1.831706] calling  default_bdi_init+0x0/0xb3 @ 1
[    1.832921] initcall default_bdi_init+0x0/0xb3 returned 0 after 0 usecs
[    1.833730] calling  percpu_enable_async+0x0/0xe @ 1
[    1.834704] initcall percpu_enable_async+0x0/0xe returned 0 after 0 usecs
[    1.835704] calling  kcompactd_init+0x0/0x46 @ 1
[    1.836799] initcall kcompactd_init+0x0/0x46 returned 0 after 0 usecs
[    1.837787] calling  init_user_reserve+0x0/0x30 @ 1
[    1.838705] initcall init_user_reserve+0x0/0x30 returned 0 after 0 usecs
[    1.839704] calling  init_admin_reserve+0x0/0x30 @ 1
[    1.840704] initcall init_admin_reserve+0x0/0x30 returned 0 after 0 usecs
[    1.841706] calling  init_reserve_notifier+0x0/0x7 @ 1
[    1.842705] initcall init_reserve_notifier+0x0/0x7 returned 0 after 0 usecs
[    1.843705] calling  swap_init_sysfs+0x0/0x62 @ 1
[    1.844717] initcall swap_init_sysfs+0x0/0x62 returned 0 after 0 usecs
[    1.845704] calling  swapfile_init+0x0/0x46 @ 1
[    1.846708] initcall swapfile_init+0x0/0x46 returned 0 after 0 usecs
[    1.847706] calling  hugetlb_init+0x0/0x42c @ 1
[    1.848727] HugeTLB registered 2.00 MiB page size, pre-allocated 0 pages
[    1.849746] initcall hugetlb_init+0x0/0x42c returned 0 after 976 usecs
[    1.850707] calling  io_wq_init+0x0/0x34 @ 1
[    1.851707] initcall io_wq_init+0x0/0x34 returned 0 after 0 usecs
[    1.855431] calling  seqiv_module_init+0x0/0xc @ 1
[    1.858730] initcall seqiv_module_init+0x0/0xc returned 0 after 2929 usecs
[    1.859707] calling  echainiv_module_init+0x0/0xc @ 1
[    1.860708] initcall echainiv_module_init+0x0/0xc returned 0 after 0 usecs
[    1.862008] calling  rsa_init+0x0/0x50 @ 1
[    1.871179] cryptomgr_test (18) used greatest stack depth: 14864 bytes left
[    1.872151] initcall rsa_init+0x0/0x50 returned 0 after 8789 usecs
[    1.872723] calling  crypto_cmac_module_init+0x0/0xc @ 1
[    1.873708] initcall crypto_cmac_module_init+0x0/0xc returned 0 after 0 usecs
[    1.874706] calling  hmac_module_init+0x0/0xc @ 1
[    1.875706] initcall hmac_module_init+0x0/0xc returned 0 after 0 usecs
[    1.876705] calling  crypto_null_mod_init+0x0/0x65 @ 1
[    1.878015] initcall crypto_null_mod_init+0x0/0x65 returned 0 after 0 usecs
[    1.878709] calling  md5_mod_init+0x0/0xc @ 1
[    1.880723] initcall md5_mod_init+0x0/0xc returned 0 after 976 usecs
[    1.881710] calling  sha256_generic_mod_init+0x0/0x11 @ 1
[    1.882857] initcall sha256_generic_mod_init+0x0/0x11 returned 0 after 0 usecs
[    1.883707] calling  crypto_cbc_module_init+0x0/0xc @ 1
[    1.884709] initcall crypto_cbc_module_init+0x0/0xc returned 0 after 0 usecs
[    1.885707] calling  crypto_ctr_module_init+0x0/0x11 @ 1
[    1.886727] initcall crypto_ctr_module_init+0x0/0x11 returned 0 after 0 usecs
[    1.887706] calling  crypto_gcm_module_init+0x0/0x64 @ 1
[    1.888757] initcall crypto_gcm_module_init+0x0/0x64 returned 0 after 0 usecs
[    1.889706] calling  crypto_ccm_module_init+0x0/0x11 @ 1
[    1.890709] initcall crypto_ccm_module_init+0x0/0x11 returned 0 after 0 usecs
[    1.891708] calling  aes_init+0x0/0xc @ 1
[    1.892844] initcall aes_init+0x0/0xc returned 0 after 0 usecs
[    1.893725] calling  crc32c_mod_init+0x0/0xc @ 1
[    1.894801] initcall crc32c_mod_init+0x0/0xc returned 0 after 0 usecs
[    1.895707] calling  crypto_authenc_module_init+0x0/0xc @ 1
[    1.896709] initcall crypto_authenc_module_init+0x0/0xc returned 0 after 0 usecs
[    1.897707] calling  crypto_authenc_esn_module_init+0x0/0xc @ 1
[    1.898710] initcall crypto_authenc_esn_module_init+0x0/0xc returned 0 after 0 usecs
[    1.899710] calling  drbg_init+0x0/0x7c @ 1
[    1.901739] initcall drbg_init+0x0/0x7c returned 0 after 976 usecs
[    1.902708] calling  ghash_mod_init+0x0/0xc @ 1
[    1.903845] initcall ghash_mod_init+0x0/0xc returned 0 after 0 usecs
[    1.904710] calling  init_bio+0x0/0x9a @ 1
[    1.907124] initcall init_bio+0x0/0x9a returned 0 after 976 usecs
[    1.907710] calling  blk_settings_init+0x0/0x29 @ 1
[    1.908708] initcall blk_settings_init+0x0/0x29 returned 0 after 0 usecs
[    1.909707] calling  blk_ioc_init+0x0/0x29 @ 1
[    1.910714] initcall blk_ioc_init+0x0/0x29 returned 0 after 0 usecs
[    1.911708] calling  blk_mq_init+0x0/0x96 @ 1
[    1.913854] initcall blk_mq_init+0x0/0x96 returned 0 after 976 usecs
[    1.914710] calling  genhd_device_init+0x0/0x75 @ 1
[    1.918731] initcall genhd_device_init+0x0/0x75 returned 0 after 2929 usecs
[    1.919984] calling  pci_slot_init+0x0/0x40 @ 1
[    1.922788] initcall pci_slot_init+0x0/0x40 returned 0 after 976 usecs
[    1.923711] calling  fbmem_init+0x0/0xd8 @ 1
[    1.933545] initcall fbmem_init+0x0/0xd8 returned 0 after 7812 usecs
[    1.933711] calling  acpi_init+0x0/0x316 @ 1
[    1.938704] ACPI: Added _OSI(Module Device)
[    1.939709] ACPI: Added _OSI(Processor Device)
[    1.940707] ACPI: Added _OSI(3.0 _SCP Extensions)
[    1.941715] ACPI: Added _OSI(Processor Aggregator Device)
[    1.942715] ACPI: Added _OSI(Linux-Dell-Video)
[    1.943711] ACPI: Added _OSI(Linux-Lenovo-NV-HDMI-Audio)
[    1.944712] ACPI: Added _OSI(Linux-HPI-Hybrid-Graphics)
[    1.950901] ACPI: 1 ACPI AML tables successfully acquired and loaded
[    1.963734] ACPI: Interpreter enabled
[    1.966919] ACPI: (supports S0 S3 S4 S5)
[    1.967992] ACPI: Using IOAPIC for interrupt routing
[    1.969847] PCI: Using host bridge windows from ACPI; if necessary, use "pci=nocrs" and report a bug
[    1.972698] ACPI: Enabled 2 GPEs in block 00 to 3F
[    1.988742] ACPI: PCI Root Bridge [PCI0] (domain 0000 [bus 00-ff])
[    1.990957] acpi PNP0A08:00: _OSC: OS supports [ExtendedConfig ASPM ClockPM Segments MSI HPX-Type3]
[    1.993328] acpi PNP0A08:00: _OSC: platform does not support [LTR]
[    1.994771] acpi PNP0A08:00: _OSC: OS now controls [PME PCIeCapability]
[    2.000002] PCI host bridge to bus 0000:00
[    2.000797] pci_bus 0000:00: root bus resource [io  0x0000-0x0cf7 window]
[    2.001707] pci_bus 0000:00: root bus resource [io  0x0d00-0xffff window]
[    2.002708] pci_bus 0000:00: root bus resource [mem 0x000a0000-0x000bffff window]
[    2.003709] pci_bus 0000:00: root bus resource [mem 0x20000000-0xafffffff window]
[    2.004794] pci_bus 0000:00: root bus resource [mem 0xc0000000-0xfebfffff window]
[    2.005722] pci_bus 0000:00: root bus resource [mem 0x100000000-0x8ffffffff window]
[    2.007708] pci_bus 0000:00: root bus resource [bus 00-ff]
[    2.009587] pci 0000:00:00.0: calling  quirk_mmio_always_on+0x0/0x10 @ 1
[    2.009796] pci 0000:00:00.0: quirk_mmio_always_on+0x0/0x10 took 0 usecs
[    2.010707] pci 0000:00:00.0: [8086:29c0] type 00 class 0x060000
[    2.016220] pci 0000:00:00.0: calling  quirk_igfx_skip_te_disable+0x0/0x80 @ 1
[    2.016756] pci 0000:00:00.0: quirk_igfx_skip_te_disable+0x0/0x80 took 0 usecs
[    2.020209] pci 0000:00:01.0: [1234:1111] type 00 class 0x030000
[    2.026604] pci 0000:00:01.0: reg 0x10: [mem 0xfd000000-0xfdffffff pref]
[    2.037634] pci 0000:00:01.0: reg 0x18: [mem 0xfebf0000-0xfebf0fff]
[    2.053615] pci 0000:00:01.0: reg 0x30: [mem 0xfebe0000-0xfebeffff pref]
[    2.057307] pci 0000:00:01.0: calling  efifb_fixup_resources+0x0/0xf0 @ 1
[    2.057844] pci 0000:00:01.0: efifb_fixup_resources+0x0/0xf0 took 0 usecs
[    2.067952] pci 0000:00:1f.0: [8086:2918] type 00 class 0x060100
[    2.074803] pci 0000:00:1f.0: calling  quirk_ich7_lpc+0x0/0x60 @ 1
[    2.076904] pci 0000:00:1f.0: quirk: [io  0x0600-0x067f] claimed by ICH6 ACPI/GPIO/TCO
[    2.079162] pci 0000:00:1f.0: quirk_ich7_lpc+0x0/0x60 took 2929 usecs
[    2.079822] pci 0000:00:1f.0: calling  quirk_igfx_skip_te_disable+0x0/0x80 @ 1
[    2.080770] pci 0000:00:1f.0: quirk_igfx_skip_te_disable+0x0/0x80 took 0 usecs
[    2.083704] pci 0000:00:1f.2: [8086:2922] type 00 class 0x010601
[    2.095710] pci 0000:00:1f.2: reg 0x20: [io  0xc040-0xc05f]
[    2.098707] pci 0000:00:1f.2: reg 0x24: [mem 0xfebf1000-0xfebf1fff]
[    2.101948] pci 0000:00:1f.2: calling  quirk_igfx_skip_te_disable+0x0/0x80 @ 1
[    2.102714] pci 0000:00:1f.2: quirk_igfx_skip_te_disable+0x0/0x80 took 0 usecs
[    2.108596] pci 0000:00:1f.3: [8086:2930] type 00 class 0x0c0500
[    2.115331] pci 0000:00:1f.3: reg 0x20: [io  0x0700-0x073f]
[    2.117940] pci 0000:00:1f.3: calling  quirk_igfx_skip_te_disable+0x0/0x80 @ 1
[    2.118712] pci 0000:00:1f.3: quirk_igfx_skip_te_disable+0x0/0x80 took 0 usecs
[    2.121915] pci_bus 0000:00: on NUMA node 0
[    2.129953] ACPI: PCI Interrupt Link [LNKA] (IRQs 5 *10 11)
[    2.131218] ACPI: PCI Interrupt Link [LNKB] (IRQs 5 *10 11)
[    2.133201] ACPI: PCI Interrupt Link [LNKC] (IRQs 5 10 *11)
[    2.134199] ACPI: PCI Interrupt Link [LNKD] (IRQs 5 10 *11)
[    2.136195] ACPI: PCI Interrupt Link [LNKE] (IRQs 5 *10 11)
[    2.137851] ACPI: PCI Interrupt Link [LNKF] (IRQs 5 *10 11)
[    2.140179] ACPI: PCI Interrupt Link [LNKG] (IRQs 5 10 *11)
[    2.141232] ACPI: PCI Interrupt Link [LNKH] (IRQs 5 10 *11)
[    2.141912] ACPI: PCI Interrupt Link [GSIA] (IRQs *16)
[    2.142737] ACPI: PCI Interrupt Link [GSIB] (IRQs *17)
[    2.143741] ACPI: PCI Interrupt Link [GSIC] (IRQs *18)
[    2.144746] ACPI: PCI Interrupt Link [GSID] (IRQs *19)
[    2.145734] ACPI: PCI Interrupt Link [GSIE] (IRQs *20)
[    2.146741] ACPI: PCI Interrupt Link [GSIF] (IRQs *21)
[    2.147736] ACPI: PCI Interrupt Link [GSIG] (IRQs *22)
[    2.148735] ACPI: PCI Interrupt Link [GSIH] (IRQs *23)
[    2.158698] initcall acpi_init+0x0/0x316 returned 0 after 217773 usecs
[    2.160853] calling  pnp_init+0x0/0xc @ 1
[    2.161887] initcall pnp_init+0x0/0xc returned 0 after 0 usecs
[    2.162719] calling  misc_init+0x0/0xbf @ 1
[    2.165708] initcall misc_init+0x0/0xbf returned 0 after 1953 usecs
[    2.166709] calling  iommu_subsys_init+0x0/0x4e @ 1
[    2.168703] iommu: Default domain type: Translated 
[    2.169711] initcall iommu_subsys_init+0x0/0x4e returned 0 after 1953 usecs
[    2.170712] calling  vga_arb_device_init+0x0/0x261 @ 1
[    2.193698] pci 0000:00:01.0: vgaarb: setting as boot VGA device
[    2.193698] pci 0000:00:01.0: vgaarb: VGA device added: decodes=io+mem,owns=io+mem,locks=none
[    2.193709] pci 0000:00:01.0: vgaarb: bridge control possible
[    2.195706] vgaarb: loaded
[    2.196717] initcall vga_arb_device_init+0x0/0x261 returned 0 after 24414 usecs
[    2.198698] calling  cn_init+0x0/0xf0 @ 1
[    2.207905] initcall cn_init+0x0/0xf0 returned 0 after 7812 usecs
[    2.208712] calling  dma_buf_init+0x0/0xad @ 1
[    2.221273] initcall dma_buf_init+0x0/0xad returned 0 after 10742 usecs
[    2.221710] calling  dma_resv_lockdep+0x0/0x27f @ 1
[    2.230709] initcall dma_resv_lockdep+0x0/0x27f returned 0 after 7812 usecs
[    2.232065] calling  init_scsi+0x0/0x79 @ 1
[    2.245738] SCSI subsystem initialized
[    2.246711] initcall init_scsi+0x0/0x79 returned 0 after 13671 usecs
[    2.247709] calling  ata_init+0x0/0x332 @ 1
[    2.265222] libata version 3.00 loaded.
[    2.265712] initcall ata_init+0x0/0x332 returned 0 after 16601 usecs
[    2.266710] calling  phy_init+0x0/0x250 @ 1
[    2.274393] initcall phy_init+0x0/0x250 returned 0 after 5859 usecs
[    2.274708] calling  init_pcmcia_cs+0x0/0x35 @ 1
[    2.277720] initcall init_pcmcia_cs+0x0/0x35 returned 0 after 1953 usecs
[    2.278708] calling  usb_common_init+0x0/0x1c @ 1
[    2.280548] initcall usb_common_init+0x0/0x1c returned 0 after 0 usecs
[    2.280709] calling  usb_init+0x0/0x12e @ 1
[    2.283709] ACPI: bus type USB registered
[    2.292489] usbcore: registered new interface driver usbfs
[    2.294736] usbcore: registered new interface driver hub
[    2.296729] usbcore: registered new device driver usb
[    2.297711] initcall usb_init+0x0/0x12e returned 0 after 15625 usecs
[    2.299708] calling  serio_init+0x0/0x29 @ 1
[    2.302734] initcall serio_init+0x0/0x29 returned 0 after 1953 usecs
[    2.303709] calling  input_init+0x0/0xf6 @ 1
[    2.305987] initcall input_init+0x0/0xf6 returned 0 after 976 usecs
[    2.306708] calling  rtc_init+0x0/0x4d @ 1
[    2.308999] initcall rtc_init+0x0/0x4d returned 0 after 976 usecs
[    2.309707] calling  pps_init+0x0/0xa9 @ 1
[    2.312093] pps_core: LinuxPPS API ver. 1 registered
[    2.312705] pps_core: Software ver. 5.3.6 - Copyright 2005-2007 Rodolfo Giometti <giometti@linux.it>
[    2.314164] initcall pps_init+0x0/0xa9 returned 0 after 2929 usecs
[    2.315708] calling  ptp_init+0x0/0x98 @ 1
[    2.316726] PTP clock support registered
[    2.317707] initcall ptp_init+0x0/0x98 returned 0 after 976 usecs
[    2.318706] calling  power_supply_class_init+0x0/0x3f @ 1
[    2.321706] initcall power_supply_class_init+0x0/0x3f returned 0 after 1953 usecs
[    2.322709] calling  hwmon_init+0x0/0x104 @ 1
[    2.323729] initcall hwmon_init+0x0/0x104 returned 0 after 0 usecs
[    2.324708] calling  md_init+0x0/0x16b @ 1
[    2.328371] initcall md_init+0x0/0x16b returned 0 after 1953 usecs
[    2.328707] calling  leds_init+0x0/0x3b @ 1
[    2.330961] initcall leds_init+0x0/0x3b returned 0 after 976 usecs
[    2.331709] calling  dmi_init+0x0/0x113 @ 1
[    2.336879] initcall dmi_init+0x0/0x113 returned 0 after 3906 usecs
[    2.337707] calling  efisubsys_init+0x0/0x4e6 @ 1
[    2.339892] initcall efisubsys_init+0x0/0x4e6 returned 0 after 976 usecs
[    2.340909] calling  nvmem_init+0x0/0xc @ 1
[    2.343281] initcall nvmem_init+0x0/0xc returned 0 after 976 usecs
[    2.343712] calling  init_soundcore+0x0/0x33 @ 1
[    2.344754] initcall init_soundcore+0x0/0x33 returned 0 after 0 usecs
[    2.345712] calling  alsa_sound_init+0x0/0x8f @ 1
[    2.347357] Advanced Linux Sound Architecture Driver Initialized.
[    2.347707] initcall alsa_sound_init+0x0/0x8f returned 0 after 976 usecs
[    2.348707] calling  alsa_seq_device_init+0x0/0x71 @ 1
[    2.349774] initcall alsa_seq_device_init+0x0/0x71 returned 0 after 0 usecs
[    2.350707] calling  hda_bus_init+0x0/0xc @ 1
[    2.351781] initcall hda_bus_init+0x0/0xc returned 0 after 0 usecs
[    2.352708] calling  proto_init+0x0/0xc @ 1
[    2.353748] initcall proto_init+0x0/0xc returned 0 after 0 usecs
[    2.354707] calling  net_dev_init+0x0/0x231 @ 1
[    2.358733] initcall net_dev_init+0x0/0x231 returned 0 after 2929 usecs
[    2.359707] calling  neigh_init+0x0/0x84 @ 1
[    2.360713] initcall neigh_init+0x0/0x84 returned 0 after 0 usecs
[    2.361707] calling  fib_notifier_init+0x0/0xc @ 1
[    2.362907] initcall fib_notifier_init+0x0/0xc returned 0 after 0 usecs
[    2.363706] calling  fib_rules_init+0x0/0xab @ 1
[    2.364740] initcall fib_rules_init+0x0/0xab returned 0 after 0 usecs
[    2.365710] calling  pktsched_init+0x0/0x10e @ 1
[    2.367185] initcall pktsched_init+0x0/0x10e returned 0 after 0 usecs
[    2.367708] calling  tc_filter_init+0x0/0xfa @ 1
[    2.368760] initcall tc_filter_init+0x0/0xfa returned 0 after 0 usecs
[    2.369709] calling  tc_action_init+0x0/0x54 @ 1
[    2.370714] initcall tc_action_init+0x0/0x54 returned 0 after 0 usecs
[    2.371711] calling  ethnl_init+0x0/0x52 @ 1
[    2.374217] initcall ethnl_init+0x0/0x52 returned 0 after 976 usecs
[    2.374725] calling  nexthop_init+0x0/0xd8 @ 1
[    2.375958] initcall nexthop_init+0x0/0xd8 returned 0 after 0 usecs
[    2.377706] calling  cipso_v4_init+0x0/0x8d @ 1
[    2.379755] initcall cipso_v4_init+0x0/0x8d returned 0 after 976 usecs
[    2.380708] calling  ieee80211_init+0x0/0x24 @ 1
[    2.382140] initcall ieee80211_init+0x0/0x24 returned 0 after 0 usecs
[    2.382712] calling  netlbl_init+0x0/0x78 @ 1
[    2.383708] NetLabel: Initializing
[    2.384705] NetLabel:  domain hash size = 128
[    2.385705] NetLabel:  protocols = UNLABELED CIPSOv4 CALIPSO
[    2.387126] NetLabel:  unlabeled traffic allowed by default
[    2.388713] initcall netlbl_init+0x0/0x78 returned 0 after 4882 usecs
[    2.389712] calling  rfkill_init+0x0/0x136 @ 1
[    2.393736] initcall rfkill_init+0x0/0x136 returned 0 after 2929 usecs
[    2.394708] calling  pci_subsys_init+0x0/0x66 @ 1
[    2.395804] PCI: Using ACPI for IRQ routing
[    3.216559] PCI: pci_cache_line_size set to 64 bytes
[    3.217808] e820: reserve RAM buffer [mem 0x0009fc00-0x0009ffff]
[    3.218872] e820: reserve RAM buffer [mem 0x1ffdf000-0x1fffffff]
[    3.219804] initcall pci_subsys_init+0x0/0x66 returned 0 after 804687 usecs
[    3.223201] calling  nmi_warning_debugfs+0x0/0x26 @ 1
[    3.223825] initcall nmi_warning_debugfs+0x0/0x26 returned 0 after 0 usecs
[    3.224728] calling  save_microcode_in_initrd+0x0/0x51 @ 1
[    3.225884] initcall save_microcode_in_initrd+0x0/0x51 returned 0 after 0 usecs
[    3.226706] calling  hpet_late_init+0x0/0x1f6 @ 1
[    3.227900] hpet: 3 channels of 0 reserved for per-cpu timers
[    3.228838] hpet0: at MMIO 0xfed00000, IRQs 2, 8, 0
[    3.229703] hpet0: 3 comparators, 64-bit 100.000000 MHz counter
[    3.234706] initcall hpet_late_init+0x0/0x1f6 returned 0 after 6835 usecs
[    3.235707] calling  init_amd_nbs+0x0/0x11c @ 1
[    3.236751] initcall init_amd_nbs+0x0/0x11c returned 0 after 0 usecs
[    3.237725] calling  clocksource_done_booting+0x0/0x43 @ 1
[    3.239889] clocksource: Switched to clocksource kvm-clock
[    3.247215] initcall clocksource_done_booting+0x0/0x43 returned 0 after 8312 usecs
[    3.257539] calling  tracer_init_tracefs+0x0/0x201 @ 1
[    3.598285] initcall tracer_init_tracefs+0x0/0x201 returned 0 after 325058 usecs
[    3.606839] calling  init_trace_printk_function_export+0x0/0x2c @ 1
[    3.614029] initcall init_trace_printk_function_export+0x0/0x2c returned 0 after 15 usecs
[    3.623386] calling  init_kprobe_trace+0x0/0x1ab @ 1
[    3.629110] initcall init_kprobe_trace+0x0/0x1ab returned 0 after 50 usecs
[    3.636982] calling  init_dynamic_event+0x0/0x3d @ 1
[    3.642816] initcall init_dynamic_event+0x0/0x3d returned 0 after 37 usecs
[    3.651554] calling  init_uprobe_trace+0x0/0x5c @ 1
[    3.657957] initcall init_uprobe_trace+0x0/0x5c returned 0 after 79 usecs
[    3.665859] calling  init_pipe_fs+0x0/0x44 @ 1
[    3.672136] initcall init_pipe_fs+0x0/0x44 returned 0 after 328 usecs
[    3.681936] calling  inotify_user_setup+0x0/0x47 @ 1
[    3.689426] initcall inotify_user_setup+0x0/0x47 returned 0 after 133 usecs
[    3.699670] calling  eventpoll_init+0x0/0xeb @ 1
[    3.705456] initcall eventpoll_init+0x0/0xeb returned 0 after 80 usecs
[    3.713234] calling  anon_inode_init+0x0/0x58 @ 1
[    3.719147] initcall anon_inode_init+0x0/0x58 returned 0 after 173 usecs
[    3.727163] calling  proc_locks_init+0x0/0x27 @ 1
[    3.732874] initcall proc_locks_init+0x0/0x27 returned 0 after 7 usecs
[    3.740756] calling  iomap_init+0x0/0x1b @ 1
[    3.746143] initcall iomap_init+0x0/0x1b returned 0 after 176 usecs
[    3.753720] calling  dquot_init+0x0/0xd7 @ 1
[    3.759107] VFS: Disk quotas dquot_6.6.0
[    3.763992] VFS: Dquot-cache hash table entries: 512 (order 0, 4096 bytes)
[    3.772731] initcall dquot_init+0x0/0xd7 returned 0 after 13300 usecs
[    3.780514] calling  quota_init+0x0/0x23 @ 1
[    3.785708] initcall quota_init+0x0/0x23 returned 0 after 18 usecs
[    3.793104] calling  proc_cmdline_init+0x0/0x21 @ 1
[    3.799089] initcall proc_cmdline_init+0x0/0x21 returned 0 after 6 usecs
[    3.807111] calling  proc_consoles_init+0x0/0x24 @ 1
[    3.813104] initcall proc_consoles_init+0x0/0x24 returned 0 after 7 usecs
[    3.822424] calling  proc_cpuinfo_init+0x0/0x1e @ 1
[    3.829669] initcall proc_cpuinfo_init+0x0/0x1e returned 0 after 10 usecs
[    3.840005] calling  proc_devices_init+0x0/0x24 @ 1
[    3.847166] initcall proc_devices_init+0x0/0x24 returned 0 after 7 usecs
[    3.855469] calling  proc_interrupts_init+0x0/0x24 @ 1
[    3.861762] initcall proc_interrupts_init+0x0/0x24 returned 0 after 6 usecs
[    3.870364] calling  proc_loadavg_init+0x0/0x21 @ 1
[    3.876389] initcall proc_loadavg_init+0x0/0x21 returned 0 after 6 usecs
[    3.884489] calling  proc_meminfo_init+0x0/0x21 @ 1
[    3.890457] initcall proc_meminfo_init+0x0/0x21 returned 0 after 6 usecs
[    3.899763] calling  proc_stat_init+0x0/0x1e @ 1
[    3.905842] initcall proc_stat_init+0x0/0x1e returned 0 after 6 usecs
[    3.913434] calling  proc_uptime_init+0x0/0x21 @ 1
[    3.919030] initcall proc_uptime_init+0x0/0x21 returned 0 after 5 usecs
[    3.926698] calling  proc_version_init+0x0/0x21 @ 1
[    3.932685] initcall proc_version_init+0x0/0x21 returned 0 after 5 usecs
[    3.940390] calling  proc_softirqs_init+0x0/0x21 @ 1
[    3.946146] initcall proc_softirqs_init+0x0/0x21 returned 0 after 5 usecs
[    3.953877] calling  proc_kcore_init+0x0/0xea @ 1
[    3.959673] initcall proc_kcore_init+0x0/0xea returned 0 after 319 usecs
[    3.969253] calling  vmcore_init+0x0/0x57b @ 1
[    3.975947] initcall vmcore_init+0x0/0x57b returned 0 after 71 usecs
[    3.985191] calling  proc_kmsg_init+0x0/0x21 @ 1
[    3.992007] initcall proc_kmsg_init+0x0/0x21 returned 0 after 8 usecs
[    3.999551] calling  proc_page_init+0x0/0x3b @ 1
[    4.004995] initcall proc_page_init+0x0/0x3b returned 0 after 11 usecs
[    4.012846] calling  init_ramfs_fs+0x0/0xc @ 1
[    4.018121] initcall init_ramfs_fs+0x0/0xc returned 0 after 37 usecs
[    4.025456] calling  init_hugetlbfs_fs+0x0/0xf6 @ 1
[    4.031735] initcall init_hugetlbfs_fs+0x0/0xf6 returned 0 after 567 usecs
[    4.039818] calling  blk_scsi_ioctl_init+0x0/0x2a5 @ 1
[    4.045833] initcall blk_scsi_ioctl_init+0x0/0x2a5 returned 0 after 78 usecs
[    4.054013] calling  acpi_event_init+0x0/0x2c @ 1
[    4.060559] initcall acpi_event_init+0x0/0x2c returned 0 after 41 usecs
[    4.069703] calling  pnp_system_init+0x0/0xc @ 1
[    4.076404] initcall pnp_system_init+0x0/0xc returned 0 after 214 usecs
[    4.085579] calling  pnpacpi_init+0x0/0x69 @ 1
[    4.091923] pnp: PnP ACPI init
[    4.097054] pnp 00:00: Plug and Play ACPI device, IDs PNP0303 (active)
[    4.106297] pnp 00:01: Plug and Play ACPI device, IDs PNP0f13 (active)
[    4.113823] pnp 00:02: Plug and Play ACPI device, IDs PNP0400 (active)
[    4.121615] pnp 00:03: Plug and Play ACPI device, IDs PNP0501 (active)
[    4.129187] pnp 00:04: Plug and Play ACPI device, IDs PNP0b00 (active)
[    4.137244] system 00:05: [mem 0xb0000000-0xbfffffff window] has been reserved
[    4.145694] system 00:05: Plug and Play ACPI device, IDs PNP0c01 (active)
[    4.154646] pnp: PnP ACPI: found 6 devices
[    4.159388] initcall pnpacpi_init+0x0/0x69 returned 0 after 65917 usecs
[    4.166893] calling  chr_dev_init+0x0/0x14d @ 1
[    4.179487] initcall chr_dev_init+0x0/0x14d returned 0 after 6869 usecs
[    4.187190] calling  firmware_class_init+0x0/0x14a @ 1
[    4.193183] initcall firmware_class_init+0x0/0x14a returned 0 after 29 usecs
[    4.201083] calling  init_pcmcia_bus+0x0/0x5b @ 1
[    4.206473] initcall init_pcmcia_bus+0x0/0x5b returned 0 after 53 usecs
[    4.213959] calling  init_acpi_pm_clocksource+0x0/0xda @ 1
[    4.235876] clocksource: acpi_pm: mask: 0xffffff max_cycles: 0xffffff, max_idle_ns: 2085701024 ns
[    4.251997] initcall init_acpi_pm_clocksource+0x0/0xda returned 0 after 30288 usecs
[    4.261142] calling  sysctl_core_init+0x0/0x26 @ 1
[    4.267341] initcall sysctl_core_init+0x0/0x26 returned 0 after 742 usecs
[    4.274910] calling  eth_offload_init+0x0/0x13 @ 1
[    4.284492] initcall eth_offload_init+0x0/0x13 returned 0 after 4050 usecs
[    4.292291] calling  ipv4_offload_init+0x0/0x73 @ 1
[    4.298081] initcall ipv4_offload_init+0x0/0x73 returned 0 after 209 usecs
[    4.305895] calling  inet_init+0x0/0x276 @ 1
[    4.311593] NET: Registered protocol family 2
[    4.318537] IP idents hash table entries: 8192 (order: 4, 65536 bytes, linear)
[    4.334344] tcp_listen_portaddr_hash hash table entries: 256 (order: 2, 20480 bytes, linear)
[    4.344115] TCP established hash table entries: 4096 (order: 3, 32768 bytes, linear)
[    4.353237] TCP bind hash table entries: 4096 (order: 6, 294912 bytes, linear)
[    4.366137] TCP: Hash tables configured (established 4096 bind 4096)
[    4.374937] UDP hash table entries: 256 (order: 3, 40960 bytes, linear)
[    4.383052] UDP-Lite hash table entries: 256 (order: 3, 40960 bytes, linear)
[    4.391932] initcall inet_init+0x0/0x276 returned 0 after 79003 usecs
[    4.399764] calling  af_unix_init+0x0/0x4d @ 1
[    4.405155] NET: Registered protocol family 1
[    4.410446] initcall af_unix_init+0x0/0x4d returned 0 after 5201 usecs
[    4.418299] calling  ipv6_offload_init+0x0/0x7e @ 1
[    4.424257] initcall ipv6_offload_init+0x0/0x7e returned 0 after 134 usecs
[    4.432334] calling  init_sunrpc+0x0/0x65 @ 1
[    4.445619] RPC: Registered named UNIX socket transport module.
[    4.453290] RPC: Registered udp transport module.
[    4.459026] RPC: Registered tcp transport module.
[    4.464635] RPC: Registered tcp NFSv4.1 backchannel transport module.
[    4.472337] initcall init_sunrpc+0x0/0x65 returned 0 after 33948 usecs
[    4.481314] calling  cfg80211_init+0x0/0xc5 @ 1
[    4.489121] initcall cfg80211_init+0x0/0xc5 returned 0 after 2512 usecs
[    4.497117] calling  pcibios_assign_resources+0x0/0xbf @ 1
[    4.504133] pci_bus 0000:00: resource 4 [io  0x0000-0x0cf7 window]
[    4.511309] pci_bus 0000:00: resource 5 [io  0x0d00-0xffff window]
[    4.518678] pci_bus 0000:00: resource 6 [mem 0x000a0000-0x000bffff window]
[    4.526594] pci_bus 0000:00: resource 7 [mem 0x20000000-0xafffffff window]
[    4.534644] pci_bus 0000:00: resource 8 [mem 0xc0000000-0xfebfffff window]
[    4.542968] pci_bus 0000:00: resource 9 [mem 0x100000000-0x8ffffffff window]
[    4.552191] initcall pcibios_assign_resources+0x0/0xbf returned 0 after 47530 usecs
[    4.562199] calling  pci_apply_final_quirks+0x0/0x124 @ 1
[    4.569024] pci 0000:00:01.0: calling  pci_fixup_video+0x0/0xe0 @ 1
[    4.576909] pci 0000:00:01.0: Video device with shadowed ROM at [mem 0x000c0000-0x000dffff]
[    4.586633] pci 0000:00:01.0: pci_fixup_video+0x0/0xe0 took 9857 usecs
[    4.594636] PCI: CLS 0 bytes, default 64
[    4.599347] initcall pci_apply_final_quirks+0x0/0x124 returned 0 after 30060 usecs
[    4.608126] calling  acpi_reserve_resources+0x0/0xea @ 1
[    4.614568] initcall acpi_reserve_resources+0x0/0xea returned 0 after 98 usecs
[    4.624071] calling  populate_rootfs+0x0/0x102 @ 1
[    4.637399] initcall populate_rootfs+0x0/0x102 returned 0 after 7091 usecs
[    4.645638] calling  pci_iommu_init+0x0/0x3e @ 1
[    4.651461] initcall pci_iommu_init+0x0/0x3e returned 0 after 402 usecs
[    4.661012] calling  ia32_binfmt_init+0x0/0x13 @ 1
[    4.666831] initcall ia32_binfmt_init+0x0/0x13 returned 0 after 36 usecs
[    4.674674] calling  rapl_pmu_init+0x0/0x25f @ 1
[    4.680261] initcall rapl_pmu_init+0x0/0x25f returned -19 after 120 usecs
[    4.688219] calling  amd_uncore_init+0x0/0x310 @ 1
[    4.693855] initcall amd_uncore_init+0x0/0x310 returned -19 after 0 usecs
[    4.701828] calling  amd_ibs_init+0x0/0x24b @ 1
[    4.707419] initcall amd_ibs_init+0x0/0x24b returned -19 after 0 usecs
[    4.716839] calling  amd_iommu_pc_init+0x0/0x22b @ 1
[    4.724201] initcall amd_iommu_pc_init+0x0/0x22b returned -19 after 59 usecs
[    4.734539] calling  msr_init+0x0/0x55 @ 1
[    4.741247] initcall msr_init+0x0/0x55 returned 0 after 562 usecs
[    4.749189] calling  intel_uncore_init+0x0/0x322 @ 1
[    4.755232] initcall intel_uncore_init+0x0/0x322 returned -19 after 111 usecs
[    4.763654] calling  cstate_pmu_init+0x0/0x181 @ 1
[    4.769254] initcall cstate_pmu_init+0x0/0x181 returned -19 after 0 usecs
[    4.777095] calling  register_kernel_offset_dumper+0x0/0x1a @ 1
[    4.784225] initcall register_kernel_offset_dumper+0x0/0x1a returned 0 after 85 usecs
[    4.793173] calling  i8259A_init_ops+0x0/0x20 @ 1
[    4.798851] initcall i8259A_init_ops+0x0/0x20 returned 0 after 2 usecs
[    4.806376] calling  init_tsc_clocksource+0x0/0xa4 @ 1
[    4.812434] clocksource: tsc: mask: 0xffffffffffffffff max_cycles: 0x39a85afc727, max_idle_ns: 881590685098 ns
[    4.823839] initcall init_tsc_clocksource+0x0/0xa4 returned 0 after 11156 usecs
[    4.832206] calling  add_rtc_cmos+0x0/0xb0 @ 1
[    4.837670] initcall add_rtc_cmos+0x0/0xb0 returned 0 after 48 usecs
[    4.845770] calling  i8237A_init_ops+0x0/0x3a @ 1
[    4.852189] initcall i8237A_init_ops+0x0/0x3a returned 0 after 225 usecs
[    4.862153] calling  umwait_init+0x0/0x94 @ 1
[    4.868950] initcall umwait_init+0x0/0x94 returned -19 after 72 usecs
[    4.878868] calling  thermal_throttle_init_device+0x0/0x3d @ 1
[    4.887035] initcall thermal_throttle_init_device+0x0/0x3d returned 0 after 39 usecs
[    4.898626] calling  msr_init+0x0/0xd7 @ 1
[    4.907873] initcall msr_init+0x0/0xd7 returned 0 after 2624 usecs
[    4.915639] calling  cpuid_init+0x0/0xd7 @ 1
[    4.921226] initcall cpuid_init+0x0/0xd7 returned 0 after 301 usecs
[    4.928999] calling  ioapic_init_ops+0x0/0x13 @ 1
[    4.934929] initcall ioapic_init_ops+0x0/0x13 returned 0 after 56 usecs
[    4.943048] calling  add_pcspkr+0x0/0x6c @ 1
[    4.949292] initcall add_pcspkr+0x0/0x6c returned 0 after 187 usecs
[    4.957981] calling  start_periodic_check_for_corruption+0x0/0x30 @ 1
[    4.965868] check: Scanning for low memory corruption every 60 seconds
[    4.973922] initcall start_periodic_check_for_corruption+0x0/0x30 returned 0 after 7902 usecs
[    4.985613] calling  sysfb_init+0x0/0x9c @ 1
[    4.991148] initcall sysfb_init+0x0/0x9c returned 0 after 145 usecs
[    5.000807] calling  audit_classes_init+0x0/0xae @ 1
[    5.008460] initcall audit_classes_init+0x0/0xae returned 0 after 155 usecs
[    5.019044] calling  iosf_mbi_init+0x0/0x24 @ 1
[    5.025678] initcall iosf_mbi_init+0x0/0x24 returned 0 after 697 usecs
[    5.033605] calling  proc_execdomains_init+0x0/0x21 @ 1
[    5.040000] initcall proc_execdomains_init+0x0/0x21 returned 0 after 6 usecs
[    5.048621] calling  register_warn_debugfs+0x0/0x23 @ 1
[    5.055124] initcall register_warn_debugfs+0x0/0x23 returned 0 after 77 usecs
[    5.063819] calling  ioresources_init+0x0/0x49 @ 1
[    5.069803] initcall ioresources_init+0x0/0x49 returned 0 after 28 usecs
[    5.078037] calling  lockdep_proc_init+0x0/0x64 @ 1
[    5.084204] initcall lockdep_proc_init+0x0/0x64 returned 0 after 85 usecs
[    5.092464] calling  snapshot_device_init+0x0/0xc @ 1
[    5.100161] initcall snapshot_device_init+0x0/0xc returned 0 after 1451 usecs
[    5.108751] calling  irq_pm_init_ops+0x0/0x13 @ 1
[    5.114597] initcall irq_pm_init_ops+0x0/0x13 returned 0 after 84 usecs
[    5.122580] calling  rcu_torture_init+0x0/0x8bd @ 1
[    5.128986] srcud-torture:--- Start of test: nreaders=1 nfakewriters=4 stat_interval=15 verbose=1 test_no_idle_hz=1 shuffle_interval=3 stutter=5 irqreader=1 fqs_duration=0 fqs_holdoff=0 fqs_stutter=3 test_boost=1/0 test_boost_interval=7 test_boost_duration=4 shutdown_secs=1800 stall_cpu=0 stall_cpu_holdoff=10 stall_cpu_irqsoff=0 stall_cpu_block=0 n_barrier_cbs=4 onoff_interval=0 onoff_holdoff=0 read_exit_delay=13 read_exit_burst=16
[    5.173829] srcud:  Start-test grace-period state: g0 f0x0
[    5.180551] srcud-torture: Creating rcu_torture_writer task
[    5.187478] srcud-torture: Creating rcu_torture_fakewriter task
[    5.197071] srcud-torture: rcu_torture_writer task started
[    5.203676] srcud-torture: GP expediting controlled from boot/sysfs for srcud.
[    5.212404] rcu_torture_writer: Testing expedited GPs.
[    5.218678] rcu_torture_writer: Testing asynchronous GPs.
[    5.225236] rcu_torture_writer: Testing normal GPs.
[    5.231250] srcud-torture: Creating rcu_torture_fakewriter task
[    5.238475] srcud-torture: rcu_torture_fakewriter task started
[    5.245704] srcud-torture: Creating rcu_torture_fakewriter task
[    5.253329] srcud-torture: rcu_torture_fakewriter task started
[    5.262251] srcud-torture: Creating rcu_torture_fakewriter task
[    5.269831] srcud-torture: rcu_torture_fakewriter task started
[    5.277844] srcud-torture: Creating rcu_torture_reader task
[    5.284997] srcud-torture: rcu_torture_fakewriter task started
[    5.294327] srcud-torture: Creating rcu_torture_stats task
[    5.301595] srcud-torture: rcu_torture_reader task started
[    5.311028] srcud-torture: Creating torture_shuffle task
[    5.317933] srcud-torture: rcu_torture_stats task started
[    5.330213] srcud-torture: Creating torture_stutter task
[    5.337295] srcud-torture: torture_shuffle task started
[    5.345160] srcud-torture: Creating torture_shutdown task
[    5.352154] srcud-torture: torture_stutter task started
[    5.359630] srcud-torture: rcu_torture_fwd_prog_init: Disabled, unsupported by RCU flavor under test
[    5.371540] srcud-torture: Creating rcu_torture_barrier_cbs task
[    5.380326] srcud-torture: torture_shutdown task started
[    5.386935] srcud-torture:torture_shutdown task: 1799958 ms remaining
[    5.394917] srcud-torture: Creating rcu_torture_barrier_cbs task
[    5.402236] srcud-torture: rcu_torture_barrier_cbs task started
[    5.409841] srcud-torture: Creating rcu_torture_barrier_cbs task
[    5.417188] srcud-torture: rcu_torture_barrier_cbs task started
[    5.424369] srcud-torture: Creating rcu_torture_barrier_cbs task
[    5.431666] srcud-torture: rcu_torture_barrier_cbs task started
[    5.439216] srcud-torture: Creating rcu_torture_barrier task
[    5.445933] srcud-torture: rcu_torture_barrier_cbs task started
[    5.453269] srcud-torture: Creating rcu_torture_read_exit task
[    5.460430] srcud-torture: rcu_torture_barrier task starting
[    5.467673] initcall rcu_torture_init+0x0/0x8bd returned 0 after 331167 usecs
[    5.476327] calling  timekeeping_init_ops+0x0/0x13 @ 1
[    5.482687] initcall timekeeping_init_ops+0x0/0x13 returned 0 after 1 usecs
[    5.491245] calling  init_clocksource_sysfs+0x0/0x23 @ 1
[    5.498081] initcall init_clocksource_sysfs+0x0/0x23 returned 0 after 208 usecs
[    5.507141] calling  init_timer_list_procfs+0x0/0x31 @ 1
[    5.513681] initcall init_timer_list_procfs+0x0/0x31 returned 0 after 6 usecs
[    5.522447] calling  alarmtimer_init+0x0/0xf5 @ 1
[    5.528433] initcall alarmtimer_init+0x0/0xf5 returned 0 after 162 usecs
[    5.536540] calling  init_posix_timers+0x0/0x29 @ 1
[    5.542650] initcall init_posix_timers+0x0/0x29 returned 0 after 25 usecs
[    5.550917] calling  clockevents_init_sysfs+0x0/0x8b @ 1
[    5.557585] initcall clockevents_init_sysfs+0x0/0x8b returned 0 after 162 usecs
[    5.566447] calling  proc_dma_init+0x0/0x21 @ 1
[    5.572283] initcall proc_dma_init+0x0/0x21 returned 0 after 141 usecs
[    5.580379] calling  proc_modules_init+0x0/0x1e @ 1
[    5.586459] initcall proc_modules_init+0x0/0x1e returned 0 after 7 usecs
[    5.594829] calling  kallsyms_init+0x0/0x21 @ 1
[    5.600533] initcall kallsyms_init+0x0/0x21 returned 0 after 5 usecs
[    5.608564] calling  pid_namespaces_init+0x0/0x2c @ 1
[    5.614892] initcall pid_namespaces_init+0x0/0x2c returned 0 after 12 usecs
[    5.623501] calling  audit_watch_init+0x0/0x37 @ 1
[    5.629496] initcall audit_watch_init+0x0/0x37 returned 0 after 20 usecs
[    5.637817] calling  audit_fsnotify_init+0x0/0x37 @ 1
[    5.644207] initcall audit_fsnotify_init+0x0/0x37 returned 0 after 3 usecs
[    5.652679] calling  audit_tree_init+0x0/0x6d @ 1
[    5.658658] initcall audit_tree_init+0x0/0x6d returned 0 after 9 usecs
[    5.666611] calling  seccomp_sysctl_init+0x0/0x2b @ 1
[    5.672928] initcall seccomp_sysctl_init+0x0/0x2b returned 0 after 40 usecs
[    5.681780] calling  utsname_sysctl_init+0x0/0x13 @ 1
[    5.688089] initcall utsname_sysctl_init+0x0/0x13 returned 0 after 28 usecs
[    5.698647] calling  init_tracepoints+0x0/0x27 @ 1
[    5.704880] initcall init_tracepoints+0x0/0x27 returned 0 after 51 usecs
[    5.713357] calling  init_blk_tracer+0x0/0x50 @ 1
[    5.720350] initcall init_blk_tracer+0x0/0x50 returned 0 after 895 usecs
[    5.729319] calling  perf_event_sysfs_init+0x0/0x83 @ 1
[    5.736994] initcall perf_event_sysfs_init+0x0/0x83 returned 0 after 753 usecs
[    5.746469] calling  system_trusted_keyring_init+0x0/0x5f @ 1
[    5.753998] Initialise system trusted keyrings
[    5.761013] initcall system_trusted_keyring_init+0x0/0x5f returned 0 after 6846 usecs
[    5.770353] calling  kswapd_init+0x0/0x13 @ 1
[    5.776060] srcud-torture: rcu_torture_read_exit: Start of test
[    5.784739] initcall kswapd_init+0x0/0x13 returned 0 after 8613 usecs
[    5.792871] calling  extfrag_debug_init+0x0/0x54 @ 1
[    5.799300] initcall extfrag_debug_init+0x0/0x54 returned 0 after 117 usecs
[    5.808394] calling  slab_proc_init+0x0/0x21 @ 1
[    5.814822] initcall slab_proc_init+0x0/0x21 returned 0 after 136 usecs
[    5.822949] calling  workingset_init+0x0/0x8c @ 1
[    5.829059] workingset: timestamp_bits=62 max_order=17 bucket_order=0
[    5.837143] initcall workingset_init+0x0/0x8c returned 0 after 7892 usecs
[    5.845838] calling  proc_vmalloc_init+0x0/0x27 @ 1
[    5.852083] initcall proc_vmalloc_init+0x0/0x27 returned 0 after 9 usecs
[    5.860478] calling  procswaps_init+0x0/0x1e @ 1
[    5.866245] initcall procswaps_init+0x0/0x1e returned 0 after 6 usecs
[    5.874243] calling  slab_sysfs_init+0x0/0xec @ 1
[    5.888339] initcall slab_sysfs_init+0x0/0xec returned 0 after 7618 usecs
[    5.896891] calling  fcntl_init+0x0/0x29 @ 1
[    5.902248] initcall fcntl_init+0x0/0x29 returned 0 after 13 usecs
[    5.910115] calling  proc_filesystems_init+0x0/0x21 @ 1
[    5.916564] initcall proc_filesystems_init+0x0/0x21 returned 0 after 8 usecs
[    5.925897] calling  start_dirtytime_writeback+0x0/0x29 @ 1
[    5.933860] initcall start_dirtytime_writeback+0x0/0x29 returned 0 after 2 usecs
[    5.943756] calling  blkdev_init+0x0/0x1b @ 1
[    5.951250] initcall blkdev_init+0x0/0x1b returned 0 after 464 usecs
[    5.958960] calling  dio_init+0x0/0x2c @ 1
[    5.964151] initcall dio_init+0x0/0x2c returned 0 after 104 usecs
[    5.971647] calling  dnotify_init+0x0/0x78 @ 1
[    5.977274] initcall dnotify_init+0x0/0x78 returned 0 after 98 usecs
[    5.985056] calling  aio_setup+0x0/0x78 @ 1
[    5.991407] initcall aio_setup+0x0/0x78 returned 0 after 1122 usecs
[    5.999123] calling  io_uring_init+0x0/0x2c @ 1
[    6.004713] initcall io_uring_init+0x0/0x2c returned 0 after 9 usecs
[    6.012576] calling  mbcache_init+0x0/0x30 @ 1
[    6.018235] initcall mbcache_init+0x0/0x30 returned 0 after 81 usecs
[    6.025921] calling  init_grace+0x0/0xc @ 1
[    6.031720] initcall init_grace+0x0/0xc returned 0 after 6 usecs
[    6.039208] calling  init_v2_quota_format+0x0/0x21 @ 1
[    6.045720] initcall init_v2_quota_format+0x0/0x21 returned 0 after 224 usecs
[    6.054640] calling  init_devpts_fs+0x0/0x27 @ 1
[    6.060451] initcall init_devpts_fs+0x0/0x27 returned 0 after 136 usecs
[    6.068821] calling  ext4_init_fs+0x0/0x1c2 @ 1
[    6.075420] initcall ext4_init_fs+0x0/0x1c2 returned 0 after 831 usecs
[    6.083555] calling  journal_init+0x0/0x11c @ 1
[    6.089532] initcall journal_init+0x0/0x11c returned 0 after 213 usecs
[    6.097865] calling  init_fat_fs+0x0/0x49 @ 1
[    6.103839] initcall init_fat_fs+0x0/0x49 returned 0 after 317 usecs
[    6.111763] calling  init_vfat_fs+0x0/0xc @ 1
[    6.117275] initcall init_vfat_fs+0x0/0xc returned 0 after 4 usecs
[    6.125147] calling  init_msdos_fs+0x0/0xc @ 1
[    6.130799] initcall init_msdos_fs+0x0/0xc returned 0 after 4 usecs
[    6.138671] calling  init_iso9660_fs+0x0/0x6c @ 1
[    6.145605] initcall init_iso9660_fs+0x0/0x6c returned 0 after 914 usecs
[    6.154060] calling  init_nfs_fs+0x0/0x13a @ 1
[    6.164962] initcall init_nfs_fs+0x0/0x13a returned 0 after 5050 usecs
[    6.173178] calling  init_nfs_v2+0x0/0x13 @ 1
[    6.179083] initcall init_nfs_v2+0x0/0x13 returned 0 after 162 usecs
[    6.187258] calling  init_nfs_v3+0x0/0x13 @ 1
[    6.192862] initcall init_nfs_v3+0x0/0x13 returned 0 after 1 usecs
[    6.200626] calling  init_nfs_v4+0x0/0x32 @ 1
[    6.206250] NFS: Registering the id_resolver key type
[    6.213112] Key type id_resolver registered
[    6.218618] Key type id_legacy registered
[    6.223884] initcall init_nfs_v4+0x0/0x32 returned 0 after 17237 usecs
[    6.232404] calling  init_nlm+0x0/0x5b @ 1
[    6.249780] initcall init_nlm+0x0/0x5b returned 0 after 2432 usecs
[    6.258499] calling  init_nls_cp437+0x0/0xe @ 1
[    6.269577] initcall init_nls_cp437+0x0/0xe returned 0 after 5086 usecs
[    6.278141] calling  init_nls_ascii+0x0/0xe @ 1
[    6.284050] initcall init_nls_ascii+0x0/0xe returned 0 after 1 usecs
[    6.292142] calling  init_nls_iso8859_1+0x0/0xe @ 1
[    6.298505] initcall init_nls_iso8859_1+0x0/0xe returned 0 after 1 usecs
[    6.307607] calling  init_nls_utf8+0x0/0x21 @ 1
[    6.316895] initcall init_nls_utf8+0x0/0x21 returned 0 after 36 usecs
[    6.327696] calling  init_autofs_fs+0x0/0x25 @ 1
[    6.342678] initcall init_autofs_fs+0x0/0x25 returned 0 after 7739 usecs
[    6.354188] calling  ipc_init+0x0/0x24 @ 1
[    6.360666] initcall ipc_init+0x0/0x24 returned 0 after 394 usecs
[    6.369242] calling  ipc_sysctl_init+0x0/0x13 @ 1
[    6.376057] initcall ipc_sysctl_init+0x0/0x13 returned 0 after 57 usecs
[    6.385387] calling  init_mqueue_fs+0x0/0xb1 @ 1
[    6.395912] initcall init_mqueue_fs+0x0/0xb1 returned 0 after 4037 usecs
[    6.405100] calling  key_proc_init+0x0/0x63 @ 1
[    6.411567] initcall key_proc_init+0x0/0x63 returned 0 after 10 usecs
[    6.420485] calling  selinux_nf_ip_init+0x0/0x2e @ 1
[    6.427516] initcall selinux_nf_ip_init+0x0/0x2e returned 0 after 164 usecs
[    6.437240] calling  init_sel_fs+0x0/0x116 @ 1
[    6.443581] initcall init_sel_fs+0x0/0x116 returned 0 after 0 usecs
[    6.451990] calling  selnl_init+0x0/0x7c @ 1
[    6.459471] initcall selnl_init+0x0/0x7c returned 0 after 1361 usecs
[    6.468604] calling  sel_netif_init+0x0/0x36 @ 1
[    6.475068] initcall sel_netif_init+0x0/0x36 returned 0 after 0 usecs
[    6.484110] calling  sel_netnode_init+0x0/0x33 @ 1
[    6.492110] initcall sel_netnode_init+0x0/0x33 returned 0 after 1 usecs
[    6.501756] calling  sel_netport_init+0x0/0x33 @ 1
[    6.509440] initcall sel_netport_init+0x0/0x33 returned 0 after 1 usecs
[    6.519613] calling  aurule_init+0x0/0x2a @ 1
[    6.528135] initcall aurule_init+0x0/0x2a returned 0 after 3 usecs
[    6.537145] calling  crypto_algapi_init+0x0/0xc @ 1
[    6.543915] initcall crypto_algapi_init+0x0/0xc returned 0 after 9 usecs
[    6.553302] calling  jent_mod_init+0x0/0x2d @ 1
[    6.572986] initcall jent_mod_init+0x0/0x2d returned 0 after 12666 usecs
[    6.582885] calling  asymmetric_key_init+0x0/0xc @ 1
[    6.590418] Key type asymmetric registered
[    6.596622] initcall asymmetric_key_init+0x0/0xc returned 0 after 6228 usecs
[    6.606624] calling  x509_key_init+0x0/0xc @ 1
[    6.613665] Asymmetric key parser 'x509' registered
[    6.620966] initcall x509_key_init+0x0/0xc returned 0 after 7762 usecs
[    6.630278] calling  proc_genhd_init+0x0/0x41 @ 1
[    6.637389] initcall proc_genhd_init+0x0/0x41 returned 0 after 93 usecs
[    6.647034] calling  bsg_init+0x0/0x113 @ 1
[    6.653687] Block layer SCSI generic (bsg) driver version 0.4 loaded (major 251)
[    6.664849] initcall bsg_init+0x0/0x113 returned 0 after 11229 usecs
[    6.674113] calling  deadline_init+0x0/0xc @ 1
[    6.682625] io scheduler mq-deadline registered
[    6.689036] initcall deadline_init+0x0/0xc returned 0 after 6675 usecs
[    6.698063] calling  kyber_init+0x0/0xc @ 1
[    6.704438] io scheduler kyber registered
[    6.711374] initcall kyber_init+0x0/0xc returned 0 after 6791 usecs
[    6.721619] calling  mod_init+0x0/0x7 @ 1
[    6.727488] initcall mod_init+0x0/0x7 returned 0 after 0 usecs
[    6.735655] calling  sg_pool_init+0x0/0xb4 @ 1
[    6.743219] initcall sg_pool_init+0x0/0xb4 returned 0 after 1284 usecs
[    6.752340] calling  pcie_portdrv_init+0x0/0x39 @ 1
[    6.760579] initcall pcie_portdrv_init+0x0/0x39 returned 0 after 1393 usecs
[    6.770618] calling  pci_proc_init+0x0/0x68 @ 1
[    6.777095] initcall pci_proc_init+0x0/0x68 returned 0 after 57 usecs
[    6.786921] calling  pci_hotplug_init+0x0/0x7 @ 1
[    6.793818] initcall pci_hotplug_init+0x0/0x7 returned 0 after 0 usecs
[    6.803656] calling  efifb_driver_init+0x0/0xe @ 1
[    6.810884] initcall efifb_driver_init+0x0/0xe returned 0 after 295 usecs
[    6.820842] calling  ged_driver_init+0x0/0xe @ 1
[    6.828041] initcall ged_driver_init+0x0/0xe returned 0 after 466 usecs
[    6.837626] calling  acpi_ac_init+0x0/0x92 @ 1
[    6.844505] initcall acpi_ac_init+0x0/0x92 returned 0 after 262 usecs
[    6.854010] calling  acpi_button_driver_init+0x0/0x52 @ 1
[    6.867137] input: Power Button as /devices/LNXSYSTM:00/LNXPWRBN:00/input/input0
[    6.881320] ACPI: Power Button [PWRF]
[    6.887572] initcall acpi_button_driver_init+0x0/0x52 returned 0 after 24916 usecs
[    6.898949] calling  acpi_fan_driver_init+0x0/0xe @ 1
[    6.907002] initcall acpi_fan_driver_init+0x0/0xe returned 0 after 34 usecs
[    6.918046] calling  acpi_video_init+0x0/0xcb @ 1
[    6.925945] initcall acpi_video_init+0x0/0xcb returned 0 after 484 usecs
[    6.937141] calling  acpi_processor_driver_init+0x0/0xad @ 1
[    6.951102] initcall acpi_processor_driver_init+0x0/0xad returned 0 after 4624 usecs
[    6.963048] calling  acpi_thermal_init+0x0/0x71 @ 1
[    6.970728] initcall acpi_thermal_init+0x0/0x71 returned 0 after 348 usecs
[    6.980997] calling  acpi_battery_init+0x0/0x32 @ 1
[    6.988459] initcall acpi_battery_init+0x0/0x32 returned 0 after 42 usecs
[    6.998624] calling  bgrt_init+0x0/0xb6 @ 1
[    7.004829] initcall bgrt_init+0x0/0xb6 returned -19 after 1 usecs
[    7.013717] calling  gpio_clk_driver_init+0x0/0xe @ 1
[    7.020924] initcall gpio_clk_driver_init+0x0/0xe returned 0 after 137 usecs
[    7.031988] calling  plt_clk_driver_init+0x0/0xe @ 1
[    7.039964] initcall plt_clk_driver_init+0x0/0xe returned 0 after 35 usecs
[    7.049967] calling  virtio_pci_driver_init+0x0/0x15 @ 1
[    7.057945] initcall virtio_pci_driver_init+0x0/0x15 returned 0 after 255 usecs
[    7.069136] calling  n_null_init+0x0/0x1e @ 1
[    7.075999] initcall n_null_init+0x0/0x1e returned 0 after 48 usecs
[    7.085632] calling  pty_init+0x0/0x1e8 @ 1
[    7.093324] initcall pty_init+0x0/0x1e8 returned 0 after 1267 usecs
[    7.102950] calling  sysrq_init+0x0/0x62 @ 1
[    7.109370] initcall sysrq_init+0x0/0x62 returned 0 after 10 usecs
[    7.119092] calling  serial8250_init+0x0/0x17e @ 1
[    7.127413] Serial: 8250/16550 driver, 4 ports, IRQ sharing enabled
[    7.141949] 00:03: ttyS0 at I/O 0x3f8 (irq = 4, base_baud = 115200) is a 16550A
[    7.159282] initcall serial8250_init+0x0/0x17e returned 0 after 31230 usecs
[    7.169592] calling  serial_pci_driver_init+0x0/0x15 @ 1
[    7.177457] initcall serial_pci_driver_init+0x0/0x15 returned 0 after 168 usecs
[    7.187785] calling  exar_pci_driver_init+0x0/0x15 @ 1
[    7.196029] initcall exar_pci_driver_init+0x0/0x15 returned 0 after 376 usecs
[    7.207714] calling  lpss8250_pci_driver_init+0x0/0x15 @ 1
[    7.217203] initcall lpss8250_pci_driver_init+0x0/0x15 returned 0 after 40 usecs
[    7.229391] calling  mid8250_pci_driver_init+0x0/0x15 @ 1
[    7.237058] initcall mid8250_pci_driver_init+0x0/0x15 returned 0 after 37 usecs
[    7.247106] calling  virtio_console_init+0x0/0xff @ 1
[    7.254890] initcall virtio_console_init+0x0/0xff returned 0 after 689 usecs
[    7.266657] calling  hpet_init+0x0/0x64 @ 1
[    7.275215] initcall hpet_init+0x0/0x64 returned 0 after 1559 usecs
[    7.285710] calling  nvram_module_init+0x0/0x83 @ 1
[    7.294004] Non-volatile memory driver v1.3
[    7.300684] initcall nvram_module_init+0x0/0x83 returned 0 after 6691 usecs
[    7.311940] calling  hwrng_modinit+0x0/0x8a @ 1
[    7.320348] initcall hwrng_modinit+0x0/0x8a returned 0 after 232 usecs
[    7.331671] calling  mod_init+0x0/0x48 @ 1
[    7.338819] initcall mod_init+0x0/0x48 returned -19 after 0 usecs
[    7.349208] calling  agp_init+0x0/0x23 @ 1
[    7.356189] Linux agpgart interface v0.103
[    7.363128] initcall agp_init+0x0/0x23 returned 0 after 6773 usecs
[    7.373548] calling  agp_amd64_mod_init+0x0/0x5 @ 1
[    7.383070] initcall agp_amd64_mod_init+0x0/0x5 returned -19 after 960 usecs
[    7.394846] calling  agp_intel_init+0x0/0x28 @ 1
[    7.403518] initcall agp_intel_init+0x0/0x28 returned 0 after 658 usecs
[    7.414727] calling  drm_kms_helper_init+0x0/0x7 @ 1
[    7.423489] initcall drm_kms_helper_init+0x0/0x7 returned 0 after 212 usecs
[    7.435908] calling  drm_core_init+0x0/0xbd @ 1
[    7.444655] initcall drm_core_init+0x0/0xbd returned 0 after 545 usecs
[    7.456391] calling  i915_init+0x0/0x6b @ 1
[    7.467761] initcall i915_init+0x0/0x6b returned 0 after 3833 usecs
[    7.478916] calling  cn_proc_init+0x0/0x35 @ 1
[    7.487122] initcall cn_proc_init+0x0/0x35 returned 0 after 396 usecs
[    7.497777] calling  topology_sysfs_init+0x0/0x27 @ 1
[    7.506505] initcall topology_sysfs_init+0x0/0x27 returned 0 after 84 usecs
[    7.518514] calling  cacheinfo_sysfs_init+0x0/0x27 @ 1
[    7.528110] initcall cacheinfo_sysfs_init+0x0/0x27 returned 0 after 1057 usecs
[    7.540701] calling  loop_init+0x0/0x16a @ 1
[    7.592409] loop: module loaded
[    7.598020] initcall loop_init+0x0/0x16a returned 0 after 48351 usecs
[    7.608429] calling  mac_hid_init+0x0/0x21 @ 1
[    7.615656] initcall mac_hid_init+0x0/0x21 returned 0 after 66 usecs
[    7.624925] calling  spi_transport_init+0x0/0x74 @ 1
[    7.634115] initcall spi_transport_init+0x0/0x74 returned 0 after 220 usecs
[    7.647273] calling  init_sd+0x0/0x18c @ 1
[    7.654177] initcall init_sd+0x0/0x18c returned 0 after 182 usecs
[    7.663456] calling  init_sr+0x0/0x43 @ 1
[    7.670002] initcall init_sr+0x0/0x43 returned 0 after 52 usecs
[    7.680036] calling  init_sg+0x0/0x1c0 @ 1
[    7.687923] initcall init_sg+0x0/0x1c0 returned 0 after 427 usecs
[    7.698457] calling  ahci_pci_driver_init+0x0/0x15 @ 1
[    7.708268] ahci 0000:00:1f.2: version 3.0
[    7.718926] PCI Interrupt Link [GSIA] enabled at IRQ 16
[    7.746066] ahci 0000:00:1f.2: AHCI 0001.0000 32 slots 6 ports 1.5 Gbps 0x3f impl SATA mode
[    7.760858] ahci 0000:00:1f.2: flags: 64bit ncq only 
[    7.794114] scsi host0: ahci
[    7.803990] scsi host1: ahci
[    7.810901] scsi host2: ahci
[    7.821333] scsi host3: ahci
[    7.830698] scsi host4: ahci
[    7.837158] scsi host5: ahci
[    7.849611] ata1: SATA max UDMA/133 abar m4096@0xfebf1000 port 0xfebf1100 irq 24
[    7.863197] ata2: SATA max UDMA/133 abar m4096@0xfebf1000 port 0xfebf1180 irq 24
[    7.875758] ata3: SATA max UDMA/133 abar m4096@0xfebf1000 port 0xfebf1200 irq 24
[    7.889165] ata4: SATA max UDMA/133 abar m4096@0xfebf1000 port 0xfebf1280 irq 24
[    7.900935] ata5: SATA max UDMA/133 abar m4096@0xfebf1000 port 0xfebf1300 irq 24
[    7.914024] ata6: SATA max UDMA/133 abar m4096@0xfebf1000 port 0xfebf1380 irq 24
[    7.926364] initcall ahci_pci_driver_init+0x0/0x15 returned 0 after 213248 usecs
[    7.939637] calling  piix_init+0x0/0x26 @ 1
[    7.947331] initcall piix_init+0x0/0x26 returned 0 after 185 usecs
[    7.958307] calling  amd_pci_driver_init+0x0/0x15 @ 1
[    7.967436] initcall amd_pci_driver_init+0x0/0x15 returned 0 after 214 usecs
[    7.979949] calling  oldpiix_pci_driver_init+0x0/0x15 @ 1
[    7.989546] initcall oldpiix_pci_driver_init+0x0/0x15 returned 0 after 120 usecs
[    8.000798] calling  sch_pci_driver_init+0x0/0x15 @ 1
[    8.008569] initcall sch_pci_driver_init+0x0/0x15 returned 0 after 170 usecs
[    8.020178] calling  net_olddevs_init+0x0/0x55 @ 1
[    8.028268] initcall net_olddevs_init+0x0/0x55 returned 0 after 497 usecs
[    8.038520] calling  blackhole_netdev_init+0x0/0x78 @ 1
[    8.047424] initcall blackhole_netdev_init+0x0/0x78 returned 0 after 504 usecs
[    8.058055] calling  phy_module_init+0x0/0x13 @ 1
[    8.066183] initcall phy_module_init+0x0/0x13 returned 0 after 1338 usecs
[    8.075930] calling  tg3_driver_init+0x0/0x15 @ 1
[    8.083632] initcall tg3_driver_init+0x0/0x15 returned 0 after 137 usecs
[    8.095070] calling  e100_init_module+0x0/0x4c @ 1
[    8.104095] e100: Intel(R) PRO/100 Network Driver
[    8.110918] e100: Copyright(c) 1999-2006 Intel Corporation
[    8.119016] initcall e100_init_module+0x0/0x4c returned 0 after 14568 usecs
[    8.130177] calling  e1000_init_module+0x0/0x72 @ 1
[    8.138117] e1000: Intel(R) PRO/1000 Network Driver
[    8.145962] e1000: Copyright (c) 1999-2006 Intel Corporation.
[    8.155417] initcall e1000_init_module+0x0/0x72 returned 0 after 16952 usecs
[    8.165899] calling  e1000_init_module+0x0/0x2d @ 1
[    8.173694] e1000e: Intel(R) PRO/1000 Network Driver
[    8.181886] e1000e: Copyright(c) 1999 - 2015 Intel Corporation.
[    8.191708] initcall e1000_init_module+0x0/0x2d returned 0 after 17643 usecs
[    8.202805] calling  sky2_init_module+0x0/0x21 @ 1
[    8.210983] sky2: driver version 1.30
[    8.217233] initcall sky2_init_module+0x0/0x21 returned 0 after 6100 usecs
[    8.228280] calling  forcedeth_pci_driver_init+0x0/0x15 @ 1
[    8.237619] initcall forcedeth_pci_driver_init+0x0/0x15 returned 0 after 71 usecs
[    8.249101] calling  rtl8139_init_module+0x0/0x15 @ 1
[    8.258178] initcall rtl8139_init_module+0x0/0x15 returned 0 after 257 usecs
[    8.271421] calling  rtl8169_pci_driver_init+0x0/0x15 @ 1
[    8.281131] initcall rtl8169_pci_driver_init+0x0/0x15 returned 0 after 156 usecs
[    8.291798] calling  cdrom_init+0x0/0xc @ 1
[    8.298588] initcall cdrom_init+0x0/0xc returned 0 after 480 usecs
[    8.308592] calling  nonstatic_sysfs_init+0x0/0xc @ 1
[    8.316982] initcall nonstatic_sysfs_init+0x0/0xc returned 0 after 127 usecs
[    8.327482] calling  yenta_cardbus_driver_init+0x0/0x15 @ 1
[    8.337306] initcall yenta_cardbus_driver_init+0x0/0x15 returned 0 after 254 usecs
[    8.350516] calling  mon_init+0x0/0x144 @ 1
[    8.370531] initcall mon_init+0x0/0x144 returned 0 after 11882 usecs
[    8.380591] calling  ehci_hcd_init+0x0/0x55 @ 1
[    8.388027] ehci_hcd: USB 2.0 'Enhanced' Host Controller (EHCI) Driver
[    8.400335] initcall ehci_hcd_init+0x0/0x55 returned 0 after 12135 usecs
[    8.412501] calling  ehci_pci_init+0x0/0x64 @ 1
[    8.420261] ehci-pci: EHCI PCI platform driver
[    8.427100] initcall ehci_pci_init+0x0/0x64 returned 0 after 6676 usecs
[    8.436815] calling  ohci_hcd_mod_init+0x0/0x4d @ 1
[    8.446695] ohci_hcd: USB 1.1 'Open' Host Controller (OHCI) Driver
[    8.457625] initcall ohci_hcd_mod_init+0x0/0x4d returned 0 after 10670 usecs
[    8.469763] calling  ohci_pci_init+0x0/0x64 @ 1
[    8.477612] ohci-pci: OHCI PCI platform driver
[    8.485283] initcall ohci_pci_init+0x0/0x64 returned 0 after 7582 usecs
[    8.496886] calling  uhci_hcd_init+0x0/0xa6 @ 1
[    8.504669] uhci_hcd: USB Universal Host Controller Interface driver
[    8.516396] initcall uhci_hcd_init+0x0/0xa6 returned 0 after 11449 usecs
[    8.526465] calling  xhci_hcd_init+0x0/0x1e @ 1
[    8.535282] initcall xhci_hcd_init+0x0/0x1e returned 0 after 47 usecs
[    8.547433] calling  xhci_pci_init+0x0/0x49 @ 1
[    8.555640] initcall xhci_pci_init+0x0/0x49 returned 0 after 460 usecs
[    8.567277] calling  usblp_driver_init+0x0/0x15 @ 1
[    8.576555] usbcore: registered new interface driver usblp
[    8.586268] initcall usblp_driver_init+0x0/0x15 returned 0 after 9762 usecs
[    8.597954] calling  usb_storage_driver_init+0x0/0x2a @ 1
[    8.606987] usbcore: registered new interface driver usb-storage
[    8.616473] initcall usb_storage_driver_init+0x0/0x2a returned 0 after 9400 usecs
[    8.627882] calling  i8042_init+0x0/0x4c2 @ 1
[    8.636205] i8042: PNP: PS/2 Controller [PNP0303:KBD,PNP0f13:MOU] at 0x60,0x64 irq 1,12
[    8.663606] serio: i8042 KBD port at 0x60,0x64 irq 1
[    8.672228] serio: i8042 AUX port at 0x60,0x64 irq 12
[    8.681227] initcall i8042_init+0x0/0x4c2 returned 0 after 44188 usecs
[    8.692912] calling  serport_init+0x0/0x2c @ 1
[    8.700834] initcall serport_init+0x0/0x2c returned 0 after 1 usecs
[    8.711923] calling  input_leds_init+0x0/0xc @ 1
[    8.720170] initcall input_leds_init+0x0/0xc returned 0 after 69 usecs
[    8.731277] calling  evdev_init+0x0/0xc @ 1
[    8.743288] initcall evdev_init+0x0/0xc returned 0 after 4735 usecs
[    8.753903] calling  atkbd_init+0x0/0x21 @ 1
[    8.761105] initcall atkbd_init+0x0/0x21 returned 0 after 110 usecs
[    8.771200] calling  psmouse_init+0x0/0x7f @ 1
[    8.779248] initcall psmouse_init+0x0/0x7f returned 0 after 1065 usecs
[    8.791859] calling  cmos_init+0x0/0x73 @ 1
[    8.800554] rtc_cmos 00:04: RTC can wake from S4
[    8.825032] input: AT Translated Set 2 keyboard as /devices/platform/i8042/serio0/input/input1
[    8.867716] ata1: SATA link down (SStatus 0 SControl 300)
[    8.878558] ata5: SATA link down (SStatus 0 SControl 300)
[    8.889067] ata4: SATA link down (SStatus 0 SControl 300)
[    8.900455] ata2: SATA link down (SStatus 0 SControl 300)
[    8.912125] ata3: SATA link up 1.5 Gbps (SStatus 113 SControl 300)
[    8.923303] ata3.00: ATAPI: QEMU DVD-ROM, 2.5+, max UDMA/100
[    8.932739] ata3.00: applying bridge limits
[    8.941647] ata3.00: configured for UDMA/100
[    8.957402] scsi 2:0:0:0: CD-ROM            QEMU     QEMU DVD-ROM     2.5+ PQ: 0 ANSI: 5
[    8.981671] rtc_cmos 00:04: registered as rtc0
[    8.990285] rtc_cmos 00:04: alarms up to one day, y3k, 242 bytes nvram, hpet irqs
[    9.002533] initcall cmos_init+0x0/0x73 returned 0 after 198290 usecs
[    9.012928] calling  smbalert_driver_init+0x0/0xe @ 1
[    9.023569] initcall smbalert_driver_init+0x0/0xe returned 0 after 202 usecs
[    9.036302] calling  i2c_i801_init+0x0/0xc5 @ 1
[    9.048879] i801_smbus 0000:00:1f.3: SMBus using PCI interrupt
[    9.062393] i2c i2c-0: 1/1 memory slots populated (from DMI)
[    9.072132] i2c i2c-0: Memory type 0x07 not supported yet, not instantiating SPD
[    9.085636] initcall i2c_i801_init+0x0/0xc5 returned 0 after 40093 usecs
[    9.096036] calling  ptp_kvm_init+0x0/0xf0 @ 1
[    9.107489] ata6: SATA link down (SStatus 0 SControl 300)
[    9.134223] sr 2:0:0:0: [sr0] scsi3-mmc drive: 4x/4x cd/rw xa/form2 tray
[    9.144446] cdrom: Uniform CD-ROM driver Revision: 3.20
[    9.155139] initcall ptp_kvm_init+0x0/0xf0 returned 0 after 49953 usecs
[    9.165447] calling  dm_init+0x0/0x3c @ 1
[    9.188165] sr 2:0:0:0: Attached scsi CD-ROM sr0
[    9.200796] device-mapper: ioctl: 4.43.0-ioctl (2020-10-01) initialised: dm-devel@redhat.com
[    9.213215] initcall dm_init+0x0/0x3c returned 0 after 40197 usecs
[    9.223056] calling  dm_mirror_init+0x0/0x29 @ 1
[    9.230886] initcall dm_mirror_init+0x0/0x29 returned 0 after 210 usecs
[    9.241279] calling  dm_dirty_log_init+0x0/0x4f @ 1
[    9.250009] initcall dm_dirty_log_init+0x0/0x4f returned 0 after 1457 usecs
[    9.260666] calling  dm_zero_init+0x0/0x29 @ 1
[    9.267958] initcall dm_zero_init+0x0/0x29 returned 0 after 2 usecs
[    9.278046] calling  intel_pstate_init+0x0/0x4a4 @ 1
[    9.286223] intel_pstate: CPU model not supported
[    9.294061] initcall intel_pstate_init+0x0/0x4a4 returned -19 after 7652 usecs
[    9.305725] calling  haltpoll_init+0x0/0xc0 @ 1
[    9.313173] initcall haltpoll_init+0x0/0xc0 returned -19 after 49 usecs
[    9.324236] calling  efivars_sysfs_init+0x0/0x30 @ 1
[    9.332245] initcall efivars_sysfs_init+0x0/0x30 returned 0 after 30 usecs
[    9.343519] calling  esrt_sysfs_init+0x0/0x2a2 @ 1
[    9.352709] initcall esrt_sysfs_init+0x0/0x2a2 returned -38 after 121 usecs
[    9.363814] calling  hid_init+0x0/0x5c @ 1
[    9.371261] hid: raw HID events driver (C) Jiri Kosina
[    9.380131] initcall hid_init+0x0/0x5c returned 0 after 9194 usecs
[    9.390660] calling  hid_generic_init+0x0/0x15 @ 1
[    9.398969] initcall hid_generic_init+0x0/0x15 returned 0 after 401 usecs
[    9.410203] calling  a4_driver_init+0x0/0x15 @ 1
[    9.417141] initcall a4_driver_init+0x0/0x15 returned 0 after 35 usecs
[    9.427305] calling  apple_driver_init+0x0/0x15 @ 1
[    9.434973] initcall apple_driver_init+0x0/0x15 returned 0 after 442 usecs
[    9.444715] calling  belkin_driver_init+0x0/0x15 @ 1
[    9.452595] initcall belkin_driver_init+0x0/0x15 returned 0 after 34 usecs
[    9.463999] calling  ch_driver_init+0x0/0x15 @ 1
[    9.472079] initcall ch_driver_init+0x0/0x15 returned 0 after 43 usecs
[    9.482631] calling  ch_driver_init+0x0/0x15 @ 1
[    9.489910] initcall ch_driver_init+0x0/0x15 returned 0 after 36 usecs
[    9.499841] calling  cp_driver_init+0x0/0x15 @ 1
[    9.507326] initcall cp_driver_init+0x0/0x15 returned 0 after 36 usecs
[    9.518091] calling  ez_driver_init+0x0/0x15 @ 1
[    9.526017] initcall ez_driver_init+0x0/0x15 returned 0 after 87 usecs
[    9.537491] calling  gyration_driver_init+0x0/0x15 @ 1
[    9.546053] initcall gyration_driver_init+0x0/0x15 returned 0 after 35 usecs
[    9.557287] calling  ite_driver_init+0x0/0x15 @ 1
[    9.564458] initcall ite_driver_init+0x0/0x15 returned 0 after 45 usecs
[    9.574320] calling  ks_driver_init+0x0/0x15 @ 1
[    9.581232] initcall ks_driver_init+0x0/0x15 returned 0 after 33 usecs
[    9.591657] calling  lg_driver_init+0x0/0x15 @ 1
[    9.599532] initcall lg_driver_init+0x0/0x15 returned 0 after 191 usecs
[    9.610805] calling  lg_g15_driver_init+0x0/0x15 @ 1
[    9.619307] initcall lg_g15_driver_init+0x0/0x15 returned 0 after 40 usecs
[    9.630690] calling  ms_driver_init+0x0/0x15 @ 1
[    9.638423] initcall ms_driver_init+0x0/0x15 returned 0 after 41 usecs
[    9.649220] calling  mr_driver_init+0x0/0x15 @ 1
[    9.657301] initcall mr_driver_init+0x0/0x15 returned 0 after 46 usecs
[    9.670839] calling  ntrig_driver_init+0x0/0x15 @ 1
[    9.678256] initcall ntrig_driver_init+0x0/0x15 returned 0 after 55 usecs
[    9.688656] calling  pl_driver_init+0x0/0x15 @ 1
[    9.696372] initcall pl_driver_init+0x0/0x15 returned 0 after 629 usecs
[    9.705583] calling  pl_driver_init+0x0/0x15 @ 1
[    9.712382] initcall pl_driver_init+0x0/0x15 returned 0 after 37 usecs
[    9.721671] calling  redragon_driver_init+0x0/0x15 @ 1
[    9.729189] initcall redragon_driver_init+0x0/0x15 returned 0 after 38 usecs
[    9.740493] calling  samsung_driver_init+0x0/0x15 @ 1
[    9.748592] initcall samsung_driver_init+0x0/0x15 returned 0 after 42 usecs
[    9.760097] calling  sony_init+0x0/0x38 @ 1
[    9.767333] initcall sony_init+0x0/0x38 returned 0 after 168 usecs
[    9.777813] calling  sp_driver_init+0x0/0x15 @ 1
[    9.785973] initcall sp_driver_init+0x0/0x15 returned 0 after 46 usecs
[    9.797230] calling  ts_driver_init+0x0/0x15 @ 1
[    9.804513] initcall ts_driver_init+0x0/0x15 returned 0 after 91 usecs
[    9.816040] calling  hid_init+0x0/0x58 @ 1
[    9.823040] usbcore: registered new interface driver usbhid
[    9.831922] usbhid: USB HID core driver
[    9.838368] initcall hid_init+0x0/0x58 returned 0 after 15034 usecs
[    9.848330] calling  eeepc_laptop_init+0x0/0x57 @ 1
[    9.856160] initcall eeepc_laptop_init+0x0/0x57 returned -19 after 159 usecs
[    9.866981] calling  pmc_atom_init+0x0/0x27a @ 1
[    9.874070] initcall pmc_atom_init+0x0/0x27a returned -19 after 8 usecs
[    9.884991] calling  alsa_hwdep_init+0x0/0x5e @ 1
[    9.893586] initcall alsa_hwdep_init+0x0/0x5e returned 0 after 519 usecs
[    9.904877] calling  alsa_timer_init+0x0/0x1f9 @ 1
[    9.934008] sr 2:0:0:0: Attached scsi generic sg0 type 5
[   10.141292] input: ImExPS/2 Generic Explorer Mouse as /devices/platform/i8042/serio1/input/input3
[   10.752011] initcall alsa_timer_init+0x0/0x1f9 returned 0 after 819676 usecs
[   10.764512] calling  snd_hrtimer_init+0x0/0x117 @ 1
[   10.771788] initcall snd_hrtimer_init+0x0/0x117 returned 0 after 6 usecs
[   10.783554] calling  alsa_pcm_init+0x0/0x64 @ 1
[   10.790128] initcall alsa_pcm_init+0x0/0x64 returned 0 after 129 usecs
[   10.800894] calling  alsa_seq_init+0x0/0x4a @ 1
[   10.869606] initcall alsa_seq_init+0x0/0x4a returned 0 after 59632 usecs
[   10.879680] calling  alsa_seq_dummy_init+0x0/0x9c @ 1
[   10.893231] initcall alsa_seq_dummy_init+0x0/0x9c returned 0 after 96 usecs
[   10.905506] calling  azx_driver_init+0x0/0x15 @ 1
[   10.914322] initcall azx_driver_init+0x0/0x15 returned 0 after 324 usecs
[   10.924670] calling  sock_diag_init+0x0/0x2a @ 1
[   10.932593] initcall sock_diag_init+0x0/0x2a returned 0 after 112 usecs
[   10.944152] calling  blackhole_init+0x0/0xc @ 1
[   10.952217] initcall blackhole_init+0x0/0xc returned 0 after 42 usecs
[   10.963943] calling  nfnetlink_init+0x0/0x61 @ 1
[   10.973210] initcall nfnetlink_init+0x0/0x61 returned 0 after 1111 usecs
[   10.985039] calling  nfnetlink_log_init+0x0/0x99 @ 1
[   10.998625] initcall nfnetlink_log_init+0x0/0x99 returned 0 after 543 usecs
[   11.011847] calling  nf_conntrack_standalone_init+0x0/0x87 @ 1
[   11.024587] initcall nf_conntrack_standalone_init+0x0/0x87 returned 0 after 1618 usecs
[   11.038370] calling  ctnetlink_init+0x0/0x83 @ 1
[   11.046617] initcall ctnetlink_init+0x0/0x83 returned 0 after 46 usecs
[   11.055394] calling  nf_conntrack_ftp_init+0x0/0x12c @ 1
[   11.062688] initcall nf_conntrack_ftp_init+0x0/0x12c returned 0 after 46 usecs
[   11.074278] calling  nf_conntrack_irc_init+0x0/0x129 @ 1
[   11.083957] initcall nf_conntrack_irc_init+0x0/0x129 returned 0 after 25 usecs
[   11.096927] calling  nf_conntrack_sip_init+0x0/0x172 @ 1
[   11.106392] initcall nf_conntrack_sip_init+0x0/0x172 returned 0 after 13 usecs
[   11.125288] calling  nf_nat_init+0x0/0xf0 @ 1
[   11.133950] initcall nf_nat_init+0x0/0xf0 returned 0 after 586 usecs
[   11.150954] calling  nf_nat_ftp_init+0x0/0x2a @ 1
[   11.161078] initcall nf_nat_ftp_init+0x0/0x2a returned 0 after 39 usecs
[   11.173559] calling  nf_nat_irc_init+0x0/0x2a @ 1
[   11.193553] initcall nf_nat_irc_init+0x0/0x2a returned 0 after 2 usecs
[   11.206034] calling  nf_nat_sip_init+0x0/0x36 @ 1
[   11.215101] initcall nf_nat_sip_init+0x0/0x36 returned 0 after 4 usecs
[   11.226930] calling  xt_init+0x0/0x113 @ 1
[   11.240907] initcall xt_init+0x0/0x113 returned 0 after 72 usecs
[   11.251531] calling  tcpudp_mt_init+0x0/0x11 @ 1
[   11.260307] initcall tcpudp_mt_init+0x0/0x11 returned 0 after 464 usecs
[   11.271786] calling  connsecmark_tg_init+0x0/0xc @ 1
[   11.280487] initcall connsecmark_tg_init+0x0/0xc returned 0 after 2 usecs
[   11.293083] calling  nflog_tg_init+0x0/0xc @ 1
[   11.300787] initcall nflog_tg_init+0x0/0xc returned 0 after 2 usecs
[   11.311516] calling  secmark_tg_init+0x0/0x11 @ 1
[   11.320509] initcall secmark_tg_init+0x0/0x11 returned 0 after 3 usecs
[   11.331578] calling  tcpmss_tg_init+0x0/0x11 @ 1
[   11.339679] initcall tcpmss_tg_init+0x0/0x11 returned 0 after 3 usecs
[   11.350677] calling  conntrack_mt_init+0x0/0x11 @ 1
[   11.359157] initcall conntrack_mt_init+0x0/0x11 returned 0 after 3 usecs
[   11.370472] calling  policy_mt_init+0x0/0x11 @ 1
[   11.378343] initcall policy_mt_init+0x0/0x11 returned 0 after 2 usecs
[   11.389528] calling  state_mt_init+0x0/0xc @ 1
[   11.397354] initcall state_mt_init+0x0/0xc returned 0 after 1 usecs
[   11.408713] calling  gre_offload_init+0x0/0x48 @ 1
[   11.422186] initcall gre_offload_init+0x0/0x48 returned 0 after 504 usecs
[   11.433614] calling  sysctl_ipv4_init+0x0/0x46 @ 1
[   11.443660] initcall sysctl_ipv4_init+0x0/0x46 returned 0 after 352 usecs
[   11.455567] calling  tunnel4_init+0x0/0x58 @ 1
[   11.463648] initcall tunnel4_init+0x0/0x58 returned 0 after 166 usecs
[   11.479517] calling  nf_defrag_init+0x0/0xc @ 1
[   11.487979] initcall nf_defrag_init+0x0/0xc returned 0 after 64 usecs
[   11.511973] calling  ip_tables_init+0x0/0x8d @ 1
[   11.523019] initcall ip_tables_init+0x0/0x8d returned 0 after 387 usecs
[   11.534790] calling  iptable_filter_init+0x0/0x4c @ 1
[   11.550335] initcall iptable_filter_init+0x0/0x4c returned 0 after 2308 usecs
[   11.564003] calling  iptable_mangle_init+0x0/0xb8 @ 1
[   11.573157] initcall iptable_mangle_init+0x0/0xb8 returned 0 after 159 usecs
[   11.585002] calling  reject_tg_init+0x0/0xc @ 1
[   11.592250] initcall reject_tg_init+0x0/0xc returned 0 after 2 usecs
[   11.601190] calling  cubictcp_register+0x0/0x53 @ 1
[   11.607950] initcall cubictcp_register+0x0/0x53 returned 0 after 51 usecs
[   11.619178] calling  xfrm_user_init+0x0/0x45 @ 1
[   11.625402] Initializing XFRM netlink socket
[   11.631589] initcall xfrm_user_init+0x0/0x45 returned 0 after 6031 usecs
[   11.640704] calling  inet6_init+0x0/0x35e @ 1
[   11.647445] NET: Registered protocol family 10
[   11.658410] srcud-torture: rcu_torture_read_exit: End of episode
[   11.681021] Segment Routing with IPv6
[   11.686578] initcall inet6_init+0x0/0x35e returned 0 after 39258 usecs
[   11.696021] calling  ah6_init+0x0/0x71 @ 1
[   11.702266] initcall ah6_init+0x0/0x71 returned 0 after 75 usecs
[   11.710465] calling  esp6_init+0x0/0x71 @ 1
[   11.716593] initcall esp6_init+0x0/0x71 returned 0 after 3 usecs
[   11.725912] calling  ip6_tables_init+0x0/0x8d @ 1
[   11.732633] initcall ip6_tables_init+0x0/0x8d returned 0 after 78 usecs
[   11.742197] calling  ip6table_filter_init+0x0/0x4c @ 1
[   11.749761] initcall ip6table_filter_init+0x0/0x4c returned 0 after 262 usecs
[   11.759779] calling  ip6table_mangle_init+0x0/0xb8 @ 1
[   11.767010] initcall ip6table_mangle_init+0x0/0xb8 returned 0 after 125 usecs
[   11.776924] calling  nf_defrag_init+0x0/0x45 @ 1
[   11.784252] initcall nf_defrag_init+0x0/0x45 returned 0 after 121 usecs
[   11.793869] calling  ipv6header_mt6_init+0x0/0xc @ 1
[   11.800868] initcall ipv6header_mt6_init+0x0/0xc returned 0 after 3 usecs
[   11.810792] calling  reject_tg6_init+0x0/0xc @ 1
[   11.818138] initcall reject_tg6_init+0x0/0xc returned 0 after 2 usecs
[   11.826871] calling  sit_init+0x0/0xc3 @ 1
[   11.832275] sit: IPv6, IPv4 and MPLS over IPv4 tunneling driver
[   11.848103] initcall sit_init+0x0/0xc3 returned 0 after 15451 usecs
[   11.857721] calling  packet_init+0x0/0x75 @ 1
[   11.864398] NET: Registered protocol family 17
[   11.871096] initcall packet_init+0x0/0x75 returned 0 after 6559 usecs
[   11.880546] calling  init_rpcsec_gss+0x0/0x60 @ 1
[   11.887577] initcall init_rpcsec_gss+0x0/0x60 returned 0 after 456 usecs
