c[?7l[2J[0mSeaBIOS (version 1.16.0-debian-1.16.0-4)
Booting from ROM...
early console in setup code
c[?7l[2J[    0.000000] Linux version 5.10.153+ (root@joelboxx.c.googlers.com) (gcc (Debian 12.2.0-3) 12.2.0, GNU ld (GNU Binutils for Debian) 2.39) #3 SMP PREEMPT Tue Dec 13 07:13:00 UTC 2022
[    0.000000] Command line: selinux=0 initcall_debug debug console=ttyS0 rcutorture.torture_type=srcud rcupdate.rcu_self_test=1 rcutorture.onoff_interval=1000 rcutorture.onoff_holdoff=30 rcutorture.n_barrier_cbs=4 rcutorture.stat_interval=15 rcutorture.shutdown_secs=1800 rcutorture.test_no_idle_hz=1 rcutorture.verbose=1
[    0.000000] x86/fpu: x87 FPU will use FXSAVE
[    0.000000] BIOS-provided physical RAM map:
[    0.000000] BIOS-e820: [mem 0x0000000000000000-0x000000000009fbff] usable
[    0.000000] BIOS-e820: [mem 0x000000000009fc00-0x000000000009ffff] reserved
[    0.000000] BIOS-e820: [mem 0x00000000000f0000-0x00000000000fffff] reserved
[    0.000000] BIOS-e820: [mem 0x0000000000100000-0x000000001ffdefff] usable
[    0.000000] BIOS-e820: [mem 0x000000001ffdf000-0x000000001fffffff] reserved
[    0.000000] BIOS-e820: [mem 0x00000000b0000000-0x00000000bfffffff] reserved
[    0.000000] BIOS-e820: [mem 0x00000000fed1c000-0x00000000fed1ffff] reserved
[    0.000000] BIOS-e820: [mem 0x00000000feffc000-0x00000000feffffff] reserved
[    0.000000] BIOS-e820: [mem 0x00000000fffc0000-0x00000000ffffffff] reserved
[    0.000000] NX (Execute Disable) protection: active
[    0.000000] SMBIOS 2.8 present.
[    0.000000] DMI: QEMU Standard PC (Q35 + ICH9, 2009), BIOS 1.16.0-debian-1.16.0-4 04/01/2014
[    0.000000] Hypervisor detected: KVM
[    0.000000] kvm-clock: Using msrs 4b564d01 and 4b564d00
[    0.000000] kvm-clock: cpu 0, msr cb29001, primary cpu clock
[    0.000134] kvm-clock: using sched offset of 2447983920 cycles
[    0.000461] clocksource: kvm-clock: mask: 0xffffffffffffffff max_cycles: 0x1cd42e4dffb, max_idle_ns: 881590591483 ns
[    0.000816] tsc: Detected 1999.999 MHz processor
[    0.011184] e820: update [mem 0x00000000-0x00000fff] usable ==> reserved
[    0.011194] e820: remove [mem 0x000a0000-0x000fffff] usable
[    0.011204] last_pfn = 0x1ffdf max_arch_pfn = 0x400000000
[    0.012261] MTRR default type: write-back
[    0.012356] MTRR fixed ranges enabled:
[    0.012360]   00000-9FFFF write-back
[    0.012363]   A0000-BFFFF uncachable
[    0.012365]   C0000-FFFFF write-protect
[    0.012367] MTRR variable ranges enabled:
[    0.012371]   0 base 00C0000000 mask FFC0000000 uncachable
[    0.012373]   1 disabled
[    0.012375]   2 disabled
[    0.012377]   3 disabled
[    0.012379]   4 disabled
[    0.012381]   5 disabled
[    0.012383]   6 disabled
[    0.012385]   7 disabled
[    0.012863] x86/PAT: Configuration [0-7]: WB  WC  UC- UC  WB  WC  UC- UC  
[    0.023046] found SMP MP-table at [mem 0x000f5ba0-0x000f5baf]
[    0.026107] check: Scanning 1 areas for low memory corruption
[    0.045960] ACPI: Early table checksum verification disabled
[    0.048835] ACPI: RSDP 0x00000000000F59E0 000014 (v00 BOCHS )
[    0.049400] ACPI: RSDT 0x000000001FFE252A 000038 (v01 BOCHS  BXPC     00000001 BXPC 00000001)
[    0.049764] ACPI: FACP 0x000000001FFE22EA 0000F4 (v03 BOCHS  BXPC     00000001 BXPC 00000001)
[    0.049949] ACPI: DSDT 0x000000001FFE0040 0022AA (v01 BOCHS  BXPC     00000001 BXPC 00000001)
[    0.049957] ACPI: FACS 0x000000001FFE0000 000040
[    0.049964] ACPI: APIC 0x000000001FFE23DE 0000B0 (v01 BOCHS  BXPC     00000001 BXPC 00000001)
[    0.049972] ACPI: HPET 0x000000001FFE248E 000038 (v01 BOCHS  BXPC     00000001 BXPC 00000001)
[    0.049979] ACPI: MCFG 0x000000001FFE24C6 00003C (v01 BOCHS  BXPC     00000001 BXPC 00000001)
[    0.050068] ACPI: WAET 0x000000001FFE2502 000028 (v01 BOCHS  BXPC     00000001 BXPC 00000001)
[    0.050075] ACPI: Reserving FACP table memory at [mem 0x1ffe22ea-0x1ffe23dd]
[    0.050079] ACPI: Reserving DSDT table memory at [mem 0x1ffe0040-0x1ffe22e9]
[    0.050082] ACPI: Reserving FACS table memory at [mem 0x1ffe0000-0x1ffe003f]
[    0.050084] ACPI: Reserving APIC table memory at [mem 0x1ffe23de-0x1ffe248d]
[    0.050087] ACPI: Reserving HPET table memory at [mem 0x1ffe248e-0x1ffe24c5]
[    0.050090] ACPI: Reserving MCFG table memory at [mem 0x1ffe24c6-0x1ffe2501]
[    0.050092] ACPI: Reserving WAET table memory at [mem 0x1ffe2502-0x1ffe2529]
[    0.051239] ACPI: Local APIC address 0xfee00000
[    0.056398] No NUMA configuration found
[    0.056402] Faking a node at [mem 0x0000000000000000-0x000000001ffdefff]
[    0.056568] NODE_DATA(0) allocated [mem 0x1ffdb000-0x1ffdefff]
[    0.058691] Zone ranges:
[    0.058864]   DMA      [mem 0x0000000000001000-0x0000000000ffffff]
[    0.058940]   DMA32    [mem 0x0000000001000000-0x000000001ffdefff]
[    0.058944]   Normal   empty
[    0.058948] Movable zone start for each node
[    0.058950] Early memory node ranges
[    0.058953]   node   0: [mem 0x0000000000001000-0x000000000009efff]
[    0.059027]   node   0: [mem 0x0000000000100000-0x000000001ffdefff]
[    0.059103] Initmem setup node 0 [mem 0x0000000000001000-0x000000001ffdefff]
[    0.059107] On node 0 totalpages: 130941
[    0.059317]   DMA zone: 64 pages used for memmap
[    0.059320]   DMA zone: 21 pages reserved
[    0.059323]   DMA zone: 3998 pages, LIFO batch:0
[    0.059326]   DMA32 zone: 1984 pages used for memmap
[    0.059328]   DMA32 zone: 126943 pages, LIFO batch:31
[    0.062024] On node 0, zone DMA: 1 pages in unavailable ranges
[    0.067768] On node 0, zone DMA: 97 pages in unavailable ranges
[    0.260508] On node 0, zone DMA32: 33 pages in unavailable ranges
[    0.264235] ACPI: PM-Timer IO Port: 0x608
[    0.264243] ACPI: Local APIC address 0xfee00000
[    0.264503] ACPI: LAPIC_NMI (acpi_id[0xff] dfl dfl lint[0x1])
[    0.266187] IOAPIC[0]: apic_id 0, version 17, address 0xfec00000, GSI 0-23
[    0.266481] ACPI: INT_SRC_OVR (bus 0 bus_irq 0 global_irq 2 dfl dfl)
[    0.266624] ACPI: INT_SRC_OVR (bus 0 bus_irq 5 global_irq 5 high level)
[    0.266628] ACPI: INT_SRC_OVR (bus 0 bus_irq 9 global_irq 9 high level)
[    0.266765] ACPI: INT_SRC_OVR (bus 0 bus_irq 10 global_irq 10 high level)
[    0.266838] ACPI: INT_SRC_OVR (bus 0 bus_irq 11 global_irq 11 high level)
[    0.266842] ACPI: IRQ0 used by override.
[    0.266845] ACPI: IRQ5 used by override.
[    0.266847] ACPI: IRQ9 used by override.
[    0.266850] ACPI: IRQ10 used by override.
[    0.266852] ACPI: IRQ11 used by override.
[    0.266914] Using ACPI (MADT) for SMP configuration information
[    0.266982] ACPI: HPET id: 0x8086a201 base: 0xfed00000
[    0.267730] smpboot: Allowing 8 CPUs, 0 hotplug CPUs
[    0.270106] PM: hibernation: Registered nosave memory: [mem 0x00000000-0x00000fff]
[    0.270111] PM: hibernation: Registered nosave memory: [mem 0x0009f000-0x0009ffff]
[    0.270113] PM: hibernation: Registered nosave memory: [mem 0x000a0000-0x000effff]
[    0.270116] PM: hibernation: Registered nosave memory: [mem 0x000f0000-0x000fffff]
[    0.270121] [mem 0x20000000-0xafffffff] available for PCI devices
[    0.270269] Booting paravirtualized kernel on KVM
[    0.270990] clocksource: refined-jiffies: mask: 0xffffffff max_cycles: 0xffffffff, max_idle_ns: 1910969940391419 ns
[    0.328862] setup_percpu: NR_CPUS:8 nr_cpumask_bits:8 nr_cpu_ids:8 nr_node_ids:1
[    0.370373] percpu: Embedded 58 pages/cpu s198480 r8192 d30896 u262144
[    0.370478] pcpu-alloc: s198480 r8192 d30896 u262144 alloc=1*2097152
[    0.370559] pcpu-alloc: [0] 0 1 2 3 4 5 6 7 
[    0.371160] kvm-guest: stealtime: cpu 0, msr 1f41bb40
[    0.373208] Built 1 zonelists, mobility grouping on.  Total pages: 128872
[    0.373212] Policy zone: DMA32
[    0.373388] Kernel command line: selinux=0 initcall_debug debug console=ttyS0 rcutorture.torture_type=srcud rcupdate.rcu_self_test=1 rcutorture.onoff_interval=1000 rcutorture.onoff_holdoff=30 rcutorture.n_barrier_cbs=4 rcutorture.stat_interval=15 rcutorture.shutdown_secs=1800 rcutorture.test_no_idle_hz=1 rcutorture.verbose=1
[    0.395722] Dentry cache hash table entries: 65536 (order: 7, 524288 bytes, linear)
[    0.400308] Inode-cache hash table entries: 32768 (order: 6, 262144 bytes, linear)
[    0.401407] mem auto-init: stack:all(zero), heap alloc:off, heap free:off
[    0.412491] Memory: 465384K/523764K available (16398K kernel code, 2809K rwdata, 4832K rodata, 1520K init, 13268K bss, 58120K reserved, 0K cma-reserved)
[    0.415333] SLUB: HWalign=64, Order=0-3, MinObjects=0, CPUs=8, Nodes=1
[    0.416512] Kernel/User page tables isolation: enabled
[    0.436823] Running RCU self tests
[    0.437709] rcu: RCU calculated value of scheduler-enlistment delay is 100 jiffies.
[    0.439617] rcu: Preemptible hierarchical RCU implementation.
[    0.439621] rcu: 	CONFIG_RCU_FANOUT set to non-default value of 2.
[    0.439623] rcu: 	RCU lockdep checking is enabled.
[    0.439626] rcu: 	Build-time adjustment of leaf fanout to 2.
[    0.439628] rcu: 	Boot-time adjustment of first FQS scan delay to 3 jiffies.
[    0.439631] rcu: 	Boot-time adjustment of subsequent FQS scan delay to 3 jiffies.
[    0.439634] 	Trampoline variant of Tasks RCU enabled.
[    0.439636] 	Rude variant of Tasks RCU enabled.
[    0.439638] 	Tracing variant of Tasks RCU enabled.
[    0.462291] NR_IRQS: 4352, nr_irqs: 488, preallocated irqs: 16
[    0.467504] calling  con_init+0x0/0x24f @ 0
[    0.675230] Console: colour VGA+ 80x25
[    0.685399] initcall con_init+0x0/0x24f returned 0 after 0 usecs
[    0.685483] calling  hvc_console_init+0x0/0x13 @ 0
[    0.685562] initcall hvc_console_init+0x0/0x13 returned 0 after 0 usecs
[    0.685630] calling  univ8250_console_init+0x0/0x26 @ 0
[    1.671513] printk: console [ttyS0] enabled
[    1.676278] initcall univ8250_console_init+0x0/0x26 returned 0 after 0 usecs
[    1.684174] Lock dependency validator: Copyright (c) 2006 Red Hat, Inc., Ingo Molnar
[    1.692698] ... MAX_LOCKDEP_SUBCLASSES:  8
[    1.697268] ... MAX_LOCK_DEPTH:          48
[    1.701924] ... MAX_LOCKDEP_KEYS:        8192
[    1.706741] ... CLASSHASH_SIZE:          4096
[    1.711617] ... MAX_LOCKDEP_ENTRIES:     32768
[    1.716588] ... MAX_LOCKDEP_CHAINS:      65536
[    1.721598] ... CHAINHASH_SIZE:          32768
[    1.726592]  memory used by lock dependency info: 6365 kB
[    1.732631]  memory used for stack traces: 4224 kB
[    1.738025]  per task-struct memory footprint: 1920 bytes
[    1.745992] ACPI: Core revision 20200925
[    1.755126] clocksource: hpet: mask: 0xffffffff max_cycles: 0xffffffff, max_idle_ns: 19112604467 ns
[    1.771811] APIC: Switch to symmetric I/O mode setup
[    1.794010] ..TIMER: vector=0x30 apic1=0 pin1=2 apic2=-1 pin2=-1
[    1.801288] clocksource: tsc-early: mask: 0xffffffffffffffff max_cycles: 0x39a85afc727, max_idle_ns: 881590685098 ns
[    1.813689] Calibrating delay loop (skipped) preset value.. 3999.99 BogoMIPS (lpj=1999999)
[    1.814331] pid_max: default: 32768 minimum: 301
[    1.816037] LSM: Security Framework initializing
[    1.816641] Mount-cache hash table entries: 1024 (order: 1, 8192 bytes, linear)
[    1.817324] Mountpoint-cache hash table entries: 1024 (order: 1, 8192 bytes, linear)
[    1.828429] Last level iTLB entries: 4KB 0, 2MB 0, 4MB 0
[    1.829297] Last level dTLB entries: 4KB 0, 2MB 0, 4MB 0, 1GB 0
[    1.831306] Spectre V1 : Mitigation: usercopy/swapgs barriers and __user pointer sanitization
[    1.832299] Spectre V2 : Mitigation: Retpolines
[    1.833296] Spectre V2 : Spectre v2 / SpectreRSB mitigation: Filling RSB on context switch
[    1.834296] Spectre V2 : Spectre v2 / SpectreRSB : Filling RSB on VMEXIT
[    1.835296] Speculative Store Bypass: Vulnerable
[    1.836319] MDS: Vulnerable: Clear CPU buffers attempted, no microcode
[    1.837296] MMIO Stale Data: Unknown: No mitigations
[    1.901701] Freeing SMP alternatives memory: 40K
[    2.007239] smpboot: CPU0: Intel Common KVM processor (family: 0xf, model: 0x6, stepping: 0x1)
[    2.010194] calling  init_hw_perf_events+0x0/0x6ce @ 1
[    2.010299] Performance Events: unsupported Netburst CPU model 6 no PMU driver, software events only.
[    2.011367] RCU test callback executed 1
[    2.012311] initcall init_hw_perf_events+0x0/0x6ce returned 0 after 1953 usecs
[    2.013301] calling  init_real_mode+0x0/0x1e9 @ 1
[    2.014686] initcall init_real_mode+0x0/0x1e9 returned 0 after 0 usecs
[    2.015304] calling  trace_init_perf_perm_irq_work_exit+0x0/0x12 @ 1
[    2.016345] initcall trace_init_perf_perm_irq_work_exit+0x0/0x12 returned 0 after 0 usecs
[    2.017318] calling  validate_x2apic+0x0/0x4a @ 1
[    2.018329] initcall validate_x2apic+0x0/0x4a returned 0 after 0 usecs
[    2.019308] calling  register_nmi_cpu_backtrace_handler+0x0/0x15 @ 1
[    2.021303] initcall register_nmi_cpu_backtrace_handler+0x0/0x15 returned 0 after 976 usecs
[    2.022308] calling  kvm_setup_vsyscall_timeinfo+0x0/0xce @ 1
[    2.023306] initcall kvm_setup_vsyscall_timeinfo+0x0/0xce returned 0 after 0 usecs
[    2.024303] calling  spawn_ksoftirqd+0x0/0x38 @ 1
[    2.025654] initcall spawn_ksoftirqd+0x0/0x38 returned 0 after 0 usecs
[    2.026302] calling  migration_init+0x0/0x31 @ 1
[    2.027318] initcall migration_init+0x0/0x31 returned 0 after 0 usecs
[    2.028302] calling  srcu_bootup_announce+0x0/0x2f @ 1
[    2.029323] rcu: Hierarchical SRCU implementation.
[    2.030306] initcall srcu_bootup_announce+0x0/0x2f returned 0 after 976 usecs
[    2.031303] calling  rcu_spawn_gp_kthread+0x0/0x1b0 @ 1
[    2.032459] initcall rcu_spawn_gp_kthread+0x0/0x1b0 returned 0 after 0 usecs
[    2.034301] calling  check_cpu_stall_init+0x0/0x1a @ 1
[    2.035301] initcall check_cpu_stall_init+0x0/0x1a returned 0 after 0 usecs
[    2.037310] calling  rcu_sysrq_init+0x0/0x21 @ 1
[    2.038396] initcall rcu_sysrq_init+0x0/0x21 returned 0 after 0 usecs
[    2.039311] RCU test callback executed 2
[    2.040332] calling  trace_init_flags_sys_enter+0x0/0xe @ 1
[    2.041316] initcall trace_init_flags_sys_enter+0x0/0xe returned 0 after 0 usecs
[    2.042300] calling  trace_init_flags_sys_exit+0x0/0xe @ 1
[    2.043301] initcall trace_init_flags_sys_exit+0x0/0xe returned 0 after 0 usecs
[    2.044300] calling  cpu_stop_init+0x0/0x8d @ 1
[    2.046362] initcall cpu_stop_init+0x0/0x8d returned 0 after 976 usecs
[    2.047303] calling  init_kprobes+0x0/0x16e @ 1
[    2.049865] initcall init_kprobes+0x0/0x16e returned 0 after 976 usecs
[    2.050302] calling  init_events+0x0/0x3d @ 1
[    2.052745] initcall init_events+0x0/0x3d returned 0 after 976 usecs
[    2.053300] calling  init_trace_printk+0x0/0xc @ 1
[    2.054301] initcall init_trace_printk+0x0/0xc returned 0 after 0 usecs
[    2.055301] calling  event_trace_enable_again+0x0/0x23 @ 1
[    2.056302] initcall event_trace_enable_again+0x0/0x23 returned 0 after 0 usecs
[    2.057300] calling  static_call_init+0x0/0x79 @ 1
[    2.058312] initcall static_call_init+0x0/0x79 returned 0 after 0 usecs
[    2.059341] calling  jump_label_init_module+0x0/0xc @ 1
[    2.060304] initcall jump_label_init_module+0x0/0xc returned 0 after 0 usecs
[    2.061300] calling  init_zero_pfn+0x0/0x37 @ 1
[    2.062303] initcall init_zero_pfn+0x0/0x37 returned 0 after 0 usecs
[    2.063303] calling  initialize_ptr_random+0x0/0x54 @ 1
[    2.065300] initcall initialize_ptr_random+0x0/0x54 returned 0 after 976 usecs
[    2.067301] calling  efi_memreserve_root_init+0x0/0x25 @ 1
[    2.068301] initcall efi_memreserve_root_init+0x0/0x25 returned 0 after 0 usecs
[    2.069305] calling  efi_earlycon_remap_fb+0x0/0x51 @ 1
[    2.070306] initcall efi_earlycon_remap_fb+0x0/0x51 returned 0 after 0 usecs
[    2.072759] smp: Bringing up secondary CPUs ...
[    2.075869] x86: Booting SMP configuration:
[    2.076310] .... node  #0, CPUs:      #1
[    1.341569] kvm-clock: cpu 1, msr cb29041, secondary cpu clock
[    2.103595] kvm-guest: stealtime: cpu 1, msr 1f45bb40
[    2.118785]  #2
[    1.341569] kvm-clock: cpu 2, msr cb29081, secondary cpu clock
[    2.141512] kvm-guest: stealtime: cpu 2, msr 1f49bb40
[    2.156680]  #3
[    1.341569] kvm-clock: cpu 3, msr cb290c1, secondary cpu clock
[    2.180293] kvm-guest: stealtime: cpu 3, msr 1f4dbb40
[    2.195061]  #4
[    1.341569] kvm-clock: cpu 4, msr cb29101, secondary cpu clock
[    2.217655] kvm-guest: stealtime: cpu 4, msr 1f51bb40
[    2.232328]  #5
[    1.341569] kvm-clock: cpu 5, msr cb29141, secondary cpu clock
[    2.254504] kvm-guest: stealtime: cpu 5, msr 1f55bb40
[    2.269037]  #6
[    1.341569] kvm-clock: cpu 6, msr cb29181, secondary cpu clock
[    2.291564] kvm-guest: stealtime: cpu 6, msr 1f59bb40
[    2.305962]  #7
[    1.341569] kvm-clock: cpu 7, msr cb291c1, secondary cpu clock
[    2.330550] kvm-guest: stealtime: cpu 7, msr 1f5dbb40
[    2.348004] smp: Brought up 1 node, 8 CPUs
[    2.348304] smpboot: Max logical packages: 1
[    2.349300] smpboot: Total of 8 processors activated (31999.98 BogoMIPS)
[    2.367377] devtmpfs: initialized
[    2.371796] calling  ipc_ns_init+0x0/0x3d @ 1
[    2.372371] initcall ipc_ns_init+0x0/0x3d returned 0 after 0 usecs
[    2.373308] calling  init_mmap_min_addr+0x0/0x21 @ 1
[    2.374305] initcall init_mmap_min_addr+0x0/0x21 returned 0 after 0 usecs
[    2.375303] calling  pci_realloc_setup_params+0x0/0x3f @ 1
[    2.376304] initcall pci_realloc_setup_params+0x0/0x3f returned 0 after 0 usecs
[    2.377303] calling  net_ns_init+0x0/0x140 @ 1
[    2.379757] initcall net_ns_init+0x0/0x140 returned 0 after 976 usecs
[    2.381316] calling  e820__register_nvs_regions+0x0/0x37 @ 1
[    2.382310] initcall e820__register_nvs_regions+0x0/0x37 returned 0 after 0 usecs
[    2.383315] calling  cpufreq_register_tsc_scaling+0x0/0x2e @ 1
[    2.384310] initcall cpufreq_register_tsc_scaling+0x0/0x2e returned 0 after 0 usecs
[    2.385310] calling  reboot_init+0x0/0x3c @ 1
[    2.386353] initcall reboot_init+0x0/0x3c returned 0 after 0 usecs
[    2.388311] calling  init_lapic_sysfs+0x0/0x20 @ 1
[    2.389345] initcall init_lapic_sysfs+0x0/0x20 returned 0 after 0 usecs
[    2.390310] calling  alloc_frozen_cpus+0x0/0x7 @ 1
[    2.392305] initcall alloc_frozen_cpus+0x0/0x7 returned 0 after 0 usecs
[    2.393304] calling  cpu_hotplug_pm_sync_init+0x0/0x13 @ 1
[    2.394326] initcall cpu_hotplug_pm_sync_init+0x0/0x13 returned 0 after 0 usecs
[    2.395303] calling  wq_sysfs_init+0x0/0x2a @ 1
[    2.396473] initcall wq_sysfs_init+0x0/0x2a returned 0 after 0 usecs
[    2.397303] calling  ksysfs_init+0x0/0x92 @ 1
[    2.398345] initcall ksysfs_init+0x0/0x92 returned 0 after 0 usecs
[    2.399301] calling  schedutil_gov_init+0x0/0xc @ 1
[    2.400494] initcall schedutil_gov_init+0x0/0xc returned 0 after 0 usecs
[    2.401302] calling  pm_init+0x0/0x76 @ 1
[    2.403328] initcall pm_init+0x0/0x76 returned 0 after 976 usecs
[    2.404329] calling  pm_disk_init+0x0/0x13 @ 1
[    2.406365] initcall pm_disk_init+0x0/0x13 returned 0 after 0 usecs
[    2.407305] calling  swsusp_header_init+0x0/0x2b @ 1
[    2.408311] initcall swsusp_header_init+0x0/0x2b returned 0 after 0 usecs
[    2.409327] calling  rcu_set_runtime_mode+0x0/0x2a @ 1
[    2.415310] initcall rcu_set_runtime_mode+0x0/0x2a returned 0 after 4882 usecs
[    2.416311] calling  init_jiffies_clocksource+0x0/0x13 @ 1
[    2.417306] clocksource: jiffies: mask: 0xffffffff max_cycles: 0xffffffff, max_idle_ns: 1911260446275000 ns
[    2.418341] initcall init_jiffies_clocksource+0x0/0x13 returned 0 after 976 usecs
[    2.419303] calling  futex_init+0x0/0x118 @ 1
[    2.420307] futex hash table entries: 2048 (order: 6, 262144 bytes, linear)
[    2.422747] initcall futex_init+0x0/0x118 returned 0 after 1953 usecs
[    2.423306] calling  cgroup_wq_init+0x0/0x28 @ 1
[    2.424328] initcall cgroup_wq_init+0x0/0x28 returned 0 after 0 usecs
[    2.425304] calling  cgroup1_wq_init+0x0/0x28 @ 1
[    2.426332] initcall cgroup1_wq_init+0x0/0x28 returned 0 after 0 usecs
[    2.427305] calling  init_kprobe_trace_early+0x0/0x2a @ 1
[    2.428463] initcall init_kprobe_trace_early+0x0/0x2a returned 0 after 0 usecs
[    2.429305] calling  fsnotify_init+0x0/0x56 @ 1
[    2.430336] initcall fsnotify_init+0x0/0x56 returned 0 after 0 usecs
[    2.431304] calling  filelock_init+0x0/0xb3 @ 1
[    2.432446] initcall filelock_init+0x0/0xb3 returned 0 after 0 usecs
[    2.433467] calling  init_misc_binfmt+0x0/0x2c @ 1
[    2.434349] initcall init_misc_binfmt+0x0/0x2c returned 0 after 0 usecs
[    2.435303] calling  init_script_binfmt+0x0/0x15 @ 1
[    2.436303] initcall init_script_binfmt+0x0/0x15 returned 0 after 0 usecs
[    2.437302] calling  init_elf_binfmt+0x0/0x15 @ 1
[    2.438303] initcall init_elf_binfmt+0x0/0x15 returned 0 after 0 usecs
[    2.439302] calling  init_compat_elf_binfmt+0x0/0x15 @ 1
[    2.440303] initcall init_compat_elf_binfmt+0x0/0x15 returned 0 after 0 usecs
[    2.441301] calling  debugfs_init+0x0/0x5c @ 1
[    2.442352] initcall debugfs_init+0x0/0x5c returned 0 after 0 usecs
[    2.443301] calling  tracefs_init+0x0/0x3a @ 1
[    2.444313] initcall tracefs_init+0x0/0x3a returned 0 after 0 usecs
[    2.445301] calling  prandom_init_early+0x0/0x15d @ 1
[    2.446311] initcall prandom_init_early+0x0/0x15d returned 0 after 0 usecs
[    2.447351] calling  virtio_init+0x0/0x20 @ 1
[    2.448395] initcall virtio_init+0x0/0x20 returned 0 after 0 usecs
[    2.449303] calling  iommu_init+0x0/0x2a @ 1
[    2.450347] initcall iommu_init+0x0/0x2a returned 0 after 0 usecs
[    2.451301] calling  component_debug_init+0x0/0x1c @ 1
[    2.453502] initcall component_debug_init+0x0/0x1c returned 0 after 976 usecs
[    2.454310] calling  early_resume_init+0x0/0xb9 @ 1
[    2.455951] PM: RTC time: 07:34:33, date: 2022-12-13
[    2.456329] initcall early_resume_init+0x0/0xb9 returned 0 after 976 usecs
[    2.457304] calling  cpufreq_core_init+0x0/0x62 @ 1
[    2.458316] initcall cpufreq_core_init+0x0/0x62 returned 0 after 0 usecs
[    2.459303] calling  cpufreq_gov_performance_init+0x0/0xc @ 1
[    2.460306] initcall cpufreq_gov_performance_init+0x0/0xc returned 0 after 0 usecs
[    2.461308] calling  cpufreq_gov_userspace_init+0x0/0xc @ 1
[    2.462322] initcall cpufreq_gov_userspace_init+0x0/0xc returned 0 after 0 usecs
[    2.463302] calling  CPU_FREQ_GOV_ONDEMAND_init+0x0/0xc @ 1
[    2.464334] initcall CPU_FREQ_GOV_ONDEMAND_init+0x0/0xc returned 0 after 0 usecs
[    2.466302] calling  cpuidle_init+0x0/0x1f @ 1
[    2.467337] initcall cpuidle_init+0x0/0x1f returned 0 after 0 usecs
[    2.468305] calling  capsule_reboot_register+0x0/0xc @ 1
[    2.469414] initcall capsule_reboot_register+0x0/0xc returned 0 after 0 usecs
[    2.470307] calling  sock_init+0x0/0x93 @ 1
[    2.473325] initcall sock_init+0x0/0x93 returned 0 after 1953 usecs
[    2.474320] calling  net_inuse_init+0x0/0x23 @ 1
[    2.475356] initcall net_inuse_init+0x0/0x23 returned 0 after 0 usecs
[    2.476304] calling  net_defaults_init+0x0/0x23 @ 1
[    2.477304] initcall net_defaults_init+0x0/0x23 returned 0 after 0 usecs
[    2.478302] calling  init_default_flow_dissectors+0x0/0x4f @ 1
[    2.479320] initcall init_default_flow_dissectors+0x0/0x4f returned 0 after 0 usecs
[    2.480301] calling  netpoll_init+0x0/0x44 @ 1
[    2.481303] initcall netpoll_init+0x0/0x44 returned 0 after 0 usecs
[    2.482304] calling  netlink_proto_init+0x0/0x154 @ 1
[    2.484691] NET: Registered protocol family 16
[    2.485715] initcall netlink_proto_init+0x0/0x154 returned 0 after 1953 usecs
[    2.486306] calling  genl_init+0x0/0x35 @ 1
[    2.487477] initcall genl_init+0x0/0x35 returned 0 after 0 usecs
[    2.488344] calling  bsp_pm_check_init+0x0/0x13 @ 1
[    2.489305] initcall bsp_pm_check_init+0x0/0x13 returned 0 after 0 usecs
[    2.490364] calling  irq_sysfs_init+0x0/0xb9 @ 1
[    2.492351] initcall irq_sysfs_init+0x0/0xb9 returned 0 after 976 usecs
[    2.493306] calling  audit_init+0x0/0x127 @ 1
[    2.494308] audit: initializing netlink subsys (disabled)
[    2.498576] audit: type=2000 audit(1670916871.769:1): state=initialized audit_enabled=0 res=1
[    2.498697] initcall audit_init+0x0/0x127 returned 0 after 3906 usecs
[    2.498702] calling  release_early_probes+0x0/0x32 @ 1
[    2.501313] initcall release_early_probes+0x0/0x32 returned 0 after 0 usecs
[    2.502309] calling  bdi_class_init+0x0/0x48 @ 1
[    2.504337] initcall bdi_class_init+0x0/0x48 returned 0 after 976 usecs
[    2.505304] calling  mm_sysfs_init+0x0/0x28 @ 1
[    2.506314] initcall mm_sysfs_init+0x0/0x28 returned 0 after 0 usecs
[    2.507304] calling  init_per_zone_wmark_min+0x0/0x6d @ 1
[    2.508383] initcall init_per_zone_wmark_min+0x0/0x6d returned 0 after 0 usecs
[    2.509304] calling  mpi_init+0x0/0x3e @ 1
[    2.510324] initcall mpi_init+0x0/0x3e returned 0 after 0 usecs
[    2.511301] calling  kobject_uevent_init+0x0/0xc @ 1
[    2.512392] initcall kobject_uevent_init+0x0/0xc returned 0 after 0 usecs
[    2.513306] calling  pcibus_class_init+0x0/0x13 @ 1
[    2.514385] initcall pcibus_class_init+0x0/0x13 returned 0 after 0 usecs
[    2.515308] calling  pci_driver_init+0x0/0x21 @ 1
[    2.516381] initcall pci_driver_init+0x0/0x21 returned 0 after 0 usecs
[    2.517327] calling  backlight_class_init+0x0/0xa8 @ 1
[    2.518457] initcall backlight_class_init+0x0/0xa8 returned 0 after 0 usecs
[    2.519303] calling  tty_class_init+0x0/0x33 @ 1
[    2.520324] initcall tty_class_init+0x0/0x33 returned 0 after 0 usecs
[    2.521303] calling  vtconsole_class_init+0x0/0xb5 @ 1
[    2.522484] initcall vtconsole_class_init+0x0/0xb5 returned 0 after 0 usecs
[    2.523307] calling  iommu_dev_init+0x0/0x13 @ 1
[    2.524391] initcall iommu_dev_init+0x0/0x13 returned 0 after 0 usecs
[    2.525307] calling  mipi_dsi_bus_init+0x0/0xc @ 1
[    2.526377] initcall mipi_dsi_bus_init+0x0/0xc returned 0 after 0 usecs
[    2.527305] calling  devlink_class_init+0x0/0x40 @ 1
[    2.528363] initcall devlink_class_init+0x0/0x40 returned 0 after 0 usecs
[    2.529304] calling  software_node_init+0x0/0x2a @ 1
[    2.530343] initcall software_node_init+0x0/0x2a returned 0 after 0 usecs
[    2.532305] calling  wakeup_sources_debugfs_init+0x0/0x23 @ 1
[    2.533345] initcall wakeup_sources_debugfs_init+0x0/0x23 returned 0 after 0 usecs
[    2.534304] calling  wakeup_sources_sysfs_init+0x0/0x2c @ 1
[    2.535323] initcall wakeup_sources_sysfs_init+0x0/0x2c returned 0 after 0 usecs
[    2.536303] calling  register_node_type+0x0/0x13 @ 1
[    2.537433] initcall register_node_type+0x0/0x13 returned 0 after 0 usecs
[    2.538307] calling  regmap_initcall+0x0/0xc @ 1
[    2.539494] initcall regmap_initcall+0x0/0xc returned 0 after 0 usecs
[    2.540305] calling  i2c_init+0x0/0xb3 @ 1
[    2.541708] initcall i2c_init+0x0/0xb3 returned 0 after 0 usecs
[    2.542307] calling  thermal_init+0x0/0x116 @ 1
[    2.544336] thermal_sys: Registered thermal governor 'step_wise'
[    2.544342] thermal_sys: Registered thermal governor 'user_space'
[    2.545351] initcall thermal_init+0x0/0x116 returned 0 after 1953 usecs
[    2.547308] calling  init_menu+0x0/0xc @ 1
[    2.549439] cpuidle: using governor menu
[    2.550304] initcall init_menu+0x0/0xc returned 0 after 1953 usecs
[    2.551303] calling  pcc_init+0x0/0x4d @ 1
[    2.552309] initcall pcc_init+0x0/0x4d returned -19 after 0 usecs
[    2.553306] calling  amd_postcore_init+0x0/0x11e @ 1
[    2.555302] initcall amd_postcore_init+0x0/0x11e returned 0 after 0 usecs
[    2.556322] calling  bts_init+0x0/0xba @ 1
[    2.557306] initcall bts_init+0x0/0xba returned -19 after 0 usecs
[    2.558306] calling  pt_init+0x0/0x34d @ 1
[    2.559304] initcall pt_init+0x0/0x34d returned -19 after 0 usecs
[    2.560303] calling  boot_params_ksysfs_init+0x0/0x2ee @ 1
[    2.561362] initcall boot_params_ksysfs_init+0x0/0x2ee returned 0 after 0 usecs
[    2.562302] calling  sbf_init+0x0/0xea @ 1
[    2.563302] initcall sbf_init+0x0/0xea returned 0 after 0 usecs
[    2.564303] calling  arch_kdebugfs_init+0x0/0x219 @ 1
[    2.565493] initcall arch_kdebugfs_init+0x0/0x219 returned 0 after 0 usecs
[    2.566303] calling  intel_pconfig_init+0x0/0x85 @ 1
[    2.567302] initcall intel_pconfig_init+0x0/0x85 returned 0 after 0 usecs
[    2.568341] calling  mtrr_if_init+0x0/0x5d @ 1
[    2.569310] initcall mtrr_if_init+0x0/0x5d returned 0 after 0 usecs
[    2.570301] calling  activate_jump_labels+0x0/0x31 @ 1
[    2.571302] initcall activate_jump_labels+0x0/0x31 returned 0 after 0 usecs
[    2.572302] calling  ffh_cstate_init+0x0/0x29 @ 1
[    2.573324] initcall ffh_cstate_init+0x0/0x29 returned 0 after 0 usecs
[    2.574302] calling  activate_jump_labels+0x0/0x31 @ 1
[    2.576386] initcall activate_jump_labels+0x0/0x31 returned 0 after 976 usecs
[    2.577301] calling  kvm_alloc_cpumask+0x0/0x74 @ 1
[    2.578368] initcall kvm_alloc_cpumask+0x0/0x74 returned 0 after 0 usecs
[    2.579301] calling  kcmp_cookies_init+0x0/0x37 @ 1
[    2.580307] initcall kcmp_cookies_init+0x0/0x37 returned 0 after 0 usecs
[    2.581301] calling  cryptomgr_init+0x0/0xc @ 1
[    2.583390] initcall cryptomgr_init+0x0/0xc returned 0 after 976 usecs
[    2.584306] calling  acpi_pci_init+0x0/0x57 @ 1
[    2.585324] ACPI: bus type PCI registered
[    2.586309] initcall acpi_pci_init+0x0/0x57 returned 0 after 976 usecs
[    2.587308] calling  dma_channel_table_init+0x0/0xd1 @ 1
[    2.588342] initcall dma_channel_table_init+0x0/0xd1 returned 0 after 0 usecs
[    2.589304] calling  dma_bus_init+0x0/0xdc @ 1
[    2.590473] initcall dma_bus_init+0x0/0xdc returned 0 after 0 usecs
[    2.591408] calling  iommu_dma_init+0x0/0x10 @ 1
[    2.592446] initcall iommu_dma_init+0x0/0x10 returned 0 after 0 usecs
[    2.593303] calling  dmi_id_init+0x0/0x37c @ 1
[    2.595496] initcall dmi_id_init+0x0/0x37c returned 0 after 976 usecs
[    2.597302] calling  pci_arch_init+0x0/0x71 @ 1
[    2.599592] PCI: MMCONFIG for domain 0000 [bus 00-ff] at [mem 0xb0000000-0xbfffffff] (base 0xb0000000)
[    2.600308] PCI: MMCONFIG at [mem 0xb0000000-0xbfffffff] reserved in E820
[    2.602461] PCI: Using configuration type 1 for base access
[    2.604305] initcall pci_arch_init+0x0/0x71 returned 0 after 5859 usecs
[    2.605390] calling  init_vdso+0x0/0x13 @ 1
[    2.606346] initcall init_vdso+0x0/0x13 returned 0 after 0 usecs
[    2.607302] calling  sysenter_setup+0x0/0x13 @ 1
[    2.608338] initcall sysenter_setup+0x0/0x13 returned 0 after 0 usecs
[    2.609309] calling  fixup_ht_bug+0x0/0xe5 @ 1
[    2.610309] initcall fixup_ht_bug+0x0/0xe5 returned 0 after 0 usecs
[    2.611311] calling  topology_init+0x0/0x88 @ 1
[    2.614072] initcall topology_init+0x0/0x88 returned 0 after 976 usecs
[    2.615304] calling  intel_epb_init+0x0/0x68 @ 1
[    2.616308] initcall intel_epb_init+0x0/0x68 returned -19 after 0 usecs
[    2.617305] calling  mtrr_init_finialize+0x0/0x3e @ 1
[    2.619303] initcall mtrr_init_finialize+0x0/0x3e returned 0 after 0 usecs
[    2.620302] calling  uid_cache_init+0x0/0x85 @ 1
[    2.621333] initcall uid_cache_init+0x0/0x85 returned 0 after 0 usecs
[    2.622302] calling  param_sysfs_init+0x0/0x1ba @ 1
[    2.638139] initcall param_sysfs_init+0x0/0x1ba returned 0 after 13671 usecs
[    2.638306] calling  user_namespace_sysctl_init+0x0/0x33 @ 1
[    2.639349] initcall user_namespace_sysctl_init+0x0/0x33 returned 0 after 0 usecs
[    2.640303] calling  proc_schedstat_init+0x0/0x24 @ 1
[    2.641320] initcall proc_schedstat_init+0x0/0x24 returned 0 after 0 usecs
[    2.642353] calling  pm_sysrq_init+0x0/0x18 @ 1
[    2.644579] initcall pm_sysrq_init+0x0/0x18 returned 0 after 976 usecs
[    2.645381] calling  create_proc_profile+0x0/0xd0 @ 1
[    2.646332] initcall create_proc_profile+0x0/0xd0 returned 0 after 0 usecs
[    2.647307] calling  time_ns_init+0x0/0x7 @ 1
[    2.648306] initcall time_ns_init+0x0/0x7 returned 0 after 0 usecs
[    2.649305] calling  crash_save_vmcoreinfo_init+0x0/0x722 @ 1
[    2.651897] initcall crash_save_vmcoreinfo_init+0x0/0x722 returned 0 after 976 usecs
[    2.653305] calling  crash_notes_memory_init+0x0/0x35 @ 1
[    2.654311] initcall crash_notes_memory_init+0x0/0x35 returned 0 after 0 usecs
[    2.655305] calling  cgroup_sysfs_init+0x0/0x13 @ 1
[    2.656348] initcall cgroup_sysfs_init+0x0/0x13 returned 0 after 0 usecs
[    2.657302] calling  cgroup_namespaces_init+0x0/0x7 @ 1
[    2.658307] initcall cgroup_namespaces_init+0x0/0x7 returned 0 after 0 usecs
[    2.659309] calling  init_optprobes+0x0/0x13 @ 1
[    2.660411] Kprobes globally optimized
[    2.661311] initcall init_optprobes+0x0/0x13 returned 0 after 976 usecs
[    2.662333] calling  oom_init+0x0/0x2f @ 1
[    2.664551] initcall oom_init+0x0/0x2f returned 0 after 976 usecs
[    2.665304] calling  default_bdi_init+0x0/0xb3 @ 1
[    2.668305] initcall default_bdi_init+0x0/0xb3 returned 0 after 1953 usecs
[    2.669302] calling  percpu_enable_async+0x0/0xe @ 1
[    2.670302] initcall percpu_enable_async+0x0/0xe returned 0 after 0 usecs
[    2.672300] calling  kcompactd_init+0x0/0x8d @ 1
[    2.675299] initcall kcompactd_init+0x0/0x8d returned 0 after 1953 usecs
[    2.676359] calling  init_user_reserve+0x0/0x40 @ 1
[    2.677307] initcall init_user_reserve+0x0/0x40 returned 0 after 0 usecs
[    2.678307] calling  init_admin_reserve+0x0/0x40 @ 1
[    2.679304] initcall init_admin_reserve+0x0/0x40 returned 0 after 0 usecs
[    2.680303] calling  init_reserve_notifier+0x0/0x7 @ 1
[    2.681302] initcall init_reserve_notifier+0x0/0x7 returned 0 after 0 usecs
[    2.682308] calling  swap_init_sysfs+0x0/0x62 @ 1
[    2.683388] initcall swap_init_sysfs+0x0/0x62 returned 0 after 0 usecs
[    2.684306] calling  swapfile_init+0x0/0x94 @ 1
[    2.685307] initcall swapfile_init+0x0/0x94 returned 0 after 0 usecs
[    2.686307] calling  hugetlb_init+0x0/0x499 @ 1
[    2.687353] HugeTLB registered 2.00 MiB page size, pre-allocated 0 pages
[    2.688402] initcall hugetlb_init+0x0/0x499 returned 0 after 976 usecs
[    2.689307] calling  io_wq_init+0x0/0x34 @ 1
[    2.690317] initcall io_wq_init+0x0/0x34 returned 0 after 0 usecs
[    2.691307] calling  seqiv_module_init+0x0/0xc @ 1
[    2.692484] initcall seqiv_module_init+0x0/0xc returned 0 after 0 usecs
[    2.693304] calling  echainiv_module_init+0x0/0xc @ 1
[    2.694325] initcall echainiv_module_init+0x0/0xc returned 0 after 0 usecs
[    2.698291] calling  rsa_init+0x0/0x50 @ 1
[    2.710318] initcall rsa_init+0x0/0x50 returned 0 after 10742 usecs
[    2.711101] cryptomgr_test (61) used greatest stack depth: 14864 bytes left
[    2.711563] calling  crypto_cmac_module_init+0x0/0xc @ 1
[    2.712357] initcall crypto_cmac_module_init+0x0/0xc returned 0 after 0 usecs
[    2.717311] calling  hmac_module_init+0x0/0xc @ 1
[    2.718309] initcall hmac_module_init+0x0/0xc returned 0 after 0 usecs
[    2.719306] calling  crypto_null_mod_init+0x0/0x65 @ 1
[    2.725309] initcall crypto_null_mod_init+0x0/0x65 returned 0 after 4882 usecs
[    2.726308] calling  md5_mod_init+0x0/0xc @ 1
[    2.729349] initcall md5_mod_init+0x0/0xc returned 0 after 1953 usecs
[    2.730310] calling  sha256_generic_mod_init+0x0/0x11 @ 1
[    2.737764] initcall sha256_generic_mod_init+0x0/0x11 returned 0 after 5859 usecs
[    2.738312] calling  crypto_cbc_module_init+0x0/0xc @ 1
[    2.739315] initcall crypto_cbc_module_init+0x0/0xc returned 0 after 0 usecs
[    2.740308] calling  crypto_ctr_module_init+0x0/0x11 @ 1
[    2.741406] initcall crypto_ctr_module_init+0x0/0x11 returned 0 after 0 usecs
[    2.742308] calling  crypto_gcm_module_init+0x0/0x64 @ 1
[    2.744881] initcall crypto_gcm_module_init+0x0/0x64 returned 0 after 976 usecs
[    2.745307] calling  crypto_ccm_module_init+0x0/0x11 @ 1
[    2.746308] initcall crypto_ccm_module_init+0x0/0x11 returned 0 after 0 usecs
[    2.747303] calling  aes_init+0x0/0xc @ 1
[    2.752313] initcall aes_init+0x0/0xc returned 0 after 3906 usecs
[    2.753308] calling  crc32c_mod_init+0x0/0xc @ 1
[    2.756667] initcall crc32c_mod_init+0x0/0xc returned 0 after 1953 usecs
[    2.757306] calling  crypto_authenc_module_init+0x0/0xc @ 1
[    2.758310] initcall crypto_authenc_module_init+0x0/0xc returned 0 after 0 usecs
[    2.759308] calling  crypto_authenc_esn_module_init+0x0/0xc @ 1
[    2.760308] initcall crypto_authenc_esn_module_init+0x0/0xc returned 0 after 0 usecs
[    2.761301] calling  drbg_init+0x0/0x7c @ 1
[    2.771493] initcall drbg_init+0x0/0x7c returned 0 after 9765 usecs
[    2.780487] calling  ghash_mod_init+0x0/0xc @ 1
[    2.788589] initcall ghash_mod_init+0x0/0xc returned 0 after 976 usecs
[    2.798482] calling  init_bio+0x0/0x9a @ 1
[    2.806328] initcall init_bio+0x0/0x9a returned 0 after 976 usecs
[    2.815363] calling  blk_settings_init+0x0/0x29 @ 1
[    2.823305] initcall blk_settings_init+0x0/0x29 returned 0 after 0 usecs
[    2.833307] calling  blk_ioc_init+0x0/0x29 @ 1
[    2.839342] initcall blk_ioc_init+0x0/0x29 returned 0 after 976 usecs
[    2.849309] calling  blk_mq_init+0x0/0xb9 @ 1
[    2.856560] initcall blk_mq_init+0x0/0xb9 returned 0 after 0 usecs
[    2.866310] calling  genhd_device_init+0x0/0x75 @ 1
[    2.878755] initcall genhd_device_init+0x0/0x75 returned 0 after 3906 usecs
[    2.887368] calling  pci_slot_init+0x0/0x40 @ 1
[    2.893469] initcall pci_slot_init+0x0/0x40 returned 0 after 0 usecs
[    2.902305] calling  fbmem_init+0x0/0xd8 @ 1
[    2.911408] initcall fbmem_init+0x0/0xd8 returned 0 after 2929 usecs
[    2.919304] calling  acpi_init+0x0/0x319 @ 1
[    2.925724] ACPI: Added _OSI(Module Device)
[    2.932305] ACPI: Added _OSI(Processor Device)
[    2.938304] ACPI: Added _OSI(3.0 _SCP Extensions)
[    2.944301] ACPI: Added _OSI(Processor Aggregator Device)
[    2.951303] ACPI: Added _OSI(Linux-Dell-Video)
[    2.956303] ACPI: Added _OSI(Linux-Lenovo-NV-HDMI-Audio)
[    2.963303] ACPI: Added _OSI(Linux-HPI-Hybrid-Graphics)
[    2.977090] ACPI: 1 ACPI AML tables successfully acquired and loaded
[    2.996196] ACPI: Interpreter enabled
[    3.003414] ACPI: (supports S0 S3 S4 S5)
[    3.010383] ACPI: Using IOAPIC for interrupt routing
[    3.016552] PCI: Using host bridge windows from ACPI; if necessary, use "pci=nocrs" and report a bug
[    3.028915] ACPI: Enabled 2 GPEs in block 00 to 3F
[    3.049403] ACPI: PCI Root Bridge [PCI0] (domain 0000 [bus 00-ff])
[    3.057516] acpi PNP0A08:00: _OSC: OS supports [ExtendedConfig ASPM ClockPM Segments MSI HPX-Type3]
[    3.070811] acpi PNP0A08:00: _OSC: platform does not support [LTR]
[    3.078639] acpi PNP0A08:00: _OSC: OS now controls [PME PCIeCapability]
[    3.088299] PCI host bridge to bus 0000:00
[    3.094319] pci_bus 0000:00: root bus resource [io  0x0000-0x0cf7 window]
[    3.102305] pci_bus 0000:00: root bus resource [io  0x0d00-0xffff window]
[    3.110306] pci_bus 0000:00: root bus resource [mem 0x000a0000-0x000bffff window]
[    3.119307] pci_bus 0000:00: root bus resource [mem 0x20000000-0xafffffff window]
[    3.124307] pci_bus 0000:00: root bus resource [mem 0xc0000000-0xfebfffff window]
[    3.134306] pci_bus 0000:00: root bus resource [mem 0x100000000-0x8ffffffff window]
[    3.143310] pci_bus 0000:00: root bus resource [bus 00-ff]
[    3.152171] pci 0000:00:00.0: calling  quirk_mmio_always_on+0x0/0x10 @ 1
[    3.161386] pci 0000:00:00.0: quirk_mmio_always_on+0x0/0x10 took 0 usecs
[    3.169305] pci 0000:00:00.0: [8086:29c0] type 00 class 0x060000
[    3.180291] pci 0000:00:00.0: calling  quirk_igfx_skip_te_disable+0x0/0x80 @ 1
[    3.186591] pci 0000:00:00.0: quirk_igfx_skip_te_disable+0x0/0x80 took 0 usecs
[    3.202524] pci 0000:00:01.0: [1234:1111] type 00 class 0x030000
[    3.226291] pci 0000:00:01.0: reg 0x10: [mem 0xfd000000-0xfdffffff pref]
[    3.260291] pci 0000:00:01.0: reg 0x18: [mem 0xfebf0000-0xfebf0fff]
[    3.308887] pci 0000:00:01.0: reg 0x30: [mem 0xfebe0000-0xfebeffff pref]
[    3.327291] pci 0000:00:01.0: calling  efifb_fixup_resources+0x0/0xf0 @ 1
[    3.336372] pci 0000:00:01.0: efifb_fixup_resources+0x0/0xf0 took 0 usecs
[    3.377307] pci 0000:00:1f.0: [8086:2918] type 00 class 0x060100
[    3.395455] pci 0000:00:1f.0: calling  quirk_ich7_lpc+0x0/0x60 @ 1
[    3.403850] pci 0000:00:1f.0: quirk: [io  0x0600-0x067f] claimed by ICH6 ACPI/GPIO/TCO
[    3.416872] pci 0000:00:1f.0: quirk_ich7_lpc+0x0/0x60 took 13671 usecs
[    3.430291] pci 0000:00:1f.0: calling  quirk_igfx_skip_te_disable+0x0/0x80 @ 1
[    3.438532] pci 0000:00:1f.0: quirk_igfx_skip_te_disable+0x0/0x80 took 1953 usecs
[    3.472085] pci 0000:00:1f.2: [8086:2922] type 00 class 0x010601
[    3.489306] pci 0000:00:1f.2: reg 0x20: [io  0xc040-0xc05f]
[    3.499847] pci 0000:00:1f.2: reg 0x24: [mem 0xfebf1000-0xfebf1fff]
[    3.511332] pci 0000:00:1f.2: calling  quirk_igfx_skip_te_disable+0x0/0x80 @ 1
[    3.523311] pci 0000:00:1f.2: quirk_igfx_skip_te_disable+0x0/0x80 took 0 usecs
[    3.538969] pci 0000:00:1f.3: [8086:2930] type 00 class 0x0c0500
[    3.555596] pci 0000:00:1f.3: reg 0x20: [io  0x0700-0x073f]
[    3.565796] pci 0000:00:1f.3: calling  quirk_igfx_skip_te_disable+0x0/0x80 @ 1
[    3.577427] pci 0000:00:1f.3: quirk_igfx_skip_te_disable+0x0/0x80 took 0 usecs
[    3.596789] ACPI: PCI Interrupt Link [LNKA] (IRQs 5 *10 11)
[    3.603502] ACPI: PCI Interrupt Link [LNKB] (IRQs 5 *10 11)
[    3.610837] ACPI: PCI Interrupt Link [LNKC] (IRQs 5 10 *11)
[    3.618839] ACPI: PCI Interrupt Link [LNKD] (IRQs 5 10 *11)
[    3.626701] ACPI: PCI Interrupt Link [LNKE] (IRQs 5 *10 11)
[    3.634362] ACPI: PCI Interrupt Link [LNKF] (IRQs 5 *10 11)
[    3.641909] ACPI: PCI Interrupt Link [LNKG] (IRQs 5 10 *11)
[    3.647998] ACPI: PCI Interrupt Link [LNKH] (IRQs 5 10 *11)
[    3.656554] ACPI: PCI Interrupt Link [GSIA] (IRQs *16)
[    3.664360] ACPI: PCI Interrupt Link [GSIB] (IRQs *17)
[    3.671361] ACPI: PCI Interrupt Link [GSIC] (IRQs *18)
[    3.677354] ACPI: PCI Interrupt Link [GSID] (IRQs *19)
[    3.684356] ACPI: PCI Interrupt Link [GSIE] (IRQs *20)
[    3.691573] ACPI: PCI Interrupt Link [GSIF] (IRQs *21)
[    3.698389] ACPI: PCI Interrupt Link [GSIG] (IRQs *22)
[    3.705368] ACPI: PCI Interrupt Link [GSIH] (IRQs *23)
[    3.729008] initcall acpi_init+0x0/0x319 returned 0 after 784179 usecs
[    3.738392] calling  pnp_init+0x0/0xc @ 1
[    3.744554] initcall pnp_init+0x0/0xc returned 0 after 0 usecs
[    3.752341] calling  misc_init+0x0/0xbf @ 1
[    3.761550] initcall misc_init+0x0/0xbf returned 0 after 1953 usecs
[    3.772320] calling  iommu_subsys_init+0x0/0x4e @ 1
[    3.779437] iommu: Default domain type: Translated 
[    3.787312] initcall iommu_subsys_init+0x0/0x4e returned 0 after 7812 usecs
[    3.796311] calling  vga_arb_device_init+0x0/0x261 @ 1
[    3.817236] pci 0000:00:01.0: vgaarb: setting as boot VGA device
[    3.817291] pci 0000:00:01.0: vgaarb: VGA device added: decodes=io+mem,owns=io+mem,locks=none
[    3.836316] pci 0000:00:01.0: vgaarb: bridge control possible
[    3.843305] vgaarb: loaded
[    3.846310] initcall vga_arb_device_init+0x0/0x261 returned 0 after 40039 usecs
[    3.856655] calling  cn_init+0x0/0xf0 @ 1
[    3.870005] initcall cn_init+0x0/0xf0 returned 0 after 6835 usecs
[    3.875308] calling  dma_buf_init+0x0/0xad @ 1
[    3.886560] initcall dma_buf_init+0x0/0xad returned 0 after 6835 usecs
[    3.892312] calling  dma_resv_lockdep+0x0/0x281 @ 1
[    3.902677] initcall dma_resv_lockdep+0x0/0x281 returned 0 after 4882 usecs
[    3.913308] calling  init_scsi+0x0/0x79 @ 1
[    3.923304] SCSI subsystem initialized
[    3.927305] initcall init_scsi+0x0/0x79 returned 0 after 7812 usecs
[    3.936304] calling  ata_init+0x0/0x332 @ 1
[    3.945291] libata version 3.00 loaded.
[    3.951303] initcall ata_init+0x0/0x332 returned 0 after 9765 usecs
[    3.958304] calling  phy_init+0x0/0x250 @ 1
[    3.966328] initcall phy_init+0x0/0x250 returned 0 after 1953 usecs
[    3.974303] calling  init_pcmcia_cs+0x0/0x35 @ 1
[    3.980463] initcall init_pcmcia_cs+0x0/0x35 returned 0 after 976 usecs
[    3.988304] calling  usb_common_init+0x0/0x1c @ 1
[    3.994495] initcall usb_common_init+0x0/0x1c returned 0 after 0 usecs
[    4.002298] calling  usb_init+0x0/0x12e @ 1
[    4.008613] ACPI: bus type USB registered
[    4.017413] usbcore: registered new interface driver usbfs
[    4.024902] usbcore: registered new interface driver hub
[    4.030484] usbcore: registered new device driver usb
[    4.037305] initcall usb_init+0x0/0x12e returned 0 after 28320 usecs
[    4.045303] calling  serio_init+0x0/0x29 @ 1
[    4.051506] initcall serio_init+0x0/0x29 returned 0 after 0 usecs
[    4.059302] calling  input_init+0x0/0xf6 @ 1
[    4.064426] initcall input_init+0x0/0xf6 returned 0 after 0 usecs
[    4.071303] calling  rtc_init+0x0/0x4d @ 1
[    4.075323] initcall rtc_init+0x0/0x4d returned 0 after 0 usecs
[    4.084302] calling  pps_init+0x0/0xa9 @ 1
[    4.087551] pps_core: LinuxPPS API ver. 1 registered
[    4.094299] pps_core: Software ver. 5.3.6 - Copyright 2005-2007 Rodolfo Giometti <giometti@linux.it>
[    4.106305] initcall pps_init+0x0/0xa9 returned 0 after 18554 usecs
[    4.112304] calling  ptp_init+0x0/0x98 @ 1
[    4.116327] PTP clock support registered
[    4.122302] initcall ptp_init+0x0/0x98 returned 0 after 5859 usecs
[    4.129309] calling  power_supply_class_init+0x0/0x3f @ 1
[    4.136302] initcall power_supply_class_init+0x0/0x3f returned 0 after 1953 usecs
[    4.148305] calling  hwmon_init+0x0/0x104 @ 1
[    4.153321] initcall hwmon_init+0x0/0x104 returned 0 after 0 usecs
[    4.160303] calling  md_init+0x0/0x16b @ 1
[    4.172033] initcall md_init+0x0/0x16b returned 0 after 4882 usecs
[    4.179303] calling  leds_init+0x0/0x3b @ 1
[    4.182502] initcall leds_init+0x0/0x3b returned 0 after 0 usecs
[    4.188315] calling  dmi_init+0x0/0x113 @ 1
[    4.195707] initcall dmi_init+0x0/0x113 returned 0 after 1953 usecs
[    4.203302] calling  efisubsys_init+0x0/0x4e7 @ 1
[    4.211788] initcall efisubsys_init+0x0/0x4e7 returned 0 after 0 usecs
[    4.218309] calling  nvmem_init+0x0/0xc @ 1
[    4.225510] initcall nvmem_init+0x0/0xc returned 0 after 0 usecs
[    4.235305] calling  init_soundcore+0x0/0x33 @ 1
[    4.242676] initcall init_soundcore+0x0/0x33 returned 0 after 0 usecs
[    4.248303] calling  alsa_sound_init+0x0/0x8f @ 1
[    4.258300] Advanced Linux Sound Architecture Driver Initialized.
[    4.265308] initcall alsa_sound_init+0x0/0x8f returned 0 after 10742 usecs
[    4.273974] calling  alsa_seq_device_init+0x0/0x71 @ 1
[    4.279357] initcall alsa_seq_device_init+0x0/0x71 returned 0 after 0 usecs
[    4.289305] calling  hda_bus_init+0x0/0xc @ 1
[    4.295882] initcall hda_bus_init+0x0/0xc returned 0 after 976 usecs
[    4.305306] calling  proto_init+0x0/0xc @ 1
[    4.309763] initcall proto_init+0x0/0xc returned 0 after 1953 usecs
[    4.319305] calling  net_dev_init+0x0/0x27f @ 1
[    4.337750] initcall net_dev_init+0x0/0x27f returned 0 after 12695 usecs
[    4.343308] calling  neigh_init+0x0/0x84 @ 1
[    4.351314] initcall neigh_init+0x0/0x84 returned 0 after 1953 usecs
[    4.359317] calling  fib_notifier_init+0x0/0xc @ 1
[    4.366351] initcall fib_notifier_init+0x0/0xc returned 0 after 0 usecs
[    4.374306] calling  fib_rules_init+0x0/0xab @ 1
[    4.380368] initcall fib_rules_init+0x0/0xab returned 0 after 0 usecs
[    4.389303] calling  pktsched_init+0x0/0x10e @ 1
[    4.395491] initcall pktsched_init+0x0/0x10e returned 0 after 0 usecs
[    4.403304] calling  tc_filter_init+0x0/0xfa @ 1
[    4.409411] initcall tc_filter_init+0x0/0xfa returned 0 after 0 usecs
[    4.417303] calling  tc_action_init+0x0/0x54 @ 1
[    4.423319] initcall tc_action_init+0x0/0x54 returned 0 after 0 usecs
[    4.431303] calling  ethnl_init+0x0/0x52 @ 1
[    4.437469] initcall ethnl_init+0x0/0x52 returned 0 after 0 usecs
[    4.445336] calling  nexthop_init+0x0/0xd8 @ 1
[    4.450385] initcall nexthop_init+0x0/0xd8 returned 0 after 0 usecs
[    4.458302] calling  cipso_v4_init+0x0/0x8d @ 1
[    4.464486] initcall cipso_v4_init+0x0/0x8d returned 0 after 0 usecs
[    4.473323] calling  ieee80211_init+0x0/0x24 @ 1
[    4.479634] initcall ieee80211_init+0x0/0x24 returned 0 after 976 usecs
[    4.487303] calling  netlbl_init+0x0/0x78 @ 1
[    4.493300] NetLabel: Initializing
[    4.497299] NetLabel:  domain hash size = 128
[    4.503298] NetLabel:  protocols = UNLABELED CIPSOv4 CALIPSO
[    4.510500] NetLabel:  unlabeled traffic allowed by default
[    4.517304] initcall netlbl_init+0x0/0x78 returned 0 after 23437 usecs
[    4.525335] calling  rfkill_init+0x0/0x136 @ 1
[    4.532686] initcall rfkill_init+0x0/0x136 returned 0 after 976 usecs
[    4.540307] calling  pci_subsys_init+0x0/0x66 @ 1
[    4.546301] PCI: Using ACPI for IRQ routing
[    5.300947] PCI: pci_cache_line_size set to 64 bytes
[    5.309386] e820: reserve RAM buffer [mem 0x0009fc00-0x0009ffff]
[    5.321591] e820: reserve RAM buffer [mem 0x1ffdf000-0x1fffffff]
[    5.329867] initcall pci_subsys_init+0x0/0x66 returned 0 after 764648 usecs
[    5.342291] calling  nmi_warning_debugfs+0x0/0x26 @ 1
[    5.354036] initcall nmi_warning_debugfs+0x0/0x26 returned 0 after 6835 usecs
[    5.363306] calling  save_microcode_in_initrd+0x0/0x51 @ 1
[    5.370880] initcall save_microcode_in_initrd+0x0/0x51 returned 0 after 0 usecs
[    5.379318] calling  hpet_late_init+0x0/0x207 @ 1
[    5.388101] hpet: 3 channels of 0 reserved for per-cpu timers
[    5.394536] hpet0: at MMIO 0xfed00000, IRQs 2, 8, 0
[    5.401300] hpet0: 3 comparators, 64-bit 100.000000 MHz counter
[    5.413304] initcall hpet_late_init+0x0/0x207 returned 0 after 25390 usecs
[    5.421304] calling  init_amd_nbs+0x0/0x11c @ 1
[    5.428581] initcall init_amd_nbs+0x0/0x11c returned 0 after 0 usecs
[    5.436320] calling  clocksource_done_booting+0x0/0x43 @ 1
[    5.449291] clocksource: Switched to clocksource kvm-clock
[    5.457155] initcall clocksource_done_booting+0x0/0x43 returned 0 after 13531 usecs
[    5.466510] calling  tracer_init_tracefs+0x0/0x248 @ 1
[    5.804363] initcall tracer_init_tracefs+0x0/0x248 returned 0 after 322748 usecs
[    5.815169] calling  init_trace_printk_function_export+0x0/0x2c @ 1
[    5.822873] initcall init_trace_printk_function_export+0x0/0x2c returned 0 after 99 usecs
[    5.832716] calling  init_kprobe_trace+0x0/0x1ab @ 1
[    5.840528] initcall init_kprobe_trace+0x0/0x1ab returned 0 after 189 usecs
[    5.849042] calling  init_dynamic_event+0x0/0x3d @ 1
[    5.855360] initcall init_dynamic_event+0x0/0x3d returned 0 after 103 usecs
[    5.863890] calling  init_uprobe_trace+0x0/0x5c @ 1
[    5.870277] initcall init_uprobe_trace+0x0/0x5c returned 0 after 421 usecs
[    5.879284] calling  init_pipe_fs+0x0/0x44 @ 1
[    5.888348] initcall init_pipe_fs+0x0/0x44 returned 0 after 3287 usecs
[    5.896298] calling  inotify_user_setup+0x0/0x47 @ 1
[    5.902909] initcall inotify_user_setup+0x0/0x47 returned 0 after 545 usecs
[    5.911399] calling  eventpoll_init+0x0/0xeb @ 1
[    5.917090] initcall eventpoll_init+0x0/0xeb returned 0 after 99 usecs
[    5.924900] calling  anon_inode_init+0x0/0x58 @ 1
[    5.931274] initcall anon_inode_init+0x0/0x58 returned 0 after 755 usecs
[    5.939158] calling  proc_locks_init+0x0/0x27 @ 1
[    5.945197] initcall proc_locks_init+0x0/0x27 returned 0 after 394 usecs
[    5.953082] calling  iomap_init+0x0/0x1b @ 1
[    5.959173] initcall iomap_init+0x0/0x1b returned 0 after 854 usecs
[    5.966646] calling  dquot_init+0x0/0x106 @ 1
[    5.971983] VFS: Disk quotas dquot_6.6.0
[    5.977819] VFS: Dquot-cache hash table entries: 512 (order 0, 4096 bytes)
[    5.986133] initcall dquot_init+0x0/0x106 returned 0 after 13841 usecs
[    5.993990] calling  quota_init+0x0/0x23 @ 1
[    6.000266] initcall quota_init+0x0/0x23 returned 0 after 1015 usecs
[    6.007963] calling  proc_cmdline_init+0x0/0x21 @ 1
[    6.013891] initcall proc_cmdline_init+0x0/0x21 returned 0 after 21 usecs
[    6.022075] calling  proc_consoles_init+0x0/0x24 @ 1
[    6.028055] initcall proc_consoles_init+0x0/0x24 returned 0 after 7 usecs
[    6.036206] calling  proc_cpuinfo_init+0x0/0x1e @ 1
[    6.042144] initcall proc_cpuinfo_init+0x0/0x1e returned 0 after 7 usecs
[    6.050492] calling  proc_devices_init+0x0/0x24 @ 1
[    6.056585] initcall proc_devices_init+0x0/0x24 returned 0 after 7 usecs
[    6.064426] calling  proc_interrupts_init+0x0/0x24 @ 1
[    6.070524] initcall proc_interrupts_init+0x0/0x24 returned 0 after 5 usecs
[    6.078951] calling  proc_loadavg_init+0x0/0x21 @ 1
[    6.084686] initcall proc_loadavg_init+0x0/0x21 returned 0 after 6 usecs
[    6.094053] calling  proc_meminfo_init+0x0/0x21 @ 1
[    6.099891] initcall proc_meminfo_init+0x0/0x21 returned 0 after 6 usecs
[    6.107674] calling  proc_stat_init+0x0/0x1e @ 1
[    6.114018] initcall proc_stat_init+0x0/0x1e returned 0 after 6 usecs
[    6.121895] calling  proc_uptime_init+0x0/0x21 @ 1
[    6.127606] initcall proc_uptime_init+0x0/0x21 returned 0 after 6 usecs
[    6.136281] calling  proc_version_init+0x0/0x21 @ 1
[    6.143528] initcall proc_version_init+0x0/0x21 returned 0 after 103 usecs
[    6.153368] calling  proc_softirqs_init+0x0/0x21 @ 1
[    6.160481] initcall proc_softirqs_init+0x0/0x21 returned 0 after 8 usecs
[    6.170139] calling  proc_kcore_init+0x0/0xea @ 1
[    6.175930] initcall proc_kcore_init+0x0/0xea returned 0 after 370 usecs
[    6.183649] calling  vmcore_init+0x0/0x57b @ 1
[    6.188886] initcall vmcore_init+0x0/0x57b returned 0 after 69 usecs
[    6.196114] calling  proc_kmsg_init+0x0/0x21 @ 1
[    6.201492] initcall proc_kmsg_init+0x0/0x21 returned 0 after 7 usecs
[    6.208890] calling  proc_page_init+0x0/0x3b @ 1
[    6.214338] initcall proc_page_init+0x0/0x3b returned 0 after 7 usecs
[    6.221857] calling  init_ramfs_fs+0x0/0xc @ 1
[    6.227089] initcall init_ramfs_fs+0x0/0xc returned 0 after 57 usecs
[    6.234366] calling  init_hugetlbfs_fs+0x0/0xf6 @ 1
[    6.241026] initcall init_hugetlbfs_fs+0x0/0xf6 returned 0 after 955 usecs
[    6.249125] calling  blk_scsi_ioctl_init+0x0/0x2a5 @ 1
[    6.255318] initcall blk_scsi_ioctl_init+0x0/0x2a5 returned 0 after 51 usecs
[    6.263531] calling  acpi_event_init+0x0/0x2c @ 1
[    6.269179] initcall acpi_event_init+0x0/0x2c returned 0 after 80 usecs
[    6.276874] calling  pnp_system_init+0x0/0xc @ 1
[    6.284962] initcall pnp_system_init+0x0/0xc returned 0 after 2600 usecs
[    6.292905] calling  pnpacpi_init+0x0/0x69 @ 1
[    6.298092] pnp: PnP ACPI init
[    6.304906] pnp 00:00: Plug and Play ACPI device, IDs PNP0303 (active)
[    6.312743] pnp 00:01: Plug and Play ACPI device, IDs PNP0f13 (active)
[    6.320549] pnp 00:02: Plug and Play ACPI device, IDs PNP0400 (active)
[    6.328542] pnp 00:03: Plug and Play ACPI device, IDs PNP0501 (active)
[    6.336478] pnp 00:04: Plug and Play ACPI device, IDs PNP0b00 (active)
[    6.344650] system 00:05: [mem 0xb0000000-0xbfffffff window] has been reserved
[    6.353252] system 00:05: Plug and Play ACPI device, IDs PNP0c01 (active)
[    6.363557] pnp: PnP ACPI: found 6 devices
[    6.368476] initcall pnpacpi_init+0x0/0x69 returned 0 after 68729 usecs
[    6.376214] calling  chr_dev_init+0x0/0x14d @ 1
[    6.510746] initcall chr_dev_init+0x0/0x14d returned 0 after 126033 usecs
[    6.519065] calling  firmware_class_init+0x0/0x14a @ 1
[    6.525561] initcall firmware_class_init+0x0/0x14a returned 0 after 280 usecs
[    6.534584] calling  init_pcmcia_bus+0x0/0x5b @ 1
[    6.540525] initcall init_pcmcia_bus+0x0/0x5b returned 0 after 377 usecs
[    6.548569] calling  init_acpi_pm_clocksource+0x0/0xda @ 1
[    6.560585] clocksource: acpi_pm: mask: 0xffffff max_cycles: 0xffffff, max_idle_ns: 2085701024 ns
[    6.570955] initcall init_acpi_pm_clocksource+0x0/0xda returned 0 after 15559 usecs
[    6.579820] calling  sysctl_core_init+0x0/0x26 @ 1
[    6.585962] initcall sysctl_core_init+0x0/0x26 returned 0 after 216 usecs
[    6.593982] calling  eth_offload_init+0x0/0x13 @ 1
[    6.600150] initcall eth_offload_init+0x0/0x13 returned 0 after 397 usecs
[    6.608784] calling  ipv4_offload_init+0x0/0x73 @ 1
[    6.614961] initcall ipv4_offload_init+0x0/0x73 returned 0 after 120 usecs
[    6.623223] calling  inet_init+0x0/0x276 @ 1
[    6.628590] NET: Registered protocol family 2
[    6.634969] IP idents hash table entries: 8192 (order: 4, 65536 bytes, linear)
[    6.647491] tcp_listen_portaddr_hash hash table entries: 256 (order: 2, 20480 bytes, linear)
[    6.658227] TCP established hash table entries: 4096 (order: 3, 32768 bytes, linear)
[    6.668869] TCP bind hash table entries: 4096 (order: 6, 294912 bytes, linear)
[    6.683227] TCP: Hash tables configured (established 4096 bind 4096)
[    6.692050] UDP hash table entries: 256 (order: 3, 40960 bytes, linear)
[    6.702986] UDP-Lite hash table entries: 256 (order: 3, 40960 bytes, linear)
[    6.714532] initcall inet_init+0x0/0x276 returned 0 after 84201 usecs
[    6.723416] calling  af_unix_init+0x0/0x4d @ 1
[    6.728695] NET: Registered protocol family 1
[    6.734790] initcall af_unix_init+0x0/0x4d returned 0 after 6690 usecs
[    6.743124] calling  ipv6_offload_init+0x0/0x7e @ 1
[    6.749061] initcall ipv6_offload_init+0x0/0x7e returned 0 after 48 usecs
[    6.757218] calling  init_sunrpc+0x0/0x65 @ 1
[    6.771011] RPC: Registered named UNIX socket transport module.
[    6.778191] RPC: Registered udp transport module.
[    6.784015] RPC: Registered tcp transport module.
[    6.789664] RPC: Registered tcp NFSv4.1 backchannel transport module.
[    6.797259] initcall init_sunrpc+0x0/0x65 returned 0 after 34012 usecs
[    6.804960] calling  cfg80211_init+0x0/0xc5 @ 1
[    6.815353] initcall cfg80211_init+0x0/0xc5 returned 0 after 4767 usecs
[    6.823036] calling  pcibios_assign_resources+0x0/0xbf @ 1
[    6.829923] pci_bus 0000:00: resource 4 [io  0x0000-0x0cf7 window]
[    6.837438] pci_bus 0000:00: resource 5 [io  0x0d00-0xffff window]
[    6.844841] pci_bus 0000:00: resource 6 [mem 0x000a0000-0x000bffff window]
[    6.852912] pci_bus 0000:00: resource 7 [mem 0x20000000-0xafffffff window]
[    6.861073] pci_bus 0000:00: resource 8 [mem 0xc0000000-0xfebfffff window]
[    6.869205] pci_bus 0000:00: resource 9 [mem 0x100000000-0x8ffffffff window]
[    6.877740] initcall pcibios_assign_resources+0x0/0xbf returned 0 after 47136 usecs
[    6.887652] calling  pci_apply_final_quirks+0x0/0x124 @ 1
[    6.896270] pci 0000:00:01.0: calling  pci_fixup_video+0x0/0xe0 @ 1
[    6.906066] pci 0000:00:01.0: Video device with shadowed ROM at [mem 0x000c0000-0x000dffff]
[    6.917875] pci 0000:00:01.0: pci_fixup_video+0x0/0xe0 took 11886 usecs
[    6.926024] PCI: CLS 0 bytes, default 64
[    6.930784] initcall pci_apply_final_quirks+0x0/0x124 returned 0 after 34232 usecs
[    6.939723] calling  acpi_reserve_resources+0x0/0xea @ 1
[    6.946134] initcall acpi_reserve_resources+0x0/0xea returned 0 after 40 usecs
[    6.954815] calling  populate_rootfs+0x0/0x102 @ 1
[    6.963237] initcall populate_rootfs+0x0/0x102 returned 0 after 2597 usecs
[    6.971542] calling  pci_iommu_init+0x0/0x3e @ 1
[    6.980845] initcall pci_iommu_init+0x0/0x3e returned 0 after 117 usecs
[    6.994656] calling  ia32_binfmt_init+0x0/0x13 @ 1
[    7.000481] initcall ia32_binfmt_init+0x0/0x13 returned 0 after 11 usecs
[    7.008541] calling  rapl_pmu_init+0x0/0x267 @ 1
[    7.015553] initcall rapl_pmu_init+0x0/0x267 returned -19 after 52 usecs
[    7.023548] calling  amd_uncore_init+0x0/0x310 @ 1
[    7.029465] initcall amd_uncore_init+0x0/0x310 returned -19 after 1 usecs
[    7.037545] calling  amd_ibs_init+0x0/0x27b @ 1
[    7.042991] initcall amd_ibs_init+0x0/0x27b returned -19 after 0 usecs
[    7.050758] calling  amd_iommu_pc_init+0x0/0x22c @ 1
[    7.056708] initcall amd_iommu_pc_init+0x0/0x22c returned -19 after 46 usecs
[    7.065124] calling  msr_init+0x0/0x55 @ 1
[    7.070232] initcall msr_init+0x0/0x55 returned 0 after 137 usecs
[    7.077550] calling  intel_uncore_init+0x0/0x36f @ 1
[    7.083636] initcall intel_uncore_init+0x0/0x36f returned -19 after 27 usecs
[    7.092002] calling  cstate_pmu_init+0x0/0x1a1 @ 1
[    7.097851] initcall cstate_pmu_init+0x0/0x1a1 returned -19 after 0 usecs
[    7.105864] calling  register_kernel_offset_dumper+0x0/0x1a @ 1
[    7.112955] initcall register_kernel_offset_dumper+0x0/0x1a returned 0 after 18 usecs
[    7.122147] calling  i8259A_init_ops+0x0/0x20 @ 1
[    7.127768] initcall i8259A_init_ops+0x0/0x20 returned 0 after 3 usecs
[    7.135771] calling  init_tsc_clocksource+0x0/0xa4 @ 1
[    7.141900] clocksource: tsc: mask: 0xffffffffffffffff max_cycles: 0x39a85afc727, max_idle_ns: 881590685098 ns
[    7.153713] initcall init_tsc_clocksource+0x0/0xa4 returned 0 after 11535 usecs
[    7.162256] calling  add_rtc_cmos+0x0/0xb0 @ 1
[    7.167545] initcall add_rtc_cmos+0x0/0xb0 returned 0 after 19 usecs
[    7.175228] calling  i8237A_init_ops+0x0/0x3a @ 1
[    7.180896] initcall i8237A_init_ops+0x0/0x3a returned 0 after 93 usecs
[    7.188567] calling  umwait_init+0x0/0x94 @ 1
[    7.193770] initcall umwait_init+0x0/0x94 returned -19 after 40 usecs
[    7.201579] calling  thermal_throttle_init_device+0x0/0x3d @ 1
[    7.208310] initcall thermal_throttle_init_device+0x0/0x3d returned 0 after 25 usecs
[    7.217436] calling  msr_init+0x0/0xd7 @ 1
[    7.239696] initcall msr_init+0x0/0xd7 returned 0 after 16974 usecs
[    7.247151] calling  cpuid_init+0x0/0xd7 @ 1
[    7.276178] initcall cpuid_init+0x0/0xd7 returned 0 after 23384 usecs
[    7.284101] calling  ioapic_init_ops+0x0/0x13 @ 1
[    7.289923] initcall ioapic_init_ops+0x0/0x13 returned 0 after 24 usecs
[    7.298009] calling  add_pcspkr+0x0/0x6c @ 1
[    7.303510] initcall add_pcspkr+0x0/0x6c returned 0 after 112 usecs
[    7.311181] calling  start_periodic_check_for_corruption+0x0/0x30 @ 1
[    7.319040] check: Scanning for low memory corruption every 60 seconds
[    7.326571] initcall start_periodic_check_for_corruption+0x0/0x30 returned 0 after 7408 usecs
[    7.337540] calling  sysfb_init+0x0/0x9c @ 1
[    7.342661] initcall sysfb_init+0x0/0x9c returned 0 after 80 usecs
[    7.350543] calling  audit_classes_init+0x0/0xae @ 1
[    7.356478] initcall audit_classes_init+0x0/0xae returned 0 after 34 usecs
[    7.366000] calling  iosf_mbi_init+0x0/0x24 @ 1
[    7.372613] initcall iosf_mbi_init+0x0/0x24 returned 0 after 388 usecs
[    7.380673] calling  proc_execdomains_init+0x0/0x21 @ 1
[    7.387291] initcall proc_execdomains_init+0x0/0x21 returned 0 after 85 usecs
[    7.396006] calling  register_warn_debugfs+0x0/0x23 @ 1
[    7.402908] initcall register_warn_debugfs+0x0/0x23 returned 0 after 49 usecs
[    7.412052] calling  cpuhp_sysfs_init+0x0/0x79 @ 1
[    7.418436] initcall cpuhp_sysfs_init+0x0/0x79 returned 0 after 290 usecs
[    7.426751] calling  ioresources_init+0x0/0x49 @ 1
[    7.432865] initcall ioresources_init+0x0/0x49 returned 0 after 10 usecs
[    7.441150] calling  lockdep_proc_init+0x0/0x64 @ 1
[    7.447564] initcall lockdep_proc_init+0x0/0x64 returned 0 after 83 usecs
[    7.456115] calling  snapshot_device_init+0x0/0xc @ 1
[    7.463658] initcall snapshot_device_init+0x0/0xc returned 0 after 1155 usecs
[    7.472228] calling  irq_pm_init_ops+0x0/0x13 @ 1
[    7.478011] initcall irq_pm_init_ops+0x0/0x13 returned 0 after 16 usecs
[    7.486177] calling  rcu_torture_init+0x0/0x9be @ 1
[    7.492654] srcud-torture:--- Start of test: nreaders=7 nfakewriters=4 stat_interval=15 verbose=1 test_no_idle_hz=1 shuffle_interval=3 stutter=5 irqreader=1 fqs_duration=0 fqs_holdoff=0 fqs_stutter=3 test_boost=1/0 test_boost_interval=7 test_boost_duration=4 shutdown_secs=1800 stall_cpu=0 stall_cpu_holdoff=10 stall_cpu_irqsoff=0 stall_cpu_block=0 n_barrier_cbs=4 onoff_interval=1000 onoff_holdoff=30 read_exit_delay=13 read_exit_burst=16
[    7.540088] srcud:  Start-test grace-period state: g0 f0x0
[    7.547191] srcud-torture: Creating rcu_torture_writer task
[    7.557505] srcud-torture: Creating rcu_torture_fakewriter task
[    7.557814] srcud-torture: rcu_torture_writer task started
[    7.567211] srcud-torture: Creating rcu_torture_fakewriter task
[    7.567669] srcud-torture: rcu_torture_fakewriter task started
[    7.572783] srcud-torture: GP expediting controlled from boot/sysfs for srcud.
[    7.582663] srcud-torture: Creating rcu_torture_fakewriter task
[    7.582895] srcud-torture: rcu_torture_fakewriter task started
[    7.587857] rcu_torture_writer: Testing expedited GPs.
[    7.599976] srcud-torture: Creating rcu_torture_fakewriter task
[    7.600198] srcud-torture: rcu_torture_fakewriter task started
[    7.605666] rcu_torture_writer: Testing asynchronous GPs.
[    7.605668] rcu_torture_writer: Testing normal GPs.
[    7.654495] srcud-torture: Creating rcu_torture_reader task
[    7.654602] srcud-torture: rcu_torture_fakewriter task started
[    7.666087] srcud-torture: Creating rcu_torture_reader task
[    7.666486] srcud-torture: rcu_torture_reader task started
[    7.688603] srcud-torture: Creating rcu_torture_reader task
[    7.688896] srcud-torture: rcu_torture_reader task started
[    7.698914] srcud-torture: Creating rcu_torture_reader task
[    7.699283] srcud-torture: rcu_torture_reader task started
[    7.718507] srcud-torture: Creating rcu_torture_reader task
[    7.718875] srcud-torture: rcu_torture_reader task started
[    7.726858] srcud-torture: Creating rcu_torture_reader task
[    7.726875] srcud-torture: rcu_torture_reader task started
[    7.748817] srcud-torture: Creating rcu_torture_reader task
[    7.749103] srcud-torture: rcu_torture_reader task started
[    7.757322] srcud-torture: Creating rcu_torture_stats task
[    7.758441] srcud-torture: rcu_torture_reader task started
[    7.778873] srcud-torture: Creating torture_shuffle task
[    7.779865] srcud-torture: rcu_torture_stats task started
[    7.796117] srcud-torture: Creating torture_stutter task
[    7.796155] srcud-torture: torture_shuffle task started
[    7.804909] srcud-torture: Creating torture_shutdown task
[    7.804913] srcud-torture: torture_stutter task started
[    7.831193] srcud-torture: Creating torture_onoff task
[    7.831655] srcud-torture: torture_shutdown task started
[    7.841853] srcud-torture: rcu_torture_fwd_prog_init: Disabled, unsupported by RCU flavor under test
[    7.841867] srcud-torture: torture_onoff task started
[    7.841869] srcud-torture: torture_onoff begin holdoff
[    7.846743] srcud-torture:torture_shutdown task: 1799958 ms remaining
[    7.860326] srcud-torture: Creating rcu_torture_barrier_cbs task
[    7.897990] srcud-torture: Creating rcu_torture_barrier_cbs task
[    7.898538] srcud-torture: rcu_torture_barrier_cbs task started
[    7.909978] srcud-torture: Creating rcu_torture_barrier_cbs task
[    7.910657] srcud-torture: rcu_torture_barrier_cbs task started
[    7.936808] srcud-torture: Creating rcu_torture_barrier_cbs task
[    7.940089] srcud-torture: rcu_torture_barrier_cbs task started
[    7.949681] srcud-torture: Creating rcu_torture_barrier task
[    7.950057] srcud-torture: rcu_torture_barrier_cbs task started
[    7.974458] srcud-torture: Creating rcu_torture_read_exit task
[    7.974583] srcud-torture: rcu_torture_barrier task starting
[    7.985790] initcall rcu_torture_init+0x0/0x9be returned 0 after 482007 usecs
[    7.986198] srcud-torture: rcu_torture_read_exit: Start of test
[    8.011495] calling  timekeeping_init_ops+0x0/0x13 @ 1
[    8.018588] initcall timekeeping_init_ops+0x0/0x13 returned 0 after 51 usecs
[    8.027651] calling  init_clocksource_sysfs+0x0/0x23 @ 1
[    8.035192] initcall init_clocksource_sysfs+0x0/0x23 returned 0 after 193 usecs
[    8.044840] calling  init_timer_list_procfs+0x0/0x31 @ 1
[    8.051810] initcall init_timer_list_procfs+0x0/0x31 returned 0 after 8 usecs
[    8.061260] calling  alarmtimer_init+0x0/0xf5 @ 1
[    8.067887] initcall alarmtimer_init+0x0/0xf5 returned 0 after 190 usecs
[    8.076565] calling  init_posix_timers+0x0/0x29 @ 1
[    8.083732] initcall init_posix_timers+0x0/0x29 returned 0 after 24 usecs
[    8.094369] calling  clockevents_init_sysfs+0x0/0xbf @ 1
[    8.103907] initcall clockevents_init_sysfs+0x0/0xbf returned 0 after 1011 usecs
[    8.115770] calling  proc_dma_init+0x0/0x21 @ 1
[    8.122786] initcall proc_dma_init+0x0/0x21 returned 0 after 474 usecs
[    8.131797] calling  proc_modules_init+0x0/0x1e @ 1
[    8.138583] initcall proc_modules_init+0x0/0x1e returned 0 after 281 usecs
[    8.147879] calling  kallsyms_init+0x0/0x21 @ 1
[    8.153881] initcall kallsyms_init+0x0/0x21 returned 0 after 7 usecs
[    8.162973] calling  pid_namespaces_init+0x0/0x2c @ 1
[    8.170255] initcall pid_namespaces_init+0x0/0x2c returned 0 after 16 usecs
[    8.180105] calling  audit_watch_init+0x0/0x37 @ 1
[    8.187502] initcall audit_watch_init+0x0/0x37 returned 0 after 4 usecs
[    8.197888] calling  audit_fsnotify_init+0x0/0x37 @ 1
[    8.205497] initcall audit_fsnotify_init+0x0/0x37 returned 0 after 4 usecs
[    8.216386] calling  audit_tree_init+0x0/0x6d @ 1
[    8.224180] initcall audit_tree_init+0x0/0x6d returned 0 after 16 usecs
[    8.235272] calling  seccomp_sysctl_init+0x0/0x2b @ 1
[    8.242785] initcall seccomp_sysctl_init+0x0/0x2b returned 0 after 63 usecs
[    8.253276] calling  utsname_sysctl_init+0x0/0x13 @ 1
[    8.260130] initcall utsname_sysctl_init+0x0/0x13 returned 0 after 90 usecs
[    8.269724] calling  init_tracepoints+0x0/0x27 @ 1
[    8.277213] initcall init_tracepoints+0x0/0x27 returned 0 after 164 usecs
[    8.288811] calling  init_blk_tracer+0x0/0x50 @ 1
[    8.295664] initcall init_blk_tracer+0x0/0x50 returned 0 after 397 usecs
[    8.307190] calling  perf_event_sysfs_init+0x0/0x83 @ 1
[    8.318565] initcall perf_event_sysfs_init+0x0/0x83 returned 0 after 2450 usecs
[    8.331137] calling  system_trusted_keyring_init+0x0/0x60 @ 1
[    8.341049] Initialise system trusted keyrings
[    8.348840] initcall system_trusted_keyring_init+0x0/0x60 returned 0 after 7606 usecs
[    8.361573] calling  kswapd_init+0x0/0x5c @ 1
[    8.372100] initcall kswapd_init+0x0/0x5c returned 0 after 3070 usecs
[    8.382951] calling  extfrag_debug_init+0x0/0x54 @ 1
[    8.392137] initcall extfrag_debug_init+0x0/0x54 returned 0 after 306 usecs
[    8.404035] calling  mm_compute_batch_init+0x0/0x12 @ 1
[    8.412929] initcall mm_compute_batch_init+0x0/0x12 returned 0 after 22 usecs
[    8.425157] calling  slab_proc_init+0x0/0x21 @ 1
[    8.433755] initcall slab_proc_init+0x0/0x21 returned 0 after 212 usecs
[    8.445222] calling  workingset_init+0x0/0x8c @ 1
[    8.454028] workingset: timestamp_bits=56 max_order=17 bucket_order=0
[    8.465781] initcall workingset_init+0x0/0x8c returned 0 after 11474 usecs
[    8.476208] calling  proc_vmalloc_init+0x0/0x32 @ 1
[    8.483747] initcall proc_vmalloc_init+0x0/0x32 returned 0 after 9 usecs
[    8.493871] calling  procswaps_init+0x0/0x1e @ 1
[    8.501104] initcall procswaps_init+0x0/0x1e returned 0 after 93 usecs
[    8.511170] calling  slab_sysfs_init+0x0/0xec @ 1
[    8.542561] initcall slab_sysfs_init+0x0/0xec returned 0 after 23081 usecs
[    8.552795] calling  fcntl_init+0x0/0x29 @ 1
[    8.559662] initcall fcntl_init+0x0/0x29 returned 0 after 207 usecs
[    8.568852] calling  proc_filesystems_init+0x0/0x21 @ 1
[    8.576742] initcall proc_filesystems_init+0x0/0x21 returned 0 after 137 usecs
[    8.587535] calling  start_dirtytime_writeback+0x0/0x29 @ 1
[    8.596214] initcall start_dirtytime_writeback+0x0/0x29 returned 0 after 2 usecs
[    8.608160] calling  blkdev_init+0x0/0x1b @ 1
[    8.616832] initcall blkdev_init+0x0/0x1b returned 0 after 1683 usecs
[    8.627563] calling  dio_init+0x0/0x2c @ 1
[    8.635760] initcall dio_init+0x0/0x2c returned 0 after 175 usecs
[    8.646067] calling  dnotify_init+0x0/0x78 @ 1
[    8.654001] initcall dnotify_init+0x0/0x78 returned 0 after 188 usecs
[    8.665137] calling  aio_setup+0x0/0x78 @ 1
[    8.672215] initcall aio_setup+0x0/0x78 returned 0 after 248 usecs
[    8.681973] calling  io_uring_init+0x0/0x2c @ 1
[    8.689476] initcall io_uring_init+0x0/0x2c returned 0 after 15 usecs
[    8.699414] calling  mbcache_init+0x0/0x30 @ 1
[    8.706632] initcall mbcache_init+0x0/0x30 returned 0 after 155 usecs
[    8.717782] calling  init_grace+0x0/0xc @ 1
[    8.724851] initcall init_grace+0x0/0xc returned 0 after 61 usecs
[    8.734095] calling  init_v2_quota_format+0x0/0x21 @ 1
[    8.742379] initcall init_v2_quota_format+0x0/0x21 returned 0 after 425 usecs
[    8.754045] calling  init_devpts_fs+0x0/0x27 @ 1
[    8.761878] initcall init_devpts_fs+0x0/0x27 returned 0 after 221 usecs
[    8.772689] calling  ext4_init_fs+0x0/0x1c2 @ 1
[    8.783299] initcall ext4_init_fs+0x0/0x1c2 returned 0 after 2527 usecs
[    8.794134] calling  journal_init+0x0/0x11c @ 1
[    8.802284] initcall journal_init+0x0/0x11c returned 0 after 564 usecs
[    8.812699] calling  init_fat_fs+0x0/0x49 @ 1
[    8.819992] initcall init_fat_fs+0x0/0x49 returned 0 after 219 usecs
[    8.831023] calling  init_vfat_fs+0x0/0xc @ 1
[    8.837933] initcall init_vfat_fs+0x0/0xc returned 0 after 5 usecs
[    8.847721] calling  init_msdos_fs+0x0/0xc @ 1
[    8.854038] initcall init_msdos_fs+0x0/0xc returned 0 after 5 usecs
[    8.863094] calling  init_iso9660_fs+0x0/0x6c @ 1
[    8.871036] initcall init_iso9660_fs+0x0/0x6c returned 0 after 164 usecs
[    8.882788] calling  init_nfs_fs+0x0/0x13a @ 1
[    8.901931] initcall init_nfs_fs+0x0/0x13a returned 0 after 9560 usecs
[    8.911596] calling  init_nfs_v2+0x0/0x13 @ 1
[    8.919360] initcall init_nfs_v2+0x0/0x13 returned 0 after 1121 usecs
[    8.928822] calling  init_nfs_v3+0x0/0x13 @ 1
[    8.935534] initcall init_nfs_v3+0x0/0x13 returned 0 after 2 usecs
[    8.944318] calling  init_nfs_v4+0x0/0x32 @ 1
[    8.951858] NFS: Registering the id_resolver key type
[    8.962082] Key type id_resolver registered
[    8.969370] Key type id_legacy registered
[    8.975811] initcall init_nfs_v4+0x0/0x32 returned 0 after 23519 usecs
[    8.986134] calling  init_nlm+0x0/0x5b @ 1
[    8.992724] initcall init_nlm+0x0/0x5b returned 0 after 408 usecs
[    9.002995] calling  init_nls_cp437+0x0/0xe @ 1
[    9.011881] initcall init_nls_cp437+0x0/0xe returned 0 after 717 usecs
[    9.023895] calling  init_nls_ascii+0x0/0xe @ 1
[    9.032102] initcall init_nls_ascii+0x0/0xe returned 0 after 2 usecs
[    9.045067] calling  init_nls_iso8859_1+0x0/0xe @ 1
[    9.054132] initcall init_nls_iso8859_1+0x0/0xe returned 0 after 2 usecs
[    9.066150] calling  init_nls_utf8+0x0/0x21 @ 1
[    9.073367] initcall init_nls_utf8+0x0/0x21 returned 0 after 2 usecs
[    9.082944] calling  init_autofs_fs+0x0/0x25 @ 1
[    9.093808] initcall init_autofs_fs+0x0/0x25 returned 0 after 3697 usecs
[    9.104020] calling  ipc_init+0x0/0x24 @ 1
[    9.110663] initcall ipc_init+0x0/0x24 returned 0 after 512 usecs
[    9.119175] calling  ipc_sysctl_init+0x0/0x13 @ 1
[    9.126044] initcall ipc_sysctl_init+0x0/0x13 returned 0 after 17 usecs
[    9.136895] calling  init_mqueue_fs+0x0/0xb1 @ 1
[    9.146612] initcall init_mqueue_fs+0x0/0xb1 returned 0 after 2717 usecs
[    9.157063] calling  key_proc_init+0x0/0x63 @ 1
[    9.164241] initcall key_proc_init+0x0/0x63 returned 0 after 13 usecs
[    9.173717] calling  selinux_nf_ip_init+0x0/0x2e @ 1
[    9.181456] initcall selinux_nf_ip_init+0x0/0x2e returned 0 after 34 usecs
[    9.192358] calling  init_sel_fs+0x0/0x116 @ 1
[    9.199218] initcall init_sel_fs+0x0/0x116 returned 0 after 1 usecs
[    9.208464] calling  selnl_init+0x0/0x7c @ 1
[    9.215073] initcall selnl_init+0x0/0x7c returned 0 after 123 usecs
[    9.224652] calling  sel_netif_init+0x0/0x36 @ 1
[    9.232294] initcall sel_netif_init+0x0/0x36 returned 0 after 1 usecs
[    9.240875] calling  sel_netnode_init+0x0/0x33 @ 1
[    9.247549] initcall sel_netnode_init+0x0/0x33 returned 0 after 1 usecs
[    9.257416] calling  sel_netport_init+0x0/0x33 @ 1
[    9.265686] initcall sel_netport_init+0x0/0x33 returned 0 after 298 usecs
[    9.276094] calling  aurule_init+0x0/0x2a @ 1
[    9.282849] initcall aurule_init+0x0/0x2a returned 0 after 3 usecs
[    9.292295] calling  crypto_algapi_init+0x0/0xc @ 1
[    9.299824] initcall crypto_algapi_init+0x0/0xc returned 0 after 11 usecs
[    9.310227] calling  jent_mod_init+0x0/0x2d @ 1
[    9.334826] initcall jent_mod_init+0x0/0x2d returned 0 after 16671 usecs
[    9.344836] calling  asymmetric_key_init+0x0/0xc @ 1
[    9.352835] Key type asymmetric registered
[    9.359159] initcall asymmetric_key_init+0x0/0xc returned 0 after 6174 usecs
[    9.370491] calling  x509_key_init+0x0/0xc @ 1
[    9.378086] Asymmetric key parser 'x509' registered
[    9.387194] initcall x509_key_init+0x0/0xc returned 0 after 9651 usecs
[    9.397279] calling  proc_genhd_init+0x0/0x41 @ 1
[    9.404674] initcall proc_genhd_init+0x0/0x41 returned 0 after 17 usecs
[    9.415152] calling  bsg_init+0x0/0x113 @ 1
[    9.421851] Block layer SCSI generic (bsg) driver version 0.4 loaded (major 251)
[    9.433973] initcall bsg_init+0x0/0x113 returned 0 after 11820 usecs
[    9.444097] calling  deadline_init+0x0/0xc @ 1
[    9.452064] io scheduler mq-deadline registered
[    9.460457] initcall deadline_init+0x0/0xc returned 0 after 8248 usecs
[    9.471311] calling  kyber_init+0x0/0xc @ 1
[    9.478040] io scheduler kyber registered
[    9.484749] initcall kyber_init+0x0/0xc returned 0 after 6548 usecs
[    9.494549] calling  mod_init+0x0/0x7 @ 1
[    9.501139] initcall mod_init+0x0/0x7 returned 0 after 1 usecs
[    9.511528] calling  percpu_counter_startup+0x0/0x55 @ 1
[    9.533259] initcall percpu_counter_startup+0x0/0x55 returned 0 after 13429 usecs
[    9.545188] calling  sg_pool_init+0x0/0xb4 @ 1
[    9.553255] initcall sg_pool_init+0x0/0xb4 returned 0 after 1270 usecs
[    9.562795] calling  pcie_portdrv_init+0x0/0x39 @ 1
[    9.569923] initcall pcie_portdrv_init+0x0/0x39 returned 0 after 140 usecs
[    9.580171] calling  pci_proc_init+0x0/0x68 @ 1
[    9.587979] initcall pci_proc_init+0x0/0x68 returned 0 after 339 usecs
[    9.598097] calling  pci_hotplug_init+0x0/0x7 @ 1
[    9.605400] initcall pci_hotplug_init+0x0/0x7 returned 0 after 1 usecs
[    9.615954] calling  efifb_driver_init+0x0/0xe @ 1
[    9.623580] initcall efifb_driver_init+0x0/0xe returned 0 after 314 usecs
[    9.633096] calling  ged_driver_init+0x0/0xe @ 1
[    9.639836] initcall ged_driver_init+0x0/0xe returned 0 after 54 usecs
[    9.650714] calling  acpi_ac_init+0x0/0x92 @ 1
[    9.657921] initcall acpi_ac_init+0x0/0x92 returned 0 after 446 usecs
[    9.667843] calling  acpi_button_driver_init+0x0/0x52 @ 1
[    9.678013] input: Power Button as /devices/LNXSYSTM:00/LNXPWRBN:00/input/input0
[    9.692174] ACPI: Power Button [PWRF]
[    9.699967] initcall acpi_button_driver_init+0x0/0x52 returned 0 after 22591 usecs
[    9.713044] calling  acpi_fan_driver_init+0x0/0xe @ 1
[    9.721875] initcall acpi_fan_driver_init+0x0/0xe returned 0 after 52 usecs
[    9.732914] calling  acpi_video_init+0x0/0xcb @ 1
[    9.742040] initcall acpi_video_init+0x0/0xcb returned 0 after 259 usecs
[    9.753586] calling  acpi_processor_driver_init+0x0/0xad @ 1
[    9.766279] initcall acpi_processor_driver_init+0x0/0xad returned 0 after 3207 usecs
[    9.779096] calling  acpi_thermal_init+0x0/0x71 @ 1
[    9.791983] initcall acpi_thermal_init+0x0/0x71 returned 0 after 4919 usecs
[    9.802375] calling  acpi_battery_init+0x0/0x32 @ 1
[    9.810279] initcall acpi_battery_init+0x0/0x32 returned 0 after 522 usecs
[    9.822251] calling  bgrt_init+0x0/0xb6 @ 1
[    9.828714] initcall bgrt_init+0x0/0xb6 returned -19 after 1 usecs
[    9.837992] calling  gpio_clk_driver_init+0x0/0xe @ 1
[    9.845709] initcall gpio_clk_driver_init+0x0/0xe returned 0 after 158 usecs
[    9.856433] calling  plt_clk_driver_init+0x0/0xe @ 1
[    9.863430] initcall plt_clk_driver_init+0x0/0xe returned 0 after 97 usecs
[    9.873683] calling  virtio_pci_driver_init+0x0/0x15 @ 1
[    9.883142] initcall virtio_pci_driver_init+0x0/0x15 returned 0 after 812 usecs
[    9.894973] calling  n_null_init+0x0/0x1e @ 1
[    9.902188] initcall n_null_init+0x0/0x1e returned 0 after 86 usecs
[    9.912258] calling  pty_init+0x0/0x1e8 @ 1
[    9.922733] initcall pty_init+0x0/0x1e8 returned 0 after 3785 usecs
[    9.933794] calling  sysrq_init+0x0/0x62 @ 1
[    9.941234] initcall sysrq_init+0x0/0x62 returned 0 after 230 usecs
[    9.952032] calling  serial8250_init+0x0/0x17e @ 1
[    9.960222] Serial: 8250/16550 driver, 4 ports, IRQ sharing enabled
[    9.973601] 00:03: ttyS0 at I/O 0x3f8 (irq = 4, base_baud = 115200) is a 16550A
[   10.000869] initcall serial8250_init+0x0/0x17e returned 0 after 39742 usecs
[   10.011250] calling  serial_pci_driver_init+0x0/0x15 @ 1
[   10.020402] initcall serial_pci_driver_init+0x0/0x15 returned 0 after 356 usecs
[   10.034756] calling  exar_pci_driver_init+0x0/0x15 @ 1
[   10.043295] initcall exar_pci_driver_init+0x0/0x15 returned 0 after 374 usecs
[   10.053998] calling  lpss8250_pci_driver_init+0x0/0x15 @ 1
[   10.061988] initcall lpss8250_pci_driver_init+0x0/0x15 returned 0 after 63 usecs
[   10.074500] calling  mid8250_pci_driver_init+0x0/0x15 @ 1
[   10.082015] initcall mid8250_pci_driver_init+0x0/0x15 returned 0 after 108 usecs
[   10.092127] calling  virtio_console_init+0x0/0xff @ 1
[   10.099582] initcall virtio_console_init+0x0/0xff returned 0 after 385 usecs
[   10.109601] calling  hpet_init+0x0/0x64 @ 1
[   10.120151] initcall hpet_init+0x0/0x64 returned 0 after 3951 usecs
[   10.129249] calling  nvram_module_init+0x0/0x83 @ 1
[   10.139263] Non-volatile memory driver v1.3
[   10.146011] initcall nvram_module_init+0x0/0x83 returned 0 after 9308 usecs
[   10.158286] calling  hwrng_modinit+0x0/0x8a @ 1
[   10.168629] initcall hwrng_modinit+0x0/0x8a returned 0 after 2228 usecs
[   10.179768] calling  mod_init+0x0/0x48 @ 1
[   10.186785] initcall mod_init+0x0/0x48 returned -19 after 1 usecs
[   10.197136] calling  agp_init+0x0/0x23 @ 1
[   10.204221] Linux agpgart interface v0.103
[   10.211477] initcall agp_init+0x0/0x23 returned 0 after 7083 usecs
[   10.222423] calling  agp_amd64_mod_init+0x0/0x5 @ 1
[   10.231151] initcall agp_amd64_mod_init+0x0/0x5 returned -19 after 340 usecs
[   10.243206] calling  agp_intel_init+0x0/0x28 @ 1
[   10.252341] initcall agp_intel_init+0x0/0x28 returned 0 after 833 usecs
[   10.264000] calling  drm_kms_helper_init+0x0/0x7 @ 1
[   10.272834] initcall drm_kms_helper_init+0x0/0x7 returned 0 after 0 usecs
[   10.285829] calling  drm_core_init+0x0/0xbd @ 1
[   10.295847] initcall drm_core_init+0x0/0xbd returned 0 after 1574 usecs
[   10.306277] calling  i915_init+0x0/0x6b @ 1
[   10.315310] initcall i915_init+0x0/0x6b returned 0 after 1875 usecs
[   10.325075] calling  cn_proc_init+0x0/0x35 @ 1
[   10.332728] initcall cn_proc_init+0x0/0x35 returned 0 after 136 usecs
[   10.342927] calling  topology_sysfs_init+0x0/0x27 @ 1
[   10.352027] initcall topology_sysfs_init+0x0/0x27 returned 0 after 519 usecs
[   10.363388] calling  cacheinfo_sysfs_init+0x0/0x27 @ 1
[   10.400299] initcall cacheinfo_sysfs_init+0x0/0x27 returned 0 after 27697 usecs
[   10.412146] calling  loop_init+0x0/0x16a @ 1
[   10.589447] loop: module loaded
[   10.594851] initcall loop_init+0x0/0x16a returned 0 after 172172 usecs
[   10.606042] calling  mac_hid_init+0x0/0x21 @ 1
[   10.613837] initcall mac_hid_init+0x0/0x21 returned 0 after 52 usecs
[   10.623982] calling  spi_transport_init+0x0/0x74 @ 1
[   10.633204] initcall spi_transport_init+0x0/0x74 returned 0 after 608 usecs
[   10.645934] calling  init_sd+0x0/0x18c @ 1
[   10.653952] initcall init_sd+0x0/0x18c returned 0 after 660 usecs
[   10.663944] calling  init_sr+0x0/0x43 @ 1
[   10.671036] initcall init_sr+0x0/0x43 returned 0 after 61 usecs
[   10.681503] calling  init_sg+0x0/0x1c0 @ 1
[   10.689301] initcall init_sg+0x0/0x1c0 returned 0 after 186 usecs
[   10.700322] calling  ahci_pci_driver_init+0x0/0x15 @ 1
[   10.709729] ahci 0000:00:1f.2: version 3.0
[   10.720132] PCI Interrupt Link [GSIA] enabled at IRQ 16
[   10.749890] ahci 0000:00:1f.2: AHCI 0001.0000 32 slots 6 ports 1.5 Gbps 0x3f impl SATA mode
[   10.763604] ahci 0000:00:1f.2: flags: 64bit ncq only 
[   10.825979] scsi host0: ahci
[   10.843034] scsi host1: ahci
[   10.860041] scsi host2: ahci
[   10.878069] scsi host3: ahci
[   10.892888] scsi host4: ahci
[   10.916872] scsi host5: ahci
[   10.922286] ata1: SATA max UDMA/133 abar m4096@0xfebf1000 port 0xfebf1100 irq 24
[   10.934498] ata2: SATA max UDMA/133 abar m4096@0xfebf1000 port 0xfebf1180 irq 24
[   10.946308] ata3: SATA max UDMA/133 abar m4096@0xfebf1000 port 0xfebf1200 irq 24
[   10.959589] ata4: SATA max UDMA/133 abar m4096@0xfebf1000 port 0xfebf1280 irq 24
[   10.973999] ata5: SATA max UDMA/133 abar m4096@0xfebf1000 port 0xfebf1300 irq 24
[   10.984959] ata6: SATA max UDMA/133 abar m4096@0xfebf1000 port 0xfebf1380 irq 24
[   10.996936] initcall ahci_pci_driver_init+0x0/0x15 returned 0 after 281065 usecs
[   11.008938] calling  piix_init+0x0/0x26 @ 1
[   11.016322] initcall piix_init+0x0/0x26 returned 0 after 312 usecs
[   11.027332] calling  amd_pci_driver_init+0x0/0x15 @ 1
[   11.035041] initcall amd_pci_driver_init+0x0/0x15 returned 0 after 65 usecs
[   11.045790] calling  oldpiix_pci_driver_init+0x0/0x15 @ 1
[   11.054687] initcall oldpiix_pci_driver_init+0x0/0x15 returned 0 after 190 usecs
[   11.066795] calling  sch_pci_driver_init+0x0/0x15 @ 1
[   11.075209] initcall sch_pci_driver_init+0x0/0x15 returned 0 after 62 usecs
[   11.085933] calling  net_olddevs_init+0x0/0x55 @ 1
[   11.094222] initcall net_olddevs_init+0x0/0x55 returned 0 after 65 usecs
[   11.104544] calling  blackhole_netdev_init+0x0/0x78 @ 1
[   11.115362] initcall blackhole_netdev_init+0x0/0x78 returned 0 after 2197 usecs
[   11.126206] calling  phy_module_init+0x0/0x13 @ 1
[   11.134832] initcall phy_module_init+0x0/0x13 returned 0 after 1016 usecs
[   11.145776] calling  tg3_driver_init+0x0/0x15 @ 1
[   11.153615] initcall tg3_driver_init+0x0/0x15 returned 0 after 259 usecs
[   11.164173] calling  e100_init_module+0x0/0x4c @ 1
[   11.172264] e100: Intel(R) PRO/100 Network Driver
[   11.179789] e100: Copyright(c) 1999-2006 Intel Corporation
[   11.189649] initcall e100_init_module+0x0/0x4c returned 0 after 17108 usecs
[   11.201033] calling  e1000_init_module+0x0/0x72 @ 1
[   11.210074] e1000: Intel(R) PRO/1000 Network Driver
[   11.217786] e1000: Copyright (c) 1999-2006 Intel Corporation.
[   11.227909] initcall e1000_init_module+0x0/0x72 returned 0 after 17411 usecs
[   11.239930] calling  e1000_init_module+0x0/0x2d @ 1
[   11.249197] e1000e: Intel(R) PRO/1000 Network Driver
[   11.258041] e1000e: Copyright(c) 1999 - 2015 Intel Corporation.
[   11.269121] initcall e1000_init_module+0x0/0x2d returned 0 after 19520 usecs
[   11.281001] calling  sky2_init_module+0x0/0x21 @ 1
[   11.289798] sky2: driver version 1.30
[   11.296310] initcall sky2_init_module+0x0/0x21 returned 0 after 6357 usecs
[   11.307100] calling  forcedeth_pci_driver_init+0x0/0x15 @ 1
[   11.317113] initcall forcedeth_pci_driver_init+0x0/0x15 returned 0 after 811 usecs
[   11.319404] ata3: SATA link up 1.5 Gbps (SStatus 113 SControl 300)
[   11.329723] calling  rtl8139_init_module+0x0/0x15 @ 1
[   11.377468] ata6: SATA link down (SStatus 0 SControl 300)
[   11.399489] initcall rtl8139_init_module+0x0/0x15 returned 0 after 32789 usecs
[   11.408756] ata1: SATA link down (SStatus 0 SControl 300)
[   11.411583] calling  rtl8169_pci_driver_init+0x0/0x15 @ 1
[   11.426309] ata2: SATA link down (SStatus 0 SControl 300)
[   11.428217] initcall rtl8169_pci_driver_init+0x0/0x15 returned 0 after 532 usecs
[   11.445511] calling  cdrom_init+0x0/0xc @ 1
[   11.447680] ata5: SATA link down (SStatus 0 SControl 300)
[   11.452929] initcall cdrom_init+0x0/0xc returned 0 after 1481 usecs
[   11.469939] ata4: SATA link down (SStatus 0 SControl 300)
[   11.472893] calling  nonstatic_sysfs_init+0x0/0xc @ 1
[   11.484210] ata3.00: ATAPI: QEMU DVD-ROM, 2.5+, max UDMA/100
[   11.488545] initcall nonstatic_sysfs_init+0x0/0xc returned 0 after 261 usecs
[   11.496843] ata3.00: applying bridge limits
[   11.500318] ata3.00: configured for UDMA/100
[   11.508561] calling  yenta_cardbus_driver_init+0x0/0x15 @ 1
[   11.510858] initcall yenta_cardbus_driver_init+0x0/0x15 returned 0 after 2235 usecs
[   11.545088] calling  mon_init+0x0/0x144 @ 1
[   11.550219] scsi 2:0:0:0: CD-ROM            QEMU     QEMU DVD-ROM     2.5+ PQ: 0 ANSI: 5
[   11.574415] initcall mon_init+0x0/0x144 returned 0 after 21210 usecs
[   11.586554] calling  ehci_hcd_init+0x0/0x56 @ 1
[   11.594121] ehci_hcd: USB 2.0 'Enhanced' Host Controller (EHCI) Driver
[   11.605098] initcall ehci_hcd_init+0x0/0x56 returned 0 after 10954 usecs
[   11.617323] calling  ehci_pci_init+0x0/0x64 @ 1
[   11.625834] ehci-pci: EHCI PCI platform driver
[   11.635353] initcall ehci_pci_init+0x0/0x64 returned 0 after 9292 usecs
[   11.648536] calling  ohci_hcd_mod_init+0x0/0x4e @ 1
[   11.651223] sr 2:0:0:0: [sr0] scsi3-mmc drive: 4x/4x cd/rw xa/form2 tray
[   11.658169] ohci_hcd: USB 1.1 'Open' Host Controller (OHCI) Driver
[   11.658443] initcall ohci_hcd_mod_init+0x0/0x4e returned 0 after 314 usecs
[   11.672246] cdrom: Uniform CD-ROM driver Revision: 3.20
[   11.680747] calling  ohci_pci_init+0x0/0x64 @ 1
[   11.680753] ohci-pci: OHCI PCI platform driver
[   11.680963] initcall ohci_pci_init+0x0/0x64 returned 0 after 206 usecs
[   11.680966] calling  uhci_hcd_init+0x0/0xa8 @ 1
[   11.680969] uhci_hcd: USB Universal Host Controller Interface driver
[   11.682682] initcall uhci_hcd_init+0x0/0xa8 returned 0 after 1670 usecs
[   11.761334] calling  xhci_hcd_init+0x0/0x1e @ 1
[   11.770254] initcall xhci_hcd_init+0x0/0x1e returned 0 after 110 usecs
[   11.781813] calling  xhci_pci_init+0x0/0x49 @ 1
[   11.792251] initcall xhci_pci_init+0x0/0x49 returned 0 after 2919 usecs
[   11.804034] calling  usblp_driver_init+0x0/0x15 @ 1
[   11.812796] usbcore: registered new interface driver usblp
[   11.821154] initcall usblp_driver_init+0x0/0x15 returned 0 after 8998 usecs
[   11.831819] calling  usb_storage_driver_init+0x0/0x2a @ 1
[   11.840166] usbcore: registered new interface driver usb-storage
[   11.849467] initcall usb_storage_driver_init+0x0/0x2a returned 0 after 9170 usecs
[   11.861035] calling  i8042_init+0x0/0x4c2 @ 1
[   11.862958] sr 2:0:0:0: Attached scsi CD-ROM sr0
[   11.879768] hrtimer: interrupt took 2317768 ns
[   11.886179] i8042: PNP: PS/2 Controller [PNP0303:KBD,PNP0f13:MOU] at 0x60,0x64 irq 1,12
[   11.913996] serio: i8042 KBD port at 0x60,0x64 irq 1
[   11.939653] serio: i8042 AUX port at 0x60,0x64 irq 12
[   11.946901] initcall i8042_init+0x0/0x4c2 returned 0 after 61845 usecs
[   11.956566] calling  serport_init+0x0/0x2c @ 1
[   11.958626] sr 2:0:0:0: Attached scsi generic sg0 type 5
[   11.962987] initcall serport_init+0x0/0x2c returned 0 after 74 usecs
[   11.979308] calling  input_leds_init+0x0/0xc @ 1
[   11.986687] initcall input_leds_init+0x0/0xc returned 0 after 117 usecs
[   11.996263] calling  evdev_init+0x0/0xc @ 1
[   12.017544] initcall evdev_init+0x0/0xc returned 0 after 15151 usecs
[   12.028511] calling  atkbd_init+0x0/0x21 @ 1
[   12.036100] initcall atkbd_init+0x0/0x21 returned 0 after 772 usecs
[   12.045723] calling  psmouse_init+0x0/0x7f @ 1
[   12.053306] initcall psmouse_init+0x0/0x7f returned 0 after 831 usecs
[   12.063014] calling  cmos_init+0x0/0x73 @ 1
[   12.071776] rtc_cmos 00:04: RTC can wake from S4
[   12.071884] input: AT Translated Set 2 keyboard as /devices/platform/i8042/serio0/input/input1
[   12.125757] rtc_cmos 00:04: registered as rtc0
[   12.132989] rtc_cmos 00:04: alarms up to one day, y3k, 242 bytes nvram, hpet irqs
[   12.163844] initcall cmos_init+0x0/0x73 returned 0 after 91877 usecs
[   12.173828] calling  smbalert_driver_init+0x0/0xe @ 1
[   12.182101] initcall smbalert_driver_init+0x0/0xe returned 0 after 102 usecs
[   12.197209] calling  i2c_i801_init+0x0/0xc5 @ 1
[   12.211488] i801_smbus 0000:00:1f.3: SMBus using PCI interrupt
[   12.221944] i2c i2c-0: 1/1 memory slots populated (from DMI)
[   12.231047] i2c i2c-0: Memory type 0x07 not supported yet, not instantiating SPD
[   12.245520] initcall i2c_i801_init+0x0/0xc5 returned 0 after 40729 usecs
[   12.255211] calling  ptp_kvm_init+0x0/0xf0 @ 1
[   12.262763] initcall ptp_kvm_init+0x0/0xf0 returned 0 after 946 usecs
[   12.271439] calling  dm_init+0x0/0x3c @ 1
[   12.280018] device-mapper: ioctl: 4.43.0-ioctl (2020-10-01) initialised: dm-devel@redhat.com
[   12.292516] initcall dm_init+0x0/0x3c returned 0 after 13977 usecs
[   12.301081] calling  dm_mirror_init+0x0/0x29 @ 1
[   12.307412] initcall dm_mirror_init+0x0/0x29 returned 0 after 29 usecs
[   12.317146] calling  dm_dirty_log_init+0x0/0x4f @ 1
[   12.324751] initcall dm_dirty_log_init+0x0/0x4f returned 0 after 121 usecs
[   12.335015] calling  dm_zero_init+0x0/0x29 @ 1
[   12.342054] initcall dm_zero_init+0x0/0x29 returned 0 after 3 usecs
[   12.352970] calling  intel_pstate_init+0x0/0x50f @ 1
[   12.360246] intel_pstate: CPU model not supported
[   12.369948] initcall intel_pstate_init+0x0/0x50f returned -19 after 9505 usecs
[   12.381718] calling  haltpoll_init+0x0/0xc0 @ 1
[   12.388941] initcall haltpoll_init+0x0/0xc0 returned -19 after 109 usecs
[   12.404523] calling  efivars_sysfs_init+0x0/0x30 @ 1
[   12.413095] initcall efivars_sysfs_init+0x0/0x30 returned 0 after 50 usecs
[   12.424223] calling  esrt_sysfs_init+0x0/0x2a2 @ 1
[   12.431665] initcall esrt_sysfs_init+0x0/0x2a2 returned -38 after 30 usecs
[   12.440846] calling  hid_init+0x0/0x5c @ 1
[   12.447514] hid: raw HID events driver (C) Jiri Kosina
[   12.455941] initcall hid_init+0x0/0x5c returned 0 after 8588 usecs
[   12.465222] calling  hid_generic_init+0x0/0x15 @ 1
[   12.472095] initcall hid_generic_init+0x0/0x15 returned 0 after 95 usecs
[   12.481854] calling  a4_driver_init+0x0/0x15 @ 1
[   12.491648] initcall a4_driver_init+0x0/0x15 returned 0 after 53 usecs
[   12.501968] calling  apple_driver_init+0x0/0x15 @ 1
[   12.508965] initcall apple_driver_init+0x0/0x15 returned 0 after 101 usecs
[   12.522780] calling  belkin_driver_init+0x0/0x15 @ 1
[   12.530984] initcall belkin_driver_init+0x0/0x15 returned 0 after 95 usecs
[   12.541599] calling  ch_driver_init+0x0/0x15 @ 1
[   12.547751] initcall ch_driver_init+0x0/0x15 returned 0 after 35 usecs
[   12.557920] calling  ch_driver_init+0x0/0x15 @ 1
[   12.565183] initcall ch_driver_init+0x0/0x15 returned 0 after 38 usecs
[   12.575248] calling  cp_driver_init+0x0/0x15 @ 1
[   12.582603] initcall cp_driver_init+0x0/0x15 returned 0 after 36 usecs
[   12.593642] calling  ez_driver_init+0x0/0x15 @ 1
[   12.630388] initcall ez_driver_init+0x0/0x15 returned 0 after 6616 usecs
[   12.642304] calling  gyration_driver_init+0x0/0x15 @ 1
[   12.650648] initcall gyration_driver_init+0x0/0x15 returned 0 after 48 usecs
[   12.662630] calling  ite_driver_init+0x0/0x15 @ 1
[   12.670045] initcall ite_driver_init+0x0/0x15 returned 0 after 49 usecs
[   12.685759] calling  ks_driver_init+0x0/0x15 @ 1
[   12.704275] initcall ks_driver_init+0x0/0x15 returned 0 after 398 usecs
[   12.725825] calling  lg_driver_init+0x0/0x15 @ 1
[   12.732938] initcall lg_driver_init+0x0/0x15 returned 0 after 322 usecs
[   12.753492] calling  lg_g15_driver_init+0x0/0x15 @ 1
[   12.760707] initcall lg_g15_driver_init+0x0/0x15 returned 0 after 69 usecs
[   12.770365] calling  ms_driver_init+0x0/0x15 @ 1
[   12.777506] initcall ms_driver_init+0x0/0x15 returned 0 after 187 usecs
[   12.787091] calling  mr_driver_init+0x0/0x15 @ 1
[   12.793775] initcall mr_driver_init+0x0/0x15 returned 0 after 47 usecs
[   12.803065] calling  ntrig_driver_init+0x0/0x15 @ 1
[   12.821242] initcall ntrig_driver_init+0x0/0x15 returned 0 after 70 usecs
[   12.843125] calling  pl_driver_init+0x0/0x15 @ 1
[   12.866598] initcall pl_driver_init+0x0/0x15 returned 0 after 1712 usecs
[   12.871297] input: ImExPS/2 Generic Explorer Mouse as /devices/platform/i8042/serio1/input/input3
[   12.877849] calling  pl_driver_init+0x0/0x15 @ 1
[   12.902181] initcall pl_driver_init+0x0/0x15 returned 0 after 57 usecs
[   12.910205] calling  redragon_driver_init+0x0/0x15 @ 1
[   12.916766] initcall redragon_driver_init+0x0/0x15 returned 0 after 55 usecs
[   12.926707] calling  samsung_driver_init+0x0/0x15 @ 1
[   12.934784] initcall samsung_driver_init+0x0/0x15 returned 0 after 68 usecs
[   12.945478] calling  sony_init+0x0/0x38 @ 1
[   12.952743] initcall sony_init+0x0/0x38 returned 0 after 585 usecs
[   12.955193] srcud-torture: rcu_torture_read_exit: End of episode
[   12.962032] calling  sp_driver_init+0x0/0x15 @ 1
[   12.962183] initcall sp_driver_init+0x0/0x15 returned 0 after 142 usecs
[   12.962187] calling  ts_driver_init+0x0/0x15 @ 1
[   12.962239] initcall ts_driver_init+0x0/0x15 returned 0 after 46 usecs
[   12.962241] calling  hid_init+0x0/0x58 @ 1
[   12.962826] usbcore: registered new interface driver usbhid
[   13.019962] usbhid: USB HID core driver
[   13.024856] initcall hid_init+0x0/0x58 returned 0 after 61136 usecs
[   13.032268] calling  eeepc_laptop_init+0x0/0x57 @ 1
[   13.039062] initcall eeepc_laptop_init+0x0/0x57 returned -19 after 674 usecs
[   13.047440] calling  pmc_atom_init+0x0/0x27a @ 1
[   13.053170] initcall pmc_atom_init+0x0/0x27a returned -19 after 84 usecs
[   13.061545] calling  alsa_hwdep_init+0x0/0x5e @ 1
[   13.068160] initcall alsa_hwdep_init+0x0/0x5e returned 0 after 737 usecs
[   13.076810] calling  alsa_timer_init+0x0/0x1f9 @ 1
[   13.084923] initcall alsa_timer_init+0x0/0x1f9 returned 0 after 2087 usecs
[   13.093364] calling  snd_hrtimer_init+0x0/0x117 @ 1
[   13.099648] initcall snd_hrtimer_init+0x0/0x117 returned 0 after 20 usecs
[   13.109618] calling  alsa_pcm_init+0x0/0x64 @ 1
[   13.116503] initcall alsa_pcm_init+0x0/0x64 returned 0 after 41 usecs
[   13.125935] calling  alsa_seq_init+0x0/0x4a @ 1
[   13.134835] initcall alsa_seq_init+0x0/0x4a returned 0 after 2048 usecs
[   13.145519] calling  alsa_seq_dummy_init+0x0/0x9c @ 1
[   13.153799] initcall alsa_seq_dummy_init+0x0/0x9c returned 0 after 240 usecs
[   13.164058] calling  azx_driver_init+0x0/0x15 @ 1
[   13.171358] initcall azx_driver_init+0x0/0x15 returned 0 after 434 usecs
[   13.181550] calling  sock_diag_init+0x0/0x2a @ 1
[   13.190695] initcall sock_diag_init+0x0/0x2a returned 0 after 2171 usecs
[   13.200425] calling  blackhole_init+0x0/0xc @ 1
[   13.207000] initcall blackhole_init+0x0/0xc returned 0 after 60 usecs
[   13.216616] calling  nfnetlink_init+0x0/0x61 @ 1
[   13.223704] initcall nfnetlink_init+0x0/0x61 returned 0 after 285 usecs
[   13.233428] calling  nfnetlink_log_init+0x0/0x99 @ 1
