c[?7l[2J[0mSeaBIOS (version 1.16.0-debian-1.16.0-4)
Booting from ROM...
early console in setup code
c[?7l[2J[    0.000000] Linux version 5.10.156+ (root@joelboxx.c.googlers.com) (gcc (Debian 12.2.0-3) 12.2.0, GNU ld (GNU Binutils for Debian) 2.39) #6 SMP Tue Dec 13 04:27:39 UTC 2022
[    0.000000] Command line: selinux=0 initcall_debug debug console=ttyS0 rcutree.rcu_fanout_leaf=4 nohz_full=1-7 rcutorture.onoff_interval=1000 rcutorture.onoff_holdoff=30 rcutorture.n_barrier_cbs=4 rcutorture.stat_interval=15 rcutorture.shutdown_secs=1800 rcutorture.test_no_idle_hz=1 rcutorture.verbose=1
[    0.000000] x86/fpu: x87 FPU will use FXSAVE
[    0.000000] BIOS-provided physical RAM map:
[    0.000000] BIOS-e820: [mem 0x0000000000000000-0x000000000009fbff] usable
[    0.000000] BIOS-e820: [mem 0x000000000009fc00-0x000000000009ffff] reserved
[    0.000000] BIOS-e820: [mem 0x00000000000f0000-0x00000000000fffff] reserved
[    0.000000] BIOS-e820: [mem 0x0000000000100000-0x000000001ffdefff] usable
[    0.000000] BIOS-e820: [mem 0x000000001ffdf000-0x000000001fffffff] reserved
[    0.000000] BIOS-e820: [mem 0x00000000b0000000-0x00000000bfffffff] reserved
[    0.000000] BIOS-e820: [mem 0x00000000fed1c000-0x00000000fed1ffff] reserved
[    0.000000] BIOS-e820: [mem 0x00000000feffc000-0x00000000feffffff] reserved
[    0.000000] BIOS-e820: [mem 0x00000000fffc0000-0x00000000ffffffff] reserved
[    0.000000] NX (Execute Disable) protection: active
[    0.000000] SMBIOS 2.8 present.
[    0.000000] DMI: QEMU Standard PC (Q35 + ICH9, 2009), BIOS 1.16.0-debian-1.16.0-4 04/01/2014
[    0.000000] Hypervisor detected: KVM
[    0.000000] kvm-clock: Using msrs 4b564d01 and 4b564d00
[    0.000000] kvm-clock: cpu 0, msr 68a8001, primary cpu clock
[    0.000001] kvm-clock: using sched offset of 2334840971 cycles
[    0.000228] clocksource: kvm-clock: mask: 0xffffffffffffffff max_cycles: 0x1cd42e4dffb, max_idle_ns: 881590591483 ns
[    0.000405] tsc: Detected 1999.999 MHz processor
[    0.011159] e820: update [mem 0x00000000-0x00000fff] usable ==> reserved
[    0.011165] e820: remove [mem 0x000a0000-0x000fffff] usable
[    0.011172] last_pfn = 0x1ffdf max_arch_pfn = 0x400000000
[    0.012133] MTRR default type: write-back
[    0.012189] MTRR fixed ranges enabled:
[    0.012191]   00000-9FFFF write-back
[    0.012192]   A0000-BFFFF uncachable
[    0.012193]   C0000-FFFFF write-protect
[    0.012195] MTRR variable ranges enabled:
[    0.012196]   0 base 00C0000000 mask FFC0000000 uncachable
[    0.012197]   1 disabled
[    0.012198]   2 disabled
[    0.012199]   3 disabled
[    0.012199]   4 disabled
[    0.012200]   5 disabled
[    0.012201]   6 disabled
[    0.012250]   7 disabled
[    0.012702] x86/PAT: Configuration [0-7]: WB  WC  UC- UC  WB  WC  UC- UC  
[    0.022201] found SMP MP-table at [mem 0x000f5ba0-0x000f5baf]
[    0.025551] check: Scanning 1 areas for low memory corruption
[    0.045596] ACPI: Early table checksum verification disabled
[    0.047983] ACPI: RSDP 0x00000000000F59E0 000014 (v00 BOCHS )
[    0.048387] ACPI: RSDT 0x000000001FFE252A 000038 (v01 BOCHS  BXPC     00000001 BXPC 00000001)
[    0.048675] ACPI: FACP 0x000000001FFE22EA 0000F4 (v03 BOCHS  BXPC     00000001 BXPC 00000001)
[    0.048761] ACPI: DSDT 0x000000001FFE0040 0022AA (v01 BOCHS  BXPC     00000001 BXPC 00000001)
[    0.048765] ACPI: FACS 0x000000001FFE0000 000040
[    0.048769] ACPI: APIC 0x000000001FFE23DE 0000B0 (v01 BOCHS  BXPC     00000001 BXPC 00000001)
[    0.048773] ACPI: HPET 0x000000001FFE248E 000038 (v01 BOCHS  BXPC     00000001 BXPC 00000001)
[    0.048777] ACPI: MCFG 0x000000001FFE24C6 00003C (v01 BOCHS  BXPC     00000001 BXPC 00000001)
[    0.048781] ACPI: WAET 0x000000001FFE2502 000028 (v01 BOCHS  BXPC     00000001 BXPC 00000001)
[    0.048785] ACPI: Reserving FACP table memory at [mem 0x1ffe22ea-0x1ffe23dd]
[    0.048786] ACPI: Reserving DSDT table memory at [mem 0x1ffe0040-0x1ffe22e9]
[    0.048788] ACPI: Reserving FACS table memory at [mem 0x1ffe0000-0x1ffe003f]
[    0.048789] ACPI: Reserving APIC table memory at [mem 0x1ffe23de-0x1ffe248d]
[    0.048790] ACPI: Reserving HPET table memory at [mem 0x1ffe248e-0x1ffe24c5]
[    0.048791] ACPI: Reserving MCFG table memory at [mem 0x1ffe24c6-0x1ffe2501]
[    0.048792] ACPI: Reserving WAET table memory at [mem 0x1ffe2502-0x1ffe2529]
[    0.049879] ACPI: Local APIC address 0xfee00000
[    0.055296] No NUMA configuration found
[    0.055299] Faking a node at [mem 0x0000000000000000-0x000000001ffdefff]
[    0.055593] NODE_DATA(0) allocated [mem 0x1ffdb000-0x1ffdefff]
[    0.057069] Zone ranges:
[    0.057198]   DMA      [mem 0x0000000000001000-0x0000000000ffffff]
[    0.057283]   DMA32    [mem 0x0000000001000000-0x000000001ffdefff]
[    0.057285]   Normal   empty
[    0.057287] Movable zone start for each node
[    0.057288] Early memory node ranges
[    0.057289]   node   0: [mem 0x0000000000001000-0x000000000009efff]
[    0.057339]   node   0: [mem 0x0000000000100000-0x000000001ffdefff]
[    0.057601] Initmem setup node 0 [mem 0x0000000000001000-0x000000001ffdefff]
[    0.057603] On node 0 totalpages: 130941
[    0.057752]   DMA zone: 64 pages used for memmap
[    0.057753]   DMA zone: 21 pages reserved
[    0.057754]   DMA zone: 3998 pages, LIFO batch:0
[    0.057755]   DMA32 zone: 1984 pages used for memmap
[    0.057756]   DMA32 zone: 126943 pages, LIFO batch:31
[    0.058581] On node 0, zone DMA: 1 pages in unavailable ranges
[    0.058894] On node 0, zone DMA: 97 pages in unavailable ranges
[    0.142350] On node 0, zone DMA32: 33 pages in unavailable ranges
[    0.146604] ACPI: PM-Timer IO Port: 0x608
[    0.146611] ACPI: Local APIC address 0xfee00000
[    0.146859] ACPI: LAPIC_NMI (acpi_id[0xff] dfl dfl lint[0x1])
[    0.147975] IOAPIC[0]: apic_id 0, version 17, address 0xfec00000, GSI 0-23
[    0.148044] ACPI: INT_SRC_OVR (bus 0 bus_irq 0 global_irq 2 dfl dfl)
[    0.148175] ACPI: INT_SRC_OVR (bus 0 bus_irq 5 global_irq 5 high level)
[    0.148177] ACPI: INT_SRC_OVR (bus 0 bus_irq 9 global_irq 9 high level)
[    0.148317] ACPI: INT_SRC_OVR (bus 0 bus_irq 10 global_irq 10 high level)
[    0.148318] ACPI: INT_SRC_OVR (bus 0 bus_irq 11 global_irq 11 high level)
[    0.148320] ACPI: IRQ0 used by override.
[    0.148321] ACPI: IRQ5 used by override.
[    0.148322] ACPI: IRQ9 used by override.
[    0.148323] ACPI: IRQ10 used by override.
[    0.148324] ACPI: IRQ11 used by override.
[    0.148381] Using ACPI (MADT) for SMP configuration information
[    0.148384] ACPI: HPET id: 0x8086a201 base: 0xfed00000
[    0.148957] smpboot: Allowing 8 CPUs, 0 hotplug CPUs
[    0.150833] PM: hibernation: Registered nosave memory: [mem 0x00000000-0x00000fff]
[    0.150836] PM: hibernation: Registered nosave memory: [mem 0x0009f000-0x0009ffff]
[    0.150837] PM: hibernation: Registered nosave memory: [mem 0x000a0000-0x000effff]
[    0.150838] PM: hibernation: Registered nosave memory: [mem 0x000f0000-0x000fffff]
[    0.150840] [mem 0x20000000-0xafffffff] available for PCI devices
[    0.150909] Booting paravirtualized kernel on KVM
[    0.151565] clocksource: refined-jiffies: mask: 0xffffffff max_cycles: 0xffffffff, max_idle_ns: 1910969940391419 ns
[    0.192278] setup_percpu: NR_CPUS:8 nr_cpumask_bits:8 nr_cpu_ids:8 nr_node_ids:1
[    0.239937] percpu: Embedded 56 pages/cpu s191512 r8192 d29672 u262144
[    0.240001] pcpu-alloc: s191512 r8192 d29672 u262144 alloc=1*2097152
[    0.240060] pcpu-alloc: [0] 0 1 2 3 4 5 6 7 
[    0.240570] kvm-guest: stealtime: cpu 0, msr 1f41b600
[    0.241007] Built 1 zonelists, mobility grouping on.  Total pages: 128872
[    0.241009] Policy zone: DMA32
[    0.241114] Kernel command line: selinux=0 initcall_debug debug console=ttyS0 rcutree.rcu_fanout_leaf=4 nohz_full=1-7 rcutorture.onoff_interval=1000 rcutorture.onoff_holdoff=30 rcutorture.n_barrier_cbs=4 rcutorture.stat_interval=15 rcutorture.shutdown_secs=1800 rcutorture.test_no_idle_hz=1 rcutorture.verbose=1
[    0.249043] Dentry cache hash table entries: 65536 (order: 7, 524288 bytes, linear)
[    0.249084] Inode-cache hash table entries: 32768 (order: 6, 262144 bytes, linear)
[    0.250139] mem auto-init: stack:all(zero), heap alloc:off, heap free:off
[    0.260015] Memory: 479784K/523764K available (14349K kernel code, 2548K rwdata, 4708K rodata, 1504K init, 1480K bss, 43720K reserved, 0K cma-reserved)
[    0.260932] SLUB: HWalign=64, Order=0-3, MinObjects=0, CPUs=8, Nodes=1
[    0.261453] Kernel/User page tables isolation: enabled
[    0.279713] rcu: Hierarchical RCU implementation.
[    0.279716] rcu: 	RCU event tracing is enabled.
[    0.279717] rcu: 	CONFIG_RCU_FANOUT set to non-default value of 4.
[    0.279719] rcu: 	RCU dyntick-idle grace-period acceleration is enabled.
[    0.279719] rcu: 	Build-time adjustment of leaf fanout to 3.
[    0.279721] rcu: 	Boot-time adjustment of leaf fanout to 4.
[    0.279722] rcu: 	RCU debug extended QS entry/exit.
[    0.279776] 	Trampoline variant of Tasks RCU enabled.
[    0.279778] 	Rude variant of Tasks RCU enabled.
[    0.279778] 	Tracing variant of Tasks RCU enabled.
[    0.279905] rcu: RCU calculated value of scheduler-enlistment delay is 100 jiffies.
[    0.279907] rcu: Adjusting geometry for rcu_fanout_leaf=4, nr_cpu_ids=8
[    0.302232] NR_IRQS: 4352, nr_irqs: 488, preallocated irqs: 16
[    0.305390] NO_HZ: Full dynticks CPUs: 1-7.
[    0.305393] rcu: 	Offload RCU callbacks from CPUs: 1-7.
[    0.307639] calling  con_init+0x0/0x22a @ 0
[    0.478736] Console: colour VGA+ 80x25
[    0.478748] initcall con_init+0x0/0x22a returned 0 after 0 usecs
[    0.478751] calling  hvc_console_init+0x0/0x13 @ 0
[    0.478931] initcall hvc_console_init+0x0/0x13 returned 0 after 0 usecs
[    0.478933] calling  univ8250_console_init+0x0/0x26 @ 0
[    1.402955] printk: console [ttyS0] enabled
[    1.407516] initcall univ8250_console_init+0x0/0x26 returned 0 after 0 usecs
[    1.415218] ACPI: Core revision 20200925
[    1.420687] clocksource: hpet: mask: 0xffffffff max_cycles: 0xffffffff, max_idle_ns: 19112604467 ns
[    1.431367] APIC: Switch to symmetric I/O mode setup
[    1.450784] ..TIMER: vector=0x30 apic1=0 pin1=2 apic2=-1 pin2=-1
[    1.457814] clocksource: tsc-early: mask: 0xffffffffffffffff max_cycles: 0x39a85afc727, max_idle_ns: 881590685098 ns
[    1.469614] Calibrating delay loop (skipped) preset value.. 3999.99 BogoMIPS (lpj=1999999)
[    1.470614] pid_max: default: 32768 minimum: 301
[    1.471779] LSM: Security Framework initializing
[    1.473627] Mount-cache hash table entries: 1024 (order: 1, 8192 bytes, linear)
[    1.474655] Mountpoint-cache hash table entries: 1024 (order: 1, 8192 bytes, linear)
[    1.482209] Last level iTLB entries: 4KB 0, 2MB 0, 4MB 0
[    1.482614] Last level dTLB entries: 4KB 0, 2MB 0, 4MB 0, 1GB 0
[    1.483709] Spectre V1 : Mitigation: usercopy/swapgs barriers and __user pointer sanitization
[    1.484618] Spectre V2 : Mitigation: Retpolines
[    1.485615] Spectre V2 : Spectre v2 / SpectreRSB mitigation: Filling RSB on context switch
[    1.486614] Spectre V2 : Spectre v2 / SpectreRSB : Filling RSB on VMEXIT
[    1.487615] Speculative Store Bypass: Vulnerable
[    1.488620] MDS: Vulnerable: Clear CPU buffers attempted, no microcode
[    1.489614] MMIO Stale Data: Unknown: No mitigations
[    1.550015] Freeing SMP alternatives memory: 44K
[    1.654610] smpboot: CPU0: Intel Common KVM processor (family: 0xf, model: 0x6, stepping: 0x1)
[    1.656511] calling  init_hw_perf_events+0x0/0x6ce @ 1
[    1.656614] Performance Events: unsupported Netburst CPU model 6 no PMU driver, software events only.
[    1.657621] initcall init_hw_perf_events+0x0/0x6ce returned 0 after 976 usecs
[    1.658619] calling  init_real_mode+0x0/0x1e9 @ 1
[    1.660264] initcall init_real_mode+0x0/0x1e9 returned 0 after 0 usecs
[    1.660619] calling  trace_init_perf_perm_irq_work_exit+0x0/0x12 @ 1
[    1.661617] initcall trace_init_perf_perm_irq_work_exit+0x0/0x12 returned 0 after 0 usecs
[    1.662639] calling  validate_x2apic+0x0/0x4a @ 1
[    1.663654] initcall validate_x2apic+0x0/0x4a returned 0 after 0 usecs
[    1.664619] calling  register_nmi_cpu_backtrace_handler+0x0/0x15 @ 1
[    1.665617] initcall register_nmi_cpu_backtrace_handler+0x0/0x15 returned 0 after 0 usecs
[    1.666618] calling  kvm_setup_vsyscall_timeinfo+0x0/0xce @ 1
[    1.667619] initcall kvm_setup_vsyscall_timeinfo+0x0/0xce returned 0 after 0 usecs
[    1.668617] calling  spawn_ksoftirqd+0x0/0x38 @ 1
[    1.670703] initcall spawn_ksoftirqd+0x0/0x38 returned 0 after 976 usecs
[    1.671685] calling  migration_init+0x0/0x3c @ 1
[    1.673616] initcall migration_init+0x0/0x3c returned 0 after 0 usecs
[    1.674617] calling  srcu_bootup_announce+0x0/0x2f @ 1
[    1.675613] rcu: Hierarchical SRCU implementation.
[    1.676616] initcall srcu_bootup_announce+0x0/0x2f returned 0 after 976 usecs
[    1.677617] calling  rcu_spawn_gp_kthread+0x0/0x1dd @ 1
[    1.678718] initcall rcu_spawn_gp_kthread+0x0/0x1dd returned 0 after 0 usecs
[    1.679616] calling  check_cpu_stall_init+0x0/0x1a @ 1
[    1.680616] initcall check_cpu_stall_init+0x0/0x1a returned 0 after 0 usecs
[    1.681617] calling  rcu_sysrq_init+0x0/0x21 @ 1
[    1.682616] initcall rcu_sysrq_init+0x0/0x21 returned 0 after 0 usecs
[    1.683616] calling  trace_init_flags_sys_enter+0x0/0xe @ 1
[    1.685615] initcall trace_init_flags_sys_enter+0x0/0xe returned 0 after 0 usecs
[    1.686615] calling  trace_init_flags_sys_exit+0x0/0xe @ 1
[    1.687615] initcall trace_init_flags_sys_exit+0x0/0xe returned 0 after 0 usecs
[    1.688615] calling  cpu_stop_init+0x0/0x6e @ 1
[    1.690691] initcall cpu_stop_init+0x0/0x6e returned 0 after 976 usecs
[    1.691622] calling  init_kprobes+0x0/0x165 @ 1
[    1.693758] initcall init_kprobes+0x0/0x165 returned 0 after 976 usecs
[    1.694620] calling  init_events+0x0/0x3d @ 1
[    1.695627] initcall init_events+0x0/0x3d returned 0 after 0 usecs
[    1.696617] calling  init_trace_printk+0x0/0xc @ 1
[    1.697617] initcall init_trace_printk+0x0/0xc returned 0 after 0 usecs
[    1.698617] calling  event_trace_enable_again+0x0/0x23 @ 1
[    1.699619] initcall event_trace_enable_again+0x0/0x23 returned 0 after 0 usecs
[    1.700617] calling  static_call_init+0x0/0x77 @ 1
[    1.701616] initcall static_call_init+0x0/0x77 returned 0 after 0 usecs
[    1.702618] calling  jump_label_init_module+0x0/0xc @ 1
[    1.704617] initcall jump_label_init_module+0x0/0xc returned 0 after 0 usecs
[    1.705616] calling  init_zero_pfn+0x0/0x37 @ 1
[    1.706616] initcall init_zero_pfn+0x0/0x37 returned 0 after 0 usecs
[    1.707616] calling  initialize_ptr_random+0x0/0x54 @ 1
[    1.708616] initcall initialize_ptr_random+0x0/0x54 returned 0 after 0 usecs
[    1.709618] calling  efi_memreserve_root_init+0x0/0x25 @ 1
[    1.710688] initcall efi_memreserve_root_init+0x0/0x25 returned 0 after 0 usecs
[    1.711617] calling  efi_earlycon_remap_fb+0x0/0x51 @ 1
[    1.712617] initcall efi_earlycon_remap_fb+0x0/0x51 returned 0 after 0 usecs
[    1.714645] smp: Bringing up secondary CPUs ...
[    1.717113] x86: Booting SMP configuration:
[    1.717616] .... node  #0, CPUs:      #1
[    1.162070] kvm-clock: cpu 1, msr 68a8041, secondary cpu clock
[    1.746611] kvm-guest: stealtime: cpu 1, msr 1f45b600
[    1.763618]  #2
[    1.162070] kvm-clock: cpu 2, msr 68a8081, secondary cpu clock
[    1.787062] kvm-guest: stealtime: cpu 2, msr 1f49b600
[    1.803618]  #3
[    1.162070] kvm-clock: cpu 3, msr 68a80c1, secondary cpu clock
[    1.825939] kvm-guest: stealtime: cpu 3, msr 1f4db600
[    1.839619]  #4
[    1.162070] kvm-clock: cpu 4, msr 68a8101, secondary cpu clock
[    1.861611] kvm-guest: stealtime: cpu 4, msr 1f51b600
[    1.875161]  #5
[    1.162070] kvm-clock: cpu 5, msr 68a8141, secondary cpu clock
[    1.897962] kvm-guest: stealtime: cpu 5, msr 1f55b600
[    1.913636]  #6
[    1.162070] kvm-clock: cpu 6, msr 68a8181, secondary cpu clock
[    1.937941] kvm-guest: stealtime: cpu 6, msr 1f59b600
[    1.952071]  #7
[    1.162070] kvm-clock: cpu 7, msr 68a81c1, secondary cpu clock
[    1.973920] kvm-guest: stealtime: cpu 7, msr 1f5db600
[    1.987790] smp: Brought up 1 node, 8 CPUs
[    1.988616] smpboot: Max logical packages: 1
[    1.989616] smpboot: Total of 8 processors activated (31999.98 BogoMIPS)
[    1.994319] devtmpfs: initialized
[    1.995877] calling  ipc_ns_init+0x0/0x3d @ 1
[    1.996693] initcall ipc_ns_init+0x0/0x3d returned 0 after 0 usecs
[    1.997619] calling  init_mmap_min_addr+0x0/0x21 @ 1
[    1.998619] initcall init_mmap_min_addr+0x0/0x21 returned 0 after 0 usecs
[    1.999617] calling  pci_realloc_setup_params+0x0/0x3f @ 1
[    2.000618] initcall pci_realloc_setup_params+0x0/0x3f returned 0 after 0 usecs
[    2.001639] calling  net_ns_init+0x0/0x11c @ 1
[    2.002934] initcall net_ns_init+0x0/0x11c returned 0 after 0 usecs
[    2.003654] calling  e820__register_nvs_regions+0x0/0x37 @ 1
[    2.004621] initcall e820__register_nvs_regions+0x0/0x37 returned 0 after 0 usecs
[    2.005620] calling  cpufreq_register_tsc_scaling+0x0/0x2e @ 1
[    2.006619] initcall cpufreq_register_tsc_scaling+0x0/0x2e returned 0 after 0 usecs
[    2.007618] calling  reboot_init+0x0/0x3c @ 1
[    2.008618] initcall reboot_init+0x0/0x3c returned 0 after 0 usecs
[    2.009617] calling  init_lapic_sysfs+0x0/0x20 @ 1
[    2.010617] initcall init_lapic_sysfs+0x0/0x20 returned 0 after 0 usecs
[    2.011617] calling  alloc_frozen_cpus+0x0/0x7 @ 1
[    2.012616] initcall alloc_frozen_cpus+0x0/0x7 returned 0 after 0 usecs
[    2.013616] calling  cpu_hotplug_pm_sync_init+0x0/0x13 @ 1
[    2.014617] initcall cpu_hotplug_pm_sync_init+0x0/0x13 returned 0 after 0 usecs
[    2.015616] calling  wq_sysfs_init+0x0/0x2a @ 1
[    2.016673] initcall wq_sysfs_init+0x0/0x2a returned 0 after 0 usecs
[    2.017619] calling  ksysfs_init+0x0/0x92 @ 1
[    2.018628] initcall ksysfs_init+0x0/0x92 returned 0 after 0 usecs
[    2.019617] calling  schedutil_gov_init+0x0/0xc @ 1
[    2.020693] initcall schedutil_gov_init+0x0/0xc returned 0 after 0 usecs
[    2.021618] calling  pm_init+0x0/0x76 @ 1
[    2.022671] initcall pm_init+0x0/0x76 returned 0 after 0 usecs
[    2.023618] calling  pm_disk_init+0x0/0x13 @ 1
[    2.024666] initcall pm_disk_init+0x0/0x13 returned 0 after 0 usecs
[    2.025620] calling  swsusp_header_init+0x0/0x2b @ 1
[    2.026623] initcall swsusp_header_init+0x0/0x2b returned 0 after 0 usecs
[    2.027622] calling  rcu_set_runtime_mode+0x0/0x16 @ 1
[    2.028620] initcall rcu_set_runtime_mode+0x0/0x16 returned 0 after 0 usecs
[    2.029618] calling  init_jiffies_clocksource+0x0/0x13 @ 1
[    2.030616] clocksource: jiffies: mask: 0xffffffff max_cycles: 0xffffffff, max_idle_ns: 1911260446275000 ns
[    2.031618] initcall init_jiffies_clocksource+0x0/0x13 returned 0 after 976 usecs
[    2.032617] calling  futex_init+0x0/0xf7 @ 1
[    2.033619] futex hash table entries: 2048 (order: 5, 131072 bytes, linear)
[    2.035742] initcall futex_init+0x0/0xf7 returned 0 after 1953 usecs
[    2.036617] calling  cgroup_wq_init+0x0/0x28 @ 1
[    2.037625] initcall cgroup_wq_init+0x0/0x28 returned 0 after 0 usecs
[    2.039616] calling  cgroup1_wq_init+0x0/0x28 @ 1
[    2.040624] initcall cgroup1_wq_init+0x0/0x28 returned 0 after 0 usecs
[    2.041617] calling  init_kprobe_trace_early+0x0/0x2a @ 1
[    2.042618] initcall init_kprobe_trace_early+0x0/0x2a returned 0 after 0 usecs
[    2.043617] calling  fsnotify_init+0x0/0x48 @ 1
[    2.044628] initcall fsnotify_init+0x0/0x48 returned 0 after 0 usecs
[    2.045616] calling  filelock_init+0x0/0x96 @ 1
[    2.046627] initcall filelock_init+0x0/0x96 returned 0 after 0 usecs
[    2.047616] calling  init_misc_binfmt+0x0/0x2c @ 1
[    2.048618] initcall init_misc_binfmt+0x0/0x2c returned 0 after 0 usecs
[    2.049620] calling  init_script_binfmt+0x0/0x15 @ 1
[    2.050618] initcall init_script_binfmt+0x0/0x15 returned 0 after 0 usecs
[    2.051618] calling  init_elf_binfmt+0x0/0x15 @ 1
[    2.052617] initcall init_elf_binfmt+0x0/0x15 returned 0 after 0 usecs
[    2.053618] calling  init_compat_elf_binfmt+0x0/0x15 @ 1
[    2.054617] initcall init_compat_elf_binfmt+0x0/0x15 returned 0 after 0 usecs
[    2.055617] calling  debugfs_init+0x0/0x5c @ 1
[    2.056623] initcall debugfs_init+0x0/0x5c returned 0 after 0 usecs
[    2.057617] calling  tracefs_init+0x0/0x3a @ 1
[    2.058622] initcall tracefs_init+0x0/0x3a returned 0 after 0 usecs
[    2.059616] calling  prandom_init_early+0x0/0x15d @ 1
[    2.060617] initcall prandom_init_early+0x0/0x15d returned 0 after 0 usecs
[    2.061780] calling  virtio_init+0x0/0x20 @ 1
[    2.063663] initcall virtio_init+0x0/0x20 returned 0 after 0 usecs
[    2.064617] calling  iommu_init+0x0/0x2a @ 1
[    2.065621] initcall iommu_init+0x0/0x2a returned 0 after 0 usecs
[    2.066616] calling  component_debug_init+0x0/0x1c @ 1
[    2.067656] initcall component_debug_init+0x0/0x1c returned 0 after 0 usecs
[    2.068616] calling  early_resume_init+0x0/0xb9 @ 1
[    2.070242] PM: RTC time: 04:45:32, date: 2022-12-13
[    2.070618] initcall early_resume_init+0x0/0xb9 returned 0 after 976 usecs
[    2.071617] calling  cpufreq_core_init+0x0/0x62 @ 1
[    2.072640] initcall cpufreq_core_init+0x0/0x62 returned 0 after 0 usecs
[    2.073616] calling  cpufreq_gov_performance_init+0x0/0xc @ 1
[    2.074633] initcall cpufreq_gov_performance_init+0x0/0xc returned 0 after 0 usecs
[    2.075616] calling  cpufreq_gov_userspace_init+0x0/0xc @ 1
[    2.076620] initcall cpufreq_gov_userspace_init+0x0/0xc returned 0 after 0 usecs
[    2.077621] calling  CPU_FREQ_GOV_ONDEMAND_init+0x0/0xc @ 1
[    2.078620] initcall CPU_FREQ_GOV_ONDEMAND_init+0x0/0xc returned 0 after 0 usecs
[    2.079617] calling  cpuidle_init+0x0/0x1f @ 1
[    2.080644] initcall cpuidle_init+0x0/0x1f returned 0 after 0 usecs
[    2.081616] calling  capsule_reboot_register+0x0/0xc @ 1
[    2.082632] initcall capsule_reboot_register+0x0/0xc returned 0 after 0 usecs
[    2.083616] calling  sock_init+0x0/0x93 @ 1
[    2.085286] initcall sock_init+0x0/0x93 returned 0 after 0 usecs
[    2.085617] calling  net_inuse_init+0x0/0x23 @ 1
[    2.086620] initcall net_inuse_init+0x0/0x23 returned 0 after 0 usecs
[    2.087615] calling  net_defaults_init+0x0/0x23 @ 1
[    2.088616] initcall net_defaults_init+0x0/0x23 returned 0 after 0 usecs
[    2.089619] calling  init_default_flow_dissectors+0x0/0x4f @ 1
[    2.090621] initcall init_default_flow_dissectors+0x0/0x4f returned 0 after 0 usecs
[    2.091620] calling  netpoll_init+0x0/0x26 @ 1
[    2.092618] initcall netpoll_init+0x0/0x26 returned 0 after 0 usecs
[    2.093617] calling  netlink_proto_init+0x0/0x14f @ 1
[    2.094892] NET: Registered protocol family 16
[    2.095631] initcall netlink_proto_init+0x0/0x14f returned 0 after 976 usecs
[    2.096618] calling  genl_init+0x0/0x35 @ 1
[    2.097624] initcall genl_init+0x0/0x35 returned 0 after 0 usecs
[    2.098617] calling  bsp_pm_check_init+0x0/0x13 @ 1
[    2.099617] initcall bsp_pm_check_init+0x0/0x13 returned 0 after 0 usecs
[    2.100635] calling  irq_sysfs_init+0x0/0xb7 @ 1
[    2.101766] initcall irq_sysfs_init+0x0/0xb7 returned 0 after 0 usecs
[    2.102616] calling  audit_init+0x0/0x160 @ 1
[    2.103617] audit: initializing netlink subsys (disabled)
[    2.105689] initcall audit_init+0x0/0x160 returned 0 after 1953 usecs
[    2.106616] calling  release_early_probes+0x0/0x32 @ 1
[    2.107616] initcall release_early_probes+0x0/0x32 returned 0 after 0 usecs
[    2.108616] calling  bdi_class_init+0x0/0x48 @ 1
[    2.109633] initcall bdi_class_init+0x0/0x48 returned 0 after 0 usecs
[    2.110617] calling  mm_sysfs_init+0x0/0x28 @ 1
[    2.111621] initcall mm_sysfs_init+0x0/0x28 returned 0 after 0 usecs
[    2.112617] calling  init_per_zone_wmark_min+0x0/0x6d @ 1
[    2.113621] initcall init_per_zone_wmark_min+0x0/0x6d returned 0 after 0 usecs
[    2.114617] calling  mpi_init+0x0/0x3e @ 1
[    2.115634] initcall mpi_init+0x0/0x3e returned 0 after 0 usecs
[    2.116615] calling  kobject_uevent_init+0x0/0xc @ 1
[    2.117625] initcall kobject_uevent_init+0x0/0xc returned 0 after 0 usecs
[    2.118618] calling  pcibus_class_init+0x0/0x13 @ 1
[    2.119641] initcall pcibus_class_init+0x0/0x13 returned 0 after 0 usecs
[    2.120622] calling  pci_driver_init+0x0/0x21 @ 1
[    2.121668] initcall pci_driver_init+0x0/0x21 returned 0 after 0 usecs
[    2.122616] calling  backlight_class_init+0x0/0xa8 @ 1
[    2.123694] initcall backlight_class_init+0x0/0xa8 returned 0 after 0 usecs
[    2.124617] calling  tty_class_init+0x0/0x33 @ 1
[    2.125625] initcall tty_class_init+0x0/0x33 returned 0 after 0 usecs
[    2.126616] calling  vtconsole_class_init+0x0/0xb5 @ 1
[    2.127660] initcall vtconsole_class_init+0x0/0xb5 returned 0 after 0 usecs
[    2.128617] calling  iommu_dev_init+0x0/0x13 @ 1
[    2.129622] initcall iommu_dev_init+0x0/0x13 returned 0 after 0 usecs
[    2.130617] calling  mipi_dsi_bus_init+0x0/0xc @ 1
[    2.132641] initcall mipi_dsi_bus_init+0x0/0xc returned 0 after 976 usecs
[    2.133616] calling  devlink_class_init+0x0/0x40 @ 1
[    2.134623] initcall devlink_class_init+0x0/0x40 returned 0 after 0 usecs
[    2.135616] calling  software_node_init+0x0/0x2a @ 1
[    2.136619] initcall software_node_init+0x0/0x2a returned 0 after 0 usecs
[    2.137615] calling  wakeup_sources_debugfs_init+0x0/0x23 @ 1
[    2.138625] initcall wakeup_sources_debugfs_init+0x0/0x23 returned 0 after 0 usecs
[    2.139615] calling  wakeup_sources_sysfs_init+0x0/0x2c @ 1
[    2.140627] initcall wakeup_sources_sysfs_init+0x0/0x2c returned 0 after 0 usecs
[    2.141617] calling  register_node_type+0x0/0x13 @ 1
[    2.142641] initcall register_node_type+0x0/0x13 returned 0 after 0 usecs
[    2.143616] calling  regmap_initcall+0x0/0xc @ 1
[    2.144624] initcall regmap_initcall+0x0/0xc returned 0 after 0 usecs
[    2.145617] calling  i2c_init+0x0/0xb3 @ 1
[    2.146657] initcall i2c_init+0x0/0xb3 returned 0 after 0 usecs
[    2.147616] calling  thermal_init+0x0/0xf2 @ 1
[    2.148614] thermal_sys: Registered thermal governor 'step_wise'
[    2.148615] thermal_sys: Registered thermal governor 'user_space'
[    2.149625] initcall thermal_init+0x0/0xf2 returned 0 after 976 usecs
[    2.151616] calling  init_menu+0x0/0xc @ 1
[    2.152730] audit: type=2000 audit(1670906730.465:1): state=initialized audit_enabled=0 res=1
[    2.154619] cpuidle: using governor menu
[    2.158627] initcall init_menu+0x0/0xc returned 0 after 5859 usecs
[    2.166620] calling  pcc_init+0x0/0x4d @ 1
[    2.170622] initcall pcc_init+0x0/0x4d returned -19 after 0 usecs
[    2.178619] calling  amd_postcore_init+0x0/0x11e @ 1
[    2.183620] initcall amd_postcore_init+0x0/0x11e returned 0 after 0 usecs
[    2.191643] calling  bts_init+0x0/0xba @ 1
[    2.196620] initcall bts_init+0x0/0xba returned -19 after 0 usecs
[    2.201665] calling  pt_init+0x0/0x341 @ 1
[    2.206620] initcall pt_init+0x0/0x341 returned -19 after 0 usecs
[    2.211621] calling  boot_params_ksysfs_init+0x0/0x2ee @ 1
[    2.218899] initcall boot_params_ksysfs_init+0x0/0x2ee returned 0 after 0 usecs
[    2.227618] calling  sbf_init+0x0/0xea @ 1
[    2.232617] initcall sbf_init+0x0/0xea returned 0 after 0 usecs
[    2.238617] calling  arch_kdebugfs_init+0x0/0x219 @ 1
[    2.244706] initcall arch_kdebugfs_init+0x0/0x219 returned 0 after 0 usecs
[    2.253643] calling  intel_pconfig_init+0x0/0x85 @ 1
[    2.259619] initcall intel_pconfig_init+0x0/0x85 returned 0 after 0 usecs
[    2.269627] calling  mtrr_if_init+0x0/0x5d @ 1
[    2.274656] initcall mtrr_if_init+0x0/0x5d returned 0 after 0 usecs
[    2.282618] calling  activate_jump_labels+0x0/0x31 @ 1
[    2.288617] initcall activate_jump_labels+0x0/0x31 returned 0 after 0 usecs
[    2.296617] calling  ffh_cstate_init+0x0/0x29 @ 1
[    2.302622] initcall ffh_cstate_init+0x0/0x29 returned 0 after 0 usecs
[    2.310617] calling  activate_jump_labels+0x0/0x31 @ 1
[    2.316634] initcall activate_jump_labels+0x0/0x31 returned 0 after 1953 usecs
[    2.324618] calling  kvm_alloc_cpumask+0x0/0x74 @ 1
[    2.331638] initcall kvm_alloc_cpumask+0x0/0x74 returned 0 after 0 usecs
[    2.339617] calling  kcmp_cookies_init+0x0/0x37 @ 1
[    2.345621] initcall kcmp_cookies_init+0x0/0x37 returned 0 after 0 usecs
[    2.352618] calling  cryptomgr_init+0x0/0xc @ 1
[    2.358683] initcall cryptomgr_init+0x0/0xc returned 0 after 0 usecs
[    2.365617] calling  acpi_pci_init+0x0/0x57 @ 1
[    2.370614] ACPI: bus type PCI registered
[    2.375617] initcall acpi_pci_init+0x0/0x57 returned 0 after 4882 usecs
[    2.383618] calling  dma_channel_table_init+0x0/0xd1 @ 1
[    2.389625] initcall dma_channel_table_init+0x0/0xd1 returned 0 after 0 usecs
[    2.399620] calling  dma_bus_init+0x0/0xdc @ 1
[    2.406901] initcall dma_bus_init+0x0/0xdc returned 0 after 0 usecs
[    2.416680] calling  iommu_dma_init+0x0/0x10 @ 1
[    2.423622] initcall iommu_dma_init+0x0/0x10 returned 0 after 0 usecs
[    2.430619] calling  dmi_id_init+0x0/0x37c @ 1
[    2.436887] initcall dmi_id_init+0x0/0x37c returned 0 after 0 usecs
[    2.444618] calling  pci_arch_init+0x0/0x71 @ 1
[    2.451328] PCI: MMCONFIG for domain 0000 [bus 00-ff] at [mem 0xb0000000-0xbfffffff] (base 0xb0000000)
[    2.462620] PCI: MMCONFIG at [mem 0xb0000000-0xbfffffff] reserved in E820
[    2.470635] PCI: Using configuration type 1 for base access
[    2.477622] initcall pci_arch_init+0x0/0x71 returned 0 after 26367 usecs
[    2.485643] calling  init_vdso+0x0/0x13 @ 1
[    2.490657] initcall init_vdso+0x0/0x13 returned 0 after 0 usecs
[    2.497618] calling  sysenter_setup+0x0/0x13 @ 1
[    2.503657] initcall sysenter_setup+0x0/0x13 returned 0 after 0 usecs
[    2.511617] calling  fixup_ht_bug+0x0/0xe5 @ 1
[    2.516616] initcall fixup_ht_bug+0x0/0xe5 returned 0 after 0 usecs
[    2.524616] calling  topology_init+0x0/0x88 @ 1
[    2.529864] initcall topology_init+0x0/0x88 returned 0 after 0 usecs
[    2.537616] calling  intel_epb_init+0x0/0x68 @ 1
[    2.542615] initcall intel_epb_init+0x0/0x68 returned -19 after 0 usecs
[    2.550616] calling  mtrr_init_finialize+0x0/0x3e @ 1
[    2.556615] initcall mtrr_init_finialize+0x0/0x3e returned 0 after 0 usecs
[    2.565618] calling  uid_cache_init+0x0/0x81 @ 1
[    2.570620] initcall uid_cache_init+0x0/0x81 returned 0 after 0 usecs
[    2.578635] calling  param_sysfs_init+0x0/0x1ba @ 1
[    2.588099] initcall param_sysfs_init+0x0/0x1ba returned 0 after 2929 usecs
[    2.598620] calling  user_namespace_sysctl_init+0x0/0x33 @ 1
[    2.606633] initcall user_namespace_sysctl_init+0x0/0x33 returned 0 after 0 usecs
[    2.618618] calling  proc_schedstat_init+0x0/0x24 @ 1
[    2.624621] initcall proc_schedstat_init+0x0/0x24 returned 0 after 0 usecs
[    2.632617] calling  pm_sysrq_init+0x0/0x18 @ 1
[    2.640675] initcall pm_sysrq_init+0x0/0x18 returned 0 after 1953 usecs
[    2.641708] calling  create_proc_profile+0x0/0xd0 @ 1
[    2.642621] initcall create_proc_profile+0x0/0xd0 returned 0 after 0 usecs
[    2.643622] calling  time_ns_init+0x0/0x7 @ 1
[    2.644618] initcall time_ns_init+0x0/0x7 returned 0 after 0 usecs
[    2.645617] calling  crash_save_vmcoreinfo_init+0x0/0x722 @ 1
[    2.646704] initcall crash_save_vmcoreinfo_init+0x0/0x722 returned 0 after 0 usecs
[    2.647617] calling  crash_notes_memory_init+0x0/0x35 @ 1
[    2.648621] initcall crash_notes_memory_init+0x0/0x35 returned 0 after 0 usecs
[    2.649617] calling  cgroup_sysfs_init+0x0/0x13 @ 1
[    2.650623] initcall cgroup_sysfs_init+0x0/0x13 returned 0 after 0 usecs
[    2.651620] calling  cgroup_namespaces_init+0x0/0x7 @ 1
[    2.652617] initcall cgroup_namespaces_init+0x0/0x7 returned 0 after 0 usecs
[    2.653618] calling  init_optprobes+0x0/0x13 @ 1
[    2.654616] Kprobes globally optimized
[    2.655618] initcall init_optprobes+0x0/0x13 returned 0 after 976 usecs
[    2.656621] calling  oom_init+0x0/0x2f @ 1
[    2.657805] initcall oom_init+0x0/0x2f returned 0 after 0 usecs
[    2.658617] calling  default_bdi_init+0x0/0xb3 @ 1
[    2.660647] initcall default_bdi_init+0x0/0xb3 returned 0 after 976 usecs
[    2.661695] calling  percpu_enable_async+0x0/0xe @ 1
[    2.662617] initcall percpu_enable_async+0x0/0xe returned 0 after 0 usecs
[    2.663617] calling  kcompactd_init+0x0/0x8d @ 1
[    2.664845] initcall kcompactd_init+0x0/0x8d returned 0 after 0 usecs
[    2.665717] calling  init_user_reserve+0x0/0x40 @ 1
[    2.666619] initcall init_user_reserve+0x0/0x40 returned 0 after 0 usecs
[    2.667619] calling  init_admin_reserve+0x0/0x40 @ 1
[    2.668618] initcall init_admin_reserve+0x0/0x40 returned 0 after 0 usecs
[    2.669622] calling  init_reserve_notifier+0x0/0x7 @ 1
[    2.670619] initcall init_reserve_notifier+0x0/0x7 returned 0 after 0 usecs
[    2.671621] calling  swap_init_sysfs+0x0/0x62 @ 1
[    2.672627] initcall swap_init_sysfs+0x0/0x62 returned 0 after 0 usecs
[    2.673620] calling  swapfile_init+0x0/0x94 @ 1
[    2.674620] initcall swapfile_init+0x0/0x94 returned 0 after 0 usecs
[    2.675620] calling  hugetlb_init+0x0/0x496 @ 1
[    2.676621] HugeTLB registered 2.00 MiB page size, pre-allocated 0 pages
[    2.677635] initcall hugetlb_init+0x0/0x496 returned 0 after 976 usecs
[    2.678618] calling  io_wq_init+0x0/0x34 @ 1
[    2.679617] initcall io_wq_init+0x0/0x34 returned 0 after 0 usecs
[    2.680618] calling  seqiv_module_init+0x0/0xc @ 1
[    2.681634] initcall seqiv_module_init+0x0/0xc returned 0 after 0 usecs
[    2.682618] calling  echainiv_module_init+0x0/0xc @ 1
[    2.683620] initcall echainiv_module_init+0x0/0xc returned 0 after 0 usecs
[    2.684678] calling  rsa_init+0x0/0x50 @ 1
[    2.686686] cryptomgr_test (70) used greatest stack depth: 15504 bytes left
[    2.687633] initcall rsa_init+0x0/0x50 returned 0 after 1953 usecs
[    2.688623] calling  crypto_cmac_module_init+0x0/0xc @ 1
[    2.689622] initcall crypto_cmac_module_init+0x0/0xc returned 0 after 0 usecs
[    2.690622] calling  hmac_module_init+0x0/0xc @ 1
[    2.691627] initcall hmac_module_init+0x0/0xc returned 0 after 0 usecs
[    2.692620] calling  crypto_null_mod_init+0x0/0x65 @ 1
[    2.693724] initcall crypto_null_mod_init+0x0/0x65 returned 0 after 0 usecs
[    2.694621] calling  md5_mod_init+0x0/0xc @ 1
[    2.698289] initcall md5_mod_init+0x0/0xc returned 0 after 1953 usecs
[    2.698628] calling  sha256_generic_mod_init+0x0/0x11 @ 1
[    2.699699] initcall sha256_generic_mod_init+0x0/0x11 returned 0 after 0 usecs
[    2.700620] calling  crypto_cbc_module_init+0x0/0xc @ 1
[    2.701620] initcall crypto_cbc_module_init+0x0/0xc returned 0 after 0 usecs
[    2.702617] calling  crypto_ctr_module_init+0x0/0x11 @ 1
[    2.703618] initcall crypto_ctr_module_init+0x0/0x11 returned 0 after 0 usecs
[    2.704619] calling  crypto_gcm_module_init+0x0/0x64 @ 1
[    2.705619] initcall crypto_gcm_module_init+0x0/0x64 returned 0 after 0 usecs
[    2.706617] calling  crypto_ccm_module_init+0x0/0x11 @ 1
[    2.707619] initcall crypto_ccm_module_init+0x0/0x11 returned 0 after 0 usecs
[    2.708617] calling  aes_init+0x0/0xc @ 1
[    2.709707] initcall aes_init+0x0/0xc returned 0 after 0 usecs
[    2.710626] calling  crc32c_mod_init+0x0/0xc @ 1
[    2.711668] initcall crc32c_mod_init+0x0/0xc returned 0 after 0 usecs
[    2.712618] calling  crypto_authenc_module_init+0x0/0xc @ 1
[    2.713626] initcall crypto_authenc_module_init+0x0/0xc returned 0 after 0 usecs
[    2.714620] calling  crypto_authenc_esn_module_init+0x0/0xc @ 1
[    2.715621] initcall crypto_authenc_esn_module_init+0x0/0xc returned 0 after 0 usecs
[    2.716627] calling  drbg_init+0x0/0x7c @ 1
[    2.721665] initcall drbg_init+0x0/0x7c returned 0 after 3906 usecs
[    2.722626] calling  ghash_mod_init+0x0/0xc @ 1
[    2.723856] initcall ghash_mod_init+0x0/0xc returned 0 after 0 usecs
[    2.724621] calling  init_bio+0x0/0x9a @ 1
[    2.726138] initcall init_bio+0x0/0x9a returned 0 after 0 usecs
[    2.726618] calling  blk_settings_init+0x0/0x29 @ 1
[    2.727621] initcall blk_settings_init+0x0/0x29 returned 0 after 0 usecs
[    2.728619] calling  blk_ioc_init+0x0/0x29 @ 1
[    2.729638] initcall blk_ioc_init+0x0/0x29 returned 0 after 0 usecs
[    2.730618] calling  blk_mq_init+0x0/0xb9 @ 1
[    2.731624] initcall blk_mq_init+0x0/0xb9 returned 0 after 0 usecs
[    2.732620] calling  genhd_device_init+0x0/0x75 @ 1
[    2.734643] initcall genhd_device_init+0x0/0x75 returned 0 after 976 usecs
[    2.735742] calling  pci_slot_init+0x0/0x40 @ 1
[    2.736624] initcall pci_slot_init+0x0/0x40 returned 0 after 0 usecs
[    2.737621] calling  fbmem_init+0x0/0xd8 @ 1
[    2.739018] initcall fbmem_init+0x0/0xd8 returned 0 after 0 usecs
[    2.739618] calling  acpi_init+0x0/0x319 @ 1
[    2.740633] ACPI: Added _OSI(Module Device)
[    2.742614] ACPI: Added _OSI(Processor Device)
[    2.743615] ACPI: Added _OSI(3.0 _SCP Extensions)
[    2.744616] ACPI: Added _OSI(Processor Aggregator Device)
[    2.745616] ACPI: Added _OSI(Linux-Dell-Video)
[    2.746617] ACPI: Added _OSI(Linux-Lenovo-NV-HDMI-Audio)
[    2.747616] ACPI: Added _OSI(Linux-HPI-Hybrid-Graphics)
[    2.769303] ACPI: 1 ACPI AML tables successfully acquired and loaded
[    2.780829] ACPI: Interpreter enabled
[    2.781635] ACPI: (supports S0 S3 S4 S5)
[    2.782617] ACPI: Using IOAPIC for interrupt routing
[    2.783662] PCI: Using host bridge windows from ACPI; if necessary, use "pci=nocrs" and report a bug
[    2.786168] ACPI: Enabled 2 GPEs in block 00 to 3F
[    2.822710] ACPI: PCI Root Bridge [PCI0] (domain 0000 [bus 00-ff])
[    2.824616] acpi PNP0A08:00: _OSC: OS supports [ExtendedConfig ASPM ClockPM Segments MSI HPX-Type3]
[    2.826444] acpi PNP0A08:00: _OSC: platform does not support [LTR]
[    2.826707] acpi PNP0A08:00: _OSC: OS now controls [PME PCIeCapability]
[    2.828773] PCI host bridge to bus 0000:00
[    2.830278] pci_bus 0000:00: root bus resource [io  0x0000-0x0cf7 window]
[    2.831622] pci_bus 0000:00: root bus resource [io  0x0d00-0xffff window]
[    2.833617] pci_bus 0000:00: root bus resource [mem 0x000a0000-0x000bffff window]
[    2.834619] pci_bus 0000:00: root bus resource [mem 0x20000000-0xafffffff window]
[    2.835619] pci_bus 0000:00: root bus resource [mem 0xc0000000-0xfebfffff window]
[    2.836621] pci_bus 0000:00: root bus resource [mem 0x100000000-0x8ffffffff window]
[    2.837619] pci_bus 0000:00: root bus resource [bus 00-ff]
[    2.839868] pci 0000:00:00.0: calling  quirk_mmio_always_on+0x0/0x10 @ 1
[    2.840620] pci 0000:00:00.0: quirk_mmio_always_on+0x0/0x10 took 0 usecs
[    2.841692] pci 0000:00:00.0: [8086:29c0] type 00 class 0x060000
[    2.847342] pci 0000:00:00.0: calling  quirk_igfx_skip_te_disable+0x0/0x80 @ 1
[    2.847625] pci 0000:00:00.0: quirk_igfx_skip_te_disable+0x0/0x80 took 0 usecs
[    2.850479] pci 0000:00:01.0: [1234:1111] type 00 class 0x030000
[    2.860610] pci 0000:00:01.0: reg 0x10: [mem 0xfd000000-0xfdffffff pref]
[    2.874610] pci 0000:00:01.0: reg 0x18: [mem 0xfebf0000-0xfebf0fff]
[    2.907492] pci 0000:00:01.0: reg 0x30: [mem 0xfebe0000-0xfebeffff pref]
[    2.915610] pci 0000:00:01.0: calling  efifb_fixup_resources+0x0/0xf0 @ 1
[    2.917799] pci 0000:00:01.0: efifb_fixup_resources+0x0/0xf0 took 976 usecs
[    2.950006] pci 0000:00:1f.0: [8086:2918] type 00 class 0x060100
[    2.958359] pci 0000:00:1f.0: calling  quirk_ich7_lpc+0x0/0x60 @ 1
[    2.960296] pci 0000:00:1f.0: quirk: [io  0x0600-0x067f] claimed by ICH6 ACPI/GPIO/TCO
[    2.961291] pci 0000:00:1f.0: quirk_ich7_lpc+0x0/0x60 took 1953 usecs
[    2.962610] pci 0000:00:1f.0: calling  quirk_igfx_skip_te_disable+0x0/0x80 @ 1
[    2.963832] pci 0000:00:1f.0: quirk_igfx_skip_te_disable+0x0/0x80 took 0 usecs
[    2.974610] pci 0000:00:1f.2: [8086:2922] type 00 class 0x010601
[    2.986620] pci 0000:00:1f.2: reg 0x20: [io  0xc040-0xc05f]
[    2.989620] pci 0000:00:1f.2: reg 0x24: [mem 0xfebf1000-0xfebf1fff]
[    2.992228] pci 0000:00:1f.2: calling  quirk_igfx_skip_te_disable+0x0/0x80 @ 1
[    2.992629] pci 0000:00:1f.2: quirk_igfx_skip_te_disable+0x0/0x80 took 0 usecs
[    2.998617] pci 0000:00:1f.3: [8086:2930] type 00 class 0x0c0500
[    3.006114] pci 0000:00:1f.3: reg 0x20: [io  0x0700-0x073f]
[    3.009415] pci 0000:00:1f.3: calling  quirk_igfx_skip_te_disable+0x0/0x80 @ 1
[    3.010624] pci 0000:00:1f.3: quirk_igfx_skip_te_disable+0x0/0x80 took 0 usecs
[    3.034614] ACPI: PCI Interrupt Link [LNKA] (IRQs 5 *10 11)
[    3.036920] ACPI: PCI Interrupt Link [LNKB] (IRQs 5 *10 11)
[    3.038904] ACPI: PCI Interrupt Link [LNKC] (IRQs 5 10 *11)
[    3.040024] ACPI: PCI Interrupt Link [LNKD] (IRQs 5 10 *11)
[    3.042009] ACPI: PCI Interrupt Link [LNKE] (IRQs 5 *10 11)
[    3.043351] ACPI: PCI Interrupt Link [LNKF] (IRQs 5 *10 11)
[    3.044734] ACPI: PCI Interrupt Link [LNKG] (IRQs 5 10 *11)
[    3.046745] ACPI: PCI Interrupt Link [LNKH] (IRQs 5 10 *11)
[    3.047810] ACPI: PCI Interrupt Link [GSIA] (IRQs *16)
[    3.048908] ACPI: PCI Interrupt Link [GSIB] (IRQs *17)
[    3.049632] ACPI: PCI Interrupt Link [GSIC] (IRQs *18)
[    3.050739] ACPI: PCI Interrupt Link [GSID] (IRQs *19)
[    3.051628] ACPI: PCI Interrupt Link [GSIE] (IRQs *20)
[    3.052792] ACPI: PCI Interrupt Link [GSIF] (IRQs *21)
[    3.053627] ACPI: PCI Interrupt Link [GSIG] (IRQs *22)
[    3.055691] ACPI: PCI Interrupt Link [GSIH] (IRQs *23)
[    3.064434] initcall acpi_init+0x0/0x319 returned 0 after 315429 usecs
[    3.064811] calling  pnp_init+0x0/0xc @ 1
[    3.065783] initcall pnp_init+0x0/0xc returned 0 after 0 usecs
[    3.066620] calling  misc_init+0x0/0xbf @ 1
[    3.068178] initcall misc_init+0x0/0xbf returned 0 after 0 usecs
[    3.068618] calling  iommu_subsys_init+0x0/0x4e @ 1
[    3.069774] iommu: Default domain type: Translated 
[    3.070618] initcall iommu_subsys_init+0x0/0x4e returned 0 after 976 usecs
[    3.071618] calling  vga_arb_device_init+0x0/0x261 @ 1
[    3.076195] pci 0000:00:01.0: vgaarb: setting as boot VGA device
[    3.076610] pci 0000:00:01.0: vgaarb: VGA device added: decodes=io+mem,owns=io+mem,locks=none
[    3.092623] pci 0000:00:01.0: vgaarb: bridge control possible
[    3.099615] vgaarb: loaded
[    3.102622] initcall vga_arb_device_init+0x0/0x261 returned 0 after 29296 usecs
[    3.110659] calling  cn_init+0x0/0xf0 @ 1
[    3.116235] initcall cn_init+0x0/0xf0 returned 0 after 0 usecs
[    3.122619] calling  dma_buf_init+0x0/0xad @ 1
[    3.128637] initcall dma_buf_init+0x0/0xad returned 0 after 976 usecs
[    3.137617] calling  init_scsi+0x0/0x79 @ 1
[    3.142958] SCSI subsystem initialized
[    3.146620] initcall init_scsi+0x0/0x79 returned 0 after 4882 usecs
[    3.154619] calling  ata_init+0x0/0x332 @ 1
[    3.161132] libata version 3.00 loaded.
[    3.165618] initcall ata_init+0x0/0x332 returned 0 after 5859 usecs
[    3.172617] calling  phy_init+0x0/0x250 @ 1
[    3.178281] initcall phy_init+0x0/0x250 returned 0 after 0 usecs
[    3.184618] calling  init_pcmcia_cs+0x0/0x35 @ 1
[    3.188623] initcall init_pcmcia_cs+0x0/0x35 returned 0 after 0 usecs
[    3.196618] calling  usb_common_init+0x0/0x1c @ 1
[    3.201626] initcall usb_common_init+0x0/0x1c returned 0 after 0 usecs
[    3.209623] calling  usb_init+0x0/0x12e @ 1
[    3.215758] ACPI: bus type USB registered
[    3.222157] usbcore: registered new interface driver usbfs
[    3.230022] usbcore: registered new interface driver hub
[    3.238656] usbcore: registered new device driver usb
[    3.244628] initcall usb_init+0x0/0x12e returned 0 after 28320 usecs
[    3.253627] calling  serio_init+0x0/0x29 @ 1
[    3.259624] initcall serio_init+0x0/0x29 returned 0 after 0 usecs
[    3.269631] calling  input_init+0x0/0xf6 @ 1
[    3.276871] initcall input_init+0x0/0xf6 returned 0 after 0 usecs
[    3.286630] calling  rtc_init+0x0/0x4d @ 1
[    3.291749] initcall rtc_init+0x0/0x4d returned 0 after 0 usecs
[    3.299620] calling  pps_init+0x0/0xa9 @ 1
[    3.304724] pps_core: LinuxPPS API ver. 1 registered
[    3.310651] pps_core: Software ver. 5.3.6 - Copyright 2005-2007 Rodolfo Giometti <giometti@linux.it>
[    3.320622] initcall pps_init+0x0/0xa9 returned 0 after 15625 usecs
[    3.329621] calling  ptp_init+0x0/0x98 @ 1
[    3.334637] PTP clock support registered
[    3.339622] initcall ptp_init+0x0/0x98 returned 0 after 4882 usecs
[    3.347624] calling  power_supply_class_init+0x0/0x3f @ 1
[    3.355101] initcall power_supply_class_init+0x0/0x3f returned 0 after 0 usecs
[    3.363625] calling  hwmon_init+0x0/0x104 @ 1
[    3.369653] initcall hwmon_init+0x0/0x104 returned 0 after 0 usecs
[    3.376618] calling  md_init+0x0/0x16b @ 1
[    3.383205] initcall md_init+0x0/0x16b returned 0 after 1953 usecs
[    3.390618] calling  leds_init+0x0/0x3b @ 1
[    3.395854] initcall leds_init+0x0/0x3b returned 0 after 0 usecs
[    3.403618] calling  dmi_init+0x0/0x113 @ 1
[    3.409774] initcall dmi_init+0x0/0x113 returned 0 after 0 usecs
[    3.416617] calling  efisubsys_init+0x0/0x4e7 @ 1
[    3.422675] initcall efisubsys_init+0x0/0x4e7 returned 0 after 0 usecs
[    3.430632] calling  nvmem_init+0x0/0xc @ 1
[    3.435751] initcall nvmem_init+0x0/0xc returned 0 after 0 usecs
[    3.442619] calling  init_soundcore+0x0/0x33 @ 1
[    3.448631] initcall init_soundcore+0x0/0x33 returned 0 after 0 usecs
[    3.456621] calling  alsa_sound_init+0x0/0x8f @ 1
[    3.463126] Advanced Linux Sound Architecture Driver Initialized.
[    3.471619] initcall alsa_sound_init+0x0/0x8f returned 0 after 8789 usecs
[    3.479754] calling  alsa_seq_device_init+0x0/0x71 @ 1
[    3.485780] initcall alsa_seq_device_init+0x0/0x71 returned 0 after 976 usecs
[    3.494618] calling  hda_bus_init+0x0/0xc @ 1
[    3.500699] initcall hda_bus_init+0x0/0xc returned 0 after 0 usecs
[    3.508618] calling  proto_init+0x0/0xc @ 1
[    3.512989] initcall proto_init+0x0/0xc returned 0 after 0 usecs
[    3.521617] calling  net_dev_init+0x0/0x209 @ 1
[    3.533017] initcall net_dev_init+0x0/0x209 returned 0 after 4882 usecs
[    3.542620] calling  neigh_init+0x0/0x84 @ 1
[    3.547621] initcall neigh_init+0x0/0x84 returned 0 after 0 usecs
[    3.555619] calling  fib_notifier_init+0x0/0xc @ 1
[    3.562621] initcall fib_notifier_init+0x0/0xc returned 0 after 0 usecs
[    3.570619] calling  fib_rules_init+0x0/0xab @ 1
[    3.576839] initcall fib_rules_init+0x0/0xab returned 0 after 0 usecs
[    3.585618] calling  pktsched_init+0x0/0x10e @ 1
[    3.591953] initcall pktsched_init+0x0/0x10e returned 0 after 0 usecs
[    3.599620] calling  tc_filter_init+0x0/0xfa @ 1
[    3.605620] initcall tc_filter_init+0x0/0xfa returned 0 after 1953 usecs
[    3.607619] calling  tc_action_init+0x0/0x54 @ 1
[    3.612621] initcall tc_action_init+0x0/0x54 returned 0 after 0 usecs
[    3.619622] calling  ethnl_init+0x0/0x52 @ 1
[    3.629623] initcall ethnl_init+0x0/0x52 returned 0 after 2929 usecs
[    3.637625] calling  nexthop_init+0x0/0xd8 @ 1
[    3.643954] initcall nexthop_init+0x0/0xd8 returned 0 after 1953 usecs
[    3.651625] calling  cipso_v4_init+0x0/0x5d @ 1
[    3.657624] initcall cipso_v4_init+0x0/0x5d returned 0 after 1953 usecs
[    3.664626] calling  ieee80211_init+0x0/0x24 @ 1
[    3.671806] initcall ieee80211_init+0x0/0x24 returned 0 after 0 usecs
[    3.682628] calling  netlbl_init+0x0/0x78 @ 1
[    3.688885] NetLabel: Initializing
[    3.692617] NetLabel:  domain hash size = 128
[    3.700634] NetLabel:  protocols = UNLABELED CIPSOv4 CALIPSO
[    3.708823] NetLabel:  unlabeled traffic allowed by default
[    3.715626] initcall netlbl_init+0x0/0x78 returned 0 after 26367 usecs
[    3.722623] calling  rfkill_init+0x0/0x111 @ 1
[    3.732387] initcall rfkill_init+0x0/0x111 returned 0 after 2929 usecs
[    3.743622] calling  pci_subsys_init+0x0/0x66 @ 1
[    3.750615] PCI: Using ACPI for IRQ routing
[    4.518830] PCI: pci_cache_line_size set to 64 bytes
[    4.527198] e820: reserve RAM buffer [mem 0x0009fc00-0x0009ffff]
[    4.534662] e820: reserve RAM buffer [mem 0x1ffdf000-0x1fffffff]
[    4.542209] initcall pci_subsys_init+0x0/0x66 returned 0 after 774414 usecs
[    4.553332] calling  nmi_warning_debugfs+0x0/0x26 @ 1
[    4.560286] initcall nmi_warning_debugfs+0x0/0x26 returned 0 after 976 usecs
[    4.568619] calling  save_microcode_in_initrd+0x0/0x51 @ 1
[    4.575853] initcall save_microcode_in_initrd+0x0/0x51 returned 0 after 0 usecs
[    4.584635] calling  hpet_late_init+0x0/0x207 @ 1
[    4.591180] hpet: 3 channels of 0 reserved for per-cpu timers
[    4.598903] hpet0: at MMIO 0xfed00000, IRQs 2, 8, 0
[    4.604616] hpet0: 3 comparators, 64-bit 100.000000 MHz counter
[    4.618619] initcall hpet_late_init+0x0/0x207 returned 0 after 27343 usecs
[    4.626619] calling  init_amd_nbs+0x0/0x11c @ 1
[    4.632854] initcall init_amd_nbs+0x0/0x11c returned 0 after 0 usecs
[    4.640656] calling  clocksource_done_booting+0x0/0x41 @ 1
[    4.649201] clocksource: Switched to clocksource kvm-clock
[    4.656423] initcall clocksource_done_booting+0x0/0x41 returned 0 after 9578 usecs
[    4.657197] calling  tracer_init_tracefs+0x0/0x242 @ 1
[    4.657197] initcall tracer_init_tracefs+0x0/0x242 returned 0 after 171095 usecs
[    4.657197] calling  init_trace_printk_function_export+0x0/0x2c @ 1
[    4.657197] initcall init_trace_printk_function_export+0x0/0x2c returned 0 after 9 usecs
[    4.657197] calling  init_kprobe_trace+0x0/0x1a9 @ 1
[    4.657197] initcall init_kprobe_trace+0x0/0x1a9 returned 0 after 28 usecs
[    4.657197] calling  init_dynamic_event+0x0/0x3d @ 1
[    4.657197] initcall init_dynamic_event+0x0/0x3d returned 0 after 8 usecs
[    4.657197] calling  init_uprobe_trace+0x0/0x5c @ 1
[    4.657197] initcall init_uprobe_trace+0x0/0x5c returned 0 after 49 usecs
[    4.657197] calling  init_pipe_fs+0x0/0x44 @ 1
[    4.657197] initcall init_pipe_fs+0x0/0x44 returned 0 after 434 usecs
[    4.657197] calling  inotify_user_setup+0x0/0x47 @ 1
[    4.657197] initcall inotify_user_setup+0x0/0x47 returned 0 after 206 usecs
[    4.657197] calling  eventpoll_init+0x0/0xd4 @ 1
[    4.657197] initcall eventpoll_init+0x0/0xd4 returned 0 after 72 usecs
[    4.657197] calling  anon_inode_init+0x0/0x58 @ 1
[    4.657197] initcall anon_inode_init+0x0/0x58 returned 0 after 70 usecs
[    4.657197] calling  proc_locks_init+0x0/0x27 @ 1
[    4.657197] initcall proc_locks_init+0x0/0x27 returned 0 after 102 usecs
[    4.657197] calling  iomap_init+0x0/0x1b @ 1
[    4.657197] initcall iomap_init+0x0/0x1b returned 0 after 1704 usecs
[    4.657197] calling  dquot_init+0x0/0x106 @ 1
[    4.657197] VFS: Disk quotas dquot_6.6.0
[    4.657197] VFS: Dquot-cache hash table entries: 512 (order 0, 4096 bytes)
[    4.657197] initcall dquot_init+0x0/0x106 returned 0 after 12281 usecs
[    4.657197] calling  quota_init+0x0/0x23 @ 1
[    4.657197] initcall quota_init+0x0/0x23 returned 0 after 374 usecs
[    4.657197] calling  proc_cmdline_init+0x0/0x21 @ 1
[    4.657197] initcall proc_cmdline_init+0x0/0x21 returned 0 after 22 usecs
[    4.657197] calling  proc_consoles_init+0x0/0x24 @ 1
[    4.657197] initcall proc_consoles_init+0x0/0x24 returned 0 after 38 usecs
[    4.657197] calling  proc_cpuinfo_init+0x0/0x1e @ 1
[    4.657197] initcall proc_cpuinfo_init+0x0/0x1e returned 0 after 4 usecs
[    4.657197] calling  proc_devices_init+0x0/0x24 @ 1
[    4.657197] initcall proc_devices_init+0x0/0x24 returned 0 after 67 usecs
[    4.657197] calling  proc_interrupts_init+0x0/0x24 @ 1
[    4.657197] initcall proc_interrupts_init+0x0/0x24 returned 0 after 3 usecs
[    4.657197] calling  proc_loadavg_init+0x0/0x21 @ 1
[    4.657197] initcall proc_loadavg_init+0x0/0x21 returned 0 after 3 usecs
[    4.657197] calling  proc_meminfo_init+0x0/0x21 @ 1
[    4.657197] initcall proc_meminfo_init+0x0/0x21 returned 0 after 3 usecs
[    4.657197] calling  proc_stat_init+0x0/0x1e @ 1
[    4.657197] initcall proc_stat_init+0x0/0x1e returned 0 after 3 usecs
[    5.145931] calling  proc_uptime_init+0x0/0x21 @ 1
[    5.145931] initcall proc_uptime_init+0x0/0x21 returned 0 after 6 usecs
[    5.145931] calling  proc_version_init+0x0/0x21 @ 1
[    5.145931] initcall proc_version_init+0x0/0x21 returned 0 after 2 usecs
[    5.145931] calling  proc_softirqs_init+0x0/0x21 @ 1
[    5.145931] initcall proc_softirqs_init+0x0/0x21 returned 0 after 2 usecs
[    5.145931] calling  proc_kcore_init+0x0/0xea @ 1
[    5.145931] initcall proc_kcore_init+0x0/0xea returned 0 after 87 usecs
[    5.145931] calling  vmcore_init+0x0/0x578 @ 1
[    5.145931] initcall vmcore_init+0x0/0x578 returned 0 after 23 usecs
[    5.145931] calling  proc_kmsg_init+0x0/0x21 @ 1
[    5.145931] initcall proc_kmsg_init+0x0/0x21 returned 0 after 5 usecs
[    5.145931] calling  proc_page_init+0x0/0x3b @ 1
[    5.145931] initcall proc_page_init+0x0/0x3b returned 0 after 4 usecs
[    5.145931] calling  init_ramfs_fs+0x0/0xc @ 1
[    5.145931] initcall init_ramfs_fs+0x0/0xc returned 0 after 131 usecs
[    5.145931] calling  init_hugetlbfs_fs+0x0/0xf6 @ 1
[    5.145931] initcall init_hugetlbfs_fs+0x0/0xf6 returned 0 after 294 usecs
[    5.145931] calling  blk_scsi_ioctl_init+0x0/0x2a5 @ 1
[    5.145931] initcall blk_scsi_ioctl_init+0x0/0x2a5 returned 0 after 235 usecs
[    5.145931] calling  acpi_event_init+0x0/0x2c @ 1
[    5.145931] initcall acpi_event_init+0x0/0x2c returned 0 after 96 usecs
[    5.145931] calling  pnp_system_init+0x0/0xc @ 1
[    5.145931] initcall pnp_system_init+0x0/0xc returned 0 after 605 usecs
[    5.145931] calling  pnpacpi_init+0x0/0x69 @ 1
[    5.145931] pnp: PnP ACPI init
[    5.145931] pnp 00:00: Plug and Play ACPI device, IDs PNP0303 (active)
[    5.145931] pnp 00:01: Plug and Play ACPI device, IDs PNP0f13 (active)
[    5.145931] pnp 00:02: Plug and Play ACPI device, IDs PNP0400 (active)
[    5.145931] pnp 00:03: Plug and Play ACPI device, IDs PNP0501 (active)
[    5.145931] pnp 00:04: Plug and Play ACPI device, IDs PNP0b00 (active)
[    5.145931] system 00:05: [mem 0xb0000000-0xbfffffff window] has been reserved
[    5.145931] system 00:05: Plug and Play ACPI device, IDs PNP0c01 (active)
[    5.145931] pnp: PnP ACPI: found 6 devices
[    5.145931] initcall pnpacpi_init+0x0/0x69 returned 0 after 68952 usecs
[    5.145931] calling  chr_dev_init+0x0/0x14d @ 1
[    5.447551] initcall chr_dev_init+0x0/0x14d returned 0 after 53989 usecs
[    5.455258] calling  firmware_class_init+0x0/0xe7 @ 1
[    5.461152] initcall firmware_class_init+0x0/0xe7 returned 0 after 132 usecs
[    5.469040] calling  init_pcmcia_bus+0x0/0x5b @ 1
[    5.474889] initcall init_pcmcia_bus+0x0/0x5b returned 0 after 295 usecs
[    5.482836] calling  init_acpi_pm_clocksource+0x0/0xda @ 1
[    5.495738] clocksource: acpi_pm: mask: 0xffffff max_cycles: 0xffffff, max_idle_ns: 2085701024 ns
[    5.506433] initcall init_acpi_pm_clocksource+0x0/0xda returned 0 after 16747 usecs
[    5.515148] calling  sysctl_core_init+0x0/0x26 @ 1
[    5.520893] initcall sysctl_core_init+0x0/0x26 returned 0 after 263 usecs
[    5.528486] calling  eth_offload_init+0x0/0x13 @ 1
[    5.534042] initcall eth_offload_init+0x0/0x13 returned 0 after 18 usecs
[    5.541661] calling  ipv4_offload_init+0x0/0x73 @ 1
[    5.547385] initcall ipv4_offload_init+0x0/0x73 returned 0 after 140 usecs
[    5.555051] calling  inet_init+0x0/0x276 @ 1
[    5.560069] NET: Registered protocol family 2
[    5.566261] IP idents hash table entries: 8192 (order: 4, 65536 bytes, linear)
[    5.577327] tcp_listen_portaddr_hash hash table entries: 256 (order: 0, 4096 bytes, linear)
[    5.586716] TCP established hash table entries: 4096 (order: 3, 32768 bytes, linear)
[    5.595803] TCP bind hash table entries: 4096 (order: 4, 65536 bytes, linear)
[    5.604471] TCP: Hash tables configured (established 4096 bind 4096)
[    5.615360] UDP hash table entries: 256 (order: 1, 8192 bytes, linear)
[    5.622896] UDP-Lite hash table entries: 256 (order: 1, 8192 bytes, linear)
[    5.630961] initcall inet_init+0x0/0x276 returned 0 after 69354 usecs
[    5.638285] calling  af_unix_init+0x0/0x4d @ 1
[    5.643376] NET: Registered protocol family 1
[    5.648550] initcall af_unix_init+0x0/0x4d returned 0 after 5053 usecs
[    5.655862] calling  ipv6_offload_init+0x0/0x7e @ 1
[    5.661601] initcall ipv6_offload_init+0x0/0x7e returned 0 after 119 usecs
[    5.670998] calling  init_sunrpc+0x0/0x65 @ 1
[    5.681694] RPC: Registered named UNIX socket transport module.
[    5.689400] RPC: Registered udp transport module.
[    5.695032] RPC: Registered tcp transport module.
[    5.700660] RPC: Registered tcp NFSv4.1 backchannel transport module.
[    5.708422] initcall init_sunrpc+0x0/0x65 returned 0 after 31440 usecs
[    5.716111] calling  cfg80211_init+0x0/0xc5 @ 1
[    5.729325] initcall cfg80211_init+0x0/0xc5 returned 0 after 7690 usecs
[    5.729711] calling  pcibios_assign_resources+0x0/0xbf @ 1
[    5.729711] pci_bus 0000:00: resource 4 [io  0x0000-0x0cf7 window]
[    5.729711] pci_bus 0000:00: resource 5 [io  0x0d00-0xffff window]
[    5.729711] pci_bus 0000:00: resource 6 [mem 0x000a0000-0x000bffff window]
[    5.729711] pci_bus 0000:00: resource 7 [mem 0x20000000-0xafffffff window]
[    5.729711] pci_bus 0000:00: resource 8 [mem 0xc0000000-0xfebfffff window]
[    5.729711] pci_bus 0000:00: resource 9 [mem 0x100000000-0x8ffffffff window]
[    5.729711] initcall pcibios_assign_resources+0x0/0xbf returned 0 after 53351 usecs
[    5.729711] calling  pci_apply_final_quirks+0x0/0x124 @ 1
[    5.729711] pci 0000:00:01.0: calling  pci_fixup_video+0x0/0xe0 @ 1
[    5.729711] pci 0000:00:01.0: Video device with shadowed ROM at [mem 0x000c0000-0x000dffff]
[    5.729711] pci 0000:00:01.0: pci_fixup_video+0x0/0xe0 took 12026 usecs
[    5.729711] PCI: CLS 0 bytes, default 64
[    5.729711] initcall pci_apply_final_quirks+0x0/0x124 returned 0 after 35265 usecs
[    5.729711] calling  acpi_reserve_resources+0x0/0xea @ 1
[    5.729711] initcall acpi_reserve_resources+0x0/0xea returned 0 after 126 usecs
[    5.729711] calling  populate_rootfs+0x0/0x102 @ 1
[    5.880740] initcall populate_rootfs+0x0/0x102 returned 0 after 1510 usecs
[    5.880740] calling  pci_iommu_init+0x0/0x3e @ 1
[    5.880740] initcall pci_iommu_init+0x0/0x3e returned 0 after 45 usecs
[    5.880740] calling  ia32_binfmt_init+0x0/0x13 @ 1
[    5.880740] initcall ia32_binfmt_init+0x0/0x13 returned 0 after 104 usecs
[    5.880740] calling  rapl_pmu_init+0x0/0x267 @ 1
[    5.880740] initcall rapl_pmu_init+0x0/0x267 returned -19 after 102 usecs
[    5.880740] calling  amd_uncore_init+0x0/0x310 @ 1
[    5.880740] initcall amd_uncore_init+0x0/0x310 returned -19 after 0 usecs
[    5.880740] calling  amd_ibs_init+0x0/0x243 @ 1
[    5.880740] initcall amd_ibs_init+0x0/0x243 returned -19 after 0 usecs
[    5.880740] calling  amd_iommu_pc_init+0x0/0x215 @ 1
[    5.880740] initcall amd_iommu_pc_init+0x0/0x215 returned -19 after 34 usecs
[    5.880740] calling  msr_init+0x0/0x55 @ 1
[    5.880740] initcall msr_init+0x0/0x55 returned 0 after 102 usecs
[    5.880740] calling  intel_uncore_init+0x0/0x36f @ 1
[    5.880740] initcall intel_uncore_init+0x0/0x36f returned -19 after 270 usecs
[    5.880740] calling  cstate_pmu_init+0x0/0x1a1 @ 1
[    5.880740] initcall cstate_pmu_init+0x0/0x1a1 returned -19 after 0 usecs
[    5.880740] calling  register_kernel_offset_dumper+0x0/0x1a @ 1
[    5.880740] initcall register_kernel_offset_dumper+0x0/0x1a returned 0 after 1 usecs
[    5.880740] calling  i8259A_init_ops+0x0/0x20 @ 1
[    5.880740] initcall i8259A_init_ops+0x0/0x20 returned 0 after 1 usecs
[    5.880740] calling  init_tsc_clocksource+0x0/0xa4 @ 1
[    6.041071] clocksource: tsc: mask: 0xffffffffffffffff max_cycles: 0x39a85afc727, max_idle_ns: 881590685098 ns
[    6.052279] initcall init_tsc_clocksource+0x0/0xa4 returned 0 after 10944 usecs
[    6.060414] calling  add_rtc_cmos+0x0/0xb0 @ 1
[    6.065599] initcall add_rtc_cmos+0x0/0xb0 returned 0 after 148 usecs
[    6.072839] calling  i8237A_init_ops+0x0/0x3a @ 1
[    6.078250] initcall i8237A_init_ops+0x0/0x3a returned 0 after 46 usecs
[    6.085815] calling  umwait_init+0x0/0x94 @ 1
[    6.090850] initcall umwait_init+0x0/0x94 returned -19 after 82 usecs
[    6.100583] calling  thermal_throttle_init_device+0x0/0x3d @ 1
[    6.107213] initcall thermal_throttle_init_device+0x0/0x3d returned 0 after 99 usecs
[    6.115897] calling  msr_init+0x0/0xd7 @ 1
[    6.135355] initcall msr_init+0x0/0xd7 returned 0 after 14434 usecs
[    6.148221] calling  cpuid_init+0x0/0xd7 @ 1
[    6.169198] initcall cpuid_init+0x0/0xd7 returned 0 after 15450 usecs
[    6.176981] calling  ioapic_init_ops+0x0/0x13 @ 1
[    6.182754] initcall ioapic_init_ops+0x0/0x13 returned 0 after 145 usecs
[    6.190971] calling  add_pcspkr+0x0/0x6c @ 1
[    6.197860] initcall add_pcspkr+0x0/0x6c returned 0 after 719 usecs
[    6.207245] calling  start_periodic_check_for_corruption+0x0/0x30 @ 1
[    6.216692] check: Scanning for low memory corruption every 60 seconds
[    6.226401] initcall start_periodic_check_for_corruption+0x0/0x30 returned 0 after 9568 usecs
[    6.238945] calling  sysfb_init+0x0/0x9c @ 1
[    6.245092] initcall sysfb_init+0x0/0x9c returned 0 after 143 usecs
[    6.252520] calling  audit_classes_init+0x0/0xae @ 1
[    6.258413] initcall audit_classes_init+0x0/0xae returned 0 after 158 usecs
[    6.266326] calling  iosf_mbi_init+0x0/0x24 @ 1
[    6.272284] initcall iosf_mbi_init+0x0/0x24 returned 0 after 436 usecs
[    6.279831] calling  proc_execdomains_init+0x0/0x21 @ 1
[    6.286101] initcall proc_execdomains_init+0x0/0x21 returned 0 after 198 usecs
[    6.294506] calling  register_warn_debugfs+0x0/0x23 @ 1
[    6.301024] initcall register_warn_debugfs+0x0/0x23 returned 0 after 283 usecs
[    6.309518] calling  cpuhp_sysfs_init+0x0/0x79 @ 1
[    6.315385] initcall cpuhp_sysfs_init+0x0/0x79 returned 0 after 291 usecs
[    6.323174] calling  ioresources_init+0x0/0x49 @ 1
[    6.328790] initcall ioresources_init+0x0/0x49 returned 0 after 5 usecs
[    6.336278] calling  snapshot_device_init+0x0/0xc @ 1
[    6.345601] initcall snapshot_device_init+0x0/0xc returned 0 after 3308 usecs
[    6.353975] calling  irq_pm_init_ops+0x0/0x13 @ 1
[    6.354888] initcall irq_pm_init_ops+0x0/0x13 returned 0 after 68 usecs
[    6.354888] calling  rcu_torture_init+0x0/0x9a6 @ 1
[    6.354888] rcu-torture:--- Start of test: nreaders=7 nfakewriters=4 stat_interval=15 verbose=1 test_no_idle_hz=1 shuffle_interval=3 stutter=5 irqreader=1 fqs_duration=0 fqs_holdoff=0 fqs_stutter=3 test_boost=1/0 test_boost_interval=7 test_boost_duration=4 shutdown_secs=1800 stall_cpu=0 stall_cpu_holdoff=10 stall_cpu_irqsoff=0 stall_cpu_block=0 n_barrier_cbs=4 onoff_interval=1000 onoff_holdoff=30 read_exit_delay=13 read_exit_burst=16
[    6.354888] rcu:  Start-test grace-period state: g-1104 f0x0
[    6.354888] rcu-torture: Creating rcu_torture_writer task
[    6.438215] rcu-torture: Creating rcu_torture_fakewriter task
[    6.438262] rcu-torture: rcu_torture_writer task started
[    6.454371] rcu-torture: GP expediting controlled from boot/sysfs for rcu.
[    6.464266] rcu_torture_writer: Testing conditional GPs.
[    6.471960] rcu_torture_writer: Testing expedited GPs.
[    6.479468] rcu_torture_writer: Testing asynchronous GPs.
[    6.487460] rcu_torture_writer: Testing normal GPs.
[    6.495599] rcu-torture: Creating rcu_torture_fakewriter task
[    6.495634] rcu-torture: rcu_torture_fakewriter task started
[    6.511536] rcu-torture: Creating rcu_torture_fakewriter task
[    6.511787] rcu-torture: rcu_torture_fakewriter task started
[    6.527971] rcu-torture: Creating rcu_torture_fakewriter task
[    6.528498] rcu-torture: rcu_torture_fakewriter task started
[    6.545122] rcu-torture: Creating rcu_torture_reader task
[    6.545143] rcu-torture: rcu_torture_fakewriter task started
[    6.560365] rcu-torture: Creating rcu_torture_reader task
[    6.560390] rcu-torture: rcu_torture_reader task started
[    6.578544] rcu-torture: Creating rcu_torture_reader task
[    6.578574] rcu-torture: rcu_torture_reader task started
[    6.601208] rcu-torture: Creating rcu_torture_reader task
[    6.601313] rcu-torture: rcu_torture_reader task started
[    6.620057] rcu-torture: Creating rcu_torture_reader task
[    6.620082] rcu-torture: rcu_torture_reader task started
[    6.646034] rcu-torture: Creating rcu_torture_reader task
[    6.646048] rcu-torture: rcu_torture_reader task started
[    6.675544] rcu-torture: Creating rcu_torture_reader task
[    6.675560] rcu-torture: rcu_torture_reader task started
[    6.690051] rcu-torture: Creating rcu_torture_stats task
[    6.690150] rcu-torture: rcu_torture_reader task started
[    6.735224] rcu-torture: Creating torture_shuffle task
[    6.735384] rcu-torture: rcu_torture_stats task started
[    6.769625] rcu-torture: Creating torture_stutter task
[    6.769637] rcu-torture: torture_shuffle task started
[    6.806359] rcu-torture: Creating torture_shutdown task
[    6.806361] rcu-torture: torture_stutter task started
[    6.823402] rcu-torture: Creating torture_onoff task
[    6.823427] rcu-torture: torture_shutdown task started
[    6.837257] rcu-torture:torture_shutdown task: 1799969 ms remaining
[    6.850555] rcu-torture: torture_onoff task started
[    6.851049] rcu-torture: Creating rcu_torture_fwd_prog task
[    6.858045] rcu-torture: torture_onoff begin holdoff
[    6.878280] rcu-torture: Creating rcu_torture_barrier_cbs task
[    6.878451] rcu-torture: rcu_torture_fwd_progress task started
[    6.896523] rcu-torture: Creating rcu_torture_barrier_cbs task
[    6.896554] rcu-torture: rcu_torture_barrier_cbs task started
[    6.914598] rcu-torture: Creating rcu_torture_barrier_cbs task
[    6.914630] rcu-torture: rcu_torture_barrier_cbs task started
[    6.931388] rcu-torture: Creating rcu_torture_barrier_cbs task
[    6.931418] rcu-torture: rcu_torture_barrier_cbs task started
[    6.949042] rcu-torture: Creating rcu_torture_barrier task
[    6.949075] rcu-torture: rcu_torture_barrier_cbs task started
[    6.964519] rcu-torture: Creating rcu_torture_read_exit task
[    6.964550] rcu-torture: rcu_torture_barrier task starting
[    6.980267] rcu-torture: rcu_torture_read_exit: Start of test
[    6.980340] initcall rcu_torture_init+0x0/0x9a6 returned 0 after 593180 usecs
[    6.980889] calling  timekeeping_init_ops+0x0/0x13 @ 1
[    6.980889] initcall timekeeping_init_ops+0x0/0x13 returned 0 after 59 usecs
[    6.980889] calling  init_clocksource_sysfs+0x0/0x23 @ 1
[    6.980889] initcall init_clocksource_sysfs+0x0/0x23 returned 0 after 353 usecs
[    6.980889] calling  init_timer_list_procfs+0x0/0x31 @ 1
[    6.980889] initcall init_timer_list_procfs+0x0/0x31 returned 0 after 21 usecs
[    6.980889] calling  alarmtimer_init+0x0/0xc7 @ 1
[    6.980889] initcall alarmtimer_init+0x0/0xc7 returned 0 after 292 usecs
[    6.980889] calling  init_posix_timers+0x0/0x29 @ 1
[    6.980889] initcall init_posix_timers+0x0/0x29 returned 0 after 57 usecs
[    6.980889] calling  clockevents_init_sysfs+0x0/0xbf @ 1
[    6.980889] initcall clockevents_init_sysfs+0x0/0xbf returned 0 after 470 usecs
[    6.980889] calling  proc_dma_init+0x0/0x21 @ 1
[    6.980889] initcall proc_dma_init+0x0/0x21 returned 0 after 19 usecs
[    6.980889] calling  proc_modules_init+0x0/0x1e @ 1
[    6.980889] initcall proc_modules_init+0x0/0x1e returned 0 after 24 usecs
[    6.980889] calling  kallsyms_init+0x0/0x21 @ 1
[    6.980889] initcall kallsyms_init+0x0/0x21 returned 0 after 5 usecs
[    6.980889] calling  pid_namespaces_init+0x0/0x2c @ 1
[    6.980889] initcall pid_namespaces_init+0x0/0x2c returned 0 after 137 usecs
[    6.980889] calling  audit_watch_init+0x0/0x37 @ 1
[    6.980889] initcall audit_watch_init+0x0/0x37 returned 0 after 404 usecs
[    6.980889] calling  audit_fsnotify_init+0x0/0x37 @ 1
[    6.980889] initcall audit_fsnotify_init+0x0/0x37 returned 0 after 1 usecs
[    6.980889] calling  audit_tree_init+0x0/0x6d @ 1
[    6.980889] initcall audit_tree_init+0x0/0x6d returned 0 after 5 usecs
[    6.980889] calling  seccomp_sysctl_init+0x0/0x2b @ 1
[    6.980889] initcall seccomp_sysctl_init+0x0/0x2b returned 0 after 57 usecs
[    6.980889] calling  utsname_sysctl_init+0x0/0x13 @ 1
[    6.980889] initcall utsname_sysctl_init+0x0/0x13 returned 0 after 144 usecs
[    6.980889] calling  init_tracepoints+0x0/0x27 @ 1
[    6.980889] initcall init_tracepoints+0x0/0x27 returned 0 after 34 usecs
[    6.980889] calling  init_blk_tracer+0x0/0x50 @ 1
[    6.980889] initcall init_blk_tracer+0x0/0x50 returned 0 after 626 usecs
[    6.980889] calling  perf_event_sysfs_init+0x0/0x81 @ 1
[    6.980889] initcall perf_event_sysfs_init+0x0/0x81 returned 0 after 1067 usecs
[    6.980889] calling  system_trusted_keyring_init+0x0/0x60 @ 1
[    7.302236] Initialise system trusted keyrings
[    7.312797] initcall system_trusted_keyring_init+0x0/0x60 returned 0 after 10307 usecs
[    7.322892] calling  kswapd_init+0x0/0x5c @ 1
[    7.329614] initcall kswapd_init+0x0/0x5c returned 0 after 604 usecs
[    7.338384] calling  extfrag_debug_init+0x0/0x54 @ 1
[    7.339040] initcall extfrag_debug_init+0x0/0x54 returned 0 after 24 usecs
[    7.339040] calling  mm_compute_batch_init+0x0/0x12 @ 1
[    7.339040] initcall mm_compute_batch_init+0x0/0x12 returned 0 after 1 usecs
[    7.339040] calling  slab_proc_init+0x0/0x21 @ 1
[    7.339040] initcall slab_proc_init+0x0/0x21 returned 0 after 112 usecs
[    7.385820] calling  workingset_init+0x0/0x8c @ 1
[    7.385820] workingset: timestamp_bits=56 max_order=17 bucket_order=0
[    7.385820] initcall workingset_init+0x0/0x8c returned 0 after 8925 usecs
[    7.385820] calling  proc_vmalloc_init+0x0/0x32 @ 1
[    7.385820] initcall proc_vmalloc_init+0x0/0x32 returned 0 after 199 usecs
[    7.385820] calling  procswaps_init+0x0/0x1e @ 1
[    7.385820] initcall procswaps_init+0x0/0x1e returned 0 after 64 usecs
[    7.385820] calling  slab_sysfs_init+0x0/0xea @ 1
[    7.385820] initcall slab_sysfs_init+0x0/0xea returned 0 after 7910 usecs
[    7.385820] calling  fcntl_init+0x0/0x29 @ 1
[    7.385820] initcall fcntl_init+0x0/0x29 returned 0 after 8 usecs
[    7.385820] calling  proc_filesystems_init+0x0/0x21 @ 1
[    7.385820] initcall proc_filesystems_init+0x0/0x21 returned 0 after 4 usecs
[    7.385820] calling  start_dirtytime_writeback+0x0/0x29 @ 1
[    7.385820] initcall start_dirtytime_writeback+0x0/0x29 returned 0 after 2 usecs
[    7.385820] calling  blkdev_init+0x0/0x1b @ 1
[    7.385820] initcall blkdev_init+0x0/0x1b returned 0 after 350 usecs
[    7.385820] calling  dio_init+0x0/0x2c @ 1
[    7.385820] initcall dio_init+0x0/0x2c returned 0 after 50 usecs
[    7.385820] calling  dnotify_init+0x0/0x78 @ 1
[    7.385820] initcall dnotify_init+0x0/0x78 returned 0 after 11 usecs
[    7.385820] calling  aio_setup+0x0/0x78 @ 1
[    7.385820] initcall aio_setup+0x0/0x78 returned 0 after 520 usecs
[    7.385820] calling  io_uring_init+0x0/0x2c @ 1
[    7.385820] initcall io_uring_init+0x0/0x2c returned 0 after 9 usecs
[    7.385820] calling  mbcache_init+0x0/0x30 @ 1
[    7.385820] initcall mbcache_init+0x0/0x30 returned 0 after 64 usecs
[    7.385820] calling  init_grace+0x0/0xc @ 1
[    7.385820] initcall init_grace+0x0/0xc returned 0 after 126 usecs
[    7.625161] calling  init_v2_quota_format+0x0/0x21 @ 1
[    7.632455] initcall init_v2_quota_format+0x0/0x21 returned 0 after 49 usecs
[    7.642390] calling  init_devpts_fs+0x0/0x27 @ 1
[    7.648926] initcall init_devpts_fs+0x0/0x27 returned 0 after 140 usecs
[    7.658265] calling  ext4_init_fs+0x0/0x1d0 @ 1
[    7.666327] initcall ext4_init_fs+0x0/0x1d0 returned 0 after 718 usecs
[    7.677097] calling  journal_init+0x0/0x11c @ 1
[    7.684541] initcall journal_init+0x0/0x11c returned 0 after 117 usecs
[    7.694614] calling  init_fat_fs+0x0/0x49 @ 1
[    7.701223] initcall init_fat_fs+0x0/0x49 returned 0 after 90 usecs
[    7.710143] calling  init_vfat_fs+0x0/0xc @ 1
[    7.716901] initcall init_vfat_fs+0x0/0xc returned 0 after 4 usecs
[    7.725828] calling  init_msdos_fs+0x0/0xc @ 1
[    7.732439] initcall init_msdos_fs+0x0/0xc returned 0 after 20 usecs
[    7.741771] calling  init_iso9660_fs+0x0/0x6c @ 1
[    7.748692] initcall init_iso9660_fs+0x0/0x6c returned 0 after 88 usecs
[    7.749752] calling  init_nfs_fs+0x0/0x13a @ 1
[    7.766675] initcall init_nfs_fs+0x0/0x13a returned 0 after 2738 usecs
[    7.766710] calling  init_nfs_v2+0x0/0x13 @ 1
[    7.766710] initcall init_nfs_v2+0x0/0x13 returned 0 after 212 usecs
[    7.766710] calling  init_nfs_v3+0x0/0x13 @ 1
[    7.766710] initcall init_nfs_v3+0x0/0x13 returned 0 after 29 usecs
[    7.766710] calling  init_nfs_v4+0x0/0x32 @ 1
[    7.766710] NFS: Registering the id_resolver key type
[    7.766710] Key type id_resolver registered
[    7.766710] Key type id_legacy registered
[    7.766710] initcall init_nfs_v4+0x0/0x32 returned 0 after 21106 usecs
[    7.766710] calling  init_nlm+0x0/0x5b @ 1
[    7.766710] initcall init_nlm+0x0/0x5b returned 0 after 2903 usecs
[    7.766710] calling  init_nls_cp437+0x0/0xe @ 1
[    7.766710] initcall init_nls_cp437+0x0/0xe returned 0 after 80 usecs
[    7.766710] calling  init_nls_ascii+0x0/0xe @ 1
[    7.766710] initcall init_nls_ascii+0x0/0xe returned 0 after 0 usecs
[    7.766710] calling  init_nls_iso8859_1+0x0/0xe @ 1
[    7.766710] initcall init_nls_iso8859_1+0x0/0xe returned 0 after 0 usecs
[    7.766710] calling  init_nls_utf8+0x0/0x21 @ 1
[    7.766710] initcall init_nls_utf8+0x0/0x21 returned 0 after 1 usecs
[    7.766710] calling  init_autofs_fs+0x0/0x25 @ 1
[    7.956173] initcall init_autofs_fs+0x0/0x25 returned 0 after 1709 usecs
[    7.966172] calling  ipc_init+0x0/0x24 @ 1
[    7.966881] initcall ipc_init+0x0/0x24 returned 0 after 89 usecs
[    7.966881] calling  ipc_sysctl_init+0x0/0x13 @ 1
[    7.966881] initcall ipc_sysctl_init+0x0/0x13 returned 0 after 55 usecs
[    7.966881] calling  init_mqueue_fs+0x0/0x9a @ 1
[    7.966881] initcall init_mqueue_fs+0x0/0x9a returned 0 after 425 usecs
[    7.966881] calling  key_proc_init+0x0/0x63 @ 1
[    7.966881] initcall key_proc_init+0x0/0x63 returned 0 after 22 usecs
[    7.966881] calling  selinux_nf_ip_init+0x0/0x2e @ 1
[    7.966881] initcall selinux_nf_ip_init+0x0/0x2e returned 0 after 38 usecs
[    7.966881] calling  init_sel_fs+0x0/0x116 @ 1
[    7.966881] initcall init_sel_fs+0x0/0x116 returned 0 after 0 usecs
[    7.966881] calling  selnl_init+0x0/0x7c @ 1
[    7.966881] initcall selnl_init+0x0/0x7c returned 0 after 247 usecs
[    7.966881] calling  sel_netif_init+0x0/0x36 @ 1
[    7.966881] initcall sel_netif_init+0x0/0x36 returned 0 after 0 usecs
[    7.966881] calling  sel_netnode_init+0x0/0x33 @ 1
[    7.966881] initcall sel_netnode_init+0x0/0x33 returned 0 after 0 usecs
[    7.966881] calling  sel_netport_init+0x0/0x33 @ 1
[    7.966881] initcall sel_netport_init+0x0/0x33 returned 0 after 0 usecs
[    7.966881] calling  aurule_init+0x0/0x2a @ 1
[    7.966881] initcall aurule_init+0x0/0x2a returned 0 after 1 usecs
[    7.966881] calling  crypto_algapi_init+0x0/0xc @ 1
[    7.966881] initcall crypto_algapi_init+0x0/0xc returned 0 after 5 usecs
[    7.966881] calling  jent_mod_init+0x0/0x2d @ 1
[    8.182935] cryptomgr_test (131) used greatest stack depth: 15184 bytes left
[    8.183275] initcall jent_mod_init+0x0/0x2d returned 0 after 12172 usecs
[    8.194913] calling  asymmetric_key_init+0x0/0xc @ 1
[    8.194913] Key type asymmetric registered
[    8.194913] initcall asymmetric_key_init+0x0/0xc returned 0 after 5990 usecs
[    8.194913] calling  x509_key_init+0x0/0xc @ 1
[    8.194913] Asymmetric key parser 'x509' registered
[    8.194913] initcall x509_key_init+0x0/0xc returned 0 after 8926 usecs
[    8.194913] calling  proc_genhd_init+0x0/0x41 @ 1
[    8.194913] initcall proc_genhd_init+0x0/0x41 returned 0 after 65 usecs
[    8.194913] calling  bsg_init+0x0/0x113 @ 1
[    8.279138] Block layer SCSI generic (bsg) driver version 0.4 loaded (major 251)
[    8.291788] initcall bsg_init+0x0/0x113 returned 0 after 12805 usecs
[    8.302153] calling  deadline_init+0x0/0xc @ 1
[    8.310050] io scheduler mq-deadline registered
[    8.317476] initcall deadline_init+0x0/0xc returned 0 after 7424 usecs
[    8.329073] calling  kyber_init+0x0/0xc @ 1
[    8.336914] io scheduler kyber registered
[    8.345497] initcall kyber_init+0x0/0xc returned 0 after 8406 usecs
[    8.357135] calling  mod_init+0x0/0x7 @ 1
[    8.364364] initcall mod_init+0x0/0x7 returned 0 after 0 usecs
[    8.374724] calling  percpu_counter_startup+0x0/0x55 @ 1
[    8.408196] initcall percpu_counter_startup+0x0/0x55 returned 0 after 23309 usecs
[    8.418836] calling  sg_pool_init+0x0/0xb4 @ 1
[    8.427741] initcall sg_pool_init+0x0/0xb4 returned 0 after 2123 usecs
[    8.438227] calling  pcie_portdrv_init+0x0/0x39 @ 1
[    8.446535] initcall pcie_portdrv_init+0x0/0x39 returned 0 after 436 usecs
[    8.457298] calling  pci_proc_init+0x0/0x68 @ 1
[    8.465101] initcall pci_proc_init+0x0/0x68 returned 0 after 160 usecs
[    8.477984] calling  pci_hotplug_init+0x0/0x7 @ 1
[    8.486356] initcall pci_hotplug_init+0x0/0x7 returned 0 after 0 usecs
[    8.497870] calling  efifb_driver_init+0x0/0xe @ 1
[    8.506415] initcall efifb_driver_init+0x0/0xe returned 0 after 57 usecs
[    8.517946] calling  ged_driver_init+0x0/0xe @ 1
[    8.526358] initcall ged_driver_init+0x0/0xe returned 0 after 311 usecs
[    8.537852] calling  acpi_ac_init+0x0/0x92 @ 1
[    8.550081] initcall acpi_ac_init+0x0/0x92 returned 0 after 2705 usecs
[    8.560462] calling  acpi_button_driver_init+0x0/0x52 @ 1
[    8.570910] input: Power Button as /devices/LNXSYSTM:00/LNXPWRBN:00/input/input0
[    8.585667] ACPI: Power Button [PWRF]
[    8.585896] initcall acpi_button_driver_init+0x0/0x52 returned 0 after 25224 usecs
[    8.585896] calling  acpi_fan_driver_init+0x0/0xe @ 1
[    8.617612] initcall acpi_fan_driver_init+0x0/0xe returned 0 after 47 usecs
[    8.630095] calling  acpi_video_init+0x0/0xcb @ 1
[    8.639127] initcall acpi_video_init+0x0/0xcb returned 0 after 226 usecs
[    8.651220] calling  acpi_processor_driver_init+0x0/0xad @ 1
[    8.667308] initcall acpi_processor_driver_init+0x0/0xad returned 0 after 5701 usecs
[    8.681858] calling  acpi_thermal_init+0x0/0x71 @ 1
[    8.691629] initcall acpi_thermal_init+0x0/0x71 returned 0 after 1107 usecs
[    8.704129] calling  acpi_battery_init+0x0/0x32 @ 1
[    8.713343] initcall acpi_battery_init+0x0/0x32 returned 0 after 245 usecs
[    8.725824] calling  bgrt_init+0x0/0xb6 @ 1
[    8.733686] initcall bgrt_init+0x0/0xb6 returned -19 after 0 usecs
[    8.744961] calling  gpio_clk_driver_init+0x0/0xe @ 1
[    8.754751] initcall gpio_clk_driver_init+0x0/0xe returned 0 after 164 usecs
[    8.767421] calling  plt_clk_driver_init+0x0/0xe @ 1
[    8.776307] initcall plt_clk_driver_init+0x0/0xe returned 0 after 22 usecs
[    8.788367] calling  virtio_pci_driver_init+0x0/0x15 @ 1
[    8.797897] initcall virtio_pci_driver_init+0x0/0x15 returned 0 after 283 usecs
[    8.810829] calling  n_null_init+0x0/0x1e @ 1
[    8.818887] initcall n_null_init+0x0/0x1e returned 0 after 197 usecs
[    8.829818] calling  pty_init+0x0/0x1e8 @ 1
[    8.838288] initcall pty_init+0x0/0x1e8 returned 0 after 1070 usecs
[    8.850341] calling  sysrq_init+0x0/0x62 @ 1
[    8.850961] initcall sysrq_init+0x0/0x62 returned 0 after 665 usecs
[    8.850961] calling  serial8250_init+0x0/0x17e @ 1
[    8.850961] Serial: 8250/16550 driver, 4 ports, IRQ sharing enabled
[    8.850961] 00:03: ttyS0 at I/O 0x3f8 (irq = 4, base_baud = 115200) is a 16550A
[    8.909649] initcall serial8250_init+0x0/0x17e returned 0 after 33627 usecs
[    8.922414] calling  serial_pci_driver_init+0x0/0x15 @ 1
[    8.922739] initcall serial_pci_driver_init+0x0/0x15 returned 0 after 361 usecs
[    8.922739] calling  exar_pci_driver_init+0x0/0x15 @ 1
[    8.922739] initcall exar_pci_driver_init+0x0/0x15 returned 0 after 26 usecs
[    8.922739] calling  lpss8250_pci_driver_init+0x0/0x15 @ 1
[    8.922739] initcall lpss8250_pci_driver_init+0x0/0x15 returned 0 after 84 usecs
[    8.922739] calling  mid8250_pci_driver_init+0x0/0x15 @ 1
[    8.922739] initcall mid8250_pci_driver_init+0x0/0x15 returned 0 after 16 usecs
[    8.922739] calling  virtio_console_init+0x0/0xff @ 1
[    8.922739] initcall virtio_console_init+0x0/0xff returned 0 after 83 usecs
[    8.922739] calling  hpet_init+0x0/0x64 @ 1
[    9.028229] initcall hpet_init+0x0/0x64 returned 0 after 2118 usecs
[    9.028750] calling  nvram_module_init+0x0/0x83 @ 1
[    9.046500] Non-volatile memory driver v1.3
[    9.053134] initcall nvram_module_init+0x0/0x83 returned 0 after 7446 usecs
[    9.053877] calling  hwrng_modinit+0x0/0x8a @ 1
[    9.071594] initcall hwrng_modinit+0x0/0x8a returned 0 after 1108 usecs
[    9.082182] calling  mod_init+0x0/0x48 @ 1
[    9.082839] initcall mod_init+0x0/0x48 returned -19 after 0 usecs
[    9.082839] calling  agp_init+0x0/0x23 @ 1
[    9.082839] Linux agpgart interface v0.103
[    9.082839] initcall agp_init+0x0/0x23 returned 0 after 6476 usecs
[    9.082839] calling  agp_amd64_mod_init+0x0/0x5 @ 1
[    9.082839] initcall agp_amd64_mod_init+0x0/0x5 returned -19 after 116 usecs
[    9.082839] calling  agp_intel_init+0x0/0x28 @ 1
[    9.082839] initcall agp_intel_init+0x0/0x28 returned 0 after 1683 usecs
[    9.082839] calling  drm_kms_helper_init+0x0/0x7 @ 1
[    9.082839] initcall drm_kms_helper_init+0x0/0x7 returned 0 after 258 usecs
[    9.082839] calling  drm_core_init+0x0/0xa4 @ 1
[    9.082839] initcall drm_core_init+0x0/0xa4 returned 0 after 664 usecs
[    9.082839] calling  i915_init+0x0/0x6b @ 1
[    9.082839] initcall i915_init+0x0/0x6b returned 0 after 895 usecs
[    9.082839] calling  cn_proc_init+0x0/0x35 @ 1
[    9.082839] initcall cn_proc_init+0x0/0x35 returned 0 after 2 usecs
[    9.082839] calling  topology_sysfs_init+0x0/0x27 @ 1
[    9.082839] initcall topology_sysfs_init+0x0/0x27 returned 0 after 483 usecs
[    9.082839] calling  cacheinfo_sysfs_init+0x0/0x27 @ 1
[    9.302395] initcall cacheinfo_sysfs_init+0x0/0x27 returned 0 after 38132 usecs
[    9.314013] calling  loop_init+0x0/0x168 @ 1
[    9.413600] loop: module loaded
[    9.418635] initcall loop_init+0x0/0x168 returned 0 after 95894 usecs
[    9.428849] calling  mac_hid_init+0x0/0x21 @ 1
[    9.436506] initcall mac_hid_init+0x0/0x21 returned 0 after 29 usecs
[    9.446411] calling  spi_transport_init+0x0/0x74 @ 1
[    9.455238] initcall spi_transport_init+0x0/0x74 returned 0 after 492 usecs
[    9.465958] calling  init_sd+0x0/0x18c @ 1
[    9.472426] initcall init_sd+0x0/0x18c returned 0 after 101 usecs
[    9.481526] calling  init_sr+0x0/0x43 @ 1
[    9.488243] initcall init_sr+0x0/0x43 returned 0 after 90 usecs
[    9.497806] calling  init_sg+0x0/0x1c0 @ 1
[    9.505383] initcall init_sg+0x0/0x1c0 returned 0 after 278 usecs
[    9.515946] calling  ahci_pci_driver_init+0x0/0x15 @ 1
[    9.526381] ahci 0000:00:1f.2: version 3.0
[    9.536123] PCI Interrupt Link [GSIA] enabled at IRQ 16
[    9.557008] ahci 0000:00:1f.2: AHCI 0001.0000 32 slots 6 ports 1.5 Gbps 0x3f impl SATA mode
[    9.571760] ahci 0000:00:1f.2: flags: 64bit ncq only 
[    9.611476] scsi host0: ahci
[    9.621614] scsi host1: ahci
[    9.629302] scsi host2: ahci
[    9.638010] scsi host3: ahci
[    9.646436] scsi host4: ahci
[    9.653519] scsi host5: ahci
[    9.659467] ata1: SATA max UDMA/133 abar m4096@0xfebf1000 port 0xfebf1100 irq 24
[    9.671133] ata2: SATA max UDMA/133 abar m4096@0xfebf1000 port 0xfebf1180 irq 24
[    9.683373] ata3: SATA max UDMA/133 abar m4096@0xfebf1000 port 0xfebf1200 irq 24
[    9.694830] ata4: SATA max UDMA/133 abar m4096@0xfebf1000 port 0xfebf1280 irq 24
[    9.706518] ata5: SATA max UDMA/133 abar m4096@0xfebf1000 port 0xfebf1300 irq 24
[    9.718579] ata6: SATA max UDMA/133 abar m4096@0xfebf1000 port 0xfebf1380 irq 24
[    9.730954] initcall ahci_pci_driver_init+0x0/0x15 returned 0 after 200728 usecs
[    9.742637] calling  piix_init+0x0/0x26 @ 1
[    9.750035] initcall piix_init+0x0/0x26 returned 0 after 222 usecs
[    9.760063] calling  amd_pci_driver_init+0x0/0x15 @ 1
[    9.768113] initcall amd_pci_driver_init+0x0/0x15 returned 0 after 23 usecs
[    9.779664] calling  oldpiix_pci_driver_init+0x0/0x15 @ 1
[    9.788945] initcall oldpiix_pci_driver_init+0x0/0x15 returned 0 after 115 usecs
[    9.801002] calling  sch_pci_driver_init+0x0/0x15 @ 1
[    9.809099] initcall sch_pci_driver_init+0x0/0x15 returned 0 after 54 usecs
[    9.819316] calling  net_olddevs_init+0x0/0x55 @ 1
[    9.827570] initcall net_olddevs_init+0x0/0x55 returned 0 after 1134 usecs
[    9.837963] calling  blackhole_netdev_init+0x0/0x78 @ 1
[    9.847318] initcall blackhole_netdev_init+0x0/0x78 returned 0 after 925 usecs
[    9.858831] calling  phy_module_init+0x0/0x13 @ 1
[    9.867066] initcall phy_module_init+0x0/0x13 returned 0 after 431 usecs
[    9.878253] calling  tg3_driver_init+0x0/0x15 @ 1
[    9.885498] initcall tg3_driver_init+0x0/0x15 returned 0 after 232 usecs
[    9.895918] calling  e100_init_module+0x0/0x4c @ 1
[    9.903422] e100: Intel(R) PRO/100 Network Driver
[    9.910835] e100: Copyright(c) 1999-2006 Intel Corporation
[    9.919424] initcall e100_init_module+0x0/0x4c returned 0 after 15741 usecs
[    9.929633] calling  e1000_init_module+0x0/0x72 @ 1
[    9.938491] e1000: Intel(R) PRO/1000 Network Driver
[    9.945833] e1000: Copyright (c) 1999-2006 Intel Corporation.
[    9.954837] initcall e1000_init_module+0x0/0x72 returned 0 after 16017 usecs
[    9.965362] calling  e1000_init_module+0x0/0x2d @ 1
[    9.973239] e1000e: Intel(R) PRO/1000 Network Driver
[    9.981025] e1000e: Copyright(c) 1999 - 2015 Intel Corporation.
[    9.990103] initcall e1000_init_module+0x0/0x2d returned 0 after 16535 usecs
[   10.000891] calling  sky2_init_module+0x0/0x21 @ 1
[   10.008044] sky2: driver version 1.30
[   10.014050] initcall sky2_init_module+0x0/0x21 returned 0 after 5862 usecs
[   10.025042] calling  forcedeth_pci_driver_init+0x0/0x15 @ 1
[   10.033779] initcall forcedeth_pci_driver_init+0x0/0x15 returned 0 after 26 usecs
[   10.044878] calling  rtl8139_init_module+0x0/0x15 @ 1
[   10.052927] initcall rtl8139_init_module+0x0/0x15 returned 0 after 66 usecs
[   10.063861] calling  rtl8169_pci_driver_init+0x0/0x15 @ 1
[   10.073642] initcall rtl8169_pci_driver_init+0x0/0x15 returned 0 after 57 usecs
[   10.085302] calling  cdrom_init+0x0/0xc @ 1
[   10.092042] initcall cdrom_init+0x0/0xc returned 0 after 110 usecs
[   10.102420] calling  nonstatic_sysfs_init+0x0/0xc @ 1
[   10.112239] initcall nonstatic_sysfs_init+0x0/0xc returned 0 after 30 usecs
[   10.123031] calling  yenta_cardbus_driver_init+0x0/0x15 @ 1
[   10.131764] initcall yenta_cardbus_driver_init+0x0/0x15 returned 0 after 291 usecs
[   10.142345] calling  mon_init+0x0/0x12d @ 1
[   10.154915] initcall mon_init+0x0/0x12d returned 0 after 6342 usecs
[   10.155335] calling  ehci_hcd_init+0x0/0x56 @ 1
[   10.155335] ehci_hcd: USB 2.0 'Enhanced' Host Controller (EHCI) Driver
[   10.155335] initcall ehci_hcd_init+0x0/0x56 returned 0 after 10187 usecs
[   10.155335] calling  ehci_pci_init+0x0/0x64 @ 1
[   10.155335] ehci-pci: EHCI PCI platform driver
[   10.155335] initcall ehci_pci_init+0x0/0x64 returned 0 after 6119 usecs
[   10.155335] calling  ohci_hcd_mod_init+0x0/0x4e @ 1
[   10.155335] ohci_hcd: USB 1.1 'Open' Host Controller (OHCI) Driver
[   10.155335] initcall ohci_hcd_mod_init+0x0/0x4e returned 0 after 8525 usecs
[   10.155335] calling  ohci_pci_init+0x0/0x64 @ 1
[   10.155335] ohci-pci: OHCI PCI platform driver
[   10.256322] initcall ohci_pci_init+0x0/0x64 returned 0 after 9624 usecs
[   10.267348] calling  uhci_hcd_init+0x0/0xa8 @ 1
[   10.275247] uhci_hcd: USB Universal Host Controller Interface driver
[   10.287050] initcall uhci_hcd_init+0x0/0xa8 returned 0 after 11523 usecs
[   10.298056] calling  xhci_hcd_init+0x0/0x1e @ 1
[   10.305513] initcall xhci_hcd_init+0x0/0x1e returned 0 after 272 usecs
[   10.314150] calling  xhci_pci_init+0x0/0x49 @ 1
[   10.320556] initcall xhci_pci_init+0x0/0x49 returned 0 after 256 usecs
[   10.330425] calling  usblp_driver_init+0x0/0x15 @ 1
[   10.339180] usbcore: registered new interface driver usblp
[   10.347885] initcall usblp_driver_init+0x0/0x15 returned 0 after 9250 usecs
[   10.358796] calling  usb_storage_driver_init+0x0/0x2a @ 1
[   10.367557] usbcore: registered new interface driver usb-storage
[   10.377067] initcall usb_storage_driver_init+0x0/0x2a returned 0 after 9410 usecs
[   10.388146] calling  i8042_init+0x0/0x4c2 @ 1
[   10.395569] i8042: PNP: PS/2 Controller [PNP0303:KBD,PNP0f13:MOU] at 0x60,0x64 irq 1,12
[   10.417249] serio: i8042 KBD port at 0x60,0x64 irq 1
[   10.433645] serio: i8042 AUX port at 0x60,0x64 irq 12
[   10.443172] initcall i8042_init+0x0/0x4c2 returned 0 after 46790 usecs
[   10.454585] calling  serport_init+0x0/0x2c @ 1
[   10.462249] initcall serport_init+0x0/0x2c returned 0 after 0 usecs
[   10.472432] calling  input_leds_init+0x0/0xc @ 1
[   10.481396] initcall input_leds_init+0x0/0xc returned 0 after 195 usecs
[   10.491443] calling  evdev_init+0x0/0xc @ 1
[   10.500121] initcall evdev_init+0x0/0xc returned 0 after 1443 usecs
[   10.500781] calling  atkbd_init+0x0/0x21 @ 1
[   10.500781] initcall atkbd_init+0x0/0x21 returned 0 after 496 usecs
[   10.526075] calling  psmouse_init+0x0/0x7f @ 1
[   10.533204] initcall psmouse_init+0x0/0x7f returned 0 after 206 usecs
[   10.543071] calling  cmos_init+0x0/0x73 @ 1
[   10.550532] rtc_cmos 00:04: RTC can wake from S4
[   10.554622] ata1: SATA link down (SStatus 0 SControl 300)
[   10.576862] rtc_cmos 00:04: registered as rtc0
[   10.582487] ata2: SATA link down (SStatus 0 SControl 300)
[   10.582912] input: AT Translated Set 2 keyboard as /devices/platform/i8042/serio0/input/input1
[   10.576862] rtc_cmos 00:04: alarms up to one day, y3k, 242 bytes nvram, hpet irqs
[   10.576862] initcall cmos_init+0x0/0x73 returned 0 after 81096 usecs
[   10.576862] calling  smbalert_driver_init+0x0/0xe @ 1
[   10.576862] initcall smbalert_driver_init+0x0/0xe returned 0 after 188 usecs
[   10.652337] calling  i2c_i801_init+0x0/0xc5 @ 1
[   10.652337] i801_smbus 0000:00:1f.3: SMBus using PCI interrupt
[   10.652337] i2c i2c-0: 1/1 memory slots populated (from DMI)
[   10.652337] i2c i2c-0: Memory type 0x07 not supported yet, not instantiating SPD
[   10.708062] initcall i2c_i801_init+0x0/0xc5 returned 0 after 36407 usecs
[   10.717745] calling  ptp_kvm_init+0x0/0xf0 @ 1
[   10.767042] initcall ptp_kvm_init+0x0/0xf0 returned 0 after 41430 usecs
[   10.767683] calling  dm_init+0x0/0x3c @ 1
[   10.859298] ata5: SATA link down (SStatus 0 SControl 300)
[   10.870282] device-mapper: ioctl: 4.43.0-ioctl (2020-10-01) initialised: dm-devel@redhat.com
[   10.875695] ata6: SATA link down (SStatus 0 SControl 300)
[   10.882541] initcall dm_init+0x0/0x3c returned 0 after 95127 usecs
[   10.882547] calling  dm_mirror_init+0x0/0x29 @ 1
[   10.893873] ata3: SATA link up 1.5 Gbps (SStatus 113 SControl 300)
[   10.899728] initcall dm_mirror_init+0x0/0x29 returned 0 after 3 usecs
[   10.899731] calling  dm_dirty_log_init+0x0/0x4f @ 1
[   10.899818] initcall dm_dirty_log_init+0x0/0x4f returned 0 after 81 usecs
[   10.899823] calling  dm_zero_init+0x0/0x29 @ 1
[   10.910877] ata4: SATA link down (SStatus 0 SControl 300)
[   10.917339] initcall dm_zero_init+0x0/0x29 returned 0 after 2 usecs
[   10.917344] calling  intel_pstate_init+0x0/0x50d @ 1
[   10.917361] intel_pstate: CPU model not supported
[   10.930340] ata3.00: ATAPI: QEMU DVD-ROM, 2.5+, max UDMA/100
[   10.936832] initcall intel_pstate_init+0x0/0x50d returned -19 after 19024 usecs
[   10.948215] ata3.00: applying bridge limits
[   10.953061] ata3.00: configured for UDMA/100
[   10.956498] calling  haltpoll_init+0x0/0xc0 @ 1
[   10.981624] scsi 2:0:0:0: CD-ROM            QEMU     QEMU DVD-ROM     2.5+ PQ: 0 ANSI: 5
[   10.985082] initcall haltpoll_init+0x0/0xc0 returned -19 after 38 usecs
[   11.066447] calling  efivars_sysfs_init+0x0/0x30 @ 1
[   11.075109] initcall efivars_sysfs_init+0x0/0x30 returned 0 after 128 usecs
[   11.085164] calling  esrt_sysfs_init+0x0/0x2a2 @ 1
[   11.092360] initcall esrt_sysfs_init+0x0/0x2a2 returned -38 after 238 usecs
[   11.102533] calling  hid_init+0x0/0x5c @ 1
[   11.108822] hid: raw HID events driver (C) Jiri Kosina
[   11.116340] initcall hid_init+0x0/0x5c returned 0 after 7587 usecs
[   11.125376] calling  hid_generic_init+0x0/0x15 @ 1
[   11.132640] initcall hid_generic_init+0x0/0x15 returned 0 after 383 usecs
[   11.142220] calling  a4_driver_init+0x0/0x15 @ 1
[   11.149131] initcall a4_driver_init+0x0/0x15 returned 0 after 22 usecs
[   11.158621] calling  apple_driver_init+0x0/0x15 @ 1
[   11.165658] initcall apple_driver_init+0x0/0x15 returned 0 after 54 usecs
[   11.175590] calling  belkin_driver_init+0x0/0x15 @ 1
[   11.183193] initcall belkin_driver_init+0x0/0x15 returned 0 after 29 usecs
[   11.193203] calling  ch_driver_init+0x0/0x15 @ 1
[   11.199923] initcall ch_driver_init+0x0/0x15 returned 0 after 29 usecs
[   11.209319] calling  ch_driver_init+0x0/0x15 @ 1
[   11.216228] initcall ch_driver_init+0x0/0x15 returned 0 after 129 usecs
[   11.226009] calling  cp_driver_init+0x0/0x15 @ 1
[   11.232933] initcall cp_driver_init+0x0/0x15 returned 0 after 18 usecs
[   11.242848] calling  ez_driver_init+0x0/0x15 @ 1
[   11.250014] initcall ez_driver_init+0x0/0x15 returned 0 after 23 usecs
[   11.259616] calling  gyration_driver_init+0x0/0x15 @ 1
[   11.267294] initcall gyration_driver_init+0x0/0x15 returned 0 after 40 usecs
[   11.278572] calling  ite_driver_init+0x0/0x15 @ 1
[   11.286280] initcall ite_driver_init+0x0/0x15 returned 0 after 18 usecs
[   11.296578] calling  ks_driver_init+0x0/0x15 @ 1
[   11.304367] initcall ks_driver_init+0x0/0x15 returned 0 after 22 usecs
[   11.314606] calling  lg_driver_init+0x0/0x15 @ 1
[   11.323789] initcall lg_driver_init+0x0/0x15 returned 0 after 246 usecs
[   11.334155] calling  lg_g15_driver_init+0x0/0x15 @ 1
[   11.342087] initcall lg_g15_driver_init+0x0/0x15 returned 0 after 21 usecs
[   11.352864] calling  ms_driver_init+0x0/0x15 @ 1
[   11.360255] initcall ms_driver_init+0x0/0x15 returned 0 after 22 usecs
[   11.370462] calling  mr_driver_init+0x0/0x15 @ 1
[   11.380304] initcall mr_driver_init+0x0/0x15 returned 0 after 43 usecs
[   11.389727] calling  ntrig_driver_init+0x0/0x15 @ 1
[   11.397001] initcall ntrig_driver_init+0x0/0x15 returned 0 after 50 usecs
[   11.406962] calling  pl_driver_init+0x0/0x15 @ 1
[   11.413811] initcall pl_driver_init+0x0/0x15 returned 0 after 22 usecs
[   11.423351] calling  pl_driver_init+0x0/0x15 @ 1
[   11.435448] initcall pl_driver_init+0x0/0x15 returned 0 after 970 usecs
[   11.446164] calling  redragon_driver_init+0x0/0x15 @ 1
[   11.453798] initcall redragon_driver_init+0x0/0x15 returned 0 after 19 usecs
[   11.464034] calling  samsung_driver_init+0x0/0x15 @ 1
[   11.471520] initcall samsung_driver_init+0x0/0x15 returned 0 after 19 usecs
[   11.481749] calling  sony_init+0x0/0x38 @ 1
[   11.488102] initcall sony_init+0x0/0x38 returned 0 after 93 usecs
[   11.497122] calling  sp_driver_init+0x0/0x15 @ 1
[   11.503922] initcall sp_driver_init+0x0/0x15 returned 0 after 33 usecs
[   11.513444] calling  ts_driver_init+0x0/0x15 @ 1
[   11.520368] initcall ts_driver_init+0x0/0x15 returned 0 after 18 usecs
[   11.529950] calling  hid_init+0x0/0x58 @ 1
[   11.536229] usbcore: registered new interface driver usbhid
[   11.544582] usbhid: USB HID core driver
[   11.550385] initcall hid_init+0x0/0x58 returned 0 after 13977 usecs
[   11.560444] calling  eeepc_laptop_init+0x0/0x57 @ 1
[   11.568042] initcall eeepc_laptop_init+0x0/0x57 returned -19 after 267 usecs
[   11.578089] calling  pmc_atom_init+0x0/0x27a @ 1
[   11.584875] initcall pmc_atom_init+0x0/0x27a returned -19 after 6 usecs
[   11.598422] calling  alsa_hwdep_init+0x0/0x5e @ 1
[   11.608994] initcall alsa_hwdep_init+0x0/0x5e returned 0 after 1809 usecs
[   11.619051] calling  alsa_timer_init+0x0/0x1f0 @ 1
[   11.626938] initcall alsa_timer_init+0x0/0x1f0 returned 0 after 690 usecs
[   11.636027] calling  snd_hrtimer_init+0x0/0x117 @ 1
[   11.642540] initcall snd_hrtimer_init+0x0/0x117 returned 0 after 3 usecs
[   11.644087] input: ImExPS/2 Generic Explorer Mouse as /devices/platform/i8042/serio1/input/input3
[   11.651496] calling  alsa_pcm_init+0x0/0x64 @ 1
[   11.668804] initcall alsa_pcm_init+0x0/0x64 returned 0 after 9 usecs
[   11.677725] calling  alsa_seq_init+0x0/0x4a @ 1
[   11.685463] initcall alsa_seq_init+0x0/0x4a returned 0 after 974 usecs
[   11.695888] calling  alsa_seq_dummy_init+0x0/0x9c @ 1
[   11.696129] initcall alsa_seq_dummy_init+0x0/0x9c returned 0 after 26 usecs
[   11.696129] calling  azx_driver_init+0x0/0x15 @ 1
[   11.696129] initcall azx_driver_init+0x0/0x15 returned 0 after 160 usecs
[   11.696129] calling  sock_diag_init+0x0/0x2a @ 1
[   11.696129] initcall sock_diag_init+0x0/0x2a returned 0 after 517 usecs
[   11.696129] calling  blackhole_init+0x0/0xc @ 1
[   11.696129] initcall blackhole_init+0x0/0xc returned 0 after 2 usecs
[   11.696129] calling  nfnetlink_init+0x0/0x57 @ 1
[   11.696129] initcall nfnetlink_init+0x0/0x57 returned 0 after 88 usecs
[   11.696129] calling  nfnetlink_log_init+0x0/0x99 @ 1
[   11.696129] initcall nfnetlink_log_init+0x0/0x99 returned 0 after 108 usecs
[   11.696129] calling  nf_conntrack_standalone_init+0x0/0x87 @ 1
[   11.696129] initcall nf_conntrack_standalone_init+0x0/0x87 returned 0 after 589 usecs
[   11.696129] calling  ctnetlink_init+0x0/0x83 @ 1
[   11.696129] initcall ctnetlink_init+0x0/0x83 returned 0 after 21 usecs
[   11.696129] calling  nf_conntrack_ftp_init+0x0/0x12c @ 1
[   11.696129] initcall nf_conntrack_ftp_init+0x0/0x12c returned 0 after 111 usecs
[   11.696129] calling  nf_conntrack_irc_init+0x0/0x129 @ 1
[   11.696129] initcall nf_conntrack_irc_init+0x0/0x129 returned 0 after 1594 usecs
[   11.696129] calling  nf_conntrack_sip_init+0x0/0x172 @ 1
[   11.696129] initcall nf_conntrack_sip_init+0x0/0x172 returned 0 after 10 usecs
[   11.867575] rcu_torture_rea (152) used greatest stack depth: 15008 bytes left
[   11.696129] calling  nf_nat_init+0x0/0xd2 @ 1
[   11.696129] initcall nf_nat_init+0x0/0xd2 returned 0 after 1250 usecs
[   11.696129] calling  nf_nat_ftp_init+0x0/0x2a @ 1
[   11.696129] initcall nf_nat_ftp_init+0x0/0x2a returned 0 after 0 usecs
[   11.696129] calling  nf_nat_irc_init+0x0/0x2a @ 1
[   11.696129] initcall nf_nat_irc_init+0x0/0x2a returned 0 after 0 usecs
[   11.696129] calling  nf_nat_sip_init+0x0/0x36 @ 1
