c[?7l[2J[0mSeaBIOS (version 1.16.0-debian-1.16.0-4)
Booting from ROM...
early console in setup code
c[?7l[2J[    0.000000] Linux version 5.10.158+ (root@joelboxx.c.googlers.com) (gcc (Debian 12.2.0-3) 12.2.0, GNU ld (GNU Binutils for Debian) 2.39) #16 Tue Dec 13 22:56:57 UTC 2022
[    0.000000] Command line: selinux=0 initcall_debug debug console=ttyS0 rcutorture.torture_type=tasks rcutorture.n_barrier_cbs=4 rcutorture.stat_interval=15 rcutorture.shutdown_secs=3600 rcutorture.test_no_idle_hz=1 rcutorture.verbose=1
[    0.000000] x86/fpu: x87 FPU will use FXSAVE
[    0.000000] BIOS-provided physical RAM map:
[    0.000000] BIOS-e820: [mem 0x0000000000000000-0x000000000009fbff] usable
[    0.000000] BIOS-e820: [mem 0x000000000009fc00-0x000000000009ffff] reserved
[    0.000000] BIOS-e820: [mem 0x00000000000f0000-0x00000000000fffff] reserved
[    0.000000] BIOS-e820: [mem 0x0000000000100000-0x000000001ffdefff] usable
[    0.000000] BIOS-e820: [mem 0x000000001ffdf000-0x000000001fffffff] reserved
[    0.000000] BIOS-e820: [mem 0x00000000b0000000-0x00000000bfffffff] reserved
[    0.000000] BIOS-e820: [mem 0x00000000fed1c000-0x00000000fed1ffff] reserved
[    0.000000] BIOS-e820: [mem 0x00000000feffc000-0x00000000feffffff] reserved
[    0.000000] BIOS-e820: [mem 0x00000000fffc0000-0x00000000ffffffff] reserved
[    0.000000] NX (Execute Disable) protection: active
[    0.000000] SMBIOS 2.8 present.
[    0.000000] DMI: QEMU Standard PC (Q35 + ICH9, 2009), BIOS 1.16.0-debian-1.16.0-4 04/01/2014
[    0.000000] Hypervisor detected: KVM
[    0.000000] kvm-clock: Using msrs 4b564d01 and 4b564d00
[    0.000000] kvm-clock: cpu 0, msr 1d840001, primary cpu clock
[    0.000001] kvm-clock: using sched offset of 3358098372 cycles
[    0.000328] clocksource: kvm-clock: mask: 0xffffffffffffffff max_cycles: 0x1cd42e4dffb, max_idle_ns: 881590591483 ns
[    0.000429] tsc: Detected 1999.999 MHz processor
[    0.006950] e820: update [mem 0x00000000-0x00000fff] usable ==> reserved
[    0.006956] e820: remove [mem 0x000a0000-0x000fffff] usable
[    0.006963] last_pfn = 0x1ffdf max_arch_pfn = 0x400000000
[    0.007808] MTRR default type: write-back
[    0.007928] MTRR fixed ranges enabled:
[    0.007930]   00000-9FFFF write-back
[    0.007932]   A0000-BFFFF uncachable
[    0.007933]   C0000-FFFFF write-protect
[    0.007935] MTRR variable ranges enabled:
[    0.007937]   0 base 00C0000000 mask FFC0000000 uncachable
[    0.007938]   1 disabled
[    0.007939]   2 disabled
[    0.007940]   3 disabled
[    0.007941]   4 disabled
[    0.007942]   5 disabled
[    0.007942]   6 disabled
[    0.007943]   7 disabled
[    0.008404] x86/PAT: Configuration [0-7]: WB  WC  UC- UC  WB  WC  UC- UC  
[    0.019056] found SMP MP-table at [mem 0x000f5ba0-0x000f5baf]
[    0.021533] check: Scanning 1 areas for low memory corruption
[    0.033167] ACPI: Early table checksum verification disabled
[    0.035491] ACPI: RSDP 0x00000000000F59E0 000014 (v00 BOCHS )
[    0.035767] ACPI: RSDT 0x000000001FFE229A 000038 (v01 BOCHS  BXPC     00000001 BXPC 00000001)
[    0.036089] ACPI: FACP 0x000000001FFE2092 0000F4 (v03 BOCHS  BXPC     00000001 BXPC 00000001)
[    0.036256] ACPI: DSDT 0x000000001FFE0040 002052 (v01 BOCHS  BXPC     00000001 BXPC 00000001)
[    0.036300] ACPI: FACS 0x000000001FFE0000 000040
[    0.036304] ACPI: APIC 0x000000001FFE2186 000078 (v01 BOCHS  BXPC     00000001 BXPC 00000001)
[    0.036337] ACPI: HPET 0x000000001FFE21FE 000038 (v01 BOCHS  BXPC     00000001 BXPC 00000001)
[    0.036343] ACPI: MCFG 0x000000001FFE2236 00003C (v01 BOCHS  BXPC     00000001 BXPC 00000001)
[    0.036347] ACPI: WAET 0x000000001FFE2272 000028 (v01 BOCHS  BXPC     00000001 BXPC 00000001)
[    0.036352] ACPI: Reserving FACP table memory at [mem 0x1ffe2092-0x1ffe2185]
[    0.036353] ACPI: Reserving DSDT table memory at [mem 0x1ffe0040-0x1ffe2091]
[    0.036355] ACPI: Reserving FACS table memory at [mem 0x1ffe0000-0x1ffe003f]
[    0.036356] ACPI: Reserving APIC table memory at [mem 0x1ffe2186-0x1ffe21fd]
[    0.036357] ACPI: Reserving HPET table memory at [mem 0x1ffe21fe-0x1ffe2235]
[    0.036358] ACPI: Reserving MCFG table memory at [mem 0x1ffe2236-0x1ffe2271]
[    0.036360] ACPI: Reserving WAET table memory at [mem 0x1ffe2272-0x1ffe2299]
[    0.037554] ACPI: Local APIC address 0xfee00000
[    0.040082] Zone ranges:
[    0.040260]   DMA      [mem 0x0000000000001000-0x0000000000ffffff]
[    0.040419]   DMA32    [mem 0x0000000001000000-0x000000001ffdefff]
[    0.040486]   Normal   empty
[    0.040487] Movable zone start for each node
[    0.040488] Early memory node ranges
[    0.040489]   node   0: [mem 0x0000000000001000-0x000000000009efff]
[    0.040542]   node   0: [mem 0x0000000000100000-0x000000001ffdefff]
[    0.040700] Initmem setup node 0 [mem 0x0000000000001000-0x000000001ffdefff]
[    0.040703] On node 0 totalpages: 130941
[    0.040774]   DMA zone: 64 pages used for memmap
[    0.040775]   DMA zone: 21 pages reserved
[    0.040837]   DMA zone: 3998 pages, LIFO batch:0
[    0.040839]   DMA32 zone: 1984 pages used for memmap
[    0.040840]   DMA32 zone: 126943 pages, LIFO batch:31
[    0.048931] On node 0, zone DMA: 1 pages in unavailable ranges
[    0.059631] On node 0, zone DMA: 97 pages in unavailable ranges
[    0.310603] On node 0, zone DMA32: 33 pages in unavailable ranges
[    0.314207] ACPI: PM-Timer IO Port: 0x608
[    0.314212] ACPI: Local APIC address 0xfee00000
[    0.314461] ACPI: LAPIC_NMI (acpi_id[0xff] dfl dfl lint[0x1])
[    0.315731] IOAPIC[0]: apic_id 0, version 17, address 0xfec00000, GSI 0-23
[    0.315813] ACPI: INT_SRC_OVR (bus 0 bus_irq 0 global_irq 2 dfl dfl)
[    0.316046] ACPI: INT_SRC_OVR (bus 0 bus_irq 5 global_irq 5 high level)
[    0.316048] ACPI: INT_SRC_OVR (bus 0 bus_irq 9 global_irq 9 high level)
[    0.316215] ACPI: INT_SRC_OVR (bus 0 bus_irq 10 global_irq 10 high level)
[    0.316217] ACPI: INT_SRC_OVR (bus 0 bus_irq 11 global_irq 11 high level)
[    0.316219] ACPI: IRQ0 used by override.
[    0.316220] ACPI: IRQ5 used by override.
[    0.316221] ACPI: IRQ9 used by override.
[    0.316222] ACPI: IRQ10 used by override.
[    0.316223] ACPI: IRQ11 used by override.
[    0.316225] Using ACPI (MADT) for SMP configuration information
[    0.316228] ACPI: HPET id: 0x8086a201 base: 0xfed00000
[    0.317242] kvm-guest: stealtime: cpu 0, msr 1d04d780
[    0.318274] PM: hibernation: Registered nosave memory: [mem 0x00000000-0x00000fff]
[    0.318276] PM: hibernation: Registered nosave memory: [mem 0x0009f000-0x0009ffff]
[    0.318277] PM: hibernation: Registered nosave memory: [mem 0x000a0000-0x000effff]
[    0.318278] PM: hibernation: Registered nosave memory: [mem 0x000f0000-0x000fffff]
[    0.318280] [mem 0x20000000-0xafffffff] available for PCI devices
[    0.318362] Booting paravirtualized kernel on KVM
[    0.319056] clocksource: refined-jiffies: mask: 0xffffffff max_cycles: 0xffffffff, max_idle_ns: 1910969940391419 ns
[    0.357298] pcpu-alloc: s0 r0 d32768 u32768 alloc=1*32768
[    0.357449] pcpu-alloc: [0] 0 
[    0.357804] Built 1 zonelists, mobility grouping on.  Total pages: 128872
[    0.358005] Kernel command line: selinux=0 initcall_debug debug console=ttyS0 rcutorture.torture_type=tasks rcutorture.n_barrier_cbs=4 rcutorture.stat_interval=15 rcutorture.shutdown_secs=3600 rcutorture.test_no_idle_hz=1 rcutorture.verbose=1
[    0.370561] Dentry cache hash table entries: 65536 (order: 7, 524288 bytes, linear)
[    0.373618] Inode-cache hash table entries: 32768 (order: 6, 262144 bytes, linear)
[    0.374521] mem auto-init: stack:all(zero), heap alloc:off, heap free:off
[    0.399415] Memory: 481560K/523764K available (14349K kernel code, 2619K rwdata, 4584K rodata, 1240K init, 1888K bss, 41944K reserved, 0K cma-reserved)
[    0.400770] SLUB: HWalign=64, Order=0-3, MinObjects=0, CPUs=1, Nodes=1
[    0.401317] Kernel/User page tables isolation: enabled
[    0.588539] NR_IRQS: 4352, nr_irqs: 256, preallocated irqs: 16
[    0.596722] calling  con_init+0x0/0x22a @ 0
[    0.786598] Console: colour VGA+ 80x25
[    0.786610] initcall con_init+0x0/0x22a returned 0 after 0 usecs
[    0.786614] calling  hvc_console_init+0x0/0x13 @ 0
[    0.786699] initcall hvc_console_init+0x0/0x13 returned 0 after 0 usecs
[    0.786701] calling  univ8250_console_init+0x0/0x26 @ 0
[    1.594818] printk: console [ttyS0] enabled
[    1.599180] initcall univ8250_console_init+0x0/0x26 returned 0 after 0 usecs
[    1.606424] ACPI: Core revision 20200925
[    1.613378] clocksource: hpet: mask: 0xffffffff max_cycles: 0xffffffff, max_idle_ns: 19112604467 ns
[    1.623995] APIC: Switch to symmetric I/O mode setup
[    1.646684] ..TIMER: vector=0x30 apic1=0 pin1=2 apic2=-1 pin2=-1
[    1.653159] clocksource: tsc-early: mask: 0xffffffffffffffff max_cycles: 0x39a85afc727, max_idle_ns: 881590685098 ns
[    1.664066] Calibrating delay loop (skipped) preset value.. 3999.99 BogoMIPS (lpj=1999999)
[    1.664980] pid_max: default: 32768 minimum: 301
[    1.666210] LSM: Security Framework initializing
[    1.668115] Mount-cache hash table entries: 1024 (order: 1, 8192 bytes, linear)
[    1.669046] Mountpoint-cache hash table entries: 1024 (order: 1, 8192 bytes, linear)
[    1.676298] Last level iTLB entries: 4KB 0, 2MB 0, 4MB 0
[    1.676979] Last level dTLB entries: 4KB 0, 2MB 0, 4MB 0, 1GB 0
[    1.677981] CPU: Intel Common KVM processor (family: 0xf, model: 0x6, stepping: 0x1)
[    1.679027] Spectre V1 : Mitigation: usercopy/swapgs barriers and __user pointer sanitization
[    1.679984] Spectre V2 : Mitigation: Retpolines
[    1.680981] Spectre V2 : Spectre v2 / SpectreRSB mitigation: Filling RSB on context switch
[    1.681979] Spectre V2 : Spectre v2 / SpectreRSB : Filling RSB on VMEXIT
[    1.682979] Speculative Store Bypass: Vulnerable
[    1.684032] MDS: Vulnerable: Clear CPU buffers attempted, no microcode
[    1.684978] MMIO Stale Data: Unknown: No mitigations
[    1.750606] calling  init_hw_perf_events+0x0/0x6ce @ 1
[    1.750979] Performance Events: unsupported Netburst CPU model 6 no PMU driver, software events only.
[    1.751986] initcall init_hw_perf_events+0x0/0x6ce returned 0 after 976 usecs
[    1.752986] calling  init_real_mode+0x0/0x1e9 @ 1
[    1.754312] initcall init_real_mode+0x0/0x1e9 returned 0 after 0 usecs
[    1.755998] calling  trace_init_perf_perm_irq_work_exit+0x0/0x12 @ 1
[    1.756982] initcall trace_init_perf_perm_irq_work_exit+0x0/0x12 returned 0 after 0 usecs
[    1.757983] calling  validate_x2apic+0x0/0x4a @ 1
[    1.759008] initcall validate_x2apic+0x0/0x4a returned 0 after 0 usecs
[    1.759981] calling  register_nmi_cpu_backtrace_handler+0x0/0x15 @ 1
[    1.760982] initcall register_nmi_cpu_backtrace_handler+0x0/0x15 returned 0 after 0 usecs
[    1.762064] calling  kvm_setup_vsyscall_timeinfo+0x0/0x34 @ 1
[    1.763984] initcall kvm_setup_vsyscall_timeinfo+0x0/0x34 returned 0 after 0 usecs
[    1.764983] calling  spawn_ksoftirqd+0x0/0x34 @ 1
[    1.767085] initcall spawn_ksoftirqd+0x0/0x34 returned 0 after 0 usecs
[    1.768004] calling  trace_init_flags_sys_enter+0x0/0xe @ 1
[    1.768982] initcall trace_init_flags_sys_enter+0x0/0xe returned 0 after 0 usecs
[    1.769982] calling  trace_init_flags_sys_exit+0x0/0xe @ 1
[    1.770983] initcall trace_init_flags_sys_exit+0x0/0xe returned 0 after 0 usecs
[    1.771983] calling  init_kprobes+0x0/0x14d @ 1
[    1.774719] initcall init_kprobes+0x0/0x14d returned 0 after 0 usecs
[    1.774984] calling  init_events+0x0/0x3d @ 1
[    1.775993] initcall init_events+0x0/0x3d returned 0 after 0 usecs
[    1.776983] calling  init_trace_printk+0x0/0xc @ 1
[    1.777983] initcall init_trace_printk+0x0/0xc returned 0 after 0 usecs
[    1.778982] calling  event_trace_enable_again+0x0/0x23 @ 1
[    1.779985] initcall event_trace_enable_again+0x0/0x23 returned 0 after 0 usecs
[    1.780986] calling  static_call_init+0x0/0x6d @ 1
[    1.782984] initcall static_call_init+0x0/0x6d returned 0 after 0 usecs
[    1.784985] calling  jump_label_init_module+0x0/0xc @ 1
[    1.785988] initcall jump_label_init_module+0x0/0xc returned 0 after 0 usecs
[    1.786985] calling  init_zero_pfn+0x0/0x37 @ 1
[    1.787982] initcall init_zero_pfn+0x0/0x37 returned 0 after 0 usecs
[    1.788981] calling  initialize_ptr_random+0x0/0x54 @ 1
[    1.789983] initcall initialize_ptr_random+0x0/0x54 returned 0 after 0 usecs
[    1.791002] calling  efi_memreserve_root_init+0x0/0x25 @ 1
[    1.791998] initcall efi_memreserve_root_init+0x0/0x25 returned 0 after 0 usecs
[    1.792982] calling  efi_earlycon_remap_fb+0x0/0x51 @ 1
[    1.793982] initcall efi_earlycon_remap_fb+0x0/0x51 returned 0 after 0 usecs
[    1.897975] devtmpfs: initialized
[    1.898231] calling  ipc_ns_init+0x0/0x3d @ 1
[    1.899045] initcall ipc_ns_init+0x0/0x3d returned 0 after 0 usecs
[    1.899984] calling  init_mmap_min_addr+0x0/0x21 @ 1
[    1.900982] initcall init_mmap_min_addr+0x0/0x21 returned 0 after 0 usecs
[    1.901981] calling  pci_realloc_setup_params+0x0/0x3f @ 1
[    1.902981] initcall pci_realloc_setup_params+0x0/0x3f returned 0 after 0 usecs
[    1.903981] calling  net_ns_init+0x0/0x11c @ 1
[    1.905147] initcall net_ns_init+0x0/0x11c returned 0 after 0 usecs
[    1.906005] calling  e820__register_nvs_regions+0x0/0x37 @ 1
[    1.906982] initcall e820__register_nvs_regions+0x0/0x37 returned 0 after 0 usecs
[    1.907980] calling  cpufreq_register_tsc_scaling+0x0/0x2e @ 1
[    1.908982] initcall cpufreq_register_tsc_scaling+0x0/0x2e returned 0 after 0 usecs
[    1.909982] calling  reboot_init+0x0/0x3c @ 1
[    1.911020] initcall reboot_init+0x0/0x3c returned 0 after 0 usecs
[    1.911980] calling  init_lapic_sysfs+0x0/0x20 @ 1
[    1.912980] initcall init_lapic_sysfs+0x0/0x20 returned 0 after 0 usecs
[    1.913980] calling  wq_sysfs_init+0x0/0x2a @ 1
[    1.916056] initcall wq_sysfs_init+0x0/0x2a returned 0 after 976 usecs
[    1.916982] calling  ksysfs_init+0x0/0x92 @ 1
[    1.917995] initcall ksysfs_init+0x0/0x92 returned 0 after 0 usecs
[    1.918986] calling  pm_init+0x0/0x76 @ 1
[    1.920067] initcall pm_init+0x0/0x76 returned 0 after 0 usecs
[    1.921012] calling  pm_disk_init+0x0/0x13 @ 1
[    1.922017] initcall pm_disk_init+0x0/0x13 returned 0 after 0 usecs
[    1.922984] calling  swsusp_header_init+0x0/0x2b @ 1
[    1.923983] initcall swsusp_header_init+0x0/0x2b returned 0 after 0 usecs
[    1.924983] calling  rcu_set_runtime_mode+0x0/0x11 @ 1
[    1.925984] initcall rcu_set_runtime_mode+0x0/0x11 returned 0 after 0 usecs
[    1.926983] calling  init_jiffies_clocksource+0x0/0x13 @ 1
[    1.927980] clocksource: jiffies: mask: 0xffffffff max_cycles: 0xffffffff, max_idle_ns: 1911260446275000 ns
[    1.928983] initcall init_jiffies_clocksource+0x0/0x13 returned 0 after 976 usecs
[    1.929982] calling  futex_init+0x0/0xd5 @ 1
[    1.930982] futex hash table entries: 256 (order: 0, 6144 bytes, linear)
[    1.933002] initcall futex_init+0x0/0xd5 returned 0 after 1953 usecs
[    1.933982] calling  cgroup_wq_init+0x0/0x28 @ 1
[    1.934986] initcall cgroup_wq_init+0x0/0x28 returned 0 after 0 usecs
[    1.935980] calling  cgroup1_wq_init+0x0/0x28 @ 1
[    1.936984] initcall cgroup1_wq_init+0x0/0x28 returned 0 after 0 usecs
[    1.937983] calling  init_kprobe_trace_early+0x0/0x2a @ 1
[    1.939981] initcall init_kprobe_trace_early+0x0/0x2a returned 0 after 976 usecs
[    1.940981] calling  fsnotify_init+0x0/0x48 @ 1
[    1.941989] initcall fsnotify_init+0x0/0x48 returned 0 after 0 usecs
[    1.942980] calling  filelock_init+0x0/0x60 @ 1
[    1.943988] initcall filelock_init+0x0/0x60 returned 0 after 0 usecs
[    1.944980] calling  init_misc_binfmt+0x0/0x2c @ 1
[    1.945982] initcall init_misc_binfmt+0x0/0x2c returned 0 after 0 usecs
[    1.946980] calling  init_script_binfmt+0x0/0x15 @ 1
[    1.948004] initcall init_script_binfmt+0x0/0x15 returned 0 after 0 usecs
[    1.948979] calling  init_elf_binfmt+0x0/0x15 @ 1
[    1.949979] initcall init_elf_binfmt+0x0/0x15 returned 0 after 0 usecs
[    1.950980] calling  init_compat_elf_binfmt+0x0/0x15 @ 1
[    1.951980] initcall init_compat_elf_binfmt+0x0/0x15 returned 0 after 0 usecs
[    1.953004] calling  debugfs_init+0x0/0x5c @ 1
[    1.953998] initcall debugfs_init+0x0/0x5c returned 0 after 0 usecs
[    1.954980] calling  tracefs_init+0x0/0x3a @ 1
[    1.955997] initcall tracefs_init+0x0/0x3a returned 0 after 0 usecs
[    1.956981] calling  prandom_init_early+0x0/0x111 @ 1
[    1.957980] initcall prandom_init_early+0x0/0x111 returned 0 after 0 usecs
[    1.959039] calling  virtio_init+0x0/0x20 @ 1
[    1.959995] initcall virtio_init+0x0/0x20 returned 0 after 0 usecs
[    1.960979] calling  iommu_init+0x0/0x2a @ 1
[    1.961992] initcall iommu_init+0x0/0x2a returned 0 after 0 usecs
[    1.962981] calling  component_debug_init+0x0/0x1c @ 1
[    1.964014] initcall component_debug_init+0x0/0x1c returned 0 after 0 usecs
[    1.964981] calling  early_resume_init+0x0/0xb9 @ 1
[    1.966624] PM: RTC time: 23:01:23, date: 2022-12-13
[    1.966982] initcall early_resume_init+0x0/0xb9 returned 0 after 976 usecs
[    1.967984] calling  cpufreq_core_init+0x0/0x62 @ 1
[    1.969053] initcall cpufreq_core_init+0x0/0x62 returned 0 after 0 usecs
[    1.969984] calling  cpufreq_gov_performance_init+0x0/0xc @ 1
[    1.970985] initcall cpufreq_gov_performance_init+0x0/0xc returned 0 after 0 usecs
[    1.971985] calling  cpufreq_gov_userspace_init+0x0/0xc @ 1
[    1.973004] initcall cpufreq_gov_userspace_init+0x0/0xc returned 0 after 0 usecs
[    1.973983] calling  CPU_FREQ_GOV_ONDEMAND_init+0x0/0xc @ 1
[    1.974982] initcall CPU_FREQ_GOV_ONDEMAND_init+0x0/0xc returned 0 after 0 usecs
[    1.975982] calling  cpuidle_init+0x0/0x1f @ 1
[    1.977080] initcall cpuidle_init+0x0/0x1f returned 0 after 0 usecs
[    1.977982] calling  capsule_reboot_register+0x0/0xc @ 1
[    1.979021] initcall capsule_reboot_register+0x0/0xc returned 0 after 0 usecs
[    1.979981] calling  sock_init+0x0/0x93 @ 1
[    1.981980] initcall sock_init+0x0/0x93 returned 0 after 976 usecs
[    1.982982] calling  net_inuse_init+0x0/0x23 @ 1
[    1.983991] initcall net_inuse_init+0x0/0x23 returned 0 after 0 usecs
[    1.984982] calling  net_defaults_init+0x0/0x23 @ 1
[    1.985980] initcall net_defaults_init+0x0/0x23 returned 0 after 0 usecs
[    1.986986] calling  init_default_flow_dissectors+0x0/0x4f @ 1
[    1.987983] initcall init_default_flow_dissectors+0x0/0x4f returned 0 after 0 usecs
[    1.988983] calling  netpoll_init+0x0/0x25 @ 1
[    1.989982] initcall netpoll_init+0x0/0x25 returned 0 after 0 usecs
[    1.990983] calling  netlink_proto_init+0x0/0x14f @ 1
[    1.993614] NET: Registered protocol family 16
[    1.994001] initcall netlink_proto_init+0x0/0x14f returned 0 after 1953 usecs
[    1.994983] calling  genl_init+0x0/0x35 @ 1
[    1.995996] initcall genl_init+0x0/0x35 returned 0 after 0 usecs
[    1.997083] calling  bsp_pm_check_init+0x0/0x13 @ 1
[    1.997981] initcall bsp_pm_check_init+0x0/0x13 returned 0 after 0 usecs
[    1.998995] calling  irq_sysfs_init+0x0/0xb7 @ 1
[    2.000380] initcall irq_sysfs_init+0x0/0xb7 returned 0 after 0 usecs
[    2.000981] calling  audit_init+0x0/0x15d @ 1
[    2.001985] audit: initializing netlink subsys (disabled)
[    2.003437] initcall audit_init+0x0/0x15d returned 0 after 976 usecs
[    2.003981] calling  release_early_probes+0x0/0x32 @ 1
[    2.004980] initcall release_early_probes+0x0/0x32 returned 0 after 0 usecs
[    2.005980] calling  bdi_class_init+0x0/0x48 @ 1
[    2.006997] initcall bdi_class_init+0x0/0x48 returned 0 after 0 usecs
[    2.007981] calling  mm_sysfs_init+0x0/0x28 @ 1
[    2.009990] initcall mm_sysfs_init+0x0/0x28 returned 0 after 0 usecs
[    2.010982] calling  init_per_zone_wmark_min+0x0/0x5e @ 1
[    2.012984] initcall init_per_zone_wmark_min+0x0/0x5e returned 0 after 0 usecs
[    2.013983] calling  mpi_init+0x0/0x3e @ 1
[    2.015049] initcall mpi_init+0x0/0x3e returned 0 after 0 usecs
[    2.015980] calling  kobject_uevent_init+0x0/0xc @ 1
[    2.017124] initcall kobject_uevent_init+0x0/0xc returned 0 after 0 usecs
[    2.017981] calling  pcibus_class_init+0x0/0x13 @ 1
[    2.019992] initcall pcibus_class_init+0x0/0x13 returned 0 after 0 usecs
[    2.021052] calling  pci_driver_init+0x0/0x21 @ 1
[    2.022027] initcall pci_driver_init+0x0/0x21 returned 0 after 0 usecs
[    2.022981] calling  backlight_class_init+0x0/0xa8 @ 1
[    2.024021] initcall backlight_class_init+0x0/0xa8 returned 0 after 0 usecs
[    2.024982] calling  tty_class_init+0x0/0x33 @ 1
[    2.025993] initcall tty_class_init+0x0/0x33 returned 0 after 0 usecs
[    2.026984] calling  vtconsole_class_init+0x0/0xb5 @ 1
[    2.028049] initcall vtconsole_class_init+0x0/0xb5 returned 0 after 0 usecs
[    2.028981] calling  iommu_dev_init+0x0/0x13 @ 1
[    2.030006] initcall iommu_dev_init+0x0/0x13 returned 0 after 0 usecs
[    2.030981] calling  mipi_dsi_bus_init+0x0/0xc @ 1
[    2.032034] initcall mipi_dsi_bus_init+0x0/0xc returned 0 after 0 usecs
[    2.032981] calling  devlink_class_init+0x0/0x40 @ 1
[    2.034989] initcall devlink_class_init+0x0/0x40 returned 0 after 976 usecs
[    2.035983] calling  software_node_init+0x0/0x2a @ 1
[    2.036988] initcall software_node_init+0x0/0x2a returned 0 after 0 usecs
[    2.037981] calling  wakeup_sources_debugfs_init+0x0/0x23 @ 1
[    2.038989] initcall wakeup_sources_debugfs_init+0x0/0x23 returned 0 after 0 usecs
[    2.039981] calling  wakeup_sources_sysfs_init+0x0/0x2c @ 1
[    2.040993] initcall wakeup_sources_sysfs_init+0x0/0x2c returned 0 after 0 usecs
[    2.041981] calling  regmap_initcall+0x0/0xc @ 1
[    2.042992] initcall regmap_initcall+0x0/0xc returned 0 after 0 usecs
[    2.043984] calling  i2c_init+0x0/0xb3 @ 1
[    2.045051] initcall i2c_init+0x0/0xb3 returned 0 after 0 usecs
[    2.045980] calling  thermal_init+0x0/0xf2 @ 1
[    2.046978] thermal_sys: Registered thermal governor 'step_wise'
[    2.046979] thermal_sys: Registered thermal governor 'user_space'
[    2.047994] initcall thermal_init+0x0/0xf2 returned 0 after 976 usecs
[    2.049983] calling  init_menu+0x0/0xc @ 1
[    2.050981] cpuidle: using governor menu
[    2.051983] initcall init_menu+0x0/0xc returned 0 after 976 usecs
[    2.052984] calling  pcc_init+0x0/0x4d @ 1
[    2.054001] initcall pcc_init+0x0/0x4d returned -19 after 0 usecs
[    2.054982] calling  amd_postcore_init+0x0/0x11e @ 1
[    2.055980] initcall amd_postcore_init+0x0/0x11e returned 0 after 0 usecs
[    2.058007] calling  bts_init+0x0/0xba @ 1
[    2.058983] initcall bts_init+0x0/0xba returned -19 after 0 usecs
[    2.059981] calling  pt_init+0x0/0x2ef @ 1
[    2.060981] initcall pt_init+0x0/0x2ef returned -19 after 0 usecs
[    2.061981] calling  boot_params_ksysfs_init+0x0/0x2ee @ 1
[    2.063008] initcall boot_params_ksysfs_init+0x0/0x2ee returned 0 after 0 usecs
[    2.063981] calling  sbf_init+0x0/0xb9 @ 1
[    2.064981] initcall sbf_init+0x0/0xb9 returned 0 after 0 usecs
[    2.065981] calling  arch_kdebugfs_init+0x0/0x219 @ 1
[    2.066993] initcall arch_kdebugfs_init+0x0/0x219 returned 0 after 0 usecs
[    2.067984] calling  intel_pconfig_init+0x0/0x85 @ 1
[    2.069011] initcall intel_pconfig_init+0x0/0x85 returned 0 after 0 usecs
[    2.069984] calling  mtrr_if_init+0x0/0x5d @ 1
[    2.070990] initcall mtrr_if_init+0x0/0x5d returned 0 after 0 usecs
[    2.071982] calling  activate_jump_labels+0x0/0x31 @ 1
[    2.072981] initcall activate_jump_labels+0x0/0x31 returned 0 after 0 usecs
[    2.073981] calling  ffh_cstate_init+0x0/0x29 @ 1
[    2.074986] initcall ffh_cstate_init+0x0/0x29 returned 0 after 0 usecs
[    2.075981] calling  activate_jump_labels+0x0/0x31 @ 1
[    2.076994] initcall activate_jump_labels+0x0/0x31 returned 0 after 0 usecs
[    2.077981] calling  kvm_alloc_cpumask+0x0/0x2b @ 1
[    2.079006] initcall kvm_alloc_cpumask+0x0/0x2b returned 0 after 0 usecs
[    2.079982] calling  kcmp_cookies_init+0x0/0x37 @ 1
[    2.080986] initcall kcmp_cookies_init+0x0/0x37 returned 0 after 0 usecs
[    2.081983] calling  cryptomgr_init+0x0/0xc @ 1
[    2.083042] initcall cryptomgr_init+0x0/0xc returned 0 after 0 usecs
[    2.083982] calling  acpi_pci_init+0x0/0x57 @ 1
[    2.084980] ACPI: bus type PCI registered
[    2.085984] initcall acpi_pci_init+0x0/0x57 returned 0 after 976 usecs
[    2.086986] calling  dma_channel_table_init+0x0/0xce @ 1
[    2.087993] initcall dma_channel_table_init+0x0/0xce returned 0 after 0 usecs
[    2.088985] calling  dma_bus_init+0x0/0xdc @ 1
[    2.090050] initcall dma_bus_init+0x0/0xdc returned 0 after 0 usecs
[    2.091088] calling  iommu_dma_init+0x0/0x10 @ 1
[    2.093015] initcall iommu_dma_init+0x0/0x10 returned 0 after 0 usecs
[    2.093982] calling  dmi_id_init+0x0/0x37c @ 1
[    2.095095] initcall dmi_id_init+0x0/0x37c returned 0 after 0 usecs
[    2.095982] calling  pci_arch_init+0x0/0x71 @ 1
[    2.097648] PCI: MMCONFIG for domain 0000 [bus 00-ff] at [mem 0xb0000000-0xbfffffff] (base 0xb0000000)
[    2.097983] PCI: MMCONFIG at [mem 0xb0000000-0xbfffffff] reserved in E820
[    2.098997] PCI: Using configuration type 1 for base access
[    2.100027] initcall pci_arch_init+0x0/0x71 returned 0 after 2929 usecs
[    2.100997] calling  init_vdso+0x0/0x13 @ 1
[    2.102029] initcall init_vdso+0x0/0x13 returned 0 after 0 usecs
[    2.102983] calling  sysenter_setup+0x0/0x13 @ 1
[    2.105012] initcall sysenter_setup+0x0/0x13 returned 0 after 0 usecs
[    2.105983] calling  fixup_ht_bug+0x0/0x7f @ 1
[    2.106981] initcall fixup_ht_bug+0x0/0x7f returned 0 after 0 usecs
[    2.107982] calling  topology_init+0x0/0x15 @ 1
[    2.109037] initcall topology_init+0x0/0x15 returned 0 after 0 usecs
[    2.109980] calling  intel_epb_init+0x0/0x68 @ 1
[    2.110979] initcall intel_epb_init+0x0/0x68 returned -19 after 0 usecs
[    2.111982] calling  mtrr_init_finialize+0x0/0x3e @ 1
[    2.112981] initcall mtrr_init_finialize+0x0/0x3e returned 0 after 0 usecs
[    2.113984] calling  uid_cache_init+0x0/0x6f @ 1
[    2.114986] initcall uid_cache_init+0x0/0x6f returned 0 after 0 usecs
[    2.115980] calling  param_sysfs_init+0x0/0x1ba @ 1
[    2.120823] initcall param_sysfs_init+0x0/0x1ba returned 0 after 2929 usecs
[    2.120996] calling  user_namespace_sysctl_init+0x0/0x33 @ 1
[    2.122108] initcall user_namespace_sysctl_init+0x0/0x33 returned 0 after 0 usecs
[    2.122980] calling  proc_schedstat_init+0x0/0x24 @ 1
[    2.123984] initcall proc_schedstat_init+0x0/0x24 returned 0 after 0 usecs
[    2.124984] calling  pm_sysrq_init+0x0/0x18 @ 1
[    2.125982] initcall pm_sysrq_init+0x0/0x18 returned 0 after 0 usecs
[    2.127038] calling  create_proc_profile+0x0/0x50 @ 1
[    2.127983] initcall create_proc_profile+0x0/0x50 returned 0 after 0 usecs
[    2.128983] calling  time_ns_init+0x0/0x7 @ 1
[    2.129981] initcall time_ns_init+0x0/0x7 returned 0 after 0 usecs
[    2.130981] calling  crash_save_vmcoreinfo_init+0x0/0x756 @ 1
[    2.132059] initcall crash_save_vmcoreinfo_init+0x0/0x756 returned 0 after 0 usecs
[    2.132983] calling  crash_notes_memory_init+0x0/0x35 @ 1
[    2.135975] initcall crash_notes_memory_init+0x0/0x35 returned 0 after 0 usecs
[    2.138001] calling  cgroup_sysfs_init+0x0/0x13 @ 1
[    2.140835] initcall cgroup_sysfs_init+0x0/0x13 returned 0 after 0 usecs
[    2.140984] calling  cgroup_namespaces_init+0x0/0x7 @ 1
[    2.141985] initcall cgroup_namespaces_init+0x0/0x7 returned 0 after 0 usecs
[    2.142986] calling  init_optprobes+0x0/0x13 @ 1
[    2.144165] Kprobes globally optimized
[    2.144985] initcall init_optprobes+0x0/0x13 returned 0 after 976 usecs
[    2.145986] calling  oom_init+0x0/0x2f @ 1
[    2.149558] audit: type=2000 audit(1670972481.822:1): state=initialized audit_enabled=0 res=1
[    2.151224] initcall oom_init+0x0/0x2f returned 0 after 3906 usecs
[    2.151986] calling  default_bdi_init+0x0/0x35 @ 1
[    2.156848] initcall default_bdi_init+0x0/0x35 returned 0 after 2929 usecs
[    2.156990] calling  percpu_enable_async+0x0/0xe @ 1
[    2.157983] initcall percpu_enable_async+0x0/0xe returned 0 after 0 usecs
[    2.159002] calling  kcompactd_init+0x0/0x46 @ 1
[    2.161061] initcall kcompactd_init+0x0/0x46 returned 0 after 976 usecs
[    2.162253] calling  init_user_reserve+0x0/0x30 @ 1
[    2.164025] initcall init_user_reserve+0x0/0x30 returned 0 after 0 usecs
[    2.165135] calling  init_admin_reserve+0x0/0x30 @ 1
[    2.165983] initcall init_admin_reserve+0x0/0x30 returned 0 after 0 usecs
[    2.167069] calling  init_reserve_notifier+0x0/0x7 @ 1
[    2.169040] initcall init_reserve_notifier+0x0/0x7 returned 0 after 0 usecs
[    2.169985] calling  swap_init_sysfs+0x0/0x62 @ 1
[    2.171057] initcall swap_init_sysfs+0x0/0x62 returned 0 after 0 usecs
[    2.171986] calling  swapfile_init+0x0/0x46 @ 1
[    2.172987] initcall swapfile_init+0x0/0x46 returned 0 after 0 usecs
[    2.173986] calling  hugetlb_init+0x0/0x411 @ 1
[    2.175157] HugeTLB registered 2.00 MiB page size, pre-allocated 0 pages
[    2.176042] initcall hugetlb_init+0x0/0x411 returned 0 after 976 usecs
[    2.176983] calling  io_wq_init+0x0/0x34 @ 1
[    2.178024] initcall io_wq_init+0x0/0x34 returned 0 after 0 usecs
[    2.178985] calling  seqiv_module_init+0x0/0xc @ 1
[    2.180139] initcall seqiv_module_init+0x0/0xc returned 0 after 0 usecs
[    2.181075] calling  echainiv_module_init+0x0/0xc @ 1
[    2.181983] initcall echainiv_module_init+0x0/0xc returned 0 after 0 usecs
[    2.184145] calling  rsa_init+0x0/0x50 @ 1
[    2.186209] cryptomgr_test (17) used greatest stack depth: 15544 bytes left
[    2.187159] initcall rsa_init+0x0/0x50 returned 0 after 1953 usecs
[    2.187983] calling  crypto_cmac_module_init+0x0/0xc @ 1
[    2.188984] initcall crypto_cmac_module_init+0x0/0xc returned 0 after 0 usecs
[    2.189984] calling  hmac_module_init+0x0/0xc @ 1
[    2.190983] initcall hmac_module_init+0x0/0xc returned 0 after 0 usecs
[    2.191982] calling  crypto_null_mod_init+0x0/0x65 @ 1
[    2.193101] initcall crypto_null_mod_init+0x0/0x65 returned 0 after 0 usecs
[    2.193990] calling  md5_mod_init+0x0/0xc @ 1
[    2.195028] initcall md5_mod_init+0x0/0xc returned 0 after 0 usecs
[    2.195981] calling  sha256_generic_mod_init+0x0/0x11 @ 1
[    2.197036] initcall sha256_generic_mod_init+0x0/0x11 returned 0 after 0 usecs
[    2.197982] calling  crypto_cbc_module_init+0x0/0xc @ 1
[    2.198981] initcall crypto_cbc_module_init+0x0/0xc returned 0 after 0 usecs
[    2.199982] calling  crypto_ctr_module_init+0x0/0x11 @ 1
[    2.201980] initcall crypto_ctr_module_init+0x0/0x11 returned 0 after 976 usecs
[    2.202983] calling  crypto_gcm_module_init+0x0/0x64 @ 1
[    2.204232] initcall crypto_gcm_module_init+0x0/0x64 returned 0 after 0 usecs
[    2.204983] calling  crypto_ccm_module_init+0x0/0x11 @ 1
[    2.205986] initcall crypto_ccm_module_init+0x0/0x11 returned 0 after 0 usecs
[    2.206983] calling  aes_init+0x0/0xc @ 1
[    2.208033] initcall aes_init+0x0/0xc returned 0 after 0 usecs
[    2.208983] calling  crc32c_mod_init+0x0/0xc @ 1
[    2.210035] initcall crc32c_mod_init+0x0/0xc returned 0 after 0 usecs
[    2.210984] calling  crypto_authenc_module_init+0x0/0xc @ 1
[    2.211987] initcall crypto_authenc_module_init+0x0/0xc returned 0 after 0 usecs
[    2.212985] calling  crypto_authenc_esn_module_init+0x0/0xc @ 1
[    2.213988] initcall crypto_authenc_esn_module_init+0x0/0xc returned 0 after 0 usecs
[    2.214987] calling  drbg_init+0x0/0x7c @ 1
[    2.217174] initcall drbg_init+0x0/0x7c returned 0 after 976 usecs
[    2.217986] calling  ghash_mod_init+0x0/0xc @ 1
[    2.219030] initcall ghash_mod_init+0x0/0xc returned 0 after 0 usecs
[    2.220981] calling  init_bio+0x0/0x9a @ 1
[    2.223927] initcall init_bio+0x0/0x9a returned 0 after 976 usecs
[    2.224983] calling  blk_settings_init+0x0/0x29 @ 1
[    2.225982] initcall blk_settings_init+0x0/0x29 returned 0 after 0 usecs
[    2.226982] calling  blk_ioc_init+0x0/0x29 @ 1
[    2.227986] initcall blk_ioc_init+0x0/0x29 returned 0 after 0 usecs
[    2.228982] calling  blk_mq_init+0x0/0x96 @ 1
[    2.230066] initcall blk_mq_init+0x0/0x96 returned 0 after 0 usecs
[    2.230981] calling  genhd_device_init+0x0/0x75 @ 1
[    2.233791] initcall genhd_device_init+0x0/0x75 returned 0 after 976 usecs
[    2.234045] calling  pci_slot_init+0x0/0x40 @ 1
[    2.235178] initcall pci_slot_init+0x0/0x40 returned 0 after 0 usecs
[    2.236000] calling  fbmem_init+0x0/0xd8 @ 1
[    2.237234] initcall fbmem_init+0x0/0xd8 returned 0 after 0 usecs
[    2.237982] calling  acpi_init+0x0/0x316 @ 1
[    2.239234] ACPI: Added _OSI(Module Device)
[    2.239979] ACPI: Added _OSI(Processor Device)
[    2.240979] ACPI: Added _OSI(3.0 _SCP Extensions)
[    2.241994] ACPI: Added _OSI(Processor Aggregator Device)
[    2.242982] ACPI: Added _OSI(Linux-Dell-Video)
[    2.243983] ACPI: Added _OSI(Linux-Lenovo-NV-HDMI-Audio)
[    2.244982] ACPI: Added _OSI(Linux-HPI-Hybrid-Graphics)
[    2.250123] ACPI: 1 ACPI AML tables successfully acquired and loaded
[    2.256422] ACPI: Interpreter enabled
[    2.258254] ACPI: (supports S0 S3 S4 S5)
[    2.259289] ACPI: Using IOAPIC for interrupt routing
[    2.260187] PCI: Using host bridge windows from ACPI; if necessary, use "pci=nocrs" and report a bug
[    2.261504] ACPI: Enabled 2 GPEs in block 00 to 3F
[    2.270245] ACPI: PCI Root Bridge [PCI0] (domain 0000 [bus 00-ff])
[    2.272777] acpi PNP0A08:00: _OSC: OS supports [ExtendedConfig ASPM ClockPM Segments MSI HPX-Type3]
[    2.273077] acpi PNP0A08:00: _OSC: platform does not support [LTR]
[    2.274070] acpi PNP0A08:00: _OSC: OS now controls [PME PCIeCapability]
[    2.276594] PCI host bridge to bus 0000:00
[    2.277012] pci_bus 0000:00: root bus resource [io  0x0000-0x0cf7 window]
[    2.277982] pci_bus 0000:00: root bus resource [io  0x0d00-0xffff window]
[    2.279981] pci_bus 0000:00: root bus resource [mem 0x000a0000-0x000bffff window]
[    2.280982] pci_bus 0000:00: root bus resource [mem 0x20000000-0xafffffff window]
[    2.281982] pci_bus 0000:00: root bus resource [mem 0xc0000000-0xfebfffff window]
[    2.282982] pci_bus 0000:00: root bus resource [mem 0x100000000-0x8ffffffff window]
[    2.284982] pci_bus 0000:00: root bus resource [bus 00-ff]
[    2.287423] pci 0000:00:00.0: calling  quirk_mmio_always_on+0x0/0x10 @ 1
[    2.287984] pci 0000:00:00.0: quirk_mmio_always_on+0x0/0x10 took 0 usecs
[    2.288981] pci 0000:00:00.0: [8086:29c0] type 00 class 0x060000
[    2.294149] pci 0000:00:00.0: calling  quirk_igfx_skip_te_disable+0x0/0x80 @ 1
[    2.295046] pci 0000:00:00.0: quirk_igfx_skip_te_disable+0x0/0x80 took 0 usecs
[    2.298981] pci 0000:00:01.0: [1234:1111] type 00 class 0x030000
[    2.304384] pci 0000:00:01.0: reg 0x10: [mem 0xfd000000-0xfdffffff pref]
[    2.314621] pci 0000:00:01.0: reg 0x18: [mem 0xfebf0000-0xfebf0fff]
[    2.330579] pci 0000:00:01.0: reg 0x30: [mem 0xfebe0000-0xfebeffff pref]
[    2.333903] pci 0000:00:01.0: calling  efifb_fixup_resources+0x0/0xf0 @ 1
[    2.335077] pci 0000:00:01.0: efifb_fixup_resources+0x0/0xf0 took 976 usecs
[    2.351724] pci 0000:00:1f.0: [8086:2918] type 00 class 0x060100
[    2.357975] pci 0000:00:1f.0: calling  quirk_ich7_lpc+0x0/0x60 @ 1
[    2.359606] pci 0000:00:1f.0: quirk: [io  0x0600-0x067f] claimed by ICH6 ACPI/GPIO/TCO
[    2.361152] pci 0000:00:1f.0: quirk_ich7_lpc+0x0/0x60 took 1953 usecs
[    2.362686] pci 0000:00:1f.0: calling  quirk_igfx_skip_te_disable+0x0/0x80 @ 1
[    2.364131] pci 0000:00:1f.0: quirk_igfx_skip_te_disable+0x0/0x80 took 0 usecs
[    2.368596] pci 0000:00:1f.2: [8086:2922] type 00 class 0x010601
[    2.377967] pci 0000:00:1f.2: reg 0x20: [io  0xc040-0xc05f]
[    2.380558] pci 0000:00:1f.2: reg 0x24: [mem 0xfebf1000-0xfebf1fff]
[    2.382217] pci 0000:00:1f.2: calling  quirk_igfx_skip_te_disable+0x0/0x80 @ 1
[    2.382988] pci 0000:00:1f.2: quirk_igfx_skip_te_disable+0x0/0x80 took 0 usecs
[    2.387760] pci 0000:00:1f.3: [8086:2930] type 00 class 0x0c0500
[    2.395981] pci 0000:00:1f.3: reg 0x20: [io  0x0700-0x073f]
[    2.401234] pci 0000:00:1f.3: calling  quirk_igfx_skip_te_disable+0x0/0x80 @ 1
[    2.401988] pci 0000:00:1f.3: quirk_igfx_skip_te_disable+0x0/0x80 took 0 usecs
[    2.404177] pci_bus 0000:00: on NUMA node 0
[    2.407174] ACPI: PCI Interrupt Link [LNKA] (IRQs 5 *10 11)
[    2.408401] ACPI: PCI Interrupt Link [LNKB] (IRQs 5 *10 11)
[    2.409414] ACPI: PCI Interrupt Link [LNKC] (IRQs 5 10 *11)
[    2.410413] ACPI: PCI Interrupt Link [LNKD] (IRQs 5 10 *11)
[    2.412290] ACPI: PCI Interrupt Link [LNKE] (IRQs 5 *10 11)
[    2.413389] ACPI: PCI Interrupt Link [LNKF] (IRQs 5 *10 11)
[    2.414386] ACPI: PCI Interrupt Link [LNKG] (IRQs 5 10 *11)
[    2.416092] ACPI: PCI Interrupt Link [LNKH] (IRQs 5 10 *11)
[    2.417194] ACPI: PCI Interrupt Link [GSIA] (IRQs *16)
[    2.417998] ACPI: PCI Interrupt Link [GSIB] (IRQs *17)
[    2.418994] ACPI: PCI Interrupt Link [GSIC] (IRQs *18)
[    2.419993] ACPI: PCI Interrupt Link [GSID] (IRQs *19)
[    2.420992] ACPI: PCI Interrupt Link [GSIE] (IRQs *20)
[    2.421990] ACPI: PCI Interrupt Link [GSIF] (IRQs *21)
[    2.422989] ACPI: PCI Interrupt Link [GSIG] (IRQs *22)
[    2.424000] ACPI: PCI Interrupt Link [GSIH] (IRQs *23)
[    2.427975] initcall acpi_init+0x0/0x316 returned 0 after 183593 usecs
[    2.429231] calling  pnp_init+0x0/0xc @ 1
[    2.430023] initcall pnp_init+0x0/0xc returned 0 after 0 usecs
[    2.430982] calling  misc_init+0x0/0xbf @ 1
[    2.433119] initcall misc_init+0x0/0xbf returned 0 after 976 usecs
[    2.433982] calling  iommu_subsys_init+0x0/0x4e @ 1
[    2.435097] iommu: Default domain type: Translated 
[    2.435983] initcall iommu_subsys_init+0x0/0x4e returned 0 after 976 usecs
[    2.436982] calling  vga_arb_device_init+0x0/0x26c @ 1
[    2.440236] pci 0000:00:01.0: vgaarb: setting as boot VGA device
[    2.440975] pci 0000:00:01.0: vgaarb: VGA device added: decodes=io+mem,owns=io+mem,locks=none
[    2.440981] pci 0000:00:01.0: vgaarb: bridge control possible
[    2.441979] vgaarb: loaded
[    2.442983] initcall vga_arb_device_init+0x0/0x26c returned 0 after 4882 usecs
[    2.444085] calling  cn_init+0x0/0xf0 @ 1
[    2.446042] initcall cn_init+0x0/0xf0 returned 0 after 976 usecs
[    2.446983] calling  dma_buf_init+0x0/0xad @ 1
[    2.448983] initcall dma_buf_init+0x0/0xad returned 0 after 976 usecs
[    2.449982] calling  init_scsi+0x0/0x79 @ 1
[    2.452744] SCSI subsystem initialized
[    2.453027] initcall init_scsi+0x0/0x79 returned 0 after 1953 usecs
[    2.453998] calling  ata_init+0x0/0x332 @ 1
[    2.456817] libata version 3.00 loaded.
[    2.456982] initcall ata_init+0x0/0x332 returned 0 after 1953 usecs
[    2.457980] calling  phy_init+0x0/0x250 @ 1
[    2.459366] initcall phy_init+0x0/0x250 returned 0 after 0 usecs
[    2.459980] calling  init_pcmcia_cs+0x0/0x35 @ 1
[    2.461078] initcall init_pcmcia_cs+0x0/0x35 returned 0 after 0 usecs
[    2.461980] calling  usb_common_init+0x0/0x1c @ 1
[    2.463033] initcall usb_common_init+0x0/0x1c returned 0 after 0 usecs
[    2.463983] calling  usb_init+0x0/0x12e @ 1
[    2.465092] ACPI: bus type USB registered
[    2.466599] usbcore: registered new interface driver usbfs
[    2.467069] usbcore: registered new interface driver hub
[    2.469013] usbcore: registered new device driver usb
[    2.469982] initcall usb_init+0x0/0x12e returned 0 after 4882 usecs
[    2.470982] calling  serio_init+0x0/0x29 @ 1
[    2.472989] initcall serio_init+0x0/0x29 returned 0 after 976 usecs
[    2.473982] calling  input_init+0x0/0xf6 @ 1
[    2.475107] initcall input_init+0x0/0xf6 returned 0 after 0 usecs
[    2.475982] calling  rtc_init+0x0/0x4d @ 1
[    2.477016] initcall rtc_init+0x0/0x4d returned 0 after 0 usecs
[    2.477995] calling  pps_init+0x0/0xa9 @ 1
[    2.479074] pps_core: LinuxPPS API ver. 1 registered
[    2.479978] pps_core: Software ver. 5.3.6 - Copyright 2005-2007 Rodolfo Giometti <giometti@linux.it>
[    2.480984] initcall pps_init+0x0/0xa9 returned 0 after 1953 usecs
[    2.481986] calling  ptp_init+0x0/0x98 @ 1
[    2.482997] PTP clock support registered
[    2.483985] initcall ptp_init+0x0/0x98 returned 0 after 976 usecs
[    2.484986] calling  power_supply_class_init+0x0/0x3f @ 1
[    2.490313] initcall power_supply_class_init+0x0/0x3f returned 0 after 3906 usecs
[    2.490983] calling  hwmon_init+0x0/0x104 @ 1
[    2.492000] initcall hwmon_init+0x0/0x104 returned 0 after 0 usecs
[    2.492982] calling  md_init+0x0/0x16b @ 1
[    2.494289] initcall md_init+0x0/0x16b returned 0 after 0 usecs
[    2.494983] calling  leds_init+0x0/0x3b @ 1
[    2.496013] initcall leds_init+0x0/0x3b returned 0 after 0 usecs
[    2.496984] calling  dmi_init+0x0/0x113 @ 1
[    2.498210] initcall dmi_init+0x0/0x113 returned 0 after 0 usecs
[    2.498982] calling  efisubsys_init+0x0/0x4e6 @ 1
[    2.500014] initcall efisubsys_init+0x0/0x4e6 returned 0 after 0 usecs
[    2.500981] calling  nvmem_init+0x0/0xc @ 1
[    2.502051] initcall nvmem_init+0x0/0xc returned 0 after 0 usecs
[    2.502982] calling  init_soundcore+0x0/0x33 @ 1
[    2.503999] initcall init_soundcore+0x0/0x33 returned 0 after 0 usecs
[    2.504983] calling  alsa_sound_init+0x0/0x8f @ 1
[    2.507311] Advanced Linux Sound Architecture Driver Initialized.
[    2.507984] initcall alsa_sound_init+0x0/0x8f returned 0 after 1953 usecs
[    2.509034] calling  alsa_seq_device_init+0x0/0x71 @ 1
[    2.510199] initcall alsa_seq_device_init+0x0/0x71 returned 0 after 0 usecs
[    2.510981] calling  hda_bus_init+0x0/0xc @ 1
[    2.513129] initcall hda_bus_init+0x0/0xc returned 0 after 976 usecs
[    2.513983] calling  proto_init+0x0/0xc @ 1
[    2.515248] initcall proto_init+0x0/0xc returned 0 after 0 usecs
[    2.515983] calling  net_dev_init+0x0/0x1cc @ 1
[    2.524981] initcall net_dev_init+0x0/0x1cc returned 0 after 7812 usecs
[    2.525982] calling  neigh_init+0x0/0x84 @ 1
[    2.526985] initcall neigh_init+0x0/0x84 returned 0 after 0 usecs
[    2.527984] calling  fib_notifier_init+0x0/0xc @ 1
[    2.528987] initcall fib_notifier_init+0x0/0xc returned 0 after 0 usecs
[    2.529985] calling  fib_rules_init+0x0/0xab @ 1
[    2.531192] initcall fib_rules_init+0x0/0xab returned 0 after 0 usecs
[    2.531985] calling  pktsched_init+0x0/0x10e @ 1
[    2.533030] initcall pktsched_init+0x0/0x10e returned 0 after 0 usecs
[    2.533984] calling  tc_filter_init+0x0/0xfa @ 1
[    2.535141] initcall tc_filter_init+0x0/0xfa returned 0 after 0 usecs
[    2.535985] calling  tc_action_init+0x0/0x54 @ 1
[    2.536986] initcall tc_action_init+0x0/0x54 returned 0 after 0 usecs
[    2.537994] calling  ethnl_init+0x0/0x52 @ 1
[    2.539424] initcall ethnl_init+0x0/0x52 returned 0 after 0 usecs
[    2.539986] calling  nexthop_init+0x0/0xd8 @ 1
[    2.543992] initcall nexthop_init+0x0/0xd8 returned 0 after 2929 usecs
[    2.544985] calling  cipso_v4_init+0x0/0x5a @ 1
[    2.547387] initcall cipso_v4_init+0x0/0x5a returned 0 after 976 usecs
[    2.547984] calling  ieee80211_init+0x0/0x24 @ 1
[    2.550551] initcall ieee80211_init+0x0/0x24 returned 0 after 976 usecs
[    2.550985] calling  netlbl_init+0x0/0x78 @ 1
[    2.552334] NetLabel: Initializing
[    2.552979] NetLabel:  domain hash size = 128
[    2.553978] NetLabel:  protocols = UNLABELED CIPSOv4 CALIPSO
[    2.557678] NetLabel:  unlabeled traffic allowed by default
[    2.557985] initcall netlbl_init+0x0/0x78 returned 0 after 5859 usecs
[    2.558984] calling  rfkill_init+0x0/0x111 @ 1
[    2.561688] initcall rfkill_init+0x0/0x111 returned 0 after 976 usecs
[    2.561984] calling  pci_subsys_init+0x0/0x66 @ 1
[    2.563822] PCI: Using ACPI for IRQ routing
[    3.342824] PCI: pci_cache_line_size set to 64 bytes
[    3.345643] e820: reserve RAM buffer [mem 0x0009fc00-0x0009ffff]
[    3.346155] e820: reserve RAM buffer [mem 0x1ffdf000-0x1fffffff]
[    3.347305] initcall pci_subsys_init+0x0/0x66 returned 0 after 765625 usecs
[    3.354818] calling  nmi_warning_debugfs+0x0/0x26 @ 1
[    3.355514] initcall nmi_warning_debugfs+0x0/0x26 returned 0 after 0 usecs
[    3.355985] calling  save_microcode_in_initrd+0x0/0x51 @ 1
[    3.357252] initcall save_microcode_in_initrd+0x0/0x51 returned 0 after 0 usecs
[    3.358022] calling  hpet_late_init+0x0/0x1f6 @ 1
[    3.360035] hpet: 3 channels of 0 reserved for per-cpu timers
[    3.362542] hpet0: at MMIO 0xfed00000, IRQs 2, 8, 0
[    3.362980] hpet0: 3 comparators, 64-bit 100.000000 MHz counter
[    3.367986] initcall hpet_late_init+0x0/0x1f6 returned 0 after 8789 usecs
[    3.368986] calling  init_amd_nbs+0x0/0x11c @ 1
[    3.369989] initcall init_amd_nbs+0x0/0x11c returned 0 after 0 usecs
[    3.370984] calling  clocksource_done_booting+0x0/0x41 @ 1
[    3.374013] clocksource: Switched to clocksource kvm-clock
[    3.381529] initcall clocksource_done_booting+0x0/0x41 returned 0 after 9324 usecs
[    3.391948] calling  tracer_init_tracefs+0x0/0x1fb @ 1
[    4.097540] initcall tracer_init_tracefs+0x0/0x1fb returned 0 after 682465 usecs
[    4.107706] calling  init_trace_printk_function_export+0x0/0x2c @ 1
[    4.115765] initcall init_trace_printk_function_export+0x0/0x2c returned 0 after 9 usecs
[    4.125492] calling  init_kprobe_trace+0x0/0x1a9 @ 1
[    4.132130] initcall init_kprobe_trace+0x0/0x1a9 returned 0 after 178 usecs
[    4.140934] calling  init_dynamic_event+0x0/0x3d @ 1
[    4.147029] initcall init_dynamic_event+0x0/0x3d returned 0 after 7 usecs
[    4.155494] calling  init_uprobe_trace+0x0/0x5c @ 1
[    4.161733] initcall init_uprobe_trace+0x0/0x5c returned 0 after 167 usecs
[    4.170187] calling  init_pipe_fs+0x0/0x44 @ 1
[    4.176781] initcall init_pipe_fs+0x0/0x44 returned 0 after 416 usecs
[    4.184638] calling  inotify_user_setup+0x0/0x47 @ 1
[    4.194177] initcall inotify_user_setup+0x0/0x47 returned 0 after 376 usecs
[    4.204570] calling  eventpoll_init+0x0/0xcc @ 1
[    4.212752] initcall eventpoll_init+0x0/0xcc returned 0 after 1175 usecs
[    4.221638] calling  anon_inode_init+0x0/0x58 @ 1
[    4.228849] initcall anon_inode_init+0x0/0x58 returned 0 after 535 usecs
[    4.237042] calling  proc_locks_init+0x0/0x27 @ 1
[    4.243236] initcall proc_locks_init+0x0/0x27 returned 0 after 4 usecs
[    4.251324] calling  iomap_init+0x0/0x1b @ 1
[    4.259594] initcall iomap_init+0x0/0x1b returned 0 after 2649 usecs
[    4.267836] calling  dquot_init+0x0/0xd7 @ 1
[    4.273765] VFS: Disk quotas dquot_6.6.0
[    4.280368] VFS: Dquot-cache hash table entries: 512 (order 0, 4096 bytes)
[    4.290836] initcall dquot_init+0x0/0xd7 returned 0 after 16748 usecs
[    4.346327] calling  quota_init+0x0/0x23 @ 1
[    4.389932] initcall quota_init+0x0/0x23 returned 0 after 26689 usecs
[    4.397940] calling  proc_cmdline_init+0x0/0x21 @ 1
[    4.407320] initcall proc_cmdline_init+0x0/0x21 returned 0 after 2104 usecs
[    4.417983] calling  proc_consoles_init+0x0/0x24 @ 1
[    4.429134] initcall proc_consoles_init+0x0/0x24 returned 0 after 3304 usecs
[    4.439321] calling  proc_cpuinfo_init+0x0/0x1e @ 1
[    4.446976] initcall proc_cpuinfo_init+0x0/0x1e returned 0 after 257 usecs
[    4.457395] calling  proc_devices_init+0x0/0x24 @ 1
[    4.465460] initcall proc_devices_init+0x0/0x24 returned 0 after 178 usecs
[    4.475411] calling  proc_interrupts_init+0x0/0x24 @ 1
[    4.489692] initcall proc_interrupts_init+0x0/0x24 returned 0 after 590 usecs
[    4.500081] calling  proc_loadavg_init+0x0/0x21 @ 1
[    4.507394] initcall proc_loadavg_init+0x0/0x21 returned 0 after 4 usecs
[    4.517394] calling  proc_meminfo_init+0x0/0x21 @ 1
[    4.524732] initcall proc_meminfo_init+0x0/0x21 returned 0 after 4 usecs
[    4.534429] calling  proc_stat_init+0x0/0x1e @ 1
[    4.541644] initcall proc_stat_init+0x0/0x1e returned 0 after 45 usecs
[    4.551170] calling  proc_uptime_init+0x0/0x21 @ 1
[    4.558254] initcall proc_uptime_init+0x0/0x21 returned 0 after 20 usecs
[    4.568220] calling  proc_version_init+0x0/0x21 @ 1
[    4.575609] initcall proc_version_init+0x0/0x21 returned 0 after 45 usecs
[    4.585527] calling  proc_softirqs_init+0x0/0x21 @ 1
[    4.592945] initcall proc_softirqs_init+0x0/0x21 returned 0 after 4 usecs
[    4.603073] calling  proc_kcore_init+0x0/0xea @ 1
[    4.610393] initcall proc_kcore_init+0x0/0xea returned 0 after 243 usecs
[    4.620240] calling  vmcore_init+0x0/0x578 @ 1
[    4.626756] initcall vmcore_init+0x0/0x578 returned 0 after 23 usecs
[    4.636066] calling  proc_kmsg_init+0x0/0x21 @ 1
[    4.643251] initcall proc_kmsg_init+0x0/0x21 returned 0 after 240 usecs
[    4.652929] calling  proc_page_init+0x0/0x3b @ 1
[    4.659810] initcall proc_page_init+0x0/0x3b returned 0 after 6 usecs
[    4.669505] calling  init_ramfs_fs+0x0/0xc @ 1
[    4.677388] initcall init_ramfs_fs+0x0/0xc returned 0 after 1147 usecs
[    4.687408] calling  init_hugetlbfs_fs+0x0/0xf6 @ 1
[    4.695340] initcall init_hugetlbfs_fs+0x0/0xf6 returned 0 after 772 usecs
[    4.705327] calling  blk_scsi_ioctl_init+0x0/0x2a5 @ 1
[    4.712951] initcall blk_scsi_ioctl_init+0x0/0x2a5 returned 0 after 62 usecs
[    4.723245] calling  acpi_event_init+0x0/0x2c @ 1
[    4.730172] initcall acpi_event_init+0x0/0x2c returned 0 after 135 usecs
[    4.740141] calling  pnp_system_init+0x0/0xc @ 1
[    4.748253] initcall pnp_system_init+0x0/0xc returned 0 after 1106 usecs
[    4.758089] calling  pnpacpi_init+0x0/0x69 @ 1
[    4.764770] pnp: PnP ACPI init
[    4.771389] pnp 00:00: Plug and Play ACPI device, IDs PNP0303 (active)
[    4.780634] pnp 00:01: Plug and Play ACPI device, IDs PNP0f13 (active)
[    4.790109] pnp 00:02: Plug and Play ACPI device, IDs PNP0400 (active)
[    4.799611] pnp 00:03: Plug and Play ACPI device, IDs PNP0501 (active)
[    4.809130] pnp 00:04: Plug and Play ACPI device, IDs PNP0b00 (active)
[    4.819677] system 00:05: [mem 0xb0000000-0xbfffffff window] has been reserved
[    4.829932] system 00:05: Plug and Play ACPI device, IDs PNP0c01 (active)
[    4.840470] pnp: PnP ACPI: found 6 devices
[    4.845297] initcall pnpacpi_init+0x0/0x69 returned 0 after 78712 usecs
[    4.852984] calling  chr_dev_init+0x0/0x14d @ 1
[    4.864202] initcall chr_dev_init+0x0/0x14d returned 0 after 5739 usecs
[    4.871876] calling  firmware_class_init+0x0/0xde @ 1
[    4.878181] initcall firmware_class_init+0x0/0xde returned 0 after 276 usecs
[    4.886482] calling  init_pcmcia_bus+0x0/0x5b @ 1
[    4.892342] initcall init_pcmcia_bus+0x0/0x5b returned 0 after 230 usecs
[    4.900226] calling  init_acpi_pm_clocksource+0x0/0xda @ 1
[    4.912288] clocksource: acpi_pm: mask: 0xffffff max_cycles: 0xffffff, max_idle_ns: 2085701024 ns
[    4.922757] initcall init_acpi_pm_clocksource+0x0/0xda returned 0 after 15720 usecs
[    4.931677] calling  sysctl_core_init+0x0/0x26 @ 1
[    4.937644] initcall sysctl_core_init+0x0/0x26 returned 0 after 245 usecs
[    4.945682] calling  eth_offload_init+0x0/0x13 @ 1
[    4.951479] initcall eth_offload_init+0x0/0x13 returned 0 after 14 usecs
[    4.959414] calling  ipv4_offload_init+0x0/0x73 @ 1
[    4.965437] initcall ipv4_offload_init+0x0/0x73 returned 0 after 121 usecs
[    4.973494] calling  inet_init+0x0/0x276 @ 1
[    4.978796] NET: Registered protocol family 2
[    4.984705] IP idents hash table entries: 8192 (order: 4, 65536 bytes, linear)
[    5.000192] tcp_listen_portaddr_hash hash table entries: 256 (order: 0, 4096 bytes, linear)
[    5.010109] TCP established hash table entries: 4096 (order: 3, 32768 bytes, linear)
[    5.019657] TCP bind hash table entries: 4096 (order: 3, 32768 bytes, linear)
[    5.028049] TCP: Hash tables configured (established 4096 bind 4096)
[    5.037206] UDP hash table entries: 256 (order: 1, 8192 bytes, linear)
[    5.045390] UDP-Lite hash table entries: 256 (order: 1, 8192 bytes, linear)
[    5.053639] initcall inet_init+0x0/0x276 returned 0 after 73258 usecs
[    5.061175] calling  af_unix_init+0x0/0x4d @ 1
[    5.066418] NET: Registered protocol family 1
[    5.071667] initcall af_unix_init+0x0/0x4d returned 0 after 5143 usecs
[    5.079263] calling  ipv6_offload_init+0x0/0x7e @ 1
[    5.084985] initcall ipv6_offload_init+0x0/0x7e returned 0 after 37 usecs
[    5.092837] calling  init_sunrpc+0x0/0x65 @ 1
[    5.099129] RPC: Registered named UNIX socket transport module.
[    5.105996] RPC: Registered udp transport module.
[    5.111485] RPC: Registered tcp transport module.
[    5.117064] RPC: Registered tcp NFSv4.1 backchannel transport module.
[    5.124475] initcall init_sunrpc+0x0/0x65 returned 0 after 25758 usecs
[    5.132148] calling  cfg80211_init+0x0/0xc5 @ 1
[    5.138523] initcall cfg80211_init+0x0/0xc5 returned 0 after 966 usecs
[    5.146065] calling  pcibios_assign_resources+0x0/0xa8 @ 1
[    5.152900] pci_bus 0000:00: resource 4 [io  0x0000-0x0cf7 window]
[    5.160099] pci_bus 0000:00: resource 5 [io  0x0d00-0xffff window]
[    5.167487] pci_bus 0000:00: resource 6 [mem 0x000a0000-0x000bffff window]
[    5.175377] pci_bus 0000:00: resource 7 [mem 0x20000000-0xafffffff window]
[    5.185538] pci_bus 0000:00: resource 8 [mem 0xc0000000-0xfebfffff window]
[    5.193775] pci_bus 0000:00: resource 9 [mem 0x100000000-0x8ffffffff window]
[    5.202321] initcall pcibios_assign_resources+0x0/0xa8 returned 0 after 48709 usecs
[    5.211598] calling  pci_apply_final_quirks+0x0/0x124 @ 1
[    5.218851] pci 0000:00:01.0: calling  pci_fixup_video+0x0/0xe0 @ 1
[    5.226819] pci 0000:00:01.0: Video device with shadowed ROM at [mem 0x000c0000-0x000dffff]
[    5.236714] pci 0000:00:01.0: pci_fixup_video+0x0/0xe0 took 9925 usecs
[    5.244637] PCI: CLS 0 bytes, default 64
[    5.249337] initcall pci_apply_final_quirks+0x0/0x124 returned 0 after 30477 usecs
[    5.258746] calling  acpi_reserve_resources+0x0/0xea @ 1
[    5.265894] initcall acpi_reserve_resources+0x0/0xea returned 0 after 41 usecs
[    5.274895] calling  populate_rootfs+0x0/0x102 @ 1
[    5.282158] initcall populate_rootfs+0x0/0x102 returned 0 after 1165 usecs
[    5.290231] calling  pci_iommu_init+0x0/0x3e @ 1
[    5.296451] initcall pci_iommu_init+0x0/0x3e returned 0 after 240 usecs
[    5.308183] calling  ia32_binfmt_init+0x0/0x13 @ 1
[    5.314953] initcall ia32_binfmt_init+0x0/0x13 returned 0 after 154 usecs
[    5.324043] calling  rapl_pmu_init+0x0/0x25f @ 1
[    5.329848] initcall rapl_pmu_init+0x0/0x25f returned -19 after 82 usecs
[    5.338459] calling  amd_uncore_init+0x0/0x310 @ 1
[    5.344688] initcall amd_uncore_init+0x0/0x310 returned -19 after 0 usecs
[    5.353825] calling  amd_ibs_init+0x0/0x233 @ 1
[    5.359770] initcall amd_ibs_init+0x0/0x233 returned -19 after 0 usecs
[    5.367476] calling  amd_iommu_pc_init+0x0/0x20c @ 1
[    5.373441] initcall amd_iommu_pc_init+0x0/0x20c returned -19 after 24 usecs
[    5.382438] calling  msr_init+0x0/0x55 @ 1
[    5.387814] initcall msr_init+0x0/0x55 returned 0 after 201 usecs
[    5.395295] calling  intel_uncore_init+0x0/0x31e @ 1
[    5.401302] initcall intel_uncore_init+0x0/0x31e returned -19 after 34 usecs
[    5.409368] calling  cstate_pmu_init+0x0/0x181 @ 1
[    5.415206] initcall cstate_pmu_init+0x0/0x181 returned -19 after 0 usecs
[    5.423494] calling  register_kernel_offset_dumper+0x0/0x1a @ 1
[    5.430635] initcall register_kernel_offset_dumper+0x0/0x1a returned 0 after 34 usecs
[    5.439531] calling  i8259A_init_ops+0x0/0x20 @ 1
[    5.444852] initcall i8259A_init_ops+0x0/0x20 returned 0 after 1 usecs
[    5.452261] calling  init_tsc_clocksource+0x0/0xa4 @ 1
[    5.458210] clocksource: tsc: mask: 0xffffffffffffffff max_cycles: 0x39a85afc727, max_idle_ns: 881590685098 ns
[    5.469593] initcall init_tsc_clocksource+0x0/0xa4 returned 0 after 11134 usecs
[    5.477924] calling  add_rtc_cmos+0x0/0xb0 @ 1
[    5.483165] initcall add_rtc_cmos+0x0/0xb0 returned 0 after 1 usecs
[    5.490372] calling  i8237A_init_ops+0x0/0x3a @ 1
[    5.496362] initcall i8237A_init_ops+0x0/0x3a returned 0 after 103 usecs
[    5.504466] calling  umwait_init+0x0/0x94 @ 1
[    5.509773] initcall umwait_init+0x0/0x94 returned -19 after 34 usecs
[    5.517220] calling  thermal_throttle_init_device+0x0/0x3d @ 1
[    5.524194] initcall thermal_throttle_init_device+0x0/0x3d returned 0 after 24 usecs
[    5.533647] calling  msr_init+0x0/0xd7 @ 1
[    5.538773] initcall msr_init+0x0/0xd7 returned 0 after 231 usecs
[    5.546132] calling  cpuid_init+0x0/0xd7 @ 1
[    5.551684] initcall cpuid_init+0x0/0xd7 returned 0 after 79 usecs
[    5.560057] calling  ioapic_init_ops+0x0/0x13 @ 1
[    5.566120] initcall ioapic_init_ops+0x0/0x13 returned 0 after 57 usecs
[    5.574763] calling  add_pcspkr+0x0/0x6c @ 1
[    5.579936] initcall add_pcspkr+0x0/0x6c returned 0 after 82 usecs
[    5.587285] calling  start_periodic_check_for_corruption+0x0/0x30 @ 1
[    5.594955] check: Scanning for low memory corruption every 60 seconds
[    5.602219] initcall start_periodic_check_for_corruption+0x0/0x30 returned 0 after 7104 usecs
[    5.611909] calling  sysfb_init+0x0/0x9c @ 1
[    5.617127] initcall sysfb_init+0x0/0x9c returned 0 after 165 usecs
[    5.624651] calling  audit_classes_init+0x0/0xae @ 1
[    5.630329] initcall audit_classes_init+0x0/0xae returned 0 after 18 usecs
[    5.639700] calling  iosf_mbi_init+0x0/0x24 @ 1
[    5.645471] initcall iosf_mbi_init+0x0/0x24 returned 0 after 613 usecs
[    5.652849] calling  proc_execdomains_init+0x0/0x21 @ 1
[    5.658895] initcall proc_execdomains_init+0x0/0x21 returned 0 after 19 usecs
[    5.666976] calling  register_warn_debugfs+0x0/0x23 @ 1
[    5.672893] initcall register_warn_debugfs+0x0/0x23 returned 0 after 18 usecs
[    5.680923] calling  ioresources_init+0x0/0x49 @ 1
[    5.686531] initcall ioresources_init+0x0/0x49 returned 0 after 4 usecs
[    5.693915] calling  snapshot_device_init+0x0/0xc @ 1
[    5.700683] initcall snapshot_device_init+0x0/0xc returned 0 after 947 usecs
[    5.708667] calling  irq_pm_init_ops+0x0/0x13 @ 1
[    5.714185] initcall irq_pm_init_ops+0x0/0x13 returned 0 after 59 usecs
[    5.722037] calling  rcu_torture_init+0x0/0x89f @ 1
[    5.728076] tasks-torture:--- Start of test: nreaders=1 nfakewriters=4 stat_interval=15 verbose=1 test_no_idle_hz=1 shuffle_interval=3 stutter=5 irqreader=1 fqs_duration=0 fqs_holdoff=0 fqs_stutter=3 test_boost=1/0 test_boost_interval=7 test_boost_duration=4 shutdown_secs=3600 stall_cpu=0 stall_cpu_holdoff=10 stall_cpu_irqsoff=0 stall_cpu_block=0 n_barrier_cbs=4 onoff_interval=0 onoff_holdoff=0 read_exit_delay=13 read_exit_burst=16
[    5.770643] tasks:  Start-test grace-period state: g0 f0x0
[    5.776974] tasks-torture: Creating rcu_torture_writer task
[    5.783341] tasks-torture: Creating rcu_torture_fakewriter task
[    5.790412] tasks-torture: rcu_torture_writer task started
[    5.797137] tasks-torture: GP expediting controlled from boot/sysfs for tasks.
[    5.805916] rcu_torture_writer: Testing expedited GPs.
[    5.812531] rcu_torture_writer: Testing asynchronous GPs.
[    5.819220] rcu_torture_writer: Testing normal GPs.
[    5.825284] tasks-torture: Creating rcu_torture_fakewriter task
[    5.832757] tasks-torture: rcu_torture_fakewriter task started
[    5.840243] tasks-torture: Creating rcu_torture_fakewriter task
[    5.847715] tasks-torture: rcu_torture_fakewriter task started
[    5.858195] tasks-torture: Creating rcu_torture_fakewriter task
[    5.865187] tasks-torture: rcu_torture_fakewriter task started
[    5.872259] tasks-torture: Creating rcu_torture_reader task
[    5.878866] tasks-torture: rcu_torture_fakewriter task started
[    5.886612] tasks-torture: Creating rcu_torture_stats task
[    5.894144] tasks-torture: rcu_torture_reader task started
[    5.901583] tasks-torture: Creating torture_shuffle task
[    5.907841] tasks-torture: rcu_torture_stats task started
[    5.914241] tasks-torture: Creating torture_stutter task
[    5.920461] tasks-torture: torture_shuffle task started
[    5.926835] tasks-torture: Creating torture_shutdown task
[    5.933075] tasks-torture: torture_stutter task started
[    5.939175] tasks-torture: rcu_torture_fwd_prog_init: Disabled, unsupported by RCU flavor under test
[    5.949696] tasks-torture: Creating rcu_torture_barrier_cbs task
[    5.957147] tasks-torture: torture_shutdown task started
[    5.963501] tasks-torture:torture_shutdown task: 3599963 ms remaining
[    5.971126] tasks-torture: Creating rcu_torture_barrier_cbs task
[    5.978099] tasks-torture: rcu_torture_barrier_cbs task started
[    5.985220] tasks-torture: Creating rcu_torture_barrier_cbs task
[    5.992284] tasks-torture: rcu_torture_barrier_cbs task started
[    5.999378] tasks-torture: Creating rcu_torture_barrier_cbs task
[    6.006489] tasks-torture: rcu_torture_barrier_cbs task started
[    6.014406] tasks-torture: Creating rcu_torture_barrier task
[    6.021225] tasks-torture: rcu_torture_barrier_cbs task started
[    6.076879] tasks-torture: Creating rcu_torture_read_exit task
[    6.084416] tasks-torture: rcu_torture_barrier task starting
[    6.091018] initcall rcu_torture_init+0x0/0x89f returned 0 after 354549 usecs
[    6.099233] calling  timekeeping_init_ops+0x0/0x13 @ 1
[    6.105490] initcall timekeeping_init_ops+0x0/0x13 returned 0 after 76 usecs
[    6.115630] calling  init_clocksource_sysfs+0x0/0x23 @ 1
[    6.124348] initcall init_clocksource_sysfs+0x0/0x23 returned 0 after 385 usecs
[    6.135123] calling  init_timer_list_procfs+0x0/0x31 @ 1
[    6.142918] initcall init_timer_list_procfs+0x0/0x31 returned 0 after 6 usecs
[    6.153447] calling  alarmtimer_init+0x0/0xb5 @ 1
[    6.160381] initcall alarmtimer_init+0x0/0xb5 returned 0 after 66 usecs
[    6.169730] calling  init_posix_timers+0x0/0x29 @ 1
[    6.176699] initcall init_posix_timers+0x0/0x29 returned 0 after 12 usecs
[    6.186529] calling  clockevents_init_sysfs+0x0/0x8b @ 1
[    6.194481] initcall clockevents_init_sysfs+0x0/0x8b returned 0 after 362 usecs
[    6.204852] calling  proc_dma_init+0x0/0x21 @ 1
[    6.211316] initcall proc_dma_init+0x0/0x21 returned 0 after 23 usecs
[    6.221511] calling  proc_modules_init+0x0/0x1e @ 1
[    6.228551] initcall proc_modules_init+0x0/0x1e returned 0 after 5 usecs
[    6.236938] calling  kallsyms_init+0x0/0x21 @ 1
[    6.243391] initcall kallsyms_init+0x0/0x21 returned 0 after 5 usecs
[    6.252303] calling  pid_namespaces_init+0x0/0x2c @ 1
[    6.259740] initcall pid_namespaces_init+0x0/0x2c returned 0 after 83 usecs
[    6.269494] calling  audit_watch_init+0x0/0x37 @ 1
[    6.275209] initcall audit_watch_init+0x0/0x37 returned 0 after 1 usecs
[    6.283100] calling  audit_fsnotify_init+0x0/0x37 @ 1
[    6.289080] initcall audit_fsnotify_init+0x0/0x37 returned 0 after 1 usecs
[    6.297341] calling  audit_tree_init+0x0/0x6d @ 1
[    6.303085] initcall audit_tree_init+0x0/0x6d returned 0 after 5 usecs
[    6.321219] calling  seccomp_sysctl_init+0x0/0x2b @ 1
[    6.328922] initcall seccomp_sysctl_init+0x0/0x2b returned 0 after 1147 usecs
[    6.337224] calling  utsname_sysctl_init+0x0/0x13 @ 1
[    6.343333] initcall utsname_sysctl_init+0x0/0x13 returned 0 after 134 usecs
[    6.351588] calling  init_tracepoints+0x0/0x27 @ 1
[    6.357513] initcall init_tracepoints+0x0/0x27 returned 0 after 205 usecs
[    6.365587] calling  init_blk_tracer+0x0/0x50 @ 1
[    6.373919] initcall init_blk_tracer+0x0/0x50 returned 0 after 1650 usecs
[    6.382792] calling  perf_event_sysfs_init+0x0/0x81 @ 1
[    6.391203] initcall perf_event_sysfs_init+0x0/0x81 returned 0 after 2362 usecs
[    6.399330] calling  system_trusted_keyring_init+0x0/0x5f @ 1
[    6.405721] Initialise system trusted keyrings
[    6.411065] initcall system_trusted_keyring_init+0x0/0x5f returned 0 after 5227 usecs
[    6.420708] calling  kswapd_init+0x0/0x13 @ 1
[    6.427243] tasks-torture: rcu_torture_read_exit: Start of test
[    6.440893] initcall kswapd_init+0x0/0x13 returned 0 after 14236 usecs
[    6.448290] calling  extfrag_debug_init+0x0/0x54 @ 1
[    6.457107] initcall extfrag_debug_init+0x0/0x54 returned 0 after 230 usecs
[    6.466272] calling  slab_proc_init+0x0/0x21 @ 1
[    6.472128] initcall slab_proc_init+0x0/0x21 returned 0 after 219 usecs
[    6.479637] calling  workingset_init+0x0/0x8c @ 1
[    6.485130] workingset: timestamp_bits=62 max_order=17 bucket_order=0
[    6.492663] initcall workingset_init+0x0/0x8c returned 0 after 7360 usecs
[    6.500465] calling  proc_vmalloc_init+0x0/0x27 @ 1
[    6.506239] initcall proc_vmalloc_init+0x0/0x27 returned 0 after 46 usecs
[    6.514110] calling  procswaps_init+0x0/0x1e @ 1
[    6.519434] initcall procswaps_init+0x0/0x1e returned 0 after 84 usecs
[    6.526768] calling  slab_sysfs_init+0x0/0xea @ 1
[    6.541277] initcall slab_sysfs_init+0x0/0xea returned 0 after 8970 usecs
[    6.549155] calling  fcntl_init+0x0/0x29 @ 1
[    6.554188] initcall fcntl_init+0x0/0x29 returned 0 after 66 usecs
[    6.561297] calling  proc_filesystems_init+0x0/0x21 @ 1
[    6.567305] initcall proc_filesystems_init+0x0/0x21 returned 0 after 15 usecs
[    6.575652] calling  start_dirtytime_writeback+0x0/0x29 @ 1
[    6.581985] initcall start_dirtytime_writeback+0x0/0x29 returned 0 after 9 usecs
[    6.590551] calling  blkdev_init+0x0/0x1b @ 1
[    6.596155] initcall blkdev_init+0x0/0x1b returned 0 after 432 usecs
[    6.603615] calling  dio_init+0x0/0x2c @ 1
[    6.608618] initcall dio_init+0x0/0x2c returned 0 after 183 usecs
[    6.615718] calling  dnotify_init+0x0/0x78 @ 1
[    6.620841] initcall dnotify_init+0x0/0x78 returned 0 after 24 usecs
[    6.628225] calling  aio_setup+0x0/0x78 @ 1
[    6.633572] initcall aio_setup+0x0/0x78 returned 0 after 367 usecs
[    6.641275] calling  io_uring_init+0x0/0x2c @ 1
[    6.650837] initcall io_uring_init+0x0/0x2c returned 0 after 5 usecs
[    6.658954] calling  mbcache_init+0x0/0x30 @ 1
[    6.664545] initcall mbcache_init+0x0/0x30 returned 0 after 166 usecs
[    6.673361] calling  init_grace+0x0/0xc @ 1
[    6.678709] initcall init_grace+0x0/0xc returned 0 after 351 usecs
[    6.686655] calling  init_v2_quota_format+0x0/0x21 @ 1
[    6.692832] initcall init_v2_quota_format+0x0/0x21 returned 0 after 44 usecs
[    6.701166] calling  init_devpts_fs+0x0/0x27 @ 1
[    6.707261] initcall init_devpts_fs+0x0/0x27 returned 0 after 566 usecs
[    6.715898] calling  ext4_init_fs+0x0/0x1cb @ 1
[    6.724388] initcall ext4_init_fs+0x0/0x1cb returned 0 after 2307 usecs
[    6.732169] calling  journal_init+0x0/0x11c @ 1
[    6.738251] initcall journal_init+0x0/0x11c returned 0 after 580 usecs
[    6.745991] calling  init_fat_fs+0x0/0x49 @ 1
[    6.751815] initcall init_fat_fs+0x0/0x49 returned 0 after 464 usecs
[    6.759447] calling  init_vfat_fs+0x0/0xc @ 1
[    6.766054] initcall init_vfat_fs+0x0/0xc returned 0 after 3 usecs
[    6.773230] calling  init_msdos_fs+0x0/0xc @ 1
[    6.778469] initcall init_msdos_fs+0x0/0xc returned 0 after 2 usecs
[    6.785954] calling  init_iso9660_fs+0x0/0x6c @ 1
[    6.794217] rcu_torture_rea (61) used greatest stack depth: 15536 bytes left
[    6.803562] initcall init_iso9660_fs+0x0/0x6c returned 0 after 11750 usecs
[    6.812095] calling  init_nfs_fs+0x0/0x13a @ 1
[    6.820575] initcall init_nfs_fs+0x0/0x13a returned 0 after 3082 usecs
[    6.828364] calling  init_nfs_v2+0x0/0x13 @ 1
[    6.833740] initcall init_nfs_v2+0x0/0x13 returned 0 after 49 usecs
[    6.841331] calling  init_nfs_v3+0x0/0x13 @ 1
[    6.846936] initcall init_nfs_v3+0x0/0x13 returned 0 after 27 usecs
[    6.854566] calling  init_nfs_v4+0x0/0x32 @ 1
[    6.859944] NFS: Registering the id_resolver key type
[    6.866527] Key type id_resolver registered
[    6.871490] Key type id_legacy registered
[    6.876304] initcall init_nfs_v4+0x0/0x32 returned 0 after 16153 usecs
[    6.883869] calling  init_nlm+0x0/0x5b @ 1
[    6.888949] initcall init_nlm+0x0/0x5b returned 0 after 156 usecs
[    6.896068] calling  init_nls_cp437+0x0/0xe @ 1
[    6.901553] initcall init_nls_cp437+0x0/0xe returned 0 after 67 usecs
[    6.909025] calling  init_nls_ascii+0x0/0xe @ 1
[    6.914455] initcall init_nls_ascii+0x0/0xe returned 0 after 0 usecs
[    6.921883] calling  init_nls_iso8859_1+0x0/0xe @ 1
[    6.927653] initcall init_nls_iso8859_1+0x0/0xe returned 0 after 1 usecs
[    6.935509] calling  init_nls_utf8+0x0/0x21 @ 1
[    6.940765] initcall init_nls_utf8+0x0/0x21 returned 0 after 1 usecs
[    6.948178] calling  init_autofs_fs+0x0/0x25 @ 1
[    6.955422] initcall init_autofs_fs+0x0/0x25 returned 0 after 571 usecs
[    6.963250] calling  ipc_init+0x0/0x24 @ 1
[    6.968128] initcall ipc_init+0x0/0x24 returned 0 after 28 usecs
[    6.975086] calling  ipc_sysctl_init+0x0/0x13 @ 1
[    6.980745] initcall ipc_sysctl_init+0x0/0x13 returned 0 after 197 usecs
[    6.988707] calling  init_mqueue_fs+0x0/0x92 @ 1
[    6.995945] initcall init_mqueue_fs+0x0/0x92 returned 0 after 1486 usecs
[    7.004706] calling  key_proc_init+0x0/0x63 @ 1
[    7.010118] initcall key_proc_init+0x0/0x63 returned 0 after 27 usecs
[    7.017822] calling  selinux_nf_ip_init+0x0/0x2e @ 1
[    7.023708] initcall selinux_nf_ip_init+0x0/0x2e returned 0 after 57 usecs
[    7.032268] calling  init_sel_fs+0x0/0x116 @ 1
[    7.038891] initcall init_sel_fs+0x0/0x116 returned 0 after 0 usecs
[    7.048164] calling  selnl_init+0x0/0x7c @ 1
[    7.054862] initcall selnl_init+0x0/0x7c returned 0 after 269 usecs
[    7.064086] calling  sel_netif_init+0x0/0x36 @ 1
[    7.070420] initcall sel_netif_init+0x0/0x36 returned 0 after 0 usecs
[    7.078028] calling  sel_netnode_init+0x0/0x33 @ 1
[    7.084001] initcall sel_netnode_init+0x0/0x33 returned 0 after 0 usecs
[    7.091795] calling  sel_netport_init+0x0/0x33 @ 1
[    7.097438] initcall sel_netport_init+0x0/0x33 returned 0 after 0 usecs
[    7.105221] calling  aurule_init+0x0/0x2a @ 1
[    7.110474] initcall aurule_init+0x0/0x2a returned 0 after 1 usecs
[    7.117823] calling  crypto_algapi_init+0x0/0xc @ 1
[    7.123941] initcall crypto_algapi_init+0x0/0xc returned 0 after 5 usecs
[    7.133568] calling  jent_mod_init+0x0/0x2d @ 1
[    7.149979] initcall jent_mod_init+0x0/0x2d returned 0 after 10633 usecs
[    7.160385] calling  asymmetric_key_init+0x0/0xc @ 1
[    7.167947] Key type asymmetric registered
[    7.174137] initcall asymmetric_key_init+0x0/0xc returned 0 after 6046 usecs
[    7.184563] calling  x509_key_init+0x0/0xc @ 1
[    7.190338] Asymmetric key parser 'x509' registered
[    7.196235] initcall x509_key_init+0x0/0xc returned 0 after 5792 usecs
[    7.203966] calling  proc_genhd_init+0x0/0x41 @ 1
[    7.209672] initcall proc_genhd_init+0x0/0x41 returned 0 after 4 usecs
[    7.217598] calling  bsg_init+0x0/0x113 @ 1
[    7.222958] Block layer SCSI generic (bsg) driver version 0.4 loaded (major 251)
[    7.231840] initcall bsg_init+0x0/0x113 returned 0 after 8772 usecs
[    7.240350] calling  deadline_init+0x0/0xc @ 1
[    7.246411] io scheduler mq-deadline registered
[    7.252032] initcall deadline_init+0x0/0xc returned 0 after 5486 usecs
[    7.262052] calling  kyber_init+0x0/0xc @ 1
[    7.268478] io scheduler kyber registered
[    7.274588] initcall kyber_init+0x0/0xc returned 0 after 5982 usecs
[    7.284036] calling  mod_init+0x0/0x7 @ 1
[    7.290151] initcall mod_init+0x0/0x7 returned 0 after 0 usecs
[    7.298959] calling  sg_pool_init+0x0/0xb4 @ 1
[    7.305989] initcall sg_pool_init+0x0/0xb4 returned 0 after 399 usecs
[    7.313853] calling  pcie_portdrv_init+0x0/0x39 @ 1
[    7.320664] initcall pcie_portdrv_init+0x0/0x39 returned 0 after 647 usecs
[    7.329051] calling  pci_proc_init+0x0/0x68 @ 1
[    7.334875] initcall pci_proc_init+0x0/0x68 returned 0 after 37 usecs
[    7.342627] calling  pci_hotplug_init+0x0/0x7 @ 1
[    7.348621] initcall pci_hotplug_init+0x0/0x7 returned 0 after 0 usecs
[    7.356464] calling  efifb_driver_init+0x0/0xe @ 1
[    7.362508] initcall efifb_driver_init+0x0/0xe returned 0 after 114 usecs
[    7.370864] calling  ged_driver_init+0x0/0xe @ 1
[    7.376808] initcall ged_driver_init+0x0/0xe returned 0 after 127 usecs
[    7.384832] calling  acpi_ac_init+0x0/0x92 @ 1
[    7.390821] initcall acpi_ac_init+0x0/0x92 returned 0 after 353 usecs
[    7.398747] calling  acpi_button_driver_init+0x0/0x52 @ 1
[    7.405989] input: Power Button as /devices/LNXSYSTM:00/LNXPWRBN:00/input/input0
[    7.418835] ACPI: Power Button [PWRF]
[    7.423878] initcall acpi_button_driver_init+0x0/0x52 returned 0 after 18011 usecs
[    7.433108] calling  acpi_fan_driver_init+0x0/0xe @ 1
[    7.439550] initcall acpi_fan_driver_init+0x0/0xe returned 0 after 33 usecs
[    7.448223] calling  acpi_video_init+0x0/0xcb @ 1
[    7.454376] initcall acpi_video_init+0x0/0xcb returned 0 after 372 usecs
[    7.462504] calling  acpi_processor_driver_init+0x0/0xad @ 1
[    7.471552] initcall acpi_processor_driver_init+0x0/0xad returned 0 after 1868 usecs
[    7.481749] calling  acpi_thermal_init+0x0/0x71 @ 1
[    7.488863] initcall acpi_thermal_init+0x0/0x71 returned 0 after 244 usecs
[    7.499097] calling  acpi_battery_init+0x0/0x32 @ 1
[    7.506735] initcall acpi_battery_init+0x0/0x32 returned 0 after 58 usecs
[    7.517730] calling  bgrt_init+0x0/0xb6 @ 1
[    7.524912] initcall bgrt_init+0x0/0xb6 returned -19 after 2 usecs
[    7.533280] calling  gpio_clk_driver_init+0x0/0xe @ 1
[    7.539937] initcall gpio_clk_driver_init+0x0/0xe returned 0 after 141 usecs
[    7.549090] calling  plt_clk_driver_init+0x0/0xe @ 1
[    7.555112] initcall plt_clk_driver_init+0x0/0xe returned 0 after 28 usecs
[    7.565165] calling  virtio_pci_driver_init+0x0/0x15 @ 1
[    7.572461] initcall virtio_pci_driver_init+0x0/0x15 returned 0 after 623 usecs
[    7.581508] calling  n_null_init+0x0/0x1e @ 1
[    7.587237] initcall n_null_init+0x0/0x1e returned 0 after 215 usecs
[    7.595352] calling  pty_init+0x0/0x1e8 @ 1
[    7.615800] initcall pty_init+0x0/0x1e8 returned 0 after 5043 usecs
[    7.624156] calling  sysrq_init+0x0/0x62 @ 1
[    7.629576] initcall sysrq_init+0x0/0x62 returned 0 after 7 usecs
[    7.636608] calling  serial8250_init+0x0/0x17e @ 1
[    7.642564] Serial: 8250/16550 driver, 4 ports, IRQ sharing enabled
[    7.653684] 00:03: ttyS0 at I/O 0x3f8 (irq = 4, base_baud = 115200) is a 16550A
[    7.666428] initcall serial8250_init+0x0/0x17e returned 0 after 23740 usecs
[    7.675181] calling  serial_pci_driver_init+0x0/0x15 @ 1
[    7.682451] initcall serial_pci_driver_init+0x0/0x15 returned 0 after 409 usecs
[    7.691591] calling  exar_pci_driver_init+0x0/0x15 @ 1
[    7.699001] initcall exar_pci_driver_init+0x0/0x15 returned 0 after 251 usecs
[    7.708314] calling  lpss8250_pci_driver_init+0x0/0x15 @ 1
[    7.715718] initcall lpss8250_pci_driver_init+0x0/0x15 returned 0 after 92 usecs
[    7.725555] calling  mid8250_pci_driver_init+0x0/0x15 @ 1
[    7.732506] initcall mid8250_pci_driver_init+0x0/0x15 returned 0 after 23 usecs
[    7.741114] calling  virtio_console_init+0x0/0xff @ 1
[    7.748649] initcall virtio_console_init+0x0/0xff returned 0 after 239 usecs
[    7.759136] calling  hpet_init+0x0/0x64 @ 1
[    7.768658] initcall hpet_init+0x0/0x64 returned 0 after 3277 usecs
[    7.777362] calling  nvram_module_init+0x0/0x83 @ 1
[    7.785248] Non-volatile memory driver v1.3
[    7.791727] initcall nvram_module_init+0x0/0x83 returned 0 after 6836 usecs
[    7.800688] calling  hwrng_modinit+0x0/0x8a @ 1
[    7.806380] initcall hwrng_modinit+0x0/0x8a returned 0 after 341 usecs
[    7.814427] calling  mod_init+0x0/0x48 @ 1
[    7.820007] initcall mod_init+0x0/0x48 returned -19 after 0 usecs
[    7.828420] calling  agp_init+0x0/0x23 @ 1
[    7.833871] Linux agpgart interface v0.103
[    7.839270] initcall agp_init+0x0/0x23 returned 0 after 5268 usecs
[    7.847513] calling  agp_amd64_mod_init+0x0/0x5 @ 1
[    7.854327] initcall agp_amd64_mod_init+0x0/0x5 returned -19 after 358 usecs
[    7.863731] calling  agp_intel_init+0x0/0x28 @ 1
[    7.870675] initcall agp_intel_init+0x0/0x28 returned 0 after 795 usecs
[    7.880415] calling  drm_kms_helper_init+0x0/0x7 @ 1
[    7.888293] initcall drm_kms_helper_init+0x0/0x7 returned 0 after 131 usecs
[    7.899176] calling  drm_core_init+0x0/0x9e @ 1
[    7.906630] initcall drm_core_init+0x0/0x9e returned 0 after 299 usecs
[    7.916410] calling  i915_init+0x0/0x6b @ 1
[    7.922638] initcall i915_init+0x0/0x6b returned 0 after 748 usecs
[    7.930394] calling  cn_proc_init+0x0/0x35 @ 1
[    7.936095] initcall cn_proc_init+0x0/0x35 returned 0 after 2 usecs
[    7.943974] calling  topology_sysfs_init+0x0/0x27 @ 1
[    7.950542] initcall topology_sysfs_init+0x0/0x27 returned 0 after 107 usecs
[    7.959656] calling  cacheinfo_sysfs_init+0x0/0x27 @ 1
[    7.966850] initcall cacheinfo_sysfs_init+0x0/0x27 returned 0 after 569 usecs
[    7.976001] calling  loop_init+0x0/0x168 @ 1
[    8.042366] loop: module loaded
[    8.046757] initcall loop_init+0x0/0x168 returned 0 after 63677 usecs
[    8.055563] calling  mac_hid_init+0x0/0x21 @ 1
[    8.061462] initcall mac_hid_init+0x0/0x21 returned 0 after 22 usecs
[    8.069793] calling  spi_transport_init+0x0/0x74 @ 1
[    8.076711] initcall spi_transport_init+0x0/0x74 returned 0 after 358 usecs
[    8.086262] calling  init_sd+0x0/0x18c @ 1
[    8.092242] initcall init_sd+0x0/0x18c returned 0 after 381 usecs
[    8.100306] calling  init_sr+0x0/0x43 @ 1
[    8.105503] initcall init_sr+0x0/0x43 returned 0 after 59 usecs
[    8.113454] calling  init_sg+0x0/0x1c0 @ 1
[    8.119190] initcall init_sg+0x0/0x1c0 returned 0 after 202 usecs
[    8.127615] calling  ahci_pci_driver_init+0x0/0x15 @ 1
[    8.135884] ahci 0000:00:1f.2: version 3.0
[    8.143870] PCI Interrupt Link [GSIA] enabled at IRQ 16
[    8.161880] ahci 0000:00:1f.2: AHCI 0001.0000 32 slots 6 ports 1.5 Gbps 0x3f impl SATA mode
[    8.172747] ahci 0000:00:1f.2: flags: 64bit ncq only 
[    8.186625] scsi host0: ahci
[    8.190834] scsi host1: ahci
[    8.194898] scsi host2: ahci
[    8.223970] scsi host3: ahci
[    8.228706] scsi host4: ahci
[    8.233721] scsi host5: ahci
[    8.238253] ata1: SATA max UDMA/133 abar m4096@0xfebf1000 port 0xfebf1100 irq 24
[    8.248136] ata2: SATA max UDMA/133 abar m4096@0xfebf1000 port 0xfebf1180 irq 24
[    8.257861] ata3: SATA max UDMA/133 abar m4096@0xfebf1000 port 0xfebf1200 irq 24
[    8.267819] ata4: SATA max UDMA/133 abar m4096@0xfebf1000 port 0xfebf1280 irq 24
[    8.277707] ata5: SATA max UDMA/133 abar m4096@0xfebf1000 port 0xfebf1300 irq 24
[    8.287520] ata6: SATA max UDMA/133 abar m4096@0xfebf1000 port 0xfebf1380 irq 24
[    8.297284] initcall ahci_pci_driver_init+0x0/0x15 returned 0 after 157825 usecs
[    8.307107] calling  piix_init+0x0/0x26 @ 1
[    8.312786] initcall piix_init+0x0/0x26 returned 0 after 93 usecs
[    8.320772] calling  amd_pci_driver_init+0x0/0x15 @ 1
[    8.327413] initcall amd_pci_driver_init+0x0/0x15 returned 0 after 20 usecs
[    8.336572] calling  oldpiix_pci_driver_init+0x0/0x15 @ 1
[    8.343780] initcall oldpiix_pci_driver_init+0x0/0x15 returned 0 after 50 usecs
[    8.353427] calling  sch_pci_driver_init+0x0/0x15 @ 1
[    8.360478] initcall sch_pci_driver_init+0x0/0x15 returned 0 after 50 usecs
[    8.369339] calling  net_olddevs_init+0x0/0x55 @ 1
[    8.375860] initcall net_olddevs_init+0x0/0x55 returned 0 after 116 usecs
[    8.384885] calling  blackhole_netdev_init+0x0/0x78 @ 1
[    8.393661] initcall blackhole_netdev_init+0x0/0x78 returned 0 after 1809 usecs
[    8.403503] calling  phy_module_init+0x0/0x13 @ 1
[    8.409994] initcall phy_module_init+0x0/0x13 returned 0 after 146 usecs
[    8.419241] calling  tg3_driver_init+0x0/0x15 @ 1
[    8.425565] initcall tg3_driver_init+0x0/0x15 returned 0 after 56 usecs
[    8.434907] calling  e100_init_module+0x0/0x4c @ 1
[    8.441741] e100: Intel(R) PRO/100 Network Driver
[    8.448307] e100: Copyright(c) 1999-2006 Intel Corporation
[    8.455881] initcall e100_init_module+0x0/0x4c returned 0 after 13934 usecs
[    8.465303] calling  e1000_init_module+0x0/0x72 @ 1
[    8.471857] e1000: Intel(R) PRO/1000 Network Driver
[    8.478647] e1000: Copyright (c) 1999-2006 Intel Corporation.
[    8.486504] initcall e1000_init_module+0x0/0x72 returned 0 after 14301 usecs
[    8.495932] calling  e1000_init_module+0x0/0x2d @ 1
[    8.502676] e1000e: Intel(R) PRO/1000 Network Driver
[    8.509444] e1000e: Copyright(c) 1999 - 2015 Intel Corporation.
[    8.517896] initcall e1000_init_module+0x0/0x2d returned 0 after 14883 usecs
[    8.526929] calling  sky2_init_module+0x0/0x21 @ 1
[    8.534613] sky2: driver version 1.30
[    8.545323] initcall sky2_init_module+0x0/0x21 returned 0 after 5234 usecs
[    8.554471] calling  forcedeth_pci_driver_init+0x0/0x15 @ 1
[    8.562089] initcall forcedeth_pci_driver_init+0x0/0x15 returned 0 after 216 usecs
[    8.572342] calling  rtl8139_init_module+0x0/0x15 @ 1
[    8.579334] initcall rtl8139_init_module+0x0/0x15 returned 0 after 94 usecs
[    8.588803] calling  rtl8169_pci_driver_init+0x0/0x15 @ 1
[    8.596226] initcall rtl8169_pci_driver_init+0x0/0x15 returned 0 after 116 usecs
[    8.606636] calling  cdrom_init+0x0/0xc @ 1
[    8.612596] initcall cdrom_init+0x0/0xc returned 0 after 109 usecs
[    8.621268] calling  nonstatic_sysfs_init+0x0/0xc @ 1
[    8.628502] initcall nonstatic_sysfs_init+0x0/0xc returned 0 after 108 usecs
[    8.638268] calling  yenta_cardbus_driver_init+0x0/0x15 @ 1
[    8.646319] initcall yenta_cardbus_driver_init+0x0/0x15 returned 0 after 398 usecs
[    8.656724] calling  mon_init+0x0/0x123 @ 1
[    8.678433] initcall mon_init+0x0/0x123 returned 0 after 15386 usecs
[    8.687237] calling  ehci_hcd_init+0x0/0x55 @ 1
[    8.693641] ehci_hcd: USB 2.0 'Enhanced' Host Controller (EHCI) Driver
[    8.702638] initcall ehci_hcd_init+0x0/0x55 returned 0 after 9010 usecs
[    8.711853] calling  ehci_pci_init+0x0/0x64 @ 1
[    8.718638] ehci-pci: EHCI PCI platform driver
[    8.725524] initcall ehci_pci_init+0x0/0x64 returned 0 after 6723 usecs
[    8.734833] calling  ohci_hcd_mod_init+0x0/0x4d @ 1
[    8.741784] ohci_hcd: USB 1.1 'Open' Host Controller (OHCI) Driver
[    8.750687] initcall ohci_hcd_mod_init+0x0/0x4d returned 0 after 8661 usecs
[    8.761445] calling  ohci_pci_init+0x0/0x64 @ 1
[    8.767531] ohci-pci: OHCI PCI platform driver
[    8.773830] initcall ohci_pci_init+0x0/0x64 returned 0 after 6149 usecs
[    8.783494] calling  uhci_hcd_init+0x0/0xa6 @ 1
[    8.790394] uhci_hcd: USB Universal Host Controller Interface driver
[    8.799867] initcall uhci_hcd_init+0x0/0xa6 returned 0 after 9249 usecs
[    8.809783] calling  xhci_hcd_init+0x0/0x1e @ 1
[    8.816412] initcall xhci_hcd_init+0x0/0x1e returned 0 after 31 usecs
[    8.825532] calling  xhci_pci_init+0x0/0x49 @ 1
[    8.832349] initcall xhci_pci_init+0x0/0x49 returned 0 after 382 usecs
[    8.842883] calling  usblp_driver_init+0x0/0x15 @ 1
[    8.851115] usbcore: registered new interface driver usblp
[    8.860532] initcall usblp_driver_init+0x0/0x15 returned 0 after 9597 usecs
[    8.870656] calling  usb_storage_driver_init+0x0/0x2a @ 1
[    8.878933] usbcore: registered new interface driver usb-storage
[    8.887203] initcall usb_storage_driver_init+0x0/0x2a returned 0 after 8245 usecs
[    8.897962] calling  i8042_init+0x0/0x4c2 @ 1
[    8.906220] i8042: PNP: PS/2 Controller [PNP0303:KBD,PNP0f13:MOU] at 0x60,0x64 irq 1,12
[    8.925609] serio: i8042 KBD port at 0x60,0x64 irq 1
[    8.932468] serio: i8042 AUX port at 0x60,0x64 irq 12
[    8.939739] initcall i8042_init+0x0/0x4c2 returned 0 after 33537 usecs
[    8.948854] calling  serport_init+0x0/0x2c @ 1
[    8.955177] initcall serport_init+0x0/0x2c returned 0 after 0 usecs
[    8.964426] calling  input_leds_init+0x0/0xc @ 1
[    8.971921] initcall input_leds_init+0x0/0xc returned 0 after 1 usecs
[    9.003514] calling  evdev_init+0x0/0xc @ 1
[    9.012329] initcall evdev_init+0x0/0xc returned 0 after 2437 usecs
[    9.021612] calling  atkbd_init+0x0/0x21 @ 1
[    9.027971] initcall atkbd_init+0x0/0x21 returned 0 after 175 usecs
[    9.036944] calling  psmouse_init+0x0/0x7f @ 1
[    9.043497] initcall psmouse_init+0x0/0x7f returned 0 after 167 usecs
[    9.052807] calling  cmos_init+0x0/0x73 @ 1
[    9.059940] rtc_cmos 00:04: RTC can wake from S4
[    9.075539] input: AT Translated Set 2 keyboard as /devices/platform/i8042/serio0/input/input1
[    9.123662] ata3: SATA link up 1.5 Gbps (SStatus 113 SControl 300)
[    9.136505] ata3.00: ATAPI: QEMU DVD-ROM, 2.5+, max UDMA/100
[    9.146412] ata3.00: applying bridge limits
[    9.155716] ata3.00: configured for UDMA/100
[    9.166706] ata2: SATA link down (SStatus 0 SControl 300)
[    9.181531] ata4: SATA link down (SStatus 0 SControl 300)
[    9.194003] ata1: SATA link down (SStatus 0 SControl 300)
[    9.206710] ata5: SATA link down (SStatus 0 SControl 300)
[    9.220718] scsi 2:0:0:0: CD-ROM            QEMU     QEMU DVD-ROM     2.5+ PQ: 0 ANSI: 5
[    9.239416] rtc_cmos 00:04: registered as rtc0
[    9.246873] rtc_cmos 00:04: alarms up to one day, y3k, 242 bytes nvram, hpet irqs
[    9.260190] initcall cmos_init+0x0/0x73 returned 0 after 196540 usecs
[    9.271328] calling  smbalert_driver_init+0x0/0xe @ 1
[    9.280594] initcall smbalert_driver_init+0x0/0xe returned 0 after 110 usecs
[    9.293314] calling  i2c_i801_init+0x0/0xc5 @ 1
[    9.304215] i801_smbus 0000:00:1f.3: SMBus using PCI interrupt
[    9.315297] i2c i2c-0: 1/1 memory slots populated (from DMI)
[    9.325271] i2c i2c-0: Memory type 0x07 not supported yet, not instantiating SPD
[    9.337457] initcall i2c_i801_init+0x0/0xc5 returned 0 after 35051 usecs
[    9.347488] calling  ptp_kvm_init+0x0/0xf0 @ 1
[    9.356442] ata6: SATA link down (SStatus 0 SControl 300)
[    9.378998] sr 2:0:0:0: [sr0] scsi3-mmc drive: 4x/4x cd/rw xa/form2 tray
[    9.389722] cdrom: Uniform CD-ROM driver Revision: 3.20
[    9.398928] initcall ptp_kvm_init+0x0/0xf0 returned 0 after 43698 usecs
[    9.408860] calling  dm_init+0x0/0x3c @ 1
[    9.419777] sr 2:0:0:0: Attached scsi CD-ROM sr0
[    9.428922] device-mapper: ioctl: 4.43.0-ioctl (2020-10-01) initialised: dm-devel@redhat.com
[    9.443565] initcall dm_init+0x0/0x3c returned 0 after 27920 usecs
[    9.453884] calling  dm_mirror_init+0x0/0x29 @ 1
[    9.460536] initcall dm_mirror_init+0x0/0x29 returned 0 after 2 usecs
[    9.470533] calling  dm_dirty_log_init+0x0/0x4f @ 1
[    9.478587] initcall dm_dirty_log_init+0x0/0x4f returned 0 after 34 usecs
[    9.489292] calling  dm_zero_init+0x0/0x29 @ 1
[    9.495945] initcall dm_zero_init+0x0/0x29 returned 0 after 2 usecs
[    9.504960] calling  intel_pstate_init+0x0/0x4a2 @ 1
[    9.512034] intel_pstate: CPU model not supported
[    9.519154] initcall intel_pstate_init+0x0/0x4a2 returned -19 after 6950 usecs
[    9.530005] calling  haltpoll_init+0x0/0xc0 @ 1
[    9.536687] initcall haltpoll_init+0x0/0xc0 returned -19 after 38 usecs
[    9.548194] calling  efivars_sysfs_init+0x0/0x30 @ 1
[    9.556807] initcall efivars_sysfs_init+0x0/0x30 returned 0 after 125 usecs
[    9.567206] calling  esrt_sysfs_init+0x0/0x2a2 @ 1
[    9.574822] initcall esrt_sysfs_init+0x0/0x2a2 returned -38 after 210 usecs
[    9.584401] calling  hid_init+0x0/0x5c @ 1
[    9.590531] hid: raw HID events driver (C) Jiri Kosina
[    9.598027] initcall hid_init+0x0/0x5c returned 0 after 7613 usecs
[    9.606896] calling  hid_generic_init+0x0/0x15 @ 1
[    9.614763] initcall hid_generic_init+0x0/0x15 returned 0 after 327 usecs
[    9.624677] calling  a4_driver_init+0x0/0x15 @ 1
[    9.631750] initcall a4_driver_init+0x0/0x15 returned 0 after 22 usecs
[    9.641335] calling  apple_driver_init+0x0/0x15 @ 1
[    9.648251] initcall apple_driver_init+0x0/0x15 returned 0 after 113 usecs
[    9.658926] calling  belkin_driver_init+0x0/0x15 @ 1
[    9.666798] initcall belkin_driver_init+0x0/0x15 returned 0 after 19 usecs
[    9.676745] calling  ch_driver_init+0x0/0x15 @ 1
[    9.682945] initcall ch_driver_init+0x0/0x15 returned 0 after 20 usecs
[    9.692504] calling  ch_driver_init+0x0/0x15 @ 1
[    9.698819] initcall ch_driver_init+0x0/0x15 returned 0 after 20 usecs
[    9.707715] calling  cp_driver_init+0x0/0x15 @ 1
[    9.714519] initcall cp_driver_init+0x0/0x15 returned 0 after 22 usecs
[    9.723685] calling  ez_driver_init+0x0/0x15 @ 1
[    9.730503] initcall ez_driver_init+0x0/0x15 returned 0 after 327 usecs
[    9.740034] calling  gyration_driver_init+0x0/0x15 @ 1
[    9.747833] initcall gyration_driver_init+0x0/0x15 returned 0 after 159 usecs
[    9.758590] calling  ite_driver_init+0x0/0x15 @ 1
[    9.765593] initcall ite_driver_init+0x0/0x15 returned 0 after 24 usecs
[    9.775096] calling  ks_driver_init+0x0/0x15 @ 1
[    9.781674] initcall ks_driver_init+0x0/0x15 returned 0 after 20 usecs
[    9.790747] calling  lg_driver_init+0x0/0x15 @ 1
[    9.797555] initcall lg_driver_init+0x0/0x15 returned 0 after 28 usecs
[    9.807364] calling  lg_g15_driver_init+0x0/0x15 @ 1
[    9.814888] initcall lg_g15_driver_init+0x0/0x15 returned 0 after 20 usecs
[    9.825409] calling  ms_driver_init+0x0/0x15 @ 1
[    9.832925] initcall ms_driver_init+0x0/0x15 returned 0 after 24 usecs
[    9.843270] calling  mr_driver_init+0x0/0x15 @ 1
[    9.850402] initcall mr_driver_init+0x0/0x15 returned 0 after 124 usecs
[    9.861569] calling  ntrig_driver_init+0x0/0x15 @ 1
[    9.869663] initcall ntrig_driver_init+0x0/0x15 returned 0 after 171 usecs
[    9.880501] calling  pl_driver_init+0x0/0x15 @ 1
[    9.887908] initcall pl_driver_init+0x0/0x15 returned 0 after 26 usecs
[    9.898940] calling  pl_driver_init+0x0/0x15 @ 1
[    9.906666] initcall pl_driver_init+0x0/0x15 returned 0 after 24 usecs
[    9.916761] calling  redragon_driver_init+0x0/0x15 @ 1
[    9.924420] initcall redragon_driver_init+0x0/0x15 returned 0 after 22 usecs
[    9.934878] calling  samsung_driver_init+0x0/0x15 @ 1
[    9.942543] initcall samsung_driver_init+0x0/0x15 returned 0 after 141 usecs
[    9.953170] calling  sony_init+0x0/0x38 @ 1
[    9.959490] initcall sony_init+0x0/0x38 returned 0 after 307 usecs
[    9.968667] calling  sp_driver_init+0x0/0x15 @ 1
[    9.975534] initcall sp_driver_init+0x0/0x15 returned 0 after 22 usecs
[    9.983751] calling  ts_driver_init+0x0/0x15 @ 1
[    9.989836] initcall ts_driver_init+0x0/0x15 returned 0 after 24 usecs
[    9.998583] calling  hid_init+0x0/0x58 @ 1
[   10.004906] usbcore: registered new interface driver usbhid
[   10.013259] usbhid: USB HID core driver
[   10.019024] initcall hid_init+0x0/0x58 returned 0 after 14541 usecs
[   10.028154] calling  eeepc_laptop_init+0x0/0x57 @ 1
[   10.035389] initcall eeepc_laptop_init+0x0/0x57 returned -19 after 359 usecs
[   10.045477] calling  pmc_atom_init+0x0/0x27a @ 1
[   10.052750] initcall pmc_atom_init+0x0/0x27a returned -19 after 103 usecs
[   10.062331] calling  alsa_hwdep_init+0x0/0x5e @ 1
[   10.069574] initcall alsa_hwdep_init+0x0/0x5e returned 0 after 899 usecs
[   10.079122] calling  alsa_timer_init+0x0/0x1f0 @ 1
[   10.095074] sr 2:0:0:0: Attached scsi generic sg0 type 5
[   10.103123] initcall alsa_timer_init+0x0/0x1f0 returned 0 after 16812 usecs
[   10.112696] calling  snd_hrtimer_init+0x0/0x117 @ 1
[   10.119917] initcall snd_hrtimer_init+0x0/0x117 returned 0 after 3 usecs
[   10.129326] calling  alsa_pcm_init+0x0/0x64 @ 1
[   10.135920] initcall alsa_pcm_init+0x0/0x64 returned 0 after 61 usecs
[   10.145824] calling  alsa_seq_init+0x0/0x4a @ 1
[   10.169051] initcall alsa_seq_init+0x0/0x4a returned 0 after 16519 usecs
[   10.179326] calling  alsa_seq_dummy_init+0x0/0x9c @ 1
[   10.187233] initcall alsa_seq_dummy_init+0x0/0x9c returned 0 after 79 usecs
[   10.197481] calling  azx_driver_init+0x0/0x15 @ 1
[   10.204743] initcall azx_driver_init+0x0/0x15 returned 0 after 423 usecs
[   10.215445] calling  sock_diag_init+0x0/0x2a @ 1
[   10.223304] initcall sock_diag_init+0x0/0x2a returned 0 after 817 usecs
[   10.234505] calling  blackhole_init+0x0/0xc @ 1
[   10.242133] initcall blackhole_init+0x0/0xc returned 0 after 1 usecs
[   10.252841] calling  nfnetlink_init+0x0/0x57 @ 1
[   10.264592] initcall nfnetlink_init+0x0/0x57 returned 0 after 4064 usecs
[   10.274135] calling  nfnetlink_log_init+0x0/0x99 @ 1
[   10.282646] initcall nfnetlink_log_init+0x0/0x99 returned 0 after 1003 usecs
[   10.293019] calling  nf_conntrack_standalone_init+0x0/0x87 @ 1
[   10.304309] initcall nf_conntrack_standalone_init+0x0/0x87 returned 0 after 2679 usecs
[   10.316151] calling  ctnetlink_init+0x0/0x83 @ 1
[   10.323096] initcall ctnetlink_init+0x0/0x83 returned 0 after 2 usecs
[   10.332192] calling  nf_conntrack_ftp_init+0x0/0x12c @ 1
[   10.362294] initcall nf_conntrack_ftp_init+0x0/0x12c returned 0 after 4147 usecs
[   10.376926] calling  nf_conntrack_irc_init+0x0/0x129 @ 1
[   10.385617] initcall nf_conntrack_irc_init+0x0/0x129 returned 0 after 652 usecs
[   10.397015] calling  nf_conntrack_sip_init+0x0/0x172 @ 1
[   10.405953] initcall nf_conntrack_sip_init+0x0/0x172 returned 0 after 44 usecs
[   10.417433] calling  nf_nat_init+0x0/0xbb @ 1
[   10.428382] initcall nf_nat_init+0x0/0xbb returned 0 after 2969 usecs
[   10.439432] calling  nf_nat_ftp_init+0x0/0x2a @ 1
[   10.447754] initcall nf_nat_ftp_init+0x0/0x2a returned 0 after 0 usecs
[   10.458434] calling  nf_nat_irc_init+0x0/0x2a @ 1
[   10.465799] initcall nf_nat_irc_init+0x0/0x2a returned 0 after 1 usecs
[   10.476496] calling  nf_nat_sip_init+0x0/0x36 @ 1
[   10.484032] initcall nf_nat_sip_init+0x0/0x36 returned 0 after 1 usecs
[   10.495182] calling  xt_init+0x0/0xcf @ 1
[   10.502580] initcall xt_init+0x0/0xcf returned 0 after 259 usecs
[   10.510845] calling  tcpudp_mt_init+0x0/0x11 @ 1
[   10.517438] initcall tcpudp_mt_init+0x0/0x11 returned 0 after 323 usecs
[   10.526332] calling  connsecmark_tg_init+0x0/0xc @ 1
[   10.533287] initcall connsecmark_tg_init+0x0/0xc returned 0 after 1 usecs
[   10.542484] calling  nflog_tg_init+0x0/0xc @ 1
[   10.548870] initcall nflog_tg_init+0x0/0xc returned 0 after 1 usecs
[   10.558374] calling  secmark_tg_init+0x0/0x11 @ 1
[   10.565494] initcall secmark_tg_init+0x0/0x11 returned 0 after 1 usecs
[   10.575729] calling  tcpmss_tg_init+0x0/0x11 @ 1
[   10.582926] initcall tcpmss_tg_init+0x0/0x11 returned 0 after 1 usecs
[   10.592576] calling  conntrack_mt_init+0x0/0x11 @ 1
[   10.599662] initcall conntrack_mt_init+0x0/0x11 returned 0 after 1 usecs
[   10.609658] calling  policy_mt_init+0x0/0x11 @ 1
[   10.616498] initcall policy_mt_init+0x0/0x11 returned 0 after 1 usecs
[   10.625799] calling  state_mt_init+0x0/0xc @ 1
[   10.633087] initcall state_mt_init+0x0/0xc returned 0 after 1 usecs
[   10.642304] calling  gre_offload_init+0x0/0x48 @ 1
[   10.649954] initcall gre_offload_init+0x0/0x48 returned 0 after 347 usecs
[   10.660410] calling  sysctl_ipv4_init+0x0/0x46 @ 1
[   10.670942] initcall sysctl_ipv4_init+0x0/0x46 returned 0 after 2814 usecs
[   10.684455] calling  tunnel4_init+0x0/0x58 @ 1
[   10.692178] initcall tunnel4_init+0x0/0x58 returned 0 after 302 usecs
[   10.702953] calling  nf_defrag_init+0x0/0xc @ 1
[   10.710840] initcall nf_defrag_init+0x0/0xc returned 0 after 49 usecs
[   10.721493] calling  ip_tables_init+0x0/0x8d @ 1
[   10.729762] initcall ip_tables_init+0x0/0x8d returned 0 after 805 usecs
[   10.740263] calling  iptable_filter_init+0x0/0x4c @ 1
[   10.753567] initcall iptable_filter_init+0x0/0x4c returned 0 after 5367 usecs
[   10.766309] calling  iptable_mangle_init+0x0/0xb8 @ 1
[   10.774942] initcall iptable_mangle_init+0x0/0xb8 returned 0 after 773 usecs
[   10.786646] calling  reject_tg_init+0x0/0xc @ 1
[   10.795000] initcall reject_tg_init+0x0/0xc returned 0 after 1 usecs
[   10.804629] calling  cubictcp_register+0x0/0x53 @ 1
[   10.811857] initcall cubictcp_register+0x0/0x53 returned 0 after 108 usecs
[   10.823611] calling  xfrm_user_init+0x0/0x45 @ 1
[   10.830662] Initializing XFRM netlink socket
[   10.840422] initcall xfrm_user_init+0x0/0x45 returned 0 after 9644 usecs
[   10.851120] calling  inet6_init+0x0/0x35e @ 1
[   10.869628] NET: Registered protocol family 10
[   10.925888] input: ImExPS/2 Generic Explorer Mouse as /devices/platform/i8042/serio1/input/input3
[   11.110681] tasks-torture: rcu_torture_read_exit: End of episode
[   11.123813] Segment Routing with IPv6
[   11.129623] initcall inet6_init+0x0/0x35e returned 0 after 265583 usecs
[   11.140262] calling  ah6_init+0x0/0x71 @ 1
[   11.146714] initcall ah6_init+0x0/0x71 returned 0 after 371 usecs
[   11.155009] calling  esp6_init+0x0/0x71 @ 1
[   11.160995] initcall esp6_init+0x0/0x71 returned 0 after 1 usecs
[   11.169393] calling  ip6_tables_init+0x0/0x8d @ 1
[   11.176663] initcall ip6_tables_init+0x0/0x8d returned 0 after 122 usecs
[   11.186177] calling  ip6table_filter_init+0x0/0x4c @ 1
[   11.195407] initcall ip6table_filter_init+0x0/0x4c returned 0 after 901 usecs
[   11.207977] calling  ip6table_mangle_init+0x0/0xb8 @ 1
[   11.226014] initcall ip6table_mangle_init+0x0/0xb8 returned 0 after 534 usecs
[   11.236905] calling  nf_defrag_init+0x0/0x45 @ 1
[   11.244183] initcall nf_defrag_init+0x0/0x45 returned 0 after 202 usecs
[   11.254460] calling  ipv6header_mt6_init+0x0/0xc @ 1
[   11.262062] initcall ipv6header_mt6_init+0x0/0xc returned 0 after 2 usecs
[   11.272207] calling  reject_tg6_init+0x0/0xc @ 1
[   11.278751] initcall reject_tg6_init+0x0/0xc returned 0 after 2 usecs
[   11.288503] calling  sit_init+0x0/0xc3 @ 1
[   11.297561] sit: IPv6, IPv4 and MPLS over IPv4 tunneling driver
[   11.315813] initcall sit_init+0x0/0xc3 returned 0 after 17818 usecs
[   11.324956] calling  packet_init+0x0/0x75 @ 1
[   11.331671] NET: Registered protocol family 17
[   11.338926] initcall packet_init+0x0/0x75 returned 0 after 7196 usecs
[   11.348549] calling  init_rpcsec_gss+0x0/0x60 @ 1
[   11.386181] initcall init_rpcsec_gss+0x0/0x60 returned 0 after 9529 usecs
[   11.398485] calling  init_dns_resolver+0x0/0xca @ 1
[   11.409578] Key type dns_resolver registered
[   11.415849] initcall init_dns_resolver+0x0/0xca returned 0 after 10184 usecs
[   11.426512] calling  pm_check_save_msr+0x0/0xc0 @ 1
[   11.437562] initcall pm_check_save_msr+0x0/0xc0 returned 0 after 3200 usecs
[   11.447962] calling  mcheck_init_device+0x0/0x112 @ 1
[   11.483820] initcall mcheck_init_device+0x0/0x112 returned 0 after 28429 usecs
[   11.515822] calling  mcheck_late_init+0x0/0x58 @ 1
[   11.525868] initcall mcheck_late_init+0x0/0x58 returned 0 after 2909 usecs
[   11.536099] calling  severities_debugfs_init+0x0/0x29 @ 1
[   11.544061] initcall severities_debugfs_init+0x0/0x29 returned 0 after 192 usecs
[   11.554432] calling  microcode_init+0x0/0x1bd @ 1
[   11.560937] initcall microcode_init+0x0/0x1bd returned -22 after 101 usecs
[   11.571045] calling  hpet_insert_resource+0x0/0x22 @ 1
[   11.578606] initcall hpet_insert_resource+0x0/0x22 returned 0 after 453 usecs
