c[?7l[2J[0mSeaBIOS (version 1.16.0-debian-1.16.0-4)
Booting from ROM...
early console in setup code
c[?7l[2J[    0.000000] Linux version 5.10.152+ (root@joelboxx.c.googlers.com) (gcc (Debian 12.2.0-3) 12.2.0, GNU ld (GNU Binutils for Debian) 2.39) #11 SMP PREEMPT Tue Dec 13 08:20:08 UTC 2022
[    0.000000] Command line: selinux=0 initcall_debug debug console=ttyS0 rcutorture.torture_type=tasks-rude rcutorture.onoff_interval=1000 rcutorture.onoff_holdoff=30 rcutorture.n_barrier_cbs=4 rcutorture.stat_interval=15 rcutorture.shutdown_secs=1800 rcutorture.test_no_idle_hz=1 rcutorture.verbose=1
[    0.000000] x86/fpu: x87 FPU will use FXSAVE
[    0.000000] BIOS-provided physical RAM map:
[    0.000000] BIOS-e820: [mem 0x0000000000000000-0x000000000009fbff] usable
[    0.000000] BIOS-e820: [mem 0x000000000009fc00-0x000000000009ffff] reserved
[    0.000000] BIOS-e820: [mem 0x00000000000f0000-0x00000000000fffff] reserved
[    0.000000] BIOS-e820: [mem 0x0000000000100000-0x000000001ffdefff] usable
[    0.000000] BIOS-e820: [mem 0x000000001ffdf000-0x000000001fffffff] reserved
[    0.000000] BIOS-e820: [mem 0x00000000b0000000-0x00000000bfffffff] reserved
[    0.000000] BIOS-e820: [mem 0x00000000fed1c000-0x00000000fed1ffff] reserved
[    0.000000] BIOS-e820: [mem 0x00000000feffc000-0x00000000feffffff] reserved
[    0.000000] BIOS-e820: [mem 0x00000000fffc0000-0x00000000ffffffff] reserved
[    0.000000] NX (Execute Disable) protection: active
[    0.000000] SMBIOS 2.8 present.
[    0.000000] DMI: QEMU Standard PC (Q35 + ICH9, 2009), BIOS 1.16.0-debian-1.16.0-4 04/01/2014
[    0.000000] Hypervisor detected: KVM
[    0.000000] kvm-clock: Using msrs 4b564d01 and 4b564d00
[    0.000000] kvm-clock: cpu 0, msr b129001, primary cpu clock
[    0.000064] kvm-clock: using sched offset of 2365125663 cycles
[    0.000343] clocksource: kvm-clock: mask: 0xffffffffffffffff max_cycles: 0x1cd42e4dffb, max_idle_ns: 881590591483 ns
[    0.000547] tsc: Detected 1999.999 MHz processor
[    0.010158] e820: update [mem 0x00000000-0x00000fff] usable ==> reserved
[    0.010168] e820: remove [mem 0x000a0000-0x000fffff] usable
[    0.010178] last_pfn = 0x1ffdf max_arch_pfn = 0x400000000
[    0.011068] MTRR default type: write-back
[    0.011193] MTRR fixed ranges enabled:
[    0.011196]   00000-9FFFF write-back
[    0.011198]   A0000-BFFFF uncachable
[    0.011201]   C0000-FFFFF write-protect
[    0.011203] MTRR variable ranges enabled:
[    0.011206]   0 base 00C0000000 mask FFC0000000 uncachable
[    0.011208]   1 disabled
[    0.011210]   2 disabled
[    0.011212]   3 disabled
[    0.011214]   4 disabled
[    0.011216]   5 disabled
[    0.011218]   6 disabled
[    0.011220]   7 disabled
[    0.011729] x86/PAT: Configuration [0-7]: WB  WC  UC- UC  WB  WC  UC- UC  
[    0.020871] found SMP MP-table at [mem 0x000f5ba0-0x000f5baf]
[    0.023277] check: Scanning 1 areas for low memory corruption
[    0.044516] ACPI: Early table checksum verification disabled
[    0.046194] ACPI: RSDP 0x00000000000F59E0 000014 (v00 BOCHS )
[    0.046568] ACPI: RSDT 0x000000001FFE22F5 000038 (v01 BOCHS  BXPC     00000001 BXPC 00000001)
[    0.046627] ACPI: FACP 0x000000001FFE20E5 0000F4 (v03 BOCHS  BXPC     00000001 BXPC 00000001)
[    0.046706] ACPI: DSDT 0x000000001FFE0040 0020A5 (v01 BOCHS  BXPC     00000001 BXPC 00000001)
[    0.046714] ACPI: FACS 0x000000001FFE0000 000040
[    0.046721] ACPI: APIC 0x000000001FFE21D9 000080 (v01 BOCHS  BXPC     00000001 BXPC 00000001)
[    0.046729] ACPI: HPET 0x000000001FFE2259 000038 (v01 BOCHS  BXPC     00000001 BXPC 00000001)
[    0.046736] ACPI: MCFG 0x000000001FFE2291 00003C (v01 BOCHS  BXPC     00000001 BXPC 00000001)
[    0.046743] ACPI: WAET 0x000000001FFE22CD 000028 (v01 BOCHS  BXPC     00000001 BXPC 00000001)
[    0.046804] ACPI: Reserving FACP table memory at [mem 0x1ffe20e5-0x1ffe21d8]
[    0.046807] ACPI: Reserving DSDT table memory at [mem 0x1ffe0040-0x1ffe20e4]
[    0.046810] ACPI: Reserving FACS table memory at [mem 0x1ffe0000-0x1ffe003f]
[    0.046812] ACPI: Reserving APIC table memory at [mem 0x1ffe21d9-0x1ffe2258]
[    0.046815] ACPI: Reserving HPET table memory at [mem 0x1ffe2259-0x1ffe2290]
[    0.046817] ACPI: Reserving MCFG table memory at [mem 0x1ffe2291-0x1ffe22cc]
[    0.046820] ACPI: Reserving WAET table memory at [mem 0x1ffe22cd-0x1ffe22f4]
[    0.047762] ACPI: Local APIC address 0xfee00000
[    0.053045] No NUMA configuration found
[    0.053050] Faking a node at [mem 0x0000000000000000-0x000000001ffdefff]
[    0.053190] NODE_DATA(0) allocated [mem 0x1ffdb000-0x1ffdefff]
[    0.053895] Zone ranges:
[    0.054018]   DMA      [mem 0x0000000000001000-0x0000000000ffffff]
[    0.054073]   DMA32    [mem 0x0000000001000000-0x000000001ffdefff]
[    0.054077]   Normal   empty
[    0.054081] Movable zone start for each node
[    0.054083] Early memory node ranges
[    0.054086]   node   0: [mem 0x0000000000001000-0x000000000009efff]
[    0.054089]   node   0: [mem 0x0000000000100000-0x000000001ffdefff]
[    0.054207] Initmem setup node 0 [mem 0x0000000000001000-0x000000001ffdefff]
[    0.054252] On node 0 totalpages: 130941
[    0.054413]   DMA zone: 64 pages used for memmap
[    0.054416]   DMA zone: 21 pages reserved
[    0.054418]   DMA zone: 3998 pages, LIFO batch:0
[    0.054421]   DMA32 zone: 1984 pages used for memmap
[    0.054424]   DMA32 zone: 126943 pages, LIFO batch:31
[    0.055437] On node 0, zone DMA: 1 pages in unavailable ranges
[    0.059757] On node 0, zone DMA: 97 pages in unavailable ranges
[    0.136424] On node 0, zone DMA32: 33 pages in unavailable ranges
[    0.144307] ACPI: PM-Timer IO Port: 0x608
[    0.144318] ACPI: Local APIC address 0xfee00000
[    0.144634] ACPI: LAPIC_NMI (acpi_id[0xff] dfl dfl lint[0x1])
[    0.148802] IOAPIC[0]: apic_id 0, version 17, address 0xfec00000, GSI 0-23
[    0.149081] ACPI: INT_SRC_OVR (bus 0 bus_irq 0 global_irq 2 dfl dfl)
[    0.149236] ACPI: INT_SRC_OVR (bus 0 bus_irq 5 global_irq 5 high level)
[    0.149240] ACPI: INT_SRC_OVR (bus 0 bus_irq 9 global_irq 9 high level)
[    0.149300] ACPI: INT_SRC_OVR (bus 0 bus_irq 10 global_irq 10 high level)
[    0.149302] ACPI: INT_SRC_OVR (bus 0 bus_irq 11 global_irq 11 high level)
[    0.149306] ACPI: IRQ0 used by override.
[    0.149364] ACPI: IRQ5 used by override.
[    0.149367] ACPI: IRQ9 used by override.
[    0.149369] ACPI: IRQ10 used by override.
[    0.149371] ACPI: IRQ11 used by override.
[    0.149414] Using ACPI (MADT) for SMP configuration information
[    0.149418] ACPI: HPET id: 0x8086a201 base: 0xfed00000
[    0.149898] smpboot: Allowing 2 CPUs, 0 hotplug CPUs
[    0.154052] PM: hibernation: Registered nosave memory: [mem 0x00000000-0x00000fff]
[    0.154059] PM: hibernation: Registered nosave memory: [mem 0x0009f000-0x0009ffff]
[    0.154062] PM: hibernation: Registered nosave memory: [mem 0x000a0000-0x000effff]
[    0.154064] PM: hibernation: Registered nosave memory: [mem 0x000f0000-0x000fffff]
[    0.154125] [mem 0x20000000-0xafffffff] available for PCI devices
[    0.154220] Booting paravirtualized kernel on KVM
[    0.154782] clocksource: refined-jiffies: mask: 0xffffffff max_cycles: 0xffffffff, max_idle_ns: 1910969940391419 ns
[    0.188935] setup_percpu: NR_CPUS:2 nr_cpumask_bits:2 nr_cpu_ids:2 nr_node_ids:1
[    0.218486] percpu: Embedded 58 pages/cpu s198480 r8192 d30896 u1048576
[    0.218536] pcpu-alloc: s198480 r8192 d30896 u1048576 alloc=1*2097152
[    0.218571] pcpu-alloc: [0] 0 1 
[    0.218836] kvm-guest: stealtime: cpu 0, msr 1f41bb40
[    0.220016] Built 1 zonelists, mobility grouping on.  Total pages: 128872
[    0.220020] Policy zone: DMA32
[    0.220114] Kernel command line: selinux=0 initcall_debug debug console=ttyS0 rcutorture.torture_type=tasks-rude rcutorture.onoff_interval=1000 rcutorture.onoff_holdoff=30 rcutorture.n_barrier_cbs=4 rcutorture.stat_interval=15 rcutorture.shutdown_secs=1800 rcutorture.test_no_idle_hz=1 rcutorture.verbose=1
[    0.225419] Dentry cache hash table entries: 65536 (order: 7, 524288 bytes, linear)
[    0.225461] Inode-cache hash table entries: 32768 (order: 6, 262144 bytes, linear)
[    0.225976] mem auto-init: stack:all(zero), heap alloc:off, heap free:off
[    0.232985] Memory: 466776K/523764K available (16398K kernel code, 2805K rwdata, 4836K rodata, 1516K init, 13268K bss, 56728K reserved, 0K cma-reserved)
[    0.235086] SLUB: HWalign=64, Order=0-3, MinObjects=0, CPUs=2, Nodes=1
[    0.235993] Kernel/User page tables isolation: enabled
[    0.247524] Running RCU self tests
[    0.248016] rcu: Preemptible hierarchical RCU implementation.
[    0.248022] rcu: 	RCU event tracing is enabled.
[    0.248026] rcu: 	RCU lockdep checking is enabled.
[    0.248074] 	Trampoline variant of Tasks RCU enabled.
[    0.248078] 	Rude variant of Tasks RCU enabled.
[    0.248082] 	Tracing variant of Tasks RCU enabled.
[    0.248234] rcu: RCU calculated value of scheduler-enlistment delay is 100 jiffies.
[    0.270858] NR_IRQS: 4352, nr_irqs: 440, preallocated irqs: 16
[    0.274443] calling  con_init+0x0/0x24f @ 0
[    0.411045] Console: colour VGA+ 80x25
[    0.411147] initcall con_init+0x0/0x24f returned 0 after 0 usecs
[    0.411152] calling  hvc_console_init+0x0/0x13 @ 0
[    0.411179] initcall hvc_console_init+0x0/0x13 returned 0 after 0 usecs
[    0.411183] calling  univ8250_console_init+0x0/0x26 @ 0
[    1.344611] printk: console [ttyS0] enabled
[    1.349388] initcall univ8250_console_init+0x0/0x26 returned 0 after 0 usecs
[    1.357235] Lock dependency validator: Copyright (c) 2006 Red Hat, Inc., Ingo Molnar
[    1.365799] ... MAX_LOCKDEP_SUBCLASSES:  8
[    1.370472] ... MAX_LOCK_DEPTH:          48
[    1.375022] ... MAX_LOCKDEP_KEYS:        8192
[    1.379919] ... CLASSHASH_SIZE:          4096
[    1.384784] ... MAX_LOCKDEP_ENTRIES:     32768
[    1.389765] ... MAX_LOCKDEP_CHAINS:      65536
[    1.394704] ... CHAINHASH_SIZE:          32768
[    1.399640]  memory used by lock dependency info: 6365 kB
[    1.405628]  memory used for stack traces: 4224 kB
[    1.410962]  per task-struct memory footprint: 1920 bytes
[    1.417050] ACPI: Core revision 20200925
[    1.423107] clocksource: hpet: mask: 0xffffffff max_cycles: 0xffffffff, max_idle_ns: 19112604467 ns
[    1.435643] APIC: Switch to symmetric I/O mode setup
[    1.460300] ..TIMER: vector=0x30 apic1=0 pin1=2 apic2=-1 pin2=-1
[    1.467490] clocksource: tsc-early: mask: 0xffffffffffffffff max_cycles: 0x39a85afc727, max_idle_ns: 881590685098 ns
[    1.479432] Calibrating delay loop (skipped) preset value.. 3999.99 BogoMIPS (lpj=1999999)
[    1.480322] pid_max: default: 32768 minimum: 301
[    1.481696] LSM: Security Framework initializing
[    1.482507] Mount-cache hash table entries: 1024 (order: 1, 8192 bytes, linear)
[    1.483363] Mountpoint-cache hash table entries: 1024 (order: 1, 8192 bytes, linear)
[    1.493533] Last level iTLB entries: 4KB 0, 2MB 0, 4MB 0
[    1.494321] Last level dTLB entries: 4KB 0, 2MB 0, 4MB 0, 1GB 0
[    1.495377] Spectre V1 : Mitigation: usercopy/swapgs barriers and __user pointer sanitization
[    1.496322] Spectre V2 : Mitigation: Retpolines
[    1.497320] Spectre V2 : Spectre v2 / SpectreRSB mitigation: Filling RSB on context switch
[    1.498322] Spectre V2 : Spectre v2 / SpectreRSB : Filling RSB on VMEXIT
[    1.499323] Speculative Store Bypass: Vulnerable
[    1.500331] MDS: Vulnerable: Clear CPU buffers attempted, no microcode
[    1.501322] MMIO Stale Data: Unknown: No mitigations
[    1.555055] Freeing SMP alternatives memory: 40K
[    1.660075] smpboot: CPU0: Intel Common KVM processor (family: 0xf, model: 0x6, stepping: 0x1)
[    1.663410] calling  init_hw_perf_events+0x0/0x6ce @ 1
[    1.664353] Performance Events: unsupported Netburst CPU model 6 no PMU driver, software events only.
[    1.665331] initcall init_hw_perf_events+0x0/0x6ce returned 0 after 976 usecs
[    1.666328] calling  init_real_mode+0x0/0x1e9 @ 1
[    1.668684] initcall init_real_mode+0x0/0x1e9 returned 0 after 976 usecs
[    1.669327] calling  trace_init_perf_perm_irq_work_exit+0x0/0x12 @ 1
[    1.670325] initcall trace_init_perf_perm_irq_work_exit+0x0/0x12 returned 0 after 0 usecs
[    1.671342] calling  validate_x2apic+0x0/0x4a @ 1
[    1.672354] initcall validate_x2apic+0x0/0x4a returned 0 after 0 usecs
[    1.673326] calling  register_nmi_cpu_backtrace_handler+0x0/0x15 @ 1
[    1.675345] initcall register_nmi_cpu_backtrace_handler+0x0/0x15 returned 0 after 0 usecs
[    1.676327] calling  kvm_setup_vsyscall_timeinfo+0x0/0xd1 @ 1
[    1.677328] initcall kvm_setup_vsyscall_timeinfo+0x0/0xd1 returned 0 after 0 usecs
[    1.678341] calling  spawn_ksoftirqd+0x0/0x38 @ 1
[    1.679544] initcall spawn_ksoftirqd+0x0/0x38 returned 0 after 0 usecs
[    1.680330] calling  migration_init+0x0/0x31 @ 1
[    1.681327] initcall migration_init+0x0/0x31 returned 0 after 0 usecs
[    1.682329] calling  srcu_bootup_announce+0x0/0x2f @ 1
[    1.683338] rcu: Hierarchical SRCU implementation.
[    1.684327] initcall srcu_bootup_announce+0x0/0x2f returned 0 after 976 usecs
[    1.685328] calling  rcu_spawn_gp_kthread+0x0/0x1b0 @ 1
[    1.686498] initcall rcu_spawn_gp_kthread+0x0/0x1b0 returned 0 after 0 usecs
[    1.687347] calling  check_cpu_stall_init+0x0/0x1a @ 1
[    1.688339] initcall check_cpu_stall_init+0x0/0x1a returned 0 after 0 usecs
[    1.689330] calling  rcu_sysrq_init+0x0/0x21 @ 1
[    1.690473] initcall rcu_sysrq_init+0x0/0x21 returned 0 after 0 usecs
[    1.691421] calling  trace_init_flags_sys_enter+0x0/0xe @ 1
[    1.692348] initcall trace_init_flags_sys_enter+0x0/0xe returned 0 after 0 usecs
[    1.693325] calling  trace_init_flags_sys_exit+0x0/0xe @ 1
[    1.694328] initcall trace_init_flags_sys_exit+0x0/0xe returned 0 after 0 usecs
[    1.695326] calling  cpu_stop_init+0x0/0x8d @ 1
[    1.697481] initcall cpu_stop_init+0x0/0x8d returned 0 after 976 usecs
[    1.698325] calling  init_kprobes+0x0/0x16e @ 1
[    1.700524] initcall init_kprobes+0x0/0x16e returned 0 after 976 usecs
[    1.701325] calling  init_events+0x0/0x3d @ 1
[    1.702345] initcall init_events+0x0/0x3d returned 0 after 0 usecs
[    1.703323] calling  init_trace_printk+0x0/0xc @ 1
[    1.704324] initcall init_trace_printk+0x0/0xc returned 0 after 0 usecs
[    1.705323] calling  event_trace_enable_again+0x0/0x23 @ 1
[    1.706324] initcall event_trace_enable_again+0x0/0x23 returned 0 after 0 usecs
[    1.707324] calling  static_call_init+0x0/0x79 @ 1
[    1.708325] initcall static_call_init+0x0/0x79 returned 0 after 0 usecs
[    1.709324] calling  jump_label_init_module+0x0/0xc @ 1
[    1.710329] initcall jump_label_init_module+0x0/0xc returned 0 after 0 usecs
[    1.711328] calling  init_zero_pfn+0x0/0x37 @ 1
[    1.712327] initcall init_zero_pfn+0x0/0x37 returned 0 after 0 usecs
[    1.713326] calling  initialize_ptr_random+0x0/0x54 @ 1
[    1.714402] initcall initialize_ptr_random+0x0/0x54 returned 0 after 0 usecs
[    1.715326] calling  efi_memreserve_root_init+0x0/0x25 @ 1
[    1.716382] initcall efi_memreserve_root_init+0x0/0x25 returned 0 after 0 usecs
[    1.717346] calling  efi_earlycon_remap_fb+0x0/0x51 @ 1
[    1.718326] initcall efi_earlycon_remap_fb+0x0/0x51 returned 0 after 0 usecs
[    1.720686] smp: Bringing up secondary CPUs ...
[    1.723411] x86: Booting SMP configuration:
[    1.724333] .... node  #0, CPUs:      #1
[    1.201613] kvm-clock: cpu 1, msr b129041, secondary cpu clock
[    1.749633] kvm-guest: stealtime: cpu 1, msr 1f51bb40
[    1.764534] smp: Brought up 1 node, 2 CPUs
[    1.765327] smpboot: Max logical packages: 1
[    1.766322] smpboot: Total of 2 processors activated (7999.99 BogoMIPS)
[    1.771338] devtmpfs: initialized
[    1.776340] calling  ipc_ns_init+0x0/0x3d @ 1
[    1.782400] initcall ipc_ns_init+0x0/0x3d returned 0 after 0 usecs
[    1.791335] calling  init_mmap_min_addr+0x0/0x21 @ 1
[    1.798335] initcall init_mmap_min_addr+0x0/0x21 returned 0 after 0 usecs
[    1.808334] calling  pci_realloc_setup_params+0x0/0x3f @ 1
[    1.816331] initcall pci_realloc_setup_params+0x0/0x3f returned 0 after 0 usecs
[    1.824331] calling  net_ns_init+0x0/0x140 @ 1
[    1.831791] initcall net_ns_init+0x0/0x140 returned 0 after 976 usecs
[    1.833329] calling  e820__register_nvs_regions+0x0/0x37 @ 1
[    1.834343] initcall e820__register_nvs_regions+0x0/0x37 returned 0 after 0 usecs
[    1.835325] calling  cpufreq_register_tsc_scaling+0x0/0x2e @ 1
[    1.836323] initcall cpufreq_register_tsc_scaling+0x0/0x2e returned 0 after 0 usecs
[    1.837326] calling  reboot_init+0x0/0x3c @ 1
[    1.838362] initcall reboot_init+0x0/0x3c returned 0 after 0 usecs
[    1.839323] calling  init_lapic_sysfs+0x0/0x20 @ 1
[    1.840335] initcall init_lapic_sysfs+0x0/0x20 returned 0 after 0 usecs
[    1.841323] calling  alloc_frozen_cpus+0x0/0x7 @ 1
[    1.842322] initcall alloc_frozen_cpus+0x0/0x7 returned 0 after 0 usecs
[    1.843323] calling  cpu_hotplug_pm_sync_init+0x0/0x13 @ 1
[    1.844348] initcall cpu_hotplug_pm_sync_init+0x0/0x13 returned 0 after 0 usecs
[    1.845324] calling  wq_sysfs_init+0x0/0x2a @ 1
[    1.846530] initcall wq_sysfs_init+0x0/0x2a returned 0 after 0 usecs
[    1.847324] calling  ksysfs_init+0x0/0x92 @ 1
[    1.848362] initcall ksysfs_init+0x0/0x92 returned 0 after 0 usecs
[    1.849323] calling  schedutil_gov_init+0x0/0xc @ 1
[    1.850415] initcall schedutil_gov_init+0x0/0xc returned 0 after 0 usecs
[    1.851327] calling  pm_init+0x0/0x76 @ 1
[    1.852551] initcall pm_init+0x0/0x76 returned 0 after 0 usecs
[    1.853327] calling  pm_disk_init+0x0/0x13 @ 1
[    1.855384] initcall pm_disk_init+0x0/0x13 returned 0 after 976 usecs
[    1.856327] calling  swsusp_header_init+0x0/0x2b @ 1
[    1.857329] initcall swsusp_header_init+0x0/0x2b returned 0 after 0 usecs
[    1.858324] calling  rcu_set_runtime_mode+0x0/0x2a @ 1
[    1.861556] initcall rcu_set_runtime_mode+0x0/0x2a returned 0 after 1953 usecs
[    1.862332] calling  init_jiffies_clocksource+0x0/0x13 @ 1
[    1.863324] clocksource: jiffies: mask: 0xffffffff max_cycles: 0xffffffff, max_idle_ns: 1911260446275000 ns
[    1.864330] initcall init_jiffies_clocksource+0x0/0x13 returned 0 after 976 usecs
[    1.865325] calling  futex_init+0x0/0x11b @ 1
[    1.866329] futex hash table entries: 512 (order: 4, 65536 bytes, linear)
[    1.867390] initcall futex_init+0x0/0x11b returned 0 after 976 usecs
[    1.868326] calling  cgroup_wq_init+0x0/0x28 @ 1
[    1.869361] initcall cgroup_wq_init+0x0/0x28 returned 0 after 0 usecs
[    1.870333] calling  cgroup1_wq_init+0x0/0x28 @ 1
[    1.871355] initcall cgroup1_wq_init+0x0/0x28 returned 0 after 0 usecs
[    1.872330] calling  init_kprobe_trace_early+0x0/0x2a @ 1
[    1.873367] initcall init_kprobe_trace_early+0x0/0x2a returned 0 after 0 usecs
[    1.874328] calling  fsnotify_init+0x0/0x56 @ 1
[    1.875378] initcall fsnotify_init+0x0/0x56 returned 0 after 0 usecs
[    1.876327] calling  filelock_init+0x0/0xb3 @ 1
[    1.877345] initcall filelock_init+0x0/0xb3 returned 0 after 0 usecs
[    1.878325] calling  init_misc_binfmt+0x0/0x2c @ 1
[    1.879390] initcall init_misc_binfmt+0x0/0x2c returned 0 after 0 usecs
[    1.880328] calling  init_script_binfmt+0x0/0x15 @ 1
[    1.881331] initcall init_script_binfmt+0x0/0x15 returned 0 after 0 usecs
[    1.882328] calling  init_elf_binfmt+0x0/0x15 @ 1
[    1.883352] initcall init_elf_binfmt+0x0/0x15 returned 0 after 0 usecs
[    1.884350] calling  init_compat_elf_binfmt+0x0/0x15 @ 1
[    1.885330] initcall init_compat_elf_binfmt+0x0/0x15 returned 0 after 0 usecs
[    1.886329] calling  debugfs_init+0x0/0x5c @ 1
[    1.887347] initcall debugfs_init+0x0/0x5c returned 0 after 0 usecs
[    1.888326] calling  tracefs_init+0x0/0x3a @ 1
[    1.889335] initcall tracefs_init+0x0/0x3a returned 0 after 0 usecs
[    1.890326] calling  prandom_init_early+0x0/0x15d @ 1
[    1.891337] initcall prandom_init_early+0x0/0x15d returned 0 after 0 usecs
[    1.892376] calling  virtio_init+0x0/0x20 @ 1
[    1.893371] initcall virtio_init+0x0/0x20 returned 0 after 0 usecs
[    1.894327] calling  iommu_init+0x0/0x2a @ 1
[    1.895356] initcall iommu_init+0x0/0x2a returned 0 after 0 usecs
[    1.896324] calling  component_debug_init+0x0/0x1c @ 1
[    1.898449] initcall component_debug_init+0x0/0x1c returned 0 after 976 usecs
[    1.899332] calling  early_resume_init+0x0/0xb9 @ 1
[    1.901324] PM: RTC time: 08:31:08, date: 2022-12-13
[    1.902332] initcall early_resume_init+0x0/0xb9 returned 0 after 1953 usecs
[    1.903329] calling  cpufreq_core_init+0x0/0x62 @ 1
[    1.904343] initcall cpufreq_core_init+0x0/0x62 returned 0 after 0 usecs
[    1.906326] calling  cpufreq_gov_performance_init+0x0/0xc @ 1
[    1.907331] initcall cpufreq_gov_performance_init+0x0/0xc returned 0 after 0 usecs
[    1.908327] calling  cpufreq_gov_userspace_init+0x0/0xc @ 1
[    1.909330] initcall cpufreq_gov_userspace_init+0x0/0xc returned 0 after 0 usecs
[    1.910326] calling  CPU_FREQ_GOV_ONDEMAND_init+0x0/0xc @ 1
[    1.911346] initcall CPU_FREQ_GOV_ONDEMAND_init+0x0/0xc returned 0 after 0 usecs
[    1.912324] calling  cpuidle_init+0x0/0x1f @ 1
[    1.913358] initcall cpuidle_init+0x0/0x1f returned 0 after 0 usecs
[    1.914324] calling  capsule_reboot_register+0x0/0xc @ 1
[    1.915348] initcall capsule_reboot_register+0x0/0xc returned 0 after 0 usecs
[    1.916325] calling  sock_init+0x0/0x93 @ 1
[    1.918864] initcall sock_init+0x0/0x93 returned 0 after 976 usecs
[    1.919326] calling  net_inuse_init+0x0/0x23 @ 1
[    1.920362] initcall net_inuse_init+0x0/0x23 returned 0 after 0 usecs
[    1.921327] calling  net_defaults_init+0x0/0x23 @ 1
[    1.922330] initcall net_defaults_init+0x0/0x23 returned 0 after 0 usecs
[    1.923325] calling  init_default_flow_dissectors+0x0/0x4f @ 1
[    1.924364] initcall init_default_flow_dissectors+0x0/0x4f returned 0 after 0 usecs
[    1.925331] calling  netpoll_init+0x0/0x44 @ 1
[    1.926333] initcall netpoll_init+0x0/0x44 returned 0 after 0 usecs
[    1.927333] calling  netlink_proto_init+0x0/0x154 @ 1
[    1.929531] NET: Registered protocol family 16
[    1.931389] initcall netlink_proto_init+0x0/0x154 returned 0 after 2929 usecs
[    1.932326] calling  genl_init+0x0/0x35 @ 1
[    1.933395] initcall genl_init+0x0/0x35 returned 0 after 0 usecs
[    1.934344] calling  bsp_pm_check_init+0x0/0x13 @ 1
[    1.935330] initcall bsp_pm_check_init+0x0/0x13 returned 0 after 0 usecs
[    1.936379] calling  irq_sysfs_init+0x0/0xb9 @ 1
[    1.937633] initcall irq_sysfs_init+0x0/0xb9 returned 0 after 0 usecs
[    1.939326] calling  audit_init+0x0/0x127 @ 1
[    1.940331] audit: initializing netlink subsys (disabled)
[    1.941516] initcall audit_init+0x0/0x127 returned 0 after 1953 usecs
[    1.942444] audit: type=2000 audit(1670920266.594:1): state=initialized audit_enabled=0 res=1
[    1.943338] calling  release_early_probes+0x0/0x32 @ 1
[    1.950330] initcall release_early_probes+0x0/0x32 returned 0 after 0 usecs
[    1.959332] calling  bdi_class_init+0x0/0x48 @ 1
[    1.964596] initcall bdi_class_init+0x0/0x48 returned 0 after 976 usecs
[    1.973329] calling  mm_sysfs_init+0x0/0x28 @ 1
[    1.978347] initcall mm_sysfs_init+0x0/0x28 returned 0 after 0 usecs
[    1.986329] calling  init_per_zone_wmark_min+0x0/0x6d @ 1
[    1.993362] initcall init_per_zone_wmark_min+0x0/0x6d returned 0 after 0 usecs
[    2.003338] calling  mpi_init+0x0/0x3e @ 1
[    2.008361] initcall mpi_init+0x0/0x3e returned 0 after 0 usecs
[    2.015326] calling  kobject_uevent_init+0x0/0xc @ 1
[    2.021444] initcall kobject_uevent_init+0x0/0xc returned 0 after 0 usecs
[    2.029325] calling  pcibus_class_init+0x0/0x13 @ 1
[    2.035348] initcall pcibus_class_init+0x0/0x13 returned 0 after 0 usecs
[    2.043328] calling  pci_driver_init+0x0/0x21 @ 1
[    2.049443] initcall pci_driver_init+0x0/0x21 returned 0 after 0 usecs
[    2.057330] calling  backlight_class_init+0x0/0xa8 @ 1
[    2.063387] initcall backlight_class_init+0x0/0xa8 returned 0 after 0 usecs
[    2.071342] calling  tty_class_init+0x0/0x33 @ 1
[    2.078355] initcall tty_class_init+0x0/0x33 returned 0 after 0 usecs
[    2.088331] calling  vtconsole_class_init+0x0/0xb5 @ 1
[    2.095584] initcall vtconsole_class_init+0x0/0xb5 returned 0 after 0 usecs
[    2.106350] calling  iommu_dev_init+0x0/0x13 @ 1
[    2.113357] initcall iommu_dev_init+0x0/0x13 returned 0 after 0 usecs
[    2.122350] calling  mipi_dsi_bus_init+0x0/0xc @ 1
[    2.129375] initcall mipi_dsi_bus_init+0x0/0xc returned 0 after 0 usecs
[    2.138338] calling  devlink_class_init+0x0/0x40 @ 1
[    2.144395] initcall devlink_class_init+0x0/0x40 returned 0 after 0 usecs
[    2.152326] calling  software_node_init+0x0/0x2a @ 1
[    2.158334] initcall software_node_init+0x0/0x2a returned 0 after 0 usecs
[    2.166326] calling  wakeup_sources_debugfs_init+0x0/0x23 @ 1
[    2.173352] initcall wakeup_sources_debugfs_init+0x0/0x23 returned 0 after 0 usecs
[    2.182326] calling  wakeup_sources_sysfs_init+0x0/0x2c @ 1
[    2.188354] initcall wakeup_sources_sysfs_init+0x0/0x2c returned 0 after 0 usecs
[    2.197326] calling  register_node_type+0x0/0x13 @ 1
[    2.203432] initcall register_node_type+0x0/0x13 returned 0 after 0 usecs
[    2.211326] calling  regmap_initcall+0x0/0xc @ 1
[    2.217322] initcall regmap_initcall+0x0/0xc returned 0 after 0 usecs
[    2.225327] calling  i2c_init+0x0/0xb3 @ 1
[    2.230478] initcall i2c_init+0x0/0xb3 returned 0 after 0 usecs
[    2.238351] calling  thermal_init+0x0/0x116 @ 1
[    2.244396] thermal_sys: Registered thermal governor 'step_wise'
[    2.244400] thermal_sys: Registered thermal governor 'user_space'
[    2.252357] initcall thermal_init+0x0/0x116 returned 0 after 7812 usecs
[    2.268338] calling  init_menu+0x0/0xc @ 1
[    2.273486] cpuidle: using governor menu
[    2.279333] initcall init_menu+0x0/0xc returned 0 after 5859 usecs
[    2.287328] calling  pcc_init+0x0/0x4d @ 1
[    2.292352] initcall pcc_init+0x0/0x4d returned -19 after 0 usecs
[    2.299327] calling  amd_postcore_init+0x0/0x11e @ 1
[    2.305325] initcall amd_postcore_init+0x0/0x11e returned 0 after 0 usecs
[    2.313392] calling  bts_init+0x0/0xba @ 1
[    2.318326] initcall bts_init+0x0/0xba returned -19 after 0 usecs
[    2.325325] calling  pt_init+0x0/0x34d @ 1
[    2.330324] initcall pt_init+0x0/0x34d returned -19 after 0 usecs
[    2.338334] calling  boot_params_ksysfs_init+0x0/0x2ee @ 1
[    2.344394] initcall boot_params_ksysfs_init+0x0/0x2ee returned 0 after 0 usecs
[    2.353329] calling  sbf_init+0x0/0xea @ 1
[    2.358326] initcall sbf_init+0x0/0xea returned 0 after 0 usecs
[    2.366326] calling  arch_kdebugfs_init+0x0/0x219 @ 1
[    2.373391] initcall arch_kdebugfs_init+0x0/0x219 returned 0 after 0 usecs
[    2.381326] calling  intel_pconfig_init+0x0/0x85 @ 1
[    2.388331] initcall intel_pconfig_init+0x0/0x85 returned 0 after 0 usecs
[    2.399330] calling  mtrr_if_init+0x0/0x5d @ 1
[    2.405356] initcall mtrr_if_init+0x0/0x5d returned 0 after 0 usecs
[    2.415331] calling  activate_jump_labels+0x0/0x31 @ 1
[    2.421327] initcall activate_jump_labels+0x0/0x31 returned 0 after 0 usecs
[    2.429327] calling  ffh_cstate_init+0x0/0x29 @ 1
[    2.435330] initcall ffh_cstate_init+0x0/0x29 returned 0 after 0 usecs
[    2.443326] calling  activate_jump_labels+0x0/0x31 @ 1
[    2.450053] initcall activate_jump_labels+0x0/0x31 returned 0 after 976 usecs
[    2.458325] calling  kvm_alloc_cpumask+0x0/0x74 @ 1
[    2.464385] initcall kvm_alloc_cpumask+0x0/0x74 returned 0 after 0 usecs
[    2.472334] calling  kcmp_cookies_init+0x0/0x37 @ 1
[    2.478333] initcall kcmp_cookies_init+0x0/0x37 returned 0 after 0 usecs
[    2.486337] calling  cryptomgr_init+0x0/0xc @ 1
[    2.492430] initcall cryptomgr_init+0x0/0xc returned 0 after 0 usecs
[    2.499326] calling  acpi_pci_init+0x0/0x57 @ 1
[    2.505334] ACPI: bus type PCI registered
[    2.512340] initcall acpi_pci_init+0x0/0x57 returned 0 after 6835 usecs
[    2.521334] calling  dma_channel_table_init+0x0/0xd1 @ 1
[    2.527344] initcall dma_channel_table_init+0x0/0xd1 returned 0 after 0 usecs
[    2.536331] calling  dma_bus_init+0x0/0xdc @ 1
[    2.542428] initcall dma_bus_init+0x0/0xdc returned 0 after 0 usecs
[    2.550429] calling  iommu_dma_init+0x0/0x10 @ 1
[    2.556436] initcall iommu_dma_init+0x0/0x10 returned 0 after 0 usecs
[    2.564327] calling  dmi_id_init+0x0/0x37c @ 1
[    2.568734] initcall dmi_id_init+0x0/0x37c returned 0 after 976 usecs
[    2.577331] calling  pci_arch_init+0x0/0x71 @ 1
[    2.584682] PCI: MMCONFIG for domain 0000 [bus 00-ff] at [mem 0xb0000000-0xbfffffff] (base 0xb0000000)
[    2.596332] PCI: MMCONFIG at [mem 0xb0000000-0xbfffffff] reserved in E820
[    2.604429] PCI: Using configuration type 1 for base access
[    2.611439] initcall pci_arch_init+0x0/0x71 returned 0 after 27343 usecs
[    2.620357] calling  init_vdso+0x0/0x13 @ 1
[    2.625328] initcall init_vdso+0x0/0x13 returned 0 after 0 usecs
[    2.633326] calling  sysenter_setup+0x0/0x13 @ 1
[    2.639451] initcall sysenter_setup+0x0/0x13 returned 0 after 0 usecs
[    2.647325] calling  fixup_ht_bug+0x0/0xe5 @ 1
[    2.652326] initcall fixup_ht_bug+0x0/0xe5 returned 0 after 0 usecs
[    2.660326] calling  topology_init+0x0/0x88 @ 1
[    2.666592] initcall topology_init+0x0/0x88 returned 0 after 0 usecs
[    2.674330] calling  intel_epb_init+0x0/0x68 @ 1
[    2.680326] initcall intel_epb_init+0x0/0x68 returned -19 after 0 usecs
[    2.689328] calling  mtrr_init_finialize+0x0/0x3e @ 1
[    2.695326] initcall mtrr_init_finialize+0x0/0x3e returned 0 after 0 usecs
[    2.704327] calling  uid_cache_init+0x0/0x85 @ 1
[    2.710353] initcall uid_cache_init+0x0/0x85 returned 0 after 0 usecs
[    2.718325] calling  param_sysfs_init+0x0/0x1ba @ 1
[    2.737638] initcall param_sysfs_init+0x0/0x1ba returned 0 after 12695 usecs
[    2.746328] calling  user_namespace_sysctl_init+0x0/0x33 @ 1
[    2.754341] initcall user_namespace_sysctl_init+0x0/0x33 returned 0 after 0 usecs
[    2.763326] calling  proc_schedstat_init+0x0/0x24 @ 1
[    2.769339] initcall proc_schedstat_init+0x0/0x24 returned 0 after 0 usecs
[    2.778326] calling  pm_sysrq_init+0x0/0x18 @ 1
[    2.784410] initcall pm_sysrq_init+0x0/0x18 returned 0 after 0 usecs
[    2.792524] calling  create_proc_profile+0x0/0xd0 @ 1
[    2.799378] initcall create_proc_profile+0x0/0xd0 returned 0 after 0 usecs
[    2.807338] calling  time_ns_init+0x0/0x7 @ 1
[    2.813328] initcall time_ns_init+0x0/0x7 returned 0 after 0 usecs
[    2.820328] calling  crash_save_vmcoreinfo_init+0x0/0x722 @ 1
[    2.826428] initcall crash_save_vmcoreinfo_init+0x0/0x722 returned 0 after 0 usecs
[    2.835326] calling  crash_notes_memory_init+0x0/0x35 @ 1
[    2.841332] initcall crash_notes_memory_init+0x0/0x35 returned 0 after 0 usecs
[    2.850324] calling  cgroup_sysfs_init+0x0/0x13 @ 1
[    2.855419] initcall cgroup_sysfs_init+0x0/0x13 returned 0 after 976 usecs
[    2.864326] calling  cgroup_namespaces_init+0x0/0x7 @ 1
[    2.870334] initcall cgroup_namespaces_init+0x0/0x7 returned 0 after 0 usecs
[    2.878326] calling  init_optprobes+0x0/0x13 @ 1
[    2.884428] Kprobes globally optimized
[    2.888326] initcall init_optprobes+0x0/0x13 returned 0 after 3906 usecs
[    2.896327] calling  oom_init+0x0/0x2f @ 1
[    2.901574] initcall oom_init+0x0/0x2f returned 0 after 0 usecs
[    2.908325] calling  default_bdi_init+0x0/0xb3 @ 1
[    2.915635] initcall default_bdi_init+0x0/0xb3 returned 0 after 976 usecs
[    2.916332] calling  percpu_enable_async+0x0/0xe @ 1
[    2.917325] initcall percpu_enable_async+0x0/0xe returned 0 after 0 usecs
[    2.918324] calling  kcompactd_init+0x0/0x8d @ 1
[    2.920484] initcall kcompactd_init+0x0/0x8d returned 0 after 976 usecs
[    2.929380] calling  init_user_reserve+0x0/0x40 @ 1
[    2.935330] initcall init_user_reserve+0x0/0x40 returned 0 after 0 usecs
[    2.943327] calling  init_admin_reserve+0x0/0x40 @ 1
[    2.949326] initcall init_admin_reserve+0x0/0x40 returned 0 after 0 usecs
[    2.957328] calling  init_reserve_notifier+0x0/0x7 @ 1
[    2.963327] initcall init_reserve_notifier+0x0/0x7 returned 0 after 0 usecs
[    2.972334] calling  swap_init_sysfs+0x0/0x62 @ 1
[    2.977349] initcall swap_init_sysfs+0x0/0x62 returned 0 after 976 usecs
[    2.986342] calling  swapfile_init+0x0/0x94 @ 1
[    2.992333] initcall swapfile_init+0x0/0x94 returned 0 after 0 usecs
[    2.999330] calling  hugetlb_init+0x0/0x49c @ 1
[    3.005330] HugeTLB registered 2.00 MiB page size, pre-allocated 0 pages
[    3.013373] initcall hugetlb_init+0x0/0x49c returned 0 after 7812 usecs
[    3.021350] calling  io_wq_init+0x0/0x34 @ 1
[    3.026332] initcall io_wq_init+0x0/0x34 returned 0 after 0 usecs
[    3.034330] calling  seqiv_module_init+0x0/0xc @ 1
[    3.040450] initcall seqiv_module_init+0x0/0xc returned 0 after 976 usecs
[    3.050346] calling  echainiv_module_init+0x0/0xc @ 1
[    3.056331] initcall echainiv_module_init+0x0/0xc returned 0 after 0 usecs
[    3.065452] calling  rsa_init+0x0/0x50 @ 1
[    3.072369] initcall rsa_init+0x0/0x50 returned 0 after 1953 usecs
[    3.072754] cryptomgr_test (29) used greatest stack depth: 14864 bytes left
[    3.073327] calling  crypto_cmac_module_init+0x0/0xc @ 1
[    3.073333] initcall crypto_cmac_module_init+0x0/0xc returned 0 after 0 usecs
[    3.073336] calling  hmac_module_init+0x0/0xc @ 1
[    3.073339] initcall hmac_module_init+0x0/0xc returned 0 after 0 usecs
[    3.073341] calling  crypto_null_mod_init+0x0/0x65 @ 1
[    3.121508] initcall crypto_null_mod_init+0x0/0x65 returned 0 after 46875 usecs
[    3.131342] calling  md5_mod_init+0x0/0xc @ 1
[    3.135996] initcall md5_mod_init+0x0/0xc returned 0 after 976 usecs
[    3.145338] calling  sha256_generic_mod_init+0x0/0x11 @ 1
[    3.155491] initcall sha256_generic_mod_init+0x0/0x11 returned 0 after 2929 usecs
[    3.165801] calling  crypto_cbc_module_init+0x0/0xc @ 1
[    3.174342] initcall crypto_cbc_module_init+0x0/0xc returned 0 after 0 usecs
[    3.181330] calling  crypto_ctr_module_init+0x0/0x11 @ 1
[    3.189330] initcall crypto_ctr_module_init+0x0/0x11 returned 0 after 0 usecs
[    3.195328] calling  crypto_gcm_module_init+0x0/0x64 @ 1
[    3.203329] initcall crypto_gcm_module_init+0x0/0x64 returned 0 after 976 usecs
[    3.211343] calling  crypto_ccm_module_init+0x0/0x11 @ 1
[    3.216339] initcall crypto_ccm_module_init+0x0/0x11 returned 0 after 0 usecs
[    3.222327] calling  aes_init+0x0/0xc @ 1
[    3.228736] initcall aes_init+0x0/0xc returned 0 after 1953 usecs
[    3.236365] calling  crc32c_mod_init+0x0/0xc @ 1
[    3.243346] initcall crc32c_mod_init+0x0/0xc returned 0 after 976 usecs
[    3.244334] calling  crypto_authenc_module_init+0x0/0xc @ 1
[    3.245340] initcall crypto_authenc_module_init+0x0/0xc returned 0 after 0 usecs
[    3.246330] calling  crypto_authenc_esn_module_init+0x0/0xc @ 1
[    3.247328] initcall crypto_authenc_esn_module_init+0x0/0xc returned 0 after 0 usecs
[    3.248329] calling  drbg_init+0x0/0x7c @ 1
[    3.260373] initcall drbg_init+0x0/0x7c returned 0 after 10742 usecs
[    3.261474] calling  ghash_mod_init+0x0/0xc @ 1
[    3.263584] initcall ghash_mod_init+0x0/0xc returned 0 after 976 usecs
[    3.271569] calling  init_bio+0x0/0x9a @ 1
[    3.276586] initcall init_bio+0x0/0x9a returned 0 after 0 usecs
[    3.284333] calling  blk_settings_init+0x0/0x29 @ 1
[    3.290326] initcall blk_settings_init+0x0/0x29 returned 0 after 0 usecs
[    3.298326] calling  blk_ioc_init+0x0/0x29 @ 1
[    3.304353] initcall blk_ioc_init+0x0/0x29 returned 0 after 0 usecs
[    3.311326] calling  blk_mq_init+0x0/0xb9 @ 1
[    3.317332] initcall blk_mq_init+0x0/0xb9 returned 0 after 0 usecs
[    3.325337] calling  genhd_device_init+0x0/0x75 @ 1
[    3.335657] initcall genhd_device_init+0x0/0x75 returned 0 after 1953 usecs
[    3.346371] calling  pci_slot_init+0x0/0x40 @ 1
[    3.352341] initcall pci_slot_init+0x0/0x40 returned 0 after 976 usecs
[    3.360326] calling  fbmem_init+0x0/0xd8 @ 1
[    3.366513] initcall fbmem_init+0x0/0xd8 returned 0 after 0 usecs
[    3.373325] calling  acpi_init+0x0/0x319 @ 1
[    3.377366] ACPI: Added _OSI(Module Device)
[    3.382324] ACPI: Added _OSI(Processor Device)
[    3.388328] ACPI: Added _OSI(3.0 _SCP Extensions)
[    3.394323] ACPI: Added _OSI(Processor Aggregator Device)
[    3.401326] ACPI: Added _OSI(Linux-Dell-Video)
[    3.406325] ACPI: Added _OSI(Linux-Lenovo-NV-HDMI-Audio)
[    3.413325] ACPI: Added _OSI(Linux-HPI-Hybrid-Graphics)
[    3.424471] ACPI: 1 ACPI AML tables successfully acquired and loaded
[    3.439223] ACPI: Interpreter enabled
[    3.444455] ACPI: (supports S0 S3 S4 S5)
[    3.449324] ACPI: Using IOAPIC for interrupt routing
[    3.456397] PCI: Using host bridge windows from ACPI; if necessary, use "pci=nocrs" and report a bug
[    3.469314] ACPI: Enabled 2 GPEs in block 00 to 3F
[    3.488045] ACPI: PCI Root Bridge [PCI0] (domain 0000 [bus 00-ff])
[    3.496353] acpi PNP0A08:00: _OSC: OS supports [ExtendedConfig ASPM ClockPM Segments MSI HPX-Type3]
[    3.509650] acpi PNP0A08:00: _OSC: platform does not support [LTR]
[    3.517667] acpi PNP0A08:00: _OSC: OS now controls [PME PCIeCapability]
[    3.526738] PCI host bridge to bus 0000:00
[    3.531330] pci_bus 0000:00: root bus resource [io  0x0000-0x0cf7 window]
[    3.540328] pci_bus 0000:00: root bus resource [io  0x0d00-0xffff window]
[    3.549331] pci_bus 0000:00: root bus resource [mem 0x000a0000-0x000bffff window]
[    3.558326] pci_bus 0000:00: root bus resource [mem 0x20000000-0xafffffff window]
[    3.566477] pci_bus 0000:00: root bus resource [mem 0xc0000000-0xfebfffff window]
[    3.577327] pci_bus 0000:00: root bus resource [mem 0x100000000-0x8ffffffff window]
[    3.586327] pci_bus 0000:00: root bus resource [bus 00-ff]
[    3.594882] pci 0000:00:00.0: calling  quirk_mmio_always_on+0x0/0x10 @ 1
[    3.601346] pci 0000:00:00.0: quirk_mmio_always_on+0x0/0x10 took 0 usecs
[    3.611450] pci 0000:00:00.0: [8086:29c0] type 00 class 0x060000
[    3.621329] pci 0000:00:00.0: calling  quirk_igfx_skip_te_disable+0x0/0x80 @ 1
[    3.630333] pci 0000:00:00.0: quirk_igfx_skip_te_disable+0x0/0x80 took 0 usecs
[    3.642413] pci 0000:00:01.0: [1234:1111] type 00 class 0x030000
[    3.655049] pci 0000:00:01.0: reg 0x10: [mem 0xfd000000-0xfdffffff pref]
[    3.672168] pci 0000:00:01.0: reg 0x18: [mem 0xfebf0000-0xfebf0fff]
[    3.696786] pci 0000:00:01.0: reg 0x30: [mem 0xfebe0000-0xfebeffff pref]
[    3.709314] pci 0000:00:01.0: calling  efifb_fixup_resources+0x0/0xf0 @ 1
[    3.718370] pci 0000:00:01.0: efifb_fixup_resources+0x0/0xf0 took 0 usecs
[    3.733185] pci 0000:00:1f.0: [8086:2918] type 00 class 0x060100
[    3.745955] pci 0000:00:1f.0: calling  quirk_ich7_lpc+0x0/0x60 @ 1
[    3.754397] pci 0000:00:1f.0: quirk: [io  0x0600-0x067f] claimed by ICH6 ACPI/GPIO/TCO
[    3.764782] pci 0000:00:1f.0: quirk_ich7_lpc+0x0/0x60 took 10742 usecs
[    3.773434] pci 0000:00:1f.0: calling  quirk_igfx_skip_te_disable+0x0/0x80 @ 1
[    3.782331] pci 0000:00:1f.0: quirk_igfx_skip_te_disable+0x0/0x80 took 0 usecs
[    3.792579] pci 0000:00:1f.2: [8086:2922] type 00 class 0x010601
[    3.808191] pci 0000:00:1f.2: reg 0x20: [io  0xc040-0xc05f]
[    3.816324] pci 0000:00:1f.2: reg 0x24: [mem 0xfebf1000-0xfebf1fff]
[    3.825352] pci 0000:00:1f.2: calling  quirk_igfx_skip_te_disable+0x0/0x80 @ 1
[    3.834328] pci 0000:00:1f.2: quirk_igfx_skip_te_disable+0x0/0x80 took 0 usecs
[    3.845881] pci 0000:00:1f.3: [8086:2930] type 00 class 0x0c0500
[    3.858323] pci 0000:00:1f.3: reg 0x20: [io  0x0700-0x073f]
[    3.866955] pci 0000:00:1f.3: calling  quirk_igfx_skip_te_disable+0x0/0x80 @ 1
[    3.876332] pci 0000:00:1f.3: quirk_igfx_skip_te_disable+0x0/0x80 took 0 usecs
[    3.894465] ACPI: PCI Interrupt Link [LNKA] (IRQs 5 *10 11)
[    3.902159] ACPI: PCI Interrupt Link [LNKB] (IRQs 5 *10 11)
[    3.910871] ACPI: PCI Interrupt Link [LNKC] (IRQs 5 10 *11)
[    3.918872] ACPI: PCI Interrupt Link [LNKD] (IRQs 5 10 *11)
[    3.928604] ACPI: PCI Interrupt Link [LNKE] (IRQs 5 *10 11)
[    3.933117] ACPI: PCI Interrupt Link [LNKF] (IRQs 5 *10 11)
[    3.939866] ACPI: PCI Interrupt Link [LNKG] (IRQs 5 10 *11)
[    3.947717] ACPI: PCI Interrupt Link [LNKH] (IRQs 5 10 *11)
[    3.954558] ACPI: PCI Interrupt Link [GSIA] (IRQs *16)
[    3.961374] ACPI: PCI Interrupt Link [GSIB] (IRQs *17)
[    3.965369] ACPI: PCI Interrupt Link [GSIC] (IRQs *18)
[    3.975373] ACPI: PCI Interrupt Link [GSID] (IRQs *19)
[    3.984378] ACPI: PCI Interrupt Link [GSIE] (IRQs *20)
[    3.991418] ACPI: PCI Interrupt Link [GSIF] (IRQs *21)
[    4.000386] ACPI: PCI Interrupt Link [GSIG] (IRQs *22)
[    4.006367] ACPI: PCI Interrupt Link [GSIH] (IRQs *23)
[    4.022314] initcall acpi_init+0x0/0x319 returned 0 after 628906 usecs
[    4.033055] calling  pnp_init+0x0/0xc @ 1
[    4.037366] initcall pnp_init+0x0/0xc returned 0 after 0 usecs
[    4.044327] calling  misc_init+0x0/0xbf @ 1
[    4.049325] initcall misc_init+0x0/0xbf returned 0 after 1953 usecs
[    4.059334] calling  iommu_subsys_init+0x0/0x4e @ 1
[    4.064319] iommu: Default domain type: Translated 
[    4.069328] initcall iommu_subsys_init+0x0/0x4e returned 0 after 4882 usecs
[    4.081338] calling  vga_arb_device_init+0x0/0x261 @ 1
[    4.102104] pci 0000:00:01.0: vgaarb: setting as boot VGA device
[    4.102314] pci 0000:00:01.0: vgaarb: VGA device added: decodes=io+mem,owns=io+mem,locks=none
[    4.120334] pci 0000:00:01.0: vgaarb: bridge control possible
[    4.127324] vgaarb: loaded
[    4.130330] initcall vga_arb_device_init+0x0/0x261 returned 0 after 42968 usecs
[    4.139542] calling  cn_init+0x0/0xf0 @ 1
[    4.144485] initcall cn_init+0x0/0xf0 returned 0 after 0 usecs
[    4.151328] calling  dma_buf_init+0x0/0xad @ 1
[    4.157612] initcall dma_buf_init+0x0/0xad returned 0 after 0 usecs
[    4.165336] calling  dma_resv_lockdep+0x0/0x281 @ 1
[    4.171871] initcall dma_resv_lockdep+0x0/0x281 returned 0 after 976 usecs
[    4.180326] calling  init_scsi+0x0/0x79 @ 1
[    4.185774] SCSI subsystem initialized
[    4.190331] initcall init_scsi+0x0/0x79 returned 0 after 4882 usecs
[    4.197427] calling  ata_init+0x0/0x332 @ 1
[    4.213878] libata version 3.00 loaded.
[    4.214333] initcall ata_init+0x0/0x332 returned 0 after 10742 usecs
[    4.215327] calling  phy_init+0x0/0x250 @ 1
[    4.218946] initcall phy_init+0x0/0x250 returned 0 after 1953 usecs
[    4.219328] calling  init_pcmcia_cs+0x0/0x35 @ 1
[    4.221343] initcall init_pcmcia_cs+0x0/0x35 returned 0 after 976 usecs
[    4.222327] calling  usb_common_init+0x0/0x1c @ 1
[    4.223377] initcall usb_common_init+0x0/0x1c returned 0 after 0 usecs
[    4.224328] calling  usb_init+0x0/0x12e @ 1
[    4.225622] ACPI: bus type USB registered
[    4.228377] usbcore: registered new interface driver usbfs
[    4.230341] usbcore: registered new interface driver hub
[    4.231361] usbcore: registered new device driver usb
[    4.232329] initcall usb_init+0x0/0x12e returned 0 after 6835 usecs
[    4.233334] calling  serio_init+0x0/0x29 @ 1
[    4.234653] initcall serio_init+0x0/0x29 returned 0 after 0 usecs
[    4.235326] calling  input_init+0x0/0xf6 @ 1
[    4.237703] initcall input_init+0x0/0xf6 returned 0 after 0 usecs
[    4.238326] calling  rtc_init+0x0/0x4d @ 1
[    4.239471] initcall rtc_init+0x0/0x4d returned 0 after 0 usecs
[    4.240326] calling  pps_init+0x0/0xa9 @ 1
[    4.241454] pps_core: LinuxPPS API ver. 1 registered
[    4.242322] pps_core: Software ver. 5.3.6 - Copyright 2005-2007 Rodolfo Giometti <giometti@linux.it>
[    4.243330] initcall pps_init+0x0/0xa9 returned 0 after 1953 usecs
[    4.244527] calling  ptp_init+0x0/0x98 @ 1
[    4.246365] PTP clock support registered
[    4.247330] initcall ptp_init+0x0/0x98 returned 0 after 976 usecs
[    4.248330] calling  power_supply_class_init+0x0/0x3f @ 1
[    4.250977] initcall power_supply_class_init+0x0/0x3f returned 0 after 976 usecs
[    4.251330] calling  hwmon_init+0x0/0x104 @ 1
[    4.252360] initcall hwmon_init+0x0/0x104 returned 0 after 0 usecs
[    4.253326] calling  md_init+0x0/0x16b @ 1
[    4.258131] initcall md_init+0x0/0x16b returned 0 after 3906 usecs
[    4.266334] calling  leds_init+0x0/0x3b @ 1
[    4.270972] initcall leds_init+0x0/0x3b returned 0 after 0 usecs
[    4.278328] calling  dmi_init+0x0/0x113 @ 1
[    4.283740] initcall dmi_init+0x0/0x113 returned 0 after 1953 usecs
[    4.292666] calling  efisubsys_init+0x0/0x4e7 @ 1
[    4.297324] initcall efisubsys_init+0x0/0x4e7 returned 0 after 1953 usecs
[    4.304327] calling  nvmem_init+0x0/0xc @ 1
[    4.309527] initcall nvmem_init+0x0/0xc returned 0 after 0 usecs
[    4.317339] calling  init_soundcore+0x0/0x33 @ 1
[    4.322562] initcall init_soundcore+0x0/0x33 returned 0 after 0 usecs
[    4.331327] calling  alsa_sound_init+0x0/0x8f @ 1
[    4.338381] Advanced Linux Sound Architecture Driver Initialized.
[    4.348329] initcall alsa_sound_init+0x0/0x8f returned 0 after 10742 usecs
[    4.358329] calling  alsa_seq_device_init+0x0/0x71 @ 1
[    4.366392] initcall alsa_seq_device_init+0x0/0x71 returned 0 after 0 usecs
[    4.377329] calling  hda_bus_init+0x0/0xc @ 1
[    4.383442] initcall hda_bus_init+0x0/0xc returned 0 after 0 usecs
[    4.392328] calling  proto_init+0x0/0xc @ 1
[    4.399336] initcall proto_init+0x0/0xc returned 0 after 0 usecs
[    4.407329] calling  net_dev_init+0x0/0x27f @ 1
[    4.425062] initcall net_dev_init+0x0/0x27f returned 0 after 10742 usecs
[    4.435331] calling  neigh_init+0x0/0x84 @ 1
[    4.442398] initcall neigh_init+0x0/0x84 returned 0 after 0 usecs
[    4.451337] calling  fib_notifier_init+0x0/0xc @ 1
[    4.458458] initcall fib_notifier_init+0x0/0xc returned 0 after 0 usecs
[    4.467328] calling  fib_rules_init+0x0/0xab @ 1
[    4.475506] initcall fib_rules_init+0x0/0xab returned 0 after 0 usecs
[    4.484473] calling  pktsched_init+0x0/0x10e @ 1
[    4.491336] initcall pktsched_init+0x0/0x10e returned 0 after 0 usecs
[    4.501330] calling  tc_filter_init+0x0/0xfa @ 1
[    4.507463] initcall tc_filter_init+0x0/0xfa returned 0 after 976 usecs
[    4.517339] calling  tc_action_init+0x0/0x54 @ 1
[    4.524335] initcall tc_action_init+0x0/0x54 returned 0 after 0 usecs
[    4.534327] calling  ethnl_init+0x0/0x52 @ 1
[    4.539328] initcall ethnl_init+0x0/0x52 returned 0 after 1953 usecs
[    4.544564] calling  nexthop_init+0x0/0xd8 @ 1
[    4.551516] initcall nexthop_init+0x0/0xd8 returned 0 after 0 usecs
[    4.561365] calling  cipso_v4_init+0x0/0x8d @ 1
[    4.567447] initcall cipso_v4_init+0x0/0x8d returned 0 after 0 usecs
[    4.577336] calling  ieee80211_init+0x0/0x24 @ 1
[    4.584488] initcall ieee80211_init+0x0/0x24 returned 0 after 1953 usecs
[    4.593379] calling  netlbl_init+0x0/0x78 @ 1
[    4.601640] NetLabel: Initializing
[    4.606322] NetLabel:  domain hash size = 128
[    4.611324] NetLabel:  protocols = UNLABELED CIPSOv4 CALIPSO
[    4.619961] NetLabel:  unlabeled traffic allowed by default
[    4.629336] initcall netlbl_init+0x0/0x78 returned 0 after 27343 usecs
[    4.637327] calling  rfkill_init+0x0/0x136 @ 1
[    4.645333] initcall rfkill_init+0x0/0x136 returned 0 after 4882 usecs
[    4.646337] calling  pci_subsys_init+0x0/0x66 @ 1
[    4.647384] PCI: Using ACPI for IRQ routing
[    5.407648] PCI: pci_cache_line_size set to 64 bytes
[    5.409546] e820: reserve RAM buffer [mem 0x0009fc00-0x0009ffff]
[    5.410443] e820: reserve RAM buffer [mem 0x1ffdf000-0x1fffffff]
[    5.411384] initcall pci_subsys_init+0x0/0x66 returned 0 after 746093 usecs
[    5.414716] calling  nmi_warning_debugfs+0x0/0x26 @ 1
[    5.415417] initcall nmi_warning_debugfs+0x0/0x26 returned 0 after 0 usecs
[    5.416330] calling  save_microcode_in_initrd+0x0/0x51 @ 1
[    5.418449] initcall save_microcode_in_initrd+0x0/0x51 returned 0 after 976 usecs
[    5.419355] calling  hpet_late_init+0x0/0x20a @ 1
[    5.420566] hpet: 3 channels of 0 reserved for per-cpu timers
[    5.422358] hpet0: at MMIO 0xfed00000, IRQs 2, 8, 0
[    5.423322] hpet0: 3 comparators, 64-bit 100.000000 MHz counter
[    5.427324] initcall hpet_late_init+0x0/0x20a returned 0 after 6835 usecs
[    5.429324] calling  init_amd_nbs+0x0/0x11c @ 1
[    5.430405] initcall init_amd_nbs+0x0/0x11c returned 0 after 0 usecs
[    5.431380] calling  clocksource_done_booting+0x0/0x43 @ 1
[    5.433613] clocksource: Switched to clocksource kvm-clock
[    5.442629] initcall clocksource_done_booting+0x0/0x43 returned 0 after 10063 usecs
[    5.453540] calling  tracer_init_tracefs+0x0/0x248 @ 1
[    5.686321] initcall tracer_init_tracefs+0x0/0x248 returned 0 after 219877 usecs
[    5.695528] calling  init_trace_printk_function_export+0x0/0x2c @ 1
[    5.702963] initcall init_trace_printk_function_export+0x0/0x2c returned 0 after 22 usecs
[    5.712574] calling  init_kprobe_trace+0x0/0x1ab @ 1
[    5.718616] initcall init_kprobe_trace+0x0/0x1ab returned 0 after 74 usecs
[    5.726623] calling  init_dynamic_event+0x0/0x3d @ 1
[    5.734240] initcall init_dynamic_event+0x0/0x3d returned 0 after 16 usecs
[    5.743501] calling  init_uprobe_trace+0x0/0x5c @ 1
[    5.749616] initcall init_uprobe_trace+0x0/0x5c returned 0 after 288 usecs
[    5.757501] calling  init_pipe_fs+0x0/0x44 @ 1
[    5.763005] initcall init_pipe_fs+0x0/0x44 returned 0 after 179 usecs
[    5.770547] calling  inotify_user_setup+0x0/0x47 @ 1
[    5.776697] initcall inotify_user_setup+0x0/0x47 returned 0 after 85 usecs
[    5.785123] calling  eventpoll_init+0x0/0xeb @ 1
[    5.791846] initcall eventpoll_init+0x0/0xeb returned 0 after 67 usecs
[    5.800830] calling  anon_inode_init+0x0/0x58 @ 1
[    5.807619] initcall anon_inode_init+0x0/0x58 returned 0 after 172 usecs
[    5.816879] calling  proc_locks_init+0x0/0x27 @ 1
[    5.823393] initcall proc_locks_init+0x0/0x27 returned 0 after 12 usecs
[    5.832482] calling  iomap_init+0x0/0x1b @ 1
[    5.838548] initcall iomap_init+0x0/0x1b returned 0 after 94 usecs
[    5.846402] calling  dquot_init+0x0/0x106 @ 1
[    5.851129] VFS: Disk quotas dquot_6.6.0
[    5.855422] VFS: Dquot-cache hash table entries: 512 (order 0, 4096 bytes)
[    5.862856] initcall dquot_init+0x0/0x106 returned 0 after 11461 usecs
[    5.870136] calling  quota_init+0x0/0x23 @ 1
[    5.874927] initcall quota_init+0x0/0x23 returned 0 after 50 usecs
[    5.881593] calling  proc_cmdline_init+0x0/0x21 @ 1
[    5.886915] initcall proc_cmdline_init+0x0/0x21 returned 0 after 7 usecs
[    5.894217] calling  proc_consoles_init+0x0/0x24 @ 1
[    5.899559] initcall proc_consoles_init+0x0/0x24 returned 0 after 6 usecs
[    5.906901] calling  proc_cpuinfo_init+0x0/0x1e @ 1
[    5.912258] initcall proc_cpuinfo_init+0x0/0x1e returned 0 after 5 usecs
[    5.919421] calling  proc_devices_init+0x0/0x24 @ 1
[    5.924797] initcall proc_devices_init+0x0/0x24 returned 0 after 5 usecs
[    5.931945] calling  proc_interrupts_init+0x0/0x24 @ 1
[    5.937561] initcall proc_interrupts_init+0x0/0x24 returned 0 after 5 usecs
[    5.944986] calling  proc_loadavg_init+0x0/0x21 @ 1
[    5.951697] initcall proc_loadavg_init+0x0/0x21 returned 0 after 7 usecs
[    5.960880] calling  proc_meminfo_init+0x0/0x21 @ 1
[    5.967815] initcall proc_meminfo_init+0x0/0x21 returned 0 after 28 usecs
[    5.976936] calling  proc_stat_init+0x0/0x1e @ 1
[    5.982038] initcall proc_stat_init+0x0/0x1e returned 0 after 7 usecs
[    5.989625] calling  proc_uptime_init+0x0/0x21 @ 1
[    5.994966] initcall proc_uptime_init+0x0/0x21 returned 0 after 6 usecs
[    6.004221] calling  proc_version_init+0x0/0x21 @ 1
[    6.010970] initcall proc_version_init+0x0/0x21 returned 0 after 7 usecs
[    6.020322] calling  proc_softirqs_init+0x0/0x21 @ 1
[    6.026846] initcall proc_softirqs_init+0x0/0x21 returned 0 after 6 usecs
[    6.034299] calling  proc_kcore_init+0x0/0xea @ 1
[    6.039790] initcall proc_kcore_init+0x0/0xea returned 0 after 70 usecs
[    6.047131] calling  vmcore_init+0x0/0x57b @ 1
[    6.052133] initcall vmcore_init+0x0/0x57b returned 0 after 0 usecs
[    6.059224] calling  proc_kmsg_init+0x0/0x21 @ 1
[    6.064424] initcall proc_kmsg_init+0x0/0x21 returned 0 after 5 usecs
[    6.071550] calling  proc_page_init+0x0/0x3b @ 1
[    6.077085] initcall proc_page_init+0x0/0x3b returned 0 after 21 usecs
[    6.084321] calling  init_ramfs_fs+0x0/0xc @ 1
[    6.089771] initcall init_ramfs_fs+0x0/0xc returned 0 after 20 usecs
[    6.097977] calling  init_hugetlbfs_fs+0x0/0xf6 @ 1
[    6.103717] initcall init_hugetlbfs_fs+0x0/0xf6 returned 0 after 286 usecs
[    6.111279] calling  blk_scsi_ioctl_init+0x0/0x2a5 @ 1
[    6.117188] initcall blk_scsi_ioctl_init+0x0/0x2a5 returned 0 after 30 usecs
[    6.125464] calling  acpi_event_init+0x0/0x2c @ 1
[    6.131050] initcall acpi_event_init+0x0/0x2c returned 0 after 21 usecs
[    6.139901] calling  pnp_system_init+0x0/0xc @ 1
[    6.145084] initcall pnp_system_init+0x0/0xc returned 0 after 32 usecs
[    6.152196] calling  pnpacpi_init+0x0/0x69 @ 1
[    6.157174] pnp: PnP ACPI init
[    6.161063] pnp 00:00: Plug and Play ACPI device, IDs PNP0303 (active)
[    6.168520] pnp 00:01: Plug and Play ACPI device, IDs PNP0f13 (active)
[    6.175812] pnp 00:02: Plug and Play ACPI device, IDs PNP0400 (active)
[    6.183170] pnp 00:03: Plug and Play ACPI device, IDs PNP0501 (active)
[    6.190485] pnp 00:04: Plug and Play ACPI device, IDs PNP0b00 (active)
[    6.197945] system 00:05: [mem 0xb0000000-0xbfffffff window] has been reserved
[    6.205994] system 00:05: Plug and Play ACPI device, IDs PNP0c01 (active)
[    6.215021] pnp: PnP ACPI: found 6 devices
[    6.219673] initcall pnpacpi_init+0x0/0x69 returned 0 after 61039 usecs
[    6.226928] calling  chr_dev_init+0x0/0x14d @ 1
[    6.374448] initcall chr_dev_init+0x0/0x14d returned 0 after 138436 usecs
[    6.382895] calling  firmware_class_init+0x0/0x14a @ 1
[    6.388907] initcall firmware_class_init+0x0/0x14a returned 0 after 223 usecs
[    6.396695] calling  init_pcmcia_bus+0x0/0x5b @ 1
[    6.404120] initcall init_pcmcia_bus+0x0/0x5b returned 0 after 2123 usecs
[    6.411712] calling  init_acpi_pm_clocksource+0x0/0xda @ 1
[    6.423562] clocksource: acpi_pm: mask: 0xffffff max_cycles: 0xffffff, max_idle_ns: 2085701024 ns
[    6.433224] initcall init_acpi_pm_clocksource+0x0/0xda returned 0 after 15080 usecs
[    6.441675] calling  sysctl_core_init+0x0/0x26 @ 1
[    6.450937] initcall sysctl_core_init+0x0/0x26 returned 0 after 2473 usecs
[    6.458703] calling  eth_offload_init+0x0/0x13 @ 1
[    6.466413] initcall eth_offload_init+0x0/0x13 returned 0 after 2149 usecs
[    6.473953] calling  ipv4_offload_init+0x0/0x73 @ 1
[    6.479523] initcall ipv4_offload_init+0x0/0x73 returned 0 after 63 usecs
[    6.487123] calling  inet_init+0x0/0x276 @ 1
[    6.492984] NET: Registered protocol family 2
[    6.498910] IP idents hash table entries: 8192 (order: 4, 65536 bytes, linear)
[    6.513111] tcp_listen_portaddr_hash hash table entries: 256 (order: 2, 20480 bytes, linear)
[    6.523206] TCP established hash table entries: 4096 (order: 3, 32768 bytes, linear)
[    6.534737] TCP bind hash table entries: 4096 (order: 6, 294912 bytes, linear)
[    6.547536] TCP: Hash tables configured (established 4096 bind 4096)
[    6.557019] UDP hash table entries: 256 (order: 3, 40960 bytes, linear)
[    6.564607] UDP-Lite hash table entries: 256 (order: 3, 40960 bytes, linear)
[    6.573267] initcall inet_init+0x0/0x276 returned 0 after 79502 usecs
[    6.580523] calling  af_unix_init+0x0/0x4d @ 1
[    6.585571] NET: Registered protocol family 1
[    6.590553] initcall af_unix_init+0x0/0x4d returned 0 after 4893 usecs
[    6.597778] calling  ipv6_offload_init+0x0/0x7e @ 1
[    6.603230] initcall ipv6_offload_init+0x0/0x7e returned 0 after 47 usecs
[    6.610739] calling  init_sunrpc+0x0/0x65 @ 1
[    6.621618] RPC: Registered named UNIX socket transport module.
[    6.628293] RPC: Registered udp transport module.
[    6.633482] RPC: Registered tcp transport module.
[    6.638730] RPC: Registered tcp NFSv4.1 backchannel transport module.
[    6.645875] initcall init_sunrpc+0x0/0x65 returned 0 after 29609 usecs
[    6.653202] calling  cfg80211_init+0x0/0xc5 @ 1
[    6.661174] initcall cfg80211_init+0x0/0xc5 returned 0 after 2734 usecs
[    6.668673] calling  pcibios_assign_resources+0x0/0xbf @ 1
[    6.675090] pci_bus 0000:00: resource 4 [io  0x0000-0x0cf7 window]
[    6.682069] pci_bus 0000:00: resource 5 [io  0x0d00-0xffff window]
[    6.689214] pci_bus 0000:00: resource 6 [mem 0x000a0000-0x000bffff window]
[    6.696899] pci_bus 0000:00: resource 7 [mem 0x20000000-0xafffffff window]
[    6.704619] pci_bus 0000:00: resource 8 [mem 0xc0000000-0xfebfffff window]
[    6.712299] pci_bus 0000:00: resource 9 [mem 0x100000000-0x8ffffffff window]
[    6.720520] initcall pcibios_assign_resources+0x0/0xbf returned 0 after 44588 usecs
[    6.729396] calling  pci_apply_final_quirks+0x0/0x124 @ 1
[    6.736047] pci 0000:00:01.0: calling  pci_fixup_video+0x0/0xe0 @ 1
[    6.743879] pci 0000:00:01.0: Video device with shadowed ROM at [mem 0x000c0000-0x000dffff]
[    6.753170] pci 0000:00:01.0: pci_fixup_video+0x0/0xe0 took 9421 usecs
[    6.761501] PCI: CLS 0 bytes, default 64
[    6.766102] initcall pci_apply_final_quirks+0x0/0x124 returned 0 after 29877 usecs
[    6.775252] calling  acpi_reserve_resources+0x0/0xea @ 1
[    6.782032] initcall acpi_reserve_resources+0x0/0xea returned 0 after 78 usecs
[    6.790776] calling  populate_rootfs+0x0/0x102 @ 1
[    6.800068] initcall populate_rootfs+0x0/0x102 returned 0 after 3480 usecs
[    6.807824] calling  pci_iommu_init+0x0/0x3e @ 1
[    6.813314] initcall pci_iommu_init+0x0/0x3e returned 0 after 100 usecs
[    6.822207] calling  ia32_binfmt_init+0x0/0x13 @ 1
[    6.827671] initcall ia32_binfmt_init+0x0/0x13 returned 0 after 24 usecs
[    6.835323] calling  rapl_pmu_init+0x0/0x267 @ 1
[    6.840599] initcall rapl_pmu_init+0x0/0x267 returned -19 after 57 usecs
[    6.847989] calling  amd_uncore_init+0x0/0x310 @ 1
[    6.853414] initcall amd_uncore_init+0x0/0x310 returned -19 after 0 usecs
[    6.861144] calling  amd_ibs_init+0x0/0x27b @ 1
[    6.866312] initcall amd_ibs_init+0x0/0x27b returned -19 after 0 usecs
[    6.873912] calling  amd_iommu_pc_init+0x0/0x22c @ 1
[    6.879549] initcall amd_iommu_pc_init+0x0/0x22c returned -19 after 14 usecs
[    6.887419] calling  msr_init+0x0/0x55 @ 1
[    6.892261] initcall msr_init+0x0/0x55 returned 0 after 171 usecs
[    6.899118] calling  intel_uncore_init+0x0/0x36f @ 1
[    6.904780] initcall intel_uncore_init+0x0/0x36f returned -19 after 38 usecs
[    6.913381] calling  cstate_pmu_init+0x0/0x1a1 @ 1
[    6.919130] initcall cstate_pmu_init+0x0/0x1a1 returned -19 after 0 usecs
[    6.926954] calling  register_kernel_offset_dumper+0x0/0x1a @ 1
[    6.935330] initcall register_kernel_offset_dumper+0x0/0x1a returned 0 after 28 usecs
[    6.946279] calling  i8259A_init_ops+0x0/0x20 @ 1
[    6.953163] initcall i8259A_init_ops+0x0/0x20 returned 0 after 4 usecs
[    6.961592] calling  init_tsc_clocksource+0x0/0xa4 @ 1
[    6.967398] clocksource: tsc: mask: 0xffffffffffffffff max_cycles: 0x39a85afc727, max_idle_ns: 881590685098 ns
[    6.978550] initcall init_tsc_clocksource+0x0/0xa4 returned 0 after 10904 usecs
[    6.986892] calling  add_rtc_cmos+0x0/0xb0 @ 1
[    6.992139] initcall add_rtc_cmos+0x0/0xb0 returned 0 after 145 usecs
[    6.999382] calling  i8237A_init_ops+0x0/0x3a @ 1
[    7.004827] initcall i8237A_init_ops+0x0/0x3a returned 0 after 108 usecs
[    7.012385] calling  umwait_init+0x0/0x94 @ 1
[    7.017403] initcall umwait_init+0x0/0x94 returned -19 after 15 usecs
[    7.025908] calling  thermal_throttle_init_device+0x0/0x3d @ 1
[    7.034178] initcall thermal_throttle_init_device+0x0/0x3d returned 0 after 46 usecs
[    7.045210] calling  msr_init+0x0/0xd7 @ 1
[    7.055108] initcall msr_init+0x0/0xd7 returned 0 after 3867 usecs
[    7.062864] calling  cpuid_init+0x0/0xd7 @ 1
[    7.070243] initcall cpuid_init+0x0/0xd7 returned 0 after 2462 usecs
[    7.078276] calling  ioapic_init_ops+0x0/0x13 @ 1
[    7.085097] initcall ioapic_init_ops+0x0/0x13 returned 0 after 31 usecs
[    7.094453] calling  add_pcspkr+0x0/0x6c @ 1
[    7.100822] initcall add_pcspkr+0x0/0x6c returned 0 after 229 usecs
[    7.109314] calling  start_periodic_check_for_corruption+0x0/0x30 @ 1
[    7.117513] check: Scanning for low memory corruption every 60 seconds
[    7.125594] initcall start_periodic_check_for_corruption+0x0/0x30 returned 0 after 7932 usecs
[    7.137324] calling  sysfb_init+0x0/0x9c @ 1
[    7.142775] initcall sysfb_init+0x0/0x9c returned 0 after 151 usecs
[    7.149917] calling  audit_classes_init+0x0/0xae @ 1
[    7.155584] initcall audit_classes_init+0x0/0xae returned 0 after 47 usecs
[    7.163323] calling  iosf_mbi_init+0x0/0x24 @ 1
[    7.168938] initcall iosf_mbi_init+0x0/0x24 returned 0 after 377 usecs
[    7.176495] calling  proc_execdomains_init+0x0/0x21 @ 1
[    7.182452] initcall proc_execdomains_init+0x0/0x21 returned 0 after 10 usecs
[    7.190507] calling  register_warn_debugfs+0x0/0x23 @ 1
[    7.196559] initcall register_warn_debugfs+0x0/0x23 returned 0 after 76 usecs
[    7.204639] calling  cpuhp_sysfs_init+0x0/0x79 @ 1
[    7.210466] initcall cpuhp_sysfs_init+0x0/0x79 returned 0 after 203 usecs
[    7.218107] calling  ioresources_init+0x0/0x49 @ 1
[    7.223589] initcall ioresources_init+0x0/0x49 returned 0 after 30 usecs
[    7.231179] calling  lockdep_proc_init+0x0/0x64 @ 1
[    7.236848] initcall lockdep_proc_init+0x0/0x64 returned 0 after 31 usecs
[    7.246834] calling  snapshot_device_init+0x0/0xc @ 1
[    7.254309] initcall snapshot_device_init+0x0/0xc returned 0 after 1614 usecs
[    7.262396] calling  irq_pm_init_ops+0x0/0x13 @ 1
[    7.267823] initcall irq_pm_init_ops+0x0/0x13 returned 0 after 77 usecs
[    7.275272] calling  rcu_torture_init+0x0/0x9be @ 1
[    7.281038] tasks-rude-torture:--- Start of test: nreaders=1 nfakewriters=4 stat_interval=15 verbose=1 test_no_idle_hz=1 shuffle_interval=3 stutter=5 irqreader=1 fqs_duration=0 fqs_holdoff=0 fqs_stutter=3 test_boost=1/0 test_boost_interval=7 test_boost_duration=4 shutdown_secs=1800 stall_cpu=0 stall_cpu_holdoff=10 stall_cpu_irqsoff=0 stall_cpu_block=0 n_barrier_cbs=4 onoff_interval=1000 onoff_holdoff=30 read_exit_delay=13 read_exit_burst=16
[    7.323781] tasks-rude:  Start-test grace-period state: g0 f0x0
[    7.330506] tasks-rude-torture: Creating rcu_torture_writer task
[    7.339450] tasks-rude-torture: Creating rcu_torture_fakewriter task
[    7.339680] tasks-rude-torture: rcu_torture_writer task started
[    7.346823] tasks-rude-torture: Creating rcu_torture_fakewriter task
[    7.353498] tasks-rude-torture: GP expediting controlled from boot/sysfs for tasks-rude.
[    7.353519] rcu_torture_writer: Testing expedited GPs.
[    7.360684] tasks-rude-torture: rcu_torture_fakewriter task started
[    7.369782] rcu_torture_writer: Testing asynchronous GPs.
[    7.375825] tasks-rude-torture: Creating rcu_torture_fakewriter task
[    7.382770] rcu_torture_writer: Testing normal GPs.
[    7.382792] tasks-rude-torture: rcu_torture_fakewriter task started
[    7.390173] tasks-rude-torture: Creating rcu_torture_fakewriter task
[    7.396731] tasks-rude-torture: rcu_torture_fakewriter task started
[    7.401846] tasks-rude-torture: Creating rcu_torture_reader task
[    7.411633] tasks-rude-torture: rcu_torture_fakewriter task started
[    7.417895] tasks-rude-torture: Creating rcu_torture_stats task
[    7.426868] tasks-rude-torture: rcu_torture_reader task started
[    7.433559] tasks-rude-torture: Creating torture_shuffle task
[    7.442974] tasks-rude-torture: rcu_torture_stats task started
[    7.449498] tasks-rude-torture: Creating torture_stutter task
[    7.469463] tasks-rude-torture: torture_shuffle task started
[    7.483754] tasks-rude-torture: Creating torture_shutdown task
[    7.484194] tasks-rude-torture: torture_stutter task started
[    7.490723] tasks-rude-torture: Creating torture_onoff task
[    7.500548] tasks-rude-torture: torture_shutdown task started
[    7.505715] tasks-rude-torture: rcu_torture_fwd_prog_init: Disabled, unsupported by RCU flavor under test
[    7.513830] tasks-rude-torture:torture_shutdown task: 1799969 ms remaining
[    7.513857] tasks-rude-torture: torture_onoff task started
[    7.524834] tasks-rude-torture: Creating rcu_torture_barrier_cbs task
[    7.525072] tasks-rude-torture: Creating rcu_torture_barrier_cbs task
[    7.534685] tasks-rude-torture: torture_onoff begin holdoff
[    7.534705] tasks-rude-torture: rcu_torture_barrier_cbs task started
[    7.541600] tasks-rude-torture: Creating rcu_torture_barrier_cbs task
[    7.548604] tasks-rude-torture: rcu_torture_barrier_cbs task started
[    7.556927] tasks-rude-torture: Creating rcu_torture_barrier_cbs task
[    7.563150] tasks-rude-torture: rcu_torture_barrier_cbs task started
[    7.611512] tasks-rude-torture: Creating rcu_torture_barrier task
[    7.611534] tasks-rude-torture: rcu_torture_barrier_cbs task started
[    7.620709] tasks-rude-torture: Creating rcu_torture_read_exit task
[    7.628466] tasks-rude-torture: rcu_torture_barrier task starting
[    7.638083] initcall rcu_torture_init+0x0/0x9be returned 0 after 348852 usecs
[    7.655789] calling  timekeeping_init_ops+0x0/0x13 @ 1
[    7.655792] tasks-rude-torture: rcu_torture_read_exit: Start of test
[    7.672773] initcall timekeeping_init_ops+0x0/0x13 returned 0 after 24 usecs
[    7.683257] calling  init_clocksource_sysfs+0x0/0x23 @ 1
[    7.691284] initcall init_clocksource_sysfs+0x0/0x23 returned 0 after 226 usecs
[    7.701890] calling  init_timer_list_procfs+0x0/0x31 @ 1
[    7.709764] initcall init_timer_list_procfs+0x0/0x31 returned 0 after 13 usecs
[    7.720524] calling  alarmtimer_init+0x0/0xf5 @ 1
[    7.728033] initcall alarmtimer_init+0x0/0xf5 returned 0 after 473 usecs
[    7.738076] calling  init_posix_timers+0x0/0x29 @ 1
[    7.745521] initcall init_posix_timers+0x0/0x29 returned 0 after 21 usecs
[    7.755619] calling  clockevents_init_sysfs+0x0/0xbf @ 1
[    7.763967] initcall clockevents_init_sysfs+0x0/0xbf returned 0 after 312 usecs
[    7.775305] calling  proc_dma_init+0x0/0x21 @ 1
[    7.782286] initcall proc_dma_init+0x0/0x21 returned 0 after 53 usecs
[    7.790967] calling  proc_modules_init+0x0/0x1e @ 1
[    7.797276] initcall proc_modules_init+0x0/0x1e returned 0 after 8 usecs
[    7.805700] calling  kallsyms_init+0x0/0x21 @ 1
[    7.811527] initcall kallsyms_init+0x0/0x21 returned 0 after 7 usecs
[    7.819797] calling  pid_namespaces_init+0x0/0x2c @ 1
[    7.826504] initcall pid_namespaces_init+0x0/0x2c returned 0 after 18 usecs
[    7.835455] calling  audit_watch_init+0x0/0x37 @ 1
[    7.841856] initcall audit_watch_init+0x0/0x37 returned 0 after 3 usecs
[    7.850986] calling  audit_fsnotify_init+0x0/0x37 @ 1
[    7.857638] initcall audit_fsnotify_init+0x0/0x37 returned 0 after 103 usecs
[    7.866301] calling  audit_tree_init+0x0/0x6d @ 1
[    7.872249] initcall audit_tree_init+0x0/0x6d returned 0 after 35 usecs
[    7.881576] calling  seccomp_sysctl_init+0x0/0x2b @ 1
[    7.887877] initcall seccomp_sysctl_init+0x0/0x2b returned 0 after 60 usecs
[    7.896323] calling  utsname_sysctl_init+0x0/0x13 @ 1
[    7.902518] initcall utsname_sysctl_init+0x0/0x13 returned 0 after 27 usecs
[    7.910663] calling  init_tracepoints+0x0/0x27 @ 1
[    7.916466] initcall init_tracepoints+0x0/0x27 returned 0 after 137 usecs
[    7.925326] calling  init_blk_tracer+0x0/0x50 @ 1
[    7.935078] initcall init_blk_tracer+0x0/0x50 returned 0 after 1589 usecs
[    7.943489] calling  perf_event_sysfs_init+0x0/0x83 @ 1
[    7.952093] initcall perf_event_sysfs_init+0x0/0x83 returned 0 after 1450 usecs
[    7.961534] calling  system_trusted_keyring_init+0x0/0x60 @ 1
[    7.968427] Initialise system trusted keyrings
[    7.974094] initcall system_trusted_keyring_init+0x0/0x60 returned 0 after 5557 usecs
[    7.983335] calling  kswapd_init+0x0/0x5c @ 1
[    7.989540] initcall kswapd_init+0x0/0x5c returned 0 after 994 usecs
[    7.997228] calling  extfrag_debug_init+0x0/0x54 @ 1
[    8.003109] initcall extfrag_debug_init+0x0/0x54 returned 0 after 57 usecs
[    8.011117] calling  mm_compute_batch_init+0x0/0x12 @ 1
[    8.017334] initcall mm_compute_batch_init+0x0/0x12 returned 0 after 38 usecs
[    8.025645] calling  slab_proc_init+0x0/0x21 @ 1
[    8.031154] initcall slab_proc_init+0x0/0x21 returned 0 after 35 usecs
[    8.038765] calling  workingset_init+0x0/0x8c @ 1
[    8.044463] workingset: timestamp_bits=56 max_order=17 bucket_order=0
[    8.052054] initcall workingset_init+0x0/0x8c returned 0 after 7411 usecs
[    8.059864] calling  proc_vmalloc_init+0x0/0x32 @ 1
[    8.065996] initcall proc_vmalloc_init+0x0/0x32 returned 0 after 174 usecs
[    8.074061] calling  procswaps_init+0x0/0x1e @ 1
[    8.079584] initcall procswaps_init+0x0/0x1e returned 0 after 17 usecs
[    8.087276] calling  slab_sysfs_init+0x0/0xec @ 1
[    8.101774] initcall slab_sysfs_init+0x0/0xec returned 0 after 8767 usecs
[    8.109799] calling  fcntl_init+0x0/0x29 @ 1
[    8.115013] initcall fcntl_init+0x0/0x29 returned 0 after 127 usecs
[    8.122377] calling  proc_filesystems_init+0x0/0x21 @ 1
[    8.128508] initcall proc_filesystems_init+0x0/0x21 returned 0 after 9 usecs
[    8.136688] calling  start_dirtytime_writeback+0x0/0x29 @ 1
[    8.143147] initcall start_dirtytime_writeback+0x0/0x29 returned 0 after 3 usecs
[    8.151692] calling  blkdev_init+0x0/0x1b @ 1
[    8.157163] initcall blkdev_init+0x0/0x1b returned 0 after 273 usecs
[    8.165491] calling  dio_init+0x0/0x2c @ 1
[    8.171733] initcall dio_init+0x0/0x2c returned 0 after 134 usecs
[    8.181038] calling  dnotify_init+0x0/0x78 @ 1
[    8.187841] initcall dnotify_init+0x0/0x78 returned 0 after 179 usecs
[    8.197219] calling  aio_setup+0x0/0x78 @ 1
[    8.202986] initcall aio_setup+0x0/0x78 returned 0 after 347 usecs
[    8.210327] calling  io_uring_init+0x0/0x2c @ 1
[    8.215775] initcall io_uring_init+0x0/0x2c returned 0 after 13 usecs
[    8.223379] calling  mbcache_init+0x0/0x30 @ 1
[    8.228953] initcall mbcache_init+0x0/0x30 returned 0 after 164 usecs
[    8.236546] calling  init_grace+0x0/0xc @ 1
[    8.241516] initcall init_grace+0x0/0xc returned 0 after 8 usecs
[    8.251620] calling  init_v2_quota_format+0x0/0x21 @ 1
[    8.257938] initcall init_v2_quota_format+0x0/0x21 returned 0 after 163 usecs
[    8.266291] calling  init_devpts_fs+0x0/0x27 @ 1
[    8.272085] initcall init_devpts_fs+0x0/0x27 returned 0 after 228 usecs
[    8.279816] calling  ext4_init_fs+0x0/0x1c2 @ 1
[    8.286493] initcall ext4_init_fs+0x0/0x1c2 returned 0 after 1206 usecs
[    8.294328] calling  journal_init+0x0/0x11c @ 1
[    8.300151] initcall journal_init+0x0/0x11c returned 0 after 405 usecs
[    8.307782] calling  init_fat_fs+0x0/0x49 @ 1
[    8.313263] initcall init_fat_fs+0x0/0x49 returned 0 after 220 usecs
[    8.320716] calling  init_vfat_fs+0x0/0xc @ 1
[    8.325945] initcall init_vfat_fs+0x0/0xc returned 0 after 19 usecs
[    8.333442] calling  init_msdos_fs+0x0/0xc @ 1
[    8.338748] initcall init_msdos_fs+0x0/0xc returned 0 after 4 usecs
[    8.346254] calling  init_iso9660_fs+0x0/0x6c @ 1
[    8.352081] initcall init_iso9660_fs+0x0/0x6c returned 0 after 191 usecs
[    8.359964] calling  init_nfs_fs+0x0/0x13a @ 1
[    8.367587] initcall init_nfs_fs+0x0/0x13a returned 0 after 2313 usecs
[    8.375404] calling  init_nfs_v2+0x0/0x13 @ 1
[    8.380715] initcall init_nfs_v2+0x0/0x13 returned 0 after 61 usecs
[    8.388127] calling  init_nfs_v3+0x0/0x13 @ 1
[    8.393390] initcall init_nfs_v3+0x0/0x13 returned 0 after 2 usecs
[    8.400666] calling  init_nfs_v4+0x0/0x32 @ 1
[    8.406510] NFS: Registering the id_resolver key type
[    8.412686] Key type id_resolver registered
[    8.417826] Key type id_legacy registered
[    8.422865] initcall init_nfs_v4+0x0/0x32 returned 0 after 16385 usecs
[    8.430614] calling  init_nlm+0x0/0x5b @ 1
[    8.435670] initcall init_nlm+0x0/0x5b returned 0 after 36 usecs
[    8.442875] calling  init_nls_cp437+0x0/0xe @ 1
[    8.457851] initcall init_nls_cp437+0x0/0xe returned 0 after 4206 usecs
[    8.466990] calling  init_nls_ascii+0x0/0xe @ 1
[    8.473486] initcall init_nls_ascii+0x0/0xe returned 0 after 2 usecs
[    8.483771] calling  init_nls_iso8859_1+0x0/0xe @ 1
[    8.491572] initcall init_nls_iso8859_1+0x0/0xe returned 0 after 2 usecs
[    8.501300] calling  init_nls_utf8+0x0/0x21 @ 1
[    8.507563] initcall init_nls_utf8+0x0/0x21 returned 0 after 41 usecs
[    8.517893] calling  init_autofs_fs+0x0/0x25 @ 1
[    8.532119] initcall init_autofs_fs+0x0/0x25 returned 0 after 6588 usecs
[    8.542695] calling  ipc_init+0x0/0x24 @ 1
[    8.549501] initcall ipc_init+0x0/0x24 returned 0 after 370 usecs
[    8.557249] calling  ipc_sysctl_init+0x0/0x13 @ 1
[    8.563474] initcall ipc_sysctl_init+0x0/0x13 returned 0 after 76 usecs
[    8.572544] calling  init_mqueue_fs+0x0/0xb1 @ 1
[    8.583867] initcall init_mqueue_fs+0x0/0xb1 returned 0 after 5248 usecs
[    8.592603] calling  key_proc_init+0x0/0x63 @ 1
[    8.598897] initcall key_proc_init+0x0/0x63 returned 0 after 60 usecs
[    8.607753] calling  selinux_nf_ip_init+0x0/0x2e @ 1
[    8.614688] initcall selinux_nf_ip_init+0x0/0x2e returned 0 after 61 usecs
[    8.624154] calling  init_sel_fs+0x0/0x116 @ 1
[    8.630409] initcall init_sel_fs+0x0/0x116 returned 0 after 0 usecs
[    8.639685] calling  selnl_init+0x0/0x7c @ 1
[    8.646622] initcall selnl_init+0x0/0x7c returned 0 after 782 usecs
[    8.655793] calling  sel_netif_init+0x0/0x36 @ 1
[    8.662459] initcall sel_netif_init+0x0/0x36 returned 0 after 0 usecs
[    8.671701] calling  sel_netnode_init+0x0/0x33 @ 1
[    8.678641] initcall sel_netnode_init+0x0/0x33 returned 0 after 0 usecs
[    8.687800] calling  sel_netport_init+0x0/0x33 @ 1
[    8.696424] initcall sel_netport_init+0x0/0x33 returned 0 after 0 usecs
[    8.707392] calling  aurule_init+0x0/0x2a @ 1
[    8.714817] initcall aurule_init+0x0/0x2a returned 0 after 3 usecs
[    8.724992] calling  crypto_algapi_init+0x0/0xc @ 1
[    8.733242] initcall crypto_algapi_init+0x0/0xc returned 0 after 10 usecs
[    8.744466] calling  jent_mod_init+0x0/0x2d @ 1
[    8.769822] initcall jent_mod_init+0x0/0x2d returned 0 after 16769 usecs
[    8.781184] calling  asymmetric_key_init+0x0/0xc @ 1
[    8.790009] Key type asymmetric registered
[    8.797913] initcall asymmetric_key_init+0x0/0xc returned 0 after 7808 usecs
[    8.810112] calling  x509_key_init+0x0/0xc @ 1
[    8.817980] Asymmetric key parser 'x509' registered
[    8.826775] initcall x509_key_init+0x0/0xc returned 0 after 8738 usecs
[    8.838029] calling  proc_genhd_init+0x0/0x41 @ 1
[    8.846327] initcall proc_genhd_init+0x0/0x41 returned 0 after 77 usecs
[    8.857811] calling  bsg_init+0x0/0x113 @ 1
[    8.865980] Block layer SCSI generic (bsg) driver version 0.4 loaded (major 251)
[    8.878466] initcall bsg_init+0x0/0x113 returned 0 after 12722 usecs
[    8.889542] calling  deadline_init+0x0/0xc @ 1
[    8.897711] io scheduler mq-deadline registered
[    8.905631] initcall deadline_init+0x0/0xc returned 0 after 8154 usecs
[    8.916640] calling  kyber_init+0x0/0xc @ 1
[    8.924257] io scheduler kyber registered
[    8.931520] initcall kyber_init+0x0/0xc returned 0 after 7116 usecs
[    8.943540] calling  mod_init+0x0/0x7 @ 1
[    8.950836] initcall mod_init+0x0/0x7 returned 0 after 0 usecs
[    8.961273] calling  percpu_counter_startup+0x0/0x55 @ 1
[    8.972801] initcall percpu_counter_startup+0x0/0x55 returned 0 after 1783 usecs
[    8.986696] calling  sg_pool_init+0x0/0xb4 @ 1
[    8.998762] initcall sg_pool_init+0x0/0xb4 returned 0 after 4199 usecs
[    9.009812] calling  pcie_portdrv_init+0x0/0x39 @ 1
[    9.019732] initcall pcie_portdrv_init+0x0/0x39 returned 0 after 1393 usecs
[    9.031293] calling  pci_proc_init+0x0/0x68 @ 1
[    9.039557] initcall pci_proc_init+0x0/0x68 returned 0 after 177 usecs
[    9.050982] calling  pci_hotplug_init+0x0/0x7 @ 1
[    9.059307] initcall pci_hotplug_init+0x0/0x7 returned 0 after 1 usecs
[    9.070794] calling  efifb_driver_init+0x0/0xe @ 1
[    9.079821] initcall efifb_driver_init+0x0/0xe returned 0 after 353 usecs
[    9.091464] calling  ged_driver_init+0x0/0xe @ 1
[    9.101035] initcall ged_driver_init+0x0/0xe returned 0 after 1013 usecs
[    9.113095] calling  acpi_ac_init+0x0/0x92 @ 1
[    9.123236] initcall acpi_ac_init+0x0/0x92 returned 0 after 2123 usecs
[    9.134719] calling  acpi_button_driver_init+0x0/0x52 @ 1
[    9.147110] input: Power Button as /devices/LNXSYSTM:00/LNXPWRBN:00/input/input0
[    9.164310] ACPI: Power Button [PWRF]
[    9.170678] initcall acpi_button_driver_init+0x0/0x52 returned 0 after 25467 usecs
[    9.182171] calling  acpi_fan_driver_init+0x0/0xe @ 1
[    9.190686] initcall acpi_fan_driver_init+0x0/0xe returned 0 after 69 usecs
[    9.200988] calling  acpi_video_init+0x0/0xcb @ 1
[    9.209857] initcall acpi_video_init+0x0/0xcb returned 0 after 1444 usecs
[    9.220252] calling  acpi_processor_driver_init+0x0/0xad @ 1
[    9.231247] initcall acpi_processor_driver_init+0x0/0xad returned 0 after 2505 usecs
[    9.242378] calling  acpi_thermal_init+0x0/0x71 @ 1
[    9.255106] initcall acpi_thermal_init+0x0/0x71 returned 0 after 5632 usecs
[    9.266048] calling  acpi_battery_init+0x0/0x32 @ 1
[    9.274298] initcall acpi_battery_init+0x0/0x32 returned 0 after 320 usecs
[    9.285173] calling  bgrt_init+0x0/0xb6 @ 1
[    9.292132] initcall bgrt_init+0x0/0xb6 returned -19 after 0 usecs
[    9.301961] calling  gpio_clk_driver_init+0x0/0xe @ 1
[    9.311024] initcall gpio_clk_driver_init+0x0/0xe returned 0 after 597 usecs
[    9.323319] calling  plt_clk_driver_init+0x0/0xe @ 1
[    9.331165] initcall plt_clk_driver_init+0x0/0xe returned 0 after 41 usecs
[    9.341353] calling  virtio_pci_driver_init+0x0/0x15 @ 1
[    9.351039] initcall virtio_pci_driver_init+0x0/0x15 returned 0 after 435 usecs
[    9.364154] calling  n_null_init+0x0/0x1e @ 1
[    9.371839] initcall n_null_init+0x0/0x1e returned 0 after 2 usecs
[    9.381812] calling  pty_init+0x0/0x1e8 @ 1
[    9.390898] initcall pty_init+0x0/0x1e8 returned 0 after 1972 usecs
[    9.402053] calling  sysrq_init+0x0/0x62 @ 1
[    9.409476] initcall sysrq_init+0x0/0x62 returned 0 after 138 usecs
[    9.419982] calling  serial8250_init+0x0/0x17e @ 1
[    9.428982] Serial: 8250/16550 driver, 4 ports, IRQ sharing enabled
[    9.447983] 00:03: ttyS0 at I/O 0x3f8 (irq = 4, base_baud = 115200) is a 16550A
[    9.469977] initcall serial8250_init+0x0/0x17e returned 0 after 40270 usecs
[    9.480363] calling  serial_pci_driver_init+0x0/0x15 @ 1
[    9.488698] initcall serial_pci_driver_init+0x0/0x15 returned 0 after 311 usecs
[    9.499802] calling  exar_pci_driver_init+0x0/0x15 @ 1
[    9.507794] initcall exar_pci_driver_init+0x0/0x15 returned 0 after 77 usecs
[    9.518456] calling  lpss8250_pci_driver_init+0x0/0x15 @ 1
[    9.526780] initcall lpss8250_pci_driver_init+0x0/0x15 returned 0 after 48 usecs
[    9.538816] calling  mid8250_pci_driver_init+0x0/0x15 @ 1
[    9.547781] initcall mid8250_pci_driver_init+0x0/0x15 returned 0 after 144 usecs
[    9.560255] calling  virtio_console_init+0x0/0xff @ 1
[    9.568663] initcall virtio_console_init+0x0/0xff returned 0 after 1212 usecs
[    9.579022] calling  hpet_init+0x0/0x64 @ 1
[    9.587988] initcall hpet_init+0x0/0x64 returned 0 after 2816 usecs
[    9.597086] calling  nvram_module_init+0x0/0x83 @ 1
[    9.606625] Non-volatile memory driver v1.3
[    9.613087] initcall nvram_module_init+0x0/0x83 returned 0 after 8527 usecs
[    9.623855] calling  hwrng_modinit+0x0/0x8a @ 1
[    9.633096] initcall hwrng_modinit+0x0/0x8a returned 0 after 2010 usecs
[    9.642630] calling  mod_init+0x0/0x48 @ 1
[    9.650058] initcall mod_init+0x0/0x48 returned -19 after 248 usecs
[    9.659794] calling  agp_init+0x0/0x23 @ 1
[    9.666495] Linux agpgart interface v0.103
[    9.672805] initcall agp_init+0x0/0x23 returned 0 after 6159 usecs
[    9.682109] calling  agp_amd64_mod_init+0x0/0x5 @ 1
[    9.698076] initcall agp_amd64_mod_init+0x0/0x5 returned -19 after 334 usecs
[    9.708927] calling  agp_intel_init+0x0/0x28 @ 1
[    9.717236] initcall agp_intel_init+0x0/0x28 returned 0 after 548 usecs
[    9.727187] calling  drm_kms_helper_init+0x0/0x7 @ 1
[    9.734366] initcall drm_kms_helper_init+0x0/0x7 returned 0 after 147 usecs
[    9.744053] calling  drm_core_init+0x0/0xbd @ 1
[    9.753022] initcall drm_core_init+0x0/0xbd returned 0 after 2191 usecs
[    9.764223] calling  i915_init+0x0/0x6b @ 1
[    9.774846] initcall i915_init+0x0/0x6b returned 0 after 3549 usecs
[    9.784698] calling  cn_proc_init+0x0/0x35 @ 1
[    9.792615] initcall cn_proc_init+0x0/0x35 returned 0 after 323 usecs
[    9.804120] calling  topology_sysfs_init+0x0/0x27 @ 1
[    9.813750] initcall topology_sysfs_init+0x0/0x27 returned 0 after 226 usecs
[    9.826243] calling  cacheinfo_sysfs_init+0x0/0x27 @ 1
[    9.837932] initcall cacheinfo_sysfs_init+0x0/0x27 returned 0 after 2499 usecs
[    9.849539] calling  loop_init+0x0/0x16a @ 1
[    9.960235] loop: module loaded
[    9.966189] initcall loop_init+0x0/0x16a returned 0 after 107790 usecs
[    9.977941] calling  mac_hid_init+0x0/0x21 @ 1
[    9.986756] initcall mac_hid_init+0x0/0x21 returned 0 after 531 usecs
[    9.998501] calling  spi_transport_init+0x0/0x74 @ 1
[   10.007001] initcall spi_transport_init+0x0/0x74 returned 0 after 532 usecs
[   10.019083] calling  init_sd+0x0/0x18c @ 1
[   10.027025] initcall init_sd+0x0/0x18c returned 0 after 447 usecs
[   10.037848] calling  init_sr+0x0/0x43 @ 1
[   10.045157] initcall init_sr+0x0/0x43 returned 0 after 224 usecs
[   10.055820] calling  init_sg+0x0/0x1c0 @ 1
[   10.062611] initcall init_sg+0x0/0x1c0 returned 0 after 144 usecs
[   10.072112] calling  ahci_pci_driver_init+0x0/0x15 @ 1
[   10.081333] ahci 0000:00:1f.2: version 3.0
[   10.096242] PCI Interrupt Link [GSIA] enabled at IRQ 16
[   10.134683] ahci 0000:00:1f.2: AHCI 0001.0000 32 slots 6 ports 1.5 Gbps 0x3f impl SATA mode
[   10.147073] ahci 0000:00:1f.2: flags: 64bit ncq only 
[   10.196501] scsi host0: ahci
[   10.218186] scsi host1: ahci
[   10.232214] scsi host2: ahci
[   10.243639] scsi host3: ahci
[   10.254869] scsi host4: ahci
[   10.266636] scsi host5: ahci
[   10.272699] ata1: SATA max UDMA/133 abar m4096@0xfebf1000 port 0xfebf1100 irq 24
[   10.284684] ata2: SATA max UDMA/133 abar m4096@0xfebf1000 port 0xfebf1180 irq 24
[   10.296059] ata3: SATA max UDMA/133 abar m4096@0xfebf1000 port 0xfebf1200 irq 24
[   10.308749] ata4: SATA max UDMA/133 abar m4096@0xfebf1000 port 0xfebf1280 irq 24
[   10.319321] ata5: SATA max UDMA/133 abar m4096@0xfebf1000 port 0xfebf1300 irq 24
[   10.330789] ata6: SATA max UDMA/133 abar m4096@0xfebf1000 port 0xfebf1380 irq 24
[   10.344194] initcall ahci_pci_driver_init+0x0/0x15 returned 0 after 257861 usecs
[   10.356622] calling  piix_init+0x0/0x26 @ 1
[   10.364088] initcall piix_init+0x0/0x26 returned 0 after 305 usecs
[   10.374770] calling  amd_pci_driver_init+0x0/0x15 @ 1
[   10.383709] initcall amd_pci_driver_init+0x0/0x15 returned 0 after 126 usecs
[   10.395002] calling  oldpiix_pci_driver_init+0x0/0x15 @ 1
[   10.404426] initcall oldpiix_pci_driver_init+0x0/0x15 returned 0 after 253 usecs
[   10.415755] calling  sch_pci_driver_init+0x0/0x15 @ 1
[   10.424808] initcall sch_pci_driver_init+0x0/0x15 returned 0 after 66 usecs
[   10.437304] calling  net_olddevs_init+0x0/0x55 @ 1
[   10.445277] initcall net_olddevs_init+0x0/0x55 returned 0 after 373 usecs
[   10.455238] calling  blackhole_netdev_init+0x0/0x78 @ 1
[   10.465210] initcall blackhole_netdev_init+0x0/0x78 returned 0 after 2021 usecs
[   10.475908] calling  phy_module_init+0x0/0x13 @ 1
[   10.517524] initcall phy_module_init+0x0/0x13 returned 0 after 13711 usecs
[   10.533536] calling  tg3_driver_init+0x0/0x15 @ 1
[   10.546788] initcall tg3_driver_init+0x0/0x15 returned 0 after 4606 usecs
[   10.558752] calling  e100_init_module+0x0/0x4c @ 1
[   10.566716] e100: Intel(R) PRO/100 Network Driver
[   10.574973] e100: Copyright(c) 1999-2006 Intel Corporation
[   10.585377] initcall e100_init_module+0x0/0x4c returned 0 after 18728 usecs
[   10.597625] calling  e1000_init_module+0x0/0x72 @ 1
[   10.607405] e1000: Intel(R) PRO/1000 Network Driver
[   10.616518] e1000: Copyright (c) 1999-2006 Intel Corporation.
[   10.627306] initcall e1000_init_module+0x0/0x72 returned 0 after 20157 usecs
[   10.639048] calling  e1000_init_module+0x0/0x2d @ 1
[   10.647327] e1000e: Intel(R) PRO/1000 Network Driver
[   10.654701] e1000e: Copyright(c) 1999 - 2015 Intel Corporation.
[   10.664135] initcall e1000_init_module+0x0/0x2d returned 0 after 16529 usecs
[   10.665776] ata1: SATA link down (SStatus 0 SControl 300)
[   10.674994] calling  sky2_init_module+0x0/0x21 @ 1
[   10.674998] sky2: driver version 1.30
[   10.675177] initcall sky2_init_module+0x0/0x21 returned 0 after 174 usecs
[   10.687111] ata6: SATA link down (SStatus 0 SControl 300)
[   10.692964] calling  forcedeth_pci_driver_init+0x0/0x15 @ 1
[   10.702666] ata2: SATA link down (SStatus 0 SControl 300)
[   10.710593] initcall forcedeth_pci_driver_init+0x0/0x15 returned 0 after 278 usecs
[   10.723652] ata5: SATA link down (SStatus 0 SControl 300)
[   10.728615] calling  rtl8139_init_module+0x0/0x15 @ 1
[   10.752354] ata3: SATA link up 1.5 Gbps (SStatus 113 SControl 300)
[   10.754943] initcall rtl8139_init_module+0x0/0x15 returned 0 after 670 usecs
[   10.770872] ata4: SATA link down (SStatus 0 SControl 300)
[   10.773855] calling  rtl8169_pci_driver_init+0x0/0x15 @ 1
[   10.786734] ata3.00: ATAPI: QEMU DVD-ROM, 2.5+, max UDMA/100
[   10.793714] initcall rtl8169_pci_driver_init+0x0/0x15 returned 0 after 450 usecs
[   10.802871] ata3.00: applying bridge limits
[   10.812120] calling  cdrom_init+0x0/0xc @ 1
[   10.825370] ata3.00: configured for UDMA/100
[   10.838924] initcall cdrom_init+0x0/0xc returned 0 after 7807 usecs
[   10.857172] calling  nonstatic_sysfs_init+0x0/0xc @ 1
[   10.865323] initcall nonstatic_sysfs_init+0x0/0xc returned 0 after 416 usecs
[   10.876397] calling  yenta_cardbus_driver_init+0x0/0x15 @ 1
[   10.886374] initcall yenta_cardbus_driver_init+0x0/0x15 returned 0 after 512 usecs
[   10.886906] scsi 2:0:0:0: CD-ROM            QEMU     QEMU DVD-ROM     2.5+ PQ: 0 ANSI: 5
[   10.899351] calling  mon_init+0x0/0x144 @ 1
[   10.929947] initcall mon_init+0x0/0x144 returned 0 after 10509 usecs
[   10.941583] calling  ehci_hcd_init+0x0/0x56 @ 1
[   10.950067] ehci_hcd: USB 2.0 'Enhanced' Host Controller (EHCI) Driver
[   10.962980] initcall ehci_hcd_init+0x0/0x56 returned 0 after 12938 usecs
[   10.970890] sr 2:0:0:0: [sr0] scsi3-mmc drive: 4x/4x cd/rw xa/form2 tray
[   10.976132] calling  ehci_pci_init+0x0/0x64 @ 1
[   10.976135] ehci-pci: EHCI PCI platform driver
[   10.976830] initcall ehci_pci_init+0x0/0x64 returned 0 after 676 usecs
[   10.987738] cdrom: Uniform CD-ROM driver Revision: 3.20
[   10.994921] calling  ohci_hcd_mod_init+0x0/0x4e @ 1
[   11.029063] ohci_hcd: USB 1.1 'Open' Host Controller (OHCI) Driver
[   11.039280] initcall ohci_hcd_mod_init+0x0/0x4e returned 0 after 10013 usecs
[   11.050905] calling  ohci_pci_init+0x0/0x64 @ 1
[   11.058631] ohci-pci: OHCI PCI platform driver
[   11.064092] sr 2:0:0:0: Attached scsi CD-ROM sr0
[   11.066134] initcall ohci_pci_init+0x0/0x64 returned 0 after 7386 usecs
[   11.074528] sr 2:0:0:0: Attached scsi generic sg0 type 5
[   11.084277] calling  uhci_hcd_init+0x0/0xa8 @ 1
[   11.100829] uhci_hcd: USB Universal Host Controller Interface driver
[   11.112885] initcall uhci_hcd_init+0x0/0xa8 returned 0 after 11808 usecs
[   11.124627] calling  xhci_hcd_init+0x0/0x1e @ 1
[   11.132333] initcall xhci_hcd_init+0x0/0x1e returned 0 after 155 usecs
[   11.143706] calling  xhci_pci_init+0x0/0x49 @ 1
[   11.153071] initcall xhci_pci_init+0x0/0x49 returned 0 after 1150 usecs
[   11.164581] calling  usblp_driver_init+0x0/0x15 @ 1
[   11.173108] usbcore: registered new interface driver usblp
[   11.181444] initcall usblp_driver_init+0x0/0x15 returned 0 after 8876 usecs
[   11.190873] calling  usb_storage_driver_init+0x0/0x2a @ 1
[   11.199691] usbcore: registered new interface driver usb-storage
[   11.210771] initcall usb_storage_driver_init+0x0/0x2a returned 0 after 11291 usecs
[   11.223587] calling  i8042_init+0x0/0x4c2 @ 1
[   11.231969] i8042: PNP: PS/2 Controller [PNP0303:KBD,PNP0f13:MOU] at 0x60,0x64 irq 1,12
[   11.264735] serio: i8042 KBD port at 0x60,0x64 irq 1
[   11.274838] serio: i8042 AUX port at 0x60,0x64 irq 12
[   11.283011] initcall i8042_init+0x0/0x4c2 returned 0 after 50823 usecs
[   11.293036] calling  serport_init+0x0/0x2c @ 1
[   11.300336] initcall serport_init+0x0/0x2c returned 0 after 145 usecs
[   11.310520] calling  input_leds_init+0x0/0xc @ 1
[   11.317862] initcall input_leds_init+0x0/0xc returned 0 after 138 usecs
[   11.327902] calling  evdev_init+0x0/0xc @ 1
[   11.337793] initcall evdev_init+0x0/0xc returned 0 after 3482 usecs
[   11.348712] calling  atkbd_init+0x0/0x21 @ 1
[   11.358243] initcall atkbd_init+0x0/0x21 returned 0 after 1107 usecs
[   11.365864] input: AT Translated Set 2 keyboard as /devices/platform/i8042/serio0/input/input1
[   11.369361] calling  psmouse_init+0x0/0x7f @ 1
[   11.394673] initcall psmouse_init+0x0/0x7f returned 0 after 758 usecs
[   11.406837] calling  cmos_init+0x0/0x73 @ 1
[   11.415849] rtc_cmos 00:04: RTC can wake from S4
[   11.442687] rtc_cmos 00:04: registered as rtc0
[   11.452934] rtc_cmos 00:04: alarms up to one day, y3k, 242 bytes nvram, hpet irqs
[   11.466193] initcall cmos_init+0x0/0x73 returned 0 after 50417 usecs
[   11.477015] calling  smbalert_driver_init+0x0/0xe @ 1
[   11.486133] initcall smbalert_driver_init+0x0/0xe returned 0 after 265 usecs
[   11.497816] calling  i2c_i801_init+0x0/0xc5 @ 1
[   11.529340] i801_smbus 0000:00:1f.3: SMBus using PCI interrupt
[   11.544031] i2c i2c-0: 1/1 memory slots populated (from DMI)
[   11.554760] i2c i2c-0: Memory type 0x07 not supported yet, not instantiating SPD
[   11.571274] initcall i2c_i801_init+0x0/0xc5 returned 0 after 63747 usecs
[   11.581192] calling  ptp_kvm_init+0x0/0xf0 @ 1
[   11.597226] initcall ptp_kvm_init+0x0/0xf0 returned 0 after 9379 usecs
[   11.607363] calling  dm_init+0x0/0x3c @ 1
[   11.621349] device-mapper: ioctl: 4.43.0-ioctl (2020-10-01) initialised: dm-devel@redhat.com
[   11.635272] initcall dm_init+0x0/0x3c returned 0 after 21237 usecs
[   11.645139] calling  dm_mirror_init+0x0/0x29 @ 1
[   11.652311] initcall dm_mirror_init+0x0/0x29 returned 0 after 3 usecs
[   11.661734] calling  dm_dirty_log_init+0x0/0x4f @ 1
[   11.669856] initcall dm_dirty_log_init+0x0/0x4f returned 0 after 353 usecs
[   11.680935] calling  dm_zero_init+0x0/0x29 @ 1
[   11.688367] initcall dm_zero_init+0x0/0x29 returned 0 after 3 usecs
[   11.698445] calling  intel_pstate_init+0x0/0x512 @ 1
[   11.706878] intel_pstate: CPU model not supported
[   11.713768] initcall intel_pstate_init+0x0/0x512 returned -19 after 7004 usecs
[   11.725839] calling  haltpoll_init+0x0/0xc0 @ 1
[   11.733778] initcall haltpoll_init+0x0/0xc0 returned -19 after 38 usecs
[   11.745582] calling  efivars_sysfs_init+0x0/0x30 @ 1
[   11.754313] initcall efivars_sysfs_init+0x0/0x30 returned 0 after 95 usecs
[   11.765267] calling  esrt_sysfs_init+0x0/0x2a2 @ 1
[   11.772691] initcall esrt_sysfs_init+0x0/0x2a2 returned -38 after 31 usecs
[   11.783653] calling  hid_init+0x0/0x5c @ 1
[   11.790195] hid: raw HID events driver (C) Jiri Kosina
[   11.798713] initcall hid_init+0x0/0x5c returned 0 after 8559 usecs
[   11.806838] calling  hid_generic_init+0x0/0x15 @ 1
[   11.813415] initcall hid_generic_init+0x0/0x15 returned 0 after 421 usecs
[   11.822071] calling  a4_driver_init+0x0/0x15 @ 1
[   11.828687] initcall a4_driver_init+0x0/0x15 returned 0 after 66 usecs
[   11.837975] calling  apple_driver_init+0x0/0x15 @ 1
[   11.845090] initcall apple_driver_init+0x0/0x15 returned 0 after 83 usecs
[   11.854824] calling  belkin_driver_init+0x0/0x15 @ 1
[   11.862738] initcall belkin_driver_init+0x0/0x15 returned 0 after 859 usecs
[   11.872697] calling  ch_driver_init+0x0/0x15 @ 1
[   11.879373] initcall ch_driver_init+0x0/0x15 returned 0 after 259 usecs
[   11.888633] calling  ch_driver_init+0x0/0x15 @ 1
[   11.895156] initcall ch_driver_init+0x0/0x15 returned 0 after 301 usecs
[   11.905026] calling  cp_driver_init+0x0/0x15 @ 1
[   11.914276] initcall cp_driver_init+0x0/0x15 returned 0 after 284 usecs
[   11.924668] calling  ez_driver_init+0x0/0x15 @ 1
[   11.932018] initcall ez_driver_init+0x0/0x15 returned 0 after 365 usecs
[   11.942685] calling  gyration_driver_init+0x0/0x15 @ 1
[   11.950299] initcall gyration_driver_init+0x0/0x15 returned 0 after 248 usecs
[   11.960848] calling  ite_driver_init+0x0/0x15 @ 1
[   11.968798] initcall ite_driver_init+0x0/0x15 returned 0 after 300 usecs
[   11.978837] calling  ks_driver_init+0x0/0x15 @ 1
[   11.986230] initcall ks_driver_init+0x0/0x15 returned 0 after 282 usecs
[   11.995929] calling  lg_driver_init+0x0/0x15 @ 1
[   12.003544] initcall lg_driver_init+0x0/0x15 returned 0 after 63 usecs
[   12.013892] calling  lg_g15_driver_init+0x0/0x15 @ 1
[   12.021850] initcall lg_g15_driver_init+0x0/0x15 returned 0 after 65 usecs
[   12.032973] calling  ms_driver_init+0x0/0x15 @ 1
[   12.039923] initcall ms_driver_init+0x0/0x15 returned 0 after 56 usecs
[   12.049583] calling  mr_driver_init+0x0/0x15 @ 1
[   12.056528] initcall mr_driver_init+0x0/0x15 returned 0 after 349 usecs
[   12.065389] calling  ntrig_driver_init+0x0/0x15 @ 1
[   12.071845] initcall ntrig_driver_init+0x0/0x15 returned 0 after 195 usecs
[   12.081551] calling  pl_driver_init+0x0/0x15 @ 1
[   12.088823] initcall pl_driver_init+0x0/0x15 returned 0 after 44 usecs
[   12.098835] calling  pl_driver_init+0x0/0x15 @ 1
[   12.105936] initcall pl_driver_init+0x0/0x15 returned 0 after 48 usecs
[   12.116158] calling  redragon_driver_init+0x0/0x15 @ 1
[   12.124249] initcall redragon_driver_init+0x0/0x15 returned 0 after 79 usecs
[   12.134800] calling  samsung_driver_init+0x0/0x15 @ 1
[   12.142791] initcall samsung_driver_init+0x0/0x15 returned 0 after 46 usecs
[   12.153404] calling  sony_init+0x0/0x38 @ 1
[   12.160113] initcall sony_init+0x0/0x38 returned 0 after 107 usecs
[   12.169689] calling  sp_driver_init+0x0/0x15 @ 1
[   12.176626] initcall sp_driver_init+0x0/0x15 returned 0 after 228 usecs
[   12.186075] calling  ts_driver_init+0x0/0x15 @ 1
[   12.192273] initcall ts_driver_init+0x0/0x15 returned 0 after 41 usecs
[   12.201097] calling  hid_init+0x0/0x58 @ 1
[   12.209989] usbcore: registered new interface driver usbhid
[   12.218651] usbhid: USB HID core driver
[   12.225050] initcall hid_init+0x0/0x58 returned 0 after 15061 usecs
[   12.235299] calling  eeepc_laptop_init+0x0/0x57 @ 1
[   12.244102] initcall eeepc_laptop_init+0x0/0x57 returned -19 after 764 usecs
[   12.256173] calling  pmc_atom_init+0x0/0x27a @ 1
[   12.264187] initcall pmc_atom_init+0x0/0x27a returned -19 after 292 usecs
[   12.275578] calling  alsa_hwdep_init+0x0/0x5e @ 1
[   12.286259] initcall alsa_hwdep_init+0x0/0x5e returned 0 after 3069 usecs
[   12.297545] calling  alsa_timer_init+0x0/0x1f9 @ 1
[   12.306924] initcall alsa_timer_init+0x0/0x1f9 returned 0 after 1332 usecs
[   12.317564] calling  snd_hrtimer_init+0x0/0x117 @ 1
[   12.324781] initcall snd_hrtimer_init+0x0/0x117 returned 0 after 4 usecs
[   12.334388] calling  alsa_pcm_init+0x0/0x64 @ 1
[   12.341047] initcall alsa_pcm_init+0x0/0x64 returned 0 after 16 usecs
[   12.350785] calling  alsa_seq_init+0x0/0x4a @ 1
[   12.360528] initcall alsa_seq_init+0x0/0x4a returned 0 after 2268 usecs
[   12.371007] calling  alsa_seq_dummy_init+0x0/0x9c @ 1
[   12.379589] initcall alsa_seq_dummy_init+0x0/0x9c returned 0 after 267 usecs
[   12.390498] calling  azx_driver_init+0x0/0x15 @ 1
[   12.397731] initcall azx_driver_init+0x0/0x15 returned 0 after 209 usecs
[   12.409017] calling  sock_diag_init+0x0/0x2a @ 1
[   12.417180] initcall sock_diag_init+0x0/0x2a returned 0 after 817 usecs
[   12.430778] calling  blackhole_init+0x0/0xc @ 1
[   12.436956] initcall blackhole_init+0x0/0xc returned 0 after 26 usecs
[   12.445199] calling  nfnetlink_init+0x0/0x61 @ 1
[   12.450947] initcall nfnetlink_init+0x0/0x61 returned 0 after 150 usecs
[   12.459609] calling  nfnetlink_log_init+0x0/0x99 @ 1
[   12.467285] initcall nfnetlink_log_init+0x0/0x99 returned 0 after 270 usecs
[   12.476309] calling  nf_conntrack_standalone_init+0x0/0x87 @ 1
[   12.485258] initcall nf_conntrack_standalone_init+0x0/0x87 returned 0 after 1204 usecs
[   12.496563] calling  ctnetlink_init+0x0/0x83 @ 1
[   12.503099] initcall ctnetlink_init+0x0/0x83 returned 0 after 69 usecs
[   12.511635] calling  nf_conntrack_ftp_init+0x0/0x12c @ 1
[   12.519638] initcall nf_conntrack_ftp_init+0x0/0x12c returned 0 after 483 usecs
[   12.530721] calling  nf_conntrack_irc_init+0x0/0x129 @ 1
[   12.539327] initcall nf_conntrack_irc_init+0x0/0x129 returned 0 after 418 usecs
[   12.551571] calling  nf_conntrack_sip_init+0x0/0x172 @ 1
[   12.560525] initcall nf_conntrack_sip_init+0x0/0x172 returned 0 after 365 usecs
[   12.572150] calling  nf_nat_init+0x0/0xf0 @ 1
[   12.583138] initcall nf_nat_init+0x0/0xf0 returned 0 after 4396 usecs
[   12.587128] tasks-rude-torture: rcu_torture_read_exit: End of episode
[   12.591950] calling  nf_nat_ftp_init+0x0/0x2a @ 1
[   12.609359] initcall nf_nat_ftp_init+0x0/0x2a returned 0 after 308 usecs
[   12.620159] calling  nf_nat_irc_init+0x0/0x2a @ 1
[   12.627766] initcall nf_nat_irc_init+0x0/0x2a returned 0 after 282 usecs
[   12.636832] calling  nf_nat_sip_init+0x0/0x36 @ 1
[   12.643894] initcall nf_nat_sip_init+0x0/0x36 returned 0 after 22 usecs
[   12.653879] calling  xt_init+0x0/0x146 @ 1
[   12.661771] initcall xt_init+0x0/0x146 returned 0 after 1519 usecs
[   12.671010] calling  tcpudp_mt_init+0x0/0x11 @ 1
[   12.678162] initcall tcpudp_mt_init+0x0/0x11 returned 0 after 444 usecs
[   12.687647] calling  connsecmark_tg_init+0x0/0xc @ 1
[   12.695327] initcall connsecmark_tg_init+0x0/0xc returned 0 after 421 usecs
[   12.704755] calling  nflog_tg_init+0x0/0xc @ 1
[   12.712848] input: ImExPS/2 Generic Explorer Mouse as /devices/platform/i8042/serio1/input/input3
[   12.714501] initcall nflog_tg_init+0x0/0xc returned 0 after 3329 usecs
[   12.737258] calling  secmark_tg_init+0x0/0x11 @ 1
[   12.744684] initcall secmark_tg_init+0x0/0x11 returned 0 after 7 usecs
