c[?7l[2J[0mSeaBIOS (version 1.16.0-debian-1.16.0-4)
Booting from ROM...
early console in setup code
c[?7l[2J[    0.000000] Linux version 5.10.156+ (root@joelboxx.c.googlers.com) (gcc (Debian 12.2.0-3) 12.2.0, GNU ld (GNU Binutils for Debian) 2.39) #2 SMP Tue Dec 13 04:22:16 UTC 2022
[    0.000000] Command line: selinux=0 initcall_debug debug console=ttyS0 nohz_full=2-9 rcutorture.onoff_interval=1000 rcutorture.onoff_holdoff=30 rcutorture.n_barrier_cbs=4 rcutorture.stat_interval=15 rcutorture.shutdown_secs=1800 rcutorture.test_no_idle_hz=1 rcutorture.verbose=1
[    0.000000] x86/fpu: x87 FPU will use FXSAVE
[    0.000000] BIOS-provided physical RAM map:
[    0.000000] BIOS-e820: [mem 0x0000000000000000-0x000000000009fbff] usable
[    0.000000] BIOS-e820: [mem 0x000000000009fc00-0x000000000009ffff] reserved
[    0.000000] BIOS-e820: [mem 0x00000000000f0000-0x00000000000fffff] reserved
[    0.000000] BIOS-e820: [mem 0x0000000000100000-0x000000001ffdefff] usable
[    0.000000] BIOS-e820: [mem 0x000000001ffdf000-0x000000001fffffff] reserved
[    0.000000] BIOS-e820: [mem 0x00000000b0000000-0x00000000bfffffff] reserved
[    0.000000] BIOS-e820: [mem 0x00000000fed1c000-0x00000000fed1ffff] reserved
[    0.000000] BIOS-e820: [mem 0x00000000feffc000-0x00000000feffffff] reserved
[    0.000000] BIOS-e820: [mem 0x00000000fffc0000-0x00000000ffffffff] reserved
[    0.000000] NX (Execute Disable) protection: active
[    0.000000] SMBIOS 2.8 present.
[    0.000000] DMI: QEMU Standard PC (Q35 + ICH9, 2009), BIOS 1.16.0-debian-1.16.0-4 04/01/2014
[    0.000000] Hypervisor detected: KVM
[    0.000000] kvm-clock: Using msrs 4b564d01 and 4b564d00
[    0.000000] kvm-clock: cpu 0, msr f8ac001, primary cpu clock
[    0.000001] kvm-clock: using sched offset of 2095909538 cycles
[    0.000120] clocksource: kvm-clock: mask: 0xffffffffffffffff max_cycles: 0x1cd42e4dffb, max_idle_ns: 881590591483 ns
[    0.000153] tsc: Detected 1999.999 MHz processor
[    0.003314] e820: update [mem 0x00000000-0x00000fff] usable ==> reserved
[    0.003319] e820: remove [mem 0x000a0000-0x000fffff] usable
[    0.003326] last_pfn = 0x1ffdf max_arch_pfn = 0x400000000
[    0.003988] MTRR default type: write-back
[    0.003998] MTRR fixed ranges enabled:
[    0.004000]   00000-9FFFF write-back
[    0.004001]   A0000-BFFFF uncachable
[    0.004002]   C0000-FFFFF write-protect
[    0.004003] MTRR variable ranges enabled:
[    0.004004]   0 base 00C0000000 mask FFC0000000 uncachable
[    0.004005]   1 disabled
[    0.004006]   2 disabled
[    0.004007]   3 disabled
[    0.004008]   4 disabled
[    0.004009]   5 disabled
[    0.004009]   6 disabled
[    0.004021]   7 disabled
[    0.004254] x86/PAT: Configuration [0-7]: WB  WC  UC- UC  WB  WC  UC- UC  
[    0.013104] found SMP MP-table at [mem 0x000f5ba0-0x000f5baf]
[    0.014850] check: Scanning 1 areas for low memory corruption
[    0.023838] ACPI: Early table checksum verification disabled
[    0.026006] ACPI: RSDP 0x00000000000F59E0 000014 (v00 BOCHS )
[    0.026355] ACPI: RSDT 0x000000001FFE281A 000038 (v01 BOCHS  BXPC     00000001 BXPC 00000001)
[    0.026646] ACPI: FACP 0x000000001FFE259A 0000F4 (v03 BOCHS  BXPC     00000001 BXPC 00000001)
[    0.026795] ACPI: DSDT 0x000000001FFE0040 00255A (v01 BOCHS  BXPC     00000001 BXPC 00000001)
[    0.026803] ACPI: FACS 0x000000001FFE0000 000040
[    0.026809] ACPI: APIC 0x000000001FFE268E 0000F0 (v01 BOCHS  BXPC     00000001 BXPC 00000001)
[    0.026816] ACPI: HPET 0x000000001FFE277E 000038 (v01 BOCHS  BXPC     00000001 BXPC 00000001)
[    0.026823] ACPI: MCFG 0x000000001FFE27B6 00003C (v01 BOCHS  BXPC     00000001 BXPC 00000001)
[    0.026828] ACPI: WAET 0x000000001FFE27F2 000028 (v01 BOCHS  BXPC     00000001 BXPC 00000001)
[    0.026834] ACPI: Reserving FACP table memory at [mem 0x1ffe259a-0x1ffe268d]
[    0.026837] ACPI: Reserving DSDT table memory at [mem 0x1ffe0040-0x1ffe2599]
[    0.026839] ACPI: Reserving FACS table memory at [mem 0x1ffe0000-0x1ffe003f]
[    0.026840] ACPI: Reserving APIC table memory at [mem 0x1ffe268e-0x1ffe277d]
[    0.026842] ACPI: Reserving HPET table memory at [mem 0x1ffe277e-0x1ffe27b5]
[    0.026843] ACPI: Reserving MCFG table memory at [mem 0x1ffe27b6-0x1ffe27f1]
[    0.026844] ACPI: Reserving WAET table memory at [mem 0x1ffe27f2-0x1ffe2819]
[    0.027964] ACPI: Local APIC address 0xfee00000
[    0.033509] No NUMA configuration found
[    0.033513] Faking a node at [mem 0x0000000000000000-0x000000001ffdefff]
[    0.033856] NODE_DATA(0) allocated [mem 0x1ffdb000-0x1ffdefff]
[    0.035582] Zone ranges:
[    0.035720]   DMA      [mem 0x0000000000001000-0x0000000000ffffff]
[    0.035765]   DMA32    [mem 0x0000000001000000-0x000000001ffdefff]
[    0.035767]   Normal   empty
[    0.035778] Movable zone start for each node
[    0.035780] Early memory node ranges
[    0.035827]   node   0: [mem 0x0000000000001000-0x000000000009efff]
[    0.035903]   node   0: [mem 0x0000000000100000-0x000000001ffdefff]
[    0.036026] Initmem setup node 0 [mem 0x0000000000001000-0x000000001ffdefff]
[    0.036029] On node 0 totalpages: 130941
[    0.036185]   DMA zone: 64 pages used for memmap
[    0.036187]   DMA zone: 21 pages reserved
[    0.036189]   DMA zone: 3998 pages, LIFO batch:0
[    0.036191]   DMA32 zone: 1984 pages used for memmap
[    0.036193]   DMA32 zone: 126943 pages, LIFO batch:31
[    0.044708] On node 0, zone DMA: 1 pages in unavailable ranges
[    0.047630] On node 0, zone DMA: 97 pages in unavailable ranges
[    0.147166] On node 0, zone DMA32: 33 pages in unavailable ranges
[    0.151509] ACPI: PM-Timer IO Port: 0x608
[    0.151554] ACPI: Local APIC address 0xfee00000
[    0.151830] ACPI: LAPIC_NMI (acpi_id[0xff] dfl dfl lint[0x1])
[    0.152367] IOAPIC[0]: apic_id 0, version 17, address 0xfec00000, GSI 0-23
[    0.152371] ACPI: INT_SRC_OVR (bus 0 bus_irq 0 global_irq 2 dfl dfl)
[    0.152429] ACPI: INT_SRC_OVR (bus 0 bus_irq 5 global_irq 5 high level)
[    0.152430] ACPI: INT_SRC_OVR (bus 0 bus_irq 9 global_irq 9 high level)
[    0.152502] ACPI: INT_SRC_OVR (bus 0 bus_irq 10 global_irq 10 high level)
[    0.152503] ACPI: INT_SRC_OVR (bus 0 bus_irq 11 global_irq 11 high level)
[    0.152505] ACPI: IRQ0 used by override.
[    0.152507] ACPI: IRQ5 used by override.
[    0.152508] ACPI: IRQ9 used by override.
[    0.152508] ACPI: IRQ10 used by override.
[    0.152509] ACPI: IRQ11 used by override.
[    0.152521] Using ACPI (MADT) for SMP configuration information
[    0.152561] ACPI: HPET id: 0x8086a201 base: 0xfed00000
[    0.153044] smpboot: Allowing 16 CPUs, 0 hotplug CPUs
[    0.153721] PM: hibernation: Registered nosave memory: [mem 0x00000000-0x00000fff]
[    0.153724] PM: hibernation: Registered nosave memory: [mem 0x0009f000-0x0009ffff]
[    0.153725] PM: hibernation: Registered nosave memory: [mem 0x000a0000-0x000effff]
[    0.153727] PM: hibernation: Registered nosave memory: [mem 0x000f0000-0x000fffff]
[    0.153746] [mem 0x20000000-0xafffffff] available for PCI devices
[    0.153814] Booting paravirtualized kernel on KVM
[    0.153991] clocksource: refined-jiffies: mask: 0xffffffff max_cycles: 0xffffffff, max_idle_ns: 1910969940391419 ns
[    0.188230] setup_percpu: NR_CPUS:16 nr_cpumask_bits:16 nr_cpu_ids:16 nr_node_ids:1
[    0.261981] percpu: Embedded 56 pages/cpu s191448 r8192 d29736 u262144
[    0.262064] pcpu-alloc: s191448 r8192 d29736 u262144 alloc=1*2097152
[    0.262119] pcpu-alloc: [0] 00 01 02 03 04 05 06 07 [0] 08 09 10 11 12 13 14 15 
[    0.262842] kvm-guest: stealtime: cpu 0, msr 1f21b600
[    0.263450] Built 1 zonelists, mobility grouping on.  Total pages: 128872
[    0.263454] Policy zone: DMA32
[    0.263549] Kernel command line: selinux=0 initcall_debug debug console=ttyS0 nohz_full=2-9 rcutorture.onoff_interval=1000 rcutorture.onoff_holdoff=30 rcutorture.n_barrier_cbs=4 rcutorture.stat_interval=15 rcutorture.shutdown_secs=1800 rcutorture.test_no_idle_hz=1 rcutorture.verbose=1
[    0.280317] Dentry cache hash table entries: 65536 (order: 7, 524288 bytes, linear)
[    0.284648] Inode-cache hash table entries: 32768 (order: 6, 262144 bytes, linear)
[    0.286004] mem auto-init: stack:all(zero), heap alloc:off, heap free:off
[    0.323725] Memory: 477988K/523764K available (14349K kernel code, 2565K rwdata, 4708K rodata, 1504K init, 1464K bss, 45516K reserved, 0K cma-reserved)
[    0.324574] SLUB: HWalign=64, Order=0-3, MinObjects=0, CPUs=16, Nodes=1
[    0.325146] Kernel/User page tables isolation: enabled
[    0.335601] rcu: Hierarchical RCU implementation.
[    0.335606] rcu: 	RCU event tracing is enabled.
[    0.335608] rcu: 	CONFIG_RCU_FANOUT set to non-default value of 2.
[    0.335610] rcu: 	Four(or more)-level hierarchy is enabled.
[    0.335611] rcu: 	Build-time adjustment of leaf fanout to 2.
[    0.335729] 	Trampoline variant of Tasks RCU enabled.
[    0.335731] 	Rude variant of Tasks RCU enabled.
[    0.335732] 	Tracing variant of Tasks RCU enabled.
[    0.335941] rcu: RCU calculated value of scheduler-enlistment delay is 100 jiffies.
[    0.351857] NR_IRQS: 4352, nr_irqs: 552, preallocated irqs: 16
[    0.355143] NO_HZ: Full dynticks CPUs: 2-9.
[    0.355148] rcu: 	Offload RCU callbacks from CPUs: 2-9.
[    0.357766] calling  con_init+0x0/0x22a @ 0
[    0.545300] Console: colour VGA+ 80x25
[    0.545318] initcall con_init+0x0/0x22a returned 0 after 0 usecs
[    0.545321] calling  hvc_console_init+0x0/0x13 @ 0
[    0.545382] initcall hvc_console_init+0x0/0x13 returned 0 after 0 usecs
[    0.545385] calling  univ8250_console_init+0x0/0x26 @ 0
[    1.473477] printk: console [ttyS0] enabled
[    1.478820] initcall univ8250_console_init+0x0/0x26 returned 0 after 0 usecs
[    1.489899] ACPI: Core revision 20200925
[    1.497553] clocksource: hpet: mask: 0xffffffff max_cycles: 0xffffffff, max_idle_ns: 19112604467 ns
[    1.510966] APIC: Switch to symmetric I/O mode setup
[    1.517943] Switched APIC routing to physical flat.
[    1.539410] ..TIMER: vector=0x30 apic1=0 pin1=2 apic2=-1 pin2=-1
[    1.546409] clocksource: tsc-early: mask: 0xffffffffffffffff max_cycles: 0x39a85afc727, max_idle_ns: 881590685098 ns
[    1.558434] Calibrating delay loop (skipped) preset value.. 3999.99 BogoMIPS (lpj=1999999)
[    1.559169] pid_max: default: 32768 minimum: 301
[    1.560844] LSM: Security Framework initializing
[    1.561370] Mount-cache hash table entries: 1024 (order: 1, 8192 bytes, linear)
[    1.562115] Mountpoint-cache hash table entries: 1024 (order: 1, 8192 bytes, linear)
[    1.569426] Last level iTLB entries: 4KB 0, 2MB 0, 4MB 0
[    1.570111] Last level dTLB entries: 4KB 0, 2MB 0, 4MB 0, 1GB 0
[    1.571204] Spectre V1 : Mitigation: usercopy/swapgs barriers and __user pointer sanitization
[    1.572113] Spectre V2 : Mitigation: Retpolines
[    1.573111] Spectre V2 : Spectre v2 / SpectreRSB mitigation: Filling RSB on context switch
[    1.574111] Spectre V2 : Spectre v2 / SpectreRSB : Filling RSB on VMEXIT
[    1.575111] Speculative Store Bypass: Vulnerable
[    1.576143] MDS: Vulnerable: Clear CPU buffers attempted, no microcode
[    1.577111] MMIO Stale Data: Unknown: No mitigations
[    1.623682] Freeing SMP alternatives memory: 44K
[    1.727107] smpboot: CPU0: Intel Common KVM processor (family: 0xf, model: 0x6, stepping: 0x1)
[    1.727508] calling  init_hw_perf_events+0x0/0x6ce @ 1
[    1.729112] Performance Events: unsupported Netburst CPU model 6 no PMU driver, software events only.
[    1.730119] initcall init_hw_perf_events+0x0/0x6ce returned 0 after 976 usecs
[    1.731118] calling  init_real_mode+0x0/0x1e9 @ 1
[    1.732479] initcall init_real_mode+0x0/0x1e9 returned 0 after 0 usecs
[    1.733117] calling  trace_init_perf_perm_irq_work_exit+0x0/0x12 @ 1
[    1.734115] initcall trace_init_perf_perm_irq_work_exit+0x0/0x12 returned 0 after 0 usecs
[    1.735132] calling  validate_x2apic+0x0/0x4a @ 1
[    1.736144] initcall validate_x2apic+0x0/0x4a returned 0 after 0 usecs
[    1.737114] calling  register_nmi_cpu_backtrace_handler+0x0/0x15 @ 1
[    1.738114] initcall register_nmi_cpu_backtrace_handler+0x0/0x15 returned 0 after 0 usecs
[    1.739120] calling  kvm_setup_vsyscall_timeinfo+0x0/0xce @ 1
[    1.740115] initcall kvm_setup_vsyscall_timeinfo+0x0/0xce returned 0 after 0 usecs
[    1.741114] calling  spawn_ksoftirqd+0x0/0x38 @ 1
[    1.742161] initcall spawn_ksoftirqd+0x0/0x38 returned 0 after 0 usecs
[    1.743115] calling  migration_init+0x0/0x3c @ 1
[    1.744136] initcall migration_init+0x0/0x3c returned 0 after 0 usecs
[    1.745145] calling  srcu_bootup_announce+0x0/0x2f @ 1
[    1.746112] rcu: Hierarchical SRCU implementation.
[    1.747130] initcall srcu_bootup_announce+0x0/0x2f returned 0 after 976 usecs
[    1.748115] calling  rcu_spawn_gp_kthread+0x0/0x1dd @ 1
[    1.749161] initcall rcu_spawn_gp_kthread+0x0/0x1dd returned 0 after 0 usecs
[    1.750113] calling  check_cpu_stall_init+0x0/0x1a @ 1
[    1.751115] initcall check_cpu_stall_init+0x0/0x1a returned 0 after 0 usecs
[    1.752116] calling  rcu_sysrq_init+0x0/0x21 @ 1
[    1.753115] initcall rcu_sysrq_init+0x0/0x21 returned 0 after 0 usecs
[    1.754116] calling  trace_init_flags_sys_enter+0x0/0xe @ 1
[    1.755142] initcall trace_init_flags_sys_enter+0x0/0xe returned 0 after 0 usecs
[    1.756116] calling  trace_init_flags_sys_exit+0x0/0xe @ 1
[    1.757114] initcall trace_init_flags_sys_exit+0x0/0xe returned 0 after 0 usecs
[    1.758114] calling  cpu_stop_init+0x0/0x6e @ 1
[    1.759164] initcall cpu_stop_init+0x0/0x6e returned 0 after 0 usecs
[    1.760117] calling  init_kprobes+0x0/0x165 @ 1
[    1.762586] initcall init_kprobes+0x0/0x165 returned 0 after 976 usecs
[    1.763118] calling  init_events+0x0/0x3d @ 1
[    1.764441] initcall init_events+0x0/0x3d returned 0 after 0 usecs
[    1.766114] calling  init_trace_printk+0x0/0xc @ 1
[    1.767114] initcall init_trace_printk+0x0/0xc returned 0 after 0 usecs
[    1.768114] calling  event_trace_enable_again+0x0/0x23 @ 1
[    1.769115] initcall event_trace_enable_again+0x0/0x23 returned 0 after 0 usecs
[    1.770113] calling  static_call_init+0x0/0x77 @ 1
[    1.771114] initcall static_call_init+0x0/0x77 returned 0 after 0 usecs
[    1.772115] calling  jump_label_init_module+0x0/0xc @ 1
[    1.773117] initcall jump_label_init_module+0x0/0xc returned 0 after 0 usecs
[    1.774115] calling  init_zero_pfn+0x0/0x37 @ 1
[    1.775114] initcall init_zero_pfn+0x0/0x37 returned 0 after 0 usecs
[    1.776114] calling  initialize_ptr_random+0x0/0x54 @ 1
[    1.777115] initcall initialize_ptr_random+0x0/0x54 returned 0 after 0 usecs
[    1.778115] calling  efi_memreserve_root_init+0x0/0x25 @ 1
[    1.779157] initcall efi_memreserve_root_init+0x0/0x25 returned 0 after 0 usecs
[    1.780114] calling  efi_earlycon_remap_fb+0x0/0x51 @ 1
[    1.781113] initcall efi_earlycon_remap_fb+0x0/0x51 returned 0 after 0 usecs
[    1.785171] smp: Bringing up secondary CPUs ...
[    1.787836] x86: Booting SMP configuration:
[    1.788139] .... node  #0, CPUs:        #1
[    1.198735] kvm-clock: cpu 1, msr f8ac041, secondary cpu clock
[    1.813252] kvm-guest: stealtime: cpu 1, msr 1f25b600
[    1.829427]   #2
[    1.198735] kvm-clock: cpu 2, msr f8ac081, secondary cpu clock
[    1.852435] kvm-guest: stealtime: cpu 2, msr 1f29b600
[    1.866828]   #3
[    1.198735] kvm-clock: cpu 3, msr f8ac0c1, secondary cpu clock
[    1.889108] kvm-guest: stealtime: cpu 3, msr 1f2db600
[    1.903134]   #4
[    1.198735] kvm-clock: cpu 4, msr f8ac101, secondary cpu clock
[    1.925521] kvm-guest: stealtime: cpu 4, msr 1f31b600
[    1.942620]   #5
[    1.198735] kvm-clock: cpu 5, msr f8ac141, secondary cpu clock
[    1.965109] kvm-guest: stealtime: cpu 5, msr 1f35b600
[    1.980710]   #6
[    1.198735] kvm-clock: cpu 6, msr f8ac181, secondary cpu clock
[    2.007229] kvm-guest: stealtime: cpu 6, msr 1f39b600
[    2.022946]   #7
[    1.198735] kvm-clock: cpu 7, msr f8ac1c1, secondary cpu clock
[    2.047452] kvm-guest: stealtime: cpu 7, msr 1f3db600
[    2.062118]   #8
[    1.198735] kvm-clock: cpu 8, msr f8ac201, secondary cpu clock
[    2.084449] kvm-guest: stealtime: cpu 8, msr 1f41b600
[    2.098729]   #9
[    1.198735] kvm-clock: cpu 9, msr f8ac241, secondary cpu clock
[    2.123108] kvm-guest: stealtime: cpu 9, msr 1f45b600
[    2.138935]  #10
[    1.198735] kvm-clock: cpu 10, msr f8ac281, secondary cpu clock
[    2.160342] kvm-guest: stealtime: cpu 10, msr 1f49b600
[    2.174115]  #11
[    1.198735] kvm-clock: cpu 11, msr f8ac2c1, secondary cpu clock
[    2.195236] kvm-guest: stealtime: cpu 11, msr 1f4db600
[    2.209812]  #12
[    1.198735] kvm-clock: cpu 12, msr f8ac301, secondary cpu clock
[    2.231261] kvm-guest: stealtime: cpu 12, msr 1f51b600
[    2.246671]  #13
[    1.198735] kvm-clock: cpu 13, msr f8ac341, secondary cpu clock
[    2.270332] kvm-guest: stealtime: cpu 13, msr 1f55b600
[    2.286861]  #14
[    1.198735] kvm-clock: cpu 14, msr f8ac381, secondary cpu clock
[    2.308234] kvm-guest: stealtime: cpu 14, msr 1f59b600
[    2.322545]  #15
[    1.198735] kvm-clock: cpu 15, msr f8ac3c1, secondary cpu clock
[    2.343307] kvm-guest: stealtime: cpu 15, msr 1f5db600
[    2.357783] smp: Brought up 1 node, 16 CPUs
[    2.358114] smpboot: Max logical packages: 1
[    2.359113] smpboot: Total of 16 processors activated (63999.96 BogoMIPS)
[    2.376111] devtmpfs: initialized
[    2.379500] calling  ipc_ns_init+0x0/0x3d @ 1
[    2.380175] initcall ipc_ns_init+0x0/0x3d returned 0 after 0 usecs
[    2.381115] calling  init_mmap_min_addr+0x0/0x21 @ 1
[    2.382114] initcall init_mmap_min_addr+0x0/0x21 returned 0 after 0 usecs
[    2.383114] calling  pci_realloc_setup_params+0x0/0x3f @ 1
[    2.384114] initcall pci_realloc_setup_params+0x0/0x3f returned 0 after 0 usecs
[    2.385153] calling  net_ns_init+0x0/0x11c @ 1
[    2.387372] initcall net_ns_init+0x0/0x11c returned 0 after 976 usecs
[    2.388147] calling  e820__register_nvs_regions+0x0/0x37 @ 1
[    2.389121] initcall e820__register_nvs_regions+0x0/0x37 returned 0 after 0 usecs
[    2.390144] calling  cpufreq_register_tsc_scaling+0x0/0x2e @ 1
[    2.392116] initcall cpufreq_register_tsc_scaling+0x0/0x2e returned 0 after 0 usecs
[    2.393117] calling  reboot_init+0x0/0x3c @ 1
[    2.394229] initcall reboot_init+0x0/0x3c returned 0 after 0 usecs
[    2.395118] calling  init_lapic_sysfs+0x0/0x20 @ 1
[    2.396118] initcall init_lapic_sysfs+0x0/0x20 returned 0 after 0 usecs
[    2.397117] calling  alloc_frozen_cpus+0x0/0x7 @ 1
[    2.398115] initcall alloc_frozen_cpus+0x0/0x7 returned 0 after 0 usecs
[    2.399116] calling  cpu_hotplug_pm_sync_init+0x0/0x13 @ 1
[    2.400115] initcall cpu_hotplug_pm_sync_init+0x0/0x13 returned 0 after 0 usecs
[    2.401115] calling  wq_sysfs_init+0x0/0x2a @ 1
[    2.402182] initcall wq_sysfs_init+0x0/0x2a returned 0 after 0 usecs
[    2.403118] calling  ksysfs_init+0x0/0x92 @ 1
[    2.404132] initcall ksysfs_init+0x0/0x92 returned 0 after 0 usecs
[    2.405117] calling  schedutil_gov_init+0x0/0xc @ 1
[    2.406198] initcall schedutil_gov_init+0x0/0xc returned 0 after 0 usecs
[    2.407117] calling  pm_init+0x0/0x76 @ 1
[    2.408207] initcall pm_init+0x0/0x76 returned 0 after 0 usecs
[    2.409115] calling  pm_disk_init+0x0/0x13 @ 1
[    2.410165] initcall pm_disk_init+0x0/0x13 returned 0 after 0 usecs
[    2.411117] calling  swsusp_header_init+0x0/0x2b @ 1
[    2.412117] initcall swsusp_header_init+0x0/0x2b returned 0 after 0 usecs
[    2.413116] calling  rcu_set_runtime_mode+0x0/0x16 @ 1
[    2.414121] initcall rcu_set_runtime_mode+0x0/0x16 returned 0 after 0 usecs
[    2.415116] calling  init_jiffies_clocksource+0x0/0x13 @ 1
[    2.416115] clocksource: jiffies: mask: 0xffffffff max_cycles: 0xffffffff, max_idle_ns: 1911260446275000 ns
[    2.417117] initcall init_jiffies_clocksource+0x0/0x13 returned 0 after 976 usecs
[    2.418115] calling  futex_init+0x0/0xf7 @ 1
[    2.419124] futex hash table entries: 4096 (order: 6, 262144 bytes, linear)
[    2.421570] initcall futex_init+0x0/0xf7 returned 0 after 1953 usecs
[    2.422117] calling  cgroup_wq_init+0x0/0x28 @ 1
[    2.423133] initcall cgroup_wq_init+0x0/0x28 returned 0 after 0 usecs
[    2.424117] calling  cgroup1_wq_init+0x0/0x28 @ 1
[    2.425130] initcall cgroup1_wq_init+0x0/0x28 returned 0 after 0 usecs
[    2.426116] calling  init_kprobe_trace_early+0x0/0x2a @ 1
[    2.427166] initcall init_kprobe_trace_early+0x0/0x2a returned 0 after 0 usecs
[    2.428136] calling  fsnotify_init+0x0/0x48 @ 1
[    2.429155] initcall fsnotify_init+0x0/0x48 returned 0 after 0 usecs
[    2.430117] calling  filelock_init+0x0/0x96 @ 1
[    2.431149] initcall filelock_init+0x0/0x96 returned 0 after 0 usecs
[    2.432115] calling  init_misc_binfmt+0x0/0x2c @ 1
[    2.433139] initcall init_misc_binfmt+0x0/0x2c returned 0 after 0 usecs
[    2.434115] calling  init_script_binfmt+0x0/0x15 @ 1
[    2.435130] initcall init_script_binfmt+0x0/0x15 returned 0 after 0 usecs
[    2.436114] calling  init_elf_binfmt+0x0/0x15 @ 1
[    2.437113] initcall init_elf_binfmt+0x0/0x15 returned 0 after 0 usecs
[    2.438113] calling  init_compat_elf_binfmt+0x0/0x15 @ 1
[    2.439113] initcall init_compat_elf_binfmt+0x0/0x15 returned 0 after 0 usecs
[    2.440115] calling  debugfs_init+0x0/0x5c @ 1
[    2.441122] initcall debugfs_init+0x0/0x5c returned 0 after 0 usecs
[    2.442116] calling  tracefs_init+0x0/0x3a @ 1
[    2.443120] initcall tracefs_init+0x0/0x3a returned 0 after 0 usecs
[    2.444114] calling  prandom_init_early+0x0/0x15d @ 1
[    2.445114] initcall prandom_init_early+0x0/0x15d returned 0 after 0 usecs
[    2.446189] calling  virtio_init+0x0/0x20 @ 1
[    2.447143] initcall virtio_init+0x0/0x20 returned 0 after 0 usecs
[    2.448114] calling  iommu_init+0x0/0x2a @ 1
[    2.449172] initcall iommu_init+0x0/0x2a returned 0 after 0 usecs
[    2.450113] calling  component_debug_init+0x0/0x1c @ 1
[    2.451180] initcall component_debug_init+0x0/0x1c returned 0 after 0 usecs
[    2.452114] calling  early_resume_init+0x0/0xb9 @ 1
[    2.454111] PM: RTC time: 04:45:31, date: 2022-12-13
[    2.455130] initcall early_resume_init+0x0/0xb9 returned 0 after 1953 usecs
[    2.456113] calling  cpufreq_core_init+0x0/0x62 @ 1
[    2.457133] initcall cpufreq_core_init+0x0/0x62 returned 0 after 0 usecs
[    2.458114] calling  cpufreq_gov_performance_init+0x0/0xc @ 1
[    2.459115] initcall cpufreq_gov_performance_init+0x0/0xc returned 0 after 0 usecs
[    2.460134] calling  cpufreq_gov_userspace_init+0x0/0xc @ 1
[    2.461115] initcall cpufreq_gov_userspace_init+0x0/0xc returned 0 after 0 usecs
[    2.462114] calling  CPU_FREQ_GOV_ONDEMAND_init+0x0/0xc @ 1
[    2.463114] initcall CPU_FREQ_GOV_ONDEMAND_init+0x0/0xc returned 0 after 0 usecs
[    2.464114] calling  cpuidle_init+0x0/0x1f @ 1
[    2.465209] initcall cpuidle_init+0x0/0x1f returned 0 after 0 usecs
[    2.466113] calling  capsule_reboot_register+0x0/0xc @ 1
[    2.467137] initcall capsule_reboot_register+0x0/0xc returned 0 after 0 usecs
[    2.468114] calling  sock_init+0x0/0x93 @ 1
[    2.470448] initcall sock_init+0x0/0x93 returned 0 after 976 usecs
[    2.471116] calling  net_inuse_init+0x0/0x23 @ 1
[    2.472124] initcall net_inuse_init+0x0/0x23 returned 0 after 0 usecs
[    2.473114] calling  net_defaults_init+0x0/0x23 @ 1
[    2.474114] initcall net_defaults_init+0x0/0x23 returned 0 after 0 usecs
[    2.475113] calling  init_default_flow_dissectors+0x0/0x4f @ 1
[    2.476136] initcall init_default_flow_dissectors+0x0/0x4f returned 0 after 0 usecs
[    2.477113] calling  netpoll_init+0x0/0x26 @ 1
[    2.478113] initcall netpoll_init+0x0/0x26 returned 0 after 0 usecs
[    2.479113] calling  netlink_proto_init+0x0/0x14f @ 1
[    2.480723] NET: Registered protocol family 16
[    2.481129] initcall netlink_proto_init+0x0/0x14f returned 0 after 976 usecs
[    2.482114] calling  genl_init+0x0/0x35 @ 1
[    2.483201] initcall genl_init+0x0/0x35 returned 0 after 0 usecs
[    2.484130] calling  bsp_pm_check_init+0x0/0x13 @ 1
[    2.485115] initcall bsp_pm_check_init+0x0/0x13 returned 0 after 0 usecs
[    2.486132] calling  irq_sysfs_init+0x0/0xb7 @ 1
[    2.487237] initcall irq_sysfs_init+0x0/0xb7 returned 0 after 0 usecs
[    2.488115] calling  audit_init+0x0/0x160 @ 1
[    2.489115] audit: initializing netlink subsys (disabled)
[    2.491593] initcall audit_init+0x0/0x160 returned 0 after 1953 usecs
[    2.491447] audit: type=2000 audit(1670906730.340:1): state=initialized audit_enabled=0 res=1
[    2.492116] calling  release_early_probes+0x0/0x32 @ 1
[    2.492122] initcall release_early_probes+0x0/0x32 returned 0 after 0 usecs
[    2.495115] calling  bdi_class_init+0x0/0x48 @ 1
[    2.496213] initcall bdi_class_init+0x0/0x48 returned 0 after 0 usecs
[    2.497113] calling  mm_sysfs_init+0x0/0x28 @ 1
[    2.498116] initcall mm_sysfs_init+0x0/0x28 returned 0 after 0 usecs
[    2.499114] calling  init_per_zone_wmark_min+0x0/0x6d @ 1
[    2.500118] initcall init_per_zone_wmark_min+0x0/0x6d returned 0 after 0 usecs
[    2.501112] calling  mpi_init+0x0/0x3e @ 1
[    2.502127] initcall mpi_init+0x0/0x3e returned 0 after 0 usecs
[    2.503112] calling  kobject_uevent_init+0x0/0xc @ 1
[    2.504119] initcall kobject_uevent_init+0x0/0xc returned 0 after 0 usecs
[    2.505112] calling  pcibus_class_init+0x0/0x13 @ 1
[    2.506181] initcall pcibus_class_init+0x0/0x13 returned 0 after 0 usecs
[    2.507114] calling  pci_driver_init+0x0/0x21 @ 1
[    2.508148] initcall pci_driver_init+0x0/0x21 returned 0 after 0 usecs
[    2.509115] calling  backlight_class_init+0x0/0xa8 @ 1
[    2.510136] initcall backlight_class_init+0x0/0xa8 returned 0 after 0 usecs
[    2.511118] calling  tty_class_init+0x0/0x33 @ 1
[    2.512130] initcall tty_class_init+0x0/0x33 returned 0 after 0 usecs
[    2.513117] calling  vtconsole_class_init+0x0/0xb5 @ 1
[    2.515159] initcall vtconsole_class_init+0x0/0xb5 returned 0 after 976 usecs
[    2.516115] calling  iommu_dev_init+0x0/0x13 @ 1
[    2.518119] initcall iommu_dev_init+0x0/0x13 returned 0 after 976 usecs
[    2.519113] calling  mipi_dsi_bus_init+0x0/0xc @ 1
[    2.520139] initcall mipi_dsi_bus_init+0x0/0xc returned 0 after 0 usecs
[    2.521114] calling  devlink_class_init+0x0/0x40 @ 1
[    2.522121] initcall devlink_class_init+0x0/0x40 returned 0 after 0 usecs
[    2.523115] calling  software_node_init+0x0/0x2a @ 1
[    2.524116] initcall software_node_init+0x0/0x2a returned 0 after 0 usecs
[    2.525114] calling  wakeup_sources_debugfs_init+0x0/0x23 @ 1
[    2.526172] initcall wakeup_sources_debugfs_init+0x0/0x23 returned 0 after 0 usecs
[    2.527113] calling  wakeup_sources_sysfs_init+0x0/0x2c @ 1
[    2.528123] initcall wakeup_sources_sysfs_init+0x0/0x2c returned 0 after 0 usecs
[    2.529113] calling  register_node_type+0x0/0x13 @ 1
[    2.530182] initcall register_node_type+0x0/0x13 returned 0 after 0 usecs
[    2.531114] calling  regmap_initcall+0x0/0xc @ 1
[    2.532150] initcall regmap_initcall+0x0/0xc returned 0 after 0 usecs
[    2.533129] calling  i2c_init+0x0/0xb3 @ 1
[    2.534176] initcall i2c_init+0x0/0xb3 returned 0 after 0 usecs
[    2.535117] calling  thermal_init+0x0/0xf2 @ 1
[    2.536143] thermal_sys: Registered thermal governor 'step_wise'
[    2.536144] thermal_sys: Registered thermal governor 'user_space'
[    2.537129] initcall thermal_init+0x0/0xf2 returned 0 after 976 usecs
[    2.539116] calling  init_menu+0x0/0xc @ 1
[    2.542242] cpuidle: using governor menu
[    2.547120] initcall init_menu+0x0/0xc returned 0 after 6835 usecs
[    2.555117] calling  pcc_init+0x0/0x4d @ 1
[    2.560117] initcall pcc_init+0x0/0x4d returned -19 after 0 usecs
[    2.567121] calling  amd_postcore_init+0x0/0x11e @ 1
[    2.574120] initcall amd_postcore_init+0x0/0x11e returned 0 after 0 usecs
[    2.582138] calling  bts_init+0x0/0xba @ 1
[    2.587117] initcall bts_init+0x0/0xba returned -19 after 0 usecs
[    2.595117] calling  pt_init+0x0/0x341 @ 1
[    2.600116] initcall pt_init+0x0/0x341 returned -19 after 0 usecs
[    2.608117] calling  boot_params_ksysfs_init+0x0/0x2ee @ 1
[    2.615149] initcall boot_params_ksysfs_init+0x0/0x2ee returned 0 after 0 usecs
[    2.624118] calling  sbf_init+0x0/0xea @ 1
[    2.630117] initcall sbf_init+0x0/0xea returned 0 after 0 usecs
[    2.635115] calling  arch_kdebugfs_init+0x0/0x219 @ 1
[    2.642467] initcall arch_kdebugfs_init+0x0/0x219 returned 0 after 0 usecs
[    2.651117] calling  intel_pconfig_init+0x0/0x85 @ 1
[    2.657115] initcall intel_pconfig_init+0x0/0x85 returned 0 after 0 usecs
[    2.665114] calling  mtrr_if_init+0x0/0x5d @ 1
[    2.671210] initcall mtrr_if_init+0x0/0x5d returned 0 after 0 usecs
[    2.679117] calling  activate_jump_labels+0x0/0x31 @ 1
[    2.684125] initcall activate_jump_labels+0x0/0x31 returned 0 after 0 usecs
[    2.693118] calling  ffh_cstate_init+0x0/0x29 @ 1
[    2.699120] initcall ffh_cstate_init+0x0/0x29 returned 0 after 0 usecs
[    2.706114] calling  activate_jump_labels+0x0/0x31 @ 1
[    2.713861] initcall activate_jump_labels+0x0/0x31 returned 0 after 976 usecs
[    2.722115] calling  kvm_alloc_cpumask+0x0/0x74 @ 1
[    2.729200] initcall kvm_alloc_cpumask+0x0/0x74 returned 0 after 0 usecs
[    2.737114] calling  kcmp_cookies_init+0x0/0x37 @ 1
[    2.741119] initcall kcmp_cookies_init+0x0/0x37 returned 0 after 0 usecs
[    2.749116] calling  cryptomgr_init+0x0/0xc @ 1
[    2.755155] initcall cryptomgr_init+0x0/0xc returned 0 after 0 usecs
[    2.763114] calling  acpi_pci_init+0x0/0x57 @ 1
[    2.770114] ACPI: bus type PCI registered
[    2.775114] initcall acpi_pci_init+0x0/0x57 returned 0 after 4882 usecs
[    2.783115] calling  dma_channel_table_init+0x0/0xd1 @ 1
[    2.789125] initcall dma_channel_table_init+0x0/0xd1 returned 0 after 0 usecs
[    2.798114] calling  dma_bus_init+0x0/0xdc @ 1
[    2.803448] initcall dma_bus_init+0x0/0xdc returned 0 after 976 usecs
[    2.812205] calling  iommu_dma_init+0x0/0x10 @ 1
[    2.818139] initcall iommu_dma_init+0x0/0x10 returned 0 after 0 usecs
[    2.826117] calling  dmi_id_init+0x0/0x37c @ 1
[    2.832463] initcall dmi_id_init+0x0/0x37c returned 0 after 0 usecs
[    2.842120] calling  pci_arch_init+0x0/0x71 @ 1
[    2.850494] PCI: MMCONFIG for domain 0000 [bus 00-ff] at [mem 0xb0000000-0xbfffffff] (base 0xb0000000)
[    2.864117] PCI: MMCONFIG at [mem 0xb0000000-0xbfffffff] reserved in E820
[    2.872143] PCI: Using configuration type 1 for base access
[    2.878163] initcall pci_arch_init+0x0/0x71 returned 0 after 29296 usecs
[    2.887141] calling  init_vdso+0x0/0x13 @ 1
[    2.892152] initcall init_vdso+0x0/0x13 returned 0 after 0 usecs
[    2.899115] calling  sysenter_setup+0x0/0x13 @ 1
[    2.904159] initcall sysenter_setup+0x0/0x13 returned 0 after 0 usecs
[    2.912115] calling  fixup_ht_bug+0x0/0xe5 @ 1
[    2.917115] initcall fixup_ht_bug+0x0/0xe5 returned 0 after 0 usecs
[    2.925115] calling  topology_init+0x0/0x88 @ 1
[    2.931213] initcall topology_init+0x0/0x88 returned 0 after 976 usecs
[    2.939114] calling  intel_epb_init+0x0/0x68 @ 1
[    2.943114] initcall intel_epb_init+0x0/0x68 returned -19 after 0 usecs
[    2.951114] calling  mtrr_init_finialize+0x0/0x3e @ 1
[    2.957133] initcall mtrr_init_finialize+0x0/0x3e returned 0 after 0 usecs
[    2.966116] calling  uid_cache_init+0x0/0x81 @ 1
[    2.972120] initcall uid_cache_init+0x0/0x81 returned 0 after 0 usecs
[    2.979115] calling  param_sysfs_init+0x0/0x1ba @ 1
[    3.006164] initcall param_sysfs_init+0x0/0x1ba returned 0 after 20507 usecs
[    3.014163] calling  user_namespace_sysctl_init+0x0/0x33 @ 1
[    3.022192] initcall user_namespace_sysctl_init+0x0/0x33 returned 0 after 0 usecs
[    3.031115] calling  proc_schedstat_init+0x0/0x24 @ 1
[    3.037119] initcall proc_schedstat_init+0x0/0x24 returned 0 after 0 usecs
[    3.045118] calling  pm_sysrq_init+0x0/0x18 @ 1
[    3.053346] initcall pm_sysrq_init+0x0/0x18 returned 0 after 976 usecs
[    3.064186] calling  create_proc_profile+0x0/0xd0 @ 1
[    3.071123] initcall create_proc_profile+0x0/0xd0 returned 0 after 0 usecs
[    3.080116] calling  time_ns_init+0x0/0x7 @ 1
[    3.085115] initcall time_ns_init+0x0/0x7 returned 0 after 0 usecs
[    3.092114] calling  crash_save_vmcoreinfo_init+0x0/0x722 @ 1
[    3.099425] initcall crash_save_vmcoreinfo_init+0x0/0x722 returned 0 after 0 usecs
[    3.108114] calling  crash_notes_memory_init+0x0/0x35 @ 1
[    3.114121] initcall crash_notes_memory_init+0x0/0x35 returned 0 after 0 usecs
[    3.123115] calling  cgroup_sysfs_init+0x0/0x13 @ 1
[    3.129296] initcall cgroup_sysfs_init+0x0/0x13 returned 0 after 0 usecs
[    3.137115] calling  cgroup_namespaces_init+0x0/0x7 @ 1
[    3.141115] initcall cgroup_namespaces_init+0x0/0x7 returned 0 after 0 usecs
[    3.149116] calling  init_optprobes+0x0/0x13 @ 1
[    3.154114] Kprobes globally optimized
[    3.161116] initcall init_optprobes+0x0/0x13 returned 0 after 6835 usecs
[    3.170116] calling  oom_init+0x0/0x2f @ 1
[    3.177277] initcall oom_init+0x0/0x2f returned 0 after 976 usecs
[    3.184118] calling  default_bdi_init+0x0/0xb3 @ 1
[    3.196819] initcall default_bdi_init+0x0/0xb3 returned 0 after 5859 usecs
[    3.206116] calling  percpu_enable_async+0x0/0xe @ 1
[    3.212117] initcall percpu_enable_async+0x0/0xe returned 0 after 0 usecs
[    3.220117] calling  kcompactd_init+0x0/0x8d @ 1
[    3.228392] initcall kcompactd_init+0x0/0x8d returned 0 after 1953 usecs
[    3.236260] calling  init_user_reserve+0x0/0x40 @ 1
[    3.242117] initcall init_user_reserve+0x0/0x40 returned 0 after 0 usecs
[    3.250116] calling  init_admin_reserve+0x0/0x40 @ 1
[    3.256115] initcall init_admin_reserve+0x0/0x40 returned 0 after 0 usecs
[    3.265118] calling  init_reserve_notifier+0x0/0x7 @ 1
[    3.271115] initcall init_reserve_notifier+0x0/0x7 returned 0 after 0 usecs
[    3.279117] calling  swap_init_sysfs+0x0/0x62 @ 1
[    3.285129] initcall swap_init_sysfs+0x0/0x62 returned 0 after 976 usecs
[    3.294117] calling  swapfile_init+0x0/0x94 @ 1
[    3.299117] initcall swapfile_init+0x0/0x94 returned 0 after 0 usecs
[    3.307115] calling  hugetlb_init+0x0/0x496 @ 1
[    3.313375] HugeTLB registered 2.00 MiB page size, pre-allocated 0 pages
[    3.322202] initcall hugetlb_init+0x0/0x496 returned 0 after 8789 usecs
[    3.330117] calling  io_wq_init+0x0/0x34 @ 1
[    3.335116] initcall io_wq_init+0x0/0x34 returned 0 after 0 usecs
[    3.342116] calling  seqiv_module_init+0x0/0xc @ 1
[    3.348116] initcall seqiv_module_init+0x0/0xc returned 0 after 0 usecs
[    3.357116] calling  echainiv_module_init+0x0/0xc @ 1
[    3.363117] initcall echainiv_module_init+0x0/0xc returned 0 after 0 usecs
[    3.371171] calling  rsa_init+0x0/0x50 @ 1
[    3.378471] cryptomgr_test (118) used greatest stack depth: 15504 bytes left
[    3.378328] initcall rsa_init+0x0/0x50 returned 0 after 976 usecs
[    3.394121] calling  crypto_cmac_module_init+0x0/0xc @ 1
[    3.401118] initcall crypto_cmac_module_init+0x0/0xc returned 0 after 0 usecs
[    3.409116] calling  hmac_module_init+0x0/0xc @ 1
[    3.415118] initcall hmac_module_init+0x0/0xc returned 0 after 0 usecs
[    3.423117] calling  crypto_null_mod_init+0x0/0x65 @ 1
[    3.437339] initcall crypto_null_mod_init+0x0/0x65 returned 0 after 7812 usecs
[    3.447119] calling  md5_mod_init+0x0/0xc @ 1
[    3.454245] initcall md5_mod_init+0x0/0xc returned 0 after 1953 usecs
[    3.464291] calling  sha256_generic_mod_init+0x0/0x11 @ 1
[    3.477322] initcall sha256_generic_mod_init+0x0/0x11 returned 0 after 3906 usecs
[    3.487120] calling  crypto_cbc_module_init+0x0/0xc @ 1
[    3.495135] initcall crypto_cbc_module_init+0x0/0xc returned 0 after 0 usecs
[    3.503116] calling  crypto_ctr_module_init+0x0/0x11 @ 1
[    3.508117] initcall crypto_ctr_module_init+0x0/0x11 returned 0 after 0 usecs
[    3.517118] calling  crypto_gcm_module_init+0x0/0x64 @ 1
[    3.526159] initcall crypto_gcm_module_init+0x0/0x64 returned 0 after 0 usecs
[    3.536124] calling  crypto_ccm_module_init+0x0/0x11 @ 1
[    3.543121] initcall crypto_ccm_module_init+0x0/0x11 returned 0 after 0 usecs
[    3.551131] calling  aes_init+0x0/0xc @ 1
[    3.558438] initcall aes_init+0x0/0xc returned 0 after 976 usecs
[    3.566117] calling  crc32c_mod_init+0x0/0xc @ 1
[    3.574118] initcall crc32c_mod_init+0x0/0xc returned 0 after 2929 usecs
[    3.582121] calling  crypto_authenc_module_init+0x0/0xc @ 1
[    3.589120] initcall crypto_authenc_module_init+0x0/0xc returned 0 after 0 usecs
[    3.598119] calling  crypto_authenc_esn_module_init+0x0/0xc @ 1
[    3.605118] initcall crypto_authenc_esn_module_init+0x0/0xc returned 0 after 0 usecs
[    3.615117] calling  drbg_init+0x0/0x7c @ 1
[    3.634161] initcall drbg_init+0x0/0x7c returned 0 after 13671 usecs
[    3.643127] calling  ghash_mod_init+0x0/0xc @ 1
[    3.652286] initcall ghash_mod_init+0x0/0xc returned 0 after 1953 usecs
[    3.662124] calling  init_bio+0x0/0x9a @ 1
[    3.670596] initcall init_bio+0x0/0x9a returned 0 after 3906 usecs
[    3.680120] calling  blk_settings_init+0x0/0x29 @ 1
[    3.687122] initcall blk_settings_init+0x0/0x29 returned 0 after 0 usecs
[    3.698120] calling  blk_ioc_init+0x0/0x29 @ 1
[    3.704119] initcall blk_ioc_init+0x0/0x29 returned 0 after 0 usecs
[    3.714120] calling  blk_mq_init+0x0/0xb9 @ 1
[    3.721119] initcall blk_mq_init+0x0/0xb9 returned 0 after 0 usecs
[    3.729124] calling  genhd_device_init+0x0/0x75 @ 1
[    3.742405] initcall genhd_device_init+0x0/0x75 returned 0 after 4882 usecs
[    3.750254] calling  pci_slot_init+0x0/0x40 @ 1
[    3.756200] initcall pci_slot_init+0x0/0x40 returned 0 after 0 usecs
[    3.763117] calling  fbmem_init+0x0/0xd8 @ 1
[    3.765136] initcall fbmem_init+0x0/0xd8 returned 0 after 1953 usecs
[    3.775118] calling  acpi_init+0x0/0x319 @ 1
[    3.781350] ACPI: Added _OSI(Module Device)
[    3.786110] ACPI: Added _OSI(Processor Device)
[    3.790114] ACPI: Added _OSI(3.0 _SCP Extensions)
[    3.794113] ACPI: Added _OSI(Processor Aggregator Device)
[    3.802115] ACPI: Added _OSI(Linux-Dell-Video)
[    3.807114] ACPI: Added _OSI(Linux-Lenovo-NV-HDMI-Audio)
[    3.814115] ACPI: Added _OSI(Linux-HPI-Hybrid-Graphics)
[    3.843937] ACPI: 1 ACPI AML tables successfully acquired and loaded
[    3.945107] ACPI: Interpreter enabled
[    3.954625] ACPI: (supports S0 S3 S4 S5)
[    3.961435] ACPI: Using IOAPIC for interrupt routing
[    3.974935] PCI: Using host bridge windows from ACPI; if necessary, use "pci=nocrs" and report a bug
[    3.987307] ACPI: Enabled 2 GPEs in block 00 to 3F
[    4.038236] ACPI: PCI Root Bridge [PCI0] (domain 0000 [bus 00-ff])
[    4.047882] acpi PNP0A08:00: _OSC: OS supports [ExtendedConfig ASPM ClockPM Segments MSI HPX-Type3]
[    4.062219] acpi PNP0A08:00: _OSC: platform does not support [LTR]
[    4.068213] acpi PNP0A08:00: _OSC: OS now controls [PME PCIeCapability]
[    4.083578] PCI host bridge to bus 0000:00
[    4.088293] pci_bus 0000:00: root bus resource [io  0x0000-0x0cf7 window]
[    4.099412] pci_bus 0000:00: root bus resource [io  0x0d00-0xffff window]
[    4.109118] pci_bus 0000:00: root bus resource [mem 0x000a0000-0x000bffff window]
[    4.122122] pci_bus 0000:00: root bus resource [mem 0x20000000-0xafffffff window]
[    4.132118] pci_bus 0000:00: root bus resource [mem 0xc0000000-0xfebfffff window]
[    4.142117] pci_bus 0000:00: root bus resource [mem 0x100000000-0x8ffffffff window]
[    4.151117] pci_bus 0000:00: root bus resource [bus 00-ff]
[    4.161107] pci 0000:00:00.0: calling  quirk_mmio_always_on+0x0/0x10 @ 1
[    4.168121] pci 0000:00:00.0: quirk_mmio_always_on+0x0/0x10 took 0 usecs
[    4.173303] pci 0000:00:00.0: [8086:29c0] type 00 class 0x060000
[    4.183107] pci 0000:00:00.0: calling  quirk_igfx_skip_te_disable+0x0/0x80 @ 1
[    4.190302] pci 0000:00:00.0: quirk_igfx_skip_te_disable+0x0/0x80 took 0 usecs
[    4.206012] pci 0000:00:01.0: [1234:1111] type 00 class 0x030000
[    4.226619] pci 0000:00:01.0: reg 0x10: [mem 0xfd000000-0xfdffffff pref]
[    4.255116] pci 0000:00:01.0: reg 0x18: [mem 0xfebf0000-0xfebf0fff]
[    4.311126] pci 0000:00:01.0: reg 0x30: [mem 0xfebe0000-0xfebeffff pref]
[    4.336125] pci 0000:00:01.0: calling  efifb_fixup_resources+0x0/0xf0 @ 1
[    4.346538] pci 0000:00:01.0: efifb_fixup_resources+0x0/0xf0 took 0 usecs
[    4.391114] pci 0000:00:1f.0: [8086:2918] type 00 class 0x060100
[    4.405832] pci 0000:00:1f.0: calling  quirk_ich7_lpc+0x0/0x60 @ 1
[    4.415113] pci 0000:00:1f.0: quirk: [io  0x0600-0x067f] claimed by ICH6 ACPI/GPIO/TCO
[    4.426598] pci 0000:00:1f.0: quirk_ich7_lpc+0x0/0x60 took 12695 usecs
[    4.435220] pci 0000:00:1f.0: calling  quirk_igfx_skip_te_disable+0x0/0x80 @ 1
[    4.445145] pci 0000:00:1f.0: quirk_igfx_skip_te_disable+0x0/0x80 took 0 usecs
[    4.458114] pci 0000:00:1f.2: [8086:2922] type 00 class 0x010601
[    4.477118] pci 0000:00:1f.2: reg 0x20: [io  0xc040-0xc05f]
[    4.486116] pci 0000:00:1f.2: reg 0x24: [mem 0xfebf1000-0xfebf1fff]
[    4.495324] pci 0000:00:1f.2: calling  quirk_igfx_skip_te_disable+0x0/0x80 @ 1
[    4.504121] pci 0000:00:1f.2: quirk_igfx_skip_te_disable+0x0/0x80 took 0 usecs
[    4.515633] pci 0000:00:1f.3: [8086:2930] type 00 class 0x0c0500
[    4.529510] pci 0000:00:1f.3: reg 0x20: [io  0x0700-0x073f]
[    4.538604] pci 0000:00:1f.3: calling  quirk_igfx_skip_te_disable+0x0/0x80 @ 1
[    4.547120] pci 0000:00:1f.3: quirk_igfx_skip_te_disable+0x0/0x80 took 0 usecs
[    4.559581] ACPI: PCI Interrupt Link [LNKA] (IRQs 5 *10 11)
[    4.567507] ACPI: PCI Interrupt Link [LNKB] (IRQs 5 *10 11)
[    4.576415] ACPI: PCI Interrupt Link [LNKC] (IRQs 5 10 *11)
[    4.583134] ACPI: PCI Interrupt Link [LNKD] (IRQs 5 10 *11)
[    4.591567] ACPI: PCI Interrupt Link [LNKE] (IRQs 5 *10 11)
[    4.599230] ACPI: PCI Interrupt Link [LNKF] (IRQs 5 *10 11)
[    4.607728] ACPI: PCI Interrupt Link [LNKG] (IRQs 5 10 *11)
[    4.616558] ACPI: PCI Interrupt Link [LNKH] (IRQs 5 10 *11)
[    4.624368] ACPI: PCI Interrupt Link [GSIA] (IRQs *16)
[    4.631128] ACPI: PCI Interrupt Link [GSIB] (IRQs *17)
[    4.637272] ACPI: PCI Interrupt Link [GSIC] (IRQs *18)
[    4.644127] ACPI: PCI Interrupt Link [GSID] (IRQs *19)
[    4.650176] ACPI: PCI Interrupt Link [GSIE] (IRQs *20)
[    4.658131] ACPI: PCI Interrupt Link [GSIF] (IRQs *21)
[    4.665553] ACPI: PCI Interrupt Link [GSIG] (IRQs *22)
[    4.675446] ACPI: PCI Interrupt Link [GSIH] (IRQs *23)
[    4.707808] initcall acpi_init+0x0/0x319 returned 0 after 904296 usecs
[    4.719452] calling  pnp_init+0x0/0xc @ 1
[    4.725710] initcall pnp_init+0x0/0xc returned 0 after 0 usecs
[    4.734122] calling  misc_init+0x0/0xbf @ 1
[    4.740812] initcall misc_init+0x0/0xbf returned 0 after 1953 usecs
[    4.749121] calling  iommu_subsys_init+0x0/0x4e @ 1
[    4.756892] iommu: Default domain type: Translated 
[    4.763123] initcall iommu_subsys_init+0x0/0x4e returned 0 after 6835 usecs
[    4.773206] calling  vga_arb_device_init+0x0/0x261 @ 1
[    4.794958] pci 0000:00:01.0: vgaarb: setting as boot VGA device
[    4.795107] pci 0000:00:01.0: vgaarb: VGA device added: decodes=io+mem,owns=io+mem,locks=none
[    4.818117] pci 0000:00:01.0: vgaarb: bridge control possible
[    4.826114] vgaarb: loaded
[    4.829119] initcall vga_arb_device_init+0x0/0x261 returned 0 after 45898 usecs
[    4.838204] calling  cn_init+0x0/0xf0 @ 1
[    4.844570] initcall cn_init+0x0/0xf0 returned 0 after 0 usecs
[    4.852117] calling  dma_buf_init+0x0/0xad @ 1
[    4.860674] initcall dma_buf_init+0x0/0xad returned 0 after 2929 usecs
[    4.871117] calling  init_scsi+0x0/0x79 @ 1
[    4.876860] SCSI subsystem initialized
[    4.882118] initcall init_scsi+0x0/0x79 returned 0 after 5859 usecs
[    4.890117] calling  ata_init+0x0/0x332 @ 1
[    4.899162] libata version 3.00 loaded.
[    4.903115] initcall ata_init+0x0/0x332 returned 0 after 7812 usecs
[    4.912116] calling  phy_init+0x0/0x250 @ 1
[    4.920525] initcall phy_init+0x0/0x250 returned 0 after 1953 usecs
[    4.928118] calling  init_pcmcia_cs+0x0/0x35 @ 1
[    4.934208] initcall init_pcmcia_cs+0x0/0x35 returned 0 after 0 usecs
[    4.942116] calling  usb_common_init+0x0/0x1c @ 1
[    4.946404] initcall usb_common_init+0x0/0x1c returned 0 after 976 usecs
[    4.957115] calling  usb_init+0x0/0x12e @ 1
[    4.963375] ACPI: bus type USB registered
[    4.973003] usbcore: registered new interface driver usbfs
[    4.980318] usbcore: registered new interface driver hub
[    4.987430] usbcore: registered new device driver usb
[    4.994122] initcall usb_init+0x0/0x12e returned 0 after 31250 usecs
[    5.002118] calling  serio_init+0x0/0x29 @ 1
[    5.008223] initcall serio_init+0x0/0x29 returned 0 after 0 usecs
[    5.016116] calling  input_init+0x0/0xf6 @ 1
[    5.022116] initcall input_init+0x0/0xf6 returned 0 after 0 usecs
[    5.030115] calling  rtc_init+0x0/0x4d @ 1
[    5.036268] initcall rtc_init+0x0/0x4d returned 0 after 0 usecs
[    5.044115] calling  pps_init+0x0/0xa9 @ 1
[    5.050131] pps_core: LinuxPPS API ver. 1 registered
[    5.057113] pps_core: Software ver. 5.3.6 - Copyright 2005-2007 Rodolfo Giometti <giometti@linux.it>
[    5.068458] initcall pps_init+0x0/0xa9 returned 0 after 19531 usecs
[    5.073119] calling  ptp_init+0x0/0x98 @ 1
[    5.077130] PTP clock support registered
[    5.080115] initcall ptp_init+0x0/0x98 returned 0 after 2929 usecs
[    5.086117] calling  power_supply_class_init+0x0/0x3f @ 1
[    5.096489] initcall power_supply_class_init+0x0/0x3f returned 0 after 0 usecs
[    5.106116] calling  hwmon_init+0x0/0x104 @ 1
[    5.112294] initcall hwmon_init+0x0/0x104 returned 0 after 0 usecs
[    5.118116] calling  md_init+0x0/0x16b @ 1
[    5.137354] initcall md_init+0x0/0x16b returned 0 after 13671 usecs
[    5.143122] calling  leds_init+0x0/0x3b @ 1
[    5.151319] initcall leds_init+0x0/0x3b returned 0 after 0 usecs
[    5.159121] calling  dmi_init+0x0/0x113 @ 1
[    5.166774] initcall dmi_init+0x0/0x113 returned 0 after 0 usecs
[    5.176132] calling  efisubsys_init+0x0/0x4e7 @ 1
[    5.182120] initcall efisubsys_init+0x0/0x4e7 returned 0 after 0 usecs
[    5.191294] calling  nvmem_init+0x0/0xc @ 1
[    5.196117] initcall nvmem_init+0x0/0xc returned 0 after 0 usecs
[    5.204120] calling  init_soundcore+0x0/0x33 @ 1
[    5.210137] initcall init_soundcore+0x0/0x33 returned 0 after 0 usecs
[    5.218117] calling  alsa_sound_init+0x0/0x8f @ 1
[    5.223432] Advanced Linux Sound Architecture Driver Initialized.
[    5.231121] initcall alsa_sound_init+0x0/0x8f returned 0 after 7812 usecs
[    5.239119] calling  alsa_seq_device_init+0x0/0x71 @ 1
[    5.245143] initcall alsa_seq_device_init+0x0/0x71 returned 0 after 0 usecs
[    5.254118] calling  hda_bus_init+0x0/0xc @ 1
[    5.258303] initcall hda_bus_init+0x0/0xc returned 0 after 0 usecs
[    5.268118] calling  proto_init+0x0/0xc @ 1
[    5.273205] initcall proto_init+0x0/0xc returned 0 after 0 usecs
[    5.281119] calling  net_dev_init+0x0/0x209 @ 1
[    5.288907] initcall net_dev_init+0x0/0x209 returned 0 after 1953 usecs
[    5.299120] calling  neigh_init+0x0/0x84 @ 1
[    5.306122] initcall neigh_init+0x0/0x84 returned 0 after 0 usecs
[    5.315120] calling  fib_notifier_init+0x0/0xc @ 1
[    5.322146] initcall fib_notifier_init+0x0/0xc returned 0 after 0 usecs
[    5.332121] calling  fib_rules_init+0x0/0xab @ 1
[    5.339236] initcall fib_rules_init+0x0/0xab returned 0 after 0 usecs
[    5.349123] calling  pktsched_init+0x0/0x10e @ 1
[    5.356209] initcall pktsched_init+0x0/0x10e returned 0 after 0 usecs
[    5.364119] calling  tc_filter_init+0x0/0xfa @ 1
[    5.369371] initcall tc_filter_init+0x0/0xfa returned 0 after 0 usecs
[    5.377117] calling  tc_action_init+0x0/0x54 @ 1
[    5.383117] initcall tc_action_init+0x0/0x54 returned 0 after 0 usecs
[    5.390115] calling  ethnl_init+0x0/0x52 @ 1
[    5.395208] initcall ethnl_init+0x0/0x52 returned 0 after 0 usecs
[    5.402116] calling  nexthop_init+0x0/0xd8 @ 1
[    5.408230] initcall nexthop_init+0x0/0xd8 returned 0 after 0 usecs
[    5.416138] calling  cipso_v4_init+0x0/0x5d @ 1
[    5.422172] initcall cipso_v4_init+0x0/0x5d returned 0 after 0 usecs
[    5.429118] calling  ieee80211_init+0x0/0x24 @ 1
[    5.435378] initcall ieee80211_init+0x0/0x24 returned 0 after 0 usecs
[    5.443116] calling  netlbl_init+0x0/0x78 @ 1
[    5.448129] NetLabel: Initializing
[    5.452111] NetLabel:  domain hash size = 128
[    5.457110] NetLabel:  protocols = UNLABELED CIPSOv4 CALIPSO
[    5.464444] NetLabel:  unlabeled traffic allowed by default
[    5.471118] initcall netlbl_init+0x0/0x78 returned 0 after 22460 usecs
[    5.478116] calling  rfkill_init+0x0/0x111 @ 1
[    5.484408] initcall rfkill_init+0x0/0x111 returned 0 after 0 usecs
[    5.492116] calling  pci_subsys_init+0x0/0x66 @ 1
[    5.497202] PCI: Using ACPI for IRQ routing
[    6.200107] PCI: pci_cache_line_size set to 64 bytes
[    6.209072] e820: reserve RAM buffer [mem 0x0009fc00-0x0009ffff]
[    6.216305] e820: reserve RAM buffer [mem 0x1ffdf000-0x1fffffff]
[    6.223662] initcall pci_subsys_init+0x0/0x66 returned 0 after 708984 usecs
[    6.234633] calling  nmi_warning_debugfs+0x0/0x26 @ 1
[    6.241300] initcall nmi_warning_debugfs+0x0/0x26 returned 0 after 976 usecs
[    6.250120] calling  save_microcode_in_initrd+0x0/0x51 @ 1
[    6.257377] initcall save_microcode_in_initrd+0x0/0x51 returned 0 after 0 usecs
[    6.266129] calling  hpet_late_init+0x0/0x207 @ 1
[    6.272493] hpet: 3 channels of 0 reserved for per-cpu timers
[    6.279550] hpet0: at MMIO 0xfed00000, IRQs 2, 8, 0
[    6.286113] hpet0: 3 comparators, 64-bit 100.000000 MHz counter
[    6.297119] initcall hpet_late_init+0x0/0x207 returned 0 after 24414 usecs
[    6.304118] calling  init_amd_nbs+0x0/0x11c @ 1
[    6.310321] initcall init_amd_nbs+0x0/0x11c returned 0 after 0 usecs
[    6.318130] calling  clocksource_done_booting+0x0/0x41 @ 1
[    6.328672] clocksource: Switched to clocksource kvm-clock
[    6.335988] initcall clocksource_done_booting+0x0/0x41 returned 0 after 10617 usecs
[    6.345253] calling  tracer_init_tracefs+0x0/0x242 @ 1
[    6.549933] initcall tracer_init_tracefs+0x0/0x242 returned 0 after 193724 usecs
[    6.558454] calling  init_trace_printk_function_export+0x0/0x2c @ 1
[    6.565783] initcall init_trace_printk_function_export+0x0/0x2c returned 0 after 7 usecs
[    6.575287] calling  init_kprobe_trace+0x0/0x1a9 @ 1
[    6.581071] initcall init_kprobe_trace+0x0/0x1a9 returned 0 after 26 usecs
[    6.588828] calling  init_dynamic_event+0x0/0x3d @ 1
[    6.594632] initcall init_dynamic_event+0x0/0x3d returned 0 after 4 usecs
[    6.602457] calling  init_uprobe_trace+0x0/0x5c @ 1
[    6.608257] initcall init_uprobe_trace+0x0/0x5c returned 0 after 52 usecs
[    6.615958] calling  init_pipe_fs+0x0/0x44 @ 1
[    6.621463] initcall init_pipe_fs+0x0/0x44 returned 0 after 303 usecs
[    6.628849] calling  inotify_user_setup+0x0/0x47 @ 1
[    6.634638] initcall inotify_user_setup+0x0/0x47 returned 0 after 73 usecs
[    6.643242] calling  eventpoll_init+0x0/0xd4 @ 1
[    6.648599] initcall eventpoll_init+0x0/0xd4 returned 0 after 53 usecs
[    6.655940] calling  anon_inode_init+0x0/0x58 @ 1
[    6.661455] initcall anon_inode_init+0x0/0x58 returned 0 after 72 usecs
[    6.669073] calling  proc_locks_init+0x0/0x27 @ 1
[    6.674822] initcall proc_locks_init+0x0/0x27 returned 0 after 318 usecs
[    6.682612] calling  iomap_init+0x0/0x1b @ 1
[    6.693429] initcall iomap_init+0x0/0x1b returned 0 after 5766 usecs
[    6.700699] calling  dquot_init+0x0/0x106 @ 1
[    6.705744] VFS: Disk quotas dquot_6.6.0
[    6.711880] VFS: Dquot-cache hash table entries: 512 (order 0, 4096 bytes)
[    6.722012] initcall dquot_init+0x0/0x106 returned 0 after 15878 usecs
[    6.731510] calling  quota_init+0x0/0x23 @ 1
[    6.738306] initcall quota_init+0x0/0x23 returned 0 after 455 usecs
[    6.747468] calling  proc_cmdline_init+0x0/0x21 @ 1
[    6.754873] initcall proc_cmdline_init+0x0/0x21 returned 0 after 20 usecs
[    6.764811] calling  proc_consoles_init+0x0/0x24 @ 1
[    6.772262] initcall proc_consoles_init+0x0/0x24 returned 0 after 19 usecs
[    6.782312] calling  proc_cpuinfo_init+0x0/0x1e @ 1
[    6.789617] initcall proc_cpuinfo_init+0x0/0x1e returned 0 after 4 usecs
[    6.799402] calling  proc_devices_init+0x0/0x24 @ 1
[    6.805445] initcall proc_devices_init+0x0/0x24 returned 0 after 24 usecs
[    6.813233] calling  proc_interrupts_init+0x0/0x24 @ 1
[    6.819302] initcall proc_interrupts_init+0x0/0x24 returned 0 after 3 usecs
[    6.827452] calling  proc_loadavg_init+0x0/0x21 @ 1
[    6.833263] initcall proc_loadavg_init+0x0/0x21 returned 0 after 3 usecs
[    6.840937] calling  proc_meminfo_init+0x0/0x21 @ 1
[    6.846694] initcall proc_meminfo_init+0x0/0x21 returned 0 after 3 usecs
[    6.855941] calling  proc_stat_init+0x0/0x1e @ 1
[    6.861665] initcall proc_stat_init+0x0/0x1e returned 0 after 6 usecs
[    6.870222] calling  proc_uptime_init+0x0/0x21 @ 1
[    6.877517] initcall proc_uptime_init+0x0/0x21 returned 0 after 5 usecs
[    6.885333] calling  proc_version_init+0x0/0x21 @ 1
[    6.891552] initcall proc_version_init+0x0/0x21 returned 0 after 4 usecs
[    6.901498] calling  proc_softirqs_init+0x0/0x21 @ 1
[    6.907286] initcall proc_softirqs_init+0x0/0x21 returned 0 after 2 usecs
[    6.915265] calling  proc_kcore_init+0x0/0xea @ 1
[    6.922423] initcall proc_kcore_init+0x0/0xea returned 0 after 54 usecs
[    6.930497] calling  vmcore_init+0x0/0x578 @ 1
[    6.939079] initcall vmcore_init+0x0/0x578 returned 0 after 799 usecs
[    6.947120] calling  proc_kmsg_init+0x0/0x21 @ 1
[    6.953463] initcall proc_kmsg_init+0x0/0x21 returned 0 after 4 usecs
[    6.962940] calling  proc_page_init+0x0/0x3b @ 1
[    6.970055] initcall proc_page_init+0x0/0x3b returned 0 after 5 usecs
[    6.978350] calling  init_ramfs_fs+0x0/0xc @ 1
[    6.983558] initcall init_ramfs_fs+0x0/0xc returned 0 after 31 usecs
[    6.990803] calling  init_hugetlbfs_fs+0x0/0xf6 @ 1
[    6.996760] initcall init_hugetlbfs_fs+0x0/0xf6 returned 0 after 191 usecs
[    7.004704] calling  blk_scsi_ioctl_init+0x0/0x2a5 @ 1
[    7.010548] initcall blk_scsi_ioctl_init+0x0/0x2a5 returned 0 after 26 usecs
[    7.018505] calling  acpi_event_init+0x0/0x2c @ 1
[    7.024016] initcall acpi_event_init+0x0/0x2c returned 0 after 53 usecs
[    7.031555] calling  pnp_system_init+0x0/0xc @ 1
[    7.037553] initcall pnp_system_init+0x0/0xc returned 0 after 509 usecs
[    7.045106] calling  pnpacpi_init+0x0/0x69 @ 1
[    7.050350] pnp: PnP ACPI init
[    7.056012] pnp 00:00: Plug and Play ACPI device, IDs PNP0303 (active)
[    7.063570] pnp 00:01: Plug and Play ACPI device, IDs PNP0f13 (active)
[    7.071357] pnp 00:02: Plug and Play ACPI device, IDs PNP0400 (active)
[    7.078934] pnp 00:03: Plug and Play ACPI device, IDs PNP0501 (active)
[    7.086457] pnp 00:04: Plug and Play ACPI device, IDs PNP0b00 (active)
[    7.094042] system 00:05: [mem 0xb0000000-0xbfffffff window] has been reserved
[    7.102222] system 00:05: Plug and Play ACPI device, IDs PNP0c01 (active)
[    7.111635] pnp: PnP ACPI: found 6 devices
[    7.116359] initcall pnpacpi_init+0x0/0x69 returned 0 after 64478 usecs
[    7.124214] calling  chr_dev_init+0x0/0x14d @ 1
[    7.190869] initcall chr_dev_init+0x0/0x14d returned 0 after 59840 usecs
[    7.198643] calling  firmware_class_init+0x0/0xe7 @ 1
[    7.204734] initcall firmware_class_init+0x0/0xe7 returned 0 after 129 usecs
[    7.212947] calling  init_pcmcia_bus+0x0/0x5b @ 1
[    7.218395] initcall init_pcmcia_bus+0x0/0x5b returned 0 after 118 usecs
[    7.225879] calling  init_acpi_pm_clocksource+0x0/0xda @ 1
[    7.237732] clocksource: acpi_pm: mask: 0xffffff max_cycles: 0xffffff, max_idle_ns: 2085701024 ns
[    7.247608] initcall init_acpi_pm_clocksource+0x0/0xda returned 0 after 14890 usecs
[    7.256335] calling  sysctl_core_init+0x0/0x26 @ 1
[    7.262076] initcall sysctl_core_init+0x0/0x26 returned 0 after 239 usecs
[    7.269714] calling  eth_offload_init+0x0/0x13 @ 1
[    7.275256] initcall eth_offload_init+0x0/0x13 returned 0 after 13 usecs
[    7.282843] calling  ipv4_offload_init+0x0/0x73 @ 1
[    7.288480] initcall ipv4_offload_init+0x0/0x73 returned 0 after 75 usecs
[    7.296374] calling  inet_init+0x0/0x276 @ 1
[    7.301529] NET: Registered protocol family 2
[    7.307079] IP idents hash table entries: 8192 (order: 4, 65536 bytes, linear)
[    7.320975] tcp_listen_portaddr_hash hash table entries: 256 (order: 0, 4096 bytes, linear)
[    7.330539] TCP established hash table entries: 4096 (order: 3, 32768 bytes, linear)
[    7.339459] TCP bind hash table entries: 4096 (order: 4, 65536 bytes, linear)
[    7.347632] TCP: Hash tables configured (established 4096 bind 4096)
[    7.355080] UDP hash table entries: 256 (order: 1, 8192 bytes, linear)
[    7.362615] UDP-Lite hash table entries: 256 (order: 1, 8192 bytes, linear)
[    7.370827] initcall inet_init+0x0/0x276 returned 0 after 67872 usecs
[    7.378168] calling  af_unix_init+0x0/0x4d @ 1
[    7.383429] NET: Registered protocol family 1
[    7.388555] initcall af_unix_init+0x0/0x4d returned 0 after 5021 usecs
[    7.396005] calling  ipv6_offload_init+0x0/0x7e @ 1
[    7.402007] initcall ipv6_offload_init+0x0/0x7e returned 0 after 92 usecs
[    7.409697] calling  init_sunrpc+0x0/0x65 @ 1
[    7.421350] RPC: Registered named UNIX socket transport module.
[    7.428359] RPC: Registered udp transport module.
[    7.433944] RPC: Registered tcp transport module.
[    7.439447] RPC: Registered tcp NFSv4.1 backchannel transport module.
[    7.446860] initcall init_sunrpc+0x0/0x65 returned 0 after 31385 usecs
[    7.454796] calling  cfg80211_init+0x0/0xc5 @ 1
[    7.463985] initcall cfg80211_init+0x0/0xc5 returned 0 after 2449 usecs
[    7.473866] calling  pcibios_assign_resources+0x0/0xbf @ 1
[    7.482302] pci_bus 0000:00: resource 4 [io  0x0000-0x0cf7 window]
[    7.490480] pci_bus 0000:00: resource 5 [io  0x0d00-0xffff window]
[    7.497749] pci_bus 0000:00: resource 6 [mem 0x000a0000-0x000bffff window]
[    7.510931] pci_bus 0000:00: resource 7 [mem 0x20000000-0xafffffff window]
[    7.519062] pci_bus 0000:00: resource 8 [mem 0xc0000000-0xfebfffff window]
[    7.527248] pci_bus 0000:00: resource 9 [mem 0x100000000-0x8ffffffff window]
[    7.537199] initcall pcibios_assign_resources+0x0/0xbf returned 0 after 53379 usecs
[    7.546513] calling  pci_apply_final_quirks+0x0/0x124 @ 1
[    7.553590] pci 0000:00:01.0: calling  pci_fixup_video+0x0/0xe0 @ 1
[    7.563613] pci 0000:00:01.0: Video device with shadowed ROM at [mem 0x000c0000-0x000dffff]
[    7.572981] pci 0000:00:01.0: pci_fixup_video+0x0/0xe0 took 9527 usecs
[    7.580864] PCI: CLS 0 bytes, default 64
[    7.585485] initcall pci_apply_final_quirks+0x0/0x124 returned 0 after 31808 usecs
[    7.594052] calling  acpi_reserve_resources+0x0/0xea @ 1
[    7.602359] initcall acpi_reserve_resources+0x0/0xea returned 0 after 96 usecs
[    7.610604] calling  populate_rootfs+0x0/0x102 @ 1
[    7.621573] initcall populate_rootfs+0x0/0x102 returned 0 after 5195 usecs
[    7.631948] calling  pci_iommu_init+0x0/0x3e @ 1
[    7.638914] initcall pci_iommu_init+0x0/0x3e returned 0 after 131 usecs
[    7.649891] calling  ia32_binfmt_init+0x0/0x13 @ 1
[    7.656933] initcall ia32_binfmt_init+0x0/0x13 returned 0 after 1211 usecs
[    7.664901] calling  rapl_pmu_init+0x0/0x267 @ 1
[    7.670508] initcall rapl_pmu_init+0x0/0x267 returned -19 after 58 usecs
[    7.678418] calling  amd_uncore_init+0x0/0x310 @ 1
[    7.684000] initcall amd_uncore_init+0x0/0x310 returned -19 after 0 usecs
[    7.692153] calling  amd_ibs_init+0x0/0x243 @ 1
[    7.697662] initcall amd_ibs_init+0x0/0x243 returned -19 after 0 usecs
[    7.706745] calling  amd_iommu_pc_init+0x0/0x215 @ 1
[    7.713233] initcall amd_iommu_pc_init+0x0/0x215 returned -19 after 123 usecs
[    7.722722] calling  msr_init+0x0/0x55 @ 1
[    7.729340] initcall msr_init+0x0/0x55 returned 0 after 333 usecs
[    7.738568] calling  intel_uncore_init+0x0/0x36f @ 1
[    7.744836] initcall intel_uncore_init+0x0/0x36f returned -19 after 33 usecs
[    7.753689] calling  cstate_pmu_init+0x0/0x1a1 @ 1
[    7.759594] initcall cstate_pmu_init+0x0/0x1a1 returned -19 after 0 usecs
[    7.768055] calling  register_kernel_offset_dumper+0x0/0x1a @ 1
[    7.775290] initcall register_kernel_offset_dumper+0x0/0x1a returned 0 after 57 usecs
[    7.784706] calling  i8259A_init_ops+0x0/0x20 @ 1
[    7.790385] initcall i8259A_init_ops+0x0/0x20 returned 0 after 62 usecs
[    7.798303] calling  init_tsc_clocksource+0x0/0xa4 @ 1
[    7.804815] clocksource: tsc: mask: 0xffffffffffffffff max_cycles: 0x39a85afc727, max_idle_ns: 881590685098 ns
[    7.816898] initcall init_tsc_clocksource+0x0/0xa4 returned 0 after 11873 usecs
[    7.825712] calling  add_rtc_cmos+0x0/0xb0 @ 1
[    7.831294] initcall add_rtc_cmos+0x0/0xb0 returned 0 after 115 usecs
[    7.839160] calling  i8237A_init_ops+0x0/0x3a @ 1
[    7.845370] initcall i8237A_init_ops+0x0/0x3a returned 0 after 101 usecs
[    7.853647] calling  umwait_init+0x0/0x94 @ 1
[    7.859005] initcall umwait_init+0x0/0x94 returned -19 after 23 usecs
[    7.867376] calling  thermal_throttle_init_device+0x0/0x3d @ 1
[    7.875688] initcall thermal_throttle_init_device+0x0/0x3d returned 0 after 43 usecs
[    7.885348] calling  msr_init+0x0/0xd7 @ 1
[    7.927453] initcall msr_init+0x0/0xd7 returned 0 after 36261 usecs
[    7.935335] calling  cpuid_init+0x0/0xd7 @ 1
[    7.964373] initcall cpuid_init+0x0/0xd7 returned 0 after 23105 usecs
[    7.972270] calling  ioapic_init_ops+0x0/0x13 @ 1
[    7.977807] initcall ioapic_init_ops+0x0/0x13 returned 0 after 21 usecs
[    7.985503] calling  add_pcspkr+0x0/0x6c @ 1
[    7.990812] initcall add_pcspkr+0x0/0x6c returned 0 after 331 usecs
[    7.998400] calling  start_periodic_check_for_corruption+0x0/0x30 @ 1
[    8.006051] check: Scanning for low memory corruption every 60 seconds
[    8.013621] initcall start_periodic_check_for_corruption+0x0/0x30 returned 0 after 7424 usecs
[    8.024730] calling  sysfb_init+0x0/0x9c @ 1
[    8.031543] initcall sysfb_init+0x0/0x9c returned 0 after 217 usecs
[    8.040920] calling  audit_classes_init+0x0/0xae @ 1
[    8.048581] initcall audit_classes_init+0x0/0xae returned 0 after 39 usecs
[    8.056765] calling  iosf_mbi_init+0x0/0x24 @ 1
[    8.062451] initcall iosf_mbi_init+0x0/0x24 returned 0 after 348 usecs
[    8.070275] calling  proc_execdomains_init+0x0/0x21 @ 1
[    8.076695] initcall proc_execdomains_init+0x0/0x21 returned 0 after 172 usecs
[    8.085609] calling  register_warn_debugfs+0x0/0x23 @ 1
[    8.092330] initcall register_warn_debugfs+0x0/0x23 returned 0 after 274 usecs
[    8.100949] calling  cpuhp_sysfs_init+0x0/0x79 @ 1
[    8.106844] initcall cpuhp_sysfs_init+0x0/0x79 returned 0 after 225 usecs
[    8.114928] calling  ioresources_init+0x0/0x49 @ 1
[    8.120836] initcall ioresources_init+0x0/0x49 returned 0 after 27 usecs
[    8.128604] calling  snapshot_device_init+0x0/0xc @ 1
[    8.136697] initcall snapshot_device_init+0x0/0xc returned 0 after 2061 usecs
[    8.145970] calling  irq_pm_init_ops+0x0/0x13 @ 1
[    8.152615] initcall irq_pm_init_ops+0x0/0x13 returned 0 after 49 usecs
[    8.161309] calling  rcu_torture_init+0x0/0x9a6 @ 1
[    8.167362] rcu-torture:--- Start of test: nreaders=15 nfakewriters=4 stat_interval=15 verbose=1 test_no_idle_hz=1 shuffle_interval=3 stutter=5 irqreader=1 fqs_duration=0 fqs_holdoff=0 fqs_stutter=3 test_boost=1/0 test_boost_interval=7 test_boost_duration=4 shutdown_secs=1800 stall_cpu=0 stall_cpu_holdoff=10 stall_cpu_irqsoff=0 stall_cpu_block=0 n_barrier_cbs=4 onoff_interval=1000 onoff_holdoff=30 read_exit_delay=13 read_exit_burst=16
[    8.211504] rcu:  Start-test grace-period state: g-1020 f0x0
[    8.218929] rcu-torture: Creating rcu_torture_writer task
[    8.229333] rcu-torture: Creating rcu_torture_fakewriter task
[    8.229558] rcu-torture: rcu_torture_writer task started
[    8.238583] rcu-torture: Creating rcu_torture_fakewriter task
[    8.238804] rcu-torture: rcu_torture_fakewriter task started
[    8.242963] rcu-torture: GP expediting controlled from boot/sysfs for rcu.
[    8.242966] rcu_torture_writer: Testing conditional GPs.
[    8.251791] rcu-torture: Creating rcu_torture_fakewriter task
[    8.252107] rcu-torture: rcu_torture_fakewriter task started
[    8.257017] rcu_torture_writer: Testing expedited GPs.
[    8.267249] rcu-torture: Creating rcu_torture_fakewriter task
[    8.267636] rcu-torture: rcu_torture_fakewriter task started
[    8.271994] rcu_torture_writer: Testing asynchronous GPs.
[    8.280867] rcu-torture: Creating rcu_torture_reader task
[    8.281055] rcu-torture: rcu_torture_fakewriter task started
[    8.285816] rcu_torture_writer: Testing normal GPs.
[    8.293567] rcu-torture: Creating rcu_torture_reader task
[    8.293924] rcu-torture: rcu_torture_reader task started
[    8.351462] rcu-torture: Creating rcu_torture_reader task
[    8.352316] rcu-torture: rcu_torture_reader task started
[    8.360660] rcu-torture: Creating rcu_torture_reader task
[    8.360966] rcu-torture: rcu_torture_reader task started
[    8.381087] rcu-torture: Creating rcu_torture_reader task
[    8.381424] rcu-torture: rcu_torture_reader task started
[    8.390069] rcu-torture: Creating rcu_torture_reader task
[    8.390117] rcu-torture: rcu_torture_reader task started
[    8.410617] rcu-torture: Creating rcu_torture_reader task
[    8.410902] rcu-torture: rcu_torture_reader task started
[    8.420472] rcu-torture: Creating rcu_torture_reader task
[    8.420768] rcu-torture: rcu_torture_reader task started
[    8.440986] rcu-torture: Creating rcu_torture_reader task
[    8.441004] rcu-torture: rcu_torture_reader task started
[    8.448706] rcu-torture: Creating rcu_torture_reader task
[    8.448735] rcu-torture: rcu_torture_reader task started
[    8.475379] rcu-torture: Creating rcu_torture_reader task
[    8.475403] rcu-torture: rcu_torture_reader task started
[    8.493005] rcu-torture: Creating rcu_torture_reader task
[    8.493037] rcu-torture: rcu_torture_reader task started
[    8.500929] rcu-torture: Creating rcu_torture_reader task
[    8.500987] rcu-torture: rcu_torture_reader task started
[    8.524707] rcu-torture: Creating rcu_torture_reader task
[    8.525290] rcu-torture: rcu_torture_reader task started
[    8.533837] rcu-torture: Creating rcu_torture_reader task
[    8.533886] rcu-torture: rcu_torture_reader task started
[    8.556493] rcu-torture: rcu_torture_reader task started
[    8.556732] rcu-torture: Creating rcu_torture_stats task
[    8.576868] rcu-torture: Creating torture_shuffle task
[    8.576904] rcu-torture: rcu_torture_stats task started
[    8.591516] rcu-torture: Creating torture_stutter task
[    8.591569] rcu-torture: torture_shuffle task started
[    8.605073] rcu-torture: Creating torture_shutdown task
[    8.605105] rcu-torture: torture_stutter task started
[    8.618668] rcu-torture: Creating torture_onoff task
[    8.618784] rcu-torture: torture_shutdown task started
[    8.627122] rcu-torture: torture_onoff task started
[    8.627359] rcu-torture: Creating rcu_torture_fwd_prog task
[    8.630393] rcu-torture: rcu_torture_fwd_progress task started
[    8.630514] rcu-torture: Creating rcu_torture_barrier_cbs task
[    8.631377] rcu-torture: Creating rcu_torture_barrier_cbs task
[    8.631388] rcu-torture: rcu_torture_barrier_cbs task started
[    8.632056] rcu-torture:torture_shutdown task: 1799973 ms remaining
[    8.635476] rcu-torture: Creating rcu_torture_barrier_cbs task
[    8.635508] rcu-torture: rcu_torture_barrier_cbs task started
[    8.640014] rcu-torture: torture_onoff begin holdoff
[    8.705796] rcu-torture: Creating rcu_torture_barrier_cbs task
[    8.705840] rcu-torture: rcu_torture_barrier_cbs task started
[    8.716259] rcu-torture: Creating rcu_torture_barrier task
[    8.716408] rcu-torture: rcu_torture_barrier_cbs task started
[    8.737797] rcu-torture: Creating rcu_torture_read_exit task
[    8.738430] rcu-torture: rcu_torture_barrier task starting
[    8.746590] rcu-torture: rcu_torture_read_exit: Start of test
[    8.746622] initcall rcu_torture_init+0x0/0x9a6 returned 0 after 565801 usecs
[    8.746626] calling  timekeeping_init_ops+0x0/0x13 @ 1
[    8.746643] initcall timekeeping_init_ops+0x0/0x13 returned 0 after 13 usecs
[    8.746644] calling  init_clocksource_sysfs+0x0/0x23 @ 1
[    8.747224] initcall init_clocksource_sysfs+0x0/0x23 returned 0 after 915 usecs
[    8.747224] calling  init_timer_list_procfs+0x0/0x31 @ 1
[    8.747224] initcall init_timer_list_procfs+0x0/0x31 returned 0 after 19 usecs
[    8.747224] calling  alarmtimer_init+0x0/0xc7 @ 1
[    8.747224] initcall alarmtimer_init+0x0/0xc7 returned 0 after 244 usecs
[    8.747224] calling  init_posix_timers+0x0/0x29 @ 1
[    8.747224] initcall init_posix_timers+0x0/0x29 returned 0 after 27 usecs
[    8.747224] calling  clockevents_init_sysfs+0x0/0xbf @ 1
[    8.747224] initcall clockevents_init_sysfs+0x0/0xbf returned 0 after 966 usecs
[    8.747224] calling  proc_dma_init+0x0/0x21 @ 1
[    8.747224] initcall proc_dma_init+0x0/0x21 returned 0 after 14 usecs
[    8.747224] calling  proc_modules_init+0x0/0x1e @ 1
[    8.747224] initcall proc_modules_init+0x0/0x1e returned 0 after 1 usecs
[    8.747224] calling  kallsyms_init+0x0/0x21 @ 1
[    8.747224] initcall kallsyms_init+0x0/0x21 returned 0 after 1 usecs
[    8.747224] calling  pid_namespaces_init+0x0/0x2c @ 1
[    8.747224] initcall pid_namespaces_init+0x0/0x2c returned 0 after 175 usecs
[    8.747224] calling  audit_watch_init+0x0/0x37 @ 1
[    8.747224] initcall audit_watch_init+0x0/0x37 returned 0 after 22 usecs
[    8.747224] calling  audit_fsnotify_init+0x0/0x37 @ 1
[    8.747224] initcall audit_fsnotify_init+0x0/0x37 returned 0 after 0 usecs
[    8.747224] calling  audit_tree_init+0x0/0x6d @ 1
[    8.747224] initcall audit_tree_init+0x0/0x6d returned 0 after 1 usecs
[    8.747224] calling  seccomp_sysctl_init+0x0/0x2b @ 1
[    8.747224] initcall seccomp_sysctl_init+0x0/0x2b returned 0 after 6 usecs
[    8.747224] calling  utsname_sysctl_init+0x0/0x13 @ 1
[    8.747224] initcall utsname_sysctl_init+0x0/0x13 returned 0 after 155 usecs
[    8.747224] calling  init_tracepoints+0x0/0x27 @ 1
[    8.747224] initcall init_tracepoints+0x0/0x27 returned 0 after 137 usecs
[    8.747224] calling  init_blk_tracer+0x0/0x50 @ 1
[    8.747224] initcall init_blk_tracer+0x0/0x50 returned 0 after 1176 usecs
[    8.747224] calling  perf_event_sysfs_init+0x0/0x81 @ 1
[    8.747224] initcall perf_event_sysfs_init+0x0/0x81 returned 0 after 438 usecs
[    8.747224] calling  system_trusted_keyring_init+0x0/0x60 @ 1
[    8.747224] Initialise system trusted keyrings
[    8.747224] initcall system_trusted_keyring_init+0x0/0x60 returned 0 after 116 usecs
[    8.747224] calling  kswapd_init+0x0/0x5c @ 1
[    8.752973] initcall kswapd_init+0x0/0x5c returned 0 after 1627 usecs
[    8.752976] calling  extfrag_debug_init+0x0/0x54 @ 1
[    8.753039] initcall extfrag_debug_init+0x0/0x54 returned 0 after 59 usecs
[    8.753040] calling  mm_compute_batch_init+0x0/0x12 @ 1
[    8.753043] initcall mm_compute_batch_init+0x0/0x12 returned 0 after 0 usecs
[    8.753045] calling  slab_proc_init+0x0/0x21 @ 1
[    8.753116] initcall slab_proc_init+0x0/0x21 returned 0 after 67 usecs
[    8.753118] calling  workingset_init+0x0/0x8c @ 1
[    8.753187] workingset: timestamp_bits=56 max_order=17 bucket_order=0
[    8.753503] initcall workingset_init+0x0/0x8c returned 0 after 372 usecs
[    8.753505] calling  proc_vmalloc_init+0x0/0x32 @ 1
[    8.753525] initcall proc_vmalloc_init+0x0/0x32 returned 0 after 17 usecs
[    8.753528] calling  procswaps_init+0x0/0x1e @ 1
[    8.753562] initcall procswaps_init+0x0/0x1e returned 0 after 31 usecs
[    8.753563] calling  slab_sysfs_init+0x0/0xea @ 1
[    8.754226] initcall slab_sysfs_init+0x0/0xea returned 0 after 4203 usecs
[    9.241306] calling  fcntl_init+0x0/0x29 @ 1
[    9.249757] initcall fcntl_init+0x0/0x29 returned 0 after 12 usecs
[    9.262430] calling  proc_filesystems_init+0x0/0x21 @ 1
[    9.273774] initcall proc_filesystems_init+0x0/0x21 returned 0 after 5 usecs
[    9.284835] calling  start_dirtytime_writeback+0x0/0x29 @ 1
[    9.293192] initcall start_dirtytime_writeback+0x0/0x29 returned 0 after 2 usecs
[    9.304722] calling  blkdev_init+0x0/0x1b @ 1
[    9.311832] initcall blkdev_init+0x0/0x1b returned 0 after 584 usecs
[    9.322534] calling  dio_init+0x0/0x2c @ 1
[    9.328700] initcall dio_init+0x0/0x2c returned 0 after 712 usecs
[    9.337744] calling  dnotify_init+0x0/0x78 @ 1
[    9.344108] initcall dnotify_init+0x0/0x78 returned 0 after 12 usecs
[    9.353855] calling  aio_setup+0x0/0x78 @ 1
[    9.360777] initcall aio_setup+0x0/0x78 returned 0 after 594 usecs
[    9.369791] calling  io_uring_init+0x0/0x2c @ 1
[    9.376729] initcall io_uring_init+0x0/0x2c returned 0 after 8 usecs
[    9.386076] calling  mbcache_init+0x0/0x30 @ 1
[    9.392588] initcall mbcache_init+0x0/0x30 returned 0 after 187 usecs
[    9.402125] calling  init_grace+0x0/0xc @ 1
[    9.408897] initcall init_grace+0x0/0xc returned 0 after 118 usecs
[    9.417912] calling  init_v2_quota_format+0x0/0x21 @ 1
[    9.425789] initcall init_v2_quota_format+0x0/0x21 returned 0 after 59 usecs
[    9.436631] calling  init_devpts_fs+0x0/0x27 @ 1
[    9.444055] initcall init_devpts_fs+0x0/0x27 returned 0 after 160 usecs
[    9.453250] calling  ext4_init_fs+0x0/0x1d0 @ 1
[    9.461508] initcall ext4_init_fs+0x0/0x1d0 returned 0 after 606 usecs
[    9.471280] calling  journal_init+0x0/0x11c @ 1
[    9.478689] initcall journal_init+0x0/0x11c returned 0 after 123 usecs
[    9.489319] calling  init_fat_fs+0x0/0x49 @ 1
[    9.497940] initcall init_fat_fs+0x0/0x49 returned 0 after 1019 usecs
[    9.508486] calling  init_vfat_fs+0x0/0xc @ 1
[    9.516222] initcall init_vfat_fs+0x0/0xc returned 0 after 3 usecs
[    9.526075] calling  init_msdos_fs+0x0/0xc @ 1
[    9.532888] initcall init_msdos_fs+0x0/0xc returned 0 after 3 usecs
[    9.543214] calling  init_iso9660_fs+0x0/0x6c @ 1
[    9.552943] initcall init_iso9660_fs+0x0/0x6c returned 0 after 2499 usecs
[    9.564394] calling  init_nfs_fs+0x0/0x13a @ 1
[    9.574956] initcall init_nfs_fs+0x0/0x13a returned 0 after 3227 usecs
[    9.575194] calling  init_nfs_v2+0x0/0x13 @ 1
[    9.575194] initcall init_nfs_v2+0x0/0x13 returned 0 after 107 usecs
[    9.575194] calling  init_nfs_v3+0x0/0x13 @ 1
[    9.575194] initcall init_nfs_v3+0x0/0x13 returned 0 after 40 usecs
[    9.575194] calling  init_nfs_v4+0x0/0x32 @ 1
[    9.575194] NFS: Registering the id_resolver key type
[    9.575194] Key type id_resolver registered
[    9.575194] Key type id_legacy registered
[    9.575194] initcall init_nfs_v4+0x0/0x32 returned 0 after 22911 usecs
[    9.575194] calling  init_nlm+0x0/0x5b @ 1
[    9.575194] initcall init_nlm+0x0/0x5b returned 0 after 201 usecs
[    9.575194] calling  init_nls_cp437+0x0/0xe @ 1
[    9.575194] initcall init_nls_cp437+0x0/0xe returned 0 after 61 usecs
[    9.575194] calling  init_nls_ascii+0x0/0xe @ 1
[    9.575194] initcall init_nls_ascii+0x0/0xe returned 0 after 0 usecs
[    9.575194] calling  init_nls_iso8859_1+0x0/0xe @ 1
[    9.575194] initcall init_nls_iso8859_1+0x0/0xe returned 0 after 0 usecs
[    9.575194] calling  init_nls_utf8+0x0/0x21 @ 1
[    9.575194] initcall init_nls_utf8+0x0/0x21 returned 0 after 1 usecs
[    9.575194] calling  init_autofs_fs+0x0/0x25 @ 1
[    9.763521] initcall init_autofs_fs+0x0/0x25 returned 0 after 2820 usecs
[    9.775835] calling  ipc_init+0x0/0x24 @ 1
[    9.776378] initcall ipc_init+0x0/0x24 returned 0 after 174 usecs
[    9.776378] calling  ipc_sysctl_init+0x0/0x13 @ 1
[    9.776378] initcall ipc_sysctl_init+0x0/0x13 returned 0 after 75 usecs
[    9.776378] calling  init_mqueue_fs+0x0/0x9a @ 1
[    9.776378] initcall init_mqueue_fs+0x0/0x9a returned 0 after 540 usecs
[    9.776378] calling  key_proc_init+0x0/0x63 @ 1
[    9.776378] initcall key_proc_init+0x0/0x63 returned 0 after 27 usecs
[    9.776378] calling  selinux_nf_ip_init+0x0/0x2e @ 1
[    9.776378] initcall selinux_nf_ip_init+0x0/0x2e returned 0 after 171 usecs
[    9.776378] calling  init_sel_fs+0x0/0x116 @ 1
[    9.776378] initcall init_sel_fs+0x0/0x116 returned 0 after 0 usecs
[    9.776378] calling  selnl_init+0x0/0x7c @ 1
[    9.896505] initcall selnl_init+0x0/0x7c returned 0 after 495 usecs
[    9.907674] calling  sel_netif_init+0x0/0x36 @ 1
[    9.916093] initcall sel_netif_init+0x0/0x36 returned 0 after 0 usecs
[    9.927812] calling  sel_netnode_init+0x0/0x33 @ 1
[    9.936574] initcall sel_netnode_init+0x0/0x33 returned 0 after 0 usecs
[    9.947952] calling  sel_netport_init+0x0/0x33 @ 1
[    9.954917] initcall sel_netport_init+0x0/0x33 returned 0 after 0 usecs
[    9.965826] calling  aurule_init+0x0/0x2a @ 1
[    9.974007] initcall aurule_init+0x0/0x2a returned 0 after 1 usecs
[    9.983363] calling  crypto_algapi_init+0x0/0xc @ 1
[    9.990603] initcall crypto_algapi_init+0x0/0xc returned 0 after 5 usecs
[   10.001333] calling  jent_mod_init+0x0/0x2d @ 1
[   10.022716] initcall jent_mod_init+0x0/0x2d returned 0 after 13483 usecs
[   10.035225] calling  asymmetric_key_init+0x0/0xc @ 1
[   10.035583] Key type asymmetric registered
[   10.035583] initcall asymmetric_key_init+0x0/0xc returned 0 after 6101 usecs
[   10.035583] calling  x509_key_init+0x0/0xc @ 1
[   10.035583] Asymmetric key parser 'x509' registered
[   10.035583] initcall x509_key_init+0x0/0xc returned 0 after 7405 usecs
[   10.035583] calling  proc_genhd_init+0x0/0x41 @ 1
[   10.035583] initcall proc_genhd_init+0x0/0x41 returned 0 after 5 usecs
[   10.098573] calling  bsg_init+0x0/0x113 @ 1
[   10.098573] Block layer SCSI generic (bsg) driver version 0.4 loaded (major 251)
[   10.098573] initcall bsg_init+0x0/0x113 returned 0 after 11620 usecs
[   10.098573] calling  deadline_init+0x0/0xc @ 1
[   10.098573] io scheduler mq-deadline registered
[   10.098573] initcall deadline_init+0x0/0xc returned 0 after 8147 usecs
[   10.098573] calling  kyber_init+0x0/0xc @ 1
[   10.098573] io scheduler kyber registered
[   10.098573] initcall kyber_init+0x0/0xc returned 0 after 6498 usecs
[   10.098573] calling  mod_init+0x0/0x7 @ 1
[   10.098573] initcall mod_init+0x0/0x7 returned 0 after 0 usecs
[   10.098573] calling  percpu_counter_startup+0x0/0x55 @ 1
[   10.227939] initcall percpu_counter_startup+0x0/0x55 returned 0 after 17923 usecs
[   10.240030] calling  sg_pool_init+0x0/0xb4 @ 1
[   10.240843] initcall sg_pool_init+0x0/0xb4 returned 0 after 993 usecs
[   10.240843] calling  pcie_portdrv_init+0x0/0x39 @ 1
[   10.240843] initcall pcie_portdrv_init+0x0/0x39 returned 0 after 44 usecs
[   10.240843] calling  pci_proc_init+0x0/0x68 @ 1
[   10.240843] initcall pci_proc_init+0x0/0x68 returned 0 after 12 usecs
[   10.292768] calling  pci_hotplug_init+0x0/0x7 @ 1
[   10.300190] initcall pci_hotplug_init+0x0/0x7 returned 0 after 0 usecs
[   10.311600] calling  efifb_driver_init+0x0/0xe @ 1
[   10.319879] initcall efifb_driver_init+0x0/0xe returned 0 after 26 usecs
[   10.330490] calling  ged_driver_init+0x0/0xe @ 1
[   10.338737] initcall ged_driver_init+0x0/0xe returned 0 after 246 usecs
[   10.351226] calling  acpi_ac_init+0x0/0x92 @ 1
[   10.361810] initcall acpi_ac_init+0x0/0x92 returned 0 after 3630 usecs
[   10.372123] calling  acpi_button_driver_init+0x0/0x52 @ 1
[   10.382385] input: Power Button as /devices/LNXSYSTM:00/LNXPWRBN:00/input/input0
[   10.395095] ACPI: Power Button [PWRF]
[   10.402923] initcall acpi_button_driver_init+0x0/0x52 returned 0 after 21570 usecs
[   10.414902] calling  acpi_fan_driver_init+0x0/0xe @ 1
[   10.423051] initcall acpi_fan_driver_init+0x0/0xe returned 0 after 17 usecs
[   10.434092] calling  acpi_video_init+0x0/0xcb @ 1
[   10.441628] initcall acpi_video_init+0x0/0xcb returned 0 after 141 usecs
[   10.452267] calling  acpi_processor_driver_init+0x0/0xad @ 1
[   10.462912] initcall acpi_processor_driver_init+0x0/0xad returned 0 after 1495 usecs
[   10.474931] calling  acpi_thermal_init+0x0/0x71 @ 1
[   10.484699] initcall acpi_thermal_init+0x0/0x71 returned 0 after 1848 usecs
[   10.498485] calling  acpi_battery_init+0x0/0x32 @ 1
[   10.507590] initcall acpi_battery_init+0x0/0x32 returned 0 after 451 usecs
[   10.519763] calling  bgrt_init+0x0/0xb6 @ 1
[   10.527398] initcall bgrt_init+0x0/0xb6 returned -19 after 0 usecs
[   10.538575] calling  gpio_clk_driver_init+0x0/0xe @ 1
[   10.548490] initcall gpio_clk_driver_init+0x0/0xe returned 0 after 387 usecs
[   10.561293] calling  plt_clk_driver_init+0x0/0xe @ 1
[   10.570496] initcall plt_clk_driver_init+0x0/0xe returned 0 after 22 usecs
[   10.583269] calling  virtio_pci_driver_init+0x0/0x15 @ 1
[   10.593906] initcall virtio_pci_driver_init+0x0/0x15 returned 0 after 885 usecs
[   10.606045] calling  n_null_init+0x0/0x1e @ 1
[   10.614003] initcall n_null_init+0x0/0x1e returned 0 after 43 usecs
[   10.624193] calling  pty_init+0x0/0x1e8 @ 1
[   10.635685] initcall pty_init+0x0/0x1e8 returned 0 after 4277 usecs
[   10.636455] calling  sysrq_init+0x0/0x62 @ 1
[   10.636455] initcall sysrq_init+0x0/0x62 returned 0 after 32 usecs
[   10.636455] calling  serial8250_init+0x0/0x17e @ 1
[   10.636455] Serial: 8250/16550 driver, 4 ports, IRQ sharing enabled
[   10.636455] 00:03: ttyS0 at I/O 0x3f8 (irq = 4, base_baud = 115200) is a 16550A
[   10.717788] initcall serial8250_init+0x0/0x17e returned 0 after 45660 usecs
[   10.718520] calling  serial_pci_driver_init+0x0/0x15 @ 1
[   10.718520] initcall serial_pci_driver_init+0x0/0x15 returned 0 after 305 usecs
[   10.718520] calling  exar_pci_driver_init+0x0/0x15 @ 1
[   10.718520] initcall exar_pci_driver_init+0x0/0x15 returned 0 after 23 usecs
[   10.718520] calling  lpss8250_pci_driver_init+0x0/0x15 @ 1
[   10.718520] initcall lpss8250_pci_driver_init+0x0/0x15 returned 0 after 437 usecs
[   10.718520] calling  mid8250_pci_driver_init+0x0/0x15 @ 1
[   10.718520] initcall mid8250_pci_driver_init+0x0/0x15 returned 0 after 25 usecs
[   10.718520] calling  virtio_console_init+0x0/0xff @ 1
[   10.718520] initcall virtio_console_init+0x0/0xff returned 0 after 562 usecs
[   10.718520] calling  hpet_init+0x0/0x64 @ 1
[   10.839704] initcall hpet_init+0x0/0x64 returned 0 after 4308 usecs
[   10.839704] calling  nvram_module_init+0x0/0x83 @ 1
[   10.860538] Non-volatile memory driver v1.3
[   10.861335] initcall nvram_module_init+0x0/0x83 returned 0 after 9509 usecs
[   10.861335] calling  hwrng_modinit+0x0/0x8a @ 1
[   10.890878] initcall hwrng_modinit+0x0/0x8a returned 0 after 4814 usecs
[   10.891656] calling  mod_init+0x0/0x48 @ 1
[   10.891656] initcall mod_init+0x0/0x48 returned -19 after 0 usecs
[   10.891656] calling  agp_init+0x0/0x23 @ 1
[   10.891656] Linux agpgart interface v0.103
[   10.891656] initcall agp_init+0x0/0x23 returned 0 after 5994 usecs
[   10.891656] calling  agp_amd64_mod_init+0x0/0x5 @ 1
[   10.891656] initcall agp_amd64_mod_init+0x0/0x5 returned -19 after 167 usecs
[   10.891656] calling  agp_intel_init+0x0/0x28 @ 1
[   10.891656] initcall agp_intel_init+0x0/0x28 returned 0 after 1669 usecs
[   10.891656] calling  drm_kms_helper_init+0x0/0x7 @ 1
[   10.891656] initcall drm_kms_helper_init+0x0/0x7 returned 0 after 106 usecs
[   10.891656] calling  drm_core_init+0x0/0xa4 @ 1
[   10.891656] initcall drm_core_init+0x0/0xa4 returned 0 after 294 usecs
[   10.891656] calling  i915_init+0x0/0x6b @ 1
[   10.891656] initcall i915_init+0x0/0x6b returned 0 after 675 usecs
[   10.891656] calling  cn_proc_init+0x0/0x35 @ 1
[   10.891656] initcall cn_proc_init+0x0/0x35 returned 0 after 2 usecs
[   10.891656] calling  topology_sysfs_init+0x0/0x27 @ 1
[   11.059545] initcall topology_sysfs_init+0x0/0x27 returned 0 after 620 usecs
[   11.071884] calling  cacheinfo_sysfs_init+0x0/0x27 @ 1
[   11.131807] initcall cacheinfo_sysfs_init+0x0/0x27 returned 0 after 50397 usecs
[   11.144351] calling  loop_init+0x0/0x168 @ 1
[   11.258943] loop: module loaded
[   11.259184] initcall loop_init+0x0/0x168 returned 0 after 110400 usecs
[   11.259184] calling  mac_hid_init+0x0/0x21 @ 1
[   11.259184] initcall mac_hid_init+0x0/0x21 returned 0 after 94 usecs
[   11.259184] calling  spi_transport_init+0x0/0x74 @ 1
[   11.259184] initcall spi_transport_init+0x0/0x74 returned 0 after 434 usecs
[   11.259184] calling  init_sd+0x0/0x18c @ 1
[   11.259184] initcall init_sd+0x0/0x18c returned 0 after 376 usecs
[   11.259184] calling  init_sr+0x0/0x43 @ 1
[   11.259184] initcall init_sr+0x0/0x43 returned 0 after 124 usecs
[   11.259184] calling  init_sg+0x0/0x1c0 @ 1
[   11.259184] initcall init_sg+0x0/0x1c0 returned 0 after 20 usecs
[   11.259184] calling  ahci_pci_driver_init+0x0/0x15 @ 1
[   11.259184] ahci 0000:00:1f.2: version 3.0
[   11.259184] PCI Interrupt Link [GSIA] enabled at IRQ 16
[   11.259184] ahci 0000:00:1f.2: AHCI 0001.0000 32 slots 6 ports 1.5 Gbps 0x3f impl SATA mode
[   11.259184] ahci 0000:00:1f.2: flags: 64bit ncq only 
[   11.450967] scsi host0: ahci
[   11.463924] scsi host1: ahci
[   11.472461] scsi host2: ahci
[   11.484108] scsi host3: ahci
[   11.496803] scsi host4: ahci
[   11.506304] scsi host5: ahci
[   11.506735] ata1: SATA max UDMA/133 abar m4096@0xfebf1000 port 0xfebf1100 irq 24
[   11.506735] ata2: SATA max UDMA/133 abar m4096@0xfebf1000 port 0xfebf1180 irq 24
[   11.506735] ata3: SATA max UDMA/133 abar m4096@0xfebf1000 port 0xfebf1200 irq 24
[   11.506735] ata4: SATA max UDMA/133 abar m4096@0xfebf1000 port 0xfebf1280 irq 24
[   11.564734] ata5: SATA max UDMA/133 abar m4096@0xfebf1000 port 0xfebf1300 irq 24
[   11.564899] ata6: SATA max UDMA/133 abar m4096@0xfebf1000 port 0xfebf1380 irq 24
[   11.588267] initcall ahci_pci_driver_init+0x0/0x15 returned 0 after 214219 usecs
[   11.588267] calling  piix_init+0x0/0x26 @ 1
[   11.588267] initcall piix_init+0x0/0x26 returned 0 after 235 usecs
[   11.588267] calling  amd_pci_driver_init+0x0/0x15 @ 1
[   11.588267] initcall amd_pci_driver_init+0x0/0x15 returned 0 after 19 usecs
[   11.588267] calling  oldpiix_pci_driver_init+0x0/0x15 @ 1
[   11.588267] initcall oldpiix_pci_driver_init+0x0/0x15 returned 0 after 16137 usecs
[   11.588267] calling  sch_pci_driver_init+0x0/0x15 @ 1
[   11.588267] initcall sch_pci_driver_init+0x0/0x15 returned 0 after 24 usecs
[   11.588267] calling  net_olddevs_init+0x0/0x55 @ 1
[   11.588267] initcall net_olddevs_init+0x0/0x55 returned 0 after 977 usecs
[   11.588267] calling  blackhole_netdev_init+0x0/0x78 @ 1
[   11.588267] initcall blackhole_netdev_init+0x0/0x78 returned 0 after 9864 usecs
[   11.766275] calling  phy_module_init+0x0/0x13 @ 1
[   11.779640] initcall phy_module_init+0x0/0x13 returned 0 after 6133 usecs
[   11.790132] calling  tg3_driver_init+0x0/0x15 @ 1
[   11.800636] initcall tg3_driver_init+0x0/0x15 returned 0 after 2408 usecs
[   11.812488] calling  e100_init_module+0x0/0x4c @ 1
[   11.821458] e100: Intel(R) PRO/100 Network Driver
[   11.830144] e100: Copyright(c) 1999-2006 Intel Corporation
[   11.840042] initcall e100_init_module+0x0/0x4c returned 0 after 18295 usecs
[   11.850981] calling  e1000_init_module+0x0/0x72 @ 1
[   11.860546] e1000: Intel(R) PRO/1000 Network Driver
[   11.868886] e1000: Copyright (c) 1999-2006 Intel Corporation.
[   11.879139] initcall e1000_init_module+0x0/0x72 returned 0 after 18153 usecs
[   11.890364] calling  e1000_init_module+0x0/0x2d @ 1
[   11.899673] e1000e: Intel(R) PRO/1000 Network Driver
[   11.908047] e1000e: Copyright(c) 1999 - 2015 Intel Corporation.
[   11.918959] initcall e1000_init_module+0x0/0x2d returned 0 after 18856 usecs
[   11.921102] ata1: SATA link down (SStatus 0 SControl 300)
[   11.930788] calling  sky2_init_module+0x0/0x21 @ 1
[   11.930789] sky2: driver version 1.30
[   11.930871] initcall sky2_init_module+0x0/0x21 returned 0 after 78 usecs
[   11.954927] ata3: SATA link up 1.5 Gbps (SStatus 113 SControl 300)
[   11.956494] calling  forcedeth_pci_driver_init+0x0/0x15 @ 1
[   11.972877] ata2: SATA link down (SStatus 0 SControl 300)
[   11.980472] initcall forcedeth_pci_driver_init+0x0/0x15 returned 0 after 29 usecs
[   12.012046] calling  rtl8139_init_module+0x0/0x15 @ 1
[   12.020592] initcall rtl8139_init_module+0x0/0x15 returned 0 after 82 usecs
[   12.032124] calling  rtl8169_pci_driver_init+0x0/0x15 @ 1
[   12.041188] initcall rtl8169_pci_driver_init+0x0/0x15 returned 0 after 195 usecs
[   12.053291] calling  cdrom_init+0x0/0xc @ 1
[   12.057937] ata3.00: ATAPI: QEMU DVD-ROM, 2.5+, max UDMA/100
[   12.061756] initcall cdrom_init+0x0/0xc returned 0 after 1019 usecs
[   12.074866] ata3.00: applying bridge limits
[   12.081129] calling  nonstatic_sysfs_init+0x0/0xc @ 1
[   12.081374] initcall nonstatic_sysfs_init+0x0/0xc returned 0 after 235 usecs
[   12.093911] ata5: SATA link down (SStatus 0 SControl 300)
[   12.099651] calling  yenta_cardbus_driver_init+0x0/0x15 @ 1
[   12.117066] ata6: SATA link down (SStatus 0 SControl 300)
[   12.121998] initcall yenta_cardbus_driver_init+0x0/0x15 returned 0 after 419 usecs
[   12.154850] calling  mon_init+0x0/0x12d @ 1
[   12.174187] initcall mon_init+0x0/0x12d returned 0 after 11626 usecs
[   12.174187] calling  ehci_hcd_init+0x0/0x56 @ 1
[   12.174187] ehci_hcd: USB 2.0 'Enhanced' Host Controller (EHCI) Driver
[   12.198176] ata4: SATA link down (SStatus 0 SControl 300)
[   12.174187] initcall ehci_hcd_init+0x0/0x56 returned 0 after 10313 usecs
[   12.174187] calling  ehci_pci_init+0x0/0x64 @ 1
[   12.174187] ehci-pci: EHCI PCI platform driver
[   12.174187] initcall ehci_pci_init+0x0/0x64 returned 0 after 393 usecs
[   12.218831] ata3.00: configured for UDMA/100
[   12.174187] calling  ohci_hcd_mod_init+0x0/0x4e @ 1
[   12.174187] ohci_hcd: USB 1.1 'Open' Host Controller (OHCI) Driver
[   12.174187] initcall ohci_hcd_mod_init+0x0/0x4e returned 0 after 45 usecs
[   12.174187] calling  ohci_pci_init+0x0/0x64 @ 1
[   12.174187] ohci-pci: OHCI PCI platform driver
[   12.174187] initcall ohci_pci_init+0x0/0x64 returned 0 after 115 usecs
[   12.259622] scsi 2:0:0:0: CD-ROM            QEMU     QEMU DVD-ROM     2.5+ PQ: 0 ANSI: 5
[   12.174187] calling  uhci_hcd_init+0x0/0xa8 @ 1
[   12.174187] uhci_hcd: USB Universal Host Controller Interface driver
[   12.174187] initcall uhci_hcd_init+0x0/0xa8 returned 0 after 2572 usecs
[   12.174187] calling  xhci_hcd_init+0x0/0x1e @ 1
[   12.174187] initcall xhci_hcd_init+0x0/0x1e returned 0 after 141 usecs
[   12.174187] calling  xhci_pci_init+0x0/0x49 @ 1
[   12.174187] initcall xhci_pci_init+0x0/0x49 returned 0 after 165 usecs
[   12.174187] calling  usblp_driver_init+0x0/0x15 @ 1
[   12.174187] usbcore: registered new interface driver usblp
[   12.174187] initcall usblp_driver_init+0x0/0x15 returned 0 after 9655 usecs
[   12.174187] calling  usb_storage_driver_init+0x0/0x2a @ 1
[   12.174187] usbcore: registered new interface driver usb-storage
[   12.174187] initcall usb_storage_driver_init+0x0/0x2a returned 0 after 10137 usecs
[   12.174187] calling  i8042_init+0x0/0x4c2 @ 1
[   12.174187] i8042: PNP: PS/2 Controller [PNP0303:KBD,PNP0f13:MOU] at 0x60,0x64 irq 1,12
[   12.489689] serio: i8042 KBD port at 0x60,0x64 irq 1
[   12.498892] serio: i8042 AUX port at 0x60,0x64 irq 12
[   12.507004] initcall i8042_init+0x0/0x4c2 returned 0 after 51076 usecs
[   12.517282] calling  serport_init+0x0/0x2c @ 1
[   12.524915] initcall serport_init+0x0/0x2c returned 0 after 214 usecs
[   12.535212] calling  input_leds_init+0x0/0xc @ 1
[   12.543063] initcall input_leds_init+0x0/0xc returned 0 after 420 usecs
[   12.554361] calling  evdev_init+0x0/0xc @ 1
[   12.565809] initcall evdev_init+0x0/0xc returned 0 after 4419 usecs
[   12.566274] calling  atkbd_init+0x0/0x21 @ 1
[   12.584517] initcall atkbd_init+0x0/0x21 returned 0 after 68 usecs
[   12.594471] calling  psmouse_init+0x0/0x7f @ 1
[   12.602076] initcall psmouse_init+0x0/0x7f returned 0 after 253 usecs
[   12.612740] calling  cmos_init+0x0/0x73 @ 1
[   12.620903] rtc_cmos 00:04: RTC can wake from S4
[   12.641276] rtc_cmos 00:04: registered as rtc0
[   12.641276] rtc_cmos 00:04: alarms up to one day, y3k, 242 bytes nvram, hpet irqs
[   12.668540] sr 2:0:0:0: [sr0] scsi3-mmc drive: 4x/4x cd/rw xa/form2 tray
[   12.669912] input: AT Translated Set 2 keyboard as /devices/platform/i8042/serio0/input/input1
[   12.641276] initcall cmos_init+0x0/0x73 returned 0 after 58010 usecs
[   12.641276] calling  smbalert_driver_init+0x0/0xe @ 1
[   12.641276] initcall smbalert_driver_init+0x0/0xe returned 0 after 176 usecs
[   12.641276] calling  i2c_i801_init+0x0/0xc5 @ 1
[   12.641276] i801_smbus 0000:00:1f.3: SMBus using PCI interrupt
[   12.702609] cdrom: Uniform CD-ROM driver Revision: 3.20
[   12.641276] i2c i2c-0: 1/1 memory slots populated (from DMI)
[   12.641276] i2c i2c-0: Memory type 0x07 not supported yet, not instantiating SPD
[   12.641276] initcall i2c_i801_init+0x0/0xc5 returned 0 after 118416 usecs
[   12.811053] calling  ptp_kvm_init+0x0/0xf0 @ 1
[   12.820985] initcall ptp_kvm_init+0x0/0xf0 returned 0 after 2629 usecs
[   12.831576] calling  dm_init+0x0/0x3c @ 1
[   12.840736] device-mapper: ioctl: 4.43.0-ioctl (2020-10-01) initialised: dm-devel@redhat.com
[   12.841331] initcall dm_init+0x0/0x3c returned 0 after 15441 usecs
[   12.841331] calling  dm_mirror_init+0x0/0x29 @ 1
[   12.841331] initcall dm_mirror_init+0x0/0x29 returned 0 after 18 usecs
[   12.841331] calling  dm_dirty_log_init+0x0/0x4f @ 1
[   12.841331] initcall dm_dirty_log_init+0x0/0x4f returned 0 after 78 usecs
[   12.841331] calling  dm_zero_init+0x0/0x29 @ 1
[   12.841331] initcall dm_zero_init+0x0/0x29 returned 0 after 16 usecs
[   12.841331] calling  intel_pstate_init+0x0/0x50d @ 1
[   12.841331] intel_pstate: CPU model not supported
[   12.841331] initcall intel_pstate_init+0x0/0x50d returned -19 after 7077 usecs
[   12.841331] calling  haltpoll_init+0x0/0xc0 @ 1
[   12.841331] initcall haltpoll_init+0x0/0xc0 returned -19 after 36 usecs
[   12.841331] calling  efivars_sysfs_init+0x0/0x30 @ 1
[   12.841331] initcall efivars_sysfs_init+0x0/0x30 returned 0 after 39 usecs
[   12.841331] calling  esrt_sysfs_init+0x0/0x2a2 @ 1
[   12.841331] initcall esrt_sysfs_init+0x0/0x2a2 returned -38 after 40 usecs
[   12.841331] calling  hid_init+0x0/0x5c @ 1
[   12.841331] hid: raw HID events driver (C) Jiri Kosina
[   12.841331] initcall hid_init+0x0/0x5c returned 0 after 8392 usecs
[   12.841331] calling  hid_generic_init+0x0/0x15 @ 1
[   12.841331] initcall hid_generic_init+0x0/0x15 returned 0 after 85 usecs
[   12.841331] calling  a4_driver_init+0x0/0x15 @ 1
[   13.078350] initcall a4_driver_init+0x0/0x15 returned 0 after 20 usecs
[   13.091877] calling  apple_driver_init+0x0/0x15 @ 1
[   13.100938] initcall apple_driver_init+0x0/0x15 returned 0 after 164 usecs
[   13.111210] calling  belkin_driver_init+0x0/0x15 @ 1
[   13.119313] initcall belkin_driver_init+0x0/0x15 returned 0 after 19 usecs
[   13.129881] calling  ch_driver_init+0x0/0x15 @ 1
[   13.137312] initcall ch_driver_init+0x0/0x15 returned 0 after 47 usecs
[   13.147684] calling  ch_driver_init+0x0/0x15 @ 1
[   13.154927] initcall ch_driver_init+0x0/0x15 returned 0 after 24 usecs
[   13.165092] calling  cp_driver_init+0x0/0x15 @ 1
[   13.172534] initcall cp_driver_init+0x0/0x15 returned 0 after 52 usecs
[   13.182759] calling  ez_driver_init+0x0/0x15 @ 1
[   13.189893] initcall ez_driver_init+0x0/0x15 returned 0 after 15 usecs
[   13.200040] calling  gyration_driver_init+0x0/0x15 @ 1
[   13.208029] initcall gyration_driver_init+0x0/0x15 returned 0 after 17 usecs
[   13.218611] calling  ite_driver_init+0x0/0x15 @ 1
[   13.225897] initcall ite_driver_init+0x0/0x15 returned 0 after 17 usecs
[   13.236105] calling  ks_driver_init+0x0/0x15 @ 1
[   13.243557] initcall ks_driver_init+0x0/0x15 returned 0 after 20 usecs
[   13.253459] calling  lg_driver_init+0x0/0x15 @ 1
[   13.260793] initcall lg_driver_init+0x0/0x15 returned 0 after 415 usecs
[   13.271001] calling  lg_g15_driver_init+0x0/0x15 @ 1
[   13.278600] initcall lg_g15_driver_init+0x0/0x15 returned 0 after 35 usecs
[   13.289020] calling  ms_driver_init+0x0/0x15 @ 1
[   13.296020] initcall ms_driver_init+0x0/0x15 returned 0 after 23 usecs
[   13.307002] calling  mr_driver_init+0x0/0x15 @ 1
[   13.316778] initcall mr_driver_init+0x0/0x15 returned 0 after 104 usecs
[   13.326594] calling  ntrig_driver_init+0x0/0x15 @ 1
[   13.334107] initcall ntrig_driver_init+0x0/0x15 returned 0 after 199 usecs
[   13.344540] calling  pl_driver_init+0x0/0x15 @ 1
[   13.351637] initcall pl_driver_init+0x0/0x15 returned 0 after 40 usecs
[   13.361522] calling  pl_driver_init+0x0/0x15 @ 1
[   13.368705] initcall pl_driver_init+0x0/0x15 returned 0 after 36 usecs
[   13.378587] calling  redragon_driver_init+0x0/0x15 @ 1
[   13.386637] initcall redragon_driver_init+0x0/0x15 returned 0 after 21 usecs
[   13.396763] calling  samsung_driver_init+0x0/0x15 @ 1
[   13.405216] initcall samsung_driver_init+0x0/0x15 returned 0 after 21 usecs
[   13.416841] calling  sony_init+0x0/0x38 @ 1
[   13.426557] initcall sony_init+0x0/0x38 returned 0 after 21 usecs
[   13.436149] calling  sp_driver_init+0x0/0x15 @ 1
[   13.444714] initcall sp_driver_init+0x0/0x15 returned 0 after 41 usecs
[   13.454231] input: ImExPS/2 Generic Explorer Mouse as /devices/platform/i8042/serio1/input/input3
[   13.455649] calling  ts_driver_init+0x0/0x15 @ 1
[   13.475403] initcall ts_driver_init+0x0/0x15 returned 0 after 238 usecs
[   13.485465] calling  hid_init+0x0/0x58 @ 1
[   13.492071] usbcore: registered new interface driver usbhid
[   13.500850] usbhid: USB HID core driver
[   13.507341] initcall hid_init+0x0/0x58 returned 0 after 14968 usecs
[   13.517628] calling  eeepc_laptop_init+0x0/0x57 @ 1
[   13.527767] initcall eeepc_laptop_init+0x0/0x57 returned -19 after 2234 usecs
[   13.538713] calling  pmc_atom_init+0x0/0x27a @ 1
[   13.545883] initcall pmc_atom_init+0x0/0x27a returned -19 after 4 usecs
[   13.556429] calling  alsa_hwdep_init+0x0/0x5e @ 1
[   13.564349] initcall alsa_hwdep_init+0x0/0x5e returned 0 after 262 usecs
[   13.574740] calling  alsa_timer_init+0x0/0x1f0 @ 1
[   13.596842] initcall alsa_timer_init+0x0/0x1f0 returned 0 after 14136 usecs
[   13.609300] calling  snd_hrtimer_init+0x0/0x117 @ 1
[   13.610052] initcall snd_hrtimer_init+0x0/0x117 returned 0 after 2 usecs
[   13.610052] calling  alsa_pcm_init+0x0/0x64 @ 1
[   13.610052] initcall alsa_pcm_init+0x0/0x64 returned 0 after 5 usecs
[   13.610052] calling  alsa_seq_init+0x0/0x4a @ 1
