c[?7l[2J[0mSeaBIOS (version 1.16.0-debian-1.16.0-4)
Booting from ROM...
early console in setup code
c[?7l[2J[    0.000000] Linux version 5.10.158+ (root@joelboxx.c.googlers.com) (gcc (Debian 12.2.0-3) 12.2.0, GNU ld (GNU Binutils for Debian) 2.39) #3 SMP PREEMPT Tue Dec 13 02:30:38 UTC 2022
[    0.000000] Command line: selinux=0 initcall_debug debug console=ttyS0 rcutorture.torture_type=srcud rcupdate.rcu_self_test=1 rcutorture.onoff_interval=1000 rcutorture.onoff_holdoff=30 rcutorture.n_barrier_cbs=4 rcutorture.stat_interval=15 rcutorture.shutdown_secs=1800 rcutorture.test_no_idle_hz=1 rcutorture.verbose=1
[    0.000000] x86/fpu: x87 FPU will use FXSAVE
[    0.000000] BIOS-provided physical RAM map:
[    0.000000] BIOS-e820: [mem 0x0000000000000000-0x000000000009fbff] usable
[    0.000000] BIOS-e820: [mem 0x000000000009fc00-0x000000000009ffff] reserved
[    0.000000] BIOS-e820: [mem 0x00000000000f0000-0x00000000000fffff] reserved
[    0.000000] BIOS-e820: [mem 0x0000000000100000-0x000000001ffdefff] usable
[    0.000000] BIOS-e820: [mem 0x000000001ffdf000-0x000000001fffffff] reserved
[    0.000000] BIOS-e820: [mem 0x00000000b0000000-0x00000000bfffffff] reserved
[    0.000000] BIOS-e820: [mem 0x00000000fed1c000-0x00000000fed1ffff] reserved
[    0.000000] BIOS-e820: [mem 0x00000000feffc000-0x00000000feffffff] reserved
[    0.000000] BIOS-e820: [mem 0x00000000fffc0000-0x00000000ffffffff] reserved
[    0.000000] NX (Execute Disable) protection: active
[    0.000000] SMBIOS 2.8 present.
[    0.000000] DMI: QEMU Standard PC (Q35 + ICH9, 2009), BIOS 1.16.0-debian-1.16.0-4 04/01/2014
[    0.000000] Hypervisor detected: KVM
[    0.000000] kvm-clock: Using msrs 4b564d01 and 4b564d00
[    0.000000] kvm-clock: cpu 0, msr 14b25001, primary cpu clock
[    0.000078] kvm-clock: using sched offset of 2354586340 cycles
[    0.000357] clocksource: kvm-clock: mask: 0xffffffffffffffff max_cycles: 0x1cd42e4dffb, max_idle_ns: 881590591483 ns
[    0.000617] tsc: Detected 1999.999 MHz processor
[    0.011612] e820: update [mem 0x00000000-0x00000fff] usable ==> reserved
[    0.011622] e820: remove [mem 0x000a0000-0x000fffff] usable
[    0.011632] last_pfn = 0x1ffdf max_arch_pfn = 0x400000000
[    0.012711] MTRR default type: write-back
[    0.012790] MTRR fixed ranges enabled:
[    0.012793]   00000-9FFFF write-back
[    0.012796]   A0000-BFFFF uncachable
[    0.012799]   C0000-FFFFF write-protect
[    0.012801] MTRR variable ranges enabled:
[    0.012804]   0 base 00C0000000 mask FFC0000000 uncachable
[    0.012807]   1 disabled
[    0.012809]   2 disabled
[    0.012811]   3 disabled
[    0.012813]   4 disabled
[    0.012815]   5 disabled
[    0.012817]   6 disabled
[    0.012819]   7 disabled
[    0.013320] x86/PAT: Configuration [0-7]: WB  WC  UC- UC  WB  WC  UC- UC  
[    0.023321] found SMP MP-table at [mem 0x000f5ba0-0x000f5baf]
[    0.026642] check: Scanning 1 areas for low memory corruption
[    0.044013] ACPI: Early table checksum verification disabled
[    0.047258] ACPI: RSDP 0x00000000000F59E0 000014 (v00 BOCHS )
[    0.047707] ACPI: RSDT 0x000000001FFE252A 000038 (v01 BOCHS  BXPC     00000001 BXPC 00000001)
[    0.048167] ACPI: FACP 0x000000001FFE22EA 0000F4 (v03 BOCHS  BXPC     00000001 BXPC 00000001)
[    0.048340] ACPI: DSDT 0x000000001FFE0040 0022AA (v01 BOCHS  BXPC     00000001 BXPC 00000001)
[    0.048350] ACPI: FACS 0x000000001FFE0000 000040
[    0.048357] ACPI: APIC 0x000000001FFE23DE 0000B0 (v01 BOCHS  BXPC     00000001 BXPC 00000001)
[    0.048435] ACPI: HPET 0x000000001FFE248E 000038 (v01 BOCHS  BXPC     00000001 BXPC 00000001)
[    0.048442] ACPI: MCFG 0x000000001FFE24C6 00003C (v01 BOCHS  BXPC     00000001 BXPC 00000001)
[    0.048450] ACPI: WAET 0x000000001FFE2502 000028 (v01 BOCHS  BXPC     00000001 BXPC 00000001)
[    0.048457] ACPI: Reserving FACP table memory at [mem 0x1ffe22ea-0x1ffe23dd]
[    0.048460] ACPI: Reserving DSDT table memory at [mem 0x1ffe0040-0x1ffe22e9]
[    0.048463] ACPI: Reserving FACS table memory at [mem 0x1ffe0000-0x1ffe003f]
[    0.048465] ACPI: Reserving APIC table memory at [mem 0x1ffe23de-0x1ffe248d]
[    0.048468] ACPI: Reserving HPET table memory at [mem 0x1ffe248e-0x1ffe24c5]
[    0.048470] ACPI: Reserving MCFG table memory at [mem 0x1ffe24c6-0x1ffe2501]
[    0.048473] ACPI: Reserving WAET table memory at [mem 0x1ffe2502-0x1ffe2529]
[    0.049464] ACPI: Local APIC address 0xfee00000
[    0.054899] No NUMA configuration found
[    0.054905] Faking a node at [mem 0x0000000000000000-0x000000001ffdefff]
[    0.055064] NODE_DATA(0) allocated [mem 0x1ffdb000-0x1ffdefff]
[    0.057423] Zone ranges:
[    0.057603]   DMA      [mem 0x0000000000001000-0x0000000000ffffff]
[    0.057676]   DMA32    [mem 0x0000000001000000-0x000000001ffdefff]
[    0.057755]   Normal   empty
[    0.057759] Movable zone start for each node
[    0.057762] Early memory node ranges
[    0.057765]   node   0: [mem 0x0000000000001000-0x000000000009efff]
[    0.057891]   node   0: [mem 0x0000000000100000-0x000000001ffdefff]
[    0.057973] Initmem setup node 0 [mem 0x0000000000001000-0x000000001ffdefff]
[    0.057977] On node 0 totalpages: 130941
[    0.058181]   DMA zone: 64 pages used for memmap
[    0.058184]   DMA zone: 21 pages reserved
[    0.058187]   DMA zone: 3998 pages, LIFO batch:0
[    0.058190]   DMA32 zone: 1984 pages used for memmap
[    0.058192]   DMA32 zone: 126943 pages, LIFO batch:31
[    0.061866] On node 0, zone DMA: 1 pages in unavailable ranges
[    0.066183] On node 0, zone DMA: 97 pages in unavailable ranges
[    0.285461] On node 0, zone DMA32: 33 pages in unavailable ranges
[    0.289324] ACPI: PM-Timer IO Port: 0x608
[    0.289338] ACPI: Local APIC address 0xfee00000
[    0.289566] ACPI: LAPIC_NMI (acpi_id[0xff] dfl dfl lint[0x1])
[    0.291731] IOAPIC[0]: apic_id 0, version 17, address 0xfec00000, GSI 0-23
[    0.292240] ACPI: INT_SRC_OVR (bus 0 bus_irq 0 global_irq 2 dfl dfl)
[    0.292525] ACPI: INT_SRC_OVR (bus 0 bus_irq 5 global_irq 5 high level)
[    0.292529] ACPI: INT_SRC_OVR (bus 0 bus_irq 9 global_irq 9 high level)
[    0.292699] ACPI: INT_SRC_OVR (bus 0 bus_irq 10 global_irq 10 high level)
[    0.292777] ACPI: INT_SRC_OVR (bus 0 bus_irq 11 global_irq 11 high level)
[    0.292781] ACPI: IRQ0 used by override.
[    0.292784] ACPI: IRQ5 used by override.
[    0.292786] ACPI: IRQ9 used by override.
[    0.292789] ACPI: IRQ10 used by override.
[    0.292791] ACPI: IRQ11 used by override.
[    0.292966] Using ACPI (MADT) for SMP configuration information
[    0.292971] ACPI: HPET id: 0x8086a201 base: 0xfed00000
[    0.293892] smpboot: Allowing 8 CPUs, 0 hotplug CPUs
[    0.297813] PM: hibernation: Registered nosave memory: [mem 0x00000000-0x00000fff]
[    0.297819] PM: hibernation: Registered nosave memory: [mem 0x0009f000-0x0009ffff]
[    0.297823] PM: hibernation: Registered nosave memory: [mem 0x000a0000-0x000effff]
[    0.297825] PM: hibernation: Registered nosave memory: [mem 0x000f0000-0x000fffff]
[    0.298149] [mem 0x20000000-0xafffffff] available for PCI devices
[    0.298345] Booting paravirtualized kernel on KVM
[    0.299283] clocksource: refined-jiffies: mask: 0xffffffff max_cycles: 0xffffffff, max_idle_ns: 1910969940391419 ns
[    0.350960] setup_percpu: NR_CPUS:8 nr_cpumask_bits:8 nr_cpu_ids:8 nr_node_ids:1
[    0.403695] percpu: Embedded 58 pages/cpu s198480 r8192 d30896 u262144
[    0.403845] pcpu-alloc: s198480 r8192 d30896 u262144 alloc=1*2097152
[    0.403947] pcpu-alloc: [0] 0 1 2 3 4 5 6 7 
[    0.404694] kvm-guest: stealtime: cpu 0, msr 1f41bb40
[    0.408019] Built 1 zonelists, mobility grouping on.  Total pages: 128872
[    0.408024] Policy zone: DMA32
[    0.408201] Kernel command line: selinux=0 initcall_debug debug console=ttyS0 rcutorture.torture_type=srcud rcupdate.rcu_self_test=1 rcutorture.onoff_interval=1000 rcutorture.onoff_holdoff=30 rcutorture.n_barrier_cbs=4 rcutorture.stat_interval=15 rcutorture.shutdown_secs=1800 rcutorture.test_no_idle_hz=1 rcutorture.verbose=1
[    0.430329] Dentry cache hash table entries: 65536 (order: 7, 524288 bytes, linear)
[    0.435803] Inode-cache hash table entries: 32768 (order: 6, 262144 bytes, linear)
[    0.437010] mem auto-init: stack:all(zero), heap alloc:off, heap free:off
[    0.448906] Memory: 465384K/523764K available (16398K kernel code, 2808K rwdata, 4812K rodata, 1504K init, 13284K bss, 58120K reserved, 0K cma-reserved)
[    0.451229] SLUB: HWalign=64, Order=0-3, MinObjects=0, CPUs=8, Nodes=1
[    0.452932] Kernel/User page tables isolation: enabled
[    0.470002] Running RCU self tests
[    0.470995] rcu: RCU calculated value of scheduler-enlistment delay is 100 jiffies.
[    0.473184] rcu: Preemptible hierarchical RCU implementation.
[    0.473188] rcu: 	CONFIG_RCU_FANOUT set to non-default value of 2.
[    0.473191] rcu: 	RCU lockdep checking is enabled.
[    0.473193] rcu: 	Build-time adjustment of leaf fanout to 2.
[    0.473196] rcu: 	Boot-time adjustment of first FQS scan delay to 3 jiffies.
[    0.473198] rcu: 	Boot-time adjustment of subsequent FQS scan delay to 3 jiffies.
[    0.473201] 	Trampoline variant of Tasks RCU enabled.
[    0.473203] 	Rude variant of Tasks RCU enabled.
[    0.473206] 	Tracing variant of Tasks RCU enabled.
[    0.492942] NR_IRQS: 4352, nr_irqs: 488, preallocated irqs: 16
[    0.498936] calling  con_init+0x0/0x24f @ 0
[    0.683932] Console: colour VGA+ 80x25
[    0.684105] initcall con_init+0x0/0x24f returned 0 after 0 usecs
[    0.684110] calling  hvc_console_init+0x0/0x13 @ 0
[    0.684214] initcall hvc_console_init+0x0/0x13 returned 0 after 0 usecs
[    0.684218] calling  univ8250_console_init+0x0/0x26 @ 0
[    1.638601] printk: console [ttyS0] enabled
[    1.644731] initcall univ8250_console_init+0x0/0x26 returned 0 after 0 usecs
[    1.653599] Lock dependency validator: Copyright (c) 2006 Red Hat, Inc., Ingo Molnar
[    1.662132] ... MAX_LOCKDEP_SUBCLASSES:  8
[    1.666782] ... MAX_LOCK_DEPTH:          48
[    1.671656] ... MAX_LOCKDEP_KEYS:        8192
[    1.677681] ... CLASSHASH_SIZE:          4096
[    1.683573] ... MAX_LOCKDEP_ENTRIES:     32768
[    1.689527] ... MAX_LOCKDEP_CHAINS:      65536
[    1.695477] ... CHAINHASH_SIZE:          32768
[    1.701191]  memory used by lock dependency info: 6365 kB
[    1.707226]  memory used for stack traces: 4224 kB
[    1.712538]  per task-struct memory footprint: 1920 bytes
[    1.722203] ACPI: Core revision 20200925
[    1.729352] clocksource: hpet: mask: 0xffffffff max_cycles: 0xffffffff, max_idle_ns: 19112604467 ns
[    1.743178] APIC: Switch to symmetric I/O mode setup
[    1.766253] ..TIMER: vector=0x30 apic1=0 pin1=2 apic2=-1 pin2=-1
[    1.773637] clocksource: tsc-early: mask: 0xffffffffffffffff max_cycles: 0x39a85afc727, max_idle_ns: 881590685098 ns
[    1.786017] Calibrating delay loop (skipped) preset value.. 3999.99 BogoMIPS (lpj=1999999)
[    1.786656] pid_max: default: 32768 minimum: 301
[    1.789833] LSM: Security Framework initializing
[    1.791937] Mount-cache hash table entries: 1024 (order: 1, 8192 bytes, linear)
[    1.792644] Mountpoint-cache hash table entries: 1024 (order: 1, 8192 bytes, linear)
[    1.803048] Last level iTLB entries: 4KB 0, 2MB 0, 4MB 0
[    1.803639] Last level dTLB entries: 4KB 0, 2MB 0, 4MB 0, 1GB 0
[    1.804722] Spectre V1 : Mitigation: usercopy/swapgs barriers and __user pointer sanitization
[    1.805641] Spectre V2 : Mitigation: Retpolines
[    1.807642] Spectre V2 : Spectre v2 / SpectreRSB mitigation: Filling RSB on context switch
[    1.808638] Spectre V2 : Spectre v2 / SpectreRSB : Filling RSB on VMEXIT
[    1.809638] Speculative Store Bypass: Vulnerable
[    1.810670] MDS: Vulnerable: Clear CPU buffers attempted, no microcode
[    1.811638] MMIO Stale Data: Unknown: No mitigations
[    1.867245] Freeing SMP alternatives memory: 40K
[    1.971314] smpboot: CPU0: Intel Common KVM processor (family: 0xf, model: 0x6, stepping: 0x1)
[    1.973194] calling  init_hw_perf_events+0x0/0x6ce @ 1
[    1.973653] Performance Events: unsupported Netburst CPU model 6 no PMU driver, software events only.
[    1.974702] RCU test callback executed 1
[    1.975652] initcall init_hw_perf_events+0x0/0x6ce returned 0 after 1953 usecs
[    1.976644] calling  init_real_mode+0x0/0x1e9 @ 1
[    1.978820] initcall init_real_mode+0x0/0x1e9 returned 0 after 976 usecs
[    1.979667] calling  trace_init_perf_perm_irq_work_exit+0x0/0x12 @ 1
[    1.980663] initcall trace_init_perf_perm_irq_work_exit+0x0/0x12 returned 0 after 0 usecs
[    1.981656] calling  validate_x2apic+0x0/0x4a @ 1
[    1.982678] initcall validate_x2apic+0x0/0x4a returned 0 after 0 usecs
[    1.983643] calling  register_nmi_cpu_backtrace_handler+0x0/0x15 @ 1
[    1.984661] initcall register_nmi_cpu_backtrace_handler+0x0/0x15 returned 0 after 0 usecs
[    1.985644] calling  kvm_setup_vsyscall_timeinfo+0x0/0xce @ 1
[    1.986644] initcall kvm_setup_vsyscall_timeinfo+0x0/0xce returned 0 after 0 usecs
[    1.987644] calling  spawn_ksoftirqd+0x0/0x38 @ 1
[    1.988806] initcall spawn_ksoftirqd+0x0/0x38 returned 0 after 0 usecs
[    1.989643] calling  migration_init+0x0/0x31 @ 1
[    1.991633] initcall migration_init+0x0/0x31 returned 0 after 0 usecs
[    1.992668] calling  srcu_bootup_announce+0x0/0x2f @ 1
[    1.993640] rcu: Hierarchical SRCU implementation.
[    1.994643] initcall srcu_bootup_announce+0x0/0x2f returned 0 after 976 usecs
[    1.995643] calling  rcu_spawn_gp_kthread+0x0/0x1b0 @ 1
[    1.997696] initcall rcu_spawn_gp_kthread+0x0/0x1b0 returned 0 after 976 usecs
[    1.998643] calling  check_cpu_stall_init+0x0/0x1a @ 1
[    1.999644] initcall check_cpu_stall_init+0x0/0x1a returned 0 after 0 usecs
[    2.000642] calling  rcu_sysrq_init+0x0/0x21 @ 1
[    2.001703] initcall rcu_sysrq_init+0x0/0x21 returned 0 after 0 usecs
[    2.002695] calling  trace_init_flags_sys_enter+0x0/0xe @ 1
[    2.003679] RCU test callback executed 2
[    2.004643] initcall trace_init_flags_sys_enter+0x0/0xe returned 0 after 0 usecs
[    2.005642] calling  trace_init_flags_sys_exit+0x0/0xe @ 1
[    2.006641] initcall trace_init_flags_sys_exit+0x0/0xe returned 0 after 0 usecs
[    2.007646] calling  cpu_stop_init+0x0/0x8d @ 1
[    2.008799] initcall cpu_stop_init+0x0/0x8d returned 0 after 0 usecs
[    2.009646] calling  init_kprobes+0x0/0x16e @ 1
[    2.012009] initcall init_kprobes+0x0/0x16e returned 0 after 976 usecs
[    2.012643] calling  init_events+0x0/0x3d @ 1
[    2.014129] initcall init_events+0x0/0x3d returned 0 after 0 usecs
[    2.014642] calling  init_trace_printk+0x0/0xc @ 1
[    2.015649] initcall init_trace_printk+0x0/0xc returned 0 after 0 usecs
[    2.016647] calling  event_trace_enable_again+0x0/0x23 @ 1
[    2.017650] initcall event_trace_enable_again+0x0/0x23 returned 0 after 0 usecs
[    2.018646] calling  static_call_init+0x0/0x79 @ 1
[    2.019665] initcall static_call_init+0x0/0x79 returned 0 after 0 usecs
[    2.020655] calling  jump_label_init_module+0x0/0xc @ 1
[    2.021643] initcall jump_label_init_module+0x0/0xc returned 0 after 0 usecs
[    2.022642] calling  init_zero_pfn+0x0/0x37 @ 1
[    2.023643] initcall init_zero_pfn+0x0/0x37 returned 0 after 0 usecs
[    2.024643] calling  initialize_ptr_random+0x0/0x54 @ 1
[    2.026641] initcall initialize_ptr_random+0x0/0x54 returned 0 after 976 usecs
[    2.027642] calling  efi_memreserve_root_init+0x0/0x25 @ 1
[    2.028678] initcall efi_memreserve_root_init+0x0/0x25 returned 0 after 0 usecs
[    2.029642] calling  efi_earlycon_remap_fb+0x0/0x51 @ 1
[    2.030642] initcall efi_earlycon_remap_fb+0x0/0x51 returned 0 after 0 usecs
[    2.032107] smp: Bringing up secondary CPUs ...
[    2.034704] x86: Booting SMP configuration:
[    2.035644] .... node  #0, CPUs:      #1
[    1.284701] kvm-clock: cpu 1, msr 14b25041, secondary cpu clock
[    2.059961] kvm-guest: stealtime: cpu 1, msr 1f45bb40
[    2.074444]  #2
[    1.284701] kvm-clock: cpu 2, msr 14b25081, secondary cpu clock
[    2.095829] kvm-guest: stealtime: cpu 2, msr 1f49bb40
[    2.110309]  #3
[    1.284701] kvm-clock: cpu 3, msr 14b250c1, secondary cpu clock
[    2.132889] kvm-guest: stealtime: cpu 3, msr 1f4dbb40
[    2.151029]  #4
[    1.284701] kvm-clock: cpu 4, msr 14b25101, secondary cpu clock
[    2.173635] kvm-guest: stealtime: cpu 4, msr 1f51bb40
[    2.188652]  #5
[    1.284701] kvm-clock: cpu 5, msr 14b25141, secondary cpu clock
[    2.211842] kvm-guest: stealtime: cpu 5, msr 1f55bb40
[    2.226653]  #6
[    1.284701] kvm-clock: cpu 6, msr 14b25181, secondary cpu clock
[    2.248829] kvm-guest: stealtime: cpu 6, msr 1f59bb40
[    2.263652]  #7
[    1.284701] kvm-clock: cpu 7, msr 14b251c1, secondary cpu clock
[    2.286932] kvm-guest: stealtime: cpu 7, msr 1f5dbb40
[    2.300681] smp: Brought up 1 node, 8 CPUs
[    2.301644] smpboot: Max logical packages: 1
[    2.302642] smpboot: Total of 8 processors activated (31999.98 BogoMIPS)
[    2.322644] devtmpfs: initialized
[    2.326780] calling  ipc_ns_init+0x0/0x3d @ 1
[    2.327704] initcall ipc_ns_init+0x0/0x3d returned 0 after 0 usecs
[    2.328642] calling  init_mmap_min_addr+0x0/0x21 @ 1
[    2.329641] initcall init_mmap_min_addr+0x0/0x21 returned 0 after 0 usecs
[    2.330647] calling  pci_realloc_setup_params+0x0/0x3f @ 1
[    2.331651] initcall pci_realloc_setup_params+0x0/0x3f returned 0 after 0 usecs
[    2.332676] calling  net_ns_init+0x0/0x140 @ 1
[    2.336690] initcall net_ns_init+0x0/0x140 returned 0 after 2929 usecs
[    2.337663] calling  e820__register_nvs_regions+0x0/0x37 @ 1
[    2.338646] initcall e820__register_nvs_regions+0x0/0x37 returned 0 after 0 usecs
[    2.339645] calling  cpufreq_register_tsc_scaling+0x0/0x2e @ 1
[    2.341644] initcall cpufreq_register_tsc_scaling+0x0/0x2e returned 0 after 0 usecs
[    2.342644] calling  reboot_init+0x0/0x3c @ 1
[    2.343699] initcall reboot_init+0x0/0x3c returned 0 after 0 usecs
[    2.344648] calling  init_lapic_sysfs+0x0/0x20 @ 1
[    2.345669] initcall init_lapic_sysfs+0x0/0x20 returned 0 after 0 usecs
[    2.346643] calling  alloc_frozen_cpus+0x0/0x7 @ 1
[    2.347647] initcall alloc_frozen_cpus+0x0/0x7 returned 0 after 0 usecs
[    2.349642] calling  cpu_hotplug_pm_sync_init+0x0/0x13 @ 1
[    2.350667] initcall cpu_hotplug_pm_sync_init+0x0/0x13 returned 0 after 0 usecs
[    2.351643] calling  wq_sysfs_init+0x0/0x2a @ 1
[    2.352777] initcall wq_sysfs_init+0x0/0x2a returned 0 after 0 usecs
[    2.353644] calling  ksysfs_init+0x0/0x92 @ 1
[    2.354686] initcall ksysfs_init+0x0/0x92 returned 0 after 0 usecs
[    2.355645] calling  schedutil_gov_init+0x0/0xc @ 1
[    2.356917] initcall schedutil_gov_init+0x0/0xc returned 0 after 0 usecs
[    2.357646] calling  pm_init+0x0/0x76 @ 1
[    2.358764] initcall pm_init+0x0/0x76 returned 0 after 0 usecs
[    2.359647] calling  pm_disk_init+0x0/0x13 @ 1
[    2.360717] initcall pm_disk_init+0x0/0x13 returned 0 after 0 usecs
[    2.361644] calling  swsusp_header_init+0x0/0x2b @ 1
[    2.362655] initcall swsusp_header_init+0x0/0x2b returned 0 after 0 usecs
[    2.363646] calling  rcu_set_runtime_mode+0x0/0x2a @ 1
[    2.368765] initcall rcu_set_runtime_mode+0x0/0x2a returned 0 after 3906 usecs
[    2.369647] calling  init_jiffies_clocksource+0x0/0x13 @ 1
[    2.370644] clocksource: jiffies: mask: 0xffffffff max_cycles: 0xffffffff, max_idle_ns: 1911260446275000 ns
[    2.372633] initcall init_jiffies_clocksource+0x0/0x13 returned 0 after 976 usecs
[    2.373651] calling  futex_init+0x0/0x118 @ 1
[    2.374652] futex hash table entries: 2048 (order: 6, 262144 bytes, linear)
[    2.378542] initcall futex_init+0x0/0x118 returned 0 after 2929 usecs
[    2.378645] calling  cgroup_wq_init+0x0/0x28 @ 1
[    2.379667] initcall cgroup_wq_init+0x0/0x28 returned 0 after 0 usecs
[    2.380645] calling  cgroup1_wq_init+0x0/0x28 @ 1
[    2.381664] initcall cgroup1_wq_init+0x0/0x28 returned 0 after 0 usecs
[    2.382643] calling  init_kprobe_trace_early+0x0/0x2a @ 1
[    2.383724] initcall init_kprobe_trace_early+0x0/0x2a returned 0 after 0 usecs
[    2.384645] calling  fsnotify_init+0x0/0x56 @ 1
[    2.386756] initcall fsnotify_init+0x0/0x56 returned 0 after 0 usecs
[    2.387785] calling  filelock_init+0x0/0xb3 @ 1
[    2.388732] initcall filelock_init+0x0/0xb3 returned 0 after 0 usecs
[    2.389644] calling  init_misc_binfmt+0x0/0x2c @ 1
[    2.390682] initcall init_misc_binfmt+0x0/0x2c returned 0 after 0 usecs
[    2.391643] calling  init_script_binfmt+0x0/0x15 @ 1
[    2.392646] initcall init_script_binfmt+0x0/0x15 returned 0 after 0 usecs
[    2.393649] calling  init_elf_binfmt+0x0/0x15 @ 1
[    2.394652] initcall init_elf_binfmt+0x0/0x15 returned 0 after 0 usecs
[    2.395645] calling  init_compat_elf_binfmt+0x0/0x15 @ 1
[    2.396646] initcall init_compat_elf_binfmt+0x0/0x15 returned 0 after 0 usecs
[    2.397646] calling  debugfs_init+0x0/0x5c @ 1
[    2.398662] initcall debugfs_init+0x0/0x5c returned 0 after 0 usecs
[    2.399644] calling  tracefs_init+0x0/0x3a @ 1
[    2.400653] initcall tracefs_init+0x0/0x3a returned 0 after 0 usecs
[    2.401643] calling  prandom_init_early+0x0/0x15d @ 1
[    2.402644] initcall prandom_init_early+0x0/0x15d returned 0 after 0 usecs
[    2.403671] calling  virtio_init+0x0/0x20 @ 1
[    2.405834] initcall virtio_init+0x0/0x20 returned 0 after 976 usecs
[    2.406874] calling  iommu_init+0x0/0x2a @ 1
[    2.407680] initcall iommu_init+0x0/0x2a returned 0 after 0 usecs
[    2.408646] calling  component_debug_init+0x0/0x1c @ 1
[    2.409965] initcall component_debug_init+0x0/0x1c returned 0 after 0 usecs
[    2.410643] calling  early_resume_init+0x0/0xb9 @ 1
[    2.412643] PM: RTC time: 02:52:20, date: 2022-12-13
[    2.413665] initcall early_resume_init+0x0/0xb9 returned 0 after 1953 usecs
[    2.414644] calling  cpufreq_core_init+0x0/0x62 @ 1
[    2.415655] initcall cpufreq_core_init+0x0/0x62 returned 0 after 0 usecs
[    2.416643] calling  cpufreq_gov_performance_init+0x0/0xc @ 1
[    2.417660] initcall cpufreq_gov_performance_init+0x0/0xc returned 0 after 0 usecs
[    2.418642] calling  cpufreq_gov_userspace_init+0x0/0xc @ 1
[    2.419644] initcall cpufreq_gov_userspace_init+0x0/0xc returned 0 after 0 usecs
[    2.420642] calling  CPU_FREQ_GOV_ONDEMAND_init+0x0/0xc @ 1
[    2.421644] initcall CPU_FREQ_GOV_ONDEMAND_init+0x0/0xc returned 0 after 0 usecs
[    2.422642] calling  cpuidle_init+0x0/0x1f @ 1
[    2.423705] initcall cpuidle_init+0x0/0x1f returned 0 after 0 usecs
[    2.425642] calling  capsule_reboot_register+0x0/0xc @ 1
[    2.426690] initcall capsule_reboot_register+0x0/0xc returned 0 after 0 usecs
[    2.427643] calling  sock_init+0x0/0x93 @ 1
[    2.430216] initcall sock_init+0x0/0x93 returned 0 after 976 usecs
[    2.430643] calling  net_inuse_init+0x0/0x23 @ 1
[    2.431683] initcall net_inuse_init+0x0/0x23 returned 0 after 0 usecs
[    2.432642] calling  net_defaults_init+0x0/0x23 @ 1
[    2.433643] initcall net_defaults_init+0x0/0x23 returned 0 after 0 usecs
[    2.434641] calling  init_default_flow_dissectors+0x0/0x4f @ 1
[    2.435709] initcall init_default_flow_dissectors+0x0/0x4f returned 0 after 0 usecs
[    2.436642] calling  netpoll_init+0x0/0x44 @ 1
[    2.437642] initcall netpoll_init+0x0/0x44 returned 0 after 0 usecs
[    2.438641] calling  netlink_proto_init+0x0/0x154 @ 1
[    2.441879] NET: Registered protocol family 16
[    2.442872] initcall netlink_proto_init+0x0/0x154 returned 0 after 2929 usecs
[    2.443660] calling  genl_init+0x0/0x35 @ 1
[    2.444731] initcall genl_init+0x0/0x35 returned 0 after 0 usecs
[    2.445644] calling  bsp_pm_check_init+0x0/0x13 @ 1
[    2.446644] initcall bsp_pm_check_init+0x0/0x13 returned 0 after 0 usecs
[    2.447662] calling  irq_sysfs_init+0x0/0xb9 @ 1
[    2.449701] initcall irq_sysfs_init+0x0/0xb9 returned 0 after 976 usecs
[    2.450645] calling  audit_init+0x0/0x127 @ 1
[    2.451649] audit: initializing netlink subsys (disabled)
[    2.453876] initcall audit_init+0x0/0x127 returned 0 after 1953 usecs
[    2.453834] audit: type=2000 audit(1670899939.153:1): state=initialized audit_enabled=0 res=1
[    2.454644] calling  release_early_probes+0x0/0x32 @ 1
[    2.456646] initcall release_early_probes+0x0/0x32 returned 0 after 0 usecs
[    2.457647] calling  bdi_class_init+0x0/0x48 @ 1
[    2.458743] initcall bdi_class_init+0x0/0x48 returned 0 after 0 usecs
[    2.459648] calling  mm_sysfs_init+0x0/0x28 @ 1
[    2.460657] initcall mm_sysfs_init+0x0/0x28 returned 0 after 0 usecs
[    2.461645] calling  init_per_zone_wmark_min+0x0/0x6d @ 1
[    2.463680] initcall init_per_zone_wmark_min+0x0/0x6d returned 0 after 0 usecs
[    2.464644] calling  mpi_init+0x0/0x3e @ 1
[    2.465673] initcall mpi_init+0x0/0x3e returned 0 after 0 usecs
[    2.466644] calling  kobject_uevent_init+0x0/0xc @ 1
[    2.467677] initcall kobject_uevent_init+0x0/0xc returned 0 after 0 usecs
[    2.468643] calling  pcibus_class_init+0x0/0x13 @ 1
[    2.469705] initcall pcibus_class_init+0x0/0x13 returned 0 after 0 usecs
[    2.470658] calling  pci_driver_init+0x0/0x21 @ 1
[    2.471703] initcall pci_driver_init+0x0/0x21 returned 0 after 0 usecs
[    2.472644] calling  backlight_class_init+0x0/0xa8 @ 1
[    2.473683] initcall backlight_class_init+0x0/0xa8 returned 0 after 0 usecs
[    2.474643] calling  tty_class_init+0x0/0x33 @ 1
[    2.475658] initcall tty_class_init+0x0/0x33 returned 0 after 0 usecs
[    2.476644] calling  vtconsole_class_init+0x0/0xb5 @ 1
[    2.478746] initcall vtconsole_class_init+0x0/0xb5 returned 0 after 976 usecs
[    2.479646] calling  iommu_dev_init+0x0/0x13 @ 1
[    2.480709] initcall iommu_dev_init+0x0/0x13 returned 0 after 0 usecs
[    2.481644] calling  mipi_dsi_bus_init+0x0/0xc @ 1
[    2.482693] initcall mipi_dsi_bus_init+0x0/0xc returned 0 after 0 usecs
[    2.483644] calling  devlink_class_init+0x0/0x40 @ 1
[    2.484688] initcall devlink_class_init+0x0/0x40 returned 0 after 0 usecs
[    2.485644] calling  software_node_init+0x0/0x2a @ 1
[    2.486653] initcall software_node_init+0x0/0x2a returned 0 after 0 usecs
[    2.487644] calling  wakeup_sources_debugfs_init+0x0/0x23 @ 1
[    2.488692] initcall wakeup_sources_debugfs_init+0x0/0x23 returned 0 after 0 usecs
[    2.489648] calling  wakeup_sources_sysfs_init+0x0/0x2c @ 1
[    2.490673] initcall wakeup_sources_sysfs_init+0x0/0x2c returned 0 after 0 usecs
[    2.492652] calling  register_node_type+0x0/0x13 @ 1
[    2.493738] initcall register_node_type+0x0/0x13 returned 0 after 0 usecs
[    2.494644] calling  regmap_initcall+0x0/0xc @ 1
[    2.495863] initcall regmap_initcall+0x0/0xc returned 0 after 0 usecs
[    2.496642] calling  i2c_init+0x0/0xb3 @ 1
[    2.497902] initcall i2c_init+0x0/0xb3 returned 0 after 0 usecs
[    2.498642] calling  thermal_init+0x0/0x116 @ 1
[    2.499826] thermal_sys: Registered thermal governor 'step_wise'
[    2.499829] thermal_sys: Registered thermal governor 'user_space'
[    2.500661] initcall thermal_init+0x0/0x116 returned 0 after 976 usecs
[    2.503642] calling  init_menu+0x0/0xc @ 1
[    2.505716] cpuidle: using governor menu
[    2.506644] initcall init_menu+0x0/0xc returned 0 after 1953 usecs
[    2.507644] calling  pcc_init+0x0/0x4d @ 1
[    2.509659] initcall pcc_init+0x0/0x4d returned -19 after 0 usecs
[    2.510645] calling  amd_postcore_init+0x0/0x11e @ 1
[    2.511644] initcall amd_postcore_init+0x0/0x11e returned 0 after 0 usecs
[    2.513703] calling  bts_init+0x0/0xba @ 1
[    2.514644] initcall bts_init+0x0/0xba returned -19 after 0 usecs
[    2.515642] calling  pt_init+0x0/0x34d @ 1
[    2.516642] initcall pt_init+0x0/0x34d returned -19 after 0 usecs
[    2.517647] calling  boot_params_ksysfs_init+0x0/0x2ee @ 1
[    2.518730] initcall boot_params_ksysfs_init+0x0/0x2ee returned 0 after 0 usecs
[    2.520644] calling  sbf_init+0x0/0xea @ 1
[    2.521645] initcall sbf_init+0x0/0xea returned 0 after 0 usecs
[    2.522645] calling  arch_kdebugfs_init+0x0/0x219 @ 1
[    2.524701] initcall arch_kdebugfs_init+0x0/0x219 returned 0 after 976 usecs
[    2.525661] calling  intel_pconfig_init+0x0/0x85 @ 1
[    2.526648] initcall intel_pconfig_init+0x0/0x85 returned 0 after 0 usecs
[    2.527659] calling  mtrr_if_init+0x0/0x5d @ 1
[    2.528652] initcall mtrr_if_init+0x0/0x5d returned 0 after 0 usecs
[    2.529647] calling  activate_jump_labels+0x0/0x31 @ 1
[    2.530655] initcall activate_jump_labels+0x0/0x31 returned 0 after 0 usecs
[    2.531645] calling  ffh_cstate_init+0x0/0x29 @ 1
[    2.532650] initcall ffh_cstate_init+0x0/0x29 returned 0 after 0 usecs
[    2.533646] calling  activate_jump_labels+0x0/0x31 @ 1
[    2.535940] initcall activate_jump_labels+0x0/0x31 returned 0 after 976 usecs
[    2.536646] calling  kvm_alloc_cpumask+0x0/0x74 @ 1
[    2.537712] initcall kvm_alloc_cpumask+0x0/0x74 returned 0 after 0 usecs
[    2.538646] calling  kcmp_cookies_init+0x0/0x37 @ 1
[    2.539650] initcall kcmp_cookies_init+0x0/0x37 returned 0 after 0 usecs
[    2.540643] calling  cryptomgr_init+0x0/0xc @ 1
[    2.541740] initcall cryptomgr_init+0x0/0xc returned 0 after 0 usecs
[    2.542644] calling  acpi_pci_init+0x0/0x57 @ 1
[    2.543671] ACPI: bus type PCI registered
[    2.544644] initcall acpi_pci_init+0x0/0x57 returned 0 after 976 usecs
[    2.545644] calling  dma_channel_table_init+0x0/0xd1 @ 1
[    2.546662] initcall dma_channel_table_init+0x0/0xd1 returned 0 after 0 usecs
[    2.547643] calling  dma_bus_init+0x0/0xdc @ 1
[    2.548837] initcall dma_bus_init+0x0/0xdc returned 0 after 0 usecs
[    2.549710] calling  iommu_dma_init+0x0/0x10 @ 1
[    2.550815] initcall iommu_dma_init+0x0/0x10 returned 0 after 0 usecs
[    2.551645] calling  dmi_id_init+0x0/0x37c @ 1
[    2.552938] initcall dmi_id_init+0x0/0x37c returned 0 after 0 usecs
[    2.553644] calling  pci_arch_init+0x0/0x71 @ 1
[    2.555844] PCI: MMCONFIG for domain 0000 [bus 00-ff] at [mem 0xb0000000-0xbfffffff] (base 0xb0000000)
[    2.556648] PCI: MMCONFIG at [mem 0xb0000000-0xbfffffff] reserved in E820
[    2.557744] PCI: Using configuration type 1 for base access
[    2.558691] initcall pci_arch_init+0x0/0x71 returned 0 after 3906 usecs
[    2.559664] calling  init_vdso+0x0/0x13 @ 1
[    2.560677] initcall init_vdso+0x0/0x13 returned 0 after 0 usecs
[    2.561642] calling  sysenter_setup+0x0/0x13 @ 1
[    2.562676] initcall sysenter_setup+0x0/0x13 returned 0 after 0 usecs
[    2.563642] calling  fixup_ht_bug+0x0/0xe5 @ 1
[    2.564642] initcall fixup_ht_bug+0x0/0xe5 returned 0 after 0 usecs
[    2.565642] calling  topology_init+0x0/0x88 @ 1
[    2.567812] initcall topology_init+0x0/0x88 returned 0 after 976 usecs
[    2.568644] calling  intel_epb_init+0x0/0x68 @ 1
[    2.569644] initcall intel_epb_init+0x0/0x68 returned -19 after 0 usecs
[    2.570643] calling  mtrr_init_finialize+0x0/0x3e @ 1
[    2.571644] initcall mtrr_init_finialize+0x0/0x3e returned 0 after 0 usecs
[    2.572642] calling  uid_cache_init+0x0/0x85 @ 1
[    2.573670] initcall uid_cache_init+0x0/0x85 returned 0 after 0 usecs
[    2.574642] calling  param_sysfs_init+0x0/0x1ba @ 1
[    2.589203] initcall param_sysfs_init+0x0/0x1ba returned 0 after 12695 usecs
[    2.589644] calling  user_namespace_sysctl_init+0x0/0x33 @ 1
[    2.590697] initcall user_namespace_sysctl_init+0x0/0x33 returned 0 after 0 usecs
[    2.591695] calling  proc_schedstat_init+0x0/0x24 @ 1
[    2.592651] initcall proc_schedstat_init+0x0/0x24 returned 0 after 0 usecs
[    2.593644] calling  pm_sysrq_init+0x0/0x18 @ 1
[    2.595813] initcall pm_sysrq_init+0x0/0x18 returned 0 after 976 usecs
[    2.596816] calling  create_proc_profile+0x0/0xd0 @ 1
[    2.597662] initcall create_proc_profile+0x0/0xd0 returned 0 after 0 usecs
[    2.598651] calling  time_ns_init+0x0/0x7 @ 1
[    2.599646] initcall time_ns_init+0x0/0x7 returned 0 after 0 usecs
[    2.600684] calling  crash_save_vmcoreinfo_init+0x0/0x722 @ 1
[    2.602818] initcall crash_save_vmcoreinfo_init+0x0/0x722 returned 0 after 0 usecs
[    2.603645] calling  crash_notes_memory_init+0x0/0x35 @ 1
[    2.604657] initcall crash_notes_memory_init+0x0/0x35 returned 0 after 0 usecs
[    2.605648] calling  cgroup_sysfs_init+0x0/0x13 @ 1
[    2.606687] initcall cgroup_sysfs_init+0x0/0x13 returned 0 after 0 usecs
[    2.607646] calling  cgroup_namespaces_init+0x0/0x7 @ 1
[    2.608645] initcall cgroup_namespaces_init+0x0/0x7 returned 0 after 0 usecs
[    2.609647] calling  init_optprobes+0x0/0x13 @ 1
[    2.610720] Kprobes globally optimized
[    2.612649] initcall init_optprobes+0x0/0x13 returned 0 after 1953 usecs
[    2.613659] calling  oom_init+0x0/0x2f @ 1
[    2.615809] initcall oom_init+0x0/0x2f returned 0 after 976 usecs
[    2.616649] calling  default_bdi_init+0x0/0xb3 @ 1
[    2.618988] initcall default_bdi_init+0x0/0xb3 returned 0 after 976 usecs
[    2.619644] calling  percpu_enable_async+0x0/0xe @ 1
[    2.620642] initcall percpu_enable_async+0x0/0xe returned 0 after 0 usecs
[    2.621643] calling  kcompactd_init+0x0/0x8d @ 1
[    2.623791] initcall kcompactd_init+0x0/0x8d returned 0 after 976 usecs
[    2.624684] calling  init_user_reserve+0x0/0x40 @ 1
[    2.625644] initcall init_user_reserve+0x0/0x40 returned 0 after 0 usecs
[    2.626643] calling  init_admin_reserve+0x0/0x40 @ 1
[    2.627644] initcall init_admin_reserve+0x0/0x40 returned 0 after 0 usecs
[    2.628645] calling  init_reserve_notifier+0x0/0x7 @ 1
[    2.629645] initcall init_reserve_notifier+0x0/0x7 returned 0 after 0 usecs
[    2.630644] calling  swap_init_sysfs+0x0/0x62 @ 1
[    2.632659] initcall swap_init_sysfs+0x0/0x62 returned 0 after 0 usecs
[    2.633646] calling  swapfile_init+0x0/0x94 @ 1
[    2.634646] initcall swapfile_init+0x0/0x94 returned 0 after 0 usecs
[    2.635644] calling  hugetlb_init+0x0/0x499 @ 1
[    2.636660] HugeTLB registered 2.00 MiB page size, pre-allocated 0 pages
[    2.637747] initcall hugetlb_init+0x0/0x499 returned 0 after 976 usecs
[    2.638644] calling  io_wq_init+0x0/0x34 @ 1
[    2.639650] initcall io_wq_init+0x0/0x34 returned 0 after 0 usecs
[    2.640643] calling  seqiv_module_init+0x0/0xc @ 1
[    2.641791] initcall seqiv_module_init+0x0/0xc returned 0 after 0 usecs
[    2.642643] calling  echainiv_module_init+0x0/0xc @ 1
[    2.643645] initcall echainiv_module_init+0x0/0xc returned 0 after 0 usecs
[    2.644721] calling  rsa_init+0x0/0x50 @ 1
[    2.647646] initcall rsa_init+0x0/0x50 returned 0 after 1953 usecs
[    2.647733] cryptomgr_test (61) used greatest stack depth: 14864 bytes left
[    2.648642] calling  crypto_cmac_module_init+0x0/0xc @ 1
[    2.648661] initcall crypto_cmac_module_init+0x0/0xc returned 0 after 0 usecs
[    2.648663] calling  hmac_module_init+0x0/0xc @ 1
[    2.648666] initcall hmac_module_init+0x0/0xc returned 0 after 0 usecs
[    2.648669] calling  crypto_null_mod_init+0x0/0x65 @ 1
[    2.653869] initcall crypto_null_mod_init+0x0/0x65 returned 0 after 4882 usecs
[    2.700651] calling  md5_mod_init+0x0/0xc @ 1
[    2.707652] initcall md5_mod_init+0x0/0xc returned 0 after 1953 usecs
[    2.714796] calling  sha256_generic_mod_init+0x0/0x11 @ 1
[    2.724675] initcall sha256_generic_mod_init+0x0/0x11 returned 0 after 2929 usecs
[    2.733647] calling  crypto_cbc_module_init+0x0/0xc @ 1
[    2.739654] initcall crypto_cbc_module_init+0x0/0xc returned 0 after 0 usecs
[    2.749645] calling  crypto_ctr_module_init+0x0/0x11 @ 1
[    2.756671] initcall crypto_ctr_module_init+0x0/0x11 returned 0 after 0 usecs
[    2.764643] calling  crypto_gcm_module_init+0x0/0x64 @ 1
[    2.771667] initcall crypto_gcm_module_init+0x0/0x64 returned 0 after 0 usecs
[    2.779644] calling  crypto_ccm_module_init+0x0/0x11 @ 1
[    2.787655] initcall crypto_ccm_module_init+0x0/0x11 returned 0 after 0 usecs
[    2.798650] calling  aes_init+0x0/0xc @ 1
[    2.805910] initcall aes_init+0x0/0xc returned 0 after 976 usecs
[    2.815648] calling  crc32c_mod_init+0x0/0xc @ 1
[    2.824645] initcall crc32c_mod_init+0x0/0xc returned 0 after 1953 usecs
[    2.832647] calling  crypto_authenc_module_init+0x0/0xc @ 1
[    2.838647] initcall crypto_authenc_module_init+0x0/0xc returned 0 after 0 usecs
[    2.847646] calling  crypto_authenc_esn_module_init+0x0/0xc @ 1
[    2.854647] initcall crypto_authenc_esn_module_init+0x0/0xc returned 0 after 0 usecs
[    2.863645] calling  drbg_init+0x0/0x7c @ 1
[    2.878786] initcall drbg_init+0x0/0x7c returned 0 after 9765 usecs
[    2.886651] calling  ghash_mod_init+0x0/0xc @ 1
[    2.893644] initcall ghash_mod_init+0x0/0xc returned 0 after 1953 usecs
[    2.900694] calling  init_bio+0x0/0x9a @ 1
[    2.906025] initcall init_bio+0x0/0x9a returned 0 after 976 usecs
[    2.913644] calling  blk_settings_init+0x0/0x29 @ 1
[    2.919643] initcall blk_settings_init+0x0/0x29 returned 0 after 0 usecs
[    2.927643] calling  blk_ioc_init+0x0/0x29 @ 1
[    2.929654] initcall blk_ioc_init+0x0/0x29 returned 0 after 0 usecs
[    2.937643] calling  blk_mq_init+0x0/0xb9 @ 1
[    2.942665] initcall blk_mq_init+0x0/0xb9 returned 0 after 0 usecs
[    2.949644] calling  genhd_device_init+0x0/0x75 @ 1
[    2.958435] initcall genhd_device_init+0x0/0x75 returned 0 after 1953 usecs
[    2.966953] calling  pci_slot_init+0x0/0x40 @ 1
[    2.972687] initcall pci_slot_init+0x0/0x40 returned 0 after 0 usecs
[    2.980647] calling  fbmem_init+0x0/0xd8 @ 1
[    2.987023] initcall fbmem_init+0x0/0xd8 returned 0 after 0 usecs
[    2.994648] calling  acpi_init+0x0/0x319 @ 1
[    2.999748] ACPI: Added _OSI(Module Device)
[    3.005637] ACPI: Added _OSI(Processor Device)
[    3.011641] ACPI: Added _OSI(3.0 _SCP Extensions)
[    3.017641] ACPI: Added _OSI(Processor Aggregator Device)
[    3.023644] ACPI: Added _OSI(Linux-Dell-Video)
[    3.029646] ACPI: Added _OSI(Linux-Lenovo-NV-HDMI-Audio)
[    3.035643] ACPI: Added _OSI(Linux-HPI-Hybrid-Graphics)
[    3.047348] ACPI: 1 ACPI AML tables successfully acquired and loaded
[    3.061400] ACPI: Interpreter enabled
[    3.065743] ACPI: (supports S0 S3 S4 S5)
[    3.071638] ACPI: Using IOAPIC for interrupt routing
[    3.077713] PCI: Using host bridge windows from ACPI; if necessary, use "pci=nocrs" and report a bug
[    3.089939] ACPI: Enabled 2 GPEs in block 00 to 3F
[    3.109164] ACPI: PCI Root Bridge [PCI0] (domain 0000 [bus 00-ff])
[    3.117654] acpi PNP0A08:00: _OSC: OS supports [ExtendedConfig ASPM ClockPM Segments MSI HPX-Type3]
[    3.129010] acpi PNP0A08:00: _OSC: platform does not support [LTR]
[    3.136933] acpi PNP0A08:00: _OSC: OS now controls [PME PCIeCapability]
[    3.145944] PCI host bridge to bus 0000:00
[    3.151647] pci_bus 0000:00: root bus resource [io  0x0000-0x0cf7 window]
[    3.159650] pci_bus 0000:00: root bus resource [io  0x0d00-0xffff window]
[    3.168643] pci_bus 0000:00: root bus resource [mem 0x000a0000-0x000bffff window]
[    3.177643] pci_bus 0000:00: root bus resource [mem 0x20000000-0xafffffff window]
[    3.186643] pci_bus 0000:00: root bus resource [mem 0xc0000000-0xfebfffff window]
[    3.194643] pci_bus 0000:00: root bus resource [mem 0x100000000-0x8ffffffff window]
[    3.203645] pci_bus 0000:00: root bus resource [bus 00-ff]
[    3.211469] pci 0000:00:00.0: calling  quirk_mmio_always_on+0x0/0x10 @ 1
[    3.221773] pci 0000:00:00.0: quirk_mmio_always_on+0x0/0x10 took 0 usecs
[    3.232647] pci 0000:00:00.0: [8086:29c0] type 00 class 0x060000
[    3.244963] pci 0000:00:00.0: calling  quirk_igfx_skip_te_disable+0x0/0x80 @ 1
[    3.256661] pci 0000:00:00.0: quirk_igfx_skip_te_disable+0x0/0x80 took 0 usecs
[    3.269855] pci 0000:00:01.0: [1234:1111] type 00 class 0x030000
[    3.288521] pci 0000:00:01.0: reg 0x10: [mem 0xfd000000-0xfdffffff pref]
[    3.312231] pci 0000:00:01.0: reg 0x18: [mem 0xfebf0000-0xfebf0fff]
[    3.353633] pci 0000:00:01.0: reg 0x30: [mem 0xfebe0000-0xfebeffff pref]
[    3.366633] pci 0000:00:01.0: calling  efifb_fixup_resources+0x0/0xf0 @ 1
[    3.377002] pci 0000:00:01.0: efifb_fixup_resources+0x0/0xf0 took 0 usecs
[    3.420826] pci 0000:00:1f.0: [8086:2918] type 00 class 0x060100
[    3.428842] pci 0000:00:1f.0: calling  quirk_ich7_lpc+0x0/0x60 @ 1
[    3.437884] pci 0000:00:1f.0: quirk: [io  0x0600-0x067f] claimed by ICH6 ACPI/GPIO/TCO
[    3.447987] pci 0000:00:1f.0: quirk_ich7_lpc+0x0/0x60 took 9765 usecs
[    3.455428] pci 0000:00:1f.0: calling  quirk_igfx_skip_te_disable+0x0/0x80 @ 1
[    3.465777] pci 0000:00:1f.0: quirk_igfx_skip_te_disable+0x0/0x80 took 0 usecs
[    3.539633] pci 0000:00:1f.2: [8086:2922] type 00 class 0x010601
[    3.539633] pci 0000:00:1f.2: reg 0x20: [io  0xc040-0xc05f]
[    3.539633] pci 0000:00:1f.2: reg 0x24: [mem 0xfebf1000-0xfebf1fff]
[    3.542873] pci 0000:00:1f.2: calling  quirk_igfx_skip_te_disable+0x0/0x80 @ 1
[    3.545650] pci 0000:00:1f.2: quirk_igfx_skip_te_disable+0x0/0x80 took 0 usecs
[    3.564751] pci 0000:00:1f.3: [8086:2930] type 00 class 0x0c0500
[    3.581647] pci 0000:00:1f.3: reg 0x20: [io  0x0700-0x073f]
[    3.588445] pci 0000:00:1f.3: calling  quirk_igfx_skip_te_disable+0x0/0x80 @ 1
[    3.599653] pci 0000:00:1f.3: quirk_igfx_skip_te_disable+0x0/0x80 took 0 usecs
[    3.631421] ACPI: PCI Interrupt Link [LNKA] (IRQs 5 *10 11)
[    3.640114] ACPI: PCI Interrupt Link [LNKB] (IRQs 5 *10 11)
[    3.647361] ACPI: PCI Interrupt Link [LNKC] (IRQs 5 10 *11)
[    3.656711] ACPI: PCI Interrupt Link [LNKD] (IRQs 5 10 *11)
[    3.662859] ACPI: PCI Interrupt Link [LNKE] (IRQs 5 *10 11)
[    3.666861] ACPI: PCI Interrupt Link [LNKF] (IRQs 5 *10 11)
[    3.675232] ACPI: PCI Interrupt Link [LNKG] (IRQs 5 10 *11)
[    3.680656] ACPI: PCI Interrupt Link [LNKH] (IRQs 5 10 *11)
[    3.686267] ACPI: PCI Interrupt Link [GSIA] (IRQs *16)
[    3.690939] ACPI: PCI Interrupt Link [GSIB] (IRQs *17)
[    3.696863] ACPI: PCI Interrupt Link [GSIC] (IRQs *18)
[    3.704774] ACPI: PCI Interrupt Link [GSID] (IRQs *19)
[    3.713018] ACPI: PCI Interrupt Link [GSIE] (IRQs *20)
[    3.716660] ACPI: PCI Interrupt Link [GSIF] (IRQs *21)
[    3.723879] ACPI: PCI Interrupt Link [GSIG] (IRQs *22)
[    3.732007] ACPI: PCI Interrupt Link [GSIH] (IRQs *23)
[    3.756939] initcall acpi_init+0x0/0x319 returned 0 after 739257 usecs
[    3.766814] calling  pnp_init+0x0/0xc @ 1
[    3.775720] initcall pnp_init+0x0/0xc returned 0 after 0 usecs
[    3.782650] calling  misc_init+0x0/0xbf @ 1
[    3.788978] initcall misc_init+0x0/0xbf returned 0 after 0 usecs
[    3.796649] calling  iommu_subsys_init+0x0/0x4e @ 1
[    3.802720] iommu: Default domain type: Translated 
[    3.810655] initcall iommu_subsys_init+0x0/0x4e returned 0 after 7812 usecs
[    3.820652] calling  vga_arb_device_init+0x0/0x261 @ 1
[    3.831965] pci 0000:00:01.0: vgaarb: setting as boot VGA device
[    3.832633] pci 0000:00:01.0: vgaarb: VGA device added: decodes=io+mem,owns=io+mem,locks=none
[    3.849652] pci 0000:00:01.0: vgaarb: bridge control possible
[    3.857642] vgaarb: loaded
[    3.860647] initcall vga_arb_device_init+0x0/0x261 returned 0 after 32226 usecs
[    3.869690] calling  cn_init+0x0/0xf0 @ 1
[    3.876145] initcall cn_init+0x0/0xf0 returned 0 after 976 usecs
[    3.882647] calling  dma_buf_init+0x0/0xad @ 1
[    3.889832] initcall dma_buf_init+0x0/0xad returned 0 after 1953 usecs
[    3.898650] calling  dma_resv_lockdep+0x0/0x281 @ 1
[    3.908141] initcall dma_resv_lockdep+0x0/0x281 returned 0 after 976 usecs
[    3.918648] calling  init_scsi+0x0/0x79 @ 1
[    3.926673] SCSI subsystem initialized
[    3.930687] initcall init_scsi+0x0/0x79 returned 0 after 5859 usecs
[    3.938651] calling  ata_init+0x0/0x332 @ 1
[    3.945647] libata version 3.00 loaded.
[    3.950647] initcall ata_init+0x0/0x332 returned 0 after 5859 usecs
[    3.958711] calling  phy_init+0x0/0x250 @ 1
[    3.964668] initcall phy_init+0x0/0x250 returned 0 after 976 usecs
[    3.972647] calling  init_pcmcia_cs+0x0/0x35 @ 1
[    3.978794] initcall init_pcmcia_cs+0x0/0x35 returned 0 after 0 usecs
[    3.985649] calling  usb_common_init+0x0/0x1c @ 1
[    3.990825] initcall usb_common_init+0x0/0x1c returned 0 after 0 usecs
[    3.996648] calling  usb_init+0x0/0x12e @ 1
[    4.003945] ACPI: bus type USB registered
[    4.011865] usbcore: registered new interface driver usbfs
[    4.019934] usbcore: registered new interface driver hub
[    4.029172] usbcore: registered new device driver usb
[    4.035654] initcall usb_init+0x0/0x12e returned 0 after 32226 usecs
[    4.046647] calling  serio_init+0x0/0x29 @ 1
[    4.052355] initcall serio_init+0x0/0x29 returned 0 after 976 usecs
[    4.060646] calling  input_init+0x0/0xf6 @ 1
[    4.067129] initcall input_init+0x0/0xf6 returned 0 after 0 usecs
[    4.072646] calling  rtc_init+0x0/0x4d @ 1
[    4.078675] initcall rtc_init+0x0/0x4d returned 0 after 0 usecs
[    4.085653] calling  pps_init+0x0/0xa9 @ 1
[    4.092050] pps_core: LinuxPPS API ver. 1 registered
[    4.097641] pps_core: Software ver. 5.3.6 - Copyright 2005-2007 Rodolfo Giometti <giometti@linux.it>
[    4.108647] initcall pps_init+0x0/0xa9 returned 0 after 16601 usecs
[    4.116645] calling  ptp_init+0x0/0x98 @ 1
[    4.120688] PTP clock support registered
[    4.127647] initcall ptp_init+0x0/0x98 returned 0 after 6835 usecs
[    4.132647] calling  power_supply_class_init+0x0/0x3f @ 1
[    4.142447] initcall power_supply_class_init+0x0/0x3f returned 0 after 0 usecs
[    4.150647] calling  hwmon_init+0x0/0x104 @ 1
[    4.153681] initcall hwmon_init+0x0/0x104 returned 0 after 0 usecs
[    4.162649] calling  md_init+0x0/0x16b @ 1
[    4.178646] initcall md_init+0x0/0x16b returned 0 after 11718 usecs
[    4.185653] calling  leds_init+0x0/0x3b @ 1
[    4.190941] initcall leds_init+0x0/0x3b returned 0 after 0 usecs
[    4.199647] calling  dmi_init+0x0/0x113 @ 1
[    4.205154] initcall dmi_init+0x0/0x113 returned 0 after 976 usecs
[    4.212649] calling  efisubsys_init+0x0/0x4e7 @ 1
[    4.218728] initcall efisubsys_init+0x0/0x4e7 returned 0 after 0 usecs
[    4.226409] calling  nvmem_init+0x0/0xc @ 1
[    4.230900] initcall nvmem_init+0x0/0xc returned 0 after 0 usecs
[    4.239646] calling  init_soundcore+0x0/0x33 @ 1
[    4.245741] initcall init_soundcore+0x0/0x33 returned 0 after 0 usecs
[    4.253644] calling  alsa_sound_init+0x0/0x8f @ 1
[    4.261449] Advanced Linux Sound Architecture Driver Initialized.
[    4.268650] initcall alsa_sound_init+0x0/0x8f returned 0 after 8789 usecs
[    4.276644] calling  alsa_seq_device_init+0x0/0x71 @ 1
[    4.282705] initcall alsa_seq_device_init+0x0/0x71 returned 0 after 0 usecs
[    4.291645] calling  hda_bus_init+0x0/0xc @ 1
[    4.296983] initcall hda_bus_init+0x0/0xc returned 0 after 0 usecs
[    4.304644] calling  proto_init+0x0/0xc @ 1
[    4.309786] initcall proto_init+0x0/0xc returned 0 after 0 usecs
[    4.316642] calling  net_dev_init+0x0/0x27f @ 1
[    4.324421] initcall net_dev_init+0x0/0x27f returned 0 after 1953 usecs
[    4.331644] calling  neigh_init+0x0/0x84 @ 1
[    4.336664] initcall neigh_init+0x0/0x84 returned 0 after 0 usecs
[    4.343643] calling  fib_notifier_init+0x0/0xc @ 1
[    4.349652] initcall fib_notifier_init+0x0/0xc returned 0 after 0 usecs
[    4.357645] calling  fib_rules_init+0x0/0xab @ 1
[    4.363714] initcall fib_rules_init+0x0/0xab returned 0 after 0 usecs
[    4.372656] calling  pktsched_init+0x0/0x10e @ 1
[    4.377901] initcall pktsched_init+0x0/0x10e returned 0 after 0 usecs
[    4.385646] calling  tc_filter_init+0x0/0xfa @ 1
[    4.391807] initcall tc_filter_init+0x0/0xfa returned 0 after 0 usecs
[    4.400648] calling  tc_action_init+0x0/0x54 @ 1
[    4.406651] initcall tc_action_init+0x0/0x54 returned 0 after 0 usecs
[    4.411646] calling  ethnl_init+0x0/0x52 @ 1
[    4.416663] initcall ethnl_init+0x0/0x52 returned 0 after 0 usecs
[    4.422645] calling  nexthop_init+0x0/0xd8 @ 1
[    4.429659] initcall nexthop_init+0x0/0xd8 returned 0 after 2929 usecs
[    4.434645] calling  cipso_v4_init+0x0/0x8d @ 1
[    4.442095] initcall cipso_v4_init+0x0/0x8d returned 0 after 0 usecs
[    4.451649] calling  ieee80211_init+0x0/0x24 @ 1
[    4.459647] initcall ieee80211_init+0x0/0x24 returned 0 after 1953 usecs
[    4.468644] calling  netlbl_init+0x0/0x78 @ 1
[    4.474857] NetLabel: Initializing
[    4.477641] NetLabel:  domain hash size = 128
[    4.481642] NetLabel:  protocols = UNLABELED CIPSOv4 CALIPSO
[    4.494113] NetLabel:  unlabeled traffic allowed by default
[    4.498649] initcall netlbl_init+0x0/0x78 returned 0 after 23437 usecs
[    4.505647] calling  rfkill_init+0x0/0x136 @ 1
[    4.518045] initcall rfkill_init+0x0/0x136 returned 0 after 5859 usecs
[    4.527649] calling  pci_subsys_init+0x0/0x66 @ 1
[    4.534641] PCI: Using ACPI for IRQ routing
[    5.293369] PCI: pci_cache_line_size set to 64 bytes
[    5.301458] e820: reserve RAM buffer [mem 0x0009fc00-0x0009ffff]
[    5.310837] e820: reserve RAM buffer [mem 0x1ffdf000-0x1fffffff]
[    5.318201] initcall pci_subsys_init+0x0/0x66 returned 0 after 764648 usecs
[    5.329069] calling  nmi_warning_debugfs+0x0/0x26 @ 1
[    5.336737] initcall nmi_warning_debugfs+0x0/0x26 returned 0 after 1953 usecs
[    5.344645] calling  save_microcode_in_initrd+0x0/0x51 @ 1
[    5.351857] initcall save_microcode_in_initrd+0x0/0x51 returned 0 after 0 usecs
[    5.360698] calling  hpet_late_init+0x0/0x207 @ 1
[    5.367970] hpet: 3 channels of 0 reserved for per-cpu timers
[    5.374937] hpet0: at MMIO 0xfed00000, IRQs 2, 8, 0
[    5.380644] hpet0: 3 comparators, 64-bit 100.000000 MHz counter
[    5.393647] initcall hpet_late_init+0x0/0x207 returned 0 after 26367 usecs
[    5.401646] calling  init_amd_nbs+0x0/0x11c @ 1
[    5.407925] initcall init_amd_nbs+0x0/0x11c returned 0 after 0 usecs
[    5.416143] calling  clocksource_done_booting+0x0/0x43 @ 1
[    5.429388] clocksource: Switched to clocksource kvm-clock
[    5.439135] initcall clocksource_done_booting+0x0/0x43 returned 0 after 15126 usecs
[    5.450270] calling  tracer_init_tracefs+0x0/0x248 @ 1
[    5.876471] initcall tracer_init_tracefs+0x0/0x248 returned 0 after 409636 usecs
[    5.885599] calling  init_trace_printk_function_export+0x0/0x2c @ 1
[    5.892875] initcall init_trace_printk_function_export+0x0/0x2c returned 0 after 21 usecs
[    5.904563] calling  init_kprobe_trace+0x0/0x1ab @ 1
[    5.911872] initcall init_kprobe_trace+0x0/0x1ab returned 0 after 70 usecs
[    5.921891] calling  init_dynamic_event+0x0/0x3d @ 1
[    5.928892] initcall init_dynamic_event+0x0/0x3d returned 0 after 21 usecs
[    5.936898] calling  init_uprobe_trace+0x0/0x5c @ 1
[    5.954425] initcall init_uprobe_trace+0x0/0x5c returned 0 after 3416 usecs
[    5.963655] calling  init_pipe_fs+0x0/0x44 @ 1
[    5.977321] initcall init_pipe_fs+0x0/0x44 returned 0 after 8189 usecs
[    5.985159] calling  inotify_user_setup+0x0/0x47 @ 1
[    5.991456] initcall inotify_user_setup+0x0/0x47 returned 0 after 489 usecs
[    5.999543] calling  eventpoll_init+0x0/0xeb @ 1
[    6.005009] initcall eventpoll_init+0x0/0xeb returned 0 after 62 usecs
[    6.012605] calling  anon_inode_init+0x0/0x58 @ 1
[    6.018847] initcall anon_inode_init+0x0/0x58 returned 0 after 672 usecs
[    6.027142] calling  proc_locks_init+0x0/0x27 @ 1
[    6.034209] initcall proc_locks_init+0x0/0x27 returned 0 after 976 usecs
[    6.043524] calling  iomap_init+0x0/0x1b @ 1
[    6.050460] initcall iomap_init+0x0/0x1b returned 0 after 1526 usecs
[    6.058540] calling  dquot_init+0x0/0x106 @ 1
[    6.064131] VFS: Disk quotas dquot_6.6.0
[    6.070118] VFS: Dquot-cache hash table entries: 512 (order 0, 4096 bytes)
[    6.079854] initcall dquot_init+0x0/0x106 returned 0 after 15438 usecs
[    6.088812] calling  quota_init+0x0/0x23 @ 1
[    6.102699] initcall quota_init+0x0/0x23 returned 0 after 5079 usecs
[    6.110804] calling  proc_cmdline_init+0x0/0x21 @ 1
[    6.116907] initcall proc_cmdline_init+0x0/0x21 returned 0 after 9 usecs
[    6.125310] calling  proc_consoles_init+0x0/0x24 @ 1
[    6.132061] initcall proc_consoles_init+0x0/0x24 returned 0 after 8 usecs
[    6.140481] calling  proc_cpuinfo_init+0x0/0x1e @ 1
[    6.147081] initcall proc_cpuinfo_init+0x0/0x1e returned 0 after 238 usecs
[    6.155434] calling  proc_devices_init+0x0/0x24 @ 1
[    6.162186] initcall proc_devices_init+0x0/0x24 returned 0 after 7 usecs
[    6.174842] calling  proc_interrupts_init+0x0/0x24 @ 1
[    6.182117] initcall proc_interrupts_init+0x0/0x24 returned 0 after 8 usecs
[    6.190551] calling  proc_loadavg_init+0x0/0x21 @ 1
[    6.197286] initcall proc_loadavg_init+0x0/0x21 returned 0 after 12 usecs
[    6.206064] calling  proc_meminfo_init+0x0/0x21 @ 1
[    6.212113] initcall proc_meminfo_init+0x0/0x21 returned 0 after 7 usecs
[    6.220331] calling  proc_stat_init+0x0/0x1e @ 1
[    6.226224] initcall proc_stat_init+0x0/0x1e returned 0 after 120 usecs
[    6.234696] calling  proc_uptime_init+0x0/0x21 @ 1
[    6.240749] initcall proc_uptime_init+0x0/0x21 returned 0 after 7 usecs
[    6.249337] calling  proc_version_init+0x0/0x21 @ 1
[    6.255582] initcall proc_version_init+0x0/0x21 returned 0 after 68 usecs
[    6.264063] calling  proc_softirqs_init+0x0/0x21 @ 1
[    6.270461] initcall proc_softirqs_init+0x0/0x21 returned 0 after 67 usecs
[    6.278852] calling  proc_kcore_init+0x0/0xea @ 1
[    6.287065] initcall proc_kcore_init+0x0/0xea returned 0 after 1783 usecs
[    6.295044] calling  vmcore_init+0x0/0x57b @ 1
[    6.302978] initcall vmcore_init+0x0/0x57b returned 0 after 33 usecs
[    6.311922] calling  proc_kmsg_init+0x0/0x21 @ 1
[    6.318881] initcall proc_kmsg_init+0x0/0x21 returned 0 after 13 usecs
[    6.328594] calling  proc_page_init+0x0/0x3b @ 1
[    6.335614] initcall proc_page_init+0x0/0x3b returned 0 after 165 usecs
[    6.345889] calling  init_ramfs_fs+0x0/0xc @ 1
[    6.352095] initcall init_ramfs_fs+0x0/0xc returned 0 after 100 usecs
[    6.360999] calling  init_hugetlbfs_fs+0x0/0xf6 @ 1
[    6.370540] initcall init_hugetlbfs_fs+0x0/0xf6 returned 0 after 2545 usecs
[    6.380546] calling  blk_scsi_ioctl_init+0x0/0x2a5 @ 1
[    6.388805] initcall blk_scsi_ioctl_init+0x0/0x2a5 returned 0 after 47 usecs
[    6.399341] calling  acpi_event_init+0x0/0x2c @ 1
[    6.407613] initcall acpi_event_init+0x0/0x2c returned 0 after 1236 usecs
[    6.415843] calling  pnp_system_init+0x0/0xc @ 1
[    6.424040] initcall pnp_system_init+0x0/0xc returned 0 after 2366 usecs
[    6.432332] calling  pnpacpi_init+0x0/0x69 @ 1
[    6.437911] pnp: PnP ACPI init
[    6.446793] pnp 00:00: Plug and Play ACPI device, IDs PNP0303 (active)
[    6.455006] pnp 00:01: Plug and Play ACPI device, IDs PNP0f13 (active)
[    6.462973] pnp 00:02: Plug and Play ACPI device, IDs PNP0400 (active)
[    6.470980] pnp 00:03: Plug and Play ACPI device, IDs PNP0501 (active)
[    6.478912] pnp 00:04: Plug and Play ACPI device, IDs PNP0b00 (active)
[    6.488324] system 00:05: [mem 0xb0000000-0xbfffffff window] has been reserved
[    6.497068] system 00:05: Plug and Play ACPI device, IDs PNP0c01 (active)
[    6.508427] pnp: PnP ACPI: found 6 devices
[    6.513719] initcall pnpacpi_init+0x0/0x69 returned 0 after 74061 usecs
[    6.521955] calling  chr_dev_init+0x0/0x14d @ 1
[    6.650787] initcall chr_dev_init+0x0/0x14d returned 0 after 120457 usecs
[    6.658778] calling  firmware_class_init+0x0/0x14a @ 1
[    6.665239] initcall firmware_class_init+0x0/0x14a returned 0 after 380 usecs
[    6.673633] calling  init_pcmcia_bus+0x0/0x5b @ 1
[    6.679634] initcall init_pcmcia_bus+0x0/0x5b returned 0 after 408 usecs
[    6.689102] calling  init_acpi_pm_clocksource+0x0/0xda @ 1
[    6.703063] clocksource: acpi_pm: mask: 0xffffff max_cycles: 0xffffff, max_idle_ns: 2085701024 ns
[    6.713968] initcall init_acpi_pm_clocksource+0x0/0xda returned 0 after 16506 usecs
[    6.722898] calling  sysctl_core_init+0x0/0x26 @ 1
[    6.729266] initcall sysctl_core_init+0x0/0x26 returned 0 after 461 usecs
[    6.737510] calling  eth_offload_init+0x0/0x13 @ 1
[    6.744616] initcall eth_offload_init+0x0/0x13 returned 0 after 335 usecs
[    6.754711] calling  ipv4_offload_init+0x0/0x73 @ 1
[    6.762123] initcall ipv4_offload_init+0x0/0x73 returned 0 after 216 usecs
[    6.773758] calling  inet_init+0x0/0x276 @ 1
[    6.780505] NET: Registered protocol family 2
[    6.795479] IP idents hash table entries: 8192 (order: 4, 65536 bytes, linear)
[    6.811840] tcp_listen_portaddr_hash hash table entries: 256 (order: 2, 20480 bytes, linear)
[    6.823030] TCP established hash table entries: 4096 (order: 3, 32768 bytes, linear)
[    6.832423] TCP bind hash table entries: 4096 (order: 6, 294912 bytes, linear)
[    6.850059] TCP: Hash tables configured (established 4096 bind 4096)
[    6.858577] UDP hash table entries: 256 (order: 3, 40960 bytes, linear)
[    6.866553] UDP-Lite hash table entries: 256 (order: 3, 40960 bytes, linear)
[    6.875505] initcall inet_init+0x0/0x276 returned 0 after 94251 usecs
[    6.882953] calling  af_unix_init+0x0/0x4d @ 1
[    6.888189] NET: Registered protocol family 1
[    6.893346] initcall af_unix_init+0x0/0x4d returned 0 after 5105 usecs
[    6.900778] calling  ipv6_offload_init+0x0/0x7e @ 1
[    6.906598] initcall ipv6_offload_init+0x0/0x7e returned 0 after 117 usecs
[    6.915500] calling  init_sunrpc+0x0/0x65 @ 1
[    6.931107] RPC: Registered named UNIX socket transport module.
[    6.938510] RPC: Registered udp transport module.
[    6.943988] RPC: Registered tcp transport module.
[    6.949572] RPC: Registered tcp NFSv4.1 backchannel transport module.
[    6.957315] initcall init_sunrpc+0x0/0x65 returned 0 after 35631 usecs
[    6.964887] calling  cfg80211_init+0x0/0xc5 @ 1
[    6.973228] initcall cfg80211_init+0x0/0xc5 returned 0 after 3069 usecs
[    6.980914] calling  pcibios_assign_resources+0x0/0xbf @ 1
[    6.987601] pci_bus 0000:00: resource 4 [io  0x0000-0x0cf7 window]
[    6.994754] pci_bus 0000:00: resource 5 [io  0x0d00-0xffff window]
[    7.002000] pci_bus 0000:00: resource 6 [mem 0x000a0000-0x000bffff window]
[    7.010021] pci_bus 0000:00: resource 7 [mem 0x20000000-0xafffffff window]
[    7.017867] pci_bus 0000:00: resource 8 [mem 0xc0000000-0xfebfffff window]
[    7.025814] pci_bus 0000:00: resource 9 [mem 0x100000000-0x8ffffffff window]
[    7.033993] initcall pcibios_assign_resources+0x0/0xbf returned 0 after 45657 usecs
[    7.042869] calling  pci_apply_final_quirks+0x0/0x124 @ 1
[    7.049556] pci 0000:00:01.0: calling  pci_fixup_video+0x0/0xe0 @ 1
[    7.057039] pci 0000:00:01.0: Video device with shadowed ROM at [mem 0x000c0000-0x000dffff]
[    7.066656] pci 0000:00:01.0: pci_fixup_video+0x0/0xe0 took 9664 usecs
[    7.074544] PCI: CLS 0 bytes, default 64
[    7.079278] initcall pci_apply_final_quirks+0x0/0x124 returned 0 after 29473 usecs
[    7.087871] calling  acpi_reserve_resources+0x0/0xea @ 1
[    7.093981] initcall acpi_reserve_resources+0x0/0xea returned 0 after 45 usecs
[    7.102295] calling  populate_rootfs+0x0/0x102 @ 1
[    7.110391] initcall populate_rootfs+0x0/0x102 returned 0 after 2502 usecs
[    7.118346] calling  pci_iommu_init+0x0/0x3e @ 1
[    7.123986] initcall pci_iommu_init+0x0/0x3e returned 0 after 84 usecs
[    7.133172] calling  ia32_binfmt_init+0x0/0x13 @ 1
[    7.138712] initcall ia32_binfmt_init+0x0/0x13 returned 0 after 9 usecs
[    7.146302] calling  rapl_pmu_init+0x0/0x267 @ 1
[    7.151633] initcall rapl_pmu_init+0x0/0x267 returned -19 after 43 usecs
[    7.159453] calling  amd_uncore_init+0x0/0x310 @ 1
[    7.165946] initcall amd_uncore_init+0x0/0x310 returned -19 after 1 usecs
[    7.174542] calling  amd_ibs_init+0x0/0x27b @ 1
[    7.179887] initcall amd_ibs_init+0x0/0x27b returned -19 after 0 usecs
[    7.187486] calling  amd_iommu_pc_init+0x0/0x22c @ 1
[    7.193543] initcall amd_iommu_pc_init+0x0/0x22c returned -19 after 46 usecs
[    7.201727] calling  msr_init+0x0/0x55 @ 1
[    7.206622] initcall msr_init+0x0/0x55 returned 0 after 113 usecs
[    7.213695] calling  intel_uncore_init+0x0/0x36f @ 1
[    7.219531] initcall intel_uncore_init+0x0/0x36f returned -19 after 28 usecs
[    7.227765] calling  cstate_pmu_init+0x0/0x1a1 @ 1
[    7.233493] initcall cstate_pmu_init+0x0/0x1a1 returned -19 after 0 usecs
[    7.241336] calling  register_kernel_offset_dumper+0x0/0x1a @ 1
[    7.248303] initcall register_kernel_offset_dumper+0x0/0x1a returned 0 after 17 usecs
[    7.257415] calling  i8259A_init_ops+0x0/0x20 @ 1
[    7.263088] initcall i8259A_init_ops+0x0/0x20 returned 0 after 2 usecs
[    7.270755] calling  init_tsc_clocksource+0x0/0xa4 @ 1
[    7.276846] clocksource: tsc: mask: 0xffffffffffffffff max_cycles: 0x39a85afc727, max_idle_ns: 881590685098 ns
[    7.288510] initcall init_tsc_clocksource+0x0/0xa4 returned 0 after 11389 usecs
[    7.297356] calling  add_rtc_cmos+0x0/0xb0 @ 1
[    7.302851] initcall add_rtc_cmos+0x0/0xb0 returned 0 after 17 usecs
[    7.310600] calling  i8237A_init_ops+0x0/0x3a @ 1
[    7.316535] initcall i8237A_init_ops+0x0/0x3a returned 0 after 119 usecs
[    7.324696] calling  umwait_init+0x0/0x94 @ 1
[    7.330289] initcall umwait_init+0x0/0x94 returned -19 after 13 usecs
[    7.338070] calling  thermal_throttle_init_device+0x0/0x3d @ 1
[    7.346784] initcall thermal_throttle_init_device+0x0/0x3d returned 0 after 124 usecs
[    7.355938] calling  msr_init+0x0/0xd7 @ 1
[    7.379361] initcall msr_init+0x0/0xd7 returned 0 after 18080 usecs
[    7.386927] calling  cpuid_init+0x0/0xd7 @ 1
[    7.404259] initcall cpuid_init+0x0/0xd7 returned 0 after 11755 usecs
[    7.411890] calling  ioapic_init_ops+0x0/0x13 @ 1
[    7.417505] initcall ioapic_init_ops+0x0/0x13 returned 0 after 22 usecs
[    7.425180] calling  add_pcspkr+0x0/0x6c @ 1
[    7.430241] initcall add_pcspkr+0x0/0x6c returned 0 after 129 usecs
[    7.438024] calling  start_periodic_check_for_corruption+0x0/0x30 @ 1
[    7.445625] check: Scanning for low memory corruption every 60 seconds
[    7.453268] initcall start_periodic_check_for_corruption+0x0/0x30 returned 0 after 7508 usecs
[    7.464444] calling  sysfb_init+0x0/0x9c @ 1
[    7.469640] initcall sysfb_init+0x0/0x9c returned 0 after 160 usecs
[    7.476866] calling  audit_classes_init+0x0/0xae @ 1
[    7.482721] initcall audit_classes_init+0x0/0xae returned 0 after 33 usecs
[    7.491188] calling  iosf_mbi_init+0x0/0x24 @ 1
[    7.499168] initcall iosf_mbi_init+0x0/0x24 returned 0 after 829 usecs
[    7.508599] calling  proc_execdomains_init+0x0/0x21 @ 1
[    7.515902] initcall proc_execdomains_init+0x0/0x21 returned 0 after 10 usecs
[    7.525782] calling  register_warn_debugfs+0x0/0x23 @ 1
[    7.533358] initcall register_warn_debugfs+0x0/0x23 returned 0 after 78 usecs
[    7.542317] calling  cpuhp_sysfs_init+0x0/0x79 @ 1
[    7.548224] initcall cpuhp_sysfs_init+0x0/0x79 returned 0 after 207 usecs
[    7.556144] calling  ioresources_init+0x0/0x49 @ 1
[    7.561790] initcall ioresources_init+0x0/0x49 returned 0 after 11 usecs
[    7.570567] calling  lockdep_proc_init+0x0/0x64 @ 1
[    7.577265] initcall lockdep_proc_init+0x0/0x64 returned 0 after 85 usecs
[    7.587094] calling  snapshot_device_init+0x0/0xc @ 1
[    7.596062] initcall snapshot_device_init+0x0/0xc returned 0 after 1394 usecs
[    7.605204] calling  irq_pm_init_ops+0x0/0x13 @ 1
[    7.610892] initcall irq_pm_init_ops+0x0/0x13 returned 0 after 14 usecs
[    7.618922] calling  rcu_torture_init+0x0/0x9be @ 1
[    7.625027] srcud-torture:--- Start of test: nreaders=7 nfakewriters=4 stat_interval=15 verbose=1 test_no_idle_hz=1 shuffle_interval=3 stutter=5 irqreader=1 fqs_duration=0 fqs_holdoff=0 fqs_stutter=3 test_boost=1/0 test_boost_interval=7 test_boost_duration=4 shutdown_secs=1800 stall_cpu=0 stall_cpu_holdoff=10 stall_cpu_irqsoff=0 stall_cpu_block=0 n_barrier_cbs=4 onoff_interval=1000 onoff_holdoff=30 read_exit_delay=13 read_exit_burst=16
[    7.670024] srcud:  Start-test grace-period state: g0 f0x0
[    7.676547] srcud-torture: Creating rcu_torture_writer task
[    7.685654] srcud-torture: Creating rcu_torture_fakewriter task
[    7.686235] srcud-torture: rcu_torture_writer task started
[    7.694547] srcud-torture: Creating rcu_torture_fakewriter task
[    7.694974] srcud-torture: rcu_torture_fakewriter task started
[    7.701338] srcud-torture: GP expediting controlled from boot/sysfs for srcud.
[    7.711050] srcud-torture: Creating rcu_torture_fakewriter task
[    7.711287] srcud-torture: rcu_torture_fakewriter task started
[    7.726785] rcu_torture_writer: Testing expedited GPs.
[    7.727941] rcu_torture_writer: Testing asynchronous GPs.
[    7.743184] srcud-torture: Creating rcu_torture_fakewriter task
[    7.743491] srcud-torture: rcu_torture_fakewriter task started
[    7.744397] rcu_torture_writer: Testing normal GPs.
[    7.754527] srcud-torture: Creating rcu_torture_reader task
[    7.754987] srcud-torture: rcu_torture_fakewriter task started
[    7.806139] srcud-torture: Creating rcu_torture_reader task
[    7.806646] srcud-torture: rcu_torture_reader task started
[    7.816145] srcud-torture: Creating rcu_torture_reader task
[    7.816459] srcud-torture: rcu_torture_reader task started
[    7.836103] srcud-torture: Creating rcu_torture_reader task
[    7.836466] srcud-torture: rcu_torture_reader task started
[    7.845178] srcud-torture: Creating rcu_torture_reader task
[    7.845572] srcud-torture: rcu_torture_reader task started
[    7.873027] srcud-torture: Creating rcu_torture_reader task
[    7.873379] srcud-torture: rcu_torture_reader task started
[    7.881952] srcud-torture: Creating rcu_torture_reader task
[    7.882370] srcud-torture: rcu_torture_reader task started
[    7.906087] srcud-torture: Creating rcu_torture_stats task
[    7.906548] srcud-torture: rcu_torture_reader task started
[    7.917846] srcud-torture: Creating torture_shuffle task
[    7.918041] srcud-torture: rcu_torture_stats task started
[    7.936128] srcud-torture: Creating torture_stutter task
[    7.936587] srcud-torture: torture_shuffle task started
[    7.950307] srcud-torture: Creating torture_shutdown task
[    7.950320] srcud-torture: torture_stutter task started
[    7.966613] srcud-torture: Creating torture_onoff task
[    7.966989] srcud-torture: torture_shutdown task started
[    7.976277] srcud-torture: rcu_torture_fwd_prog_init: Disabled, unsupported by RCU flavor under test
[    7.976453] srcud-torture: torture_onoff task started
[    7.976455] srcud-torture: torture_onoff begin holdoff
[    7.980600] srcud-torture:torture_shutdown task: 1799969 ms remaining
[    8.016822] srcud-torture: Creating rcu_torture_barrier_cbs task
[    8.026169] srcud-torture: Creating rcu_torture_barrier_cbs task
[    8.026524] srcud-torture: rcu_torture_barrier_cbs task started
[    8.036288] srcud-torture: Creating rcu_torture_barrier_cbs task
[    8.036318] srcud-torture: rcu_torture_barrier_cbs task started
[    8.059833] srcud-torture: rcu_torture_barrier_cbs task started
[    8.059876] srcud-torture: Creating rcu_torture_barrier_cbs task
[    8.078390] srcud-torture: rcu_torture_barrier_cbs task started
[    8.078408] srcud-torture: Creating rcu_torture_barrier task
[    8.095166] srcud-torture: Creating rcu_torture_read_exit task
[    8.095204] srcud-torture: rcu_torture_barrier task starting
[    8.104897] srcud-torture: rcu_torture_read_exit: Start of test
[    8.105394] initcall rcu_torture_init+0x0/0x9be returned 0 after 468997 usecs
[    8.105518] calling  timekeeping_init_ops+0x0/0x13 @ 1
[    8.105583] initcall timekeeping_init_ops+0x0/0x13 returned 0 after 59 usecs
[    8.105586] calling  init_clocksource_sysfs+0x0/0x23 @ 1
[    8.109061] initcall init_clocksource_sysfs+0x0/0x23 returned 0 after 3385 usecs
[    8.109066] calling  init_timer_list_procfs+0x0/0x31 @ 1
[    8.109322] initcall init_timer_list_procfs+0x0/0x31 returned 0 after 246 usecs
[    8.109326] calling  alarmtimer_init+0x0/0xf5 @ 1
[    8.110089] initcall alarmtimer_init+0x0/0xf5 returned 0 after 739 usecs
[    8.110106] calling  init_posix_timers+0x0/0x29 @ 1
[    8.110432] initcall init_posix_timers+0x0/0x29 returned 0 after 313 usecs
[    8.110435] calling  clockevents_init_sysfs+0x0/0xbf @ 1
[    8.111436] initcall clockevents_init_sysfs+0x0/0xbf returned 0 after 972 usecs
[    8.124503] rcu_torture_rea (117) used greatest stack depth: 14488 bytes left
[    8.129841] calling  proc_dma_init+0x0/0x21 @ 1
[    8.129917] initcall proc_dma_init+0x0/0x21 returned 0 after 70 usecs
[    8.129920] calling  proc_modules_init+0x0/0x1e @ 1
[    8.129926] initcall proc_modules_init+0x0/0x1e returned 0 after 3 usecs
[    8.129929] calling  kallsyms_init+0x0/0x21 @ 1
[    8.129934] initcall kallsyms_init+0x0/0x21 returned 0 after 2 usecs
[    8.129947] calling  pid_namespaces_init+0x0/0x2c @ 1
[    8.129976] initcall pid_namespaces_init+0x0/0x2c returned 0 after 25 usecs
[    8.129978] calling  audit_watch_init+0x0/0x37 @ 1
[    8.129998] initcall audit_watch_init+0x0/0x37 returned 0 after 16 usecs
[    8.130000] calling  audit_fsnotify_init+0x0/0x37 @ 1
[    8.130014] initcall audit_fsnotify_init+0x0/0x37 returned 0 after 11 usecs
[    8.130022] calling  audit_tree_init+0x0/0x6d @ 1
[    8.130028] initcall audit_tree_init+0x0/0x6d returned 0 after 3 usecs
[    8.130031] calling  seccomp_sysctl_init+0x0/0x2b @ 1
[    8.130154] initcall seccomp_sysctl_init+0x0/0x2b returned 0 after 116 usecs
[    8.368431] calling  utsname_sysctl_init+0x0/0x13 @ 1
[    8.377121] initcall utsname_sysctl_init+0x0/0x13 returned 0 after 221 usecs
[    8.386341] calling  init_tracepoints+0x0/0x27 @ 1
[    8.394462] initcall init_tracepoints+0x0/0x27 returned 0 after 180 usecs
[    8.405282] calling  init_blk_tracer+0x0/0x50 @ 1
[    8.415142] initcall init_blk_tracer+0x0/0x50 returned 0 after 2294 usecs
[    8.423978] calling  perf_event_sysfs_init+0x0/0x83 @ 1
[    8.433094] initcall perf_event_sysfs_init+0x0/0x83 returned 0 after 2518 usecs
[    8.442182] calling  system_trusted_keyring_init+0x0/0x60 @ 1
[    8.449414] Initialise system trusted keyrings
[    8.455513] initcall system_trusted_keyring_init+0x0/0x60 returned 0 after 5952 usecs
[    8.465628] calling  kswapd_init+0x0/0x5c @ 1
[    8.472928] initcall kswapd_init+0x0/0x5c returned 0 after 2085 usecs
[    8.483635] calling  extfrag_debug_init+0x0/0x54 @ 1
[    8.491577] initcall extfrag_debug_init+0x0/0x54 returned 0 after 1026 usecs
[    8.501939] calling  mm_compute_batch_init+0x0/0x12 @ 1
[    8.508988] initcall mm_compute_batch_init+0x0/0x12 returned 0 after 31 usecs
[    8.518868] calling  slab_proc_init+0x0/0x21 @ 1
[    8.525997] initcall slab_proc_init+0x0/0x21 returned 0 after 44 usecs
[    8.535806] calling  workingset_init+0x0/0x8c @ 1
[    8.542115] workingset: timestamp_bits=56 max_order=17 bucket_order=0
[    8.550896] initcall workingset_init+0x0/0x8c returned 0 after 8572 usecs
[    8.560208] calling  proc_vmalloc_init+0x0/0x32 @ 1
[    8.567166] initcall proc_vmalloc_init+0x0/0x32 returned 0 after 10 usecs
[    8.576634] calling  procswaps_init+0x0/0x1e @ 1
[    8.583410] initcall procswaps_init+0x0/0x1e returned 0 after 215 usecs
[    8.592348] calling  slab_sysfs_init+0x0/0xec @ 1
[    8.616399] initcall slab_sysfs_init+0x0/0xec returned 0 after 17079 usecs
[    8.625629] calling  fcntl_init+0x0/0x29 @ 1
[    8.631792] initcall fcntl_init+0x0/0x29 returned 0 after 364 usecs
[    8.640527] calling  proc_filesystems_init+0x0/0x21 @ 1
[    8.648228] initcall proc_filesystems_init+0x0/0x21 returned 0 after 11 usecs
[    8.657860] calling  start_dirtytime_writeback+0x0/0x29 @ 1
[    8.665351] initcall start_dirtytime_writeback+0x0/0x29 returned 0 after 18 usecs
[    8.675326] calling  blkdev_init+0x0/0x1b @ 1
[    8.682378] initcall blkdev_init+0x0/0x1b returned 0 after 907 usecs
[    8.691012] calling  dio_init+0x0/0x2c @ 1
[    8.696995] initcall dio_init+0x0/0x2c returned 0 after 142 usecs
[    8.705382] calling  dnotify_init+0x0/0x78 @ 1
[    8.712050] initcall dnotify_init+0x0/0x78 returned 0 after 132 usecs
[    8.722361] calling  aio_setup+0x0/0x78 @ 1
[    8.731440] initcall aio_setup+0x0/0x78 returned 0 after 2022 usecs
[    8.741954] calling  io_uring_init+0x0/0x2c @ 1
[    8.748446] initcall io_uring_init+0x0/0x2c returned 0 after 15 usecs
[    8.756968] calling  mbcache_init+0x0/0x30 @ 1
[    8.762950] initcall mbcache_init+0x0/0x30 returned 0 after 139 usecs
[    8.771720] calling  init_grace+0x0/0xc @ 1
[    8.777526] initcall init_grace+0x0/0xc returned 0 after 188 usecs
[    8.785765] calling  init_v2_quota_format+0x0/0x21 @ 1
[    8.792955] initcall init_v2_quota_format+0x0/0x21 returned 0 after 185 usecs
[    8.804341] calling  init_devpts_fs+0x0/0x27 @ 1
[    8.811574] initcall init_devpts_fs+0x0/0x27 returned 0 after 193 usecs
[    8.820542] calling  ext4_init_fs+0x0/0x1c2 @ 1
[    8.828544] initcall ext4_init_fs+0x0/0x1c2 returned 0 after 1373 usecs
[    8.838133] calling  journal_init+0x0/0x11c @ 1
[    8.845288] initcall journal_init+0x0/0x11c returned 0 after 271 usecs
[    8.855050] calling  init_fat_fs+0x0/0x49 @ 1
[    8.861810] initcall init_fat_fs+0x0/0x49 returned 0 after 317 usecs
[    8.875777] calling  init_vfat_fs+0x0/0xc @ 1
[    8.881988] initcall init_vfat_fs+0x0/0xc returned 0 after 24 usecs
[    8.890527] calling  init_msdos_fs+0x0/0xc @ 1
[    8.896977] initcall init_msdos_fs+0x0/0xc returned 0 after 6 usecs
[    8.905418] calling  init_iso9660_fs+0x0/0x6c @ 1
[    8.911784] initcall init_iso9660_fs+0x0/0x6c returned 0 after 266 usecs
[    8.920913] calling  init_nfs_fs+0x0/0x13a @ 1
[    8.932076] initcall init_nfs_fs+0x0/0x13a returned 0 after 4631 usecs
[    8.941591] calling  init_nfs_v2+0x0/0x13 @ 1
[    8.948120] initcall init_nfs_v2+0x0/0x13 returned 0 after 120 usecs
[    8.956933] calling  init_nfs_v3+0x0/0x13 @ 1
[    8.963967] initcall init_nfs_v3+0x0/0x13 returned 0 after 2 usecs
[    8.972702] calling  init_nfs_v4+0x0/0x32 @ 1
[    8.978616] NFS: Registering the id_resolver key type
[    8.986172] Key type id_resolver registered
[    8.992086] Key type id_legacy registered
[    8.997862] initcall init_nfs_v4+0x0/0x32 returned 0 after 18837 usecs
[    9.007219] calling  init_nlm+0x0/0x5b @ 1
[    9.013381] initcall init_nlm+0x0/0x5b returned 0 after 67 usecs
[    9.021782] calling  init_nls_cp437+0x0/0xe @ 1
[    9.028577] initcall init_nls_cp437+0x0/0xe returned 0 after 125 usecs
[    9.038003] calling  init_nls_ascii+0x0/0xe @ 1
[    9.044847] initcall init_nls_ascii+0x0/0xe returned 0 after 2 usecs
[    9.053760] calling  init_nls_iso8859_1+0x0/0xe @ 1
[    9.060715] initcall init_nls_iso8859_1+0x0/0xe returned 0 after 2 usecs
[    9.070401] calling  init_nls_utf8+0x0/0x21 @ 1
[    9.077315] initcall init_nls_utf8+0x0/0x21 returned 0 after 3 usecs
[    9.087625] calling  init_autofs_fs+0x0/0x25 @ 1
[    9.098623] initcall init_autofs_fs+0x0/0x25 returned 0 after 3037 usecs
[    9.111582] calling  ipc_init+0x0/0x24 @ 1
[    9.117402] initcall ipc_init+0x0/0x24 returned 0 after 62 usecs
[    9.125301] calling  ipc_sysctl_init+0x0/0x13 @ 1
[    9.132084] initcall ipc_sysctl_init+0x0/0x13 returned 0 after 77 usecs
[    9.140653] calling  init_mqueue_fs+0x0/0xb1 @ 1
[    9.148294] initcall init_mqueue_fs+0x0/0xb1 returned 0 after 870 usecs
[    9.161455] calling  key_proc_init+0x0/0x63 @ 1
[    9.169154] initcall key_proc_init+0x0/0x63 returned 0 after 42 usecs
[    9.179939] calling  selinux_nf_ip_init+0x0/0x2e @ 1
[    9.187974] initcall selinux_nf_ip_init+0x0/0x2e returned 0 after 73 usecs
[    9.198923] calling  init_sel_fs+0x0/0x116 @ 1
[    9.206454] initcall init_sel_fs+0x0/0x116 returned 0 after 1 usecs
[    9.217602] calling  selnl_init+0x0/0x7c @ 1
[    9.225195] initcall selnl_init+0x0/0x7c returned 0 after 317 usecs
[    9.235585] calling  sel_netif_init+0x0/0x36 @ 1
[    9.242516] initcall sel_netif_init+0x0/0x36 returned 0 after 0 usecs
[    9.251110] calling  sel_netnode_init+0x0/0x33 @ 1
[    9.257856] initcall sel_netnode_init+0x0/0x33 returned 0 after 0 usecs
[    9.267557] calling  sel_netport_init+0x0/0x33 @ 1
[    9.275409] initcall sel_netport_init+0x0/0x33 returned 0 after 1 usecs
[    9.286127] calling  aurule_init+0x0/0x2a @ 1
[    9.293356] initcall aurule_init+0x0/0x2a returned 0 after 3 usecs
[    9.302209] calling  crypto_algapi_init+0x0/0xc @ 1
[    9.309375] initcall crypto_algapi_init+0x0/0xc returned 0 after 8 usecs
[    9.319033] calling  jent_mod_init+0x0/0x2d @ 1
[    9.340824] initcall jent_mod_init+0x0/0x2d returned 0 after 14951 usecs
[    9.350440] calling  asymmetric_key_init+0x0/0xc @ 1
[    9.357665] Key type asymmetric registered
[    9.363563] initcall asymmetric_key_init+0x0/0xc returned 0 after 5760 usecs
[    9.373744] calling  x509_key_init+0x0/0xc @ 1
[    9.380646] Asymmetric key parser 'x509' registered
[    9.387812] initcall x509_key_init+0x0/0xc returned 0 after 7106 usecs
[    9.398184] calling  proc_genhd_init+0x0/0x41 @ 1
[    9.405927] initcall proc_genhd_init+0x0/0x41 returned 0 after 182 usecs
[    9.415912] calling  bsg_init+0x0/0x113 @ 1
[    9.422270] Block layer SCSI generic (bsg) driver version 0.4 loaded (major 251)
[    9.433607] initcall bsg_init+0x0/0x113 returned 0 after 11268 usecs
[    9.443498] calling  deadline_init+0x0/0xc @ 1
[    9.450885] io scheduler mq-deadline registered
[    9.458420] initcall deadline_init+0x0/0xc returned 0 after 7649 usecs
[    9.469935] calling  kyber_init+0x0/0xc @ 1
[    9.478039] io scheduler kyber registered
[    9.485216] initcall kyber_init+0x0/0xc returned 0 after 7053 usecs
[    9.495912] calling  mod_init+0x0/0x7 @ 1
[    9.501796] initcall mod_init+0x0/0x7 returned 0 after 0 usecs
[    9.510265] calling  percpu_counter_startup+0x0/0x55 @ 1
[    9.534282] initcall percpu_counter_startup+0x0/0x55 returned 0 after 12920 usecs
[    9.545989] calling  sg_pool_init+0x0/0xb4 @ 1
[    9.553847] initcall sg_pool_init+0x0/0xb4 returned 0 after 637 usecs
[    9.563343] calling  pcie_portdrv_init+0x0/0x39 @ 1
[    9.572656] initcall pcie_portdrv_init+0x0/0x39 returned 0 after 1839 usecs
[    9.582999] calling  pci_proc_init+0x0/0x68 @ 1
[    9.590094] initcall pci_proc_init+0x0/0x68 returned 0 after 192 usecs
[    9.600057] calling  pci_hotplug_init+0x0/0x7 @ 1
[    9.607582] initcall pci_hotplug_init+0x0/0x7 returned 0 after 207 usecs
[    9.618100] calling  efifb_driver_init+0x0/0xe @ 1
[    9.625914] initcall efifb_driver_init+0x0/0xe returned 0 after 283 usecs
[    9.636217] calling  ged_driver_init+0x0/0xe @ 1
[    9.644037] initcall ged_driver_init+0x0/0xe returned 0 after 502 usecs
[    9.654636] calling  acpi_ac_init+0x0/0x92 @ 1
[    9.663318] initcall acpi_ac_init+0x0/0x92 returned 0 after 1466 usecs
[    9.673477] calling  acpi_button_driver_init+0x0/0x52 @ 1
[    9.686103] input: Power Button as /devices/LNXSYSTM:00/LNXPWRBN:00/input/input0
[    9.710110] ACPI: Power Button [PWRF]
[    9.718138] initcall acpi_button_driver_init+0x0/0x52 returned 0 after 35462 usecs
[    9.729877] calling  acpi_fan_driver_init+0x0/0xe @ 1
[    9.737896] initcall acpi_fan_driver_init+0x0/0xe returned 0 after 73 usecs
[    9.749154] calling  acpi_video_init+0x0/0xcb @ 1
[    9.757252] initcall acpi_video_init+0x0/0xcb returned 0 after 412 usecs
[    9.768027] calling  acpi_processor_driver_init+0x0/0xad @ 1
[    9.782994] initcall acpi_processor_driver_init+0x0/0xad returned 0 after 6114 usecs
[    9.794522] calling  acpi_thermal_init+0x0/0x71 @ 1
[    9.806347] initcall acpi_thermal_init+0x0/0x71 returned 0 after 4024 usecs
[    9.816972] calling  acpi_battery_init+0x0/0x32 @ 1
[    9.826055] initcall acpi_battery_init+0x0/0x32 returned 0 after 529 usecs
[    9.837983] calling  bgrt_init+0x0/0xb6 @ 1
[    9.845615] initcall bgrt_init+0x0/0xb6 returned -19 after 0 usecs
[    9.856361] calling  gpio_clk_driver_init+0x0/0xe @ 1
[    9.868391] initcall gpio_clk_driver_init+0x0/0xe returned 0 after 100 usecs
[    9.878623] calling  plt_clk_driver_init+0x0/0xe @ 1
[    9.886351] initcall plt_clk_driver_init+0x0/0xe returned 0 after 37 usecs
[    9.896834] calling  virtio_pci_driver_init+0x0/0x15 @ 1
[    9.930733] initcall virtio_pci_driver_init+0x0/0x15 returned 0 after 9988 usecs
[    9.942977] calling  n_null_init+0x0/0x1e @ 1
[    9.950126] initcall n_null_init+0x0/0x1e returned 0 after 184 usecs
[    9.960101] calling  pty_init+0x0/0x1e8 @ 1
[    9.983311] initcall pty_init+0x0/0x1e8 returned 0 after 16014 usecs
[    9.993930] calling  sysrq_init+0x0/0x62 @ 1
[   10.001933] initcall sysrq_init+0x0/0x62 returned 0 after 650 usecs
[   10.012819] calling  serial8250_init+0x0/0x17e @ 1
[   10.020399] Serial: 8250/16550 driver, 4 ports, IRQ sharing enabled
[   10.045361] 00:03: ttyS0 at I/O 0x3f8 (irq = 4, base_baud = 115200) is a 16550A
[   10.077918] initcall serial8250_init+0x0/0x17e returned 0 after 56227 usecs
[   10.089859] calling  serial_pci_driver_init+0x0/0x15 @ 1
[   10.099135] initcall serial_pci_driver_init+0x0/0x15 returned 0 after 701 usecs
[   10.110942] calling  exar_pci_driver_init+0x0/0x15 @ 1
[   10.120672] initcall exar_pci_driver_init+0x0/0x15 returned 0 after 412 usecs
[   10.134407] calling  lpss8250_pci_driver_init+0x0/0x15 @ 1
[   10.145147] initcall lpss8250_pci_driver_init+0x0/0x15 returned 0 after 164 usecs
[   10.156731] calling  mid8250_pci_driver_init+0x0/0x15 @ 1
[   10.166299] initcall mid8250_pci_driver_init+0x0/0x15 returned 0 after 64 usecs
[   10.179118] calling  virtio_console_init+0x0/0xff @ 1
[   10.189482] initcall virtio_console_init+0x0/0xff returned 0 after 1529 usecs
[   10.200900] calling  hpet_init+0x0/0x64 @ 1
[   10.223146] initcall hpet_init+0x0/0x64 returned 0 after 14668 usecs
[   10.233585] calling  nvram_module_init+0x0/0x83 @ 1
[   10.247951] Non-volatile memory driver v1.3
[   10.254935] initcall nvram_module_init+0x0/0x83 returned 0 after 12595 usecs
[   10.265854] calling  hwrng_modinit+0x0/0x8a @ 1
[   10.277935] initcall hwrng_modinit+0x0/0x8a returned 0 after 4667 usecs
[   10.287807] calling  mod_init+0x0/0x48 @ 1
[   10.294105] initcall mod_init+0x0/0x48 returned -19 after 0 usecs
[   10.304285] calling  agp_init+0x0/0x23 @ 1
[   10.310256] Linux agpgart interface v0.103
[   10.316300] initcall agp_init+0x0/0x23 returned 0 after 5898 usecs
[   10.325102] calling  agp_amd64_mod_init+0x0/0x5 @ 1
[   10.333250] initcall agp_amd64_mod_init+0x0/0x5 returned -19 after 1035 usecs
[   10.343071] calling  agp_intel_init+0x0/0x28 @ 1
[   10.352038] initcall agp_intel_init+0x0/0x28 returned 0 after 2321 usecs
[   10.361390] calling  drm_kms_helper_init+0x0/0x7 @ 1
[   10.368544] initcall drm_kms_helper_init+0x0/0x7 returned 0 after 96 usecs
[   10.378068] calling  drm_core_init+0x0/0xbd @ 1
[   10.388432] initcall drm_core_init+0x0/0xbd returned 0 after 3581 usecs
[   10.397792] calling  i915_init+0x0/0x6b @ 1
[   10.414588] initcall i915_init+0x0/0x6b returned 0 after 10587 usecs
[   10.423716] calling  cn_proc_init+0x0/0x35 @ 1
[   10.430243] initcall cn_proc_init+0x0/0x35 returned 0 after 226 usecs
[   10.439658] calling  topology_sysfs_init+0x0/0x27 @ 1
[   10.451095] initcall topology_sysfs_init+0x0/0x27 returned 0 after 3454 usecs
[   10.461139] calling  cacheinfo_sysfs_init+0x0/0x27 @ 1
[   10.505092] initcall cacheinfo_sysfs_init+0x0/0x27 returned 0 after 35979 usecs
[   10.517040] calling  loop_init+0x0/0x16a @ 1
[   10.872969] loop: module loaded
[   10.878120] initcall loop_init+0x0/0x16a returned 0 after 345123 usecs
[   10.887373] calling  mac_hid_init+0x0/0x21 @ 1
[   10.893841] initcall mac_hid_init+0x0/0x21 returned 0 after 15 usecs
[   10.903042] calling  spi_transport_init+0x0/0x74 @ 1
[   10.911297] initcall spi_transport_init+0x0/0x74 returned 0 after 1053 usecs
[   10.944759] calling  init_sd+0x0/0x18c @ 1
[   11.007373] initcall init_sd+0x0/0x18c returned 0 after 48639 usecs
[   11.016242] calling  init_sr+0x0/0x43 @ 1
[   11.022344] initcall init_sr+0x0/0x43 returned 0 after 130 usecs
[   11.030865] calling  init_sg+0x0/0x1c0 @ 1
[   11.053696] initcall init_sg+0x0/0x1c0 returned 0 after 16252 usecs
[   11.062514] calling  ahci_pci_driver_init+0x0/0x15 @ 1
[   11.081399] ahci 0000:00:1f.2: version 3.0
[   11.115347] PCI Interrupt Link [GSIA] enabled at IRQ 16
[   11.178315] ahci 0000:00:1f.2: AHCI 0001.0000 32 slots 6 ports 1.5 Gbps 0x3f impl SATA mode
[   11.192062] ahci 0000:00:1f.2: flags: 64bit ncq only 
[   11.305458] scsi host0: ahci
[   11.343454] scsi host1: ahci
[   11.369494] scsi host2: ahci
[   11.394577] scsi host3: ahci
[   11.422564] scsi host4: ahci
[   11.444047] scsi host5: ahci
[   11.450707] ata1: SATA max UDMA/133 abar m4096@0xfebf1000 port 0xfebf1100 irq 24
[   11.461541] ata2: SATA max UDMA/133 abar m4096@0xfebf1000 port 0xfebf1180 irq 24
[   11.472121] ata3: SATA max UDMA/133 abar m4096@0xfebf1000 port 0xfebf1200 irq 24
[   11.482662] ata4: SATA max UDMA/133 abar m4096@0xfebf1000 port 0xfebf1280 irq 24
[   11.493946] ata5: SATA max UDMA/133 abar m4096@0xfebf1000 port 0xfebf1300 irq 24
[   11.504217] ata6: SATA max UDMA/133 abar m4096@0xfebf1000 port 0xfebf1380 irq 24
[   11.517460] initcall ahci_pci_driver_init+0x0/0x15 returned 0 after 436843 usecs
[   11.529653] calling  piix_init+0x0/0x26 @ 1
[   11.538184] initcall piix_init+0x0/0x26 returned 0 after 1600 usecs
[   11.549689] calling  amd_pci_driver_init+0x0/0x15 @ 1
[   11.557586] initcall amd_pci_driver_init+0x0/0x15 returned 0 after 98 usecs
[   11.568441] calling  oldpiix_pci_driver_init+0x0/0x15 @ 1
[   11.576950] initcall oldpiix_pci_driver_init+0x0/0x15 returned 0 after 164 usecs
[   11.588849] calling  sch_pci_driver_init+0x0/0x15 @ 1
[   11.596640] initcall sch_pci_driver_init+0x0/0x15 returned 0 after 110 usecs
[   11.607709] calling  net_olddevs_init+0x0/0x55 @ 1
[   11.616350] initcall net_olddevs_init+0x0/0x55 returned 0 after 732 usecs
[   11.626490] calling  blackhole_netdev_init+0x0/0x78 @ 1
[   11.637188] initcall blackhole_netdev_init+0x0/0x78 returned 0 after 3053 usecs
[   11.647940] calling  phy_module_init+0x0/0x13 @ 1
[   11.656555] initcall phy_module_init+0x0/0x13 returned 0 after 1135 usecs
[   11.666102] calling  tg3_driver_init+0x0/0x15 @ 1
[   11.674204] initcall tg3_driver_init+0x0/0x15 returned 0 after 697 usecs
[   11.684204] calling  e100_init_module+0x0/0x4c @ 1
[   11.691526] e100: Intel(R) PRO/100 Network Driver
[   11.699342] e100: Copyright(c) 1999-2006 Intel Corporation
[   11.708465] initcall e100_init_module+0x0/0x4c returned 0 after 16645 usecs
[   11.718499] calling  e1000_init_module+0x0/0x72 @ 1
[   11.725600] e1000: Intel(R) PRO/1000 Network Driver
[   11.732739] e1000: Copyright (c) 1999-2006 Intel Corporation.
[   11.741095] initcall e1000_init_module+0x0/0x72 returned 0 after 15127 usecs
[   11.751356] calling  e1000_init_module+0x0/0x2d @ 1
[   11.759935] e1000e: Intel(R) PRO/1000 Network Driver
[   11.767684] e1000e: Copyright(c) 1999 - 2015 Intel Corporation.
[   11.778139] initcall e1000_init_module+0x0/0x2d returned 0 after 17880 usecs
[   11.789680] calling  sky2_init_module+0x0/0x21 @ 1
[   11.798171] sky2: driver version 1.30
[   11.804187] initcall sky2_init_module+0x0/0x21 returned 0 after 5869 usecs
[   11.814723] calling  forcedeth_pci_driver_init+0x0/0x15 @ 1
[   11.824256] initcall forcedeth_pci_driver_init+0x0/0x15 returned 0 after 558 usecs
[   11.837603] calling  rtl8139_init_module+0x0/0x15 @ 1
[   11.837751] ata1: SATA link down (SStatus 0 SControl 300)
[   11.845588] initcall rtl8139_init_module+0x0/0x15 returned 0 after 146 usecs
[   11.866513] ata4: SATA link down (SStatus 0 SControl 300)
[   11.867355] calling  rtl8169_pci_driver_init+0x0/0x15 @ 1
[   11.867983] initcall rtl8169_pci_driver_init+0x0/0x15 returned 0 after 605 usecs
[   11.887377] ata5: SATA link down (SStatus 0 SControl 300)
[   11.893185] calling  cdrom_init+0x0/0xc @ 1
[   11.894471] initcall cdrom_init+0x0/0xc returned 0 after 1248 usecs
[   11.908267] ata6: SATA link down (SStatus 0 SControl 300)
[   11.915685] calling  nonstatic_sysfs_init+0x0/0xc @ 1
[   11.915937] initcall nonstatic_sysfs_init+0x0/0xc returned 0 after 239 usecs
[   11.928536] ata2: SATA link down (SStatus 0 SControl 300)
[   11.931671] calling  yenta_cardbus_driver_init+0x0/0x15 @ 1
[   11.932127] initcall yenta_cardbus_driver_init+0x0/0x15 returned 0 after 439 usecs
[   11.948045] ata3: SATA link up 1.5 Gbps (SStatus 113 SControl 300)
[   11.950377] calling  mon_init+0x0/0x144 @ 1
[   11.964485] ata3.00: ATAPI: QEMU DVD-ROM, 2.5+, max UDMA/100
[   11.981980] initcall mon_init+0x0/0x144 returned 0 after 9406 usecs
[   11.987638] ata3.00: applying bridge limits
[   11.994876] ata3.00: configured for UDMA/100
[   11.997860] calling  ehci_hcd_init+0x0/0x56 @ 1
[   12.023499] scsi 2:0:0:0: CD-ROM            QEMU     QEMU DVD-ROM     2.5+ PQ: 0 ANSI: 5
[   12.026388] ehci_hcd: USB 2.0 'Enhanced' Host Controller (EHCI) Driver
[   12.048373] initcall ehci_hcd_init+0x0/0x56 returned 0 after 21526 usecs
[   12.058744] calling  ehci_pci_init+0x0/0x64 @ 1
[   12.065722] ehci-pci: EHCI PCI platform driver
[   12.073172] initcall ehci_pci_init+0x0/0x64 returned 0 after 7316 usecs
[   12.083390] calling  ohci_hcd_mod_init+0x0/0x4e @ 1
[   12.091106] ohci_hcd: USB 1.1 'Open' Host Controller (OHCI) Driver
[   12.101416] initcall ohci_hcd_mod_init+0x0/0x4e returned 0 after 10218 usecs
[   12.105929] sr 2:0:0:0: [sr0] scsi3-mmc drive: 4x/4x cd/rw xa/form2 tray
[   12.113091] calling  ohci_pci_init+0x0/0x64 @ 1
[   12.113096] ohci-pci: OHCI PCI platform driver
[   12.113191] initcall ohci_pci_init+0x0/0x64 returned 0 after 92 usecs
[   12.125200] cdrom: Uniform CD-ROM driver Revision: 3.20
[   12.132535] calling  uhci_hcd_init+0x0/0xa8 @ 1
[   12.168971] uhci_hcd: USB Universal Host Controller Interface driver
[   12.181649] initcall uhci_hcd_init+0x0/0xa8 returned 0 after 12380 usecs
[   12.192466] calling  xhci_hcd_init+0x0/0x1e @ 1
[   12.199923] initcall xhci_hcd_init+0x0/0x1e returned 0 after 275 usecs
[   12.210428] calling  xhci_pci_init+0x0/0x49 @ 1
[   12.218104] initcall xhci_pci_init+0x0/0x49 returned 0 after 321 usecs
[   12.230087] calling  usblp_driver_init+0x0/0x15 @ 1
[   12.239454] usbcore: registered new interface driver usblp
[   12.247951] initcall usblp_driver_init+0x0/0x15 returned 0 after 9279 usecs
[   12.258683] sr 2:0:0:0: Attached scsi CD-ROM sr0
[   12.262455] sr 2:0:0:0: Attached scsi generic sg0 type 5
[   12.266366] calling  usb_storage_driver_init+0x0/0x2a @ 1
[   12.266523] usbcore: registered new interface driver usb-storage
[   12.293593] initcall usb_storage_driver_init+0x0/0x2a returned 0 after 26580 usecs
[   12.305882] calling  i8042_init+0x0/0x4c2 @ 1
[   12.314855] i8042: PNP: PS/2 Controller [PNP0303:KBD,PNP0f13:MOU] at 0x60,0x64 irq 1,12
[   12.346354] serio: i8042 KBD port at 0x60,0x64 irq 1
[   12.355636] serio: i8042 AUX port at 0x60,0x64 irq 12
[   12.364093] initcall i8042_init+0x0/0x4c2 returned 0 after 49674 usecs
[   12.374953] calling  serport_init+0x0/0x2c @ 1
[   12.382434] initcall serport_init+0x0/0x2c returned 0 after 116 usecs
[   12.392830] calling  input_leds_init+0x0/0xc @ 1
[   12.400535] initcall input_leds_init+0x0/0xc returned 0 after 157 usecs
[   12.411272] calling  evdev_init+0x0/0xc @ 1
[   12.420304] initcall evdev_init+0x0/0xc returned 0 after 2086 usecs
[   12.429739] calling  atkbd_init+0x0/0x21 @ 1
[   12.466861] initcall atkbd_init+0x0/0x21 returned 0 after 20350 usecs
[   12.480130] calling  psmouse_init+0x0/0x7f @ 1
[   12.490653] initcall psmouse_init+0x0/0x7f returned 0 after 2566 usecs
[   12.502591] calling  cmos_init+0x0/0x73 @ 1
[   12.513769] input: AT Translated Set 2 keyboard as /devices/platform/i8042/serio0/input/input1
[   12.532564] rtc_cmos 00:04: RTC can wake from S4
[   12.563244] rtc_cmos 00:04: registered as rtc0
[   12.572637] rtc_cmos 00:04: alarms up to one day, y3k, 242 bytes nvram, hpet irqs
[   12.588044] initcall cmos_init+0x0/0x73 returned 0 after 76010 usecs
[   12.597499] calling  smbalert_driver_init+0x0/0xe @ 1
[   12.606527] initcall smbalert_driver_init+0x0/0xe returned 0 after 523 usecs
[   12.618255] calling  i2c_i801_init+0x0/0xc5 @ 1
[   12.662310] i801_smbus 0000:00:1f.3: SMBus using PCI interrupt
[   12.675851] i2c i2c-0: 1/1 memory slots populated (from DMI)
[   12.684415] i2c i2c-0: Memory type 0x07 not supported yet, not instantiating SPD
[   12.699095] initcall i2c_i801_init+0x0/0xc5 returned 0 after 70910 usecs
[   12.710310] calling  ptp_kvm_init+0x0/0xf0 @ 1
[   12.721627] initcall ptp_kvm_init+0x0/0xf0 returned 0 after 4215 usecs
[   12.731249] calling  dm_init+0x0/0x3c @ 1
[   12.750619] device-mapper: ioctl: 4.43.0-ioctl (2020-10-01) initialised: dm-devel@redhat.com
[   12.764736] initcall dm_init+0x0/0x3c returned 0 after 26936 usecs
[   12.774053] calling  dm_mirror_init+0x0/0x29 @ 1
[   12.783244] initcall dm_mirror_init+0x0/0x29 returned 0 after 84 usecs
[   12.793289] calling  dm_dirty_log_init+0x0/0x4f @ 1
[   12.801109] initcall dm_dirty_log_init+0x0/0x4f returned 0 after 170 usecs
[   12.811942] calling  dm_zero_init+0x0/0x29 @ 1
[   12.819086] initcall dm_zero_init+0x0/0x29 returned 0 after 146 usecs
[   12.830611] calling  intel_pstate_init+0x0/0x50f @ 1
[   12.838603] intel_pstate: CPU model not supported
[   12.846006] initcall intel_pstate_init+0x0/0x50f returned -19 after 7275 usecs
[   12.857235] calling  haltpoll_init+0x0/0xc0 @ 1
[   12.864606] initcall haltpoll_init+0x0/0xc0 returned -19 after 55 usecs
[   12.874536] calling  efivars_sysfs_init+0x0/0x30 @ 1
[   12.883051] initcall efivars_sysfs_init+0x0/0x30 returned 0 after 511 usecs
[   12.893987] calling  esrt_sysfs_init+0x0/0x2a2 @ 1
[   12.901301] initcall esrt_sysfs_init+0x0/0x2a2 returned -38 after 299 usecs
[   12.911505] calling  hid_init+0x0/0x5c @ 1
[   12.918098] hid: raw HID events driver (C) Jiri Kosina
[   12.926404] initcall hid_init+0x0/0x5c returned 0 after 8669 usecs
[   12.943530] calling  hid_generic_init+0x0/0x15 @ 1
[   12.967536] initcall hid_generic_init+0x0/0x15 returned 0 after 407 usecs
[   12.981572] calling  a4_driver_init+0x0/0x15 @ 1
[   12.989416] initcall a4_driver_init+0x0/0x15 returned 0 after 305 usecs
[   13.012091] calling  apple_driver_init+0x0/0x15 @ 1
[   13.044118] initcall apple_driver_init+0x0/0x15 returned 0 after 1506 usecs
[   13.053117] calling  belkin_driver_init+0x0/0x15 @ 1
[   13.061116] initcall belkin_driver_init+0x0/0x15 returned 0 after 580 usecs
[   13.071227] calling  ch_driver_init+0x0/0x15 @ 1
[   13.078145] initcall ch_driver_init+0x0/0x15 returned 0 after 52 usecs
[   13.085934] calling  ch_driver_init+0x0/0x15 @ 1
[   13.092358] initcall ch_driver_init+0x0/0x15 returned 0 after 52 usecs
[   13.101863] calling  cp_driver_init+0x0/0x15 @ 1
[   13.108539] initcall cp_driver_init+0x0/0x15 returned 0 after 74 usecs
[   13.117761] calling  ez_driver_init+0x0/0x15 @ 1
[   13.124472] initcall ez_driver_init+0x0/0x15 returned 0 after 64 usecs
[   13.131950] calling  gyration_driver_init+0x0/0x15 @ 1
[   13.139235] initcall gyration_driver_init+0x0/0x15 returned 0 after 41 usecs
[   13.147884] calling  ite_driver_init+0x0/0x15 @ 1
[   13.153570] initcall ite_driver_init+0x0/0x15 returned 0 after 39 usecs
[   13.161157] calling  ks_driver_init+0x0/0x15 @ 1
[   13.167045] initcall ks_driver_init+0x0/0x15 returned 0 after 168 usecs
[   13.174995] calling  lg_driver_init+0x0/0x15 @ 1
[   13.180956] initcall lg_driver_init+0x0/0x15 returned 0 after 82 usecs
[   13.190255] calling  lg_g15_driver_init+0x0/0x15 @ 1
[   13.197380] initcall lg_g15_driver_init+0x0/0x15 returned 0 after 68 usecs
[   13.207342] calling  ms_driver_init+0x0/0x15 @ 1
[   13.214075] initcall ms_driver_init+0x0/0x15 returned 0 after 43 usecs
[   13.222026] calling  mr_driver_init+0x0/0x15 @ 1
[   13.227764] initcall mr_driver_init+0x0/0x15 returned 0 after 46 usecs
[   13.236202] calling  ntrig_driver_init+0x0/0x15 @ 1
[   13.243077] initcall ntrig_driver_init+0x0/0x15 returned 0 after 562 usecs
[   13.251953] calling  pl_driver_init+0x0/0x15 @ 1
[   13.265823] srcud-torture: rcu_torture_read_exit: End of episode
[   13.271053] initcall pl_driver_init+0x0/0x15 returned 0 after 9240 usecs
[   13.299639] calling  pl_driver_init+0x0/0x15 @ 1
[   13.305854] initcall pl_driver_init+0x0/0x15 returned 0 after 76 usecs
[   13.313800] calling  redragon_driver_init+0x0/0x15 @ 1
[   13.320765] initcall redragon_driver_init+0x0/0x15 returned 0 after 47 usecs
[   13.329981] calling  samsung_driver_init+0x0/0x15 @ 1
[   13.336929] initcall samsung_driver_init+0x0/0x15 returned 0 after 65 usecs
[   13.346299] calling  sony_init+0x0/0x38 @ 1
[   13.352138] initcall sony_init+0x0/0x38 returned 0 after 52 usecs
[   13.360831] calling  sp_driver_init+0x0/0x15 @ 1
[   13.367460] initcall sp_driver_init+0x0/0x15 returned 0 after 62 usecs
[   13.376902] calling  ts_driver_init+0x0/0x15 @ 1
[   13.383953] initcall ts_driver_init+0x0/0x15 returned 0 after 66 usecs
[   13.393349] calling  hid_init+0x0/0x58 @ 1
[   13.400241] usbcore: registered new interface driver usbhid
[   13.408459] usbhid: USB HID core driver
[   13.414080] initcall hid_init+0x0/0x58 returned 0 after 14319 usecs
[   13.423380] calling  eeepc_laptop_init+0x0/0x57 @ 1
[   13.433509] initcall eeepc_laptop_init+0x0/0x57 returned -19 after 2401 usecs
[   13.444377] calling  pmc_atom_init+0x0/0x27a @ 1
[   13.452024] initcall pmc_atom_init+0x0/0x27a returned -19 after 337 usecs
[   13.462472] calling  alsa_hwdep_init+0x0/0x5e @ 1
[   13.470375] initcall alsa_hwdep_init+0x0/0x5e returned 0 after 746 usecs
[   13.480522] calling  alsa_timer_init+0x0/0x1f9 @ 1
[   13.507511] initcall alsa_timer_init+0x0/0x1f9 returned 0 after 19432 usecs
[   13.529429] calling  snd_hrtimer_init+0x0/0x117 @ 1
[   13.548939] initcall snd_hrtimer_init+0x0/0x117 returned 0 after 6 usecs
[   13.559067] calling  alsa_pcm_init+0x0/0x64 @ 1
[   13.566598] initcall alsa_pcm_init+0x0/0x64 returned 0 after 19 usecs
[   13.575909] calling  alsa_seq_init+0x0/0x4a @ 1
[   13.603891] input: ImExPS/2 Generic Explorer Mouse as /devices/platform/i8042/serio1/input/input3
[   13.608533] initcall alsa_seq_init+0x0/0x4a returned 0 after 15990 usecs
[   13.641916] calling  alsa_seq_dummy_init+0x0/0x9c @ 1
[   13.649273] initcall alsa_seq_dummy_init+0x0/0x9c returned 0 after 145 usecs
[   13.675799] calling  azx_driver_init+0x0/0x15 @ 1
[   13.689229] initcall azx_driver_init+0x0/0x15 returned 0 after 1939 usecs
[   13.699584] calling  sock_diag_init+0x0/0x2a @ 1
[   13.711188] initcall sock_diag_init+0x0/0x2a returned 0 after 4491 usecs
[   13.721052] calling  blackhole_init+0x0/0xc @ 1
[   13.727828] initcall blackhole_init+0x0/0xc returned 0 after 67 usecs
[   13.737326] calling  nfnetlink_init+0x0/0x61 @ 1
[   13.752910] initcall nfnetlink_init+0x0/0x61 returned 0 after 261 usecs
[   13.762764] calling  nfnetlink_log_init+0x0/0x99 @ 1
