c[?7l[2J[0mSeaBIOS (version 1.16.0-debian-1.16.0-4)
Booting from ROM...
early console in setup code
c[?7l[2J[    0.000000] Linux version 5.10.158+ (root@joelboxx.c.googlers.com) (gcc (Debian 12.2.0-3) 12.2.0, GNU ld (GNU Binutils for Debian) 2.39) #4 SMP PREEMPT Tue Dec 13 02:32:01 UTC 2022
[    0.000000] Command line: selinux=0 initcall_debug debug console=ttyS0 maxcpus=8 nr_cpus=43 rcutree.gp_preinit_delay=3 rcutree.gp_init_delay=3 rcutree.gp_cleanup_delay=3 rcu_nocbs=0 rcutorture.fwd_progress=0 rcutorture.onoff_interval=1000 rcutorture.onoff_holdoff=30 rcutorture.n_barrier_cbs=4 rcutorture.stat_interval=15 rcutorture.shutdown_secs=1800 rcutorture.test_no_idle_hz=1 rcutorture.verbose=1
[    0.000000] x86/fpu: x87 FPU will use FXSAVE
[    0.000000] BIOS-provided physical RAM map:
[    0.000000] BIOS-e820: [mem 0x0000000000000000-0x000000000009fbff] usable
[    0.000000] BIOS-e820: [mem 0x000000000009fc00-0x000000000009ffff] reserved
[    0.000000] BIOS-e820: [mem 0x00000000000f0000-0x00000000000fffff] reserved
[    0.000000] BIOS-e820: [mem 0x0000000000100000-0x000000001ffdefff] usable
[    0.000000] BIOS-e820: [mem 0x000000001ffdf000-0x000000001fffffff] reserved
[    0.000000] BIOS-e820: [mem 0x00000000b0000000-0x00000000bfffffff] reserved
[    0.000000] BIOS-e820: [mem 0x00000000fed1c000-0x00000000fed1ffff] reserved
[    0.000000] BIOS-e820: [mem 0x00000000feffc000-0x00000000feffffff] reserved
[    0.000000] BIOS-e820: [mem 0x00000000fffc0000-0x00000000ffffffff] reserved
[    0.000000] NX (Execute Disable) protection: active
[    0.000000] SMBIOS 2.8 present.
[    0.000000] DMI: QEMU Standard PC (Q35 + ICH9, 2009), BIOS 1.16.0-debian-1.16.0-4 04/01/2014
[    0.000000] Hypervisor detected: KVM
[    0.000000] kvm-clock: Using msrs 4b564d01 and 4b564d00
[    0.000000] kvm-clock: cpu 0, msr e26e001, primary cpu clock
[    0.000001] kvm-clock: using sched offset of 3013091954 cycles
[    0.000438] clocksource: kvm-clock: mask: 0xffffffffffffffff max_cycles: 0x1cd42e4dffb, max_idle_ns: 881590591483 ns
[    0.000649] tsc: Detected 1999.999 MHz processor
[    0.010774] e820: update [mem 0x00000000-0x00000fff] usable ==> reserved
[    0.010780] e820: remove [mem 0x000a0000-0x000fffff] usable
[    0.010787] last_pfn = 0x1ffdf max_arch_pfn = 0x400000000
[    0.011729] MTRR default type: write-back
[    0.011788] MTRR fixed ranges enabled:
[    0.011790]   00000-9FFFF write-back
[    0.011792]   A0000-BFFFF uncachable
[    0.011793]   C0000-FFFFF write-protect
[    0.011794] MTRR variable ranges enabled:
[    0.011796]   0 base 00C0000000 mask FFC0000000 uncachable
[    0.011797]   1 disabled
[    0.011798]   2 disabled
[    0.011799]   3 disabled
[    0.011800]   4 disabled
[    0.011801]   5 disabled
[    0.011802]   6 disabled
[    0.011802]   7 disabled
[    0.012307] x86/PAT: Configuration [0-7]: WB  WC  UC- UC  WB  WC  UC- UC  
[    0.021493] found SMP MP-table at [mem 0x000f5ba0-0x000f5baf]
[    0.024061] check: Scanning 1 areas for low memory corruption
[    0.035229] ACPI: Early table checksum verification disabled
[    0.036935] ACPI: RSDP 0x00000000000F59E0 000014 (v00 BOCHS )
[    0.037246] ACPI: RSDT 0x000000001FFE3206 000038 (v01 BOCHS  BXPC     00000001 BXPC 00000001)
[    0.037543] ACPI: FACP 0x000000001FFE2EAE 0000F4 (v03 BOCHS  BXPC     00000001 BXPC 00000001)
[    0.037594] ACPI: DSDT 0x000000001FFE0040 002E6E (v01 BOCHS  BXPC     00000001 BXPC 00000001)
[    0.037599] ACPI: FACS 0x000000001FFE0000 000040
[    0.037603] ACPI: APIC 0x000000001FFE2FA2 0001C8 (v01 BOCHS  BXPC     00000001 BXPC 00000001)
[    0.037608] ACPI: HPET 0x000000001FFE316A 000038 (v01 BOCHS  BXPC     00000001 BXPC 00000001)
[    0.037612] ACPI: MCFG 0x000000001FFE31A2 00003C (v01 BOCHS  BXPC     00000001 BXPC 00000001)
[    0.037616] ACPI: WAET 0x000000001FFE31DE 000028 (v01 BOCHS  BXPC     00000001 BXPC 00000001)
[    0.037621] ACPI: Reserving FACP table memory at [mem 0x1ffe2eae-0x1ffe2fa1]
[    0.037622] ACPI: Reserving DSDT table memory at [mem 0x1ffe0040-0x1ffe2ead]
[    0.037623] ACPI: Reserving FACS table memory at [mem 0x1ffe0000-0x1ffe003f]
[    0.037624] ACPI: Reserving APIC table memory at [mem 0x1ffe2fa2-0x1ffe3169]
[    0.037625] ACPI: Reserving HPET table memory at [mem 0x1ffe316a-0x1ffe31a1]
[    0.037626] ACPI: Reserving MCFG table memory at [mem 0x1ffe31a2-0x1ffe31dd]
[    0.037627] ACPI: Reserving WAET table memory at [mem 0x1ffe31de-0x1ffe3205]
[    0.038559] ACPI: Local APIC address 0xfee00000
[    0.042844] No NUMA configuration found
[    0.042846] Faking a node at [mem 0x0000000000000000-0x000000001ffdefff]
[    0.043118] NODE_DATA(0) allocated [mem 0x1ffbd000-0x1ffdefff]
[    0.046132] Zone ranges:
[    0.046187]   DMA      [mem 0x0000000000001000-0x0000000000ffffff]
[    0.046227]   DMA32    [mem 0x0000000001000000-0x000000001ffdefff]
[    0.046229]   Normal   empty
[    0.046231] Movable zone start for each node
[    0.046234] Early memory node ranges
[    0.046235]   node   0: [mem 0x0000000000001000-0x000000000009efff]
[    0.046238]   node   0: [mem 0x0000000000100000-0x000000001ffdefff]
[    0.046310] Initmem setup node 0 [mem 0x0000000000001000-0x000000001ffdefff]
[    0.046312] On node 0 totalpages: 130941
[    0.046531]   DMA zone: 64 pages used for memmap
[    0.046533]   DMA zone: 21 pages reserved
[    0.046621]   DMA zone: 3998 pages, LIFO batch:0
[    0.046623]   DMA32 zone: 1984 pages used for memmap
[    0.046624]   DMA32 zone: 126943 pages, LIFO batch:31
[    0.050533] On node 0, zone DMA: 1 pages in unavailable ranges
[    0.053210] On node 0, zone DMA: 97 pages in unavailable ranges
[    0.192283] On node 0, zone DMA32: 33 pages in unavailable ranges
[    0.198682] ACPI: PM-Timer IO Port: 0x608
[    0.198725] ACPI: Local APIC address 0xfee00000
[    0.199408] ACPI: LAPIC_NMI (acpi_id[0xff] dfl dfl lint[0x1])
[    0.200457] IOAPIC[0]: apic_id 0, version 17, address 0xfec00000, GSI 0-23
[    0.200462] ACPI: INT_SRC_OVR (bus 0 bus_irq 0 global_irq 2 dfl dfl)
[    0.200542] ACPI: INT_SRC_OVR (bus 0 bus_irq 5 global_irq 5 high level)
[    0.200544] ACPI: INT_SRC_OVR (bus 0 bus_irq 9 global_irq 9 high level)
[    0.200646] ACPI: INT_SRC_OVR (bus 0 bus_irq 10 global_irq 10 high level)
[    0.200647] ACPI: INT_SRC_OVR (bus 0 bus_irq 11 global_irq 11 high level)
[    0.200650] ACPI: IRQ0 used by override.
[    0.200651] ACPI: IRQ5 used by override.
[    0.200652] ACPI: IRQ9 used by override.
[    0.200653] ACPI: IRQ10 used by override.
[    0.200654] ACPI: IRQ11 used by override.
[    0.200757] Using ACPI (MADT) for SMP configuration information
[    0.200788] ACPI: HPET id: 0x8086a201 base: 0xfed00000
[    0.201533] smpboot: Allowing 43 CPUs, 0 hotplug CPUs
[    0.203427] PM: hibernation: Registered nosave memory: [mem 0x00000000-0x00000fff]
[    0.203431] PM: hibernation: Registered nosave memory: [mem 0x0009f000-0x0009ffff]
[    0.203432] PM: hibernation: Registered nosave memory: [mem 0x000a0000-0x000effff]
[    0.203434] PM: hibernation: Registered nosave memory: [mem 0x000f0000-0x000fffff]
[    0.203485] [mem 0x20000000-0xafffffff] available for PCI devices
[    0.203608] Booting paravirtualized kernel on KVM
[    0.204168] clocksource: refined-jiffies: mask: 0xffffffff max_cycles: 0xffffffff, max_idle_ns: 1910969940391419 ns
[    0.224782] setup_percpu: NR_CPUS:8192 nr_cpumask_bits:43 nr_cpu_ids:43 nr_node_ids:1
[    0.307631] percpu: Embedded 56 pages/cpu s191448 r8192 d29736 u262144
[    0.307713] pcpu-alloc: s191448 r8192 d29736 u262144 alloc=1*2097152
[    0.307737] pcpu-alloc: [0] 00 01 02 03 04 05 06 07 [0] 08 09 10 11 12 13 14 15 
[    0.307747] pcpu-alloc: [0] 16 17 18 19 20 21 22 23 [0] 24 25 26 27 28 29 30 31 
[    0.307757] pcpu-alloc: [0] 32 33 34 35 36 37 38 39 [0] 40 41 42 -- -- -- -- -- 
[    0.308156] kvm-guest: stealtime: cpu 0, msr 1ea1b600
[    0.308543] Built 1 zonelists, mobility grouping on.  Total pages: 128872
[    0.308555] Policy zone: DMA32
[    0.308564] Kernel command line: selinux=0 initcall_debug debug console=ttyS0 maxcpus=8 nr_cpus=43 rcutree.gp_preinit_delay=3 rcutree.gp_init_delay=3 rcutree.gp_cleanup_delay=3 rcu_nocbs=0 rcutorture.fwd_progress=0 rcutorture.onoff_interval=1000 rcutorture.onoff_holdoff=30 rcutorture.n_barrier_cbs=4 rcutorture.stat_interval=15 rcutorture.shutdown_secs=1800 rcutorture.test_no_idle_hz=1 rcutorture.verbose=1
[    0.309128] printk: log_buf_len individual max cpu contribution: 4096 bytes
[    0.309130] printk: log_buf_len total cpu_extra contributions: 172032 bytes
[    0.309131] printk: log_buf_len min size: 262144 bytes
[    0.345486] printk: log_buf_len: 524288 bytes
[    0.345491] printk: early log buf free: 254256(96%)
[    0.347215] Dentry cache hash table entries: 65536 (order: 7, 524288 bytes, linear)
[    0.348117] Inode-cache hash table entries: 32768 (order: 6, 262144 bytes, linear)
[    0.350123] mem auto-init: stack:all(zero), heap alloc:off, heap free:off
[    0.370665] Memory: 465404K/523764K available (16397K kernel code, 3411K rwdata, 4808K rodata, 2172K init, 1912K bss, 58100K reserved, 0K cma-reserved)
[    0.371393] SLUB: HWalign=64, Order=0-3, MinObjects=0, CPUs=43, Nodes=1
[    0.372119] Kernel/User page tables isolation: enabled
[    0.381718] rcu: Preemptible hierarchical RCU implementation.
[    0.381723] rcu: 	RCU event tracing is enabled.
[    0.381725] rcu: 	RCU dyntick-idle grace-period acceleration is enabled.
[    0.381727] rcu: 	RCU restricting CPUs from NR_CPUS=8192 to nr_cpu_ids=43.
[    0.381729] rcu: 	RCU debug GP pre-init slowdown 3 jiffies.
[    0.381743] rcu: 	RCU debug GP init slowdown 3 jiffies.
[    0.381744] rcu: 	RCU debug GP init slowdown 3 jiffies.
[    0.381792] 	Trampoline variant of Tasks RCU enabled.
[    0.381793] 	Rude variant of Tasks RCU enabled.
[    0.381794] 	Tracing variant of Tasks RCU enabled.
[    0.381859] rcu: RCU calculated value of scheduler-enlistment delay is 100 jiffies.
[    0.381861] rcu: Adjusting geometry for rcu_fanout_leaf=16, nr_cpu_ids=43
[    0.387775] NR_IRQS: 524544, nr_irqs: 768, preallocated irqs: 16
[    0.388763] rcu: 	Offload RCU callbacks from CPUs: 0.
[    0.389528] calling  con_init+0x0/0x22a @ 0
[    0.473955] Console: colour VGA+ 80x25
[    0.473970] initcall con_init+0x0/0x22a returned 0 after 0 usecs
[    0.473974] calling  hvc_console_init+0x0/0x13 @ 0
[    0.473987] initcall hvc_console_init+0x0/0x13 returned 0 after 0 usecs
[    0.473989] calling  univ8250_console_init+0x0/0x26 @ 0
[    1.539425] printk: console [ttyS0] enabled
[    1.544504] initcall univ8250_console_init+0x0/0x26 returned 0 after 0 usecs
[    1.556860] ACPI: Core revision 20200925
[    1.565362] clocksource: hpet: mask: 0xffffffff max_cycles: 0xffffffff, max_idle_ns: 19112604467 ns
[    1.578938] APIC: Switch to symmetric I/O mode setup
[    1.584663] Switched APIC routing to physical flat.
[    1.616323] ..TIMER: vector=0x30 apic1=0 pin1=2 apic2=-1 pin2=-1
[    1.625381] clocksource: tsc-early: mask: 0xffffffffffffffff max_cycles: 0x39a85afc727, max_idle_ns: 881590685098 ns
[    1.639691] Calibrating delay loop (skipped) preset value.. 3999.99 BogoMIPS (lpj=1999999)
[    1.641319] pid_max: default: 44032 minimum: 344
[    1.643585] LSM: Security Framework initializing
[    1.644737] Mount-cache hash table entries: 1024 (order: 1, 8192 bytes, linear)
[    1.645290] Mountpoint-cache hash table entries: 1024 (order: 1, 8192 bytes, linear)
[    1.656062] Last level iTLB entries: 4KB 0, 2MB 0, 4MB 0
[    1.656265] Last level dTLB entries: 4KB 0, 2MB 0, 4MB 0, 1GB 0
[    1.657598] Spectre V1 : Mitigation: usercopy/swapgs barriers and __user pointer sanitization
[    1.658278] Spectre V2 : Mitigation: Retpolines
[    1.659264] Spectre V2 : Spectre v2 / SpectreRSB mitigation: Filling RSB on context switch
[    1.660264] Spectre V2 : Spectre v2 / SpectreRSB : Filling RSB on VMEXIT
[    1.661264] Speculative Store Bypass: Vulnerable
[    1.662314] MDS: Vulnerable: Clear CPU buffers attempted, no microcode
[    1.663263] MMIO Stale Data: Unknown: No mitigations
[    1.728846] Freeing SMP alternatives memory: 40K
[    1.833260] smpboot: CPU0: Intel Common KVM processor (family: 0xf, model: 0x6, stepping: 0x1)
[    1.834582] calling  init_hw_perf_events+0x0/0x6ce @ 1
[    1.835265] Performance Events: unsupported Netburst CPU model 6 no PMU driver, software events only.
[    1.836269] initcall init_hw_perf_events+0x0/0x6ce returned 0 after 976 usecs
[    1.837268] calling  init_real_mode+0x0/0x1e9 @ 1
[    1.838659] initcall init_real_mode+0x0/0x1e9 returned 0 after 0 usecs
[    1.839268] calling  trace_init_perf_perm_irq_work_exit+0x0/0x12 @ 1
[    1.840274] initcall trace_init_perf_perm_irq_work_exit+0x0/0x12 returned 0 after 0 usecs
[    1.841285] calling  validate_x2apic+0x0/0x4a @ 1
[    1.842305] initcall validate_x2apic+0x0/0x4a returned 0 after 0 usecs
[    1.843267] calling  register_nmi_cpu_backtrace_handler+0x0/0x15 @ 1
[    1.844268] initcall register_nmi_cpu_backtrace_handler+0x0/0x15 returned 0 after 0 usecs
[    1.845267] calling  kvm_setup_vsyscall_timeinfo+0x0/0xd0 @ 1
[    1.846269] initcall kvm_setup_vsyscall_timeinfo+0x0/0xd0 returned 0 after 0 usecs
[    1.847266] calling  spawn_ksoftirqd+0x0/0x38 @ 1
[    1.848374] initcall spawn_ksoftirqd+0x0/0x38 returned 0 after 0 usecs
[    1.849266] calling  migration_init+0x0/0x31 @ 1
[    1.850267] initcall migration_init+0x0/0x31 returned 0 after 0 usecs
[    1.851288] calling  srcu_bootup_announce+0x0/0x2f @ 1
[    1.852284] rcu: Hierarchical SRCU implementation.
[    1.853268] initcall srcu_bootup_announce+0x0/0x2f returned 0 after 976 usecs
[    1.854267] calling  rcu_spawn_gp_kthread+0x0/0x1dd @ 1
[    1.856654] initcall rcu_spawn_gp_kthread+0x0/0x1dd returned 0 after 976 usecs
[    1.857269] calling  check_cpu_stall_init+0x0/0x1a @ 1
[    1.858265] initcall check_cpu_stall_init+0x0/0x1a returned 0 after 0 usecs
[    1.859274] calling  rcu_sysrq_init+0x0/0x21 @ 1
[    1.860267] initcall rcu_sysrq_init+0x0/0x21 returned 0 after 0 usecs
[    1.861267] calling  trace_init_flags_sys_enter+0x0/0xe @ 1
[    1.862267] initcall trace_init_flags_sys_enter+0x0/0xe returned 0 after 0 usecs
[    1.863272] calling  trace_init_flags_sys_exit+0x0/0xe @ 1
[    1.864266] initcall trace_init_flags_sys_exit+0x0/0xe returned 0 after 0 usecs
[    1.865266] calling  cpu_stop_init+0x0/0x6e @ 1
[    1.866542] initcall cpu_stop_init+0x0/0x6e returned 0 after 0 usecs
[    1.867266] calling  init_kprobes+0x0/0x165 @ 1
[    1.868486] initcall init_kprobes+0x0/0x165 returned 0 after 0 usecs
[    1.869265] calling  init_events+0x0/0x3d @ 1
[    1.871291] initcall init_events+0x0/0x3d returned 0 after 976 usecs
[    1.872265] calling  init_trace_printk+0x0/0xc @ 1
[    1.873265] initcall init_trace_printk+0x0/0xc returned 0 after 0 usecs
[    1.874265] calling  event_trace_enable_again+0x0/0x23 @ 1
[    1.875265] initcall event_trace_enable_again+0x0/0x23 returned 0 after 0 usecs
[    1.876265] calling  static_call_init+0x0/0x77 @ 1
[    1.878286] initcall static_call_init+0x0/0x77 returned 0 after 0 usecs
[    1.879265] calling  jump_label_init_module+0x0/0xc @ 1
[    1.880266] initcall jump_label_init_module+0x0/0xc returned 0 after 0 usecs
[    1.881265] calling  init_zero_pfn+0x0/0x37 @ 1
[    1.882265] initcall init_zero_pfn+0x0/0x37 returned 0 after 0 usecs
[    1.883265] calling  initialize_ptr_random+0x0/0x54 @ 1
[    1.884265] initcall initialize_ptr_random+0x0/0x54 returned 0 after 0 usecs
[    1.885266] calling  efi_memreserve_root_init+0x0/0x25 @ 1
[    1.886295] initcall efi_memreserve_root_init+0x0/0x25 returned 0 after 0 usecs
[    1.887266] calling  efi_earlycon_remap_fb+0x0/0x51 @ 1
[    1.888266] initcall efi_earlycon_remap_fb+0x0/0x51 returned 0 after 0 usecs
[    1.895157] smp: Bringing up secondary CPUs ...
[    1.896327] x86: Booting SMP configuration:
[    1.897302] .... node  #0, CPUs:        #1
[    1.244339] kvm-clock: cpu 1, msr e26e041, secondary cpu clock
[    1.923447] kvm-guest: stealtime: cpu 1, msr 1ea5b600
[    1.939124]   #2
[    1.244339] kvm-clock: cpu 2, msr e26e081, secondary cpu clock
[    1.962436] kvm-guest: stealtime: cpu 2, msr 1ea9b600
[    1.978272]   #3
[    1.244339] kvm-clock: cpu 3, msr e26e0c1, secondary cpu clock
[    2.001599] kvm-guest: stealtime: cpu 3, msr 1eadb600
[    2.020292]   #4
[    1.244339] kvm-clock: cpu 4, msr e26e101, secondary cpu clock
[    2.043421] kvm-guest: stealtime: cpu 4, msr 1eb1b600
[    2.059271]   #5
[    1.244339] kvm-clock: cpu 5, msr e26e141, secondary cpu clock
[    2.082402] kvm-guest: stealtime: cpu 5, msr 1eb5b600
[    2.098271]   #6
[    1.244339] kvm-clock: cpu 6, msr e26e181, secondary cpu clock
[    2.120416] kvm-guest: stealtime: cpu 6, msr 1eb9b600
[    2.137036]   #7
[    1.244339] kvm-clock: cpu 7, msr e26e1c1, secondary cpu clock
[    2.159523] kvm-guest: stealtime: cpu 7, msr 1ebdb600
[    2.173278] smp: Brought up 1 node, 8 CPUs
[    2.174321] smpboot: Max logical packages: 6
[    2.175269] smpboot: Total of 8 processors activated (31999.98 BogoMIPS)
[    2.197265] devtmpfs: initialized
[    2.198739] calling  ipc_ns_init+0x0/0x3d @ 1
[    2.199286] initcall ipc_ns_init+0x0/0x3d returned 0 after 0 usecs
[    2.201266] calling  init_mmap_min_addr+0x0/0x21 @ 1
[    2.202265] initcall init_mmap_min_addr+0x0/0x21 returned 0 after 0 usecs
[    2.203265] calling  pci_realloc_setup_params+0x0/0x3f @ 1
[    2.204264] initcall pci_realloc_setup_params+0x0/0x3f returned 0 after 0 usecs
[    2.205285] calling  net_ns_init+0x0/0x140 @ 1
[    2.207266] initcall net_ns_init+0x0/0x140 returned 0 after 976 usecs
[    2.208290] calling  e820__register_nvs_regions+0x0/0x37 @ 1
[    2.209266] initcall e820__register_nvs_regions+0x0/0x37 returned 0 after 0 usecs
[    2.210265] calling  cpufreq_register_tsc_scaling+0x0/0x2e @ 1
[    2.211267] initcall cpufreq_register_tsc_scaling+0x0/0x2e returned 0 after 0 usecs
[    2.212270] calling  reboot_init+0x0/0x3c @ 1
[    2.213377] initcall reboot_init+0x0/0x3c returned 0 after 0 usecs
[    2.214267] calling  init_lapic_sysfs+0x0/0x20 @ 1
[    2.215268] initcall init_lapic_sysfs+0x0/0x20 returned 0 after 0 usecs
[    2.216267] calling  alloc_frozen_cpus+0x0/0x1d @ 1
[    2.217268] initcall alloc_frozen_cpus+0x0/0x1d returned 0 after 0 usecs
[    2.219268] calling  cpu_hotplug_pm_sync_init+0x0/0x13 @ 1
[    2.220269] initcall cpu_hotplug_pm_sync_init+0x0/0x13 returned 0 after 0 usecs
[    2.221267] calling  wq_sysfs_init+0x0/0x2a @ 1
[    2.222322] initcall wq_sysfs_init+0x0/0x2a returned 0 after 0 usecs
[    2.223267] calling  ksysfs_init+0x0/0x92 @ 1
[    2.224295] initcall ksysfs_init+0x0/0x92 returned 0 after 0 usecs
[    2.225267] calling  schedutil_gov_init+0x0/0xc @ 1
[    2.226353] initcall schedutil_gov_init+0x0/0xc returned 0 after 0 usecs
[    2.227269] calling  pm_init+0x0/0x76 @ 1
[    2.228327] initcall pm_init+0x0/0x76 returned 0 after 0 usecs
[    2.229267] calling  pm_disk_init+0x0/0x13 @ 1
[    2.230314] initcall pm_disk_init+0x0/0x13 returned 0 after 0 usecs
[    2.231267] calling  swsusp_header_init+0x0/0x2b @ 1
[    2.232269] initcall swsusp_header_init+0x0/0x2b returned 0 after 0 usecs
[    2.233268] calling  rcu_set_runtime_mode+0x0/0x16 @ 1
[    2.235711] initcall rcu_set_runtime_mode+0x0/0x16 returned 0 after 976 usecs
[    2.236268] calling  init_jiffies_clocksource+0x0/0x13 @ 1
[    2.237267] clocksource: jiffies: mask: 0xffffffff max_cycles: 0xffffffff, max_idle_ns: 1911260446275000 ns
[    2.238270] initcall init_jiffies_clocksource+0x0/0x13 returned 0 after 976 usecs
[    2.239268] calling  futex_init+0x0/0xfd @ 1
[    2.240309] futex hash table entries: 16384 (order: 8, 1048576 bytes, linear)
[    2.245559] initcall futex_init+0x0/0xfd returned 0 after 4882 usecs
[    2.246270] calling  cgroup_wq_init+0x0/0x28 @ 1
[    2.247293] initcall cgroup_wq_init+0x0/0x28 returned 0 after 0 usecs
[    2.248269] calling  cgroup1_wq_init+0x0/0x28 @ 1
[    2.249288] initcall cgroup1_wq_init+0x0/0x28 returned 0 after 0 usecs
[    2.250268] calling  init_kprobe_trace_early+0x0/0x2a @ 1
[    2.251268] initcall init_kprobe_trace_early+0x0/0x2a returned 0 after 0 usecs
[    2.252269] calling  fsnotify_init+0x0/0x48 @ 1
[    2.253310] initcall fsnotify_init+0x0/0x48 returned 0 after 0 usecs
[    2.254267] calling  filelock_init+0x0/0x96 @ 1
[    2.255299] initcall filelock_init+0x0/0x96 returned 0 after 0 usecs
[    2.256267] calling  init_misc_binfmt+0x0/0x2c @ 1
[    2.257269] initcall init_misc_binfmt+0x0/0x2c returned 0 after 0 usecs
[    2.258266] calling  init_script_binfmt+0x0/0x15 @ 1
[    2.259266] initcall init_script_binfmt+0x0/0x15 returned 0 after 0 usecs
[    2.260265] calling  init_elf_binfmt+0x0/0x15 @ 1
[    2.261265] initcall init_elf_binfmt+0x0/0x15 returned 0 after 0 usecs
[    2.262265] calling  init_compat_elf_binfmt+0x0/0x15 @ 1
[    2.263265] initcall init_compat_elf_binfmt+0x0/0x15 returned 0 after 0 usecs
[    2.264266] calling  debugfs_init+0x0/0x5c @ 1
[    2.265289] initcall debugfs_init+0x0/0x5c returned 0 after 0 usecs
[    2.266266] calling  tracefs_init+0x0/0x3a @ 1
[    2.267270] initcall tracefs_init+0x0/0x3a returned 0 after 0 usecs
[    2.268267] calling  prandom_init_early+0x0/0x15d @ 1
[    2.269268] initcall prandom_init_early+0x0/0x15d returned 0 after 0 usecs
[    2.270267] calling  virtio_init+0x0/0x20 @ 1
[    2.271342] initcall virtio_init+0x0/0x20 returned 0 after 0 usecs
[    2.272265] calling  iommu_init+0x0/0x2a @ 1
[    2.273280] initcall iommu_init+0x0/0x2a returned 0 after 0 usecs
[    2.274279] calling  component_debug_init+0x0/0x1c @ 1
[    2.275311] initcall component_debug_init+0x0/0x1c returned 0 after 0 usecs
[    2.276265] calling  early_resume_init+0x0/0xb9 @ 1
[    2.278779] PM: RTC time: 02:52:22, date: 2022-12-13
[    2.279296] initcall early_resume_init+0x0/0xb9 returned 0 after 1953 usecs
[    2.280285] calling  cpufreq_core_init+0x0/0x62 @ 1
[    2.281293] initcall cpufreq_core_init+0x0/0x62 returned 0 after 0 usecs
[    2.282269] calling  cpufreq_gov_performance_init+0x0/0xc @ 1
[    2.283268] initcall cpufreq_gov_performance_init+0x0/0xc returned 0 after 0 usecs
[    2.284269] calling  cpufreq_gov_userspace_init+0x0/0xc @ 1
[    2.285269] initcall cpufreq_gov_userspace_init+0x0/0xc returned 0 after 0 usecs
[    2.286267] calling  CPU_FREQ_GOV_ONDEMAND_init+0x0/0xc @ 1
[    2.287267] initcall CPU_FREQ_GOV_ONDEMAND_init+0x0/0xc returned 0 after 0 usecs
[    2.288266] calling  cpuidle_init+0x0/0x1f @ 1
[    2.289300] initcall cpuidle_init+0x0/0x1f returned 0 after 0 usecs
[    2.291266] calling  capsule_reboot_register+0x0/0xc @ 1
[    2.292293] initcall capsule_reboot_register+0x0/0xc returned 0 after 0 usecs
[    2.293268] calling  sock_init+0x0/0x93 @ 1
[    2.297291] initcall sock_init+0x0/0x93 returned 0 after 1953 usecs
[    2.298266] calling  net_inuse_init+0x0/0x23 @ 1
[    2.299276] initcall net_inuse_init+0x0/0x23 returned 0 after 0 usecs
[    2.300265] calling  net_defaults_init+0x0/0x23 @ 1
[    2.301266] initcall net_defaults_init+0x0/0x23 returned 0 after 0 usecs
[    2.302266] calling  init_default_flow_dissectors+0x0/0x4f @ 1
[    2.304266] initcall init_default_flow_dissectors+0x0/0x4f returned 0 after 0 usecs
[    2.305266] calling  netpoll_init+0x0/0x26 @ 1
[    2.306264] initcall netpoll_init+0x0/0x26 returned 0 after 0 usecs
[    2.307265] calling  netlink_proto_init+0x0/0x14f @ 1
[    2.308604] NET: Registered protocol family 16
[    2.309296] initcall netlink_proto_init+0x0/0x14f returned 0 after 976 usecs
[    2.310266] calling  genl_init+0x0/0x35 @ 1
[    2.311354] initcall genl_init+0x0/0x35 returned 0 after 0 usecs
[    2.312266] calling  bsp_pm_check_init+0x0/0x13 @ 1
[    2.313265] initcall bsp_pm_check_init+0x0/0x13 returned 0 after 0 usecs
[    2.315290] calling  irq_sysfs_init+0x0/0xb7 @ 1
[    2.316442] initcall irq_sysfs_init+0x0/0xb7 returned 0 after 0 usecs
[    2.317267] calling  audit_init+0x0/0x160 @ 1
[    2.318278] audit: initializing netlink subsys (disabled)
[    2.320796] initcall audit_init+0x0/0x160 returned 0 after 1953 usecs
[    2.320670] audit: type=2000 audit(1670899940.415:1): state=initialized audit_enabled=0 res=1
[    2.321267] calling  release_early_probes+0x0/0x32 @ 1
[    2.321271] initcall release_early_probes+0x0/0x32 returned 0 after 0 usecs
[    2.324268] calling  bdi_class_init+0x0/0x48 @ 1
[    2.325329] initcall bdi_class_init+0x0/0x48 returned 0 after 0 usecs
[    2.326267] calling  mm_sysfs_init+0x0/0x28 @ 1
[    2.327272] initcall mm_sysfs_init+0x0/0x28 returned 0 after 0 usecs
[    2.328269] calling  init_per_zone_wmark_min+0x0/0x6d @ 1
[    2.329273] initcall init_per_zone_wmark_min+0x0/0x6d returned 0 after 0 usecs
[    2.330267] calling  mpi_init+0x0/0x3e @ 1
[    2.331268] initcall mpi_init+0x0/0x3e returned 0 after 0 usecs
[    2.332265] calling  kobject_uevent_init+0x0/0xc @ 1
[    2.333276] initcall kobject_uevent_init+0x0/0xc returned 0 after 0 usecs
[    2.334266] calling  pcibus_class_init+0x0/0x13 @ 1
[    2.335276] initcall pcibus_class_init+0x0/0x13 returned 0 after 0 usecs
[    2.336266] calling  pci_driver_init+0x0/0x21 @ 1
[    2.337315] initcall pci_driver_init+0x0/0x21 returned 0 after 0 usecs
[    2.338266] calling  backlight_class_init+0x0/0xa8 @ 1
[    2.339293] initcall backlight_class_init+0x0/0xa8 returned 0 after 0 usecs
[    2.340267] calling  tty_class_init+0x0/0x33 @ 1
[    2.341275] initcall tty_class_init+0x0/0x33 returned 0 after 0 usecs
[    2.342266] calling  vtconsole_class_init+0x0/0xb5 @ 1
[    2.343339] initcall vtconsole_class_init+0x0/0xb5 returned 0 after 0 usecs
[    2.344266] calling  iommu_dev_init+0x0/0x13 @ 1
[    2.346269] initcall iommu_dev_init+0x0/0x13 returned 0 after 976 usecs
[    2.347265] calling  mipi_dsi_bus_init+0x0/0xc @ 1
[    2.348329] initcall mipi_dsi_bus_init+0x0/0xc returned 0 after 0 usecs
[    2.349266] calling  devlink_class_init+0x0/0x40 @ 1
[    2.350297] initcall devlink_class_init+0x0/0x40 returned 0 after 0 usecs
[    2.351267] calling  software_node_init+0x0/0x2a @ 1
[    2.352271] initcall software_node_init+0x0/0x2a returned 0 after 0 usecs
[    2.353270] calling  wakeup_sources_debugfs_init+0x0/0x23 @ 1
[    2.354341] initcall wakeup_sources_debugfs_init+0x0/0x23 returned 0 after 0 usecs
[    2.355267] calling  wakeup_sources_sysfs_init+0x0/0x2c @ 1
[    2.356279] initcall wakeup_sources_sysfs_init+0x0/0x2c returned 0 after 0 usecs
[    2.357269] calling  register_node_type+0x0/0x13 @ 1
[    2.358335] initcall register_node_type+0x0/0x13 returned 0 after 0 usecs
[    2.359269] calling  regmap_initcall+0x0/0xc @ 1
[    2.360366] initcall regmap_initcall+0x0/0xc returned 0 after 0 usecs
[    2.361271] calling  i2c_init+0x0/0xb3 @ 1
[    2.363346] initcall i2c_init+0x0/0xb3 returned 0 after 0 usecs
[    2.364267] calling  thermal_init+0x0/0xf2 @ 1
[    2.365290] thermal_sys: Registered thermal governor 'step_wise'
[    2.365291] thermal_sys: Registered thermal governor 'user_space'
[    2.366277] initcall thermal_init+0x0/0xf2 returned 0 after 976 usecs
[    2.368267] calling  init_menu+0x0/0xc @ 1
[    2.372269] cpuidle: using governor menu
[    2.378273] initcall init_menu+0x0/0xc returned 0 after 8789 usecs
[    2.386271] calling  pcc_init+0x0/0x4d @ 1
[    2.391268] initcall pcc_init+0x0/0x4d returned -19 after 0 usecs
[    2.398272] calling  amd_postcore_init+0x0/0x11e @ 1
[    2.405266] initcall amd_postcore_init+0x0/0x11e returned 0 after 0 usecs
[    2.413294] calling  bts_init+0x0/0xba @ 1
[    2.419268] initcall bts_init+0x0/0xba returned -19 after 0 usecs
[    2.426269] calling  pt_init+0x0/0x341 @ 1
[    2.429268] initcall pt_init+0x0/0x341 returned -19 after 0 usecs
[    2.437268] calling  boot_params_ksysfs_init+0x0/0x2ee @ 1
[    2.444311] initcall boot_params_ksysfs_init+0x0/0x2ee returned 0 after 0 usecs
[    2.453267] calling  sbf_init+0x0/0xea @ 1
[    2.458268] initcall sbf_init+0x0/0xea returned 0 after 0 usecs
[    2.466267] calling  arch_kdebugfs_init+0x0/0x219 @ 1
[    2.475483] initcall arch_kdebugfs_init+0x0/0x219 returned 0 after 1953 usecs
[    2.485268] calling  intel_pconfig_init+0x0/0x85 @ 1
[    2.491268] initcall intel_pconfig_init+0x0/0x85 returned 0 after 0 usecs
[    2.501269] calling  mtrr_if_init+0x0/0x5d @ 1
[    2.546370] initcall mtrr_if_init+0x0/0x5d returned 0 after 39062 usecs
[    2.556273] calling  activate_jump_labels+0x0/0x31 @ 1
[    2.562269] initcall activate_jump_labels+0x0/0x31 returned 0 after 0 usecs
[    2.571269] calling  ffh_cstate_init+0x0/0x29 @ 1
[    2.578279] initcall ffh_cstate_init+0x0/0x29 returned 0 after 0 usecs
[    2.587268] calling  activate_jump_labels+0x0/0x31 @ 1
[    2.603271] initcall activate_jump_labels+0x0/0x31 returned 0 after 8789 usecs
[    2.613270] calling  kvm_alloc_cpumask+0x0/0x87 @ 1
[    2.620360] initcall kvm_alloc_cpumask+0x0/0x87 returned 0 after 0 usecs
[    2.629270] calling  kcmp_cookies_init+0x0/0x37 @ 1
[    2.635278] initcall kcmp_cookies_init+0x0/0x37 returned 0 after 0 usecs
[    2.644273] calling  cryptomgr_init+0x0/0xc @ 1
[    2.650392] initcall cryptomgr_init+0x0/0xc returned 0 after 0 usecs
[    2.657270] calling  acpi_pci_init+0x0/0x57 @ 1
[    2.659267] ACPI: bus type PCI registered
[    2.661269] initcall acpi_pci_init+0x0/0x57 returned 0 after 1953 usecs
[    2.670269] calling  dma_channel_table_init+0x0/0xd1 @ 1
[    2.675293] initcall dma_channel_table_init+0x0/0xd1 returned 0 after 0 usecs
[    2.686268] calling  dma_bus_init+0x0/0xdc @ 1
[    2.693620] initcall dma_bus_init+0x0/0xdc returned 0 after 976 usecs
[    2.702270] calling  iommu_dma_init+0x0/0x10 @ 1
[    2.708289] initcall iommu_dma_init+0x0/0x10 returned 0 after 0 usecs
[    2.716270] calling  dmi_id_init+0x0/0x37c @ 1
[    2.723507] initcall dmi_id_init+0x0/0x37c returned 0 after 1953 usecs
[    2.733269] calling  pci_arch_init+0x0/0x71 @ 1
[    2.740389] PCI: MMCONFIG for domain 0000 [bus 00-ff] at [mem 0xb0000000-0xbfffffff] (base 0xb0000000)
[    2.749273] PCI: MMCONFIG at [mem 0xb0000000-0xbfffffff] reserved in E820
[    2.759296] PCI: Using configuration type 1 for base access
[    2.761272] initcall pci_arch_init+0x0/0x71 returned 0 after 21484 usecs
[    2.769304] calling  init_vdso+0x0/0x13 @ 1
[    2.777358] initcall init_vdso+0x0/0x13 returned 0 after 0 usecs
[    2.785305] calling  sysenter_setup+0x0/0x13 @ 1
[    2.791717] initcall sysenter_setup+0x0/0x13 returned 0 after 0 usecs
[    2.799269] calling  fixup_ht_bug+0x0/0xe5 @ 1
[    2.806268] initcall fixup_ht_bug+0x0/0xe5 returned 0 after 0 usecs
[    2.814268] calling  topology_init+0x0/0x8b @ 1
[    2.830045] initcall topology_init+0x0/0x8b returned 0 after 9765 usecs
[    2.840270] calling  intel_epb_init+0x0/0x68 @ 1
[    2.847269] initcall intel_epb_init+0x0/0x68 returned -19 after 0 usecs
[    2.855268] calling  mtrr_init_finialize+0x0/0x3e @ 1
[    2.863268] initcall mtrr_init_finialize+0x0/0x3e returned 0 after 0 usecs
[    2.871269] calling  uid_cache_init+0x0/0x85 @ 1
[    2.878281] initcall uid_cache_init+0x0/0x85 returned 0 after 0 usecs
[    2.887270] calling  param_sysfs_init+0x0/0x1ba @ 1
[    2.915585] initcall param_sysfs_init+0x0/0x1ba returned 0 after 20507 usecs
[    2.925268] calling  user_namespace_sysctl_init+0x0/0x33 @ 1
[    2.929290] initcall user_namespace_sysctl_init+0x0/0x33 returned 0 after 0 usecs
[    2.938269] calling  proc_schedstat_init+0x0/0x24 @ 1
[    2.946275] initcall proc_schedstat_init+0x0/0x24 returned 0 after 0 usecs
[    2.955268] calling  pm_sysrq_init+0x0/0x18 @ 1
[    2.975274] initcall pm_sysrq_init+0x0/0x18 returned 0 after 13671 usecs
[    2.986664] calling  create_proc_profile+0x0/0xd0 @ 1
[    2.995271] initcall create_proc_profile+0x0/0xd0 returned 0 after 0 usecs
[    3.004302] calling  time_ns_init+0x0/0x7 @ 1
[    3.009269] initcall time_ns_init+0x0/0x7 returned 0 after 0 usecs
[    3.019269] calling  crash_save_vmcoreinfo_init+0x0/0x722 @ 1
[    3.029409] initcall crash_save_vmcoreinfo_init+0x0/0x722 returned 0 after 0 usecs
[    3.041270] calling  crash_notes_memory_init+0x0/0x35 @ 1
[    3.050284] initcall crash_notes_memory_init+0x0/0x35 returned 0 after 0 usecs
[    3.059271] calling  cgroup_sysfs_init+0x0/0x13 @ 1
[    3.066267] initcall cgroup_sysfs_init+0x0/0x13 returned 0 after 0 usecs
[    3.076270] calling  cgroup_namespaces_init+0x0/0x7 @ 1
[    3.080302] initcall cgroup_namespaces_init+0x0/0x7 returned 0 after 0 usecs
[    3.091273] calling  init_optprobes+0x0/0x13 @ 1
[    3.098267] Kprobes globally optimized
[    3.100269] initcall init_optprobes+0x0/0x13 returned 0 after 1953 usecs
[    3.106269] calling  oom_init+0x0/0x2f @ 1
[    3.115445] initcall oom_init+0x0/0x2f returned 0 after 2929 usecs
[    3.124269] calling  default_bdi_init+0x0/0xb3 @ 1
[    3.137586] initcall default_bdi_init+0x0/0xb3 returned 0 after 9765 usecs
[    3.147280] calling  percpu_enable_async+0x0/0xe @ 1
[    3.155275] initcall percpu_enable_async+0x0/0xe returned 0 after 0 usecs
[    3.165293] calling  kcompactd_init+0x0/0x90 @ 1
[    3.172564] initcall kcompactd_init+0x0/0x90 returned 0 after 1953 usecs
[    3.182306] calling  init_user_reserve+0x0/0x40 @ 1
[    3.189272] initcall init_user_reserve+0x0/0x40 returned 0 after 0 usecs
[    3.199275] calling  init_admin_reserve+0x0/0x40 @ 1
[    3.206272] initcall init_admin_reserve+0x0/0x40 returned 0 after 0 usecs
[    3.215272] calling  init_reserve_notifier+0x0/0x7 @ 1
[    3.222270] initcall init_reserve_notifier+0x0/0x7 returned 0 after 0 usecs
[    3.231270] calling  swap_init_sysfs+0x0/0x62 @ 1
[    3.237281] initcall swap_init_sysfs+0x0/0x62 returned 0 after 0 usecs
[    3.246270] calling  swapfile_init+0x0/0x96 @ 1
[    3.252293] initcall swapfile_init+0x0/0x96 returned 0 after 0 usecs
[    3.261270] calling  hugetlb_init+0x0/0x49f @ 1
[    3.267346] HugeTLB registered 2.00 MiB page size, pre-allocated 0 pages
[    3.271385] initcall hugetlb_init+0x0/0x49f returned 0 after 3906 usecs
[    3.282274] calling  io_wq_init+0x0/0x34 @ 1
[    3.289271] initcall io_wq_init+0x0/0x34 returned 0 after 0 usecs
[    3.299271] calling  seqiv_module_init+0x0/0xc @ 1
[    3.306276] initcall seqiv_module_init+0x0/0xc returned 0 after 0 usecs
[    3.315271] calling  echainiv_module_init+0x0/0xc @ 1
[    3.322269] initcall echainiv_module_init+0x0/0xc returned 0 after 0 usecs
[    3.332272] calling  rsa_init+0x0/0x50 @ 1
[    3.341613] initcall rsa_init+0x0/0x50 returned 0 after 3906 usecs
[    3.342300] cryptomgr_test (63) used greatest stack depth: 15504 bytes left
[    3.361275] calling  crypto_cmac_module_init+0x0/0xc @ 1
[    3.366270] initcall crypto_cmac_module_init+0x0/0xc returned 0 after 0 usecs
[    3.376451] calling  hmac_module_init+0x0/0xc @ 1
[    3.382270] initcall hmac_module_init+0x0/0xc returned 0 after 0 usecs
[    3.390268] calling  crypto_null_mod_init+0x0/0x65 @ 1
[    3.414282] cryptomgr_test (70) used greatest stack depth: 15184 bytes left
[    3.422272] initcall crypto_null_mod_init+0x0/0x65 returned 0 after 26367 usecs
[    3.435273] calling  md5_mod_init+0x0/0xc @ 1
[    3.447855] initcall md5_mod_init+0x0/0xc returned 0 after 5859 usecs
[    3.457272] calling  sha256_generic_mod_init+0x0/0x11 @ 1
[    3.476457] initcall sha256_generic_mod_init+0x0/0x11 returned 0 after 12695 usecs
[    3.487274] calling  crypto_cbc_module_init+0x0/0xc @ 1
[    3.493271] initcall crypto_cbc_module_init+0x0/0xc returned 0 after 0 usecs
[    3.503269] calling  crypto_ctr_module_init+0x0/0x11 @ 1
[    3.511269] initcall crypto_ctr_module_init+0x0/0x11 returned 0 after 0 usecs
[    3.521270] calling  crypto_gcm_module_init+0x0/0x64 @ 1
[    3.527446] initcall crypto_gcm_module_init+0x0/0x64 returned 0 after 0 usecs
[    3.537271] calling  crypto_ccm_module_init+0x0/0x11 @ 1
[    3.543271] initcall crypto_ccm_module_init+0x0/0x11 returned 0 after 0 usecs
[    3.554269] calling  aes_init+0x0/0xc @ 1
[    3.566276] initcall aes_init+0x0/0xc returned 0 after 5859 usecs
[    3.574272] calling  crc32c_mod_init+0x0/0xc @ 1
[    3.582271] initcall crc32c_mod_init+0x0/0xc returned 0 after 976 usecs
[    3.591271] calling  crypto_authenc_module_init+0x0/0xc @ 1
[    3.598273] initcall crypto_authenc_module_init+0x0/0xc returned 0 after 0 usecs
[    3.614312] calling  crypto_authenc_esn_module_init+0x0/0xc @ 1
[    3.624279] initcall crypto_authenc_esn_module_init+0x0/0xc returned 0 after 0 usecs
[    3.634274] calling  drbg_init+0x0/0x7c @ 1
[    3.653351] initcall drbg_init+0x0/0x7c returned 0 after 13671 usecs
[    3.664273] calling  ghash_mod_init+0x0/0xc @ 1
[    3.673428] initcall ghash_mod_init+0x0/0xc returned 0 after 976 usecs
[    3.684270] calling  init_bio+0x0/0x9a @ 1
[    3.692886] initcall init_bio+0x0/0x9a returned 0 after 0 usecs
[    3.700269] calling  blk_settings_init+0x0/0x29 @ 1
[    3.706268] initcall blk_settings_init+0x0/0x29 returned 0 after 0 usecs
[    3.715268] calling  blk_ioc_init+0x0/0x29 @ 1
[    3.721271] initcall blk_ioc_init+0x0/0x29 returned 0 after 0 usecs
[    3.730269] calling  blk_mq_init+0x0/0xb9 @ 1
[    3.736271] initcall blk_mq_init+0x0/0xb9 returned 0 after 0 usecs
[    3.743270] calling  genhd_device_init+0x0/0x75 @ 1
[    3.761477] initcall genhd_device_init+0x0/0x75 returned 0 after 12695 usecs
[    3.774274] calling  pci_slot_init+0x0/0x40 @ 1
[    3.782276] initcall pci_slot_init+0x0/0x40 returned 0 after 0 usecs
[    3.789270] calling  fbmem_init+0x0/0xd8 @ 1
[    3.795138] initcall fbmem_init+0x0/0xd8 returned 0 after 0 usecs
[    3.800269] calling  acpi_init+0x0/0x319 @ 1
[    3.806549] ACPI: Added _OSI(Module Device)
[    3.811267] ACPI: Added _OSI(Processor Device)
[    3.818266] ACPI: Added _OSI(3.0 _SCP Extensions)
[    3.828268] ACPI: Added _OSI(Processor Aggregator Device)
[    3.836267] ACPI: Added _OSI(Linux-Dell-Video)
[    3.843266] ACPI: Added _OSI(Linux-Lenovo-NV-HDMI-Audio)
[    3.850268] ACPI: Added _OSI(Linux-HPI-Hybrid-Graphics)
[    3.867850] ACPI: 1 ACPI AML tables successfully acquired and loaded
[    3.883785] ACPI: Interpreter enabled
[    3.889685] ACPI: (supports S0 S3 S4 S5)
[    3.895267] ACPI: Using IOAPIC for interrupt routing
[    3.902741] PCI: Using host bridge windows from ACPI; if necessary, use "pci=nocrs" and report a bug
[    3.914677] ACPI: Enabled 2 GPEs in block 00 to 3F
[    3.952122] ACPI: PCI Root Bridge [PCI0] (domain 0000 [bus 00-ff])
[    3.960272] acpi PNP0A08:00: _OSC: OS supports [ExtendedConfig ASPM ClockPM Segments MSI HPX-Type3]
[    3.969347] acpi PNP0A08:00: _OSC: platform does not support [LTR]
[    3.978599] acpi PNP0A08:00: _OSC: OS now controls [PME PCIeCapability]
[    3.985599] PCI host bridge to bus 0000:00
[    3.994335] pci_bus 0000:00: root bus resource [io  0x0000-0x0cf7 window]
[    4.005271] pci_bus 0000:00: root bus resource [io  0x0d00-0xffff window]
[    4.014275] pci_bus 0000:00: root bus resource [mem 0x000a0000-0x000bffff window]
[    4.024268] pci_bus 0000:00: root bus resource [mem 0x20000000-0xafffffff window]
[    4.034267] pci_bus 0000:00: root bus resource [mem 0xc0000000-0xfebfffff window]
[    4.043281] pci_bus 0000:00: root bus resource [mem 0x100000000-0x8ffffffff window]
[    4.053267] pci_bus 0000:00: root bus resource [bus 00-ff]
[    4.060752] pci 0000:00:00.0: calling  quirk_mmio_always_on+0x0/0x10 @ 1
[    4.069271] pci 0000:00:00.0: quirk_mmio_always_on+0x0/0x10 took 0 usecs
[    4.077267] pci 0000:00:00.0: [8086:29c0] type 00 class 0x060000
[    4.088094] pci 0000:00:00.0: calling  quirk_igfx_skip_te_disable+0x0/0x80 @ 1
[    4.097269] pci 0000:00:00.0: quirk_igfx_skip_te_disable+0x0/0x80 took 0 usecs
[    4.107738] pci 0000:00:01.0: [1234:1111] type 00 class 0x030000
[    4.125082] pci 0000:00:01.0: reg 0x10: [mem 0xfd000000-0xfdffffff pref]
[    4.151855] pci 0000:00:01.0: reg 0x18: [mem 0xfebf0000-0xfebf0fff]
[    4.197260] pci 0000:00:01.0: reg 0x30: [mem 0xfebe0000-0xfebeffff pref]
[    4.212809] pci 0000:00:01.0: calling  efifb_fixup_resources+0x0/0xf0 @ 1
[    4.222336] pci 0000:00:01.0: efifb_fixup_resources+0x0/0xf0 took 0 usecs
[    4.240076] pci 0000:00:1f.0: [8086:2918] type 00 class 0x060100
[    4.253540] pci 0000:00:1f.0: calling  quirk_ich7_lpc+0x0/0x60 @ 1
[    4.262591] pci 0000:00:1f.0: quirk: [io  0x0600-0x067f] claimed by ICH6 ACPI/GPIO/TCO
[    4.273355] pci 0000:00:1f.0: quirk_ich7_lpc+0x0/0x60 took 10742 usecs
[    4.282282] pci 0000:00:1f.0: calling  quirk_igfx_skip_te_disable+0x0/0x80 @ 1
[    4.292399] pci 0000:00:1f.0: quirk_igfx_skip_te_disable+0x0/0x80 took 0 usecs
[    4.302772] pci 0000:00:1f.2: [8086:2922] type 00 class 0x010601
[    4.319156] pci 0000:00:1f.2: reg 0x20: [io  0xc040-0xc05f]
[    4.331272] pci 0000:00:1f.2: reg 0x24: [mem 0xfebf1000-0xfebf1fff]
[    4.343489] pci 0000:00:1f.2: calling  quirk_igfx_skip_te_disable+0x0/0x80 @ 1
[    4.354569] pci 0000:00:1f.2: quirk_igfx_skip_te_disable+0x0/0x80 took 0 usecs
[    4.367359] pci 0000:00:1f.3: [8086:2930] type 00 class 0x0c0500
[    4.380520] pci 0000:00:1f.3: reg 0x20: [io  0x0700-0x073f]
[    4.390367] pci 0000:00:1f.3: calling  quirk_igfx_skip_te_disable+0x0/0x80 @ 1
[    4.401271] pci 0000:00:1f.3: quirk_igfx_skip_te_disable+0x0/0x80 took 0 usecs
[    4.413972] ACPI: PCI Interrupt Link [LNKA] (IRQs 5 *10 11)
[    4.423500] ACPI: PCI Interrupt Link [LNKB] (IRQs 5 *10 11)
[    4.431668] ACPI: PCI Interrupt Link [LNKC] (IRQs 5 10 *11)
[    4.438669] ACPI: PCI Interrupt Link [LNKD] (IRQs 5 10 *11)
[    4.446743] ACPI: PCI Interrupt Link [LNKE] (IRQs 5 *10 11)
[    4.454796] ACPI: PCI Interrupt Link [LNKF] (IRQs 5 *10 11)
[    4.462697] ACPI: PCI Interrupt Link [LNKG] (IRQs 5 10 *11)
[    4.470487] ACPI: PCI Interrupt Link [LNKH] (IRQs 5 10 *11)
[    4.478465] ACPI: PCI Interrupt Link [GSIA] (IRQs *16)
[    4.485276] ACPI: PCI Interrupt Link [GSIB] (IRQs *17)
[    4.492294] ACPI: PCI Interrupt Link [GSIC] (IRQs *18)
[    4.498276] ACPI: PCI Interrupt Link [GSID] (IRQs *19)
[    4.505298] ACPI: PCI Interrupt Link [GSIE] (IRQs *20)
[    4.512279] ACPI: PCI Interrupt Link [GSIF] (IRQs *21)
[    4.519295] ACPI: PCI Interrupt Link [GSIG] (IRQs *22)
[    4.526368] ACPI: PCI Interrupt Link [GSIH] (IRQs *23)
[    4.553595] initcall acpi_init+0x0/0x319 returned 0 after 733398 usecs
[    4.562400] calling  pnp_init+0x0/0xc @ 1
[    4.568319] initcall pnp_init+0x0/0xc returned 0 after 0 usecs
[    4.576268] calling  misc_init+0x0/0xbf @ 1
[    4.582601] initcall misc_init+0x0/0xbf returned 0 after 0 usecs
[    4.590267] calling  iommu_subsys_init+0x0/0x4e @ 1
[    4.597344] iommu: Default domain type: Translated 
[    4.604267] initcall iommu_subsys_init+0x0/0x4e returned 0 after 6835 usecs
[    4.613268] calling  vga_arb_device_init+0x0/0x261 @ 1
[    4.623432] pci 0000:00:01.0: vgaarb: setting as boot VGA device
[    4.624260] pci 0000:00:01.0: vgaarb: VGA device added: decodes=io+mem,owns=io+mem,locks=none
[    4.643271] pci 0000:00:01.0: vgaarb: bridge control possible
[    4.651266] vgaarb: loaded
[    4.655269] initcall vga_arb_device_init+0x0/0x261 returned 0 after 34179 usecs
[    4.665331] calling  cn_init+0x0/0xf0 @ 1
[    4.671731] initcall cn_init+0x0/0xf0 returned 0 after 0 usecs
[    4.680277] calling  dma_buf_init+0x0/0xad @ 1
[    4.691635] initcall dma_buf_init+0x0/0xad returned 0 after 5859 usecs
[    4.701270] calling  init_scsi+0x0/0x79 @ 1
[    4.707537] SCSI subsystem initialized
[    4.713269] initcall init_scsi+0x0/0x79 returned 0 after 5859 usecs
[    4.722649] calling  ata_init+0x0/0x332 @ 1
[    4.740437] libata version 3.00 loaded.
[    4.745270] initcall ata_init+0x0/0x332 returned 0 after 19531 usecs
[    4.753271] calling  phy_init+0x0/0x250 @ 1
[    4.759424] initcall phy_init+0x0/0x250 returned 0 after 0 usecs
[    4.768277] calling  init_pcmcia_cs+0x0/0x35 @ 1
[    4.775399] initcall init_pcmcia_cs+0x0/0x35 returned 0 after 0 usecs
[    4.783269] calling  usb_common_init+0x0/0x1c @ 1
[    4.790334] initcall usb_common_init+0x0/0x1c returned 0 after 0 usecs
[    4.799268] calling  usb_init+0x0/0x12e @ 1
[    4.804338] ACPI: bus type USB registered
[    4.810277] usbcore: registered new interface driver usbfs
[    4.818416] usbcore: registered new interface driver hub
[    4.825317] usbcore: registered new device driver usb
[    4.832272] initcall usb_init+0x0/0x12e returned 0 after 27343 usecs
[    4.841269] calling  serio_init+0x0/0x29 @ 1
[    4.847353] initcall serio_init+0x0/0x29 returned 0 after 0 usecs
[    4.856269] calling  input_init+0x0/0xf6 @ 1
[    4.862419] initcall input_init+0x0/0xf6 returned 0 after 0 usecs
[    4.870269] calling  rtc_init+0x0/0x4d @ 1
[    4.875302] initcall rtc_init+0x0/0x4d returned 0 after 0 usecs
[    4.882267] calling  pps_init+0x0/0xa9 @ 1
[    4.888279] pps_core: LinuxPPS API ver. 1 registered
[    4.894264] pps_core: Software ver. 5.3.6 - Copyright 2005-2007 Rodolfo Giometti <giometti@linux.it>
[    4.905269] initcall pps_init+0x0/0xa9 returned 0 after 16601 usecs
[    4.913266] calling  ptp_init+0x0/0x98 @ 1
[    4.918283] PTP clock support registered
[    4.923268] initcall ptp_init+0x0/0x98 returned 0 after 4882 usecs
[    4.930269] calling  power_supply_class_init+0x0/0x3f @ 1
[    4.937423] initcall power_supply_class_init+0x0/0x3f returned 0 after 0 usecs
[    4.946268] calling  hwmon_init+0x0/0x104 @ 1
[    4.951298] initcall hwmon_init+0x0/0x104 returned 0 after 0 usecs
[    4.959267] calling  md_init+0x0/0x16b @ 1
[    4.966264] initcall md_init+0x0/0x16b returned 0 after 1953 usecs
[    4.974269] calling  leds_init+0x0/0x3b @ 1
[    4.979364] initcall leds_init+0x0/0x3b returned 0 after 0 usecs
[    4.987271] calling  dmi_init+0x0/0x113 @ 1
[    4.993677] initcall dmi_init+0x0/0x113 returned 0 after 0 usecs
[    5.001269] calling  efisubsys_init+0x0/0x4e7 @ 1
[    5.008291] initcall efisubsys_init+0x0/0x4e7 returned 0 after 0 usecs
[    5.016281] calling  nvmem_init+0x0/0xc @ 1
[    5.021342] initcall nvmem_init+0x0/0xc returned 0 after 0 usecs
[    5.028266] calling  init_soundcore+0x0/0x33 @ 1
[    5.034289] initcall init_soundcore+0x0/0x33 returned 0 after 0 usecs
[    5.042266] calling  alsa_sound_init+0x0/0x8f @ 1
[    5.048407] Advanced Linux Sound Architecture Driver Initialized.
[    5.055267] initcall alsa_sound_init+0x0/0x8f returned 0 after 6835 usecs
[    5.063300] calling  alsa_seq_device_init+0x0/0x71 @ 1
[    5.070299] initcall alsa_seq_device_init+0x0/0x71 returned 0 after 0 usecs
[    5.078266] calling  hda_bus_init+0x0/0xc @ 1
[    5.084293] initcall hda_bus_init+0x0/0xc returned 0 after 0 usecs
[    5.091266] calling  proto_init+0x0/0xc @ 1
[    5.097324] initcall proto_init+0x0/0xc returned 0 after 0 usecs
[    5.104266] calling  net_dev_init+0x0/0x209 @ 1
[    5.111790] initcall net_dev_init+0x0/0x209 returned 0 after 1953 usecs
[    5.118267] calling  neigh_init+0x0/0x84 @ 1
[    5.124268] initcall neigh_init+0x0/0x84 returned 0 after 0 usecs
[    5.132267] calling  fib_notifier_init+0x0/0xc @ 1
[    5.138270] initcall fib_notifier_init+0x0/0xc returned 0 after 0 usecs
[    5.147266] calling  fib_rules_init+0x0/0xab @ 1
[    5.151506] initcall fib_rules_init+0x0/0xab returned 0 after 0 usecs
[    5.160270] calling  pktsched_init+0x0/0x10e @ 1
[    5.166299] initcall pktsched_init+0x0/0x10e returned 0 after 0 usecs
[    5.174266] calling  tc_filter_init+0x0/0xfa @ 1
[    5.180297] initcall tc_filter_init+0x0/0xfa returned 0 after 0 usecs
[    5.188266] calling  tc_action_init+0x0/0x54 @ 1
[    5.194267] initcall tc_action_init+0x0/0x54 returned 0 after 0 usecs
[    5.204277] calling  ethnl_init+0x0/0x52 @ 1
[    5.207349] initcall ethnl_init+0x0/0x52 returned 0 after 0 usecs
[    5.216269] calling  nexthop_init+0x0/0xd8 @ 1
[    5.222372] initcall nexthop_init+0x0/0xd8 returned 0 after 0 usecs
[    5.230270] calling  cipso_v4_init+0x0/0x5d @ 1
[    5.236410] initcall cipso_v4_init+0x0/0x5d returned 0 after 0 usecs
[    5.245276] calling  ieee80211_init+0x0/0x24 @ 1
[    5.251400] initcall ieee80211_init+0x0/0x24 returned 0 after 0 usecs
[    5.260270] calling  netlbl_init+0x0/0x78 @ 1
[    5.267282] NetLabel: Initializing
[    5.273266] NetLabel:  domain hash size = 128
[    5.280263] NetLabel:  protocols = UNLABELED CIPSOv4 CALIPSO
[    5.290739] NetLabel:  unlabeled traffic allowed by default
[    5.297268] initcall netlbl_init+0x0/0x78 returned 0 after 29296 usecs
[    5.305267] calling  rfkill_init+0x0/0x111 @ 1
[    5.312552] initcall rfkill_init+0x0/0x111 returned 0 after 976 usecs
[    5.323269] calling  pci_subsys_init+0x0/0x66 @ 1
[    5.331392] PCI: Using ACPI for IRQ routing
[    6.041260] PCI: pci_cache_line_size set to 64 bytes
[    6.053571] e820: reserve RAM buffer [mem 0x0009fc00-0x0009ffff]
[    6.061684] e820: reserve RAM buffer [mem 0x1ffdf000-0x1fffffff]
[    6.069750] initcall pci_subsys_init+0x0/0x66 returned 0 after 721679 usecs
[    6.078661] calling  nmi_warning_debugfs+0x0/0x26 @ 1
[    6.085621] initcall nmi_warning_debugfs+0x0/0x26 returned 0 after 976 usecs
[    6.094269] calling  save_microcode_in_initrd+0x0/0x51 @ 1
[    6.101537] initcall save_microcode_in_initrd+0x0/0x51 returned 0 after 976 usecs
[    6.111303] calling  hpet_late_init+0x0/0x20d @ 1
[    6.116928] hpet: 3 channels of 0 reserved for per-cpu timers
[    6.124745] hpet0: at MMIO 0xfed00000, IRQs 2, 8, 0
[    6.131265] hpet0: 3 comparators, 64-bit 100.000000 MHz counter
[    6.143270] initcall hpet_late_init+0x0/0x20d returned 0 after 26367 usecs
[    6.152270] calling  init_amd_nbs+0x0/0x11c @ 1
[    6.157380] initcall init_amd_nbs+0x0/0x11c returned 0 after 0 usecs
[    6.165296] calling  clocksource_done_booting+0x0/0x41 @ 1
[    6.180915] clocksource: Switched to clocksource kvm-clock
[    6.189719] initcall clocksource_done_booting+0x0/0x41 returned 0 after 14112 usecs
[    6.199073] calling  tracer_init_tracefs+0x0/0x242 @ 1
[    6.530921] initcall tracer_init_tracefs+0x0/0x242 returned 0 after 317309 usecs
[    6.540011] calling  init_trace_printk_function_export+0x0/0x2c @ 1
[    6.547768] initcall init_trace_printk_function_export+0x0/0x2c returned 0 after 70 usecs
[    6.557833] calling  init_kprobe_trace+0x0/0x1a9 @ 1
[    6.564038] initcall init_kprobe_trace+0x0/0x1a9 returned 0 after 22 usecs
[    6.572526] calling  init_dynamic_event+0x0/0x3d @ 1
[    6.578670] initcall init_dynamic_event+0x0/0x3d returned 0 after 16 usecs
[    6.587201] calling  init_uprobe_trace+0x0/0x5c @ 1
[    6.594480] initcall init_uprobe_trace+0x0/0x5c returned 0 after 242 usecs
[    6.602878] calling  init_pipe_fs+0x0/0x44 @ 1
[    6.608796] initcall init_pipe_fs+0x0/0x44 returned 0 after 402 usecs
[    6.616717] calling  inotify_user_setup+0x0/0x47 @ 1
[    6.622969] initcall inotify_user_setup+0x0/0x47 returned 0 after 66 usecs
[    6.631466] calling  eventpoll_init+0x0/0xd4 @ 1
[    6.637268] initcall eventpoll_init+0x0/0xd4 returned 0 after 89 usecs
[    6.645508] calling  anon_inode_init+0x0/0x58 @ 1
[    6.651415] initcall anon_inode_init+0x0/0x58 returned 0 after 78 usecs
[    6.659522] calling  proc_locks_init+0x0/0x27 @ 1
[    6.665430] initcall proc_locks_init+0x0/0x27 returned 0 after 99 usecs
[    6.673547] calling  iomap_init+0x0/0x1b @ 1
[    6.683993] initcall iomap_init+0x0/0x1b returned 0 after 2457 usecs
[    6.691779] calling  dquot_init+0x0/0x106 @ 1
[    6.697162] VFS: Disk quotas dquot_6.6.0
[    6.702464] VFS: Dquot-cache hash table entries: 512 (order 0, 4096 bytes)
[    6.710909] initcall dquot_init+0x0/0x106 returned 0 after 13444 usecs
[    6.719097] calling  quota_init+0x0/0x23 @ 1
[    6.724836] initcall quota_init+0x0/0x23 returned 0 after 415 usecs
[    6.732495] calling  proc_cmdline_init+0x0/0x21 @ 1
[    6.738545] initcall proc_cmdline_init+0x0/0x21 returned 0 after 26 usecs
[    6.747869] calling  proc_consoles_init+0x0/0x24 @ 1
[    6.755602] initcall proc_consoles_init+0x0/0x24 returned 0 after 3 usecs
[    6.763923] calling  proc_cpuinfo_init+0x0/0x1e @ 1
[    6.769981] initcall proc_cpuinfo_init+0x0/0x1e returned 0 after 4 usecs
[    6.778305] calling  proc_devices_init+0x0/0x24 @ 1
[    6.784377] initcall proc_devices_init+0x0/0x24 returned 0 after 15 usecs
[    6.792851] calling  proc_interrupts_init+0x0/0x24 @ 1
[    6.799256] initcall proc_interrupts_init+0x0/0x24 returned 0 after 3 usecs
[    6.807810] calling  proc_loadavg_init+0x0/0x21 @ 1
[    6.813847] initcall proc_loadavg_init+0x0/0x21 returned 0 after 3 usecs
[    6.822087] calling  proc_meminfo_init+0x0/0x21 @ 1
[    6.828189] initcall proc_meminfo_init+0x0/0x21 returned 0 after 3 usecs
[    6.836443] calling  proc_stat_init+0x0/0x1e @ 1
[    6.842188] initcall proc_stat_init+0x0/0x1e returned 0 after 4 usecs
[    6.850066] calling  proc_uptime_init+0x0/0x21 @ 1
[    6.855992] initcall proc_uptime_init+0x0/0x21 returned 0 after 4 usecs
[    6.864417] calling  proc_version_init+0x0/0x21 @ 1
[    6.871137] initcall proc_version_init+0x0/0x21 returned 0 after 4 usecs
[    6.879397] calling  proc_softirqs_init+0x0/0x21 @ 1
[    6.885698] initcall proc_softirqs_init+0x0/0x21 returned 0 after 4 usecs
[    6.894074] calling  proc_kcore_init+0x0/0xea @ 1
[    6.899949] initcall proc_kcore_init+0x0/0xea returned 0 after 24 usecs
[    6.908103] calling  vmcore_init+0x0/0x578 @ 1
[    6.913628] initcall vmcore_init+0x0/0x578 returned 0 after 13 usecs
[    6.923021] calling  proc_kmsg_init+0x0/0x21 @ 1
[    6.929090] initcall proc_kmsg_init+0x0/0x21 returned 0 after 4 usecs
[    6.937133] calling  proc_page_init+0x0/0x3b @ 1
[    6.942974] initcall proc_page_init+0x0/0x3b returned 0 after 5 usecs
[    6.951030] calling  init_ramfs_fs+0x0/0xc @ 1
[    6.956657] initcall init_ramfs_fs+0x0/0xc returned 0 after 73 usecs
[    6.964681] calling  init_hugetlbfs_fs+0x0/0xf6 @ 1
[    6.971437] initcall init_hugetlbfs_fs+0x0/0xf6 returned 0 after 654 usecs
[    6.979934] calling  blk_scsi_ioctl_init+0x0/0x2a5 @ 1
[    6.986585] initcall blk_scsi_ioctl_init+0x0/0x2a5 returned 0 after 18 usecs
[    6.995586] calling  acpi_event_init+0x0/0x2c @ 1
[    7.001626] initcall acpi_event_init+0x0/0x2c returned 0 after 77 usecs
[    7.009977] calling  pnp_system_init+0x0/0xc @ 1
[    7.016273] initcall pnp_system_init+0x0/0xc returned 0 after 459 usecs
[    7.026690] calling  pnpacpi_init+0x0/0x69 @ 1
[    7.033982] pnp: PnP ACPI init
[    7.041493] pnp 00:00: Plug and Play ACPI device, IDs PNP0303 (active)
[    7.051858] pnp 00:01: Plug and Play ACPI device, IDs PNP0f13 (active)
[    7.060075] pnp 00:02: Plug and Play ACPI device, IDs PNP0400 (active)
[    7.068464] pnp 00:03: Plug and Play ACPI device, IDs PNP0501 (active)
[    7.076783] pnp 00:04: Plug and Play ACPI device, IDs PNP0b00 (active)
[    7.085107] system 00:05: [mem 0xb0000000-0xbfffffff window] has been reserved
[    7.093926] system 00:05: Plug and Play ACPI device, IDs PNP0c01 (active)
[    7.104028] pnp: PnP ACPI: found 6 devices
[    7.109060] initcall pnpacpi_init+0x0/0x69 returned 0 after 73368 usecs
[    7.117063] calling  chr_dev_init+0x0/0x14d @ 1
[    7.221755] initcall chr_dev_init+0x0/0x14d returned 0 after 96956 usecs
[    7.230433] calling  firmware_class_init+0x0/0xe7 @ 1
[    7.236854] initcall firmware_class_init+0x0/0xe7 returned 0 after 180 usecs
[    7.247427] calling  init_pcmcia_bus+0x0/0x5b @ 1
[    7.254587] initcall init_pcmcia_bus+0x0/0x5b returned 0 after 195 usecs
[    7.265318] calling  init_acpi_pm_clocksource+0x0/0xda @ 1
[    7.278423] clocksource: acpi_pm: mask: 0xffffff max_cycles: 0xffffff, max_idle_ns: 2085701024 ns
[    7.289227] initcall init_acpi_pm_clocksource+0x0/0xda returned 0 after 15865 usecs
[    7.298764] calling  sysctl_core_init+0x0/0x26 @ 1
[    7.304879] initcall sysctl_core_init+0x0/0x26 returned 0 after 185 usecs
[    7.313310] calling  eth_offload_init+0x0/0x13 @ 1
[    7.319382] initcall eth_offload_init+0x0/0x13 returned 0 after 99 usecs
[    7.327771] calling  ipv4_offload_init+0x0/0x73 @ 1
[    7.334038] initcall ipv4_offload_init+0x0/0x73 returned 0 after 82 usecs
[    7.342415] calling  inet_init+0x0/0x276 @ 1
[    7.348363] NET: Registered protocol family 2
[    7.355563] IP idents hash table entries: 8192 (order: 4, 65536 bytes, linear)
[    7.375481] tcp_listen_portaddr_hash hash table entries: 256 (order: 0, 4096 bytes, linear)
[    7.386219] TCP established hash table entries: 4096 (order: 3, 32768 bytes, linear)
[    7.397236] TCP bind hash table entries: 4096 (order: 4, 65536 bytes, linear)
[    7.407186] TCP: Hash tables configured (established 4096 bind 4096)
[    7.418044] UDP hash table entries: 256 (order: 1, 8192 bytes, linear)
[    7.430165] UDP-Lite hash table entries: 256 (order: 1, 8192 bytes, linear)
[    7.441229] initcall inet_init+0x0/0x276 returned 0 after 91223 usecs
[    7.449416] calling  af_unix_init+0x0/0x4d @ 1
[    7.455099] NET: Registered protocol family 1
[    7.460647] initcall af_unix_init+0x0/0x4d returned 0 after 5434 usecs
[    7.469028] calling  ipv6_offload_init+0x0/0x7e @ 1
[    7.475230] initcall ipv6_offload_init+0x0/0x7e returned 0 after 61 usecs
[    7.483731] calling  init_sunrpc+0x0/0x65 @ 1
[    7.501219] RPC: Registered named UNIX socket transport module.
[    7.508732] RPC: Registered udp transport module.
[    7.514806] RPC: Registered tcp transport module.
[    7.520794] RPC: Registered tcp NFSv4.1 backchannel transport module.
[    7.529121] initcall init_sunrpc+0x0/0x65 returned 0 after 38921 usecs
[    7.537552] calling  cfg80211_init+0x0/0xc5 @ 1
[    7.546015] initcall cfg80211_init+0x0/0xc5 returned 0 after 2612 usecs
[    7.554601] calling  pcibios_assign_resources+0x0/0xbf @ 1
[    7.561899] pci_bus 0000:00: resource 4 [io  0x0000-0x0cf7 window]
[    7.569976] pci_bus 0000:00: resource 5 [io  0x0d00-0xffff window]
[    7.578025] pci_bus 0000:00: resource 6 [mem 0x000a0000-0x000bffff window]
[    7.587110] pci_bus 0000:00: resource 7 [mem 0x20000000-0xafffffff window]
[    7.595905] pci_bus 0000:00: resource 8 [mem 0xc0000000-0xfebfffff window]
[    7.604781] pci_bus 0000:00: resource 9 [mem 0x100000000-0x8ffffffff window]
[    7.613880] initcall pcibios_assign_resources+0x0/0xbf returned 0 after 50981 usecs
[    7.623950] calling  pci_apply_final_quirks+0x0/0x124 @ 1
[    7.631464] pci 0000:00:01.0: calling  pci_fixup_video+0x0/0xe0 @ 1
[    7.640099] pci 0000:00:01.0: Video device with shadowed ROM at [mem 0x000c0000-0x000dffff]
[    7.651577] pci 0000:00:01.0: pci_fixup_video+0x0/0xe0 took 11575 usecs
[    7.660701] PCI: CLS 0 bytes, default 64
[    7.665779] initcall pci_apply_final_quirks+0x0/0x124 returned 0 after 33854 usecs
[    7.675420] calling  acpi_reserve_resources+0x0/0xea @ 1
[    7.682367] initcall acpi_reserve_resources+0x0/0xea returned 0 after 82 usecs
[    7.691744] calling  populate_rootfs+0x0/0x102 @ 1
[    7.699721] initcall populate_rootfs+0x0/0x102 returned 0 after 1469 usecs
[    7.708613] calling  pci_iommu_init+0x0/0x3e @ 1
[    7.715100] initcall pci_iommu_init+0x0/0x3e returned 0 after 72 usecs
[    7.723551] calling  ia32_binfmt_init+0x0/0x13 @ 1
[    7.729702] initcall ia32_binfmt_init+0x0/0x13 returned 0 after 5 usecs
[    7.738387] calling  rapl_pmu_init+0x0/0x267 @ 1
[    7.744930] initcall rapl_pmu_init+0x0/0x267 returned -19 after 505 usecs
[    7.753776] calling  amd_uncore_init+0x0/0x310 @ 1
[    7.759948] initcall amd_uncore_init+0x0/0x310 returned -19 after 0 usecs
[    7.768646] calling  amd_ibs_init+0x0/0x27b @ 1
[    7.774474] initcall amd_ibs_init+0x0/0x27b returned -19 after 0 usecs
[    7.782794] calling  amd_iommu_pc_init+0x0/0x215 @ 1
[    7.789190] initcall amd_iommu_pc_init+0x0/0x215 returned -19 after 33 usecs
[    7.798244] calling  msr_init+0x0/0x55 @ 1
[    7.803918] initcall msr_init+0x0/0x55 returned 0 after 191 usecs
[    7.811884] calling  intel_uncore_init+0x0/0x36f @ 1
[    7.818585] initcall intel_uncore_init+0x0/0x36f returned -19 after 298 usecs
[    7.827645] calling  cstate_pmu_init+0x0/0x1a1 @ 1
[    7.834046] initcall cstate_pmu_init+0x0/0x1a1 returned -19 after 0 usecs
[    7.843817] calling  register_kernel_offset_dumper+0x0/0x1a @ 1
[    7.851503] initcall register_kernel_offset_dumper+0x0/0x1a returned 0 after 1 usecs
[    7.861394] calling  i8259A_init_ops+0x0/0x20 @ 1
[    7.867966] initcall i8259A_init_ops+0x0/0x20 returned 0 after 1 usecs
[    7.876610] calling  init_tsc_clocksource+0x0/0xa4 @ 1
[    7.883387] clocksource: tsc: mask: 0xffffffffffffffff max_cycles: 0x39a85afc727, max_idle_ns: 881590685098 ns
[    7.896141] initcall init_tsc_clocksource+0x0/0xa4 returned 0 after 12456 usecs
[    7.905604] calling  add_rtc_cmos+0x0/0xb0 @ 1
[    7.911641] initcall add_rtc_cmos+0x0/0xb0 returned 0 after 46 usecs
[    7.919741] calling  i8237A_init_ops+0x0/0x3a @ 1
[    7.925921] initcall i8237A_init_ops+0x0/0x3a returned 0 after 72 usecs
[    7.934428] calling  umwait_init+0x0/0x94 @ 1
[    7.940222] initcall umwait_init+0x0/0x94 returned -19 after 15 usecs
[    7.948758] calling  thermal_throttle_init_device+0x0/0x3d @ 1
[    7.956393] initcall thermal_throttle_init_device+0x0/0x3d returned 0 after 43 usecs
[    7.966388] calling  msr_init+0x0/0xd7 @ 1
[    8.042726] initcall msr_init+0x0/0xd7 returned 0 after 69010 usecs
[    8.053080] calling  cpuid_init+0x0/0xd7 @ 1
[    8.082395] initcall cpuid_init+0x0/0xd7 returned 0 after 21473 usecs
[    8.092509] calling  ioapic_init_ops+0x0/0x13 @ 1
[    8.099538] initcall ioapic_init_ops+0x0/0x13 returned 0 after 17 usecs
[    8.111814] calling  add_pcspkr+0x0/0x6c @ 1
[    8.124497] initcall add_pcspkr+0x0/0x6c returned 0 after 236 usecs
[    8.137009] calling  start_periodic_check_for_corruption+0x0/0x30 @ 1
[    8.147743] check: Scanning for low memory corruption every 60 seconds
[    8.158945] initcall start_periodic_check_for_corruption+0x0/0x30 returned 0 after 10958 usecs
[    8.173705] calling  sysfb_init+0x0/0x9c @ 1
[    8.181492] initcall sysfb_init+0x0/0x9c returned 0 after 84 usecs
[    8.191612] calling  audit_classes_init+0x0/0xae @ 1
[    8.200469] initcall audit_classes_init+0x0/0xae returned 0 after 24 usecs
[    8.209439] calling  iosf_mbi_init+0x0/0x24 @ 1
[    8.215494] initcall iosf_mbi_init+0x0/0x24 returned 0 after 306 usecs
[    8.223722] calling  proc_execdomains_init+0x0/0x21 @ 1
[    8.230436] initcall proc_execdomains_init+0x0/0x21 returned 0 after 156 usecs
[    8.239575] calling  register_warn_debugfs+0x0/0x23 @ 1
[    8.246690] initcall register_warn_debugfs+0x0/0x23 returned 0 after 201 usecs
[    8.255642] calling  cpuhp_sysfs_init+0x0/0x79 @ 1
[    8.263047] initcall cpuhp_sysfs_init+0x0/0x79 returned 0 after 1228 usecs
[    8.271767] calling  ioresources_init+0x0/0x49 @ 1
[    8.277844] initcall ioresources_init+0x0/0x49 returned 0 after 6 usecs
[    8.286470] calling  snapshot_device_init+0x0/0xc @ 1
[    8.294920] initcall snapshot_device_init+0x0/0xc returned 0 after 1874 usecs
[    8.304192] calling  irq_pm_init_ops+0x0/0x13 @ 1
[    8.311912] initcall irq_pm_init_ops+0x0/0x13 returned 0 after 57 usecs
[    8.322765] calling  rcu_torture_init+0x0/0x9a6 @ 1
[    8.330972] rcu-torture:--- Start of test: nreaders=7 nfakewriters=4 stat_interval=15 verbose=1 test_no_idle_hz=1 shuffle_interval=3 stutter=5 irqreader=1 fqs_duration=0 fqs_holdoff=0 fqs_stutter=3 test_boost=1/0 test_boost_interval=7 test_boost_duration=4 shutdown_secs=1800 stall_cpu=0 stall_cpu_holdoff=10 stall_cpu_irqsoff=0 stall_cpu_block=0 n_barrier_cbs=4 onoff_interval=1000 onoff_holdoff=30 read_exit_delay=13 read_exit_burst=16
[    8.378914] rcu:  Start-test grace-period state: g-1044 f0x0
[    8.387616] rcu-torture: Creating rcu_torture_writer task
[    8.396764] rcu-torture: Creating rcu_torture_fakewriter task
[    8.397214] rcu-torture: rcu_torture_writer task started
[    8.408150] rcu-torture: Creating rcu_torture_fakewriter task
[    8.410067] rcu-torture: rcu_torture_fakewriter task started
[    8.416721] rcu-torture: GP expediting controlled from boot/sysfs for rcu.
[    8.427542] rcu-torture: Creating rcu_torture_fakewriter task
[    8.427794] rcu-torture: rcu_torture_fakewriter task started
[    8.433070] rcu_torture_writer: Testing conditional GPs.
[    8.444461] rcu-torture: Creating rcu_torture_fakewriter task
[    8.444615] rcu-torture: rcu_torture_fakewriter task started
[    8.451277] rcu_torture_writer: Testing expedited GPs.
[    8.461458] rcu-torture: Creating rcu_torture_reader task
[    8.461649] rcu-torture: rcu_torture_fakewriter task started
[    8.466822] rcu_torture_writer: Testing asynchronous GPs.
[    8.477060] rcu-torture: Creating rcu_torture_reader task
[    8.477259] rcu-torture: rcu_torture_reader task started
[    8.483122] rcu_torture_writer: Testing normal GPs.
[    8.491834] rcu-torture: Creating rcu_torture_reader task
[    8.492099] rcu-torture: rcu_torture_reader task started
[    8.553893] rcu-torture: Creating rcu_torture_reader task
[    8.554278] rcu-torture: rcu_torture_reader task started
[    8.564261] rcu-torture: Creating rcu_torture_reader task
[    8.564471] rcu-torture: rcu_torture_reader task started
[    8.590993] rcu-torture: Creating rcu_torture_reader task
[    8.591486] rcu-torture: rcu_torture_reader task started
[    8.601576] rcu-torture: Creating rcu_torture_reader task
[    8.601951] rcu-torture: rcu_torture_reader task started
[    8.627747] rcu-torture: Creating rcu_torture_stats task
[    8.628242] rcu-torture: rcu_torture_reader task started
[    8.639697] rcu-torture: Creating torture_shuffle task
[    8.640452] rcu-torture: rcu_torture_stats task started
[    8.662687] rcu-torture: Creating torture_stutter task
[    8.662690] rcu-torture: torture_shuffle task started
[    8.679746] rcu-torture: Creating torture_shutdown task
[    8.680268] rcu-torture: torture_stutter task started
[    8.688852] rcu-torture: Creating torture_onoff task
[    8.688898] rcu-torture: torture_shutdown task started
[    8.688901] rcu-torture:torture_shutdown task: 1799990 ms remaining
[    8.725891] rcu-torture: Creating rcu_torture_barrier_cbs task
[    8.726783] rcu-torture: torture_onoff task started
[    8.736023] rcu-torture: Creating rcu_torture_barrier_cbs task
[    8.736754] rcu-torture: rcu_torture_barrier_cbs task started
[    8.762168] rcu-torture: Creating rcu_torture_barrier_cbs task
[    8.762687] rcu-torture: rcu_torture_barrier_cbs task started
[    8.773415] rcu-torture: Creating rcu_torture_barrier_cbs task
[    8.773722] rcu-torture: rcu_torture_barrier_cbs task started
[    8.782769]   #8
[    8.791466] rcu-torture: rcu_torture_barrier_cbs task started
[    8.791468] rcu-torture: Creating rcu_torture_barrier task
[    8.793713] rcu-torture: Creating rcu_torture_read_exit task
[    8.793862] rcu-torture: rcu_torture_barrier task starting
[    8.795546] initcall rcu_torture_init+0x0/0x9a6 returned 0 after 453851 usecs
[    8.795551] calling  timekeeping_init_ops+0x0/0x13 @ 1
[    8.795554] initcall timekeeping_init_ops+0x0/0x13 returned 0 after 1 usecs
[    8.795556] calling  init_clocksource_sysfs+0x0/0x23 @ 1
[    8.795848] rcu-torture: rcu_torture_read_exit: Start of test
[    8.795909] initcall init_clocksource_sysfs+0x0/0x23 returned 0 after 341 usecs
[    8.795911] calling  init_timer_list_procfs+0x0/0x31 @ 1
[    8.796013] initcall init_timer_list_procfs+0x0/0x31 returned 0 after 97 usecs
[    8.796015] calling  alarmtimer_init+0x0/0xc7 @ 1
[    8.796268] initcall alarmtimer_init+0x0/0xc7 returned 0 after 244 usecs
[    8.796270] calling  init_posix_timers+0x0/0x29 @ 1
[    1.244339] kvm-clock: cpu 8, msr e26e201, secondary cpu clock
[    8.958498] kvm-guest: stealtime: cpu 8, msr 1ec1b600
[    8.984190] initcall init_posix_timers+0x0/0x29 returned 0 after 183453 usecs
[    8.995016] calling  clockevents_init_sysfs+0x0/0xbf @ 1
[    9.004596] initcall clockevents_init_sysfs+0x0/0xbf returned 0 after 1086 usecs
[    9.015787] calling  proc_dma_init+0x0/0x21 @ 1
[    9.018678]   #9
[    9.022474] initcall proc_dma_init+0x0/0x21 returned 0 after 21 usecs
[    9.022478] calling  proc_modules_init+0x0/0x1e @ 1
[    9.042607] initcall proc_modules_init+0x0/0x1e returned 0 after 5 usecs
[    1.244339] kvm-clock: cpu 9, msr e26e241, secondary cpu clock
[    9.052303] calling  kallsyms_init+0x0/0x21 @ 1
[    9.071237] initcall kallsyms_init+0x0/0x21 returned 0 after 2379 usecs
[    9.075101] kvm-guest: stealtime: cpu 9, msr 1ec5b600
[    9.082781] calling  pid_namespaces_init+0x0/0x2c @ 1
[    9.098864] initcall pid_namespaces_init+0x0/0x2c returned 0 after 119 usecs
[    9.109726] calling  audit_watch_init+0x0/0x37 @ 1
[    9.117349] initcall audit_watch_init+0x0/0x37 returned 0 after 2 usecs
[    9.126902] calling  audit_fsnotify_init+0x0/0x37 @ 1
[    9.134789] initcall audit_fsnotify_init+0x0/0x37 returned 0 after 2 usecs
[    9.146226] calling  audit_tree_init+0x0/0x6d @ 1
[    9.150855]  #10
[    1.244339] kvm-clock: cpu 10, msr e26e281, secondary cpu clock
[    9.194505] kvm-guest: stealtime: cpu 10, msr 1ec9b600
[    9.217599] initcall audit_tree_init+0x0/0x6d returned 0 after 62552 usecs
[    9.228970] calling  seccomp_sysctl_init+0x0/0x2b @ 1
[    9.237112] initcall seccomp_sysctl_init+0x0/0x2b returned 0 after 356 usecs
[    9.247978] calling  utsname_sysctl_init+0x0/0x13 @ 1
[    9.255545] initcall utsname_sysctl_init+0x0/0x13 returned 0 after 11 usecs
[    9.258926]  #11
[    9.266403] calling  init_tracepoints+0x0/0x27 @ 1
[    9.266408] initcall init_tracepoints+0x0/0x27 returned 0 after 2 usecs
[    1.244339] kvm-clock: cpu 11, msr e26e2c1, secondary cpu clock
[    9.287535] calling  init_blk_tracer+0x0/0x50 @ 1
[    9.306000] initcall init_blk_tracer+0x0/0x50 returned 0 after 1458 usecs
[    9.310072] kvm-guest: stealtime: cpu 11, msr 1ecdb600
[    9.317340] calling  perf_event_sysfs_init+0x0/0x81 @ 1
[    9.334772] initcall perf_event_sysfs_init+0x0/0x81 returned 0 after 320 usecs
[    9.345062] calling  system_trusted_keyring_init+0x0/0x60 @ 1
[    9.353227] Initialise system trusted keyrings
[    9.353816]  #12
[    9.359667] initcall system_trusted_keyring_init+0x0/0x60 returned 0 after 6284 usecs
[    9.359670] calling  kswapd_init+0x0/0x5f @ 1
[    9.363750] initcall kswapd_init+0x0/0x5f returned 0 after 3979 usecs
[    1.244339] kvm-clock: cpu 12, msr e26e301, secondary cpu clock
[    9.393089] calling  extfrag_debug_init+0x0/0x54 @ 1
[    9.411748] initcall extfrag_debug_init+0x0/0x54 returned 0 after 1197 usecs
[    9.415359] kvm-guest: stealtime: cpu 12, msr 1ed1b600
[    9.422629] calling  mm_compute_batch_init+0x0/0x12 @ 1
[    9.440210] initcall mm_compute_batch_init+0x0/0x12 returned 0 after 762 usecs
[    9.451493] calling  slab_proc_init+0x0/0x21 @ 1
[    9.458836] initcall slab_proc_init+0x0/0x21 returned 0 after 115 usecs
[    9.470139] calling  workingset_init+0x0/0x8c @ 1
[    9.477627] workingset: timestamp_bits=52 max_order=17 bucket_order=0
[    9.487258] initcall workingset_init+0x0/0x8c returned 0 after 9452 usecs
[    9.494796]  #13
[    9.497490] calling  proc_vmalloc_init+0x0/0x32 @ 1
[    9.497498] initcall proc_vmalloc_init+0x0/0x32 returned 0 after 5 usecs
[    9.497501] calling  procswaps_init+0x0/0x1e @ 1
[    9.497526] initcall procswaps_init+0x0/0x1e returned 0 after 22 usecs
[    9.497528] calling  slab_sysfs_init+0x0/0xea @ 1
[    9.503695] initcall slab_sysfs_init+0x0/0xea returned 0 after 6018 usecs
[    1.244339] kvm-clock: cpu 13, msr e26e341, secondary cpu clock
[    9.538570] calling  fcntl_init+0x0/0x29 @ 1
[    9.578320] kvm-guest: stealtime: cpu 13, msr 1ed5b600
[   10.838133] initcall fcntl_init+0x0/0x29 returned 0 after 1235503 usecs
[   10.848370] calling  proc_filesystems_init+0x0/0x21 @ 1
[   10.856812] initcall proc_filesystems_init+0x0/0x21 returned 0 after 120 usecs
[   10.868557] calling  start_dirtytime_writeback+0x0/0x29 @ 1
[   10.877045] initcall start_dirtytime_writeback+0x0/0x29 returned 0 after 2 usecs
[   10.887950] calling  blkdev_init+0x0/0x1b @ 1
[   10.897540]  #14
[    1.244339] kvm-clock: cpu 14, msr e26e381, secondary cpu clock
[   10.941889] kvm-guest: stealtime: cpu 14, msr 1ed9b600
[   10.974547] initcall blkdev_init+0x0/0x1b returned 0 after 77749 usecs
[   10.987338] calling  dio_init+0x0/0x2c @ 1
[   11.025028]  #15
[    1.244339] kvm-clock: cpu 15, msr e26e3c1, secondary cpu clock
[   11.064977] kvm-guest: stealtime: cpu 15, msr 1eddb600
[   11.091880] initcall dio_init+0x0/0x2c returned 0 after 95595 usecs
[   11.101623] calling  dnotify_init+0x0/0x78 @ 1
[   11.108963] initcall dnotify_init+0x0/0x78 returned 0 after 17 usecs
[   11.118570] calling  aio_setup+0x0/0x78 @ 1
[   11.172128]  #16
[    1.244339] kvm-clock: cpu 16, msr e26e401, secondary cpu clock
[   11.220333] kvm-guest: stealtime: cpu 16, msr 1ee1b600
[   11.246046] initcall aio_setup+0x0/0x78 returned 0 after 117803 usecs
[   11.256060] calling  io_uring_init+0x0/0x2c @ 1
[   11.289852]  #17
[    1.244339] kvm-clock: cpu 17, msr e26e441, secondary cpu clock
[   11.330317] kvm-guest: stealtime: cpu 17, msr 1ee5b600
[   11.353470] initcall io_uring_init+0x0/0x2c returned 0 after 88287 usecs
[   11.365916] calling  mbcache_init+0x0/0x30 @ 1
[   11.392706]  #18
[    1.244339] kvm-clock: cpu 18, msr e26e481, secondary cpu clock
[   11.430867] kvm-guest: stealtime: cpu 18, msr 1ee9b600
[   11.455311] initcall mbcache_init+0x0/0x30 returned 0 after 79341 usecs
[   11.465868] calling  init_grace+0x0/0xc @ 1
[   11.472241] initcall init_grace+0x0/0xc returned 0 after 81 usecs
[   11.481272] calling  init_v2_quota_format+0x0/0x21 @ 1
[   11.489249] initcall init_v2_quota_format+0x0/0x21 returned 0 after 1 usecs
[   11.499391] calling  init_devpts_fs+0x0/0x27 @ 1
[   11.503841]  #19
[   11.506702] initcall init_devpts_fs+0x0/0x27 returned 0 after 419 usecs
[   11.519465] calling  ext4_init_fs+0x0/0x1d0 @ 1
[    1.244339] kvm-clock: cpu 19, msr e26e4c1, secondary cpu clock
[   11.545005] kvm-guest: stealtime: cpu 19, msr 1eedb600
[   11.567595] initcall ext4_init_fs+0x0/0x1d0 returned 0 after 39159 usecs
[   11.579280] calling  journal_init+0x0/0x11c @ 1
[   11.610837]  #20
[    1.244339] kvm-clock: cpu 20, msr e26e501, secondary cpu clock
[   11.649202] kvm-guest: stealtime: cpu 20, msr 1ef1b600
[   11.670109] initcall journal_init+0x0/0x11c returned 0 after 80649 usecs
[   11.681137] calling  init_fat_fs+0x0/0x49 @ 1
[   11.735623]  #21
[    1.244339] kvm-clock: cpu 21, msr e26e541, secondary cpu clock
[   11.784713] kvm-guest: stealtime: cpu 21, msr 1ef5b600
[   11.808849] initcall init_fat_fs+0x0/0x49 returned 0 after 118133 usecs
[   11.819985] calling  init_vfat_fs+0x0/0xc @ 1
[   11.827715] initcall init_vfat_fs+0x0/0xc returned 0 after 5 usecs
[   11.839401] calling  init_msdos_fs+0x0/0xc @ 1
[   11.847234] initcall init_msdos_fs+0x0/0xc returned 0 after 4 usecs
[   11.858405] calling  init_iso9660_fs+0x0/0x6c @ 1
[   11.858988]  #22
[    1.244339] kvm-clock: cpu 22, msr e26e581, secondary cpu clock
[   11.910267] kvm-guest: stealtime: cpu 22, msr 1ef9b600
[   11.936591] initcall init_iso9660_fs+0x0/0x6c returned 0 after 68645 usecs
[   11.947119] calling  init_nfs_fs+0x0/0x13a @ 1
[   11.965359]  #23
[    1.244339] kvm-clock: cpu 23, msr e26e5c1, secondary cpu clock
[   12.008253] kvm-guest: stealtime: cpu 23, msr 1efdb600
[   12.030081] initcall init_nfs_fs+0x0/0x13a returned 0 after 74613 usecs
[   12.039650] calling  init_nfs_v2+0x0/0x13 @ 1
[   12.045725] initcall init_nfs_v2+0x0/0x13 returned 0 after 1 usecs
[   12.054291] calling  init_nfs_v3+0x0/0x13 @ 1
[   12.058286]  #24
[   12.060604] initcall init_nfs_v3+0x0/0x13 returned 0 after 2 usecs
[   12.072364] calling  init_nfs_v4+0x0/0x32 @ 1
[    1.244339] kvm-clock: cpu 24, msr e26e601, secondary cpu clock
[   12.078859] NFS: Registering the id_resolver key type
[   12.096177] Key type id_resolver registered
[   12.101873] kvm-guest: stealtime: cpu 24, msr 1f01b600
[   12.102285] Key type id_legacy registered
[   12.115439] initcall init_nfs_v4+0x0/0x32 returned 0 after 35736 usecs
[   12.124423] calling  init_nlm+0x0/0x5b @ 1
[   12.130144] initcall init_nlm+0x0/0x5b returned 0 after 19 usecs
[   12.138716] calling  init_nls_cp437+0x0/0xe @ 1
[   12.143824]  #25
[   12.145420] initcall init_nls_cp437+0x0/0xe returned 0 after 1 usecs
[   12.145423] calling  init_nls_ascii+0x0/0xe @ 1
[   12.145425] initcall init_nls_ascii+0x0/0xe returned 0 after 0 usecs
[   12.145428] calling  init_nls_iso8859_1+0x0/0xe @ 1
[   12.145430] initcall init_nls_iso8859_1+0x0/0xe returned 0 after 0 usecs
[   12.145432] calling  init_nls_utf8+0x0/0x21 @ 1
[   12.145434] initcall init_nls_utf8+0x0/0x21 returned 0 after 0 usecs
[   12.145436] calling  init_autofs_fs+0x0/0x25 @ 1
[   12.147076] initcall init_autofs_fs+0x0/0x25 returned 0 after 1596 usecs
[    1.244339] kvm-clock: cpu 25, msr e26e641, secondary cpu clock
[   12.163914] calling  ipc_init+0x0/0x24 @ 1
[   12.258752] initcall ipc_init+0x0/0x24 returned 0 after 20174 usecs
[   12.262387] kvm-guest: stealtime: cpu 25, msr 1f05b600
[   12.267804] calling  ipc_sysctl_init+0x0/0x13 @ 1
[   12.284050] initcall ipc_sysctl_init+0x0/0x13 returned 0 after 13 usecs
[   12.292464] calling  init_mqueue_fs+0x0/0x9a @ 1
[   12.303157] initcall init_mqueue_fs+0x0/0x9a returned 0 after 3751 usecs
[   12.312779] calling  key_proc_init+0x0/0x63 @ 1
[   12.319529] initcall key_proc_init+0x0/0x63 returned 0 after 6 usecs
[   12.328026] calling  selinux_nf_ip_init+0x0/0x2e @ 1
[   12.334413]  #26
[   12.335061] initcall selinux_nf_ip_init+0x0/0x2e returned 0 after 17 usecs
[   12.347527] calling  init_sel_fs+0x0/0x116 @ 1
[    1.244339] kvm-clock: cpu 26, msr e26e681, secondary cpu clock
[   12.353904] initcall init_sel_fs+0x0/0x116 returned 0 after 0 usecs
[   12.375498] calling  selnl_init+0x0/0x7c @ 1
[   12.379272] kvm-guest: stealtime: cpu 26, msr 1f09b600
[   12.382254] initcall selnl_init+0x0/0x7c returned 0 after 308 usecs
[   12.397086] calling  sel_netif_init+0x0/0x36 @ 1
[   12.404215] initcall sel_netif_init+0x0/0x36 returned 0 after 6 usecs
[   12.413748] calling  sel_netnode_init+0x0/0x33 @ 1
[   12.420829] initcall sel_netnode_init+0x0/0x33 returned 0 after 0 usecs
[   12.422484]  #27
[   12.430583] calling  sel_netport_init+0x0/0x33 @ 1
[   12.430586] initcall sel_netport_init+0x0/0x33 returned 0 after 0 usecs
[   12.430588] calling  aurule_init+0x0/0x2a @ 1
[   12.430590] initcall aurule_init+0x0/0x2a returned 0 after 0 usecs
[   12.430593] calling  crypto_algapi_init+0x0/0xc @ 1
[   12.430747] initcall crypto_algapi_init+0x0/0xc returned 0 after 147 usecs
[   12.430750] calling  jent_mod_init+0x0/0x2d @ 1
[   12.444943] initcall jent_mod_init+0x0/0x2d returned 0 after 13853 usecs
[    1.244339] kvm-clock: cpu 27, msr e26e6c1, secondary cpu clock
[   12.467834] calling  asymmetric_key_init+0x0/0xc @ 1
[   12.521996] Key type asymmetric registered
[   12.526671] kvm-guest: stealtime: cpu 27, msr 1f0db600
[   12.528820] initcall asymmetric_key_init+0x0/0xc returned 0 after 9655 usecs
[   12.548412] calling  x509_key_init+0x0/0xc @ 1
[   12.555649] Asymmetric key parser 'x509' registered
[   12.563558] initcall x509_key_init+0x0/0xc returned 0 after 7784 usecs
[   12.575241] calling  proc_genhd_init+0x0/0x41 @ 1
[   12.583104] initcall proc_genhd_init+0x0/0x41 returned 0 after 7 usecs
[   12.591972]  #28
[   12.593441] calling  bsg_init+0x0/0x113 @ 1
[   12.602664] Block layer SCSI generic (bsg) driver version 0.4 loaded (major 251)
[    1.244339] kvm-clock: cpu 28, msr e26e701, secondary cpu clock
[   12.613579] initcall bsg_init+0x0/0x113 returned 0 after 11070 usecs
[   12.633565] calling  deadline_init+0x0/0xc @ 1
[   12.649978] io scheduler mq-deadline registered
[   12.654255] kvm-guest: stealtime: cpu 28, msr 1f11b600
[   12.656869] initcall deadline_init+0x0/0xc returned 0 after 15282 usecs
[   12.676018] calling  kyber_init+0x0/0xc @ 1
[   12.682972] io scheduler kyber registered
[   12.689902] initcall kyber_init+0x0/0xc returned 0 after 6762 usecs
[   12.700449] calling  mod_init+0x0/0x7 @ 1
[   12.707257] initcall mod_init+0x0/0x7 returned 0 after 0 usecs
[   12.716235]  #29
[   12.717534] calling  percpu_counter_startup+0x0/0x55 @ 1
[    1.244339] kvm-clock: cpu 29, msr e26e741, secondary cpu clock
[   12.844395] kvm-guest: stealtime: cpu 29, msr 1f15b600
[   12.928561]  #30
[    1.244339] kvm-clock: cpu 30, msr e26e781, secondary cpu clock
[   13.053948] kvm-guest: stealtime: cpu 30, msr 1f19b600
[   13.073517] initcall percpu_counter_startup+0x0/0x55 returned 0 after 347627 usecs
[   13.085256] calling  sg_pool_init+0x0/0xb4 @ 1
[   13.105382]  #31
[    1.244339] kvm-clock: cpu 31, msr e26e7c1, secondary cpu clock
[   13.143355] kvm-guest: stealtime: cpu 31, msr 1f1db600
[   13.173093] initcall sg_pool_init+0x0/0xb4 returned 0 after 78947 usecs
[   13.183521] calling  pcie_portdrv_init+0x0/0x39 @ 1
[   13.191765] initcall pcie_portdrv_init+0x0/0x39 returned 0 after 167 usecs
[   13.202992] calling  pci_proc_init+0x0/0x68 @ 1
[   13.210782] initcall pci_proc_init+0x0/0x68 returned 0 after 68 usecs
[   13.215465]  #32
[   13.221440] calling  pci_hotplug_init+0x0/0x7 @ 1
[   13.232714] initcall pci_hotplug_init+0x0/0x7 returned 0 after 0 usecs
[    1.244339] kvm-clock: cpu 32, msr e26e801, secondary cpu clock
[   13.243874] calling  efifb_driver_init+0x0/0xe @ 1
[   13.298951] initcall efifb_driver_init+0x0/0xe returned 0 after 35001 usecs
[   13.302202] kvm-guest: stealtime: cpu 32, msr 1f21b600
[   13.309457] calling  ged_driver_init+0x0/0xe @ 1
[   13.323127] initcall ged_driver_init+0x0/0xe returned 0 after 68 usecs
[   13.332731] calling  acpi_ac_init+0x0/0x92 @ 1
[   13.335404]  #33
[   13.340194] initcall acpi_ac_init+0x0/0x92 returned 0 after 639 usecs
[   13.353292] calling  acpi_button_driver_init+0x0/0x52 @ 1
[    1.244339] kvm-clock: cpu 33, msr e26e841, secondary cpu clock
[   13.361894] input: Power Button as /devices/LNXSYSTM:00/LNXPWRBN:00/input/input0
[   13.413772] ACPI: Power Button [PWRF]
[   13.419817] initcall acpi_button_driver_init+0x0/0x52 returned 0 after 56981 usecs
[   13.486864] calling  acpi_fan_driver_init+0x0/0xe @ 1
[   13.490730] kvm-guest: stealtime: cpu 33, msr 1f25b600
[   13.494738] initcall acpi_fan_driver_init+0x0/0xe returned 0 after 56 usecs
[   13.513123] calling  acpi_video_init+0x0/0xcb @ 1
[   13.520556] initcall acpi_video_init+0x0/0xcb returned 0 after 78 usecs
[   13.522474]  #34
[   13.530580] calling  acpi_processor_driver_init+0x0/0xad @ 1
[    1.244339] kvm-clock: cpu 34, msr e26e881, secondary cpu clock
[   13.580021] kvm-guest: stealtime: cpu 34, msr 1f29b600
[   13.627408]  #35
[    1.244339] kvm-clock: cpu 35, msr e26e8c1, secondary cpu clock
[   13.735171] kvm-guest: stealtime: cpu 35, msr 1f2db600
[   13.767242] torture_onoff-torture:rcu: Initial online 36: errno -16
[   13.775662] initcall acpi_processor_driver_init+0x0/0xad returned 0 after 228137 usecs
[   13.788803] calling  acpi_thermal_init+0x0/0x71 @ 1
[   13.793685] rcu_torture_rea (351) used greatest stack depth: 14944 bytes left
[   13.798622] initcall acpi_thermal_init+0x0/0x71 returned 0 after 1724 usecs
[   13.804252] rcu-torture: rcu_torture_read_exit: End of episode
[   13.805023]  #37
[    1.244339] kvm-clock: cpu 37, msr e26e941, secondary cpu clock
[   13.825727] calling  acpi_battery_init+0x0/0x32 @ 1
[   13.845275] initcall acpi_battery_init+0x0/0x32 returned 0 after 488 usecs
[   13.856391] calling  bgrt_init+0x0/0xb6 @ 1
[   13.865498] initcall bgrt_init+0x0/0xb6 returned -19 after 2 usecs
[   13.901130] calling  gpio_clk_driver_init+0x0/0xe @ 1
[   13.904929] kvm-guest: stealtime: cpu 37, msr 1f35b600
[   13.907951] initcall gpio_clk_driver_init+0x0/0xe returned 0 after 94 usecs
[   13.923913] calling  plt_clk_driver_init+0x0/0xe @ 1
[   13.930674] initcall plt_clk_driver_init+0x0/0xe returned 0 after 58 usecs
[   13.939548] calling  virtio_pci_driver_init+0x0/0x15 @ 1
[   13.947527] initcall virtio_pci_driver_init+0x0/0x15 returned 0 after 69 usecs
[   13.950908]  #38
[   13.958043] calling  n_null_init+0x0/0x1e @ 1
[   13.958073] initcall n_null_init+0x0/0x1e returned 0 after 25 usecs
[   13.958075] calling  pty_init+0x0/0x1e8 @ 1
[   13.959080] initcall pty_init+0x0/0x1e8 returned 0 after 975 usecs
[    1.244339] kvm-clock: cpu 38, msr e26e981, secondary cpu clock
[   13.976601] calling  sysrq_init+0x0/0x62 @ 1
[   14.066953] initcall sysrq_init+0x0/0x62 returned 0 after 58513 usecs
[   14.075033] kvm-guest: stealtime: cpu 38, msr 1f39b600
[   14.076295] calling  serial8250_init+0x0/0x17e @ 1
[   14.089804] Serial: 8250/16550 driver, 4 ports, IRQ sharing enabled
[   14.101439] 00:03: ttyS0 at I/O 0x3f8 (irq = 4, base_baud = 115200) is a 16550A
[   14.117514]  #39
[   14.118042] initcall serial8250_init+0x0/0x17e returned 0 after 27588 usecs
[   14.131804] calling  serial_pci_driver_init+0x0/0x15 @ 1
[    1.244339] kvm-clock: cpu 39, msr e26e9c1, secondary cpu clock
[   14.139818] initcall serial_pci_driver_init+0x0/0x15 returned 0 after 40 usecs
[   14.163503] calling  exar_pci_driver_init+0x0/0x15 @ 1
[   14.214464] initcall exar_pci_driver_init+0x0/0x15 returned 0 after 41601 usecs
[   14.218397] kvm-guest: stealtime: cpu 39, msr 1f3db600
[   14.225609] calling  lpss8250_pci_driver_init+0x0/0x15 @ 1
[   14.240808] initcall lpss8250_pci_driver_init+0x0/0x15 returned 0 after 43 usecs
[   14.251822] calling  mid8250_pci_driver_init+0x0/0x15 @ 1
[   14.254623]  #40
[   14.259511] initcall mid8250_pci_driver_init+0x0/0x15 returned 0 after 29 usecs
[   14.259516] calling  virtio_console_init+0x0/0xff @ 1
[   14.259741] initcall virtio_console_init+0x0/0xff returned 0 after 215 usecs
[    1.244339] kvm-clock: cpu 40, msr e26ea01, secondary cpu clock
[   14.279680] calling  hpet_init+0x0/0x64 @ 1
[   14.565822] initcall hpet_init+0x0/0x64 returned 0 after 253286 usecs
[   14.568391] kvm-guest: stealtime: cpu 40, msr 1f41b600
[   14.575758] calling  nvram_module_init+0x0/0x83 @ 1
[   14.591655] Non-volatile memory driver v1.3
[   14.597426] initcall nvram_module_init+0x0/0x83 returned 0 after 8139 usecs
[   14.607347] calling  hwrng_modinit+0x0/0x8a @ 1
[   14.616633]  #41
[   14.617186] initcall hwrng_modinit+0x0/0x8a returned 0 after 1499 usecs
[   14.629926] calling  mod_init+0x0/0x48 @ 1
[    1.244339] kvm-clock: cpu 41, msr e26ea41, secondary cpu clock
[   14.636280] initcall mod_init+0x0/0x48 returned -19 after 2 usecs
[   14.654508] calling  agp_init+0x0/0x23 @ 1
[   14.661776] Linux agpgart interface v0.103
[   14.668250] initcall agp_init+0x0/0x23 returned 0 after 6316 usecs
[   14.677852] calling  agp_amd64_mod_init+0x0/0x5 @ 1
[   14.685473] initcall agp_amd64_mod_init+0x0/0x5 returned -19 after 81 usecs
[   14.696488] calling  agp_intel_init+0x0/0x28 @ 1
[   14.791223] kvm-guest: stealtime: cpu 41, msr 1f45b600
[   14.824194]  #42
[    1.244339] kvm-clock: cpu 42, msr e26ea81, secondary cpu clock
[   14.888807] kvm-guest: stealtime: cpu 42, msr 1f49b600
[   14.918805] rcu-torture: torture_onoff begin holdoff
[   14.919525] initcall agp_intel_init+0x0/0x28 returned 0 after 210562 usecs
[   14.936605] calling  drm_kms_helper_init+0x0/0x7 @ 1
[   14.943459] initcall drm_kms_helper_init+0x0/0x7 returned 0 after 2 usecs
[   14.952286] calling  drm_core_init+0x0/0xa4 @ 1
[   14.958705] initcall drm_core_init+0x0/0xa4 returned 0 after 277 usecs
[   14.968168] calling  i915_init+0x0/0x6b @ 1
[   14.975441] initcall i915_init+0x0/0x6b returned 0 after 940 usecs
[   14.985410] calling  cn_proc_init+0x0/0x35 @ 1
[   14.991621] initcall cn_proc_init+0x0/0x35 returned 0 after 2 usecs
[   15.000766] calling  topology_sysfs_init+0x0/0x27 @ 1
[   15.009006] initcall topology_sysfs_init+0x0/0x27 returned 0 after 849 usecs
[   15.019503] calling  cacheinfo_sysfs_init+0x0/0x27 @ 1
[   15.251132] initcall cacheinfo_sysfs_init+0x0/0x27 returned 0 after 218797 usecs
[   15.262261] calling  loop_init+0x0/0x168 @ 1
[   15.596567] loop: module loaded
[   15.601666] initcall loop_init+0x0/0x168 returned 0 after 325502 usecs
[   15.611154] calling  mac_hid_init+0x0/0x21 @ 1
[   15.617767] initcall mac_hid_init+0x0/0x21 returned 0 after 11 usecs
[   15.626490] calling  spi_transport_init+0x0/0x74 @ 1
[   15.634458] initcall spi_transport_init+0x0/0x74 returned 0 after 127 usecs
[   15.646289] calling  init_sd+0x0/0x18c @ 1
[   15.653056] initcall init_sd+0x0/0x18c returned 0 after 104 usecs
[   15.662260] calling  init_sr+0x0/0x43 @ 1
[   15.668566] initcall init_sr+0x0/0x43 returned 0 after 56 usecs
[   15.677277] calling  init_sg+0x0/0x1c0 @ 1
[   15.683737] initcall init_sg+0x0/0x1c0 returned 0 after 44 usecs
[   15.694187] calling  ahci_pci_driver_init+0x0/0x15 @ 1
[   15.703063] ahci 0000:00:1f.2: version 3.0
[   15.710533] PCI Interrupt Link [GSIA] enabled at IRQ 16
[   15.731061] ahci 0000:00:1f.2: AHCI 0001.0000 32 slots 6 ports 1.5 Gbps 0x3f impl SATA mode
[   15.747116] ahci 0000:00:1f.2: flags: 64bit ncq only 
[   15.773118] scsi host0: ahci
[   15.780681] scsi host1: ahci
[   15.789868] scsi host2: ahci
[   15.799038] scsi host3: ahci
[   15.808985] scsi host4: ahci
[   15.820639] scsi host5: ahci
[   15.826783] ata1: SATA max UDMA/133 abar m4096@0xfebf1000 port 0xfebf1100 irq 24
[   15.840206] ata2: SATA max UDMA/133 abar m4096@0xfebf1000 port 0xfebf1180 irq 24
[   15.852271] ata3: SATA max UDMA/133 abar m4096@0xfebf1000 port 0xfebf1200 irq 24
[   15.863119] ata4: SATA max UDMA/133 abar m4096@0xfebf1000 port 0xfebf1280 irq 24
[   15.877840] ata5: SATA max UDMA/133 abar m4096@0xfebf1000 port 0xfebf1300 irq 24
[   15.889496] ata6: SATA max UDMA/133 abar m4096@0xfebf1000 port 0xfebf1380 irq 24
[   15.902125] initcall ahci_pci_driver_init+0x0/0x15 returned 0 after 194877 usecs
[   15.913619] calling  piix_init+0x0/0x26 @ 1
[   15.920588] initcall piix_init+0x0/0x26 returned 0 after 119 usecs
[   15.933149] calling  amd_pci_driver_init+0x0/0x15 @ 1
[   15.942730] initcall amd_pci_driver_init+0x0/0x15 returned 0 after 33 usecs
[   15.954897] calling  oldpiix_pci_driver_init+0x0/0x15 @ 1
[   15.965427] initcall oldpiix_pci_driver_init+0x0/0x15 returned 0 after 77 usecs
[   15.979669] calling  sch_pci_driver_init+0x0/0x15 @ 1
[   15.989500] initcall sch_pci_driver_init+0x0/0x15 returned 0 after 75 usecs
[   16.001430] calling  net_olddevs_init+0x0/0x55 @ 1
[   16.010335] initcall net_olddevs_init+0x0/0x55 returned 0 after 82 usecs
[   16.022209] calling  blackhole_netdev_init+0x0/0x78 @ 1
[   16.029195] initcall blackhole_netdev_init+0x0/0x78 returned 0 after 186 usecs
[   16.040712] calling  phy_module_init+0x0/0x13 @ 1
[   16.049970] initcall phy_module_init+0x0/0x13 returned 0 after 168 usecs
[   16.061621] calling  tg3_driver_init+0x0/0x15 @ 1
[   16.072013] initcall tg3_driver_init+0x0/0x15 returned 0 after 44 usecs
[   16.082003] calling  e100_init_module+0x0/0x4c @ 1
[   16.089879] e100: Intel(R) PRO/100 Network Driver
[   16.097224] e100: Copyright(c) 1999-2006 Intel Corporation
[   16.111097] initcall e100_init_module+0x0/0x4c returned 0 after 20863 usecs
[   16.124408] calling  e1000_init_module+0x0/0x72 @ 1
[   16.133036] e1000: Intel(R) PRO/1000 Network Driver
[   16.142826] e1000: Copyright (c) 1999-2006 Intel Corporation.
[   16.152666] initcall e1000_init_module+0x0/0x72 returned 0 after 19167 usecs
[   16.163550] calling  e1000_init_module+0x0/0x2d @ 1
[   16.171582] e1000e: Intel(R) PRO/1000 Network Driver
[   16.181165] e1000e: Copyright(c) 1999 - 2015 Intel Corporation.
[   16.192548] initcall e1000_init_module+0x0/0x2d returned 0 after 20489 usecs
[   16.204471] calling  sky2_init_module+0x0/0x21 @ 1
[   16.215519] sky2: driver version 1.30
[   16.219066] ata2: SATA link down (SStatus 0 SControl 300)
[   16.224676] initcall sky2_init_module+0x0/0x21 returned 0 after 8939 usecs
[   16.240015] ata5: SATA link down (SStatus 0 SControl 300)
[   16.249796] calling  forcedeth_pci_driver_init+0x0/0x15 @ 1
[   16.260202] ata1: SATA link down (SStatus 0 SControl 300)
[   16.268161] initcall forcedeth_pci_driver_init+0x0/0x15 returned 0 after 43 usecs
[   16.280775] ata3: SATA link up 1.5 Gbps (SStatus 113 SControl 300)
[   16.292892] calling  rtl8139_init_module+0x0/0x15 @ 1
[   16.306591] ata4: SATA link down (SStatus 0 SControl 300)
[   16.312845] initcall rtl8139_init_module+0x0/0x15 returned 0 after 57 usecs
[   16.323518] ata3.00: ATAPI: QEMU DVD-ROM, 2.5+, max UDMA/100
[   16.333642] calling  rtl8169_pci_driver_init+0x0/0x15 @ 1
[   16.342169] ata3.00: applying bridge limits
[   16.350487] initcall rtl8169_pci_driver_init+0x0/0x15 returned 0 after 37 usecs
[   16.350490] calling  cdrom_init+0x0/0xc @ 1
[   16.350560] initcall cdrom_init+0x0/0xc returned 0 after 66 usecs
[   16.357712] ata6: SATA link down (SStatus 0 SControl 300)
[   16.366475] calling  nonstatic_sysfs_init+0x0/0xc @ 1
[   16.373950] ata3.00: configured for UDMA/100
[   16.382153] initcall nonstatic_sysfs_init+0x0/0xc returned 0 after 3 usecs
[   16.394164] scsi 2:0:0:0: CD-ROM            QEMU     QEMU DVD-ROM     2.5+ PQ: 0 ANSI: 5
[   16.396597] calling  yenta_cardbus_driver_init+0x0/0x15 @ 1
[   16.431696] initcall yenta_cardbus_driver_init+0x0/0x15 returned 0 after 215 usecs
[   16.441893] calling  mon_init+0x0/0x12d @ 1
[   16.450262] initcall mon_init+0x0/0x12d returned 0 after 1409 usecs
[   16.459522] sr 2:0:0:0: [sr0] scsi3-mmc drive: 4x/4x cd/rw xa/form2 tray
[   16.461316] calling  ehci_hcd_init+0x0/0x56 @ 1
[   16.469707] cdrom: Uniform CD-ROM driver Revision: 3.20
[   16.484663] ehci_hcd: USB 2.0 'Enhanced' Host Controller (EHCI) Driver
[   16.494336] initcall ehci_hcd_init+0x0/0x56 returned 0 after 9870 usecs
[   16.504255] calling  ehci_pci_init+0x0/0x64 @ 1
[   16.510813] ehci-pci: EHCI PCI platform driver
[   16.517717] initcall ehci_pci_init+0x0/0x64 returned 0 after 6740 usecs
[   16.527442] calling  ohci_hcd_mod_init+0x0/0x4e @ 1
[   16.534809] ohci_hcd: USB 1.1 'Open' Host Controller (OHCI) Driver
[   16.539927] sr 2:0:0:0: Attached scsi CD-ROM sr0
[   16.543589] initcall ohci_hcd_mod_init+0x0/0x4e returned 0 after 8587 usecs
[   16.543593] calling  ohci_pci_init+0x0/0x64 @ 1
[   16.551617] sr 2:0:0:0: Attached scsi generic sg0 type 5
[   16.560742] ohci-pci: OHCI PCI platform driver
[   16.582165] initcall ohci_pci_init+0x0/0x64 returned 0 after 20916 usecs
[   16.592015] calling  uhci_hcd_init+0x0/0xa8 @ 1
[   16.598751] uhci_hcd: USB Universal Host Controller Interface driver
[   16.608164] initcall uhci_hcd_init+0x0/0xa8 returned 0 after 9190 usecs
[   16.617606] calling  xhci_hcd_init+0x0/0x1e @ 1
[   16.624492] initcall xhci_hcd_init+0x0/0x1e returned 0 after 41 usecs
[   16.633725] calling  xhci_pci_init+0x0/0x49 @ 1
[   16.640786] initcall xhci_pci_init+0x0/0x49 returned 0 after 148 usecs
[   16.650748] calling  usblp_driver_init+0x0/0x15 @ 1
[   16.658703] usbcore: registered new interface driver usblp
[   16.666865] initcall usblp_driver_init+0x0/0x15 returned 0 after 8253 usecs
[   16.677451] calling  usb_storage_driver_init+0x0/0x2a @ 1
[   16.686225] usbcore: registered new interface driver usb-storage
[   16.696162] initcall usb_storage_driver_init+0x0/0x2a returned 0 after 9800 usecs
[   16.707270] calling  i8042_init+0x0/0x4c2 @ 1
[   16.713009] i8042: PNP: PS/2 Controller [PNP0303:KBD,PNP0f13:MOU] at 0x60,0x64 irq 1,12
[   16.730997] serio: i8042 KBD port at 0x60,0x64 irq 1
[   16.737621] serio: i8042 AUX port at 0x60,0x64 irq 12
[   16.744487] initcall i8042_init+0x0/0x4c2 returned 0 after 30855 usecs
[   16.752881] calling  serport_init+0x0/0x2c @ 1
[   16.758739] initcall serport_init+0x0/0x2c returned 0 after 2 usecs
[   16.767888] calling  input_leds_init+0x0/0xc @ 1
[   16.774638] initcall input_leds_init+0x0/0xc returned 0 after 3 usecs
[   16.783786] calling  evdev_init+0x0/0xc @ 1
[   16.791713] initcall evdev_init+0x0/0xc returned 0 after 1088 usecs
[   16.801532] calling  atkbd_init+0x0/0x21 @ 1
[   16.808925] initcall atkbd_init+0x0/0x21 returned 0 after 408 usecs
[   16.816913] calling  psmouse_init+0x0/0x7f @ 1
[   16.823424] initcall psmouse_init+0x0/0x7f returned 0 after 637 usecs
[   16.831439] calling  cmos_init+0x0/0x73 @ 1
[   16.837277] rtc_cmos 00:04: RTC can wake from S4
[   16.843140] input: AT Translated Set 2 keyboard as /devices/platform/i8042/serio0/input/input1
[   16.850768] rtc_cmos 00:04: registered as rtc0
[   16.861572] rtc_cmos 00:04: alarms up to one day, y3k, 242 bytes nvram, hpet irqs
[   16.873248] initcall cmos_init+0x0/0x73 returned 0 after 35756 usecs
[   16.901311] calling  smbalert_driver_init+0x0/0xe @ 1
[   16.911218] initcall smbalert_driver_init+0x0/0xe returned 0 after 1593 usecs
[   16.920921] calling  i2c_i801_init+0x0/0xc5 @ 1
[   16.935983] i801_smbus 0000:00:1f.3: SMBus using PCI interrupt
[   16.945876] i2c i2c-0: 1/1 memory slots populated (from DMI)
[   16.953882] i2c i2c-0: Memory type 0x07 not supported yet, not instantiating SPD
[   16.966523] initcall i2c_i801_init+0x0/0xc5 returned 0 after 38048 usecs
[   16.976237] calling  ptp_kvm_init+0x0/0xf0 @ 1
[   16.985784] initcall ptp_kvm_init+0x0/0xf0 returned 0 after 3309 usecs
[   16.995563] calling  dm_init+0x0/0x3c @ 1
[   17.007608] device-mapper: ioctl: 4.43.0-ioctl (2020-10-01) initialised: dm-devel@redhat.com
[   17.019408] initcall dm_init+0x0/0x3c returned 0 after 17470 usecs
[   17.028120] calling  dm_mirror_init+0x0/0x29 @ 1
[   17.035838] initcall dm_mirror_init+0x0/0x29 returned 0 after 266 usecs
[   17.045863] calling  dm_dirty_log_init+0x0/0x4f @ 1
[   17.053795] initcall dm_dirty_log_init+0x0/0x4f returned 0 after 84 usecs
[   17.066151] calling  dm_zero_init+0x0/0x29 @ 1
[   17.074284] initcall dm_zero_init+0x0/0x29 returned 0 after 5 usecs
[   17.085103] calling  intel_pstate_init+0x0/0x513 @ 1
[   17.093925] intel_pstate: CPU model not supported
[   17.101997] initcall intel_pstate_init+0x0/0x513 returned -19 after 7960 usecs
[   17.114190] calling  haltpoll_init+0x0/0xc0 @ 1
[   17.121589] initcall haltpoll_init+0x0/0xc0 returned -19 after 111 usecs
[   17.132809] calling  efivars_sysfs_init+0x0/0x30 @ 1
[   17.140781] initcall efivars_sysfs_init+0x0/0x30 returned 0 after 44 usecs
[   17.150889] calling  esrt_sysfs_init+0x0/0x2a2 @ 1
[   17.157901] initcall esrt_sysfs_init+0x0/0x2a2 returned -38 after 32 usecs
[   17.168499] calling  hid_init+0x0/0x5c @ 1
[   17.174586] hid: raw HID events driver (C) Jiri Kosina
[   17.183237] initcall hid_init+0x0/0x5c returned 0 after 8702 usecs
[   17.192242] calling  hid_generic_init+0x0/0x15 @ 1
