c[?7l[2J[0mSeaBIOS (version 1.16.0-debian-1.16.0-4)
Booting from ROM...
early console in setup code
c[?7l[2J[    0.000000] Linux version 5.10.155+ (root@joelboxx.c.googlers.com) (gcc (Debian 12.2.0-3) 12.2.0, GNU ld (GNU Binutils for Debian) 2.39) #14 Tue Dec 13 05:34:52 UTC 2022
[    0.000000] Command line: selinux=0 initcall_debug debug console=ttyS0 rcutorture.torture_type=srcu rcutorture.n_barrier_cbs=4 rcutorture.stat_interval=15 rcutorture.shutdown_secs=1800 rcutorture.test_no_idle_hz=1 rcutorture.verbose=1
[    0.000000] x86/fpu: x87 FPU will use FXSAVE
[    0.000000] BIOS-provided physical RAM map:
[    0.000000] BIOS-e820: [mem 0x0000000000000000-0x000000000009fbff] usable
[    0.000000] BIOS-e820: [mem 0x000000000009fc00-0x000000000009ffff] reserved
[    0.000000] BIOS-e820: [mem 0x00000000000f0000-0x00000000000fffff] reserved
[    0.000000] BIOS-e820: [mem 0x0000000000100000-0x000000001ffdefff] usable
[    0.000000] BIOS-e820: [mem 0x000000001ffdf000-0x000000001fffffff] reserved
[    0.000000] BIOS-e820: [mem 0x00000000b0000000-0x00000000bfffffff] reserved
[    0.000000] BIOS-e820: [mem 0x00000000fed1c000-0x00000000fed1ffff] reserved
[    0.000000] BIOS-e820: [mem 0x00000000feffc000-0x00000000feffffff] reserved
[    0.000000] BIOS-e820: [mem 0x00000000fffc0000-0x00000000ffffffff] reserved
[    0.000000] NX (Execute Disable) protection: active
[    0.000000] SMBIOS 2.8 present.
[    0.000000] DMI: QEMU Standard PC (Q35 + ICH9, 2009), BIOS 1.16.0-debian-1.16.0-4 04/01/2014
[    0.000000] Hypervisor detected: KVM
[    0.000000] kvm-clock: Using msrs 4b564d01 and 4b564d00
[    0.000000] kvm-clock: cpu 0, msr 11e41001, primary cpu clock
[    0.000001] kvm-clock: using sched offset of 2014204177 cycles
[    0.000212] clocksource: kvm-clock: mask: 0xffffffffffffffff max_cycles: 0x1cd42e4dffb, max_idle_ns: 881590591483 ns
[    0.000268] tsc: Detected 1999.999 MHz processor
[    0.007157] e820: update [mem 0x00000000-0x00000fff] usable ==> reserved
[    0.007161] e820: remove [mem 0x000a0000-0x000fffff] usable
[    0.007168] last_pfn = 0x1ffdf max_arch_pfn = 0x400000000
[    0.007976] MTRR default type: write-back
[    0.007977] MTRR fixed ranges enabled:
[    0.007979]   00000-9FFFF write-back
[    0.007980]   A0000-BFFFF uncachable
[    0.007981]   C0000-FFFFF write-protect
[    0.007981] MTRR variable ranges enabled:
[    0.007983]   0 base 00C0000000 mask FFC0000000 uncachable
[    0.007984]   1 disabled
[    0.007985]   2 disabled
[    0.007985]   3 disabled
[    0.007986]   4 disabled
[    0.007986]   5 disabled
[    0.007987]   6 disabled
[    0.007988]   7 disabled
[    0.008367] x86/PAT: Configuration [0-7]: WB  WC  UC- UC  WB  WC  UC- UC  
[    0.018938] found SMP MP-table at [mem 0x000f5ba0-0x000f5baf]
[    0.020733] check: Scanning 1 areas for low memory corruption
[    0.031797] ACPI: Early table checksum verification disabled
[    0.037862] ACPI: RSDP 0x00000000000F59E0 000014 (v00 BOCHS )
[    0.038589] ACPI: RSDT 0x000000001FFE229A 000038 (v01 BOCHS  BXPC     00000001 BXPC 00000001)
[    0.039010] ACPI: FACP 0x000000001FFE2092 0000F4 (v03 BOCHS  BXPC     00000001 BXPC 00000001)
[    0.039080] ACPI: DSDT 0x000000001FFE0040 002052 (v01 BOCHS  BXPC     00000001 BXPC 00000001)
[    0.039086] ACPI: FACS 0x000000001FFE0000 000040
[    0.039090] ACPI: APIC 0x000000001FFE2186 000078 (v01 BOCHS  BXPC     00000001 BXPC 00000001)
[    0.039095] ACPI: HPET 0x000000001FFE21FE 000038 (v01 BOCHS  BXPC     00000001 BXPC 00000001)
[    0.039099] ACPI: MCFG 0x000000001FFE2236 00003C (v01 BOCHS  BXPC     00000001 BXPC 00000001)
[    0.039104] ACPI: WAET 0x000000001FFE2272 000028 (v01 BOCHS  BXPC     00000001 BXPC 00000001)
[    0.039147] ACPI: Reserving FACP table memory at [mem 0x1ffe2092-0x1ffe2185]
[    0.039294] ACPI: Reserving DSDT table memory at [mem 0x1ffe0040-0x1ffe2091]
[    0.039296] ACPI: Reserving FACS table memory at [mem 0x1ffe0000-0x1ffe003f]
[    0.039297] ACPI: Reserving APIC table memory at [mem 0x1ffe2186-0x1ffe21fd]
[    0.039298] ACPI: Reserving HPET table memory at [mem 0x1ffe21fe-0x1ffe2235]
[    0.039299] ACPI: Reserving MCFG table memory at [mem 0x1ffe2236-0x1ffe2271]
[    0.039300] ACPI: Reserving WAET table memory at [mem 0x1ffe2272-0x1ffe2299]
[    0.040731] ACPI: Local APIC address 0xfee00000
[    0.042777] Zone ranges:
[    0.042826]   DMA      [mem 0x0000000000001000-0x0000000000ffffff]
[    0.042877]   DMA32    [mem 0x0000000001000000-0x000000001ffdefff]
[    0.042924]   Normal   empty
[    0.042925] Movable zone start for each node
[    0.042926] Early memory node ranges
[    0.042928]   node   0: [mem 0x0000000000001000-0x000000000009efff]
[    0.043119]   node   0: [mem 0x0000000000100000-0x000000001ffdefff]
[    0.043162] Initmem setup node 0 [mem 0x0000000000001000-0x000000001ffdefff]
[    0.043165] On node 0 totalpages: 130941
[    0.043312]   DMA zone: 64 pages used for memmap
[    0.043313]   DMA zone: 21 pages reserved
[    0.043366]   DMA zone: 3998 pages, LIFO batch:0
[    0.043368]   DMA32 zone: 1984 pages used for memmap
[    0.043369]   DMA32 zone: 126943 pages, LIFO batch:31
[    0.048832] On node 0, zone DMA: 1 pages in unavailable ranges
[    0.052086] On node 0, zone DMA: 97 pages in unavailable ranges
[    0.165302] On node 0, zone DMA32: 33 pages in unavailable ranges
[    0.169811] ACPI: PM-Timer IO Port: 0x608
[    0.169816] ACPI: Local APIC address 0xfee00000
[    0.170162] ACPI: LAPIC_NMI (acpi_id[0xff] dfl dfl lint[0x1])
[    0.171439] IOAPIC[0]: apic_id 0, version 17, address 0xfec00000, GSI 0-23
[    0.171506] ACPI: INT_SRC_OVR (bus 0 bus_irq 0 global_irq 2 dfl dfl)
[    0.171508] ACPI: INT_SRC_OVR (bus 0 bus_irq 5 global_irq 5 high level)
[    0.171509] ACPI: INT_SRC_OVR (bus 0 bus_irq 9 global_irq 9 high level)
[    0.171627] ACPI: INT_SRC_OVR (bus 0 bus_irq 10 global_irq 10 high level)
[    0.171628] ACPI: INT_SRC_OVR (bus 0 bus_irq 11 global_irq 11 high level)
[    0.171630] ACPI: IRQ0 used by override.
[    0.171631] ACPI: IRQ5 used by override.
[    0.171632] ACPI: IRQ9 used by override.
[    0.171633] ACPI: IRQ10 used by override.
[    0.171634] ACPI: IRQ11 used by override.
[    0.171636] Using ACPI (MADT) for SMP configuration information
[    0.171639] ACPI: HPET id: 0x8086a201 base: 0xfed00000
[    0.172551] kvm-guest: stealtime: cpu 0, msr 1164d780
[    0.173536] PM: hibernation: Registered nosave memory: [mem 0x00000000-0x00000fff]
[    0.173539] PM: hibernation: Registered nosave memory: [mem 0x0009f000-0x0009ffff]
[    0.173540] PM: hibernation: Registered nosave memory: [mem 0x000a0000-0x000effff]
[    0.173541] PM: hibernation: Registered nosave memory: [mem 0x000f0000-0x000fffff]
[    0.173543] [mem 0x20000000-0xafffffff] available for PCI devices
[    0.173606] Booting paravirtualized kernel on KVM
[    0.174143] clocksource: refined-jiffies: mask: 0xffffffff max_cycles: 0xffffffff, max_idle_ns: 1910969940391419 ns
[    0.197990] pcpu-alloc: s0 r0 d32768 u32768 alloc=1*32768
[    0.197994] pcpu-alloc: [0] 0 
[    0.198176] Built 1 zonelists, mobility grouping on.  Total pages: 128872
[    0.198252] Kernel command line: selinux=0 initcall_debug debug console=ttyS0 rcutorture.torture_type=srcu rcutorture.n_barrier_cbs=4 rcutorture.stat_interval=15 rcutorture.shutdown_secs=1800 rcutorture.test_no_idle_hz=1 rcutorture.verbose=1
[    0.202651] Dentry cache hash table entries: 65536 (order: 7, 524288 bytes, linear)
[    0.202728] Inode-cache hash table entries: 32768 (order: 6, 262144 bytes, linear)
[    0.203406] mem auto-init: stack:all(zero), heap alloc:off, heap free:off
[    0.208401] Memory: 481560K/523764K available (14349K kernel code, 2612K rwdata, 4612K rodata, 1252K init, 1884K bss, 41944K reserved, 0K cma-reserved)
[    0.208776] SLUB: HWalign=64, Order=0-3, MinObjects=0, CPUs=1, Nodes=1
[    0.209035] Kernel/User page tables isolation: enabled
[    0.223858] NR_IRQS: 4352, nr_irqs: 256, preallocated irqs: 16
[    0.226883] calling  con_init+0x0/0x22a @ 0
[    0.333634] Console: colour VGA+ 80x25
[    0.333653] initcall con_init+0x0/0x22a returned 0 after 0 usecs
[    0.333657] calling  hvc_console_init+0x0/0x13 @ 0
[    0.333690] initcall hvc_console_init+0x0/0x13 returned 0 after 0 usecs
[    0.333693] calling  univ8250_console_init+0x0/0x26 @ 0
[    1.142557] printk: console [ttyS0] enabled
[    1.147697] initcall univ8250_console_init+0x0/0x26 returned 0 after 0 usecs
[    1.156018] ACPI: Core revision 20200925
[    1.162811] clocksource: hpet: mask: 0xffffffff max_cycles: 0xffffffff, max_idle_ns: 19112604467 ns
[    1.174265] APIC: Switch to symmetric I/O mode setup
[    1.196132] ..TIMER: vector=0x30 apic1=0 pin1=2 apic2=-1 pin2=-1
[    1.203593] clocksource: tsc-early: mask: 0xffffffffffffffff max_cycles: 0x39a85afc727, max_idle_ns: 881590685098 ns
[    1.216226] Calibrating delay loop (skipped) preset value.. 3999.99 BogoMIPS (lpj=1999999)
[    1.217026] pid_max: default: 32768 minimum: 301
[    1.218250] LSM: Security Framework initializing
[    1.219256] Mount-cache hash table entries: 1024 (order: 1, 8192 bytes, linear)
[    1.220035] Mountpoint-cache hash table entries: 1024 (order: 1, 8192 bytes, linear)
[    1.228868] Last level iTLB entries: 4KB 0, 2MB 0, 4MB 0
[    1.229013] Last level dTLB entries: 4KB 0, 2MB 0, 4MB 0, 1GB 0
[    1.231039] CPU: Intel Common KVM processor (family: 0xf, model: 0x6, stepping: 0x1)
[    1.232024] Spectre V1 : Mitigation: usercopy/swapgs barriers and __user pointer sanitization
[    1.233013] Spectre V2 : Mitigation: Retpolines
[    1.234010] Spectre V2 : Spectre v2 / SpectreRSB mitigation: Filling RSB on context switch
[    1.235011] Spectre V2 : Spectre v2 / SpectreRSB : Filling RSB on VMEXIT
[    1.236012] Speculative Store Bypass: Vulnerable
[    1.237140] MDS: Vulnerable: Clear CPU buffers attempted, no microcode
[    1.238015] MMIO Stale Data: Unknown: No mitigations
[    1.299008] calling  init_hw_perf_events+0x0/0x6ce @ 1
[    1.300012] Performance Events: unsupported Netburst CPU model 6 no PMU driver, software events only.
[    1.302019] initcall init_hw_perf_events+0x0/0x6ce returned 0 after 1953 usecs
[    1.303015] calling  init_real_mode+0x0/0x1e9 @ 1
[    1.305056] initcall init_real_mode+0x0/0x1e9 returned 0 after 976 usecs
[    1.306015] calling  trace_init_perf_perm_irq_work_exit+0x0/0x12 @ 1
[    1.307015] initcall trace_init_perf_perm_irq_work_exit+0x0/0x12 returned 0 after 0 usecs
[    1.308016] calling  validate_x2apic+0x0/0x4a @ 1
[    1.309041] initcall validate_x2apic+0x0/0x4a returned 0 after 0 usecs
[    1.310015] calling  register_nmi_cpu_backtrace_handler+0x0/0x15 @ 1
[    1.311016] initcall register_nmi_cpu_backtrace_handler+0x0/0x15 returned 0 after 0 usecs
[    1.312016] calling  kvm_setup_vsyscall_timeinfo+0x0/0x34 @ 1
[    1.313018] initcall kvm_setup_vsyscall_timeinfo+0x0/0x34 returned 0 after 0 usecs
[    1.314018] calling  spawn_ksoftirqd+0x0/0x34 @ 1
[    1.315160] initcall spawn_ksoftirqd+0x0/0x34 returned 0 after 0 usecs
[    1.316036] calling  trace_init_flags_sys_enter+0x0/0xe @ 1
[    1.317015] initcall trace_init_flags_sys_enter+0x0/0xe returned 0 after 0 usecs
[    1.318015] calling  trace_init_flags_sys_exit+0x0/0xe @ 1
[    1.319015] initcall trace_init_flags_sys_exit+0x0/0xe returned 0 after 0 usecs
[    1.320036] calling  init_kprobes+0x0/0x14d @ 1
[    1.322275] initcall init_kprobes+0x0/0x14d returned 0 after 976 usecs
[    1.323017] calling  init_events+0x0/0x3d @ 1
[    1.325322] initcall init_events+0x0/0x3d returned 0 after 976 usecs
[    1.326017] calling  init_trace_printk+0x0/0xc @ 1
[    1.327017] initcall init_trace_printk+0x0/0xc returned 0 after 0 usecs
[    1.328015] calling  event_trace_enable_again+0x0/0x23 @ 1
[    1.329028] initcall event_trace_enable_again+0x0/0x23 returned 0 after 0 usecs
[    1.330014] calling  static_call_init+0x0/0x6d @ 1
[    1.331015] initcall static_call_init+0x0/0x6d returned 0 after 0 usecs
[    1.332016] calling  jump_label_init_module+0x0/0xc @ 1
[    1.333015] initcall jump_label_init_module+0x0/0xc returned 0 after 0 usecs
[    1.334015] calling  init_zero_pfn+0x0/0x37 @ 1
[    1.335015] initcall init_zero_pfn+0x0/0x37 returned 0 after 0 usecs
[    1.336015] calling  initialize_ptr_random+0x0/0x54 @ 1
[    1.337015] initcall initialize_ptr_random+0x0/0x54 returned 0 after 0 usecs
[    1.338016] calling  efi_memreserve_root_init+0x0/0x25 @ 1
[    1.339042] initcall efi_memreserve_root_init+0x0/0x25 returned 0 after 0 usecs
[    1.340016] calling  efi_earlycon_remap_fb+0x0/0x51 @ 1
[    1.342017] initcall efi_earlycon_remap_fb+0x0/0x51 returned 0 after 0 usecs
[    1.451814] devtmpfs: initialized
[    1.454170] calling  ipc_ns_init+0x0/0x3d @ 1
[    1.455061] initcall ipc_ns_init+0x0/0x3d returned 0 after 0 usecs
[    1.456016] calling  init_mmap_min_addr+0x0/0x21 @ 1
[    1.457014] initcall init_mmap_min_addr+0x0/0x21 returned 0 after 0 usecs
[    1.458013] calling  pci_realloc_setup_params+0x0/0x3f @ 1
[    1.459013] initcall pci_realloc_setup_params+0x0/0x3f returned 0 after 0 usecs
[    1.460013] calling  net_ns_init+0x0/0x128 @ 1
[    1.461143] initcall net_ns_init+0x0/0x128 returned 0 after 0 usecs
[    1.462033] calling  e820__register_nvs_regions+0x0/0x37 @ 1
[    1.463016] initcall e820__register_nvs_regions+0x0/0x37 returned 0 after 0 usecs
[    1.464015] calling  cpufreq_register_tsc_scaling+0x0/0x2e @ 1
[    1.465014] initcall cpufreq_register_tsc_scaling+0x0/0x2e returned 0 after 0 usecs
[    1.466016] calling  reboot_init+0x0/0x3c @ 1
[    1.467079] initcall reboot_init+0x0/0x3c returned 0 after 0 usecs
[    1.468014] calling  init_lapic_sysfs+0x0/0x20 @ 1
[    1.469014] initcall init_lapic_sysfs+0x0/0x20 returned 0 after 0 usecs
[    1.470014] calling  wq_sysfs_init+0x0/0x2a @ 1
[    1.471107] initcall wq_sysfs_init+0x0/0x2a returned 0 after 0 usecs
[    1.472013] calling  ksysfs_init+0x0/0x92 @ 1
[    1.473021] initcall ksysfs_init+0x0/0x92 returned 0 after 0 usecs
[    1.474013] calling  pm_init+0x0/0x76 @ 1
[    1.475122] initcall pm_init+0x0/0x76 returned 0 after 0 usecs
[    1.476052] calling  pm_disk_init+0x0/0x13 @ 1
[    1.477017] initcall pm_disk_init+0x0/0x13 returned 0 after 0 usecs
[    1.478015] calling  swsusp_header_init+0x0/0x2b @ 1
[    1.479017] initcall swsusp_header_init+0x0/0x2b returned 0 after 0 usecs
[    1.480015] calling  rcu_set_runtime_mode+0x0/0x11 @ 1
[    1.481014] initcall rcu_set_runtime_mode+0x0/0x11 returned 0 after 0 usecs
[    1.482014] calling  init_jiffies_clocksource+0x0/0x13 @ 1
[    1.483013] clocksource: jiffies: mask: 0xffffffff max_cycles: 0xffffffff, max_idle_ns: 1911260446275000 ns
[    1.484016] initcall init_jiffies_clocksource+0x0/0x13 returned 0 after 976 usecs
[    1.485016] calling  futex_init+0x0/0xf4 @ 1
[    1.486015] futex hash table entries: 256 (order: 0, 6144 bytes, linear)
[    1.487069] initcall futex_init+0x0/0xf4 returned 0 after 976 usecs
[    1.488015] calling  cgroup_wq_init+0x0/0x28 @ 1
[    1.489021] initcall cgroup_wq_init+0x0/0x28 returned 0 after 0 usecs
[    1.490014] calling  cgroup1_wq_init+0x0/0x28 @ 1
[    1.491033] initcall cgroup1_wq_init+0x0/0x28 returned 0 after 0 usecs
[    1.492014] calling  init_kprobe_trace_early+0x0/0x2a @ 1
[    1.493030] initcall init_kprobe_trace_early+0x0/0x2a returned 0 after 0 usecs
[    1.494015] calling  fsnotify_init+0x0/0x48 @ 1
[    1.496022] initcall fsnotify_init+0x0/0x48 returned 0 after 0 usecs
[    1.497014] calling  filelock_init+0x0/0x60 @ 1
[    1.498039] initcall filelock_init+0x0/0x60 returned 0 after 0 usecs
[    1.499014] calling  init_misc_binfmt+0x0/0x2c @ 1
[    1.500061] initcall init_misc_binfmt+0x0/0x2c returned 0 after 0 usecs
[    1.501028] calling  init_script_binfmt+0x0/0x15 @ 1
[    1.502015] initcall init_script_binfmt+0x0/0x15 returned 0 after 0 usecs
[    1.503015] calling  init_elf_binfmt+0x0/0x15 @ 1
[    1.504017] initcall init_elf_binfmt+0x0/0x15 returned 0 after 0 usecs
[    1.505015] calling  init_compat_elf_binfmt+0x0/0x15 @ 1
[    1.506014] initcall init_compat_elf_binfmt+0x0/0x15 returned 0 after 0 usecs
[    1.507097] calling  debugfs_init+0x0/0x5c @ 1
[    1.508021] initcall debugfs_init+0x0/0x5c returned 0 after 0 usecs
[    1.509014] calling  tracefs_init+0x0/0x3a @ 1
[    1.510018] initcall tracefs_init+0x0/0x3a returned 0 after 0 usecs
[    1.511014] calling  prandom_init_early+0x0/0x111 @ 1
[    1.512014] initcall prandom_init_early+0x0/0x111 returned 0 after 0 usecs
[    1.513086] calling  virtio_init+0x0/0x20 @ 1
[    1.515014] initcall virtio_init+0x0/0x20 returned 0 after 976 usecs
[    1.516016] calling  iommu_init+0x0/0x2a @ 1
[    1.517019] initcall iommu_init+0x0/0x2a returned 0 after 0 usecs
[    1.518016] calling  component_debug_init+0x0/0x1c @ 1
[    1.519070] initcall component_debug_init+0x0/0x1c returned 0 after 0 usecs
[    1.520014] calling  early_resume_init+0x0/0xb9 @ 1
[    1.522011] PM: RTC time: 05:41:51, date: 2022-12-13
[    1.523030] initcall early_resume_init+0x0/0xb9 returned 0 after 1953 usecs
[    1.524016] calling  cpufreq_core_init+0x0/0x62 @ 1
[    1.525083] initcall cpufreq_core_init+0x0/0x62 returned 0 after 0 usecs
[    1.526017] calling  cpufreq_gov_performance_init+0x0/0xc @ 1
[    1.527017] initcall cpufreq_gov_performance_init+0x0/0xc returned 0 after 0 usecs
[    1.528017] calling  cpufreq_gov_userspace_init+0x0/0xc @ 1
[    1.529017] initcall cpufreq_gov_userspace_init+0x0/0xc returned 0 after 0 usecs
[    1.530016] calling  CPU_FREQ_GOV_ONDEMAND_init+0x0/0xc @ 1
[    1.531015] initcall CPU_FREQ_GOV_ONDEMAND_init+0x0/0xc returned 0 after 0 usecs
[    1.532014] calling  cpuidle_init+0x0/0x1f @ 1
[    1.534043] initcall cpuidle_init+0x0/0x1f returned 0 after 976 usecs
[    1.535016] calling  capsule_reboot_register+0x0/0xc @ 1
[    1.536133] initcall capsule_reboot_register+0x0/0xc returned 0 after 0 usecs
[    1.537015] calling  sock_init+0x0/0x93 @ 1
[    1.539039] initcall sock_init+0x0/0x93 returned 0 after 976 usecs
[    1.540013] calling  net_inuse_init+0x0/0x23 @ 1
[    1.541018] initcall net_inuse_init+0x0/0x23 returned 0 after 0 usecs
[    1.542014] calling  net_defaults_init+0x0/0x23 @ 1
[    1.543041] initcall net_defaults_init+0x0/0x23 returned 0 after 0 usecs
[    1.545013] calling  init_default_flow_dissectors+0x0/0x4f @ 1
[    1.546017] initcall init_default_flow_dissectors+0x0/0x4f returned 0 after 0 usecs
[    1.547018] calling  netpoll_init+0x0/0x25 @ 1
[    1.548019] initcall netpoll_init+0x0/0x25 returned 0 after 0 usecs
[    1.549019] calling  netlink_proto_init+0x0/0x14f @ 1
[    1.551144] NET: Registered protocol family 16
[    1.552038] initcall netlink_proto_init+0x0/0x14f returned 0 after 1953 usecs
[    1.553017] calling  genl_init+0x0/0x35 @ 1
[    1.554030] initcall genl_init+0x0/0x35 returned 0 after 0 usecs
[    1.555017] calling  bsp_pm_check_init+0x0/0x13 @ 1
[    1.556019] initcall bsp_pm_check_init+0x0/0x13 returned 0 after 0 usecs
[    1.557038] calling  irq_sysfs_init+0x0/0xb7 @ 1
[    1.558168] initcall irq_sysfs_init+0x0/0xb7 returned 0 after 0 usecs
[    1.559018] calling  audit_init+0x0/0x15d @ 1
[    1.560024] audit: initializing netlink subsys (disabled)
[    1.561172] initcall audit_init+0x0/0x15d returned 0 after 976 usecs
[    1.562018] calling  release_early_probes+0x0/0x32 @ 1
[    1.563018] initcall release_early_probes+0x0/0x32 returned 0 after 0 usecs
[    1.564016] calling  bdi_class_init+0x0/0x48 @ 1
[    1.565035] initcall bdi_class_init+0x0/0x48 returned 0 after 0 usecs
[    1.566015] calling  mm_sysfs_init+0x0/0x28 @ 1
[    1.567021] initcall mm_sysfs_init+0x0/0x28 returned 0 after 0 usecs
[    1.568014] calling  init_per_zone_wmark_min+0x0/0x5e @ 1
[    1.569017] initcall init_per_zone_wmark_min+0x0/0x5e returned 0 after 0 usecs
[    1.570016] calling  mpi_init+0x0/0x3e @ 1
[    1.571037] initcall mpi_init+0x0/0x3e returned 0 after 0 usecs
[    1.572013] calling  kobject_uevent_init+0x0/0xc @ 1
[    1.573082] initcall kobject_uevent_init+0x0/0xc returned 0 after 0 usecs
[    1.574014] calling  pcibus_class_init+0x0/0x13 @ 1
[    1.575042] initcall pcibus_class_init+0x0/0x13 returned 0 after 0 usecs
[    1.576028] calling  pci_driver_init+0x0/0x21 @ 1
[    1.577048] initcall pci_driver_init+0x0/0x21 returned 0 after 0 usecs
[    1.578013] calling  backlight_class_init+0x0/0xa8 @ 1
[    1.579022] initcall backlight_class_init+0x0/0xa8 returned 0 after 0 usecs
[    1.580013] calling  tty_class_init+0x0/0x33 @ 1
[    1.581023] initcall tty_class_init+0x0/0x33 returned 0 after 0 usecs
[    1.582014] calling  vtconsole_class_init+0x0/0xb5 @ 1
[    1.583095] initcall vtconsole_class_init+0x0/0xb5 returned 0 after 0 usecs
[    1.584013] calling  iommu_dev_init+0x0/0x13 @ 1
[    1.585031] initcall iommu_dev_init+0x0/0x13 returned 0 after 0 usecs
[    1.586012] calling  mipi_dsi_bus_init+0x0/0xc @ 1
[    1.587033] initcall mipi_dsi_bus_init+0x0/0xc returned 0 after 0 usecs
[    1.588012] calling  devlink_class_init+0x0/0x40 @ 1
[    1.589018] initcall devlink_class_init+0x0/0x40 returned 0 after 0 usecs
[    1.590012] calling  software_node_init+0x0/0x2a @ 1
[    1.591014] initcall software_node_init+0x0/0x2a returned 0 after 0 usecs
[    1.592014] calling  wakeup_sources_debugfs_init+0x0/0x23 @ 1
[    1.593027] initcall wakeup_sources_debugfs_init+0x0/0x23 returned 0 after 0 usecs
[    1.594017] calling  wakeup_sources_sysfs_init+0x0/0x2c @ 1
[    1.595031] initcall wakeup_sources_sysfs_init+0x0/0x2c returned 0 after 0 usecs
[    1.596015] calling  regmap_initcall+0x0/0xc @ 1
[    1.597039] initcall regmap_initcall+0x0/0xc returned 0 after 0 usecs
[    1.598014] calling  i2c_init+0x0/0xb3 @ 1
[    1.599268] initcall i2c_init+0x0/0xb3 returned 0 after 0 usecs
[    1.600014] calling  thermal_init+0x0/0xf2 @ 1
[    1.601057] thermal_sys: Registered thermal governor 'step_wise'
[    1.602010] thermal_sys: Registered thermal governor 'user_space'
[    1.603024] initcall thermal_init+0x0/0xf2 returned 0 after 1953 usecs
[    1.605016] calling  init_menu+0x0/0xc @ 1
[    1.606013] cpuidle: using governor menu
[    1.607014] initcall init_menu+0x0/0xc returned 0 after 976 usecs
[    1.608015] calling  pcc_init+0x0/0x4d @ 1
[    1.609016] initcall pcc_init+0x0/0x4d returned -19 after 0 usecs
[    1.610015] calling  amd_postcore_init+0x0/0x11e @ 1
[    1.611013] initcall amd_postcore_init+0x0/0x11e returned 0 after 0 usecs
[    1.612031] calling  bts_init+0x0/0xba @ 1
[    1.613015] initcall bts_init+0x0/0xba returned -19 after 0 usecs
[    1.614013] calling  pt_init+0x0/0x2ef @ 1
[    1.615013] initcall pt_init+0x0/0x2ef returned -19 after 0 usecs
[    1.616014] calling  boot_params_ksysfs_init+0x0/0x2ee @ 1
[    1.617024] initcall boot_params_ksysfs_init+0x0/0x2ee returned 0 after 0 usecs
[    1.618014] calling  sbf_init+0x0/0xd1 @ 1
[    1.619014] initcall sbf_init+0x0/0xd1 returned 0 after 0 usecs
[    1.620014] calling  arch_kdebugfs_init+0x0/0x219 @ 1
[    1.621025] initcall arch_kdebugfs_init+0x0/0x219 returned 0 after 0 usecs
[    1.622013] calling  intel_pconfig_init+0x0/0x85 @ 1
[    1.623037] initcall intel_pconfig_init+0x0/0x85 returned 0 after 0 usecs
[    1.624017] calling  mtrr_if_init+0x0/0x5d @ 1
[    1.625018] initcall mtrr_if_init+0x0/0x5d returned 0 after 0 usecs
[    1.626014] calling  activate_jump_labels+0x0/0x31 @ 1
[    1.627014] initcall activate_jump_labels+0x0/0x31 returned 0 after 0 usecs
[    1.628015] calling  ffh_cstate_init+0x0/0x29 @ 1
[    1.629018] initcall ffh_cstate_init+0x0/0x29 returned 0 after 0 usecs
[    1.630015] calling  activate_jump_labels+0x0/0x31 @ 1
[    1.631043] initcall activate_jump_labels+0x0/0x31 returned 0 after 0 usecs
[    1.632023] calling  kvm_alloc_cpumask+0x0/0x2b @ 1
[    1.633046] initcall kvm_alloc_cpumask+0x0/0x2b returned 0 after 0 usecs
[    1.634016] calling  kcmp_cookies_init+0x0/0x37 @ 1
[    1.635023] initcall kcmp_cookies_init+0x0/0x37 returned 0 after 0 usecs
[    1.636018] calling  cryptomgr_init+0x0/0xc @ 1
[    1.637130] initcall cryptomgr_init+0x0/0xc returned 0 after 0 usecs
[    1.638016] calling  acpi_pci_init+0x0/0x57 @ 1
[    1.639013] ACPI: bus type PCI registered
[    1.640016] initcall acpi_pci_init+0x0/0x57 returned 0 after 976 usecs
[    1.641016] calling  dma_channel_table_init+0x0/0xce @ 1
[    1.642022] initcall dma_channel_table_init+0x0/0xce returned 0 after 0 usecs
[    1.643016] calling  dma_bus_init+0x0/0xdc @ 1
[    1.644067] initcall dma_bus_init+0x0/0xdc returned 0 after 0 usecs
[    1.645121] calling  iommu_dma_init+0x0/0x10 @ 1
[    1.646019] initcall iommu_dma_init+0x0/0x10 returned 0 after 0 usecs
[    1.647015] calling  dmi_id_init+0x0/0x37c @ 1
[    1.648082] initcall dmi_id_init+0x0/0x37c returned 0 after 0 usecs
[    1.649017] calling  pci_arch_init+0x0/0x71 @ 1
[    1.651472] PCI: MMCONFIG for domain 0000 [bus 00-ff] at [mem 0xb0000000-0xbfffffff] (base 0xb0000000)
[    1.652016] PCI: MMCONFIG at [mem 0xb0000000-0xbfffffff] reserved in E820
[    1.653031] PCI: Using configuration type 1 for base access
[    1.654075] initcall pci_arch_init+0x0/0x71 returned 0 after 3906 usecs
[    1.656040] calling  init_vdso+0x0/0x13 @ 1
[    1.657052] initcall init_vdso+0x0/0x13 returned 0 after 0 usecs
[    1.658017] calling  sysenter_setup+0x0/0x13 @ 1
[    1.660055] initcall sysenter_setup+0x0/0x13 returned 0 after 0 usecs
[    1.661016] calling  fixup_ht_bug+0x0/0x7f @ 1
[    1.662015] initcall fixup_ht_bug+0x0/0x7f returned 0 after 0 usecs
[    1.663015] calling  topology_init+0x0/0x15 @ 1
[    1.664099] initcall topology_init+0x0/0x15 returned 0 after 0 usecs
[    1.665016] calling  intel_epb_init+0x0/0x68 @ 1
[    1.666015] initcall intel_epb_init+0x0/0x68 returned -19 after 0 usecs
[    1.667020] calling  mtrr_init_finialize+0x0/0x3e @ 1
[    1.669018] initcall mtrr_init_finialize+0x0/0x3e returned 0 after 0 usecs
[    1.670020] calling  uid_cache_init+0x0/0x7b @ 1
[    1.671025] initcall uid_cache_init+0x0/0x7b returned 0 after 0 usecs
[    1.672016] calling  param_sysfs_init+0x0/0x1ba @ 1
[    1.677388] initcall param_sysfs_init+0x0/0x1ba returned 0 after 3906 usecs
[    1.678028] calling  user_namespace_sysctl_init+0x0/0x33 @ 1
[    1.679096] initcall user_namespace_sysctl_init+0x0/0x33 returned 0 after 0 usecs
[    1.680020] calling  proc_schedstat_init+0x0/0x24 @ 1
[    1.681025] initcall proc_schedstat_init+0x0/0x24 returned 0 after 0 usecs
[    1.682016] calling  pm_sysrq_init+0x0/0x18 @ 1
[    1.683030] initcall pm_sysrq_init+0x0/0x18 returned 0 after 0 usecs
[    1.684018] calling  create_proc_profile+0x0/0x50 @ 1
[    1.685017] initcall create_proc_profile+0x0/0x50 returned 0 after 0 usecs
[    1.686019] calling  time_ns_init+0x0/0x7 @ 1
[    1.687018] initcall time_ns_init+0x0/0x7 returned 0 after 0 usecs
[    1.688018] calling  crash_save_vmcoreinfo_init+0x0/0x756 @ 1
[    1.689096] initcall crash_save_vmcoreinfo_init+0x0/0x756 returned 0 after 0 usecs
[    1.690016] calling  crash_notes_memory_init+0x0/0x35 @ 1
[    1.691020] initcall crash_notes_memory_init+0x0/0x35 returned 0 after 0 usecs
[    1.692016] calling  cgroup_sysfs_init+0x0/0x13 @ 1
[    1.693057] initcall cgroup_sysfs_init+0x0/0x13 returned 0 after 0 usecs
[    1.694016] calling  cgroup_namespaces_init+0x0/0x7 @ 1
[    1.695015] initcall cgroup_namespaces_init+0x0/0x7 returned 0 after 0 usecs
[    1.696014] calling  init_optprobes+0x0/0x13 @ 1
[    1.697012] Kprobes globally optimized
[    1.698013] initcall init_optprobes+0x0/0x13 returned 0 after 976 usecs
[    1.699014] calling  oom_init+0x0/0x2f @ 1
[    1.700129] audit: type=2000 audit(1670910110.425:1): state=initialized audit_enabled=0 res=1
[    1.701026] initcall oom_init+0x0/0x2f returned 0 after 976 usecs
[    1.702015] calling  default_bdi_init+0x0/0x35 @ 1
[    1.704139] initcall default_bdi_init+0x0/0x35 returned 0 after 976 usecs
[    1.705015] calling  percpu_enable_async+0x0/0xe @ 1
[    1.706015] initcall percpu_enable_async+0x0/0xe returned 0 after 0 usecs
[    1.707015] calling  kcompactd_init+0x0/0x46 @ 1
[    1.708227] initcall kcompactd_init+0x0/0x46 returned 0 after 0 usecs
[    1.709127] calling  init_user_reserve+0x0/0x30 @ 1
[    1.710015] initcall init_user_reserve+0x0/0x30 returned 0 after 0 usecs
[    1.711015] calling  init_admin_reserve+0x0/0x30 @ 1
[    1.712015] initcall init_admin_reserve+0x0/0x30 returned 0 after 0 usecs
[    1.713016] calling  init_reserve_notifier+0x0/0x7 @ 1
[    1.714015] initcall init_reserve_notifier+0x0/0x7 returned 0 after 0 usecs
[    1.715018] calling  swap_init_sysfs+0x0/0x62 @ 1
[    1.716025] initcall swap_init_sysfs+0x0/0x62 returned 0 after 0 usecs
[    1.717019] calling  swapfile_init+0x0/0x46 @ 1
[    1.718021] initcall swapfile_init+0x0/0x46 returned 0 after 0 usecs
[    1.719016] calling  hugetlb_init+0x0/0x430 @ 1
[    1.720015] HugeTLB registered 2.00 MiB page size, pre-allocated 0 pages
[    1.721081] initcall hugetlb_init+0x0/0x430 returned 0 after 976 usecs
[    1.722015] calling  io_wq_init+0x0/0x34 @ 1
[    1.723014] initcall io_wq_init+0x0/0x34 returned 0 after 0 usecs
[    1.724015] calling  seqiv_module_init+0x0/0xc @ 1
[    1.725016] initcall seqiv_module_init+0x0/0xc returned 0 after 0 usecs
[    1.726031] calling  echainiv_module_init+0x0/0xc @ 1
[    1.727014] initcall echainiv_module_init+0x0/0xc returned 0 after 0 usecs
[    1.728098] calling  rsa_init+0x0/0x50 @ 1
[    1.729105] cryptomgr_test (17) used greatest stack depth: 15544 bytes left
[    1.730025] initcall rsa_init+0x0/0x50 returned 0 after 976 usecs
[    1.731016] calling  crypto_cmac_module_init+0x0/0xc @ 1
[    1.732014] initcall crypto_cmac_module_init+0x0/0xc returned 0 after 0 usecs
[    1.733015] calling  hmac_module_init+0x0/0xc @ 1
[    1.734015] initcall hmac_module_init+0x0/0xc returned 0 after 0 usecs
[    1.735014] calling  crypto_null_mod_init+0x0/0x65 @ 1
[    1.736116] initcall crypto_null_mod_init+0x0/0x65 returned 0 after 0 usecs
[    1.737017] calling  md5_mod_init+0x0/0xc @ 1
[    1.738075] initcall md5_mod_init+0x0/0xc returned 0 after 0 usecs
[    1.739018] calling  sha256_generic_mod_init+0x0/0x11 @ 1
[    1.740090] initcall sha256_generic_mod_init+0x0/0x11 returned 0 after 0 usecs
[    1.741016] calling  crypto_cbc_module_init+0x0/0xc @ 1
[    1.742015] initcall crypto_cbc_module_init+0x0/0xc returned 0 after 0 usecs
[    1.743015] calling  crypto_ctr_module_init+0x0/0x11 @ 1
[    1.744015] initcall crypto_ctr_module_init+0x0/0x11 returned 0 after 0 usecs
[    1.745014] calling  crypto_gcm_module_init+0x0/0x64 @ 1
[    1.746070] initcall crypto_gcm_module_init+0x0/0x64 returned 0 after 0 usecs
[    1.747014] calling  crypto_ccm_module_init+0x0/0x11 @ 1
[    1.748017] initcall crypto_ccm_module_init+0x0/0x11 returned 0 after 0 usecs
[    1.749016] calling  aes_init+0x0/0xc @ 1
[    1.750078] initcall aes_init+0x0/0xc returned 0 after 0 usecs
[    1.751017] calling  crc32c_mod_init+0x0/0xc @ 1
[    1.752058] initcall crc32c_mod_init+0x0/0xc returned 0 after 0 usecs
[    1.753015] calling  crypto_authenc_module_init+0x0/0xc @ 1
[    1.754018] initcall crypto_authenc_module_init+0x0/0xc returned 0 after 0 usecs
[    1.755017] calling  crypto_authenc_esn_module_init+0x0/0xc @ 1
[    1.756017] initcall crypto_authenc_esn_module_init+0x0/0xc returned 0 after 0 usecs
[    1.757016] calling  drbg_init+0x0/0x7c @ 1
[    1.759194] initcall drbg_init+0x0/0x7c returned 0 after 976 usecs
[    1.760015] calling  ghash_mod_init+0x0/0xc @ 1
[    1.761062] initcall ghash_mod_init+0x0/0xc returned 0 after 0 usecs
[    1.762015] calling  init_bio+0x0/0x9a @ 1
[    1.763214] initcall init_bio+0x0/0x9a returned 0 after 0 usecs
[    1.765015] calling  blk_settings_init+0x0/0x29 @ 1
[    1.766014] initcall blk_settings_init+0x0/0x29 returned 0 after 0 usecs
[    1.767014] calling  blk_ioc_init+0x0/0x29 @ 1
[    1.768019] initcall blk_ioc_init+0x0/0x29 returned 0 after 0 usecs
[    1.769015] calling  blk_mq_init+0x0/0x96 @ 1
[    1.770043] initcall blk_mq_init+0x0/0x96 returned 0 after 0 usecs
[    1.771015] calling  genhd_device_init+0x0/0x75 @ 1
[    1.772079] initcall genhd_device_init+0x0/0x75 returned 0 after 0 usecs
[    1.773077] calling  pci_slot_init+0x0/0x40 @ 1
[    1.774064] initcall pci_slot_init+0x0/0x40 returned 0 after 0 usecs
[    1.775015] calling  fbmem_init+0x0/0xd8 @ 1
[    1.776048] initcall fbmem_init+0x0/0xd8 returned 0 after 0 usecs
[    1.777014] calling  acpi_init+0x0/0x316 @ 1
[    1.778063] ACPI: Added _OSI(Module Device)
[    1.779012] ACPI: Added _OSI(Processor Device)
[    1.780012] ACPI: Added _OSI(3.0 _SCP Extensions)
[    1.781012] ACPI: Added _OSI(Processor Aggregator Device)
[    1.782014] ACPI: Added _OSI(Linux-Dell-Video)
[    1.783011] ACPI: Added _OSI(Linux-Lenovo-NV-HDMI-Audio)
[    1.784011] ACPI: Added _OSI(Linux-HPI-Hybrid-Graphics)
[    1.788345] ACPI: 1 ACPI AML tables successfully acquired and loaded
[    1.792147] ACPI: Interpreter enabled
[    1.793115] ACPI: (supports S0 S3 S4 S5)
[    1.794012] ACPI: Using IOAPIC for interrupt routing
[    1.795060] PCI: Using host bridge windows from ACPI; if necessary, use "pci=nocrs" and report a bug
[    1.796296] ACPI: Enabled 2 GPEs in block 00 to 3F
[    1.801886] ACPI: PCI Root Bridge [PCI0] (domain 0000 [bus 00-ff])
[    1.802035] acpi PNP0A08:00: _OSC: OS supports [ExtendedConfig ASPM ClockPM Segments MSI HPX-Type3]
[    1.803092] acpi PNP0A08:00: _OSC: platform does not support [LTR]
[    1.804078] acpi PNP0A08:00: _OSC: OS now controls [PME PCIeCapability]
[    1.805083] PCI host bridge to bus 0000:00
[    1.806013] pci_bus 0000:00: root bus resource [io  0x0000-0x0cf7 window]
[    1.807013] pci_bus 0000:00: root bus resource [io  0x0d00-0xffff window]
[    1.808013] pci_bus 0000:00: root bus resource [mem 0x000a0000-0x000bffff window]
[    1.809013] pci_bus 0000:00: root bus resource [mem 0x20000000-0xafffffff window]
[    1.810013] pci_bus 0000:00: root bus resource [mem 0xc0000000-0xfebfffff window]
[    1.811013] pci_bus 0000:00: root bus resource [mem 0x100000000-0x8ffffffff window]
[    1.812013] pci_bus 0000:00: root bus resource [bus 00-ff]
[    1.814160] pci 0000:00:00.0: calling  quirk_mmio_always_on+0x0/0x10 @ 1
[    1.815021] pci 0000:00:00.0: quirk_mmio_always_on+0x0/0x10 took 0 usecs
[    1.816013] pci 0000:00:00.0: [8086:29c0] type 00 class 0x060000
[    1.820467] pci 0000:00:00.0: calling  quirk_igfx_skip_te_disable+0x0/0x80 @ 1
[    1.821023] pci 0000:00:00.0: quirk_igfx_skip_te_disable+0x0/0x80 took 0 usecs
[    1.824743] pci 0000:00:01.0: [1234:1111] type 00 class 0x030000
[    1.834008] pci 0000:00:01.0: reg 0x10: [mem 0xfd000000-0xfdffffff pref]
[    1.846008] pci 0000:00:01.0: reg 0x18: [mem 0xfebf0000-0xfebf0fff]
[    1.878008] pci 0000:00:01.0: reg 0x30: [mem 0xfebe0000-0xfebeffff pref]
[    1.888008] pci 0000:00:01.0: calling  efifb_fixup_resources+0x0/0xf0 @ 1
[    1.890019] pci 0000:00:01.0: efifb_fixup_resources+0x0/0xf0 took 976 usecs
[    1.912436] pci 0000:00:1f.0: [8086:2918] type 00 class 0x060100
[    1.919008] pci 0000:00:1f.0: calling  quirk_ich7_lpc+0x0/0x60 @ 1
[    1.921238] pci 0000:00:1f.0: quirk: [io  0x0600-0x067f] claimed by ICH6 ACPI/GPIO/TCO
[    1.923017] pci 0000:00:1f.0: quirk_ich7_lpc+0x0/0x60 took 2929 usecs
[    1.924494] pci 0000:00:1f.0: calling  quirk_igfx_skip_te_disable+0x0/0x80 @ 1
[    1.926056] pci 0000:00:1f.0: quirk_igfx_skip_te_disable+0x0/0x80 took 0 usecs
[    1.929657] pci 0000:00:1f.2: [8086:2922] type 00 class 0x010601
[    1.940057] pci 0000:00:1f.2: reg 0x20: [io  0xc040-0xc05f]
[    1.943015] pci 0000:00:1f.2: reg 0x24: [mem 0xfebf1000-0xfebf1fff]
[    1.945210] pci 0000:00:1f.2: calling  quirk_igfx_skip_te_disable+0x0/0x80 @ 1
[    1.946019] pci 0000:00:1f.2: quirk_igfx_skip_te_disable+0x0/0x80 took 0 usecs
[    1.950717] pci 0000:00:1f.3: [8086:2930] type 00 class 0x0c0500
[    1.956650] pci 0000:00:1f.3: reg 0x20: [io  0x0700-0x073f]
[    1.959747] pci 0000:00:1f.3: calling  quirk_igfx_skip_te_disable+0x0/0x80 @ 1
[    1.960018] pci 0000:00:1f.3: quirk_igfx_skip_te_disable+0x0/0x80 took 0 usecs
[    1.962415] pci_bus 0000:00: on NUMA node 0
[    1.973218] ACPI: PCI Interrupt Link [LNKA] (IRQs 5 *10 11)
[    1.975133] ACPI: PCI Interrupt Link [LNKB] (IRQs 5 *10 11)
[    1.977265] ACPI: PCI Interrupt Link [LNKC] (IRQs 5 10 *11)
[    1.978466] ACPI: PCI Interrupt Link [LNKD] (IRQs 5 10 *11)
[    1.979520] ACPI: PCI Interrupt Link [LNKE] (IRQs 5 *10 11)
[    1.981416] ACPI: PCI Interrupt Link [LNKF] (IRQs 5 *10 11)
[    1.983478] ACPI: PCI Interrupt Link [LNKG] (IRQs 5 10 *11)
[    1.985455] ACPI: PCI Interrupt Link [LNKH] (IRQs 5 10 *11)
[    1.987023] ACPI: PCI Interrupt Link [GSIA] (IRQs *16)
[    1.988045] ACPI: PCI Interrupt Link [GSIB] (IRQs *17)
[    1.990022] ACPI: PCI Interrupt Link [GSIC] (IRQs *18)
[    1.991261] ACPI: PCI Interrupt Link [GSID] (IRQs *19)
[    1.992024] ACPI: PCI Interrupt Link [GSIE] (IRQs *20)
[    1.994019] ACPI: PCI Interrupt Link [GSIF] (IRQs *21)
[    1.995025] ACPI: PCI Interrupt Link [GSIG] (IRQs *22)
[    1.997030] ACPI: PCI Interrupt Link [GSIH] (IRQs *23)
[    2.009008] initcall acpi_init+0x0/0x316 returned 0 after 224609 usecs
[    2.011351] calling  pnp_init+0x0/0xc @ 1
[    2.013034] initcall pnp_init+0x0/0xc returned 0 after 976 usecs
[    2.014016] calling  misc_init+0x0/0xbf @ 1
[    2.016140] initcall misc_init+0x0/0xbf returned 0 after 976 usecs
[    2.017016] calling  iommu_subsys_init+0x0/0x4e @ 1
[    2.019142] iommu: Default domain type: Translated 
[    2.020015] initcall iommu_subsys_init+0x0/0x4e returned 0 after 1953 usecs
[    2.021020] calling  vga_arb_device_init+0x0/0x26c @ 1
[    2.024467] pci 0000:00:01.0: vgaarb: setting as boot VGA device
[    2.025008] pci 0000:00:01.0: vgaarb: VGA device added: decodes=io+mem,owns=io+mem,locks=none
[    2.025014] pci 0000:00:01.0: vgaarb: bridge control possible
[    2.026011] vgaarb: loaded
[    2.027017] initcall vga_arb_device_init+0x0/0x26c returned 0 after 4882 usecs
[    2.028806] calling  cn_init+0x0/0xf0 @ 1
[    2.032365] initcall cn_init+0x0/0xf0 returned 0 after 1953 usecs
[    2.033017] calling  dma_buf_init+0x0/0xad @ 1
[    2.035451] initcall dma_buf_init+0x0/0xad returned 0 after 976 usecs
[    2.036015] calling  init_scsi+0x0/0x79 @ 1
[    2.038148] SCSI subsystem initialized
[    2.039090] initcall init_scsi+0x0/0x79 returned 0 after 1953 usecs
[    2.040054] calling  ata_init+0x0/0x332 @ 1
[    2.045356] libata version 3.00 loaded.
[    2.046016] initcall ata_init+0x0/0x332 returned 0 after 4882 usecs
[    2.047015] calling  phy_init+0x0/0x250 @ 1
[    2.049448] initcall phy_init+0x0/0x250 returned 0 after 976 usecs
[    2.050015] calling  init_pcmcia_cs+0x0/0x35 @ 1
[    2.051131] initcall init_pcmcia_cs+0x0/0x35 returned 0 after 0 usecs
[    2.052015] calling  usb_common_init+0x0/0x1c @ 1
[    2.053022] initcall usb_common_init+0x0/0x1c returned 0 after 0 usecs
[    2.054013] calling  usb_init+0x0/0x12e @ 1
[    2.055067] ACPI: bus type USB registered
[    2.056259] usbcore: registered new interface driver usbfs
[    2.058022] usbcore: registered new interface driver hub
[    2.059036] usbcore: registered new device driver usb
[    2.060015] initcall usb_init+0x0/0x12e returned 0 after 4882 usecs
[    2.061014] calling  serio_init+0x0/0x29 @ 1
[    2.062053] initcall serio_init+0x0/0x29 returned 0 after 0 usecs
[    2.063013] calling  input_init+0x0/0xf6 @ 1
[    2.064077] initcall input_init+0x0/0xf6 returned 0 after 0 usecs
[    2.065012] calling  rtc_init+0x0/0x4d @ 1
[    2.066023] initcall rtc_init+0x0/0x4d returned 0 after 0 usecs
[    2.067015] calling  pps_init+0x0/0xa9 @ 1
[    2.068035] pps_core: LinuxPPS API ver. 1 registered
[    2.069011] pps_core: Software ver. 5.3.6 - Copyright 2005-2007 Rodolfo Giometti <giometti@linux.it>
[    2.070016] initcall pps_init+0x0/0xa9 returned 0 after 1953 usecs
[    2.071014] calling  ptp_init+0x0/0x98 @ 1
[    2.072021] PTP clock support registered
[    2.073013] initcall ptp_init+0x0/0x98 returned 0 after 976 usecs
[    2.074014] calling  power_supply_class_init+0x0/0x3f @ 1
[    2.075123] initcall power_supply_class_init+0x0/0x3f returned 0 after 0 usecs
[    2.076014] calling  hwmon_init+0x0/0x104 @ 1
[    2.077041] initcall hwmon_init+0x0/0x104 returned 0 after 0 usecs
[    2.078014] calling  md_init+0x0/0x16b @ 1
[    2.084508] initcall md_init+0x0/0x16b returned 0 after 4882 usecs
[    2.085018] calling  leds_init+0x0/0x3b @ 1
[    2.087029] initcall leds_init+0x0/0x3b returned 0 after 976 usecs
[    2.088016] calling  dmi_init+0x0/0x113 @ 1
[    2.090605] initcall dmi_init+0x0/0x113 returned 0 after 976 usecs
[    2.091015] calling  efisubsys_init+0x0/0x4e6 @ 1
[    2.092089] initcall efisubsys_init+0x0/0x4e6 returned 0 after 0 usecs
[    2.093015] calling  nvmem_init+0x0/0xc @ 1
[    2.094215] initcall nvmem_init+0x0/0xc returned 0 after 0 usecs
[    2.095015] calling  init_soundcore+0x0/0x33 @ 1
[    2.096026] initcall init_soundcore+0x0/0x33 returned 0 after 0 usecs
[    2.097015] calling  alsa_sound_init+0x0/0x8f @ 1
[    2.099491] Advanced Linux Sound Architecture Driver Initialized.
[    2.100015] initcall alsa_sound_init+0x0/0x8f returned 0 after 1953 usecs
[    2.101133] calling  alsa_seq_device_init+0x0/0x71 @ 1
[    2.103375] initcall alsa_seq_device_init+0x0/0x71 returned 0 after 976 usecs
[    2.104015] calling  hda_bus_init+0x0/0xc @ 1
[    2.106195] initcall hda_bus_init+0x0/0xc returned 0 after 976 usecs
[    2.108014] calling  proto_init+0x0/0xc @ 1
[    2.110019] initcall proto_init+0x0/0xc returned 0 after 976 usecs
[    2.111016] calling  net_dev_init+0x0/0x1cc @ 1
[    2.126015] initcall net_dev_init+0x0/0x1cc returned 0 after 13671 usecs
[    2.127017] calling  neigh_init+0x0/0x84 @ 1
[    2.128018] initcall neigh_init+0x0/0x84 returned 0 after 0 usecs
[    2.129017] calling  fib_notifier_init+0x0/0xc @ 1
[    2.130261] initcall fib_notifier_init+0x0/0xc returned 0 after 0 usecs
[    2.131017] calling  fib_rules_init+0x0/0xab @ 1
[    2.133915] initcall fib_rules_init+0x0/0xab returned 0 after 976 usecs
[    2.134051] calling  pktsched_init+0x0/0x10e @ 1
[    2.138378] initcall pktsched_init+0x0/0x10e returned 0 after 1953 usecs
[    2.139126] calling  tc_filter_init+0x0/0xfa @ 1
[    2.140232] initcall tc_filter_init+0x0/0xfa returned 0 after 0 usecs
[    2.141016] calling  tc_action_init+0x0/0x54 @ 1
[    2.142016] initcall tc_action_init+0x0/0x54 returned 0 after 0 usecs
[    2.143016] calling  ethnl_init+0x0/0x52 @ 1
[    2.146041] initcall ethnl_init+0x0/0x52 returned 0 after 1953 usecs
[    2.147017] calling  nexthop_init+0x0/0xd8 @ 1
[    2.148206] initcall nexthop_init+0x0/0xd8 returned 0 after 0 usecs
[    2.149018] calling  cipso_v4_init+0x0/0x5a @ 1
[    2.150330] initcall cipso_v4_init+0x0/0x5a returned 0 after 0 usecs
[    2.151018] calling  ieee80211_init+0x0/0x24 @ 1
[    2.153283] initcall ieee80211_init+0x0/0x24 returned 0 after 976 usecs
[    2.154017] calling  netlbl_init+0x0/0x78 @ 1
[    2.155012] NetLabel: Initializing
[    2.156011] NetLabel:  domain hash size = 128
[    2.157011] NetLabel:  protocols = UNLABELED CIPSOv4 CALIPSO
[    2.160010] NetLabel:  unlabeled traffic allowed by default
[    2.161017] initcall netlbl_init+0x0/0x78 returned 0 after 5859 usecs
[    2.162018] calling  rfkill_init+0x0/0x111 @ 1
[    2.164191] initcall rfkill_init+0x0/0x111 returned 0 after 976 usecs
[    2.165017] calling  pci_subsys_init+0x0/0x66 @ 1
[    2.166057] PCI: Using ACPI for IRQ routing
[    2.922857] PCI: pci_cache_line_size set to 64 bytes
[    2.924013] e820: reserve RAM buffer [mem 0x0009fc00-0x0009ffff]
[    2.925034] e820: reserve RAM buffer [mem 0x1ffdf000-0x1fffffff]
[    2.926073] initcall pci_subsys_init+0x0/0x66 returned 0 after 742187 usecs
[    2.928266] calling  nmi_warning_debugfs+0x0/0x26 @ 1
[    2.929097] initcall nmi_warning_debugfs+0x0/0x26 returned 0 after 0 usecs
[    2.930020] calling  save_microcode_in_initrd+0x0/0x51 @ 1
[    2.931314] initcall save_microcode_in_initrd+0x0/0x51 returned 0 after 0 usecs
[    2.932042] calling  hpet_late_init+0x0/0x1f6 @ 1
[    2.934521] hpet: 3 channels of 0 reserved for per-cpu timers
[    2.936121] hpet0: at MMIO 0xfed00000, IRQs 2, 8, 0
[    2.937012] hpet0: 3 comparators, 64-bit 100.000000 MHz counter
[    2.940017] initcall hpet_late_init+0x0/0x1f6 returned 0 after 6835 usecs
[    2.941017] calling  init_amd_nbs+0x0/0x11c @ 1
[    2.942032] initcall init_amd_nbs+0x0/0x11c returned 0 after 0 usecs
[    2.943014] calling  clocksource_done_booting+0x0/0x41 @ 1
[    2.944063] clocksource: Switched to clocksource kvm-clock
[    2.950816] initcall clocksource_done_booting+0x0/0x41 returned 0 after 6643 usecs
[    2.959716] calling  tracer_init_tracefs+0x0/0x1fb @ 1
[    3.166247] initcall tracer_init_tracefs+0x0/0x1fb returned 0 after 195716 usecs
[    3.176839] calling  init_trace_printk_function_export+0x0/0x2c @ 1
[    3.185806] initcall init_trace_printk_function_export+0x0/0x2c returned 0 after 10 usecs
[    3.197439] calling  init_kprobe_trace+0x0/0x1a9 @ 1
[    3.204342] initcall init_kprobe_trace+0x0/0x1a9 returned 0 after 8 usecs
[    3.212219] calling  init_dynamic_event+0x0/0x3d @ 1
[    3.218127] initcall init_dynamic_event+0x0/0x3d returned 0 after 50 usecs
[    3.226007] calling  init_uprobe_trace+0x0/0x5c @ 1
[    3.232315] initcall init_uprobe_trace+0x0/0x5c returned 0 after 59 usecs
[    3.242034] calling  init_pipe_fs+0x0/0x44 @ 1
[    3.248569] initcall init_pipe_fs+0x0/0x44 returned 0 after 84 usecs
[    3.257643] calling  inotify_user_setup+0x0/0x47 @ 1
[    3.263743] initcall inotify_user_setup+0x0/0x47 returned 0 after 38 usecs
[    3.271542] calling  eventpoll_init+0x0/0xcc @ 1
[    3.276986] initcall eventpoll_init+0x0/0xcc returned 0 after 75 usecs
[    3.284590] calling  anon_inode_init+0x0/0x58 @ 1
[    3.290166] initcall anon_inode_init+0x0/0x58 returned 0 after 76 usecs
[    3.297669] calling  proc_locks_init+0x0/0x27 @ 1
[    3.303195] initcall proc_locks_init+0x0/0x27 returned 0 after 4 usecs
[    3.310591] calling  iomap_init+0x0/0x1b @ 1
[    3.315947] initcall iomap_init+0x0/0x1b returned 0 after 497 usecs
[    3.323071] calling  dquot_init+0x0/0xd7 @ 1
[    3.327948] VFS: Disk quotas dquot_6.6.0
[    3.332545] VFS: Dquot-cache hash table entries: 512 (order 0, 4096 bytes)
[    3.340399] initcall dquot_init+0x0/0xd7 returned 0 after 12156 usecs
[    3.347684] calling  quota_init+0x0/0x23 @ 1
[    3.352530] initcall quota_init+0x0/0x23 returned 0 after 11 usecs
[    3.359503] calling  proc_cmdline_init+0x0/0x21 @ 1
[    3.365112] initcall proc_cmdline_init+0x0/0x21 returned 0 after 32 usecs
[    3.372661] calling  proc_consoles_init+0x0/0x24 @ 1
[    3.378478] initcall proc_consoles_init+0x0/0x24 returned 0 after 28 usecs
[    3.386204] calling  proc_cpuinfo_init+0x0/0x1e @ 1
[    3.392694] initcall proc_cpuinfo_init+0x0/0x1e returned 0 after 2 usecs
[    3.401616] calling  proc_devices_init+0x0/0x24 @ 1
[    3.407198] initcall proc_devices_init+0x0/0x24 returned 0 after 2 usecs
[    3.415546] calling  proc_interrupts_init+0x0/0x24 @ 1
[    3.422998] initcall proc_interrupts_init+0x0/0x24 returned 0 after 3 usecs
[    3.433043] calling  proc_loadavg_init+0x0/0x21 @ 1
[    3.440128] initcall proc_loadavg_init+0x0/0x21 returned 0 after 85 usecs
[    3.448141] calling  proc_meminfo_init+0x0/0x21 @ 1
[    3.453699] initcall proc_meminfo_init+0x0/0x21 returned 0 after 2 usecs
[    3.461353] calling  proc_stat_init+0x0/0x1e @ 1
[    3.466611] initcall proc_stat_init+0x0/0x1e returned 0 after 8 usecs
[    3.473767] calling  proc_uptime_init+0x0/0x21 @ 1
[    3.479408] initcall proc_uptime_init+0x0/0x21 returned 0 after 3 usecs
[    3.486929] calling  proc_version_init+0x0/0x21 @ 1
[    3.492497] initcall proc_version_init+0x0/0x21 returned 0 after 2 usecs
[    3.501483] calling  proc_softirqs_init+0x0/0x21 @ 1
[    3.507143] initcall proc_softirqs_init+0x0/0x21 returned 0 after 3 usecs
[    3.514792] calling  proc_kcore_init+0x0/0xea @ 1
[    3.520117] initcall proc_kcore_init+0x0/0xea returned 0 after 41 usecs
[    3.528111] calling  vmcore_init+0x0/0x578 @ 1
[    3.533806] initcall vmcore_init+0x0/0x578 returned 0 after 0 usecs
[    3.542369] calling  proc_kmsg_init+0x0/0x21 @ 1
[    3.548726] initcall proc_kmsg_init+0x0/0x21 returned 0 after 4 usecs
[    3.557249] calling  proc_page_init+0x0/0x3b @ 1
[    3.562694] initcall proc_page_init+0x0/0x3b returned 0 after 4 usecs
[    3.569892] calling  init_ramfs_fs+0x0/0xc @ 1
[    3.574988] initcall init_ramfs_fs+0x0/0xc returned 0 after 16 usecs
[    3.582096] calling  init_hugetlbfs_fs+0x0/0xf6 @ 1
[    3.587706] initcall init_hugetlbfs_fs+0x0/0xf6 returned 0 after 123 usecs
[    3.599627] calling  blk_scsi_ioctl_init+0x0/0x2a5 @ 1
[    3.605471] initcall blk_scsi_ioctl_init+0x0/0x2a5 returned 0 after 51 usecs
[    3.613233] calling  acpi_event_init+0x0/0x2c @ 1
[    3.619678] initcall acpi_event_init+0x0/0x2c returned 0 after 1096 usecs
[    3.627281] calling  pnp_system_init+0x0/0xc @ 1
[    3.633024] initcall pnp_system_init+0x0/0xc returned 0 after 552 usecs
[    3.640352] calling  pnpacpi_init+0x0/0x69 @ 1
[    3.645331] pnp: PnP ACPI init
[    3.649989] pnp 00:00: Plug and Play ACPI device, IDs PNP0303 (active)
[    3.660048] pnp 00:01: Plug and Play ACPI device, IDs PNP0f13 (active)
[    3.667293] pnp 00:02: Plug and Play ACPI device, IDs PNP0400 (active)
[    3.674890] pnp 00:03: Plug and Play ACPI device, IDs PNP0501 (active)
[    3.683447] pnp 00:04: Plug and Play ACPI device, IDs PNP0b00 (active)
[    3.690983] system 00:05: [mem 0xb0000000-0xbfffffff window] has been reserved
[    3.699549] system 00:05: Plug and Play ACPI device, IDs PNP0c01 (active)
[    3.709886] pnp: PnP ACPI: found 6 devices
[    3.714698] initcall pnpacpi_init+0x0/0x69 returned 0 after 67768 usecs
[    3.722308] calling  chr_dev_init+0x0/0x14d @ 1
[    3.736337] initcall chr_dev_init+0x0/0x14d returned 0 after 8317 usecs
[    3.744777] calling  firmware_class_init+0x0/0xde @ 1
[    3.751229] initcall firmware_class_init+0x0/0xde returned 0 after 84 usecs
[    3.760112] calling  init_pcmcia_bus+0x0/0x5b @ 1
[    3.768084] initcall init_pcmcia_bus+0x0/0x5b returned 0 after 288 usecs
[    3.778256] calling  init_acpi_pm_clocksource+0x0/0xda @ 1
[    3.792221] clocksource: acpi_pm: mask: 0xffffff max_cycles: 0xffffff, max_idle_ns: 2085701024 ns
[    3.802553] initcall init_acpi_pm_clocksource+0x0/0xda returned 0 after 15748 usecs
[    3.811375] calling  sysctl_core_init+0x0/0x26 @ 1
[    3.817239] initcall sysctl_core_init+0x0/0x26 returned 0 after 224 usecs
[    3.825317] calling  eth_offload_init+0x0/0x13 @ 1
[    3.831242] initcall eth_offload_init+0x0/0x13 returned 0 after 201 usecs
[    3.841402] calling  ipv4_offload_init+0x0/0x73 @ 1
[    3.848559] initcall ipv4_offload_init+0x0/0x73 returned 0 after 66 usecs
[    3.858348] calling  inet_init+0x0/0x276 @ 1
[    3.864420] NET: Registered protocol family 2
[    3.870185] IP idents hash table entries: 8192 (order: 4, 65536 bytes, linear)
[    3.881827] tcp_listen_portaddr_hash hash table entries: 256 (order: 0, 4096 bytes, linear)
[    3.892127] TCP established hash table entries: 4096 (order: 3, 32768 bytes, linear)
[    3.901578] TCP bind hash table entries: 4096 (order: 3, 32768 bytes, linear)
[    3.910440] TCP: Hash tables configured (established 4096 bind 4096)
[    3.918556] UDP hash table entries: 256 (order: 1, 8192 bytes, linear)
[    3.926110] UDP-Lite hash table entries: 256 (order: 1, 8192 bytes, linear)
[    3.934313] initcall inet_init+0x0/0x276 returned 0 after 68553 usecs
[    3.941773] calling  af_unix_init+0x0/0x4d @ 1
[    3.947144] NET: Registered protocol family 1
[    3.952295] initcall af_unix_init+0x0/0x4d returned 0 after 5047 usecs
[    3.959865] calling  ipv6_offload_init+0x0/0x7e @ 1
[    3.965682] initcall ipv6_offload_init+0x0/0x7e returned 0 after 101 usecs
[    3.973779] calling  init_sunrpc+0x0/0x65 @ 1
[    3.981138] RPC: Registered named UNIX socket transport module.
[    3.988022] RPC: Registered udp transport module.
[    3.993451] RPC: Registered tcp transport module.
[    3.999093] RPC: Registered tcp NFSv4.1 backchannel transport module.
[    4.006352] initcall init_sunrpc+0x0/0x65 returned 0 after 26658 usecs
[    4.013872] calling  cfg80211_init+0x0/0xc5 @ 1
[    4.020690] initcall cfg80211_init+0x0/0xc5 returned 0 after 976 usecs
[    4.030245] calling  pcibios_assign_resources+0x0/0xb4 @ 1
[    4.038600] pci_bus 0000:00: resource 4 [io  0x0000-0x0cf7 window]
[    4.047455] pci_bus 0000:00: resource 5 [io  0x0d00-0xffff window]
[    4.056990] pci_bus 0000:00: resource 6 [mem 0x000a0000-0x000bffff window]
[    4.066901] pci_bus 0000:00: resource 7 [mem 0x20000000-0xafffffff window]
[    4.076562] pci_bus 0000:00: resource 8 [mem 0xc0000000-0xfebfffff window]
[    4.086063] pci_bus 0000:00: resource 9 [mem 0x100000000-0x8ffffffff window]
[    4.094113] initcall pcibios_assign_resources+0x0/0xb4 returned 0 after 54504 usecs
[    4.102737] calling  pci_apply_final_quirks+0x0/0x124 @ 1
[    4.109128] pci 0000:00:01.0: calling  pci_fixup_video+0x0/0xe0 @ 1
[    4.116572] pci 0000:00:01.0: Video device with shadowed ROM at [mem 0x000c0000-0x000dffff]
[    4.125861] pci 0000:00:01.0: pci_fixup_video+0x0/0xe0 took 9415 usecs
[    4.133532] PCI: CLS 0 bytes, default 64
[    4.137992] initcall pci_apply_final_quirks+0x0/0x124 returned 0 after 28484 usecs
[    4.146451] calling  acpi_reserve_resources+0x0/0xea @ 1
[    4.152444] initcall acpi_reserve_resources+0x0/0xea returned 0 after 27 usecs
[    4.160586] calling  populate_rootfs+0x0/0x102 @ 1
[    4.167592] initcall populate_rootfs+0x0/0x102 returned 0 after 860 usecs
[    4.175977] calling  pci_iommu_init+0x0/0x3e @ 1
[    4.182009] initcall pci_iommu_init+0x0/0x3e returned 0 after 105 usecs
[    4.190536] calling  ia32_binfmt_init+0x0/0x13 @ 1
[    4.195941] initcall ia32_binfmt_init+0x0/0x13 returned 0 after 29 usecs
[    4.203376] calling  rapl_pmu_init+0x0/0x25f @ 1
[    4.208650] initcall rapl_pmu_init+0x0/0x25f returned -19 after 46 usecs
[    4.216211] calling  amd_uncore_init+0x0/0x310 @ 1
[    4.221648] initcall amd_uncore_init+0x0/0x310 returned -19 after 0 usecs
[    4.230719] calling  amd_ibs_init+0x0/0x24b @ 1
[    4.237179] initcall amd_ibs_init+0x0/0x24b returned -19 after 0 usecs
[    4.246302] calling  amd_iommu_pc_init+0x0/0x20c @ 1
[    4.253436] initcall amd_iommu_pc_init+0x0/0x20c returned -19 after 48 usecs
[    4.263074] calling  msr_init+0x0/0x55 @ 1
[    4.268021] initcall msr_init+0x0/0x55 returned 0 after 107 usecs
[    4.275094] calling  intel_uncore_init+0x0/0x31e @ 1
[    4.280852] initcall intel_uncore_init+0x0/0x31e returned -19 after 30 usecs
[    4.288893] calling  cstate_pmu_init+0x0/0x181 @ 1
[    4.294517] initcall cstate_pmu_init+0x0/0x181 returned -19 after 0 usecs
[    4.302325] calling  register_kernel_offset_dumper+0x0/0x1a @ 1
[    4.309125] initcall register_kernel_offset_dumper+0x0/0x1a returned 0 after 27 usecs
[    4.322830] calling  i8259A_init_ops+0x0/0x20 @ 1
[    4.329543] initcall i8259A_init_ops+0x0/0x20 returned 0 after 1 usecs
[    4.338891] calling  init_tsc_clocksource+0x0/0xa4 @ 1
[    4.345657] clocksource: tsc: mask: 0xffffffffffffffff max_cycles: 0x39a85afc727, max_idle_ns: 881590685098 ns
[    4.359272] initcall init_tsc_clocksource+0x0/0xa4 returned 0 after 13321 usecs
[    4.367810] calling  add_rtc_cmos+0x0/0xb0 @ 1
[    4.373114] initcall add_rtc_cmos+0x0/0xb0 returned 0 after 2 usecs
[    4.380762] calling  i8237A_init_ops+0x0/0x3a @ 1
[    4.386425] initcall i8237A_init_ops+0x0/0x3a returned 0 after 108 usecs
[    4.394183] calling  umwait_init+0x0/0x94 @ 1
[    4.400636] initcall umwait_init+0x0/0x94 returned -19 after 27 usecs
[    4.408140] calling  thermal_throttle_init_device+0x0/0x3d @ 1
[    4.414774] initcall thermal_throttle_init_device+0x0/0x3d returned 0 after 27 usecs
[    4.423385] calling  msr_init+0x0/0xd7 @ 1
[    4.428228] initcall msr_init+0x0/0xd7 returned 0 after 156 usecs
[    4.435078] calling  cpuid_init+0x0/0xd7 @ 1
[    4.440062] initcall cpuid_init+0x0/0xd7 returned 0 after 108 usecs
[    4.447157] calling  ioapic_init_ops+0x0/0x13 @ 1
[    4.452604] initcall ioapic_init_ops+0x0/0x13 returned 0 after 29 usecs
[    4.460060] calling  add_pcspkr+0x0/0x6c @ 1
[    4.464972] initcall add_pcspkr+0x0/0x6c returned 0 after 48 usecs
[    4.472106] calling  start_periodic_check_for_corruption+0x0/0x30 @ 1
[    4.480911] check: Scanning for low memory corruption every 60 seconds
[    4.488222] initcall start_periodic_check_for_corruption+0x0/0x30 returned 0 after 7166 usecs
[    4.498443] calling  sysfb_init+0x0/0x9c @ 1
[    4.503409] initcall sysfb_init+0x0/0x9c returned 0 after 104 usecs
[    4.511129] calling  audit_classes_init+0x0/0xae @ 1
[    4.517711] initcall audit_classes_init+0x0/0xae returned 0 after 70 usecs
[    4.527650] calling  iosf_mbi_init+0x0/0x24 @ 1
[    4.534351] initcall iosf_mbi_init+0x0/0x24 returned 0 after 154 usecs
[    4.543634] calling  proc_execdomains_init+0x0/0x21 @ 1
[    4.549683] initcall proc_execdomains_init+0x0/0x21 returned 0 after 28 usecs
[    4.557839] calling  register_warn_debugfs+0x0/0x23 @ 1
[    4.563867] initcall register_warn_debugfs+0x0/0x23 returned 0 after 21 usecs
[    4.571874] calling  ioresources_init+0x0/0x49 @ 1
[    4.577406] initcall ioresources_init+0x0/0x49 returned 0 after 5 usecs
[    4.586178] calling  snapshot_device_init+0x0/0xc @ 1
[    4.594373] initcall snapshot_device_init+0x0/0xc returned 0 after 896 usecs
[    4.602427] calling  irq_pm_init_ops+0x0/0x13 @ 1
[    4.607888] initcall irq_pm_init_ops+0x0/0x13 returned 0 after 42 usecs
[    4.615427] calling  rcu_torture_init+0x0/0x89f @ 1
[    4.621200] srcu-torture:--- Start of test: nreaders=1 nfakewriters=4 stat_interval=15 verbose=1 test_no_idle_hz=1 shuffle_interval=3 stutter=5 irqreader=1 fqs_duration=0 fqs_holdoff=0 fqs_stutter=3 test_boost=1/0 test_boost_interval=7 test_boost_duration=4 shutdown_secs=1800 stall_cpu=0 stall_cpu_holdoff=10 stall_cpu_irqsoff=0 stall_cpu_block=0 n_barrier_cbs=4 onoff_interval=0 onoff_holdoff=0 read_exit_delay=13 read_exit_burst=16
[    4.663776] srcu:  Start-test grace-period state: g0 f0x0
[    4.670036] srcu-torture: Creating rcu_torture_writer task
[    4.676432] srcu-torture: Creating rcu_torture_fakewriter task
[    4.683564] srcu-torture: rcu_torture_writer task started
[    4.690109] srcu-torture: GP expediting controlled from boot/sysfs for srcu.
[    4.698204] rcu_torture_writer: Testing expedited GPs.
[    4.704208] rcu_torture_writer: Testing asynchronous GPs.
[    4.710424] rcu_torture_writer: Testing normal GPs.
[    4.716136] srcu-torture: Creating rcu_torture_fakewriter task
[    4.722988] srcu-torture: rcu_torture_fakewriter task started
[    4.729635] srcu-torture: Creating rcu_torture_fakewriter task
[    4.736493] srcu-torture: rcu_torture_fakewriter task started
[    4.744155] srcu-torture: Creating rcu_torture_fakewriter task
[    4.750819] srcu-torture: rcu_torture_fakewriter task started
[    4.758229] srcu-torture: Creating rcu_torture_reader task
[    4.764572] srcu-torture: rcu_torture_fakewriter task started
[    4.772207] srcu-torture: Creating rcu_torture_stats task
[    4.778461] srcu-torture: rcu_torture_reader task started
[    4.787101] srcu-torture: Creating torture_shuffle task
[    4.793071] srcu-torture: rcu_torture_stats task started
[    4.800212] srcu-torture: Creating torture_stutter task
[    4.807096] srcu-torture: torture_shuffle task started
[    4.815355] srcu-torture: Creating torture_shutdown task
[    4.821796] srcu-torture: torture_stutter task started
[    4.828185] srcu-torture: rcu_torture_fwd_prog_init: Disabled, unsupported by RCU flavor under test
[    4.838219] srcu-torture: Creating rcu_torture_barrier_cbs task
[    4.845119] srcu-torture: torture_shutdown task started
[    4.851136] srcu-torture:torture_shutdown task: 1799964 ms remaining
[    4.858298] srcu-torture: Creating rcu_torture_barrier_cbs task
[    4.865022] srcu-torture: rcu_torture_barrier_cbs task started
[    4.871811] srcu-torture: Creating rcu_torture_barrier_cbs task
[    4.878589] srcu-torture: rcu_torture_barrier_cbs task started
[    4.885216] srcu-torture: Creating rcu_torture_barrier_cbs task
[    4.892016] srcu-torture: rcu_torture_barrier_cbs task started
[    4.898994] srcu-torture: Creating rcu_torture_barrier task
[    4.905458] srcu-torture: rcu_torture_barrier_cbs task started
[    4.912205] srcu-torture: Creating rcu_torture_read_exit task
[    4.918915] srcu-torture: rcu_torture_barrier task starting
[    4.926241] initcall rcu_torture_init+0x0/0x89f returned 0 after 297966 usecs
[    4.934536] calling  timekeeping_init_ops+0x0/0x13 @ 1
[    4.940639] initcall timekeeping_init_ops+0x0/0x13 returned 0 after 18 usecs
[    4.949009] calling  init_clocksource_sysfs+0x0/0x23 @ 1
[    4.955211] initcall init_clocksource_sysfs+0x0/0x23 returned 0 after 45 usecs
[    4.964120] calling  init_timer_list_procfs+0x0/0x31 @ 1
[    4.970344] initcall init_timer_list_procfs+0x0/0x31 returned 0 after 4 usecs
[    4.978682] calling  alarmtimer_init+0x0/0xb5 @ 1
[    4.984227] initcall alarmtimer_init+0x0/0xb5 returned 0 after 55 usecs
[    4.991855] calling  init_posix_timers+0x0/0x29 @ 1
[    4.997515] initcall init_posix_timers+0x0/0x29 returned 0 after 9 usecs
[    5.005309] calling  clockevents_init_sysfs+0x0/0x8b @ 1
[    5.011624] initcall clockevents_init_sysfs+0x0/0x8b returned 0 after 67 usecs
[    5.020949] calling  proc_dma_init+0x0/0x21 @ 1
[    5.026891] initcall proc_dma_init+0x0/0x21 returned 0 after 9 usecs
[    5.034401] calling  proc_modules_init+0x0/0x1e @ 1
[    5.040148] initcall proc_modules_init+0x0/0x1e returned 0 after 3 usecs
[    5.048534] calling  kallsyms_init+0x0/0x21 @ 1
[    5.053934] initcall kallsyms_init+0x0/0x21 returned 0 after 3 usecs
[    5.062203] calling  pid_namespaces_init+0x0/0x2c @ 1
[    5.069541] initcall pid_namespaces_init+0x0/0x2c returned 0 after 27 usecs
[    5.079658] calling  audit_watch_init+0x0/0x37 @ 1
[    5.086603] initcall audit_watch_init+0x0/0x37 returned 0 after 18 usecs
[    5.095129] calling  audit_fsnotify_init+0x0/0x37 @ 1
[    5.100971] initcall audit_fsnotify_init+0x0/0x37 returned 0 after 1 usecs
[    5.108922] calling  audit_tree_init+0x0/0x6d @ 1
[    5.114495] initcall audit_tree_init+0x0/0x6d returned 0 after 4 usecs
[    5.122003] calling  seccomp_sysctl_init+0x0/0x2b @ 1
[    5.127941] initcall seccomp_sysctl_init+0x0/0x2b returned 0 after 34 usecs
[    5.136135] calling  utsname_sysctl_init+0x0/0x13 @ 1
[    5.142017] initcall utsname_sysctl_init+0x0/0x13 returned 0 after 7 usecs
[    5.150042] calling  init_tracepoints+0x0/0x27 @ 1
[    5.155789] initcall init_tracepoints+0x0/0x27 returned 0 after 47 usecs
[    5.163661] calling  init_blk_tracer+0x0/0x50 @ 1
[    5.169585] initcall init_blk_tracer+0x0/0x50 returned 0 after 356 usecs
[    5.177341] calling  perf_event_sysfs_init+0x0/0x81 @ 1
[    5.183655] initcall perf_event_sysfs_init+0x0/0x81 returned 0 after 145 usecs
[    5.192093] calling  system_trusted_keyring_init+0x0/0x5f @ 1
[    5.198774] Initialise system trusted keyrings
[    5.204144] initcall system_trusted_keyring_init+0x0/0x5f returned 0 after 5241 usecs
[    5.213179] calling  kswapd_init+0x0/0x13 @ 1
[    5.218272] srcu-torture: rcu_torture_read_exit: Start of test
[    5.225321] initcall kswapd_init+0x0/0x13 returned 0 after 6911 usecs
[    5.233030] calling  extfrag_debug_init+0x0/0x54 @ 1
[    5.238964] initcall extfrag_debug_init+0x0/0x54 returned 0 after 10 usecs
[    5.246943] calling  slab_proc_init+0x0/0x21 @ 1
[    5.252399] initcall slab_proc_init+0x0/0x21 returned 0 after 21 usecs
[    5.259996] calling  workingset_init+0x0/0x8c @ 1
[    5.265503] workingset: timestamp_bits=62 max_order=17 bucket_order=0
[    5.273003] initcall workingset_init+0x0/0x8c returned 0 after 7334 usecs
[    5.281167] calling  proc_vmalloc_init+0x0/0x27 @ 1
[    5.286950] initcall proc_vmalloc_init+0x0/0x27 returned 0 after 3 usecs
[    5.294740] calling  procswaps_init+0x0/0x1e @ 1
[    5.300191] initcall procswaps_init+0x0/0x1e returned 0 after 26 usecs
[    5.307827] calling  slab_sysfs_init+0x0/0xea @ 1
[    5.315603] initcall slab_sysfs_init+0x0/0xea returned 0 after 2224 usecs
[    5.323517] calling  fcntl_init+0x0/0x29 @ 1
[    5.328574] initcall fcntl_init+0x0/0x29 returned 0 after 7 usecs
[    5.335780] calling  proc_filesystems_init+0x0/0x21 @ 1
[    5.342075] initcall proc_filesystems_init+0x0/0x21 returned 0 after 4 usecs
[    5.350234] calling  start_dirtytime_writeback+0x0/0x29 @ 1
[    5.356845] initcall start_dirtytime_writeback+0x0/0x29 returned 0 after 1 usecs
[    5.365499] calling  blkdev_init+0x0/0x1b @ 1
[    5.370747] initcall blkdev_init+0x0/0x1b returned 0 after 92 usecs
[    5.378013] calling  dio_init+0x0/0x2c @ 1
[    5.382892] initcall dio_init+0x0/0x2c returned 0 after 41 usecs
[    5.390446] calling  dnotify_init+0x0/0x78 @ 1
[    5.397053] initcall dnotify_init+0x0/0x78 returned 0 after 12 usecs
[    5.406297] calling  aio_setup+0x0/0x78 @ 1
[    5.412635] initcall aio_setup+0x0/0x78 returned 0 after 112 usecs
[    5.421491] calling  io_uring_init+0x0/0x2c @ 1
[    5.427009] initcall io_uring_init+0x0/0x2c returned 0 after 6 usecs
[    5.436503] calling  mbcache_init+0x0/0x30 @ 1
[    5.441829] initcall mbcache_init+0x0/0x30 returned 0 after 42 usecs
[    5.449587] calling  init_grace+0x0/0xc @ 1
[    5.454711] initcall init_grace+0x0/0xc returned 0 after 3 usecs
[    5.461780] calling  init_v2_quota_format+0x0/0x21 @ 1
[    5.468127] initcall init_v2_quota_format+0x0/0x21 returned 0 after 52 usecs
[    5.476502] calling  init_devpts_fs+0x0/0x27 @ 1
[    5.482161] initcall init_devpts_fs+0x0/0x27 returned 0 after 39 usecs
[    5.490178] calling  ext4_init_fs+0x0/0x1cb @ 1
[    5.496365] initcall ext4_init_fs+0x0/0x1cb returned 0 after 311 usecs
[    5.504399] calling  journal_init+0x0/0x11c @ 1
[    5.510237] initcall journal_init+0x0/0x11c returned 0 after 122 usecs
[    5.518512] calling  init_fat_fs+0x0/0x49 @ 1
[    5.524222] initcall init_fat_fs+0x0/0x49 returned 0 after 70 usecs
[    5.531967] calling  init_vfat_fs+0x0/0xc @ 1
[    5.537371] initcall init_vfat_fs+0x0/0xc returned 0 after 3 usecs
[    5.544946] calling  init_msdos_fs+0x0/0xc @ 1
[    5.550357] initcall init_msdos_fs+0x0/0xc returned 0 after 2 usecs
[    5.558072] calling  init_iso9660_fs+0x0/0x6c @ 1
[    5.564361] initcall init_iso9660_fs+0x0/0x6c returned 0 after 443 usecs
[    5.572455] calling  init_nfs_fs+0x0/0x13a @ 1
[    5.578508] initcall init_nfs_fs+0x0/0x13a returned 0 after 523 usecs
[    5.586252] calling  init_nfs_v2+0x0/0x13 @ 1
[    5.591567] initcall init_nfs_v2+0x0/0x13 returned 0 after 45 usecs
[    5.599068] calling  init_nfs_v3+0x0/0x13 @ 1
[    5.604309] initcall init_nfs_v3+0x0/0x13 returned 0 after 14 usecs
[    5.616061] calling  init_nfs_v4+0x0/0x32 @ 1
[    5.621563] NFS: Registering the id_resolver key type
[    5.628534] Key type id_resolver registered
[    5.633748] Key type id_legacy registered
[    5.639146] initcall init_nfs_v4+0x0/0x32 returned 0 after 17288 usecs
[    5.647165] calling  init_nlm+0x0/0x5b @ 1
[    5.652818] initcall init_nlm+0x0/0x5b returned 0 after 523 usecs
[    5.660734] calling  init_nls_cp437+0x0/0xe @ 1
[    5.666472] initcall init_nls_cp437+0x0/0xe returned 0 after 20 usecs
[    5.675795] calling  init_nls_ascii+0x0/0xe @ 1
[    5.681456] initcall init_nls_ascii+0x0/0xe returned 0 after 1 usecs
[    5.689132] calling  init_nls_iso8859_1+0x0/0xe @ 1
[    5.695155] initcall init_nls_iso8859_1+0x0/0xe returned 0 after 0 usecs
[    5.703674] calling  init_nls_utf8+0x0/0x21 @ 1
[    5.709321] initcall init_nls_utf8+0x0/0x21 returned 0 after 1 usecs
[    5.717191] calling  init_autofs_fs+0x0/0x25 @ 1
[    5.730463] initcall init_autofs_fs+0x0/0x25 returned 0 after 7344 usecs
[    5.738665] calling  ipc_init+0x0/0x24 @ 1
[    5.743804] initcall ipc_init+0x0/0x24 returned 0 after 94 usecs
[    5.751489] calling  ipc_sysctl_init+0x0/0x13 @ 1
[    5.757323] initcall ipc_sysctl_init+0x0/0x13 returned 0 after 93 usecs
[    5.766801] calling  init_mqueue_fs+0x0/0x92 @ 1
[    5.773335] initcall init_mqueue_fs+0x0/0x92 returned 0 after 796 usecs
[    5.781527] calling  key_proc_init+0x0/0x63 @ 1
[    5.788128] initcall key_proc_init+0x0/0x63 returned 0 after 33 usecs
[    5.796473] calling  selinux_nf_ip_init+0x0/0x2e @ 1
[    5.803703] initcall selinux_nf_ip_init+0x0/0x2e returned 0 after 60 usecs
[    5.812152] calling  init_sel_fs+0x0/0x116 @ 1
[    5.817805] initcall init_sel_fs+0x0/0x116 returned 0 after 0 usecs
[    5.825510] calling  selnl_init+0x0/0x7c @ 1
[    5.831565] initcall selnl_init+0x0/0x7c returned 0 after 463 usecs
[    5.839177] calling  sel_netif_init+0x0/0x36 @ 1
[    5.844877] initcall sel_netif_init+0x0/0x36 returned 0 after 0 usecs
[    5.852885] calling  sel_netnode_init+0x0/0x33 @ 1
[    5.858916] initcall sel_netnode_init+0x0/0x33 returned 0 after 0 usecs
[    5.866966] calling  sel_netport_init+0x0/0x33 @ 1
[    5.872885] initcall sel_netport_init+0x0/0x33 returned 0 after 0 usecs
[    5.881055] calling  aurule_init+0x0/0x2a @ 1
[    5.886421] initcall aurule_init+0x0/0x2a returned 0 after 2 usecs
[    5.894021] calling  crypto_algapi_init+0x0/0xc @ 1
[    5.899988] initcall crypto_algapi_init+0x0/0xc returned 0 after 4 usecs
[    5.908318] calling  jent_mod_init+0x0/0x2d @ 1
[    5.924138] initcall jent_mod_init+0x0/0x2d returned 0 after 10023 usecs
[    5.932901] calling  asymmetric_key_init+0x0/0xc @ 1
[    5.938979] Key type asymmetric registered
[    5.944148] initcall asymmetric_key_init+0x0/0xc returned 0 after 5045 usecs
[    5.952883] calling  x509_key_init+0x0/0xc @ 1
[    5.958550] Asymmetric key parser 'x509' registered
[    5.964556] initcall x509_key_init+0x0/0xc returned 0 after 5887 usecs
[    5.972734] calling  proc_genhd_init+0x0/0x41 @ 1
[    5.978634] initcall proc_genhd_init+0x0/0x41 returned 0 after 6 usecs
[    5.986833] calling  bsg_init+0x0/0x113 @ 1
[    5.992372] Block layer SCSI generic (bsg) driver version 0.4 loaded (major 251)
[    6.001525] initcall bsg_init+0x0/0x113 returned 0 after 9124 usecs
[    6.009545] calling  deadline_init+0x0/0xc @ 1
[    6.016503] io scheduler mq-deadline registered
[    6.023521] initcall deadline_init+0x0/0xc returned 0 after 6875 usecs
[    6.033486] calling  kyber_init+0x0/0xc @ 1
[    6.040020] io scheduler kyber registered
[    6.045097] initcall kyber_init+0x0/0xc returned 0 after 4955 usecs
[    6.054147] calling  mod_init+0x0/0x7 @ 1
[    6.060387] initcall mod_init+0x0/0x7 returned 0 after 0 usecs
[    6.069299] calling  sg_pool_init+0x0/0xb4 @ 1
[    6.078932] initcall sg_pool_init+0x0/0xb4 returned 0 after 2537 usecs
[    6.089083] calling  pcie_portdrv_init+0x0/0x39 @ 1
[    6.097921] initcall pcie_portdrv_init+0x0/0x39 returned 0 after 1082 usecs
[    6.108639] calling  pci_proc_init+0x0/0x68 @ 1
[    6.115871] initcall pci_proc_init+0x0/0x68 returned 0 after 46 usecs
[    6.126112] calling  pci_hotplug_init+0x0/0x7 @ 1
[    6.133565] initcall pci_hotplug_init+0x0/0x7 returned 0 after 0 usecs
[    6.143109] calling  efifb_driver_init+0x0/0xe @ 1
[    6.151810] initcall efifb_driver_init+0x0/0xe returned 0 after 950 usecs
[    6.162614] calling  ged_driver_init+0x0/0xe @ 1
[    6.169916] initcall ged_driver_init+0x0/0xe returned 0 after 148 usecs
[    6.180193] calling  acpi_ac_init+0x0/0x92 @ 1
[    6.187877] initcall acpi_ac_init+0x0/0x92 returned 0 after 704 usecs
[    6.197839] calling  acpi_button_driver_init+0x0/0x52 @ 1
[    6.207579] input: Power Button as /devices/LNXSYSTM:00/LNXPWRBN:00/input/input0
[    6.219665] ACPI: Power Button [PWRF]
[    6.227292] initcall acpi_button_driver_init+0x0/0x52 returned 0 after 20277 usecs
[    6.238962] calling  acpi_fan_driver_init+0x0/0xe @ 1
[    6.247199] initcall acpi_fan_driver_init+0x0/0xe returned 0 after 21 usecs
[    6.258503] calling  acpi_video_init+0x0/0xcb @ 1
[    6.266254] initcall acpi_video_init+0x0/0xcb returned 0 after 305 usecs
[    6.276978] calling  acpi_processor_driver_init+0x0/0xad @ 1
[    6.287543] initcall acpi_processor_driver_init+0x0/0xad returned 0 after 1482 usecs
[    6.299744] calling  acpi_thermal_init+0x0/0x71 @ 1
[    6.307661] initcall acpi_thermal_init+0x0/0x71 returned 0 after 135 usecs
[    6.318583] calling  acpi_battery_init+0x0/0x32 @ 1
[    6.326397] initcall acpi_battery_init+0x0/0x32 returned 0 after 114 usecs
[    6.337374] calling  bgrt_init+0x0/0xb6 @ 1
[    6.343988] initcall bgrt_init+0x0/0xb6 returned -19 after 0 usecs
[    6.353731] calling  gpio_clk_driver_init+0x0/0xe @ 1
[    6.361895] initcall gpio_clk_driver_init+0x0/0xe returned 0 after 70 usecs
[    6.372620] calling  plt_clk_driver_init+0x0/0xe @ 1
[    6.380327] initcall plt_clk_driver_init+0x0/0xe returned 0 after 22 usecs
[    6.391691] calling  virtio_pci_driver_init+0x0/0x15 @ 1
[    6.400587] initcall virtio_pci_driver_init+0x0/0x15 returned 0 after 254 usecs
[    6.411874] calling  n_null_init+0x0/0x1e @ 1
[    6.418903] initcall n_null_init+0x0/0x1e returned 0 after 16 usecs
[    6.428245] calling  pty_init+0x0/0x1e8 @ 1
[    6.435887] initcall pty_init+0x0/0x1e8 returned 0 after 1118 usecs
[    6.445463] calling  sysrq_init+0x0/0x62 @ 1
[    6.451887] initcall sysrq_init+0x0/0x62 returned 0 after 7 usecs
[    6.461300] calling  serial8250_init+0x0/0x17e @ 1
[    6.468952] Serial: 8250/16550 driver, 4 ports, IRQ sharing enabled
[    6.480653] 00:03: ttyS0 at I/O 0x3f8 (irq = 4, base_baud = 115200) is a 16550A
[    6.493955] initcall serial8250_init+0x0/0x17e returned 0 after 24429 usecs
[    6.502526] calling  serial_pci_driver_init+0x0/0x15 @ 1
[    6.509339] initcall serial_pci_driver_init+0x0/0x15 returned 0 after 192 usecs
[    6.518835] calling  exar_pci_driver_init+0x0/0x15 @ 1
[    6.525391] initcall exar_pci_driver_init+0x0/0x15 returned 0 after 41 usecs
[    6.534542] calling  lpss8250_pci_driver_init+0x0/0x15 @ 1
[    6.541603] initcall lpss8250_pci_driver_init+0x0/0x15 returned 0 after 37 usecs
[    6.552777] calling  mid8250_pci_driver_init+0x0/0x15 @ 1
[    6.561529] initcall mid8250_pci_driver_init+0x0/0x15 returned 0 after 27 usecs
[    6.572974] calling  virtio_console_init+0x0/0xff @ 1
[    6.581644] initcall virtio_console_init+0x0/0xff returned 0 after 441 usecs
[    6.592852] calling  hpet_init+0x0/0x64 @ 1
[    6.600536] initcall hpet_init+0x0/0x64 returned 0 after 862 usecs
[    6.610641] calling  nvram_module_init+0x0/0x83 @ 1
[    6.618723] Non-volatile memory driver v1.3
[    6.625498] initcall nvram_module_init+0x0/0x83 returned 0 after 6743 usecs
[    6.636699] calling  hwrng_modinit+0x0/0x8a @ 1
[    6.644885] initcall hwrng_modinit+0x0/0x8a returned 0 after 101 usecs
[    6.654977] calling  mod_init+0x0/0x48 @ 1
[    6.660292] initcall mod_init+0x0/0x48 returned -19 after 0 usecs
[    6.668557] calling  agp_init+0x0/0x23 @ 1
[    6.673858] Linux agpgart interface v0.103
[    6.679626] initcall agp_init+0x0/0x23 returned 0 after 5630 usecs
[    6.687892] calling  agp_amd64_mod_init+0x0/0x5 @ 1
[    6.694639] initcall agp_amd64_mod_init+0x0/0x5 returned -19 after 114 usecs
[    6.703842] calling  agp_intel_init+0x0/0x28 @ 1
[    6.710493] initcall agp_intel_init+0x0/0x28 returned 0 after 646 usecs
[    6.719353] calling  drm_kms_helper_init+0x0/0x7 @ 1
[    6.725919] initcall drm_kms_helper_init+0x0/0x7 returned 0 after 14 usecs
[    6.735795] calling  drm_core_init+0x0/0x9e @ 1
[    6.742528] initcall drm_core_init+0x0/0x9e returned 0 after 257 usecs
[    6.751406] calling  i915_init+0x0/0x6b @ 1
[    6.757941] initcall i915_init+0x0/0x6b returned 0 after 771 usecs
[    6.766921] calling  cn_proc_init+0x0/0x35 @ 1
[    6.773537] initcall cn_proc_init+0x0/0x35 returned 0 after 27 usecs
[    6.782366] calling  topology_sysfs_init+0x0/0x27 @ 1
[    6.789321] initcall topology_sysfs_init+0x0/0x27 returned 0 after 37 usecs
[    6.798793] calling  cacheinfo_sysfs_init+0x0/0x27 @ 1
[    6.806179] initcall cacheinfo_sysfs_init+0x0/0x27 returned 0 after 311 usecs
[    6.816115] calling  loop_init+0x0/0x168 @ 1
[    6.843434] loop: module loaded
[    6.847990] initcall loop_init+0x0/0x168 returned 0 after 25528 usecs
[    6.856977] calling  mac_hid_init+0x0/0x21 @ 1
[    6.863491] initcall mac_hid_init+0x0/0x21 returned 0 after 6 usecs
[    6.872593] calling  spi_transport_init+0x0/0x74 @ 1
[    6.880258] initcall spi_transport_init+0x0/0x74 returned 0 after 265 usecs
[    6.889864] calling  init_sd+0x0/0x18c @ 1
[    6.895830] initcall init_sd+0x0/0x18c returned 0 after 255 usecs
[    6.905559] calling  init_sr+0x0/0x43 @ 1
[    6.911950] initcall init_sr+0x0/0x43 returned 0 after 16 usecs
[    6.920934] calling  init_sg+0x0/0x1c0 @ 1
[    6.928025] initcall init_sg+0x0/0x1c0 returned 0 after 194 usecs
[    6.937217] calling  ahci_pci_driver_init+0x0/0x15 @ 1
[    6.945015] ahci 0000:00:1f.2: version 3.0
[    6.953766] PCI Interrupt Link [GSIA] enabled at IRQ 16
[    6.975369] ahci 0000:00:1f.2: AHCI 0001.0000 32 slots 6 ports 1.5 Gbps 0x3f impl SATA mode
[    6.989970] ahci 0000:00:1f.2: flags: 64bit ncq only 
[    7.013958] scsi host0: ahci
[    7.022350] scsi host1: ahci
[    7.029835] scsi host2: ahci
[    7.036692] scsi host3: ahci
[    7.041196] scsi host4: ahci
[    7.045722] scsi host5: ahci
[    7.050565] ata1: SATA max UDMA/133 abar m4096@0xfebf1000 port 0xfebf1100 irq 24
[    7.060705] ata2: SATA max UDMA/133 abar m4096@0xfebf1000 port 0xfebf1180 irq 24
[    7.072342] ata3: SATA max UDMA/133 abar m4096@0xfebf1000 port 0xfebf1200 irq 24
[    7.082551] ata4: SATA max UDMA/133 abar m4096@0xfebf1000 port 0xfebf1280 irq 24
[    7.094436] ata5: SATA max UDMA/133 abar m4096@0xfebf1000 port 0xfebf1300 irq 24
[    7.104471] ata6: SATA max UDMA/133 abar m4096@0xfebf1000 port 0xfebf1380 irq 24
[    7.119400] initcall ahci_pci_driver_init+0x0/0x15 returned 0 after 170458 usecs
[    7.131440] calling  piix_init+0x0/0x26 @ 1
[    7.138861] initcall piix_init+0x0/0x26 returned 0 after 117 usecs
[    7.148525] calling  amd_pci_driver_init+0x0/0x15 @ 1
[    7.155666] initcall amd_pci_driver_init+0x0/0x15 returned 0 after 23 usecs
[    7.164749] calling  oldpiix_pci_driver_init+0x0/0x15 @ 1
[    7.172482] initcall oldpiix_pci_driver_init+0x0/0x15 returned 0 after 92 usecs
[    7.183245] calling  sch_pci_driver_init+0x0/0x15 @ 1
[    7.191019] initcall sch_pci_driver_init+0x0/0x15 returned 0 after 36 usecs
[    7.201835] calling  net_olddevs_init+0x0/0x55 @ 1
[    7.209367] initcall net_olddevs_init+0x0/0x55 returned 0 after 169 usecs
[    7.219685] calling  blackhole_netdev_init+0x0/0x78 @ 1
[    7.228471] initcall blackhole_netdev_init+0x0/0x78 returned 0 after 782 usecs
[    7.239204] calling  phy_module_init+0x0/0x13 @ 1
[    7.247233] initcall phy_module_init+0x0/0x13 returned 0 after 502 usecs
[    7.257580] calling  tg3_driver_init+0x0/0x15 @ 1
[    7.265303] initcall tg3_driver_init+0x0/0x15 returned 0 after 80 usecs
[    7.275909] calling  e100_init_module+0x0/0x4c @ 1
[    7.283106] e100: Intel(R) PRO/100 Network Driver
[    7.290764] e100: Copyright(c) 1999-2006 Intel Corporation
[    7.299387] initcall e100_init_module+0x0/0x4c returned 0 after 15897 usecs
[    7.310721] calling  e1000_init_module+0x0/0x72 @ 1
[    7.317940] e1000: Intel(R) PRO/1000 Network Driver
[    7.325076] e1000: Copyright (c) 1999-2006 Intel Corporation.
[    7.333580] initcall e1000_init_module+0x0/0x72 returned 0 after 15295 usecs
[    7.344478] calling  e1000_init_module+0x0/0x2d @ 1
[    7.352623] e1000e: Intel(R) PRO/1000 Network Driver
[    7.360592] e1000e: Copyright(c) 1999 - 2015 Intel Corporation.
[    7.370312] initcall e1000_init_module+0x0/0x2d returned 0 after 17269 usecs
[    7.382060] calling  sky2_init_module+0x0/0x21 @ 1
[    7.390541] sky2: driver version 1.30
[    7.397585] initcall sky2_init_module+0x0/0x21 returned 0 after 6874 usecs
[    7.410389] calling  forcedeth_pci_driver_init+0x0/0x15 @ 1
[    7.419947] initcall forcedeth_pci_driver_init+0x0/0x15 returned 0 after 48 usecs
[    7.432983] calling  rtl8139_init_module+0x0/0x15 @ 1
[    7.441174] initcall rtl8139_init_module+0x0/0x15 returned 0 after 61 usecs
[    7.452035] calling  rtl8169_pci_driver_init+0x0/0x15 @ 1
[    7.461771] initcall rtl8169_pci_driver_init+0x0/0x15 returned 0 after 59 usecs
[    7.474346] calling  cdrom_init+0x0/0xc @ 1
[    7.481683] initcall cdrom_init+0x0/0xc returned 0 after 103 usecs
[    7.492654] calling  nonstatic_sysfs_init+0x0/0xc @ 1
[    7.501776] initcall nonstatic_sysfs_init+0x0/0xc returned 0 after 96 usecs
[    7.513182] calling  yenta_cardbus_driver_init+0x0/0x15 @ 1
[    7.522584] initcall yenta_cardbus_driver_init+0x0/0x15 returned 0 after 775 usecs
[    7.536529] calling  mon_init+0x0/0x123 @ 1
[    7.564922] initcall mon_init+0x0/0x123 returned 0 after 21249 usecs
[    7.574604] calling  ehci_hcd_init+0x0/0x55 @ 1
[    7.582593] ehci_hcd: USB 2.0 'Enhanced' Host Controller (EHCI) Driver
[    7.593687] initcall ehci_hcd_init+0x0/0x55 returned 0 after 11005 usecs
[    7.604240] calling  ehci_pci_init+0x0/0x64 @ 1
[    7.611536] ehci-pci: EHCI PCI platform driver
[    7.618519] initcall ehci_pci_init+0x0/0x64 returned 0 after 6816 usecs
[    7.639141] calling  ohci_hcd_mod_init+0x0/0x4d @ 1
[    7.647650] ohci_hcd: USB 1.1 'Open' Host Controller (OHCI) Driver
[    7.661760] initcall ohci_hcd_mod_init+0x0/0x4d returned 0 after 14233 usecs
[    7.673306] calling  ohci_pci_init+0x0/0x64 @ 1
[    7.681247] ohci-pci: OHCI PCI platform driver
[    7.692776] initcall ohci_pci_init+0x0/0x64 returned 0 after 11170 usecs
[    7.703767] calling  uhci_hcd_init+0x0/0xa6 @ 1
[    7.711566] uhci_hcd: USB Universal Host Controller Interface driver
[    7.724899] initcall uhci_hcd_init+0x0/0xa6 returned 0 after 13016 usecs
[    7.735671] calling  xhci_hcd_init+0x0/0x1e @ 1
[    7.743329] initcall xhci_hcd_init+0x0/0x1e returned 0 after 31 usecs
[    7.754382] calling  xhci_pci_init+0x0/0x49 @ 1
[    7.762653] initcall xhci_pci_init+0x0/0x49 returned 0 after 608 usecs
[    7.773905] calling  usblp_driver_init+0x0/0x15 @ 1
[    7.781612] usbcore: registered new interface driver usblp
[    7.789385] initcall usblp_driver_init+0x0/0x15 returned 0 after 7870 usecs
[    7.802137] calling  usb_storage_driver_init+0x0/0x2a @ 1
[    7.810964] usbcore: registered new interface driver usb-storage
[    7.821152] initcall usb_storage_driver_init+0x0/0x2a returned 0 after 10241 usecs
[    7.833017] calling  i8042_init+0x0/0x4c2 @ 1
[    7.843307] i8042: PNP: PS/2 Controller [PNP0303:KBD,PNP0f13:MOU] at 0x60,0x64 irq 1,12
[    7.872547] serio: i8042 KBD port at 0x60,0x64 irq 1
[    7.881554] serio: i8042 AUX port at 0x60,0x64 irq 12
[    7.889842] initcall i8042_init+0x0/0x4c2 returned 0 after 48001 usecs
[    7.900462] calling  serport_init+0x0/0x2c @ 1
[    7.907825] initcall serport_init+0x0/0x2c returned 0 after 147 usecs
[    7.918844] calling  input_leds_init+0x0/0xc @ 1
[    7.927562] initcall input_leds_init+0x0/0xc returned 0 after 539 usecs
[    7.939438] calling  evdev_init+0x0/0xc @ 1
[    7.959932] initcall evdev_init+0x0/0xc returned 0 after 12345 usecs
[    7.971157] calling  atkbd_init+0x0/0x21 @ 1
[    7.978985] initcall atkbd_init+0x0/0x21 returned 0 after 132 usecs
[    7.989217] calling  psmouse_init+0x0/0x7f @ 1
[    7.996975] initcall psmouse_init+0x0/0x7f returned 0 after 887 usecs
[    8.007666] calling  cmos_init+0x0/0x73 @ 1
[    8.016323] rtc_cmos 00:04: RTC can wake from S4
[    8.039494] input: AT Translated Set 2 keyboard as /devices/platform/i8042/serio0/input/input1
[    8.060338] ata3: SATA link up 1.5 Gbps (SStatus 113 SControl 300)
[    8.074665] ata3.00: ATAPI: QEMU DVD-ROM, 2.5+, max UDMA/100
[    8.084150] ata3.00: applying bridge limits
[    8.092698] ata3.00: configured for UDMA/100
[    8.114782] ata1: SATA link down (SStatus 0 SControl 300)
[    8.129763] ata5: SATA link down (SStatus 0 SControl 300)
[    8.145531] ata2: SATA link down (SStatus 0 SControl 300)
[    8.157632] ata4: SATA link down (SStatus 0 SControl 300)
[    8.176407] scsi 2:0:0:0: CD-ROM            QEMU     QEMU DVD-ROM     2.5+ PQ: 0 ANSI: 5
[    8.244144] sr 2:0:0:0: [sr0] scsi3-mmc drive: 4x/4x cd/rw xa/form2 tray
[    8.254657] cdrom: Uniform CD-ROM driver Revision: 3.20
[    8.265420] rtc_cmos 00:04: registered as rtc0
[    8.273912] rtc_cmos 00:04: alarms up to one day, y3k, 242 bytes nvram, hpet irqs
[    8.284851] initcall cmos_init+0x0/0x73 returned 0 after 263881 usecs
[    8.294369] calling  smbalert_driver_init+0x0/0xe @ 1
[    8.302508] initcall smbalert_driver_init+0x0/0xe returned 0 after 552 usecs
[    8.313017] calling  i2c_i801_init+0x0/0xc5 @ 1
[    8.335358] i801_smbus 0000:00:1f.3: SMBus using PCI interrupt
[    8.347664] i2c i2c-0: 1/1 memory slots populated (from DMI)
[    8.356367] i2c i2c-0: Memory type 0x07 not supported yet, not instantiating SPD
[    8.368563] initcall i2c_i801_init+0x0/0xc5 returned 0 after 47458 usecs
[    8.378835] calling  ptp_kvm_init+0x0/0xf0 @ 1
[    8.390531] ata6: SATA link down (SStatus 0 SControl 300)
[    8.410956] sr 2:0:0:0: Attached scsi CD-ROM sr0
[    8.420555] sr 2:0:0:0: Attached scsi generic sg0 type 5
[    8.430535] initcall ptp_kvm_init+0x0/0xf0 returned 0 after 43046 usecs
[    8.441711] calling  dm_init+0x0/0x3c @ 1
[    8.460301] device-mapper: ioctl: 4.43.0-ioctl (2020-10-01) initialised: dm-devel@redhat.com
[    8.474363] initcall dm_init+0x0/0x3c returned 0 after 24936 usecs
[    8.484826] calling  dm_mirror_init+0x0/0x29 @ 1
[    8.492511] initcall dm_mirror_init+0x0/0x29 returned 0 after 1 usecs
[    8.502538] calling  dm_dirty_log_init+0x0/0x4f @ 1
[    8.510324] initcall dm_dirty_log_init+0x0/0x4f returned 0 after 75 usecs
[    8.520761] calling  dm_zero_init+0x0/0x29 @ 1
[    8.528080] initcall dm_zero_init+0x0/0x29 returned 0 after 1 usecs
[    8.538225] calling  intel_pstate_init+0x0/0x4a2 @ 1
[    8.546648] intel_pstate: CPU model not supported
[    8.555703] initcall intel_pstate_init+0x0/0x4a2 returned -19 after 9048 usecs
[    8.567125] calling  haltpoll_init+0x0/0xc0 @ 1
[    8.574749] initcall haltpoll_init+0x0/0xc0 returned -19 after 95 usecs
[    8.586250] calling  efivars_sysfs_init+0x0/0x30 @ 1
[    8.594937] initcall efivars_sysfs_init+0x0/0x30 returned 0 after 201 usecs
[    8.606397] calling  esrt_sysfs_init+0x0/0x2a2 @ 1
[    8.614584] initcall esrt_sysfs_init+0x0/0x2a2 returned -38 after 82 usecs
[    8.625735] calling  hid_init+0x0/0x5c @ 1
[    8.633040] hid: raw HID events driver (C) Jiri Kosina
[    8.641795] initcall hid_init+0x0/0x5c returned 0 after 8669 usecs
[    8.652257] calling  hid_generic_init+0x0/0x15 @ 1
[    8.660886] initcall hid_generic_init+0x0/0x15 returned 0 after 280 usecs
[    8.672979] calling  a4_driver_init+0x0/0x15 @ 1
[    8.681046] initcall a4_driver_init+0x0/0x15 returned 0 after 22 usecs
[    8.692721] calling  apple_driver_init+0x0/0x15 @ 1
[    8.701727] initcall apple_driver_init+0x0/0x15 returned 0 after 93 usecs
[    8.713079] calling  belkin_driver_init+0x0/0x15 @ 1
[    8.720869] initcall belkin_driver_init+0x0/0x15 returned 0 after 21 usecs
[    8.732735] calling  ch_driver_init+0x0/0x15 @ 1
[    8.741178] initcall ch_driver_init+0x0/0x15 returned 0 after 22 usecs
[    8.752792] calling  ch_driver_init+0x0/0x15 @ 1
[    8.760889] initcall ch_driver_init+0x0/0x15 returned 0 after 43 usecs
[    8.772195] calling  cp_driver_init+0x0/0x15 @ 1
[    8.780299] initcall cp_driver_init+0x0/0x15 returned 0 after 20 usecs
[    8.791815] calling  ez_driver_init+0x0/0x15 @ 1
[    8.799208] initcall ez_driver_init+0x0/0x15 returned 0 after 15 usecs
[    8.809316] calling  gyration_driver_init+0x0/0x15 @ 1
[    8.817001] initcall gyration_driver_init+0x0/0x15 returned 0 after 89 usecs
[    8.827595] calling  ite_driver_init+0x0/0x15 @ 1
[    8.835988] initcall ite_driver_init+0x0/0x15 returned 0 after 20 usecs
[    8.847230] calling  ks_driver_init+0x0/0x15 @ 1
[    8.854938] initcall ks_driver_init+0x0/0x15 returned 0 after 19 usecs
[    8.866543] calling  lg_driver_init+0x0/0x15 @ 1
[    8.874943] initcall lg_driver_init+0x0/0x15 returned 0 after 98 usecs
[    8.884911] calling  lg_g15_driver_init+0x0/0x15 @ 1
[    8.892209] initcall lg_g15_driver_init+0x0/0x15 returned 0 after 18 usecs
[    8.903171] calling  ms_driver_init+0x0/0x15 @ 1
[    8.909978] initcall ms_driver_init+0x0/0x15 returned 0 after 22 usecs
[    8.920387] calling  mr_driver_init+0x0/0x15 @ 1
[    8.928029] initcall mr_driver_init+0x0/0x15 returned 0 after 20 usecs
[    8.938036] calling  ntrig_driver_init+0x0/0x15 @ 1
[    8.944975] initcall ntrig_driver_init+0x0/0x15 returned 0 after 24 usecs
[    8.956113] calling  pl_driver_init+0x0/0x15 @ 1
[    8.964395] initcall pl_driver_init+0x0/0x15 returned 0 after 299 usecs
[    8.975917] calling  pl_driver_init+0x0/0x15 @ 1
[    8.984044] initcall pl_driver_init+0x0/0x15 returned 0 after 24 usecs
[    8.994406] calling  redragon_driver_init+0x0/0x15 @ 1
[    9.001942] initcall redragon_driver_init+0x0/0x15 returned 0 after 22 usecs
[    9.013356] calling  samsung_driver_init+0x0/0x15 @ 1
[    9.021325] initcall samsung_driver_init+0x0/0x15 returned 0 after 110 usecs
[    9.032466] calling  sony_init+0x0/0x38 @ 1
[    9.039169] initcall sony_init+0x0/0x38 returned 0 after 24 usecs
[    9.048973] calling  sp_driver_init+0x0/0x15 @ 1
[    9.056605] initcall sp_driver_init+0x0/0x15 returned 0 after 20 usecs
[    9.066463] calling  ts_driver_init+0x0/0x15 @ 1
[    9.073871] initcall ts_driver_init+0x0/0x15 returned 0 after 18 usecs
[    9.083555] calling  hid_init+0x0/0x58 @ 1
[    9.090673] usbcore: registered new interface driver usbhid
[    9.100177] usbhid: USB HID core driver
[    9.106915] initcall hid_init+0x0/0x58 returned 0 after 16091 usecs
[    9.117075] calling  eeepc_laptop_init+0x0/0x57 @ 1
[    9.125180] initcall eeepc_laptop_init+0x0/0x57 returned -19 after 438 usecs
[    9.136577] calling  pmc_atom_init+0x0/0x27a @ 1
[    9.143987] initcall pmc_atom_init+0x0/0x27a returned -19 after 80 usecs
[    9.155222] calling  alsa_hwdep_init+0x0/0x5e @ 1
[    9.163303] initcall alsa_hwdep_init+0x0/0x5e returned 0 after 122 usecs
[    9.174583] calling  alsa_timer_init+0x0/0x1f0 @ 1
[    9.411428] input: ImExPS/2 Generic Explorer Mouse as /devices/platform/i8042/serio1/input/input3
[    9.998237] initcall alsa_timer_init+0x0/0x1f0 returned 0 after 796780 usecs
[   10.008479] calling  snd_hrtimer_init+0x0/0x117 @ 1
[   10.015913] initcall snd_hrtimer_init+0x0/0x117 returned 0 after 4 usecs
[   10.026260] calling  alsa_pcm_init+0x0/0x64 @ 1
[   10.033016] initcall alsa_pcm_init+0x0/0x64 returned 0 after 31 usecs
[   10.042460] calling  alsa_seq_init+0x0/0x4a @ 1
[   10.106338] initcall alsa_seq_init+0x0/0x4a returned 0 after 55784 usecs
[   10.116758] calling  alsa_seq_dummy_init+0x0/0x9c @ 1
[   10.124628] initcall alsa_seq_dummy_init+0x0/0x9c returned 0 after 32 usecs
[   10.135179] calling  azx_driver_init+0x0/0x15 @ 1
[   10.142293] initcall azx_driver_init+0x0/0x15 returned 0 after 188 usecs
[   10.152363] calling  sock_diag_init+0x0/0x2a @ 1
[   10.159857] initcall sock_diag_init+0x0/0x2a returned 0 after 602 usecs
[   10.169116] calling  blackhole_init+0x0/0xc @ 1
[   10.175570] initcall blackhole_init+0x0/0xc returned 0 after 67 usecs
[   10.184340] calling  nfnetlink_init+0x0/0x57 @ 1
[   10.190987] initcall nfnetlink_init+0x0/0x57 returned 0 after 171 usecs
[   10.199807] calling  nfnetlink_log_init+0x0/0x99 @ 1
[   10.207182] initcall nfnetlink_log_init+0x0/0x99 returned 0 after 341 usecs
[   10.216742] calling  nf_conntrack_standalone_init+0x0/0x87 @ 1
[   10.225455] initcall nf_conntrack_standalone_init+0x0/0x87 returned 0 after 721 usecs
[   10.236614] calling  ctnetlink_init+0x0/0x83 @ 1
[   10.243359] initcall ctnetlink_init+0x0/0x83 returned 0 after 1 usecs
[   10.252910] calling  nf_conntrack_ftp_init+0x0/0x12c @ 1
[   10.260530] initcall nf_conntrack_ftp_init+0x0/0x12c returned 0 after 25 usecs
[   10.270242] calling  nf_conntrack_irc_init+0x0/0x129 @ 1
[   10.278868] initcall nf_conntrack_irc_init+0x0/0x129 returned 0 after 216 usecs
[   10.289188] calling  nf_conntrack_sip_init+0x0/0x172 @ 1
[   10.297212] initcall nf_conntrack_sip_init+0x0/0x172 returned 0 after 7 usecs
[   10.308297] calling  nf_nat_init+0x0/0xbb @ 1
[   10.314692] initcall nf_nat_init+0x0/0xbb returned 0 after 126 usecs
[   10.328326] calling  nf_nat_ftp_init+0x0/0x2a @ 1
[   10.335124] initcall nf_nat_ftp_init+0x0/0x2a returned 0 after 1 usecs
[   10.345737] calling  nf_nat_irc_init+0x0/0x2a @ 1
[   10.352343] initcall nf_nat_irc_init+0x0/0x2a returned 0 after 1 usecs
[   10.361890] calling  nf_nat_sip_init+0x0/0x36 @ 1
[   10.368505] initcall nf_nat_sip_init+0x0/0x36 returned 0 after 1 usecs
[   10.378452] calling  xt_init+0x0/0xcf @ 1
[   10.383991] initcall xt_init+0x0/0xcf returned 0 after 32 usecs
[   10.392495] calling  tcpudp_mt_init+0x0/0x11 @ 1
[   10.399958] initcall tcpudp_mt_init+0x0/0x11 returned 0 after 201 usecs
[   10.409890] calling  connsecmark_tg_init+0x0/0xc @ 1
[   10.417356] initcall connsecmark_tg_init+0x0/0xc returned 0 after 1 usecs
[   10.428389] calling  nflog_tg_init+0x0/0xc @ 1
[   10.435239] initcall nflog_tg_init+0x0/0xc returned 0 after 1 usecs
[   10.444612] calling  secmark_tg_init+0x0/0x11 @ 1
[   10.451953] initcall secmark_tg_init+0x0/0x11 returned 0 after 1 usecs
[   10.461331] calling  tcpmss_tg_init+0x0/0x11 @ 1
[   10.468650] initcall tcpmss_tg_init+0x0/0x11 returned 0 after 24 usecs
[   10.477782] calling  conntrack_mt_init+0x0/0x11 @ 1
[   10.489330] initcall conntrack_mt_init+0x0/0x11 returned 0 after 1 usecs
[   10.498717] calling  policy_mt_init+0x0/0x11 @ 1
[   10.509845] initcall policy_mt_init+0x0/0x11 returned 0 after 1 usecs
[   10.519434] calling  state_mt_init+0x0/0xc @ 1
[   10.525672] initcall state_mt_init+0x0/0xc returned 0 after 1 usecs
[   10.544237] calling  gre_offload_init+0x0/0x48 @ 1
[   10.551667] initcall gre_offload_init+0x0/0x48 returned 0 after 169 usecs
[   10.571983] calling  sysctl_ipv4_init+0x0/0x46 @ 1
[   10.577878] initcall sysctl_ipv4_init+0x0/0x46 returned 0 after 159 usecs
[   10.605690] calling  tunnel4_init+0x0/0x58 @ 1
[   10.628399] initcall tunnel4_init+0x0/0x58 returned 0 after 25 usecs
[   10.637326] calling  nf_defrag_init+0x0/0xc @ 1
[   10.643883] initcall nf_defrag_init+0x0/0xc returned 0 after 17 usecs
[   10.653033] calling  ip_tables_init+0x0/0x8d @ 1
[   10.660006] initcall ip_tables_init+0x0/0x8d returned 0 after 106 usecs
[   10.669869] calling  iptable_filter_init+0x0/0x4c @ 1
[   10.677701] initcall iptable_filter_init+0x0/0x4c returned 0 after 602 usecs
[   10.687771] calling  iptable_mangle_init+0x0/0xb8 @ 1
[   10.695166] initcall iptable_mangle_init+0x0/0xb8 returned 0 after 183 usecs
[   10.704989] calling  reject_tg_init+0x0/0xc @ 1
[   10.711479] initcall reject_tg_init+0x0/0xc returned 0 after 1 usecs
[   10.720535] calling  cubictcp_register+0x0/0x53 @ 1
[   10.727427] initcall cubictcp_register+0x0/0x53 returned 0 after 33 usecs
[   10.736767] calling  xfrm_user_init+0x0/0x45 @ 1
[   10.743210] Initializing XFRM netlink socket
[   10.749272] initcall xfrm_user_init+0x0/0x45 returned 0 after 5916 usecs
[   10.758744] calling  inet6_init+0x0/0x35e @ 1
[   10.765520] NET: Registered protocol family 10
[   10.774272] srcu-torture: rcu_torture_read_exit: End of episode
[   10.788904] Segment Routing with IPv6
[   10.794337] initcall inet6_init+0x0/0x35e returned 0 after 28810 usecs
[   10.803723] calling  ah6_init+0x0/0x71 @ 1
[   10.809830] initcall ah6_init+0x0/0x71 returned 0 after 98 usecs
[   10.818504] calling  esp6_init+0x0/0x71 @ 1
[   10.824488] initcall esp6_init+0x0/0x71 returned 0 after 1 usecs
[   10.833192] calling  ip6_tables_init+0x0/0x8d @ 1
[   10.839964] initcall ip6_tables_init+0x0/0x8d returned 0 after 49 usecs
[   10.849034] calling  ip6table_filter_init+0x0/0x4c @ 1
[   10.856493] initcall ip6table_filter_init+0x0/0x4c returned 0 after 196 usecs
[   10.865861] calling  ip6table_mangle_init+0x0/0xb8 @ 1
[   10.872203] initcall ip6table_mangle_init+0x0/0xb8 returned 0 after 85 usecs
[   10.882162] calling  nf_defrag_init+0x0/0x45 @ 1
[   10.888769] initcall nf_defrag_init+0x0/0x45 returned 0 after 41 usecs
[   10.897910] calling  ipv6header_mt6_init+0x0/0xc @ 1
[   10.904941] initcall ipv6header_mt6_init+0x0/0xc returned 0 after 1 usecs
[   10.914558] calling  reject_tg6_init+0x0/0xc @ 1
[   10.920977] initcall reject_tg6_init+0x0/0xc returned 0 after 1 usecs
[   10.929839] calling  sit_init+0x0/0xc3 @ 1
[   10.935629] sit: IPv6, IPv4 and MPLS over IPv4 tunneling driver
[   10.946960] initcall sit_init+0x0/0xc3 returned 0 after 11061 usecs
[   10.955238] calling  packet_init+0x0/0x75 @ 1
[   10.960644] NET: Registered protocol family 17
[   10.966249] initcall packet_init+0x0/0x75 returned 0 after 5485 usecs
[   10.974180] calling  init_rpcsec_gss+0x0/0x60 @ 1
[   10.980309] initcall init_rpcsec_gss+0x0/0x60 returned 0 after 371 usecs
[   10.988544] calling  init_dns_resolver+0x0/0xca @ 1
[   10.995000] Key type dns_resolver registered
[   11.000672] initcall init_dns_resolver+0x0/0xca returned 0 after 5679 usecs
[   11.009688] calling  pm_check_save_msr+0x0/0x80 @ 1
[   11.016511] initcall pm_check_save_msr+0x0/0x80 returned 0 after 467 usecs
[   11.025797] calling  mcheck_init_device+0x0/0x112 @ 1
[   11.034445] initcall mcheck_init_device+0x0/0x112 returned 0 after 763 usecs
[   11.045551] calling  mcheck_late_init+0x0/0x58 @ 1
[   11.052315] initcall mcheck_late_init+0x0/0x58 returned 0 after 71 usecs
[   11.061421] calling  severities_debugfs_init+0x0/0x29 @ 1
[   11.068486] initcall severities_debugfs_init+0x0/0x29 returned 0 after 6 usecs
[   11.089603] calling  microcode_init+0x0/0x1bd @ 1
[   11.096124] initcall microcode_init+0x0/0x1bd returned -22 after 92 usecs
[   11.116977] calling  hpet_insert_resource+0x0/0x22 @ 1
[   11.123605] initcall hpet_insert_resource+0x0/0x22 returned 0 after 99 usecs
[   11.132705] calling  start_sync_check_timer+0x0/0x4f @ 1
[   11.141030] initcall start_sync_check_timer+0x0/0x4f returned 0 after 15 usecs
[   11.168102] calling  update_mp_table+0x0/0x4fc @ 1
