c[?7l[2J[0mSeaBIOS (version 1.16.0-debian-1.16.0-4)
Booting from ROM...
early console in setup code
c[?7l[2J[    0.000000] Linux version 5.10.152+ (root@joelboxx.c.googlers.com) (gcc (Debian 12.2.0-3) 12.2.0, GNU ld (GNU Binutils for Debian) 2.39) #7 SMP Tue Dec 13 08:14:46 UTC 2022
[    0.000000] Command line: selinux=0 initcall_debug debug console=ttyS0 rcutree.gp_preinit_delay=3 rcutree.gp_init_delay=3 rcutree.gp_cleanup_delay=3 rcupdate.rcu_self_test=1 rcutorture.onoff_interval=1000 rcutorture.onoff_holdoff=30 rcutorture.n_barrier_cbs=4 rcutorture.stat_interval=15 rcutorture.shutdown_secs=1800 rcutorture.test_no_idle_hz=1 rcutorture.verbose=1
[    0.000000] x86/fpu: x87 FPU will use FXSAVE
[    0.000000] BIOS-provided physical RAM map:
[    0.000000] BIOS-e820: [mem 0x0000000000000000-0x000000000009fbff] usable
[    0.000000] BIOS-e820: [mem 0x000000000009fc00-0x000000000009ffff] reserved
[    0.000000] BIOS-e820: [mem 0x00000000000f0000-0x00000000000fffff] reserved
[    0.000000] BIOS-e820: [mem 0x0000000000100000-0x000000001ffdefff] usable
[    0.000000] BIOS-e820: [mem 0x000000001ffdf000-0x000000001fffffff] reserved
[    0.000000] BIOS-e820: [mem 0x00000000b0000000-0x00000000bfffffff] reserved
[    0.000000] BIOS-e820: [mem 0x00000000fed1c000-0x00000000fed1ffff] reserved
[    0.000000] BIOS-e820: [mem 0x00000000feffc000-0x00000000feffffff] reserved
[    0.000000] BIOS-e820: [mem 0x00000000fffc0000-0x00000000ffffffff] reserved
[    0.000000] NX (Execute Disable) protection: active
[    0.000000] SMBIOS 2.8 present.
[    0.000000] DMI: QEMU Standard PC (Q35 + ICH9, 2009), BIOS 1.16.0-debian-1.16.0-4 04/01/2014
[    0.000000] Hypervisor detected: KVM
[    0.000000] kvm-clock: Using msrs 4b564d01 and 4b564d00
[    0.000000] kvm-clock: cpu 0, msr dd23001, primary cpu clock
[    0.000036] kvm-clock: using sched offset of 2949710153 cycles
[    0.000152] clocksource: kvm-clock: mask: 0xffffffffffffffff max_cycles: 0x1cd42e4dffb, max_idle_ns: 881590591483 ns
[    0.000161] tsc: Detected 1999.999 MHz processor
[    0.005631] e820: update [mem 0x00000000-0x00000fff] usable ==> reserved
[    0.005640] e820: remove [mem 0x000a0000-0x000fffff] usable
[    0.005649] last_pfn = 0x1ffdf max_arch_pfn = 0x400000000
[    0.006416] MTRR default type: write-back
[    0.006476] MTRR fixed ranges enabled:
[    0.006480]   00000-9FFFF write-back
[    0.006482]   A0000-BFFFF uncachable
[    0.006485]   C0000-FFFFF write-protect
[    0.006487] MTRR variable ranges enabled:
[    0.006490]   0 base 00C0000000 mask FFC0000000 uncachable
[    0.006492]   1 disabled
[    0.006494]   2 disabled
[    0.006496]   3 disabled
[    0.006498]   4 disabled
[    0.006500]   5 disabled
[    0.006502]   6 disabled
[    0.006503]   7 disabled
[    0.006774] x86/PAT: Configuration [0-7]: WB  WC  UC- UC  WB  WC  UC- UC  
[    0.015604] found SMP MP-table at [mem 0x000f5ba0-0x000f5baf]
[    0.020492] check: Scanning 1 areas for low memory corruption
[    0.033414] ACPI: Early table checksum verification disabled
[    0.034901] ACPI: RSDP 0x00000000000F59E0 000014 (v00 BOCHS )
[    0.035276] ACPI: RSDT 0x000000001FFE252A 000038 (v01 BOCHS  BXPC     00000001 BXPC 00000001)
[    0.035470] ACPI: FACP 0x000000001FFE22EA 0000F4 (v03 BOCHS  BXPC     00000001 BXPC 00000001)
[    0.035606] ACPI: DSDT 0x000000001FFE0040 0022AA (v01 BOCHS  BXPC     00000001 BXPC 00000001)
[    0.035670] ACPI: FACS 0x000000001FFE0000 000040
[    0.035677] ACPI: APIC 0x000000001FFE23DE 0000B0 (v01 BOCHS  BXPC     00000001 BXPC 00000001)
[    0.035684] ACPI: HPET 0x000000001FFE248E 000038 (v01 BOCHS  BXPC     00000001 BXPC 00000001)
[    0.035691] ACPI: MCFG 0x000000001FFE24C6 00003C (v01 BOCHS  BXPC     00000001 BXPC 00000001)
[    0.035743] ACPI: WAET 0x000000001FFE2502 000028 (v01 BOCHS  BXPC     00000001 BXPC 00000001)
[    0.035751] ACPI: Reserving FACP table memory at [mem 0x1ffe22ea-0x1ffe23dd]
[    0.035754] ACPI: Reserving DSDT table memory at [mem 0x1ffe0040-0x1ffe22e9]
[    0.035757] ACPI: Reserving FACS table memory at [mem 0x1ffe0000-0x1ffe003f]
[    0.035759] ACPI: Reserving APIC table memory at [mem 0x1ffe23de-0x1ffe248d]
[    0.035761] ACPI: Reserving HPET table memory at [mem 0x1ffe248e-0x1ffe24c5]
[    0.035764] ACPI: Reserving MCFG table memory at [mem 0x1ffe24c6-0x1ffe2501]
[    0.035766] ACPI: Reserving WAET table memory at [mem 0x1ffe2502-0x1ffe2529]
[    0.036483] ACPI: Local APIC address 0xfee00000
[    0.040804] No NUMA configuration found
[    0.040809] Faking a node at [mem 0x0000000000000000-0x000000001ffdefff]
[    0.040815] NODE_DATA(0) allocated [mem 0x1ffdb000-0x1ffdefff]
[    0.042199] Zone ranges:
[    0.042309]   DMA      [mem 0x0000000000001000-0x0000000000ffffff]
[    0.042390]   DMA32    [mem 0x0000000001000000-0x000000001ffdefff]
[    0.042394]   Normal   empty
[    0.042397] Movable zone start for each node
[    0.042399] Early memory node ranges
[    0.042402]   node   0: [mem 0x0000000000001000-0x000000000009efff]
[    0.042453]   node   0: [mem 0x0000000000100000-0x000000001ffdefff]
[    0.042457] Initmem setup node 0 [mem 0x0000000000001000-0x000000001ffdefff]
[    0.042459] On node 0 totalpages: 130941
[    0.042463]   DMA zone: 64 pages used for memmap
[    0.042465]   DMA zone: 21 pages reserved
[    0.042507]   DMA zone: 3998 pages, LIFO batch:0
[    0.042510]   DMA32 zone: 1984 pages used for memmap
[    0.042512]   DMA32 zone: 126943 pages, LIFO batch:31
[    0.043504] On node 0, zone DMA: 1 pages in unavailable ranges
[    0.046369] On node 0, zone DMA: 97 pages in unavailable ranges
[    0.133155] On node 0, zone DMA32: 33 pages in unavailable ranges
[    0.139070] ACPI: PM-Timer IO Port: 0x608
[    0.139194] ACPI: Local APIC address 0xfee00000
[    0.140560] ACPI: LAPIC_NMI (acpi_id[0xff] dfl dfl lint[0x1])
[    0.143849] IOAPIC[0]: apic_id 0, version 17, address 0xfec00000, GSI 0-23
[    0.144111] ACPI: INT_SRC_OVR (bus 0 bus_irq 0 global_irq 2 dfl dfl)
[    0.144259] ACPI: INT_SRC_OVR (bus 0 bus_irq 5 global_irq 5 high level)
[    0.144271] ACPI: INT_SRC_OVR (bus 0 bus_irq 9 global_irq 9 high level)
[    0.144476] ACPI: INT_SRC_OVR (bus 0 bus_irq 10 global_irq 10 high level)
[    0.144479] ACPI: INT_SRC_OVR (bus 0 bus_irq 11 global_irq 11 high level)
[    0.144484] ACPI: IRQ0 used by override.
[    0.144487] ACPI: IRQ5 used by override.
[    0.144489] ACPI: IRQ9 used by override.
[    0.144491] ACPI: IRQ10 used by override.
[    0.144494] ACPI: IRQ11 used by override.
[    0.144529] Using ACPI (MADT) for SMP configuration information
[    0.144607] ACPI: HPET id: 0x8086a201 base: 0xfed00000
[    0.145272] smpboot: Allowing 8 CPUs, 0 hotplug CPUs
[    0.147091] PM: hibernation: Registered nosave memory: [mem 0x00000000-0x00000fff]
[    0.147096] PM: hibernation: Registered nosave memory: [mem 0x0009f000-0x0009ffff]
[    0.147098] PM: hibernation: Registered nosave memory: [mem 0x000a0000-0x000effff]
[    0.147100] PM: hibernation: Registered nosave memory: [mem 0x000f0000-0x000fffff]
[    0.147143] [mem 0x20000000-0xafffffff] available for PCI devices
[    0.147241] Booting paravirtualized kernel on KVM
[    0.147613] clocksource: refined-jiffies: mask: 0xffffffff max_cycles: 0xffffffff, max_idle_ns: 1910969940391419 ns
[    0.180901] setup_percpu: NR_CPUS:8 nr_cpumask_bits:8 nr_cpu_ids:8 nr_node_ids:1
[    0.205046] percpu: Embedded 58 pages/cpu s199184 r8192 d30192 u262144
[    0.205121] pcpu-alloc: s199184 r8192 d30192 u262144 alloc=1*2097152
[    0.205179] pcpu-alloc: [0] 0 1 2 3 4 5 6 7 
[    0.205568] kvm-guest: stealtime: cpu 0, msr 1f41bb40
[    0.206886] Built 1 zonelists, mobility grouping on.  Total pages: 128872
[    0.206890] Policy zone: DMA32
[    0.207026] Kernel command line: selinux=0 initcall_debug debug console=ttyS0 rcutree.gp_preinit_delay=3 rcutree.gp_init_delay=3 rcutree.gp_cleanup_delay=3 rcupdate.rcu_self_test=1 rcutorture.onoff_interval=1000 rcutorture.onoff_holdoff=30 rcutorture.n_barrier_cbs=4 rcutorture.stat_interval=15 rcutorture.shutdown_secs=1800 rcutorture.test_no_idle_hz=1 rcutorture.verbose=1
[    0.220150] Dentry cache hash table entries: 65536 (order: 7, 524288 bytes, linear)
[    0.222890] Inode-cache hash table entries: 32768 (order: 6, 262144 bytes, linear)
[    0.223574] mem auto-init: stack:all(zero), heap alloc:off, heap free:off
[    0.234901] Memory: 465384K/523764K available (16398K kernel code, 2799K rwdata, 4844K rodata, 1520K init, 13292K bss, 58120K reserved, 0K cma-reserved)
[    0.235813] SLUB: HWalign=64, Order=0-3, MinObjects=0, CPUs=8, Nodes=1
[    0.236317] Kernel/User page tables isolation: enabled
[    0.242186] Running RCU self tests
[    0.242373] rcu: RCU calculated value of scheduler-enlistment delay is 100 jiffies.
[    0.243749] rcu: Hierarchical RCU implementation.
[    0.243752] rcu: 	CONFIG_RCU_FANOUT set to non-default value of 6.
[    0.243754] rcu: 	RCU lockdep checking is enabled.
[    0.243757] rcu: 	Build-time adjustment of leaf fanout to 6.
[    0.243759] rcu: 	Boot-time adjustment of first FQS scan delay to 3 jiffies.
[    0.243761] rcu: 	Boot-time adjustment of subsequent FQS scan delay to 3 jiffies.
[    0.243764] rcu: 	RCU debug GP pre-init slowdown 3 jiffies.
[    0.243766] rcu: 	RCU debug GP init slowdown 3 jiffies.
[    0.243768] rcu: 	RCU debug GP init slowdown 3 jiffies.
[    0.243770] 	Trampoline variant of Tasks RCU enabled.
[    0.243772] 	Rude variant of Tasks RCU enabled.
[    0.243774] 	Tracing variant of Tasks RCU enabled.
[    0.259054] NR_IRQS: 4352, nr_irqs: 488, preallocated irqs: 16
[    0.260272] rcu: 	Offload RCU callbacks from CPUs: (none).
[    0.261561] calling  con_init+0x0/0x24f @ 0
[    0.371619] Console: colour VGA+ 80x25
[    0.371646] initcall con_init+0x0/0x24f returned 0 after 0 usecs
[    0.371651] calling  hvc_console_init+0x0/0x13 @ 0
[    0.371670] initcall hvc_console_init+0x0/0x13 returned 0 after 0 usecs
[    0.371673] calling  univ8250_console_init+0x0/0x26 @ 0
[    1.346830] printk: console [ttyS0] enabled
[    1.351553] initcall univ8250_console_init+0x0/0x26 returned 0 after 0 usecs
[    1.359447] Lock dependency validator: Copyright (c) 2006 Red Hat, Inc., Ingo Molnar
[    1.368071] ... MAX_LOCKDEP_SUBCLASSES:  8
[    1.372806] ... MAX_LOCK_DEPTH:          48
[    1.377618] ... MAX_LOCKDEP_KEYS:        8192
[    1.382556] ... CLASSHASH_SIZE:          4096
[    1.387550] ... MAX_LOCKDEP_ENTRIES:     32768
[    1.392612] ... MAX_LOCKDEP_CHAINS:      65536
[    1.397575] ... CHAINHASH_SIZE:          32768
[    1.402639]  memory used by lock dependency info: 6365 kB
[    1.408691]  memory used for stack traces: 4224 kB
[    1.414201]  per task-struct memory footprint: 1920 bytes
[    1.420508] ACPI: Core revision 20200925
[    1.427081] clocksource: hpet: mask: 0xffffffff max_cycles: 0xffffffff, max_idle_ns: 19112604467 ns
[    1.439019] APIC: Switch to symmetric I/O mode setup
[    1.462420] ..TIMER: vector=0x30 apic1=0 pin1=2 apic2=-1 pin2=-1
[    1.469529] clocksource: tsc-early: mask: 0xffffffffffffffff max_cycles: 0x39a85afc727, max_idle_ns: 881590685098 ns
[    1.482107] Calibrating delay loop (skipped) preset value.. 3999.99 BogoMIPS (lpj=1999999)
[    1.483048] pid_max: default: 32768 minimum: 301
[    1.485308] LSM: Security Framework initializing
[    1.487170] Mount-cache hash table entries: 1024 (order: 1, 8192 bytes, linear)
[    1.488072] Mountpoint-cache hash table entries: 1024 (order: 1, 8192 bytes, linear)
[    1.496762] Last level iTLB entries: 4KB 0, 2MB 0, 4MB 0
[    1.497045] Last level dTLB entries: 4KB 0, 2MB 0, 4MB 0, 1GB 0
[    1.498114] Spectre V1 : Mitigation: usercopy/swapgs barriers and __user pointer sanitization
[    1.499050] Spectre V2 : Mitigation: Retpolines
[    1.500046] Spectre V2 : Spectre v2 / SpectreRSB mitigation: Filling RSB on context switch
[    1.501046] Spectre V2 : Spectre v2 / SpectreRSB : Filling RSB on VMEXIT
[    1.502046] Speculative Store Bypass: Vulnerable
[    1.503053] MDS: Vulnerable: Clear CPU buffers attempted, no microcode
[    1.504046] MMIO Stale Data: Unknown: No mitigations
[    1.569079] Freeing SMP alternatives memory: 40K
[    1.675713] smpboot: CPU0: Intel Common KVM processor (family: 0xf, model: 0x6, stepping: 0x1)
[    1.679356] calling  init_hw_perf_events+0x0/0x6ce @ 1
[    1.680134] Performance Events: unsupported Netburst CPU model 6 no PMU driver, software events only.
[    1.681054] initcall init_hw_perf_events+0x0/0x6ce returned 0 after 976 usecs
[    1.682056] calling  init_real_mode+0x0/0x1e9 @ 1
[    1.684377] initcall init_real_mode+0x0/0x1e9 returned 0 after 976 usecs
[    1.685051] calling  trace_init_perf_perm_irq_work_exit+0x0/0x12 @ 1
[    1.686052] initcall trace_init_perf_perm_irq_work_exit+0x0/0x12 returned 0 after 0 usecs
[    1.687095] calling  validate_x2apic+0x0/0x4a @ 1
[    1.688084] initcall validate_x2apic+0x0/0x4a returned 0 after 0 usecs
[    1.689053] calling  register_nmi_cpu_backtrace_handler+0x0/0x15 @ 1
[    1.690068] initcall register_nmi_cpu_backtrace_handler+0x0/0x15 returned 0 after 0 usecs
[    1.692049] calling  kvm_setup_vsyscall_timeinfo+0x0/0xce @ 1
[    1.693080] initcall kvm_setup_vsyscall_timeinfo+0x0/0xce returned 0 after 0 usecs
[    1.695075] calling  spawn_ksoftirqd+0x0/0x38 @ 1
[    1.696136] RCU test callback executed 1
[    1.697247] initcall spawn_ksoftirqd+0x0/0x38 returned 0 after 976 usecs
[    1.698050] calling  migration_init+0x0/0x33 @ 1
[    1.699053] initcall migration_init+0x0/0x33 returned 0 after 0 usecs
[    1.700047] calling  srcu_bootup_announce+0x0/0x2f @ 1
[    1.701045] rcu: Hierarchical SRCU implementation.
[    1.702047] initcall srcu_bootup_announce+0x0/0x2f returned 0 after 976 usecs
[    1.703048] calling  rcu_spawn_gp_kthread+0x0/0x1dd @ 1
[    1.704175] initcall rcu_spawn_gp_kthread+0x0/0x1dd returned 0 after 0 usecs
[    1.705049] calling  check_cpu_stall_init+0x0/0x1a @ 1
[    1.707049] initcall check_cpu_stall_init+0x0/0x1a returned 0 after 0 usecs
[    1.708051] calling  rcu_sysrq_init+0x0/0x21 @ 1
[    1.709050] initcall rcu_sysrq_init+0x0/0x21 returned 0 after 0 usecs
[    1.710049] calling  trace_init_flags_sys_enter+0x0/0xe @ 1
[    1.711050] initcall trace_init_flags_sys_enter+0x0/0xe returned 0 after 0 usecs
[    1.712049] calling  trace_init_flags_sys_exit+0x0/0xe @ 1
[    1.713051] initcall trace_init_flags_sys_exit+0x0/0xe returned 0 after 0 usecs
[    1.714054] calling  cpu_stop_init+0x0/0x8d @ 1
[    1.716356] initcall cpu_stop_init+0x0/0x8d returned 0 after 976 usecs
[    1.718276] calling  init_kprobes+0x0/0x16e @ 1
[    1.720067] initcall init_kprobes+0x0/0x16e returned 0 after 976 usecs
[    1.721050] calling  init_events+0x0/0x3d @ 1
[    1.722084] initcall init_events+0x0/0x3d returned 0 after 0 usecs
[    1.723049] calling  init_trace_printk+0x0/0xc @ 1
[    1.724051] initcall init_trace_printk+0x0/0xc returned 0 after 0 usecs
[    1.725064] calling  event_trace_enable_again+0x0/0x23 @ 1
[    1.726051] initcall event_trace_enable_again+0x0/0x23 returned 0 after 0 usecs
[    1.727049] calling  static_call_init+0x0/0x79 @ 1
[    1.728050] initcall static_call_init+0x0/0x79 returned 0 after 0 usecs
[    1.729052] calling  jump_label_init_module+0x0/0xc @ 1
[    1.730052] initcall jump_label_init_module+0x0/0xc returned 0 after 0 usecs
[    1.731057] calling  init_zero_pfn+0x0/0x37 @ 1
[    1.732053] initcall init_zero_pfn+0x0/0x37 returned 0 after 0 usecs
[    1.733050] calling  initialize_ptr_random+0x0/0x54 @ 1
[    1.734071] initcall initialize_ptr_random+0x0/0x54 returned 0 after 0 usecs
[    1.735120] calling  efi_memreserve_root_init+0x0/0x25 @ 1
[    1.737097] initcall efi_memreserve_root_init+0x0/0x25 returned 0 after 0 usecs
[    1.738050] calling  efi_earlycon_remap_fb+0x0/0x51 @ 1
[    1.739049] initcall efi_earlycon_remap_fb+0x0/0x51 returned 0 after 0 usecs
[    1.741448] RCU test callback executed 2
[    1.743668] smp: Bringing up secondary CPUs ...
[    1.747138] x86: Booting SMP configuration:
[    1.748048] .... node  #0, CPUs:      #1
[    1.219709] kvm-clock: cpu 1, msr dd23041, secondary cpu clock
[    1.777458] kvm-guest: stealtime: cpu 1, msr 1f45bb40
[    1.795715]  #2
[    1.219709] kvm-clock: cpu 2, msr dd23081, secondary cpu clock
[    1.821279] kvm-guest: stealtime: cpu 2, msr 1f49bb40
[    1.839855]  #3
[    1.219709] kvm-clock: cpu 3, msr dd230c1, secondary cpu clock
[    1.867300] kvm-guest: stealtime: cpu 3, msr 1f4dbb40
[    1.886052]  #4
[    1.219709] kvm-clock: cpu 4, msr dd23101, secondary cpu clock
[    1.908229] kvm-guest: stealtime: cpu 4, msr 1f51bb40
[    1.923913]  #5
[    1.219709] kvm-clock: cpu 5, msr dd23141, secondary cpu clock
[    1.946224] kvm-guest: stealtime: cpu 5, msr 1f55bb40
[    1.962061]  #6
[    1.219709] kvm-clock: cpu 6, msr dd23181, secondary cpu clock
[    1.986256] kvm-guest: stealtime: cpu 6, msr 1f59bb40
[    2.001984]  #7
[    1.219709] kvm-clock: cpu 7, msr dd231c1, secondary cpu clock
[    2.027366] kvm-guest: stealtime: cpu 7, msr 1f5dbb40
[    2.046048] smp: Brought up 1 node, 8 CPUs
[    2.047047] smpboot: Max logical packages: 1
[    2.048054] smpboot: Total of 8 processors activated (31999.98 BogoMIPS)
[    2.057050] devtmpfs: initialized
[    2.059279] calling  ipc_ns_init+0x0/0x3d @ 1
[    2.060118] initcall ipc_ns_init+0x0/0x3d returned 0 after 0 usecs
[    2.061058] calling  init_mmap_min_addr+0x0/0x21 @ 1
[    2.062051] initcall init_mmap_min_addr+0x0/0x21 returned 0 after 0 usecs
[    2.063050] calling  pci_realloc_setup_params+0x0/0x3f @ 1
[    2.064051] initcall pci_realloc_setup_params+0x0/0x3f returned 0 after 0 usecs
[    2.065050] calling  net_ns_init+0x0/0x12a @ 1
[    2.068322] initcall net_ns_init+0x0/0x12a returned 0 after 1953 usecs
[    2.069070] calling  e820__register_nvs_regions+0x0/0x37 @ 1
[    2.070052] initcall e820__register_nvs_regions+0x0/0x37 returned 0 after 0 usecs
[    2.071051] calling  cpufreq_register_tsc_scaling+0x0/0x2e @ 1
[    2.072051] initcall cpufreq_register_tsc_scaling+0x0/0x2e returned 0 after 0 usecs
[    2.073055] calling  reboot_init+0x0/0x3c @ 1
[    2.074113] initcall reboot_init+0x0/0x3c returned 0 after 0 usecs
[    2.075055] calling  init_lapic_sysfs+0x0/0x20 @ 1
[    2.076063] initcall init_lapic_sysfs+0x0/0x20 returned 0 after 0 usecs
[    2.077050] calling  alloc_frozen_cpus+0x0/0x7 @ 1
[    2.078053] initcall alloc_frozen_cpus+0x0/0x7 returned 0 after 0 usecs
[    2.079051] calling  cpu_hotplug_pm_sync_init+0x0/0x13 @ 1
[    2.080095] initcall cpu_hotplug_pm_sync_init+0x0/0x13 returned 0 after 0 usecs
[    2.081050] calling  wq_sysfs_init+0x0/0x2a @ 1
[    2.082151] initcall wq_sysfs_init+0x0/0x2a returned 0 after 0 usecs
[    2.083053] calling  ksysfs_init+0x0/0x92 @ 1
[    2.084088] initcall ksysfs_init+0x0/0x92 returned 0 after 0 usecs
[    2.085049] calling  schedutil_gov_init+0x0/0xc @ 1
[    2.086134] initcall schedutil_gov_init+0x0/0xc returned 0 after 0 usecs
[    2.087049] calling  pm_init+0x0/0x76 @ 1
[    2.089169] initcall pm_init+0x0/0x76 returned 0 after 0 usecs
[    2.090065] calling  pm_disk_init+0x0/0x13 @ 1
[    2.091089] initcall pm_disk_init+0x0/0x13 returned 0 after 0 usecs
[    2.092067] calling  swsusp_header_init+0x0/0x2b @ 1
[    2.093058] initcall swsusp_header_init+0x0/0x2b returned 0 after 0 usecs
[    2.094076] calling  rcu_set_runtime_mode+0x0/0x2a @ 1
[    2.097323] initcall rcu_set_runtime_mode+0x0/0x2a returned 0 after 1953 usecs
[    2.098050] calling  init_jiffies_clocksource+0x0/0x13 @ 1
[    2.099048] clocksource: jiffies: mask: 0xffffffff max_cycles: 0xffffffff, max_idle_ns: 1911260446275000 ns
[    2.100060] initcall init_jiffies_clocksource+0x0/0x13 returned 0 after 976 usecs
[    2.101053] calling  futex_init+0x0/0x118 @ 1
[    2.102054] futex hash table entries: 2048 (order: 6, 262144 bytes, linear)
[    2.104672] initcall futex_init+0x0/0x118 returned 0 after 1953 usecs
[    2.105056] calling  cgroup_wq_init+0x0/0x28 @ 1
[    2.106074] initcall cgroup_wq_init+0x0/0x28 returned 0 after 0 usecs
[    2.107051] calling  cgroup1_wq_init+0x0/0x28 @ 1
[    2.108069] initcall cgroup1_wq_init+0x0/0x28 returned 0 after 0 usecs
[    2.109050] calling  init_kprobe_trace_early+0x0/0x2a @ 1
[    2.110122] initcall init_kprobe_trace_early+0x0/0x2a returned 0 after 0 usecs
[    2.111050] calling  fsnotify_init+0x0/0x56 @ 1
[    2.112093] initcall fsnotify_init+0x0/0x56 returned 0 after 0 usecs
[    2.113049] calling  filelock_init+0x0/0xb3 @ 1
[    2.114168] initcall filelock_init+0x0/0xb3 returned 0 after 0 usecs
[    2.115050] calling  init_misc_binfmt+0x0/0x2c @ 1
[    2.116141] initcall init_misc_binfmt+0x0/0x2c returned 0 after 0 usecs
[    2.117053] calling  init_script_binfmt+0x0/0x15 @ 1
[    2.118054] initcall init_script_binfmt+0x0/0x15 returned 0 after 0 usecs
[    2.119053] calling  init_elf_binfmt+0x0/0x15 @ 1
[    2.120053] initcall init_elf_binfmt+0x0/0x15 returned 0 after 0 usecs
[    2.121052] calling  init_compat_elf_binfmt+0x0/0x15 @ 1
[    2.123052] initcall init_compat_elf_binfmt+0x0/0x15 returned 0 after 0 usecs
[    2.124050] calling  debugfs_init+0x0/0x5c @ 1
[    2.125089] initcall debugfs_init+0x0/0x5c returned 0 after 0 usecs
[    2.126050] calling  tracefs_init+0x0/0x3a @ 1
[    2.127061] initcall tracefs_init+0x0/0x3a returned 0 after 0 usecs
[    2.128052] calling  prandom_init_early+0x0/0x15d @ 1
[    2.129051] initcall prandom_init_early+0x0/0x15d returned 0 after 0 usecs
[    2.130092] calling  virtio_init+0x0/0x20 @ 1
[    2.132058] initcall virtio_init+0x0/0x20 returned 0 after 976 usecs
[    2.133050] calling  iommu_init+0x0/0x2a @ 1
[    2.134077] initcall iommu_init+0x0/0x2a returned 0 after 0 usecs
[    2.135051] calling  component_debug_init+0x0/0x1c @ 1
[    2.136462] initcall component_debug_init+0x0/0x1c returned 0 after 0 usecs
[    2.137051] calling  early_resume_init+0x0/0xb9 @ 1
[    2.139047] PM: RTC time: 08:31:09, date: 2022-12-13
[    2.140094] initcall early_resume_init+0x0/0xb9 returned 0 after 1953 usecs
[    2.142135] calling  cpufreq_core_init+0x0/0x62 @ 1
[    2.143077] initcall cpufreq_core_init+0x0/0x62 returned 0 after 0 usecs
[    2.144051] calling  cpufreq_gov_performance_init+0x0/0xc @ 1
[    2.145055] initcall cpufreq_gov_performance_init+0x0/0xc returned 0 after 0 usecs
[    2.146051] calling  cpufreq_gov_userspace_init+0x0/0xc @ 1
[    2.147053] initcall cpufreq_gov_userspace_init+0x0/0xc returned 0 after 0 usecs
[    2.148051] calling  CPU_FREQ_GOV_ONDEMAND_init+0x0/0xc @ 1
[    2.149056] initcall CPU_FREQ_GOV_ONDEMAND_init+0x0/0xc returned 0 after 0 usecs
[    2.150051] calling  cpuidle_init+0x0/0x1f @ 1
[    2.151098] initcall cpuidle_init+0x0/0x1f returned 0 after 0 usecs
[    2.152050] calling  capsule_reboot_register+0x0/0xc @ 1
[    2.153099] initcall capsule_reboot_register+0x0/0xc returned 0 after 0 usecs
[    2.154052] calling  sock_init+0x0/0x93 @ 1
[    2.158107] initcall sock_init+0x0/0x93 returned 0 after 2929 usecs
[    2.168056] calling  net_inuse_init+0x0/0x23 @ 1
[    2.175083] initcall net_inuse_init+0x0/0x23 returned 0 after 0 usecs
[    2.185054] calling  net_defaults_init+0x0/0x23 @ 1
[    2.193056] initcall net_defaults_init+0x0/0x23 returned 0 after 0 usecs
[    2.204054] calling  init_default_flow_dissectors+0x0/0x4f @ 1
[    2.213091] initcall init_default_flow_dissectors+0x0/0x4f returned 0 after 0 usecs
[    2.225099] calling  netpoll_init+0x0/0x44 @ 1
[    2.232052] initcall netpoll_init+0x0/0x44 returned 0 after 0 usecs
[    2.241053] calling  netlink_proto_init+0x0/0x154 @ 1
[    2.250183] NET: Registered protocol family 16
[    2.257495] initcall netlink_proto_init+0x0/0x154 returned 0 after 7812 usecs
[    2.268070] calling  genl_init+0x0/0x35 @ 1
[    2.273163] initcall genl_init+0x0/0x35 returned 0 after 0 usecs
[    2.280097] calling  bsp_pm_check_init+0x0/0x13 @ 1
[    2.286051] initcall bsp_pm_check_init+0x0/0x13 returned 0 after 0 usecs
[    2.295123] calling  irq_sysfs_init+0x0/0xb9 @ 1
[    2.301350] initcall irq_sysfs_init+0x0/0xb9 returned 0 after 0 usecs
[    2.309050] calling  audit_init+0x0/0x127 @ 1
[    2.315059] audit: initializing netlink subsys (disabled)
[    2.325664] initcall audit_init+0x0/0x127 returned 0 after 9765 usecs
[    2.326081] audit: type=2000 audit(1670920267.083:1): state=initialized audit_enabled=0 res=1
[    2.336055] calling  release_early_probes+0x0/0x32 @ 1
[    2.353053] initcall release_early_probes+0x0/0x32 returned 0 after 0 usecs
[    2.361049] calling  bdi_class_init+0x0/0x48 @ 1
[    2.368228] initcall bdi_class_init+0x0/0x48 returned 0 after 976 usecs
[    2.376050] calling  mm_sysfs_init+0x0/0x28 @ 1
[    2.382059] initcall mm_sysfs_init+0x0/0x28 returned 0 after 0 usecs
[    2.390050] calling  init_per_zone_wmark_min+0x0/0x6d @ 1
[    2.397116] initcall init_per_zone_wmark_min+0x0/0x6d returned 0 after 0 usecs
[    2.406055] calling  mpi_init+0x0/0x3e @ 1
[    2.411069] initcall mpi_init+0x0/0x3e returned 0 after 0 usecs
[    2.419046] calling  kobject_uevent_init+0x0/0xc @ 1
[    2.425076] initcall kobject_uevent_init+0x0/0xc returned 0 after 0 usecs
[    2.433048] calling  pcibus_class_init+0x0/0x13 @ 1
[    2.440095] initcall pcibus_class_init+0x0/0x13 returned 0 after 0 usecs
[    2.448047] calling  pci_driver_init+0x0/0x21 @ 1
[    2.454124] initcall pci_driver_init+0x0/0x21 returned 0 after 0 usecs
[    2.461050] calling  backlight_class_init+0x0/0xa8 @ 1
[    2.468121] initcall backlight_class_init+0x0/0xa8 returned 0 after 0 usecs
[    2.476054] calling  tty_class_init+0x0/0x33 @ 1
[    2.482073] initcall tty_class_init+0x0/0x33 returned 0 after 0 usecs
[    2.490050] calling  vtconsole_class_init+0x0/0xb5 @ 1
[    2.496260] initcall vtconsole_class_init+0x0/0xb5 returned 0 after 0 usecs
[    2.505051] calling  iommu_dev_init+0x0/0x13 @ 1
[    2.511067] initcall iommu_dev_init+0x0/0x13 returned 0 after 0 usecs
[    2.517056] calling  mipi_dsi_bus_init+0x0/0xc @ 1
[    2.523086] initcall mipi_dsi_bus_init+0x0/0xc returned 0 after 0 usecs
[    2.530051] calling  devlink_class_init+0x0/0x40 @ 1
[    2.537131] initcall devlink_class_init+0x0/0x40 returned 0 after 0 usecs
[    2.544051] calling  software_node_init+0x0/0x2a @ 1
[    2.550063] initcall software_node_init+0x0/0x2a returned 0 after 0 usecs
[    2.559051] calling  wakeup_sources_debugfs_init+0x0/0x23 @ 1
[    2.566079] initcall wakeup_sources_debugfs_init+0x0/0x23 returned 0 after 0 usecs
[    2.576050] calling  wakeup_sources_sysfs_init+0x0/0x2c @ 1
[    2.583074] initcall wakeup_sources_sysfs_init+0x0/0x2c returned 0 after 0 usecs
[    2.592050] calling  register_node_type+0x0/0x13 @ 1
[    2.598128] initcall register_node_type+0x0/0x13 returned 0 after 0 usecs
[    2.607049] calling  regmap_initcall+0x0/0xc @ 1
[    2.613120] initcall regmap_initcall+0x0/0xc returned 0 after 0 usecs
[    2.621047] calling  i2c_init+0x0/0xb3 @ 1
[    2.626225] initcall i2c_init+0x0/0xb3 returned 0 after 0 usecs
[    2.634050] calling  thermal_init+0x0/0x116 @ 1
[    2.640127] thermal_sys: Registered thermal governor 'step_wise'
[    2.640130] thermal_sys: Registered thermal governor 'user_space'
[    2.648071] initcall thermal_init+0x0/0x116 returned 0 after 7812 usecs
[    2.664061] calling  init_menu+0x0/0xc @ 1
[    2.672298] cpuidle: using governor menu
[    2.677052] initcall init_menu+0x0/0xc returned 0 after 6835 usecs
[    2.685054] calling  pcc_init+0x0/0x4d @ 1
[    2.690100] initcall pcc_init+0x0/0x4d returned -19 after 0 usecs
[    2.698052] calling  amd_postcore_init+0x0/0x11e @ 1
[    2.704064] initcall amd_postcore_init+0x0/0x11e returned 0 after 0 usecs
[    2.715086] calling  bts_init+0x0/0xba @ 1
[    2.722053] initcall bts_init+0x0/0xba returned -19 after 0 usecs
[    2.731054] calling  pt_init+0x0/0x34d @ 1
[    2.738054] initcall pt_init+0x0/0x34d returned -19 after 0 usecs
[    2.747061] calling  boot_params_ksysfs_init+0x0/0x2ee @ 1
[    2.756266] initcall boot_params_ksysfs_init+0x0/0x2ee returned 0 after 0 usecs
[    2.767056] calling  sbf_init+0x0/0xea @ 1
[    2.773093] initcall sbf_init+0x0/0xea returned 0 after 0 usecs
[    2.780070] calling  arch_kdebugfs_init+0x0/0x219 @ 1
[    2.787450] initcall arch_kdebugfs_init+0x0/0x219 returned 0 after 0 usecs
[    2.796052] calling  intel_pconfig_init+0x0/0x85 @ 1
[    2.802052] initcall intel_pconfig_init+0x0/0x85 returned 0 after 0 usecs
[    2.810054] calling  mtrr_if_init+0x0/0x5d @ 1
[    2.815137] initcall mtrr_if_init+0x0/0x5d returned 0 after 0 usecs
[    2.823051] calling  activate_jump_labels+0x0/0x31 @ 1
[    2.830051] initcall activate_jump_labels+0x0/0x31 returned 0 after 0 usecs
[    2.839050] calling  ffh_cstate_init+0x0/0x29 @ 1
[    2.845056] initcall ffh_cstate_init+0x0/0x29 returned 0 after 0 usecs
[    2.853051] calling  activate_jump_labels+0x0/0x31 @ 1
[    2.860744] initcall activate_jump_labels+0x0/0x31 returned 0 after 0 usecs
[    2.869050] calling  kvm_alloc_cpumask+0x0/0x74 @ 1
[    2.876098] initcall kvm_alloc_cpumask+0x0/0x74 returned 0 after 0 usecs
[    2.884050] calling  kcmp_cookies_init+0x0/0x37 @ 1
[    2.890057] initcall kcmp_cookies_init+0x0/0x37 returned 0 after 0 usecs
[    2.899051] calling  cryptomgr_init+0x0/0xc @ 1
[    2.905189] initcall cryptomgr_init+0x0/0xc returned 0 after 0 usecs
[    2.913050] calling  acpi_pci_init+0x0/0x57 @ 1
[    2.919063] ACPI: bus type PCI registered
[    2.924058] initcall acpi_pci_init+0x0/0x57 returned 0 after 4882 usecs
[    2.933056] calling  dma_channel_table_init+0x0/0xd1 @ 1
[    2.940069] initcall dma_channel_table_init+0x0/0xd1 returned 0 after 0 usecs
[    2.949053] calling  dma_bus_init+0x0/0xdc @ 1
[    2.956556] initcall dma_bus_init+0x0/0xdc returned 0 after 0 usecs
[    2.965165] calling  iommu_dma_init+0x0/0x10 @ 1
[    2.971165] initcall iommu_dma_init+0x0/0x10 returned 0 after 0 usecs
[    2.980055] calling  dmi_id_init+0x0/0x37c @ 1
[    2.986706] initcall dmi_id_init+0x0/0x37c returned 0 after 0 usecs
[    2.995051] calling  pci_arch_init+0x0/0x71 @ 1
[    3.001939] PCI: MMCONFIG for domain 0000 [bus 00-ff] at [mem 0xb0000000-0xbfffffff] (base 0xb0000000)
[    3.014088] PCI: MMCONFIG at [mem 0xb0000000-0xbfffffff] reserved in E820
[    3.023280] PCI: Using configuration type 1 for base access
[    3.030095] initcall pci_arch_init+0x0/0x71 returned 0 after 28320 usecs
[    3.040073] calling  init_vdso+0x0/0x13 @ 1
[    3.045092] initcall init_vdso+0x0/0x13 returned 0 after 976 usecs
[    3.053050] calling  sysenter_setup+0x0/0x13 @ 1
[    3.059090] initcall sysenter_setup+0x0/0x13 returned 0 after 0 usecs
[    3.067050] calling  fixup_ht_bug+0x0/0xe5 @ 1
[    3.073065] initcall fixup_ht_bug+0x0/0xe5 returned 0 after 0 usecs
[    3.081052] calling  topology_init+0x0/0x88 @ 1
[    3.089332] initcall topology_init+0x0/0x88 returned 0 after 1953 usecs
[    3.097050] calling  intel_epb_init+0x0/0x68 @ 1
[    3.103055] initcall intel_epb_init+0x0/0x68 returned -19 after 0 usecs
[    3.112051] calling  mtrr_init_finialize+0x0/0x3e @ 1
[    3.120050] initcall mtrr_init_finialize+0x0/0x3e returned 0 after 0 usecs
[    3.128051] calling  uid_cache_init+0x0/0x85 @ 1
[    3.134102] initcall uid_cache_init+0x0/0x85 returned 0 after 0 usecs
[    3.143052] calling  param_sysfs_init+0x0/0x1ba @ 1
[    3.173605] initcall param_sysfs_init+0x0/0x1ba returned 0 after 23437 usecs
[    3.181058] calling  user_namespace_sysctl_init+0x0/0x33 @ 1
[    3.186071] initcall user_namespace_sysctl_init+0x0/0x33 returned 0 after 0 usecs
[    3.191053] calling  proc_schedstat_init+0x0/0x24 @ 1
[    3.196060] initcall proc_schedstat_init+0x0/0x24 returned 0 after 0 usecs
[    3.205049] calling  pm_sysrq_init+0x0/0x18 @ 1
[    3.213142] initcall pm_sysrq_init+0x0/0x18 returned 0 after 1953 usecs
[    3.223251] calling  create_proc_profile+0x0/0xd0 @ 1
[    3.229056] initcall create_proc_profile+0x0/0xd0 returned 0 after 0 usecs
[    3.239053] calling  time_ns_init+0x0/0x7 @ 1
[    3.247054] initcall time_ns_init+0x0/0x7 returned 0 after 0 usecs
[    3.256053] calling  crash_save_vmcoreinfo_init+0x0/0x722 @ 1
[    3.265063] initcall crash_save_vmcoreinfo_init+0x0/0x722 returned 0 after 0 usecs
[    3.276052] calling  crash_notes_memory_init+0x0/0x35 @ 1
[    3.283058] initcall crash_notes_memory_init+0x0/0x35 returned 0 after 0 usecs
[    3.295054] calling  cgroup_sysfs_init+0x0/0x13 @ 1
[    3.302260] initcall cgroup_sysfs_init+0x0/0x13 returned 0 after 0 usecs
[    3.312067] calling  cgroup_namespaces_init+0x0/0x7 @ 1
[    3.321051] initcall cgroup_namespaces_init+0x0/0x7 returned 0 after 0 usecs
[    3.331053] calling  init_optprobes+0x0/0x13 @ 1
[    3.339136] Kprobes globally optimized
[    3.345055] initcall init_optprobes+0x0/0x13 returned 0 after 5859 usecs
[    3.355054] calling  oom_init+0x0/0x2f @ 1
[    3.363280] initcall oom_init+0x0/0x2f returned 0 after 976 usecs
[    3.373342] calling  default_bdi_init+0x0/0xb3 @ 1
[    3.382929] initcall default_bdi_init+0x0/0xb3 returned 0 after 1953 usecs
[    3.393053] calling  percpu_enable_async+0x0/0xe @ 1
[    3.401051] initcall percpu_enable_async+0x0/0xe returned 0 after 0 usecs
[    3.411052] calling  kcompactd_init+0x0/0x8d @ 1
[    3.420289] initcall kcompactd_init+0x0/0x8d returned 0 after 1953 usecs
[    3.429215] calling  init_user_reserve+0x0/0x40 @ 1
[    3.436070] initcall init_user_reserve+0x0/0x40 returned 0 after 0 usecs
[    3.445050] calling  init_admin_reserve+0x0/0x40 @ 1
[    3.451050] initcall init_admin_reserve+0x0/0x40 returned 0 after 0 usecs
[    3.460050] calling  init_reserve_notifier+0x0/0x7 @ 1
[    3.467050] initcall init_reserve_notifier+0x0/0x7 returned 0 after 0 usecs
[    3.476049] calling  swap_init_sysfs+0x0/0x62 @ 1
[    3.482065] initcall swap_init_sysfs+0x0/0x62 returned 0 after 0 usecs
[    3.491050] calling  swapfile_init+0x0/0x94 @ 1
[    3.497051] initcall swapfile_init+0x0/0x94 returned 0 after 0 usecs
[    3.504050] calling  hugetlb_init+0x0/0x49e @ 1
[    3.510254] HugeTLB registered 2.00 MiB page size, pre-allocated 0 pages
[    3.520284] initcall hugetlb_init+0x0/0x49e returned 0 after 9765 usecs
[    3.530054] calling  io_wq_init+0x0/0x34 @ 1
[    3.537208] initcall io_wq_init+0x0/0x34 returned 0 after 0 usecs
[    3.545054] calling  seqiv_module_init+0x0/0xc @ 1
[    3.551242] initcall seqiv_module_init+0x0/0xc returned 0 after 0 usecs
[    3.557060] calling  echainiv_module_init+0x0/0xc @ 1
[    3.563055] initcall echainiv_module_init+0x0/0xc returned 0 after 0 usecs
[    3.573369] calling  rsa_init+0x0/0x50 @ 1
[    3.580284] initcall rsa_init+0x0/0x50 returned 0 after 976 usecs
[    3.581105] cryptomgr_test (68) used greatest stack depth: 14864 bytes left
[    3.588054] calling  crypto_cmac_module_init+0x0/0xc @ 1
[    3.588061] initcall crypto_cmac_module_init+0x0/0xc returned 0 after 0 usecs
[    3.588063] calling  hmac_module_init+0x0/0xc @ 1
[    3.588067] initcall hmac_module_init+0x0/0xc returned 0 after 0 usecs
[    3.588069] calling  crypto_null_mod_init+0x0/0x65 @ 1
[    3.611267] initcall crypto_null_mod_init+0x0/0x65 returned 0 after 22460 usecs
[    3.647060] calling  md5_mod_init+0x0/0xc @ 1
[    3.659059] initcall md5_mod_init+0x0/0xc returned 0 after 4882 usecs
[    3.668058] calling  sha256_generic_mod_init+0x0/0x11 @ 1
[    3.690090] initcall sha256_generic_mod_init+0x0/0x11 returned 0 after 17578 usecs
[    3.700059] calling  crypto_cbc_module_init+0x0/0xc @ 1
[    3.706055] initcall crypto_cbc_module_init+0x0/0xc returned 0 after 0 usecs
[    3.715049] calling  crypto_ctr_module_init+0x0/0x11 @ 1
[    3.721052] initcall crypto_ctr_module_init+0x0/0x11 returned 0 after 0 usecs
[    3.731053] calling  crypto_gcm_module_init+0x0/0x64 @ 1
[    3.739088] initcall crypto_gcm_module_init+0x0/0x64 returned 0 after 0 usecs
[    3.750052] calling  crypto_ccm_module_init+0x0/0x11 @ 1
[    3.756056] initcall crypto_ccm_module_init+0x0/0x11 returned 0 after 0 usecs
[    3.765050] calling  aes_init+0x0/0xc @ 1
[    3.771057] initcall aes_init+0x0/0xc returned 0 after 976 usecs
[    3.778051] calling  crc32c_mod_init+0x0/0xc @ 1
[    3.785252] initcall crc32c_mod_init+0x0/0xc returned 0 after 976 usecs
[    3.795060] calling  crypto_authenc_module_init+0x0/0xc @ 1
[    3.804059] initcall crypto_authenc_module_init+0x0/0xc returned 0 after 0 usecs
[    3.814054] calling  crypto_authenc_esn_module_init+0x0/0xc @ 1
[    3.821055] initcall crypto_authenc_esn_module_init+0x0/0xc returned 0 after 0 usecs
[    3.831051] calling  drbg_init+0x0/0x7c @ 1
[    3.846053] initcall drbg_init+0x0/0x7c returned 0 after 9765 usecs
[    3.854054] calling  ghash_mod_init+0x0/0xc @ 1
[    3.861050] initcall ghash_mod_init+0x0/0xc returned 0 after 1953 usecs
[    3.869053] calling  init_bio+0x0/0x9a @ 1
[    3.874347] initcall init_bio+0x0/0x9a returned 0 after 0 usecs
[    3.882096] calling  blk_settings_init+0x0/0x29 @ 1
[    3.888073] initcall blk_settings_init+0x0/0x29 returned 0 after 0 usecs
[    3.896045] calling  blk_ioc_init+0x0/0x29 @ 1
[    3.901056] initcall blk_ioc_init+0x0/0x29 returned 0 after 0 usecs
[    3.909048] calling  blk_mq_init+0x0/0xb9 @ 1
[    3.914053] initcall blk_mq_init+0x0/0xb9 returned 0 after 0 usecs
[    3.922049] calling  genhd_device_init+0x0/0x75 @ 1
[    3.934210] initcall genhd_device_init+0x0/0x75 returned 0 after 5859 usecs
[    3.943162] calling  pci_slot_init+0x0/0x40 @ 1
[    3.949065] initcall pci_slot_init+0x0/0x40 returned 0 after 0 usecs
[    3.957050] calling  fbmem_init+0x0/0xd8 @ 1
[    3.962307] initcall fbmem_init+0x0/0xd8 returned 0 after 1953 usecs
[    3.973054] calling  acpi_init+0x0/0x319 @ 1
[    3.979184] ACPI: Added _OSI(Module Device)
[    3.984065] ACPI: Added _OSI(Processor Device)
[    3.998455] ACPI: Added _OSI(3.0 _SCP Extensions)
[    4.005051] ACPI: Added _OSI(Processor Aggregator Device)
[    4.012655] ACPI: Added _OSI(Linux-Dell-Video)
[    4.021055] ACPI: Added _OSI(Linux-Lenovo-NV-HDMI-Audio)
[    4.028053] ACPI: Added _OSI(Linux-HPI-Hybrid-Graphics)
[    4.058817] ACPI: 1 ACPI AML tables successfully acquired and loaded
[    4.128650] ACPI: Interpreter enabled
[    4.136458] ACPI: (supports S0 S3 S4 S5)
[    4.142498] ACPI: Using IOAPIC for interrupt routing
[    4.152242] PCI: Using host bridge windows from ACPI; if necessary, use "pci=nocrs" and report a bug
[    4.168040] ACPI: Enabled 2 GPEs in block 00 to 3F
[    4.193299] ACPI: PCI Root Bridge [PCI0] (domain 0000 [bus 00-ff])
[    4.201337] acpi PNP0A08:00: _OSC: OS supports [ExtendedConfig ASPM ClockPM Segments MSI HPX-Type3]
[    4.213045] acpi PNP0A08:00: _OSC: platform does not support [LTR]
[    4.220292] acpi PNP0A08:00: _OSC: OS now controls [PME PCIeCapability]
[    4.229569] PCI host bridge to bus 0000:00
[    4.235070] pci_bus 0000:00: root bus resource [io  0x0000-0x0cf7 window]
[    4.243049] pci_bus 0000:00: root bus resource [io  0x0d00-0xffff window]
[    4.248049] pci_bus 0000:00: root bus resource [mem 0x000a0000-0x000bffff window]
[    4.258050] pci_bus 0000:00: root bus resource [mem 0x20000000-0xafffffff window]
[    4.267050] pci_bus 0000:00: root bus resource [mem 0xc0000000-0xfebfffff window]
[    4.277051] pci_bus 0000:00: root bus resource [mem 0x100000000-0x8ffffffff window]
[    4.287169] pci_bus 0000:00: root bus resource [bus 00-ff]
[    4.298040] pci 0000:00:00.0: calling  quirk_mmio_always_on+0x0/0x10 @ 1
[    4.308469] pci 0000:00:00.0: quirk_mmio_always_on+0x0/0x10 took 0 usecs
[    4.317070] pci 0000:00:00.0: [8086:29c0] type 00 class 0x060000
[    4.329040] pci 0000:00:00.0: calling  quirk_igfx_skip_te_disable+0x0/0x80 @ 1
[    4.341056] pci 0000:00:00.0: quirk_igfx_skip_te_disable+0x0/0x80 took 976 usecs
[    4.357053] pci 0000:00:01.0: [1234:1111] type 00 class 0x030000
[    4.382048] pci 0000:00:01.0: reg 0x10: [mem 0xfd000000-0xfdffffff pref]
[    4.410070] pci 0000:00:01.0: reg 0x18: [mem 0xfebf0000-0xfebf0fff]
[    4.448496] pci 0000:00:01.0: reg 0x30: [mem 0xfebe0000-0xfebeffff pref]
[    4.466048] pci 0000:00:01.0: calling  efifb_fixup_resources+0x0/0xf0 @ 1
[    4.475391] pci 0000:00:01.0: efifb_fixup_resources+0x0/0xf0 took 976 usecs
[    4.504063] pci 0000:00:1f.0: [8086:2918] type 00 class 0x060100
[    4.518203] pci 0000:00:1f.0: calling  quirk_ich7_lpc+0x0/0x60 @ 1
[    4.529049] pci 0000:00:1f.0: quirk: [io  0x0600-0x067f] claimed by ICH6 ACPI/GPIO/TCO
[    4.541562] pci 0000:00:1f.0: quirk_ich7_lpc+0x0/0x60 took 13671 usecs
[    4.550500] pci 0000:00:1f.0: calling  quirk_igfx_skip_te_disable+0x0/0x80 @ 1
[    4.558168] pci 0000:00:1f.0: quirk_igfx_skip_te_disable+0x0/0x80 took 0 usecs
[    4.580047] pci 0000:00:1f.2: [8086:2922] type 00 class 0x010601
[    4.596046] pci 0000:00:1f.2: reg 0x20: [io  0xc040-0xc05f]
[    4.604047] pci 0000:00:1f.2: reg 0x24: [mem 0xfebf1000-0xfebf1fff]
[    4.612924] pci 0000:00:1f.2: calling  quirk_igfx_skip_te_disable+0x0/0x80 @ 1
[    4.619058] pci 0000:00:1f.2: quirk_igfx_skip_te_disable+0x0/0x80 took 0 usecs
[    4.631245] pci 0000:00:1f.3: [8086:2930] type 00 class 0x0c0500
[    4.643457] pci 0000:00:1f.3: reg 0x20: [io  0x0700-0x073f]
[    4.657062] pci 0000:00:1f.3: calling  quirk_igfx_skip_te_disable+0x0/0x80 @ 1
[    4.667064] pci 0000:00:1f.3: quirk_igfx_skip_te_disable+0x0/0x80 took 0 usecs
[    4.714460] ACPI: PCI Interrupt Link [LNKA] (IRQs 5 *10 11)
[    4.726065] ACPI: PCI Interrupt Link [LNKB] (IRQs 5 *10 11)
[    4.733090] ACPI: PCI Interrupt Link [LNKC] (IRQs 5 10 *11)
[    4.740196] ACPI: PCI Interrupt Link [LNKD] (IRQs 5 10 *11)
[    4.750265] ACPI: PCI Interrupt Link [LNKE] (IRQs 5 *10 11)
[    4.760088] ACPI: PCI Interrupt Link [LNKF] (IRQs 5 *10 11)
[    4.765359] ACPI: PCI Interrupt Link [LNKG] (IRQs 5 10 *11)
[    4.774710] ACPI: PCI Interrupt Link [LNKH] (IRQs 5 10 *11)
[    4.785048] ACPI: PCI Interrupt Link [GSIA] (IRQs *16)
[    4.791074] ACPI: PCI Interrupt Link [GSIB] (IRQs *17)
[    4.800161] ACPI: PCI Interrupt Link [GSIC] (IRQs *18)
[    4.807431] ACPI: PCI Interrupt Link [GSID] (IRQs *19)
[    4.816290] ACPI: PCI Interrupt Link [GSIE] (IRQs *20)
[    4.824220] ACPI: PCI Interrupt Link [GSIF] (IRQs *21)
[    4.833117] ACPI: PCI Interrupt Link [GSIG] (IRQs *22)
[    4.841196] ACPI: PCI Interrupt Link [GSIH] (IRQs *23)
[    4.853364] initcall acpi_init+0x0/0x319 returned 0 after 853515 usecs
[    4.861260] calling  pnp_init+0x0/0xc @ 1
[    4.867193] initcall pnp_init+0x0/0xc returned 0 after 0 usecs
[    4.876062] calling  misc_init+0x0/0xbf @ 1
[    4.883128] initcall misc_init+0x0/0xbf returned 0 after 976 usecs
[    4.892060] calling  iommu_subsys_init+0x0/0x4e @ 1
[    4.900083] iommu: Default domain type: Translated 
[    4.906053] initcall iommu_subsys_init+0x0/0x4e returned 0 after 5859 usecs
[    4.914052] calling  vga_arb_device_init+0x0/0x261 @ 1
[    4.925508] pci 0000:00:01.0: vgaarb: setting as boot VGA device
[    4.926040] pci 0000:00:01.0: vgaarb: VGA device added: decodes=io+mem,owns=io+mem,locks=none
[    4.943058] pci 0000:00:01.0: vgaarb: bridge control possible
[    4.950090] vgaarb: loaded
[    4.953052] initcall vga_arb_device_init+0x0/0x261 returned 0 after 31250 usecs
[    4.962095] calling  cn_init+0x0/0xf0 @ 1
[    4.967705] initcall cn_init+0x0/0xf0 returned 0 after 976 usecs
[    4.975052] calling  dma_buf_init+0x0/0xad @ 1
[    4.981512] initcall dma_buf_init+0x0/0xad returned 0 after 976 usecs
[    4.989050] calling  dma_resv_lockdep+0x0/0x281 @ 1
[    4.996205] initcall dma_resv_lockdep+0x0/0x281 returned 0 after 976 usecs
[    5.005065] calling  init_scsi+0x0/0x79 @ 1
[    5.010760] SCSI subsystem initialized
[    5.015050] initcall init_scsi+0x0/0x79 returned 0 after 4882 usecs
[    5.023048] calling  ata_init+0x0/0x332 @ 1
[    5.031371] libata version 3.00 loaded.
[    5.036050] initcall ata_init+0x0/0x332 returned 0 after 7812 usecs
[    5.044048] calling  phy_init+0x0/0x250 @ 1
[    5.049484] initcall phy_init+0x0/0x250 returned 0 after 976 usecs
[    5.058049] calling  init_pcmcia_cs+0x0/0x35 @ 1
[    5.063114] initcall init_pcmcia_cs+0x0/0x35 returned 0 after 0 usecs
[    5.072048] calling  usb_common_init+0x0/0x1c @ 1
[    5.077156] initcall usb_common_init+0x0/0x1c returned 0 after 0 usecs
[    5.087067] calling  usb_init+0x0/0x12e @ 1
[    5.094065] ACPI: bus type USB registered
[    5.101232] usbcore: registered new interface driver usbfs
[    5.109189] usbcore: registered new interface driver hub
[    5.117130] usbcore: registered new device driver usb
[    5.123057] initcall usb_init+0x0/0x12e returned 0 after 28320 usecs
[    5.131053] calling  serio_init+0x0/0x29 @ 1
[    5.136262] initcall serio_init+0x0/0x29 returned 0 after 0 usecs
[    5.144051] calling  input_init+0x0/0xf6 @ 1
[    5.149220] initcall input_init+0x0/0xf6 returned 0 after 0 usecs
[    5.157051] calling  rtc_init+0x0/0x4d @ 1
[    5.161072] initcall rtc_init+0x0/0x4d returned 0 after 0 usecs
[    5.168050] calling  pps_init+0x0/0xa9 @ 1
[    5.173067] pps_core: LinuxPPS API ver. 1 registered
[    5.179047] pps_core: Software ver. 5.3.6 - Copyright 2005-2007 Rodolfo Giometti <giometti@linux.it>
[    5.190052] initcall pps_init+0x0/0xa9 returned 0 after 16601 usecs
[    5.197050] calling  ptp_init+0x0/0x98 @ 1
[    5.202202] PTP clock support registered
[    5.207049] initcall ptp_init+0x0/0x98 returned 0 after 4882 usecs
[    5.214063] calling  power_supply_class_init+0x0/0x3f @ 1
[    5.220162] initcall power_supply_class_init+0x0/0x3f returned 0 after 0 usecs
[    5.229048] calling  hwmon_init+0x0/0x104 @ 1
[    5.234098] initcall hwmon_init+0x0/0x104 returned 0 after 0 usecs
[    5.241048] calling  md_init+0x0/0x16b @ 1
[    5.247505] initcall md_init+0x0/0x16b returned 0 after 1953 usecs
[    5.255051] calling  leds_init+0x0/0x3b @ 1
[    5.260083] initcall leds_init+0x0/0x3b returned 0 after 0 usecs
[    5.267052] calling  dmi_init+0x0/0x113 @ 1
[    5.272178] initcall dmi_init+0x0/0x113 returned 0 after 0 usecs
[    5.280050] calling  efisubsys_init+0x0/0x4e7 @ 1
[    5.285051] initcall efisubsys_init+0x0/0x4e7 returned 0 after 0 usecs
[    5.293050] calling  nvmem_init+0x0/0xc @ 1
[    5.298147] initcall nvmem_init+0x0/0xc returned 0 after 0 usecs
[    5.306051] calling  init_soundcore+0x0/0x33 @ 1
[    5.311117] initcall init_soundcore+0x0/0x33 returned 0 after 0 usecs
[    5.319050] calling  alsa_sound_init+0x0/0x8f @ 1
[    5.326414] Advanced Linux Sound Architecture Driver Initialized.
[    5.335055] initcall alsa_sound_init+0x0/0x8f returned 0 after 8789 usecs
[    5.345054] calling  alsa_seq_device_init+0x0/0x71 @ 1
[    5.353158] initcall alsa_seq_device_init+0x0/0x71 returned 0 after 0 usecs
[    5.362053] calling  hda_bus_init+0x0/0xc @ 1
[    5.367126] initcall hda_bus_init+0x0/0xc returned 0 after 976 usecs
[    5.377055] calling  proto_init+0x0/0xc @ 1
[    5.383115] initcall proto_init+0x0/0xc returned 0 after 0 usecs
[    5.392054] calling  net_dev_init+0x0/0x27f @ 1
[    5.400513] initcall net_dev_init+0x0/0x27f returned 0 after 1953 usecs
[    5.410053] calling  neigh_init+0x0/0x84 @ 1
[    5.417082] initcall neigh_init+0x0/0x84 returned 0 after 0 usecs
[    5.426085] calling  fib_notifier_init+0x0/0xc @ 1
[    5.433130] initcall fib_notifier_init+0x0/0xc returned 0 after 0 usecs
[    5.441050] calling  fib_rules_init+0x0/0xab @ 1
[    5.447090] initcall fib_rules_init+0x0/0xab returned 0 after 0 usecs
[    5.456062] calling  pktsched_init+0x0/0x10e @ 1
[    5.463061] initcall pktsched_init+0x0/0x10e returned 0 after 0 usecs
[    5.472054] calling  tc_filter_init+0x0/0xfa @ 1
[    5.479153] initcall tc_filter_init+0x0/0xfa returned 0 after 0 usecs
[    5.489053] calling  tc_action_init+0x0/0x54 @ 1
[    5.496084] initcall tc_action_init+0x0/0x54 returned 0 after 0 usecs
[    5.505060] calling  ethnl_init+0x0/0x52 @ 1
[    5.512217] initcall ethnl_init+0x0/0x52 returned 0 after 0 usecs
[    5.521069] calling  nexthop_init+0x0/0xd8 @ 1
[    5.528139] initcall nexthop_init+0x0/0xd8 returned 0 after 0 usecs
[    5.537053] calling  cipso_v4_init+0x0/0x8d @ 1
[    5.544089] initcall cipso_v4_init+0x0/0x8d returned 0 after 0 usecs
[    5.553052] calling  ieee80211_init+0x0/0x24 @ 1
[    5.560320] initcall ieee80211_init+0x0/0x24 returned 0 after 0 usecs
[    5.570052] calling  netlbl_init+0x0/0x78 @ 1
[    5.575063] NetLabel: Initializing
[    5.580049] NetLabel:  domain hash size = 128
[    5.586048] NetLabel:  protocols = UNLABELED CIPSOv4 CALIPSO
[    5.594174] NetLabel:  unlabeled traffic allowed by default
[    5.601053] initcall netlbl_init+0x0/0x78 returned 0 after 25390 usecs
[    5.609059] calling  rfkill_init+0x0/0x136 @ 1
[    5.615279] initcall rfkill_init+0x0/0x136 returned 0 after 976 usecs
[    5.623054] calling  pci_subsys_init+0x0/0x66 @ 1
[    5.629097] PCI: Using ACPI for IRQ routing
[    6.338712] PCI: pci_cache_line_size set to 64 bytes
[    6.347233] e820: reserve RAM buffer [mem 0x0009fc00-0x0009ffff]
[    6.357218] e820: reserve RAM buffer [mem 0x1ffdf000-0x1fffffff]
[    6.366575] initcall pci_subsys_init+0x0/0x66 returned 0 after 719726 usecs
[    6.378044] calling  nmi_warning_debugfs+0x0/0x26 @ 1
[    6.386044] initcall nmi_warning_debugfs+0x0/0x26 returned 0 after 976 usecs
[    6.396068] calling  save_microcode_in_initrd+0x0/0x51 @ 1
[    6.404155] initcall save_microcode_in_initrd+0x0/0x51 returned 0 after 0 usecs
[    6.412050] calling  hpet_late_init+0x0/0x207 @ 1
[    6.418054] hpet: 3 channels of 0 reserved for per-cpu timers
[    6.426289] hpet0: at MMIO 0xfed00000, IRQs 2, 8, 0
[    6.432047] hpet0: 3 comparators, 64-bit 100.000000 MHz counter
[    6.443049] initcall hpet_late_init+0x0/0x207 returned 0 after 24414 usecs
[    6.451051] calling  init_amd_nbs+0x0/0x11c @ 1
[    6.456196] initcall init_amd_nbs+0x0/0x11c returned 0 after 0 usecs
[    6.464068] calling  clocksource_done_booting+0x0/0x43 @ 1
[    6.481040] clocksource: Switched to clocksource kvm-clock
[    6.497507] initcall clocksource_done_booting+0x0/0x43 returned 0 after 27793 usecs
[    6.506562] calling  tracer_init_tracefs+0x0/0x248 @ 1
[    6.756775] initcall tracer_init_tracefs+0x0/0x248 returned 0 after 238350 usecs
[    6.767497] calling  init_trace_printk_function_export+0x0/0x2c @ 1
[    6.775554] initcall init_trace_printk_function_export+0x0/0x2c returned 0 after 21 usecs
[    6.784957] calling  init_kprobe_trace+0x0/0x1ab @ 1
[    6.790705] initcall init_kprobe_trace+0x0/0x1ab returned 0 after 27 usecs
[    6.798370] calling  init_dynamic_event+0x0/0x3d @ 1
[    6.803936] initcall init_dynamic_event+0x0/0x3d returned 0 after 14 usecs
[    6.811550] calling  init_uprobe_trace+0x0/0x5c @ 1
[    6.817049] initcall init_uprobe_trace+0x0/0x5c returned 0 after 18 usecs
[    6.824698] calling  init_pipe_fs+0x0/0x44 @ 1
[    6.830240] initcall init_pipe_fs+0x0/0x44 returned 0 after 414 usecs
[    6.837474] calling  inotify_user_setup+0x0/0x47 @ 1
[    6.843259] initcall inotify_user_setup+0x0/0x47 returned 0 after 101 usecs
[    6.851140] calling  eventpoll_init+0x0/0xeb @ 1
[    6.856599] initcall eventpoll_init+0x0/0xeb returned 0 after 77 usecs
[    6.865688] calling  anon_inode_init+0x0/0x58 @ 1
[    6.871362] initcall anon_inode_init+0x0/0x58 returned 0 after 153 usecs
[    6.879033] calling  proc_locks_init+0x0/0x27 @ 1
[    6.885069] initcall proc_locks_init+0x0/0x27 returned 0 after 135 usecs
[    6.893675] calling  iomap_init+0x0/0x1b @ 1
[    6.899241] initcall iomap_init+0x0/0x1b returned 0 after 639 usecs
[    6.906614] calling  dquot_init+0x0/0x106 @ 1
[    6.912855] VFS: Disk quotas dquot_6.6.0
[    6.918725] VFS: Dquot-cache hash table entries: 512 (order 0, 4096 bytes)
[    6.928677] initcall dquot_init+0x0/0x106 returned 0 after 15467 usecs
[    6.937415] calling  quota_init+0x0/0x23 @ 1
[    6.942989] initcall quota_init+0x0/0x23 returned 0 after 403 usecs
[    6.950398] calling  proc_cmdline_init+0x0/0x21 @ 1
[    6.956464] initcall proc_cmdline_init+0x0/0x21 returned 0 after 9 usecs
[    6.964487] calling  proc_consoles_init+0x0/0x24 @ 1
[    6.971712] initcall proc_consoles_init+0x0/0x24 returned 0 after 9 usecs
[    6.979488] calling  proc_cpuinfo_init+0x0/0x1e @ 1
[    6.985201] initcall proc_cpuinfo_init+0x0/0x1e returned 0 after 7 usecs
[    6.992842] calling  proc_devices_init+0x0/0x24 @ 1
[    6.998595] initcall proc_devices_init+0x0/0x24 returned 0 after 6 usecs
[    7.006328] calling  proc_interrupts_init+0x0/0x24 @ 1
[    7.012297] initcall proc_interrupts_init+0x0/0x24 returned 0 after 5 usecs
[    7.020219] calling  proc_loadavg_init+0x0/0x21 @ 1
[    7.025798] initcall proc_loadavg_init+0x0/0x21 returned 0 after 5 usecs
[    7.033521] calling  proc_meminfo_init+0x0/0x21 @ 1
[    7.039089] initcall proc_meminfo_init+0x0/0x21 returned 0 after 4 usecs
[    7.046782] calling  proc_stat_init+0x0/0x1e @ 1
[    7.052111] initcall proc_stat_init+0x0/0x1e returned 0 after 5 usecs
[    7.059424] calling  proc_uptime_init+0x0/0x21 @ 1
[    7.064951] initcall proc_uptime_init+0x0/0x21 returned 0 after 4 usecs
[    7.072533] calling  proc_version_init+0x0/0x21 @ 1
[    7.078205] initcall proc_version_init+0x0/0x21 returned 0 after 5 usecs
[    7.085834] calling  proc_softirqs_init+0x0/0x21 @ 1
[    7.091574] initcall proc_softirqs_init+0x0/0x21 returned 0 after 4 usecs
[    7.099299] calling  proc_kcore_init+0x0/0xea @ 1
[    7.104845] initcall proc_kcore_init+0x0/0xea returned 0 after 157 usecs
[    7.112495] calling  vmcore_init+0x0/0x57b @ 1
[    7.117620] initcall vmcore_init+0x0/0x57b returned 0 after 1 usecs
[    7.124784] calling  proc_kmsg_init+0x0/0x21 @ 1
[    7.130178] initcall proc_kmsg_init+0x0/0x21 returned 0 after 6 usecs
[    7.137500] calling  proc_page_init+0x0/0x3b @ 1
[    7.142837] initcall proc_page_init+0x0/0x3b returned 0 after 7 usecs
[    7.150239] calling  init_ramfs_fs+0x0/0xc @ 1
[    7.155381] initcall init_ramfs_fs+0x0/0xc returned 0 after 19 usecs
[    7.162613] calling  init_hugetlbfs_fs+0x0/0xf6 @ 1
[    7.168695] initcall init_hugetlbfs_fs+0x0/0xf6 returned 0 after 436 usecs
[    7.176649] calling  blk_scsi_ioctl_init+0x0/0x2a5 @ 1
[    7.182945] initcall blk_scsi_ioctl_init+0x0/0x2a5 returned 0 after 19 usecs
[    7.192612] calling  acpi_event_init+0x0/0x2c @ 1
[    7.199504] initcall acpi_event_init+0x0/0x2c returned 0 after 40 usecs
[    7.209561] calling  pnp_system_init+0x0/0xc @ 1
[    7.217579] initcall pnp_system_init+0x0/0xc returned 0 after 1282 usecs
[    7.227392] calling  pnpacpi_init+0x0/0x69 @ 1
[    7.234010] pnp: PnP ACPI init
[    7.240834] pnp 00:00: Plug and Play ACPI device, IDs PNP0303 (active)
[    7.250691] pnp 00:01: Plug and Play ACPI device, IDs PNP0f13 (active)
[    7.259240] pnp 00:02: Plug and Play ACPI device, IDs PNP0400 (active)
[    7.267015] pnp 00:03: Plug and Play ACPI device, IDs PNP0501 (active)
[    7.274912] pnp 00:04: Plug and Play ACPI device, IDs PNP0b00 (active)
[    7.282939] system 00:05: [mem 0xb0000000-0xbfffffff window] has been reserved
[    7.291488] system 00:05: Plug and Play ACPI device, IDs PNP0c01 (active)
[    7.301086] pnp: PnP ACPI: found 6 devices
[    7.305949] initcall pnpacpi_init+0x0/0x69 returned 0 after 70285 usecs
[    7.313677] calling  chr_dev_init+0x0/0x14d @ 1
[    7.409684] initcall chr_dev_init+0x0/0x14d returned 0 after 88515 usecs
[    7.420238] calling  firmware_class_init+0x0/0x14a @ 1
[    7.428475] initcall firmware_class_init+0x0/0x14a returned 0 after 56 usecs
[    7.439894] calling  init_pcmcia_bus+0x0/0x5b @ 1
[    7.446224] initcall init_pcmcia_bus+0x0/0x5b returned 0 after 387 usecs
[    7.454746] calling  init_acpi_pm_clocksource+0x0/0xda @ 1
[    7.467334] clocksource: acpi_pm: mask: 0xffffff max_cycles: 0xffffff, max_idle_ns: 2085701024 ns
[    7.481286] initcall init_acpi_pm_clocksource+0x0/0xda returned 0 after 19182 usecs
[    7.493199] calling  sysctl_core_init+0x0/0x26 @ 1
[    7.500602] initcall sysctl_core_init+0x0/0x26 returned 0 after 216 usecs
[    7.509021] calling  eth_offload_init+0x0/0x13 @ 1
[    7.515854] initcall eth_offload_init+0x0/0x13 returned 0 after 89 usecs
[    7.524250] calling  ipv4_offload_init+0x0/0x73 @ 1
[    7.530354] initcall ipv4_offload_init+0x0/0x73 returned 0 after 34 usecs
[    7.539203] calling  inet_init+0x0/0x276 @ 1
[    7.546282] NET: Registered protocol family 2
[    7.552891] IP idents hash table entries: 8192 (order: 4, 65536 bytes, linear)
[    7.566640] tcp_listen_portaddr_hash hash table entries: 256 (order: 2, 20480 bytes, linear)
[    7.576835] TCP established hash table entries: 4096 (order: 3, 32768 bytes, linear)
[    7.586287] TCP bind hash table entries: 4096 (order: 6, 294912 bytes, linear)
[    7.599461] TCP: Hash tables configured (established 4096 bind 4096)
[    7.608487] UDP hash table entries: 256 (order: 3, 40960 bytes, linear)
[    7.617609] UDP-Lite hash table entries: 256 (order: 3, 40960 bytes, linear)
[    7.627783] initcall inet_init+0x0/0x276 returned 0 after 80099 usecs
[    7.635601] calling  af_unix_init+0x0/0x4d @ 1
[    7.641150] NET: Registered protocol family 1
[    7.648509] initcall af_unix_init+0x0/0x4d returned 0 after 7201 usecs
[    7.658416] calling  ipv6_offload_init+0x0/0x7e @ 1
[    7.665876] initcall ipv6_offload_init+0x0/0x7e returned 0 after 39 usecs
[    7.675283] calling  init_sunrpc+0x0/0x65 @ 1
[    7.687437] RPC: Registered named UNIX socket transport module.
[    7.694867] RPC: Registered udp transport module.
[    7.700754] RPC: Registered tcp transport module.
[    7.706328] RPC: Registered tcp NFSv4.1 backchannel transport module.
[    7.714218] initcall init_sunrpc+0x0/0x65 returned 0 after 33016 usecs
[    7.722099] calling  cfg80211_init+0x0/0xc5 @ 1
[    7.730605] initcall cfg80211_init+0x0/0xc5 returned 0 after 2574 usecs
[    7.738663] calling  pcibios_assign_resources+0x0/0xbf @ 1
[    7.745657] pci_bus 0000:00: resource 4 [io  0x0000-0x0cf7 window]
[    7.753318] pci_bus 0000:00: resource 5 [io  0x0d00-0xffff window]
[    7.760518] pci_bus 0000:00: resource 6 [mem 0x000a0000-0x000bffff window]
[    7.768490] pci_bus 0000:00: resource 7 [mem 0x20000000-0xafffffff window]
[    7.776498] pci_bus 0000:00: resource 8 [mem 0xc0000000-0xfebfffff window]
[    7.784453] pci_bus 0000:00: resource 9 [mem 0x100000000-0x8ffffffff window]
[    7.792696] initcall pcibios_assign_resources+0x0/0xbf returned 0 after 46016 usecs
[    7.801818] calling  pci_apply_final_quirks+0x0/0x124 @ 1
[    7.809291] pci 0000:00:01.0: calling  pci_fixup_video+0x0/0xe0 @ 1
[    7.817605] pci 0000:00:01.0: Video device with shadowed ROM at [mem 0x000c0000-0x000dffff]
[    7.827617] pci 0000:00:01.0: pci_fixup_video+0x0/0xe0 took 10070 usecs
[    7.836409] PCI: CLS 0 bytes, default 64
[    7.841290] initcall pci_apply_final_quirks+0x0/0x124 returned 0 after 31947 usecs
[    7.850382] calling  acpi_reserve_resources+0x0/0xea @ 1
[    7.856767] initcall acpi_reserve_resources+0x0/0xea returned 0 after 9 usecs
[    7.865438] calling  populate_rootfs+0x0/0x102 @ 1
[    7.874270] initcall populate_rootfs+0x0/0x102 returned 0 after 2938 usecs
[    7.884124] calling  pci_iommu_init+0x0/0x3e @ 1
[    7.891244] initcall pci_iommu_init+0x0/0x3e returned 0 after 57 usecs
[    7.901249] calling  ia32_binfmt_init+0x0/0x13 @ 1
[    7.908601] initcall ia32_binfmt_init+0x0/0x13 returned 0 after 110 usecs
[    7.918885] calling  rapl_pmu_init+0x0/0x267 @ 1
[    7.924442] initcall rapl_pmu_init+0x0/0x267 returned -19 after 21 usecs
[    7.932221] calling  amd_uncore_init+0x0/0x310 @ 1
[    7.938022] initcall amd_uncore_init+0x0/0x310 returned -19 after 0 usecs
[    7.946122] calling  amd_ibs_init+0x0/0x25f @ 1
[    7.951485] initcall amd_ibs_init+0x0/0x25f returned -19 after 0 usecs
[    7.960247] calling  amd_iommu_pc_init+0x0/0x22c @ 1
[    7.966290] initcall amd_iommu_pc_init+0x0/0x22c returned -19 after 18 usecs
[    7.975633] calling  msr_init+0x0/0x55 @ 1
[    7.982219] initcall msr_init+0x0/0x55 returned 0 after 43 usecs
[    7.991330] calling  intel_uncore_init+0x0/0x36f @ 1
[    7.998975] initcall intel_uncore_init+0x0/0x36f returned -19 after 36 usecs
[    8.008242] calling  cstate_pmu_init+0x0/0x1a1 @ 1
[    8.014177] initcall cstate_pmu_init+0x0/0x1a1 returned -19 after 0 usecs
[    8.022287] calling  register_kernel_offset_dumper+0x0/0x1a @ 1
[    8.029556] initcall register_kernel_offset_dumper+0x0/0x1a returned 0 after 1 usecs
[    8.038833] calling  i8259A_init_ops+0x0/0x20 @ 1
[    8.044667] initcall i8259A_init_ops+0x0/0x20 returned 0 after 3 usecs
[    8.053105] calling  init_tsc_clocksource+0x0/0xa4 @ 1
[    8.059547] clocksource: tsc: mask: 0xffffffffffffffff max_cycles: 0x39a85afc727, max_idle_ns: 881590685098 ns
[    8.072004] initcall init_tsc_clocksource+0x0/0xa4 returned 0 after 12162 usecs
[    8.081433] calling  add_rtc_cmos+0x0/0xb0 @ 1
[    8.087159] initcall add_rtc_cmos+0x0/0xb0 returned 0 after 3 usecs
[    8.095244] calling  i8237A_init_ops+0x0/0x3a @ 1
[    8.101593] initcall i8237A_init_ops+0x0/0x3a returned 0 after 88 usecs
[    8.111214] calling  umwait_init+0x0/0x94 @ 1
[    8.127385] initcall umwait_init+0x0/0x94 returned -19 after 135 usecs
[    8.137222] calling  thermal_throttle_init_device+0x0/0x3d @ 1
[    8.144780] initcall thermal_throttle_init_device+0x0/0x3d returned 0 after 13 usecs
[    8.154555] calling  msr_init+0x0/0xd7 @ 1
[    8.187257] initcall msr_init+0x0/0xd7 returned 0 after 26743 usecs
[    8.195211] calling  cpuid_init+0x0/0xd7 @ 1
[    8.216334] initcall cpuid_init+0x0/0xd7 returned 0 after 15247 usecs
[    8.224540] calling  ioapic_init_ops+0x0/0x13 @ 1
[    8.230785] initcall ioapic_init_ops+0x0/0x13 returned 0 after 18 usecs
[    8.239613] calling  add_pcspkr+0x0/0x6c @ 1
[    8.245627] initcall add_pcspkr+0x0/0x6c returned 0 after 314 usecs
[    8.253741] calling  start_periodic_check_for_corruption+0x0/0x30 @ 1
[    8.262201] check: Scanning for low memory corruption every 60 seconds
[    8.270734] initcall start_periodic_check_for_corruption+0x0/0x30 returned 0 after 8367 usecs
[    8.281852] calling  sysfb_init+0x0/0x9c @ 1
[    8.287571] initcall sysfb_init+0x0/0x9c returned 0 after 161 usecs
[    8.295853] calling  audit_classes_init+0x0/0xae @ 1
[    8.302321] initcall audit_classes_init+0x0/0xae returned 0 after 30 usecs
[    8.311300] calling  iosf_mbi_init+0x0/0x24 @ 1
[    8.318106] initcall iosf_mbi_init+0x0/0x24 returned 0 after 835 usecs
[    8.326652] calling  proc_execdomains_init+0x0/0x21 @ 1
[    8.333677] initcall proc_execdomains_init+0x0/0x21 returned 0 after 263 usecs
[    8.344860] calling  register_warn_debugfs+0x0/0x23 @ 1
[    8.351829] initcall register_warn_debugfs+0x0/0x23 returned 0 after 298 usecs
[    8.360791] calling  cpuhp_sysfs_init+0x0/0x79 @ 1
[    8.367033] initcall cpuhp_sysfs_init+0x0/0x79 returned 0 after 284 usecs
[    8.375785] calling  ioresources_init+0x0/0x49 @ 1
[    8.382192] initcall ioresources_init+0x0/0x49 returned 0 after 58 usecs
[    8.390968] calling  lockdep_proc_init+0x0/0x64 @ 1
[    8.397376] initcall lockdep_proc_init+0x0/0x64 returned 0 after 22 usecs
[    8.406356] calling  snapshot_device_init+0x0/0xc @ 1
[    8.414757] initcall snapshot_device_init+0x0/0xc returned 0 after 1708 usecs
[    8.423990] calling  irq_pm_init_ops+0x0/0x13 @ 1
[    8.430145] initcall irq_pm_init_ops+0x0/0x13 returned 0 after 20 usecs
[    8.438648] calling  rcu_torture_init+0x0/0x9be @ 1
[    8.448709] rcu-torture:--- Start of test: nreaders=7 nfakewriters=4 stat_interval=15 verbose=1 test_no_idle_hz=1 shuffle_interval=3 stutter=5 irqreader=1 fqs_duration=0 fqs_holdoff=0 fqs_stutter=3 test_boost=1/0 test_boost_interval=7 test_boost_duration=4 shutdown_secs=1800 stall_cpu=0 stall_cpu_holdoff=10 stall_cpu_irqsoff=0 stall_cpu_block=0 n_barrier_cbs=4 onoff_interval=1000 onoff_holdoff=30 read_exit_delay=13 read_exit_burst=16
[    8.496988] rcu:  Start-test grace-period state: g-1060 f0x0
[    8.504199] rcu-torture: Creating rcu_torture_writer task
[    8.514253] rcu-torture: Creating rcu_torture_fakewriter task
[    8.514404] rcu-torture: rcu_torture_writer task started
[    8.523729] rcu-torture: Creating rcu_torture_fakewriter task
[    8.524182] rcu-torture: rcu_torture_fakewriter task started
[    8.528607] rcu-torture: GP expediting controlled from boot/sysfs for rcu.
[    8.528611] rcu_torture_writer: Testing conditional GPs.
[    8.538327] rcu-torture: Creating rcu_torture_fakewriter task
[    8.538807] rcu-torture: rcu_torture_fakewriter task started
[    8.543514] rcu_torture_writer: Testing expedited GPs.
[    8.554179] rcu-torture: Creating rcu_torture_fakewriter task
[    8.554365] rcu-torture: rcu_torture_fakewriter task started
[    8.559179] rcu_torture_writer: Testing asynchronous GPs.
[    8.559182] rcu_torture_writer: Testing normal GPs.
[    8.611612] rcu-torture: Creating rcu_torture_reader task
[    8.612488] rcu-torture: rcu_torture_fakewriter task started
[    8.621797] rcu-torture: Creating rcu_torture_reader task
[    8.622412] rcu-torture: rcu_torture_reader task started
[    8.644548] rcu-torture: Creating rcu_torture_reader task
[    8.644797] rcu-torture: rcu_torture_reader task started
[    8.657301] rcu-torture: Creating rcu_torture_reader task
[    8.657708] rcu-torture: rcu_torture_reader task started
[    8.677944] rcu-torture: Creating rcu_torture_reader task
[    8.677969] rcu-torture: rcu_torture_reader task started
[    8.687402] rcu-torture: Creating rcu_torture_reader task
[    8.687436] rcu-torture: rcu_torture_reader task started
[    8.707533] rcu-torture: Creating rcu_torture_reader task
[    8.707562] rcu-torture: rcu_torture_reader task started
[    8.715967] rcu-torture: Creating rcu_torture_stats task
[    8.716003] rcu-torture: rcu_torture_reader task started
[    8.738723] rcu-torture: Creating torture_shuffle task
[    8.738773] rcu-torture: rcu_torture_stats task started
[    8.747666] rcu-torture: Creating torture_stutter task
[    8.747686] rcu-torture: torture_shuffle task started
[    8.774618] rcu-torture: torture_stutter task started
[    8.774629] rcu-torture: Creating torture_shutdown task
[    8.790334] rcu-torture: Creating torture_onoff task
[    8.790355] rcu-torture: torture_shutdown task started
[    8.798779] rcu-torture: torture_onoff task started
[    8.798893] rcu-torture: Creating rcu_torture_fwd_prog task
[    8.799844] rcu-torture: Creating rcu_torture_barrier_cbs task
[    8.799859] rcu-torture: rcu_torture_fwd_progress task started
[    8.800796] rcu-torture: Creating rcu_torture_barrier_cbs task
[    8.800819] rcu-torture: rcu_torture_barrier_cbs task started
[    8.802337] rcu-torture: rcu_torture_barrier_cbs task started
[    8.802870] rcu-torture: Creating rcu_torture_barrier_cbs task
[    8.804033] rcu-torture: Creating rcu_torture_barrier_cbs task
[    8.804050] rcu-torture: rcu_torture_barrier_cbs task started
[    8.805276] rcu-torture:torture_shutdown task: 1799969 ms remaining
[    8.805661] rcu-torture: Creating rcu_torture_barrier task
[    8.805858] rcu-torture: rcu_torture_barrier_cbs task started
[    8.811697] rcu-torture: torture_onoff begin holdoff
[    8.933906] rcu-torture: Creating rcu_torture_read_exit task
[    8.933932] rcu-torture: rcu_torture_barrier task starting
[    8.945045] rcu-torture: rcu_torture_read_exit: Start of test
[    8.945455] initcall rcu_torture_init+0x0/0x9be returned 0 after 485509 usecs
[    8.945461] calling  timekeeping_init_ops+0x0/0x13 @ 1
[    8.945468] initcall timekeeping_init_ops+0x0/0x13 returned 0 after 3 usecs
[    8.945471] calling  init_clocksource_sysfs+0x0/0x23 @ 1
[    8.945916] initcall init_clocksource_sysfs+0x0/0x23 returned 0 after 429 usecs
[    8.945919] calling  init_timer_list_procfs+0x0/0x31 @ 1
[    8.946045] initcall init_timer_list_procfs+0x0/0x31 returned 0 after 100 usecs
[    8.946048] calling  alarmtimer_init+0x0/0xf5 @ 1
[    8.946496] initcall alarmtimer_init+0x0/0xf5 returned 0 after 431 usecs
[    8.946511] calling  init_posix_timers+0x0/0x29 @ 1
[    8.946787] initcall init_posix_timers+0x0/0x29 returned 0 after 265 usecs
[    8.946790] calling  clockevents_init_sysfs+0x0/0xbf @ 1
[    8.947480] initcall clockevents_init_sysfs+0x0/0xbf returned 0 after 667 usecs
[    8.947483] calling  proc_dma_init+0x0/0x21 @ 1
[    8.947510] initcall proc_dma_init+0x0/0x21 returned 0 after 22 usecs
[    8.947513] calling  proc_modules_init+0x0/0x1e @ 1
[    8.947521] initcall proc_modules_init+0x0/0x1e returned 0 after 4 usecs
[    8.947524] calling  kallsyms_init+0x0/0x21 @ 1
[    8.947530] initcall kallsyms_init+0x0/0x21 returned 0 after 3 usecs
[    8.947533] calling  pid_namespaces_init+0x0/0x2c @ 1
[    8.947549] initcall pid_namespaces_init+0x0/0x2c returned 0 after 12 usecs
[    8.947552] calling  audit_watch_init+0x0/0x37 @ 1
[    8.947578] initcall audit_watch_init+0x0/0x37 returned 0 after 2 usecs
[    8.947581] calling  audit_fsnotify_init+0x0/0x37 @ 1
[    8.947586] initcall audit_fsnotify_init+0x0/0x37 returned 0 after 1 usecs
[    8.947589] calling  audit_tree_init+0x0/0x6d @ 1
[    8.947597] initcall audit_tree_init+0x0/0x6d returned 0 after 5 usecs
[    8.947600] calling  seccomp_sysctl_init+0x0/0x2b @ 1
[    8.947711] initcall seccomp_sysctl_init+0x0/0x2b returned 0 after 103 usecs
[    8.947714] calling  utsname_sysctl_init+0x0/0x13 @ 1
[    8.947764] initcall utsname_sysctl_init+0x0/0x13 returned 0 after 45 usecs
[    8.947767] calling  init_tracepoints+0x0/0x27 @ 1
[    8.947803] initcall init_tracepoints+0x0/0x27 returned 0 after 31 usecs
[    8.947807] calling  init_blk_tracer+0x0/0x50 @ 1
[    8.949367] initcall init_blk_tracer+0x0/0x50 returned 0 after 1516 usecs
[    8.949370] calling  perf_event_sysfs_init+0x0/0x83 @ 1
[    8.950537] initcall perf_event_sysfs_init+0x0/0x83 returned 0 after 1133 usecs
[    8.950541] calling  system_trusted_keyring_init+0x0/0x60 @ 1
[    8.950543] Initialise system trusted keyrings
[    8.950781] initcall system_trusted_keyring_init+0x0/0x60 returned 0 after 231 usecs
[    8.950784] calling  kswapd_init+0x0/0x5c @ 1
[    8.952311] initcall kswapd_init+0x0/0x5c returned 0 after 1485 usecs
[    8.965785] rcu_torture_rea (124) used greatest stack depth: 14616 bytes left
[    8.970162] calling  extfrag_debug_init+0x0/0x54 @ 1
[    9.337424] initcall extfrag_debug_init+0x0/0x54 returned 0 after 90 usecs
[    9.347979] calling  mm_compute_batch_init+0x0/0x12 @ 1
[    9.355541] initcall mm_compute_batch_init+0x0/0x12 returned 0 after 1 usecs
[    9.365199] calling  slab_proc_init+0x0/0x21 @ 1
[    9.371599] initcall slab_proc_init+0x0/0x21 returned 0 after 32 usecs
[    9.380585] calling  workingset_init+0x0/0x8c @ 1
[    9.387242] workingset: timestamp_bits=56 max_order=17 bucket_order=0
[    9.395849] initcall workingset_init+0x0/0x8c returned 0 after 8401 usecs
[    9.404999] calling  proc_vmalloc_init+0x0/0x32 @ 1
[    9.411752] initcall proc_vmalloc_init+0x0/0x32 returned 0 after 10 usecs
[    9.420760] calling  procswaps_init+0x0/0x1e @ 1
[    9.427420] initcall procswaps_init+0x0/0x1e returned 0 after 36 usecs
[    9.436247] calling  slab_sysfs_init+0x0/0xec @ 1
[    9.467631] initcall slab_sysfs_init+0x0/0xec returned 0 after 23425 usecs
[    9.476848] calling  fcntl_init+0x0/0x29 @ 1
[    9.482783] initcall fcntl_init+0x0/0x29 returned 0 after 142 usecs
[    9.490999] calling  proc_filesystems_init+0x0/0x21 @ 1
[    9.498487] initcall proc_filesystems_init+0x0/0x21 returned 0 after 9 usecs
[    9.507963] calling  start_dirtytime_writeback+0x0/0x29 @ 1
[    9.516459] initcall start_dirtytime_writeback+0x0/0x29 returned 0 after 3 usecs
[    9.527712] calling  blkdev_init+0x0/0x1b @ 1
[    9.535882] initcall blkdev_init+0x0/0x1b returned 0 after 1122 usecs
[    9.546576] calling  dio_init+0x0/0x2c @ 1
[    9.554118] initcall dio_init+0x0/0x2c returned 0 after 153 usecs
[    9.563009] calling  dnotify_init+0x0/0x78 @ 1
[    9.570031] initcall dnotify_init+0x0/0x78 returned 0 after 177 usecs
[    9.579832] calling  aio_setup+0x0/0x78 @ 1
[    9.587388] initcall aio_setup+0x0/0x78 returned 0 after 1190 usecs
[    9.596552] calling  io_uring_init+0x0/0x2c @ 1
[    9.602504] initcall io_uring_init+0x0/0x2c returned 0 after 14 usecs
[    9.610964] calling  mbcache_init+0x0/0x30 @ 1
[    9.617468] initcall mbcache_init+0x0/0x30 returned 0 after 555 usecs
[    9.628261] calling  init_grace+0x0/0xc @ 1
[    9.634989] initcall init_grace+0x0/0xc returned 0 after 701 usecs
[    9.643903] calling  init_v2_quota_format+0x0/0x21 @ 1
[    9.651782] initcall init_v2_quota_format+0x0/0x21 returned 0 after 194 usecs
[    9.662378] calling  init_devpts_fs+0x0/0x27 @ 1
[    9.669568] initcall init_devpts_fs+0x0/0x27 returned 0 after 276 usecs
[    9.679290] calling  ext4_init_fs+0x0/0x1c2 @ 1
[    9.688985] initcall ext4_init_fs+0x0/0x1c2 returned 0 after 2452 usecs
[    9.698802] calling  journal_init+0x0/0x11c @ 1
[    9.706601] initcall journal_init+0x0/0x11c returned 0 after 637 usecs
[    9.716324] calling  init_fat_fs+0x0/0x49 @ 1
[    9.723336] initcall init_fat_fs+0x0/0x49 returned 0 after 162 usecs
[    9.733204] calling  init_vfat_fs+0x0/0xc @ 1
[    9.739750] initcall init_vfat_fs+0x0/0xc returned 0 after 7 usecs
[    9.749684] calling  init_msdos_fs+0x0/0xc @ 1
[    9.756275] initcall init_msdos_fs+0x0/0xc returned 0 after 6 usecs
[    9.765331] calling  init_iso9660_fs+0x0/0x6c @ 1
[    9.772750] initcall init_iso9660_fs+0x0/0x6c returned 0 after 270 usecs
[    9.783391] calling  init_nfs_fs+0x0/0x13a @ 1
[    9.801920] initcall init_nfs_fs+0x0/0x13a returned 0 after 10774 usecs
[    9.813164] calling  init_nfs_v2+0x0/0x13 @ 1
[    9.820809] initcall init_nfs_v2+0x0/0x13 returned 0 after 165 usecs
[    9.831634] calling  init_nfs_v3+0x0/0x13 @ 1
[    9.838411] initcall init_nfs_v3+0x0/0x13 returned 0 after 2 usecs
[    9.848149] calling  init_nfs_v4+0x0/0x32 @ 1
[    9.855041] NFS: Registering the id_resolver key type
[    9.862821] Key type id_resolver registered
[    9.869308] Key type id_legacy registered
[    9.875714] initcall init_nfs_v4+0x0/0x32 returned 0 after 20274 usecs
[    9.893262] calling  init_nlm+0x0/0x5b @ 1
[    9.899534] initcall init_nlm+0x0/0x5b returned 0 after 175 usecs
[    9.909460] calling  init_nls_cp437+0x0/0xe @ 1
[    9.917634] initcall init_nls_cp437+0x0/0xe returned 0 after 461 usecs
[    9.926888] calling  init_nls_ascii+0x0/0xe @ 1
[    9.933279] initcall init_nls_ascii+0x0/0xe returned 0 after 2 usecs
[    9.942353] calling  init_nls_iso8859_1+0x0/0xe @ 1
[    9.949813] initcall init_nls_iso8859_1+0x0/0xe returned 0 after 3 usecs
[    9.960118] calling  init_nls_utf8+0x0/0x21 @ 1
[    9.967176] initcall init_nls_utf8+0x0/0x21 returned 0 after 2 usecs
[    9.975716] calling  init_autofs_fs+0x0/0x25 @ 1
[    9.982775] initcall init_autofs_fs+0x0/0x25 returned 0 after 792 usecs
[    9.993790] calling  ipc_init+0x0/0x24 @ 1
[    9.999660] initcall ipc_init+0x0/0x24 returned 0 after 76 usecs
[   10.008495] calling  ipc_sysctl_init+0x0/0x13 @ 1
[   10.015629] initcall ipc_sysctl_init+0x0/0x13 returned 0 after 41 usecs
[   10.025176] calling  init_mqueue_fs+0x0/0xb1 @ 1
[   10.035440] initcall init_mqueue_fs+0x0/0xb1 returned 0 after 2781 usecs
[   10.045263] calling  key_proc_init+0x0/0x63 @ 1
[   10.052340] initcall key_proc_init+0x0/0x63 returned 0 after 273 usecs
[   10.062229] calling  selinux_nf_ip_init+0x0/0x2e @ 1
[   10.069416] initcall selinux_nf_ip_init+0x0/0x2e returned 0 after 98 usecs
[   10.078824] calling  init_sel_fs+0x0/0x116 @ 1
[   10.084778] initcall init_sel_fs+0x0/0x116 returned 0 after 1 usecs
[   10.093314] calling  selnl_init+0x0/0x7c @ 1
[   10.101066] initcall selnl_init+0x0/0x7c returned 0 after 1541 usecs
[   10.111924] calling  sel_netif_init+0x0/0x36 @ 1
[   10.119782] initcall sel_netif_init+0x0/0x36 returned 0 after 1 usecs
[   10.129869] calling  sel_netnode_init+0x0/0x33 @ 1
[   10.137834] initcall sel_netnode_init+0x0/0x33 returned 0 after 1 usecs
[   10.148848] calling  sel_netport_init+0x0/0x33 @ 1
[   10.155707] initcall sel_netport_init+0x0/0x33 returned 0 after 0 usecs
[   10.166437] calling  aurule_init+0x0/0x2a @ 1
[   10.174343] initcall aurule_init+0x0/0x2a returned 0 after 3 usecs
[   10.184504] calling  crypto_algapi_init+0x0/0xc @ 1
[   10.192293] initcall crypto_algapi_init+0x0/0xc returned 0 after 13 usecs
[   10.202791] calling  jent_mod_init+0x0/0x2d @ 1
[   10.231006] initcall jent_mod_init+0x0/0x2d returned 0 after 20308 usecs
[   10.242338] calling  asymmetric_key_init+0x0/0xc @ 1
[   10.251143] Key type asymmetric registered
[   10.258696] initcall asymmetric_key_init+0x0/0xc returned 0 after 7469 usecs
[   10.270392] calling  x509_key_init+0x0/0xc @ 1
[   10.277714] Asymmetric key parser 'x509' registered
[   10.285495] initcall x509_key_init+0x0/0xc returned 0 after 7903 usecs
[   10.295711] calling  proc_genhd_init+0x0/0x41 @ 1
[   10.302779] initcall proc_genhd_init+0x0/0x41 returned 0 after 13 usecs
[   10.311887] calling  bsg_init+0x0/0x113 @ 1
[   10.318710] Block layer SCSI generic (bsg) driver version 0.4 loaded (major 251)
[   10.329181] initcall bsg_init+0x0/0x113 returned 0 after 10560 usecs
[   10.338358] calling  deadline_init+0x0/0xc @ 1
[   10.345944] io scheduler mq-deadline registered
[   10.352928] initcall deadline_init+0x0/0xc returned 0 after 7097 usecs
[   10.362850] calling  kyber_init+0x0/0xc @ 1
[   10.369076] io scheduler kyber registered
[   10.375128] initcall kyber_init+0x0/0xc returned 0 after 5943 usecs
[   10.384140] calling  mod_init+0x0/0x7 @ 1
[   10.390646] initcall mod_init+0x0/0x7 returned 0 after 1 usecs
[   10.399796] calling  percpu_counter_startup+0x0/0x55 @ 1
[   10.434850] initcall percpu_counter_startup+0x0/0x55 returned 0 after 26566 usecs
[   10.446537] calling  sg_pool_init+0x0/0xb4 @ 1
[   10.454695] initcall sg_pool_init+0x0/0xb4 returned 0 after 1363 usecs
[   10.464437] calling  pcie_portdrv_init+0x0/0x39 @ 1
[   10.471985] initcall pcie_portdrv_init+0x0/0x39 returned 0 after 134 usecs
[   10.482436] calling  pci_proc_init+0x0/0x68 @ 1
[   10.489804] initcall pci_proc_init+0x0/0x68 returned 0 after 133 usecs
[   10.514331] calling  pci_hotplug_init+0x0/0x7 @ 1
[   10.525954] initcall pci_hotplug_init+0x0/0x7 returned 0 after 38 usecs
[   10.537243] calling  efifb_driver_init+0x0/0xe @ 1
[   10.555802] initcall efifb_driver_init+0x0/0xe returned 0 after 9895 usecs
[   10.568224] calling  ged_driver_init+0x0/0xe @ 1
[   10.577045] initcall ged_driver_init+0x0/0xe returned 0 after 552 usecs
[   10.587421] calling  acpi_ac_init+0x0/0x92 @ 1
[   10.606494] initcall acpi_ac_init+0x0/0x92 returned 0 after 11107 usecs
[   10.617832] calling  acpi_button_driver_init+0x0/0x52 @ 1
[   10.647566] input: Power Button as /devices/LNXSYSTM:00/LNXPWRBN:00/input/input0
[   10.674684] ACPI: Power Button [PWRF]
[   10.684235] initcall acpi_button_driver_init+0x0/0x52 returned 0 after 55306 usecs
[   10.694700] calling  acpi_fan_driver_init+0x0/0xe @ 1
[   10.704637] initcall acpi_fan_driver_init+0x0/0xe returned 0 after 2441 usecs
[   10.715889] calling  acpi_video_init+0x0/0xcb @ 1
[   10.730997] initcall acpi_video_init+0x0/0xcb returned 0 after 6065 usecs
[   10.741402] calling  acpi_processor_driver_init+0x0/0xad @ 1
[   10.760813] initcall acpi_processor_driver_init+0x0/0xad returned 0 after 9977 usecs
[   10.773906] calling  acpi_thermal_init+0x0/0x71 @ 1
[   10.794873] initcall acpi_thermal_init+0x0/0x71 returned 0 after 12086 usecs
[   10.805194] calling  acpi_battery_init+0x0/0x32 @ 1
[   10.812645] initcall acpi_battery_init+0x0/0x32 returned 0 after 234 usecs
[   10.822601] calling  bgrt_init+0x0/0xb6 @ 1
[   10.828679] initcall bgrt_init+0x0/0xb6 returned -19 after 1 usecs
[   10.837498] calling  gpio_clk_driver_init+0x0/0xe @ 1
[   10.844365] initcall gpio_clk_driver_init+0x0/0xe returned 0 after 148 usecs
[   10.853937] calling  plt_clk_driver_init+0x0/0xe @ 1
[   10.860733] initcall plt_clk_driver_init+0x0/0xe returned 0 after 58 usecs
[   10.871026] calling  virtio_pci_driver_init+0x0/0x15 @ 1
[   10.879875] initcall virtio_pci_driver_init+0x0/0x15 returned 0 after 936 usecs
[   10.891306] calling  n_null_init+0x0/0x1e @ 1
[   10.897855] initcall n_null_init+0x0/0x1e returned 0 after 42 usecs
[   10.907285] calling  pty_init+0x0/0x1e8 @ 1
[   10.921821] initcall pty_init+0x0/0x1e8 returned 0 after 8042 usecs
[   10.931685] calling  sysrq_init+0x0/0x62 @ 1
[   10.939669] initcall sysrq_init+0x0/0x62 returned 0 after 1566 usecs
[   10.949477] calling  serial8250_init+0x0/0x17e @ 1
[   10.958164] Serial: 8250/16550 driver, 4 ports, IRQ sharing enabled
[   10.975046] 00:03: ttyS0 at I/O 0x3f8 (irq = 4, base_baud = 115200) is a 16550A
[   11.013558] initcall serial8250_init+0x0/0x17e returned 0 after 54074 usecs
[   11.024925] calling  serial_pci_driver_init+0x0/0x15 @ 1
[   11.034621] initcall serial_pci_driver_init+0x0/0x15 returned 0 after 1114 usecs
[   11.049033] calling  exar_pci_driver_init+0x0/0x15 @ 1
[   11.058102] initcall exar_pci_driver_init+0x0/0x15 returned 0 after 416 usecs
[   11.069560] calling  lpss8250_pci_driver_init+0x0/0x15 @ 1
[   11.079402] initcall lpss8250_pci_driver_init+0x0/0x15 returned 0 after 255 usecs
[   11.092505] calling  mid8250_pci_driver_init+0x0/0x15 @ 1
[   11.103080] initcall mid8250_pci_driver_init+0x0/0x15 returned 0 after 167 usecs
[   11.116881] calling  virtio_console_init+0x0/0xff @ 1
[   11.127775] initcall virtio_console_init+0x0/0xff returned 0 after 1700 usecs
[   11.140326] calling  hpet_init+0x0/0x64 @ 1
[   11.162521] initcall hpet_init+0x0/0x64 returned 0 after 14461 usecs
[   11.173425] calling  nvram_module_init+0x0/0x83 @ 1
[   11.185694] Non-volatile memory driver v1.3
[   11.193549] initcall nvram_module_init+0x0/0x83 returned 0 after 10711 usecs
[   11.205285] calling  hwrng_modinit+0x0/0x8a @ 1
[   11.215535] initcall hwrng_modinit+0x0/0x8a returned 0 after 2962 usecs
[   11.226600] calling  mod_init+0x0/0x48 @ 1
[   11.233237] initcall mod_init+0x0/0x48 returned -19 after 0 usecs
[   11.244695] calling  agp_init+0x0/0x23 @ 1
[   11.251991] Linux agpgart interface v0.103
[   11.260266] initcall agp_init+0x0/0x23 returned 0 after 8078 usecs
[   11.270718] calling  agp_amd64_mod_init+0x0/0x5 @ 1
[   11.280978] initcall agp_amd64_mod_init+0x0/0x5 returned -19 after 874 usecs
[   11.294302] calling  agp_intel_init+0x0/0x28 @ 1
[   11.303771] initcall agp_intel_init+0x0/0x28 returned 0 after 1721 usecs
[   11.314875] calling  drm_kms_helper_init+0x0/0x7 @ 1
[   11.323768] initcall drm_kms_helper_init+0x0/0x7 returned 0 after 0 usecs
[   11.335421] calling  drm_core_init+0x0/0xbd @ 1
[   11.344488] initcall drm_core_init+0x0/0xbd returned 0 after 1370 usecs
[   11.355651] calling  i915_init+0x0/0x6b @ 1
[   11.368038] initcall i915_init+0x0/0x6b returned 0 after 5195 usecs
[   11.377696] calling  cn_proc_init+0x0/0x35 @ 1
[   11.384061] initcall cn_proc_init+0x0/0x35 returned 0 after 41 usecs
[   11.394256] calling  topology_sysfs_init+0x0/0x27 @ 1
[   11.403103] initcall topology_sysfs_init+0x0/0x27 returned 0 after 548 usecs
[   11.415613] calling  cacheinfo_sysfs_init+0x0/0x27 @ 1
[   11.460910] initcall cacheinfo_sysfs_init+0x0/0x27 returned 0 after 35532 usecs
[   11.471839] calling  loop_init+0x0/0x16a @ 1
[   11.623099] loop: module loaded
[   11.627943] initcall loop_init+0x0/0x16a returned 0 after 145990 usecs
[   11.638842] calling  mac_hid_init+0x0/0x21 @ 1
[   11.645860] initcall mac_hid_init+0x0/0x21 returned 0 after 61 usecs
[   11.656264] calling  spi_transport_init+0x0/0x74 @ 1
[   11.665477] initcall spi_transport_init+0x0/0x74 returned 0 after 425 usecs
[   11.677591] calling  init_sd+0x0/0x18c @ 1
[   11.687017] initcall init_sd+0x0/0x18c returned 0 after 541 usecs
[   11.697886] calling  init_sr+0x0/0x43 @ 1
[   11.704657] initcall init_sr+0x0/0x43 returned 0 after 288 usecs
[   11.715060] calling  init_sg+0x0/0x1c0 @ 1
[   11.723419] initcall init_sg+0x0/0x1c0 returned 0 after 1908 usecs
[   11.733778] calling  ahci_pci_driver_init+0x0/0x15 @ 1
[   11.742785] ahci 0000:00:1f.2: version 3.0
[   11.762094] PCI Interrupt Link [GSIA] enabled at IRQ 16
[   11.802117] ahci 0000:00:1f.2: AHCI 0001.0000 32 slots 6 ports 1.5 Gbps 0x3f impl SATA mode
[   11.814789] ahci 0000:00:1f.2: flags: 64bit ncq only 
[   11.873781] scsi host0: ahci
[   11.902732] scsi host1: ahci
[   11.915904] scsi host2: ahci
[   11.927587] scsi host3: ahci
[   11.938614] scsi host4: ahci
[   11.955396] scsi host5: ahci
[   11.961710] ata1: SATA max UDMA/133 abar m4096@0xfebf1000 port 0xfebf1100 irq 24
[   11.973647] ata2: SATA max UDMA/133 abar m4096@0xfebf1000 port 0xfebf1180 irq 24
[   11.985684] ata3: SATA max UDMA/133 abar m4096@0xfebf1000 port 0xfebf1200 irq 24
[   11.997031] ata4: SATA max UDMA/133 abar m4096@0xfebf1000 port 0xfebf1280 irq 24
[   12.007870] ata5: SATA max UDMA/133 abar m4096@0xfebf1000 port 0xfebf1300 irq 24
[   12.019067] ata6: SATA max UDMA/133 abar m4096@0xfebf1000 port 0xfebf1380 irq 24
[   12.030832] initcall ahci_pci_driver_init+0x0/0x15 returned 0 after 282179 usecs
[   12.042656] calling  piix_init+0x0/0x26 @ 1
[   12.049645] initcall piix_init+0x0/0x26 returned 0 after 646 usecs
[   12.058043] calling  amd_pci_driver_init+0x0/0x15 @ 1
[   12.065338] initcall amd_pci_driver_init+0x0/0x15 returned 0 after 77 usecs
[   12.074822] calling  oldpiix_pci_driver_init+0x0/0x15 @ 1
[   12.082504] initcall oldpiix_pci_driver_init+0x0/0x15 returned 0 after 68 usecs
[   12.093889] calling  sch_pci_driver_init+0x0/0x15 @ 1
[   12.101196] initcall sch_pci_driver_init+0x0/0x15 returned 0 after 190 usecs
[   12.111137] calling  net_olddevs_init+0x0/0x55 @ 1
[   12.119454] initcall net_olddevs_init+0x0/0x55 returned 0 after 524 usecs
[   12.130072] calling  blackhole_netdev_init+0x0/0x78 @ 1
[   12.142512] initcall blackhole_netdev_init+0x0/0x78 returned 0 after 4749 usecs
[   12.157299] calling  phy_module_init+0x0/0x13 @ 1
[   12.167765] initcall phy_module_init+0x0/0x13 returned 0 after 1429 usecs
[   12.178445] calling  tg3_driver_init+0x0/0x15 @ 1
[   12.186406] initcall tg3_driver_init+0x0/0x15 returned 0 after 164 usecs
[   12.197602] calling  e100_init_module+0x0/0x4c @ 1
[   12.205544] e100: Intel(R) PRO/100 Network Driver
[   12.213284] e100: Copyright(c) 1999-2006 Intel Corporation
[   12.222540] initcall e100_init_module+0x0/0x4c returned 0 after 16594 usecs
[   12.234554] calling  e1000_init_module+0x0/0x72 @ 1
[   12.242145] e1000: Intel(R) PRO/1000 Network Driver
[   12.249192] e1000: Copyright (c) 1999-2006 Intel Corporation.
[   12.257892] initcall e1000_init_module+0x0/0x72 returned 0 after 15374 usecs
[   12.269808] calling  e1000_init_module+0x0/0x2d @ 1
[   12.278152] e1000e: Intel(R) PRO/1000 Network Driver
[   12.286490] e1000e: Copyright(c) 1999 - 2015 Intel Corporation.
[   12.296641] initcall e1000_init_module+0x0/0x2d returned 0 after 18149 usecs
[   12.308530] calling  sky2_init_module+0x0/0x21 @ 1
[   12.316638] sky2: driver version 1.30
[   12.323029] initcall sky2_init_module+0x0/0x21 returned 0 after 6238 usecs
[   12.334560] calling  forcedeth_pci_driver_init+0x0/0x15 @ 1
[   12.343868] initcall forcedeth_pci_driver_init+0x0/0x15 returned 0 after 64 usecs
[   12.356490] calling  rtl8139_init_module+0x0/0x15 @ 1
[   12.363809] ata1: SATA link down (SStatus 0 SControl 300)
[   12.364943] initcall rtl8139_init_module+0x0/0x15 returned 0 after 119 usecs
[   12.377444] ata2: SATA link down (SStatus 0 SControl 300)
[   12.399567] calling  rtl8169_pci_driver_init+0x0/0x15 @ 1
[   12.399677] initcall rtl8169_pci_driver_init+0x0/0x15 returned 0 after 102 usecs
[   12.399680] calling  cdrom_init+0x0/0xc @ 1
[   12.399762] initcall cdrom_init+0x0/0xc returned 0 after 76 usecs
[   12.399766] calling  nonstatic_sysfs_init+0x0/0xc @ 1
[   12.399818] initcall nonstatic_sysfs_init+0x0/0xc returned 0 after 47 usecs
[   12.399821] calling  yenta_cardbus_driver_init+0x0/0x15 @ 1
[   12.399942] initcall yenta_cardbus_driver_init+0x0/0x15 returned 0 after 113 usecs
[   12.399945] calling  mon_init+0x0/0x144 @ 1
[   12.401694] initcall mon_init+0x0/0x144 returned 0 after 1701 usecs
[   12.401699] calling  ehci_hcd_init+0x0/0x56 @ 1
[   12.401780] ehci_hcd: USB 2.0 'Enhanced' Host Controller (EHCI) Driver
[   12.401785] initcall ehci_hcd_init+0x0/0x56 returned 0 after 80 usecs
[   12.401788] calling  ehci_pci_init+0x0/0x64 @ 1
[   12.401790] ehci-pci: EHCI PCI platform driver
[   12.401844] initcall ehci_pci_init+0x0/0x64 returned 0 after 50 usecs
[   12.401846] calling  ohci_hcd_mod_init+0x0/0x4e @ 1
[   12.401848] ohci_hcd: USB 1.1 'Open' Host Controller (OHCI) Driver
[   12.401909] initcall ohci_hcd_mod_init+0x0/0x4e returned 0 after 57 usecs
[   12.401933] calling  ohci_pci_init+0x0/0x64 @ 1
[   12.401963] ohci-pci: OHCI PCI platform driver
[   12.402026] initcall ohci_pci_init+0x0/0x64 returned 0 after 87 usecs
[   12.402030] calling  uhci_hcd_init+0x0/0xa8 @ 1
[   12.402032] uhci_hcd: USB Universal Host Controller Interface driver
[   12.402301] initcall uhci_hcd_init+0x0/0xa8 returned 0 after 261 usecs
[   12.402304] calling  xhci_hcd_init+0x0/0x1e @ 1
[   12.402333] initcall xhci_hcd_init+0x0/0x1e returned 0 after 25 usecs
[   12.402336] calling  xhci_pci_init+0x0/0x49 @ 1
[   12.402438] initcall xhci_pci_init+0x0/0x49 returned 0 after 95 usecs
[   12.402441] calling  usblp_driver_init+0x0/0x15 @ 1
[   12.402568] usbcore: registered new interface driver usblp
[   12.402572] initcall usblp_driver_init+0x0/0x15 returned 0 after 124 usecs
[   12.402575] calling  usb_storage_driver_init+0x0/0x2a @ 1
[   12.402668] usbcore: registered new interface driver usb-storage
[   12.402672] initcall usb_storage_driver_init+0x0/0x2a returned 0 after 91 usecs
[   12.402675] calling  i8042_init+0x0/0x4c2 @ 1
[   12.402835] i8042: PNP: PS/2 Controller [PNP0303:KBD,PNP0f13:MOU] at 0x60,0x64 irq 1,12
[   12.417899] serio: i8042 KBD port at 0x60,0x64 irq 1
[   12.423486] ata4: SATA link down (SStatus 0 SControl 300)
[   12.428032] serio: i8042 AUX port at 0x60,0x64 irq 12
[   12.441406] ata5: SATA link down (SStatus 0 SControl 300)
[   12.446185] initcall i8042_init+0x0/0x4c2 returned 0 after 42481 usecs
[   12.457557] ata6: SATA link down (SStatus 0 SControl 300)
[   12.463450] calling  serport_init+0x0/0x2c @ 1
[   12.477835] ata3: SATA link up 1.5 Gbps (SStatus 113 SControl 300)
[   12.482695] initcall serport_init+0x0/0x2c returned 0 after 2 usecs
[   12.482700] calling  input_leds_init+0x0/0xc @ 1
[   12.496681] ata3.00: ATAPI: QEMU DVD-ROM, 2.5+, max UDMA/100
[   12.500194] initcall input_leds_init+0x0/0xc returned 0 after 20 usecs
[   12.500198] calling  evdev_init+0x0/0xc @ 1
[   12.501953] initcall evdev_init+0x0/0xc returned 0 after 1708 usecs
[   12.509571] ata3.00: applying bridge limits
[   12.515815] calling  atkbd_init+0x0/0x21 @ 1
[   12.537320] ata3.00: configured for UDMA/100
[   12.540613] initcall atkbd_init+0x0/0x21 returned 0 after 126 usecs
[   12.557814] scsi 2:0:0:0: CD-ROM            QEMU     QEMU DVD-ROM     2.5+ PQ: 0 ANSI: 5
[   12.563685] calling  psmouse_init+0x0/0x7f @ 1
[   12.935202] initcall psmouse_init+0x0/0x7f returned 0 after 8023 usecs
[   12.951601] calling  cmos_init+0x0/0x73 @ 1
[   12.959562] rtc_cmos 00:04: RTC can wake from S4
[   13.011726] input: AT Translated Set 2 keyboard as /devices/platform/i8042/serio0/input/input1
[   13.020236] rtc_cmos 00:04: registered as rtc0
[   13.047782] rtc_cmos 00:04: alarms up to one day, y3k, 242 bytes nvram, hpet irqs
[   13.058333] initcall cmos_init+0x0/0x73 returned 0 after 98232 usecs
[   13.081745] calling  smbalert_driver_init+0x0/0xe @ 1
[   13.090254] initcall smbalert_driver_init+0x0/0xe returned 0 after 114 usecs
[   13.105045] calling  i2c_i801_init+0x0/0xc5 @ 1
[   13.120263] i801_smbus 0000:00:1f.3: SMBus using PCI interrupt
[   13.130847] i2c i2c-0: 1/1 memory slots populated (from DMI)
[   13.162537] i2c i2c-0: Memory type 0x07 not supported yet, not instantiating SPD
[   13.174350] initcall i2c_i801_init+0x0/0xc5 returned 0 after 60344 usecs
[   13.183574] calling  ptp_kvm_init+0x0/0xf0 @ 1
[   13.193499] initcall ptp_kvm_init+0x0/0xf0 returned 0 after 3630 usecs
[   13.202620] calling  dm_init+0x0/0x3c @ 1
[   13.210724] device-mapper: ioctl: 4.43.0-ioctl (2020-10-01) initialised: dm-devel@redhat.com
[   13.222243] initcall dm_init+0x0/0x3c returned 0 after 13561 usecs
[   13.230932] calling  dm_mirror_init+0x0/0x29 @ 1
[   13.237067] initcall dm_mirror_init+0x0/0x29 returned 0 after 3 usecs
[   13.245786] calling  dm_dirty_log_init+0x0/0x4f @ 1
[   13.252546] initcall dm_dirty_log_init+0x0/0x4f returned 0 after 119 usecs
[   13.261920] calling  dm_zero_init+0x0/0x29 @ 1
[   13.268187] initcall dm_zero_init+0x0/0x29 returned 0 after 2 usecs
[   13.279710] calling  intel_pstate_init+0x0/0x50f @ 1
[   13.287013] intel_pstate: CPU model not supported
[   13.293970] initcall intel_pstate_init+0x0/0x50f returned -19 after 6888 usecs
[   13.304395] calling  haltpoll_init+0x0/0xc0 @ 1
[   13.310881] initcall haltpoll_init+0x0/0xc0 returned -19 after 32 usecs
[   13.320183] calling  efivars_sysfs_init+0x0/0x30 @ 1
[   13.327533] initcall efivars_sysfs_init+0x0/0x30 returned 0 after 20 usecs
[   13.337687] calling  esrt_sysfs_init+0x0/0x2a2 @ 1
[   13.345807] initcall esrt_sysfs_init+0x0/0x2a2 returned -38 after 66 usecs
[   13.356261] calling  hid_init+0x0/0x5c @ 1
[   13.362422] hid: raw HID events driver (C) Jiri Kosina
[   13.385828] initcall hid_init+0x0/0x5c returned 0 after 23220 usecs
[   13.394265] calling  hid_generic_init+0x0/0x15 @ 1
[   13.412923] initcall hid_generic_init+0x0/0x15 returned 0 after 117 usecs
[   13.433377] calling  a4_driver_init+0x0/0x15 @ 1
[   13.439807] initcall a4_driver_init+0x0/0x15 returned 0 after 44 usecs
[   13.449030] calling  apple_driver_init+0x0/0x15 @ 1
[   13.455802] initcall apple_driver_init+0x0/0x15 returned 0 after 110 usecs
[   13.465579] calling  belkin_driver_init+0x0/0x15 @ 1
[   13.472614] initcall belkin_driver_init+0x0/0x15 returned 0 after 33 usecs
[   13.482184] calling  ch_driver_init+0x0/0x15 @ 1
[   13.488382] initcall ch_driver_init+0x0/0x15 returned 0 after 89 usecs
[   13.493640] sr 2:0:0:0: [sr0] scsi3-mmc drive: 4x/4x cd/rw xa/form2 tray
[   13.505799] calling  ch_driver_init+0x0/0x15 @ 1
[   13.505842] initcall ch_driver_init+0x0/0x15 returned 0 after 36 usecs
[   13.514232] cdrom: Uniform CD-ROM driver Revision: 3.20
[   13.520458] calling  cp_driver_init+0x0/0x15 @ 1
[   13.546212] initcall cp_driver_init+0x0/0x15 returned 0 after 62 usecs
[   13.555815] calling  ez_driver_init+0x0/0x15 @ 1
[   13.562162] initcall ez_driver_init+0x0/0x15 returned 0 after 122 usecs
[   13.575556] calling  gyration_driver_init+0x0/0x15 @ 1
[   13.582812] initcall gyration_driver_init+0x0/0x15 returned 0 after 44 usecs
[   13.601823] calling  ite_driver_init+0x0/0x15 @ 1
[   13.607218] initcall ite_driver_init+0x0/0x15 returned 0 after 48 usecs
[   13.614597] calling  ks_driver_init+0x0/0x15 @ 1
[   13.619953] initcall ks_driver_init+0x0/0x15 returned 0 after 62 usecs
[   13.627646] calling  lg_driver_init+0x0/0x15 @ 1
[   13.633530] initcall lg_driver_init+0x0/0x15 returned 0 after 77 usecs
[   13.640999] calling  lg_g15_driver_init+0x0/0x15 @ 1
[   13.646708] initcall lg_g15_driver_init+0x0/0x15 returned 0 after 64 usecs
[   13.654678] calling  ms_driver_init+0x0/0x15 @ 1
[   13.660443] initcall ms_driver_init+0x0/0x15 returned 0 after 43 usecs
[   13.669401] calling  mr_driver_init+0x0/0x15 @ 1
[   13.675195] initcall mr_driver_init+0x0/0x15 returned 0 after 33 usecs
[   13.682838] calling  ntrig_driver_init+0x0/0x15 @ 1
[   13.688808] initcall ntrig_driver_init+0x0/0x15 returned 0 after 82 usecs
[   13.696883] calling  pl_driver_init+0x0/0x15 @ 1
[   13.702317] initcall pl_driver_init+0x0/0x15 returned 0 after 34 usecs
[   13.710401] calling  pl_driver_init+0x0/0x15 @ 1
[   13.716874] initcall pl_driver_init+0x0/0x15 returned 0 after 39 usecs
[   13.725642] calling  redragon_driver_init+0x0/0x15 @ 1
[   13.732536] initcall redragon_driver_init+0x0/0x15 returned 0 after 45 usecs
[   13.741883] calling  samsung_driver_init+0x0/0x15 @ 1
[   13.748950] initcall samsung_driver_init+0x0/0x15 returned 0 after 83 usecs
[   13.757570] calling  sony_init+0x0/0x38 @ 1
[   13.762888] initcall sony_init+0x0/0x38 returned 0 after 42 usecs
[   13.770553] calling  sp_driver_init+0x0/0x15 @ 1
[   13.776572] initcall sp_driver_init+0x0/0x15 returned 0 after 58 usecs
[   13.784764] calling  ts_driver_init+0x0/0x15 @ 1
[   13.790563] initcall ts_driver_init+0x0/0x15 returned 0 after 40 usecs
[   13.799229] calling  hid_init+0x0/0x58 @ 1
[   13.804994] usbcore: registered new interface driver usbhid
[   13.812996] usbhid: USB HID core driver
[   13.818552] initcall hid_init+0x0/0x58 returned 0 after 13519 usecs
[   13.825811] input: ImExPS/2 Generic Explorer Mouse as /devices/platform/i8042/serio1/input/input3
[   13.827271] calling  eeepc_laptop_init+0x0/0x57 @ 1
[   13.827786] initcall eeepc_laptop_init+0x0/0x57 returned -19 after 492 usecs
[   13.856099] calling  pmc_atom_init+0x0/0x27a @ 1
[   13.862435] initcall pmc_atom_init+0x0/0x27a returned -19 after 24 usecs
[   13.871665] calling  alsa_hwdep_init+0x0/0x5e @ 1
[   13.878260] initcall alsa_hwdep_init+0x0/0x5e returned 0 after 281 usecs
[   13.887276] calling  alsa_timer_init+0x0/0x1f9 @ 1
[   13.895418] initcall alsa_timer_init+0x0/0x1f9 returned 0 after 1623 usecs
[   13.904566] calling  snd_hrtimer_init+0x0/0x117 @ 1
[   13.911328] initcall snd_hrtimer_init+0x0/0x117 returned 0 after 17 usecs
[   13.920433] calling  alsa_pcm_init+0x0/0x64 @ 1
[   13.926039] rcu-torture: rcu_torture_read_exit: End of episode
[   13.926683] initcall alsa_pcm_init+0x0/0x64 returned 0 after 28 usecs
[   13.926686] calling  alsa_seq_init+0x0/0x4a @ 1
[   13.927709] initcall alsa_seq_init+0x0/0x4a returned 0 after 993 usecs
[   13.959503] calling  alsa_seq_dummy_init+0x0/0x9c @ 1
[   13.966704] initcall alsa_seq_dummy_init+0x0/0x9c returned 0 after 191 usecs
[   13.984818] calling  azx_driver_init+0x0/0x15 @ 1
[   13.992000] initcall azx_driver_init+0x0/0x15 returned 0 after 256 usecs
[   14.001711] calling  sock_diag_init+0x0/0x2a @ 1
[   14.009241] initcall sock_diag_init+0x0/0x2a returned 0 after 825 usecs
[   14.018515] calling  blackhole_init+0x0/0xc @ 1
[   14.025049] initcall blackhole_init+0x0/0xc returned 0 after 80 usecs
[   14.034125] calling  nfnetlink_init+0x0/0x61 @ 1
