c[?7l[2J[0mSeaBIOS (version 1.16.0-debian-1.16.0-4)
Booting from ROM...
early console in setup code
c[?7l[2J[    0.000000] Linux version 5.10.158+ (root@joelboxx.c.googlers.com) (gcc (Debian 12.2.0-3) 12.2.0, GNU ld (GNU Binutils for Debian) 2.39) #11 SMP PREEMPT Tue Dec 13 22:50:13 UTC 2022
[    0.000000] Command line: selinux=0 initcall_debug debug console=ttyS0 rcutorture.torture_type=tasks-rude rcutorture.onoff_interval=1000 rcutorture.onoff_holdoff=30 rcutorture.n_barrier_cbs=4 rcutorture.stat_interval=15 rcutorture.shutdown_secs=3600 rcutorture.test_no_idle_hz=1 rcutorture.verbose=1
[    0.000000] x86/fpu: x87 FPU will use FXSAVE
[    0.000000] BIOS-provided physical RAM map:
[    0.000000] BIOS-e820: [mem 0x0000000000000000-0x000000000009fbff] usable
[    0.000000] BIOS-e820: [mem 0x000000000009fc00-0x000000000009ffff] reserved
[    0.000000] BIOS-e820: [mem 0x00000000000f0000-0x00000000000fffff] reserved
[    0.000000] BIOS-e820: [mem 0x0000000000100000-0x000000001ffdefff] usable
[    0.000000] BIOS-e820: [mem 0x000000001ffdf000-0x000000001fffffff] reserved
[    0.000000] BIOS-e820: [mem 0x00000000b0000000-0x00000000bfffffff] reserved
[    0.000000] BIOS-e820: [mem 0x00000000fed1c000-0x00000000fed1ffff] reserved
[    0.000000] BIOS-e820: [mem 0x00000000feffc000-0x00000000feffffff] reserved
[    0.000000] BIOS-e820: [mem 0x00000000fffc0000-0x00000000ffffffff] reserved
[    0.000000] NX (Execute Disable) protection: active
[    0.000000] SMBIOS 2.8 present.
[    0.000000] DMI: QEMU Standard PC (Q35 + ICH9, 2009), BIOS 1.16.0-debian-1.16.0-4 04/01/2014
[    0.000000] Hypervisor detected: KVM
[    0.000000] kvm-clock: Using msrs 4b564d01 and 4b564d00
[    0.000000] kvm-clock: cpu 0, msr 10325001, primary cpu clock
[    0.000072] kvm-clock: using sched offset of 4503380527 cycles
[    0.000234] clocksource: kvm-clock: mask: 0xffffffffffffffff max_cycles: 0x1cd42e4dffb, max_idle_ns: 881590591483 ns
[    0.000355] tsc: Detected 1999.999 MHz processor
[    0.004443] e820: update [mem 0x00000000-0x00000fff] usable ==> reserved
[    0.004452] e820: remove [mem 0x000a0000-0x000fffff] usable
[    0.004462] last_pfn = 0x1ffdf max_arch_pfn = 0x400000000
[    0.005214] MTRR default type: write-back
[    0.005242] MTRR fixed ranges enabled:
[    0.005245]   00000-9FFFF write-back
[    0.005248]   A0000-BFFFF uncachable
[    0.005251]   C0000-FFFFF write-protect
[    0.005254] MTRR variable ranges enabled:
[    0.005257]   0 base 00C0000000 mask FFC0000000 uncachable
[    0.005259]   1 disabled
[    0.005262]   2 disabled
[    0.005264]   3 disabled
[    0.005266]   4 disabled
[    0.005269]   5 disabled
[    0.005271]   6 disabled
[    0.005273]   7 disabled
[    0.005510] x86/PAT: Configuration [0-7]: WB  WC  UC- UC  WB  WC  UC- UC  
[    0.014247] found SMP MP-table at [mem 0x000f5ba0-0x000f5baf]
[    0.015234] check: Scanning 1 areas for low memory corruption
[    0.022972] ACPI: Early table checksum verification disabled
[    0.024006] ACPI: RSDP 0x00000000000F59E0 000014 (v00 BOCHS )
[    0.024191] ACPI: RSDT 0x000000001FFE22F5 000038 (v01 BOCHS  BXPC     00000001 BXPC 00000001)
[    0.024289] ACPI: FACP 0x000000001FFE20E5 0000F4 (v03 BOCHS  BXPC     00000001 BXPC 00000001)
[    0.024386] ACPI: DSDT 0x000000001FFE0040 0020A5 (v01 BOCHS  BXPC     00000001 BXPC 00000001)
[    0.024395] ACPI: FACS 0x000000001FFE0000 000040
[    0.024403] ACPI: APIC 0x000000001FFE21D9 000080 (v01 BOCHS  BXPC     00000001 BXPC 00000001)
[    0.024440] ACPI: HPET 0x000000001FFE2259 000038 (v01 BOCHS  BXPC     00000001 BXPC 00000001)
[    0.024448] ACPI: MCFG 0x000000001FFE2291 00003C (v01 BOCHS  BXPC     00000001 BXPC 00000001)
[    0.024456] ACPI: WAET 0x000000001FFE22CD 000028 (v01 BOCHS  BXPC     00000001 BXPC 00000001)
[    0.024464] ACPI: Reserving FACP table memory at [mem 0x1ffe20e5-0x1ffe21d8]
[    0.024467] ACPI: Reserving DSDT table memory at [mem 0x1ffe0040-0x1ffe20e4]
[    0.024470] ACPI: Reserving FACS table memory at [mem 0x1ffe0000-0x1ffe003f]
[    0.024473] ACPI: Reserving APIC table memory at [mem 0x1ffe21d9-0x1ffe2258]
[    0.024475] ACPI: Reserving HPET table memory at [mem 0x1ffe2259-0x1ffe2290]
[    0.024478] ACPI: Reserving MCFG table memory at [mem 0x1ffe2291-0x1ffe22cc]
[    0.024481] ACPI: Reserving WAET table memory at [mem 0x1ffe22cd-0x1ffe22f4]
[    0.024983] ACPI: Local APIC address 0xfee00000
[    0.028600] No NUMA configuration found
[    0.028605] Faking a node at [mem 0x0000000000000000-0x000000001ffdefff]
[    0.028678] NODE_DATA(0) allocated [mem 0x1ffdb000-0x1ffdefff]
[    0.029409] Zone ranges:
[    0.029505]   DMA      [mem 0x0000000000001000-0x0000000000ffffff]
[    0.029616]   DMA32    [mem 0x0000000001000000-0x000000001ffdefff]
[    0.029622]   Normal   empty
[    0.029660] Movable zone start for each node
[    0.029664] Early memory node ranges
[    0.029667]   node   0: [mem 0x0000000000001000-0x000000000009efff]
[    0.029683]   node   0: [mem 0x0000000000100000-0x000000001ffdefff]
[    0.029692] Initmem setup node 0 [mem 0x0000000000001000-0x000000001ffdefff]
[    0.029712] On node 0 totalpages: 130941
[    0.029773]   DMA zone: 64 pages used for memmap
[    0.029776]   DMA zone: 21 pages reserved
[    0.029790]   DMA zone: 3998 pages, LIFO batch:0
[    0.029793]   DMA32 zone: 1984 pages used for memmap
[    0.029796]   DMA32 zone: 126943 pages, LIFO batch:31
[    0.043122] On node 0, zone DMA: 1 pages in unavailable ranges
[    0.044151] On node 0, zone DMA: 97 pages in unavailable ranges
[    0.080092] On node 0, zone DMA32: 33 pages in unavailable ranges
[    0.083460] ACPI: PM-Timer IO Port: 0x608
[    0.083468] ACPI: Local APIC address 0xfee00000
[    0.083589] ACPI: LAPIC_NMI (acpi_id[0xff] dfl dfl lint[0x1])
[    0.084275] IOAPIC[0]: apic_id 0, version 17, address 0xfec00000, GSI 0-23
[    0.084330] ACPI: INT_SRC_OVR (bus 0 bus_irq 0 global_irq 2 dfl dfl)
[    0.084414] ACPI: INT_SRC_OVR (bus 0 bus_irq 5 global_irq 5 high level)
[    0.084419] ACPI: INT_SRC_OVR (bus 0 bus_irq 9 global_irq 9 high level)
[    0.084491] ACPI: INT_SRC_OVR (bus 0 bus_irq 10 global_irq 10 high level)
[    0.084494] ACPI: INT_SRC_OVR (bus 0 bus_irq 11 global_irq 11 high level)
[    0.084516] ACPI: IRQ0 used by override.
[    0.084519] ACPI: IRQ5 used by override.
[    0.084522] ACPI: IRQ9 used by override.
[    0.084525] ACPI: IRQ10 used by override.
[    0.084527] ACPI: IRQ11 used by override.
[    0.084543] Using ACPI (MADT) for SMP configuration information
[    0.084615] ACPI: HPET id: 0x8086a201 base: 0xfed00000
[    0.084874] smpboot: Allowing 2 CPUs, 0 hotplug CPUs
[    0.085978] PM: hibernation: Registered nosave memory: [mem 0x00000000-0x00000fff]
[    0.085984] PM: hibernation: Registered nosave memory: [mem 0x0009f000-0x0009ffff]
[    0.085987] PM: hibernation: Registered nosave memory: [mem 0x000a0000-0x000effff]
[    0.085990] PM: hibernation: Registered nosave memory: [mem 0x000f0000-0x000fffff]
[    0.085995] [mem 0x20000000-0xafffffff] available for PCI devices
[    0.086014] Booting paravirtualized kernel on KVM
[    0.086233] clocksource: refined-jiffies: mask: 0xffffffff max_cycles: 0xffffffff, max_idle_ns: 1910969940391419 ns
[    0.105069] setup_percpu: NR_CPUS:2 nr_cpumask_bits:2 nr_cpu_ids:2 nr_node_ids:1
[    0.139659] percpu: Embedded 58 pages/cpu s198480 r8192 d30896 u1048576
[    0.139718] pcpu-alloc: s198480 r8192 d30896 u1048576 alloc=1*2097152
[    0.139764] pcpu-alloc: [0] 0 1 
[    0.140023] kvm-guest: stealtime: cpu 0, msr 1f41bb40
[    0.140765] Built 1 zonelists, mobility grouping on.  Total pages: 128872
[    0.140772] Policy zone: DMA32
[    0.140860] Kernel command line: selinux=0 initcall_debug debug console=ttyS0 rcutorture.torture_type=tasks-rude rcutorture.onoff_interval=1000 rcutorture.onoff_holdoff=30 rcutorture.n_barrier_cbs=4 rcutorture.stat_interval=15 rcutorture.shutdown_secs=3600 rcutorture.test_no_idle_hz=1 rcutorture.verbose=1
[    0.148925] Dentry cache hash table entries: 65536 (order: 7, 524288 bytes, linear)
[    0.150013] Inode-cache hash table entries: 32768 (order: 6, 262144 bytes, linear)
[    0.150403] mem auto-init: stack:all(zero), heap alloc:off, heap free:off
[    0.165749] Memory: 466776K/523764K available (16398K kernel code, 2805K rwdata, 4820K rodata, 1500K init, 13284K bss, 56728K reserved, 0K cma-reserved)
[    0.166208] SLUB: HWalign=64, Order=0-3, MinObjects=0, CPUs=2, Nodes=1
[    0.166433] Kernel/User page tables isolation: enabled
[    0.180164] Running RCU self tests
[    0.180341] rcu: Preemptible hierarchical RCU implementation.
[    0.180346] rcu: 	RCU event tracing is enabled.
[    0.180348] rcu: 	RCU lockdep checking is enabled.
[    0.180394] 	Trampoline variant of Tasks RCU enabled.
[    0.180399] 	Rude variant of Tasks RCU enabled.
[    0.180401] 	Tracing variant of Tasks RCU enabled.
[    0.180426] rcu: RCU calculated value of scheduler-enlistment delay is 100 jiffies.
[    0.186300] NR_IRQS: 4352, nr_irqs: 440, preallocated irqs: 16
[    0.189219] calling  con_init+0x0/0x24f @ 0
[    0.286585] Console: colour VGA+ 80x25
[    0.286648] initcall con_init+0x0/0x24f returned 0 after 0 usecs
[    0.286653] calling  hvc_console_init+0x0/0x13 @ 0
[    0.286668] initcall hvc_console_init+0x0/0x13 returned 0 after 0 usecs
[    0.286672] calling  univ8250_console_init+0x0/0x26 @ 0
[    1.264449] printk: console [ttyS0] enabled
[    1.270842] initcall univ8250_console_init+0x0/0x26 returned 0 after 0 usecs
[    1.279502] Lock dependency validator: Copyright (c) 2006 Red Hat, Inc., Ingo Molnar
[    1.288810] ... MAX_LOCKDEP_SUBCLASSES:  8
[    1.293841] ... MAX_LOCK_DEPTH:          48
[    1.298759] ... MAX_LOCKDEP_KEYS:        8192
[    1.303931] ... CLASSHASH_SIZE:          4096
[    1.308985] ... MAX_LOCKDEP_ENTRIES:     32768
[    1.314286] ... MAX_LOCKDEP_CHAINS:      65536
[    1.319486] ... CHAINHASH_SIZE:          32768
[    1.324765]  memory used by lock dependency info: 6365 kB
[    1.331093]  memory used for stack traces: 4224 kB
[    1.336819]  per task-struct memory footprint: 1920 bytes
[    1.355953] ACPI: Core revision 20200925
[    1.370501] clocksource: hpet: mask: 0xffffffff max_cycles: 0xffffffff, max_idle_ns: 19112604467 ns
[    1.388395] APIC: Switch to symmetric I/O mode setup
[    1.426910] ..TIMER: vector=0x30 apic1=0 pin1=2 apic2=-1 pin2=-1
[    1.435192] clocksource: tsc-early: mask: 0xffffffffffffffff max_cycles: 0x39a85afc727, max_idle_ns: 881590685098 ns
[    1.448261] Calibrating delay loop (skipped) preset value.. 3999.99 BogoMIPS (lpj=1999999)
[    1.449287] pid_max: default: 32768 minimum: 301
[    1.452658] LSM: Security Framework initializing
[    1.454523] Mount-cache hash table entries: 1024 (order: 1, 8192 bytes, linear)
[    1.455276] Mountpoint-cache hash table entries: 1024 (order: 1, 8192 bytes, linear)
[    1.473036] Last level iTLB entries: 4KB 0, 2MB 0, 4MB 0
[    1.473269] Last level dTLB entries: 4KB 0, 2MB 0, 4MB 0, 1GB 0
[    1.475320] Spectre V1 : Mitigation: usercopy/swapgs barriers and __user pointer sanitization
[    1.476270] Spectre V2 : Mitigation: Retpolines
[    1.478266] Spectre V2 : Spectre v2 / SpectreRSB mitigation: Filling RSB on context switch
[    1.479267] Spectre V2 : Spectre v2 / SpectreRSB : Filling RSB on VMEXIT
[    1.480269] Speculative Store Bypass: Vulnerable
[    1.481313] MDS: Vulnerable: Clear CPU buffers attempted, no microcode
[    1.482267] MMIO Stale Data: Unknown: No mitigations
[    1.555822] Freeing SMP alternatives memory: 40K
[    1.660261] smpboot: CPU0: Intel Common KVM processor (family: 0xf, model: 0x6, stepping: 0x1)
[    1.661786] calling  init_hw_perf_events+0x0/0x6ce @ 1
[    1.662271] Performance Events: unsupported Netburst CPU model 6 no PMU driver, software events only.
[    1.663276] initcall init_hw_perf_events+0x0/0x6ce returned 0 after 976 usecs
[    1.664274] calling  init_real_mode+0x0/0x1e9 @ 1
[    1.666278] initcall init_real_mode+0x0/0x1e9 returned 0 after 976 usecs
[    1.667273] calling  trace_init_perf_perm_irq_work_exit+0x0/0x12 @ 1
[    1.668289] initcall trace_init_perf_perm_irq_work_exit+0x0/0x12 returned 0 after 0 usecs
[    1.669346] calling  validate_x2apic+0x0/0x4a @ 1
[    1.670314] initcall validate_x2apic+0x0/0x4a returned 0 after 0 usecs
[    1.671278] calling  register_nmi_cpu_backtrace_handler+0x0/0x15 @ 1
[    1.672319] initcall register_nmi_cpu_backtrace_handler+0x0/0x15 returned 0 after 0 usecs
[    1.673277] calling  kvm_setup_vsyscall_timeinfo+0x0/0xd1 @ 1
[    1.674279] initcall kvm_setup_vsyscall_timeinfo+0x0/0xd1 returned 0 after 0 usecs
[    1.675336] calling  spawn_ksoftirqd+0x0/0x38 @ 1
[    1.676472] initcall spawn_ksoftirqd+0x0/0x38 returned 0 after 0 usecs
[    1.677276] calling  migration_init+0x0/0x31 @ 1
[    1.678274] initcall migration_init+0x0/0x31 returned 0 after 0 usecs
[    1.679272] calling  srcu_bootup_announce+0x0/0x2f @ 1
[    1.680281] rcu: Hierarchical SRCU implementation.
[    1.681293] initcall srcu_bootup_announce+0x0/0x2f returned 0 after 976 usecs
[    1.682274] calling  rcu_spawn_gp_kthread+0x0/0x1b0 @ 1
[    1.683412] initcall rcu_spawn_gp_kthread+0x0/0x1b0 returned 0 after 0 usecs
[    1.684275] calling  check_cpu_stall_init+0x0/0x1a @ 1
[    1.685281] initcall check_cpu_stall_init+0x0/0x1a returned 0 after 0 usecs
[    1.686274] calling  rcu_sysrq_init+0x0/0x21 @ 1
[    1.688323] initcall rcu_sysrq_init+0x0/0x21 returned 0 after 976 usecs
[    1.690294] calling  trace_init_flags_sys_enter+0x0/0xe @ 1
[    1.691312] initcall trace_init_flags_sys_enter+0x0/0xe returned 0 after 0 usecs
[    1.692278] calling  trace_init_flags_sys_exit+0x0/0xe @ 1
[    1.693274] initcall trace_init_flags_sys_exit+0x0/0xe returned 0 after 0 usecs
[    1.695276] calling  cpu_stop_init+0x0/0x8d @ 1
[    1.696493] initcall cpu_stop_init+0x0/0x8d returned 0 after 0 usecs
[    1.697275] calling  init_kprobes+0x0/0x16e @ 1
[    1.700489] initcall init_kprobes+0x0/0x16e returned 0 after 1953 usecs
[    1.701271] calling  init_events+0x0/0x3d @ 1
[    1.703751] initcall init_events+0x0/0x3d returned 0 after 976 usecs
[    1.705270] calling  init_trace_printk+0x0/0xc @ 1
[    1.706272] initcall init_trace_printk+0x0/0xc returned 0 after 0 usecs
[    1.707271] calling  event_trace_enable_again+0x0/0x23 @ 1
[    1.708271] initcall event_trace_enable_again+0x0/0x23 returned 0 after 0 usecs
[    1.709271] calling  static_call_init+0x0/0x79 @ 1
[    1.710270] initcall static_call_init+0x0/0x79 returned 0 after 0 usecs
[    1.711271] calling  jump_label_init_module+0x0/0xc @ 1
[    1.712271] initcall jump_label_init_module+0x0/0xc returned 0 after 0 usecs
[    1.713335] calling  init_zero_pfn+0x0/0x37 @ 1
[    1.714271] initcall init_zero_pfn+0x0/0x37 returned 0 after 0 usecs
[    1.715273] calling  initialize_ptr_random+0x0/0x54 @ 1
[    1.717270] initcall initialize_ptr_random+0x0/0x54 returned 0 after 976 usecs
[    1.718385] calling  efi_memreserve_root_init+0x0/0x25 @ 1
[    1.720375] initcall efi_memreserve_root_init+0x0/0x25 returned 0 after 0 usecs
[    1.721276] calling  efi_earlycon_remap_fb+0x0/0x51 @ 1
[    1.722277] initcall efi_earlycon_remap_fb+0x0/0x51 returned 0 after 0 usecs
[    1.723491] smp: Bringing up secondary CPUs ...
[    1.726336] x86: Booting SMP configuration:
[    1.727281] .... node  #0, CPUs:      #1
[    1.255075] kvm-clock: cpu 1, msr 10325041, secondary cpu clock
[    1.753607] kvm-guest: stealtime: cpu 1, msr 1f51bb40
[    1.768817] smp: Brought up 1 node, 2 CPUs
[    1.769275] smpboot: Max logical packages: 1
[    1.772330] smpboot: Total of 2 processors activated (7999.99 BogoMIPS)
[    1.811851] devtmpfs: initialized
[    1.819864] calling  ipc_ns_init+0x0/0x3d @ 1
[    1.826416] initcall ipc_ns_init+0x0/0x3d returned 0 after 0 usecs
[    1.835280] calling  init_mmap_min_addr+0x0/0x21 @ 1
[    1.843277] initcall init_mmap_min_addr+0x0/0x21 returned 0 after 0 usecs
[    1.853277] calling  pci_realloc_setup_params+0x0/0x3f @ 1
[    1.861308] initcall pci_realloc_setup_params+0x0/0x3f returned 0 after 0 usecs
[    1.872311] calling  net_ns_init+0x0/0x140 @ 1
[    1.880273] initcall net_ns_init+0x0/0x140 returned 0 after 976 usecs
[    1.890307] calling  e820__register_nvs_regions+0x0/0x37 @ 1
[    1.898278] initcall e820__register_nvs_regions+0x0/0x37 returned 0 after 0 usecs
[    1.909279] calling  cpufreq_register_tsc_scaling+0x0/0x2e @ 1
[    1.918280] initcall cpufreq_register_tsc_scaling+0x0/0x2e returned 0 after 0 usecs
[    1.929276] calling  reboot_init+0x0/0x3c @ 1
[    1.934356] initcall reboot_init+0x0/0x3c returned 0 after 0 usecs
[    1.942294] calling  init_lapic_sysfs+0x0/0x20 @ 1
[    1.948293] initcall init_lapic_sysfs+0x0/0x20 returned 0 after 0 usecs
[    1.956278] calling  alloc_frozen_cpus+0x0/0x7 @ 1
[    1.961275] initcall alloc_frozen_cpus+0x0/0x7 returned 0 after 0 usecs
[    1.967273] calling  cpu_hotplug_pm_sync_init+0x0/0x13 @ 1
[    1.974313] initcall cpu_hotplug_pm_sync_init+0x0/0x13 returned 0 after 0 usecs
[    1.982274] calling  wq_sysfs_init+0x0/0x2a @ 1
[    1.988312] initcall wq_sysfs_init+0x0/0x2a returned 0 after 0 usecs
[    1.996272] calling  ksysfs_init+0x0/0x92 @ 1
[    2.001382] initcall ksysfs_init+0x0/0x92 returned 0 after 0 usecs
[    2.008281] calling  schedutil_gov_init+0x0/0xc @ 1
[    2.014424] initcall schedutil_gov_init+0x0/0xc returned 0 after 976 usecs
[    2.023273] calling  pm_init+0x0/0x76 @ 1
[    2.028510] initcall pm_init+0x0/0x76 returned 0 after 0 usecs
[    2.036282] calling  pm_disk_init+0x0/0x13 @ 1
[    2.041284] initcall pm_disk_init+0x0/0x13 returned 0 after 0 usecs
[    2.048274] calling  swsusp_header_init+0x0/0x2b @ 1
[    2.055284] initcall swsusp_header_init+0x0/0x2b returned 0 after 0 usecs
[    2.063274] calling  rcu_set_runtime_mode+0x0/0x2a @ 1
[    2.072537] initcall rcu_set_runtime_mode+0x0/0x2a returned 0 after 1953 usecs
[    2.083288] calling  init_jiffies_clocksource+0x0/0x13 @ 1
[    2.091277] clocksource: jiffies: mask: 0xffffffff max_cycles: 0xffffffff, max_idle_ns: 1911260446275000 ns
[    2.103288] initcall init_jiffies_clocksource+0x0/0x13 returned 0 after 11718 usecs
[    2.112274] calling  futex_init+0x0/0x11b @ 1
[    2.117279] futex hash table entries: 512 (order: 4, 65536 bytes, linear)
[    2.125306] initcall futex_init+0x0/0x11b returned 0 after 7812 usecs
[    2.133275] calling  cgroup_wq_init+0x0/0x28 @ 1
[    2.139301] initcall cgroup_wq_init+0x0/0x28 returned 0 after 0 usecs
[    2.147273] calling  cgroup1_wq_init+0x0/0x28 @ 1
[    2.153310] initcall cgroup1_wq_init+0x0/0x28 returned 0 after 0 usecs
[    2.160273] calling  init_kprobe_trace_early+0x0/0x2a @ 1
[    2.165311] initcall init_kprobe_trace_early+0x0/0x2a returned 0 after 0 usecs
[    2.175283] calling  fsnotify_init+0x0/0x56 @ 1
[    2.180296] initcall fsnotify_init+0x0/0x56 returned 0 after 0 usecs
[    2.188276] calling  filelock_init+0x0/0xb3 @ 1
[    2.194297] initcall filelock_init+0x0/0xb3 returned 0 after 0 usecs
[    2.201274] calling  init_misc_binfmt+0x0/0x2c @ 1
[    2.209273] initcall init_misc_binfmt+0x0/0x2c returned 0 after 976 usecs
[    2.216276] calling  init_script_binfmt+0x0/0x15 @ 1
[    2.224435] initcall init_script_binfmt+0x0/0x15 returned 0 after 0 usecs
[    2.233279] calling  init_elf_binfmt+0x0/0x15 @ 1
[    2.240292] initcall init_elf_binfmt+0x0/0x15 returned 0 after 0 usecs
[    2.250361] calling  init_compat_elf_binfmt+0x0/0x15 @ 1
[    2.257283] initcall init_compat_elf_binfmt+0x0/0x15 returned 0 after 0 usecs
[    2.268280] calling  debugfs_init+0x0/0x5c @ 1
[    2.274292] initcall debugfs_init+0x0/0x5c returned 0 after 0 usecs
[    2.281272] calling  tracefs_init+0x0/0x3a @ 1
[    2.287285] initcall tracefs_init+0x0/0x3a returned 0 after 0 usecs
[    2.294273] calling  prandom_init_early+0x0/0x15d @ 1
[    2.301274] initcall prandom_init_early+0x0/0x15d returned 0 after 0 usecs
[    2.310261] calling  virtio_init+0x0/0x20 @ 1
[    2.316451] initcall virtio_init+0x0/0x20 returned 0 after 0 usecs
[    2.324278] calling  iommu_init+0x0/0x2a @ 1
[    2.330280] initcall iommu_init+0x0/0x2a returned 0 after 0 usecs
[    2.337272] calling  component_debug_init+0x0/0x1c @ 1
[    2.345041] initcall component_debug_init+0x0/0x1c returned 0 after 976 usecs
[    2.354275] calling  early_resume_init+0x0/0xb9 @ 1
[    2.360926] PM: RTC time: 23:01:24, date: 2022-12-13
[    2.367277] initcall early_resume_init+0x0/0xb9 returned 0 after 6835 usecs
[    2.376281] calling  cpufreq_core_init+0x0/0x62 @ 1
[    2.382290] initcall cpufreq_core_init+0x0/0x62 returned 0 after 0 usecs
[    2.391278] calling  cpufreq_gov_performance_init+0x0/0xc @ 1
[    2.398277] initcall cpufreq_gov_performance_init+0x0/0xc returned 0 after 0 usecs
[    2.407272] calling  cpufreq_gov_userspace_init+0x0/0xc @ 1
[    2.414274] initcall cpufreq_gov_userspace_init+0x0/0xc returned 0 after 0 usecs
[    2.423273] calling  CPU_FREQ_GOV_ONDEMAND_init+0x0/0xc @ 1
[    2.429308] initcall CPU_FREQ_GOV_ONDEMAND_init+0x0/0xc returned 0 after 0 usecs
[    2.438272] calling  cpuidle_init+0x0/0x1f @ 1
[    2.444383] initcall cpuidle_init+0x0/0x1f returned 0 after 0 usecs
[    2.451284] calling  capsule_reboot_register+0x0/0xc @ 1
[    2.458323] initcall capsule_reboot_register+0x0/0xc returned 0 after 0 usecs
[    2.466276] calling  sock_init+0x0/0x93 @ 1
[    2.473725] initcall sock_init+0x0/0x93 returned 0 after 1953 usecs
[    2.481273] calling  net_inuse_init+0x0/0x23 @ 1
[    2.487338] initcall net_inuse_init+0x0/0x23 returned 0 after 0 usecs
[    2.494273] calling  net_defaults_init+0x0/0x23 @ 1
[    2.501276] initcall net_defaults_init+0x0/0x23 returned 0 after 0 usecs
[    2.509279] calling  init_default_flow_dissectors+0x0/0x4f @ 1
[    2.516355] initcall init_default_flow_dissectors+0x0/0x4f returned 0 after 0 usecs
[    2.526274] calling  netpoll_init+0x0/0x44 @ 1
[    2.531277] initcall netpoll_init+0x0/0x44 returned 0 after 0 usecs
[    2.540276] calling  netlink_proto_init+0x0/0x154 @ 1
[    2.547328] NET: Registered protocol family 16
[    2.553592] initcall netlink_proto_init+0x0/0x154 returned 0 after 6835 usecs
[    2.562279] calling  genl_init+0x0/0x35 @ 1
[    2.568794] initcall genl_init+0x0/0x35 returned 0 after 976 usecs
[    2.576651] calling  bsp_pm_check_init+0x0/0x13 @ 1
[    2.583279] initcall bsp_pm_check_init+0x0/0x13 returned 0 after 0 usecs
[    2.592309] calling  irq_sysfs_init+0x0/0xb9 @ 1
[    2.599084] initcall irq_sysfs_init+0x0/0xb9 returned 0 after 0 usecs
[    2.606276] calling  audit_init+0x0/0x127 @ 1
[    2.612283] audit: initializing netlink subsys (disabled)
[    2.622932] initcall audit_init+0x0/0x127 returned 0 after 9765 usecs
[    2.622912] audit: type=2000 audit(1670972483.831:1): state=initialized audit_enabled=0 res=1
[    2.625288] calling  release_early_probes+0x0/0x32 @ 1
[    2.626279] initcall release_early_probes+0x0/0x32 returned 0 after 0 usecs
[    2.627279] calling  bdi_class_init+0x0/0x48 @ 1
[    2.628363] initcall bdi_class_init+0x0/0x48 returned 0 after 0 usecs
[    2.629277] calling  mm_sysfs_init+0x0/0x28 @ 1
[    2.630287] initcall mm_sysfs_init+0x0/0x28 returned 0 after 0 usecs
[    2.631280] calling  init_per_zone_wmark_min+0x0/0x6d @ 1
[    2.633322] initcall init_per_zone_wmark_min+0x0/0x6d returned 0 after 0 usecs
[    2.634280] calling  mpi_init+0x0/0x3e @ 1
[    2.635360] initcall mpi_init+0x0/0x3e returned 0 after 0 usecs
[    2.636279] calling  kobject_uevent_init+0x0/0xc @ 1
[    2.638291] initcall kobject_uevent_init+0x0/0xc returned 0 after 976 usecs
[    2.639276] calling  pcibus_class_init+0x0/0x13 @ 1
[    2.640299] initcall pcibus_class_init+0x0/0x13 returned 0 after 0 usecs
[    2.641282] calling  pci_driver_init+0x0/0x21 @ 1
[    2.642791] initcall pci_driver_init+0x0/0x21 returned 0 after 0 usecs
[    2.644304] calling  backlight_class_init+0x0/0xa8 @ 1
[    2.645317] initcall backlight_class_init+0x0/0xa8 returned 0 after 0 usecs
[    2.646274] calling  tty_class_init+0x0/0x33 @ 1
[    2.647293] initcall tty_class_init+0x0/0x33 returned 0 after 0 usecs
[    2.648275] calling  vtconsole_class_init+0x0/0xb5 @ 1
[    2.650316] initcall vtconsole_class_init+0x0/0xb5 returned 0 after 976 usecs
[    2.651274] calling  iommu_dev_init+0x0/0x13 @ 1
[    2.653120] initcall iommu_dev_init+0x0/0x13 returned 0 after 0 usecs
[    2.653274] calling  mipi_dsi_bus_init+0x0/0xc @ 1
[    2.655152] initcall mipi_dsi_bus_init+0x0/0xc returned 0 after 0 usecs
[    2.655275] calling  devlink_class_init+0x0/0x40 @ 1
[    2.656330] initcall devlink_class_init+0x0/0x40 returned 0 after 0 usecs
[    2.657274] calling  software_node_init+0x0/0x2a @ 1
[    2.658282] initcall software_node_init+0x0/0x2a returned 0 after 0 usecs
[    2.659276] calling  wakeup_sources_debugfs_init+0x0/0x23 @ 1
[    2.660415] initcall wakeup_sources_debugfs_init+0x0/0x23 returned 0 after 0 usecs
[    2.661282] calling  wakeup_sources_sysfs_init+0x0/0x2c @ 1
[    2.662300] initcall wakeup_sources_sysfs_init+0x0/0x2c returned 0 after 0 usecs
[    2.663277] calling  register_node_type+0x0/0x13 @ 1
[    2.665400] initcall register_node_type+0x0/0x13 returned 0 after 0 usecs
[    2.666279] calling  regmap_initcall+0x0/0xc @ 1
[    2.667439] initcall regmap_initcall+0x0/0xc returned 0 after 0 usecs
[    2.668296] calling  i2c_init+0x0/0xb3 @ 1
[    2.670328] initcall i2c_init+0x0/0xb3 returned 0 after 976 usecs
[    2.671274] calling  thermal_init+0x0/0x116 @ 1
[    2.673432] thermal_sys: Registered thermal governor 'step_wise'
[    2.673436] thermal_sys: Registered thermal governor 'user_space'
[    2.674297] initcall thermal_init+0x0/0x116 returned 0 after 976 usecs
[    2.676277] calling  init_menu+0x0/0xc @ 1
[    2.677452] cpuidle: using governor menu
[    2.678276] initcall init_menu+0x0/0xc returned 0 after 976 usecs
[    2.679274] calling  pcc_init+0x0/0x4d @ 1
[    2.680294] initcall pcc_init+0x0/0x4d returned -19 after 0 usecs
[    2.681277] calling  amd_postcore_init+0x0/0x11e @ 1
[    2.683281] initcall amd_postcore_init+0x0/0x11e returned 0 after 0 usecs
[    2.684303] calling  bts_init+0x0/0xba @ 1
[    2.685274] initcall bts_init+0x0/0xba returned -19 after 0 usecs
[    2.686274] calling  pt_init+0x0/0x34d @ 1
[    2.687278] initcall pt_init+0x0/0x34d returned -19 after 0 usecs
[    2.688282] calling  boot_params_ksysfs_init+0x0/0x2ee @ 1
[    2.689309] initcall boot_params_ksysfs_init+0x0/0x2ee returned 0 after 0 usecs
[    2.690275] calling  sbf_init+0x0/0xea @ 1
[    2.691275] initcall sbf_init+0x0/0xea returned 0 after 0 usecs
[    2.692274] calling  arch_kdebugfs_init+0x0/0x219 @ 1
[    2.694289] initcall arch_kdebugfs_init+0x0/0x219 returned 0 after 976 usecs
[    2.695275] calling  intel_pconfig_init+0x0/0x85 @ 1
[    2.696273] initcall intel_pconfig_init+0x0/0x85 returned 0 after 0 usecs
[    2.697276] calling  mtrr_if_init+0x0/0x5d @ 1
[    2.698282] initcall mtrr_if_init+0x0/0x5d returned 0 after 0 usecs
[    2.699279] calling  activate_jump_labels+0x0/0x31 @ 1
[    2.700279] initcall activate_jump_labels+0x0/0x31 returned 0 after 0 usecs
[    2.701278] calling  ffh_cstate_init+0x0/0x29 @ 1
[    2.702284] initcall ffh_cstate_init+0x0/0x29 returned 0 after 0 usecs
[    2.703274] calling  activate_jump_labels+0x0/0x31 @ 1
[    2.705925] initcall activate_jump_labels+0x0/0x31 returned 0 after 976 usecs
[    2.706273] calling  kvm_alloc_cpumask+0x0/0x74 @ 1
[    2.707326] initcall kvm_alloc_cpumask+0x0/0x74 returned 0 after 0 usecs
[    2.708273] calling  kcmp_cookies_init+0x0/0x37 @ 1
[    2.709282] initcall kcmp_cookies_init+0x0/0x37 returned 0 after 0 usecs
[    2.710278] calling  cryptomgr_init+0x0/0xc @ 1
[    2.711381] initcall cryptomgr_init+0x0/0xc returned 0 after 0 usecs
[    2.712277] calling  acpi_pci_init+0x0/0x57 @ 1
[    2.713315] ACPI: bus type PCI registered
[    2.714277] initcall acpi_pci_init+0x0/0x57 returned 0 after 976 usecs
[    2.715279] calling  dma_channel_table_init+0x0/0xd1 @ 1
[    2.716293] initcall dma_channel_table_init+0x0/0xd1 returned 0 after 0 usecs
[    2.717279] calling  dma_bus_init+0x0/0xdc @ 1
[    2.719347] initcall dma_bus_init+0x0/0xdc returned 0 after 976 usecs
[    2.720545] calling  iommu_dma_init+0x0/0x10 @ 1
[    2.722522] initcall iommu_dma_init+0x0/0x10 returned 0 after 0 usecs
[    2.724275] calling  dmi_id_init+0x0/0x37c @ 1
[    2.725596] initcall dmi_id_init+0x0/0x37c returned 0 after 0 usecs
[    2.726275] calling  pci_arch_init+0x0/0x71 @ 1
[    2.729173] PCI: MMCONFIG for domain 0000 [bus 00-ff] at [mem 0xb0000000-0xbfffffff] (base 0xb0000000)
[    2.729277] PCI: MMCONFIG at [mem 0xb0000000-0xbfffffff] reserved in E820
[    2.730346] PCI: Using configuration type 1 for base access
[    2.731334] initcall pci_arch_init+0x0/0x71 returned 0 after 3906 usecs
[    2.732290] calling  init_vdso+0x0/0x13 @ 1
[    2.733368] initcall init_vdso+0x0/0x13 returned 0 after 0 usecs
[    2.734271] calling  sysenter_setup+0x0/0x13 @ 1
[    2.735318] initcall sysenter_setup+0x0/0x13 returned 0 after 0 usecs
[    2.736272] calling  fixup_ht_bug+0x0/0xe5 @ 1
[    2.737271] initcall fixup_ht_bug+0x0/0xe5 returned 0 after 0 usecs
[    2.738273] calling  topology_init+0x0/0x88 @ 1
[    2.740738] initcall topology_init+0x0/0x88 returned 0 after 976 usecs
[    2.741281] calling  intel_epb_init+0x0/0x68 @ 1
[    2.742274] initcall intel_epb_init+0x0/0x68 returned -19 after 0 usecs
[    2.743275] calling  mtrr_init_finialize+0x0/0x3e @ 1
[    2.744274] initcall mtrr_init_finialize+0x0/0x3e returned 0 after 0 usecs
[    2.745274] calling  uid_cache_init+0x0/0x85 @ 1
[    2.746308] initcall uid_cache_init+0x0/0x85 returned 0 after 0 usecs
[    2.747273] calling  param_sysfs_init+0x0/0x1ba @ 1
[    2.776984] initcall param_sysfs_init+0x0/0x1ba returned 0 after 27343 usecs
[    2.777279] calling  user_namespace_sysctl_init+0x0/0x33 @ 1
[    2.778454] initcall user_namespace_sysctl_init+0x0/0x33 returned 0 after 0 usecs
[    2.779276] calling  proc_schedstat_init+0x0/0x24 @ 1
[    2.780282] initcall proc_schedstat_init+0x0/0x24 returned 0 after 0 usecs
[    2.781274] calling  pm_sysrq_init+0x0/0x18 @ 1
[    2.782554] initcall pm_sysrq_init+0x0/0x18 returned 0 after 0 usecs
[    2.783657] calling  create_proc_profile+0x0/0xd0 @ 1
[    2.784318] initcall create_proc_profile+0x0/0xd0 returned 0 after 0 usecs
[    2.785277] calling  time_ns_init+0x0/0x7 @ 1
[    2.786276] initcall time_ns_init+0x0/0x7 returned 0 after 0 usecs
[    2.787277] calling  crash_save_vmcoreinfo_init+0x0/0x722 @ 1
[    2.789436] initcall crash_save_vmcoreinfo_init+0x0/0x722 returned 0 after 976 usecs
[    2.790282] calling  crash_notes_memory_init+0x0/0x35 @ 1
[    2.792283] initcall crash_notes_memory_init+0x0/0x35 returned 0 after 0 usecs
[    2.793280] calling  cgroup_sysfs_init+0x0/0x13 @ 1
[    2.794314] initcall cgroup_sysfs_init+0x0/0x13 returned 0 after 0 usecs
[    2.795280] calling  cgroup_namespaces_init+0x0/0x7 @ 1
[    2.796278] initcall cgroup_namespaces_init+0x0/0x7 returned 0 after 0 usecs
[    2.797278] calling  init_optprobes+0x0/0x13 @ 1
[    2.798515] Kprobes globally optimized
[    2.799282] initcall init_optprobes+0x0/0x13 returned 0 after 976 usecs
[    2.800275] calling  oom_init+0x0/0x2f @ 1
[    2.807397] initcall oom_init+0x0/0x2f returned 0 after 5859 usecs
[    2.816334] calling  default_bdi_init+0x0/0xb3 @ 1
[    2.827659] initcall default_bdi_init+0x0/0xb3 returned 0 after 5859 usecs
[    2.828282] calling  percpu_enable_async+0x0/0xe @ 1
[    2.829289] initcall percpu_enable_async+0x0/0xe returned 0 after 0 usecs
[    2.830279] calling  kcompactd_init+0x0/0x8d @ 1
[    2.834046] initcall kcompactd_init+0x0/0x8d returned 0 after 2929 usecs
[    2.844048] calling  init_user_reserve+0x0/0x40 @ 1
[    2.850289] initcall init_user_reserve+0x0/0x40 returned 0 after 0 usecs
[    2.858281] calling  init_admin_reserve+0x0/0x40 @ 1
[    2.865276] initcall init_admin_reserve+0x0/0x40 returned 0 after 0 usecs
[    2.874282] calling  init_reserve_notifier+0x0/0x7 @ 1
[    2.879291] initcall init_reserve_notifier+0x0/0x7 returned 0 after 0 usecs
[    2.879291] calling  swap_init_sysfs+0x0/0x62 @ 1
[    2.883303] initcall swap_init_sysfs+0x0/0x62 returned 0 after 0 usecs
[    2.889286] calling  swapfile_init+0x0/0x94 @ 1
[    2.891274] initcall swapfile_init+0x0/0x94 returned 0 after 0 usecs
[    2.897294] calling  hugetlb_init+0x0/0x49c @ 1
[    2.901625] HugeTLB registered 2.00 MiB page size, pre-allocated 0 pages
[    2.907720] initcall hugetlb_init+0x0/0x49c returned 0 after 5859 usecs
[    2.911278] calling  io_wq_init+0x0/0x34 @ 1
[    2.915278] initcall io_wq_init+0x0/0x34 returned 0 after 0 usecs
[    2.921269] calling  seqiv_module_init+0x0/0xc @ 1
[    2.924272] initcall seqiv_module_init+0x0/0xc returned 0 after 0 usecs
[    2.930276] calling  echainiv_module_init+0x0/0xc @ 1
[    2.936277] initcall echainiv_module_init+0x0/0xc returned 0 after 0 usecs
[    2.947261] calling  rsa_init+0x0/0x50 @ 1
[    2.959604] cryptomgr_test (29) used greatest stack depth: 14864 bytes left
[    2.961315] initcall rsa_init+0x0/0x50 returned 0 after 11718 usecs
[    2.963288] calling  crypto_cmac_module_init+0x0/0xc @ 1
[    2.964285] initcall crypto_cmac_module_init+0x0/0xc returned 0 after 0 usecs
[    2.965280] calling  hmac_module_init+0x0/0xc @ 1
[    2.966277] initcall hmac_module_init+0x0/0xc returned 0 after 0 usecs
[    2.967275] calling  crypto_null_mod_init+0x0/0x65 @ 1
[    2.982080] initcall crypto_null_mod_init+0x0/0x65 returned 0 after 12695 usecs
[    2.987290] calling  md5_mod_init+0x0/0xc @ 1
[    2.994366] initcall md5_mod_init+0x0/0xc returned 0 after 1953 usecs
[    3.001302] calling  sha256_generic_mod_init+0x0/0x11 @ 1
[    3.019149] initcall sha256_generic_mod_init+0x0/0x11 returned 0 after 9765 usecs
[    3.019291] calling  crypto_cbc_module_init+0x0/0xc @ 1
[    3.020292] initcall crypto_cbc_module_init+0x0/0xc returned 0 after 0 usecs
[    3.021279] calling  crypto_ctr_module_init+0x0/0x11 @ 1
[    3.023281] initcall crypto_ctr_module_init+0x0/0x11 returned 0 after 0 usecs
[    3.024275] calling  crypto_gcm_module_init+0x0/0x64 @ 1
[    3.028272] initcall crypto_gcm_module_init+0x0/0x64 returned 0 after 2929 usecs
[    3.029278] calling  crypto_ccm_module_init+0x0/0x11 @ 1
[    3.030282] initcall crypto_ccm_module_init+0x0/0x11 returned 0 after 0 usecs
[    3.031635] calling  aes_init+0x0/0xc @ 1
[    3.038293] initcall aes_init+0x0/0xc returned 0 after 5859 usecs
[    3.042281] calling  crc32c_mod_init+0x0/0xc @ 1
[    3.052342] initcall crc32c_mod_init+0x0/0xc returned 0 after 7812 usecs
[    3.057279] calling  crypto_authenc_module_init+0x0/0xc @ 1
[    3.062287] initcall crypto_authenc_module_init+0x0/0xc returned 0 after 0 usecs
[    3.070279] calling  crypto_authenc_esn_module_init+0x0/0xc @ 1
[    3.077276] initcall crypto_authenc_esn_module_init+0x0/0xc returned 0 after 0 usecs
[    3.083291] calling  drbg_init+0x0/0x7c @ 1
[    3.121290] initcall drbg_init+0x0/0x7c returned 0 after 33203 usecs
[    3.123280] calling  ghash_mod_init+0x0/0xc @ 1
[    3.129159] initcall ghash_mod_init+0x0/0xc returned 0 after 4882 usecs
[    3.136280] calling  init_bio+0x0/0x9a @ 1
[    3.143701] initcall init_bio+0x0/0x9a returned 0 after 1953 usecs
[    3.151281] calling  blk_settings_init+0x0/0x29 @ 1
[    3.159275] initcall blk_settings_init+0x0/0x29 returned 0 after 0 usecs
[    3.167275] calling  blk_ioc_init+0x0/0x29 @ 1
[    3.175487] initcall blk_ioc_init+0x0/0x29 returned 0 after 976 usecs
[    3.185278] calling  blk_mq_init+0x0/0xb9 @ 1
[    3.191281] initcall blk_mq_init+0x0/0xb9 returned 0 after 0 usecs
[    3.200275] calling  genhd_device_init+0x0/0x75 @ 1
[    3.212472] initcall genhd_device_init+0x0/0x75 returned 0 after 4882 usecs
[    3.214005] calling  pci_slot_init+0x0/0x40 @ 1
[    3.215290] initcall pci_slot_init+0x0/0x40 returned 0 after 0 usecs
[    3.216274] calling  fbmem_init+0x0/0xd8 @ 1
[    3.218474] initcall fbmem_init+0x0/0xd8 returned 0 after 976 usecs
[    3.219274] calling  acpi_init+0x0/0x319 @ 1
[    3.221706] ACPI: Added _OSI(Module Device)
[    3.222272] ACPI: Added _OSI(Processor Device)
[    3.223273] ACPI: Added _OSI(3.0 _SCP Extensions)
[    3.224274] ACPI: Added _OSI(Processor Aggregator Device)
[    3.225279] ACPI: Added _OSI(Linux-Dell-Video)
[    3.226276] ACPI: Added _OSI(Linux-Lenovo-NV-HDMI-Audio)
[    3.227278] ACPI: Added _OSI(Linux-HPI-Hybrid-Graphics)
[    3.240555] ACPI: 1 ACPI AML tables successfully acquired and loaded
[    3.248946] ACPI: Interpreter enabled
[    3.250287] ACPI: (supports S0 S3 S4 S5)
[    3.252270] ACPI: Using IOAPIC for interrupt routing
[    3.253886] PCI: Using host bridge windows from ACPI; if necessary, use "pci=nocrs" and report a bug
[    3.256261] ACPI: Enabled 2 GPEs in block 00 to 3F
[    3.285789] ACPI: PCI Root Bridge [PCI0] (domain 0000 [bus 00-ff])
[    3.286457] acpi PNP0A08:00: _OSC: OS supports [ExtendedConfig ASPM ClockPM Segments MSI HPX-Type3]
[    3.288129] acpi PNP0A08:00: _OSC: platform does not support [LTR]
[    3.289569] acpi PNP0A08:00: _OSC: OS now controls [PME PCIeCapability]
[    3.292074] PCI host bridge to bus 0000:00
[    3.292554] pci_bus 0000:00: root bus resource [io  0x0000-0x0cf7 window]
[    3.294460] pci_bus 0000:00: root bus resource [io  0x0d00-0xffff window]
[    3.296275] pci_bus 0000:00: root bus resource [mem 0x000a0000-0x000bffff window]
[    3.297276] pci_bus 0000:00: root bus resource [mem 0x20000000-0xafffffff window]
[    3.298434] pci_bus 0000:00: root bus resource [mem 0xc0000000-0xfebfffff window]
[    3.299277] pci_bus 0000:00: root bus resource [mem 0x100000000-0x8ffffffff window]
[    3.300279] pci_bus 0000:00: root bus resource [bus 00-ff]
[    3.302809] pci 0000:00:00.0: calling  quirk_mmio_always_on+0x0/0x10 @ 1
[    3.303392] pci 0000:00:00.0: quirk_mmio_always_on+0x0/0x10 took 0 usecs
[    3.305269] pci 0000:00:00.0: [8086:29c0] type 00 class 0x060000
[    3.310464] pci 0000:00:00.0: calling  quirk_igfx_skip_te_disable+0x0/0x80 @ 1
[    3.311281] pci 0000:00:00.0: quirk_igfx_skip_te_disable+0x0/0x80 took 0 usecs
[    3.315760] pci 0000:00:01.0: [1234:1111] type 00 class 0x030000
[    3.326261] pci 0000:00:01.0: reg 0x10: [mem 0xfd000000-0xfdffffff pref]
[    3.346261] pci 0000:00:01.0: reg 0x18: [mem 0xfebf0000-0xfebf0fff]
[    3.374261] pci 0000:00:01.0: reg 0x30: [mem 0xfebe0000-0xfebeffff pref]
[    3.384261] pci 0000:00:01.0: calling  efifb_fixup_resources+0x0/0xf0 @ 1
[    3.385443] pci 0000:00:01.0: efifb_fixup_resources+0x0/0xf0 took 0 usecs
[    3.409585] pci 0000:00:1f.0: [8086:2918] type 00 class 0x060100
[    3.416261] pci 0000:00:1f.0: calling  quirk_ich7_lpc+0x0/0x60 @ 1
[    3.418870] pci 0000:00:1f.0: quirk: [io  0x0600-0x067f] claimed by ICH6 ACPI/GPIO/TCO
[    3.420364] pci 0000:00:1f.0: quirk_ich7_lpc+0x0/0x60 took 2929 usecs
[    3.422261] pci 0000:00:1f.0: calling  quirk_igfx_skip_te_disable+0x0/0x80 @ 1
[    3.423452] pci 0000:00:1f.0: quirk_igfx_skip_te_disable+0x0/0x80 took 0 usecs
[    3.429948] pci 0000:00:1f.2: [8086:2922] type 00 class 0x010601
[    3.441277] pci 0000:00:1f.2: reg 0x20: [io  0xc040-0xc05f]
[    3.443932] pci 0000:00:1f.2: reg 0x24: [mem 0xfebf1000-0xfebf1fff]
[    3.448300] pci 0000:00:1f.2: calling  quirk_igfx_skip_te_disable+0x0/0x80 @ 1
[    3.449282] pci 0000:00:1f.2: quirk_igfx_skip_te_disable+0x0/0x80 took 0 usecs
[    3.454789] pci 0000:00:1f.3: [8086:2930] type 00 class 0x0c0500
[    3.463797] pci 0000:00:1f.3: reg 0x20: [io  0x0700-0x073f]
[    3.467911] pci 0000:00:1f.3: calling  quirk_igfx_skip_te_disable+0x0/0x80 @ 1
[    3.468286] pci 0000:00:1f.3: quirk_igfx_skip_te_disable+0x0/0x80 took 0 usecs
[    3.508261] ACPI: PCI Interrupt Link [LNKA] (IRQs 5 *10 11)
[    3.511747] ACPI: PCI Interrupt Link [LNKB] (IRQs 5 *10 11)
[    3.513494] ACPI: PCI Interrupt Link [LNKC] (IRQs 5 10 *11)
[    3.514969] ACPI: PCI Interrupt Link [LNKD] (IRQs 5 10 *11)
[    3.516956] ACPI: PCI Interrupt Link [LNKE] (IRQs 5 *10 11)
[    3.519059] ACPI: PCI Interrupt Link [LNKF] (IRQs 5 *10 11)
[    3.520055] ACPI: PCI Interrupt Link [LNKG] (IRQs 5 10 *11)
[    3.521358] ACPI: PCI Interrupt Link [LNKH] (IRQs 5 10 *11)
[    3.522596] ACPI: PCI Interrupt Link [GSIA] (IRQs *16)
[    3.523388] ACPI: PCI Interrupt Link [GSIB] (IRQs *17)
[    3.524359] ACPI: PCI Interrupt Link [GSIC] (IRQs *18)
[    3.525337] ACPI: PCI Interrupt Link [GSID] (IRQs *19)
[    3.526364] ACPI: PCI Interrupt Link [GSIE] (IRQs *20)
[    3.527377] ACPI: PCI Interrupt Link [GSIF] (IRQs *21)
[    3.528331] ACPI: PCI Interrupt Link [GSIG] (IRQs *22)
[    3.529379] ACPI: PCI Interrupt Link [GSIH] (IRQs *23)
[    3.538261] initcall acpi_init+0x0/0x319 returned 0 after 309570 usecs
[    3.539485] calling  pnp_init+0x0/0xc @ 1
[    3.540410] initcall pnp_init+0x0/0xc returned 0 after 0 usecs
[    3.541276] calling  misc_init+0x0/0xbf @ 1
[    3.542949] initcall misc_init+0x0/0xbf returned 0 after 0 usecs
[    3.543274] calling  iommu_subsys_init+0x0/0x4e @ 1
[    3.544398] iommu: Default domain type: Translated 
[    3.545277] initcall iommu_subsys_init+0x0/0x4e returned 0 after 976 usecs
[    3.546274] calling  vga_arb_device_init+0x0/0x261 @ 1
[    3.565261] pci 0000:00:01.0: vgaarb: setting as boot VGA device
[    3.565261] pci 0000:00:01.0: vgaarb: VGA device added: decodes=io+mem,owns=io+mem,locks=none
[    3.565276] pci 0000:00:01.0: vgaarb: bridge control possible
[    3.566271] vgaarb: loaded
[    3.567279] initcall vga_arb_device_init+0x0/0x261 returned 0 after 19531 usecs
[    3.569261] calling  cn_init+0x0/0xf0 @ 1
[    3.578505] initcall cn_init+0x0/0xf0 returned 0 after 7812 usecs
[    3.579278] calling  dma_buf_init+0x0/0xad @ 1
[    3.590281] initcall dma_buf_init+0x0/0xad returned 0 after 9765 usecs
[    3.591283] calling  dma_resv_lockdep+0x0/0x281 @ 1
[    3.596898] initcall dma_resv_lockdep+0x0/0x281 returned 0 after 3906 usecs
[    3.597276] calling  init_scsi+0x0/0x79 @ 1
[    3.608803] SCSI subsystem initialized
[    3.609277] initcall init_scsi+0x0/0x79 returned 0 after 10742 usecs
[    3.610276] calling  ata_init+0x0/0x332 @ 1
[    3.617850] libata version 3.00 loaded.
[    3.623281] initcall ata_init+0x0/0x332 returned 0 after 11718 usecs
[    3.629281] calling  phy_init+0x0/0x250 @ 1
[    3.638549] initcall phy_init+0x0/0x250 returned 0 after 4882 usecs
[    3.646494] calling  init_pcmcia_cs+0x0/0x35 @ 1
[    3.651283] initcall init_pcmcia_cs+0x0/0x35 returned 0 after 0 usecs
[    3.660277] calling  usb_common_init+0x0/0x1c @ 1
[    3.666296] initcall usb_common_init+0x0/0x1c returned 0 after 976 usecs
[    3.670276] calling  usb_init+0x0/0x12e @ 1
[    3.677261] ACPI: bus type USB registered
[    3.687261] usbcore: registered new interface driver usbfs
[    3.692821] usbcore: registered new interface driver hub
[    3.696614] usbcore: registered new device driver usb
[    3.701283] initcall usb_init+0x0/0x12e returned 0 after 24414 usecs
[    3.706276] calling  serio_init+0x0/0x29 @ 1
[    3.711817] initcall serio_init+0x0/0x29 returned 0 after 0 usecs
[    3.715274] calling  input_init+0x0/0xf6 @ 1
[    3.720655] initcall input_init+0x0/0xf6 returned 0 after 976 usecs
[    3.723277] calling  rtc_init+0x0/0x4d @ 1
[    3.727299] initcall rtc_init+0x0/0x4d returned 0 after 0 usecs
[    3.737285] calling  pps_init+0x0/0xa9 @ 1
[    3.740717] pps_core: LinuxPPS API ver. 1 registered
[    3.746269] pps_core: Software ver. 5.3.6 - Copyright 2005-2007 Rodolfo Giometti <giometti@linux.it>
[    3.755274] initcall pps_init+0x0/0xa9 returned 0 after 14648 usecs
[    3.759275] calling  ptp_init+0x0/0x98 @ 1
[    3.763298] PTP clock support registered
[    3.768276] initcall ptp_init+0x0/0x98 returned 0 after 4882 usecs
[    3.774277] calling  power_supply_class_init+0x0/0x3f @ 1
[    3.780276] initcall power_supply_class_init+0x0/0x3f returned 0 after 2929 usecs
[    3.784275] calling  hwmon_init+0x0/0x104 @ 1
[    3.791322] initcall hwmon_init+0x0/0x104 returned 0 after 0 usecs
[    3.799281] calling  md_init+0x0/0x16b @ 1
[    3.811585] initcall md_init+0x0/0x16b returned 0 after 9765 usecs
[    3.812276] calling  leds_init+0x0/0x3b @ 1
[    3.813503] initcall leds_init+0x0/0x3b returned 0 after 0 usecs
[    3.814274] calling  dmi_init+0x0/0x113 @ 1
[    3.817273] initcall dmi_init+0x0/0x113 returned 0 after 1953 usecs
[    3.818274] calling  efisubsys_init+0x0/0x4e7 @ 1
[    3.819302] initcall efisubsys_init+0x0/0x4e7 returned 0 after 0 usecs
[    3.820274] calling  nvmem_init+0x0/0xc @ 1
[    3.821389] initcall nvmem_init+0x0/0xc returned 0 after 0 usecs
[    3.822275] calling  init_soundcore+0x0/0x33 @ 1
[    3.823297] initcall init_soundcore+0x0/0x33 returned 0 after 0 usecs
[    3.824273] calling  alsa_sound_init+0x0/0x8f @ 1
[    3.825759] Advanced Linux Sound Architecture Driver Initialized.
[    3.826272] initcall alsa_sound_init+0x0/0x8f returned 0 after 976 usecs
[    3.827270] calling  alsa_seq_device_init+0x0/0x71 @ 1
[    3.828369] initcall alsa_seq_device_init+0x0/0x71 returned 0 after 0 usecs
[    3.829278] calling  hda_bus_init+0x0/0xc @ 1
[    3.831297] initcall hda_bus_init+0x0/0xc returned 0 after 976 usecs
[    3.832273] calling  proto_init+0x0/0xc @ 1
[    3.833467] initcall proto_init+0x0/0xc returned 0 after 0 usecs
[    3.834276] calling  net_dev_init+0x0/0x27f @ 1
[    3.841181] initcall net_dev_init+0x0/0x27f returned 0 after 4882 usecs
[    3.841276] calling  neigh_init+0x0/0x84 @ 1
[    3.842340] initcall neigh_init+0x0/0x84 returned 0 after 0 usecs
[    3.843274] calling  fib_notifier_init+0x0/0xc @ 1
[    3.844279] initcall fib_notifier_init+0x0/0xc returned 0 after 0 usecs
[    3.845273] calling  fib_rules_init+0x0/0xab @ 1
[    3.846334] initcall fib_rules_init+0x0/0xab returned 0 after 0 usecs
[    3.847273] calling  pktsched_init+0x0/0x10e @ 1
[    3.848510] initcall pktsched_init+0x0/0x10e returned 0 after 0 usecs
[    3.849278] calling  tc_filter_init+0x0/0xfa @ 1
[    3.850335] initcall tc_filter_init+0x0/0xfa returned 0 after 0 usecs
[    3.851275] calling  tc_action_init+0x0/0x54 @ 1
[    3.852279] initcall tc_action_init+0x0/0x54 returned 0 after 0 usecs
[    3.853273] calling  ethnl_init+0x0/0x52 @ 1
[    3.855584] initcall ethnl_init+0x0/0x52 returned 0 after 976 usecs
[    3.857309] calling  nexthop_init+0x0/0xd8 @ 1
[    3.858391] initcall nexthop_init+0x0/0xd8 returned 0 after 0 usecs
[    3.859274] calling  cipso_v4_init+0x0/0x8d @ 1
[    3.860377] initcall cipso_v4_init+0x0/0x8d returned 0 after 0 usecs
[    3.861273] calling  ieee80211_init+0x0/0x24 @ 1
[    3.863290] initcall ieee80211_init+0x0/0x24 returned 0 after 976 usecs
[    3.864274] calling  netlbl_init+0x0/0x78 @ 1
[    3.865283] NetLabel: Initializing
[    3.866269] NetLabel:  domain hash size = 128
[    3.867268] NetLabel:  protocols = UNLABELED CIPSOv4 CALIPSO
[    3.868846] NetLabel:  unlabeled traffic allowed by default
[    3.870277] initcall netlbl_init+0x0/0x78 returned 0 after 4882 usecs
[    3.871290] calling  rfkill_init+0x0/0x136 @ 1
[    3.874142] initcall rfkill_init+0x0/0x136 returned 0 after 976 usecs
[    3.874367] calling  pci_subsys_init+0x0/0x66 @ 1
[    3.876480] PCI: Using ACPI for IRQ routing
[    4.619346] PCI: pci_cache_line_size set to 64 bytes
[    4.621914] e820: reserve RAM buffer [mem 0x0009fc00-0x0009ffff]
[    4.622432] e820: reserve RAM buffer [mem 0x1ffdf000-0x1fffffff]
[    4.623345] initcall pci_subsys_init+0x0/0x66 returned 0 after 729492 usecs
[    4.628559] calling  nmi_warning_debugfs+0x0/0x26 @ 1
[    4.630292] initcall nmi_warning_debugfs+0x0/0x26 returned 0 after 976 usecs
[    4.631343] calling  save_microcode_in_initrd+0x0/0x51 @ 1
[    4.632429] initcall save_microcode_in_initrd+0x0/0x51 returned 0 after 0 usecs
[    4.633275] calling  hpet_late_init+0x0/0x20a @ 1
[    4.634515] hpet: 3 channels of 0 reserved for per-cpu timers
[    4.635385] hpet0: at MMIO 0xfed00000, IRQs 2, 8, 0
[    4.636270] hpet0: 3 comparators, 64-bit 100.000000 MHz counter
[    4.643277] initcall hpet_late_init+0x0/0x20a returned 0 after 8789 usecs
[    4.644276] calling  init_amd_nbs+0x0/0x11c @ 1
[    4.645353] initcall init_amd_nbs+0x0/0x11c returned 0 after 0 usecs
[    4.646316] calling  clocksource_done_booting+0x0/0x43 @ 1
[    4.647777] clocksource: Switched to clocksource kvm-clock
[    4.654157] initcall clocksource_done_booting+0x0/0x43 returned 0 after 6726 usecs
[    4.662948] calling  tracer_init_tracefs+0x0/0x248 @ 1
[    5.268356] initcall tracer_init_tracefs+0x0/0x248 returned 0 after 585071 usecs
[    5.277945] calling  init_trace_printk_function_export+0x0/0x2c @ 1
[    5.285760] initcall init_trace_printk_function_export+0x0/0x2c returned 0 after 19 usecs
[    5.295212] calling  init_kprobe_trace+0x0/0x1ab @ 1
[    5.301139] initcall init_kprobe_trace+0x0/0x1ab returned 0 after 102 usecs
[    5.308977] calling  init_dynamic_event+0x0/0x3d @ 1
[    5.314518] initcall init_dynamic_event+0x0/0x3d returned 0 after 26 usecs
[    5.322242] calling  init_uprobe_trace+0x0/0x5c @ 1
[    5.327915] initcall init_uprobe_trace+0x0/0x5c returned 0 after 40 usecs
[    5.336485] calling  init_pipe_fs+0x0/0x44 @ 1
[    5.352826] initcall init_pipe_fs+0x0/0x44 returned 0 after 9369 usecs
[    5.361274] calling  inotify_user_setup+0x0/0x47 @ 1
[    5.367847] initcall inotify_user_setup+0x0/0x47 returned 0 after 352 usecs
[    5.378514] calling  eventpoll_init+0x0/0xeb @ 1
[    5.384105] initcall eventpoll_init+0x0/0xeb returned 0 after 89 usecs
[    5.391749] calling  anon_inode_init+0x0/0x58 @ 1
[    5.397767] initcall anon_inode_init+0x0/0x58 returned 0 after 380 usecs
[    5.405500] calling  proc_locks_init+0x0/0x27 @ 1
[    5.410947] initcall proc_locks_init+0x0/0x27 returned 0 after 22 usecs
[    5.418415] calling  iomap_init+0x0/0x1b @ 1
[    5.430765] initcall iomap_init+0x0/0x1b returned 0 after 7162 usecs
[    5.440049] calling  dquot_init+0x0/0x106 @ 1
[    5.445406] VFS: Disk quotas dquot_6.6.0
[    5.450659] VFS: Dquot-cache hash table entries: 512 (order 0, 4096 bytes)
[    5.459497] initcall dquot_init+0x0/0x106 returned 0 after 13755 usecs
[    5.468356] calling  quota_init+0x0/0x23 @ 1
[    5.474056] initcall quota_init+0x0/0x23 returned 0 after 807 usecs
[    5.481811] calling  proc_cmdline_init+0x0/0x21 @ 1
[    5.487783] initcall proc_cmdline_init+0x0/0x21 returned 0 after 10 usecs
[    5.495518] calling  proc_consoles_init+0x0/0x24 @ 1
[    5.501999] initcall proc_consoles_init+0x0/0x24 returned 0 after 9 usecs
[    5.510389] calling  proc_cpuinfo_init+0x0/0x1e @ 1
[    5.516415] initcall proc_cpuinfo_init+0x0/0x1e returned 0 after 8 usecs
[    5.524181] calling  proc_devices_init+0x0/0x24 @ 1
[    5.530405] initcall proc_devices_init+0x0/0x24 returned 0 after 8 usecs
[    5.538961] calling  proc_interrupts_init+0x0/0x24 @ 1
[    5.545469] initcall proc_interrupts_init+0x0/0x24 returned 0 after 7 usecs
[    5.554770] calling  proc_loadavg_init+0x0/0x21 @ 1
[    5.568491] initcall proc_loadavg_init+0x0/0x21 returned 0 after 80 usecs
[    5.577580] calling  proc_meminfo_init+0x0/0x21 @ 1
[    5.584132] initcall proc_meminfo_init+0x0/0x21 returned 0 after 14 usecs
[    5.592629] calling  proc_stat_init+0x0/0x1e @ 1
[    5.597963] initcall proc_stat_init+0x0/0x1e returned 0 after 8 usecs
[    5.605382] calling  proc_uptime_init+0x0/0x21 @ 1
[    5.611027] initcall proc_uptime_init+0x0/0x21 returned 0 after 7 usecs
[    5.618863] calling  proc_version_init+0x0/0x21 @ 1
[    5.625069] initcall proc_version_init+0x0/0x21 returned 0 after 7 usecs
[    5.633228] calling  proc_softirqs_init+0x0/0x21 @ 1
[    5.638921] initcall proc_softirqs_init+0x0/0x21 returned 0 after 6 usecs
[    5.646494] calling  proc_kcore_init+0x0/0xea @ 1
[    5.652599] initcall proc_kcore_init+0x0/0xea returned 0 after 698 usecs
[    5.660268] calling  vmcore_init+0x0/0x57b @ 1
[    5.665475] initcall vmcore_init+0x0/0x57b returned 0 after 54 usecs
[    5.672802] calling  proc_kmsg_init+0x0/0x21 @ 1
[    5.678058] initcall proc_kmsg_init+0x0/0x21 returned 0 after 7 usecs
[    5.685316] calling  proc_page_init+0x0/0x3b @ 1
[    5.690589] initcall proc_page_init+0x0/0x3b returned 0 after 8 usecs
[    5.698709] calling  init_ramfs_fs+0x0/0xc @ 1
[    5.704440] initcall init_ramfs_fs+0x0/0xc returned 0 after 264 usecs
[    5.712424] calling  init_hugetlbfs_fs+0x0/0xf6 @ 1
[    5.720560] initcall init_hugetlbfs_fs+0x0/0xf6 returned 0 after 2118 usecs
[    5.728772] calling  blk_scsi_ioctl_init+0x0/0x2a5 @ 1
[    5.734786] initcall blk_scsi_ioctl_init+0x0/0x2a5 returned 0 after 69 usecs
[    5.743102] calling  acpi_event_init+0x0/0x2c @ 1
[    5.748756] initcall acpi_event_init+0x0/0x2c returned 0 after 183 usecs
[    5.756578] calling  pnp_system_init+0x0/0xc @ 1
[    5.763090] initcall pnp_system_init+0x0/0xc returned 0 after 972 usecs
[    5.770810] calling  pnpacpi_init+0x0/0x69 @ 1
[    5.776120] pnp: PnP ACPI init
[    5.789380] pnp 00:00: Plug and Play ACPI device, IDs PNP0303 (active)
[    5.798428] pnp 00:01: Plug and Play ACPI device, IDs PNP0f13 (active)
[    5.806087] pnp 00:02: Plug and Play ACPI device, IDs PNP0400 (active)
[    5.813700] pnp 00:03: Plug and Play ACPI device, IDs PNP0501 (active)
[    5.821270] pnp 00:04: Plug and Play ACPI device, IDs PNP0b00 (active)
[    5.829281] system 00:05: [mem 0xb0000000-0xbfffffff window] has been reserved
[    5.837731] system 00:05: Plug and Play ACPI device, IDs PNP0c01 (active)
[    5.847887] pnp: PnP ACPI: found 6 devices
[    5.852665] initcall pnpacpi_init+0x0/0x69 returned 0 after 74964 usecs
[    5.860162] calling  chr_dev_init+0x0/0x14d @ 1
[    5.986256] initcall chr_dev_init+0x0/0x14d returned 0 after 117911 usecs
[    5.994520] calling  firmware_class_init+0x0/0x14a @ 1
[    6.000854] initcall firmware_class_init+0x0/0x14a returned 0 after 85 usecs
[    6.009357] calling  init_pcmcia_bus+0x0/0x5b @ 1
[    6.015615] initcall init_pcmcia_bus+0x0/0x5b returned 0 after 419 usecs
[    6.023608] calling  init_acpi_pm_clocksource+0x0/0xda @ 1
[    6.035885] clocksource: acpi_pm: mask: 0xffffff max_cycles: 0xffffff, max_idle_ns: 2085701024 ns
[    6.046611] initcall init_acpi_pm_clocksource+0x0/0xda returned 0 after 15953 usecs
[    6.056627] calling  sysctl_core_init+0x0/0x26 @ 1
[    6.063906] initcall sysctl_core_init+0x0/0x26 returned 0 after 331 usecs
[    6.071783] calling  eth_offload_init+0x0/0x13 @ 1
[    6.077746] initcall eth_offload_init+0x0/0x13 returned 0 after 204 usecs
[    6.085695] calling  ipv4_offload_init+0x0/0x73 @ 1
[    6.091497] initcall ipv4_offload_init+0x0/0x73 returned 0 after 81 usecs
[    6.099453] calling  inet_init+0x0/0x276 @ 1
[    6.104749] NET: Registered protocol family 2
[    6.111816] IP idents hash table entries: 8192 (order: 4, 65536 bytes, linear)
[    6.128147] tcp_listen_portaddr_hash hash table entries: 256 (order: 2, 20480 bytes, linear)
[    6.141713] TCP established hash table entries: 4096 (order: 3, 32768 bytes, linear)
[    6.153062] TCP bind hash table entries: 4096 (order: 6, 294912 bytes, linear)
[    6.167168] TCP: Hash tables configured (established 4096 bind 4096)
[    6.180588] UDP hash table entries: 256 (order: 3, 40960 bytes, linear)
[    6.189635] UDP-Lite hash table entries: 256 (order: 3, 40960 bytes, linear)
[    6.199064] initcall inet_init+0x0/0x276 returned 0 after 92356 usecs
[    6.206618] calling  af_unix_init+0x0/0x4d @ 1
[    6.211990] NET: Registered protocol family 1
[    6.217332] initcall af_unix_init+0x0/0x4d returned 0 after 5203 usecs
[    6.225612] calling  ipv6_offload_init+0x0/0x7e @ 1
[    6.231448] initcall ipv6_offload_init+0x0/0x7e returned 0 after 69 usecs
[    6.239525] calling  init_sunrpc+0x0/0x65 @ 1
[    6.253680] RPC: Registered named UNIX socket transport module.
[    6.261926] RPC: Registered udp transport module.
[    6.267731] RPC: Registered tcp transport module.
[    6.273498] RPC: Registered tcp NFSv4.1 backchannel transport module.
[    6.281683] initcall init_sunrpc+0x0/0x65 returned 0 after 36117 usecs
[    6.289847] calling  cfg80211_init+0x0/0xc5 @ 1
[    6.300137] initcall cfg80211_init+0x0/0xc5 returned 0 after 4619 usecs
[    6.308084] calling  pcibios_assign_resources+0x0/0xbf @ 1
[    6.315086] pci_bus 0000:00: resource 4 [io  0x0000-0x0cf7 window]
[    6.322332] pci_bus 0000:00: resource 5 [io  0x0d00-0xffff window]
[    6.329554] pci_bus 0000:00: resource 6 [mem 0x000a0000-0x000bffff window]
[    6.340766] pci_bus 0000:00: resource 7 [mem 0x20000000-0xafffffff window]
[    6.349329] pci_bus 0000:00: resource 8 [mem 0xc0000000-0xfebfffff window]
[    6.357825] pci_bus 0000:00: resource 9 [mem 0x100000000-0x8ffffffff window]
[    6.366562] initcall pcibios_assign_resources+0x0/0xbf returned 0 after 50609 usecs
[    6.379706] calling  pci_apply_final_quirks+0x0/0x124 @ 1
[    6.388558] pci 0000:00:01.0: calling  pci_fixup_video+0x0/0xe0 @ 1
[    6.397887] pci 0000:00:01.0: Video device with shadowed ROM at [mem 0x000c0000-0x000dffff]
[    6.409497] pci 0000:00:01.0: pci_fixup_video+0x0/0xe0 took 12263 usecs
[    6.421233] PCI: CLS 0 bytes, default 64
[    6.427760] initcall pci_apply_final_quirks+0x0/0x124 returned 0 after 39849 usecs
[    6.438281] calling  acpi_reserve_resources+0x0/0xea @ 1
[    6.445683] initcall acpi_reserve_resources+0x0/0xea returned 0 after 301 usecs
[    6.456488] calling  populate_rootfs+0x0/0x102 @ 1
[    6.473949] initcall populate_rootfs+0x0/0x102 returned 0 after 10706 usecs
[    6.486865] calling  pci_iommu_init+0x0/0x3e @ 1
[    6.493982] initcall pci_iommu_init+0x0/0x3e returned 0 after 807 usecs
[    6.532166] calling  ia32_binfmt_init+0x0/0x13 @ 1
[    6.539221] initcall ia32_binfmt_init+0x0/0x13 returned 0 after 15 usecs
[    6.552429] calling  rapl_pmu_init+0x0/0x267 @ 1
[    6.568136] initcall rapl_pmu_init+0x0/0x267 returned -19 after 111 usecs
[    6.578933] calling  amd_uncore_init+0x0/0x310 @ 1
[    6.586702] initcall amd_uncore_init+0x0/0x310 returned -19 after 1 usecs
[    6.595432] calling  amd_ibs_init+0x0/0x27b @ 1
[    6.601998] initcall amd_ibs_init+0x0/0x27b returned -19 after 1 usecs
[    6.614250] calling  amd_iommu_pc_init+0x0/0x22c @ 1
[    6.624225] initcall amd_iommu_pc_init+0x0/0x22c returned -19 after 212 usecs
[    6.641638] calling  msr_init+0x0/0x55 @ 1
[    6.652073] initcall msr_init+0x0/0x55 returned 0 after 733 usecs
[    6.660677] calling  intel_uncore_init+0x0/0x36f @ 1
[    6.666599] initcall intel_uncore_init+0x0/0x36f returned -19 after 187 usecs
[    6.675673] calling  cstate_pmu_init+0x0/0x1a1 @ 1
[    6.681656] initcall cstate_pmu_init+0x0/0x1a1 returned -19 after 0 usecs
[    6.689825] calling  register_kernel_offset_dumper+0x0/0x1a @ 1
[    6.697220] initcall register_kernel_offset_dumper+0x0/0x1a returned 0 after 40 usecs
[    6.707092] calling  i8259A_init_ops+0x0/0x20 @ 1
[    6.713378] initcall i8259A_init_ops+0x0/0x20 returned 0 after 3 usecs
[    6.721647] calling  init_tsc_clocksource+0x0/0xa4 @ 1
[    6.728080] clocksource: tsc: mask: 0xffffffffffffffff max_cycles: 0x39a85afc727, max_idle_ns: 881590685098 ns
[    6.741017] initcall init_tsc_clocksource+0x0/0xa4 returned 0 after 12646 usecs
[    6.751119] calling  add_rtc_cmos+0x0/0xb0 @ 1
[    6.757027] initcall add_rtc_cmos+0x0/0xb0 returned 0 after 24 usecs
[    6.765369] calling  i8237A_init_ops+0x0/0x3a @ 1
[    6.771647] initcall i8237A_init_ops+0x0/0x3a returned 0 after 99 usecs
[    6.780377] calling  umwait_init+0x0/0x94 @ 1
[    6.786435] initcall umwait_init+0x0/0x94 returned -19 after 17 usecs
[    6.794881] calling  thermal_throttle_init_device+0x0/0x3d @ 1
[    6.803695] initcall thermal_throttle_init_device+0x0/0x3d returned 0 after 360 usecs
[    6.814455] calling  msr_init+0x0/0xd7 @ 1
[    6.825714] initcall msr_init+0x0/0xd7 returned 0 after 5438 usecs
[    6.833983] calling  cpuid_init+0x0/0xd7 @ 1
[    6.841542] initcall cpuid_init+0x0/0xd7 returned 0 after 1913 usecs
[    6.849975] calling  ioapic_init_ops+0x0/0x13 @ 1
[    6.856199] initcall ioapic_init_ops+0x0/0x13 returned 0 after 35 usecs
[    6.864859] calling  add_pcspkr+0x0/0x6c @ 1
[    6.870843] initcall add_pcspkr+0x0/0x6c returned 0 after 170 usecs
[    6.880190] calling  start_periodic_check_for_corruption+0x0/0x30 @ 1
[    6.889069] check: Scanning for low memory corruption every 60 seconds
[    6.897626] initcall start_periodic_check_for_corruption+0x0/0x30 returned 0 after 8409 usecs
[    6.912859] calling  sysfb_init+0x0/0x9c @ 1
[    6.919994] initcall sysfb_init+0x0/0x9c returned 0 after 1187 usecs
[    6.931305] calling  audit_classes_init+0x0/0xae @ 1
[    6.939416] initcall audit_classes_init+0x0/0xae returned 0 after 47 usecs
[    6.950343] calling  iosf_mbi_init+0x0/0x24 @ 1
[    6.959938] initcall iosf_mbi_init+0x0/0x24 returned 0 after 2531 usecs
[    6.969628] calling  proc_execdomains_init+0x0/0x21 @ 1
[    6.976840] initcall proc_execdomains_init+0x0/0x21 returned 0 after 9 usecs
[    6.987194] calling  register_warn_debugfs+0x0/0x23 @ 1
[    6.994219] initcall register_warn_debugfs+0x0/0x23 returned 0 after 20 usecs
[    7.004432] calling  cpuhp_sysfs_init+0x0/0x79 @ 1
[    7.011606] initcall cpuhp_sysfs_init+0x0/0x79 returned 0 after 169 usecs
[    7.020751] calling  ioresources_init+0x0/0x49 @ 1
[    7.027488] initcall ioresources_init+0x0/0x49 returned 0 after 12 usecs
[    7.037512] calling  lockdep_proc_init+0x0/0x64 @ 1
[    7.044905] initcall lockdep_proc_init+0x0/0x64 returned 0 after 110 usecs
[    7.056008] calling  snapshot_device_init+0x0/0xc @ 1
[    7.066758] initcall snapshot_device_init+0x0/0xc returned 0 after 2656 usecs
[    7.078449] calling  irq_pm_init_ops+0x0/0x13 @ 1
[    7.086031] initcall irq_pm_init_ops+0x0/0x13 returned 0 after 18 usecs
[    7.094894] calling  rcu_torture_init+0x0/0x9be @ 1
[    7.101271] tasks-rude-torture:--- Start of test: nreaders=1 nfakewriters=4 stat_interval=15 verbose=1 test_no_idle_hz=1 shuffle_interval=3 stutter=5 irqreader=1 fqs_duration=0 fqs_holdoff=0 fqs_stutter=3 test_boost=1/0 test_boost_interval=7 test_boost_duration=4 shutdown_secs=3600 stall_cpu=0 stall_cpu_holdoff=10 stall_cpu_irqsoff=0 stall_cpu_block=0 n_barrier_cbs=4 onoff_interval=1000 onoff_holdoff=30 read_exit_delay=13 read_exit_burst=16
[    7.151555] tasks-rude:  Start-test grace-period state: g0 f0x0
[    7.159370] tasks-rude-torture: Creating rcu_torture_writer task
[    7.171300] tasks-rude-torture: Creating rcu_torture_fakewriter task
[    7.171781] tasks-rude-torture: rcu_torture_writer task started
[    7.180764] tasks-rude-torture: Creating rcu_torture_fakewriter task
[    7.188511] tasks-rude-torture: GP expediting controlled from boot/sysfs for tasks-rude.
[    7.197064] tasks-rude-torture: rcu_torture_fakewriter task started
[    7.197649] tasks-rude-torture: Creating rcu_torture_fakewriter task
[    7.207708] rcu_torture_writer: Testing expedited GPs.
[    7.207710] rcu_torture_writer: Testing asynchronous GPs.
[    7.207712] rcu_torture_writer: Testing normal GPs.
[    7.207731] tasks-rude-torture: rcu_torture_fakewriter task started
[    7.218497] tasks-rude-torture: Creating rcu_torture_fakewriter task
[    7.225699] tasks-rude-torture: rcu_torture_fakewriter task started
[    7.231821] tasks-rude-torture: Creating rcu_torture_reader task
[    7.239787] tasks-rude-torture: rcu_torture_fakewriter task started
[    7.245878] tasks-rude-torture: Creating rcu_torture_stats task
[    7.254411] tasks-rude-torture: rcu_torture_reader task started
[    7.262840] tasks-rude-torture: Creating torture_shuffle task
[    7.273533] tasks-rude-torture: rcu_torture_stats task started
[    7.312819] tasks-rude-torture: Creating torture_stutter task
[    7.338486] tasks-rude-torture: torture_shuffle task started
[    7.365076] tasks-rude-torture: Creating torture_shutdown task
[    7.377941] tasks-rude-torture: torture_stutter task started
[    7.386997] tasks-rude-torture: Creating torture_onoff task
[    7.387651] tasks-rude-torture: torture_shutdown task started
[    7.394758] tasks-rude-torture: rcu_torture_fwd_prog_init: Disabled, unsupported by RCU flavor under test
[    7.403988] tasks-rude-torture:torture_shutdown task: 3599961 ms remaining
[    7.416390] tasks-rude-torture: torture_onoff task started
[    7.426913] tasks-rude-torture: Creating rcu_torture_barrier_cbs task
[    7.433790] tasks-rude-torture: torture_onoff begin holdoff
[    7.470190] tasks-rude-torture: Creating rcu_torture_barrier_cbs task
[    7.471438] tasks-rude-torture: rcu_torture_barrier_cbs task started
[    7.480962] tasks-rude-torture: Creating rcu_torture_barrier_cbs task
[    7.487839] tasks-rude-torture: rcu_torture_barrier_cbs task started
[    7.497692] tasks-rude-torture: Creating rcu_torture_barrier_cbs task
[    7.505044] tasks-rude-torture: rcu_torture_barrier_cbs task started
[    7.514621] tasks-rude-torture: Creating rcu_torture_barrier task
[    7.522154] tasks-rude-torture: rcu_torture_barrier_cbs task started
[    7.532657] tasks-rude-torture: Creating rcu_torture_read_exit task
[    7.539857] tasks-rude-torture: rcu_torture_barrier task starting
[    7.550421] initcall rcu_torture_init+0x0/0x9be returned 0 after 438214 usecs
[    7.570836] tasks-rude-torture: rcu_torture_read_exit: Start of test
[    7.571304] calling  timekeeping_init_ops+0x0/0x13 @ 1
[    7.587150] initcall timekeeping_init_ops+0x0/0x13 returned 0 after 198 usecs
[    7.596797] calling  init_clocksource_sysfs+0x0/0x23 @ 1
[    7.614432] initcall init_clocksource_sysfs+0x0/0x23 returned 0 after 10406 usecs
[    7.624461] calling  init_timer_list_procfs+0x0/0x31 @ 1
[    7.632108] initcall init_timer_list_procfs+0x0/0x31 returned 0 after 485 usecs
[    7.641721] calling  alarmtimer_init+0x0/0xf5 @ 1
[    7.650647] initcall alarmtimer_init+0x0/0xf5 returned 0 after 2449 usecs
[    7.660082] calling  init_posix_timers+0x0/0x29 @ 1
[    7.666931] initcall init_posix_timers+0x0/0x29 returned 0 after 146 usecs
[    7.676453] calling  clockevents_init_sysfs+0x0/0xbf @ 1
[    7.685983] initcall clockevents_init_sysfs+0x0/0xbf returned 0 after 1765 usecs
[    7.697204] calling  proc_dma_init+0x0/0x21 @ 1
[    7.705203] initcall proc_dma_init+0x0/0x21 returned 0 after 1074 usecs
[    7.714748] calling  proc_modules_init+0x0/0x1e @ 1
[    7.722134] initcall proc_modules_init+0x0/0x1e returned 0 after 193 usecs
[    7.732058] calling  kallsyms_init+0x0/0x21 @ 1
[    7.738779] initcall kallsyms_init+0x0/0x21 returned 0 after 7 usecs
[    7.747368] calling  pid_namespaces_init+0x0/0x2c @ 1
[    7.754478] initcall pid_namespaces_init+0x0/0x2c returned 0 after 162 usecs
[    7.764475] calling  audit_watch_init+0x0/0x37 @ 1
[    7.771623] initcall audit_watch_init+0x0/0x37 returned 0 after 189 usecs
[    7.781088] calling  audit_fsnotify_init+0x0/0x37 @ 1
[    7.788148] initcall audit_fsnotify_init+0x0/0x37 returned 0 after 47 usecs
[    7.798293] calling  audit_tree_init+0x0/0x6d @ 1
[    7.806039] initcall audit_tree_init+0x0/0x6d returned 0 after 704 usecs
[    7.815832] calling  seccomp_sysctl_init+0x0/0x2b @ 1
[    7.823752] initcall seccomp_sysctl_init+0x0/0x2b returned 0 after 482 usecs
[    7.834110] calling  utsname_sysctl_init+0x0/0x13 @ 1
[    7.841463] initcall utsname_sysctl_init+0x0/0x13 returned 0 after 68 usecs
[    7.851149] calling  init_tracepoints+0x0/0x27 @ 1
[    7.858415] initcall init_tracepoints+0x0/0x27 returned 0 after 163 usecs
[    7.868442] calling  init_blk_tracer+0x0/0x50 @ 1
[    7.877494] initcall init_blk_tracer+0x0/0x50 returned 0 after 1774 usecs
[    7.887227] calling  perf_event_sysfs_init+0x0/0x83 @ 1
[    7.922997] initcall perf_event_sysfs_init+0x0/0x83 returned 0 after 10773 usecs
[    7.934640] calling  system_trusted_keyring_init+0x0/0x60 @ 1
[    7.943360] Initialise system trusted keyrings
[    7.950972] initcall system_trusted_keyring_init+0x0/0x60 returned 0 after 7429 usecs
[    7.962457] calling  kswapd_init+0x0/0x5c @ 1
[    7.972031] initcall kswapd_init+0x0/0x5c returned 0 after 3057 usecs
[    7.982285] calling  extfrag_debug_init+0x0/0x54 @ 1
[    7.991843] initcall extfrag_debug_init+0x0/0x54 returned 0 after 890 usecs
[    8.003279] calling  mm_compute_batch_init+0x0/0x12 @ 1
[    8.011120] initcall mm_compute_batch_init+0x0/0x12 returned 0 after 36 usecs
[    8.021694] calling  slab_proc_init+0x0/0x21 @ 1
[    8.030117] initcall slab_proc_init+0x0/0x21 returned 0 after 1314 usecs
[    8.040881] calling  workingset_init+0x0/0x8c @ 1
[    8.048393] workingset: timestamp_bits=56 max_order=17 bucket_order=0
[    8.058919] initcall workingset_init+0x0/0x8c returned 0 after 10342 usecs
[    8.069563] calling  proc_vmalloc_init+0x0/0x32 @ 1
[    8.077606] initcall proc_vmalloc_init+0x0/0x32 returned 0 after 8 usecs
[    8.087179] calling  procswaps_init+0x0/0x1e @ 1
[    8.094441] initcall procswaps_init+0x0/0x1e returned 0 after 222 usecs
[    8.105386] calling  slab_sysfs_init+0x0/0xec @ 1
[    8.131115] initcall slab_sysfs_init+0x0/0xec returned 0 after 17607 usecs
[    8.141709] calling  fcntl_init+0x0/0x29 @ 1
[    8.149646] initcall fcntl_init+0x0/0x29 returned 0 after 139 usecs
[    8.161181] calling  proc_filesystems_init+0x0/0x21 @ 1
[    8.170602] initcall proc_filesystems_init+0x0/0x21 returned 0 after 320 usecs
[    8.183600] calling  start_dirtytime_writeback+0x0/0x29 @ 1
[    8.193643] initcall start_dirtytime_writeback+0x0/0x29 returned 0 after 138 usecs
[    8.207664] calling  blkdev_init+0x0/0x1b @ 1
[    8.217141] initcall blkdev_init+0x0/0x1b returned 0 after 1203 usecs
[    8.228479] calling  dio_init+0x0/0x2c @ 1
[    8.235770] initcall dio_init+0x0/0x2c returned 0 after 115 usecs
[    8.244909] calling  dnotify_init+0x0/0x78 @ 1
[    8.252652] initcall dnotify_init+0x0/0x78 returned 0 after 378 usecs
[    8.263562] calling  aio_setup+0x0/0x78 @ 1
[    8.275225] initcall aio_setup+0x0/0x78 returned 0 after 3437 usecs
[    8.284929] calling  io_uring_init+0x0/0x2c @ 1
[    8.292016] initcall io_uring_init+0x0/0x2c returned 0 after 13 usecs
[    8.301716] calling  mbcache_init+0x0/0x30 @ 1
[    8.308871] initcall mbcache_init+0x0/0x30 returned 0 after 91 usecs
[    8.319060] calling  init_grace+0x0/0xc @ 1
[    8.325950] initcall init_grace+0x0/0xc returned 0 after 836 usecs
[    8.335136] calling  init_v2_quota_format+0x0/0x21 @ 1
[    8.344006] initcall init_v2_quota_format+0x0/0x21 returned 0 after 1205 usecs
[    8.355088] calling  init_devpts_fs+0x0/0x27 @ 1
[    8.362244] initcall init_devpts_fs+0x0/0x27 returned 0 after 964 usecs
[    8.372125] calling  ext4_init_fs+0x0/0x1c2 @ 1
[    8.382902] initcall ext4_init_fs+0x0/0x1c2 returned 0 after 3383 usecs
[    8.393694] calling  journal_init+0x0/0x11c @ 1
[    8.401799] initcall journal_init+0x0/0x11c returned 0 after 235 usecs
[    8.412049] calling  init_fat_fs+0x0/0x49 @ 1
[    8.418713] initcall init_fat_fs+0x0/0x49 returned 0 after 168 usecs
[    8.428170] calling  init_vfat_fs+0x0/0xc @ 1
[    8.434789] initcall init_vfat_fs+0x0/0xc returned 0 after 6 usecs
[    8.443847] calling  init_msdos_fs+0x0/0xc @ 1
[    8.450622] initcall init_msdos_fs+0x0/0xc returned 0 after 8 usecs
[    8.460030] calling  init_iso9660_fs+0x0/0x6c @ 1
[    8.468735] initcall init_iso9660_fs+0x0/0x6c returned 0 after 405 usecs
[    8.478999] calling  init_nfs_fs+0x0/0x13a @ 1
[    8.502255] initcall init_nfs_fs+0x0/0x13a returned 0 after 15994 usecs
[    8.512669] calling  init_nfs_v2+0x0/0x13 @ 1
[    8.520979] initcall init_nfs_v2+0x0/0x13 returned 0 after 975 usecs
[    8.532291] calling  init_nfs_v3+0x0/0x13 @ 1
[    8.539220] initcall init_nfs_v3+0x0/0x13 returned 0 after 2 usecs
[    8.548258] calling  init_nfs_v4+0x0/0x32 @ 1
[    8.555314] NFS: Registering the id_resolver key type
[    8.562783] Key type id_resolver registered
[    8.569580] Key type id_legacy registered
[    8.576836] initcall init_nfs_v4+0x0/0x32 returned 0 after 21267 usecs
[    8.588028] calling  init_nlm+0x0/0x5b @ 1
[    8.598792] initcall init_nlm+0x0/0x5b returned 0 after 1371 usecs
[    8.610312] calling  init_nls_cp437+0x0/0xe @ 1
[    8.617536] initcall init_nls_cp437+0x0/0xe returned 0 after 565 usecs
[    8.626950] calling  init_nls_ascii+0x0/0xe @ 1
[    8.633420] initcall init_nls_ascii+0x0/0xe returned 0 after 2 usecs
[    8.642231] calling  init_nls_iso8859_1+0x0/0xe @ 1
[    8.649071] initcall init_nls_iso8859_1+0x0/0xe returned 0 after 2 usecs
[    8.659546] calling  init_nls_utf8+0x0/0x21 @ 1
[    8.666577] initcall init_nls_utf8+0x0/0x21 returned 0 after 3 usecs
[    8.675752] calling  init_autofs_fs+0x0/0x25 @ 1
[    8.693971] initcall init_autofs_fs+0x0/0x25 returned 0 after 10958 usecs
[    8.704851] calling  ipc_init+0x0/0x24 @ 1
[    8.711929] initcall ipc_init+0x0/0x24 returned 0 after 211 usecs
[    8.722537] calling  ipc_sysctl_init+0x0/0x13 @ 1
[    8.732037] initcall ipc_sysctl_init+0x0/0x13 returned 0 after 765 usecs
[    8.744025] calling  init_mqueue_fs+0x0/0xb1 @ 1
[    8.753686] initcall init_mqueue_fs+0x0/0xb1 returned 0 after 1175 usecs
[    8.766021] calling  key_proc_init+0x0/0x63 @ 1
[    8.773899] initcall key_proc_init+0x0/0x63 returned 0 after 83 usecs
[    8.784451] calling  selinux_nf_ip_init+0x0/0x2e @ 1
[    8.792769] initcall selinux_nf_ip_init+0x0/0x2e returned 0 after 529 usecs
[    8.803889] calling  init_sel_fs+0x0/0x116 @ 1
[    8.811485] initcall init_sel_fs+0x0/0x116 returned 0 after 1 usecs
[    8.821716] calling  selnl_init+0x0/0x7c @ 1
[    8.830885] initcall selnl_init+0x0/0x7c returned 0 after 1846 usecs
[    8.841551] calling  sel_netif_init+0x0/0x36 @ 1
[    8.850255] initcall sel_netif_init+0x0/0x36 returned 0 after 387 usecs
[    8.861160] calling  sel_netnode_init+0x0/0x33 @ 1
[    8.869065] initcall sel_netnode_init+0x0/0x33 returned 0 after 1 usecs
[    8.879878] calling  sel_netport_init+0x0/0x33 @ 1
[    8.887996] initcall sel_netport_init+0x0/0x33 returned 0 after 1 usecs
[    8.898694] calling  aurule_init+0x0/0x2a @ 1
[    8.905958] initcall aurule_init+0x0/0x2a returned 0 after 3 usecs
[    8.915493] calling  crypto_algapi_init+0x0/0xc @ 1
[    8.923184] initcall crypto_algapi_init+0x0/0xc returned 0 after 10 usecs
[    8.934213] calling  jent_mod_init+0x0/0x2d @ 1
[    8.964679] initcall jent_mod_init+0x0/0x2d returned 0 after 22460 usecs
[    8.975567] calling  asymmetric_key_init+0x0/0xc @ 1
[    8.982793] Key type asymmetric registered
[    8.988565] initcall asymmetric_key_init+0x0/0xc returned 0 after 5634 usecs
[    8.998781] calling  x509_key_init+0x0/0xc @ 1
[    9.006508] Asymmetric key parser 'x509' registered
[    9.014611] initcall x509_key_init+0x0/0xc returned 0 after 9175 usecs
[    9.025266] calling  proc_genhd_init+0x0/0x41 @ 1
[    9.032924] initcall proc_genhd_init+0x0/0x41 returned 0 after 12 usecs
[    9.044616] calling  bsg_init+0x0/0x113 @ 1
[    9.052251] Block layer SCSI generic (bsg) driver version 0.4 loaded (major 251)
[    9.067022] initcall bsg_init+0x0/0x113 returned 0 after 15155 usecs
[    9.078664] calling  deadline_init+0x0/0xc @ 1
[    9.085974] io scheduler mq-deadline registered
[    9.093137] initcall deadline_init+0x0/0xc returned 0 after 7313 usecs
[    9.103076] calling  kyber_init+0x0/0xc @ 1
[    9.109815] io scheduler kyber registered
[    9.115871] initcall kyber_init+0x0/0xc returned 0 after 6004 usecs
[    9.125013] calling  mod_init+0x0/0x7 @ 1
[    9.132081] initcall mod_init+0x0/0x7 returned 0 after 0 usecs
[    9.142059] calling  percpu_counter_startup+0x0/0x55 @ 1
[    9.155075] initcall percpu_counter_startup+0x0/0x55 returned 0 after 3715 usecs
[    9.166531] calling  sg_pool_init+0x0/0xb4 @ 1
[    9.175002] initcall sg_pool_init+0x0/0xb4 returned 0 after 871 usecs
[    9.188889] calling  pcie_portdrv_init+0x0/0x39 @ 1
[    9.201970] initcall pcie_portdrv_init+0x0/0x39 returned 0 after 4883 usecs
[    9.213600] calling  pci_proc_init+0x0/0x68 @ 1
[    9.221731] initcall pci_proc_init+0x0/0x68 returned 0 after 191 usecs
[    9.233948] calling  pci_hotplug_init+0x0/0x7 @ 1
[    9.241532] initcall pci_hotplug_init+0x0/0x7 returned 0 after 1 usecs
[    9.250981] calling  efifb_driver_init+0x0/0xe @ 1
[    9.257614] initcall efifb_driver_init+0x0/0xe returned 0 after 141 usecs
[    9.267618] calling  ged_driver_init+0x0/0xe @ 1
[    9.274783] initcall ged_driver_init+0x0/0xe returned 0 after 698 usecs
[    9.284244] calling  acpi_ac_init+0x0/0x92 @ 1
[    9.301617] initcall acpi_ac_init+0x0/0x92 returned 0 after 9503 usecs
[    9.312449] calling  acpi_button_driver_init+0x0/0x52 @ 1
[    9.324503] input: Power Button as /devices/LNXSYSTM:00/LNXPWRBN:00/input/input0
[    9.342789] ACPI: Power Button [PWRF]
[    9.352555] initcall acpi_button_driver_init+0x0/0x52 returned 0 after 30538 usecs
[    9.365966] calling  acpi_fan_driver_init+0x0/0xe @ 1
[    9.374187] initcall acpi_fan_driver_init+0x0/0xe returned 0 after 64 usecs
[    9.385149] calling  acpi_video_init+0x0/0xcb @ 1
[    9.395225] initcall acpi_video_init+0x0/0xcb returned 0 after 1221 usecs
[    9.406777] calling  acpi_processor_driver_init+0x0/0xad @ 1
[    9.427418] initcall acpi_processor_driver_init+0x0/0xad returned 0 after 9983 usecs
[    9.437822] calling  acpi_thermal_init+0x0/0x71 @ 1
[    9.447670] initcall acpi_thermal_init+0x0/0x71 returned 0 after 3019 usecs
[    9.457588] calling  acpi_battery_init+0x0/0x32 @ 1
[    9.464596] initcall acpi_battery_init+0x0/0x32 returned 0 after 151 usecs
[    9.474901] calling  bgrt_init+0x0/0xb6 @ 1
[    9.481221] initcall bgrt_init+0x0/0xb6 returned -19 after 0 usecs
[    9.490879] calling  gpio_clk_driver_init+0x0/0xe @ 1
[    9.499142] initcall gpio_clk_driver_init+0x0/0xe returned 0 after 339 usecs
[    9.509543] calling  plt_clk_driver_init+0x0/0xe @ 1
[    9.517132] initcall plt_clk_driver_init+0x0/0xe returned 0 after 45 usecs
[    9.529190] calling  virtio_pci_driver_init+0x0/0x15 @ 1
[    9.538366] initcall virtio_pci_driver_init+0x0/0x15 returned 0 after 1071 usecs
[    9.549746] calling  n_null_init+0x0/0x1e @ 1
[    9.556627] initcall n_null_init+0x0/0x1e returned 0 after 284 usecs
[    9.566903] calling  pty_init+0x0/0x1e8 @ 1
[    9.579270] initcall pty_init+0x0/0x1e8 returned 0 after 5837 usecs
[    9.590031] calling  sysrq_init+0x0/0x62 @ 1
[    9.599510] initcall sysrq_init+0x0/0x62 returned 0 after 176 usecs
[    9.610433] calling  serial8250_init+0x0/0x17e @ 1
[    9.618784] Serial: 8250/16550 driver, 4 ports, IRQ sharing enabled
[    9.636666] 00:03: ttyS0 at I/O 0x3f8 (irq = 4, base_baud = 115200) is a 16550A
[    9.661105] initcall serial8250_init+0x0/0x17e returned 0 after 41446 usecs
[    9.672384] calling  serial_pci_driver_init+0x0/0x15 @ 1
[    9.686693] initcall serial_pci_driver_init+0x0/0x15 returned 0 after 3690 usecs
[    9.700136] calling  exar_pci_driver_init+0x0/0x15 @ 1
[    9.709541] initcall exar_pci_driver_init+0x0/0x15 returned 0 after 199 usecs
[    9.721513] calling  lpss8250_pci_driver_init+0x0/0x15 @ 1
[    9.731152] initcall lpss8250_pci_driver_init+0x0/0x15 returned 0 after 92 usecs
[    9.747663] calling  mid8250_pci_driver_init+0x0/0x15 @ 1
[    9.757646] initcall mid8250_pci_driver_init+0x0/0x15 returned 0 after 253 usecs
[    9.773800] calling  virtio_console_init+0x0/0xff @ 1
[    9.782689] initcall virtio_console_init+0x0/0xff returned 0 after 801 usecs
[    9.798352] calling  hpet_init+0x0/0x64 @ 1
[    9.813764] initcall hpet_init+0x0/0x64 returned 0 after 8693 usecs
[    9.824731] calling  nvram_module_init+0x0/0x83 @ 1
[    9.839258] Non-volatile memory driver v1.3
[    9.848176] initcall nvram_module_init+0x0/0x83 returned 0 after 12937 usecs
[    9.860829] calling  hwrng_modinit+0x0/0x8a @ 1
[    9.872748] initcall hwrng_modinit+0x0/0x8a returned 0 after 3388 usecs
[    9.882894] calling  mod_init+0x0/0x48 @ 1
[    9.888964] initcall mod_init+0x0/0x48 returned -19 after 0 usecs
[    9.897930] calling  agp_init+0x0/0x23 @ 1
[    9.904147] Linux agpgart interface v0.103
[    9.910465] initcall agp_init+0x0/0x23 returned 0 after 6167 usecs
[    9.920699] calling  agp_amd64_mod_init+0x0/0x5 @ 1
[    9.930223] initcall agp_amd64_mod_init+0x0/0x5 returned -19 after 2358 usecs
[    9.940423] calling  agp_intel_init+0x0/0x28 @ 1
[    9.951803] initcall agp_intel_init+0x0/0x28 returned 0 after 3930 usecs
[    9.961641] calling  drm_kms_helper_init+0x0/0x7 @ 1
[    9.969685] initcall drm_kms_helper_init+0x0/0x7 returned 0 after 301 usecs
[    9.982686] calling  drm_core_init+0x0/0xbd @ 1
[    9.998149] initcall drm_core_init+0x0/0xbd returned 0 after 8909 usecs
[   10.008161] calling  i915_init+0x0/0x6b @ 1
[   10.022036] initcall i915_init+0x0/0x6b returned 0 after 5568 usecs
[   10.032594] calling  cn_proc_init+0x0/0x35 @ 1
[   10.039730] initcall cn_proc_init+0x0/0x35 returned 0 after 550 usecs
[   10.050159] calling  topology_sysfs_init+0x0/0x27 @ 1
[   10.058683] initcall topology_sysfs_init+0x0/0x27 returned 0 after 601 usecs
[   10.069159] calling  cacheinfo_sysfs_init+0x0/0x27 @ 1
[   10.081781] initcall cacheinfo_sysfs_init+0x0/0x27 returned 0 after 4606 usecs
[   10.093811] calling  loop_init+0x0/0x16a @ 1
[   10.532080] loop: module loaded
[   10.538665] initcall loop_init+0x0/0x16a returned 0 after 427228 usecs
[   10.552278] calling  mac_hid_init+0x0/0x21 @ 1
[   10.560144] initcall mac_hid_init+0x0/0x21 returned 0 after 78 usecs
[   10.571043] calling  spi_transport_init+0x0/0x74 @ 1
[   10.586274] initcall spi_transport_init+0x0/0x74 returned 0 after 382 usecs
[   10.604220] calling  init_sd+0x0/0x18c @ 1
[   10.611654] initcall init_sd+0x0/0x18c returned 0 after 1244 usecs
[   10.620839] calling  init_sr+0x0/0x43 @ 1
[   10.627460] initcall init_sr+0x0/0x43 returned 0 after 496 usecs
[   10.636501] calling  init_sg+0x0/0x1c0 @ 1
[   10.643102] initcall init_sg+0x0/0x1c0 returned 0 after 908 usecs
[   10.651559] calling  ahci_pci_driver_init+0x0/0x15 @ 1
[   10.664588] ahci 0000:00:1f.2: version 3.0
[   10.682840] PCI Interrupt Link [GSIA] enabled at IRQ 16
[   10.719246] ahci 0000:00:1f.2: AHCI 0001.0000 32 slots 6 ports 1.5 Gbps 0x3f impl SATA mode
[   10.763403] ahci 0000:00:1f.2: flags: 64bit ncq only 
[   10.900218] scsi host0: ahci
[   10.920929] scsi host1: ahci
[   10.939161] scsi host2: ahci
[   10.960240] scsi host3: ahci
[   10.969039] hrtimer: interrupt took 3688869 ns
[   11.008748] scsi host4: ahci
[   11.026224] scsi host5: ahci
[   11.032902] ata1: SATA max UDMA/133 abar m4096@0xfebf1000 port 0xfebf1100 irq 24
[   11.052999] ata2: SATA max UDMA/133 abar m4096@0xfebf1000 port 0xfebf1180 irq 24
[   11.064479] ata3: SATA max UDMA/133 abar m4096@0xfebf1000 port 0xfebf1200 irq 24
[   11.076465] ata4: SATA max UDMA/133 abar m4096@0xfebf1000 port 0xfebf1280 irq 24
[   11.087894] ata5: SATA max UDMA/133 abar m4096@0xfebf1000 port 0xfebf1300 irq 24
[   11.099082] ata6: SATA max UDMA/133 abar m4096@0xfebf1000 port 0xfebf1380 irq 24
[   11.114138] initcall ahci_pci_driver_init+0x0/0x15 returned 0 after 441817 usecs
[   11.135920] calling  piix_init+0x0/0x26 @ 1
[   11.149258] initcall piix_init+0x0/0x26 returned 0 after 839 usecs
[   11.166603] calling  amd_pci_driver_init+0x0/0x15 @ 1
[   11.177078] initcall amd_pci_driver_init+0x0/0x15 returned 0 after 980 usecs
[   11.188815] calling  oldpiix_pci_driver_init+0x0/0x15 @ 1
[   11.198124] initcall oldpiix_pci_driver_init+0x0/0x15 returned 0 after 227 usecs
[   11.210128] calling  sch_pci_driver_init+0x0/0x15 @ 1
[   11.218872] initcall sch_pci_driver_init+0x0/0x15 returned 0 after 131 usecs
[   11.230522] calling  net_olddevs_init+0x0/0x55 @ 1
[   11.239208] initcall net_olddevs_init+0x0/0x55 returned 0 after 582 usecs
[   11.250766] calling  blackhole_netdev_init+0x0/0x78 @ 1
[   11.260487] initcall blackhole_netdev_init+0x0/0x78 returned 0 after 978 usecs
[   11.271705] calling  phy_module_init+0x0/0x13 @ 1
[   11.279973] initcall phy_module_init+0x0/0x13 returned 0 after 793 usecs
[   11.289476] calling  tg3_driver_init+0x0/0x15 @ 1
[   11.296644] initcall tg3_driver_init+0x0/0x15 returned 0 after 786 usecs
[   11.305528] calling  e100_init_module+0x0/0x4c @ 1
[   11.311963] e100: Intel(R) PRO/100 Network Driver
[   11.318020] e100: Copyright(c) 1999-2006 Intel Corporation
[   11.325841] initcall e100_init_module+0x0/0x4c returned 0 after 13550 usecs
[   11.348577] calling  e1000_init_module+0x0/0x72 @ 1
[   11.357826] e1000: Intel(R) PRO/1000 Network Driver
[   11.365189] e1000: Copyright (c) 1999-2006 Intel Corporation.
[   11.373939] initcall e1000_init_module+0x0/0x72 returned 0 after 15987 usecs
[   11.388278] calling  e1000_init_module+0x0/0x2d @ 1
[   11.406460] e1000e: Intel(R) PRO/1000 Network Driver
[   11.413931] e1000e: Copyright(c) 1999 - 2015 Intel Corporation.
[   11.424082] initcall e1000_init_module+0x0/0x2d returned 0 after 17459 usecs
[   11.434592] calling  sky2_init_module+0x0/0x21 @ 1
[   11.438394] ata1: SATA link down (SStatus 0 SControl 300)
[   11.441522] sky2: driver version 1.30
[   11.441808] initcall sky2_init_module+0x0/0x21 returned 0 after 270 usecs
[   11.467048] calling  forcedeth_pci_driver_init+0x0/0x15 @ 1
[   11.469752] ata5: SATA link down (SStatus 0 SControl 300)
[   11.475643] initcall forcedeth_pci_driver_init+0x0/0x15 returned 0 after 326 usecs
[   11.493475] calling  rtl8139_init_module+0x0/0x15 @ 1
[   11.500859] initcall rtl8139_init_module+0x0/0x15 returned 0 after 130 usecs
[   11.503925] ata6: SATA link down (SStatus 0 SControl 300)
[   11.510343] calling  rtl8169_pci_driver_init+0x0/0x15 @ 1
[   11.527035] initcall rtl8169_pci_driver_init+0x0/0x15 returned 0 after 612 usecs
[   11.529863] ata4: SATA link down (SStatus 0 SControl 300)
[   11.538673] calling  cdrom_init+0x0/0xc @ 1
[   11.555836] initcall cdrom_init+0x0/0xc returned 0 after 698 usecs
[   11.569593] ata2: SATA link down (SStatus 0 SControl 300)
[   11.573236] calling  nonstatic_sysfs_init+0x0/0xc @ 1
[   11.592151] initcall nonstatic_sysfs_init+0x0/0xc returned 0 after 896 usecs
[   11.602916] ata3: SATA link up 1.5 Gbps (SStatus 113 SControl 300)
[   11.603754] calling  yenta_cardbus_driver_init+0x0/0x15 @ 1
[   11.623246] initcall yenta_cardbus_driver_init+0x0/0x15 returned 0 after 621 usecs
[   11.637368] ata3.00: ATAPI: QEMU DVD-ROM, 2.5+, max UDMA/100
[   11.646785] calling  mon_init+0x0/0x144 @ 1
[   11.653610] ata3.00: applying bridge limits
[   11.663097] initcall mon_init+0x0/0x144 returned 0 after 9814 usecs
[   11.673639] ata3.00: configured for UDMA/100
[   11.680999] calling  ehci_hcd_init+0x0/0x56 @ 1
[   11.689230] ehci_hcd: USB 2.0 'Enhanced' Host Controller (EHCI) Driver
[   11.689379] scsi 2:0:0:0: CD-ROM            QEMU     QEMU DVD-ROM     2.5+ PQ: 0 ANSI: 5
[   11.698987] initcall ehci_hcd_init+0x0/0x56 returned 0 after 9602 usecs
[   11.698993] calling  ehci_pci_init+0x0/0x64 @ 1
[   11.698999] ehci-pci: EHCI PCI platform driver
[   11.699215] initcall ehci_pci_init+0x0/0x64 returned 0 after 212 usecs
[   11.749178] calling  ohci_hcd_mod_init+0x0/0x4e @ 1
[   11.756979] ohci_hcd: USB 1.1 'Open' Host Controller (OHCI) Driver
[   11.766545] initcall ohci_hcd_mod_init+0x0/0x4e returned 0 after 9514 usecs
[   11.777094] calling  ohci_pci_init+0x0/0x64 @ 1
[   11.784441] ohci-pci: OHCI PCI platform driver
[   11.796226] initcall ohci_pci_init+0x0/0x64 returned 0 after 11608 usecs
[   11.809708] calling  uhci_hcd_init+0x0/0xa8 @ 1
[   11.809988] sr 2:0:0:0: [sr0] scsi3-mmc drive: 4x/4x cd/rw xa/form2 tray
[   11.816753] uhci_hcd: USB Universal Host Controller Interface driver
[   11.816919] initcall uhci_hcd_init+0x0/0xa8 returned 0 after 160 usecs
[   11.843491] cdrom: Uniform CD-ROM driver Revision: 3.20
[   11.846604] calling  xhci_hcd_init+0x0/0x1e @ 1
[   11.861889] initcall xhci_hcd_init+0x0/0x1e returned 0 after 414 usecs
[   11.872919] calling  xhci_pci_init+0x0/0x49 @ 1
[   11.881720] initcall xhci_pci_init+0x0/0x49 returned 0 after 2524 usecs
[   11.891816] calling  usblp_driver_init+0x0/0x15 @ 1
[   11.899393] usbcore: registered new interface driver usblp
[   11.909254] initcall usblp_driver_init+0x0/0x15 returned 0 after 10039 usecs
[   11.919939] calling  usb_storage_driver_init+0x0/0x2a @ 1
[   11.928834] usbcore: registered new interface driver usb-storage
[   11.937780] initcall usb_storage_driver_init+0x0/0x2a returned 0 after 9371 usecs
[   11.938082] sr 2:0:0:0: Attached scsi CD-ROM sr0
[   11.953804] calling  i8042_init+0x0/0x4c2 @ 1
[   11.966296] i8042: PNP: PS/2 Controller [PNP0303:KBD,PNP0f13:MOU] at 0x60,0x64 irq 1,12
[   11.989169] sr 2:0:0:0: Attached scsi generic sg0 type 5
[   12.005117] serio: i8042 KBD port at 0x60,0x64 irq 1
[   12.015203] serio: i8042 AUX port at 0x60,0x64 irq 12
[   12.023256] initcall i8042_init+0x0/0x4c2 returned 0 after 56295 usecs
[   12.033785] calling  serport_init+0x0/0x2c @ 1
[   12.040619] initcall serport_init+0x0/0x2c returned 0 after 391 usecs
[   12.049747] calling  input_leds_init+0x0/0xc @ 1
[   12.057153] initcall input_leds_init+0x0/0xc returned 0 after 574 usecs
[   12.066621] calling  evdev_init+0x0/0xc @ 1
[   12.074122] initcall evdev_init+0x0/0xc returned 0 after 1284 usecs
[   12.084737] calling  atkbd_init+0x0/0x21 @ 1
[   12.098287] input: AT Translated Set 2 keyboard as /devices/platform/i8042/serio0/input/input1
[   12.112173] initcall atkbd_init+0x0/0x21 returned 0 after 20213 usecs
[   12.122125] calling  psmouse_init+0x0/0x7f @ 1
[   12.132547] initcall psmouse_init+0x0/0x7f returned 0 after 3640 usecs
[   12.143907] calling  cmos_init+0x0/0x73 @ 1
[   12.157222] rtc_cmos 00:04: RTC can wake from S4
[   12.181867] rtc_cmos 00:04: registered as rtc0
[   12.189097] rtc_cmos 00:04: alarms up to one day, y3k, 242 bytes nvram, hpet irqs
[   12.204090] initcall cmos_init+0x0/0x73 returned 0 after 52693 usecs
[   12.213642] calling  smbalert_driver_init+0x0/0xe @ 1
[   12.221939] initcall smbalert_driver_init+0x0/0xe returned 0 after 914 usecs
[   12.232292] calling  i2c_i801_init+0x0/0xc5 @ 1
[   12.270578] i801_smbus 0000:00:1f.3: SMBus using PCI interrupt
[   12.284279] i2c i2c-0: 1/1 memory slots populated (from DMI)
[   12.292895] i2c i2c-0: Memory type 0x07 not supported yet, not instantiating SPD
[   12.312494] initcall i2c_i801_init+0x0/0xc5 returned 0 after 72216 usecs
[   12.324325] calling  ptp_kvm_init+0x0/0xf0 @ 1
[   12.334326] initcall ptp_kvm_init+0x0/0xf0 returned 0 after 3440 usecs
[   12.344382] calling  dm_init+0x0/0x3c @ 1
[   12.357607] device-mapper: ioctl: 4.43.0-ioctl (2020-10-01) initialised: dm-devel@redhat.com
[   12.371296] initcall dm_init+0x0/0x3c returned 0 after 19790 usecs
[   12.381053] calling  dm_mirror_init+0x0/0x29 @ 1
[   12.388434] initcall dm_mirror_init+0x0/0x29 returned 0 after 3 usecs
[   12.408435] calling  dm_dirty_log_init+0x0/0x4f @ 1
[   12.416639] initcall dm_dirty_log_init+0x0/0x4f returned 0 after 655 usecs
[   12.422413] tasks-rude-torture: rcu_torture_read_exit: End of episode
[   12.426883] calling  dm_zero_init+0x0/0x29 @ 1
[   12.426971] initcall dm_zero_init+0x0/0x29 returned 0 after 80 usecs
[   12.450704] calling  intel_pstate_init+0x0/0x512 @ 1
[   12.457759] intel_pstate: CPU model not supported
[   12.464696] initcall intel_pstate_init+0x0/0x512 returned -19 after 6829 usecs
[   12.475245] calling  haltpoll_init+0x0/0xc0 @ 1
[   12.483581] initcall haltpoll_init+0x0/0xc0 returned -19 after 890 usecs
[   12.494592] calling  efivars_sysfs_init+0x0/0x30 @ 1
[   12.503095] initcall efivars_sysfs_init+0x0/0x30 returned 0 after 392 usecs
[   12.514792] calling  esrt_sysfs_init+0x0/0x2a2 @ 1
[   12.522553] initcall esrt_sysfs_init+0x0/0x2a2 returned -38 after 134 usecs
[   12.533691] calling  hid_init+0x0/0x5c @ 1
[   12.543031] hid: raw HID events driver (C) Jiri Kosina
[   12.551704] initcall hid_init+0x0/0x5c returned 0 after 10718 usecs
[   12.561263] calling  hid_generic_init+0x0/0x15 @ 1
[   12.569845] initcall hid_generic_init+0x0/0x15 returned 0 after 699 usecs
[   12.580168] calling  a4_driver_init+0x0/0x15 @ 1
[   12.586840] initcall a4_driver_init+0x0/0x15 returned 0 after 90 usecs
[   12.596495] calling  apple_driver_init+0x0/0x15 @ 1
[   12.603850] initcall apple_driver_init+0x0/0x15 returned 0 after 82 usecs
[   12.613733] calling  belkin_driver_init+0x0/0x15 @ 1
[   12.621980] initcall belkin_driver_init+0x0/0x15 returned 0 after 275 usecs
[   12.631754] calling  ch_driver_init+0x0/0x15 @ 1
[   12.638226] initcall ch_driver_init+0x0/0x15 returned 0 after 111 usecs
[   12.647049] calling  ch_driver_init+0x0/0x15 @ 1
[   12.653268] initcall ch_driver_init+0x0/0x15 returned 0 after 45 usecs
[   12.662079] calling  cp_driver_init+0x0/0x15 @ 1
[   12.668458] initcall cp_driver_init+0x0/0x15 returned 0 after 62 usecs
[   12.677062] calling  ez_driver_init+0x0/0x15 @ 1
[   12.696854] initcall ez_driver_init+0x0/0x15 returned 0 after 48 usecs
[   12.707026] calling  gyration_driver_init+0x0/0x15 @ 1
[   12.714411] initcall gyration_driver_init+0x0/0x15 returned 0 after 74 usecs
[   12.723996] calling  ite_driver_init+0x0/0x15 @ 1
[   12.730631] initcall ite_driver_init+0x0/0x15 returned 0 after 50 usecs
[   12.739673] calling  ks_driver_init+0x0/0x15 @ 1
[   12.746107] initcall ks_driver_init+0x0/0x15 returned 0 after 54 usecs
[   12.755416] calling  lg_driver_init+0x0/0x15 @ 1
[   12.761922] initcall lg_driver_init+0x0/0x15 returned 0 after 63 usecs
[   12.771141] calling  lg_g15_driver_init+0x0/0x15 @ 1
[   12.778694] initcall lg_g15_driver_init+0x0/0x15 returned 0 after 570 usecs
[   12.806607] calling  ms_driver_init+0x0/0x15 @ 1
[   12.818119] initcall ms_driver_init+0x0/0x15 returned 0 after 322 usecs
[   12.838678] calling  mr_driver_init+0x0/0x15 @ 1
[   12.845176] initcall mr_driver_init+0x0/0x15 returned 0 after 273 usecs
[   12.854369] calling  ntrig_driver_init+0x0/0x15 @ 1
[   12.861602] initcall ntrig_driver_init+0x0/0x15 returned 0 after 410 usecs
[   12.872085] calling  pl_driver_init+0x0/0x15 @ 1
[   12.879321] initcall pl_driver_init+0x0/0x15 returned 0 after 276 usecs
[   12.894086] calling  pl_driver_init+0x0/0x15 @ 1
[   12.900989] initcall pl_driver_init+0x0/0x15 returned 0 after 87 usecs
[   12.910932] calling  redragon_driver_init+0x0/0x15 @ 1
[   12.918787] initcall redragon_driver_init+0x0/0x15 returned 0 after 303 usecs
[   12.945644] calling  samsung_driver_init+0x0/0x15 @ 1
[   12.953202] initcall samsung_driver_init+0x0/0x15 returned 0 after 62 usecs
[   12.979701] calling  sony_init+0x0/0x38 @ 1
[   12.985835] initcall sony_init+0x0/0x38 returned 0 after 91 usecs
[   13.007464] calling  sp_driver_init+0x0/0x15 @ 1
[   13.015662] initcall sp_driver_init+0x0/0x15 returned 0 after 292 usecs
[   13.024503] calling  ts_driver_init+0x0/0x15 @ 1
[   13.030808] initcall ts_driver_init+0x0/0x15 returned 0 after 59 usecs
[   13.040044] calling  hid_init+0x0/0x58 @ 1
[   13.063106] usbcore: registered new interface driver usbhid
[   13.070770] usbhid: USB HID core driver
[   13.076166] initcall hid_init+0x0/0x58 returned 0 after 12833 usecs
[   13.084829] calling  eeepc_laptop_init+0x0/0x57 @ 1
[   13.091760] initcall eeepc_laptop_init+0x0/0x57 returned -19 after 329 usecs
[   13.101627] calling  pmc_atom_init+0x0/0x27a @ 1
[   13.107961] initcall pmc_atom_init+0x0/0x27a returned -19 after 10 usecs
[   13.117346] calling  alsa_hwdep_init+0x0/0x5e @ 1
[   13.124046] initcall alsa_hwdep_init+0x0/0x5e returned 0 after 322 usecs
[   13.132998] calling  alsa_timer_init+0x0/0x1f9 @ 1
[   13.154097] initcall alsa_timer_init+0x0/0x1f9 returned 0 after 14170 usecs
[   13.163537] calling  snd_hrtimer_init+0x0/0x117 @ 1
[   13.170230] initcall snd_hrtimer_init+0x0/0x117 returned 0 after 5 usecs
[   13.179277] calling  alsa_pcm_init+0x0/0x64 @ 1
[   13.185727] initcall alsa_pcm_init+0x0/0x64 returned 0 after 295 usecs
[   13.204697] calling  alsa_seq_init+0x0/0x4a @ 1
[   13.233262] initcall alsa_seq_init+0x0/0x4a returned 0 after 20478 usecs
[   13.251693] calling  alsa_seq_dummy_init+0x0/0x9c @ 1
[   13.275882] initcall alsa_seq_dummy_init+0x0/0x9c returned 0 after 518 usecs
[   13.286955] calling  azx_driver_init+0x0/0x15 @ 1
[   13.300359] input: ImExPS/2 Generic Explorer Mouse as /devices/platform/i8042/serio1/input/input3
[   13.307623] initcall azx_driver_init+0x0/0x15 returned 0 after 13451 usecs
[   13.346987] calling  sock_diag_init+0x0/0x2a @ 1
[   13.357334] initcall sock_diag_init+0x0/0x2a returned 0 after 1209 usecs
[   13.367501] calling  blackhole_init+0x0/0xc @ 1
[   13.376223] initcall blackhole_init+0x0/0xc returned 0 after 29 usecs
[   13.385717] calling  nfnetlink_init+0x0/0x61 @ 1
[   13.392787] initcall nfnetlink_init+0x0/0x61 returned 0 after 249 usecs
[   13.401965] calling  nfnetlink_log_init+0x0/0x99 @ 1
[   13.409792] initcall nfnetlink_log_init+0x0/0x99 returned 0 after 444 usecs
[   13.419422] calling  nf_conntrack_standalone_init+0x0/0x87 @ 1
[   13.429173] initcall nf_conntrack_standalone_init+0x0/0x87 returned 0 after 1733 usecs
[   13.440249] calling  ctnetlink_init+0x0/0x83 @ 1
[   13.446846] initcall ctnetlink_init+0x0/0x83 returned 0 after 68 usecs
[   13.456826] calling  nf_conntrack_ftp_init+0x0/0x12c @ 1
[   13.464799] initcall nf_conntrack_ftp_init+0x0/0x12c returned 0 after 104 usecs
[   13.475165] calling  nf_conntrack_irc_init+0x0/0x129 @ 1
[   13.484918] initcall nf_conntrack_irc_init+0x0/0x129 returned 0 after 1868 usecs
[   13.495590] calling  nf_conntrack_sip_init+0x0/0x172 @ 1
[   13.503406] initcall nf_conntrack_sip_init+0x0/0x172 returned 0 after 186 usecs
[   13.514256] calling  nf_nat_init+0x0/0xf0 @ 1
[   13.521195] initcall nf_nat_init+0x0/0xf0 returned 0 after 479 usecs
[   13.529776] calling  nf_nat_ftp_init+0x0/0x2a @ 1
[   13.536247] initcall nf_nat_ftp_init+0x0/0x2a returned 0 after 46 usecs
[   13.545773] calling  nf_nat_irc_init+0x0/0x2a @ 1
[   13.552285] initcall nf_nat_irc_init+0x0/0x2a returned 0 after 20 usecs
[   13.561532] calling  nf_nat_sip_init+0x0/0x36 @ 1
[   13.568018] initcall nf_nat_sip_init+0x0/0x36 returned 0 after 4 usecs
[   13.577699] calling  xt_init+0x0/0x146 @ 1
[   13.584649] initcall xt_init+0x0/0x146 returned 0 after 291 usecs
[   13.593188] calling  tcpudp_mt_init+0x0/0x11 @ 1
[   13.600644] initcall tcpudp_mt_init+0x0/0x11 returned 0 after 383 usecs
[   13.609861] calling  connsecmark_tg_init+0x0/0xc @ 1
[   13.616745] initcall connsecmark_tg_init+0x0/0xc returned 0 after 67 usecs
[   13.626463] calling  nflog_tg_init+0x0/0xc @ 1
[   13.632563] initcall nflog_tg_init+0x0/0xc returned 0 after 17 usecs
