c[?7l[2J[0mSeaBIOS (version 1.16.0-debian-1.16.0-4)
Booting from ROM...
early console in setup code
c[?7l[2J[    0.000000] Linux version 5.10.157+ (root@joelboxx.c.googlers.com) (gcc (Debian 12.2.0-3) 12.2.0, GNU ld (GNU Binutils for Debian) 2.39) #2 SMP Tue Dec 13 03:25:45 UTC 2022
[    0.000000] Command line: selinux=0 initcall_debug debug console=ttyS0 nohz_full=2-9 rcutorture.onoff_interval=1000 rcutorture.onoff_holdoff=30 rcutorture.n_barrier_cbs=4 rcutorture.stat_interval=15 rcutorture.shutdown_secs=1800 rcutorture.test_no_idle_hz=1 rcutorture.verbose=1
[    0.000000] x86/fpu: x87 FPU will use FXSAVE
[    0.000000] BIOS-provided physical RAM map:
[    0.000000] BIOS-e820: [mem 0x0000000000000000-0x000000000009fbff] usable
[    0.000000] BIOS-e820: [mem 0x000000000009fc00-0x000000000009ffff] reserved
[    0.000000] BIOS-e820: [mem 0x00000000000f0000-0x00000000000fffff] reserved
[    0.000000] BIOS-e820: [mem 0x0000000000100000-0x000000001ffdefff] usable
[    0.000000] BIOS-e820: [mem 0x000000001ffdf000-0x000000001fffffff] reserved
[    0.000000] BIOS-e820: [mem 0x00000000b0000000-0x00000000bfffffff] reserved
[    0.000000] BIOS-e820: [mem 0x00000000fed1c000-0x00000000fed1ffff] reserved
[    0.000000] BIOS-e820: [mem 0x00000000feffc000-0x00000000feffffff] reserved
[    0.000000] BIOS-e820: [mem 0x00000000fffc0000-0x00000000ffffffff] reserved
[    0.000000] NX (Execute Disable) protection: active
[    0.000000] SMBIOS 2.8 present.
[    0.000000] DMI: QEMU Standard PC (Q35 + ICH9, 2009), BIOS 1.16.0-debian-1.16.0-4 04/01/2014
[    0.000000] Hypervisor detected: KVM
[    0.000000] kvm-clock: Using msrs 4b564d01 and 4b564d00
[    0.000000] kvm-clock: cpu 0, msr 1c2ac001, primary cpu clock
[    0.000001] kvm-clock: using sched offset of 2914231349 cycles
[    0.000273] clocksource: kvm-clock: mask: 0xffffffffffffffff max_cycles: 0x1cd42e4dffb, max_idle_ns: 881590591483 ns
[    0.000518] tsc: Detected 1999.999 MHz processor
[    0.009264] e820: update [mem 0x00000000-0x00000fff] usable ==> reserved
[    0.009271] e820: remove [mem 0x000a0000-0x000fffff] usable
[    0.009280] last_pfn = 0x1ffdf max_arch_pfn = 0x400000000
[    0.010322] MTRR default type: write-back
[    0.010384] MTRR fixed ranges enabled:
[    0.010386]   00000-9FFFF write-back
[    0.010387]   A0000-BFFFF uncachable
[    0.010389]   C0000-FFFFF write-protect
[    0.010390] MTRR variable ranges enabled:
[    0.010393]   0 base 00C0000000 mask FFC0000000 uncachable
[    0.010394]   1 disabled
[    0.010395]   2 disabled
[    0.010396]   3 disabled
[    0.010397]   4 disabled
[    0.010398]   5 disabled
[    0.010399]   6 disabled
[    0.010462]   7 disabled
[    0.011131] x86/PAT: Configuration [0-7]: WB  WC  UC- UC  WB  WC  UC- UC  
[    0.023093] found SMP MP-table at [mem 0x000f5ba0-0x000f5baf]
[    0.025910] check: Scanning 1 areas for low memory corruption
[    0.037731] ACPI: Early table checksum verification disabled
[    0.040223] ACPI: RSDP 0x00000000000F59E0 000014 (v00 BOCHS )
[    0.040759] ACPI: RSDT 0x000000001FFE281A 000038 (v01 BOCHS  BXPC     00000001 BXPC 00000001)
[    0.041097] ACPI: FACP 0x000000001FFE259A 0000F4 (v03 BOCHS  BXPC     00000001 BXPC 00000001)
[    0.041182] ACPI: DSDT 0x000000001FFE0040 00255A (v01 BOCHS  BXPC     00000001 BXPC 00000001)
[    0.041187] ACPI: FACS 0x000000001FFE0000 000040
[    0.041191] ACPI: APIC 0x000000001FFE268E 0000F0 (v01 BOCHS  BXPC     00000001 BXPC 00000001)
[    0.041196] ACPI: HPET 0x000000001FFE277E 000038 (v01 BOCHS  BXPC     00000001 BXPC 00000001)
[    0.041200] ACPI: MCFG 0x000000001FFE27B6 00003C (v01 BOCHS  BXPC     00000001 BXPC 00000001)
[    0.041204] ACPI: WAET 0x000000001FFE27F2 000028 (v01 BOCHS  BXPC     00000001 BXPC 00000001)
[    0.041208] ACPI: Reserving FACP table memory at [mem 0x1ffe259a-0x1ffe268d]
[    0.041210] ACPI: Reserving DSDT table memory at [mem 0x1ffe0040-0x1ffe2599]
[    0.041211] ACPI: Reserving FACS table memory at [mem 0x1ffe0000-0x1ffe003f]
[    0.041212] ACPI: Reserving APIC table memory at [mem 0x1ffe268e-0x1ffe277d]
[    0.041213] ACPI: Reserving HPET table memory at [mem 0x1ffe277e-0x1ffe27b5]
[    0.041214] ACPI: Reserving MCFG table memory at [mem 0x1ffe27b6-0x1ffe27f1]
[    0.041215] ACPI: Reserving WAET table memory at [mem 0x1ffe27f2-0x1ffe2819]
[    0.042543] ACPI: Local APIC address 0xfee00000
[    0.048038] No NUMA configuration found
[    0.048041] Faking a node at [mem 0x0000000000000000-0x000000001ffdefff]
[    0.048382] NODE_DATA(0) allocated [mem 0x1ffdb000-0x1ffdefff]
[    0.049758] Zone ranges:
[    0.049941]   DMA      [mem 0x0000000000001000-0x0000000000ffffff]
[    0.050054]   DMA32    [mem 0x0000000001000000-0x000000001ffdefff]
[    0.050057]   Normal   empty
[    0.050058] Movable zone start for each node
[    0.050059] Early memory node ranges
[    0.050119]   node   0: [mem 0x0000000000001000-0x000000000009efff]
[    0.050199]   node   0: [mem 0x0000000000100000-0x000000001ffdefff]
[    0.050336] Initmem setup node 0 [mem 0x0000000000001000-0x000000001ffdefff]
[    0.050337] On node 0 totalpages: 130941
[    0.050528]   DMA zone: 64 pages used for memmap
[    0.050529]   DMA zone: 21 pages reserved
[    0.050530]   DMA zone: 3998 pages, LIFO batch:0
[    0.050532]   DMA32 zone: 1984 pages used for memmap
[    0.050533]   DMA32 zone: 126943 pages, LIFO batch:31
[    0.061402] On node 0, zone DMA: 1 pages in unavailable ranges
[    0.066428] On node 0, zone DMA: 97 pages in unavailable ranges
[    0.203814] On node 0, zone DMA32: 33 pages in unavailable ranges
[    0.207528] ACPI: PM-Timer IO Port: 0x608
[    0.207534] ACPI: Local APIC address 0xfee00000
[    0.208083] ACPI: LAPIC_NMI (acpi_id[0xff] dfl dfl lint[0x1])
[    0.209645] IOAPIC[0]: apic_id 0, version 17, address 0xfec00000, GSI 0-23
[    0.209650] ACPI: INT_SRC_OVR (bus 0 bus_irq 0 global_irq 2 dfl dfl)
[    0.209710] ACPI: INT_SRC_OVR (bus 0 bus_irq 5 global_irq 5 high level)
[    0.209712] ACPI: INT_SRC_OVR (bus 0 bus_irq 9 global_irq 9 high level)
[    0.209814] ACPI: INT_SRC_OVR (bus 0 bus_irq 10 global_irq 10 high level)
[    0.209816] ACPI: INT_SRC_OVR (bus 0 bus_irq 11 global_irq 11 high level)
[    0.209818] ACPI: IRQ0 used by override.
[    0.209819] ACPI: IRQ5 used by override.
[    0.209820] ACPI: IRQ9 used by override.
[    0.209821] ACPI: IRQ10 used by override.
[    0.209822] ACPI: IRQ11 used by override.
[    0.209904] Using ACPI (MADT) for SMP configuration information
[    0.209907] ACPI: HPET id: 0x8086a201 base: 0xfed00000
[    0.210568] smpboot: Allowing 16 CPUs, 0 hotplug CPUs
[    0.212076] PM: hibernation: Registered nosave memory: [mem 0x00000000-0x00000fff]
[    0.212078] PM: hibernation: Registered nosave memory: [mem 0x0009f000-0x0009ffff]
[    0.212080] PM: hibernation: Registered nosave memory: [mem 0x000a0000-0x000effff]
[    0.212081] PM: hibernation: Registered nosave memory: [mem 0x000f0000-0x000fffff]
[    0.212119] [mem 0x20000000-0xafffffff] available for PCI devices
[    0.212308] Booting paravirtualized kernel on KVM
[    0.216564] clocksource: refined-jiffies: mask: 0xffffffff max_cycles: 0xffffffff, max_idle_ns: 1910969940391419 ns
[    0.262583] setup_percpu: NR_CPUS:16 nr_cpumask_bits:16 nr_cpu_ids:16 nr_node_ids:1
[    0.336963] percpu: Embedded 56 pages/cpu s191448 r8192 d29736 u262144
[    0.337081] pcpu-alloc: s191448 r8192 d29736 u262144 alloc=1*2097152
[    0.337145] pcpu-alloc: [0] 00 01 02 03 04 05 06 07 [0] 08 09 10 11 12 13 14 15 
[    0.337695] kvm-guest: stealtime: cpu 0, msr 1f21b600
[    0.338013] Built 1 zonelists, mobility grouping on.  Total pages: 128872
[    0.338015] Policy zone: DMA32
[    0.338070] Kernel command line: selinux=0 initcall_debug debug console=ttyS0 nohz_full=2-9 rcutorture.onoff_interval=1000 rcutorture.onoff_holdoff=30 rcutorture.n_barrier_cbs=4 rcutorture.stat_interval=15 rcutorture.shutdown_secs=1800 rcutorture.test_no_idle_hz=1 rcutorture.verbose=1
[    0.344879] Dentry cache hash table entries: 65536 (order: 7, 524288 bytes, linear)
[    0.344921] Inode-cache hash table entries: 32768 (order: 6, 262144 bytes, linear)
[    0.345968] mem auto-init: stack:all(zero), heap alloc:off, heap free:off
[    0.366308] Memory: 477988K/523764K available (14349K kernel code, 2565K rwdata, 4708K rodata, 1504K init, 1464K bss, 45516K reserved, 0K cma-reserved)
[    0.367988] SLUB: HWalign=64, Order=0-3, MinObjects=0, CPUs=16, Nodes=1
[    0.368495] Kernel/User page tables isolation: enabled
[    0.380975] rcu: Hierarchical RCU implementation.
[    0.380978] rcu: 	RCU event tracing is enabled.
[    0.380979] rcu: 	CONFIG_RCU_FANOUT set to non-default value of 2.
[    0.380980] rcu: 	Four(or more)-level hierarchy is enabled.
[    0.380981] rcu: 	Build-time adjustment of leaf fanout to 2.
[    0.381070] 	Trampoline variant of Tasks RCU enabled.
[    0.381071] 	Rude variant of Tasks RCU enabled.
[    0.381072] 	Tracing variant of Tasks RCU enabled.
[    0.381219] rcu: RCU calculated value of scheduler-enlistment delay is 100 jiffies.
[    0.403705] NR_IRQS: 4352, nr_irqs: 552, preallocated irqs: 16
[    0.406722] NO_HZ: Full dynticks CPUs: 2-9.
[    0.406725] rcu: 	Offload RCU callbacks from CPUs: 2-9.
[    0.409102] calling  con_init+0x0/0x22a @ 0
[    0.603626] Console: colour VGA+ 80x25
[    0.603639] initcall con_init+0x0/0x22a returned 0 after 0 usecs
[    0.603643] calling  hvc_console_init+0x0/0x13 @ 0
[    0.603685] initcall hvc_console_init+0x0/0x13 returned 0 after 0 usecs
[    0.603687] calling  univ8250_console_init+0x0/0x26 @ 0
[    1.541769] printk: console [ttyS0] enabled
[    1.547115] initcall univ8250_console_init+0x0/0x26 returned 0 after 0 usecs
[    1.556493] ACPI: Core revision 20200925
[    1.563187] clocksource: hpet: mask: 0xffffffff max_cycles: 0xffffffff, max_idle_ns: 19112604467 ns
[    1.574974] APIC: Switch to symmetric I/O mode setup
[    1.580833] Switched APIC routing to physical flat.
[    1.601536] ..TIMER: vector=0x30 apic1=0 pin1=2 apic2=-1 pin2=-1
[    1.609239] clocksource: tsc-early: mask: 0xffffffffffffffff max_cycles: 0x39a85afc727, max_idle_ns: 881590685098 ns
[    1.625157] Calibrating delay loop (skipped) preset value.. 3999.99 BogoMIPS (lpj=1999999)
[    1.626756] pid_max: default: 32768 minimum: 301
[    1.628389] LSM: Security Framework initializing
[    1.629054] Mount-cache hash table entries: 1024 (order: 1, 8192 bytes, linear)
[    1.629720] Mountpoint-cache hash table entries: 1024 (order: 1, 8192 bytes, linear)
[    1.637532] Last level iTLB entries: 4KB 0, 2MB 0, 4MB 0
[    1.637693] Last level dTLB entries: 4KB 0, 2MB 0, 4MB 0, 1GB 0
[    1.639702] Spectre V1 : Mitigation: usercopy/swapgs barriers and __user pointer sanitization
[    1.640694] Spectre V2 : Mitigation: Retpolines
[    1.641691] Spectre V2 : Spectre v2 / SpectreRSB mitigation: Filling RSB on context switch
[    1.642691] Spectre V2 : Spectre v2 / SpectreRSB : Filling RSB on VMEXIT
[    1.643692] Speculative Store Bypass: Vulnerable
[    1.644733] MDS: Vulnerable: Clear CPU buffers attempted, no microcode
[    1.645691] MMIO Stale Data: Unknown: No mitigations
[    1.694803] Freeing SMP alternatives memory: 44K
[    1.800612] smpboot: CPU0: Intel Common KVM processor (family: 0xf, model: 0x6, stepping: 0x1)
[    1.803096] calling  init_hw_perf_events+0x0/0x6ce @ 1
[    1.803691] Performance Events: unsupported Netburst CPU model 6 no PMU driver, software events only.
[    1.804699] initcall init_hw_perf_events+0x0/0x6ce returned 0 after 976 usecs
[    1.805697] calling  init_real_mode+0x0/0x1e9 @ 1
[    1.807092] initcall init_real_mode+0x0/0x1e9 returned 0 after 0 usecs
[    1.807697] calling  trace_init_perf_perm_irq_work_exit+0x0/0x12 @ 1
[    1.808696] initcall trace_init_perf_perm_irq_work_exit+0x0/0x12 returned 0 after 0 usecs
[    1.809713] calling  validate_x2apic+0x0/0x4a @ 1
[    1.810736] initcall validate_x2apic+0x0/0x4a returned 0 after 0 usecs
[    1.811699] calling  register_nmi_cpu_backtrace_handler+0x0/0x15 @ 1
[    1.812699] initcall register_nmi_cpu_backtrace_handler+0x0/0x15 returned 0 after 0 usecs
[    1.813697] calling  kvm_setup_vsyscall_timeinfo+0x0/0xce @ 1
[    1.814701] initcall kvm_setup_vsyscall_timeinfo+0x0/0xce returned 0 after 0 usecs
[    1.815699] calling  spawn_ksoftirqd+0x0/0x38 @ 1
[    1.816851] initcall spawn_ksoftirqd+0x0/0x38 returned 0 after 0 usecs
[    1.817718] calling  migration_init+0x0/0x3c @ 1
[    1.818714] initcall migration_init+0x0/0x3c returned 0 after 0 usecs
[    1.819697] calling  srcu_bootup_announce+0x0/0x2f @ 1
[    1.820711] rcu: Hierarchical SRCU implementation.
[    1.821728] initcall srcu_bootup_announce+0x0/0x2f returned 0 after 976 usecs
[    1.822694] calling  rcu_spawn_gp_kthread+0x0/0x1dd @ 1
[    1.824765] initcall rcu_spawn_gp_kthread+0x0/0x1dd returned 0 after 976 usecs
[    1.825694] calling  check_cpu_stall_init+0x0/0x1a @ 1
[    1.826694] initcall check_cpu_stall_init+0x0/0x1a returned 0 after 0 usecs
[    1.827694] calling  rcu_sysrq_init+0x0/0x21 @ 1
[    1.828693] initcall rcu_sysrq_init+0x0/0x21 returned 0 after 0 usecs
[    1.829694] calling  trace_init_flags_sys_enter+0x0/0xe @ 1
[    1.831692] initcall trace_init_flags_sys_enter+0x0/0xe returned 0 after 976 usecs
[    1.832734] calling  trace_init_flags_sys_exit+0x0/0xe @ 1
[    1.833697] initcall trace_init_flags_sys_exit+0x0/0xe returned 0 after 0 usecs
[    1.834697] calling  cpu_stop_init+0x0/0x6e @ 1
[    1.835931] initcall cpu_stop_init+0x0/0x6e returned 0 after 0 usecs
[    1.836711] calling  init_kprobes+0x0/0x165 @ 1
[    1.839135] initcall init_kprobes+0x0/0x165 returned 0 after 976 usecs
[    1.839700] calling  init_events+0x0/0x3d @ 1
[    1.841967] initcall init_events+0x0/0x3d returned 0 after 976 usecs
[    1.842696] calling  init_trace_printk+0x0/0xc @ 1
[    1.843695] initcall init_trace_printk+0x0/0xc returned 0 after 0 usecs
[    1.844694] calling  event_trace_enable_again+0x0/0x23 @ 1
[    1.845694] initcall event_trace_enable_again+0x0/0x23 returned 0 after 0 usecs
[    1.846694] calling  static_call_init+0x0/0x77 @ 1
[    1.847693] initcall static_call_init+0x0/0x77 returned 0 after 0 usecs
[    1.848694] calling  jump_label_init_module+0x0/0xc @ 1
[    1.849694] initcall jump_label_init_module+0x0/0xc returned 0 after 0 usecs
[    1.850694] calling  init_zero_pfn+0x0/0x37 @ 1
[    1.851694] initcall init_zero_pfn+0x0/0x37 returned 0 after 0 usecs
[    1.852694] calling  initialize_ptr_random+0x0/0x54 @ 1
[    1.853695] initcall initialize_ptr_random+0x0/0x54 returned 0 after 0 usecs
[    1.854697] calling  efi_memreserve_root_init+0x0/0x25 @ 1
[    1.855745] initcall efi_memreserve_root_init+0x0/0x25 returned 0 after 0 usecs
[    1.856708] calling  efi_earlycon_remap_fb+0x0/0x51 @ 1
[    1.857694] initcall efi_earlycon_remap_fb+0x0/0x51 returned 0 after 0 usecs
[    1.861725] smp: Bringing up secondary CPUs ...
[    1.864503] x86: Booting SMP configuration:
[    1.864725] .... node  #0, CPUs:        #1
[    1.213743] kvm-clock: cpu 1, msr 1c2ac041, secondary cpu clock
[    1.889959] kvm-guest: stealtime: cpu 1, msr 1f25b600
[    1.905064]   #2
[    1.213743] kvm-clock: cpu 2, msr 1c2ac081, secondary cpu clock
[    1.928058] kvm-guest: stealtime: cpu 2, msr 1f29b600
[    1.943211]   #3
[    1.213743] kvm-clock: cpu 3, msr 1c2ac0c1, secondary cpu clock
[    1.966102] kvm-guest: stealtime: cpu 3, msr 1f2db600
[    1.981003]   #4
[    1.213743] kvm-clock: cpu 4, msr 1c2ac101, secondary cpu clock
[    2.003098] kvm-guest: stealtime: cpu 4, msr 1f31b600
[    2.018046]   #5
[    1.213743] kvm-clock: cpu 5, msr 1c2ac141, secondary cpu clock
[    2.040036] kvm-guest: stealtime: cpu 5, msr 1f35b600
[    2.054716]   #6
[    1.213743] kvm-clock: cpu 6, msr 1c2ac181, secondary cpu clock
[    2.079167] kvm-guest: stealtime: cpu 6, msr 1f39b600
[    2.098087]   #7
[    1.213743] kvm-clock: cpu 7, msr 1c2ac1c1, secondary cpu clock
[    2.120689] kvm-guest: stealtime: cpu 7, msr 1f3db600
[    2.135553]   #8
[    1.213743] kvm-clock: cpu 8, msr 1c2ac201, secondary cpu clock
[    2.158028] kvm-guest: stealtime: cpu 8, msr 1f41b600
[    2.172710]   #9
[    1.213743] kvm-clock: cpu 9, msr 1c2ac241, secondary cpu clock
[    2.195042] kvm-guest: stealtime: cpu 9, msr 1f45b600
[    2.211714]  #10
[    1.213743] kvm-clock: cpu 10, msr 1c2ac281, secondary cpu clock
[    2.233859] kvm-guest: stealtime: cpu 10, msr 1f49b600
[    2.250523]  #11
[    1.213743] kvm-clock: cpu 11, msr 1c2ac2c1, secondary cpu clock
[    2.272859] kvm-guest: stealtime: cpu 11, msr 1f4db600
[    2.288715]  #12
[    1.213743] kvm-clock: cpu 12, msr 1c2ac301, secondary cpu clock
[    2.309843] kvm-guest: stealtime: cpu 12, msr 1f51b600
[    2.328495]  #13
[    1.213743] kvm-clock: cpu 13, msr 1c2ac341, secondary cpu clock
[    2.352012] kvm-guest: stealtime: cpu 13, msr 1f55b600
[    2.367571]  #14
[    1.213743] kvm-clock: cpu 14, msr 1c2ac381, secondary cpu clock
[    2.390817] kvm-guest: stealtime: cpu 14, msr 1f59b600
[    2.405712]  #15
[    1.213743] kvm-clock: cpu 15, msr 1c2ac3c1, secondary cpu clock
[    2.429864] kvm-guest: stealtime: cpu 15, msr 1f5db600
[    2.445009] smp: Brought up 1 node, 16 CPUs
[    2.445693] smpboot: Max logical packages: 1
[    2.446701] smpboot: Total of 16 processors activated (63999.96 BogoMIPS)
[    2.475692] devtmpfs: initialized
[    2.479793] calling  ipc_ns_init+0x0/0x3d @ 1
[    2.480749] initcall ipc_ns_init+0x0/0x3d returned 0 after 0 usecs
[    2.481696] calling  init_mmap_min_addr+0x0/0x21 @ 1
[    2.482730] initcall init_mmap_min_addr+0x0/0x21 returned 0 after 0 usecs
[    2.484696] calling  pci_realloc_setup_params+0x0/0x3f @ 1
[    2.485695] initcall pci_realloc_setup_params+0x0/0x3f returned 0 after 0 usecs
[    2.486712] calling  net_ns_init+0x0/0x11c @ 1
[    2.488928] initcall net_ns_init+0x0/0x11c returned 0 after 976 usecs
[    2.489716] calling  e820__register_nvs_regions+0x0/0x37 @ 1
[    2.490717] initcall e820__register_nvs_regions+0x0/0x37 returned 0 after 0 usecs
[    2.491695] calling  cpufreq_register_tsc_scaling+0x0/0x2e @ 1
[    2.492696] initcall cpufreq_register_tsc_scaling+0x0/0x2e returned 0 after 0 usecs
[    2.493698] calling  reboot_init+0x0/0x3c @ 1
[    2.494831] initcall reboot_init+0x0/0x3c returned 0 after 0 usecs
[    2.495697] calling  init_lapic_sysfs+0x0/0x20 @ 1
[    2.496696] initcall init_lapic_sysfs+0x0/0x20 returned 0 after 0 usecs
[    2.497695] calling  alloc_frozen_cpus+0x0/0x7 @ 1
[    2.498695] initcall alloc_frozen_cpus+0x0/0x7 returned 0 after 0 usecs
[    2.499694] calling  cpu_hotplug_pm_sync_init+0x0/0x13 @ 1
[    2.500695] initcall cpu_hotplug_pm_sync_init+0x0/0x13 returned 0 after 0 usecs
[    2.501696] calling  wq_sysfs_init+0x0/0x2a @ 1
[    2.503703] initcall wq_sysfs_init+0x0/0x2a returned 0 after 976 usecs
[    2.504695] calling  ksysfs_init+0x0/0x92 @ 1
[    2.505703] initcall ksysfs_init+0x0/0x92 returned 0 after 0 usecs
[    2.506697] calling  schedutil_gov_init+0x0/0xc @ 1
[    2.507769] initcall schedutil_gov_init+0x0/0xc returned 0 after 0 usecs
[    2.508695] calling  pm_init+0x0/0x76 @ 1
[    2.509765] initcall pm_init+0x0/0x76 returned 0 after 0 usecs
[    2.510697] calling  pm_disk_init+0x0/0x13 @ 1
[    2.511853] initcall pm_disk_init+0x0/0x13 returned 0 after 0 usecs
[    2.512697] calling  swsusp_header_init+0x0/0x2b @ 1
[    2.513699] initcall swsusp_header_init+0x0/0x2b returned 0 after 0 usecs
[    2.514695] calling  rcu_set_runtime_mode+0x0/0x16 @ 1
[    2.516023] initcall rcu_set_runtime_mode+0x0/0x16 returned 0 after 0 usecs
[    2.516695] calling  init_jiffies_clocksource+0x0/0x13 @ 1
[    2.518692] clocksource: jiffies: mask: 0xffffffff max_cycles: 0xffffffff, max_idle_ns: 1911260446275000 ns
[    2.519697] initcall init_jiffies_clocksource+0x0/0x13 returned 0 after 1953 usecs
[    2.520695] calling  futex_init+0x0/0xf7 @ 1
[    2.521697] futex hash table entries: 4096 (order: 6, 262144 bytes, linear)
[    2.524583] initcall futex_init+0x0/0xf7 returned 0 after 1953 usecs
[    2.524696] calling  cgroup_wq_init+0x0/0x28 @ 1
[    2.525711] initcall cgroup_wq_init+0x0/0x28 returned 0 after 0 usecs
[    2.526695] calling  cgroup1_wq_init+0x0/0x28 @ 1
[    2.527712] initcall cgroup1_wq_init+0x0/0x28 returned 0 after 0 usecs
[    2.528696] calling  init_kprobe_trace_early+0x0/0x2a @ 1
[    2.529749] initcall init_kprobe_trace_early+0x0/0x2a returned 0 after 0 usecs
[    2.530709] calling  fsnotify_init+0x0/0x48 @ 1
[    2.531739] initcall fsnotify_init+0x0/0x48 returned 0 after 0 usecs
[    2.532695] calling  filelock_init+0x0/0x96 @ 1
[    2.533723] initcall filelock_init+0x0/0x96 returned 0 after 0 usecs
[    2.534694] calling  init_misc_binfmt+0x0/0x2c @ 1
[    2.535717] initcall init_misc_binfmt+0x0/0x2c returned 0 after 0 usecs
[    2.536695] calling  init_script_binfmt+0x0/0x15 @ 1
[    2.537716] initcall init_script_binfmt+0x0/0x15 returned 0 after 0 usecs
[    2.538699] calling  init_elf_binfmt+0x0/0x15 @ 1
[    2.539697] initcall init_elf_binfmt+0x0/0x15 returned 0 after 0 usecs
[    2.540694] calling  init_compat_elf_binfmt+0x0/0x15 @ 1
[    2.541694] initcall init_compat_elf_binfmt+0x0/0x15 returned 0 after 0 usecs
[    2.542695] calling  debugfs_init+0x0/0x5c @ 1
[    2.543726] initcall debugfs_init+0x0/0x5c returned 0 after 0 usecs
[    2.544695] calling  tracefs_init+0x0/0x3a @ 1
[    2.545699] initcall tracefs_init+0x0/0x3a returned 0 after 0 usecs
[    2.546694] calling  prandom_init_early+0x0/0x15d @ 1
[    2.547695] initcall prandom_init_early+0x0/0x15d returned 0 after 0 usecs
[    2.548844] calling  virtio_init+0x0/0x20 @ 1
[    2.549733] initcall virtio_init+0x0/0x20 returned 0 after 0 usecs
[    2.550694] calling  iommu_init+0x0/0x2a @ 1
[    2.551758] initcall iommu_init+0x0/0x2a returned 0 after 0 usecs
[    2.552695] calling  component_debug_init+0x0/0x1c @ 1
[    2.553770] initcall component_debug_init+0x0/0x1c returned 0 after 0 usecs
[    2.554696] calling  early_resume_init+0x0/0xb9 @ 1
[    2.556692] PM: RTC time: 03:48:46, date: 2022-12-13
[    2.557725] initcall early_resume_init+0x0/0xb9 returned 0 after 1953 usecs
[    2.558703] calling  cpufreq_core_init+0x0/0x62 @ 1
[    2.559720] initcall cpufreq_core_init+0x0/0x62 returned 0 after 0 usecs
[    2.560695] calling  cpufreq_gov_performance_init+0x0/0xc @ 1
[    2.561696] initcall cpufreq_gov_performance_init+0x0/0xc returned 0 after 0 usecs
[    2.562713] calling  cpufreq_gov_userspace_init+0x0/0xc @ 1
[    2.563697] initcall cpufreq_gov_userspace_init+0x0/0xc returned 0 after 0 usecs
[    2.564695] calling  CPU_FREQ_GOV_ONDEMAND_init+0x0/0xc @ 1
[    2.565696] initcall CPU_FREQ_GOV_ONDEMAND_init+0x0/0xc returned 0 after 0 usecs
[    2.566697] calling  cpuidle_init+0x0/0x1f @ 1
[    2.567738] initcall cpuidle_init+0x0/0x1f returned 0 after 0 usecs
[    2.568696] calling  capsule_reboot_register+0x0/0xc @ 1
[    2.569722] initcall capsule_reboot_register+0x0/0xc returned 0 after 0 usecs
[    2.570697] calling  sock_init+0x0/0x93 @ 1
[    2.573694] initcall sock_init+0x0/0x93 returned 0 after 1953 usecs
[    2.574695] calling  net_inuse_init+0x0/0x23 @ 1
[    2.575702] initcall net_inuse_init+0x0/0x23 returned 0 after 0 usecs
[    2.576695] calling  net_defaults_init+0x0/0x23 @ 1
[    2.577696] initcall net_defaults_init+0x0/0x23 returned 0 after 0 usecs
[    2.578694] calling  init_default_flow_dissectors+0x0/0x4f @ 1
[    2.579716] initcall init_default_flow_dissectors+0x0/0x4f returned 0 after 0 usecs
[    2.580697] calling  netpoll_init+0x0/0x26 @ 1
[    2.581695] initcall netpoll_init+0x0/0x26 returned 0 after 0 usecs
[    2.582695] calling  netlink_proto_init+0x0/0x14f @ 1
[    2.584973] NET: Registered protocol family 16
[    2.586703] initcall netlink_proto_init+0x0/0x14f returned 0 after 2929 usecs
[    2.587695] calling  genl_init+0x0/0x35 @ 1
[    2.588713] initcall genl_init+0x0/0x35 returned 0 after 0 usecs
[    2.589712] calling  bsp_pm_check_init+0x0/0x13 @ 1
[    2.590695] initcall bsp_pm_check_init+0x0/0x13 returned 0 after 0 usecs
[    2.591724] calling  irq_sysfs_init+0x0/0xb7 @ 1
[    2.592863] initcall irq_sysfs_init+0x0/0xb7 returned 0 after 0 usecs
[    2.593703] calling  audit_init+0x0/0x160 @ 1
[    2.594700] audit: initializing netlink subsys (disabled)
[    2.597199] initcall audit_init+0x0/0x160 returned 0 after 1953 usecs
[    2.597053] audit: type=2000 audit(1670903324.711:1): state=initialized audit_enabled=0 res=1
[    2.597733] calling  release_early_probes+0x0/0x32 @ 1
[    2.599703] initcall release_early_probes+0x0/0x32 returned 0 after 0 usecs
[    2.600699] calling  bdi_class_init+0x0/0x48 @ 1
[    2.601736] initcall bdi_class_init+0x0/0x48 returned 0 after 0 usecs
[    2.602698] calling  mm_sysfs_init+0x0/0x28 @ 1
[    2.603705] initcall mm_sysfs_init+0x0/0x28 returned 0 after 0 usecs
[    2.604696] calling  init_per_zone_wmark_min+0x0/0x6d @ 1
[    2.605699] initcall init_per_zone_wmark_min+0x0/0x6d returned 0 after 0 usecs
[    2.607694] calling  mpi_init+0x0/0x3e @ 1
[    2.608710] initcall mpi_init+0x0/0x3e returned 0 after 0 usecs
[    2.609694] calling  kobject_uevent_init+0x0/0xc @ 1
[    2.610703] initcall kobject_uevent_init+0x0/0xc returned 0 after 0 usecs
[    2.611694] calling  pcibus_class_init+0x0/0x13 @ 1
[    2.612725] initcall pcibus_class_init+0x0/0x13 returned 0 after 0 usecs
[    2.613694] calling  pci_driver_init+0x0/0x21 @ 1
[    2.614733] initcall pci_driver_init+0x0/0x21 returned 0 after 0 usecs
[    2.615696] calling  backlight_class_init+0x0/0xa8 @ 1
[    2.616735] initcall backlight_class_init+0x0/0xa8 returned 0 after 0 usecs
[    2.617697] calling  tty_class_init+0x0/0x33 @ 1
[    2.618706] initcall tty_class_init+0x0/0x33 returned 0 after 0 usecs
[    2.619695] calling  vtconsole_class_init+0x0/0xb5 @ 1
[    2.620862] initcall vtconsole_class_init+0x0/0xb5 returned 0 after 0 usecs
[    2.621695] calling  iommu_dev_init+0x0/0x13 @ 1
[    2.622720] initcall iommu_dev_init+0x0/0x13 returned 0 after 0 usecs
[    2.623696] calling  mipi_dsi_bus_init+0x0/0xc @ 1
[    2.624737] initcall mipi_dsi_bus_init+0x0/0xc returned 0 after 0 usecs
[    2.625696] calling  devlink_class_init+0x0/0x40 @ 1
[    2.626704] initcall devlink_class_init+0x0/0x40 returned 0 after 0 usecs
[    2.627696] calling  software_node_init+0x0/0x2a @ 1
[    2.628699] initcall software_node_init+0x0/0x2a returned 0 after 0 usecs
[    2.629696] calling  wakeup_sources_debugfs_init+0x0/0x23 @ 1
[    2.630702] initcall wakeup_sources_debugfs_init+0x0/0x23 returned 0 after 0 usecs
[    2.631695] calling  wakeup_sources_sysfs_init+0x0/0x2c @ 1
[    2.632704] initcall wakeup_sources_sysfs_init+0x0/0x2c returned 0 after 0 usecs
[    2.633696] calling  register_node_type+0x0/0x13 @ 1
[    2.634777] initcall register_node_type+0x0/0x13 returned 0 after 0 usecs
[    2.635697] calling  regmap_initcall+0x0/0xc @ 1
[    2.636723] initcall regmap_initcall+0x0/0xc returned 0 after 0 usecs
[    2.637722] calling  i2c_init+0x0/0xb3 @ 1
[    2.638816] initcall i2c_init+0x0/0xb3 returned 0 after 0 usecs
[    2.640697] calling  thermal_init+0x0/0xf2 @ 1
[    2.641730] thermal_sys: Registered thermal governor 'step_wise'
[    2.641732] thermal_sys: Registered thermal governor 'user_space'
[    2.642709] initcall thermal_init+0x0/0xf2 returned 0 after 976 usecs
[    2.644696] calling  init_menu+0x0/0xc @ 1
[    2.647716] cpuidle: using governor menu
[    2.652702] initcall init_menu+0x0/0xc returned 0 after 6835 usecs
[    2.660698] calling  pcc_init+0x0/0x4d @ 1
[    2.665699] initcall pcc_init+0x0/0x4d returned -19 after 0 usecs
[    2.673698] calling  amd_postcore_init+0x0/0x11e @ 1
[    2.679695] initcall amd_postcore_init+0x0/0x11e returned 0 after 0 usecs
[    2.687746] calling  bts_init+0x0/0xba @ 1
[    2.693699] initcall bts_init+0x0/0xba returned -19 after 0 usecs
[    2.701697] calling  pt_init+0x0/0x341 @ 1
[    2.707719] initcall pt_init+0x0/0x341 returned -19 after 0 usecs
[    2.715696] calling  boot_params_ksysfs_init+0x0/0x2ee @ 1
[    2.723809] initcall boot_params_ksysfs_init+0x0/0x2ee returned 0 after 0 usecs
[    2.733696] calling  sbf_init+0x0/0xea @ 1
[    2.738695] initcall sbf_init+0x0/0xea returned 0 after 0 usecs
[    2.746695] calling  arch_kdebugfs_init+0x0/0x219 @ 1
[    2.753741] initcall arch_kdebugfs_init+0x0/0x219 returned 0 after 0 usecs
[    2.762695] calling  intel_pconfig_init+0x0/0x85 @ 1
[    2.769696] initcall intel_pconfig_init+0x0/0x85 returned 0 after 0 usecs
[    2.778696] calling  mtrr_if_init+0x0/0x5d @ 1
[    2.784788] initcall mtrr_if_init+0x0/0x5d returned 0 after 0 usecs
[    2.792695] calling  activate_jump_labels+0x0/0x31 @ 1
[    2.799695] initcall activate_jump_labels+0x0/0x31 returned 0 after 0 usecs
[    2.809697] calling  ffh_cstate_init+0x0/0x29 @ 1
[    2.815702] initcall ffh_cstate_init+0x0/0x29 returned 0 after 0 usecs
[    2.824696] calling  activate_jump_labels+0x0/0x31 @ 1
[    2.831233] initcall activate_jump_labels+0x0/0x31 returned 0 after 976 usecs
[    2.840696] calling  kvm_alloc_cpumask+0x0/0x74 @ 1
[    2.846757] initcall kvm_alloc_cpumask+0x0/0x74 returned 0 after 0 usecs
[    2.855696] calling  kcmp_cookies_init+0x0/0x37 @ 1
[    2.861701] initcall kcmp_cookies_init+0x0/0x37 returned 0 after 0 usecs
[    2.869698] calling  cryptomgr_init+0x0/0xc @ 1
[    2.875730] initcall cryptomgr_init+0x0/0xc returned 0 after 976 usecs
[    2.884695] calling  acpi_pci_init+0x0/0x57 @ 1
[    2.890693] ACPI: bus type PCI registered
[    2.895696] initcall acpi_pci_init+0x0/0x57 returned 0 after 4882 usecs
[    2.904699] calling  dma_channel_table_init+0x0/0xd1 @ 1
[    2.911712] initcall dma_channel_table_init+0x0/0xd1 returned 0 after 0 usecs
[    2.920698] calling  dma_bus_init+0x0/0xdc @ 1
[    2.926948] initcall dma_bus_init+0x0/0xdc returned 0 after 0 usecs
[    2.934750] calling  iommu_dma_init+0x0/0x10 @ 1
[    2.940718] initcall iommu_dma_init+0x0/0x10 returned 0 after 0 usecs
[    2.949702] calling  dmi_id_init+0x0/0x37c @ 1
[    2.954898] initcall dmi_id_init+0x0/0x37c returned 0 after 976 usecs
[    2.963696] calling  pci_arch_init+0x0/0x71 @ 1
[    2.970117] PCI: MMCONFIG for domain 0000 [bus 00-ff] at [mem 0xb0000000-0xbfffffff] (base 0xb0000000)
[    2.982698] PCI: MMCONFIG at [mem 0xb0000000-0xbfffffff] reserved in E820
[    2.991721] PCI: Using configuration type 1 for base access
[    2.998739] initcall pci_arch_init+0x0/0x71 returned 0 after 28320 usecs
[    3.007724] calling  init_vdso+0x0/0x13 @ 1
[    3.013736] initcall init_vdso+0x0/0x13 returned 0 after 0 usecs
[    3.020695] calling  sysenter_setup+0x0/0x13 @ 1
[    3.026744] initcall sysenter_setup+0x0/0x13 returned 0 after 0 usecs
[    3.034697] calling  fixup_ht_bug+0x0/0xe5 @ 1
[    3.040696] initcall fixup_ht_bug+0x0/0xe5 returned 0 after 0 usecs
[    3.048696] calling  topology_init+0x0/0x88 @ 1
[    3.055134] initcall topology_init+0x0/0x88 returned 0 after 0 usecs
[    3.062697] calling  intel_epb_init+0x0/0x68 @ 1
[    3.068697] initcall intel_epb_init+0x0/0x68 returned -19 after 0 usecs
[    3.077704] calling  mtrr_init_finialize+0x0/0x3e @ 1
[    3.084717] initcall mtrr_init_finialize+0x0/0x3e returned 0 after 0 usecs
[    3.093698] calling  uid_cache_init+0x0/0x81 @ 1
[    3.099702] initcall uid_cache_init+0x0/0x81 returned 0 after 0 usecs
[    3.108695] calling  param_sysfs_init+0x0/0x1ba @ 1
[    3.118790] initcall param_sysfs_init+0x0/0x1ba returned 0 after 7812 usecs
[    3.128711] calling  user_namespace_sysctl_init+0x0/0x33 @ 1
[    3.135705] initcall user_namespace_sysctl_init+0x0/0x33 returned 0 after 0 usecs
[    3.145701] calling  proc_schedstat_init+0x0/0x24 @ 1
[    3.152700] initcall proc_schedstat_init+0x0/0x24 returned 0 after 0 usecs
[    3.161697] calling  pm_sysrq_init+0x0/0x18 @ 1
[    3.169703] initcall pm_sysrq_init+0x0/0x18 returned 0 after 1953 usecs
[    3.178831] calling  create_proc_profile+0x0/0xd0 @ 1
[    3.185700] initcall create_proc_profile+0x0/0xd0 returned 0 after 0 usecs
[    3.194699] calling  time_ns_init+0x0/0x7 @ 1
[    3.200697] initcall time_ns_init+0x0/0x7 returned 0 after 0 usecs
[    3.204697] calling  crash_save_vmcoreinfo_init+0x0/0x722 @ 1
[    3.212818] initcall crash_save_vmcoreinfo_init+0x0/0x722 returned 0 after 0 usecs
[    3.222699] calling  crash_notes_memory_init+0x0/0x35 @ 1
[    3.233252] initcall crash_notes_memory_init+0x0/0x35 returned 0 after 0 usecs
[    3.244705] calling  cgroup_sysfs_init+0x0/0x13 @ 1
[    3.251761] initcall cgroup_sysfs_init+0x0/0x13 returned 0 after 0 usecs
[    3.260703] calling  cgroup_namespaces_init+0x0/0x7 @ 1
[    3.266701] initcall cgroup_namespaces_init+0x0/0x7 returned 0 after 0 usecs
[    3.273706] calling  init_optprobes+0x0/0x13 @ 1
[    3.278696] Kprobes globally optimized
[    3.282698] initcall init_optprobes+0x0/0x13 returned 0 after 3906 usecs
[    3.288701] calling  oom_init+0x0/0x2f @ 1
[    3.297953] initcall oom_init+0x0/0x2f returned 0 after 3906 usecs
[    3.306723] calling  default_bdi_init+0x0/0xb3 @ 1
[    3.322392] initcall default_bdi_init+0x0/0xb3 returned 0 after 8789 usecs
[    3.333710] calling  percpu_enable_async+0x0/0xe @ 1
[    3.341702] initcall percpu_enable_async+0x0/0xe returned 0 after 0 usecs
[    3.352700] calling  kcompactd_init+0x0/0x8d @ 1
[    3.364697] initcall kcompactd_init+0x0/0x8d returned 0 after 4882 usecs
[    3.374027] calling  init_user_reserve+0x0/0x40 @ 1
[    3.380699] initcall init_user_reserve+0x0/0x40 returned 0 after 0 usecs
[    3.388698] calling  init_admin_reserve+0x0/0x40 @ 1
[    3.394699] initcall init_admin_reserve+0x0/0x40 returned 0 after 0 usecs
[    3.404699] calling  init_reserve_notifier+0x0/0x7 @ 1
[    3.410699] initcall init_reserve_notifier+0x0/0x7 returned 0 after 0 usecs
[    3.419699] calling  swap_init_sysfs+0x0/0x62 @ 1
[    3.426710] initcall swap_init_sysfs+0x0/0x62 returned 0 after 0 usecs
[    3.434698] calling  swapfile_init+0x0/0x94 @ 1
[    3.441700] initcall swapfile_init+0x0/0x94 returned 0 after 0 usecs
[    3.449697] calling  hugetlb_init+0x0/0x496 @ 1
[    3.455694] HugeTLB registered 2.00 MiB page size, pre-allocated 0 pages
[    3.463830] initcall hugetlb_init+0x0/0x496 returned 0 after 7812 usecs
[    3.472697] calling  io_wq_init+0x0/0x34 @ 1
[    3.477697] initcall io_wq_init+0x0/0x34 returned 0 after 0 usecs
[    3.485697] calling  seqiv_module_init+0x0/0xc @ 1
[    3.491698] initcall seqiv_module_init+0x0/0xc returned 0 after 0 usecs
[    3.500696] calling  echainiv_module_init+0x0/0xc @ 1
[    3.506697] initcall echainiv_module_init+0x0/0xc returned 0 after 0 usecs
[    3.515794] calling  rsa_init+0x0/0x50 @ 1
[    3.521849] cryptomgr_test (118) used greatest stack depth: 15504 bytes left
[    3.522695] initcall rsa_init+0x0/0x50 returned 0 after 1953 usecs
[    3.538874] calling  crypto_cmac_module_init+0x0/0xc @ 1
[    3.544698] initcall crypto_cmac_module_init+0x0/0xc returned 0 after 0 usecs
[    3.553696] calling  hmac_module_init+0x0/0xc @ 1
[    3.559696] initcall hmac_module_init+0x0/0xc returned 0 after 0 usecs
[    3.567695] calling  crypto_null_mod_init+0x0/0x65 @ 1
[    3.578702] initcall crypto_null_mod_init+0x0/0x65 returned 0 after 3906 usecs
[    3.579702] calling  md5_mod_init+0x0/0xc @ 1
[    3.581779] initcall md5_mod_init+0x0/0xc returned 0 after 976 usecs
[    3.582697] calling  sha256_generic_mod_init+0x0/0x11 @ 1
[    3.585813] initcall sha256_generic_mod_init+0x0/0x11 returned 0 after 1953 usecs
[    3.586701] calling  crypto_cbc_module_init+0x0/0xc @ 1
[    3.587718] initcall crypto_cbc_module_init+0x0/0xc returned 0 after 0 usecs
[    3.588702] calling  crypto_ctr_module_init+0x0/0x11 @ 1
[    3.589701] initcall crypto_ctr_module_init+0x0/0x11 returned 0 after 0 usecs
[    3.590700] calling  crypto_gcm_module_init+0x0/0x64 @ 1
[    3.591739] initcall crypto_gcm_module_init+0x0/0x64 returned 0 after 0 usecs
[    3.592697] calling  crypto_ccm_module_init+0x0/0x11 @ 1
[    3.593698] initcall crypto_ccm_module_init+0x0/0x11 returned 0 after 0 usecs
[    3.594789] calling  aes_init+0x0/0xc @ 1
[    3.598704] initcall aes_init+0x0/0xc returned 0 after 1953 usecs
[    3.599699] calling  crc32c_mod_init+0x0/0xc @ 1
[    3.601911] initcall crc32c_mod_init+0x0/0xc returned 0 after 976 usecs
[    3.602699] calling  crypto_authenc_module_init+0x0/0xc @ 1
[    3.603696] initcall crypto_authenc_module_init+0x0/0xc returned 0 after 0 usecs
[    3.604695] calling  crypto_authenc_esn_module_init+0x0/0xc @ 1
[    3.606020] initcall crypto_authenc_esn_module_init+0x0/0xc returned 0 after 0 usecs
[    3.606696] calling  drbg_init+0x0/0x7c @ 1
[    3.619055] initcall drbg_init+0x0/0x7c returned 0 after 10742 usecs
[    3.619696] calling  ghash_mod_init+0x0/0xc @ 1
[    3.622881] initcall ghash_mod_init+0x0/0xc returned 0 after 1953 usecs
[    3.623698] calling  init_bio+0x0/0x9a @ 1
[    3.625695] initcall init_bio+0x0/0x9a returned 0 after 976 usecs
[    3.626695] calling  blk_settings_init+0x0/0x29 @ 1
[    3.627694] initcall blk_settings_init+0x0/0x29 returned 0 after 0 usecs
[    3.628695] calling  blk_ioc_init+0x0/0x29 @ 1
[    3.629717] initcall blk_ioc_init+0x0/0x29 returned 0 after 0 usecs
[    3.630695] calling  blk_mq_init+0x0/0xb9 @ 1
[    3.631697] initcall blk_mq_init+0x0/0xb9 returned 0 after 0 usecs
[    3.632694] calling  genhd_device_init+0x0/0x75 @ 1
[    3.634957] initcall genhd_device_init+0x0/0x75 returned 0 after 976 usecs
[    3.635764] calling  pci_slot_init+0x0/0x40 @ 1
[    3.636699] initcall pci_slot_init+0x0/0x40 returned 0 after 0 usecs
[    3.637696] calling  fbmem_init+0x0/0xd8 @ 1
[    3.638742] initcall fbmem_init+0x0/0xd8 returned 0 after 0 usecs
[    3.639695] calling  acpi_init+0x0/0x319 @ 1
[    3.640797] ACPI: Added _OSI(Module Device)
[    3.641692] ACPI: Added _OSI(Processor Device)
[    3.642692] ACPI: Added _OSI(3.0 _SCP Extensions)
[    3.643691] ACPI: Added _OSI(Processor Aggregator Device)
[    3.644692] ACPI: Added _OSI(Linux-Dell-Video)
[    3.645691] ACPI: Added _OSI(Linux-Lenovo-NV-HDMI-Audio)
[    3.646696] ACPI: Added _OSI(Linux-HPI-Hybrid-Graphics)
[    3.650933] ACPI: 1 ACPI AML tables successfully acquired and loaded
[    3.658797] ACPI: Interpreter enabled
[    3.659752] ACPI: (supports S0 S3 S4 S5)
[    3.660692] ACPI: Using IOAPIC for interrupt routing
[    3.661728] PCI: Using host bridge windows from ACPI; if necessary, use "pci=nocrs" and report a bug
[    3.664307] ACPI: Enabled 2 GPEs in block 00 to 3F
[    3.675541] ACPI: PCI Root Bridge [PCI0] (domain 0000 [bus 00-ff])
[    3.675991] acpi PNP0A08:00: _OSC: OS supports [ExtendedConfig ASPM ClockPM Segments MSI HPX-Type3]
[    3.677005] acpi PNP0A08:00: _OSC: platform does not support [LTR]
[    3.677771] acpi PNP0A08:00: _OSC: OS now controls [PME PCIeCapability]
[    3.679243] PCI host bridge to bus 0000:00
[    3.679923] pci_bus 0000:00: root bus resource [io  0x0000-0x0cf7 window]
[    3.681515] pci_bus 0000:00: root bus resource [io  0x0d00-0xffff window]
[    3.682696] pci_bus 0000:00: root bus resource [mem 0x000a0000-0x000bffff window]
[    3.683701] pci_bus 0000:00: root bus resource [mem 0x20000000-0xafffffff window]
[    3.684698] pci_bus 0000:00: root bus resource [mem 0xc0000000-0xfebfffff window]
[    3.685701] pci_bus 0000:00: root bus resource [mem 0x100000000-0x8ffffffff window]
[    3.686699] pci_bus 0000:00: root bus resource [bus 00-ff]
[    3.690688] pci 0000:00:00.0: calling  quirk_mmio_always_on+0x0/0x10 @ 1
[    3.691702] pci 0000:00:00.0: quirk_mmio_always_on+0x0/0x10 took 0 usecs
[    3.693699] pci 0000:00:00.0: [8086:29c0] type 00 class 0x060000
[    3.699688] pci 0000:00:00.0: calling  quirk_igfx_skip_te_disable+0x0/0x80 @ 1
[    3.700699] pci 0000:00:00.0: quirk_igfx_skip_te_disable+0x0/0x80 took 0 usecs
[    3.705878] pci 0000:00:01.0: [1234:1111] type 00 class 0x030000
[    3.723688] pci 0000:00:01.0: reg 0x10: [mem 0xfd000000-0xfdffffff pref]
[    3.751688] pci 0000:00:01.0: reg 0x18: [mem 0xfebf0000-0xfebf0fff]
[    3.788688] pci 0000:00:01.0: reg 0x30: [mem 0xfebe0000-0xfebeffff pref]
[    3.793688] pci 0000:00:01.0: calling  efifb_fixup_resources+0x0/0xf0 @ 1
[    3.794729] pci 0000:00:01.0: efifb_fixup_resources+0x0/0xf0 took 0 usecs
[    3.806076] pci 0000:00:1f.0: [8086:2918] type 00 class 0x060100
[    3.812452] pci 0000:00:1f.0: calling  quirk_ich7_lpc+0x0/0x60 @ 1
[    3.813072] pci 0000:00:1f.0: quirk: [io  0x0600-0x067f] claimed by ICH6 ACPI/GPIO/TCO
[    3.814237] pci 0000:00:1f.0: quirk_ich7_lpc+0x0/0x60 took 976 usecs
[    3.814854] pci 0000:00:1f.0: calling  quirk_igfx_skip_te_disable+0x0/0x80 @ 1
[    3.816721] pci 0000:00:1f.0: quirk_igfx_skip_te_disable+0x0/0x80 took 0 usecs
[    3.820350] pci 0000:00:1f.2: [8086:2922] type 00 class 0x010601
[    3.831695] pci 0000:00:1f.2: reg 0x20: [io  0xc040-0xc05f]
[    3.834413] pci 0000:00:1f.2: reg 0x24: [mem 0xfebf1000-0xfebf1fff]
[    3.835885] pci 0000:00:1f.2: calling  quirk_igfx_skip_te_disable+0x0/0x80 @ 1
[    3.836698] pci 0000:00:1f.2: quirk_igfx_skip_te_disable+0x0/0x80 took 0 usecs
[    3.841248] pci 0000:00:1f.3: [8086:2930] type 00 class 0x0c0500
[    3.847695] pci 0000:00:1f.3: reg 0x20: [io  0x0700-0x073f]
[    3.851201] pci 0000:00:1f.3: calling  quirk_igfx_skip_te_disable+0x0/0x80 @ 1
[    3.851698] pci 0000:00:1f.3: quirk_igfx_skip_te_disable+0x0/0x80 took 0 usecs
[    3.857162] ACPI: PCI Interrupt Link [LNKA] (IRQs 5 *10 11)
[    3.858949] ACPI: PCI Interrupt Link [LNKB] (IRQs 5 *10 11)
[    3.860125] ACPI: PCI Interrupt Link [LNKC] (IRQs 5 10 *11)
[    3.861157] ACPI: PCI Interrupt Link [LNKD] (IRQs 5 10 *11)
[    3.863177] ACPI: PCI Interrupt Link [LNKE] (IRQs 5 *10 11)
[    3.864709] ACPI: PCI Interrupt Link [LNKF] (IRQs 5 *10 11)
[    3.866715] ACPI: PCI Interrupt Link [LNKG] (IRQs 5 10 *11)
[    3.868112] ACPI: PCI Interrupt Link [LNKH] (IRQs 5 10 *11)
[    3.869012] ACPI: PCI Interrupt Link [GSIA] (IRQs *16)
[    3.869707] ACPI: PCI Interrupt Link [GSIB] (IRQs *17)
[    3.870828] ACPI: PCI Interrupt Link [GSIC] (IRQs *18)
[    3.871709] ACPI: PCI Interrupt Link [GSID] (IRQs *19)
[    3.872812] ACPI: PCI Interrupt Link [GSIE] (IRQs *20)
[    3.873705] ACPI: PCI Interrupt Link [GSIF] (IRQs *21)
[    3.874742] ACPI: PCI Interrupt Link [GSIG] (IRQs *22)
[    3.875796] ACPI: PCI Interrupt Link [GSIH] (IRQs *23)
[    3.891509] initcall acpi_init+0x0/0x319 returned 0 after 244140 usecs
[    3.892337] calling  pnp_init+0x0/0xc @ 1
[    3.894925] initcall pnp_init+0x0/0xc returned 0 after 0 usecs
[    3.895699] calling  misc_init+0x0/0xbf @ 1
[    3.899267] initcall misc_init+0x0/0xbf returned 0 after 1953 usecs
[    3.900695] calling  iommu_subsys_init+0x0/0x4e @ 1
[    3.901800] iommu: Default domain type: Translated 
[    3.902695] initcall iommu_subsys_init+0x0/0x4e returned 0 after 976 usecs
[    3.903823] calling  vga_arb_device_init+0x0/0x261 @ 1
[    3.910889] pci 0000:00:01.0: vgaarb: setting as boot VGA device
[    3.911688] pci 0000:00:01.0: vgaarb: VGA device added: decodes=io+mem,owns=io+mem,locks=none
[    3.911697] pci 0000:00:01.0: vgaarb: bridge control possible
[    3.912699] vgaarb: loaded
[    3.913697] initcall vga_arb_device_init+0x0/0x261 returned 0 after 8789 usecs
[    3.914961] calling  cn_init+0x0/0xf0 @ 1
[    3.918698] initcall cn_init+0x0/0xf0 returned 0 after 2929 usecs
[    3.919698] calling  dma_buf_init+0x0/0xad @ 1
[    3.921717] initcall dma_buf_init+0x0/0xad returned 0 after 976 usecs
[    3.922695] calling  init_scsi+0x0/0x79 @ 1
[    3.929373] SCSI subsystem initialized
[    3.929696] initcall init_scsi+0x0/0x79 returned 0 after 5859 usecs
[    3.930697] calling  ata_init+0x0/0x332 @ 1
[    3.952082] libata version 3.00 loaded.
[    3.952698] initcall ata_init+0x0/0x332 returned 0 after 20507 usecs
[    3.953698] calling  phy_init+0x0/0x250 @ 1
[    3.959062] initcall phy_init+0x0/0x250 returned 0 after 3906 usecs
[    3.959697] calling  init_pcmcia_cs+0x0/0x35 @ 1
[    3.962160] initcall init_pcmcia_cs+0x0/0x35 returned 0 after 0 usecs
[    3.962695] calling  usb_common_init+0x0/0x1c @ 1
[    3.963811] initcall usb_common_init+0x0/0x1c returned 0 after 0 usecs
[    3.964697] calling  usb_init+0x0/0x12e @ 1
[    3.966733] ACPI: bus type USB registered
[    3.968948] usbcore: registered new interface driver usbfs
[    3.969753] usbcore: registered new interface driver hub
[    3.970731] usbcore: registered new device driver usb
[    3.971696] initcall usb_init+0x0/0x12e returned 0 after 5859 usecs
[    3.972695] calling  serio_init+0x0/0x29 @ 1
[    3.973741] initcall serio_init+0x0/0x29 returned 0 after 0 usecs
[    3.974694] calling  input_init+0x0/0xf6 @ 1
[    3.975801] initcall input_init+0x0/0xf6 returned 0 after 0 usecs
[    3.976694] calling  rtc_init+0x0/0x4d @ 1
[    3.977792] initcall rtc_init+0x0/0x4d returned 0 after 0 usecs
[    3.978696] calling  pps_init+0x0/0xa9 @ 1
[    3.979723] pps_core: LinuxPPS API ver. 1 registered
[    3.980691] pps_core: Software ver. 5.3.6 - Copyright 2005-2007 Rodolfo Giometti <giometti@linux.it>
[    3.981715] initcall pps_init+0x0/0xa9 returned 0 after 1953 usecs
[    3.982695] calling  ptp_init+0x0/0x98 @ 1
[    3.983702] PTP clock support registered
[    3.984695] initcall ptp_init+0x0/0x98 returned 0 after 976 usecs
[    3.985695] calling  power_supply_class_init+0x0/0x3f @ 1
[    3.986828] initcall power_supply_class_init+0x0/0x3f returned 0 after 0 usecs
[    3.987696] calling  hwmon_init+0x0/0x104 @ 1
[    3.988751] initcall hwmon_init+0x0/0x104 returned 0 after 0 usecs
[    3.989698] calling  md_init+0x0/0x16b @ 1
[    3.993829] initcall md_init+0x0/0x16b returned 0 after 2929 usecs
[    3.994696] calling  leds_init+0x0/0x3b @ 1
[    3.995737] initcall leds_init+0x0/0x3b returned 0 after 0 usecs
[    3.996694] calling  dmi_init+0x0/0x113 @ 1
[    3.998041] initcall dmi_init+0x0/0x113 returned 0 after 0 usecs
[    3.998694] calling  efisubsys_init+0x0/0x4e7 @ 1
[    3.999739] initcall efisubsys_init+0x0/0x4e7 returned 0 after 0 usecs
[    4.000718] calling  nvmem_init+0x0/0xc @ 1
[    4.001886] initcall nvmem_init+0x0/0xc returned 0 after 0 usecs
[    4.002695] calling  init_soundcore+0x0/0x33 @ 1
[    4.003714] initcall init_soundcore+0x0/0x33 returned 0 after 0 usecs
[    4.004696] calling  alsa_sound_init+0x0/0x8f @ 1
[    4.006873] Advanced Linux Sound Architecture Driver Initialized.
[    4.007698] initcall alsa_sound_init+0x0/0x8f returned 0 after 1953 usecs
[    4.008697] calling  alsa_seq_device_init+0x0/0x71 @ 1
[    4.009755] initcall alsa_seq_device_init+0x0/0x71 returned 0 after 0 usecs
[    4.010699] calling  hda_bus_init+0x0/0xc @ 1
[    4.011733] initcall hda_bus_init+0x0/0xc returned 0 after 0 usecs
[    4.012696] calling  proto_init+0x0/0xc @ 1
[    4.013779] initcall proto_init+0x0/0xc returned 0 after 0 usecs
[    4.014695] calling  net_dev_init+0x0/0x209 @ 1
[    4.017734] initcall net_dev_init+0x0/0x209 returned 0 after 1953 usecs
[    4.019696] calling  neigh_init+0x0/0x84 @ 1
[    4.021695] initcall neigh_init+0x0/0x84 returned 0 after 976 usecs
[    4.022695] calling  fib_notifier_init+0x0/0xc @ 1
[    4.024747] initcall fib_notifier_init+0x0/0xc returned 0 after 0 usecs
[    4.025696] calling  fib_rules_init+0x0/0xab @ 1
[    4.026741] initcall fib_rules_init+0x0/0xab returned 0 after 0 usecs
[    4.027696] calling  pktsched_init+0x0/0x10e @ 1
[    4.028740] initcall pktsched_init+0x0/0x10e returned 0 after 0 usecs
[    4.029695] calling  tc_filter_init+0x0/0xfa @ 1
[    4.030724] initcall tc_filter_init+0x0/0xfa returned 0 after 0 usecs
[    4.031694] calling  tc_action_init+0x0/0x54 @ 1
[    4.032697] initcall tc_action_init+0x0/0x54 returned 0 after 0 usecs
[    4.033694] calling  ethnl_init+0x0/0x52 @ 1
[    4.034815] initcall ethnl_init+0x0/0x52 returned 0 after 0 usecs
[    4.035695] calling  nexthop_init+0x0/0xd8 @ 1
[    4.036900] initcall nexthop_init+0x0/0xd8 returned 0 after 0 usecs
[    4.037719] calling  cipso_v4_init+0x0/0x5d @ 1
[    4.038750] initcall cipso_v4_init+0x0/0x5d returned 0 after 0 usecs
[    4.039697] calling  ieee80211_init+0x0/0x24 @ 1
[    4.041813] initcall ieee80211_init+0x0/0x24 returned 0 after 976 usecs
[    4.042698] calling  netlbl_init+0x0/0x78 @ 1
[    4.043714] NetLabel: Initializing
[    4.045691] NetLabel:  domain hash size = 128
[    4.046693] NetLabel:  protocols = UNLABELED CIPSOv4 CALIPSO
[    4.047846] NetLabel:  unlabeled traffic allowed by default
[    4.048697] initcall netlbl_init+0x0/0x78 returned 0 after 4882 usecs
[    4.049695] calling  rfkill_init+0x0/0x111 @ 1
[    4.051797] initcall rfkill_init+0x0/0x111 returned 0 after 976 usecs
[    4.052697] calling  pci_subsys_init+0x0/0x66 @ 1
[    4.053767] PCI: Using ACPI for IRQ routing
[    4.858688] PCI: pci_cache_line_size set to 64 bytes
[    4.861793] e820: reserve RAM buffer [mem 0x0009fc00-0x0009ffff]
[    4.862927] e820: reserve RAM buffer [mem 0x1ffdf000-0x1fffffff]
[    4.864655] initcall pci_subsys_init+0x0/0x66 returned 0 after 791015 usecs
[    4.868155] calling  nmi_warning_debugfs+0x0/0x26 @ 1
[    4.869185] initcall nmi_warning_debugfs+0x0/0x26 returned 0 after 0 usecs
[    4.869696] calling  save_microcode_in_initrd+0x0/0x51 @ 1
[    4.871948] initcall save_microcode_in_initrd+0x0/0x51 returned 0 after 976 usecs
[    4.872709] calling  hpet_late_init+0x0/0x207 @ 1
[    4.875233] hpet: 3 channels of 0 reserved for per-cpu timers
[    4.875991] hpet0: at MMIO 0xfed00000, IRQs 2, 8, 0
[    4.876692] hpet0: 3 comparators, 64-bit 100.000000 MHz counter
[    4.881697] initcall hpet_late_init+0x0/0x207 returned 0 after 7812 usecs
[    4.883695] calling  init_amd_nbs+0x0/0x11c @ 1
[    4.884899] initcall init_amd_nbs+0x0/0x11c returned 0 after 0 usecs
[    4.885710] calling  clocksource_done_booting+0x0/0x41 @ 1
[    4.890289] clocksource: Switched to clocksource kvm-clock
[    4.897656] initcall clocksource_done_booting+0x0/0x41 returned 0 after 10706 usecs
[    4.898456] calling  tracer_init_tracefs+0x0/0x242 @ 1
[    4.980885] initcall tracer_init_tracefs+0x0/0x242 returned 0 after 146255 usecs
[    4.980885] calling  init_trace_printk_function_export+0x0/0x2c @ 1
[    4.980885] initcall init_trace_printk_function_export+0x0/0x2c returned 0 after 7 usecs
[    4.980885] calling  init_kprobe_trace+0x0/0x1a9 @ 1
[    4.980885] initcall init_kprobe_trace+0x0/0x1a9 returned 0 after 72 usecs
[    4.980885] calling  init_dynamic_event+0x0/0x3d @ 1
[    4.980885] initcall init_dynamic_event+0x0/0x3d returned 0 after 3 usecs
[    4.980885] calling  init_uprobe_trace+0x0/0x5c @ 1
[    4.980885] initcall init_uprobe_trace+0x0/0x5c returned 0 after 98 usecs
[    4.980885] calling  init_pipe_fs+0x0/0x44 @ 1
[    4.980885] initcall init_pipe_fs+0x0/0x44 returned 0 after 595 usecs
[    4.980885] calling  inotify_user_setup+0x0/0x47 @ 1
[    4.980885] initcall inotify_user_setup+0x0/0x47 returned 0 after 52 usecs
[    4.980885] calling  eventpoll_init+0x0/0xd4 @ 1
[    4.980885] initcall eventpoll_init+0x0/0xd4 returned 0 after 92 usecs
[    4.980885] calling  anon_inode_init+0x0/0x58 @ 1
[    4.980885] initcall anon_inode_init+0x0/0x58 returned 0 after 76 usecs
[    4.980885] calling  proc_locks_init+0x0/0x27 @ 1
[    4.980885] initcall proc_locks_init+0x0/0x27 returned 0 after 170 usecs
[    4.980885] calling  iomap_init+0x0/0x1b @ 1
[    4.980885] initcall iomap_init+0x0/0x1b returned 0 after 654 usecs
[    4.980885] calling  dquot_init+0x0/0x106 @ 1
[    4.980885] VFS: Disk quotas dquot_6.6.0
[    4.980885] VFS: Dquot-cache hash table entries: 512 (order 0, 4096 bytes)
[    4.980885] initcall dquot_init+0x0/0x106 returned 0 after 23105 usecs
[    4.980885] calling  quota_init+0x0/0x23 @ 1
[    4.980885] initcall quota_init+0x0/0x23 returned 0 after 786 usecs
[    4.980885] calling  proc_cmdline_init+0x0/0x21 @ 1
[    4.980885] initcall proc_cmdline_init+0x0/0x21 returned 0 after 140 usecs
[    4.980885] calling  proc_consoles_init+0x0/0x24 @ 1
[    4.980885] initcall proc_consoles_init+0x0/0x24 returned 0 after 27 usecs
[    4.980885] calling  proc_cpuinfo_init+0x0/0x1e @ 1
[    4.980885] initcall proc_cpuinfo_init+0x0/0x1e returned 0 after 17 usecs
[    4.980885] calling  proc_devices_init+0x0/0x24 @ 1
[    4.980885] initcall proc_devices_init+0x0/0x24 returned 0 after 25 usecs
[    4.980885] calling  proc_interrupts_init+0x0/0x24 @ 1
[    4.980885] initcall proc_interrupts_init+0x0/0x24 returned 0 after 50 usecs
[    4.980885] calling  proc_loadavg_init+0x0/0x21 @ 1
[    4.980885] initcall proc_loadavg_init+0x0/0x21 returned 0 after 3 usecs
[    4.980885] calling  proc_meminfo_init+0x0/0x21 @ 1
[    4.980885] initcall proc_meminfo_init+0x0/0x21 returned 0 after 2 usecs
[    4.980885] calling  proc_stat_init+0x0/0x1e @ 1
[    4.980885] initcall proc_stat_init+0x0/0x1e returned 0 after 65 usecs
[    4.980885] calling  proc_uptime_init+0x0/0x21 @ 1
[    4.980885] initcall proc_uptime_init+0x0/0x21 returned 0 after 3 usecs
[    4.980885] calling  proc_version_init+0x0/0x21 @ 1
[    4.980885] initcall proc_version_init+0x0/0x21 returned 0 after 3 usecs
[    4.980885] calling  proc_softirqs_init+0x0/0x21 @ 1
[    4.980885] initcall proc_softirqs_init+0x0/0x21 returned 0 after 3 usecs
[    4.980885] calling  proc_kcore_init+0x0/0xea @ 1
[    4.980885] initcall proc_kcore_init+0x0/0xea returned 0 after 139 usecs
[    4.980885] calling  vmcore_init+0x0/0x578 @ 1
[    4.980885] initcall vmcore_init+0x0/0x578 returned 0 after 32 usecs
[    4.980885] calling  proc_kmsg_init+0x0/0x21 @ 1
[    4.980885] initcall proc_kmsg_init+0x0/0x21 returned 0 after 4 usecs
[    4.980885] calling  proc_page_init+0x0/0x3b @ 1
[    4.980885] initcall proc_page_init+0x0/0x3b returned 0 after 3 usecs
[    4.980885] calling  init_ramfs_fs+0x0/0xc @ 1
[    4.980885] initcall init_ramfs_fs+0x0/0xc returned 0 after 192 usecs
[    4.980885] calling  init_hugetlbfs_fs+0x0/0xf6 @ 1
[    4.980885] initcall init_hugetlbfs_fs+0x0/0xf6 returned 0 after 787 usecs
[    4.980885] calling  blk_scsi_ioctl_init+0x0/0x2a5 @ 1
[    4.980885] initcall blk_scsi_ioctl_init+0x0/0x2a5 returned 0 after 102 usecs
[    4.980885] calling  acpi_event_init+0x0/0x2c @ 1
[    4.980885] initcall acpi_event_init+0x0/0x2c returned 0 after 107 usecs
[    4.980885] calling  pnp_system_init+0x0/0xc @ 1
[    4.980885] initcall pnp_system_init+0x0/0xc returned 0 after 1327 usecs
[    4.980885] calling  pnpacpi_init+0x0/0x69 @ 1
[    4.980885] pnp: PnP ACPI init
[    4.980885] pnp 00:00: Plug and Play ACPI device, IDs PNP0303 (active)
[    4.980885] pnp 00:01: Plug and Play ACPI device, IDs PNP0f13 (active)
[    4.980885] pnp 00:02: Plug and Play ACPI device, IDs PNP0400 (active)
[    4.980885] pnp 00:03: Plug and Play ACPI device, IDs PNP0501 (active)
[    4.980885] pnp 00:04: Plug and Play ACPI device, IDs PNP0b00 (active)
[    4.980885] system 00:05: [mem 0xb0000000-0xbfffffff window] has been reserved
[    4.980885] system 00:05: Plug and Play ACPI device, IDs PNP0c01 (active)
[    4.980885] pnp: PnP ACPI: found 6 devices
[    4.980885] initcall pnpacpi_init+0x0/0x69 returned 0 after 71333 usecs
[    4.980885] calling  chr_dev_init+0x0/0x14d @ 1
[    5.735966] initcall chr_dev_init+0x0/0x14d returned 0 after 80198 usecs
[    5.746836] calling  firmware_class_init+0x0/0xe7 @ 1
[    5.755563] initcall firmware_class_init+0x0/0xe7 returned 0 after 268 usecs
[    5.766789] calling  init_pcmcia_bus+0x0/0x5b @ 1
[    5.774782] initcall init_pcmcia_bus+0x0/0x5b returned 0 after 265 usecs
[    5.785522] calling  init_acpi_pm_clocksource+0x0/0xda @ 1
[    5.800161] clocksource: acpi_pm: mask: 0xffffff max_cycles: 0xffffff, max_idle_ns: 2085701024 ns
[    5.811353] initcall init_acpi_pm_clocksource+0x0/0xda returned 0 after 16513 usecs
[    5.820817] calling  sysctl_core_init+0x0/0x26 @ 1
[    5.827315] initcall sysctl_core_init+0x0/0x26 returned 0 after 312 usecs
[    5.835890] calling  eth_offload_init+0x0/0x13 @ 1
[    5.841933] initcall eth_offload_init+0x0/0x13 returned 0 after 41 usecs
[    5.850760] calling  ipv4_offload_init+0x0/0x73 @ 1
[    5.857271] initcall ipv4_offload_init+0x0/0x73 returned 0 after 142 usecs
[    5.865817] calling  inet_init+0x0/0x276 @ 1
[    5.871519] NET: Registered protocol family 2
[    5.878070] IP idents hash table entries: 8192 (order: 4, 65536 bytes, linear)
[    5.896048] tcp_listen_portaddr_hash hash table entries: 256 (order: 0, 4096 bytes, linear)
[    5.906905] TCP established hash table entries: 4096 (order: 3, 32768 bytes, linear)
[    5.916976] TCP bind hash table entries: 4096 (order: 4, 65536 bytes, linear)
[    5.926379] TCP: Hash tables configured (established 4096 bind 4096)
[    5.935130] UDP hash table entries: 256 (order: 1, 8192 bytes, linear)
[    5.943843] UDP-Lite hash table entries: 256 (order: 1, 8192 bytes, linear)
[    5.955278] initcall inet_init+0x0/0x276 returned 0 after 81969 usecs
[    5.963335] calling  af_unix_init+0x0/0x4d @ 1
[    5.968979] NET: Registered protocol family 1
[    5.974511] initcall af_unix_init+0x0/0x4d returned 0 after 5434 usecs
[    5.983295] calling  ipv6_offload_init+0x0/0x7e @ 1
[    5.989625] initcall ipv6_offload_init+0x0/0x7e returned 0 after 104 usecs
[    5.999319] calling  init_sunrpc+0x0/0x65 @ 1
[    6.013298] RPC: Registered named UNIX socket transport module.
[    6.023107] RPC: Registered udp transport module.
[    6.030202] RPC: Registered tcp transport module.
[    6.037628] RPC: Registered tcp NFSv4.1 backchannel transport module.
[    6.048017] initcall init_sunrpc+0x0/0x65 returned 0 after 40751 usecs
[    6.058232] calling  cfg80211_init+0x0/0xc5 @ 1
[    6.068305] initcall cfg80211_init+0x0/0xc5 returned 0 after 2535 usecs
[    6.079065] calling  pcibios_assign_resources+0x0/0xbf @ 1
[    6.090336] pci_bus 0000:00: resource 4 [io  0x0000-0x0cf7 window]
[    6.098039] pci_bus 0000:00: resource 5 [io  0x0d00-0xffff window]
[    6.107661] pci_bus 0000:00: resource 6 [mem 0x000a0000-0x000bffff window]
[    6.118291] pci_bus 0000:00: resource 7 [mem 0x20000000-0xafffffff window]
[    6.128480] pci_bus 0000:00: resource 8 [mem 0xc0000000-0xfebfffff window]
[    6.137125] pci_bus 0000:00: resource 9 [mem 0x100000000-0x8ffffffff window]
[    6.146847] initcall pcibios_assign_resources+0x0/0xbf returned 0 after 56900 usecs
[    6.156542] calling  pci_apply_final_quirks+0x0/0x124 @ 1
[    6.165670] pci 0000:00:01.0: calling  pci_fixup_video+0x0/0xe0 @ 1
[    6.176155] pci 0000:00:01.0: Video device with shadowed ROM at [mem 0x000c0000-0x000dffff]
[    6.187278] pci 0000:00:01.0: pci_fixup_video+0x0/0xe0 took 11483 usecs
[    6.197121] PCI: CLS 0 bytes, default 64
[    6.201978] initcall pci_apply_final_quirks+0x0/0x124 returned 0 after 35942 usecs
[    6.211373] calling  acpi_reserve_resources+0x0/0xea @ 1
[    6.218155] initcall acpi_reserve_resources+0x0/0xea returned 0 after 94 usecs
[    6.227439] calling  populate_rootfs+0x0/0x102 @ 1
[    6.235866] initcall populate_rootfs+0x0/0x102 returned 0 after 2796 usecs
[    6.235866] calling  pci_iommu_init+0x0/0x3e @ 1
[    6.235866] initcall pci_iommu_init+0x0/0x3e returned 0 after 152 usecs
[    6.235866] calling  ia32_binfmt_init+0x0/0x13 @ 1
[    6.235866] initcall ia32_binfmt_init+0x0/0x13 returned 0 after 137 usecs
[    6.235866] calling  rapl_pmu_init+0x0/0x267 @ 1
[    6.235866] initcall rapl_pmu_init+0x0/0x267 returned -19 after 47 usecs
[    6.235866] calling  amd_uncore_init+0x0/0x310 @ 1
[    6.235866] initcall amd_uncore_init+0x0/0x310 returned -19 after 0 usecs
[    6.235866] calling  amd_ibs_init+0x0/0x243 @ 1
[    6.235866] initcall amd_ibs_init+0x0/0x243 returned -19 after 0 usecs
[    6.235866] calling  amd_iommu_pc_init+0x0/0x215 @ 1
[    6.235866] initcall amd_iommu_pc_init+0x0/0x215 returned -19 after 31 usecs
[    6.235866] calling  msr_init+0x0/0x55 @ 1
[    6.235866] initcall msr_init+0x0/0x55 returned 0 after 128 usecs
[    6.235866] calling  intel_uncore_init+0x0/0x36f @ 1
[    6.235866] initcall intel_uncore_init+0x0/0x36f returned -19 after 36 usecs
[    6.235866] calling  cstate_pmu_init+0x0/0x1a1 @ 1
[    6.235866] initcall cstate_pmu_init+0x0/0x1a1 returned -19 after 0 usecs
[    6.235866] calling  register_kernel_offset_dumper+0x0/0x1a @ 1
[    6.235866] initcall register_kernel_offset_dumper+0x0/0x1a returned 0 after 26 usecs
[    6.388806] calling  i8259A_init_ops+0x0/0x20 @ 1
[    6.396106] initcall i8259A_init_ops+0x0/0x20 returned 0 after 1 usecs
[    6.405639] calling  init_tsc_clocksource+0x0/0xa4 @ 1
[    6.413815] clocksource: tsc: mask: 0xffffffffffffffff max_cycles: 0x39a85afc727, max_idle_ns: 881590685098 ns
[    6.429233] initcall init_tsc_clocksource+0x0/0xa4 returned 0 after 15053 usecs
[    6.440235] calling  add_rtc_cmos+0x0/0xb0 @ 1
[    6.445895] initcall add_rtc_cmos+0x0/0xb0 returned 0 after 22 usecs
[    6.453795] calling  i8237A_init_ops+0x0/0x3a @ 1
[    6.459919] initcall i8237A_init_ops+0x0/0x3a returned 0 after 76 usecs
[    6.468859] calling  umwait_init+0x0/0x94 @ 1
[    6.475906] initcall umwait_init+0x0/0x94 returned -19 after 26 usecs
[    6.485903] calling  thermal_throttle_init_device+0x0/0x3d @ 1
[    6.495223] initcall thermal_throttle_init_device+0x0/0x3d returned 0 after 82 usecs
[    6.505828] calling  msr_init+0x0/0xd7 @ 1
[    6.569633] initcall msr_init+0x0/0xd7 returned 0 after 56983 usecs
[    6.577849] calling  cpuid_init+0x0/0xd7 @ 1
[    6.614227] initcall cpuid_init+0x0/0xd7 returned 0 after 30354 usecs
[    6.622854] calling  ioapic_init_ops+0x0/0x13 @ 1
[    6.623233] initcall ioapic_init_ops+0x0/0x13 returned 0 after 22 usecs
[    6.623233] calling  add_pcspkr+0x0/0x6c @ 1
[    6.623233] initcall add_pcspkr+0x0/0x6c returned 0 after 81 usecs
[    6.623233] calling  start_periodic_check_for_corruption+0x0/0x30 @ 1
[    6.623233] check: Scanning for low memory corruption every 60 seconds
[    6.623233] initcall start_periodic_check_for_corruption+0x0/0x30 returned 0 after 8767 usecs
[    6.677336] calling  sysfb_init+0x0/0x9c @ 1
[    6.683144] initcall sysfb_init+0x0/0x9c returned 0 after 124 usecs
[    6.691224] calling  audit_classes_init+0x0/0xae @ 1
[    6.697828] initcall audit_classes_init+0x0/0xae returned 0 after 53 usecs
[    6.706344] calling  iosf_mbi_init+0x0/0x24 @ 1
[    6.713559] initcall iosf_mbi_init+0x0/0x24 returned 0 after 337 usecs
[    6.723784] calling  proc_execdomains_init+0x0/0x21 @ 1
[    6.731933] initcall proc_execdomains_init+0x0/0x21 returned 0 after 43 usecs
[    6.742015] calling  register_warn_debugfs+0x0/0x23 @ 1
[    6.748582] initcall register_warn_debugfs+0x0/0x23 returned 0 after 114 usecs
[    6.757395] calling  cpuhp_sysfs_init+0x0/0x79 @ 1
[    6.764101] initcall cpuhp_sysfs_init+0x0/0x79 returned 0 after 589 usecs
[    6.772533] calling  ioresources_init+0x0/0x49 @ 1
[    6.778555] initcall ioresources_init+0x0/0x49 returned 0 after 7 usecs
[    6.786851] calling  snapshot_device_init+0x0/0xc @ 1
[    6.795329] initcall snapshot_device_init+0x0/0xc returned 0 after 2060 usecs
[    6.805429] calling  irq_pm_init_ops+0x0/0x13 @ 1
[    6.812153] initcall irq_pm_init_ops+0x0/0x13 returned 0 after 23 usecs
[    6.821322] calling  rcu_torture_init+0x0/0x9a6 @ 1
[    6.828261] rcu-torture:--- Start of test: nreaders=15 nfakewriters=4 stat_interval=15 verbose=1 test_no_idle_hz=1 shuffle_interval=3 stutter=5 irqreader=1 fqs_duration=0 fqs_holdoff=0 fqs_stutter=3 test_boost=1/0 test_boost_interval=7 test_boost_duration=4 shutdown_secs=1800 stall_cpu=0 stall_cpu_holdoff=10 stall_cpu_irqsoff=0 stall_cpu_block=0 n_barrier_cbs=4 onoff_interval=1000 onoff_holdoff=30 read_exit_delay=13 read_exit_burst=16
[    6.878927] rcu:  Start-test grace-period state: g-1020 f0x0
[    6.886952] rcu-torture: Creating rcu_torture_writer task
[    6.895979] rcu-torture: Creating rcu_torture_fakewriter task
[    6.896345] rcu-torture: rcu_torture_writer task started
[    6.905175] rcu-torture: Creating rcu_torture_fakewriter task
[    6.905497] rcu-torture: rcu_torture_fakewriter task started
[    6.910708] rcu-torture: GP expediting controlled from boot/sysfs for rcu.
[    6.919559] rcu-torture: Creating rcu_torture_fakewriter task
[    6.920008] rcu-torture: rcu_torture_fakewriter task started
[    6.925795] rcu_torture_writer: Testing conditional GPs.
[    6.925796] rcu_torture_writer: Testing expedited GPs.
[    6.925797] rcu_torture_writer: Testing asynchronous GPs.
[    6.925798] rcu_torture_writer: Testing normal GPs.
[    6.983625] rcu-torture: Creating rcu_torture_fakewriter task
[    6.984304] rcu-torture: rcu_torture_fakewriter task started
[    6.995725] rcu-torture: Creating rcu_torture_reader task
[    6.995883] rcu-torture: rcu_torture_fakewriter task started
[    7.018198] rcu-torture: Creating rcu_torture_reader task
[    7.018552] rcu-torture: rcu_torture_reader task started
[    7.028537] rcu-torture: Creating rcu_torture_reader task
[    7.028564] rcu-torture: rcu_torture_reader task started
[    7.049715] rcu-torture: Creating rcu_torture_reader task
[    7.050186] rcu-torture: rcu_torture_reader task started
[    7.060651] rcu-torture: Creating rcu_torture_reader task
[    7.060912] rcu-torture: rcu_torture_reader task started
[    7.085478] rcu-torture: Creating rcu_torture_reader task
[    7.085544] rcu-torture: rcu_torture_reader task started
[    7.095253] rcu-torture: Creating rcu_torture_reader task
[    7.095417] rcu-torture: rcu_torture_reader task started
[    7.119248] rcu-torture: Creating rcu_torture_reader task
[    7.119263] rcu-torture: rcu_torture_reader task started
[    7.129976] rcu-torture: Creating rcu_torture_reader task
[    7.130129] rcu-torture: rcu_torture_reader task started
[    7.157508] rcu-torture: Creating rcu_torture_reader task
[    7.157526] rcu-torture: rcu_torture_reader task started
[    7.174279] rcu-torture: Creating rcu_torture_reader task
[    7.174299] rcu-torture: rcu_torture_reader task started
[    7.183440] rcu-torture: Creating rcu_torture_reader task
[    7.183484] rcu-torture: rcu_torture_reader task started
[    7.208422] rcu-torture: Creating rcu_torture_reader task
[    7.208439] rcu-torture: rcu_torture_reader task started
[    7.225507] rcu-torture: Creating rcu_torture_reader task
[    7.225528] rcu-torture: rcu_torture_reader task started
[    7.236096] rcu-torture: rcu_torture_reader task started
[    7.236295] rcu-torture: Creating rcu_torture_reader task
[    7.240911] rcu-torture: rcu_torture_reader task started
[    7.241097] rcu-torture: Creating rcu_torture_stats task
[    7.276039] rcu-torture: rcu_torture_stats task started
[    7.276279] rcu-torture: Creating torture_shuffle task
[    7.295641] rcu-torture: Creating torture_stutter task
[    7.295710] rcu-torture: torture_shuffle task started
[    7.304677] rcu-torture: Creating torture_shutdown task
[    7.304718] rcu-torture: torture_stutter task started
[    7.325532] rcu-torture: Creating torture_onoff task
[    7.325547] rcu-torture: torture_shutdown task started
[    7.334215] rcu-torture: torture_onoff task started
[    7.334257] rcu-torture: Creating rcu_torture_fwd_prog task
[    7.336203] rcu-torture: Creating rcu_torture_barrier_cbs task
[    7.336216] rcu-torture: rcu_torture_fwd_progress task started
[    7.337442] rcu-torture: Creating rcu_torture_barrier_cbs task
[    7.337463] rcu-torture: rcu_torture_barrier_cbs task started
[    7.339132] rcu-torture: Creating rcu_torture_barrier_cbs task
[    7.339160] rcu-torture: rcu_torture_barrier_cbs task started
[    7.340385] rcu-torture: Creating rcu_torture_barrier_cbs task
[    7.340398] rcu-torture: rcu_torture_barrier_cbs task started
[    7.340448] rcu-torture:torture_shutdown task: 1799964 ms remaining
[    7.342179] rcu-torture: Creating rcu_torture_barrier task
[    7.342197] rcu-torture: rcu_torture_barrier_cbs task started
[    7.347767] rcu-torture: torture_onoff begin holdoff
[    7.357650] rcu-torture: Creating rcu_torture_read_exit task
[    7.357676] rcu-torture: rcu_torture_barrier task starting
[    7.466245] initcall rcu_torture_init+0x0/0x9a6 returned 0 after 623099 usecs
[    7.466247] rcu-torture: rcu_torture_read_exit: Start of test
[    7.484564] calling  timekeeping_init_ops+0x0/0x13 @ 1
[    7.491885] initcall timekeeping_init_ops+0x0/0x13 returned 0 after 49 usecs
[    7.501202] calling  init_clocksource_sysfs+0x0/0x23 @ 1
[    7.509040] initcall init_clocksource_sysfs+0x0/0x23 returned 0 after 526 usecs
[    7.518846] calling  init_timer_list_procfs+0x0/0x31 @ 1
[    7.526331] initcall init_timer_list_procfs+0x0/0x31 returned 0 after 5 usecs
[    7.536271] calling  alarmtimer_init+0x0/0xc7 @ 1
[    7.543360] initcall alarmtimer_init+0x0/0xc7 returned 0 after 138 usecs
[    7.552871] calling  init_posix_timers+0x0/0x29 @ 1
[    7.559568] initcall init_posix_timers+0x0/0x29 returned 0 after 6 usecs
[    7.570028] calling  clockevents_init_sysfs+0x0/0xbf @ 1
[    7.577931] initcall clockevents_init_sysfs+0x0/0xbf returned 0 after 597 usecs
[    7.587975] calling  proc_dma_init+0x0/0x21 @ 1
[    7.594320] initcall proc_dma_init+0x0/0x21 returned 0 after 24 usecs
[    7.603426] calling  proc_modules_init+0x0/0x1e @ 1
[    7.610212] initcall proc_modules_init+0x0/0x1e returned 0 after 4 usecs
[    7.619510] calling  kallsyms_init+0x0/0x21 @ 1
[    7.625531] initcall kallsyms_init+0x0/0x21 returned 0 after 3 usecs
[    7.634022] calling  pid_namespaces_init+0x0/0x2c @ 1
[    7.640955] initcall pid_namespaces_init+0x0/0x2c returned 0 after 133 usecs
[    7.650338] calling  audit_watch_init+0x0/0x37 @ 1
[    7.656858] initcall audit_watch_init+0x0/0x37 returned 0 after 22 usecs
[    7.665964] calling  audit_fsnotify_init+0x0/0x37 @ 1
[    7.672916] initcall audit_fsnotify_init+0x0/0x37 returned 0 after 1 usecs
[    7.682187] calling  audit_tree_init+0x0/0x6d @ 1
[    7.688655] initcall audit_tree_init+0x0/0x6d returned 0 after 6 usecs
[    7.696904] calling  seccomp_sysctl_init+0x0/0x2b @ 1
[    7.703554] initcall seccomp_sysctl_init+0x0/0x2b returned 0 after 31 usecs
[    7.712574] calling  utsname_sysctl_init+0x0/0x13 @ 1
[    7.719819] initcall utsname_sysctl_init+0x0/0x13 returned 0 after 10 usecs
[    7.729882] calling  init_tracepoints+0x0/0x27 @ 1
[    7.737181] initcall init_tracepoints+0x0/0x27 returned 0 after 78 usecs
[    7.747005] calling  init_blk_tracer+0x0/0x50 @ 1
[    7.755258] initcall init_blk_tracer+0x0/0x50 returned 0 after 979 usecs
[    7.764899] calling  perf_event_sysfs_init+0x0/0x81 @ 1
[    7.775645] initcall perf_event_sysfs_init+0x0/0x81 returned 0 after 1098 usecs
[    7.786443] calling  system_trusted_keyring_init+0x0/0x60 @ 1
[    7.795155] Initialise system trusted keyrings
[    7.801825] initcall system_trusted_keyring_init+0x0/0x60 returned 0 after 6482 usecs
[    7.813045] calling  kswapd_init+0x0/0x5c @ 1
[    7.823527] initcall kswapd_init+0x0/0x5c returned 0 after 3874 usecs
[    7.834348] calling  extfrag_debug_init+0x0/0x54 @ 1
[    7.834982] initcall extfrag_debug_init+0x0/0x54 returned 0 after 15 usecs
[    7.834982] calling  mm_compute_batch_init+0x0/0x12 @ 1
[    7.834982] initcall mm_compute_batch_init+0x0/0x12 returned 0 after 1 usecs
[    7.834982] calling  slab_proc_init+0x0/0x21 @ 1
[    7.834982] initcall slab_proc_init+0x0/0x21 returned 0 after 75 usecs
[    7.834982] calling  workingset_init+0x0/0x8c @ 1
[    7.834982] workingset: timestamp_bits=56 max_order=17 bucket_order=0
[    7.834982] initcall workingset_init+0x0/0x8c returned 0 after 8776 usecs
[    7.834982] calling  proc_vmalloc_init+0x0/0x32 @ 1
[    7.834982] initcall proc_vmalloc_init+0x0/0x32 returned 0 after 5 usecs
[    7.834982] calling  procswaps_init+0x0/0x1e @ 1
[    7.834982] initcall procswaps_init+0x0/0x1e returned 0 after 73 usecs
[    7.942362] calling  slab_sysfs_init+0x0/0xea @ 1
[    7.959366] initcall slab_sysfs_init+0x0/0xea returned 0 after 9978 usecs
[    7.969252] calling  fcntl_init+0x0/0x29 @ 1
[    7.975337] initcall fcntl_init+0x0/0x29 returned 0 after 11 usecs
[    7.984127] calling  proc_filesystems_init+0x0/0x21 @ 1
[    7.991876] initcall proc_filesystems_init+0x0/0x21 returned 0 after 75 usecs
[    8.002341] calling  start_dirtytime_writeback+0x0/0x29 @ 1
[    8.010600] initcall start_dirtytime_writeback+0x0/0x29 returned 0 after 3 usecs
[    8.022500] calling  blkdev_init+0x0/0x1b @ 1
[    8.030311] initcall blkdev_init+0x0/0x1b returned 0 after 214 usecs
[    8.040859] calling  dio_init+0x0/0x2c @ 1
[    8.047700] initcall dio_init+0x0/0x2c returned 0 after 65 usecs
[    8.055809] calling  dnotify_init+0x0/0x78 @ 1
[    8.061811] initcall dnotify_init+0x0/0x78 returned 0 after 13 usecs
[    8.070380] calling  aio_setup+0x0/0x78 @ 1
[    8.076568] initcall aio_setup+0x0/0x78 returned 0 after 275 usecs
[    8.084929] calling  io_uring_init+0x0/0x2c @ 1
[    8.091172] initcall io_uring_init+0x0/0x2c returned 0 after 8 usecs
[    8.099179] calling  mbcache_init+0x0/0x30 @ 1
[    8.105088] initcall mbcache_init+0x0/0x30 returned 0 after 70 usecs
[    8.113093] calling  init_grace+0x0/0xc @ 1
[    8.118391] initcall init_grace+0x0/0xc returned 0 after 3 usecs
[    8.125955] calling  init_v2_quota_format+0x0/0x21 @ 1
[    8.132662] initcall init_v2_quota_format+0x0/0x21 returned 0 after 74 usecs
[    8.142225] calling  init_devpts_fs+0x0/0x27 @ 1
[    8.148428] initcall init_devpts_fs+0x0/0x27 returned 0 after 31 usecs
[    8.157090] calling  ext4_init_fs+0x0/0x1d0 @ 1
[    8.164021] initcall ext4_init_fs+0x0/0x1d0 returned 0 after 906 usecs
[    8.172668] calling  journal_init+0x0/0x11c @ 1
[    8.178963] initcall journal_init+0x0/0x11c returned 0 after 246 usecs
[    8.187918] calling  init_fat_fs+0x0/0x49 @ 1
[    8.193770] initcall init_fat_fs+0x0/0x49 returned 0 after 99 usecs
[    8.202563] calling  init_vfat_fs+0x0/0xc @ 1
[    8.208747] initcall init_vfat_fs+0x0/0xc returned 0 after 4 usecs
[    8.217234] calling  init_msdos_fs+0x0/0xc @ 1
[    8.223280] initcall init_msdos_fs+0x0/0xc returned 0 after 3 usecs
[    8.231865] calling  init_iso9660_fs+0x0/0x6c @ 1
[    8.238990] initcall init_iso9660_fs+0x0/0x6c returned 0 after 144 usecs
[    8.250197] calling  init_nfs_fs+0x0/0x13a @ 1
[    8.261970] initcall init_nfs_fs+0x0/0x13a returned 0 after 5308 usecs
[    8.261970] calling  init_nfs_v2+0x0/0x13 @ 1
[    8.261970] initcall init_nfs_v2+0x0/0x13 returned 0 after 90 usecs
[    8.261970] calling  init_nfs_v3+0x0/0x13 @ 1
[    8.261970] initcall init_nfs_v3+0x0/0x13 returned 0 after 51 usecs
[    8.261970] calling  init_nfs_v4+0x0/0x32 @ 1
[    8.261970] NFS: Registering the id_resolver key type
[    8.261970] Key type id_resolver registered
[    8.261970] Key type id_legacy registered
[    8.261970] initcall init_nfs_v4+0x0/0x32 returned 0 after 21107 usecs
[    8.261970] calling  init_nlm+0x0/0x5b @ 1
[    8.261970] initcall init_nlm+0x0/0x5b returned 0 after 170 usecs
[    8.261970] calling  init_nls_cp437+0x0/0xe @ 1
[    8.261970] initcall init_nls_cp437+0x0/0xe returned 0 after 76 usecs
[    8.261970] calling  init_nls_ascii+0x0/0xe @ 1
[    8.261970] initcall init_nls_ascii+0x0/0xe returned 0 after 1 usecs
[    8.261970] calling  init_nls_iso8859_1+0x0/0xe @ 1
[    8.261970] initcall init_nls_iso8859_1+0x0/0xe returned 0 after 1 usecs
[    8.261970] calling  init_nls_utf8+0x0/0x21 @ 1
[    8.261970] initcall init_nls_utf8+0x0/0x21 returned 0 after 1 usecs
[    8.261970] calling  init_autofs_fs+0x0/0x25 @ 1
[    8.439400] initcall init_autofs_fs+0x0/0x25 returned 0 after 2846 usecs
[    8.451126] calling  ipc_init+0x0/0x24 @ 1
[    8.451515] initcall ipc_init+0x0/0x24 returned 0 after 102 usecs
[    8.451515] calling  ipc_sysctl_init+0x0/0x13 @ 1
[    8.451515] initcall ipc_sysctl_init+0x0/0x13 returned 0 after 35 usecs
[    8.451515] calling  init_mqueue_fs+0x0/0x9a @ 1
[    8.451515] initcall init_mqueue_fs+0x0/0x9a returned 0 after 232 usecs
[    8.451515] calling  key_proc_init+0x0/0x63 @ 1
[    8.451515] initcall key_proc_init+0x0/0x63 returned 0 after 6 usecs
[    8.451515] calling  selinux_nf_ip_init+0x0/0x2e @ 1
[    8.451515] initcall selinux_nf_ip_init+0x0/0x2e returned 0 after 73 usecs
[    8.451515] calling  init_sel_fs+0x0/0x116 @ 1
[    8.451515] initcall init_sel_fs+0x0/0x116 returned 0 after 0 usecs
[    8.553544] calling  selnl_init+0x0/0x7c @ 1
[    8.560892] initcall selnl_init+0x0/0x7c returned 0 after 117 usecs
[    8.585860] calling  sel_netif_init+0x0/0x36 @ 1
[    8.597415] initcall sel_netif_init+0x0/0x36 returned 0 after 132 usecs
[    8.608146] calling  sel_netnode_init+0x0/0x33 @ 1
[    8.616041] initcall sel_netnode_init+0x0/0x33 returned 0 after 0 usecs
[    8.627473] calling  sel_netport_init+0x0/0x33 @ 1
[    8.635815] initcall sel_netport_init+0x0/0x33 returned 0 after 0 usecs
[    8.646775] calling  aurule_init+0x0/0x2a @ 1
[    8.654412] initcall aurule_init+0x0/0x2a returned 0 after 269 usecs
[    8.665529] calling  crypto_algapi_init+0x0/0xc @ 1
[    8.675198] initcall crypto_algapi_init+0x0/0xc returned 0 after 1513 usecs
[    8.686528] calling  jent_mod_init+0x0/0x2d @ 1
[    8.719435] initcall jent_mod_init+0x0/0x2d returned 0 after 24431 usecs
[    8.719995] calling  asymmetric_key_init+0x0/0xc @ 1
[    8.719995] Key type asymmetric registered
[    8.719995] initcall asymmetric_key_init+0x0/0xc returned 0 after 7487 usecs
[    8.719995] calling  x509_key_init+0x0/0xc @ 1
[    8.719995] Asymmetric key parser 'x509' registered
[    8.719995] initcall x509_key_init+0x0/0xc returned 0 after 8034 usecs
[    8.719995] calling  proc_genhd_init+0x0/0x41 @ 1
[    8.719995] initcall proc_genhd_init+0x0/0x41 returned 0 after 425 usecs
[    8.719995] calling  bsg_init+0x0/0x113 @ 1
[    8.719995] Block layer SCSI generic (bsg) driver version 0.4 loaded (major 251)
[    8.719995] initcall bsg_init+0x0/0x113 returned 0 after 13537 usecs
[    8.719995] calling  deadline_init+0x0/0xc @ 1
[    8.719995] io scheduler mq-deadline registered
[    8.719995] initcall deadline_init+0x0/0xc returned 0 after 7353 usecs
[    8.719995] calling  kyber_init+0x0/0xc @ 1
[    8.719995] io scheduler kyber registered
[    8.719995] initcall kyber_init+0x0/0xc returned 0 after 6319 usecs
[    8.719995] calling  mod_init+0x0/0x7 @ 1
[    8.719995] initcall mod_init+0x0/0x7 returned 0 after 0 usecs
[    8.719995] calling  percpu_counter_startup+0x0/0x55 @ 1
[    8.937293] initcall percpu_counter_startup+0x0/0x55 returned 0 after 32747 usecs
[    8.950338] calling  sg_pool_init+0x0/0xb4 @ 1
[    8.950942] initcall sg_pool_init+0x0/0xb4 returned 0 after 1887 usecs
[    8.950942] calling  pcie_portdrv_init+0x0/0x39 @ 1
[    8.950942] initcall pcie_portdrv_init+0x0/0x39 returned 0 after 3259 usecs
[    8.950942] calling  pci_proc_init+0x0/0x68 @ 1
[    8.950942] initcall pci_proc_init+0x0/0x68 returned 0 after 207 usecs
[    8.950942] calling  pci_hotplug_init+0x0/0x7 @ 1
[    8.950942] initcall pci_hotplug_init+0x0/0x7 returned 0 after 0 usecs
[    8.950942] calling  efifb_driver_init+0x0/0xe @ 1
[    8.950942] initcall efifb_driver_init+0x0/0xe returned 0 after 1150 usecs
[    8.950942] calling  ged_driver_init+0x0/0xe @ 1
[    8.950942] initcall ged_driver_init+0x0/0xe returned 0 after 974 usecs
[    8.950942] calling  acpi_ac_init+0x0/0x92 @ 1
[    9.078684] initcall acpi_ac_init+0x0/0x92 returned 0 after 3106 usecs
[    9.078684] calling  acpi_button_driver_init+0x0/0x52 @ 1
[    9.078684] input: Power Button as /devices/LNXSYSTM:00/LNXPWRBN:00/input/input0
[    9.121388] ACPI: Power Button [PWRF]
[    9.129055] initcall acpi_button_driver_init+0x0/0x52 returned 0 after 30700 usecs
[    9.129055] calling  acpi_fan_driver_init+0x0/0xe @ 1
[    9.129055] initcall acpi_fan_driver_init+0x0/0xe returned 0 after 16 usecs
[    9.129055] calling  acpi_video_init+0x0/0xcb @ 1
[    9.129055] initcall acpi_video_init+0x0/0xcb returned 0 after 90 usecs
[    9.129055] calling  acpi_processor_driver_init+0x0/0xad @ 1
[    9.129055] initcall acpi_processor_driver_init+0x0/0xad returned 0 after 5748 usecs
[    9.129055] calling  acpi_thermal_init+0x0/0x71 @ 1
[    9.217604] initcall acpi_thermal_init+0x0/0x71 returned 0 after 4099 usecs
[    9.229091] calling  acpi_battery_init+0x0/0x32 @ 1
[    9.237532] initcall acpi_battery_init+0x0/0x32 returned 0 after 281 usecs
[    9.237532] calling  bgrt_init+0x0/0xb6 @ 1
[    9.237532] initcall bgrt_init+0x0/0xb6 returned -19 after 1 usecs
[    9.237532] calling  gpio_clk_driver_init+0x0/0xe @ 1
[    9.237532] initcall gpio_clk_driver_init+0x0/0xe returned 0 after 305 usecs
[    9.237532] calling  plt_clk_driver_init+0x0/0xe @ 1
[    9.237532] initcall plt_clk_driver_init+0x0/0xe returned 0 after 18 usecs
[    9.237532] calling  virtio_pci_driver_init+0x0/0x15 @ 1
[    9.237532] initcall virtio_pci_driver_init+0x0/0x15 returned 0 after 167 usecs
[    9.237532] calling  n_null_init+0x0/0x1e @ 1
[    9.237532] initcall n_null_init+0x0/0x1e returned 0 after 75 usecs
[    9.237532] calling  pty_init+0x0/0x1e8 @ 1
[    9.362697] initcall pty_init+0x0/0x1e8 returned 0 after 8659 usecs
[    9.374376] calling  sysrq_init+0x0/0x62 @ 1
[    9.381641] initcall sysrq_init+0x0/0x62 returned 0 after 156 usecs
[    9.391713] calling  serial8250_init+0x0/0x17e @ 1
[    9.399917] Serial: 8250/16550 driver, 4 ports, IRQ sharing enabled
[    9.414584] 00:03: ttyS0 at I/O 0x3f8 (irq = 4, base_baud = 115200) is a 16550A
[    9.442006] initcall serial8250_init+0x0/0x17e returned 0 after 41273 usecs
[    9.454423] calling  serial_pci_driver_init+0x0/0x15 @ 1
[    9.463255] initcall serial_pci_driver_init+0x0/0x15 returned 0 after 263 usecs
[    9.477498] calling  exar_pci_driver_init+0x0/0x15 @ 1
[    9.486738] initcall exar_pci_driver_init+0x0/0x15 returned 0 after 31 usecs
[    9.498843] calling  lpss8250_pci_driver_init+0x0/0x15 @ 1
[    9.508448] initcall lpss8250_pci_driver_init+0x0/0x15 returned 0 after 152 usecs
[    9.520408] calling  mid8250_pci_driver_init+0x0/0x15 @ 1
[    9.529188] initcall mid8250_pci_driver_init+0x0/0x15 returned 0 after 26 usecs
[    9.539387] calling  virtio_console_init+0x0/0xff @ 1
[    9.548939] initcall virtio_console_init+0x0/0xff returned 0 after 1607 usecs
[    9.560523] calling  hpet_init+0x0/0x64 @ 1
[    9.579289] initcall hpet_init+0x0/0x64 returned 0 after 11464 usecs
[    9.590235] calling  nvram_module_init+0x0/0x83 @ 1
[    9.601388] Non-volatile memory driver v1.3
[    9.602025] initcall nvram_module_init+0x0/0x83 returned 0 after 9701 usecs
[    9.602025] calling  hwrng_modinit+0x0/0x8a @ 1
[    9.631161] initcall hwrng_modinit+0x0/0x8a returned 0 after 2268 usecs
[    9.631784] calling  mod_init+0x0/0x48 @ 1
[    9.631784] initcall mod_init+0x0/0x48 returned -19 after 1 usecs
[    9.631784] calling  agp_init+0x0/0x23 @ 1
[    9.631784] Linux agpgart interface v0.103
[    9.631784] initcall agp_init+0x0/0x23 returned 0 after 6127 usecs
[    9.631784] calling  agp_amd64_mod_init+0x0/0x5 @ 1
[    9.631784] initcall agp_amd64_mod_init+0x0/0x5 returned -19 after 149 usecs
[    9.631784] calling  agp_intel_init+0x0/0x28 @ 1
[    9.631784] initcall agp_intel_init+0x0/0x28 returned 0 after 1336 usecs
[    9.631784] calling  drm_kms_helper_init+0x0/0x7 @ 1
[    9.631784] initcall drm_kms_helper_init+0x0/0x7 returned 0 after 72 usecs
[    9.631784] calling  drm_core_init+0x0/0xa4 @ 1
[    9.631784] initcall drm_core_init+0x0/0xa4 returned 0 after 990 usecs
[    9.631784] calling  i915_init+0x0/0x6b @ 1
[    9.631784] initcall i915_init+0x0/0x6b returned 0 after 3765 usecs
[    9.631784] calling  cn_proc_init+0x0/0x35 @ 1
[    9.631784] initcall cn_proc_init+0x0/0x35 returned 0 after 2 usecs
[    9.631784] calling  topology_sysfs_init+0x0/0x27 @ 1
[    9.631784] initcall topology_sysfs_init+0x0/0x27 returned 0 after 884 usecs
[    9.631784] calling  cacheinfo_sysfs_init+0x0/0x27 @ 1
[    9.886318] initcall cacheinfo_sysfs_init+0x0/0x27 returned 0 after 62628 usecs
[    9.886872] calling  loop_init+0x0/0x168 @ 1
[   10.119889] loop: module loaded
[   10.119889] initcall loop_init+0x0/0x168 returned 0 after 219423 usecs
[   10.119889] calling  mac_hid_init+0x0/0x21 @ 1
[   10.119889] initcall mac_hid_init+0x0/0x21 returned 0 after 224 usecs
[   10.119889] calling  spi_transport_init+0x0/0x74 @ 1
[   10.119889] initcall spi_transport_init+0x0/0x74 returned 0 after 407 usecs
[   10.119889] calling  init_sd+0x0/0x18c @ 1
[   10.119889] initcall init_sd+0x0/0x18c returned 0 after 1107 usecs
[   10.119889] calling  init_sr+0x0/0x43 @ 1
[   10.119889] initcall init_sr+0x0/0x43 returned 0 after 175 usecs
[   10.119889] calling  init_sg+0x0/0x1c0 @ 1
[   10.119889] initcall init_sg+0x0/0x1c0 returned 0 after 210 usecs
[   10.119889] calling  ahci_pci_driver_init+0x0/0x15 @ 1
[   10.119889] ahci 0000:00:1f.2: version 3.0
[   10.119889] PCI Interrupt Link [GSIA] enabled at IRQ 16
[   10.119889] ahci 0000:00:1f.2: AHCI 0001.0000 32 slots 6 ports 1.5 Gbps 0x3f impl SATA mode
[   10.119889] ahci 0000:00:1f.2: flags: 64bit ncq only 
[   10.345037] scsi host0: ahci
[   10.360207] scsi host1: ahci
[   10.380575] scsi host2: ahci
[   10.556272] scsi host3: ahci
[   10.795557] scsi host4: ahci
[   10.815246] scsi host5: ahci
[   10.821528] ata1: SATA max UDMA/133 abar m4096@0xfebf1000 port 0xfebf1100 irq 24
[   10.834456] ata2: SATA max UDMA/133 abar m4096@0xfebf1000 port 0xfebf1180 irq 24
[   10.847448] ata3: SATA max UDMA/133 abar m4096@0xfebf1000 port 0xfebf1200 irq 24
[   10.859902] ata4: SATA max UDMA/133 abar m4096@0xfebf1000 port 0xfebf1280 irq 24
[   10.875601] ata5: SATA max UDMA/133 abar m4096@0xfebf1000 port 0xfebf1300 irq 24
[   10.888846] ata6: SATA max UDMA/133 abar m4096@0xfebf1000 port 0xfebf1380 irq 24
[   10.902498] initcall ahci_pci_driver_init+0x0/0x15 returned 0 after 649313 usecs
[   10.916298] calling  piix_init+0x0/0x26 @ 1
[   10.925275] initcall piix_init+0x0/0x26 returned 0 after 206 usecs
[   10.936606] calling  amd_pci_driver_init+0x0/0x15 @ 1
[   10.973682] initcall amd_pci_driver_init+0x0/0x15 returned 0 after 7028 usecs
[   10.985251] calling  oldpiix_pci_driver_init+0x0/0x15 @ 1
[   10.994118] initcall oldpiix_pci_driver_init+0x0/0x15 returned 0 after 108 usecs
[   11.007017] calling  sch_pci_driver_init+0x0/0x15 @ 1
[   11.015162] initcall sch_pci_driver_init+0x0/0x15 returned 0 after 24 usecs
[   11.026920] calling  net_olddevs_init+0x0/0x55 @ 1
[   11.036581] initcall net_olddevs_init+0x0/0x55 returned 0 after 1073 usecs
[   11.048576] calling  blackhole_netdev_init+0x0/0x78 @ 1
[   11.062889] initcall blackhole_netdev_init+0x0/0x78 returned 0 after 5403 usecs
[   11.074095] calling  phy_module_init+0x0/0x13 @ 1
[   11.085146] initcall phy_module_init+0x0/0x13 returned 0 after 2646 usecs
[   11.094608] calling  tg3_driver_init+0x0/0x15 @ 1
[   11.102037] initcall tg3_driver_init+0x0/0x15 returned 0 after 645 usecs
[   11.112477] calling  e100_init_module+0x0/0x4c @ 1
[   11.120305] e100: Intel(R) PRO/100 Network Driver
[   11.128233] e100: Copyright(c) 1999-2006 Intel Corporation
[   11.137046] initcall e100_init_module+0x0/0x4c returned 0 after 16385 usecs
[   11.150746] calling  e1000_init_module+0x0/0x72 @ 1
[   11.162212] e1000: Intel(R) PRO/1000 Network Driver
[   11.169290] e1000: Copyright (c) 1999-2006 Intel Corporation.
[   11.178529] initcall e1000_init_module+0x0/0x72 returned 0 after 15931 usecs
[   11.192113] calling  e1000_init_module+0x0/0x2d @ 1
[   11.202573] e1000e: Intel(R) PRO/1000 Network Driver
[   11.210423] e1000e: Copyright(c) 1999 - 2015 Intel Corporation.
[   11.220161] initcall e1000_init_module+0x0/0x2d returned 0 after 17225 usecs
[   11.236074] ata1: SATA link down (SStatus 0 SControl 300)
[   11.244068] calling  sky2_init_module+0x0/0x21 @ 1
[   11.244069] sky2: driver version 1.30
[   11.244152] initcall sky2_init_module+0x0/0x21 returned 0 after 79 usecs
[   11.244154] calling  forcedeth_pci_driver_init+0x0/0x15 @ 1
[   11.244165] initcall forcedeth_pci_driver_init+0x0/0x15 returned 0 after 8 usecs
[   11.244167] calling  rtl8139_init_module+0x0/0x15 @ 1
[   11.244278] initcall rtl8139_init_module+0x0/0x15 returned 0 after 106 usecs
[   11.244279] calling  rtl8169_pci_driver_init+0x0/0x15 @ 1
[   11.244441] initcall rtl8169_pci_driver_init+0x0/0x15 returned 0 after 155 usecs
[   11.244442] calling  cdrom_init+0x0/0xc @ 1
[   11.245235] initcall cdrom_init+0x0/0xc returned 0 after 771 usecs
[   11.258700] ata5: SATA link down (SStatus 0 SControl 300)
[   11.267044] calling  nonstatic_sysfs_init+0x0/0xc @ 1
[   11.275937] ata2: SATA link down (SStatus 0 SControl 300)
[   11.282499] initcall nonstatic_sysfs_init+0x0/0xc returned 0 after 67 usecs
[   11.295563] ata6: SATA link down (SStatus 0 SControl 300)
[   11.301703] calling  yenta_cardbus_driver_init+0x0/0x15 @ 1
[   11.332559] ata3: SATA link up 1.5 Gbps (SStatus 113 SControl 300)
[   11.368255] initcall yenta_cardbus_driver_init+0x0/0x15 returned 0 after 117 usecs
[   11.419884] ata3.00: ATAPI: QEMU DVD-ROM, 2.5+, max UDMA/100
[   11.448981] calling  mon_init+0x0/0x12d @ 1
[   11.457291] ata3.00: applying bridge limits
[   11.459471] ata4: SATA link down (SStatus 0 SControl 300)
[   11.499634] initcall mon_init+0x0/0x12d returned 0 after 16995 usecs
[   11.515848] ata3.00: configured for UDMA/100
[   11.532293] calling  ehci_hcd_init+0x0/0x56 @ 1
[   11.532378] ehci_hcd: USB 2.0 'Enhanced' Host Controller (EHCI) Driver
[   11.532380] initcall ehci_hcd_init+0x0/0x56 returned 0 after 82 usecs
[   11.532382] calling  ehci_pci_init+0x0/0x64 @ 1
[   11.532383] ehci-pci: EHCI PCI platform driver
[   11.532430] initcall ehci_pci_init+0x0/0x64 returned 0 after 45 usecs
[   11.532432] calling  ohci_hcd_mod_init+0x0/0x4e @ 1
[   11.532433] ohci_hcd: USB 1.1 'Open' Host Controller (OHCI) Driver
[   11.532441] initcall ohci_hcd_mod_init+0x0/0x4e returned 0 after 7 usecs
[   11.532442] calling  ohci_pci_init+0x0/0x64 @ 1
[   11.532455] ohci-pci: OHCI PCI platform driver
[   11.532501] initcall ohci_pci_init+0x0/0x64 returned 0 after 55 usecs
[   11.532502] calling  uhci_hcd_init+0x0/0xa8 @ 1
[   11.532503] uhci_hcd: USB Universal Host Controller Interface driver
[   11.532999] initcall uhci_hcd_init+0x0/0xa8 returned 0 after 482 usecs
[   11.533001] calling  xhci_hcd_init+0x0/0x1e @ 1
[   11.533040] initcall xhci_hcd_init+0x0/0x1e returned 0 after 35 usecs
[   11.533112] calling  xhci_pci_init+0x0/0x49 @ 1
[   11.533238] initcall xhci_pci_init+0x0/0x49 returned 0 after 120 usecs
[   11.533239] calling  usblp_driver_init+0x0/0x15 @ 1
[   11.533398] usbcore: registered new interface driver usblp
[   11.533401] initcall usblp_driver_init+0x0/0x15 returned 0 after 155 usecs
[   11.533403] calling  usb_storage_driver_init+0x0/0x2a @ 1
[   11.533452] usbcore: registered new interface driver usb-storage
[   11.533454] initcall usb_storage_driver_init+0x0/0x2a returned 0 after 48 usecs
[   11.533456] calling  i8042_init+0x0/0x4c2 @ 1
[   11.534242] i8042: PNP: PS/2 Controller [PNP0303:KBD,PNP0f13:MOU] at 0x60,0x64 irq 1,12
[   11.557322] serio: i8042 KBD port at 0x60,0x64 irq 1
[   11.640414] scsi 2:0:0:0: CD-ROM            QEMU     QEMU DVD-ROM     2.5+ PQ: 0 ANSI: 5
[   11.653676] serio: i8042 AUX port at 0x60,0x64 irq 12
[   12.026230] initcall i8042_init+0x0/0x4c2 returned 0 after 481216 usecs
[   12.035768] calling  serport_init+0x0/0x2c @ 1
[   12.042531] initcall serport_init+0x0/0x2c returned 0 after 116 usecs
[   12.053639] calling  input_leds_init+0x0/0xc @ 1
[   12.060413] initcall input_leds_init+0x0/0xc returned 0 after 119 usecs
[   12.070556] calling  evdev_init+0x0/0xc @ 1
[   12.077630] initcall evdev_init+0x0/0xc returned 0 after 859 usecs
[   12.087435] calling  atkbd_init+0x0/0x21 @ 1
[   12.099447] initcall atkbd_init+0x0/0x21 returned 0 after 117 usecs
[   12.109794] calling  psmouse_init+0x0/0x7f @ 1
[   12.116703] initcall psmouse_init+0x0/0x7f returned 0 after 230 usecs
[   12.130748] calling  cmos_init+0x0/0x73 @ 1
[   12.138521] rtc_cmos 00:04: RTC can wake from S4
[   12.158517] rtc_cmos 00:04: registered as rtc0
[   12.165686] rtc_cmos 00:04: alarms up to one day, y3k, 242 bytes nvram, hpet irqs
[   12.177180] initcall cmos_init+0x0/0x73 returned 0 after 38853 usecs
[   12.164764] hpet: Lost 1 RTC interrupts
[   12.193473] calling  smbalert_driver_init+0x0/0xe @ 1
[   12.208088] initcall smbalert_driver_init+0x0/0xe returned 0 after 61 usecs
[   12.219099] calling  i2c_i801_init+0x0/0xc5 @ 1
[   12.231715] i801_smbus 0000:00:1f.3: SMBus using PCI interrupt
[   12.243128] i2c i2c-0: 1/1 memory slots populated (from DMI)
[   12.257113] i2c i2c-0: Memory type 0x07 not supported yet, not instantiating SPD
[   12.269932] initcall i2c_i801_init+0x0/0xc5 returned 0 after 42574 usecs
[   12.279106] calling  ptp_kvm_init+0x0/0xf0 @ 1
[   12.292982] sr 2:0:0:0: [sr0] scsi3-mmc drive: 4x/4x cd/rw xa/form2 tray
[   12.299438] initcall ptp_kvm_init+0x0/0xf0 returned 0 after 6724 usecs
[   12.304119] cdrom: Uniform CD-ROM driver Revision: 3.20
[   12.348298] calling  dm_init+0x0/0x3c @ 1
[   12.352979] rcu_torture_rea (218) used greatest stack depth: 15480 bytes left
[   12.388869] rcu_torture_rea (220) used greatest stack depth: 15184 bytes left
[   12.407080] device-mapper: ioctl: 4.43.0-ioctl (2020-10-01) initialised: dm-devel@redhat.com
[   12.450067] initcall dm_init+0x0/0x3c returned 0 after 43563 usecs
[   12.496775] calling  dm_mirror_init+0x0/0x29 @ 1
[   12.520317] initcall dm_mirror_init+0x0/0x29 returned 0 after 15 usecs
[   12.547048] calling  dm_dirty_log_init+0x0/0x4f @ 1
[   12.554841] initcall dm_dirty_log_init+0x0/0x4f returned 0 after 157 usecs
[   12.565816] calling  dm_zero_init+0x0/0x29 @ 1
[   12.573020] initcall dm_zero_init+0x0/0x29 returned 0 after 1 usecs
[   12.582939] calling  intel_pstate_init+0x0/0x50d @ 1
[   12.590979] rcu-torture: rcu_torture_read_exit: End of episode
[   12.600571] intel_pstate: CPU model not supported
[   12.607829] initcall intel_pstate_init+0x0/0x50d returned -19 after 7449 usecs
[   12.618999] calling  haltpoll_init+0x0/0xc0 @ 1
[   12.626278] initcall haltpoll_init+0x0/0xc0 returned -19 after 104 usecs
[   12.636977] calling  efivars_sysfs_init+0x0/0x30 @ 1
[   12.644990] initcall efivars_sysfs_init+0x0/0x30 returned 0 after 51 usecs
[   12.655540] calling  esrt_sysfs_init+0x0/0x2a2 @ 1
[   12.663146] initcall esrt_sysfs_init+0x0/0x2a2 returned -38 after 398 usecs
[   12.672921] calling  hid_init+0x0/0x5c @ 1
[   12.679091] hid: raw HID events driver (C) Jiri Kosina
[   12.686865] initcall hid_init+0x0/0x5c returned 0 after 7705 usecs
[   12.696606] calling  hid_generic_init+0x0/0x15 @ 1
[   12.704054] initcall hid_generic_init+0x0/0x15 returned 0 after 90 usecs
[   12.714309] calling  a4_driver_init+0x0/0x15 @ 1
[   12.721379] initcall a4_driver_init+0x0/0x15 returned 0 after 22 usecs
[   12.731951] calling  apple_driver_init+0x0/0x15 @ 1
[   12.739598] initcall apple_driver_init+0x0/0x15 returned 0 after 75 usecs
[   12.749988] calling  belkin_driver_init+0x0/0x15 @ 1
[   12.758172] initcall belkin_driver_init+0x0/0x15 returned 0 after 18 usecs
[   12.767511] calling  ch_driver_init+0x0/0x15 @ 1
[   12.773791] initcall ch_driver_init+0x0/0x15 returned 0 after 18 usecs
[   12.783449] calling  ch_driver_init+0x0/0x15 @ 1
[   12.790243] initcall ch_driver_init+0x0/0x15 returned 0 after 17 usecs
[   12.800051] calling  cp_driver_init+0x0/0x15 @ 1
[   12.806994] initcall cp_driver_init+0x0/0x15 returned 0 after 39 usecs
[   12.816583] calling  ez_driver_init+0x0/0x15 @ 1
[   12.823702] initcall ez_driver_init+0x0/0x15 returned 0 after 19 usecs
[   12.832968] calling  gyration_driver_init+0x0/0x15 @ 1
[   12.840431] initcall gyration_driver_init+0x0/0x15 returned 0 after 19 usecs
[   12.850721] calling  ite_driver_init+0x0/0x15 @ 1
[   12.857745] initcall ite_driver_init+0x0/0x15 returned 0 after 45 usecs
[   12.867298] calling  ks_driver_init+0x0/0x15 @ 1
[   12.873811] initcall ks_driver_init+0x0/0x15 returned 0 after 17 usecs
[   12.884147] calling  lg_driver_init+0x0/0x15 @ 1
[   12.890895] initcall lg_driver_init+0x0/0x15 returned 0 after 22 usecs
[   12.900670] calling  lg_g15_driver_init+0x0/0x15 @ 1
[   12.908093] initcall lg_g15_driver_init+0x0/0x15 returned 0 after 34 usecs
[   12.918284] calling  ms_driver_init+0x0/0x15 @ 1
[   12.925288] initcall ms_driver_init+0x0/0x15 returned 0 after 25 usecs
[   12.934692] calling  mr_driver_init+0x0/0x15 @ 1
[   12.941500] initcall mr_driver_init+0x0/0x15 returned 0 after 42 usecs
[   12.951181] calling  ntrig_driver_init+0x0/0x15 @ 1
[   12.959079] initcall ntrig_driver_init+0x0/0x15 returned 0 after 226 usecs
[   12.968274] calling  pl_driver_init+0x0/0x15 @ 1
[   12.975184] initcall pl_driver_init+0x0/0x15 returned 0 after 23 usecs
[   12.985821] calling  pl_driver_init+0x0/0x15 @ 1
[   12.995300] initcall pl_driver_init+0x0/0x15 returned 0 after 20 usecs
[   13.004518] calling  redragon_driver_init+0x0/0x15 @ 1
[   13.011832] initcall redragon_driver_init+0x0/0x15 returned 0 after 21 usecs
[   13.022464] calling  samsung_driver_init+0x0/0x15 @ 1
[   13.029987] initcall samsung_driver_init+0x0/0x15 returned 0 after 24 usecs
[   13.040412] calling  sony_init+0x0/0x38 @ 1
[   13.047310] initcall sony_init+0x0/0x38 returned 0 after 136 usecs
[   13.057066] calling  sp_driver_init+0x0/0x15 @ 1
[   13.064845] initcall sp_driver_init+0x0/0x15 returned 0 after 74 usecs
[   13.074481] calling  ts_driver_init+0x0/0x15 @ 1
[   13.081970] initcall ts_driver_init+0x0/0x15 returned 0 after 22 usecs
[   13.092376] calling  hid_init+0x0/0x58 @ 1
[   13.098905] usbcore: registered new interface driver usbhid
[   13.107676] usbhid: USB HID core driver
[   13.113701] initcall hid_init+0x0/0x58 returned 0 after 14506 usecs
[   13.123533] calling  eeepc_laptop_init+0x0/0x57 @ 1
[   13.131421] initcall eeepc_laptop_init+0x0/0x57 returned -19 after 348 usecs
[   13.142578] calling  pmc_atom_init+0x0/0x27a @ 1
[   13.149937] initcall pmc_atom_init+0x0/0x27a returned -19 after 5 usecs
[   13.160559] calling  alsa_hwdep_init+0x0/0x5e @ 1
[   13.168480] initcall alsa_hwdep_init+0x0/0x5e returned 0 after 359 usecs
[   13.179164] calling  alsa_timer_init+0x0/0x1f0 @ 1
[   13.194531] input: AT Translated Set 2 keyboard as /devices/platform/i8042/serio0/input/input1
[   13.207137] initcall alsa_timer_init+0x0/0x1f0 returned 0 after 19859 usecs
[   13.207421] sr 2:0:0:0: Attached scsi CD-ROM sr0
[   13.235388] calling  snd_hrtimer_init+0x0/0x117 @ 1
