c[?7l[2J[0mSeaBIOS (version 1.16.0-debian-1.16.0-4)
Booting from ROM...
early console in setup code
c[?7l[2J[    0.000000] Linux version 5.10.153+ (root@joelboxx.c.googlers.com) (gcc (Debian 12.2.0-3) 12.2.0, GNU ld (GNU Binutils for Debian) 2.39) #1 SMP PREEMPT Tue Dec 13 07:09:44 UTC 2022
[    0.000000] Command line: selinux=0 initcall_debug debug console=ttyS0 rcutorture.onoff_interval=200 rcutorture.onoff_holdoff=30 rcutree.gp_preinit_delay=12 rcutree.gp_init_delay=3 rcutree.gp_cleanup_delay=3 rcutree.kthread_prio=2 threadirqs rcutorture.n_barrier_cbs=4 rcutorture.stat_interval=15 rcutorture.shutdown_secs=1800 rcutorture.test_no_idle_hz=1 rcutorture.verbose=1
[    0.000000] x86/fpu: x87 FPU will use FXSAVE
[    0.000000] BIOS-provided physical RAM map:
[    0.000000] BIOS-e820: [mem 0x0000000000000000-0x000000000009fbff] usable
[    0.000000] BIOS-e820: [mem 0x000000000009fc00-0x000000000009ffff] reserved
[    0.000000] BIOS-e820: [mem 0x00000000000f0000-0x00000000000fffff] reserved
[    0.000000] BIOS-e820: [mem 0x0000000000100000-0x000000001ffdefff] usable
[    0.000000] BIOS-e820: [mem 0x000000001ffdf000-0x000000001fffffff] reserved
[    0.000000] BIOS-e820: [mem 0x00000000b0000000-0x00000000bfffffff] reserved
[    0.000000] BIOS-e820: [mem 0x00000000fed1c000-0x00000000fed1ffff] reserved
[    0.000000] BIOS-e820: [mem 0x00000000feffc000-0x00000000feffffff] reserved
[    0.000000] BIOS-e820: [mem 0x00000000fffc0000-0x00000000ffffffff] reserved
[    0.000000] NX (Execute Disable) protection: active
[    0.000000] SMBIOS 2.8 present.
[    0.000000] DMI: QEMU Standard PC (Q35 + ICH9, 2009), BIOS 1.16.0-debian-1.16.0-4 04/01/2014
[    0.000000] Hypervisor detected: KVM
[    0.000000] kvm-clock: Using msrs 4b564d01 and 4b564d00
[    0.000000] kvm-clock: cpu 0, msr 110ba001, primary cpu clock
[    0.000001] kvm-clock: using sched offset of 2868593252 cycles
[    0.000161] clocksource: kvm-clock: mask: 0xffffffffffffffff max_cycles: 0x1cd42e4dffb, max_idle_ns: 881590591483 ns
[    0.000259] tsc: Detected 1999.999 MHz processor
[    0.012323] e820: update [mem 0x00000000-0x00000fff] usable ==> reserved
[    0.012328] e820: remove [mem 0x000a0000-0x000fffff] usable
[    0.012336] last_pfn = 0x1ffdf max_arch_pfn = 0x400000000
[    0.013193] MTRR default type: write-back
[    0.013255] MTRR fixed ranges enabled:
[    0.013257]   00000-9FFFF write-back
[    0.013258]   A0000-BFFFF uncachable
[    0.013259]   C0000-FFFFF write-protect
[    0.013260] MTRR variable ranges enabled:
[    0.013262]   0 base 00C0000000 mask FFC0000000 uncachable
[    0.013263]   1 disabled
[    0.013264]   2 disabled
[    0.013265]   3 disabled
[    0.013266]   4 disabled
[    0.013267]   5 disabled
[    0.013267]   6 disabled
[    0.013268]   7 disabled
[    0.013606] x86/PAT: Configuration [0-7]: WB  WC  UC- UC  WB  WC  UC- UC  
[    0.022917] found SMP MP-table at [mem 0x000f5ba0-0x000f5baf]
[    0.026417] check: Scanning 1 areas for low memory corruption
[    0.037352] ACPI: Early table checksum verification disabled
[    0.039789] ACPI: RSDP 0x00000000000F59E0 000014 (v00 BOCHS )
[    0.040072] ACPI: RSDT 0x000000001FFE281A 000038 (v01 BOCHS  BXPC     00000001 BXPC 00000001)
[    0.040279] ACPI: FACP 0x000000001FFE259A 0000F4 (v03 BOCHS  BXPC     00000001 BXPC 00000001)
[    0.040348] ACPI: DSDT 0x000000001FFE0040 00255A (v01 BOCHS  BXPC     00000001 BXPC 00000001)
[    0.040352] ACPI: FACS 0x000000001FFE0000 000040
[    0.040356] ACPI: APIC 0x000000001FFE268E 0000F0 (v01 BOCHS  BXPC     00000001 BXPC 00000001)
[    0.040361] ACPI: HPET 0x000000001FFE277E 000038 (v01 BOCHS  BXPC     00000001 BXPC 00000001)
[    0.040365] ACPI: MCFG 0x000000001FFE27B6 00003C (v01 BOCHS  BXPC     00000001 BXPC 00000001)
[    0.040369] ACPI: WAET 0x000000001FFE27F2 000028 (v01 BOCHS  BXPC     00000001 BXPC 00000001)
[    0.040374] ACPI: Reserving FACP table memory at [mem 0x1ffe259a-0x1ffe268d]
[    0.040375] ACPI: Reserving DSDT table memory at [mem 0x1ffe0040-0x1ffe2599]
[    0.040377] ACPI: Reserving FACS table memory at [mem 0x1ffe0000-0x1ffe003f]
[    0.040378] ACPI: Reserving APIC table memory at [mem 0x1ffe268e-0x1ffe277d]
[    0.040379] ACPI: Reserving HPET table memory at [mem 0x1ffe277e-0x1ffe27b5]
[    0.040380] ACPI: Reserving MCFG table memory at [mem 0x1ffe27b6-0x1ffe27f1]
[    0.040381] ACPI: Reserving WAET table memory at [mem 0x1ffe27f2-0x1ffe2819]
[    0.041387] ACPI: Local APIC address 0xfee00000
[    0.045877] No NUMA configuration found
[    0.045937] Faking a node at [mem 0x0000000000000000-0x000000001ffdefff]
[    0.046308] NODE_DATA(0) allocated [mem 0x1ffdb000-0x1ffdefff]
[    0.048635] Zone ranges:
[    0.048790]   DMA      [mem 0x0000000000001000-0x0000000000ffffff]
[    0.048870]   DMA32    [mem 0x0000000001000000-0x000000001ffdefff]
[    0.048873]   Normal   empty
[    0.048874] Movable zone start for each node
[    0.048876] Early memory node ranges
[    0.048917]   node   0: [mem 0x0000000000001000-0x000000000009efff]
[    0.048971]   node   0: [mem 0x0000000000100000-0x000000001ffdefff]
[    0.049038] Initmem setup node 0 [mem 0x0000000000001000-0x000000001ffdefff]
[    0.049040] On node 0 totalpages: 130941
[    0.049236]   DMA zone: 64 pages used for memmap
[    0.049237]   DMA zone: 21 pages reserved
[    0.049311]   DMA zone: 3998 pages, LIFO batch:0
[    0.049313]   DMA32 zone: 1984 pages used for memmap
[    0.049314]   DMA32 zone: 126943 pages, LIFO batch:31
[    0.052397] On node 0, zone DMA: 1 pages in unavailable ranges
[    0.055974] On node 0, zone DMA: 97 pages in unavailable ranges
[    0.111033] On node 0, zone DMA32: 33 pages in unavailable ranges
[    0.114671] ACPI: PM-Timer IO Port: 0x608
[    0.114679] ACPI: Local APIC address 0xfee00000
[    0.114963] ACPI: LAPIC_NMI (acpi_id[0xff] dfl dfl lint[0x1])
[    0.116387] IOAPIC[0]: apic_id 0, version 17, address 0xfec00000, GSI 0-23
[    0.116392] ACPI: INT_SRC_OVR (bus 0 bus_irq 0 global_irq 2 dfl dfl)
[    0.116453] ACPI: INT_SRC_OVR (bus 0 bus_irq 5 global_irq 5 high level)
[    0.116454] ACPI: INT_SRC_OVR (bus 0 bus_irq 9 global_irq 9 high level)
[    0.116633] ACPI: INT_SRC_OVR (bus 0 bus_irq 10 global_irq 10 high level)
[    0.116634] ACPI: INT_SRC_OVR (bus 0 bus_irq 11 global_irq 11 high level)
[    0.116636] ACPI: IRQ0 used by override.
[    0.116638] ACPI: IRQ5 used by override.
[    0.116639] ACPI: IRQ9 used by override.
[    0.116640] ACPI: IRQ10 used by override.
[    0.116641] ACPI: IRQ11 used by override.
[    0.116714] Using ACPI (MADT) for SMP configuration information
[    0.116717] ACPI: HPET id: 0x8086a201 base: 0xfed00000
[    0.117381] smpboot: Allowing 16 CPUs, 0 hotplug CPUs
[    0.119158] PM: hibernation: Registered nosave memory: [mem 0x00000000-0x00000fff]
[    0.119161] PM: hibernation: Registered nosave memory: [mem 0x0009f000-0x0009ffff]
[    0.119162] PM: hibernation: Registered nosave memory: [mem 0x000a0000-0x000effff]
[    0.119164] PM: hibernation: Registered nosave memory: [mem 0x000f0000-0x000fffff]
[    0.119207] [mem 0x20000000-0xafffffff] available for PCI devices
[    0.119316] Booting paravirtualized kernel on KVM
[    0.120150] clocksource: refined-jiffies: mask: 0xffffffff max_cycles: 0xffffffff, max_idle_ns: 1910969940391419 ns
[    0.155718] setup_percpu: NR_CPUS:16 nr_cpumask_bits:16 nr_cpu_ids:16 nr_node_ids:1
[    0.214932] percpu: Embedded 55 pages/cpu s186328 r8192 d30760 u262144
[    0.216046] pcpu-alloc: s186328 r8192 d30760 u262144 alloc=1*2097152
[    0.216121] pcpu-alloc: [0] 00 01 02 03 04 05 06 07 [0] 08 09 10 11 12 13 14 15 
[    0.217360] kvm-guest: stealtime: cpu 0, msr 1f21b600
[    0.219012] Built 1 zonelists, mobility grouping on.  Total pages: 128872
[    0.219179] Policy zone: DMA32
[    0.219941] Kernel command line: selinux=0 initcall_debug debug console=ttyS0 rcutorture.onoff_interval=200 rcutorture.onoff_holdoff=30 rcutree.gp_preinit_delay=12 rcutree.gp_init_delay=3 rcutree.gp_cleanup_delay=3 rcutree.kthread_prio=2 threadirqs rcutorture.n_barrier_cbs=4 rcutorture.stat_interval=15 rcutorture.shutdown_secs=1800 rcutorture.test_no_idle_hz=1 rcutorture.verbose=1
[    0.233697] Dentry cache hash table entries: 65536 (order: 7, 524288 bytes, linear)
[    0.236738] Inode-cache hash table entries: 32768 (order: 6, 262144 bytes, linear)
[    0.238272] mem auto-init: stack:all(zero), heap alloc:off, heap free:off
[    0.274886] Memory: 476004K/523764K available (16397K kernel code, 2561K rwdata, 4696K rodata, 1492K init, 1408K bss, 47500K reserved, 0K cma-reserved)
[    0.275204] SLUB: HWalign=64, Order=0-3, MinObjects=0, CPUs=16, Nodes=1
[    0.275471] Kernel/User page tables isolation: enabled
[    0.278274] rcu: Preemptible hierarchical RCU implementation.
[    0.278276] rcu: 	RCU event tracing is enabled.
[    0.278278] rcu: 	CONFIG_RCU_FANOUT set to non-default value of 2.
[    0.278279] rcu: 	Four(or more)-level hierarchy is enabled.
[    0.278280] rcu: 	Build-time adjustment of leaf fanout to 2.
[    0.278291] rcu: 	RCU priority boosting: priority 2 delay 500 ms.
[    0.278292] rcu: 	RCU debug GP pre-init slowdown 12 jiffies.
[    0.278293] rcu: 	RCU debug GP init slowdown 3 jiffies.
[    0.278294] rcu: 	RCU debug GP init slowdown 3 jiffies.
[    0.278389] 	Trampoline variant of Tasks RCU enabled.
[    0.278391] 	Rude variant of Tasks RCU enabled.
[    0.278401] 	Tracing variant of Tasks RCU enabled.
[    0.278504] rcu: RCU calculated value of scheduler-enlistment delay is 100 jiffies.
[    0.286548] NR_IRQS: 4352, nr_irqs: 552, preallocated irqs: 16
[    0.289110] calling  con_init+0x0/0x22a @ 0
[    0.390814] Console: colour VGA+ 80x25
[    0.390826] initcall con_init+0x0/0x22a returned 0 after 0 usecs
[    0.390830] calling  hvc_console_init+0x0/0x13 @ 0
[    0.390846] initcall hvc_console_init+0x0/0x13 returned 0 after 0 usecs
[    0.390849] calling  univ8250_console_init+0x0/0x26 @ 0
[    1.381829] printk: console [ttyS0] enabled
[    1.386399] initcall univ8250_console_init+0x0/0x26 returned 0 after 0 usecs
[    1.393950] ACPI: Core revision 20200925
[    1.400008] clocksource: hpet: mask: 0xffffffff max_cycles: 0xffffffff, max_idle_ns: 19112604467 ns
[    1.410853] APIC: Switch to symmetric I/O mode setup
[    1.416276] Switched APIC routing to physical flat.
[    1.437036] ..TIMER: vector=0x30 apic1=0 pin1=2 apic2=-1 pin2=-1
[    1.443976] clocksource: tsc-early: mask: 0xffffffffffffffff max_cycles: 0x39a85afc727, max_idle_ns: 881590685098 ns
[    1.455556] Calibrating delay loop (skipped) preset value.. 3999.99 BogoMIPS (lpj=1999999)
[    1.456544] pid_max: default: 32768 minimum: 301
[    1.457635] LSM: Security Framework initializing
[    1.458610] Mount-cache hash table entries: 1024 (order: 1, 8192 bytes, linear)
[    1.459546] Mountpoint-cache hash table entries: 1024 (order: 1, 8192 bytes, linear)
[    1.466089] Last level iTLB entries: 4KB 0, 2MB 0, 4MB 0
[    1.466556] Last level dTLB entries: 4KB 0, 2MB 0, 4MB 0, 1GB 0
[    1.467646] Spectre V1 : Mitigation: usercopy/swapgs barriers and __user pointer sanitization
[    1.469556] Spectre V2 : Mitigation: Retpolines
[    1.470542] Spectre V2 : Spectre v2 / SpectreRSB mitigation: Filling RSB on context switch
[    1.471543] Spectre V2 : Spectre v2 / SpectreRSB : Filling RSB on VMEXIT
[    1.473543] Speculative Store Bypass: Vulnerable
[    1.474560] MDS: Vulnerable: Clear CPU buffers attempted, no microcode
[    1.475542] MMIO Stale Data: Unknown: No mitigations
[    1.539440] Freeing SMP alternatives memory: 40K
[    1.643461] smpboot: CPU0: Intel Common KVM processor (family: 0xf, model: 0x6, stepping: 0x1)
[    1.643963] calling  init_hw_perf_events+0x0/0x6ce @ 1
[    1.645544] Performance Events: unsupported Netburst CPU model 6 no PMU driver, software events only.
[    1.646552] initcall init_hw_perf_events+0x0/0x6ce returned 0 after 976 usecs
[    1.647555] calling  init_real_mode+0x0/0x1e9 @ 1
[    1.649911] initcall init_real_mode+0x0/0x1e9 returned 0 after 976 usecs
[    1.650547] calling  trace_init_perf_perm_irq_work_exit+0x0/0x12 @ 1
[    1.651545] initcall trace_init_perf_perm_irq_work_exit+0x0/0x12 returned 0 after 0 usecs
[    1.652563] calling  validate_x2apic+0x0/0x4a @ 1
[    1.653588] initcall validate_x2apic+0x0/0x4a returned 0 after 0 usecs
[    1.655545] calling  register_nmi_cpu_backtrace_handler+0x0/0x15 @ 1
[    1.656546] initcall register_nmi_cpu_backtrace_handler+0x0/0x15 returned 0 after 0 usecs
[    1.657547] calling  kvm_setup_vsyscall_timeinfo+0x0/0xce @ 1
[    1.658546] initcall kvm_setup_vsyscall_timeinfo+0x0/0xce returned 0 after 0 usecs
[    1.659565] calling  spawn_ksoftirqd+0x0/0x38 @ 1
[    1.660630] initcall spawn_ksoftirqd+0x0/0x38 returned 0 after 0 usecs
[    1.661545] calling  migration_init+0x0/0x31 @ 1
[    1.662545] initcall migration_init+0x0/0x31 returned 0 after 0 usecs
[    1.663545] calling  srcu_bootup_announce+0x0/0x2f @ 1
[    1.664567] rcu: Hierarchical SRCU implementation.
[    1.665546] initcall srcu_bootup_announce+0x0/0x2f returned 0 after 976 usecs
[    1.666545] calling  rcu_spawn_gp_kthread+0x0/0x1e1 @ 1
[    1.667702] initcall rcu_spawn_gp_kthread+0x0/0x1e1 returned 0 after 0 usecs
[    1.668546] calling  check_cpu_stall_init+0x0/0x1a @ 1
[    1.669544] initcall check_cpu_stall_init+0x0/0x1a returned 0 after 0 usecs
[    1.670562] calling  rcu_sysrq_init+0x0/0x21 @ 1
[    1.671556] initcall rcu_sysrq_init+0x0/0x21 returned 0 after 0 usecs
[    1.672544] calling  trace_init_flags_sys_enter+0x0/0xe @ 1
[    1.673543] initcall trace_init_flags_sys_enter+0x0/0xe returned 0 after 0 usecs
[    1.675543] calling  trace_init_flags_sys_exit+0x0/0xe @ 1
[    1.676563] initcall trace_init_flags_sys_exit+0x0/0xe returned 0 after 0 usecs
[    1.677545] calling  cpu_stop_init+0x0/0x6e @ 1
[    1.678611] initcall cpu_stop_init+0x0/0x6e returned 0 after 0 usecs
[    1.679543] calling  init_kprobes+0x0/0x165 @ 1
[    1.682071] initcall init_kprobes+0x0/0x165 returned 0 after 976 usecs
[    1.682544] calling  init_events+0x0/0x3d @ 1
[    1.684552] initcall init_events+0x0/0x3d returned 0 after 976 usecs
[    1.685544] calling  init_trace_printk+0x0/0xc @ 1
[    1.686544] initcall init_trace_printk+0x0/0xc returned 0 after 0 usecs
[    1.687544] calling  event_trace_enable_again+0x0/0x23 @ 1
[    1.688545] initcall event_trace_enable_again+0x0/0x23 returned 0 after 0 usecs
[    1.689543] calling  static_call_init+0x0/0x77 @ 1
[    1.690544] initcall static_call_init+0x0/0x77 returned 0 after 0 usecs
[    1.691545] calling  jump_label_init_module+0x0/0xc @ 1
[    1.692545] initcall jump_label_init_module+0x0/0xc returned 0 after 0 usecs
[    1.693543] calling  init_zero_pfn+0x0/0x37 @ 1
[    1.694543] initcall init_zero_pfn+0x0/0x37 returned 0 after 0 usecs
[    1.695564] calling  initialize_ptr_random+0x0/0x54 @ 1
[    1.696547] initcall initialize_ptr_random+0x0/0x54 returned 0 after 0 usecs
[    1.697566] calling  efi_memreserve_root_init+0x0/0x25 @ 1
[    1.698560] initcall efi_memreserve_root_init+0x0/0x25 returned 0 after 0 usecs
[    1.699546] calling  efi_earlycon_remap_fb+0x0/0x51 @ 1
[    1.700546] initcall efi_earlycon_remap_fb+0x0/0x51 returned 0 after 0 usecs
[    1.703833] smp: Bringing up secondary CPUs ...
[    1.705546] x86: Booting SMP configuration:
[    1.706565] .... node  #0, CPUs:        #1
[    1.163781] kvm-clock: cpu 1, msr 110ba041, secondary cpu clock
[    1.732873] kvm-guest: stealtime: cpu 1, msr 1f25b600
[    1.748030]   #2
[    1.163781] kvm-clock: cpu 2, msr 110ba081, secondary cpu clock
[    1.772969] kvm-guest: stealtime: cpu 2, msr 1f29b600
[    1.792107]   #3
[    1.163781] kvm-clock: cpu 3, msr 110ba0c1, secondary cpu clock
[    1.814542] kvm-guest: stealtime: cpu 3, msr 1f2db600
[    1.830033]   #4
[    1.163781] kvm-clock: cpu 4, msr 110ba101, secondary cpu clock
[    1.852155] kvm-guest: stealtime: cpu 4, msr 1f31b600
[    1.866895]   #5
[    1.163781] kvm-clock: cpu 5, msr 110ba141, secondary cpu clock
[    1.889688] kvm-guest: stealtime: cpu 5, msr 1f35b600
[    1.904473]   #6
[    1.163781] kvm-clock: cpu 6, msr 110ba181, secondary cpu clock
[    1.927543] kvm-guest: stealtime: cpu 6, msr 1f39b600
[    1.943123]   #7
[    1.163781] kvm-clock: cpu 7, msr 110ba1c1, secondary cpu clock
[    1.966212] kvm-guest: stealtime: cpu 7, msr 1f3db600
[    1.982016]   #8
[    1.163781] kvm-clock: cpu 8, msr 110ba201, secondary cpu clock
[    2.006249] kvm-guest: stealtime: cpu 8, msr 1f41b600
[    2.024363]   #9
[    1.163781] kvm-clock: cpu 9, msr 110ba241, secondary cpu clock
[    2.049167] kvm-guest: stealtime: cpu 9, msr 1f45b600
[    2.067015]  #10
[    1.163781] kvm-clock: cpu 10, msr 110ba281, secondary cpu clock
[    2.091770] kvm-guest: stealtime: cpu 10, msr 1f49b600
[    2.107994]  #11
[    1.163781] kvm-clock: cpu 11, msr 110ba2c1, secondary cpu clock
[    2.134543] kvm-guest: stealtime: cpu 11, msr 1f4db600
[    2.151548]  #12
[    1.163781] kvm-clock: cpu 12, msr 110ba301, secondary cpu clock
[    2.177142] kvm-guest: stealtime: cpu 12, msr 1f51b600
[    2.195374]  #13
[    1.163781] kvm-clock: cpu 13, msr 110ba341, secondary cpu clock
[    2.218132] kvm-guest: stealtime: cpu 13, msr 1f55b600
[    2.232549]  #14
[    1.163781] kvm-clock: cpu 14, msr 110ba381, secondary cpu clock
[    2.256208] kvm-guest: stealtime: cpu 14, msr 1f59b600
[    2.272547]  #15
[    1.163781] kvm-clock: cpu 15, msr 110ba3c1, secondary cpu clock
[    2.298149] kvm-guest: stealtime: cpu 15, msr 1f5db600
[    2.313827] smp: Brought up 1 node, 16 CPUs
[    2.314578] smpboot: Max logical packages: 1
[    2.315551] smpboot: Total of 16 processors activated (63999.96 BogoMIPS)
[    2.323148] devtmpfs: initialized
[    2.324244] calling  ipc_ns_init+0x0/0x3d @ 1
[    2.324601] initcall ipc_ns_init+0x0/0x3d returned 0 after 0 usecs
[    2.326548] calling  init_mmap_min_addr+0x0/0x21 @ 1
[    2.327547] initcall init_mmap_min_addr+0x0/0x21 returned 0 after 0 usecs
[    2.328546] calling  pci_realloc_setup_params+0x0/0x3f @ 1
[    2.329547] initcall pci_realloc_setup_params+0x0/0x3f returned 0 after 0 usecs
[    2.330570] calling  net_ns_init+0x0/0x140 @ 1
[    2.332999] initcall net_ns_init+0x0/0x140 returned 0 after 976 usecs
[    2.333584] calling  e820__register_nvs_regions+0x0/0x37 @ 1
[    2.334547] initcall e820__register_nvs_regions+0x0/0x37 returned 0 after 0 usecs
[    2.335546] calling  cpufreq_register_tsc_scaling+0x0/0x2e @ 1
[    2.336556] initcall cpufreq_register_tsc_scaling+0x0/0x2e returned 0 after 0 usecs
[    2.337548] calling  reboot_init+0x0/0x3c @ 1
[    2.338592] initcall reboot_init+0x0/0x3c returned 0 after 0 usecs
[    2.339547] calling  init_lapic_sysfs+0x0/0x20 @ 1
[    2.340547] initcall init_lapic_sysfs+0x0/0x20 returned 0 after 0 usecs
[    2.341550] calling  alloc_frozen_cpus+0x0/0x7 @ 1
[    2.342550] initcall alloc_frozen_cpus+0x0/0x7 returned 0 after 0 usecs
[    2.343548] calling  cpu_hotplug_pm_sync_init+0x0/0x13 @ 1
[    2.344549] initcall cpu_hotplug_pm_sync_init+0x0/0x13 returned 0 after 0 usecs
[    2.345548] calling  wq_sysfs_init+0x0/0x2a @ 1
[    2.346614] initcall wq_sysfs_init+0x0/0x2a returned 0 after 0 usecs
[    2.347546] calling  ksysfs_init+0x0/0x92 @ 1
[    2.348556] initcall ksysfs_init+0x0/0x92 returned 0 after 0 usecs
[    2.349548] calling  schedutil_gov_init+0x0/0xc @ 1
[    2.350598] initcall schedutil_gov_init+0x0/0xc returned 0 after 0 usecs
[    2.351548] calling  pm_init+0x0/0x76 @ 1
[    2.352607] initcall pm_init+0x0/0x76 returned 0 after 0 usecs
[    2.353547] calling  pm_disk_init+0x0/0x13 @ 1
[    2.354573] initcall pm_disk_init+0x0/0x13 returned 0 after 0 usecs
[    2.355547] calling  swsusp_header_init+0x0/0x2b @ 1
[    2.356549] initcall swsusp_header_init+0x0/0x2b returned 0 after 0 usecs
[    2.357546] calling  rcu_set_runtime_mode+0x0/0x16 @ 1
[    2.358582] initcall rcu_set_runtime_mode+0x0/0x16 returned 0 after 0 usecs
[    2.359546] calling  init_jiffies_clocksource+0x0/0x13 @ 1
[    2.360546] clocksource: jiffies: mask: 0xffffffff max_cycles: 0xffffffff, max_idle_ns: 1911260446275000 ns
[    2.361552] initcall init_jiffies_clocksource+0x0/0x13 returned 0 after 976 usecs
[    2.362550] calling  futex_init+0x0/0xf7 @ 1
[    2.363552] futex hash table entries: 4096 (order: 6, 262144 bytes, linear)
[    2.364625] initcall futex_init+0x0/0xf7 returned 0 after 976 usecs
[    2.365549] calling  cgroup_wq_init+0x0/0x28 @ 1
[    2.366563] initcall cgroup_wq_init+0x0/0x28 returned 0 after 0 usecs
[    2.367550] calling  cgroup1_wq_init+0x0/0x28 @ 1
[    2.368561] initcall cgroup1_wq_init+0x0/0x28 returned 0 after 0 usecs
[    2.369550] calling  init_kprobe_trace_early+0x0/0x2a @ 1
[    2.370552] initcall init_kprobe_trace_early+0x0/0x2a returned 0 after 0 usecs
[    2.371548] calling  fsnotify_init+0x0/0x48 @ 1
[    2.372583] initcall fsnotify_init+0x0/0x48 returned 0 after 0 usecs
[    2.373546] calling  filelock_init+0x0/0x96 @ 1
[    2.374560] initcall filelock_init+0x0/0x96 returned 0 after 0 usecs
[    2.375551] calling  init_misc_binfmt+0x0/0x2c @ 1
[    2.376551] initcall init_misc_binfmt+0x0/0x2c returned 0 after 0 usecs
[    2.377549] calling  init_script_binfmt+0x0/0x15 @ 1
[    2.378548] initcall init_script_binfmt+0x0/0x15 returned 0 after 0 usecs
[    2.379548] calling  init_elf_binfmt+0x0/0x15 @ 1
[    2.380591] initcall init_elf_binfmt+0x0/0x15 returned 0 after 0 usecs
[    2.381547] calling  init_compat_elf_binfmt+0x0/0x15 @ 1
[    2.382547] initcall init_compat_elf_binfmt+0x0/0x15 returned 0 after 0 usecs
[    2.383567] calling  debugfs_init+0x0/0x5c @ 1
[    2.384560] initcall debugfs_init+0x0/0x5c returned 0 after 0 usecs
[    2.385546] calling  tracefs_init+0x0/0x3a @ 1
[    2.386552] initcall tracefs_init+0x0/0x3a returned 0 after 0 usecs
[    2.387546] calling  prandom_init_early+0x0/0x15d @ 1
[    2.388549] initcall prandom_init_early+0x0/0x15d returned 0 after 0 usecs
[    2.389627] calling  virtio_init+0x0/0x20 @ 1
[    2.390570] initcall virtio_init+0x0/0x20 returned 0 after 0 usecs
[    2.391550] calling  iommu_init+0x0/0x2a @ 1
[    2.392560] initcall iommu_init+0x0/0x2a returned 0 after 0 usecs
[    2.393551] calling  component_debug_init+0x0/0x1c @ 1
[    2.394821] initcall component_debug_init+0x0/0x1c returned 0 after 0 usecs
[    2.395549] calling  early_resume_init+0x0/0xb9 @ 1
[    2.397544] PM: RTC time: 07:34:34, date: 2022-12-13
[    2.398550] initcall early_resume_init+0x0/0xb9 returned 0 after 1953 usecs
[    2.399547] calling  cpufreq_core_init+0x0/0x62 @ 1
[    2.400587] initcall cpufreq_core_init+0x0/0x62 returned 0 after 0 usecs
[    2.401547] calling  cpufreq_gov_performance_init+0x0/0xc @ 1
[    2.402548] initcall cpufreq_gov_performance_init+0x0/0xc returned 0 after 0 usecs
[    2.403547] calling  cpufreq_gov_userspace_init+0x0/0xc @ 1
[    2.404547] initcall cpufreq_gov_userspace_init+0x0/0xc returned 0 after 0 usecs
[    2.405546] calling  CPU_FREQ_GOV_ONDEMAND_init+0x0/0xc @ 1
[    2.406552] initcall CPU_FREQ_GOV_ONDEMAND_init+0x0/0xc returned 0 after 0 usecs
[    2.407549] calling  cpuidle_init+0x0/0x1f @ 1
[    2.408600] initcall cpuidle_init+0x0/0x1f returned 0 after 0 usecs
[    2.409547] calling  capsule_reboot_register+0x0/0xc @ 1
[    2.410608] initcall capsule_reboot_register+0x0/0xc returned 0 after 0 usecs
[    2.411547] calling  sock_init+0x0/0x93 @ 1
[    2.414721] initcall sock_init+0x0/0x93 returned 0 after 1953 usecs
[    2.415549] calling  net_inuse_init+0x0/0x23 @ 1
[    2.416553] initcall net_inuse_init+0x0/0x23 returned 0 after 0 usecs
[    2.417552] calling  net_defaults_init+0x0/0x23 @ 1
[    2.418592] initcall net_defaults_init+0x0/0x23 returned 0 after 0 usecs
[    2.420549] calling  init_default_flow_dissectors+0x0/0x4f @ 1
[    2.421547] initcall init_default_flow_dissectors+0x0/0x4f returned 0 after 0 usecs
[    2.422545] calling  netpoll_init+0x0/0x26 @ 1
[    2.423544] initcall netpoll_init+0x0/0x26 returned 0 after 0 usecs
[    2.424545] calling  netlink_proto_init+0x0/0x14f @ 1
[    2.425638] NET: Registered protocol family 16
[    2.426561] initcall netlink_proto_init+0x0/0x14f returned 0 after 976 usecs
[    2.427546] calling  genl_init+0x0/0x35 @ 1
[    2.429552] initcall genl_init+0x0/0x35 returned 0 after 976 usecs
[    2.430547] calling  bsp_pm_check_init+0x0/0x13 @ 1
[    2.431579] initcall bsp_pm_check_init+0x0/0x13 returned 0 after 0 usecs
[    2.432569] calling  irq_sysfs_init+0x0/0xb7 @ 1
[    2.433648] initcall irq_sysfs_init+0x0/0xb7 returned 0 after 0 usecs
[    2.434550] calling  audit_init+0x0/0x160 @ 1
[    2.435551] audit: initializing netlink subsys (disabled)
[    2.438286] initcall audit_init+0x0/0x160 returned 0 after 1953 usecs
[    2.438080] audit: type=2000 audit(1670916872.904:1): state=initialized audit_enabled=0 res=1
[    2.438550] calling  release_early_probes+0x0/0x32 @ 1
[    2.438555] initcall release_early_probes+0x0/0x32 returned 0 after 0 usecs
[    2.441550] calling  bdi_class_init+0x0/0x48 @ 1
[    2.442571] initcall bdi_class_init+0x0/0x48 returned 0 after 0 usecs
[    2.443549] calling  mm_sysfs_init+0x0/0x28 @ 1
[    2.444557] initcall mm_sysfs_init+0x0/0x28 returned 0 after 0 usecs
[    2.445551] calling  init_per_zone_wmark_min+0x0/0x6d @ 1
[    2.446553] initcall init_per_zone_wmark_min+0x0/0x6d returned 0 after 0 usecs
[    2.447546] calling  mpi_init+0x0/0x3e @ 1
[    2.448567] initcall mpi_init+0x0/0x3e returned 0 after 0 usecs
[    2.449548] calling  kobject_uevent_init+0x0/0xc @ 1
[    2.450559] initcall kobject_uevent_init+0x0/0xc returned 0 after 0 usecs
[    2.451547] calling  pcibus_class_init+0x0/0x13 @ 1
[    2.452559] initcall pcibus_class_init+0x0/0x13 returned 0 after 0 usecs
[    2.453546] calling  pci_driver_init+0x0/0x21 @ 1
[    2.454580] initcall pci_driver_init+0x0/0x21 returned 0 after 0 usecs
[    2.455545] calling  backlight_class_init+0x0/0xa8 @ 1
[    2.457590] initcall backlight_class_init+0x0/0xa8 returned 0 after 0 usecs
[    2.458544] calling  tty_class_init+0x0/0x33 @ 1
[    2.459552] initcall tty_class_init+0x0/0x33 returned 0 after 0 usecs
[    2.460546] calling  vtconsole_class_init+0x0/0xb5 @ 1
[    2.461586] initcall vtconsole_class_init+0x0/0xb5 returned 0 after 0 usecs
[    2.462548] calling  iommu_dev_init+0x0/0x13 @ 1
[    2.463580] initcall iommu_dev_init+0x0/0x13 returned 0 after 0 usecs
[    2.464546] calling  mipi_dsi_bus_init+0x0/0xc @ 1
[    2.465682] initcall mipi_dsi_bus_init+0x0/0xc returned 0 after 0 usecs
[    2.466547] calling  devlink_class_init+0x0/0x40 @ 1
[    2.467564] initcall devlink_class_init+0x0/0x40 returned 0 after 0 usecs
[    2.468550] calling  software_node_init+0x0/0x2a @ 1
[    2.469570] initcall software_node_init+0x0/0x2a returned 0 after 0 usecs
[    2.470551] calling  wakeup_sources_debugfs_init+0x0/0x23 @ 1
[    2.471557] initcall wakeup_sources_debugfs_init+0x0/0x23 returned 0 after 0 usecs
[    2.472568] calling  wakeup_sources_sysfs_init+0x0/0x2c @ 1
[    2.473563] initcall wakeup_sources_sysfs_init+0x0/0x2c returned 0 after 0 usecs
[    2.474547] calling  register_node_type+0x0/0x13 @ 1
[    2.475580] initcall register_node_type+0x0/0x13 returned 0 after 0 usecs
[    2.476546] calling  regmap_initcall+0x0/0xc @ 1
[    2.477553] initcall regmap_initcall+0x0/0xc returned 0 after 0 usecs
[    2.479544] calling  i2c_init+0x0/0xb3 @ 1
[    2.480597] initcall i2c_init+0x0/0xb3 returned 0 after 0 usecs
[    2.481560] calling  thermal_init+0x0/0xf2 @ 1
[    2.482543] thermal_sys: Registered thermal governor 'step_wise'
[    2.482544] thermal_sys: Registered thermal governor 'user_space'
[    2.483556] initcall thermal_init+0x0/0xf2 returned 0 after 976 usecs
[    2.485548] calling  init_menu+0x0/0xc @ 1
[    2.489084] cpuidle: using governor menu
[    2.493547] initcall init_menu+0x0/0xc returned 0 after 7812 usecs
[    2.502555] calling  pcc_init+0x0/0x4d @ 1
[    2.507625] initcall pcc_init+0x0/0x4d returned -19 after 0 usecs
[    2.515548] calling  amd_postcore_init+0x0/0x11e @ 1
[    2.522547] initcall amd_postcore_init+0x0/0x11e returned 0 after 0 usecs
[    2.531771] calling  bts_init+0x0/0xba @ 1
[    2.536547] initcall bts_init+0x0/0xba returned -19 after 0 usecs
[    2.544545] calling  pt_init+0x0/0x341 @ 1
[    2.549545] initcall pt_init+0x0/0x341 returned -19 after 0 usecs
[    2.557547] calling  boot_params_ksysfs_init+0x0/0x2ee @ 1
[    2.565693] initcall boot_params_ksysfs_init+0x0/0x2ee returned 0 after 0 usecs
[    2.575549] calling  sbf_init+0x0/0xea @ 1
[    2.580548] initcall sbf_init+0x0/0xea returned 0 after 0 usecs
[    2.588546] calling  arch_kdebugfs_init+0x0/0x219 @ 1
[    2.596632] initcall arch_kdebugfs_init+0x0/0x219 returned 0 after 976 usecs
[    2.605548] calling  intel_pconfig_init+0x0/0x85 @ 1
[    2.611547] initcall intel_pconfig_init+0x0/0x85 returned 0 after 0 usecs
[    2.620548] calling  mtrr_if_init+0x0/0x5d @ 1
[    2.628368] initcall mtrr_if_init+0x0/0x5d returned 0 after 0 usecs
[    2.636547] calling  activate_jump_labels+0x0/0x31 @ 1
[    2.642546] initcall activate_jump_labels+0x0/0x31 returned 0 after 0 usecs
[    2.651547] calling  ffh_cstate_init+0x0/0x29 @ 1
[    2.657573] initcall ffh_cstate_init+0x0/0x29 returned 0 after 0 usecs
[    2.666547] calling  activate_jump_labels+0x0/0x31 @ 1
[    2.673648] initcall activate_jump_labels+0x0/0x31 returned 0 after 976 usecs
[    2.683546] calling  kvm_alloc_cpumask+0x0/0x74 @ 1
[    2.689605] initcall kvm_alloc_cpumask+0x0/0x74 returned 0 after 0 usecs
[    2.698547] calling  kcmp_cookies_init+0x0/0x37 @ 1
[    2.704551] initcall kcmp_cookies_init+0x0/0x37 returned 0 after 0 usecs
[    2.713546] calling  cryptomgr_init+0x0/0xc @ 1
[    2.719569] initcall cryptomgr_init+0x0/0xc returned 0 after 0 usecs
[    2.728549] calling  acpi_pci_init+0x0/0x57 @ 1
[    2.735545] ACPI: bus type PCI registered
[    2.741551] initcall acpi_pci_init+0x0/0x57 returned 0 after 5859 usecs
[    2.750547] calling  dma_channel_table_init+0x0/0xd1 @ 1
[    2.756574] initcall dma_channel_table_init+0x0/0xd1 returned 0 after 0 usecs
[    2.766546] calling  dma_bus_init+0x0/0xdc @ 1
[    2.772794] initcall dma_bus_init+0x0/0xdc returned 0 after 0 usecs
[    2.780623] calling  iommu_dma_init+0x0/0x10 @ 1
[    2.786586] initcall iommu_dma_init+0x0/0x10 returned 0 after 0 usecs
[    2.792700] calling  dmi_id_init+0x0/0x37c @ 1
[    2.798776] initcall dmi_id_init+0x0/0x37c returned 0 after 0 usecs
[    2.807547] calling  pci_arch_init+0x0/0x71 @ 1
[    2.814314] PCI: MMCONFIG for domain 0000 [bus 00-ff] at [mem 0xb0000000-0xbfffffff] (base 0xb0000000)
[    2.826547] PCI: MMCONFIG at [mem 0xb0000000-0xbfffffff] reserved in E820
[    2.835574] PCI: Using configuration type 1 for base access
[    2.844670] initcall pci_arch_init+0x0/0x71 returned 0 after 30273 usecs
[    2.852569] calling  init_vdso+0x0/0x13 @ 1
[    2.855693] initcall init_vdso+0x0/0x13 returned 0 after 0 usecs
[    2.865550] calling  sysenter_setup+0x0/0x13 @ 1
[    2.872626] initcall sysenter_setup+0x0/0x13 returned 0 after 0 usecs
[    2.881556] calling  fixup_ht_bug+0x0/0xe5 @ 1
[    2.887552] initcall fixup_ht_bug+0x0/0xe5 returned 0 after 0 usecs
[    2.896553] calling  topology_init+0x0/0x88 @ 1
[    2.904101] initcall topology_init+0x0/0x88 returned 0 after 976 usecs
[    2.913575] calling  intel_epb_init+0x0/0x68 @ 1
[    2.920553] initcall intel_epb_init+0x0/0x68 returned -19 after 0 usecs
[    2.930555] calling  mtrr_init_finialize+0x0/0x3e @ 1
[    2.937553] initcall mtrr_init_finialize+0x0/0x3e returned 0 after 0 usecs
[    2.947554] calling  uid_cache_init+0x0/0x85 @ 1
[    2.954560] initcall uid_cache_init+0x0/0x85 returned 0 after 0 usecs
[    2.963554] calling  param_sysfs_init+0x0/0x1ba @ 1
[    2.973044] initcall param_sysfs_init+0x0/0x1ba returned 0 after 3906 usecs
[    2.980034] calling  user_namespace_sysctl_init+0x0/0x33 @ 1
[    2.987771] initcall user_namespace_sysctl_init+0x0/0x33 returned 0 after 0 usecs
[    2.998570] calling  proc_schedstat_init+0x0/0x24 @ 1
[    3.005557] initcall proc_schedstat_init+0x0/0x24 returned 0 after 0 usecs
[    3.015552] calling  pm_sysrq_init+0x0/0x18 @ 1
[    3.025984] initcall pm_sysrq_init+0x0/0x18 returned 0 after 2929 usecs
[    3.026704] calling  create_proc_profile+0x0/0xd0 @ 1
[    3.027549] initcall create_proc_profile+0x0/0xd0 returned 0 after 0 usecs
[    3.028548] calling  time_ns_init+0x0/0x7 @ 1
[    3.029547] initcall time_ns_init+0x0/0x7 returned 0 after 0 usecs
[    3.030548] calling  crash_save_vmcoreinfo_init+0x0/0x722 @ 1
[    3.031990] initcall crash_save_vmcoreinfo_init+0x0/0x722 returned 0 after 0 usecs
[    3.032548] calling  crash_notes_memory_init+0x0/0x35 @ 1
[    3.033567] initcall crash_notes_memory_init+0x0/0x35 returned 0 after 0 usecs
[    3.034548] calling  cgroup_sysfs_init+0x0/0x13 @ 1
[    3.036546] initcall cgroup_sysfs_init+0x0/0x13 returned 0 after 976 usecs
[    3.037553] calling  cgroup_namespaces_init+0x0/0x7 @ 1
[    3.038553] initcall cgroup_namespaces_init+0x0/0x7 returned 0 after 0 usecs
[    3.039553] calling  init_optprobes+0x0/0x13 @ 1
[    3.040545] Kprobes globally optimized
[    3.041548] initcall init_optprobes+0x0/0x13 returned 0 after 976 usecs
[    3.042548] calling  oom_init+0x0/0x2f @ 1
[    3.046549] initcall oom_init+0x0/0x2f returned 0 after 2929 usecs
[    3.055555] calling  default_bdi_init+0x0/0xb3 @ 1
[    3.072876] initcall default_bdi_init+0x0/0xb3 returned 0 after 11718 usecs
[    3.084559] calling  percpu_enable_async+0x0/0xe @ 1
[    3.089551] initcall percpu_enable_async+0x0/0xe returned 0 after 0 usecs
[    3.095549] calling  kcompactd_init+0x0/0x8d @ 1
[    3.107096] initcall kcompactd_init+0x0/0x8d returned 0 after 3906 usecs
[    3.117695] calling  init_user_reserve+0x0/0x40 @ 1
[    3.122549] initcall init_user_reserve+0x0/0x40 returned 0 after 0 usecs
[    3.128558] calling  init_admin_reserve+0x0/0x40 @ 1
[    3.136550] initcall init_admin_reserve+0x0/0x40 returned 0 after 0 usecs
[    3.146557] calling  init_reserve_notifier+0x0/0x7 @ 1
[    3.150552] initcall init_reserve_notifier+0x0/0x7 returned 0 after 0 usecs
[    3.156551] calling  swap_init_sysfs+0x0/0x62 @ 1
[    3.160562] initcall swap_init_sysfs+0x0/0x62 returned 0 after 0 usecs
[    3.168550] calling  swapfile_init+0x0/0x94 @ 1
[    3.175550] initcall swapfile_init+0x0/0x94 returned 0 after 0 usecs
[    3.184549] calling  hugetlb_init+0x0/0x496 @ 1
[    3.191556] HugeTLB registered 2.00 MiB page size, pre-allocated 0 pages
[    3.200583] initcall hugetlb_init+0x0/0x496 returned 0 after 8789 usecs
[    3.210551] calling  io_wq_init+0x0/0x34 @ 1
[    3.218005] initcall io_wq_init+0x0/0x34 returned 0 after 0 usecs
[    3.225565] calling  seqiv_module_init+0x0/0xc @ 1
[    3.230554] initcall seqiv_module_init+0x0/0xc returned 0 after 0 usecs
[    3.239547] calling  echainiv_module_init+0x0/0xc @ 1
[    3.245549] initcall echainiv_module_init+0x0/0xc returned 0 after 0 usecs
[    3.255539] calling  rsa_init+0x0/0x50 @ 1
[    3.265423] cryptomgr_test (130) used greatest stack depth: 15504 bytes left
[    3.264841] initcall rsa_init+0x0/0x50 returned 0 after 4882 usecs
[    3.264848] calling  crypto_cmac_module_init+0x0/0xc @ 1
[    3.291558] initcall crypto_cmac_module_init+0x0/0xc returned 0 after 0 usecs
[    3.299588] calling  hmac_module_init+0x0/0xc @ 1
[    3.306554] initcall hmac_module_init+0x0/0xc returned 0 after 0 usecs
[    3.314550] calling  crypto_null_mod_init+0x0/0x65 @ 1
[    3.334307] cryptomgr_test (134) used greatest stack depth: 15408 bytes left
[    3.334120] initcall crypto_null_mod_init+0x0/0x65 returned 0 after 12695 usecs
[    3.351558] calling  md5_mod_init+0x0/0xc @ 1
[    3.365729] initcall md5_mod_init+0x0/0xc returned 0 after 5859 usecs
[    3.375603] calling  sha256_generic_mod_init+0x0/0x11 @ 1
[    3.423539] initcall sha256_generic_mod_init+0x0/0x11 returned 0 after 39062 usecs
[    3.436830] calling  crypto_cbc_module_init+0x0/0xc @ 1
[    3.444102] initcall crypto_cbc_module_init+0x0/0xc returned 0 after 976 usecs
[    3.453552] calling  crypto_ctr_module_init+0x0/0x11 @ 1
[    3.460548] initcall crypto_ctr_module_init+0x0/0x11 returned 0 after 0 usecs
[    3.468552] calling  crypto_gcm_module_init+0x0/0x64 @ 1
[    3.476038] initcall crypto_gcm_module_init+0x0/0x64 returned 0 after 1953 usecs
[    3.486554] calling  crypto_ccm_module_init+0x0/0x11 @ 1
[    3.492753] initcall crypto_ccm_module_init+0x0/0x11 returned 0 after 0 usecs
[    3.504643] calling  aes_init+0x0/0xc @ 1
[    3.513448] initcall aes_init+0x0/0xc returned 0 after 3906 usecs
[    3.520556] calling  crc32c_mod_init+0x0/0xc @ 1
[    3.528420] initcall crc32c_mod_init+0x0/0xc returned 0 after 1953 usecs
[    3.536554] calling  crypto_authenc_module_init+0x0/0xc @ 1
[    3.543707] initcall crypto_authenc_module_init+0x0/0xc returned 0 after 0 usecs
[    3.552551] calling  crypto_authenc_esn_module_init+0x0/0xc @ 1
[    3.560739] initcall crypto_authenc_esn_module_init+0x0/0xc returned 0 after 0 usecs
[    3.570555] calling  drbg_init+0x0/0x7c @ 1
[    3.582917] cryptomgr_test (141) used greatest stack depth: 14936 bytes left
[    3.596321] initcall drbg_init+0x0/0x7c returned 0 after 19531 usecs
[    3.604563] calling  ghash_mod_init+0x0/0xc @ 1
[    3.612423] initcall ghash_mod_init+0x0/0xc returned 0 after 1953 usecs
[    3.621748] calling  init_bio+0x0/0x9a @ 1
[    3.630463] initcall init_bio+0x0/0x9a returned 0 after 2929 usecs
[    3.636563] calling  blk_settings_init+0x0/0x29 @ 1
[    3.644558] initcall blk_settings_init+0x0/0x29 returned 0 after 976 usecs
[    3.655562] calling  blk_ioc_init+0x0/0x29 @ 1
[    3.661561] initcall blk_ioc_init+0x0/0x29 returned 0 after 0 usecs
[    3.670556] calling  blk_mq_init+0x0/0xb9 @ 1
[    3.677648] initcall blk_mq_init+0x0/0xb9 returned 0 after 0 usecs
[    3.685562] calling  genhd_device_init+0x0/0x75 @ 1
[    3.700255] initcall genhd_device_init+0x0/0x75 returned 0 after 7812 usecs
[    3.708755] calling  pci_slot_init+0x0/0x40 @ 1
[    3.715546] initcall pci_slot_init+0x0/0x40 returned 0 after 976 usecs
[    3.723548] calling  fbmem_init+0x0/0xd8 @ 1
[    3.734557] initcall fbmem_init+0x0/0xd8 returned 0 after 4882 usecs
[    3.742625] calling  acpi_init+0x0/0x319 @ 1
[    3.749421] ACPI: Added _OSI(Module Device)
[    3.754544] ACPI: Added _OSI(Processor Device)
[    3.760544] ACPI: Added _OSI(3.0 _SCP Extensions)
[    3.766545] ACPI: Added _OSI(Processor Aggregator Device)
[    3.773545] ACPI: Added _OSI(Linux-Dell-Video)
[    3.780545] ACPI: Added _OSI(Linux-Lenovo-NV-HDMI-Audio)
[    3.786545] ACPI: Added _OSI(Linux-HPI-Hybrid-Graphics)
[    3.803206] ACPI: 1 ACPI AML tables successfully acquired and loaded
[    3.829584] ACPI: Interpreter enabled
[    3.835240] ACPI: (supports S0 S3 S4 S5)
[    3.840834] ACPI: Using IOAPIC for interrupt routing
[    3.848615] PCI: Using host bridge windows from ACPI; if necessary, use "pci=nocrs" and report a bug
[    3.862824] ACPI: Enabled 2 GPEs in block 00 to 3F
[    3.878201] ACPI: PCI Root Bridge [PCI0] (domain 0000 [bus 00-ff])
[    3.886740] acpi PNP0A08:00: _OSC: OS supports [ExtendedConfig ASPM ClockPM Segments MSI HPX-Type3]
[    3.898626] acpi PNP0A08:00: _OSC: platform does not support [LTR]
[    3.906608] acpi PNP0A08:00: _OSC: OS now controls [PME PCIeCapability]
[    3.915966] PCI host bridge to bus 0000:00
[    3.920665] pci_bus 0000:00: root bus resource [io  0x0000-0x0cf7 window]
[    3.929578] pci_bus 0000:00: root bus resource [io  0x0d00-0xffff window]
[    3.939545] pci_bus 0000:00: root bus resource [mem 0x000a0000-0x000bffff window]
[    3.948547] pci_bus 0000:00: root bus resource [mem 0x20000000-0xafffffff window]
[    3.960548] pci_bus 0000:00: root bus resource [mem 0xc0000000-0xfebfffff window]
[    3.971548] pci_bus 0000:00: root bus resource [mem 0x100000000-0x8ffffffff window]
[    3.982549] pci_bus 0000:00: root bus resource [bus 00-ff]
[    3.991748] pci 0000:00:00.0: calling  quirk_mmio_always_on+0x0/0x10 @ 1
[    3.999549] pci 0000:00:00.0: quirk_mmio_always_on+0x0/0x10 took 0 usecs
[    4.007674] pci 0000:00:00.0: [8086:29c0] type 00 class 0x060000
[    4.019255] pci 0000:00:00.0: calling  quirk_igfx_skip_te_disable+0x0/0x80 @ 1
[    4.026667] pci 0000:00:00.0: quirk_igfx_skip_te_disable+0x0/0x80 took 976 usecs
[    4.040214] pci 0000:00:01.0: [1234:1111] type 00 class 0x030000
[    4.055539] pci 0000:00:01.0: reg 0x10: [mem 0xfd000000-0xfdffffff pref]
[    4.092539] pci 0000:00:01.0: reg 0x18: [mem 0xfebf0000-0xfebf0fff]
[    4.137200] pci 0000:00:01.0: reg 0x30: [mem 0xfebe0000-0xfebeffff pref]
[    4.148539] pci 0000:00:01.0: calling  efifb_fixup_resources+0x0/0xf0 @ 1
[    4.157583] pci 0000:00:01.0: efifb_fixup_resources+0x0/0xf0 took 0 usecs
[    4.173638] pci 0000:00:1f.0: [8086:2918] type 00 class 0x060100
[    4.187036] pci 0000:00:1f.0: calling  quirk_ich7_lpc+0x0/0x60 @ 1
[    4.195595] pci 0000:00:1f.0: quirk: [io  0x0600-0x067f] claimed by ICH6 ACPI/GPIO/TCO
[    4.205986] pci 0000:00:1f.0: quirk_ich7_lpc+0x0/0x60 took 10742 usecs
[    4.214648] pci 0000:00:1f.0: calling  quirk_igfx_skip_te_disable+0x0/0x80 @ 1
[    4.224609] pci 0000:00:1f.0: quirk_igfx_skip_te_disable+0x0/0x80 took 0 usecs
[    4.235104] pci 0000:00:1f.2: [8086:2922] type 00 class 0x010601
[    4.250546] pci 0000:00:1f.2: reg 0x20: [io  0xc040-0xc05f]
[    4.259206] pci 0000:00:1f.2: reg 0x24: [mem 0xfebf1000-0xfebf1fff]
[    4.268573] pci 0000:00:1f.2: calling  quirk_igfx_skip_te_disable+0x0/0x80 @ 1
[    4.277553] pci 0000:00:1f.2: quirk_igfx_skip_te_disable+0x0/0x80 took 0 usecs
[    4.291037] pci 0000:00:1f.3: [8086:2930] type 00 class 0x0c0500
[    4.304545] pci 0000:00:1f.3: reg 0x20: [io  0x0700-0x073f]
[    4.314246] pci 0000:00:1f.3: calling  quirk_igfx_skip_te_disable+0x0/0x80 @ 1
[    4.323553] pci 0000:00:1f.3: quirk_igfx_skip_te_disable+0x0/0x80 took 0 usecs
[    4.335946] ACPI: PCI Interrupt Link [LNKA] (IRQs 5 *10 11)
[    4.343563] ACPI: PCI Interrupt Link [LNKB] (IRQs 5 *10 11)
[    4.350984] ACPI: PCI Interrupt Link [LNKC] (IRQs 5 10 *11)
[    4.358548] ACPI: PCI Interrupt Link [LNKD] (IRQs 5 10 *11)
[    4.365933] ACPI: PCI Interrupt Link [LNKE] (IRQs 5 *10 11)
[    4.372938] ACPI: PCI Interrupt Link [LNKF] (IRQs 5 *10 11)
[    4.380791] ACPI: PCI Interrupt Link [LNKG] (IRQs 5 10 *11)
[    4.387954] ACPI: PCI Interrupt Link [LNKH] (IRQs 5 10 *11)
[    4.394759] ACPI: PCI Interrupt Link [GSIA] (IRQs *16)
[    4.401558] ACPI: PCI Interrupt Link [GSIB] (IRQs *17)
[    4.408559] ACPI: PCI Interrupt Link [GSIC] (IRQs *18)
[    4.414562] ACPI: PCI Interrupt Link [GSID] (IRQs *19)
[    4.421564] ACPI: PCI Interrupt Link [GSIE] (IRQs *20)
[    4.428561] ACPI: PCI Interrupt Link [GSIF] (IRQs *21)
[    4.435578] ACPI: PCI Interrupt Link [GSIG] (IRQs *22)
[    4.441558] ACPI: PCI Interrupt Link [GSIH] (IRQs *23)
[    4.452437] initcall acpi_init+0x0/0x319 returned 0 after 687500 usecs
[    4.460825] calling  pnp_init+0x0/0xc @ 1
[    4.465608] initcall pnp_init+0x0/0xc returned 0 after 976 usecs
[    4.476553] calling  misc_init+0x0/0xbf @ 1
[    4.481929] initcall misc_init+0x0/0xbf returned 0 after 976 usecs
[    4.489547] calling  iommu_subsys_init+0x0/0x4e @ 1
[    4.494847] iommu: Default domain type: Translated 
[    4.500549] initcall iommu_subsys_init+0x0/0x4e returned 0 after 5859 usecs
[    4.509549] calling  vga_arb_device_init+0x0/0x261 @ 1
[    4.522845] pci 0000:00:01.0: vgaarb: setting as boot VGA device
[    4.523539] pci 0000:00:01.0: vgaarb: VGA device added: decodes=io+mem,owns=io+mem,locks=none
[    4.542548] pci 0000:00:01.0: vgaarb: bridge control possible
[    4.549544] vgaarb: loaded
[    4.553558] initcall vga_arb_device_init+0x0/0x261 returned 0 after 34179 usecs
[    4.563622] calling  cn_init+0x0/0xf0 @ 1
[    4.569936] initcall cn_init+0x0/0xf0 returned 0 after 976 usecs
[    4.577547] calling  dma_buf_init+0x0/0xad @ 1
[    4.584405] initcall dma_buf_init+0x0/0xad returned 0 after 976 usecs
[    4.592546] calling  init_scsi+0x0/0x79 @ 1
[    4.598056] SCSI subsystem initialized
[    4.602546] initcall init_scsi+0x0/0x79 returned 0 after 4882 usecs
[    4.610547] calling  ata_init+0x0/0x332 @ 1
[    4.617702] libata version 3.00 loaded.
[    4.622548] initcall ata_init+0x0/0x332 returned 0 after 5859 usecs
[    4.631557] calling  phy_init+0x0/0x250 @ 1
[    4.638970] initcall phy_init+0x0/0x250 returned 0 after 0 usecs
[    4.648551] calling  init_pcmcia_cs+0x0/0x35 @ 1
[    4.655648] initcall init_pcmcia_cs+0x0/0x35 returned 0 after 0 usecs
[    4.664549] calling  usb_common_init+0x0/0x1c @ 1
[    4.672601] initcall usb_common_init+0x0/0x1c returned 0 after 0 usecs
[    4.682548] calling  usb_init+0x0/0x12e @ 1
[    4.688140] ACPI: bus type USB registered
[    4.694539] usbcore: registered new interface driver usbfs
[    4.703683] usbcore: registered new interface driver hub
[    4.711571] usbcore: registered new device driver usb
[    4.719550] initcall usb_init+0x0/0x12e returned 0 after 31250 usecs
[    4.729554] calling  serio_init+0x0/0x29 @ 1
[    4.734613] initcall serio_init+0x0/0x29 returned 0 after 976 usecs
[    4.742546] calling  input_init+0x0/0xf6 @ 1
[    4.747675] initcall input_init+0x0/0xf6 returned 0 after 0 usecs
[    4.755545] calling  rtc_init+0x0/0x4d @ 1
[    4.760576] initcall rtc_init+0x0/0x4d returned 0 after 0 usecs
[    4.768554] calling  pps_init+0x0/0xa9 @ 1
[    4.774650] pps_core: LinuxPPS API ver. 1 registered
[    4.780544] pps_core: Software ver. 5.3.6 - Copyright 2005-2007 Rodolfo Giometti <giometti@linux.it>
[    4.792581] initcall pps_init+0x0/0xa9 returned 0 after 17578 usecs
[    4.800549] calling  ptp_init+0x0/0x98 @ 1
[    4.806560] PTP clock support registered
[    4.811550] initcall ptp_init+0x0/0x98 returned 0 after 4882 usecs
[    4.819549] calling  power_supply_class_init+0x0/0x3f @ 1
[    4.827573] initcall power_supply_class_init+0x0/0x3f returned 0 after 0 usecs
[    4.836548] calling  hwmon_init+0x0/0x104 @ 1
[    4.842563] initcall hwmon_init+0x0/0x104 returned 0 after 0 usecs
[    4.850547] calling  md_init+0x0/0x16b @ 1
[    4.857059] initcall md_init+0x0/0x16b returned 0 after 976 usecs
[    4.865557] calling  leds_init+0x0/0x3b @ 1
[    4.871699] initcall leds_init+0x0/0x3b returned 0 after 0 usecs
[    4.878562] calling  dmi_init+0x0/0x113 @ 1
[    4.884734] initcall dmi_init+0x0/0x113 returned 0 after 0 usecs
[    4.891546] calling  efisubsys_init+0x0/0x4e7 @ 1
[    4.897580] initcall efisubsys_init+0x0/0x4e7 returned 0 after 0 usecs
[    4.905547] calling  nvmem_init+0x0/0xc @ 1
[    4.910640] initcall nvmem_init+0x0/0xc returned 0 after 0 usecs
[    4.918554] calling  init_soundcore+0x0/0x33 @ 1
[    4.923584] initcall init_soundcore+0x0/0x33 returned 0 after 976 usecs
[    4.931546] calling  alsa_sound_init+0x0/0x8f @ 1
[    4.937767] Advanced Linux Sound Architecture Driver Initialized.
[    4.945546] initcall alsa_sound_init+0x0/0x8f returned 0 after 7812 usecs
[    4.953545] calling  alsa_seq_device_init+0x0/0x71 @ 1
[    4.960613] initcall alsa_seq_device_init+0x0/0x71 returned 0 after 0 usecs
[    4.968546] calling  hda_bus_init+0x0/0xc @ 1
[    4.973576] initcall hda_bus_init+0x0/0xc returned 0 after 0 usecs
[    4.981546] calling  proto_init+0x0/0xc @ 1
[    4.986634] initcall proto_init+0x0/0xc returned 0 after 0 usecs
[    4.993545] calling  net_dev_init+0x0/0x209 @ 1
[    5.002114] initcall net_dev_init+0x0/0x209 returned 0 after 1953 usecs
[    5.010546] calling  neigh_init+0x0/0x84 @ 1
[    5.015548] initcall neigh_init+0x0/0x84 returned 0 after 0 usecs
[    5.023548] calling  fib_notifier_init+0x0/0xc @ 1
[    5.030545] initcall fib_notifier_init+0x0/0xc returned 0 after 0 usecs
[    5.038548] calling  fib_rules_init+0x0/0xab @ 1
[    5.044606] initcall fib_rules_init+0x0/0xab returned 0 after 0 usecs
[    5.051545] calling  pktsched_init+0x0/0x10e @ 1
[    5.057606] initcall pktsched_init+0x0/0x10e returned 0 after 0 usecs
[    5.065546] calling  tc_filter_init+0x0/0xfa @ 1
[    5.070593] initcall tc_filter_init+0x0/0xfa returned 0 after 0 usecs
[    5.078545] calling  tc_action_init+0x0/0x54 @ 1
[    5.084546] initcall tc_action_init+0x0/0x54 returned 0 after 0 usecs
[    5.091556] calling  ethnl_init+0x0/0x52 @ 1
[    5.097648] initcall ethnl_init+0x0/0x52 returned 0 after 0 usecs
[    5.104547] calling  nexthop_init+0x0/0xd8 @ 1
[    5.110672] initcall nexthop_init+0x0/0xd8 returned 0 after 0 usecs
[    5.117560] calling  cipso_v4_init+0x0/0x5d @ 1
[    5.123605] initcall cipso_v4_init+0x0/0x5d returned 0 after 0 usecs
[    5.131560] calling  ieee80211_init+0x0/0x24 @ 1
[    5.136119] initcall ieee80211_init+0x0/0x24 returned 0 after 976 usecs
[    5.144546] calling  netlbl_init+0x0/0x78 @ 1
[    5.150611] NetLabel: Initializing
[    5.153542] NetLabel:  domain hash size = 128
[    5.158542] NetLabel:  protocols = UNLABELED CIPSOv4 CALIPSO
[    5.165001] NetLabel:  unlabeled traffic allowed by default
[    5.172550] initcall netlbl_init+0x0/0x78 returned 0 after 21484 usecs
[    5.180548] calling  rfkill_init+0x0/0x111 @ 1
[    5.187827] initcall rfkill_init+0x0/0x111 returned 0 after 0 usecs
[    5.195553] calling  pci_subsys_init+0x0/0x66 @ 1
[    5.201701] PCI: Using ACPI for IRQ routing
[    5.905584] PCI: pci_cache_line_size set to 64 bytes
[    5.912857] e820: reserve RAM buffer [mem 0x0009fc00-0x0009ffff]
[    5.920544] e820: reserve RAM buffer [mem 0x1ffdf000-0x1fffffff]
[    5.928083] initcall pci_subsys_init+0x0/0x66 returned 0 after 708984 usecs
[    5.939001] calling  nmi_warning_debugfs+0x0/0x26 @ 1
[    5.945896] initcall nmi_warning_debugfs+0x0/0x26 returned 0 after 976 usecs
[    5.953562] calling  save_microcode_in_initrd+0x0/0x51 @ 1
[    5.960732] initcall save_microcode_in_initrd+0x0/0x51 returned 0 after 0 usecs
[    5.968546] calling  hpet_late_init+0x0/0x207 @ 1
[    5.974956] hpet: 3 channels of 0 reserved for per-cpu timers
[    5.981817] hpet0: at MMIO 0xfed00000, IRQs 2, 8, 0
[    5.987543] hpet0: 3 comparators, 64-bit 100.000000 MHz counter
[    5.996546] initcall hpet_late_init+0x0/0x207 returned 0 after 21484 usecs
[    6.004546] calling  init_amd_nbs+0x0/0x11c @ 1
[    6.010723] initcall init_amd_nbs+0x0/0x11c returned 0 after 0 usecs
[    6.017563] calling  clocksource_done_booting+0x0/0x41 @ 1
[    6.027893] clocksource: Switched to clocksource kvm-clock
[    6.034519] initcall clocksource_done_booting+0x0/0x41 returned 0 after 9741 usecs
[    6.043194] calling  tracer_init_tracefs+0x0/0x242 @ 1
[    6.244781] initcall tracer_init_tracefs+0x0/0x242 returned 0 after 190939 usecs
[    6.254183] calling  init_trace_printk_function_export+0x0/0x2c @ 1
[    6.263553] initcall init_trace_printk_function_export+0x0/0x2c returned 0 after 15 usecs
[    6.275780] calling  init_kprobe_trace+0x0/0x1a9 @ 1
[    6.283030] initcall init_kprobe_trace+0x0/0x1a9 returned 0 after 54 usecs
[    6.291019] calling  init_dynamic_event+0x0/0x3d @ 1
[    6.296920] initcall init_dynamic_event+0x0/0x3d returned 0 after 8 usecs
[    6.304849] calling  init_uprobe_trace+0x0/0x5c @ 1
[    6.310681] initcall init_uprobe_trace+0x0/0x5c returned 0 after 30 usecs
[    6.318696] calling  init_pipe_fs+0x0/0x44 @ 1
[    6.324356] initcall init_pipe_fs+0x0/0x44 returned 0 after 397 usecs
[    6.331830] calling  inotify_user_setup+0x0/0x47 @ 1
[    6.337765] initcall inotify_user_setup+0x0/0x47 returned 0 after 43 usecs
[    6.346544] calling  eventpoll_init+0x0/0xd4 @ 1
[    6.353555] initcall eventpoll_init+0x0/0xd4 returned 0 after 120 usecs
[    6.363385] calling  anon_inode_init+0x0/0x58 @ 1
[    6.370490] initcall anon_inode_init+0x0/0x58 returned 0 after 82 usecs
[    6.380046] calling  proc_locks_init+0x0/0x27 @ 1
[    6.385790] initcall proc_locks_init+0x0/0x27 returned 0 after 148 usecs
[    6.393531] calling  iomap_init+0x0/0x1b @ 1
[    6.398868] initcall iomap_init+0x0/0x1b returned 0 after 187 usecs
[    6.406150] calling  dquot_init+0x0/0x106 @ 1
[    6.411246] VFS: Disk quotas dquot_6.6.0
[    6.416255] VFS: Dquot-cache hash table entries: 512 (order 0, 4096 bytes)
[    6.424336] initcall dquot_init+0x0/0x106 returned 0 after 12780 usecs
[    6.432420] calling  quota_init+0x0/0x23 @ 1
[    6.437838] initcall quota_init+0x0/0x23 returned 0 after 375 usecs
[    6.445145] calling  proc_cmdline_init+0x0/0x21 @ 1
[    6.450846] initcall proc_cmdline_init+0x0/0x21 returned 0 after 15 usecs
[    6.458662] calling  proc_consoles_init+0x0/0x24 @ 1
[    6.464426] initcall proc_consoles_init+0x0/0x24 returned 0 after 4 usecs
[    6.472200] calling  proc_cpuinfo_init+0x0/0x1e @ 1
[    6.477952] initcall proc_cpuinfo_init+0x0/0x1e returned 0 after 3 usecs
[    6.485840] calling  proc_devices_init+0x0/0x24 @ 1
[    6.491638] initcall proc_devices_init+0x0/0x24 returned 0 after 90 usecs
[    6.499629] calling  proc_interrupts_init+0x0/0x24 @ 1
[    6.505853] initcall proc_interrupts_init+0x0/0x24 returned 0 after 4 usecs
[    6.513777] calling  proc_loadavg_init+0x0/0x21 @ 1
[    6.519472] initcall proc_loadavg_init+0x0/0x21 returned 0 after 3 usecs
[    6.527334] calling  proc_meminfo_init+0x0/0x21 @ 1
[    6.533160] initcall proc_meminfo_init+0x0/0x21 returned 0 after 3 usecs
[    6.541095] calling  proc_stat_init+0x0/0x1e @ 1
[    6.546675] initcall proc_stat_init+0x0/0x1e returned 0 after 3 usecs
[    6.554221] calling  proc_uptime_init+0x0/0x21 @ 1
[    6.559918] initcall proc_uptime_init+0x0/0x21 returned 0 after 3 usecs
[    6.567645] calling  proc_version_init+0x0/0x21 @ 1
[    6.573514] initcall proc_version_init+0x0/0x21 returned 0 after 2 usecs
[    6.581374] calling  proc_softirqs_init+0x0/0x21 @ 1
[    6.587185] initcall proc_softirqs_init+0x0/0x21 returned 0 after 2 usecs
[    6.594948] calling  proc_kcore_init+0x0/0xea @ 1
[    6.600493] initcall proc_kcore_init+0x0/0xea returned 0 after 110 usecs
[    6.608256] calling  vmcore_init+0x0/0x578 @ 1
[    6.613507] initcall vmcore_init+0x0/0x578 returned 0 after 61 usecs
[    6.620836] calling  proc_kmsg_init+0x0/0x21 @ 1
[    6.626239] initcall proc_kmsg_init+0x0/0x21 returned 0 after 25 usecs
[    6.633875] calling  proc_page_init+0x0/0x3b @ 1
[    6.639398] initcall proc_page_init+0x0/0x3b returned 0 after 3 usecs
[    6.646946] calling  init_ramfs_fs+0x0/0xc @ 1
[    6.652232] initcall init_ramfs_fs+0x0/0xc returned 0 after 27 usecs
[    6.659664] calling  init_hugetlbfs_fs+0x0/0xf6 @ 1
[    6.665680] initcall init_hugetlbfs_fs+0x0/0xf6 returned 0 after 274 usecs
[    6.673701] calling  blk_scsi_ioctl_init+0x0/0x2a5 @ 1
[    6.679710] initcall blk_scsi_ioctl_init+0x0/0x2a5 returned 0 after 18 usecs
[    6.687941] calling  acpi_event_init+0x0/0x2c @ 1
[    6.693657] initcall acpi_event_init+0x0/0x2c returned 0 after 152 usecs
[    6.701521] calling  pnp_system_init+0x0/0xc @ 1
[    6.707457] initcall pnp_system_init+0x0/0xc returned 0 after 439 usecs
[    6.715224] calling  pnpacpi_init+0x0/0x69 @ 1
[    6.720667] pnp: PnP ACPI init
[    6.726344] pnp 00:00: Plug and Play ACPI device, IDs PNP0303 (active)
[    6.734083] pnp 00:01: Plug and Play ACPI device, IDs PNP0f13 (active)
[    6.741880] pnp 00:02: Plug and Play ACPI device, IDs PNP0400 (active)
[    6.749664] pnp 00:03: Plug and Play ACPI device, IDs PNP0501 (active)
[    6.757143] pnp 00:04: Plug and Play ACPI device, IDs PNP0b00 (active)
[    6.765567] system 00:05: [mem 0xb0000000-0xbfffffff window] has been reserved
[    6.773919] system 00:05: Plug and Play ACPI device, IDs PNP0c01 (active)
[    6.783352] pnp: PnP ACPI: found 6 devices
[    6.788910] initcall pnpacpi_init+0x0/0x69 returned 0 after 66768 usecs
[    6.797259] calling  chr_dev_init+0x0/0x14d @ 1
[    6.831856] initcall chr_dev_init+0x0/0x14d returned 0 after 28508 usecs
[    6.839709] calling  firmware_class_init+0x0/0xe7 @ 1
[    6.845898] initcall firmware_class_init+0x0/0xe7 returned 0 after 149 usecs
[    6.854075] calling  init_pcmcia_bus+0x0/0x5b @ 1
[    6.859794] initcall init_pcmcia_bus+0x0/0x5b returned 0 after 122 usecs
[    6.867631] calling  init_acpi_pm_clocksource+0x0/0xda @ 1
[    6.879716] clocksource: acpi_pm: mask: 0xffffff max_cycles: 0xffffff, max_idle_ns: 2085701024 ns
[    6.890106] initcall init_acpi_pm_clocksource+0x0/0xda returned 0 after 15565 usecs
[    6.899610] calling  sysctl_core_init+0x0/0x26 @ 1
[    6.905698] initcall sysctl_core_init+0x0/0x26 returned 0 after 260 usecs
[    6.915277] calling  eth_offload_init+0x0/0x13 @ 1
[    6.922781] initcall eth_offload_init+0x0/0x13 returned 0 after 20 usecs
[    6.932757] calling  ipv4_offload_init+0x0/0x73 @ 1
[    6.939831] initcall ipv4_offload_init+0x0/0x73 returned 0 after 99 usecs
[    6.947789] calling  inet_init+0x0/0x276 @ 1
[    6.953046] NET: Registered protocol family 2
[    6.958731] IP idents hash table entries: 8192 (order: 4, 65536 bytes, linear)
[    6.975268] tcp_listen_portaddr_hash hash table entries: 256 (order: 0, 4096 bytes, linear)
[    6.985043] TCP established hash table entries: 4096 (order: 3, 32768 bytes, linear)
[    6.994007] TCP bind hash table entries: 4096 (order: 4, 65536 bytes, linear)
[    7.002764] TCP: Hash tables configured (established 4096 bind 4096)
[    7.011041] UDP hash table entries: 256 (order: 1, 8192 bytes, linear)
[    7.018620] UDP-Lite hash table entries: 256 (order: 1, 8192 bytes, linear)
[    7.027004] initcall inet_init+0x0/0x276 returned 0 after 72388 usecs
[    7.042868] calling  af_unix_init+0x0/0x4d @ 1
[    7.049154] NET: Registered protocol family 1
[    7.054840] initcall af_unix_init+0x0/0x4d returned 0 after 6237 usecs
[    7.063086] calling  ipv6_offload_init+0x0/0x7e @ 1
[    7.069085] initcall ipv6_offload_init+0x0/0x7e returned 0 after 249 usecs
[    7.080703] calling  init_sunrpc+0x0/0x65 @ 1
[    7.093288] RPC: Registered named UNIX socket transport module.
[    7.102170] RPC: Registered udp transport module.
[    7.109139] RPC: Registered tcp transport module.
[    7.116116] RPC: Registered tcp NFSv4.1 backchannel transport module.
[    7.125747] initcall init_sunrpc+0x0/0x65 returned 0 after 39030 usecs
[    7.135493] calling  cfg80211_init+0x0/0xc5 @ 1
[    7.146617] initcall cfg80211_init+0x0/0xc5 returned 0 after 4130 usecs
[    7.156718] calling  pcibios_assign_resources+0x0/0xbf @ 1
[    7.165361] pci_bus 0000:00: resource 4 [io  0x0000-0x0cf7 window]
[    7.174705] pci_bus 0000:00: resource 5 [io  0x0d00-0xffff window]
[    7.184129] pci_bus 0000:00: resource 6 [mem 0x000a0000-0x000bffff window]
[    7.194392] pci_bus 0000:00: resource 7 [mem 0x20000000-0xafffffff window]
[    7.204702] pci_bus 0000:00: resource 8 [mem 0xc0000000-0xfebfffff window]
[    7.214871] pci_bus 0000:00: resource 9 [mem 0x100000000-0x8ffffffff window]
[    7.225748] initcall pcibios_assign_resources+0x0/0xbf returned 0 after 59418 usecs
[    7.236980] calling  pci_apply_final_quirks+0x0/0x124 @ 1
[    7.245655] pci 0000:00:01.0: calling  pci_fixup_video+0x0/0xe0 @ 1
[    7.255653] pci 0000:00:01.0: Video device with shadowed ROM at [mem 0x000c0000-0x000dffff]
[    7.268292] pci 0000:00:01.0: pci_fixup_video+0x0/0xe0 took 12841 usecs
[    7.278809] PCI: CLS 0 bytes, default 64
[    7.284814] initcall pci_apply_final_quirks+0x0/0x124 returned 0 after 38764 usecs
[    7.296154] calling  acpi_reserve_resources+0x0/0xea @ 1
[    7.304265] initcall acpi_reserve_resources+0x0/0xea returned 0 after 58 usecs
[    7.315238] calling  populate_rootfs+0x0/0x102 @ 1
[    7.326241] initcall populate_rootfs+0x0/0x102 returned 0 after 3663 usecs
[    7.337056] calling  pci_iommu_init+0x0/0x3e @ 1
[    7.344392] initcall pci_iommu_init+0x0/0x3e returned 0 after 156 usecs
[    7.357381] calling  ia32_binfmt_init+0x0/0x13 @ 1
[    7.364815] initcall ia32_binfmt_init+0x0/0x13 returned 0 after 59 usecs
[    7.374014] calling  rapl_pmu_init+0x0/0x267 @ 1
[    7.379908] initcall rapl_pmu_init+0x0/0x267 returned -19 after 77 usecs
[    7.388622] calling  amd_uncore_init+0x0/0x310 @ 1
[    7.395201] initcall amd_uncore_init+0x0/0x310 returned -19 after 0 usecs
[    7.406369] calling  amd_ibs_init+0x0/0x27b @ 1
[    7.417403] initcall amd_ibs_init+0x0/0x27b returned -19 after 31 usecs
[    7.426722] calling  amd_iommu_pc_init+0x0/0x215 @ 1
[    7.434931] initcall amd_iommu_pc_init+0x0/0x215 returned -19 after 25 usecs
[    7.444368] calling  msr_init+0x0/0x55 @ 1
[    7.450092] initcall msr_init+0x0/0x55 returned 0 after 234 usecs
[    7.458271] calling  intel_uncore_init+0x0/0x36f @ 1
[    7.465128] initcall intel_uncore_init+0x0/0x36f returned -19 after 37 usecs
[    7.474767] calling  cstate_pmu_init+0x0/0x1a1 @ 1
[    7.481324] initcall cstate_pmu_init+0x0/0x1a1 returned -19 after 0 usecs
[    7.491721] calling  register_kernel_offset_dumper+0x0/0x1a @ 1
[    7.499727] initcall register_kernel_offset_dumper+0x0/0x1a returned 0 after 152 usecs
[    7.510062] calling  i8259A_init_ops+0x0/0x20 @ 1
[    7.517514] initcall i8259A_init_ops+0x0/0x20 returned 0 after 1 usecs
[    7.526669] calling  init_tsc_clocksource+0x0/0xa4 @ 1
[    7.533691] clocksource: tsc: mask: 0xffffffffffffffff max_cycles: 0x39a85afc727, max_idle_ns: 881590685098 ns
[    7.546880] initcall init_tsc_clocksource+0x0/0xa4 returned 0 after 12959 usecs
[    7.556819] calling  add_rtc_cmos+0x0/0xb0 @ 1
[    7.563066] initcall add_rtc_cmos+0x0/0xb0 returned 0 after 78 usecs
[    7.571944] calling  i8237A_init_ops+0x0/0x3a @ 1
[    7.578547] initcall i8237A_init_ops+0x0/0x3a returned 0 after 107 usecs
[    7.587786] calling  umwait_init+0x0/0x94 @ 1
[    7.593925] initcall umwait_init+0x0/0x94 returned -19 after 25 usecs
[    7.602970] calling  thermal_throttle_init_device+0x0/0x3d @ 1
[    7.611867] initcall thermal_throttle_init_device+0x0/0x3d returned 0 after 58 usecs
[    7.622887] calling  msr_init+0x0/0xd7 @ 1
[    7.668088] initcall msr_init+0x0/0xd7 returned 0 after 37724 usecs
[    7.676849] calling  cpuid_init+0x0/0xd7 @ 1
[    7.699171] initcall cpuid_init+0x0/0xd7 returned 0 after 15908 usecs
[    7.708160] calling  ioapic_init_ops+0x0/0x13 @ 1
[    7.714958] initcall ioapic_init_ops+0x0/0x13 returned 0 after 100 usecs
[    7.724261] calling  add_pcspkr+0x0/0x6c @ 1
[    7.730400] initcall add_pcspkr+0x0/0x6c returned 0 after 112 usecs
[    7.739563] calling  start_periodic_check_for_corruption+0x0/0x30 @ 1
[    7.748500] check: Scanning for low memory corruption every 60 seconds
[    7.757209] initcall start_periodic_check_for_corruption+0x0/0x30 returned 0 after 8559 usecs
[    7.770118] calling  sysfb_init+0x0/0x9c @ 1
[    7.776405] initcall sysfb_init+0x0/0x9c returned 0 after 184 usecs
[    7.785160] calling  audit_classes_init+0x0/0xae @ 1
[    7.792143] initcall audit_classes_init+0x0/0xae returned 0 after 67 usecs
[    7.801178] calling  iosf_mbi_init+0x0/0x24 @ 1
[    7.807825] initcall iosf_mbi_init+0x0/0x24 returned 0 after 595 usecs
[    7.816675] calling  proc_execdomains_init+0x0/0x21 @ 1
[    7.823862] initcall proc_execdomains_init+0x0/0x21 returned 0 after 103 usecs
[    7.833214] calling  register_warn_debugfs+0x0/0x23 @ 1
[    7.840805] initcall register_warn_debugfs+0x0/0x23 returned 0 after 28 usecs
[    7.850646] calling  cpuhp_sysfs_init+0x0/0x79 @ 1
[    7.858099] initcall cpuhp_sysfs_init+0x0/0x79 returned 0 after 353 usecs
[    7.867446] calling  ioresources_init+0x0/0x49 @ 1
[    7.874152] initcall ioresources_init+0x0/0x49 returned 0 after 5 usecs
[    7.883458] calling  snapshot_device_init+0x0/0xc @ 1
[    7.891122] initcall snapshot_device_init+0x0/0xc returned 0 after 817 usecs
[    7.900592] calling  irq_pm_init_ops+0x0/0x13 @ 1
[    7.907212] initcall irq_pm_init_ops+0x0/0x13 returned 0 after 21 usecs
[    7.916118] calling  rcu_torture_init+0x0/0x9a6 @ 1
[    7.923864] rcu-torture:--- Start of test: nreaders=15 nfakewriters=4 stat_interval=15 verbose=1 test_no_idle_hz=1 shuffle_interval=3 stutter=5 irqreader=1 fqs_duration=0 fqs_holdoff=0 fqs_stutter=3 test_boost=1/0 test_boost_interval=7 test_boost_duration=4 shutdown_secs=1800 stall_cpu=0 stall_cpu_holdoff=10 stall_cpu_irqsoff=0 stall_cpu_block=0 n_barrier_cbs=4 onoff_interval=200 onoff_holdoff=30 read_exit_delay=13 read_exit_burst=16
[    7.979217] rcu:  Start-test grace-period state: g-952 f0x0
[    7.988635] rcu-torture: Creating rcu_torture_writer task
[    7.997750] rcu-torture: Creating rcu_torture_fakewriter task
[    7.997941] rcu-torture: rcu_torture_writer task started
[    8.006852] rcu-torture: Creating rcu_torture_fakewriter task
[    8.006889] rcu-torture: rcu_torture_fakewriter task started
[    8.014291] rcu-torture: GP expediting controlled from boot/sysfs for rcu.
[    8.023303] rcu-torture: Creating rcu_torture_fakewriter task
[    8.023363] rcu-torture: rcu_torture_fakewriter task started
[    8.031343] rcu_torture_writer: Testing conditional GPs.
[    8.044085] rcu-torture: Creating rcu_torture_fakewriter task
[    8.044541] rcu-torture: rcu_torture_fakewriter task started
[    8.050937] rcu_torture_writer: Testing expedited GPs.
[    8.070790] rcu-torture: Creating rcu_torture_reader task
[    8.070793] rcu-torture: rcu_torture_fakewriter task started
[    8.077281] rcu_torture_writer: Testing asynchronous GPs.
[    8.087852] rcu-torture: Creating rcu_torture_reader task
[    8.087869] rcu-torture: rcu_torture_reader task started
[    8.095068] rcu_torture_writer: Testing normal GPs.
[    8.105915] rcu-torture: Creating rcu_torture_reader task
[    8.105975] rcu-torture: rcu_torture_reader task started
[    8.165121] rcu-torture: Creating rcu_torture_reader task
[    8.165168] rcu-torture: rcu_torture_reader task started
[    8.174755] rcu-torture: Creating rcu_torture_reader task
[    8.174783] rcu-torture: rcu_torture_reader task started
[    8.196799] rcu-torture: Creating rcu_torture_reader task
[    8.196861] rcu-torture: rcu_torture_reader task started
[    8.206186] rcu-torture: Creating rcu_torture_reader task
[    8.206215] rcu-torture: rcu_torture_reader task started
[    8.232970] rcu-torture: Creating rcu_torture_reader task
[    8.232975] rcu-torture: rcu_torture_reader task started
[    8.243870] rcu-torture: Creating rcu_torture_reader task
[    8.243878] rcu-torture: rcu_torture_reader task started
[    8.269350] rcu-torture: Creating rcu_torture_reader task
[    8.269388] rcu-torture: rcu_torture_reader task started
[    8.282304] rcu-torture: Creating rcu_torture_reader task
[    8.282308] rcu-torture: rcu_torture_reader task started
[    8.305606] rcu-torture: Creating rcu_torture_reader task
[    8.306114] rcu-torture: rcu_torture_reader task started
[    8.319206] rcu-torture: Creating rcu_torture_reader task
[    8.319236] rcu-torture: rcu_torture_reader task started
[    8.342808] rcu-torture: rcu_torture_reader task started
[    8.342870] rcu-torture: Creating rcu_torture_reader task
[    8.362584] rcu-torture: Creating rcu_torture_reader task
[    8.362830] rcu-torture: rcu_torture_reader task started
[    8.374965] rcu-torture: Creating rcu_torture_stats task
[    8.374986] rcu-torture: rcu_torture_reader task started
[    8.401077] rcu-torture: Creating torture_shuffle task
[    8.401178] rcu-torture: rcu_torture_stats task started
[    8.412112] rcu-torture: Creating torture_stutter task
[    8.412138] rcu-torture: torture_shuffle task started
[    8.439738] rcu-torture: Creating torture_shutdown task
[    8.439859] rcu-torture: torture_stutter task started
[    8.450016] rcu-torture: Creating torture_onoff task
[    8.450052] rcu-torture: torture_shutdown task started
[    8.450055] rcu-torture:torture_shutdown task: 1799989 ms remaining
[    8.484166] rcu-torture: Creating rcu_torture_fwd_prog task
[    8.484284] rcu-torture: torture_onoff task started
[    8.493366] rcu-torture: Creating rcu_torture_barrier_cbs task
[    8.493385] rcu-torture: rcu_torture_fwd_progress task started
[    8.500195] rcu-torture: torture_onoff begin holdoff
[    8.511456] rcu-torture: Creating rcu_torture_barrier_cbs task
[    8.511498] rcu-torture: rcu_torture_barrier_cbs task started
[    8.547814] rcu-torture: rcu_torture_barrier_cbs task started
[    8.548062] rcu-torture: Creating rcu_torture_barrier_cbs task
[    8.569318] rcu-torture: Creating rcu_torture_barrier_cbs task
[    8.569343] rcu-torture: rcu_torture_barrier_cbs task started
[    8.580955] rcu-torture: Creating rcu_torture_barrier task
[    8.580979] rcu-torture: rcu_torture_barrier_cbs task started
[    8.608088] rcu-torture: rcu_torture_barrier task starting
[    8.608219] rcu-torture: Creating rcu_torture_read_exit task
[    8.632070] rcu-torture: rcu_torture_read_exit: Start of test
[    8.632238] initcall rcu_torture_init+0x0/0x9a6 returned 0 after 691893 usecs
[    8.651835] calling  timekeeping_init_ops+0x0/0x13 @ 1
[    8.661072] initcall timekeeping_init_ops+0x0/0x13 returned 0 after 722 usecs
[    8.674549] calling  init_clocksource_sysfs+0x0/0x23 @ 1
[    8.684687] initcall init_clocksource_sysfs+0x0/0x23 returned 0 after 1466 usecs
[    8.696343] calling  init_timer_list_procfs+0x0/0x31 @ 1
[    8.704056] initcall init_timer_list_procfs+0x0/0x31 returned 0 after 645 usecs
[    8.716007] calling  alarmtimer_init+0x0/0xc7 @ 1
[    8.725658] initcall alarmtimer_init+0x0/0xc7 returned 0 after 2738 usecs
[    8.738544] calling  init_posix_timers+0x0/0x29 @ 1
[    8.746361] initcall init_posix_timers+0x0/0x29 returned 0 after 714 usecs
[    8.756029] calling  clockevents_init_sysfs+0x0/0xbf @ 1
[    8.766070] initcall clockevents_init_sysfs+0x0/0xbf returned 0 after 1665 usecs
[    8.778580] calling  proc_dma_init+0x0/0x21 @ 1
[    8.786408] initcall proc_dma_init+0x0/0x21 returned 0 after 135 usecs
[    8.797305] calling  proc_modules_init+0x0/0x1e @ 1
[    8.804320] initcall proc_modules_init+0x0/0x1e returned 0 after 10 usecs
[    8.813706] calling  kallsyms_init+0x0/0x21 @ 1
[    8.820034] initcall kallsyms_init+0x0/0x21 returned 0 after 5 usecs
[    8.829881] calling  pid_namespaces_init+0x0/0x2c @ 1
[    8.838869] initcall pid_namespaces_init+0x0/0x2c returned 0 after 314 usecs
[    8.850746] calling  audit_watch_init+0x0/0x37 @ 1
[    8.858647] initcall audit_watch_init+0x0/0x37 returned 0 after 2 usecs
[    8.869600] calling  audit_fsnotify_init+0x0/0x37 @ 1
[    8.878192] initcall audit_fsnotify_init+0x0/0x37 returned 0 after 2 usecs
[    8.889678] calling  audit_tree_init+0x0/0x6d @ 1
[    8.897523] initcall audit_tree_init+0x0/0x6d returned 0 after 9 usecs
[    8.908433] calling  seccomp_sysctl_init+0x0/0x2b @ 1
[    8.917175] initcall seccomp_sysctl_init+0x0/0x2b returned 0 after 18 usecs
[    8.929503] calling  utsname_sysctl_init+0x0/0x13 @ 1
[    8.938691] initcall utsname_sysctl_init+0x0/0x13 returned 0 after 70 usecs
[    8.951020] calling  init_tracepoints+0x0/0x27 @ 1
[    8.959789] initcall init_tracepoints+0x0/0x27 returned 0 after 90 usecs
[    8.971760] calling  init_blk_tracer+0x0/0x50 @ 1
[    8.982706] initcall init_blk_tracer+0x0/0x50 returned 0 after 3367 usecs
[    8.993892] calling  perf_event_sysfs_init+0x0/0x81 @ 1
[    9.002328] initcall perf_event_sysfs_init+0x0/0x81 returned 0 after 450 usecs
[    9.012665] calling  system_trusted_keyring_init+0x0/0x60 @ 1
[    9.020897] Initialise system trusted keyrings
[    9.028013] initcall system_trusted_keyring_init+0x0/0x60 returned 0 after 6944 usecs
[    9.039906] calling  kswapd_init+0x0/0x5c @ 1
[    9.048488] initcall kswapd_init+0x0/0x5c returned 0 after 1547 usecs
[    9.061144] calling  extfrag_debug_init+0x0/0x54 @ 1
[    9.072200] initcall extfrag_debug_init+0x0/0x54 returned 0 after 1867 usecs
[    9.083982] calling  mm_compute_batch_init+0x0/0x12 @ 1
[    9.092331] initcall mm_compute_batch_init+0x0/0x12 returned 0 after 4 usecs
[    9.104854] calling  slab_proc_init+0x0/0x21 @ 1
[    9.113498] initcall slab_proc_init+0x0/0x21 returned 0 after 186 usecs
[    9.125868] calling  workingset_init+0x0/0x8c @ 1
[    9.133800] workingset: timestamp_bits=56 max_order=17 bucket_order=0
[    9.143734] initcall workingset_init+0x0/0x8c returned 0 after 9909 usecs
[    9.155722] calling  proc_vmalloc_init+0x0/0x32 @ 1
[    9.163515] initcall proc_vmalloc_init+0x0/0x32 returned 0 after 17 usecs
[    9.174232] calling  procswaps_init+0x0/0x1e @ 1
[    9.181784] initcall procswaps_init+0x0/0x1e returned 0 after 79 usecs
[    9.191773] calling  slab_sysfs_init+0x0/0xea @ 1
[    9.209909] initcall slab_sysfs_init+0x0/0xea returned 0 after 10444 usecs
[    9.220320] calling  fcntl_init+0x0/0x29 @ 1
[    9.226844] initcall fcntl_init+0x0/0x29 returned 0 after 13 usecs
[    9.236370] calling  proc_filesystems_init+0x0/0x21 @ 1
[    9.244007] initcall proc_filesystems_init+0x0/0x21 returned 0 after 5 usecs
[    9.254161] calling  start_dirtytime_writeback+0x0/0x29 @ 1
[    9.262389] initcall start_dirtytime_writeback+0x0/0x29 returned 0 after 2 usecs
[    9.273054] calling  blkdev_init+0x0/0x1b @ 1
[    9.280481] initcall blkdev_init+0x0/0x1b returned 0 after 996 usecs
[    9.290456] calling  dio_init+0x0/0x2c @ 1
[    9.299126] initcall dio_init+0x0/0x2c returned 0 after 1627 usecs
[    9.308373] calling  dnotify_init+0x0/0x78 @ 1
[    9.315455] initcall dnotify_init+0x0/0x78 returned 0 after 248 usecs
[    9.325397] calling  aio_setup+0x0/0x78 @ 1
[    9.333419] initcall aio_setup+0x0/0x78 returned 0 after 1519 usecs
[    9.343038] calling  io_uring_init+0x0/0x2c @ 1
[    9.349823] initcall io_uring_init+0x0/0x2c returned 0 after 9 usecs
[    9.359869] calling  mbcache_init+0x0/0x30 @ 1
[    9.367076] initcall mbcache_init+0x0/0x30 returned 0 after 130 usecs
[    9.377254] calling  init_grace+0x0/0xc @ 1
[    9.384144] initcall init_grace+0x0/0xc returned 0 after 99 usecs
[    9.393689] calling  init_v2_quota_format+0x0/0x21 @ 1
[    9.401621] initcall init_v2_quota_format+0x0/0x21 returned 0 after 167 usecs
[    9.412158] calling  init_devpts_fs+0x0/0x27 @ 1
[    9.419579] initcall init_devpts_fs+0x0/0x27 returned 0 after 175 usecs
[    9.430016] calling  ext4_init_fs+0x0/0x1d0 @ 1
[    9.438945] initcall ext4_init_fs+0x0/0x1d0 returned 0 after 1553 usecs
[    9.449533] calling  journal_init+0x0/0x11c @ 1
[    9.457339] initcall journal_init+0x0/0x11c returned 0 after 459 usecs
[    9.467508] calling  init_fat_fs+0x0/0x49 @ 1
[    9.474880] initcall init_fat_fs+0x0/0x49 returned 0 after 632 usecs
[    9.484546] calling  init_vfat_fs+0x0/0xc @ 1
[    9.491080] initcall init_vfat_fs+0x0/0xc returned 0 after 6 usecs
[    9.500912] calling  init_msdos_fs+0x0/0xc @ 1
[    9.507982] initcall init_msdos_fs+0x0/0xc returned 0 after 5 usecs
[    9.517529] calling  init_iso9660_fs+0x0/0x6c @ 1
[    9.524638] initcall init_iso9660_fs+0x0/0x6c returned 0 after 203 usecs
[    9.534642] calling  init_nfs_fs+0x0/0x13a @ 1
[    9.546257] initcall init_nfs_fs+0x0/0x13a returned 0 after 4816 usecs
[    9.555642] calling  init_nfs_v2+0x0/0x13 @ 1
[    9.562452] initcall init_nfs_v2+0x0/0x13 returned 0 after 231 usecs
[    9.571741] calling  init_nfs_v3+0x0/0x13 @ 1
[    9.578831] initcall init_nfs_v3+0x0/0x13 returned 0 after 51 usecs
[    9.588893] calling  init_nfs_v4+0x0/0x32 @ 1
[    9.596947] NFS: Registering the id_resolver key type
[    9.605896] Key type id_resolver registered
[    9.612913] Key type id_legacy registered
[    9.620668] initcall init_nfs_v4+0x0/0x32 returned 0 after 23451 usecs
[    9.631198] calling  init_nlm+0x0/0x5b @ 1
[    9.638248] initcall init_nlm+0x0/0x5b returned 0 after 334 usecs
[    9.648178] calling  init_nls_cp437+0x0/0xe @ 1
[    9.655499] initcall init_nls_cp437+0x0/0xe returned 0 after 95 usecs
[    9.666722] calling  init_nls_ascii+0x0/0xe @ 1
[    9.674504] initcall init_nls_ascii+0x0/0xe returned 0 after 1 usecs
[    9.684227] calling  init_nls_iso8859_1+0x0/0xe @ 1
[    9.691391] initcall init_nls_iso8859_1+0x0/0xe returned 0 after 2 usecs
[    9.701693] calling  init_nls_utf8+0x0/0x21 @ 1
[    9.708715] initcall init_nls_utf8+0x0/0x21 returned 0 after 1 usecs
[    9.718280] calling  init_autofs_fs+0x0/0x25 @ 1
[    9.727023] initcall init_autofs_fs+0x0/0x25 returned 0 after 1404 usecs
[    9.737908] calling  ipc_init+0x0/0x24 @ 1
[    9.744363] initcall ipc_init+0x0/0x24 returned 0 after 481 usecs
[    9.753436] calling  ipc_sysctl_init+0x0/0x13 @ 1
[    9.762388] initcall ipc_sysctl_init+0x0/0x13 returned 0 after 507 usecs
[    9.773398] calling  init_mqueue_fs+0x0/0x9a @ 1
[    9.801327] initcall init_mqueue_fs+0x0/0x9a returned 0 after 19568 usecs
[    9.814567] calling  key_proc_init+0x0/0x63 @ 1
[    9.822483] initcall key_proc_init+0x0/0x63 returned 0 after 7 usecs
[    9.832776] calling  selinux_nf_ip_init+0x0/0x2e @ 1
[    9.841304] initcall selinux_nf_ip_init+0x0/0x2e returned 0 after 209 usecs
[    9.853449] calling  init_sel_fs+0x0/0x116 @ 1
[    9.861592] initcall init_sel_fs+0x0/0x116 returned 0 after 506 usecs
[    9.872589] calling  selnl_init+0x0/0x7c @ 1
[    9.880746] initcall selnl_init+0x0/0x7c returned 0 after 824 usecs
[    9.891203] calling  sel_netif_init+0x0/0x36 @ 1
[    9.898994] initcall sel_netif_init+0x0/0x36 returned 0 after 0 usecs
[    9.909535] calling  sel_netnode_init+0x0/0x33 @ 1
[    9.917684] initcall sel_netnode_init+0x0/0x33 returned 0 after 0 usecs
[    9.928574] calling  sel_netport_init+0x0/0x33 @ 1
[    9.936822] initcall sel_netport_init+0x0/0x33 returned 0 after 0 usecs
[    9.947636] calling  aurule_init+0x0/0x2a @ 1
[    9.954562] initcall aurule_init+0x0/0x2a returned 0 after 1 usecs
[    9.964293] calling  crypto_algapi_init+0x0/0xc @ 1
[    9.972158] initcall crypto_algapi_init+0x0/0xc returned 0 after 13 usecs
[    9.983139] calling  jent_mod_init+0x0/0x2d @ 1
[   10.004833] initcall jent_mod_init+0x0/0x2d returned 0 after 13596 usecs
[   10.015834] calling  asymmetric_key_init+0x0/0xc @ 1
[   10.024965] Key type asymmetric registered
[   10.031074] initcall asymmetric_key_init+0x0/0xc returned 0 after 6834 usecs
[   10.041706] calling  x509_key_init+0x0/0xc @ 1
[   10.048843] Asymmetric key parser 'x509' registered
[   10.056394] initcall x509_key_init+0x0/0xc returned 0 after 7411 usecs
[   10.066256] calling  proc_genhd_init+0x0/0x41 @ 1
[   10.073347] initcall proc_genhd_init+0x0/0x41 returned 0 after 325 usecs
[   10.083209] calling  bsg_init+0x0/0x113 @ 1
[   10.091189] Block layer SCSI generic (bsg) driver version 0.4 loaded (major 251)
[   10.103734] initcall bsg_init+0x0/0x113 returned 0 after 12642 usecs
[   10.114975] calling  deadline_init+0x0/0xc @ 1
[   10.121425] io scheduler mq-deadline registered
[   10.128160] initcall deadline_init+0x0/0xc returned 0 after 6678 usecs
[   10.138103] calling  kyber_init+0x0/0xc @ 1
[   10.144324] io scheduler kyber registered
[   10.150429] initcall kyber_init+0x0/0xc returned 0 after 6012 usecs
[   10.159647] calling  mod_init+0x0/0x7 @ 1
[   10.165703] initcall mod_init+0x0/0x7 returned 0 after 1 usecs
[   10.177285] calling  percpu_counter_startup+0x0/0x55 @ 1
[   10.199592] initcall percpu_counter_startup+0x0/0x55 returned 0 after 14082 usecs
[   10.212018] calling  sg_pool_init+0x0/0xb4 @ 1
[   10.222079] initcall sg_pool_init+0x0/0xb4 returned 0 after 2843 usecs
[   10.234083] calling  pcie_portdrv_init+0x0/0x39 @ 1
[   10.243169] initcall pcie_portdrv_init+0x0/0x39 returned 0 after 189 usecs
[   10.255509] calling  pci_proc_init+0x0/0x68 @ 1
[   10.264037] initcall pci_proc_init+0x0/0x68 returned 0 after 597 usecs
[   10.274935] calling  pci_hotplug_init+0x0/0x7 @ 1
[   10.283346] initcall pci_hotplug_init+0x0/0x7 returned 0 after 326 usecs
[   10.294613] calling  efifb_driver_init+0x0/0xe @ 1
[   10.303040] initcall efifb_driver_init+0x0/0xe returned 0 after 25 usecs
[   10.314944] calling  ged_driver_init+0x0/0xe @ 1
[   10.323568] initcall ged_driver_init+0x0/0xe returned 0 after 476 usecs
[   10.334773] calling  acpi_ac_init+0x0/0x92 @ 1
[   10.343177] initcall acpi_ac_init+0x0/0x92 returned 0 after 841 usecs
[   10.353214] calling  acpi_button_driver_init+0x0/0x52 @ 1
[   10.363566] input: Power Button as /devices/LNXSYSTM:00/LNXPWRBN:00/input/input0
[   10.377773] ACPI: Power Button [PWRF]
[   10.384875] initcall acpi_button_driver_init+0x0/0x52 returned 0 after 22237 usecs
[   10.396426] calling  acpi_fan_driver_init+0x0/0xe @ 1
[   10.405180] initcall acpi_fan_driver_init+0x0/0xe returned 0 after 557 usecs
[   10.416042] calling  acpi_video_init+0x0/0xcb @ 1
[   10.424055] initcall acpi_video_init+0x0/0xcb returned 0 after 473 usecs
[   10.433727] calling  acpi_processor_driver_init+0x0/0xad @ 1
[   10.443745] initcall acpi_processor_driver_init+0x0/0xad returned 0 after 2217 usecs
[   10.455376] calling  acpi_thermal_init+0x0/0x71 @ 1
[   10.465727] initcall acpi_thermal_init+0x0/0x71 returned 0 after 1471 usecs
[   10.476836] calling  acpi_battery_init+0x0/0x32 @ 1
[   10.488184] initcall acpi_battery_init+0x0/0x32 returned 0 after 784 usecs
[   10.499569] calling  bgrt_init+0x0/0xb6 @ 1
[   10.506940] initcall bgrt_init+0x0/0xb6 returned -19 after 75 usecs
[   10.517289] calling  gpio_clk_driver_init+0x0/0xe @ 1
[   10.525919] initcall gpio_clk_driver_init+0x0/0xe returned 0 after 128 usecs
[   10.537826] calling  plt_clk_driver_init+0x0/0xe @ 1
[   10.546590] initcall plt_clk_driver_init+0x0/0xe returned 0 after 414 usecs
[   10.557728] calling  virtio_pci_driver_init+0x0/0x15 @ 1
[   10.565766] initcall virtio_pci_driver_init+0x0/0x15 returned 0 after 359 usecs
[   10.575672] calling  n_null_init+0x0/0x1e @ 1
[   10.582308] initcall n_null_init+0x0/0x1e returned 0 after 119 usecs
[   10.592094] calling  pty_init+0x0/0x1e8 @ 1
[   10.602501] initcall pty_init+0x0/0x1e8 returned 0 after 3844 usecs
[   10.613780] calling  sysrq_init+0x0/0x62 @ 1
[   10.621609] initcall sysrq_init+0x0/0x62 returned 0 after 656 usecs
[   10.632387] calling  serial8250_init+0x0/0x17e @ 1
[   10.640124] Serial: 8250/16550 driver, 4 ports, IRQ sharing enabled
[   10.652410] 00:03: ttyS0 at I/O 0x3f8 (irq = 4, base_baud = 115200) is a 16550A
[   10.682994] initcall serial8250_init+0x0/0x17e returned 0 after 42218 usecs
[   10.692984] calling  serial_pci_driver_init+0x0/0x15 @ 1
[   10.702290] initcall serial_pci_driver_init+0x0/0x15 returned 0 after 1062 usecs
[   10.712633] calling  exar_pci_driver_init+0x0/0x15 @ 1
[   10.720256] initcall exar_pci_driver_init+0x0/0x15 returned 0 after 324 usecs
[   10.763873] calling  lpss8250_pci_driver_init+0x0/0x15 @ 1
[   10.786769] initcall lpss8250_pci_driver_init+0x0/0x15 returned 0 after 7645 usecs
[   10.798856] calling  mid8250_pci_driver_init+0x0/0x15 @ 1
[   10.807221] initcall mid8250_pci_driver_init+0x0/0x15 returned 0 after 26 usecs
[   10.819292] calling  virtio_console_init+0x0/0xff @ 1
[   10.833872] initcall virtio_console_init+0x0/0xff returned 0 after 5194 usecs
[   10.846931] calling  hpet_init+0x0/0x64 @ 1
[   10.873160] initcall hpet_init+0x0/0x64 returned 0 after 18134 usecs
[   10.884772] calling  nvram_module_init+0x0/0x83 @ 1
[   10.898238] Non-volatile memory driver v1.3
[   10.905576] initcall nvram_module_init+0x0/0x83 returned 0 after 12717 usecs
[   10.916753] calling  hwrng_modinit+0x0/0x8a @ 1
[   10.925881] initcall hwrng_modinit+0x0/0x8a returned 0 after 1737 usecs
[   10.936378] calling  mod_init+0x0/0x48 @ 1
[   10.943086] initcall mod_init+0x0/0x48 returned -19 after 0 usecs
[   10.953252] calling  agp_init+0x0/0x23 @ 1
[   10.959880] Linux agpgart interface v0.103
[   10.966583] initcall agp_init+0x0/0x23 returned 0 after 6543 usecs
[   10.977275] calling  agp_amd64_mod_init+0x0/0x5 @ 1
[   10.986887] initcall agp_amd64_mod_init+0x0/0x5 returned -19 after 824 usecs
[   10.998397] calling  agp_intel_init+0x0/0x28 @ 1
[   11.009914] initcall agp_intel_init+0x0/0x28 returned 0 after 1896 usecs
[   11.021925] calling  drm_kms_helper_init+0x0/0x7 @ 1
[   11.033313] initcall drm_kms_helper_init+0x0/0x7 returned 0 after 558 usecs
[   11.043270] calling  drm_core_init+0x0/0xa4 @ 1
[   11.053084] initcall drm_core_init+0x0/0xa4 returned 0 after 3181 usecs
[   11.062514] calling  i915_init+0x0/0x6b @ 1
[   11.079504] initcall i915_init+0x0/0x6b returned 0 after 10287 usecs
[   11.091835] calling  cn_proc_init+0x0/0x35 @ 1
[   11.098966] initcall cn_proc_init+0x0/0x35 returned 0 after 3 usecs
[   11.108617] calling  topology_sysfs_init+0x0/0x27 @ 1
[   11.117790] initcall topology_sysfs_init+0x0/0x27 returned 0 after 1409 usecs
[   11.127729] calling  cacheinfo_sysfs_init+0x0/0x27 @ 1
[   11.206405] initcall cacheinfo_sysfs_init+0x0/0x27 returned 0 after 69764 usecs
[   11.219057] calling  loop_init+0x0/0x168 @ 1
[   11.381060] loop: module loaded
[   11.386359] initcall loop_init+0x0/0x168 returned 0 after 157177 usecs
[   11.397462] calling  mac_hid_init+0x0/0x21 @ 1
[   11.404960] initcall mac_hid_init+0x0/0x21 returned 0 after 54 usecs
[   11.415604] calling  spi_transport_init+0x0/0x74 @ 1
[   11.424072] initcall spi_transport_init+0x0/0x74 returned 0 after 634 usecs
[   11.435326] calling  init_sd+0x0/0x18c @ 1
[   11.442857] initcall init_sd+0x0/0x18c returned 0 after 670 usecs
[   11.452957] calling  init_sr+0x0/0x43 @ 1
[   11.459729] initcall init_sr+0x0/0x43 returned 0 after 185 usecs
[   11.469770] calling  init_sg+0x0/0x1c0 @ 1
[   11.476809] initcall init_sg+0x0/0x1c0 returned 0 after 400 usecs
[   11.486599] calling  ahci_pci_driver_init+0x0/0x15 @ 1
[   11.496565] ahci 0000:00:1f.2: version 3.0
[   11.508469] PCI Interrupt Link [GSIA] enabled at IRQ 16
[   11.537465] ahci 0000:00:1f.2: AHCI 0001.0000 32 slots 6 ports 1.5 Gbps 0x3f impl SATA mode
[   11.551109] ahci 0000:00:1f.2: flags: 64bit ncq only 
[   11.601387] scsi host0: ahci
[   11.622438] scsi host1: ahci
[   11.659205] scsi host2: ahci
[   11.688466] scsi host3: ahci
[   11.697511] scsi host4: ahci
[   11.715418] scsi host5: ahci
[   11.720486] ata1: SATA max UDMA/133 abar m4096@0xfebf1000 port 0xfebf1100 irq 24
[   11.731931] ata2: SATA max UDMA/133 abar m4096@0xfebf1000 port 0xfebf1180 irq 24
[   11.743028] ata3: SATA max UDMA/133 abar m4096@0xfebf1000 port 0xfebf1200 irq 24
[   11.753851] ata4: SATA max UDMA/133 abar m4096@0xfebf1000 port 0xfebf1280 irq 24
[   11.765779] ata5: SATA max UDMA/133 abar m4096@0xfebf1000 port 0xfebf1300 irq 24
[   11.776968] ata6: SATA max UDMA/133 abar m4096@0xfebf1000 port 0xfebf1380 irq 24
[   11.790231] initcall ahci_pci_driver_init+0x0/0x15 returned 0 after 288028 usecs
[   11.802266] calling  piix_init+0x0/0x26 @ 1
[   11.809032] initcall piix_init+0x0/0x26 returned 0 after 165 usecs
[   11.819890] calling  amd_pci_driver_init+0x0/0x15 @ 1
[   11.827146] initcall amd_pci_driver_init+0x0/0x15 returned 0 after 216 usecs
[   11.837479] calling  oldpiix_pci_driver_init+0x0/0x15 @ 1
[   11.845759] initcall oldpiix_pci_driver_init+0x0/0x15 returned 0 after 336 usecs
[   11.856704] calling  sch_pci_driver_init+0x0/0x15 @ 1
[   11.864177] initcall sch_pci_driver_init+0x0/0x15 returned 0 after 240 usecs
[   11.874211] calling  net_olddevs_init+0x0/0x55 @ 1
[   11.881260] initcall net_olddevs_init+0x0/0x55 returned 0 after 104 usecs
[   11.891693] calling  blackhole_netdev_init+0x0/0x78 @ 1
[   11.901408] initcall blackhole_netdev_init+0x0/0x78 returned 0 after 2108 usecs
[   11.911686] calling  phy_module_init+0x0/0x13 @ 1
[   11.926453] initcall phy_module_init+0x0/0x13 returned 0 after 561 usecs
[   11.936601] calling  tg3_driver_init+0x0/0x15 @ 1
[   11.943215] initcall tg3_driver_init+0x0/0x15 returned 0 after 103 usecs
[   11.951762] calling  e100_init_module+0x0/0x4c @ 1
[   11.958057] e100: Intel(R) PRO/100 Network Driver
[   11.965949] e100: Copyright(c) 1999-2006 Intel Corporation
[   11.975367] initcall e100_init_module+0x0/0x4c returned 0 after 16923 usecs
[   11.985480] calling  e1000_init_module+0x0/0x72 @ 1
[   11.992282] e1000: Intel(R) PRO/1000 Network Driver
[   11.999351] e1000: Copyright (c) 1999-2006 Intel Corporation.
[   12.007790] initcall e1000_init_module+0x0/0x72 returned 0 after 15140 usecs
[   12.018372] calling  e1000_init_module+0x0/0x2d @ 1
[   12.026547] e1000e: Intel(R) PRO/1000 Network Driver
[   12.035055] e1000e: Copyright(c) 1999 - 2015 Intel Corporation.
[   12.044810] initcall e1000_init_module+0x0/0x2d returned 0 after 17854 usecs
[   12.054500] calling  sky2_init_module+0x0/0x21 @ 1
[   12.060713] sky2: driver version 1.30
[   12.066346] initcall sky2_init_module+0x0/0x21 returned 0 after 5495 usecs
[   12.076011] calling  forcedeth_pci_driver_init+0x0/0x15 @ 1
[   12.083910] initcall forcedeth_pci_driver_init+0x0/0x15 returned 0 after 37 usecs
[   12.093259] calling  rtl8139_init_module+0x0/0x15 @ 1
[   12.100356] initcall rtl8139_init_module+0x0/0x15 returned 0 after 69 usecs
[   12.108999] calling  rtl8169_pci_driver_init+0x0/0x15 @ 1
[   12.116369] initcall rtl8169_pci_driver_init+0x0/0x15 returned 0 after 55 usecs
[   12.128715] calling  cdrom_init+0x0/0xc @ 1
[   12.134771] initcall cdrom_init+0x0/0xc returned 0 after 37 usecs
[   12.144657] ata4: SATA link down (SStatus 0 SControl 300)
[   12.146540] calling  nonstatic_sysfs_init+0x0/0xc @ 1
[   12.146697] initcall nonstatic_sysfs_init+0x0/0xc returned 0 after 148 usecs
[   12.169656] calling  yenta_cardbus_driver_init+0x0/0x15 @ 1
[   12.176420] ata2: SATA link down (SStatus 0 SControl 300)
[   12.177161] initcall yenta_cardbus_driver_init+0x0/0x15 returned 0 after 234 usecs
[   12.187009] ata5: SATA link down (SStatus 0 SControl 300)
[   12.194348] calling  mon_init+0x0/0x12d @ 1
[   12.195068] initcall mon_init+0x0/0x12d returned 0 after 698 usecs
[   12.206485] ata1: SATA link down (SStatus 0 SControl 300)
[   12.209157] calling  ehci_hcd_init+0x0/0x56 @ 1
[   12.221323] ata3: SATA link up 1.5 Gbps (SStatus 113 SControl 300)
[   12.224101] ehci_hcd: USB 2.0 'Enhanced' Host Controller (EHCI) Driver
[   12.240770] ata6: SATA link down (SStatus 0 SControl 300)
[   12.242635] initcall ehci_hcd_init+0x0/0x56 returned 0 after 18185 usecs
[   12.271536] ata3.00: ATAPI: QEMU DVD-ROM, 2.5+, max UDMA/100
[   12.278019] calling  ehci_pci_init+0x0/0x64 @ 1
[   12.286894] ata3.00: applying bridge limits
[   12.288243] ata3.00: configured for UDMA/100
[   12.295360] ehci-pci: EHCI PCI platform driver
[   12.295450] initcall ehci_pci_init+0x0/0x64 returned 0 after 84 usecs
[   12.315319] scsi 2:0:0:0: CD-ROM            QEMU     QEMU DVD-ROM     2.5+ PQ: 0 ANSI: 5
[   12.316404] calling  ohci_hcd_mod_init+0x0/0x4e @ 1
[   12.316408] ohci_hcd: USB 1.1 'Open' Host Controller (OHCI) Driver
[   12.316424] initcall ohci_hcd_mod_init+0x0/0x4e returned 0 after 15 usecs
[   12.375356] calling  ohci_pci_init+0x0/0x64 @ 1
[   12.381434] ohci-pci: OHCI PCI platform driver
[   12.388411] initcall ohci_pci_init+0x0/0x64 returned 0 after 6812 usecs
[   12.396894] calling  uhci_hcd_init+0x0/0xa8 @ 1
[   12.403316] uhci_hcd: USB Universal Host Controller Interface driver
[   12.412140] initcall uhci_hcd_init+0x0/0xa8 returned 0 after 8837 usecs
[   12.416410] sr 2:0:0:0: [sr0] scsi3-mmc drive: 4x/4x cd/rw xa/form2 tray
[   12.421018] calling  xhci_hcd_init+0x0/0x1e @ 1
[   12.421063] initcall xhci_hcd_init+0x0/0x1e returned 0 after 40 usecs
[   12.431054] cdrom: Uniform CD-ROM driver Revision: 3.20
[   12.437250] calling  xhci_pci_init+0x0/0x49 @ 1
[   12.437470] initcall xhci_pci_init+0x0/0x49 returned 0 after 211 usecs
[   12.471302] calling  usblp_driver_init+0x0/0x15 @ 1
[   12.478182] usbcore: registered new interface driver usblp
[   12.490866] initcall usblp_driver_init+0x0/0x15 returned 0 after 12667 usecs
[   12.500118] calling  usb_storage_driver_init+0x0/0x2a @ 1
[   12.506864] usbcore: registered new interface driver usb-storage
[   12.509209] sr 2:0:0:0: Attached scsi CD-ROM sr0
[   12.515294] initcall usb_storage_driver_init+0x0/0x2a returned 0 after 8280 usecs
[   12.515298] calling  i8042_init+0x0/0x4c2 @ 1
[   12.515889] i8042: PNP: PS/2 Controller [PNP0303:KBD,PNP0f13:MOU] at 0x60,0x64 irq 1,12
[   12.540622] sr 2:0:0:0: Attached scsi generic sg0 type 5
[   12.568294] serio: i8042 KBD port at 0x60,0x64 irq 1
[   12.583300] serio: i8042 AUX port at 0x60,0x64 irq 12
[   12.591045] initcall i8042_init+0x0/0x4c2 returned 0 after 73960 usecs
[   12.601332] calling  serport_init+0x0/0x2c @ 1
[   12.607760] initcall serport_init+0x0/0x2c returned 0 after 316 usecs
[   12.616645] calling  input_leds_init+0x0/0xc @ 1
[   12.623355] initcall input_leds_init+0x0/0xc returned 0 after 336 usecs
[   12.633719] calling  evdev_init+0x0/0xc @ 1
[   12.640694] initcall evdev_init+0x0/0xc returned 0 after 672 usecs
[   12.650499] calling  atkbd_init+0x0/0x21 @ 1
[   12.657046] initcall atkbd_init+0x0/0x21 returned 0 after 590 usecs
[   12.665767] calling  psmouse_init+0x0/0x7f @ 1
[   12.673004] initcall psmouse_init+0x0/0x7f returned 0 after 1043 usecs
[   12.675198] input: AT Translated Set 2 keyboard as /devices/platform/i8042/serio0/input/input1
[   12.682987] calling  cmos_init+0x0/0x73 @ 1
[   12.702357] rtc_cmos 00:04: RTC can wake from S4
[   12.716149] rtc_cmos 00:04: registered as rtc0
[   12.724022] rtc_cmos 00:04: alarms up to one day, y3k, 242 bytes nvram, hpet irqs
[   12.741609] initcall cmos_init+0x0/0x73 returned 0 after 39490 usecs
[   12.751133] calling  smbalert_driver_init+0x0/0xe @ 1
[   12.758778] initcall smbalert_driver_init+0x0/0xe returned 0 after 58 usecs
[   12.769302] calling  i2c_i801_init+0x0/0xc5 @ 1
[   12.779294] i801_smbus 0000:00:1f.3: SMBus using PCI interrupt
[   12.810325] i2c i2c-0: 1/1 memory slots populated (from DMI)
[   12.819211] i2c i2c-0: Memory type 0x07 not supported yet, not instantiating SPD
[   12.834502] initcall i2c_i801_init+0x0/0xc5 returned 0 after 56371 usecs
[   12.844552] calling  ptp_kvm_init+0x0/0xf0 @ 1
[   12.852859] initcall ptp_kvm_init+0x0/0xf0 returned 0 after 1357 usecs
[   12.862619] calling  dm_init+0x0/0x3c @ 1
[   12.873551] device-mapper: ioctl: 4.43.0-ioctl (2020-10-01) initialised: dm-devel@redhat.com
[   12.886035] initcall dm_init+0x0/0x3c returned 0 after 16846 usecs
[   12.894883] calling  dm_mirror_init+0x0/0x29 @ 1
[   12.901831] initcall dm_mirror_init+0x0/0x29 returned 0 after 148 usecs
[   12.911692] calling  dm_dirty_log_init+0x0/0x4f @ 1
[   12.919489] initcall dm_dirty_log_init+0x0/0x4f returned 0 after 126 usecs
[   12.929547] calling  dm_zero_init+0x0/0x29 @ 1
[   12.936691] initcall dm_zero_init+0x0/0x29 returned 0 after 126 usecs
[   12.946809] calling  intel_pstate_init+0x0/0x50d @ 1
[   12.954831] intel_pstate: CPU model not supported
[   12.962240] initcall intel_pstate_init+0x0/0x50d returned -19 after 7506 usecs
[   12.973080] calling  haltpoll_init+0x0/0xc0 @ 1
[   12.980297] initcall haltpoll_init+0x0/0xc0 returned -19 after 333 usecs
[   12.990949] calling  efivars_sysfs_init+0x0/0x30 @ 1
[   13.002452] initcall efivars_sysfs_init+0x0/0x30 returned 0 after 61 usecs
[   13.013080] calling  esrt_sysfs_init+0x0/0x2a2 @ 1
[   13.020287] initcall esrt_sysfs_init+0x0/0x2a2 returned -38 after 30 usecs
[   13.030363] calling  hid_init+0x0/0x5c @ 1
[   13.036178] hid: raw HID events driver (C) Jiri Kosina
[   13.043993] initcall hid_init+0x0/0x5c returned 0 after 7840 usecs
[   13.053138] calling  hid_generic_init+0x0/0x15 @ 1
[   13.060781] initcall hid_generic_init+0x0/0x15 returned 0 after 210 usecs
[   13.070928] calling  a4_driver_init+0x0/0x15 @ 1
[   13.094329] initcall a4_driver_init+0x0/0x15 returned 0 after 28 usecs
[   13.121528] calling  apple_driver_init+0x0/0x15 @ 1
[   13.128857] initcall apple_driver_init+0x0/0x15 returned 0 after 92 usecs
[   13.155034] calling  belkin_driver_init+0x0/0x15 @ 1
[   13.163234] initcall belkin_driver_init+0x0/0x15 returned 0 after 562 usecs
[   13.174809] calling  ch_driver_init+0x0/0x15 @ 1
[   13.181980] initcall ch_driver_init+0x0/0x15 returned 0 after 28 usecs
[   13.191821] calling  ch_driver_init+0x0/0x15 @ 1
[   13.199063] initcall ch_driver_init+0x0/0x15 returned 0 after 501 usecs
[   13.209140] calling  cp_driver_init+0x0/0x15 @ 1
[   13.216199] initcall cp_driver_init+0x0/0x15 returned 0 after 21 usecs
[   13.226149] calling  ez_driver_init+0x0/0x15 @ 1
[   13.233237] initcall ez_driver_init+0x0/0x15 returned 0 after 25 usecs
[   13.242199] calling  gyration_driver_init+0x0/0x15 @ 1
[   13.250087] initcall gyration_driver_init+0x0/0x15 returned 0 after 109 usecs
[   13.260959] calling  ite_driver_init+0x0/0x15 @ 1
[   13.267848] initcall ite_driver_init+0x0/0x15 returned 0 after 23 usecs
[   13.277936] calling  ks_driver_init+0x0/0x15 @ 1
[   13.284990] initcall ks_driver_init+0x0/0x15 returned 0 after 35 usecs
[   13.295047] calling  lg_driver_init+0x0/0x15 @ 1
[   13.302384] initcall lg_driver_init+0x0/0x15 returned 0 after 42 usecs
[   13.312356] calling  lg_g15_driver_init+0x0/0x15 @ 1
[   13.322429] initcall lg_g15_driver_init+0x0/0x15 returned 0 after 55 usecs
[   13.333511] calling  ms_driver_init+0x0/0x15 @ 1
[   13.340715] initcall ms_driver_init+0x0/0x15 returned 0 after 149 usecs
[   13.350374] calling  mr_driver_init+0x0/0x15 @ 1
[   13.357164] initcall mr_driver_init+0x0/0x15 returned 0 after 73 usecs
[   13.367217] calling  ntrig_driver_init+0x0/0x15 @ 1
[   13.374495] initcall ntrig_driver_init+0x0/0x15 returned 0 after 219 usecs
[   13.396705] input: ImExPS/2 Generic Explorer Mouse as /devices/platform/i8042/serio1/input/input3
[   13.399347] calling  pl_driver_init+0x0/0x15 @ 1
[   13.420321] initcall pl_driver_init+0x0/0x15 returned 0 after 35 usecs
[   13.431165] calling  pl_driver_init+0x0/0x15 @ 1
[   13.440284] initcall pl_driver_init+0x0/0x15 returned 0 after 34 usecs
[   13.450182] calling  redragon_driver_init+0x0/0x15 @ 1
[   13.458152] initcall redragon_driver_init+0x0/0x15 returned 0 after 104 usecs
[   13.468542] calling  samsung_driver_init+0x0/0x15 @ 1
[   13.476171] initcall samsung_driver_init+0x0/0x15 returned 0 after 381 usecs
[   13.487843] calling  sony_init+0x0/0x38 @ 1
[   13.493376] initcall sony_init+0x0/0x38 returned 0 after 40 usecs
[   13.502470] calling  sp_driver_init+0x0/0x15 @ 1
[   13.511823] initcall sp_driver_init+0x0/0x15 returned 0 after 44 usecs
[   13.522037] calling  ts_driver_init+0x0/0x15 @ 1
[   13.529392] initcall ts_driver_init+0x0/0x15 returned 0 after 27 usecs
[   13.539523] calling  hid_init+0x0/0x58 @ 1
[   13.545440] rcu-torture: rcu_torture_read_exit: End of episode
[   13.546892] usbcore: registered new interface driver usbhid
[   13.563369] usbhid: USB HID core driver
[   13.569088] initcall hid_init+0x0/0x58 returned 0 after 22536 usecs
[   13.578232] calling  eeepc_laptop_init+0x0/0x57 @ 1
