c[?7l[2J[0mSeaBIOS (version 1.16.0-debian-1.16.0-4)
Booting from ROM...
early console in setup code
c[?7l[2J[    0.000000] Linux version 5.10.156+ (root@joelboxx.c.googlers.com) (gcc (Debian 12.2.0-3) 12.2.0, GNU ld (GNU Binutils for Debian) 2.39) #16 Tue Dec 13 04:41:11 UTC 2022
[    0.000000] Command line: selinux=0 initcall_debug debug console=ttyS0 rcutorture.torture_type=tasks rcutorture.n_barrier_cbs=4 rcutorture.stat_interval=15 rcutorture.shutdown_secs=1800 rcutorture.test_no_idle_hz=1 rcutorture.verbose=1
[    0.000000] x86/fpu: x87 FPU will use FXSAVE
[    0.000000] BIOS-provided physical RAM map:
[    0.000000] BIOS-e820: [mem 0x0000000000000000-0x000000000009fbff] usable
[    0.000000] BIOS-e820: [mem 0x000000000009fc00-0x000000000009ffff] reserved
[    0.000000] BIOS-e820: [mem 0x00000000000f0000-0x00000000000fffff] reserved
[    0.000000] BIOS-e820: [mem 0x0000000000100000-0x000000001ffdefff] usable
[    0.000000] BIOS-e820: [mem 0x000000001ffdf000-0x000000001fffffff] reserved
[    0.000000] BIOS-e820: [mem 0x00000000b0000000-0x00000000bfffffff] reserved
[    0.000000] BIOS-e820: [mem 0x00000000fed1c000-0x00000000fed1ffff] reserved
[    0.000000] BIOS-e820: [mem 0x00000000feffc000-0x00000000feffffff] reserved
[    0.000000] BIOS-e820: [mem 0x00000000fffc0000-0x00000000ffffffff] reserved
[    0.000000] NX (Execute Disable) protection: active
[    0.000000] SMBIOS 2.8 present.
[    0.000000] DMI: QEMU Standard PC (Q35 + ICH9, 2009), BIOS 1.16.0-debian-1.16.0-4 04/01/2014
[    0.000000] Hypervisor detected: KVM
[    0.000000] kvm-clock: Using msrs 4b564d01 and 4b564d00
[    0.000000] kvm-clock: cpu 0, msr 15243001, primary cpu clock
[    0.000001] kvm-clock: using sched offset of 2840366224 cycles
[    0.000246] clocksource: kvm-clock: mask: 0xffffffffffffffff max_cycles: 0x1cd42e4dffb, max_idle_ns: 881590591483 ns
[    0.000295] tsc: Detected 1999.999 MHz processor
[    0.006736] e820: update [mem 0x00000000-0x00000fff] usable ==> reserved
[    0.006740] e820: remove [mem 0x000a0000-0x000fffff] usable
[    0.006747] last_pfn = 0x1ffdf max_arch_pfn = 0x400000000
[    0.007581] MTRR default type: write-back
[    0.007648] MTRR fixed ranges enabled:
[    0.007650]   00000-9FFFF write-back
[    0.007651]   A0000-BFFFF uncachable
[    0.007652]   C0000-FFFFF write-protect
[    0.007653] MTRR variable ranges enabled:
[    0.007654]   0 base 00C0000000 mask FFC0000000 uncachable
[    0.007655]   1 disabled
[    0.007656]   2 disabled
[    0.007657]   3 disabled
[    0.007657]   4 disabled
[    0.007658]   5 disabled
[    0.007658]   6 disabled
[    0.007659]   7 disabled
[    0.008043] x86/PAT: Configuration [0-7]: WB  WC  UC- UC  WB  WC  UC- UC  
[    0.017106] found SMP MP-table at [mem 0x000f5ba0-0x000f5baf]
[    0.019532] check: Scanning 1 areas for low memory corruption
[    0.032192] ACPI: Early table checksum verification disabled
[    0.034821] ACPI: RSDP 0x00000000000F59E0 000014 (v00 BOCHS )
[    0.035119] ACPI: RSDT 0x000000001FFE229A 000038 (v01 BOCHS  BXPC     00000001 BXPC 00000001)
[    0.035337] ACPI: FACP 0x000000001FFE2092 0000F4 (v03 BOCHS  BXPC     00000001 BXPC 00000001)
[    0.035426] ACPI: DSDT 0x000000001FFE0040 002052 (v01 BOCHS  BXPC     00000001 BXPC 00000001)
[    0.035482] ACPI: FACS 0x000000001FFE0000 000040
[    0.035487] ACPI: APIC 0x000000001FFE2186 000078 (v01 BOCHS  BXPC     00000001 BXPC 00000001)
[    0.035491] ACPI: HPET 0x000000001FFE21FE 000038 (v01 BOCHS  BXPC     00000001 BXPC 00000001)
[    0.035495] ACPI: MCFG 0x000000001FFE2236 00003C (v01 BOCHS  BXPC     00000001 BXPC 00000001)
[    0.035498] ACPI: WAET 0x000000001FFE2272 000028 (v01 BOCHS  BXPC     00000001 BXPC 00000001)
[    0.035502] ACPI: Reserving FACP table memory at [mem 0x1ffe2092-0x1ffe2185]
[    0.035504] ACPI: Reserving DSDT table memory at [mem 0x1ffe0040-0x1ffe2091]
[    0.035505] ACPI: Reserving FACS table memory at [mem 0x1ffe0000-0x1ffe003f]
[    0.035506] ACPI: Reserving APIC table memory at [mem 0x1ffe2186-0x1ffe21fd]
[    0.035507] ACPI: Reserving HPET table memory at [mem 0x1ffe21fe-0x1ffe2235]
[    0.035508] ACPI: Reserving MCFG table memory at [mem 0x1ffe2236-0x1ffe2271]
[    0.035509] ACPI: Reserving WAET table memory at [mem 0x1ffe2272-0x1ffe2299]
[    0.036597] ACPI: Local APIC address 0xfee00000
[    0.038423] Zone ranges:
[    0.038584]   DMA      [mem 0x0000000000001000-0x0000000000ffffff]
[    0.038696]   DMA32    [mem 0x0000000001000000-0x000000001ffdefff]
[    0.038750]   Normal   empty
[    0.038752] Movable zone start for each node
[    0.038753] Early memory node ranges
[    0.038754]   node   0: [mem 0x0000000000001000-0x000000000009efff]
[    0.038829]   node   0: [mem 0x0000000000100000-0x000000001ffdefff]
[    0.038879] Initmem setup node 0 [mem 0x0000000000001000-0x000000001ffdefff]
[    0.038913] On node 0 totalpages: 130941
[    0.039009]   DMA zone: 64 pages used for memmap
[    0.039010]   DMA zone: 21 pages reserved
[    0.039066]   DMA zone: 3998 pages, LIFO batch:0
[    0.039068]   DMA32 zone: 1984 pages used for memmap
[    0.039069]   DMA32 zone: 126943 pages, LIFO batch:31
[    0.042706] On node 0, zone DMA: 1 pages in unavailable ranges
[    0.045987] On node 0, zone DMA: 97 pages in unavailable ranges
[    0.126133] On node 0, zone DMA32: 33 pages in unavailable ranges
[    0.129827] ACPI: PM-Timer IO Port: 0x608
[    0.129832] ACPI: Local APIC address 0xfee00000
[    0.130113] ACPI: LAPIC_NMI (acpi_id[0xff] dfl dfl lint[0x1])
[    0.131058] IOAPIC[0]: apic_id 0, version 17, address 0xfec00000, GSI 0-23
[    0.131097] ACPI: INT_SRC_OVR (bus 0 bus_irq 0 global_irq 2 dfl dfl)
[    0.131179] ACPI: INT_SRC_OVR (bus 0 bus_irq 5 global_irq 5 high level)
[    0.131181] ACPI: INT_SRC_OVR (bus 0 bus_irq 9 global_irq 9 high level)
[    0.131345] ACPI: INT_SRC_OVR (bus 0 bus_irq 10 global_irq 10 high level)
[    0.131346] ACPI: INT_SRC_OVR (bus 0 bus_irq 11 global_irq 11 high level)
[    0.131348] ACPI: IRQ0 used by override.
[    0.131349] ACPI: IRQ5 used by override.
[    0.131350] ACPI: IRQ9 used by override.
[    0.131351] ACPI: IRQ10 used by override.
[    0.131352] ACPI: IRQ11 used by override.
[    0.131354] Using ACPI (MADT) for SMP configuration information
[    0.131387] ACPI: HPET id: 0x8086a201 base: 0xfed00000
[    0.134976] kvm-guest: stealtime: cpu 0, msr 14a4d780
[    0.136046] PM: hibernation: Registered nosave memory: [mem 0x00000000-0x00000fff]
[    0.136048] PM: hibernation: Registered nosave memory: [mem 0x0009f000-0x0009ffff]
[    0.136049] PM: hibernation: Registered nosave memory: [mem 0x000a0000-0x000effff]
[    0.136050] PM: hibernation: Registered nosave memory: [mem 0x000f0000-0x000fffff]
[    0.136052] [mem 0x20000000-0xafffffff] available for PCI devices
[    0.136089] Booting paravirtualized kernel on KVM
[    0.136734] clocksource: refined-jiffies: mask: 0xffffffff max_cycles: 0xffffffff, max_idle_ns: 1910969940391419 ns
[    0.167784] pcpu-alloc: s0 r0 d32768 u32768 alloc=1*32768
[    0.167872] pcpu-alloc: [0] 0 
[    0.168339] Built 1 zonelists, mobility grouping on.  Total pages: 128872
[    0.168443] Kernel command line: selinux=0 initcall_debug debug console=ttyS0 rcutorture.torture_type=tasks rcutorture.n_barrier_cbs=4 rcutorture.stat_interval=15 rcutorture.shutdown_secs=1800 rcutorture.test_no_idle_hz=1 rcutorture.verbose=1
[    0.174166] Dentry cache hash table entries: 65536 (order: 7, 524288 bytes, linear)
[    0.174276] Inode-cache hash table entries: 32768 (order: 6, 262144 bytes, linear)
[    0.175085] mem auto-init: stack:all(zero), heap alloc:off, heap free:off
[    0.188439] Memory: 481560K/523764K available (14349K kernel code, 2619K rwdata, 4608K rodata, 1252K init, 1876K bss, 41944K reserved, 0K cma-reserved)
[    0.189129] SLUB: HWalign=64, Order=0-3, MinObjects=0, CPUs=1, Nodes=1
[    0.189543] Kernel/User page tables isolation: enabled
[    0.218667] NR_IRQS: 4352, nr_irqs: 256, preallocated irqs: 16
[    0.222042] calling  con_init+0x0/0x22a @ 0
[    0.346864] Console: colour VGA+ 80x25
[    0.346884] initcall con_init+0x0/0x22a returned 0 after 0 usecs
[    0.346889] calling  hvc_console_init+0x0/0x13 @ 0
[    0.346906] initcall hvc_console_init+0x0/0x13 returned 0 after 0 usecs
[    0.346909] calling  univ8250_console_init+0x0/0x26 @ 0
[    1.188570] printk: console [ttyS0] enabled
[    1.194432] initcall univ8250_console_init+0x0/0x26 returned 0 after 0 usecs
[    1.202969] ACPI: Core revision 20200925
[    1.210999] clocksource: hpet: mask: 0xffffffff max_cycles: 0xffffffff, max_idle_ns: 19112604467 ns
[    1.223050] APIC: Switch to symmetric I/O mode setup
[    1.249846] ..TIMER: vector=0x30 apic1=0 pin1=2 apic2=-1 pin2=-1
[    1.256874] clocksource: tsc-early: mask: 0xffffffffffffffff max_cycles: 0x39a85afc727, max_idle_ns: 881590685098 ns
[    1.268664] Calibrating delay loop (skipped) preset value.. 3999.99 BogoMIPS (lpj=1999999)
[    1.269518] pid_max: default: 32768 minimum: 301
[    1.270893] LSM: Security Framework initializing
[    1.271899] Mount-cache hash table entries: 1024 (order: 1, 8192 bytes, linear)
[    1.272504] Mountpoint-cache hash table entries: 1024 (order: 1, 8192 bytes, linear)
[    1.279618] Last level iTLB entries: 4KB 0, 2MB 0, 4MB 0
[    1.280479] Last level dTLB entries: 4KB 0, 2MB 0, 4MB 0, 1GB 0
[    1.281510] CPU: Intel Common KVM processor (family: 0xf, model: 0x6, stepping: 0x1)
[    1.282492] Spectre V1 : Mitigation: usercopy/swapgs barriers and __user pointer sanitization
[    1.283482] Spectre V2 : Mitigation: Retpolines
[    1.284478] Spectre V2 : Spectre v2 / SpectreRSB mitigation: Filling RSB on context switch
[    1.285478] Spectre V2 : Spectre v2 / SpectreRSB : Filling RSB on VMEXIT
[    1.286479] Speculative Store Bypass: Vulnerable
[    1.287576] MDS: Vulnerable: Clear CPU buffers attempted, no microcode
[    1.288478] MMIO Stale Data: Unknown: No mitigations
[    1.343938] calling  init_hw_perf_events+0x0/0x6ce @ 1
[    1.344490] Performance Events: unsupported Netburst CPU model 6 no PMU driver, software events only.
[    1.345485] initcall init_hw_perf_events+0x0/0x6ce returned 0 after 976 usecs
[    1.346482] calling  init_real_mode+0x0/0x1e9 @ 1
[    1.347857] initcall init_real_mode+0x0/0x1e9 returned 0 after 0 usecs
[    1.348481] calling  trace_init_perf_perm_irq_work_exit+0x0/0x12 @ 1
[    1.349481] initcall trace_init_perf_perm_irq_work_exit+0x0/0x12 returned 0 after 0 usecs
[    1.350517] calling  validate_x2apic+0x0/0x4a @ 1
[    1.351505] initcall validate_x2apic+0x0/0x4a returned 0 after 0 usecs
[    1.352484] calling  register_nmi_cpu_backtrace_handler+0x0/0x15 @ 1
[    1.353485] initcall register_nmi_cpu_backtrace_handler+0x0/0x15 returned 0 after 0 usecs
[    1.354484] calling  kvm_setup_vsyscall_timeinfo+0x0/0x34 @ 1
[    1.355483] initcall kvm_setup_vsyscall_timeinfo+0x0/0x34 returned 0 after 0 usecs
[    1.356498] calling  spawn_ksoftirqd+0x0/0x34 @ 1
[    1.357646] initcall spawn_ksoftirqd+0x0/0x34 returned 0 after 0 usecs
[    1.358502] calling  trace_init_flags_sys_enter+0x0/0xe @ 1
[    1.359483] initcall trace_init_flags_sys_enter+0x0/0xe returned 0 after 0 usecs
[    1.360481] calling  trace_init_flags_sys_exit+0x0/0xe @ 1
[    1.361481] initcall trace_init_flags_sys_exit+0x0/0xe returned 0 after 0 usecs
[    1.362481] calling  init_kprobes+0x0/0x14d @ 1
[    1.365580] initcall init_kprobes+0x0/0x14d returned 0 after 976 usecs
[    1.366481] calling  init_events+0x0/0x3d @ 1
[    1.368763] initcall init_events+0x0/0x3d returned 0 after 976 usecs
[    1.369481] calling  init_trace_printk+0x0/0xc @ 1
[    1.370482] initcall init_trace_printk+0x0/0xc returned 0 after 0 usecs
[    1.371481] calling  event_trace_enable_again+0x0/0x23 @ 1
[    1.373481] initcall event_trace_enable_again+0x0/0x23 returned 0 after 0 usecs
[    1.374481] calling  static_call_init+0x0/0x6d @ 1
[    1.375481] initcall static_call_init+0x0/0x6d returned 0 after 0 usecs
[    1.376481] calling  jump_label_init_module+0x0/0xc @ 1
[    1.377516] initcall jump_label_init_module+0x0/0xc returned 0 after 0 usecs
[    1.379484] calling  init_zero_pfn+0x0/0x37 @ 1
[    1.380484] initcall init_zero_pfn+0x0/0x37 returned 0 after 0 usecs
[    1.381483] calling  initialize_ptr_random+0x0/0x54 @ 1
[    1.382482] initcall initialize_ptr_random+0x0/0x54 returned 0 after 0 usecs
[    1.383483] calling  efi_memreserve_root_init+0x0/0x25 @ 1
[    1.384523] initcall efi_memreserve_root_init+0x0/0x25 returned 0 after 0 usecs
[    1.385482] calling  efi_earlycon_remap_fb+0x0/0x51 @ 1
[    1.386482] initcall efi_earlycon_remap_fb+0x0/0x51 returned 0 after 0 usecs
[    1.493558] devtmpfs: initialized
[    1.497595] calling  ipc_ns_init+0x0/0x3d @ 1
[    1.498570] initcall ipc_ns_init+0x0/0x3d returned 0 after 0 usecs
[    1.499480] calling  init_mmap_min_addr+0x0/0x21 @ 1
[    1.500479] initcall init_mmap_min_addr+0x0/0x21 returned 0 after 0 usecs
[    1.501479] calling  pci_realloc_setup_params+0x0/0x3f @ 1
[    1.502479] initcall pci_realloc_setup_params+0x0/0x3f returned 0 after 0 usecs
[    1.503493] calling  net_ns_init+0x0/0x11c @ 1
[    1.504656] initcall net_ns_init+0x0/0x11c returned 0 after 0 usecs
[    1.505496] calling  e820__register_nvs_regions+0x0/0x37 @ 1
[    1.506481] initcall e820__register_nvs_regions+0x0/0x37 returned 0 after 0 usecs
[    1.507485] calling  cpufreq_register_tsc_scaling+0x0/0x2e @ 1
[    1.508484] initcall cpufreq_register_tsc_scaling+0x0/0x2e returned 0 after 0 usecs
[    1.509485] calling  reboot_init+0x0/0x3c @ 1
[    1.510571] initcall reboot_init+0x0/0x3c returned 0 after 0 usecs
[    1.512481] calling  init_lapic_sysfs+0x0/0x20 @ 1
[    1.513481] initcall init_lapic_sysfs+0x0/0x20 returned 0 after 0 usecs
[    1.514482] calling  wq_sysfs_init+0x0/0x2a @ 1
[    1.515626] initcall wq_sysfs_init+0x0/0x2a returned 0 after 0 usecs
[    1.516482] calling  ksysfs_init+0x0/0x92 @ 1
[    1.517488] initcall ksysfs_init+0x0/0x92 returned 0 after 0 usecs
[    1.518483] calling  pm_init+0x0/0x76 @ 1
[    1.519547] initcall pm_init+0x0/0x76 returned 0 after 0 usecs
[    1.520493] calling  pm_disk_init+0x0/0x13 @ 1
[    1.521497] initcall pm_disk_init+0x0/0x13 returned 0 after 0 usecs
[    1.522480] calling  swsusp_header_init+0x0/0x2b @ 1
[    1.523481] initcall swsusp_header_init+0x0/0x2b returned 0 after 0 usecs
[    1.524480] calling  rcu_set_runtime_mode+0x0/0x11 @ 1
[    1.526482] initcall rcu_set_runtime_mode+0x0/0x11 returned 0 after 0 usecs
[    1.527482] calling  init_jiffies_clocksource+0x0/0x13 @ 1
[    1.528482] clocksource: jiffies: mask: 0xffffffff max_cycles: 0xffffffff, max_idle_ns: 1911260446275000 ns
[    1.529485] initcall init_jiffies_clocksource+0x0/0x13 returned 0 after 976 usecs
[    1.530483] calling  futex_init+0x0/0xd5 @ 1
[    1.531482] futex hash table entries: 256 (order: 0, 6144 bytes, linear)
[    1.532534] initcall futex_init+0x0/0xd5 returned 0 after 976 usecs
[    1.533483] calling  cgroup_wq_init+0x0/0x28 @ 1
[    1.534487] initcall cgroup_wq_init+0x0/0x28 returned 0 after 0 usecs
[    1.535482] calling  cgroup1_wq_init+0x0/0x28 @ 1
[    1.536485] initcall cgroup1_wq_init+0x0/0x28 returned 0 after 0 usecs
[    1.537482] calling  init_kprobe_trace_early+0x0/0x2a @ 1
[    1.538508] initcall init_kprobe_trace_early+0x0/0x2a returned 0 after 0 usecs
[    1.539512] calling  fsnotify_init+0x0/0x48 @ 1
[    1.541489] initcall fsnotify_init+0x0/0x48 returned 0 after 0 usecs
[    1.542480] calling  filelock_init+0x0/0x60 @ 1
[    1.543518] initcall filelock_init+0x0/0x60 returned 0 after 0 usecs
[    1.544481] calling  init_misc_binfmt+0x0/0x2c @ 1
[    1.545540] initcall init_misc_binfmt+0x0/0x2c returned 0 after 0 usecs
[    1.546481] calling  init_script_binfmt+0x0/0x15 @ 1
[    1.547503] initcall init_script_binfmt+0x0/0x15 returned 0 after 0 usecs
[    1.548482] calling  init_elf_binfmt+0x0/0x15 @ 1
[    1.549480] initcall init_elf_binfmt+0x0/0x15 returned 0 after 0 usecs
[    1.550480] calling  init_compat_elf_binfmt+0x0/0x15 @ 1
[    1.551480] initcall init_compat_elf_binfmt+0x0/0x15 returned 0 after 0 usecs
[    1.552497] calling  debugfs_init+0x0/0x5c @ 1
[    1.553487] initcall debugfs_init+0x0/0x5c returned 0 after 0 usecs
[    1.554480] calling  tracefs_init+0x0/0x3a @ 1
[    1.555498] initcall tracefs_init+0x0/0x3a returned 0 after 0 usecs
[    1.556481] calling  prandom_init_early+0x0/0x111 @ 1
[    1.557485] initcall prandom_init_early+0x0/0x111 returned 0 after 0 usecs
[    1.558550] calling  virtio_init+0x0/0x20 @ 1
[    1.559547] initcall virtio_init+0x0/0x20 returned 0 after 0 usecs
[    1.560483] calling  iommu_init+0x0/0x2a @ 1
[    1.561502] initcall iommu_init+0x0/0x2a returned 0 after 0 usecs
[    1.562481] calling  component_debug_init+0x0/0x1c @ 1
[    1.563529] initcall component_debug_init+0x0/0x1c returned 0 after 0 usecs
[    1.564480] calling  early_resume_init+0x0/0xb9 @ 1
[    1.566106] PM: RTC time: 04:45:32, date: 2022-12-13
[    1.566482] initcall early_resume_init+0x0/0xb9 returned 0 after 976 usecs
[    1.567482] calling  cpufreq_core_init+0x0/0x62 @ 1
[    1.568557] initcall cpufreq_core_init+0x0/0x62 returned 0 after 0 usecs
[    1.569481] calling  cpufreq_gov_performance_init+0x0/0xc @ 1
[    1.570492] initcall cpufreq_gov_performance_init+0x0/0xc returned 0 after 0 usecs
[    1.571483] calling  cpufreq_gov_userspace_init+0x0/0xc @ 1
[    1.572482] initcall cpufreq_gov_userspace_init+0x0/0xc returned 0 after 0 usecs
[    1.573482] calling  CPU_FREQ_GOV_ONDEMAND_init+0x0/0xc @ 1
[    1.574482] initcall CPU_FREQ_GOV_ONDEMAND_init+0x0/0xc returned 0 after 0 usecs
[    1.575481] calling  cpuidle_init+0x0/0x1f @ 1
[    1.577499] initcall cpuidle_init+0x0/0x1f returned 0 after 976 usecs
[    1.578482] calling  capsule_reboot_register+0x0/0xc @ 1
[    1.579505] initcall capsule_reboot_register+0x0/0xc returned 0 after 0 usecs
[    1.580481] calling  sock_init+0x0/0x93 @ 1
[    1.581784] initcall sock_init+0x0/0x93 returned 0 after 0 usecs
[    1.582481] calling  net_inuse_init+0x0/0x23 @ 1
[    1.583484] initcall net_inuse_init+0x0/0x23 returned 0 after 0 usecs
[    1.584480] calling  net_defaults_init+0x0/0x23 @ 1
[    1.585480] initcall net_defaults_init+0x0/0x23 returned 0 after 0 usecs
[    1.587480] calling  init_default_flow_dissectors+0x0/0x4f @ 1
[    1.588481] initcall init_default_flow_dissectors+0x0/0x4f returned 0 after 0 usecs
[    1.589480] calling  netpoll_init+0x0/0x25 @ 1
[    1.590480] initcall netpoll_init+0x0/0x25 returned 0 after 0 usecs
[    1.591480] calling  netlink_proto_init+0x0/0x14f @ 1
[    1.593701] NET: Registered protocol family 16
[    1.594495] initcall netlink_proto_init+0x0/0x14f returned 0 after 1953 usecs
[    1.595480] calling  genl_init+0x0/0x35 @ 1
[    1.596487] initcall genl_init+0x0/0x35 returned 0 after 0 usecs
[    1.597480] calling  bsp_pm_check_init+0x0/0x13 @ 1
[    1.598480] initcall bsp_pm_check_init+0x0/0x13 returned 0 after 0 usecs
[    1.599495] calling  irq_sysfs_init+0x0/0xb7 @ 1
[    1.600602] initcall irq_sysfs_init+0x0/0xb7 returned 0 after 0 usecs
[    1.601483] calling  audit_init+0x0/0x15d @ 1
[    1.602490] audit: initializing netlink subsys (disabled)
[    1.603621] initcall audit_init+0x0/0x15d returned 0 after 976 usecs
[    1.604484] calling  release_early_probes+0x0/0x32 @ 1
[    1.605482] initcall release_early_probes+0x0/0x32 returned 0 after 0 usecs
[    1.606482] calling  bdi_class_init+0x0/0x48 @ 1
[    1.607498] initcall bdi_class_init+0x0/0x48 returned 0 after 0 usecs
[    1.608480] calling  mm_sysfs_init+0x0/0x28 @ 1
[    1.609509] initcall mm_sysfs_init+0x0/0x28 returned 0 after 0 usecs
[    1.610481] calling  init_per_zone_wmark_min+0x0/0x5e @ 1
[    1.611482] initcall init_per_zone_wmark_min+0x0/0x5e returned 0 after 0 usecs
[    1.612482] calling  mpi_init+0x0/0x3e @ 1
[    1.613500] initcall mpi_init+0x0/0x3e returned 0 after 0 usecs
[    1.614480] calling  kobject_uevent_init+0x0/0xc @ 1
[    1.615539] initcall kobject_uevent_init+0x0/0xc returned 0 after 0 usecs
[    1.616480] calling  pcibus_class_init+0x0/0x13 @ 1
[    1.617490] initcall pcibus_class_init+0x0/0x13 returned 0 after 0 usecs
[    1.618511] calling  pci_driver_init+0x0/0x21 @ 1
[    1.619519] initcall pci_driver_init+0x0/0x21 returned 0 after 0 usecs
[    1.620481] calling  backlight_class_init+0x0/0xa8 @ 1
[    1.621513] initcall backlight_class_init+0x0/0xa8 returned 0 after 0 usecs
[    1.622483] calling  tty_class_init+0x0/0x33 @ 1
[    1.623495] initcall tty_class_init+0x0/0x33 returned 0 after 0 usecs
[    1.624484] calling  vtconsole_class_init+0x0/0xb5 @ 1
[    1.625588] initcall vtconsole_class_init+0x0/0xb5 returned 0 after 0 usecs
[    1.626480] calling  iommu_dev_init+0x0/0x13 @ 1
[    1.627515] initcall iommu_dev_init+0x0/0x13 returned 0 after 0 usecs
[    1.628481] calling  mipi_dsi_bus_init+0x0/0xc @ 1
[    1.629618] initcall mipi_dsi_bus_init+0x0/0xc returned 0 after 0 usecs
[    1.630480] calling  devlink_class_init+0x0/0x40 @ 1
[    1.631493] initcall devlink_class_init+0x0/0x40 returned 0 after 0 usecs
[    1.632482] calling  software_node_init+0x0/0x2a @ 1
[    1.633486] initcall software_node_init+0x0/0x2a returned 0 after 0 usecs
[    1.634481] calling  wakeup_sources_debugfs_init+0x0/0x23 @ 1
[    1.635488] initcall wakeup_sources_debugfs_init+0x0/0x23 returned 0 after 0 usecs
[    1.636480] calling  wakeup_sources_sysfs_init+0x0/0x2c @ 1
[    1.637492] initcall wakeup_sources_sysfs_init+0x0/0x2c returned 0 after 0 usecs
[    1.638480] calling  regmap_initcall+0x0/0xc @ 1
[    1.639506] initcall regmap_initcall+0x0/0xc returned 0 after 0 usecs
[    1.640481] calling  i2c_init+0x0/0xb3 @ 1
[    1.641589] initcall i2c_init+0x0/0xb3 returned 0 after 0 usecs
[    1.642481] calling  thermal_init+0x0/0xf2 @ 1
[    1.643526] thermal_sys: Registered thermal governor 'step_wise'
[    1.643527] thermal_sys: Registered thermal governor 'user_space'
[    1.644490] initcall thermal_init+0x0/0xf2 returned 0 after 976 usecs
[    1.646483] calling  init_menu+0x0/0xc @ 1
[    1.647481] cpuidle: using governor menu
[    1.648483] initcall init_menu+0x0/0xc returned 0 after 976 usecs
[    1.649481] calling  pcc_init+0x0/0x4d @ 1
[    1.650483] initcall pcc_init+0x0/0x4d returned -19 after 0 usecs
[    1.651482] calling  amd_postcore_init+0x0/0x11e @ 1
[    1.652484] initcall amd_postcore_init+0x0/0x11e returned 0 after 0 usecs
[    1.653505] calling  bts_init+0x0/0xba @ 1
[    1.654486] initcall bts_init+0x0/0xba returned -19 after 0 usecs
[    1.655483] calling  pt_init+0x0/0x2ef @ 1
[    1.656481] initcall pt_init+0x0/0x2ef returned -19 after 0 usecs
[    1.657483] calling  boot_params_ksysfs_init+0x0/0x2ee @ 1
[    1.658559] initcall boot_params_ksysfs_init+0x0/0x2ee returned 0 after 0 usecs
[    1.659480] calling  sbf_init+0x0/0xb9 @ 1
[    1.660480] initcall sbf_init+0x0/0xb9 returned 0 after 0 usecs
[    1.661480] calling  arch_kdebugfs_init+0x0/0x219 @ 1
[    1.662492] initcall arch_kdebugfs_init+0x0/0x219 returned 0 after 0 usecs
[    1.663481] calling  intel_pconfig_init+0x0/0x85 @ 1
[    1.664494] initcall intel_pconfig_init+0x0/0x85 returned 0 after 0 usecs
[    1.665480] calling  mtrr_if_init+0x0/0x5d @ 1
[    1.666485] initcall mtrr_if_init+0x0/0x5d returned 0 after 0 usecs
[    1.667480] calling  activate_jump_labels+0x0/0x31 @ 1
[    1.669480] initcall activate_jump_labels+0x0/0x31 returned 0 after 0 usecs
[    1.670481] calling  ffh_cstate_init+0x0/0x29 @ 1
[    1.671484] initcall ffh_cstate_init+0x0/0x29 returned 0 after 0 usecs
[    1.672480] calling  activate_jump_labels+0x0/0x31 @ 1
[    1.673505] initcall activate_jump_labels+0x0/0x31 returned 0 after 0 usecs
[    1.674480] calling  kvm_alloc_cpumask+0x0/0x2b @ 1
[    1.675506] initcall kvm_alloc_cpumask+0x0/0x2b returned 0 after 0 usecs
[    1.676479] calling  kcmp_cookies_init+0x0/0x37 @ 1
[    1.677490] initcall kcmp_cookies_init+0x0/0x37 returned 0 after 0 usecs
[    1.678486] calling  cryptomgr_init+0x0/0xc @ 1
[    1.679554] initcall cryptomgr_init+0x0/0xc returned 0 after 0 usecs
[    1.680482] calling  acpi_pci_init+0x0/0x57 @ 1
[    1.681481] ACPI: bus type PCI registered
[    1.682484] initcall acpi_pci_init+0x0/0x57 returned 0 after 976 usecs
[    1.683485] calling  dma_channel_table_init+0x0/0xce @ 1
[    1.684492] initcall dma_channel_table_init+0x0/0xce returned 0 after 0 usecs
[    1.685513] calling  dma_bus_init+0x0/0xdc @ 1
[    1.687570] initcall dma_bus_init+0x0/0xdc returned 0 after 0 usecs
[    1.688625] calling  iommu_dma_init+0x0/0x10 @ 1
[    1.689509] initcall iommu_dma_init+0x0/0x10 returned 0 after 0 usecs
[    1.690481] calling  dmi_id_init+0x0/0x37c @ 1
[    1.692585] initcall dmi_id_init+0x0/0x37c returned 0 after 976 usecs
[    1.693482] calling  pci_arch_init+0x0/0x71 @ 1
[    1.696226] PCI: MMCONFIG for domain 0000 [bus 00-ff] at [mem 0xb0000000-0xbfffffff] (base 0xb0000000)
[    1.696482] PCI: MMCONFIG at [mem 0xb0000000-0xbfffffff] reserved in E820
[    1.697495] PCI: Using configuration type 1 for base access
[    1.699545] initcall pci_arch_init+0x0/0x71 returned 0 after 3906 usecs
[    1.701496] calling  init_vdso+0x0/0x13 @ 1
[    1.702513] initcall init_vdso+0x0/0x13 returned 0 after 0 usecs
[    1.703481] calling  sysenter_setup+0x0/0x13 @ 1
[    1.704512] initcall sysenter_setup+0x0/0x13 returned 0 after 0 usecs
[    1.705481] calling  fixup_ht_bug+0x0/0x7f @ 1
[    1.706480] initcall fixup_ht_bug+0x0/0x7f returned 0 after 0 usecs
[    1.707485] calling  topology_init+0x0/0x15 @ 1
[    1.708553] initcall topology_init+0x0/0x15 returned 0 after 0 usecs
[    1.709482] calling  intel_epb_init+0x0/0x68 @ 1
[    1.710481] initcall intel_epb_init+0x0/0x68 returned -19 after 0 usecs
[    1.711481] calling  mtrr_init_finialize+0x0/0x3e @ 1
[    1.712481] initcall mtrr_init_finialize+0x0/0x3e returned 0 after 0 usecs
[    1.713484] calling  uid_cache_init+0x0/0x6f @ 1
[    1.714488] initcall uid_cache_init+0x0/0x6f returned 0 after 0 usecs
[    1.715482] calling  param_sysfs_init+0x0/0x1ba @ 1
[    1.719817] initcall param_sysfs_init+0x0/0x1ba returned 0 after 2929 usecs
[    1.720501] calling  user_namespace_sysctl_init+0x0/0x33 @ 1
[    1.721539] initcall user_namespace_sysctl_init+0x0/0x33 returned 0 after 0 usecs
[    1.722481] calling  proc_schedstat_init+0x0/0x24 @ 1
[    1.723485] initcall proc_schedstat_init+0x0/0x24 returned 0 after 0 usecs
[    1.724479] calling  pm_sysrq_init+0x0/0x18 @ 1
[    1.725480] initcall pm_sysrq_init+0x0/0x18 returned 0 after 0 usecs
[    1.726590] calling  create_proc_profile+0x0/0x50 @ 1
[    1.727483] initcall create_proc_profile+0x0/0x50 returned 0 after 0 usecs
[    1.728482] calling  time_ns_init+0x0/0x7 @ 1
[    1.729482] initcall time_ns_init+0x0/0x7 returned 0 after 0 usecs
[    1.730481] calling  crash_save_vmcoreinfo_init+0x0/0x756 @ 1
[    1.731616] initcall crash_save_vmcoreinfo_init+0x0/0x756 returned 0 after 0 usecs
[    1.732482] calling  crash_notes_memory_init+0x0/0x35 @ 1
[    1.733485] initcall crash_notes_memory_init+0x0/0x35 returned 0 after 0 usecs
[    1.734481] calling  cgroup_sysfs_init+0x0/0x13 @ 1
[    1.735514] initcall cgroup_sysfs_init+0x0/0x13 returned 0 after 0 usecs
[    1.736481] calling  cgroup_namespaces_init+0x0/0x7 @ 1
[    1.737481] initcall cgroup_namespaces_init+0x0/0x7 returned 0 after 0 usecs
[    1.738483] calling  init_optprobes+0x0/0x13 @ 1
[    1.739480] Kprobes globally optimized
[    1.740484] initcall init_optprobes+0x0/0x13 returned 0 after 976 usecs
[    1.741484] calling  oom_init+0x0/0x2f @ 1
[    1.742587] audit: type=2000 audit(1670906730.474:1): state=initialized audit_enabled=0 res=1
[    1.743514] initcall oom_init+0x0/0x2f returned 0 after 976 usecs
[    1.744481] calling  default_bdi_init+0x0/0x35 @ 1
[    1.745601] initcall default_bdi_init+0x0/0x35 returned 0 after 0 usecs
[    1.746482] calling  percpu_enable_async+0x0/0xe @ 1
[    1.747480] initcall percpu_enable_async+0x0/0xe returned 0 after 0 usecs
[    1.748480] calling  kcompactd_init+0x0/0x46 @ 1
[    1.749723] initcall kcompactd_init+0x0/0x46 returned 0 after 0 usecs
[    1.750561] calling  init_user_reserve+0x0/0x30 @ 1
[    1.751481] initcall init_user_reserve+0x0/0x30 returned 0 after 0 usecs
[    1.752481] calling  init_admin_reserve+0x0/0x30 @ 1
[    1.753480] initcall init_admin_reserve+0x0/0x30 returned 0 after 0 usecs
[    1.754481] calling  init_reserve_notifier+0x0/0x7 @ 1
[    1.755482] initcall init_reserve_notifier+0x0/0x7 returned 0 after 0 usecs
[    1.756482] calling  swap_init_sysfs+0x0/0x62 @ 1
[    1.757508] initcall swap_init_sysfs+0x0/0x62 returned 0 after 0 usecs
[    1.758481] calling  swapfile_init+0x0/0x46 @ 1
[    1.759482] initcall swapfile_init+0x0/0x46 returned 0 after 0 usecs
[    1.760481] calling  hugetlb_init+0x0/0x411 @ 1
[    1.761483] HugeTLB registered 2.00 MiB page size, pre-allocated 0 pages
[    1.762599] initcall hugetlb_init+0x0/0x411 returned 0 after 976 usecs
[    1.763483] calling  io_wq_init+0x0/0x34 @ 1
[    1.765482] initcall io_wq_init+0x0/0x34 returned 0 after 0 usecs
[    1.766483] calling  seqiv_module_init+0x0/0xc @ 1
[    1.767482] initcall seqiv_module_init+0x0/0xc returned 0 after 0 usecs
[    1.768497] calling  echainiv_module_init+0x0/0xc @ 1
[    1.769484] initcall echainiv_module_init+0x0/0xc returned 0 after 0 usecs
[    1.770539] calling  rsa_init+0x0/0x50 @ 1
[    1.771608] cryptomgr_test (17) used greatest stack depth: 15544 bytes left
[    1.772493] initcall rsa_init+0x0/0x50 returned 0 after 976 usecs
[    1.773482] calling  crypto_cmac_module_init+0x0/0xc @ 1
[    1.774482] initcall crypto_cmac_module_init+0x0/0xc returned 0 after 0 usecs
[    1.775481] calling  hmac_module_init+0x0/0xc @ 1
[    1.776483] initcall hmac_module_init+0x0/0xc returned 0 after 0 usecs
[    1.777483] calling  crypto_null_mod_init+0x0/0x65 @ 1
[    1.778565] initcall crypto_null_mod_init+0x0/0x65 returned 0 after 0 usecs
[    1.779485] calling  md5_mod_init+0x0/0xc @ 1
[    1.780533] initcall md5_mod_init+0x0/0xc returned 0 after 0 usecs
[    1.781482] calling  sha256_generic_mod_init+0x0/0x11 @ 1
[    1.783500] initcall sha256_generic_mod_init+0x0/0x11 returned 0 after 976 usecs
[    1.784482] calling  crypto_cbc_module_init+0x0/0xc @ 1
[    1.785481] initcall crypto_cbc_module_init+0x0/0xc returned 0 after 0 usecs
[    1.786481] calling  crypto_ctr_module_init+0x0/0x11 @ 1
[    1.787524] initcall crypto_ctr_module_init+0x0/0x11 returned 0 after 0 usecs
[    1.788481] calling  crypto_gcm_module_init+0x0/0x64 @ 1
[    1.789499] initcall crypto_gcm_module_init+0x0/0x64 returned 0 after 0 usecs
[    1.790482] calling  crypto_ccm_module_init+0x0/0x11 @ 1
[    1.791483] initcall crypto_ccm_module_init+0x0/0x11 returned 0 after 0 usecs
[    1.792482] calling  aes_init+0x0/0xc @ 1
[    1.793532] initcall aes_init+0x0/0xc returned 0 after 0 usecs
[    1.794482] calling  crc32c_mod_init+0x0/0xc @ 1
[    1.795522] initcall crc32c_mod_init+0x0/0xc returned 0 after 0 usecs
[    1.796484] calling  crypto_authenc_module_init+0x0/0xc @ 1
[    1.797484] initcall crypto_authenc_module_init+0x0/0xc returned 0 after 0 usecs
[    1.798481] calling  crypto_authenc_esn_module_init+0x0/0xc @ 1
[    1.799482] initcall crypto_authenc_esn_module_init+0x0/0xc returned 0 after 0 usecs
[    1.800481] calling  drbg_init+0x0/0x7c @ 1
[    1.801623] initcall drbg_init+0x0/0x7c returned 0 after 0 usecs
[    1.802481] calling  ghash_mod_init+0x0/0xc @ 1
[    1.804484] initcall ghash_mod_init+0x0/0xc returned 0 after 976 usecs
[    1.805484] calling  init_bio+0x0/0x9a @ 1
[    1.806697] initcall init_bio+0x0/0x9a returned 0 after 0 usecs
[    1.807485] calling  blk_settings_init+0x0/0x29 @ 1
[    1.808484] initcall blk_settings_init+0x0/0x29 returned 0 after 0 usecs
[    1.809482] calling  blk_ioc_init+0x0/0x29 @ 1
[    1.810487] initcall blk_ioc_init+0x0/0x29 returned 0 after 0 usecs
[    1.811481] calling  blk_mq_init+0x0/0x96 @ 1
[    1.812497] initcall blk_mq_init+0x0/0x96 returned 0 after 0 usecs
[    1.813481] calling  genhd_device_init+0x0/0x75 @ 1
[    1.814558] initcall genhd_device_init+0x0/0x75 returned 0 after 0 usecs
[    1.815533] calling  pci_slot_init+0x0/0x40 @ 1
[    1.816577] initcall pci_slot_init+0x0/0x40 returned 0 after 0 usecs
[    1.817480] calling  fbmem_init+0x0/0xd8 @ 1
[    1.818511] initcall fbmem_init+0x0/0xd8 returned 0 after 0 usecs
[    1.819481] calling  acpi_init+0x0/0x316 @ 1
[    1.820539] ACPI: Added _OSI(Module Device)
[    1.821481] ACPI: Added _OSI(Processor Device)
[    1.823480] ACPI: Added _OSI(3.0 _SCP Extensions)
[    1.824481] ACPI: Added _OSI(Processor Aggregator Device)
[    1.825482] ACPI: Added _OSI(Linux-Dell-Video)
[    1.826482] ACPI: Added _OSI(Linux-Lenovo-NV-HDMI-Audio)
[    1.827482] ACPI: Added _OSI(Linux-HPI-Hybrid-Graphics)
[    1.833922] ACPI: 1 ACPI AML tables successfully acquired and loaded
[    1.837630] ACPI: Interpreter enabled
[    1.838517] ACPI: (supports S0 S3 S4 S5)
[    1.839479] ACPI: Using IOAPIC for interrupt routing
[    1.840588] PCI: Using host bridge windows from ACPI; if necessary, use "pci=nocrs" and report a bug
[    1.841752] ACPI: Enabled 2 GPEs in block 00 to 3F
[    1.849485] ACPI: PCI Root Bridge [PCI0] (domain 0000 [bus 00-ff])
[    1.850500] acpi PNP0A08:00: _OSC: OS supports [ExtendedConfig ASPM ClockPM Segments MSI HPX-Type3]
[    1.851548] acpi PNP0A08:00: _OSC: platform does not support [LTR]
[    1.852532] acpi PNP0A08:00: _OSC: OS now controls [PME PCIeCapability]
[    1.853617] PCI host bridge to bus 0000:00
[    1.854492] pci_bus 0000:00: root bus resource [io  0x0000-0x0cf7 window]
[    1.855479] pci_bus 0000:00: root bus resource [io  0x0d00-0xffff window]
[    1.856479] pci_bus 0000:00: root bus resource [mem 0x000a0000-0x000bffff window]
[    1.857479] pci_bus 0000:00: root bus resource [mem 0x20000000-0xafffffff window]
[    1.858479] pci_bus 0000:00: root bus resource [mem 0xc0000000-0xfebfffff window]
[    1.859479] pci_bus 0000:00: root bus resource [mem 0x100000000-0x8ffffffff window]
[    1.860480] pci_bus 0000:00: root bus resource [bus 00-ff]
[    1.861971] pci 0000:00:00.0: calling  quirk_mmio_always_on+0x0/0x10 @ 1
[    1.862483] pci 0000:00:00.0: quirk_mmio_always_on+0x0/0x10 took 0 usecs
[    1.863498] pci 0000:00:00.0: [8086:29c0] type 00 class 0x060000
[    1.868193] pci 0000:00:00.0: calling  quirk_igfx_skip_te_disable+0x0/0x80 @ 1
[    1.868488] pci 0000:00:00.0: quirk_igfx_skip_te_disable+0x0/0x80 took 0 usecs
[    1.871008] pci 0000:00:01.0: [1234:1111] type 00 class 0x030000
[    1.878475] pci 0000:00:01.0: reg 0x10: [mem 0xfd000000-0xfdffffff pref]
[    1.889079] pci 0000:00:01.0: reg 0x18: [mem 0xfebf0000-0xfebf0fff]
[    1.905475] pci 0000:00:01.0: reg 0x30: [mem 0xfebe0000-0xfebeffff pref]
[    1.920475] pci 0000:00:01.0: calling  efifb_fixup_resources+0x0/0xf0 @ 1
[    1.922475] pci 0000:00:01.0: efifb_fixup_resources+0x0/0xf0 took 0 usecs
[    1.937244] pci 0000:00:1f.0: [8086:2918] type 00 class 0x060100
[    1.944000] pci 0000:00:1f.0: calling  quirk_ich7_lpc+0x0/0x60 @ 1
[    1.945725] pci 0000:00:1f.0: quirk: [io  0x0600-0x067f] claimed by ICH6 ACPI/GPIO/TCO
[    1.946956] pci 0000:00:1f.0: quirk_ich7_lpc+0x0/0x60 took 1953 usecs
[    1.948427] pci 0000:00:1f.0: calling  quirk_igfx_skip_te_disable+0x0/0x80 @ 1
[    1.949766] pci 0000:00:1f.0: quirk_igfx_skip_te_disable+0x0/0x80 took 0 usecs
[    1.959030] pci 0000:00:1f.2: [8086:2922] type 00 class 0x010601
[    1.971662] pci 0000:00:1f.2: reg 0x20: [io  0xc040-0xc05f]
[    1.973880] pci 0000:00:1f.2: reg 0x24: [mem 0xfebf1000-0xfebf1fff]
[    1.977268] pci 0000:00:1f.2: calling  quirk_igfx_skip_te_disable+0x0/0x80 @ 1
[    1.977489] pci 0000:00:1f.2: quirk_igfx_skip_te_disable+0x0/0x80 took 0 usecs
[    1.982114] pci 0000:00:1f.3: [8086:2930] type 00 class 0x0c0500
[    1.988896] pci 0000:00:1f.3: reg 0x20: [io  0x0700-0x073f]
[    1.992500] pci 0000:00:1f.3: calling  quirk_igfx_skip_te_disable+0x0/0x80 @ 1
[    1.993487] pci 0000:00:1f.3: quirk_igfx_skip_te_disable+0x0/0x80 took 0 usecs
[    1.997752] pci_bus 0000:00: on NUMA node 0
[    2.014746] ACPI: PCI Interrupt Link [LNKA] (IRQs 5 *10 11)
[    2.015926] ACPI: PCI Interrupt Link [LNKB] (IRQs 5 *10 11)
[    2.017482] ACPI: PCI Interrupt Link [LNKC] (IRQs 5 10 *11)
[    2.019087] ACPI: PCI Interrupt Link [LNKD] (IRQs 5 10 *11)
[    2.021313] ACPI: PCI Interrupt Link [LNKE] (IRQs 5 *10 11)
[    2.023497] ACPI: PCI Interrupt Link [LNKF] (IRQs 5 *10 11)
[    2.025930] ACPI: PCI Interrupt Link [LNKG] (IRQs 5 10 *11)
[    2.027615] ACPI: PCI Interrupt Link [LNKH] (IRQs 5 10 *11)
[    2.029636] ACPI: PCI Interrupt Link [GSIA] (IRQs *16)
[    2.031489] ACPI: PCI Interrupt Link [GSIB] (IRQs *17)
[    2.032497] ACPI: PCI Interrupt Link [GSIC] (IRQs *18)
[    2.034485] ACPI: PCI Interrupt Link [GSID] (IRQs *19)
[    2.035496] ACPI: PCI Interrupt Link [GSIE] (IRQs *20)
[    2.036815] ACPI: PCI Interrupt Link [GSIF] (IRQs *21)
[    2.037501] ACPI: PCI Interrupt Link [GSIG] (IRQs *22)
[    2.038492] ACPI: PCI Interrupt Link [GSIH] (IRQs *23)
[    2.053337] initcall acpi_init+0x0/0x316 returned 0 after 226562 usecs
[    2.054475] calling  pnp_init+0x0/0xc @ 1
[    2.055653] initcall pnp_init+0x0/0xc returned 0 after 0 usecs
[    2.056484] calling  misc_init+0x0/0xbf @ 1
[    2.058879] initcall misc_init+0x0/0xbf returned 0 after 976 usecs
[    2.059483] calling  iommu_subsys_init+0x0/0x4e @ 1
[    2.061771] iommu: Default domain type: Translated 
[    2.062483] initcall iommu_subsys_init+0x0/0x4e returned 0 after 1953 usecs
[    2.063483] calling  vga_arb_device_init+0x0/0x26c @ 1
[    2.074261] pci 0000:00:01.0: vgaarb: setting as boot VGA device
[    2.074475] pci 0000:00:01.0: vgaarb: VGA device added: decodes=io+mem,owns=io+mem,locks=none
[    2.074481] pci 0000:00:01.0: vgaarb: bridge control possible
[    2.075478] vgaarb: loaded
[    2.076484] initcall vga_arb_device_init+0x0/0x26c returned 0 after 11718 usecs
[    2.078108] calling  cn_init+0x0/0xf0 @ 1
[    2.080642] initcall cn_init+0x0/0xf0 returned 0 after 976 usecs
[    2.081483] calling  dma_buf_init+0x0/0xad @ 1
[    2.085982] initcall dma_buf_init+0x0/0xad returned 0 after 2929 usecs
[    2.086481] calling  init_scsi+0x0/0x79 @ 1
[    2.099988] SCSI subsystem initialized
[    2.100730] initcall init_scsi+0x0/0x79 returned 0 after 12695 usecs
[    2.101593] calling  ata_init+0x0/0x332 @ 1
[    2.105539] libata version 3.00 loaded.
[    2.106484] initcall ata_init+0x0/0x332 returned 0 after 3906 usecs
[    2.107484] calling  phy_init+0x0/0x250 @ 1
[    2.111686] initcall phy_init+0x0/0x250 returned 0 after 2929 usecs
[    2.112482] calling  init_pcmcia_cs+0x0/0x35 @ 1
[    2.114002] initcall init_pcmcia_cs+0x0/0x35 returned 0 after 0 usecs
[    2.114484] calling  usb_common_init+0x0/0x1c @ 1
[    2.115716] initcall usb_common_init+0x0/0x1c returned 0 after 0 usecs
[    2.116483] calling  usb_init+0x0/0x12e @ 1
[    2.117570] ACPI: bus type USB registered
[    2.118964] usbcore: registered new interface driver usbfs
[    2.120495] usbcore: registered new interface driver hub
[    2.122806] usbcore: registered new device driver usb
[    2.123484] initcall usb_init+0x0/0x12e returned 0 after 5859 usecs
[    2.124484] calling  serio_init+0x0/0x29 @ 1
[    2.125689] initcall serio_init+0x0/0x29 returned 0 after 0 usecs
[    2.126486] calling  input_init+0x0/0xf6 @ 1
[    2.128680] initcall input_init+0x0/0xf6 returned 0 after 976 usecs
[    2.129487] calling  rtc_init+0x0/0x4d @ 1
[    2.130722] initcall rtc_init+0x0/0x4d returned 0 after 0 usecs
[    2.131488] calling  pps_init+0x0/0xa9 @ 1
[    2.133124] pps_core: LinuxPPS API ver. 1 registered
[    2.133481] pps_core: Software ver. 5.3.6 - Copyright 2005-2007 Rodolfo Giometti <giometti@linux.it>
[    2.134486] initcall pps_init+0x0/0xa9 returned 0 after 1953 usecs
[    2.135485] calling  ptp_init+0x0/0x98 @ 1
[    2.136495] PTP clock support registered
[    2.137484] initcall ptp_init+0x0/0x98 returned 0 after 976 usecs
[    2.138485] calling  power_supply_class_init+0x0/0x3f @ 1
[    2.141879] initcall power_supply_class_init+0x0/0x3f returned 0 after 976 usecs
[    2.142485] calling  hwmon_init+0x0/0x104 @ 1
[    2.145797] initcall hwmon_init+0x0/0x104 returned 0 after 1953 usecs
[    2.146484] calling  md_init+0x0/0x16b @ 1
[    2.152231] initcall md_init+0x0/0x16b returned 0 after 3906 usecs
[    2.152485] calling  leds_init+0x0/0x3b @ 1
[    2.153697] initcall leds_init+0x0/0x3b returned 0 after 0 usecs
[    2.154484] calling  dmi_init+0x0/0x113 @ 1
[    2.157483] initcall dmi_init+0x0/0x113 returned 0 after 1953 usecs
[    2.158484] calling  efisubsys_init+0x0/0x4e6 @ 1
[    2.159613] initcall efisubsys_init+0x0/0x4e6 returned 0 after 0 usecs
[    2.160668] calling  nvmem_init+0x0/0xc @ 1
[    2.161857] initcall nvmem_init+0x0/0xc returned 0 after 0 usecs
[    2.162482] calling  init_soundcore+0x0/0x33 @ 1
[    2.163512] initcall init_soundcore+0x0/0x33 returned 0 after 0 usecs
[    2.164482] calling  alsa_sound_init+0x0/0x8f @ 1
[    2.166086] Advanced Linux Sound Architecture Driver Initialized.
[    2.166482] initcall alsa_sound_init+0x0/0x8f returned 0 after 976 usecs
[    2.167555] calling  alsa_seq_device_init+0x0/0x71 @ 1
[    2.168665] initcall alsa_seq_device_init+0x0/0x71 returned 0 after 0 usecs
[    2.169481] calling  hda_bus_init+0x0/0xc @ 1
[    2.170658] initcall hda_bus_init+0x0/0xc returned 0 after 0 usecs
[    2.171480] calling  proto_init+0x0/0xc @ 1
[    2.172542] initcall proto_init+0x0/0xc returned 0 after 0 usecs
[    2.173481] calling  net_dev_init+0x0/0x1cc @ 1
[    2.175777] initcall net_dev_init+0x0/0x1cc returned 0 after 976 usecs
[    2.176485] calling  neigh_init+0x0/0x84 @ 1
[    2.177485] initcall neigh_init+0x0/0x84 returned 0 after 0 usecs
[    2.178482] calling  fib_notifier_init+0x0/0xc @ 1
[    2.179484] initcall fib_notifier_init+0x0/0xc returned 0 after 0 usecs
[    2.180480] calling  fib_rules_init+0x0/0xab @ 1
[    2.181533] initcall fib_rules_init+0x0/0xab returned 0 after 0 usecs
[    2.182480] calling  pktsched_init+0x0/0x10e @ 1
[    2.183525] initcall pktsched_init+0x0/0x10e returned 0 after 0 usecs
[    2.184480] calling  tc_filter_init+0x0/0xfa @ 1
[    2.185524] initcall tc_filter_init+0x0/0xfa returned 0 after 0 usecs
[    2.186480] calling  tc_action_init+0x0/0x54 @ 1
[    2.187482] initcall tc_action_init+0x0/0x54 returned 0 after 0 usecs
[    2.188480] calling  ethnl_init+0x0/0x52 @ 1
[    2.189568] initcall ethnl_init+0x0/0x52 returned 0 after 0 usecs
[    2.190480] calling  nexthop_init+0x0/0xd8 @ 1
[    2.191720] initcall nexthop_init+0x0/0xd8 returned 0 after 0 usecs
[    2.192482] calling  cipso_v4_init+0x0/0x5a @ 1
[    2.193592] initcall cipso_v4_init+0x0/0x5a returned 0 after 0 usecs
[    2.194482] calling  ieee80211_init+0x0/0x24 @ 1
[    2.197137] initcall ieee80211_init+0x0/0x24 returned 0 after 976 usecs
[    2.197483] calling  netlbl_init+0x0/0x78 @ 1
[    2.198510] NetLabel: Initializing
[    2.199478] NetLabel:  domain hash size = 128
[    2.200478] NetLabel:  protocols = UNLABELED CIPSOv4 CALIPSO
[    2.201881] NetLabel:  unlabeled traffic allowed by default
[    2.202485] initcall netlbl_init+0x0/0x78 returned 0 after 3906 usecs
[    2.203484] calling  rfkill_init+0x0/0x111 @ 1
[    2.206157] initcall rfkill_init+0x0/0x111 returned 0 after 976 usecs
[    2.206489] calling  pci_subsys_init+0x0/0x66 @ 1
[    2.208479] PCI: Using ACPI for IRQ routing
[    2.974739] PCI: pci_cache_line_size set to 64 bytes
[    2.976731] e820: reserve RAM buffer [mem 0x0009fc00-0x0009ffff]
[    2.977520] e820: reserve RAM buffer [mem 0x1ffdf000-0x1fffffff]
[    2.978565] initcall pci_subsys_init+0x0/0x66 returned 0 after 752929 usecs
[    2.981034] calling  nmi_warning_debugfs+0x0/0x26 @ 1
[    2.981515] initcall nmi_warning_debugfs+0x0/0x26 returned 0 after 0 usecs
[    2.982500] calling  save_microcode_in_initrd+0x0/0x51 @ 1
[    2.983609] initcall save_microcode_in_initrd+0x0/0x51 returned 0 after 0 usecs
[    2.984505] calling  hpet_late_init+0x0/0x1f6 @ 1
[    2.986597] hpet: 3 channels of 0 reserved for per-cpu timers
[    2.987663] hpet0: at MMIO 0xfed00000, IRQs 2, 8, 0
[    2.988479] hpet0: 3 comparators, 64-bit 100.000000 MHz counter
[    2.993484] initcall hpet_late_init+0x0/0x1f6 returned 0 after 7812 usecs
[    2.997475] calling  init_amd_nbs+0x0/0x11c @ 1
[    2.999043] initcall init_amd_nbs+0x0/0x11c returned 0 after 0 usecs
[    2.999497] calling  clocksource_done_booting+0x0/0x41 @ 1
[    3.000840] clocksource: Switched to clocksource kvm-clock
[    3.007940] initcall clocksource_done_booting+0x0/0x41 returned 0 after 7285 usecs
[    3.017266] calling  tracer_init_tracefs+0x0/0x1fb @ 1
[    3.236784] initcall tracer_init_tracefs+0x0/0x1fb returned 0 after 208102 usecs
[    3.245618] calling  init_trace_printk_function_export+0x0/0x2c @ 1
[    3.253118] initcall init_trace_printk_function_export+0x0/0x2c returned 0 after 5 usecs
[    3.262568] calling  init_kprobe_trace+0x0/0x1a9 @ 1
[    3.270567] initcall init_kprobe_trace+0x0/0x1a9 returned 0 after 206 usecs
[    3.284342] calling  init_dynamic_event+0x0/0x3d @ 1
[    3.290333] initcall init_dynamic_event+0x0/0x3d returned 0 after 6 usecs
[    3.298589] calling  init_uprobe_trace+0x0/0x5c @ 1
[    3.304697] initcall init_uprobe_trace+0x0/0x5c returned 0 after 18 usecs
[    3.312601] calling  init_pipe_fs+0x0/0x44 @ 1
[    3.318211] initcall init_pipe_fs+0x0/0x44 returned 0 after 308 usecs
[    3.325765] calling  inotify_user_setup+0x0/0x47 @ 1
[    3.331682] initcall inotify_user_setup+0x0/0x47 returned 0 after 27 usecs
[    3.339724] calling  eventpoll_init+0x0/0xcc @ 1
[    3.345304] initcall eventpoll_init+0x0/0xcc returned 0 after 98 usecs
[    3.353598] calling  anon_inode_init+0x0/0x58 @ 1
[    3.360116] initcall anon_inode_init+0x0/0x58 returned 0 after 366 usecs
[    3.368105] calling  proc_locks_init+0x0/0x27 @ 1
[    3.373895] initcall proc_locks_init+0x0/0x27 returned 0 after 147 usecs
[    3.382008] calling  iomap_init+0x0/0x1b @ 1
[    3.390309] initcall iomap_init+0x0/0x1b returned 0 after 2996 usecs
[    3.398073] calling  dquot_init+0x0/0xd7 @ 1
[    3.403346] VFS: Disk quotas dquot_6.6.0
[    3.408581] VFS: Dquot-cache hash table entries: 512 (order 0, 4096 bytes)
[    3.417041] initcall dquot_init+0x0/0xd7 returned 0 after 13369 usecs
[    3.424937] calling  quota_init+0x0/0x23 @ 1
[    3.431397] initcall quota_init+0x0/0x23 returned 0 after 1039 usecs
[    3.439024] calling  proc_cmdline_init+0x0/0x21 @ 1
[    3.444952] initcall proc_cmdline_init+0x0/0x21 returned 0 after 108 usecs
[    3.453199] calling  proc_consoles_init+0x0/0x24 @ 1
[    3.459324] initcall proc_consoles_init+0x0/0x24 returned 0 after 93 usecs
[    3.467629] calling  proc_cpuinfo_init+0x0/0x1e @ 1
[    3.473584] initcall proc_cpuinfo_init+0x0/0x1e returned 0 after 4 usecs
[    3.481571] calling  proc_devices_init+0x0/0x24 @ 1
[    3.487618] initcall proc_devices_init+0x0/0x24 returned 0 after 22 usecs
[    3.495739] calling  proc_interrupts_init+0x0/0x24 @ 1
[    3.501984] initcall proc_interrupts_init+0x0/0x24 returned 0 after 3 usecs
[    3.510309] calling  proc_loadavg_init+0x0/0x21 @ 1
[    3.516254] initcall proc_loadavg_init+0x0/0x21 returned 0 after 3 usecs
[    3.524369] calling  proc_meminfo_init+0x0/0x21 @ 1
[    3.530261] initcall proc_meminfo_init+0x0/0x21 returned 0 after 3 usecs
[    3.538211] calling  proc_stat_init+0x0/0x1e @ 1
[    3.543748] initcall proc_stat_init+0x0/0x1e returned 0 after 4 usecs
[    3.551361] calling  proc_uptime_init+0x0/0x21 @ 1
[    3.557022] initcall proc_uptime_init+0x0/0x21 returned 0 after 3 usecs
[    3.564886] calling  proc_version_init+0x0/0x21 @ 1
[    3.570793] initcall proc_version_init+0x0/0x21 returned 0 after 3 usecs
[    3.578670] calling  proc_softirqs_init+0x0/0x21 @ 1
[    3.584661] initcall proc_softirqs_init+0x0/0x21 returned 0 after 16 usecs
[    3.593141] calling  proc_kcore_init+0x0/0xea @ 1
[    3.600016] initcall proc_kcore_init+0x0/0xea returned 0 after 170 usecs
[    3.608912] calling  vmcore_init+0x0/0x578 @ 1
[    3.614311] initcall vmcore_init+0x0/0x578 returned 0 after 23 usecs
[    3.622606] calling  proc_kmsg_init+0x0/0x21 @ 1
[    3.629488] initcall proc_kmsg_init+0x0/0x21 returned 0 after 6 usecs
[    3.638789] calling  proc_page_init+0x0/0x3b @ 1
[    3.645636] initcall proc_page_init+0x0/0x3b returned 0 after 7 usecs
[    3.655064] calling  init_ramfs_fs+0x0/0xc @ 1
[    3.661067] initcall init_ramfs_fs+0x0/0xc returned 0 after 25 usecs
[    3.668327] calling  init_hugetlbfs_fs+0x0/0xf6 @ 1
[    3.674336] initcall init_hugetlbfs_fs+0x0/0xf6 returned 0 after 228 usecs
[    3.682233] calling  blk_scsi_ioctl_init+0x0/0x2a5 @ 1
[    3.688405] initcall blk_scsi_ioctl_init+0x0/0x2a5 returned 0 after 124 usecs
[    3.696625] calling  acpi_event_init+0x0/0x2c @ 1
[    3.702181] initcall acpi_event_init+0x0/0x2c returned 0 after 93 usecs
[    3.709919] calling  pnp_system_init+0x0/0xc @ 1
[    3.715974] initcall pnp_system_init+0x0/0xc returned 0 after 570 usecs
[    3.723836] calling  pnpacpi_init+0x0/0x69 @ 1
[    3.729122] pnp: PnP ACPI init
[    3.735905] pnp 00:00: Plug and Play ACPI device, IDs PNP0303 (active)
[    3.744076] pnp 00:01: Plug and Play ACPI device, IDs PNP0f13 (active)
[    3.751829] pnp 00:02: Plug and Play ACPI device, IDs PNP0400 (active)
[    3.759663] pnp 00:03: Plug and Play ACPI device, IDs PNP0501 (active)
[    3.767405] pnp 00:04: Plug and Play ACPI device, IDs PNP0b00 (active)
[    3.775453] system 00:05: [mem 0xb0000000-0xbfffffff window] has been reserved
[    3.784026] system 00:05: Plug and Play ACPI device, IDs PNP0c01 (active)
[    3.793752] pnp: PnP ACPI: found 6 devices
[    3.798477] initcall pnpacpi_init+0x0/0x69 returned 0 after 67765 usecs
[    3.806005] calling  chr_dev_init+0x0/0x14d @ 1
[    3.821144] initcall chr_dev_init+0x0/0x14d returned 0 after 9636 usecs
[    3.828943] calling  firmware_class_init+0x0/0xde @ 1
[    3.834990] initcall firmware_class_init+0x0/0xde returned 0 after 106 usecs
[    3.843307] calling  init_pcmcia_bus+0x0/0x5b @ 1
[    3.849419] initcall init_pcmcia_bus+0x0/0x5b returned 0 after 245 usecs
[    3.857044] calling  init_acpi_pm_clocksource+0x0/0xda @ 1
[    3.868749] clocksource: acpi_pm: mask: 0xffffff max_cycles: 0xffffff, max_idle_ns: 2085701024 ns
[    3.878529] initcall init_acpi_pm_clocksource+0x0/0xda returned 0 after 14912 usecs
[    3.887184] calling  sysctl_core_init+0x0/0x26 @ 1
[    3.892806] initcall sysctl_core_init+0x0/0x26 returned 0 after 177 usecs
[    3.900360] calling  eth_offload_init+0x0/0x13 @ 1
[    3.905831] initcall eth_offload_init+0x0/0x13 returned 0 after 29 usecs
[    3.913315] calling  ipv4_offload_init+0x0/0x73 @ 1
[    3.918921] initcall ipv4_offload_init+0x0/0x73 returned 0 after 109 usecs
[    3.926517] calling  inet_init+0x0/0x276 @ 1
[    3.931489] NET: Registered protocol family 2
[    3.937472] IP idents hash table entries: 8192 (order: 4, 65536 bytes, linear)
[    3.948743] tcp_listen_portaddr_hash hash table entries: 256 (order: 0, 4096 bytes, linear)
[    3.963810] TCP established hash table entries: 4096 (order: 3, 32768 bytes, linear)
[    3.973954] TCP bind hash table entries: 4096 (order: 3, 32768 bytes, linear)
[    3.983041] TCP: Hash tables configured (established 4096 bind 4096)
[    3.992145] UDP hash table entries: 256 (order: 1, 8192 bytes, linear)
[    3.999782] UDP-Lite hash table entries: 256 (order: 1, 8192 bytes, linear)
[    4.008602] initcall inet_init+0x0/0x276 returned 0 after 75436 usecs
[    4.016543] calling  af_unix_init+0x0/0x4d @ 1
[    4.022582] NET: Registered protocol family 1
[    4.027621] initcall af_unix_init+0x0/0x4d returned 0 after 4941 usecs
[    4.034940] calling  ipv6_offload_init+0x0/0x7e @ 1
[    4.040365] initcall ipv6_offload_init+0x0/0x7e returned 0 after 23 usecs
[    4.047893] calling  init_sunrpc+0x0/0x65 @ 1
[    4.054427] RPC: Registered named UNIX socket transport module.
[    4.061006] RPC: Registered udp transport module.
[    4.066286] RPC: Registered tcp transport module.
[    4.071577] RPC: Registered tcp NFSv4.1 backchannel transport module.
[    4.078621] initcall init_sunrpc+0x0/0x65 returned 0 after 25177 usecs
[    4.085776] calling  cfg80211_init+0x0/0xc5 @ 1
[    4.091764] initcall cfg80211_init+0x0/0xc5 returned 0 after 873 usecs
[    4.098972] calling  pcibios_assign_resources+0x0/0xa8 @ 1
[    4.105197] pci_bus 0000:00: resource 4 [io  0x0000-0x0cf7 window]
[    4.112046] pci_bus 0000:00: resource 5 [io  0x0d00-0xffff window]
[    4.118933] pci_bus 0000:00: resource 6 [mem 0x000a0000-0x000bffff window]
[    4.126616] pci_bus 0000:00: resource 7 [mem 0x20000000-0xafffffff window]
[    4.134295] pci_bus 0000:00: resource 8 [mem 0xc0000000-0xfebfffff window]
[    4.141896] pci_bus 0000:00: resource 9 [mem 0x100000000-0x8ffffffff window]
[    4.149723] initcall pcibios_assign_resources+0x0/0xa8 returned 0 after 43690 usecs
[    4.158150] calling  pci_apply_final_quirks+0x0/0x124 @ 1
[    4.164611] pci 0000:00:01.0: calling  pci_fixup_video+0x0/0xe0 @ 1
[    4.172093] pci 0000:00:01.0: Video device with shadowed ROM at [mem 0x000c0000-0x000dffff]
[    4.181825] pci 0000:00:01.0: pci_fixup_video+0x0/0xe0 took 9848 usecs
[    4.191438] PCI: CLS 0 bytes, default 64
[    4.197076] initcall pci_apply_final_quirks+0x0/0x124 returned 0 after 32065 usecs
[    4.207718] calling  acpi_reserve_resources+0x0/0xea @ 1
[    4.215027] initcall acpi_reserve_resources+0x0/0xea returned 0 after 85 usecs
[    4.223216] calling  populate_rootfs+0x0/0x102 @ 1
[    4.230034] initcall populate_rootfs+0x0/0x102 returned 0 after 1280 usecs
[    4.237801] calling  pci_iommu_init+0x0/0x3e @ 1
[    4.243324] initcall pci_iommu_init+0x0/0x3e returned 0 after 144 usecs
[    4.251943] calling  ia32_binfmt_init+0x0/0x13 @ 1
[    4.258451] initcall ia32_binfmt_init+0x0/0x13 returned 0 after 23 usecs
[    4.268035] calling  rapl_pmu_init+0x0/0x25f @ 1
[    4.273681] initcall rapl_pmu_init+0x0/0x25f returned -19 after 41 usecs
[    4.281305] calling  amd_uncore_init+0x0/0x310 @ 1
[    4.286750] initcall amd_uncore_init+0x0/0x310 returned -19 after 0 usecs
[    4.294380] calling  amd_ibs_init+0x0/0x233 @ 1
[    4.299541] initcall amd_ibs_init+0x0/0x233 returned -19 after 0 usecs
[    4.306852] calling  amd_iommu_pc_init+0x0/0x20c @ 1
[    4.314721] initcall amd_iommu_pc_init+0x0/0x20c returned -19 after 26 usecs
[    4.322720] calling  msr_init+0x0/0x55 @ 1
[    4.327766] initcall msr_init+0x0/0x55 returned 0 after 149 usecs
[    4.334722] calling  intel_uncore_init+0x0/0x31e @ 1
[    4.340436] initcall intel_uncore_init+0x0/0x31e returned -19 after 43 usecs
[    4.348428] calling  cstate_pmu_init+0x0/0x181 @ 1
[    4.354177] initcall cstate_pmu_init+0x0/0x181 returned -19 after 0 usecs
[    4.362189] calling  register_kernel_offset_dumper+0x0/0x1a @ 1
[    4.369581] initcall register_kernel_offset_dumper+0x0/0x1a returned 0 after 26 usecs
[    4.379455] calling  i8259A_init_ops+0x0/0x20 @ 1
[    4.386144] initcall i8259A_init_ops+0x0/0x20 returned 0 after 1 usecs
[    4.395698] calling  init_tsc_clocksource+0x0/0xa4 @ 1
[    4.403284] clocksource: tsc: mask: 0xffffffffffffffff max_cycles: 0x39a85afc727, max_idle_ns: 881590685098 ns
[    4.415552] initcall init_tsc_clocksource+0x0/0xa4 returned 0 after 12201 usecs
[    4.423625] calling  add_rtc_cmos+0x0/0xb0 @ 1
[    4.428661] initcall add_rtc_cmos+0x0/0xb0 returned 0 after 16 usecs
[    4.435695] calling  i8237A_init_ops+0x0/0x3a @ 1
[    4.441144] initcall i8237A_init_ops+0x0/0x3a returned 0 after 117 usecs
[    4.449441] calling  umwait_init+0x0/0x94 @ 1
[    4.454622] initcall umwait_init+0x0/0x94 returned -19 after 18 usecs
[    4.461769] calling  thermal_throttle_init_device+0x0/0x3d @ 1
[    4.468161] initcall thermal_throttle_init_device+0x0/0x3d returned 0 after 25 usecs
[    4.476769] calling  msr_init+0x0/0xd7 @ 1
[    4.481486] initcall msr_init+0x0/0xd7 returned 0 after 115 usecs
[    4.488354] calling  cpuid_init+0x0/0xd7 @ 1
[    4.493431] initcall cpuid_init+0x0/0xd7 returned 0 after 195 usecs
[    4.500447] calling  ioapic_init_ops+0x0/0x13 @ 1
[    4.505697] initcall ioapic_init_ops+0x0/0x13 returned 0 after 13 usecs
[    4.513126] calling  add_pcspkr+0x0/0x6c @ 1
[    4.517984] initcall add_pcspkr+0x0/0x6c returned 0 after 35 usecs
[    4.525119] calling  start_periodic_check_for_corruption+0x0/0x30 @ 1
[    4.532303] check: Scanning for low memory corruption every 60 seconds
[    4.539556] initcall start_periodic_check_for_corruption+0x0/0x30 returned 0 after 7078 usecs
[    4.548922] calling  sysfb_init+0x0/0x9c @ 1
[    4.553801] initcall sysfb_init+0x0/0x9c returned 0 after 77 usecs
[    4.560740] calling  audit_classes_init+0x0/0xae @ 1
[    4.566314] initcall audit_classes_init+0x0/0xae returned 0 after 50 usecs
[    4.573970] calling  iosf_mbi_init+0x0/0x24 @ 1
[    4.580135] initcall iosf_mbi_init+0x0/0x24 returned 0 after 319 usecs
[    4.589334] calling  proc_execdomains_init+0x0/0x21 @ 1
[    4.595554] initcall proc_execdomains_init+0x0/0x21 returned 0 after 19 usecs
[    4.603931] calling  register_warn_debugfs+0x0/0x23 @ 1
[    4.610217] initcall register_warn_debugfs+0x0/0x23 returned 0 after 8 usecs
[    4.618845] calling  ioresources_init+0x0/0x49 @ 1
[    4.624735] initcall ioresources_init+0x0/0x49 returned 0 after 5 usecs
[    4.632655] calling  snapshot_device_init+0x0/0xc @ 1
[    4.643678] initcall snapshot_device_init+0x0/0xc returned 0 after 2373 usecs
[    4.651693] calling  irq_pm_init_ops+0x0/0x13 @ 1
[    4.656985] initcall irq_pm_init_ops+0x0/0x13 returned 0 after 24 usecs
[    4.664481] calling  rcu_torture_init+0x0/0x89f @ 1
[    4.670012] tasks-torture:--- Start of test: nreaders=1 nfakewriters=4 stat_interval=15 verbose=1 test_no_idle_hz=1 shuffle_interval=3 stutter=5 irqreader=1 fqs_duration=0 fqs_holdoff=0 fqs_stutter=3 test_boost=1/0 test_boost_interval=7 test_boost_duration=4 shutdown_secs=1800 stall_cpu=0 stall_cpu_holdoff=10 stall_cpu_irqsoff=0 stall_cpu_block=0 n_barrier_cbs=4 onoff_interval=0 onoff_holdoff=0 read_exit_delay=13 read_exit_burst=16
[    4.710593] tasks:  Start-test grace-period state: g0 f0x0
[    4.716664] tasks-torture: Creating rcu_torture_writer task
[    4.723055] tasks-torture: Creating rcu_torture_fakewriter task
[    4.729765] tasks-torture: rcu_torture_writer task started
[    4.735778] tasks-torture: GP expediting controlled from boot/sysfs for tasks.
[    4.743699] rcu_torture_writer: Testing expedited GPs.
[    4.749490] rcu_torture_writer: Testing asynchronous GPs.
[    4.755588] rcu_torture_writer: Testing normal GPs.
[    4.761154] tasks-torture: Creating rcu_torture_fakewriter task
[    4.768146] tasks-torture: rcu_torture_fakewriter task started
[    4.774900] tasks-torture: Creating rcu_torture_fakewriter task
[    4.781659] tasks-torture: rcu_torture_fakewriter task started
[    4.788892] tasks-torture: Creating rcu_torture_fakewriter task
[    4.795751] tasks-torture: rcu_torture_fakewriter task started
[    4.803179] tasks-torture: Creating rcu_torture_reader task
[    4.809598] tasks-torture: rcu_torture_fakewriter task started
[    4.816680] tasks-torture: Creating rcu_torture_stats task
[    4.823025] tasks-torture: rcu_torture_reader task started
[    4.832078] tasks-torture: Creating torture_shuffle task
[    4.838191] tasks-torture: rcu_torture_stats task started
[    4.845072] tasks-torture: Creating torture_stutter task
[    4.851159] tasks-torture: torture_shuffle task started
[    4.858104] tasks-torture: Creating torture_shutdown task
[    4.865958] tasks-torture: torture_stutter task started
[    4.873830] tasks-torture: rcu_torture_fwd_prog_init: Disabled, unsupported by RCU flavor under test
[    4.886868] tasks-torture: Creating rcu_torture_barrier_cbs task
[    4.895560] tasks-torture: torture_shutdown task started
[    4.903269] tasks-torture:torture_shutdown task: 1799954 ms remaining
[    4.912804] tasks-torture: Creating rcu_torture_barrier_cbs task
[    4.919941] tasks-torture: rcu_torture_barrier_cbs task started
[    4.927065] tasks-torture: Creating rcu_torture_barrier_cbs task
[    4.933908] tasks-torture: rcu_torture_barrier_cbs task started
[    4.942194] tasks-torture: Creating rcu_torture_barrier_cbs task
[    4.949201] tasks-torture: rcu_torture_barrier_cbs task started
[    4.956879] tasks-torture: Creating rcu_torture_barrier task
[    4.963700] tasks-torture: rcu_torture_barrier_cbs task started
[    4.973618] tasks-torture: Creating rcu_torture_read_exit task
[    4.985128] tasks-torture: rcu_torture_barrier task starting
[    4.994541] initcall rcu_torture_init+0x0/0x89f returned 0 after 316735 usecs
[    5.002795] calling  timekeeping_init_ops+0x0/0x13 @ 1
[    5.008822] initcall timekeeping_init_ops+0x0/0x13 returned 0 after 66 usecs
[    5.018880] calling  init_clocksource_sysfs+0x0/0x23 @ 1
[    5.026582] initcall init_clocksource_sysfs+0x0/0x23 returned 0 after 1793 usecs
[    5.034864] calling  init_timer_list_procfs+0x0/0x31 @ 1
[    5.041136] initcall init_timer_list_procfs+0x0/0x31 returned 0 after 182 usecs
[    5.049431] calling  alarmtimer_init+0x0/0xb5 @ 1
[    5.057623] initcall alarmtimer_init+0x0/0xb5 returned 0 after 2777 usecs
[    5.065219] calling  init_posix_timers+0x0/0x29 @ 1
[    5.070826] initcall init_posix_timers+0x0/0x29 returned 0 after 112 usecs
[    5.078543] calling  clockevents_init_sysfs+0x0/0x8b @ 1
[    5.084766] initcall clockevents_init_sysfs+0x0/0x8b returned 0 after 121 usecs
[    5.093244] calling  proc_dma_init+0x0/0x21 @ 1
[    5.098588] initcall proc_dma_init+0x0/0x21 returned 0 after 96 usecs
[    5.106785] calling  proc_modules_init+0x0/0x1e @ 1
[    5.113585] initcall proc_modules_init+0x0/0x1e returned 0 after 43 usecs
[    5.121726] calling  kallsyms_init+0x0/0x21 @ 1
[    5.127098] initcall kallsyms_init+0x0/0x21 returned 0 after 4 usecs
[    5.134471] calling  pid_namespaces_init+0x0/0x2c @ 1
[    5.140413] initcall pid_namespaces_init+0x0/0x2c returned 0 after 37 usecs
[    5.148602] calling  audit_watch_init+0x0/0x37 @ 1
[    5.154394] initcall audit_watch_init+0x0/0x37 returned 0 after 34 usecs
[    5.162257] calling  audit_fsnotify_init+0x0/0x37 @ 1
[    5.168327] initcall audit_fsnotify_init+0x0/0x37 returned 0 after 2 usecs
[    5.176236] calling  audit_tree_init+0x0/0x6d @ 1
[    5.181785] initcall audit_tree_init+0x0/0x6d returned 0 after 20 usecs
[    5.189848] calling  seccomp_sysctl_init+0x0/0x2b @ 1
[    5.196064] initcall seccomp_sysctl_init+0x0/0x2b returned 0 after 146 usecs
[    5.204535] calling  utsname_sysctl_init+0x0/0x13 @ 1
[    5.212260] initcall utsname_sysctl_init+0x0/0x13 returned 0 after 96 usecs
[    5.222439] calling  init_tracepoints+0x0/0x27 @ 1
[    5.229496] initcall init_tracepoints+0x0/0x27 returned 0 after 68 usecs
[    5.238604] calling  init_blk_tracer+0x0/0x50 @ 1
[    5.244966] initcall init_blk_tracer+0x0/0x50 returned 0 after 813 usecs
[    5.253967] calling  perf_event_sysfs_init+0x0/0x81 @ 1
[    5.260739] initcall perf_event_sysfs_init+0x0/0x81 returned 0 after 740 usecs
[    5.268983] calling  system_trusted_keyring_init+0x0/0x5f @ 1
[    5.275625] Initialise system trusted keyrings
[    5.281383] initcall system_trusted_keyring_init+0x0/0x5f returned 0 after 5629 usecs
[    5.292047] calling  kswapd_init+0x0/0x13 @ 1
[    5.298495] tasks-torture: rcu_torture_read_exit: Start of test
[    5.307398] initcall kswapd_init+0x0/0x13 returned 0 after 8701 usecs
[    5.315133] calling  extfrag_debug_init+0x0/0x54 @ 1
[    5.321546] initcall extfrag_debug_init+0x0/0x54 returned 0 after 163 usecs
[    5.331172] calling  slab_proc_init+0x0/0x21 @ 1
[    5.337250] initcall slab_proc_init+0x0/0x21 returned 0 after 94 usecs
[    5.344927] calling  workingset_init+0x0/0x8c @ 1
[    5.350702] workingset: timestamp_bits=62 max_order=17 bucket_order=0
[    5.358378] initcall workingset_init+0x0/0x8c returned 0 after 7494 usecs
[    5.366490] calling  proc_vmalloc_init+0x0/0x27 @ 1
[    5.372381] initcall proc_vmalloc_init+0x0/0x27 returned 0 after 67 usecs
[    5.380732] calling  procswaps_init+0x0/0x1e @ 1
[    5.386255] initcall procswaps_init+0x0/0x1e returned 0 after 77 usecs
[    5.393923] calling  slab_sysfs_init+0x0/0xea @ 1
[    5.402687] initcall slab_sysfs_init+0x0/0xea returned 0 after 3093 usecs
[    5.410773] calling  fcntl_init+0x0/0x29 @ 1
[    5.415896] initcall fcntl_init+0x0/0x29 returned 0 after 7 usecs
[    5.423923] calling  proc_filesystems_init+0x0/0x21 @ 1
[    5.431384] initcall proc_filesystems_init+0x0/0x21 returned 0 after 5 usecs
[    5.441459] calling  start_dirtytime_writeback+0x0/0x29 @ 1
[    5.449316] initcall start_dirtytime_writeback+0x0/0x29 returned 0 after 2 usecs
[    5.458113] calling  blkdev_init+0x0/0x1b @ 1
[    5.464985] initcall blkdev_init+0x0/0x1b returned 0 after 545 usecs
[    5.472217] calling  dio_init+0x0/0x2c @ 1
[    5.477010] initcall dio_init+0x0/0x2c returned 0 after 53 usecs
[    5.483862] calling  dnotify_init+0x0/0x78 @ 1
[    5.488905] initcall dnotify_init+0x0/0x78 returned 0 after 9 usecs
[    5.495946] calling  aio_setup+0x0/0x78 @ 1
[    5.500903] initcall aio_setup+0x0/0x78 returned 0 after 158 usecs
[    5.507888] calling  io_uring_init+0x0/0x2c @ 1
[    5.513033] initcall io_uring_init+0x0/0x2c returned 0 after 5 usecs
[    5.520242] calling  mbcache_init+0x0/0x30 @ 1
[    5.525402] initcall mbcache_init+0x0/0x30 returned 0 after 41 usecs
[    5.532612] calling  init_grace+0x0/0xc @ 1
[    5.537659] initcall init_grace+0x0/0xc returned 0 after 187 usecs
[    5.544648] calling  init_v2_quota_format+0x0/0x21 @ 1
[    5.550621] initcall init_v2_quota_format+0x0/0x21 returned 0 after 20 usecs
[    5.558585] calling  init_devpts_fs+0x0/0x27 @ 1
[    5.563949] initcall init_devpts_fs+0x0/0x27 returned 0 after 122 usecs
[    5.571430] calling  ext4_init_fs+0x0/0x1cb @ 1
[    5.576936] initcall ext4_init_fs+0x0/0x1cb returned 0 after 328 usecs
[    5.584791] calling  journal_init+0x0/0x11c @ 1
[    5.591299] initcall journal_init+0x0/0x11c returned 0 after 180 usecs
[    5.598654] calling  init_fat_fs+0x0/0x49 @ 1
[    5.603706] initcall init_fat_fs+0x0/0x49 returned 0 after 99 usecs
[    5.610951] calling  init_vfat_fs+0x0/0xc @ 1
[    5.616324] initcall init_vfat_fs+0x0/0xc returned 0 after 3 usecs
[    5.623421] calling  init_msdos_fs+0x0/0xc @ 1
[    5.629598] initcall init_msdos_fs+0x0/0xc returned 0 after 3 usecs
[    5.637347] calling  init_iso9660_fs+0x0/0x6c @ 1
[    5.643345] rcu_torture_rea (61) used greatest stack depth: 15536 bytes left
[    5.651645] initcall init_iso9660_fs+0x0/0x6c returned 0 after 8616 usecs
[    5.659596] calling  init_nfs_fs+0x0/0x13a @ 1
[    5.665736] initcall init_nfs_fs+0x0/0x13a returned 0 after 967 usecs
[    5.673178] calling  init_nfs_v2+0x0/0x13 @ 1
[    5.678504] initcall init_nfs_v2+0x0/0x13 returned 0 after 40 usecs
[    5.685804] calling  init_nfs_v3+0x0/0x13 @ 1
[    5.691120] initcall init_nfs_v3+0x0/0x13 returned 0 after 13 usecs
[    5.698470] calling  init_nfs_v4+0x0/0x32 @ 1
[    5.703737] NFS: Registering the id_resolver key type
[    5.709768] Key type id_resolver registered
[    5.714817] Key type id_legacy registered
[    5.719785] initcall init_nfs_v4+0x0/0x32 returned 0 after 15705 usecs
[    5.727593] calling  init_nlm+0x0/0x5b @ 1
[    5.732578] initcall init_nlm+0x0/0x5b returned 0 after 161 usecs
[    5.739701] calling  init_nls_cp437+0x0/0xe @ 1
[    5.745043] initcall init_nls_cp437+0x0/0xe returned 0 after 42 usecs
[    5.752600] calling  init_nls_ascii+0x0/0xe @ 1
[    5.757931] initcall init_nls_ascii+0x0/0xe returned 0 after 0 usecs
[    5.765484] calling  init_nls_iso8859_1+0x0/0xe @ 1
[    5.771381] initcall init_nls_iso8859_1+0x0/0xe returned 0 after 0 usecs
[    5.779536] calling  init_nls_utf8+0x0/0x21 @ 1
[    5.785776] initcall init_nls_utf8+0x0/0x21 returned 0 after 1 usecs
[    5.795437] calling  init_autofs_fs+0x0/0x25 @ 1
[    5.805247] initcall init_autofs_fs+0x0/0x25 returned 0 after 2497 usecs
[    5.815112] calling  ipc_init+0x0/0x24 @ 1
[    5.820123] initcall ipc_init+0x0/0x24 returned 0 after 13 usecs
[    5.827460] calling  ipc_sysctl_init+0x0/0x13 @ 1
[    5.833073] initcall ipc_sysctl_init+0x0/0x13 returned 0 after 36 usecs
[    5.840814] calling  init_mqueue_fs+0x0/0x92 @ 1
[    5.846550] initcall init_mqueue_fs+0x0/0x92 returned 0 after 190 usecs
[    5.855201] calling  key_proc_init+0x0/0x63 @ 1
[    5.861204] initcall key_proc_init+0x0/0x63 returned 0 after 24 usecs
[    5.868672] calling  selinux_nf_ip_init+0x0/0x2e @ 1
[    5.874620] initcall selinux_nf_ip_init+0x0/0x2e returned 0 after 116 usecs
[    5.882748] calling  init_sel_fs+0x0/0x116 @ 1
[    5.887892] initcall init_sel_fs+0x0/0x116 returned 0 after 0 usecs
[    5.895287] calling  selnl_init+0x0/0x7c @ 1
[    5.900892] initcall selnl_init+0x0/0x7c returned 0 after 433 usecs
[    5.908340] calling  sel_netif_init+0x0/0x36 @ 1
[    5.914203] initcall sel_netif_init+0x0/0x36 returned 0 after 0 usecs
[    5.922042] calling  sel_netnode_init+0x0/0x33 @ 1
[    5.928072] initcall sel_netnode_init+0x0/0x33 returned 0 after 1 usecs
[    5.936063] calling  sel_netport_init+0x0/0x33 @ 1
[    5.941912] initcall sel_netport_init+0x0/0x33 returned 0 after 1 usecs
[    5.949937] calling  aurule_init+0x0/0x2a @ 1
[    5.955300] initcall aurule_init+0x0/0x2a returned 0 after 1 usecs
[    5.962608] calling  crypto_algapi_init+0x0/0xc @ 1
[    5.968598] initcall crypto_algapi_init+0x0/0xc returned 0 after 73 usecs
[    5.976813] calling  jent_mod_init+0x0/0x2d @ 1
[    5.992400] initcall jent_mod_init+0x0/0x2d returned 0 after 9945 usecs
[    6.001760] calling  asymmetric_key_init+0x0/0xc @ 1
[    6.008755] Key type asymmetric registered
[    6.014627] initcall asymmetric_key_init+0x0/0xc returned 0 after 5733 usecs
[    6.024577] calling  x509_key_init+0x0/0xc @ 1
[    6.031077] Asymmetric key parser 'x509' registered
[    6.036921] initcall x509_key_init+0x0/0xc returned 0 after 5735 usecs
[    6.044892] calling  proc_genhd_init+0x0/0x41 @ 1
[    6.050864] initcall proc_genhd_init+0x0/0x41 returned 0 after 19 usecs
[    6.059021] calling  bsg_init+0x0/0x113 @ 1
[    6.064489] Block layer SCSI generic (bsg) driver version 0.4 loaded (major 251)
[    6.073621] initcall bsg_init+0x0/0x113 returned 0 after 9024 usecs
[    6.081417] calling  deadline_init+0x0/0xc @ 1
[    6.087020] io scheduler mq-deadline registered
[    6.092709] initcall deadline_init+0x0/0xc returned 0 after 5573 usecs
[    6.100789] calling  kyber_init+0x0/0xc @ 1
[    6.106135] io scheduler kyber registered
[    6.111564] initcall kyber_init+0x0/0xc returned 0 after 5313 usecs
[    6.119157] calling  mod_init+0x0/0x7 @ 1
[    6.124381] initcall mod_init+0x0/0x7 returned 0 after 0 usecs
[    6.131799] calling  sg_pool_init+0x0/0xb4 @ 1
[    6.137721] initcall sg_pool_init+0x0/0xb4 returned 0 after 248 usecs
[    6.146025] calling  pcie_portdrv_init+0x0/0x39 @ 1
[    6.152898] initcall pcie_portdrv_init+0x0/0x39 returned 0 after 647 usecs
[    6.161706] calling  pci_proc_init+0x0/0x68 @ 1
[    6.167681] initcall pci_proc_init+0x0/0x68 returned 0 after 41 usecs
[    6.175996] calling  pci_hotplug_init+0x0/0x7 @ 1
[    6.182067] initcall pci_hotplug_init+0x0/0x7 returned 0 after 0 usecs
[    6.190225] calling  efifb_driver_init+0x0/0xe @ 1
[    6.196731] initcall efifb_driver_init+0x0/0xe returned 0 after 58 usecs
[    6.205331] calling  ged_driver_init+0x0/0xe @ 1
[    6.211886] initcall ged_driver_init+0x0/0xe returned 0 after 484 usecs
[    6.220406] calling  acpi_ac_init+0x0/0x92 @ 1
[    6.230244] initcall acpi_ac_init+0x0/0x92 returned 0 after 550 usecs
[    6.238351] calling  acpi_button_driver_init+0x0/0x52 @ 1
[    6.245741] input: Power Button as /devices/LNXSYSTM:00/LNXPWRBN:00/input/input0
[    6.255674] ACPI: Power Button [PWRF]
[    6.261051] initcall acpi_button_driver_init+0x0/0x52 returned 0 after 15612 usecs
[    6.270410] calling  acpi_fan_driver_init+0x0/0xe @ 1
[    6.276795] initcall acpi_fan_driver_init+0x0/0xe returned 0 after 14 usecs
[    6.285525] calling  acpi_video_init+0x0/0xcb @ 1
[    6.291608] initcall acpi_video_init+0x0/0xcb returned 0 after 136 usecs
[    6.299731] calling  acpi_processor_driver_init+0x0/0xad @ 1
[    6.307620] initcall acpi_processor_driver_init+0x0/0xad returned 0 after 780 usecs
[    6.317145] calling  acpi_thermal_init+0x0/0x71 @ 1
[    6.323514] initcall acpi_thermal_init+0x0/0x71 returned 0 after 128 usecs
[    6.333330] calling  acpi_battery_init+0x0/0x32 @ 1
[    6.339701] initcall acpi_battery_init+0x0/0x32 returned 0 after 175 usecs
[    6.348587] calling  bgrt_init+0x0/0xb6 @ 1
[    6.353930] initcall bgrt_init+0x0/0xb6 returned -19 after 0 usecs
[    6.363323] calling  gpio_clk_driver_init+0x0/0xe @ 1
[    6.371380] initcall gpio_clk_driver_init+0x0/0xe returned 0 after 194 usecs
[    6.381885] calling  plt_clk_driver_init+0x0/0xe @ 1
[    6.388263] initcall plt_clk_driver_init+0x0/0xe returned 0 after 21 usecs
[    6.397143] calling  virtio_pci_driver_init+0x0/0x15 @ 1
[    6.404133] initcall virtio_pci_driver_init+0x0/0x15 returned 0 after 59 usecs
[    6.413975] calling  n_null_init+0x0/0x1e @ 1
[    6.420671] initcall n_null_init+0x0/0x1e returned 0 after 22 usecs
[    6.430615] calling  pty_init+0x0/0x1e8 @ 1
[    6.438164] initcall pty_init+0x0/0x1e8 returned 0 after 733 usecs
[    6.447885] calling  sysrq_init+0x0/0x62 @ 1
[    6.454787] initcall sysrq_init+0x0/0x62 returned 0 after 7 usecs
[    6.464381] calling  serial8250_init+0x0/0x17e @ 1
[    6.472088] Serial: 8250/16550 driver, 4 ports, IRQ sharing enabled
[    6.483585] 00:03: ttyS0 at I/O 0x3f8 (irq = 4, base_baud = 115200) is a 16550A
[    6.497141] initcall serial8250_init+0x0/0x17e returned 0 after 24520 usecs
[    6.506695] calling  serial_pci_driver_init+0x0/0x15 @ 1
[    6.514732] initcall serial_pci_driver_init+0x0/0x15 returned 0 after 279 usecs
[    6.524993] calling  exar_pci_driver_init+0x0/0x15 @ 1
[    6.532406] initcall exar_pci_driver_init+0x0/0x15 returned 0 after 44 usecs
[    6.542178] calling  lpss8250_pci_driver_init+0x0/0x15 @ 1
[    6.550086] initcall lpss8250_pci_driver_init+0x0/0x15 returned 0 after 33 usecs
[    6.560977] calling  mid8250_pci_driver_init+0x0/0x15 @ 1
[    6.569686] initcall mid8250_pci_driver_init+0x0/0x15 returned 0 after 21 usecs
[    6.581217] calling  virtio_console_init+0x0/0xff @ 1
[    6.588520] initcall virtio_console_init+0x0/0xff returned 0 after 191 usecs
[    6.599850] calling  hpet_init+0x0/0x64 @ 1
[    6.608960] initcall hpet_init+0x0/0x64 returned 0 after 2982 usecs
[    6.619169] calling  nvram_module_init+0x0/0x83 @ 1
[    6.627299] Non-volatile memory driver v1.3
[    6.634382] initcall nvram_module_init+0x0/0x83 returned 0 after 7029 usecs
[    6.644130] calling  hwrng_modinit+0x0/0x8a @ 1
[    6.650243] initcall hwrng_modinit+0x0/0x8a returned 0 after 97 usecs
[    6.658916] calling  mod_init+0x0/0x48 @ 1
[    6.664592] initcall mod_init+0x0/0x48 returned -19 after 0 usecs
[    6.672410] calling  agp_init+0x0/0x23 @ 1
[    6.677699] Linux agpgart interface v0.103
[    6.683329] initcall agp_init+0x0/0x23 returned 0 after 5495 usecs
[    6.693131] calling  agp_amd64_mod_init+0x0/0x5 @ 1
[    6.701090] initcall agp_amd64_mod_init+0x0/0x5 returned -19 after 697 usecs
[    6.713007] calling  agp_intel_init+0x0/0x28 @ 1
[    6.722461] initcall agp_intel_init+0x0/0x28 returned 0 after 867 usecs
[    6.734897] calling  drm_kms_helper_init+0x0/0x7 @ 1
[    6.742896] initcall drm_kms_helper_init+0x0/0x7 returned 0 after 27 usecs
[    6.752281] calling  drm_core_init+0x0/0x9e @ 1
[    6.758896] initcall drm_core_init+0x0/0x9e returned 0 after 335 usecs
[    6.767929] calling  i915_init+0x0/0x6b @ 1
[    6.774460] initcall i915_init+0x0/0x6b returned 0 after 437 usecs
[    6.783601] calling  cn_proc_init+0x0/0x35 @ 1
[    6.791149] initcall cn_proc_init+0x0/0x35 returned 0 after 129 usecs
[    6.801899] calling  topology_sysfs_init+0x0/0x27 @ 1
[    6.810135] initcall topology_sysfs_init+0x0/0x27 returned 0 after 39 usecs
[    6.821655] calling  cacheinfo_sysfs_init+0x0/0x27 @ 1
[    6.830417] initcall cacheinfo_sysfs_init+0x0/0x27 returned 0 after 428 usecs
[    6.841904] calling  loop_init+0x0/0x168 @ 1
[    6.882340] loop: module loaded
[    6.887855] initcall loop_init+0x0/0x168 returned 0 after 38087 usecs
[    6.898684] calling  mac_hid_init+0x0/0x21 @ 1
[    6.906060] initcall mac_hid_init+0x0/0x21 returned 0 after 35 usecs
[    6.916632] calling  spi_transport_init+0x0/0x74 @ 1
[    6.924974] initcall spi_transport_init+0x0/0x74 returned 0 after 241 usecs
[    6.936628] calling  init_sd+0x0/0x18c @ 1
[    6.944765] initcall init_sd+0x0/0x18c returned 0 after 1231 usecs
[    6.955407] calling  init_sr+0x0/0x43 @ 1
[    6.962238] initcall init_sr+0x0/0x43 returned 0 after 55 usecs
[    6.972060] calling  init_sg+0x0/0x1c0 @ 1
[    6.979118] initcall init_sg+0x0/0x1c0 returned 0 after 88 usecs
[    6.988881] calling  ahci_pci_driver_init+0x0/0x15 @ 1
[    7.010585] ahci 0000:00:1f.2: version 3.0
[    7.024347] PCI Interrupt Link [GSIA] enabled at IRQ 16
[    7.045434] ahci 0000:00:1f.2: AHCI 0001.0000 32 slots 6 ports 1.5 Gbps 0x3f impl SATA mode
[    7.057360] ahci 0000:00:1f.2: flags: 64bit ncq only 
[    7.091148] scsi host0: ahci
[    7.098983] scsi host1: ahci
[    7.104883] scsi host2: ahci
[    7.114802] scsi host3: ahci
[    7.121996] scsi host4: ahci
[    7.127700] scsi host5: ahci
[    7.134111] ata1: SATA max UDMA/133 abar m4096@0xfebf1000 port 0xfebf1100 irq 24
[    7.145855] ata2: SATA max UDMA/133 abar m4096@0xfebf1000 port 0xfebf1180 irq 24
[    7.156853] ata3: SATA max UDMA/133 abar m4096@0xfebf1000 port 0xfebf1200 irq 24
[    7.171440] ata4: SATA max UDMA/133 abar m4096@0xfebf1000 port 0xfebf1280 irq 24
[    7.182454] ata5: SATA max UDMA/133 abar m4096@0xfebf1000 port 0xfebf1300 irq 24
[    7.193899] ata6: SATA max UDMA/133 abar m4096@0xfebf1000 port 0xfebf1380 irq 24
[    7.207636] initcall ahci_pci_driver_init+0x0/0x15 returned 0 after 197824 usecs
[    7.220659] calling  piix_init+0x0/0x26 @ 1
[    7.227930] initcall piix_init+0x0/0x26 returned 0 after 235 usecs
[    7.237710] calling  amd_pci_driver_init+0x0/0x15 @ 1
[    7.246653] initcall amd_pci_driver_init+0x0/0x15 returned 0 after 29 usecs
[    7.258498] calling  oldpiix_pci_driver_init+0x0/0x15 @ 1
[    7.268145] initcall oldpiix_pci_driver_init+0x0/0x15 returned 0 after 111 usecs
[    7.279623] calling  sch_pci_driver_init+0x0/0x15 @ 1
[    7.287464] initcall sch_pci_driver_init+0x0/0x15 returned 0 after 73 usecs
[    7.298150] calling  net_olddevs_init+0x0/0x55 @ 1
[    7.306550] initcall net_olddevs_init+0x0/0x55 returned 0 after 1305 usecs
[    7.317550] calling  blackhole_netdev_init+0x0/0x78 @ 1
[    7.328238] initcall blackhole_netdev_init+0x0/0x78 returned 0 after 2893 usecs
[    7.338922] calling  phy_module_init+0x0/0x13 @ 1
[    7.346913] initcall phy_module_init+0x0/0x13 returned 0 after 672 usecs
[    7.357999] calling  tg3_driver_init+0x0/0x15 @ 1
[    7.365514] initcall tg3_driver_init+0x0/0x15 returned 0 after 330 usecs
[    7.376099] calling  e100_init_module+0x0/0x4c @ 1
[    7.383420] e100: Intel(R) PRO/100 Network Driver
[    7.390942] e100: Copyright(c) 1999-2006 Intel Corporation
[    7.399665] initcall e100_init_module+0x0/0x4c returned 0 after 16097 usecs
[    7.409910] calling  e1000_init_module+0x0/0x72 @ 1
[    7.417088] e1000: Intel(R) PRO/1000 Network Driver
[    7.424920] e1000: Copyright (c) 1999-2006 Intel Corporation.
[    7.433927] initcall e1000_init_module+0x0/0x72 returned 0 after 16441 usecs
[    7.444985] calling  e1000_init_module+0x0/0x2d @ 1
[    7.454359] e1000e: Intel(R) PRO/1000 Network Driver
[    7.464148] e1000e: Copyright(c) 1999 - 2015 Intel Corporation.
[    7.474484] initcall e1000_init_module+0x0/0x2d returned 0 after 19715 usecs
[    7.485544] calling  sky2_init_module+0x0/0x21 @ 1
[    7.492954] sky2: driver version 1.30
[    7.498501] initcall sky2_init_module+0x0/0x21 returned 0 after 5412 usecs
[    7.508999] calling  forcedeth_pci_driver_init+0x0/0x15 @ 1
[    7.517361] initcall forcedeth_pci_driver_init+0x0/0x15 returned 0 after 64 usecs
[    7.528709] calling  rtl8139_init_module+0x0/0x15 @ 1
[    7.536438] initcall rtl8139_init_module+0x0/0x15 returned 0 after 50 usecs
[    7.547468] calling  rtl8169_pci_driver_init+0x0/0x15 @ 1
[    7.555934] initcall rtl8169_pci_driver_init+0x0/0x15 returned 0 after 45 usecs
[    7.567188] calling  cdrom_init+0x0/0xc @ 1
[    7.574507] initcall cdrom_init+0x0/0xc returned 0 after 529 usecs
[    7.584831] calling  nonstatic_sysfs_init+0x0/0xc @ 1
[    7.592864] initcall nonstatic_sysfs_init+0x0/0xc returned 0 after 116 usecs
[    7.604118] calling  yenta_cardbus_driver_init+0x0/0x15 @ 1
[    7.613270] initcall yenta_cardbus_driver_init+0x0/0x15 returned 0 after 159 usecs
[    7.624655] calling  mon_init+0x0/0x123 @ 1
[    7.644206] initcall mon_init+0x0/0x123 returned 0 after 12309 usecs
[    7.655291] calling  ehci_hcd_init+0x0/0x55 @ 1
[    7.662020] ehci_hcd: USB 2.0 'Enhanced' Host Controller (EHCI) Driver
[    7.671586] initcall ehci_hcd_init+0x0/0x55 returned 0 after 9414 usecs
[    7.681049] calling  ehci_pci_init+0x0/0x64 @ 1
[    7.687597] ehci-pci: EHCI PCI platform driver
[    7.694235] initcall ehci_pci_init+0x0/0x64 returned 0 after 6480 usecs
[    7.703344] calling  ohci_hcd_mod_init+0x0/0x4d @ 1
[    7.710916] ohci_hcd: USB 1.1 'Open' Host Controller (OHCI) Driver
[    7.719963] initcall ohci_hcd_mod_init+0x0/0x4d returned 0 after 8832 usecs
[    7.730990] calling  ohci_pci_init+0x0/0x64 @ 1
[    7.738416] ohci-pci: OHCI PCI platform driver
[    7.744970] initcall ohci_pci_init+0x0/0x64 returned 0 after 6442 usecs
[    7.754807] calling  uhci_hcd_init+0x0/0xa6 @ 1
[    7.764806] uhci_hcd: USB Universal Host Controller Interface driver
[    7.780055] initcall uhci_hcd_init+0x0/0xa6 returned 0 after 14888 usecs
[    7.792228] calling  xhci_hcd_init+0x0/0x1e @ 1
[    7.800423] initcall xhci_hcd_init+0x0/0x1e returned 0 after 36 usecs
[    7.811070] calling  xhci_pci_init+0x0/0x49 @ 1
[    7.818187] initcall xhci_pci_init+0x0/0x49 returned 0 after 296 usecs
[    7.828065] calling  usblp_driver_init+0x0/0x15 @ 1
[    7.836312] usbcore: registered new interface driver usblp
[    7.844814] initcall usblp_driver_init+0x0/0x15 returned 0 after 8723 usecs
[    7.856169] calling  usb_storage_driver_init+0x0/0x2a @ 1
[    7.864810] usbcore: registered new interface driver usb-storage
[    7.874065] initcall usb_storage_driver_init+0x0/0x2a returned 0 after 9196 usecs
[    7.885652] calling  i8042_init+0x0/0x4c2 @ 1
[    7.893206] i8042: PNP: PS/2 Controller [PNP0303:KBD,PNP0f13:MOU] at 0x60,0x64 irq 1,12
[    7.915444] serio: i8042 KBD port at 0x60,0x64 irq 1
[    7.923260] serio: i8042 AUX port at 0x60,0x64 irq 12
[    7.930899] initcall i8042_init+0x0/0x4c2 returned 0 after 37652 usecs
[    7.940995] calling  serport_init+0x0/0x2c @ 1
[    7.948443] initcall serport_init+0x0/0x2c returned 0 after 37 usecs
[    7.959270] calling  input_leds_init+0x0/0xc @ 1
[    7.967285] initcall input_leds_init+0x0/0xc returned 0 after 126 usecs
[    7.978678] calling  evdev_init+0x0/0xc @ 1
[    7.988260] initcall evdev_init+0x0/0xc returned 0 after 2218 usecs
[    7.997279] calling  atkbd_init+0x0/0x21 @ 1
[    8.004116] initcall atkbd_init+0x0/0x21 returned 0 after 58 usecs
[    8.013603] calling  psmouse_init+0x0/0x7f @ 1
[    8.020698] initcall psmouse_init+0x0/0x7f returned 0 after 318 usecs
[    8.030938] calling  cmos_init+0x0/0x73 @ 1
[    8.039620] rtc_cmos 00:04: RTC can wake from S4
[    8.058942] input: AT Translated Set 2 keyboard as /devices/platform/i8042/serio0/input/input1
[    8.102402] ata4: SATA link down (SStatus 0 SControl 300)
[    8.114947] ata5: SATA link down (SStatus 0 SControl 300)
[    8.125018] ata1: SATA link down (SStatus 0 SControl 300)
[    8.136446] ata2: SATA link down (SStatus 0 SControl 300)
[    8.147282] ata3: SATA link up 1.5 Gbps (SStatus 113 SControl 300)
[    8.159176] ata3.00: ATAPI: QEMU DVD-ROM, 2.5+, max UDMA/100
[    8.168432] ata3.00: applying bridge limits
[    8.177247] ata3.00: configured for UDMA/100
[    8.198211] scsi 2:0:0:0: CD-ROM            QEMU     QEMU DVD-ROM     2.5+ PQ: 0 ANSI: 5
[    8.213988] rtc_cmos 00:04: registered as rtc0
[    8.221819] rtc_cmos 00:04: alarms up to one day, y3k, 242 bytes nvram, hpet irqs
[    8.233351] initcall cmos_init+0x0/0x73 returned 0 after 190370 usecs
[    8.244090] calling  smbalert_driver_init+0x0/0xe @ 1
[    8.252190] initcall smbalert_driver_init+0x0/0xe returned 0 after 251 usecs
[    8.264858] calling  i2c_i801_init+0x0/0xc5 @ 1
[    8.275565] i801_smbus 0000:00:1f.3: SMBus using PCI interrupt
[    8.286221] i2c i2c-0: 1/1 memory slots populated (from DMI)
[    8.294925] i2c i2c-0: Memory type 0x07 not supported yet, not instantiating SPD
[    8.307120] initcall i2c_i801_init+0x0/0xc5 returned 0 after 34370 usecs
[    8.318251] calling  ptp_kvm_init+0x0/0xf0 @ 1
[    8.328723] ata6: SATA link down (SStatus 0 SControl 300)
[    8.352340] sr 2:0:0:0: [sr0] scsi3-mmc drive: 4x/4x cd/rw xa/form2 tray
[    8.365077] cdrom: Uniform CD-ROM driver Revision: 3.20
[    8.379094] initcall ptp_kvm_init+0x0/0xf0 returned 0 after 51947 usecs
[    8.390583] calling  dm_init+0x0/0x3c @ 1
[    8.406450] sr 2:0:0:0: Attached scsi CD-ROM sr0
[    8.415199] sr 2:0:0:0: Attached scsi generic sg0 type 5
[    8.424443] device-mapper: ioctl: 4.43.0-ioctl (2020-10-01) initialised: dm-devel@redhat.com
[    8.439021] initcall dm_init+0x0/0x3c returned 0 after 40579 usecs
[    8.448215] calling  dm_mirror_init+0x0/0x29 @ 1
[    8.455724] initcall dm_mirror_init+0x0/0x29 returned 0 after 33 usecs
[    8.465751] calling  dm_dirty_log_init+0x0/0x4f @ 1
[    8.473152] initcall dm_dirty_log_init+0x0/0x4f returned 0 after 78 usecs
[    8.483719] calling  dm_zero_init+0x0/0x29 @ 1
[    8.490930] initcall dm_zero_init+0x0/0x29 returned 0 after 1 usecs
[    8.500933] calling  intel_pstate_init+0x0/0x4a2 @ 1
[    8.508885] intel_pstate: CPU model not supported
[    8.516084] initcall intel_pstate_init+0x0/0x4a2 returned -19 after 7025 usecs
[    8.527630] calling  haltpoll_init+0x0/0xc0 @ 1
[    8.536255] initcall haltpoll_init+0x0/0xc0 returned -19 after 2035 usecs
[    8.548416] calling  efivars_sysfs_init+0x0/0x30 @ 1
[    8.557303] initcall efivars_sysfs_init+0x0/0x30 returned 0 after 91 usecs
[    8.569154] calling  esrt_sysfs_init+0x0/0x2a2 @ 1
[    8.577822] initcall esrt_sysfs_init+0x0/0x2a2 returned -38 after 250 usecs
[    8.590230] calling  hid_init+0x0/0x5c @ 1
[    8.597974] hid: raw HID events driver (C) Jiri Kosina
[    8.607096] initcall hid_init+0x0/0x5c returned 0 after 9461 usecs
[    8.617487] calling  hid_generic_init+0x0/0x15 @ 1
[    8.625786] initcall hid_generic_init+0x0/0x15 returned 0 after 445 usecs
[    8.636230] calling  a4_driver_init+0x0/0x15 @ 1
[    8.644124] initcall a4_driver_init+0x0/0x15 returned 0 after 25 usecs
[    8.655108] calling  apple_driver_init+0x0/0x15 @ 1
[    8.664471] initcall apple_driver_init+0x0/0x15 returned 0 after 81 usecs
[    8.676176] calling  belkin_driver_init+0x0/0x15 @ 1
[    8.684979] initcall belkin_driver_init+0x0/0x15 returned 0 after 26 usecs
[    8.697063] calling  ch_driver_init+0x0/0x15 @ 1
[    8.705456] initcall ch_driver_init+0x0/0x15 returned 0 after 23 usecs
[    8.717228] calling  ch_driver_init+0x0/0x15 @ 1
[    8.724470] initcall ch_driver_init+0x0/0x15 returned 0 after 40 usecs
[    8.733947] calling  cp_driver_init+0x0/0x15 @ 1
[    8.741055] initcall cp_driver_init+0x0/0x15 returned 0 after 190 usecs
[    8.750175] calling  ez_driver_init+0x0/0x15 @ 1
[    8.757740] initcall ez_driver_init+0x0/0x15 returned 0 after 19 usecs
[    8.768067] calling  gyration_driver_init+0x0/0x15 @ 1
[    8.776343] initcall gyration_driver_init+0x0/0x15 returned 0 after 23 usecs
[    8.788145] calling  ite_driver_init+0x0/0x15 @ 1
[    8.796433] initcall ite_driver_init+0x0/0x15 returned 0 after 23 usecs
[    8.807035] calling  ks_driver_init+0x0/0x15 @ 1
[    8.814415] initcall ks_driver_init+0x0/0x15 returned 0 after 25 usecs
[    8.825001] calling  lg_driver_init+0x0/0x15 @ 1
[    8.832680] initcall lg_driver_init+0x0/0x15 returned 0 after 117 usecs
[    8.843766] calling  lg_g15_driver_init+0x0/0x15 @ 1
[    8.851228] initcall lg_g15_driver_init+0x0/0x15 returned 0 after 41 usecs
[    8.861402] calling  ms_driver_init+0x0/0x15 @ 1
[    8.868631] initcall ms_driver_init+0x0/0x15 returned 0 after 23 usecs
[    8.878811] calling  mr_driver_init+0x0/0x15 @ 1
[    8.886098] initcall mr_driver_init+0x0/0x15 returned 0 after 18 usecs
[    8.896960] calling  ntrig_driver_init+0x0/0x15 @ 1
[    8.904477] initcall ntrig_driver_init+0x0/0x15 returned 0 after 41 usecs
[    8.914783] calling  pl_driver_init+0x0/0x15 @ 1
[    8.921935] initcall pl_driver_init+0x0/0x15 returned 0 after 18 usecs
[    8.931685] calling  pl_driver_init+0x0/0x15 @ 1
[    8.939209] initcall pl_driver_init+0x0/0x15 returned 0 after 49 usecs
[    8.949491] calling  redragon_driver_init+0x0/0x15 @ 1
[    8.957264] initcall redragon_driver_init+0x0/0x15 returned 0 after 21 usecs
[    8.967914] calling  samsung_driver_init+0x0/0x15 @ 1
[    8.975831] initcall samsung_driver_init+0x0/0x15 returned 0 after 84 usecs
[    8.988699] calling  sony_init+0x0/0x38 @ 1
[    8.995975] initcall sony_init+0x0/0x38 returned 0 after 26 usecs
[    9.006202] calling  sp_driver_init+0x0/0x15 @ 1
[    9.013959] initcall sp_driver_init+0x0/0x15 returned 0 after 53 usecs
[    9.024695] calling  ts_driver_init+0x0/0x15 @ 1
[    9.032842] initcall ts_driver_init+0x0/0x15 returned 0 after 31 usecs
[    9.043095] calling  hid_init+0x0/0x58 @ 1
[    9.050995] usbcore: registered new interface driver usbhid
[    9.059133] usbhid: USB HID core driver
[    9.064818] initcall hid_init+0x0/0x58 returned 0 after 15476 usecs
[    9.074161] calling  eeepc_laptop_init+0x0/0x57 @ 1
[    9.082124] initcall eeepc_laptop_init+0x0/0x57 returned -19 after 202 usecs
[    9.092020] calling  pmc_atom_init+0x0/0x27a @ 1
[    9.098509] initcall pmc_atom_init+0x0/0x27a returned -19 after 184 usecs
[    9.107979] calling  alsa_hwdep_init+0x0/0x5e @ 1
[    9.115828] initcall alsa_hwdep_init+0x0/0x5e returned 0 after 390 usecs
[    9.124894] calling  alsa_timer_init+0x0/0x1f0 @ 1
[    9.361109] input: ImExPS/2 Generic Explorer Mouse as /devices/platform/i8042/serio1/input/input3
[    9.940683] initcall alsa_timer_init+0x0/0x1f0 returned 0 after 789749 usecs
[    9.951326] calling  snd_hrtimer_init+0x0/0x117 @ 1
[    9.959994] initcall snd_hrtimer_init+0x0/0x117 returned 0 after 4 usecs
[    9.970314] calling  alsa_pcm_init+0x0/0x64 @ 1
[    9.977819] initcall alsa_pcm_init+0x0/0x64 returned 0 after 44 usecs
[    9.988089] calling  alsa_seq_init+0x0/0x4a @ 1
[   10.059015] initcall alsa_seq_init+0x0/0x4a returned 0 after 62022 usecs
[   10.069760] calling  alsa_seq_dummy_init+0x0/0x9c @ 1
[   10.077882] initcall alsa_seq_dummy_init+0x0/0x9c returned 0 after 59 usecs
[   10.088665] calling  azx_driver_init+0x0/0x15 @ 1
[   10.096480] initcall azx_driver_init+0x0/0x15 returned 0 after 294 usecs
[   10.107367] calling  sock_diag_init+0x0/0x2a @ 1
[   10.116469] initcall sock_diag_init+0x0/0x2a returned 0 after 1451 usecs
[   10.126728] calling  blackhole_init+0x0/0xc @ 1
[   10.133432] initcall blackhole_init+0x0/0xc returned 0 after 1 usecs
[   10.143122] calling  nfnetlink_init+0x0/0x57 @ 1
[   10.150834] initcall nfnetlink_init+0x0/0x57 returned 0 after 355 usecs
[   10.161057] calling  nfnetlink_log_init+0x0/0x99 @ 1
[   10.168663] initcall nfnetlink_log_init+0x0/0x99 returned 0 after 100 usecs
[   10.179209] calling  nf_conntrack_standalone_init+0x0/0x87 @ 1
[   10.189145] initcall nf_conntrack_standalone_init+0x0/0x87 returned 0 after 897 usecs
[   10.200964] calling  ctnetlink_init+0x0/0x83 @ 1
[   10.208120] initcall ctnetlink_init+0x0/0x83 returned 0 after 1 usecs
[   10.218021] calling  nf_conntrack_ftp_init+0x0/0x12c @ 1
[   10.226128] initcall nf_conntrack_ftp_init+0x0/0x12c returned 0 after 26 usecs
[   10.237990] calling  nf_conntrack_irc_init+0x0/0x129 @ 1
[   10.246662] initcall nf_conntrack_irc_init+0x0/0x129 returned 0 after 429 usecs
[   10.258686] calling  nf_conntrack_sip_init+0x0/0x172 @ 1
[   10.271712] initcall nf_conntrack_sip_init+0x0/0x172 returned 0 after 10 usecs
[   10.282624] calling  nf_nat_init+0x0/0xbb @ 1
[   10.290889] initcall nf_nat_init+0x0/0xbb returned 0 after 185 usecs
[   10.300709] calling  nf_nat_ftp_init+0x0/0x2a @ 1
[   10.312263] initcall nf_nat_ftp_init+0x0/0x2a returned 0 after 1 usecs
[   10.321380] calling  nf_nat_irc_init+0x0/0x2a @ 1
[   10.331158] initcall nf_nat_irc_init+0x0/0x2a returned 0 after 1 usecs
[   10.344764] calling  nf_nat_sip_init+0x0/0x36 @ 1
[   10.360131] initcall nf_nat_sip_init+0x0/0x36 returned 0 after 1 usecs
[   10.375249] calling  xt_init+0x0/0xcf @ 1
[   10.386100] initcall xt_init+0x0/0xcf returned 0 after 51 usecs
[   10.395561] calling  tcpudp_mt_init+0x0/0x11 @ 1
[   10.402790] initcall tcpudp_mt_init+0x0/0x11 returned 0 after 28 usecs
[   10.412744] calling  connsecmark_tg_init+0x0/0xc @ 1
[   10.420370] initcall connsecmark_tg_init+0x0/0xc returned 0 after 1 usecs
[   10.430962] calling  nflog_tg_init+0x0/0xc @ 1
[   10.438001] initcall nflog_tg_init+0x0/0xc returned 0 after 1 usecs
[   10.447925] calling  secmark_tg_init+0x0/0x11 @ 1
[   10.456003] initcall secmark_tg_init+0x0/0x11 returned 0 after 1 usecs
[   10.466395] calling  tcpmss_tg_init+0x0/0x11 @ 1
[   10.473767] initcall tcpmss_tg_init+0x0/0x11 returned 0 after 1 usecs
[   10.483364] calling  conntrack_mt_init+0x0/0x11 @ 1
[   10.490915] initcall conntrack_mt_init+0x0/0x11 returned 0 after 1 usecs
[   10.501222] calling  policy_mt_init+0x0/0x11 @ 1
[   10.508634] initcall policy_mt_init+0x0/0x11 returned 0 after 1 usecs
[   10.520849] calling  state_mt_init+0x0/0xc @ 1
[   10.527983] initcall state_mt_init+0x0/0xc returned 0 after 1 usecs
[   10.538570] calling  gre_offload_init+0x0/0x48 @ 1
[   10.546472] initcall gre_offload_init+0x0/0x48 returned 0 after 238 usecs
[   10.557388] calling  sysctl_ipv4_init+0x0/0x46 @ 1
[   10.565038] initcall sysctl_ipv4_init+0x0/0x46 returned 0 after 240 usecs
[   10.580860] calling  tunnel4_init+0x0/0x58 @ 1
[   10.588106] initcall tunnel4_init+0x0/0x58 returned 0 after 85 usecs
[   10.599705] calling  nf_defrag_init+0x0/0xc @ 1
[   10.608363] initcall nf_defrag_init+0x0/0xc returned 0 after 35 usecs
[   10.620241] calling  ip_tables_init+0x0/0x8d @ 1
[   10.627641] initcall ip_tables_init+0x0/0x8d returned 0 after 240 usecs
[   10.637670] calling  iptable_filter_init+0x0/0x4c @ 1
[   10.646612] initcall iptable_filter_init+0x0/0x4c returned 0 after 1579 usecs
[   10.657375] calling  iptable_mangle_init+0x0/0xb8 @ 1
[   10.664934] initcall iptable_mangle_init+0x0/0xb8 returned 0 after 95 usecs
[   10.675701] calling  reject_tg_init+0x0/0xc @ 1
[   10.682548] initcall reject_tg_init+0x0/0xc returned 0 after 1 usecs
[   10.692950] calling  cubictcp_register+0x0/0x53 @ 1
[   10.700259] initcall cubictcp_register+0x0/0x53 returned 0 after 78 usecs
[   10.715060] calling  xfrm_user_init+0x0/0x45 @ 1
[   10.724996] Initializing XFRM netlink socket
[   10.731906] initcall xfrm_user_init+0x0/0x45 returned 0 after 6761 usecs
[   10.741679] calling  inet6_init+0x0/0x35e @ 1
[   10.749868] NET: Registered protocol family 10
[   10.760496] tasks-torture: rcu_torture_read_exit: End of episode
[   10.775045] Segment Routing with IPv6
[   10.780610] initcall inet6_init+0x0/0x35e returned 0 after 30937 usecs
[   10.789990] calling  ah6_init+0x0/0x71 @ 1
[   10.796164] initcall ah6_init+0x0/0x71 returned 0 after 54 usecs
[   10.804888] calling  esp6_init+0x0/0x71 @ 1
[   10.811070] initcall esp6_init+0x0/0x71 returned 0 after 1 usecs
[   10.819794] calling  ip6_tables_init+0x0/0x8d @ 1
[   10.826981] initcall ip6_tables_init+0x0/0x8d returned 0 after 26 usecs
[   10.836574] calling  ip6table_filter_init+0x0/0x4c @ 1
[   10.844679] initcall ip6table_filter_init+0x0/0x4c returned 0 after 378 usecs
[   10.854941] calling  ip6table_mangle_init+0x0/0xb8 @ 1
[   10.863058] initcall ip6table_mangle_init+0x0/0xb8 returned 0 after 330 usecs
[   10.873372] calling  nf_defrag_init+0x0/0x45 @ 1
[   10.880222] initcall nf_defrag_init+0x0/0x45 returned 0 after 106 usecs
[   10.889733] calling  ipv6header_mt6_init+0x0/0xc @ 1
[   10.896613] initcall ipv6header_mt6_init+0x0/0xc returned 0 after 1 usecs
[   10.906438] calling  reject_tg6_init+0x0/0xc @ 1
[   10.913236] initcall reject_tg6_init+0x0/0xc returned 0 after 1 usecs
[   10.922673] calling  sit_init+0x0/0xc3 @ 1
[   10.928852] sit: IPv6, IPv4 and MPLS over IPv4 tunneling driver
[   10.940863] initcall sit_init+0x0/0xc3 returned 0 after 11726 usecs
[   10.950721] calling  packet_init+0x0/0x75 @ 1
[   10.957697] NET: Registered protocol family 17
[   10.964766] initcall packet_init+0x0/0x75 returned 0 after 7000 usecs
[   10.975179] calling  init_rpcsec_gss+0x0/0x60 @ 1
[   10.983951] initcall init_rpcsec_gss+0x0/0x60 returned 0 after 759 usecs
[   10.993990] calling  init_dns_resolver+0x0/0xca @ 1
[   11.003309] Key type dns_resolver registered
[   11.009901] initcall init_dns_resolver+0x0/0xca returned 0 after 6997 usecs
[   11.020788] calling  pm_check_save_msr+0x0/0x80 @ 1
[   11.029358] initcall pm_check_save_msr+0x0/0x80 returned 0 after 682 usecs
[   11.040110] calling  mcheck_init_device+0x0/0x112 @ 1
[   11.048263] initcall mcheck_init_device+0x0/0x112 returned 0 after 651 usecs
[   11.059655] calling  mcheck_late_init+0x0/0x58 @ 1
[   11.066713] initcall mcheck_late_init+0x0/0x58 returned 0 after 30 usecs
[   11.076468] calling  severities_debugfs_init+0x0/0x29 @ 1
[   11.102574] initcall severities_debugfs_init+0x0/0x29 returned 0 after 1094 usecs
[   11.113353] calling  microcode_init+0x0/0x1bd @ 1
[   11.120262] initcall microcode_init+0x0/0x1bd returned -22 after 39 usecs
[   11.130499] calling  hpet_insert_resource+0x0/0x22 @ 1
[   11.137956] initcall hpet_insert_resource+0x0/0x22 returned 0 after 133 usecs
