c[?7l[2J[0mSeaBIOS (version 1.16.0-debian-1.16.0-4)
Booting from ROM...
early console in setup code
c[?7l[2J[    0.000000] Linux version 5.10.153+ (root@joelboxx.c.googlers.com) (gcc (Debian 12.2.0-3) 12.2.0, GNU ld (GNU Binutils for Debian) 2.39) #18 Tue Dec 13 07:32:44 UTC 2022
[    0.000000] Command line: selinux=0 initcall_debug debug console=ttyS0 rcupdate.rcu_self_test=1 rcutorture.n_barrier_cbs=4 rcutorture.stat_interval=15 rcutorture.shutdown_secs=1800 rcutorture.test_no_idle_hz=1 rcutorture.verbose=1
[    0.000000] x86/fpu: x87 FPU will use FXSAVE
[    0.000000] BIOS-provided physical RAM map:
[    0.000000] BIOS-e820: [mem 0x0000000000000000-0x000000000009fbff] usable
[    0.000000] BIOS-e820: [mem 0x000000000009fc00-0x000000000009ffff] reserved
[    0.000000] BIOS-e820: [mem 0x00000000000f0000-0x00000000000fffff] reserved
[    0.000000] BIOS-e820: [mem 0x0000000000100000-0x000000001ffdefff] usable
[    0.000000] BIOS-e820: [mem 0x000000001ffdf000-0x000000001fffffff] reserved
[    0.000000] BIOS-e820: [mem 0x00000000b0000000-0x00000000bfffffff] reserved
[    0.000000] BIOS-e820: [mem 0x00000000fed1c000-0x00000000fed1ffff] reserved
[    0.000000] BIOS-e820: [mem 0x00000000feffc000-0x00000000feffffff] reserved
[    0.000000] BIOS-e820: [mem 0x00000000fffc0000-0x00000000ffffffff] reserved
[    0.000000] NX (Execute Disable) protection: active
[    0.000000] SMBIOS 2.8 present.
[    0.000000] DMI: QEMU Standard PC (Q35 + ICH9, 2009), BIOS 1.16.0-debian-1.16.0-4 04/01/2014
[    0.000000] Hypervisor detected: KVM
[    0.000000] kvm-clock: Using msrs 4b564d01 and 4b564d00
[    0.000000] kvm-clock: cpu 0, msr 70c3001, primary cpu clock
[    0.000001] kvm-clock: using sched offset of 2303471482 cycles
[    0.000178] clocksource: kvm-clock: mask: 0xffffffffffffffff max_cycles: 0x1cd42e4dffb, max_idle_ns: 881590591483 ns
[    0.000403] tsc: Detected 1999.999 MHz processor
[    0.010113] e820: update [mem 0x00000000-0x00000fff] usable ==> reserved
[    0.010122] e820: remove [mem 0x000a0000-0x000fffff] usable
[    0.010131] last_pfn = 0x1ffdf max_arch_pfn = 0x400000000
[    0.010963] MTRR default type: write-back
[    0.011043] MTRR fixed ranges enabled:
[    0.011045]   00000-9FFFF write-back
[    0.011048]   A0000-BFFFF uncachable
[    0.011050]   C0000-FFFFF write-protect
[    0.011052] MTRR variable ranges enabled:
[    0.011054]   0 base 00C0000000 mask FFC0000000 uncachable
[    0.011056]   1 disabled
[    0.011058]   2 disabled
[    0.011060]   3 disabled
[    0.011062]   4 disabled
[    0.011064]   5 disabled
[    0.011155]   6 disabled
[    0.011157]   7 disabled
[    0.011664] x86/PAT: Configuration [0-7]: WB  WC  UC- UC  WB  WC  UC- UC  
[    0.020614] found SMP MP-table at [mem 0x000f5ba0-0x000f5baf]
[    0.023651] check: Scanning 1 areas for low memory corruption
[    0.050010] ACPI: Early table checksum verification disabled
[    0.052581] ACPI: RSDP 0x00000000000F59E0 000014 (v00 BOCHS )
[    0.052947] ACPI: RSDT 0x000000001FFE229A 000038 (v01 BOCHS  BXPC     00000001 BXPC 00000001)
[    0.052958] ACPI: FACP 0x000000001FFE2092 0000F4 (v03 BOCHS  BXPC     00000001 BXPC 00000001)
[    0.053160] ACPI: DSDT 0x000000001FFE0040 002052 (v01 BOCHS  BXPC     00000001 BXPC 00000001)
[    0.053167] ACPI: FACS 0x000000001FFE0000 000040
[    0.053173] ACPI: APIC 0x000000001FFE2186 000078 (v01 BOCHS  BXPC     00000001 BXPC 00000001)
[    0.053180] ACPI: HPET 0x000000001FFE21FE 000038 (v01 BOCHS  BXPC     00000001 BXPC 00000001)
[    0.053186] ACPI: MCFG 0x000000001FFE2236 00003C (v01 BOCHS  BXPC     00000001 BXPC 00000001)
[    0.053192] ACPI: WAET 0x000000001FFE2272 000028 (v01 BOCHS  BXPC     00000001 BXPC 00000001)
[    0.053199] ACPI: Reserving FACP table memory at [mem 0x1ffe2092-0x1ffe2185]
[    0.053202] ACPI: Reserving DSDT table memory at [mem 0x1ffe0040-0x1ffe2091]
[    0.053204] ACPI: Reserving FACS table memory at [mem 0x1ffe0000-0x1ffe003f]
[    0.053309] ACPI: Reserving APIC table memory at [mem 0x1ffe2186-0x1ffe21fd]
[    0.053428] ACPI: Reserving HPET table memory at [mem 0x1ffe21fe-0x1ffe2235]
[    0.053430] ACPI: Reserving MCFG table memory at [mem 0x1ffe2236-0x1ffe2271]
[    0.053432] ACPI: Reserving WAET table memory at [mem 0x1ffe2272-0x1ffe2299]
[    0.054230] ACPI: Local APIC address 0xfee00000
[    0.056447] Zone ranges:
[    0.056531]   DMA      [mem 0x0000000000001000-0x0000000000ffffff]
[    0.056535]   DMA32    [mem 0x0000000001000000-0x000000001ffdefff]
[    0.056539]   Normal   empty
[    0.056542] Movable zone start for each node
[    0.056544] Early memory node ranges
[    0.056546]   node   0: [mem 0x0000000000001000-0x000000000009efff]
[    0.056548]   node   0: [mem 0x0000000000100000-0x000000001ffdefff]
[    0.056631] Initmem setup node 0 [mem 0x0000000000001000-0x000000001ffdefff]
[    0.056634] On node 0 totalpages: 130941
[    0.056859]   DMA zone: 64 pages used for memmap
[    0.056861]   DMA zone: 21 pages reserved
[    0.056985]   DMA zone: 3998 pages, LIFO batch:0
[    0.056988]   DMA32 zone: 1984 pages used for memmap
[    0.056990]   DMA32 zone: 126943 pages, LIFO batch:31
[    0.058205] On node 0, zone DMA: 1 pages in unavailable ranges
[    0.063686] On node 0, zone DMA: 97 pages in unavailable ranges
[    0.237637] On node 0, zone DMA32: 33 pages in unavailable ranges
[    0.241099] ACPI: PM-Timer IO Port: 0x608
[    0.241107] ACPI: Local APIC address 0xfee00000
[    0.241486] ACPI: LAPIC_NMI (acpi_id[0xff] dfl dfl lint[0x1])
[    0.243582] IOAPIC[0]: apic_id 0, version 17, address 0xfec00000, GSI 0-23
[    0.244019] ACPI: INT_SRC_OVR (bus 0 bus_irq 0 global_irq 2 dfl dfl)
[    0.244023] ACPI: INT_SRC_OVR (bus 0 bus_irq 5 global_irq 5 high level)
[    0.244025] ACPI: INT_SRC_OVR (bus 0 bus_irq 9 global_irq 9 high level)
[    0.244116] ACPI: INT_SRC_OVR (bus 0 bus_irq 10 global_irq 10 high level)
[    0.244118] ACPI: INT_SRC_OVR (bus 0 bus_irq 11 global_irq 11 high level)
[    0.244121] ACPI: IRQ0 used by override.
[    0.244124] ACPI: IRQ5 used by override.
[    0.244126] ACPI: IRQ9 used by override.
[    0.244128] ACPI: IRQ10 used by override.
[    0.244130] ACPI: IRQ11 used by override.
[    0.244214] Using ACPI (MADT) for SMP configuration information
[    0.244218] ACPI: HPET id: 0x8086a201 base: 0xfed00000
[    0.245328] kvm-guest: stealtime: cpu 0, msr 685b4c0
[    0.246522] PM: hibernation: Registered nosave memory: [mem 0x00000000-0x00000fff]
[    0.246526] PM: hibernation: Registered nosave memory: [mem 0x0009f000-0x0009ffff]
[    0.246528] PM: hibernation: Registered nosave memory: [mem 0x000a0000-0x000effff]
[    0.246530] PM: hibernation: Registered nosave memory: [mem 0x000f0000-0x000fffff]
[    0.246534] [mem 0x20000000-0xafffffff] available for PCI devices
[    0.246613] Booting paravirtualized kernel on KVM
[    0.247230] clocksource: refined-jiffies: mask: 0xffffffff max_cycles: 0xffffffff, max_idle_ns: 1910969940391419 ns
[    0.292383] pcpu-alloc: s0 r0 d32768 u32768 alloc=1*32768
[    0.292496] pcpu-alloc: [0] 0 
[    0.294807] Built 1 zonelists, mobility grouping on.  Total pages: 128872
[    0.295014] Kernel command line: selinux=0 initcall_debug debug console=ttyS0 rcupdate.rcu_self_test=1 rcutorture.n_barrier_cbs=4 rcutorture.stat_interval=15 rcutorture.shutdown_secs=1800 rcutorture.test_no_idle_hz=1 rcutorture.verbose=1
[    0.316861] Dentry cache hash table entries: 65536 (order: 7, 524288 bytes, linear)
[    0.322621] Inode-cache hash table entries: 32768 (order: 6, 262144 bytes, linear)
[    0.323756] mem auto-init: stack:all(zero), heap alloc:off, heap free:off
[    0.333778] Memory: 467224K/523764K available (16397K kernel code, 2823K rwdata, 4756K rodata, 1292K init, 13672K bss, 56280K reserved, 0K cma-reserved)
[    0.335794] SLUB: HWalign=64, Order=0-3, MinObjects=0, CPUs=1, Nodes=1
[    0.364825] Kernel/User page tables isolation: enabled
[    0.381138] Running RCU self tests
[    0.412192] NR_IRQS: 4352, nr_irqs: 256, preallocated irqs: 16
[    0.418187] calling  con_init+0x0/0x24f @ 0
[    0.620255] Console: colour VGA+ 80x25
[    0.620366] initcall con_init+0x0/0x24f returned 0 after 0 usecs
[    0.620371] calling  hvc_console_init+0x0/0x13 @ 0
[    0.620450] initcall hvc_console_init+0x0/0x13 returned 0 after 0 usecs
[    0.620453] calling  univ8250_console_init+0x0/0x26 @ 0
[    1.405453] printk: console [ttyS0] enabled
[    1.409871] initcall univ8250_console_init+0x0/0x26 returned 0 after 0 usecs
[    1.417162] Lock dependency validator: Copyright (c) 2006 Red Hat, Inc., Ingo Molnar
[    1.425251] ... MAX_LOCKDEP_SUBCLASSES:  8
[    1.429603] ... MAX_LOCK_DEPTH:          48
[    1.434067] ... MAX_LOCKDEP_KEYS:        8192
[    1.438919] ... CLASSHASH_SIZE:          4096
[    1.443610] ... MAX_LOCKDEP_ENTRIES:     32768
[    1.448377] ... MAX_LOCKDEP_CHAINS:      65536
[    1.453180] ... CHAINHASH_SIZE:          32768
[    1.458048]  memory used by lock dependency info: 6365 kB
[    1.463942]  memory used for stack traces: 4224 kB
[    1.469240]  per task-struct memory footprint: 1920 bytes
[    1.475181] ACPI: Core revision 20200925
[    1.481994] clocksource: hpet: mask: 0xffffffff max_cycles: 0xffffffff, max_idle_ns: 19112604467 ns
[    1.493676] APIC: Switch to symmetric I/O mode setup
[    1.525216] ..TIMER: vector=0x30 apic1=0 pin1=2 apic2=-1 pin2=-1
[    1.532476] clocksource: tsc-early: mask: 0xffffffffffffffff max_cycles: 0x39a85afc727, max_idle_ns: 881590685098 ns
[    1.544362] Calibrating delay loop (skipped) preset value.. 3999.99 BogoMIPS (lpj=1999999)
[    1.545355] pid_max: default: 32768 minimum: 301
[    1.547411] LSM: Security Framework initializing
[    1.548520] Mount-cache hash table entries: 1024 (order: 1, 8192 bytes, linear)
[    1.549391] Mountpoint-cache hash table entries: 1024 (order: 1, 8192 bytes, linear)
[    1.558222] Last level iTLB entries: 4KB 0, 2MB 0, 4MB 0
[    1.558353] Last level dTLB entries: 4KB 0, 2MB 0, 4MB 0, 1GB 0
[    1.559357] CPU: Intel Common KVM processor (family: 0xf, model: 0x6, stepping: 0x1)
[    1.560382] Spectre V1 : Mitigation: usercopy/swapgs barriers and __user pointer sanitization
[    1.561357] Spectre V2 : Mitigation: Retpolines
[    1.562355] Spectre V2 : Spectre v2 / SpectreRSB mitigation: Filling RSB on context switch
[    1.563393] Spectre V2 : Spectre v2 / SpectreRSB : Filling RSB on VMEXIT
[    1.564354] Speculative Store Bypass: Vulnerable
[    1.566359] MDS: Vulnerable: Clear CPU buffers attempted, no microcode
[    1.567352] MMIO Stale Data: Unknown: No mitigations
[    1.621713] RCU test callback executed 1
[    1.622776] RCU test callback executed 2
[    1.623802] calling  init_hw_perf_events+0x0/0x6ce @ 1
[    1.624355] Performance Events: unsupported Netburst CPU model 6 no PMU driver, software events only.
[    1.625362] initcall init_hw_perf_events+0x0/0x6ce returned 0 after 976 usecs
[    1.626359] calling  init_real_mode+0x0/0x1e9 @ 1
[    1.628615] initcall init_real_mode+0x0/0x1e9 returned 0 after 976 usecs
[    1.629359] calling  trace_init_perf_perm_irq_work_exit+0x0/0x12 @ 1
[    1.630359] initcall trace_init_perf_perm_irq_work_exit+0x0/0x12 returned 0 after 0 usecs
[    1.631360] calling  validate_x2apic+0x0/0x4a @ 1
[    1.633383] initcall validate_x2apic+0x0/0x4a returned 0 after 0 usecs
[    1.634358] calling  register_nmi_cpu_backtrace_handler+0x0/0x15 @ 1
[    1.635389] initcall register_nmi_cpu_backtrace_handler+0x0/0x15 returned 0 after 0 usecs
[    1.636358] calling  kvm_setup_vsyscall_timeinfo+0x0/0x34 @ 1
[    1.637358] initcall kvm_setup_vsyscall_timeinfo+0x0/0x34 returned 0 after 0 usecs
[    1.638358] calling  spawn_ksoftirqd+0x0/0x34 @ 1
[    1.640666] initcall spawn_ksoftirqd+0x0/0x34 returned 0 after 976 usecs
[    1.641356] calling  trace_init_flags_sys_enter+0x0/0xe @ 1
[    1.642356] initcall trace_init_flags_sys_enter+0x0/0xe returned 0 after 0 usecs
[    1.643355] calling  trace_init_flags_sys_exit+0x0/0xe @ 1
[    1.644356] initcall trace_init_flags_sys_exit+0x0/0xe returned 0 after 0 usecs
[    1.645356] calling  init_kprobes+0x0/0x16e @ 1
[    1.647640] initcall init_kprobes+0x0/0x16e returned 0 after 976 usecs
[    1.648356] calling  init_events+0x0/0x3d @ 1
[    1.649378] initcall init_events+0x0/0x3d returned 0 after 0 usecs
[    1.651354] calling  init_trace_printk+0x0/0xc @ 1
[    1.652355] initcall init_trace_printk+0x0/0xc returned 0 after 0 usecs
[    1.653354] calling  event_trace_enable_again+0x0/0x23 @ 1
[    1.654355] initcall event_trace_enable_again+0x0/0x23 returned 0 after 0 usecs
[    1.655355] calling  static_call_init+0x0/0x6f @ 1
[    1.656356] initcall static_call_init+0x0/0x6f returned 0 after 0 usecs
[    1.657355] calling  jump_label_init_module+0x0/0xc @ 1
[    1.658370] initcall jump_label_init_module+0x0/0xc returned 0 after 0 usecs
[    1.659355] calling  init_zero_pfn+0x0/0x37 @ 1
[    1.660355] initcall init_zero_pfn+0x0/0x37 returned 0 after 0 usecs
[    1.661355] calling  initialize_ptr_random+0x0/0x54 @ 1
[    1.662372] initcall initialize_ptr_random+0x0/0x54 returned 0 after 0 usecs
[    1.663355] calling  efi_memreserve_root_init+0x0/0x25 @ 1
[    1.664369] initcall efi_memreserve_root_init+0x0/0x25 returned 0 after 0 usecs
[    1.665355] calling  efi_earlycon_remap_fb+0x0/0x51 @ 1
[    1.666355] initcall efi_earlycon_remap_fb+0x0/0x51 returned 0 after 0 usecs
[    1.770347] devtmpfs: initialized
[    1.771577] calling  ipc_ns_init+0x0/0x3d @ 1
[    1.772446] initcall ipc_ns_init+0x0/0x3d returned 0 after 0 usecs
[    1.773354] calling  init_mmap_min_addr+0x0/0x21 @ 1
[    1.774353] initcall init_mmap_min_addr+0x0/0x21 returned 0 after 0 usecs
[    1.775358] calling  pci_realloc_setup_params+0x0/0x3f @ 1
[    1.776354] initcall pci_realloc_setup_params+0x0/0x3f returned 0 after 0 usecs
[    1.777359] calling  net_ns_init+0x0/0x128 @ 1
[    1.778621] initcall net_ns_init+0x0/0x128 returned 0 after 0 usecs
[    1.779374] calling  e820__register_nvs_regions+0x0/0x37 @ 1
[    1.780356] initcall e820__register_nvs_regions+0x0/0x37 returned 0 after 0 usecs
[    1.781359] calling  cpufreq_register_tsc_scaling+0x0/0x2e @ 1
[    1.782361] initcall cpufreq_register_tsc_scaling+0x0/0x2e returned 0 after 0 usecs
[    1.783360] calling  reboot_init+0x0/0x3c @ 1
[    1.784421] initcall reboot_init+0x0/0x3c returned 0 after 0 usecs
[    1.785356] calling  init_lapic_sysfs+0x0/0x20 @ 1
[    1.786369] initcall init_lapic_sysfs+0x0/0x20 returned 0 after 0 usecs
[    1.787356] calling  wq_sysfs_init+0x0/0x2a @ 1
[    1.788503] initcall wq_sysfs_init+0x0/0x2a returned 0 after 0 usecs
[    1.789372] calling  ksysfs_init+0x0/0x92 @ 1
[    1.790392] initcall ksysfs_init+0x0/0x92 returned 0 after 0 usecs
[    1.791355] calling  pm_init+0x0/0x76 @ 1
[    1.792442] initcall pm_init+0x0/0x76 returned 0 after 0 usecs
[    1.793356] calling  pm_disk_init+0x0/0x13 @ 1
[    1.794370] initcall pm_disk_init+0x0/0x13 returned 0 after 0 usecs
[    1.795355] calling  swsusp_header_init+0x0/0x2b @ 1
[    1.796358] initcall swsusp_header_init+0x0/0x2b returned 0 after 0 usecs
[    1.797356] calling  rcu_set_runtime_mode+0x0/0x25 @ 1
[    1.798356] initcall rcu_set_runtime_mode+0x0/0x25 returned 0 after 0 usecs
[    1.799355] calling  init_jiffies_clocksource+0x0/0x13 @ 1
[    1.800353] clocksource: jiffies: mask: 0xffffffff max_cycles: 0xffffffff, max_idle_ns: 1911260446275000 ns
[    1.801360] initcall init_jiffies_clocksource+0x0/0x13 returned 0 after 976 usecs
[    1.802355] calling  futex_init+0x0/0x10e @ 1
[    1.803358] futex hash table entries: 256 (order: 2, 22528 bytes, linear)
[    1.804469] initcall futex_init+0x0/0x10e returned 0 after 976 usecs
[    1.805356] calling  cgroup_wq_init+0x0/0x28 @ 1
[    1.806399] initcall cgroup_wq_init+0x0/0x28 returned 0 after 0 usecs
[    1.807354] calling  cgroup1_wq_init+0x0/0x28 @ 1
[    1.808365] initcall cgroup1_wq_init+0x0/0x28 returned 0 after 0 usecs
[    1.809354] calling  init_kprobe_trace_early+0x0/0x2a @ 1
[    1.810403] initcall init_kprobe_trace_early+0x0/0x2a returned 0 after 0 usecs
[    1.811355] calling  fsnotify_init+0x0/0x56 @ 1
[    1.812367] initcall fsnotify_init+0x0/0x56 returned 0 after 0 usecs
[    1.813354] calling  filelock_init+0x0/0x7f @ 1
[    1.814418] initcall filelock_init+0x0/0x7f returned 0 after 0 usecs
[    1.815354] calling  init_misc_binfmt+0x0/0x2c @ 1
[    1.816375] initcall init_misc_binfmt+0x0/0x2c returned 0 after 0 usecs
[    1.817353] calling  init_script_binfmt+0x0/0x15 @ 1
[    1.818373] initcall init_script_binfmt+0x0/0x15 returned 0 after 0 usecs
[    1.819359] calling  init_elf_binfmt+0x0/0x15 @ 1
[    1.821357] initcall init_elf_binfmt+0x0/0x15 returned 0 after 976 usecs
[    1.822360] calling  init_compat_elf_binfmt+0x0/0x15 @ 1
[    1.823359] initcall init_compat_elf_binfmt+0x0/0x15 returned 0 after 0 usecs
[    1.824356] calling  debugfs_init+0x0/0x5c @ 1
[    1.825365] initcall debugfs_init+0x0/0x5c returned 0 after 0 usecs
[    1.826354] calling  tracefs_init+0x0/0x3a @ 1
[    1.827363] initcall tracefs_init+0x0/0x3a returned 0 after 0 usecs
[    1.828356] calling  prandom_init_early+0x0/0x111 @ 1
[    1.829367] initcall prandom_init_early+0x0/0x111 returned 0 after 0 usecs
[    1.830427] calling  virtio_init+0x0/0x20 @ 1
[    1.831411] initcall virtio_init+0x0/0x20 returned 0 after 0 usecs
[    1.832355] calling  iommu_init+0x0/0x2a @ 1
[    1.833362] initcall iommu_init+0x0/0x2a returned 0 after 0 usecs
[    1.834355] calling  component_debug_init+0x0/0x1c @ 1
[    1.836654] initcall component_debug_init+0x0/0x1c returned 0 after 976 usecs
[    1.837356] calling  early_resume_init+0x0/0xb9 @ 1
[    1.839352] PM: RTC time: 07:34:32, date: 2022-12-13
[    1.840377] initcall early_resume_init+0x0/0xb9 returned 0 after 1953 usecs
[    1.841358] calling  cpufreq_core_init+0x0/0x62 @ 1
[    1.842401] initcall cpufreq_core_init+0x0/0x62 returned 0 after 0 usecs
[    1.843357] calling  cpufreq_gov_performance_init+0x0/0xc @ 1
[    1.844395] initcall cpufreq_gov_performance_init+0x0/0xc returned 0 after 0 usecs
[    1.845356] calling  cpufreq_gov_userspace_init+0x0/0xc @ 1
[    1.846357] initcall cpufreq_gov_userspace_init+0x0/0xc returned 0 after 0 usecs
[    1.847355] calling  CPU_FREQ_GOV_ONDEMAND_init+0x0/0xc @ 1
[    1.848372] initcall CPU_FREQ_GOV_ONDEMAND_init+0x0/0xc returned 0 after 0 usecs
[    1.849354] calling  cpuidle_init+0x0/0x1f @ 1
[    1.850383] initcall cpuidle_init+0x0/0x1f returned 0 after 0 usecs
[    1.851354] calling  capsule_reboot_register+0x0/0xc @ 1
[    1.853374] initcall capsule_reboot_register+0x0/0xc returned 0 after 976 usecs
[    1.854355] calling  sock_init+0x0/0x93 @ 1
[    1.856554] initcall sock_init+0x0/0x93 returned 0 after 976 usecs
[    1.857355] calling  net_inuse_init+0x0/0x23 @ 1
[    1.858373] initcall net_inuse_init+0x0/0x23 returned 0 after 0 usecs
[    1.859356] calling  net_defaults_init+0x0/0x23 @ 1
[    1.860358] initcall net_defaults_init+0x0/0x23 returned 0 after 0 usecs
[    1.861356] calling  init_default_flow_dissectors+0x0/0x4f @ 1
[    1.862371] initcall init_default_flow_dissectors+0x0/0x4f returned 0 after 0 usecs
[    1.863358] calling  netpoll_init+0x0/0x44 @ 1
[    1.864357] initcall netpoll_init+0x0/0x44 returned 0 after 0 usecs
[    1.865356] calling  netlink_proto_init+0x0/0x154 @ 1
[    1.867374] NET: Registered protocol family 16
[    1.869444] initcall netlink_proto_init+0x0/0x154 returned 0 after 2929 usecs
[    1.870359] calling  genl_init+0x0/0x35 @ 1
[    1.871439] initcall genl_init+0x0/0x35 returned 0 after 0 usecs
[    1.872406] calling  bsp_pm_check_init+0x0/0x13 @ 1
[    1.873360] initcall bsp_pm_check_init+0x0/0x13 returned 0 after 0 usecs
[    1.874450] calling  irq_sysfs_init+0x0/0xb9 @ 1
[    1.876471] initcall irq_sysfs_init+0x0/0xb9 returned 0 after 976 usecs
[    1.877358] calling  audit_init+0x0/0x127 @ 1
[    1.878417] audit: initializing netlink subsys (disabled)
[    1.880700] initcall audit_init+0x0/0x127 returned 0 after 1953 usecs
[    1.881360] calling  release_early_probes+0x0/0x32 @ 1
[    1.882361] initcall release_early_probes+0x0/0x32 returned 0 after 0 usecs
[    1.883360] calling  bdi_class_init+0x0/0x48 @ 1
[    1.884401] initcall bdi_class_init+0x0/0x48 returned 0 after 0 usecs
[    1.885357] calling  mm_sysfs_init+0x0/0x28 @ 1
[    1.886369] initcall mm_sysfs_init+0x0/0x28 returned 0 after 0 usecs
[    1.887359] calling  init_per_zone_wmark_min+0x0/0x5e @ 1
[    1.888391] initcall init_per_zone_wmark_min+0x0/0x5e returned 0 after 0 usecs
[    1.889360] calling  mpi_init+0x0/0x3e @ 1
[    1.890383] initcall mpi_init+0x0/0x3e returned 0 after 0 usecs
[    1.891357] calling  kobject_uevent_init+0x0/0xc @ 1
[    1.892434] initcall kobject_uevent_init+0x0/0xc returned 0 after 0 usecs
[    1.894358] calling  pcibus_class_init+0x0/0x13 @ 1
[    1.895382] initcall pcibus_class_init+0x0/0x13 returned 0 after 0 usecs
[    1.896357] calling  pci_driver_init+0x0/0x21 @ 1
[    1.897503] initcall pci_driver_init+0x0/0x21 returned 0 after 0 usecs
[    1.898358] calling  backlight_class_init+0x0/0xa8 @ 1
[    1.899390] initcall backlight_class_init+0x0/0xa8 returned 0 after 0 usecs
[    1.900357] calling  tty_class_init+0x0/0x33 @ 1
[    1.901377] initcall tty_class_init+0x0/0x33 returned 0 after 0 usecs
[    1.902357] calling  vtconsole_class_init+0x0/0xb5 @ 1
[    1.904425] initcall vtconsole_class_init+0x0/0xb5 returned 0 after 976 usecs
[    1.905394] calling  iommu_dev_init+0x0/0x13 @ 1
[    1.907378] initcall iommu_dev_init+0x0/0x13 returned 0 after 0 usecs
[    1.908377] calling  mipi_dsi_bus_init+0x0/0xc @ 1
[    1.909393] initcall mipi_dsi_bus_init+0x0/0xc returned 0 after 0 usecs
[    1.910361] calling  devlink_class_init+0x0/0x40 @ 1
[    1.911400] initcall devlink_class_init+0x0/0x40 returned 0 after 0 usecs
[    1.912356] calling  software_node_init+0x0/0x2a @ 1
[    1.913364] initcall software_node_init+0x0/0x2a returned 0 after 0 usecs
[    1.914355] calling  wakeup_sources_debugfs_init+0x0/0x23 @ 1
[    1.915373] initcall wakeup_sources_debugfs_init+0x0/0x23 returned 0 after 0 usecs
[    1.916396] calling  wakeup_sources_sysfs_init+0x0/0x2c @ 1
[    1.917416] initcall wakeup_sources_sysfs_init+0x0/0x2c returned 0 after 0 usecs
[    1.918357] calling  regmap_initcall+0x0/0xc @ 1
[    1.919412] initcall regmap_initcall+0x0/0xc returned 0 after 0 usecs
[    1.920355] calling  i2c_init+0x0/0xb3 @ 1
[    1.921522] initcall i2c_init+0x0/0xb3 returned 0 after 0 usecs
[    1.922356] calling  thermal_init+0x0/0x116 @ 1
[    1.924359] thermal_sys: Registered thermal governor 'step_wise'
[    1.924373] thermal_sys: Registered thermal governor 'user_space'
[    1.925375] initcall thermal_init+0x0/0x116 returned 0 after 1953 usecs
[    1.927360] calling  init_menu+0x0/0xc @ 1
[    1.928378] cpuidle: using governor menu
[    1.929359] initcall init_menu+0x0/0xc returned 0 after 976 usecs
[    1.930357] calling  pcc_init+0x0/0x4d @ 1
[    1.931361] initcall pcc_init+0x0/0x4d returned -19 after 0 usecs
[    1.932357] calling  amd_postcore_init+0x0/0x11e @ 1
[    1.933355] initcall amd_postcore_init+0x0/0x11e returned 0 after 0 usecs
[    1.934399] calling  bts_init+0x0/0xba @ 1
[    1.935356] initcall bts_init+0x0/0xba returned -19 after 0 usecs
[    1.936354] calling  pt_init+0x0/0x2f7 @ 1
[    1.937355] initcall pt_init+0x0/0x2f7 returned -19 after 0 usecs
[    1.938354] calling  boot_params_ksysfs_init+0x0/0x2ee @ 1
[    1.939404] initcall boot_params_ksysfs_init+0x0/0x2ee returned 0 after 0 usecs
[    1.940355] calling  sbf_init+0x0/0xea @ 1
[    1.941354] initcall sbf_init+0x0/0xea returned 0 after 0 usecs
[    1.942354] calling  arch_kdebugfs_init+0x0/0x219 @ 1
[    1.943458] initcall arch_kdebugfs_init+0x0/0x219 returned 0 after 0 usecs
[    1.944355] calling  intel_pconfig_init+0x0/0x85 @ 1
[    1.945354] initcall intel_pconfig_init+0x0/0x85 returned 0 after 0 usecs
[    1.946353] calling  mtrr_if_init+0x0/0x5d @ 1
[    1.947361] initcall mtrr_if_init+0x0/0x5d returned 0 after 0 usecs
[    1.948353] calling  activate_jump_labels+0x0/0x31 @ 1
[    1.949354] initcall activate_jump_labels+0x0/0x31 returned 0 after 0 usecs
[    1.950360] calling  ffh_cstate_init+0x0/0x29 @ 1
[    1.951364] initcall ffh_cstate_init+0x0/0x29 returned 0 after 0 usecs
[    1.952357] calling  activate_jump_labels+0x0/0x31 @ 1
[    1.953448] initcall activate_jump_labels+0x0/0x31 returned 0 after 0 usecs
[    1.954360] calling  kvm_alloc_cpumask+0x0/0x2b @ 1
[    1.956388] initcall kvm_alloc_cpumask+0x0/0x2b returned 0 after 0 usecs
[    1.957362] calling  kcmp_cookies_init+0x0/0x37 @ 1
[    1.958366] initcall kcmp_cookies_init+0x0/0x37 returned 0 after 0 usecs
[    1.959358] calling  cryptomgr_init+0x0/0xc @ 1
[    1.960415] initcall cryptomgr_init+0x0/0xc returned 0 after 0 usecs
[    1.961363] calling  acpi_pci_init+0x0/0x57 @ 1
[    1.962406] ACPI: bus type PCI registered
[    1.964373] initcall acpi_pci_init+0x0/0x57 returned 0 after 1953 usecs
[    1.965358] calling  dma_channel_table_init+0x0/0xce @ 1
[    1.966373] initcall dma_channel_table_init+0x0/0xce returned 0 after 0 usecs
[    1.967358] calling  dma_bus_init+0x0/0xdc @ 1
[    1.968461] initcall dma_bus_init+0x0/0xdc returned 0 after 0 usecs
[    1.969492] calling  iommu_dma_init+0x0/0x10 @ 1
[    1.970457] initcall iommu_dma_init+0x0/0x10 returned 0 after 0 usecs
[    1.971356] calling  dmi_id_init+0x0/0x37c @ 1
[    1.972646] initcall dmi_id_init+0x0/0x37c returned 0 after 0 usecs
[    1.973380] calling  pci_arch_init+0x0/0x71 @ 1
[    1.975380] PCI: MMCONFIG for domain 0000 [bus 00-ff] at [mem 0xb0000000-0xbfffffff] (base 0xb0000000)
[    1.976359] PCI: MMCONFIG at [mem 0xb0000000-0xbfffffff] reserved in E820
[    1.977434] PCI: Using configuration type 1 for base access
[    1.978405] initcall pci_arch_init+0x0/0x71 returned 0 after 3906 usecs
[    1.979390] calling  init_vdso+0x0/0x13 @ 1
[    1.980390] initcall init_vdso+0x0/0x13 returned 0 after 0 usecs
[    1.981376] calling  sysenter_setup+0x0/0x13 @ 1
[    1.982412] initcall sysenter_setup+0x0/0x13 returned 0 after 0 usecs
[    1.983358] calling  fixup_ht_bug+0x0/0x7f @ 1
[    1.984357] initcall fixup_ht_bug+0x0/0x7f returned 0 after 0 usecs
[    1.985360] calling  topology_init+0x0/0x15 @ 1
[    1.986528] initcall topology_init+0x0/0x15 returned 0 after 0 usecs
[    1.987360] calling  intel_epb_init+0x0/0x68 @ 1
[    1.988387] initcall intel_epb_init+0x0/0x68 returned -19 after 0 usecs
[    1.989359] calling  mtrr_init_finialize+0x0/0x3e @ 1
[    1.990359] initcall mtrr_init_finialize+0x0/0x3e returned 0 after 0 usecs
[    1.991360] calling  uid_cache_init+0x0/0x85 @ 1
[    1.992392] initcall uid_cache_init+0x0/0x85 returned 0 after 0 usecs
[    1.993360] calling  param_sysfs_init+0x0/0x1ba @ 1
[    2.011174] initcall param_sysfs_init+0x0/0x1ba returned 0 after 15625 usecs
[    2.011359] calling  user_namespace_sysctl_init+0x0/0x33 @ 1
[    2.012373] initcall user_namespace_sysctl_init+0x0/0x33 returned 0 after 0 usecs
[    2.013358] calling  proc_schedstat_init+0x0/0x24 @ 1
[    2.014371] initcall proc_schedstat_init+0x0/0x24 returned 0 after 0 usecs
[    2.015358] calling  pm_sysrq_init+0x0/0x18 @ 1
[    2.016445] initcall pm_sysrq_init+0x0/0x18 returned 0 after 0 usecs
[    2.017363] calling  create_proc_profile+0x0/0x50 @ 1
[    2.018363] initcall create_proc_profile+0x0/0x50 returned 0 after 0 usecs
[    2.019362] calling  time_ns_init+0x0/0x7 @ 1
[    2.020361] initcall time_ns_init+0x0/0x7 returned 0 after 0 usecs
[    2.021358] calling  crash_save_vmcoreinfo_init+0x0/0x756 @ 1
[    2.022558] initcall crash_save_vmcoreinfo_init+0x0/0x756 returned 0 after 0 usecs
[    2.023356] calling  crash_notes_memory_init+0x0/0x35 @ 1
[    2.024372] initcall crash_notes_memory_init+0x0/0x35 returned 0 after 0 usecs
[    2.025397] calling  cgroup_sysfs_init+0x0/0x13 @ 1
[    2.027374] initcall cgroup_sysfs_init+0x0/0x13 returned 0 after 0 usecs
[    2.029358] calling  cgroup_namespaces_init+0x0/0x7 @ 1
[    2.030361] initcall cgroup_namespaces_init+0x0/0x7 returned 0 after 0 usecs
[    2.031359] calling  init_optprobes+0x0/0x13 @ 1
[    2.034551] Kprobes globally optimized
[    2.035542] initcall init_optprobes+0x0/0x13 returned 0 after 1953 usecs
[    2.036432] calling  oom_init+0x0/0x2f @ 1
[    2.046118] audit: type=2000 audit(1670916871.187:1): state=initialized audit_enabled=0 res=1
[    2.047603] initcall oom_init+0x0/0x2f returned 0 after 9765 usecs
[    2.048359] calling  default_bdi_init+0x0/0xb3 @ 1
[    2.051286] initcall default_bdi_init+0x0/0xb3 returned 0 after 976 usecs
[    2.051378] calling  percpu_enable_async+0x0/0xe @ 1
[    2.052358] initcall percpu_enable_async+0x0/0xe returned 0 after 0 usecs
[    2.053360] calling  kcompactd_init+0x0/0x46 @ 1
[    2.054607] initcall kcompactd_init+0x0/0x46 returned 0 after 0 usecs
[    2.055718] calling  init_user_reserve+0x0/0x30 @ 1
[    2.056404] initcall init_user_reserve+0x0/0x30 returned 0 after 0 usecs
[    2.057358] calling  init_admin_reserve+0x0/0x30 @ 1
[    2.058359] initcall init_admin_reserve+0x0/0x30 returned 0 after 0 usecs
[    2.059375] calling  init_reserve_notifier+0x0/0x7 @ 1
[    2.060360] initcall init_reserve_notifier+0x0/0x7 returned 0 after 0 usecs
[    2.061361] calling  swap_init_sysfs+0x0/0x62 @ 1
[    2.062404] initcall swap_init_sysfs+0x0/0x62 returned 0 after 0 usecs
[    2.063358] calling  swapfile_init+0x0/0x46 @ 1
[    2.064361] initcall swapfile_init+0x0/0x46 returned 0 after 0 usecs
[    2.065358] calling  hugetlb_init+0x0/0x43f @ 1
[    2.066409] HugeTLB registered 2.00 MiB page size, pre-allocated 0 pages
[    2.067440] initcall hugetlb_init+0x0/0x43f returned 0 after 976 usecs
[    2.068359] calling  io_wq_init+0x0/0x34 @ 1
[    2.069399] initcall io_wq_init+0x0/0x34 returned 0 after 0 usecs
[    2.070419] calling  seqiv_module_init+0x0/0xc @ 1
[    2.072660] initcall seqiv_module_init+0x0/0xc returned 0 after 976 usecs
[    2.073361] calling  echainiv_module_init+0x0/0xc @ 1
[    2.074361] initcall echainiv_module_init+0x0/0xc returned 0 after 0 usecs
[    2.075527] calling  rsa_init+0x0/0x50 @ 1
[    2.079606] cryptomgr_test (18) used greatest stack depth: 14864 bytes left
[    2.081557] initcall rsa_init+0x0/0x50 returned 0 after 3906 usecs
[    2.082361] calling  crypto_cmac_module_init+0x0/0xc @ 1
[    2.083374] initcall crypto_cmac_module_init+0x0/0xc returned 0 after 0 usecs
[    2.084356] calling  hmac_module_init+0x0/0xc @ 1
[    2.085358] initcall hmac_module_init+0x0/0xc returned 0 after 0 usecs
[    2.086358] calling  crypto_null_mod_init+0x0/0x65 @ 1
[    2.087791] initcall crypto_null_mod_init+0x0/0x65 returned 0 after 0 usecs
[    2.088360] calling  md5_mod_init+0x0/0xc @ 1
[    2.089501] initcall md5_mod_init+0x0/0xc returned 0 after 0 usecs
[    2.090357] calling  sha256_generic_mod_init+0x0/0x11 @ 1
[    2.091572] initcall sha256_generic_mod_init+0x0/0x11 returned 0 after 0 usecs
[    2.092357] calling  crypto_cbc_module_init+0x0/0xc @ 1
[    2.093358] initcall crypto_cbc_module_init+0x0/0xc returned 0 after 0 usecs
[    2.094359] calling  crypto_ctr_module_init+0x0/0x11 @ 1
[    2.095359] initcall crypto_ctr_module_init+0x0/0x11 returned 0 after 0 usecs
[    2.097355] calling  crypto_gcm_module_init+0x0/0x64 @ 1
[    2.098447] initcall crypto_gcm_module_init+0x0/0x64 returned 0 after 0 usecs
[    2.099357] calling  crypto_ccm_module_init+0x0/0x11 @ 1
[    2.100375] initcall crypto_ccm_module_init+0x0/0x11 returned 0 after 0 usecs
[    2.102356] calling  aes_init+0x0/0xc @ 1
[    2.103485] initcall aes_init+0x0/0xc returned 0 after 0 usecs
[    2.104375] calling  crc32c_mod_init+0x0/0xc @ 1
[    2.105463] initcall crc32c_mod_init+0x0/0xc returned 0 after 0 usecs
[    2.106357] calling  crypto_authenc_module_init+0x0/0xc @ 1
[    2.107363] initcall crypto_authenc_module_init+0x0/0xc returned 0 after 0 usecs
[    2.108358] calling  crypto_authenc_esn_module_init+0x0/0xc @ 1
[    2.109360] initcall crypto_authenc_esn_module_init+0x0/0xc returned 0 after 0 usecs
[    2.110358] calling  drbg_init+0x0/0x7c @ 1
[    2.112391] initcall drbg_init+0x0/0x7c returned 0 after 976 usecs
[    2.113356] calling  ghash_mod_init+0x0/0xc @ 1
[    2.114470] initcall ghash_mod_init+0x0/0xc returned 0 after 0 usecs
[    2.115356] calling  init_bio+0x0/0x9a @ 1
[    2.117088] initcall init_bio+0x0/0x9a returned 0 after 0 usecs
[    2.117360] calling  blk_settings_init+0x0/0x29 @ 1
[    2.118359] initcall blk_settings_init+0x0/0x29 returned 0 after 0 usecs
[    2.119358] calling  blk_ioc_init+0x0/0x29 @ 1
[    2.120366] initcall blk_ioc_init+0x0/0x29 returned 0 after 0 usecs
[    2.121358] calling  blk_mq_init+0x0/0x96 @ 1
[    2.122381] initcall blk_mq_init+0x0/0x96 returned 0 after 0 usecs
[    2.123358] calling  genhd_device_init+0x0/0x75 @ 1
[    2.125835] initcall genhd_device_init+0x0/0x75 returned 0 after 976 usecs
[    2.127399] calling  pci_slot_init+0x0/0x40 @ 1
[    2.128371] initcall pci_slot_init+0x0/0x40 returned 0 after 0 usecs
[    2.129357] calling  fbmem_init+0x0/0xd8 @ 1
[    2.131068] initcall fbmem_init+0x0/0xd8 returned 0 after 0 usecs
[    2.131356] calling  acpi_init+0x0/0x316 @ 1
[    2.133479] ACPI: Added _OSI(Module Device)
[    2.134354] ACPI: Added _OSI(Processor Device)
[    2.135353] ACPI: Added _OSI(3.0 _SCP Extensions)
[    2.136355] ACPI: Added _OSI(Processor Aggregator Device)
[    2.137358] ACPI: Added _OSI(Linux-Dell-Video)
[    2.138357] ACPI: Added _OSI(Linux-Lenovo-NV-HDMI-Audio)
[    2.139359] ACPI: Added _OSI(Linux-HPI-Hybrid-Graphics)
[    2.144995] ACPI: 1 ACPI AML tables successfully acquired and loaded
[    2.151460] ACPI: Interpreter enabled
[    2.152504] ACPI: (supports S0 S3 S4 S5)
[    2.153368] ACPI: Using IOAPIC for interrupt routing
[    2.154557] PCI: Using host bridge windows from ACPI; if necessary, use "pci=nocrs" and report a bug
[    2.156117] ACPI: Enabled 2 GPEs in block 00 to 3F
[    2.167160] ACPI: PCI Root Bridge [PCI0] (domain 0000 [bus 00-ff])
[    2.167401] acpi PNP0A08:00: _OSC: OS supports [ExtendedConfig ASPM ClockPM Segments MSI HPX-Type3]
[    2.169748] acpi PNP0A08:00: _OSC: platform does not support [LTR]
[    2.171472] acpi PNP0A08:00: _OSC: OS now controls [PME PCIeCapability]
[    2.174086] PCI host bridge to bus 0000:00
[    2.174358] pci_bus 0000:00: root bus resource [io  0x0000-0x0cf7 window]
[    2.175358] pci_bus 0000:00: root bus resource [io  0x0d00-0xffff window]
[    2.176358] pci_bus 0000:00: root bus resource [mem 0x000a0000-0x000bffff window]
[    2.177360] pci_bus 0000:00: root bus resource [mem 0x20000000-0xafffffff window]
[    2.178408] pci_bus 0000:00: root bus resource [mem 0xc0000000-0xfebfffff window]
[    2.179379] pci_bus 0000:00: root bus resource [mem 0x100000000-0x8ffffffff window]
[    2.180360] pci_bus 0000:00: root bus resource [bus 00-ff]
[    2.182501] pci 0000:00:00.0: calling  quirk_mmio_always_on+0x0/0x10 @ 1
[    2.183388] pci 0000:00:00.0: quirk_mmio_always_on+0x0/0x10 took 0 usecs
[    2.184357] pci 0000:00:00.0: [8086:29c0] type 00 class 0x060000
[    2.189560] pci 0000:00:00.0: calling  quirk_igfx_skip_te_disable+0x0/0x80 @ 1
[    2.190361] pci 0000:00:00.0: quirk_igfx_skip_te_disable+0x0/0x80 took 0 usecs
[    2.193745] pci 0000:00:01.0: [1234:1111] type 00 class 0x030000
[    2.198099] pci 0000:00:01.0: reg 0x10: [mem 0xfd000000-0xfdffffff pref]
[    2.206910] pci 0000:00:01.0: reg 0x18: [mem 0xfebf0000-0xfebf0fff]
[    2.224347] pci 0000:00:01.0: reg 0x30: [mem 0xfebe0000-0xfebeffff pref]
[    2.233347] pci 0000:00:01.0: calling  efifb_fixup_resources+0x0/0xf0 @ 1
[    2.234393] pci 0000:00:01.0: efifb_fixup_resources+0x0/0xf0 took 0 usecs
[    2.245356] pci 0000:00:1f.0: [8086:2918] type 00 class 0x060100
[    2.253398] pci 0000:00:1f.0: calling  quirk_ich7_lpc+0x0/0x60 @ 1
[    2.254695] pci 0000:00:1f.0: quirk: [io  0x0600-0x067f] claimed by ICH6 ACPI/GPIO/TCO
[    2.256478] pci 0000:00:1f.0: quirk_ich7_lpc+0x0/0x60 took 1953 usecs
[    2.257482] pci 0000:00:1f.0: calling  quirk_igfx_skip_te_disable+0x0/0x80 @ 1
[    2.258362] pci 0000:00:1f.0: quirk_igfx_skip_te_disable+0x0/0x80 took 0 usecs
[    2.262532] pci 0000:00:1f.2: [8086:2922] type 00 class 0x010601
[    2.272355] pci 0000:00:1f.2: reg 0x20: [io  0xc040-0xc05f]
[    2.274775] pci 0000:00:1f.2: reg 0x24: [mem 0xfebf1000-0xfebf1fff]
[    2.276970] pci 0000:00:1f.2: calling  quirk_igfx_skip_te_disable+0x0/0x80 @ 1
[    2.277360] pci 0000:00:1f.2: quirk_igfx_skip_te_disable+0x0/0x80 took 0 usecs
[    2.281988] pci 0000:00:1f.3: [8086:2930] type 00 class 0x0c0500
[    2.288707] pci 0000:00:1f.3: reg 0x20: [io  0x0700-0x073f]
[    2.292034] pci 0000:00:1f.3: calling  quirk_igfx_skip_te_disable+0x0/0x80 @ 1
[    2.292359] pci 0000:00:1f.3: quirk_igfx_skip_te_disable+0x0/0x80 took 0 usecs
[    2.295522] pci_bus 0000:00: on NUMA node 0
[    2.302520] ACPI: PCI Interrupt Link [LNKA] (IRQs 5 *10 11)
[    2.304766] ACPI: PCI Interrupt Link [LNKB] (IRQs 5 *10 11)
[    2.305887] ACPI: PCI Interrupt Link [LNKC] (IRQs 5 10 *11)
[    2.308020] ACPI: PCI Interrupt Link [LNKD] (IRQs 5 10 *11)
[    2.310139] ACPI: PCI Interrupt Link [LNKE] (IRQs 5 *10 11)
[    2.311044] ACPI: PCI Interrupt Link [LNKF] (IRQs 5 *10 11)
[    2.312055] ACPI: PCI Interrupt Link [LNKG] (IRQs 5 10 *11)
[    2.313375] ACPI: PCI Interrupt Link [LNKH] (IRQs 5 10 *11)
[    2.314688] ACPI: PCI Interrupt Link [GSIA] (IRQs *16)
[    2.316394] ACPI: PCI Interrupt Link [GSIB] (IRQs *17)
[    2.317405] ACPI: PCI Interrupt Link [GSIC] (IRQs *18)
[    2.318443] ACPI: PCI Interrupt Link [GSID] (IRQs *19)
[    2.319480] ACPI: PCI Interrupt Link [GSIE] (IRQs *20)
[    2.320538] ACPI: PCI Interrupt Link [GSIF] (IRQs *21)
[    2.321425] ACPI: PCI Interrupt Link [GSIG] (IRQs *22)
[    2.322407] ACPI: PCI Interrupt Link [GSIH] (IRQs *23)
[    2.329347] initcall acpi_init+0x0/0x316 returned 0 after 191406 usecs
[    2.330435] calling  pnp_init+0x0/0xc @ 1
[    2.331421] initcall pnp_init+0x0/0xc returned 0 after 0 usecs
[    2.332359] calling  misc_init+0x0/0xbf @ 1
[    2.334392] initcall misc_init+0x0/0xbf returned 0 after 976 usecs
[    2.335358] calling  iommu_subsys_init+0x0/0x4e @ 1
[    2.336386] iommu: Default domain type: Translated 
[    2.337357] initcall iommu_subsys_init+0x0/0x4e returned 0 after 976 usecs
[    2.338357] calling  vga_arb_device_init+0x0/0x261 @ 1
[    2.342531] pci 0000:00:01.0: vgaarb: setting as boot VGA device
[    2.343347] pci 0000:00:01.0: vgaarb: VGA device added: decodes=io+mem,owns=io+mem,locks=none
[    2.343357] pci 0000:00:01.0: vgaarb: bridge control possible
[    2.344354] vgaarb: loaded
[    2.345360] initcall vga_arb_device_init+0x0/0x261 returned 0 after 5859 usecs
[    2.346405] calling  cn_init+0x0/0xf0 @ 1
[    2.347943] initcall cn_init+0x0/0xf0 returned 0 after 0 usecs
[    2.348359] calling  dma_buf_init+0x0/0xad @ 1
[    2.352459] initcall dma_buf_init+0x0/0xad returned 0 after 2929 usecs
[    2.353358] calling  dma_resv_lockdep+0x0/0x27f @ 1
[    2.358584] initcall dma_resv_lockdep+0x0/0x27f returned 0 after 3906 usecs
[    2.359359] calling  init_scsi+0x0/0x79 @ 1
[    2.362033] SCSI subsystem initialized
[    2.362358] initcall init_scsi+0x0/0x79 returned 0 after 1953 usecs
[    2.363358] calling  ata_init+0x0/0x332 @ 1
[    2.367819] libata version 3.00 loaded.
[    2.368380] initcall ata_init+0x0/0x332 returned 0 after 3906 usecs
[    2.370359] calling  phy_init+0x0/0x250 @ 1
[    2.373833] initcall phy_init+0x0/0x250 returned 0 after 1953 usecs
[    2.374361] calling  init_pcmcia_cs+0x0/0x35 @ 1
[    2.375522] initcall init_pcmcia_cs+0x0/0x35 returned 0 after 0 usecs
[    2.376359] calling  usb_common_init+0x0/0x1c @ 1
[    2.377787] initcall usb_common_init+0x0/0x1c returned 0 after 0 usecs
[    2.379356] calling  usb_init+0x0/0x12e @ 1
[    2.380547] ACPI: bus type USB registered
[    2.382013] usbcore: registered new interface driver usbfs
[    2.382504] usbcore: registered new interface driver hub
[    2.383391] usbcore: registered new device driver usb
[    2.384359] initcall usb_init+0x0/0x12e returned 0 after 3906 usecs
[    2.385357] calling  serio_init+0x0/0x29 @ 1
[    2.386415] initcall serio_init+0x0/0x29 returned 0 after 0 usecs
[    2.387355] calling  input_init+0x0/0xf6 @ 1
[    2.388472] initcall input_init+0x0/0xf6 returned 0 after 0 usecs
[    2.389356] calling  rtc_init+0x0/0x4d @ 1
[    2.390389] initcall rtc_init+0x0/0x4d returned 0 after 0 usecs
[    2.391355] calling  pps_init+0x0/0xa9 @ 1
[    2.392376] pps_core: LinuxPPS API ver. 1 registered
[    2.393353] pps_core: Software ver. 5.3.6 - Copyright 2005-2007 Rodolfo Giometti <giometti@linux.it>
[    2.394378] initcall pps_init+0x0/0xa9 returned 0 after 1953 usecs
[    2.395358] calling  ptp_init+0x0/0x98 @ 1
[    2.396411] PTP clock support registered
[    2.397357] initcall ptp_init+0x0/0x98 returned 0 after 976 usecs
[    2.398357] calling  power_supply_class_init+0x0/0x3f @ 1
[    2.400472] initcall power_supply_class_init+0x0/0x3f returned 0 after 976 usecs
[    2.401357] calling  hwmon_init+0x0/0x104 @ 1
[    2.402380] initcall hwmon_init+0x0/0x104 returned 0 after 0 usecs
[    2.403359] calling  md_init+0x0/0x16b @ 1
[    2.405896] initcall md_init+0x0/0x16b returned 0 after 976 usecs
[    2.407358] calling  leds_init+0x0/0x3b @ 1
[    2.408382] initcall leds_init+0x0/0x3b returned 0 after 0 usecs
[    2.409359] calling  dmi_init+0x0/0x113 @ 1
[    2.411697] initcall dmi_init+0x0/0x113 returned 0 after 976 usecs
[    2.412361] calling  efisubsys_init+0x0/0x4e6 @ 1
[    2.413357] initcall efisubsys_init+0x0/0x4e6 returned 0 after 0 usecs
[    2.414358] calling  nvmem_init+0x0/0xc @ 1
[    2.415448] initcall nvmem_init+0x0/0xc returned 0 after 0 usecs
[    2.416363] calling  init_soundcore+0x0/0x33 @ 1
[    2.417429] initcall init_soundcore+0x0/0x33 returned 0 after 0 usecs
[    2.418357] calling  alsa_sound_init+0x0/0x8f @ 1
[    2.420355] Advanced Linux Sound Architecture Driver Initialized.
[    2.421358] initcall alsa_sound_init+0x0/0x8f returned 0 after 1953 usecs
[    2.422360] calling  alsa_seq_device_init+0x0/0x71 @ 1
[    2.424421] initcall alsa_seq_device_init+0x0/0x71 returned 0 after 976 usecs
[    2.425357] calling  hda_bus_init+0x0/0xc @ 1
[    2.426402] initcall hda_bus_init+0x0/0xc returned 0 after 0 usecs
[    2.427357] calling  proto_init+0x0/0xc @ 1
[    2.428419] initcall proto_init+0x0/0xc returned 0 after 0 usecs
[    2.429357] calling  net_dev_init+0x0/0x231 @ 1
[    2.432583] initcall net_dev_init+0x0/0x231 returned 0 after 1953 usecs
[    2.434356] calling  neigh_init+0x0/0x84 @ 1
[    2.435379] initcall neigh_init+0x0/0x84 returned 0 after 0 usecs
[    2.436358] calling  fib_notifier_init+0x0/0xc @ 1
[    2.437367] initcall fib_notifier_init+0x0/0xc returned 0 after 0 usecs
[    2.438359] calling  fib_rules_init+0x0/0xab @ 1
[    2.439424] initcall fib_rules_init+0x0/0xab returned 0 after 0 usecs
[    2.440360] calling  pktsched_init+0x0/0x10e @ 1
[    2.441555] initcall pktsched_init+0x0/0x10e returned 0 after 0 usecs
[    2.442362] calling  tc_filter_init+0x0/0xfa @ 1
[    2.444457] initcall tc_filter_init+0x0/0xfa returned 0 after 976 usecs
[    2.445362] calling  tc_action_init+0x0/0x54 @ 1
[    2.446370] initcall tc_action_init+0x0/0x54 returned 0 after 0 usecs
[    2.447364] calling  ethnl_init+0x0/0x52 @ 1
[    2.448514] initcall ethnl_init+0x0/0x52 returned 0 after 0 usecs
[    2.450382] calling  nexthop_init+0x0/0xd8 @ 1
[    2.451594] initcall nexthop_init+0x0/0xd8 returned 0 after 0 usecs
[    2.453407] calling  cipso_v4_init+0x0/0x8d @ 1
[    2.455360] initcall cipso_v4_init+0x0/0x8d returned 0 after 976 usecs
[    2.456358] calling  ieee80211_init+0x0/0x24 @ 1
[    2.457968] initcall ieee80211_init+0x0/0x24 returned 0 after 0 usecs
[    2.459356] calling  netlbl_init+0x0/0x78 @ 1
[    2.460596] NetLabel: Initializing
[    2.462353] NetLabel:  domain hash size = 128
[    2.463353] NetLabel:  protocols = UNLABELED CIPSOv4 CALIPSO
[    2.466594] NetLabel:  unlabeled traffic allowed by default
[    2.467360] initcall netlbl_init+0x0/0x78 returned 0 after 6835 usecs
[    2.468359] calling  rfkill_init+0x0/0x136 @ 1
[    2.471981] initcall rfkill_init+0x0/0x136 returned 0 after 1953 usecs
[    2.472361] calling  pci_subsys_init+0x0/0x66 @ 1
[    2.473355] PCI: Using ACPI for IRQ routing
[    3.292692] PCI: pci_cache_line_size set to 64 bytes
[    3.295169] e820: reserve RAM buffer [mem 0x0009fc00-0x0009ffff]
[    3.296360] e820: reserve RAM buffer [mem 0x1ffdf000-0x1fffffff]
[    3.298818] initcall pci_subsys_init+0x0/0x66 returned 0 after 805664 usecs
[    3.317207] calling  nmi_warning_debugfs+0x0/0x26 @ 1
[    3.318373] initcall nmi_warning_debugfs+0x0/0x26 returned 0 after 976 usecs
[    3.319361] calling  save_microcode_in_initrd+0x0/0x51 @ 1
[    3.320577] initcall save_microcode_in_initrd+0x0/0x51 returned 0 after 0 usecs
[    3.321359] calling  hpet_late_init+0x0/0x1f6 @ 1
[    3.323708] hpet: 3 channels of 0 reserved for per-cpu timers
[    3.324655] hpet0: at MMIO 0xfed00000, IRQs 2, 8, 0
[    3.325353] hpet0: 3 comparators, 64-bit 100.000000 MHz counter
[    3.330357] initcall hpet_late_init+0x0/0x1f6 returned 0 after 7812 usecs
[    3.331359] calling  init_amd_nbs+0x0/0x11c @ 1
[    3.332468] initcall init_amd_nbs+0x0/0x11c returned 0 after 0 usecs
[    3.333358] calling  clocksource_done_booting+0x0/0x43 @ 1
[    3.335756] clocksource: Switched to clocksource kvm-clock
[    3.344102] initcall clocksource_done_booting+0x0/0x43 returned 0 after 9520 usecs
[    3.353569] calling  tracer_init_tracefs+0x0/0x201 @ 1
[    3.937147] initcall tracer_init_tracefs+0x0/0x201 returned 0 after 563487 usecs
[    3.946314] calling  init_trace_printk_function_export+0x0/0x2c @ 1
[    3.954210] initcall init_trace_printk_function_export+0x0/0x2c returned 0 after 41 usecs
[    3.964369] calling  init_kprobe_trace+0x0/0x1ab @ 1
[    3.970737] initcall init_kprobe_trace+0x0/0x1ab returned 0 after 40 usecs
[    3.979233] calling  init_dynamic_event+0x0/0x3d @ 1
[    3.985503] initcall init_dynamic_event+0x0/0x3d returned 0 after 43 usecs
[    3.994114] calling  init_uprobe_trace+0x0/0x5c @ 1
[    4.000326] initcall init_uprobe_trace+0x0/0x5c returned 0 after 35 usecs
[    4.009484] calling  init_pipe_fs+0x0/0x44 @ 1
[    4.016019] initcall init_pipe_fs+0x0/0x44 returned 0 after 154 usecs
[    4.025388] calling  inotify_user_setup+0x0/0x47 @ 1
[    4.033033] initcall inotify_user_setup+0x0/0x47 returned 0 after 88 usecs
[    4.043337] calling  eventpoll_init+0x0/0xeb @ 1
[    4.050684] initcall eventpoll_init+0x0/0xeb returned 0 after 58 usecs
[    4.060493] calling  anon_inode_init+0x0/0x58 @ 1
[    4.068018] initcall anon_inode_init+0x0/0x58 returned 0 after 247 usecs
[    4.078347] calling  proc_locks_init+0x0/0x27 @ 1
[    4.085720] initcall proc_locks_init+0x0/0x27 returned 0 after 11 usecs
[    4.097914] calling  iomap_init+0x0/0x1b @ 1
[    4.105963] initcall iomap_init+0x0/0x1b returned 0 after 1375 usecs
[    4.115530] calling  dquot_init+0x0/0xd7 @ 1
[    4.121248] VFS: Disk quotas dquot_6.6.0
[    4.126358] VFS: Dquot-cache hash table entries: 512 (order 0, 4096 bytes)
[    4.136758] initcall dquot_init+0x0/0xd7 returned 0 after 15140 usecs
[    4.146765] calling  quota_init+0x0/0x23 @ 1
[    4.153330] initcall quota_init+0x0/0x23 returned 0 after 25 usecs
[    4.162229] calling  proc_cmdline_init+0x0/0x21 @ 1
[    4.168240] initcall proc_cmdline_init+0x0/0x21 returned 0 after 54 usecs
[    4.176597] calling  proc_consoles_init+0x0/0x24 @ 1
[    4.182729] initcall proc_consoles_init+0x0/0x24 returned 0 after 8 usecs
[    4.190862] calling  proc_cpuinfo_init+0x0/0x1e @ 1
[    4.196814] initcall proc_cpuinfo_init+0x0/0x1e returned 0 after 6 usecs
[    4.204998] calling  proc_devices_init+0x0/0x24 @ 1
[    4.211102] initcall proc_devices_init+0x0/0x24 returned 0 after 6 usecs
[    4.219349] calling  proc_interrupts_init+0x0/0x24 @ 1
[    4.225737] initcall proc_interrupts_init+0x0/0x24 returned 0 after 6 usecs
[    4.234369] calling  proc_loadavg_init+0x0/0x21 @ 1
[    4.240774] initcall proc_loadavg_init+0x0/0x21 returned 0 after 6 usecs
[    4.249937] calling  proc_meminfo_init+0x0/0x21 @ 1
[    4.257372] initcall proc_meminfo_init+0x0/0x21 returned 0 after 9 usecs
[    4.266192] calling  proc_stat_init+0x0/0x1e @ 1
[    4.272015] initcall proc_stat_init+0x0/0x1e returned 0 after 7 usecs
[    4.281291] calling  proc_uptime_init+0x0/0x21 @ 1
[    4.287593] initcall proc_uptime_init+0x0/0x21 returned 0 after 8 usecs
[    4.296068] calling  proc_version_init+0x0/0x21 @ 1
[    4.303260] initcall proc_version_init+0x0/0x21 returned 0 after 7 usecs
[    4.323168] calling  proc_softirqs_init+0x0/0x21 @ 1
[    4.330166] initcall proc_softirqs_init+0x0/0x21 returned 0 after 638 usecs
[    4.338937] calling  proc_kcore_init+0x0/0xea @ 1
[    4.349204] initcall proc_kcore_init+0x0/0xea returned 0 after 4239 usecs
[    4.357646] calling  vmcore_init+0x0/0x57b @ 1
[    4.363338] initcall vmcore_init+0x0/0x57b returned 0 after 41 usecs
[    4.371300] calling  proc_kmsg_init+0x0/0x21 @ 1
[    4.377246] initcall proc_kmsg_init+0x0/0x21 returned 0 after 9 usecs
[    4.385626] calling  proc_page_init+0x0/0x3b @ 1
[    4.391853] initcall proc_page_init+0x0/0x3b returned 0 after 516 usecs
[    4.400011] calling  init_ramfs_fs+0x0/0xc @ 1
[    4.405962] initcall init_ramfs_fs+0x0/0xc returned 0 after 391 usecs
[    4.414032] calling  init_hugetlbfs_fs+0x0/0xf6 @ 1
[    4.424302] initcall init_hugetlbfs_fs+0x0/0xf6 returned 0 after 2973 usecs
[    4.434536] calling  blk_scsi_ioctl_init+0x0/0x2a5 @ 1
[    4.442042] initcall blk_scsi_ioctl_init+0x0/0x2a5 returned 0 after 64 usecs
[    4.450816] calling  acpi_event_init+0x0/0x2c @ 1
[    4.457258] initcall acpi_event_init+0x0/0x2c returned 0 after 793 usecs
[    4.465331] calling  pnp_system_init+0x0/0xc @ 1
[    4.473091] initcall pnp_system_init+0x0/0xc returned 0 after 1603 usecs
[    4.481141] calling  pnpacpi_init+0x0/0x69 @ 1
[    4.486659] pnp: PnP ACPI init
[    4.492629] pnp 00:00: Plug and Play ACPI device, IDs PNP0303 (active)
[    4.502694] pnp 00:01: Plug and Play ACPI device, IDs PNP0f13 (active)
[    4.512575] pnp 00:02: Plug and Play ACPI device, IDs PNP0400 (active)
[    4.522208] pnp 00:03: Plug and Play ACPI device, IDs PNP0501 (active)
[    4.531981] pnp 00:04: Plug and Play ACPI device, IDs PNP0b00 (active)
[    4.540594] system 00:05: [mem 0xb0000000-0xbfffffff window] has been reserved
[    4.549626] system 00:05: Plug and Play ACPI device, IDs PNP0c01 (active)
[    4.560640] pnp: PnP ACPI: found 6 devices
[    4.565727] initcall pnpacpi_init+0x0/0x69 returned 0 after 77235 usecs
[    4.573854] calling  chr_dev_init+0x0/0x14d @ 1
[    4.590815] initcall chr_dev_init+0x0/0x14d returned 0 after 11092 usecs
[    4.599550] calling  firmware_class_init+0x0/0x14a @ 1
[    4.606017] initcall firmware_class_init+0x0/0x14a returned 0 after 85 usecs
[    4.614599] calling  init_pcmcia_bus+0x0/0x5b @ 1
[    4.620730] initcall init_pcmcia_bus+0x0/0x5b returned 0 after 226 usecs
[    4.628966] calling  init_acpi_pm_clocksource+0x0/0xda @ 1
[    4.641584] clocksource: acpi_pm: mask: 0xffffff max_cycles: 0xffffff, max_idle_ns: 2085701024 ns
[    4.652616] initcall init_acpi_pm_clocksource+0x0/0xda returned 0 after 16350 usecs
[    4.661959] calling  sysctl_core_init+0x0/0x26 @ 1
[    4.668190] initcall sysctl_core_init+0x0/0x26 returned 0 after 271 usecs
[    4.676584] calling  eth_offload_init+0x0/0x13 @ 1
[    4.682706] initcall eth_offload_init+0x0/0x13 returned 0 after 88 usecs
[    4.690933] calling  ipv4_offload_init+0x0/0x73 @ 1
[    4.696969] initcall ipv4_offload_init+0x0/0x73 returned 0 after 77 usecs
[    4.705283] calling  inet_init+0x0/0x276 @ 1
[    4.710948] NET: Registered protocol family 2
[    4.717741] IP idents hash table entries: 8192 (order: 4, 65536 bytes, linear)
[    4.728648] tcp_listen_portaddr_hash hash table entries: 256 (order: 2, 20480 bytes, linear)
[    4.739580] TCP established hash table entries: 4096 (order: 3, 32768 bytes, linear)
[    4.749220] TCP bind hash table entries: 4096 (order: 6, 294912 bytes, linear)
[    4.765021] TCP: Hash tables configured (established 4096 bind 4096)
[    4.775105] UDP hash table entries: 256 (order: 3, 40960 bytes, linear)
[    4.784900] UDP-Lite hash table entries: 256 (order: 3, 40960 bytes, linear)
[    4.795028] initcall inet_init+0x0/0x276 returned 0 after 82413 usecs
[    4.802698] calling  af_unix_init+0x0/0x4d @ 1
[    4.808044] NET: Registered protocol family 1
[    4.813537] initcall af_unix_init+0x0/0x4d returned 0 after 5393 usecs
[    4.821233] calling  ipv6_offload_init+0x0/0x7e @ 1
[    4.827078] initcall ipv6_offload_init+0x0/0x7e returned 0 after 2 usecs
[    4.834959] calling  init_sunrpc+0x0/0x65 @ 1
[    4.842907] RPC: Registered named UNIX socket transport module.
[    4.850535] RPC: Registered udp transport module.
[    4.856141] RPC: Registered tcp transport module.
[    4.862790] RPC: Registered tcp NFSv4.1 backchannel transport module.
[    4.872310] initcall init_sunrpc+0x0/0x65 returned 0 after 31332 usecs
[    4.881896] calling  cfg80211_init+0x0/0xc5 @ 1
[    4.890059] initcall cfg80211_init+0x0/0xc5 returned 0 after 1224 usecs
[    4.898173] calling  pcibios_assign_resources+0x0/0xbf @ 1
[    4.904958] pci_bus 0000:00: resource 4 [io  0x0000-0x0cf7 window]
[    4.912418] pci_bus 0000:00: resource 5 [io  0x0d00-0xffff window]
[    4.919750] pci_bus 0000:00: resource 6 [mem 0x000a0000-0x000bffff window]
[    4.928023] pci_bus 0000:00: resource 7 [mem 0x20000000-0xafffffff window]
[    4.936293] pci_bus 0000:00: resource 8 [mem 0xc0000000-0xfebfffff window]
[    4.944907] pci_bus 0000:00: resource 9 [mem 0x100000000-0x8ffffffff window]
[    4.954598] initcall pcibios_assign_resources+0x0/0xbf returned 0 after 48549 usecs
[    4.963535] calling  pci_apply_final_quirks+0x0/0x124 @ 1
[    4.970327] pci 0000:00:01.0: calling  pci_fixup_video+0x0/0xe0 @ 1
[    4.978828] pci 0000:00:01.0: Video device with shadowed ROM at [mem 0x000c0000-0x000dffff]
[    4.989074] pci 0000:00:01.0: pci_fixup_video+0x0/0xe0 took 10308 usecs
[    4.997282] PCI: CLS 0 bytes, default 64
[    5.002072] initcall pci_apply_final_quirks+0x0/0x124 returned 0 after 31433 usecs
[    5.011085] calling  acpi_reserve_resources+0x0/0xea @ 1
[    5.017361] initcall acpi_reserve_resources+0x0/0xea returned 0 after 24 usecs
[    5.026067] calling  populate_rootfs+0x0/0x102 @ 1
[    5.034021] initcall populate_rootfs+0x0/0x102 returned 0 after 2144 usecs
[    5.042123] calling  pci_iommu_init+0x0/0x3e @ 1
[    5.047600] initcall pci_iommu_init+0x0/0x3e returned 0 after 15 usecs
[    5.057831] calling  ia32_binfmt_init+0x0/0x13 @ 1
[    5.064957] initcall ia32_binfmt_init+0x0/0x13 returned 0 after 48 usecs
[    5.072976] calling  rapl_pmu_init+0x0/0x25f @ 1
[    5.078568] initcall rapl_pmu_init+0x0/0x25f returned -19 after 61 usecs
[    5.086552] calling  amd_uncore_init+0x0/0x310 @ 1
[    5.092204] initcall amd_uncore_init+0x0/0x310 returned -19 after 0 usecs
[    5.100152] calling  amd_ibs_init+0x0/0x24b @ 1
[    5.105596] initcall amd_ibs_init+0x0/0x24b returned -19 after 1 usecs
[    5.113730] calling  amd_iommu_pc_init+0x0/0x22b @ 1
[    5.121070] initcall amd_iommu_pc_init+0x0/0x22b returned -19 after 1 usecs
[    5.131325] calling  msr_init+0x0/0x55 @ 1
[    5.137758] initcall msr_init+0x0/0x55 returned 0 after 335 usecs
[    5.145721] calling  intel_uncore_init+0x0/0x322 @ 1
[    5.152044] initcall intel_uncore_init+0x0/0x322 returned -19 after 171 usecs
[    5.160255] calling  cstate_pmu_init+0x0/0x181 @ 1
[    5.165899] initcall cstate_pmu_init+0x0/0x181 returned -19 after 1 usecs
[    5.173901] calling  register_kernel_offset_dumper+0x0/0x1a @ 1
[    5.181017] initcall register_kernel_offset_dumper+0x0/0x1a returned 0 after 91 usecs
[    5.190027] calling  i8259A_init_ops+0x0/0x20 @ 1
[    5.195659] initcall i8259A_init_ops+0x0/0x20 returned 0 after 2 usecs
[    5.203151] calling  init_tsc_clocksource+0x0/0xa4 @ 1
[    5.209208] clocksource: tsc: mask: 0xffffffffffffffff max_cycles: 0x39a85afc727, max_idle_ns: 881590685098 ns
[    5.220858] initcall init_tsc_clocksource+0x0/0xa4 returned 0 after 11375 usecs
[    5.229408] calling  add_rtc_cmos+0x0/0xb0 @ 1
[    5.234793] initcall add_rtc_cmos+0x0/0xb0 returned 0 after 18 usecs
[    5.242259] calling  i8237A_init_ops+0x0/0x3a @ 1
[    5.248735] initcall i8237A_init_ops+0x0/0x3a returned 0 after 247 usecs
[    5.259584] calling  umwait_init+0x0/0x94 @ 1
[    5.264736] initcall umwait_init+0x0/0x94 returned -19 after 0 usecs
[    5.272092] calling  thermal_throttle_init_device+0x0/0x3d @ 1
[    5.280221] initcall thermal_throttle_init_device+0x0/0x3d returned 0 after 465 usecs
[    5.289465] calling  msr_init+0x0/0xd7 @ 1
[    5.295908] initcall msr_init+0x0/0xd7 returned 0 after 1263 usecs
[    5.303341] calling  cpuid_init+0x0/0xd7 @ 1
[    5.308708] initcall cpuid_init+0x0/0xd7 returned 0 after 252 usecs
[    5.316017] calling  ioapic_init_ops+0x0/0x13 @ 1
[    5.321528] initcall ioapic_init_ops+0x0/0x13 returned 0 after 2 usecs
[    5.329165] calling  add_pcspkr+0x0/0x6c @ 1
[    5.334253] initcall add_pcspkr+0x0/0x6c returned 0 after 73 usecs
[    5.341591] calling  start_periodic_check_for_corruption+0x0/0x30 @ 1
[    5.349142] check: Scanning for low memory corruption every 60 seconds
[    5.357422] initcall start_periodic_check_for_corruption+0x0/0x30 returned 0 after 8109 usecs
[    5.367041] calling  sysfb_init+0x0/0x9c @ 1
[    5.372174] initcall sysfb_init+0x0/0x9c returned 0 after 157 usecs
[    5.379336] calling  audit_classes_init+0x0/0xae @ 1
[    5.385097] initcall audit_classes_init+0x0/0xae returned 0 after 31 usecs
[    5.393067] calling  iosf_mbi_init+0x0/0x24 @ 1
[    5.399087] initcall iosf_mbi_init+0x0/0x24 returned 0 after 493 usecs
[    5.406743] calling  proc_execdomains_init+0x0/0x21 @ 1
[    5.412864] initcall proc_execdomains_init+0x0/0x21 returned 0 after 7 usecs
[    5.421018] calling  register_warn_debugfs+0x0/0x23 @ 1
[    5.427135] initcall register_warn_debugfs+0x0/0x23 returned 0 after 49 usecs
[    5.435264] calling  ioresources_init+0x0/0x49 @ 1
[    5.440885] initcall ioresources_init+0x0/0x49 returned 0 after 27 usecs
[    5.449584] calling  lockdep_proc_init+0x0/0x64 @ 1
[    5.456353] initcall lockdep_proc_init+0x0/0x64 returned 0 after 11 usecs
[    5.466018] calling  snapshot_device_init+0x0/0xc @ 1
[    5.474911] initcall snapshot_device_init+0x0/0xc returned 0 after 1864 usecs
[    5.484988] calling  irq_pm_init_ops+0x0/0x13 @ 1
[    5.491653] initcall irq_pm_init_ops+0x0/0x13 returned 0 after 16 usecs
[    5.500743] calling  rcu_torture_init+0x0/0x9d5 @ 1
[    5.507810] rcu-torture:--- Start of test: nreaders=1 nfakewriters=4 stat_interval=15 verbose=1 test_no_idle_hz=1 shuffle_interval=3 stutter=5 irqreader=1 fqs_duration=0 fqs_holdoff=0 fqs_stutter=3 test_boost=1/0 test_boost_interval=7 test_boost_duration=4 shutdown_secs=1800 stall_cpu=0 stall_cpu_holdoff=10 stall_cpu_irqsoff=0 stall_cpu_block=0 n_barrier_cbs=4 onoff_interval=0 onoff_holdoff=0 read_exit_delay=13 read_exit_burst=16
[    5.552107] rcu:  Start-test grace-period state: g0 f0x0
[    5.558231] rcu-torture: Creating rcu_torture_writer task
[    5.564699] rcu-torture: Creating rcu_torture_fakewriter task
[    5.571509] rcu-torture: rcu_torture_writer task started
[    5.577509] rcu-torture: GP expediting controlled from boot/sysfs for rcu.
[    5.585708] rcu_torture_writer: Testing conditional GPs.
[    5.592785] rcu_torture_writer: Testing expedited GPs.
[    5.598661] rcu_torture_writer: Testing asynchronous GPs.
[    5.604921] rcu_torture_writer: Testing normal GPs.
[    5.610623] rcu-torture: Creating rcu_torture_fakewriter task
[    5.617244] rcu-torture: rcu_torture_fakewriter task started
[    5.623806] rcu-torture: Creating rcu_torture_fakewriter task
[    5.630499] rcu-torture: rcu_torture_fakewriter task started
[    5.637886] rcu-torture: Creating rcu_torture_fakewriter task
[    5.644510] rcu-torture: rcu_torture_fakewriter task started
[    5.651647] rcu-torture: Creating rcu_torture_reader task
[    5.657903] rcu-torture: rcu_torture_fakewriter task started
[    5.664707] rcu-torture: Creating rcu_torture_stats task
[    5.671023] rcu-torture: rcu_torture_reader task started
[    5.678983] rcu-torture: Creating torture_shuffle task
[    5.684958] rcu-torture: rcu_torture_stats task started
[    5.692456] rcu-torture: Creating torture_stutter task
[    5.698460] rcu-torture: torture_shuffle task started
[    5.707029] rcu-torture: Creating torture_shutdown task
[    5.713021] rcu-torture: torture_stutter task started
[    5.719846] rcu-torture: Creating rcu_torture_fwd_prog task
[    5.726223] rcu-torture: torture_shutdown task started
[    5.732252] rcu-torture:torture_shutdown task: 1799974 ms remaining
[    5.739801] rcu-torture: Creating rcu_torture_barrier_cbs task
[    5.746674] rcu-torture: rcu_torture_fwd_progress task started
[    5.754495] rcu-torture: Creating rcu_torture_barrier_cbs task
[    5.761401] rcu-torture: rcu_torture_barrier_cbs task started
[    5.768227] rcu-torture: Creating rcu_torture_barrier_cbs task
[    5.775134] rcu-torture: rcu_torture_barrier_cbs task started
[    5.781925] rcu-torture: Creating rcu_torture_barrier_cbs task
[    5.788751] rcu-torture: rcu_torture_barrier_cbs task started
[    5.796142] rcu-torture: Creating rcu_torture_barrier task
[    5.802675] rcu-torture: rcu_torture_barrier_cbs task started
[    5.809784] rcu-torture: Creating rcu_torture_read_exit task
[    5.816863] rcu-torture: rcu_torture_barrier task starting
[    5.824411] initcall rcu_torture_init+0x0/0x9d5 returned 0 after 309263 usecs
[    5.833972] calling  timekeeping_init_ops+0x0/0x13 @ 1
[    5.841072] initcall timekeeping_init_ops+0x0/0x13 returned 0 after 3 usecs
[    5.851386] calling  init_clocksource_sysfs+0x0/0x23 @ 1
[    5.860202] initcall init_clocksource_sysfs+0x0/0x23 returned 0 after 603 usecs
[    5.871804] calling  init_timer_list_procfs+0x0/0x31 @ 1
[    5.878906] initcall init_timer_list_procfs+0x0/0x31 returned 0 after 10 usecs
[    5.888581] calling  alarmtimer_init+0x0/0xf5 @ 1
[    5.895302] initcall alarmtimer_init+0x0/0xf5 returned 0 after 163 usecs
[    5.903452] calling  init_posix_timers+0x0/0x29 @ 1
[    5.909372] initcall init_posix_timers+0x0/0x29 returned 0 after 35 usecs
[    5.917699] calling  clockevents_init_sysfs+0x0/0x8b @ 1
[    5.924207] initcall clockevents_init_sysfs+0x0/0x8b returned 0 after 161 usecs
[    5.932844] calling  proc_dma_init+0x0/0x21 @ 1
[    5.938300] initcall proc_dma_init+0x0/0x21 returned 0 after 7 usecs
[    5.945976] calling  proc_modules_init+0x0/0x1e @ 1
[    5.951831] initcall proc_modules_init+0x0/0x1e returned 0 after 7 usecs
[    5.959798] calling  kallsyms_init+0x0/0x21 @ 1
[    5.965317] initcall kallsyms_init+0x0/0x21 returned 0 after 5 usecs
[    5.972919] calling  pid_namespaces_init+0x0/0x2c @ 1
[    5.979004] initcall pid_namespaces_init+0x0/0x2c returned 0 after 13 usecs
[    5.987245] calling  audit_watch_init+0x0/0x37 @ 1
[    5.993065] initcall audit_watch_init+0x0/0x37 returned 0 after 57 usecs
[    6.000898] calling  audit_fsnotify_init+0x0/0x37 @ 1
[    6.006952] initcall audit_fsnotify_init+0x0/0x37 returned 0 after 2 usecs
[    6.014986] calling  audit_tree_init+0x0/0x6d @ 1
[    6.020917] initcall audit_tree_init+0x0/0x6d returned 0 after 9 usecs
[    6.028530] calling  seccomp_sysctl_init+0x0/0x2b @ 1
[    6.034516] initcall seccomp_sysctl_init+0x0/0x2b returned 0 after 33 usecs
[    6.042576] calling  utsname_sysctl_init+0x0/0x13 @ 1
[    6.048504] initcall utsname_sysctl_init+0x0/0x13 returned 0 after 9 usecs
[    6.056429] calling  init_tracepoints+0x0/0x27 @ 1
[    6.062031] initcall init_tracepoints+0x0/0x27 returned 0 after 33 usecs
[    6.069881] calling  init_blk_tracer+0x0/0x50 @ 1
[    6.076078] initcall init_blk_tracer+0x0/0x50 returned 0 after 421 usecs
[    6.086090] calling  perf_event_sysfs_init+0x0/0x83 @ 1
[    6.094630] initcall perf_event_sysfs_init+0x0/0x83 returned 0 after 864 usecs
[    6.104728] calling  system_trusted_keyring_init+0x0/0x5f @ 1
[    6.112902] Initialise system trusted keyrings
[    6.119587] initcall system_trusted_keyring_init+0x0/0x5f returned 0 after 6524 usecs
[    6.129000] calling  kswapd_init+0x0/0x13 @ 1
[    6.134154] rcu-torture: rcu_torture_read_exit: Start of test
[    6.141298] initcall kswapd_init+0x0/0x13 returned 0 after 6991 usecs
[    6.148828] calling  extfrag_debug_init+0x0/0x54 @ 1
[    6.155643] initcall extfrag_debug_init+0x0/0x54 returned 0 after 29 usecs
[    6.164877] calling  slab_proc_init+0x0/0x21 @ 1
[    6.170348] initcall slab_proc_init+0x0/0x21 returned 0 after 7 usecs
[    6.177864] calling  workingset_init+0x0/0x8c @ 1
[    6.183448] workingset: timestamp_bits=62 max_order=17 bucket_order=0
[    6.191215] initcall workingset_init+0x0/0x8c returned 0 after 7582 usecs
[    6.199277] calling  proc_vmalloc_init+0x0/0x27 @ 1
[    6.205240] initcall proc_vmalloc_init+0x0/0x27 returned 0 after 7 usecs
[    6.213325] calling  procswaps_init+0x0/0x1e @ 1
[    6.218937] initcall procswaps_init+0x0/0x1e returned 0 after 7 usecs
[    6.226612] calling  slab_sysfs_init+0x0/0xec @ 1
[    6.246688] initcall slab_sysfs_init+0x0/0xec returned 0 after 14183 usecs
[    6.254703] calling  fcntl_init+0x0/0x29 @ 1
[    6.259820] initcall fcntl_init+0x0/0x29 returned 0 after 13 usecs
[    6.267052] calling  proc_filesystems_init+0x0/0x21 @ 1
[    6.273205] initcall proc_filesystems_init+0x0/0x21 returned 0 after 8 usecs
[    6.281444] calling  start_dirtytime_writeback+0x0/0x29 @ 1
[    6.288132] initcall start_dirtytime_writeback+0x0/0x29 returned 0 after 2 usecs
[    6.296929] calling  blkdev_init+0x0/0x1b @ 1
[    6.302677] initcall blkdev_init+0x0/0x1b returned 0 after 508 usecs
[    6.310264] calling  dio_init+0x0/0x2c @ 1
[    6.315794] initcall dio_init+0x0/0x2c returned 0 after 164 usecs
[    6.324749] calling  dnotify_init+0x0/0x78 @ 1
[    6.331692] initcall dnotify_init+0x0/0x78 returned 0 after 170 usecs
[    6.341268] calling  aio_setup+0x0/0x78 @ 1
[    6.347556] initcall aio_setup+0x0/0x78 returned 0 after 318 usecs
[    6.354966] calling  io_uring_init+0x0/0x2c @ 1
[    6.360461] initcall io_uring_init+0x0/0x2c returned 0 after 12 usecs
[    6.368255] calling  mbcache_init+0x0/0x30 @ 1
[    6.373687] initcall mbcache_init+0x0/0x30 returned 0 after 112 usecs
[    6.381449] calling  init_grace+0x0/0xc @ 1
[    6.386628] initcall init_grace+0x0/0xc returned 0 after 40 usecs
[    6.393960] calling  init_v2_quota_format+0x0/0x21 @ 1
[    6.401019] initcall init_v2_quota_format+0x0/0x21 returned 0 after 121 usecs
[    6.411697] calling  init_devpts_fs+0x0/0x27 @ 1
[    6.417108] initcall init_devpts_fs+0x0/0x27 returned 0 after 83 usecs
[    6.425004] calling  ext4_init_fs+0x0/0x1c2 @ 1
[    6.431236] initcall ext4_init_fs+0x0/0x1c2 returned 0 after 734 usecs
[    6.439442] calling  journal_init+0x0/0x11c @ 1
[    6.445038] initcall journal_init+0x0/0x11c returned 0 after 193 usecs
[    6.452807] calling  init_fat_fs+0x0/0x49 @ 1
[    6.458343] initcall init_fat_fs+0x0/0x49 returned 0 after 260 usecs
[    6.465910] calling  init_vfat_fs+0x0/0xc @ 1
[    6.471183] initcall init_vfat_fs+0x0/0xc returned 0 after 3 usecs
[    6.478531] calling  init_msdos_fs+0x0/0xc @ 1
[    6.483734] initcall init_msdos_fs+0x0/0xc returned 0 after 2 usecs
[    6.491218] calling  init_iso9660_fs+0x0/0x6c @ 1
[    6.497568] rcu_torture_rea (62) used greatest stack depth: 14672 bytes left
[    6.506701] initcall init_iso9660_fs+0x0/0x6c returned 0 after 9662 usecs
[    6.514841] calling  init_nfs_fs+0x0/0x13a @ 1
[    6.521983] initcall init_nfs_fs+0x0/0x13a returned 0 after 1771 usecs
[    6.529748] calling  init_nfs_v2+0x0/0x13 @ 1
[    6.535200] initcall init_nfs_v2+0x0/0x13 returned 0 after 160 usecs
[    6.543079] calling  init_nfs_v3+0x0/0x13 @ 1
[    6.548333] initcall init_nfs_v3+0x0/0x13 returned 0 after 6 usecs
[    6.555689] calling  init_nfs_v4+0x0/0x32 @ 1
[    6.560983] NFS: Registering the id_resolver key type
[    6.567914] Key type id_resolver registered
[    6.574364] Key type id_legacy registered
[    6.580527] initcall init_nfs_v4+0x0/0x32 returned 0 after 19127 usecs
[    6.590194] calling  init_nlm+0x0/0x5b @ 1
[    6.596601] initcall init_nlm+0x0/0x5b returned 0 after 234 usecs
[    6.603960] calling  init_nls_cp437+0x0/0xe @ 1
[    6.610574] initcall init_nls_cp437+0x0/0xe returned 0 after 316 usecs
[    6.618715] calling  init_nls_ascii+0x0/0xe @ 1
[    6.625003] initcall init_nls_ascii+0x0/0xe returned 0 after 1 usecs
[    6.632488] calling  init_nls_iso8859_1+0x0/0xe @ 1
[    6.639861] initcall init_nls_iso8859_1+0x0/0xe returned 0 after 1 usecs
[    6.648100] calling  init_nls_utf8+0x0/0x21 @ 1
[    6.653535] initcall init_nls_utf8+0x0/0x21 returned 0 after 1 usecs
[    6.661038] calling  init_autofs_fs+0x0/0x25 @ 1
[    6.666879] initcall init_autofs_fs+0x0/0x25 returned 0 after 310 usecs
[    6.675648] calling  ipc_init+0x0/0x24 @ 1
[    6.681814] initcall ipc_init+0x0/0x24 returned 0 after 491 usecs
[    6.688931] calling  ipc_sysctl_init+0x0/0x13 @ 1
[    6.694579] initcall ipc_sysctl_init+0x0/0x13 returned 0 after 28 usecs
[    6.703100] calling  init_mqueue_fs+0x0/0xb1 @ 1
[    6.709852] initcall init_mqueue_fs+0x0/0xb1 returned 0 after 671 usecs
[    6.717445] calling  key_proc_init+0x0/0x63 @ 1
[    6.722753] initcall key_proc_init+0x0/0x63 returned 0 after 9 usecs
[    6.729987] calling  selinux_nf_ip_init+0x0/0x2e @ 1
[    6.735992] initcall selinux_nf_ip_init+0x0/0x2e returned 0 after 39 usecs
[    6.745581] calling  init_sel_fs+0x0/0x116 @ 1
[    6.752025] initcall init_sel_fs+0x0/0x116 returned 0 after 0 usecs
[    6.760986] calling  selnl_init+0x0/0x7c @ 1
[    6.767345] initcall selnl_init+0x0/0x7c returned 0 after 54 usecs
[    6.776366] calling  sel_netif_init+0x0/0x36 @ 1
[    6.783180] initcall sel_netif_init+0x0/0x36 returned 0 after 1 usecs
[    6.792243] calling  sel_netnode_init+0x0/0x33 @ 1
[    6.799291] initcall sel_netnode_init+0x0/0x33 returned 0 after 1 usecs
[    6.808940] calling  sel_netport_init+0x0/0x33 @ 1
[    6.815989] initcall sel_netport_init+0x0/0x33 returned 0 after 1 usecs
[    6.825650] calling  aurule_init+0x0/0x2a @ 1
[    6.832168] initcall aurule_init+0x0/0x2a returned 0 after 4 usecs
[    6.841136] calling  crypto_algapi_init+0x0/0xc @ 1
[    6.848361] initcall crypto_algapi_init+0x0/0xc returned 0 after 11 usecs
[    6.858198] calling  jent_mod_init+0x0/0x2d @ 1
[    6.875990] initcall jent_mod_init+0x0/0x2d returned 0 after 10754 usecs
[    6.885790] calling  asymmetric_key_init+0x0/0xc @ 1
[    6.893090] Key type asymmetric registered
[    6.899202] initcall asymmetric_key_init+0x0/0xc returned 0 after 5967 usecs
[    6.909648] calling  x509_key_init+0x0/0xc @ 1
[    6.916357] Asymmetric key parser 'x509' registered
[    6.923682] initcall x509_key_init+0x0/0xc returned 0 after 7214 usecs
[    6.933413] calling  proc_genhd_init+0x0/0x41 @ 1
[    6.940515] initcall proc_genhd_init+0x0/0x41 returned 0 after 148 usecs
[    6.950509] calling  bsg_init+0x0/0x113 @ 1
[    6.956913] Block layer SCSI generic (bsg) driver version 0.4 loaded (major 251)
[    6.967809] initcall bsg_init+0x0/0x113 returned 0 after 10684 usecs
[    6.977018] calling  deadline_init+0x0/0xc @ 1
[    6.983899] io scheduler mq-deadline registered
[    6.990784] initcall deadline_init+0x0/0xc returned 0 after 6817 usecs
[    7.000416] calling  kyber_init+0x0/0xc @ 1
[    7.006679] io scheduler kyber registered
[    7.012660] initcall kyber_init+0x0/0xc returned 0 after 5839 usecs
[    7.021073] calling  mod_init+0x0/0x7 @ 1
[    7.026647] initcall mod_init+0x0/0x7 returned 0 after 1 usecs
[    7.034523] calling  debug_objects_init_debugfs+0x0/0x3b @ 1
[    7.042096] initcall debug_objects_init_debugfs+0x0/0x3b returned 0 after 95 usecs
[    7.052008] calling  sg_pool_init+0x0/0xb4 @ 1
[    7.058970] initcall sg_pool_init+0x0/0xb4 returned 0 after 337 usecs
[    7.068154] calling  pcie_portdrv_init+0x0/0x39 @ 1
[    7.075369] initcall pcie_portdrv_init+0x0/0x39 returned 0 after 113 usecs
[    7.084757] calling  pci_proc_init+0x0/0x68 @ 1
[    7.091831] initcall pci_proc_init+0x0/0x68 returned 0 after 31 usecs
[    7.101174] calling  pci_hotplug_init+0x0/0x7 @ 1
[    7.107907] initcall pci_hotplug_init+0x0/0x7 returned 0 after 0 usecs
[    7.117092] calling  efifb_driver_init+0x0/0xe @ 1
[    7.124561] initcall efifb_driver_init+0x0/0xe returned 0 after 41 usecs
[    7.134085] calling  ged_driver_init+0x0/0xe @ 1
[    7.140719] initcall ged_driver_init+0x0/0xe returned 0 after 37 usecs
[    7.150962] calling  acpi_ac_init+0x0/0x92 @ 1
[    7.157726] initcall acpi_ac_init+0x0/0x92 returned 0 after 423 usecs
[    7.166725] calling  acpi_button_driver_init+0x0/0x52 @ 1
[    7.174732] input: Power Button as /devices/LNXSYSTM:00/LNXPWRBN:00/input/input0
[    7.186975] ACPI: Power Button [PWRF]
[    7.193074] initcall acpi_button_driver_init+0x0/0x52 returned 0 after 18688 usecs
[    7.204817] calling  acpi_fan_driver_init+0x0/0xe @ 1
[    7.212744] initcall acpi_fan_driver_init+0x0/0xe returned 0 after 36 usecs
[    7.223698] calling  acpi_video_init+0x0/0xcb @ 1
[    7.231545] initcall acpi_video_init+0x0/0xcb returned 0 after 297 usecs
[    7.241984] calling  acpi_processor_driver_init+0x0/0xad @ 1
[    7.252274] initcall acpi_processor_driver_init+0x0/0xad returned 0 after 1233 usecs
[    7.264424] calling  acpi_thermal_init+0x0/0x71 @ 1
[    7.272727] initcall acpi_thermal_init+0x0/0x71 returned 0 after 474 usecs
[    7.283171] calling  acpi_battery_init+0x0/0x32 @ 1
[    7.289895] initcall acpi_battery_init+0x0/0x32 returned 0 after 54 usecs
[    7.298482] calling  bgrt_init+0x0/0xb6 @ 1
[    7.303738] initcall bgrt_init+0x0/0xb6 returned -19 after 0 usecs
[    7.311558] calling  gpio_clk_driver_init+0x0/0xe @ 1
[    7.318015] initcall gpio_clk_driver_init+0x0/0xe returned 0 after 33 usecs
[    7.326773] calling  plt_clk_driver_init+0x0/0xe @ 1
[    7.333318] initcall plt_clk_driver_init+0x0/0xe returned 0 after 30 usecs
[    7.342496] calling  virtio_pci_driver_init+0x0/0x15 @ 1
[    7.349670] initcall virtio_pci_driver_init+0x0/0x15 returned 0 after 116 usecs
[    7.359843] calling  n_null_init+0x0/0x1e @ 1
[    7.366615] initcall n_null_init+0x0/0x1e returned 0 after 2 usecs
[    7.374345] calling  pty_init+0x0/0x1e8 @ 1
[    7.380717] initcall pty_init+0x0/0x1e8 returned 0 after 790 usecs
[    7.388687] calling  sysrq_init+0x0/0x62 @ 1
[    7.394170] initcall sysrq_init+0x0/0x62 returned 0 after 10 usecs
[    7.401759] calling  serial8250_init+0x0/0x17e @ 1
[    7.408034] Serial: 8250/16550 driver, 4 ports, IRQ sharing enabled
[    7.417845] 00:03: ttyS0 at I/O 0x3f8 (irq = 4, base_baud = 115200) is a 16550A
[    7.429286] initcall serial8250_init+0x0/0x17e returned 0 after 20766 usecs
[    7.438309] calling  serial_pci_driver_init+0x0/0x15 @ 1
[    7.445202] initcall serial_pci_driver_init+0x0/0x15 returned 0 after 122 usecs
[    7.454568] calling  exar_pci_driver_init+0x0/0x15 @ 1
[    7.461341] initcall exar_pci_driver_init+0x0/0x15 returned 0 after 38 usecs
[    7.470570] calling  lpss8250_pci_driver_init+0x0/0x15 @ 1
[    7.477493] initcall lpss8250_pci_driver_init+0x0/0x15 returned 0 after 116 usecs
[    7.487556] calling  mid8250_pci_driver_init+0x0/0x15 @ 1
[    7.494632] initcall mid8250_pci_driver_init+0x0/0x15 returned 0 after 58 usecs
[    7.504300] calling  virtio_console_init+0x0/0xff @ 1
[    7.511077] initcall virtio_console_init+0x0/0xff returned 0 after 77 usecs
[    7.520306] calling  hpet_init+0x0/0x64 @ 1
[    7.528668] initcall hpet_init+0x0/0x64 returned 0 after 672 usecs
[    7.536784] calling  nvram_module_init+0x0/0x83 @ 1
[    7.543619] Non-volatile memory driver v1.3
[    7.549597] initcall nvram_module_init+0x0/0x83 returned 0 after 6005 usecs
[    7.559072] calling  hwrng_modinit+0x0/0x8a @ 1
[    7.565667] initcall hwrng_modinit+0x0/0x8a returned 0 after 404 usecs
[    7.574511] calling  mod_init+0x0/0x48 @ 1
[    7.580248] initcall mod_init+0x0/0x48 returned -19 after 0 usecs
[    7.588622] calling  agp_init+0x0/0x23 @ 1
[    7.594509] Linux agpgart interface v0.103
[    7.601463] initcall agp_init+0x0/0x23 returned 0 after 6786 usecs
[    7.611857] calling  agp_amd64_mod_init+0x0/0x5 @ 1
[    7.620328] initcall agp_amd64_mod_init+0x0/0x5 returned -19 after 580 usecs
[    7.629666] calling  agp_intel_init+0x0/0x28 @ 1
[    7.636174] initcall agp_intel_init+0x0/0x28 returned 0 after 342 usecs
[    7.644938] calling  drm_kms_helper_init+0x0/0x7 @ 1
[    7.651541] initcall drm_kms_helper_init+0x0/0x7 returned 0 after 0 usecs
[    7.660517] calling  drm_core_init+0x0/0xbd @ 1
[    7.667195] initcall drm_core_init+0x0/0xbd returned 0 after 221 usecs
[    7.676181] calling  i915_init+0x0/0x6b @ 1
[    7.683094] initcall i915_init+0x0/0x6b returned 0 after 942 usecs
[    7.691882] calling  cn_proc_init+0x0/0x35 @ 1
[    7.698465] initcall cn_proc_init+0x0/0x35 returned 0 after 32 usecs
[    7.707263] calling  topology_sysfs_init+0x0/0x27 @ 1
[    7.714784] initcall topology_sysfs_init+0x0/0x27 returned 0 after 34 usecs
[    7.724639] calling  cacheinfo_sysfs_init+0x0/0x27 @ 1
[    7.732540] initcall cacheinfo_sysfs_init+0x0/0x27 returned 0 after 800 usecs
[    7.742810] calling  loop_init+0x0/0x16a @ 1
[    7.777553] loop: module loaded
[    7.782738] initcall loop_init+0x0/0x16a returned 0 after 32833 usecs
[    7.792555] calling  mac_hid_init+0x0/0x21 @ 1
[    7.799282] initcall mac_hid_init+0x0/0x21 returned 0 after 10 usecs
[    7.808390] calling  spi_transport_init+0x0/0x74 @ 1
[    7.815877] initcall spi_transport_init+0x0/0x74 returned 0 after 170 usecs
[    7.826078] calling  init_sd+0x0/0x18c @ 1
[    7.832562] initcall init_sd+0x0/0x18c returned 0 after 357 usecs
[    7.841546] calling  init_sr+0x0/0x43 @ 1
[    7.847723] initcall init_sr+0x0/0x43 returned 0 after 43 usecs
[    7.856616] calling  init_sg+0x0/0x1c0 @ 1
[    7.863087] initcall init_sg+0x0/0x1c0 returned 0 after 174 usecs
[    7.872458] calling  ahci_pci_driver_init+0x0/0x15 @ 1
[    7.880278] ahci 0000:00:1f.2: version 3.0
[    7.889057] PCI Interrupt Link [GSIA] enabled at IRQ 16
[    7.910988] ahci 0000:00:1f.2: AHCI 0001.0000 32 slots 6 ports 1.5 Gbps 0x3f impl SATA mode
[    7.924086] ahci 0000:00:1f.2: flags: 64bit ncq only 
[    7.958375] scsi host0: ahci
[    7.965221] scsi host1: ahci
[    7.972064] scsi host2: ahci
[    7.978329] scsi host3: ahci
[    7.984447] scsi host4: ahci
[    7.991522] scsi host5: ahci
[    7.997289] ata1: SATA max UDMA/133 abar m4096@0xfebf1000 port 0xfebf1100 irq 24
[    8.010326] ata2: SATA max UDMA/133 abar m4096@0xfebf1000 port 0xfebf1180 irq 24
[    8.024273] ata3: SATA max UDMA/133 abar m4096@0xfebf1000 port 0xfebf1200 irq 24
[    8.036670] ata4: SATA max UDMA/133 abar m4096@0xfebf1000 port 0xfebf1280 irq 24
[    8.048059] ata5: SATA max UDMA/133 abar m4096@0xfebf1000 port 0xfebf1300 irq 24
[    8.059349] ata6: SATA max UDMA/133 abar m4096@0xfebf1000 port 0xfebf1380 irq 24
[    8.070683] initcall ahci_pci_driver_init+0x0/0x15 returned 0 after 186187 usecs
[    8.081855] calling  piix_init+0x0/0x26 @ 1
[    8.088607] initcall piix_init+0x0/0x26 returned 0 after 272 usecs
[    8.097903] calling  amd_pci_driver_init+0x0/0x15 @ 1
[    8.106024] initcall amd_pci_driver_init+0x0/0x15 returned 0 after 58 usecs
[    8.116883] calling  oldpiix_pci_driver_init+0x0/0x15 @ 1
[    8.125544] initcall oldpiix_pci_driver_init+0x0/0x15 returned 0 after 184 usecs
[    8.136937] calling  sch_pci_driver_init+0x0/0x15 @ 1
[    8.144823] initcall sch_pci_driver_init+0x0/0x15 returned 0 after 118 usecs
[    8.155056] calling  net_olddevs_init+0x0/0x55 @ 1
[    8.161846] initcall net_olddevs_init+0x0/0x55 returned 0 after 60 usecs
[    8.171558] calling  blackhole_netdev_init+0x0/0x78 @ 1
[    8.180938] initcall blackhole_netdev_init+0x0/0x78 returned 0 after 639 usecs
[    8.193462] calling  phy_module_init+0x0/0x13 @ 1
[    8.202871] initcall phy_module_init+0x0/0x13 returned 0 after 912 usecs
[    8.213935] calling  tg3_driver_init+0x0/0x15 @ 1
[    8.221129] initcall tg3_driver_init+0x0/0x15 returned 0 after 72 usecs
[    8.230790] calling  e100_init_module+0x0/0x4c @ 1
[    8.238693] e100: Intel(R) PRO/100 Network Driver
[    8.246350] e100: Copyright(c) 1999-2006 Intel Corporation
[    8.254817] initcall e100_init_module+0x0/0x4c returned 0 after 15763 usecs
[    8.265239] calling  e1000_init_module+0x0/0x72 @ 1
[    8.272698] e1000: Intel(R) PRO/1000 Network Driver
[    8.279599] e1000: Copyright (c) 1999-2006 Intel Corporation.
[    8.289049] initcall e1000_init_module+0x0/0x72 returned 0 after 15963 usecs
[    8.299792] calling  e1000_init_module+0x0/0x2d @ 1
[    8.306986] e1000e: Intel(R) PRO/1000 Network Driver
[    8.316364] e1000e: Copyright(c) 1999 - 2015 Intel Corporation.
[    8.325859] initcall e1000_init_module+0x0/0x2d returned 0 after 18425 usecs
[    8.366695] calling  sky2_init_module+0x0/0x21 @ 1
[    8.376919] sky2: driver version 1.30
[    8.400221] initcall sky2_init_module+0x0/0x21 returned 0 after 22856 usecs
[    8.410620] calling  forcedeth_pci_driver_init+0x0/0x15 @ 1
[    8.420105] initcall forcedeth_pci_driver_init+0x0/0x15 returned 0 after 1373 usecs
[    8.431651] calling  rtl8139_init_module+0x0/0x15 @ 1
[    8.439652] initcall rtl8139_init_module+0x0/0x15 returned 0 after 155 usecs
[    8.449901] calling  rtl8169_pci_driver_init+0x0/0x15 @ 1
[    8.458433] initcall rtl8169_pci_driver_init+0x0/0x15 returned 0 after 310 usecs
[    8.469569] calling  cdrom_init+0x0/0xc @ 1
[    8.476466] initcall cdrom_init+0x0/0xc returned 0 after 606 usecs
[    8.486853] calling  nonstatic_sysfs_init+0x0/0xc @ 1
[    8.496803] initcall nonstatic_sysfs_init+0x0/0xc returned 0 after 545 usecs
[    8.508283] calling  yenta_cardbus_driver_init+0x0/0x15 @ 1
[    8.518330] initcall yenta_cardbus_driver_init+0x0/0x15 returned 0 after 425 usecs
[    8.529695] calling  mon_init+0x0/0x144 @ 1
[    8.586740] initcall mon_init+0x0/0x144 returned 0 after 49540 usecs
[    8.596795] calling  ehci_hcd_init+0x0/0x55 @ 1
[    8.604579] ehci_hcd: USB 2.0 'Enhanced' Host Controller (EHCI) Driver
[    8.615399] initcall ehci_hcd_init+0x0/0x55 returned 0 after 10675 usecs
[    8.626183] calling  ehci_pci_init+0x0/0x64 @ 1
[    8.633327] ehci-pci: EHCI PCI platform driver
[    8.640680] initcall ehci_pci_init+0x0/0x64 returned 0 after 7178 usecs
[    8.651347] calling  ohci_hcd_mod_init+0x0/0x4d @ 1
[    8.659312] ohci_hcd: USB 1.1 'Open' Host Controller (OHCI) Driver
[    8.669011] initcall ohci_hcd_mod_init+0x0/0x4d returned 0 after 9468 usecs
[    8.680609] calling  ohci_pci_init+0x0/0x64 @ 1
[    8.688251] ohci-pci: OHCI PCI platform driver
[    8.695619] initcall ohci_pci_init+0x0/0x64 returned 0 after 7262 usecs
[    8.706079] calling  uhci_hcd_init+0x0/0xa6 @ 1
[    8.713529] uhci_hcd: USB Universal Host Controller Interface driver
[    8.726215] initcall uhci_hcd_init+0x0/0xa6 returned 0 after 12490 usecs
[    8.736624] calling  xhci_hcd_init+0x0/0x1e @ 1
[    8.743908] initcall xhci_hcd_init+0x0/0x1e returned 0 after 82 usecs
[    8.753621] calling  xhci_pci_init+0x0/0x49 @ 1
[    8.760947] initcall xhci_pci_init+0x0/0x49 returned 0 after 229 usecs
[    8.771636] calling  usblp_driver_init+0x0/0x15 @ 1
[    8.780852] usbcore: registered new interface driver usblp
[    8.789129] initcall usblp_driver_init+0x0/0x15 returned 0 after 8666 usecs
[    8.799868] calling  usb_storage_driver_init+0x0/0x2a @ 1
[    8.808988] usbcore: registered new interface driver usb-storage
[    8.818477] initcall usb_storage_driver_init+0x0/0x2a returned 0 after 9387 usecs
[    8.830401] calling  i8042_init+0x0/0x4c2 @ 1
[    8.838568] i8042: PNP: PS/2 Controller [PNP0303:KBD,PNP0f13:MOU] at 0x60,0x64 irq 1,12
[    8.869308] serio: i8042 KBD port at 0x60,0x64 irq 1
[    8.878850] serio: i8042 AUX port at 0x60,0x64 irq 12
[    8.888280] initcall i8042_init+0x0/0x4c2 returned 0 after 49733 usecs
[    8.899195] calling  serport_init+0x0/0x2c @ 1
[    8.907595] initcall serport_init+0x0/0x2c returned 0 after 239 usecs
[    8.919206] calling  input_leds_init+0x0/0xc @ 1
[    8.927962] initcall input_leds_init+0x0/0xc returned 0 after 106 usecs
[    8.940287] calling  evdev_init+0x0/0xc @ 1
[    8.953305] initcall evdev_init+0x0/0xc returned 0 after 6426 usecs
[    8.963649] calling  atkbd_init+0x0/0x21 @ 1
[    8.972709] initcall atkbd_init+0x0/0x21 returned 0 after 136 usecs
[    8.983187] calling  psmouse_init+0x0/0x7f @ 1
[    8.991030] initcall psmouse_init+0x0/0x7f returned 0 after 611 usecs
[    9.001229] calling  cmos_init+0x0/0x73 @ 1
[    9.009565] rtc_cmos 00:04: RTC can wake from S4
[    9.029769] input: AT Translated Set 2 keyboard as /devices/platform/i8042/serio0/input/input1
[    9.086245] ata2: SATA link down (SStatus 0 SControl 300)
[    9.098677] ata5: SATA link down (SStatus 0 SControl 300)
[    9.109884] ata4: SATA link down (SStatus 0 SControl 300)
[    9.121003] ata3: SATA link up 1.5 Gbps (SStatus 113 SControl 300)
[    9.132703] ata3.00: ATAPI: QEMU DVD-ROM, 2.5+, max UDMA/100
[    9.142001] ata3.00: applying bridge limits
[    9.150879] ata3.00: configured for UDMA/100
[    9.162394] ata1: SATA link down (SStatus 0 SControl 300)
[    9.184855] scsi 2:0:0:0: CD-ROM            QEMU     QEMU DVD-ROM     2.5+ PQ: 0 ANSI: 5
[    9.209067] rtc_cmos 00:04: registered as rtc0
[    9.218237] rtc_cmos 00:04: alarms up to one day, y3k, 242 bytes nvram, hpet irqs
[    9.231870] initcall cmos_init+0x0/0x73 returned 0 after 218349 usecs
[    9.243492] calling  smbalert_driver_init+0x0/0xe @ 1
[    9.253138] initcall smbalert_driver_init+0x0/0xe returned 0 after 184 usecs
[    9.264231] calling  i2c_i801_init+0x0/0xc5 @ 1
[    9.283778] i801_smbus 0000:00:1f.3: SMBus using PCI interrupt
[    9.297081] i2c i2c-0: 1/1 memory slots populated (from DMI)
[    9.307130] i2c i2c-0: Memory type 0x07 not supported yet, not instantiating SPD
[    9.318843] initcall i2c_i801_init+0x0/0xc5 returned 0 after 45163 usecs
[    9.329541] calling  ptp_kvm_init+0x0/0xf0 @ 1
[    9.340364] ata6: SATA link down (SStatus 0 SControl 300)
[    9.367608] sr 2:0:0:0: [sr0] scsi3-mmc drive: 4x/4x cd/rw xa/form2 tray
[    9.378902] cdrom: Uniform CD-ROM driver Revision: 3.20
[    9.388732] initcall ptp_kvm_init+0x0/0xf0 returned 0 after 50417 usecs
[    9.399220] calling  dm_init+0x0/0x3c @ 1
[    9.420653] sr 2:0:0:0: Attached scsi CD-ROM sr0
[    9.432835] device-mapper: ioctl: 4.43.0-ioctl (2020-10-01) initialised: dm-devel@redhat.com
[    9.448100] initcall dm_init+0x0/0x3c returned 0 after 41195 usecs
[    9.459093] calling  dm_mirror_init+0x0/0x29 @ 1
[    9.467864] initcall dm_mirror_init+0x0/0x29 returned 0 after 89 usecs
[    9.479137] calling  dm_dirty_log_init+0x0/0x4f @ 1
[    9.488138] initcall dm_dirty_log_init+0x0/0x4f returned 0 after 308 usecs
[    9.500892] calling  dm_zero_init+0x0/0x29 @ 1
[    9.509267] initcall dm_zero_init+0x0/0x29 returned 0 after 3 usecs
[    9.520911] calling  intel_pstate_init+0x0/0x4a4 @ 1
[    9.530330] intel_pstate: CPU model not supported
[    9.538525] initcall intel_pstate_init+0x0/0x4a4 returned -19 after 8173 usecs
[    9.551277] calling  haltpoll_init+0x0/0xc0 @ 1
[    9.559730] initcall haltpoll_init+0x0/0xc0 returned -19 after 42 usecs
[    9.572110] calling  efivars_sysfs_init+0x0/0x30 @ 1
[    9.581368] initcall efivars_sysfs_init+0x0/0x30 returned 0 after 76 usecs
[    9.593956] calling  esrt_sysfs_init+0x0/0x2a2 @ 1
[    9.602393] initcall esrt_sysfs_init+0x0/0x2a2 returned -38 after 1 usecs
[    9.614009] calling  hid_init+0x0/0x5c @ 1
[    9.621720] hid: raw HID events driver (C) Jiri Kosina
[    9.631051] initcall hid_init+0x0/0x5c returned 0 after 9376 usecs
[    9.642366] calling  hid_generic_init+0x0/0x15 @ 1
[    9.650700] initcall hid_generic_init+0x0/0x15 returned 0 after 372 usecs
[    9.662461] calling  a4_driver_init+0x0/0x15 @ 1
[    9.670210] initcall a4_driver_init+0x0/0x15 returned 0 after 43 usecs
[    9.681672] calling  apple_driver_init+0x0/0x15 @ 1
[    9.690579] initcall apple_driver_init+0x0/0x15 returned 0 after 118 usecs
[    9.703085] calling  belkin_driver_init+0x0/0x15 @ 1
[    9.712705] initcall belkin_driver_init+0x0/0x15 returned 0 after 274 usecs
[    9.725296] calling  ch_driver_init+0x0/0x15 @ 1
[    9.733820] initcall ch_driver_init+0x0/0x15 returned 0 after 415 usecs
[    9.745300] calling  ch_driver_init+0x0/0x15 @ 1
[    9.753654] initcall ch_driver_init+0x0/0x15 returned 0 after 58 usecs
[    9.765018] calling  cp_driver_init+0x0/0x15 @ 1
[    9.772871] initcall cp_driver_init+0x0/0x15 returned 0 after 91 usecs
[    9.784201] calling  ez_driver_init+0x0/0x15 @ 1
[    9.791945] initcall ez_driver_init+0x0/0x15 returned 0 after 45 usecs
[    9.802567] calling  gyration_driver_init+0x0/0x15 @ 1
[    9.811448] initcall gyration_driver_init+0x0/0x15 returned 0 after 42 usecs
[    9.821803] calling  ite_driver_init+0x0/0x15 @ 1
[    9.829646] initcall ite_driver_init+0x0/0x15 returned 0 after 43 usecs
[    9.840305] calling  ks_driver_init+0x0/0x15 @ 1
[    9.848685] initcall ks_driver_init+0x0/0x15 returned 0 after 42 usecs
[    9.860119] calling  lg_driver_init+0x0/0x15 @ 1
[    9.868155] initcall lg_driver_init+0x0/0x15 returned 0 after 253 usecs
[    9.879557] calling  lg_g15_driver_init+0x0/0x15 @ 1
[    9.888423] initcall lg_g15_driver_init+0x0/0x15 returned 0 after 317 usecs
[    9.900355] calling  ms_driver_init+0x0/0x15 @ 1
[    9.908711] initcall ms_driver_init+0x0/0x15 returned 0 after 43 usecs
[    9.919994] calling  mr_driver_init+0x0/0x15 @ 1
[    9.928524] initcall mr_driver_init+0x0/0x15 returned 0 after 43 usecs
[    9.939899] calling  ntrig_driver_init+0x0/0x15 @ 1
[    9.948837] initcall ntrig_driver_init+0x0/0x15 returned 0 after 454 usecs
[    9.960715] calling  pl_driver_init+0x0/0x15 @ 1
[    9.968288] initcall pl_driver_init+0x0/0x15 returned 0 after 42 usecs
[    9.979734] calling  pl_driver_init+0x0/0x15 @ 1
[    9.987746] initcall pl_driver_init+0x0/0x15 returned 0 after 106 usecs
[    9.999993] calling  redragon_driver_init+0x0/0x15 @ 1
[   10.009175] initcall redragon_driver_init+0x0/0x15 returned 0 after 49 usecs
[   10.021607] calling  samsung_driver_init+0x0/0x15 @ 1
[   10.030750] initcall samsung_driver_init+0x0/0x15 returned 0 after 86 usecs
[   10.043569] calling  sony_init+0x0/0x38 @ 1
[   10.052557] initcall sony_init+0x0/0x38 returned 0 after 170 usecs
[   10.063651] calling  sp_driver_init+0x0/0x15 @ 1
[   10.071911] initcall sp_driver_init+0x0/0x15 returned 0 after 135 usecs
[   10.082859] calling  ts_driver_init+0x0/0x15 @ 1
[   10.090790] initcall ts_driver_init+0x0/0x15 returned 0 after 54 usecs
[   10.102162] calling  hid_init+0x0/0x58 @ 1
[   10.109653] usbcore: registered new interface driver usbhid
[   10.119417] usbhid: USB HID core driver
[   10.126339] initcall hid_init+0x0/0x58 returned 0 after 16540 usecs
[   10.137697] calling  eeepc_laptop_init+0x0/0x57 @ 1
[   10.147115] initcall eeepc_laptop_init+0x0/0x57 returned -19 after 323 usecs
[   10.159427] calling  pmc_atom_init+0x0/0x27a @ 1
[   10.168096] initcall pmc_atom_init+0x0/0x27a returned -19 after 10 usecs
[   10.180315] calling  alsa_hwdep_init+0x0/0x5e @ 1
[   10.189768] initcall alsa_hwdep_init+0x0/0x5e returned 0 after 620 usecs
[   10.201331] calling  alsa_timer_init+0x0/0x1f9 @ 1
[   10.234695] sr 2:0:0:0: Attached scsi generic sg0 type 5
[   10.486744] input: ImExPS/2 Generic Explorer Mouse as /devices/platform/i8042/serio1/input/input3
[   11.119833] initcall alsa_timer_init+0x0/0x1f9 returned 0 after 887383 usecs
[   11.132485] calling  snd_hrtimer_init+0x0/0x117 @ 1
[   11.140254] initcall snd_hrtimer_init+0x0/0x117 returned 0 after 7 usecs
[   11.150770] calling  alsa_pcm_init+0x0/0x64 @ 1
[   11.158336] initcall alsa_pcm_init+0x0/0x64 returned 0 after 59 usecs
[   11.169425] calling  alsa_seq_init+0x0/0x4a @ 1
[   11.238219] initcall alsa_seq_init+0x0/0x4a returned 0 after 59438 usecs
[   11.248745] calling  alsa_seq_dummy_init+0x0/0x9c @ 1
[   11.256639] initcall alsa_seq_dummy_init+0x0/0x9c returned 0 after 136 usecs
[   11.267734] calling  azx_driver_init+0x0/0x15 @ 1
[   11.275845] initcall azx_driver_init+0x0/0x15 returned 0 after 186 usecs
[   11.285854] calling  sock_diag_init+0x0/0x2a @ 1
[   11.300069] initcall sock_diag_init+0x0/0x2a returned 0 after 2376 usecs
[   11.313594] calling  blackhole_init+0x0/0xc @ 1
[   11.320177] initcall blackhole_init+0x0/0xc returned 0 after 98 usecs
[   11.335587] calling  nfnetlink_init+0x0/0x61 @ 1
[   11.343558] initcall nfnetlink_init+0x0/0x61 returned 0 after 194 usecs
[   11.353418] calling  nfnetlink_log_init+0x0/0x99 @ 1
[   11.378732] initcall nfnetlink_log_init+0x0/0x99 returned 0 after 352 usecs
[   11.391850] calling  nf_conntrack_standalone_init+0x0/0x87 @ 1
[   11.401544] initcall nf_conntrack_standalone_init+0x0/0x87 returned 0 after 1432 usecs
[   11.412856] calling  ctnetlink_init+0x0/0x83 @ 1
[   11.420663] initcall ctnetlink_init+0x0/0x83 returned 0 after 49 usecs
[   11.430041] calling  nf_conntrack_ftp_init+0x0/0x12c @ 1
[   11.441607] initcall nf_conntrack_ftp_init+0x0/0x12c returned 0 after 45 usecs
[   11.453238] calling  nf_conntrack_irc_init+0x0/0x129 @ 1
[   11.461545] initcall nf_conntrack_irc_init+0x0/0x129 returned 0 after 102 usecs
[   11.478378] calling  nf_conntrack_sip_init+0x0/0x172 @ 1
[   11.491130] initcall nf_conntrack_sip_init+0x0/0x172 returned 0 after 13 usecs
[   11.501514] calling  nf_nat_init+0x0/0xf0 @ 1
[   11.508702] initcall nf_nat_init+0x0/0xf0 returned 0 after 794 usecs
[   11.518202] calling  nf_nat_ftp_init+0x0/0x2a @ 1
[   11.524921] initcall nf_nat_ftp_init+0x0/0x2a returned 0 after 68 usecs
[   11.534842] calling  nf_nat_irc_init+0x0/0x2a @ 1
[   11.541339] initcall nf_nat_irc_init+0x0/0x2a returned 0 after 2 usecs
[   11.554908] calling  nf_nat_sip_init+0x0/0x36 @ 1
[   11.570718] initcall nf_nat_sip_init+0x0/0x36 returned 0 after 4 usecs
[   11.582507] calling  xt_init+0x0/0x113 @ 1
[   11.589193] initcall xt_init+0x0/0x113 returned 0 after 102 usecs
[   11.599593] calling  tcpudp_mt_init+0x0/0x11 @ 1
[   11.607209] initcall tcpudp_mt_init+0x0/0x11 returned 0 after 170 usecs
[   11.620171] calling  connsecmark_tg_init+0x0/0xc @ 1
[   11.627742] initcall connsecmark_tg_init+0x0/0xc returned 0 after 18 usecs
[   11.641368] calling  nflog_tg_init+0x0/0xc @ 1
[   11.648377] initcall nflog_tg_init+0x0/0xc returned 0 after 3 usecs
[   11.658517] calling  secmark_tg_init+0x0/0x11 @ 1
[   11.665540] initcall secmark_tg_init+0x0/0x11 returned 0 after 3 usecs
[   11.675044] calling  tcpmss_tg_init+0x0/0x11 @ 1
[   11.681645] initcall tcpmss_tg_init+0x0/0x11 returned 0 after 4 usecs
[   11.690796] calling  conntrack_mt_init+0x0/0x11 @ 1
[   11.699385] initcall conntrack_mt_init+0x0/0x11 returned 0 after 4 usecs
[   11.709186] calling  policy_mt_init+0x0/0x11 @ 1
[   11.715693] initcall policy_mt_init+0x0/0x11 returned 0 after 3 usecs
[   11.726069] calling  state_mt_init+0x0/0xc @ 1
[   11.732721] initcall state_mt_init+0x0/0xc returned 0 after 2 usecs
[   11.743094] calling  gre_offload_init+0x0/0x48 @ 1
[   11.754617] initcall gre_offload_init+0x0/0x48 returned 0 after 165 usecs
[   11.764161] calling  sysctl_ipv4_init+0x0/0x46 @ 1
[   11.771982] initcall sysctl_ipv4_init+0x0/0x46 returned 0 after 180 usecs
[   11.781012] calling  tunnel4_init+0x0/0x58 @ 1
[   11.791002] initcall tunnel4_init+0x0/0x58 returned 0 after 56 usecs
[   11.799483] calling  nf_defrag_init+0x0/0xc @ 1
[   11.806626] initcall nf_defrag_init+0x0/0xc returned 0 after 2 usecs
[   11.816872] calling  ip_tables_init+0x0/0x8d @ 1
[   11.823950] initcall ip_tables_init+0x0/0x8d returned 0 after 57 usecs
[   11.833957] calling  iptable_filter_init+0x0/0x4c @ 1
[   11.842665] initcall iptable_filter_init+0x0/0x4c returned 0 after 1103 usecs
[   11.853588] calling  iptable_mangle_init+0x0/0xb8 @ 1
[   11.860943] initcall iptable_mangle_init+0x0/0xb8 returned 0 after 162 usecs
[   11.872100] calling  reject_tg_init+0x0/0xc @ 1
[   11.882360] initcall reject_tg_init+0x0/0xc returned 0 after 3 usecs
[   11.891661] calling  cubictcp_register+0x0/0x53 @ 1
[   11.898892] initcall cubictcp_register+0x0/0x53 returned 0 after 2 usecs
[   11.909255] calling  xfrm_user_init+0x0/0x45 @ 1
[   11.919505] Initializing XFRM netlink socket
[   11.926220] initcall xfrm_user_init+0x0/0x45 returned 0 after 6555 usecs
[   11.938142] calling  inet6_init+0x0/0x35e @ 1
[   11.946091] NET: Registered protocol family 10
[   11.959238] rcu-torture: rcu_torture_read_exit: End of episode
[   11.973591] Segment Routing with IPv6
[   11.979315] initcall inet6_init+0x0/0x35e returned 0 after 33832 usecs
[   11.989093] calling  ah6_init+0x0/0x71 @ 1
[   11.995508] initcall ah6_init+0x0/0x71 returned 0 after 51 usecs
[   12.004510] calling  esp6_init+0x0/0x71 @ 1
[   12.010992] initcall esp6_init+0x0/0x71 returned 0 after 3 usecs
[   12.020241] calling  ip6_tables_init+0x0/0x8d @ 1
[   12.027284] initcall ip6_tables_init+0x0/0x8d returned 0 after 17 usecs
[   12.036687] calling  ip6table_filter_init+0x0/0x4c @ 1
[   12.044797] initcall ip6table_filter_init+0x0/0x4c returned 0 after 127 usecs
[   12.055747] calling  ip6table_mangle_init+0x0/0xb8 @ 1
[   12.064155] initcall ip6table_mangle_init+0x0/0xb8 returned 0 after 119 usecs
[   12.074623] calling  nf_defrag_init+0x0/0x45 @ 1
[   12.082308] initcall nf_defrag_init+0x0/0x45 returned 0 after 47 usecs
[   12.092963] calling  ipv6header_mt6_init+0x0/0xc @ 1
[   12.100178] initcall ipv6header_mt6_init+0x0/0xc returned 0 after 3 usecs
[   12.115205] calling  reject_tg6_init+0x0/0xc @ 1
[   12.122064] initcall reject_tg6_init+0x0/0xc returned 0 after 2 usecs
[   12.132820] calling  sit_init+0x0/0xc3 @ 1
[   12.139143] sit: IPv6, IPv4 and MPLS over IPv4 tunneling driver
[   12.149290] initcall sit_init+0x0/0xc3 returned 0 after 9905 usecs
[   12.158250] calling  packet_init+0x0/0x75 @ 1
[   12.164653] NET: Registered protocol family 17
