c[?7l[2J[0mSeaBIOS (version 1.16.0-debian-1.16.0-4)
Booting from ROM...
early console in setup code
c[?7l[2J[    0.000000] Linux version 5.10.153+ (root@joelboxx.c.googlers.com) (gcc (Debian 12.2.0-3) 12.2.0, GNU ld (GNU Binutils for Debian) 2.39) #19 PREEMPT Tue Dec 13 07:34:03 UTC 2022
[    0.000000] Command line: selinux=0 initcall_debug debug console=ttyS0 rcutorture.n_barrier_cbs=4 rcutorture.stat_interval=15 rcutorture.shutdown_secs=1800 rcutorture.test_no_idle_hz=1 rcutorture.verbose=1
[    0.000000] x86/fpu: x87 FPU will use FXSAVE
[    0.000000] BIOS-provided physical RAM map:
[    0.000000] BIOS-e820: [mem 0x0000000000000000-0x000000000009fbff] usable
[    0.000000] BIOS-e820: [mem 0x000000000009fc00-0x000000000009ffff] reserved
[    0.000000] BIOS-e820: [mem 0x00000000000f0000-0x00000000000fffff] reserved
[    0.000000] BIOS-e820: [mem 0x0000000000100000-0x000000001ffdefff] usable
[    0.000000] BIOS-e820: [mem 0x000000001ffdf000-0x000000001fffffff] reserved
[    0.000000] BIOS-e820: [mem 0x00000000b0000000-0x00000000bfffffff] reserved
[    0.000000] BIOS-e820: [mem 0x00000000fed1c000-0x00000000fed1ffff] reserved
[    0.000000] BIOS-e820: [mem 0x00000000feffc000-0x00000000feffffff] reserved
[    0.000000] BIOS-e820: [mem 0x00000000fffc0000-0x00000000ffffffff] reserved
[    0.000000] NX (Execute Disable) protection: active
[    0.000000] SMBIOS 2.8 present.
[    0.000000] DMI: QEMU Standard PC (Q35 + ICH9, 2009), BIOS 1.16.0-debian-1.16.0-4 04/01/2014
[    0.000000] Hypervisor detected: KVM
[    0.000000] kvm-clock: Using msrs 4b564d01 and 4b564d00
[    0.000000] kvm-clock: cpu 0, msr 14466001, primary cpu clock
[    0.000001] kvm-clock: using sched offset of 2760981512 cycles
[    0.000235] clocksource: kvm-clock: mask: 0xffffffffffffffff max_cycles: 0x1cd42e4dffb, max_idle_ns: 881590591483 ns
[    0.000328] tsc: Detected 1999.999 MHz processor
[    0.011621] e820: update [mem 0x00000000-0x00000fff] usable ==> reserved
[    0.011626] e820: remove [mem 0x000a0000-0x000fffff] usable
[    0.011633] last_pfn = 0x1ffdf max_arch_pfn = 0x400000000
[    0.012564] MTRR default type: write-back
[    0.012639] MTRR fixed ranges enabled:
[    0.012640]   00000-9FFFF write-back
[    0.012642]   A0000-BFFFF uncachable
[    0.012643]   C0000-FFFFF write-protect
[    0.012644] MTRR variable ranges enabled:
[    0.012645]   0 base 00C0000000 mask FFC0000000 uncachable
[    0.012646]   1 disabled
[    0.012647]   2 disabled
[    0.012648]   3 disabled
[    0.012649]   4 disabled
[    0.012650]   5 disabled
[    0.012651]   6 disabled
[    0.012652]   7 disabled
[    0.013186] x86/PAT: Configuration [0-7]: WB  WC  UC- UC  WB  WC  UC- UC  
[    0.022490] found SMP MP-table at [mem 0x000f5ba0-0x000f5baf]
[    0.024367] check: Scanning 1 areas for low memory corruption
[    0.035566] ACPI: Early table checksum verification disabled
[    0.037586] ACPI: RSDP 0x00000000000F59E0 000014 (v00 BOCHS )
[    0.037931] ACPI: RSDT 0x000000001FFE229A 000038 (v01 BOCHS  BXPC     00000001 BXPC 00000001)
[    0.038238] ACPI: FACP 0x000000001FFE2092 0000F4 (v03 BOCHS  BXPC     00000001 BXPC 00000001)
[    0.038350] ACPI: DSDT 0x000000001FFE0040 002052 (v01 BOCHS  BXPC     00000001 BXPC 00000001)
[    0.038355] ACPI: FACS 0x000000001FFE0000 000040
[    0.038359] ACPI: APIC 0x000000001FFE2186 000078 (v01 BOCHS  BXPC     00000001 BXPC 00000001)
[    0.038363] ACPI: HPET 0x000000001FFE21FE 000038 (v01 BOCHS  BXPC     00000001 BXPC 00000001)
[    0.038367] ACPI: MCFG 0x000000001FFE2236 00003C (v01 BOCHS  BXPC     00000001 BXPC 00000001)
[    0.038371] ACPI: WAET 0x000000001FFE2272 000028 (v01 BOCHS  BXPC     00000001 BXPC 00000001)
[    0.038376] ACPI: Reserving FACP table memory at [mem 0x1ffe2092-0x1ffe2185]
[    0.038378] ACPI: Reserving DSDT table memory at [mem 0x1ffe0040-0x1ffe2091]
[    0.038379] ACPI: Reserving FACS table memory at [mem 0x1ffe0000-0x1ffe003f]
[    0.038380] ACPI: Reserving APIC table memory at [mem 0x1ffe2186-0x1ffe21fd]
[    0.038381] ACPI: Reserving HPET table memory at [mem 0x1ffe21fe-0x1ffe2235]
[    0.038450] ACPI: Reserving MCFG table memory at [mem 0x1ffe2236-0x1ffe2271]
[    0.038452] ACPI: Reserving WAET table memory at [mem 0x1ffe2272-0x1ffe2299]
[    0.039358] ACPI: Local APIC address 0xfee00000
[    0.041632] Zone ranges:
[    0.041796]   DMA      [mem 0x0000000000001000-0x0000000000ffffff]
[    0.041970]   DMA32    [mem 0x0000000001000000-0x000000001ffdefff]
[    0.041972]   Normal   empty
[    0.041974] Movable zone start for each node
[    0.041974] Early memory node ranges
[    0.041976]   node   0: [mem 0x0000000000001000-0x000000000009efff]
[    0.042011]   node   0: [mem 0x0000000000100000-0x000000001ffdefff]
[    0.042036] Initmem setup node 0 [mem 0x0000000000001000-0x000000001ffdefff]
[    0.042038] On node 0 totalpages: 130941
[    0.042123]   DMA zone: 64 pages used for memmap
[    0.042124]   DMA zone: 21 pages reserved
[    0.042180]   DMA zone: 3998 pages, LIFO batch:0
[    0.042181]   DMA32 zone: 1984 pages used for memmap
[    0.042183]   DMA32 zone: 126943 pages, LIFO batch:31
[    0.045398] On node 0, zone DMA: 1 pages in unavailable ranges
[    0.048622] On node 0, zone DMA: 97 pages in unavailable ranges
[    0.139734] On node 0, zone DMA32: 33 pages in unavailable ranges
[    0.143867] ACPI: PM-Timer IO Port: 0x608
[    0.143874] ACPI: Local APIC address 0xfee00000
[    0.144136] ACPI: LAPIC_NMI (acpi_id[0xff] dfl dfl lint[0x1])
[    0.145409] IOAPIC[0]: apic_id 0, version 17, address 0xfec00000, GSI 0-23
[    0.145497] ACPI: INT_SRC_OVR (bus 0 bus_irq 0 global_irq 2 dfl dfl)
[    0.145620] ACPI: INT_SRC_OVR (bus 0 bus_irq 5 global_irq 5 high level)
[    0.145622] ACPI: INT_SRC_OVR (bus 0 bus_irq 9 global_irq 9 high level)
[    0.145750] ACPI: INT_SRC_OVR (bus 0 bus_irq 10 global_irq 10 high level)
[    0.145751] ACPI: INT_SRC_OVR (bus 0 bus_irq 11 global_irq 11 high level)
[    0.145753] ACPI: IRQ0 used by override.
[    0.145754] ACPI: IRQ5 used by override.
[    0.145755] ACPI: IRQ9 used by override.
[    0.145756] ACPI: IRQ10 used by override.
[    0.145757] ACPI: IRQ11 used by override.
[    0.145759] Using ACPI (MADT) for SMP configuration information
[    0.145762] ACPI: HPET id: 0x8086a201 base: 0xfed00000
[    0.146900] kvm-guest: stealtime: cpu 0, msr 13c4c780
[    0.148150] PM: hibernation: Registered nosave memory: [mem 0x00000000-0x00000fff]
[    0.148153] PM: hibernation: Registered nosave memory: [mem 0x0009f000-0x0009ffff]
[    0.148155] PM: hibernation: Registered nosave memory: [mem 0x000a0000-0x000effff]
[    0.148156] PM: hibernation: Registered nosave memory: [mem 0x000f0000-0x000fffff]
[    0.148202] [mem 0x20000000-0xafffffff] available for PCI devices
[    0.148254] Booting paravirtualized kernel on KVM
[    0.149212] clocksource: refined-jiffies: mask: 0xffffffff max_cycles: 0xffffffff, max_idle_ns: 1910969940391419 ns
[    0.178791] pcpu-alloc: s0 r0 d32768 u32768 alloc=1*32768
[    0.178827] pcpu-alloc: [0] 0 
[    0.179112] Built 1 zonelists, mobility grouping on.  Total pages: 128872
[    0.179218] Kernel command line: selinux=0 initcall_debug debug console=ttyS0 rcutorture.n_barrier_cbs=4 rcutorture.stat_interval=15 rcutorture.shutdown_secs=1800 rcutorture.test_no_idle_hz=1 rcutorture.verbose=1
[    0.194771] Dentry cache hash table entries: 65536 (order: 7, 524288 bytes, linear)
[    0.198751] Inode-cache hash table entries: 32768 (order: 6, 262144 bytes, linear)
[    0.199718] mem auto-init: stack:all(zero), heap alloc:off, heap free:off
[    0.205605] Memory: 481560K/523764K available (14349K kernel code, 2617K rwdata, 4632K rodata, 1260K init, 1736K bss, 41944K reserved, 0K cma-reserved)
[    0.206268] SLUB: HWalign=64, Order=0-3, MinObjects=0, CPUs=1, Nodes=1
[    0.206676] Kernel/User page tables isolation: enabled
[    0.212743] rcu: Preemptible hierarchical RCU implementation.
[    0.212858] 	Trampoline variant of Tasks RCU enabled.
[    0.212860] 	Rude variant of Tasks RCU enabled.
[    0.212860] 	Tracing variant of Tasks RCU enabled.
[    0.213035] rcu: RCU calculated value of scheduler-enlistment delay is 100 jiffies.
[    0.227509] NR_IRQS: 4352, nr_irqs: 256, preallocated irqs: 16
[    0.231049] calling  con_init+0x0/0x22a @ 0
[    0.340833] Console: colour VGA+ 80x25
[    0.340848] initcall con_init+0x0/0x22a returned 0 after 0 usecs
[    0.340850] calling  hvc_console_init+0x0/0x13 @ 0
[    0.340897] initcall hvc_console_init+0x0/0x13 returned 0 after 0 usecs
[    0.340898] calling  univ8250_console_init+0x0/0x26 @ 0
[    1.212107] printk: console [ttyS0] enabled
[    1.218608] initcall univ8250_console_init+0x0/0x26 returned 0 after 0 usecs
[    1.227077] ACPI: Core revision 20200925
[    1.234205] clocksource: hpet: mask: 0xffffffff max_cycles: 0xffffffff, max_idle_ns: 19112604467 ns
[    1.246194] APIC: Switch to symmetric I/O mode setup
[    1.268665] ..TIMER: vector=0x30 apic1=0 pin1=2 apic2=-1 pin2=-1
[    1.277378] clocksource: tsc-early: mask: 0xffffffffffffffff max_cycles: 0x39a85afc727, max_idle_ns: 881590685098 ns
[    1.291569] Calibrating delay loop (skipped) preset value.. 3999.99 BogoMIPS (lpj=1999999)
[    1.293243] pid_max: default: 32768 minimum: 301
[    1.295495] LSM: Security Framework initializing
[    1.296500] Mount-cache hash table entries: 1024 (order: 1, 8192 bytes, linear)
[    1.297208] Mountpoint-cache hash table entries: 1024 (order: 1, 8192 bytes, linear)
[    1.304404] Last level iTLB entries: 4KB 0, 2MB 0, 4MB 0
[    1.305204] Last level dTLB entries: 4KB 0, 2MB 0, 4MB 0, 1GB 0
[    1.307216] CPU: Intel Common KVM processor (family: 0xf, model: 0x6, stepping: 0x1)
[    1.308245] Spectre V1 : Mitigation: usercopy/swapgs barriers and __user pointer sanitization
[    1.309208] Spectre V2 : Mitigation: Retpolines
[    1.310206] Spectre V2 : Spectre v2 / SpectreRSB mitigation: Filling RSB on context switch
[    1.311207] Spectre V2 : Spectre v2 / SpectreRSB : Filling RSB on VMEXIT
[    1.312206] Speculative Store Bypass: Vulnerable
[    1.313305] MDS: Vulnerable: Clear CPU buffers attempted, no microcode
[    1.314204] MMIO Stale Data: Unknown: No mitigations
[    1.367132] calling  init_hw_perf_events+0x0/0x6ce @ 1
[    1.367206] Performance Events: unsupported Netburst CPU model 6 no PMU driver, software events only.
[    1.368246] initcall init_hw_perf_events+0x0/0x6ce returned 0 after 976 usecs
[    1.370221] calling  init_real_mode+0x0/0x1e9 @ 1
[    1.371621] initcall init_real_mode+0x0/0x1e9 returned 0 after 0 usecs
[    1.372211] calling  trace_init_perf_perm_irq_work_exit+0x0/0x12 @ 1
[    1.373225] initcall trace_init_perf_perm_irq_work_exit+0x0/0x12 returned 0 after 0 usecs
[    1.374227] calling  validate_x2apic+0x0/0x4a @ 1
[    1.375231] initcall validate_x2apic+0x0/0x4a returned 0 after 0 usecs
[    1.377245] calling  register_nmi_cpu_backtrace_handler+0x0/0x15 @ 1
[    1.378209] initcall register_nmi_cpu_backtrace_handler+0x0/0x15 returned 0 after 0 usecs
[    1.379208] calling  kvm_setup_vsyscall_timeinfo+0x0/0x34 @ 1
[    1.380208] initcall kvm_setup_vsyscall_timeinfo+0x0/0x34 returned 0 after 0 usecs
[    1.381207] calling  spawn_ksoftirqd+0x0/0x34 @ 1
[    1.382279] initcall spawn_ksoftirqd+0x0/0x34 returned 0 after 0 usecs
[    1.383208] calling  srcu_bootup_announce+0x0/0x2f @ 1
[    1.384224] rcu: Hierarchical SRCU implementation.
[    1.385207] initcall srcu_bootup_announce+0x0/0x2f returned 0 after 976 usecs
[    1.386238] calling  rcu_spawn_gp_kthread+0x0/0x195 @ 1
[    1.387249] initcall rcu_spawn_gp_kthread+0x0/0x195 returned 0 after 0 usecs
[    1.388207] calling  check_cpu_stall_init+0x0/0x1a @ 1
[    1.389207] initcall check_cpu_stall_init+0x0/0x1a returned 0 after 0 usecs
[    1.390209] calling  rcu_sysrq_init+0x0/0x21 @ 1
[    1.391213] initcall rcu_sysrq_init+0x0/0x21 returned 0 after 0 usecs
[    1.392208] calling  trace_init_flags_sys_enter+0x0/0xe @ 1
[    1.393207] initcall trace_init_flags_sys_enter+0x0/0xe returned 0 after 0 usecs
[    1.394207] calling  trace_init_flags_sys_exit+0x0/0xe @ 1
[    1.395206] initcall trace_init_flags_sys_exit+0x0/0xe returned 0 after 0 usecs
[    1.396207] calling  init_kprobes+0x0/0x14d @ 1
[    1.398366] initcall init_kprobes+0x0/0x14d returned 0 after 976 usecs
[    1.399207] calling  init_events+0x0/0x3d @ 1
[    1.401210] initcall init_events+0x0/0x3d returned 0 after 976 usecs
[    1.402207] calling  init_trace_printk+0x0/0xc @ 1
[    1.403207] initcall init_trace_printk+0x0/0xc returned 0 after 0 usecs
[    1.404207] calling  event_trace_enable_again+0x0/0x23 @ 1
[    1.406207] initcall event_trace_enable_again+0x0/0x23 returned 0 after 976 usecs
[    1.407207] calling  static_call_init+0x0/0x6d @ 1
[    1.408206] initcall static_call_init+0x0/0x6d returned 0 after 0 usecs
[    1.409207] calling  jump_label_init_module+0x0/0xc @ 1
[    1.410207] initcall jump_label_init_module+0x0/0xc returned 0 after 0 usecs
[    1.412206] calling  init_zero_pfn+0x0/0x37 @ 1
[    1.413206] initcall init_zero_pfn+0x0/0x37 returned 0 after 0 usecs
[    1.414208] calling  initialize_ptr_random+0x0/0x54 @ 1
[    1.415209] initcall initialize_ptr_random+0x0/0x54 returned 0 after 0 usecs
[    1.416223] calling  efi_memreserve_root_init+0x0/0x25 @ 1
[    1.417273] initcall efi_memreserve_root_init+0x0/0x25 returned 0 after 0 usecs
[    1.418208] calling  efi_earlycon_remap_fb+0x0/0x51 @ 1
[    1.420206] initcall efi_earlycon_remap_fb+0x0/0x51 returned 0 after 0 usecs
[    1.528208] devtmpfs: initialized
[    1.531746] calling  ipc_ns_init+0x0/0x3d @ 1
[    1.532267] initcall ipc_ns_init+0x0/0x3d returned 0 after 0 usecs
[    1.533229] calling  init_mmap_min_addr+0x0/0x21 @ 1
[    1.534210] initcall init_mmap_min_addr+0x0/0x21 returned 0 after 0 usecs
[    1.535211] calling  pci_realloc_setup_params+0x0/0x3f @ 1
[    1.536210] initcall pci_realloc_setup_params+0x0/0x3f returned 0 after 0 usecs
[    1.537228] calling  net_ns_init+0x0/0x13f @ 1
[    1.538331] initcall net_ns_init+0x0/0x13f returned 0 after 0 usecs
[    1.539223] calling  e820__register_nvs_regions+0x0/0x37 @ 1
[    1.540209] initcall e820__register_nvs_regions+0x0/0x37 returned 0 after 0 usecs
[    1.541208] calling  cpufreq_register_tsc_scaling+0x0/0x2e @ 1
[    1.542219] initcall cpufreq_register_tsc_scaling+0x0/0x2e returned 0 after 0 usecs
[    1.543207] calling  reboot_init+0x0/0x3c @ 1
[    1.544298] initcall reboot_init+0x0/0x3c returned 0 after 0 usecs
[    1.545209] calling  init_lapic_sysfs+0x0/0x20 @ 1
[    1.546209] initcall init_lapic_sysfs+0x0/0x20 returned 0 after 0 usecs
[    1.547208] calling  wq_sysfs_init+0x0/0x2a @ 1
[    1.548286] initcall wq_sysfs_init+0x0/0x2a returned 0 after 0 usecs
[    1.549209] calling  ksysfs_init+0x0/0x92 @ 1
[    1.550223] initcall ksysfs_init+0x0/0x92 returned 0 after 0 usecs
[    1.551216] calling  pm_init+0x0/0x76 @ 1
[    1.552257] initcall pm_init+0x0/0x76 returned 0 after 0 usecs
[    1.553208] calling  pm_disk_init+0x0/0x13 @ 1
[    1.554287] initcall pm_disk_init+0x0/0x13 returned 0 after 0 usecs
[    1.555206] calling  swsusp_header_init+0x0/0x2b @ 1
[    1.556208] initcall swsusp_header_init+0x0/0x2b returned 0 after 0 usecs
[    1.557206] calling  rcu_set_runtime_mode+0x0/0x16 @ 1
[    1.558208] initcall rcu_set_runtime_mode+0x0/0x16 returned 0 after 0 usecs
[    1.559208] calling  init_jiffies_clocksource+0x0/0x13 @ 1
[    1.560205] clocksource: jiffies: mask: 0xffffffff max_cycles: 0xffffffff, max_idle_ns: 1911260446275000 ns
[    1.561207] initcall init_jiffies_clocksource+0x0/0x13 returned 0 after 976 usecs
[    1.562205] calling  futex_init+0x0/0xd5 @ 1
[    1.563206] futex hash table entries: 256 (order: 0, 6144 bytes, linear)
[    1.565222] initcall futex_init+0x0/0xd5 returned 0 after 1953 usecs
[    1.566206] calling  cgroup_wq_init+0x0/0x28 @ 1
[    1.567212] initcall cgroup_wq_init+0x0/0x28 returned 0 after 0 usecs
[    1.568207] calling  cgroup1_wq_init+0x0/0x28 @ 1
[    1.569213] initcall cgroup1_wq_init+0x0/0x28 returned 0 after 0 usecs
[    1.570205] calling  init_kprobe_trace_early+0x0/0x2a @ 1
[    1.571224] initcall init_kprobe_trace_early+0x0/0x2a returned 0 after 0 usecs
[    1.572205] calling  fsnotify_init+0x0/0x48 @ 1
[    1.573215] initcall fsnotify_init+0x0/0x48 returned 0 after 0 usecs
[    1.574206] calling  filelock_init+0x0/0x60 @ 1
[    1.575246] initcall filelock_init+0x0/0x60 returned 0 after 0 usecs
[    1.576205] calling  init_misc_binfmt+0x0/0x2c @ 1
[    1.577223] initcall init_misc_binfmt+0x0/0x2c returned 0 after 0 usecs
[    1.578206] calling  init_script_binfmt+0x0/0x15 @ 1
[    1.579207] initcall init_script_binfmt+0x0/0x15 returned 0 after 0 usecs
[    1.580208] calling  init_elf_binfmt+0x0/0x15 @ 1
[    1.581209] initcall init_elf_binfmt+0x0/0x15 returned 0 after 0 usecs
[    1.582207] calling  init_compat_elf_binfmt+0x0/0x15 @ 1
[    1.583206] initcall init_compat_elf_binfmt+0x0/0x15 returned 0 after 0 usecs
[    1.584209] calling  debugfs_init+0x0/0x5c @ 1
[    1.585236] initcall debugfs_init+0x0/0x5c returned 0 after 0 usecs
[    1.586211] calling  tracefs_init+0x0/0x3a @ 1
[    1.587243] initcall tracefs_init+0x0/0x3a returned 0 after 0 usecs
[    1.588211] calling  prandom_init_early+0x0/0x111 @ 1
[    1.589212] initcall prandom_init_early+0x0/0x111 returned 0 after 0 usecs
[    1.590291] calling  virtio_init+0x0/0x20 @ 1
[    1.591253] initcall virtio_init+0x0/0x20 returned 0 after 0 usecs
[    1.592210] calling  iommu_init+0x0/0x2a @ 1
[    1.593261] initcall iommu_init+0x0/0x2a returned 0 after 0 usecs
[    1.594209] calling  component_debug_init+0x0/0x1c @ 1
[    1.596282] initcall component_debug_init+0x0/0x1c returned 0 after 976 usecs
[    1.597216] calling  early_resume_init+0x0/0xb9 @ 1
[    1.599204] PM: RTC time: 07:34:33, date: 2022-12-13
[    1.600210] initcall early_resume_init+0x0/0xb9 returned 0 after 1953 usecs
[    1.601209] calling  cpufreq_core_init+0x0/0x62 @ 1
[    1.602252] initcall cpufreq_core_init+0x0/0x62 returned 0 after 0 usecs
[    1.603209] calling  cpufreq_gov_performance_init+0x0/0xc @ 1
[    1.604210] initcall cpufreq_gov_performance_init+0x0/0xc returned 0 after 0 usecs
[    1.605212] calling  cpufreq_gov_userspace_init+0x0/0xc @ 1
[    1.606213] initcall cpufreq_gov_userspace_init+0x0/0xc returned 0 after 0 usecs
[    1.607211] calling  CPU_FREQ_GOV_ONDEMAND_init+0x0/0xc @ 1
[    1.608211] initcall CPU_FREQ_GOV_ONDEMAND_init+0x0/0xc returned 0 after 0 usecs
[    1.609210] calling  cpuidle_init+0x0/0x1f @ 1
[    1.610252] initcall cpuidle_init+0x0/0x1f returned 0 after 0 usecs
[    1.611207] calling  capsule_reboot_register+0x0/0xc @ 1
[    1.612222] initcall capsule_reboot_register+0x0/0xc returned 0 after 0 usecs
[    1.613206] calling  sock_init+0x0/0x93 @ 1
[    1.614478] initcall sock_init+0x0/0x93 returned 0 after 0 usecs
[    1.615210] calling  net_inuse_init+0x0/0x23 @ 1
[    1.616215] initcall net_inuse_init+0x0/0x23 returned 0 after 0 usecs
[    1.617209] calling  net_defaults_init+0x0/0x23 @ 1
[    1.618210] initcall net_defaults_init+0x0/0x23 returned 0 after 0 usecs
[    1.619208] calling  init_default_flow_dissectors+0x0/0x4f @ 1
[    1.620210] initcall init_default_flow_dissectors+0x0/0x4f returned 0 after 0 usecs
[    1.621209] calling  netpoll_init+0x0/0x25 @ 1
[    1.622208] initcall netpoll_init+0x0/0x25 returned 0 after 0 usecs
[    1.624207] calling  netlink_proto_init+0x0/0x14f @ 1
[    1.625348] NET: Registered protocol family 16
[    1.626241] initcall netlink_proto_init+0x0/0x14f returned 0 after 976 usecs
[    1.627208] calling  genl_init+0x0/0x35 @ 1
[    1.628219] initcall genl_init+0x0/0x35 returned 0 after 0 usecs
[    1.629224] calling  bsp_pm_check_init+0x0/0x13 @ 1
[    1.630209] initcall bsp_pm_check_init+0x0/0x13 returned 0 after 0 usecs
[    1.631266] calling  irq_sysfs_init+0x0/0xb7 @ 1
[    1.632276] initcall irq_sysfs_init+0x0/0xb7 returned 0 after 0 usecs
[    1.633210] calling  audit_init+0x0/0x15d @ 1
[    1.634230] audit: initializing netlink subsys (disabled)
[    1.635299] initcall audit_init+0x0/0x15d returned 0 after 976 usecs
[    1.636223] calling  release_early_probes+0x0/0x32 @ 1
[    1.637208] initcall release_early_probes+0x0/0x32 returned 0 after 0 usecs
[    1.638211] calling  bdi_class_init+0x0/0x48 @ 1
[    1.639212] audit: type=2000 audit(1670916872.205:1): state=initialized audit_enabled=0 res=1
[    1.640258] initcall bdi_class_init+0x0/0x48 returned 0 after 976 usecs
[    1.641209] calling  mm_sysfs_init+0x0/0x28 @ 1
[    1.642239] initcall mm_sysfs_init+0x0/0x28 returned 0 after 0 usecs
[    1.643209] calling  init_per_zone_wmark_min+0x0/0x5e @ 1
[    1.644212] initcall init_per_zone_wmark_min+0x0/0x5e returned 0 after 0 usecs
[    1.645209] calling  mpi_init+0x0/0x3e @ 1
[    1.646258] initcall mpi_init+0x0/0x3e returned 0 after 0 usecs
[    1.647210] calling  kobject_uevent_init+0x0/0xc @ 1
[    1.648236] initcall kobject_uevent_init+0x0/0xc returned 0 after 0 usecs
[    1.649210] calling  pcibus_class_init+0x0/0x13 @ 1
[    1.650249] initcall pcibus_class_init+0x0/0x13 returned 0 after 0 usecs
[    1.651209] calling  pci_driver_init+0x0/0x21 @ 1
[    1.652244] initcall pci_driver_init+0x0/0x21 returned 0 after 0 usecs
[    1.653208] calling  backlight_class_init+0x0/0xa8 @ 1
[    1.654236] initcall backlight_class_init+0x0/0xa8 returned 0 after 0 usecs
[    1.655209] calling  tty_class_init+0x0/0x33 @ 1
[    1.656216] initcall tty_class_init+0x0/0x33 returned 0 after 0 usecs
[    1.657207] calling  vtconsole_class_init+0x0/0xb5 @ 1
[    1.658284] initcall vtconsole_class_init+0x0/0xb5 returned 0 after 0 usecs
[    1.659208] calling  iommu_dev_init+0x0/0x13 @ 1
[    1.660251] initcall iommu_dev_init+0x0/0x13 returned 0 after 0 usecs
[    1.661207] calling  mipi_dsi_bus_init+0x0/0xc @ 1
[    1.662249] initcall mipi_dsi_bus_init+0x0/0xc returned 0 after 0 usecs
[    1.663206] calling  devlink_class_init+0x0/0x40 @ 1
[    1.664216] initcall devlink_class_init+0x0/0x40 returned 0 after 0 usecs
[    1.665206] calling  software_node_init+0x0/0x2a @ 1
[    1.666209] initcall software_node_init+0x0/0x2a returned 0 after 0 usecs
[    1.667206] calling  wakeup_sources_debugfs_init+0x0/0x23 @ 1
[    1.668240] initcall wakeup_sources_debugfs_init+0x0/0x23 returned 0 after 0 usecs
[    1.669208] calling  wakeup_sources_sysfs_init+0x0/0x2c @ 1
[    1.670217] initcall wakeup_sources_sysfs_init+0x0/0x2c returned 0 after 0 usecs
[    1.671206] calling  regmap_initcall+0x0/0xc @ 1
[    1.672295] initcall regmap_initcall+0x0/0xc returned 0 after 0 usecs
[    1.674207] calling  i2c_init+0x0/0xb3 @ 1
[    1.676218] initcall i2c_init+0x0/0xb3 returned 0 after 976 usecs
[    1.677206] calling  thermal_init+0x0/0xf2 @ 1
[    1.678225] thermal_sys: Registered thermal governor 'step_wise'
[    1.678226] thermal_sys: Registered thermal governor 'user_space'
[    1.679218] initcall thermal_init+0x0/0xf2 returned 0 after 976 usecs
[    1.681208] calling  init_menu+0x0/0xc @ 1
[    1.682278] cpuidle: using governor menu
[    1.683224] initcall init_menu+0x0/0xc returned 0 after 976 usecs
[    1.684209] calling  pcc_init+0x0/0x4d @ 1
[    1.685209] initcall pcc_init+0x0/0x4d returned -19 after 0 usecs
[    1.686217] calling  amd_postcore_init+0x0/0x11e @ 1
[    1.687208] initcall amd_postcore_init+0x0/0x11e returned 0 after 0 usecs
[    1.688231] calling  bts_init+0x0/0xba @ 1
[    1.689212] initcall bts_init+0x0/0xba returned -19 after 0 usecs
[    1.690208] calling  pt_init+0x0/0x2ef @ 1
[    1.691207] initcall pt_init+0x0/0x2ef returned -19 after 0 usecs
[    1.692207] calling  boot_params_ksysfs_init+0x0/0x2ee @ 1
[    1.693244] initcall boot_params_ksysfs_init+0x0/0x2ee returned 0 after 0 usecs
[    1.694208] calling  sbf_init+0x0/0xfe @ 1
[    1.695207] initcall sbf_init+0x0/0xfe returned 0 after 0 usecs
[    1.696207] calling  arch_kdebugfs_init+0x0/0x219 @ 1
[    1.697448] initcall arch_kdebugfs_init+0x0/0x219 returned 0 after 0 usecs
[    1.698209] calling  intel_pconfig_init+0x0/0x85 @ 1
[    1.699206] initcall intel_pconfig_init+0x0/0x85 returned 0 after 0 usecs
[    1.700210] calling  mtrr_if_init+0x0/0x5d @ 1
[    1.701213] initcall mtrr_if_init+0x0/0x5d returned 0 after 0 usecs
[    1.702208] calling  activate_jump_labels+0x0/0x31 @ 1
[    1.703209] initcall activate_jump_labels+0x0/0x31 returned 0 after 0 usecs
[    1.704209] calling  ffh_cstate_init+0x0/0x29 @ 1
[    1.705212] initcall ffh_cstate_init+0x0/0x29 returned 0 after 0 usecs
[    1.706229] calling  activate_jump_labels+0x0/0x31 @ 1
[    1.707238] initcall activate_jump_labels+0x0/0x31 returned 0 after 0 usecs
[    1.708209] calling  kvm_alloc_cpumask+0x0/0x2b @ 1
[    1.709232] initcall kvm_alloc_cpumask+0x0/0x2b returned 0 after 0 usecs
[    1.710210] calling  kcmp_cookies_init+0x0/0x37 @ 1
[    1.711216] initcall kcmp_cookies_init+0x0/0x37 returned 0 after 0 usecs
[    1.712208] calling  cryptomgr_init+0x0/0xc @ 1
[    1.713264] initcall cryptomgr_init+0x0/0xc returned 0 after 0 usecs
[    1.714209] calling  acpi_pci_init+0x0/0x57 @ 1
[    1.715228] ACPI: bus type PCI registered
[    1.716221] initcall acpi_pci_init+0x0/0x57 returned 0 after 976 usecs
[    1.717207] calling  dma_channel_table_init+0x0/0xce @ 1
[    1.718230] initcall dma_channel_table_init+0x0/0xce returned 0 after 0 usecs
[    1.719207] calling  dma_bus_init+0x0/0xdc @ 1
[    1.721208] initcall dma_bus_init+0x0/0xdc returned 0 after 976 usecs
[    1.722290] calling  iommu_dma_init+0x0/0x10 @ 1
[    1.723230] initcall iommu_dma_init+0x0/0x10 returned 0 after 0 usecs
[    1.724208] calling  dmi_id_init+0x0/0x37c @ 1
[    1.726228] initcall dmi_id_init+0x0/0x37c returned 0 after 976 usecs
[    1.727206] calling  pci_arch_init+0x0/0x71 @ 1
[    1.729460] PCI: MMCONFIG for domain 0000 [bus 00-ff] at [mem 0xb0000000-0xbfffffff] (base 0xb0000000)
[    1.730208] PCI: MMCONFIG at [mem 0xb0000000-0xbfffffff] reserved in E820
[    1.731274] PCI: Using configuration type 1 for base access
[    1.732258] initcall pci_arch_init+0x0/0x71 returned 0 after 3906 usecs
[    1.734224] calling  init_vdso+0x0/0x13 @ 1
[    1.735243] initcall init_vdso+0x0/0x13 returned 0 after 0 usecs
[    1.736207] calling  sysenter_setup+0x0/0x13 @ 1
[    1.737291] initcall sysenter_setup+0x0/0x13 returned 0 after 0 usecs
[    1.738211] calling  fixup_ht_bug+0x0/0x7f @ 1
[    1.739211] initcall fixup_ht_bug+0x0/0x7f returned 0 after 0 usecs
[    1.740213] calling  topology_init+0x0/0x15 @ 1
[    1.741293] initcall topology_init+0x0/0x15 returned 0 after 0 usecs
[    1.742212] calling  intel_epb_init+0x0/0x68 @ 1
[    1.743211] initcall intel_epb_init+0x0/0x68 returned -19 after 0 usecs
[    1.744230] calling  mtrr_init_finialize+0x0/0x3e @ 1
[    1.745213] initcall mtrr_init_finialize+0x0/0x3e returned 0 after 0 usecs
[    1.746210] calling  uid_cache_init+0x0/0x92 @ 1
[    1.747219] initcall uid_cache_init+0x0/0x92 returned 0 after 0 usecs
[    1.748211] calling  param_sysfs_init+0x0/0x1ba @ 1
[    1.751908] initcall param_sysfs_init+0x0/0x1ba returned 0 after 1953 usecs
[    1.752247] calling  user_namespace_sysctl_init+0x0/0x33 @ 1
[    1.753238] initcall user_namespace_sysctl_init+0x0/0x33 returned 0 after 0 usecs
[    1.754211] calling  proc_schedstat_init+0x0/0x24 @ 1
[    1.755211] initcall proc_schedstat_init+0x0/0x24 returned 0 after 0 usecs
[    1.756207] calling  pm_sysrq_init+0x0/0x18 @ 1
[    1.757220] initcall pm_sysrq_init+0x0/0x18 returned 0 after 0 usecs
[    1.758247] calling  create_proc_profile+0x0/0x50 @ 1
[    1.759210] initcall create_proc_profile+0x0/0x50 returned 0 after 0 usecs
[    1.760211] calling  time_ns_init+0x0/0x7 @ 1
[    1.761211] initcall time_ns_init+0x0/0x7 returned 0 after 0 usecs
[    1.762211] calling  crash_save_vmcoreinfo_init+0x0/0x756 @ 1
[    1.763285] initcall crash_save_vmcoreinfo_init+0x0/0x756 returned 0 after 0 usecs
[    1.764208] calling  crash_notes_memory_init+0x0/0x35 @ 1
[    1.765211] initcall crash_notes_memory_init+0x0/0x35 returned 0 after 0 usecs
[    1.766207] calling  cgroup_sysfs_init+0x0/0x13 @ 1
[    1.767252] initcall cgroup_sysfs_init+0x0/0x13 returned 0 after 0 usecs
[    1.768207] calling  cgroup_namespaces_init+0x0/0x7 @ 1
[    1.769208] initcall cgroup_namespaces_init+0x0/0x7 returned 0 after 0 usecs
[    1.770209] calling  init_optprobes+0x0/0x13 @ 1
[    1.771205] Kprobes globally optimized
[    1.772207] initcall init_optprobes+0x0/0x13 returned 0 after 976 usecs
[    1.773208] calling  oom_init+0x0/0x2f @ 1
[    1.774323] initcall oom_init+0x0/0x2f returned 0 after 0 usecs
[    1.775208] calling  default_bdi_init+0x0/0x35 @ 1
[    1.777280] initcall default_bdi_init+0x0/0x35 returned 0 after 976 usecs
[    1.778209] calling  percpu_enable_async+0x0/0xe @ 1
[    1.779210] initcall percpu_enable_async+0x0/0xe returned 0 after 0 usecs
[    1.780208] calling  kcompactd_init+0x0/0x46 @ 1
[    1.781320] initcall kcompactd_init+0x0/0x46 returned 0 after 0 usecs
[    1.782343] calling  init_user_reserve+0x0/0x30 @ 1
[    1.783236] initcall init_user_reserve+0x0/0x30 returned 0 after 0 usecs
[    1.784209] calling  init_admin_reserve+0x0/0x30 @ 1
[    1.785217] initcall init_admin_reserve+0x0/0x30 returned 0 after 0 usecs
[    1.786210] calling  init_reserve_notifier+0x0/0x7 @ 1
[    1.787210] initcall init_reserve_notifier+0x0/0x7 returned 0 after 0 usecs
[    1.788207] calling  swap_init_sysfs+0x0/0x62 @ 1
[    1.789238] initcall swap_init_sysfs+0x0/0x62 returned 0 after 0 usecs
[    1.790207] calling  swapfile_init+0x0/0x46 @ 1
[    1.791210] initcall swapfile_init+0x0/0x46 returned 0 after 0 usecs
[    1.792209] calling  hugetlb_init+0x0/0x42f @ 1
[    1.793224] HugeTLB registered 2.00 MiB page size, pre-allocated 0 pages
[    1.794224] initcall hugetlb_init+0x0/0x42f returned 0 after 976 usecs
[    1.795210] calling  io_wq_init+0x0/0x34 @ 1
[    1.796209] initcall io_wq_init+0x0/0x34 returned 0 after 0 usecs
[    1.797209] calling  seqiv_module_init+0x0/0xc @ 1
[    1.798209] initcall seqiv_module_init+0x0/0xc returned 0 after 0 usecs
[    1.799212] calling  echainiv_module_init+0x0/0xc @ 1
[    1.800209] initcall echainiv_module_init+0x0/0xc returned 0 after 0 usecs
[    1.801298] calling  rsa_init+0x0/0x50 @ 1
[    1.802985] initcall rsa_init+0x0/0x50 returned 0 after 0 usecs
[    1.803207] calling  crypto_cmac_module_init+0x0/0xc @ 1
[    1.804207] initcall crypto_cmac_module_init+0x0/0xc returned 0 after 0 usecs
[    1.805209] calling  hmac_module_init+0x0/0xc @ 1
[    1.806408] cryptomgr_test (21) used greatest stack depth: 15528 bytes left
[    1.807228] initcall hmac_module_init+0x0/0xc returned 0 after 976 usecs
[    1.808223] calling  crypto_null_mod_init+0x0/0x65 @ 1
[    1.809558] initcall crypto_null_mod_init+0x0/0x65 returned 0 after 0 usecs
[    1.810215] calling  md5_mod_init+0x0/0xc @ 1
[    1.811262] initcall md5_mod_init+0x0/0xc returned 0 after 0 usecs
[    1.812214] calling  sha256_generic_mod_init+0x0/0x11 @ 1
[    1.813270] initcall sha256_generic_mod_init+0x0/0x11 returned 0 after 0 usecs
[    1.814211] calling  crypto_cbc_module_init+0x0/0xc @ 1
[    1.815207] initcall crypto_cbc_module_init+0x0/0xc returned 0 after 0 usecs
[    1.816211] calling  crypto_ctr_module_init+0x0/0x11 @ 1
[    1.817249] initcall crypto_ctr_module_init+0x0/0x11 returned 0 after 0 usecs
[    1.818214] calling  crypto_gcm_module_init+0x0/0x64 @ 1
[    1.819228] initcall crypto_gcm_module_init+0x0/0x64 returned 0 after 0 usecs
[    1.820213] calling  crypto_ccm_module_init+0x0/0x11 @ 1
[    1.821212] initcall crypto_ccm_module_init+0x0/0x11 returned 0 after 0 usecs
[    1.822207] calling  aes_init+0x0/0xc @ 1
[    1.823242] initcall aes_init+0x0/0xc returned 0 after 0 usecs
[    1.824206] calling  crc32c_mod_init+0x0/0xc @ 1
[    1.825260] initcall crc32c_mod_init+0x0/0xc returned 0 after 0 usecs
[    1.826215] calling  crypto_authenc_module_init+0x0/0xc @ 1
[    1.827233] initcall crypto_authenc_module_init+0x0/0xc returned 0 after 0 usecs
[    1.828357] calling  crypto_authenc_esn_module_init+0x0/0xc @ 1
[    1.829219] initcall crypto_authenc_esn_module_init+0x0/0xc returned 0 after 0 usecs
[    1.830240] calling  drbg_init+0x0/0x7c @ 1
[    1.832302] initcall drbg_init+0x0/0x7c returned 0 after 976 usecs
[    1.833209] calling  ghash_mod_init+0x0/0xc @ 1
[    1.834249] initcall ghash_mod_init+0x0/0xc returned 0 after 0 usecs
[    1.835211] calling  init_bio+0x0/0x9a @ 1
[    1.837566] initcall init_bio+0x0/0x9a returned 0 after 976 usecs
[    1.838213] calling  blk_settings_init+0x0/0x29 @ 1
[    1.839212] initcall blk_settings_init+0x0/0x29 returned 0 after 0 usecs
[    1.840217] calling  blk_ioc_init+0x0/0x29 @ 1
[    1.841266] initcall blk_ioc_init+0x0/0x29 returned 0 after 0 usecs
[    1.842213] calling  blk_mq_init+0x0/0x96 @ 1
[    1.843271] initcall blk_mq_init+0x0/0x96 returned 0 after 0 usecs
[    1.844206] calling  genhd_device_init+0x0/0x75 @ 1
[    1.845431] initcall genhd_device_init+0x0/0x75 returned 0 after 0 usecs
[    1.846225] calling  pci_slot_init+0x0/0x40 @ 1
[    1.847214] initcall pci_slot_init+0x0/0x40 returned 0 after 0 usecs
[    1.848207] calling  fbmem_init+0x0/0xd8 @ 1
[    1.850222] initcall fbmem_init+0x0/0xd8 returned 0 after 976 usecs
[    1.851207] calling  acpi_init+0x0/0x316 @ 1
[    1.852297] ACPI: Added _OSI(Module Device)
[    1.853206] ACPI: Added _OSI(Processor Device)
[    1.854204] ACPI: Added _OSI(3.0 _SCP Extensions)
[    1.855205] ACPI: Added _OSI(Processor Aggregator Device)
[    1.856206] ACPI: Added _OSI(Linux-Dell-Video)
[    1.857206] ACPI: Added _OSI(Linux-Lenovo-NV-HDMI-Audio)
[    1.858205] ACPI: Added _OSI(Linux-HPI-Hybrid-Graphics)
[    1.861890] ACPI: 1 ACPI AML tables successfully acquired and loaded
[    1.865391] ACPI: Interpreter enabled
[    1.866267] ACPI: (supports S0 S3 S4 S5)
[    1.867205] ACPI: Using IOAPIC for interrupt routing
[    1.868258] PCI: Using host bridge windows from ACPI; if necessary, use "pci=nocrs" and report a bug
[    1.869510] ACPI: Enabled 2 GPEs in block 00 to 3F
[    1.875514] ACPI: PCI Root Bridge [PCI0] (domain 0000 [bus 00-ff])
[    1.876211] acpi PNP0A08:00: _OSC: OS supports [ExtendedConfig ASPM ClockPM Segments MSI HPX-Type3]
[    1.878222] acpi PNP0A08:00: _OSC: platform does not support [LTR]
[    1.879273] acpi PNP0A08:00: _OSC: OS now controls [PME PCIeCapability]
[    1.881223] PCI host bridge to bus 0000:00
[    1.882229] pci_bus 0000:00: root bus resource [io  0x0000-0x0cf7 window]
[    1.883207] pci_bus 0000:00: root bus resource [io  0x0d00-0xffff window]
[    1.884206] pci_bus 0000:00: root bus resource [mem 0x000a0000-0x000bffff window]
[    1.885206] pci_bus 0000:00: root bus resource [mem 0x20000000-0xafffffff window]
[    1.886206] pci_bus 0000:00: root bus resource [mem 0xc0000000-0xfebfffff window]
[    1.887228] pci_bus 0000:00: root bus resource [mem 0x100000000-0x8ffffffff window]
[    1.889206] pci_bus 0000:00: root bus resource [bus 00-ff]
[    1.891655] pci 0000:00:00.0: calling  quirk_mmio_always_on+0x0/0x10 @ 1
[    1.892210] pci 0000:00:00.0: quirk_mmio_always_on+0x0/0x10 took 0 usecs
[    1.894040] pci 0000:00:00.0: [8086:29c0] type 00 class 0x060000
[    1.899046] pci 0000:00:00.0: calling  quirk_igfx_skip_te_disable+0x0/0x80 @ 1
[    1.899208] pci 0000:00:00.0: quirk_igfx_skip_te_disable+0x0/0x80 took 0 usecs
[    1.902138] pci 0000:00:01.0: [1234:1111] type 00 class 0x030000
[    1.909915] pci 0000:00:01.0: reg 0x10: [mem 0xfd000000-0xfdffffff pref]
[    1.918849] pci 0000:00:01.0: reg 0x18: [mem 0xfebf0000-0xfebf0fff]
[    1.937201] pci 0000:00:01.0: reg 0x30: [mem 0xfebe0000-0xfebeffff pref]
[    1.943201] pci 0000:00:01.0: calling  efifb_fixup_resources+0x0/0xf0 @ 1
[    1.945329] pci 0000:00:01.0: efifb_fixup_resources+0x0/0xf0 took 0 usecs
[    1.956222] pci 0000:00:1f.0: [8086:2918] type 00 class 0x060100
[    1.963361] pci 0000:00:1f.0: calling  quirk_ich7_lpc+0x0/0x60 @ 1
[    1.964600] pci 0000:00:1f.0: quirk: [io  0x0600-0x067f] claimed by ICH6 ACPI/GPIO/TCO
[    1.966383] pci 0000:00:1f.0: quirk_ich7_lpc+0x0/0x60 took 1953 usecs
[    1.967767] pci 0000:00:1f.0: calling  quirk_igfx_skip_te_disable+0x0/0x80 @ 1
[    1.968304] pci 0000:00:1f.0: quirk_igfx_skip_te_disable+0x0/0x80 took 0 usecs
[    1.972408] pci 0000:00:1f.2: [8086:2922] type 00 class 0x010601
[    1.983209] pci 0000:00:1f.2: reg 0x20: [io  0xc040-0xc05f]
[    1.986210] pci 0000:00:1f.2: reg 0x24: [mem 0xfebf1000-0xfebf1fff]
[    1.989457] pci 0000:00:1f.2: calling  quirk_igfx_skip_te_disable+0x0/0x80 @ 1
[    1.990224] pci 0000:00:1f.2: quirk_igfx_skip_te_disable+0x0/0x80 took 0 usecs
[    1.996028] pci 0000:00:1f.3: [8086:2930] type 00 class 0x0c0500
[    2.002681] pci 0000:00:1f.3: reg 0x20: [io  0x0700-0x073f]
[    2.005404] pci 0000:00:1f.3: calling  quirk_igfx_skip_te_disable+0x0/0x80 @ 1
[    2.006211] pci 0000:00:1f.3: quirk_igfx_skip_te_disable+0x0/0x80 took 0 usecs
[    2.010194] pci_bus 0000:00: on NUMA node 0
[    2.033204] ACPI: PCI Interrupt Link [LNKA] (IRQs 5 *10 11)
[    2.035334] ACPI: PCI Interrupt Link [LNKB] (IRQs 5 *10 11)
[    2.037208] ACPI: PCI Interrupt Link [LNKC] (IRQs 5 10 *11)
[    2.038815] ACPI: PCI Interrupt Link [LNKD] (IRQs 5 10 *11)
[    2.041507] ACPI: PCI Interrupt Link [LNKE] (IRQs 5 *10 11)
[    2.043340] ACPI: PCI Interrupt Link [LNKF] (IRQs 5 *10 11)
[    2.045428] ACPI: PCI Interrupt Link [LNKG] (IRQs 5 10 *11)
[    2.046656] ACPI: PCI Interrupt Link [LNKH] (IRQs 5 10 *11)
[    2.047533] ACPI: PCI Interrupt Link [GSIA] (IRQs *16)
[    2.048219] ACPI: PCI Interrupt Link [GSIB] (IRQs *17)
[    2.050212] ACPI: PCI Interrupt Link [GSIC] (IRQs *18)
[    2.051442] ACPI: PCI Interrupt Link [GSID] (IRQs *19)
[    2.052644] ACPI: PCI Interrupt Link [GSIE] (IRQs *20)
[    2.053218] ACPI: PCI Interrupt Link [GSIF] (IRQs *21)
[    2.054222] ACPI: PCI Interrupt Link [GSIG] (IRQs *22)
[    2.055338] ACPI: PCI Interrupt Link [GSIH] (IRQs *23)
[    2.069201] initcall acpi_init+0x0/0x316 returned 0 after 210937 usecs
[    2.071201] calling  pnp_init+0x0/0xc @ 1
[    2.073211] initcall pnp_init+0x0/0xc returned 0 after 976 usecs
[    2.074208] calling  misc_init+0x0/0xbf @ 1
[    2.077209] initcall misc_init+0x0/0xbf returned 0 after 1953 usecs
[    2.078299] calling  iommu_subsys_init+0x0/0x4e @ 1
[    2.080009] iommu: Default domain type: Translated 
[    2.081208] initcall iommu_subsys_init+0x0/0x4e returned 0 after 1953 usecs
[    2.082209] calling  vga_arb_device_init+0x0/0x26c @ 1
[    2.090201] pci 0000:00:01.0: vgaarb: setting as boot VGA device
[    2.090201] pci 0000:00:01.0: vgaarb: VGA device added: decodes=io+mem,owns=io+mem,locks=none
[    2.090209] pci 0000:00:01.0: vgaarb: bridge control possible
[    2.091205] vgaarb: loaded
[    2.092211] initcall vga_arb_device_init+0x0/0x26c returned 0 after 8789 usecs
[    2.093963] calling  cn_init+0x0/0xf0 @ 1
[    2.097375] initcall cn_init+0x0/0xf0 returned 0 after 1953 usecs
[    2.098212] calling  dma_buf_init+0x0/0xad @ 1
[    2.101273] initcall dma_buf_init+0x0/0xad returned 0 after 1953 usecs
[    2.102222] calling  init_scsi+0x0/0x79 @ 1
[    2.109453] SCSI subsystem initialized
[    2.110219] initcall init_scsi+0x0/0x79 returned 0 after 6835 usecs
[    2.111216] calling  ata_init+0x0/0x332 @ 1
[    2.127446] libata version 3.00 loaded.
[    2.128214] initcall ata_init+0x0/0x332 returned 0 after 15625 usecs
[    2.129218] calling  phy_init+0x0/0x250 @ 1
[    2.132960] initcall phy_init+0x0/0x250 returned 0 after 1953 usecs
[    2.133212] calling  init_pcmcia_cs+0x0/0x35 @ 1
[    2.135223] initcall init_pcmcia_cs+0x0/0x35 returned 0 after 976 usecs
[    2.136211] calling  usb_common_init+0x0/0x1c @ 1
[    2.138216] initcall usb_common_init+0x0/0x1c returned 0 after 976 usecs
[    2.139209] calling  usb_init+0x0/0x12e @ 1
[    2.141320] ACPI: bus type USB registered
[    2.143648] usbcore: registered new interface driver usbfs
[    2.144464] usbcore: registered new interface driver hub
[    2.145223] usbcore: registered new device driver usb
[    2.146214] initcall usb_init+0x0/0x12e returned 0 after 5859 usecs
[    2.147213] calling  serio_init+0x0/0x29 @ 1
[    2.148331] initcall serio_init+0x0/0x29 returned 0 after 0 usecs
[    2.149213] calling  input_init+0x0/0xf6 @ 1
[    2.150311] initcall input_init+0x0/0xf6 returned 0 after 0 usecs
[    2.151214] calling  rtc_init+0x0/0x4d @ 1
[    2.152276] initcall rtc_init+0x0/0x4d returned 0 after 0 usecs
[    2.153209] calling  pps_init+0x0/0xa9 @ 1
[    2.154305] pps_core: LinuxPPS API ver. 1 registered
[    2.155205] pps_core: Software ver. 5.3.6 - Copyright 2005-2007 Rodolfo Giometti <giometti@linux.it>
[    2.156212] initcall pps_init+0x0/0xa9 returned 0 after 1953 usecs
[    2.157209] calling  ptp_init+0x0/0x98 @ 1
[    2.158217] PTP clock support registered
[    2.159209] initcall ptp_init+0x0/0x98 returned 0 after 976 usecs
[    2.160209] calling  power_supply_class_init+0x0/0x3f @ 1
[    2.161333] initcall power_supply_class_init+0x0/0x3f returned 0 after 0 usecs
[    2.162213] calling  hwmon_init+0x0/0x104 @ 1
[    2.163298] initcall hwmon_init+0x0/0x104 returned 0 after 0 usecs
[    2.164215] calling  md_init+0x0/0x16b @ 1
[    2.165764] initcall md_init+0x0/0x16b returned 0 after 0 usecs
[    2.166212] calling  leds_init+0x0/0x3b @ 1
[    2.167245] initcall leds_init+0x0/0x3b returned 0 after 0 usecs
[    2.168211] calling  dmi_init+0x0/0x113 @ 1
[    2.171664] initcall dmi_init+0x0/0x113 returned 0 after 1953 usecs
[    2.173211] calling  efisubsys_init+0x0/0x4e6 @ 1
[    2.174916] initcall efisubsys_init+0x0/0x4e6 returned 0 after 0 usecs
[    2.175212] calling  nvmem_init+0x0/0xc @ 1
[    2.176314] initcall nvmem_init+0x0/0xc returned 0 after 0 usecs
[    2.177212] calling  init_soundcore+0x0/0x33 @ 1
[    2.179297] initcall init_soundcore+0x0/0x33 returned 0 after 976 usecs
[    2.180215] calling  alsa_sound_init+0x0/0x8f @ 1
[    2.182559] Advanced Linux Sound Architecture Driver Initialized.
[    2.183213] initcall alsa_sound_init+0x0/0x8f returned 0 after 1953 usecs
[    2.185209] calling  alsa_seq_device_init+0x0/0x71 @ 1
[    2.186400] initcall alsa_seq_device_init+0x0/0x71 returned 0 after 0 usecs
[    2.187212] calling  hda_bus_init+0x0/0xc @ 1
[    2.189222] initcall hda_bus_init+0x0/0xc returned 0 after 976 usecs
[    2.190207] calling  proto_init+0x0/0xc @ 1
[    2.191229] initcall proto_init+0x0/0xc returned 0 after 0 usecs
[    2.192210] calling  net_dev_init+0x0/0x1cc @ 1
[    2.196717] initcall net_dev_init+0x0/0x1cc returned 0 after 2929 usecs
[    2.197210] calling  neigh_init+0x0/0x84 @ 1
[    2.198210] initcall neigh_init+0x0/0x84 returned 0 after 0 usecs
[    2.200208] calling  fib_notifier_init+0x0/0xc @ 1
[    2.201211] initcall fib_notifier_init+0x0/0xc returned 0 after 0 usecs
[    2.202208] calling  fib_rules_init+0x0/0xab @ 1
[    2.203213] initcall fib_rules_init+0x0/0xab returned 0 after 0 usecs
[    2.204211] calling  pktsched_init+0x0/0x10e @ 1
[    2.205493] initcall pktsched_init+0x0/0x10e returned 0 after 0 usecs
[    2.206208] calling  tc_filter_init+0x0/0xfa @ 1
[    2.207216] initcall tc_filter_init+0x0/0xfa returned 0 after 0 usecs
[    2.208207] calling  tc_action_init+0x0/0x54 @ 1
[    2.209208] initcall tc_action_init+0x0/0x54 returned 0 after 0 usecs
[    2.210207] calling  ethnl_init+0x0/0x52 @ 1
[    2.211354] initcall ethnl_init+0x0/0x52 returned 0 after 0 usecs
[    2.212207] calling  nexthop_init+0x0/0xd8 @ 1
[    2.214210] initcall nexthop_init+0x0/0xd8 returned 0 after 976 usecs
[    2.215282] calling  cipso_v4_init+0x0/0x5a @ 1
[    2.216416] initcall cipso_v4_init+0x0/0x5a returned 0 after 0 usecs
[    2.217207] calling  ieee80211_init+0x0/0x24 @ 1
[    2.218860] initcall ieee80211_init+0x0/0x24 returned 0 after 0 usecs
[    2.219206] calling  netlbl_init+0x0/0x78 @ 1
[    2.220277] NetLabel: Initializing
[    2.221204] NetLabel:  domain hash size = 128
[    2.222234] NetLabel:  protocols = UNLABELED CIPSOv4 CALIPSO
[    2.225203] NetLabel:  unlabeled traffic allowed by default
[    2.226209] initcall netlbl_init+0x0/0x78 returned 0 after 5859 usecs
[    2.227208] calling  rfkill_init+0x0/0x111 @ 1
[    2.228945] initcall rfkill_init+0x0/0x111 returned 0 after 0 usecs
[    2.229207] calling  pci_subsys_init+0x0/0x66 @ 1
[    2.231245] PCI: Using ACPI for IRQ routing
[    2.997225] PCI: pci_cache_line_size set to 64 bytes
[    2.999533] e820: reserve RAM buffer [mem 0x0009fc00-0x0009ffff]
[    3.001243] e820: reserve RAM buffer [mem 0x1ffdf000-0x1fffffff]
[    3.002307] initcall pci_subsys_init+0x0/0x66 returned 0 after 753906 usecs
[    3.005295] calling  nmi_warning_debugfs+0x0/0x26 @ 1
[    3.006304] initcall nmi_warning_debugfs+0x0/0x26 returned 0 after 0 usecs
[    3.009902] calling  save_microcode_in_initrd+0x0/0x51 @ 1
[    3.010508] initcall save_microcode_in_initrd+0x0/0x51 returned 0 after 0 usecs
[    3.011226] calling  hpet_late_init+0x0/0x1f6 @ 1
[    3.015457] hpet: 3 channels of 0 reserved for per-cpu timers
[    3.017260] hpet0: at MMIO 0xfed00000, IRQs 2, 8, 0
[    3.018207] hpet0: 3 comparators, 64-bit 100.000000 MHz counter
[    3.025212] initcall hpet_late_init+0x0/0x1f6 returned 0 after 12695 usecs
[    3.026211] calling  init_amd_nbs+0x0/0x11c @ 1
[    3.029421] initcall init_amd_nbs+0x0/0x11c returned 0 after 1953 usecs
[    3.030232] calling  clocksource_done_booting+0x0/0x41 @ 1
[    3.031339] clocksource: Switched to clocksource kvm-clock
[    3.039571] initcall clocksource_done_booting+0x0/0x41 returned 0 after 8169 usecs
[    3.048762] calling  tracer_init_tracefs+0x0/0x1fb @ 1
[    3.247656] initcall tracer_init_tracefs+0x0/0x1fb returned 0 after 188159 usecs
[    3.256723] calling  init_trace_printk_function_export+0x0/0x2c @ 1
[    3.264427] initcall init_trace_printk_function_export+0x0/0x2c returned 0 after 8 usecs
[    3.274183] calling  init_kprobe_trace+0x0/0x1a9 @ 1
[    3.280359] initcall init_kprobe_trace+0x0/0x1a9 returned 0 after 22 usecs
[    3.288680] calling  init_dynamic_event+0x0/0x3d @ 1
[    3.294978] initcall init_dynamic_event+0x0/0x3d returned 0 after 112 usecs
[    3.303856] calling  init_uprobe_trace+0x0/0x5c @ 1
[    3.309914] initcall init_uprobe_trace+0x0/0x5c returned 0 after 47 usecs
[    3.318118] calling  init_pipe_fs+0x0/0x44 @ 1
[    3.323919] initcall init_pipe_fs+0x0/0x44 returned 0 after 223 usecs
[    3.331809] calling  inotify_user_setup+0x0/0x47 @ 1
[    3.338104] initcall inotify_user_setup+0x0/0x47 returned 0 after 68 usecs
[    3.346644] calling  eventpoll_init+0x0/0xcc @ 1
[    3.352482] initcall eventpoll_init+0x0/0xcc returned 0 after 102 usecs
[    3.360724] calling  anon_inode_init+0x0/0x58 @ 1
[    3.366772] initcall anon_inode_init+0x0/0x58 returned 0 after 149 usecs
[    3.375051] calling  proc_locks_init+0x0/0x27 @ 1
[    3.381500] initcall proc_locks_init+0x0/0x27 returned 0 after 490 usecs
[    3.389780] calling  iomap_init+0x0/0x1b @ 1
[    3.396761] initcall iomap_init+0x0/0x1b returned 0 after 1591 usecs
[    3.404492] calling  dquot_init+0x0/0xd7 @ 1
[    3.409837] VFS: Disk quotas dquot_6.6.0
[    3.415192] VFS: Dquot-cache hash table entries: 512 (order 0, 4096 bytes)
[    3.423574] initcall dquot_init+0x0/0xd7 returned 0 after 13412 usecs
[    3.431440] calling  quota_init+0x0/0x23 @ 1
[    3.437003] initcall quota_init+0x0/0x23 returned 0 after 268 usecs
[    3.444633] calling  proc_cmdline_init+0x0/0x21 @ 1
[    3.450541] initcall proc_cmdline_init+0x0/0x21 returned 0 after 71 usecs
[    3.459064] calling  proc_consoles_init+0x0/0x24 @ 1
[    3.465371] initcall proc_consoles_init+0x0/0x24 returned 0 after 175 usecs
[    3.473787] calling  proc_cpuinfo_init+0x0/0x1e @ 1
[    3.479816] initcall proc_cpuinfo_init+0x0/0x1e returned 0 after 4 usecs
[    3.487994] calling  proc_devices_init+0x0/0x24 @ 1
[    3.494168] initcall proc_devices_init+0x0/0x24 returned 0 after 123 usecs
[    3.502549] calling  proc_interrupts_init+0x0/0x24 @ 1
[    3.508887] initcall proc_interrupts_init+0x0/0x24 returned 0 after 4 usecs
[    3.518753] calling  proc_loadavg_init+0x0/0x21 @ 1
[    3.525987] initcall proc_loadavg_init+0x0/0x21 returned 0 after 5 usecs
[    3.535915] calling  proc_meminfo_init+0x0/0x21 @ 1
[    3.543159] initcall proc_meminfo_init+0x0/0x21 returned 0 after 5 usecs
[    3.553073] calling  proc_stat_init+0x0/0x1e @ 1
[    3.560002] initcall proc_stat_init+0x0/0x1e returned 0 after 5 usecs
[    3.569230] calling  proc_uptime_init+0x0/0x21 @ 1
[    3.576461] initcall proc_uptime_init+0x0/0x21 returned 0 after 4 usecs
[    3.586145] calling  proc_version_init+0x0/0x21 @ 1
[    3.593523] initcall proc_version_init+0x0/0x21 returned 0 after 4 usecs
[    3.603762] calling  proc_softirqs_init+0x0/0x21 @ 1
[    3.611393] initcall proc_softirqs_init+0x0/0x21 returned 0 after 5 usecs
[    3.621427] calling  proc_kcore_init+0x0/0xea @ 1
[    3.628610] initcall proc_kcore_init+0x0/0xea returned 0 after 70 usecs
[    3.636839] calling  vmcore_init+0x0/0x578 @ 1
[    3.642336] initcall vmcore_init+0x0/0x578 returned 0 after 17 usecs
[    3.649943] calling  proc_kmsg_init+0x0/0x21 @ 1
[    3.655639] initcall proc_kmsg_init+0x0/0x21 returned 0 after 5 usecs
[    3.664283] calling  proc_page_init+0x0/0x3b @ 1
[    3.669829] initcall proc_page_init+0x0/0x3b returned 0 after 4 usecs
[    3.679972] calling  init_ramfs_fs+0x0/0xc @ 1
[    3.686111] initcall init_ramfs_fs+0x0/0xc returned 0 after 23 usecs
[    3.694627] calling  init_hugetlbfs_fs+0x0/0xf6 @ 1
[    3.700855] initcall init_hugetlbfs_fs+0x0/0xf6 returned 0 after 179 usecs
[    3.709457] calling  blk_scsi_ioctl_init+0x0/0x2a5 @ 1
[    3.715850] initcall blk_scsi_ioctl_init+0x0/0x2a5 returned 0 after 63 usecs
[    3.724314] calling  acpi_event_init+0x0/0x2c @ 1
[    3.730420] initcall acpi_event_init+0x0/0x2c returned 0 after 308 usecs
[    3.738489] calling  pnp_system_init+0x0/0xc @ 1
[    3.745227] initcall pnp_system_init+0x0/0xc returned 0 after 631 usecs
[    3.753996] calling  pnpacpi_init+0x0/0x69 @ 1
[    3.760006] pnp: PnP ACPI init
[    3.766104] pnp 00:00: Plug and Play ACPI device, IDs PNP0303 (active)
[    3.774925] pnp 00:01: Plug and Play ACPI device, IDs PNP0f13 (active)
[    3.783773] pnp 00:02: Plug and Play ACPI device, IDs PNP0400 (active)
[    3.792224] pnp 00:03: Plug and Play ACPI device, IDs PNP0501 (active)
[    3.799848] pnp 00:04: Plug and Play ACPI device, IDs PNP0b00 (active)
[    3.807523] system 00:05: [mem 0xb0000000-0xbfffffff window] has been reserved
[    3.815965] system 00:05: Plug and Play ACPI device, IDs PNP0c01 (active)
[    3.825356] pnp: PnP ACPI: found 6 devices
[    3.830293] initcall pnpacpi_init+0x0/0x69 returned 0 after 68664 usecs
[    3.838050] calling  chr_dev_init+0x0/0x14d @ 1
[    3.847819] initcall chr_dev_init+0x0/0x14d returned 0 after 3761 usecs
[    3.856919] calling  firmware_class_init+0x0/0xde @ 1
[    3.862886] initcall firmware_class_init+0x0/0xde returned 0 after 74 usecs
[    3.871034] calling  init_pcmcia_bus+0x0/0x5b @ 1
[    3.877028] initcall init_pcmcia_bus+0x0/0x5b returned 0 after 351 usecs
[    3.884910] calling  init_acpi_pm_clocksource+0x0/0xda @ 1
[    3.897093] clocksource: acpi_pm: mask: 0xffffff max_cycles: 0xffffff, max_idle_ns: 2085701024 ns
[    3.907189] initcall init_acpi_pm_clocksource+0x0/0xda returned 0 after 15468 usecs
[    3.916085] calling  sysctl_core_init+0x0/0x26 @ 1
[    3.921846] initcall sysctl_core_init+0x0/0x26 returned 0 after 127 usecs
[    3.930193] calling  eth_offload_init+0x0/0x13 @ 1
[    3.936027] initcall eth_offload_init+0x0/0x13 returned 0 after 20 usecs
[    3.945749] calling  ipv4_offload_init+0x0/0x73 @ 1
[    3.953095] initcall ipv4_offload_init+0x0/0x73 returned 0 after 97 usecs
[    3.961139] calling  inet_init+0x0/0x276 @ 1
[    3.966595] NET: Registered protocol family 2
[    3.974222] IP idents hash table entries: 8192 (order: 4, 65536 bytes, linear)
[    3.994981] tcp_listen_portaddr_hash hash table entries: 256 (order: 0, 4096 bytes, linear)
[    4.008148] TCP established hash table entries: 4096 (order: 3, 32768 bytes, linear)
[    4.017467] TCP bind hash table entries: 4096 (order: 3, 32768 bytes, linear)
[    4.025755] TCP: Hash tables configured (established 4096 bind 4096)
[    4.033691] UDP hash table entries: 256 (order: 1, 8192 bytes, linear)
[    4.041331] UDP-Lite hash table entries: 256 (order: 1, 8192 bytes, linear)
[    4.049467] initcall inet_init+0x0/0x276 returned 0 after 81186 usecs
[    4.056920] calling  af_unix_init+0x0/0x4d @ 1
[    4.062008] NET: Registered protocol family 1
[    4.067213] initcall af_unix_init+0x0/0x4d returned 0 after 5124 usecs
[    4.074659] calling  ipv6_offload_init+0x0/0x7e @ 1
[    4.081159] initcall ipv6_offload_init+0x0/0x7e returned 0 after 104 usecs
[    4.089696] calling  init_sunrpc+0x0/0x65 @ 1
[    4.095610] RPC: Registered named UNIX socket transport module.
[    4.102487] RPC: Registered udp transport module.
[    4.107984] RPC: Registered tcp transport module.
[    4.113446] RPC: Registered tcp NFSv4.1 backchannel transport module.
[    4.120900] initcall init_sunrpc+0x0/0x65 returned 0 after 25524 usecs
[    4.128449] calling  cfg80211_init+0x0/0xc5 @ 1
[    4.134849] initcall cfg80211_init+0x0/0xc5 returned 0 after 977 usecs
[    4.142287] calling  pcibios_assign_resources+0x0/0xcb @ 1
[    4.149658] pci_bus 0000:00: resource 4 [io  0x0000-0x0cf7 window]
[    4.156795] pci_bus 0000:00: resource 5 [io  0x0d00-0xffff window]
[    4.163976] pci_bus 0000:00: resource 6 [mem 0x000a0000-0x000bffff window]
[    4.171938] pci_bus 0000:00: resource 7 [mem 0x20000000-0xafffffff window]
[    4.179823] pci_bus 0000:00: resource 8 [mem 0xc0000000-0xfebfffff window]
[    4.187752] pci_bus 0000:00: resource 9 [mem 0x100000000-0x8ffffffff window]
[    4.196136] initcall pcibios_assign_resources+0x0/0xcb returned 0 after 45595 usecs
[    4.205678] calling  pci_apply_final_quirks+0x0/0x124 @ 1
[    4.213224] pci 0000:00:01.0: calling  pci_fixup_video+0x0/0xe0 @ 1
[    4.220828] pci 0000:00:01.0: Video device with shadowed ROM at [mem 0x000c0000-0x000dffff]
[    4.230919] pci 0000:00:01.0: pci_fixup_video+0x0/0xe0 took 10276 usecs
[    4.239426] PCI: CLS 0 bytes, default 64
[    4.244669] initcall pci_apply_final_quirks+0x0/0x124 returned 0 after 31184 usecs
[    4.254127] calling  acpi_reserve_resources+0x0/0xea @ 1
[    4.260589] initcall acpi_reserve_resources+0x0/0xea returned 0 after 306 usecs
[    4.268793] calling  populate_rootfs+0x0/0x102 @ 1
[    4.275434] initcall populate_rootfs+0x0/0x102 returned 0 after 1175 usecs
[    4.283199] calling  pci_iommu_init+0x0/0x3e @ 1
[    4.288667] initcall pci_iommu_init+0x0/0x3e returned 0 after 175 usecs
[    4.297151] calling  ia32_binfmt_init+0x0/0x13 @ 1
[    4.304119] initcall ia32_binfmt_init+0x0/0x13 returned 0 after 32 usecs
[    4.313656] calling  rapl_pmu_init+0x0/0x25f @ 1
[    4.320401] initcall rapl_pmu_init+0x0/0x25f returned -19 after 37 usecs
[    4.329630] calling  amd_uncore_init+0x0/0x310 @ 1
[    4.335958] initcall amd_uncore_init+0x0/0x310 returned -19 after 0 usecs
[    4.343697] calling  amd_ibs_init+0x0/0x273 @ 1
[    4.348867] initcall amd_ibs_init+0x0/0x273 returned -19 after 0 usecs
[    4.356254] calling  amd_iommu_pc_init+0x0/0x20c @ 1
[    4.362500] initcall amd_iommu_pc_init+0x0/0x20c returned -19 after 28 usecs
[    4.372548] calling  msr_init+0x0/0x55 @ 1
[    4.378838] initcall msr_init+0x0/0x55 returned 0 after 162 usecs
[    4.387636] calling  intel_uncore_init+0x0/0x322 @ 1
[    4.394107] initcall intel_uncore_init+0x0/0x322 returned -19 after 37 usecs
[    4.402249] calling  cstate_pmu_init+0x0/0x181 @ 1
[    4.407804] initcall cstate_pmu_init+0x0/0x181 returned -19 after 0 usecs
[    4.415571] calling  register_kernel_offset_dumper+0x0/0x1a @ 1
[    4.422356] initcall register_kernel_offset_dumper+0x0/0x1a returned 0 after 26 usecs
[    4.431227] calling  i8259A_init_ops+0x0/0x20 @ 1
[    4.436771] initcall i8259A_init_ops+0x0/0x20 returned 0 after 1 usecs
[    4.444362] calling  init_tsc_clocksource+0x0/0xa4 @ 1
[    4.450347] clocksource: tsc: mask: 0xffffffffffffffff max_cycles: 0x39a85afc727, max_idle_ns: 881590685098 ns
[    4.461760] initcall init_tsc_clocksource+0x0/0xa4 returned 0 after 11144 usecs
[    4.470236] calling  add_rtc_cmos+0x0/0xb0 @ 1
[    4.475453] initcall add_rtc_cmos+0x0/0xb0 returned 0 after 21 usecs
[    4.482874] calling  i8237A_init_ops+0x0/0x3a @ 1
[    4.488488] initcall i8237A_init_ops+0x0/0x3a returned 0 after 104 usecs
[    4.496247] calling  umwait_init+0x0/0x94 @ 1
[    4.501429] initcall umwait_init+0x0/0x94 returned -19 after 20 usecs
[    4.508871] calling  thermal_throttle_init_device+0x0/0x3d @ 1
[    4.515920] initcall thermal_throttle_init_device+0x0/0x3d returned 0 after 16 usecs
[    4.525093] calling  msr_init+0x0/0xd7 @ 1
[    4.530359] initcall msr_init+0x0/0xd7 returned 0 after 213 usecs
[    4.537926] calling  cpuid_init+0x0/0xd7 @ 1
[    4.543184] initcall cpuid_init+0x0/0xd7 returned 0 after 112 usecs
[    4.550652] calling  ioapic_init_ops+0x0/0x13 @ 1
[    4.557538] initcall ioapic_init_ops+0x0/0x13 returned 0 after 32 usecs
[    4.565581] calling  add_pcspkr+0x0/0x6c @ 1
[    4.570878] initcall add_pcspkr+0x0/0x6c returned 0 after 60 usecs
[    4.579009] calling  start_periodic_check_for_corruption+0x0/0x30 @ 1
[    4.587371] check: Scanning for low memory corruption every 60 seconds
[    4.596397] initcall start_periodic_check_for_corruption+0x0/0x30 returned 0 after 8810 usecs
[    4.607870] calling  sysfb_init+0x0/0x9c @ 1
[    4.613389] initcall sysfb_init+0x0/0x9c returned 0 after 204 usecs
[    4.621080] calling  audit_classes_init+0x0/0xae @ 1
[    4.627938] initcall audit_classes_init+0x0/0xae returned 0 after 40 usecs
[    4.636950] calling  iosf_mbi_init+0x0/0x24 @ 1
[    4.643922] initcall iosf_mbi_init+0x0/0x24 returned 0 after 186 usecs
[    4.653670] calling  proc_execdomains_init+0x0/0x21 @ 1
[    4.661507] initcall proc_execdomains_init+0x0/0x21 returned 0 after 21 usecs
[    4.670135] calling  register_warn_debugfs+0x0/0x23 @ 1
[    4.676484] initcall register_warn_debugfs+0x0/0x23 returned 0 after 8 usecs
[    4.684855] calling  ioresources_init+0x0/0x49 @ 1
[    4.690625] initcall ioresources_init+0x0/0x49 returned 0 after 5 usecs
[    4.698470] calling  snapshot_device_init+0x0/0xc @ 1
[    4.704538] initcall snapshot_device_init+0x0/0xc returned 0 after 70 usecs
[    4.712726] calling  irq_pm_init_ops+0x0/0x13 @ 1
[    4.718385] initcall irq_pm_init_ops+0x0/0x13 returned 0 after 16 usecs
[    4.726034] calling  rcu_torture_init+0x0/0x964 @ 1
[    4.731811] rcu-torture:--- Start of test: nreaders=1 nfakewriters=4 stat_interval=15 verbose=1 test_no_idle_hz=1 shuffle_interval=3 stutter=5 irqreader=1 fqs_duration=0 fqs_holdoff=0 fqs_stutter=3 test_boost=1/0 test_boost_interval=7 test_boost_duration=4 shutdown_secs=1800 stall_cpu=0 stall_cpu_holdoff=10 stall_cpu_irqsoff=0 stall_cpu_block=0 n_barrier_cbs=4 onoff_interval=0 onoff_holdoff=0 read_exit_delay=13 read_exit_burst=16
[    4.781878] rcu:  Start-test grace-period state: g-1096 f0x0
[    4.788657] rcu-torture: Creating rcu_torture_writer task
[    4.795196] rcu-torture: Creating rcu_torture_fakewriter task
[    4.801950] rcu-torture: rcu_torture_writer task started
[    4.809407] rcu-torture: Creating rcu_torture_fakewriter task
[    4.817669] rcu-torture: rcu_torture_fakewriter task started
[    4.825916] rcu-torture: GP expediting controlled from boot/sysfs for rcu.
[    4.836011] rcu-torture: Creating rcu_torture_fakewriter task
[    4.842753] rcu-torture: rcu_torture_fakewriter task started
[    4.849360] rcu_torture_writer: Testing conditional GPs.
[    4.855670] rcu-torture: Creating rcu_torture_fakewriter task
[    4.862754] rcu-torture: rcu_torture_fakewriter task started
[    4.870324] rcu_torture_writer: Testing expedited GPs.
[    4.876535] rcu-torture: Creating rcu_torture_reader task
[    4.882933] rcu-torture: rcu_torture_fakewriter task started
[    4.889649] rcu_torture_writer: Testing asynchronous GPs.
[    4.897378] rcu-torture: Creating rcu_torture_stats task
[    4.903850] rcu-torture: rcu_torture_reader task started
[    4.910207] rcu_torture_writer: Testing normal GPs.
[    4.916184] rcu-torture: Creating torture_shuffle task
[    4.922396] rcu-torture: rcu_torture_stats task started
[    4.928869] rcu-torture: Creating torture_stutter task
[    4.935304] rcu-torture: torture_shuffle task started
[    4.941872] rcu-torture: Creating torture_shutdown task
[    4.955110] rcu-torture: torture_stutter task started
[    4.966108] rcu-torture: Creating rcu_torture_fwd_prog task
[    4.974185] rcu-torture: torture_shutdown task started
[    4.980877] rcu-torture:torture_shutdown task: 1799961 ms remaining
[    4.988316] rcu-torture: Creating rcu_torture_barrier_cbs task
[    4.995456] rcu-torture: rcu_torture_fwd_progress task started
[    5.002591] rcu-torture: Creating rcu_torture_barrier_cbs task
[    5.009546] rcu-torture: rcu_torture_barrier_cbs task started
[    5.016658] rcu-torture: Creating rcu_torture_barrier_cbs task
[    5.023682] rcu-torture: rcu_torture_barrier_cbs task started
[    5.030763] rcu-torture: Creating rcu_torture_barrier_cbs task
[    5.037668] rcu-torture: rcu_torture_barrier_cbs task started
[    5.044652] rcu-torture: Creating rcu_torture_barrier task
[    5.051272] rcu-torture: rcu_torture_barrier_cbs task started
[    5.059363] rcu-torture: Creating rcu_torture_read_exit task
[    5.066566] rcu-torture: rcu_torture_barrier task starting
[    5.075358] initcall rcu_torture_init+0x0/0x964 returned 0 after 335176 usecs
[    5.084294] rcu-torture: rcu_torture_read_exit: Start of test
[    5.091486] calling  timekeeping_init_ops+0x0/0x13 @ 1
[    5.097891] initcall timekeeping_init_ops+0x0/0x13 returned 0 after 106 usecs
[    5.109174] calling  init_clocksource_sysfs+0x0/0x23 @ 1
[    5.121151] initcall init_clocksource_sysfs+0x0/0x23 returned 0 after 4213 usecs
[    5.132209] calling  init_timer_list_procfs+0x0/0x31 @ 1
[    5.141000] initcall init_timer_list_procfs+0x0/0x31 returned 0 after 181 usecs
[    5.151710] calling  alarmtimer_init+0x0/0xb5 @ 1
[    5.159380] initcall alarmtimer_init+0x0/0xb5 returned 0 after 576 usecs
[    5.169394] calling  init_posix_timers+0x0/0x29 @ 1
[    5.176928] initcall init_posix_timers+0x0/0x29 returned 0 after 130 usecs
[    5.187654] calling  clockevents_init_sysfs+0x0/0x8b @ 1
[    5.195758] initcall clockevents_init_sysfs+0x0/0x8b returned 0 after 163 usecs
[    5.205896] calling  proc_dma_init+0x0/0x21 @ 1
[    5.211986] initcall proc_dma_init+0x0/0x21 returned 0 after 58 usecs
[    5.220073] calling  proc_modules_init+0x0/0x1e @ 1
[    5.227503] initcall proc_modules_init+0x0/0x1e returned 0 after 41 usecs
[    5.236510] calling  kallsyms_init+0x0/0x21 @ 1
[    5.243366] initcall kallsyms_init+0x0/0x21 returned 0 after 132 usecs
[    5.253362] calling  pid_namespaces_init+0x0/0x2c @ 1
[    5.260733] initcall pid_namespaces_init+0x0/0x2c returned 0 after 57 usecs
[    5.271182] calling  audit_watch_init+0x0/0x37 @ 1
[    5.278363] initcall audit_watch_init+0x0/0x37 returned 0 after 8 usecs
[    5.288206] calling  audit_fsnotify_init+0x0/0x37 @ 1
[    5.295782] initcall audit_fsnotify_init+0x0/0x37 returned 0 after 6 usecs
[    5.305844] calling  audit_tree_init+0x0/0x6d @ 1
[    5.312164] initcall audit_tree_init+0x0/0x6d returned 0 after 24 usecs
[    5.320656] calling  seccomp_sysctl_init+0x0/0x2b @ 1
[    5.327614] initcall seccomp_sysctl_init+0x0/0x2b returned 0 after 304 usecs
[    5.337668] calling  utsname_sysctl_init+0x0/0x13 @ 1
[    5.345499] initcall utsname_sysctl_init+0x0/0x13 returned 0 after 124 usecs
[    5.355800] calling  init_tracepoints+0x0/0x27 @ 1
[    5.363027] initcall init_tracepoints+0x0/0x27 returned 0 after 110 usecs
[    5.372946] calling  init_blk_tracer+0x0/0x50 @ 1
[    5.383822] initcall init_blk_tracer+0x0/0x50 returned 0 after 3272 usecs
[    5.393771] calling  perf_event_sysfs_init+0x0/0x81 @ 1
[    5.402084] initcall perf_event_sysfs_init+0x0/0x81 returned 0 after 594 usecs
[    5.412363] calling  system_trusted_keyring_init+0x0/0x5f @ 1
[    5.420636] Initialise system trusted keyrings
[    5.427220] initcall system_trusted_keyring_init+0x0/0x5f returned 0 after 6432 usecs
[    5.438393] calling  kswapd_init+0x0/0x13 @ 1
[    5.445184] initcall kswapd_init+0x0/0x13 returned 0 after 464 usecs
[    5.454362] calling  extfrag_debug_init+0x0/0x54 @ 1
[    5.461763] initcall extfrag_debug_init+0x0/0x54 returned 0 after 281 usecs
[    5.471748] calling  slab_proc_init+0x0/0x21 @ 1
[    5.478580] initcall slab_proc_init+0x0/0x21 returned 0 after 57 usecs
[    5.488141] calling  workingset_init+0x0/0x8c @ 1
[    5.495011] workingset: timestamp_bits=62 max_order=17 bucket_order=0
[    5.504454] initcall workingset_init+0x0/0x8c returned 0 after 9225 usecs
[    5.514365] calling  proc_vmalloc_init+0x0/0x27 @ 1
[    5.521556] initcall proc_vmalloc_init+0x0/0x27 returned 0 after 27 usecs
[    5.531564] calling  procswaps_init+0x0/0x1e @ 1
[    5.540788] initcall procswaps_init+0x0/0x1e returned 0 after 2334 usecs
[    5.550199] calling  slab_sysfs_init+0x0/0xea @ 1
[    5.558785] initcall slab_sysfs_init+0x0/0xea returned 0 after 2954 usecs
[    5.566913] calling  fcntl_init+0x0/0x29 @ 1
[    5.572373] initcall fcntl_init+0x0/0x29 returned 0 after 425 usecs
[    5.579704] calling  proc_filesystems_init+0x0/0x21 @ 1
[    5.586008] initcall proc_filesystems_init+0x0/0x21 returned 0 after 13 usecs
[    5.594989] calling  start_dirtytime_writeback+0x0/0x29 @ 1
[    5.601828] initcall start_dirtytime_writeback+0x0/0x29 returned 0 after 8 usecs
[    5.611145] calling  blkdev_init+0x0/0x1b @ 1
[    5.616890] initcall blkdev_init+0x0/0x1b returned 0 after 153 usecs
[    5.624912] calling  dio_init+0x0/0x2c @ 1
[    5.630954] initcall dio_init+0x0/0x2c returned 0 after 136 usecs
[    5.639974] calling  dnotify_init+0x0/0x78 @ 1
[    5.646604] initcall dnotify_init+0x0/0x78 returned 0 after 21 usecs
[    5.656016] calling  aio_setup+0x0/0x78 @ 1
[    5.662209] initcall aio_setup+0x0/0x78 returned 0 after 388 usecs
[    5.669528] calling  io_uring_init+0x0/0x2c @ 1
[    5.674887] initcall io_uring_init+0x0/0x2c returned 0 after 11 usecs
[    5.682601] calling  mbcache_init+0x0/0x30 @ 1
[    5.688164] initcall mbcache_init+0x0/0x30 returned 0 after 76 usecs
[    5.695700] calling  init_grace+0x0/0xc @ 1
[    5.700760] initcall init_grace+0x0/0xc returned 0 after 76 usecs
[    5.708039] calling  init_v2_quota_format+0x0/0x21 @ 1
[    5.714736] initcall init_v2_quota_format+0x0/0x21 returned 0 after 52 usecs
[    5.723972] calling  init_devpts_fs+0x0/0x27 @ 1
[    5.731382] initcall init_devpts_fs+0x0/0x27 returned 0 after 331 usecs
[    5.741598] calling  ext4_init_fs+0x0/0x1cb @ 1
[    5.749233] initcall ext4_init_fs+0x0/0x1cb returned 0 after 553 usecs
[    5.759213] calling  journal_init+0x0/0x11c @ 1
[    5.766356] initcall journal_init+0x0/0x11c returned 0 after 243 usecs
[    5.776332] calling  init_fat_fs+0x0/0x49 @ 1
[    5.783465] initcall init_fat_fs+0x0/0x49 returned 0 after 117 usecs
[    5.792051] calling  init_vfat_fs+0x0/0xc @ 1
[    5.797383] initcall init_vfat_fs+0x0/0xc returned 0 after 7 usecs
[    5.805017] calling  init_msdos_fs+0x0/0xc @ 1
[    5.810527] initcall init_msdos_fs+0x0/0xc returned 0 after 7 usecs
[    5.818211] calling  init_iso9660_fs+0x0/0x6c @ 1
[    5.824227] initcall init_iso9660_fs+0x0/0x6c returned 0 after 72 usecs
[    5.832419] calling  init_nfs_fs+0x0/0x13a @ 1
[    5.839160] initcall init_nfs_fs+0x0/0x13a returned 0 after 1180 usecs
[    5.847211] calling  init_nfs_v2+0x0/0x13 @ 1
[    5.852826] initcall init_nfs_v2+0x0/0x13 returned 0 after 94 usecs
[    5.861465] calling  init_nfs_v3+0x0/0x13 @ 1
[    5.868144] initcall init_nfs_v3+0x0/0x13 returned 0 after 7 usecs
[    5.877667] calling  init_nfs_v4+0x0/0x32 @ 1
[    5.884526] NFS: Registering the id_resolver key type
[    5.891627] Key type id_resolver registered
[    5.896827] Key type id_legacy registered
[    5.901913] initcall init_nfs_v4+0x0/0x32 returned 0 after 17062 usecs
[    5.910345] calling  init_nlm+0x0/0x5b @ 1
[    5.915724] initcall init_nlm+0x0/0x5b returned 0 after 110 usecs
[    5.923713] calling  init_nls_cp437+0x0/0xe @ 1
[    5.929536] initcall init_nls_cp437+0x0/0xe returned 0 after 52 usecs
[    5.937744] calling  init_nls_ascii+0x0/0xe @ 1
[    5.943602] initcall init_nls_ascii+0x0/0xe returned 0 after 6 usecs
[    5.951754] calling  init_nls_iso8859_1+0x0/0xe @ 1
[    5.958034] initcall init_nls_iso8859_1+0x0/0xe returned 0 after 2 usecs
[    5.966519] calling  init_nls_utf8+0x0/0x21 @ 1
[    5.972308] initcall init_nls_utf8+0x0/0x21 returned 0 after 6 usecs
[    5.980178] calling  init_autofs_fs+0x0/0x25 @ 1
[    5.988226] initcall init_autofs_fs+0x0/0x25 returned 0 after 2349 usecs
[    5.996723] calling  ipc_init+0x0/0x24 @ 1
[    6.001947] initcall ipc_init+0x0/0x24 returned 0 after 59 usecs
[    6.009435] calling  ipc_sysctl_init+0x0/0x13 @ 1
[    6.015473] initcall ipc_sysctl_init+0x0/0x13 returned 0 after 40 usecs
[    6.023745] calling  init_mqueue_fs+0x0/0x92 @ 1
[    6.030064] initcall init_mqueue_fs+0x0/0x92 returned 0 after 452 usecs
[    6.038486] calling  key_proc_init+0x0/0x63 @ 1
[    6.044322] initcall key_proc_init+0x0/0x63 returned 0 after 11 usecs
[    6.052532] calling  selinux_nf_ip_init+0x0/0x2e @ 1
[    6.058898] initcall selinux_nf_ip_init+0x0/0x2e returned 0 after 52 usecs
[    6.067232] calling  init_sel_fs+0x0/0x116 @ 1
[    6.072850] initcall init_sel_fs+0x0/0x116 returned 0 after 5 usecs
[    6.080636] calling  selnl_init+0x0/0x7c @ 1
[    6.086460] initcall selnl_init+0x0/0x7c returned 0 after 309 usecs
[    6.094342] calling  sel_netif_init+0x0/0x36 @ 1
[    6.100207] initcall sel_netif_init+0x0/0x36 returned 0 after 25 usecs
[    6.108149] calling  sel_netnode_init+0x0/0x33 @ 1
[    6.114272] initcall sel_netnode_init+0x0/0x33 returned 0 after 5 usecs
[    6.122787] calling  sel_netport_init+0x0/0x33 @ 1
[    6.128884] initcall sel_netport_init+0x0/0x33 returned 0 after 5 usecs
[    6.137360] calling  aurule_init+0x0/0x2a @ 1
[    6.142872] initcall aurule_init+0x0/0x2a returned 0 after 4 usecs
[    6.150668] calling  crypto_algapi_init+0x0/0xc @ 1
[    6.156760] initcall crypto_algapi_init+0x0/0xc returned 0 after 10 usecs
[    6.165441] calling  jent_mod_init+0x0/0x2d @ 1
[    6.180622] initcall jent_mod_init+0x0/0x2d returned 0 after 9037 usecs
[    6.189332] calling  asymmetric_key_init+0x0/0xc @ 1
[    6.195694] Key type asymmetric registered
[    6.200931] initcall asymmetric_key_init+0x0/0xc returned 0 after 5115 usecs
[    6.210308] calling  x509_key_init+0x0/0xc @ 1
[    6.216021] Asymmetric key parser 'x509' registered
[    6.222337] initcall x509_key_init+0x0/0xc returned 0 after 6203 usecs
[    6.232948] calling  proc_genhd_init+0x0/0x41 @ 1
[    6.239109] initcall proc_genhd_init+0x0/0x41 returned 0 after 7 usecs
[    6.247425] calling  bsg_init+0x0/0x113 @ 1
[    6.253156] Block layer SCSI generic (bsg) driver version 0.4 loaded (major 251)
[    6.262929] initcall bsg_init+0x0/0x113 returned 0 after 9758 usecs
[    6.270970] calling  deadline_init+0x0/0xc @ 1
[    6.277570] io scheduler mq-deadline registered
[    6.284425] initcall deadline_init+0x0/0xc returned 0 after 6732 usecs
[    6.292928] calling  kyber_init+0x0/0xc @ 1
[    6.298705] io scheduler kyber registered
[    6.304719] initcall kyber_init+0x0/0xc returned 0 after 5872 usecs
[    6.313732] calling  mod_init+0x0/0x7 @ 1
[    6.319742] initcall mod_init+0x0/0x7 returned 0 after 46 usecs
[    6.327903] calling  sg_pool_init+0x0/0xb4 @ 1
[    6.333935] initcall sg_pool_init+0x0/0xb4 returned 0 after 143 usecs
[    6.342517] calling  pcie_portdrv_init+0x0/0x39 @ 1
[    6.349914] initcall pcie_portdrv_init+0x0/0x39 returned 0 after 742 usecs
[    6.359421] calling  pci_proc_init+0x0/0x68 @ 1
[    6.365707] initcall pci_proc_init+0x0/0x68 returned 0 after 131 usecs
[    6.374631] calling  pci_hotplug_init+0x0/0x7 @ 1
[    6.380941] initcall pci_hotplug_init+0x0/0x7 returned 0 after 9 usecs
[    6.389756] calling  efifb_driver_init+0x0/0xe @ 1
[    6.396732] initcall efifb_driver_init+0x0/0xe returned 0 after 104 usecs
[    6.406225] calling  ged_driver_init+0x0/0xe @ 1
[    6.412792] initcall ged_driver_init+0x0/0xe returned 0 after 282 usecs
[    6.422507] calling  acpi_ac_init+0x0/0x92 @ 1
[    6.431142] initcall acpi_ac_init+0x0/0x92 returned 0 after 2214 usecs
[    6.440333] calling  acpi_button_driver_init+0x0/0x52 @ 1
[    6.448856] input: Power Button as /devices/LNXSYSTM:00/LNXPWRBN:00/input/input0
[    6.466563] ACPI: Power Button [PWRF]
[    6.472936] initcall acpi_button_driver_init+0x0/0x52 returned 0 after 24407 usecs
[    6.484863] calling  acpi_fan_driver_init+0x0/0xe @ 1
[    6.492948] initcall acpi_fan_driver_init+0x0/0xe returned 0 after 22 usecs
[    6.503769] calling  acpi_video_init+0x0/0xcb @ 1
[    6.511627] initcall acpi_video_init+0x0/0xcb returned 0 after 143 usecs
[    6.522862] calling  acpi_processor_driver_init+0x0/0xad @ 1
[    6.533659] initcall acpi_processor_driver_init+0x0/0xad returned 0 after 1238 usecs
[    6.546573] calling  acpi_thermal_init+0x0/0x71 @ 1
[    6.554925] initcall acpi_thermal_init+0x0/0x71 returned 0 after 163 usecs
[    6.566427] calling  acpi_battery_init+0x0/0x32 @ 1
[    6.575168] initcall acpi_battery_init+0x0/0x32 returned 0 after 129 usecs
[    6.586733] calling  bgrt_init+0x0/0xb6 @ 1
[    6.593720] initcall bgrt_init+0x0/0xb6 returned -19 after 7 usecs
[    6.602397] calling  gpio_clk_driver_init+0x0/0xe @ 1
[    6.610957] initcall gpio_clk_driver_init+0x0/0xe returned 0 after 98 usecs
[    6.620547] calling  plt_clk_driver_init+0x0/0xe @ 1
[    6.627762] initcall plt_clk_driver_init+0x0/0xe returned 0 after 20 usecs
[    6.637628] calling  virtio_pci_driver_init+0x0/0x15 @ 1
[    6.645793] initcall virtio_pci_driver_init+0x0/0x15 returned 0 after 91 usecs
[    6.655811] calling  n_null_init+0x0/0x1e @ 1
[    6.662532] initcall n_null_init+0x0/0x1e returned 0 after 105 usecs
[    6.672714] calling  pty_init+0x0/0x1e8 @ 1
[    6.680605] initcall pty_init+0x0/0x1e8 returned 0 after 597 usecs
[    6.689835] calling  sysrq_init+0x0/0x62 @ 1
[    6.696068] initcall sysrq_init+0x0/0x62 returned 0 after 51 usecs
[    6.705462] calling  serial8250_init+0x0/0x17e @ 1
[    6.712510] Serial: 8250/16550 driver, 4 ports, IRQ sharing enabled
[    6.724645] 00:03: ttyS0 at I/O 0x3f8 (irq = 4, base_baud = 115200) is a 16550A
[    6.740113] initcall serial8250_init+0x0/0x17e returned 0 after 27053 usecs
[    6.750820] calling  serial_pci_driver_init+0x0/0x15 @ 1
[    6.759523] initcall serial_pci_driver_init+0x0/0x15 returned 0 after 456 usecs
[    6.771380] calling  exar_pci_driver_init+0x0/0x15 @ 1
[    6.779127] initcall exar_pci_driver_init+0x0/0x15 returned 0 after 78 usecs
[    6.790426] calling  lpss8250_pci_driver_init+0x0/0x15 @ 1
[    6.799033] initcall lpss8250_pci_driver_init+0x0/0x15 returned 0 after 24 usecs
[    6.810135] calling  mid8250_pci_driver_init+0x0/0x15 @ 1
[    6.818185] initcall mid8250_pci_driver_init+0x0/0x15 returned 0 after 41 usecs
[    6.830942] calling  virtio_console_init+0x0/0xff @ 1
[    6.839612] initcall virtio_console_init+0x0/0xff returned 0 after 207 usecs
[    6.850590] calling  hpet_init+0x0/0x64 @ 1
[    6.861695] initcall hpet_init+0x0/0x64 returned 0 after 4376 usecs
[    6.870982] calling  nvram_module_init+0x0/0x83 @ 1
[    6.878825] Non-volatile memory driver v1.3
[    6.885664] initcall nvram_module_init+0x0/0x83 returned 0 after 6813 usecs
[    6.896230] calling  hwrng_modinit+0x0/0x8a @ 1
[    6.903858] initcall hwrng_modinit+0x0/0x8a returned 0 after 140 usecs
[    6.914205] calling  mod_init+0x0/0x48 @ 1
[    6.921369] initcall mod_init+0x0/0x48 returned -19 after 10 usecs
[    6.930981] calling  agp_init+0x0/0x23 @ 1
[    6.937066] Linux agpgart interface v0.103
[    6.943667] initcall agp_init+0x0/0x23 returned 0 after 6445 usecs
[    6.953807] calling  agp_amd64_mod_init+0x0/0x5 @ 1
[    6.995360] initcall agp_amd64_mod_init+0x0/0x5 returned -19 after 22734 usecs
[    7.008570] calling  agp_intel_init+0x0/0x28 @ 1
[    7.021176] initcall agp_intel_init+0x0/0x28 returned 0 after 3232 usecs
[    7.032697] calling  drm_kms_helper_init+0x0/0x7 @ 1
[    7.041295] initcall drm_kms_helper_init+0x0/0x7 returned 0 after 160 usecs
[    7.051186] calling  drm_core_init+0x0/0x9e @ 1
[    7.069165] initcall drm_core_init+0x0/0x9e returned 0 after 10695 usecs
[    7.078999] calling  i915_init+0x0/0x6b @ 1
[    7.099878] initcall i915_init+0x0/0x6b returned 0 after 13617 usecs
[    7.109674] calling  cn_proc_init+0x0/0x35 @ 1
[    7.116705] initcall cn_proc_init+0x0/0x35 returned 0 after 92 usecs
[    7.126044] calling  topology_sysfs_init+0x0/0x27 @ 1
[    7.134026] initcall topology_sysfs_init+0x0/0x27 returned 0 after 468 usecs
[    7.144950] calling  cacheinfo_sysfs_init+0x0/0x27 @ 1
[    7.155740] initcall cacheinfo_sysfs_init+0x0/0x27 returned 0 after 2850 usecs
[    7.166782] calling  loop_init+0x0/0x168 @ 1
[    7.250176] loop: module loaded
[    7.255338] initcall loop_init+0x0/0x168 returned 0 after 79907 usecs
[    7.265259] calling  mac_hid_init+0x0/0x21 @ 1
[    7.272055] initcall mac_hid_init+0x0/0x21 returned 0 after 68 usecs
[    7.282387] calling  spi_transport_init+0x0/0x74 @ 1
[    7.291027] initcall spi_transport_init+0x0/0x74 returned 0 after 450 usecs
[    7.301995] calling  init_sd+0x0/0x18c @ 1
[    7.309383] initcall init_sd+0x0/0x18c returned 0 after 507 usecs
[    7.319803] calling  init_sr+0x0/0x43 @ 1
[    7.326956] initcall init_sr+0x0/0x43 returned 0 after 44 usecs
[    7.336098] calling  init_sg+0x0/0x1c0 @ 1
[    7.344153] initcall init_sg+0x0/0x1c0 returned 0 after 1299 usecs
[    7.354021] calling  ahci_pci_driver_init+0x0/0x15 @ 1
[    7.364257] ahci 0000:00:1f.2: version 3.0
[    7.379796] PCI Interrupt Link [GSIA] enabled at IRQ 16
[    7.402908] ahci 0000:00:1f.2: AHCI 0001.0000 32 slots 6 ports 1.5 Gbps 0x3f impl SATA mode
[    7.416375] ahci 0000:00:1f.2: flags: 64bit ncq only 
[    7.451992] scsi host0: ahci
[    7.459022] scsi host1: ahci
[    7.466260] scsi host2: ahci
[    7.472898] scsi host3: ahci
[    7.479161] scsi host4: ahci
[    7.486860] scsi host5: ahci
[    7.492551] ata1: SATA max UDMA/133 abar m4096@0xfebf1000 port 0xfebf1100 irq 24
[    7.504646] ata2: SATA max UDMA/133 abar m4096@0xfebf1000 port 0xfebf1180 irq 24
[    7.516748] ata3: SATA max UDMA/133 abar m4096@0xfebf1000 port 0xfebf1200 irq 24
[    7.528578] ata4: SATA max UDMA/133 abar m4096@0xfebf1000 port 0xfebf1280 irq 24
[    7.540492] ata5: SATA max UDMA/133 abar m4096@0xfebf1000 port 0xfebf1300 irq 24
[    7.553563] ata6: SATA max UDMA/133 abar m4096@0xfebf1000 port 0xfebf1380 irq 24
[    7.570995] initcall ahci_pci_driver_init+0x0/0x15 returned 0 after 203551 usecs
[    7.591189] calling  piix_init+0x0/0x26 @ 1
[    7.598742] initcall piix_init+0x0/0x26 returned 0 after 363 usecs
[    7.609070] calling  amd_pci_driver_init+0x0/0x15 @ 1
[    7.617567] initcall amd_pci_driver_init+0x0/0x15 returned 0 after 32 usecs
[    7.629331] calling  oldpiix_pci_driver_init+0x0/0x15 @ 1
[    7.638990] initcall oldpiix_pci_driver_init+0x0/0x15 returned 0 after 142 usecs
[    7.651426] calling  sch_pci_driver_init+0x0/0x15 @ 1
[    7.660805] initcall sch_pci_driver_init+0x0/0x15 returned 0 after 37 usecs
[    7.672096] calling  net_olddevs_init+0x0/0x55 @ 1
[    7.681458] initcall net_olddevs_init+0x0/0x55 returned 0 after 335 usecs
[    7.693958] calling  blackhole_netdev_init+0x0/0x78 @ 1
[    7.703583] initcall blackhole_netdev_init+0x0/0x78 returned 0 after 248 usecs
[    7.716838] calling  phy_module_init+0x0/0x13 @ 1
[    7.725866] initcall phy_module_init+0x0/0x13 returned 0 after 387 usecs
[    7.738134] calling  tg3_driver_init+0x0/0x15 @ 1
[    7.747589] initcall tg3_driver_init+0x0/0x15 returned 0 after 400 usecs
[    7.758082] calling  e100_init_module+0x0/0x4c @ 1
[    7.766211] e100: Intel(R) PRO/100 Network Driver
[    7.775625] e100: Copyright(c) 1999-2006 Intel Corporation
[    7.785642] initcall e100_init_module+0x0/0x4c returned 0 after 19026 usecs
[    7.798985] calling  e1000_init_module+0x0/0x72 @ 1
[    7.808213] e1000: Intel(R) PRO/1000 Network Driver
[    7.816726] e1000: Copyright (c) 1999-2006 Intel Corporation.
[    7.827933] initcall e1000_init_module+0x0/0x72 returned 0 after 19988 usecs
[    7.841007] calling  e1000_init_module+0x0/0x2d @ 1
[    7.850849] e1000e: Intel(R) PRO/1000 Network Driver
[    7.859992] e1000e: Copyright(c) 1999 - 2015 Intel Corporation.
[    7.871046] initcall e1000_init_module+0x0/0x2d returned 0 after 20480 usecs
[    7.886149] ata1: SATA link down (SStatus 0 SControl 300)
[    7.895810] calling  sky2_init_module+0x0/0x21 @ 1
[    7.904794] sky2: driver version 1.30
[    7.914920] ata4: SATA link down (SStatus 0 SControl 300)
[    7.923811] initcall sky2_init_module+0x0/0x21 returned 0 after 18578 usecs
[    7.938475] ata3: SATA link up 1.5 Gbps (SStatus 113 SControl 300)
[    7.948529] calling  forcedeth_pci_driver_init+0x0/0x15 @ 1
[    7.966296] ata2: SATA link down (SStatus 0 SControl 300)
[    7.975994] initcall forcedeth_pci_driver_init+0x0/0x15 returned 0 after 17681 usecs
[    7.993158] ata5: SATA link down (SStatus 0 SControl 300)
[    8.001959] calling  rtl8139_init_module+0x0/0x15 @ 1
[    8.015431] ata6: SATA link down (SStatus 0 SControl 300)
[    8.025059] initcall rtl8139_init_module+0x0/0x15 returned 0 after 14106 usecs
[    8.038736] ata3.00: ATAPI: QEMU DVD-ROM, 2.5+, max UDMA/100
[    8.047925] calling  rtl8169_pci_driver_init+0x0/0x15 @ 1
[    8.057414] ata3.00: applying bridge limits
[    8.064486] initcall rtl8169_pci_driver_init+0x0/0x15 returned 0 after 6916 usecs
[    8.078139] ata3.00: configured for UDMA/100
[    8.087179] calling  cdrom_init+0x0/0xc @ 1
[    8.094690] initcall cdrom_init+0x0/0xc returned 0 after 501 usecs
[    8.107150] scsi 2:0:0:0: CD-ROM            QEMU     QEMU DVD-ROM     2.5+ PQ: 0 ANSI: 5
[    8.119947] calling  nonstatic_sysfs_init+0x0/0xc @ 1
[    8.132696] initcall nonstatic_sysfs_init+0x0/0xc returned 0 after 4401 usecs
[    8.143736] calling  yenta_cardbus_driver_init+0x0/0x15 @ 1
[    8.153435] initcall yenta_cardbus_driver_init+0x0/0x15 returned 0 after 277 usecs
[    8.165565] calling  mon_init+0x0/0x123 @ 1
[    8.177257] sr 2:0:0:0: [sr0] scsi3-mmc drive: 4x/4x cd/rw xa/form2 tray
[    8.188066] initcall mon_init+0x0/0x123 returned 0 after 14761 usecs
[    8.198726] cdrom: Uniform CD-ROM driver Revision: 3.20
[    8.208485] calling  ehci_hcd_init+0x0/0x55 @ 1
[    8.218745] ehci_hcd: USB 2.0 'Enhanced' Host Controller (EHCI) Driver
[    8.231570] initcall ehci_hcd_init+0x0/0x55 returned 0 after 13863 usecs
[    8.242004] calling  ehci_pci_init+0x0/0x64 @ 1
[    8.250379] ehci-pci: EHCI PCI platform driver
[    8.258941] initcall ehci_pci_init+0x0/0x64 returned 0 after 8381 usecs
[    8.270802] calling  ohci_hcd_mod_init+0x0/0x4d @ 1
[    8.284435] sr 2:0:0:0: Attached scsi CD-ROM sr0
[    8.294013] sr 2:0:0:0: Attached scsi generic sg0 type 5
[    8.302413] ohci_hcd: USB 1.1 'Open' Host Controller (OHCI) Driver
[    8.312668] initcall ohci_hcd_mod_init+0x0/0x4d returned 0 after 32330 usecs
[    8.323913] calling  ohci_pci_init+0x0/0x64 @ 1
[    8.330768] ohci-pci: OHCI PCI platform driver
[    8.338475] initcall ohci_pci_init+0x0/0x64 returned 0 after 7535 usecs
[    8.349686] calling  uhci_hcd_init+0x0/0xa6 @ 1
[    8.356693] uhci_hcd: USB Universal Host Controller Interface driver
[    8.367173] initcall uhci_hcd_init+0x0/0xa6 returned 0 after 10242 usecs
[    8.378038] calling  xhci_hcd_init+0x0/0x1e @ 1
[    8.385643] initcall xhci_hcd_init+0x0/0x1e returned 0 after 53 usecs
[    8.395839] calling  xhci_pci_init+0x0/0x49 @ 1
[    8.405129] initcall xhci_pci_init+0x0/0x49 returned 0 after 214 usecs
[    8.416645] calling  usblp_driver_init+0x0/0x15 @ 1
[    8.425856] usbcore: registered new interface driver usblp
[    8.435136] initcall usblp_driver_init+0x0/0x15 returned 0 after 9472 usecs
[    8.445663] calling  usb_storage_driver_init+0x0/0x2a @ 1
[    8.454677] usbcore: registered new interface driver usb-storage
[    8.464316] initcall usb_storage_driver_init+0x0/0x2a returned 0 after 9597 usecs
[    8.476325] calling  i8042_init+0x0/0x4c2 @ 1
[    8.486613] i8042: PNP: PS/2 Controller [PNP0303:KBD,PNP0f13:MOU] at 0x60,0x64 irq 1,12
[    8.511166] serio: i8042 KBD port at 0x60,0x64 irq 1
[    8.521572] serio: i8042 AUX port at 0x60,0x64 irq 12
[    8.531184] initcall i8042_init+0x0/0x4c2 returned 0 after 45690 usecs
[    8.541795] calling  serport_init+0x0/0x2c @ 1
[    8.549753] initcall serport_init+0x0/0x2c returned 0 after 122 usecs
[    8.561487] calling  input_leds_init+0x0/0xc @ 1
[    8.569825] initcall input_leds_init+0x0/0xc returned 0 after 612 usecs
[    8.581215] calling  evdev_init+0x0/0xc @ 1
[    8.589569] initcall evdev_init+0x0/0xc returned 0 after 552 usecs
[    8.600449] calling  atkbd_init+0x0/0x21 @ 1
[    8.612426] initcall atkbd_init+0x0/0x21 returned 0 after 3726 usecs
[    8.623837] input: AT Translated Set 2 keyboard as /devices/platform/i8042/serio0/input/input1
[    8.637689] calling  psmouse_init+0x0/0x7f @ 1
[    8.648199] initcall psmouse_init+0x0/0x7f returned 0 after 3353 usecs
[    8.669024] calling  cmos_init+0x0/0x73 @ 1
[    8.685017] rtc_cmos 00:04: RTC can wake from S4
[    8.707432] rtc_cmos 00:04: registered as rtc0
[    8.714966] rtc_cmos 00:04: alarms up to one day, y3k, 242 bytes nvram, hpet irqs
[    8.727422] initcall cmos_init+0x0/0x73 returned 0 after 50706 usecs
[    8.737003] calling  smbalert_driver_init+0x0/0xe @ 1
[    8.745260] initcall smbalert_driver_init+0x0/0xe returned 0 after 121 usecs
[    8.756795] calling  i2c_i801_init+0x0/0xc5 @ 1
[    8.767754] i801_smbus 0000:00:1f.3: SMBus using PCI interrupt
[    8.779681] i2c i2c-0: 1/1 memory slots populated (from DMI)
[    8.788712] i2c i2c-0: Memory type 0x07 not supported yet, not instantiating SPD
[    8.801942] initcall i2c_i801_init+0x0/0xc5 returned 0 after 36569 usecs
[    8.815458] calling  ptp_kvm_init+0x0/0xf0 @ 1
[    8.823256] initcall ptp_kvm_init+0x0/0xf0 returned 0 after 403 usecs
[    8.833588] calling  dm_init+0x0/0x3c @ 1
[    8.841965] device-mapper: ioctl: 4.43.0-ioctl (2020-10-01) initialised: dm-devel@redhat.com
[    8.856433] initcall dm_init+0x0/0x3c returned 0 after 15907 usecs
[    8.866259] calling  dm_mirror_init+0x0/0x29 @ 1
[    8.874003] initcall dm_mirror_init+0x0/0x29 returned 0 after 31 usecs
[    8.885614] calling  dm_dirty_log_init+0x0/0x4f @ 1
[    8.894604] initcall dm_dirty_log_init+0x0/0x4f returned 0 after 337 usecs
[    8.910142] calling  dm_zero_init+0x0/0x29 @ 1
[    8.923764] initcall dm_zero_init+0x0/0x29 returned 0 after 5737 usecs
[    8.934916] calling  intel_pstate_init+0x0/0x4a2 @ 1
[    8.943707] intel_pstate: CPU model not supported
[    8.951635] initcall intel_pstate_init+0x0/0x4a2 returned -19 after 7835 usecs
[    8.964173] calling  haltpoll_init+0x0/0xc0 @ 1
[    8.971541] initcall haltpoll_init+0x0/0xc0 returned -19 after 38 usecs
[    8.983209] calling  efivars_sysfs_init+0x0/0x30 @ 1
[    8.991669] initcall efivars_sysfs_init+0x0/0x30 returned 0 after 7 usecs
[    9.003272] calling  esrt_sysfs_init+0x0/0x2a2 @ 1
[    9.032712] initcall esrt_sysfs_init+0x0/0x2a2 returned -38 after 20578 usecs
[    9.054451] calling  hid_init+0x0/0x5c @ 1
[    9.068020] hid: raw HID events driver (C) Jiri Kosina
[    9.085314] initcall hid_init+0x0/0x5c returned 0 after 24372 usecs
[    9.105895] calling  hid_generic_init+0x0/0x15 @ 1
[    9.120819] initcall hid_generic_init+0x0/0x15 returned 0 after 7324 usecs
[    9.154500] calling  a4_driver_init+0x0/0x15 @ 1
[    9.170478] initcall a4_driver_init+0x0/0x15 returned 0 after 8363 usecs
[    9.193437] calling  apple_driver_init+0x0/0x15 @ 1
[    9.211561] initcall apple_driver_init+0x0/0x15 returned 0 after 9409 usecs
[    9.233402] calling  belkin_driver_init+0x0/0x15 @ 1
[    9.247610] initcall belkin_driver_init+0x0/0x15 returned 0 after 6605 usecs
[    9.279428] calling  ch_driver_init+0x0/0x15 @ 1
[    9.294439] initcall ch_driver_init+0x0/0x15 returned 0 after 7358 usecs
[    9.322411] calling  ch_driver_init+0x0/0x15 @ 1
[    9.336450] initcall ch_driver_init+0x0/0x15 returned 0 after 5977 usecs
[    9.378357] calling  cp_driver_init+0x0/0x15 @ 1
[    9.394916] input: ImExPS/2 Generic Explorer Mouse as /devices/platform/i8042/serio1/input/input3
[    9.412415] initcall cp_driver_init+0x0/0x15 returned 0 after 25536 usecs
[    9.437427] calling  ez_driver_init+0x0/0x15 @ 1
[    9.455415] initcall ez_driver_init+0x0/0x15 returned 0 after 10163 usecs
[    9.479670] calling  gyration_driver_init+0x0/0x15 @ 1
[    9.500558] initcall gyration_driver_init+0x0/0x15 returned 0 after 13424 usecs
[    9.517595] calling  ite_driver_init+0x0/0x15 @ 1
[    9.530550] initcall ite_driver_init+0x0/0x15 returned 0 after 6466 usecs
[    9.551505] calling  ks_driver_init+0x0/0x15 @ 1
[    9.566313] initcall ks_driver_init+0x0/0x15 returned 0 after 6938 usecs
[    9.590481] calling  lg_driver_init+0x0/0x15 @ 1
[    9.602558] initcall lg_driver_init+0x0/0x15 returned 0 after 4607 usecs
[    9.622380] calling  lg_g15_driver_init+0x0/0x15 @ 1
[    9.639609] initcall lg_g15_driver_init+0x0/0x15 returned 0 after 9236 usecs
[    9.661546] calling  ms_driver_init+0x0/0x15 @ 1
[    9.676522] initcall ms_driver_init+0x0/0x15 returned 0 after 7474 usecs
[    9.700420] calling  mr_driver_init+0x0/0x15 @ 1
[    9.713653] initcall mr_driver_init+0x0/0x15 returned 0 after 5335 usecs
[    9.734400] calling  ntrig_driver_init+0x0/0x15 @ 1
[    9.752527] initcall ntrig_driver_init+0x0/0x15 returned 0 after 9925 usecs
[    9.776437] calling  pl_driver_init+0x0/0x15 @ 1
[    9.791463] initcall pl_driver_init+0x0/0x15 returned 0 after 7702 usecs
[    9.814481] calling  pl_driver_init+0x0/0x15 @ 1
[    9.835557] initcall pl_driver_init+0x0/0x15 returned 0 after 12609 usecs
[    9.857529] calling  redragon_driver_init+0x0/0x15 @ 1
[    9.875612] initcall redragon_driver_init+0x0/0x15 returned 0 after 9099 usecs
[    9.900437] calling  samsung_driver_init+0x0/0x15 @ 1
[    9.918473] initcall samsung_driver_init+0x0/0x15 returned 0 after 10207 usecs
[    9.939396] calling  sony_init+0x0/0x38 @ 1
[    9.954449] initcall sony_init+0x0/0x38 returned 0 after 8056 usecs
[    9.973355] calling  sp_driver_init+0x0/0x15 @ 1
[   10.001507] initcall sp_driver_init+0x0/0x15 returned 0 after 20520 usecs
[   10.016361] calling  ts_driver_init+0x0/0x15 @ 1
[   10.023804] initcall ts_driver_init+0x0/0x15 returned 0 after 843 usecs
[   10.038565] calling  hid_init+0x0/0x58 @ 1
[   10.045182] rcu_torture_rea (96) used greatest stack depth: 15464 bytes left
[   10.055739] usbcore: registered new interface driver usbhid
[   10.064460] usbhid: USB HID core driver
[   10.070388] initcall hid_init+0x0/0x58 returned 0 after 25377 usecs
[   10.080518] rcu-torture: rcu_torture_read_exit: End of episode
[   10.089977] calling  eeepc_laptop_init+0x0/0x57 @ 1
[   10.097598] initcall eeepc_laptop_init+0x0/0x57 returned -19 after 234 usecs
[   10.108390] calling  pmc_atom_init+0x0/0x27a @ 1
[   10.116356] initcall pmc_atom_init+0x0/0x27a returned -19 after 1597 usecs
[   10.126926] calling  alsa_hwdep_init+0x0/0x5e @ 1
[   10.133640] initcall alsa_hwdep_init+0x0/0x5e returned 0 after 61 usecs
[   10.150047] calling  alsa_timer_init+0x0/0x1f0 @ 1
[   10.157488] initcall alsa_timer_init+0x0/0x1f0 returned 0 after 67 usecs
[   10.170173] calling  snd_hrtimer_init+0x0/0x117 @ 1
[   10.180402] initcall snd_hrtimer_init+0x0/0x117 returned 0 after 2407 usecs
[   10.192186] calling  alsa_pcm_init+0x0/0x64 @ 1
[   10.202346] initcall alsa_pcm_init+0x0/0x64 returned 0 after 534 usecs
[   10.212597] calling  alsa_seq_init+0x0/0x4a @ 1
[   10.247649] initcall alsa_seq_init+0x0/0x4a returned 0 after 934 usecs
[   10.261379] calling  alsa_seq_dummy_init+0x0/0x9c @ 1
[   10.276982] initcall alsa_seq_dummy_init+0x0/0x9c returned 0 after 75 usecs
[   10.294919] calling  azx_driver_init+0x0/0x15 @ 1
[   10.302460] initcall azx_driver_init+0x0/0x15 returned 0 after 403 usecs
[   10.318912] calling  sock_diag_init+0x0/0x2a @ 1
[   10.342511] initcall sock_diag_init+0x0/0x2a returned 0 after 173 usecs
[   10.353514] calling  blackhole_init+0x0/0xc @ 1
[   10.360744] initcall blackhole_init+0x0/0xc returned 0 after 27 usecs
[   10.370186] calling  nfnetlink_init+0x0/0x57 @ 1
[   10.376824] initcall nfnetlink_init+0x0/0x57 returned 0 after 90 usecs
[   10.385576] calling  nfnetlink_log_init+0x0/0x99 @ 1
[   10.392492] initcall nfnetlink_log_init+0x0/0x99 returned 0 after 42 usecs
[   10.402149] calling  nf_conntrack_standalone_init+0x0/0x87 @ 1
[   10.411570] initcall nf_conntrack_standalone_init+0x0/0x87 returned 0 after 749 usecs
[   10.423027] calling  ctnetlink_init+0x0/0x83 @ 1
[   10.429874] initcall ctnetlink_init+0x0/0x83 returned 0 after 22 usecs
[   10.438869] calling  nf_conntrack_ftp_init+0x0/0x12c @ 1
[   10.446573] initcall nf_conntrack_ftp_init+0x0/0x12c returned 0 after 12 usecs
[   10.457552] calling  nf_conntrack_irc_init+0x0/0x129 @ 1
[   10.465878] initcall nf_conntrack_irc_init+0x0/0x129 returned 0 after 34 usecs
[   10.481870] calling  nf_conntrack_sip_init+0x0/0x172 @ 1
[   10.492681] initcall nf_conntrack_sip_init+0x0/0x172 returned 0 after 52 usecs
[   10.506428] calling  nf_nat_init+0x0/0xbb @ 1
[   10.513189] initcall nf_nat_init+0x0/0xbb returned 0 after 267 usecs
[   10.522590] calling  nf_nat_ftp_init+0x0/0x2a @ 1
[   10.529598] initcall nf_nat_ftp_init+0x0/0x2a returned 0 after 4 usecs
[   10.551701] calling  nf_nat_irc_init+0x0/0x2a @ 1
[   10.558782] initcall nf_nat_irc_init+0x0/0x2a returned 0 after 4 usecs
[   10.580442] calling  nf_nat_sip_init+0x0/0x36 @ 1
[   10.607439] initcall nf_nat_sip_init+0x0/0x36 returned 0 after 3881 usecs
[   10.617254] calling  xt_init+0x0/0xcf @ 1
[   10.635182] initcall xt_init+0x0/0xcf returned 0 after 7 usecs
[   10.643788] calling  tcpudp_mt_init+0x0/0x11 @ 1
[   10.674663] initcall tcpudp_mt_init+0x0/0x11 returned 0 after 40 usecs
[   10.688816] calling  connsecmark_tg_init+0x0/0xc @ 1
[   10.696135] initcall connsecmark_tg_init+0x0/0xc returned 0 after 4 usecs
[   10.706012] calling  nflog_tg_init+0x0/0xc @ 1
[   10.712571] initcall nflog_tg_init+0x0/0xc returned 0 after 4 usecs
[   10.722024] calling  secmark_tg_init+0x0/0x11 @ 1
[   10.728814] initcall secmark_tg_init+0x0/0x11 returned 0 after 96 usecs
[   10.738378] calling  tcpmss_tg_init+0x0/0x11 @ 1
[   10.744871] initcall tcpmss_tg_init+0x0/0x11 returned 0 after 4 usecs
[   10.754895] calling  conntrack_mt_init+0x0/0x11 @ 1
[   10.764348] initcall conntrack_mt_init+0x0/0x11 returned 0 after 2166 usecs
[   10.775409] calling  policy_mt_init+0x0/0x11 @ 1
[   10.782671] initcall policy_mt_init+0x0/0x11 returned 0 after 267 usecs
[   10.793241] calling  state_mt_init+0x0/0xc @ 1
[   10.800357] initcall state_mt_init+0x0/0xc returned 0 after 581 usecs
[   10.809721] calling  gre_offload_init+0x0/0x48 @ 1
[   10.821355] initcall gre_offload_init+0x0/0x48 returned 0 after 220 usecs
[   10.831722] calling  sysctl_ipv4_init+0x0/0x46 @ 1
[   10.838969] initcall sysctl_ipv4_init+0x0/0x46 returned 0 after 275 usecs
[   10.849045] calling  tunnel4_init+0x0/0x58 @ 1
[   10.856945] initcall tunnel4_init+0x0/0x58 returned 0 after 1504 usecs
[   10.868214] calling  nf_defrag_init+0x0/0xc @ 1
[   10.875160] initcall nf_defrag_init+0x0/0xc returned 0 after 499 usecs
[   10.885325] calling  ip_tables_init+0x0/0x8d @ 1
[   10.892383] initcall ip_tables_init+0x0/0x8d returned 0 after 246 usecs
[   10.902596] calling  iptable_filter_init+0x0/0x4c @ 1
[   10.910971] initcall iptable_filter_init+0x0/0x4c returned 0 after 1130 usecs
[   10.921203] calling  iptable_mangle_init+0x0/0xb8 @ 1
[   10.929840] initcall iptable_mangle_init+0x0/0xb8 returned 0 after 1373 usecs
[   10.941010] calling  reject_tg_init+0x0/0xc @ 1
[   10.947447] initcall reject_tg_init+0x0/0xc returned 0 after 6 usecs
[   10.958151] calling  cubictcp_register+0x0/0x53 @ 1
[   10.965223] initcall cubictcp_register+0x0/0x53 returned 0 after 4 usecs
[   10.975383] calling  xfrm_user_init+0x0/0x45 @ 1
[   10.982001] Initializing XFRM netlink socket
[   10.989753] initcall xfrm_user_init+0x0/0x45 returned 0 after 7569 usecs
[   11.007342] calling  inet6_init+0x0/0x35e @ 1
[   11.016357] NET: Registered protocol family 10
[   11.028070] Segment Routing with IPv6
[   11.035218] initcall inet6_init+0x0/0x35e returned 0 after 21034 usecs
[   11.044973] calling  ah6_init+0x0/0x71 @ 1
[   11.051306] initcall ah6_init+0x0/0x71 returned 0 after 26 usecs
[   11.061159] calling  esp6_init+0x0/0x71 @ 1
[   11.067566] initcall esp6_init+0x0/0x71 returned 0 after 236 usecs
[   11.080344] calling  ip6_tables_init+0x0/0x8d @ 1
[   11.088370] initcall ip6_tables_init+0x0/0x8d returned 0 after 629 usecs
[   11.099115] calling  ip6table_filter_init+0x0/0x4c @ 1
[   11.107097] initcall ip6table_filter_init+0x0/0x4c returned 0 after 287 usecs
[   11.118345] calling  ip6table_mangle_init+0x0/0xb8 @ 1
[   11.128033] initcall ip6table_mangle_init+0x0/0xb8 returned 0 after 1392 usecs
[   11.140749] calling  nf_defrag_init+0x0/0x45 @ 1
[   11.149207] initcall nf_defrag_init+0x0/0x45 returned 0 after 1339 usecs
[   11.159046] calling  ipv6header_mt6_init+0x0/0xc @ 1
[   11.166633] initcall ipv6header_mt6_init+0x0/0xc returned 0 after 5 usecs
[   11.183260] calling  reject_tg6_init+0x0/0xc @ 1
[   11.191876] initcall reject_tg6_init+0x0/0xc returned 0 after 311 usecs
[   11.201912] calling  sit_init+0x0/0xc3 @ 1
[   11.208277] sit: IPv6, IPv4 and MPLS over IPv4 tunneling driver
[   11.230507] initcall sit_init+0x0/0xc3 returned 0 after 21769 usecs
[   11.240591] calling  packet_init+0x0/0x75 @ 1
[   11.248126] NET: Registered protocol family 17
[   11.254678] initcall packet_init+0x0/0x75 returned 0 after 6711 usecs
[   11.264680] calling  init_rpcsec_gss+0x0/0x60 @ 1
[   11.273440] initcall init_rpcsec_gss+0x0/0x60 returned 0 after 1569 usecs
[   11.288211] calling  init_dns_resolver+0x0/0xca @ 1
