c[?7l[2J[0mSeaBIOS (version 1.16.0-debian-1.16.0-4)
Booting from ROM...
early console in setup code
c[?7l[2J[    0.000000] Linux version 5.10.158+ (root@joelboxx.c.googlers.com) (gcc (Debian 12.2.0-3) 12.2.0, GNU ld (GNU Binutils for Debian) 2.39) #16 Tue Dec 13 02:47:57 UTC 2022
[    0.000000] Command line: selinux=0 initcall_debug debug console=ttyS0 rcutorture.torture_type=tasks rcutorture.n_barrier_cbs=4 rcutorture.stat_interval=15 rcutorture.shutdown_secs=1800 rcutorture.test_no_idle_hz=1 rcutorture.verbose=1
[    0.000000] x86/fpu: x87 FPU will use FXSAVE
[    0.000000] BIOS-provided physical RAM map:
[    0.000000] BIOS-e820: [mem 0x0000000000000000-0x000000000009fbff] usable
[    0.000000] BIOS-e820: [mem 0x000000000009fc00-0x000000000009ffff] reserved
[    0.000000] BIOS-e820: [mem 0x00000000000f0000-0x00000000000fffff] reserved
[    0.000000] BIOS-e820: [mem 0x0000000000100000-0x000000001ffdefff] usable
[    0.000000] BIOS-e820: [mem 0x000000001ffdf000-0x000000001fffffff] reserved
[    0.000000] BIOS-e820: [mem 0x00000000b0000000-0x00000000bfffffff] reserved
[    0.000000] BIOS-e820: [mem 0x00000000fed1c000-0x00000000fed1ffff] reserved
[    0.000000] BIOS-e820: [mem 0x00000000feffc000-0x00000000feffffff] reserved
[    0.000000] BIOS-e820: [mem 0x00000000fffc0000-0x00000000ffffffff] reserved
[    0.000000] NX (Execute Disable) protection: active
[    0.000000] SMBIOS 2.8 present.
[    0.000000] DMI: QEMU Standard PC (Q35 + ICH9, 2009), BIOS 1.16.0-debian-1.16.0-4 04/01/2014
[    0.000000] Hypervisor detected: KVM
[    0.000000] kvm-clock: Using msrs 4b564d01 and 4b564d00
[    0.000000] kvm-clock: cpu 0, msr 17840001, primary cpu clock
[    0.000001] kvm-clock: using sched offset of 1826911371 cycles
[    0.000260] clocksource: kvm-clock: mask: 0xffffffffffffffff max_cycles: 0x1cd42e4dffb, max_idle_ns: 881590591483 ns
[    0.000315] tsc: Detected 1999.999 MHz processor
[    0.008979] e820: update [mem 0x00000000-0x00000fff] usable ==> reserved
[    0.008984] e820: remove [mem 0x000a0000-0x000fffff] usable
[    0.008991] last_pfn = 0x1ffdf max_arch_pfn = 0x400000000
[    0.009814] MTRR default type: write-back
[    0.009895] MTRR fixed ranges enabled:
[    0.009896]   00000-9FFFF write-back
[    0.009897]   A0000-BFFFF uncachable
[    0.009898]   C0000-FFFFF write-protect
[    0.009899] MTRR variable ranges enabled:
[    0.009901]   0 base 00C0000000 mask FFC0000000 uncachable
[    0.009902]   1 disabled
[    0.009903]   2 disabled
[    0.009903]   3 disabled
[    0.009904]   4 disabled
[    0.009905]   5 disabled
[    0.009905]   6 disabled
[    0.009906]   7 disabled
[    0.010317] x86/PAT: Configuration [0-7]: WB  WC  UC- UC  WB  WC  UC- UC  
[    0.019307] found SMP MP-table at [mem 0x000f5ba0-0x000f5baf]
[    0.022084] check: Scanning 1 areas for low memory corruption
[    0.037063] ACPI: Early table checksum verification disabled
[    0.039546] ACPI: RSDP 0x00000000000F59E0 000014 (v00 BOCHS )
[    0.040046] ACPI: RSDT 0x000000001FFE229A 000038 (v01 BOCHS  BXPC     00000001 BXPC 00000001)
[    0.045133] ACPI: FACP 0x000000001FFE2092 0000F4 (v03 BOCHS  BXPC     00000001 BXPC 00000001)
[    0.045296] ACPI: DSDT 0x000000001FFE0040 002052 (v01 BOCHS  BXPC     00000001 BXPC 00000001)
[    0.045383] ACPI: FACS 0x000000001FFE0000 000040
[    0.045387] ACPI: APIC 0x000000001FFE2186 000078 (v01 BOCHS  BXPC     00000001 BXPC 00000001)
[    0.045391] ACPI: HPET 0x000000001FFE21FE 000038 (v01 BOCHS  BXPC     00000001 BXPC 00000001)
[    0.045395] ACPI: MCFG 0x000000001FFE2236 00003C (v01 BOCHS  BXPC     00000001 BXPC 00000001)
[    0.045399] ACPI: WAET 0x000000001FFE2272 000028 (v01 BOCHS  BXPC     00000001 BXPC 00000001)
[    0.045403] ACPI: Reserving FACP table memory at [mem 0x1ffe2092-0x1ffe2185]
[    0.045405] ACPI: Reserving DSDT table memory at [mem 0x1ffe0040-0x1ffe2091]
[    0.045406] ACPI: Reserving FACS table memory at [mem 0x1ffe0000-0x1ffe003f]
[    0.045407] ACPI: Reserving APIC table memory at [mem 0x1ffe2186-0x1ffe21fd]
[    0.045408] ACPI: Reserving HPET table memory at [mem 0x1ffe21fe-0x1ffe2235]
[    0.045409] ACPI: Reserving MCFG table memory at [mem 0x1ffe2236-0x1ffe2271]
[    0.045410] ACPI: Reserving WAET table memory at [mem 0x1ffe2272-0x1ffe2299]
[    0.046906] ACPI: Local APIC address 0xfee00000
[    0.049674] Zone ranges:
[    0.049819]   DMA      [mem 0x0000000000001000-0x0000000000ffffff]
[    0.049993]   DMA32    [mem 0x0000000001000000-0x000000001ffdefff]
[    0.050040]   Normal   empty
[    0.050042] Movable zone start for each node
[    0.050042] Early memory node ranges
[    0.050044]   node   0: [mem 0x0000000000001000-0x000000000009efff]
[    0.050107]   node   0: [mem 0x0000000000100000-0x000000001ffdefff]
[    0.050224] Initmem setup node 0 [mem 0x0000000000001000-0x000000001ffdefff]
[    0.050226] On node 0 totalpages: 130941
[    0.050330]   DMA zone: 64 pages used for memmap
[    0.050331]   DMA zone: 21 pages reserved
[    0.050408]   DMA zone: 3998 pages, LIFO batch:0
[    0.050409]   DMA32 zone: 1984 pages used for memmap
[    0.050410]   DMA32 zone: 126943 pages, LIFO batch:31
[    0.055578] On node 0, zone DMA: 1 pages in unavailable ranges
[    0.064558] On node 0, zone DMA: 97 pages in unavailable ranges
[    0.450001] On node 0, zone DMA32: 33 pages in unavailable ranges
[    0.456991] ACPI: PM-Timer IO Port: 0x608
[    0.457170] ACPI: Local APIC address 0xfee00000
[    0.457628] ACPI: LAPIC_NMI (acpi_id[0xff] dfl dfl lint[0x1])
[    0.458526] IOAPIC[0]: apic_id 0, version 17, address 0xfec00000, GSI 0-23
[    0.458557] ACPI: INT_SRC_OVR (bus 0 bus_irq 0 global_irq 2 dfl dfl)
[    0.458621] ACPI: INT_SRC_OVR (bus 0 bus_irq 5 global_irq 5 high level)
[    0.458623] ACPI: INT_SRC_OVR (bus 0 bus_irq 9 global_irq 9 high level)
[    0.458760] ACPI: INT_SRC_OVR (bus 0 bus_irq 10 global_irq 10 high level)
[    0.458762] ACPI: INT_SRC_OVR (bus 0 bus_irq 11 global_irq 11 high level)
[    0.458764] ACPI: IRQ0 used by override.
[    0.458765] ACPI: IRQ5 used by override.
[    0.458766] ACPI: IRQ9 used by override.
[    0.458767] ACPI: IRQ10 used by override.
[    0.458767] ACPI: IRQ11 used by override.
[    0.458770] Using ACPI (MADT) for SMP configuration information
[    0.458808] ACPI: HPET id: 0x8086a201 base: 0xfed00000
[    0.460144] kvm-guest: stealtime: cpu 0, msr 1704d780
[    0.460837] PM: hibernation: Registered nosave memory: [mem 0x00000000-0x00000fff]
[    0.460839] PM: hibernation: Registered nosave memory: [mem 0x0009f000-0x0009ffff]
[    0.460841] PM: hibernation: Registered nosave memory: [mem 0x000a0000-0x000effff]
[    0.460842] PM: hibernation: Registered nosave memory: [mem 0x000f0000-0x000fffff]
[    0.460861] [mem 0x20000000-0xafffffff] available for PCI devices
[    0.460878] Booting paravirtualized kernel on KVM
[    0.461584] clocksource: refined-jiffies: mask: 0xffffffff max_cycles: 0xffffffff, max_idle_ns: 1910969940391419 ns
[    0.505083] pcpu-alloc: s0 r0 d32768 u32768 alloc=1*32768
[    0.505218] pcpu-alloc: [0] 0 
[    0.505701] Built 1 zonelists, mobility grouping on.  Total pages: 128872
[    0.505854] Kernel command line: selinux=0 initcall_debug debug console=ttyS0 rcutorture.torture_type=tasks rcutorture.n_barrier_cbs=4 rcutorture.stat_interval=15 rcutorture.shutdown_secs=1800 rcutorture.test_no_idle_hz=1 rcutorture.verbose=1
[    0.520878] Dentry cache hash table entries: 65536 (order: 7, 524288 bytes, linear)
[    0.540255] Inode-cache hash table entries: 32768 (order: 6, 262144 bytes, linear)
[    0.541979] mem auto-init: stack:all(zero), heap alloc:off, heap free:off
[    0.789159] Memory: 481560K/523764K available (14349K kernel code, 2619K rwdata, 4584K rodata, 1240K init, 1888K bss, 41944K reserved, 0K cma-reserved)
[    0.792389] SLUB: HWalign=64, Order=0-3, MinObjects=0, CPUs=1, Nodes=1
[    0.794051] Kernel/User page tables isolation: enabled
[    0.852893] NR_IRQS: 4352, nr_irqs: 256, preallocated irqs: 16
[    0.858113] calling  con_init+0x0/0x22a @ 0
[    1.053083] Console: colour VGA+ 80x25
[    1.053100] initcall con_init+0x0/0x22a returned 0 after 0 usecs
[    1.053103] calling  hvc_console_init+0x0/0x13 @ 0
[    1.053174] initcall hvc_console_init+0x0/0x13 returned 0 after 0 usecs
[    1.053176] calling  univ8250_console_init+0x0/0x26 @ 0
[    1.868912] printk: console [ttyS0] enabled
[    1.873490] initcall univ8250_console_init+0x0/0x26 returned 0 after 0 usecs
[    1.881243] ACPI: Core revision 20200925
[    1.892283] clocksource: hpet: mask: 0xffffffff max_cycles: 0xffffffff, max_idle_ns: 19112604467 ns
[    1.904923] APIC: Switch to symmetric I/O mode setup
[    1.943763] ..TIMER: vector=0x30 apic1=0 pin1=2 apic2=-1 pin2=-1
[    1.950921] clocksource: tsc-early: mask: 0xffffffffffffffff max_cycles: 0x39a85afc727, max_idle_ns: 881590685098 ns
[    1.962519] Calibrating delay loop (skipped) preset value.. 3999.99 BogoMIPS (lpj=1999999)
[    1.964334] pid_max: default: 32768 minimum: 301
[    1.965806] LSM: Security Framework initializing
[    1.968391] Mount-cache hash table entries: 1024 (order: 1, 8192 bytes, linear)
[    1.969430] Mountpoint-cache hash table entries: 1024 (order: 1, 8192 bytes, linear)
[    1.979926] Last level iTLB entries: 4KB 0, 2MB 0, 4MB 0
[    1.980332] Last level dTLB entries: 4KB 0, 2MB 0, 4MB 0, 1GB 0
[    1.981334] CPU: Intel Common KVM processor (family: 0xf, model: 0x6, stepping: 0x1)
[    1.982458] Spectre V1 : Mitigation: usercopy/swapgs barriers and __user pointer sanitization
[    1.983334] Spectre V2 : Mitigation: Retpolines
[    1.984332] Spectre V2 : Spectre v2 / SpectreRSB mitigation: Filling RSB on context switch
[    1.985333] Spectre V2 : Spectre v2 / SpectreRSB : Filling RSB on VMEXIT
[    1.986333] Speculative Store Bypass: Vulnerable
[    1.987385] MDS: Vulnerable: Clear CPU buffers attempted, no microcode
[    1.988332] MMIO Stale Data: Unknown: No mitigations
[    2.082723] calling  init_hw_perf_events+0x0/0x6ce @ 1
[    2.083333] Performance Events: unsupported Netburst CPU model 6 no PMU driver, software events only.
[    2.084340] initcall init_hw_perf_events+0x0/0x6ce returned 0 after 976 usecs
[    2.085340] calling  init_real_mode+0x0/0x1e9 @ 1
[    2.087396] initcall init_real_mode+0x0/0x1e9 returned 0 after 976 usecs
[    2.088384] calling  trace_init_perf_perm_irq_work_exit+0x0/0x12 @ 1
[    2.089342] initcall trace_init_perf_perm_irq_work_exit+0x0/0x12 returned 0 after 0 usecs
[    2.090340] calling  validate_x2apic+0x0/0x4a @ 1
[    2.091362] initcall validate_x2apic+0x0/0x4a returned 0 after 0 usecs
[    2.092336] calling  register_nmi_cpu_backtrace_handler+0x0/0x15 @ 1
[    2.093338] initcall register_nmi_cpu_backtrace_handler+0x0/0x15 returned 0 after 0 usecs
[    2.094354] calling  kvm_setup_vsyscall_timeinfo+0x0/0x34 @ 1
[    2.095335] initcall kvm_setup_vsyscall_timeinfo+0x0/0x34 returned 0 after 0 usecs
[    2.096335] calling  spawn_ksoftirqd+0x0/0x34 @ 1
[    2.097438] initcall spawn_ksoftirqd+0x0/0x34 returned 0 after 0 usecs
[    2.098348] calling  trace_init_flags_sys_enter+0x0/0xe @ 1
[    2.099335] initcall trace_init_flags_sys_enter+0x0/0xe returned 0 after 0 usecs
[    2.101334] calling  trace_init_flags_sys_exit+0x0/0xe @ 1
[    2.102334] initcall trace_init_flags_sys_exit+0x0/0xe returned 0 after 0 usecs
[    2.103334] calling  init_kprobes+0x0/0x14d @ 1
[    2.105530] initcall init_kprobes+0x0/0x14d returned 0 after 976 usecs
[    2.106336] calling  init_events+0x0/0x3d @ 1
[    2.107343] initcall init_events+0x0/0x3d returned 0 after 0 usecs
[    2.108334] calling  init_trace_printk+0x0/0xc @ 1
[    2.109334] initcall init_trace_printk+0x0/0xc returned 0 after 0 usecs
[    2.110335] calling  event_trace_enable_again+0x0/0x23 @ 1
[    2.111334] initcall event_trace_enable_again+0x0/0x23 returned 0 after 0 usecs
[    2.112334] calling  static_call_init+0x0/0x6d @ 1
[    2.113334] initcall static_call_init+0x0/0x6d returned 0 after 0 usecs
[    2.114334] calling  jump_label_init_module+0x0/0xc @ 1
[    2.115334] initcall jump_label_init_module+0x0/0xc returned 0 after 0 usecs
[    2.116335] calling  init_zero_pfn+0x0/0x37 @ 1
[    2.117334] initcall init_zero_pfn+0x0/0x37 returned 0 after 0 usecs
[    2.118334] calling  initialize_ptr_random+0x0/0x54 @ 1
[    2.119335] initcall initialize_ptr_random+0x0/0x54 returned 0 after 0 usecs
[    2.120348] calling  efi_memreserve_root_init+0x0/0x25 @ 1
[    2.121347] initcall efi_memreserve_root_init+0x0/0x25 returned 0 after 0 usecs
[    2.122335] calling  efi_earlycon_remap_fb+0x0/0x51 @ 1
[    2.123335] initcall efi_earlycon_remap_fb+0x0/0x51 returned 0 after 0 usecs
[    2.251503] devtmpfs: initialized
[    2.253372] calling  ipc_ns_init+0x0/0x3d @ 1
[    2.254394] initcall ipc_ns_init+0x0/0x3d returned 0 after 0 usecs
[    2.255335] calling  init_mmap_min_addr+0x0/0x21 @ 1
[    2.256334] initcall init_mmap_min_addr+0x0/0x21 returned 0 after 0 usecs
[    2.257334] calling  pci_realloc_setup_params+0x0/0x3f @ 1
[    2.258334] initcall pci_realloc_setup_params+0x0/0x3f returned 0 after 0 usecs
[    2.259334] calling  net_ns_init+0x0/0x11c @ 1
[    2.260492] initcall net_ns_init+0x0/0x11c returned 0 after 0 usecs
[    2.261350] calling  e820__register_nvs_regions+0x0/0x37 @ 1
[    2.262334] initcall e820__register_nvs_regions+0x0/0x37 returned 0 after 0 usecs
[    2.263333] calling  cpufreq_register_tsc_scaling+0x0/0x2e @ 1
[    2.264333] initcall cpufreq_register_tsc_scaling+0x0/0x2e returned 0 after 0 usecs
[    2.265333] calling  reboot_init+0x0/0x3c @ 1
[    2.266367] initcall reboot_init+0x0/0x3c returned 0 after 0 usecs
[    2.267335] calling  init_lapic_sysfs+0x0/0x20 @ 1
[    2.268335] initcall init_lapic_sysfs+0x0/0x20 returned 0 after 0 usecs
[    2.269336] calling  wq_sysfs_init+0x0/0x2a @ 1
[    2.271360] initcall wq_sysfs_init+0x0/0x2a returned 0 after 976 usecs
[    2.272339] calling  ksysfs_init+0x0/0x92 @ 1
[    2.273353] initcall ksysfs_init+0x0/0x92 returned 0 after 0 usecs
[    2.274338] calling  pm_init+0x0/0x76 @ 1
[    2.275421] initcall pm_init+0x0/0x76 returned 0 after 0 usecs
[    2.276359] calling  pm_disk_init+0x0/0x13 @ 1
[    2.277352] initcall pm_disk_init+0x0/0x13 returned 0 after 0 usecs
[    2.278335] calling  swsusp_header_init+0x0/0x2b @ 1
[    2.279337] initcall swsusp_header_init+0x0/0x2b returned 0 after 0 usecs
[    2.280333] calling  rcu_set_runtime_mode+0x0/0x11 @ 1
[    2.281335] initcall rcu_set_runtime_mode+0x0/0x11 returned 0 after 0 usecs
[    2.282334] calling  init_jiffies_clocksource+0x0/0x13 @ 1
[    2.283333] clocksource: jiffies: mask: 0xffffffff max_cycles: 0xffffffff, max_idle_ns: 1911260446275000 ns
[    2.284337] initcall init_jiffies_clocksource+0x0/0x13 returned 0 after 976 usecs
[    2.285335] calling  futex_init+0x0/0xd5 @ 1
[    2.286335] futex hash table entries: 256 (order: 0, 6144 bytes, linear)
[    2.287385] initcall futex_init+0x0/0xd5 returned 0 after 976 usecs
[    2.288335] calling  cgroup_wq_init+0x0/0x28 @ 1
[    2.289343] initcall cgroup_wq_init+0x0/0x28 returned 0 after 0 usecs
[    2.290334] calling  cgroup1_wq_init+0x0/0x28 @ 1
[    2.291341] initcall cgroup1_wq_init+0x0/0x28 returned 0 after 0 usecs
[    2.292337] calling  init_kprobe_trace_early+0x0/0x2a @ 1
[    2.293338] initcall init_kprobe_trace_early+0x0/0x2a returned 0 after 0 usecs
[    2.294335] calling  fsnotify_init+0x0/0x48 @ 1
[    2.295346] initcall fsnotify_init+0x0/0x48 returned 0 after 0 usecs
[    2.297336] calling  filelock_init+0x0/0x60 @ 1
[    2.298346] initcall filelock_init+0x0/0x60 returned 0 after 0 usecs
[    2.299337] calling  init_misc_binfmt+0x0/0x2c @ 1
[    2.300337] initcall init_misc_binfmt+0x0/0x2c returned 0 after 0 usecs
[    2.301334] calling  init_script_binfmt+0x0/0x15 @ 1
[    2.302350] initcall init_script_binfmt+0x0/0x15 returned 0 after 0 usecs
[    2.303334] calling  init_elf_binfmt+0x0/0x15 @ 1
[    2.304335] initcall init_elf_binfmt+0x0/0x15 returned 0 after 0 usecs
[    2.305335] calling  init_compat_elf_binfmt+0x0/0x15 @ 1
[    2.306334] initcall init_compat_elf_binfmt+0x0/0x15 returned 0 after 0 usecs
[    2.307350] calling  debugfs_init+0x0/0x5c @ 1
[    2.309361] initcall debugfs_init+0x0/0x5c returned 0 after 0 usecs
[    2.310334] calling  tracefs_init+0x0/0x3a @ 1
[    2.311352] initcall tracefs_init+0x0/0x3a returned 0 after 0 usecs
[    2.312334] calling  prandom_init_early+0x0/0x111 @ 1
[    2.313334] initcall prandom_init_early+0x0/0x111 returned 0 after 0 usecs
[    2.314389] calling  virtio_init+0x0/0x20 @ 1
[    2.315348] initcall virtio_init+0x0/0x20 returned 0 after 0 usecs
[    2.316364] calling  iommu_init+0x0/0x2a @ 1
[    2.318336] initcall iommu_init+0x0/0x2a returned 0 after 0 usecs
[    2.319333] calling  component_debug_init+0x0/0x1c @ 1
[    2.320367] initcall component_debug_init+0x0/0x1c returned 0 after 0 usecs
[    2.321335] calling  early_resume_init+0x0/0xb9 @ 1
[    2.323332] PM: RTC time: 02:52:19, date: 2022-12-13
[    2.324334] initcall early_resume_init+0x0/0xb9 returned 0 after 1953 usecs
[    2.325333] calling  cpufreq_core_init+0x0/0x62 @ 1
[    2.326436] initcall cpufreq_core_init+0x0/0x62 returned 0 after 0 usecs
[    2.327334] calling  cpufreq_gov_performance_init+0x0/0xc @ 1
[    2.328334] initcall cpufreq_gov_performance_init+0x0/0xc returned 0 after 0 usecs
[    2.329334] calling  cpufreq_gov_userspace_init+0x0/0xc @ 1
[    2.330344] initcall cpufreq_gov_userspace_init+0x0/0xc returned 0 after 0 usecs
[    2.331334] calling  CPU_FREQ_GOV_ONDEMAND_init+0x0/0xc @ 1
[    2.332336] initcall CPU_FREQ_GOV_ONDEMAND_init+0x0/0xc returned 0 after 0 usecs
[    2.333335] calling  cpuidle_init+0x0/0x1f @ 1
[    2.334379] initcall cpuidle_init+0x0/0x1f returned 0 after 0 usecs
[    2.335335] calling  capsule_reboot_register+0x0/0xc @ 1
[    2.336350] initcall capsule_reboot_register+0x0/0xc returned 0 after 0 usecs
[    2.338333] calling  sock_init+0x0/0x93 @ 1
[    2.340428] initcall sock_init+0x0/0x93 returned 0 after 976 usecs
[    2.341334] calling  net_inuse_init+0x0/0x23 @ 1
[    2.342336] initcall net_inuse_init+0x0/0x23 returned 0 after 0 usecs
[    2.343333] calling  net_defaults_init+0x0/0x23 @ 1
[    2.344335] initcall net_defaults_init+0x0/0x23 returned 0 after 0 usecs
[    2.345334] calling  init_default_flow_dissectors+0x0/0x4f @ 1
[    2.346336] initcall init_default_flow_dissectors+0x0/0x4f returned 0 after 0 usecs
[    2.347334] calling  netpoll_init+0x0/0x25 @ 1
[    2.348334] initcall netpoll_init+0x0/0x25 returned 0 after 0 usecs
[    2.349333] calling  netlink_proto_init+0x0/0x14f @ 1
[    2.350680] NET: Registered protocol family 16
[    2.351351] initcall netlink_proto_init+0x0/0x14f returned 0 after 976 usecs
[    2.352334] calling  genl_init+0x0/0x35 @ 1
[    2.353344] initcall genl_init+0x0/0x35 returned 0 after 0 usecs
[    2.354348] calling  bsp_pm_check_init+0x0/0x13 @ 1
[    2.355334] initcall bsp_pm_check_init+0x0/0x13 returned 0 after 0 usecs
[    2.356350] calling  irq_sysfs_init+0x0/0xb7 @ 1
[    2.357419] initcall irq_sysfs_init+0x0/0xb7 returned 0 after 0 usecs
[    2.358334] calling  audit_init+0x0/0x15d @ 1
[    2.359342] audit: initializing netlink subsys (disabled)
[    2.360692] initcall audit_init+0x0/0x15d returned 0 after 976 usecs
[    2.361334] calling  release_early_probes+0x0/0x32 @ 1
[    2.362334] initcall release_early_probes+0x0/0x32 returned 0 after 0 usecs
[    2.363334] calling  bdi_class_init+0x0/0x48 @ 1
[    2.364353] initcall bdi_class_init+0x0/0x48 returned 0 after 0 usecs
[    2.365338] calling  mm_sysfs_init+0x0/0x28 @ 1
[    2.366345] initcall mm_sysfs_init+0x0/0x28 returned 0 after 0 usecs
[    2.367338] calling  init_per_zone_wmark_min+0x0/0x5e @ 1
[    2.368341] initcall init_per_zone_wmark_min+0x0/0x5e returned 0 after 0 usecs
[    2.369339] calling  mpi_init+0x0/0x3e @ 1
[    2.370364] initcall mpi_init+0x0/0x3e returned 0 after 0 usecs
[    2.371338] calling  kobject_uevent_init+0x0/0xc @ 1
[    2.372444] initcall kobject_uevent_init+0x0/0xc returned 0 after 0 usecs
[    2.373335] calling  pcibus_class_init+0x0/0x13 @ 1
[    2.374346] initcall pcibus_class_init+0x0/0x13 returned 0 after 0 usecs
[    2.375435] calling  pci_driver_init+0x0/0x21 @ 1
[    2.376405] initcall pci_driver_init+0x0/0x21 returned 0 after 0 usecs
[    2.377334] calling  backlight_class_init+0x0/0xa8 @ 1
[    2.378356] initcall backlight_class_init+0x0/0xa8 returned 0 after 0 usecs
[    2.379335] calling  tty_class_init+0x0/0x33 @ 1
[    2.380346] initcall tty_class_init+0x0/0x33 returned 0 after 0 usecs
[    2.381338] calling  vtconsole_class_init+0x0/0xb5 @ 1
[    2.382405] initcall vtconsole_class_init+0x0/0xb5 returned 0 after 0 usecs
[    2.383334] calling  iommu_dev_init+0x0/0x13 @ 1
[    2.384356] initcall iommu_dev_init+0x0/0x13 returned 0 after 0 usecs
[    2.385334] calling  mipi_dsi_bus_init+0x0/0xc @ 1
[    2.386377] initcall mipi_dsi_bus_init+0x0/0xc returned 0 after 0 usecs
[    2.387333] calling  devlink_class_init+0x0/0x40 @ 1
[    2.388341] initcall devlink_class_init+0x0/0x40 returned 0 after 0 usecs
[    2.389333] calling  software_node_init+0x0/0x2a @ 1
[    2.390337] initcall software_node_init+0x0/0x2a returned 0 after 0 usecs
[    2.391333] calling  wakeup_sources_debugfs_init+0x0/0x23 @ 1
[    2.392346] initcall wakeup_sources_debugfs_init+0x0/0x23 returned 0 after 0 usecs
[    2.393338] calling  wakeup_sources_sysfs_init+0x0/0x2c @ 1
[    2.394353] initcall wakeup_sources_sysfs_init+0x0/0x2c returned 0 after 0 usecs
[    2.395336] calling  regmap_initcall+0x0/0xc @ 1
[    2.396356] initcall regmap_initcall+0x0/0xc returned 0 after 0 usecs
[    2.397335] calling  i2c_init+0x0/0xb3 @ 1
[    2.398397] initcall i2c_init+0x0/0xb3 returned 0 after 0 usecs
[    2.399336] calling  thermal_init+0x0/0xf2 @ 1
[    2.400349] thermal_sys: Registered thermal governor 'step_wise'
[    2.400350] thermal_sys: Registered thermal governor 'user_space'
[    2.401350] initcall thermal_init+0x0/0xf2 returned 0 after 976 usecs
[    2.403336] calling  init_menu+0x0/0xc @ 1
[    2.404357] cpuidle: using governor menu
[    2.405337] initcall init_menu+0x0/0xc returned 0 after 976 usecs
[    2.406335] calling  pcc_init+0x0/0x4d @ 1
[    2.407360] initcall pcc_init+0x0/0x4d returned -19 after 0 usecs
[    2.408337] calling  amd_postcore_init+0x0/0x11e @ 1
[    2.409335] initcall amd_postcore_init+0x0/0x11e returned 0 after 0 usecs
[    2.411353] calling  bts_init+0x0/0xba @ 1
[    2.412335] initcall bts_init+0x0/0xba returned -19 after 0 usecs
[    2.413335] calling  pt_init+0x0/0x2ef @ 1
[    2.414334] initcall pt_init+0x0/0x2ef returned -19 after 0 usecs
[    2.415336] calling  boot_params_ksysfs_init+0x0/0x2ee @ 1
[    2.416357] initcall boot_params_ksysfs_init+0x0/0x2ee returned 0 after 0 usecs
[    2.417333] calling  sbf_init+0x0/0xb9 @ 1
[    2.418335] initcall sbf_init+0x0/0xb9 returned 0 after 0 usecs
[    2.419333] calling  arch_kdebugfs_init+0x0/0x219 @ 1
[    2.420351] initcall arch_kdebugfs_init+0x0/0x219 returned 0 after 0 usecs
[    2.421337] calling  intel_pconfig_init+0x0/0x85 @ 1
[    2.422362] initcall intel_pconfig_init+0x0/0x85 returned 0 after 0 usecs
[    2.424336] calling  mtrr_if_init+0x0/0x5d @ 1
[    2.425342] initcall mtrr_if_init+0x0/0x5d returned 0 after 0 usecs
[    2.426337] calling  activate_jump_labels+0x0/0x31 @ 1
[    2.427339] initcall activate_jump_labels+0x0/0x31 returned 0 after 0 usecs
[    2.428337] calling  ffh_cstate_init+0x0/0x29 @ 1
[    2.429343] initcall ffh_cstate_init+0x0/0x29 returned 0 after 0 usecs
[    2.430337] calling  activate_jump_labels+0x0/0x31 @ 1
[    2.432408] initcall activate_jump_labels+0x0/0x31 returned 0 after 976 usecs
[    2.433337] calling  kvm_alloc_cpumask+0x0/0x2b @ 1
[    2.434361] initcall kvm_alloc_cpumask+0x0/0x2b returned 0 after 0 usecs
[    2.435334] calling  kcmp_cookies_init+0x0/0x37 @ 1
[    2.436339] initcall kcmp_cookies_init+0x0/0x37 returned 0 after 0 usecs
[    2.437362] calling  cryptomgr_init+0x0/0xc @ 1
[    2.439361] initcall cryptomgr_init+0x0/0xc returned 0 after 0 usecs
[    2.440334] calling  acpi_pci_init+0x0/0x57 @ 1
[    2.441332] ACPI: bus type PCI registered
[    2.442334] initcall acpi_pci_init+0x0/0x57 returned 0 after 976 usecs
[    2.443335] calling  dma_channel_table_init+0x0/0xce @ 1
[    2.444338] initcall dma_channel_table_init+0x0/0xce returned 0 after 0 usecs
[    2.445333] calling  dma_bus_init+0x0/0xdc @ 1
[    2.446412] initcall dma_bus_init+0x0/0xdc returned 0 after 0 usecs
[    2.447418] calling  iommu_dma_init+0x0/0x10 @ 1
[    2.448354] initcall iommu_dma_init+0x0/0x10 returned 0 after 0 usecs
[    2.449335] calling  dmi_id_init+0x0/0x37c @ 1
[    2.450420] initcall dmi_id_init+0x0/0x37c returned 0 after 0 usecs
[    2.451334] calling  pci_arch_init+0x0/0x71 @ 1
[    2.453428] PCI: MMCONFIG for domain 0000 [bus 00-ff] at [mem 0xb0000000-0xbfffffff] (base 0xb0000000)
[    2.454336] PCI: MMCONFIG at [mem 0xb0000000-0xbfffffff] reserved in E820
[    2.455351] PCI: Using configuration type 1 for base access
[    2.456372] initcall pci_arch_init+0x0/0x71 returned 0 after 3906 usecs
[    2.457350] calling  init_vdso+0x0/0x13 @ 1
[    2.458364] initcall init_vdso+0x0/0x13 returned 0 after 0 usecs
[    2.459333] calling  sysenter_setup+0x0/0x13 @ 1
[    2.460363] initcall sysenter_setup+0x0/0x13 returned 0 after 0 usecs
[    2.461333] calling  fixup_ht_bug+0x0/0x7f @ 1
[    2.462333] initcall fixup_ht_bug+0x0/0x7f returned 0 after 0 usecs
[    2.463335] calling  topology_init+0x0/0x15 @ 1
[    2.465359] initcall topology_init+0x0/0x15 returned 0 after 976 usecs
[    2.466333] calling  intel_epb_init+0x0/0x68 @ 1
[    2.467362] initcall intel_epb_init+0x0/0x68 returned -19 after 0 usecs
[    2.469337] calling  mtrr_init_finialize+0x0/0x3e @ 1
[    2.470333] initcall mtrr_init_finialize+0x0/0x3e returned 0 after 0 usecs
[    2.471335] calling  uid_cache_init+0x0/0x6f @ 1
[    2.472340] initcall uid_cache_init+0x0/0x6f returned 0 after 0 usecs
[    2.473334] calling  param_sysfs_init+0x0/0x1ba @ 1
[    2.477781] initcall param_sysfs_init+0x0/0x1ba returned 0 after 2929 usecs
[    2.478351] calling  user_namespace_sysctl_init+0x0/0x33 @ 1
[    2.479454] initcall user_namespace_sysctl_init+0x0/0x33 returned 0 after 0 usecs
[    2.480335] calling  proc_schedstat_init+0x0/0x24 @ 1
[    2.481339] initcall proc_schedstat_init+0x0/0x24 returned 0 after 0 usecs
[    2.482334] calling  pm_sysrq_init+0x0/0x18 @ 1
[    2.483335] initcall pm_sysrq_init+0x0/0x18 returned 0 after 0 usecs
[    2.484387] calling  create_proc_profile+0x0/0x50 @ 1
[    2.485336] initcall create_proc_profile+0x0/0x50 returned 0 after 0 usecs
[    2.486334] calling  time_ns_init+0x0/0x7 @ 1
[    2.487334] initcall time_ns_init+0x0/0x7 returned 0 after 0 usecs
[    2.488334] calling  crash_save_vmcoreinfo_init+0x0/0x756 @ 1
[    2.489824] initcall crash_save_vmcoreinfo_init+0x0/0x756 returned 0 after 0 usecs
[    2.490337] calling  crash_notes_memory_init+0x0/0x35 @ 1
[    2.491342] initcall crash_notes_memory_init+0x0/0x35 returned 0 after 0 usecs
[    2.492335] calling  cgroup_sysfs_init+0x0/0x13 @ 1
[    2.493385] initcall cgroup_sysfs_init+0x0/0x13 returned 0 after 0 usecs
[    2.494335] calling  cgroup_namespaces_init+0x0/0x7 @ 1
[    2.495335] initcall cgroup_namespaces_init+0x0/0x7 returned 0 after 0 usecs
[    2.496335] calling  init_optprobes+0x0/0x13 @ 1
[    2.497333] Kprobes globally optimized
[    2.498334] initcall init_optprobes+0x0/0x13 returned 0 after 976 usecs
[    2.499337] calling  oom_init+0x0/0x2f @ 1
[    2.501459] audit: type=2000 audit(1670899938.709:1): state=initialized audit_enabled=0 res=1
[    2.502345] initcall oom_init+0x0/0x2f returned 0 after 976 usecs
[    2.503334] calling  default_bdi_init+0x0/0x35 @ 1
[    2.504441] initcall default_bdi_init+0x0/0x35 returned 0 after 0 usecs
[    2.505335] calling  percpu_enable_async+0x0/0xe @ 1
[    2.506334] initcall percpu_enable_async+0x0/0xe returned 0 after 0 usecs
[    2.507334] calling  kcompactd_init+0x0/0x46 @ 1
[    2.508534] initcall kcompactd_init+0x0/0x46 returned 0 after 0 usecs
[    2.509406] calling  init_user_reserve+0x0/0x30 @ 1
[    2.510334] initcall init_user_reserve+0x0/0x30 returned 0 after 0 usecs
[    2.511334] calling  init_admin_reserve+0x0/0x30 @ 1
[    2.512333] initcall init_admin_reserve+0x0/0x30 returned 0 after 0 usecs
[    2.513334] calling  init_reserve_notifier+0x0/0x7 @ 1
[    2.514333] initcall init_reserve_notifier+0x0/0x7 returned 0 after 0 usecs
[    2.515339] calling  swap_init_sysfs+0x0/0x62 @ 1
[    2.516346] initcall swap_init_sysfs+0x0/0x62 returned 0 after 0 usecs
[    2.517335] calling  swapfile_init+0x0/0x46 @ 1
[    2.518336] initcall swapfile_init+0x0/0x46 returned 0 after 0 usecs
[    2.519336] calling  hugetlb_init+0x0/0x411 @ 1
[    2.520337] HugeTLB registered 2.00 MiB page size, pre-allocated 0 pages
[    2.521435] initcall hugetlb_init+0x0/0x411 returned 0 after 976 usecs
[    2.522334] calling  io_wq_init+0x0/0x34 @ 1
[    2.523334] initcall io_wq_init+0x0/0x34 returned 0 after 0 usecs
[    2.524334] calling  seqiv_module_init+0x0/0xc @ 1
[    2.525334] initcall seqiv_module_init+0x0/0xc returned 0 after 0 usecs
[    2.526351] calling  echainiv_module_init+0x0/0xc @ 1
[    2.527335] initcall echainiv_module_init+0x0/0xc returned 0 after 0 usecs
[    2.528406] calling  rsa_init+0x0/0x50 @ 1
[    2.529466] cryptomgr_test (17) used greatest stack depth: 15544 bytes left
[    2.530355] initcall rsa_init+0x0/0x50 returned 0 after 976 usecs
[    2.531339] calling  crypto_cmac_module_init+0x0/0xc @ 1
[    2.532337] initcall crypto_cmac_module_init+0x0/0xc returned 0 after 0 usecs
[    2.533335] calling  hmac_module_init+0x0/0xc @ 1
[    2.534335] initcall hmac_module_init+0x0/0xc returned 0 after 0 usecs
[    2.535334] calling  crypto_null_mod_init+0x0/0x65 @ 1
[    2.536447] initcall crypto_null_mod_init+0x0/0x65 returned 0 after 0 usecs
[    2.537336] calling  md5_mod_init+0x0/0xc @ 1
[    2.538395] initcall md5_mod_init+0x0/0xc returned 0 after 0 usecs
[    2.539337] calling  sha256_generic_mod_init+0x0/0x11 @ 1
[    2.541355] initcall sha256_generic_mod_init+0x0/0x11 returned 0 after 976 usecs
[    2.542335] calling  crypto_cbc_module_init+0x0/0xc @ 1
[    2.543334] initcall crypto_cbc_module_init+0x0/0xc returned 0 after 0 usecs
[    2.544335] calling  crypto_ctr_module_init+0x0/0x11 @ 1
[    2.545358] initcall crypto_ctr_module_init+0x0/0x11 returned 0 after 0 usecs
[    2.546336] calling  crypto_gcm_module_init+0x0/0x64 @ 1
[    2.547387] initcall crypto_gcm_module_init+0x0/0x64 returned 0 after 0 usecs
[    2.548337] calling  crypto_ccm_module_init+0x0/0x11 @ 1
[    2.549342] initcall crypto_ccm_module_init+0x0/0x11 returned 0 after 0 usecs
[    2.550338] calling  aes_init+0x0/0xc @ 1
[    2.551389] initcall aes_init+0x0/0xc returned 0 after 0 usecs
[    2.552335] calling  crc32c_mod_init+0x0/0xc @ 1
[    2.553372] initcall crc32c_mod_init+0x0/0xc returned 0 after 0 usecs
[    2.554335] calling  crypto_authenc_module_init+0x0/0xc @ 1
[    2.555335] initcall crypto_authenc_module_init+0x0/0xc returned 0 after 0 usecs
[    2.556335] calling  crypto_authenc_esn_module_init+0x0/0xc @ 1
[    2.557338] initcall crypto_authenc_esn_module_init+0x0/0xc returned 0 after 0 usecs
[    2.558336] calling  drbg_init+0x0/0x7c @ 1
[    2.559479] initcall drbg_init+0x0/0x7c returned 0 after 0 usecs
[    2.560335] calling  ghash_mod_init+0x0/0xc @ 1
[    2.561388] initcall ghash_mod_init+0x0/0xc returned 0 after 0 usecs
[    2.562339] calling  init_bio+0x0/0x9a @ 1
[    2.564646] initcall init_bio+0x0/0x9a returned 0 after 976 usecs
[    2.565338] calling  blk_settings_init+0x0/0x29 @ 1
[    2.566338] initcall blk_settings_init+0x0/0x29 returned 0 after 0 usecs
[    2.567338] calling  blk_ioc_init+0x0/0x29 @ 1
[    2.568343] initcall blk_ioc_init+0x0/0x29 returned 0 after 0 usecs
[    2.569335] calling  blk_mq_init+0x0/0x96 @ 1
[    2.571335] initcall blk_mq_init+0x0/0x96 returned 0 after 0 usecs
[    2.572334] calling  genhd_device_init+0x0/0x75 @ 1
[    2.573412] initcall genhd_device_init+0x0/0x75 returned 0 after 0 usecs
[    2.574409] calling  pci_slot_init+0x0/0x40 @ 1
[    2.575384] initcall pci_slot_init+0x0/0x40 returned 0 after 0 usecs
[    2.576337] calling  fbmem_init+0x0/0xd8 @ 1
[    2.577369] initcall fbmem_init+0x0/0xd8 returned 0 after 0 usecs
[    2.578336] calling  acpi_init+0x0/0x316 @ 1
[    2.579365] ACPI: Added _OSI(Module Device)
[    2.580333] ACPI: Added _OSI(Processor Device)
[    2.581331] ACPI: Added _OSI(3.0 _SCP Extensions)
[    2.582349] ACPI: Added _OSI(Processor Aggregator Device)
[    2.583334] ACPI: Added _OSI(Linux-Dell-Video)
[    2.584332] ACPI: Added _OSI(Linux-Lenovo-NV-HDMI-Audio)
[    2.585332] ACPI: Added _OSI(Linux-HPI-Hybrid-Graphics)
[    2.589158] ACPI: 1 ACPI AML tables successfully acquired and loaded
[    2.592395] ACPI: Interpreter enabled
[    2.593360] ACPI: (supports S0 S3 S4 S5)
[    2.594332] ACPI: Using IOAPIC for interrupt routing
[    2.595367] PCI: Using host bridge windows from ACPI; if necessary, use "pci=nocrs" and report a bug
[    2.596586] ACPI: Enabled 2 GPEs in block 00 to 3F
[    2.601457] ACPI: PCI Root Bridge [PCI0] (domain 0000 [bus 00-ff])
[    2.602374] acpi PNP0A08:00: _OSC: OS supports [ExtendedConfig ASPM ClockPM Segments MSI HPX-Type3]
[    2.604406] acpi PNP0A08:00: _OSC: platform does not support [LTR]
[    2.605390] acpi PNP0A08:00: _OSC: OS now controls [PME PCIeCapability]
[    2.606402] PCI host bridge to bus 0000:00
[    2.607334] pci_bus 0000:00: root bus resource [io  0x0000-0x0cf7 window]
[    2.608333] pci_bus 0000:00: root bus resource [io  0x0d00-0xffff window]
[    2.609333] pci_bus 0000:00: root bus resource [mem 0x000a0000-0x000bffff window]
[    2.610333] pci_bus 0000:00: root bus resource [mem 0x20000000-0xafffffff window]
[    2.611333] pci_bus 0000:00: root bus resource [mem 0xc0000000-0xfebfffff window]
[    2.612333] pci_bus 0000:00: root bus resource [mem 0x100000000-0x8ffffffff window]
[    2.613333] pci_bus 0000:00: root bus resource [bus 00-ff]
[    2.615697] pci 0000:00:00.0: calling  quirk_mmio_always_on+0x0/0x10 @ 1
[    2.616338] pci 0000:00:00.0: quirk_mmio_always_on+0x0/0x10 took 0 usecs
[    2.617335] pci 0000:00:00.0: [8086:29c0] type 00 class 0x060000
[    2.622521] pci 0000:00:00.0: calling  quirk_igfx_skip_te_disable+0x0/0x80 @ 1
[    2.623346] pci 0000:00:00.0: quirk_igfx_skip_te_disable+0x0/0x80 took 0 usecs
[    2.626410] pci 0000:00:01.0: [1234:1111] type 00 class 0x030000
[    2.632108] pci 0000:00:01.0: reg 0x10: [mem 0xfd000000-0xfdffffff pref]
[    2.640130] pci 0000:00:01.0: reg 0x18: [mem 0xfebf0000-0xfebf0fff]
[    2.656959] pci 0000:00:01.0: reg 0x30: [mem 0xfebe0000-0xfebeffff pref]
[    2.660237] pci 0000:00:01.0: calling  efifb_fixup_resources+0x0/0xf0 @ 1
[    2.660361] pci 0000:00:01.0: efifb_fixup_resources+0x0/0xf0 took 0 usecs
[    2.668334] pci 0000:00:1f.0: [8086:2918] type 00 class 0x060100
[    2.674407] pci 0000:00:1f.0: calling  quirk_ich7_lpc+0x0/0x60 @ 1
[    2.675559] pci 0000:00:1f.0: quirk: [io  0x0600-0x067f] claimed by ICH6 ACPI/GPIO/TCO
[    2.676735] pci 0000:00:1f.0: quirk_ich7_lpc+0x0/0x60 took 976 usecs
[    2.677415] pci 0000:00:1f.0: calling  quirk_igfx_skip_te_disable+0x0/0x80 @ 1
[    2.679336] pci 0000:00:1f.0: quirk_igfx_skip_te_disable+0x0/0x80 took 976 usecs
[    2.683135] pci 0000:00:1f.2: [8086:2922] type 00 class 0x010601
[    2.692350] pci 0000:00:1f.2: reg 0x20: [io  0xc040-0xc05f]
[    2.694335] pci 0000:00:1f.2: reg 0x24: [mem 0xfebf1000-0xfebf1fff]
[    2.697351] pci 0000:00:1f.2: calling  quirk_igfx_skip_te_disable+0x0/0x80 @ 1
[    2.698335] pci 0000:00:1f.2: quirk_igfx_skip_te_disable+0x0/0x80 took 0 usecs
[    2.703494] pci 0000:00:1f.3: [8086:2930] type 00 class 0x0c0500
[    2.709757] pci 0000:00:1f.3: reg 0x20: [io  0x0700-0x073f]
[    2.712503] pci 0000:00:1f.3: calling  quirk_igfx_skip_te_disable+0x0/0x80 @ 1
[    2.713336] pci 0000:00:1f.3: quirk_igfx_skip_te_disable+0x0/0x80 took 0 usecs
[    2.716081] pci_bus 0000:00: on NUMA node 0
[    2.718717] ACPI: PCI Interrupt Link [LNKA] (IRQs 5 *10 11)
[    2.719714] ACPI: PCI Interrupt Link [LNKB] (IRQs 5 *10 11)
[    2.721496] ACPI: PCI Interrupt Link [LNKC] (IRQs 5 10 *11)
[    2.722716] ACPI: PCI Interrupt Link [LNKD] (IRQs 5 10 *11)
[    2.724641] ACPI: PCI Interrupt Link [LNKE] (IRQs 5 *10 11)
[    2.725717] ACPI: PCI Interrupt Link [LNKF] (IRQs 5 *10 11)
[    2.727817] ACPI: PCI Interrupt Link [LNKG] (IRQs 5 10 *11)
[    2.729711] ACPI: PCI Interrupt Link [LNKH] (IRQs 5 10 *11)
[    2.730520] ACPI: PCI Interrupt Link [GSIA] (IRQs *16)
[    2.731364] ACPI: PCI Interrupt Link [GSIB] (IRQs *17)
[    2.732343] ACPI: PCI Interrupt Link [GSIC] (IRQs *18)
[    2.733373] ACPI: PCI Interrupt Link [GSID] (IRQs *19)
[    2.734346] ACPI: PCI Interrupt Link [GSIE] (IRQs *20)
[    2.735366] ACPI: PCI Interrupt Link [GSIF] (IRQs *21)
[    2.736367] ACPI: PCI Interrupt Link [GSIG] (IRQs *22)
[    2.737352] ACPI: PCI Interrupt Link [GSIH] (IRQs *23)
[    2.741519] initcall acpi_init+0x0/0x316 returned 0 after 158203 usecs
[    2.743366] calling  pnp_init+0x0/0xc @ 1
[    2.744377] initcall pnp_init+0x0/0xc returned 0 after 0 usecs
[    2.745335] calling  misc_init+0x0/0xbf @ 1
[    2.746632] initcall misc_init+0x0/0xbf returned 0 after 0 usecs
[    2.747336] calling  iommu_subsys_init+0x0/0x4e @ 1
[    2.748449] iommu: Default domain type: Translated 
[    2.749335] initcall iommu_subsys_init+0x0/0x4e returned 0 after 976 usecs
[    2.750334] calling  vga_arb_device_init+0x0/0x26c @ 1
[    2.753524] pci 0000:00:01.0: vgaarb: setting as boot VGA device
[    2.754328] pci 0000:00:01.0: vgaarb: VGA device added: decodes=io+mem,owns=io+mem,locks=none
[    2.754334] pci 0000:00:01.0: vgaarb: bridge control possible
[    2.755332] vgaarb: loaded
[    2.756336] initcall vga_arb_device_init+0x0/0x26c returned 0 after 4882 usecs
[    2.757437] calling  cn_init+0x0/0xf0 @ 1
[    2.759799] initcall cn_init+0x0/0xf0 returned 0 after 976 usecs
[    2.760339] calling  dma_buf_init+0x0/0xad @ 1
[    2.762422] initcall dma_buf_init+0x0/0xad returned 0 after 976 usecs
[    2.763338] calling  init_scsi+0x0/0x79 @ 1
[    2.765854] SCSI subsystem initialized
[    2.766348] initcall init_scsi+0x0/0x79 returned 0 after 1953 usecs
[    2.767349] calling  ata_init+0x0/0x332 @ 1
[    2.769656] libata version 3.00 loaded.
[    2.770337] initcall ata_init+0x0/0x332 returned 0 after 1953 usecs
[    2.771338] calling  phy_init+0x0/0x250 @ 1
[    2.772718] initcall phy_init+0x0/0x250 returned 0 after 0 usecs
[    2.773337] calling  init_pcmcia_cs+0x0/0x35 @ 1
[    2.774422] initcall init_pcmcia_cs+0x0/0x35 returned 0 after 0 usecs
[    2.775334] calling  usb_common_init+0x0/0x1c @ 1
[    2.776414] initcall usb_common_init+0x0/0x1c returned 0 after 0 usecs
[    2.777334] calling  usb_init+0x0/0x12e @ 1
[    2.780331] ACPI: bus type USB registered
[    2.782774] usbcore: registered new interface driver usbfs
[    2.783420] usbcore: registered new interface driver hub
[    2.784369] usbcore: registered new device driver usb
[    2.785335] initcall usb_init+0x0/0x12e returned 0 after 6835 usecs
[    2.786336] calling  serio_init+0x0/0x29 @ 1
[    2.787631] initcall serio_init+0x0/0x29 returned 0 after 0 usecs
[    2.789336] calling  input_init+0x0/0xf6 @ 1
[    2.790442] initcall input_init+0x0/0xf6 returned 0 after 0 usecs
[    2.791335] calling  rtc_init+0x0/0x4d @ 1
[    2.792360] initcall rtc_init+0x0/0x4d returned 0 after 0 usecs
[    2.793350] calling  pps_init+0x0/0xa9 @ 1
[    2.794374] pps_core: LinuxPPS API ver. 1 registered
[    2.795331] pps_core: Software ver. 5.3.6 - Copyright 2005-2007 Rodolfo Giometti <giometti@linux.it>
[    2.796336] initcall pps_init+0x0/0xa9 returned 0 after 1953 usecs
[    2.797336] calling  ptp_init+0x0/0x98 @ 1
[    2.798353] PTP clock support registered
[    2.799334] initcall ptp_init+0x0/0x98 returned 0 after 976 usecs
[    2.800334] calling  power_supply_class_init+0x0/0x3f @ 1
[    2.801460] initcall power_supply_class_init+0x0/0x3f returned 0 after 0 usecs
[    2.802336] calling  hwmon_init+0x0/0x104 @ 1
[    2.803383] initcall hwmon_init+0x0/0x104 returned 0 after 0 usecs
[    2.804335] calling  md_init+0x0/0x16b @ 1
[    2.805710] initcall md_init+0x0/0x16b returned 0 after 0 usecs
[    2.806335] calling  leds_init+0x0/0x3b @ 1
[    2.807360] initcall leds_init+0x0/0x3b returned 0 after 0 usecs
[    2.808336] calling  dmi_init+0x0/0x113 @ 1
[    2.809502] initcall dmi_init+0x0/0x113 returned 0 after 0 usecs
[    2.810336] calling  efisubsys_init+0x0/0x4e6 @ 1
[    2.811359] initcall efisubsys_init+0x0/0x4e6 returned 0 after 0 usecs
[    2.812336] calling  nvmem_init+0x0/0xc @ 1
[    2.814346] initcall nvmem_init+0x0/0xc returned 0 after 976 usecs
[    2.815335] calling  init_soundcore+0x0/0x33 @ 1
[    2.816345] initcall init_soundcore+0x0/0x33 returned 0 after 0 usecs
[    2.817333] calling  alsa_sound_init+0x0/0x8f @ 1
[    2.818485] Advanced Linux Sound Architecture Driver Initialized.
[    2.819334] initcall alsa_sound_init+0x0/0x8f returned 0 after 976 usecs
[    2.820352] calling  alsa_seq_device_init+0x0/0x71 @ 1
[    2.822559] initcall alsa_seq_device_init+0x0/0x71 returned 0 after 976 usecs
[    2.823335] calling  hda_bus_init+0x0/0xc @ 1
[    2.824386] initcall hda_bus_init+0x0/0xc returned 0 after 0 usecs
[    2.825334] calling  proto_init+0x0/0xc @ 1
[    2.826365] initcall proto_init+0x0/0xc returned 0 after 0 usecs
[    2.827334] calling  net_dev_init+0x0/0x1cc @ 1
[    2.829730] initcall net_dev_init+0x0/0x1cc returned 0 after 976 usecs
[    2.830334] calling  neigh_init+0x0/0x84 @ 1
[    2.831335] initcall neigh_init+0x0/0x84 returned 0 after 0 usecs
[    2.832334] calling  fib_notifier_init+0x0/0xc @ 1
[    2.833336] initcall fib_notifier_init+0x0/0xc returned 0 after 0 usecs
[    2.834333] calling  fib_rules_init+0x0/0xab @ 1
[    2.835371] initcall fib_rules_init+0x0/0xab returned 0 after 0 usecs
[    2.836333] calling  pktsched_init+0x0/0x10e @ 1
[    2.838696] initcall pktsched_init+0x0/0x10e returned 0 after 0 usecs
[    2.839335] calling  tc_filter_init+0x0/0xfa @ 1
[    2.840517] initcall tc_filter_init+0x0/0xfa returned 0 after 0 usecs
[    2.841335] calling  tc_action_init+0x0/0x54 @ 1
[    2.842336] initcall tc_action_init+0x0/0x54 returned 0 after 0 usecs
[    2.843336] calling  ethnl_init+0x0/0x52 @ 1
[    2.845519] initcall ethnl_init+0x0/0x52 returned 0 after 976 usecs
[    2.846336] calling  nexthop_init+0x0/0xd8 @ 1
[    2.847719] initcall nexthop_init+0x0/0xd8 returned 0 after 0 usecs
[    2.848336] calling  cipso_v4_init+0x0/0x5a @ 1
[    2.849498] initcall cipso_v4_init+0x0/0x5a returned 0 after 0 usecs
[    2.850337] calling  ieee80211_init+0x0/0x24 @ 1
[    2.853335] initcall ieee80211_init+0x0/0x24 returned 0 after 976 usecs
[    2.854336] calling  netlbl_init+0x0/0x78 @ 1
[    2.855445] NetLabel: Initializing
[    2.857333] NetLabel:  domain hash size = 128
[    2.858332] NetLabel:  protocols = UNLABELED CIPSOv4 CALIPSO
[    2.860587] NetLabel:  unlabeled traffic allowed by default
[    2.861340] initcall netlbl_init+0x0/0x78 returned 0 after 5859 usecs
[    2.862336] calling  rfkill_init+0x0/0x111 @ 1
[    2.864453] initcall rfkill_init+0x0/0x111 returned 0 after 976 usecs
[    2.865336] calling  pci_subsys_init+0x0/0x66 @ 1
[    2.866682] PCI: Using ACPI for IRQ routing
[    3.659969] PCI: pci_cache_line_size set to 64 bytes
[    3.662058] e820: reserve RAM buffer [mem 0x0009fc00-0x0009ffff]
[    3.662460] e820: reserve RAM buffer [mem 0x1ffdf000-0x1fffffff]
[    3.663625] initcall pci_subsys_init+0x0/0x66 returned 0 after 778320 usecs
[    3.678951] calling  nmi_warning_debugfs+0x0/0x26 @ 1
[    3.680924] initcall nmi_warning_debugfs+0x0/0x26 returned 0 after 976 usecs
[    3.681336] calling  save_microcode_in_initrd+0x0/0x51 @ 1
[    3.682504] initcall save_microcode_in_initrd+0x0/0x51 returned 0 after 0 usecs
[    3.683653] calling  hpet_late_init+0x0/0x1f6 @ 1
[    3.688236] hpet: 3 channels of 0 reserved for per-cpu timers
[    3.690802] hpet0: at MMIO 0xfed00000, IRQs 2, 8, 0
[    3.691334] hpet0: 3 comparators, 64-bit 100.000000 MHz counter
[    3.695340] initcall hpet_late_init+0x0/0x1f6 returned 0 after 9765 usecs
[    3.696340] calling  init_amd_nbs+0x0/0x11c @ 1
[    3.697345] initcall init_amd_nbs+0x0/0x11c returned 0 after 0 usecs
[    3.698339] calling  clocksource_done_booting+0x0/0x41 @ 1
[    3.700572] clocksource: Switched to clocksource kvm-clock
[    3.711270] initcall clocksource_done_booting+0x0/0x41 returned 0 after 11656 usecs
[    3.720833] calling  tracer_init_tracefs+0x0/0x1fb @ 1
[    4.704992] initcall tracer_init_tracefs+0x0/0x1fb returned 0 after 954204 usecs
[    4.715122] calling  init_trace_printk_function_export+0x0/0x2c @ 1
[    4.722501] initcall init_trace_printk_function_export+0x0/0x2c returned 0 after 7 usecs
[    4.732003] calling  init_kprobe_trace+0x0/0x1a9 @ 1
[    4.737877] initcall init_kprobe_trace+0x0/0x1a9 returned 0 after 18 usecs
[    4.746017] calling  init_dynamic_event+0x0/0x3d @ 1
[    4.752018] initcall init_dynamic_event+0x0/0x3d returned 0 after 4 usecs
[    4.762237] calling  init_uprobe_trace+0x0/0x5c @ 1
[    4.769677] initcall init_uprobe_trace+0x0/0x5c returned 0 after 125 usecs
[    4.780077] calling  init_pipe_fs+0x0/0x44 @ 1
[    4.787599] initcall init_pipe_fs+0x0/0x44 returned 0 after 867 usecs
[    4.795838] calling  inotify_user_setup+0x0/0x47 @ 1
[    4.801845] initcall inotify_user_setup+0x0/0x47 returned 0 after 40 usecs
[    4.810336] calling  eventpoll_init+0x0/0xcc @ 1
[    4.817195] initcall eventpoll_init+0x0/0xcc returned 0 after 100 usecs
[    4.825259] calling  anon_inode_init+0x0/0x58 @ 1
[    4.831069] initcall anon_inode_init+0x0/0x58 returned 0 after 116 usecs
[    4.839075] calling  proc_locks_init+0x0/0x27 @ 1
[    4.844858] initcall proc_locks_init+0x0/0x27 returned 0 after 85 usecs
[    4.852810] calling  iomap_init+0x0/0x1b @ 1
[    4.858727] initcall iomap_init+0x0/0x1b returned 0 after 728 usecs
[    4.866640] calling  dquot_init+0x0/0xd7 @ 1
[    4.871982] VFS: Disk quotas dquot_6.6.0
[    4.877091] VFS: Dquot-cache hash table entries: 512 (order 0, 4096 bytes)
[    4.885485] initcall dquot_init+0x0/0xd7 returned 0 after 13207 usecs
[    4.893457] calling  quota_init+0x0/0x23 @ 1
[    4.899239] initcall quota_init+0x0/0x23 returned 0 after 455 usecs
[    4.908855] calling  proc_cmdline_init+0x0/0x21 @ 1
[    4.914829] initcall proc_cmdline_init+0x0/0x21 returned 0 after 28 usecs
[    4.923020] calling  proc_consoles_init+0x0/0x24 @ 1
[    4.929126] initcall proc_consoles_init+0x0/0x24 returned 0 after 19 usecs
[    4.937479] calling  proc_cpuinfo_init+0x0/0x1e @ 1
[    4.943507] initcall proc_cpuinfo_init+0x0/0x1e returned 0 after 2 usecs
[    4.951741] calling  proc_devices_init+0x0/0x24 @ 1
[    4.958273] initcall proc_devices_init+0x0/0x24 returned 0 after 19 usecs
[    4.966625] calling  proc_interrupts_init+0x0/0x24 @ 1
[    4.974633] initcall proc_interrupts_init+0x0/0x24 returned 0 after 4 usecs
[    4.985355] calling  proc_loadavg_init+0x0/0x21 @ 1
[    4.992967] initcall proc_loadavg_init+0x0/0x21 returned 0 after 4 usecs
[    5.002068] calling  proc_meminfo_init+0x0/0x21 @ 1
[    5.008540] initcall proc_meminfo_init+0x0/0x21 returned 0 after 4 usecs
[    5.018818] calling  proc_stat_init+0x0/0x1e @ 1
[    5.026009] initcall proc_stat_init+0x0/0x1e returned 0 after 4 usecs
[    5.035873] calling  proc_uptime_init+0x0/0x21 @ 1
[    5.042216] initcall proc_uptime_init+0x0/0x21 returned 0 after 4 usecs
[    5.050494] calling  proc_version_init+0x0/0x21 @ 1
[    5.056928] initcall proc_version_init+0x0/0x21 returned 0 after 4 usecs
[    5.065326] calling  proc_softirqs_init+0x0/0x21 @ 1
[    5.071575] initcall proc_softirqs_init+0x0/0x21 returned 0 after 3 usecs
[    5.079953] calling  proc_kcore_init+0x0/0xea @ 1
[    5.089063] initcall proc_kcore_init+0x0/0xea returned 0 after 2624 usecs
[    5.097527] calling  vmcore_init+0x0/0x578 @ 1
[    5.103065] initcall vmcore_init+0x0/0x578 returned 0 after 15 usecs
[    5.110905] calling  proc_kmsg_init+0x0/0x21 @ 1
[    5.117179] initcall proc_kmsg_init+0x0/0x21 returned 0 after 4 usecs
[    5.126293] calling  proc_page_init+0x0/0x3b @ 1
[    5.133219] initcall proc_page_init+0x0/0x3b returned 0 after 5 usecs
[    5.142738] calling  init_ramfs_fs+0x0/0xc @ 1
[    5.149200] initcall init_ramfs_fs+0x0/0xc returned 0 after 78 usecs
[    5.156674] calling  init_hugetlbfs_fs+0x0/0xf6 @ 1
[    5.162620] initcall init_hugetlbfs_fs+0x0/0xf6 returned 0 after 167 usecs
[    5.170668] calling  blk_scsi_ioctl_init+0x0/0x2a5 @ 1
[    5.176872] initcall blk_scsi_ioctl_init+0x0/0x2a5 returned 0 after 66 usecs
[    5.185055] calling  acpi_event_init+0x0/0x2c @ 1
[    5.190790] initcall acpi_event_init+0x0/0x2c returned 0 after 100 usecs
[    5.198711] calling  pnp_system_init+0x0/0xc @ 1
[    5.206193] initcall pnp_system_init+0x0/0xc returned 0 after 1639 usecs
[    5.214156] calling  pnpacpi_init+0x0/0x69 @ 1
[    5.219460] pnp: PnP ACPI init
[    5.229301] pnp 00:00: Plug and Play ACPI device, IDs PNP0303 (active)
[    5.237299] pnp 00:01: Plug and Play ACPI device, IDs PNP0f13 (active)
[    5.245046] pnp 00:02: Plug and Play ACPI device, IDs PNP0400 (active)
[    5.252900] pnp 00:03: Plug and Play ACPI device, IDs PNP0501 (active)
[    5.260638] pnp 00:04: Plug and Play ACPI device, IDs PNP0b00 (active)
[    5.269089] system 00:05: [mem 0xb0000000-0xbfffffff window] has been reserved
[    5.277777] system 00:05: Plug and Play ACPI device, IDs PNP0c01 (active)
[    5.290607] pnp: PnP ACPI: found 6 devices
[    5.295529] initcall pnpacpi_init+0x0/0x69 returned 0 after 74314 usecs
[    5.303393] calling  chr_dev_init+0x0/0x14d @ 1
[    5.318666] initcall chr_dev_init+0x0/0x14d returned 0 after 9025 usecs
[    5.327196] calling  firmware_class_init+0x0/0xde @ 1
[    5.333572] initcall firmware_class_init+0x0/0xde returned 0 after 151 usecs
[    5.341919] calling  init_pcmcia_bus+0x0/0x5b @ 1
[    5.347935] initcall init_pcmcia_bus+0x0/0x5b returned 0 after 61 usecs
[    5.355894] calling  init_acpi_pm_clocksource+0x0/0xda @ 1
[    5.367885] clocksource: acpi_pm: mask: 0xffffff max_cycles: 0xffffff, max_idle_ns: 2085701024 ns
[    5.378608] initcall init_acpi_pm_clocksource+0x0/0xda returned 0 after 15821 usecs
[    5.390149] calling  sysctl_core_init+0x0/0x26 @ 1
[    5.397482] initcall sysctl_core_init+0x0/0x26 returned 0 after 294 usecs
[    5.407499] calling  eth_offload_init+0x0/0x13 @ 1
[    5.414532] initcall eth_offload_init+0x0/0x13 returned 0 after 20 usecs
[    5.424285] calling  ipv4_offload_init+0x0/0x73 @ 1
[    5.431555] initcall ipv4_offload_init+0x0/0x73 returned 0 after 189 usecs
[    5.441338] calling  inet_init+0x0/0x276 @ 1
[    5.446851] NET: Registered protocol family 2
[    5.452660] IP idents hash table entries: 8192 (order: 4, 65536 bytes, linear)
[    5.462267] tcp_listen_portaddr_hash hash table entries: 256 (order: 0, 4096 bytes, linear)
[    5.472133] TCP established hash table entries: 4096 (order: 3, 32768 bytes, linear)
[    5.482545] TCP bind hash table entries: 4096 (order: 3, 32768 bytes, linear)
[    5.490863] TCP: Hash tables configured (established 4096 bind 4096)
[    5.498874] UDP hash table entries: 256 (order: 1, 8192 bytes, linear)
[    5.506680] UDP-Lite hash table entries: 256 (order: 1, 8192 bytes, linear)
[    5.515219] initcall inet_init+0x0/0x276 returned 0 after 66968 usecs
[    5.522937] calling  af_unix_init+0x0/0x4d @ 1
[    5.528219] NET: Registered protocol family 1
[    5.533548] initcall af_unix_init+0x0/0x4d returned 0 after 5204 usecs
[    5.541349] calling  ipv6_offload_init+0x0/0x7e @ 1
[    5.547189] initcall ipv6_offload_init+0x0/0x7e returned 0 after 30 usecs
[    5.555144] calling  init_sunrpc+0x0/0x65 @ 1
[    5.561729] RPC: Registered named UNIX socket transport module.
[    5.568816] RPC: Registered udp transport module.
[    5.574813] RPC: Registered tcp transport module.
[    5.581813] RPC: Registered tcp NFSv4.1 backchannel transport module.
[    5.591269] initcall init_sunrpc+0x0/0x65 returned 0 after 30197 usecs
[    5.600871] calling  cfg80211_init+0x0/0xc5 @ 1
[    5.608687] initcall cfg80211_init+0x0/0xc5 returned 0 after 1064 usecs
[    5.617696] calling  pcibios_assign_resources+0x0/0xa8 @ 1
[    5.624621] pci_bus 0000:00: resource 4 [io  0x0000-0x0cf7 window]
[    5.631959] pci_bus 0000:00: resource 5 [io  0x0d00-0xffff window]
[    5.639168] pci_bus 0000:00: resource 6 [mem 0x000a0000-0x000bffff window]
[    5.647130] pci_bus 0000:00: resource 7 [mem 0x20000000-0xafffffff window]
[    5.655446] pci_bus 0000:00: resource 8 [mem 0xc0000000-0xfebfffff window]
[    5.663473] pci_bus 0000:00: resource 9 [mem 0x100000000-0x8ffffffff window]
[    5.672098] initcall pcibios_assign_resources+0x0/0xa8 returned 0 after 46671 usecs
[    5.681458] calling  pci_apply_final_quirks+0x0/0x124 @ 1
[    5.688781] pci 0000:00:01.0: calling  pci_fixup_video+0x0/0xe0 @ 1
[    5.696856] pci 0000:00:01.0: Video device with shadowed ROM at [mem 0x000c0000-0x000dffff]
[    5.706869] pci 0000:00:01.0: pci_fixup_video+0x0/0xe0 took 10089 usecs
[    5.715467] PCI: CLS 0 bytes, default 64
[    5.720509] initcall pci_apply_final_quirks+0x0/0x124 returned 0 after 31649 usecs
[    5.730004] calling  acpi_reserve_resources+0x0/0xea @ 1
[    5.736891] initcall acpi_reserve_resources+0x0/0xea returned 0 after 34 usecs
[    5.745748] calling  populate_rootfs+0x0/0x102 @ 1
[    5.754131] initcall populate_rootfs+0x0/0x102 returned 0 after 2298 usecs
[    5.762730] calling  pci_iommu_init+0x0/0x3e @ 1
[    5.769082] initcall pci_iommu_init+0x0/0x3e returned 0 after 336 usecs
[    5.782941] calling  ia32_binfmt_init+0x0/0x13 @ 1
[    5.789499] initcall ia32_binfmt_init+0x0/0x13 returned 0 after 101 usecs
[    5.798153] calling  rapl_pmu_init+0x0/0x25f @ 1
[    5.804303] initcall rapl_pmu_init+0x0/0x25f returned -19 after 478 usecs
[    5.812367] calling  amd_uncore_init+0x0/0x310 @ 1
[    5.818162] initcall amd_uncore_init+0x0/0x310 returned -19 after 0 usecs
[    5.826731] calling  amd_ibs_init+0x0/0x233 @ 1
[    5.833949] initcall amd_ibs_init+0x0/0x233 returned -19 after 0 usecs
[    5.841924] calling  amd_iommu_pc_init+0x0/0x20c @ 1
[    5.848111] initcall amd_iommu_pc_init+0x0/0x20c returned -19 after 51 usecs
[    5.856704] calling  msr_init+0x0/0x55 @ 1
[    5.862023] initcall msr_init+0x0/0x55 returned 0 after 217 usecs
[    5.869478] calling  intel_uncore_init+0x0/0x31e @ 1
[    5.875755] initcall intel_uncore_init+0x0/0x31e returned -19 after 134 usecs
[    5.884512] calling  cstate_pmu_init+0x0/0x181 @ 1
[    5.890438] initcall cstate_pmu_init+0x0/0x181 returned -19 after 0 usecs
[    5.898878] calling  register_kernel_offset_dumper+0x0/0x1a @ 1
[    5.906128] initcall register_kernel_offset_dumper+0x0/0x1a returned 0 after 12 usecs
[    5.915363] calling  i8259A_init_ops+0x0/0x20 @ 1
[    5.921899] initcall i8259A_init_ops+0x0/0x20 returned 0 after 1 usecs
[    5.933241] calling  init_tsc_clocksource+0x0/0xa4 @ 1
[    5.940721] clocksource: tsc: mask: 0xffffffffffffffff max_cycles: 0x39a85afc727, max_idle_ns: 881590685098 ns
[    5.955097] initcall init_tsc_clocksource+0x0/0xa4 returned 0 after 13989 usecs
[    5.963754] calling  add_rtc_cmos+0x0/0xb0 @ 1
[    5.969156] initcall add_rtc_cmos+0x0/0xb0 returned 0 after 2 usecs
[    5.976665] calling  i8237A_init_ops+0x0/0x3a @ 1
[    5.982588] initcall i8237A_init_ops+0x0/0x3a returned 0 after 316 usecs
[    5.990658] calling  umwait_init+0x0/0x94 @ 1
[    5.996069] initcall umwait_init+0x0/0x94 returned -19 after 16 usecs
[    6.003823] calling  thermal_throttle_init_device+0x0/0x3d @ 1
[    6.010943] initcall thermal_throttle_init_device+0x0/0x3d returned 0 after 34 usecs
[    6.020293] calling  msr_init+0x0/0xd7 @ 1
[    6.025499] initcall msr_init+0x0/0xd7 returned 0 after 343 usecs
[    6.033992] calling  cpuid_init+0x0/0xd7 @ 1
[    6.040600] initcall cpuid_init+0x0/0xd7 returned 0 after 322 usecs
[    6.049842] calling  ioapic_init_ops+0x0/0x13 @ 1
[    6.056727] initcall ioapic_init_ops+0x0/0x13 returned 0 after 43 usecs
[    6.065016] calling  add_pcspkr+0x0/0x6c @ 1
[    6.070197] initcall add_pcspkr+0x0/0x6c returned 0 after 81 usecs
[    6.077677] calling  start_periodic_check_for_corruption+0x0/0x30 @ 1
[    6.085288] check: Scanning for low memory corruption every 60 seconds
[    6.092854] initcall start_periodic_check_for_corruption+0x0/0x30 returned 0 after 7407 usecs
[    6.102805] calling  sysfb_init+0x0/0x9c @ 1
[    6.107944] initcall sysfb_init+0x0/0x9c returned 0 after 95 usecs
[    6.114880] calling  audit_classes_init+0x0/0xae @ 1
[    6.120566] initcall audit_classes_init+0x0/0xae returned 0 after 23 usecs
[    6.128331] calling  iosf_mbi_init+0x0/0x24 @ 1
[    6.134771] initcall iosf_mbi_init+0x0/0x24 returned 0 after 1181 usecs
[    6.144283] calling  proc_execdomains_init+0x0/0x21 @ 1
[    6.151800] initcall proc_execdomains_init+0x0/0x21 returned 0 after 24 usecs
[    6.161921] calling  register_warn_debugfs+0x0/0x23 @ 1
[    6.169145] initcall register_warn_debugfs+0x0/0x23 returned 0 after 9 usecs
[    6.177550] calling  ioresources_init+0x0/0x49 @ 1
[    6.183366] initcall ioresources_init+0x0/0x49 returned 0 after 6 usecs
[    6.191263] calling  snapshot_device_init+0x0/0xc @ 1
[    6.198573] initcall snapshot_device_init+0x0/0xc returned 0 after 1208 usecs
[    6.206988] calling  irq_pm_init_ops+0x0/0x13 @ 1
[    6.212678] initcall irq_pm_init_ops+0x0/0x13 returned 0 after 48 usecs
[    6.220341] calling  rcu_torture_init+0x0/0x89f @ 1
[    6.226286] tasks-torture:--- Start of test: nreaders=1 nfakewriters=4 stat_interval=15 verbose=1 test_no_idle_hz=1 shuffle_interval=3 stutter=5 irqreader=1 fqs_duration=0 fqs_holdoff=0 fqs_stutter=3 test_boost=1/0 test_boost_interval=7 test_boost_duration=4 shutdown_secs=1800 stall_cpu=0 stall_cpu_holdoff=10 stall_cpu_irqsoff=0 stall_cpu_block=0 n_barrier_cbs=4 onoff_interval=0 onoff_holdoff=0 read_exit_delay=13 read_exit_burst=16
[    6.270574] tasks:  Start-test grace-period state: g0 f0x0
[    6.277118] tasks-torture: Creating rcu_torture_writer task
[    6.284086] tasks-torture: Creating rcu_torture_fakewriter task
[    6.291508] tasks-torture: rcu_torture_writer task started
[    6.298073] tasks-torture: GP expediting controlled from boot/sysfs for tasks.
[    6.306697] rcu_torture_writer: Testing expedited GPs.
[    6.312908] rcu_torture_writer: Testing asynchronous GPs.
[    6.319277] rcu_torture_writer: Testing normal GPs.
[    6.325059] tasks-torture: Creating rcu_torture_fakewriter task
[    6.331959] tasks-torture: rcu_torture_fakewriter task started
[    6.339010] tasks-torture: Creating rcu_torture_fakewriter task
[    6.346075] tasks-torture: rcu_torture_fakewriter task started
[    6.354816] tasks-torture: Creating rcu_torture_fakewriter task
[    6.361889] tasks-torture: rcu_torture_fakewriter task started
[    6.369578] tasks-torture: Creating rcu_torture_reader task
[    6.377734] tasks-torture: rcu_torture_fakewriter task started
[    6.386769] tasks-torture: Creating rcu_torture_stats task
[    6.394798] tasks-torture: rcu_torture_reader task started
[    6.405399] tasks-torture: Creating torture_shuffle task
[    6.413684] tasks-torture: rcu_torture_stats task started
[    6.422341] tasks-torture: Creating torture_stutter task
[    6.429921] tasks-torture: torture_shuffle task started
[    6.438869] tasks-torture: Creating torture_shutdown task
[    6.446767] tasks-torture: torture_stutter task started
[    6.455049] tasks-torture: rcu_torture_fwd_prog_init: Disabled, unsupported by RCU flavor under test
[    6.465508] tasks-torture: Creating rcu_torture_barrier_cbs task
[    6.472793] tasks-torture: torture_shutdown task started
[    6.479018] tasks-torture:torture_shutdown task: 1799959 ms remaining
[    6.486566] tasks-torture: Creating rcu_torture_barrier_cbs task
[    6.493338] tasks-torture: rcu_torture_barrier_cbs task started
[    6.500247] tasks-torture: Creating rcu_torture_barrier_cbs task
[    6.507127] tasks-torture: rcu_torture_barrier_cbs task started
[    6.514282] tasks-torture: Creating rcu_torture_barrier_cbs task
[    6.521298] tasks-torture: rcu_torture_barrier_cbs task started
[    6.528697] tasks-torture: Creating rcu_torture_barrier task
[    6.535285] tasks-torture: rcu_torture_barrier_cbs task started
[    6.552223] tasks-torture: Creating rcu_torture_read_exit task
[    6.559182] tasks-torture: rcu_torture_barrier task starting
[    6.566492] initcall rcu_torture_init+0x0/0x89f returned 0 after 332278 usecs
[    6.576605] calling  timekeeping_init_ops+0x0/0x13 @ 1
[    6.583986] initcall timekeeping_init_ops+0x0/0x13 returned 0 after 18 usecs
[    6.594101] calling  init_clocksource_sysfs+0x0/0x23 @ 1
[    6.601664] initcall init_clocksource_sysfs+0x0/0x23 returned 0 after 60 usecs
[    6.611463] calling  init_timer_list_procfs+0x0/0x31 @ 1
[    6.617566] initcall init_timer_list_procfs+0x0/0x31 returned 0 after 5 usecs
[    6.625696] calling  alarmtimer_init+0x0/0xb5 @ 1
[    6.631150] initcall alarmtimer_init+0x0/0xb5 returned 0 after 61 usecs
[    6.638656] calling  init_posix_timers+0x0/0x29 @ 1
[    6.644241] initcall init_posix_timers+0x0/0x29 returned 0 after 9 usecs
[    6.652955] calling  clockevents_init_sysfs+0x0/0x8b @ 1
[    6.660641] initcall clockevents_init_sysfs+0x0/0x8b returned 0 after 101 usecs
[    6.670962] calling  proc_dma_init+0x0/0x21 @ 1
[    6.677465] initcall proc_dma_init+0x0/0x21 returned 0 after 31 usecs
[    6.686674] calling  proc_modules_init+0x0/0x1e @ 1
[    6.693692] initcall proc_modules_init+0x0/0x1e returned 0 after 5 usecs
[    6.703079] calling  kallsyms_init+0x0/0x21 @ 1
[    6.709673] initcall kallsyms_init+0x0/0x21 returned 0 after 6 usecs
[    6.718920] calling  pid_namespaces_init+0x0/0x2c @ 1
[    6.725033] initcall pid_namespaces_init+0x0/0x2c returned 0 after 35 usecs
[    6.732857] calling  audit_watch_init+0x0/0x37 @ 1
[    6.738302] initcall audit_watch_init+0x0/0x37 returned 0 after 2 usecs
[    6.745899] calling  audit_fsnotify_init+0x0/0x37 @ 1
[    6.751726] initcall audit_fsnotify_init+0x0/0x37 returned 0 after 2 usecs
[    6.759503] calling  audit_tree_init+0x0/0x6d @ 1
[    6.765020] initcall audit_tree_init+0x0/0x6d returned 0 after 6 usecs
[    6.772441] calling  seccomp_sysctl_init+0x0/0x2b @ 1
[    6.778230] initcall seccomp_sysctl_init+0x0/0x2b returned 0 after 51 usecs
[    6.786002] calling  utsname_sysctl_init+0x0/0x13 @ 1
[    6.791813] initcall utsname_sysctl_init+0x0/0x13 returned 0 after 8 usecs
[    6.799668] calling  init_tracepoints+0x0/0x27 @ 1
[    6.805195] initcall init_tracepoints+0x0/0x27 returned 0 after 2 usecs
[    6.812815] calling  init_blk_tracer+0x0/0x50 @ 1
[    6.818530] initcall init_blk_tracer+0x0/0x50 returned 0 after 280 usecs
[    6.827682] calling  perf_event_sysfs_init+0x0/0x81 @ 1
[    6.833940] initcall perf_event_sysfs_init+0x0/0x81 returned 0 after 262 usecs
[    6.842099] calling  system_trusted_keyring_init+0x0/0x5f @ 1
[    6.848706] Initialise system trusted keyrings
[    6.855108] initcall system_trusted_keyring_init+0x0/0x5f returned 0 after 6248 usecs
[    6.864280] calling  kswapd_init+0x0/0x13 @ 1
[    6.869352] tasks-torture: rcu_torture_read_exit: Start of test
[    6.878234] initcall kswapd_init+0x0/0x13 returned 0 after 8679 usecs
[    6.887646] calling  extfrag_debug_init+0x0/0x54 @ 1
[    6.894880] initcall extfrag_debug_init+0x0/0x54 returned 0 after 12 usecs
[    6.903986] calling  slab_proc_init+0x0/0x21 @ 1
[    6.909448] initcall slab_proc_init+0x0/0x21 returned 0 after 29 usecs
[    6.917066] calling  workingset_init+0x0/0x8c @ 1
[    6.922664] workingset: timestamp_bits=62 max_order=17 bucket_order=0
[    6.930340] initcall workingset_init+0x0/0x8c returned 0 after 7507 usecs
[    6.938464] calling  proc_vmalloc_init+0x0/0x27 @ 1
[    6.944416] initcall proc_vmalloc_init+0x0/0x27 returned 0 after 15 usecs
[    6.952681] calling  procswaps_init+0x0/0x1e @ 1
[    6.958249] initcall procswaps_init+0x0/0x1e returned 0 after 16 usecs
[    6.966102] calling  slab_sysfs_init+0x0/0xea @ 1
[    6.980013] initcall slab_sysfs_init+0x0/0xea returned 0 after 6852 usecs
[    6.990245] calling  fcntl_init+0x0/0x29 @ 1
[    6.996735] initcall fcntl_init+0x0/0x29 returned 0 after 10 usecs
[    7.006050] calling  proc_filesystems_init+0x0/0x21 @ 1
[    7.014104] initcall proc_filesystems_init+0x0/0x21 returned 0 after 20 usecs
[    7.024828] calling  start_dirtytime_writeback+0x0/0x29 @ 1
[    7.033272] initcall start_dirtytime_writeback+0x0/0x29 returned 0 after 1 usecs
[    7.044508] calling  blkdev_init+0x0/0x1b @ 1
[    7.051204] initcall blkdev_init+0x0/0x1b returned 0 after 45 usecs
[    7.061639] calling  dio_init+0x0/0x2c @ 1
[    7.068338] initcall dio_init+0x0/0x2c returned 0 after 43 usecs
[    7.075568] calling  dnotify_init+0x0/0x78 @ 1
[    7.080967] initcall dnotify_init+0x0/0x78 returned 0 after 9 usecs
[    7.088490] calling  aio_setup+0x0/0x78 @ 1
[    7.093618] initcall aio_setup+0x0/0x78 returned 0 after 61 usecs
[    7.100921] calling  io_uring_init+0x0/0x2c @ 1
[    7.106471] initcall io_uring_init+0x0/0x2c returned 0 after 4 usecs
[    7.114017] calling  mbcache_init+0x0/0x30 @ 1
[    7.119608] initcall mbcache_init+0x0/0x30 returned 0 after 113 usecs
[    7.127236] calling  init_grace+0x0/0xc @ 1
[    7.132110] initcall init_grace+0x0/0xc returned 0 after 3 usecs
[    7.139261] calling  init_v2_quota_format+0x0/0x21 @ 1
[    7.145539] initcall init_v2_quota_format+0x0/0x21 returned 0 after 24 usecs
[    7.153987] calling  init_devpts_fs+0x0/0x27 @ 1
[    7.159656] initcall init_devpts_fs+0x0/0x27 returned 0 after 46 usecs
[    7.167411] calling  ext4_init_fs+0x0/0x1cb @ 1
[    7.173171] initcall ext4_init_fs+0x0/0x1cb returned 0 after 270 usecs
[    7.181024] calling  journal_init+0x0/0x11c @ 1
[    7.186567] initcall journal_init+0x0/0x11c returned 0 after 84 usecs
[    7.194206] calling  init_fat_fs+0x0/0x49 @ 1
[    7.200687] initcall init_fat_fs+0x0/0x49 returned 0 after 114 usecs
[    7.210278] calling  init_vfat_fs+0x0/0xc @ 1
[    7.216126] initcall init_vfat_fs+0x0/0xc returned 0 after 3 usecs
[    7.223726] calling  init_msdos_fs+0x0/0xc @ 1
[    7.229229] initcall init_msdos_fs+0x0/0xc returned 0 after 3 usecs
[    7.237746] calling  init_iso9660_fs+0x0/0x6c @ 1
[    7.244181] rcu_torture_rea (61) used greatest stack depth: 15536 bytes left
[    7.252909] initcall init_iso9660_fs+0x0/0x6c returned 0 after 9001 usecs
[    7.261459] calling  init_nfs_fs+0x0/0x13a @ 1
[    7.267657] initcall init_nfs_fs+0x0/0x13a returned 0 after 789 usecs
[    7.276700] calling  init_nfs_v2+0x0/0x13 @ 1
[    7.282523] initcall init_nfs_v2+0x0/0x13 returned 0 after 41 usecs
[    7.290016] calling  init_nfs_v3+0x0/0x13 @ 1
[    7.295252] initcall init_nfs_v3+0x0/0x13 returned 0 after 15 usecs
[    7.302818] calling  init_nfs_v4+0x0/0x32 @ 1
[    7.308149] NFS: Registering the id_resolver key type
[    7.314503] Key type id_resolver registered
[    7.319708] Key type id_legacy registered
[    7.324686] initcall init_nfs_v4+0x0/0x32 returned 0 after 16172 usecs
[    7.332635] calling  init_nlm+0x0/0x5b @ 1
[    7.337794] initcall init_nlm+0x0/0x5b returned 0 after 165 usecs
[    7.345485] calling  init_nls_cp437+0x0/0xe @ 1
[    7.350996] initcall init_nls_cp437+0x0/0xe returned 0 after 72 usecs
[    7.358773] calling  init_nls_ascii+0x0/0xe @ 1
[    7.364236] initcall init_nls_ascii+0x0/0xe returned 0 after 0 usecs
[    7.371842] calling  init_nls_iso8859_1+0x0/0xe @ 1
[    7.378887] initcall init_nls_iso8859_1+0x0/0xe returned 0 after 0 usecs
[    7.389018] calling  init_nls_utf8+0x0/0x21 @ 1
[    7.396243] initcall init_nls_utf8+0x0/0x21 returned 0 after 1 usecs
[    7.405596] calling  init_autofs_fs+0x0/0x25 @ 1
[    7.412752] initcall init_autofs_fs+0x0/0x25 returned 0 after 147 usecs
[    7.422633] calling  ipc_init+0x0/0x24 @ 1
[    7.428885] initcall ipc_init+0x0/0x24 returned 0 after 16 usecs
[    7.438142] calling  ipc_sysctl_init+0x0/0x13 @ 1
[    7.444769] initcall ipc_sysctl_init+0x0/0x13 returned 0 after 30 usecs
[    7.453978] calling  init_mqueue_fs+0x0/0x92 @ 1
[    7.460031] initcall init_mqueue_fs+0x0/0x92 returned 0 after 200 usecs
[    7.468076] calling  key_proc_init+0x0/0x63 @ 1
[    7.473704] initcall key_proc_init+0x0/0x63 returned 0 after 5 usecs
[    7.481605] calling  selinux_nf_ip_init+0x0/0x2e @ 1
[    7.487696] initcall selinux_nf_ip_init+0x0/0x2e returned 0 after 0 usecs
[    7.495764] calling  init_sel_fs+0x0/0x116 @ 1
[    7.501970] initcall init_sel_fs+0x0/0x116 returned 0 after 0 usecs
[    7.511488] calling  selnl_init+0x0/0x7c @ 1
[    7.518320] initcall selnl_init+0x0/0x7c returned 0 after 167 usecs
[    7.527599] calling  sel_netif_init+0x0/0x36 @ 1
[    7.534565] initcall sel_netif_init+0x0/0x36 returned 0 after 1 usecs
[    7.546772] calling  sel_netnode_init+0x0/0x33 @ 1
[    7.553970] initcall sel_netnode_init+0x0/0x33 returned 0 after 0 usecs
[    7.564656] calling  sel_netport_init+0x0/0x33 @ 1
[    7.571997] initcall sel_netport_init+0x0/0x33 returned 0 after 0 usecs
[    7.579894] calling  aurule_init+0x0/0x2a @ 1
[    7.585108] initcall aurule_init+0x0/0x2a returned 0 after 1 usecs
[    7.592564] calling  crypto_algapi_init+0x0/0xc @ 1
[    7.598535] initcall crypto_algapi_init+0x0/0xc returned 0 after 4 usecs
[    7.606698] calling  jent_mod_init+0x0/0x2d @ 1
[    7.622270] initcall jent_mod_init+0x0/0x2d returned 0 after 9783 usecs
[    7.631779] calling  asymmetric_key_init+0x0/0xc @ 1
[    7.639048] Key type asymmetric registered
[    7.644882] initcall asymmetric_key_init+0x0/0xc returned 0 after 5694 usecs
[    7.653959] calling  x509_key_init+0x0/0xc @ 1
[    7.660332] Asymmetric key parser 'x509' registered
[    7.667436] initcall x509_key_init+0x0/0xc returned 0 after 6968 usecs
[    7.676726] calling  proc_genhd_init+0x0/0x41 @ 1
[    7.682237] initcall proc_genhd_init+0x0/0x41 returned 0 after 5 usecs
[    7.689841] calling  bsg_init+0x0/0x113 @ 1
[    7.694781] Block layer SCSI generic (bsg) driver version 0.4 loaded (major 251)
[    7.703594] initcall bsg_init+0x0/0x113 returned 0 after 8633 usecs
[    7.712917] calling  deadline_init+0x0/0xc @ 1
[    7.719526] io scheduler mq-deadline registered
[    7.726313] initcall deadline_init+0x0/0xc returned 0 after 6684 usecs
[    7.735824] calling  kyber_init+0x0/0xc @ 1
[    7.740960] io scheduler kyber registered
[    7.746046] initcall kyber_init+0x0/0xc returned 0 after 4965 usecs
[    7.753652] calling  mod_init+0x0/0x7 @ 1
[    7.758670] initcall mod_init+0x0/0x7 returned 0 after 0 usecs
[    7.765623] calling  sg_pool_init+0x0/0xb4 @ 1
[    7.771163] initcall sg_pool_init+0x0/0xb4 returned 0 after 145 usecs
[    7.778952] calling  pcie_portdrv_init+0x0/0x39 @ 1
[    7.785032] initcall pcie_portdrv_init+0x0/0x39 returned 0 after 42 usecs
[    7.793208] calling  pci_proc_init+0x0/0x68 @ 1
[    7.798904] initcall pci_proc_init+0x0/0x68 returned 0 after 11 usecs
[    7.806920] calling  pci_hotplug_init+0x0/0x7 @ 1
[    7.812858] initcall pci_hotplug_init+0x0/0x7 returned 0 after 0 usecs
[    7.820975] calling  efifb_driver_init+0x0/0xe @ 1
[    7.827019] initcall efifb_driver_init+0x0/0xe returned 0 after 22 usecs
[    7.835014] calling  ged_driver_init+0x0/0xe @ 1
[    7.841065] initcall ged_driver_init+0x0/0xe returned 0 after 36 usecs
[    7.849150] calling  acpi_ac_init+0x0/0x92 @ 1
[    7.854607] initcall acpi_ac_init+0x0/0x92 returned 0 after 121 usecs
[    7.862285] calling  acpi_button_driver_init+0x0/0x52 @ 1
[    7.869077] input: Power Button as /devices/LNXSYSTM:00/LNXPWRBN:00/input/input0
[    7.878205] ACPI: Power Button [PWRF]
[    7.883107] initcall acpi_button_driver_init+0x0/0x52 returned 0 after 13938 usecs
[    7.892321] calling  acpi_fan_driver_init+0x0/0xe @ 1
[    7.898485] initcall acpi_fan_driver_init+0x0/0xe returned 0 after 28 usecs
[    7.907151] calling  acpi_video_init+0x0/0xcb @ 1
[    7.912981] initcall acpi_video_init+0x0/0xcb returned 0 after 49 usecs
[    7.921064] calling  acpi_processor_driver_init+0x0/0xad @ 1
[    7.928510] initcall acpi_processor_driver_init+0x0/0xad returned 0 after 430 usecs
[    7.938086] calling  acpi_thermal_init+0x0/0x71 @ 1
[    7.944816] initcall acpi_thermal_init+0x0/0x71 returned 0 after 569 usecs
[    7.953625] calling  acpi_battery_init+0x0/0x32 @ 1
[    7.959954] initcall acpi_battery_init+0x0/0x32 returned 0 after 3 usecs
[    7.968461] calling  bgrt_init+0x0/0xb6 @ 1
[    7.973912] initcall bgrt_init+0x0/0xb6 returned -19 after 0 usecs
[    7.981810] calling  gpio_clk_driver_init+0x0/0xe @ 1
[    7.988389] initcall gpio_clk_driver_init+0x0/0xe returned 0 after 20 usecs
[    7.997251] calling  plt_clk_driver_init+0x0/0xe @ 1
[    8.003745] initcall plt_clk_driver_init+0x0/0xe returned 0 after 59 usecs
[    8.012476] calling  virtio_pci_driver_init+0x0/0x15 @ 1
[    8.019125] initcall virtio_pci_driver_init+0x0/0x15 returned 0 after 52 usecs
[    8.028488] calling  n_null_init+0x0/0x1e @ 1
[    8.034224] initcall n_null_init+0x0/0x1e returned 0 after 14 usecs
[    8.042249] calling  pty_init+0x0/0x1e8 @ 1
[    8.047757] initcall pty_init+0x0/0x1e8 returned 0 after 236 usecs
[    8.055446] calling  sysrq_init+0x0/0x62 @ 1
[    8.060928] initcall sysrq_init+0x0/0x62 returned 0 after 5 usecs
[    8.068713] calling  serial8250_init+0x0/0x17e @ 1
[    8.074791] Serial: 8250/16550 driver, 4 ports, IRQ sharing enabled
[    8.083989] 00:03: ttyS0 at I/O 0x3f8 (irq = 4, base_baud = 115200) is a 16550A
[    8.094964] initcall serial8250_init+0x0/0x17e returned 0 after 19722 usecs
[    8.103819] calling  serial_pci_driver_init+0x0/0x15 @ 1
[    8.110862] initcall serial_pci_driver_init+0x0/0x15 returned 0 after 461 usecs
[    8.120343] calling  exar_pci_driver_init+0x0/0x15 @ 1
[    8.128497] initcall exar_pci_driver_init+0x0/0x15 returned 0 after 72 usecs
[    8.139516] calling  lpss8250_pci_driver_init+0x0/0x15 @ 1
[    8.148133] initcall lpss8250_pci_driver_init+0x0/0x15 returned 0 after 27 usecs
[    8.158425] calling  mid8250_pci_driver_init+0x0/0x15 @ 1
[    8.166247] initcall mid8250_pci_driver_init+0x0/0x15 returned 0 after 26 usecs
[    8.177291] calling  virtio_console_init+0x0/0xff @ 1
[    8.194420] initcall virtio_console_init+0x0/0xff returned 0 after 3323 usecs
[    8.204098] calling  hpet_init+0x0/0x64 @ 1
[    8.214322] initcall hpet_init+0x0/0x64 returned 0 after 4849 usecs
[    8.222434] calling  nvram_module_init+0x0/0x83 @ 1
[    8.229110] Non-volatile memory driver v1.3
[    8.234639] initcall nvram_module_init+0x0/0x83 returned 0 after 5650 usecs
[    8.246160] calling  hwrng_modinit+0x0/0x8a @ 1
[    8.252305] initcall hwrng_modinit+0x0/0x8a returned 0 after 140 usecs
[    8.260469] calling  mod_init+0x0/0x48 @ 1
[    8.265586] initcall mod_init+0x0/0x48 returned -19 after 0 usecs
[    8.273191] calling  agp_init+0x0/0x23 @ 1
[    8.278445] Linux agpgart interface v0.103
[    8.283854] initcall agp_init+0x0/0x23 returned 0 after 5281 usecs
[    8.291490] calling  agp_amd64_mod_init+0x0/0x5 @ 1
[    8.298098] initcall agp_amd64_mod_init+0x0/0x5 returned -19 after 555 usecs
[    8.306822] calling  agp_intel_init+0x0/0x28 @ 1
[    8.313117] initcall agp_intel_init+0x0/0x28 returned 0 after 517 usecs
[    8.321252] calling  drm_kms_helper_init+0x0/0x7 @ 1
[    8.327677] initcall drm_kms_helper_init+0x0/0x7 returned 0 after 26 usecs
[    8.336338] calling  drm_core_init+0x0/0x9e @ 1
[    8.343325] initcall drm_core_init+0x0/0x9e returned 0 after 576 usecs
[    8.352104] calling  i915_init+0x0/0x6b @ 1
[    8.360810] initcall i915_init+0x0/0x6b returned 0 after 2914 usecs
[    8.369481] calling  cn_proc_init+0x0/0x35 @ 1
[    8.375577] initcall cn_proc_init+0x0/0x35 returned 0 after 14 usecs
[    8.384187] calling  topology_sysfs_init+0x0/0x27 @ 1
[    8.392219] initcall topology_sysfs_init+0x0/0x27 returned 0 after 200 usecs
[    8.401727] calling  cacheinfo_sysfs_init+0x0/0x27 @ 1
[    8.409274] initcall cacheinfo_sysfs_init+0x0/0x27 returned 0 after 355 usecs
[    8.419261] calling  loop_init+0x0/0x168 @ 1
[    8.460627] loop: module loaded
[    8.465594] initcall loop_init+0x0/0x168 returned 0 after 39201 usecs
[    8.475220] calling  mac_hid_init+0x0/0x21 @ 1
[    8.482005] initcall mac_hid_init+0x0/0x21 returned 0 after 32 usecs
[    8.491722] calling  spi_transport_init+0x0/0x74 @ 1
[    8.501769] initcall spi_transport_init+0x0/0x74 returned 0 after 533 usecs
[    8.513802] calling  init_sd+0x0/0x18c @ 1
[    8.520001] initcall init_sd+0x0/0x18c returned 0 after 197 usecs
[    8.528938] calling  init_sr+0x0/0x43 @ 1
[    8.534856] initcall init_sr+0x0/0x43 returned 0 after 47 usecs
[    8.542919] calling  init_sg+0x0/0x1c0 @ 1
[    8.548756] initcall init_sg+0x0/0x1c0 returned 0 after 237 usecs
[    8.557204] calling  ahci_pci_driver_init+0x0/0x15 @ 1
[    8.564662] ahci 0000:00:1f.2: version 3.0
[    8.572598] PCI Interrupt Link [GSIA] enabled at IRQ 16
[    8.589036] ahci 0000:00:1f.2: AHCI 0001.0000 32 slots 6 ports 1.5 Gbps 0x3f impl SATA mode
[    8.600569] ahci 0000:00:1f.2: flags: 64bit ncq only 
[    8.619060] scsi host0: ahci
[    8.624185] scsi host1: ahci
[    8.629160] scsi host2: ahci
[    8.637607] scsi host3: ahci
[    8.642302] scsi host4: ahci
[    8.646931] scsi host5: ahci
[    8.652078] ata1: SATA max UDMA/133 abar m4096@0xfebf1000 port 0xfebf1100 irq 24
[    8.662288] ata2: SATA max UDMA/133 abar m4096@0xfebf1000 port 0xfebf1180 irq 24
[    8.672753] ata3: SATA max UDMA/133 abar m4096@0xfebf1000 port 0xfebf1200 irq 24
[    8.683048] ata4: SATA max UDMA/133 abar m4096@0xfebf1000 port 0xfebf1280 irq 24
[    8.693323] ata5: SATA max UDMA/133 abar m4096@0xfebf1000 port 0xfebf1300 irq 24
[    8.703705] ata6: SATA max UDMA/133 abar m4096@0xfebf1000 port 0xfebf1380 irq 24
[    8.714284] initcall ahci_pci_driver_init+0x0/0x15 returned 0 after 146517 usecs
[    8.724318] calling  piix_init+0x0/0x26 @ 1
[    8.730297] initcall piix_init+0x0/0x26 returned 0 after 110 usecs
[    8.738873] calling  amd_pci_driver_init+0x0/0x15 @ 1
[    8.745895] initcall amd_pci_driver_init+0x0/0x15 returned 0 after 22 usecs
[    8.755479] calling  oldpiix_pci_driver_init+0x0/0x15 @ 1
[    8.763041] initcall oldpiix_pci_driver_init+0x0/0x15 returned 0 after 50 usecs
[    8.773043] calling  sch_pci_driver_init+0x0/0x15 @ 1
[    8.780120] initcall sch_pci_driver_init+0x0/0x15 returned 0 after 47 usecs
[    8.790699] calling  net_olddevs_init+0x0/0x55 @ 1
[    8.798530] initcall net_olddevs_init+0x0/0x55 returned 0 after 265 usecs
[    8.809296] calling  blackhole_netdev_init+0x0/0x78 @ 1
[    8.818046] initcall blackhole_netdev_init+0x0/0x78 returned 0 after 395 usecs
[    8.829304] calling  phy_module_init+0x0/0x13 @ 1
[    8.836978] initcall phy_module_init+0x0/0x13 returned 0 after 219 usecs
[    8.847550] calling  tg3_driver_init+0x0/0x15 @ 1
[    8.855022] initcall tg3_driver_init+0x0/0x15 returned 0 after 53 usecs
[    8.863445] calling  e100_init_module+0x0/0x4c @ 1
[    8.870275] e100: Intel(R) PRO/100 Network Driver
[    8.876732] e100: Copyright(c) 1999-2006 Intel Corporation
[    8.883888] initcall e100_init_module+0x0/0x4c returned 0 after 13338 usecs
[    8.893089] calling  e1000_init_module+0x0/0x72 @ 1
[    8.899821] e1000: Intel(R) PRO/1000 Network Driver
[    8.906761] e1000: Copyright (c) 1999-2006 Intel Corporation.
[    8.914596] initcall e1000_init_module+0x0/0x72 returned 0 after 14426 usecs
[    8.924135] calling  e1000_init_module+0x0/0x2d @ 1
[    8.931247] e1000e: Intel(R) PRO/1000 Network Driver
[    8.938606] e1000e: Copyright(c) 1999 - 2015 Intel Corporation.
[    8.946914] initcall e1000_init_module+0x0/0x2d returned 0 after 15310 usecs
[    8.956992] calling  sky2_init_module+0x0/0x21 @ 1
[    8.963523] sky2: driver version 1.30
[    8.968872] initcall sky2_init_module+0x0/0x21 returned 0 after 5221 usecs
[    8.978668] calling  forcedeth_pci_driver_init+0x0/0x15 @ 1
[    8.986580] initcall forcedeth_pci_driver_init+0x0/0x15 returned 0 after 41 usecs
[    8.996997] calling  rtl8139_init_module+0x0/0x15 @ 1
[    9.004268] initcall rtl8139_init_module+0x0/0x15 returned 0 after 75 usecs
[    9.014639] calling  rtl8169_pci_driver_init+0x0/0x15 @ 1
[    9.022699] initcall rtl8169_pci_driver_init+0x0/0x15 returned 0 after 47 usecs
[    9.033427] calling  cdrom_init+0x0/0xc @ 1
[    9.039766] initcall cdrom_init+0x0/0xc returned 0 after 73 usecs
[    9.048701] calling  nonstatic_sysfs_init+0x0/0xc @ 1
[    9.056093] initcall nonstatic_sysfs_init+0x0/0xc returned 0 after 33 usecs
[    9.066432] calling  yenta_cardbus_driver_init+0x0/0x15 @ 1
[    9.074973] initcall yenta_cardbus_driver_init+0x0/0x15 returned 0 after 157 usecs
[    9.086348] calling  mon_init+0x0/0x123 @ 1
[    9.101218] initcall mon_init+0x0/0x123 returned 0 after 8186 usecs
[    9.110490] calling  ehci_hcd_init+0x0/0x55 @ 1
[    9.117117] ehci_hcd: USB 2.0 'Enhanced' Host Controller (EHCI) Driver
[    9.126869] initcall ehci_hcd_init+0x0/0x55 returned 0 after 9673 usecs
[    9.136487] calling  ehci_pci_init+0x0/0x64 @ 1
[    9.143164] ehci-pci: EHCI PCI platform driver
[    9.151835] initcall ehci_pci_init+0x0/0x64 returned 0 after 8465 usecs
[    9.161174] calling  ohci_hcd_mod_init+0x0/0x4d @ 1
[    9.168088] ohci_hcd: USB 1.1 'Open' Host Controller (OHCI) Driver
[    9.176635] initcall ohci_hcd_mod_init+0x0/0x4d returned 0 after 8345 usecs
[    9.186623] calling  ohci_pci_init+0x0/0x64 @ 1
[    9.194553] ohci-pci: OHCI PCI platform driver
[    9.201227] initcall ohci_pci_init+0x0/0x64 returned 0 after 6515 usecs
[    9.210273] calling  uhci_hcd_init+0x0/0xa6 @ 1
[    9.216720] uhci_hcd: USB Universal Host Controller Interface driver
[    9.225691] initcall uhci_hcd_init+0x0/0xa6 returned 0 after 8758 usecs
[    9.234895] calling  xhci_hcd_init+0x0/0x1e @ 1
[    9.241230] initcall xhci_hcd_init+0x0/0x1e returned 0 after 33 usecs
[    9.250215] calling  xhci_pci_init+0x0/0x49 @ 1
[    9.257024] initcall xhci_pci_init+0x0/0x49 returned 0 after 245 usecs
[    9.267016] calling  usblp_driver_init+0x0/0x15 @ 1
[    9.274872] usbcore: registered new interface driver usblp
[    9.282953] initcall usblp_driver_init+0x0/0x15 returned 0 after 8280 usecs
[    9.293266] calling  usb_storage_driver_init+0x0/0x2a @ 1
[    9.301518] usbcore: registered new interface driver usb-storage
[    9.310621] initcall usb_storage_driver_init+0x0/0x2a returned 0 after 8956 usecs
[    9.321425] calling  i8042_init+0x0/0x4c2 @ 1
[    9.331096] i8042: PNP: PS/2 Controller [PNP0303:KBD,PNP0f13:MOU] at 0x60,0x64 irq 1,12
[    9.353746] serio: i8042 KBD port at 0x60,0x64 irq 1
[    9.360964] serio: i8042 AUX port at 0x60,0x64 irq 12
[    9.368327] initcall i8042_init+0x0/0x4c2 returned 0 after 40290 usecs
[    9.378677] calling  serport_init+0x0/0x2c @ 1
[    9.385735] initcall serport_init+0x0/0x2c returned 0 after 19 usecs
[    9.395937] calling  input_leds_init+0x0/0xc @ 1
[    9.403659] initcall input_leds_init+0x0/0xc returned 0 after 295 usecs
[    9.413534] calling  evdev_init+0x0/0xc @ 1
[    9.424159] initcall evdev_init+0x0/0xc returned 0 after 3730 usecs
[    9.433138] calling  atkbd_init+0x0/0x21 @ 1
[    9.439218] initcall atkbd_init+0x0/0x21 returned 0 after 221 usecs
[    9.448516] calling  psmouse_init+0x0/0x7f @ 1
[    9.456538] initcall psmouse_init+0x0/0x7f returned 0 after 280 usecs
[    9.467709] calling  cmos_init+0x0/0x73 @ 1
[    9.476150] rtc_cmos 00:04: RTC can wake from S4
[    9.497948] input: AT Translated Set 2 keyboard as /devices/platform/i8042/serio0/input/input1
[    9.545358] ata1: SATA link down (SStatus 0 SControl 300)
[    9.558129] ata3: SATA link up 1.5 Gbps (SStatus 113 SControl 300)
[    9.568840] ata3.00: ATAPI: QEMU DVD-ROM, 2.5+, max UDMA/100
[    9.577555] ata3.00: applying bridge limits
[    9.586252] ata3.00: configured for UDMA/100
[    9.597297] ata5: SATA link down (SStatus 0 SControl 300)
[    9.609938] ata4: SATA link down (SStatus 0 SControl 300)
[    9.620575] ata2: SATA link down (SStatus 0 SControl 300)
[    9.631533] scsi 2:0:0:0: CD-ROM            QEMU     QEMU DVD-ROM     2.5+ PQ: 0 ANSI: 5
[    9.647738] rtc_cmos 00:04: registered as rtc0
[    9.655088] rtc_cmos 00:04: alarms up to one day, y3k, 242 bytes nvram, hpet irqs
[    9.667857] initcall cmos_init+0x0/0x73 returned 0 after 188381 usecs
[    9.678968] calling  smbalert_driver_init+0x0/0xe @ 1
[    9.686316] initcall smbalert_driver_init+0x0/0xe returned 0 after 67 usecs
[    9.696326] calling  i2c_i801_init+0x0/0xc5 @ 1
[    9.705303] i801_smbus 0000:00:1f.3: SMBus using PCI interrupt
[    9.714514] i2c i2c-0: 1/1 memory slots populated (from DMI)
[    9.722780] i2c i2c-0: Memory type 0x07 not supported yet, not instantiating SPD
[    9.734548] initcall i2c_i801_init+0x0/0xc5 returned 0 after 30860 usecs
[    9.747051] calling  ptp_kvm_init+0x0/0xf0 @ 1
[    9.757693] ata6: SATA link down (SStatus 0 SControl 300)
[    9.782028] sr 2:0:0:0: [sr0] scsi3-mmc drive: 4x/4x cd/rw xa/form2 tray
[    9.793294] cdrom: Uniform CD-ROM driver Revision: 3.20
[    9.806172] initcall ptp_kvm_init+0x0/0xf0 returned 0 after 50133 usecs
[    9.817044] calling  dm_init+0x0/0x3c @ 1
[    9.828255] sr 2:0:0:0: Attached scsi CD-ROM sr0
[    9.838621] device-mapper: ioctl: 4.43.0-ioctl (2020-10-01) initialised: dm-devel@redhat.com
[    9.852881] initcall dm_init+0x0/0x3c returned 0 after 28686 usecs
[    9.864269] calling  dm_mirror_init+0x0/0x29 @ 1
[    9.872467] initcall dm_mirror_init+0x0/0x29 returned 0 after 81 usecs
[    9.883562] calling  dm_dirty_log_init+0x0/0x4f @ 1
[    9.892231] initcall dm_dirty_log_init+0x0/0x4f returned 0 after 115 usecs
[    9.904144] calling  dm_zero_init+0x0/0x29 @ 1
[    9.911870] initcall dm_zero_init+0x0/0x29 returned 0 after 1 usecs
[    9.923111] calling  intel_pstate_init+0x0/0x4a2 @ 1
[    9.932117] intel_pstate: CPU model not supported
[    9.940594] initcall intel_pstate_init+0x0/0x4a2 returned -19 after 8273 usecs
[    9.952779] calling  haltpoll_init+0x0/0xc0 @ 1
[    9.960911] initcall haltpoll_init+0x0/0xc0 returned -19 after 57 usecs
[    9.974233] calling  efivars_sysfs_init+0x0/0x30 @ 1
[    9.982143] initcall efivars_sysfs_init+0x0/0x30 returned 0 after 34 usecs
[    9.992464] calling  esrt_sysfs_init+0x0/0x2a2 @ 1
[   10.000176] initcall esrt_sysfs_init+0x0/0x2a2 returned -38 after 65 usecs
[   10.010252] calling  hid_init+0x0/0x5c @ 1
[   10.016958] hid: raw HID events driver (C) Jiri Kosina
[   10.024815] initcall hid_init+0x0/0x5c returned 0 after 7908 usecs
[   10.034145] calling  hid_generic_init+0x0/0x15 @ 1
[   10.041481] initcall hid_generic_init+0x0/0x15 returned 0 after 355 usecs
[   10.051422] calling  a4_driver_init+0x0/0x15 @ 1
[   10.058468] initcall a4_driver_init+0x0/0x15 returned 0 after 22 usecs
[   10.068068] calling  apple_driver_init+0x0/0x15 @ 1
[   10.075235] initcall apple_driver_init+0x0/0x15 returned 0 after 121 usecs
[   10.085415] calling  belkin_driver_init+0x0/0x15 @ 1
[   10.093022] initcall belkin_driver_init+0x0/0x15 returned 0 after 19 usecs
[   10.104048] calling  ch_driver_init+0x0/0x15 @ 1
[   10.110901] initcall ch_driver_init+0x0/0x15 returned 0 after 21 usecs
[   10.122210] calling  ch_driver_init+0x0/0x15 @ 1
[   10.130411] initcall ch_driver_init+0x0/0x15 returned 0 after 24 usecs
[   10.141507] calling  cp_driver_init+0x0/0x15 @ 1
[   10.149054] initcall cp_driver_init+0x0/0x15 returned 0 after 25 usecs
[   10.158253] calling  ez_driver_init+0x0/0x15 @ 1
[   10.164615] initcall ez_driver_init+0x0/0x15 returned 0 after 52 usecs
[   10.173553] calling  gyration_driver_init+0x0/0x15 @ 1
[   10.181005] initcall gyration_driver_init+0x0/0x15 returned 0 after 96 usecs
[   10.190895] calling  ite_driver_init+0x0/0x15 @ 1
[   10.231697] initcall ite_driver_init+0x0/0x15 returned 0 after 20636 usecs
[   10.247121] calling  ks_driver_init+0x0/0x15 @ 1
[   10.254177] initcall ks_driver_init+0x0/0x15 returned 0 after 28 usecs
[   10.263690] calling  lg_driver_init+0x0/0x15 @ 1
[   10.271927] initcall lg_driver_init+0x0/0x15 returned 0 after 1303 usecs
[   10.283971] calling  lg_g15_driver_init+0x0/0x15 @ 1
[   10.292032] initcall lg_g15_driver_init+0x0/0x15 returned 0 after 91 usecs
[   10.303665] calling  ms_driver_init+0x0/0x15 @ 1
[   10.310491] initcall ms_driver_init+0x0/0x15 returned 0 after 20 usecs
[   10.320621] calling  mr_driver_init+0x0/0x15 @ 1
[   10.329241] initcall mr_driver_init+0x0/0x15 returned 0 after 2000 usecs
[   10.339120] calling  ntrig_driver_init+0x0/0x15 @ 1
[   10.346687] initcall ntrig_driver_init+0x0/0x15 returned 0 after 241 usecs
[   10.356785] calling  pl_driver_init+0x0/0x15 @ 1
[   10.363764] initcall pl_driver_init+0x0/0x15 returned 0 after 25 usecs
[   10.373522] calling  pl_driver_init+0x0/0x15 @ 1
[   10.380418] initcall pl_driver_init+0x0/0x15 returned 0 after 24 usecs
[   10.389434] calling  redragon_driver_init+0x0/0x15 @ 1
[   10.396718] initcall redragon_driver_init+0x0/0x15 returned 0 after 24 usecs
[   10.407501] calling  samsung_driver_init+0x0/0x15 @ 1
[   10.415352] initcall samsung_driver_init+0x0/0x15 returned 0 after 319 usecs
[   10.424976] calling  sony_init+0x0/0x38 @ 1
[   10.433094] initcall sony_init+0x0/0x38 returned 0 after 678 usecs
[   10.442416] calling  sp_driver_init+0x0/0x15 @ 1
[   10.449119] initcall sp_driver_init+0x0/0x15 returned 0 after 26 usecs
[   10.458704] calling  ts_driver_init+0x0/0x15 @ 1
[   10.465362] initcall ts_driver_init+0x0/0x15 returned 0 after 25 usecs
[   10.475105] calling  hid_init+0x0/0x58 @ 1
[   10.485227] usbcore: registered new interface driver usbhid
[   10.493711] usbhid: USB HID core driver
[   10.499532] initcall hid_init+0x0/0x58 returned 0 after 18047 usecs
[   10.509289] calling  eeepc_laptop_init+0x0/0x57 @ 1
[   10.523047] initcall eeepc_laptop_init+0x0/0x57 returned -19 after 6350 usecs
[   10.534308] calling  pmc_atom_init+0x0/0x27a @ 1
[   10.543163] initcall pmc_atom_init+0x0/0x27a returned -19 after 1213 usecs
[   10.553608] calling  alsa_hwdep_init+0x0/0x5e @ 1
[   10.567067] initcall alsa_hwdep_init+0x0/0x5e returned 0 after 5193 usecs
[   10.577350] calling  alsa_timer_init+0x0/0x1f0 @ 1
[   10.630844] sr 2:0:0:0: Attached scsi generic sg0 type 5
[   10.832548] input: ImExPS/2 Generic Explorer Mouse as /devices/platform/i8042/serio1/input/input3
[   11.510999] initcall alsa_timer_init+0x0/0x1f0 returned 0 after 905339 usecs
[   11.520092] calling  snd_hrtimer_init+0x0/0x117 @ 1
[   11.526513] initcall snd_hrtimer_init+0x0/0x117 returned 0 after 4 usecs
[   11.535529] calling  alsa_pcm_init+0x0/0x64 @ 1
[   11.542414] initcall alsa_pcm_init+0x0/0x64 returned 0 after 116 usecs
[   11.552607] calling  alsa_seq_init+0x0/0x4a @ 1
[   11.617863] initcall alsa_seq_init+0x0/0x4a returned 0 after 57147 usecs
[   11.627811] calling  alsa_seq_dummy_init+0x0/0x9c @ 1
[   11.635690] initcall alsa_seq_dummy_init+0x0/0x9c returned 0 after 70 usecs
[   11.645974] calling  azx_driver_init+0x0/0x15 @ 1
[   11.655486] initcall azx_driver_init+0x0/0x15 returned 0 after 2754 usecs
[   11.665809] calling  sock_diag_init+0x0/0x2a @ 1
[   11.674676] initcall sock_diag_init+0x0/0x2a returned 0 after 2019 usecs
[   11.684190] calling  blackhole_init+0x0/0xc @ 1
[   11.690741] initcall blackhole_init+0x0/0xc returned 0 after 57 usecs
[   11.700113] calling  nfnetlink_init+0x0/0x57 @ 1
[   11.708954] initcall nfnetlink_init+0x0/0x57 returned 0 after 1023 usecs
[   11.720072] calling  nfnetlink_log_init+0x0/0x99 @ 1
[   11.729161] initcall nfnetlink_log_init+0x0/0x99 returned 0 after 394 usecs
[   11.741642] calling  nf_conntrack_standalone_init+0x0/0x87 @ 1
[   11.756226] initcall nf_conntrack_standalone_init+0x0/0x87 returned 0 after 4783 usecs
[   11.768659] calling  ctnetlink_init+0x0/0x83 @ 1
[   11.775836] initcall ctnetlink_init+0x0/0x83 returned 0 after 2 usecs
[   11.785141] calling  nf_conntrack_ftp_init+0x0/0x12c @ 1
[   11.793494] initcall nf_conntrack_ftp_init+0x0/0x12c returned 0 after 170 usecs
[   11.804424] calling  nf_conntrack_irc_init+0x0/0x129 @ 1
[   11.813672] initcall nf_conntrack_irc_init+0x0/0x129 returned 0 after 955 usecs
[   11.824917] calling  nf_conntrack_sip_init+0x0/0x172 @ 1
[   11.833371] initcall nf_conntrack_sip_init+0x0/0x172 returned 0 after 38 usecs
[   11.844720] calling  nf_nat_init+0x0/0xbb @ 1
[   11.852277] initcall nf_nat_init+0x0/0xbb returned 0 after 573 usecs
[   11.862119] calling  nf_nat_ftp_init+0x0/0x2a @ 1
[   11.869383] initcall nf_nat_ftp_init+0x0/0x2a returned 0 after 1 usecs
[   11.879459] calling  nf_nat_irc_init+0x0/0x2a @ 1
[   11.886830] initcall nf_nat_irc_init+0x0/0x2a returned 0 after 1 usecs
[   11.897201] calling  nf_nat_sip_init+0x0/0x36 @ 1
[   11.904542] initcall nf_nat_sip_init+0x0/0x36 returned 0 after 1 usecs
[   11.914790] calling  xt_init+0x0/0xcf @ 1
[   11.921609] initcall xt_init+0x0/0xcf returned 0 after 71 usecs
[   11.931458] calling  tcpudp_mt_init+0x0/0x11 @ 1
[   11.938781] initcall tcpudp_mt_init+0x0/0x11 returned 0 after 39 usecs
[   11.949500] calling  connsecmark_tg_init+0x0/0xc @ 1
[   11.957862] initcall connsecmark_tg_init+0x0/0xc returned 0 after 1 usecs
[   11.967680] calling  nflog_tg_init+0x0/0xc @ 1
[   11.974926] initcall nflog_tg_init+0x0/0xc returned 0 after 1 usecs
[   11.984738] calling  secmark_tg_init+0x0/0x11 @ 1
[   11.991847] initcall secmark_tg_init+0x0/0x11 returned 0 after 1 usecs
[   12.001134] calling  tcpmss_tg_init+0x0/0x11 @ 1
[   12.008544] initcall tcpmss_tg_init+0x0/0x11 returned 0 after 1 usecs
[   12.018650] calling  conntrack_mt_init+0x0/0x11 @ 1
[   12.026463] initcall conntrack_mt_init+0x0/0x11 returned 0 after 1 usecs
[   12.037249] calling  policy_mt_init+0x0/0x11 @ 1
[   12.044623] initcall policy_mt_init+0x0/0x11 returned 0 after 1 usecs
[   12.054983] calling  state_mt_init+0x0/0xc @ 1
[   12.061920] initcall state_mt_init+0x0/0xc returned 0 after 0 usecs
[   12.070615] calling  gre_offload_init+0x0/0x48 @ 1
[   12.077747] initcall gre_offload_init+0x0/0x48 returned 0 after 278 usecs
[   12.087388] calling  sysctl_ipv4_init+0x0/0x46 @ 1
[   12.095571] initcall sysctl_ipv4_init+0x0/0x46 returned 0 after 829 usecs
[   12.106541] calling  tunnel4_init+0x0/0x58 @ 1
[   12.113937] initcall tunnel4_init+0x0/0x58 returned 0 after 143 usecs
[   12.124291] calling  nf_defrag_init+0x0/0xc @ 1
[   12.131857] initcall nf_defrag_init+0x0/0xc returned 0 after 66 usecs
[   12.142035] calling  ip_tables_init+0x0/0x8d @ 1
[   12.149268] initcall ip_tables_init+0x0/0x8d returned 0 after 134 usecs
[   12.159021] calling  iptable_filter_init+0x0/0x4c @ 1
[   12.169246] initcall iptable_filter_init+0x0/0x4c returned 0 after 2210 usecs
[   12.180648] calling  iptable_mangle_init+0x0/0xb8 @ 1
[   12.189029] initcall iptable_mangle_init+0x0/0xb8 returned 0 after 320 usecs
[   12.200201] calling  reject_tg_init+0x0/0xc @ 1
[   12.207470] initcall reject_tg_init+0x0/0xc returned 0 after 1 usecs
[   12.215933] calling  cubictcp_register+0x0/0x53 @ 1
[   12.223312] initcall cubictcp_register+0x0/0x53 returned 0 after 228 usecs
[   12.233521] calling  xfrm_user_init+0x0/0x45 @ 1
[   12.240993] Initializing XFRM netlink socket
[   12.248709] initcall xfrm_user_init+0x0/0x45 returned 0 after 7593 usecs
[   12.260111] calling  inet6_init+0x0/0x35e @ 1
[   12.273861] NET: Registered protocol family 10
[   12.297126] tasks-torture: rcu_torture_read_exit: End of episode
[   12.308490] Segment Routing with IPv6
[   12.313978] initcall inet6_init+0x0/0x35e returned 0 after 44375 usecs
[   12.323603] calling  ah6_init+0x0/0x71 @ 1
[   12.329807] initcall ah6_init+0x0/0x71 returned 0 after 95 usecs
[   12.338613] calling  esp6_init+0x0/0x71 @ 1
[   12.344604] initcall esp6_init+0x0/0x71 returned 0 after 1 usecs
[   12.352541] calling  ip6_tables_init+0x0/0x8d @ 1
[   12.359302] initcall ip6_tables_init+0x0/0x8d returned 0 after 325 usecs
[   12.368180] calling  ip6table_filter_init+0x0/0x4c @ 1
[   12.375798] initcall ip6table_filter_init+0x0/0x4c returned 0 after 1007 usecs
[   12.385426] calling  ip6table_mangle_init+0x0/0xb8 @ 1
[   12.392534] initcall ip6table_mangle_init+0x0/0xb8 returned 0 after 97 usecs
[   12.401902] calling  nf_defrag_init+0x0/0x45 @ 1
[   12.408292] initcall nf_defrag_init+0x0/0x45 returned 0 after 54 usecs
[   12.418142] calling  ipv6header_mt6_init+0x0/0xc @ 1
[   12.424801] initcall ipv6header_mt6_init+0x0/0xc returned 0 after 0 usecs
[   12.433712] calling  reject_tg6_init+0x0/0xc @ 1
[   12.440200] initcall reject_tg6_init+0x0/0xc returned 0 after 1 usecs
[   12.448903] calling  sit_init+0x0/0xc3 @ 1
[   12.454992] sit: IPv6, IPv4 and MPLS over IPv4 tunneling driver
[   12.465771] initcall sit_init+0x0/0xc3 returned 0 after 10523 usecs
[   12.474557] calling  packet_init+0x0/0x75 @ 1
[   12.480696] NET: Registered protocol family 17
[   12.486731] initcall packet_init+0x0/0x75 returned 0 after 5951 usecs
[   12.495506] calling  init_rpcsec_gss+0x0/0x60 @ 1
[   12.502480] initcall init_rpcsec_gss+0x0/0x60 returned 0 after 622 usecs
[   12.512074] calling  init_dns_resolver+0x0/0xca @ 1
[   12.519987] Key type dns_resolver registered
[   12.526300] initcall init_dns_resolver+0x0/0xca returned 0 after 6456 usecs
[   12.536127] calling  pm_check_save_msr+0x0/0xc0 @ 1
[   12.543523] initcall pm_check_save_msr+0x0/0xc0 returned 0 after 597 usecs
[   12.553609] calling  mcheck_init_device+0x0/0x112 @ 1
[   12.561757] initcall mcheck_init_device+0x0/0x112 returned 0 after 1176 usecs
[   12.573514] calling  mcheck_late_init+0x0/0x58 @ 1
[   12.580638] initcall mcheck_late_init+0x0/0x58 returned 0 after 272 usecs
[   12.589730] calling  severities_debugfs_init+0x0/0x29 @ 1
[   12.596829] initcall severities_debugfs_init+0x0/0x29 returned 0 after 7 usecs
[   12.607098] calling  microcode_init+0x0/0x1bd @ 1
[   12.613801] initcall microcode_init+0x0/0x1bd returned -22 after 15 usecs
[   12.623029] calling  hpet_insert_resource+0x0/0x22 @ 1
[   12.630178] initcall hpet_insert_resource+0x0/0x22 returned 0 after 75 usecs
[   12.639738] calling  start_sync_check_timer+0x0/0x4f @ 1
