c[?7l[2J[0mSeaBIOS (version 1.16.0-debian-1.16.0-4)
Booting from ROM...
early console in setup code
c[?7l[2J[    0.000000] Linux version 5.10.151+ (root@joelboxx.c.googlers.com) (gcc (Debian 12.2.0-3) 12.2.0, GNU ld (GNU Binutils for Debian) 2.39) #6 SMP Tue Dec 13 09:09:54 UTC 2022
[    0.000000] Command line: selinux=0 initcall_debug debug console=ttyS0 rcutree.rcu_fanout_leaf=4 nohz_full=1-7 rcutorture.onoff_interval=1000 rcutorture.onoff_holdoff=30 rcutorture.n_barrier_cbs=4 rcutorture.stat_interval=15 rcutorture.shutdown_secs=1800 rcutorture.test_no_idle_hz=1 rcutorture.verbose=1
[    0.000000] x86/fpu: x87 FPU will use FXSAVE
[    0.000000] BIOS-provided physical RAM map:
[    0.000000] BIOS-e820: [mem 0x0000000000000000-0x000000000009fbff] usable
[    0.000000] BIOS-e820: [mem 0x000000000009fc00-0x000000000009ffff] reserved
[    0.000000] BIOS-e820: [mem 0x00000000000f0000-0x00000000000fffff] reserved
[    0.000000] BIOS-e820: [mem 0x0000000000100000-0x000000001ffdefff] usable
[    0.000000] BIOS-e820: [mem 0x000000001ffdf000-0x000000001fffffff] reserved
[    0.000000] BIOS-e820: [mem 0x00000000b0000000-0x00000000bfffffff] reserved
[    0.000000] BIOS-e820: [mem 0x00000000fed1c000-0x00000000fed1ffff] reserved
[    0.000000] BIOS-e820: [mem 0x00000000feffc000-0x00000000feffffff] reserved
[    0.000000] BIOS-e820: [mem 0x00000000fffc0000-0x00000000ffffffff] reserved
[    0.000000] NX (Execute Disable) protection: active
[    0.000000] SMBIOS 2.8 present.
[    0.000000] DMI: QEMU Standard PC (Q35 + ICH9, 2009), BIOS 1.16.0-debian-1.16.0-4 04/01/2014
[    0.000000] Hypervisor detected: KVM
[    0.000000] kvm-clock: Using msrs 4b564d01 and 4b564d00
[    0.000000] kvm-clock: cpu 0, msr 1b2a8001, primary cpu clock
[    0.000001] kvm-clock: using sched offset of 2727250643 cycles
[    0.000211] clocksource: kvm-clock: mask: 0xffffffffffffffff max_cycles: 0x1cd42e4dffb, max_idle_ns: 881590591483 ns
[    0.000303] tsc: Detected 1999.999 MHz processor
[    0.006049] e820: update [mem 0x00000000-0x00000fff] usable ==> reserved
[    0.006055] e820: remove [mem 0x000a0000-0x000fffff] usable
[    0.006062] last_pfn = 0x1ffdf max_arch_pfn = 0x400000000
[    0.006917] MTRR default type: write-back
[    0.006980] MTRR fixed ranges enabled:
[    0.006982]   00000-9FFFF write-back
[    0.006984]   A0000-BFFFF uncachable
[    0.006985]   C0000-FFFFF write-protect
[    0.006986] MTRR variable ranges enabled:
[    0.006987]   0 base 00C0000000 mask FFC0000000 uncachable
[    0.006988]   1 disabled
[    0.006989]   2 disabled
[    0.006990]   3 disabled
[    0.006990]   4 disabled
[    0.006991]   5 disabled
[    0.006992]   6 disabled
[    0.006992]   7 disabled
[    0.007373] x86/PAT: Configuration [0-7]: WB  WC  UC- UC  WB  WC  UC- UC  
[    0.016354] found SMP MP-table at [mem 0x000f5ba0-0x000f5baf]
[    0.018477] check: Scanning 1 areas for low memory corruption
[    0.025928] ACPI: Early table checksum verification disabled
[    0.027261] ACPI: RSDP 0x00000000000F59E0 000014 (v00 BOCHS )
[    0.027806] ACPI: RSDT 0x000000001FFE252A 000038 (v01 BOCHS  BXPC     00000001 BXPC 00000001)
[    0.027968] ACPI: FACP 0x000000001FFE22EA 0000F4 (v03 BOCHS  BXPC     00000001 BXPC 00000001)
[    0.028114] ACPI: DSDT 0x000000001FFE0040 0022AA (v01 BOCHS  BXPC     00000001 BXPC 00000001)
[    0.028121] ACPI: FACS 0x000000001FFE0000 000040
[    0.028126] ACPI: APIC 0x000000001FFE23DE 0000B0 (v01 BOCHS  BXPC     00000001 BXPC 00000001)
[    0.028132] ACPI: HPET 0x000000001FFE248E 000038 (v01 BOCHS  BXPC     00000001 BXPC 00000001)
[    0.028137] ACPI: MCFG 0x000000001FFE24C6 00003C (v01 BOCHS  BXPC     00000001 BXPC 00000001)
[    0.028142] ACPI: WAET 0x000000001FFE2502 000028 (v01 BOCHS  BXPC     00000001 BXPC 00000001)
[    0.028146] ACPI: Reserving FACP table memory at [mem 0x1ffe22ea-0x1ffe23dd]
[    0.028149] ACPI: Reserving DSDT table memory at [mem 0x1ffe0040-0x1ffe22e9]
[    0.028151] ACPI: Reserving FACS table memory at [mem 0x1ffe0000-0x1ffe003f]
[    0.028152] ACPI: Reserving APIC table memory at [mem 0x1ffe23de-0x1ffe248d]
[    0.028153] ACPI: Reserving HPET table memory at [mem 0x1ffe248e-0x1ffe24c5]
[    0.028155] ACPI: Reserving MCFG table memory at [mem 0x1ffe24c6-0x1ffe2501]
[    0.028156] ACPI: Reserving WAET table memory at [mem 0x1ffe2502-0x1ffe2529]
[    0.028634] ACPI: Local APIC address 0xfee00000
[    0.033273] No NUMA configuration found
[    0.033278] Faking a node at [mem 0x0000000000000000-0x000000001ffdefff]
[    0.033394] NODE_DATA(0) allocated [mem 0x1ffdb000-0x1ffdefff]
[    0.034884] Zone ranges:
[    0.034974]   DMA      [mem 0x0000000000001000-0x0000000000ffffff]
[    0.035005]   DMA32    [mem 0x0000000001000000-0x000000001ffdefff]
[    0.035007]   Normal   empty
[    0.035009] Movable zone start for each node
[    0.035010] Early memory node ranges
[    0.035059]   node   0: [mem 0x0000000000001000-0x000000000009efff]
[    0.035113]   node   0: [mem 0x0000000000100000-0x000000001ffdefff]
[    0.035226] Initmem setup node 0 [mem 0x0000000000001000-0x000000001ffdefff]
[    0.035228] On node 0 totalpages: 130941
[    0.035359]   DMA zone: 64 pages used for memmap
[    0.035360]   DMA zone: 21 pages reserved
[    0.035361]   DMA zone: 3998 pages, LIFO batch:0
[    0.035362]   DMA32 zone: 1984 pages used for memmap
[    0.035363]   DMA32 zone: 126943 pages, LIFO batch:31
[    0.037750] On node 0, zone DMA: 1 pages in unavailable ranges
[    0.040317] On node 0, zone DMA: 97 pages in unavailable ranges
[    0.119530] On node 0, zone DMA32: 33 pages in unavailable ranges
[    0.123147] ACPI: PM-Timer IO Port: 0x608
[    0.123152] ACPI: Local APIC address 0xfee00000
[    0.123360] ACPI: LAPIC_NMI (acpi_id[0xff] dfl dfl lint[0x1])
[    0.124698] IOAPIC[0]: apic_id 0, version 17, address 0xfec00000, GSI 0-23
[    0.124758] ACPI: INT_SRC_OVR (bus 0 bus_irq 0 global_irq 2 dfl dfl)
[    0.124893] ACPI: INT_SRC_OVR (bus 0 bus_irq 5 global_irq 5 high level)
[    0.124894] ACPI: INT_SRC_OVR (bus 0 bus_irq 9 global_irq 9 high level)
[    0.125074] ACPI: INT_SRC_OVR (bus 0 bus_irq 10 global_irq 10 high level)
[    0.125077] ACPI: INT_SRC_OVR (bus 0 bus_irq 11 global_irq 11 high level)
[    0.125079] ACPI: IRQ0 used by override.
[    0.125080] ACPI: IRQ5 used by override.
[    0.125081] ACPI: IRQ9 used by override.
[    0.125082] ACPI: IRQ10 used by override.
[    0.125083] ACPI: IRQ11 used by override.
[    0.125140] Using ACPI (MADT) for SMP configuration information
[    0.125142] ACPI: HPET id: 0x8086a201 base: 0xfed00000
[    0.125532] smpboot: Allowing 8 CPUs, 0 hotplug CPUs
[    0.126652] PM: hibernation: Registered nosave memory: [mem 0x00000000-0x00000fff]
[    0.126655] PM: hibernation: Registered nosave memory: [mem 0x0009f000-0x0009ffff]
[    0.126656] PM: hibernation: Registered nosave memory: [mem 0x000a0000-0x000effff]
[    0.126657] PM: hibernation: Registered nosave memory: [mem 0x000f0000-0x000fffff]
[    0.126660] [mem 0x20000000-0xafffffff] available for PCI devices
[    0.126715] Booting paravirtualized kernel on KVM
[    0.127134] clocksource: refined-jiffies: mask: 0xffffffff max_cycles: 0xffffffff, max_idle_ns: 1910969940391419 ns
[    0.147553] setup_percpu: NR_CPUS:8 nr_cpumask_bits:8 nr_cpu_ids:8 nr_node_ids:1
[    0.161954] percpu: Embedded 56 pages/cpu s191512 r8192 d29672 u262144
[    0.161999] pcpu-alloc: s191512 r8192 d29672 u262144 alloc=1*2097152
[    0.162020] pcpu-alloc: [0] 0 1 2 3 4 5 6 7 
[    0.162330] kvm-guest: stealtime: cpu 0, msr 1f41b600
[    0.162440] Built 1 zonelists, mobility grouping on.  Total pages: 128872
[    0.162442] Policy zone: DMA32
[    0.162495] Kernel command line: selinux=0 initcall_debug debug console=ttyS0 rcutree.rcu_fanout_leaf=4 nohz_full=1-7 rcutorture.onoff_interval=1000 rcutorture.onoff_holdoff=30 rcutorture.n_barrier_cbs=4 rcutorture.stat_interval=15 rcutorture.shutdown_secs=1800 rcutorture.test_no_idle_hz=1 rcutorture.verbose=1
[    0.167919] Dentry cache hash table entries: 65536 (order: 7, 524288 bytes, linear)
[    0.168736] Inode-cache hash table entries: 32768 (order: 6, 262144 bytes, linear)
[    0.169272] mem auto-init: stack:all(zero), heap alloc:off, heap free:off
[    0.177275] Memory: 479784K/523764K available (14349K kernel code, 2548K rwdata, 4704K rodata, 1504K init, 1480K bss, 43720K reserved, 0K cma-reserved)
[    0.177952] SLUB: HWalign=64, Order=0-3, MinObjects=0, CPUs=8, Nodes=1
[    0.178327] Kernel/User page tables isolation: enabled
[    0.184476] rcu: Hierarchical RCU implementation.
[    0.184481] rcu: 	RCU event tracing is enabled.
[    0.184482] rcu: 	CONFIG_RCU_FANOUT set to non-default value of 4.
[    0.184484] rcu: 	RCU dyntick-idle grace-period acceleration is enabled.
[    0.184484] rcu: 	Build-time adjustment of leaf fanout to 3.
[    0.184486] rcu: 	Boot-time adjustment of leaf fanout to 4.
[    0.184487] rcu: 	RCU debug extended QS entry/exit.
[    0.184509] 	Trampoline variant of Tasks RCU enabled.
[    0.184510] 	Rude variant of Tasks RCU enabled.
[    0.184511] 	Tracing variant of Tasks RCU enabled.
[    0.184569] rcu: RCU calculated value of scheduler-enlistment delay is 100 jiffies.
[    0.184570] rcu: Adjusting geometry for rcu_fanout_leaf=4, nr_cpu_ids=8
[    0.194320] NR_IRQS: 4352, nr_irqs: 488, preallocated irqs: 16
[    0.195721] NO_HZ: Full dynticks CPUs: 1-7.
[    0.195724] rcu: 	Offload RCU callbacks from CPUs: 1-7.
[    0.196666] calling  con_init+0x0/0x22a @ 0
[    0.287812] Console: colour VGA+ 80x25
[    0.287832] initcall con_init+0x0/0x22a returned 0 after 0 usecs
[    0.287836] calling  hvc_console_init+0x0/0x13 @ 0
[    0.287851] initcall hvc_console_init+0x0/0x13 returned 0 after 0 usecs
[    0.287854] calling  univ8250_console_init+0x0/0x26 @ 0
[    1.240569] printk: console [ttyS0] enabled
[    1.245662] initcall univ8250_console_init+0x0/0x26 returned 0 after 0 usecs
[    1.255158] ACPI: Core revision 20200925
[    1.262335] clocksource: hpet: mask: 0xffffffff max_cycles: 0xffffffff, max_idle_ns: 19112604467 ns
[    1.273688] APIC: Switch to symmetric I/O mode setup
[    1.295564] ..TIMER: vector=0x30 apic1=0 pin1=2 apic2=-1 pin2=-1
[    1.303927] clocksource: tsc-early: mask: 0xffffffffffffffff max_cycles: 0x39a85afc727, max_idle_ns: 881590685098 ns
[    1.319531] Calibrating delay loop (skipped) preset value.. 3999.99 BogoMIPS (lpj=1999999)
[    1.320275] pid_max: default: 32768 minimum: 301
[    1.321543] LSM: Security Framework initializing
[    1.322489] Mount-cache hash table entries: 1024 (order: 1, 8192 bytes, linear)
[    1.323262] Mountpoint-cache hash table entries: 1024 (order: 1, 8192 bytes, linear)
[    1.332635] Last level iTLB entries: 4KB 0, 2MB 0, 4MB 0
[    1.333243] Last level dTLB entries: 4KB 0, 2MB 0, 4MB 0, 1GB 0
[    1.335329] Spectre V1 : Mitigation: usercopy/swapgs barriers and __user pointer sanitization
[    1.336235] Spectre V2 : Mitigation: Retpolines
[    1.337232] Spectre V2 : Spectre v2 / SpectreRSB mitigation: Filling RSB on context switch
[    1.338231] Spectre V2 : Spectre v2 / SpectreRSB : Filling RSB on VMEXIT
[    1.339232] Speculative Store Bypass: Vulnerable
[    1.340279] MDS: Vulnerable: Clear CPU buffers attempted, no microcode
[    1.341232] MMIO Stale Data: Unknown: No mitigations
[    1.410392] Freeing SMP alternatives memory: 44K
[    1.513228] smpboot: CPU0: Intel Common KVM processor (family: 0xf, model: 0x6, stepping: 0x1)
[    1.514526] calling  init_hw_perf_events+0x0/0x6ce @ 1
[    1.515232] Performance Events: unsupported Netburst CPU model 6 no PMU driver, software events only.
[    1.516237] initcall init_hw_perf_events+0x0/0x6ce returned 0 after 976 usecs
[    1.517237] calling  init_real_mode+0x0/0x1e9 @ 1
[    1.518603] initcall init_real_mode+0x0/0x1e9 returned 0 after 0 usecs
[    1.519236] calling  trace_init_perf_perm_irq_work_exit+0x0/0x12 @ 1
[    1.520278] initcall trace_init_perf_perm_irq_work_exit+0x0/0x12 returned 0 after 0 usecs
[    1.521248] calling  validate_x2apic+0x0/0x4a @ 1
[    1.522257] initcall validate_x2apic+0x0/0x4a returned 0 after 0 usecs
[    1.523233] calling  register_nmi_cpu_backtrace_handler+0x0/0x15 @ 1
[    1.524234] initcall register_nmi_cpu_backtrace_handler+0x0/0x15 returned 0 after 0 usecs
[    1.525234] calling  kvm_setup_vsyscall_timeinfo+0x0/0xce @ 1
[    1.526234] initcall kvm_setup_vsyscall_timeinfo+0x0/0xce returned 0 after 0 usecs
[    1.527246] calling  spawn_ksoftirqd+0x0/0x38 @ 1
[    1.528316] initcall spawn_ksoftirqd+0x0/0x38 returned 0 after 0 usecs
[    1.529233] calling  migration_init+0x0/0x3c @ 1
[    1.530233] initcall migration_init+0x0/0x3c returned 0 after 0 usecs
[    1.531233] calling  srcu_bootup_announce+0x0/0x2f @ 1
[    1.532260] rcu: Hierarchical SRCU implementation.
[    1.533236] initcall srcu_bootup_announce+0x0/0x2f returned 0 after 976 usecs
[    1.534235] calling  rcu_spawn_gp_kthread+0x0/0x1dd @ 1
[    1.535387] initcall rcu_spawn_gp_kthread+0x0/0x1dd returned 0 after 0 usecs
[    1.536234] calling  check_cpu_stall_init+0x0/0x1a @ 1
[    1.537235] initcall check_cpu_stall_init+0x0/0x1a returned 0 after 0 usecs
[    1.538233] calling  rcu_sysrq_init+0x0/0x21 @ 1
[    1.539236] initcall rcu_sysrq_init+0x0/0x21 returned 0 after 0 usecs
[    1.540235] calling  trace_init_flags_sys_enter+0x0/0xe @ 1
[    1.541248] initcall trace_init_flags_sys_enter+0x0/0xe returned 0 after 0 usecs
[    1.542234] calling  trace_init_flags_sys_exit+0x0/0xe @ 1
[    1.543233] initcall trace_init_flags_sys_exit+0x0/0xe returned 0 after 0 usecs
[    1.544234] calling  cpu_stop_init+0x0/0x6e @ 1
[    1.545366] initcall cpu_stop_init+0x0/0x6e returned 0 after 0 usecs
[    1.546241] calling  init_kprobes+0x0/0x165 @ 1
[    1.548845] initcall init_kprobes+0x0/0x165 returned 0 after 976 usecs
[    1.549239] calling  init_events+0x0/0x3d @ 1
[    1.550585] initcall init_events+0x0/0x3d returned 0 after 0 usecs
[    1.551234] calling  init_trace_printk+0x0/0xc @ 1
[    1.552235] initcall init_trace_printk+0x0/0xc returned 0 after 0 usecs
[    1.553234] calling  event_trace_enable_again+0x0/0x23 @ 1
[    1.554234] initcall event_trace_enable_again+0x0/0x23 returned 0 after 0 usecs
[    1.555233] calling  static_call_init+0x0/0x77 @ 1
[    1.556233] initcall static_call_init+0x0/0x77 returned 0 after 0 usecs
[    1.557233] calling  jump_label_init_module+0x0/0xc @ 1
[    1.558234] initcall jump_label_init_module+0x0/0xc returned 0 after 0 usecs
[    1.559234] calling  init_zero_pfn+0x0/0x37 @ 1
[    1.560233] initcall init_zero_pfn+0x0/0x37 returned 0 after 0 usecs
[    1.561233] calling  initialize_ptr_random+0x0/0x54 @ 1
[    1.562234] initcall initialize_ptr_random+0x0/0x54 returned 0 after 0 usecs
[    1.563253] calling  efi_memreserve_root_init+0x0/0x25 @ 1
[    1.564257] initcall efi_memreserve_root_init+0x0/0x25 returned 0 after 0 usecs
[    1.565233] calling  efi_earlycon_remap_fb+0x0/0x51 @ 1
[    1.566233] initcall efi_earlycon_remap_fb+0x0/0x51 returned 0 after 0 usecs
[    1.568755] smp: Bringing up secondary CPUs ...
[    1.571245] x86: Booting SMP configuration:
[    1.572271] .... node  #0, CPUs:      #1
[    1.120411] kvm-clock: cpu 1, msr 1b2a8041, secondary cpu clock
[    1.597562] kvm-guest: stealtime: cpu 1, msr 1f45b600
[    1.610931]  #2
[    1.120411] kvm-clock: cpu 2, msr 1b2a8081, secondary cpu clock
[    1.635228] kvm-guest: stealtime: cpu 2, msr 1f49b600
[    1.652284]  #3
[    1.120411] kvm-clock: cpu 3, msr 1b2a80c1, secondary cpu clock
[    1.674561] kvm-guest: stealtime: cpu 3, msr 1f4db600
[    1.688249]  #4
[    1.120411] kvm-clock: cpu 4, msr 1b2a8101, secondary cpu clock
[    1.710228] kvm-guest: stealtime: cpu 4, msr 1f51b600
[    1.724603]  #5
[    1.120411] kvm-clock: cpu 5, msr 1b2a8141, secondary cpu clock
[    1.746537] kvm-guest: stealtime: cpu 5, msr 1f55b600
[    1.761266]  #6
[    1.120411] kvm-clock: cpu 6, msr 1b2a8181, secondary cpu clock
[    1.787573] kvm-guest: stealtime: cpu 6, msr 1f59b600
[    1.803112]  #7
[    1.120411] kvm-clock: cpu 7, msr 1b2a81c1, secondary cpu clock
[    1.826229] kvm-guest: stealtime: cpu 7, msr 1f5db600
[    1.840763] smp: Brought up 1 node, 8 CPUs
[    1.841234] smpboot: Max logical packages: 1
[    1.842233] smpboot: Total of 8 processors activated (31999.98 BogoMIPS)
[    1.864431] devtmpfs: initialized
[    1.867615] calling  ipc_ns_init+0x0/0x3d @ 1
[    1.868281] initcall ipc_ns_init+0x0/0x3d returned 0 after 0 usecs
[    1.869235] calling  init_mmap_min_addr+0x0/0x21 @ 1
[    1.870235] initcall init_mmap_min_addr+0x0/0x21 returned 0 after 0 usecs
[    1.871235] calling  pci_realloc_setup_params+0x0/0x3f @ 1
[    1.872234] initcall pci_realloc_setup_params+0x0/0x3f returned 0 after 0 usecs
[    1.873235] calling  net_ns_init+0x0/0x11c @ 1
[    1.874553] initcall net_ns_init+0x0/0x11c returned 0 after 0 usecs
[    1.875256] calling  e820__register_nvs_regions+0x0/0x37 @ 1
[    1.876239] initcall e820__register_nvs_regions+0x0/0x37 returned 0 after 0 usecs
[    1.877239] calling  cpufreq_register_tsc_scaling+0x0/0x2e @ 1
[    1.878239] initcall cpufreq_register_tsc_scaling+0x0/0x2e returned 0 after 0 usecs
[    1.879237] calling  reboot_init+0x0/0x3c @ 1
[    1.880453] initcall reboot_init+0x0/0x3c returned 0 after 0 usecs
[    1.881236] calling  init_lapic_sysfs+0x0/0x20 @ 1
[    1.882236] initcall init_lapic_sysfs+0x0/0x20 returned 0 after 0 usecs
[    1.883237] calling  alloc_frozen_cpus+0x0/0x7 @ 1
[    1.884235] initcall alloc_frozen_cpus+0x0/0x7 returned 0 after 0 usecs
[    1.885234] calling  cpu_hotplug_pm_sync_init+0x0/0x13 @ 1
[    1.886235] initcall cpu_hotplug_pm_sync_init+0x0/0x13 returned 0 after 0 usecs
[    1.887234] calling  wq_sysfs_init+0x0/0x2a @ 1
[    1.888306] initcall wq_sysfs_init+0x0/0x2a returned 0 after 0 usecs
[    1.889235] calling  ksysfs_init+0x0/0x92 @ 1
[    1.890243] initcall ksysfs_init+0x0/0x92 returned 0 after 0 usecs
[    1.891240] calling  schedutil_gov_init+0x0/0xc @ 1
[    1.892292] initcall schedutil_gov_init+0x0/0xc returned 0 after 0 usecs
[    1.893235] calling  pm_init+0x0/0x76 @ 1
[    1.894296] initcall pm_init+0x0/0x76 returned 0 after 0 usecs
[    1.895235] calling  pm_disk_init+0x0/0x13 @ 1
[    1.896258] initcall pm_disk_init+0x0/0x13 returned 0 after 0 usecs
[    1.897235] calling  swsusp_header_init+0x0/0x2b @ 1
[    1.898237] initcall swsusp_header_init+0x0/0x2b returned 0 after 0 usecs
[    1.899251] calling  rcu_set_runtime_mode+0x0/0x16 @ 1
[    1.900593] initcall rcu_set_runtime_mode+0x0/0x16 returned 0 after 0 usecs
[    1.901235] calling  init_jiffies_clocksource+0x0/0x13 @ 1
[    1.902237] clocksource: jiffies: mask: 0xffffffff max_cycles: 0xffffffff, max_idle_ns: 1911260446275000 ns
[    1.903240] initcall init_jiffies_clocksource+0x0/0x13 returned 0 after 976 usecs
[    1.904237] calling  futex_init+0x0/0xf7 @ 1
[    1.905239] futex hash table entries: 2048 (order: 5, 131072 bytes, linear)
[    1.906707] initcall futex_init+0x0/0xf7 returned 0 after 976 usecs
[    1.907238] calling  cgroup_wq_init+0x0/0x28 @ 1
[    1.908245] initcall cgroup_wq_init+0x0/0x28 returned 0 after 0 usecs
[    1.909235] calling  cgroup1_wq_init+0x0/0x28 @ 1
[    1.910243] initcall cgroup1_wq_init+0x0/0x28 returned 0 after 0 usecs
[    1.911235] calling  init_kprobe_trace_early+0x0/0x2a @ 1
[    1.912283] initcall init_kprobe_trace_early+0x0/0x2a returned 0 after 0 usecs
[    1.913238] calling  fsnotify_init+0x0/0x48 @ 1
[    1.914251] initcall fsnotify_init+0x0/0x48 returned 0 after 0 usecs
[    1.915236] calling  filelock_init+0x0/0x96 @ 1
[    1.916265] initcall filelock_init+0x0/0x96 returned 0 after 0 usecs
[    1.917266] calling  init_misc_binfmt+0x0/0x2c @ 1
[    1.919267] initcall init_misc_binfmt+0x0/0x2c returned 0 after 0 usecs
[    1.920233] calling  init_script_binfmt+0x0/0x15 @ 1
[    1.921233] initcall init_script_binfmt+0x0/0x15 returned 0 after 0 usecs
[    1.922234] calling  init_elf_binfmt+0x0/0x15 @ 1
[    1.923233] initcall init_elf_binfmt+0x0/0x15 returned 0 after 0 usecs
[    1.924235] calling  init_compat_elf_binfmt+0x0/0x15 @ 1
[    1.925234] initcall init_compat_elf_binfmt+0x0/0x15 returned 0 after 0 usecs
[    1.926233] calling  debugfs_init+0x0/0x5c @ 1
[    1.927260] initcall debugfs_init+0x0/0x5c returned 0 after 0 usecs
[    1.928233] calling  tracefs_init+0x0/0x3a @ 1
[    1.929238] initcall tracefs_init+0x0/0x3a returned 0 after 0 usecs
[    1.930234] calling  prandom_init_early+0x0/0x15d @ 1
[    1.931235] initcall prandom_init_early+0x0/0x15d returned 0 after 0 usecs
[    1.932992] calling  virtio_init+0x0/0x20 @ 1
[    1.934366] initcall virtio_init+0x0/0x20 returned 0 after 0 usecs
[    1.935234] calling  iommu_init+0x0/0x2a @ 1
[    1.936285] initcall iommu_init+0x0/0x2a returned 0 after 0 usecs
[    1.937233] calling  component_debug_init+0x0/0x1c @ 1
[    1.938291] initcall component_debug_init+0x0/0x1c returned 0 after 0 usecs
[    1.939233] calling  early_resume_init+0x0/0xb9 @ 1
[    1.941232] PM: RTC time: 09:27:29, date: 2022-12-13
[    1.942234] initcall early_resume_init+0x0/0xb9 returned 0 after 1953 usecs
[    1.943233] calling  cpufreq_core_init+0x0/0x62 @ 1
[    1.944238] initcall cpufreq_core_init+0x0/0x62 returned 0 after 0 usecs
[    1.945233] calling  cpufreq_gov_performance_init+0x0/0xc @ 1
[    1.946233] initcall cpufreq_gov_performance_init+0x0/0xc returned 0 after 0 usecs
[    1.947232] calling  cpufreq_gov_userspace_init+0x0/0xc @ 1
[    1.948233] initcall cpufreq_gov_userspace_init+0x0/0xc returned 0 after 0 usecs
[    1.949378] calling  CPU_FREQ_GOV_ONDEMAND_init+0x0/0xc @ 1
[    1.950238] initcall CPU_FREQ_GOV_ONDEMAND_init+0x0/0xc returned 0 after 0 usecs
[    1.951235] calling  cpuidle_init+0x0/0x1f @ 1
[    1.952403] initcall cpuidle_init+0x0/0x1f returned 0 after 0 usecs
[    1.953237] calling  capsule_reboot_register+0x0/0xc @ 1
[    1.954380] initcall capsule_reboot_register+0x0/0xc returned 0 after 0 usecs
[    1.955237] calling  sock_init+0x0/0x93 @ 1
[    1.959592] initcall sock_init+0x0/0x93 returned 0 after 2929 usecs
[    1.960234] calling  net_inuse_init+0x0/0x23 @ 1
[    1.961238] initcall net_inuse_init+0x0/0x23 returned 0 after 0 usecs
[    1.962234] calling  net_defaults_init+0x0/0x23 @ 1
[    1.963234] initcall net_defaults_init+0x0/0x23 returned 0 after 0 usecs
[    1.964233] calling  init_default_flow_dissectors+0x0/0x4f @ 1
[    1.965329] initcall init_default_flow_dissectors+0x0/0x4f returned 0 after 0 usecs
[    1.966237] calling  netpoll_init+0x0/0x26 @ 1
[    1.967235] initcall netpoll_init+0x0/0x26 returned 0 after 0 usecs
[    1.968235] calling  netlink_proto_init+0x0/0x14f @ 1
[    1.971512] NET: Registered protocol family 16
[    1.972253] initcall netlink_proto_init+0x0/0x14f returned 0 after 2929 usecs
[    1.973235] calling  genl_init+0x0/0x35 @ 1
[    1.974261] initcall genl_init+0x0/0x35 returned 0 after 0 usecs
[    1.975248] calling  bsp_pm_check_init+0x0/0x13 @ 1
[    1.976235] initcall bsp_pm_check_init+0x0/0x13 returned 0 after 0 usecs
[    1.977262] calling  irq_sysfs_init+0x0/0xb7 @ 1
[    1.978408] initcall irq_sysfs_init+0x0/0xb7 returned 0 after 0 usecs
[    1.979235] calling  audit_init+0x0/0x160 @ 1
[    1.980239] audit: initializing netlink subsys (disabled)
[    1.981577] initcall audit_init+0x0/0x160 returned 0 after 976 usecs
[    1.982240] calling  release_early_probes+0x0/0x32 @ 1
[    1.983239] initcall release_early_probes+0x0/0x32 returned 0 after 0 usecs
[    1.984237] calling  bdi_class_init+0x0/0x48 @ 1
[    1.985534] initcall bdi_class_init+0x0/0x48 returned 0 after 0 usecs
[    1.986235] calling  mm_sysfs_init+0x0/0x28 @ 1
[    1.987239] initcall mm_sysfs_init+0x0/0x28 returned 0 after 0 usecs
[    1.988235] calling  init_per_zone_wmark_min+0x0/0x6d @ 1
[    1.989238] initcall init_per_zone_wmark_min+0x0/0x6d returned 0 after 0 usecs
[    1.990234] calling  mpi_init+0x0/0x3e @ 1
[    1.991259] initcall mpi_init+0x0/0x3e returned 0 after 0 usecs
[    1.992235] calling  kobject_uevent_init+0x0/0xc @ 1
[    1.993242] initcall kobject_uevent_init+0x0/0xc returned 0 after 0 usecs
[    1.994235] calling  pcibus_class_init+0x0/0x13 @ 1
[    1.995352] initcall pcibus_class_init+0x0/0x13 returned 0 after 0 usecs
[    1.996233] calling  pci_driver_init+0x0/0x21 @ 1
[    1.997360] initcall pci_driver_init+0x0/0x21 returned 0 after 0 usecs
[    1.998235] calling  backlight_class_init+0x0/0xa8 @ 1
[    2.000246] initcall backlight_class_init+0x0/0xa8 returned 0 after 976 usecs
[    2.001257] calling  tty_class_init+0x0/0x33 @ 1
[    2.002253] initcall tty_class_init+0x0/0x33 returned 0 after 0 usecs
[    2.003237] calling  vtconsole_class_init+0x0/0xb5 @ 1
[    2.004301] initcall vtconsole_class_init+0x0/0xb5 returned 0 after 0 usecs
[    2.005234] calling  iommu_dev_init+0x0/0x13 @ 1
[    2.006259] initcall iommu_dev_init+0x0/0x13 returned 0 after 0 usecs
[    2.007235] calling  mipi_dsi_bus_init+0x0/0xc @ 1
[    2.008283] initcall mipi_dsi_bus_init+0x0/0xc returned 0 after 0 usecs
[    2.009236] calling  devlink_class_init+0x0/0x40 @ 1
[    2.011245] initcall devlink_class_init+0x0/0x40 returned 0 after 0 usecs
[    2.012234] calling  software_node_init+0x0/0x2a @ 1
[    2.013239] initcall software_node_init+0x0/0x2a returned 0 after 0 usecs
[    2.014235] calling  wakeup_sources_debugfs_init+0x0/0x23 @ 1
[    2.015261] initcall wakeup_sources_debugfs_init+0x0/0x23 returned 0 after 0 usecs
[    2.016235] calling  wakeup_sources_sysfs_init+0x0/0x2c @ 1
[    2.017246] initcall wakeup_sources_sysfs_init+0x0/0x2c returned 0 after 0 usecs
[    2.018234] calling  register_node_type+0x0/0x13 @ 1
[    2.019272] initcall register_node_type+0x0/0x13 returned 0 after 0 usecs
[    2.020237] calling  regmap_initcall+0x0/0xc @ 1
[    2.021288] initcall regmap_initcall+0x0/0xc returned 0 after 0 usecs
[    2.022235] calling  i2c_init+0x0/0xb3 @ 1
[    2.023554] initcall i2c_init+0x0/0xb3 returned 0 after 0 usecs
[    2.024235] calling  thermal_init+0x0/0xf2 @ 1
[    2.025257] thermal_sys: Registered thermal governor 'step_wise'
[    2.025258] thermal_sys: Registered thermal governor 'user_space'
[    2.026248] initcall thermal_init+0x0/0xf2 returned 0 after 976 usecs
[    2.028235] calling  init_menu+0x0/0xc @ 1
[    2.029343] audit: type=2000 audit(1670923648.490:1): state=initialized audit_enabled=0 res=1
[    2.030389] cpuidle: using governor menu
[    2.035245] initcall init_menu+0x0/0xc returned 0 after 5859 usecs
[    2.042237] calling  pcc_init+0x0/0x4d @ 1
[    2.047237] initcall pcc_init+0x0/0x4d returned -19 after 0 usecs
[    2.054236] calling  amd_postcore_init+0x0/0x11e @ 1
[    2.060236] initcall amd_postcore_init+0x0/0x11e returned 0 after 0 usecs
[    2.068259] calling  bts_init+0x0/0xba @ 1
[    2.073248] initcall bts_init+0x0/0xba returned -19 after 0 usecs
[    2.080235] calling  pt_init+0x0/0x341 @ 1
[    2.085233] initcall pt_init+0x0/0x341 returned -19 after 0 usecs
[    2.092235] calling  boot_params_ksysfs_init+0x0/0x2ee @ 1
[    2.100452] initcall boot_params_ksysfs_init+0x0/0x2ee returned 0 after 0 usecs
[    2.111241] calling  sbf_init+0x0/0xea @ 1
[    2.117239] initcall sbf_init+0x0/0xea returned 0 after 0 usecs
[    2.125236] calling  arch_kdebugfs_init+0x0/0x219 @ 1
[    2.134402] initcall arch_kdebugfs_init+0x0/0x219 returned 0 after 2929 usecs
[    2.143237] calling  intel_pconfig_init+0x0/0x85 @ 1
[    2.149239] initcall intel_pconfig_init+0x0/0x85 returned 0 after 0 usecs
[    2.157235] calling  mtrr_if_init+0x0/0x5d @ 1
[    2.163281] initcall mtrr_if_init+0x0/0x5d returned 0 after 0 usecs
[    2.172237] calling  activate_jump_labels+0x0/0x31 @ 1
[    2.179243] initcall activate_jump_labels+0x0/0x31 returned 0 after 0 usecs
[    2.188236] calling  ffh_cstate_init+0x0/0x29 @ 1
[    2.194239] initcall ffh_cstate_init+0x0/0x29 returned 0 after 0 usecs
[    2.202235] calling  activate_jump_labels+0x0/0x31 @ 1
[    2.208873] initcall activate_jump_labels+0x0/0x31 returned 0 after 0 usecs
[    2.216234] calling  kvm_alloc_cpumask+0x0/0x74 @ 1
[    2.222286] initcall kvm_alloc_cpumask+0x0/0x74 returned 0 after 0 usecs
[    2.230234] calling  kcmp_cookies_init+0x0/0x37 @ 1
[    2.236241] initcall kcmp_cookies_init+0x0/0x37 returned 0 after 0 usecs
[    2.244235] calling  cryptomgr_init+0x0/0xc @ 1
[    2.249393] initcall cryptomgr_init+0x0/0xc returned 0 after 0 usecs
[    2.256238] calling  acpi_pci_init+0x0/0x57 @ 1
[    2.262235] ACPI: bus type PCI registered
[    2.268239] initcall acpi_pci_init+0x0/0x57 returned 0 after 5859 usecs
[    2.278241] calling  dma_channel_table_init+0x0/0xd1 @ 1
[    2.284248] initcall dma_channel_table_init+0x0/0xd1 returned 0 after 0 usecs
[    2.293235] calling  dma_bus_init+0x0/0xdc @ 1
[    2.298551] initcall dma_bus_init+0x0/0xdc returned 0 after 0 usecs
[    2.306297] calling  iommu_dma_init+0x0/0x10 @ 1
[    2.311241] initcall iommu_dma_init+0x0/0x10 returned 0 after 0 usecs
[    2.319237] calling  dmi_id_init+0x0/0x37c @ 1
[    2.325596] initcall dmi_id_init+0x0/0x37c returned 0 after 0 usecs
[    2.334239] calling  pci_arch_init+0x0/0x71 @ 1
[    2.342770] PCI: MMCONFIG for domain 0000 [bus 00-ff] at [mem 0xb0000000-0xbfffffff] (base 0xb0000000)
[    2.353238] PCI: MMCONFIG at [mem 0xb0000000-0xbfffffff] reserved in E820
[    2.361259] PCI: Using configuration type 1 for base access
[    2.368267] initcall pci_arch_init+0x0/0x71 returned 0 after 26367 usecs
[    2.375260] calling  init_vdso+0x0/0x13 @ 1
[    2.380272] initcall init_vdso+0x0/0x13 returned 0 after 0 usecs
[    2.387236] calling  sysenter_setup+0x0/0x13 @ 1
[    2.393335] initcall sysenter_setup+0x0/0x13 returned 0 after 0 usecs
[    2.401234] calling  fixup_ht_bug+0x0/0xe5 @ 1
[    2.406236] initcall fixup_ht_bug+0x0/0xe5 returned 0 after 0 usecs
[    2.413235] calling  topology_init+0x0/0x88 @ 1
[    2.419550] initcall topology_init+0x0/0x88 returned 0 after 976 usecs
[    2.429239] calling  intel_epb_init+0x0/0x68 @ 1
[    2.436239] initcall intel_epb_init+0x0/0x68 returned -19 after 0 usecs
[    2.445235] calling  mtrr_init_finialize+0x0/0x3e @ 1
[    2.453238] initcall mtrr_init_finialize+0x0/0x3e returned 0 after 0 usecs
[    2.461238] calling  uid_cache_init+0x0/0x81 @ 1
[    2.466241] initcall uid_cache_init+0x0/0x81 returned 0 after 0 usecs
[    2.473236] calling  param_sysfs_init+0x0/0x1ba @ 1
[    2.494338] initcall param_sysfs_init+0x0/0x1ba returned 0 after 16601 usecs
[    2.503242] calling  user_namespace_sysctl_init+0x0/0x33 @ 1
[    2.510320] initcall user_namespace_sysctl_init+0x0/0x33 returned 0 after 0 usecs
[    2.519236] calling  proc_schedstat_init+0x0/0x24 @ 1
[    2.525294] initcall proc_schedstat_init+0x0/0x24 returned 0 after 0 usecs
[    2.533236] calling  pm_sysrq_init+0x0/0x18 @ 1
[    2.540495] initcall pm_sysrq_init+0x0/0x18 returned 0 after 1953 usecs
[    2.541319] calling  create_proc_profile+0x0/0xd0 @ 1
[    2.543237] initcall create_proc_profile+0x0/0xd0 returned 0 after 0 usecs
[    2.544237] calling  time_ns_init+0x0/0x7 @ 1
[    2.545235] initcall time_ns_init+0x0/0x7 returned 0 after 0 usecs
[    2.546235] calling  crash_save_vmcoreinfo_init+0x0/0x722 @ 1
[    2.547346] initcall crash_save_vmcoreinfo_init+0x0/0x722 returned 0 after 0 usecs
[    2.548235] calling  crash_notes_memory_init+0x0/0x35 @ 1
[    2.549239] initcall crash_notes_memory_init+0x0/0x35 returned 0 after 0 usecs
[    2.550233] calling  cgroup_sysfs_init+0x0/0x13 @ 1
[    2.551257] initcall cgroup_sysfs_init+0x0/0x13 returned 0 after 0 usecs
[    2.552235] calling  cgroup_namespaces_init+0x0/0x7 @ 1
[    2.553235] initcall cgroup_namespaces_init+0x0/0x7 returned 0 after 0 usecs
[    2.554235] calling  init_optprobes+0x0/0x13 @ 1
[    2.555234] Kprobes globally optimized
[    2.556236] initcall init_optprobes+0x0/0x13 returned 0 after 976 usecs
[    2.557236] calling  oom_init+0x0/0x2f @ 1
[    2.558372] initcall oom_init+0x0/0x2f returned 0 after 0 usecs
[    2.559238] calling  default_bdi_init+0x0/0xb3 @ 1
[    2.561268] initcall default_bdi_init+0x0/0xb3 returned 0 after 976 usecs
[    2.562239] calling  percpu_enable_async+0x0/0xe @ 1
[    2.563235] initcall percpu_enable_async+0x0/0xe returned 0 after 0 usecs
[    2.565236] calling  kcompactd_init+0x0/0x8d @ 1
[    2.566898] initcall kcompactd_init+0x0/0x8d returned 0 after 0 usecs
[    2.567301] calling  init_user_reserve+0x0/0x40 @ 1
[    2.568280] initcall init_user_reserve+0x0/0x40 returned 0 after 0 usecs
[    2.569235] calling  init_admin_reserve+0x0/0x40 @ 1
[    2.570236] initcall init_admin_reserve+0x0/0x40 returned 0 after 0 usecs
[    2.571237] calling  init_reserve_notifier+0x0/0x7 @ 1
[    2.572233] initcall init_reserve_notifier+0x0/0x7 returned 0 after 0 usecs
[    2.573277] calling  swap_init_sysfs+0x0/0x62 @ 1
[    2.574246] initcall swap_init_sysfs+0x0/0x62 returned 0 after 0 usecs
[    2.575238] calling  swapfile_init+0x0/0x94 @ 1
[    2.576239] initcall swapfile_init+0x0/0x94 returned 0 after 0 usecs
[    2.577238] calling  hugetlb_init+0x0/0x496 @ 1
[    2.579414] HugeTLB registered 2.00 MiB page size, pre-allocated 0 pages
[    2.580559] initcall hugetlb_init+0x0/0x496 returned 0 after 1953 usecs
[    2.581238] calling  io_wq_init+0x0/0x34 @ 1
[    2.582238] initcall io_wq_init+0x0/0x34 returned 0 after 0 usecs
[    2.583237] calling  seqiv_module_init+0x0/0xc @ 1
[    2.584239] initcall seqiv_module_init+0x0/0xc returned 0 after 0 usecs
[    2.585237] calling  echainiv_module_init+0x0/0xc @ 1
[    2.587236] initcall echainiv_module_init+0x0/0xc returned 0 after 0 usecs
[    2.588437] calling  rsa_init+0x0/0x50 @ 1
[    2.590761] cryptomgr_test (70) used greatest stack depth: 15504 bytes left
[    2.591228] initcall rsa_init+0x0/0x50 returned 0 after 976 usecs
[    2.598239] calling  crypto_cmac_module_init+0x0/0xc @ 1
[    2.605237] initcall crypto_cmac_module_init+0x0/0xc returned 0 after 0 usecs
[    2.614237] calling  hmac_module_init+0x0/0xc @ 1
[    2.621236] initcall hmac_module_init+0x0/0xc returned 0 after 0 usecs
[    2.630802] calling  crypto_null_mod_init+0x0/0x65 @ 1
[    2.638536] cryptomgr_test (72) used greatest stack depth: 15184 bytes left
[    2.645248] cryptomgr_test (74) used greatest stack depth: 15136 bytes left
[    2.646389] initcall crypto_null_mod_init+0x0/0x65 returned 0 after 9765 usecs
[    2.656240] calling  md5_mod_init+0x0/0xc @ 1
[    2.666245] initcall md5_mod_init+0x0/0xc returned 0 after 2929 usecs
[    2.674237] calling  sha256_generic_mod_init+0x0/0x11 @ 1
[    2.684238] initcall sha256_generic_mod_init+0x0/0x11 returned 0 after 2929 usecs
[    2.693238] calling  crypto_cbc_module_init+0x0/0xc @ 1
[    2.699236] initcall crypto_cbc_module_init+0x0/0xc returned 0 after 0 usecs
[    2.708235] calling  crypto_ctr_module_init+0x0/0x11 @ 1
[    2.714236] initcall crypto_ctr_module_init+0x0/0x11 returned 0 after 0 usecs
[    2.722235] calling  crypto_gcm_module_init+0x0/0x64 @ 1
[    2.729251] initcall crypto_gcm_module_init+0x0/0x64 returned 0 after 0 usecs
[    2.737234] calling  crypto_ccm_module_init+0x0/0x11 @ 1
[    2.743237] initcall crypto_ccm_module_init+0x0/0x11 returned 0 after 0 usecs
[    2.752234] calling  aes_init+0x0/0xc @ 1
[    2.757614] initcall aes_init+0x0/0xc returned 0 after 976 usecs
[    2.764237] calling  crc32c_mod_init+0x0/0xc @ 1
[    2.771236] initcall crc32c_mod_init+0x0/0xc returned 0 after 976 usecs
[    2.778237] calling  crypto_authenc_module_init+0x0/0xc @ 1
[    2.782236] initcall crypto_authenc_module_init+0x0/0xc returned 0 after 0 usecs
[    2.791266] calling  crypto_authenc_esn_module_init+0x0/0xc @ 1
[    2.799238] initcall crypto_authenc_esn_module_init+0x0/0xc returned 0 after 0 usecs
[    2.808238] calling  drbg_init+0x0/0x7c @ 1
[    2.821423] initcall drbg_init+0x0/0x7c returned 0 after 7812 usecs
[    2.829455] calling  ghash_mod_init+0x0/0xc @ 1
[    2.835642] initcall ghash_mod_init+0x0/0xc returned 0 after 976 usecs
[    2.843239] calling  init_bio+0x0/0x9a @ 1
[    2.852700] initcall init_bio+0x0/0x9a returned 0 after 1953 usecs
[    2.860279] calling  blk_settings_init+0x0/0x29 @ 1
[    2.866238] initcall blk_settings_init+0x0/0x29 returned 0 after 0 usecs
[    2.874236] calling  blk_ioc_init+0x0/0x29 @ 1
[    2.879253] initcall blk_ioc_init+0x0/0x29 returned 0 after 0 usecs
[    2.886236] calling  blk_mq_init+0x0/0xb9 @ 1
[    2.892295] initcall blk_mq_init+0x0/0xb9 returned 0 after 0 usecs
[    2.899236] calling  genhd_device_init+0x0/0x75 @ 1
[    2.910512] initcall genhd_device_init+0x0/0x75 returned 0 after 4882 usecs
[    2.918502] calling  pci_slot_init+0x0/0x40 @ 1
[    2.924405] initcall pci_slot_init+0x0/0x40 returned 0 after 0 usecs
[    2.932250] calling  fbmem_init+0x0/0xd8 @ 1
[    2.938590] initcall fbmem_init+0x0/0xd8 returned 0 after 976 usecs
[    2.945236] calling  acpi_init+0x0/0x319 @ 1
[    2.951376] ACPI: Added _OSI(Module Device)
[    2.956231] ACPI: Added _OSI(Processor Device)
[    2.961232] ACPI: Added _OSI(3.0 _SCP Extensions)
[    2.967232] ACPI: Added _OSI(Processor Aggregator Device)
[    2.973282] ACPI: Added _OSI(Linux-Dell-Video)
[    2.978232] ACPI: Added _OSI(Linux-Lenovo-NV-HDMI-Audio)
[    2.985232] ACPI: Added _OSI(Linux-HPI-Hybrid-Graphics)
[    2.993426] ACPI: 1 ACPI AML tables successfully acquired and loaded
[    3.007231] ACPI: Interpreter enabled
[    3.011468] ACPI: (supports S0 S3 S4 S5)
[    3.016367] ACPI: Using IOAPIC for interrupt routing
[    3.022418] PCI: Using host bridge windows from ACPI; if necessary, use "pci=nocrs" and report a bug
[    3.034566] ACPI: Enabled 2 GPEs in block 00 to 3F
[    3.060837] ACPI: PCI Root Bridge [PCI0] (domain 0000 [bus 00-ff])
[    3.069377] acpi PNP0A08:00: _OSC: OS supports [ExtendedConfig ASPM ClockPM Segments MSI HPX-Type3]
[    3.081326] acpi PNP0A08:00: _OSC: platform does not support [LTR]
[    3.088298] acpi PNP0A08:00: _OSC: OS now controls [PME PCIeCapability]
[    3.098651] PCI host bridge to bus 0000:00
[    3.102286] pci_bus 0000:00: root bus resource [io  0x0000-0x0cf7 window]
[    3.112236] pci_bus 0000:00: root bus resource [io  0x0d00-0xffff window]
[    3.120241] pci_bus 0000:00: root bus resource [mem 0x000a0000-0x000bffff window]
[    3.129238] pci_bus 0000:00: root bus resource [mem 0x20000000-0xafffffff window]
[    3.138235] pci_bus 0000:00: root bus resource [mem 0xc0000000-0xfebfffff window]
[    3.148235] pci_bus 0000:00: root bus resource [mem 0x100000000-0x8ffffffff window]
[    3.158237] pci_bus 0000:00: root bus resource [bus 00-ff]
[    3.167435] pci 0000:00:00.0: calling  quirk_mmio_always_on+0x0/0x10 @ 1
[    3.176243] pci 0000:00:00.0: quirk_mmio_always_on+0x0/0x10 took 0 usecs
[    3.185331] pci 0000:00:00.0: [8086:29c0] type 00 class 0x060000
[    3.199228] pci 0000:00:00.0: calling  quirk_igfx_skip_te_disable+0x0/0x80 @ 1
[    3.207238] pci 0000:00:00.0: quirk_igfx_skip_te_disable+0x0/0x80 took 0 usecs
[    3.221733] pci 0000:00:01.0: [1234:1111] type 00 class 0x030000
[    3.237228] pci 0000:00:01.0: reg 0x10: [mem 0xfd000000-0xfdffffff pref]
[    3.263276] pci 0000:00:01.0: reg 0x18: [mem 0xfebf0000-0xfebf0fff]
[    3.303228] pci 0000:00:01.0: reg 0x30: [mem 0xfebe0000-0xfebeffff pref]
[    3.314228] pci 0000:00:01.0: calling  efifb_fixup_resources+0x0/0xf0 @ 1
[    3.321495] pci 0000:00:01.0: efifb_fixup_resources+0x0/0xf0 took 0 usecs
[    3.353984] pci 0000:00:1f.0: [8086:2918] type 00 class 0x060100
[    3.367160] pci 0000:00:1f.0: calling  quirk_ich7_lpc+0x0/0x60 @ 1
[    3.375084] pci 0000:00:1f.0: quirk: [io  0x0600-0x067f] claimed by ICH6 ACPI/GPIO/TCO
[    3.386497] pci 0000:00:1f.0: quirk_ich7_lpc+0x0/0x60 took 11718 usecs
[    3.394925] pci 0000:00:1f.0: calling  quirk_igfx_skip_te_disable+0x0/0x80 @ 1
[    3.403325] pci 0000:00:1f.0: quirk_igfx_skip_te_disable+0x0/0x80 took 0 usecs
[    3.415066] pci 0000:00:1f.2: [8086:2922] type 00 class 0x010601
[    3.432966] pci 0000:00:1f.2: reg 0x20: [io  0xc040-0xc05f]
[    3.443256] pci 0000:00:1f.2: reg 0x24: [mem 0xfebf1000-0xfebf1fff]
[    3.452450] pci 0000:00:1f.2: calling  quirk_igfx_skip_te_disable+0x0/0x80 @ 1
[    3.463240] pci 0000:00:1f.2: quirk_igfx_skip_te_disable+0x0/0x80 took 0 usecs
[    3.477237] pci 0000:00:1f.3: [8086:2930] type 00 class 0x0c0500
[    3.490579] pci 0000:00:1f.3: reg 0x20: [io  0x0700-0x073f]
[    3.500424] pci 0000:00:1f.3: calling  quirk_igfx_skip_te_disable+0x0/0x80 @ 1
[    3.508241] pci 0000:00:1f.3: quirk_igfx_skip_te_disable+0x0/0x80 took 0 usecs
[    3.528042] ACPI: PCI Interrupt Link [LNKA] (IRQs 5 *10 11)
[    3.535690] ACPI: PCI Interrupt Link [LNKB] (IRQs 5 *10 11)
[    3.544379] ACPI: PCI Interrupt Link [LNKC] (IRQs 5 10 *11)
[    3.553255] ACPI: PCI Interrupt Link [LNKD] (IRQs 5 10 *11)
[    3.562510] ACPI: PCI Interrupt Link [LNKE] (IRQs 5 *10 11)
[    3.571516] ACPI: PCI Interrupt Link [LNKF] (IRQs 5 *10 11)
[    3.580255] ACPI: PCI Interrupt Link [LNKG] (IRQs 5 10 *11)
[    3.588700] ACPI: PCI Interrupt Link [LNKH] (IRQs 5 10 *11)
[    3.597485] ACPI: PCI Interrupt Link [GSIA] (IRQs *16)
[    3.604251] ACPI: PCI Interrupt Link [GSIB] (IRQs *17)
[    3.612263] ACPI: PCI Interrupt Link [GSIC] (IRQs *18)
[    3.620252] ACPI: PCI Interrupt Link [GSID] (IRQs *19)
[    3.627266] ACPI: PCI Interrupt Link [GSIE] (IRQs *20)
[    3.635249] ACPI: PCI Interrupt Link [GSIF] (IRQs *21)
[    3.642267] ACPI: PCI Interrupt Link [GSIG] (IRQs *22)
[    3.651354] ACPI: PCI Interrupt Link [GSIH] (IRQs *23)
[    3.676240] initcall acpi_init+0x0/0x319 returned 0 after 708984 usecs
[    3.685327] calling  pnp_init+0x0/0xc @ 1
[    3.689238] initcall pnp_init+0x0/0xc returned 0 after 0 usecs
[    3.698239] calling  misc_init+0x0/0xbf @ 1
[    3.704899] initcall misc_init+0x0/0xbf returned 0 after 2929 usecs
[    3.712236] calling  iommu_subsys_init+0x0/0x4e @ 1
[    3.717146] iommu: Default domain type: Translated 
[    3.724236] initcall iommu_subsys_init+0x0/0x4e returned 0 after 7812 usecs
[    3.731238] calling  vga_arb_device_init+0x0/0x261 @ 1
[    3.748544] pci 0000:00:01.0: vgaarb: setting as boot VGA device
[    3.749228] pci 0000:00:01.0: vgaarb: VGA device added: decodes=io+mem,owns=io+mem,locks=none
[    3.763240] pci 0000:00:01.0: vgaarb: bridge control possible
[    3.771236] vgaarb: loaded
[    3.775243] initcall vga_arb_device_init+0x0/0x261 returned 0 after 38085 usecs
[    3.785835] calling  cn_init+0x0/0xf0 @ 1
[    3.793933] initcall cn_init+0x0/0xf0 returned 0 after 4882 usecs
[    3.802242] calling  dma_buf_init+0x0/0xad @ 1
[    3.816539] initcall dma_buf_init+0x0/0xad returned 0 after 6835 usecs
[    3.824239] calling  init_scsi+0x0/0x79 @ 1
[    3.833385] SCSI subsystem initialized
[    3.838238] initcall init_scsi+0x0/0x79 returned 0 after 8789 usecs
[    3.846241] calling  ata_init+0x0/0x332 @ 1
[    3.873953] libata version 3.00 loaded.
[    3.878243] initcall ata_init+0x0/0x332 returned 0 after 28320 usecs
[    3.886238] calling  phy_init+0x0/0x250 @ 1
[    3.892854] initcall phy_init+0x0/0x250 returned 0 after 1953 usecs
[    3.900239] calling  init_pcmcia_cs+0x0/0x35 @ 1
[    3.906338] initcall init_pcmcia_cs+0x0/0x35 returned 0 after 0 usecs
[    3.914238] calling  usb_common_init+0x0/0x1c @ 1
[    3.920279] initcall usb_common_init+0x0/0x1c returned 0 after 0 usecs
[    3.928234] calling  usb_init+0x0/0x12e @ 1
[    3.933357] ACPI: bus type USB registered
[    3.938535] usbcore: registered new interface driver usbfs
[    3.945359] usbcore: registered new interface driver hub
[    3.952300] usbcore: registered new device driver usb
[    3.958239] initcall usb_init+0x0/0x12e returned 0 after 24414 usecs
[    3.965250] calling  serio_init+0x0/0x29 @ 1
[    3.970289] initcall serio_init+0x0/0x29 returned 0 after 0 usecs
[    3.978235] calling  input_init+0x0/0xf6 @ 1
[    3.983335] initcall input_init+0x0/0xf6 returned 0 after 0 usecs
[    3.990234] calling  rtc_init+0x0/0x4d @ 1
[    3.995269] initcall rtc_init+0x0/0x4d returned 0 after 0 usecs
[    4.002235] calling  pps_init+0x0/0xa9 @ 1
[    4.007243] pps_core: LinuxPPS API ver. 1 registered
[    4.013231] pps_core: Software ver. 5.3.6 - Copyright 2005-2007 Rodolfo Giometti <giometti@linux.it>
[    4.024236] initcall pps_init+0x0/0xa9 returned 0 after 16601 usecs
[    4.031235] calling  ptp_init+0x0/0x98 @ 1
[    4.036245] PTP clock support registered
[    4.041234] initcall ptp_init+0x0/0x98 returned 0 after 4882 usecs
[    4.048251] calling  power_supply_class_init+0x0/0x3f @ 1
[    4.055448] initcall power_supply_class_init+0x0/0x3f returned 0 after 0 usecs
[    4.063234] calling  hwmon_init+0x0/0x104 @ 1
[    4.069321] initcall hwmon_init+0x0/0x104 returned 0 after 0 usecs
[    4.076234] calling  md_init+0x0/0x16b @ 1
[    4.082235] initcall md_init+0x0/0x16b returned 0 after 976 usecs
[    4.089235] calling  leds_init+0x0/0x3b @ 1
[    4.095243] initcall leds_init+0x0/0x3b returned 0 after 976 usecs
[    4.102235] calling  dmi_init+0x0/0x113 @ 1
[    4.107403] initcall dmi_init+0x0/0x113 returned 0 after 0 usecs
[    4.114234] calling  efisubsys_init+0x0/0x4e7 @ 1
[    4.120249] initcall efisubsys_init+0x0/0x4e7 returned 0 after 0 usecs
[    4.125234] calling  nvmem_init+0x0/0xc @ 1
[    4.132294] initcall nvmem_init+0x0/0xc returned 0 after 0 usecs
[    4.140235] calling  init_soundcore+0x0/0x33 @ 1
[    4.145268] initcall init_soundcore+0x0/0x33 returned 0 after 0 usecs
[    4.153234] calling  alsa_sound_init+0x0/0x8f @ 1
[    4.158352] Advanced Linux Sound Architecture Driver Initialized.
[    4.165234] initcall alsa_sound_init+0x0/0x8f returned 0 after 6835 usecs
[    4.173235] calling  alsa_seq_device_init+0x0/0x71 @ 1
[    4.179284] initcall alsa_seq_device_init+0x0/0x71 returned 0 after 0 usecs
[    4.187234] calling  hda_bus_init+0x0/0xc @ 1
[    4.193281] initcall hda_bus_init+0x0/0xc returned 0 after 0 usecs
[    4.202238] calling  proto_init+0x0/0xc @ 1
[    4.208358] initcall proto_init+0x0/0xc returned 0 after 0 usecs
[    4.217237] calling  net_dev_init+0x0/0x209 @ 1
[    4.224664] initcall net_dev_init+0x0/0x209 returned 0 after 976 usecs
[    4.232234] calling  neigh_init+0x0/0x84 @ 1
[    4.237236] initcall neigh_init+0x0/0x84 returned 0 after 0 usecs
[    4.244233] calling  fib_notifier_init+0x0/0xc @ 1
[    4.249238] initcall fib_notifier_init+0x0/0xc returned 0 after 0 usecs
[    4.257233] calling  fib_rules_init+0x0/0xab @ 1
[    4.263329] initcall fib_rules_init+0x0/0xab returned 0 after 0 usecs
[    4.270234] calling  pktsched_init+0x0/0x10e @ 1
[    4.276267] initcall pktsched_init+0x0/0x10e returned 0 after 0 usecs
[    4.284234] calling  tc_filter_init+0x0/0xfa @ 1
[    4.289276] initcall tc_filter_init+0x0/0xfa returned 0 after 0 usecs
[    4.297233] calling  tc_action_init+0x0/0x54 @ 1
[    4.302234] initcall tc_action_init+0x0/0x54 returned 0 after 0 usecs
[    4.309235] calling  ethnl_init+0x0/0x52 @ 1
[    4.316161] initcall ethnl_init+0x0/0x52 returned 0 after 976 usecs
[    4.323235] calling  nexthop_init+0x0/0xd8 @ 1
[    4.329321] initcall nexthop_init+0x0/0xd8 returned 0 after 0 usecs
[    4.336235] calling  cipso_v4_init+0x0/0x5d @ 1
[    4.342283] initcall cipso_v4_init+0x0/0x5d returned 0 after 0 usecs
[    4.349235] calling  ieee80211_init+0x0/0x24 @ 1
[    4.355445] initcall ieee80211_init+0x0/0x24 returned 0 after 0 usecs
[    4.363234] calling  netlbl_init+0x0/0x78 @ 1
[    4.368244] NetLabel: Initializing
[    4.372232] NetLabel:  domain hash size = 128
[    4.377234] NetLabel:  protocols = UNLABELED CIPSOv4 CALIPSO
[    4.384438] NetLabel:  unlabeled traffic allowed by default
[    4.391234] initcall netlbl_init+0x0/0x78 returned 0 after 22460 usecs
[    4.399235] calling  rfkill_init+0x0/0x111 @ 1
[    4.405267] initcall rfkill_init+0x0/0x111 returned 0 after 976 usecs
[    4.412236] calling  pci_subsys_init+0x0/0x66 @ 1
[    4.418293] PCI: Using ACPI for IRQ routing
[    5.145228] PCI: pci_cache_line_size set to 64 bytes
[    5.153384] e820: reserve RAM buffer [mem 0x0009fc00-0x0009ffff]
[    5.160478] e820: reserve RAM buffer [mem 0x1ffdf000-0x1fffffff]
[    5.167789] initcall pci_subsys_init+0x0/0x66 returned 0 after 731445 usecs
[    5.177917] calling  nmi_warning_debugfs+0x0/0x26 @ 1
[    5.184251] initcall nmi_warning_debugfs+0x0/0x26 returned 0 after 976 usecs
[    5.192249] calling  save_microcode_in_initrd+0x0/0x51 @ 1
[    5.198364] initcall save_microcode_in_initrd+0x0/0x51 returned 0 after 0 usecs
[    5.206235] calling  hpet_late_init+0x0/0x207 @ 1
[    5.212696] hpet: 3 channels of 0 reserved for per-cpu timers
[    5.219466] hpet0: at MMIO 0xfed00000, IRQs 2, 8, 0
[    5.225232] hpet0: 3 comparators, 64-bit 100.000000 MHz counter
[    5.235236] initcall hpet_late_init+0x0/0x207 returned 0 after 22460 usecs
[    5.243235] calling  init_amd_nbs+0x0/0x11c @ 1
[    5.250411] initcall init_amd_nbs+0x0/0x11c returned 0 after 0 usecs
[    5.257248] calling  clocksource_done_booting+0x0/0x41 @ 1
[    5.265707] clocksource: Switched to clocksource kvm-clock
[    5.275037] initcall clocksource_done_booting+0x0/0x41 returned 0 after 11524 usecs
[    5.275793] calling  tracer_init_tracefs+0x0/0x242 @ 1
[    5.275793] initcall tracer_init_tracefs+0x0/0x242 returned 0 after 160976 usecs
[    5.275793] calling  init_trace_printk_function_export+0x0/0x2c @ 1
[    5.275793] initcall init_trace_printk_function_export+0x0/0x2c returned 0 after 7 usecs
[    5.275793] calling  init_kprobe_trace+0x0/0x1a9 @ 1
[    5.275793] initcall init_kprobe_trace+0x0/0x1a9 returned 0 after 7 usecs
[    5.275793] calling  init_dynamic_event+0x0/0x3d @ 1
[    5.275793] initcall init_dynamic_event+0x0/0x3d returned 0 after 17 usecs
[    5.275793] calling  init_uprobe_trace+0x0/0x5c @ 1
[    5.275793] initcall init_uprobe_trace+0x0/0x5c returned 0 after 60 usecs
[    5.275793] calling  init_pipe_fs+0x0/0x44 @ 1
[    5.275793] initcall init_pipe_fs+0x0/0x44 returned 0 after 190 usecs
[    5.275793] calling  inotify_user_setup+0x0/0x47 @ 1
[    5.275793] initcall inotify_user_setup+0x0/0x47 returned 0 after 42 usecs
[    5.275793] calling  eventpoll_init+0x0/0xd4 @ 1
[    5.275793] initcall eventpoll_init+0x0/0xd4 returned 0 after 132 usecs
[    5.275793] calling  anon_inode_init+0x0/0x58 @ 1
[    5.275793] initcall anon_inode_init+0x0/0x58 returned 0 after 439 usecs
[    5.275793] calling  proc_locks_init+0x0/0x27 @ 1
[    5.275793] initcall proc_locks_init+0x0/0x27 returned 0 after 126 usecs
[    5.275793] calling  iomap_init+0x0/0x1b @ 1
[    5.275793] initcall iomap_init+0x0/0x1b returned 0 after 722 usecs
[    5.275793] calling  dquot_init+0x0/0x106 @ 1
[    5.275793] VFS: Disk quotas dquot_6.6.0
[    5.275793] VFS: Dquot-cache hash table entries: 512 (order 0, 4096 bytes)
[    5.275793] initcall dquot_init+0x0/0x106 returned 0 after 15460 usecs
[    5.275793] calling  quota_init+0x0/0x23 @ 1
[    5.275793] initcall quota_init+0x0/0x23 returned 0 after 328 usecs
[    5.275793] calling  proc_cmdline_init+0x0/0x21 @ 1
[    5.275793] initcall proc_cmdline_init+0x0/0x21 returned 0 after 22 usecs
[    5.275793] calling  proc_consoles_init+0x0/0x24 @ 1
[    5.275793] initcall proc_consoles_init+0x0/0x24 returned 0 after 4 usecs
[    5.275793] calling  proc_cpuinfo_init+0x0/0x1e @ 1
[    5.275793] initcall proc_cpuinfo_init+0x0/0x1e returned 0 after 4 usecs
[    5.275793] calling  proc_devices_init+0x0/0x24 @ 1
[    5.275793] initcall proc_devices_init+0x0/0x24 returned 0 after 40 usecs
[    5.275793] calling  proc_interrupts_init+0x0/0x24 @ 1
[    5.275793] initcall proc_interrupts_init+0x0/0x24 returned 0 after 3 usecs
[    5.275793] calling  proc_loadavg_init+0x0/0x21 @ 1
[    5.275793] initcall proc_loadavg_init+0x0/0x21 returned 0 after 5 usecs
[    5.275793] calling  proc_meminfo_init+0x0/0x21 @ 1
[    5.275793] initcall proc_meminfo_init+0x0/0x21 returned 0 after 3 usecs
[    5.275793] calling  proc_stat_init+0x0/0x1e @ 1
[    5.275793] initcall proc_stat_init+0x0/0x1e returned 0 after 3 usecs
[    5.275793] calling  proc_uptime_init+0x0/0x21 @ 1
[    5.275793] initcall proc_uptime_init+0x0/0x21 returned 0 after 3 usecs
[    5.275793] calling  proc_version_init+0x0/0x21 @ 1
[    5.275793] initcall proc_version_init+0x0/0x21 returned 0 after 2 usecs
[    5.275793] calling  proc_softirqs_init+0x0/0x21 @ 1
[    5.275793] initcall proc_softirqs_init+0x0/0x21 returned 0 after 2 usecs
[    5.275793] calling  proc_kcore_init+0x0/0xea @ 1
[    5.275793] initcall proc_kcore_init+0x0/0xea returned 0 after 228 usecs
[    5.275793] calling  vmcore_init+0x0/0x578 @ 1
[    5.275793] initcall vmcore_init+0x0/0x578 returned 0 after 16 usecs
[    5.275793] calling  proc_kmsg_init+0x0/0x21 @ 1
[    5.827488] initcall proc_kmsg_init+0x0/0x21 returned 0 after 3 usecs
[    5.827488] calling  proc_page_init+0x0/0x3b @ 1
[    5.827488] initcall proc_page_init+0x0/0x3b returned 0 after 3 usecs
[    5.827488] calling  init_ramfs_fs+0x0/0xc @ 1
[    5.827488] initcall init_ramfs_fs+0x0/0xc returned 0 after 26 usecs
[    5.827488] calling  init_hugetlbfs_fs+0x0/0xf6 @ 1
[    5.827488] initcall init_hugetlbfs_fs+0x0/0xf6 returned 0 after 141 usecs
[    5.827488] calling  blk_scsi_ioctl_init+0x0/0x2a5 @ 1
[    5.827488] initcall blk_scsi_ioctl_init+0x0/0x2a5 returned 0 after 55 usecs
[    5.827488] calling  acpi_event_init+0x0/0x2c @ 1
[    5.827488] initcall acpi_event_init+0x0/0x2c returned 0 after 36 usecs
[    5.827488] calling  pnp_system_init+0x0/0xc @ 1
[    5.827488] initcall pnp_system_init+0x0/0xc returned 0 after 721 usecs
[    5.827488] calling  pnpacpi_init+0x0/0x69 @ 1
[    5.827488] pnp: PnP ACPI init
[    5.827488] pnp 00:00: Plug and Play ACPI device, IDs PNP0303 (active)
[    5.827488] pnp 00:01: Plug and Play ACPI device, IDs PNP0f13 (active)
[    5.827488] pnp 00:02: Plug and Play ACPI device, IDs PNP0400 (active)
[    5.827488] pnp 00:03: Plug and Play ACPI device, IDs PNP0501 (active)
[    5.827488] pnp 00:04: Plug and Play ACPI device, IDs PNP0b00 (active)
[    5.827488] system 00:05: [mem 0xb0000000-0xbfffffff window] has been reserved
[    5.827488] system 00:05: Plug and Play ACPI device, IDs PNP0c01 (active)
[    5.827488] pnp: PnP ACPI: found 6 devices
[    5.827488] initcall pnpacpi_init+0x0/0x69 returned 0 after 78520 usecs
[    5.827488] calling  chr_dev_init+0x0/0x14d @ 1
[    6.073180] initcall chr_dev_init+0x0/0x14d returned 0 after 53518 usecs
[    6.081335] calling  firmware_class_init+0x0/0xe7 @ 1
[    6.087766] initcall firmware_class_init+0x0/0xe7 returned 0 after 249 usecs
[    6.096183] calling  init_pcmcia_bus+0x0/0x5b @ 1
[    6.102044] initcall init_pcmcia_bus+0x0/0x5b returned 0 after 106 usecs
[    6.110037] calling  init_acpi_pm_clocksource+0x0/0xda @ 1
[    6.122213] clocksource: acpi_pm: mask: 0xffffff max_cycles: 0xffffff, max_idle_ns: 2085701024 ns
[    6.132905] initcall init_acpi_pm_clocksource+0x0/0xda returned 0 after 15922 usecs
[    6.142105] calling  sysctl_core_init+0x0/0x26 @ 1
[    6.148491] initcall sysctl_core_init+0x0/0x26 returned 0 after 492 usecs
[    6.157014] calling  eth_offload_init+0x0/0x13 @ 1
[    6.162872] initcall eth_offload_init+0x0/0x13 returned 0 after 19 usecs
[    6.172057] calling  ipv4_offload_init+0x0/0x73 @ 1
[    6.178132] initcall ipv4_offload_init+0x0/0x73 returned 0 after 106 usecs
[    6.186435] calling  inet_init+0x0/0x276 @ 1
[    6.192972] NET: Registered protocol family 2
[    6.200479] IP idents hash table entries: 8192 (order: 4, 65536 bytes, linear)
[    6.219055] tcp_listen_portaddr_hash hash table entries: 256 (order: 0, 4096 bytes, linear)
[    6.231302] TCP established hash table entries: 4096 (order: 3, 32768 bytes, linear)
[    6.242128] TCP bind hash table entries: 4096 (order: 4, 65536 bytes, linear)
[    6.251684] TCP: Hash tables configured (established 4096 bind 4096)
[    6.262692] UDP hash table entries: 256 (order: 1, 8192 bytes, linear)
[    6.272157] UDP-Lite hash table entries: 256 (order: 1, 8192 bytes, linear)
[    6.282844] initcall inet_init+0x0/0x276 returned 0 after 88178 usecs
[    6.291492] calling  af_unix_init+0x0/0x4d @ 1
[    6.296752] NET: Registered protocol family 1
[    6.302028] initcall af_unix_init+0x0/0x4d returned 0 after 5166 usecs
[    6.309488] calling  ipv6_offload_init+0x0/0x7e @ 1
[    6.315342] initcall ipv6_offload_init+0x0/0x7e returned 0 after 171 usecs
[    6.323215] calling  init_sunrpc+0x0/0x65 @ 1
[    6.332638] RPC: Registered named UNIX socket transport module.
[    6.339489] RPC: Registered udp transport module.
[    6.344930] RPC: Registered tcp transport module.
[    6.350837] RPC: Registered tcp NFSv4.1 backchannel transport module.
[    6.359311] initcall init_sunrpc+0x0/0x65 returned 0 after 30159 usecs
[    6.367016] calling  cfg80211_init+0x0/0xc5 @ 1
[    6.374058] initcall cfg80211_init+0x0/0xc5 returned 0 after 1552 usecs
[    6.382088] calling  pcibios_assign_resources+0x0/0xbf @ 1
[    6.382916] pci_bus 0000:00: resource 4 [io  0x0000-0x0cf7 window]
[    6.382916] pci_bus 0000:00: resource 5 [io  0x0d00-0xffff window]
[    6.382916] pci_bus 0000:00: resource 6 [mem 0x000a0000-0x000bffff window]
[    6.382916] pci_bus 0000:00: resource 7 [mem 0x20000000-0xafffffff window]
[    6.382916] pci_bus 0000:00: resource 8 [mem 0xc0000000-0xfebfffff window]
[    6.382916] pci_bus 0000:00: resource 9 [mem 0x100000000-0x8ffffffff window]
[    6.382916] initcall pcibios_assign_resources+0x0/0xbf returned 0 after 47125 usecs
[    6.382916] calling  pci_apply_final_quirks+0x0/0x124 @ 1
[    6.382916] pci 0000:00:01.0: calling  pci_fixup_video+0x0/0xe0 @ 1
[    6.382916] pci 0000:00:01.0: Video device with shadowed ROM at [mem 0x000c0000-0x000dffff]
[    6.382916] pci 0000:00:01.0: pci_fixup_video+0x0/0xe0 took 9614 usecs
[    6.382916] PCI: CLS 0 bytes, default 64
[    6.382916] initcall pci_apply_final_quirks+0x0/0x124 returned 0 after 29256 usecs
[    6.382916] calling  acpi_reserve_resources+0x0/0xea @ 1
[    6.382916] initcall acpi_reserve_resources+0x0/0xea returned 0 after 117 usecs
[    6.382916] calling  populate_rootfs+0x0/0x102 @ 1
[    6.512398] initcall populate_rootfs+0x0/0x102 returned 0 after 3362 usecs
[    6.512398] calling  pci_iommu_init+0x0/0x3e @ 1
[    6.512398] initcall pci_iommu_init+0x0/0x3e returned 0 after 71 usecs
[    6.512398] calling  ia32_binfmt_init+0x0/0x13 @ 1
[    6.512398] initcall ia32_binfmt_init+0x0/0x13 returned 0 after 25 usecs
[    6.512398] calling  rapl_pmu_init+0x0/0x267 @ 1
[    6.512398] initcall rapl_pmu_init+0x0/0x267 returned -19 after 58 usecs
[    6.512398] calling  amd_uncore_init+0x0/0x310 @ 1
[    6.512398] initcall amd_uncore_init+0x0/0x310 returned -19 after 0 usecs
[    6.512398] calling  amd_ibs_init+0x0/0x243 @ 1
[    6.512398] initcall amd_ibs_init+0x0/0x243 returned -19 after 0 usecs
[    6.512398] calling  amd_iommu_pc_init+0x0/0x215 @ 1
[    6.512398] initcall amd_iommu_pc_init+0x0/0x215 returned -19 after 33 usecs
[    6.512398] calling  msr_init+0x0/0x55 @ 1
[    6.512398] initcall msr_init+0x0/0x55 returned 0 after 125 usecs
[    6.512398] calling  intel_uncore_init+0x0/0x36f @ 1
[    6.512398] initcall intel_uncore_init+0x0/0x36f returned -19 after 46 usecs
[    6.512398] calling  cstate_pmu_init+0x0/0x1a1 @ 1
[    6.512398] initcall cstate_pmu_init+0x0/0x1a1 returned -19 after 0 usecs
[    6.644087] calling  register_kernel_offset_dumper+0x0/0x1a @ 1
[    6.651732] initcall register_kernel_offset_dumper+0x0/0x1a returned 0 after 21 usecs
[    6.661727] calling  i8259A_init_ops+0x0/0x20 @ 1
[    6.667553] initcall i8259A_init_ops+0x0/0x20 returned 0 after 1 usecs
[    6.676247] calling  init_tsc_clocksource+0x0/0xa4 @ 1
[    6.682756] clocksource: tsc: mask: 0xffffffffffffffff max_cycles: 0x39a85afc727, max_idle_ns: 881590685098 ns
[    6.695026] initcall init_tsc_clocksource+0x0/0xa4 returned 0 after 11980 usecs
[    6.704351] calling  add_rtc_cmos+0x0/0xb0 @ 1
[    6.710301] initcall add_rtc_cmos+0x0/0xb0 returned 0 after 43 usecs
[    6.718618] calling  i8237A_init_ops+0x0/0x3a @ 1
[    6.724798] initcall i8237A_init_ops+0x0/0x3a returned 0 after 248 usecs
[    6.733745] calling  umwait_init+0x0/0x94 @ 1
[    6.739372] initcall umwait_init+0x0/0x94 returned -19 after 18 usecs
[    6.747772] calling  thermal_throttle_init_device+0x0/0x3d @ 1
[    6.755663] initcall thermal_throttle_init_device+0x0/0x3d returned 0 after 172 usecs
[    6.765398] calling  msr_init+0x0/0xd7 @ 1
[    6.785045] initcall msr_init+0x0/0xd7 returned 0 after 14033 usecs
[    6.793182] calling  cpuid_init+0x0/0xd7 @ 1
[    6.812219] initcall cpuid_init+0x0/0xd7 returned 0 after 13455 usecs
[    6.820572] calling  ioapic_init_ops+0x0/0x13 @ 1
[    6.821074] initcall ioapic_init_ops+0x0/0x13 returned 0 after 33 usecs
[    6.821074] calling  add_pcspkr+0x0/0x6c @ 1
[    6.821074] initcall add_pcspkr+0x0/0x6c returned 0 after 417 usecs
[    6.821074] calling  start_periodic_check_for_corruption+0x0/0x30 @ 1
[    6.851366] check: Scanning for low memory corruption every 60 seconds
[    6.866513] initcall start_periodic_check_for_corruption+0x0/0x30 returned 0 after 8315 usecs
[    6.877157] calling  sysfb_init+0x0/0x9c @ 1
[    6.882684] initcall sysfb_init+0x0/0x9c returned 0 after 100 usecs
[    6.890604] calling  audit_classes_init+0x0/0xae @ 1
[    6.897096] initcall audit_classes_init+0x0/0xae returned 0 after 51 usecs
[    6.906421] calling  iosf_mbi_init+0x0/0x24 @ 1
[    6.912664] initcall iosf_mbi_init+0x0/0x24 returned 0 after 443 usecs
[    6.921552] calling  proc_execdomains_init+0x0/0x21 @ 1
[    6.928437] initcall proc_execdomains_init+0x0/0x21 returned 0 after 34 usecs
[    6.936934] calling  register_warn_debugfs+0x0/0x23 @ 1
[    6.943135] initcall register_warn_debugfs+0x0/0x23 returned 0 after 8 usecs
[    6.951446] calling  cpuhp_sysfs_init+0x0/0x79 @ 1
[    6.957562] initcall cpuhp_sysfs_init+0x0/0x79 returned 0 after 377 usecs
[    6.965605] calling  ioresources_init+0x0/0x49 @ 1
[    6.971338] initcall ioresources_init+0x0/0x49 returned 0 after 6 usecs
[    6.979828] calling  snapshot_device_init+0x0/0xc @ 1
[    6.987622] initcall snapshot_device_init+0x0/0xc returned 0 after 1274 usecs
[    6.988405] calling  irq_pm_init_ops+0x0/0x13 @ 1
[    6.988405] initcall irq_pm_init_ops+0x0/0x13 returned 0 after 18 usecs
[    6.988405] calling  rcu_torture_init+0x0/0x9a6 @ 1
[    6.988405] rcu-torture:--- Start of test: nreaders=7 nfakewriters=4 stat_interval=15 verbose=1 test_no_idle_hz=1 shuffle_interval=3 stutter=5 irqreader=1 fqs_duration=0 fqs_holdoff=0 fqs_stutter=3 test_boost=1/0 test_boost_interval=7 test_boost_duration=4 shutdown_secs=1800 stall_cpu=0 stall_cpu_holdoff=10 stall_cpu_irqsoff=0 stall_cpu_block=0 n_barrier_cbs=4 onoff_interval=1000 onoff_holdoff=30 read_exit_delay=13 read_exit_burst=16
[    6.988405] rcu:  Start-test grace-period state: g-1076 f0x0
[    6.988405] rcu-torture: Creating rcu_torture_writer task
[    7.080051] rcu-torture: Creating rcu_torture_fakewriter task
[    7.080089] rcu-torture: rcu_torture_writer task started
[    7.093773] rcu-torture: GP expediting controlled from boot/sysfs for rcu.
[    7.102039] rcu_torture_writer: Testing conditional GPs.
[    7.108448] rcu_torture_writer: Testing expedited GPs.
[    7.114888] rcu_torture_writer: Testing asynchronous GPs.
[    7.121528] rcu_torture_writer: Testing normal GPs.
[    7.128739] rcu-torture: Creating rcu_torture_fakewriter task
[    7.128755] rcu-torture: rcu_torture_fakewriter task started
[    7.145013] rcu-torture: Creating rcu_torture_fakewriter task
[    7.145052] rcu-torture: rcu_torture_fakewriter task started
[    7.161719] rcu-torture: Creating rcu_torture_fakewriter task
[    7.161774] rcu-torture: rcu_torture_fakewriter task started
[    7.182386] rcu-torture: Creating rcu_torture_reader task
[    7.182875] rcu-torture: rcu_torture_fakewriter task started
[    7.199158] rcu-torture: Creating rcu_torture_reader task
[    7.199187] rcu-torture: rcu_torture_reader task started
[    7.218898] rcu-torture: Creating rcu_torture_reader task
[    7.218920] rcu-torture: rcu_torture_reader task started
[    7.239899] rcu-torture: Creating rcu_torture_reader task
[    7.239914] rcu-torture: rcu_torture_reader task started
[    7.262055] rcu-torture: Creating rcu_torture_reader task
[    7.262067] rcu-torture: rcu_torture_reader task started
[    7.289181] rcu-torture: Creating rcu_torture_reader task
[    7.289194] rcu-torture: rcu_torture_reader task started
[    7.309575] rcu-torture: Creating rcu_torture_reader task
[    7.313383] rcu-torture: rcu_torture_reader task started
[    7.326741] rcu-torture: Creating rcu_torture_stats task
[    7.326776] rcu-torture: rcu_torture_reader task started
[    7.376987] rcu-torture: Creating torture_shuffle task
[    7.376997] rcu-torture: rcu_torture_stats task started
[    7.412529] rcu-torture: torture_shuffle task started
[    7.412710] rcu-torture: Creating torture_stutter task
[    7.440095] rcu-torture: Creating torture_shutdown task
[    7.440128] rcu-torture: torture_stutter task started
[    7.455056] rcu-torture: Creating torture_onoff task
[    7.455087] rcu-torture: torture_shutdown task started
[    7.468282] rcu-torture:torture_shutdown task: 1799971 ms remaining
[    7.476842] rcu-torture: torture_onoff task started
[    7.476867] rcu-torture: Creating rcu_torture_fwd_prog task
[    7.483099] rcu-torture: torture_onoff begin holdoff
[    7.501156] rcu-torture: Creating rcu_torture_barrier_cbs task
[    7.501192] rcu-torture: rcu_torture_fwd_progress task started
[    7.519130] rcu-torture: Creating rcu_torture_barrier_cbs task
[    7.519165] rcu-torture: rcu_torture_barrier_cbs task started
[    7.537604] rcu-torture: rcu_torture_barrier_cbs task started
[    7.537738] rcu-torture: Creating rcu_torture_barrier_cbs task
[    7.555056] rcu-torture: Creating rcu_torture_barrier_cbs task
[    7.555069] rcu-torture: rcu_torture_barrier_cbs task started
[    7.572220] rcu-torture: Creating rcu_torture_barrier task
[    7.572288] rcu-torture: rcu_torture_barrier_cbs task started
[    7.587731] rcu-torture: Creating rcu_torture_read_exit task
[    7.587746] rcu-torture: rcu_torture_barrier task starting
[    7.603620] initcall rcu_torture_init+0x0/0x9a6 returned 0 after 571695 usecs
[    7.604098] rcu-torture: rcu_torture_read_exit: Start of test
[    7.613666] calling  timekeeping_init_ops+0x0/0x13 @ 1
[    7.614377] initcall timekeeping_init_ops+0x0/0x13 returned 0 after 17 usecs
[    7.614377] calling  init_clocksource_sysfs+0x0/0x23 @ 1
[    7.614377] initcall init_clocksource_sysfs+0x0/0x23 returned 0 after 141 usecs
[    7.614377] calling  init_timer_list_procfs+0x0/0x31 @ 1
[    7.614377] initcall init_timer_list_procfs+0x0/0x31 returned 0 after 5 usecs
[    7.614377] calling  alarmtimer_init+0x0/0xc7 @ 1
[    7.614377] initcall alarmtimer_init+0x0/0xc7 returned 0 after 92 usecs
[    7.614377] calling  init_posix_timers+0x0/0x29 @ 1
[    7.614377] initcall init_posix_timers+0x0/0x29 returned 0 after 4 usecs
[    7.614377] calling  clockevents_init_sysfs+0x0/0xbf @ 1
[    7.614377] initcall clockevents_init_sysfs+0x0/0xbf returned 0 after 221 usecs
[    7.614377] calling  proc_dma_init+0x0/0x21 @ 1
[    7.614377] initcall proc_dma_init+0x0/0x21 returned 0 after 21 usecs
[    7.614377] calling  proc_modules_init+0x0/0x1e @ 1
[    7.614377] initcall proc_modules_init+0x0/0x1e returned 0 after 4 usecs
[    7.614377] calling  kallsyms_init+0x0/0x21 @ 1
[    7.614377] initcall kallsyms_init+0x0/0x21 returned 0 after 4 usecs
[    7.614377] calling  pid_namespaces_init+0x0/0x2c @ 1
[    7.614377] initcall pid_namespaces_init+0x0/0x2c returned 0 after 12 usecs
[    7.614377] calling  audit_watch_init+0x0/0x37 @ 1
[    7.614377] initcall audit_watch_init+0x0/0x37 returned 0 after 118 usecs
[    7.614377] calling  audit_fsnotify_init+0x0/0x37 @ 1
[    7.614377] initcall audit_fsnotify_init+0x0/0x37 returned 0 after 1 usecs
[    7.614377] calling  audit_tree_init+0x0/0x6d @ 1
[    7.614377] initcall audit_tree_init+0x0/0x6d returned 0 after 22 usecs
[    7.614377] calling  seccomp_sysctl_init+0x0/0x2b @ 1
[    7.842093] initcall seccomp_sysctl_init+0x0/0x2b returned 0 after 34 usecs
[    7.852481] calling  utsname_sysctl_init+0x0/0x13 @ 1
[    7.860462] initcall utsname_sysctl_init+0x0/0x13 returned 0 after 215 usecs
[    7.870998] calling  init_tracepoints+0x0/0x27 @ 1
[    7.878385] initcall init_tracepoints+0x0/0x27 returned 0 after 46 usecs
[    7.888374] calling  init_blk_tracer+0x0/0x50 @ 1
[    7.898260] initcall init_blk_tracer+0x0/0x50 returned 0 after 1986 usecs
[    7.907898] calling  perf_event_sysfs_init+0x0/0x81 @ 1
[    7.915489] initcall perf_event_sysfs_init+0x0/0x81 returned 0 after 352 usecs
[    7.925945] calling  system_trusted_keyring_init+0x0/0x60 @ 1
[    7.933468] Initialise system trusted keyrings
[    7.939369] initcall system_trusted_keyring_init+0x0/0x60 returned 0 after 5759 usecs
[    7.949589] calling  kswapd_init+0x0/0x5c @ 1
[    7.957773] initcall kswapd_init+0x0/0x5c returned 0 after 2264 usecs
[    7.958343] calling  extfrag_debug_init+0x0/0x54 @ 1
[    7.958343] initcall extfrag_debug_init+0x0/0x54 returned 0 after 50 usecs
[    7.958343] calling  mm_compute_batch_init+0x0/0x12 @ 1
[    7.958343] initcall mm_compute_batch_init+0x0/0x12 returned 0 after 0 usecs
[    7.958343] calling  slab_proc_init+0x0/0x21 @ 1
[    7.958343] initcall slab_proc_init+0x0/0x21 returned 0 after 66 usecs
[    7.958343] calling  workingset_init+0x0/0x8c @ 1
[    7.958343] workingset: timestamp_bits=56 max_order=17 bucket_order=0
[    7.958343] initcall workingset_init+0x0/0x8c returned 0 after 10307 usecs
[    7.958343] calling  proc_vmalloc_init+0x0/0x32 @ 1
[    7.958343] initcall proc_vmalloc_init+0x0/0x32 returned 0 after 4 usecs
[    7.958343] calling  procswaps_init+0x0/0x1e @ 1
[    7.958343] initcall procswaps_init+0x0/0x1e returned 0 after 5 usecs
[    7.958343] calling  slab_sysfs_init+0x0/0xea @ 1
[    7.958343] initcall slab_sysfs_init+0x0/0xea returned 0 after 4464 usecs
[    7.958343] calling  fcntl_init+0x0/0x29 @ 1
[    7.958343] initcall fcntl_init+0x0/0x29 returned 0 after 10 usecs
[    7.958343] calling  proc_filesystems_init+0x0/0x21 @ 1
[    7.958343] initcall proc_filesystems_init+0x0/0x21 returned 0 after 58 usecs
[    7.958343] calling  start_dirtytime_writeback+0x0/0x29 @ 1
[    7.958343] initcall start_dirtytime_writeback+0x0/0x29 returned 0 after 3 usecs
[    7.958343] calling  blkdev_init+0x0/0x1b @ 1
[    7.958343] initcall blkdev_init+0x0/0x1b returned 0 after 170 usecs
[    7.958343] calling  dio_init+0x0/0x2c @ 1
[    7.958343] initcall dio_init+0x0/0x2c returned 0 after 211 usecs
[    7.958343] calling  dnotify_init+0x0/0x78 @ 1
[    7.958343] initcall dnotify_init+0x0/0x78 returned 0 after 37 usecs
[    7.958343] calling  aio_setup+0x0/0x78 @ 1
[    7.958343] initcall aio_setup+0x0/0x78 returned 0 after 76 usecs
[    7.958343] calling  io_uring_init+0x0/0x2c @ 1
[    8.219457] initcall io_uring_init+0x0/0x2c returned 0 after 7 usecs
[    8.228430] calling  mbcache_init+0x0/0x30 @ 1
[    8.234974] initcall mbcache_init+0x0/0x30 returned 0 after 76 usecs
[    8.243612] calling  init_grace+0x0/0xc @ 1
[    8.249456] initcall init_grace+0x0/0xc returned 0 after 4 usecs
[    8.257258] calling  init_v2_quota_format+0x0/0x21 @ 1
[    8.264110] initcall init_v2_quota_format+0x0/0x21 returned 0 after 55 usecs
[    8.273950] calling  init_devpts_fs+0x0/0x27 @ 1
[    8.280865] initcall init_devpts_fs+0x0/0x27 returned 0 after 75 usecs
[    8.290518] calling  ext4_init_fs+0x0/0x1d0 @ 1
[    8.299692] initcall ext4_init_fs+0x0/0x1d0 returned 0 after 2528 usecs
[    8.310041] calling  journal_init+0x0/0x11c @ 1
[    8.316927] initcall journal_init+0x0/0x11c returned 0 after 99 usecs
[    8.326715] calling  init_fat_fs+0x0/0x49 @ 1
[    8.333479] initcall init_fat_fs+0x0/0x49 returned 0 after 163 usecs
[    8.342706] calling  init_vfat_fs+0x0/0xc @ 1
[    8.349065] initcall init_vfat_fs+0x0/0xc returned 0 after 4 usecs
[    8.359064] calling  init_msdos_fs+0x0/0xc @ 1
[    8.366754] initcall init_msdos_fs+0x0/0xc returned 0 after 4 usecs
[    8.377121] calling  init_iso9660_fs+0x0/0x6c @ 1
[    8.385061] initcall init_iso9660_fs+0x0/0x6c returned 0 after 87 usecs
[    8.395360] calling  init_nfs_fs+0x0/0x13a @ 1
[    8.403919] initcall init_nfs_fs+0x0/0x13a returned 0 after 2051 usecs
[    8.404301] calling  init_nfs_v2+0x0/0x13 @ 1
[    8.404301] initcall init_nfs_v2+0x0/0x13 returned 0 after 74 usecs
[    8.404301] calling  init_nfs_v3+0x0/0x13 @ 1
[    8.404301] initcall init_nfs_v3+0x0/0x13 returned 0 after 18 usecs
[    8.404301] calling  init_nfs_v4+0x0/0x32 @ 1
[    8.404301] NFS: Registering the id_resolver key type
[    8.404301] Key type id_resolver registered
[    8.404301] Key type id_legacy registered
[    8.404301] initcall init_nfs_v4+0x0/0x32 returned 0 after 19359 usecs
[    8.404301] calling  init_nlm+0x0/0x5b @ 1
[    8.404301] initcall init_nlm+0x0/0x5b returned 0 after 89 usecs
[    8.404301] calling  init_nls_cp437+0x0/0xe @ 1
[    8.404301] initcall init_nls_cp437+0x0/0xe returned 0 after 134 usecs
[    8.404301] calling  init_nls_ascii+0x0/0xe @ 1
[    8.404301] initcall init_nls_ascii+0x0/0xe returned 0 after 1 usecs
[    8.404301] calling  init_nls_iso8859_1+0x0/0xe @ 1
[    8.404301] initcall init_nls_iso8859_1+0x0/0xe returned 0 after 1 usecs
[    8.404301] calling  init_nls_utf8+0x0/0x21 @ 1
[    8.404301] initcall init_nls_utf8+0x0/0x21 returned 0 after 1 usecs
[    8.404301] calling  init_autofs_fs+0x0/0x25 @ 1
[    8.569727] initcall init_autofs_fs+0x0/0x25 returned 0 after 737 usecs
[    8.579180] calling  ipc_init+0x0/0x24 @ 1
[    8.579973] initcall ipc_init+0x0/0x24 returned 0 after 33 usecs
[    8.579973] calling  ipc_sysctl_init+0x0/0x13 @ 1
[    8.579973] initcall ipc_sysctl_init+0x0/0x13 returned 0 after 13 usecs
[    8.579973] calling  init_mqueue_fs+0x0/0x9a @ 1
[    8.579973] initcall init_mqueue_fs+0x0/0x9a returned 0 after 507 usecs
[    8.579973] calling  key_proc_init+0x0/0x63 @ 1
[    8.579973] initcall key_proc_init+0x0/0x63 returned 0 after 5 usecs
[    8.579973] calling  selinux_nf_ip_init+0x0/0x2e @ 1
[    8.579973] initcall selinux_nf_ip_init+0x0/0x2e returned 0 after 28 usecs
[    8.579973] calling  init_sel_fs+0x0/0x116 @ 1
[    8.579973] initcall init_sel_fs+0x0/0x116 returned 0 after 0 usecs
[    8.579973] calling  selnl_init+0x0/0x7c @ 1
[    8.579973] initcall selnl_init+0x0/0x7c returned 0 after 145 usecs
[    8.579973] calling  sel_netif_init+0x0/0x36 @ 1
[    8.579973] initcall sel_netif_init+0x0/0x36 returned 0 after 0 usecs
[    8.579973] calling  sel_netnode_init+0x0/0x33 @ 1
[    8.579973] initcall sel_netnode_init+0x0/0x33 returned 0 after 0 usecs
[    8.579973] calling  sel_netport_init+0x0/0x33 @ 1
[    8.579973] initcall sel_netport_init+0x0/0x33 returned 0 after 0 usecs
[    8.579973] calling  aurule_init+0x0/0x2a @ 1
[    8.579973] initcall aurule_init+0x0/0x2a returned 0 after 1 usecs
[    8.579973] calling  crypto_algapi_init+0x0/0xc @ 1
[    8.579973] initcall crypto_algapi_init+0x0/0xc returned 0 after 5 usecs
[    8.579973] calling  jent_mod_init+0x0/0x2d @ 1
[    8.807060] initcall jent_mod_init+0x0/0x2d returned 0 after 11420 usecs
[    8.807433] calling  asymmetric_key_init+0x0/0xc @ 1
[    8.807433] Key type asymmetric registered
[    8.807433] initcall asymmetric_key_init+0x0/0xc returned 0 after 6988 usecs
[    8.807433] calling  x509_key_init+0x0/0xc @ 1
[    8.807433] Asymmetric key parser 'x509' registered
[    8.807433] initcall x509_key_init+0x0/0xc returned 0 after 8070 usecs
[    8.807433] calling  proc_genhd_init+0x0/0x41 @ 1
[    8.807433] initcall proc_genhd_init+0x0/0x41 returned 0 after 7 usecs
[    8.807433] calling  bsg_init+0x0/0x113 @ 1
[    8.900775] Block layer SCSI generic (bsg) driver version 0.4 loaded (major 251)
[    8.911609] initcall bsg_init+0x0/0x113 returned 0 after 10618 usecs
[    8.920780] calling  deadline_init+0x0/0xc @ 1
[    8.927896] io scheduler mq-deadline registered
[    8.934918] initcall deadline_init+0x0/0xc returned 0 after 6878 usecs
[    8.944253] calling  kyber_init+0x0/0xc @ 1
[    8.950325] io scheduler kyber registered
[    8.956405] initcall kyber_init+0x0/0xc returned 0 after 5934 usecs
[    8.964763] calling  mod_init+0x0/0x7 @ 1
[    8.970383] initcall mod_init+0x0/0x7 returned 0 after 0 usecs
[    8.979397] calling  percpu_counter_startup+0x0/0x55 @ 1
[    9.003704] initcall percpu_counter_startup+0x0/0x55 returned 0 after 16086 usecs
[    9.004381] calling  sg_pool_init+0x0/0xb4 @ 1
[    9.004381] initcall sg_pool_init+0x0/0xb4 returned 0 after 597 usecs
[    9.004381] calling  pcie_portdrv_init+0x0/0x39 @ 1
[    9.004381] initcall pcie_portdrv_init+0x0/0x39 returned 0 after 113 usecs
[    9.004381] calling  pci_proc_init+0x0/0x68 @ 1
[    9.004381] initcall pci_proc_init+0x0/0x68 returned 0 after 121 usecs
[    9.004381] calling  pci_hotplug_init+0x0/0x7 @ 1
[    9.004381] initcall pci_hotplug_init+0x0/0x7 returned 0 after 186 usecs
[    9.004381] calling  efifb_driver_init+0x0/0xe @ 1
[    9.004381] initcall efifb_driver_init+0x0/0xe returned 0 after 9065 usecs
[    9.004381] calling  ged_driver_init+0x0/0xe @ 1
[    9.004381] initcall ged_driver_init+0x0/0xe returned 0 after 747 usecs
[    9.004381] calling  acpi_ac_init+0x0/0x92 @ 1
[    9.004381] initcall acpi_ac_init+0x0/0x92 returned 0 after 1594 usecs
[    9.004381] calling  acpi_button_driver_init+0x0/0x52 @ 1
[    9.004381] input: Power Button as /devices/LNXSYSTM:00/LNXPWRBN:00/input/input0
[    9.191874] ACPI: Power Button [PWRF]
[    9.198434] initcall acpi_button_driver_init+0x0/0x52 returned 0 after 25219 usecs
[    9.208816] calling  acpi_fan_driver_init+0x0/0xe @ 1
[    9.215796] initcall acpi_fan_driver_init+0x0/0xe returned 0 after 19 usecs
[    9.225666] calling  acpi_video_init+0x0/0xcb @ 1
[    9.234188] initcall acpi_video_init+0x0/0xcb returned 0 after 1819 usecs
[    9.243714] calling  acpi_processor_driver_init+0x0/0xad @ 1
[    9.261259] initcall acpi_processor_driver_init+0x0/0xad returned 0 after 8603 usecs
[    9.272375] calling  acpi_thermal_init+0x0/0x71 @ 1
[    9.293541] initcall acpi_thermal_init+0x0/0x71 returned 0 after 13423 usecs
[    9.293541] calling  acpi_battery_init+0x0/0x32 @ 1
[    9.311085] initcall acpi_battery_init+0x0/0x32 returned 0 after 498 usecs
[    9.311085] calling  bgrt_init+0x0/0xb6 @ 1
[    9.311085] initcall bgrt_init+0x0/0xb6 returned -19 after 15 usecs
[    9.311085] calling  gpio_clk_driver_init+0x0/0xe @ 1
[    9.311085] initcall gpio_clk_driver_init+0x0/0xe returned 0 after 84 usecs
[    9.311085] calling  plt_clk_driver_init+0x0/0xe @ 1
[    9.311085] initcall plt_clk_driver_init+0x0/0xe returned 0 after 23 usecs
[    9.311085] calling  virtio_pci_driver_init+0x0/0x15 @ 1
[    9.311085] initcall virtio_pci_driver_init+0x0/0x15 returned 0 after 477 usecs
[    9.311085] calling  n_null_init+0x0/0x1e @ 1
[    9.311085] initcall n_null_init+0x0/0x1e returned 0 after 95 usecs
[    9.311085] calling  pty_init+0x0/0x1e8 @ 1
[    9.425960] initcall pty_init+0x0/0x1e8 returned 0 after 5836 usecs
[    9.437197] calling  sysrq_init+0x0/0x62 @ 1
[    9.437935] initcall sysrq_init+0x0/0x62 returned 0 after 138 usecs
[    9.437935] calling  serial8250_init+0x0/0x17e @ 1
[    9.437935] Serial: 8250/16550 driver, 4 ports, IRQ sharing enabled
[    9.437935] 00:03: ttyS0 at I/O 0x3f8 (irq = 4, base_baud = 115200) is a 16550A
[    9.502136] initcall serial8250_init+0x0/0x17e returned 0 after 39164 usecs
[    9.513516] calling  serial_pci_driver_init+0x0/0x15 @ 1
[    9.514142] initcall serial_pci_driver_init+0x0/0x15 returned 0 after 349 usecs
[    9.514142] calling  exar_pci_driver_init+0x0/0x15 @ 1
[    9.514142] initcall exar_pci_driver_init+0x0/0x15 returned 0 after 88 usecs
[    9.514142] calling  lpss8250_pci_driver_init+0x0/0x15 @ 1
[    9.514142] initcall lpss8250_pci_driver_init+0x0/0x15 returned 0 after 330 usecs
[    9.514142] calling  mid8250_pci_driver_init+0x0/0x15 @ 1
[    9.514142] initcall mid8250_pci_driver_init+0x0/0x15 returned 0 after 23 usecs
[    9.514142] calling  virtio_console_init+0x0/0xff @ 1
[    9.514142] initcall virtio_console_init+0x0/0xff returned 0 after 1686 usecs
[    9.609506] calling  hpet_init+0x0/0x64 @ 1
[    9.619586] initcall hpet_init+0x0/0x64 returned 0 after 5743 usecs
[    9.619586] calling  nvram_module_init+0x0/0x83 @ 1
[    9.640819] Non-volatile memory driver v1.3
[    9.641372] initcall nvram_module_init+0x0/0x83 returned 0 after 7753 usecs
[    9.641372] calling  hwrng_modinit+0x0/0x8a @ 1
[    9.668248] initcall hwrng_modinit+0x0/0x8a returned 0 after 1350 usecs
[    9.678780] calling  mod_init+0x0/0x48 @ 1
[    9.679307] initcall mod_init+0x0/0x48 returned -19 after 0 usecs
[    9.679307] calling  agp_init+0x0/0x23 @ 1
[    9.679307] Linux agpgart interface v0.103
[    9.679307] initcall agp_init+0x0/0x23 returned 0 after 6229 usecs
[    9.679307] calling  agp_amd64_mod_init+0x0/0x5 @ 1
[    9.679307] initcall agp_amd64_mod_init+0x0/0x5 returned -19 after 162 usecs
[    9.679307] calling  agp_intel_init+0x0/0x28 @ 1
[    9.679307] initcall agp_intel_init+0x0/0x28 returned 0 after 965 usecs
[    9.679307] calling  drm_kms_helper_init+0x0/0x7 @ 1
[    9.679307] initcall drm_kms_helper_init+0x0/0x7 returned 0 after 99 usecs
[    9.679307] calling  drm_core_init+0x0/0xa4 @ 1
[    9.679307] initcall drm_core_init+0x0/0xa4 returned 0 after 393 usecs
[    9.679307] calling  i915_init+0x0/0x6b @ 1
[    9.679307] initcall i915_init+0x0/0x6b returned 0 after 3070 usecs
[    9.679307] calling  cn_proc_init+0x0/0x35 @ 1
[    9.679307] initcall cn_proc_init+0x0/0x35 returned 0 after 3 usecs
[    9.679307] calling  topology_sysfs_init+0x0/0x27 @ 1
[    9.679307] initcall topology_sysfs_init+0x0/0x27 returned 0 after 187 usecs
[    9.679307] calling  cacheinfo_sysfs_init+0x0/0x27 @ 1
[    9.884953] initcall cacheinfo_sysfs_init+0x0/0x27 returned 0 after 22063 usecs
[    9.885701] calling  loop_init+0x0/0x168 @ 1
[    9.984363] loop: module loaded
[    9.984363] initcall loop_init+0x0/0x168 returned 0 after 84793 usecs
[    9.984363] calling  mac_hid_init+0x0/0x21 @ 1
[    9.984363] initcall mac_hid_init+0x0/0x21 returned 0 after 8 usecs
[    9.984363] calling  spi_transport_init+0x0/0x74 @ 1
[    9.984363] initcall spi_transport_init+0x0/0x74 returned 0 after 1074 usecs
[    9.984363] calling  init_sd+0x0/0x18c @ 1
[    9.984363] initcall init_sd+0x0/0x18c returned 0 after 706 usecs
[    9.984363] calling  init_sr+0x0/0x43 @ 1
[   10.055388] initcall init_sr+0x0/0x43 returned 0 after 71 usecs
[   10.065754] calling  init_sg+0x0/0x1c0 @ 1
[   10.073054] initcall init_sg+0x0/0x1c0 returned 0 after 152 usecs
[   10.083083] calling  ahci_pci_driver_init+0x0/0x15 @ 1
[   10.093822] ahci 0000:00:1f.2: version 3.0
[   10.107929] PCI Interrupt Link [GSIA] enabled at IRQ 16
[   10.135886] ahci 0000:00:1f.2: AHCI 0001.0000 32 slots 6 ports 1.5 Gbps 0x3f impl SATA mode
[   10.149028] ahci 0000:00:1f.2: flags: 64bit ncq only 
[   10.187862] scsi host0: ahci
[   10.202604] scsi host1: ahci
[   10.211217] scsi host2: ahci
[   10.219968] scsi host3: ahci
[   10.228903] scsi host4: ahci
[   10.237976] scsi host5: ahci
[   10.238678] ata1: SATA max UDMA/133 abar m4096@0xfebf1000 port 0xfebf1100 irq 24
[   10.238678] ata2: SATA max UDMA/133 abar m4096@0xfebf1000 port 0xfebf1180 irq 24
[   10.238678] ata3: SATA max UDMA/133 abar m4096@0xfebf1000 port 0xfebf1200 irq 24
[   10.238678] ata4: SATA max UDMA/133 abar m4096@0xfebf1000 port 0xfebf1280 irq 24
[   10.238678] ata5: SATA max UDMA/133 abar m4096@0xfebf1000 port 0xfebf1300 irq 24
[   10.238678] ata6: SATA max UDMA/133 abar m4096@0xfebf1000 port 0xfebf1380 irq 24
[   10.313348] initcall ahci_pci_driver_init+0x0/0x15 returned 0 after 215888 usecs
[   10.326603] calling  piix_init+0x0/0x26 @ 1
[   10.326717] initcall piix_init+0x0/0x26 returned 0 after 219 usecs
[   10.326717] calling  amd_pci_driver_init+0x0/0x15 @ 1
[   10.326717] initcall amd_pci_driver_init+0x0/0x15 returned 0 after 81 usecs
[   10.326717] calling  oldpiix_pci_driver_init+0x0/0x15 @ 1
[   10.326717] initcall oldpiix_pci_driver_init+0x0/0x15 returned 0 after 82 usecs
[   10.326717] calling  sch_pci_driver_init+0x0/0x15 @ 1
[   10.326717] initcall sch_pci_driver_init+0x0/0x15 returned 0 after 26 usecs
[   10.326717] calling  net_olddevs_init+0x0/0x55 @ 1
[   10.326717] initcall net_olddevs_init+0x0/0x55 returned 0 after 238 usecs
[   10.326717] calling  blackhole_netdev_init+0x0/0x78 @ 1
[   10.326717] initcall blackhole_netdev_init+0x0/0x78 returned 0 after 612 usecs
[   10.326717] calling  phy_module_init+0x0/0x13 @ 1
[   10.440405] initcall phy_module_init+0x0/0x13 returned 0 after 355 usecs
[   10.455727] calling  tg3_driver_init+0x0/0x15 @ 1
[   10.462830] initcall tg3_driver_init+0x0/0x15 returned 0 after 58 usecs
[   10.473454] calling  e100_init_module+0x0/0x4c @ 1
[   10.480795] e100: Intel(R) PRO/100 Network Driver
[   10.488134] e100: Copyright(c) 1999-2006 Intel Corporation
[   10.496879] initcall e100_init_module+0x0/0x4c returned 0 after 15812 usecs
[   10.510940] calling  e1000_init_module+0x0/0x72 @ 1
[   10.519745] e1000: Intel(R) PRO/1000 Network Driver
[   10.528346] e1000: Copyright (c) 1999-2006 Intel Corporation.
[   10.539472] initcall e1000_init_module+0x0/0x72 returned 0 after 19261 usecs
[   10.551745] calling  e1000_init_module+0x0/0x2d @ 1
[   10.560036] e1000e: Intel(R) PRO/1000 Network Driver
[   10.568847] e1000e: Copyright(c) 1999 - 2015 Intel Corporation.
[   10.578218] initcall e1000_init_module+0x0/0x2d returned 0 after 17902 usecs
[   10.589358] calling  sky2_init_module+0x0/0x21 @ 1
[   10.597470] sky2: driver version 1.30
[   10.604480] initcall sky2_init_module+0x0/0x21 returned 0 after 6843 usecs
[   10.615092] calling  forcedeth_pci_driver_init+0x0/0x15 @ 1
[   10.625507] initcall forcedeth_pci_driver_init+0x0/0x15 returned 0 after 66 usecs
[   10.637073] calling  rtl8139_init_module+0x0/0x15 @ 1
[   10.645809] initcall rtl8139_init_module+0x0/0x15 returned 0 after 90 usecs
[   10.657079] calling  rtl8169_pci_driver_init+0x0/0x15 @ 1
[   10.666472] initcall rtl8169_pci_driver_init+0x0/0x15 returned 0 after 129 usecs
[   10.678845] calling  cdrom_init+0x0/0xc @ 1
[   10.686569] initcall cdrom_init+0x0/0xc returned 0 after 73 usecs
[   10.697157] calling  nonstatic_sysfs_init+0x0/0xc @ 1
[   10.706453] initcall nonstatic_sysfs_init+0x0/0xc returned 0 after 45 usecs
[   10.718045] calling  yenta_cardbus_driver_init+0x0/0x15 @ 1
[   10.723230] ata3: SATA link up 1.5 Gbps (SStatus 113 SControl 300)
[   10.728116] initcall yenta_cardbus_driver_init+0x0/0x15 returned 0 after 100 usecs
[   10.742978] ata4: SATA link down (SStatus 0 SControl 300)
[   10.751118] calling  mon_init+0x0/0x12d @ 1
[   10.769831] ata1: SATA link down (SStatus 0 SControl 300)
[   10.781753] ata2: SATA link down (SStatus 0 SControl 300)
[   10.794676] ata5: SATA link down (SStatus 0 SControl 300)
[   10.806268] ata6: SATA link down (SStatus 0 SControl 300)
[   10.816647] ata3.00: ATAPI: QEMU DVD-ROM, 2.5+, max UDMA/100
[   10.816904] initcall mon_init+0x0/0x12d returned 0 after 64236 usecs
[   10.825819] ata3.00: applying bridge limits
[   10.833772] ata3.00: configured for UDMA/100
[   10.832737] calling  ehci_hcd_init+0x0/0x56 @ 1
[   10.832737] ehci_hcd: USB 2.0 'Enhanced' Host Controller (EHCI) Driver
[   10.832737] initcall ehci_hcd_init+0x0/0x56 returned 0 after 97 usecs
[   10.832737] calling  ehci_pci_init+0x0/0x64 @ 1
[   10.832737] ehci-pci: EHCI PCI platform driver
[   10.832737] initcall ehci_pci_init+0x0/0x64 returned 0 after 135 usecs
[   10.832737] calling  ohci_hcd_mod_init+0x0/0x4e @ 1
[   10.832737] ohci_hcd: USB 1.1 'Open' Host Controller (OHCI) Driver
[   10.832737] initcall ohci_hcd_mod_init+0x0/0x4e returned 0 after 51 usecs
[   10.832737] calling  ohci_pci_init+0x0/0x64 @ 1
[   10.832737] ohci-pci: OHCI PCI platform driver
[   10.832737] initcall ohci_pci_init+0x0/0x64 returned 0 after 166 usecs
[   10.832737] calling  uhci_hcd_init+0x0/0xa8 @ 1
[   10.832737] uhci_hcd: USB Universal Host Controller Interface driver
[   10.832737] initcall uhci_hcd_init+0x0/0xa8 returned 0 after 101 usecs
[   10.832737] calling  xhci_hcd_init+0x0/0x1e @ 1
[   10.832737] initcall xhci_hcd_init+0x0/0x1e returned 0 after 11 usecs
[   10.832737] calling  xhci_pci_init+0x0/0x49 @ 1
[   10.832737] initcall xhci_pci_init+0x0/0x49 returned 0 after 115 usecs
[   10.832737] calling  usblp_driver_init+0x0/0x15 @ 1
[   10.832737] usbcore: registered new interface driver usblp
[   10.832737] initcall usblp_driver_init+0x0/0x15 returned 0 after 65 usecs
[   10.832737] calling  usb_storage_driver_init+0x0/0x2a @ 1
[   10.832737] usbcore: registered new interface driver usb-storage
[   10.832737] initcall usb_storage_driver_init+0x0/0x2a returned 0 after 72 usecs
[   10.832737] calling  i8042_init+0x0/0x4c2 @ 1
[   10.832737] i8042: PNP: PS/2 Controller [PNP0303:KBD,PNP0f13:MOU] at 0x60,0x64 irq 1,12
[   10.849547] serio: i8042 KBD port at 0x60,0x64 irq 1
[   10.852945] serio: i8042 AUX port at 0x60,0x64 irq 12
[   10.853410] initcall i8042_init+0x0/0x4c2 returned 0 after 12992 usecs
[   10.853414] calling  serport_init+0x0/0x2c @ 1
[   10.853417] initcall serport_init+0x0/0x2c returned 0 after 0 usecs
[   10.853419] calling  input_leds_init+0x0/0xc @ 1
[   10.853493] initcall input_leds_init+0x0/0xc returned 0 after 70 usecs
[   10.853495] calling  evdev_init+0x0/0xc @ 1
[   11.184760] initcall evdev_init+0x0/0xc returned 0 after 323489 usecs
[   11.194537] calling  atkbd_init+0x0/0x21 @ 1
[   11.213602] initcall atkbd_init+0x0/0x21 returned 0 after 782 usecs
[   11.223096] calling  psmouse_init+0x0/0x7f @ 1
[   11.230925] initcall psmouse_init+0x0/0x7f returned 0 after 167 usecs
[   11.236525] scsi 2:0:0:0: CD-ROM            QEMU     QEMU DVD-ROM     2.5+ PQ: 0 ANSI: 5
[   11.240229] calling  cmos_init+0x0/0x73 @ 1
[   11.242181] rtc_cmos 00:04: RTC can wake from S4
[   11.293821] input: AT Translated Set 2 keyboard as /devices/platform/i8042/serio0/input/input1
[   11.297117] rtc_cmos 00:04: registered as rtc0
[   11.308237] rtc_cmos 00:04: alarms up to one day, y3k, 242 bytes nvram, hpet irqs
[   11.308237] initcall cmos_init+0x0/0x73 returned 0 after 85336 usecs
[   11.308237] calling  smbalert_driver_init+0x0/0xe @ 1
[   11.308237] initcall smbalert_driver_init+0x0/0xe returned 0 after 131 usecs
[   11.308237] calling  i2c_i801_init+0x0/0xc5 @ 1
[   11.308237] i801_smbus 0000:00:1f.3: SMBus using PCI interrupt
[   11.379920] i2c i2c-0: 1/1 memory slots populated (from DMI)
[   11.379920] i2c i2c-0: Memory type 0x07 not supported yet, not instantiating SPD
[   11.379920] initcall i2c_i801_init+0x0/0xc5 returned 0 after 33598 usecs
[   11.412727] calling  ptp_kvm_init+0x0/0xf0 @ 1
[   11.454718] initcall ptp_kvm_init+0x0/0xf0 returned 0 after 34050 usecs
[   11.483215] calling  dm_init+0x0/0x3c @ 1
[   11.489947] device-mapper: ioctl: 4.43.0-ioctl (2020-10-01) initialised: dm-devel@redhat.com
[   11.502614] initcall dm_init+0x0/0x3c returned 0 after 12673 usecs
[   11.512150] calling  dm_mirror_init+0x0/0x29 @ 1
[   11.519450] initcall dm_mirror_init+0x0/0x29 returned 0 after 47 usecs
[   11.530639] calling  dm_dirty_log_init+0x0/0x4f @ 1
[   11.538751] initcall dm_dirty_log_init+0x0/0x4f returned 0 after 51 usecs
[   11.549531] calling  dm_zero_init+0x0/0x29 @ 1
[   11.556945] initcall dm_zero_init+0x0/0x29 returned 0 after 1 usecs
[   11.567724] calling  intel_pstate_init+0x0/0x50d @ 1
[   11.576059] intel_pstate: CPU model not supported
[   11.583665] initcall intel_pstate_init+0x0/0x50d returned -19 after 7495 usecs
[   11.594806] calling  haltpoll_init+0x0/0xc0 @ 1
[   11.601880] initcall haltpoll_init+0x0/0xc0 returned -19 after 96 usecs
[   11.626716] calling  efivars_sysfs_init+0x0/0x30 @ 1
[   11.634169] initcall efivars_sysfs_init+0x0/0x30 returned 0 after 20 usecs
[   11.644475] calling  esrt_sysfs_init+0x0/0x2a2 @ 1
[   11.651341] initcall esrt_sysfs_init+0x0/0x2a2 returned -38 after 115 usecs
[   11.660992] calling  hid_init+0x0/0x5c @ 1
[   11.666929] hid: raw HID events driver (C) Jiri Kosina
[   11.709467] initcall hid_init+0x0/0x5c returned 0 after 40480 usecs
[   11.720746] calling  hid_generic_init+0x0/0x15 @ 1
[   11.731223] initcall hid_generic_init+0x0/0x15 returned 0 after 3062 usecs
[   11.741701] calling  a4_driver_init+0x0/0x15 @ 1
[   11.748651] initcall a4_driver_init+0x0/0x15 returned 0 after 20 usecs
[   11.758443] calling  apple_driver_init+0x0/0x15 @ 1
[   11.769764] initcall apple_driver_init+0x0/0x15 returned 0 after 716 usecs
[   11.790700] calling  belkin_driver_init+0x0/0x15 @ 1
[   11.798423] initcall belkin_driver_init+0x0/0x15 returned 0 after 389 usecs
[   11.808031] calling  ch_driver_init+0x0/0x15 @ 1
[   11.814101] initcall ch_driver_init+0x0/0x15 returned 0 after 17 usecs
[   11.822687] calling  ch_driver_init+0x0/0x15 @ 1
[   11.837812] initcall ch_driver_init+0x0/0x15 returned 0 after 21 usecs
[   11.852747] calling  cp_driver_init+0x0/0x15 @ 1
[   11.860533] initcall cp_driver_init+0x0/0x15 returned 0 after 273 usecs
[   11.870168] calling  ez_driver_init+0x0/0x15 @ 1
[   11.877179] initcall ez_driver_init+0x0/0x15 returned 0 after 30 usecs
[   11.886921] calling  gyration_driver_init+0x0/0x15 @ 1
[   11.894837] initcall gyration_driver_init+0x0/0x15 returned 0 after 34 usecs
[   11.905296] calling  ite_driver_init+0x0/0x15 @ 1
[   11.912242] initcall ite_driver_init+0x0/0x15 returned 0 after 19 usecs
[   11.922162] calling  ks_driver_init+0x0/0x15 @ 1
[   11.928768] initcall ks_driver_init+0x0/0x15 returned 0 after 53 usecs
[   11.938817] calling  lg_driver_init+0x0/0x15 @ 1
[   11.945850] initcall lg_driver_init+0x0/0x15 returned 0 after 23 usecs
[   11.955145] calling  lg_g15_driver_init+0x0/0x15 @ 1
[   11.962551] initcall lg_g15_driver_init+0x0/0x15 returned 0 after 42 usecs
[   11.972032] calling  ms_driver_init+0x0/0x15 @ 1
[   11.978528] initcall ms_driver_init+0x0/0x15 returned 0 after 22 usecs
[   11.987565] calling  mr_driver_init+0x0/0x15 @ 1
[   11.994570] initcall mr_driver_init+0x0/0x15 returned 0 after 20 usecs
[   12.004100] calling  ntrig_driver_init+0x0/0x15 @ 1
[   12.011537] initcall ntrig_driver_init+0x0/0x15 returned 0 after 80 usecs
[   12.021751] calling  pl_driver_init+0x0/0x15 @ 1
[   12.028955] initcall pl_driver_init+0x0/0x15 returned 0 after 22 usecs
[   12.039251] calling  pl_driver_init+0x0/0x15 @ 1
[   12.046874] initcall pl_driver_init+0x0/0x15 returned 0 after 19 usecs
[   12.056895] calling  redragon_driver_init+0x0/0x15 @ 1
[   12.065865] initcall redragon_driver_init+0x0/0x15 returned 0 after 114 usecs
[   12.081213] calling  samsung_driver_init+0x0/0x15 @ 1
[   12.088559] initcall samsung_driver_init+0x0/0x15 returned 0 after 23 usecs
[   12.100325] calling  sony_init+0x0/0x38 @ 1
[   12.107375] initcall sony_init+0x0/0x38 returned 0 after 20 usecs
[   12.116774] calling  sp_driver_init+0x0/0x15 @ 1
[   12.123468] initcall sp_driver_init+0x0/0x15 returned 0 after 125 usecs
[   12.133434] calling  ts_driver_init+0x0/0x15 @ 1
[   12.140085] initcall ts_driver_init+0x0/0x15 returned 0 after 22 usecs
[   12.149596] calling  hid_init+0x0/0x58 @ 1
[   12.155801] usbcore: registered new interface driver usbhid
[   12.163633] usbhid: USB HID core driver
[   12.169142] initcall hid_init+0x0/0x58 returned 0 after 13370 usecs
[   12.177865] calling  eeepc_laptop_init+0x0/0x57 @ 1
[   12.187699] initcall eeepc_laptop_init+0x0/0x57 returned -19 after 3062 usecs
[   12.197883] calling  pmc_atom_init+0x0/0x27a @ 1
[   12.204840] initcall pmc_atom_init+0x0/0x27a returned -19 after 126 usecs
[   12.214672] calling  alsa_hwdep_init+0x0/0x5e @ 1
[   12.222239] initcall alsa_hwdep_init+0x0/0x5e returned 0 after 629 usecs
[   12.232395] calling  alsa_timer_init+0x0/0x1f0 @ 1
[   12.256123] initcall alsa_timer_init+0x0/0x1f0 returned 0 after 16450 usecs
[   12.266571] input: ImExPS/2 Generic Explorer Mouse as /devices/platform/i8042/serio1/input/input3
[   12.270817] calling  snd_hrtimer_init+0x0/0x117 @ 1
[   12.290065] initcall snd_hrtimer_init+0x0/0x117 returned 0 after 3 usecs
[   12.299651] calling  alsa_pcm_init+0x0/0x64 @ 1
[   12.305929] initcall alsa_pcm_init+0x0/0x64 returned 0 after 6 usecs
[   12.314748] calling  alsa_seq_init+0x0/0x4a @ 1
[   12.325189] initcall alsa_seq_init+0x0/0x4a returned 0 after 4178 usecs
[   12.335269] calling  alsa_seq_dummy_init+0x0/0x9c @ 1
[   12.342610] initcall alsa_seq_dummy_init+0x0/0x9c returned 0 after 43 usecs
[   12.353683] calling  azx_driver_init+0x0/0x15 @ 1
[   12.360924] initcall azx_driver_init+0x0/0x15 returned 0 after 402 usecs
[   12.380252] calling  sock_diag_init+0x0/0x2a @ 1
[   12.401923] initcall sock_diag_init+0x0/0x2a returned 0 after 5418 usecs
[   12.419315] calling  blackhole_init+0x0/0xc @ 1
[   12.435590] initcall blackhole_init+0x0/0xc returned 0 after 227 usecs
[   12.447092] calling  nfnetlink_init+0x0/0x57 @ 1
[   12.461409] initcall nfnetlink_init+0x0/0x57 returned 0 after 340 usecs
[   12.472877] calling  nfnetlink_log_init+0x0/0x99 @ 1
[   12.481390] initcall nfnetlink_log_init+0x0/0x99 returned 0 after 63 usecs
[   12.505341] calling  nf_conntrack_standalone_init+0x0/0x87 @ 1
[   12.514094] initcall nf_conntrack_standalone_init+0x0/0x87 returned 0 after 1165 usecs
[   12.528895] calling  ctnetlink_init+0x0/0x83 @ 1
[   12.535010] initcall ctnetlink_init+0x0/0x83 returned 0 after 2 usecs
[   12.548993] calling  nf_conntrack_ftp_init+0x0/0x12c @ 1
[   12.556250] initcall nf_conntrack_ftp_init+0x0/0x12c returned 0 after 20 usecs
[   12.566205] calling  nf_conntrack_irc_init+0x0/0x129 @ 1
[   12.573669] initcall nf_conntrack_irc_init+0x0/0x129 returned 0 after 47 usecs
[   12.583478] calling  nf_conntrack_sip_init+0x0/0x172 @ 1
[   12.590934] initcall nf_conntrack_sip_init+0x0/0x172 returned 0 after 9 usecs
[   12.600817] calling  nf_nat_init+0x0/0xd2 @ 1
[   12.607165] initcall nf_nat_init+0x0/0xd2 returned 0 after 250 usecs
[   12.616027] calling  nf_nat_ftp_init+0x0/0x2a @ 1
[   12.622448] initcall nf_nat_ftp_init+0x0/0x2a returned 0 after 0 usecs
[   12.631276] calling  nf_nat_irc_init+0x0/0x2a @ 1
[   12.637680] initcall nf_nat_irc_init+0x0/0x2a returned 0 after 1 usecs
[   12.646539] calling  nf_nat_sip_init+0x0/0x36 @ 1
