c[?7l[2J[0mSeaBIOS (version 1.16.0-debian-1.16.0-4)
Booting from ROM...
early console in setup code
c[?7l[2J[    0.000000] Linux version 5.10.157+ (root@joelboxx.c.googlers.com) (gcc (Debian 12.2.0-3) 12.2.0, GNU ld (GNU Binutils for Debian) 2.39) #1 SMP PREEMPT Tue Dec 13 03:23:50 UTC 2022
[    0.000000] Command line: selinux=0 initcall_debug debug console=ttyS0 rcutorture.onoff_interval=200 rcutorture.onoff_holdoff=30 rcutree.gp_preinit_delay=12 rcutree.gp_init_delay=3 rcutree.gp_cleanup_delay=3 rcutree.kthread_prio=2 threadirqs rcutorture.n_barrier_cbs=4 rcutorture.stat_interval=15 rcutorture.shutdown_secs=1800 rcutorture.test_no_idle_hz=1 rcutorture.verbose=1
[    0.000000] x86/fpu: x87 FPU will use FXSAVE
[    0.000000] BIOS-provided physical RAM map:
[    0.000000] BIOS-e820: [mem 0x0000000000000000-0x000000000009fbff] usable
[    0.000000] BIOS-e820: [mem 0x000000000009fc00-0x000000000009ffff] reserved
[    0.000000] BIOS-e820: [mem 0x00000000000f0000-0x00000000000fffff] reserved
[    0.000000] BIOS-e820: [mem 0x0000000000100000-0x000000001ffdefff] usable
[    0.000000] BIOS-e820: [mem 0x000000001ffdf000-0x000000001fffffff] reserved
[    0.000000] BIOS-e820: [mem 0x00000000b0000000-0x00000000bfffffff] reserved
[    0.000000] BIOS-e820: [mem 0x00000000fed1c000-0x00000000fed1ffff] reserved
[    0.000000] BIOS-e820: [mem 0x00000000feffc000-0x00000000feffffff] reserved
[    0.000000] BIOS-e820: [mem 0x00000000fffc0000-0x00000000ffffffff] reserved
[    0.000000] NX (Execute Disable) protection: active
[    0.000000] SMBIOS 2.8 present.
[    0.000000] DMI: QEMU Standard PC (Q35 + ICH9, 2009), BIOS 1.16.0-debian-1.16.0-4 04/01/2014
[    0.000000] Hypervisor detected: KVM
[    0.000000] kvm-clock: Using msrs 4b564d01 and 4b564d00
[    0.000000] kvm-clock: cpu 0, msr e0bb001, primary cpu clock
[    0.000001] kvm-clock: using sched offset of 3227802841 cycles
[    0.000231] clocksource: kvm-clock: mask: 0xffffffffffffffff max_cycles: 0x1cd42e4dffb, max_idle_ns: 881590591483 ns
[    0.000331] tsc: Detected 1999.999 MHz processor
[    0.010030] e820: update [mem 0x00000000-0x00000fff] usable ==> reserved
[    0.010211] e820: remove [mem 0x000a0000-0x000fffff] usable
[    0.010218] last_pfn = 0x1ffdf max_arch_pfn = 0x400000000
[    0.011331] MTRR default type: write-back
[    0.011458] MTRR fixed ranges enabled:
[    0.011460]   00000-9FFFF write-back
[    0.011462]   A0000-BFFFF uncachable
[    0.011463]   C0000-FFFFF write-protect
[    0.011464] MTRR variable ranges enabled:
[    0.011466]   0 base 00C0000000 mask FFC0000000 uncachable
[    0.011467]   1 disabled
[    0.011468]   2 disabled
[    0.011469]   3 disabled
[    0.011469]   4 disabled
[    0.011470]   5 disabled
[    0.011471]   6 disabled
[    0.011472]   7 disabled
[    0.011920] x86/PAT: Configuration [0-7]: WB  WC  UC- UC  WB  WC  UC- UC  
[    0.021333] found SMP MP-table at [mem 0x000f5ba0-0x000f5baf]
[    0.025113] check: Scanning 1 areas for low memory corruption
[    0.033153] ACPI: Early table checksum verification disabled
[    0.035397] ACPI: RSDP 0x00000000000F59E0 000014 (v00 BOCHS )
[    0.035753] ACPI: RSDT 0x000000001FFE281A 000038 (v01 BOCHS  BXPC     00000001 BXPC 00000001)
[    0.035939] ACPI: FACP 0x000000001FFE259A 0000F4 (v03 BOCHS  BXPC     00000001 BXPC 00000001)
[    0.036147] ACPI: DSDT 0x000000001FFE0040 00255A (v01 BOCHS  BXPC     00000001 BXPC 00000001)
[    0.036153] ACPI: FACS 0x000000001FFE0000 000040
[    0.036157] ACPI: APIC 0x000000001FFE268E 0000F0 (v01 BOCHS  BXPC     00000001 BXPC 00000001)
[    0.036162] ACPI: HPET 0x000000001FFE277E 000038 (v01 BOCHS  BXPC     00000001 BXPC 00000001)
[    0.036166] ACPI: MCFG 0x000000001FFE27B6 00003C (v01 BOCHS  BXPC     00000001 BXPC 00000001)
[    0.036170] ACPI: WAET 0x000000001FFE27F2 000028 (v01 BOCHS  BXPC     00000001 BXPC 00000001)
[    0.036174] ACPI: Reserving FACP table memory at [mem 0x1ffe259a-0x1ffe268d]
[    0.036176] ACPI: Reserving DSDT table memory at [mem 0x1ffe0040-0x1ffe2599]
[    0.036177] ACPI: Reserving FACS table memory at [mem 0x1ffe0000-0x1ffe003f]
[    0.036178] ACPI: Reserving APIC table memory at [mem 0x1ffe268e-0x1ffe277d]
[    0.036179] ACPI: Reserving HPET table memory at [mem 0x1ffe277e-0x1ffe27b5]
[    0.036180] ACPI: Reserving MCFG table memory at [mem 0x1ffe27b6-0x1ffe27f1]
[    0.036182] ACPI: Reserving WAET table memory at [mem 0x1ffe27f2-0x1ffe2819]
[    0.037029] ACPI: Local APIC address 0xfee00000
[    0.041279] No NUMA configuration found
[    0.041459] Faking a node at [mem 0x0000000000000000-0x000000001ffdefff]
[    0.041656] NODE_DATA(0) allocated [mem 0x1ffdb000-0x1ffdefff]
[    0.043554] Zone ranges:
[    0.043771]   DMA      [mem 0x0000000000001000-0x0000000000ffffff]
[    0.043862]   DMA32    [mem 0x0000000001000000-0x000000001ffdefff]
[    0.043865]   Normal   empty
[    0.043866] Movable zone start for each node
[    0.043867] Early memory node ranges
[    0.043869]   node   0: [mem 0x0000000000001000-0x000000000009efff]
[    0.043953]   node   0: [mem 0x0000000000100000-0x000000001ffdefff]
[    0.043956] Initmem setup node 0 [mem 0x0000000000001000-0x000000001ffdefff]
[    0.043957] On node 0 totalpages: 130941
[    0.044068]   DMA zone: 64 pages used for memmap
[    0.044069]   DMA zone: 21 pages reserved
[    0.044100]   DMA zone: 3998 pages, LIFO batch:0
[    0.044102]   DMA32 zone: 1984 pages used for memmap
[    0.044103]   DMA32 zone: 126943 pages, LIFO batch:31
[    0.047656] On node 0, zone DMA: 1 pages in unavailable ranges
[    0.051221] On node 0, zone DMA: 97 pages in unavailable ranges
[    0.160241] On node 0, zone DMA32: 33 pages in unavailable ranges
[    0.163810] ACPI: PM-Timer IO Port: 0x608
[    0.163815] ACPI: Local APIC address 0xfee00000
[    0.164011] ACPI: LAPIC_NMI (acpi_id[0xff] dfl dfl lint[0x1])
[    0.164707] IOAPIC[0]: apic_id 0, version 17, address 0xfec00000, GSI 0-23
[    0.164712] ACPI: INT_SRC_OVR (bus 0 bus_irq 0 global_irq 2 dfl dfl)
[    0.164806] ACPI: INT_SRC_OVR (bus 0 bus_irq 5 global_irq 5 high level)
[    0.164809] ACPI: INT_SRC_OVR (bus 0 bus_irq 9 global_irq 9 high level)
[    0.164875] ACPI: INT_SRC_OVR (bus 0 bus_irq 10 global_irq 10 high level)
[    0.164877] ACPI: INT_SRC_OVR (bus 0 bus_irq 11 global_irq 11 high level)
[    0.164879] ACPI: IRQ0 used by override.
[    0.164881] ACPI: IRQ5 used by override.
[    0.164882] ACPI: IRQ9 used by override.
[    0.164883] ACPI: IRQ10 used by override.
[    0.164884] ACPI: IRQ11 used by override.
[    0.164916] Using ACPI (MADT) for SMP configuration information
[    0.164919] ACPI: HPET id: 0x8086a201 base: 0xfed00000
[    0.165274] smpboot: Allowing 16 CPUs, 0 hotplug CPUs
[    0.166101] PM: hibernation: Registered nosave memory: [mem 0x00000000-0x00000fff]
[    0.166104] PM: hibernation: Registered nosave memory: [mem 0x0009f000-0x0009ffff]
[    0.166105] PM: hibernation: Registered nosave memory: [mem 0x000a0000-0x000effff]
[    0.166106] PM: hibernation: Registered nosave memory: [mem 0x000f0000-0x000fffff]
[    0.166177] [mem 0x20000000-0xafffffff] available for PCI devices
[    0.166280] Booting paravirtualized kernel on KVM
[    0.166754] clocksource: refined-jiffies: mask: 0xffffffff max_cycles: 0xffffffff, max_idle_ns: 1910969940391419 ns
[    0.190830] setup_percpu: NR_CPUS:16 nr_cpumask_bits:16 nr_cpu_ids:16 nr_node_ids:1
[    0.197035] percpu: Embedded 55 pages/cpu s186328 r8192 d30760 u262144
[    0.197122] pcpu-alloc: s186328 r8192 d30760 u262144 alloc=1*2097152
[    0.197198] pcpu-alloc: [0] 00 01 02 03 04 05 06 07 [0] 08 09 10 11 12 13 14 15 
[    0.197688] kvm-guest: stealtime: cpu 0, msr 1f21b600
[    0.197839] Built 1 zonelists, mobility grouping on.  Total pages: 128872
[    0.197841] Policy zone: DMA32
[    0.197923] Kernel command line: selinux=0 initcall_debug debug console=ttyS0 rcutorture.onoff_interval=200 rcutorture.onoff_holdoff=30 rcutree.gp_preinit_delay=12 rcutree.gp_init_delay=3 rcutree.gp_cleanup_delay=3 rcutree.kthread_prio=2 threadirqs rcutorture.n_barrier_cbs=4 rcutorture.stat_interval=15 rcutorture.shutdown_secs=1800 rcutorture.test_no_idle_hz=1 rcutorture.verbose=1
[    0.216653] Dentry cache hash table entries: 65536 (order: 7, 524288 bytes, linear)
[    0.220239] Inode-cache hash table entries: 32768 (order: 6, 262144 bytes, linear)
[    0.221412] mem auto-init: stack:all(zero), heap alloc:off, heap free:off
[    0.229485] Memory: 476004K/523764K available (16397K kernel code, 2561K rwdata, 4696K rodata, 1496K init, 1404K bss, 47500K reserved, 0K cma-reserved)
[    0.230112] SLUB: HWalign=64, Order=0-3, MinObjects=0, CPUs=16, Nodes=1
[    0.230512] Kernel/User page tables isolation: enabled
[    0.239734] rcu: Preemptible hierarchical RCU implementation.
[    0.239737] rcu: 	RCU event tracing is enabled.
[    0.239739] rcu: 	CONFIG_RCU_FANOUT set to non-default value of 2.
[    0.239741] rcu: 	Four(or more)-level hierarchy is enabled.
[    0.239742] rcu: 	Build-time adjustment of leaf fanout to 2.
[    0.239766] rcu: 	RCU priority boosting: priority 2 delay 500 ms.
[    0.239768] rcu: 	RCU debug GP pre-init slowdown 12 jiffies.
[    0.239769] rcu: 	RCU debug GP init slowdown 3 jiffies.
[    0.239770] rcu: 	RCU debug GP init slowdown 3 jiffies.
[    0.239876] 	Trampoline variant of Tasks RCU enabled.
[    0.239879] 	Rude variant of Tasks RCU enabled.
[    0.239905] 	Tracing variant of Tasks RCU enabled.
[    0.240127] rcu: RCU calculated value of scheduler-enlistment delay is 100 jiffies.
[    0.255392] NR_IRQS: 4352, nr_irqs: 552, preallocated irqs: 16
[    0.257928] calling  con_init+0x0/0x22a @ 0
[    0.353659] Console: colour VGA+ 80x25
[    0.353671] initcall con_init+0x0/0x22a returned 0 after 0 usecs
[    0.353674] calling  hvc_console_init+0x0/0x13 @ 0
[    0.353685] initcall hvc_console_init+0x0/0x13 returned 0 after 0 usecs
[    0.353686] calling  univ8250_console_init+0x0/0x26 @ 0
[    1.347465] printk: console [ttyS0] enabled
[    1.352120] initcall univ8250_console_init+0x0/0x26 returned 0 after 0 usecs
[    1.360003] ACPI: Core revision 20200925
[    1.365625] clocksource: hpet: mask: 0xffffffff max_cycles: 0xffffffff, max_idle_ns: 19112604467 ns
[    1.376827] APIC: Switch to symmetric I/O mode setup
[    1.384144] Switched APIC routing to physical flat.
[    1.405383] ..TIMER: vector=0x30 apic1=0 pin1=2 apic2=-1 pin2=-1
[    1.412602] clocksource: tsc-early: mask: 0xffffffffffffffff max_cycles: 0x39a85afc727, max_idle_ns: 881590685098 ns
[    1.424578] Calibrating delay loop (skipped) preset value.. 3999.99 BogoMIPS (lpj=1999999)
[    1.425555] pid_max: default: 32768 minimum: 301
[    1.426722] LSM: Security Framework initializing
[    1.428690] Mount-cache hash table entries: 1024 (order: 1, 8192 bytes, linear)
[    1.429580] Mountpoint-cache hash table entries: 1024 (order: 1, 8192 bytes, linear)
[    1.436810] Last level iTLB entries: 4KB 0, 2MB 0, 4MB 0
[    1.437553] Last level dTLB entries: 4KB 0, 2MB 0, 4MB 0, 1GB 0
[    1.439727] Spectre V1 : Mitigation: usercopy/swapgs barriers and __user pointer sanitization
[    1.440556] Spectre V2 : Mitigation: Retpolines
[    1.441554] Spectre V2 : Spectre v2 / SpectreRSB mitigation: Filling RSB on context switch
[    1.442553] Spectre V2 : Spectre v2 / SpectreRSB : Filling RSB on VMEXIT
[    1.443554] Speculative Store Bypass: Vulnerable
[    1.444558] MDS: Vulnerable: Clear CPU buffers attempted, no microcode
[    1.445553] MMIO Stale Data: Unknown: No mitigations
[    1.515022] Freeing SMP alternatives memory: 40K
[    1.619550] smpboot: CPU0: Intel Common KVM processor (family: 0xf, model: 0x6, stepping: 0x1)
[    1.621547] calling  init_hw_perf_events+0x0/0x6ce @ 1
[    1.622557] Performance Events: unsupported Netburst CPU model 6 no PMU driver, software events only.
[    1.623562] initcall init_hw_perf_events+0x0/0x6ce returned 0 after 976 usecs
[    1.624565] calling  init_real_mode+0x0/0x1e9 @ 1
[    1.626860] initcall init_real_mode+0x0/0x1e9 returned 0 after 0 usecs
[    1.627557] calling  trace_init_perf_perm_irq_work_exit+0x0/0x12 @ 1
[    1.628557] initcall trace_init_perf_perm_irq_work_exit+0x0/0x12 returned 0 after 0 usecs
[    1.629601] calling  validate_x2apic+0x0/0x4a @ 1
[    1.630580] initcall validate_x2apic+0x0/0x4a returned 0 after 0 usecs
[    1.631557] calling  register_nmi_cpu_backtrace_handler+0x0/0x15 @ 1
[    1.632556] initcall register_nmi_cpu_backtrace_handler+0x0/0x15 returned 0 after 0 usecs
[    1.633557] calling  kvm_setup_vsyscall_timeinfo+0x0/0xce @ 1
[    1.634556] initcall kvm_setup_vsyscall_timeinfo+0x0/0xce returned 0 after 0 usecs
[    1.635617] calling  spawn_ksoftirqd+0x0/0x38 @ 1
[    1.636654] initcall spawn_ksoftirqd+0x0/0x38 returned 0 after 0 usecs
[    1.637558] calling  migration_init+0x0/0x31 @ 1
[    1.638577] initcall migration_init+0x0/0x31 returned 0 after 0 usecs
[    1.639558] calling  srcu_bootup_announce+0x0/0x2f @ 1
[    1.640563] rcu: Hierarchical SRCU implementation.
[    1.641559] initcall srcu_bootup_announce+0x0/0x2f returned 0 after 976 usecs
[    1.642558] calling  rcu_spawn_gp_kthread+0x0/0x1e1 @ 1
[    1.643850] initcall rcu_spawn_gp_kthread+0x0/0x1e1 returned 0 after 0 usecs
[    1.644571] calling  check_cpu_stall_init+0x0/0x1a @ 1
[    1.645559] initcall check_cpu_stall_init+0x0/0x1a returned 0 after 0 usecs
[    1.646573] calling  rcu_sysrq_init+0x0/0x21 @ 1
[    1.647567] initcall rcu_sysrq_init+0x0/0x21 returned 0 after 0 usecs
[    1.648556] calling  trace_init_flags_sys_enter+0x0/0xe @ 1
[    1.649555] initcall trace_init_flags_sys_enter+0x0/0xe returned 0 after 0 usecs
[    1.650556] calling  trace_init_flags_sys_exit+0x0/0xe @ 1
[    1.651555] initcall trace_init_flags_sys_exit+0x0/0xe returned 0 after 0 usecs
[    1.652575] calling  cpu_stop_init+0x0/0x6e @ 1
[    1.653751] initcall cpu_stop_init+0x0/0x6e returned 0 after 0 usecs
[    1.654556] calling  init_kprobes+0x0/0x165 @ 1
[    1.657753] initcall init_kprobes+0x0/0x165 returned 0 after 1953 usecs
[    1.658557] calling  init_events+0x0/0x3d @ 1
[    1.659574] initcall init_events+0x0/0x3d returned 0 after 0 usecs
[    1.660555] calling  init_trace_printk+0x0/0xc @ 1
[    1.661558] initcall init_trace_printk+0x0/0xc returned 0 after 0 usecs
[    1.662555] calling  event_trace_enable_again+0x0/0x23 @ 1
[    1.663558] initcall event_trace_enable_again+0x0/0x23 returned 0 after 0 usecs
[    1.664556] calling  static_call_init+0x0/0x77 @ 1
[    1.665555] initcall static_call_init+0x0/0x77 returned 0 after 0 usecs
[    1.666556] calling  jump_label_init_module+0x0/0xc @ 1
[    1.667556] initcall jump_label_init_module+0x0/0xc returned 0 after 0 usecs
[    1.668555] calling  init_zero_pfn+0x0/0x37 @ 1
[    1.669556] initcall init_zero_pfn+0x0/0x37 returned 0 after 0 usecs
[    1.670616] calling  initialize_ptr_random+0x0/0x54 @ 1
[    1.671558] initcall initialize_ptr_random+0x0/0x54 returned 0 after 0 usecs
[    1.672604] calling  efi_memreserve_root_init+0x0/0x25 @ 1
[    1.673726] initcall efi_memreserve_root_init+0x0/0x25 returned 0 after 0 usecs
[    1.674555] calling  efi_earlycon_remap_fb+0x0/0x51 @ 1
[    1.675555] initcall efi_earlycon_remap_fb+0x0/0x51 returned 0 after 0 usecs
[    1.680932] smp: Bringing up secondary CPUs ...
[    1.682986] x86: Booting SMP configuration:
[    1.683614] .... node  #0, CPUs:        #1
[    1.165042] kvm-clock: cpu 1, msr e0bb041, secondary cpu clock
[    1.708239] kvm-guest: stealtime: cpu 1, msr 1f25b600
[    1.722559]   #2
[    1.165042] kvm-clock: cpu 2, msr e0bb081, secondary cpu clock
[    1.748121] kvm-guest: stealtime: cpu 2, msr 1f29b600
[    1.767387]   #3
[    1.165042] kvm-clock: cpu 3, msr e0bb0c1, secondary cpu clock
[    1.790253] kvm-guest: stealtime: cpu 3, msr 1f2db600
[    1.805478]   #4
[    1.165042] kvm-clock: cpu 4, msr e0bb101, secondary cpu clock
[    1.830552] kvm-guest: stealtime: cpu 4, msr 1f31b600
[    1.850148]   #5
[    1.165042] kvm-clock: cpu 5, msr e0bb141, secondary cpu clock
[    1.874727] kvm-guest: stealtime: cpu 5, msr 1f35b600
[    1.889559]   #6
[    1.165042] kvm-clock: cpu 6, msr e0bb181, secondary cpu clock
[    1.915168] kvm-guest: stealtime: cpu 6, msr 1f39b600
[    1.929558]   #7
[    1.165042] kvm-clock: cpu 7, msr e0bb1c1, secondary cpu clock
[    1.954553] kvm-guest: stealtime: cpu 7, msr 1f3db600
[    1.973004]   #8
[    1.165042] kvm-clock: cpu 8, msr e0bb201, secondary cpu clock
[    1.996898] kvm-guest: stealtime: cpu 8, msr 1f41b600
[    2.014218]   #9
[    1.165042] kvm-clock: cpu 9, msr e0bb241, secondary cpu clock
[    2.039717] kvm-guest: stealtime: cpu 9, msr 1f45b600
[    2.058558]  #10
[    1.165042] kvm-clock: cpu 10, msr e0bb281, secondary cpu clock
[    2.082177] kvm-guest: stealtime: cpu 10, msr 1f49b600
[    2.097962]  #11
[    1.165042] kvm-clock: cpu 11, msr e0bb2c1, secondary cpu clock
[    2.122552] kvm-guest: stealtime: cpu 11, msr 1f4db600
[    2.143558]  #12
[    1.165042] kvm-clock: cpu 12, msr e0bb301, secondary cpu clock
[    2.168959] kvm-guest: stealtime: cpu 12, msr 1f51b600
[    2.185215]  #13
[    1.165042] kvm-clock: cpu 13, msr e0bb341, secondary cpu clock
[    2.210553] kvm-guest: stealtime: cpu 13, msr 1f55b600
[    2.229911]  #14
[    1.165042] kvm-clock: cpu 14, msr e0bb381, secondary cpu clock
[    2.253553] kvm-guest: stealtime: cpu 14, msr 1f59b600
[    2.272555]  #15
[    1.165042] kvm-clock: cpu 15, msr e0bb3c1, secondary cpu clock
[    2.295818] kvm-guest: stealtime: cpu 15, msr 1f5db600
[    2.310998] smp: Brought up 1 node, 16 CPUs
[    2.311572] smpboot: Max logical packages: 1
[    2.312563] smpboot: Total of 16 processors activated (63999.96 BogoMIPS)
[    2.320914] devtmpfs: initialized
[    2.323598] calling  ipc_ns_init+0x0/0x3d @ 1
[    2.324641] initcall ipc_ns_init+0x0/0x3d returned 0 after 0 usecs
[    2.325558] calling  init_mmap_min_addr+0x0/0x21 @ 1
[    2.326557] initcall init_mmap_min_addr+0x0/0x21 returned 0 after 0 usecs
[    2.327557] calling  pci_realloc_setup_params+0x0/0x3f @ 1
[    2.328556] initcall pci_realloc_setup_params+0x0/0x3f returned 0 after 0 usecs
[    2.329594] calling  net_ns_init+0x0/0x140 @ 1
[    2.332511] initcall net_ns_init+0x0/0x140 returned 0 after 976 usecs
[    2.332580] calling  e820__register_nvs_regions+0x0/0x37 @ 1
[    2.333609] initcall e820__register_nvs_regions+0x0/0x37 returned 0 after 0 usecs
[    2.334562] calling  cpufreq_register_tsc_scaling+0x0/0x2e @ 1
[    2.335556] initcall cpufreq_register_tsc_scaling+0x0/0x2e returned 0 after 0 usecs
[    2.336557] calling  reboot_init+0x0/0x3c @ 1
[    2.337620] initcall reboot_init+0x0/0x3c returned 0 after 0 usecs
[    2.338557] calling  init_lapic_sysfs+0x0/0x20 @ 1
[    2.339557] initcall init_lapic_sysfs+0x0/0x20 returned 0 after 0 usecs
[    2.340558] calling  alloc_frozen_cpus+0x0/0x7 @ 1
[    2.341556] initcall alloc_frozen_cpus+0x0/0x7 returned 0 after 0 usecs
[    2.342557] calling  cpu_hotplug_pm_sync_init+0x0/0x13 @ 1
[    2.343557] initcall cpu_hotplug_pm_sync_init+0x0/0x13 returned 0 after 0 usecs
[    2.344556] calling  wq_sysfs_init+0x0/0x2a @ 1
[    2.345654] initcall wq_sysfs_init+0x0/0x2a returned 0 after 0 usecs
[    2.346556] calling  ksysfs_init+0x0/0x92 @ 1
[    2.347564] initcall ksysfs_init+0x0/0x92 returned 0 after 0 usecs
[    2.348557] calling  schedutil_gov_init+0x0/0xc @ 1
[    2.349579] initcall schedutil_gov_init+0x0/0xc returned 0 after 0 usecs
[    2.350557] calling  pm_init+0x0/0x76 @ 1
[    2.351861] initcall pm_init+0x0/0x76 returned 0 after 0 usecs
[    2.353556] calling  pm_disk_init+0x0/0x13 @ 1
[    2.354916] initcall pm_disk_init+0x0/0x13 returned 0 after 0 usecs
[    2.355557] calling  swsusp_header_init+0x0/0x2b @ 1
[    2.356559] initcall swsusp_header_init+0x0/0x2b returned 0 after 0 usecs
[    2.357556] calling  rcu_set_runtime_mode+0x0/0x16 @ 1
[    2.358559] initcall rcu_set_runtime_mode+0x0/0x16 returned 0 after 0 usecs
[    2.359558] calling  init_jiffies_clocksource+0x0/0x13 @ 1
[    2.360556] clocksource: jiffies: mask: 0xffffffff max_cycles: 0xffffffff, max_idle_ns: 1911260446275000 ns
[    2.361582] initcall init_jiffies_clocksource+0x0/0x13 returned 0 after 976 usecs
[    2.362558] calling  futex_init+0x0/0xf7 @ 1
[    2.363561] futex hash table entries: 4096 (order: 6, 262144 bytes, linear)
[    2.366295] initcall futex_init+0x0/0xf7 returned 0 after 1953 usecs
[    2.366558] calling  cgroup_wq_init+0x0/0x28 @ 1
[    2.367567] initcall cgroup_wq_init+0x0/0x28 returned 0 after 0 usecs
[    2.369557] calling  cgroup1_wq_init+0x0/0x28 @ 1
[    2.370569] initcall cgroup1_wq_init+0x0/0x28 returned 0 after 0 usecs
[    2.371562] calling  init_kprobe_trace_early+0x0/0x2a @ 1
[    2.373564] initcall init_kprobe_trace_early+0x0/0x2a returned 0 after 0 usecs
[    2.374567] calling  fsnotify_init+0x0/0x48 @ 1
[    2.375596] initcall fsnotify_init+0x0/0x48 returned 0 after 0 usecs
[    2.376563] calling  filelock_init+0x0/0x96 @ 1
[    2.377577] initcall filelock_init+0x0/0x96 returned 0 after 0 usecs
[    2.378575] calling  init_misc_binfmt+0x0/0x2c @ 1
[    2.379558] initcall init_misc_binfmt+0x0/0x2c returned 0 after 0 usecs
[    2.380571] calling  init_script_binfmt+0x0/0x15 @ 1
[    2.381555] initcall init_script_binfmt+0x0/0x15 returned 0 after 0 usecs
[    2.382555] calling  init_elf_binfmt+0x0/0x15 @ 1
[    2.383555] initcall init_elf_binfmt+0x0/0x15 returned 0 after 0 usecs
[    2.384555] calling  init_compat_elf_binfmt+0x0/0x15 @ 1
[    2.385574] initcall init_compat_elf_binfmt+0x0/0x15 returned 0 after 0 usecs
[    2.386556] calling  debugfs_init+0x0/0x5c @ 1
[    2.387581] initcall debugfs_init+0x0/0x5c returned 0 after 0 usecs
[    2.388556] calling  tracefs_init+0x0/0x3a @ 1
[    2.389559] initcall tracefs_init+0x0/0x3a returned 0 after 0 usecs
[    2.390556] calling  prandom_init_early+0x0/0x15d @ 1
[    2.391558] initcall prandom_init_early+0x0/0x15d returned 0 after 0 usecs
[    2.392987] calling  virtio_init+0x0/0x20 @ 1
[    2.394588] initcall virtio_init+0x0/0x20 returned 0 after 0 usecs
[    2.395558] calling  iommu_init+0x0/0x2a @ 1
[    2.396567] initcall iommu_init+0x0/0x2a returned 0 after 0 usecs
[    2.397558] calling  component_debug_init+0x0/0x1c @ 1
[    2.398669] initcall component_debug_init+0x0/0x1c returned 0 after 0 usecs
[    2.399557] calling  early_resume_init+0x0/0xb9 @ 1
[    2.401554] PM: RTC time: 03:48:46, date: 2022-12-13
[    2.402557] initcall early_resume_init+0x0/0xb9 returned 0 after 1953 usecs
[    2.404557] calling  cpufreq_core_init+0x0/0x62 @ 1
[    2.405801] initcall cpufreq_core_init+0x0/0x62 returned 0 after 0 usecs
[    2.406556] calling  cpufreq_gov_performance_init+0x0/0xc @ 1
[    2.407556] initcall cpufreq_gov_performance_init+0x0/0xc returned 0 after 0 usecs
[    2.408555] calling  cpufreq_gov_userspace_init+0x0/0xc @ 1
[    2.409555] initcall cpufreq_gov_userspace_init+0x0/0xc returned 0 after 0 usecs
[    2.410557] calling  CPU_FREQ_GOV_ONDEMAND_init+0x0/0xc @ 1
[    2.411557] initcall CPU_FREQ_GOV_ONDEMAND_init+0x0/0xc returned 0 after 0 usecs
[    2.412555] calling  cpuidle_init+0x0/0x1f @ 1
[    2.413808] initcall cpuidle_init+0x0/0x1f returned 0 after 0 usecs
[    2.414558] calling  capsule_reboot_register+0x0/0xc @ 1
[    2.415559] initcall capsule_reboot_register+0x0/0xc returned 0 after 0 usecs
[    2.416559] calling  sock_init+0x0/0x93 @ 1
[    2.419364] initcall sock_init+0x0/0x93 returned 0 after 976 usecs
[    2.419557] calling  net_inuse_init+0x0/0x23 @ 1
[    2.420563] initcall net_inuse_init+0x0/0x23 returned 0 after 0 usecs
[    2.421557] calling  net_defaults_init+0x0/0x23 @ 1
[    2.422558] initcall net_defaults_init+0x0/0x23 returned 0 after 0 usecs
[    2.423556] calling  init_default_flow_dissectors+0x0/0x4f @ 1
[    2.424557] initcall init_default_flow_dissectors+0x0/0x4f returned 0 after 0 usecs
[    2.425557] calling  netpoll_init+0x0/0x26 @ 1
[    2.426556] initcall netpoll_init+0x0/0x26 returned 0 after 0 usecs
[    2.427556] calling  netlink_proto_init+0x0/0x14f @ 1
[    2.429047] NET: Registered protocol family 16
[    2.429572] initcall netlink_proto_init+0x0/0x14f returned 0 after 976 usecs
[    2.430557] calling  genl_init+0x0/0x35 @ 1
[    2.431589] initcall genl_init+0x0/0x35 returned 0 after 0 usecs
[    2.433556] calling  bsp_pm_check_init+0x0/0x13 @ 1
[    2.434558] initcall bsp_pm_check_init+0x0/0x13 returned 0 after 0 usecs
[    2.435608] calling  irq_sysfs_init+0x0/0xb7 @ 1
[    2.436767] initcall irq_sysfs_init+0x0/0xb7 returned 0 after 0 usecs
[    2.437557] calling  audit_init+0x0/0x160 @ 1
[    2.438558] audit: initializing netlink subsys (disabled)
[    2.441276] initcall audit_init+0x0/0x160 returned 0 after 1953 usecs
[    2.441110] audit: type=2000 audit(1670903325.222:1): state=initialized audit_enabled=0 res=1
[    2.441560] calling  release_early_probes+0x0/0x32 @ 1
[    2.443563] initcall release_early_probes+0x0/0x32 returned 0 after 0 usecs
[    2.444559] calling  bdi_class_init+0x0/0x48 @ 1
[    2.445578] initcall bdi_class_init+0x0/0x48 returned 0 after 0 usecs
[    2.446556] calling  mm_sysfs_init+0x0/0x28 @ 1
[    2.447560] initcall mm_sysfs_init+0x0/0x28 returned 0 after 0 usecs
[    2.448558] calling  init_per_zone_wmark_min+0x0/0x6d @ 1
[    2.449565] initcall init_per_zone_wmark_min+0x0/0x6d returned 0 after 0 usecs
[    2.450557] calling  mpi_init+0x0/0x3e @ 1
[    2.451622] initcall mpi_init+0x0/0x3e returned 0 after 0 usecs
[    2.452556] calling  kobject_uevent_init+0x0/0xc @ 1
[    2.453566] initcall kobject_uevent_init+0x0/0xc returned 0 after 0 usecs
[    2.454556] calling  pcibus_class_init+0x0/0x13 @ 1
[    2.455576] initcall pcibus_class_init+0x0/0x13 returned 0 after 0 usecs
[    2.456561] calling  pci_driver_init+0x0/0x21 @ 1
[    2.457609] initcall pci_driver_init+0x0/0x21 returned 0 after 0 usecs
[    2.458560] calling  backlight_class_init+0x0/0xa8 @ 1
[    2.459791] initcall backlight_class_init+0x0/0xa8 returned 0 after 0 usecs
[    2.460558] calling  tty_class_init+0x0/0x33 @ 1
[    2.461592] initcall tty_class_init+0x0/0x33 returned 0 after 0 usecs
[    2.462558] calling  vtconsole_class_init+0x0/0xb5 @ 1
[    2.463602] initcall vtconsole_class_init+0x0/0xb5 returned 0 after 0 usecs
[    2.464556] calling  iommu_dev_init+0x0/0x13 @ 1
[    2.465694] initcall iommu_dev_init+0x0/0x13 returned 0 after 0 usecs
[    2.466556] calling  mipi_dsi_bus_init+0x0/0xc @ 1
[    2.467796] initcall mipi_dsi_bus_init+0x0/0xc returned 0 after 0 usecs
[    2.468558] calling  devlink_class_init+0x0/0x40 @ 1
[    2.469587] initcall devlink_class_init+0x0/0x40 returned 0 after 0 usecs
[    2.470556] calling  software_node_init+0x0/0x2a @ 1
[    2.471560] initcall software_node_init+0x0/0x2a returned 0 after 0 usecs
[    2.472556] calling  wakeup_sources_debugfs_init+0x0/0x23 @ 1
[    2.473565] initcall wakeup_sources_debugfs_init+0x0/0x23 returned 0 after 0 usecs
[    2.474577] calling  wakeup_sources_sysfs_init+0x0/0x2c @ 1
[    2.475567] initcall wakeup_sources_sysfs_init+0x0/0x2c returned 0 after 0 usecs
[    2.476556] calling  register_node_type+0x0/0x13 @ 1
[    2.477605] initcall register_node_type+0x0/0x13 returned 0 after 0 usecs
[    2.478556] calling  regmap_initcall+0x0/0xc @ 1
[    2.479564] initcall regmap_initcall+0x0/0xc returned 0 after 0 usecs
[    2.480577] calling  i2c_init+0x0/0xb3 @ 1
[    2.481575] initcall i2c_init+0x0/0xb3 returned 0 after 0 usecs
[    2.482556] calling  thermal_init+0x0/0xf2 @ 1
[    2.483554] thermal_sys: Registered thermal governor 'step_wise'
[    2.483555] thermal_sys: Registered thermal governor 'user_space'
[    2.484565] initcall thermal_init+0x0/0xf2 returned 0 after 976 usecs
[    2.486556] calling  init_menu+0x0/0xc @ 1
[    2.489994] cpuidle: using governor menu
[    2.496576] initcall init_menu+0x0/0xc returned 0 after 8789 usecs
[    2.505564] calling  pcc_init+0x0/0x4d @ 1
[    2.512702] initcall pcc_init+0x0/0x4d returned -19 after 0 usecs
[    2.521561] calling  amd_postcore_init+0x0/0x11e @ 1
[    2.529573] initcall amd_postcore_init+0x0/0x11e returned 0 after 0 usecs
[    2.539601] calling  bts_init+0x0/0xba @ 1
[    2.546565] initcall bts_init+0x0/0xba returned -19 after 0 usecs
[    2.556561] calling  pt_init+0x0/0x341 @ 1
[    2.563561] initcall pt_init+0x0/0x341 returned -19 after 0 usecs
[    2.572560] calling  boot_params_ksysfs_init+0x0/0x2ee @ 1
[    2.579614] initcall boot_params_ksysfs_init+0x0/0x2ee returned 0 after 0 usecs
[    2.588556] calling  sbf_init+0x0/0xea @ 1
[    2.594555] initcall sbf_init+0x0/0xea returned 0 after 0 usecs
[    2.598559] calling  arch_kdebugfs_init+0x0/0x219 @ 1
[    2.605581] initcall arch_kdebugfs_init+0x0/0x219 returned 0 after 0 usecs
[    2.614558] calling  intel_pconfig_init+0x0/0x85 @ 1
[    2.622564] initcall intel_pconfig_init+0x0/0x85 returned 0 after 0 usecs
[    2.631560] calling  mtrr_if_init+0x0/0x5d @ 1
[    2.642582] initcall mtrr_if_init+0x0/0x5d returned 0 after 4882 usecs
[    2.651560] calling  activate_jump_labels+0x0/0x31 @ 1
[    2.658558] initcall activate_jump_labels+0x0/0x31 returned 0 after 0 usecs
[    2.667560] calling  ffh_cstate_init+0x0/0x29 @ 1
[    2.673567] initcall ffh_cstate_init+0x0/0x29 returned 0 after 0 usecs
[    2.682564] calling  activate_jump_labels+0x0/0x31 @ 1
[    2.700824] initcall activate_jump_labels+0x0/0x31 returned 0 after 9765 usecs
[    2.708566] calling  kvm_alloc_cpumask+0x0/0x74 @ 1
[    2.716617] initcall kvm_alloc_cpumask+0x0/0x74 returned 0 after 0 usecs
[    2.724565] calling  kcmp_cookies_init+0x0/0x37 @ 1
[    2.732568] initcall kcmp_cookies_init+0x0/0x37 returned 0 after 0 usecs
[    2.740602] calling  cryptomgr_init+0x0/0xc @ 1
[    2.747142] initcall cryptomgr_init+0x0/0xc returned 0 after 0 usecs
[    2.754561] calling  acpi_pci_init+0x0/0x57 @ 1
[    2.760556] ACPI: bus type PCI registered
[    2.766559] initcall acpi_pci_init+0x0/0x57 returned 0 after 5859 usecs
[    2.775560] calling  dma_channel_table_init+0x0/0xd1 @ 1
[    2.782578] initcall dma_channel_table_init+0x0/0xd1 returned 0 after 0 usecs
[    2.791560] calling  dma_bus_init+0x0/0xdc @ 1
[    2.798752] initcall dma_bus_init+0x0/0xdc returned 0 after 0 usecs
[    2.808550] calling  iommu_dma_init+0x0/0x10 @ 1
[    2.814912] initcall iommu_dma_init+0x0/0x10 returned 0 after 976 usecs
[    2.824560] calling  dmi_id_init+0x0/0x37c @ 1
[    2.830726] initcall dmi_id_init+0x0/0x37c returned 0 after 976 usecs
[    2.841559] calling  pci_arch_init+0x0/0x71 @ 1
[    2.848560] PCI: MMCONFIG for domain 0000 [bus 00-ff] at [mem 0xb0000000-0xbfffffff] (base 0xb0000000)
[    2.860564] PCI: MMCONFIG at [mem 0xb0000000-0xbfffffff] reserved in E820
[    2.869581] PCI: Using configuration type 1 for base access
[    2.876829] initcall pci_arch_init+0x0/0x71 returned 0 after 29296 usecs
[    2.885586] calling  init_vdso+0x0/0x13 @ 1
[    2.891793] initcall init_vdso+0x0/0x13 returned 0 after 0 usecs
[    2.899559] calling  sysenter_setup+0x0/0x13 @ 1
[    2.905753] initcall sysenter_setup+0x0/0x13 returned 0 after 0 usecs
[    2.913557] calling  fixup_ht_bug+0x0/0xe5 @ 1
[    2.919557] initcall fixup_ht_bug+0x0/0xe5 returned 0 after 0 usecs
[    2.927557] calling  topology_init+0x0/0x88 @ 1
[    2.933755] initcall topology_init+0x0/0x88 returned 0 after 0 usecs
[    2.941575] calling  intel_epb_init+0x0/0x68 @ 1
[    2.947558] initcall intel_epb_init+0x0/0x68 returned -19 after 0 usecs
[    2.956557] calling  mtrr_init_finialize+0x0/0x3e @ 1
[    2.962556] initcall mtrr_init_finialize+0x0/0x3e returned 0 after 0 usecs
[    2.971556] calling  uid_cache_init+0x0/0x85 @ 1
[    2.977574] initcall uid_cache_init+0x0/0x85 returned 0 after 0 usecs
[    2.985557] calling  param_sysfs_init+0x0/0x1ba @ 1
[    2.994830] initcall param_sysfs_init+0x0/0x1ba returned 0 after 2929 usecs
[    3.003564] calling  user_namespace_sysctl_init+0x0/0x33 @ 1
[    3.010715] initcall user_namespace_sysctl_init+0x0/0x33 returned 0 after 0 usecs
[    3.019814] calling  proc_schedstat_init+0x0/0x24 @ 1
[    3.026592] initcall proc_schedstat_init+0x0/0x24 returned 0 after 0 usecs
[    3.035565] calling  pm_sysrq_init+0x0/0x18 @ 1
[    3.044560] initcall pm_sysrq_init+0x0/0x18 returned 0 after 2929 usecs
[    3.045831] calling  create_proc_profile+0x0/0xd0 @ 1
[    3.046560] initcall create_proc_profile+0x0/0xd0 returned 0 after 0 usecs
[    3.047562] calling  time_ns_init+0x0/0x7 @ 1
[    3.048558] initcall time_ns_init+0x0/0x7 returned 0 after 0 usecs
[    3.049559] calling  crash_save_vmcoreinfo_init+0x0/0x722 @ 1
[    3.050855] initcall crash_save_vmcoreinfo_init+0x0/0x722 returned 0 after 0 usecs
[    3.051561] calling  crash_notes_memory_init+0x0/0x35 @ 1
[    3.052568] initcall crash_notes_memory_init+0x0/0x35 returned 0 after 0 usecs
[    3.053560] calling  cgroup_sysfs_init+0x0/0x13 @ 1
[    3.054642] initcall cgroup_sysfs_init+0x0/0x13 returned 0 after 0 usecs
[    3.055559] calling  cgroup_namespaces_init+0x0/0x7 @ 1
[    3.056558] initcall cgroup_namespaces_init+0x0/0x7 returned 0 after 0 usecs
[    3.057560] calling  init_optprobes+0x0/0x13 @ 1
[    3.058557] Kprobes globally optimized
[    3.059561] initcall init_optprobes+0x0/0x13 returned 0 after 976 usecs
[    3.060561] calling  oom_init+0x0/0x2f @ 1
[    3.063372] initcall oom_init+0x0/0x2f returned 0 after 976 usecs
[    3.063557] calling  default_bdi_init+0x0/0xb3 @ 1
[    3.066417] initcall default_bdi_init+0x0/0xb3 returned 0 after 976 usecs
[    3.066557] calling  percpu_enable_async+0x0/0xe @ 1
[    3.067571] initcall percpu_enable_async+0x0/0xe returned 0 after 0 usecs
[    3.068557] calling  kcompactd_init+0x0/0x8d @ 1
[    3.070781] initcall kcompactd_init+0x0/0x8d returned 0 after 976 usecs
[    3.071626] calling  init_user_reserve+0x0/0x40 @ 1
[    3.072557] initcall init_user_reserve+0x0/0x40 returned 0 after 0 usecs
[    3.073557] calling  init_admin_reserve+0x0/0x40 @ 1
[    3.074556] initcall init_admin_reserve+0x0/0x40 returned 0 after 0 usecs
[    3.075558] calling  init_reserve_notifier+0x0/0x7 @ 1
[    3.076557] initcall init_reserve_notifier+0x0/0x7 returned 0 after 0 usecs
[    3.077557] calling  swap_init_sysfs+0x0/0x62 @ 1
[    3.078581] initcall swap_init_sysfs+0x0/0x62 returned 0 after 0 usecs
[    3.079557] calling  swapfile_init+0x0/0x94 @ 1
[    3.081556] initcall swapfile_init+0x0/0x94 returned 0 after 0 usecs
[    3.082563] calling  hugetlb_init+0x0/0x496 @ 1
[    3.083559] HugeTLB registered 2.00 MiB page size, pre-allocated 0 pages
[    3.084578] initcall hugetlb_init+0x0/0x496 returned 0 after 976 usecs
[    3.085560] calling  io_wq_init+0x0/0x34 @ 1
[    3.086560] initcall io_wq_init+0x0/0x34 returned 0 after 0 usecs
[    3.087558] calling  seqiv_module_init+0x0/0xc @ 1
[    3.088558] initcall seqiv_module_init+0x0/0xc returned 0 after 0 usecs
[    3.089557] calling  echainiv_module_init+0x0/0xc @ 1
[    3.090558] initcall echainiv_module_init+0x0/0xc returned 0 after 0 usecs
[    3.092117] calling  rsa_init+0x0/0x50 @ 1
[    3.100830] initcall rsa_init+0x0/0x50 returned 0 after 7812 usecs
[    3.100695] cryptomgr_test (125) used greatest stack depth: 15408 bytes left
[    3.101560] calling  crypto_cmac_module_init+0x0/0xc @ 1
[    3.104578] initcall crypto_cmac_module_init+0x0/0xc returned 0 after 0 usecs
[    3.105578] calling  hmac_module_init+0x0/0xc @ 1
[    3.106577] initcall hmac_module_init+0x0/0xc returned 0 after 0 usecs
[    3.107580] calling  crypto_null_mod_init+0x0/0x65 @ 1
[    3.131755] initcall crypto_null_mod_init+0x0/0x65 returned 0 after 22460 usecs
[    3.131583] cryptomgr_test (129) used greatest stack depth: 15208 bytes left
[    3.150571] calling  md5_mod_init+0x0/0xc @ 1
[    3.158067] initcall md5_mod_init+0x0/0xc returned 0 after 4882 usecs
[    3.162570] calling  sha256_generic_mod_init+0x0/0x11 @ 1
[    3.187318] initcall sha256_generic_mod_init+0x0/0x11 returned 0 after 20507 usecs
[    3.194570] calling  crypto_cbc_module_init+0x0/0xc @ 1
[    3.199566] initcall crypto_cbc_module_init+0x0/0xc returned 0 after 0 usecs
[    3.205562] calling  crypto_ctr_module_init+0x0/0x11 @ 1
[    3.210568] initcall crypto_ctr_module_init+0x0/0x11 returned 0 after 0 usecs
[    3.216568] calling  crypto_gcm_module_init+0x0/0x64 @ 1
[    3.222246] initcall crypto_gcm_module_init+0x0/0x64 returned 0 after 976 usecs
[    3.227838] calling  crypto_ccm_module_init+0x0/0x11 @ 1
[    3.232567] initcall crypto_ccm_module_init+0x0/0x11 returned 0 after 0 usecs
[    3.240558] calling  aes_init+0x0/0xc @ 1
[    3.262561] initcall aes_init+0x0/0xc returned 0 after 17578 usecs
[    3.264567] calling  crc32c_mod_init+0x0/0xc @ 1
[    3.281581] initcall crc32c_mod_init+0x0/0xc returned 0 after 12695 usecs
[    3.288569] calling  crypto_authenc_module_init+0x0/0xc @ 1
[    3.292563] initcall crypto_authenc_module_init+0x0/0xc returned 0 after 0 usecs
[    3.297564] calling  crypto_authenc_esn_module_init+0x0/0xc @ 1
[    3.300566] initcall crypto_authenc_esn_module_init+0x0/0xc returned 0 after 0 usecs
[    3.306592] calling  drbg_init+0x0/0x7c @ 1
[    3.371566] cryptomgr_test (146) used greatest stack depth: 15160 bytes left
[    3.428550] initcall drbg_init+0x0/0x7c returned 0 after 114257 usecs
[    3.438859] calling  ghash_mod_init+0x0/0xc @ 1
[    3.447544] initcall ghash_mod_init+0x0/0xc returned 0 after 2929 usecs
[    3.455568] calling  init_bio+0x0/0x9a @ 1
[    3.461904] initcall init_bio+0x0/0x9a returned 0 after 976 usecs
[    3.468736] calling  blk_settings_init+0x0/0x29 @ 1
[    3.475560] initcall blk_settings_init+0x0/0x29 returned 0 after 0 usecs
[    3.483718] calling  blk_ioc_init+0x0/0x29 @ 1
[    3.489566] initcall blk_ioc_init+0x0/0x29 returned 0 after 0 usecs
[    3.497556] calling  blk_mq_init+0x0/0xb9 @ 1
[    3.502609] initcall blk_mq_init+0x0/0xb9 returned 0 after 0 usecs
[    3.512560] calling  genhd_device_init+0x0/0x75 @ 1
[    3.523351] initcall genhd_device_init+0x0/0x75 returned 0 after 2929 usecs
[    3.533727] calling  pci_slot_init+0x0/0x40 @ 1
[    3.539675] initcall pci_slot_init+0x0/0x40 returned 0 after 0 usecs
[    3.547557] calling  fbmem_init+0x0/0xd8 @ 1
[    3.554449] initcall fbmem_init+0x0/0xd8 returned 0 after 1953 usecs
[    3.561571] calling  acpi_init+0x0/0x319 @ 1
[    3.567795] ACPI: Added _OSI(Module Device)
[    3.572555] ACPI: Added _OSI(Processor Device)
[    3.578555] ACPI: Added _OSI(3.0 _SCP Extensions)
[    3.583554] ACPI: Added _OSI(Processor Aggregator Device)
[    3.590555] ACPI: Added _OSI(Linux-Dell-Video)
[    3.595554] ACPI: Added _OSI(Linux-Lenovo-NV-HDMI-Audio)
[    3.602555] ACPI: Added _OSI(Linux-HPI-Hybrid-Graphics)
[    3.613197] ACPI: 1 ACPI AML tables successfully acquired and loaded
[    3.629304] ACPI: Interpreter enabled
[    3.633719] ACPI: (supports S0 S3 S4 S5)
[    3.638585] ACPI: Using IOAPIC for interrupt routing
[    3.644772] PCI: Using host bridge windows from ACPI; if necessary, use "pci=nocrs" and report a bug
[    3.656788] ACPI: Enabled 2 GPEs in block 00 to 3F
[    3.672271] ACPI: PCI Root Bridge [PCI0] (domain 0000 [bus 00-ff])
[    3.681977] acpi PNP0A08:00: _OSC: OS supports [ExtendedConfig ASPM ClockPM Segments MSI HPX-Type3]
[    3.693649] acpi PNP0A08:00: _OSC: platform does not support [LTR]
[    3.701631] acpi PNP0A08:00: _OSC: OS now controls [PME PCIeCapability]
[    3.709822] PCI host bridge to bus 0000:00
[    3.715575] pci_bus 0000:00: root bus resource [io  0x0000-0x0cf7 window]
[    3.724559] pci_bus 0000:00: root bus resource [io  0x0d00-0xffff window]
[    3.735560] pci_bus 0000:00: root bus resource [mem 0x000a0000-0x000bffff window]
[    3.745560] pci_bus 0000:00: root bus resource [mem 0x20000000-0xafffffff window]
[    3.756557] pci_bus 0000:00: root bus resource [mem 0xc0000000-0xfebfffff window]
[    3.765556] pci_bus 0000:00: root bus resource [mem 0x100000000-0x8ffffffff window]
[    3.775556] pci_bus 0000:00: root bus resource [bus 00-ff]
[    3.783550] pci 0000:00:00.0: calling  quirk_mmio_always_on+0x0/0x10 @ 1
[    3.793560] pci 0000:00:00.0: quirk_mmio_always_on+0x0/0x10 took 0 usecs
[    3.802642] pci 0000:00:00.0: [8086:29c0] type 00 class 0x060000
[    3.814149] pci 0000:00:00.0: calling  quirk_igfx_skip_te_disable+0x0/0x80 @ 1
[    3.823706] pci 0000:00:00.0: quirk_igfx_skip_te_disable+0x0/0x80 took 0 usecs
[    3.835315] pci 0000:00:01.0: [1234:1111] type 00 class 0x030000
[    3.851550] pci 0000:00:01.0: reg 0x10: [mem 0xfd000000-0xfdffffff pref]
[    3.875550] pci 0000:00:01.0: reg 0x18: [mem 0xfebf0000-0xfebf0fff]
[    3.912550] pci 0000:00:01.0: reg 0x30: [mem 0xfebe0000-0xfebeffff pref]
[    3.927424] pci 0000:00:01.0: calling  efifb_fixup_resources+0x0/0xf0 @ 1
[    3.936643] pci 0000:00:01.0: efifb_fixup_resources+0x0/0xf0 took 0 usecs
[    3.954558] pci 0000:00:1f.0: [8086:2918] type 00 class 0x060100
[    3.971369] pci 0000:00:1f.0: calling  quirk_ich7_lpc+0x0/0x60 @ 1
[    3.980919] pci 0000:00:1f.0: quirk: [io  0x0600-0x067f] claimed by ICH6 ACPI/GPIO/TCO
[    3.991996] pci 0000:00:1f.0: quirk_ich7_lpc+0x0/0x60 took 11718 usecs
[    4.000920] pci 0000:00:1f.0: calling  quirk_igfx_skip_te_disable+0x0/0x80 @ 1
[    4.010558] pci 0000:00:1f.0: quirk_igfx_skip_te_disable+0x0/0x80 took 0 usecs
[    4.021933] pci 0000:00:1f.2: [8086:2922] type 00 class 0x010601
[    4.038556] pci 0000:00:1f.2: reg 0x20: [io  0xc040-0xc05f]
[    4.048219] pci 0000:00:1f.2: reg 0x24: [mem 0xfebf1000-0xfebf1fff]
[    4.058810] pci 0000:00:1f.2: calling  quirk_igfx_skip_te_disable+0x0/0x80 @ 1
[    4.070564] pci 0000:00:1f.2: quirk_igfx_skip_te_disable+0x0/0x80 took 0 usecs
[    4.086409] pci 0000:00:1f.3: [8086:2930] type 00 class 0x0c0500
[    4.099817] pci 0000:00:1f.3: reg 0x20: [io  0x0700-0x073f]
[    4.109712] pci 0000:00:1f.3: calling  quirk_igfx_skip_te_disable+0x0/0x80 @ 1
[    4.120567] pci 0000:00:1f.3: quirk_igfx_skip_te_disable+0x0/0x80 took 0 usecs
[    4.138036] ACPI: PCI Interrupt Link [LNKA] (IRQs 5 *10 11)
[    4.147978] ACPI: PCI Interrupt Link [LNKB] (IRQs 5 *10 11)
[    4.156004] ACPI: PCI Interrupt Link [LNKC] (IRQs 5 10 *11)
[    4.164150] ACPI: PCI Interrupt Link [LNKD] (IRQs 5 10 *11)
[    4.173817] ACPI: PCI Interrupt Link [LNKE] (IRQs 5 *10 11)
[    4.181984] ACPI: PCI Interrupt Link [LNKF] (IRQs 5 *10 11)
[    4.189696] ACPI: PCI Interrupt Link [LNKG] (IRQs 5 10 *11)
[    4.197575] ACPI: PCI Interrupt Link [LNKH] (IRQs 5 10 *11)
[    4.204848] ACPI: PCI Interrupt Link [GSIA] (IRQs *16)
[    4.212579] ACPI: PCI Interrupt Link [GSIB] (IRQs *17)
[    4.219604] ACPI: PCI Interrupt Link [GSIC] (IRQs *18)
[    4.226575] ACPI: PCI Interrupt Link [GSID] (IRQs *19)
[    4.233614] ACPI: PCI Interrupt Link [GSIE] (IRQs *20)
[    4.240573] ACPI: PCI Interrupt Link [GSIF] (IRQs *21)
[    4.247599] ACPI: PCI Interrupt Link [GSIG] (IRQs *22)
[    4.254602] ACPI: PCI Interrupt Link [GSIH] (IRQs *23)
[    4.267550] initcall acpi_init+0x0/0x319 returned 0 after 682617 usecs
[    4.276724] calling  pnp_init+0x0/0xc @ 1
[    4.281631] initcall pnp_init+0x0/0xc returned 0 after 0 usecs
[    4.290558] calling  misc_init+0x0/0xbf @ 1
[    4.295872] initcall misc_init+0x0/0xbf returned 0 after 976 usecs
[    4.305558] calling  iommu_subsys_init+0x0/0x4e @ 1
[    4.312677] iommu: Default domain type: Translated 
[    4.318559] initcall iommu_subsys_init+0x0/0x4e returned 0 after 5859 usecs
[    4.327557] calling  vga_arb_device_init+0x0/0x261 @ 1
[    4.337479] pci 0000:00:01.0: vgaarb: setting as boot VGA device
[    4.337550] pci 0000:00:01.0: vgaarb: VGA device added: decodes=io+mem,owns=io+mem,locks=none
[    4.356559] pci 0000:00:01.0: vgaarb: bridge control possible
[    4.365555] vgaarb: loaded
[    4.370570] initcall vga_arb_device_init+0x0/0x261 returned 0 after 35156 usecs
[    4.382839] calling  cn_init+0x0/0xf0 @ 1
[    4.389727] initcall cn_init+0x0/0xf0 returned 0 after 976 usecs
[    4.399560] calling  dma_buf_init+0x0/0xad @ 1
[    4.408560] initcall dma_buf_init+0x0/0xad returned 0 after 1953 usecs
[    4.418560] calling  init_scsi+0x0/0x79 @ 1
[    4.427554] SCSI subsystem initialized
[    4.433560] initcall init_scsi+0x0/0x79 returned 0 after 7812 usecs
[    4.445560] calling  ata_init+0x0/0x332 @ 1
[    4.454436] libata version 3.00 loaded.
[    4.459559] initcall ata_init+0x0/0x332 returned 0 after 6835 usecs
[    4.467558] calling  phy_init+0x0/0x250 @ 1
[    4.473911] initcall phy_init+0x0/0x250 returned 0 after 0 usecs
[    4.481557] calling  init_pcmcia_cs+0x0/0x35 @ 1
[    4.487580] initcall init_pcmcia_cs+0x0/0x35 returned 0 after 0 usecs
[    4.495556] calling  usb_common_init+0x0/0x1c @ 1
[    4.501683] initcall usb_common_init+0x0/0x1c returned 0 after 0 usecs
[    4.509557] calling  usb_init+0x0/0x12e @ 1
[    4.515651] ACPI: bus type USB registered
[    4.521962] usbcore: registered new interface driver usbfs
[    4.528655] usbcore: registered new interface driver hub
[    4.535589] usbcore: registered new device driver usb
[    4.542560] initcall usb_init+0x0/0x12e returned 0 after 26367 usecs
[    4.550558] calling  serio_init+0x0/0x29 @ 1
[    4.556566] initcall serio_init+0x0/0x29 returned 0 after 0 usecs
[    4.564557] calling  input_init+0x0/0xf6 @ 1
[    4.569783] initcall input_init+0x0/0xf6 returned 0 after 0 usecs
[    4.577557] calling  rtc_init+0x0/0x4d @ 1
[    4.583628] initcall rtc_init+0x0/0x4d returned 0 after 0 usecs
[    4.590556] calling  pps_init+0x0/0xa9 @ 1
[    4.596633] pps_core: LinuxPPS API ver. 1 registered
[    4.603554] pps_core: Software ver. 5.3.6 - Copyright 2005-2007 Rodolfo Giometti <giometti@linux.it>
[    4.614559] initcall pps_init+0x0/0xa9 returned 0 after 17578 usecs
[    4.623558] calling  ptp_init+0x0/0x98 @ 1
[    4.628566] PTP clock support registered
[    4.633559] initcall ptp_init+0x0/0x98 returned 0 after 4882 usecs
[    4.641558] calling  power_supply_class_init+0x0/0x3f @ 1
[    4.648651] initcall power_supply_class_init+0x0/0x3f returned 0 after 976 usecs
[    4.662561] calling  hwmon_init+0x0/0x104 @ 1
[    4.668572] initcall hwmon_init+0x0/0x104 returned 0 after 0 usecs
[    4.677565] calling  md_init+0x0/0x16b @ 1
[    4.690569] initcall md_init+0x0/0x16b returned 0 after 10742 usecs
[    4.696562] calling  leds_init+0x0/0x3b @ 1
[    4.703627] initcall leds_init+0x0/0x3b returned 0 after 976 usecs
[    4.710557] calling  dmi_init+0x0/0x113 @ 1
[    4.716838] initcall dmi_init+0x0/0x113 returned 0 after 0 usecs
[    4.724635] calling  efisubsys_init+0x0/0x4e7 @ 1
[    4.730557] initcall efisubsys_init+0x0/0x4e7 returned 0 after 0 usecs
[    4.738556] calling  nvmem_init+0x0/0xc @ 1
[    4.743702] initcall nvmem_init+0x0/0xc returned 0 after 0 usecs
[    4.750557] calling  init_soundcore+0x0/0x33 @ 1
[    4.756571] initcall init_soundcore+0x0/0x33 returned 0 after 0 usecs
[    4.764559] calling  alsa_sound_init+0x0/0x8f @ 1
[    4.771554] Advanced Linux Sound Architecture Driver Initialized.
[    4.780560] initcall alsa_sound_init+0x0/0x8f returned 0 after 9765 usecs
[    4.789560] calling  alsa_seq_device_init+0x0/0x71 @ 1
[    4.797689] initcall alsa_seq_device_init+0x0/0x71 returned 0 after 0 usecs
[    4.808561] calling  hda_bus_init+0x0/0xc @ 1
[    4.813597] initcall hda_bus_init+0x0/0xc returned 0 after 0 usecs
[    4.821559] calling  proto_init+0x0/0xc @ 1
[    4.826653] initcall proto_init+0x0/0xc returned 0 after 0 usecs
[    4.834556] calling  net_dev_init+0x0/0x209 @ 1
[    4.843040] initcall net_dev_init+0x0/0x209 returned 0 after 2929 usecs
[    4.850558] calling  neigh_init+0x0/0x84 @ 1
[    4.857563] initcall neigh_init+0x0/0x84 returned 0 after 0 usecs
[    4.864557] calling  fib_notifier_init+0x0/0xc @ 1
[    4.870561] initcall fib_notifier_init+0x0/0xc returned 0 after 0 usecs
[    4.878558] calling  fib_rules_init+0x0/0xab @ 1
[    4.884590] initcall fib_rules_init+0x0/0xab returned 0 after 0 usecs
[    4.892557] calling  pktsched_init+0x0/0x10e @ 1
[    4.898646] initcall pktsched_init+0x0/0x10e returned 0 after 0 usecs
[    4.906557] calling  tc_filter_init+0x0/0xfa @ 1
[    4.912611] initcall tc_filter_init+0x0/0xfa returned 0 after 0 usecs
[    4.921557] calling  tc_action_init+0x0/0x54 @ 1
[    4.926558] initcall tc_action_init+0x0/0x54 returned 0 after 0 usecs
[    4.934556] calling  ethnl_init+0x0/0x52 @ 1
[    4.939858] initcall ethnl_init+0x0/0x52 returned 0 after 0 usecs
[    4.947557] calling  nexthop_init+0x0/0xd8 @ 1
[    4.952639] initcall nexthop_init+0x0/0xd8 returned 0 after 0 usecs
[    4.959558] calling  cipso_v4_init+0x0/0x5d @ 1
[    4.965580] initcall cipso_v4_init+0x0/0x5d returned 0 after 0 usecs
[    4.973556] calling  ieee80211_init+0x0/0x24 @ 1
[    4.979040] initcall ieee80211_init+0x0/0x24 returned 0 after 976 usecs
[    4.988557] calling  netlbl_init+0x0/0x78 @ 1
[    4.993572] NetLabel: Initializing
[    4.997553] NetLabel:  domain hash size = 128
[    5.002553] NetLabel:  protocols = UNLABELED CIPSOv4 CALIPSO
[    5.009755] NetLabel:  unlabeled traffic allowed by default
[    5.016559] initcall netlbl_init+0x0/0x78 returned 0 after 22460 usecs
[    5.024557] calling  rfkill_init+0x0/0x111 @ 1
[    5.031828] initcall rfkill_init+0x0/0x111 returned 0 after 2929 usecs
[    5.040560] calling  pci_subsys_init+0x0/0x66 @ 1
[    5.046575] PCI: Using ACPI for IRQ routing
[    5.785550] PCI: pci_cache_line_size set to 64 bytes
[    5.796985] e820: reserve RAM buffer [mem 0x0009fc00-0x0009ffff]
[    5.804875] e820: reserve RAM buffer [mem 0x1ffdf000-0x1fffffff]
[    5.813550] initcall pci_subsys_init+0x0/0x66 returned 0 after 748046 usecs
[    5.829105] calling  nmi_warning_debugfs+0x0/0x26 @ 1
[    5.835732] initcall nmi_warning_debugfs+0x0/0x26 returned 0 after 976 usecs
[    5.843637] calling  save_microcode_in_initrd+0x0/0x51 @ 1
[    5.850770] initcall save_microcode_in_initrd+0x0/0x51 returned 0 after 0 usecs
[    5.859556] calling  hpet_late_init+0x0/0x207 @ 1
[    5.865811] hpet: 3 channels of 0 reserved for per-cpu timers
[    5.872804] hpet0: at MMIO 0xfed00000, IRQs 2, 8, 0
[    5.878554] hpet0: 3 comparators, 64-bit 100.000000 MHz counter
[    5.889558] initcall hpet_late_init+0x0/0x207 returned 0 after 23437 usecs
[    5.897556] calling  init_amd_nbs+0x0/0x11c @ 1
[    5.903820] initcall init_amd_nbs+0x0/0x11c returned 0 after 0 usecs
[    5.911618] calling  clocksource_done_booting+0x0/0x41 @ 1
[    5.921550] clocksource: Switched to clocksource kvm-clock
[    5.928792] initcall clocksource_done_booting+0x0/0x41 returned 0 after 9998 usecs
[    5.937689] calling  tracer_init_tracefs+0x0/0x242 @ 1
[    6.145465] initcall tracer_init_tracefs+0x0/0x242 returned 0 after 196920 usecs
[    6.154551] calling  init_trace_printk_function_export+0x0/0x2c @ 1
[    6.162248] initcall init_trace_printk_function_export+0x0/0x2c returned 0 after 11 usecs
[    6.172125] calling  init_kprobe_trace+0x0/0x1a9 @ 1
[    6.178335] initcall init_kprobe_trace+0x0/0x1a9 returned 0 after 104 usecs
[    6.187039] calling  init_dynamic_event+0x0/0x3d @ 1
[    6.194774] initcall init_dynamic_event+0x0/0x3d returned 0 after 8 usecs
[    6.205206] calling  init_uprobe_trace+0x0/0x5c @ 1
[    6.212770] initcall init_uprobe_trace+0x0/0x5c returned 0 after 28 usecs
[    6.221927] calling  init_pipe_fs+0x0/0x44 @ 1
[    6.228104] initcall init_pipe_fs+0x0/0x44 returned 0 after 652 usecs
[    6.236106] calling  inotify_user_setup+0x0/0x47 @ 1
[    6.243718] initcall inotify_user_setup+0x0/0x47 returned 0 after 84 usecs
[    6.252201] calling  eventpoll_init+0x0/0xd4 @ 1
[    6.258037] initcall eventpoll_init+0x0/0xd4 returned 0 after 109 usecs
[    6.266163] calling  anon_inode_init+0x0/0x58 @ 1
[    6.272127] initcall anon_inode_init+0x0/0x58 returned 0 after 63 usecs
[    6.280221] calling  proc_locks_init+0x0/0x27 @ 1
[    6.286238] initcall proc_locks_init+0x0/0x27 returned 0 after 172 usecs
[    6.294390] calling  iomap_init+0x0/0x1b @ 1
[    6.300417] initcall iomap_init+0x0/0x1b returned 0 after 788 usecs
[    6.308173] calling  dquot_init+0x0/0x106 @ 1
[    6.313613] VFS: Disk quotas dquot_6.6.0
[    6.319115] VFS: Dquot-cache hash table entries: 512 (order 0, 4096 bytes)
[    6.327427] initcall dquot_init+0x0/0x106 returned 0 after 13583 usecs
[    6.335295] calling  quota_init+0x0/0x23 @ 1
[    6.341015] initcall quota_init+0x0/0x23 returned 0 after 431 usecs
[    6.348609] calling  proc_cmdline_init+0x0/0x21 @ 1
[    6.354729] initcall proc_cmdline_init+0x0/0x21 returned 0 after 81 usecs
[    6.363060] calling  proc_consoles_init+0x0/0x24 @ 1
[    6.369179] initcall proc_consoles_init+0x0/0x24 returned 0 after 4 usecs
[    6.377480] calling  proc_cpuinfo_init+0x0/0x1e @ 1
[    6.384889] initcall proc_cpuinfo_init+0x0/0x1e returned 0 after 5 usecs
[    6.395216] calling  proc_devices_init+0x0/0x24 @ 1
[    6.402855] initcall proc_devices_init+0x0/0x24 returned 0 after 80 usecs
[    6.412617] calling  proc_interrupts_init+0x0/0x24 @ 1
[    6.420011] initcall proc_interrupts_init+0x0/0x24 returned 0 after 4 usecs
[    6.428861] calling  proc_loadavg_init+0x0/0x21 @ 1
[    6.434891] initcall proc_loadavg_init+0x0/0x21 returned 0 after 3 usecs
[    6.443019] calling  proc_meminfo_init+0x0/0x21 @ 1
[    6.448933] initcall proc_meminfo_init+0x0/0x21 returned 0 after 3 usecs
[    6.457255] calling  proc_stat_init+0x0/0x1e @ 1
[    6.463275] initcall proc_stat_init+0x0/0x1e returned 0 after 3 usecs
[    6.471105] calling  proc_uptime_init+0x0/0x21 @ 1
[    6.477407] initcall proc_uptime_init+0x0/0x21 returned 0 after 4 usecs
[    6.487381] calling  proc_version_init+0x0/0x21 @ 1
[    6.494797] initcall proc_version_init+0x0/0x21 returned 0 after 3 usecs
[    6.504654] calling  proc_softirqs_init+0x0/0x21 @ 1
[    6.511663] initcall proc_softirqs_init+0x0/0x21 returned 0 after 3 usecs
[    6.519752] calling  proc_kcore_init+0x0/0xea @ 1
[    6.525909] initcall proc_kcore_init+0x0/0xea returned 0 after 371 usecs
[    6.534017] calling  vmcore_init+0x0/0x578 @ 1
[    6.539492] initcall vmcore_init+0x0/0x578 returned 0 after 17 usecs
[    6.547215] calling  proc_kmsg_init+0x0/0x21 @ 1
[    6.552936] initcall proc_kmsg_init+0x0/0x21 returned 0 after 63 usecs
[    6.560790] calling  proc_page_init+0x0/0x3b @ 1
[    6.566470] initcall proc_page_init+0x0/0x3b returned 0 after 5 usecs
[    6.574159] calling  init_ramfs_fs+0x0/0xc @ 1
[    6.579544] initcall init_ramfs_fs+0x0/0xc returned 0 after 67 usecs
[    6.587166] calling  init_hugetlbfs_fs+0x0/0xf6 @ 1
[    6.593266] initcall init_hugetlbfs_fs+0x0/0xf6 returned 0 after 225 usecs
[    6.601709] calling  blk_scsi_ioctl_init+0x0/0x2a5 @ 1
[    6.607988] initcall blk_scsi_ioctl_init+0x0/0x2a5 returned 0 after 0 usecs
[    6.616443] calling  acpi_event_init+0x0/0x2c @ 1
[    6.622272] initcall acpi_event_init+0x0/0x2c returned 0 after 57 usecs
[    6.630055] calling  pnp_system_init+0x0/0xc @ 1
[    6.638153] initcall pnp_system_init+0x0/0xc returned 0 after 2144 usecs
[    6.646118] calling  pnpacpi_init+0x0/0x69 @ 1
[    6.651668] pnp: PnP ACPI init
[    6.658471] pnp 00:00: Plug and Play ACPI device, IDs PNP0303 (active)
[    6.668937] pnp 00:01: Plug and Play ACPI device, IDs PNP0f13 (active)
[    6.679268] pnp 00:02: Plug and Play ACPI device, IDs PNP0400 (active)
[    6.688651] pnp 00:03: Plug and Play ACPI device, IDs PNP0501 (active)
[    6.696784] pnp 00:04: Plug and Play ACPI device, IDs PNP0b00 (active)
[    6.704992] system 00:05: [mem 0xb0000000-0xbfffffff window] has been reserved
[    6.713685] system 00:05: Plug and Play ACPI device, IDs PNP0c01 (active)
[    6.723316] pnp: PnP ACPI: found 6 devices
[    6.728362] initcall pnpacpi_init+0x0/0x69 returned 0 after 74920 usecs
[    6.736362] calling  chr_dev_init+0x0/0x14d @ 1
[    6.777919] initcall chr_dev_init+0x0/0x14d returned 0 after 35138 usecs
[    6.786681] calling  firmware_class_init+0x0/0xe7 @ 1
[    6.793262] initcall firmware_class_init+0x0/0xe7 returned 0 after 54 usecs
[    6.802604] calling  init_pcmcia_bus+0x0/0x5b @ 1
[    6.809902] initcall init_pcmcia_bus+0x0/0x5b returned 0 after 360 usecs
[    6.819066] calling  init_acpi_pm_clocksource+0x0/0xda @ 1
[    6.831185] clocksource: acpi_pm: mask: 0xffffff max_cycles: 0xffffff, max_idle_ns: 2085701024 ns
[    6.841866] initcall init_acpi_pm_clocksource+0x0/0xda returned 0 after 15761 usecs
[    6.851068] calling  sysctl_core_init+0x0/0x26 @ 1
[    6.857205] initcall sysctl_core_init+0x0/0x26 returned 0 after 253 usecs
[    6.865411] calling  eth_offload_init+0x0/0x13 @ 1
[    6.871248] initcall eth_offload_init+0x0/0x13 returned 0 after 1 usecs
[    6.879363] calling  ipv4_offload_init+0x0/0x73 @ 1
[    6.885490] initcall ipv4_offload_init+0x0/0x73 returned 0 after 165 usecs
[    6.893843] calling  inet_init+0x0/0x276 @ 1
[    6.899197] NET: Registered protocol family 2
[    6.905419] IP idents hash table entries: 8192 (order: 4, 65536 bytes, linear)
[    6.917045] tcp_listen_portaddr_hash hash table entries: 256 (order: 0, 4096 bytes, linear)
[    6.927396] TCP established hash table entries: 4096 (order: 3, 32768 bytes, linear)
[    6.936868] TCP bind hash table entries: 4096 (order: 4, 65536 bytes, linear)
[    6.946229] TCP: Hash tables configured (established 4096 bind 4096)
[    6.954381] UDP hash table entries: 256 (order: 1, 8192 bytes, linear)
[    6.962531] UDP-Lite hash table entries: 256 (order: 1, 8192 bytes, linear)
[    6.971435] initcall inet_init+0x0/0x276 returned 0 after 70701 usecs
[    6.979316] calling  af_unix_init+0x0/0x4d @ 1
[    6.984816] NET: Registered protocol family 1
[    6.990200] initcall af_unix_init+0x0/0x4d returned 0 after 5313 usecs
[    6.998058] calling  ipv6_offload_init+0x0/0x7e @ 1
[    7.004238] initcall ipv6_offload_init+0x0/0x7e returned 0 after 85 usecs
[    7.012599] calling  init_sunrpc+0x0/0x65 @ 1
[    7.022274] RPC: Registered named UNIX socket transport module.
[    7.029797] RPC: Registered udp transport module.
[    7.035657] RPC: Registered tcp transport module.
[    7.041462] RPC: Registered tcp NFSv4.1 backchannel transport module.
[    7.049417] initcall init_sunrpc+0x0/0x65 returned 0 after 30627 usecs
[    7.057840] calling  cfg80211_init+0x0/0xc5 @ 1
[    7.065309] initcall cfg80211_init+0x0/0xc5 returned 0 after 1748 usecs
[    7.090929] calling  pcibios_assign_resources+0x0/0xbf @ 1
[    7.101010] pci_bus 0000:00: resource 4 [io  0x0000-0x0cf7 window]
[    7.108881] pci_bus 0000:00: resource 5 [io  0x0d00-0xffff window]
[    7.117497] pci_bus 0000:00: resource 6 [mem 0x000a0000-0x000bffff window]
[    7.126886] pci_bus 0000:00: resource 7 [mem 0x20000000-0xafffffff window]
[    7.136206] pci_bus 0000:00: resource 8 [mem 0xc0000000-0xfebfffff window]
[    7.147422] pci_bus 0000:00: resource 9 [mem 0x100000000-0x8ffffffff window]
[    7.160336] initcall pcibios_assign_resources+0x0/0xbf returned 0 after 59082 usecs
[    7.170843] calling  pci_apply_final_quirks+0x0/0x124 @ 1
[    7.179613] pci 0000:00:01.0: calling  pci_fixup_video+0x0/0xe0 @ 1
[    7.188956] pci 0000:00:01.0: Video device with shadowed ROM at [mem 0x000c0000-0x000dffff]
[    7.201661] pci 0000:00:01.0: pci_fixup_video+0x0/0xe0 took 13038 usecs
[    7.210736] PCI: CLS 0 bytes, default 64
[    7.216121] initcall pci_apply_final_quirks+0x0/0x124 returned 0 after 37008 usecs
[    7.225889] calling  acpi_reserve_resources+0x0/0xea @ 1
[    7.232909] initcall acpi_reserve_resources+0x0/0xea returned 0 after 322 usecs
[    7.242638] calling  populate_rootfs+0x0/0x102 @ 1
[    7.253544] initcall populate_rootfs+0x0/0x102 returned 0 after 4518 usecs
[    7.262313] calling  pci_iommu_init+0x0/0x3e @ 1
[    7.268272] initcall pci_iommu_init+0x0/0x3e returned 0 after 118 usecs
[    7.278347] calling  ia32_binfmt_init+0x0/0x13 @ 1
[    7.284712] initcall ia32_binfmt_init+0x0/0x13 returned 0 after 257 usecs
[    7.293236] calling  rapl_pmu_init+0x0/0x267 @ 1
[    7.299301] initcall rapl_pmu_init+0x0/0x267 returned -19 after 69 usecs
[    7.307868] calling  amd_uncore_init+0x0/0x310 @ 1
[    7.314024] initcall amd_uncore_init+0x0/0x310 returned -19 after 0 usecs
[    7.322564] calling  amd_ibs_init+0x0/0x27b @ 1
[    7.328500] initcall amd_ibs_init+0x0/0x27b returned -19 after 0 usecs
[    7.336987] calling  amd_iommu_pc_init+0x0/0x215 @ 1
[    7.343408] initcall amd_iommu_pc_init+0x0/0x215 returned -19 after 48 usecs
[    7.354004] calling  msr_init+0x0/0x55 @ 1
[    7.359375] initcall msr_init+0x0/0x55 returned 0 after 207 usecs
[    7.367189] calling  intel_uncore_init+0x0/0x36f @ 1
[    7.373524] initcall intel_uncore_init+0x0/0x36f returned -19 after 25 usecs
[    7.382607] calling  cstate_pmu_init+0x0/0x1a1 @ 1
[    7.388871] initcall cstate_pmu_init+0x0/0x1a1 returned -19 after 0 usecs
[    7.397542] calling  register_kernel_offset_dumper+0x0/0x1a @ 1
[    7.405237] initcall register_kernel_offset_dumper+0x0/0x1a returned 0 after 23 usecs
[    7.416009] calling  i8259A_init_ops+0x0/0x20 @ 1
[    7.422239] initcall i8259A_init_ops+0x0/0x20 returned 0 after 61 usecs
[    7.431882] calling  init_tsc_clocksource+0x0/0xa4 @ 1
[    7.438793] clocksource: tsc: mask: 0xffffffffffffffff max_cycles: 0x39a85afc727, max_idle_ns: 881590685098 ns
[    7.453144] initcall init_tsc_clocksource+0x0/0xa4 returned 0 after 14079 usecs
[    7.463129] calling  add_rtc_cmos+0x0/0xb0 @ 1
[    7.469133] initcall add_rtc_cmos+0x0/0xb0 returned 0 after 118 usecs
[    7.477467] calling  i8237A_init_ops+0x0/0x3a @ 1
[    7.484985] initcall i8237A_init_ops+0x0/0x3a returned 0 after 136 usecs
[    7.494529] calling  umwait_init+0x0/0x94 @ 1
[    7.500360] initcall umwait_init+0x0/0x94 returned -19 after 0 usecs
[    7.508652] calling  thermal_throttle_init_device+0x0/0x3d @ 1
[    7.517260] initcall thermal_throttle_init_device+0x0/0x3d returned 0 after 23 usecs
[    7.530040] calling  msr_init+0x0/0xd7 @ 1
[    7.571378] initcall msr_init+0x0/0xd7 returned 0 after 34561 usecs
[    7.582194] calling  cpuid_init+0x0/0xd7 @ 1
[    7.607568] initcall cpuid_init+0x0/0xd7 returned 0 after 17733 usecs
[    7.616613] calling  ioapic_init_ops+0x0/0x13 @ 1
[    7.626252] initcall ioapic_init_ops+0x0/0x13 returned 0 after 7 usecs
[    7.637118] calling  add_pcspkr+0x0/0x6c @ 1
[    7.644640] initcall add_pcspkr+0x0/0x6c returned 0 after 267 usecs
[    7.656104] calling  start_periodic_check_for_corruption+0x0/0x30 @ 1
[    7.664720] check: Scanning for low memory corruption every 60 seconds
[    7.674082] initcall start_periodic_check_for_corruption+0x0/0x30 returned 0 after 9212 usecs
[    7.689500] calling  sysfb_init+0x0/0x9c @ 1
[    7.696897] initcall sysfb_init+0x0/0x9c returned 0 after 228 usecs
[    7.705303] calling  audit_classes_init+0x0/0xae @ 1
[    7.712029] initcall audit_classes_init+0x0/0xae returned 0 after 28 usecs
[    7.722410] calling  iosf_mbi_init+0x0/0x24 @ 1
[    7.731309] initcall iosf_mbi_init+0x0/0x24 returned 0 after 1216 usecs
[    7.742326] calling  proc_execdomains_init+0x0/0x21 @ 1
[    7.751424] initcall proc_execdomains_init+0x0/0x21 returned 0 after 349 usecs
[    7.760661] calling  register_warn_debugfs+0x0/0x23 @ 1
[    7.769049] initcall register_warn_debugfs+0x0/0x23 returned 0 after 1233 usecs
[    7.778904] calling  cpuhp_sysfs_init+0x0/0x79 @ 1
[    7.787559] initcall cpuhp_sysfs_init+0x0/0x79 returned 0 after 511 usecs
[    7.798896] calling  ioresources_init+0x0/0x49 @ 1
[    7.808288] initcall ioresources_init+0x0/0x49 returned 0 after 43 usecs
[    7.819332] calling  snapshot_device_init+0x0/0xc @ 1
[    7.828410] initcall snapshot_device_init+0x0/0xc returned 0 after 1679 usecs
[    7.839585] calling  irq_pm_init_ops+0x0/0x13 @ 1
[    7.846313] initcall irq_pm_init_ops+0x0/0x13 returned 0 after 1 usecs
[    7.854725] calling  rcu_torture_init+0x0/0x9a6 @ 1
[    7.861720] rcu-torture:--- Start of test: nreaders=15 nfakewriters=4 stat_interval=15 verbose=1 test_no_idle_hz=1 shuffle_interval=3 stutter=5 irqreader=1 fqs_duration=0 fqs_holdoff=0 fqs_stutter=3 test_boost=1/0 test_boost_interval=7 test_boost_duration=4 shutdown_secs=1800 stall_cpu=0 stall_cpu_holdoff=10 stall_cpu_irqsoff=0 stall_cpu_block=0 n_barrier_cbs=4 onoff_interval=200 onoff_holdoff=30 read_exit_delay=13 read_exit_burst=16
[    7.912926] rcu:  Start-test grace-period state: g-924 f0x0
[    7.920790] rcu-torture: Creating rcu_torture_writer task
[    7.932092] rcu-torture: Creating rcu_torture_fakewriter task
[    7.932211] rcu-torture: rcu_torture_writer task started
[    7.941125] rcu-torture: Creating rcu_torture_fakewriter task
[    7.941165] rcu-torture: rcu_torture_fakewriter task started
[    7.947565] rcu-torture: GP expediting controlled from boot/sysfs for rcu.
[    7.956961] rcu-torture: Creating rcu_torture_fakewriter task
[    7.957000] rcu-torture: rcu_torture_fakewriter task started
[    7.963742] rcu_torture_writer: Testing conditional GPs.
[    7.975949] rcu-torture: rcu_torture_fakewriter task started
[    7.975969] rcu-torture: Creating rcu_torture_fakewriter task
[    7.977150] rcu-torture: Creating rcu_torture_reader task
[    7.977164] rcu-torture: rcu_torture_fakewriter task started
[    7.978408] rcu-torture: Creating rcu_torture_reader task
[    7.978427] rcu-torture: rcu_torture_reader task started
[    7.979498] rcu-torture: Creating rcu_torture_reader task
[    7.979536] rcu-torture: rcu_torture_reader task started
[    7.980472] rcu-torture: Creating rcu_torture_reader task
[    7.980497] rcu-torture: rcu_torture_reader task started
[    7.981912] rcu-torture: Creating rcu_torture_reader task
[    7.981931] rcu-torture: rcu_torture_reader task started
[    7.982514] rcu_torture_writer: Testing expedited GPs.
[    7.983270] rcu-torture: Creating rcu_torture_reader task
[    7.983289] rcu-torture: rcu_torture_reader task started
[    7.984478] rcu-torture: Creating rcu_torture_reader task
[    7.984503] rcu-torture: rcu_torture_reader task started
[    7.985956] rcu-torture: Creating rcu_torture_reader task
[    7.985960] rcu-torture: rcu_torture_reader task started
[    7.987774] rcu-torture: rcu_torture_reader task started
[    7.987857] rcu-torture: Creating rcu_torture_reader task
[    7.990225] rcu-torture: Creating rcu_torture_reader task
[    7.990269] rcu-torture: rcu_torture_reader task started
[    7.991546] rcu-torture: Creating rcu_torture_reader task
[    7.991561] rcu-torture: rcu_torture_reader task started
[    7.993095] rcu-torture: Creating rcu_torture_reader task
[    7.993194] rcu-torture: rcu_torture_reader task started
[    7.999503] rcu_torture_writer: Testing asynchronous GPs.
[    8.010185] rcu-torture: Creating rcu_torture_reader task
[    8.010199] rcu-torture: rcu_torture_reader task started
[    8.016851] rcu_torture_writer: Testing normal GPs.
[    8.025805] rcu-torture: rcu_torture_reader task started
[    8.025837] rcu-torture: Creating rcu_torture_reader task
[    8.026979] rcu-torture: Creating rcu_torture_reader task
[    8.027002] rcu-torture: rcu_torture_reader task started
[    8.027999] rcu-torture: Creating rcu_torture_stats task
[    8.028045] rcu-torture: rcu_torture_reader task started
[    8.029090] rcu-torture: Creating torture_shuffle task
[    8.029131] rcu-torture: rcu_torture_stats task started
[    8.030524] rcu-torture: Creating torture_stutter task
[    8.030539] rcu-torture: torture_shuffle task started
[    8.031514] rcu-torture: Creating torture_shutdown task
[    8.031538] rcu-torture: torture_stutter task started
[    8.032481] rcu-torture: Creating torture_onoff task
[    8.032501] rcu-torture: torture_shutdown task started
[    8.032503] rcu-torture:torture_shutdown task: 1799999 ms remaining
[    8.033490] rcu-torture: torture_onoff task started
[    8.033526] rcu-torture: Creating rcu_torture_fwd_prog task
[    8.034917] rcu-torture: Creating rcu_torture_barrier_cbs task
[    8.034976] rcu-torture: rcu_torture_fwd_progress task started
[    8.036220] rcu-torture: Creating rcu_torture_barrier_cbs task
[    8.036251] rcu-torture: rcu_torture_barrier_cbs task started
[    8.037226] rcu-torture: Creating rcu_torture_barrier_cbs task
[    8.037244] rcu-torture: rcu_torture_barrier_cbs task started
[    8.038799] rcu-torture: Creating rcu_torture_barrier_cbs task
[    8.038844] rcu-torture: rcu_torture_barrier_cbs task started
[    8.040291] rcu-torture: Creating rcu_torture_barrier task
[    8.040314] rcu-torture: rcu_torture_barrier_cbs task started
[    8.041887] rcu-torture: Creating rcu_torture_read_exit task
[    8.041896] rcu-torture: rcu_torture_barrier task starting
[    8.050404] rcu-torture: torture_onoff begin holdoff
[    8.061110] rcu-torture: rcu_torture_read_exit: Start of test
[    8.061122] initcall rcu_torture_init+0x0/0x9a6 returned 0 after 195070 usecs
[    8.061127] calling  timekeeping_init_ops+0x0/0x13 @ 1
[    8.061130] initcall timekeeping_init_ops+0x0/0x13 returned 0 after 0 usecs
[    8.061132] calling  init_clocksource_sysfs+0x0/0x23 @ 1
[    8.061407] initcall init_clocksource_sysfs+0x0/0x23 returned 0 after 263 usecs
[    8.061410] calling  init_timer_list_procfs+0x0/0x31 @ 1
[    8.061456] initcall init_timer_list_procfs+0x0/0x31 returned 0 after 41 usecs
[    8.061458] calling  alarmtimer_init+0x0/0xc7 @ 1
[    8.061870] initcall alarmtimer_init+0x0/0xc7 returned 0 after 397 usecs
[    8.061873] calling  init_posix_timers+0x0/0x29 @ 1
[    8.061957] initcall init_posix_timers+0x0/0x29 returned 0 after 78 usecs
[    8.061959] calling  clockevents_init_sysfs+0x0/0xbf @ 1
[    8.062184] initcall clockevents_init_sysfs+0x0/0xbf returned 0 after 215 usecs
[    8.062186] calling  proc_dma_init+0x0/0x21 @ 1
[    8.062299] initcall proc_dma_init+0x0/0x21 returned 0 after 106 usecs
[    8.062302] calling  proc_modules_init+0x0/0x1e @ 1
[    8.062306] initcall proc_modules_init+0x0/0x1e returned 0 after 1 usecs
[    8.062308] calling  kallsyms_init+0x0/0x21 @ 1
[    8.062311] initcall kallsyms_init+0x0/0x21 returned 0 after 1 usecs
[    8.062314] calling  pid_namespaces_init+0x0/0x2c @ 1
[    8.062512] initcall pid_namespaces_init+0x0/0x2c returned 0 after 164 usecs
[    8.062515] calling  audit_watch_init+0x0/0x37 @ 1
[    8.062517] initcall audit_watch_init+0x0/0x37 returned 0 after 0 usecs
[    8.062519] calling  audit_fsnotify_init+0x0/0x37 @ 1
[    8.062522] initcall audit_fsnotify_init+0x0/0x37 returned 0 after 0 usecs
[    8.062524] calling  audit_tree_init+0x0/0x6d @ 1
[    8.062528] initcall audit_tree_init+0x0/0x6d returned 0 after 1 usecs
[    8.062531] calling  seccomp_sysctl_init+0x0/0x2b @ 1
[    8.062559] initcall seccomp_sysctl_init+0x0/0x2b returned 0 after 24 usecs
[    8.062561] calling  utsname_sysctl_init+0x0/0x13 @ 1
[    8.062829] initcall utsname_sysctl_init+0x0/0x13 returned 0 after 257 usecs
[    8.062833] calling  init_tracepoints+0x0/0x27 @ 1
[    8.063080] initcall init_tracepoints+0x0/0x27 returned 0 after 237 usecs
[    8.063083] calling  init_blk_tracer+0x0/0x50 @ 1
[    8.064289] initcall init_blk_tracer+0x0/0x50 returned 0 after 1156 usecs
[    8.064293] calling  perf_event_sysfs_init+0x0/0x81 @ 1
[    8.064912] initcall perf_event_sysfs_init+0x0/0x81 returned 0 after 597 usecs
[    8.064916] calling  system_trusted_keyring_init+0x0/0x60 @ 1
[    8.064918] Initialise system trusted keyrings
[    8.065005] initcall system_trusted_keyring_init+0x0/0x60 returned 0 after 84 usecs
[    8.065008] calling  kswapd_init+0x0/0x5c @ 1
[    8.066263] initcall kswapd_init+0x0/0x5c returned 0 after 1214 usecs
[    8.066268] calling  extfrag_debug_init+0x0/0x54 @ 1
[    8.066524] initcall extfrag_debug_init+0x0/0x54 returned 0 after 246 usecs
[    8.066527] calling  mm_compute_batch_init+0x0/0x12 @ 1
[    8.066530] initcall mm_compute_batch_init+0x0/0x12 returned 0 after 0 usecs
[    8.066532] calling  slab_proc_init+0x0/0x21 @ 1
[    8.066850] initcall slab_proc_init+0x0/0x21 returned 0 after 306 usecs
[    8.066853] calling  workingset_init+0x0/0x8c @ 1
[    8.066873] workingset: timestamp_bits=56 max_order=17 bucket_order=0
[    8.067034] initcall workingset_init+0x0/0x8c returned 0 after 173 usecs
[    8.067035] calling  proc_vmalloc_init+0x0/0x32 @ 1
[    8.067039] initcall proc_vmalloc_init+0x0/0x32 returned 0 after 1 usecs
[    8.067041] calling  procswaps_init+0x0/0x1e @ 1
[    8.067053] initcall procswaps_init+0x0/0x1e returned 0 after 10 usecs
[    8.067055] calling  slab_sysfs_init+0x0/0xea @ 1
[    8.073131] initcall slab_sysfs_init+0x0/0xea returned 0 after 5926 usecs
[    8.961816] calling  fcntl_init+0x0/0x29 @ 1
[    8.970104] initcall fcntl_init+0x0/0x29 returned 0 after 42 usecs
[    8.981081] calling  proc_filesystems_init+0x0/0x21 @ 1
[    8.990220] initcall proc_filesystems_init+0x0/0x21 returned 0 after 69 usecs
[    9.002517] calling  start_dirtytime_writeback+0x0/0x29 @ 1
[    9.014318] initcall start_dirtytime_writeback+0x0/0x29 returned 0 after 200 usecs
[    9.028129] calling  blkdev_init+0x0/0x1b @ 1
[    9.037297] initcall blkdev_init+0x0/0x1b returned 0 after 923 usecs
[    9.048708] calling  dio_init+0x0/0x2c @ 1
[    9.056955] initcall dio_init+0x0/0x2c returned 0 after 560 usecs
[    9.068675] calling  dnotify_init+0x0/0x78 @ 1
[    9.077383] initcall dnotify_init+0x0/0x78 returned 0 after 19 usecs
[    9.088948] calling  aio_setup+0x0/0x78 @ 1
[    9.097873] initcall aio_setup+0x0/0x78 returned 0 after 1674 usecs
[    9.108836] calling  io_uring_init+0x0/0x2c @ 1
[    9.117491] initcall io_uring_init+0x0/0x2c returned 0 after 11 usecs
[    9.128586] calling  mbcache_init+0x0/0x30 @ 1
[    9.136219] initcall mbcache_init+0x0/0x30 returned 0 after 502 usecs
[    9.146721] calling  init_grace+0x0/0xc @ 1
[    9.155309] initcall init_grace+0x0/0xc returned 0 after 794 usecs
[    9.166926] calling  init_v2_quota_format+0x0/0x21 @ 1
[    9.177234] initcall init_v2_quota_format+0x0/0x21 returned 0 after 602 usecs
[    9.188609] calling  init_devpts_fs+0x0/0x27 @ 1
[    9.197190] initcall init_devpts_fs+0x0/0x27 returned 0 after 1112 usecs
[    9.207674] calling  ext4_init_fs+0x0/0x1d0 @ 1
[    9.216184] initcall ext4_init_fs+0x0/0x1d0 returned 0 after 1350 usecs
[    9.226057] calling  journal_init+0x0/0x11c @ 1
[    9.233260] initcall journal_init+0x0/0x11c returned 0 after 468 usecs
[    9.244868] calling  init_fat_fs+0x0/0x49 @ 1
[    9.252548] initcall init_fat_fs+0x0/0x49 returned 0 after 129 usecs
[    9.263765] calling  init_vfat_fs+0x0/0xc @ 1
[    9.271348] initcall init_vfat_fs+0x0/0xc returned 0 after 7 usecs
[    9.282362] calling  init_msdos_fs+0x0/0xc @ 1
[    9.290989] initcall init_msdos_fs+0x0/0xc returned 0 after 765 usecs
[    9.301081] calling  init_iso9660_fs+0x0/0x6c @ 1
[    9.308360] initcall init_iso9660_fs+0x0/0x6c returned 0 after 596 usecs
[    9.318560] calling  init_nfs_fs+0x0/0x13a @ 1
[    9.332358] initcall init_nfs_fs+0x0/0x13a returned 0 after 6739 usecs
[    9.342347] calling  init_nfs_v2+0x0/0x13 @ 1
[    9.348920] initcall init_nfs_v2+0x0/0x13 returned 0 after 243 usecs
[    9.358232] calling  init_nfs_v3+0x0/0x13 @ 1
[    9.364926] initcall init_nfs_v3+0x0/0x13 returned 0 after 131 usecs
[    9.374087] calling  init_nfs_v4+0x0/0x32 @ 1
[    9.380452] NFS: Registering the id_resolver key type
[    9.388095] Key type id_resolver registered
[    9.394353] Key type id_legacy registered
[    9.400553] initcall init_nfs_v4+0x0/0x32 returned 0 after 19766 usecs
[    9.410613] calling  init_nlm+0x0/0x5b @ 1
[    9.417637] initcall init_nlm+0x0/0x5b returned 0 after 627 usecs
[    9.427049] calling  init_nls_cp437+0x0/0xe @ 1
[    9.434206] initcall init_nls_cp437+0x0/0xe returned 0 after 46 usecs
[    9.444023] calling  init_nls_ascii+0x0/0xe @ 1
[    9.450919] initcall init_nls_ascii+0x0/0xe returned 0 after 5 usecs
[    9.460865] calling  init_nls_iso8859_1+0x0/0xe @ 1
[    9.468573] initcall init_nls_iso8859_1+0x0/0xe returned 0 after 438 usecs
[    9.479124] calling  init_nls_utf8+0x0/0x21 @ 1
[    9.486163] initcall init_nls_utf8+0x0/0x21 returned 0 after 2 usecs
[    9.495541] calling  init_autofs_fs+0x0/0x25 @ 1
[    9.503798] initcall init_autofs_fs+0x0/0x25 returned 0 after 1389 usecs
[    9.515362] calling  ipc_init+0x0/0x24 @ 1
[    9.522853] initcall ipc_init+0x0/0x24 returned 0 after 308 usecs
[    9.533356] calling  ipc_sysctl_init+0x0/0x13 @ 1
[    9.541393] initcall ipc_sysctl_init+0x0/0x13 returned 0 after 125 usecs
[    9.552706] calling  init_mqueue_fs+0x0/0x9a @ 1
[    9.562277] initcall init_mqueue_fs+0x0/0x9a returned 0 after 1864 usecs
[    9.573262] calling  key_proc_init+0x0/0x63 @ 1
[    9.581165] initcall key_proc_init+0x0/0x63 returned 0 after 11 usecs
[    9.592026] calling  selinux_nf_ip_init+0x0/0x2e @ 1
[    9.600051] initcall selinux_nf_ip_init+0x0/0x2e returned 0 after 131 usecs
[    9.611218] calling  init_sel_fs+0x0/0x116 @ 1
[    9.620234] initcall init_sel_fs+0x0/0x116 returned 0 after 547 usecs
[    9.630107] calling  selnl_init+0x0/0x7c @ 1
[    9.638241] initcall selnl_init+0x0/0x7c returned 0 after 1774 usecs
[    9.647765] calling  sel_netif_init+0x0/0x36 @ 1
[    9.654701] initcall sel_netif_init+0x0/0x36 returned 0 after 0 usecs
[    9.664781] calling  sel_netnode_init+0x0/0x33 @ 1
[    9.675317] initcall sel_netnode_init+0x0/0x33 returned 0 after 1 usecs
[    9.684347] calling  sel_netport_init+0x0/0x33 @ 1
[    9.690754] initcall sel_netport_init+0x0/0x33 returned 0 after 0 usecs
[    9.699467] calling  aurule_init+0x0/0x2a @ 1
[    9.705413] initcall aurule_init+0x0/0x2a returned 0 after 1 usecs
[    9.713822] calling  crypto_algapi_init+0x0/0xc @ 1
[    9.721149] initcall crypto_algapi_init+0x0/0xc returned 0 after 55 usecs
[    9.731282] calling  jent_mod_init+0x0/0x2d @ 1
[    9.752548] initcall jent_mod_init+0x0/0x2d returned 0 after 14693 usecs
[    9.762756] calling  asymmetric_key_init+0x0/0xc @ 1
[    9.770041] Key type asymmetric registered
[    9.777011] initcall asymmetric_key_init+0x0/0xc returned 0 after 6808 usecs
[    9.787464] calling  x509_key_init+0x0/0xc @ 1
[    9.794529] Asymmetric key parser 'x509' registered
[    9.801786] initcall x509_key_init+0x0/0xc returned 0 after 7108 usecs
[    9.812076] calling  proc_genhd_init+0x0/0x41 @ 1
[    9.819448] initcall proc_genhd_init+0x0/0x41 returned 0 after 244 usecs
[    9.829940] calling  bsg_init+0x0/0x113 @ 1
[    9.836613] Block layer SCSI generic (bsg) driver version 0.4 loaded (major 251)
[    9.849296] initcall bsg_init+0x0/0x113 returned 0 after 12465 usecs
[    9.858537] calling  deadline_init+0x0/0xc @ 1
[    9.865145] io scheduler mq-deadline registered
[    9.871968] initcall deadline_init+0x0/0xc returned 0 after 7296 usecs
[    9.881843] calling  kyber_init+0x0/0xc @ 1
[    9.888439] io scheduler kyber registered
[    9.894698] initcall kyber_init+0x0/0xc returned 0 after 6144 usecs
[    9.903378] calling  mod_init+0x0/0x7 @ 1
[    9.909276] initcall mod_init+0x0/0x7 returned 0 after 0 usecs
[    9.917679] calling  percpu_counter_startup+0x0/0x55 @ 1
[    9.936366] initcall percpu_counter_startup+0x0/0x55 returned 0 after 10870 usecs
[    9.950206] calling  sg_pool_init+0x0/0xb4 @ 1
[    9.960810] initcall sg_pool_init+0x0/0xb4 returned 0 after 2170 usecs
[    9.972727] calling  pcie_portdrv_init+0x0/0x39 @ 1
[    9.982601] initcall pcie_portdrv_init+0x0/0x39 returned 0 after 305 usecs
[    9.995366] calling  pci_proc_init+0x0/0x68 @ 1
[   10.004664] initcall pci_proc_init+0x0/0x68 returned 0 after 396 usecs
[   10.016778] calling  pci_hotplug_init+0x0/0x7 @ 1
[   10.026101] initcall pci_hotplug_init+0x0/0x7 returned 0 after 402 usecs
[   10.038941] calling  efifb_driver_init+0x0/0xe @ 1
[   10.047909] initcall efifb_driver_init+0x0/0xe returned 0 after 26 usecs
[   10.059808] calling  ged_driver_init+0x0/0xe @ 1
[   10.068594] initcall ged_driver_init+0x0/0xe returned 0 after 451 usecs
[   10.079521] calling  acpi_ac_init+0x0/0x92 @ 1
[   10.092066] initcall acpi_ac_init+0x0/0x92 returned 0 after 5108 usecs
[   10.104633] calling  acpi_button_driver_init+0x0/0x52 @ 1
[   10.133609] input: Power Button as /devices/LNXSYSTM:00/LNXPWRBN:00/input/input0
[   10.147294] ACPI: Power Button [PWRF]
[   10.154303] initcall acpi_button_driver_init+0x0/0x52 returned 0 after 38580 usecs
[   10.167773] calling  acpi_fan_driver_init+0x0/0xe @ 1
[   10.176710] initcall acpi_fan_driver_init+0x0/0xe returned 0 after 30 usecs
[   10.187304] calling  acpi_video_init+0x0/0xcb @ 1
[   10.194814] initcall acpi_video_init+0x0/0xcb returned 0 after 226 usecs
[   10.204663] calling  acpi_processor_driver_init+0x0/0xad @ 1
[   10.218101] initcall acpi_processor_driver_init+0x0/0xad returned 0 after 4752 usecs
[   10.232006] calling  acpi_thermal_init+0x0/0x71 @ 1
[   10.243235] initcall acpi_thermal_init+0x0/0x71 returned 0 after 2229 usecs
[   10.256837] calling  acpi_battery_init+0x0/0x32 @ 1
[   10.267290] initcall acpi_battery_init+0x0/0x32 returned 0 after 429 usecs
[   10.279576] calling  bgrt_init+0x0/0xb6 @ 1
[   10.286364] initcall bgrt_init+0x0/0xb6 returned -19 after 102 usecs
[   10.297887] calling  gpio_clk_driver_init+0x0/0xe @ 1
[   10.306176] initcall gpio_clk_driver_init+0x0/0xe returned 0 after 116 usecs
[   10.317858] calling  plt_clk_driver_init+0x0/0xe @ 1
[   10.325988] initcall plt_clk_driver_init+0x0/0xe returned 0 after 19 usecs
[   10.339237] calling  virtio_pci_driver_init+0x0/0x15 @ 1
[   10.347986] initcall virtio_pci_driver_init+0x0/0x15 returned 0 after 112 usecs
[   10.359789] calling  n_null_init+0x0/0x1e @ 1
[   10.367057] initcall n_null_init+0x0/0x1e returned 0 after 121 usecs
[   10.377517] calling  pty_init+0x0/0x1e8 @ 1
[   10.386086] initcall pty_init+0x0/0x1e8 returned 0 after 1831 usecs
[   10.395453] calling  sysrq_init+0x0/0x62 @ 1
[   10.402562] initcall sysrq_init+0x0/0x62 returned 0 after 344 usecs
[   10.412908] calling  serial8250_init+0x0/0x17e @ 1
[   10.422750] Serial: 8250/16550 driver, 4 ports, IRQ sharing enabled
[   10.437611] 00:03: ttyS0 at I/O 0x3f8 (irq = 4, base_baud = 115200) is a 16550A
[   10.459549] initcall serial8250_init+0x0/0x17e returned 0 after 36756 usecs
[   10.472880] calling  serial_pci_driver_init+0x0/0x15 @ 1
[   10.485946] initcall serial_pci_driver_init+0x0/0x15 returned 0 after 4195 usecs
[   10.498281] calling  exar_pci_driver_init+0x0/0x15 @ 1
[   10.507445] initcall exar_pci_driver_init+0x0/0x15 returned 0 after 29 usecs
[   10.518873] calling  lpss8250_pci_driver_init+0x0/0x15 @ 1
[   10.526791] initcall lpss8250_pci_driver_init+0x0/0x15 returned 0 after 86 usecs
[   10.538400] calling  mid8250_pci_driver_init+0x0/0x15 @ 1
[   10.547449] initcall mid8250_pci_driver_init+0x0/0x15 returned 0 after 32 usecs
[   10.558990] calling  virtio_console_init+0x0/0xff @ 1
[   10.567197] initcall virtio_console_init+0x0/0xff returned 0 after 195 usecs
[   10.578382] calling  hpet_init+0x0/0x64 @ 1
[   10.589081] initcall hpet_init+0x0/0x64 returned 0 after 4036 usecs
[   10.599389] calling  nvram_module_init+0x0/0x83 @ 1
[   10.608461] Non-volatile memory driver v1.3
[   10.615900] initcall nvram_module_init+0x0/0x83 returned 0 after 8364 usecs
[   10.627378] calling  hwrng_modinit+0x0/0x8a @ 1
[   10.639491] initcall hwrng_modinit+0x0/0x8a returned 0 after 3241 usecs
[   10.650470] calling  mod_init+0x0/0x48 @ 1
[   10.657225] initcall mod_init+0x0/0x48 returned -19 after 0 usecs
[   10.668050] calling  agp_init+0x0/0x23 @ 1
[   10.675406] Linux agpgart interface v0.103
[   10.682873] initcall agp_init+0x0/0x23 returned 0 after 7289 usecs
[   10.694358] calling  agp_amd64_mod_init+0x0/0x5 @ 1
[   10.704678] initcall agp_amd64_mod_init+0x0/0x5 returned -19 after 1082 usecs
[   10.717579] calling  agp_intel_init+0x0/0x28 @ 1
[   10.730632] initcall agp_intel_init+0x0/0x28 returned 0 after 2243 usecs
[   10.741566] calling  drm_kms_helper_init+0x0/0x7 @ 1
[   10.749780] initcall drm_kms_helper_init+0x0/0x7 returned 0 after 0 usecs
[   10.760683] calling  drm_core_init+0x0/0xa4 @ 1
[   10.771013] initcall drm_core_init+0x0/0xa4 returned 0 after 1786 usecs
[   10.782995] calling  i915_init+0x0/0x6b @ 1
[   10.793862] initcall i915_init+0x0/0x6b returned 0 after 2669 usecs
[   10.803764] calling  cn_proc_init+0x0/0x35 @ 1
[   10.811333] initcall cn_proc_init+0x0/0x35 returned 0 after 2 usecs
[   10.822217] calling  topology_sysfs_init+0x0/0x27 @ 1
[   10.830947] initcall topology_sysfs_init+0x0/0x27 returned 0 after 99 usecs
[   10.842777] calling  cacheinfo_sysfs_init+0x0/0x27 @ 1
[   10.877023] initcall cacheinfo_sysfs_init+0x0/0x27 returned 0 after 24896 usecs
[   10.888560] calling  loop_init+0x0/0x168 @ 1
[   11.041551] loop: module loaded
[   11.047251] initcall loop_init+0x0/0x168 returned 0 after 148277 usecs
[   11.058865] calling  mac_hid_init+0x0/0x21 @ 1
[   11.067152] initcall mac_hid_init+0x0/0x21 returned 0 after 8 usecs
[   11.078041] calling  spi_transport_init+0x0/0x74 @ 1
[   11.087434] initcall spi_transport_init+0x0/0x74 returned 0 after 418 usecs
[   11.100320] calling  init_sd+0x0/0x18c @ 1
[   11.109312] initcall init_sd+0x0/0x18c returned 0 after 611 usecs
[   11.119702] calling  init_sr+0x0/0x43 @ 1
[   11.127334] initcall init_sr+0x0/0x43 returned 0 after 565 usecs
[   11.138164] calling  init_sg+0x0/0x1c0 @ 1
[   11.146483] initcall init_sg+0x0/0x1c0 returned 0 after 1180 usecs
[   11.157090] calling  ahci_pci_driver_init+0x0/0x15 @ 1
[   11.169312] ahci 0000:00:1f.2: version 3.0
[   11.178430] PCI Interrupt Link [GSIA] enabled at IRQ 16
[   11.202519] ahci 0000:00:1f.2: AHCI 0001.0000 32 slots 6 ports 1.5 Gbps 0x3f impl SATA mode
[   11.217258] ahci 0000:00:1f.2: flags: 64bit ncq only 
[   11.259190] scsi host0: ahci
[   11.270916] scsi host1: ahci
[   11.283009] scsi host2: ahci
[   11.294580] scsi host3: ahci
[   11.306004] scsi host4: ahci
[   11.314577] scsi host5: ahci
[   11.319747] ata1: SATA max UDMA/133 abar m4096@0xfebf1000 port 0xfebf1100 irq 24
[   11.331729] ata2: SATA max UDMA/133 abar m4096@0xfebf1000 port 0xfebf1180 irq 24
[   11.344476] ata3: SATA max UDMA/133 abar m4096@0xfebf1000 port 0xfebf1200 irq 24
[   11.356768] ata4: SATA max UDMA/133 abar m4096@0xfebf1000 port 0xfebf1280 irq 24
[   11.368854] ata5: SATA max UDMA/133 abar m4096@0xfebf1000 port 0xfebf1300 irq 24
[   11.380651] ata6: SATA max UDMA/133 abar m4096@0xfebf1000 port 0xfebf1380 irq 24
[   11.392274] initcall ahci_pci_driver_init+0x0/0x15 returned 0 after 219030 usecs
[   11.403449] calling  piix_init+0x0/0x26 @ 1
[   11.411315] initcall piix_init+0x0/0x26 returned 0 after 1447 usecs
[   11.424255] calling  amd_pci_driver_init+0x0/0x15 @ 1
[   11.433239] initcall amd_pci_driver_init+0x0/0x15 returned 0 after 29 usecs
[   11.445299] calling  oldpiix_pci_driver_init+0x0/0x15 @ 1
[   11.454838] initcall oldpiix_pci_driver_init+0x0/0x15 returned 0 after 294 usecs
[   11.467538] calling  sch_pci_driver_init+0x0/0x15 @ 1
[   11.476908] initcall sch_pci_driver_init+0x0/0x15 returned 0 after 131 usecs
[   11.489056] calling  net_olddevs_init+0x0/0x55 @ 1
[   11.498128] initcall net_olddevs_init+0x0/0x55 returned 0 after 277 usecs
[   11.508829] calling  blackhole_netdev_init+0x0/0x78 @ 1
[   11.517476] initcall blackhole_netdev_init+0x0/0x78 returned 0 after 681 usecs
[   11.529361] calling  phy_module_init+0x0/0x13 @ 1
[   11.538408] initcall phy_module_init+0x0/0x13 returned 0 after 728 usecs
[   11.551028] calling  tg3_driver_init+0x0/0x15 @ 1
[   11.560264] initcall tg3_driver_init+0x0/0x15 returned 0 after 699 usecs
[   11.572247] calling  e100_init_module+0x0/0x4c @ 1
[   11.582205] e100: Intel(R) PRO/100 Network Driver
[   11.590730] e100: Copyright(c) 1999-2006 Intel Corporation
[   11.601035] initcall e100_init_module+0x0/0x4c returned 0 after 18727 usecs
[   11.613101] calling  e1000_init_module+0x0/0x72 @ 1
[   11.621245] e1000: Intel(R) PRO/1000 Network Driver
[   11.628538] e1000: Copyright (c) 1999-2006 Intel Corporation.
[   11.638302] initcall e1000_init_module+0x0/0x72 returned 0 after 16901 usecs
[   11.648885] calling  e1000_init_module+0x0/0x2d @ 1
[   11.656562] e1000e: Intel(R) PRO/1000 Network Driver
[   11.665074] e1000e: Copyright(c) 1999 - 2015 Intel Corporation.
[   11.675089] initcall e1000_init_module+0x0/0x2d returned 0 after 18339 usecs
[   11.687326] calling  sky2_init_module+0x0/0x21 @ 1
[   11.695224] sky2: driver version 1.30
[   11.701750] initcall sky2_init_module+0x0/0x21 returned 0 after 6373 usecs
[   11.710647] ata3: SATA link up 1.5 Gbps (SStatus 113 SControl 300)
[   11.724358] calling  forcedeth_pci_driver_init+0x0/0x15 @ 1
[   11.724421] initcall forcedeth_pci_driver_init+0x0/0x15 returned 0 after 57 usecs
[   11.739328] ata4: SATA link down (SStatus 0 SControl 300)
[   11.754519] calling  rtl8139_init_module+0x0/0x15 @ 1
[   11.767695] ata6: SATA link down (SStatus 0 SControl 300)
[   11.770038] ata1: SATA link down (SStatus 0 SControl 300)
[   11.773945] ata2: SATA link down (SStatus 0 SControl 300)
[   11.782553] initcall rtl8139_init_module+0x0/0x15 returned 0 after 191 usecs
[   11.782558] calling  rtl8169_pci_driver_init+0x0/0x15 @ 1
[   11.783229] initcall rtl8169_pci_driver_init+0x0/0x15 returned 0 after 650 usecs
[   11.783232] calling  cdrom_init+0x0/0xc @ 1
[   11.783295] initcall cdrom_init+0x0/0xc returned 0 after 58 usecs
[   11.783297] calling  nonstatic_sysfs_init+0x0/0xc @ 1
[   11.783401] initcall nonstatic_sysfs_init+0x0/0xc returned 0 after 98 usecs
[   11.783406] calling  yenta_cardbus_driver_init+0x0/0x15 @ 1
[   11.800991] ata5: SATA link down (SStatus 0 SControl 300)
[   11.803557] initcall yenta_cardbus_driver_init+0x0/0x15 returned 0 after 123 usecs
[   11.803562] calling  mon_init+0x0/0x12d @ 1
[   11.805768] initcall mon_init+0x0/0x12d returned 0 after 2146 usecs
[   11.817030] ata3.00: ATAPI: QEMU DVD-ROM, 2.5+, max UDMA/100
[   11.826020] calling  ehci_hcd_init+0x0/0x56 @ 1
[   11.844101] ata3.00: applying bridge limits
[   11.853024] ehci_hcd: USB 2.0 'Enhanced' Host Controller (EHCI) Driver
[   11.890051] ata3.00: configured for UDMA/100
[   11.900400] initcall ehci_hcd_init+0x0/0x56 returned 0 after 46296 usecs
[   11.911234] scsi 2:0:0:0: CD-ROM            QEMU     QEMU DVD-ROM     2.5+ PQ: 0 ANSI: 5
[   11.928181] calling  ehci_pci_init+0x0/0x64 @ 1
[   12.060880] ehci-pci: EHCI PCI platform driver
[   12.068327] initcall ehci_pci_init+0x0/0x64 returned 0 after 7684 usecs
[   12.072898] sr 2:0:0:0: [sr0] scsi3-mmc drive: 4x/4x cd/rw xa/form2 tray
[   12.078904] calling  ohci_hcd_mod_init+0x0/0x4e @ 1
[   12.089106] cdrom: Uniform CD-ROM driver Revision: 3.20
[   12.096153] ohci_hcd: USB 1.1 'Open' Host Controller (OHCI) Driver
[   12.096173] initcall ohci_hcd_mod_init+0x0/0x4e returned 0 after 21 usecs
[   12.096177] calling  ohci_pci_init+0x0/0x64 @ 1
[   12.129226] ohci-pci: OHCI PCI platform driver
[   12.136468] initcall ohci_pci_init+0x0/0x64 returned 0 after 7057 usecs
[   12.146968] calling  uhci_hcd_init+0x0/0xa8 @ 1
[   12.153661] uhci_hcd: USB Universal Host Controller Interface driver
[   12.160527] sr 2:0:0:0: Attached scsi CD-ROM sr0
[   12.162935] initcall uhci_hcd_init+0x0/0xa8 returned 0 after 9054 usecs
[   12.162939] calling  xhci_hcd_init+0x0/0x1e @ 1
[   12.163731] initcall xhci_hcd_init+0x0/0x1e returned 0 after 761 usecs
[   12.170790] sr 2:0:0:0: Attached scsi generic sg0 type 5
[   12.179256] calling  xhci_pci_init+0x0/0x49 @ 1
[   12.179482] initcall xhci_pci_init+0x0/0x49 returned 0 after 216 usecs
[   12.222021] calling  usblp_driver_init+0x0/0x15 @ 1
[   12.229878] usbcore: registered new interface driver usblp
[   12.238526] initcall usblp_driver_init+0x0/0x15 returned 0 after 9345 usecs
[   12.249175] calling  usb_storage_driver_init+0x0/0x2a @ 1
[   12.257906] usbcore: registered new interface driver usb-storage
[   12.267764] initcall usb_storage_driver_init+0x0/0x2a returned 0 after 10201 usecs
[   12.279408] calling  i8042_init+0x0/0x4c2 @ 1
[   12.295392] i8042: PNP: PS/2 Controller [PNP0303:KBD,PNP0f13:MOU] at 0x60,0x64 irq 1,12
[   12.331396] serio: i8042 KBD port at 0x60,0x64 irq 1
[   12.339035] serio: i8042 AUX port at 0x60,0x64 irq 12
[   12.346726] initcall i8042_init+0x0/0x4c2 returned 0 after 50995 usecs
[   12.356618] calling  serport_init+0x0/0x2c @ 1
[   12.363274] initcall serport_init+0x0/0x2c returned 0 after 1 usecs
[   12.372502] calling  input_leds_init+0x0/0xc @ 1
[   12.380098] initcall input_leds_init+0x0/0xc returned 0 after 19 usecs
[   12.389650] calling  evdev_init+0x0/0xc @ 1
[   12.396823] initcall evdev_init+0x0/0xc returned 0 after 131 usecs
[   12.412047] calling  atkbd_init+0x0/0x21 @ 1
[   12.436385] initcall atkbd_init+0x0/0x21 returned 0 after 12320 usecs
[   12.454885] calling  psmouse_init+0x0/0x7f @ 1
[   12.463083] initcall psmouse_init+0x0/0x7f returned 0 after 235 usecs
[   12.490915] calling  cmos_init+0x0/0x73 @ 1
[   12.514527] input: AT Translated Set 2 keyboard as /devices/platform/i8042/serio0/input/input1
[   12.526944] rtc_cmos 00:04: RTC can wake from S4
[   12.578343] rtc_cmos 00:04: registered as rtc0
[   12.598208] rtc_cmos 00:04: alarms up to one day, y3k, 242 bytes nvram, hpet irqs
[   12.625952] initcall cmos_init+0x0/0x73 returned 0 after 125843 usecs
[   12.642282] calling  smbalert_driver_init+0x0/0xe @ 1
[   12.662358] initcall smbalert_driver_init+0x0/0xe returned 0 after 415 usecs
[   12.685713] calling  i2c_i801_init+0x0/0xc5 @ 1
[   12.706594] i801_smbus 0000:00:1f.3: SMBus using PCI interrupt
[   12.716186] i2c i2c-0: 1/1 memory slots populated (from DMI)
[   12.724837] i2c i2c-0: Memory type 0x07 not supported yet, not instantiating SPD
[   12.738058] initcall i2c_i801_init+0x0/0xc5 returned 0 after 43625 usecs
[   12.747773] calling  ptp_kvm_init+0x0/0xf0 @ 1
[   12.755641] initcall ptp_kvm_init+0x0/0xf0 returned 0 after 1104 usecs
[   12.765931] calling  dm_init+0x0/0x3c @ 1
[   12.776672] device-mapper: ioctl: 4.43.0-ioctl (2020-10-01) initialised: dm-devel@redhat.com
[   12.792429] initcall dm_init+0x0/0x3c returned 0 after 19289 usecs
[   12.802719] calling  dm_mirror_init+0x0/0x29 @ 1
[   12.809709] initcall dm_mirror_init+0x0/0x29 returned 0 after 2 usecs
[   12.819291] calling  dm_dirty_log_init+0x0/0x4f @ 1
[   12.826832] initcall dm_dirty_log_init+0x0/0x4f returned 0 after 51 usecs
[   12.838488] calling  dm_zero_init+0x0/0x29 @ 1
[   12.844978] initcall dm_zero_init+0x0/0x29 returned 0 after 1 usecs
[   12.854538] calling  intel_pstate_init+0x0/0x50d @ 1
[   12.861919] intel_pstate: CPU model not supported
[   12.869221] initcall intel_pstate_init+0x0/0x50d returned -19 after 7141 usecs
[   12.880220] calling  haltpoll_init+0x0/0xc0 @ 1
[   12.887394] initcall haltpoll_init+0x0/0xc0 returned -19 after 28 usecs
[   12.898511] calling  efivars_sysfs_init+0x0/0x30 @ 1
[   12.906069] initcall efivars_sysfs_init+0x0/0x30 returned 0 after 138 usecs
[   12.915362] calling  esrt_sysfs_init+0x0/0x2a2 @ 1
[   12.922728] initcall esrt_sysfs_init+0x0/0x2a2 returned -38 after 1 usecs
[   12.934082] calling  hid_init+0x0/0x5c @ 1
[   12.940284] hid: raw HID events driver (C) Jiri Kosina
[   12.948311] initcall hid_init+0x0/0x5c returned 0 after 7860 usecs
[   12.958164] calling  hid_generic_init+0x0/0x15 @ 1
[   12.965995] initcall hid_generic_init+0x0/0x15 returned 0 after 274 usecs
[   12.976797] calling  a4_driver_init+0x0/0x15 @ 1
[   12.984032] initcall a4_driver_init+0x0/0x15 returned 0 after 42 usecs
[   12.994061] calling  apple_driver_init+0x0/0x15 @ 1
[   13.001864] initcall apple_driver_init+0x0/0x15 returned 0 after 86 usecs
[   13.012320] calling  belkin_driver_init+0x0/0x15 @ 1
[   13.020518] initcall belkin_driver_init+0x0/0x15 returned 0 after 314 usecs
[   13.031404] calling  ch_driver_init+0x0/0x15 @ 1
[   13.039010] initcall ch_driver_init+0x0/0x15 returned 0 after 271 usecs
[   13.049580] calling  ch_driver_init+0x0/0x15 @ 1
[   13.057114] initcall ch_driver_init+0x0/0x15 returned 0 after 276 usecs
[   13.067908] calling  cp_driver_init+0x0/0x15 @ 1
[   13.075283] initcall cp_driver_init+0x0/0x15 returned 0 after 223 usecs
[   13.084809] calling  ez_driver_init+0x0/0x15 @ 1
[   13.092937] initcall ez_driver_init+0x0/0x15 returned 0 after 233 usecs
[   13.106126] calling  gyration_driver_init+0x0/0x15 @ 1
[   13.114998] initcall gyration_driver_init+0x0/0x15 returned 0 after 661 usecs
[   13.126476] calling  ite_driver_init+0x0/0x15 @ 1
[   13.134230] initcall ite_driver_init+0x0/0x15 returned 0 after 138 usecs
[   13.143791] calling  ks_driver_init+0x0/0x15 @ 1
[   13.150599] initcall ks_driver_init+0x0/0x15 returned 0 after 381 usecs
[   13.151601] rcu-torture: rcu_torture_read_exit: End of episode
[   13.159162] calling  lg_driver_init+0x0/0x15 @ 1
[   13.159187] initcall lg_driver_init+0x0/0x15 returned 0 after 20 usecs
[   13.182990] calling  lg_g15_driver_init+0x0/0x15 @ 1
[   13.189165] initcall lg_g15_driver_init+0x0/0x15 returned 0 after 42 usecs
[   13.198999] calling  ms_driver_init+0x0/0x15 @ 1
[   13.205691] initcall ms_driver_init+0x0/0x15 returned 0 after 33 usecs
[   13.215436] calling  mr_driver_init+0x0/0x15 @ 1
[   13.222181] initcall mr_driver_init+0x0/0x15 returned 0 after 30 usecs
[   13.231265] calling  ntrig_driver_init+0x0/0x15 @ 1
[   13.238105] initcall ntrig_driver_init+0x0/0x15 returned 0 after 35 usecs
[   13.248156] calling  pl_driver_init+0x0/0x15 @ 1
[   13.255209] initcall pl_driver_init+0x0/0x15 returned 0 after 30 usecs
[   13.265822] calling  pl_driver_init+0x0/0x15 @ 1
[   13.273056] initcall pl_driver_init+0x0/0x15 returned 0 after 35 usecs
[   13.283324] calling  redragon_driver_init+0x0/0x15 @ 1
[   13.291230] initcall redragon_driver_init+0x0/0x15 returned 0 after 30 usecs
[   13.299859] calling  samsung_driver_init+0x0/0x15 @ 1
[   13.306255] initcall samsung_driver_init+0x0/0x15 returned 0 after 31 usecs
[   13.315079] calling  sony_init+0x0/0x38 @ 1
[   13.320416] initcall sony_init+0x0/0x38 returned 0 after 23 usecs
[   13.329141] calling  sp_driver_init+0x0/0x15 @ 1
[   13.335388] initcall sp_driver_init+0x0/0x15 returned 0 after 25 usecs
[   13.343752] calling  ts_driver_init+0x0/0x15 @ 1
[   13.349788] initcall ts_driver_init+0x0/0x15 returned 0 after 24 usecs
[   13.358021] calling  hid_init+0x0/0x58 @ 1
[   13.363564] usbcore: registered new interface driver usbhid
[   13.372098] usbhid: USB HID core driver
[   13.377856] initcall hid_init+0x0/0x58 returned 0 after 14000 usecs
[   13.387276] calling  eeepc_laptop_init+0x0/0x57 @ 1
[   13.394421] initcall eeepc_laptop_init+0x0/0x57 returned -19 after 80 usecs
[   13.404503] calling  pmc_atom_init+0x0/0x27a @ 1
