c[?7l[2J[0mSeaBIOS (version 1.16.0-debian-1.16.0-4)
Booting from ROM...
early console in setup code
c[?7l[2J[    0.000000] Linux version 5.10.157+ (root@joelboxx.c.googlers.com) (gcc (Debian 12.2.0-3) 12.2.0, GNU ld (GNU Binutils for Debian) 2.39) #8 SMP Tue Dec 13 03:33:45 UTC 2022
[    0.000000] Command line: selinux=0 initcall_debug debug console=ttyS0 rcutorture.torture_type=srcu rcutorture.onoff_interval=1000 rcutorture.onoff_holdoff=30 rcutorture.n_barrier_cbs=4 rcutorture.stat_interval=15 rcutorture.shutdown_secs=1800 rcutorture.test_no_idle_hz=1 rcutorture.verbose=1
[    0.000000] x86/fpu: x87 FPU will use FXSAVE
[    0.000000] BIOS-provided physical RAM map:
[    0.000000] BIOS-e820: [mem 0x0000000000000000-0x000000000009fbff] usable
[    0.000000] BIOS-e820: [mem 0x000000000009fc00-0x000000000009ffff] reserved
[    0.000000] BIOS-e820: [mem 0x00000000000f0000-0x00000000000fffff] reserved
[    0.000000] BIOS-e820: [mem 0x0000000000100000-0x000000001ffdefff] usable
[    0.000000] BIOS-e820: [mem 0x000000001ffdf000-0x000000001fffffff] reserved
[    0.000000] BIOS-e820: [mem 0x00000000b0000000-0x00000000bfffffff] reserved
[    0.000000] BIOS-e820: [mem 0x00000000fed1c000-0x00000000fed1ffff] reserved
[    0.000000] BIOS-e820: [mem 0x00000000feffc000-0x00000000feffffff] reserved
[    0.000000] BIOS-e820: [mem 0x00000000fffc0000-0x00000000ffffffff] reserved
[    0.000000] NX (Execute Disable) protection: active
[    0.000000] SMBIOS 2.8 present.
[    0.000000] DMI: QEMU Standard PC (Q35 + ICH9, 2009), BIOS 1.16.0-debian-1.16.0-4 04/01/2014
[    0.000000] Hypervisor detected: KVM
[    0.000000] kvm-clock: Using msrs 4b564d01 and 4b564d00
[    0.000000] kvm-clock: cpu 0, msr a29e001, primary cpu clock
[    0.000001] kvm-clock: using sched offset of 2550749237 cycles
[    0.000249] clocksource: kvm-clock: mask: 0xffffffffffffffff max_cycles: 0x1cd42e4dffb, max_idle_ns: 881590591483 ns
[    0.000389] tsc: Detected 1999.999 MHz processor
[    0.011756] e820: update [mem 0x00000000-0x00000fff] usable ==> reserved
[    0.011761] e820: remove [mem 0x000a0000-0x000fffff] usable
[    0.011769] last_pfn = 0x1ffdf max_arch_pfn = 0x400000000
[    0.013926] MTRR default type: write-back
[    0.014020] MTRR fixed ranges enabled:
[    0.014022]   00000-9FFFF write-back
[    0.014023]   A0000-BFFFF uncachable
[    0.014024]   C0000-FFFFF write-protect
[    0.014026] MTRR variable ranges enabled:
[    0.014027]   0 base 00C0000000 mask FFC0000000 uncachable
[    0.014029]   1 disabled
[    0.014029]   2 disabled
[    0.014030]   3 disabled
[    0.014031]   4 disabled
[    0.014031]   5 disabled
[    0.014032]   6 disabled
[    0.014033]   7 disabled
[    0.014711] x86/PAT: Configuration [0-7]: WB  WC  UC- UC  WB  WC  UC- UC  
[    0.024411] found SMP MP-table at [mem 0x000f5ba0-0x000f5baf]
[    0.027645] check: Scanning 1 areas for low memory corruption
[    0.041715] ACPI: Early table checksum verification disabled
[    0.044638] ACPI: RSDP 0x00000000000F59E0 000014 (v00 BOCHS )
[    0.045074] ACPI: RSDT 0x000000001FFE23B1 000038 (v01 BOCHS  BXPC     00000001 BXPC 00000001)
[    0.045408] ACPI: FACP 0x000000001FFE2191 0000F4 (v03 BOCHS  BXPC     00000001 BXPC 00000001)
[    0.045549] ACPI: DSDT 0x000000001FFE0040 002151 (v01 BOCHS  BXPC     00000001 BXPC 00000001)
[    0.045554] ACPI: FACS 0x000000001FFE0000 000040
[    0.045558] ACPI: APIC 0x000000001FFE2285 000090 (v01 BOCHS  BXPC     00000001 BXPC 00000001)
[    0.045562] ACPI: HPET 0x000000001FFE2315 000038 (v01 BOCHS  BXPC     00000001 BXPC 00000001)
[    0.045566] ACPI: MCFG 0x000000001FFE234D 00003C (v01 BOCHS  BXPC     00000001 BXPC 00000001)
[    0.045570] ACPI: WAET 0x000000001FFE2389 000028 (v01 BOCHS  BXPC     00000001 BXPC 00000001)
[    0.045574] ACPI: Reserving FACP table memory at [mem 0x1ffe2191-0x1ffe2284]
[    0.045575] ACPI: Reserving DSDT table memory at [mem 0x1ffe0040-0x1ffe2190]
[    0.045577] ACPI: Reserving FACS table memory at [mem 0x1ffe0000-0x1ffe003f]
[    0.045578] ACPI: Reserving APIC table memory at [mem 0x1ffe2285-0x1ffe2314]
[    0.045579] ACPI: Reserving HPET table memory at [mem 0x1ffe2315-0x1ffe234c]
[    0.045580] ACPI: Reserving MCFG table memory at [mem 0x1ffe234d-0x1ffe2388]
[    0.045581] ACPI: Reserving WAET table memory at [mem 0x1ffe2389-0x1ffe23b0]
[    0.046996] ACPI: Local APIC address 0xfee00000
[    0.054360] No NUMA configuration found
[    0.054363] Faking a node at [mem 0x0000000000000000-0x000000001ffdefff]
[    0.054923] NODE_DATA(0) allocated [mem 0x1ffdb000-0x1ffdefff]
[    0.057492] Zone ranges:
[    0.057637]   DMA      [mem 0x0000000000001000-0x0000000000ffffff]
[    0.057715]   DMA32    [mem 0x0000000001000000-0x000000001ffdefff]
[    0.057717]   Normal   empty
[    0.057718] Movable zone start for each node
[    0.057719] Early memory node ranges
[    0.057844]   node   0: [mem 0x0000000000001000-0x000000000009efff]
[    0.057908]   node   0: [mem 0x0000000000100000-0x000000001ffdefff]
[    0.058109] Initmem setup node 0 [mem 0x0000000000001000-0x000000001ffdefff]
[    0.058111] On node 0 totalpages: 130941
[    0.058247]   DMA zone: 64 pages used for memmap
[    0.058248]   DMA zone: 21 pages reserved
[    0.058250]   DMA zone: 3998 pages, LIFO batch:0
[    0.058251]   DMA32 zone: 1984 pages used for memmap
[    0.058252]   DMA32 zone: 126943 pages, LIFO batch:31
[    0.061899] On node 0, zone DMA: 1 pages in unavailable ranges
[    0.067194] On node 0, zone DMA: 97 pages in unavailable ranges
[    0.128862] On node 0, zone DMA32: 33 pages in unavailable ranges
[    0.132903] ACPI: PM-Timer IO Port: 0x608
[    0.132909] ACPI: Local APIC address 0xfee00000
[    0.133433] ACPI: LAPIC_NMI (acpi_id[0xff] dfl dfl lint[0x1])
[    0.134946] IOAPIC[0]: apic_id 0, version 17, address 0xfec00000, GSI 0-23
[    0.134950] ACPI: INT_SRC_OVR (bus 0 bus_irq 0 global_irq 2 dfl dfl)
[    0.135138] ACPI: INT_SRC_OVR (bus 0 bus_irq 5 global_irq 5 high level)
[    0.135140] ACPI: INT_SRC_OVR (bus 0 bus_irq 9 global_irq 9 high level)
[    0.135195] ACPI: INT_SRC_OVR (bus 0 bus_irq 10 global_irq 10 high level)
[    0.135196] ACPI: INT_SRC_OVR (bus 0 bus_irq 11 global_irq 11 high level)
[    0.135199] ACPI: IRQ0 used by override.
[    0.135200] ACPI: IRQ5 used by override.
[    0.135201] ACPI: IRQ9 used by override.
[    0.135202] ACPI: IRQ10 used by override.
[    0.135203] ACPI: IRQ11 used by override.
[    0.135311] Using ACPI (MADT) for SMP configuration information
[    0.135384] ACPI: HPET id: 0x8086a201 base: 0xfed00000
[    0.135956] smpboot: Allowing 4 CPUs, 0 hotplug CPUs
[    0.138066] PM: hibernation: Registered nosave memory: [mem 0x00000000-0x00000fff]
[    0.138068] PM: hibernation: Registered nosave memory: [mem 0x0009f000-0x0009ffff]
[    0.138070] PM: hibernation: Registered nosave memory: [mem 0x000a0000-0x000effff]
[    0.138071] PM: hibernation: Registered nosave memory: [mem 0x000f0000-0x000fffff]
[    0.138073] [mem 0x20000000-0xafffffff] available for PCI devices
[    0.138208] Booting paravirtualized kernel on KVM
[    0.139073] clocksource: refined-jiffies: mask: 0xffffffff max_cycles: 0xffffffff, max_idle_ns: 1910969940391419 ns
[    0.213617] setup_percpu: NR_CPUS:4 nr_cpumask_bits:4 nr_cpu_ids:4 nr_node_ids:1
[    0.253433] percpu: Embedded 56 pages/cpu s191128 r8192 d30056 u524288
[    0.253517] pcpu-alloc: s191128 r8192 d30056 u524288 alloc=1*2097152
[    0.253564] pcpu-alloc: [0] 0 1 2 3 
[    0.254061] kvm-guest: stealtime: cpu 0, msr 1f41b600
[    0.254562] Built 1 zonelists, mobility grouping on.  Total pages: 128872
[    0.254564] Policy zone: DMA32
[    0.254701] Kernel command line: selinux=0 initcall_debug debug console=ttyS0 rcutorture.torture_type=srcu rcutorture.onoff_interval=1000 rcutorture.onoff_holdoff=30 rcutorture.n_barrier_cbs=4 rcutorture.stat_interval=15 rcutorture.shutdown_secs=1800 rcutorture.test_no_idle_hz=1 rcutorture.verbose=1
[    0.266917] Dentry cache hash table entries: 65536 (order: 7, 524288 bytes, linear)
[    0.269454] Inode-cache hash table entries: 32768 (order: 6, 262144 bytes, linear)
[    0.270291] mem auto-init: stack:all(zero), heap alloc:off, heap free:off
[    0.285240] Memory: 480680K/523764K available (14349K kernel code, 2529K rwdata, 4688K rodata, 1500K init, 1520K bss, 42824K reserved, 0K cma-reserved)
[    0.286030] SLUB: HWalign=64, Order=0-3, MinObjects=0, CPUs=4, Nodes=1
[    0.286522] Kernel/User page tables isolation: enabled
[    0.297386] rcu: Hierarchical RCU implementation.
[    0.297433] 	Trampoline variant of Tasks RCU enabled.
[    0.297434] 	Rude variant of Tasks RCU enabled.
[    0.297440] 	Tracing variant of Tasks RCU enabled.
[    0.297554] rcu: RCU calculated value of scheduler-enlistment delay is 100 jiffies.
[    0.332200] NR_IRQS: 4352, nr_irqs: 456, preallocated irqs: 16
[    0.336236] calling  con_init+0x0/0x22a @ 0
[    0.530844] Console: colour VGA+ 80x25
[    0.530856] initcall con_init+0x0/0x22a returned 0 after 0 usecs
[    0.530858] calling  hvc_console_init+0x0/0x13 @ 0
[    0.531046] initcall hvc_console_init+0x0/0x13 returned 0 after 0 usecs
[    0.531223] calling  univ8250_console_init+0x0/0x26 @ 0
[    1.435208] printk: console [ttyS0] enabled
[    1.439909] initcall univ8250_console_init+0x0/0x26 returned 0 after 0 usecs
[    1.447773] ACPI: Core revision 20200925
[    1.453585] clocksource: hpet: mask: 0xffffffff max_cycles: 0xffffffff, max_idle_ns: 19112604467 ns
[    1.464632] APIC: Switch to symmetric I/O mode setup
[    1.484815] ..TIMER: vector=0x30 apic1=0 pin1=2 apic2=-1 pin2=-1
[    1.491718] clocksource: tsc-early: mask: 0xffffffffffffffff max_cycles: 0x39a85afc727, max_idle_ns: 881590685098 ns
[    1.503507] Calibrating delay loop (skipped) preset value.. 3999.99 BogoMIPS (lpj=1999999)
[    1.504493] pid_max: default: 32768 minimum: 301
[    1.505644] LSM: Security Framework initializing
[    1.506662] Mount-cache hash table entries: 1024 (order: 1, 8192 bytes, linear)
[    1.507521] Mountpoint-cache hash table entries: 1024 (order: 1, 8192 bytes, linear)
[    1.514505] Last level iTLB entries: 4KB 0, 2MB 0, 4MB 0
[    1.515493] Last level dTLB entries: 4KB 0, 2MB 0, 4MB 0, 1GB 0
[    1.516532] Spectre V1 : Mitigation: usercopy/swapgs barriers and __user pointer sanitization
[    1.517494] Spectre V2 : Mitigation: Retpolines
[    1.518492] Spectre V2 : Spectre v2 / SpectreRSB mitigation: Filling RSB on context switch
[    1.519535] Spectre V2 : Spectre v2 / SpectreRSB : Filling RSB on VMEXIT
[    1.520493] Speculative Store Bypass: Vulnerable
[    1.521496] MDS: Vulnerable: Clear CPU buffers attempted, no microcode
[    1.522492] MMIO Stale Data: Unknown: No mitigations
[    1.572001] Freeing SMP alternatives memory: 44K
[    1.677018] smpboot: CPU0: Intel Common KVM processor (family: 0xf, model: 0x6, stepping: 0x1)
[    1.679413] calling  init_hw_perf_events+0x0/0x6ce @ 1
[    1.679505] Performance Events: unsupported Netburst CPU model 6 no PMU driver, software events only.
[    1.681499] initcall init_hw_perf_events+0x0/0x6ce returned 0 after 1953 usecs
[    1.682499] calling  init_real_mode+0x0/0x1e9 @ 1
[    1.684800] initcall init_real_mode+0x0/0x1e9 returned 0 after 976 usecs
[    1.685498] calling  trace_init_perf_perm_irq_work_exit+0x0/0x12 @ 1
[    1.686495] initcall trace_init_perf_perm_irq_work_exit+0x0/0x12 returned 0 after 0 usecs
[    1.687518] calling  validate_x2apic+0x0/0x4a @ 1
[    1.688530] initcall validate_x2apic+0x0/0x4a returned 0 after 0 usecs
[    1.689500] calling  register_nmi_cpu_backtrace_handler+0x0/0x15 @ 1
[    1.690500] initcall register_nmi_cpu_backtrace_handler+0x0/0x15 returned 0 after 0 usecs
[    1.691498] calling  kvm_setup_vsyscall_timeinfo+0x0/0xd1 @ 1
[    1.692496] initcall kvm_setup_vsyscall_timeinfo+0x0/0xd1 returned 0 after 0 usecs
[    1.693495] calling  spawn_ksoftirqd+0x0/0x38 @ 1
[    1.694601] initcall spawn_ksoftirqd+0x0/0x38 returned 0 after 0 usecs
[    1.695495] calling  migration_init+0x0/0x33 @ 1
[    1.696495] initcall migration_init+0x0/0x33 returned 0 after 0 usecs
[    1.697496] calling  srcu_bootup_announce+0x0/0x2f @ 1
[    1.698495] rcu: Hierarchical SRCU implementation.
[    1.699497] initcall srcu_bootup_announce+0x0/0x2f returned 0 after 976 usecs
[    1.700513] calling  rcu_spawn_gp_kthread+0x0/0x1b0 @ 1
[    1.701633] initcall rcu_spawn_gp_kthread+0x0/0x1b0 returned 0 after 0 usecs
[    1.702500] calling  check_cpu_stall_init+0x0/0x1a @ 1
[    1.703495] initcall check_cpu_stall_init+0x0/0x1a returned 0 after 0 usecs
[    1.704496] calling  rcu_sysrq_init+0x0/0x21 @ 1
[    1.705495] initcall rcu_sysrq_init+0x0/0x21 returned 0 after 0 usecs
[    1.706536] calling  trace_init_flags_sys_enter+0x0/0xe @ 1
[    1.707499] initcall trace_init_flags_sys_enter+0x0/0xe returned 0 after 0 usecs
[    1.708497] calling  trace_init_flags_sys_exit+0x0/0xe @ 1
[    1.709499] initcall trace_init_flags_sys_exit+0x0/0xe returned 0 after 0 usecs
[    1.710499] calling  cpu_stop_init+0x0/0x6e @ 1
[    1.711626] initcall cpu_stop_init+0x0/0x6e returned 0 after 0 usecs
[    1.712504] calling  init_kprobes+0x0/0x165 @ 1
[    1.715296] initcall init_kprobes+0x0/0x165 returned 0 after 0 usecs
[    1.715498] calling  init_events+0x0/0x3d @ 1
[    1.716504] initcall init_events+0x0/0x3d returned 0 after 0 usecs
[    1.717496] calling  init_trace_printk+0x0/0xc @ 1
[    1.718496] initcall init_trace_printk+0x0/0xc returned 0 after 0 usecs
[    1.719499] calling  event_trace_enable_again+0x0/0x23 @ 1
[    1.720502] initcall event_trace_enable_again+0x0/0x23 returned 0 after 0 usecs
[    1.721511] calling  static_call_init+0x0/0x77 @ 1
[    1.722499] initcall static_call_init+0x0/0x77 returned 0 after 0 usecs
[    1.723499] calling  jump_label_init_module+0x0/0xc @ 1
[    1.724498] initcall jump_label_init_module+0x0/0xc returned 0 after 0 usecs
[    1.725499] calling  init_zero_pfn+0x0/0x37 @ 1
[    1.726497] initcall init_zero_pfn+0x0/0x37 returned 0 after 0 usecs
[    1.727498] calling  initialize_ptr_random+0x0/0x54 @ 1
[    1.728499] initcall initialize_ptr_random+0x0/0x54 returned 0 after 0 usecs
[    1.729499] calling  efi_memreserve_root_init+0x0/0x25 @ 1
[    1.730530] initcall efi_memreserve_root_init+0x0/0x25 returned 0 after 0 usecs
[    1.731497] calling  efi_earlycon_remap_fb+0x0/0x51 @ 1
[    1.732496] initcall efi_earlycon_remap_fb+0x0/0x51 returned 0 after 0 usecs
[    1.734553] smp: Bringing up secondary CPUs ...
[    1.736819] x86: Booting SMP configuration:
[    1.737493] .... node  #0, CPUs:      #1
[    1.167292] kvm-clock: cpu 1, msr a29e041, secondary cpu clock
[    1.761595] kvm-guest: stealtime: cpu 1, msr 1f49b600
[    1.774935]  #2
[    1.167292] kvm-clock: cpu 2, msr a29e081, secondary cpu clock
[    1.796682] kvm-guest: stealtime: cpu 2, msr 1f51b600
[    1.812310]  #3
[    1.167292] kvm-clock: cpu 3, msr a29e0c1, secondary cpu clock
[    1.834648] kvm-guest: stealtime: cpu 3, msr 1f59b600
[    1.850878] smp: Brought up 1 node, 4 CPUs
[    1.851494] smpboot: Max logical packages: 1
[    1.852493] smpboot: Total of 4 processors activated (15999.99 BogoMIPS)
[    1.858515] devtmpfs: initialized
[    1.860724] calling  ipc_ns_init+0x0/0x3d @ 1
[    1.861544] initcall ipc_ns_init+0x0/0x3d returned 0 after 0 usecs
[    1.862497] calling  init_mmap_min_addr+0x0/0x21 @ 1
[    1.863495] initcall init_mmap_min_addr+0x0/0x21 returned 0 after 0 usecs
[    1.864523] calling  pci_realloc_setup_params+0x0/0x3f @ 1
[    1.866539] initcall pci_realloc_setup_params+0x0/0x3f returned 0 after 0 usecs
[    1.867496] calling  net_ns_init+0x0/0x11c @ 1
[    1.869800] initcall net_ns_init+0x0/0x11c returned 0 after 976 usecs
[    1.870524] calling  e820__register_nvs_regions+0x0/0x37 @ 1
[    1.871495] initcall e820__register_nvs_regions+0x0/0x37 returned 0 after 0 usecs
[    1.872495] calling  cpufreq_register_tsc_scaling+0x0/0x2e @ 1
[    1.873495] initcall cpufreq_register_tsc_scaling+0x0/0x2e returned 0 after 0 usecs
[    1.874495] calling  reboot_init+0x0/0x3c @ 1
[    1.875543] initcall reboot_init+0x0/0x3c returned 0 after 0 usecs
[    1.876497] calling  init_lapic_sysfs+0x0/0x20 @ 1
[    1.877495] initcall init_lapic_sysfs+0x0/0x20 returned 0 after 0 usecs
[    1.878495] calling  alloc_frozen_cpus+0x0/0x7 @ 1
[    1.879494] initcall alloc_frozen_cpus+0x0/0x7 returned 0 after 0 usecs
[    1.880496] calling  cpu_hotplug_pm_sync_init+0x0/0x13 @ 1
[    1.881495] initcall cpu_hotplug_pm_sync_init+0x0/0x13 returned 0 after 0 usecs
[    1.882495] calling  wq_sysfs_init+0x0/0x2a @ 1
[    1.883575] initcall wq_sysfs_init+0x0/0x2a returned 0 after 0 usecs
[    1.884494] calling  ksysfs_init+0x0/0x92 @ 1
[    1.885500] initcall ksysfs_init+0x0/0x92 returned 0 after 0 usecs
[    1.886495] calling  schedutil_gov_init+0x0/0xc @ 1
[    1.887549] initcall schedutil_gov_init+0x0/0xc returned 0 after 0 usecs
[    1.888493] calling  pm_init+0x0/0x76 @ 1
[    1.890553] initcall pm_init+0x0/0x76 returned 0 after 976 usecs
[    1.891493] calling  pm_disk_init+0x0/0x13 @ 1
[    1.892586] initcall pm_disk_init+0x0/0x13 returned 0 after 0 usecs
[    1.893494] calling  swsusp_header_init+0x0/0x2b @ 1
[    1.894539] initcall swsusp_header_init+0x0/0x2b returned 0 after 0 usecs
[    1.895494] calling  rcu_set_runtime_mode+0x0/0x16 @ 1
[    1.896495] initcall rcu_set_runtime_mode+0x0/0x16 returned 0 after 0 usecs
[    1.897496] calling  init_jiffies_clocksource+0x0/0x13 @ 1
[    1.898494] clocksource: jiffies: mask: 0xffffffff max_cycles: 0xffffffff, max_idle_ns: 1911260446275000 ns
[    1.899497] initcall init_jiffies_clocksource+0x0/0x13 returned 0 after 976 usecs
[    1.900495] calling  futex_init+0x0/0xfa @ 1
[    1.901498] futex hash table entries: 1024 (order: 4, 65536 bytes, linear)
[    1.903624] initcall futex_init+0x0/0xfa returned 0 after 1953 usecs
[    1.904495] calling  cgroup_wq_init+0x0/0x28 @ 1
[    1.905500] initcall cgroup_wq_init+0x0/0x28 returned 0 after 0 usecs
[    1.906494] calling  cgroup1_wq_init+0x0/0x28 @ 1
[    1.907511] initcall cgroup1_wq_init+0x0/0x28 returned 0 after 0 usecs
[    1.908495] calling  init_kprobe_trace_early+0x0/0x2a @ 1
[    1.909510] initcall init_kprobe_trace_early+0x0/0x2a returned 0 after 0 usecs
[    1.910495] calling  fsnotify_init+0x0/0x48 @ 1
[    1.911505] initcall fsnotify_init+0x0/0x48 returned 0 after 0 usecs
[    1.912498] calling  filelock_init+0x0/0x96 @ 1
[    1.913507] initcall filelock_init+0x0/0x96 returned 0 after 0 usecs
[    1.914496] calling  init_misc_binfmt+0x0/0x2c @ 1
[    1.915497] initcall init_misc_binfmt+0x0/0x2c returned 0 after 0 usecs
[    1.916557] calling  init_script_binfmt+0x0/0x15 @ 1
[    1.917496] initcall init_script_binfmt+0x0/0x15 returned 0 after 0 usecs
[    1.918499] calling  init_elf_binfmt+0x0/0x15 @ 1
[    1.919495] initcall init_elf_binfmt+0x0/0x15 returned 0 after 0 usecs
[    1.920494] calling  init_compat_elf_binfmt+0x0/0x15 @ 1
[    1.921495] initcall init_compat_elf_binfmt+0x0/0x15 returned 0 after 0 usecs
[    1.922495] calling  debugfs_init+0x0/0x5c @ 1
[    1.923501] initcall debugfs_init+0x0/0x5c returned 0 after 0 usecs
[    1.924495] calling  tracefs_init+0x0/0x3a @ 1
[    1.925498] initcall tracefs_init+0x0/0x3a returned 0 after 0 usecs
[    1.926495] calling  prandom_init_early+0x0/0x15d @ 1
[    1.927494] initcall prandom_init_early+0x0/0x15d returned 0 after 0 usecs
[    1.928906] calling  virtio_init+0x0/0x20 @ 1
[    1.929518] initcall virtio_init+0x0/0x20 returned 0 after 0 usecs
[    1.930496] calling  iommu_init+0x0/0x2a @ 1
[    1.931499] initcall iommu_init+0x0/0x2a returned 0 after 0 usecs
[    1.932495] calling  component_debug_init+0x0/0x1c @ 1
[    1.933537] initcall component_debug_init+0x0/0x1c returned 0 after 0 usecs
[    1.934495] calling  early_resume_init+0x0/0xb9 @ 1
[    1.936120] PM: RTC time: 03:48:45, date: 2022-12-13
[    1.936496] initcall early_resume_init+0x0/0xb9 returned 0 after 976 usecs
[    1.937495] calling  cpufreq_core_init+0x0/0x62 @ 1
[    1.938529] initcall cpufreq_core_init+0x0/0x62 returned 0 after 0 usecs
[    1.939496] calling  cpufreq_gov_performance_init+0x0/0xc @ 1
[    1.940495] initcall cpufreq_gov_performance_init+0x0/0xc returned 0 after 0 usecs
[    1.941495] calling  cpufreq_gov_userspace_init+0x0/0xc @ 1
[    1.942495] initcall cpufreq_gov_userspace_init+0x0/0xc returned 0 after 0 usecs
[    1.943494] calling  CPU_FREQ_GOV_ONDEMAND_init+0x0/0xc @ 1
[    1.944494] initcall CPU_FREQ_GOV_ONDEMAND_init+0x0/0xc returned 0 after 0 usecs
[    1.945495] calling  cpuidle_init+0x0/0x1f @ 1
[    1.947525] initcall cpuidle_init+0x0/0x1f returned 0 after 976 usecs
[    1.948497] calling  capsule_reboot_register+0x0/0xc @ 1
[    1.949495] initcall capsule_reboot_register+0x0/0xc returned 0 after 0 usecs
[    1.950494] calling  sock_init+0x0/0x93 @ 1
[    1.952636] initcall sock_init+0x0/0x93 returned 0 after 976 usecs
[    1.953495] calling  net_inuse_init+0x0/0x23 @ 1
[    1.954497] initcall net_inuse_init+0x0/0x23 returned 0 after 0 usecs
[    1.955495] calling  net_defaults_init+0x0/0x23 @ 1
[    1.956496] initcall net_defaults_init+0x0/0x23 returned 0 after 0 usecs
[    1.957494] calling  init_default_flow_dissectors+0x0/0x4f @ 1
[    1.958591] initcall init_default_flow_dissectors+0x0/0x4f returned 0 after 0 usecs
[    1.959494] calling  netpoll_init+0x0/0x26 @ 1
[    1.960494] initcall netpoll_init+0x0/0x26 returned 0 after 0 usecs
[    1.961494] calling  netlink_proto_init+0x0/0x14f @ 1
[    1.962728] NET: Registered protocol family 16
[    1.963705] initcall netlink_proto_init+0x0/0x14f returned 0 after 976 usecs
[    1.964555] calling  genl_init+0x0/0x35 @ 1
[    1.965507] initcall genl_init+0x0/0x35 returned 0 after 0 usecs
[    1.966570] calling  bsp_pm_check_init+0x0/0x13 @ 1
[    1.967499] initcall bsp_pm_check_init+0x0/0x13 returned 0 after 0 usecs
[    1.968545] calling  irq_sysfs_init+0x0/0xb7 @ 1
[    1.970599] initcall irq_sysfs_init+0x0/0xb7 returned 0 after 976 usecs
[    1.971499] calling  audit_init+0x0/0x160 @ 1
[    1.972500] audit: initializing netlink subsys (disabled)
[    1.974808] initcall audit_init+0x0/0x160 returned 0 after 1953 usecs
[    1.974639] audit: type=2000 audit(1670903324.009:1): state=initialized audit_enabled=0 res=1
[    1.975501] calling  release_early_probes+0x0/0x32 @ 1
[    1.977501] initcall release_early_probes+0x0/0x32 returned 0 after 0 usecs
[    1.978536] calling  bdi_class_init+0x0/0x48 @ 1
[    1.979521] initcall bdi_class_init+0x0/0x48 returned 0 after 0 usecs
[    1.980498] calling  mm_sysfs_init+0x0/0x28 @ 1
[    1.981505] initcall mm_sysfs_init+0x0/0x28 returned 0 after 0 usecs
[    1.982498] calling  init_per_zone_wmark_min+0x0/0x6d @ 1
[    1.983501] initcall init_per_zone_wmark_min+0x0/0x6d returned 0 after 0 usecs
[    1.984498] calling  mpi_init+0x0/0x3e @ 1
[    1.985512] initcall mpi_init+0x0/0x3e returned 0 after 0 usecs
[    1.986496] calling  kobject_uevent_init+0x0/0xc @ 1
[    1.987506] initcall kobject_uevent_init+0x0/0xc returned 0 after 0 usecs
[    1.988497] calling  pcibus_class_init+0x0/0x13 @ 1
[    1.989532] initcall pcibus_class_init+0x0/0x13 returned 0 after 0 usecs
[    1.990500] calling  pci_driver_init+0x0/0x21 @ 1
[    1.992508] initcall pci_driver_init+0x0/0x21 returned 0 after 976 usecs
[    1.993499] calling  backlight_class_init+0x0/0xa8 @ 1
[    1.994533] initcall backlight_class_init+0x0/0xa8 returned 0 after 0 usecs
[    1.995497] calling  tty_class_init+0x0/0x33 @ 1
[    1.997510] initcall tty_class_init+0x0/0x33 returned 0 after 0 usecs
[    1.998497] calling  vtconsole_class_init+0x0/0xb5 @ 1
[    1.999549] initcall vtconsole_class_init+0x0/0xb5 returned 0 after 0 usecs
[    2.000496] calling  iommu_dev_init+0x0/0x13 @ 1
[    2.001581] initcall iommu_dev_init+0x0/0x13 returned 0 after 0 usecs
[    2.002495] calling  mipi_dsi_bus_init+0x0/0xc @ 1
[    2.003547] initcall mipi_dsi_bus_init+0x0/0xc returned 0 after 0 usecs
[    2.004500] calling  devlink_class_init+0x0/0x40 @ 1
[    2.005503] initcall devlink_class_init+0x0/0x40 returned 0 after 0 usecs
[    2.006496] calling  software_node_init+0x0/0x2a @ 1
[    2.007501] initcall software_node_init+0x0/0x2a returned 0 after 0 usecs
[    2.008496] calling  wakeup_sources_debugfs_init+0x0/0x23 @ 1
[    2.009504] initcall wakeup_sources_debugfs_init+0x0/0x23 returned 0 after 0 usecs
[    2.010496] calling  wakeup_sources_sysfs_init+0x0/0x2c @ 1
[    2.011510] initcall wakeup_sources_sysfs_init+0x0/0x2c returned 0 after 0 usecs
[    2.012496] calling  register_node_type+0x0/0x13 @ 1
[    2.013530] initcall register_node_type+0x0/0x13 returned 0 after 0 usecs
[    2.014496] calling  regmap_initcall+0x0/0xc @ 1
[    2.016555] initcall regmap_initcall+0x0/0xc returned 0 after 976 usecs
[    2.017497] calling  i2c_init+0x0/0xb3 @ 1
[    2.018559] initcall i2c_init+0x0/0xb3 returned 0 after 0 usecs
[    2.019497] calling  thermal_init+0x0/0xf2 @ 1
[    2.020494] thermal_sys: Registered thermal governor 'step_wise'
[    2.020495] thermal_sys: Registered thermal governor 'user_space'
[    2.021516] initcall thermal_init+0x0/0xf2 returned 0 after 976 usecs
[    2.024498] calling  init_menu+0x0/0xc @ 1
[    2.026588] cpuidle: using governor menu
[    2.031502] initcall init_menu+0x0/0xc returned 0 after 5859 usecs
[    2.038499] calling  pcc_init+0x0/0x4d @ 1
[    2.043497] initcall pcc_init+0x0/0x4d returned -19 after 0 usecs
[    2.050498] calling  amd_postcore_init+0x0/0x11e @ 1
[    2.057500] initcall amd_postcore_init+0x0/0x11e returned 0 after 0 usecs
[    2.067531] calling  bts_init+0x0/0xba @ 1
[    2.073501] initcall bts_init+0x0/0xba returned -19 after 0 usecs
[    2.082499] calling  pt_init+0x0/0x341 @ 1
[    2.088497] initcall pt_init+0x0/0x341 returned -19 after 0 usecs
[    2.095496] calling  boot_params_ksysfs_init+0x0/0x2ee @ 1
[    2.101530] initcall boot_params_ksysfs_init+0x0/0x2ee returned 0 after 0 usecs
[    2.110495] calling  sbf_init+0x0/0xea @ 1
[    2.115495] initcall sbf_init+0x0/0xea returned 0 after 0 usecs
[    2.122495] calling  arch_kdebugfs_init+0x0/0x219 @ 1
[    2.128544] initcall arch_kdebugfs_init+0x0/0x219 returned 0 after 0 usecs
[    2.137496] calling  intel_pconfig_init+0x0/0x85 @ 1
[    2.143495] initcall intel_pconfig_init+0x0/0x85 returned 0 after 0 usecs
[    2.151498] calling  mtrr_if_init+0x0/0x5d @ 1
[    2.156524] initcall mtrr_if_init+0x0/0x5d returned 0 after 0 usecs
[    2.163495] calling  activate_jump_labels+0x0/0x31 @ 1
[    2.170496] initcall activate_jump_labels+0x0/0x31 returned 0 after 0 usecs
[    2.178497] calling  ffh_cstate_init+0x0/0x29 @ 1
[    2.183522] initcall ffh_cstate_init+0x0/0x29 returned 0 after 0 usecs
[    2.191497] calling  activate_jump_labels+0x0/0x31 @ 1
[    2.198847] initcall activate_jump_labels+0x0/0x31 returned 0 after 0 usecs
[    2.206516] calling  kvm_alloc_cpumask+0x0/0x74 @ 1
[    2.212548] initcall kvm_alloc_cpumask+0x0/0x74 returned 0 after 0 usecs
[    2.220496] calling  kcmp_cookies_init+0x0/0x37 @ 1
[    2.226507] initcall kcmp_cookies_init+0x0/0x37 returned 0 after 0 usecs
[    2.234515] calling  cryptomgr_init+0x0/0xc @ 1
[    2.239564] initcall cryptomgr_init+0x0/0xc returned 0 after 976 usecs
[    2.247496] calling  acpi_pci_init+0x0/0x57 @ 1
[    2.253494] ACPI: bus type PCI registered
[    2.258495] initcall acpi_pci_init+0x0/0x57 returned 0 after 4882 usecs
[    2.266495] calling  dma_channel_table_init+0x0/0xd1 @ 1
[    2.272502] initcall dma_channel_table_init+0x0/0xd1 returned 0 after 0 usecs
[    2.280496] calling  dma_bus_init+0x0/0xdc @ 1
[    2.286981] initcall dma_bus_init+0x0/0xdc returned 0 after 0 usecs
[    2.296647] calling  iommu_dma_init+0x0/0x10 @ 1
[    2.301504] initcall iommu_dma_init+0x0/0x10 returned 0 after 0 usecs
[    2.309497] calling  dmi_id_init+0x0/0x37c @ 1
[    2.314698] initcall dmi_id_init+0x0/0x37c returned 0 after 976 usecs
[    2.323498] calling  pci_arch_init+0x0/0x71 @ 1
[    2.330299] PCI: MMCONFIG for domain 0000 [bus 00-ff] at [mem 0xb0000000-0xbfffffff] (base 0xb0000000)
[    2.341498] PCI: MMCONFIG at [mem 0xb0000000-0xbfffffff] reserved in E820
[    2.349518] PCI: Using configuration type 1 for base access
[    2.356542] initcall pci_arch_init+0x0/0x71 returned 0 after 27343 usecs
[    2.366553] calling  init_vdso+0x0/0x13 @ 1
[    2.372550] initcall init_vdso+0x0/0x13 returned 0 after 0 usecs
[    2.381501] calling  sysenter_setup+0x0/0x13 @ 1
[    2.388533] initcall sysenter_setup+0x0/0x13 returned 0 after 0 usecs
[    2.395499] calling  fixup_ht_bug+0x0/0xe5 @ 1
[    2.401500] initcall fixup_ht_bug+0x0/0xe5 returned 0 after 0 usecs
[    2.410504] calling  topology_init+0x0/0x88 @ 1
[    2.417716] initcall topology_init+0x0/0x88 returned 0 after 976 usecs
[    2.427501] calling  intel_epb_init+0x0/0x68 @ 1
[    2.434499] initcall intel_epb_init+0x0/0x68 returned -19 after 0 usecs
[    2.442499] calling  mtrr_init_finialize+0x0/0x3e @ 1
[    2.448503] initcall mtrr_init_finialize+0x0/0x3e returned 0 after 0 usecs
[    2.457499] calling  uid_cache_init+0x0/0x81 @ 1
[    2.462507] initcall uid_cache_init+0x0/0x81 returned 0 after 0 usecs
[    2.471498] calling  param_sysfs_init+0x0/0x1ba @ 1
[    2.482645] initcall param_sysfs_init+0x0/0x1ba returned 0 after 3906 usecs
[    2.490497] calling  user_namespace_sysctl_init+0x0/0x33 @ 1
[    2.497524] initcall user_namespace_sysctl_init+0x0/0x33 returned 0 after 0 usecs
[    2.506498] calling  proc_schedstat_init+0x0/0x24 @ 1
[    2.512505] initcall proc_schedstat_init+0x0/0x24 returned 0 after 0 usecs
[    2.521498] calling  pm_sysrq_init+0x0/0x18 @ 1
[    2.531501] initcall pm_sysrq_init+0x0/0x18 returned 0 after 2929 usecs
[    2.540591] calling  create_proc_profile+0x0/0xd0 @ 1
[    2.548506] initcall create_proc_profile+0x0/0xd0 returned 0 after 0 usecs
[    2.557503] calling  time_ns_init+0x0/0x7 @ 1
[    2.563500] initcall time_ns_init+0x0/0x7 returned 0 after 0 usecs
[    2.570498] calling  crash_save_vmcoreinfo_init+0x0/0x722 @ 1
[    2.577688] initcall crash_save_vmcoreinfo_init+0x0/0x722 returned 0 after 976 usecs
[    2.587500] calling  crash_notes_memory_init+0x0/0x35 @ 1
[    2.594507] initcall crash_notes_memory_init+0x0/0x35 returned 0 after 0 usecs
[    2.603497] calling  cgroup_sysfs_init+0x0/0x13 @ 1
[    2.609546] initcall cgroup_sysfs_init+0x0/0x13 returned 0 after 0 usecs
[    2.617497] calling  cgroup_namespaces_init+0x0/0x7 @ 1
[    2.624513] initcall cgroup_namespaces_init+0x0/0x7 returned 0 after 0 usecs
[    2.633496] calling  init_optprobes+0x0/0x13 @ 1
[    2.638493] Kprobes globally optimized
[    2.643496] initcall init_optprobes+0x0/0x13 returned 0 after 4882 usecs
[    2.651567] calling  oom_init+0x0/0x2f @ 1
[    2.657779] initcall oom_init+0x0/0x2f returned 0 after 976 usecs
[    2.665498] calling  default_bdi_init+0x0/0xb3 @ 1
[    2.672886] initcall default_bdi_init+0x0/0xb3 returned 0 after 976 usecs
[    2.681498] calling  percpu_enable_async+0x0/0xe @ 1
[    2.687496] initcall percpu_enable_async+0x0/0xe returned 0 after 0 usecs
[    2.695496] calling  kcompactd_init+0x0/0x8d @ 1
[    2.702641] initcall kcompactd_init+0x0/0x8d returned 0 after 976 usecs
[    2.710560] calling  init_user_reserve+0x0/0x40 @ 1
[    2.716499] initcall init_user_reserve+0x0/0x40 returned 0 after 0 usecs
[    2.724498] calling  init_admin_reserve+0x0/0x40 @ 1
[    2.730496] initcall init_admin_reserve+0x0/0x40 returned 0 after 0 usecs
[    2.738499] calling  init_reserve_notifier+0x0/0x7 @ 1
[    2.745497] initcall init_reserve_notifier+0x0/0x7 returned 0 after 0 usecs
[    2.753498] calling  swap_init_sysfs+0x0/0x62 @ 1
[    2.760508] initcall swap_init_sysfs+0x0/0x62 returned 0 after 0 usecs
[    2.768496] calling  swapfile_init+0x0/0x94 @ 1
[    2.774497] initcall swapfile_init+0x0/0x94 returned 0 after 0 usecs
[    2.781496] calling  hugetlb_init+0x0/0x499 @ 1
[    2.787515] HugeTLB registered 2.00 MiB page size, pre-allocated 0 pages
[    2.795536] initcall hugetlb_init+0x0/0x499 returned 0 after 7812 usecs
[    2.803496] calling  io_wq_init+0x0/0x34 @ 1
[    2.808497] initcall io_wq_init+0x0/0x34 returned 0 after 0 usecs
[    2.816496] calling  seqiv_module_init+0x0/0xc @ 1
[    2.822496] initcall seqiv_module_init+0x0/0xc returned 0 after 0 usecs
[    2.830498] calling  echainiv_module_init+0x0/0xc @ 1
[    2.836496] initcall echainiv_module_init+0x0/0xc returned 0 after 0 usecs
[    2.845551] calling  rsa_init+0x0/0x50 @ 1
[    2.851702] initcall rsa_init+0x0/0x50 returned 0 after 976 usecs
[    2.851730] cryptomgr_test (39) used greatest stack depth: 15512 bytes left
[    2.867562] calling  crypto_cmac_module_init+0x0/0xc @ 1
[    2.874496] initcall crypto_cmac_module_init+0x0/0xc returned 0 after 0 usecs
[    2.883496] calling  hmac_module_init+0x0/0xc @ 1
[    2.888496] initcall hmac_module_init+0x0/0xc returned 0 after 0 usecs
[    2.897496] calling  crypto_null_mod_init+0x0/0x65 @ 1
[    2.908922] initcall crypto_null_mod_init+0x0/0x65 returned 0 after 4882 usecs
[    2.917499] calling  md5_mod_init+0x0/0xc @ 1
[    2.924497] initcall md5_mod_init+0x0/0xc returned 0 after 976 usecs
[    2.932498] calling  sha256_generic_mod_init+0x0/0x11 @ 1
[    2.941684] initcall sha256_generic_mod_init+0x0/0x11 returned 0 after 1953 usecs
[    2.950643] calling  crypto_cbc_module_init+0x0/0xc @ 1
[    2.957497] initcall crypto_cbc_module_init+0x0/0xc returned 0 after 0 usecs
[    2.965496] calling  crypto_ctr_module_init+0x0/0x11 @ 1
[    2.972563] initcall crypto_ctr_module_init+0x0/0x11 returned 0 after 0 usecs
[    2.981496] calling  crypto_gcm_module_init+0x0/0x64 @ 1
[    2.987518] initcall crypto_gcm_module_init+0x0/0x64 returned 0 after 976 usecs
[    2.997599] calling  crypto_ccm_module_init+0x0/0x11 @ 1
[    3.004502] initcall crypto_ccm_module_init+0x0/0x11 returned 0 after 0 usecs
[    3.012496] calling  aes_init+0x0/0xc @ 1
[    3.018792] initcall aes_init+0x0/0xc returned 0 after 1953 usecs
[    3.026497] calling  crc32c_mod_init+0x0/0xc @ 1
[    3.033497] initcall crc32c_mod_init+0x0/0xc returned 0 after 976 usecs
[    3.041497] calling  crypto_authenc_module_init+0x0/0xc @ 1
[    3.048497] initcall crypto_authenc_module_init+0x0/0xc returned 0 after 0 usecs
[    3.057496] calling  crypto_authenc_esn_module_init+0x0/0xc @ 1
[    3.065497] initcall crypto_authenc_esn_module_init+0x0/0xc returned 0 after 0 usecs
[    3.074496] calling  drbg_init+0x0/0x7c @ 1
[    3.089651] initcall drbg_init+0x0/0x7c returned 0 after 9765 usecs
[    3.098692] calling  ghash_mod_init+0x0/0xc @ 1
[    3.106680] initcall ghash_mod_init+0x0/0xc returned 0 after 1953 usecs
[    3.116661] calling  init_bio+0x0/0x9a @ 1
[    3.123777] initcall init_bio+0x0/0x9a returned 0 after 0 usecs
[    3.130497] calling  blk_settings_init+0x0/0x29 @ 1
[    3.136495] initcall blk_settings_init+0x0/0x29 returned 0 after 0 usecs
[    3.142496] calling  blk_ioc_init+0x0/0x29 @ 1
[    3.148501] initcall blk_ioc_init+0x0/0x29 returned 0 after 0 usecs
[    3.155496] calling  blk_mq_init+0x0/0xb9 @ 1
[    3.161497] initcall blk_mq_init+0x0/0xb9 returned 0 after 0 usecs
[    3.170499] calling  genhd_device_init+0x0/0x75 @ 1
[    3.178797] initcall genhd_device_init+0x0/0x75 returned 0 after 1953 usecs
[    3.189624] calling  pci_slot_init+0x0/0x40 @ 1
[    3.196511] initcall pci_slot_init+0x0/0x40 returned 0 after 0 usecs
[    3.205499] calling  fbmem_init+0x0/0xd8 @ 1
[    3.210555] initcall fbmem_init+0x0/0xd8 returned 0 after 0 usecs
[    3.217497] calling  acpi_init+0x0/0x319 @ 1
[    3.222513] ACPI: Added _OSI(Module Device)
[    3.228508] ACPI: Added _OSI(Processor Device)
[    3.233494] ACPI: Added _OSI(3.0 _SCP Extensions)
[    3.239493] ACPI: Added _OSI(Processor Aggregator Device)
[    3.245494] ACPI: Added _OSI(Linux-Dell-Video)
[    3.250494] ACPI: Added _OSI(Linux-Lenovo-NV-HDMI-Audio)
[    3.257493] ACPI: Added _OSI(Linux-HPI-Hybrid-Graphics)
[    3.265498] ACPI: 1 ACPI AML tables successfully acquired and loaded
[    3.277596] ACPI: Interpreter enabled
[    3.282543] ACPI: (supports S0 S3 S4 S5)
[    3.287495] ACPI: Using IOAPIC for interrupt routing
[    3.293543] PCI: Using host bridge windows from ACPI; if necessary, use "pci=nocrs" and report a bug
[    3.304837] ACPI: Enabled 2 GPEs in block 00 to 3F
[    3.318635] ACPI: PCI Root Bridge [PCI0] (domain 0000 [bus 00-ff])
[    3.326522] acpi PNP0A08:00: _OSC: OS supports [ExtendedConfig ASPM ClockPM Segments MSI HPX-Type3]
[    3.338583] acpi PNP0A08:00: _OSC: platform does not support [LTR]
[    3.345564] acpi PNP0A08:00: _OSC: OS now controls [PME PCIeCapability]
[    3.354610] PCI host bridge to bus 0000:00
[    3.359595] pci_bus 0000:00: root bus resource [io  0x0000-0x0cf7 window]
[    3.367495] pci_bus 0000:00: root bus resource [io  0x0d00-0xffff window]
[    3.375495] pci_bus 0000:00: root bus resource [mem 0x000a0000-0x000bffff window]
[    3.381498] pci_bus 0000:00: root bus resource [mem 0x20000000-0xafffffff window]
[    3.391497] pci_bus 0000:00: root bus resource [mem 0xc0000000-0xfebfffff window]
[    3.400496] pci_bus 0000:00: root bus resource [mem 0x100000000-0x8ffffffff window]
[    3.409497] pci_bus 0000:00: root bus resource [bus 00-ff]
[    3.416987] pci 0000:00:00.0: calling  quirk_mmio_always_on+0x0/0x10 @ 1
[    3.424501] pci 0000:00:00.0: quirk_mmio_always_on+0x0/0x10 took 0 usecs
[    3.433516] pci 0000:00:00.0: [8086:29c0] type 00 class 0x060000
[    3.443337] pci 0000:00:00.0: calling  quirk_igfx_skip_te_disable+0x0/0x80 @ 1
[    3.452501] pci 0000:00:00.0: quirk_igfx_skip_te_disable+0x0/0x80 took 0 usecs
[    3.462194] pci 0000:00:01.0: [1234:1111] type 00 class 0x030000
[    3.477489] pci 0000:00:01.0: reg 0x10: [mem 0xfd000000-0xfdffffff pref]
[    3.499494] pci 0000:00:01.0: reg 0x18: [mem 0xfebf0000-0xfebf0fff]
[    3.536502] pci 0000:00:01.0: reg 0x30: [mem 0xfebe0000-0xfebeffff pref]
[    3.553501] pci 0000:00:01.0: calling  efifb_fixup_resources+0x0/0xf0 @ 1
[    3.562492] pci 0000:00:01.0: efifb_fixup_resources+0x0/0xf0 took 976 usecs
[    3.593497] pci 0000:00:1f.0: [8086:2918] type 00 class 0x060100
[    3.606498] pci 0000:00:1f.0: calling  quirk_ich7_lpc+0x0/0x60 @ 1
[    3.614770] pci 0000:00:1f.0: quirk: [io  0x0600-0x067f] claimed by ICH6 ACPI/GPIO/TCO
[    3.626916] pci 0000:00:1f.0: quirk_ich7_lpc+0x0/0x60 took 11718 usecs
[    3.636304] pci 0000:00:1f.0: calling  quirk_igfx_skip_te_disable+0x0/0x80 @ 1
[    3.645582] pci 0000:00:1f.0: quirk_igfx_skip_te_disable+0x0/0x80 took 0 usecs
[    3.657492] pci 0000:00:1f.2: [8086:2922] type 00 class 0x010601
[    3.674213] pci 0000:00:1f.2: reg 0x20: [io  0xc040-0xc05f]
[    3.683502] pci 0000:00:1f.2: reg 0x24: [mem 0xfebf1000-0xfebf1fff]
[    3.692499] pci 0000:00:1f.2: calling  quirk_igfx_skip_te_disable+0x0/0x80 @ 1
[    3.701502] pci 0000:00:1f.2: quirk_igfx_skip_te_disable+0x0/0x80 took 0 usecs
[    3.713492] pci 0000:00:1f.3: [8086:2930] type 00 class 0x0c0500
[    3.726493] pci 0000:00:1f.3: reg 0x20: [io  0x0700-0x073f]
[    3.737492] pci 0000:00:1f.3: calling  quirk_igfx_skip_te_disable+0x0/0x80 @ 1
[    3.746503] pci 0000:00:1f.3: quirk_igfx_skip_te_disable+0x0/0x80 took 0 usecs
[    3.760565] ACPI: PCI Interrupt Link [LNKA] (IRQs 5 *10 11)
[    3.769516] ACPI: PCI Interrupt Link [LNKB] (IRQs 5 *10 11)
[    3.779016] ACPI: PCI Interrupt Link [LNKC] (IRQs 5 10 *11)
[    3.787993] ACPI: PCI Interrupt Link [LNKD] (IRQs 5 10 *11)
[    3.796783] ACPI: PCI Interrupt Link [LNKE] (IRQs 5 *10 11)
[    3.806990] ACPI: PCI Interrupt Link [LNKF] (IRQs 5 *10 11)
[    3.815033] ACPI: PCI Interrupt Link [LNKG] (IRQs 5 10 *11)
[    3.824498] ACPI: PCI Interrupt Link [LNKH] (IRQs 5 10 *11)
[    3.833492] ACPI: PCI Interrupt Link [GSIA] (IRQs *16)
[    3.840512] ACPI: PCI Interrupt Link [GSIB] (IRQs *17)
[    3.848511] ACPI: PCI Interrupt Link [GSIC] (IRQs *18)
[    3.856512] ACPI: PCI Interrupt Link [GSID] (IRQs *19)
[    3.863516] ACPI: PCI Interrupt Link [GSIE] (IRQs *20)
[    3.871621] ACPI: PCI Interrupt Link [GSIF] (IRQs *21)
[    3.879513] ACPI: PCI Interrupt Link [GSIG] (IRQs *22)
[    3.887511] ACPI: PCI Interrupt Link [GSIH] (IRQs *23)
[    3.899493] initcall acpi_init+0x0/0x319 returned 0 after 661132 usecs
[    3.909827] calling  pnp_init+0x0/0xc @ 1
[    3.915639] initcall pnp_init+0x0/0xc returned 0 after 0 usecs
[    3.923516] calling  misc_init+0x0/0xbf @ 1
[    3.928684] initcall misc_init+0x0/0xbf returned 0 after 0 usecs
[    3.936502] calling  iommu_subsys_init+0x0/0x4e @ 1
[    3.942613] iommu: Default domain type: Translated 
[    3.948500] initcall iommu_subsys_init+0x0/0x4e returned 0 after 5859 usecs
[    3.956499] calling  vga_arb_device_init+0x0/0x261 @ 1
[    3.967171] pci 0000:00:01.0: vgaarb: setting as boot VGA device
[    3.972492] pci 0000:00:01.0: vgaarb: VGA device added: decodes=io+mem,owns=io+mem,locks=none
[    3.984758] pci 0000:00:01.0: vgaarb: bridge control possible
[    3.991494] vgaarb: loaded
[    3.994502] initcall vga_arb_device_init+0x0/0x261 returned 0 after 31250 usecs
[    4.003683] calling  cn_init+0x0/0xf0 @ 1
[    4.010492] initcall cn_init+0x0/0xf0 returned 0 after 976 usecs
[    4.018502] calling  dma_buf_init+0x0/0xad @ 1
[    4.024493] initcall dma_buf_init+0x0/0xad returned 0 after 976 usecs
[    4.031498] calling  init_scsi+0x0/0x79 @ 1
[    4.037601] SCSI subsystem initialized
[    4.042500] initcall init_scsi+0x0/0x79 returned 0 after 5859 usecs
[    4.051498] calling  ata_init+0x0/0x332 @ 1
[    4.057845] libata version 3.00 loaded.
[    4.062498] initcall ata_init+0x0/0x332 returned 0 after 5859 usecs
[    4.069498] calling  phy_init+0x0/0x250 @ 1
[    4.075024] initcall phy_init+0x0/0x250 returned 0 after 976 usecs
[    4.084498] calling  init_pcmcia_cs+0x0/0x35 @ 1
[    4.090607] initcall init_pcmcia_cs+0x0/0x35 returned 0 after 0 usecs
[    4.100501] calling  usb_common_init+0x0/0x1c @ 1
[    4.107607] initcall usb_common_init+0x0/0x1c returned 0 after 0 usecs
[    4.116499] calling  usb_init+0x0/0x12e @ 1
[    4.122649] ACPI: bus type USB registered
[    4.127964] usbcore: registered new interface driver usbfs
[    4.135565] usbcore: registered new interface driver hub
[    4.141511] usbcore: registered new device driver usb
[    4.147543] initcall usb_init+0x0/0x12e returned 0 after 24414 usecs
[    4.152500] calling  serio_init+0x0/0x29 @ 1
[    4.157568] initcall serio_init+0x0/0x29 returned 0 after 0 usecs
[    4.165498] calling  input_init+0x0/0xf6 @ 1
[    4.170604] initcall input_init+0x0/0xf6 returned 0 after 0 usecs
[    4.177498] calling  rtc_init+0x0/0x4d @ 1
[    4.182549] initcall rtc_init+0x0/0x4d returned 0 after 0 usecs
[    4.190500] calling  pps_init+0x0/0xa9 @ 1
[    4.195518] pps_core: LinuxPPS API ver. 1 registered
[    4.201682] pps_core: Software ver. 5.3.6 - Copyright 2005-2007 Rodolfo Giometti <giometti@linux.it>
[    4.209501] initcall pps_init+0x0/0xa9 returned 0 after 13671 usecs
[    4.219501] calling  ptp_init+0x0/0x98 @ 1
[    4.224510] PTP clock support registered
[    4.229499] initcall ptp_init+0x0/0x98 returned 0 after 4882 usecs
[    4.237500] calling  power_supply_class_init+0x0/0x3f @ 1
[    4.244322] initcall power_supply_class_init+0x0/0x3f returned 0 after 1953 usecs
[    4.253499] calling  hwmon_init+0x0/0x104 @ 1
[    4.260667] initcall hwmon_init+0x0/0x104 returned 0 after 0 usecs
[    4.268498] calling  md_init+0x0/0x16b @ 1
[    4.281051] initcall md_init+0x0/0x16b returned 0 after 7812 usecs
[    4.284499] calling  leds_init+0x0/0x3b @ 1
[    4.288782] initcall leds_init+0x0/0x3b returned 0 after 0 usecs
[    4.293497] calling  dmi_init+0x0/0x113 @ 1
[    4.301501] initcall dmi_init+0x0/0x113 returned 0 after 1953 usecs
[    4.309799] calling  efisubsys_init+0x0/0x4e7 @ 1
[    4.316688] initcall efisubsys_init+0x0/0x4e7 returned 0 after 0 usecs
[    4.323500] calling  nvmem_init+0x0/0xc @ 1
[    4.326183] initcall nvmem_init+0x0/0xc returned 0 after 2929 usecs
[    4.333499] calling  init_soundcore+0x0/0x33 @ 1
[    4.333890] initcall init_soundcore+0x0/0x33 returned 0 after 1953 usecs
[    4.340506] calling  alsa_sound_init+0x0/0x8f @ 1
[    4.347494] Advanced Linux Sound Architecture Driver Initialized.
[    4.351499] initcall alsa_sound_init+0x0/0x8f returned 0 after 5859 usecs
[    4.359498] calling  alsa_seq_device_init+0x0/0x71 @ 1
[    4.362763] initcall alsa_seq_device_init+0x0/0x71 returned 0 after 0 usecs
[    4.370853] calling  hda_bus_init+0x0/0xc @ 1
[    4.378519] initcall hda_bus_init+0x0/0xc returned 0 after 0 usecs
[    4.386496] calling  proto_init+0x0/0xc @ 1
[    4.387776] initcall proto_init+0x0/0xc returned 0 after 0 usecs
[    4.393497] calling  net_dev_init+0x0/0x209 @ 1
[    4.409871] initcall net_dev_init+0x0/0x209 returned 0 after 15625 usecs
[    4.415501] calling  neigh_init+0x0/0x84 @ 1
[    4.419501] initcall neigh_init+0x0/0x84 returned 0 after 0 usecs
[    4.426499] calling  fib_notifier_init+0x0/0xc @ 1
[    4.429500] initcall fib_notifier_init+0x0/0xc returned 0 after 0 usecs
[    4.434498] calling  fib_rules_init+0x0/0xab @ 1
[    4.438349] initcall fib_rules_init+0x0/0xab returned 0 after 0 usecs
[    4.441497] calling  pktsched_init+0x0/0x10e @ 1
[    4.446074] initcall pktsched_init+0x0/0x10e returned 0 after 0 usecs
[    4.449497] calling  tc_filter_init+0x0/0xfa @ 1
[    4.455825] initcall tc_filter_init+0x0/0xfa returned 0 after 0 usecs
[    4.461498] calling  tc_action_init+0x0/0x54 @ 1
[    4.464500] initcall tc_action_init+0x0/0x54 returned 0 after 0 usecs
[    4.469502] calling  ethnl_init+0x0/0x52 @ 1
[    4.473514] initcall ethnl_init+0x0/0x52 returned 0 after 0 usecs
[    4.477899] calling  nexthop_init+0x0/0xd8 @ 1
[    4.484489] initcall nexthop_init+0x0/0xd8 returned 0 after 976 usecs
[    4.488498] calling  cipso_v4_init+0x0/0x5d @ 1
[    4.495498] initcall cipso_v4_init+0x0/0x5d returned 0 after 976 usecs
[    4.501498] calling  ieee80211_init+0x0/0x24 @ 1
[    4.506792] initcall ieee80211_init+0x0/0x24 returned 0 after 0 usecs
[    4.513497] calling  netlbl_init+0x0/0x78 @ 1
[    4.517732] NetLabel: Initializing
[    4.522493] NetLabel:  domain hash size = 128
[    4.525492] NetLabel:  protocols = UNLABELED CIPSOv4 CALIPSO
[    4.527492] NetLabel:  unlabeled traffic allowed by default
[    4.533521] initcall netlbl_init+0x0/0x78 returned 0 after 15625 usecs
[    4.537498] calling  rfkill_init+0x0/0x111 @ 1
[    4.545781] initcall rfkill_init+0x0/0x111 returned 0 after 4882 usecs
[    4.551498] calling  pci_subsys_init+0x0/0x66 @ 1
[    4.553887] PCI: Using ACPI for IRQ routing
[    5.303492] PCI: pci_cache_line_size set to 64 bytes
[    5.314037] e820: reserve RAM buffer [mem 0x0009fc00-0x0009ffff]
[    5.324492] e820: reserve RAM buffer [mem 0x1ffdf000-0x1fffffff]
[    5.334182] initcall pci_subsys_init+0x0/0x66 returned 0 after 762695 usecs
[    5.348492] calling  nmi_warning_debugfs+0x0/0x26 @ 1
[    5.357215] initcall nmi_warning_debugfs+0x0/0x26 returned 0 after 976 usecs
[    5.368500] calling  save_microcode_in_initrd+0x0/0x51 @ 1
[    5.377743] initcall save_microcode_in_initrd+0x0/0x51 returned 0 after 0 usecs
[    5.387518] calling  hpet_late_init+0x0/0x20a @ 1
[    5.393696] hpet: 3 channels of 0 reserved for per-cpu timers
[    5.401817] hpet0: at MMIO 0xfed00000, IRQs 2, 8, 0
[    5.407494] hpet0: 3 comparators, 64-bit 100.000000 MHz counter
[    5.419502] initcall hpet_late_init+0x0/0x20a returned 0 after 25390 usecs
[    5.428509] calling  init_amd_nbs+0x0/0x11c @ 1
[    5.434775] initcall init_amd_nbs+0x0/0x11c returned 0 after 0 usecs
[    5.442517] calling  clocksource_done_booting+0x0/0x41 @ 1
[    5.450721] clocksource: Switched to clocksource kvm-clock
[    5.458921] initcall clocksource_done_booting+0x0/0x41 returned 0 after 10178 usecs
[    5.468768] calling  tracer_init_tracefs+0x0/0x242 @ 1
[    5.686066] initcall tracer_init_tracefs+0x0/0x242 returned 0 after 205570 usecs
[    5.695552] calling  init_trace_printk_function_export+0x0/0x2c @ 1
[    5.703622] initcall init_trace_printk_function_export+0x0/0x2c returned 0 after 11 usecs
[    5.714151] calling  init_kprobe_trace+0x0/0x1a9 @ 1
[    5.720641] initcall init_kprobe_trace+0x0/0x1a9 returned 0 after 28 usecs
[    5.729556] calling  init_dynamic_event+0x0/0x3d @ 1
[    5.735921] initcall init_dynamic_event+0x0/0x3d returned 0 after 9 usecs
[    5.744583] calling  init_uprobe_trace+0x0/0x5c @ 1
[    5.751156] initcall init_uprobe_trace+0x0/0x5c returned 0 after 54 usecs
[    5.759803] calling  init_pipe_fs+0x0/0x44 @ 1
[    5.766181] initcall init_pipe_fs+0x0/0x44 returned 0 after 537 usecs
[    5.774419] calling  inotify_user_setup+0x0/0x47 @ 1
[    5.780921] initcall inotify_user_setup+0x0/0x47 returned 0 after 68 usecs
[    5.789888] calling  eventpoll_init+0x0/0xd4 @ 1
[    5.795989] initcall eventpoll_init+0x0/0xd4 returned 0 after 73 usecs
[    5.804288] calling  anon_inode_init+0x0/0x58 @ 1
[    5.810506] initcall anon_inode_init+0x0/0x58 returned 0 after 88 usecs
[    5.818984] calling  proc_locks_init+0x0/0x27 @ 1
[    5.825329] initcall proc_locks_init+0x0/0x27 returned 0 after 137 usecs
[    5.834024] calling  iomap_init+0x0/0x1b @ 1
[    5.839869] initcall iomap_init+0x0/0x1b returned 0 after 307 usecs
[    5.847868] calling  dquot_init+0x0/0x106 @ 1
[    5.853627] VFS: Disk quotas dquot_6.6.0
[    5.859214] VFS: Dquot-cache hash table entries: 512 (order 0, 4096 bytes)
[    5.867991] initcall dquot_init+0x0/0x106 returned 0 after 14023 usecs
[    5.876351] calling  quota_init+0x0/0x23 @ 1
[    5.882398] initcall quota_init+0x0/0x23 returned 0 after 535 usecs
[    5.890589] calling  proc_cmdline_init+0x0/0x21 @ 1
[    5.896917] initcall proc_cmdline_init+0x0/0x21 returned 0 after 21 usecs
[    5.905546] calling  proc_consoles_init+0x0/0x24 @ 1
[    5.911944] initcall proc_consoles_init+0x0/0x24 returned 0 after 22 usecs
[    5.920752] calling  proc_cpuinfo_init+0x0/0x1e @ 1
[    5.927011] initcall proc_cpuinfo_init+0x0/0x1e returned 0 after 4 usecs
[    5.935617] calling  proc_devices_init+0x0/0x24 @ 1
[    5.941892] initcall proc_devices_init+0x0/0x24 returned 0 after 19 usecs
[    5.954672] calling  proc_interrupts_init+0x0/0x24 @ 1
[    5.960838] initcall proc_interrupts_init+0x0/0x24 returned 0 after 4 usecs
[    5.969445] calling  proc_loadavg_init+0x0/0x21 @ 1
[    5.975901] initcall proc_loadavg_init+0x0/0x21 returned 0 after 4 usecs
[    5.984268] calling  proc_meminfo_init+0x0/0x21 @ 1
[    5.990705] initcall proc_meminfo_init+0x0/0x21 returned 0 after 4 usecs
[    5.999048] calling  proc_stat_init+0x0/0x1e @ 1
[    6.005132] initcall proc_stat_init+0x0/0x1e returned 0 after 522 usecs
[    6.013180] calling  proc_uptime_init+0x0/0x21 @ 1
[    6.019071] initcall proc_uptime_init+0x0/0x21 returned 0 after 5 usecs
[    6.027092] calling  proc_version_init+0x0/0x21 @ 1
[    6.032953] initcall proc_version_init+0x0/0x21 returned 0 after 3 usecs
[    6.041028] calling  proc_softirqs_init+0x0/0x21 @ 1
[    6.047129] initcall proc_softirqs_init+0x0/0x21 returned 0 after 2 usecs
[    6.055343] calling  proc_kcore_init+0x0/0xea @ 1
[    6.061116] initcall proc_kcore_init+0x0/0xea returned 0 after 48 usecs
[    6.069147] calling  vmcore_init+0x0/0x578 @ 1
[    6.074805] initcall vmcore_init+0x0/0x578 returned 0 after 88 usecs
[    6.082446] calling  proc_kmsg_init+0x0/0x21 @ 1
[    6.088155] initcall proc_kmsg_init+0x0/0x21 returned 0 after 5 usecs
[    6.095910] calling  proc_page_init+0x0/0x3b @ 1
[    6.101689] initcall proc_page_init+0x0/0x3b returned 0 after 5 usecs
[    6.109463] calling  init_ramfs_fs+0x0/0xc @ 1
[    6.114894] initcall init_ramfs_fs+0x0/0xc returned 0 after 17 usecs
[    6.123101] calling  init_hugetlbfs_fs+0x0/0xf6 @ 1
[    6.129211] initcall init_hugetlbfs_fs+0x0/0xf6 returned 0 after 165 usecs
[    6.137346] calling  blk_scsi_ioctl_init+0x0/0x2a5 @ 1
[    6.143830] initcall blk_scsi_ioctl_init+0x0/0x2a5 returned 0 after 275 usecs
[    6.152332] calling  acpi_event_init+0x0/0x2c @ 1
[    6.158094] initcall acpi_event_init+0x0/0x2c returned 0 after 107 usecs
[    6.165935] calling  pnp_system_init+0x0/0xc @ 1
[    6.172745] initcall pnp_system_init+0x0/0xc returned 0 after 1298 usecs
[    6.180754] calling  pnpacpi_init+0x0/0x69 @ 1
[    6.186171] pnp: PnP ACPI init
[    6.191730] pnp 00:00: Plug and Play ACPI device, IDs PNP0303 (active)
[    6.202276] pnp 00:01: Plug and Play ACPI device, IDs PNP0f13 (active)
[    6.211942] pnp 00:02: Plug and Play ACPI device, IDs PNP0400 (active)
[    6.219721] pnp 00:03: Plug and Play ACPI device, IDs PNP0501 (active)
[    6.227594] pnp 00:04: Plug and Play ACPI device, IDs PNP0b00 (active)
[    6.235618] system 00:05: [mem 0xb0000000-0xbfffffff window] has been reserved
[    6.244233] system 00:05: Plug and Play ACPI device, IDs PNP0c01 (active)
[    6.253445] pnp: PnP ACPI: found 6 devices
[    6.258299] initcall pnpacpi_init+0x0/0x69 returned 0 after 70460 usecs
[    6.265994] calling  chr_dev_init+0x0/0x14d @ 1
[    6.378557] initcall chr_dev_init+0x0/0x14d returned 0 after 104233 usecs
[    6.387709] calling  firmware_class_init+0x0/0xe7 @ 1
[    6.394281] initcall firmware_class_init+0x0/0xe7 returned 0 after 311 usecs
[    6.403054] calling  init_pcmcia_bus+0x0/0x5b @ 1
[    6.409703] initcall init_pcmcia_bus+0x0/0x5b returned 0 after 653 usecs
[    6.418125] calling  init_acpi_pm_clocksource+0x0/0xda @ 1
[    6.430477] clocksource: acpi_pm: mask: 0xffffff max_cycles: 0xffffff, max_idle_ns: 2085701024 ns
[    6.441155] initcall init_acpi_pm_clocksource+0x0/0xda returned 0 after 15924 usecs
[    6.450546] calling  sysctl_core_init+0x0/0x26 @ 1
[    6.457608] initcall sysctl_core_init+0x0/0x26 returned 0 after 1117 usecs
[    6.465882] calling  eth_offload_init+0x0/0x13 @ 1
[    6.472226] initcall eth_offload_init+0x0/0x13 returned 0 after 266 usecs
[    6.480600] calling  ipv4_offload_init+0x0/0x73 @ 1
[    6.486868] initcall ipv4_offload_init+0x0/0x73 returned 0 after 150 usecs
[    6.495219] calling  inet_init+0x0/0x276 @ 1
[    6.501748] NET: Registered protocol family 2
[    6.509944] IP idents hash table entries: 8192 (order: 4, 65536 bytes, linear)
[    6.521907] tcp_listen_portaddr_hash hash table entries: 256 (order: 0, 4096 bytes, linear)
[    6.532737] TCP established hash table entries: 4096 (order: 3, 32768 bytes, linear)
[    6.542739] TCP bind hash table entries: 4096 (order: 4, 65536 bytes, linear)
[    6.553416] TCP: Hash tables configured (established 4096 bind 4096)
[    6.564661] UDP hash table entries: 256 (order: 1, 8192 bytes, linear)
[    6.572526] UDP-Lite hash table entries: 256 (order: 1, 8192 bytes, linear)
[    6.581040] initcall inet_init+0x0/0x276 returned 0 after 78516 usecs
[    6.588640] calling  af_unix_init+0x0/0x4d @ 1
[    6.594280] NET: Registered protocol family 1
[    6.599770] initcall af_unix_init+0x0/0x4d returned 0 after 5497 usecs
[    6.607661] calling  ipv6_offload_init+0x0/0x7e @ 1
[    6.613752] initcall ipv6_offload_init+0x0/0x7e returned 0 after 120 usecs
[    6.621955] calling  init_sunrpc+0x0/0x65 @ 1
[    6.638292] RPC: Registered named UNIX socket transport module.
[    6.647175] RPC: Registered udp transport module.
[    6.654311] RPC: Registered tcp transport module.
[    6.661530] RPC: Registered tcp NFSv4.1 backchannel transport module.
[    6.671012] initcall init_sunrpc+0x0/0x65 returned 0 after 42739 usecs
[    6.678808] calling  cfg80211_init+0x0/0xc5 @ 1
[    6.687799] initcall cfg80211_init+0x0/0xc5 returned 0 after 3436 usecs
[    6.695855] calling  pcibios_assign_resources+0x0/0xbf @ 1
[    6.703019] pci_bus 0000:00: resource 4 [io  0x0000-0x0cf7 window]
[    6.710490] pci_bus 0000:00: resource 5 [io  0x0d00-0xffff window]
[    6.719413] pci_bus 0000:00: resource 6 [mem 0x000a0000-0x000bffff window]
[    6.729669] pci_bus 0000:00: resource 7 [mem 0x20000000-0xafffffff window]
[    6.739851] pci_bus 0000:00: resource 8 [mem 0xc0000000-0xfebfffff window]
[    6.748328] pci_bus 0000:00: resource 9 [mem 0x100000000-0x8ffffffff window]
[    6.757219] initcall pcibios_assign_resources+0x0/0xbf returned 0 after 53332 usecs
[    6.766515] calling  pci_apply_final_quirks+0x0/0x124 @ 1
[    6.773851] pci 0000:00:01.0: calling  pci_fixup_video+0x0/0xe0 @ 1
[    6.781681] pci 0000:00:01.0: Video device with shadowed ROM at [mem 0x000c0000-0x000dffff]
[    6.791422] pci 0000:00:01.0: pci_fixup_video+0x0/0xe0 took 9935 usecs
[    6.799437] PCI: CLS 0 bytes, default 64
[    6.804242] initcall pci_apply_final_quirks+0x0/0x124 returned 0 after 30494 usecs
[    6.812922] calling  acpi_reserve_resources+0x0/0xea @ 1
[    6.819340] initcall acpi_reserve_resources+0x0/0xea returned 0 after 64 usecs
[    6.827764] calling  populate_rootfs+0x0/0x102 @ 1
[    6.835136] initcall populate_rootfs+0x0/0x102 returned 0 after 1720 usecs
[    6.843307] calling  pci_iommu_init+0x0/0x3e @ 1
[    6.848972] initcall pci_iommu_init+0x0/0x3e returned 0 after 64 usecs
[    6.874237] calling  ia32_binfmt_init+0x0/0x13 @ 1
[    6.881534] initcall ia32_binfmt_init+0x0/0x13 returned 0 after 323 usecs
[    6.891367] calling  rapl_pmu_init+0x0/0x267 @ 1
[    6.898286] initcall rapl_pmu_init+0x0/0x267 returned -19 after 64 usecs
[    6.907978] calling  amd_uncore_init+0x0/0x310 @ 1
[    6.913749] initcall amd_uncore_init+0x0/0x310 returned -19 after 0 usecs
[    6.921623] calling  amd_ibs_init+0x0/0x243 @ 1
[    6.927044] initcall amd_ibs_init+0x0/0x243 returned -19 after 0 usecs
[    6.934602] calling  amd_iommu_pc_init+0x0/0x215 @ 1
[    6.940679] initcall amd_iommu_pc_init+0x0/0x215 returned -19 after 39 usecs
[    6.949174] calling  msr_init+0x0/0x55 @ 1
[    6.954434] initcall msr_init+0x0/0x55 returned 0 after 199 usecs
[    6.963037] calling  intel_uncore_init+0x0/0x36f @ 1
[    6.969090] initcall intel_uncore_init+0x0/0x36f returned -19 after 39 usecs
[    6.977497] calling  cstate_pmu_init+0x0/0x1a1 @ 1
[    6.983348] initcall cstate_pmu_init+0x0/0x1a1 returned -19 after 0 usecs
[    6.991682] calling  register_kernel_offset_dumper+0x0/0x1a @ 1
[    6.998940] initcall register_kernel_offset_dumper+0x0/0x1a returned 0 after 17 usecs
[    7.008367] calling  i8259A_init_ops+0x0/0x20 @ 1
[    7.014268] initcall i8259A_init_ops+0x0/0x20 returned 0 after 1 usecs
[    7.022168] calling  init_tsc_clocksource+0x0/0xa4 @ 1
[    7.029682] clocksource: tsc: mask: 0xffffffffffffffff max_cycles: 0x39a85afc727, max_idle_ns: 881590685098 ns
[    7.044588] initcall init_tsc_clocksource+0x0/0xa4 returned 0 after 14555 usecs
[    7.055371] calling  add_rtc_cmos+0x0/0xb0 @ 1
[    7.061118] initcall add_rtc_cmos+0x0/0xb0 returned 0 after 204 usecs
[    7.069013] calling  i8237A_init_ops+0x0/0x3a @ 1
[    7.074858] initcall i8237A_init_ops+0x0/0x3a returned 0 after 106 usecs
[    7.083126] calling  umwait_init+0x0/0x94 @ 1
[    7.088630] initcall umwait_init+0x0/0x94 returned -19 after 38 usecs
[    7.096495] calling  thermal_throttle_init_device+0x0/0x3d @ 1
[    7.103788] initcall thermal_throttle_init_device+0x0/0x3d returned 0 after 117 usecs
[    7.114869] calling  msr_init+0x0/0xd7 @ 1
[    7.125372] initcall msr_init+0x0/0xd7 returned 0 after 5505 usecs
[    7.132791] calling  cpuid_init+0x0/0xd7 @ 1
[    7.141756] initcall cpuid_init+0x0/0xd7 returned 0 after 3810 usecs
[    7.149604] calling  ioapic_init_ops+0x0/0x13 @ 1
[    7.155353] initcall ioapic_init_ops+0x0/0x13 returned 0 after 38 usecs
[    7.163210] calling  add_pcspkr+0x0/0x6c @ 1
[    7.168630] initcall add_pcspkr+0x0/0x6c returned 0 after 161 usecs
[    7.176490] calling  start_periodic_check_for_corruption+0x0/0x30 @ 1
[    7.184622] check: Scanning for low memory corruption every 60 seconds
[    7.192444] initcall start_periodic_check_for_corruption+0x0/0x30 returned 0 after 7658 usecs
[    7.204989] calling  sysfb_init+0x0/0x9c @ 1
[    7.211757] initcall sysfb_init+0x0/0x9c returned 0 after 232 usecs
[    7.221181] calling  audit_classes_init+0x0/0xae @ 1
[    7.227840] initcall audit_classes_init+0x0/0xae returned 0 after 48 usecs
[    7.236186] calling  iosf_mbi_init+0x0/0x24 @ 1
[    7.242116] initcall iosf_mbi_init+0x0/0x24 returned 0 after 336 usecs
[    7.250119] calling  proc_execdomains_init+0x0/0x21 @ 1
[    7.256489] initcall proc_execdomains_init+0x0/0x21 returned 0 after 33 usecs
[    7.264933] calling  register_warn_debugfs+0x0/0x23 @ 1
[    7.271689] initcall register_warn_debugfs+0x0/0x23 returned 0 after 25 usecs
[    7.280244] calling  cpuhp_sysfs_init+0x0/0x79 @ 1
[    7.286486] initcall cpuhp_sysfs_init+0x0/0x79 returned 0 after 377 usecs
[    7.294714] calling  ioresources_init+0x0/0x49 @ 1
[    7.300665] initcall ioresources_init+0x0/0x49 returned 0 after 5 usecs
[    7.308686] calling  snapshot_device_init+0x0/0xc @ 1
[    7.316258] initcall snapshot_device_init+0x0/0xc returned 0 after 1301 usecs
[    7.325046] calling  irq_pm_init_ops+0x0/0x13 @ 1
[    7.330929] initcall irq_pm_init_ops+0x0/0x13 returned 0 after 17 usecs
[    7.338905] calling  rcu_torture_init+0x0/0x9a6 @ 1
[    7.344912] srcu-torture:--- Start of test: nreaders=3 nfakewriters=4 stat_interval=15 verbose=1 test_no_idle_hz=1 shuffle_interval=3 stutter=5 irqreader=1 fqs_duration=0 fqs_holdoff=0 fqs_stutter=3 test_boost=1/0 test_boost_interval=7 test_boost_duration=4 shutdown_secs=1800 stall_cpu=0 stall_cpu_holdoff=10 stall_cpu_irqsoff=0 stall_cpu_block=0 n_barrier_cbs=4 onoff_interval=1000 onoff_holdoff=30 read_exit_delay=13 read_exit_burst=16
[    7.390777] srcu:  Start-test grace-period state: g0 f0x0
[    7.397503] srcu-torture: Creating rcu_torture_writer task
[    7.406730] srcu-torture: Creating rcu_torture_fakewriter task
[    7.407051] srcu-torture: rcu_torture_writer task started
[    7.416036] srcu-torture: Creating rcu_torture_fakewriter task
[    7.416457] srcu-torture: rcu_torture_fakewriter task started
[    7.421752] srcu-torture: GP expediting controlled from boot/sysfs for srcu.
[    7.431345] srcu-torture: Creating rcu_torture_fakewriter task
[    7.432097] srcu-torture: rcu_torture_fakewriter task started
[    7.437376] rcu_torture_writer: Testing expedited GPs.
[    7.437377] rcu_torture_writer: Testing asynchronous GPs.
[    7.437378] rcu_torture_writer: Testing normal GPs.
[    7.487596] srcu-torture: Creating rcu_torture_fakewriter task
[    7.487927] srcu-torture: rcu_torture_fakewriter task started
[    7.496732] srcu-torture: Creating rcu_torture_reader task
[    7.497148] srcu-torture: rcu_torture_fakewriter task started
[    7.523190] srcu-torture: Creating rcu_torture_reader task
[    7.523682] srcu-torture: rcu_torture_reader task started
[    7.530372] srcu-torture: Creating rcu_torture_reader task
[    7.532284] srcu-torture: rcu_torture_reader task started
[    7.553255] srcu-torture: Creating rcu_torture_stats task
[    7.553679] srcu-torture: rcu_torture_reader task started
[    7.560846] srcu-torture: Creating torture_shuffle task
[    7.561254] srcu-torture: rcu_torture_stats task started
[    7.581750] srcu-torture: Creating torture_stutter task
[    7.588452] srcu-torture: torture_shuffle task started
[    7.589800] srcu-torture: Creating torture_shutdown task
[    7.594699] srcu-torture: torture_stutter task started
[    7.613415] srcu-torture: Creating torture_onoff task
[    7.613972] srcu-torture: torture_shutdown task started
[    7.620407] srcu-torture: rcu_torture_fwd_prog_init: Disabled, unsupported by RCU flavor under test
[    7.620424] srcu-torture: torture_onoff task started
[    7.620426] srcu-torture: torture_onoff begin holdoff
[    7.627777] srcu-torture:torture_shutdown task: 1799962 ms remaining
[    7.664623] srcu-torture: Creating rcu_torture_barrier_cbs task
[    7.674070] srcu-torture: Creating rcu_torture_barrier_cbs task
[    7.674446] srcu-torture: rcu_torture_barrier_cbs task started
[    7.683331] srcu-torture: Creating rcu_torture_barrier_cbs task
[    7.683358] srcu-torture: rcu_torture_barrier_cbs task started
[    7.705651] srcu-torture: Creating rcu_torture_barrier_cbs task
[    7.705704] srcu-torture: rcu_torture_barrier_cbs task started
[    7.718274] srcu-torture: Creating rcu_torture_barrier task
[    7.718496] srcu-torture: rcu_torture_barrier_cbs task started
[    7.738974] srcu-torture: Creating rcu_torture_read_exit task
[    7.739001] srcu-torture: rcu_torture_barrier task starting
[    7.747427] initcall rcu_torture_init+0x0/0x9a6 returned 0 after 393157 usecs
[    7.747438] srcu-torture: rcu_torture_read_exit: Start of test
[    7.749495] rcu_torture_rea (87) used greatest stack depth: 15136 bytes left
[    7.779436] calling  timekeeping_init_ops+0x0/0x13 @ 1
[    7.785970] initcall timekeeping_init_ops+0x0/0x13 returned 0 after 16 usecs
[    7.794550] calling  init_clocksource_sysfs+0x0/0x23 @ 1
[    7.801122] initcall init_clocksource_sysfs+0x0/0x23 returned 0 after 142 usecs
[    7.810120] calling  init_timer_list_procfs+0x0/0x31 @ 1
[    7.816658] initcall init_timer_list_procfs+0x0/0x31 returned 0 after 3 usecs
[    7.828469] calling  alarmtimer_init+0x0/0xc7 @ 1
[    7.834625] initcall alarmtimer_init+0x0/0xc7 returned 0 after 212 usecs
[    7.843080] calling  init_posix_timers+0x0/0x29 @ 1
[    7.849355] initcall init_posix_timers+0x0/0x29 returned 0 after 5 usecs
[    7.857687] calling  clockevents_init_sysfs+0x0/0xbf @ 1
[    7.864478] initcall clockevents_init_sysfs+0x0/0xbf returned 0 after 70 usecs
[    7.873430] calling  proc_dma_init+0x0/0x21 @ 1
[    7.879044] initcall proc_dma_init+0x0/0x21 returned 0 after 15 usecs
[    7.886952] calling  proc_modules_init+0x0/0x1e @ 1
[    7.893019] initcall proc_modules_init+0x0/0x1e returned 0 after 3 usecs
[    7.901579] calling  kallsyms_init+0x0/0x21 @ 1
[    7.908637] initcall kallsyms_init+0x0/0x21 returned 0 after 2 usecs
[    7.916677] calling  pid_namespaces_init+0x0/0x2c @ 1
[    7.922992] initcall pid_namespaces_init+0x0/0x2c returned 0 after 38 usecs
[    7.931721] calling  audit_watch_init+0x0/0x37 @ 1
[    7.937786] initcall audit_watch_init+0x0/0x37 returned 0 after 1 usecs
[    7.948949] calling  audit_fsnotify_init+0x0/0x37 @ 1
[    7.955294] initcall audit_fsnotify_init+0x0/0x37 returned 0 after 1 usecs
[    7.964131] calling  audit_tree_init+0x0/0x6d @ 1
[    7.970546] initcall audit_tree_init+0x0/0x6d returned 0 after 5 usecs
[    7.979402] calling  seccomp_sysctl_init+0x0/0x2b @ 1
[    7.986910] initcall seccomp_sysctl_init+0x0/0x2b returned 0 after 25 usecs
[    7.997874] calling  utsname_sysctl_init+0x0/0x13 @ 1
[    8.005963] initcall utsname_sysctl_init+0x0/0x13 returned 0 after 69 usecs
[    8.015889] calling  init_tracepoints+0x0/0x27 @ 1
[    8.022267] initcall init_tracepoints+0x0/0x27 returned 0 after 59 usecs
[    8.030639] calling  init_blk_tracer+0x0/0x50 @ 1
[    8.036962] initcall init_blk_tracer+0x0/0x50 returned 0 after 367 usecs
[    8.045208] calling  perf_event_sysfs_init+0x0/0x81 @ 1
[    8.052043] initcall perf_event_sysfs_init+0x0/0x81 returned 0 after 267 usecs
[    8.060916] calling  system_trusted_keyring_init+0x0/0x60 @ 1
[    8.067906] Initialise system trusted keyrings
[    8.073614] initcall system_trusted_keyring_init+0x0/0x60 returned 0 after 5570 usecs
[    8.083081] calling  kswapd_init+0x0/0x5c @ 1
[    8.090188] initcall kswapd_init+0x0/0x5c returned 0 after 1536 usecs
[    8.098308] calling  extfrag_debug_init+0x0/0x54 @ 1
[    8.104493] initcall extfrag_debug_init+0x0/0x54 returned 0 after 48 usecs
[    8.112995] calling  mm_compute_batch_init+0x0/0x12 @ 1
[    8.119740] initcall mm_compute_batch_init+0x0/0x12 returned 0 after 0 usecs
[    8.128658] calling  slab_proc_init+0x0/0x21 @ 1
[    8.134777] initcall slab_proc_init+0x0/0x21 returned 0 after 30 usecs
[    8.142929] calling  workingset_init+0x0/0x8c @ 1
[    8.149003] workingset: timestamp_bits=56 max_order=17 bucket_order=0
[    8.157120] initcall workingset_init+0x0/0x8c returned 0 after 7925 usecs
[    8.165502] calling  proc_vmalloc_init+0x0/0x32 @ 1
[    8.171783] initcall proc_vmalloc_init+0x0/0x32 returned 0 after 18 usecs
[    8.180300] calling  procswaps_init+0x0/0x1e @ 1
[    8.185985] initcall procswaps_init+0x0/0x1e returned 0 after 35 usecs
[    8.195311] calling  slab_sysfs_init+0x0/0xea @ 1
[    8.205368] initcall slab_sysfs_init+0x0/0xea returned 0 after 3483 usecs
[    8.213902] calling  fcntl_init+0x0/0x29 @ 1
[    8.219594] initcall fcntl_init+0x0/0x29 returned 0 after 78 usecs
[    8.227489] calling  proc_filesystems_init+0x0/0x21 @ 1
[    8.234449] initcall proc_filesystems_init+0x0/0x21 returned 0 after 28 usecs
[    8.243500] calling  start_dirtytime_writeback+0x0/0x29 @ 1
[    8.250426] initcall start_dirtytime_writeback+0x0/0x29 returned 0 after 1 usecs
[    8.259793] calling  blkdev_init+0x0/0x1b @ 1
[    8.265839] initcall blkdev_init+0x0/0x1b returned 0 after 298 usecs
[    8.274051] calling  dio_init+0x0/0x2c @ 1
[    8.279240] initcall dio_init+0x0/0x2c returned 0 after 64 usecs
[    8.286707] calling  dnotify_init+0x0/0x78 @ 1
[    8.292613] initcall dnotify_init+0x0/0x78 returned 0 after 10 usecs
[    8.300615] calling  aio_setup+0x0/0x78 @ 1
[    8.307885] initcall aio_setup+0x0/0x78 returned 0 after 368 usecs
[    8.315789] calling  io_uring_init+0x0/0x2c @ 1
[    8.321769] initcall io_uring_init+0x0/0x2c returned 0 after 7 usecs
[    8.329984] calling  mbcache_init+0x0/0x30 @ 1
[    8.335849] initcall mbcache_init+0x0/0x30 returned 0 after 62 usecs
[    8.343944] calling  init_grace+0x0/0xc @ 1
[    8.349449] initcall init_grace+0x0/0xc returned 0 after 2 usecs
[    8.356939] calling  init_v2_quota_format+0x0/0x21 @ 1
[    8.363667] initcall init_v2_quota_format+0x0/0x21 returned 0 after 48 usecs
[    8.372891] calling  init_devpts_fs+0x0/0x27 @ 1
[    8.379253] initcall init_devpts_fs+0x0/0x27 returned 0 after 109 usecs
[    8.387735] calling  ext4_init_fs+0x0/0x1d0 @ 1
[    8.402010] initcall ext4_init_fs+0x0/0x1d0 returned 0 after 6160 usecs
[    8.410496] calling  journal_init+0x0/0x11c @ 1
[    8.416398] initcall journal_init+0x0/0x11c returned 0 after 85 usecs
[    8.425813] calling  init_fat_fs+0x0/0x49 @ 1
[    8.433356] initcall init_fat_fs+0x0/0x49 returned 0 after 73 usecs
[    8.443478] calling  init_vfat_fs+0x0/0xc @ 1
[    8.450758] initcall init_vfat_fs+0x0/0xc returned 0 after 4 usecs
[    8.459192] calling  init_msdos_fs+0x0/0xc @ 1
[    8.465055] initcall init_msdos_fs+0x0/0xc returned 0 after 4 usecs
[    8.473177] calling  init_iso9660_fs+0x0/0x6c @ 1
[    8.479776] initcall init_iso9660_fs+0x0/0x6c returned 0 after 470 usecs
[    8.488555] calling  init_nfs_fs+0x0/0x13a @ 1
[    8.498429] initcall init_nfs_fs+0x0/0x13a returned 0 after 3476 usecs
[    8.506949] calling  init_nfs_v2+0x0/0x13 @ 1
[    8.513006] initcall init_nfs_v2+0x0/0x13 returned 0 after 131 usecs
[    8.521436] calling  init_nfs_v3+0x0/0x13 @ 1
[    8.527350] initcall init_nfs_v3+0x0/0x13 returned 0 after 16 usecs
[    8.535766] calling  init_nfs_v4+0x0/0x32 @ 1
[    8.541432] NFS: Registering the id_resolver key type
[    8.547639] Key type id_resolver registered
[    8.552810] Key type id_legacy registered
[    8.558297] initcall init_nfs_v4+0x0/0x32 returned 0 after 16484 usecs
[    8.566480] calling  init_nlm+0x0/0x5b @ 1
[    8.571669] initcall init_nlm+0x0/0x5b returned 0 after 124 usecs
[    8.578937] calling  init_nls_cp437+0x0/0xe @ 1
[    8.584505] initcall init_nls_cp437+0x0/0xe returned 0 after 50 usecs
[    8.592528] calling  init_nls_ascii+0x0/0xe @ 1
[    8.598153] initcall init_nls_ascii+0x0/0xe returned 0 after 0 usecs
[    8.606074] calling  init_nls_iso8859_1+0x0/0xe @ 1
[    8.612705] initcall init_nls_iso8859_1+0x0/0xe returned 0 after 0 usecs
[    8.620886] calling  init_nls_utf8+0x0/0x21 @ 1
[    8.628240] initcall init_nls_utf8+0x0/0x21 returned 0 after 1 usecs
[    8.638008] calling  init_autofs_fs+0x0/0x25 @ 1
[    8.645894] initcall init_autofs_fs+0x0/0x25 returned 0 after 803 usecs
[    8.655373] calling  ipc_init+0x0/0x24 @ 1
[    8.660670] initcall ipc_init+0x0/0x24 returned 0 after 30 usecs
[    8.668147] calling  ipc_sysctl_init+0x0/0x13 @ 1
[    8.674254] initcall ipc_sysctl_init+0x0/0x13 returned 0 after 9 usecs
[    8.682435] calling  init_mqueue_fs+0x0/0x9a @ 1
[    8.689498] initcall init_mqueue_fs+0x0/0x9a returned 0 after 1053 usecs
[    8.698077] calling  key_proc_init+0x0/0x63 @ 1
[    8.703967] initcall key_proc_init+0x0/0x63 returned 0 after 5 usecs
[    8.711925] calling  selinux_nf_ip_init+0x0/0x2e @ 1
[    8.718420] initcall selinux_nf_ip_init+0x0/0x2e returned 0 after 50 usecs
[    8.726960] calling  init_sel_fs+0x0/0x116 @ 1
[    8.732861] initcall init_sel_fs+0x0/0x116 returned 0 after 0 usecs
[    8.741358] calling  selnl_init+0x0/0x7c @ 1
[    8.747276] initcall selnl_init+0x0/0x7c returned 0 after 52 usecs
[    8.755749] calling  sel_netif_init+0x0/0x36 @ 1
[    8.761877] initcall sel_netif_init+0x0/0x36 returned 0 after 0 usecs
[    8.770112] calling  sel_netnode_init+0x0/0x33 @ 1
[    8.776257] initcall sel_netnode_init+0x0/0x33 returned 0 after 0 usecs
[    8.784728] calling  sel_netport_init+0x0/0x33 @ 1
[    8.791325] initcall sel_netport_init+0x0/0x33 returned 0 after 0 usecs
[    8.799977] calling  aurule_init+0x0/0x2a @ 1
[    8.805765] initcall aurule_init+0x0/0x2a returned 0 after 1 usecs
[    8.813901] calling  crypto_algapi_init+0x0/0xc @ 1
[    8.821236] initcall crypto_algapi_init+0x0/0xc returned 0 after 4 usecs
[    8.830417] calling  jent_mod_init+0x0/0x2d @ 1
[    8.850888] initcall jent_mod_init+0x0/0x2d returned 0 after 14115 usecs
[    8.860800] calling  asymmetric_key_init+0x0/0xc @ 1
[    8.867409] Key type asymmetric registered
[    8.873264] initcall asymmetric_key_init+0x0/0xc returned 0 after 5715 usecs
[    8.883002] calling  x509_key_init+0x0/0xc @ 1
[    8.889355] Asymmetric key parser 'x509' registered
[    8.896332] initcall x509_key_init+0x0/0xc returned 0 after 6847 usecs
[    8.905252] calling  proc_genhd_init+0x0/0x41 @ 1
[    8.911808] initcall proc_genhd_init+0x0/0x41 returned 0 after 4 usecs
[    8.920553] calling  bsg_init+0x0/0x113 @ 1
[    8.926346] Block layer SCSI generic (bsg) driver version 0.4 loaded (major 251)
[    8.936251] initcall bsg_init+0x0/0x113 returned 0 after 9708 usecs
[    8.947450] calling  deadline_init+0x0/0xc @ 1
[    8.953636] io scheduler mq-deadline registered
[    8.960370] initcall deadline_init+0x0/0xc returned 0 after 6681 usecs
[    8.970258] calling  kyber_init+0x0/0xc @ 1
[    8.976673] io scheduler kyber registered
[    8.983969] initcall kyber_init+0x0/0xc returned 0 after 7123 usecs
[    8.994588] calling  mod_init+0x0/0x7 @ 1
[    9.006386] initcall mod_init+0x0/0x7 returned 0 after 0 usecs
[    9.016159] calling  percpu_counter_startup+0x0/0x55 @ 1
[    9.026961] initcall percpu_counter_startup+0x0/0x55 returned 0 after 3543 usecs
[    9.037330] calling  sg_pool_init+0x0/0xb4 @ 1
[    9.044211] initcall sg_pool_init+0x0/0xb4 returned 0 after 820 usecs
[    9.053735] calling  pcie_portdrv_init+0x0/0x39 @ 1
[    9.060410] initcall pcie_portdrv_init+0x0/0x39 returned 0 after 71 usecs
[    9.069097] calling  pci_proc_init+0x0/0x68 @ 1
[    9.074941] initcall pci_proc_init+0x0/0x68 returned 0 after 11 usecs
[    9.082823] calling  pci_hotplug_init+0x0/0x7 @ 1
[    9.089293] initcall pci_hotplug_init+0x0/0x7 returned 0 after 0 usecs
[    9.097861] calling  efifb_driver_init+0x0/0xe @ 1
[    9.104156] initcall efifb_driver_init+0x0/0xe returned 0 after 18 usecs
[    9.112871] calling  ged_driver_init+0x0/0xe @ 1
[    9.119071] initcall ged_driver_init+0x0/0xe returned 0 after 82 usecs
[    9.128185] calling  acpi_ac_init+0x0/0x92 @ 1
[    9.136120] initcall acpi_ac_init+0x0/0x92 returned 0 after 1428 usecs
[    9.146515] calling  acpi_button_driver_init+0x0/0x52 @ 1
[    9.156853] input: Power Button as /devices/LNXSYSTM:00/LNXPWRBN:00/input/input0
[    9.168201] ACPI: Power Button [PWRF]
[    9.173753] initcall acpi_button_driver_init+0x0/0x52 returned 0 after 17901 usecs
[    9.183811] calling  acpi_fan_driver_init+0x0/0xe @ 1
[    9.190757] initcall acpi_fan_driver_init+0x0/0xe returned 0 after 15 usecs
[    9.200044] calling  acpi_video_init+0x0/0xcb @ 1
[    9.206564] initcall acpi_video_init+0x0/0xcb returned 0 after 49 usecs
[    9.215719] calling  acpi_processor_driver_init+0x0/0xad @ 1
[    9.226547] initcall acpi_processor_driver_init+0x0/0xad returned 0 after 2757 usecs
[    9.237412] calling  acpi_thermal_init+0x0/0x71 @ 1
[    9.246055] initcall acpi_thermal_init+0x0/0x71 returned 0 after 1523 usecs
[    9.255933] calling  acpi_battery_init+0x0/0x32 @ 1
[    9.263868] initcall acpi_battery_init+0x0/0x32 returned 0 after 383 usecs
[    9.273638] calling  bgrt_init+0x0/0xb6 @ 1
[    9.279849] initcall bgrt_init+0x0/0xb6 returned -19 after 0 usecs
[    9.288833] calling  gpio_clk_driver_init+0x0/0xe @ 1
[    9.296364] initcall gpio_clk_driver_init+0x0/0xe returned 0 after 44 usecs
[    9.306891] calling  plt_clk_driver_init+0x0/0xe @ 1
[    9.314739] initcall plt_clk_driver_init+0x0/0xe returned 0 after 78 usecs
[    9.324618] calling  virtio_pci_driver_init+0x0/0x15 @ 1
[    9.332659] initcall virtio_pci_driver_init+0x0/0x15 returned 0 after 153 usecs
[    9.344398] calling  n_null_init+0x0/0x1e @ 1
[    9.352161] initcall n_null_init+0x0/0x1e returned 0 after 24 usecs
[    9.363958] calling  pty_init+0x0/0x1e8 @ 1
[    9.372655] initcall pty_init+0x0/0x1e8 returned 0 after 1617 usecs
[    9.381837] calling  sysrq_init+0x0/0x62 @ 1
[    9.388059] initcall sysrq_init+0x0/0x62 returned 0 after 6 usecs
[    9.396866] calling  serial8250_init+0x0/0x17e @ 1
[    9.403892] Serial: 8250/16550 driver, 4 ports, IRQ sharing enabled
[    9.415363] 00:03: ttyS0 at I/O 0x3f8 (irq = 4, base_baud = 115200) is a 16550A
[    9.429879] initcall serial8250_init+0x0/0x17e returned 0 after 25436 usecs
[    9.439664] calling  serial_pci_driver_init+0x0/0x15 @ 1
[    9.447116] initcall serial_pci_driver_init+0x0/0x15 returned 0 after 110 usecs
[    9.457687] calling  exar_pci_driver_init+0x0/0x15 @ 1
[    9.465071] initcall exar_pci_driver_init+0x0/0x15 returned 0 after 44 usecs
[    9.475275] calling  lpss8250_pci_driver_init+0x0/0x15 @ 1
[    9.483869] initcall lpss8250_pci_driver_init+0x0/0x15 returned 0 after 47 usecs
[    9.506596] calling  mid8250_pci_driver_init+0x0/0x15 @ 1
[    9.520484] initcall mid8250_pci_driver_init+0x0/0x15 returned 0 after 3147 usecs
[    9.531379] calling  virtio_console_init+0x0/0xff @ 1
[    9.543817] initcall virtio_console_init+0x0/0xff returned 0 after 4582 usecs
[    9.554078] calling  hpet_init+0x0/0x64 @ 1
[    9.574954] initcall hpet_init+0x0/0x64 returned 0 after 14024 usecs
[    9.585987] calling  nvram_module_init+0x0/0x83 @ 1
[    9.596839] Non-volatile memory driver v1.3
[    9.604073] initcall nvram_module_init+0x0/0x83 returned 0 after 9067 usecs
[    9.614382] calling  hwrng_modinit+0x0/0x8a @ 1
[    9.622794] initcall hwrng_modinit+0x0/0x8a returned 0 after 1645 usecs
[    9.633826] calling  mod_init+0x0/0x48 @ 1
[    9.639756] initcall mod_init+0x0/0x48 returned -19 after 16 usecs
[    9.648375] calling  agp_init+0x0/0x23 @ 1
[    9.654572] Linux agpgart interface v0.103
[    9.660822] initcall agp_init+0x0/0x23 returned 0 after 6100 usecs
[    9.669971] calling  agp_amd64_mod_init+0x0/0x5 @ 1
[    9.677388] initcall agp_amd64_mod_init+0x0/0x5 returned -19 after 308 usecs
[    9.688699] calling  agp_intel_init+0x0/0x28 @ 1
[    9.697495] initcall agp_intel_init+0x0/0x28 returned 0 after 1741 usecs
[    9.707095] calling  drm_kms_helper_init+0x0/0x7 @ 1
[    9.714458] initcall drm_kms_helper_init+0x0/0x7 returned 0 after 64 usecs
[    9.723785] calling  drm_core_init+0x0/0xa4 @ 1
[    9.730883] initcall drm_core_init+0x0/0xa4 returned 0 after 1009 usecs
[    9.740325] calling  i915_init+0x0/0x6b @ 1
[    9.752144] initcall i915_init+0x0/0x6b returned 0 after 5566 usecs
[    9.761346] calling  cn_proc_init+0x0/0x35 @ 1
[    9.768255] initcall cn_proc_init+0x0/0x35 returned 0 after 2 usecs
[    9.777922] calling  topology_sysfs_init+0x0/0x27 @ 1
[    9.786046] initcall topology_sysfs_init+0x0/0x27 returned 0 after 267 usecs
[    9.796926] calling  cacheinfo_sysfs_init+0x0/0x27 @ 1
[    9.814563] initcall cacheinfo_sysfs_init+0x0/0x27 returned 0 after 8945 usecs
[    9.825800] calling  loop_init+0x0/0x168 @ 1
[    9.893914] loop: module loaded
[    9.898691] initcall loop_init+0x0/0x168 returned 0 after 64588 usecs
[    9.907942] calling  mac_hid_init+0x0/0x21 @ 1
[    9.914492] initcall mac_hid_init+0x0/0x21 returned 0 after 178 usecs
[    9.924129] calling  spi_transport_init+0x0/0x74 @ 1
[    9.932146] initcall spi_transport_init+0x0/0x74 returned 0 after 413 usecs
[    9.942463] calling  init_sd+0x0/0x18c @ 1
[    9.949045] initcall init_sd+0x0/0x18c returned 0 after 153 usecs
[    9.958398] calling  init_sr+0x0/0x43 @ 1
[    9.964302] initcall init_sr+0x0/0x43 returned 0 after 34 usecs
[    9.972932] calling  init_sg+0x0/0x1c0 @ 1
[    9.979300] initcall init_sg+0x0/0x1c0 returned 0 after 151 usecs
[    9.987964] calling  ahci_pci_driver_init+0x0/0x15 @ 1
[    9.996233] ahci 0000:00:1f.2: version 3.0
[   10.005781] PCI Interrupt Link [GSIA] enabled at IRQ 16
[   10.025262] ahci 0000:00:1f.2: AHCI 0001.0000 32 slots 6 ports 1.5 Gbps 0x3f impl SATA mode
[   10.037984] ahci 0000:00:1f.2: flags: 64bit ncq only 
[   10.074448] scsi host0: ahci
[   10.084496] scsi host1: ahci
[   10.097039] scsi host2: ahci
[   10.107378] scsi host3: ahci
[   10.120088] scsi host4: ahci
[   10.130932] scsi host5: ahci
[   10.136905] ata1: SATA max UDMA/133 abar m4096@0xfebf1000 port 0xfebf1100 irq 24
[   10.148636] ata2: SATA max UDMA/133 abar m4096@0xfebf1000 port 0xfebf1180 irq 24
[   10.158824] ata3: SATA max UDMA/133 abar m4096@0xfebf1000 port 0xfebf1200 irq 24
[   10.170835] ata4: SATA max UDMA/133 abar m4096@0xfebf1000 port 0xfebf1280 irq 24
[   10.184243] ata5: SATA max UDMA/133 abar m4096@0xfebf1000 port 0xfebf1300 irq 24
[   10.197358] ata6: SATA max UDMA/133 abar m4096@0xfebf1000 port 0xfebf1380 irq 24
[   10.208864] initcall ahci_pci_driver_init+0x0/0x15 returned 0 after 208468 usecs
[   10.219501] calling  piix_init+0x0/0x26 @ 1
[   10.226685] initcall piix_init+0x0/0x26 returned 0 after 450 usecs
[   10.236788] calling  amd_pci_driver_init+0x0/0x15 @ 1
[   10.245325] initcall amd_pci_driver_init+0x0/0x15 returned 0 after 338 usecs
[   10.255825] calling  oldpiix_pci_driver_init+0x0/0x15 @ 1
[   10.264411] initcall oldpiix_pci_driver_init+0x0/0x15 returned 0 after 231 usecs
[   10.275426] calling  sch_pci_driver_init+0x0/0x15 @ 1
[   10.283506] initcall sch_pci_driver_init+0x0/0x15 returned 0 after 26 usecs
[   10.294487] calling  net_olddevs_init+0x0/0x55 @ 1
[   10.302301] initcall net_olddevs_init+0x0/0x55 returned 0 after 238 usecs
[   10.312510] calling  blackhole_netdev_init+0x0/0x78 @ 1
[   10.322449] initcall blackhole_netdev_init+0x0/0x78 returned 0 after 2338 usecs
[   10.334217] calling  phy_module_init+0x0/0x13 @ 1
[   10.344155] initcall phy_module_init+0x0/0x13 returned 0 after 1953 usecs
[   10.354723] calling  tg3_driver_init+0x0/0x15 @ 1
[   10.362053] initcall tg3_driver_init+0x0/0x15 returned 0 after 119 usecs
[   10.372727] calling  e100_init_module+0x0/0x4c @ 1
[   10.380512] e100: Intel(R) PRO/100 Network Driver
[   10.388235] e100: Copyright(c) 1999-2006 Intel Corporation
[   10.397196] initcall e100_init_module+0x0/0x4c returned 0 after 16346 usecs
[   10.408061] calling  e1000_init_module+0x0/0x72 @ 1
[   10.415510] e1000: Intel(R) PRO/1000 Network Driver
[   10.423717] e1000: Copyright (c) 1999-2006 Intel Corporation.
[   10.432896] initcall e1000_init_module+0x0/0x72 returned 0 after 16975 usecs
[   10.444472] calling  e1000_init_module+0x0/0x2d @ 1
[   10.451587] e1000e: Intel(R) PRO/1000 Network Driver
[   10.459071] e1000e: Copyright(c) 1999 - 2015 Intel Corporation.
[   10.468509] initcall e1000_init_module+0x0/0x2d returned 0 after 16715 usecs
[   10.479863] calling  sky2_init_module+0x0/0x21 @ 1
[   10.488131] sky2: driver version 1.30
[   10.494811] initcall sky2_init_module+0x0/0x21 returned 0 after 6549 usecs
[   10.506426] calling  forcedeth_pci_driver_init+0x0/0x15 @ 1
[   10.516032] initcall forcedeth_pci_driver_init+0x0/0x15 returned 0 after 92 usecs
[   10.524502] ata1: SATA link down (SStatus 0 SControl 300)
[   10.527929] calling  rtl8139_init_module+0x0/0x15 @ 1
[   10.528089] initcall rtl8139_init_module+0x0/0x15 returned 0 after 152 usecs
[   10.540834] ata2: SATA link down (SStatus 0 SControl 300)
[   10.546202] calling  rtl8169_pci_driver_init+0x0/0x15 @ 1
[   10.546257] initcall rtl8169_pci_driver_init+0x0/0x15 returned 0 after 50 usecs
[   10.562106] ata4: SATA link down (SStatus 0 SControl 300)
[   10.565855] calling  cdrom_init+0x0/0xc @ 1
[   10.580123] ata5: SATA link down (SStatus 0 SControl 300)
[   10.587383] initcall cdrom_init+0x0/0xc returned 0 after 388 usecs
[   10.599383] ata3: SATA link up 1.5 Gbps (SStatus 113 SControl 300)
[   10.602762] calling  nonstatic_sysfs_init+0x0/0xc @ 1
[   10.616167] ata6: SATA link down (SStatus 0 SControl 300)
[   10.622584] initcall nonstatic_sysfs_init+0x0/0xc returned 0 after 394 usecs
[   10.622584] calling  yenta_cardbus_driver_init+0x0/0x15 @ 1
[   10.623919] initcall yenta_cardbus_driver_init+0x0/0x15 returned 0 after 328 usecs
[   10.639404] ata3.00: ATAPI: QEMU DVD-ROM, 2.5+, max UDMA/100
[   10.642037] calling  mon_init+0x0/0x12d @ 1
[   10.645002] initcall mon_init+0x0/0x12d returned 0 after 2889 usecs
[   10.652340] ata3.00: applying bridge limits
[   10.657144] ata3.00: configured for UDMA/100
[   10.664038] calling  ehci_hcd_init+0x0/0x56 @ 1
[   10.664260] ehci_hcd: USB 2.0 'Enhanced' Host Controller (EHCI) Driver
[   10.664263] initcall ehci_hcd_init+0x0/0x56 returned 0 after 216 usecs
[   10.664265] calling  ehci_pci_init+0x0/0x64 @ 1
[   10.664266] ehci-pci: EHCI PCI platform driver
[   10.664393] initcall ehci_pci_init+0x0/0x64 returned 0 after 122 usecs
[   10.664396] calling  ohci_hcd_mod_init+0x0/0x4e @ 1
[   10.664397] ohci_hcd: USB 1.1 'Open' Host Controller (OHCI) Driver
[   10.664407] initcall ohci_hcd_mod_init+0x0/0x4e returned 0 after 8 usecs
[   10.664408] calling  ohci_pci_init+0x0/0x64 @ 1
[   10.664514] ohci-pci: OHCI PCI platform driver
[   10.664870] initcall ohci_pci_init+0x0/0x64 returned 0 after 447 usecs
[   10.664872] calling  uhci_hcd_init+0x0/0xa8 @ 1
[   10.664873] uhci_hcd: USB Universal Host Controller Interface driver
[   10.665321] initcall uhci_hcd_init+0x0/0xa8 returned 0 after 435 usecs
[   10.665323] calling  xhci_hcd_init+0x0/0x1e @ 1
[   10.665425] initcall xhci_hcd_init+0x0/0x1e returned 0 after 97 usecs
[   10.665427] calling  xhci_pci_init+0x0/0x49 @ 1
[   10.665909] initcall xhci_pci_init+0x0/0x49 returned 0 after 468 usecs
[   10.684133] scsi 2:0:0:0: CD-ROM            QEMU     QEMU DVD-ROM     2.5+ PQ: 0 ANSI: 5
[   10.687968] calling  usblp_driver_init+0x0/0x15 @ 1
[   10.689296] usbcore: registered new interface driver usblp
[   10.934086] initcall usblp_driver_init+0x0/0x15 returned 0 after 240339 usecs
[   10.946336] calling  usb_storage_driver_init+0x0/0x2a @ 1
[   10.954982] usbcore: registered new interface driver usb-storage
[   10.965023] initcall usb_storage_driver_init+0x0/0x2a returned 0 after 9938 usecs
[   10.977302] calling  i8042_init+0x0/0x4c2 @ 1
[   10.986972] i8042: PNP: PS/2 Controller [PNP0303:KBD,PNP0f13:MOU] at 0x60,0x64 irq 1,12
[   11.014754] sr 2:0:0:0: [sr0] scsi3-mmc drive: 4x/4x cd/rw xa/form2 tray
[   11.015269] serio: i8042 KBD port at 0x60,0x64 irq 1
[   11.025741] cdrom: Uniform CD-ROM driver Revision: 3.20
[   11.034175] serio: i8042 AUX port at 0x60,0x64 irq 12
[   11.050476] initcall i8042_init+0x0/0x4c2 returned 0 after 63208 usecs
[   11.060950] calling  serport_init+0x0/0x2c @ 1
[   11.068163] initcall serport_init+0x0/0x2c returned 0 after 83 usecs
[   11.078573] calling  input_leds_init+0x0/0xc @ 1
[   11.086668] initcall input_leds_init+0x0/0xc returned 0 after 433 usecs
[   11.097273] calling  evdev_init+0x0/0xc @ 1
[   11.106057] initcall evdev_init+0x0/0xc returned 0 after 1054 usecs
[   11.117328] calling  atkbd_init+0x0/0x21 @ 1
[   11.125122] initcall atkbd_init+0x0/0x21 returned 0 after 229 usecs
[   11.135509] calling  psmouse_init+0x0/0x7f @ 1
[   11.143076] initcall psmouse_init+0x0/0x7f returned 0 after 879 usecs
[   11.152849] calling  cmos_init+0x0/0x73 @ 1
[   11.160948] rtc_cmos 00:04: RTC can wake from S4
[   11.180202] rtc_cmos 00:04: registered as rtc0
[   11.186088] sr 2:0:0:0: Attached scsi CD-ROM sr0
[   11.189837] rtc_cmos 00:04: alarms up to one day, y3k, 242 bytes nvram, hpet irqs
[   11.198938] sr 2:0:0:0: Attached scsi generic sg0 type 5
[   11.211004] initcall cmos_init+0x0/0x73 returned 0 after 50024 usecs
[   11.231053] calling  smbalert_driver_init+0x0/0xe @ 1
[   11.241909] initcall smbalert_driver_init+0x0/0xe returned 0 after 556 usecs
[   11.242004] input: AT Translated Set 2 keyboard as /devices/platform/i8042/serio0/input/input1
[   11.254345] calling  i2c_i801_init+0x0/0xc5 @ 1
[   11.258619] i801_smbus 0000:00:1f.3: SMBus using PCI interrupt
[   11.288972] i2c i2c-0: 1/1 memory slots populated (from DMI)
[   11.298728] i2c i2c-0: Memory type 0x07 not supported yet, not instantiating SPD
[   11.310674] initcall i2c_i801_init+0x0/0xc5 returned 0 after 55000 usecs
[   11.321622] calling  ptp_kvm_init+0x0/0xf0 @ 1
[   11.332473] initcall ptp_kvm_init+0x0/0xf0 returned 0 after 3338 usecs
[   11.343969] calling  dm_init+0x0/0x3c @ 1
[   11.358221] device-mapper: ioctl: 4.43.0-ioctl (2020-10-01) initialised: dm-devel@redhat.com
[   11.371457] initcall dm_init+0x0/0x3c returned 0 after 18562 usecs
[   11.380836] calling  dm_mirror_init+0x0/0x29 @ 1
[   11.389209] initcall dm_mirror_init+0x0/0x29 returned 0 after 649 usecs
[   11.399398] calling  dm_dirty_log_init+0x0/0x4f @ 1
[   11.407606] initcall dm_dirty_log_init+0x0/0x4f returned 0 after 434 usecs
[   11.419367] calling  dm_zero_init+0x0/0x29 @ 1
[   11.427594] initcall dm_zero_init+0x0/0x29 returned 0 after 1 usecs
[   11.438994] calling  intel_pstate_init+0x0/0x510 @ 1
[   11.447883] intel_pstate: CPU model not supported
[   11.455819] initcall intel_pstate_init+0x0/0x510 returned -19 after 7863 usecs
[   11.469181] calling  haltpoll_init+0x0/0xc0 @ 1
[   11.477736] initcall haltpoll_init+0x0/0xc0 returned -19 after 35 usecs
[   11.490327] calling  efivars_sysfs_init+0x0/0x30 @ 1
[   11.499781] initcall efivars_sysfs_init+0x0/0x30 returned 0 after 52 usecs
[   11.511964] calling  esrt_sysfs_init+0x0/0x2a2 @ 1
[   11.519906] initcall esrt_sysfs_init+0x0/0x2a2 returned -38 after 58 usecs
[   11.531122] calling  hid_init+0x0/0x5c @ 1
[   11.538134] hid: raw HID events driver (C) Jiri Kosina
[   11.547197] initcall hid_init+0x0/0x5c returned 0 after 9484 usecs
[   11.558420] calling  hid_generic_init+0x0/0x15 @ 1
[   11.567404] initcall hid_generic_init+0x0/0x15 returned 0 after 377 usecs
[   11.580186] calling  a4_driver_init+0x0/0x15 @ 1
[   11.588561] initcall a4_driver_init+0x0/0x15 returned 0 after 22 usecs
[   11.600216] calling  apple_driver_init+0x0/0x15 @ 1
[   11.608591] initcall apple_driver_init+0x0/0x15 returned 0 after 137 usecs
[   11.619727] calling  belkin_driver_init+0x0/0x15 @ 1
[   11.627694] initcall belkin_driver_init+0x0/0x15 returned 0 after 21 usecs
[   11.638636] calling  ch_driver_init+0x0/0x15 @ 1
[   11.646478] initcall ch_driver_init+0x0/0x15 returned 0 after 17 usecs
[   11.656741] calling  ch_driver_init+0x0/0x15 @ 1
[   11.663984] initcall ch_driver_init+0x0/0x15 returned 0 after 23 usecs
[   11.674325] calling  cp_driver_init+0x0/0x15 @ 1
[   11.681989] initcall cp_driver_init+0x0/0x15 returned 0 after 75 usecs
[   11.692114] calling  ez_driver_init+0x0/0x15 @ 1
[   11.699392] initcall ez_driver_init+0x0/0x15 returned 0 after 24 usecs
[   11.709564] calling  gyration_driver_init+0x0/0x15 @ 1
[   11.717102] initcall gyration_driver_init+0x0/0x15 returned 0 after 20 usecs
[   11.727475] calling  ite_driver_init+0x0/0x15 @ 1
[   11.735104] initcall ite_driver_init+0x0/0x15 returned 0 after 25 usecs
[   11.745360] calling  ks_driver_init+0x0/0x15 @ 1
[   11.752909] initcall ks_driver_init+0x0/0x15 returned 0 after 23 usecs
[   11.762918] calling  lg_driver_init+0x0/0x15 @ 1
[   11.770483] initcall lg_driver_init+0x0/0x15 returned 0 after 380 usecs
[   11.780779] calling  lg_g15_driver_init+0x0/0x15 @ 1
[   11.788738] initcall lg_g15_driver_init+0x0/0x15 returned 0 after 40 usecs
[   11.799438] calling  ms_driver_init+0x0/0x15 @ 1
[   11.831705] initcall ms_driver_init+0x0/0x15 returned 0 after 13273 usecs
[   11.845527] calling  mr_driver_init+0x0/0x15 @ 1
[   11.853700] initcall mr_driver_init+0x0/0x15 returned 0 after 26 usecs
[   11.865399] calling  ntrig_driver_init+0x0/0x15 @ 1
[   11.874556] initcall ntrig_driver_init+0x0/0x15 returned 0 after 841 usecs
[   11.886654] calling  pl_driver_init+0x0/0x15 @ 1
[   11.894644] initcall pl_driver_init+0x0/0x15 returned 0 after 28 usecs
[   11.905762] calling  pl_driver_init+0x0/0x15 @ 1
[   11.914001] initcall pl_driver_init+0x0/0x15 returned 0 after 126 usecs
[   11.925388] calling  redragon_driver_init+0x0/0x15 @ 1
[   11.934371] initcall redragon_driver_init+0x0/0x15 returned 0 after 28 usecs
[   11.946179] calling  samsung_driver_init+0x0/0x15 @ 1
[   11.954939] initcall samsung_driver_init+0x0/0x15 returned 0 after 109 usecs
[   11.966443] calling  sony_init+0x0/0x38 @ 1
[   11.973914] initcall sony_init+0x0/0x38 returned 0 after 124 usecs
[   11.984250] calling  sp_driver_init+0x0/0x15 @ 1
[   11.992166] initcall sp_driver_init+0x0/0x15 returned 0 after 53 usecs
[   12.003157] calling  ts_driver_init+0x0/0x15 @ 1
[   12.011416] initcall ts_driver_init+0x0/0x15 returned 0 after 29 usecs
[   12.022926] calling  hid_init+0x0/0x58 @ 1
[   12.031032] usbcore: registered new interface driver usbhid
[   12.040909] usbhid: USB HID core driver
[   12.047931] initcall hid_init+0x0/0x58 returned 0 after 18047 usecs
[   12.058121] calling  eeepc_laptop_init+0x0/0x57 @ 1
[   12.078531] initcall eeepc_laptop_init+0x0/0x57 returned -19 after 11341 usecs
[   12.082216] input: ImExPS/2 Generic Explorer Mouse as /devices/platform/i8042/serio1/input/input3
[   12.089866] calling  pmc_atom_init+0x0/0x27a @ 1
[   12.090073] initcall pmc_atom_init+0x0/0x27a returned -19 after 198 usecs
[   12.124197] calling  alsa_hwdep_init+0x0/0x5e @ 1
[   12.132901] initcall alsa_hwdep_init+0x0/0x5e returned 0 after 840 usecs
[   12.143326] calling  alsa_timer_init+0x0/0x1f0 @ 1
[   12.154353] initcall alsa_timer_init+0x0/0x1f0 returned 0 after 2949 usecs
[   12.165738] calling  snd_hrtimer_init+0x0/0x117 @ 1
[   12.173718] initcall snd_hrtimer_init+0x0/0x117 returned 0 after 2 usecs
[   12.183841] calling  alsa_pcm_init+0x0/0x64 @ 1
[   12.191003] initcall alsa_pcm_init+0x0/0x64 returned 0 after 7 usecs
[   12.200109] calling  alsa_seq_init+0x0/0x4a @ 1
[   12.210297] initcall alsa_seq_init+0x0/0x4a returned 0 after 3615 usecs
[   12.220311] calling  alsa_seq_dummy_init+0x0/0x9c @ 1
[   12.228106] initcall alsa_seq_dummy_init+0x0/0x9c returned 0 after 52 usecs
[   12.239781] calling  azx_driver_init+0x0/0x15 @ 1
[   12.250130] initcall azx_driver_init+0x0/0x15 returned 0 after 3017 usecs
[   12.260218] calling  sock_diag_init+0x0/0x2a @ 1
[   12.270871] initcall sock_diag_init+0x0/0x2a returned 0 after 3704 usecs
[   12.281150] calling  blackhole_init+0x0/0xc @ 1
[   12.287578] initcall blackhole_init+0x0/0xc returned 0 after 83 usecs
[   12.296717] calling  nfnetlink_init+0x0/0x57 @ 1
[   12.304144] initcall nfnetlink_init+0x0/0x57 returned 0 after 908 usecs
[   12.314028] calling  nfnetlink_log_init+0x0/0x99 @ 1
[   12.322902] initcall nfnetlink_log_init+0x0/0x99 returned 0 after 1606 usecs
[   12.333597] calling  nf_conntrack_standalone_init+0x0/0x87 @ 1
[   12.357286] initcall nf_conntrack_standalone_init+0x0/0x87 returned 0 after 14662 usecs
[   12.369348] calling  ctnetlink_init+0x0/0x83 @ 1
[   12.376387] initcall ctnetlink_init+0x0/0x83 returned 0 after 149 usecs
[   12.386686] calling  nf_conntrack_ftp_init+0x0/0x12c @ 1
[   12.395257] initcall nf_conntrack_ftp_init+0x0/0x12c returned 0 after 11 usecs
[   12.406740] calling  nf_conntrack_irc_init+0x0/0x129 @ 1
[   12.416083] initcall nf_conntrack_irc_init+0x0/0x129 returned 0 after 129 usecs
[   12.428805] calling  nf_conntrack_sip_init+0x0/0x172 @ 1
[   12.438062] initcall nf_conntrack_sip_init+0x0/0x172 returned 0 after 8 usecs
[   12.450433] calling  nf_nat_init+0x0/0xd2 @ 1
[   12.458659] initcall nf_nat_init+0x0/0xd2 returned 0 after 708 usecs
[   12.468440] calling  nf_nat_ftp_init+0x0/0x2a @ 1
[   12.475682] initcall nf_nat_ftp_init+0x0/0x2a returned 0 after 0 usecs
[   12.484906] calling  nf_nat_irc_init+0x0/0x2a @ 1
[   12.491667] initcall nf_nat_irc_init+0x0/0x2a returned 0 after 0 usecs
[   12.500831] calling  nf_nat_sip_init+0x0/0x36 @ 1
[   12.507936] initcall nf_nat_sip_init+0x0/0x36 returned 0 after 1 usecs
[   12.519701] calling  xt_init+0x0/0xf8 @ 1
[   12.526979] initcall xt_init+0x0/0xf8 returned 0 after 88 usecs
[   12.537090] calling  tcpudp_mt_init+0x0/0x11 @ 1
[   12.544900] initcall tcpudp_mt_init+0x0/0x11 returned 0 after 187 usecs
[   12.556013] calling  connsecmark_tg_init+0x0/0xc @ 1
[   12.564189] initcall connsecmark_tg_init+0x0/0xc returned 0 after 1 usecs
[   12.576638] calling  nflog_tg_init+0x0/0xc @ 1
[   12.584188] initcall nflog_tg_init+0x0/0xc returned 0 after 1 usecs
[   12.594684] calling  secmark_tg_init+0x0/0x11 @ 1
[   12.602654] initcall secmark_tg_init+0x0/0x11 returned 0 after 1 usecs
[   12.613980] calling  tcpmss_tg_init+0x0/0x11 @ 1
[   12.621831] initcall tcpmss_tg_init+0x0/0x11 returned 0 after 1 usecs
[   12.633137] calling  conntrack_mt_init+0x0/0x11 @ 1
[   12.641331] initcall conntrack_mt_init+0x0/0x11 returned 0 after 0 usecs
[   12.652068] calling  policy_mt_init+0x0/0x11 @ 1
[   12.659626] initcall policy_mt_init+0x0/0x11 returned 0 after 1 usecs
[   12.669680] calling  state_mt_init+0x0/0xc @ 1
[   12.676347] initcall state_mt_init+0x0/0xc returned 0 after 1 usecs
[   12.686484] rcu_torture_rea (127) used greatest stack depth: 15008 bytes left
[   12.687137] calling  gre_offload_init+0x0/0x48 @ 1
[   12.688806] srcu-torture: rcu_torture_read_exit: End of episode
[   12.717116] initcall gre_offload_init+0x0/0x48 returned 0 after 551 usecs
