c[?7l[2J[0mSeaBIOS (version 1.16.0-debian-1.16.0-4)
Booting from ROM...
early console in setup code
c[?7l[2J[    0.000000] Linux version 5.10.157+ (root@joelboxx.c.googlers.com) (gcc (Debian 12.2.0-3) 12.2.0, GNU ld (GNU Binutils for Debian) 2.39) #14 Tue Dec 13 03:41:48 UTC 2022
[    0.000000] Command line: selinux=0 initcall_debug debug console=ttyS0 rcutorture.torture_type=srcu rcutorture.n_barrier_cbs=4 rcutorture.stat_interval=15 rcutorture.shutdown_secs=1800 rcutorture.test_no_idle_hz=1 rcutorture.verbose=1
[    0.000000] x86/fpu: x87 FPU will use FXSAVE
[    0.000000] BIOS-provided physical RAM map:
[    0.000000] BIOS-e820: [mem 0x0000000000000000-0x000000000009fbff] usable
[    0.000000] BIOS-e820: [mem 0x000000000009fc00-0x000000000009ffff] reserved
[    0.000000] BIOS-e820: [mem 0x00000000000f0000-0x00000000000fffff] reserved
[    0.000000] BIOS-e820: [mem 0x0000000000100000-0x000000001ffdefff] usable
[    0.000000] BIOS-e820: [mem 0x000000001ffdf000-0x000000001fffffff] reserved
[    0.000000] BIOS-e820: [mem 0x00000000b0000000-0x00000000bfffffff] reserved
[    0.000000] BIOS-e820: [mem 0x00000000fed1c000-0x00000000fed1ffff] reserved
[    0.000000] BIOS-e820: [mem 0x00000000feffc000-0x00000000feffffff] reserved
[    0.000000] BIOS-e820: [mem 0x00000000fffc0000-0x00000000ffffffff] reserved
[    0.000000] NX (Execute Disable) protection: active
[    0.000000] SMBIOS 2.8 present.
[    0.000000] DMI: QEMU Standard PC (Q35 + ICH9, 2009), BIOS 1.16.0-debian-1.16.0-4 04/01/2014
[    0.000000] Hypervisor detected: KVM
[    0.000000] kvm-clock: Using msrs 4b564d01 and 4b564d00
[    0.000000] kvm-clock: cpu 0, msr 8041001, primary cpu clock
[    0.000001] kvm-clock: using sched offset of 2166841566 cycles
[    0.000312] clocksource: kvm-clock: mask: 0xffffffffffffffff max_cycles: 0x1cd42e4dffb, max_idle_ns: 881590591483 ns
[    0.000384] tsc: Detected 1999.999 MHz processor
[    0.011280] e820: update [mem 0x00000000-0x00000fff] usable ==> reserved
[    0.011284] e820: remove [mem 0x000a0000-0x000fffff] usable
[    0.011291] last_pfn = 0x1ffdf max_arch_pfn = 0x400000000
[    0.012217] MTRR default type: write-back
[    0.012373] MTRR fixed ranges enabled:
[    0.012375]   00000-9FFFF write-back
[    0.012376]   A0000-BFFFF uncachable
[    0.012377]   C0000-FFFFF write-protect
[    0.012378] MTRR variable ranges enabled:
[    0.012380]   0 base 00C0000000 mask FFC0000000 uncachable
[    0.012381]   1 disabled
[    0.012381]   2 disabled
[    0.012382]   3 disabled
[    0.012383]   4 disabled
[    0.012384]   5 disabled
[    0.012384]   6 disabled
[    0.012385]   7 disabled
[    0.013546] x86/PAT: Configuration [0-7]: WB  WC  UC- UC  WB  WC  UC- UC  
[    0.023510] found SMP MP-table at [mem 0x000f5ba0-0x000f5baf]
[    0.026063] check: Scanning 1 areas for low memory corruption
[    0.036972] ACPI: Early table checksum verification disabled
[    0.039972] ACPI: RSDP 0x00000000000F59E0 000014 (v00 BOCHS )
[    0.040423] ACPI: RSDT 0x000000001FFE229A 000038 (v01 BOCHS  BXPC     00000001 BXPC 00000001)
[    0.040726] ACPI: FACP 0x000000001FFE2092 0000F4 (v03 BOCHS  BXPC     00000001 BXPC 00000001)
[    0.040885] ACPI: DSDT 0x000000001FFE0040 002052 (v01 BOCHS  BXPC     00000001 BXPC 00000001)
[    0.040889] ACPI: FACS 0x000000001FFE0000 000040
[    0.040893] ACPI: APIC 0x000000001FFE2186 000078 (v01 BOCHS  BXPC     00000001 BXPC 00000001)
[    0.040897] ACPI: HPET 0x000000001FFE21FE 000038 (v01 BOCHS  BXPC     00000001 BXPC 00000001)
[    0.040900] ACPI: MCFG 0x000000001FFE2236 00003C (v01 BOCHS  BXPC     00000001 BXPC 00000001)
[    0.040904] ACPI: WAET 0x000000001FFE2272 000028 (v01 BOCHS  BXPC     00000001 BXPC 00000001)
[    0.040908] ACPI: Reserving FACP table memory at [mem 0x1ffe2092-0x1ffe2185]
[    0.040909] ACPI: Reserving DSDT table memory at [mem 0x1ffe0040-0x1ffe2091]
[    0.040910] ACPI: Reserving FACS table memory at [mem 0x1ffe0000-0x1ffe003f]
[    0.040911] ACPI: Reserving APIC table memory at [mem 0x1ffe2186-0x1ffe21fd]
[    0.040912] ACPI: Reserving HPET table memory at [mem 0x1ffe21fe-0x1ffe2235]
[    0.040913] ACPI: Reserving MCFG table memory at [mem 0x1ffe2236-0x1ffe2271]
[    0.040914] ACPI: Reserving WAET table memory at [mem 0x1ffe2272-0x1ffe2299]
[    0.041924] ACPI: Local APIC address 0xfee00000
[    0.044123] Zone ranges:
[    0.044220]   DMA      [mem 0x0000000000001000-0x0000000000ffffff]
[    0.044309]   DMA32    [mem 0x0000000001000000-0x000000001ffdefff]
[    0.044310]   Normal   empty
[    0.044312] Movable zone start for each node
[    0.044313] Early memory node ranges
[    0.044314]   node   0: [mem 0x0000000000001000-0x000000000009efff]
[    0.044382]   node   0: [mem 0x0000000000100000-0x000000001ffdefff]
[    0.044444] Initmem setup node 0 [mem 0x0000000000001000-0x000000001ffdefff]
[    0.044446] On node 0 totalpages: 130941
[    0.044559]   DMA zone: 64 pages used for memmap
[    0.044559]   DMA zone: 21 pages reserved
[    0.044616]   DMA zone: 3998 pages, LIFO batch:0
[    0.044618]   DMA32 zone: 1984 pages used for memmap
[    0.044619]   DMA32 zone: 126943 pages, LIFO batch:31
[    0.054644] On node 0, zone DMA: 1 pages in unavailable ranges
[    0.063612] On node 0, zone DMA: 97 pages in unavailable ranges
[    0.340955] On node 0, zone DMA32: 33 pages in unavailable ranges
[    0.347156] ACPI: PM-Timer IO Port: 0x608
[    0.347161] ACPI: Local APIC address 0xfee00000
[    0.347397] ACPI: LAPIC_NMI (acpi_id[0xff] dfl dfl lint[0x1])
[    0.349036] IOAPIC[0]: apic_id 0, version 17, address 0xfec00000, GSI 0-23
[    0.349041] ACPI: INT_SRC_OVR (bus 0 bus_irq 0 global_irq 2 dfl dfl)
[    0.349273] ACPI: INT_SRC_OVR (bus 0 bus_irq 5 global_irq 5 high level)
[    0.349275] ACPI: INT_SRC_OVR (bus 0 bus_irq 9 global_irq 9 high level)
[    0.349380] ACPI: INT_SRC_OVR (bus 0 bus_irq 10 global_irq 10 high level)
[    0.349381] ACPI: INT_SRC_OVR (bus 0 bus_irq 11 global_irq 11 high level)
[    0.349383] ACPI: IRQ0 used by override.
[    0.349384] ACPI: IRQ5 used by override.
[    0.349385] ACPI: IRQ9 used by override.
[    0.349386] ACPI: IRQ10 used by override.
[    0.349387] ACPI: IRQ11 used by override.
[    0.349389] Using ACPI (MADT) for SMP configuration information
[    0.349391] ACPI: HPET id: 0x8086a201 base: 0xfed00000
[    0.350447] kvm-guest: stealtime: cpu 0, msr 784d780
[    0.351487] PM: hibernation: Registered nosave memory: [mem 0x00000000-0x00000fff]
[    0.351489] PM: hibernation: Registered nosave memory: [mem 0x0009f000-0x0009ffff]
[    0.351490] PM: hibernation: Registered nosave memory: [mem 0x000a0000-0x000effff]
[    0.351491] PM: hibernation: Registered nosave memory: [mem 0x000f0000-0x000fffff]
[    0.351493] [mem 0x20000000-0xafffffff] available for PCI devices
[    0.351580] Booting paravirtualized kernel on KVM
[    0.352291] clocksource: refined-jiffies: mask: 0xffffffff max_cycles: 0xffffffff, max_idle_ns: 1910969940391419 ns
[    0.404995] pcpu-alloc: s0 r0 d32768 u32768 alloc=1*32768
[    0.405138] pcpu-alloc: [0] 0 
[    0.405729] Built 1 zonelists, mobility grouping on.  Total pages: 128872
[    0.405891] Kernel command line: selinux=0 initcall_debug debug console=ttyS0 rcutorture.torture_type=srcu rcutorture.n_barrier_cbs=4 rcutorture.stat_interval=15 rcutorture.shutdown_secs=1800 rcutorture.test_no_idle_hz=1 rcutorture.verbose=1
[    0.424128] Dentry cache hash table entries: 65536 (order: 7, 524288 bytes, linear)
[    0.428981] Inode-cache hash table entries: 32768 (order: 6, 262144 bytes, linear)
[    0.429918] mem auto-init: stack:all(zero), heap alloc:off, heap free:off
[    0.441487] Memory: 481560K/523764K available (14349K kernel code, 2612K rwdata, 4612K rodata, 1252K init, 1884K bss, 41944K reserved, 0K cma-reserved)
[    0.442488] SLUB: HWalign=64, Order=0-3, MinObjects=0, CPUs=1, Nodes=1
[    0.443280] Kernel/User page tables isolation: enabled
[    0.478055] NR_IRQS: 4352, nr_irqs: 256, preallocated irqs: 16
[    0.483112] calling  con_init+0x0/0x22a @ 0
[    0.686327] Console: colour VGA+ 80x25
[    0.686343] initcall con_init+0x0/0x22a returned 0 after 0 usecs
[    0.686347] calling  hvc_console_init+0x0/0x13 @ 0
[    0.686349] initcall hvc_console_init+0x0/0x13 returned 0 after 0 usecs
[    0.686351] calling  univ8250_console_init+0x0/0x26 @ 0
[    1.484196] printk: console [ttyS0] enabled
[    1.488693] initcall univ8250_console_init+0x0/0x26 returned 0 after 0 usecs
[    1.497523] ACPI: Core revision 20200925
[    1.506121] clocksource: hpet: mask: 0xffffffff max_cycles: 0xffffffff, max_idle_ns: 19112604467 ns
[    1.520913] APIC: Switch to symmetric I/O mode setup
[    1.558041] ..TIMER: vector=0x30 apic1=0 pin1=2 apic2=-1 pin2=-1
[    1.564838] clocksource: tsc-early: mask: 0xffffffffffffffff max_cycles: 0x39a85afc727, max_idle_ns: 881590685098 ns
[    1.576155] Calibrating delay loop (skipped) preset value.. 3999.99 BogoMIPS (lpj=1999999)
[    1.577116] pid_max: default: 32768 minimum: 301
[    1.579333] LSM: Security Framework initializing
[    1.581115] Mount-cache hash table entries: 1024 (order: 1, 8192 bytes, linear)
[    1.582245] Mountpoint-cache hash table entries: 1024 (order: 1, 8192 bytes, linear)
[    1.593878] Last level iTLB entries: 4KB 0, 2MB 0, 4MB 0
[    1.594115] Last level dTLB entries: 4KB 0, 2MB 0, 4MB 0, 1GB 0
[    1.596117] CPU: Intel Common KVM processor (family: 0xf, model: 0x6, stepping: 0x1)
[    1.598142] Spectre V1 : Mitigation: usercopy/swapgs barriers and __user pointer sanitization
[    1.599116] Spectre V2 : Mitigation: Retpolines
[    1.600114] Spectre V2 : Spectre v2 / SpectreRSB mitigation: Filling RSB on context switch
[    1.601114] Spectre V2 : Spectre v2 / SpectreRSB : Filling RSB on VMEXIT
[    1.602115] Speculative Store Bypass: Vulnerable
[    1.603140] MDS: Vulnerable: Clear CPU buffers attempted, no microcode
[    1.604115] MMIO Stale Data: Unknown: No mitigations
[    1.663862] calling  init_hw_perf_events+0x0/0x6ce @ 1
[    1.664116] Performance Events: unsupported Netburst CPU model 6 no PMU driver, software events only.
[    1.665121] initcall init_hw_perf_events+0x0/0x6ce returned 0 after 976 usecs
[    1.666121] calling  init_real_mode+0x0/0x1e9 @ 1
[    1.668126] initcall init_real_mode+0x0/0x1e9 returned 0 after 976 usecs
[    1.669121] calling  trace_init_perf_perm_irq_work_exit+0x0/0x12 @ 1
[    1.670119] initcall trace_init_perf_perm_irq_work_exit+0x0/0x12 returned 0 after 0 usecs
[    1.671136] calling  validate_x2apic+0x0/0x4a @ 1
[    1.672139] initcall validate_x2apic+0x0/0x4a returned 0 after 0 usecs
[    1.673118] calling  register_nmi_cpu_backtrace_handler+0x0/0x15 @ 1
[    1.674117] initcall register_nmi_cpu_backtrace_handler+0x0/0x15 returned 0 after 0 usecs
[    1.675120] calling  kvm_setup_vsyscall_timeinfo+0x0/0x34 @ 1
[    1.676117] initcall kvm_setup_vsyscall_timeinfo+0x0/0x34 returned 0 after 0 usecs
[    1.677118] calling  spawn_ksoftirqd+0x0/0x34 @ 1
[    1.678211] initcall spawn_ksoftirqd+0x0/0x34 returned 0 after 0 usecs
[    1.679146] calling  trace_init_flags_sys_enter+0x0/0xe @ 1
[    1.680117] initcall trace_init_flags_sys_enter+0x0/0xe returned 0 after 0 usecs
[    1.681116] calling  trace_init_flags_sys_exit+0x0/0xe @ 1
[    1.682117] initcall trace_init_flags_sys_exit+0x0/0xe returned 0 after 0 usecs
[    1.683117] calling  init_kprobes+0x0/0x14d @ 1
[    1.685207] initcall init_kprobes+0x0/0x14d returned 0 after 976 usecs
[    1.686116] calling  init_events+0x0/0x3d @ 1
[    1.687126] initcall init_events+0x0/0x3d returned 0 after 0 usecs
[    1.688116] calling  init_trace_printk+0x0/0xc @ 1
[    1.690116] initcall init_trace_printk+0x0/0xc returned 0 after 0 usecs
[    1.691117] calling  event_trace_enable_again+0x0/0x23 @ 1
[    1.692117] initcall event_trace_enable_again+0x0/0x23 returned 0 after 0 usecs
[    1.693117] calling  static_call_init+0x0/0x6d @ 1
[    1.694117] initcall static_call_init+0x0/0x6d returned 0 after 0 usecs
[    1.696117] calling  jump_label_init_module+0x0/0xc @ 1
[    1.697119] initcall jump_label_init_module+0x0/0xc returned 0 after 0 usecs
[    1.698118] calling  init_zero_pfn+0x0/0x37 @ 1
[    1.699117] initcall init_zero_pfn+0x0/0x37 returned 0 after 0 usecs
[    1.700116] calling  initialize_ptr_random+0x0/0x54 @ 1
[    1.701121] initcall initialize_ptr_random+0x0/0x54 returned 0 after 0 usecs
[    1.702133] calling  efi_memreserve_root_init+0x0/0x25 @ 1
[    1.703141] initcall efi_memreserve_root_init+0x0/0x25 returned 0 after 0 usecs
[    1.704118] calling  efi_earlycon_remap_fb+0x0/0x51 @ 1
[    1.705118] initcall efi_earlycon_remap_fb+0x0/0x51 returned 0 after 0 usecs
[    1.808961] devtmpfs: initialized
[    1.809324] calling  ipc_ns_init+0x0/0x3d @ 1
[    1.810160] initcall ipc_ns_init+0x0/0x3d returned 0 after 0 usecs
[    1.811116] calling  init_mmap_min_addr+0x0/0x21 @ 1
[    1.812116] initcall init_mmap_min_addr+0x0/0x21 returned 0 after 0 usecs
[    1.813116] calling  pci_realloc_setup_params+0x0/0x3f @ 1
[    1.814149] initcall pci_realloc_setup_params+0x0/0x3f returned 0 after 0 usecs
[    1.815116] calling  net_ns_init+0x0/0x128 @ 1
[    1.816286] initcall net_ns_init+0x0/0x128 returned 0 after 0 usecs
[    1.817131] calling  e820__register_nvs_regions+0x0/0x37 @ 1
[    1.818116] initcall e820__register_nvs_regions+0x0/0x37 returned 0 after 0 usecs
[    1.819115] calling  cpufreq_register_tsc_scaling+0x0/0x2e @ 1
[    1.820120] initcall cpufreq_register_tsc_scaling+0x0/0x2e returned 0 after 0 usecs
[    1.821119] calling  reboot_init+0x0/0x3c @ 1
[    1.822159] initcall reboot_init+0x0/0x3c returned 0 after 0 usecs
[    1.823118] calling  init_lapic_sysfs+0x0/0x20 @ 1
[    1.824119] initcall init_lapic_sysfs+0x0/0x20 returned 0 after 0 usecs
[    1.825118] calling  wq_sysfs_init+0x0/0x2a @ 1
[    1.826337] initcall wq_sysfs_init+0x0/0x2a returned 0 after 0 usecs
[    1.827117] calling  ksysfs_init+0x0/0x92 @ 1
[    1.828126] initcall ksysfs_init+0x0/0x92 returned 0 after 0 usecs
[    1.829116] calling  pm_init+0x0/0x76 @ 1
[    1.830178] initcall pm_init+0x0/0x76 returned 0 after 0 usecs
[    1.831116] calling  pm_disk_init+0x0/0x13 @ 1
[    1.832158] initcall pm_disk_init+0x0/0x13 returned 0 after 0 usecs
[    1.833115] calling  swsusp_header_init+0x0/0x2b @ 1
[    1.834117] initcall swsusp_header_init+0x0/0x2b returned 0 after 0 usecs
[    1.835115] calling  rcu_set_runtime_mode+0x0/0x11 @ 1
[    1.836115] initcall rcu_set_runtime_mode+0x0/0x11 returned 0 after 0 usecs
[    1.837116] calling  init_jiffies_clocksource+0x0/0x13 @ 1
[    1.838115] clocksource: jiffies: mask: 0xffffffff max_cycles: 0xffffffff, max_idle_ns: 1911260446275000 ns
[    1.839122] initcall init_jiffies_clocksource+0x0/0x13 returned 0 after 976 usecs
[    1.840119] calling  futex_init+0x0/0xf4 @ 1
[    1.841118] futex hash table entries: 256 (order: 0, 6144 bytes, linear)
[    1.842171] initcall futex_init+0x0/0xf4 returned 0 after 976 usecs
[    1.843116] calling  cgroup_wq_init+0x0/0x28 @ 1
[    1.844121] initcall cgroup_wq_init+0x0/0x28 returned 0 after 0 usecs
[    1.845117] calling  cgroup1_wq_init+0x0/0x28 @ 1
[    1.846120] initcall cgroup1_wq_init+0x0/0x28 returned 0 after 0 usecs
[    1.847120] calling  init_kprobe_trace_early+0x0/0x2a @ 1
[    1.848120] initcall init_kprobe_trace_early+0x0/0x2a returned 0 after 0 usecs
[    1.849118] calling  fsnotify_init+0x0/0x48 @ 1
[    1.850125] initcall fsnotify_init+0x0/0x48 returned 0 after 0 usecs
[    1.851118] calling  filelock_init+0x0/0x60 @ 1
[    1.852124] initcall filelock_init+0x0/0x60 returned 0 after 0 usecs
[    1.853116] calling  init_misc_binfmt+0x0/0x2c @ 1
[    1.854119] initcall init_misc_binfmt+0x0/0x2c returned 0 after 0 usecs
[    1.855116] calling  init_script_binfmt+0x0/0x15 @ 1
[    1.856137] initcall init_script_binfmt+0x0/0x15 returned 0 after 0 usecs
[    1.857116] calling  init_elf_binfmt+0x0/0x15 @ 1
[    1.858117] initcall init_elf_binfmt+0x0/0x15 returned 0 after 0 usecs
[    1.859116] calling  init_compat_elf_binfmt+0x0/0x15 @ 1
[    1.860116] initcall init_compat_elf_binfmt+0x0/0x15 returned 0 after 0 usecs
[    1.861117] calling  debugfs_init+0x0/0x5c @ 1
[    1.863117] initcall debugfs_init+0x0/0x5c returned 0 after 976 usecs
[    1.864115] calling  tracefs_init+0x0/0x3a @ 1
[    1.865127] initcall tracefs_init+0x0/0x3a returned 0 after 0 usecs
[    1.866117] calling  prandom_init_early+0x0/0x111 @ 1
[    1.867116] initcall prandom_init_early+0x0/0x111 returned 0 after 0 usecs
[    1.868198] calling  virtio_init+0x0/0x20 @ 1
[    1.869130] initcall virtio_init+0x0/0x20 returned 0 after 0 usecs
[    1.870116] calling  iommu_init+0x0/0x2a @ 1
[    1.871118] initcall iommu_init+0x0/0x2a returned 0 after 0 usecs
[    1.872116] calling  component_debug_init+0x0/0x1c @ 1
[    1.873149] initcall component_debug_init+0x0/0x1c returned 0 after 0 usecs
[    1.874115] calling  early_resume_init+0x0/0xb9 @ 1
[    1.876114] PM: RTC time: 03:48:44, date: 2022-12-13
[    1.877119] initcall early_resume_init+0x0/0xb9 returned 0 after 1953 usecs
[    1.878117] calling  cpufreq_core_init+0x0/0x62 @ 1
[    1.879141] initcall cpufreq_core_init+0x0/0x62 returned 0 after 0 usecs
[    1.880116] calling  cpufreq_gov_performance_init+0x0/0xc @ 1
[    1.881118] initcall cpufreq_gov_performance_init+0x0/0xc returned 0 after 0 usecs
[    1.882116] calling  cpufreq_gov_userspace_init+0x0/0xc @ 1
[    1.883116] initcall cpufreq_gov_userspace_init+0x0/0xc returned 0 after 0 usecs
[    1.884117] calling  CPU_FREQ_GOV_ONDEMAND_init+0x0/0xc @ 1
[    1.885117] initcall CPU_FREQ_GOV_ONDEMAND_init+0x0/0xc returned 0 after 0 usecs
[    1.886120] calling  cpuidle_init+0x0/0x1f @ 1
[    1.887160] initcall cpuidle_init+0x0/0x1f returned 0 after 0 usecs
[    1.888117] calling  capsule_reboot_register+0x0/0xc @ 1
[    1.889117] initcall capsule_reboot_register+0x0/0xc returned 0 after 0 usecs
[    1.890119] calling  sock_init+0x0/0x93 @ 1
[    1.891307] initcall sock_init+0x0/0x93 returned 0 after 0 usecs
[    1.892116] calling  net_inuse_init+0x0/0x23 @ 1
[    1.893121] initcall net_inuse_init+0x0/0x23 returned 0 after 0 usecs
[    1.894116] calling  net_defaults_init+0x0/0x23 @ 1
[    1.896117] initcall net_defaults_init+0x0/0x23 returned 0 after 0 usecs
[    1.897117] calling  init_default_flow_dissectors+0x0/0x4f @ 1
[    1.898117] initcall init_default_flow_dissectors+0x0/0x4f returned 0 after 0 usecs
[    1.899116] calling  netpoll_init+0x0/0x25 @ 1
[    1.900116] initcall netpoll_init+0x0/0x25 returned 0 after 0 usecs
[    1.901118] calling  netlink_proto_init+0x0/0x14f @ 1
[    1.902463] NET: Registered protocol family 16
[    1.903138] initcall netlink_proto_init+0x0/0x14f returned 0 after 976 usecs
[    1.904119] calling  genl_init+0x0/0x35 @ 1
[    1.905130] initcall genl_init+0x0/0x35 returned 0 after 0 usecs
[    1.906144] calling  bsp_pm_check_init+0x0/0x13 @ 1
[    1.907118] initcall bsp_pm_check_init+0x0/0x13 returned 0 after 0 usecs
[    1.908139] calling  irq_sysfs_init+0x0/0xb7 @ 1
[    1.910164] initcall irq_sysfs_init+0x0/0xb7 returned 0 after 976 usecs
[    1.911122] calling  audit_init+0x0/0x15d @ 1
[    1.912126] audit: initializing netlink subsys (disabled)
[    1.913273] initcall audit_init+0x0/0x15d returned 0 after 976 usecs
[    1.914156] calling  release_early_probes+0x0/0x32 @ 1
[    1.916117] initcall release_early_probes+0x0/0x32 returned 0 after 0 usecs
[    1.917117] calling  bdi_class_init+0x0/0x48 @ 1
[    1.918135] initcall bdi_class_init+0x0/0x48 returned 0 after 0 usecs
[    1.919117] calling  mm_sysfs_init+0x0/0x28 @ 1
[    1.920123] initcall mm_sysfs_init+0x0/0x28 returned 0 after 0 usecs
[    1.921117] calling  init_per_zone_wmark_min+0x0/0x5e @ 1
[    1.922121] initcall init_per_zone_wmark_min+0x0/0x5e returned 0 after 0 usecs
[    1.923120] calling  mpi_init+0x0/0x3e @ 1
[    1.924144] initcall mpi_init+0x0/0x3e returned 0 after 0 usecs
[    1.925119] calling  kobject_uevent_init+0x0/0xc @ 1
[    1.926174] initcall kobject_uevent_init+0x0/0xc returned 0 after 0 usecs
[    1.927116] calling  pcibus_class_init+0x0/0x13 @ 1
[    1.928149] initcall pcibus_class_init+0x0/0x13 returned 0 after 0 usecs
[    1.929116] calling  pci_driver_init+0x0/0x21 @ 1
[    1.930200] initcall pci_driver_init+0x0/0x21 returned 0 after 0 usecs
[    1.931116] calling  backlight_class_init+0x0/0xa8 @ 1
[    1.932148] initcall backlight_class_init+0x0/0xa8 returned 0 after 0 usecs
[    1.933117] calling  tty_class_init+0x0/0x33 @ 1
[    1.934126] initcall tty_class_init+0x0/0x33 returned 0 after 0 usecs
[    1.935117] calling  vtconsole_class_init+0x0/0xb5 @ 1
[    1.936190] initcall vtconsole_class_init+0x0/0xb5 returned 0 after 0 usecs
[    1.937117] calling  iommu_dev_init+0x0/0x13 @ 1
[    1.938157] initcall iommu_dev_init+0x0/0x13 returned 0 after 0 usecs
[    1.939116] calling  mipi_dsi_bus_init+0x0/0xc @ 1
[    1.940164] initcall mipi_dsi_bus_init+0x0/0xc returned 0 after 0 usecs
[    1.941119] calling  devlink_class_init+0x0/0x40 @ 1
[    1.942126] initcall devlink_class_init+0x0/0x40 returned 0 after 0 usecs
[    1.943117] calling  software_node_init+0x0/0x2a @ 1
[    1.944120] initcall software_node_init+0x0/0x2a returned 0 after 0 usecs
[    1.945116] calling  wakeup_sources_debugfs_init+0x0/0x23 @ 1
[    1.946125] initcall wakeup_sources_debugfs_init+0x0/0x23 returned 0 after 0 usecs
[    1.947117] calling  wakeup_sources_sysfs_init+0x0/0x2c @ 1
[    1.948127] initcall wakeup_sources_sysfs_init+0x0/0x2c returned 0 after 0 usecs
[    1.949116] calling  regmap_initcall+0x0/0xc @ 1
[    1.950124] initcall regmap_initcall+0x0/0xc returned 0 after 0 usecs
[    1.951117] calling  i2c_init+0x0/0xb3 @ 1
[    1.952189] initcall i2c_init+0x0/0xb3 returned 0 after 0 usecs
[    1.953116] calling  thermal_init+0x0/0xf2 @ 1
[    1.954137] thermal_sys: Registered thermal governor 'step_wise'
[    1.954138] thermal_sys: Registered thermal governor 'user_space'
[    1.955130] initcall thermal_init+0x0/0xf2 returned 0 after 976 usecs
[    1.957118] calling  init_menu+0x0/0xc @ 1
[    1.958115] cpuidle: using governor menu
[    1.959117] initcall init_menu+0x0/0xc returned 0 after 976 usecs
[    1.960116] calling  pcc_init+0x0/0x4d @ 1
[    1.961130] initcall pcc_init+0x0/0x4d returned -19 after 0 usecs
[    1.962116] calling  amd_postcore_init+0x0/0x11e @ 1
[    1.963117] initcall amd_postcore_init+0x0/0x11e returned 0 after 0 usecs
[    1.964146] calling  bts_init+0x0/0xba @ 1
[    1.965117] initcall bts_init+0x0/0xba returned -19 after 0 usecs
[    1.966116] calling  pt_init+0x0/0x2ef @ 1
[    1.967117] initcall pt_init+0x0/0x2ef returned -19 after 0 usecs
[    1.968116] calling  boot_params_ksysfs_init+0x0/0x2ee @ 1
[    1.969139] initcall boot_params_ksysfs_init+0x0/0x2ee returned 0 after 0 usecs
[    1.970116] calling  sbf_init+0x0/0xd1 @ 1
[    1.971116] initcall sbf_init+0x0/0xd1 returned 0 after 0 usecs
[    1.972117] calling  arch_kdebugfs_init+0x0/0x219 @ 1
[    1.973126] initcall arch_kdebugfs_init+0x0/0x219 returned 0 after 0 usecs
[    1.974115] calling  intel_pconfig_init+0x0/0x85 @ 1
[    1.975120] initcall intel_pconfig_init+0x0/0x85 returned 0 after 0 usecs
[    1.976120] calling  mtrr_if_init+0x0/0x5d @ 1
[    1.977120] initcall mtrr_if_init+0x0/0x5d returned 0 after 0 usecs
[    1.978117] calling  activate_jump_labels+0x0/0x31 @ 1
[    1.979118] initcall activate_jump_labels+0x0/0x31 returned 0 after 0 usecs
[    1.980120] calling  ffh_cstate_init+0x0/0x29 @ 1
[    1.981124] initcall ffh_cstate_init+0x0/0x29 returned 0 after 0 usecs
[    1.982118] calling  activate_jump_labels+0x0/0x31 @ 1
[    1.983131] initcall activate_jump_labels+0x0/0x31 returned 0 after 0 usecs
[    1.984118] calling  kvm_alloc_cpumask+0x0/0x2b @ 1
[    1.986143] initcall kvm_alloc_cpumask+0x0/0x2b returned 0 after 0 usecs
[    1.987119] calling  kcmp_cookies_init+0x0/0x37 @ 1
[    1.988127] initcall kcmp_cookies_init+0x0/0x37 returned 0 after 0 usecs
[    1.989121] calling  cryptomgr_init+0x0/0xc @ 1
[    1.990119] initcall cryptomgr_init+0x0/0xc returned 0 after 0 usecs
[    1.992118] calling  acpi_pci_init+0x0/0x57 @ 1
[    1.993115] ACPI: bus type PCI registered
[    1.994118] initcall acpi_pci_init+0x0/0x57 returned 0 after 976 usecs
[    1.995118] calling  dma_channel_table_init+0x0/0xce @ 1
[    1.996152] initcall dma_channel_table_init+0x0/0xce returned 0 after 0 usecs
[    1.998117] calling  dma_bus_init+0x0/0xdc @ 1
[    1.999182] initcall dma_bus_init+0x0/0xdc returned 0 after 0 usecs
[    2.000220] calling  iommu_dma_init+0x0/0x10 @ 1
[    2.001153] initcall iommu_dma_init+0x0/0x10 returned 0 after 0 usecs
[    2.002120] calling  dmi_id_init+0x0/0x37c @ 1
[    2.003260] initcall dmi_id_init+0x0/0x37c returned 0 after 0 usecs
[    2.004122] calling  pci_arch_init+0x0/0x71 @ 1
[    2.006686] PCI: MMCONFIG for domain 0000 [bus 00-ff] at [mem 0xb0000000-0xbfffffff] (base 0xb0000000)
[    2.008121] PCI: MMCONFIG at [mem 0xb0000000-0xbfffffff] reserved in E820
[    2.009135] PCI: Using configuration type 1 for base access
[    2.010191] initcall pci_arch_init+0x0/0x71 returned 0 after 4882 usecs
[    2.011149] calling  init_vdso+0x0/0x13 @ 1
[    2.012146] initcall init_vdso+0x0/0x13 returned 0 after 0 usecs
[    2.013120] calling  sysenter_setup+0x0/0x13 @ 1
[    2.014149] initcall sysenter_setup+0x0/0x13 returned 0 after 0 usecs
[    2.015118] calling  fixup_ht_bug+0x0/0x7f @ 1
[    2.016118] initcall fixup_ht_bug+0x0/0x7f returned 0 after 0 usecs
[    2.017117] calling  topology_init+0x0/0x15 @ 1
[    2.018222] initcall topology_init+0x0/0x15 returned 0 after 0 usecs
[    2.019118] calling  intel_epb_init+0x0/0x68 @ 1
[    2.020122] initcall intel_epb_init+0x0/0x68 returned -19 after 0 usecs
[    2.021117] calling  mtrr_init_finialize+0x0/0x3e @ 1
[    2.022117] initcall mtrr_init_finialize+0x0/0x3e returned 0 after 0 usecs
[    2.023118] calling  uid_cache_init+0x0/0x7b @ 1
[    2.025122] initcall uid_cache_init+0x0/0x7b returned 0 after 0 usecs
[    2.026118] calling  param_sysfs_init+0x0/0x1ba @ 1
[    2.030177] initcall param_sysfs_init+0x0/0x1ba returned 0 after 2929 usecs
[    2.031127] calling  user_namespace_sysctl_init+0x0/0x33 @ 1
[    2.032202] initcall user_namespace_sysctl_init+0x0/0x33 returned 0 after 0 usecs
[    2.033121] calling  proc_schedstat_init+0x0/0x24 @ 1
[    2.034124] initcall proc_schedstat_init+0x0/0x24 returned 0 after 0 usecs
[    2.035117] calling  pm_sysrq_init+0x0/0x18 @ 1
[    2.036117] initcall pm_sysrq_init+0x0/0x18 returned 0 after 0 usecs
[    2.037194] calling  create_proc_profile+0x0/0x50 @ 1
[    2.038117] initcall create_proc_profile+0x0/0x50 returned 0 after 0 usecs
[    2.039118] calling  time_ns_init+0x0/0x7 @ 1
[    2.040118] initcall time_ns_init+0x0/0x7 returned 0 after 0 usecs
[    2.041116] calling  crash_save_vmcoreinfo_init+0x0/0x756 @ 1
[    2.043218] initcall crash_save_vmcoreinfo_init+0x0/0x756 returned 0 after 0 usecs
[    2.044118] calling  crash_notes_memory_init+0x0/0x35 @ 1
[    2.045120] initcall crash_notes_memory_init+0x0/0x35 returned 0 after 0 usecs
[    2.046116] calling  cgroup_sysfs_init+0x0/0x13 @ 1
[    2.047219] initcall cgroup_sysfs_init+0x0/0x13 returned 0 after 0 usecs
[    2.048116] calling  cgroup_namespaces_init+0x0/0x7 @ 1
[    2.049117] initcall cgroup_namespaces_init+0x0/0x7 returned 0 after 0 usecs
[    2.050120] calling  init_optprobes+0x0/0x13 @ 1
[    2.051115] Kprobes globally optimized
[    2.052121] initcall init_optprobes+0x0/0x13 returned 0 after 976 usecs
[    2.053119] calling  oom_init+0x0/0x2f @ 1
[    2.055147] audit: type=2000 audit(1670903323.366:1): state=initialized audit_enabled=0 res=1
[    2.056133] initcall oom_init+0x0/0x2f returned 0 after 1953 usecs
[    2.057118] calling  default_bdi_init+0x0/0x35 @ 1
[    2.058238] initcall default_bdi_init+0x0/0x35 returned 0 after 0 usecs
[    2.059123] calling  percpu_enable_async+0x0/0xe @ 1
[    2.060116] initcall percpu_enable_async+0x0/0xe returned 0 after 0 usecs
[    2.061118] calling  kcompactd_init+0x0/0x46 @ 1
[    2.063135] initcall kcompactd_init+0x0/0x46 returned 0 after 976 usecs
[    2.064322] calling  init_user_reserve+0x0/0x30 @ 1
[    2.065118] initcall init_user_reserve+0x0/0x30 returned 0 after 0 usecs
[    2.066118] calling  init_admin_reserve+0x0/0x30 @ 1
[    2.067117] initcall init_admin_reserve+0x0/0x30 returned 0 after 0 usecs
[    2.068119] calling  init_reserve_notifier+0x0/0x7 @ 1
[    2.069118] initcall init_reserve_notifier+0x0/0x7 returned 0 after 0 usecs
[    2.070121] calling  swap_init_sysfs+0x0/0x62 @ 1
[    2.071131] initcall swap_init_sysfs+0x0/0x62 returned 0 after 0 usecs
[    2.072118] calling  swapfile_init+0x0/0x46 @ 1
[    2.074120] initcall swapfile_init+0x0/0x46 returned 0 after 0 usecs
[    2.075119] calling  hugetlb_init+0x0/0x430 @ 1
[    2.076120] HugeTLB registered 2.00 MiB page size, pre-allocated 0 pages
[    2.077177] initcall hugetlb_init+0x0/0x430 returned 0 after 976 usecs
[    2.078119] calling  io_wq_init+0x0/0x34 @ 1
[    2.079121] initcall io_wq_init+0x0/0x34 returned 0 after 0 usecs
[    2.080119] calling  seqiv_module_init+0x0/0xc @ 1
[    2.081118] initcall seqiv_module_init+0x0/0xc returned 0 after 0 usecs
[    2.082119] calling  echainiv_module_init+0x0/0xc @ 1
[    2.083121] initcall echainiv_module_init+0x0/0xc returned 0 after 0 usecs
[    2.084240] calling  rsa_init+0x0/0x50 @ 1
[    2.086322] cryptomgr_test (17) used greatest stack depth: 15544 bytes left
[    2.087131] initcall rsa_init+0x0/0x50 returned 0 after 976 usecs
[    2.088120] calling  crypto_cmac_module_init+0x0/0xc @ 1
[    2.091111] initcall crypto_cmac_module_init+0x0/0xc returned 0 after 0 usecs
[    2.092240] calling  hmac_module_init+0x0/0xc @ 1
[    2.093119] initcall hmac_module_init+0x0/0xc returned 0 after 0 usecs
[    2.094120] calling  crypto_null_mod_init+0x0/0x65 @ 1
[    2.100305] initcall crypto_null_mod_init+0x0/0x65 returned 0 after 4882 usecs
[    2.101156] calling  md5_mod_init+0x0/0xc @ 1
[    2.103164] initcall md5_mod_init+0x0/0xc returned 0 after 0 usecs
[    2.104119] calling  sha256_generic_mod_init+0x0/0x11 @ 1
[    2.105182] initcall sha256_generic_mod_init+0x0/0x11 returned 0 after 0 usecs
[    2.106119] calling  crypto_cbc_module_init+0x0/0xc @ 1
[    2.107120] initcall crypto_cbc_module_init+0x0/0xc returned 0 after 0 usecs
[    2.108118] calling  crypto_ctr_module_init+0x0/0x11 @ 1
[    2.109118] initcall crypto_ctr_module_init+0x0/0x11 returned 0 after 0 usecs
[    2.110117] calling  crypto_gcm_module_init+0x0/0x64 @ 1
[    2.112120] initcall crypto_gcm_module_init+0x0/0x64 returned 0 after 976 usecs
[    2.113119] calling  crypto_ccm_module_init+0x0/0x11 @ 1
[    2.114120] initcall crypto_ccm_module_init+0x0/0x11 returned 0 after 0 usecs
[    2.115119] calling  aes_init+0x0/0xc @ 1
[    2.116170] initcall aes_init+0x0/0xc returned 0 after 0 usecs
[    2.117117] calling  crc32c_mod_init+0x0/0xc @ 1
[    2.118155] initcall crc32c_mod_init+0x0/0xc returned 0 after 0 usecs
[    2.119116] calling  crypto_authenc_module_init+0x0/0xc @ 1
[    2.120118] initcall crypto_authenc_module_init+0x0/0xc returned 0 after 0 usecs
[    2.121118] calling  crypto_authenc_esn_module_init+0x0/0xc @ 1
[    2.123133] initcall crypto_authenc_esn_module_init+0x0/0xc returned 0 after 0 usecs
[    2.124117] calling  drbg_init+0x0/0x7c @ 1
[    2.125340] initcall drbg_init+0x0/0x7c returned 0 after 0 usecs
[    2.126117] calling  ghash_mod_init+0x0/0xc @ 1
[    2.127157] initcall ghash_mod_init+0x0/0xc returned 0 after 0 usecs
[    2.128117] calling  init_bio+0x0/0x9a @ 1
[    2.129855] initcall init_bio+0x0/0x9a returned 0 after 0 usecs
[    2.130118] calling  blk_settings_init+0x0/0x29 @ 1
[    2.131118] initcall blk_settings_init+0x0/0x29 returned 0 after 0 usecs
[    2.132119] calling  blk_ioc_init+0x0/0x29 @ 1
[    2.133124] initcall blk_ioc_init+0x0/0x29 returned 0 after 0 usecs
[    2.134119] calling  blk_mq_init+0x0/0x96 @ 1
[    2.135120] initcall blk_mq_init+0x0/0x96 returned 0 after 0 usecs
[    2.136120] calling  genhd_device_init+0x0/0x75 @ 1
[    2.138466] initcall genhd_device_init+0x0/0x75 returned 0 after 976 usecs
[    2.139337] calling  pci_slot_init+0x0/0x40 @ 1
[    2.140288] initcall pci_slot_init+0x0/0x40 returned 0 after 0 usecs
[    2.141119] calling  fbmem_init+0x0/0xd8 @ 1
[    2.143795] initcall fbmem_init+0x0/0xd8 returned 0 after 976 usecs
[    2.144118] calling  acpi_init+0x0/0x316 @ 1
[    2.146189] ACPI: Added _OSI(Module Device)
[    2.147115] ACPI: Added _OSI(Processor Device)
[    2.148114] ACPI: Added _OSI(3.0 _SCP Extensions)
[    2.149114] ACPI: Added _OSI(Processor Aggregator Device)
[    2.150116] ACPI: Added _OSI(Linux-Dell-Video)
[    2.151115] ACPI: Added _OSI(Linux-Lenovo-NV-HDMI-Audio)
[    2.152115] ACPI: Added _OSI(Linux-HPI-Hybrid-Graphics)
[    2.157212] ACPI: 1 ACPI AML tables successfully acquired and loaded
[    2.163464] ACPI: Interpreter enabled
[    2.164267] ACPI: (supports S0 S3 S4 S5)
[    2.165134] ACPI: Using IOAPIC for interrupt routing
[    2.166571] PCI: Using host bridge windows from ACPI; if necessary, use "pci=nocrs" and report a bug
[    2.167444] ACPI: Enabled 2 GPEs in block 00 to 3F
[    2.174521] ACPI: PCI Root Bridge [PCI0] (domain 0000 [bus 00-ff])
[    2.175375] acpi PNP0A08:00: _OSC: OS supports [ExtendedConfig ASPM ClockPM Segments MSI HPX-Type3]
[    2.176203] acpi PNP0A08:00: _OSC: platform does not support [LTR]
[    2.177180] acpi PNP0A08:00: _OSC: OS now controls [PME PCIeCapability]
[    2.179352] PCI host bridge to bus 0000:00
[    2.180129] pci_bus 0000:00: root bus resource [io  0x0000-0x0cf7 window]
[    2.182116] pci_bus 0000:00: root bus resource [io  0x0d00-0xffff window]
[    2.183130] pci_bus 0000:00: root bus resource [mem 0x000a0000-0x000bffff window]
[    2.184118] pci_bus 0000:00: root bus resource [mem 0x20000000-0xafffffff window]
[    2.185117] pci_bus 0000:00: root bus resource [mem 0xc0000000-0xfebfffff window]
[    2.186119] pci_bus 0000:00: root bus resource [mem 0x100000000-0x8ffffffff window]
[    2.187117] pci_bus 0000:00: root bus resource [bus 00-ff]
[    2.188776] pci 0000:00:00.0: calling  quirk_mmio_always_on+0x0/0x10 @ 1
[    2.189120] pci 0000:00:00.0: quirk_mmio_always_on+0x0/0x10 took 0 usecs
[    2.190116] pci 0000:00:00.0: [8086:29c0] type 00 class 0x060000
[    2.195111] pci 0000:00:00.0: calling  quirk_igfx_skip_te_disable+0x0/0x80 @ 1
[    2.196176] pci 0000:00:00.0: quirk_igfx_skip_te_disable+0x0/0x80 took 0 usecs
[    2.198993] pci 0000:00:01.0: [1234:1111] type 00 class 0x030000
[    2.204506] pci 0000:00:01.0: reg 0x10: [mem 0xfd000000-0xfdffffff pref]
[    2.215579] pci 0000:00:01.0: reg 0x18: [mem 0xfebf0000-0xfebf0fff]
[    2.230402] pci 0000:00:01.0: reg 0x30: [mem 0xfebe0000-0xfebeffff pref]
[    2.234065] pci 0000:00:01.0: calling  efifb_fixup_resources+0x0/0xf0 @ 1
[    2.234154] pci 0000:00:01.0: efifb_fixup_resources+0x0/0xf0 took 0 usecs
[    2.243224] pci 0000:00:1f.0: [8086:2918] type 00 class 0x060100
[    2.250593] pci 0000:00:1f.0: calling  quirk_ich7_lpc+0x0/0x60 @ 1
[    2.251391] pci 0000:00:1f.0: quirk: [io  0x0600-0x067f] claimed by ICH6 ACPI/GPIO/TCO
[    2.252560] pci 0000:00:1f.0: quirk_ich7_lpc+0x0/0x60 took 976 usecs
[    2.253238] pci 0000:00:1f.0: calling  quirk_igfx_skip_te_disable+0x0/0x80 @ 1
[    2.254164] pci 0000:00:1f.0: quirk_igfx_skip_te_disable+0x0/0x80 took 0 usecs
[    2.258394] pci 0000:00:1f.2: [8086:2922] type 00 class 0x010601
[    2.271121] pci 0000:00:1f.2: reg 0x20: [io  0xc040-0xc05f]
[    2.273855] pci 0000:00:1f.2: reg 0x24: [mem 0xfebf1000-0xfebf1fff]
[    2.275961] pci 0000:00:1f.2: calling  quirk_igfx_skip_te_disable+0x0/0x80 @ 1
[    2.276121] pci 0000:00:1f.2: quirk_igfx_skip_te_disable+0x0/0x80 took 0 usecs
[    2.281208] pci 0000:00:1f.3: [8086:2930] type 00 class 0x0c0500
[    2.288719] pci 0000:00:1f.3: reg 0x20: [io  0x0700-0x073f]
[    2.292223] pci 0000:00:1f.3: calling  quirk_igfx_skip_te_disable+0x0/0x80 @ 1
[    2.293121] pci 0000:00:1f.3: quirk_igfx_skip_te_disable+0x0/0x80 took 0 usecs
[    2.296147] pci_bus 0000:00: on NUMA node 0
[    2.299617] ACPI: PCI Interrupt Link [LNKA] (IRQs 5 *10 11)
[    2.301131] ACPI: PCI Interrupt Link [LNKB] (IRQs 5 *10 11)
[    2.302587] ACPI: PCI Interrupt Link [LNKC] (IRQs 5 10 *11)
[    2.304131] ACPI: PCI Interrupt Link [LNKD] (IRQs 5 10 *11)
[    2.305539] ACPI: PCI Interrupt Link [LNKE] (IRQs 5 *10 11)
[    2.306525] ACPI: PCI Interrupt Link [LNKF] (IRQs 5 *10 11)
[    2.307575] ACPI: PCI Interrupt Link [LNKG] (IRQs 5 10 *11)
[    2.308581] ACPI: PCI Interrupt Link [LNKH] (IRQs 5 10 *11)
[    2.310218] ACPI: PCI Interrupt Link [GSIA] (IRQs *16)
[    2.311142] ACPI: PCI Interrupt Link [GSIB] (IRQs *17)
[    2.312134] ACPI: PCI Interrupt Link [GSIC] (IRQs *18)
[    2.313174] ACPI: PCI Interrupt Link [GSID] (IRQs *19)
[    2.314129] ACPI: PCI Interrupt Link [GSIE] (IRQs *20)
[    2.315142] ACPI: PCI Interrupt Link [GSIF] (IRQs *21)
[    2.316133] ACPI: PCI Interrupt Link [GSIG] (IRQs *22)
[    2.317130] ACPI: PCI Interrupt Link [GSIH] (IRQs *23)
[    2.321484] initcall acpi_init+0x0/0x316 returned 0 after 171875 usecs
[    2.322272] calling  pnp_init+0x0/0xc @ 1
[    2.324128] initcall pnp_init+0x0/0xc returned 0 after 976 usecs
[    2.325133] calling  misc_init+0x0/0xbf @ 1
[    2.327419] initcall misc_init+0x0/0xbf returned 0 after 976 usecs
[    2.328117] calling  iommu_subsys_init+0x0/0x4e @ 1
[    2.329207] iommu: Default domain type: Translated 
[    2.330117] initcall iommu_subsys_init+0x0/0x4e returned 0 after 976 usecs
[    2.331117] calling  vga_arb_device_init+0x0/0x26c @ 1
[    2.333805] pci 0000:00:01.0: vgaarb: setting as boot VGA device
[    2.334111] pci 0000:00:01.0: vgaarb: VGA device added: decodes=io+mem,owns=io+mem,locks=none
[    2.334117] pci 0000:00:01.0: vgaarb: bridge control possible
[    2.335114] vgaarb: loaded
[    2.336118] initcall vga_arb_device_init+0x0/0x26c returned 0 after 3906 usecs
[    2.337217] calling  cn_init+0x0/0xf0 @ 1
[    2.339435] initcall cn_init+0x0/0xf0 returned 0 after 976 usecs
[    2.340118] calling  dma_buf_init+0x0/0xad @ 1
[    2.342119] initcall dma_buf_init+0x0/0xad returned 0 after 976 usecs
[    2.343118] calling  init_scsi+0x0/0x79 @ 1
[    2.345187] SCSI subsystem initialized
[    2.346117] initcall init_scsi+0x0/0x79 returned 0 after 1953 usecs
[    2.347117] calling  ata_init+0x0/0x332 @ 1
[    2.350605] libata version 3.00 loaded.
[    2.351118] initcall ata_init+0x0/0x332 returned 0 after 2929 usecs
[    2.352118] calling  phy_init+0x0/0x250 @ 1
[    2.354125] initcall phy_init+0x0/0x250 returned 0 after 976 usecs
[    2.355118] calling  init_pcmcia_cs+0x0/0x35 @ 1
[    2.356209] initcall init_pcmcia_cs+0x0/0x35 returned 0 after 0 usecs
[    2.359120] calling  usb_common_init+0x0/0x1c @ 1
[    2.360169] initcall usb_common_init+0x0/0x1c returned 0 after 0 usecs
[    2.361120] calling  usb_init+0x0/0x12e @ 1
[    2.362187] ACPI: bus type USB registered
[    2.364259] usbcore: registered new interface driver usbfs
[    2.366236] usbcore: registered new interface driver hub
[    2.367208] usbcore: registered new device driver usb
[    2.368121] initcall usb_init+0x0/0x12e returned 0 after 5859 usecs
[    2.369119] calling  serio_init+0x0/0x29 @ 1
[    2.370147] initcall serio_init+0x0/0x29 returned 0 after 0 usecs
[    2.371120] calling  input_init+0x0/0xf6 @ 1
[    2.372224] initcall input_init+0x0/0xf6 returned 0 after 0 usecs
[    2.373119] calling  rtc_init+0x0/0x4d @ 1
[    2.374156] initcall rtc_init+0x0/0x4d returned 0 after 0 usecs
[    2.375118] calling  pps_init+0x0/0xa9 @ 1
[    2.376151] pps_core: LinuxPPS API ver. 1 registered
[    2.377114] pps_core: Software ver. 5.3.6 - Copyright 2005-2007 Rodolfo Giometti <giometti@linux.it>
[    2.378118] initcall pps_init+0x0/0xa9 returned 0 after 1953 usecs
[    2.379118] calling  ptp_init+0x0/0x98 @ 1
[    2.380127] PTP clock support registered
[    2.381118] initcall ptp_init+0x0/0x98 returned 0 after 976 usecs
[    2.382120] calling  power_supply_class_init+0x0/0x3f @ 1
[    2.384118] initcall power_supply_class_init+0x0/0x3f returned 0 after 976 usecs
[    2.385117] calling  hwmon_init+0x0/0x104 @ 1
[    2.386153] initcall hwmon_init+0x0/0x104 returned 0 after 0 usecs
[    2.387117] calling  md_init+0x0/0x16b @ 1
[    2.389415] initcall md_init+0x0/0x16b returned 0 after 976 usecs
[    2.390119] calling  leds_init+0x0/0x3b @ 1
[    2.391170] initcall leds_init+0x0/0x3b returned 0 after 0 usecs
[    2.392118] calling  dmi_init+0x0/0x113 @ 1
[    2.394228] initcall dmi_init+0x0/0x113 returned 0 after 976 usecs
[    2.396117] calling  efisubsys_init+0x0/0x4e6 @ 1
[    2.398143] initcall efisubsys_init+0x0/0x4e6 returned 0 after 0 usecs
[    2.399117] calling  nvmem_init+0x0/0xc @ 1
[    2.400200] initcall nvmem_init+0x0/0xc returned 0 after 0 usecs
[    2.401117] calling  init_soundcore+0x0/0x33 @ 1
[    2.402129] initcall init_soundcore+0x0/0x33 returned 0 after 0 usecs
[    2.403118] calling  alsa_sound_init+0x0/0x8f @ 1
[    2.405173] Advanced Linux Sound Architecture Driver Initialized.
[    2.406118] initcall alsa_sound_init+0x0/0x8f returned 0 after 1953 usecs
[    2.407117] calling  alsa_seq_device_init+0x0/0x71 @ 1
[    2.408307] initcall alsa_seq_device_init+0x0/0x71 returned 0 after 0 usecs
[    2.410118] calling  hda_bus_init+0x0/0xc @ 1
[    2.411232] initcall hda_bus_init+0x0/0xc returned 0 after 0 usecs
[    2.412116] calling  proto_init+0x0/0xc @ 1
[    2.413182] initcall proto_init+0x0/0xc returned 0 after 0 usecs
[    2.414117] calling  net_dev_init+0x0/0x1cc @ 1
[    2.416739] initcall net_dev_init+0x0/0x1cc returned 0 after 976 usecs
[    2.417117] calling  neigh_init+0x0/0x84 @ 1
[    2.418118] initcall neigh_init+0x0/0x84 returned 0 after 0 usecs
[    2.419116] calling  fib_notifier_init+0x0/0xc @ 1
[    2.421117] initcall fib_notifier_init+0x0/0xc returned 0 after 976 usecs
[    2.422118] calling  fib_rules_init+0x0/0xab @ 1
[    2.423161] initcall fib_rules_init+0x0/0xab returned 0 after 0 usecs
[    2.424119] calling  pktsched_init+0x0/0x10e @ 1
[    2.425319] initcall pktsched_init+0x0/0x10e returned 0 after 0 usecs
[    2.426118] calling  tc_filter_init+0x0/0xfa @ 1
[    2.427181] initcall tc_filter_init+0x0/0xfa returned 0 after 0 usecs
[    2.428116] calling  tc_action_init+0x0/0x54 @ 1
[    2.429120] initcall tc_action_init+0x0/0x54 returned 0 after 0 usecs
[    2.430118] calling  ethnl_init+0x0/0x52 @ 1
[    2.431620] initcall ethnl_init+0x0/0x52 returned 0 after 0 usecs
[    2.432260] calling  nexthop_init+0x0/0xd8 @ 1
[    2.436126] initcall nexthop_init+0x0/0xd8 returned 0 after 1953 usecs
[    2.437127] calling  cipso_v4_init+0x0/0x5a @ 1
[    2.439456] initcall cipso_v4_init+0x0/0x5a returned 0 after 976 usecs
[    2.440122] calling  ieee80211_init+0x0/0x24 @ 1
[    2.442540] initcall ieee80211_init+0x0/0x24 returned 0 after 976 usecs
[    2.443122] calling  netlbl_init+0x0/0x78 @ 1
[    2.444263] NetLabel: Initializing
[    2.445120] NetLabel:  domain hash size = 128
[    2.446116] NetLabel:  protocols = UNLABELED CIPSOv4 CALIPSO
[    2.448457] NetLabel:  unlabeled traffic allowed by default
[    2.449123] initcall netlbl_init+0x0/0x78 returned 0 after 4882 usecs
[    2.450121] calling  rfkill_init+0x0/0x111 @ 1
[    2.451832] initcall rfkill_init+0x0/0x111 returned 0 after 0 usecs
[    2.452119] calling  pci_subsys_init+0x0/0x66 @ 1
[    2.453454] PCI: Using ACPI for IRQ routing
[    3.231443] PCI: pci_cache_line_size set to 64 bytes
[    3.234797] e820: reserve RAM buffer [mem 0x0009fc00-0x0009ffff]
[    3.235366] e820: reserve RAM buffer [mem 0x1ffdf000-0x1fffffff]
[    3.237761] initcall pci_subsys_init+0x0/0x66 returned 0 after 765625 usecs
[    3.256949] calling  nmi_warning_debugfs+0x0/0x26 @ 1
[    3.260122] initcall nmi_warning_debugfs+0x0/0x26 returned 0 after 1953 usecs
[    3.261118] calling  save_microcode_in_initrd+0x0/0x51 @ 1
[    3.264118] initcall save_microcode_in_initrd+0x0/0x51 returned 0 after 1953 usecs
[    3.265377] calling  hpet_late_init+0x0/0x1f6 @ 1
[    3.270111] hpet: 3 channels of 0 reserved for per-cpu timers
[    3.272563] hpet0: at MMIO 0xfed00000, IRQs 2, 8, 0
[    3.273116] hpet0: 3 comparators, 64-bit 100.000000 MHz counter
[    3.277121] initcall hpet_late_init+0x0/0x1f6 returned 0 after 10742 usecs
[    3.278121] calling  init_amd_nbs+0x0/0x11c @ 1
[    3.280121] initcall init_amd_nbs+0x0/0x11c returned 0 after 976 usecs
[    3.281472] calling  clocksource_done_booting+0x0/0x41 @ 1
[    3.287668] clocksource: Switched to clocksource kvm-clock
[    3.295282] initcall clocksource_done_booting+0x0/0x41 returned 0 after 12856 usecs
[    3.305541] calling  tracer_init_tracefs+0x0/0x1fb @ 1
[    3.767032] initcall tracer_init_tracefs+0x0/0x1fb returned 0 after 444246 usecs
[    3.776432] calling  init_trace_printk_function_export+0x0/0x2c @ 1
[    3.784261] initcall init_trace_printk_function_export+0x0/0x2c returned 0 after 8 usecs
[    3.794579] calling  init_kprobe_trace+0x0/0x1a9 @ 1
[    3.800998] initcall init_kprobe_trace+0x0/0x1a9 returned 0 after 31 usecs
[    3.809824] calling  init_dynamic_event+0x0/0x3d @ 1
[    3.818433] initcall init_dynamic_event+0x0/0x3d returned 0 after 239 usecs
[    3.829912] calling  init_uprobe_trace+0x0/0x5c @ 1
[    3.837620] initcall init_uprobe_trace+0x0/0x5c returned 0 after 103 usecs
[    3.846579] calling  init_pipe_fs+0x0/0x44 @ 1
[    3.852676] initcall init_pipe_fs+0x0/0x44 returned 0 after 188 usecs
[    3.861824] calling  inotify_user_setup+0x0/0x47 @ 1
[    3.868493] initcall inotify_user_setup+0x0/0x47 returned 0 after 324 usecs
[    3.877595] calling  eventpoll_init+0x0/0xcc @ 1
[    3.885204] initcall eventpoll_init+0x0/0xcc returned 0 after 490 usecs
[    3.893039] calling  anon_inode_init+0x0/0x58 @ 1
[    3.898759] initcall anon_inode_init+0x0/0x58 returned 0 after 108 usecs
[    3.907748] calling  proc_locks_init+0x0/0x27 @ 1
[    3.913571] initcall proc_locks_init+0x0/0x27 returned 0 after 33 usecs
[    3.922176] calling  iomap_init+0x0/0x1b @ 1
[    3.931104] initcall iomap_init+0x0/0x1b returned 0 after 3381 usecs
[    3.939389] calling  dquot_init+0x0/0xd7 @ 1
[    3.945069] VFS: Disk quotas dquot_6.6.0
[    3.950649] VFS: Dquot-cache hash table entries: 512 (order 0, 4096 bytes)
[    3.960688] initcall dquot_init+0x0/0xd7 returned 0 after 15249 usecs
[    3.968778] calling  quota_init+0x0/0x23 @ 1
[    3.974168] initcall quota_init+0x0/0x23 returned 0 after 10 usecs
[    3.983735] calling  proc_cmdline_init+0x0/0x21 @ 1
[    3.991778] initcall proc_cmdline_init+0x0/0x21 returned 0 after 76 usecs
[    4.000939] calling  proc_consoles_init+0x0/0x24 @ 1
[    4.008451] initcall proc_consoles_init+0x0/0x24 returned 0 after 276 usecs
[    4.017304] calling  proc_cpuinfo_init+0x0/0x1e @ 1
[    4.024304] initcall proc_cpuinfo_init+0x0/0x1e returned 0 after 4 usecs
[    4.034569] calling  proc_devices_init+0x0/0x24 @ 1
[    4.041987] initcall proc_devices_init+0x0/0x24 returned 0 after 5 usecs
[    4.052687] calling  proc_interrupts_init+0x0/0x24 @ 1
[    4.060556] initcall proc_interrupts_init+0x0/0x24 returned 0 after 4 usecs
[    4.071272] calling  proc_loadavg_init+0x0/0x21 @ 1
[    4.079347] initcall proc_loadavg_init+0x0/0x21 returned 0 after 5 usecs
[    4.089056] calling  proc_meminfo_init+0x0/0x21 @ 1
[    4.097799] initcall proc_meminfo_init+0x0/0x21 returned 0 after 4 usecs
[    4.107790] calling  proc_stat_init+0x0/0x1e @ 1
[    4.114958] initcall proc_stat_init+0x0/0x1e returned 0 after 6 usecs
[    4.124627] calling  proc_uptime_init+0x0/0x21 @ 1
[    4.131527] initcall proc_uptime_init+0x0/0x21 returned 0 after 5 usecs
[    4.140156] calling  proc_version_init+0x0/0x21 @ 1
[    4.146706] initcall proc_version_init+0x0/0x21 returned 0 after 4 usecs
[    4.155235] calling  proc_softirqs_init+0x0/0x21 @ 1
[    4.162023] initcall proc_softirqs_init+0x0/0x21 returned 0 after 4 usecs
[    4.172504] calling  proc_kcore_init+0x0/0xea @ 1
[    4.179835] initcall proc_kcore_init+0x0/0xea returned 0 after 50 usecs
[    4.189959] calling  vmcore_init+0x0/0x578 @ 1
[    4.196809] initcall vmcore_init+0x0/0x578 returned 0 after 0 usecs
[    4.206208] calling  proc_kmsg_init+0x0/0x21 @ 1
[    4.213320] initcall proc_kmsg_init+0x0/0x21 returned 0 after 4 usecs
[    4.223136] calling  proc_page_init+0x0/0x3b @ 1
[    4.230268] initcall proc_page_init+0x0/0x3b returned 0 after 4 usecs
[    4.240286] calling  init_ramfs_fs+0x0/0xc @ 1
[    4.247312] initcall init_ramfs_fs+0x0/0xc returned 0 after 36 usecs
[    4.257256] calling  init_hugetlbfs_fs+0x0/0xf6 @ 1
[    4.264997] initcall init_hugetlbfs_fs+0x0/0xf6 returned 0 after 188 usecs
[    4.275490] calling  blk_scsi_ioctl_init+0x0/0x2a5 @ 1
[    4.283556] initcall blk_scsi_ioctl_init+0x0/0x2a5 returned 0 after 17 usecs
[    4.294257] calling  acpi_event_init+0x0/0x2c @ 1
[    4.301852] initcall acpi_event_init+0x0/0x2c returned 0 after 14 usecs
[    4.311835] calling  pnp_system_init+0x0/0xc @ 1
[    4.318951] initcall pnp_system_init+0x0/0xc returned 0 after 138 usecs
[    4.328858] calling  pnpacpi_init+0x0/0x69 @ 1
[    4.335839] pnp: PnP ACPI init
[    4.340984] pnp 00:00: Plug and Play ACPI device, IDs PNP0303 (active)
[    4.350259] pnp 00:01: Plug and Play ACPI device, IDs PNP0f13 (active)
[    4.358257] pnp 00:02: Plug and Play ACPI device, IDs PNP0400 (active)
[    4.366312] pnp 00:03: Plug and Play ACPI device, IDs PNP0501 (active)
[    4.374449] pnp 00:04: Plug and Play ACPI device, IDs PNP0b00 (active)
[    4.382487] system 00:05: [mem 0xb0000000-0xbfffffff window] has been reserved
[    4.391399] system 00:05: Plug and Play ACPI device, IDs PNP0c01 (active)
[    4.400963] pnp: PnP ACPI: found 6 devices
[    4.406121] initcall pnpacpi_init+0x0/0x69 returned 0 after 68704 usecs
[    4.414369] calling  chr_dev_init+0x0/0x14d @ 1
[    4.425729] initcall chr_dev_init+0x0/0x14d returned 0 after 5535 usecs
[    4.433933] calling  firmware_class_init+0x0/0xde @ 1
[    4.440300] initcall firmware_class_init+0x0/0xde returned 0 after 32 usecs
[    4.448736] calling  init_pcmcia_bus+0x0/0x5b @ 1
[    4.454524] initcall init_pcmcia_bus+0x0/0x5b returned 0 after 16 usecs
[    4.462502] calling  init_acpi_pm_clocksource+0x0/0xda @ 1
[    4.475012] clocksource: acpi_pm: mask: 0xffffff max_cycles: 0xffffff, max_idle_ns: 2085701024 ns
[    4.485998] initcall init_acpi_pm_clocksource+0x0/0xda returned 0 after 16164 usecs
[    4.496972] calling  sysctl_core_init+0x0/0x26 @ 1
[    4.502810] initcall sysctl_core_init+0x0/0x26 returned 0 after 36 usecs
[    4.510973] calling  eth_offload_init+0x0/0x13 @ 1
[    4.516966] initcall eth_offload_init+0x0/0x13 returned 0 after 0 usecs
[    4.526241] calling  ipv4_offload_init+0x0/0x73 @ 1
[    4.532339] initcall ipv4_offload_init+0x0/0x73 returned 0 after 87 usecs
[    4.540759] calling  inet_init+0x0/0x276 @ 1
[    4.546125] NET: Registered protocol family 2
[    4.552084] IP idents hash table entries: 8192 (order: 4, 65536 bytes, linear)
[    4.562071] tcp_listen_portaddr_hash hash table entries: 256 (order: 0, 4096 bytes, linear)
[    4.572240] TCP established hash table entries: 4096 (order: 3, 32768 bytes, linear)
[    4.581628] TCP bind hash table entries: 4096 (order: 3, 32768 bytes, linear)
[    4.590314] TCP: Hash tables configured (established 4096 bind 4096)
[    4.601736] UDP hash table entries: 256 (order: 1, 8192 bytes, linear)
[    4.611658] UDP-Lite hash table entries: 256 (order: 1, 8192 bytes, linear)
[    4.622369] initcall inet_init+0x0/0x276 returned 0 after 74561 usecs
[    4.630077] calling  af_unix_init+0x0/0x4d @ 1
[    4.635426] NET: Registered protocol family 1
[    4.640851] initcall af_unix_init+0x0/0x4d returned 0 after 5299 usecs
[    4.648687] calling  ipv6_offload_init+0x0/0x7e @ 1
[    4.654635] initcall ipv6_offload_init+0x0/0x7e returned 0 after 33 usecs
[    4.662892] calling  init_sunrpc+0x0/0x65 @ 1
[    4.671037] RPC: Registered named UNIX socket transport module.
[    4.678281] RPC: Registered udp transport module.
[    4.684620] RPC: Registered tcp transport module.
[    4.691874] RPC: Registered tcp NFSv4.1 backchannel transport module.
[    4.702134] initcall init_sunrpc+0x0/0x65 returned 0 after 33029 usecs
[    4.712071] calling  cfg80211_init+0x0/0xc5 @ 1
[    4.719660] initcall cfg80211_init+0x0/0xc5 returned 0 after 819 usecs
[    4.728078] calling  pcibios_assign_resources+0x0/0xb4 @ 1
[    4.734939] pci_bus 0000:00: resource 4 [io  0x0000-0x0cf7 window]
[    4.742456] pci_bus 0000:00: resource 5 [io  0x0d00-0xffff window]
[    4.750039] pci_bus 0000:00: resource 6 [mem 0x000a0000-0x000bffff window]
[    4.758407] pci_bus 0000:00: resource 7 [mem 0x20000000-0xafffffff window]
[    4.766802] pci_bus 0000:00: resource 8 [mem 0xc0000000-0xfebfffff window]
[    4.775312] pci_bus 0000:00: resource 9 [mem 0x100000000-0x8ffffffff window]
[    4.784011] initcall pcibios_assign_resources+0x0/0xb4 returned 0 after 48091 usecs
[    4.793326] calling  pci_apply_final_quirks+0x0/0x124 @ 1
[    4.800306] pci 0000:00:01.0: calling  pci_fixup_video+0x0/0xe0 @ 1
[    4.808474] pci 0000:00:01.0: Video device with shadowed ROM at [mem 0x000c0000-0x000dffff]
[    4.818594] pci 0000:00:01.0: pci_fixup_video+0x0/0xe0 took 10307 usecs
[    4.827046] PCI: CLS 0 bytes, default 64
[    4.831902] initcall pci_apply_final_quirks+0x0/0x124 returned 0 after 31233 usecs
[    4.840962] calling  acpi_reserve_resources+0x0/0xea @ 1
[    4.847477] initcall acpi_reserve_resources+0x0/0xea returned 0 after 4 usecs
[    4.856123] calling  populate_rootfs+0x0/0x102 @ 1
[    4.863635] initcall populate_rootfs+0x0/0x102 returned 0 after 1383 usecs
[    4.872079] calling  pci_iommu_init+0x0/0x3e @ 1
[    4.877850] initcall pci_iommu_init+0x0/0x3e returned 0 after 81 usecs
[    4.885922] calling  ia32_binfmt_init+0x0/0x13 @ 1
[    4.891886] initcall ia32_binfmt_init+0x0/0x13 returned 0 after 6 usecs
[    4.899972] calling  rapl_pmu_init+0x0/0x25f @ 1
[    4.905706] initcall rapl_pmu_init+0x0/0x25f returned -19 after 37 usecs
[    4.916439] calling  amd_uncore_init+0x0/0x310 @ 1
[    4.922522] initcall amd_uncore_init+0x0/0x310 returned -19 after 0 usecs
[    4.931271] calling  amd_ibs_init+0x0/0x24b @ 1
[    4.937157] initcall amd_ibs_init+0x0/0x24b returned -19 after 0 usecs
[    4.945779] calling  amd_iommu_pc_init+0x0/0x20c @ 1
[    4.952541] initcall amd_iommu_pc_init+0x0/0x20c returned -19 after 501 usecs
[    4.961735] calling  msr_init+0x0/0x55 @ 1
[    4.968874] initcall msr_init+0x0/0x55 returned 0 after 1680 usecs
[    4.977583] calling  intel_uncore_init+0x0/0x31e @ 1
[    4.983823] initcall intel_uncore_init+0x0/0x31e returned -19 after 121 usecs
[    4.992241] calling  cstate_pmu_init+0x0/0x181 @ 1
[    4.998006] initcall cstate_pmu_init+0x0/0x181 returned -19 after 0 usecs
[    5.006041] calling  register_kernel_offset_dumper+0x0/0x1a @ 1
[    5.013126] initcall register_kernel_offset_dumper+0x0/0x1a returned 0 after 0 usecs
[    5.022545] calling  i8259A_init_ops+0x0/0x20 @ 1
[    5.028301] initcall i8259A_init_ops+0x0/0x20 returned 0 after 1 usecs
[    5.036275] calling  init_tsc_clocksource+0x0/0xa4 @ 1
[    5.042940] clocksource: tsc: mask: 0xffffffffffffffff max_cycles: 0x39a85afc727, max_idle_ns: 881590685098 ns
[    5.055032] initcall init_tsc_clocksource+0x0/0xa4 returned 0 after 12006 usecs
[    5.063865] calling  add_rtc_cmos+0x0/0xb0 @ 1
[    5.069441] initcall add_rtc_cmos+0x0/0xb0 returned 0 after 25 usecs
[    5.077262] calling  i8237A_init_ops+0x0/0x3a @ 1
[    5.083674] initcall i8237A_init_ops+0x0/0x3a returned 0 after 98 usecs
[    5.093505] calling  umwait_init+0x0/0x94 @ 1
[    5.100195] initcall umwait_init+0x0/0x94 returned -19 after 21 usecs
[    5.109899] calling  thermal_throttle_init_device+0x0/0x3d @ 1
[    5.118853] initcall thermal_throttle_init_device+0x0/0x3d returned 0 after 53 usecs
[    5.128619] calling  msr_init+0x0/0xd7 @ 1
[    5.134106] initcall msr_init+0x0/0xd7 returned 0 after 352 usecs
[    5.141610] calling  cpuid_init+0x0/0xd7 @ 1
[    5.147545] initcall cpuid_init+0x0/0xd7 returned 0 after 430 usecs
[    5.155278] calling  ioapic_init_ops+0x0/0x13 @ 1
[    5.161129] initcall ioapic_init_ops+0x0/0x13 returned 0 after 28 usecs
[    5.169004] calling  add_pcspkr+0x0/0x6c @ 1
[    5.174243] initcall add_pcspkr+0x0/0x6c returned 0 after 129 usecs
[    5.181864] calling  start_periodic_check_for_corruption+0x0/0x30 @ 1
[    5.189515] check: Scanning for low memory corruption every 60 seconds
[    5.197678] initcall start_periodic_check_for_corruption+0x0/0x30 returned 0 after 7967 usecs
[    5.209819] calling  sysfb_init+0x0/0x9c @ 1
[    5.216310] initcall sysfb_init+0x0/0x9c returned 0 after 98 usecs
[    5.225272] calling  audit_classes_init+0x0/0xae @ 1
[    5.231536] initcall audit_classes_init+0x0/0xae returned 0 after 17 usecs
[    5.239443] calling  iosf_mbi_init+0x0/0x24 @ 1
[    5.244875] initcall iosf_mbi_init+0x0/0x24 returned 0 after 99 usecs
[    5.252518] calling  proc_execdomains_init+0x0/0x21 @ 1
[    5.258760] initcall proc_execdomains_init+0x0/0x21 returned 0 after 4 usecs
[    5.267127] calling  register_warn_debugfs+0x0/0x23 @ 1
[    5.273345] initcall register_warn_debugfs+0x0/0x23 returned 0 after 8 usecs
[    5.281796] calling  ioresources_init+0x0/0x49 @ 1
[    5.287429] initcall ioresources_init+0x0/0x49 returned 0 after 5 usecs
[    5.295162] calling  snapshot_device_init+0x0/0xc @ 1
[    5.301971] initcall snapshot_device_init+0x0/0xc returned 0 after 774 usecs
[    5.310303] calling  irq_pm_init_ops+0x0/0x13 @ 1
[    5.316017] initcall irq_pm_init_ops+0x0/0x13 returned 0 after 15 usecs
[    5.323906] calling  rcu_torture_init+0x0/0x89f @ 1
[    5.329851] srcu-torture:--- Start of test: nreaders=1 nfakewriters=4 stat_interval=15 verbose=1 test_no_idle_hz=1 shuffle_interval=3 stutter=5 irqreader=1 fqs_duration=0 fqs_holdoff=0 fqs_stutter=3 test_boost=1/0 test_boost_interval=7 test_boost_duration=4 shutdown_secs=1800 stall_cpu=0 stall_cpu_holdoff=10 stall_cpu_irqsoff=0 stall_cpu_block=0 n_barrier_cbs=4 onoff_interval=0 onoff_holdoff=0 read_exit_delay=13 read_exit_burst=16
[    5.376023] srcu:  Start-test grace-period state: g0 f0x0
[    5.382506] srcu-torture: Creating rcu_torture_writer task
[    5.389303] srcu-torture: Creating rcu_torture_fakewriter task
[    5.396591] srcu-torture: rcu_torture_writer task started
[    5.403009] srcu-torture: GP expediting controlled from boot/sysfs for srcu.
[    5.411420] rcu_torture_writer: Testing expedited GPs.
[    5.417574] rcu_torture_writer: Testing asynchronous GPs.
[    5.424065] rcu_torture_writer: Testing normal GPs.
[    5.429965] srcu-torture: Creating rcu_torture_fakewriter task
[    5.436878] srcu-torture: rcu_torture_fakewriter task started
[    5.443850] srcu-torture: Creating rcu_torture_fakewriter task
[    5.450842] srcu-torture: rcu_torture_fakewriter task started
[    5.458395] srcu-torture: Creating rcu_torture_fakewriter task
[    5.465549] srcu-torture: rcu_torture_fakewriter task started
[    5.473512] srcu-torture: Creating rcu_torture_reader task
[    5.480096] srcu-torture: rcu_torture_fakewriter task started
[    5.487976] srcu-torture: Creating rcu_torture_stats task
[    5.494422] srcu-torture: rcu_torture_reader task started
[    5.501756] srcu-torture: Creating torture_shuffle task
[    5.508180] srcu-torture: rcu_torture_stats task started
[    5.515445] srcu-torture: Creating torture_stutter task
[    5.521649] srcu-torture: torture_shuffle task started
[    5.529341] srcu-torture: Creating torture_shutdown task
[    5.535904] srcu-torture: torture_stutter task started
[    5.543164] srcu-torture: rcu_torture_fwd_prog_init: Disabled, unsupported by RCU flavor under test
[    5.553942] srcu-torture: Creating rcu_torture_barrier_cbs task
[    5.562263] srcu-torture: torture_shutdown task started
[    5.568405] srcu-torture:torture_shutdown task: 1799960 ms remaining
[    5.575892] srcu-torture: Creating rcu_torture_barrier_cbs task
[    5.582769] srcu-torture: rcu_torture_barrier_cbs task started
[    5.589626] srcu-torture: Creating rcu_torture_barrier_cbs task
[    5.596452] srcu-torture: rcu_torture_barrier_cbs task started
[    5.603733] srcu-torture: Creating rcu_torture_barrier_cbs task
[    5.610827] srcu-torture: rcu_torture_barrier_cbs task started
[    5.617646] srcu-torture: Creating rcu_torture_barrier task
[    5.624140] srcu-torture: rcu_torture_barrier_cbs task started
[    5.630923] srcu-torture: Creating rcu_torture_read_exit task
[    5.637566] srcu-torture: rcu_torture_barrier task starting
[    5.646961] initcall rcu_torture_init+0x0/0x89f returned 0 after 309700 usecs
[    5.655370] calling  timekeeping_init_ops+0x0/0x13 @ 1
[    5.661317] initcall timekeeping_init_ops+0x0/0x13 returned 0 after 1 usecs
[    5.669188] calling  init_clocksource_sysfs+0x0/0x23 @ 1
[    5.675323] initcall init_clocksource_sysfs+0x0/0x23 returned 0 after 68 usecs
[    5.683383] calling  init_timer_list_procfs+0x0/0x31 @ 1
[    5.689486] initcall init_timer_list_procfs+0x0/0x31 returned 0 after 3 usecs
[    5.697556] calling  alarmtimer_init+0x0/0xb5 @ 1
[    5.703029] initcall alarmtimer_init+0x0/0xb5 returned 0 after 57 usecs
[    5.710496] calling  init_posix_timers+0x0/0x29 @ 1
[    5.716089] initcall init_posix_timers+0x0/0x29 returned 0 after 9 usecs
[    5.723671] calling  clockevents_init_sysfs+0x0/0x8b @ 1
[    5.729777] initcall clockevents_init_sysfs+0x0/0x8b returned 0 after 101 usecs
[    5.738219] calling  proc_dma_init+0x0/0x21 @ 1
[    5.743529] initcall proc_dma_init+0x0/0x21 returned 0 after 15 usecs
[    5.750738] calling  proc_modules_init+0x0/0x1e @ 1
[    5.756265] initcall proc_modules_init+0x0/0x1e returned 0 after 2 usecs
[    5.763803] calling  kallsyms_init+0x0/0x21 @ 1
[    5.768938] initcall kallsyms_init+0x0/0x21 returned 0 after 2 usecs
[    5.776265] calling  pid_namespaces_init+0x0/0x2c @ 1
[    5.781928] initcall pid_namespaces_init+0x0/0x2c returned 0 after 24 usecs
[    5.791980] calling  audit_watch_init+0x0/0x37 @ 1
[    5.797504] initcall audit_watch_init+0x0/0x37 returned 0 after 1 usecs
[    5.808643] calling  audit_fsnotify_init+0x0/0x37 @ 1
[    5.814384] initcall audit_fsnotify_init+0x0/0x37 returned 0 after 1 usecs
[    5.822004] calling  audit_tree_init+0x0/0x6d @ 1
[    5.827988] initcall audit_tree_init+0x0/0x6d returned 0 after 5 usecs
[    5.835798] calling  seccomp_sysctl_init+0x0/0x2b @ 1
[    5.842391] initcall seccomp_sysctl_init+0x0/0x2b returned 0 after 291 usecs
[    5.853221] calling  utsname_sysctl_init+0x0/0x13 @ 1
[    5.859063] initcall utsname_sysctl_init+0x0/0x13 returned 0 after 9 usecs
[    5.866930] calling  init_tracepoints+0x0/0x27 @ 1
[    5.872469] initcall init_tracepoints+0x0/0x27 returned 0 after 2 usecs
[    5.880015] calling  init_blk_tracer+0x0/0x50 @ 1
[    5.885537] initcall init_blk_tracer+0x0/0x50 returned 0 after 30 usecs
[    5.893220] calling  perf_event_sysfs_init+0x0/0x81 @ 1
[    5.899442] initcall perf_event_sysfs_init+0x0/0x81 returned 0 after 169 usecs
[    5.907851] calling  system_trusted_keyring_init+0x0/0x5f @ 1
[    5.915118] Initialise system trusted keyrings
[    5.921430] initcall system_trusted_keyring_init+0x0/0x5f returned 0 after 6161 usecs
[    5.930384] calling  kswapd_init+0x0/0x13 @ 1
[    5.935460] srcu-torture: rcu_torture_read_exit: Start of test
[    5.942536] initcall kswapd_init+0x0/0x13 returned 0 after 6916 usecs
[    5.951270] calling  extfrag_debug_init+0x0/0x54 @ 1
[    5.957594] initcall extfrag_debug_init+0x0/0x54 returned 0 after 9 usecs
[    5.965526] calling  slab_proc_init+0x0/0x21 @ 1
[    5.971092] initcall slab_proc_init+0x0/0x21 returned 0 after 32 usecs
[    5.978779] calling  workingset_init+0x0/0x8c @ 1
[    5.984415] workingset: timestamp_bits=62 max_order=17 bucket_order=0
[    5.992047] initcall workingset_init+0x0/0x8c returned 0 after 7475 usecs
[    6.000444] calling  proc_vmalloc_init+0x0/0x27 @ 1
[    6.006406] initcall proc_vmalloc_init+0x0/0x27 returned 0 after 4 usecs
[    6.014958] calling  procswaps_init+0x0/0x1e @ 1
[    6.021862] initcall procswaps_init+0x0/0x1e returned 0 after 22 usecs
[    6.031673] calling  slab_sysfs_init+0x0/0xea @ 1
[    6.042974] initcall slab_sysfs_init+0x0/0xea returned 0 after 4206 usecs
[    6.051011] calling  fcntl_init+0x0/0x29 @ 1
[    6.056168] initcall fcntl_init+0x0/0x29 returned 0 after 8 usecs
[    6.064724] calling  proc_filesystems_init+0x0/0x21 @ 1
[    6.070946] initcall proc_filesystems_init+0x0/0x21 returned 0 after 4 usecs
[    6.081195] calling  start_dirtytime_writeback+0x0/0x29 @ 1
[    6.087426] initcall start_dirtytime_writeback+0x0/0x29 returned 0 after 1 usecs
[    6.095770] calling  blkdev_init+0x0/0x1b @ 1
[    6.100866] initcall blkdev_init+0x0/0x1b returned 0 after 14 usecs
[    6.108069] calling  dio_init+0x0/0x2c @ 1
[    6.112939] initcall dio_init+0x0/0x2c returned 0 after 45 usecs
[    6.119896] calling  dnotify_init+0x0/0x78 @ 1
[    6.125069] initcall dnotify_init+0x0/0x78 returned 0 after 8 usecs
[    6.132235] calling  aio_setup+0x0/0x78 @ 1
[    6.137368] initcall aio_setup+0x0/0x78 returned 0 after 223 usecs
[    6.144453] calling  io_uring_init+0x0/0x2c @ 1
[    6.149593] initcall io_uring_init+0x0/0x2c returned 0 after 4 usecs
[    6.156876] calling  mbcache_init+0x0/0x30 @ 1
[    6.162129] initcall mbcache_init+0x0/0x30 returned 0 after 45 usecs
[    6.169363] calling  init_grace+0x0/0xc @ 1
[    6.174287] initcall init_grace+0x0/0xc returned 0 after 3 usecs
[    6.181276] calling  init_v2_quota_format+0x0/0x21 @ 1
[    6.187321] initcall init_v2_quota_format+0x0/0x21 returned 0 after 48 usecs
[    6.195427] calling  init_devpts_fs+0x0/0x27 @ 1
[    6.200858] initcall init_devpts_fs+0x0/0x27 returned 0 after 27 usecs
[    6.208362] calling  ext4_init_fs+0x0/0x1cb @ 1
[    6.213976] initcall ext4_init_fs+0x0/0x1cb returned 0 after 234 usecs
[    6.221629] calling  journal_init+0x0/0x11c @ 1
[    6.226958] initcall journal_init+0x0/0x11c returned 0 after 84 usecs
[    6.234450] calling  init_fat_fs+0x0/0x49 @ 1
[    6.241294] initcall init_fat_fs+0x0/0x49 returned 0 after 112 usecs
[    6.250604] calling  init_vfat_fs+0x0/0xc @ 1
[    6.257224] initcall init_vfat_fs+0x0/0xc returned 0 after 4 usecs
[    6.265909] calling  init_msdos_fs+0x0/0xc @ 1
[    6.271266] initcall init_msdos_fs+0x0/0xc returned 0 after 3 usecs
[    6.278595] calling  init_iso9660_fs+0x0/0x6c @ 1
[    6.284729] initcall init_iso9660_fs+0x0/0x6c returned 0 after 523 usecs
[    6.292588] calling  init_nfs_fs+0x0/0x13a @ 1
[    6.298413] initcall init_nfs_fs+0x0/0x13a returned 0 after 504 usecs
[    6.305992] calling  init_nfs_v2+0x0/0x13 @ 1
[    6.312018] initcall init_nfs_v2+0x0/0x13 returned 0 after 20 usecs
[    6.320476] calling  init_nfs_v3+0x0/0x13 @ 1
[    6.325620] initcall init_nfs_v3+0x0/0x13 returned 0 after 35 usecs
[    6.332877] calling  init_nfs_v4+0x0/0x32 @ 1
[    6.338083] NFS: Registering the id_resolver key type
[    6.344242] Key type id_resolver registered
[    6.349291] Key type id_legacy registered
[    6.354111] initcall init_nfs_v4+0x0/0x32 returned 0 after 15687 usecs
[    6.361734] calling  init_nlm+0x0/0x5b @ 1
[    6.366638] initcall init_nlm+0x0/0x5b returned 0 after 102 usecs
[    6.373603] calling  init_nls_cp437+0x0/0xe @ 1
[    6.379071] initcall init_nls_cp437+0x0/0xe returned 0 after 17 usecs
[    6.386647] calling  init_nls_ascii+0x0/0xe @ 1
[    6.391908] initcall init_nls_ascii+0x0/0xe returned 0 after 0 usecs
[    6.399294] calling  init_nls_iso8859_1+0x0/0xe @ 1
[    6.405003] initcall init_nls_iso8859_1+0x0/0xe returned 0 after 0 usecs
[    6.412678] calling  init_nls_utf8+0x0/0x21 @ 1
[    6.417993] initcall init_nls_utf8+0x0/0x21 returned 0 after 1 usecs
[    6.425310] calling  init_autofs_fs+0x0/0x25 @ 1
[    6.430832] initcall init_autofs_fs+0x0/0x25 returned 0 after 132 usecs
[    6.438989] calling  ipc_init+0x0/0x24 @ 1
[    6.444624] initcall ipc_init+0x0/0x24 returned 0 after 20 usecs
[    6.452721] calling  ipc_sysctl_init+0x0/0x13 @ 1
[    6.459216] initcall ipc_sysctl_init+0x0/0x13 returned 0 after 29 usecs
[    6.468065] calling  init_mqueue_fs+0x0/0x92 @ 1
[    6.474698] initcall init_mqueue_fs+0x0/0x92 returned 0 after 279 usecs
[    6.483738] calling  key_proc_init+0x0/0x63 @ 1
[    6.490279] initcall key_proc_init+0x0/0x63 returned 0 after 6 usecs
[    6.498891] calling  selinux_nf_ip_init+0x0/0x2e @ 1
[    6.505914] initcall selinux_nf_ip_init+0x0/0x2e returned 0 after 18 usecs
[    6.514468] calling  init_sel_fs+0x0/0x116 @ 1
[    6.520192] initcall init_sel_fs+0x0/0x116 returned 0 after 0 usecs
[    6.528118] calling  selnl_init+0x0/0x7c @ 1
[    6.533715] initcall selnl_init+0x0/0x7c returned 0 after 121 usecs
[    6.541761] calling  sel_netif_init+0x0/0x36 @ 1
[    6.547697] initcall sel_netif_init+0x0/0x36 returned 0 after 0 usecs
[    6.555862] calling  sel_netnode_init+0x0/0x33 @ 1
[    6.561942] initcall sel_netnode_init+0x0/0x33 returned 0 after 0 usecs
[    6.570210] calling  sel_netport_init+0x0/0x33 @ 1
[    6.576319] initcall sel_netport_init+0x0/0x33 returned 0 after 0 usecs
[    6.584521] calling  aurule_init+0x0/0x2a @ 1
[    6.590127] initcall aurule_init+0x0/0x2a returned 0 after 2 usecs
[    6.597722] calling  crypto_algapi_init+0x0/0xc @ 1
[    6.603708] initcall crypto_algapi_init+0x0/0xc returned 0 after 4 usecs
[    6.611844] calling  jent_mod_init+0x0/0x2d @ 1
[    6.626869] initcall jent_mod_init+0x0/0x2d returned 0 after 9155 usecs
[    6.635173] calling  asymmetric_key_init+0x0/0xc @ 1
[    6.641422] Key type asymmetric registered
[    6.647838] initcall asymmetric_key_init+0x0/0xc returned 0 after 6263 usecs
[    6.658441] calling  x509_key_init+0x0/0xc @ 1
[    6.665304] Asymmetric key parser 'x509' registered
[    6.672459] initcall x509_key_init+0x0/0xc returned 0 after 7019 usecs
[    6.680343] calling  proc_genhd_init+0x0/0x41 @ 1
[    6.686090] initcall proc_genhd_init+0x0/0x41 returned 0 after 5 usecs
[    6.693850] calling  bsg_init+0x0/0x113 @ 1
[    6.699065] Block layer SCSI generic (bsg) driver version 0.4 loaded (major 251)
[    6.707958] initcall bsg_init+0x0/0x113 returned 0 after 8697 usecs
[    6.715430] calling  deadline_init+0x0/0xc @ 1
[    6.720865] io scheduler mq-deadline registered
[    6.726312] initcall deadline_init+0x0/0xc returned 0 after 5335 usecs
[    6.734974] calling  kyber_init+0x0/0xc @ 1
[    6.740568] io scheduler kyber registered
[    6.746744] initcall kyber_init+0x0/0xc returned 0 after 6028 usecs
[    6.756089] calling  mod_init+0x0/0x7 @ 1
[    6.761779] initcall mod_init+0x0/0x7 returned 0 after 0 usecs
[    6.770180] calling  sg_pool_init+0x0/0xb4 @ 1
[    6.776782] initcall sg_pool_init+0x0/0xb4 returned 0 after 103 usecs
[    6.785678] calling  pcie_portdrv_init+0x0/0x39 @ 1
[    6.791536] initcall pcie_portdrv_init+0x0/0x39 returned 0 after 56 usecs
[    6.800221] calling  pci_proc_init+0x0/0x68 @ 1
[    6.805661] initcall pci_proc_init+0x0/0x68 returned 0 after 12 usecs
[    6.813326] calling  pci_hotplug_init+0x0/0x7 @ 1
[    6.819031] initcall pci_hotplug_init+0x0/0x7 returned 0 after 0 usecs
[    6.826879] calling  efifb_driver_init+0x0/0xe @ 1
[    6.832692] initcall efifb_driver_init+0x0/0xe returned 0 after 34 usecs
[    6.840823] calling  ged_driver_init+0x0/0xe @ 1
[    6.846412] initcall ged_driver_init+0x0/0xe returned 0 after 19 usecs
[    6.854259] calling  acpi_ac_init+0x0/0x92 @ 1
[    6.860490] initcall acpi_ac_init+0x0/0x92 returned 0 after 152 usecs
[    6.869465] calling  acpi_button_driver_init+0x0/0x52 @ 1
[    6.876119] input: Power Button as /devices/LNXSYSTM:00/LNXPWRBN:00/input/input0
[    6.885280] ACPI: Power Button [PWRF]
[    6.890092] initcall acpi_button_driver_init+0x0/0x52 returned 0 after 13879 usecs
[    6.901181] calling  acpi_fan_driver_init+0x0/0xe @ 1
[    6.907614] initcall acpi_fan_driver_init+0x0/0xe returned 0 after 15 usecs
[    6.916956] calling  acpi_video_init+0x0/0xcb @ 1
[    6.924132] initcall acpi_video_init+0x0/0xcb returned 0 after 197 usecs
[    6.931911] calling  acpi_processor_driver_init+0x0/0xad @ 1
[    6.939040] initcall acpi_processor_driver_init+0x0/0xad returned 0 after 275 usecs
[    6.948276] calling  acpi_thermal_init+0x0/0x71 @ 1
[    6.954166] initcall acpi_thermal_init+0x0/0x71 returned 0 after 90 usecs
[    6.962412] calling  acpi_battery_init+0x0/0x32 @ 1
[    6.968520] initcall acpi_battery_init+0x0/0x32 returned 0 after 17 usecs
[    6.976922] calling  bgrt_init+0x0/0xb6 @ 1
[    6.982127] initcall bgrt_init+0x0/0xb6 returned -19 after 0 usecs
[    6.989704] calling  gpio_clk_driver_init+0x0/0xe @ 1
[    6.995843] initcall gpio_clk_driver_init+0x0/0xe returned 0 after 16 usecs
[    7.004178] calling  plt_clk_driver_init+0x0/0xe @ 1
[    7.010243] initcall plt_clk_driver_init+0x0/0xe returned 0 after 14 usecs
[    7.018439] calling  virtio_pci_driver_init+0x0/0x15 @ 1
[    7.024909] initcall virtio_pci_driver_init+0x0/0x15 returned 0 after 47 usecs
[    7.033582] calling  n_null_init+0x0/0x1e @ 1
[    7.038839] initcall n_null_init+0x0/0x1e returned 0 after 20 usecs
[    7.046222] calling  pty_init+0x0/0x1e8 @ 1
[    7.051534] initcall pty_init+0x0/0x1e8 returned 0 after 231 usecs
[    7.058975] calling  sysrq_init+0x0/0x62 @ 1
[    7.064253] initcall sysrq_init+0x0/0x62 returned 0 after 5 usecs
[    7.071759] calling  serial8250_init+0x0/0x17e @ 1
[    7.077520] Serial: 8250/16550 driver, 4 ports, IRQ sharing enabled
[    7.086498] 00:03: ttyS0 at I/O 0x3f8 (irq = 4, base_baud = 115200) is a 16550A
[    7.096736] initcall serial8250_init+0x0/0x17e returned 0 after 18777 usecs
[    7.105355] calling  serial_pci_driver_init+0x0/0x15 @ 1
[    7.111960] initcall serial_pci_driver_init+0x0/0x15 returned 0 after 73 usecs
[    7.120662] calling  exar_pci_driver_init+0x0/0x15 @ 1
[    7.126974] initcall exar_pci_driver_init+0x0/0x15 returned 0 after 35 usecs
[    7.135418] calling  lpss8250_pci_driver_init+0x0/0x15 @ 1
[    7.142053] initcall lpss8250_pci_driver_init+0x0/0x15 returned 0 after 14 usecs
[    7.150999] calling  mid8250_pci_driver_init+0x0/0x15 @ 1
[    7.157536] initcall mid8250_pci_driver_init+0x0/0x15 returned 0 after 13 usecs
[    7.166298] calling  virtio_console_init+0x0/0xff @ 1
[    7.172583] initcall virtio_console_init+0x0/0xff returned 0 after 45 usecs
[    7.180993] calling  hpet_init+0x0/0x64 @ 1
[    7.186510] initcall hpet_init+0x0/0x64 returned 0 after 396 usecs
[    7.194108] calling  nvram_module_init+0x0/0x83 @ 1
[    7.200268] Non-volatile memory driver v1.3
[    7.205503] initcall nvram_module_init+0x0/0x83 returned 0 after 5192 usecs
[    7.214069] calling  hwrng_modinit+0x0/0x8a @ 1
[    7.219735] initcall hwrng_modinit+0x0/0x8a returned 0 after 56 usecs
[    7.227668] calling  mod_init+0x0/0x48 @ 1
[    7.232850] initcall mod_init+0x0/0x48 returned -19 after 0 usecs
[    7.240497] calling  agp_init+0x0/0x23 @ 1
[    7.245605] Linux agpgart interface v0.103
[    7.250680] initcall agp_init+0x0/0x23 returned 0 after 4953 usecs
[    7.258277] calling  agp_amd64_mod_init+0x0/0x5 @ 1
[    7.264625] initcall agp_amd64_mod_init+0x0/0x5 returned -19 after 189 usecs
[    7.273273] calling  agp_intel_init+0x0/0x28 @ 1
[    7.280515] initcall agp_intel_init+0x0/0x28 returned 0 after 242 usecs
[    7.288799] calling  drm_kms_helper_init+0x0/0x7 @ 1
[    7.295244] initcall drm_kms_helper_init+0x0/0x7 returned 0 after 0 usecs
[    7.303529] calling  drm_core_init+0x0/0x9e @ 1
[    7.310435] initcall drm_core_init+0x0/0x9e returned 0 after 348 usecs
[    7.320650] calling  i915_init+0x0/0x6b @ 1
[    7.327659] initcall i915_init+0x0/0x6b returned 0 after 419 usecs
[    7.337219] calling  cn_proc_init+0x0/0x35 @ 1
[    7.343232] initcall cn_proc_init+0x0/0x35 returned 0 after 3 usecs
[    7.351249] calling  topology_sysfs_init+0x0/0x27 @ 1
[    7.358950] initcall topology_sysfs_init+0x0/0x27 returned 0 after 40 usecs
[    7.368460] calling  cacheinfo_sysfs_init+0x0/0x27 @ 1
[    7.376862] initcall cacheinfo_sysfs_init+0x0/0x27 returned 0 after 746 usecs
[    7.385620] calling  loop_init+0x0/0x168 @ 1
[    7.408039] loop: module loaded
[    7.412513] initcall loop_init+0x0/0x168 returned 0 after 21106 usecs
[    7.420805] calling  mac_hid_init+0x0/0x21 @ 1
[    7.426510] initcall mac_hid_init+0x0/0x21 returned 0 after 6 usecs
[    7.436277] calling  spi_transport_init+0x0/0x74 @ 1
[    7.442837] initcall spi_transport_init+0x0/0x74 returned 0 after 55 usecs
[    7.451256] calling  init_sd+0x0/0x18c @ 1
[    7.456484] initcall init_sd+0x0/0x18c returned 0 after 88 usecs
[    7.463933] calling  init_sr+0x0/0x43 @ 1
[    7.468914] initcall init_sr+0x0/0x43 returned 0 after 45 usecs
[    7.476209] calling  init_sg+0x0/0x1c0 @ 1
[    7.481311] initcall init_sg+0x0/0x1c0 returned 0 after 20 usecs
[    7.488664] calling  ahci_pci_driver_init+0x0/0x15 @ 1
[    7.495125] ahci 0000:00:1f.2: version 3.0
[    7.501427] PCI Interrupt Link [GSIA] enabled at IRQ 16
[    7.515295] ahci 0000:00:1f.2: AHCI 0001.0000 32 slots 6 ports 1.5 Gbps 0x3f impl SATA mode
[    7.525471] ahci 0000:00:1f.2: flags: 64bit ncq only 
[    7.545687] scsi host0: ahci
[    7.549921] scsi host1: ahci
[    7.554002] scsi host2: ahci
[    7.562063] scsi host3: ahci
[    7.566398] scsi host4: ahci
[    7.570469] scsi host5: ahci
[    7.574383] ata1: SATA max UDMA/133 abar m4096@0xfebf1000 port 0xfebf1100 irq 24
[    7.583422] ata2: SATA max UDMA/133 abar m4096@0xfebf1000 port 0xfebf1180 irq 24
[    7.592429] ata3: SATA max UDMA/133 abar m4096@0xfebf1000 port 0xfebf1200 irq 24
[    7.601476] ata4: SATA max UDMA/133 abar m4096@0xfebf1000 port 0xfebf1280 irq 24
[    7.610449] ata5: SATA max UDMA/133 abar m4096@0xfebf1000 port 0xfebf1300 irq 24
[    7.619563] ata6: SATA max UDMA/133 abar m4096@0xfebf1000 port 0xfebf1380 irq 24
[    7.628576] initcall ahci_pci_driver_init+0x0/0x15 returned 0 after 130416 usecs
[    7.637555] calling  piix_init+0x0/0x26 @ 1
[    7.642827] initcall piix_init+0x0/0x26 returned 0 after 58 usecs
[    7.650241] calling  amd_pci_driver_init+0x0/0x15 @ 1
[    7.656620] initcall amd_pci_driver_init+0x0/0x15 returned 0 after 18 usecs
[    7.665205] calling  oldpiix_pci_driver_init+0x0/0x15 @ 1
[    7.671997] initcall oldpiix_pci_driver_init+0x0/0x15 returned 0 after 45 usecs
[    7.682242] calling  sch_pci_driver_init+0x0/0x15 @ 1
[    7.690838] initcall sch_pci_driver_init+0x0/0x15 returned 0 after 51 usecs
[    7.702591] calling  net_olddevs_init+0x0/0x55 @ 1
[    7.709949] initcall net_olddevs_init+0x0/0x55 returned 0 after 4 usecs
[    7.718099] calling  blackhole_netdev_init+0x0/0x78 @ 1
[    7.724803] initcall blackhole_netdev_init+0x0/0x78 returned 0 after 51 usecs
[    7.733740] calling  phy_module_init+0x0/0x13 @ 1
[    7.739762] initcall phy_module_init+0x0/0x13 returned 0 after 92 usecs
[    7.748258] calling  tg3_driver_init+0x0/0x15 @ 1
[    7.754557] initcall tg3_driver_init+0x0/0x15 returned 0 after 39 usecs
[    7.762980] calling  e100_init_module+0x0/0x4c @ 1
[    7.769778] e100: Intel(R) PRO/100 Network Driver
[    7.777258] e100: Copyright(c) 1999-2006 Intel Corporation
[    7.784350] initcall e100_init_module+0x0/0x4c returned 0 after 14243 usecs
[    7.794293] calling  e1000_init_module+0x0/0x72 @ 1
[    7.800798] e1000: Intel(R) PRO/1000 Network Driver
[    7.807103] e1000: Copyright (c) 1999-2006 Intel Corporation.
[    7.814393] initcall e1000_init_module+0x0/0x72 returned 0 after 13289 usecs
[    7.823341] calling  e1000_init_module+0x0/0x2d @ 1
[    7.829919] e1000e: Intel(R) PRO/1000 Network Driver
[    7.836725] e1000e: Copyright(c) 1999 - 2015 Intel Corporation.
[    7.844821] initcall e1000_init_module+0x0/0x2d returned 0 after 14571 usecs
[    7.853977] calling  sky2_init_module+0x0/0x21 @ 1
[    7.860241] sky2: driver version 1.30
[    7.865322] initcall sky2_init_module+0x0/0x21 returned 0 after 4956 usecs
[    7.874260] calling  forcedeth_pci_driver_init+0x0/0x15 @ 1
[    7.881418] initcall forcedeth_pci_driver_init+0x0/0x15 returned 0 after 38 usecs
[    7.890914] calling  rtl8139_init_module+0x0/0x15 @ 1
[    7.897430] initcall rtl8139_init_module+0x0/0x15 returned 0 after 20 usecs
[    7.906443] calling  rtl8169_pci_driver_init+0x0/0x15 @ 1
[    7.915910] initcall rtl8169_pci_driver_init+0x0/0x15 returned 0 after 54 usecs
[    7.927557] calling  cdrom_init+0x0/0xc @ 1
[    7.934417] initcall cdrom_init+0x0/0xc returned 0 after 79 usecs
[    7.944137] calling  nonstatic_sysfs_init+0x0/0xc @ 1
[    7.952112] initcall nonstatic_sysfs_init+0x0/0xc returned 0 after 1 usecs
[    7.962898] calling  yenta_cardbus_driver_init+0x0/0x15 @ 1
[    7.971714] initcall yenta_cardbus_driver_init+0x0/0x15 returned 0 after 42 usecs
[    7.983100] calling  mon_init+0x0/0x123 @ 1
[    7.995809] initcall mon_init+0x0/0x123 returned 0 after 6551 usecs
[    8.005085] calling  ehci_hcd_init+0x0/0x55 @ 1
[    8.011943] ehci_hcd: USB 2.0 'Enhanced' Host Controller (EHCI) Driver
[    8.021373] initcall ehci_hcd_init+0x0/0x55 returned 0 after 9227 usecs
[    8.031528] calling  ehci_pci_init+0x0/0x64 @ 1
[    8.038077] ehci-pci: EHCI PCI platform driver
[    8.044749] initcall ehci_pci_init+0x0/0x64 returned 0 after 6511 usecs
[    8.053997] calling  ohci_hcd_mod_init+0x0/0x4d @ 1
[    8.061276] ohci_hcd: USB 1.1 'Open' Host Controller (OHCI) Driver
[    8.070746] initcall ohci_hcd_mod_init+0x0/0x4d returned 0 after 9245 usecs
[    8.081357] calling  ohci_pci_init+0x0/0x64 @ 1
[    8.088563] ohci-pci: OHCI PCI platform driver
[    8.095905] initcall ohci_pci_init+0x0/0x64 returned 0 after 7142 usecs
[    8.107171] calling  uhci_hcd_init+0x0/0xa6 @ 1
[    8.114460] uhci_hcd: USB Universal Host Controller Interface driver
[    8.126096] initcall uhci_hcd_init+0x0/0xa6 returned 0 after 11358 usecs
[    8.136357] calling  xhci_hcd_init+0x0/0x1e @ 1
[    8.143044] initcall xhci_hcd_init+0x0/0x1e returned 0 after 9 usecs
[    8.152275] calling  xhci_pci_init+0x0/0x49 @ 1
[    8.158875] initcall xhci_pci_init+0x0/0x49 returned 0 after 113 usecs
[    8.167885] calling  usblp_driver_init+0x0/0x15 @ 1
[    8.174995] usbcore: registered new interface driver usblp
[    8.183435] initcall usblp_driver_init+0x0/0x15 returned 0 after 8284 usecs
[    8.194993] calling  usb_storage_driver_init+0x0/0x2a @ 1
[    8.204114] usbcore: registered new interface driver usb-storage
[    8.214015] initcall usb_storage_driver_init+0x0/0x2a returned 0 after 9759 usecs
[    8.226216] calling  i8042_init+0x0/0x4c2 @ 1
[    8.233762] i8042: PNP: PS/2 Controller [PNP0303:KBD,PNP0f13:MOU] at 0x60,0x64 irq 1,12
[    8.255049] serio: i8042 KBD port at 0x60,0x64 irq 1
[    8.263237] serio: i8042 AUX port at 0x60,0x64 irq 12
[    8.271658] initcall i8042_init+0x0/0x4c2 returned 0 after 37223 usecs
[    8.282636] calling  serport_init+0x0/0x2c @ 1
[    8.290098] initcall serport_init+0x0/0x2c returned 0 after 1 usecs
[    8.300503] calling  input_leds_init+0x0/0xc @ 1
[    8.308236] initcall input_leds_init+0x0/0xc returned 0 after 2 usecs
[    8.319029] calling  evdev_init+0x0/0xc @ 1
[    8.327806] initcall evdev_init+0x0/0xc returned 0 after 1510 usecs
[    8.338536] calling  atkbd_init+0x0/0x21 @ 1
[    8.345818] initcall atkbd_init+0x0/0x21 returned 0 after 77 usecs
[    8.356377] calling  psmouse_init+0x0/0x7f @ 1
[    8.363593] initcall psmouse_init+0x0/0x7f returned 0 after 80 usecs
[    8.372807] calling  cmos_init+0x0/0x73 @ 1
[    8.379491] rtc_cmos 00:04: RTC can wake from S4
[    8.393988] input: AT Translated Set 2 keyboard as /devices/platform/i8042/serio0/input/input1
[    8.430943] ata3: SATA link up 1.5 Gbps (SStatus 113 SControl 300)
[    8.442422] ata3.00: ATAPI: QEMU DVD-ROM, 2.5+, max UDMA/100
[    8.452097] ata3.00: applying bridge limits
[    8.461296] ata3.00: configured for UDMA/100
[    8.471875] ata2: SATA link down (SStatus 0 SControl 300)
[    8.481923] ata5: SATA link down (SStatus 0 SControl 300)
[    8.491988] ata4: SATA link down (SStatus 0 SControl 300)
[    8.501673] ata1: SATA link down (SStatus 0 SControl 300)
[    8.513099] scsi 2:0:0:0: CD-ROM            QEMU     QEMU DVD-ROM     2.5+ PQ: 0 ANSI: 5
[    8.529031] rtc_cmos 00:04: registered as rtc0
[    8.537301] rtc_cmos 00:04: alarms up to one day, y3k, 242 bytes nvram, hpet irqs
[    8.550722] initcall cmos_init+0x0/0x73 returned 0 after 167823 usecs
[    8.560883] calling  smbalert_driver_init+0x0/0xe @ 1
[    8.569818] initcall smbalert_driver_init+0x0/0xe returned 0 after 65 usecs
[    8.581749] calling  i2c_i801_init+0x0/0xc5 @ 1
[    8.592039] i801_smbus 0000:00:1f.3: SMBus using PCI interrupt
[    8.602809] i2c i2c-0: 1/1 memory slots populated (from DMI)
[    8.612371] i2c i2c-0: Memory type 0x07 not supported yet, not instantiating SPD
[    8.641210] initcall i2c_i801_init+0x0/0xc5 returned 0 after 50067 usecs
[    8.653236] calling  ptp_kvm_init+0x0/0xf0 @ 1
[    8.689556] sr 2:0:0:0: [sr0] scsi3-mmc drive: 4x/4x cd/rw xa/form2 tray
[    8.700887] cdrom: Uniform CD-ROM driver Revision: 3.20
[    8.710833] initcall ptp_kvm_init+0x0/0xf0 returned 0 after 48328 usecs
[    8.722252] calling  dm_init+0x0/0x3c @ 1
[    8.742380] sr 2:0:0:0: Attached scsi CD-ROM sr0
[    8.751828] device-mapper: ioctl: 4.43.0-ioctl (2020-10-01) initialised: dm-devel@redhat.com
[    8.766264] initcall dm_init+0x0/0x3c returned 0 after 36058 usecs
[    8.776843] calling  dm_mirror_init+0x0/0x29 @ 1
[    8.784603] initcall dm_mirror_init+0x0/0x29 returned 0 after 61 usecs
[    8.795728] calling  dm_dirty_log_init+0x0/0x4f @ 1
[    8.804380] initcall dm_dirty_log_init+0x0/0x4f returned 0 after 222 usecs
[    8.815438] calling  dm_zero_init+0x0/0x29 @ 1
[    8.822794] initcall dm_zero_init+0x0/0x29 returned 0 after 52 usecs
[    8.833259] calling  intel_pstate_init+0x0/0x4a2 @ 1
[    8.841778] intel_pstate: CPU model not supported
[    8.849491] initcall intel_pstate_init+0x0/0x4a2 returned -19 after 7751 usecs
[    8.862085] calling  haltpoll_init+0x0/0xc0 @ 1
[    8.870028] initcall haltpoll_init+0x0/0xc0 returned -19 after 106 usecs
[    8.881300] calling  efivars_sysfs_init+0x0/0x30 @ 1
[    8.889175] initcall efivars_sysfs_init+0x0/0x30 returned 0 after 58 usecs
[    8.900135] calling  esrt_sysfs_init+0x0/0x2a2 @ 1
[    8.907483] initcall esrt_sysfs_init+0x0/0x2a2 returned -38 after 17 usecs
[    8.918063] calling  hid_init+0x0/0x5c @ 1
[    8.924379] hid: raw HID events driver (C) Jiri Kosina
[    8.932462] initcall hid_init+0x0/0x5c returned 0 after 8029 usecs
[    8.941721] calling  hid_generic_init+0x0/0x15 @ 1
[    8.949130] initcall hid_generic_init+0x0/0x15 returned 0 after 80 usecs
[    8.958929] calling  a4_driver_init+0x0/0x15 @ 1
[    8.965776] initcall a4_driver_init+0x0/0x15 returned 0 after 22 usecs
[    8.975686] calling  apple_driver_init+0x0/0x15 @ 1
[    8.982888] initcall apple_driver_init+0x0/0x15 returned 0 after 62 usecs
[    8.992881] calling  belkin_driver_init+0x0/0x15 @ 1
[    9.000609] initcall belkin_driver_init+0x0/0x15 returned 0 after 24 usecs
[    9.010871] calling  ch_driver_init+0x0/0x15 @ 1
[    9.017963] initcall ch_driver_init+0x0/0x15 returned 0 after 23 usecs
[    9.027624] calling  ch_driver_init+0x0/0x15 @ 1
[    9.035019] initcall ch_driver_init+0x0/0x15 returned 0 after 51 usecs
[    9.045071] calling  cp_driver_init+0x0/0x15 @ 1
[    9.052601] initcall cp_driver_init+0x0/0x15 returned 0 after 19 usecs
[    9.062771] calling  ez_driver_init+0x0/0x15 @ 1
[    9.069740] initcall ez_driver_init+0x0/0x15 returned 0 after 17 usecs
[    9.079406] calling  gyration_driver_init+0x0/0x15 @ 1
[    9.087337] initcall gyration_driver_init+0x0/0x15 returned 0 after 246 usecs
[    9.097788] calling  ite_driver_init+0x0/0x15 @ 1
[    9.104794] initcall ite_driver_init+0x0/0x15 returned 0 after 21 usecs
[    9.114777] calling  ks_driver_init+0x0/0x15 @ 1
[    9.121803] initcall ks_driver_init+0x0/0x15 returned 0 after 21 usecs
[    9.131433] calling  lg_driver_init+0x0/0x15 @ 1
[    9.138982] initcall lg_driver_init+0x0/0x15 returned 0 after 26 usecs
[    9.148880] calling  lg_g15_driver_init+0x0/0x15 @ 1
[    9.155866] initcall lg_g15_driver_init+0x0/0x15 returned 0 after 20 usecs
[    9.166664] calling  ms_driver_init+0x0/0x15 @ 1
[    9.173612] initcall ms_driver_init+0x0/0x15 returned 0 after 39 usecs
[    9.185799] calling  mr_driver_init+0x0/0x15 @ 1
[    9.193687] initcall mr_driver_init+0x0/0x15 returned 0 after 83 usecs
[    9.205350] calling  ntrig_driver_init+0x0/0x15 @ 1
[    9.214304] initcall ntrig_driver_init+0x0/0x15 returned 0 after 29 usecs
[    9.226112] calling  pl_driver_init+0x0/0x15 @ 1
[    9.234318] initcall pl_driver_init+0x0/0x15 returned 0 after 188 usecs
[    9.245945] calling  pl_driver_init+0x0/0x15 @ 1
[    9.254150] initcall pl_driver_init+0x0/0x15 returned 0 after 28 usecs
[    9.265045] calling  redragon_driver_init+0x0/0x15 @ 1
[    9.274074] initcall redragon_driver_init+0x0/0x15 returned 0 after 27 usecs
[    9.285594] calling  samsung_driver_init+0x0/0x15 @ 1
[    9.292538] initcall samsung_driver_init+0x0/0x15 returned 0 after 88 usecs
[    9.302798] calling  sony_init+0x0/0x38 @ 1
[    9.309161] initcall sony_init+0x0/0x38 returned 0 after 43 usecs
[    9.317642] calling  sp_driver_init+0x0/0x15 @ 1
[    9.324288] initcall sp_driver_init+0x0/0x15 returned 0 after 17 usecs
[    9.333515] calling  ts_driver_init+0x0/0x15 @ 1
[    9.340301] initcall ts_driver_init+0x0/0x15 returned 0 after 17 usecs
[    9.349947] calling  hid_init+0x0/0x58 @ 1
[    9.356429] usbcore: registered new interface driver usbhid
[    9.365433] usbhid: USB HID core driver
[    9.372325] initcall hid_init+0x0/0x58 returned 0 after 15979 usecs
[    9.383147] calling  eeepc_laptop_init+0x0/0x57 @ 1
[    9.393464] initcall eeepc_laptop_init+0x0/0x57 returned -19 after 1790 usecs
[    9.404528] calling  pmc_atom_init+0x0/0x27a @ 1
[    9.412667] initcall pmc_atom_init+0x0/0x27a returned -19 after 52 usecs
[    9.422991] calling  alsa_hwdep_init+0x0/0x5e @ 1
[    9.431860] initcall alsa_hwdep_init+0x0/0x5e returned 0 after 1441 usecs
[    9.441768] calling  alsa_timer_init+0x0/0x1f0 @ 1
[    9.450736] ata6: SATA link down (SStatus 0 SControl 300)
[    9.467958] sr 2:0:0:0: Attached scsi generic sg0 type 5
[    9.477416] initcall alsa_timer_init+0x0/0x1f0 returned 0 after 27919 usecs
[    9.488701] calling  snd_hrtimer_init+0x0/0x117 @ 1
[    9.496351] initcall snd_hrtimer_init+0x0/0x117 returned 0 after 4 usecs
[    9.507078] calling  alsa_pcm_init+0x0/0x64 @ 1
[    9.514179] initcall alsa_pcm_init+0x0/0x64 returned 0 after 55 usecs
[    9.523809] calling  alsa_seq_init+0x0/0x4a @ 1
[    9.532026] initcall alsa_seq_init+0x0/0x4a returned 0 after 1194 usecs
[    9.542560] calling  alsa_seq_dummy_init+0x0/0x9c @ 1
[    9.551404] initcall alsa_seq_dummy_init+0x0/0x9c returned 0 after 209 usecs
[    9.562453] calling  azx_driver_init+0x0/0x15 @ 1
[    9.570918] initcall azx_driver_init+0x0/0x15 returned 0 after 934 usecs
[    9.581207] calling  sock_diag_init+0x0/0x2a @ 1
[    9.589709] initcall sock_diag_init+0x0/0x2a returned 0 after 1108 usecs
[    9.599599] calling  blackhole_init+0x0/0xc @ 1
[    9.607466] initcall blackhole_init+0x0/0xc returned 0 after 505 usecs
[    9.617700] calling  nfnetlink_init+0x0/0x57 @ 1
[    9.624772] initcall nfnetlink_init+0x0/0x57 returned 0 after 155 usecs
[    9.635072] calling  nfnetlink_log_init+0x0/0x99 @ 1
[    9.644088] initcall nfnetlink_log_init+0x0/0x99 returned 0 after 240 usecs
[    9.655441] calling  nf_conntrack_standalone_init+0x0/0x87 @ 1
[    9.670176] initcall nf_conntrack_standalone_init+0x0/0x87 returned 0 after 6625 usecs
[    9.682034] calling  ctnetlink_init+0x0/0x83 @ 1
[    9.689399] initcall ctnetlink_init+0x0/0x83 returned 0 after 1 usecs
[    9.699900] calling  nf_conntrack_ftp_init+0x0/0x12c @ 1
[    9.708380] initcall nf_conntrack_ftp_init+0x0/0x12c returned 0 after 126 usecs
[    9.719937] calling  nf_conntrack_irc_init+0x0/0x129 @ 1
[    9.729100] initcall nf_conntrack_irc_init+0x0/0x129 returned 0 after 543 usecs
[    9.740530] calling  nf_conntrack_sip_init+0x0/0x172 @ 1
[    9.748914] initcall nf_conntrack_sip_init+0x0/0x172 returned 0 after 7 usecs
[    9.759600] calling  nf_nat_init+0x0/0xbb @ 1
[    9.767513] initcall nf_nat_init+0x0/0xbb returned 0 after 775 usecs
[    9.777725] calling  nf_nat_ftp_init+0x0/0x2a @ 1
[    9.785077] initcall nf_nat_ftp_init+0x0/0x2a returned 0 after 1 usecs
[    9.795625] calling  nf_nat_irc_init+0x0/0x2a @ 1
[    9.802990] initcall nf_nat_irc_init+0x0/0x2a returned 0 after 1 usecs
[    9.813171] calling  nf_nat_sip_init+0x0/0x36 @ 1
[    9.820878] initcall nf_nat_sip_init+0x0/0x36 returned 0 after 1 usecs
[    9.831293] calling  xt_init+0x0/0xcf @ 1
[    9.838579] initcall xt_init+0x0/0xcf returned 0 after 77 usecs
[    9.848979] calling  tcpudp_mt_init+0x0/0x11 @ 1
[    9.857443] initcall tcpudp_mt_init+0x0/0x11 returned 0 after 278 usecs
[    9.869143] calling  connsecmark_tg_init+0x0/0xc @ 1
[    9.877875] initcall connsecmark_tg_init+0x0/0xc returned 0 after 1 usecs
[    9.889661] calling  nflog_tg_init+0x0/0xc @ 1
[    9.896645] initcall nflog_tg_init+0x0/0xc returned 0 after 1 usecs
[    9.905792] calling  secmark_tg_init+0x0/0x11 @ 1
[    9.912934] initcall secmark_tg_init+0x0/0x11 returned 0 after 1 usecs
[    9.924105] calling  tcpmss_tg_init+0x0/0x11 @ 1
[    9.932363] initcall tcpmss_tg_init+0x0/0x11 returned 0 after 19 usecs
[    9.943749] calling  conntrack_mt_init+0x0/0x11 @ 1
[    9.951282] initcall conntrack_mt_init+0x0/0x11 returned 0 after 1 usecs
[    9.964376] calling  policy_mt_init+0x0/0x11 @ 1
[    9.972463] initcall policy_mt_init+0x0/0x11 returned 0 after 1 usecs
[    9.983231] calling  state_mt_init+0x0/0xc @ 1
[    9.991012] initcall state_mt_init+0x0/0xc returned 0 after 1 usecs
[   10.002221] calling  gre_offload_init+0x0/0x48 @ 1
[   10.011283] initcall gre_offload_init+0x0/0x48 returned 0 after 79 usecs
[   10.022017] calling  sysctl_ipv4_init+0x0/0x46 @ 1
[   10.031225] initcall sysctl_ipv4_init+0x0/0x46 returned 0 after 1283 usecs
[   10.042826] calling  tunnel4_init+0x0/0x58 @ 1
[   10.050831] initcall tunnel4_init+0x0/0x58 returned 0 after 51 usecs
[   10.061740] calling  nf_defrag_init+0x0/0xc @ 1
[   10.069799] initcall nf_defrag_init+0x0/0xc returned 0 after 79 usecs
[   10.081372] calling  ip_tables_init+0x0/0x8d @ 1
[   10.089990] initcall ip_tables_init+0x0/0x8d returned 0 after 312 usecs
[   10.101555] calling  iptable_filter_init+0x0/0x4c @ 1
[   10.111865] initcall iptable_filter_init+0x0/0x4c returned 0 after 2505 usecs
[   10.123567] calling  iptable_mangle_init+0x0/0xb8 @ 1
[   10.132983] initcall iptable_mangle_init+0x0/0xb8 returned 0 after 286 usecs
[   10.146043] calling  reject_tg_init+0x0/0xc @ 1
[   10.153763] initcall reject_tg_init+0x0/0xc returned 0 after 1 usecs
[   10.164633] calling  cubictcp_register+0x0/0x53 @ 1
[   10.173809] initcall cubictcp_register+0x0/0x53 returned 0 after 64 usecs
[   10.185042] calling  xfrm_user_init+0x0/0x45 @ 1
[   10.192465] Initializing XFRM netlink socket
[   10.199515] initcall xfrm_user_init+0x0/0x45 returned 0 after 6880 usecs
[   10.210299] calling  inet6_init+0x0/0x35e @ 1
[   10.220304] NET: Registered protocol family 10
[   10.251009] input: ImExPS/2 Generic Explorer Mouse as /devices/platform/i8042/serio1/input/input3
[   11.043053] Segment Routing with IPv6
[   11.048569] initcall inet6_init+0x0/0x35e returned 0 after 811723 usecs
[   11.058572] calling  ah6_init+0x0/0x71 @ 1
[   11.065037] initcall ah6_init+0x0/0x71 returned 0 after 158 usecs
[   11.074334] calling  esp6_init+0x0/0x71 @ 1
[   11.081804] initcall esp6_init+0x0/0x71 returned 0 after 2 usecs
[   11.092147] calling  ip6_tables_init+0x0/0x8d @ 1
[   11.099421] initcall ip6_tables_init+0x0/0x8d returned 0 after 74 usecs
[   11.109800] calling  ip6table_filter_init+0x0/0x4c @ 1
[   11.119649] initcall ip6table_filter_init+0x0/0x4c returned 0 after 689 usecs
[   11.132441] calling  ip6table_mangle_init+0x0/0xb8 @ 1
[   11.141872] initcall ip6table_mangle_init+0x0/0xb8 returned 0 after 195 usecs
[   11.154108] calling  nf_defrag_init+0x0/0x45 @ 1
[   11.161739] initcall nf_defrag_init+0x0/0x45 returned 0 after 116 usecs
[   11.172164] calling  ipv6header_mt6_init+0x0/0xc @ 1
[   11.179524] initcall ipv6header_mt6_init+0x0/0xc returned 0 after 1 usecs
[   11.190614] calling  reject_tg6_init+0x0/0xc @ 1
[   11.198705] initcall reject_tg6_init+0x0/0xc returned 0 after 1 usecs
[   11.209562] calling  sit_init+0x0/0xc3 @ 1
[   11.216256] sit: IPv6, IPv4 and MPLS over IPv4 tunneling driver
[   11.234949] initcall sit_init+0x0/0xc3 returned 0 after 18248 usecs
[   11.244959] calling  packet_init+0x0/0x75 @ 1
[   11.251776] NET: Registered protocol family 17
[   11.258523] initcall packet_init+0x0/0x75 returned 0 after 6609 usecs
[   11.270254] calling  init_rpcsec_gss+0x0/0x60 @ 1
[   11.279573] initcall init_rpcsec_gss+0x0/0x60 returned 0 after 1868 usecs
[   11.290301] calling  init_dns_resolver+0x0/0xca @ 1
[   11.299433] Key type dns_resolver registered
[   11.305943] initcall init_dns_resolver+0x0/0xca returned 0 after 7662 usecs
[   11.317153] calling  pm_check_save_msr+0x0/0x80 @ 1
[   11.325893] initcall pm_check_save_msr+0x0/0x80 returned 0 after 1733 usecs
[   11.336707] calling  mcheck_init_device+0x0/0x112 @ 1
[   11.347549] initcall mcheck_init_device+0x0/0x112 returned 0 after 2362 usecs
[   11.362095] calling  mcheck_late_init+0x0/0x58 @ 1
[   11.370771] initcall mcheck_late_init+0x0/0x58 returned 0 after 605 usecs
[   11.382260] calling  severities_debugfs_init+0x0/0x29 @ 1
[   11.391597] initcall severities_debugfs_init+0x0/0x29 returned 0 after 48 usecs
[   11.403887] calling  microcode_init+0x0/0x1bd @ 1
[   11.411373] initcall microcode_init+0x0/0x1bd returned -22 after 45 usecs
[   11.422663] calling  hpet_insert_resource+0x0/0x22 @ 1
[   11.431584] initcall hpet_insert_resource+0x0/0x22 returned 0 after 168 usecs
[   11.443329] calling  start_sync_check_timer+0x0/0x4f @ 1
[   11.451741] initcall start_sync_check_timer+0x0/0x4f returned 0 after 24 usecs
[   11.462840] calling  update_mp_table+0x0/0x4fc @ 1
[   11.470555] initcall update_mp_table+0x0/0x4fc returned 0 after 31 usecs
