c[?7l[2J[0mSeaBIOS (version 1.16.0-debian-1.16.0-4)
Booting from ROM...
early console in setup code
c[?7l[2J[    0.000000] Linux version 5.10.153+ (root@joelboxx.c.googlers.com) (gcc (Debian 12.2.0-3) 12.2.0, GNU ld (GNU Binutils for Debian) 2.39) #15 Tue Dec 13 07:28:54 UTC 2022
[    0.000000] Command line: selinux=0 initcall_debug debug console=ttyS0 rcutorture.torture_type=srcud rcupdate.rcu_self_test=1 rcutorture.n_barrier_cbs=4 rcutorture.stat_interval=15 rcutorture.shutdown_secs=1800 rcutorture.test_no_idle_hz=1 rcutorture.verbose=1
[    0.000000] x86/fpu: x87 FPU will use FXSAVE
[    0.000000] BIOS-provided physical RAM map:
[    0.000000] BIOS-e820: [mem 0x0000000000000000-0x000000000009fbff] usable
[    0.000000] BIOS-e820: [mem 0x000000000009fc00-0x000000000009ffff] reserved
[    0.000000] BIOS-e820: [mem 0x00000000000f0000-0x00000000000fffff] reserved
[    0.000000] BIOS-e820: [mem 0x0000000000100000-0x000000001ffdefff] usable
[    0.000000] BIOS-e820: [mem 0x000000001ffdf000-0x000000001fffffff] reserved
[    0.000000] BIOS-e820: [mem 0x00000000b0000000-0x00000000bfffffff] reserved
[    0.000000] BIOS-e820: [mem 0x00000000fed1c000-0x00000000fed1ffff] reserved
[    0.000000] BIOS-e820: [mem 0x00000000feffc000-0x00000000feffffff] reserved
[    0.000000] BIOS-e820: [mem 0x00000000fffc0000-0x00000000ffffffff] reserved
[    0.000000] NX (Execute Disable) protection: active
[    0.000000] SMBIOS 2.8 present.
[    0.000000] DMI: QEMU Standard PC (Q35 + ICH9, 2009), BIOS 1.16.0-debian-1.16.0-4 04/01/2014
[    0.000000] Hypervisor detected: KVM
[    0.000000] kvm-clock: Using msrs 4b564d01 and 4b564d00
[    0.000000] kvm-clock: cpu 0, msr 19eb7001, primary cpu clock
[    0.000114] kvm-clock: using sched offset of 2186537711 cycles
[    0.000417] clocksource: kvm-clock: mask: 0xffffffffffffffff max_cycles: 0x1cd42e4dffb, max_idle_ns: 881590591483 ns
[    0.000623] tsc: Detected 1999.999 MHz processor
[    0.011811] e820: update [mem 0x00000000-0x00000fff] usable ==> reserved
[    0.011820] e820: remove [mem 0x000a0000-0x000fffff] usable
[    0.011830] last_pfn = 0x1ffdf max_arch_pfn = 0x400000000
[    0.013076] MTRR default type: write-back
[    0.013079] MTRR fixed ranges enabled:
[    0.013082]   00000-9FFFF write-back
[    0.013084]   A0000-BFFFF uncachable
[    0.013086]   C0000-FFFFF write-protect
[    0.013088] MTRR variable ranges enabled:
[    0.013091]   0 base 00C0000000 mask FFC0000000 uncachable
[    0.013093]   1 disabled
[    0.013095]   2 disabled
[    0.013097]   3 disabled
[    0.013099]   4 disabled
[    0.013100]   5 disabled
[    0.013189]   6 disabled
[    0.013191]   7 disabled
[    0.013844] x86/PAT: Configuration [0-7]: WB  WC  UC- UC  WB  WC  UC- UC  
[    0.023252] found SMP MP-table at [mem 0x000f5ba0-0x000f5baf]
[    0.027228] check: Scanning 1 areas for low memory corruption
[    0.051165] ACPI: Early table checksum verification disabled
[    0.053974] ACPI: RSDP 0x00000000000F59E0 000014 (v00 BOCHS )
[    0.054504] ACPI: RSDT 0x000000001FFE229A 000038 (v01 BOCHS  BXPC     00000001 BXPC 00000001)
[    0.054903] ACPI: FACP 0x000000001FFE2092 0000F4 (v03 BOCHS  BXPC     00000001 BXPC 00000001)
[    0.055139] ACPI: DSDT 0x000000001FFE0040 002052 (v01 BOCHS  BXPC     00000001 BXPC 00000001)
[    0.055147] ACPI: FACS 0x000000001FFE0000 000040
[    0.055154] ACPI: APIC 0x000000001FFE2186 000078 (v01 BOCHS  BXPC     00000001 BXPC 00000001)
[    0.055161] ACPI: HPET 0x000000001FFE21FE 000038 (v01 BOCHS  BXPC     00000001 BXPC 00000001)
[    0.055167] ACPI: MCFG 0x000000001FFE2236 00003C (v01 BOCHS  BXPC     00000001 BXPC 00000001)
[    0.055174] ACPI: WAET 0x000000001FFE2272 000028 (v01 BOCHS  BXPC     00000001 BXPC 00000001)
[    0.055180] ACPI: Reserving FACP table memory at [mem 0x1ffe2092-0x1ffe2185]
[    0.055184] ACPI: Reserving DSDT table memory at [mem 0x1ffe0040-0x1ffe2091]
[    0.055186] ACPI: Reserving FACS table memory at [mem 0x1ffe0000-0x1ffe003f]
[    0.055188] ACPI: Reserving APIC table memory at [mem 0x1ffe2186-0x1ffe21fd]
[    0.055321] ACPI: Reserving HPET table memory at [mem 0x1ffe21fe-0x1ffe2235]
[    0.055323] ACPI: Reserving MCFG table memory at [mem 0x1ffe2236-0x1ffe2271]
[    0.055325] ACPI: Reserving WAET table memory at [mem 0x1ffe2272-0x1ffe2299]
[    0.057347] ACPI: Local APIC address 0xfee00000
[    0.061195] Zone ranges:
[    0.061415]   DMA      [mem 0x0000000000001000-0x0000000000ffffff]
[    0.061503]   DMA32    [mem 0x0000000001000000-0x000000001ffdefff]
[    0.061506]   Normal   empty
[    0.061569] Movable zone start for each node
[    0.061571] Early memory node ranges
[    0.061574]   node   0: [mem 0x0000000000001000-0x000000000009efff]
[    0.061660]   node   0: [mem 0x0000000000100000-0x000000001ffdefff]
[    0.061911] Initmem setup node 0 [mem 0x0000000000001000-0x000000001ffdefff]
[    0.061971] On node 0 totalpages: 130941
[    0.062253]   DMA zone: 64 pages used for memmap
[    0.062255]   DMA zone: 21 pages reserved
[    0.062335]   DMA zone: 3998 pages, LIFO batch:0
[    0.062338]   DMA32 zone: 1984 pages used for memmap
[    0.062340]   DMA32 zone: 126943 pages, LIFO batch:31
[    0.065337] On node 0, zone DMA: 1 pages in unavailable ranges
[    0.072297] On node 0, zone DMA: 97 pages in unavailable ranges
[    0.272177] On node 0, zone DMA32: 33 pages in unavailable ranges
[    0.276704] ACPI: PM-Timer IO Port: 0x608
[    0.276716] ACPI: Local APIC address 0xfee00000
[    0.277143] ACPI: LAPIC_NMI (acpi_id[0xff] dfl dfl lint[0x1])
[    0.279021] IOAPIC[0]: apic_id 0, version 17, address 0xfec00000, GSI 0-23
[    0.279120] ACPI: INT_SRC_OVR (bus 0 bus_irq 0 global_irq 2 dfl dfl)
[    0.279211] ACPI: INT_SRC_OVR (bus 0 bus_irq 5 global_irq 5 high level)
[    0.279214] ACPI: INT_SRC_OVR (bus 0 bus_irq 9 global_irq 9 high level)
[    0.279407] ACPI: INT_SRC_OVR (bus 0 bus_irq 10 global_irq 10 high level)
[    0.279409] ACPI: INT_SRC_OVR (bus 0 bus_irq 11 global_irq 11 high level)
[    0.279412] ACPI: IRQ0 used by override.
[    0.279415] ACPI: IRQ5 used by override.
[    0.279417] ACPI: IRQ9 used by override.
[    0.279419] ACPI: IRQ10 used by override.
[    0.279421] ACPI: IRQ11 used by override.
[    0.279425] Using ACPI (MADT) for SMP configuration information
[    0.279522] ACPI: HPET id: 0x8086a201 base: 0xfed00000
[    0.281189] kvm-guest: stealtime: cpu 0, msr 1965b4c0
[    0.282549] PM: hibernation: Registered nosave memory: [mem 0x00000000-0x00000fff]
[    0.282553] PM: hibernation: Registered nosave memory: [mem 0x0009f000-0x0009ffff]
[    0.282555] PM: hibernation: Registered nosave memory: [mem 0x000a0000-0x000effff]
[    0.282557] PM: hibernation: Registered nosave memory: [mem 0x000f0000-0x000fffff]
[    0.282563] [mem 0x20000000-0xafffffff] available for PCI devices
[    0.282641] Booting paravirtualized kernel on KVM
[    0.283370] clocksource: refined-jiffies: mask: 0xffffffff max_cycles: 0xffffffff, max_idle_ns: 1910969940391419 ns
[    0.332657] pcpu-alloc: s0 r0 d32768 u32768 alloc=1*32768
[    0.332831] pcpu-alloc: [0] 0 
[    0.335088] Built 1 zonelists, mobility grouping on.  Total pages: 128872
[    0.335349] Kernel command line: selinux=0 initcall_debug debug console=ttyS0 rcutorture.torture_type=srcud rcupdate.rcu_self_test=1 rcutorture.n_barrier_cbs=4 rcutorture.stat_interval=15 rcutorture.shutdown_secs=1800 rcutorture.test_no_idle_hz=1 rcutorture.verbose=1
[    0.354372] Dentry cache hash table entries: 65536 (order: 7, 524288 bytes, linear)
[    0.359405] Inode-cache hash table entries: 32768 (order: 6, 262144 bytes, linear)
[    0.360684] mem auto-init: stack:all(zero), heap alloc:off, heap free:off
[    0.372029] Memory: 469272K/523764K available (16397K kernel code, 2822K rwdata, 4748K rodata, 1252K init, 11672K bss, 54232K reserved, 0K cma-reserved)
[    0.373564] SLUB: HWalign=64, Order=0-3, MinObjects=0, CPUs=1, Nodes=1
[    0.374708] Kernel/User page tables isolation: enabled
[    0.390269] Running RCU self tests
[    0.422242] NR_IRQS: 4352, nr_irqs: 256, preallocated irqs: 16
[    0.428291] calling  con_init+0x0/0x24f @ 0
[    0.641205] Console: colour VGA+ 80x25
[    0.641291] initcall con_init+0x0/0x24f returned 0 after 0 usecs
[    0.641296] calling  hvc_console_init+0x0/0x13 @ 0
[    0.641354] initcall hvc_console_init+0x0/0x13 returned 0 after 0 usecs
[    0.641357] calling  univ8250_console_init+0x0/0x26 @ 0
[    1.461094] printk: console [ttyS0] enabled
[    1.467773] initcall univ8250_console_init+0x0/0x26 returned 0 after 0 usecs
[    1.475313] Lock dependency validator: Copyright (c) 2006 Red Hat, Inc., Ingo Molnar
[    1.483445] ... MAX_LOCKDEP_SUBCLASSES:  8
[    1.488025] ... MAX_LOCK_DEPTH:          48
[    1.492599] ... MAX_LOCKDEP_KEYS:        8192
[    1.497378] ... CLASSHASH_SIZE:          4096
[    1.502138] ... MAX_LOCKDEP_ENTRIES:     32768
[    1.506944] ... MAX_LOCKDEP_CHAINS:      65536
[    1.511586] ... CHAINHASH_SIZE:          32768
[    1.516199]  memory used by lock dependency info: 6365 kB
[    1.521787]  memory used for stack traces: 4224 kB
[    1.526707]  per task-struct memory footprint: 1920 bytes
[    1.537456] ACPI: Core revision 20200925
[    1.553256] clocksource: hpet: mask: 0xffffffff max_cycles: 0xffffffff, max_idle_ns: 19112604467 ns
[    1.568606] APIC: Switch to symmetric I/O mode setup
[    1.599912] ..TIMER: vector=0x30 apic1=0 pin1=2 apic2=-1 pin2=-1
[    1.606948] clocksource: tsc-early: mask: 0xffffffffffffffff max_cycles: 0x39a85afc727, max_idle_ns: 881590685098 ns
[    1.621258] Calibrating delay loop (skipped) preset value.. 3999.99 BogoMIPS (lpj=1999999)
[    1.621987] pid_max: default: 32768 minimum: 301
[    1.623459] LSM: Security Framework initializing
[    1.625445] Mount-cache hash table entries: 1024 (order: 1, 8192 bytes, linear)
[    1.626039] Mountpoint-cache hash table entries: 1024 (order: 1, 8192 bytes, linear)
[    1.640187] Last level iTLB entries: 4KB 0, 2MB 0, 4MB 0
[    1.640952] Last level dTLB entries: 4KB 0, 2MB 0, 4MB 0, 1GB 0
[    1.641979] CPU: Intel Common KVM processor (family: 0xf, model: 0x6, stepping: 0x1)
[    1.643038] Spectre V1 : Mitigation: usercopy/swapgs barriers and __user pointer sanitization
[    1.644952] Spectre V2 : Mitigation: Retpolines
[    1.645950] Spectre V2 : Spectre v2 / SpectreRSB mitigation: Filling RSB on context switch
[    1.646963] Spectre V2 : Spectre v2 / SpectreRSB : Filling RSB on VMEXIT
[    1.647957] Speculative Store Bypass: Vulnerable
[    1.649994] MDS: Vulnerable: Clear CPU buffers attempted, no microcode
[    1.650951] MMIO Stale Data: Unknown: No mitigations
[    1.725511] RCU test callback executed 1
[    1.726451] RCU test callback executed 2
[    1.727406] calling  init_hw_perf_events+0x0/0x6ce @ 1
[    1.727954] Performance Events: unsupported Netburst CPU model 6 no PMU driver, software events only.
[    1.728961] initcall init_hw_perf_events+0x0/0x6ce returned 0 after 976 usecs
[    1.729958] calling  init_real_mode+0x0/0x1e9 @ 1
[    1.731997] initcall init_real_mode+0x0/0x1e9 returned 0 after 976 usecs
[    1.732958] calling  trace_init_perf_perm_irq_work_exit+0x0/0x12 @ 1
[    1.733973] initcall trace_init_perf_perm_irq_work_exit+0x0/0x12 returned 0 after 0 usecs
[    1.734970] calling  validate_x2apic+0x0/0x4a @ 1
[    1.735984] initcall validate_x2apic+0x0/0x4a returned 0 after 0 usecs
[    1.736961] calling  register_nmi_cpu_backtrace_handler+0x0/0x15 @ 1
[    1.738002] initcall register_nmi_cpu_backtrace_handler+0x0/0x15 returned 0 after 0 usecs
[    1.738956] calling  kvm_setup_vsyscall_timeinfo+0x0/0x34 @ 1
[    1.739958] initcall kvm_setup_vsyscall_timeinfo+0x0/0x34 returned 0 after 0 usecs
[    1.740975] calling  spawn_ksoftirqd+0x0/0x34 @ 1
[    1.743286] initcall spawn_ksoftirqd+0x0/0x34 returned 0 after 976 usecs
[    1.743969] calling  trace_init_flags_sys_enter+0x0/0xe @ 1
[    1.744958] initcall trace_init_flags_sys_enter+0x0/0xe returned 0 after 0 usecs
[    1.745955] calling  trace_init_flags_sys_exit+0x0/0xe @ 1
[    1.746955] initcall trace_init_flags_sys_exit+0x0/0xe returned 0 after 0 usecs
[    1.747954] calling  init_kprobes+0x0/0x16e @ 1
[    1.750612] initcall init_kprobes+0x0/0x16e returned 0 after 976 usecs
[    1.750956] calling  init_events+0x0/0x3d @ 1
[    1.753466] initcall init_events+0x0/0x3d returned 0 after 0 usecs
[    1.753954] calling  init_trace_printk+0x0/0xc @ 1
[    1.754955] initcall init_trace_printk+0x0/0xc returned 0 after 0 usecs
[    1.755954] calling  event_trace_enable_again+0x0/0x23 @ 1
[    1.756968] initcall event_trace_enable_again+0x0/0x23 returned 0 after 0 usecs
[    1.757959] calling  static_call_init+0x0/0x6f @ 1
[    1.758956] initcall static_call_init+0x0/0x6f returned 0 after 0 usecs
[    1.759955] calling  jump_label_init_module+0x0/0xc @ 1
[    1.760962] initcall jump_label_init_module+0x0/0xc returned 0 after 0 usecs
[    1.761955] calling  init_zero_pfn+0x0/0x37 @ 1
[    1.762956] initcall init_zero_pfn+0x0/0x37 returned 0 after 0 usecs
[    1.763956] calling  initialize_ptr_random+0x0/0x54 @ 1
[    1.765041] initcall initialize_ptr_random+0x0/0x54 returned 0 after 0 usecs
[    1.765961] calling  efi_memreserve_root_init+0x0/0x25 @ 1
[    1.767000] initcall efi_memreserve_root_init+0x0/0x25 returned 0 after 0 usecs
[    1.767956] calling  efi_earlycon_remap_fb+0x0/0x51 @ 1
[    1.768956] initcall efi_earlycon_remap_fb+0x0/0x51 returned 0 after 0 usecs
[    1.884335] devtmpfs: initialized
[    1.887603] calling  ipc_ns_init+0x0/0x3d @ 1
[    1.888060] initcall ipc_ns_init+0x0/0x3d returned 0 after 0 usecs
[    1.888956] calling  init_mmap_min_addr+0x0/0x21 @ 1
[    1.889954] initcall init_mmap_min_addr+0x0/0x21 returned 0 after 0 usecs
[    1.890954] calling  pci_realloc_setup_params+0x0/0x3f @ 1
[    1.891956] initcall pci_realloc_setup_params+0x0/0x3f returned 0 after 0 usecs
[    1.892972] calling  net_ns_init+0x0/0x128 @ 1
[    1.894334] initcall net_ns_init+0x0/0x128 returned 0 after 0 usecs
[    1.894973] calling  e820__register_nvs_regions+0x0/0x37 @ 1
[    1.895955] initcall e820__register_nvs_regions+0x0/0x37 returned 0 after 0 usecs
[    1.896953] calling  cpufreq_register_tsc_scaling+0x0/0x2e @ 1
[    1.897956] initcall cpufreq_register_tsc_scaling+0x0/0x2e returned 0 after 0 usecs
[    1.898956] calling  reboot_init+0x0/0x3c @ 1
[    1.900037] initcall reboot_init+0x0/0x3c returned 0 after 0 usecs
[    1.900956] calling  init_lapic_sysfs+0x0/0x20 @ 1
[    1.902953] initcall init_lapic_sysfs+0x0/0x20 returned 0 after 976 usecs
[    1.904954] calling  wq_sysfs_init+0x0/0x2a @ 1
[    1.906068] initcall wq_sysfs_init+0x0/0x2a returned 0 after 0 usecs
[    1.906956] calling  ksysfs_init+0x0/0x92 @ 1
[    1.907988] initcall ksysfs_init+0x0/0x92 returned 0 after 0 usecs
[    1.908956] calling  pm_init+0x0/0x76 @ 1
[    1.910954] initcall pm_init+0x0/0x76 returned 0 after 976 usecs
[    1.911954] calling  pm_disk_init+0x0/0x13 @ 1
[    1.913973] initcall pm_disk_init+0x0/0x13 returned 0 after 976 usecs
[    1.914954] calling  swsusp_header_init+0x0/0x2b @ 1
[    1.915958] initcall swsusp_header_init+0x0/0x2b returned 0 after 0 usecs
[    1.916954] calling  rcu_set_runtime_mode+0x0/0x25 @ 1
[    1.917954] initcall rcu_set_runtime_mode+0x0/0x25 returned 0 after 0 usecs
[    1.918954] calling  init_jiffies_clocksource+0x0/0x13 @ 1
[    1.919952] clocksource: jiffies: mask: 0xffffffff max_cycles: 0xffffffff, max_idle_ns: 1911260446275000 ns
[    1.920959] initcall init_jiffies_clocksource+0x0/0x13 returned 0 after 976 usecs
[    1.921957] calling  futex_init+0x0/0xf8 @ 1
[    1.922958] futex hash table entries: 256 (order: 2, 22528 bytes, linear)
[    1.924032] initcall futex_init+0x0/0xf8 returned 0 after 976 usecs
[    1.924957] calling  cgroup_wq_init+0x0/0x28 @ 1
[    1.925996] initcall cgroup_wq_init+0x0/0x28 returned 0 after 0 usecs
[    1.926953] calling  cgroup1_wq_init+0x0/0x28 @ 1
[    1.927968] initcall cgroup1_wq_init+0x0/0x28 returned 0 after 0 usecs
[    1.928955] calling  init_kprobe_trace_early+0x0/0x2a @ 1
[    1.930062] initcall init_kprobe_trace_early+0x0/0x2a returned 0 after 0 usecs
[    1.930955] calling  fsnotify_init+0x0/0x56 @ 1
[    1.931967] initcall fsnotify_init+0x0/0x56 returned 0 after 0 usecs
[    1.932954] calling  filelock_init+0x0/0x7f @ 1
[    1.934011] initcall filelock_init+0x0/0x7f returned 0 after 0 usecs
[    1.934953] calling  init_misc_binfmt+0x0/0x2c @ 1
[    1.936025] initcall init_misc_binfmt+0x0/0x2c returned 0 after 0 usecs
[    1.936957] calling  init_script_binfmt+0x0/0x15 @ 1
[    1.937980] initcall init_script_binfmt+0x0/0x15 returned 0 after 0 usecs
[    1.938957] calling  init_elf_binfmt+0x0/0x15 @ 1
[    1.939956] initcall init_elf_binfmt+0x0/0x15 returned 0 after 0 usecs
[    1.940953] calling  init_compat_elf_binfmt+0x0/0x15 @ 1
[    1.941954] initcall init_compat_elf_binfmt+0x0/0x15 returned 0 after 0 usecs
[    1.942956] calling  debugfs_init+0x0/0x5c @ 1
[    1.943990] initcall debugfs_init+0x0/0x5c returned 0 after 0 usecs
[    1.944953] calling  tracefs_init+0x0/0x3a @ 1
[    1.945975] initcall tracefs_init+0x0/0x3a returned 0 after 0 usecs
[    1.946954] calling  prandom_init_early+0x0/0x111 @ 1
[    1.948952] initcall prandom_init_early+0x0/0x111 returned 0 after 0 usecs
[    1.949996] calling  virtio_init+0x0/0x20 @ 1
[    1.951031] initcall virtio_init+0x0/0x20 returned 0 after 0 usecs
[    1.951954] calling  iommu_init+0x0/0x2a @ 1
[    1.952979] initcall iommu_init+0x0/0x2a returned 0 after 0 usecs
[    1.953953] calling  component_debug_init+0x0/0x1c @ 1
[    1.956128] initcall component_debug_init+0x0/0x1c returned 0 after 976 usecs
[    1.956954] calling  early_resume_init+0x0/0xb9 @ 1
[    1.958979] PM: RTC time: 07:34:32, date: 2022-12-13
[    1.959982] initcall early_resume_init+0x0/0xb9 returned 0 after 1953 usecs
[    1.960961] calling  cpufreq_core_init+0x0/0x62 @ 1
[    1.963086] initcall cpufreq_core_init+0x0/0x62 returned 0 after 0 usecs
[    1.963957] calling  cpufreq_gov_performance_init+0x0/0xc @ 1
[    1.965080] initcall cpufreq_gov_performance_init+0x0/0xc returned 0 after 0 usecs
[    1.965957] calling  cpufreq_gov_userspace_init+0x0/0xc @ 1
[    1.966957] initcall cpufreq_gov_userspace_init+0x0/0xc returned 0 after 0 usecs
[    1.967954] calling  CPU_FREQ_GOV_ONDEMAND_init+0x0/0xc @ 1
[    1.968955] initcall CPU_FREQ_GOV_ONDEMAND_init+0x0/0xc returned 0 after 0 usecs
[    1.969958] calling  cpuidle_init+0x0/0x1f @ 1
[    1.971020] initcall cpuidle_init+0x0/0x1f returned 0 after 0 usecs
[    1.971957] calling  capsule_reboot_register+0x0/0xc @ 1
[    1.973005] initcall capsule_reboot_register+0x0/0xc returned 0 after 0 usecs
[    1.973965] calling  sock_init+0x0/0x93 @ 1
[    1.976954] initcall sock_init+0x0/0x93 returned 0 after 976 usecs
[    1.977957] calling  net_inuse_init+0x0/0x23 @ 1
[    1.978997] initcall net_inuse_init+0x0/0x23 returned 0 after 0 usecs
[    1.979953] calling  net_defaults_init+0x0/0x23 @ 1
[    1.980954] initcall net_defaults_init+0x0/0x23 returned 0 after 0 usecs
[    1.981953] calling  init_default_flow_dissectors+0x0/0x4f @ 1
[    1.982982] initcall init_default_flow_dissectors+0x0/0x4f returned 0 after 0 usecs
[    1.984955] calling  netpoll_init+0x0/0x44 @ 1
[    1.985958] initcall netpoll_init+0x0/0x44 returned 0 after 0 usecs
[    1.986955] calling  netlink_proto_init+0x0/0x154 @ 1
[    1.988960] NET: Registered protocol family 16
[    1.991023] initcall netlink_proto_init+0x0/0x154 returned 0 after 2929 usecs
[    1.991954] calling  genl_init+0x0/0x35 @ 1
[    1.993084] initcall genl_init+0x0/0x35 returned 0 after 0 usecs
[    1.993984] calling  bsp_pm_check_init+0x0/0x13 @ 1
[    1.994954] initcall bsp_pm_check_init+0x0/0x13 returned 0 after 0 usecs
[    1.995969] calling  irq_sysfs_init+0x0/0xb9 @ 1
[    1.998192] initcall irq_sysfs_init+0x0/0xb9 returned 0 after 976 usecs
[    1.998952] calling  audit_init+0x0/0x127 @ 1
[    1.999962] audit: initializing netlink subsys (disabled)
[    2.001279] initcall audit_init+0x0/0x127 returned 0 after 976 usecs
[    2.001953] calling  release_early_probes+0x0/0x32 @ 1
[    2.002956] initcall release_early_probes+0x0/0x32 returned 0 after 0 usecs
[    2.003955] calling  bdi_class_init+0x0/0x48 @ 1
[    2.005023] initcall bdi_class_init+0x0/0x48 returned 0 after 0 usecs
[    2.005954] calling  mm_sysfs_init+0x0/0x28 @ 1
[    2.006963] initcall mm_sysfs_init+0x0/0x28 returned 0 after 0 usecs
[    2.007993] calling  init_per_zone_wmark_min+0x0/0x5e @ 1
[    2.008982] initcall init_per_zone_wmark_min+0x0/0x5e returned 0 after 0 usecs
[    2.009953] calling  mpi_init+0x0/0x3e @ 1
[    2.010974] initcall mpi_init+0x0/0x3e returned 0 after 0 usecs
[    2.011952] calling  kobject_uevent_init+0x0/0xc @ 1
[    2.012982] initcall kobject_uevent_init+0x0/0xc returned 0 after 0 usecs
[    2.013954] calling  pcibus_class_init+0x0/0x13 @ 1
[    2.014992] initcall pcibus_class_init+0x0/0x13 returned 0 after 0 usecs
[    2.015952] calling  pci_driver_init+0x0/0x21 @ 1
[    2.018066] initcall pci_driver_init+0x0/0x21 returned 0 after 0 usecs
[    2.018955] calling  backlight_class_init+0x0/0xa8 @ 1
[    2.019968] initcall backlight_class_init+0x0/0xa8 returned 0 after 0 usecs
[    2.020953] calling  tty_class_init+0x0/0x33 @ 1
[    2.021965] initcall tty_class_init+0x0/0x33 returned 0 after 0 usecs
[    2.022954] calling  vtconsole_class_init+0x0/0xb5 @ 1
[    2.024090] initcall vtconsole_class_init+0x0/0xb5 returned 0 after 0 usecs
[    2.024954] calling  iommu_dev_init+0x0/0x13 @ 1
[    2.025998] initcall iommu_dev_init+0x0/0x13 returned 0 after 0 usecs
[    2.026953] calling  mipi_dsi_bus_init+0x0/0xc @ 1
[    2.027988] initcall mipi_dsi_bus_init+0x0/0xc returned 0 after 0 usecs
[    2.028952] calling  devlink_class_init+0x0/0x40 @ 1
[    2.029988] initcall devlink_class_init+0x0/0x40 returned 0 after 0 usecs
[    2.030955] calling  software_node_init+0x0/0x2a @ 1
[    2.031961] initcall software_node_init+0x0/0x2a returned 0 after 0 usecs
[    2.032952] calling  wakeup_sources_debugfs_init+0x0/0x23 @ 1
[    2.034000] initcall wakeup_sources_debugfs_init+0x0/0x23 returned 0 after 0 usecs
[    2.034968] calling  wakeup_sources_sysfs_init+0x0/0x2c @ 1
[    2.035995] initcall wakeup_sources_sysfs_init+0x0/0x2c returned 0 after 0 usecs
[    2.036954] calling  regmap_initcall+0x0/0xc @ 1
[    2.038081] initcall regmap_initcall+0x0/0xc returned 0 after 0 usecs
[    2.038953] calling  i2c_init+0x0/0xb3 @ 1
[    2.040143] initcall i2c_init+0x0/0xb3 returned 0 after 0 usecs
[    2.040953] calling  thermal_init+0x0/0x116 @ 1
[    2.042045] thermal_sys: Registered thermal governor 'step_wise'
[    2.042059] thermal_sys: Registered thermal governor 'user_space'
[    2.042970] initcall thermal_init+0x0/0x116 returned 0 after 976 usecs
[    2.044953] calling  init_menu+0x0/0xc @ 1
[    2.046041] cpuidle: using governor menu
[    2.046954] initcall init_menu+0x0/0xc returned 0 after 976 usecs
[    2.047952] calling  pcc_init+0x0/0x4d @ 1
[    2.048955] initcall pcc_init+0x0/0x4d returned -19 after 0 usecs
[    2.049952] calling  amd_postcore_init+0x0/0x11e @ 1
[    2.050955] initcall amd_postcore_init+0x0/0x11e returned 0 after 0 usecs
[    2.051976] calling  bts_init+0x0/0xba @ 1
[    2.052954] initcall bts_init+0x0/0xba returned -19 after 0 usecs
[    2.053952] calling  pt_init+0x0/0x2f7 @ 1
[    2.054954] initcall pt_init+0x0/0x2f7 returned -19 after 0 usecs
[    2.055954] calling  boot_params_ksysfs_init+0x0/0x2ee @ 1
[    2.057013] initcall boot_params_ksysfs_init+0x0/0x2ee returned 0 after 0 usecs
[    2.057954] calling  sbf_init+0x0/0xea @ 1
[    2.058954] initcall sbf_init+0x0/0xea returned 0 after 0 usecs
[    2.059977] calling  arch_kdebugfs_init+0x0/0x219 @ 1
[    2.062200] initcall arch_kdebugfs_init+0x0/0x219 returned 0 after 0 usecs
[    2.062954] calling  intel_pconfig_init+0x0/0x85 @ 1
[    2.063953] initcall intel_pconfig_init+0x0/0x85 returned 0 after 0 usecs
[    2.064955] calling  mtrr_if_init+0x0/0x5d @ 1
[    2.065966] initcall mtrr_if_init+0x0/0x5d returned 0 after 0 usecs
[    2.066956] calling  activate_jump_labels+0x0/0x31 @ 1
[    2.067955] initcall activate_jump_labels+0x0/0x31 returned 0 after 0 usecs
[    2.068954] calling  ffh_cstate_init+0x0/0x29 @ 1
[    2.069986] initcall ffh_cstate_init+0x0/0x29 returned 0 after 0 usecs
[    2.070955] calling  activate_jump_labels+0x0/0x31 @ 1
[    2.072012] initcall activate_jump_labels+0x0/0x31 returned 0 after 0 usecs
[    2.072954] calling  kvm_alloc_cpumask+0x0/0x2b @ 1
[    2.074950] initcall kvm_alloc_cpumask+0x0/0x2b returned 0 after 976 usecs
[    2.075954] calling  kcmp_cookies_init+0x0/0x37 @ 1
[    2.076976] initcall kcmp_cookies_init+0x0/0x37 returned 0 after 0 usecs
[    2.077953] calling  cryptomgr_init+0x0/0xc @ 1
[    2.079044] initcall cryptomgr_init+0x0/0xc returned 0 after 0 usecs
[    2.080017] calling  acpi_pci_init+0x0/0x57 @ 1
[    2.080986] ACPI: bus type PCI registered
[    2.081959] initcall acpi_pci_init+0x0/0x57 returned 0 after 976 usecs
[    2.082959] calling  dma_channel_table_init+0x0/0xce @ 1
[    2.083974] initcall dma_channel_table_init+0x0/0xce returned 0 after 0 usecs
[    2.085955] calling  dma_bus_init+0x0/0xdc @ 1
[    2.087257] initcall dma_bus_init+0x0/0xdc returned 0 after 0 usecs
[    2.088120] calling  iommu_dma_init+0x0/0x10 @ 1
[    2.089077] initcall iommu_dma_init+0x0/0x10 returned 0 after 0 usecs
[    2.089954] calling  dmi_id_init+0x0/0x37c @ 1
[    2.091121] initcall dmi_id_init+0x0/0x37c returned 0 after 0 usecs
[    2.091974] calling  pci_arch_init+0x0/0x71 @ 1
[    2.094417] PCI: MMCONFIG for domain 0000 [bus 00-ff] at [mem 0xb0000000-0xbfffffff] (base 0xb0000000)
[    2.094962] PCI: MMCONFIG at [mem 0xb0000000-0xbfffffff] reserved in E820
[    2.096048] PCI: Using configuration type 1 for base access
[    2.097006] initcall pci_arch_init+0x0/0x71 returned 0 after 3906 usecs
[    2.097978] calling  init_vdso+0x0/0x13 @ 1
[    2.098978] initcall init_vdso+0x0/0x13 returned 0 after 0 usecs
[    2.099954] calling  sysenter_setup+0x0/0x13 @ 1
[    2.100961] initcall sysenter_setup+0x0/0x13 returned 0 after 0 usecs
[    2.101955] calling  fixup_ht_bug+0x0/0x7f @ 1
[    2.102955] initcall fixup_ht_bug+0x0/0x7f returned 0 after 0 usecs
[    2.103952] calling  topology_init+0x0/0x15 @ 1
[    2.106187] initcall topology_init+0x0/0x15 returned 0 after 0 usecs
[    2.106954] calling  intel_epb_init+0x0/0x68 @ 1
[    2.107954] initcall intel_epb_init+0x0/0x68 returned -19 after 0 usecs
[    2.108953] calling  mtrr_init_finialize+0x0/0x3e @ 1
[    2.110954] initcall mtrr_init_finialize+0x0/0x3e returned 0 after 0 usecs
[    2.111955] calling  uid_cache_init+0x0/0x85 @ 1
[    2.112997] initcall uid_cache_init+0x0/0x85 returned 0 after 0 usecs
[    2.113954] calling  param_sysfs_init+0x0/0x1ba @ 1
[    2.125768] initcall param_sysfs_init+0x0/0x1ba returned 0 after 9765 usecs
[    2.126962] calling  user_namespace_sysctl_init+0x0/0x33 @ 1
[    2.127974] initcall user_namespace_sysctl_init+0x0/0x33 returned 0 after 0 usecs
[    2.129001] calling  proc_schedstat_init+0x0/0x24 @ 1
[    2.129964] initcall proc_schedstat_init+0x0/0x24 returned 0 after 0 usecs
[    2.130960] calling  pm_sysrq_init+0x0/0x18 @ 1
[    2.132130] initcall pm_sysrq_init+0x0/0x18 returned 0 after 0 usecs
[    2.133029] calling  create_proc_profile+0x0/0x50 @ 1
[    2.133959] initcall create_proc_profile+0x0/0x50 returned 0 after 0 usecs
[    2.134957] calling  time_ns_init+0x0/0x7 @ 1
[    2.135956] initcall time_ns_init+0x0/0x7 returned 0 after 0 usecs
[    2.136954] calling  crash_save_vmcoreinfo_init+0x0/0x756 @ 1
[    2.138262] initcall crash_save_vmcoreinfo_init+0x0/0x756 returned 0 after 0 usecs
[    2.138954] calling  crash_notes_memory_init+0x0/0x35 @ 1
[    2.140007] initcall crash_notes_memory_init+0x0/0x35 returned 0 after 0 usecs
[    2.140954] calling  cgroup_sysfs_init+0x0/0x13 @ 1
[    2.142955] initcall cgroup_sysfs_init+0x0/0x13 returned 0 after 976 usecs
[    2.143955] calling  cgroup_namespaces_init+0x0/0x7 @ 1
[    2.145000] initcall cgroup_namespaces_init+0x0/0x7 returned 0 after 0 usecs
[    2.146958] calling  init_optprobes+0x0/0x13 @ 1
[    2.148042] Kprobes globally optimized
[    2.148956] initcall init_optprobes+0x0/0x13 returned 0 after 976 usecs
[    2.149954] calling  oom_init+0x0/0x2f @ 1
[    2.152139] audit: type=2000 audit(1670916871.123:1): state=initialized audit_enabled=0 res=1
[    2.153053] initcall oom_init+0x0/0x2f returned 0 after 1953 usecs
[    2.153957] calling  default_bdi_init+0x0/0xb3 @ 1
[    2.156163] initcall default_bdi_init+0x0/0xb3 returned 0 after 976 usecs
[    2.156975] calling  percpu_enable_async+0x0/0xe @ 1
[    2.157958] initcall percpu_enable_async+0x0/0xe returned 0 after 0 usecs
[    2.158974] calling  kcompactd_init+0x0/0x46 @ 1
[    2.160127] initcall kcompactd_init+0x0/0x46 returned 0 after 0 usecs
[    2.162944] calling  init_user_reserve+0x0/0x30 @ 1
[    2.164009] initcall init_user_reserve+0x0/0x30 returned 0 after 0 usecs
[    2.164957] calling  init_admin_reserve+0x0/0x30 @ 1
[    2.165954] initcall init_admin_reserve+0x0/0x30 returned 0 after 0 usecs
[    2.167351] calling  init_reserve_notifier+0x0/0x7 @ 1
[    2.167994] initcall init_reserve_notifier+0x0/0x7 returned 0 after 0 usecs
[    2.168980] calling  swap_init_sysfs+0x0/0x62 @ 1
[    2.171333] initcall swap_init_sysfs+0x0/0x62 returned 0 after 976 usecs
[    2.171971] calling  swapfile_init+0x0/0x46 @ 1
[    2.172957] initcall swapfile_init+0x0/0x46 returned 0 after 0 usecs
[    2.173959] calling  hugetlb_init+0x0/0x42c @ 1
[    2.175187] HugeTLB registered 2.00 MiB page size, pre-allocated 0 pages
[    2.176070] initcall hugetlb_init+0x0/0x42c returned 0 after 976 usecs
[    2.176972] calling  io_wq_init+0x0/0x34 @ 1
[    2.178046] initcall io_wq_init+0x0/0x34 returned 0 after 0 usecs
[    2.178955] calling  seqiv_module_init+0x0/0xc @ 1
[    2.180969] initcall seqiv_module_init+0x0/0xc returned 0 after 976 usecs
[    2.181956] calling  echainiv_module_init+0x0/0xc @ 1
[    2.182955] initcall echainiv_module_init+0x0/0xc returned 0 after 0 usecs
[    2.184323] calling  rsa_init+0x0/0x50 @ 1
[    2.190926] cryptomgr_test (18) used greatest stack depth: 14864 bytes left
[    2.192281] initcall rsa_init+0x0/0x50 returned 0 after 6835 usecs
[    2.192957] calling  crypto_cmac_module_init+0x0/0xc @ 1
[    2.193956] initcall crypto_cmac_module_init+0x0/0xc returned 0 after 0 usecs
[    2.194955] calling  hmac_module_init+0x0/0xc @ 1
[    2.195955] initcall hmac_module_init+0x0/0xc returned 0 after 0 usecs
[    2.196953] calling  crypto_null_mod_init+0x0/0x65 @ 1
[    2.199016] initcall crypto_null_mod_init+0x0/0x65 returned 0 after 976 usecs
[    2.199991] calling  md5_mod_init+0x0/0xc @ 1
[    2.201061] initcall md5_mod_init+0x0/0xc returned 0 after 0 usecs
[    2.201957] calling  sha256_generic_mod_init+0x0/0x11 @ 1
[    2.203176] initcall sha256_generic_mod_init+0x0/0x11 returned 0 after 0 usecs
[    2.203956] calling  crypto_cbc_module_init+0x0/0xc @ 1
[    2.204957] initcall crypto_cbc_module_init+0x0/0xc returned 0 after 0 usecs
[    2.205954] calling  crypto_ctr_module_init+0x0/0x11 @ 1
[    2.206977] initcall crypto_ctr_module_init+0x0/0x11 returned 0 after 0 usecs
[    2.207985] calling  crypto_gcm_module_init+0x0/0x64 @ 1
[    2.209989] initcall crypto_gcm_module_init+0x0/0x64 returned 0 after 0 usecs
[    2.210954] calling  crypto_ccm_module_init+0x0/0x11 @ 1
[    2.211956] initcall crypto_ccm_module_init+0x0/0x11 returned 0 after 0 usecs
[    2.212953] calling  aes_init+0x0/0xc @ 1
[    2.214079] initcall aes_init+0x0/0xc returned 0 after 0 usecs
[    2.214981] calling  crc32c_mod_init+0x0/0xc @ 1
[    2.216044] initcall crc32c_mod_init+0x0/0xc returned 0 after 0 usecs
[    2.216953] calling  crypto_authenc_module_init+0x0/0xc @ 1
[    2.217955] initcall crypto_authenc_module_init+0x0/0xc returned 0 after 0 usecs
[    2.218954] calling  crypto_authenc_esn_module_init+0x0/0xc @ 1
[    2.219956] initcall crypto_authenc_esn_module_init+0x0/0xc returned 0 after 0 usecs
[    2.220955] calling  drbg_init+0x0/0x7c @ 1
[    2.223101] initcall drbg_init+0x0/0x7c returned 0 after 976 usecs
[    2.223954] calling  ghash_mod_init+0x0/0xc @ 1
[    2.225056] initcall ghash_mod_init+0x0/0xc returned 0 after 0 usecs
[    2.225955] calling  init_bio+0x0/0x9a @ 1
[    2.228070] initcall init_bio+0x0/0x9a returned 0 after 976 usecs
[    2.228954] calling  blk_settings_init+0x0/0x29 @ 1
[    2.229954] initcall blk_settings_init+0x0/0x29 returned 0 after 0 usecs
[    2.230958] calling  blk_ioc_init+0x0/0x29 @ 1
[    2.231966] initcall blk_ioc_init+0x0/0x29 returned 0 after 0 usecs
[    2.232956] calling  blk_mq_init+0x0/0x96 @ 1
[    2.233981] initcall blk_mq_init+0x0/0x96 returned 0 after 0 usecs
[    2.234955] calling  genhd_device_init+0x0/0x75 @ 1
[    2.239968] initcall genhd_device_init+0x0/0x75 returned 0 after 3906 usecs
[    2.241102] calling  pci_slot_init+0x0/0x40 @ 1
[    2.242124] initcall pci_slot_init+0x0/0x40 returned 0 after 0 usecs
[    2.242954] calling  fbmem_init+0x0/0xd8 @ 1
[    2.246161] initcall fbmem_init+0x0/0xd8 returned 0 after 1953 usecs
[    2.246956] calling  acpi_init+0x0/0x316 @ 1
[    2.249205] ACPI: Added _OSI(Module Device)
[    2.249950] ACPI: Added _OSI(Processor Device)
[    2.250950] ACPI: Added _OSI(3.0 _SCP Extensions)
[    2.251949] ACPI: Added _OSI(Processor Aggregator Device)
[    2.252952] ACPI: Added _OSI(Linux-Dell-Video)
[    2.253952] ACPI: Added _OSI(Linux-Lenovo-NV-HDMI-Audio)
[    2.254951] ACPI: Added _OSI(Linux-HPI-Hybrid-Graphics)
[    2.260079] ACPI: 1 ACPI AML tables successfully acquired and loaded
[    2.267490] ACPI: Interpreter enabled
[    2.268201] ACPI: (supports S0 S3 S4 S5)
[    2.268980] ACPI: Using IOAPIC for interrupt routing
[    2.271132] PCI: Using host bridge windows from ACPI; if necessary, use "pci=nocrs" and report a bug
[    2.273499] ACPI: Enabled 2 GPEs in block 00 to 3F
[    2.284171] ACPI: PCI Root Bridge [PCI0] (domain 0000 [bus 00-ff])
[    2.285054] acpi PNP0A08:00: _OSC: OS supports [ExtendedConfig ASPM ClockPM Segments MSI HPX-Type3]
[    2.286316] acpi PNP0A08:00: _OSC: platform does not support [LTR]
[    2.288173] acpi PNP0A08:00: _OSC: OS now controls [PME PCIeCapability]
[    2.290371] PCI host bridge to bus 0000:00
[    2.290970] pci_bus 0000:00: root bus resource [io  0x0000-0x0cf7 window]
[    2.291953] pci_bus 0000:00: root bus resource [io  0x0d00-0xffff window]
[    2.292956] pci_bus 0000:00: root bus resource [mem 0x000a0000-0x000bffff window]
[    2.294952] pci_bus 0000:00: root bus resource [mem 0x20000000-0xafffffff window]
[    2.295975] pci_bus 0000:00: root bus resource [mem 0xc0000000-0xfebfffff window]
[    2.296953] pci_bus 0000:00: root bus resource [mem 0x100000000-0x8ffffffff window]
[    2.297954] pci_bus 0000:00: root bus resource [bus 00-ff]
[    2.299723] pci 0000:00:00.0: calling  quirk_mmio_always_on+0x0/0x10 @ 1
[    2.300013] pci 0000:00:00.0: quirk_mmio_always_on+0x0/0x10 took 0 usecs
[    2.300954] pci 0000:00:00.0: [8086:29c0] type 00 class 0x060000
[    2.305593] pci 0000:00:00.0: calling  quirk_igfx_skip_te_disable+0x0/0x80 @ 1
[    2.305998] pci 0000:00:00.0: quirk_igfx_skip_te_disable+0x0/0x80 took 0 usecs
[    2.309620] pci 0000:00:01.0: [1234:1111] type 00 class 0x030000
[    2.315944] pci 0000:00:01.0: reg 0x10: [mem 0xfd000000-0xfdffffff pref]
[    2.325944] pci 0000:00:01.0: reg 0x18: [mem 0xfebf0000-0xfebf0fff]
[    2.340944] pci 0000:00:01.0: reg 0x30: [mem 0xfebe0000-0xfebeffff pref]
[    2.345288] pci 0000:00:01.0: calling  efifb_fixup_resources+0x0/0xf0 @ 1
[    2.346024] pci 0000:00:01.0: efifb_fixup_resources+0x0/0xf0 took 0 usecs
[    2.356953] pci 0000:00:1f.0: [8086:2918] type 00 class 0x060100
[    2.363814] pci 0000:00:1f.0: calling  quirk_ich7_lpc+0x0/0x60 @ 1
[    2.365111] pci 0000:00:1f.0: quirk: [io  0x0600-0x067f] claimed by ICH6 ACPI/GPIO/TCO
[    2.366430] pci 0000:00:1f.0: quirk_ich7_lpc+0x0/0x60 took 1953 usecs
[    2.367079] pci 0000:00:1f.0: calling  quirk_igfx_skip_te_disable+0x0/0x80 @ 1
[    2.368017] pci 0000:00:1f.0: quirk_igfx_skip_te_disable+0x0/0x80 took 0 usecs
[    2.372134] pci 0000:00:1f.2: [8086:2922] type 00 class 0x010601
[    2.382953] pci 0000:00:1f.2: reg 0x20: [io  0xc040-0xc05f]
[    2.385456] pci 0000:00:1f.2: reg 0x24: [mem 0xfebf1000-0xfebf1fff]
[    2.387524] pci 0000:00:1f.2: calling  quirk_igfx_skip_te_disable+0x0/0x80 @ 1
[    2.387959] pci 0000:00:1f.2: quirk_igfx_skip_te_disable+0x0/0x80 took 0 usecs
[    2.393591] pci 0000:00:1f.3: [8086:2930] type 00 class 0x0c0500
[    2.399589] pci 0000:00:1f.3: reg 0x20: [io  0x0700-0x073f]
[    2.402534] pci 0000:00:1f.3: calling  quirk_igfx_skip_te_disable+0x0/0x80 @ 1
[    2.402965] pci 0000:00:1f.3: quirk_igfx_skip_te_disable+0x0/0x80 took 0 usecs
[    2.405717] pci_bus 0000:00: on NUMA node 0
[    2.411570] ACPI: PCI Interrupt Link [LNKA] (IRQs 5 *10 11)
[    2.413517] ACPI: PCI Interrupt Link [LNKB] (IRQs 5 *10 11)
[    2.415161] ACPI: PCI Interrupt Link [LNKC] (IRQs 5 10 *11)
[    2.417009] ACPI: PCI Interrupt Link [LNKD] (IRQs 5 10 *11)
[    2.419017] ACPI: PCI Interrupt Link [LNKE] (IRQs 5 *10 11)
[    2.420576] ACPI: PCI Interrupt Link [LNKF] (IRQs 5 *10 11)
[    2.421579] ACPI: PCI Interrupt Link [LNKG] (IRQs 5 10 *11)
[    2.423444] ACPI: PCI Interrupt Link [LNKH] (IRQs 5 10 *11)
[    2.424325] ACPI: PCI Interrupt Link [GSIA] (IRQs *16)
[    2.425005] ACPI: PCI Interrupt Link [GSIB] (IRQs *17)
[    2.426007] ACPI: PCI Interrupt Link [GSIC] (IRQs *18)
[    2.426996] ACPI: PCI Interrupt Link [GSID] (IRQs *19)
[    2.428014] ACPI: PCI Interrupt Link [GSIE] (IRQs *20)
[    2.429960] ACPI: PCI Interrupt Link [GSIF] (IRQs *21)
[    2.431019] ACPI: PCI Interrupt Link [GSIG] (IRQs *22)
[    2.432016] ACPI: PCI Interrupt Link [GSIH] (IRQs *23)
[    2.435944] initcall acpi_init+0x0/0x316 returned 0 after 182617 usecs
[    2.437232] calling  pnp_init+0x0/0xc @ 1
[    2.438097] initcall pnp_init+0x0/0xc returned 0 after 0 usecs
[    2.438956] calling  misc_init+0x0/0xbf @ 1
[    2.440957] initcall misc_init+0x0/0xbf returned 0 after 976 usecs
[    2.441958] calling  iommu_subsys_init+0x0/0x4e @ 1
[    2.443049] iommu: Default domain type: Translated 
[    2.443956] initcall iommu_subsys_init+0x0/0x4e returned 0 after 976 usecs
[    2.444957] calling  vga_arb_device_init+0x0/0x261 @ 1
[    2.449743] pci 0000:00:01.0: vgaarb: setting as boot VGA device
[    2.449944] pci 0000:00:01.0: vgaarb: VGA device added: decodes=io+mem,owns=io+mem,locks=none
[    2.449955] pci 0000:00:01.0: vgaarb: bridge control possible
[    2.450950] vgaarb: loaded
[    2.451957] initcall vga_arb_device_init+0x0/0x261 returned 0 after 5859 usecs
[    2.453059] calling  cn_init+0x0/0xf0 @ 1
[    2.456295] initcall cn_init+0x0/0xf0 returned 0 after 1953 usecs
[    2.456957] calling  dma_buf_init+0x0/0xad @ 1
[    2.459345] initcall dma_buf_init+0x0/0xad returned 0 after 976 usecs
[    2.459955] calling  dma_resv_lockdep+0x0/0x27f @ 1
[    2.463988] initcall dma_resv_lockdep+0x0/0x27f returned 0 after 1953 usecs
[    2.464956] calling  init_scsi+0x0/0x79 @ 1
[    2.467280] SCSI subsystem initialized
[    2.467955] initcall init_scsi+0x0/0x79 returned 0 after 1953 usecs
[    2.468954] calling  ata_init+0x0/0x332 @ 1
[    2.472675] libata version 3.00 loaded.
[    2.472954] initcall ata_init+0x0/0x332 returned 0 after 2929 usecs
[    2.473952] calling  phy_init+0x0/0x250 @ 1
[    2.476263] initcall phy_init+0x0/0x250 returned 0 after 976 usecs
[    2.476953] calling  init_pcmcia_cs+0x0/0x35 @ 1
[    2.478012] initcall init_pcmcia_cs+0x0/0x35 returned 0 after 0 usecs
[    2.478952] calling  usb_common_init+0x0/0x1c @ 1
[    2.480067] initcall usb_common_init+0x0/0x1c returned 0 after 0 usecs
[    2.480952] calling  usb_init+0x0/0x12e @ 1
[    2.482037] ACPI: bus type USB registered
[    2.484470] usbcore: registered new interface driver usbfs
[    2.485100] usbcore: registered new interface driver hub
[    2.485978] usbcore: registered new device driver usb
[    2.486957] initcall usb_init+0x0/0x12e returned 0 after 4882 usecs
[    2.487956] calling  serio_init+0x0/0x29 @ 1
[    2.489031] initcall serio_init+0x0/0x29 returned 0 after 0 usecs
[    2.489955] calling  input_init+0x0/0xf6 @ 1
[    2.491569] initcall input_init+0x0/0xf6 returned 0 after 0 usecs
[    2.491955] calling  rtc_init+0x0/0x4d @ 1
[    2.492986] initcall rtc_init+0x0/0x4d returned 0 after 0 usecs
[    2.493955] calling  pps_init+0x0/0xa9 @ 1
[    2.495094] pps_core: LinuxPPS API ver. 1 registered
[    2.495951] pps_core: Software ver. 5.3.6 - Copyright 2005-2007 Rodolfo Giometti <giometti@linux.it>
[    2.497008] initcall pps_init+0x0/0xa9 returned 0 after 1953 usecs
[    2.497956] calling  ptp_init+0x0/0x98 @ 1
[    2.499972] PTP clock support registered
[    2.500956] initcall ptp_init+0x0/0x98 returned 0 after 1953 usecs
[    2.501958] calling  power_supply_class_init+0x0/0x3f @ 1
[    2.504036] initcall power_supply_class_init+0x0/0x3f returned 0 after 976 usecs
[    2.504954] calling  hwmon_init+0x0/0x104 @ 1
[    2.505977] initcall hwmon_init+0x0/0x104 returned 0 after 0 usecs
[    2.506953] calling  md_init+0x0/0x16b @ 1
[    2.509361] initcall md_init+0x0/0x16b returned 0 after 976 usecs
[    2.509953] calling  leds_init+0x0/0x3b @ 1
[    2.511000] initcall leds_init+0x0/0x3b returned 0 after 0 usecs
[    2.511954] calling  dmi_init+0x0/0x113 @ 1
[    2.513176] initcall dmi_init+0x0/0x113 returned 0 after 0 usecs
[    2.513953] calling  efisubsys_init+0x0/0x4e6 @ 1
[    2.515988] initcall efisubsys_init+0x0/0x4e6 returned 0 after 0 usecs
[    2.516970] calling  nvmem_init+0x0/0xc @ 1
[    2.519096] initcall nvmem_init+0x0/0xc returned 0 after 0 usecs
[    2.519955] calling  init_soundcore+0x0/0x33 @ 1
[    2.521002] initcall init_soundcore+0x0/0x33 returned 0 after 0 usecs
[    2.521959] calling  alsa_sound_init+0x0/0x8f @ 1
[    2.523435] Advanced Linux Sound Architecture Driver Initialized.
[    2.523958] initcall alsa_sound_init+0x0/0x8f returned 0 after 976 usecs
[    2.524958] calling  alsa_seq_device_init+0x0/0x71 @ 1
[    2.526026] initcall alsa_seq_device_init+0x0/0x71 returned 0 after 0 usecs
[    2.526956] calling  hda_bus_init+0x0/0xc @ 1
[    2.528000] initcall hda_bus_init+0x0/0xc returned 0 after 0 usecs
[    2.528954] calling  proto_init+0x0/0xc @ 1
[    2.529980] initcall proto_init+0x0/0xc returned 0 after 0 usecs
[    2.530953] calling  net_dev_init+0x0/0x231 @ 1
[    2.536202] initcall net_dev_init+0x0/0x231 returned 0 after 3906 usecs
[    2.536955] calling  neigh_init+0x0/0x84 @ 1
[    2.538005] initcall neigh_init+0x0/0x84 returned 0 after 0 usecs
[    2.538956] calling  fib_notifier_init+0x0/0xc @ 1
[    2.540023] initcall fib_notifier_init+0x0/0xc returned 0 after 0 usecs
[    2.540954] calling  fib_rules_init+0x0/0xab @ 1
[    2.542012] initcall fib_rules_init+0x0/0xab returned 0 after 0 usecs
[    2.542954] calling  pktsched_init+0x0/0x10e @ 1
[    2.545070] initcall pktsched_init+0x0/0x10e returned 0 after 976 usecs
[    2.545956] calling  tc_filter_init+0x0/0xfa @ 1
[    2.547031] initcall tc_filter_init+0x0/0xfa returned 0 after 0 usecs
[    2.547959] calling  tc_action_init+0x0/0x54 @ 1
[    2.549964] initcall tc_action_init+0x0/0x54 returned 0 after 0 usecs
[    2.550956] calling  ethnl_init+0x0/0x52 @ 1
[    2.552156] initcall ethnl_init+0x0/0x52 returned 0 after 0 usecs
[    2.552979] calling  nexthop_init+0x0/0xd8 @ 1
[    2.555031] initcall nexthop_init+0x0/0xd8 returned 0 after 976 usecs
[    2.555954] calling  cipso_v4_init+0x0/0x8d @ 1
[    2.557120] initcall cipso_v4_init+0x0/0x8d returned 0 after 0 usecs
[    2.557954] calling  ieee80211_init+0x0/0x24 @ 1
[    2.559163] initcall ieee80211_init+0x0/0x24 returned 0 after 0 usecs
[    2.559953] calling  netlbl_init+0x0/0x78 @ 1
[    2.560950] NetLabel: Initializing
[    2.561949] NetLabel:  domain hash size = 128
[    2.562950] NetLabel:  protocols = UNLABELED CIPSOv4 CALIPSO
[    2.564198] NetLabel:  unlabeled traffic allowed by default
[    2.564958] initcall netlbl_init+0x0/0x78 returned 0 after 3906 usecs
[    2.565959] calling  rfkill_init+0x0/0x136 @ 1
[    2.568207] initcall rfkill_init+0x0/0x136 returned 0 after 976 usecs
[    2.568960] calling  pci_subsys_init+0x0/0x66 @ 1
[    2.570021] PCI: Using ACPI for IRQ routing
[    3.387176] PCI: pci_cache_line_size set to 64 bytes
[    3.389864] e820: reserve RAM buffer [mem 0x0009fc00-0x0009ffff]
[    3.390047] e820: reserve RAM buffer [mem 0x1ffdf000-0x1fffffff]
[    3.391136] initcall pci_subsys_init+0x0/0x66 returned 0 after 801757 usecs
[    3.405944] calling  nmi_warning_debugfs+0x0/0x26 @ 1
[    3.407384] initcall nmi_warning_debugfs+0x0/0x26 returned 0 after 0 usecs
[    3.407989] calling  save_microcode_in_initrd+0x0/0x51 @ 1
[    3.410129] initcall save_microcode_in_initrd+0x0/0x51 returned 0 after 976 usecs
[    3.410965] calling  hpet_late_init+0x0/0x1f6 @ 1
[    3.414300] hpet: 3 channels of 0 reserved for per-cpu timers
[    3.416191] hpet0: at MMIO 0xfed00000, IRQs 2, 8, 0
[    3.416952] hpet0: 3 comparators, 64-bit 100.000000 MHz counter
[    3.419955] initcall hpet_late_init+0x0/0x1f6 returned 0 after 7812 usecs
[    3.420955] calling  init_amd_nbs+0x0/0x11c @ 1
[    3.422194] initcall init_amd_nbs+0x0/0x11c returned 0 after 0 usecs
[    3.423047] calling  clocksource_done_booting+0x0/0x43 @ 1
[    3.425271] clocksource: Switched to clocksource kvm-clock
[    3.434408] initcall clocksource_done_booting+0x0/0x43 returned 0 after 10210 usecs
[    3.445242] calling  tracer_init_tracefs+0x0/0x201 @ 1
[    4.110680] initcall tracer_init_tracefs+0x0/0x201 returned 0 after 641708 usecs
[    4.120146] calling  init_trace_printk_function_export+0x0/0x2c @ 1
[    4.128058] initcall init_trace_printk_function_export+0x0/0x2c returned 0 after 104 usecs
[    4.138271] calling  init_kprobe_trace+0x0/0x1ab @ 1
[    4.144541] initcall init_kprobe_trace+0x0/0x1ab returned 0 after 74 usecs
[    4.153127] calling  init_dynamic_event+0x0/0x3d @ 1
[    4.159570] initcall init_dynamic_event+0x0/0x3d returned 0 after 36 usecs
[    4.168073] calling  init_uprobe_trace+0x0/0x5c @ 1
[    4.174221] initcall init_uprobe_trace+0x0/0x5c returned 0 after 88 usecs
[    4.182600] calling  init_pipe_fs+0x0/0x44 @ 1
[    4.192400] initcall init_pipe_fs+0x0/0x44 returned 0 after 4142 usecs
[    4.200577] calling  inotify_user_setup+0x0/0x47 @ 1
[    4.206983] initcall inotify_user_setup+0x0/0x47 returned 0 after 184 usecs
[    4.217823] calling  eventpoll_init+0x0/0xeb @ 1
[    4.225118] initcall eventpoll_init+0x0/0xeb returned 0 after 225 usecs
[    4.235032] calling  anon_inode_init+0x0/0x58 @ 1
[    4.242419] initcall anon_inode_init+0x0/0x58 returned 0 after 192 usecs
[    4.251446] calling  proc_locks_init+0x0/0x27 @ 1
[    4.257657] initcall proc_locks_init+0x0/0x27 returned 0 after 258 usecs
[    4.265797] calling  iomap_init+0x0/0x1b @ 1
[    4.271860] initcall iomap_init+0x0/0x1b returned 0 after 827 usecs
[    4.279509] calling  dquot_init+0x0/0xd7 @ 1
[    4.284808] VFS: Disk quotas dquot_6.6.0
[    4.289908] VFS: Dquot-cache hash table entries: 512 (order 0, 4096 bytes)
[    4.298418] initcall dquot_init+0x0/0xd7 returned 0 after 13286 usecs
[    4.306241] calling  quota_init+0x0/0x23 @ 1
[    4.312133] initcall quota_init+0x0/0x23 returned 0 after 632 usecs
[    4.319782] calling  proc_cmdline_init+0x0/0x21 @ 1
[    4.326184] initcall proc_cmdline_init+0x0/0x21 returned 0 after 163 usecs
[    4.334469] calling  proc_consoles_init+0x0/0x24 @ 1
[    4.344245] initcall proc_consoles_init+0x0/0x24 returned 0 after 9 usecs
[    4.352790] calling  proc_cpuinfo_init+0x0/0x1e @ 1
[    4.359321] initcall proc_cpuinfo_init+0x0/0x1e returned 0 after 9 usecs
[    4.370471] calling  proc_devices_init+0x0/0x24 @ 1
[    4.380928] initcall proc_devices_init+0x0/0x24 returned 0 after 10 usecs
[    4.391227] calling  proc_interrupts_init+0x0/0x24 @ 1
[    4.399084] initcall proc_interrupts_init+0x0/0x24 returned 0 after 9 usecs
[    4.409555] calling  proc_loadavg_init+0x0/0x21 @ 1
[    4.415866] initcall proc_loadavg_init+0x0/0x21 returned 0 after 7 usecs
[    4.424604] calling  proc_meminfo_init+0x0/0x21 @ 1
[    4.430753] initcall proc_meminfo_init+0x0/0x21 returned 0 after 6 usecs
[    4.439139] calling  proc_stat_init+0x0/0x1e @ 1
[    4.445118] initcall proc_stat_init+0x0/0x1e returned 0 after 6 usecs
[    4.453287] calling  proc_uptime_init+0x0/0x21 @ 1
[    4.459463] initcall proc_uptime_init+0x0/0x21 returned 0 after 6 usecs
[    4.467939] calling  proc_version_init+0x0/0x21 @ 1
[    4.474424] initcall proc_version_init+0x0/0x21 returned 0 after 7 usecs
[    4.482739] calling  proc_softirqs_init+0x0/0x21 @ 1
[    4.488893] initcall proc_softirqs_init+0x0/0x21 returned 0 after 6 usecs
[    4.497228] calling  proc_kcore_init+0x0/0xea @ 1
[    4.503253] initcall proc_kcore_init+0x0/0xea returned 0 after 250 usecs
[    4.511744] calling  vmcore_init+0x0/0x57b @ 1
[    4.517529] initcall vmcore_init+0x0/0x57b returned 0 after 17 usecs
[    4.525632] calling  proc_kmsg_init+0x0/0x21 @ 1
[    4.531688] initcall proc_kmsg_init+0x0/0x21 returned 0 after 8 usecs
[    4.540100] calling  proc_page_init+0x0/0x3b @ 1
[    4.546863] initcall proc_page_init+0x0/0x3b returned 0 after 36 usecs
[    4.567991] calling  init_ramfs_fs+0x0/0xc @ 1
[    4.575376] initcall init_ramfs_fs+0x0/0xc returned 0 after 739 usecs
[    4.583433] calling  init_hugetlbfs_fs+0x0/0xf6 @ 1
[    4.596673] initcall init_hugetlbfs_fs+0x0/0xf6 returned 0 after 6895 usecs
[    4.605284] calling  blk_scsi_ioctl_init+0x0/0x2a5 @ 1
[    4.611745] initcall blk_scsi_ioctl_init+0x0/0x2a5 returned 0 after 20 usecs
[    4.620599] calling  acpi_event_init+0x0/0x2c @ 1
[    4.628112] initcall acpi_event_init+0x0/0x2c returned 0 after 947 usecs
[    4.638375] calling  pnp_system_init+0x0/0xc @ 1
[    4.646131] initcall pnp_system_init+0x0/0xc returned 0 after 2039 usecs
[    4.654101] calling  pnpacpi_init+0x0/0x69 @ 1
[    4.659541] pnp: PnP ACPI init
[    4.666456] pnp 00:00: Plug and Play ACPI device, IDs PNP0303 (active)
[    4.674352] pnp 00:01: Plug and Play ACPI device, IDs PNP0f13 (active)
[    4.682225] pnp 00:02: Plug and Play ACPI device, IDs PNP0400 (active)
[    4.690090] pnp 00:03: Plug and Play ACPI device, IDs PNP0501 (active)
[    4.697936] pnp 00:04: Plug and Play ACPI device, IDs PNP0b00 (active)
[    4.706360] system 00:05: [mem 0xb0000000-0xbfffffff window] has been reserved
[    4.715087] system 00:05: Plug and Play ACPI device, IDs PNP0c01 (active)
[    4.725375] pnp: PnP ACPI: found 6 devices
[    4.730340] initcall pnpacpi_init+0x0/0x69 returned 0 after 69196 usecs
[    4.738140] calling  chr_dev_init+0x0/0x14d @ 1
[    4.756381] initcall chr_dev_init+0x0/0x14d returned 0 after 12396 usecs
[    4.764377] calling  firmware_class_init+0x0/0x14a @ 1
[    4.770934] initcall firmware_class_init+0x0/0x14a returned 0 after 334 usecs
[    4.779419] calling  init_pcmcia_bus+0x0/0x5b @ 1
[    4.785333] initcall init_pcmcia_bus+0x0/0x5b returned 0 after 255 usecs
[    4.793583] calling  init_acpi_pm_clocksource+0x0/0xda @ 1
[    4.805913] clocksource: acpi_pm: mask: 0xffffff max_cycles: 0xffffff, max_idle_ns: 2085701024 ns
[    4.816701] initcall init_acpi_pm_clocksource+0x0/0xda returned 0 after 15995 usecs
[    4.827513] calling  sysctl_core_init+0x0/0x26 @ 1
[    4.834661] initcall sysctl_core_init+0x0/0x26 returned 0 after 330 usecs
[    4.844898] calling  eth_offload_init+0x0/0x13 @ 1
[    4.852389] initcall eth_offload_init+0x0/0x13 returned 0 after 188 usecs
[    4.862369] calling  ipv4_offload_init+0x0/0x73 @ 1
[    4.868487] initcall ipv4_offload_init+0x0/0x73 returned 0 after 77 usecs
[    4.876898] calling  inet_init+0x0/0x276 @ 1
[    4.882573] NET: Registered protocol family 2
[    4.889510] IP idents hash table entries: 8192 (order: 4, 65536 bytes, linear)
[    4.901757] tcp_listen_portaddr_hash hash table entries: 256 (order: 2, 20480 bytes, linear)
[    4.912518] TCP established hash table entries: 4096 (order: 3, 32768 bytes, linear)
[    4.922390] TCP bind hash table entries: 4096 (order: 6, 294912 bytes, linear)
[    4.933783] TCP: Hash tables configured (established 4096 bind 4096)
[    4.942501] UDP hash table entries: 256 (order: 3, 40960 bytes, linear)
[    4.950818] UDP-Lite hash table entries: 256 (order: 3, 40960 bytes, linear)
[    4.959920] initcall inet_init+0x0/0x276 returned 0 after 75823 usecs
[    4.967786] calling  af_unix_init+0x0/0x4d @ 1
[    4.973306] NET: Registered protocol family 1
[    4.978821] initcall af_unix_init+0x0/0x4d returned 0 after 5425 usecs
[    4.986824] calling  ipv6_offload_init+0x0/0x7e @ 1
[    4.992874] initcall ipv6_offload_init+0x0/0x7e returned 0 after 102 usecs
[    5.001750] calling  init_sunrpc+0x0/0x65 @ 1
[    5.031525] RPC: Registered named UNIX socket transport module.
[    5.039113] RPC: Registered udp transport module.
[    5.044847] RPC: Registered tcp transport module.
[    5.050485] RPC: Registered tcp NFSv4.1 backchannel transport module.
[    5.060713] initcall init_sunrpc+0x0/0x65 returned 0 after 51157 usecs
[    5.068533] calling  cfg80211_init+0x0/0xc5 @ 1
[    5.075120] initcall cfg80211_init+0x0/0xc5 returned 0 after 1169 usecs
[    5.082949] calling  pcibios_assign_resources+0x0/0xbf @ 1
[    5.089798] pci_bus 0000:00: resource 4 [io  0x0000-0x0cf7 window]
[    5.097071] pci_bus 0000:00: resource 5 [io  0x0d00-0xffff window]
[    5.104309] pci_bus 0000:00: resource 6 [mem 0x000a0000-0x000bffff window]
[    5.112423] pci_bus 0000:00: resource 7 [mem 0x20000000-0xafffffff window]
[    5.120670] pci_bus 0000:00: resource 8 [mem 0xc0000000-0xfebfffff window]
[    5.128932] pci_bus 0000:00: resource 9 [mem 0x100000000-0x8ffffffff window]
[    5.137530] initcall pcibios_assign_resources+0x0/0xbf returned 0 after 46834 usecs
[    5.146781] calling  pci_apply_final_quirks+0x0/0x124 @ 1
[    5.153735] pci 0000:00:01.0: calling  pci_fixup_video+0x0/0xe0 @ 1
[    5.161670] pci 0000:00:01.0: Video device with shadowed ROM at [mem 0x000c0000-0x000dffff]
[    5.171597] pci 0000:00:01.0: pci_fixup_video+0x0/0xe0 took 9992 usecs
[    5.179829] PCI: CLS 0 bytes, default 64
[    5.184732] initcall pci_apply_final_quirks+0x0/0x124 returned 0 after 30627 usecs
[    5.193833] calling  acpi_reserve_resources+0x0/0xea @ 1
[    5.200257] initcall acpi_reserve_resources+0x0/0xea returned 0 after 20 usecs
[    5.208856] calling  populate_rootfs+0x0/0x102 @ 1
[    5.218152] initcall populate_rootfs+0x0/0x102 returned 0 after 2720 usecs
[    5.226513] calling  pci_iommu_init+0x0/0x3e @ 1
[    5.232265] initcall pci_iommu_init+0x0/0x3e returned 0 after 134 usecs
[    5.242972] calling  ia32_binfmt_init+0x0/0x13 @ 1
[    5.248820] initcall ia32_binfmt_init+0x0/0x13 returned 0 after 111 usecs
[    5.256870] calling  rapl_pmu_init+0x0/0x25f @ 1
[    5.262430] initcall rapl_pmu_init+0x0/0x25f returned -19 after 114 usecs
[    5.270504] calling  amd_uncore_init+0x0/0x310 @ 1
[    5.276191] initcall amd_uncore_init+0x0/0x310 returned -19 after 0 usecs
[    5.284194] calling  amd_ibs_init+0x0/0x24b @ 1
[    5.289745] initcall amd_ibs_init+0x0/0x24b returned -19 after 0 usecs
[    5.298926] calling  amd_iommu_pc_init+0x0/0x22b @ 1
[    5.304942] initcall amd_iommu_pc_init+0x0/0x22b returned -19 after 50 usecs
[    5.313282] calling  msr_init+0x0/0x55 @ 1
[    5.318424] initcall msr_init+0x0/0x55 returned 0 after 266 usecs
[    5.325783] calling  intel_uncore_init+0x0/0x322 @ 1
[    5.331717] initcall intel_uncore_init+0x0/0x322 returned -19 after 53 usecs
[    5.341131] calling  cstate_pmu_init+0x0/0x181 @ 1
[    5.346868] initcall cstate_pmu_init+0x0/0x181 returned -19 after 0 usecs
[    5.354803] calling  register_kernel_offset_dumper+0x0/0x1a @ 1
[    5.361856] initcall register_kernel_offset_dumper+0x0/0x1a returned 0 after 100 usecs
[    5.371139] calling  i8259A_init_ops+0x0/0x20 @ 1
[    5.376720] initcall i8259A_init_ops+0x0/0x20 returned 0 after 1 usecs
[    5.386177] calling  init_tsc_clocksource+0x0/0xa4 @ 1
[    5.394472] clocksource: tsc: mask: 0xffffffffffffffff max_cycles: 0x39a85afc727, max_idle_ns: 881590685098 ns
[    5.407744] initcall init_tsc_clocksource+0x0/0xa4 returned 0 after 12959 usecs
[    5.418366] calling  add_rtc_cmos+0x0/0xb0 @ 1
[    5.425218] initcall add_rtc_cmos+0x0/0xb0 returned 0 after 2 usecs
[    5.434229] calling  i8237A_init_ops+0x0/0x3a @ 1
[    5.441357] initcall i8237A_init_ops+0x0/0x3a returned 0 after 117 usecs
[    5.450701] calling  umwait_init+0x0/0x94 @ 1
[    5.456108] initcall umwait_init+0x0/0x94 returned -19 after 20 usecs
[    5.463640] calling  thermal_throttle_init_device+0x0/0x3d @ 1
[    5.470598] initcall thermal_throttle_init_device+0x0/0x3d returned 0 after 56 usecs
[    5.479897] calling  msr_init+0x0/0xd7 @ 1
[    5.486609] initcall msr_init+0x0/0xd7 returned 0 after 907 usecs
[    5.495721] calling  cpuid_init+0x0/0xd7 @ 1
[    5.502497] initcall cpuid_init+0x0/0xd7 returned 0 after 269 usecs
[    5.511443] calling  ioapic_init_ops+0x0/0x13 @ 1
[    5.518520] initcall ioapic_init_ops+0x0/0x13 returned 0 after 107 usecs
[    5.526872] calling  add_pcspkr+0x0/0x6c @ 1
[    5.532561] initcall add_pcspkr+0x0/0x6c returned 0 after 584 usecs
[    5.540670] calling  start_periodic_check_for_corruption+0x0/0x30 @ 1
[    5.548461] check: Scanning for low memory corruption every 60 seconds
[    5.556210] initcall start_periodic_check_for_corruption+0x0/0x30 returned 0 after 7592 usecs
[    5.566176] calling  sysfb_init+0x0/0x9c @ 1
[    5.571496] initcall sysfb_init+0x0/0x9c returned 0 after 148 usecs
[    5.578850] calling  audit_classes_init+0x0/0xae @ 1
[    5.584727] initcall audit_classes_init+0x0/0xae returned 0 after 67 usecs
[    5.592794] calling  iosf_mbi_init+0x0/0x24 @ 1
[    5.598477] initcall iosf_mbi_init+0x0/0x24 returned 0 after 369 usecs
[    5.606015] calling  proc_execdomains_init+0x0/0x21 @ 1
[    5.612222] initcall proc_execdomains_init+0x0/0x21 returned 0 after 114 usecs
[    5.620414] calling  register_warn_debugfs+0x0/0x23 @ 1
[    5.626547] initcall register_warn_debugfs+0x0/0x23 returned 0 after 17 usecs
[    5.634703] calling  ioresources_init+0x0/0x49 @ 1
[    5.640356] initcall ioresources_init+0x0/0x49 returned 0 after 43 usecs
[    5.648147] calling  lockdep_proc_init+0x0/0x64 @ 1
[    5.653906] initcall lockdep_proc_init+0x0/0x64 returned 0 after 43 usecs
[    5.661707] calling  snapshot_device_init+0x0/0xc @ 1
[    5.668919] initcall snapshot_device_init+0x0/0xc returned 0 after 1315 usecs
[    5.677332] calling  irq_pm_init_ops+0x0/0x13 @ 1
[    5.682790] initcall irq_pm_init_ops+0x0/0x13 returned 0 after 26 usecs
[    5.690483] calling  rcu_torture_init+0x0/0x8bd @ 1
[    5.696359] srcud-torture:--- Start of test: nreaders=1 nfakewriters=4 stat_interval=15 verbose=1 test_no_idle_hz=1 shuffle_interval=3 stutter=5 irqreader=1 fqs_duration=0 fqs_holdoff=0 fqs_stutter=3 test_boost=1/0 test_boost_interval=7 test_boost_duration=4 shutdown_secs=1800 stall_cpu=0 stall_cpu_holdoff=10 stall_cpu_irqsoff=0 stall_cpu_block=0 n_barrier_cbs=4 onoff_interval=0 onoff_holdoff=0 read_exit_delay=13 read_exit_burst=16
[    5.739425] srcud:  Start-test grace-period state: g0 f0x0
[    5.746417] srcud-torture: Creating rcu_torture_writer task
[    5.753280] srcud-torture: Creating rcu_torture_fakewriter task
[    5.761602] srcud-torture: rcu_torture_writer task started
[    5.769409] srcud-torture: GP expediting controlled from boot/sysfs for srcud.
[    5.779609] rcu_torture_writer: Testing expedited GPs.
[    5.787192] rcu_torture_writer: Testing asynchronous GPs.
[    5.793557] rcu_torture_writer: Testing normal GPs.
[    5.799225] srcud-torture: Creating rcu_torture_fakewriter task
[    5.805965] srcud-torture: rcu_torture_fakewriter task started
[    5.812785] srcud-torture: Creating rcu_torture_fakewriter task
[    5.819485] srcud-torture: rcu_torture_fakewriter task started
[    5.827340] srcud-torture: Creating rcu_torture_fakewriter task
[    5.834084] srcud-torture: rcu_torture_fakewriter task started
[    5.841411] srcud-torture: Creating rcu_torture_reader task
[    5.847726] srcud-torture: rcu_torture_fakewriter task started
[    5.855350] srcud-torture: Creating rcu_torture_stats task
[    5.861571] srcud-torture: rcu_torture_reader task started
[    5.868624] srcud-torture: Creating torture_shuffle task
[    5.874840] srcud-torture: rcu_torture_stats task started
[    5.881255] srcud-torture: Creating torture_stutter task
[    5.887272] srcud-torture: torture_shuffle task started
[    5.893969] srcud-torture: Creating torture_shutdown task
[    5.900111] srcud-torture: torture_stutter task started
[    5.909802] srcud-torture: rcu_torture_fwd_prog_init: Disabled, unsupported by RCU flavor under test
[    5.920341] srcud-torture: Creating rcu_torture_barrier_cbs task
[    5.927395] srcud-torture: torture_shutdown task started
[    5.933549] srcud-torture:torture_shutdown task: 1799960 ms remaining
[    5.941174] srcud-torture: Creating rcu_torture_barrier_cbs task
[    5.948017] srcud-torture: rcu_torture_barrier_cbs task started
[    5.956450] srcud-torture: Creating rcu_torture_barrier_cbs task
[    5.963373] srcud-torture: rcu_torture_barrier_cbs task started
[    5.970476] srcud-torture: Creating rcu_torture_barrier_cbs task
[    5.977419] srcud-torture: rcu_torture_barrier_cbs task started
[    5.984575] srcud-torture: Creating rcu_torture_barrier task
[    5.991372] srcud-torture: rcu_torture_barrier_cbs task started
[    5.998426] srcud-torture: Creating rcu_torture_read_exit task
[    6.005368] srcud-torture: rcu_torture_barrier task starting
[    6.012258] initcall rcu_torture_init+0x0/0x8bd returned 0 after 308591 usecs
[    6.020550] calling  timekeeping_init_ops+0x0/0x13 @ 1
[    6.026641] initcall timekeeping_init_ops+0x0/0x13 returned 0 after 1 usecs
[    6.034811] calling  init_clocksource_sysfs+0x0/0x23 @ 1
[    6.041293] initcall init_clocksource_sysfs+0x0/0x23 returned 0 after 235 usecs
[    6.049819] calling  init_timer_list_procfs+0x0/0x31 @ 1
[    6.056544] initcall init_timer_list_procfs+0x0/0x31 returned 0 after 7 usecs
[    6.065333] calling  alarmtimer_init+0x0/0xf5 @ 1
[    6.072192] initcall alarmtimer_init+0x0/0xf5 returned 0 after 283 usecs
[    6.082022] calling  init_posix_timers+0x0/0x29 @ 1
[    6.088058] initcall init_posix_timers+0x0/0x29 returned 0 after 13 usecs
[    6.096343] calling  clockevents_init_sysfs+0x0/0x8b @ 1
[    6.102716] initcall clockevents_init_sysfs+0x0/0x8b returned 0 after 218 usecs
[    6.113596] calling  proc_dma_init+0x0/0x21 @ 1
[    6.121373] initcall proc_dma_init+0x0/0x21 returned 0 after 90 usecs
[    6.129351] calling  proc_modules_init+0x0/0x1e @ 1
[    6.135427] initcall proc_modules_init+0x0/0x1e returned 0 after 8 usecs
[    6.144089] calling  kallsyms_init+0x0/0x21 @ 1
[    6.149861] initcall kallsyms_init+0x0/0x21 returned 0 after 8 usecs
[    6.157615] calling  pid_namespaces_init+0x0/0x2c @ 1
[    6.163898] initcall pid_namespaces_init+0x0/0x2c returned 0 after 14 usecs
[    6.172122] calling  audit_watch_init+0x0/0x37 @ 1
[    6.177943] initcall audit_watch_init+0x0/0x37 returned 0 after 52 usecs
[    6.186027] calling  audit_fsnotify_init+0x0/0x37 @ 1
[    6.192271] initcall audit_fsnotify_init+0x0/0x37 returned 0 after 2 usecs
[    6.201817] calling  audit_tree_init+0x0/0x6d @ 1
[    6.207515] initcall audit_tree_init+0x0/0x6d returned 0 after 8 usecs
[    6.215345] calling  seccomp_sysctl_init+0x0/0x2b @ 1
[    6.221480] initcall seccomp_sysctl_init+0x0/0x2b returned 0 after 51 usecs
[    6.229672] calling  utsname_sysctl_init+0x0/0x13 @ 1
[    6.235701] initcall utsname_sysctl_init+0x0/0x13 returned 0 after 27 usecs
[    6.243953] calling  init_tracepoints+0x0/0x27 @ 1
[    6.249740] initcall init_tracepoints+0x0/0x27 returned 0 after 27 usecs
[    6.257597] calling  init_blk_tracer+0x0/0x50 @ 1
[    6.263825] initcall init_blk_tracer+0x0/0x50 returned 0 after 520 usecs
[    6.271517] calling  perf_event_sysfs_init+0x0/0x83 @ 1
[    6.278496] initcall perf_event_sysfs_init+0x0/0x83 returned 0 after 806 usecs
[    6.286846] calling  system_trusted_keyring_init+0x0/0x5f @ 1
[    6.293572] Initialise system trusted keyrings
[    6.299147] initcall system_trusted_keyring_init+0x0/0x5f returned 0 after 5442 usecs
[    6.308200] calling  kswapd_init+0x0/0x13 @ 1
[    6.313445] srcud-torture: rcu_torture_read_exit: Start of test
[    6.320839] initcall kswapd_init+0x0/0x13 returned 0 after 7234 usecs
[    6.328718] calling  extfrag_debug_init+0x0/0x54 @ 1
[    6.334661] initcall extfrag_debug_init+0x0/0x54 returned 0 after 95 usecs
[    6.342703] calling  slab_proc_init+0x0/0x21 @ 1
[    6.348447] initcall slab_proc_init+0x0/0x21 returned 0 after 20 usecs
[    6.355897] calling  workingset_init+0x0/0x8c @ 1
[    6.361423] workingset: timestamp_bits=62 max_order=17 bucket_order=0
[    6.368914] initcall workingset_init+0x0/0x8c returned 0 after 7313 usecs
[    6.376862] calling  proc_vmalloc_init+0x0/0x27 @ 1
[    6.382636] initcall proc_vmalloc_init+0x0/0x27 returned 0 after 6 usecs
[    6.390431] calling  procswaps_init+0x0/0x1e @ 1
[    6.395872] initcall procswaps_init+0x0/0x1e returned 0 after 5 usecs
[    6.403287] calling  slab_sysfs_init+0x0/0xec @ 1
[    6.416725] initcall slab_sysfs_init+0x0/0xec returned 0 after 7672 usecs
[    6.424844] calling  fcntl_init+0x0/0x29 @ 1
[    6.430082] initcall fcntl_init+0x0/0x29 returned 0 after 10 usecs
[    6.437661] calling  proc_filesystems_init+0x0/0x21 @ 1
[    6.443921] initcall proc_filesystems_init+0x0/0x21 returned 0 after 6 usecs
[    6.452314] calling  start_dirtytime_writeback+0x0/0x29 @ 1
[    6.458963] initcall start_dirtytime_writeback+0x0/0x29 returned 0 after 2 usecs
[    6.467885] calling  blkdev_init+0x0/0x1b @ 1
[    6.473366] initcall blkdev_init+0x0/0x1b returned 0 after 276 usecs
[    6.481807] calling  dio_init+0x0/0x2c @ 1
[    6.487472] initcall dio_init+0x0/0x2c returned 0 after 226 usecs
[    6.494538] calling  dnotify_init+0x0/0x78 @ 1
[    6.499862] initcall dnotify_init+0x0/0x78 returned 0 after 95 usecs
[    6.507346] calling  aio_setup+0x0/0x78 @ 1
[    6.512510] initcall aio_setup+0x0/0x78 returned 0 after 184 usecs
[    6.519789] calling  io_uring_init+0x0/0x2c @ 1
[    6.525264] initcall io_uring_init+0x0/0x2c returned 0 after 6 usecs
[    6.532810] calling  mbcache_init+0x0/0x30 @ 1
[    6.538328] initcall mbcache_init+0x0/0x30 returned 0 after 87 usecs
[    6.545959] calling  init_grace+0x0/0xc @ 1
[    6.551034] initcall init_grace+0x0/0xc returned 0 after 4 usecs
[    6.558140] calling  init_v2_quota_format+0x0/0x21 @ 1
[    6.564501] initcall init_v2_quota_format+0x0/0x21 returned 0 after 218 usecs
[    6.577934] calling  init_devpts_fs+0x0/0x27 @ 1
[    6.586800] initcall init_devpts_fs+0x0/0x27 returned 0 after 2042 usecs
[    6.596881] calling  ext4_init_fs+0x0/0x1c2 @ 1
[    6.608517] initcall ext4_init_fs+0x0/0x1c2 returned 0 after 4627 usecs
[    6.617875] calling  journal_init+0x0/0x11c @ 1
[    6.623832] initcall journal_init+0x0/0x11c returned 0 after 272 usecs
[    6.632260] calling  init_fat_fs+0x0/0x49 @ 1
[    6.638425] initcall init_fat_fs+0x0/0x49 returned 0 after 312 usecs
[    6.651036] calling  init_vfat_fs+0x0/0xc @ 1
[    6.656091] initcall init_vfat_fs+0x0/0xc returned 0 after 4 usecs
[    6.663475] calling  init_msdos_fs+0x0/0xc @ 1
[    6.668851] initcall init_msdos_fs+0x0/0xc returned 0 after 5 usecs
[    6.676703] calling  init_iso9660_fs+0x0/0x6c @ 1
[    6.689913] initcall init_iso9660_fs+0x0/0x6c returned 0 after 6381 usecs
[    6.698298] calling  init_nfs_fs+0x0/0x13a @ 1
[    6.708279] initcall init_nfs_fs+0x0/0x13a returned 0 after 4421 usecs
[    6.716184] calling  init_nfs_v2+0x0/0x13 @ 1
[    6.721631] initcall init_nfs_v2+0x0/0x13 returned 0 after 86 usecs
[    6.729794] calling  init_nfs_v3+0x0/0x13 @ 1
[    6.735096] initcall init_nfs_v3+0x0/0x13 returned 0 after 1 usecs
[    6.742496] calling  init_nfs_v4+0x0/0x32 @ 1
[    6.748520] NFS: Registering the id_resolver key type
[    6.755640] Key type id_resolver registered
[    6.760854] Key type id_legacy registered
[    6.766200] initcall init_nfs_v4+0x0/0x32 returned 0 after 17356 usecs
[    6.774075] calling  init_nlm+0x0/0x5b @ 1
[    6.779258] initcall init_nlm+0x0/0x5b returned 0 after 164 usecs
[    6.786967] calling  init_nls_cp437+0x0/0xe @ 1
[    6.793263] initcall init_nls_cp437+0x0/0xe returned 0 after 119 usecs
[    6.801390] calling  init_nls_ascii+0x0/0xe @ 1
[    6.806836] initcall init_nls_ascii+0x0/0xe returned 0 after 2 usecs
[    6.816059] calling  init_nls_iso8859_1+0x0/0xe @ 1
[    6.821963] initcall init_nls_iso8859_1+0x0/0xe returned 0 after 1 usecs
[    6.829914] calling  init_nls_utf8+0x0/0x21 @ 1
[    6.835617] initcall init_nls_utf8+0x0/0x21 returned 0 after 2 usecs
[    6.845069] calling  init_autofs_fs+0x0/0x25 @ 1
[    6.854302] initcall init_autofs_fs+0x0/0x25 returned 0 after 2224 usecs
[    6.864219] calling  ipc_init+0x0/0x24 @ 1
[    6.869970] initcall ipc_init+0x0/0x24 returned 0 after 210 usecs
[    6.877262] calling  ipc_sysctl_init+0x0/0x13 @ 1
[    6.882854] initcall ipc_sysctl_init+0x0/0x13 returned 0 after 13 usecs
[    6.890675] calling  init_mqueue_fs+0x0/0xb1 @ 1
[    6.897536] initcall init_mqueue_fs+0x0/0xb1 returned 0 after 1332 usecs
[    6.905549] calling  key_proc_init+0x0/0x63 @ 1
[    6.911070] initcall key_proc_init+0x0/0x63 returned 0 after 8 usecs
[    6.919889] calling  selinux_nf_ip_init+0x0/0x2e @ 1
[    6.927378] initcall selinux_nf_ip_init+0x0/0x2e returned 0 after 159 usecs
[    6.937524] calling  init_sel_fs+0x0/0x116 @ 1
[    6.944116] initcall init_sel_fs+0x0/0x116 returned 0 after 1 usecs
[    6.951336] calling  selnl_init+0x0/0x7c @ 1
[    6.956841] initcall selnl_init+0x0/0x7c returned 0 after 499 usecs
[    6.964004] calling  sel_netif_init+0x0/0x36 @ 1
[    6.969449] initcall sel_netif_init+0x0/0x36 returned 0 after 0 usecs
[    6.977138] calling  sel_netnode_init+0x0/0x33 @ 1
[    6.982726] initcall sel_netnode_init+0x0/0x33 returned 0 after 0 usecs
[    6.990458] calling  sel_netport_init+0x0/0x33 @ 1
[    6.997260] initcall sel_netport_init+0x0/0x33 returned 0 after 0 usecs
[    7.005048] calling  aurule_init+0x0/0x2a @ 1
[    7.010320] initcall aurule_init+0x0/0x2a returned 0 after 2 usecs
[    7.017781] calling  crypto_algapi_init+0x0/0xc @ 1
[    7.023739] initcall crypto_algapi_init+0x0/0xc returned 0 after 9 usecs
[    7.032307] calling  jent_mod_init+0x0/0x2d @ 1
[    7.049720] initcall jent_mod_init+0x0/0x2d returned 0 after 10496 usecs
[    7.059490] calling  asymmetric_key_init+0x0/0xc @ 1
[    7.066779] Key type asymmetric registered
[    7.071799] initcall asymmetric_key_init+0x0/0xc returned 0 after 4917 usecs
[    7.080118] calling  x509_key_init+0x0/0xc @ 1
[    7.085473] Asymmetric key parser 'x509' registered
[    7.091274] initcall x509_key_init+0x0/0xc returned 0 after 5806 usecs
[    7.099138] calling  proc_genhd_init+0x0/0x41 @ 1
[    7.104733] initcall proc_genhd_init+0x0/0x41 returned 0 after 30 usecs
[    7.112820] calling  bsg_init+0x0/0x113 @ 1
[    7.118280] Block layer SCSI generic (bsg) driver version 0.4 loaded (major 251)
[    7.127515] initcall bsg_init+0x0/0x113 returned 0 after 9320 usecs
[    7.135344] calling  deadline_init+0x0/0xc @ 1
[    7.141086] io scheduler mq-deadline registered
[    7.146697] initcall deadline_init+0x0/0xc returned 0 after 5656 usecs
[    7.154851] calling  kyber_init+0x0/0xc @ 1
[    7.160131] io scheduler kyber registered
[    7.165342] initcall kyber_init+0x0/0xc returned 0 after 5102 usecs
[    7.173247] calling  mod_init+0x0/0x7 @ 1
[    7.178298] initcall mod_init+0x0/0x7 returned 0 after 0 usecs
[    7.185696] calling  sg_pool_init+0x0/0xb4 @ 1
[    7.191885] initcall sg_pool_init+0x0/0xb4 returned 0 after 335 usecs
[    7.201588] calling  pcie_portdrv_init+0x0/0x39 @ 1
[    7.209573] initcall pcie_portdrv_init+0x0/0x39 returned 0 after 664 usecs
[    7.219552] calling  pci_proc_init+0x0/0x68 @ 1
[    7.225169] initcall pci_proc_init+0x0/0x68 returned 0 after 72 usecs
[    7.232900] calling  pci_hotplug_init+0x0/0x7 @ 1
[    7.238649] initcall pci_hotplug_init+0x0/0x7 returned 0 after 0 usecs
[    7.246243] calling  efifb_driver_init+0x0/0xe @ 1
[    7.252199] initcall efifb_driver_init+0x0/0xe returned 0 after 106 usecs
[    7.261782] calling  ged_driver_init+0x0/0xe @ 1
[    7.267748] initcall ged_driver_init+0x0/0xe returned 0 after 163 usecs
[    7.277813] calling  acpi_ac_init+0x0/0x92 @ 1
[    7.283715] initcall acpi_ac_init+0x0/0x92 returned 0 after 347 usecs
[    7.292499] calling  acpi_button_driver_init+0x0/0x52 @ 1
[    7.302317] input: Power Button as /devices/LNXSYSTM:00/LNXPWRBN:00/input/input0
[    7.314915] ACPI: Power Button [PWRF]
[    7.320531] initcall acpi_button_driver_init+0x0/0x52 returned 0 after 19286 usecs
[    7.330571] calling  acpi_fan_driver_init+0x0/0xe @ 1
[    7.337295] initcall acpi_fan_driver_init+0x0/0xe returned 0 after 37 usecs
[    7.346191] calling  acpi_video_init+0x0/0xcb @ 1
[    7.352403] initcall acpi_video_init+0x0/0xcb returned 0 after 255 usecs
[    7.362022] calling  acpi_processor_driver_init+0x0/0xad @ 1
[    7.370694] initcall acpi_processor_driver_init+0x0/0xad returned 0 after 1136 usecs
[    7.380671] calling  acpi_thermal_init+0x0/0x71 @ 1
[    7.387270] initcall acpi_thermal_init+0x0/0x71 returned 0 after 313 usecs
[    7.396219] calling  acpi_battery_init+0x0/0x32 @ 1
[    7.402663] initcall acpi_battery_init+0x0/0x32 returned 0 after 74 usecs
[    7.411335] calling  bgrt_init+0x0/0xb6 @ 1
[    7.417799] initcall bgrt_init+0x0/0xb6 returned -19 after 0 usecs
[    7.427453] calling  gpio_clk_driver_init+0x0/0xe @ 1
[    7.435366] initcall gpio_clk_driver_init+0x0/0xe returned 0 after 89 usecs
[    7.445388] calling  plt_clk_driver_init+0x0/0xe @ 1
[    7.451824] initcall plt_clk_driver_init+0x0/0xe returned 0 after 27 usecs
[    7.460549] calling  virtio_pci_driver_init+0x0/0x15 @ 1
[    7.467495] initcall virtio_pci_driver_init+0x0/0x15 returned 0 after 93 usecs
[    7.476685] calling  n_null_init+0x0/0x1e @ 1
[    7.482405] initcall n_null_init+0x0/0x1e returned 0 after 43 usecs
[    7.490560] calling  pty_init+0x0/0x1e8 @ 1
[    7.497255] initcall pty_init+0x0/0x1e8 returned 0 after 1173 usecs
[    7.505374] calling  sysrq_init+0x0/0x62 @ 1
[    7.511052] initcall sysrq_init+0x0/0x62 returned 0 after 25 usecs
[    7.519665] calling  serial8250_init+0x0/0x17e @ 1
[    7.526949] Serial: 8250/16550 driver, 4 ports, IRQ sharing enabled
[    7.539834] 00:03: ttyS0 at I/O 0x3f8 (irq = 4, base_baud = 115200) is a 16550A
[    7.555214] initcall serial8250_init+0x0/0x17e returned 0 after 27644 usecs
[    7.566195] calling  serial_pci_driver_init+0x0/0x15 @ 1
[    7.575162] initcall serial_pci_driver_init+0x0/0x15 returned 0 after 189 usecs
[    7.585393] calling  exar_pci_driver_init+0x0/0x15 @ 1
[    7.592836] initcall exar_pci_driver_init+0x0/0x15 returned 0 after 82 usecs
[    7.602430] calling  lpss8250_pci_driver_init+0x0/0x15 @ 1
[    7.609708] initcall lpss8250_pci_driver_init+0x0/0x15 returned 0 after 40 usecs
[    7.619696] calling  mid8250_pci_driver_init+0x0/0x15 @ 1
[    7.627332] initcall mid8250_pci_driver_init+0x0/0x15 returned 0 after 41 usecs
[    7.637269] calling  virtio_console_init+0x0/0xff @ 1
[    7.644719] initcall virtio_console_init+0x0/0xff returned 0 after 591 usecs
[    7.654097] calling  hpet_init+0x0/0x64 @ 1
[    7.661080] initcall hpet_init+0x0/0x64 returned 0 after 944 usecs
[    7.669489] calling  nvram_module_init+0x0/0x83 @ 1
[    7.676643] Non-volatile memory driver v1.3
[    7.682646] initcall nvram_module_init+0x0/0x83 returned 0 after 6184 usecs
[    7.692031] calling  hwrng_modinit+0x0/0x8a @ 1
[    7.698749] initcall hwrng_modinit+0x0/0x8a returned 0 after 384 usecs
[    7.708089] calling  mod_init+0x0/0x48 @ 1
[    7.713881] initcall mod_init+0x0/0x48 returned -19 after 0 usecs
[    7.722708] calling  agp_init+0x0/0x23 @ 1
[    7.728969] Linux agpgart interface v0.103
[    7.735344] initcall agp_init+0x0/0x23 returned 0 after 6222 usecs
[    7.745167] calling  agp_amd64_mod_init+0x0/0x5 @ 1
[    7.753598] initcall agp_amd64_mod_init+0x0/0x5 returned -19 after 320 usecs
[    7.764756] calling  agp_intel_init+0x0/0x28 @ 1
[    7.774755] initcall agp_intel_init+0x0/0x28 returned 0 after 874 usecs
[    7.785096] calling  drm_kms_helper_init+0x0/0x7 @ 1
[    7.793174] initcall drm_kms_helper_init+0x0/0x7 returned 0 after 39 usecs
[    7.804148] calling  drm_core_init+0x0/0xbd @ 1
[    7.810986] initcall drm_core_init+0x0/0xbd returned 0 after 283 usecs
[    7.819438] calling  i915_init+0x0/0x6b @ 1
[    7.827290] initcall i915_init+0x0/0x6b returned 0 after 1962 usecs
[    7.837772] calling  cn_proc_init+0x0/0x35 @ 1
[    7.845621] initcall cn_proc_init+0x0/0x35 returned 0 after 162 usecs
[    7.857711] calling  topology_sysfs_init+0x0/0x27 @ 1
[    7.865652] initcall topology_sysfs_init+0x0/0x27 returned 0 after 79 usecs
[    7.874878] calling  cacheinfo_sysfs_init+0x0/0x27 @ 1
[    7.882462] initcall cacheinfo_sysfs_init+0x0/0x27 returned 0 after 581 usecs
[    7.892436] calling  loop_init+0x0/0x16a @ 1
[    7.930852] loop: module loaded
[    7.935591] initcall loop_init+0x0/0x16a returned 0 after 36082 usecs
[    7.945028] calling  mac_hid_init+0x0/0x21 @ 1
[    7.951449] initcall mac_hid_init+0x0/0x21 returned 0 after 10 usecs
[    7.960944] calling  spi_transport_init+0x0/0x74 @ 1
[    7.968375] initcall spi_transport_init+0x0/0x74 returned 0 after 237 usecs
[    7.978485] calling  init_sd+0x0/0x18c @ 1
[    7.984626] initcall init_sd+0x0/0x18c returned 0 after 227 usecs
[    7.993589] calling  init_sr+0x0/0x43 @ 1
[    7.999243] initcall init_sr+0x0/0x43 returned 0 after 63 usecs
[    8.007413] calling  init_sg+0x0/0x1c0 @ 1
[    8.013554] initcall init_sg+0x0/0x1c0 returned 0 after 300 usecs
[    8.022087] calling  ahci_pci_driver_init+0x0/0x15 @ 1
[    8.029811] ahci 0000:00:1f.2: version 3.0
[    8.039269] PCI Interrupt Link [GSIA] enabled at IRQ 16
[    8.058961] ahci 0000:00:1f.2: AHCI 0001.0000 32 slots 6 ports 1.5 Gbps 0x3f impl SATA mode
[    8.071229] ahci 0000:00:1f.2: flags: 64bit ncq only 
[    8.093501] scsi host0: ahci
[    8.102341] scsi host1: ahci
[    8.108619] scsi host2: ahci
[    8.115722] scsi host3: ahci
[    8.122320] scsi host4: ahci
[    8.128383] scsi host5: ahci
[    8.135854] ata1: SATA max UDMA/133 abar m4096@0xfebf1000 port 0xfebf1100 irq 24
[    8.148653] ata2: SATA max UDMA/133 abar m4096@0xfebf1000 port 0xfebf1180 irq 24
[    8.160411] ata3: SATA max UDMA/133 abar m4096@0xfebf1000 port 0xfebf1200 irq 24
[    8.172407] ata4: SATA max UDMA/133 abar m4096@0xfebf1000 port 0xfebf1280 irq 24
[    8.184893] ata5: SATA max UDMA/133 abar m4096@0xfebf1000 port 0xfebf1300 irq 24
[    8.196281] ata6: SATA max UDMA/133 abar m4096@0xfebf1000 port 0xfebf1380 irq 24
[    8.210318] initcall ahci_pci_driver_init+0x0/0x15 returned 0 after 176844 usecs
[    8.221496] calling  piix_init+0x0/0x26 @ 1
[    8.229327] initcall piix_init+0x0/0x26 returned 0 after 232 usecs
[    8.239641] calling  amd_pci_driver_init+0x0/0x15 @ 1
[    8.248338] initcall amd_pci_driver_init+0x0/0x15 returned 0 after 139 usecs
[    8.260448] calling  oldpiix_pci_driver_init+0x0/0x15 @ 1
[    8.269973] initcall oldpiix_pci_driver_init+0x0/0x15 returned 0 after 106 usecs
[    8.282605] calling  sch_pci_driver_init+0x0/0x15 @ 1
[    8.291157] initcall sch_pci_driver_init+0x0/0x15 returned 0 after 251 usecs
[    8.301410] calling  net_olddevs_init+0x0/0x55 @ 1
[    8.309874] initcall net_olddevs_init+0x0/0x55 returned 0 after 202 usecs
[    8.319645] calling  blackhole_netdev_init+0x0/0x78 @ 1
[    8.328402] initcall blackhole_netdev_init+0x0/0x78 returned 0 after 684 usecs
[    8.340962] calling  phy_module_init+0x0/0x13 @ 1
[    8.349831] initcall phy_module_init+0x0/0x13 returned 0 after 574 usecs
[    8.361285] calling  tg3_driver_init+0x0/0x15 @ 1
[    8.368882] initcall tg3_driver_init+0x0/0x15 returned 0 after 115 usecs
[    8.380388] calling  e100_init_module+0x0/0x4c @ 1
[    8.388726] e100: Intel(R) PRO/100 Network Driver
[    8.396399] e100: Copyright(c) 1999-2006 Intel Corporation
[    8.403956] initcall e100_init_module+0x0/0x4c returned 0 after 14871 usecs
[    8.414597] calling  e1000_init_module+0x0/0x72 @ 1
[    8.423419] e1000: Intel(R) PRO/1000 Network Driver
[    8.431870] e1000: Copyright (c) 1999-2006 Intel Corporation.
[    8.442240] initcall e1000_init_module+0x0/0x72 returned 0 after 18435 usecs
[    8.454542] calling  e1000_init_module+0x0/0x2d @ 1
[    8.463478] e1000e: Intel(R) PRO/1000 Network Driver
[    8.472478] e1000e: Copyright(c) 1999 - 2015 Intel Corporation.
[    8.481668] initcall e1000_init_module+0x0/0x2d returned 0 after 17788 usecs
[    8.492149] calling  sky2_init_module+0x0/0x21 @ 1
[    8.499110] sky2: driver version 1.30
[    8.505090] initcall sky2_init_module+0x0/0x21 returned 0 after 5837 usecs
[    8.515657] calling  forcedeth_pci_driver_init+0x0/0x15 @ 1
[    8.523548] initcall forcedeth_pci_driver_init+0x0/0x15 returned 0 after 237 usecs
[    8.534082] calling  rtl8139_init_module+0x0/0x15 @ 1
[    8.542259] initcall rtl8139_init_module+0x0/0x15 returned 0 after 384 usecs
[    8.553119] calling  rtl8169_pci_driver_init+0x0/0x15 @ 1
[    8.564565] initcall rtl8169_pci_driver_init+0x0/0x15 returned 0 after 85 usecs
[    8.575940] calling  cdrom_init+0x0/0xc @ 1
[    8.583992] initcall cdrom_init+0x0/0xc returned 0 after 519 usecs
[    8.616260] calling  nonstatic_sysfs_init+0x0/0xc @ 1
[    8.632421] initcall nonstatic_sysfs_init+0x0/0xc returned 0 after 2501 usecs
[    8.642859] calling  yenta_cardbus_driver_init+0x0/0x15 @ 1
[    8.662215] initcall yenta_cardbus_driver_init+0x0/0x15 returned 0 after 10285 usecs
[    8.674278] calling  mon_init+0x0/0x144 @ 1
[    8.729001] initcall mon_init+0x0/0x144 returned 0 after 46687 usecs
[    8.738841] calling  ehci_hcd_init+0x0/0x55 @ 1
[    8.745564] ehci_hcd: USB 2.0 'Enhanced' Host Controller (EHCI) Driver
[    8.754940] initcall ehci_hcd_init+0x0/0x55 returned 0 after 9354 usecs
[    8.765065] calling  ehci_pci_init+0x0/0x64 @ 1
[    8.771864] ehci-pci: EHCI PCI platform driver
[    8.779360] initcall ehci_pci_init+0x0/0x64 returned 0 after 7317 usecs
[    8.789095] calling  ohci_hcd_mod_init+0x0/0x4d @ 1
[    8.796482] ohci_hcd: USB 1.1 'Open' Host Controller (OHCI) Driver
[    8.805845] initcall ohci_hcd_mod_init+0x0/0x4d returned 0 after 9140 usecs
[    8.816351] calling  ohci_pci_init+0x0/0x64 @ 1
[    8.824231] ohci-pci: OHCI PCI platform driver
[    8.831791] initcall ohci_pci_init+0x0/0x64 returned 0 after 7594 usecs
[    8.842327] calling  uhci_hcd_init+0x0/0xa6 @ 1
[    8.850151] uhci_hcd: USB Universal Host Controller Interface driver
[    8.862177] initcall uhci_hcd_init+0x0/0xa6 returned 0 after 11741 usecs
[    8.872977] calling  xhci_hcd_init+0x0/0x1e @ 1
[    8.880338] initcall xhci_hcd_init+0x0/0x1e returned 0 after 165 usecs
[    8.890779] calling  xhci_pci_init+0x0/0x49 @ 1
[    8.898263] initcall xhci_pci_init+0x0/0x49 returned 0 after 581 usecs
[    8.908235] calling  usblp_driver_init+0x0/0x15 @ 1
[    8.917202] usbcore: registered new interface driver usblp
[    8.926214] initcall usblp_driver_init+0x0/0x15 returned 0 after 10266 usecs
[    8.938840] calling  usb_storage_driver_init+0x0/0x2a @ 1
[    8.949398] usbcore: registered new interface driver usb-storage
[    8.960068] initcall usb_storage_driver_init+0x0/0x2a returned 0 after 10556 usecs
[    8.973710] calling  i8042_init+0x0/0x4c2 @ 1
[    8.984878] i8042: PNP: PS/2 Controller [PNP0303:KBD,PNP0f13:MOU] at 0x60,0x64 irq 1,12
[    9.015169] serio: i8042 KBD port at 0x60,0x64 irq 1
[    9.024995] serio: i8042 AUX port at 0x60,0x64 irq 12
[    9.034432] initcall i8042_init+0x0/0x4c2 returned 0 after 51623 usecs
[    9.046178] calling  serport_init+0x0/0x2c @ 1
[    9.054728] initcall serport_init+0x0/0x2c returned 0 after 200 usecs
[    9.066463] calling  input_leds_init+0x0/0xc @ 1
[    9.075394] initcall input_leds_init+0x0/0xc returned 0 after 437 usecs
[    9.087298] calling  evdev_init+0x0/0xc @ 1
[    9.103924] initcall evdev_init+0x0/0xc returned 0 after 8653 usecs
[    9.114783] calling  atkbd_init+0x0/0x21 @ 1
[    9.122618] initcall atkbd_init+0x0/0x21 returned 0 after 116 usecs
[    9.133740] calling  psmouse_init+0x0/0x7f @ 1
[    9.142830] initcall psmouse_init+0x0/0x7f returned 0 after 650 usecs
[    9.153520] calling  cmos_init+0x0/0x73 @ 1
[    9.161891] rtc_cmos 00:04: RTC can wake from S4
[    9.182868] input: AT Translated Set 2 keyboard as /devices/platform/i8042/serio0/input/input1
[    9.203092] ata5: SATA link down (SStatus 0 SControl 300)
[    9.216309] ata4: SATA link down (SStatus 0 SControl 300)
[    9.228088] ata3: SATA link up 1.5 Gbps (SStatus 113 SControl 300)
[    9.239964] ata3.00: ATAPI: QEMU DVD-ROM, 2.5+, max UDMA/100
[    9.249276] ata3.00: applying bridge limits
[    9.258095] ata3.00: configured for UDMA/100
[    9.268322] ata1: SATA link down (SStatus 0 SControl 300)
[    9.279939] ata2: SATA link down (SStatus 0 SControl 300)
[    9.305376] scsi 2:0:0:0: CD-ROM            QEMU     QEMU DVD-ROM     2.5+ PQ: 0 ANSI: 5
[    9.358646] sr 2:0:0:0: [sr0] scsi3-mmc drive: 4x/4x cd/rw xa/form2 tray
[    9.369950] cdrom: Uniform CD-ROM driver Revision: 3.20
[    9.380681] rtc_cmos 00:04: registered as rtc0
[    9.388883] rtc_cmos 00:04: alarms up to one day, y3k, 242 bytes nvram, hpet irqs
[    9.401331] initcall cmos_init+0x0/0x73 returned 0 after 235721 usecs
[    9.411793] calling  smbalert_driver_init+0x0/0xe @ 1
[    9.420029] initcall smbalert_driver_init+0x0/0xe returned 0 after 261 usecs
[    9.431302] calling  i2c_i801_init+0x0/0xc5 @ 1
[    9.451825] i801_smbus 0000:00:1f.3: SMBus using PCI interrupt
[    9.465413] i2c i2c-0: 1/1 memory slots populated (from DMI)
[    9.474970] i2c i2c-0: Memory type 0x07 not supported yet, not instantiating SPD
[    9.486536] initcall i2c_i801_init+0x0/0xc5 returned 0 after 46492 usecs
[    9.497520] calling  ptp_kvm_init+0x0/0xf0 @ 1
[    9.510710] ata6: SATA link down (SStatus 0 SControl 300)
[    9.548391] sr 2:0:0:0: Attached scsi CD-ROM sr0
[    9.558488] sr 2:0:0:0: Attached scsi generic sg0 type 5
[    9.581692] initcall ptp_kvm_init+0x0/0xf0 returned 0 after 75781 usecs
[    9.593097] calling  dm_init+0x0/0x3c @ 1
[    9.603962] device-mapper: ioctl: 4.43.0-ioctl (2020-10-01) initialised: dm-devel@redhat.com
[    9.618196] initcall dm_init+0x0/0x3c returned 0 after 18015 usecs
[    9.628255] calling  dm_mirror_init+0x0/0x29 @ 1
[    9.635380] initcall dm_mirror_init+0x0/0x29 returned 0 after 29 usecs
[    9.645736] calling  dm_dirty_log_init+0x0/0x4f @ 1
[    9.654367] initcall dm_dirty_log_init+0x0/0x4f returned 0 after 616 usecs
[    9.665279] calling  dm_zero_init+0x0/0x29 @ 1
[    9.672659] initcall dm_zero_init+0x0/0x29 returned 0 after 3 usecs
[    9.682110] calling  intel_pstate_init+0x0/0x4a4 @ 1
[    9.690212] intel_pstate: CPU model not supported
[    9.697773] initcall intel_pstate_init+0x0/0x4a4 returned -19 after 7425 usecs
[    9.710148] calling  haltpoll_init+0x0/0xc0 @ 1
[    9.717799] initcall haltpoll_init+0x0/0xc0 returned -19 after 48 usecs
[    9.729971] calling  efivars_sysfs_init+0x0/0x30 @ 1
[    9.738916] initcall efivars_sysfs_init+0x0/0x30 returned 0 after 84 usecs
[    9.751466] calling  esrt_sysfs_init+0x0/0x2a2 @ 1
[    9.760323] initcall esrt_sysfs_init+0x0/0x2a2 returned -38 after 77 usecs
[    9.772757] calling  hid_init+0x0/0x5c @ 1
[    9.780365] hid: raw HID events driver (C) Jiri Kosina
[    9.789169] initcall hid_init+0x0/0x5c returned 0 after 9035 usecs
[    9.799188] calling  hid_generic_init+0x0/0x15 @ 1
[    9.807451] initcall hid_generic_init+0x0/0x15 returned 0 after 248 usecs
[    9.818331] calling  a4_driver_init+0x0/0x15 @ 1
[    9.826198] initcall a4_driver_init+0x0/0x15 returned 0 after 101 usecs
[    9.837020] calling  apple_driver_init+0x0/0x15 @ 1
[    9.845245] initcall apple_driver_init+0x0/0x15 returned 0 after 358 usecs
[    9.855768] calling  belkin_driver_init+0x0/0x15 @ 1
[    9.863685] initcall belkin_driver_init+0x0/0x15 returned 0 after 100 usecs
[    9.874573] calling  ch_driver_init+0x0/0x15 @ 1
[    9.882319] initcall ch_driver_init+0x0/0x15 returned 0 after 42 usecs
[    9.892839] calling  ch_driver_init+0x0/0x15 @ 1
[    9.900282] initcall ch_driver_init+0x0/0x15 returned 0 after 38 usecs
[    9.910540] calling  cp_driver_init+0x0/0x15 @ 1
[    9.918397] initcall cp_driver_init+0x0/0x15 returned 0 after 39 usecs
[    9.928887] calling  ez_driver_init+0x0/0x15 @ 1
[    9.936104] initcall ez_driver_init+0x0/0x15 returned 0 after 36 usecs
[    9.946860] calling  gyration_driver_init+0x0/0x15 @ 1
[    9.955565] initcall gyration_driver_init+0x0/0x15 returned 0 after 103 usecs
[    9.965917] calling  ite_driver_init+0x0/0x15 @ 1
[    9.973908] initcall ite_driver_init+0x0/0x15 returned 0 after 36 usecs
[    9.984791] calling  ks_driver_init+0x0/0x15 @ 1
[    9.992152] initcall ks_driver_init+0x0/0x15 returned 0 after 201 usecs
[   10.002531] calling  lg_driver_init+0x0/0x15 @ 1
[   10.009948] initcall lg_driver_init+0x0/0x15 returned 0 after 95 usecs
[   10.020371] calling  lg_g15_driver_init+0x0/0x15 @ 1
[   10.028319] initcall lg_g15_driver_init+0x0/0x15 returned 0 after 308 usecs
[   10.038854] calling  ms_driver_init+0x0/0x15 @ 1
[   10.045934] initcall ms_driver_init+0x0/0x15 returned 0 after 42 usecs
[   10.055853] calling  mr_driver_init+0x0/0x15 @ 1
[   10.062659] initcall mr_driver_init+0x0/0x15 returned 0 after 38 usecs
[   10.075783] calling  ntrig_driver_init+0x0/0x15 @ 1
[   10.082981] initcall ntrig_driver_init+0x0/0x15 returned 0 after 51 usecs
[   10.093536] calling  pl_driver_init+0x0/0x15 @ 1
[   10.101250] initcall pl_driver_init+0x0/0x15 returned 0 after 115 usecs
[   10.111391] calling  pl_driver_init+0x0/0x15 @ 1
[   10.120484] initcall pl_driver_init+0x0/0x15 returned 0 after 275 usecs
[   10.131138] calling  redragon_driver_init+0x0/0x15 @ 1
[   10.139007] initcall redragon_driver_init+0x0/0x15 returned 0 after 38 usecs
[   10.150482] calling  samsung_driver_init+0x0/0x15 @ 1
[   10.159218] initcall samsung_driver_init+0x0/0x15 returned 0 after 222 usecs
[   10.170611] calling  sony_init+0x0/0x38 @ 1
[   10.177779] initcall sony_init+0x0/0x38 returned 0 after 46 usecs
[   10.187582] calling  sp_driver_init+0x0/0x15 @ 1
[   10.195348] initcall sp_driver_init+0x0/0x15 returned 0 after 356 usecs
[   10.205608] calling  ts_driver_init+0x0/0x15 @ 1
[   10.212813] initcall ts_driver_init+0x0/0x15 returned 0 after 40 usecs
[   10.222884] calling  hid_init+0x0/0x58 @ 1
[   10.230256] usbcore: registered new interface driver usbhid
[   10.239703] usbhid: USB HID core driver
[   10.246659] initcall hid_init+0x0/0x58 returned 0 after 16276 usecs
[   10.257773] calling  eeepc_laptop_init+0x0/0x57 @ 1
[   10.267303] initcall eeepc_laptop_init+0x0/0x57 returned -19 after 652 usecs
[   10.279885] calling  pmc_atom_init+0x0/0x27a @ 1
[   10.288460] initcall pmc_atom_init+0x0/0x27a returned -19 after 131 usecs
[   10.300978] calling  alsa_hwdep_init+0x0/0x5e @ 1
[   10.310194] initcall alsa_hwdep_init+0x0/0x5e returned 0 after 604 usecs
[   10.321856] calling  alsa_timer_init+0x0/0x1f9 @ 1
[   10.560688] input: ImExPS/2 Generic Explorer Mouse as /devices/platform/i8042/serio1/input/input3
[   11.198050] initcall alsa_timer_init+0x0/0x1f9 returned 0 after 846763 usecs
[   11.211671] calling  snd_hrtimer_init+0x0/0x117 @ 1
[   11.219851] initcall snd_hrtimer_init+0x0/0x117 returned 0 after 396 usecs
[   11.229829] calling  alsa_pcm_init+0x0/0x64 @ 1
[   11.237755] initcall alsa_pcm_init+0x0/0x64 returned 0 after 1153 usecs
[   11.247813] calling  alsa_seq_init+0x0/0x4a @ 1
[   11.347547] initcall alsa_seq_init+0x0/0x4a returned 0 after 90609 usecs
[   11.358985] calling  alsa_seq_dummy_init+0x0/0x9c @ 1
[   11.368471] initcall alsa_seq_dummy_init+0x0/0x9c returned 0 after 718 usecs
[   11.380654] calling  azx_driver_init+0x0/0x15 @ 1
[   11.393948] initcall azx_driver_init+0x0/0x15 returned 0 after 4981 usecs
[   11.404871] calling  sock_diag_init+0x0/0x2a @ 1
[   11.417853] initcall sock_diag_init+0x0/0x2a returned 0 after 5194 usecs
[   11.429094] calling  blackhole_init+0x0/0xc @ 1
[   11.436880] initcall blackhole_init+0x0/0xc returned 0 after 74 usecs
[   11.447709] calling  nfnetlink_init+0x0/0x61 @ 1
[   11.456460] initcall nfnetlink_init+0x0/0x61 returned 0 after 857 usecs
[   11.466888] calling  nfnetlink_log_init+0x0/0x99 @ 1
[   11.475378] initcall nfnetlink_log_init+0x0/0x99 returned 0 after 717 usecs
[   11.486225] calling  nf_conntrack_standalone_init+0x0/0x87 @ 1
[   11.498568] initcall nf_conntrack_standalone_init+0x0/0x87 returned 0 after 2765 usecs
[   11.511410] calling  ctnetlink_init+0x0/0x83 @ 1
[   11.518873] initcall ctnetlink_init+0x0/0x83 returned 0 after 47 usecs
[   11.528216] calling  nf_conntrack_ftp_init+0x0/0x12c @ 1
[   11.536125] initcall nf_conntrack_ftp_init+0x0/0x12c returned 0 after 43 usecs
[   11.545939] calling  nf_conntrack_irc_init+0x0/0x129 @ 1
[   11.553476] initcall nf_conntrack_irc_init+0x0/0x129 returned 0 after 60 usecs
[   11.563234] calling  nf_conntrack_sip_init+0x0/0x172 @ 1
[   11.576582] initcall nf_conntrack_sip_init+0x0/0x172 returned 0 after 10 usecs
[   11.589128] calling  nf_nat_init+0x0/0xf0 @ 1
[   11.596545] initcall nf_nat_init+0x0/0xf0 returned 0 after 401 usecs
[   11.606636] calling  nf_nat_ftp_init+0x0/0x2a @ 1
[   11.614094] initcall nf_nat_ftp_init+0x0/0x2a returned 0 after 38 usecs
[   11.624618] calling  nf_nat_irc_init+0x0/0x2a @ 1
[   11.631700] initcall nf_nat_irc_init+0x0/0x2a returned 0 after 2 usecs
[   11.640968] calling  nf_nat_sip_init+0x0/0x36 @ 1
[   11.647844] initcall nf_nat_sip_init+0x0/0x36 returned 0 after 3 usecs
[   11.656966] calling  xt_init+0x0/0x113 @ 1
[   11.662210] initcall xt_init+0x0/0x113 returned 0 after 79 usecs
[   11.671064] calling  tcpudp_mt_init+0x0/0x11 @ 1
[   11.677952] initcall tcpudp_mt_init+0x0/0x11 returned 0 after 290 usecs
[   11.689932] calling  connsecmark_tg_init+0x0/0xc @ 1
[   11.697438] initcall connsecmark_tg_init+0x0/0xc returned 0 after 2 usecs
[   11.707700] calling  nflog_tg_init+0x0/0xc @ 1
[   11.714360] initcall nflog_tg_init+0x0/0xc returned 0 after 1 usecs
[   11.723498] calling  secmark_tg_init+0x0/0x11 @ 1
[   11.730004] initcall secmark_tg_init+0x0/0x11 returned 0 after 2 usecs
[   11.738667] calling  tcpmss_tg_init+0x0/0x11 @ 1
[   11.744819] initcall tcpmss_tg_init+0x0/0x11 returned 0 after 2 usecs
[   11.753907] calling  conntrack_mt_init+0x0/0x11 @ 1
[   11.760597] initcall conntrack_mt_init+0x0/0x11 returned 0 after 2 usecs
[   11.769428] calling  policy_mt_init+0x0/0x11 @ 1
[   11.775411] initcall policy_mt_init+0x0/0x11 returned 0 after 2 usecs
[   11.787755] calling  state_mt_init+0x0/0xc @ 1
[   11.793612] initcall state_mt_init+0x0/0xc returned 0 after 1 usecs
[   11.801759] calling  gre_offload_init+0x0/0x48 @ 1
[   11.817434] initcall gre_offload_init+0x0/0x48 returned 0 after 406 usecs
[   11.830428] calling  sysctl_ipv4_init+0x0/0x46 @ 1
[   11.837494] initcall sysctl_ipv4_init+0x0/0x46 returned 0 after 253 usecs
[   11.848766] calling  tunnel4_init+0x0/0x58 @ 1
[   11.856156] initcall tunnel4_init+0x0/0x58 returned 0 after 124 usecs
[   11.874083] calling  nf_defrag_init+0x0/0xc @ 1
[   11.882413] initcall nf_defrag_init+0x0/0xc returned 0 after 32 usecs
[   11.893079] calling  ip_tables_init+0x0/0x8d @ 1
[   11.901299] initcall ip_tables_init+0x0/0x8d returned 0 after 236 usecs
[   11.911837] calling  iptable_filter_init+0x0/0x4c @ 1
[   11.921819] initcall iptable_filter_init+0x0/0x4c returned 0 after 1943 usecs
[   11.932026] calling  iptable_mangle_init+0x0/0xb8 @ 1
[   11.939507] initcall iptable_mangle_init+0x0/0xb8 returned 0 after 159 usecs
[   11.950535] calling  reject_tg_init+0x0/0xc @ 1
[   11.957702] initcall reject_tg_init+0x0/0xc returned 0 after 2 usecs
[   11.967934] calling  cubictcp_register+0x0/0x53 @ 1
[   11.975694] initcall cubictcp_register+0x0/0x53 returned 0 after 55 usecs
[   11.986043] calling  xfrm_user_init+0x0/0x45 @ 1
[   11.993402] Initializing XFRM netlink socket
[   12.000432] initcall xfrm_user_init+0x0/0x45 returned 0 after 6860 usecs
[   12.011035] calling  inet6_init+0x0/0x35e @ 1
[   12.032203] NET: Registered protocol family 10
[   12.049977] srcud-torture: rcu_torture_read_exit: End of episode
[   12.062531] Segment Routing with IPv6
[   12.068148] initcall inet6_init+0x0/0x35e returned 0 after 47231 usecs
[   12.078173] calling  ah6_init+0x0/0x71 @ 1
[   12.084614] initcall ah6_init+0x0/0x71 returned 0 after 86 usecs
[   12.093625] calling  esp6_init+0x0/0x71 @ 1
[   12.099956] initcall esp6_init+0x0/0x71 returned 0 after 2 usecs
[   12.108757] calling  ip6_tables_init+0x0/0x8d @ 1
[   12.115793] initcall ip6_tables_init+0x0/0x8d returned 0 after 87 usecs
[   12.128769] calling  ip6table_filter_init+0x0/0x4c @ 1
[   12.136754] initcall ip6table_filter_init+0x0/0x4c returned 0 after 324 usecs
[   12.160457] calling  ip6table_mangle_init+0x0/0xb8 @ 1
[   12.170503] initcall ip6table_mangle_init+0x0/0xb8 returned 0 after 192 usecs
[   12.186807] calling  nf_defrag_init+0x0/0x45 @ 1
[   12.193804] initcall nf_defrag_init+0x0/0x45 returned 0 after 65 usecs
[   12.203517] calling  ipv6header_mt6_init+0x0/0xc @ 1
[   12.210946] initcall ipv6header_mt6_init+0x0/0xc returned 0 after 2 usecs
[   12.221053] calling  reject_tg6_init+0x0/0xc @ 1
[   12.228010] initcall reject_tg6_init+0x0/0xc returned 0 after 2 usecs
[   12.238016] calling  sit_init+0x0/0xc3 @ 1
[   12.244143] sit: IPv6, IPv4 and MPLS over IPv4 tunneling driver
[   12.255736] initcall sit_init+0x0/0xc3 returned 0 after 11317 usecs
[   12.266437] calling  packet_init+0x0/0x75 @ 1
[   12.273254] NET: Registered protocol family 17
[   12.280497] initcall packet_init+0x0/0x75 returned 0 after 7239 usecs
[   12.290759] calling  init_rpcsec_gss+0x0/0x60 @ 1
[   12.299266] initcall init_rpcsec_gss+0x0/0x60 returned 0 after 1305 usecs
