c[?7l[2J[0mSeaBIOS (version 1.16.0-debian-1.16.0-4)
Booting from ROM...
early console in setup code
c[?7l[2J[    0.000000] Linux version 5.10.156+ (root@joelboxx.c.googlers.com) (gcc (Debian 12.2.0-3) 12.2.0, GNU ld (GNU Binutils for Debian) 2.39) #19 PREEMPT Tue Dec 13 04:45:02 UTC 2022
[    0.000000] Command line: selinux=0 initcall_debug debug console=ttyS0 rcutorture.n_barrier_cbs=4 rcutorture.stat_interval=15 rcutorture.shutdown_secs=1800 rcutorture.test_no_idle_hz=1 rcutorture.verbose=1
[    0.000000] x86/fpu: x87 FPU will use FXSAVE
[    0.000000] BIOS-provided physical RAM map:
[    0.000000] BIOS-e820: [mem 0x0000000000000000-0x000000000009fbff] usable
[    0.000000] BIOS-e820: [mem 0x000000000009fc00-0x000000000009ffff] reserved
[    0.000000] BIOS-e820: [mem 0x00000000000f0000-0x00000000000fffff] reserved
[    0.000000] BIOS-e820: [mem 0x0000000000100000-0x000000001ffdefff] usable
[    0.000000] BIOS-e820: [mem 0x000000001ffdf000-0x000000001fffffff] reserved
[    0.000000] BIOS-e820: [mem 0x00000000b0000000-0x00000000bfffffff] reserved
[    0.000000] BIOS-e820: [mem 0x00000000fed1c000-0x00000000fed1ffff] reserved
[    0.000000] BIOS-e820: [mem 0x00000000feffc000-0x00000000feffffff] reserved
[    0.000000] BIOS-e820: [mem 0x00000000fffc0000-0x00000000ffffffff] reserved
[    0.000000] NX (Execute Disable) protection: active
[    0.000000] SMBIOS 2.8 present.
[    0.000000] DMI: QEMU Standard PC (Q35 + ICH9, 2009), BIOS 1.16.0-debian-1.16.0-4 04/01/2014
[    0.000000] Hypervisor detected: KVM
[    0.000000] kvm-clock: Using msrs 4b564d01 and 4b564d00
[    0.000000] kvm-clock: cpu 0, msr 8266001, primary cpu clock
[    0.000001] kvm-clock: using sched offset of 2120372204 cycles
[    0.000263] clocksource: kvm-clock: mask: 0xffffffffffffffff max_cycles: 0x1cd42e4dffb, max_idle_ns: 881590591483 ns
[    0.000389] tsc: Detected 1999.999 MHz processor
[    0.009451] e820: update [mem 0x00000000-0x00000fff] usable ==> reserved
[    0.009458] e820: remove [mem 0x000a0000-0x000fffff] usable
[    0.009467] last_pfn = 0x1ffdf max_arch_pfn = 0x400000000
[    0.010620] MTRR default type: write-back
[    0.010701] MTRR fixed ranges enabled:
[    0.010705]   00000-9FFFF write-back
[    0.010707]   A0000-BFFFF uncachable
[    0.010708]   C0000-FFFFF write-protect
[    0.010709] MTRR variable ranges enabled:
[    0.010712]   0 base 00C0000000 mask FFC0000000 uncachable
[    0.010713]   1 disabled
[    0.010714]   2 disabled
[    0.010715]   3 disabled
[    0.010716]   4 disabled
[    0.010717]   5 disabled
[    0.010718]   6 disabled
[    0.010718]   7 disabled
[    0.011141] x86/PAT: Configuration [0-7]: WB  WC  UC- UC  WB  WC  UC- UC  
[    0.023070] found SMP MP-table at [mem 0x000f5ba0-0x000f5baf]
[    0.026303] check: Scanning 1 areas for low memory corruption
[    0.038121] ACPI: Early table checksum verification disabled
[    0.039946] ACPI: RSDP 0x00000000000F59E0 000014 (v00 BOCHS )
[    0.040386] ACPI: RSDT 0x000000001FFE229A 000038 (v01 BOCHS  BXPC     00000001 BXPC 00000001)
[    0.040665] ACPI: FACP 0x000000001FFE2092 0000F4 (v03 BOCHS  BXPC     00000001 BXPC 00000001)
[    0.040797] ACPI: DSDT 0x000000001FFE0040 002052 (v01 BOCHS  BXPC     00000001 BXPC 00000001)
[    0.040804] ACPI: FACS 0x000000001FFE0000 000040
[    0.040809] ACPI: APIC 0x000000001FFE2186 000078 (v01 BOCHS  BXPC     00000001 BXPC 00000001)
[    0.040815] ACPI: HPET 0x000000001FFE21FE 000038 (v01 BOCHS  BXPC     00000001 BXPC 00000001)
[    0.040821] ACPI: MCFG 0x000000001FFE2236 00003C (v01 BOCHS  BXPC     00000001 BXPC 00000001)
[    0.040827] ACPI: WAET 0x000000001FFE2272 000028 (v01 BOCHS  BXPC     00000001 BXPC 00000001)
[    0.040833] ACPI: Reserving FACP table memory at [mem 0x1ffe2092-0x1ffe2185]
[    0.040835] ACPI: Reserving DSDT table memory at [mem 0x1ffe0040-0x1ffe2091]
[    0.040837] ACPI: Reserving FACS table memory at [mem 0x1ffe0000-0x1ffe003f]
[    0.040839] ACPI: Reserving APIC table memory at [mem 0x1ffe2186-0x1ffe21fd]
[    0.040841] ACPI: Reserving HPET table memory at [mem 0x1ffe21fe-0x1ffe2235]
[    0.040889] ACPI: Reserving MCFG table memory at [mem 0x1ffe2236-0x1ffe2271]
[    0.040890] ACPI: Reserving WAET table memory at [mem 0x1ffe2272-0x1ffe2299]
[    0.041967] ACPI: Local APIC address 0xfee00000
[    0.044280] Zone ranges:
[    0.044392]   DMA      [mem 0x0000000000001000-0x0000000000ffffff]
[    0.044507]   DMA32    [mem 0x0000000001000000-0x000000001ffdefff]
[    0.044564]   Normal   empty
[    0.044566] Movable zone start for each node
[    0.044567] Early memory node ranges
[    0.044569]   node   0: [mem 0x0000000000001000-0x000000000009efff]
[    0.044624]   node   0: [mem 0x0000000000100000-0x000000001ffdefff]
[    0.044674] Initmem setup node 0 [mem 0x0000000000001000-0x000000001ffdefff]
[    0.044678] On node 0 totalpages: 130941
[    0.044811]   DMA zone: 64 pages used for memmap
[    0.044812]   DMA zone: 21 pages reserved
[    0.044887]   DMA zone: 3998 pages, LIFO batch:0
[    0.044889]   DMA32 zone: 1984 pages used for memmap
[    0.044890]   DMA32 zone: 126943 pages, LIFO batch:31
[    0.054317] On node 0, zone DMA: 1 pages in unavailable ranges
[    0.058463] On node 0, zone DMA: 97 pages in unavailable ranges
[    0.167989] On node 0, zone DMA32: 33 pages in unavailable ranges
[    0.175531] ACPI: PM-Timer IO Port: 0x608
[    0.175587] ACPI: Local APIC address 0xfee00000
[    0.176266] ACPI: LAPIC_NMI (acpi_id[0xff] dfl dfl lint[0x1])
[    0.177649] IOAPIC[0]: apic_id 0, version 17, address 0xfec00000, GSI 0-23
[    0.177714] ACPI: INT_SRC_OVR (bus 0 bus_irq 0 global_irq 2 dfl dfl)
[    0.177868] ACPI: INT_SRC_OVR (bus 0 bus_irq 5 global_irq 5 high level)
[    0.177870] ACPI: INT_SRC_OVR (bus 0 bus_irq 9 global_irq 9 high level)
[    0.178015] ACPI: INT_SRC_OVR (bus 0 bus_irq 10 global_irq 10 high level)
[    0.178016] ACPI: INT_SRC_OVR (bus 0 bus_irq 11 global_irq 11 high level)
[    0.178018] ACPI: IRQ0 used by override.
[    0.178019] ACPI: IRQ5 used by override.
[    0.178020] ACPI: IRQ9 used by override.
[    0.178020] ACPI: IRQ10 used by override.
[    0.178021] ACPI: IRQ11 used by override.
[    0.178024] Using ACPI (MADT) for SMP configuration information
[    0.178090] ACPI: HPET id: 0x8086a201 base: 0xfed00000
[    0.180372] kvm-guest: stealtime: cpu 0, msr 7a4d780
[    0.181567] PM: hibernation: Registered nosave memory: [mem 0x00000000-0x00000fff]
[    0.181570] PM: hibernation: Registered nosave memory: [mem 0x0009f000-0x0009ffff]
[    0.181571] PM: hibernation: Registered nosave memory: [mem 0x000a0000-0x000effff]
[    0.181572] PM: hibernation: Registered nosave memory: [mem 0x000f0000-0x000fffff]
[    0.181713] [mem 0x20000000-0xafffffff] available for PCI devices
[    0.181777] Booting paravirtualized kernel on KVM
[    0.182359] clocksource: refined-jiffies: mask: 0xffffffff max_cycles: 0xffffffff, max_idle_ns: 1910969940391419 ns
[    0.225440] pcpu-alloc: s0 r0 d32768 u32768 alloc=1*32768
[    0.225506] pcpu-alloc: [0] 0 
[    0.226048] Built 1 zonelists, mobility grouping on.  Total pages: 128872
[    0.226248] Kernel command line: selinux=0 initcall_debug debug console=ttyS0 rcutorture.n_barrier_cbs=4 rcutorture.stat_interval=15 rcutorture.shutdown_secs=1800 rcutorture.test_no_idle_hz=1 rcutorture.verbose=1
[    0.242154] Dentry cache hash table entries: 65536 (order: 7, 524288 bytes, linear)
[    0.251978] Inode-cache hash table entries: 32768 (order: 6, 262144 bytes, linear)
[    0.253948] mem auto-init: stack:all(zero), heap alloc:off, heap free:off
[    0.264300] Memory: 481560K/523764K available (14349K kernel code, 2620K rwdata, 4632K rodata, 1256K init, 1736K bss, 41944K reserved, 0K cma-reserved)
[    0.265435] SLUB: HWalign=64, Order=0-3, MinObjects=0, CPUs=1, Nodes=1
[    0.266083] Kernel/User page tables isolation: enabled
[    0.281048] rcu: Preemptible hierarchical RCU implementation.
[    0.281109] 	Trampoline variant of Tasks RCU enabled.
[    0.281110] 	Rude variant of Tasks RCU enabled.
[    0.281111] 	Tracing variant of Tasks RCU enabled.
[    0.281310] rcu: RCU calculated value of scheduler-enlistment delay is 100 jiffies.
[    0.303008] NR_IRQS: 4352, nr_irqs: 256, preallocated irqs: 16
[    0.306870] calling  con_init+0x0/0x22a @ 0
[    0.480603] Console: colour VGA+ 80x25
[    0.480614] initcall con_init+0x0/0x22a returned 0 after 0 usecs
[    0.480617] calling  hvc_console_init+0x0/0x13 @ 0
[    0.480677] initcall hvc_console_init+0x0/0x13 returned 0 after 0 usecs
[    0.480679] calling  univ8250_console_init+0x0/0x26 @ 0
[    1.300699] printk: console [ttyS0] enabled
[    1.305258] initcall univ8250_console_init+0x0/0x26 returned 0 after 0 usecs
[    1.312829] ACPI: Core revision 20200925
[    1.318236] clocksource: hpet: mask: 0xffffffff max_cycles: 0xffffffff, max_idle_ns: 19112604467 ns
[    1.329535] APIC: Switch to symmetric I/O mode setup
[    1.352804] ..TIMER: vector=0x30 apic1=0 pin1=2 apic2=-1 pin2=-1
[    1.360409] clocksource: tsc-early: mask: 0xffffffffffffffff max_cycles: 0x39a85afc727, max_idle_ns: 881590685098 ns
[    1.372944] Calibrating delay loop (skipped) preset value.. 3999.99 BogoMIPS (lpj=1999999)
[    1.373931] pid_max: default: 32768 minimum: 301
[    1.375035] LSM: Security Framework initializing
[    1.377072] Mount-cache hash table entries: 1024 (order: 1, 8192 bytes, linear)
[    1.377958] Mountpoint-cache hash table entries: 1024 (order: 1, 8192 bytes, linear)
[    1.385616] Last level iTLB entries: 4KB 0, 2MB 0, 4MB 0
[    1.385929] Last level dTLB entries: 4KB 0, 2MB 0, 4MB 0, 1GB 0
[    1.386931] CPU: Intel Common KVM processor (family: 0xf, model: 0x6, stepping: 0x1)
[    1.387952] Spectre V1 : Mitigation: usercopy/swapgs barriers and __user pointer sanitization
[    1.388931] Spectre V2 : Mitigation: Retpolines
[    1.389927] Spectre V2 : Spectre v2 / SpectreRSB mitigation: Filling RSB on context switch
[    1.390928] Spectre V2 : Spectre v2 / SpectreRSB : Filling RSB on VMEXIT
[    1.391928] Speculative Store Bypass: Vulnerable
[    1.392947] MDS: Vulnerable: Clear CPU buffers attempted, no microcode
[    1.393927] MMIO Stale Data: Unknown: No mitigations
[    1.449274] calling  init_hw_perf_events+0x0/0x6ce @ 1
[    1.449930] Performance Events: unsupported Netburst CPU model 6 no PMU driver, software events only.
[    1.450934] initcall init_hw_perf_events+0x0/0x6ce returned 0 after 976 usecs
[    1.451932] calling  init_real_mode+0x0/0x1e9 @ 1
[    1.453305] initcall init_real_mode+0x0/0x1e9 returned 0 after 0 usecs
[    1.453931] calling  trace_init_perf_perm_irq_work_exit+0x0/0x12 @ 1
[    1.454930] initcall trace_init_perf_perm_irq_work_exit+0x0/0x12 returned 0 after 0 usecs
[    1.455946] calling  validate_x2apic+0x0/0x4a @ 1
[    1.456956] initcall validate_x2apic+0x0/0x4a returned 0 after 0 usecs
[    1.457949] calling  register_nmi_cpu_backtrace_handler+0x0/0x15 @ 1
[    1.458956] initcall register_nmi_cpu_backtrace_handler+0x0/0x15 returned 0 after 0 usecs
[    1.460930] calling  kvm_setup_vsyscall_timeinfo+0x0/0x34 @ 1
[    1.461931] initcall kvm_setup_vsyscall_timeinfo+0x0/0x34 returned 0 after 0 usecs
[    1.462932] calling  spawn_ksoftirqd+0x0/0x34 @ 1
[    1.465015] initcall spawn_ksoftirqd+0x0/0x34 returned 0 after 976 usecs
[    1.465935] calling  srcu_bootup_announce+0x0/0x2f @ 1
[    1.466933] rcu: Hierarchical SRCU implementation.
[    1.467932] initcall srcu_bootup_announce+0x0/0x2f returned 0 after 976 usecs
[    1.468939] calling  rcu_spawn_gp_kthread+0x0/0x195 @ 1
[    1.470027] initcall rcu_spawn_gp_kthread+0x0/0x195 returned 0 after 0 usecs
[    1.470930] calling  check_cpu_stall_init+0x0/0x1a @ 1
[    1.471930] initcall check_cpu_stall_init+0x0/0x1a returned 0 after 0 usecs
[    1.472931] calling  rcu_sysrq_init+0x0/0x21 @ 1
[    1.473935] initcall rcu_sysrq_init+0x0/0x21 returned 0 after 0 usecs
[    1.474931] calling  trace_init_flags_sys_enter+0x0/0xe @ 1
[    1.475930] initcall trace_init_flags_sys_enter+0x0/0xe returned 0 after 0 usecs
[    1.476931] calling  trace_init_flags_sys_exit+0x0/0xe @ 1
[    1.477930] initcall trace_init_flags_sys_exit+0x0/0xe returned 0 after 0 usecs
[    1.478946] calling  init_kprobes+0x0/0x14d @ 1
[    1.481668] initcall init_kprobes+0x0/0x14d returned 0 after 976 usecs
[    1.481932] calling  init_events+0x0/0x3d @ 1
[    1.482950] initcall init_events+0x0/0x3d returned 0 after 0 usecs
[    1.483930] calling  init_trace_printk+0x0/0xc @ 1
[    1.484932] initcall init_trace_printk+0x0/0xc returned 0 after 0 usecs
[    1.485965] calling  event_trace_enable_again+0x0/0x23 @ 1
[    1.486931] initcall event_trace_enable_again+0x0/0x23 returned 0 after 0 usecs
[    1.487930] calling  static_call_init+0x0/0x6d @ 1
[    1.488930] initcall static_call_init+0x0/0x6d returned 0 after 0 usecs
[    1.489931] calling  jump_label_init_module+0x0/0xc @ 1
[    1.490930] initcall jump_label_init_module+0x0/0xc returned 0 after 0 usecs
[    1.491930] calling  init_zero_pfn+0x0/0x37 @ 1
[    1.492931] initcall init_zero_pfn+0x0/0x37 returned 0 after 0 usecs
[    1.493931] calling  initialize_ptr_random+0x0/0x54 @ 1
[    1.494933] initcall initialize_ptr_random+0x0/0x54 returned 0 after 0 usecs
[    1.495949] calling  efi_memreserve_root_init+0x0/0x25 @ 1
[    1.496945] initcall efi_memreserve_root_init+0x0/0x25 returned 0 after 0 usecs
[    1.497930] calling  efi_earlycon_remap_fb+0x0/0x51 @ 1
[    1.498930] initcall efi_earlycon_remap_fb+0x0/0x51 returned 0 after 0 usecs
[    1.602924] devtmpfs: initialized
[    1.603285] calling  ipc_ns_init+0x0/0x3d @ 1
[    1.603985] initcall ipc_ns_init+0x0/0x3d returned 0 after 0 usecs
[    1.604930] calling  init_mmap_min_addr+0x0/0x21 @ 1
[    1.605935] initcall init_mmap_min_addr+0x0/0x21 returned 0 after 0 usecs
[    1.606929] calling  pci_realloc_setup_params+0x0/0x3f @ 1
[    1.607929] initcall pci_realloc_setup_params+0x0/0x3f returned 0 after 0 usecs
[    1.608947] calling  net_ns_init+0x0/0x13f @ 1
[    1.610096] initcall net_ns_init+0x0/0x13f returned 0 after 0 usecs
[    1.610960] calling  e820__register_nvs_regions+0x0/0x37 @ 1
[    1.611935] initcall e820__register_nvs_regions+0x0/0x37 returned 0 after 0 usecs
[    1.612933] calling  cpufreq_register_tsc_scaling+0x0/0x2e @ 1
[    1.613942] initcall cpufreq_register_tsc_scaling+0x0/0x2e returned 0 after 0 usecs
[    1.614932] calling  reboot_init+0x0/0x3c @ 1
[    1.615997] initcall reboot_init+0x0/0x3c returned 0 after 0 usecs
[    1.617932] calling  init_lapic_sysfs+0x0/0x20 @ 1
[    1.618932] initcall init_lapic_sysfs+0x0/0x20 returned 0 after 0 usecs
[    1.619930] calling  wq_sysfs_init+0x0/0x2a @ 1
[    1.621016] initcall wq_sysfs_init+0x0/0x2a returned 0 after 0 usecs
[    1.621929] calling  ksysfs_init+0x0/0x92 @ 1
[    1.622937] initcall ksysfs_init+0x0/0x92 returned 0 after 0 usecs
[    1.623929] calling  pm_init+0x0/0x76 @ 1
[    1.624997] initcall pm_init+0x0/0x76 returned 0 after 0 usecs
[    1.625928] calling  pm_disk_init+0x0/0x13 @ 1
[    1.626990] initcall pm_disk_init+0x0/0x13 returned 0 after 0 usecs
[    1.627929] calling  swsusp_header_init+0x0/0x2b @ 1
[    1.628930] initcall swsusp_header_init+0x0/0x2b returned 0 after 0 usecs
[    1.629928] calling  rcu_set_runtime_mode+0x0/0x16 @ 1
[    1.630931] initcall rcu_set_runtime_mode+0x0/0x16 returned 0 after 0 usecs
[    1.631931] calling  init_jiffies_clocksource+0x0/0x13 @ 1
[    1.632929] clocksource: jiffies: mask: 0xffffffff max_cycles: 0xffffffff, max_idle_ns: 1911260446275000 ns
[    1.633932] initcall init_jiffies_clocksource+0x0/0x13 returned 0 after 976 usecs
[    1.634931] calling  futex_init+0x0/0xd5 @ 1
[    1.635932] futex hash table entries: 256 (order: 0, 6144 bytes, linear)
[    1.637956] initcall futex_init+0x0/0xd5 returned 0 after 1953 usecs
[    1.638931] calling  cgroup_wq_init+0x0/0x28 @ 1
[    1.639938] initcall cgroup_wq_init+0x0/0x28 returned 0 after 0 usecs
[    1.640931] calling  cgroup1_wq_init+0x0/0x28 @ 1
[    1.642953] initcall cgroup1_wq_init+0x0/0x28 returned 0 after 0 usecs
[    1.643932] calling  init_kprobe_trace_early+0x0/0x2a @ 1
[    1.644933] initcall init_kprobe_trace_early+0x0/0x2a returned 0 after 0 usecs
[    1.645932] calling  fsnotify_init+0x0/0x48 @ 1
[    1.646946] initcall fsnotify_init+0x0/0x48 returned 0 after 0 usecs
[    1.647930] calling  filelock_init+0x0/0x60 @ 1
[    1.648944] initcall filelock_init+0x0/0x60 returned 0 after 0 usecs
[    1.649930] calling  init_misc_binfmt+0x0/0x2c @ 1
[    1.650935] initcall init_misc_binfmt+0x0/0x2c returned 0 after 0 usecs
[    1.651931] calling  init_script_binfmt+0x0/0x15 @ 1
[    1.652931] initcall init_script_binfmt+0x0/0x15 returned 0 after 0 usecs
[    1.653930] calling  init_elf_binfmt+0x0/0x15 @ 1
[    1.654930] initcall init_elf_binfmt+0x0/0x15 returned 0 after 0 usecs
[    1.655930] calling  init_compat_elf_binfmt+0x0/0x15 @ 1
[    1.656931] initcall init_compat_elf_binfmt+0x0/0x15 returned 0 after 0 usecs
[    1.657931] calling  debugfs_init+0x0/0x5c @ 1
[    1.658954] initcall debugfs_init+0x0/0x5c returned 0 after 0 usecs
[    1.659931] calling  tracefs_init+0x0/0x3a @ 1
[    1.660939] initcall tracefs_init+0x0/0x3a returned 0 after 0 usecs
[    1.661931] calling  prandom_init_early+0x0/0x111 @ 1
[    1.662931] initcall prandom_init_early+0x0/0x111 returned 0 after 0 usecs
[    1.663991] calling  virtio_init+0x0/0x20 @ 1
[    1.665958] initcall virtio_init+0x0/0x20 returned 0 after 976 usecs
[    1.666932] calling  iommu_init+0x0/0x2a @ 1
[    1.667937] initcall iommu_init+0x0/0x2a returned 0 after 0 usecs
[    1.668930] calling  component_debug_init+0x0/0x1c @ 1
[    1.669989] initcall component_debug_init+0x0/0x1c returned 0 after 0 usecs
[    1.670930] calling  early_resume_init+0x0/0xb9 @ 1
[    1.672937] PM: RTC time: 04:45:31, date: 2022-12-13
[    1.673945] initcall early_resume_init+0x0/0xb9 returned 0 after 1953 usecs
[    1.674935] calling  cpufreq_core_init+0x0/0x62 @ 1
[    1.675975] initcall cpufreq_core_init+0x0/0x62 returned 0 after 0 usecs
[    1.676934] calling  cpufreq_gov_performance_init+0x0/0xc @ 1
[    1.677935] initcall cpufreq_gov_performance_init+0x0/0xc returned 0 after 0 usecs
[    1.678934] calling  cpufreq_gov_userspace_init+0x0/0xc @ 1
[    1.679934] initcall cpufreq_gov_userspace_init+0x0/0xc returned 0 after 0 usecs
[    1.680935] calling  CPU_FREQ_GOV_ONDEMAND_init+0x0/0xc @ 1
[    1.681935] initcall CPU_FREQ_GOV_ONDEMAND_init+0x0/0xc returned 0 after 0 usecs
[    1.682932] calling  cpuidle_init+0x0/0x1f @ 1
[    1.683977] initcall cpuidle_init+0x0/0x1f returned 0 after 0 usecs
[    1.684931] calling  capsule_reboot_register+0x0/0xc @ 1
[    1.685932] initcall capsule_reboot_register+0x0/0xc returned 0 after 0 usecs
[    1.686931] calling  sock_init+0x0/0x93 @ 1
[    1.688097] initcall sock_init+0x0/0x93 returned 0 after 0 usecs
[    1.688931] calling  net_inuse_init+0x0/0x23 @ 1
[    1.689937] initcall net_inuse_init+0x0/0x23 returned 0 after 0 usecs
[    1.690930] calling  net_defaults_init+0x0/0x23 @ 1
[    1.691932] initcall net_defaults_init+0x0/0x23 returned 0 after 0 usecs
[    1.692976] calling  init_default_flow_dissectors+0x0/0x4f @ 1
[    1.693932] initcall init_default_flow_dissectors+0x0/0x4f returned 0 after 0 usecs
[    1.694930] calling  netpoll_init+0x0/0x25 @ 1
[    1.695930] initcall netpoll_init+0x0/0x25 returned 0 after 0 usecs
[    1.696930] calling  netlink_proto_init+0x0/0x14f @ 1
[    1.698160] NET: Registered protocol family 16
[    1.699935] initcall netlink_proto_init+0x0/0x14f returned 0 after 1953 usecs
[    1.700930] calling  genl_init+0x0/0x35 @ 1
[    1.701939] initcall genl_init+0x0/0x35 returned 0 after 0 usecs
[    1.702947] calling  bsp_pm_check_init+0x0/0x13 @ 1
[    1.703932] initcall bsp_pm_check_init+0x0/0x13 returned 0 after 0 usecs
[    1.704954] calling  irq_sysfs_init+0x0/0xb7 @ 1
[    1.706032] initcall irq_sysfs_init+0x0/0xb7 returned 0 after 0 usecs
[    1.706933] calling  audit_init+0x0/0x15d @ 1
[    1.707964] audit: initializing netlink subsys (disabled)
[    1.709220] initcall audit_init+0x0/0x15d returned 0 after 976 usecs
[    1.709932] calling  release_early_probes+0x0/0x32 @ 1
[    1.710933] initcall release_early_probes+0x0/0x32 returned 0 after 0 usecs
[    1.711933] calling  bdi_class_init+0x0/0x48 @ 1
[    1.712935] audit: type=2000 audit(1670906730.014:1): state=initialized audit_enabled=0 res=1
[    1.713961] initcall bdi_class_init+0x0/0x48 returned 0 after 976 usecs
[    1.714933] calling  mm_sysfs_init+0x0/0x28 @ 1
[    1.715940] initcall mm_sysfs_init+0x0/0x28 returned 0 after 0 usecs
[    1.716932] calling  init_per_zone_wmark_min+0x0/0x5e @ 1
[    1.717932] initcall init_per_zone_wmark_min+0x0/0x5e returned 0 after 0 usecs
[    1.718932] calling  mpi_init+0x0/0x3e @ 1
[    1.719951] initcall mpi_init+0x0/0x3e returned 0 after 0 usecs
[    1.720934] calling  kobject_uevent_init+0x0/0xc @ 1
[    1.722942] initcall kobject_uevent_init+0x0/0xc returned 0 after 0 usecs
[    1.723931] calling  pcibus_class_init+0x0/0x13 @ 1
[    1.724958] initcall pcibus_class_init+0x0/0x13 returned 0 after 0 usecs
[    1.725930] calling  pci_driver_init+0x0/0x21 @ 1
[    1.726965] initcall pci_driver_init+0x0/0x21 returned 0 after 0 usecs
[    1.727931] calling  backlight_class_init+0x0/0xa8 @ 1
[    1.728969] initcall backlight_class_init+0x0/0xa8 returned 0 after 0 usecs
[    1.729931] calling  tty_class_init+0x0/0x33 @ 1
[    1.730942] initcall tty_class_init+0x0/0x33 returned 0 after 0 usecs
[    1.731932] calling  vtconsole_class_init+0x0/0xb5 @ 1
[    1.733044] initcall vtconsole_class_init+0x0/0xb5 returned 0 after 0 usecs
[    1.733932] calling  iommu_dev_init+0x0/0x13 @ 1
[    1.734952] initcall iommu_dev_init+0x0/0x13 returned 0 after 0 usecs
[    1.735930] calling  mipi_dsi_bus_init+0x0/0xc @ 1
[    1.736954] initcall mipi_dsi_bus_init+0x0/0xc returned 0 after 0 usecs
[    1.737929] calling  devlink_class_init+0x0/0x40 @ 1
[    1.738937] initcall devlink_class_init+0x0/0x40 returned 0 after 0 usecs
[    1.739931] calling  software_node_init+0x0/0x2a @ 1
[    1.740937] initcall software_node_init+0x0/0x2a returned 0 after 0 usecs
[    1.741934] calling  wakeup_sources_debugfs_init+0x0/0x23 @ 1
[    1.742946] initcall wakeup_sources_debugfs_init+0x0/0x23 returned 0 after 0 usecs
[    1.743934] calling  wakeup_sources_sysfs_init+0x0/0x2c @ 1
[    1.744944] initcall wakeup_sources_sysfs_init+0x0/0x2c returned 0 after 0 usecs
[    1.745932] calling  regmap_initcall+0x0/0xc @ 1
[    1.746940] initcall regmap_initcall+0x0/0xc returned 0 after 0 usecs
[    1.747931] calling  i2c_init+0x0/0xb3 @ 1
[    1.748995] initcall i2c_init+0x0/0xb3 returned 0 after 0 usecs
[    1.749931] calling  thermal_init+0x0/0xf2 @ 1
[    1.750928] thermal_sys: Registered thermal governor 'step_wise'
[    1.750929] thermal_sys: Registered thermal governor 'user_space'
[    1.751958] initcall thermal_init+0x0/0xf2 returned 0 after 976 usecs
[    1.753932] calling  init_menu+0x0/0xc @ 1
[    1.755025] cpuidle: using governor menu
[    1.755948] initcall init_menu+0x0/0xc returned 0 after 976 usecs
[    1.756931] calling  pcc_init+0x0/0x4d @ 1
[    1.757933] initcall pcc_init+0x0/0x4d returned -19 after 0 usecs
[    1.758936] calling  amd_postcore_init+0x0/0x11e @ 1
[    1.759932] initcall amd_postcore_init+0x0/0x11e returned 0 after 0 usecs
[    1.760946] calling  bts_init+0x0/0xba @ 1
[    1.761932] initcall bts_init+0x0/0xba returned -19 after 0 usecs
[    1.762935] calling  pt_init+0x0/0x2ef @ 1
[    1.763936] initcall pt_init+0x0/0x2ef returned -19 after 0 usecs
[    1.764937] calling  boot_params_ksysfs_init+0x0/0x2ee @ 1
[    1.765995] initcall boot_params_ksysfs_init+0x0/0x2ee returned 0 after 0 usecs
[    1.766931] calling  sbf_init+0x0/0xfe @ 1
[    1.767929] initcall sbf_init+0x0/0xfe returned 0 after 0 usecs
[    1.768930] calling  arch_kdebugfs_init+0x0/0x219 @ 1
[    1.769944] initcall arch_kdebugfs_init+0x0/0x219 returned 0 after 0 usecs
[    1.770930] calling  intel_pconfig_init+0x0/0x85 @ 1
[    1.771930] initcall intel_pconfig_init+0x0/0x85 returned 0 after 0 usecs
[    1.772930] calling  mtrr_if_init+0x0/0x5d @ 1
[    1.773934] initcall mtrr_if_init+0x0/0x5d returned 0 after 0 usecs
[    1.774930] calling  activate_jump_labels+0x0/0x31 @ 1
[    1.775930] initcall activate_jump_labels+0x0/0x31 returned 0 after 0 usecs
[    1.776929] calling  ffh_cstate_init+0x0/0x29 @ 1
[    1.777932] initcall ffh_cstate_init+0x0/0x29 returned 0 after 0 usecs
[    1.778930] calling  activate_jump_labels+0x0/0x31 @ 1
[    1.779943] initcall activate_jump_labels+0x0/0x31 returned 0 after 0 usecs
[    1.780930] calling  kvm_alloc_cpumask+0x0/0x2b @ 1
[    1.781951] initcall kvm_alloc_cpumask+0x0/0x2b returned 0 after 0 usecs
[    1.782930] calling  kcmp_cookies_init+0x0/0x37 @ 1
[    1.783933] initcall kcmp_cookies_init+0x0/0x37 returned 0 after 0 usecs
[    1.784929] calling  cryptomgr_init+0x0/0xc @ 1
[    1.785961] initcall cryptomgr_init+0x0/0xc returned 0 after 0 usecs
[    1.786930] calling  acpi_pci_init+0x0/0x57 @ 1
[    1.787928] ACPI: bus type PCI registered
[    1.788930] initcall acpi_pci_init+0x0/0x57 returned 0 after 976 usecs
[    1.789930] calling  dma_channel_table_init+0x0/0xce @ 1
[    1.790935] initcall dma_channel_table_init+0x0/0xce returned 0 after 0 usecs
[    1.791929] calling  dma_bus_init+0x0/0xdc @ 1
[    1.793006] initcall dma_bus_init+0x0/0xdc returned 0 after 0 usecs
[    1.794027] calling  iommu_dma_init+0x0/0x10 @ 1
[    1.794953] initcall iommu_dma_init+0x0/0x10 returned 0 after 0 usecs
[    1.795929] calling  dmi_id_init+0x0/0x37c @ 1
[    1.797027] initcall dmi_id_init+0x0/0x37c returned 0 after 0 usecs
[    1.797929] calling  pci_arch_init+0x0/0x71 @ 1
[    1.799944] PCI: MMCONFIG for domain 0000 [bus 00-ff] at [mem 0xb0000000-0xbfffffff] (base 0xb0000000)
[    1.800930] PCI: MMCONFIG at [mem 0xb0000000-0xbfffffff] reserved in E820
[    1.801947] PCI: Using configuration type 1 for base access
[    1.802971] initcall pci_arch_init+0x0/0x71 returned 0 after 3906 usecs
[    1.803991] calling  init_vdso+0x0/0x13 @ 1
[    1.804983] initcall init_vdso+0x0/0x13 returned 0 after 0 usecs
[    1.805928] calling  sysenter_setup+0x0/0x13 @ 1
[    1.806962] initcall sysenter_setup+0x0/0x13 returned 0 after 0 usecs
[    1.807929] calling  fixup_ht_bug+0x0/0x7f @ 1
[    1.808933] initcall fixup_ht_bug+0x0/0x7f returned 0 after 0 usecs
[    1.809928] calling  topology_init+0x0/0x15 @ 1
[    1.810966] initcall topology_init+0x0/0x15 returned 0 after 0 usecs
[    1.811929] calling  intel_epb_init+0x0/0x68 @ 1
[    1.812929] initcall intel_epb_init+0x0/0x68 returned -19 after 0 usecs
[    1.813948] calling  mtrr_init_finialize+0x0/0x3e @ 1
[    1.814929] initcall mtrr_init_finialize+0x0/0x3e returned 0 after 0 usecs
[    1.815928] calling  uid_cache_init+0x0/0x92 @ 1
[    1.816931] initcall uid_cache_init+0x0/0x92 returned 0 after 0 usecs
[    1.817929] calling  param_sysfs_init+0x0/0x1ba @ 1
[    1.822716] initcall param_sysfs_init+0x0/0x1ba returned 0 after 1953 usecs
[    1.822961] calling  user_namespace_sysctl_init+0x0/0x33 @ 1
[    1.823978] initcall user_namespace_sysctl_init+0x0/0x33 returned 0 after 0 usecs
[    1.824929] calling  proc_schedstat_init+0x0/0x24 @ 1
[    1.825931] initcall proc_schedstat_init+0x0/0x24 returned 0 after 0 usecs
[    1.826928] calling  pm_sysrq_init+0x0/0x18 @ 1
[    1.827938] initcall pm_sysrq_init+0x0/0x18 returned 0 after 0 usecs
[    1.828949] calling  create_proc_profile+0x0/0x50 @ 1
[    1.829928] initcall create_proc_profile+0x0/0x50 returned 0 after 0 usecs
[    1.830929] calling  time_ns_init+0x0/0x7 @ 1
[    1.831934] initcall time_ns_init+0x0/0x7 returned 0 after 0 usecs
[    1.832931] calling  crash_save_vmcoreinfo_init+0x0/0x756 @ 1
[    1.834209] initcall crash_save_vmcoreinfo_init+0x0/0x756 returned 0 after 0 usecs
[    1.834932] calling  crash_notes_memory_init+0x0/0x35 @ 1
[    1.835935] initcall crash_notes_memory_init+0x0/0x35 returned 0 after 0 usecs
[    1.836930] calling  cgroup_sysfs_init+0x0/0x13 @ 1
[    1.838931] initcall cgroup_sysfs_init+0x0/0x13 returned 0 after 976 usecs
[    1.839932] calling  cgroup_namespaces_init+0x0/0x7 @ 1
[    1.840932] initcall cgroup_namespaces_init+0x0/0x7 returned 0 after 0 usecs
[    1.841932] calling  init_optprobes+0x0/0x13 @ 1
[    1.842928] Kprobes globally optimized
[    1.843931] initcall init_optprobes+0x0/0x13 returned 0 after 976 usecs
[    1.844931] calling  oom_init+0x0/0x2f @ 1
[    1.847003] initcall oom_init+0x0/0x2f returned 0 after 976 usecs
[    1.847931] calling  default_bdi_init+0x0/0x35 @ 1
[    1.849043] initcall default_bdi_init+0x0/0x35 returned 0 after 0 usecs
[    1.849933] calling  percpu_enable_async+0x0/0xe @ 1
[    1.850931] initcall percpu_enable_async+0x0/0xe returned 0 after 0 usecs
[    1.851938] calling  kcompactd_init+0x0/0x46 @ 1
[    1.853025] initcall kcompactd_init+0x0/0x46 returned 0 after 0 usecs
[    1.854039] calling  init_user_reserve+0x0/0x30 @ 1
[    1.854992] initcall init_user_reserve+0x0/0x30 returned 0 after 0 usecs
[    1.855931] calling  init_admin_reserve+0x0/0x30 @ 1
[    1.856938] initcall init_admin_reserve+0x0/0x30 returned 0 after 0 usecs
[    1.857932] calling  init_reserve_notifier+0x0/0x7 @ 1
[    1.858932] initcall init_reserve_notifier+0x0/0x7 returned 0 after 0 usecs
[    1.859931] calling  swap_init_sysfs+0x0/0x62 @ 1
[    1.860960] initcall swap_init_sysfs+0x0/0x62 returned 0 after 0 usecs
[    1.861930] calling  swapfile_init+0x0/0x46 @ 1
[    1.862931] initcall swapfile_init+0x0/0x46 returned 0 after 0 usecs
[    1.863931] calling  hugetlb_init+0x0/0x42f @ 1
[    1.864931] HugeTLB registered 2.00 MiB page size, pre-allocated 0 pages
[    1.865964] initcall hugetlb_init+0x0/0x42f returned 0 after 976 usecs
[    1.866932] calling  io_wq_init+0x0/0x34 @ 1
[    1.867932] initcall io_wq_init+0x0/0x34 returned 0 after 0 usecs
[    1.868930] calling  seqiv_module_init+0x0/0xc @ 1
[    1.869930] initcall seqiv_module_init+0x0/0xc returned 0 after 0 usecs
[    1.870930] calling  echainiv_module_init+0x0/0xc @ 1
[    1.871929] initcall echainiv_module_init+0x0/0xc returned 0 after 0 usecs
[    1.873051] calling  rsa_init+0x0/0x50 @ 1
[    1.876194] initcall rsa_init+0x0/0x50 returned 0 after 976 usecs
[    1.876930] calling  crypto_cmac_module_init+0x0/0xc @ 1
[    1.877930] initcall crypto_cmac_module_init+0x0/0xc returned 0 after 0 usecs
[    1.878929] calling  hmac_module_init+0x0/0xc @ 1
[    1.879951] cryptomgr_test (21) used greatest stack depth: 15528 bytes left
[    1.880941] initcall hmac_module_init+0x0/0xc returned 0 after 976 usecs
[    1.881939] calling  crypto_null_mod_init+0x0/0x65 @ 1
[    1.884996] initcall crypto_null_mod_init+0x0/0x65 returned 0 after 976 usecs
[    1.885933] calling  md5_mod_init+0x0/0xc @ 1
[    1.886976] initcall md5_mod_init+0x0/0xc returned 0 after 0 usecs
[    1.887938] calling  sha256_generic_mod_init+0x0/0x11 @ 1
[    1.888992] initcall sha256_generic_mod_init+0x0/0x11 returned 0 after 0 usecs
[    1.889935] calling  crypto_cbc_module_init+0x0/0xc @ 1
[    1.890930] initcall crypto_cbc_module_init+0x0/0xc returned 0 after 0 usecs
[    1.891939] calling  crypto_ctr_module_init+0x0/0x11 @ 1
[    1.892978] initcall crypto_ctr_module_init+0x0/0x11 returned 0 after 0 usecs
[    1.893943] calling  crypto_gcm_module_init+0x0/0x64 @ 1
[    1.894938] initcall crypto_gcm_module_init+0x0/0x64 returned 0 after 0 usecs
[    1.895943] calling  crypto_ccm_module_init+0x0/0x11 @ 1
[    1.896936] initcall crypto_ccm_module_init+0x0/0x11 returned 0 after 0 usecs
[    1.897935] calling  aes_init+0x0/0xc @ 1
[    1.898980] initcall aes_init+0x0/0xc returned 0 after 0 usecs
[    1.899932] calling  crc32c_mod_init+0x0/0xc @ 1
[    1.900990] initcall crc32c_mod_init+0x0/0xc returned 0 after 0 usecs
[    1.901937] calling  crypto_authenc_module_init+0x0/0xc @ 1
[    1.902955] initcall crypto_authenc_module_init+0x0/0xc returned 0 after 0 usecs
[    1.903937] calling  crypto_authenc_esn_module_init+0x0/0xc @ 1
[    1.904936] initcall crypto_authenc_esn_module_init+0x0/0xc returned 0 after 0 usecs
[    1.905982] calling  drbg_init+0x0/0x7c @ 1
[    1.908070] initcall drbg_init+0x0/0x7c returned 0 after 0 usecs
[    1.908933] calling  ghash_mod_init+0x0/0xc @ 1
[    1.909982] initcall ghash_mod_init+0x0/0xc returned 0 after 0 usecs
[    1.910936] calling  init_bio+0x0/0x9a @ 1
[    1.912095] initcall init_bio+0x0/0x9a returned 0 after 0 usecs
[    1.912949] calling  blk_settings_init+0x0/0x29 @ 1
[    1.913936] initcall blk_settings_init+0x0/0x29 returned 0 after 0 usecs
[    1.914934] calling  blk_ioc_init+0x0/0x29 @ 1
[    1.915951] initcall blk_ioc_init+0x0/0x29 returned 0 after 0 usecs
[    1.916934] calling  blk_mq_init+0x0/0x96 @ 1
[    1.917934] initcall blk_mq_init+0x0/0x96 returned 0 after 0 usecs
[    1.918932] calling  genhd_device_init+0x0/0x75 @ 1
[    1.919987] initcall genhd_device_init+0x0/0x75 returned 0 after 0 usecs
[    1.920955] calling  pci_slot_init+0x0/0x40 @ 1
[    1.921936] initcall pci_slot_init+0x0/0x40 returned 0 after 0 usecs
[    1.922930] calling  fbmem_init+0x0/0xd8 @ 1
[    1.923964] initcall fbmem_init+0x0/0xd8 returned 0 after 0 usecs
[    1.924930] calling  acpi_init+0x0/0x316 @ 1
[    1.925959] ACPI: Added _OSI(Module Device)
[    1.926928] ACPI: Added _OSI(Processor Device)
[    1.927928] ACPI: Added _OSI(3.0 _SCP Extensions)
[    1.928927] ACPI: Added _OSI(Processor Aggregator Device)
[    1.929929] ACPI: Added _OSI(Linux-Dell-Video)
[    1.930928] ACPI: Added _OSI(Linux-Lenovo-NV-HDMI-Audio)
[    1.931927] ACPI: Added _OSI(Linux-HPI-Hybrid-Graphics)
[    1.934365] ACPI: 1 ACPI AML tables successfully acquired and loaded
[    1.942607] ACPI: Interpreter enabled
[    1.943239] ACPI: (supports S0 S3 S4 S5)
[    1.943996] ACPI: Using IOAPIC for interrupt routing
[    1.946563] PCI: Using host bridge windows from ACPI; if necessary, use "pci=nocrs" and report a bug
[    1.947621] ACPI: Enabled 2 GPEs in block 00 to 3F
[    1.956675] ACPI: PCI Root Bridge [PCI0] (domain 0000 [bus 00-ff])
[    1.957154] acpi PNP0A08:00: _OSC: OS supports [ExtendedConfig ASPM ClockPM Segments MSI HPX-Type3]
[    1.958009] acpi PNP0A08:00: _OSC: platform does not support [LTR]
[    1.958991] acpi PNP0A08:00: _OSC: OS now controls [PME PCIeCapability]
[    1.961464] PCI host bridge to bus 0000:00
[    1.961964] pci_bus 0000:00: root bus resource [io  0x0000-0x0cf7 window]
[    1.962930] pci_bus 0000:00: root bus resource [io  0x0d00-0xffff window]
[    1.963929] pci_bus 0000:00: root bus resource [mem 0x000a0000-0x000bffff window]
[    1.964929] pci_bus 0000:00: root bus resource [mem 0x20000000-0xafffffff window]
[    1.965929] pci_bus 0000:00: root bus resource [mem 0xc0000000-0xfebfffff window]
[    1.966953] pci_bus 0000:00: root bus resource [mem 0x100000000-0x8ffffffff window]
[    1.967932] pci_bus 0000:00: root bus resource [bus 00-ff]
[    1.970612] pci 0000:00:00.0: calling  quirk_mmio_always_on+0x0/0x10 @ 1
[    1.970935] pci 0000:00:00.0: quirk_mmio_always_on+0x0/0x10 took 0 usecs
[    1.971943] pci 0000:00:00.0: [8086:29c0] type 00 class 0x060000
[    1.976360] pci 0000:00:00.0: calling  quirk_igfx_skip_te_disable+0x0/0x80 @ 1
[    1.976947] pci 0000:00:00.0: quirk_igfx_skip_te_disable+0x0/0x80 took 0 usecs
[    1.981029] pci 0000:00:01.0: [1234:1111] type 00 class 0x030000
[    1.986924] pci 0000:00:01.0: reg 0x10: [mem 0xfd000000-0xfdffffff pref]
[    1.996235] pci 0000:00:01.0: reg 0x18: [mem 0xfebf0000-0xfebf0fff]
[    2.013584] pci 0000:00:01.0: reg 0x30: [mem 0xfebe0000-0xfebeffff pref]
[    2.017924] pci 0000:00:01.0: calling  efifb_fixup_resources+0x0/0xf0 @ 1
[    2.019943] pci 0000:00:01.0: efifb_fixup_resources+0x0/0xf0 took 976 usecs
[    2.032555] pci 0000:00:1f.0: [8086:2918] type 00 class 0x060100
[    2.038895] pci 0000:00:1f.0: calling  quirk_ich7_lpc+0x0/0x60 @ 1
[    2.040313] pci 0000:00:1f.0: quirk: [io  0x0600-0x067f] claimed by ICH6 ACPI/GPIO/TCO
[    2.043035] pci 0000:00:1f.0: quirk_ich7_lpc+0x0/0x60 took 2929 usecs
[    2.044095] pci 0000:00:1f.0: calling  quirk_igfx_skip_te_disable+0x0/0x80 @ 1
[    2.044986] pci 0000:00:1f.0: quirk_igfx_skip_te_disable+0x0/0x80 took 0 usecs
[    2.048636] pci 0000:00:1f.2: [8086:2922] type 00 class 0x010601
[    2.060932] pci 0000:00:1f.2: reg 0x20: [io  0xc040-0xc05f]
[    2.063526] pci 0000:00:1f.2: reg 0x24: [mem 0xfebf1000-0xfebf1fff]
[    2.066156] pci 0000:00:1f.2: calling  quirk_igfx_skip_te_disable+0x0/0x80 @ 1
[    2.066935] pci 0000:00:1f.2: quirk_igfx_skip_te_disable+0x0/0x80 took 0 usecs
[    2.072733] pci 0000:00:1f.3: [8086:2930] type 00 class 0x0c0500
[    2.079932] pci 0000:00:1f.3: reg 0x20: [io  0x0700-0x073f]
[    2.084557] pci 0000:00:1f.3: calling  quirk_igfx_skip_te_disable+0x0/0x80 @ 1
[    2.084937] pci 0000:00:1f.3: quirk_igfx_skip_te_disable+0x0/0x80 took 0 usecs
[    2.087465] pci_bus 0000:00: on NUMA node 0
[    2.091584] ACPI: PCI Interrupt Link [LNKA] (IRQs 5 *10 11)
[    2.092606] ACPI: PCI Interrupt Link [LNKB] (IRQs 5 *10 11)
[    2.093333] ACPI: PCI Interrupt Link [LNKC] (IRQs 5 10 *11)
[    2.094389] ACPI: PCI Interrupt Link [LNKD] (IRQs 5 10 *11)
[    2.095323] ACPI: PCI Interrupt Link [LNKE] (IRQs 5 *10 11)
[    2.097076] ACPI: PCI Interrupt Link [LNKF] (IRQs 5 *10 11)
[    2.099953] ACPI: PCI Interrupt Link [LNKG] (IRQs 5 10 *11)
[    2.101342] ACPI: PCI Interrupt Link [LNKH] (IRQs 5 10 *11)
[    2.102146] ACPI: PCI Interrupt Link [GSIA] (IRQs *16)
[    2.102943] ACPI: PCI Interrupt Link [GSIB] (IRQs *17)
[    2.103965] ACPI: PCI Interrupt Link [GSIC] (IRQs *18)
[    2.105002] ACPI: PCI Interrupt Link [GSID] (IRQs *19)
[    2.105960] ACPI: PCI Interrupt Link [GSIE] (IRQs *20)
[    2.106942] ACPI: PCI Interrupt Link [GSIF] (IRQs *21)
[    2.107940] ACPI: PCI Interrupt Link [GSIG] (IRQs *22)
[    2.108951] ACPI: PCI Interrupt Link [GSIH] (IRQs *23)
[    2.112797] initcall acpi_init+0x0/0x316 returned 0 after 181640 usecs
[    2.113018] calling  pnp_init+0x0/0xc @ 1
[    2.113978] initcall pnp_init+0x0/0xc returned 0 after 0 usecs
[    2.115930] calling  misc_init+0x0/0xbf @ 1
[    2.118200] initcall misc_init+0x0/0xbf returned 0 after 976 usecs
[    2.118947] calling  iommu_subsys_init+0x0/0x4e @ 1
[    2.120081] iommu: Default domain type: Translated 
[    2.121931] initcall iommu_subsys_init+0x0/0x4e returned 0 after 1953 usecs
[    2.122930] calling  vga_arb_device_init+0x0/0x26c @ 1
[    2.127154] pci 0000:00:01.0: vgaarb: setting as boot VGA device
[    2.127924] pci 0000:00:01.0: vgaarb: VGA device added: decodes=io+mem,owns=io+mem,locks=none
[    2.127933] pci 0000:00:01.0: vgaarb: bridge control possible
[    2.128939] vgaarb: loaded
[    2.129935] initcall vga_arb_device_init+0x0/0x26c returned 0 after 5859 usecs
[    2.131208] calling  cn_init+0x0/0xf0 @ 1
[    2.134373] initcall cn_init+0x0/0xf0 returned 0 after 976 usecs
[    2.134936] calling  dma_buf_init+0x0/0xad @ 1
[    2.137589] initcall dma_buf_init+0x0/0xad returned 0 after 976 usecs
[    2.137933] calling  init_scsi+0x0/0x79 @ 1
[    2.141088] SCSI subsystem initialized
[    2.141932] initcall init_scsi+0x0/0x79 returned 0 after 1953 usecs
[    2.142933] calling  ata_init+0x0/0x332 @ 1
[    2.145775] libata version 3.00 loaded.
[    2.145935] initcall ata_init+0x0/0x332 returned 0 after 1953 usecs
[    2.146935] calling  phy_init+0x0/0x250 @ 1
[    2.148428] initcall phy_init+0x0/0x250 returned 0 after 0 usecs
[    2.148944] calling  init_pcmcia_cs+0x0/0x35 @ 1
[    2.150026] initcall init_pcmcia_cs+0x0/0x35 returned 0 after 0 usecs
[    2.150931] calling  usb_common_init+0x0/0x1c @ 1
[    2.152082] initcall usb_common_init+0x0/0x1c returned 0 after 0 usecs
[    2.152931] calling  usb_init+0x0/0x12e @ 1
[    2.154248] ACPI: bus type USB registered
[    2.157462] usbcore: registered new interface driver usbfs
[    2.159221] usbcore: registered new interface driver hub
[    2.159942] usbcore: registered new device driver usb
[    2.161934] initcall usb_init+0x0/0x12e returned 0 after 7812 usecs
[    2.162935] calling  serio_init+0x0/0x29 @ 1
[    2.164330] initcall serio_init+0x0/0x29 returned 0 after 0 usecs
[    2.164934] calling  input_init+0x0/0xf6 @ 1
[    2.166932] initcall input_init+0x0/0xf6 returned 0 after 976 usecs
[    2.167933] calling  rtc_init+0x0/0x4d @ 1
[    2.169099] initcall rtc_init+0x0/0x4d returned 0 after 0 usecs
[    2.169936] calling  pps_init+0x0/0xa9 @ 1
[    2.171772] pps_core: LinuxPPS API ver. 1 registered
[    2.171929] pps_core: Software ver. 5.3.6 - Copyright 2005-2007 Rodolfo Giometti <giometti@linux.it>
[    2.172936] initcall pps_init+0x0/0xa9 returned 0 after 1953 usecs
[    2.173935] calling  ptp_init+0x0/0x98 @ 1
[    2.174948] PTP clock support registered
[    2.175934] initcall ptp_init+0x0/0x98 returned 0 after 976 usecs
[    2.176935] calling  power_supply_class_init+0x0/0x3f @ 1
[    2.178600] initcall power_supply_class_init+0x0/0x3f returned 0 after 0 usecs
[    2.178936] calling  hwmon_init+0x0/0x104 @ 1
[    2.180484] initcall hwmon_init+0x0/0x104 returned 0 after 0 usecs
[    2.180932] calling  md_init+0x0/0x16b @ 1
[    2.188534] initcall md_init+0x0/0x16b returned 0 after 5859 usecs
[    2.188933] calling  leds_init+0x0/0x3b @ 1
[    2.190136] initcall leds_init+0x0/0x3b returned 0 after 0 usecs
[    2.190933] calling  dmi_init+0x0/0x113 @ 1
[    2.195380] initcall dmi_init+0x0/0x113 returned 0 after 2929 usecs
[    2.195937] calling  efisubsys_init+0x0/0x4e6 @ 1
[    2.197934] initcall efisubsys_init+0x0/0x4e6 returned 0 after 976 usecs
[    2.198934] calling  nvmem_init+0x0/0xc @ 1
[    2.201410] initcall nvmem_init+0x0/0xc returned 0 after 976 usecs
[    2.201936] calling  init_soundcore+0x0/0x33 @ 1
[    2.203029] initcall init_soundcore+0x0/0x33 returned 0 after 0 usecs
[    2.204935] calling  alsa_sound_init+0x0/0x8f @ 1
[    2.207635] Advanced Linux Sound Architecture Driver Initialized.
[    2.207933] initcall alsa_sound_init+0x0/0x8f returned 0 after 1953 usecs
[    2.208933] calling  alsa_seq_device_init+0x0/0x71 @ 1
[    2.209951] initcall alsa_seq_device_init+0x0/0x71 returned 0 after 0 usecs
[    2.210931] calling  hda_bus_init+0x0/0xc @ 1
[    2.212105] initcall hda_bus_init+0x0/0xc returned 0 after 0 usecs
[    2.212932] calling  proto_init+0x0/0xc @ 1
[    2.215102] initcall proto_init+0x0/0xc returned 0 after 976 usecs
[    2.216932] calling  net_dev_init+0x0/0x1cc @ 1
[    2.223643] initcall net_dev_init+0x0/0x1cc returned 0 after 4882 usecs
[    2.223932] calling  neigh_init+0x0/0x84 @ 1
[    2.224932] initcall neigh_init+0x0/0x84 returned 0 after 0 usecs
[    2.225930] calling  fib_notifier_init+0x0/0xc @ 1
[    2.226998] initcall fib_notifier_init+0x0/0xc returned 0 after 0 usecs
[    2.227933] calling  fib_rules_init+0x0/0xab @ 1
[    2.229373] initcall fib_rules_init+0x0/0xab returned 0 after 0 usecs
[    2.229934] calling  pktsched_init+0x0/0x10e @ 1
[    2.231312] initcall pktsched_init+0x0/0x10e returned 0 after 0 usecs
[    2.231933] calling  tc_filter_init+0x0/0xfa @ 1
[    2.233096] initcall tc_filter_init+0x0/0xfa returned 0 after 0 usecs
[    2.233933] calling  tc_action_init+0x0/0x54 @ 1
[    2.234934] initcall tc_action_init+0x0/0x54 returned 0 after 0 usecs
[    2.235932] calling  ethnl_init+0x0/0x52 @ 1
[    2.238119] initcall ethnl_init+0x0/0x52 returned 0 after 976 usecs
[    2.238933] calling  nexthop_init+0x0/0xd8 @ 1
[    2.241392] initcall nexthop_init+0x0/0xd8 returned 0 after 976 usecs
[    2.241931] calling  cipso_v4_init+0x0/0x5a @ 1
[    2.243118] initcall cipso_v4_init+0x0/0x5a returned 0 after 0 usecs
[    2.244039] calling  ieee80211_init+0x0/0x24 @ 1
[    2.245967] initcall ieee80211_init+0x0/0x24 returned 0 after 976 usecs
[    2.246930] calling  netlbl_init+0x0/0x78 @ 1
[    2.248017] NetLabel: Initializing
[    2.248927] NetLabel:  domain hash size = 128
[    2.250247] NetLabel:  protocols = UNLABELED CIPSOv4 CALIPSO
[    2.255351] NetLabel:  unlabeled traffic allowed by default
[    2.255934] initcall netlbl_init+0x0/0x78 returned 0 after 7812 usecs
[    2.256932] calling  rfkill_init+0x0/0x111 @ 1
[    2.260014] initcall rfkill_init+0x0/0x111 returned 0 after 1953 usecs
[    2.260931] calling  pci_subsys_init+0x0/0x66 @ 1
[    2.262084] PCI: Using ACPI for IRQ routing
[    3.040924] PCI: pci_cache_line_size set to 64 bytes
[    3.044069] e820: reserve RAM buffer [mem 0x0009fc00-0x0009ffff]
[    3.046122] e820: reserve RAM buffer [mem 0x1ffdf000-0x1fffffff]
[    3.047381] initcall pci_subsys_init+0x0/0x66 returned 0 after 766601 usecs
[    3.052290] calling  nmi_warning_debugfs+0x0/0x26 @ 1
[    3.056753] initcall nmi_warning_debugfs+0x0/0x26 returned 0 after 2929 usecs
[    3.056932] calling  save_microcode_in_initrd+0x0/0x51 @ 1
[    3.058932] initcall save_microcode_in_initrd+0x0/0x51 returned 0 after 976 usecs
[    3.059947] calling  hpet_late_init+0x0/0x1f6 @ 1
[    3.063689] hpet: 3 channels of 0 reserved for per-cpu timers
[    3.065292] hpet0: at MMIO 0xfed00000, IRQs 2, 8, 0
[    3.065928] hpet0: 3 comparators, 64-bit 100.000000 MHz counter
[    3.068933] initcall hpet_late_init+0x0/0x1f6 returned 0 after 7812 usecs
[    3.069934] calling  init_amd_nbs+0x0/0x11c @ 1
[    3.072476] initcall init_amd_nbs+0x0/0x11c returned 0 after 976 usecs
[    3.072992] calling  clocksource_done_booting+0x0/0x41 @ 1
[    3.075336] clocksource: Switched to clocksource kvm-clock
[    3.088974] initcall clocksource_done_booting+0x0/0x41 returned 0 after 14691 usecs
[    3.098208] calling  tracer_init_tracefs+0x0/0x1fb @ 1
[    3.563267] initcall tracer_init_tracefs+0x0/0x1fb returned 0 after 448078 usecs
[    3.573937] calling  init_trace_printk_function_export+0x0/0x2c @ 1
[    3.582365] initcall init_trace_printk_function_export+0x0/0x2c returned 0 after 9 usecs
[    3.591771] calling  init_kprobe_trace+0x0/0x1a9 @ 1
[    3.598390] initcall init_kprobe_trace+0x0/0x1a9 returned 0 after 24 usecs
[    3.607776] calling  init_dynamic_event+0x0/0x3d @ 1
[    3.613756] initcall init_dynamic_event+0x0/0x3d returned 0 after 186 usecs
[    3.621744] calling  init_uprobe_trace+0x0/0x5c @ 1
[    3.627386] initcall init_uprobe_trace+0x0/0x5c returned 0 after 54 usecs
[    3.635335] calling  init_pipe_fs+0x0/0x44 @ 1
[    3.640634] initcall init_pipe_fs+0x0/0x44 returned 0 after 192 usecs
[    3.648000] calling  inotify_user_setup+0x0/0x47 @ 1
[    3.653814] initcall inotify_user_setup+0x0/0x47 returned 0 after 74 usecs
[    3.661619] calling  eventpoll_init+0x0/0xcc @ 1
[    3.667486] initcall eventpoll_init+0x0/0xcc returned 0 after 248 usecs
[    3.675423] calling  anon_inode_init+0x0/0x58 @ 1
[    3.681102] initcall anon_inode_init+0x0/0x58 returned 0 after 86 usecs
[    3.689226] calling  proc_locks_init+0x0/0x27 @ 1
[    3.696488] initcall proc_locks_init+0x0/0x27 returned 0 after 347 usecs
[    3.704330] calling  iomap_init+0x0/0x1b @ 1
[    3.710729] initcall iomap_init+0x0/0x1b returned 0 after 903 usecs
[    3.718075] calling  dquot_init+0x0/0xd7 @ 1
[    3.723129] VFS: Disk quotas dquot_6.6.0
[    3.728145] VFS: Dquot-cache hash table entries: 512 (order 0, 4096 bytes)
[    3.736619] initcall dquot_init+0x0/0xd7 returned 0 after 13170 usecs
[    3.744407] calling  quota_init+0x0/0x23 @ 1
[    3.750254] initcall quota_init+0x0/0x23 returned 0 after 650 usecs
[    3.757814] calling  proc_cmdline_init+0x0/0x21 @ 1
[    3.763665] initcall proc_cmdline_init+0x0/0x21 returned 0 after 17 usecs
[    3.771686] calling  proc_consoles_init+0x0/0x24 @ 1
[    3.777714] initcall proc_consoles_init+0x0/0x24 returned 0 after 32 usecs
[    3.786151] calling  proc_cpuinfo_init+0x0/0x1e @ 1
[    3.791906] initcall proc_cpuinfo_init+0x0/0x1e returned 0 after 4 usecs
[    3.799794] calling  proc_devices_init+0x0/0x24 @ 1
[    3.805589] initcall proc_devices_init+0x0/0x24 returned 0 after 18 usecs
[    3.813484] calling  proc_interrupts_init+0x0/0x24 @ 1
[    3.819643] initcall proc_interrupts_init+0x0/0x24 returned 0 after 3 usecs
[    3.827889] calling  proc_loadavg_init+0x0/0x21 @ 1
[    3.833840] initcall proc_loadavg_init+0x0/0x21 returned 0 after 3 usecs
[    3.841800] calling  proc_meminfo_init+0x0/0x21 @ 1
[    3.847686] initcall proc_meminfo_init+0x0/0x21 returned 0 after 3 usecs
[    3.856009] calling  proc_stat_init+0x0/0x1e @ 1
[    3.862785] initcall proc_stat_init+0x0/0x1e returned 0 after 3 usecs
[    3.872228] calling  proc_uptime_init+0x0/0x21 @ 1
[    3.879400] initcall proc_uptime_init+0x0/0x21 returned 0 after 13 usecs
[    3.888504] calling  proc_version_init+0x0/0x21 @ 1
[    3.894270] initcall proc_version_init+0x0/0x21 returned 0 after 3 usecs
[    3.902081] calling  proc_softirqs_init+0x0/0x21 @ 1
[    3.907970] initcall proc_softirqs_init+0x0/0x21 returned 0 after 3 usecs
[    3.916079] calling  proc_kcore_init+0x0/0xea @ 1
[    3.921740] initcall proc_kcore_init+0x0/0xea returned 0 after 35 usecs
[    3.929522] calling  vmcore_init+0x0/0x578 @ 1
[    3.936433] initcall vmcore_init+0x0/0x578 returned 0 after 273 usecs
[    3.944505] calling  proc_kmsg_init+0x0/0x21 @ 1
[    3.950615] initcall proc_kmsg_init+0x0/0x21 returned 0 after 3 usecs
[    3.958558] calling  proc_page_init+0x0/0x3b @ 1
[    3.964349] initcall proc_page_init+0x0/0x3b returned 0 after 4 usecs
[    3.973722] calling  init_ramfs_fs+0x0/0xc @ 1
[    3.978946] initcall init_ramfs_fs+0x0/0xc returned 0 after 27 usecs
[    3.986325] calling  init_hugetlbfs_fs+0x0/0xf6 @ 1
[    3.992074] initcall init_hugetlbfs_fs+0x0/0xf6 returned 0 after 84 usecs
[    3.999936] calling  blk_scsi_ioctl_init+0x0/0x2a5 @ 1
[    4.006074] initcall blk_scsi_ioctl_init+0x0/0x2a5 returned 0 after 17 usecs
[    4.014836] calling  acpi_event_init+0x0/0x2c @ 1
[    4.020540] initcall acpi_event_init+0x0/0x2c returned 0 after 59 usecs
[    4.028419] calling  pnp_system_init+0x0/0xc @ 1
[    4.034642] initcall pnp_system_init+0x0/0xc returned 0 after 652 usecs
[    4.043498] calling  pnpacpi_init+0x0/0x69 @ 1
[    4.050167] pnp: PnP ACPI init
[    4.058296] pnp 00:00: Plug and Play ACPI device, IDs PNP0303 (active)
[    4.068118] pnp 00:01: Plug and Play ACPI device, IDs PNP0f13 (active)
[    4.076524] pnp 00:02: Plug and Play ACPI device, IDs PNP0400 (active)
[    4.084342] pnp 00:03: Plug and Play ACPI device, IDs PNP0501 (active)
[    4.092055] pnp 00:04: Plug and Play ACPI device, IDs PNP0b00 (active)
[    4.100294] system 00:05: [mem 0xb0000000-0xbfffffff window] has been reserved
[    4.108931] system 00:05: Plug and Play ACPI device, IDs PNP0c01 (active)
[    4.118349] pnp: PnP ACPI: found 6 devices
[    4.123255] initcall pnpacpi_init+0x0/0x69 returned 0 after 71386 usecs
[    4.131179] calling  chr_dev_init+0x0/0x14d @ 1
[    4.140320] initcall chr_dev_init+0x0/0x14d returned 0 after 3450 usecs
[    4.149054] calling  firmware_class_init+0x0/0xde @ 1
[    4.155483] initcall firmware_class_init+0x0/0xde returned 0 after 132 usecs
[    4.165187] calling  init_pcmcia_bus+0x0/0x5b @ 1
[    4.172292] initcall init_pcmcia_bus+0x0/0x5b returned 0 after 224 usecs
[    4.182089] calling  init_acpi_pm_clocksource+0x0/0xda @ 1
[    4.196078] clocksource: acpi_pm: mask: 0xffffff max_cycles: 0xffffff, max_idle_ns: 2085701024 ns
[    4.206506] initcall init_acpi_pm_clocksource+0x0/0xda returned 0 after 15995 usecs
[    4.215427] calling  sysctl_core_init+0x0/0x26 @ 1
[    4.221758] initcall sysctl_core_init+0x0/0x26 returned 0 after 199 usecs
[    4.229604] calling  eth_offload_init+0x0/0x13 @ 1
[    4.236179] initcall eth_offload_init+0x0/0x13 returned 0 after 43 usecs
[    4.245864] calling  ipv4_offload_init+0x0/0x73 @ 1
[    4.253137] initcall ipv4_offload_init+0x0/0x73 returned 0 after 202 usecs
[    4.263035] calling  inet_init+0x0/0x276 @ 1
[    4.269446] NET: Registered protocol family 2
[    4.277604] IP idents hash table entries: 8192 (order: 4, 65536 bytes, linear)
[    4.291762] tcp_listen_portaddr_hash hash table entries: 256 (order: 0, 4096 bytes, linear)
[    4.302255] TCP established hash table entries: 4096 (order: 3, 32768 bytes, linear)
[    4.311877] TCP bind hash table entries: 4096 (order: 3, 32768 bytes, linear)
[    4.320355] TCP: Hash tables configured (established 4096 bind 4096)
[    4.328830] UDP hash table entries: 256 (order: 1, 8192 bytes, linear)
[    4.336523] UDP-Lite hash table entries: 256 (order: 1, 8192 bytes, linear)
[    4.345073] initcall inet_init+0x0/0x276 returned 0 after 74016 usecs
[    4.352414] calling  af_unix_init+0x0/0x4d @ 1
[    4.357683] NET: Registered protocol family 1
[    4.362787] initcall af_unix_init+0x0/0x4d returned 0 after 4985 usecs
[    4.370260] calling  ipv6_offload_init+0x0/0x7e @ 1
[    4.376037] initcall ipv6_offload_init+0x0/0x7e returned 0 after 54 usecs
[    4.383991] calling  init_sunrpc+0x0/0x65 @ 1
[    4.390074] RPC: Registered named UNIX socket transport module.
[    4.397205] RPC: Registered udp transport module.
[    4.402789] RPC: Registered tcp transport module.
[    4.408696] RPC: Registered tcp NFSv4.1 backchannel transport module.
[    4.416278] initcall init_sunrpc+0x0/0x65 returned 0 after 26425 usecs
[    4.424114] calling  cfg80211_init+0x0/0xc5 @ 1
[    4.430449] initcall cfg80211_init+0x0/0xc5 returned 0 after 770 usecs
[    4.438229] calling  pcibios_assign_resources+0x0/0xcb @ 1
[    4.444940] pci_bus 0000:00: resource 4 [io  0x0000-0x0cf7 window]
[    4.452356] pci_bus 0000:00: resource 5 [io  0x0d00-0xffff window]
[    4.459576] pci_bus 0000:00: resource 6 [mem 0x000a0000-0x000bffff window]
[    4.467561] pci_bus 0000:00: resource 7 [mem 0x20000000-0xafffffff window]
[    4.475546] pci_bus 0000:00: resource 8 [mem 0xc0000000-0xfebfffff window]
[    4.483348] pci_bus 0000:00: resource 9 [mem 0x100000000-0x8ffffffff window]
[    4.491351] initcall pcibios_assign_resources+0x0/0xcb returned 0 after 45425 usecs
[    4.500289] calling  pci_apply_final_quirks+0x0/0x124 @ 1
[    4.506840] pci 0000:00:01.0: calling  pci_fixup_video+0x0/0xe0 @ 1
[    4.515476] pci 0000:00:01.0: Video device with shadowed ROM at [mem 0x000c0000-0x000dffff]
[    4.524881] pci 0000:00:01.0: pci_fixup_video+0x0/0xe0 took 9530 usecs
[    4.532411] PCI: CLS 0 bytes, default 64
[    4.536891] initcall pci_apply_final_quirks+0x0/0x124 returned 0 after 29678 usecs
[    4.545336] calling  acpi_reserve_resources+0x0/0xea @ 1
[    4.551350] initcall acpi_reserve_resources+0x0/0xea returned 0 after 30 usecs
[    4.559380] calling  populate_rootfs+0x0/0x102 @ 1
[    4.566052] initcall populate_rootfs+0x0/0x102 returned 0 after 1239 usecs
[    4.573819] calling  pci_iommu_init+0x0/0x3e @ 1
[    4.579048] initcall pci_iommu_init+0x0/0x3e returned 0 after 25 usecs
[    4.586302] calling  ia32_binfmt_init+0x0/0x13 @ 1
[    4.591670] initcall ia32_binfmt_init+0x0/0x13 returned 0 after 18 usecs
[    4.599259] calling  rapl_pmu_init+0x0/0x25f @ 1
[    4.604452] initcall rapl_pmu_init+0x0/0x25f returned -19 after 32 usecs
[    4.611986] calling  amd_uncore_init+0x0/0x310 @ 1
[    4.617381] initcall amd_uncore_init+0x0/0x310 returned -19 after 0 usecs
[    4.626031] calling  amd_ibs_init+0x0/0x273 @ 1
[    4.631162] initcall amd_ibs_init+0x0/0x273 returned -19 after 0 usecs
[    4.638390] calling  amd_iommu_pc_init+0x0/0x20c @ 1
[    4.644234] initcall amd_iommu_pc_init+0x0/0x20c returned -19 after 34 usecs
[    4.652148] calling  msr_init+0x0/0x55 @ 1
[    4.656886] initcall msr_init+0x0/0x55 returned 0 after 112 usecs
[    4.664581] calling  intel_uncore_init+0x0/0x322 @ 1
[    4.670791] initcall intel_uncore_init+0x0/0x322 returned -19 after 35 usecs
[    4.678568] calling  cstate_pmu_init+0x0/0x181 @ 1
[    4.683936] initcall cstate_pmu_init+0x0/0x181 returned -19 after 0 usecs
[    4.691339] calling  register_kernel_offset_dumper+0x0/0x1a @ 1
[    4.698014] initcall register_kernel_offset_dumper+0x0/0x1a returned 0 after 1 usecs
[    4.706506] calling  i8259A_init_ops+0x0/0x20 @ 1
[    4.711716] initcall i8259A_init_ops+0x0/0x20 returned 0 after 1 usecs
[    4.718972] calling  init_tsc_clocksource+0x0/0xa4 @ 1
[    4.724661] clocksource: tsc: mask: 0xffffffffffffffff max_cycles: 0x39a85afc727, max_idle_ns: 881590685098 ns
[    4.735810] initcall init_tsc_clocksource+0x0/0xa4 returned 0 after 10886 usecs
[    4.743826] calling  add_rtc_cmos+0x0/0xb0 @ 1
[    4.749537] initcall add_rtc_cmos+0x0/0xb0 returned 0 after 2 usecs
[    4.765165] calling  i8237A_init_ops+0x0/0x3a @ 1
[    4.771745] initcall i8237A_init_ops+0x0/0x3a returned 0 after 490 usecs
[    4.779811] calling  umwait_init+0x0/0x94 @ 1
[    4.785062] initcall umwait_init+0x0/0x94 returned -19 after 139 usecs
[    4.792430] calling  thermal_throttle_init_device+0x0/0x3d @ 1
[    4.798967] initcall thermal_throttle_init_device+0x0/0x3d returned 0 after 1 usecs
[    4.807402] calling  msr_init+0x0/0xd7 @ 1
[    4.815409] initcall msr_init+0x0/0xd7 returned 0 after 3271 usecs
[    4.822888] calling  cpuid_init+0x0/0xd7 @ 1
[    4.829459] initcall cpuid_init+0x0/0xd7 returned 0 after 311 usecs
[    4.838202] calling  ioapic_init_ops+0x0/0x13 @ 1
[    4.844888] initcall ioapic_init_ops+0x0/0x13 returned 0 after 39 usecs
[    4.854143] calling  add_pcspkr+0x0/0x6c @ 1
[    4.860510] initcall add_pcspkr+0x0/0x6c returned 0 after 241 usecs
[    4.868434] calling  start_periodic_check_for_corruption+0x0/0x30 @ 1
[    4.875847] check: Scanning for low memory corruption every 60 seconds
[    4.883275] initcall start_periodic_check_for_corruption+0x0/0x30 returned 0 after 7275 usecs
[    4.895204] calling  sysfb_init+0x0/0x9c @ 1
[    4.901681] initcall sysfb_init+0x0/0x9c returned 0 after 235 usecs
[    4.910549] calling  audit_classes_init+0x0/0xae @ 1
[    4.917828] initcall audit_classes_init+0x0/0xae returned 0 after 48 usecs
[    4.927555] calling  iosf_mbi_init+0x0/0x24 @ 1
[    4.934802] initcall iosf_mbi_init+0x0/0x24 returned 0 after 559 usecs
[    4.944162] calling  proc_execdomains_init+0x0/0x21 @ 1
[    4.950614] initcall proc_execdomains_init+0x0/0x21 returned 0 after 144 usecs
[    4.958782] calling  register_warn_debugfs+0x0/0x23 @ 1
[    4.964945] initcall register_warn_debugfs+0x0/0x23 returned 0 after 232 usecs
[    4.973103] calling  ioresources_init+0x0/0x49 @ 1
[    4.979135] initcall ioresources_init+0x0/0x49 returned 0 after 5 usecs
[    4.988753] calling  snapshot_device_init+0x0/0xc @ 1
[    4.996397] initcall snapshot_device_init+0x0/0xc returned 0 after 447 usecs
[    5.010793] calling  irq_pm_init_ops+0x0/0x13 @ 1
[    5.016152] initcall irq_pm_init_ops+0x0/0x13 returned 0 after 43 usecs
[    5.023634] calling  rcu_torture_init+0x0/0x964 @ 1
[    5.029421] rcu-torture:--- Start of test: nreaders=1 nfakewriters=4 stat_interval=15 verbose=1 test_no_idle_hz=1 shuffle_interval=3 stutter=5 irqreader=1 fqs_duration=0 fqs_holdoff=0 fqs_stutter=3 test_boost=1/0 test_boost_interval=7 test_boost_duration=4 shutdown_secs=1800 stall_cpu=0 stall_cpu_holdoff=10 stall_cpu_irqsoff=0 stall_cpu_block=0 n_barrier_cbs=4 onoff_interval=0 onoff_holdoff=0 read_exit_delay=13 read_exit_burst=16
[    5.076758] rcu:  Start-test grace-period state: g-1092 f0x0
[    5.084506] rcu-torture: Creating rcu_torture_writer task
[    5.092905] rcu-torture: Creating rcu_torture_fakewriter task
[    5.101066] rcu-torture: rcu_torture_writer task started
[    5.108474] rcu-torture: GP expediting controlled from boot/sysfs for rcu.
[    5.117991] rcu-torture: Creating rcu_torture_fakewriter task
[    5.125068] rcu-torture: rcu_torture_fakewriter task started
[    5.131698] rcu-torture: Creating rcu_torture_fakewriter task
[    5.138829] rcu-torture: rcu_torture_fakewriter task started
[    5.145295] rcu_torture_writer: Testing conditional GPs.
[    5.152330] rcu-torture: Creating rcu_torture_fakewriter task
[    5.159418] rcu-torture: rcu_torture_fakewriter task started
[    5.165649] rcu_torture_writer: Testing expedited GPs.
[    5.171385] rcu-torture: Creating rcu_torture_reader task
[    5.178030] rcu-torture: rcu_torture_fakewriter task started
[    5.185072] rcu_torture_writer: Testing asynchronous GPs.
[    5.191129] rcu-torture: Creating rcu_torture_stats task
[    5.197022] rcu-torture: rcu_torture_reader task started
[    5.202879] rcu_torture_writer: Testing normal GPs.
[    5.208341] rcu-torture: Creating torture_shuffle task
[    5.215016] rcu-torture: rcu_torture_stats task started
[    5.220855] rcu-torture: Creating torture_stutter task
[    5.227703] rcu-torture: torture_shuffle task started
[    5.235318] rcu-torture: Creating torture_shutdown task
[    5.242900] rcu-torture: torture_stutter task started
[    5.252251] rcu-torture: Creating rcu_torture_fwd_prog task
[    5.259533] rcu-torture: torture_shutdown task started
[    5.265514] rcu-torture:torture_shutdown task: 1799969 ms remaining
[    5.272748] rcu-torture: Creating rcu_torture_barrier_cbs task
[    5.279671] rcu-torture: rcu_torture_fwd_progress task started
[    5.286709] rcu-torture: Creating rcu_torture_barrier_cbs task
[    5.293636] rcu-torture: rcu_torture_barrier_cbs task started
[    5.300653] rcu-torture: Creating rcu_torture_barrier_cbs task
[    5.307506] rcu-torture: rcu_torture_barrier_cbs task started
[    5.314462] rcu-torture: Creating rcu_torture_barrier_cbs task
[    5.321143] rcu-torture: rcu_torture_barrier_cbs task started
[    5.327817] rcu-torture: Creating rcu_torture_barrier task
[    5.334192] rcu-torture: rcu_torture_barrier_cbs task started
[    5.340680] rcu-torture: Creating rcu_torture_read_exit task
[    5.347017] rcu-torture: rcu_torture_barrier task starting
[    5.353495] initcall rcu_torture_init+0x0/0x964 returned 0 after 316660 usecs
[    5.361464] rcu-torture: rcu_torture_read_exit: Start of test
[    5.367913] calling  timekeeping_init_ops+0x0/0x13 @ 1
[    5.373721] initcall timekeeping_init_ops+0x0/0x13 returned 0 after 7 usecs
[    5.381895] calling  init_clocksource_sysfs+0x0/0x23 @ 1
[    5.389389] initcall init_clocksource_sysfs+0x0/0x23 returned 0 after 121 usecs
[    5.399384] calling  init_timer_list_procfs+0x0/0x31 @ 1
[    5.406820] initcall init_timer_list_procfs+0x0/0x31 returned 0 after 12 usecs
[    5.415567] calling  alarmtimer_init+0x0/0xb5 @ 1
[    5.420903] initcall alarmtimer_init+0x0/0xb5 returned 0 after 63 usecs
[    5.428267] calling  init_posix_timers+0x0/0x29 @ 1
[    5.434170] initcall init_posix_timers+0x0/0x29 returned 0 after 217 usecs
[    5.441895] calling  clockevents_init_sysfs+0x0/0x8b @ 1
[    5.448051] initcall clockevents_init_sysfs+0x0/0x8b returned 0 after 188 usecs
[    5.456323] calling  proc_dma_init+0x0/0x21 @ 1
[    5.461621] initcall proc_dma_init+0x0/0x21 returned 0 after 22 usecs
[    5.469192] calling  proc_modules_init+0x0/0x1e @ 1
[    5.474889] initcall proc_modules_init+0x0/0x1e returned 0 after 22 usecs
[    5.482717] calling  kallsyms_init+0x0/0x21 @ 1
[    5.488162] initcall kallsyms_init+0x0/0x21 returned 0 after 9 usecs
[    5.495565] calling  pid_namespaces_init+0x0/0x2c @ 1
[    5.501846] initcall pid_namespaces_init+0x0/0x2c returned 0 after 29 usecs
[    5.510655] calling  audit_watch_init+0x0/0x37 @ 1
[    5.517067] initcall audit_watch_init+0x0/0x37 returned 0 after 106 usecs
[    5.526767] calling  audit_fsnotify_init+0x0/0x37 @ 1
[    5.534013] initcall audit_fsnotify_init+0x0/0x37 returned 0 after 9 usecs
[    5.543831] calling  audit_tree_init+0x0/0x6d @ 1
[    5.550455] initcall audit_tree_init+0x0/0x6d returned 0 after 35 usecs
[    5.560454] calling  seccomp_sysctl_init+0x0/0x2b @ 1
[    5.567885] initcall seccomp_sysctl_init+0x0/0x2b returned 0 after 118 usecs
[    5.577075] calling  utsname_sysctl_init+0x0/0x13 @ 1
[    5.583442] initcall utsname_sysctl_init+0x0/0x13 returned 0 after 144 usecs
[    5.591713] calling  init_tracepoints+0x0/0x27 @ 1
[    5.597447] initcall init_tracepoints+0x0/0x27 returned 0 after 77 usecs
[    5.605218] calling  init_blk_tracer+0x0/0x50 @ 1
[    5.611455] initcall init_blk_tracer+0x0/0x50 returned 0 after 704 usecs
[    5.619279] calling  perf_event_sysfs_init+0x0/0x81 @ 1
[    5.626381] initcall perf_event_sysfs_init+0x0/0x81 returned 0 after 848 usecs
[    5.634577] calling  system_trusted_keyring_init+0x0/0x5f @ 1
[    5.641255] Initialise system trusted keyrings
[    5.646680] initcall system_trusted_keyring_init+0x0/0x5f returned 0 after 5300 usecs
[    5.655823] calling  kswapd_init+0x0/0x13 @ 1
[    5.661416] initcall kswapd_init+0x0/0x13 returned 0 after 379 usecs
[    5.669279] calling  extfrag_debug_init+0x0/0x54 @ 1
[    5.675238] initcall extfrag_debug_init+0x0/0x54 returned 0 after 71 usecs
[    5.682935] calling  slab_proc_init+0x0/0x21 @ 1
[    5.688639] initcall slab_proc_init+0x0/0x21 returned 0 after 41 usecs
[    5.695864] calling  workingset_init+0x0/0x8c @ 1
[    5.703131] workingset: timestamp_bits=62 max_order=17 bucket_order=0
[    5.712325] initcall workingset_init+0x0/0x8c returned 0 after 9023 usecs
[    5.722821] calling  proc_vmalloc_init+0x0/0x27 @ 1
[    5.730076] initcall proc_vmalloc_init+0x0/0x27 returned 0 after 30 usecs
[    5.739557] calling  procswaps_init+0x0/0x1e @ 1
[    5.746289] initcall procswaps_init+0x0/0x1e returned 0 after 63 usecs
[    5.755700] calling  slab_sysfs_init+0x0/0xea @ 1
[    5.765680] initcall slab_sysfs_init+0x0/0xea returned 0 after 3131 usecs
[    5.773382] calling  fcntl_init+0x0/0x29 @ 1
[    5.778230] initcall fcntl_init+0x0/0x29 returned 0 after 14 usecs
[    5.785452] calling  proc_filesystems_init+0x0/0x21 @ 1
[    5.791380] initcall proc_filesystems_init+0x0/0x21 returned 0 after 18 usecs
[    5.799394] calling  start_dirtytime_writeback+0x0/0x29 @ 1
[    5.806176] initcall start_dirtytime_writeback+0x0/0x29 returned 0 after 491 usecs
[    5.814715] calling  blkdev_init+0x0/0x1b @ 1
[    5.820116] initcall blkdev_init+0x0/0x1b returned 0 after 304 usecs
[    5.827441] calling  dio_init+0x0/0x2c @ 1
[    5.838811] initcall dio_init+0x0/0x2c returned 0 after 2389 usecs
[    5.845896] calling  dnotify_init+0x0/0x78 @ 1
[    5.851502] initcall dnotify_init+0x0/0x78 returned 0 after 519 usecs
[    5.858883] calling  aio_setup+0x0/0x78 @ 1
[    5.865455] initcall aio_setup+0x0/0x78 returned 0 after 1659 usecs
[    5.872692] calling  io_uring_init+0x0/0x2c @ 1
[    5.877933] initcall io_uring_init+0x0/0x2c returned 0 after 23 usecs
[    5.885370] calling  mbcache_init+0x0/0x30 @ 1
[    5.890804] initcall mbcache_init+0x0/0x30 returned 0 after 270 usecs
[    5.898062] calling  init_grace+0x0/0xc @ 1
[    5.903832] initcall init_grace+0x0/0xc returned 0 after 936 usecs
[    5.911770] calling  init_v2_quota_format+0x0/0x21 @ 1
[    5.919258] initcall init_v2_quota_format+0x0/0x21 returned 0 after 69 usecs
[    5.929714] calling  init_devpts_fs+0x0/0x27 @ 1
[    5.937577] initcall init_devpts_fs+0x0/0x27 returned 0 after 1121 usecs
[    5.947323] calling  ext4_init_fs+0x0/0x1cb @ 1
[    5.955210] initcall ext4_init_fs+0x0/0x1cb returned 0 after 1232 usecs
[    5.963725] calling  journal_init+0x0/0x11c @ 1
[    5.969361] initcall journal_init+0x0/0x11c returned 0 after 111 usecs
[    5.977323] calling  init_fat_fs+0x0/0x49 @ 1
[    5.982927] initcall init_fat_fs+0x0/0x49 returned 0 after 191 usecs
[    5.990695] calling  init_vfat_fs+0x0/0xc @ 1
[    5.997207] initcall init_vfat_fs+0x0/0xc returned 0 after 24 usecs
[    6.004755] calling  init_msdos_fs+0x0/0xc @ 1
[    6.010048] initcall init_msdos_fs+0x0/0xc returned 0 after 11 usecs
[    6.017677] calling  init_iso9660_fs+0x0/0x6c @ 1
[    6.023569] initcall init_iso9660_fs+0x0/0x6c returned 0 after 216 usecs
[    6.031821] calling  init_nfs_fs+0x0/0x13a @ 1
[    6.040866] initcall init_nfs_fs+0x0/0x13a returned 0 after 3735 usecs
[    6.048423] calling  init_nfs_v2+0x0/0x13 @ 1
[    6.053510] initcall init_nfs_v2+0x0/0x13 returned 0 after 64 usecs
[    6.060621] calling  init_nfs_v3+0x0/0x13 @ 1
[    6.065613] initcall init_nfs_v3+0x0/0x13 returned 0 after 4 usecs
[    6.073011] calling  init_nfs_v4+0x0/0x32 @ 1
[    6.078250] NFS: Registering the id_resolver key type
[    6.084409] Key type id_resolver registered
[    6.089316] Key type id_legacy registered
[    6.094326] initcall init_nfs_v4+0x0/0x32 returned 0 after 15754 usecs
[    6.101778] calling  init_nlm+0x0/0x5b @ 1
[    6.107305] initcall init_nlm+0x0/0x5b returned 0 after 108 usecs
[    6.115115] calling  init_nls_cp437+0x0/0xe @ 1
[    6.120503] initcall init_nls_cp437+0x0/0xe returned 0 after 48 usecs
[    6.128099] calling  init_nls_ascii+0x0/0xe @ 1
[    6.133578] initcall init_nls_ascii+0x0/0xe returned 0 after 8 usecs
[    6.141052] calling  init_nls_iso8859_1+0x0/0xe @ 1
[    6.146833] initcall init_nls_iso8859_1+0x0/0xe returned 0 after 7 usecs
[    6.154738] calling  init_nls_utf8+0x0/0x21 @ 1
[    6.160088] initcall init_nls_utf8+0x0/0x21 returned 0 after 6 usecs
[    6.167558] calling  init_autofs_fs+0x0/0x25 @ 1
[    6.174427] initcall init_autofs_fs+0x0/0x25 returned 0 after 1391 usecs
[    6.182304] calling  ipc_init+0x0/0x24 @ 1
[    6.188182] initcall ipc_init+0x0/0x24 returned 0 after 330 usecs
[    6.196891] calling  ipc_sysctl_init+0x0/0x13 @ 1
[    6.203732] initcall ipc_sysctl_init+0x0/0x13 returned 0 after 58 usecs
[    6.212947] calling  init_mqueue_fs+0x0/0x92 @ 1
[    6.219279] initcall init_mqueue_fs+0x0/0x92 returned 0 after 437 usecs
[    6.228041] calling  key_proc_init+0x0/0x63 @ 1
[    6.233339] initcall key_proc_init+0x0/0x63 returned 0 after 9 usecs
[    6.240550] calling  selinux_nf_ip_init+0x0/0x2e @ 1
[    6.246388] initcall selinux_nf_ip_init+0x0/0x2e returned 0 after 49 usecs
[    6.254177] calling  init_sel_fs+0x0/0x116 @ 1
[    6.260424] initcall init_sel_fs+0x0/0x116 returned 0 after 12 usecs
[    6.269470] calling  selnl_init+0x0/0x7c @ 1
[    6.277202] initcall selnl_init+0x0/0x7c returned 0 after 1394 usecs
[    6.286245] calling  sel_netif_init+0x0/0x36 @ 1
[    6.291545] initcall sel_netif_init+0x0/0x36 returned 0 after 15 usecs
[    6.299026] calling  sel_netnode_init+0x0/0x33 @ 1
[    6.304627] initcall sel_netnode_init+0x0/0x33 returned 0 after 6 usecs
[    6.312107] calling  sel_netport_init+0x0/0x33 @ 1
[    6.317624] initcall sel_netport_init+0x0/0x33 returned 0 after 7 usecs
[    6.327163] calling  aurule_init+0x0/0x2a @ 1
[    6.332460] initcall aurule_init+0x0/0x2a returned 0 after 3 usecs
[    6.339804] calling  crypto_algapi_init+0x0/0xc @ 1
[    6.345753] initcall crypto_algapi_init+0x0/0xc returned 0 after 10 usecs
[    6.353920] calling  jent_mod_init+0x0/0x2d @ 1
[    6.369679] initcall jent_mod_init+0x0/0x2d returned 0 after 9984 usecs
[    6.377624] calling  asymmetric_key_init+0x0/0xc @ 1
[    6.383713] Key type asymmetric registered
[    6.388893] initcall asymmetric_key_init+0x0/0xc returned 0 after 5119 usecs
[    6.397238] calling  x509_key_init+0x0/0xc @ 1
[    6.402623] Asymmetric key parser 'x509' registered
[    6.408548] initcall x509_key_init+0x0/0xc returned 0 after 5808 usecs
[    6.416326] calling  proc_genhd_init+0x0/0x41 @ 1
[    6.422013] initcall proc_genhd_init+0x0/0x41 returned 0 after 28 usecs
[    6.430212] calling  bsg_init+0x0/0x113 @ 1
[    6.437773] Block layer SCSI generic (bsg) driver version 0.4 loaded (major 251)
[    6.447143] initcall bsg_init+0x0/0x113 returned 0 after 11072 usecs
[    6.455031] calling  deadline_init+0x0/0xc @ 1
[    6.460608] io scheduler mq-deadline registered
[    6.466257] initcall deadline_init+0x0/0xc returned 0 after 5570 usecs
[    6.474245] calling  kyber_init+0x0/0xc @ 1
[    6.479447] io scheduler kyber registered
[    6.484408] initcall kyber_init+0x0/0xc returned 0 after 4850 usecs
[    6.492206] calling  mod_init+0x0/0x7 @ 1
[    6.497229] initcall mod_init+0x0/0x7 returned 0 after 21 usecs
[    6.504588] calling  sg_pool_init+0x0/0xb4 @ 1
[    6.510428] initcall sg_pool_init+0x0/0xb4 returned 0 after 442 usecs
[    6.518217] calling  pcie_portdrv_init+0x0/0x39 @ 1
[    6.526301] initcall pcie_portdrv_init+0x0/0x39 returned 0 after 1058 usecs
[    6.534352] calling  pci_proc_init+0x0/0x68 @ 1
[    6.539709] initcall pci_proc_init+0x0/0x68 returned 0 after 92 usecs
[    6.547168] calling  pci_hotplug_init+0x0/0x7 @ 1
[    6.552693] initcall pci_hotplug_init+0x0/0x7 returned 0 after 2 usecs
[    6.560241] calling  efifb_driver_init+0x0/0xe @ 1
[    6.566501] initcall efifb_driver_init+0x0/0xe returned 0 after 385 usecs
[    6.574592] calling  ged_driver_init+0x0/0xe @ 1
[    6.580951] initcall ged_driver_init+0x0/0xe returned 0 after 229 usecs
[    6.589040] calling  acpi_ac_init+0x0/0x92 @ 1
[    6.595627] initcall acpi_ac_init+0x0/0x92 returned 0 after 871 usecs
[    6.603512] calling  acpi_button_driver_init+0x0/0x52 @ 1
[    6.610900] input: Power Button as /devices/LNXSYSTM:00/LNXPWRBN:00/input/input0
[    6.623111] ACPI: Power Button [PWRF]
[    6.629283] initcall acpi_button_driver_init+0x0/0x52 returned 0 after 18609 usecs
[    6.638686] calling  acpi_fan_driver_init+0x0/0xe @ 1
[    6.644812] initcall acpi_fan_driver_init+0x0/0xe returned 0 after 23 usecs
[    6.653199] calling  acpi_video_init+0x0/0xcb @ 1
[    6.659249] initcall acpi_video_init+0x0/0xcb returned 0 after 177 usecs
[    6.667514] calling  acpi_processor_driver_init+0x0/0xad @ 1
[    6.675218] initcall acpi_processor_driver_init+0x0/0xad returned 0 after 820 usecs
[    6.685854] calling  acpi_thermal_init+0x0/0x71 @ 1
[    6.692624] initcall acpi_thermal_init+0x0/0x71 returned 0 after 97 usecs
[    6.702434] calling  acpi_battery_init+0x0/0x32 @ 1
[    6.709790] initcall acpi_battery_init+0x0/0x32 returned 0 after 120 usecs
[    6.719902] calling  bgrt_init+0x0/0xb6 @ 1
[    6.724904] initcall bgrt_init+0x0/0xb6 returned -19 after 8 usecs
[    6.732304] calling  gpio_clk_driver_init+0x0/0xe @ 1
[    6.738484] initcall gpio_clk_driver_init+0x0/0xe returned 0 after 72 usecs
[    6.746775] calling  plt_clk_driver_init+0x0/0xe @ 1
[    6.753047] initcall plt_clk_driver_init+0x0/0xe returned 0 after 102 usecs
[    6.761211] calling  virtio_pci_driver_init+0x0/0x15 @ 1
[    6.767728] initcall virtio_pci_driver_init+0x0/0x15 returned 0 after 56 usecs
[    6.776898] calling  n_null_init+0x0/0x1e @ 1
[    6.783435] initcall n_null_init+0x0/0x1e returned 0 after 27 usecs
[    6.792700] calling  pty_init+0x0/0x1e8 @ 1
[    6.799680] initcall pty_init+0x0/0x1e8 returned 0 after 495 usecs
[    6.808712] calling  sysrq_init+0x0/0x62 @ 1
[    6.814170] initcall sysrq_init+0x0/0x62 returned 0 after 53 usecs
[    6.821834] calling  serial8250_init+0x0/0x17e @ 1
[    6.827828] Serial: 8250/16550 driver, 4 ports, IRQ sharing enabled
[    6.838288] 00:03: ttyS0 at I/O 0x3f8 (irq = 4, base_baud = 115200) is a 16550A
[    6.849686] initcall serial8250_init+0x0/0x17e returned 0 after 21402 usecs
[    6.858567] calling  serial_pci_driver_init+0x0/0x15 @ 1
[    6.865480] initcall serial_pci_driver_init+0x0/0x15 returned 0 after 126 usecs
[    6.874626] calling  exar_pci_driver_init+0x0/0x15 @ 1
[    6.881333] initcall exar_pci_driver_init+0x0/0x15 returned 0 after 39 usecs
[    6.893946] calling  lpss8250_pci_driver_init+0x0/0x15 @ 1
[    6.900837] initcall lpss8250_pci_driver_init+0x0/0x15 returned 0 after 30 usecs
[    6.910206] calling  mid8250_pci_driver_init+0x0/0x15 @ 1
[    6.917678] initcall mid8250_pci_driver_init+0x0/0x15 returned 0 after 37 usecs
[    6.927780] calling  virtio_console_init+0x0/0xff @ 1
[    6.934491] initcall virtio_console_init+0x0/0xff returned 0 after 402 usecs
[    6.943146] calling  hpet_init+0x0/0x64 @ 1
[    6.950469] initcall hpet_init+0x0/0x64 returned 0 after 1589 usecs
[    6.958248] calling  nvram_module_init+0x0/0x83 @ 1
[    6.964835] Non-volatile memory driver v1.3
[    6.970989] initcall nvram_module_init+0x0/0x83 returned 0 after 6137 usecs
[    6.979633] calling  hwrng_modinit+0x0/0x8a @ 1
[    6.985533] initcall hwrng_modinit+0x0/0x8a returned 0 after 77 usecs
[    6.993995] calling  mod_init+0x0/0x48 @ 1
[    7.000968] initcall mod_init+0x0/0x48 returned -19 after 10 usecs
[    7.011446] calling  agp_init+0x0/0x23 @ 1
[    7.018045] Linux agpgart interface v0.103
[    7.023813] initcall agp_init+0x0/0x23 returned 0 after 5634 usecs
[    7.031515] calling  agp_amd64_mod_init+0x0/0x5 @ 1
[    7.037745] initcall agp_amd64_mod_init+0x0/0x5 returned -19 after 175 usecs
[    7.046822] calling  agp_intel_init+0x0/0x28 @ 1
[    7.053366] initcall agp_intel_init+0x0/0x28 returned 0 after 642 usecs
[    7.061770] calling  drm_kms_helper_init+0x0/0x7 @ 1
[    7.069163] initcall drm_kms_helper_init+0x0/0x7 returned 0 after 219 usecs
[    7.079772] calling  drm_core_init+0x0/0x9e @ 1
[    7.086937] initcall drm_core_init+0x0/0x9e returned 0 after 341 usecs
[    7.096416] calling  i915_init+0x0/0x6b @ 1
[    7.102857] initcall i915_init+0x0/0x6b returned 0 after 420 usecs
[    7.112608] calling  cn_proc_init+0x0/0x35 @ 1
[    7.119785] initcall cn_proc_init+0x0/0x35 returned 0 after 13 usecs
[    7.128848] calling  topology_sysfs_init+0x0/0x27 @ 1
[    7.136044] initcall topology_sysfs_init+0x0/0x27 returned 0 after 59 usecs
[    7.145765] calling  cacheinfo_sysfs_init+0x0/0x27 @ 1
[    7.153097] initcall cacheinfo_sysfs_init+0x0/0x27 returned 0 after 383 usecs
[    7.163841] calling  loop_init+0x0/0x168 @ 1
[    7.198344] loop: module loaded
[    7.202749] initcall loop_init+0x0/0x168 returned 0 after 31192 usecs
[    7.210947] calling  mac_hid_init+0x0/0x21 @ 1
[    7.217239] initcall mac_hid_init+0x0/0x21 returned 0 after 21 usecs
[    7.225555] calling  spi_transport_init+0x0/0x74 @ 1
[    7.232583] initcall spi_transport_init+0x0/0x74 returned 0 after 217 usecs
[    7.242412] calling  init_sd+0x0/0x18c @ 1
[    7.248602] initcall init_sd+0x0/0x18c returned 0 after 112 usecs
[    7.257245] calling  init_sr+0x0/0x43 @ 1
[    7.265861] initcall init_sr+0x0/0x43 returned 0 after 42 usecs
[    7.275586] calling  init_sg+0x0/0x1c0 @ 1
[    7.282471] initcall init_sg+0x0/0x1c0 returned 0 after 95 usecs
[    7.291157] calling  ahci_pci_driver_init+0x0/0x15 @ 1
[    7.298784] ahci 0000:00:1f.2: version 3.0
[    7.306786] PCI Interrupt Link [GSIA] enabled at IRQ 16
[    7.323524] ahci 0000:00:1f.2: AHCI 0001.0000 32 slots 6 ports 1.5 Gbps 0x3f impl SATA mode
[    7.336779] ahci 0000:00:1f.2: flags: 64bit ncq only 
[    7.360566] scsi host0: ahci
[    7.367745] scsi host1: ahci
[    7.377355] scsi host2: ahci
[    7.382420] scsi host3: ahci
[    7.390079] scsi host4: ahci
[    7.396521] scsi host5: ahci
[    7.401222] ata1: SATA max UDMA/133 abar m4096@0xfebf1000 port 0xfebf1100 irq 24
[    7.411466] ata2: SATA max UDMA/133 abar m4096@0xfebf1000 port 0xfebf1180 irq 24
[    7.421555] ata3: SATA max UDMA/133 abar m4096@0xfebf1000 port 0xfebf1200 irq 24
[    7.431446] ata4: SATA max UDMA/133 abar m4096@0xfebf1000 port 0xfebf1280 irq 24
[    7.443399] ata5: SATA max UDMA/133 abar m4096@0xfebf1000 port 0xfebf1300 irq 24
[    7.453095] ata6: SATA max UDMA/133 abar m4096@0xfebf1000 port 0xfebf1380 irq 24
[    7.464921] initcall ahci_pci_driver_init+0x0/0x15 returned 0 after 162477 usecs
[    7.478526] calling  piix_init+0x0/0x26 @ 1
[    7.484865] initcall piix_init+0x0/0x26 returned 0 after 377 usecs
[    7.493349] calling  amd_pci_driver_init+0x0/0x15 @ 1
[    7.501698] initcall amd_pci_driver_init+0x0/0x15 returned 0 after 35 usecs
[    7.511130] calling  oldpiix_pci_driver_init+0x0/0x15 @ 1
[    7.518534] initcall oldpiix_pci_driver_init+0x0/0x15 returned 0 after 209 usecs
[    7.529140] calling  sch_pci_driver_init+0x0/0x15 @ 1
[    7.536894] initcall sch_pci_driver_init+0x0/0x15 returned 0 after 36 usecs
[    7.548147] calling  net_olddevs_init+0x0/0x55 @ 1
[    7.557530] initcall net_olddevs_init+0x0/0x55 returned 0 after 108 usecs
[    7.568560] calling  blackhole_netdev_init+0x0/0x78 @ 1
[    7.577814] initcall blackhole_netdev_init+0x0/0x78 returned 0 after 732 usecs
[    7.587773] calling  phy_module_init+0x0/0x13 @ 1
[    7.594947] initcall phy_module_init+0x0/0x13 returned 0 after 651 usecs
[    7.604925] calling  tg3_driver_init+0x0/0x15 @ 1
[    7.611808] initcall tg3_driver_init+0x0/0x15 returned 0 after 122 usecs
[    7.621838] calling  e100_init_module+0x0/0x4c @ 1
[    7.628854] e100: Intel(R) PRO/100 Network Driver
[    7.636522] e100: Copyright(c) 1999-2006 Intel Corporation
[    7.645151] initcall e100_init_module+0x0/0x4c returned 0 after 15928 usecs
[    7.655472] calling  e1000_init_module+0x0/0x72 @ 1
[    7.662832] e1000: Intel(R) PRO/1000 Network Driver
[    7.670592] e1000: Copyright (c) 1999-2006 Intel Corporation.
[    7.679552] initcall e1000_init_module+0x0/0x72 returned 0 after 16387 usecs
[    7.692473] calling  e1000_init_module+0x0/0x2d @ 1
[    7.701186] e1000e: Intel(R) PRO/1000 Network Driver
[    7.709876] e1000e: Copyright(c) 1999 - 2015 Intel Corporation.
[    7.720241] initcall e1000_init_module+0x0/0x2d returned 0 after 19318 usecs
[    7.732550] calling  sky2_init_module+0x0/0x21 @ 1
[    7.741353] sky2: driver version 1.30
[    7.748246] initcall sky2_init_module+0x0/0x21 returned 0 after 7347 usecs
[    7.759678] calling  forcedeth_pci_driver_init+0x0/0x15 @ 1
[    7.769461] initcall forcedeth_pci_driver_init+0x0/0x15 returned 0 after 1364 usecs
[    7.781652] calling  rtl8139_init_module+0x0/0x15 @ 1
[    7.789815] initcall rtl8139_init_module+0x0/0x15 returned 0 after 538 usecs
[    7.803475] ata4: SATA link down (SStatus 0 SControl 300)
[    7.811781] calling  rtl8169_pci_driver_init+0x0/0x15 @ 1
[    7.827727] initcall rtl8169_pci_driver_init+0x0/0x15 returned 0 after 7614 usecs
[    7.840113] ata3: SATA link up 1.5 Gbps (SStatus 113 SControl 300)
[    7.868105] calling  cdrom_init+0x0/0xc @ 1
[    7.879410] initcall cdrom_init+0x0/0xc returned 0 after 2335 usecs
[    7.895274] ata2: SATA link down (SStatus 0 SControl 300)
[    7.904357] calling  nonstatic_sysfs_init+0x0/0xc @ 1
[    7.916631] ata1: SATA link down (SStatus 0 SControl 300)
[    7.929223] initcall nonstatic_sysfs_init+0x0/0xc returned 0 after 14947 usecs
[    7.943983] ata6: SATA link down (SStatus 0 SControl 300)
[    7.954478] ata5: SATA link down (SStatus 0 SControl 300)
[    7.963202] calling  yenta_cardbus_driver_init+0x0/0x15 @ 1
[    7.975751] ata3.00: ATAPI: QEMU DVD-ROM, 2.5+, max UDMA/100
[    7.990327] ata3.00: applying bridge limits
[    8.003770] initcall yenta_cardbus_driver_init+0x0/0x15 returned 0 after 30076 usecs
[    8.016334] ata3.00: configured for UDMA/100
[    8.026325] calling  mon_init+0x0/0x123 @ 1
[    8.052707] initcall mon_init+0x0/0x123 returned 0 after 18549 usecs
[    8.062879] scsi 2:0:0:0: CD-ROM            QEMU     QEMU DVD-ROM     2.5+ PQ: 0 ANSI: 5
[    8.074526] calling  ehci_hcd_init+0x0/0x55 @ 1
[    8.086001] ehci_hcd: USB 2.0 'Enhanced' Host Controller (EHCI) Driver
[    8.096488] initcall ehci_hcd_init+0x0/0x55 returned 0 after 14242 usecs
[    8.107073] calling  ehci_pci_init+0x0/0x64 @ 1
[    8.113884] ehci-pci: EHCI PCI platform driver
[    8.121946] initcall ehci_pci_init+0x0/0x64 returned 0 after 8164 usecs
[    8.134510] sr 2:0:0:0: [sr0] scsi3-mmc drive: 4x/4x cd/rw xa/form2 tray
[    8.144550] cdrom: Uniform CD-ROM driver Revision: 3.20
[    8.152304] calling  ohci_hcd_mod_init+0x0/0x4d @ 1
[    8.160703] ohci_hcd: USB 1.1 'Open' Host Controller (OHCI) Driver
[    8.170144] initcall ohci_hcd_mod_init+0x0/0x4d returned 0 after 9951 usecs
[    8.180724] calling  ohci_pci_init+0x0/0x64 @ 1
[    8.187463] ohci-pci: OHCI PCI platform driver
[    8.194321] initcall ohci_pci_init+0x0/0x64 returned 0 after 6685 usecs
[    8.204314] calling  uhci_hcd_init+0x0/0xa6 @ 1
[    8.216249] uhci_hcd: USB Universal Host Controller Interface driver
[    8.233993] sr 2:0:0:0: Attached scsi CD-ROM sr0
[    8.242949] initcall uhci_hcd_init+0x0/0xa6 returned 0 after 30658 usecs
[    8.253801] sr 2:0:0:0: Attached scsi generic sg0 type 5
[    8.262266] calling  xhci_hcd_init+0x0/0x1e @ 1
[    8.269854] initcall xhci_hcd_init+0x0/0x1e returned 0 after 444 usecs
[    8.279993] calling  xhci_pci_init+0x0/0x49 @ 1
[    8.287266] initcall xhci_pci_init+0x0/0x49 returned 0 after 189 usecs
[    8.297476] calling  usblp_driver_init+0x0/0x15 @ 1
[    8.305480] usbcore: registered new interface driver usblp
[    8.314645] initcall usblp_driver_init+0x0/0x15 returned 0 after 9210 usecs
[    8.325463] calling  usb_storage_driver_init+0x0/0x2a @ 1
[    8.333845] usbcore: registered new interface driver usb-storage
[    8.343055] initcall usb_storage_driver_init+0x0/0x2a returned 0 after 9080 usecs
[    8.354200] calling  i8042_init+0x0/0x4c2 @ 1
[    8.361746] i8042: PNP: PS/2 Controller [PNP0303:KBD,PNP0f13:MOU] at 0x60,0x64 irq 1,12
[    8.384797] serio: i8042 KBD port at 0x60,0x64 irq 1
[    8.393155] serio: i8042 AUX port at 0x60,0x64 irq 12
[    8.401327] initcall i8042_init+0x0/0x4c2 returned 0 after 39436 usecs
[    8.412123] calling  serport_init+0x0/0x2c @ 1
[    8.419355] initcall serport_init+0x0/0x2c returned 0 after 47 usecs
[    8.431087] calling  input_leds_init+0x0/0xc @ 1
[    8.440440] initcall input_leds_init+0x0/0xc returned 0 after 687 usecs
[    8.450622] calling  evdev_init+0x0/0xc @ 1
[    8.457988] initcall evdev_init+0x0/0xc returned 0 after 639 usecs
[    8.467706] calling  atkbd_init+0x0/0x21 @ 1
[    8.478185] initcall atkbd_init+0x0/0x21 returned 0 after 4608 usecs
[    8.488473] input: AT Translated Set 2 keyboard as /devices/platform/i8042/serio0/input/input1
[    8.501711] calling  psmouse_init+0x0/0x7f @ 1
[    8.513801] initcall psmouse_init+0x0/0x7f returned 0 after 3926 usecs
[    8.535188] calling  cmos_init+0x0/0x73 @ 1
[    8.554910] rtc_cmos 00:04: RTC can wake from S4
[    8.570925] rtc_cmos 00:04: registered as rtc0
[    8.578772] rtc_cmos 00:04: alarms up to one day, y3k, 242 bytes nvram, hpet irqs
[    8.590730] initcall cmos_init+0x0/0x73 returned 0 after 47589 usecs
[    8.600215] calling  smbalert_driver_init+0x0/0xe @ 1
[    8.607778] initcall smbalert_driver_init+0x0/0xe returned 0 after 76 usecs
[    8.618713] calling  i2c_i801_init+0x0/0xc5 @ 1
[    8.629936] i801_smbus 0000:00:1f.3: SMBus using PCI interrupt
[    8.639137] i2c i2c-0: 1/1 memory slots populated (from DMI)
[    8.647497] i2c i2c-0: Memory type 0x07 not supported yet, not instantiating SPD
[    8.661168] initcall i2c_i801_init+0x0/0xc5 returned 0 after 34675 usecs
[    8.671361] calling  ptp_kvm_init+0x0/0xf0 @ 1
[    8.678809] initcall ptp_kvm_init+0x0/0xf0 returned 0 after 302 usecs
[    8.689095] calling  dm_init+0x0/0x3c @ 1
[    8.697826] device-mapper: ioctl: 4.43.0-ioctl (2020-10-01) initialised: dm-devel@redhat.com
[    8.711053] initcall dm_init+0x0/0x3c returned 0 after 15006 usecs
[    8.720616] calling  dm_mirror_init+0x0/0x29 @ 1
[    8.728092] initcall dm_mirror_init+0x0/0x29 returned 0 after 82 usecs
[    8.738437] calling  dm_dirty_log_init+0x0/0x4f @ 1
[    8.746524] initcall dm_dirty_log_init+0x0/0x4f returned 0 after 146 usecs
[    8.756834] calling  dm_zero_init+0x0/0x29 @ 1
[    8.763806] initcall dm_zero_init+0x0/0x29 returned 0 after 78 usecs
[    8.778655] calling  intel_pstate_init+0x0/0x4a2 @ 1
[    8.791261] intel_pstate: CPU model not supported
[    8.798289] initcall intel_pstate_init+0x0/0x4a2 returned -19 after 11371 usecs
[    8.809537] calling  haltpoll_init+0x0/0xc0 @ 1
[    8.816727] initcall haltpoll_init+0x0/0xc0 returned -19 after 43 usecs
[    8.827279] calling  efivars_sysfs_init+0x0/0x30 @ 1
[    8.835286] initcall efivars_sysfs_init+0x0/0x30 returned 0 after 216 usecs
[    8.846056] calling  esrt_sysfs_init+0x0/0x2a2 @ 1
[    8.853978] initcall esrt_sysfs_init+0x0/0x2a2 returned -38 after 994 usecs
[    8.864604] calling  hid_init+0x0/0x5c @ 1
[    8.871406] hid: raw HID events driver (C) Jiri Kosina
[    8.879658] initcall hid_init+0x0/0x5c returned 0 after 8652 usecs
[    8.889293] calling  hid_generic_init+0x0/0x15 @ 1
[    8.898013] initcall hid_generic_init+0x0/0x15 returned 0 after 239 usecs
[    8.909243] calling  a4_driver_init+0x0/0x15 @ 1
[    8.916219] initcall a4_driver_init+0x0/0x15 returned 0 after 39 usecs
[    8.926084] calling  apple_driver_init+0x0/0x15 @ 1
[    8.933327] initcall apple_driver_init+0x0/0x15 returned 0 after 321 usecs
[    8.943481] calling  belkin_driver_init+0x0/0x15 @ 1
[    8.951262] initcall belkin_driver_init+0x0/0x15 returned 0 after 279 usecs
[    8.961986] calling  ch_driver_init+0x0/0x15 @ 1
[    8.969043] initcall ch_driver_init+0x0/0x15 returned 0 after 33 usecs
[    8.978676] calling  ch_driver_init+0x0/0x15 @ 1
[    8.985817] initcall ch_driver_init+0x0/0x15 returned 0 after 24 usecs
[    9.003662] calling  cp_driver_init+0x0/0x15 @ 1
[    9.010845] initcall cp_driver_init+0x0/0x15 returned 0 after 23 usecs
[    9.020944] calling  ez_driver_init+0x0/0x15 @ 1
[    9.027953] initcall ez_driver_init+0x0/0x15 returned 0 after 27 usecs
[    9.038251] calling  gyration_driver_init+0x0/0x15 @ 1
[    9.045746] initcall gyration_driver_init+0x0/0x15 returned 0 after 40 usecs
[    9.055509] calling  ite_driver_init+0x0/0x15 @ 1
[    9.062002] initcall ite_driver_init+0x0/0x15 returned 0 after 18 usecs
[    9.071899] calling  ks_driver_init+0x0/0x15 @ 1
[    9.079620] initcall ks_driver_init+0x0/0x15 returned 0 after 387 usecs
[    9.089792] calling  lg_driver_init+0x0/0x15 @ 1
[    9.097397] initcall lg_driver_init+0x0/0x15 returned 0 after 102 usecs
[    9.108186] calling  lg_g15_driver_init+0x0/0x15 @ 1
[    9.115891] initcall lg_g15_driver_init+0x0/0x15 returned 0 after 57 usecs
[    9.126491] calling  ms_driver_init+0x0/0x15 @ 1
[    9.133911] initcall ms_driver_init+0x0/0x15 returned 0 after 28 usecs
[    9.143878] calling  mr_driver_init+0x0/0x15 @ 1
[    9.150702] initcall mr_driver_init+0x0/0x15 returned 0 after 60 usecs
[    9.160996] calling  ntrig_driver_init+0x0/0x15 @ 1
[    9.169130] initcall ntrig_driver_init+0x0/0x15 returned 0 after 211 usecs
[    9.180034] calling  pl_driver_init+0x0/0x15 @ 1
[    9.187329] initcall pl_driver_init+0x0/0x15 returned 0 after 52 usecs
[    9.197543] calling  pl_driver_init+0x0/0x15 @ 1
[    9.206626] initcall pl_driver_init+0x0/0x15 returned 0 after 42 usecs
[    9.221359] calling  redragon_driver_init+0x0/0x15 @ 1
[    9.235441] initcall redragon_driver_init+0x0/0x15 returned 0 after 6229 usecs
[    9.248880] input: ImExPS/2 Generic Explorer Mouse as /devices/platform/i8042/serio1/input/input3
[    9.262992] calling  samsung_driver_init+0x0/0x15 @ 1
[    9.272570] initcall samsung_driver_init+0x0/0x15 returned 0 after 1324 usecs
[    9.294042] calling  sony_init+0x0/0x38 @ 1
[    9.307109] initcall sony_init+0x0/0x38 returned 0 after 6331 usecs
[    9.327176] calling  sp_driver_init+0x0/0x15 @ 1
[    9.343148] initcall sp_driver_init+0x0/0x15 returned 0 after 7349 usecs
[    9.369045] calling  ts_driver_init+0x0/0x15 @ 1
[    9.383157] initcall ts_driver_init+0x0/0x15 returned 0 after 6803 usecs
[    9.406313] calling  hid_init+0x0/0x58 @ 1
[    9.422260] usbcore: registered new interface driver usbhid
[    9.442093] usbhid: USB HID core driver
[    9.454066] initcall hid_init+0x0/0x58 returned 0 after 40302 usecs
[    9.473217] calling  eeepc_laptop_init+0x0/0x57 @ 1
[    9.490419] initcall eeepc_laptop_init+0x0/0x57 returned -19 after 8515 usecs
[    9.515122] calling  pmc_atom_init+0x0/0x27a @ 1
[    9.529072] initcall pmc_atom_init+0x0/0x27a returned -19 after 7185 usecs
[    9.552101] calling  alsa_hwdep_init+0x0/0x5e @ 1
[    9.565419] initcall alsa_hwdep_init+0x0/0x5e returned 0 after 5730 usecs
[    9.592057] calling  alsa_timer_init+0x0/0x1f0 @ 1
[    9.605306] initcall alsa_timer_init+0x0/0x1f0 returned 0 after 5526 usecs
[    9.627105] calling  snd_hrtimer_init+0x0/0x117 @ 1
[    9.642129] initcall snd_hrtimer_init+0x0/0x117 returned 0 after 7356 usecs
[    9.663556] calling  alsa_pcm_init+0x0/0x64 @ 1
[    9.680312] initcall alsa_pcm_init+0x0/0x64 returned 0 after 8883 usecs
[    9.707184] calling  alsa_seq_init+0x0/0x4a @ 1
[    9.725354] initcall alsa_seq_init+0x0/0x4a returned 0 after 11417 usecs
[    9.749082] calling  alsa_seq_dummy_init+0x0/0x9c @ 1
[    9.763414] initcall alsa_seq_dummy_init+0x0/0x9c returned 0 after 7340 usecs
[    9.782206] calling  azx_driver_init+0x0/0x15 @ 1
[    9.795870] initcall azx_driver_init+0x0/0x15 returned 0 after 7225 usecs
[    9.817114] calling  sock_diag_init+0x0/0x2a @ 1
[    9.834123] initcall sock_diag_init+0x0/0x2a returned 0 after 9357 usecs
[    9.860116] calling  blackhole_init+0x0/0xc @ 1
[    9.913051] initcall blackhole_init+0x0/0xc returned 0 after 31535 usecs
[    9.940545] calling  nfnetlink_init+0x0/0x57 @ 1
[    9.969307] initcall nfnetlink_init+0x0/0x57 returned 0 after 20373 usecs
[    9.995183] calling  nfnetlink_log_init+0x0/0x99 @ 1
[   10.013040] initcall nfnetlink_log_init+0x0/0x99 returned 0 after 10240 usecs
[   10.041201] calling  nf_conntrack_standalone_init+0x0/0x87 @ 1
[   10.067747] initcall nf_conntrack_standalone_init+0x0/0x87 returned 0 after 16951 usecs
[   10.093127] calling  ctnetlink_init+0x0/0x83 @ 1
[   10.112170] initcall ctnetlink_init+0x0/0x83 returned 0 after 10788 usecs
[   10.135126] calling  nf_conntrack_ftp_init+0x0/0x12c @ 1
[   10.154176] initcall nf_conntrack_ftp_init+0x0/0x12c returned 0 after 9851 usecs
[   10.177141] calling  nf_conntrack_irc_init+0x0/0x129 @ 1
[   10.196286] initcall nf_conntrack_irc_init+0x0/0x129 returned 0 after 10136 usecs
[   10.221162] calling  nf_conntrack_sip_init+0x0/0x172 @ 1
[   10.240145] initcall nf_conntrack_sip_init+0x0/0x172 returned 0 after 10105 usecs
[   10.266237] calling  nf_nat_init+0x0/0xbb @ 1
[   10.282804] initcall nf_nat_init+0x0/0xbb returned 0 after 9604 usecs
[   10.297795] calling  nf_nat_ftp_init+0x0/0x2a @ 1
[   10.307309] initcall nf_nat_ftp_init+0x0/0x2a returned 0 after 1461 usecs
[   10.319439] calling  nf_nat_irc_init+0x0/0x2a @ 1
[   10.328353] initcall nf_nat_irc_init+0x0/0x2a returned 0 after 1853 usecs
[   10.340187] calling  nf_nat_sip_init+0x0/0x36 @ 1
[   10.349126] initcall nf_nat_sip_init+0x0/0x36 returned 0 after 1718 usecs
[   10.360644] calling  xt_init+0x0/0xcf @ 1
[   10.372942] initcall xt_init+0x0/0xcf returned 0 after 5758 usecs
[   10.387614] calling  tcpudp_mt_init+0x0/0x11 @ 1
[   10.394846] initcall tcpudp_mt_init+0x0/0x11 returned 0 after 98 usecs
[   10.405580] calling  connsecmark_tg_init+0x0/0xc @ 1
[   10.413702] initcall connsecmark_tg_init+0x0/0xc returned 0 after 314 usecs
[   10.425506] calling  nflog_tg_init+0x0/0xc @ 1
[   10.433266] initcall nflog_tg_init+0x0/0xc returned 0 after 625 usecs
[   10.444605] calling  secmark_tg_init+0x0/0x11 @ 1
[   10.453551] initcall secmark_tg_init+0x0/0x11 returned 0 after 873 usecs
[   10.464306] calling  tcpmss_tg_init+0x0/0x11 @ 1
[   10.472717] initcall tcpmss_tg_init+0x0/0x11 returned 0 after 1489 usecs
[   10.484421] rcu_torture_rea (92) used greatest stack depth: 15464 bytes left
[   10.494990] calling  conntrack_mt_init+0x0/0x11 @ 1
[   10.503346] initcall conntrack_mt_init+0x0/0x11 returned 0 after 919 usecs
[   10.515492] rcu-torture: rcu_torture_read_exit: End of episode
[   10.525620] calling  policy_mt_init+0x0/0x11 @ 1
[   10.533390] initcall policy_mt_init+0x0/0x11 returned 0 after 254 usecs
[   10.545587] calling  state_mt_init+0x0/0xc @ 1
[   10.554880] initcall state_mt_init+0x0/0xc returned 0 after 2194 usecs
[   10.565581] calling  gre_offload_init+0x0/0x48 @ 1
[   10.573450] initcall gre_offload_init+0x0/0x48 returned 0 after 136 usecs
[   10.583869] calling  sysctl_ipv4_init+0x0/0x46 @ 1
[   10.592729] initcall sysctl_ipv4_init+0x0/0x46 returned 0 after 1493 usecs
[   10.603483] calling  tunnel4_init+0x0/0x58 @ 1
[   10.610695] initcall tunnel4_init+0x0/0x58 returned 0 after 99 usecs
[   10.622369] calling  nf_defrag_init+0x0/0xc @ 1
[   10.630237] initcall nf_defrag_init+0x0/0xc returned 0 after 667 usecs
[   10.640540] calling  ip_tables_init+0x0/0x8d @ 1
[   10.650679] initcall ip_tables_init+0x0/0x8d returned 0 after 2550 usecs
[   10.662291] calling  iptable_filter_init+0x0/0x4c @ 1
[   10.671866] initcall iptable_filter_init+0x0/0x4c returned 0 after 2019 usecs
[   10.682793] calling  iptable_mangle_init+0x0/0xb8 @ 1
[   10.692350] initcall iptable_mangle_init+0x0/0xb8 returned 0 after 1636 usecs
[   10.703558] calling  reject_tg_init+0x0/0xc @ 1
[   10.710690] initcall reject_tg_init+0x0/0xc returned 0 after 4 usecs
[   10.719836] calling  cubictcp_register+0x0/0x53 @ 1
[   10.727534] initcall cubictcp_register+0x0/0x53 returned 0 after 122 usecs
[   10.737827] calling  xfrm_user_init+0x0/0x45 @ 1
[   10.744587] Initializing XFRM netlink socket
[   10.751279] initcall xfrm_user_init+0x0/0x45 returned 0 after 6533 usecs
[   10.761528] calling  inet6_init+0x0/0x35e @ 1
[   10.770437] NET: Registered protocol family 10
[   10.783593] Segment Routing with IPv6
[   10.789290] initcall inet6_init+0x0/0x35e returned 0 after 20466 usecs
[   10.801956] calling  ah6_init+0x0/0x71 @ 1
[   10.809179] initcall ah6_init+0x0/0x71 returned 0 after 765 usecs
[   10.819341] calling  esp6_init+0x0/0x71 @ 1
[   10.825907] initcall esp6_init+0x0/0x71 returned 0 after 12 usecs
[   10.836208] calling  ip6_tables_init+0x0/0x8d @ 1
[   10.843747] initcall ip6_tables_init+0x0/0x8d returned 0 after 66 usecs
[   10.856137] calling  ip6table_filter_init+0x0/0x4c @ 1
[   10.865395] initcall ip6table_filter_init+0x0/0x4c returned 0 after 1020 usecs
[   10.877113] calling  ip6table_mangle_init+0x0/0xb8 @ 1
[   10.886072] initcall ip6table_mangle_init+0x0/0xb8 returned 0 after 738 usecs
[   10.898485] calling  nf_defrag_init+0x0/0x45 @ 1
[   10.909403] initcall nf_defrag_init+0x0/0x45 returned 0 after 3437 usecs
[   10.919267] calling  ipv6header_mt6_init+0x0/0xc @ 1
[   10.926084] initcall ipv6header_mt6_init+0x0/0xc returned 0 after 5 usecs
[   10.935007] calling  reject_tg6_init+0x0/0xc @ 1
[   10.941497] initcall reject_tg6_init+0x0/0xc returned 0 after 3 usecs
[   10.951246] calling  sit_init+0x0/0xc3 @ 1
[   10.957523] sit: IPv6, IPv4 and MPLS over IPv4 tunneling driver
[   10.969391] initcall sit_init+0x0/0xc3 returned 0 after 11588 usecs
[   10.978783] calling  packet_init+0x0/0x75 @ 1
[   10.985896] NET: Registered protocol family 17
[   10.995296] initcall packet_init+0x0/0x75 returned 0 after 9488 usecs
[   11.006111] calling  init_rpcsec_gss+0x0/0x60 @ 1
[   11.019811] initcall init_rpcsec_gss+0x0/0x60 returned 0 after 774 usecs
[   11.029540] calling  init_dns_resolver+0x0/0xca @ 1
