c[?7l[2J[0mSeaBIOS (version 1.16.0-debian-1.16.0-4)
Booting from ROM...
early console in setup code
c[?7l[2J[    0.000000] Linux version 5.10.152+ (root@joelboxx.c.googlers.com) (gcc (Debian 12.2.0-3) 12.2.0, GNU ld (GNU Binutils for Debian) 2.39) #19 PREEMPT Tue Dec 13 08:30:36 UTC 2022
[    0.000000] Command line: selinux=0 initcall_debug debug console=ttyS0 rcutorture.n_barrier_cbs=4 rcutorture.stat_interval=15 rcutorture.shutdown_secs=1800 rcutorture.test_no_idle_hz=1 rcutorture.verbose=1
[    0.000000] x86/fpu: x87 FPU will use FXSAVE
[    0.000000] BIOS-provided physical RAM map:
[    0.000000] BIOS-e820: [mem 0x0000000000000000-0x000000000009fbff] usable
[    0.000000] BIOS-e820: [mem 0x000000000009fc00-0x000000000009ffff] reserved
[    0.000000] BIOS-e820: [mem 0x00000000000f0000-0x00000000000fffff] reserved
[    0.000000] BIOS-e820: [mem 0x0000000000100000-0x000000001ffdefff] usable
[    0.000000] BIOS-e820: [mem 0x000000001ffdf000-0x000000001fffffff] reserved
[    0.000000] BIOS-e820: [mem 0x00000000b0000000-0x00000000bfffffff] reserved
[    0.000000] BIOS-e820: [mem 0x00000000fed1c000-0x00000000fed1ffff] reserved
[    0.000000] BIOS-e820: [mem 0x00000000feffc000-0x00000000feffffff] reserved
[    0.000000] BIOS-e820: [mem 0x00000000fffc0000-0x00000000ffffffff] reserved
[    0.000000] NX (Execute Disable) protection: active
[    0.000000] SMBIOS 2.8 present.
[    0.000000] DMI: QEMU Standard PC (Q35 + ICH9, 2009), BIOS 1.16.0-debian-1.16.0-4 04/01/2014
[    0.000000] Hypervisor detected: KVM
[    0.000000] kvm-clock: Using msrs 4b564d01 and 4b564d00
[    0.000000] kvm-clock: cpu 0, msr 12a66001, primary cpu clock
[    0.000001] kvm-clock: using sched offset of 2700420561 cycles
[    0.000312] clocksource: kvm-clock: mask: 0xffffffffffffffff max_cycles: 0x1cd42e4dffb, max_idle_ns: 881590591483 ns
[    0.000433] tsc: Detected 1999.999 MHz processor
[    0.011791] e820: update [mem 0x00000000-0x00000fff] usable ==> reserved
[    0.011797] e820: remove [mem 0x000a0000-0x000fffff] usable
[    0.011805] last_pfn = 0x1ffdf max_arch_pfn = 0x400000000
[    0.012710] MTRR default type: write-back
[    0.012764] MTRR fixed ranges enabled:
[    0.012766]   00000-9FFFF write-back
[    0.012767]   A0000-BFFFF uncachable
[    0.012769]   C0000-FFFFF write-protect
[    0.012770] MTRR variable ranges enabled:
[    0.012772]   0 base 00C0000000 mask FFC0000000 uncachable
[    0.012772]   1 disabled
[    0.012773]   2 disabled
[    0.012774]   3 disabled
[    0.012775]   4 disabled
[    0.012775]   5 disabled
[    0.012776]   6 disabled
[    0.012777]   7 disabled
[    0.013199] x86/PAT: Configuration [0-7]: WB  WC  UC- UC  WB  WC  UC- UC  
[    0.022081] found SMP MP-table at [mem 0x000f5ba0-0x000f5baf]
[    0.024352] check: Scanning 1 areas for low memory corruption
[    0.032141] ACPI: Early table checksum verification disabled
[    0.033659] ACPI: RSDP 0x00000000000F59E0 000014 (v00 BOCHS )
[    0.033963] ACPI: RSDT 0x000000001FFE229A 000038 (v01 BOCHS  BXPC     00000001 BXPC 00000001)
[    0.034171] ACPI: FACP 0x000000001FFE2092 0000F4 (v03 BOCHS  BXPC     00000001 BXPC 00000001)
[    0.034251] ACPI: DSDT 0x000000001FFE0040 002052 (v01 BOCHS  BXPC     00000001 BXPC 00000001)
[    0.034256] ACPI: FACS 0x000000001FFE0000 000040
[    0.034260] ACPI: APIC 0x000000001FFE2186 000078 (v01 BOCHS  BXPC     00000001 BXPC 00000001)
[    0.034264] ACPI: HPET 0x000000001FFE21FE 000038 (v01 BOCHS  BXPC     00000001 BXPC 00000001)
[    0.034268] ACPI: MCFG 0x000000001FFE2236 00003C (v01 BOCHS  BXPC     00000001 BXPC 00000001)
[    0.034272] ACPI: WAET 0x000000001FFE2272 000028 (v01 BOCHS  BXPC     00000001 BXPC 00000001)
[    0.034276] ACPI: Reserving FACP table memory at [mem 0x1ffe2092-0x1ffe2185]
[    0.034278] ACPI: Reserving DSDT table memory at [mem 0x1ffe0040-0x1ffe2091]
[    0.034279] ACPI: Reserving FACS table memory at [mem 0x1ffe0000-0x1ffe003f]
[    0.034280] ACPI: Reserving APIC table memory at [mem 0x1ffe2186-0x1ffe21fd]
[    0.034281] ACPI: Reserving HPET table memory at [mem 0x1ffe21fe-0x1ffe2235]
[    0.034351] ACPI: Reserving MCFG table memory at [mem 0x1ffe2236-0x1ffe2271]
[    0.034352] ACPI: Reserving WAET table memory at [mem 0x1ffe2272-0x1ffe2299]
[    0.034844] ACPI: Local APIC address 0xfee00000
[    0.036389] Zone ranges:
[    0.036540]   DMA      [mem 0x0000000000001000-0x0000000000ffffff]
[    0.036708]   DMA32    [mem 0x0000000001000000-0x000000001ffdefff]
[    0.036776]   Normal   empty
[    0.036778] Movable zone start for each node
[    0.036779] Early memory node ranges
[    0.036780]   node   0: [mem 0x0000000000001000-0x000000000009efff]
[    0.036834]   node   0: [mem 0x0000000000100000-0x000000001ffdefff]
[    0.036836] Initmem setup node 0 [mem 0x0000000000001000-0x000000001ffdefff]
[    0.036838] On node 0 totalpages: 130941
[    0.037001]   DMA zone: 64 pages used for memmap
[    0.037002]   DMA zone: 21 pages reserved
[    0.037077]   DMA zone: 3998 pages, LIFO batch:0
[    0.037079]   DMA32 zone: 1984 pages used for memmap
[    0.037080]   DMA32 zone: 126943 pages, LIFO batch:31
[    0.039997] On node 0, zone DMA: 1 pages in unavailable ranges
[    0.042854] On node 0, zone DMA: 97 pages in unavailable ranges
[    0.147569] On node 0, zone DMA32: 33 pages in unavailable ranges
[    0.151228] ACPI: PM-Timer IO Port: 0x608
[    0.151234] ACPI: Local APIC address 0xfee00000
[    0.151463] ACPI: LAPIC_NMI (acpi_id[0xff] dfl dfl lint[0x1])
[    0.152540] IOAPIC[0]: apic_id 0, version 17, address 0xfec00000, GSI 0-23
[    0.152588] ACPI: INT_SRC_OVR (bus 0 bus_irq 0 global_irq 2 dfl dfl)
[    0.152686] ACPI: INT_SRC_OVR (bus 0 bus_irq 5 global_irq 5 high level)
[    0.152687] ACPI: INT_SRC_OVR (bus 0 bus_irq 9 global_irq 9 high level)
[    0.152785] ACPI: INT_SRC_OVR (bus 0 bus_irq 10 global_irq 10 high level)
[    0.152786] ACPI: INT_SRC_OVR (bus 0 bus_irq 11 global_irq 11 high level)
[    0.152788] ACPI: IRQ0 used by override.
[    0.152789] ACPI: IRQ5 used by override.
[    0.152790] ACPI: IRQ9 used by override.
[    0.152791] ACPI: IRQ10 used by override.
[    0.152792] ACPI: IRQ11 used by override.
[    0.152794] Using ACPI (MADT) for SMP configuration information
[    0.152797] ACPI: HPET id: 0x8086a201 base: 0xfed00000
[    0.153492] kvm-guest: stealtime: cpu 0, msr 1224c780
[    0.154190] PM: hibernation: Registered nosave memory: [mem 0x00000000-0x00000fff]
[    0.154193] PM: hibernation: Registered nosave memory: [mem 0x0009f000-0x0009ffff]
[    0.154194] PM: hibernation: Registered nosave memory: [mem 0x000a0000-0x000effff]
[    0.154195] PM: hibernation: Registered nosave memory: [mem 0x000f0000-0x000fffff]
[    0.154253] [mem 0x20000000-0xafffffff] available for PCI devices
[    0.154292] Booting paravirtualized kernel on KVM
[    0.154797] clocksource: refined-jiffies: mask: 0xffffffff max_cycles: 0xffffffff, max_idle_ns: 1910969940391419 ns
[    0.182845] pcpu-alloc: s0 r0 d32768 u32768 alloc=1*32768
[    0.182891] pcpu-alloc: [0] 0 
[    0.183153] Built 1 zonelists, mobility grouping on.  Total pages: 128872
[    0.183291] Kernel command line: selinux=0 initcall_debug debug console=ttyS0 rcutorture.n_barrier_cbs=4 rcutorture.stat_interval=15 rcutorture.shutdown_secs=1800 rcutorture.test_no_idle_hz=1 rcutorture.verbose=1
[    0.187980] Dentry cache hash table entries: 65536 (order: 7, 524288 bytes, linear)
[    0.188051] Inode-cache hash table entries: 32768 (order: 6, 262144 bytes, linear)
[    0.188942] mem auto-init: stack:all(zero), heap alloc:off, heap free:off
[    0.194235] Memory: 481560K/523764K available (14349K kernel code, 2617K rwdata, 4632K rodata, 1260K init, 1736K bss, 41944K reserved, 0K cma-reserved)
[    0.194808] SLUB: HWalign=64, Order=0-3, MinObjects=0, CPUs=1, Nodes=1
[    0.195251] Kernel/User page tables isolation: enabled
[    0.201965] rcu: Preemptible hierarchical RCU implementation.
[    0.202051] 	Trampoline variant of Tasks RCU enabled.
[    0.202052] 	Rude variant of Tasks RCU enabled.
[    0.202053] 	Tracing variant of Tasks RCU enabled.
[    0.202250] rcu: RCU calculated value of scheduler-enlistment delay is 100 jiffies.
[    0.223023] NR_IRQS: 4352, nr_irqs: 256, preallocated irqs: 16
[    0.227030] calling  con_init+0x0/0x22a @ 0
[    0.368485] Console: colour VGA+ 80x25
[    0.368497] initcall con_init+0x0/0x22a returned 0 after 0 usecs
[    0.368499] calling  hvc_console_init+0x0/0x13 @ 0
[    0.368536] initcall hvc_console_init+0x0/0x13 returned 0 after 0 usecs
[    0.368537] calling  univ8250_console_init+0x0/0x26 @ 0
[    1.191865] printk: console [ttyS0] enabled
[    1.197095] initcall univ8250_console_init+0x0/0x26 returned 0 after 0 usecs
[    1.206381] ACPI: Core revision 20200925
[    1.213904] clocksource: hpet: mask: 0xffffffff max_cycles: 0xffffffff, max_idle_ns: 19112604467 ns
[    1.226181] APIC: Switch to symmetric I/O mode setup
[    1.249137] ..TIMER: vector=0x30 apic1=0 pin1=2 apic2=-1 pin2=-1
[    1.256191] clocksource: tsc-early: mask: 0xffffffffffffffff max_cycles: 0x39a85afc727, max_idle_ns: 881590685098 ns
[    1.268329] Calibrating delay loop (skipped) preset value.. 3999.99 BogoMIPS (lpj=1999999)
[    1.269084] pid_max: default: 32768 minimum: 301
[    1.271607] LSM: Security Framework initializing
[    1.273090] Mount-cache hash table entries: 1024 (order: 1, 8192 bytes, linear)
[    1.274098] Mountpoint-cache hash table entries: 1024 (order: 1, 8192 bytes, linear)
[    1.281406] Last level iTLB entries: 4KB 0, 2MB 0, 4MB 0
[    1.282071] Last level dTLB entries: 4KB 0, 2MB 0, 4MB 0, 1GB 0
[    1.283073] CPU: Intel Common KVM processor (family: 0xf, model: 0x6, stepping: 0x1)
[    1.284095] Spectre V1 : Mitigation: usercopy/swapgs barriers and __user pointer sanitization
[    1.285072] Spectre V2 : Mitigation: Retpolines
[    1.286070] Spectre V2 : Spectre v2 / SpectreRSB mitigation: Filling RSB on context switch
[    1.287070] Spectre V2 : Spectre v2 / SpectreRSB : Filling RSB on VMEXIT
[    1.288070] Speculative Store Bypass: Vulnerable
[    1.290116] MDS: Vulnerable: Clear CPU buffers attempted, no microcode
[    1.291070] MMIO Stale Data: Unknown: No mitigations
[    1.359067] calling  init_hw_perf_events+0x0/0x6ce @ 1
[    1.360075] Performance Events: unsupported Netburst CPU model 6 no PMU driver, software events only.
[    1.361076] initcall init_hw_perf_events+0x0/0x6ce returned 0 after 976 usecs
[    1.362079] calling  init_real_mode+0x0/0x1e9 @ 1
[    1.363432] initcall init_real_mode+0x0/0x1e9 returned 0 after 0 usecs
[    1.364073] calling  trace_init_perf_perm_irq_work_exit+0x0/0x12 @ 1
[    1.365086] initcall trace_init_perf_perm_irq_work_exit+0x0/0x12 returned 0 after 0 usecs
[    1.366087] calling  validate_x2apic+0x0/0x4a @ 1
[    1.367099] initcall validate_x2apic+0x0/0x4a returned 0 after 0 usecs
[    1.368139] calling  register_nmi_cpu_backtrace_handler+0x0/0x15 @ 1
[    1.369074] initcall register_nmi_cpu_backtrace_handler+0x0/0x15 returned 0 after 0 usecs
[    1.370074] calling  kvm_setup_vsyscall_timeinfo+0x0/0x34 @ 1
[    1.371074] initcall kvm_setup_vsyscall_timeinfo+0x0/0x34 returned 0 after 0 usecs
[    1.372073] calling  spawn_ksoftirqd+0x0/0x34 @ 1
[    1.373163] initcall spawn_ksoftirqd+0x0/0x34 returned 0 after 0 usecs
[    1.374073] calling  srcu_bootup_announce+0x0/0x2f @ 1
[    1.375101] rcu: Hierarchical SRCU implementation.
[    1.376074] initcall srcu_bootup_announce+0x0/0x2f returned 0 after 976 usecs
[    1.377078] calling  rcu_spawn_gp_kthread+0x0/0x195 @ 1
[    1.378185] initcall rcu_spawn_gp_kthread+0x0/0x195 returned 0 after 0 usecs
[    1.379073] calling  check_cpu_stall_init+0x0/0x1a @ 1
[    1.380073] initcall check_cpu_stall_init+0x0/0x1a returned 0 after 0 usecs
[    1.381073] calling  rcu_sysrq_init+0x0/0x21 @ 1
[    1.382078] initcall rcu_sysrq_init+0x0/0x21 returned 0 after 0 usecs
[    1.383073] calling  trace_init_flags_sys_enter+0x0/0xe @ 1
[    1.384078] initcall trace_init_flags_sys_enter+0x0/0xe returned 0 after 0 usecs
[    1.385073] calling  trace_init_flags_sys_exit+0x0/0xe @ 1
[    1.386073] initcall trace_init_flags_sys_exit+0x0/0xe returned 0 after 0 usecs
[    1.387089] calling  init_kprobes+0x0/0x14d @ 1
[    1.389251] initcall init_kprobes+0x0/0x14d returned 0 after 976 usecs
[    1.390074] calling  init_events+0x0/0x3d @ 1
[    1.392563] initcall init_events+0x0/0x3d returned 0 after 976 usecs
[    1.393073] calling  init_trace_printk+0x0/0xc @ 1
[    1.394074] initcall init_trace_printk+0x0/0xc returned 0 after 0 usecs
[    1.395073] calling  event_trace_enable_again+0x0/0x23 @ 1
[    1.396073] initcall event_trace_enable_again+0x0/0x23 returned 0 after 0 usecs
[    1.398073] calling  static_call_init+0x0/0x6d @ 1
[    1.399073] initcall static_call_init+0x0/0x6d returned 0 after 0 usecs
[    1.400073] calling  jump_label_init_module+0x0/0xc @ 1
[    1.401074] initcall jump_label_init_module+0x0/0xc returned 0 after 0 usecs
[    1.402073] calling  init_zero_pfn+0x0/0x37 @ 1
[    1.403073] initcall init_zero_pfn+0x0/0x37 returned 0 after 0 usecs
[    1.404073] calling  initialize_ptr_random+0x0/0x54 @ 1
[    1.405074] initcall initialize_ptr_random+0x0/0x54 returned 0 after 0 usecs
[    1.406088] calling  efi_memreserve_root_init+0x0/0x25 @ 1
[    1.407073] initcall efi_memreserve_root_init+0x0/0x25 returned 0 after 0 usecs
[    1.408074] calling  efi_earlycon_remap_fb+0x0/0x51 @ 1
[    1.409073] initcall efi_earlycon_remap_fb+0x0/0x51 returned 0 after 0 usecs
[    1.520568] devtmpfs: initialized
[    1.523617] calling  ipc_ns_init+0x0/0x3d @ 1
[    1.524119] initcall ipc_ns_init+0x0/0x3d returned 0 after 0 usecs
[    1.526072] calling  init_mmap_min_addr+0x0/0x21 @ 1
[    1.527073] initcall init_mmap_min_addr+0x0/0x21 returned 0 after 0 usecs
[    1.528120] calling  pci_realloc_setup_params+0x0/0x3f @ 1
[    1.529074] initcall pci_realloc_setup_params+0x0/0x3f returned 0 after 0 usecs
[    1.530087] calling  net_ns_init+0x0/0x13f @ 1
[    1.531277] initcall net_ns_init+0x0/0x13f returned 0 after 0 usecs
[    1.532089] calling  e820__register_nvs_regions+0x0/0x37 @ 1
[    1.533075] initcall e820__register_nvs_regions+0x0/0x37 returned 0 after 0 usecs
[    1.534091] calling  cpufreq_register_tsc_scaling+0x0/0x2e @ 1
[    1.535079] initcall cpufreq_register_tsc_scaling+0x0/0x2e returned 0 after 0 usecs
[    1.536073] calling  reboot_init+0x0/0x3c @ 1
[    1.537076] initcall reboot_init+0x0/0x3c returned 0 after 0 usecs
[    1.538073] calling  init_lapic_sysfs+0x0/0x20 @ 1
[    1.539074] initcall init_lapic_sysfs+0x0/0x20 returned 0 after 0 usecs
[    1.540073] calling  wq_sysfs_init+0x0/0x2a @ 1
[    1.541159] initcall wq_sysfs_init+0x0/0x2a returned 0 after 0 usecs
[    1.542073] calling  ksysfs_init+0x0/0x92 @ 1
[    1.543081] initcall ksysfs_init+0x0/0x92 returned 0 after 0 usecs
[    1.544071] calling  pm_init+0x0/0x76 @ 1
[    1.545125] initcall pm_init+0x0/0x76 returned 0 after 0 usecs
[    1.546071] calling  pm_disk_init+0x0/0x13 @ 1
[    1.547176] initcall pm_disk_init+0x0/0x13 returned 0 after 0 usecs
[    1.548072] calling  swsusp_header_init+0x0/0x2b @ 1
[    1.549072] initcall swsusp_header_init+0x0/0x2b returned 0 after 0 usecs
[    1.550071] calling  rcu_set_runtime_mode+0x0/0x16 @ 1
[    1.551071] initcall rcu_set_runtime_mode+0x0/0x16 returned 0 after 0 usecs
[    1.552072] calling  init_jiffies_clocksource+0x0/0x13 @ 1
[    1.553071] clocksource: jiffies: mask: 0xffffffff max_cycles: 0xffffffff, max_idle_ns: 1911260446275000 ns
[    1.554073] initcall init_jiffies_clocksource+0x0/0x13 returned 0 after 976 usecs
[    1.555075] calling  futex_init+0x0/0xd5 @ 1
[    1.556074] futex hash table entries: 256 (order: 0, 6144 bytes, linear)
[    1.557134] initcall futex_init+0x0/0xd5 returned 0 after 976 usecs
[    1.558073] calling  cgroup_wq_init+0x0/0x28 @ 1
[    1.559078] initcall cgroup_wq_init+0x0/0x28 returned 0 after 0 usecs
[    1.560073] calling  cgroup1_wq_init+0x0/0x28 @ 1
[    1.561102] initcall cgroup1_wq_init+0x0/0x28 returned 0 after 0 usecs
[    1.562073] calling  init_kprobe_trace_early+0x0/0x2a @ 1
[    1.563145] initcall init_kprobe_trace_early+0x0/0x2a returned 0 after 0 usecs
[    1.564073] calling  fsnotify_init+0x0/0x48 @ 1
[    1.565082] initcall fsnotify_init+0x0/0x48 returned 0 after 0 usecs
[    1.566072] calling  filelock_init+0x0/0x60 @ 1
[    1.567119] initcall filelock_init+0x0/0x60 returned 0 after 0 usecs
[    1.568072] calling  init_misc_binfmt+0x0/0x2c @ 1
[    1.569086] initcall init_misc_binfmt+0x0/0x2c returned 0 after 0 usecs
[    1.570072] calling  init_script_binfmt+0x0/0x15 @ 1
[    1.571071] initcall init_script_binfmt+0x0/0x15 returned 0 after 0 usecs
[    1.572072] calling  init_elf_binfmt+0x0/0x15 @ 1
[    1.573072] initcall init_elf_binfmt+0x0/0x15 returned 0 after 0 usecs
[    1.574072] calling  init_compat_elf_binfmt+0x0/0x15 @ 1
[    1.575071] initcall init_compat_elf_binfmt+0x0/0x15 returned 0 after 0 usecs
[    1.576072] calling  debugfs_init+0x0/0x5c @ 1
[    1.577125] initcall debugfs_init+0x0/0x5c returned 0 after 0 usecs
[    1.579073] calling  tracefs_init+0x0/0x3a @ 1
[    1.580098] initcall tracefs_init+0x0/0x3a returned 0 after 0 usecs
[    1.581071] calling  prandom_init_early+0x0/0x111 @ 1
[    1.582071] initcall prandom_init_early+0x0/0x111 returned 0 after 0 usecs
[    1.583124] calling  virtio_init+0x0/0x20 @ 1
[    1.584133] initcall virtio_init+0x0/0x20 returned 0 after 0 usecs
[    1.585072] calling  iommu_init+0x0/0x2a @ 1
[    1.586110] initcall iommu_init+0x0/0x2a returned 0 after 0 usecs
[    1.587071] calling  component_debug_init+0x0/0x1c @ 1
[    1.588164] initcall component_debug_init+0x0/0x1c returned 0 after 0 usecs
[    1.590072] calling  early_resume_init+0x0/0xb9 @ 1
[    1.592070] PM: RTC time: 08:31:08, date: 2022-12-13
[    1.593073] initcall early_resume_init+0x0/0xb9 returned 0 after 1953 usecs
[    1.594072] calling  cpufreq_core_init+0x0/0x62 @ 1
[    1.595105] initcall cpufreq_core_init+0x0/0x62 returned 0 after 0 usecs
[    1.596072] calling  cpufreq_gov_performance_init+0x0/0xc @ 1
[    1.597072] initcall cpufreq_gov_performance_init+0x0/0xc returned 0 after 0 usecs
[    1.598072] calling  cpufreq_gov_userspace_init+0x0/0xc @ 1
[    1.599076] initcall cpufreq_gov_userspace_init+0x0/0xc returned 0 after 0 usecs
[    1.600074] calling  CPU_FREQ_GOV_ONDEMAND_init+0x0/0xc @ 1
[    1.601073] initcall CPU_FREQ_GOV_ONDEMAND_init+0x0/0xc returned 0 after 0 usecs
[    1.602072] calling  cpuidle_init+0x0/0x1f @ 1
[    1.603124] initcall cpuidle_init+0x0/0x1f returned 0 after 0 usecs
[    1.604073] calling  capsule_reboot_register+0x0/0xc @ 1
[    1.605098] initcall capsule_reboot_register+0x0/0xc returned 0 after 0 usecs
[    1.606073] calling  sock_init+0x0/0x93 @ 1
[    1.608102] initcall sock_init+0x0/0x93 returned 0 after 976 usecs
[    1.609072] calling  net_inuse_init+0x0/0x23 @ 1
[    1.610076] initcall net_inuse_init+0x0/0x23 returned 0 after 0 usecs
[    1.611072] calling  net_defaults_init+0x0/0x23 @ 1
[    1.612073] initcall net_defaults_init+0x0/0x23 returned 0 after 0 usecs
[    1.613074] calling  init_default_flow_dissectors+0x0/0x4f @ 1
[    1.614072] initcall init_default_flow_dissectors+0x0/0x4f returned 0 after 0 usecs
[    1.615072] calling  netpoll_init+0x0/0x25 @ 1
[    1.616072] initcall netpoll_init+0x0/0x25 returned 0 after 0 usecs
[    1.617076] calling  netlink_proto_init+0x0/0x14f @ 1
[    1.619574] NET: Registered protocol family 16
[    1.620090] initcall netlink_proto_init+0x0/0x14f returned 0 after 1953 usecs
[    1.621075] calling  genl_init+0x0/0x35 @ 1
[    1.622087] initcall genl_init+0x0/0x35 returned 0 after 0 usecs
[    1.623092] calling  bsp_pm_check_init+0x0/0x13 @ 1
[    1.624074] initcall bsp_pm_check_init+0x0/0x13 returned 0 after 0 usecs
[    1.625095] calling  irq_sysfs_init+0x0/0xb7 @ 1
[    1.626200] initcall irq_sysfs_init+0x0/0xb7 returned 0 after 0 usecs
[    1.627074] calling  audit_init+0x0/0x15d @ 1
[    1.628178] audit: initializing netlink subsys (disabled)
[    1.631662] initcall audit_init+0x0/0x15d returned 0 after 2929 usecs
[    1.632137] calling  release_early_probes+0x0/0x32 @ 1
[    1.633076] initcall release_early_probes+0x0/0x32 returned 0 after 0 usecs
[    1.634075] calling  bdi_class_init+0x0/0x48 @ 1
[    1.635077] audit: type=2000 audit(1670920266.477:1): state=initialized audit_enabled=0 res=1
[    1.636115] initcall bdi_class_init+0x0/0x48 returned 0 after 976 usecs
[    1.637074] calling  mm_sysfs_init+0x0/0x28 @ 1
[    1.638098] initcall mm_sysfs_init+0x0/0x28 returned 0 after 0 usecs
[    1.639073] calling  init_per_zone_wmark_min+0x0/0x5e @ 1
[    1.640075] initcall init_per_zone_wmark_min+0x0/0x5e returned 0 after 0 usecs
[    1.641073] calling  mpi_init+0x0/0x3e @ 1
[    1.643074] initcall mpi_init+0x0/0x3e returned 0 after 976 usecs
[    1.644074] calling  kobject_uevent_init+0x0/0xc @ 1
[    1.645081] initcall kobject_uevent_init+0x0/0xc returned 0 after 0 usecs
[    1.646075] calling  pcibus_class_init+0x0/0x13 @ 1
[    1.647108] initcall pcibus_class_init+0x0/0x13 returned 0 after 0 usecs
[    1.648073] calling  pci_driver_init+0x0/0x21 @ 1
[    1.650113] initcall pci_driver_init+0x0/0x21 returned 0 after 0 usecs
[    1.651075] calling  backlight_class_init+0x0/0xa8 @ 1
[    1.653101] initcall backlight_class_init+0x0/0xa8 returned 0 after 976 usecs
[    1.654076] calling  tty_class_init+0x0/0x33 @ 1
[    1.655090] initcall tty_class_init+0x0/0x33 returned 0 after 0 usecs
[    1.656074] calling  vtconsole_class_init+0x0/0xb5 @ 1
[    1.657154] initcall vtconsole_class_init+0x0/0xb5 returned 0 after 0 usecs
[    1.658074] calling  iommu_dev_init+0x0/0x13 @ 1
[    1.659112] initcall iommu_dev_init+0x0/0x13 returned 0 after 0 usecs
[    1.660072] calling  mipi_dsi_bus_init+0x0/0xc @ 1
[    1.661114] initcall mipi_dsi_bus_init+0x0/0xc returned 0 after 0 usecs
[    1.662072] calling  devlink_class_init+0x0/0x40 @ 1
[    1.663079] initcall devlink_class_init+0x0/0x40 returned 0 after 0 usecs
[    1.664072] calling  software_node_init+0x0/0x2a @ 1
[    1.665075] initcall software_node_init+0x0/0x2a returned 0 after 0 usecs
[    1.666072] calling  wakeup_sources_debugfs_init+0x0/0x23 @ 1
[    1.667131] initcall wakeup_sources_debugfs_init+0x0/0x23 returned 0 after 0 usecs
[    1.668072] calling  wakeup_sources_sysfs_init+0x0/0x2c @ 1
[    1.669082] initcall wakeup_sources_sysfs_init+0x0/0x2c returned 0 after 0 usecs
[    1.670072] calling  regmap_initcall+0x0/0xc @ 1
[    1.671180] initcall regmap_initcall+0x0/0xc returned 0 after 0 usecs
[    1.672073] calling  i2c_init+0x0/0xb3 @ 1
[    1.673174] initcall i2c_init+0x0/0xb3 returned 0 after 0 usecs
[    1.674072] calling  thermal_init+0x0/0xf2 @ 1
[    1.675083] thermal_sys: Registered thermal governor 'step_wise'
[    1.675084] thermal_sys: Registered thermal governor 'user_space'
[    1.676103] initcall thermal_init+0x0/0xf2 returned 0 after 976 usecs
[    1.678075] calling  init_menu+0x0/0xc @ 1
[    1.679170] cpuidle: using governor menu
[    1.680092] initcall init_menu+0x0/0xc returned 0 after 976 usecs
[    1.681072] calling  pcc_init+0x0/0x4d @ 1
[    1.682073] initcall pcc_init+0x0/0x4d returned -19 after 0 usecs
[    1.683077] calling  amd_postcore_init+0x0/0x11e @ 1
[    1.684072] initcall amd_postcore_init+0x0/0x11e returned 0 after 0 usecs
[    1.685087] calling  bts_init+0x0/0xba @ 1
[    1.686071] initcall bts_init+0x0/0xba returned -19 after 0 usecs
[    1.687071] calling  pt_init+0x0/0x2ef @ 1
[    1.688071] initcall pt_init+0x0/0x2ef returned -19 after 0 usecs
[    1.689071] calling  boot_params_ksysfs_init+0x0/0x2ee @ 1
[    1.690114] initcall boot_params_ksysfs_init+0x0/0x2ee returned 0 after 0 usecs
[    1.691075] calling  sbf_init+0x0/0xfe @ 1
[    1.692072] initcall sbf_init+0x0/0xfe returned 0 after 0 usecs
[    1.693073] calling  arch_kdebugfs_init+0x0/0x219 @ 1
[    1.694321] initcall arch_kdebugfs_init+0x0/0x219 returned 0 after 0 usecs
[    1.695073] calling  intel_pconfig_init+0x0/0x85 @ 1
[    1.696073] initcall intel_pconfig_init+0x0/0x85 returned 0 after 0 usecs
[    1.697073] calling  mtrr_if_init+0x0/0x5d @ 1
[    1.698077] initcall mtrr_if_init+0x0/0x5d returned 0 after 0 usecs
[    1.699089] calling  activate_jump_labels+0x0/0x31 @ 1
[    1.700073] initcall activate_jump_labels+0x0/0x31 returned 0 after 0 usecs
[    1.701072] calling  ffh_cstate_init+0x0/0x29 @ 1
[    1.702074] initcall ffh_cstate_init+0x0/0x29 returned 0 after 0 usecs
[    1.703125] calling  activate_jump_labels+0x0/0x31 @ 1
[    1.705112] initcall activate_jump_labels+0x0/0x31 returned 0 after 0 usecs
[    1.706072] calling  kvm_alloc_cpumask+0x0/0x2b @ 1
[    1.707100] initcall kvm_alloc_cpumask+0x0/0x2b returned 0 after 0 usecs
[    1.708076] calling  kcmp_cookies_init+0x0/0x37 @ 1
[    1.709082] initcall kcmp_cookies_init+0x0/0x37 returned 0 after 0 usecs
[    1.710081] calling  cryptomgr_init+0x0/0xc @ 1
[    1.712122] initcall cryptomgr_init+0x0/0xc returned 0 after 0 usecs
[    1.713075] calling  acpi_pci_init+0x0/0x57 @ 1
[    1.714108] ACPI: bus type PCI registered
[    1.715075] initcall acpi_pci_init+0x0/0x57 returned 0 after 976 usecs
[    1.716075] calling  dma_channel_table_init+0x0/0xce @ 1
[    1.717080] initcall dma_channel_table_init+0x0/0xce returned 0 after 0 usecs
[    1.718074] calling  dma_bus_init+0x0/0xdc @ 1
[    1.719215] initcall dma_bus_init+0x0/0xdc returned 0 after 0 usecs
[    1.720234] calling  iommu_dma_init+0x0/0x10 @ 1
[    1.721119] initcall iommu_dma_init+0x0/0x10 returned 0 after 0 usecs
[    1.722075] calling  dmi_id_init+0x0/0x37c @ 1
[    1.723236] initcall dmi_id_init+0x0/0x37c returned 0 after 0 usecs
[    1.725073] calling  pci_arch_init+0x0/0x71 @ 1
[    1.727712] PCI: MMCONFIG for domain 0000 [bus 00-ff] at [mem 0xb0000000-0xbfffffff] (base 0xb0000000)
[    1.728076] PCI: MMCONFIG at [mem 0xb0000000-0xbfffffff] reserved in E820
[    1.729096] PCI: Using configuration type 1 for base access
[    1.730079] initcall pci_arch_init+0x0/0x71 returned 0 after 3906 usecs
[    1.731134] calling  init_vdso+0x0/0x13 @ 1
[    1.732108] initcall init_vdso+0x0/0x13 returned 0 after 0 usecs
[    1.733075] calling  sysenter_setup+0x0/0x13 @ 1
[    1.734086] initcall sysenter_setup+0x0/0x13 returned 0 after 0 usecs
[    1.735075] calling  fixup_ht_bug+0x0/0x7f @ 1
[    1.736075] initcall fixup_ht_bug+0x0/0x7f returned 0 after 0 usecs
[    1.737075] calling  topology_init+0x0/0x15 @ 1
[    1.738161] initcall topology_init+0x0/0x15 returned 0 after 0 usecs
[    1.739073] calling  intel_epb_init+0x0/0x68 @ 1
[    1.740074] initcall intel_epb_init+0x0/0x68 returned -19 after 0 usecs
[    1.741094] calling  mtrr_init_finialize+0x0/0x3e @ 1
[    1.742074] initcall mtrr_init_finialize+0x0/0x3e returned 0 after 0 usecs
[    1.743075] calling  uid_cache_init+0x0/0x92 @ 1
[    1.744078] initcall uid_cache_init+0x0/0x92 returned 0 after 0 usecs
[    1.745073] calling  param_sysfs_init+0x0/0x1ba @ 1
[    1.750451] initcall param_sysfs_init+0x0/0x1ba returned 0 after 3906 usecs
[    1.751090] calling  user_namespace_sysctl_init+0x0/0x33 @ 1
[    1.752179] initcall user_namespace_sysctl_init+0x0/0x33 returned 0 after 0 usecs
[    1.753073] calling  proc_schedstat_init+0x0/0x24 @ 1
[    1.754076] initcall proc_schedstat_init+0x0/0x24 returned 0 after 0 usecs
[    1.755073] calling  pm_sysrq_init+0x0/0x18 @ 1
[    1.756083] initcall pm_sysrq_init+0x0/0x18 returned 0 after 0 usecs
[    1.757092] calling  create_proc_profile+0x0/0x50 @ 1
[    1.758074] initcall create_proc_profile+0x0/0x50 returned 0 after 0 usecs
[    1.759074] calling  time_ns_init+0x0/0x7 @ 1
[    1.760074] initcall time_ns_init+0x0/0x7 returned 0 after 0 usecs
[    1.761074] calling  crash_save_vmcoreinfo_init+0x0/0x756 @ 1
[    1.762145] initcall crash_save_vmcoreinfo_init+0x0/0x756 returned 0 after 0 usecs
[    1.763073] calling  crash_notes_memory_init+0x0/0x35 @ 1
[    1.764076] initcall crash_notes_memory_init+0x0/0x35 returned 0 after 0 usecs
[    1.765073] calling  cgroup_sysfs_init+0x0/0x13 @ 1
[    1.766100] initcall cgroup_sysfs_init+0x0/0x13 returned 0 after 0 usecs
[    1.767072] calling  cgroup_namespaces_init+0x0/0x7 @ 1
[    1.768072] initcall cgroup_namespaces_init+0x0/0x7 returned 0 after 0 usecs
[    1.769074] calling  init_optprobes+0x0/0x13 @ 1
[    1.770072] Kprobes globally optimized
[    1.771076] initcall init_optprobes+0x0/0x13 returned 0 after 976 usecs
[    1.772075] calling  oom_init+0x0/0x2f @ 1
[    1.774344] initcall oom_init+0x0/0x2f returned 0 after 976 usecs
[    1.775076] calling  default_bdi_init+0x0/0x35 @ 1
[    1.776201] initcall default_bdi_init+0x0/0x35 returned 0 after 0 usecs
[    1.777073] calling  percpu_enable_async+0x0/0xe @ 1
[    1.778075] initcall percpu_enable_async+0x0/0xe returned 0 after 0 usecs
[    1.779075] calling  kcompactd_init+0x0/0x46 @ 1
[    1.780295] initcall kcompactd_init+0x0/0x46 returned 0 after 0 usecs
[    1.781890] calling  init_user_reserve+0x0/0x30 @ 1
[    1.783204] initcall init_user_reserve+0x0/0x30 returned 0 after 0 usecs
[    1.784084] calling  init_admin_reserve+0x0/0x30 @ 1
[    1.785078] initcall init_admin_reserve+0x0/0x30 returned 0 after 0 usecs
[    1.786078] calling  init_reserve_notifier+0x0/0x7 @ 1
[    1.787076] initcall init_reserve_notifier+0x0/0x7 returned 0 after 0 usecs
[    1.788075] calling  swap_init_sysfs+0x0/0x62 @ 1
[    1.789103] initcall swap_init_sysfs+0x0/0x62 returned 0 after 0 usecs
[    1.790074] calling  swapfile_init+0x0/0x46 @ 1
[    1.791073] initcall swapfile_init+0x0/0x46 returned 0 after 0 usecs
[    1.792072] calling  hugetlb_init+0x0/0x42f @ 1
[    1.793074] HugeTLB registered 2.00 MiB page size, pre-allocated 0 pages
[    1.794106] initcall hugetlb_init+0x0/0x42f returned 0 after 976 usecs
[    1.795073] calling  io_wq_init+0x0/0x34 @ 1
[    1.796073] initcall io_wq_init+0x0/0x34 returned 0 after 0 usecs
[    1.797072] calling  seqiv_module_init+0x0/0xc @ 1
[    1.798072] initcall seqiv_module_init+0x0/0xc returned 0 after 0 usecs
[    1.799072] calling  echainiv_module_init+0x0/0xc @ 1
[    1.800072] initcall echainiv_module_init+0x0/0xc returned 0 after 0 usecs
[    1.801159] calling  rsa_init+0x0/0x50 @ 1
[    1.803317] initcall rsa_init+0x0/0x50 returned 0 after 976 usecs
[    1.804072] calling  crypto_cmac_module_init+0x0/0xc @ 1
[    1.805074] initcall crypto_cmac_module_init+0x0/0xc returned 0 after 0 usecs
[    1.806074] calling  hmac_module_init+0x0/0xc @ 1
[    1.807095] cryptomgr_test (21) used greatest stack depth: 15528 bytes left
[    1.808083] initcall hmac_module_init+0x0/0xc returned 0 after 976 usecs
[    1.809078] calling  crypto_null_mod_init+0x0/0x65 @ 1
[    1.810237] initcall crypto_null_mod_init+0x0/0x65 returned 0 after 0 usecs
[    1.811082] calling  md5_mod_init+0x0/0xc @ 1
[    1.813105] initcall md5_mod_init+0x0/0xc returned 0 after 976 usecs
[    1.814078] calling  sha256_generic_mod_init+0x0/0x11 @ 1
[    1.815130] initcall sha256_generic_mod_init+0x0/0x11 returned 0 after 0 usecs
[    1.816076] calling  crypto_cbc_module_init+0x0/0xc @ 1
[    1.817076] initcall crypto_cbc_module_init+0x0/0xc returned 0 after 0 usecs
[    1.818085] calling  crypto_ctr_module_init+0x0/0x11 @ 1
[    1.819254] initcall crypto_ctr_module_init+0x0/0x11 returned 0 after 0 usecs
[    1.820088] calling  crypto_gcm_module_init+0x0/0x64 @ 1
[    1.821096] initcall crypto_gcm_module_init+0x0/0x64 returned 0 after 0 usecs
[    1.822083] calling  crypto_ccm_module_init+0x0/0x11 @ 1
[    1.823081] initcall crypto_ccm_module_init+0x0/0x11 returned 0 after 0 usecs
[    1.824079] calling  aes_init+0x0/0xc @ 1
[    1.825110] initcall aes_init+0x0/0xc returned 0 after 0 usecs
[    1.826072] calling  crc32c_mod_init+0x0/0xc @ 1
[    1.827114] initcall crc32c_mod_init+0x0/0xc returned 0 after 0 usecs
[    1.828077] calling  crypto_authenc_module_init+0x0/0xc @ 1
[    1.829092] initcall crypto_authenc_module_init+0x0/0xc returned 0 after 0 usecs
[    1.830080] calling  crypto_authenc_esn_module_init+0x0/0xc @ 1
[    1.831079] initcall crypto_authenc_esn_module_init+0x0/0xc returned 0 after 0 usecs
[    1.832100] calling  drbg_init+0x0/0x7c @ 1
[    1.833230] initcall drbg_init+0x0/0x7c returned 0 after 0 usecs
[    1.834085] calling  ghash_mod_init+0x0/0xc @ 1
[    1.835118] initcall ghash_mod_init+0x0/0xc returned 0 after 0 usecs
[    1.836078] calling  init_bio+0x0/0x9a @ 1
[    1.837234] initcall init_bio+0x0/0x9a returned 0 after 0 usecs
[    1.838093] calling  blk_settings_init+0x0/0x29 @ 1
[    1.839082] initcall blk_settings_init+0x0/0x29 returned 0 after 0 usecs
[    1.840078] calling  blk_ioc_init+0x0/0x29 @ 1
[    1.841100] initcall blk_ioc_init+0x0/0x29 returned 0 after 0 usecs
[    1.842081] calling  blk_mq_init+0x0/0x96 @ 1
[    1.843121] initcall blk_mq_init+0x0/0x96 returned 0 after 0 usecs
[    1.844078] calling  genhd_device_init+0x0/0x75 @ 1
[    1.845205] initcall genhd_device_init+0x0/0x75 returned 0 after 0 usecs
[    1.847102] calling  pci_slot_init+0x0/0x40 @ 1
[    1.849085] initcall pci_slot_init+0x0/0x40 returned 0 after 0 usecs
[    1.850074] calling  fbmem_init+0x0/0xd8 @ 1
[    1.851149] initcall fbmem_init+0x0/0xd8 returned 0 after 0 usecs
[    1.852074] calling  acpi_init+0x0/0x316 @ 1
[    1.853165] ACPI: Added _OSI(Module Device)
[    1.854072] ACPI: Added _OSI(Processor Device)
[    1.855074] ACPI: Added _OSI(3.0 _SCP Extensions)
[    1.856074] ACPI: Added _OSI(Processor Aggregator Device)
[    1.857075] ACPI: Added _OSI(Linux-Dell-Video)
[    1.858074] ACPI: Added _OSI(Linux-Lenovo-NV-HDMI-Audio)
[    1.859073] ACPI: Added _OSI(Linux-HPI-Hybrid-Graphics)
[    1.862428] ACPI: 1 ACPI AML tables successfully acquired and loaded
[    1.866254] ACPI: Interpreter enabled
[    1.867103] ACPI: (supports S0 S3 S4 S5)
[    1.868070] ACPI: Using IOAPIC for interrupt routing
[    1.869185] PCI: Using host bridge windows from ACPI; if necessary, use "pci=nocrs" and report a bug
[    1.870431] ACPI: Enabled 2 GPEs in block 00 to 3F
[    1.881813] ACPI: PCI Root Bridge [PCI0] (domain 0000 [bus 00-ff])
[    1.882081] acpi PNP0A08:00: _OSC: OS supports [ExtendedConfig ASPM ClockPM Segments MSI HPX-Type3]
[    1.883146] acpi PNP0A08:00: _OSC: platform does not support [LTR]
[    1.884145] acpi PNP0A08:00: _OSC: OS now controls [PME PCIeCapability]
[    1.885257] PCI host bridge to bus 0000:00
[    1.886462] pci_bus 0000:00: root bus resource [io  0x0000-0x0cf7 window]
[    1.887072] pci_bus 0000:00: root bus resource [io  0x0d00-0xffff window]
[    1.888074] pci_bus 0000:00: root bus resource [mem 0x000a0000-0x000bffff window]
[    1.889074] pci_bus 0000:00: root bus resource [mem 0x20000000-0xafffffff window]
[    1.890076] pci_bus 0000:00: root bus resource [mem 0xc0000000-0xfebfffff window]
[    1.891339] pci_bus 0000:00: root bus resource [mem 0x100000000-0x8ffffffff window]
[    1.892075] pci_bus 0000:00: root bus resource [bus 00-ff]
[    1.894077] pci 0000:00:00.0: calling  quirk_mmio_always_on+0x0/0x10 @ 1
[    1.895079] pci 0000:00:00.0: quirk_mmio_always_on+0x0/0x10 took 0 usecs
[    1.896230] pci 0000:00:00.0: [8086:29c0] type 00 class 0x060000
[    1.901439] pci 0000:00:00.0: calling  quirk_igfx_skip_te_disable+0x0/0x80 @ 1
[    1.902078] pci 0000:00:00.0: quirk_igfx_skip_te_disable+0x0/0x80 took 0 usecs
[    1.904587] pci 0000:00:01.0: [1234:1111] type 00 class 0x030000
[    1.909874] pci 0000:00:01.0: reg 0x10: [mem 0xfd000000-0xfdffffff pref]
[    1.919463] pci 0000:00:01.0: reg 0x18: [mem 0xfebf0000-0xfebf0fff]
[    1.936067] pci 0000:00:01.0: reg 0x30: [mem 0xfebe0000-0xfebeffff pref]
[    1.940067] pci 0000:00:01.0: calling  efifb_fixup_resources+0x0/0xf0 @ 1
[    1.941109] pci 0000:00:01.0: efifb_fixup_resources+0x0/0xf0 took 0 usecs
[    1.954481] pci 0000:00:1f.0: [8086:2918] type 00 class 0x060100
[    1.960622] pci 0000:00:1f.0: calling  quirk_ich7_lpc+0x0/0x60 @ 1
[    1.961345] pci 0000:00:1f.0: quirk: [io  0x0600-0x067f] claimed by ICH6 ACPI/GPIO/TCO
[    1.962505] pci 0000:00:1f.0: quirk_ich7_lpc+0x0/0x60 took 976 usecs
[    1.963309] pci 0000:00:1f.0: calling  quirk_igfx_skip_te_disable+0x0/0x80 @ 1
[    1.964130] pci 0000:00:1f.0: quirk_igfx_skip_te_disable+0x0/0x80 took 0 usecs
[    1.967779] pci 0000:00:1f.2: [8086:2922] type 00 class 0x010601
[    1.977076] pci 0000:00:1f.2: reg 0x20: [io  0xc040-0xc05f]
[    1.979896] pci 0000:00:1f.2: reg 0x24: [mem 0xfebf1000-0xfebf1fff]
[    1.981690] pci 0000:00:1f.2: calling  quirk_igfx_skip_te_disable+0x0/0x80 @ 1
[    1.982079] pci 0000:00:1f.2: quirk_igfx_skip_te_disable+0x0/0x80 took 0 usecs
[    1.987261] pci 0000:00:1f.3: [8086:2930] type 00 class 0x0c0500
[    1.995074] pci 0000:00:1f.3: reg 0x20: [io  0x0700-0x073f]
[    1.998511] pci 0000:00:1f.3: calling  quirk_igfx_skip_te_disable+0x0/0x80 @ 1
[    1.999079] pci 0000:00:1f.3: quirk_igfx_skip_te_disable+0x0/0x80 took 0 usecs
[    2.001579] pci_bus 0000:00: on NUMA node 0
[    2.019734] ACPI: PCI Interrupt Link [LNKA] (IRQs 5 *10 11)
[    2.020587] ACPI: PCI Interrupt Link [LNKB] (IRQs 5 *10 11)
[    2.022347] ACPI: PCI Interrupt Link [LNKC] (IRQs 5 10 *11)
[    2.024098] ACPI: PCI Interrupt Link [LNKD] (IRQs 5 10 *11)
[    2.026383] ACPI: PCI Interrupt Link [LNKE] (IRQs 5 *10 11)
[    2.028097] ACPI: PCI Interrupt Link [LNKF] (IRQs 5 *10 11)
[    2.030341] ACPI: PCI Interrupt Link [LNKG] (IRQs 5 10 *11)
[    2.032223] ACPI: PCI Interrupt Link [LNKH] (IRQs 5 10 *11)
[    2.033322] ACPI: PCI Interrupt Link [GSIA] (IRQs *16)
[    2.034086] ACPI: PCI Interrupt Link [GSIB] (IRQs *17)
[    2.036082] ACPI: PCI Interrupt Link [GSIC] (IRQs *18)
[    2.037199] ACPI: PCI Interrupt Link [GSID] (IRQs *19)
[    2.038290] ACPI: PCI Interrupt Link [GSIE] (IRQs *20)
[    2.039086] ACPI: PCI Interrupt Link [GSIF] (IRQs *21)
[    2.040091] ACPI: PCI Interrupt Link [GSIG] (IRQs *22)
[    2.041262] ACPI: PCI Interrupt Link [GSIH] (IRQs *23)
[    2.060067] initcall acpi_init+0x0/0x316 returned 0 after 201171 usecs
[    2.061114] calling  pnp_init+0x0/0xc @ 1
[    2.062158] initcall pnp_init+0x0/0xc returned 0 after 0 usecs
[    2.063074] calling  misc_init+0x0/0xbf @ 1
[    2.065072] initcall misc_init+0x0/0xbf returned 0 after 976 usecs
[    2.066090] calling  iommu_subsys_init+0x0/0x4e @ 1
[    2.067438] iommu: Default domain type: Translated 
[    2.068073] initcall iommu_subsys_init+0x0/0x4e returned 0 after 976 usecs
[    2.069073] calling  vga_arb_device_init+0x0/0x26c @ 1
[    2.072626] pci 0000:00:01.0: vgaarb: setting as boot VGA device
[    2.073067] pci 0000:00:01.0: vgaarb: VGA device added: decodes=io+mem,owns=io+mem,locks=none
[    2.073073] pci 0000:00:01.0: vgaarb: bridge control possible
[    2.074071] vgaarb: loaded
[    2.075076] initcall vga_arb_device_init+0x0/0x26c returned 0 after 4882 usecs
[    2.076132] calling  cn_init+0x0/0xf0 @ 1
[    2.078415] initcall cn_init+0x0/0xf0 returned 0 after 976 usecs
[    2.079076] calling  dma_buf_init+0x0/0xad @ 1
[    2.080630] initcall dma_buf_init+0x0/0xad returned 0 after 0 usecs
[    2.081074] calling  init_scsi+0x0/0x79 @ 1
[    2.083482] SCSI subsystem initialized
[    2.084073] initcall init_scsi+0x0/0x79 returned 0 after 1953 usecs
[    2.085072] calling  ata_init+0x0/0x332 @ 1
[    2.087948] libata version 3.00 loaded.
[    2.088077] initcall ata_init+0x0/0x332 returned 0 after 1953 usecs
[    2.089077] calling  phy_init+0x0/0x250 @ 1
[    2.091519] initcall phy_init+0x0/0x250 returned 0 after 976 usecs
[    2.092111] calling  init_pcmcia_cs+0x0/0x35 @ 1
[    2.094200] initcall init_pcmcia_cs+0x0/0x35 returned 0 after 0 usecs
[    2.095076] calling  usb_common_init+0x0/0x1c @ 1
[    2.096186] initcall usb_common_init+0x0/0x1c returned 0 after 0 usecs
[    2.097073] calling  usb_init+0x0/0x12e @ 1
[    2.098179] ACPI: bus type USB registered
[    2.100252] usbcore: registered new interface driver usbfs
[    2.103074] usbcore: registered new interface driver hub
[    2.104081] usbcore: registered new device driver usb
[    2.105076] initcall usb_init+0x0/0x12e returned 0 after 6835 usecs
[    2.106075] calling  serio_init+0x0/0x29 @ 1
[    2.107171] initcall serio_init+0x0/0x29 returned 0 after 0 usecs
[    2.108081] calling  input_init+0x0/0xf6 @ 1
[    2.109313] initcall input_init+0x0/0xf6 returned 0 after 0 usecs
[    2.110074] calling  rtc_init+0x0/0x4d @ 1
[    2.111119] initcall rtc_init+0x0/0x4d returned 0 after 0 usecs
[    2.112073] calling  pps_init+0x0/0xa9 @ 1
[    2.114076] pps_core: LinuxPPS API ver. 1 registered
[    2.115071] pps_core: Software ver. 5.3.6 - Copyright 2005-2007 Rodolfo Giometti <giometti@linux.it>
[    2.116077] initcall pps_init+0x0/0xa9 returned 0 after 2929 usecs
[    2.117076] calling  ptp_init+0x0/0x98 @ 1
[    2.118082] PTP clock support registered
[    2.119077] initcall ptp_init+0x0/0x98 returned 0 after 976 usecs
[    2.120077] calling  power_supply_class_init+0x0/0x3f @ 1
[    2.122386] initcall power_supply_class_init+0x0/0x3f returned 0 after 976 usecs
[    2.123078] calling  hwmon_init+0x0/0x104 @ 1
[    2.124372] initcall hwmon_init+0x0/0x104 returned 0 after 0 usecs
[    2.125078] calling  md_init+0x0/0x16b @ 1
[    2.130375] initcall md_init+0x0/0x16b returned 0 after 3906 usecs
[    2.131076] calling  leds_init+0x0/0x3b @ 1
[    2.132089] initcall leds_init+0x0/0x3b returned 0 after 0 usecs
[    2.133082] calling  dmi_init+0x0/0x113 @ 1
[    2.136250] initcall dmi_init+0x0/0x113 returned 0 after 1953 usecs
[    2.137076] calling  efisubsys_init+0x0/0x4e6 @ 1
[    2.138074] initcall efisubsys_init+0x0/0x4e6 returned 0 after 0 usecs
[    2.139075] calling  nvmem_init+0x0/0xc @ 1
[    2.142075] initcall nvmem_init+0x0/0xc returned 0 after 976 usecs
[    2.143074] calling  init_soundcore+0x0/0x33 @ 1
[    2.145578] initcall init_soundcore+0x0/0x33 returned 0 after 976 usecs
[    2.146075] calling  alsa_sound_init+0x0/0x8f @ 1
[    2.148073] Advanced Linux Sound Architecture Driver Initialized.
[    2.149074] initcall alsa_sound_init+0x0/0x8f returned 0 after 1953 usecs
[    2.150073] calling  alsa_seq_device_init+0x0/0x71 @ 1
[    2.151150] initcall alsa_seq_device_init+0x0/0x71 returned 0 after 0 usecs
[    2.152073] calling  hda_bus_init+0x0/0xc @ 1
[    2.154080] initcall hda_bus_init+0x0/0xc returned 0 after 976 usecs
[    2.155074] calling  proto_init+0x0/0xc @ 1
[    2.156127] initcall proto_init+0x0/0xc returned 0 after 0 usecs
[    2.157072] calling  net_dev_init+0x0/0x1cc @ 1
[    2.159372] initcall net_dev_init+0x0/0x1cc returned 0 after 976 usecs
[    2.160073] calling  neigh_init+0x0/0x84 @ 1
[    2.161074] initcall neigh_init+0x0/0x84 returned 0 after 0 usecs
[    2.162072] calling  fib_notifier_init+0x0/0xc @ 1
[    2.163086] initcall fib_notifier_init+0x0/0xc returned 0 after 0 usecs
[    2.164072] calling  fib_rules_init+0x0/0xab @ 1
[    2.165112] initcall fib_rules_init+0x0/0xab returned 0 after 0 usecs
[    2.166072] calling  pktsched_init+0x0/0x10e @ 1
[    2.167446] initcall pktsched_init+0x0/0x10e returned 0 after 0 usecs
[    2.168073] calling  tc_filter_init+0x0/0xfa @ 1
[    2.169120] initcall tc_filter_init+0x0/0xfa returned 0 after 0 usecs
[    2.170076] calling  tc_action_init+0x0/0x54 @ 1
[    2.172080] initcall tc_action_init+0x0/0x54 returned 0 after 0 usecs
[    2.173077] calling  ethnl_init+0x0/0x52 @ 1
[    2.174440] initcall ethnl_init+0x0/0x52 returned 0 after 0 usecs
[    2.175079] calling  nexthop_init+0x0/0xd8 @ 1
[    2.176385] initcall nexthop_init+0x0/0xd8 returned 0 after 0 usecs
[    2.177093] calling  cipso_v4_init+0x0/0x5a @ 1
[    2.179073] initcall cipso_v4_init+0x0/0x5a returned 0 after 976 usecs
[    2.180073] calling  ieee80211_init+0x0/0x24 @ 1
[    2.181808] initcall ieee80211_init+0x0/0x24 returned 0 after 0 usecs
[    2.182073] calling  netlbl_init+0x0/0x78 @ 1
[    2.183070] NetLabel: Initializing
[    2.184071] NetLabel:  domain hash size = 128
[    2.185164] NetLabel:  protocols = UNLABELED CIPSOv4 CALIPSO
[    2.188435] NetLabel:  unlabeled traffic allowed by default
[    2.189074] initcall netlbl_init+0x0/0x78 returned 0 after 5859 usecs
[    2.190074] calling  rfkill_init+0x0/0x111 @ 1
[    2.193379] initcall rfkill_init+0x0/0x111 returned 0 after 1953 usecs
[    2.194075] calling  pci_subsys_init+0x0/0x66 @ 1
[    2.195071] PCI: Using ACPI for IRQ routing
[    3.008490] PCI: pci_cache_line_size set to 64 bytes
[    3.011337] e820: reserve RAM buffer [mem 0x0009fc00-0x0009ffff]
[    3.013099] e820: reserve RAM buffer [mem 0x1ffdf000-0x1fffffff]
[    3.016067] initcall pci_subsys_init+0x0/0x66 returned 0 after 800781 usecs
[    3.019802] calling  nmi_warning_debugfs+0x0/0x26 @ 1
[    3.021729] initcall nmi_warning_debugfs+0x0/0x26 returned 0 after 976 usecs
[    3.022075] calling  save_microcode_in_initrd+0x0/0x51 @ 1
[    3.024094] initcall save_microcode_in_initrd+0x0/0x51 returned 0 after 976 usecs
[    3.025153] calling  hpet_late_init+0x0/0x1f6 @ 1
[    3.027402] hpet: 3 channels of 0 reserved for per-cpu timers
[    3.028325] hpet0: at MMIO 0xfed00000, IRQs 2, 8, 0
[    3.029071] hpet0: 3 comparators, 64-bit 100.000000 MHz counter
[    3.034076] initcall hpet_late_init+0x0/0x1f6 returned 0 after 6835 usecs
[    3.035085] calling  init_amd_nbs+0x0/0x11c @ 1
[    3.036244] initcall init_amd_nbs+0x0/0x11c returned 0 after 0 usecs
[    3.037092] calling  clocksource_done_booting+0x0/0x41 @ 1
[    3.038214] clocksource: Switched to clocksource kvm-clock
[    3.046930] initcall clocksource_done_booting+0x0/0x41 returned 0 after 8649 usecs
[    3.056305] calling  tracer_init_tracefs+0x0/0x1fb @ 1
[    3.242368] initcall tracer_init_tracefs+0x0/0x1fb returned 0 after 175634 usecs
[    3.252660] calling  init_trace_printk_function_export+0x0/0x2c @ 1
[    3.259915] initcall init_trace_printk_function_export+0x0/0x2c returned 0 after 9 usecs
[    3.269081] calling  init_kprobe_trace+0x0/0x1a9 @ 1
[    3.274874] initcall init_kprobe_trace+0x0/0x1a9 returned 0 after 8 usecs
[    3.284160] calling  init_dynamic_event+0x0/0x3d @ 1
[    3.289915] initcall init_dynamic_event+0x0/0x3d returned 0 after 60 usecs
[    3.297810] calling  init_uprobe_trace+0x0/0x5c @ 1
[    3.303539] initcall init_uprobe_trace+0x0/0x5c returned 0 after 53 usecs
[    3.311318] calling  init_pipe_fs+0x0/0x44 @ 1
[    3.316627] initcall init_pipe_fs+0x0/0x44 returned 0 after 189 usecs
[    3.324071] calling  inotify_user_setup+0x0/0x47 @ 1
[    3.329857] initcall inotify_user_setup+0x0/0x47 returned 0 after 27 usecs
[    3.337893] calling  eventpoll_init+0x0/0xcc @ 1
[    3.343456] initcall eventpoll_init+0x0/0xcc returned 0 after 93 usecs
[    3.351037] calling  anon_inode_init+0x0/0x58 @ 1
[    3.356668] initcall anon_inode_init+0x0/0x58 returned 0 after 104 usecs
[    3.364519] calling  proc_locks_init+0x0/0x27 @ 1
[    3.370465] initcall proc_locks_init+0x0/0x27 returned 0 after 319 usecs
[    3.378375] calling  iomap_init+0x0/0x1b @ 1
[    3.384291] initcall iomap_init+0x0/0x1b returned 0 after 761 usecs
[    3.391728] calling  dquot_init+0x0/0xd7 @ 1
[    3.396833] VFS: Disk quotas dquot_6.6.0
[    3.401945] VFS: Dquot-cache hash table entries: 512 (order 0, 4096 bytes)
[    3.410203] initcall dquot_init+0x0/0xd7 returned 0 after 13053 usecs
[    3.417986] calling  quota_init+0x0/0x23 @ 1
[    3.423620] initcall quota_init+0x0/0x23 returned 0 after 534 usecs
[    3.430913] calling  proc_cmdline_init+0x0/0x21 @ 1
[    3.436747] initcall proc_cmdline_init+0x0/0x21 returned 0 after 16 usecs
[    3.444538] calling  proc_consoles_init+0x0/0x24 @ 1
[    3.450412] initcall proc_consoles_init+0x0/0x24 returned 0 after 27 usecs
[    3.458481] calling  proc_cpuinfo_init+0x0/0x1e @ 1
[    3.464320] initcall proc_cpuinfo_init+0x0/0x1e returned 0 after 3 usecs
[    3.472113] calling  proc_devices_init+0x0/0x24 @ 1
[    3.477792] initcall proc_devices_init+0x0/0x24 returned 0 after 15 usecs
[    3.485956] calling  proc_interrupts_init+0x0/0x24 @ 1
[    3.492264] initcall proc_interrupts_init+0x0/0x24 returned 0 after 3 usecs
[    3.501148] calling  proc_loadavg_init+0x0/0x21 @ 1
[    3.507986] initcall proc_loadavg_init+0x0/0x21 returned 0 after 4 usecs
[    3.515981] calling  proc_meminfo_init+0x0/0x21 @ 1
[    3.521810] initcall proc_meminfo_init+0x0/0x21 returned 0 after 4 usecs
[    3.529749] calling  proc_stat_init+0x0/0x1e @ 1
[    3.535343] initcall proc_stat_init+0x0/0x1e returned 0 after 4 usecs
[    3.543228] calling  proc_uptime_init+0x0/0x21 @ 1
[    3.549062] initcall proc_uptime_init+0x0/0x21 returned 0 after 4 usecs
[    3.556967] calling  proc_version_init+0x0/0x21 @ 1
[    3.562903] initcall proc_version_init+0x0/0x21 returned 0 after 4 usecs
[    3.571160] calling  proc_softirqs_init+0x0/0x21 @ 1
[    3.577293] initcall proc_softirqs_init+0x0/0x21 returned 0 after 4 usecs
[    3.586855] calling  proc_kcore_init+0x0/0xea @ 1
[    3.592415] initcall proc_kcore_init+0x0/0xea returned 0 after 34 usecs
[    3.602086] calling  vmcore_init+0x0/0x578 @ 1
[    3.607143] initcall vmcore_init+0x0/0x578 returned 0 after 0 usecs
[    3.614844] calling  proc_kmsg_init+0x0/0x21 @ 1
[    3.621345] initcall proc_kmsg_init+0x0/0x21 returned 0 after 5 usecs
[    3.630418] calling  proc_page_init+0x0/0x3b @ 1
[    3.637168] initcall proc_page_init+0x0/0x3b returned 0 after 6 usecs
[    3.645500] calling  init_ramfs_fs+0x0/0xc @ 1
[    3.650658] initcall init_ramfs_fs+0x0/0xc returned 0 after 21 usecs
[    3.657905] calling  init_hugetlbfs_fs+0x0/0xf6 @ 1
[    3.663678] initcall init_hugetlbfs_fs+0x0/0xf6 returned 0 after 89 usecs
[    3.671518] calling  blk_scsi_ioctl_init+0x0/0x2a5 @ 1
[    3.677566] initcall blk_scsi_ioctl_init+0x0/0x2a5 returned 0 after 15 usecs
[    3.685569] calling  acpi_event_init+0x0/0x2c @ 1
[    3.691018] initcall acpi_event_init+0x0/0x2c returned 0 after 11 usecs
[    3.698513] calling  pnp_system_init+0x0/0xc @ 1
[    3.704460] initcall pnp_system_init+0x0/0xc returned 0 after 522 usecs
[    3.712006] calling  pnpacpi_init+0x0/0x69 @ 1
[    3.717743] pnp: PnP ACPI init
[    3.722637] pnp 00:00: Plug and Play ACPI device, IDs PNP0303 (active)
[    3.730292] pnp 00:01: Plug and Play ACPI device, IDs PNP0f13 (active)
[    3.737790] pnp 00:02: Plug and Play ACPI device, IDs PNP0400 (active)
[    3.745171] pnp 00:03: Plug and Play ACPI device, IDs PNP0501 (active)
[    3.752629] pnp 00:04: Plug and Play ACPI device, IDs PNP0b00 (active)
[    3.760552] system 00:05: [mem 0xb0000000-0xbfffffff window] has been reserved
[    3.768921] system 00:05: Plug and Play ACPI device, IDs PNP0c01 (active)
[    3.778334] pnp: PnP ACPI: found 6 devices
[    3.783221] initcall pnpacpi_init+0x0/0x69 returned 0 after 63937 usecs
[    3.791653] calling  chr_dev_init+0x0/0x14d @ 1
[    3.801589] initcall chr_dev_init+0x0/0x14d returned 0 after 3407 usecs
[    3.811212] calling  firmware_class_init+0x0/0xde @ 1
[    3.818365] initcall firmware_class_init+0x0/0xde returned 0 after 51 usecs
[    3.826518] calling  init_pcmcia_bus+0x0/0x5b @ 1
[    3.831888] initcall init_pcmcia_bus+0x0/0x5b returned 0 after 64 usecs
[    3.839260] calling  init_acpi_pm_clocksource+0x0/0xda @ 1
[    3.851445] clocksource: acpi_pm: mask: 0xffffff max_cycles: 0xffffff, max_idle_ns: 2085701024 ns
[    3.863453] initcall init_acpi_pm_clocksource+0x0/0xda returned 0 after 17349 usecs
[    3.873820] calling  sysctl_core_init+0x0/0x26 @ 1
[    3.879243] initcall sysctl_core_init+0x0/0x26 returned 0 after 182 usecs
[    3.886604] calling  eth_offload_init+0x0/0x13 @ 1
[    3.898776] initcall eth_offload_init+0x0/0x13 returned 0 after 342 usecs
[    3.906291] calling  ipv4_offload_init+0x0/0x73 @ 1
[    3.911730] initcall ipv4_offload_init+0x0/0x73 returned 0 after 59 usecs
[    3.919184] calling  inet_init+0x0/0x276 @ 1
[    3.925083] NET: Registered protocol family 2
[    3.931676] IP idents hash table entries: 8192 (order: 4, 65536 bytes, linear)
[    3.946458] tcp_listen_portaddr_hash hash table entries: 256 (order: 0, 4096 bytes, linear)
[    3.956078] TCP established hash table entries: 4096 (order: 3, 32768 bytes, linear)
[    3.965263] TCP bind hash table entries: 4096 (order: 3, 32768 bytes, linear)
[    3.975307] TCP: Hash tables configured (established 4096 bind 4096)
[    3.984592] UDP hash table entries: 256 (order: 1, 8192 bytes, linear)
[    3.993746] UDP-Lite hash table entries: 256 (order: 1, 8192 bytes, linear)
[    4.001683] initcall inet_init+0x0/0x276 returned 0 after 75903 usecs
[    4.008803] calling  af_unix_init+0x0/0x4d @ 1
[    4.013763] NET: Registered protocol family 1
[    4.019273] initcall af_unix_init+0x0/0x4d returned 0 after 5395 usecs
[    4.026460] calling  ipv6_offload_init+0x0/0x7e @ 1
[    4.033393] initcall ipv6_offload_init+0x0/0x7e returned 0 after 53 usecs
[    4.042782] calling  init_sunrpc+0x0/0x65 @ 1
[    4.051309] RPC: Registered named UNIX socket transport module.
[    4.058862] RPC: Registered udp transport module.
[    4.064158] RPC: Registered tcp transport module.
[    4.069500] RPC: Registered tcp NFSv4.1 backchannel transport module.
[    4.076835] initcall init_sunrpc+0x0/0x65 returned 0 after 27215 usecs
[    4.084284] calling  cfg80211_init+0x0/0xc5 @ 1
[    4.091507] initcall cfg80211_init+0x0/0xc5 returned 0 after 1909 usecs
[    4.099167] calling  pcibios_assign_resources+0x0/0xcb @ 1
[    4.105899] pci_bus 0000:00: resource 4 [io  0x0000-0x0cf7 window]
[    4.112872] pci_bus 0000:00: resource 5 [io  0x0d00-0xffff window]
[    4.119843] pci_bus 0000:00: resource 6 [mem 0x000a0000-0x000bffff window]
[    4.127579] pci_bus 0000:00: resource 7 [mem 0x20000000-0xafffffff window]
[    4.135703] pci_bus 0000:00: resource 8 [mem 0xc0000000-0xfebfffff window]
[    4.143463] pci_bus 0000:00: resource 9 [mem 0x100000000-0x8ffffffff window]
[    4.152067] initcall pcibios_assign_resources+0x0/0xcb returned 0 after 45510 usecs
[    4.160793] calling  pci_apply_final_quirks+0x0/0x124 @ 1
[    4.169211] pci 0000:00:01.0: calling  pci_fixup_video+0x0/0xe0 @ 1
[    4.177223] pci 0000:00:01.0: Video device with shadowed ROM at [mem 0x000c0000-0x000dffff]
[    4.186562] pci 0000:00:01.0: pci_fixup_video+0x0/0xe0 took 9558 usecs
[    4.194416] PCI: CLS 0 bytes, default 64
[    4.199192] initcall pci_apply_final_quirks+0x0/0x124 returned 0 after 31151 usecs
[    4.208861] calling  acpi_reserve_resources+0x0/0xea @ 1
[    4.214843] initcall acpi_reserve_resources+0x0/0xea returned 0 after 52 usecs
[    4.222899] calling  populate_rootfs+0x0/0x102 @ 1
[    4.229385] initcall populate_rootfs+0x0/0x102 returned 0 after 1062 usecs
[    4.237057] calling  pci_iommu_init+0x0/0x3e @ 1
[    4.242384] initcall pci_iommu_init+0x0/0x3e returned 0 after 18 usecs
[    4.251236] calling  ia32_binfmt_init+0x0/0x13 @ 1
[    4.257888] initcall ia32_binfmt_init+0x0/0x13 returned 0 after 31 usecs
[    4.266996] calling  rapl_pmu_init+0x0/0x25f @ 1
[    4.273801] initcall rapl_pmu_init+0x0/0x25f returned -19 after 14 usecs
[    4.282383] calling  amd_uncore_init+0x0/0x310 @ 1
[    4.288405] initcall amd_uncore_init+0x0/0x310 returned -19 after 0 usecs
[    4.296294] calling  amd_ibs_init+0x0/0x273 @ 1
[    4.301597] initcall amd_ibs_init+0x0/0x273 returned -19 after 0 usecs
[    4.309729] calling  amd_iommu_pc_init+0x0/0x20c @ 1
[    4.317295] initcall amd_iommu_pc_init+0x0/0x20c returned -19 after 204 usecs
[    4.325328] calling  msr_init+0x0/0x55 @ 1
[    4.330755] initcall msr_init+0x0/0x55 returned 0 after 721 usecs
[    4.337654] calling  intel_uncore_init+0x0/0x322 @ 1
[    4.343276] initcall intel_uncore_init+0x0/0x322 returned -19 after 1 usecs
[    4.351142] calling  cstate_pmu_init+0x0/0x181 @ 1
[    4.356613] initcall cstate_pmu_init+0x0/0x181 returned -19 after 0 usecs
[    4.364179] calling  register_kernel_offset_dumper+0x0/0x1a @ 1
[    4.370855] initcall register_kernel_offset_dumper+0x0/0x1a returned 0 after 14 usecs
[    4.379600] calling  i8259A_init_ops+0x0/0x20 @ 1
[    4.385001] initcall i8259A_init_ops+0x0/0x20 returned 0 after 1 usecs
[    4.392437] calling  init_tsc_clocksource+0x0/0xa4 @ 1
[    4.398255] clocksource: tsc: mask: 0xffffffffffffffff max_cycles: 0x39a85afc727, max_idle_ns: 881590685098 ns
[    4.410731] initcall init_tsc_clocksource+0x0/0xa4 returned 0 after 12216 usecs
[    4.418743] calling  add_rtc_cmos+0x0/0xb0 @ 1
[    4.423799] initcall add_rtc_cmos+0x0/0xb0 returned 0 after 74 usecs
[    4.430804] calling  i8237A_init_ops+0x0/0x3a @ 1
[    4.436677] initcall i8237A_init_ops+0x0/0x3a returned 0 after 194 usecs
[    4.445245] calling  umwait_init+0x0/0x94 @ 1
[    4.450121] initcall umwait_init+0x0/0x94 returned -19 after 0 usecs
[    4.457149] calling  thermal_throttle_init_device+0x0/0x3d @ 1
[    4.464927] initcall thermal_throttle_init_device+0x0/0x3d returned 0 after 14 usecs
[    4.473530] calling  msr_init+0x0/0xd7 @ 1
[    4.478979] initcall msr_init+0x0/0xd7 returned 0 after 724 usecs
[    4.486134] calling  cpuid_init+0x0/0xd7 @ 1
[    4.492367] initcall cpuid_init+0x0/0xd7 returned 0 after 1225 usecs
[    4.500420] calling  ioapic_init_ops+0x0/0x13 @ 1
[    4.507021] initcall ioapic_init_ops+0x0/0x13 returned 0 after 1 usecs
[    4.516589] calling  add_pcspkr+0x0/0x6c @ 1
[    4.521586] initcall add_pcspkr+0x0/0x6c returned 0 after 51 usecs
[    4.528589] calling  start_periodic_check_for_corruption+0x0/0x30 @ 1
[    4.535918] check: Scanning for low memory corruption every 60 seconds
[    4.543234] initcall start_periodic_check_for_corruption+0x0/0x30 returned 0 after 7204 usecs
[    4.554008] calling  sysfb_init+0x0/0x9c @ 1
[    4.559094] initcall sysfb_init+0x0/0x9c returned 0 after 44 usecs
[    4.566155] calling  audit_classes_init+0x0/0xae @ 1
[    4.572010] initcall audit_classes_init+0x0/0xae returned 0 after 39 usecs
[    4.580004] calling  iosf_mbi_init+0x0/0x24 @ 1
[    4.585825] initcall iosf_mbi_init+0x0/0x24 returned 0 after 207 usecs
[    4.593677] calling  proc_execdomains_init+0x0/0x21 @ 1
[    4.599871] initcall proc_execdomains_init+0x0/0x21 returned 0 after 23 usecs
[    4.608232] calling  register_warn_debugfs+0x0/0x23 @ 1
[    4.614351] initcall register_warn_debugfs+0x0/0x23 returned 0 after 55 usecs
[    4.622671] calling  ioresources_init+0x0/0x49 @ 1
[    4.628288] initcall ioresources_init+0x0/0x49 returned 0 after 6 usecs
[    4.635791] calling  snapshot_device_init+0x0/0xc @ 1
[    4.641589] initcall snapshot_device_init+0x0/0xc returned 0 after 212 usecs
[    4.649309] calling  irq_pm_init_ops+0x0/0x13 @ 1
[    4.654658] initcall irq_pm_init_ops+0x0/0x13 returned 0 after 12 usecs
[    4.661891] calling  rcu_torture_init+0x0/0x964 @ 1
[    4.667382] rcu-torture:--- Start of test: nreaders=1 nfakewriters=4 stat_interval=15 verbose=1 test_no_idle_hz=1 shuffle_interval=3 stutter=5 irqreader=1 fqs_duration=0 fqs_holdoff=0 fqs_stutter=3 test_boost=1/0 test_boost_interval=7 test_boost_duration=4 shutdown_secs=1800 stall_cpu=0 stall_cpu_holdoff=10 stall_cpu_irqsoff=0 stall_cpu_block=0 n_barrier_cbs=4 onoff_interval=0 onoff_holdoff=0 read_exit_delay=13 read_exit_burst=16
[    4.709969] rcu:  Start-test grace-period state: g-1092 f0x0
[    4.716614] rcu-torture: Creating rcu_torture_writer task
[    4.723035] rcu-torture: Creating rcu_torture_fakewriter task
[    4.729705] rcu-torture: rcu_torture_writer task started
[    4.736071] rcu-torture: Creating rcu_torture_fakewriter task
[    4.742821] rcu-torture: rcu_torture_fakewriter task started
[    4.749786] rcu-torture: GP expediting controlled from boot/sysfs for rcu.
[    4.758160] rcu-torture: Creating rcu_torture_fakewriter task
[    4.764944] rcu-torture: rcu_torture_fakewriter task started
[    4.771620] rcu_torture_writer: Testing conditional GPs.
[    4.778476] rcu-torture: Creating rcu_torture_fakewriter task
[    4.785212] rcu-torture: rcu_torture_fakewriter task started
[    4.791665] rcu_torture_writer: Testing expedited GPs.
[    4.798495] rcu-torture: Creating rcu_torture_reader task
[    4.805842] rcu-torture: rcu_torture_fakewriter task started
[    4.812443] rcu_torture_writer: Testing asynchronous GPs.
[    4.818585] rcu-torture: Creating rcu_torture_stats task
[    4.824784] rcu-torture: rcu_torture_reader task started
[    4.830859] rcu_torture_writer: Testing normal GPs.
[    4.836499] rcu-torture: Creating torture_shuffle task
[    4.842282] rcu-torture: rcu_torture_stats task started
[    4.848373] rcu-torture: Creating torture_stutter task
[    4.854472] rcu-torture: torture_shuffle task started
[    4.860660] rcu-torture: Creating torture_shutdown task
[    4.866538] rcu-torture: torture_stutter task started
[    4.874463] rcu-torture: Creating rcu_torture_fwd_prog task
[    4.882358] rcu-torture: torture_shutdown task started
[    4.889846] rcu-torture:torture_shutdown task: 1799970 ms remaining
[    4.904947] rcu-torture: Creating rcu_torture_barrier_cbs task
[    4.911826] rcu-torture: rcu_torture_fwd_progress task started
[    4.921786] rcu-torture: Creating rcu_torture_barrier_cbs task
[    4.928496] rcu-torture: rcu_torture_barrier_cbs task started
[    4.936686] rcu-torture: Creating rcu_torture_barrier_cbs task
[    4.943662] rcu-torture: rcu_torture_barrier_cbs task started
[    4.950414] rcu-torture: Creating rcu_torture_barrier_cbs task
[    4.957224] rcu-torture: rcu_torture_barrier_cbs task started
[    4.963835] rcu-torture: Creating rcu_torture_barrier task
[    4.970163] rcu-torture: rcu_torture_barrier_cbs task started
[    4.977867] rcu-torture: Creating rcu_torture_read_exit task
[    4.984810] rcu-torture: rcu_torture_barrier task starting
[    4.991825] initcall rcu_torture_init+0x0/0x964 returned 0 after 316631 usecs
[    5.000213] rcu-torture: rcu_torture_read_exit: Start of test
[    5.006856] calling  timekeeping_init_ops+0x0/0x13 @ 1
[    5.012901] initcall timekeeping_init_ops+0x0/0x13 returned 0 after 59 usecs
[    5.020969] calling  init_clocksource_sysfs+0x0/0x23 @ 1
[    5.029779] initcall init_clocksource_sysfs+0x0/0x23 returned 0 after 2467 usecs
[    5.038244] calling  init_timer_list_procfs+0x0/0x31 @ 1
[    5.044622] initcall init_timer_list_procfs+0x0/0x31 returned 0 after 190 usecs
[    5.053041] calling  alarmtimer_init+0x0/0xb5 @ 1
[    5.059067] initcall alarmtimer_init+0x0/0xb5 returned 0 after 570 usecs
[    5.067915] calling  init_posix_timers+0x0/0x29 @ 1
[    5.075338] initcall init_posix_timers+0x0/0x29 returned 0 after 274 usecs
[    5.085588] calling  clockevents_init_sysfs+0x0/0x8b @ 1
[    5.093489] initcall clockevents_init_sysfs+0x0/0x8b returned 0 after 134 usecs
[    5.104317] calling  proc_dma_init+0x0/0x21 @ 1
[    5.109959] initcall proc_dma_init+0x0/0x21 returned 0 after 22 usecs
[    5.117795] calling  proc_modules_init+0x0/0x1e @ 1
[    5.123744] initcall proc_modules_init+0x0/0x1e returned 0 after 38 usecs
[    5.131649] calling  kallsyms_init+0x0/0x21 @ 1
[    5.137008] initcall kallsyms_init+0x0/0x21 returned 0 after 8 usecs
[    5.144701] calling  pid_namespaces_init+0x0/0x2c @ 1
[    5.151785] initcall pid_namespaces_init+0x0/0x2c returned 0 after 29 usecs
[    5.160284] calling  audit_watch_init+0x0/0x37 @ 1
[    5.165930] initcall audit_watch_init+0x0/0x37 returned 0 after 41 usecs
[    5.173704] calling  audit_fsnotify_init+0x0/0x37 @ 1
[    5.179564] initcall audit_fsnotify_init+0x0/0x37 returned 0 after 4 usecs
[    5.187542] calling  audit_tree_init+0x0/0x6d @ 1
[    5.193081] initcall audit_tree_init+0x0/0x6d returned 0 after 23 usecs
[    5.200720] calling  seccomp_sysctl_init+0x0/0x2b @ 1
[    5.206843] initcall seccomp_sysctl_init+0x0/0x2b returned 0 after 290 usecs
[    5.215018] calling  utsname_sysctl_init+0x0/0x13 @ 1
[    5.220983] initcall utsname_sysctl_init+0x0/0x13 returned 0 after 94 usecs
[    5.229018] calling  init_tracepoints+0x0/0x27 @ 1
[    5.234769] initcall init_tracepoints+0x0/0x27 returned 0 after 61 usecs
[    5.242481] calling  init_blk_tracer+0x0/0x50 @ 1
[    5.248989] initcall init_blk_tracer+0x0/0x50 returned 0 after 971 usecs
[    5.256736] calling  perf_event_sysfs_init+0x0/0x81 @ 1
[    5.263454] initcall perf_event_sysfs_init+0x0/0x81 returned 0 after 585 usecs
[    5.271766] calling  system_trusted_keyring_init+0x0/0x5f @ 1
[    5.278394] Initialise system trusted keyrings
[    5.283551] initcall system_trusted_keyring_init+0x0/0x5f returned 0 after 5052 usecs
[    5.292643] calling  kswapd_init+0x0/0x13 @ 1
[    5.298048] initcall kswapd_init+0x0/0x13 returned 0 after 214 usecs
[    5.305672] calling  extfrag_debug_init+0x0/0x54 @ 1
[    5.311754] initcall extfrag_debug_init+0x0/0x54 returned 0 after 230 usecs
[    5.319946] calling  slab_proc_init+0x0/0x21 @ 1
[    5.325281] initcall slab_proc_init+0x0/0x21 returned 0 after 29 usecs
[    5.332787] calling  workingset_init+0x0/0x8c @ 1
[    5.338332] workingset: timestamp_bits=62 max_order=17 bucket_order=0
[    5.346272] initcall workingset_init+0x0/0x8c returned 0 after 7770 usecs
[    5.354182] calling  proc_vmalloc_init+0x0/0x27 @ 1
[    5.359817] initcall proc_vmalloc_init+0x0/0x27 returned 0 after 19 usecs
[    5.367731] calling  procswaps_init+0x0/0x1e @ 1
[    5.373223] initcall procswaps_init+0x0/0x1e returned 0 after 78 usecs
[    5.380786] calling  slab_sysfs_init+0x0/0xea @ 1
[    5.390067] initcall slab_sysfs_init+0x0/0xea returned 0 after 3437 usecs
[    5.398023] calling  fcntl_init+0x0/0x29 @ 1
[    5.403122] initcall fcntl_init+0x0/0x29 returned 0 after 10 usecs
[    5.410393] calling  proc_filesystems_init+0x0/0x21 @ 1
[    5.416580] initcall proc_filesystems_init+0x0/0x21 returned 0 after 21 usecs
[    5.424822] calling  start_dirtytime_writeback+0x0/0x29 @ 1
[    5.431358] initcall start_dirtytime_writeback+0x0/0x29 returned 0 after 4 usecs
[    5.440455] calling  blkdev_init+0x0/0x1b @ 1
[    5.446370] initcall blkdev_init+0x0/0x1b returned 0 after 342 usecs
[    5.454840] calling  dio_init+0x0/0x2c @ 1
[    5.459833] initcall dio_init+0x0/0x2c returned 0 after 60 usecs
[    5.466918] calling  dnotify_init+0x0/0x78 @ 1
[    5.473066] initcall dnotify_init+0x0/0x78 returned 0 after 14 usecs
[    5.480551] calling  aio_setup+0x0/0x78 @ 1
[    5.485994] initcall aio_setup+0x0/0x78 returned 0 after 510 usecs
[    5.493447] calling  io_uring_init+0x0/0x2c @ 1
[    5.499142] initcall io_uring_init+0x0/0x2c returned 0 after 11 usecs
[    5.506841] calling  mbcache_init+0x0/0x30 @ 1
[    5.512048] initcall mbcache_init+0x0/0x30 returned 0 after 57 usecs
[    5.519577] calling  init_grace+0x0/0xc @ 1
[    5.524749] initcall init_grace+0x0/0xc returned 0 after 133 usecs
[    5.532003] calling  init_v2_quota_format+0x0/0x21 @ 1
[    5.538200] initcall init_v2_quota_format+0x0/0x21 returned 0 after 50 usecs
[    5.546468] calling  init_devpts_fs+0x0/0x27 @ 1
[    5.552172] initcall init_devpts_fs+0x0/0x27 returned 0 after 197 usecs
[    5.559758] calling  ext4_init_fs+0x0/0x1cb @ 1
[    5.565527] initcall ext4_init_fs+0x0/0x1cb returned 0 after 359 usecs
[    5.573174] calling  journal_init+0x0/0x11c @ 1
[    5.578678] initcall journal_init+0x0/0x11c returned 0 after 84 usecs
[    5.586185] calling  init_fat_fs+0x0/0x49 @ 1
[    5.591531] initcall init_fat_fs+0x0/0x49 returned 0 after 66 usecs
[    5.598775] calling  init_vfat_fs+0x0/0xc @ 1
[    5.603917] initcall init_vfat_fs+0x0/0xc returned 0 after 6 usecs
[    5.610970] calling  init_msdos_fs+0x0/0xc @ 1
[    5.616134] initcall init_msdos_fs+0x0/0xc returned 0 after 16 usecs
[    5.624516] calling  init_iso9660_fs+0x0/0x6c @ 1
[    5.631000] initcall init_iso9660_fs+0x0/0x6c returned 0 after 102 usecs
[    5.638770] calling  init_nfs_fs+0x0/0x13a @ 1
[    5.645782] initcall init_nfs_fs+0x0/0x13a returned 0 after 1074 usecs
[    5.653778] calling  init_nfs_v2+0x0/0x13 @ 1
[    5.659820] initcall init_nfs_v2+0x0/0x13 returned 0 after 103 usecs
[    5.669242] calling  init_nfs_v3+0x0/0x13 @ 1
[    5.675793] initcall init_nfs_v3+0x0/0x13 returned 0 after 8 usecs
[    5.684685] calling  init_nfs_v4+0x0/0x32 @ 1
[    5.690078] NFS: Registering the id_resolver key type
[    5.696306] Key type id_resolver registered
[    5.701483] Key type id_legacy registered
[    5.706493] initcall init_nfs_v4+0x0/0x32 returned 0 after 16085 usecs
[    5.714273] calling  init_nlm+0x0/0x5b @ 1
[    5.719443] initcall init_nlm+0x0/0x5b returned 0 after 118 usecs
[    5.726772] calling  init_nls_cp437+0x0/0xe @ 1
[    5.732277] initcall init_nls_cp437+0x0/0xe returned 0 after 49 usecs
[    5.740157] calling  init_nls_ascii+0x0/0xe @ 1
[    5.745745] initcall init_nls_ascii+0x0/0xe returned 0 after 16 usecs
[    5.753405] calling  init_nls_iso8859_1+0x0/0xe @ 1
[    5.759617] initcall init_nls_iso8859_1+0x0/0xe returned 0 after 7 usecs
[    5.767702] calling  init_nls_utf8+0x0/0x21 @ 1
[    5.773423] initcall init_nls_utf8+0x0/0x21 returned 0 after 7 usecs
[    5.781244] calling  init_autofs_fs+0x0/0x25 @ 1
[    5.787977] initcall init_autofs_fs+0x0/0x25 returned 0 after 895 usecs
[    5.796279] calling  ipc_init+0x0/0x24 @ 1
[    5.801599] initcall ipc_init+0x0/0x24 returned 0 after 44 usecs
[    5.810254] calling  ipc_sysctl_init+0x0/0x13 @ 1
[    5.815910] initcall ipc_sysctl_init+0x0/0x13 returned 0 after 31 usecs
[    5.823819] calling  init_mqueue_fs+0x0/0x92 @ 1
[    5.829541] initcall init_mqueue_fs+0x0/0x92 returned 0 after 182 usecs
[    5.837334] calling  key_proc_init+0x0/0x63 @ 1
[    5.842987] initcall key_proc_init+0x0/0x63 returned 0 after 9 usecs
[    5.850668] calling  selinux_nf_ip_init+0x0/0x2e @ 1
[    5.856719] initcall selinux_nf_ip_init+0x0/0x2e returned 0 after 5 usecs
[    5.865022] calling  init_sel_fs+0x0/0x116 @ 1
[    5.870753] initcall init_sel_fs+0x0/0x116 returned 0 after 5 usecs
[    5.878574] calling  selnl_init+0x0/0x7c @ 1
[    5.884757] initcall selnl_init+0x0/0x7c returned 0 after 408 usecs
[    5.892821] calling  sel_netif_init+0x0/0x36 @ 1
[    5.898756] initcall sel_netif_init+0x0/0x36 returned 0 after 7 usecs
[    5.906728] calling  sel_netnode_init+0x0/0x33 @ 1
[    5.912833] initcall sel_netnode_init+0x0/0x33 returned 0 after 3 usecs
[    5.920969] calling  sel_netport_init+0x0/0x33 @ 1
[    5.927213] initcall sel_netport_init+0x0/0x33 returned 0 after 34 usecs
[    5.935522] calling  aurule_init+0x0/0x2a @ 1
[    5.941088] initcall aurule_init+0x0/0x2a returned 0 after 8 usecs
[    5.948874] calling  crypto_algapi_init+0x0/0xc @ 1
[    5.955167] initcall crypto_algapi_init+0x0/0xc returned 0 after 74 usecs
[    5.963705] calling  jent_mod_init+0x0/0x2d @ 1
[    5.979243] initcall jent_mod_init+0x0/0x2d returned 0 after 9528 usecs
[    5.987769] calling  asymmetric_key_init+0x0/0xc @ 1
[    5.994064] Key type asymmetric registered
[    5.999367] initcall asymmetric_key_init+0x0/0xc returned 0 after 5179 usecs
[    6.008283] calling  x509_key_init+0x0/0xc @ 1
[    6.014349] Asymmetric key parser 'x509' registered
[    6.020708] initcall x509_key_init+0x0/0xc returned 0 after 6236 usecs
[    6.030325] calling  proc_genhd_init+0x0/0x41 @ 1
[    6.036214] initcall proc_genhd_init+0x0/0x41 returned 0 after 8 usecs
[    6.044269] calling  bsg_init+0x0/0x113 @ 1
[    6.049760] Block layer SCSI generic (bsg) driver version 0.4 loaded (major 251)
[    6.058846] initcall bsg_init+0x0/0x113 returned 0 after 9002 usecs
[    6.066429] calling  deadline_init+0x0/0xc @ 1
[    6.072065] io scheduler mq-deadline registered
[    6.077794] initcall deadline_init+0x0/0xc returned 0 after 5613 usecs
[    6.085814] calling  kyber_init+0x0/0xc @ 1
[    6.090979] io scheduler kyber registered
[    6.095937] initcall kyber_init+0x0/0xc returned 0 after 4845 usecs
[    6.103706] calling  mod_init+0x0/0x7 @ 1
[    6.108697] initcall mod_init+0x0/0x7 returned 0 after 4 usecs
[    6.115935] calling  sg_pool_init+0x0/0xb4 @ 1
[    6.121586] initcall sg_pool_init+0x0/0xb4 returned 0 after 203 usecs
[    6.129341] calling  pcie_portdrv_init+0x0/0x39 @ 1
[    6.136003] initcall pcie_portdrv_init+0x0/0x39 returned 0 after 614 usecs
[    6.144443] calling  pci_proc_init+0x0/0x68 @ 1
[    6.150169] initcall pci_proc_init+0x0/0x68 returned 0 after 138 usecs
[    6.158201] calling  pci_hotplug_init+0x0/0x7 @ 1
[    6.163985] initcall pci_hotplug_init+0x0/0x7 returned 0 after 2 usecs
[    6.171924] calling  efifb_driver_init+0x0/0xe @ 1
[    6.177819] initcall efifb_driver_init+0x0/0xe returned 0 after 47 usecs
[    6.185938] calling  ged_driver_init+0x0/0xe @ 1
[    6.191848] initcall ged_driver_init+0x0/0xe returned 0 after 126 usecs
[    6.199834] calling  acpi_ac_init+0x0/0x92 @ 1
[    6.205819] initcall acpi_ac_init+0x0/0x92 returned 0 after 594 usecs
[    6.213670] calling  acpi_button_driver_init+0x0/0x52 @ 1
[    6.220922] input: Power Button as /devices/LNXSYSTM:00/LNXPWRBN:00/input/input0
[    6.233211] ACPI: Power Button [PWRF]
[    6.238377] initcall acpi_button_driver_init+0x0/0x52 returned 0 after 17631 usecs
[    6.247695] calling  acpi_fan_driver_init+0x0/0xe @ 1
[    6.254178] initcall acpi_fan_driver_init+0x0/0xe returned 0 after 91 usecs
[    6.262888] calling  acpi_video_init+0x0/0xcb @ 1
[    6.268815] initcall acpi_video_init+0x0/0xcb returned 0 after 122 usecs
[    6.277270] calling  acpi_processor_driver_init+0x0/0xad @ 1
[    6.289685] initcall acpi_processor_driver_init+0x0/0xad returned 0 after 1609 usecs
[    6.299277] calling  acpi_thermal_init+0x0/0x71 @ 1
[    6.305700] initcall acpi_thermal_init+0x0/0x71 returned 0 after 80 usecs
[    6.315014] calling  acpi_battery_init+0x0/0x32 @ 1
[    6.321297] initcall acpi_battery_init+0x0/0x32 returned 0 after 55 usecs
[    6.330225] calling  bgrt_init+0x0/0xb6 @ 1
[    6.335772] initcall bgrt_init+0x0/0xb6 returned -19 after 6 usecs
[    6.343651] calling  gpio_clk_driver_init+0x0/0xe @ 1
[    6.350243] initcall gpio_clk_driver_init+0x0/0xe returned 0 after 35 usecs
[    6.359262] calling  plt_clk_driver_init+0x0/0xe @ 1
[    6.365963] initcall plt_clk_driver_init+0x0/0xe returned 0 after 21 usecs
[    6.374894] calling  virtio_pci_driver_init+0x0/0x15 @ 1
[    6.382010] initcall virtio_pci_driver_init+0x0/0x15 returned 0 after 77 usecs
[    6.392188] calling  n_null_init+0x0/0x1e @ 1
[    6.397735] initcall n_null_init+0x0/0x1e returned 0 after 52 usecs
[    6.405486] calling  pty_init+0x0/0x1e8 @ 1
[    6.411344] initcall pty_init+0x0/0x1e8 returned 0 after 395 usecs
[    6.419007] calling  sysrq_init+0x0/0x62 @ 1
[    6.424508] initcall sysrq_init+0x0/0x62 returned 0 after 30 usecs
[    6.432284] calling  serial8250_init+0x0/0x17e @ 1
[    6.438775] Serial: 8250/16550 driver, 4 ports, IRQ sharing enabled
[    6.449023] 00:03: ttyS0 at I/O 0x3f8 (irq = 4, base_baud = 115200) is a 16550A
[    6.460909] initcall serial8250_init+0x0/0x17e returned 0 after 21643 usecs
[    6.470186] calling  serial_pci_driver_init+0x0/0x15 @ 1
[    6.477436] initcall serial_pci_driver_init+0x0/0x15 returned 0 after 105 usecs
[    6.487218] calling  exar_pci_driver_init+0x0/0x15 @ 1
[    6.494203] initcall exar_pci_driver_init+0x0/0x15 returned 0 after 34 usecs
[    6.503763] calling  lpss8250_pci_driver_init+0x0/0x15 @ 1
[    6.511310] initcall lpss8250_pci_driver_init+0x0/0x15 returned 0 after 23 usecs
[    6.522615] calling  mid8250_pci_driver_init+0x0/0x15 @ 1
[    6.531259] initcall mid8250_pci_driver_init+0x0/0x15 returned 0 after 44 usecs
[    6.542865] calling  virtio_console_init+0x0/0xff @ 1
[    6.551251] initcall virtio_console_init+0x0/0xff returned 0 after 209 usecs
[    6.560143] calling  hpet_init+0x0/0x64 @ 1
[    6.567275] initcall hpet_init+0x0/0x64 returned 0 after 1739 usecs
[    6.575527] calling  nvram_module_init+0x0/0x83 @ 1
[    6.581861] Non-volatile memory driver v1.3
[    6.587292] initcall nvram_module_init+0x0/0x83 returned 0 after 5427 usecs
[    6.596400] calling  hwrng_modinit+0x0/0x8a @ 1
[    6.602931] initcall hwrng_modinit+0x0/0x8a returned 0 after 85 usecs
[    6.612080] calling  mod_init+0x0/0x48 @ 1
[    6.618262] initcall mod_init+0x0/0x48 returned -19 after 7 usecs
[    6.625719] calling  agp_init+0x0/0x23 @ 1
[    6.631088] Linux agpgart interface v0.103
[    6.636626] initcall agp_init+0x0/0x23 returned 0 after 5408 usecs
[    6.644580] calling  agp_amd64_mod_init+0x0/0x5 @ 1
[    6.651055] initcall agp_amd64_mod_init+0x0/0x5 returned -19 after 101 usecs
[    6.660147] calling  agp_intel_init+0x0/0x28 @ 1
[    6.667690] initcall agp_intel_init+0x0/0x28 returned 0 after 639 usecs
[    6.677016] calling  drm_kms_helper_init+0x0/0x7 @ 1
[    6.685228] initcall drm_kms_helper_init+0x0/0x7 returned 0 after 25 usecs
[    6.696682] calling  drm_core_init+0x0/0x9e @ 1
[    6.704712] initcall drm_core_init+0x0/0x9e returned 0 after 374 usecs
[    6.714200] calling  i915_init+0x0/0x6b @ 1
[    6.720462] initcall i915_init+0x0/0x6b returned 0 after 454 usecs
[    6.728593] calling  cn_proc_init+0x0/0x35 @ 1
[    6.734850] initcall cn_proc_init+0x0/0x35 returned 0 after 9 usecs
[    6.745346] calling  topology_sysfs_init+0x0/0x27 @ 1
[    6.753654] initcall topology_sysfs_init+0x0/0x27 returned 0 after 45 usecs
[    6.765072] calling  cacheinfo_sysfs_init+0x0/0x27 @ 1
[    6.773681] initcall cacheinfo_sysfs_init+0x0/0x27 returned 0 after 1211 usecs
[    6.784528] calling  loop_init+0x0/0x168 @ 1
[    6.812736] loop: module loaded
[    6.817629] initcall loop_init+0x0/0x168 returned 0 after 26052 usecs
[    6.826946] calling  mac_hid_init+0x0/0x21 @ 1
[    6.833490] initcall mac_hid_init+0x0/0x21 returned 0 after 59 usecs
[    6.842553] calling  spi_transport_init+0x0/0x74 @ 1
[    6.850108] initcall spi_transport_init+0x0/0x74 returned 0 after 364 usecs
[    6.860168] calling  init_sd+0x0/0x18c @ 1
[    6.866314] initcall init_sd+0x0/0x18c returned 0 after 85 usecs
[    6.875300] calling  init_sr+0x0/0x43 @ 1
[    6.881083] initcall init_sr+0x0/0x43 returned 0 after 29 usecs
[    6.889579] calling  init_sg+0x0/0x1c0 @ 1
[    6.895511] initcall init_sg+0x0/0x1c0 returned 0 after 65 usecs
[    6.904340] calling  ahci_pci_driver_init+0x0/0x15 @ 1
[    6.913765] ahci 0000:00:1f.2: version 3.0
[    6.937920] PCI Interrupt Link [GSIA] enabled at IRQ 16
[    6.959836] ahci 0000:00:1f.2: AHCI 0001.0000 32 slots 6 ports 1.5 Gbps 0x3f impl SATA mode
[    6.974022] ahci 0000:00:1f.2: flags: 64bit ncq only 
[    7.000253] scsi host0: ahci
[    7.008012] scsi host1: ahci
[    7.014502] scsi host2: ahci
[    7.020266] scsi host3: ahci
[    7.025345] scsi host4: ahci
[    7.033360] scsi host5: ahci
[    7.038498] ata1: SATA max UDMA/133 abar m4096@0xfebf1000 port 0xfebf1100 irq 24
[    7.049294] ata2: SATA max UDMA/133 abar m4096@0xfebf1000 port 0xfebf1180 irq 24
[    7.060020] ata3: SATA max UDMA/133 abar m4096@0xfebf1000 port 0xfebf1200 irq 24
[    7.070945] ata4: SATA max UDMA/133 abar m4096@0xfebf1000 port 0xfebf1280 irq 24
[    7.082397] ata5: SATA max UDMA/133 abar m4096@0xfebf1000 port 0xfebf1300 irq 24
[    7.094249] ata6: SATA max UDMA/133 abar m4096@0xfebf1000 port 0xfebf1380 irq 24
[    7.109104] initcall ahci_pci_driver_init+0x0/0x15 returned 0 after 190517 usecs
[    7.125368] calling  piix_init+0x0/0x26 @ 1
[    7.133242] initcall piix_init+0x0/0x26 returned 0 after 1417 usecs
[    7.143815] calling  amd_pci_driver_init+0x0/0x15 @ 1
[    7.152634] initcall amd_pci_driver_init+0x0/0x15 returned 0 after 41 usecs
[    7.163813] calling  oldpiix_pci_driver_init+0x0/0x15 @ 1
[    7.171979] initcall oldpiix_pci_driver_init+0x0/0x15 returned 0 after 136 usecs
[    7.182949] calling  sch_pci_driver_init+0x0/0x15 @ 1
[    7.190939] initcall sch_pci_driver_init+0x0/0x15 returned 0 after 37 usecs
[    7.201409] calling  net_olddevs_init+0x0/0x55 @ 1
[    7.209085] initcall net_olddevs_init+0x0/0x55 returned 0 after 280 usecs
[    7.219640] calling  blackhole_netdev_init+0x0/0x78 @ 1
[    7.228755] initcall blackhole_netdev_init+0x0/0x78 returned 0 after 720 usecs
[    7.239767] calling  phy_module_init+0x0/0x13 @ 1
[    7.247247] initcall phy_module_init+0x0/0x13 returned 0 after 288 usecs
[    7.257482] calling  tg3_driver_init+0x0/0x15 @ 1
[    7.266101] initcall tg3_driver_init+0x0/0x15 returned 0 after 199 usecs
[    7.277204] calling  e100_init_module+0x0/0x4c @ 1
[    7.285421] e100: Intel(R) PRO/100 Network Driver
[    7.293138] e100: Copyright(c) 1999-2006 Intel Corporation
[    7.301361] initcall e100_init_module+0x0/0x4c returned 0 after 15847 usecs
[    7.311953] calling  e1000_init_module+0x0/0x72 @ 1
[    7.319450] e1000: Intel(R) PRO/1000 Network Driver
[    7.327055] e1000: Copyright (c) 1999-2006 Intel Corporation.
[    7.336604] initcall e1000_init_module+0x0/0x72 returned 0 after 16787 usecs
[    7.348062] calling  e1000_init_module+0x0/0x2d @ 1
[    7.355967] e1000e: Intel(R) PRO/1000 Network Driver
[    7.364010] e1000e: Copyright(c) 1999 - 2015 Intel Corporation.
[    7.373384] initcall e1000_init_module+0x0/0x2d returned 0 after 17654 usecs
[    7.385304] calling  sky2_init_module+0x0/0x21 @ 1
[    7.393457] sky2: driver version 1.30
[    7.399768] initcall sky2_init_module+0x0/0x21 returned 0 after 6705 usecs
[    7.411177] calling  forcedeth_pci_driver_init+0x0/0x15 @ 1
[    7.420752] initcall forcedeth_pci_driver_init+0x0/0x15 returned 0 after 472 usecs
[    7.432408] calling  rtl8139_init_module+0x0/0x15 @ 1
[    7.441262] ata4: SATA link down (SStatus 0 SControl 300)
[    7.449105] initcall rtl8139_init_module+0x0/0x15 returned 0 after 8778 usecs
[    7.464592] ata3: SATA link up 1.5 Gbps (SStatus 113 SControl 300)
[    7.477802] calling  rtl8169_pci_driver_init+0x0/0x15 @ 1
[    7.489154] initcall rtl8169_pci_driver_init+0x0/0x15 returned 0 after 2556 usecs
[    7.504258] ata2: SATA link down (SStatus 0 SControl 300)
[    7.515490] ata1: SATA link down (SStatus 0 SControl 300)
[    7.523593] calling  cdrom_init+0x0/0xc @ 1
[    7.533187] ata6: SATA link down (SStatus 0 SControl 300)
[    7.542031] initcall cdrom_init+0x0/0xc returned 0 after 11618 usecs
[    7.556282] ata5: SATA link down (SStatus 0 SControl 300)
[    7.565892] calling  nonstatic_sysfs_init+0x0/0xc @ 1
[    7.575751] ata3.00: ATAPI: QEMU DVD-ROM, 2.5+, max UDMA/100
[    7.584405] initcall nonstatic_sysfs_init+0x0/0xc returned 0 after 9423 usecs
[    7.595634] ata3.00: applying bridge limits
[    7.603641] ata3.00: configured for UDMA/100
[    7.610459] calling  yenta_cardbus_driver_init+0x0/0x15 @ 1
[    7.620942] initcall yenta_cardbus_driver_init+0x0/0x15 returned 0 after 1866 usecs
[    7.636398] calling  mon_init+0x0/0x123 @ 1
[    7.644107] scsi 2:0:0:0: CD-ROM            QEMU     QEMU DVD-ROM     2.5+ PQ: 0 ANSI: 5
[    7.660991] initcall mon_init+0x0/0x123 returned 0 after 17670 usecs
[    7.675102] calling  ehci_hcd_init+0x0/0x55 @ 1
[    7.682073] ehci_hcd: USB 2.0 'Enhanced' Host Controller (EHCI) Driver
[    7.692788] initcall ehci_hcd_init+0x0/0x55 returned 0 after 10572 usecs
[    7.704322] calling  ehci_pci_init+0x0/0x64 @ 1
[    7.711195] ehci-pci: EHCI PCI platform driver
[    7.717918] initcall ehci_pci_init+0x0/0x64 returned 0 after 6571 usecs
[    7.735825] calling  ohci_hcd_mod_init+0x0/0x4d @ 1
[    7.744982] sr 2:0:0:0: [sr0] scsi3-mmc drive: 4x/4x cd/rw xa/form2 tray
[    7.757156] ohci_hcd: USB 1.1 'Open' Host Controller (OHCI) Driver
[    7.767918] cdrom: Uniform CD-ROM driver Revision: 3.20
[    7.775516] initcall ohci_hcd_mod_init+0x0/0x4d returned 0 after 31455 usecs
[    7.788556] calling  ohci_pci_init+0x0/0x64 @ 1
[    7.796501] ohci-pci: OHCI PCI platform driver
[    7.805116] initcall ohci_pci_init+0x0/0x64 returned 0 after 8375 usecs
[    7.815633] calling  uhci_hcd_init+0x0/0xa6 @ 1
[    7.822016] uhci_hcd: USB Universal Host Controller Interface driver
[    7.837449] initcall uhci_hcd_init+0x0/0xa6 returned 0 after 15069 usecs
[    7.849754] sr 2:0:0:0: Attached scsi CD-ROM sr0
[    7.858476] sr 2:0:0:0: Attached scsi generic sg0 type 5
[    7.867921] calling  xhci_hcd_init+0x0/0x1e @ 1
[    7.876014] initcall xhci_hcd_init+0x0/0x1e returned 0 after 564 usecs
[    7.886423] calling  xhci_pci_init+0x0/0x49 @ 1
[    7.894590] initcall xhci_pci_init+0x0/0x49 returned 0 after 434 usecs
[    7.904986] calling  usblp_driver_init+0x0/0x15 @ 1
[    7.912790] usbcore: registered new interface driver usblp
[    7.920503] initcall usblp_driver_init+0x0/0x15 returned 0 after 7931 usecs
[    7.929847] calling  usb_storage_driver_init+0x0/0x2a @ 1
[    7.937639] usbcore: registered new interface driver usb-storage
[    7.947057] initcall usb_storage_driver_init+0x0/0x2a returned 0 after 9431 usecs
[    7.959071] calling  i8042_init+0x0/0x4c2 @ 1
[    7.970192] i8042: PNP: PS/2 Controller [PNP0303:KBD,PNP0f13:MOU] at 0x60,0x64 irq 1,12
[    7.995318] serio: i8042 KBD port at 0x60,0x64 irq 1
[    8.003941] serio: i8042 AUX port at 0x60,0x64 irq 12
[    8.012058] initcall i8042_init+0x0/0x4c2 returned 0 after 44971 usecs
[    8.022689] calling  serport_init+0x0/0x2c @ 1
[    8.030519] initcall serport_init+0x0/0x2c returned 0 after 387 usecs
[    8.040480] calling  input_leds_init+0x0/0xc @ 1
[    8.047670] initcall input_leds_init+0x0/0xc returned 0 after 263 usecs
[    8.059053] calling  evdev_init+0x0/0xc @ 1
[    8.067587] initcall evdev_init+0x0/0xc returned 0 after 873 usecs
[    8.078785] calling  atkbd_init+0x0/0x21 @ 1
[    8.091418] input: AT Translated Set 2 keyboard as /devices/platform/i8042/serio0/input/input1
[    8.107120] initcall atkbd_init+0x0/0x21 returned 0 after 20022 usecs
[    8.118924] calling  psmouse_init+0x0/0x7f @ 1
[    8.129991] initcall psmouse_init+0x0/0x7f returned 0 after 3262 usecs
[    8.154123] calling  cmos_init+0x0/0x73 @ 1
[    8.168114] rtc_cmos 00:04: RTC can wake from S4
[    8.195801] rtc_cmos 00:04: registered as rtc0
[    8.203627] rtc_cmos 00:04: alarms up to one day, y3k, 242 bytes nvram, hpet irqs
[    8.217580] initcall cmos_init+0x0/0x73 returned 0 after 55251 usecs
[    8.227027] calling  smbalert_driver_init+0x0/0xe @ 1
[    8.235606] initcall smbalert_driver_init+0x0/0xe returned 0 after 280 usecs
[    8.245866] calling  i2c_i801_init+0x0/0xc5 @ 1
[    8.257774] i801_smbus 0000:00:1f.3: SMBus using PCI interrupt
[    8.268885] i2c i2c-0: 1/1 memory slots populated (from DMI)
[    8.278737] i2c i2c-0: Memory type 0x07 not supported yet, not instantiating SPD
[    8.291017] initcall i2c_i801_init+0x0/0xc5 returned 0 after 36435 usecs
[    8.304715] calling  ptp_kvm_init+0x0/0xf0 @ 1
[    8.312343] initcall ptp_kvm_init+0x0/0xf0 returned 0 after 352 usecs
[    8.322930] calling  dm_init+0x0/0x3c @ 1
[    8.330893] device-mapper: ioctl: 4.43.0-ioctl (2020-10-01) initialised: dm-devel@redhat.com
[    8.343749] initcall dm_init+0x0/0x3c returned 0 after 14129 usecs
[    8.352481] calling  dm_mirror_init+0x0/0x29 @ 1
[    8.359317] initcall dm_mirror_init+0x0/0x29 returned 0 after 96 usecs
[    8.370148] calling  dm_dirty_log_init+0x0/0x4f @ 1
[    8.378824] initcall dm_dirty_log_init+0x0/0x4f returned 0 after 276 usecs
[    8.390615] calling  dm_zero_init+0x0/0x29 @ 1
[    8.404509] initcall dm_zero_init+0x0/0x29 returned 0 after 5528 usecs
[    8.421286] calling  intel_pstate_init+0x0/0x4a2 @ 1
[    8.428471] intel_pstate: CPU model not supported
[    8.435452] initcall intel_pstate_init+0x0/0x4a2 returned -19 after 6956 usecs
[    8.446316] calling  haltpoll_init+0x0/0xc0 @ 1
[    8.453822] initcall haltpoll_init+0x0/0xc0 returned -19 after 58 usecs
[    8.465612] calling  efivars_sysfs_init+0x0/0x30 @ 1
[    8.474389] initcall efivars_sysfs_init+0x0/0x30 returned 0 after 276 usecs
[    8.485194] calling  esrt_sysfs_init+0x0/0x2a2 @ 1
[    8.492708] initcall esrt_sysfs_init+0x0/0x2a2 returned -38 after 4 usecs
[    8.503062] calling  hid_init+0x0/0x5c @ 1
[    8.509590] hid: raw HID events driver (C) Jiri Kosina
[    8.517674] initcall hid_init+0x0/0x5c returned 0 after 8251 usecs
[    8.526849] calling  hid_generic_init+0x0/0x15 @ 1
[    8.534010] initcall hid_generic_init+0x0/0x15 returned 0 after 847 usecs
[    8.543939] calling  a4_driver_init+0x0/0x15 @ 1
[    8.550916] initcall a4_driver_init+0x0/0x15 returned 0 after 26 usecs
[    8.560679] calling  apple_driver_init+0x0/0x15 @ 1
[    8.568474] initcall apple_driver_init+0x0/0x15 returned 0 after 119 usecs
[    8.579833] calling  belkin_driver_init+0x0/0x15 @ 1
[    8.587590] initcall belkin_driver_init+0x0/0x15 returned 0 after 103 usecs
[    8.598142] calling  ch_driver_init+0x0/0x15 @ 1
[    8.605461] initcall ch_driver_init+0x0/0x15 returned 0 after 35 usecs
[    8.616289] calling  ch_driver_init+0x0/0x15 @ 1
[    8.624089] initcall ch_driver_init+0x0/0x15 returned 0 after 23 usecs
[    8.642683] calling  cp_driver_init+0x0/0x15 @ 1
[    8.650355] initcall cp_driver_init+0x0/0x15 returned 0 after 30 usecs
[    8.661103] calling  ez_driver_init+0x0/0x15 @ 1
[    8.668566] initcall ez_driver_init+0x0/0x15 returned 0 after 28 usecs
[    8.678960] calling  gyration_driver_init+0x0/0x15 @ 1
[    8.687850] initcall gyration_driver_init+0x0/0x15 returned 0 after 35 usecs
[    8.700062] calling  ite_driver_init+0x0/0x15 @ 1
[    8.708407] initcall ite_driver_init+0x0/0x15 returned 0 after 29 usecs
[    8.719590] calling  ks_driver_init+0x0/0x15 @ 1
[    8.727878] initcall ks_driver_init+0x0/0x15 returned 0 after 58 usecs
[    8.738472] calling  lg_driver_init+0x0/0x15 @ 1
[    8.746265] initcall lg_driver_init+0x0/0x15 returned 0 after 42 usecs
[    8.756685] calling  lg_g15_driver_init+0x0/0x15 @ 1
[    8.764882] initcall lg_g15_driver_init+0x0/0x15 returned 0 after 127 usecs
[    8.774624] calling  ms_driver_init+0x0/0x15 @ 1
[    8.781679] initcall ms_driver_init+0x0/0x15 returned 0 after 32 usecs
[    8.790934] calling  mr_driver_init+0x0/0x15 @ 1
[    8.798697] initcall mr_driver_init+0x0/0x15 returned 0 after 104 usecs
[    8.809373] calling  ntrig_driver_init+0x0/0x15 @ 1
[    8.817466] initcall ntrig_driver_init+0x0/0x15 returned 0 after 238 usecs
[    8.828296] calling  pl_driver_init+0x0/0x15 @ 1
[    8.836495] initcall pl_driver_init+0x0/0x15 returned 0 after 30 usecs
[    8.847164] calling  pl_driver_init+0x0/0x15 @ 1
[    8.866623] initcall pl_driver_init+0x0/0x15 returned 0 after 12194 usecs
[    8.880768] input: ImExPS/2 Generic Explorer Mouse as /devices/platform/i8042/serio1/input/input3
[    8.893612] calling  redragon_driver_init+0x0/0x15 @ 1
[    8.901554] initcall redragon_driver_init+0x0/0x15 returned 0 after 655 usecs
[    8.913083] calling  samsung_driver_init+0x0/0x15 @ 1
[    8.924306] initcall samsung_driver_init+0x0/0x15 returned 0 after 3379 usecs
[    8.983216] calling  sony_init+0x0/0x38 @ 1
[    9.031720] initcall sony_init+0x0/0x38 returned 0 after 37685 usecs
[    9.050402] calling  sp_driver_init+0x0/0x15 @ 1
[    9.066554] initcall sp_driver_init+0x0/0x15 returned 0 after 8633 usecs
[    9.094349] calling  ts_driver_init+0x0/0x15 @ 1
[    9.107307] initcall ts_driver_init+0x0/0x15 returned 0 after 5263 usecs
[    9.130356] calling  hid_init+0x0/0x58 @ 1
[    9.146492] usbcore: registered new interface driver usbhid
[    9.167206] usbhid: USB HID core driver
[    9.180316] initcall hid_init+0x0/0x58 returned 0 after 41946 usecs
[    9.201201] calling  eeepc_laptop_init+0x0/0x57 @ 1
[    9.231610] initcall eeepc_laptop_init+0x0/0x57 returned -19 after 22180 usecs
[    9.258160] calling  pmc_atom_init+0x0/0x27a @ 1
[    9.273847] initcall pmc_atom_init+0x0/0x27a returned -19 after 8181 usecs
[    9.295269] calling  alsa_hwdep_init+0x0/0x5e @ 1
[    9.312781] initcall alsa_hwdep_init+0x0/0x5e returned 0 after 9483 usecs
[    9.338234] calling  alsa_timer_init+0x0/0x1f0 @ 1
[    9.369060] initcall alsa_timer_init+0x0/0x1f0 returned 0 after 21653 usecs
[    9.394352] calling  snd_hrtimer_init+0x0/0x117 @ 1
[    9.411281] initcall snd_hrtimer_init+0x0/0x117 returned 0 after 8032 usecs
[    9.436255] calling  alsa_pcm_init+0x0/0x64 @ 1
[    9.452409] initcall alsa_pcm_init+0x0/0x64 returned 0 after 7798 usecs
[    9.474347] calling  alsa_seq_init+0x0/0x4a @ 1
[    9.497065] initcall alsa_seq_init+0x0/0x4a returned 0 after 14253 usecs
[    9.519260] calling  alsa_seq_dummy_init+0x0/0x9c @ 1
[    9.537321] initcall alsa_seq_dummy_init+0x0/0x9c returned 0 after 9108 usecs
[    9.557669] calling  azx_driver_init+0x0/0x15 @ 1
[    9.578059] initcall azx_driver_init+0x0/0x15 returned 0 after 12784 usecs
[    9.600458] calling  sock_diag_init+0x0/0x2a @ 1
[    9.627690] initcall sock_diag_init+0x0/0x2a returned 0 after 19581 usecs
[    9.650334] calling  blackhole_init+0x0/0xc @ 1
[    9.667445] initcall blackhole_init+0x0/0xc returned 0 after 9850 usecs
[    9.688386] calling  nfnetlink_init+0x0/0x57 @ 1
[    9.701716] initcall nfnetlink_init+0x0/0x57 returned 0 after 5569 usecs
[    9.724419] calling  nfnetlink_log_init+0x0/0x99 @ 1
[    9.740066] initcall nfnetlink_log_init+0x0/0x99 returned 0 after 7953 usecs
[    9.764253] calling  nf_conntrack_standalone_init+0x0/0x87 @ 1
[    9.790620] initcall nf_conntrack_standalone_init+0x0/0x87 returned 0 after 16807 usecs
[    9.816205] calling  ctnetlink_init+0x0/0x83 @ 1
[    9.830306] initcall ctnetlink_init+0x0/0x83 returned 0 after 6618 usecs
[    9.850536] calling  nf_conntrack_ftp_init+0x0/0x12c @ 1
[    9.864249] initcall nf_conntrack_ftp_init+0x0/0x12c returned 0 after 6507 usecs
[    9.891384] calling  nf_conntrack_irc_init+0x0/0x129 @ 1
[    9.906181] initcall nf_conntrack_irc_init+0x0/0x129 returned 0 after 7384 usecs
[    9.926166] calling  nf_conntrack_sip_init+0x0/0x172 @ 1
[    9.935339] initcall nf_conntrack_sip_init+0x0/0x172 returned 0 after 1318 usecs
[    9.945648] calling  nf_nat_init+0x0/0xbb @ 1
[    9.953617] initcall nf_nat_init+0x0/0xbb returned 0 after 1439 usecs
[    9.964912] calling  nf_nat_ftp_init+0x0/0x2a @ 1
[    9.973067] initcall nf_nat_ftp_init+0x0/0x2a returned 0 after 5 usecs
[    9.983854] calling  nf_nat_irc_init+0x0/0x2a @ 1
[    9.994962] initcall nf_nat_irc_init+0x0/0x2a returned 0 after 3521 usecs
[   10.013359] calling  nf_nat_sip_init+0x0/0x36 @ 1
[   10.020889] initcall nf_nat_sip_init+0x0/0x36 returned 0 after 5 usecs
[   10.031638] calling  xt_init+0x0/0xcf @ 1
[   10.038332] initcall xt_init+0x0/0xcf returned 0 after 70 usecs
[   10.047864] calling  tcpudp_mt_init+0x0/0x11 @ 1
[   10.055297] initcall tcpudp_mt_init+0x0/0x11 returned 0 after 41 usecs
[   10.067237] calling  connsecmark_tg_init+0x0/0xc @ 1
[   10.075346] initcall connsecmark_tg_init+0x0/0xc returned 0 after 415 usecs
[   10.084755] calling  nflog_tg_init+0x0/0xc @ 1
[   10.090775] initcall nflog_tg_init+0x0/0xc returned 0 after 55 usecs
[   10.099499] rcu_torture_rea (89) used greatest stack depth: 15504 bytes left
[   10.108393] calling  secmark_tg_init+0x0/0x11 @ 1
[   10.116101] rcu_torture_rea (92) used greatest stack depth: 15464 bytes left
[   10.126706] initcall secmark_tg_init+0x0/0x11 returned 0 after 11038 usecs
[   10.137666] calling  tcpmss_tg_init+0x0/0x11 @ 1
[   10.145692] initcall tcpmss_tg_init+0x0/0x11 returned 0 after 625 usecs
[   10.157523] rcu-torture: rcu_torture_read_exit: End of episode
[   10.166755] calling  conntrack_mt_init+0x0/0x11 @ 1
[   10.175572] initcall conntrack_mt_init+0x0/0x11 returned 0 after 1210 usecs
[   10.187195] calling  policy_mt_init+0x0/0x11 @ 1
[   10.195985] initcall policy_mt_init+0x0/0x11 returned 0 after 1877 usecs
[   10.206651] calling  state_mt_init+0x0/0xc @ 1
[   10.213430] initcall state_mt_init+0x0/0xc returned 0 after 4 usecs
[   10.221776] calling  gre_offload_init+0x0/0x48 @ 1
[   10.228287] initcall gre_offload_init+0x0/0x48 returned 0 after 96 usecs
[   10.236727] calling  sysctl_ipv4_init+0x0/0x46 @ 1
[   10.243359] initcall sysctl_ipv4_init+0x0/0x46 returned 0 after 532 usecs
[   10.252919] calling  tunnel4_init+0x0/0x58 @ 1
[   10.259994] initcall tunnel4_init+0x0/0x58 returned 0 after 31 usecs
[   10.269132] calling  nf_defrag_init+0x0/0xc @ 1
[   10.276229] initcall nf_defrag_init+0x0/0xc returned 0 after 381 usecs
[   10.287345] calling  ip_tables_init+0x0/0x8d @ 1
[   10.294640] initcall ip_tables_init+0x0/0x8d returned 0 after 258 usecs
[   10.304519] calling  iptable_filter_init+0x0/0x4c @ 1
[   10.318846] initcall iptable_filter_init+0x0/0x4c returned 0 after 6714 usecs
[   10.330239] calling  iptable_mangle_init+0x0/0xb8 @ 1
[   10.338078] initcall iptable_mangle_init+0x0/0xb8 returned 0 after 106 usecs
[   10.347662] calling  reject_tg_init+0x0/0xc @ 1
[   10.353399] initcall reject_tg_init+0x0/0xc returned 0 after 3 usecs
[   10.362286] calling  cubictcp_register+0x0/0x53 @ 1
[   10.371411] initcall cubictcp_register+0x0/0x53 returned 0 after 2109 usecs
[   10.382779] calling  xfrm_user_init+0x0/0x45 @ 1
[   10.390235] Initializing XFRM netlink socket
[   10.397159] initcall xfrm_user_init+0x0/0x45 returned 0 after 6764 usecs
[   10.406053] calling  inet6_init+0x0/0x35e @ 1
[   10.415242] NET: Registered protocol family 10
[   10.428774] Segment Routing with IPv6
[   10.436042] initcall inet6_init+0x0/0x35e returned 0 after 22808 usecs
[   10.445728] calling  ah6_init+0x0/0x71 @ 1
[   10.451466] initcall ah6_init+0x0/0x71 returned 0 after 60 usecs
[   10.460807] calling  esp6_init+0x0/0x71 @ 1
[   10.466885] initcall esp6_init+0x0/0x71 returned 0 after 5 usecs
[   10.475216] calling  ip6_tables_init+0x0/0x8d @ 1
[   10.481221] initcall ip6_tables_init+0x0/0x8d returned 0 after 35 usecs
[   10.489270] calling  ip6table_filter_init+0x0/0x4c @ 1
[   10.496683] initcall ip6table_filter_init+0x0/0x4c returned 0 after 222 usecs
[   10.510611] calling  ip6table_mangle_init+0x0/0xb8 @ 1
[   10.518347] initcall ip6table_mangle_init+0x0/0xb8 returned 0 after 540 usecs
[   10.528004] calling  nf_defrag_init+0x0/0x45 @ 1
[   10.534800] initcall nf_defrag_init+0x0/0x45 returned 0 after 157 usecs
[   10.544324] calling  ipv6header_mt6_init+0x0/0xc @ 1
[   10.551679] initcall ipv6header_mt6_init+0x0/0xc returned 0 after 21 usecs
[   10.563246] calling  reject_tg6_init+0x0/0xc @ 1
[   10.570386] initcall reject_tg6_init+0x0/0xc returned 0 after 5 usecs
[   10.580828] calling  sit_init+0x0/0xc3 @ 1
[   10.587454] sit: IPv6, IPv4 and MPLS over IPv4 tunneling driver
[   10.601502] initcall sit_init+0x0/0xc3 returned 0 after 13755 usecs
[   10.612335] calling  packet_init+0x0/0x75 @ 1
[   10.620379] NET: Registered protocol family 17
[   10.628051] initcall packet_init+0x0/0x75 returned 0 after 9030 usecs
[   10.637594] calling  init_rpcsec_gss+0x0/0x60 @ 1
[   10.645137] initcall init_rpcsec_gss+0x0/0x60 returned 0 after 472 usecs
