c[?7l[2J[0mSeaBIOS (version 1.16.0-debian-1.16.0-4)
Booting from ROM...
early console in setup code
c[?7l[2J[    0.000000] Linux version 5.10.155+ (root@joelboxx.c.googlers.com) (gcc (Debian 12.2.0-3) 12.2.0, GNU ld (GNU Binutils for Debian) 2.39) #13 SMP PREEMPT Tue Dec 13 05:33:35 UTC 2022
[    0.000000] Command line: selinux=0 initcall_debug debug console=ttyS0 rcutorture.torture_type=tasks nohz_full=1 rcutorture.onoff_interval=1000 rcutorture.onoff_holdoff=30 rcutorture.n_barrier_cbs=4 rcutorture.stat_interval=15 rcutorture.shutdown_secs=1800 rcutorture.test_no_idle_hz=1 rcutorture.verbose=1
[    0.000000] x86/fpu: x87 FPU will use FXSAVE
[    0.000000] BIOS-provided physical RAM map:
[    0.000000] BIOS-e820: [mem 0x0000000000000000-0x000000000009fbff] usable
[    0.000000] BIOS-e820: [mem 0x000000000009fc00-0x000000000009ffff] reserved
[    0.000000] BIOS-e820: [mem 0x00000000000f0000-0x00000000000fffff] reserved
[    0.000000] BIOS-e820: [mem 0x0000000000100000-0x000000001ffdefff] usable
[    0.000000] BIOS-e820: [mem 0x000000001ffdf000-0x000000001fffffff] reserved
[    0.000000] BIOS-e820: [mem 0x00000000b0000000-0x00000000bfffffff] reserved
[    0.000000] BIOS-e820: [mem 0x00000000fed1c000-0x00000000fed1ffff] reserved
[    0.000000] BIOS-e820: [mem 0x00000000feffc000-0x00000000feffffff] reserved
[    0.000000] BIOS-e820: [mem 0x00000000fffc0000-0x00000000ffffffff] reserved
[    0.000000] NX (Execute Disable) protection: active
[    0.000000] SMBIOS 2.8 present.
[    0.000000] DMI: QEMU Standard PC (Q35 + ICH9, 2009), BIOS 1.16.0-debian-1.16.0-4 04/01/2014
[    0.000000] Hypervisor detected: KVM
[    0.000000] kvm-clock: Using msrs 4b564d01 and 4b564d00
[    0.000000] kvm-clock: cpu 0, msr 104bd001, primary cpu clock
[    0.000001] kvm-clock: using sched offset of 2112171876 cycles
[    0.000288] clocksource: kvm-clock: mask: 0xffffffffffffffff max_cycles: 0x1cd42e4dffb, max_idle_ns: 881590591483 ns
[    0.000517] tsc: Detected 1999.999 MHz processor
[    0.009928] e820: update [mem 0x00000000-0x00000fff] usable ==> reserved
[    0.009934] e820: remove [mem 0x000a0000-0x000fffff] usable
[    0.009943] last_pfn = 0x1ffdf max_arch_pfn = 0x400000000
[    0.011271] MTRR default type: write-back
[    0.011326] MTRR fixed ranges enabled:
[    0.011328]   00000-9FFFF write-back
[    0.011329]   A0000-BFFFF uncachable
[    0.011331]   C0000-FFFFF write-protect
[    0.011332] MTRR variable ranges enabled:
[    0.011334]   0 base 00C0000000 mask FFC0000000 uncachable
[    0.011335]   1 disabled
[    0.011336]   2 disabled
[    0.011337]   3 disabled
[    0.011337]   4 disabled
[    0.011338]   5 disabled
[    0.011339]   6 disabled
[    0.011340]   7 disabled
[    0.011961] x86/PAT: Configuration [0-7]: WB  WC  UC- UC  WB  WC  UC- UC  
[    0.021527] found SMP MP-table at [mem 0x000f5ba0-0x000f5baf]
[    0.025109] check: Scanning 1 areas for low memory corruption
[    0.041533] ACPI: Early table checksum verification disabled
[    0.043636] ACPI: RSDP 0x00000000000F59E0 000014 (v00 BOCHS )
[    0.044050] ACPI: RSDT 0x000000001FFE22F5 000038 (v01 BOCHS  BXPC     00000001 BXPC 00000001)
[    0.044327] ACPI: FACP 0x000000001FFE20E5 0000F4 (v03 BOCHS  BXPC     00000001 BXPC 00000001)
[    0.044468] ACPI: DSDT 0x000000001FFE0040 0020A5 (v01 BOCHS  BXPC     00000001 BXPC 00000001)
[    0.044521] ACPI: FACS 0x000000001FFE0000 000040
[    0.044525] ACPI: APIC 0x000000001FFE21D9 000080 (v01 BOCHS  BXPC     00000001 BXPC 00000001)
[    0.044530] ACPI: HPET 0x000000001FFE2259 000038 (v01 BOCHS  BXPC     00000001 BXPC 00000001)
[    0.044534] ACPI: MCFG 0x000000001FFE2291 00003C (v01 BOCHS  BXPC     00000001 BXPC 00000001)
[    0.044538] ACPI: WAET 0x000000001FFE22CD 000028 (v01 BOCHS  BXPC     00000001 BXPC 00000001)
[    0.044543] ACPI: Reserving FACP table memory at [mem 0x1ffe20e5-0x1ffe21d8]
[    0.044544] ACPI: Reserving DSDT table memory at [mem 0x1ffe0040-0x1ffe20e4]
[    0.044546] ACPI: Reserving FACS table memory at [mem 0x1ffe0000-0x1ffe003f]
[    0.044547] ACPI: Reserving APIC table memory at [mem 0x1ffe21d9-0x1ffe2258]
[    0.044548] ACPI: Reserving HPET table memory at [mem 0x1ffe2259-0x1ffe2290]
[    0.044549] ACPI: Reserving MCFG table memory at [mem 0x1ffe2291-0x1ffe22cc]
[    0.044550] ACPI: Reserving WAET table memory at [mem 0x1ffe22cd-0x1ffe22f4]
[    0.045399] ACPI: Local APIC address 0xfee00000
[    0.054764] No NUMA configuration found
[    0.054767] Faking a node at [mem 0x0000000000000000-0x000000001ffdefff]
[    0.055054] NODE_DATA(0) allocated [mem 0x1ffdb000-0x1ffdefff]
[    0.056768] Zone ranges:
[    0.056894]   DMA      [mem 0x0000000000001000-0x0000000000ffffff]
[    0.056945]   DMA32    [mem 0x0000000001000000-0x000000001ffdefff]
[    0.056947]   Normal   empty
[    0.056949] Movable zone start for each node
[    0.057005] Early memory node ranges
[    0.057006]   node   0: [mem 0x0000000000001000-0x000000000009efff]
[    0.057114]   node   0: [mem 0x0000000000100000-0x000000001ffdefff]
[    0.057218] Initmem setup node 0 [mem 0x0000000000001000-0x000000001ffdefff]
[    0.057220] On node 0 totalpages: 130941
[    0.057359]   DMA zone: 64 pages used for memmap
[    0.057360]   DMA zone: 21 pages reserved
[    0.057362]   DMA zone: 3998 pages, LIFO batch:0
[    0.057364]   DMA32 zone: 1984 pages used for memmap
[    0.057365]   DMA32 zone: 126943 pages, LIFO batch:31
[    0.062895] On node 0, zone DMA: 1 pages in unavailable ranges
[    0.066739] On node 0, zone DMA: 97 pages in unavailable ranges
[    0.206420] On node 0, zone DMA32: 33 pages in unavailable ranges
[    0.210034] ACPI: PM-Timer IO Port: 0x608
[    0.210040] ACPI: Local APIC address 0xfee00000
[    0.210216] ACPI: LAPIC_NMI (acpi_id[0xff] dfl dfl lint[0x1])
[    0.211424] IOAPIC[0]: apic_id 0, version 17, address 0xfec00000, GSI 0-23
[    0.211429] ACPI: INT_SRC_OVR (bus 0 bus_irq 0 global_irq 2 dfl dfl)
[    0.211696] ACPI: INT_SRC_OVR (bus 0 bus_irq 5 global_irq 5 high level)
[    0.211698] ACPI: INT_SRC_OVR (bus 0 bus_irq 9 global_irq 9 high level)
[    0.211847] ACPI: INT_SRC_OVR (bus 0 bus_irq 10 global_irq 10 high level)
[    0.211849] ACPI: INT_SRC_OVR (bus 0 bus_irq 11 global_irq 11 high level)
[    0.211851] ACPI: IRQ0 used by override.
[    0.211852] ACPI: IRQ5 used by override.
[    0.211854] ACPI: IRQ9 used by override.
[    0.211855] ACPI: IRQ10 used by override.
[    0.211856] ACPI: IRQ11 used by override.
[    0.211904] Using ACPI (MADT) for SMP configuration information
[    0.211908] ACPI: HPET id: 0x8086a201 base: 0xfed00000
[    0.212366] smpboot: Allowing 2 CPUs, 0 hotplug CPUs
[    0.213761] PM: hibernation: Registered nosave memory: [mem 0x00000000-0x00000fff]
[    0.213763] PM: hibernation: Registered nosave memory: [mem 0x0009f000-0x0009ffff]
[    0.213765] PM: hibernation: Registered nosave memory: [mem 0x000a0000-0x000effff]
[    0.213766] PM: hibernation: Registered nosave memory: [mem 0x000f0000-0x000fffff]
[    0.213769] [mem 0x20000000-0xafffffff] available for PCI devices
[    0.213870] Booting paravirtualized kernel on KVM
[    0.214408] clocksource: refined-jiffies: mask: 0xffffffff max_cycles: 0xffffffff, max_idle_ns: 1910969940391419 ns
[    0.243661] setup_percpu: NR_CPUS:2 nr_cpumask_bits:2 nr_cpu_ids:2 nr_node_ids:1
[    0.272583] percpu: Embedded 56 pages/cpu s191448 r8192 d29736 u1048576
[    0.272719] pcpu-alloc: s191448 r8192 d29736 u1048576 alloc=1*2097152
[    0.272797] pcpu-alloc: [0] 0 1 
[    0.273287] kvm-guest: stealtime: cpu 0, msr 1f41b600
[    0.273496] Built 1 zonelists, mobility grouping on.  Total pages: 128872
[    0.273498] Policy zone: DMA32
[    0.273601] Kernel command line: selinux=0 initcall_debug debug console=ttyS0 rcutorture.torture_type=tasks nohz_full=1 rcutorture.onoff_interval=1000 rcutorture.onoff_holdoff=30 rcutorture.n_barrier_cbs=4 rcutorture.stat_interval=15 rcutorture.shutdown_secs=1800 rcutorture.test_no_idle_hz=1 rcutorture.verbose=1
[    0.287488] Dentry cache hash table entries: 65536 (order: 7, 524288 bytes, linear)
[    0.289569] Inode-cache hash table entries: 32768 (order: 6, 262144 bytes, linear)
[    0.290195] mem auto-init: stack:all(zero), heap alloc:off, heap free:off
[    0.300995] Memory: 479080K/523764K available (16397K kernel code, 2543K rwdata, 4708K rodata, 1508K init, 1396K bss, 44424K reserved, 0K cma-reserved)
[    0.301526] SLUB: HWalign=64, Order=0-3, MinObjects=0, CPUs=2, Nodes=1
[    0.301665] Kernel/User page tables isolation: enabled
[    0.313367] rcu: Preemptible hierarchical RCU implementation.
[    0.313370] rcu: 	RCU event tracing is enabled.
[    0.313451] 	Trampoline variant of Tasks RCU enabled.
[    0.313453] 	Rude variant of Tasks RCU enabled.
[    0.313454] 	Tracing variant of Tasks RCU enabled.
[    0.313512] rcu: RCU calculated value of scheduler-enlistment delay is 100 jiffies.
[    0.330891] NR_IRQS: 4352, nr_irqs: 440, preallocated irqs: 16
[    0.333364] NO_HZ: Full dynticks CPUs: 1.
[    0.333367] rcu: 	Offload RCU callbacks from CPUs: 1.
[    0.334625] calling  con_init+0x0/0x22a @ 0
[    0.449587] Console: colour VGA+ 80x25
[    0.449603] initcall con_init+0x0/0x22a returned 0 after 0 usecs
[    0.449617] calling  hvc_console_init+0x0/0x13 @ 0
[    0.449655] initcall hvc_console_init+0x0/0x13 returned 0 after 0 usecs
[    0.449657] calling  univ8250_console_init+0x0/0x26 @ 0
[    1.394897] printk: console [ttyS0] enabled
[    1.400313] initcall univ8250_console_init+0x0/0x26 returned 0 after 0 usecs
[    1.409992] ACPI: Core revision 20200925
[    1.416687] clocksource: hpet: mask: 0xffffffff max_cycles: 0xffffffff, max_idle_ns: 19112604467 ns
[    1.428895] APIC: Switch to symmetric I/O mode setup
[    1.451188] ..TIMER: vector=0x30 apic1=0 pin1=2 apic2=-1 pin2=-1
[    1.458673] clocksource: tsc-early: mask: 0xffffffffffffffff max_cycles: 0x39a85afc727, max_idle_ns: 881590685098 ns
[    1.474308] Calibrating delay loop (skipped) preset value.. 3999.99 BogoMIPS (lpj=1999999)
[    1.475067] pid_max: default: 32768 minimum: 301
[    1.477135] LSM: Security Framework initializing
[    1.478640] Mount-cache hash table entries: 1024 (order: 1, 8192 bytes, linear)
[    1.480073] Mountpoint-cache hash table entries: 1024 (order: 1, 8192 bytes, linear)
[    1.491504] Last level iTLB entries: 4KB 0, 2MB 0, 4MB 0
[    1.492012] Last level dTLB entries: 4KB 0, 2MB 0, 4MB 0, 1GB 0
[    1.493136] Spectre V1 : Mitigation: usercopy/swapgs barriers and __user pointer sanitization
[    1.494034] Spectre V2 : Mitigation: Retpolines
[    1.496008] Spectre V2 : Spectre v2 / SpectreRSB mitigation: Filling RSB on context switch
[    1.497010] Spectre V2 : Spectre v2 / SpectreRSB : Filling RSB on VMEXIT
[    1.498011] Speculative Store Bypass: Vulnerable
[    1.499057] MDS: Vulnerable: Clear CPU buffers attempted, no microcode
[    1.500009] MMIO Stale Data: Unknown: No mitigations
[    1.587596] Freeing SMP alternatives memory: 40K
[    1.692005] smpboot: CPU0: Intel Common KVM processor (family: 0xf, model: 0x6, stepping: 0x1)
[    1.693262] calling  init_hw_perf_events+0x0/0x6ce @ 1
[    1.694009] Performance Events: unsupported Netburst CPU model 6 no PMU driver, software events only.
[    1.695014] initcall init_hw_perf_events+0x0/0x6ce returned 0 after 976 usecs
[    1.696012] calling  init_real_mode+0x0/0x1e9 @ 1
[    1.697487] initcall init_real_mode+0x0/0x1e9 returned 0 after 0 usecs
[    1.698011] calling  trace_init_perf_perm_irq_work_exit+0x0/0x12 @ 1
[    1.699016] initcall trace_init_perf_perm_irq_work_exit+0x0/0x12 returned 0 after 0 usecs
[    1.700028] calling  validate_x2apic+0x0/0x4a @ 1
[    1.701034] initcall validate_x2apic+0x0/0x4a returned 0 after 0 usecs
[    1.702011] calling  register_nmi_cpu_backtrace_handler+0x0/0x15 @ 1
[    1.703011] initcall register_nmi_cpu_backtrace_handler+0x0/0x15 returned 0 after 0 usecs
[    1.704010] calling  kvm_setup_vsyscall_timeinfo+0x0/0xd1 @ 1
[    1.705012] initcall kvm_setup_vsyscall_timeinfo+0x0/0xd1 returned 0 after 0 usecs
[    1.706028] calling  spawn_ksoftirqd+0x0/0x38 @ 1
[    1.707104] initcall spawn_ksoftirqd+0x0/0x38 returned 0 after 0 usecs
[    1.708011] calling  migration_init+0x0/0x3d @ 1
[    1.709010] initcall migration_init+0x0/0x3d returned 0 after 0 usecs
[    1.710010] calling  srcu_bootup_announce+0x0/0x2f @ 1
[    1.711031] rcu: Hierarchical SRCU implementation.
[    1.712010] initcall srcu_bootup_announce+0x0/0x2f returned 0 after 976 usecs
[    1.713012] calling  rcu_spawn_gp_kthread+0x0/0x1dd @ 1
[    1.714129] initcall rcu_spawn_gp_kthread+0x0/0x1dd returned 0 after 0 usecs
[    1.716030] calling  check_cpu_stall_init+0x0/0x1a @ 1
[    1.718019] initcall check_cpu_stall_init+0x0/0x1a returned 0 after 0 usecs
[    1.719023] calling  rcu_sysrq_init+0x0/0x21 @ 1
[    1.720014] initcall rcu_sysrq_init+0x0/0x21 returned 0 after 0 usecs
[    1.721013] calling  trace_init_flags_sys_enter+0x0/0xe @ 1
[    1.722016] initcall trace_init_flags_sys_enter+0x0/0xe returned 0 after 0 usecs
[    1.724012] calling  trace_init_flags_sys_exit+0x0/0xe @ 1
[    1.725013] initcall trace_init_flags_sys_exit+0x0/0xe returned 0 after 0 usecs
[    1.726014] calling  cpu_stop_init+0x0/0x6e @ 1
[    1.727131] initcall cpu_stop_init+0x0/0x6e returned 0 after 0 usecs
[    1.728012] calling  init_kprobes+0x0/0x165 @ 1
[    1.730149] initcall init_kprobes+0x0/0x165 returned 0 after 976 usecs
[    1.731011] calling  init_events+0x0/0x3d @ 1
[    1.732395] initcall init_events+0x0/0x3d returned 0 after 0 usecs
[    1.733011] calling  init_trace_printk+0x0/0xc @ 1
[    1.734030] initcall init_trace_printk+0x0/0xc returned 0 after 0 usecs
[    1.735013] calling  event_trace_enable_again+0x0/0x23 @ 1
[    1.736013] initcall event_trace_enable_again+0x0/0x23 returned 0 after 0 usecs
[    1.737012] calling  static_call_init+0x0/0x77 @ 1
[    1.738047] initcall static_call_init+0x0/0x77 returned 0 after 0 usecs
[    1.739012] calling  jump_label_init_module+0x0/0xc @ 1
[    1.740012] initcall jump_label_init_module+0x0/0xc returned 0 after 0 usecs
[    1.741011] calling  init_zero_pfn+0x0/0x37 @ 1
[    1.742010] initcall init_zero_pfn+0x0/0x37 returned 0 after 0 usecs
[    1.743027] calling  initialize_ptr_random+0x0/0x54 @ 1
[    1.744013] initcall initialize_ptr_random+0x0/0x54 returned 0 after 0 usecs
[    1.745029] calling  efi_memreserve_root_init+0x0/0x25 @ 1
[    1.746059] initcall efi_memreserve_root_init+0x0/0x25 returned 0 after 0 usecs
[    1.747010] calling  efi_earlycon_remap_fb+0x0/0x51 @ 1
[    1.748010] initcall efi_earlycon_remap_fb+0x0/0x51 returned 0 after 0 usecs
[    1.749303] smp: Bringing up secondary CPUs ...
[    1.751010] x86: Booting SMP configuration:
[    1.752043] .... node  #0, CPUs:      #1
[    1.137454] kvm-clock: cpu 1, msr 104bd041, secondary cpu clock
[    1.777007] kvm-guest: stealtime: cpu 1, msr 1f51b600
[    1.791327] smp: Brought up 1 node, 2 CPUs
[    1.792010] smpboot: Max logical packages: 1
[    1.793012] smpboot: Total of 2 processors activated (7999.99 BogoMIPS)
[    1.808651] devtmpfs: initialized
[    1.812128] calling  ipc_ns_init+0x0/0x3d @ 1
[    1.813072] initcall ipc_ns_init+0x0/0x3d returned 0 after 0 usecs
[    1.814014] calling  init_mmap_min_addr+0x0/0x21 @ 1
[    1.815019] initcall init_mmap_min_addr+0x0/0x21 returned 0 after 0 usecs
[    1.816012] calling  pci_realloc_setup_params+0x0/0x3f @ 1
[    1.817013] initcall pci_realloc_setup_params+0x0/0x3f returned 0 after 0 usecs
[    1.818014] calling  net_ns_init+0x0/0x140 @ 1
[    1.819367] initcall net_ns_init+0x0/0x140 returned 0 after 0 usecs
[    1.820032] calling  e820__register_nvs_regions+0x0/0x37 @ 1
[    1.821012] initcall e820__register_nvs_regions+0x0/0x37 returned 0 after 0 usecs
[    1.822012] calling  cpufreq_register_tsc_scaling+0x0/0x2e @ 1
[    1.823012] initcall cpufreq_register_tsc_scaling+0x0/0x2e returned 0 after 0 usecs
[    1.824014] calling  reboot_init+0x0/0x3c @ 1
[    1.825063] initcall reboot_init+0x0/0x3c returned 0 after 0 usecs
[    1.826011] calling  init_lapic_sysfs+0x0/0x20 @ 1
[    1.827016] initcall init_lapic_sysfs+0x0/0x20 returned 0 after 0 usecs
[    1.828017] calling  alloc_frozen_cpus+0x0/0x7 @ 1
[    1.829014] initcall alloc_frozen_cpus+0x0/0x7 returned 0 after 0 usecs
[    1.830014] calling  cpu_hotplug_pm_sync_init+0x0/0x13 @ 1
[    1.831014] initcall cpu_hotplug_pm_sync_init+0x0/0x13 returned 0 after 0 usecs
[    1.832011] calling  wq_sysfs_init+0x0/0x2a @ 1
[    1.833080] initcall wq_sysfs_init+0x0/0x2a returned 0 after 0 usecs
[    1.834013] calling  ksysfs_init+0x0/0x92 @ 1
[    1.835047] initcall ksysfs_init+0x0/0x92 returned 0 after 0 usecs
[    1.836014] calling  schedutil_gov_init+0x0/0xc @ 1
[    1.837054] initcall schedutil_gov_init+0x0/0xc returned 0 after 0 usecs
[    1.838014] calling  pm_init+0x0/0x76 @ 1
[    1.839179] initcall pm_init+0x0/0x76 returned 0 after 0 usecs
[    1.840011] calling  pm_disk_init+0x0/0x13 @ 1
[    1.841091] initcall pm_disk_init+0x0/0x13 returned 0 after 0 usecs
[    1.842013] calling  swsusp_header_init+0x0/0x2b @ 1
[    1.843015] initcall swsusp_header_init+0x0/0x2b returned 0 after 0 usecs
[    1.844014] calling  rcu_set_runtime_mode+0x0/0x16 @ 1
[    1.845014] initcall rcu_set_runtime_mode+0x0/0x16 returned 0 after 0 usecs
[    1.846016] calling  init_jiffies_clocksource+0x0/0x13 @ 1
[    1.847011] clocksource: jiffies: mask: 0xffffffff max_cycles: 0xffffffff, max_idle_ns: 1911260446275000 ns
[    1.848015] initcall init_jiffies_clocksource+0x0/0x13 returned 0 after 976 usecs
[    1.849012] calling  futex_init+0x0/0xfa @ 1
[    1.850014] futex hash table entries: 512 (order: 3, 32768 bytes, linear)
[    1.851395] initcall futex_init+0x0/0xfa returned 0 after 976 usecs
[    1.852012] calling  cgroup_wq_init+0x0/0x28 @ 1
[    1.853026] initcall cgroup_wq_init+0x0/0x28 returned 0 after 0 usecs
[    1.854015] calling  cgroup1_wq_init+0x0/0x28 @ 1
[    1.855020] initcall cgroup1_wq_init+0x0/0x28 returned 0 after 0 usecs
[    1.856038] calling  init_kprobe_trace_early+0x0/0x2a @ 1
[    1.857085] initcall init_kprobe_trace_early+0x0/0x2a returned 0 after 0 usecs
[    1.858016] calling  fsnotify_init+0x0/0x48 @ 1
[    1.859028] initcall fsnotify_init+0x0/0x48 returned 0 after 0 usecs
[    1.860015] calling  filelock_init+0x0/0x96 @ 1
[    1.861046] initcall filelock_init+0x0/0x96 returned 0 after 0 usecs
[    1.862015] calling  init_misc_binfmt+0x0/0x2c @ 1
[    1.863036] initcall init_misc_binfmt+0x0/0x2c returned 0 after 0 usecs
[    1.864014] calling  init_script_binfmt+0x0/0x15 @ 1
[    1.865015] initcall init_script_binfmt+0x0/0x15 returned 0 after 0 usecs
[    1.866030] calling  init_elf_binfmt+0x0/0x15 @ 1
[    1.867014] initcall init_elf_binfmt+0x0/0x15 returned 0 after 0 usecs
[    1.868013] calling  init_compat_elf_binfmt+0x0/0x15 @ 1
[    1.869014] initcall init_compat_elf_binfmt+0x0/0x15 returned 0 after 0 usecs
[    1.870014] calling  debugfs_init+0x0/0x5c @ 1
[    1.871038] initcall debugfs_init+0x0/0x5c returned 0 after 0 usecs
[    1.872015] calling  tracefs_init+0x0/0x3a @ 1
[    1.873021] initcall tracefs_init+0x0/0x3a returned 0 after 0 usecs
[    1.874014] calling  prandom_init_early+0x0/0x15d @ 1
[    1.875014] initcall prandom_init_early+0x0/0x15d returned 0 after 0 usecs
[    1.876173] calling  virtio_init+0x0/0x20 @ 1
[    1.877171] initcall virtio_init+0x0/0x20 returned 0 after 0 usecs
[    1.879011] calling  iommu_init+0x0/0x2a @ 1
[    1.881048] initcall iommu_init+0x0/0x2a returned 0 after 0 usecs
[    1.882011] calling  component_debug_init+0x0/0x1c @ 1
[    1.883114] initcall component_debug_init+0x0/0x1c returned 0 after 0 usecs
[    1.884013] calling  early_resume_init+0x0/0xb9 @ 1
[    1.886011] PM: RTC time: 05:41:51, date: 2022-12-13
[    1.887015] initcall early_resume_init+0x0/0xb9 returned 0 after 1953 usecs
[    1.888015] calling  cpufreq_core_init+0x0/0x62 @ 1
[    1.889038] initcall cpufreq_core_init+0x0/0x62 returned 0 after 0 usecs
[    1.890016] calling  cpufreq_gov_performance_init+0x0/0xc @ 1
[    1.891012] initcall cpufreq_gov_performance_init+0x0/0xc returned 0 after 0 usecs
[    1.892011] calling  cpufreq_gov_userspace_init+0x0/0xc @ 1
[    1.893012] initcall cpufreq_gov_userspace_init+0x0/0xc returned 0 after 0 usecs
[    1.894012] calling  CPU_FREQ_GOV_ONDEMAND_init+0x0/0xc @ 1
[    1.895011] initcall CPU_FREQ_GOV_ONDEMAND_init+0x0/0xc returned 0 after 0 usecs
[    1.896011] calling  cpuidle_init+0x0/0x1f @ 1
[    1.897043] initcall cpuidle_init+0x0/0x1f returned 0 after 0 usecs
[    1.898014] calling  capsule_reboot_register+0x0/0xc @ 1
[    1.899045] initcall capsule_reboot_register+0x0/0xc returned 0 after 0 usecs
[    1.900014] calling  sock_init+0x0/0x93 @ 1
[    1.902029] initcall sock_init+0x0/0x93 returned 0 after 976 usecs
[    1.903012] calling  net_inuse_init+0x0/0x23 @ 1
[    1.904016] initcall net_inuse_init+0x0/0x23 returned 0 after 0 usecs
[    1.905011] calling  net_defaults_init+0x0/0x23 @ 1
[    1.906053] initcall net_defaults_init+0x0/0x23 returned 0 after 0 usecs
[    1.908012] calling  init_default_flow_dissectors+0x0/0x4f @ 1
[    1.909014] initcall init_default_flow_dissectors+0x0/0x4f returned 0 after 0 usecs
[    1.910012] calling  netpoll_init+0x0/0x26 @ 1
[    1.911012] initcall netpoll_init+0x0/0x26 returned 0 after 0 usecs
[    1.912011] calling  netlink_proto_init+0x0/0x14f @ 1
[    1.914169] NET: Registered protocol family 16
[    1.915061] initcall netlink_proto_init+0x0/0x14f returned 0 after 1953 usecs
[    1.916029] calling  genl_init+0x0/0x35 @ 1
[    1.917038] initcall genl_init+0x0/0x35 returned 0 after 0 usecs
[    1.918026] calling  bsp_pm_check_init+0x0/0x13 @ 1
[    1.919013] initcall bsp_pm_check_init+0x0/0x13 returned 0 after 0 usecs
[    1.920031] calling  irq_sysfs_init+0x0/0xb7 @ 1
[    1.922111] initcall irq_sysfs_init+0x0/0xb7 returned 0 after 976 usecs
[    1.923013] calling  audit_init+0x0/0x160 @ 1
[    1.924014] audit: initializing netlink subsys (disabled)
[    1.926039] initcall audit_init+0x0/0x160 returned 0 after 1953 usecs
[    1.927015] calling  release_early_probes+0x0/0x32 @ 1
[    1.928014] initcall release_early_probes+0x0/0x32 returned 0 after 0 usecs
[    1.929013] calling  bdi_class_init+0x0/0x48 @ 1
[    1.930060] initcall bdi_class_init+0x0/0x48 returned 0 after 0 usecs
[    1.931012] calling  mm_sysfs_init+0x0/0x28 @ 1
[    1.932044] audit: type=2000 audit(1670910110.493:1): state=initialized audit_enabled=0 res=1
[    1.932172] initcall mm_sysfs_init+0x0/0x28 returned 0 after 0 usecs
[    1.941042] calling  init_per_zone_wmark_min+0x0/0x6d @ 1
[    1.948020] initcall init_per_zone_wmark_min+0x0/0x6d returned 0 after 0 usecs
[    1.956015] calling  mpi_init+0x0/0x3e @ 1
[    1.961063] initcall mpi_init+0x0/0x3e returned 0 after 0 usecs
[    1.969017] calling  kobject_uevent_init+0x0/0xc @ 1
[    1.975227] initcall kobject_uevent_init+0x0/0xc returned 0 after 0 usecs
[    1.983014] calling  pcibus_class_init+0x0/0x13 @ 1
[    1.989177] initcall pcibus_class_init+0x0/0x13 returned 0 after 0 usecs
[    1.997013] calling  pci_driver_init+0x0/0x21 @ 1
[    2.003073] initcall pci_driver_init+0x0/0x21 returned 0 after 0 usecs
[    2.012027] calling  backlight_class_init+0x0/0xa8 @ 1
[    2.019093] initcall backlight_class_init+0x0/0xa8 returned 0 after 0 usecs
[    2.027014] calling  tty_class_init+0x0/0x33 @ 1
[    2.032027] initcall tty_class_init+0x0/0x33 returned 0 after 0 usecs
[    2.040013] calling  vtconsole_class_init+0x0/0xb5 @ 1
[    2.046548] initcall vtconsole_class_init+0x0/0xb5 returned 0 after 976 usecs
[    2.055015] calling  iommu_dev_init+0x0/0x13 @ 1
[    2.061043] initcall iommu_dev_init+0x0/0x13 returned 0 after 0 usecs
[    2.068014] calling  mipi_dsi_bus_init+0x0/0xc @ 1
[    2.074069] initcall mipi_dsi_bus_init+0x0/0xc returned 0 after 0 usecs
[    2.082013] calling  devlink_class_init+0x0/0x40 @ 1
[    2.088022] initcall devlink_class_init+0x0/0x40 returned 0 after 0 usecs
[    2.096017] calling  software_node_init+0x0/0x2a @ 1
[    2.101019] initcall software_node_init+0x0/0x2a returned 0 after 0 usecs
[    2.109013] calling  wakeup_sources_debugfs_init+0x0/0x23 @ 1
[    2.116154] initcall wakeup_sources_debugfs_init+0x0/0x23 returned 0 after 0 usecs
[    2.126022] calling  wakeup_sources_sysfs_init+0x0/0x2c @ 1
[    2.133038] initcall wakeup_sources_sysfs_init+0x0/0x2c returned 0 after 0 usecs
[    2.143016] calling  register_node_type+0x0/0x13 @ 1
[    2.149065] initcall register_node_type+0x0/0x13 returned 0 after 0 usecs
[    2.157013] calling  regmap_initcall+0x0/0xc @ 1
[    2.163085] initcall regmap_initcall+0x0/0xc returned 0 after 0 usecs
[    2.171013] calling  i2c_init+0x0/0xb3 @ 1
[    2.177159] initcall i2c_init+0x0/0xb3 returned 0 after 0 usecs
[    2.184026] calling  thermal_init+0x0/0xf2 @ 1
[    2.190024] thermal_sys: Registered thermal governor 'step_wise'
[    2.190026] thermal_sys: Registered thermal governor 'user_space'
[    2.197037] initcall thermal_init+0x0/0xf2 returned 0 after 6835 usecs
[    2.212016] calling  init_menu+0x0/0xc @ 1
[    2.219011] cpuidle: using governor menu
[    2.224015] initcall init_menu+0x0/0xc returned 0 after 5859 usecs
[    2.231016] calling  pcc_init+0x0/0x4d @ 1
[    2.236015] initcall pcc_init+0x0/0x4d returned -19 after 0 usecs
[    2.243014] calling  amd_postcore_init+0x0/0x11e @ 1
[    2.249013] initcall amd_postcore_init+0x0/0x11e returned 0 after 0 usecs
[    2.257037] calling  bts_init+0x0/0xba @ 1
[    2.262016] initcall bts_init+0x0/0xba returned -19 after 0 usecs
[    2.270013] calling  pt_init+0x0/0x341 @ 1
[    2.275015] initcall pt_init+0x0/0x341 returned -19 after 0 usecs
[    2.282017] calling  boot_params_ksysfs_init+0x0/0x2ee @ 1
[    2.288051] initcall boot_params_ksysfs_init+0x0/0x2ee returned 0 after 976 usecs
[    2.297012] calling  sbf_init+0x0/0xea @ 1
[    2.303012] initcall sbf_init+0x0/0xea returned 0 after 0 usecs
[    2.310014] calling  arch_kdebugfs_init+0x0/0x219 @ 1
[    2.316014] initcall arch_kdebugfs_init+0x0/0x219 returned 0 after 0 usecs
[    2.324014] calling  intel_pconfig_init+0x0/0x85 @ 1
[    2.330014] initcall intel_pconfig_init+0x0/0x85 returned 0 after 0 usecs
[    2.338018] calling  mtrr_if_init+0x0/0x5d @ 1
[    2.344163] initcall mtrr_if_init+0x0/0x5d returned 0 after 0 usecs
[    2.353019] calling  activate_jump_labels+0x0/0x31 @ 1
[    2.359014] initcall activate_jump_labels+0x0/0x31 returned 0 after 0 usecs
[    2.368014] calling  ffh_cstate_init+0x0/0x29 @ 1
[    2.374018] initcall ffh_cstate_init+0x0/0x29 returned 0 after 0 usecs
[    2.382014] calling  activate_jump_labels+0x0/0x31 @ 1
[    2.388537] initcall activate_jump_labels+0x0/0x31 returned 0 after 976 usecs
[    2.397200] calling  kvm_alloc_cpumask+0x0/0x74 @ 1
[    2.404073] initcall kvm_alloc_cpumask+0x0/0x74 returned 0 after 0 usecs
[    2.412014] calling  kcmp_cookies_init+0x0/0x37 @ 1
[    2.418028] initcall kcmp_cookies_init+0x0/0x37 returned 0 after 0 usecs
[    2.426013] calling  cryptomgr_init+0x0/0xc @ 1
[    2.432072] initcall cryptomgr_init+0x0/0xc returned 0 after 0 usecs
[    2.440014] calling  acpi_pci_init+0x0/0x57 @ 1
[    2.445012] ACPI: bus type PCI registered
[    2.450015] initcall acpi_pci_init+0x0/0x57 returned 0 after 4882 usecs
[    2.458013] calling  dma_channel_table_init+0x0/0xd1 @ 1
[    2.465021] initcall dma_channel_table_init+0x0/0xd1 returned 0 after 0 usecs
[    2.473014] calling  dma_bus_init+0x0/0xdc @ 1
[    2.479137] initcall dma_bus_init+0x0/0xdc returned 0 after 0 usecs
[    2.486091] calling  iommu_dma_init+0x0/0x10 @ 1
[    2.492032] initcall iommu_dma_init+0x0/0x10 returned 0 after 0 usecs
[    2.500032] calling  dmi_id_init+0x0/0x37c @ 1
[    2.506138] initcall dmi_id_init+0x0/0x37c returned 0 after 0 usecs
[    2.513013] calling  pci_arch_init+0x0/0x71 @ 1
[    2.519511] PCI: MMCONFIG for domain 0000 [bus 00-ff] at [mem 0xb0000000-0xbfffffff] (base 0xb0000000)
[    2.532017] PCI: MMCONFIG at [mem 0xb0000000-0xbfffffff] reserved in E820
[    2.542041] PCI: Using configuration type 1 for base access
[    2.550070] initcall pci_arch_init+0x0/0x71 returned 0 after 30273 usecs
[    2.559037] calling  init_vdso+0x0/0x13 @ 1
[    2.564050] initcall init_vdso+0x0/0x13 returned 0 after 0 usecs
[    2.571014] calling  sysenter_setup+0x0/0x13 @ 1
[    2.577048] initcall sysenter_setup+0x0/0x13 returned 0 after 0 usecs
[    2.585022] calling  fixup_ht_bug+0x0/0xe5 @ 1
[    2.590013] initcall fixup_ht_bug+0x0/0xe5 returned 0 after 0 usecs
[    2.598013] calling  topology_init+0x0/0x88 @ 1
[    2.603123] initcall topology_init+0x0/0x88 returned 0 after 0 usecs
[    2.611014] calling  intel_epb_init+0x0/0x68 @ 1
[    2.616017] initcall intel_epb_init+0x0/0x68 returned -19 after 0 usecs
[    2.624013] calling  mtrr_init_finialize+0x0/0x3e @ 1
[    2.630014] initcall mtrr_init_finialize+0x0/0x3e returned 0 after 0 usecs
[    2.639016] calling  uid_cache_init+0x0/0x85 @ 1
[    2.644022] initcall uid_cache_init+0x0/0x85 returned 0 after 0 usecs
[    2.652013] calling  param_sysfs_init+0x0/0x1ba @ 1
[    2.661390] initcall param_sysfs_init+0x0/0x1ba returned 0 after 2929 usecs
[    2.670014] calling  user_namespace_sysctl_init+0x0/0x33 @ 1
[    2.671185] initcall user_namespace_sysctl_init+0x0/0x33 returned 0 after 1953 usecs
[    2.683017] calling  proc_schedstat_init+0x0/0x24 @ 1
[    2.689017] initcall proc_schedstat_init+0x0/0x24 returned 0 after 0 usecs
[    2.697013] calling  pm_sysrq_init+0x0/0x18 @ 1
[    2.702220] initcall pm_sysrq_init+0x0/0x18 returned 0 after 0 usecs
[    2.710228] calling  create_proc_profile+0x0/0xd0 @ 1
[    2.716016] initcall create_proc_profile+0x0/0xd0 returned 0 after 0 usecs
[    2.724012] calling  time_ns_init+0x0/0x7 @ 1
[    2.729013] initcall time_ns_init+0x0/0x7 returned 0 after 0 usecs
[    2.736012] calling  crash_save_vmcoreinfo_init+0x0/0x722 @ 1
[    2.743186] initcall crash_save_vmcoreinfo_init+0x0/0x722 returned 0 after 0 usecs
[    2.752017] calling  crash_notes_memory_init+0x0/0x35 @ 1
[    2.759019] initcall crash_notes_memory_init+0x0/0x35 returned 0 after 0 usecs
[    2.767012] calling  cgroup_sysfs_init+0x0/0x13 @ 1
[    2.773045] initcall cgroup_sysfs_init+0x0/0x13 returned 0 after 0 usecs
[    2.780012] calling  cgroup_namespaces_init+0x0/0x7 @ 1
[    2.787151] initcall cgroup_namespaces_init+0x0/0x7 returned 0 after 0 usecs
[    2.796012] calling  init_optprobes+0x0/0x13 @ 1
[    2.801011] Kprobes globally optimized
[    2.804013] initcall init_optprobes+0x0/0x13 returned 0 after 2929 usecs
[    2.811013] calling  oom_init+0x0/0x2f @ 1
[    2.819419] initcall oom_init+0x0/0x2f returned 0 after 976 usecs
[    2.827040] calling  default_bdi_init+0x0/0xb3 @ 1
[    2.833301] initcall default_bdi_init+0x0/0xb3 returned 0 after 976 usecs
[    2.842020] calling  percpu_enable_async+0x0/0xe @ 1
[    2.848013] initcall percpu_enable_async+0x0/0xe returned 0 after 0 usecs
[    2.856013] calling  kcompactd_init+0x0/0x8d @ 1
[    2.861380] initcall kcompactd_init+0x0/0x8d returned 0 after 976 usecs
[    2.869064] calling  init_user_reserve+0x0/0x40 @ 1
[    2.875027] initcall init_user_reserve+0x0/0x40 returned 0 after 0 usecs
[    2.883016] calling  init_admin_reserve+0x0/0x40 @ 1
[    2.889014] initcall init_admin_reserve+0x0/0x40 returned 0 after 0 usecs
[    2.897023] calling  init_reserve_notifier+0x0/0x7 @ 1
[    2.903016] initcall init_reserve_notifier+0x0/0x7 returned 0 after 0 usecs
[    2.912015] calling  swap_init_sysfs+0x0/0x62 @ 1
[    2.917023] initcall swap_init_sysfs+0x0/0x62 returned 0 after 0 usecs
[    2.926017] calling  swapfile_init+0x0/0x94 @ 1
[    2.932016] initcall swapfile_init+0x0/0x94 returned 0 after 0 usecs
[    2.941013] calling  hugetlb_init+0x0/0x499 @ 1
[    2.947042] HugeTLB registered 2.00 MiB page size, pre-allocated 0 pages
[    2.956029] initcall hugetlb_init+0x0/0x499 returned 0 after 8789 usecs
[    2.964013] calling  io_wq_init+0x0/0x34 @ 1
[    2.969014] initcall io_wq_init+0x0/0x34 returned 0 after 0 usecs
[    2.977013] calling  seqiv_module_init+0x0/0xc @ 1
[    2.982013] initcall seqiv_module_init+0x0/0xc returned 0 after 0 usecs
[    2.990015] calling  echainiv_module_init+0x0/0xc @ 1
[    2.996013] initcall echainiv_module_init+0x0/0xc returned 0 after 0 usecs
[    3.005088] calling  rsa_init+0x0/0x50 @ 1
[    3.012167] cryptomgr_test (31) used greatest stack depth: 15184 bytes left
[    3.012018] initcall rsa_init+0x0/0x50 returned 0 after 976 usecs
[    3.020036] calling  crypto_cmac_module_init+0x0/0xc @ 1
[    3.026013] initcall crypto_cmac_module_init+0x0/0xc returned 0 after 0 usecs
[    3.034015] calling  hmac_module_init+0x0/0xc @ 1
[    3.040012] initcall hmac_module_init+0x0/0xc returned 0 after 0 usecs
[    3.047011] calling  crypto_null_mod_init+0x0/0x65 @ 1
[    3.055022] cryptomgr_test (33) used greatest stack depth: 15136 bytes left
[    3.058017] initcall crypto_null_mod_init+0x0/0x65 returned 0 after 4882 usecs
[    3.068018] calling  md5_mod_init+0x0/0xc @ 1
[    3.075371] initcall md5_mod_init+0x0/0xc returned 0 after 976 usecs
[    3.083021] calling  sha256_generic_mod_init+0x0/0x11 @ 1
[    3.091273] initcall sha256_generic_mod_init+0x0/0x11 returned 0 after 976 usecs
[    3.100014] calling  crypto_cbc_module_init+0x0/0xc @ 1
[    3.107013] initcall crypto_cbc_module_init+0x0/0xc returned 0 after 0 usecs
[    3.116018] calling  crypto_ctr_module_init+0x0/0x11 @ 1
[    3.124016] initcall crypto_ctr_module_init+0x0/0x11 returned 0 after 0 usecs
[    3.133015] calling  crypto_gcm_module_init+0x0/0x64 @ 1
[    3.143064] initcall crypto_gcm_module_init+0x0/0x64 returned 0 after 0 usecs
[    3.151012] calling  crypto_ccm_module_init+0x0/0x11 @ 1
[    3.158014] initcall crypto_ccm_module_init+0x0/0x11 returned 0 after 0 usecs
[    3.165365] calling  aes_init+0x0/0xc @ 1
[    3.170214] initcall aes_init+0x0/0xc returned 0 after 2929 usecs
[    3.178013] calling  crc32c_mod_init+0x0/0xc @ 1
[    3.188018] initcall crc32c_mod_init+0x0/0xc returned 0 after 4882 usecs
[    3.197015] calling  crypto_authenc_module_init+0x0/0xc @ 1
[    3.204017] initcall crypto_authenc_module_init+0x0/0xc returned 0 after 0 usecs
[    3.213015] calling  crypto_authenc_esn_module_init+0x0/0xc @ 1
[    3.220015] initcall crypto_authenc_esn_module_init+0x0/0xc returned 0 after 0 usecs
[    3.227012] calling  drbg_init+0x0/0x7c @ 1
[    3.271022] initcall drbg_init+0x0/0x7c returned 0 after 38085 usecs
[    3.277019] calling  ghash_mod_init+0x0/0xc @ 1
[    3.288016] initcall ghash_mod_init+0x0/0xc returned 0 after 3906 usecs
[    3.295016] calling  init_bio+0x0/0x9a @ 1
[    3.301301] initcall init_bio+0x0/0x9a returned 0 after 1953 usecs
[    3.309017] calling  blk_settings_init+0x0/0x29 @ 1
[    3.314014] initcall blk_settings_init+0x0/0x29 returned 0 after 0 usecs
[    3.322013] calling  blk_ioc_init+0x0/0x29 @ 1
[    3.328018] initcall blk_ioc_init+0x0/0x29 returned 0 after 0 usecs
[    3.334012] calling  blk_mq_init+0x0/0xb9 @ 1
[    3.341022] initcall blk_mq_init+0x0/0xb9 returned 0 after 0 usecs
[    3.349017] calling  genhd_device_init+0x0/0x75 @ 1
[    3.357823] initcall genhd_device_init+0x0/0x75 returned 0 after 2929 usecs
[    3.365326] calling  pci_slot_init+0x0/0x40 @ 1
[    3.372021] initcall pci_slot_init+0x0/0x40 returned 0 after 0 usecs
[    3.379013] calling  fbmem_init+0x0/0xd8 @ 1
[    3.385310] initcall fbmem_init+0x0/0xd8 returned 0 after 0 usecs
[    3.394014] calling  acpi_init+0x0/0x319 @ 1
[    3.399087] ACPI: Added _OSI(Module Device)
[    3.404144] ACPI: Added _OSI(Processor Device)
[    3.410009] ACPI: Added _OSI(3.0 _SCP Extensions)
[    3.415014] ACPI: Added _OSI(Processor Aggregator Device)
[    3.422012] ACPI: Added _OSI(Linux-Dell-Video)
[    3.427011] ACPI: Added _OSI(Linux-Lenovo-NV-HDMI-Audio)
[    3.434010] ACPI: Added _OSI(Linux-HPI-Hybrid-Graphics)
[    3.441365] ACPI: 1 ACPI AML tables successfully acquired and loaded
[    3.452202] ACPI: Interpreter enabled
[    3.457060] ACPI: (supports S0 S3 S4 S5)
[    3.461010] ACPI: Using IOAPIC for interrupt routing
[    3.467179] PCI: Using host bridge windows from ACPI; if necessary, use "pci=nocrs" and report a bug
[    3.477319] ACPI: Enabled 2 GPEs in block 00 to 3F
[    3.487807] ACPI: PCI Root Bridge [PCI0] (domain 0000 [bus 00-ff])
[    3.495017] acpi PNP0A08:00: _OSC: OS supports [ExtendedConfig ASPM ClockPM Segments MSI HPX-Type3]
[    3.505086] acpi PNP0A08:00: _OSC: platform does not support [LTR]
[    3.512066] acpi PNP0A08:00: _OSC: OS now controls [PME PCIeCapability]
[    3.520084] PCI host bridge to bus 0000:00
[    3.525023] pci_bus 0000:00: root bus resource [io  0x0000-0x0cf7 window]
[    3.533023] pci_bus 0000:00: root bus resource [io  0x0d00-0xffff window]
[    3.541012] pci_bus 0000:00: root bus resource [mem 0x000a0000-0x000bffff window]
[    3.549017] pci_bus 0000:00: root bus resource [mem 0x20000000-0xafffffff window]
[    3.555012] pci_bus 0000:00: root bus resource [mem 0xc0000000-0xfebfffff window]
[    3.565013] pci_bus 0000:00: root bus resource [mem 0x100000000-0x8ffffffff window]
[    3.573013] pci_bus 0000:00: root bus resource [bus 00-ff]
[    3.581018] pci 0000:00:00.0: calling  quirk_mmio_always_on+0x0/0x10 @ 1
[    3.590018] pci 0000:00:00.0: quirk_mmio_always_on+0x0/0x10 took 0 usecs
[    3.598029] pci 0000:00:00.0: [8086:29c0] type 00 class 0x060000
[    3.609475] pci 0000:00:00.0: calling  quirk_igfx_skip_te_disable+0x0/0x80 @ 1
[    3.620023] pci 0000:00:00.0: quirk_igfx_skip_te_disable+0x0/0x80 took 0 usecs
[    3.630012] pci 0000:00:01.0: [1234:1111] type 00 class 0x030000
[    3.645005] pci 0000:00:01.0: reg 0x10: [mem 0xfd000000-0xfdffffff pref]
[    3.668570] pci 0000:00:01.0: reg 0x18: [mem 0xfebf0000-0xfebf0fff]
[    3.697255] pci 0000:00:01.0: reg 0x30: [mem 0xfebe0000-0xfebeffff pref]
[    3.708005] pci 0000:00:01.0: calling  efifb_fixup_resources+0x0/0xf0 @ 1
[    3.717202] pci 0000:00:01.0: efifb_fixup_resources+0x0/0xf0 took 0 usecs
[    3.751199] pci 0000:00:1f.0: [8086:2918] type 00 class 0x060100
[    3.763720] pci 0000:00:1f.0: calling  quirk_ich7_lpc+0x0/0x60 @ 1
[    3.771607] pci 0000:00:1f.0: quirk: [io  0x0600-0x067f] claimed by ICH6 ACPI/GPIO/TCO
[    3.781427] pci 0000:00:1f.0: quirk_ich7_lpc+0x0/0x60 took 10742 usecs
[    3.789383] pci 0000:00:1f.0: calling  quirk_igfx_skip_te_disable+0x0/0x80 @ 1
[    3.798085] pci 0000:00:1f.0: quirk_igfx_skip_te_disable+0x0/0x80 took 0 usecs
[    3.809692] pci 0000:00:1f.2: [8086:2922] type 00 class 0x010601
[    3.825751] pci 0000:00:1f.2: reg 0x20: [io  0xc040-0xc05f]
[    3.835018] pci 0000:00:1f.2: reg 0x24: [mem 0xfebf1000-0xfebf1fff]
[    3.843791] pci 0000:00:1f.2: calling  quirk_igfx_skip_te_disable+0x0/0x80 @ 1
[    3.853018] pci 0000:00:1f.2: quirk_igfx_skip_te_disable+0x0/0x80 took 0 usecs
[    3.865198] pci 0000:00:1f.3: [8086:2930] type 00 class 0x0c0500
[    3.878529] pci 0000:00:1f.3: reg 0x20: [io  0x0700-0x073f]
[    3.887753] pci 0000:00:1f.3: calling  quirk_igfx_skip_te_disable+0x0/0x80 @ 1
[    3.898017] pci 0000:00:1f.3: quirk_igfx_skip_te_disable+0x0/0x80 took 0 usecs
[    3.912885] ACPI: PCI Interrupt Link [LNKA] (IRQs 5 *10 11)
[    3.921231] ACPI: PCI Interrupt Link [LNKB] (IRQs 5 *10 11)
[    3.928605] ACPI: PCI Interrupt Link [LNKC] (IRQs 5 10 *11)
[    3.936383] ACPI: PCI Interrupt Link [LNKD] (IRQs 5 10 *11)
[    3.944426] ACPI: PCI Interrupt Link [LNKE] (IRQs 5 *10 11)
[    3.951133] ACPI: PCI Interrupt Link [LNKF] (IRQs 5 *10 11)
[    3.958443] ACPI: PCI Interrupt Link [LNKG] (IRQs 5 10 *11)
[    3.965442] ACPI: PCI Interrupt Link [LNKH] (IRQs 5 10 *11)
[    3.973233] ACPI: PCI Interrupt Link [GSIA] (IRQs *16)
[    3.979038] ACPI: PCI Interrupt Link [GSIB] (IRQs *17)
[    3.985027] ACPI: PCI Interrupt Link [GSIC] (IRQs *18)
[    3.992078] ACPI: PCI Interrupt Link [GSID] (IRQs *19)
[    3.997012] ACPI: PCI Interrupt Link [GSIE] (IRQs *20)
[    4.000404] ACPI: PCI Interrupt Link [GSIF] (IRQs *21)
[    4.006026] ACPI: PCI Interrupt Link [GSIG] (IRQs *22)
[    4.013384] ACPI: PCI Interrupt Link [GSIH] (IRQs *23)
[    4.028005] initcall acpi_init+0x0/0x319 returned 0 after 613281 usecs
[    4.035380] calling  pnp_init+0x0/0xc @ 1
[    4.042162] initcall pnp_init+0x0/0xc returned 0 after 0 usecs
[    4.051017] calling  misc_init+0x0/0xbf @ 1
[    4.058337] initcall misc_init+0x0/0xbf returned 0 after 1953 usecs
[    4.067016] calling  iommu_subsys_init+0x0/0x4e @ 1
[    4.076571] iommu: Default domain type: Translated 
[    4.079015] initcall iommu_subsys_init+0x0/0x4e returned 0 after 2929 usecs
[    4.089019] calling  vga_arb_device_init+0x0/0x261 @ 1
[    4.101300] pci 0000:00:01.0: vgaarb: setting as boot VGA device
[    4.102005] pci 0000:00:01.0: vgaarb: VGA device added: decodes=io+mem,owns=io+mem,locks=none
[    4.119015] pci 0000:00:01.0: vgaarb: bridge control possible
[    4.125011] vgaarb: loaded
[    4.129020] initcall vga_arb_device_init+0x0/0x261 returned 0 after 33203 usecs
[    4.132965] calling  cn_init+0x0/0xf0 @ 1
[    4.143647] initcall cn_init+0x0/0xf0 returned 0 after 3906 usecs
[    4.147016] calling  dma_buf_init+0x0/0xad @ 1
[    4.156527] initcall dma_buf_init+0x0/0xad returned 0 after 2929 usecs
[    4.163020] calling  init_scsi+0x0/0x79 @ 1
[    4.172483] SCSI subsystem initialized
[    4.177019] initcall init_scsi+0x0/0x79 returned 0 after 9765 usecs
[    4.188018] calling  ata_init+0x0/0x332 @ 1
[    4.219005] libata version 3.00 loaded.
[    4.221018] initcall ata_init+0x0/0x332 returned 0 after 26367 usecs
[    4.228015] calling  phy_init+0x0/0x250 @ 1
[    4.233763] initcall phy_init+0x0/0x250 returned 0 after 2929 usecs
[    4.242017] calling  init_pcmcia_cs+0x0/0x35 @ 1
[    4.248449] initcall init_pcmcia_cs+0x0/0x35 returned 0 after 976 usecs
[    4.256013] calling  usb_common_init+0x0/0x1c @ 1
[    4.262196] initcall usb_common_init+0x0/0x1c returned 0 after 0 usecs
[    4.270013] calling  usb_init+0x0/0x12e @ 1
[    4.275450] ACPI: bus type USB registered
[    4.283062] usbcore: registered new interface driver usbfs
[    4.290251] usbcore: registered new interface driver hub
[    4.297028] usbcore: registered new device driver usb
[    4.301016] initcall usb_init+0x0/0x12e returned 0 after 25390 usecs
[    4.311014] calling  serio_init+0x0/0x29 @ 1
[    4.316076] initcall serio_init+0x0/0x29 returned 0 after 0 usecs
[    4.323014] calling  input_init+0x0/0xf6 @ 1
[    4.329011] initcall input_init+0x0/0xf6 returned 0 after 976 usecs
[    4.337013] calling  rtc_init+0x0/0x4d @ 1
[    4.342183] initcall rtc_init+0x0/0x4d returned 0 after 0 usecs
[    4.349017] calling  pps_init+0x0/0xa9 @ 1
[    4.353020] pps_core: LinuxPPS API ver. 1 registered
[    4.360010] pps_core: Software ver. 5.3.6 - Copyright 2005-2007 Rodolfo Giometti <giometti@linux.it>
[    4.372033] initcall pps_init+0x0/0xa9 returned 0 after 18554 usecs
[    4.380015] calling  ptp_init+0x0/0x98 @ 1
[    4.384024] PTP clock support registered
[    4.389013] initcall ptp_init+0x0/0x98 returned 0 after 4882 usecs
[    4.396013] calling  power_supply_class_init+0x0/0x3f @ 1
[    4.402164] initcall power_supply_class_init+0x0/0x3f returned 0 after 0 usecs
[    4.411013] calling  hwmon_init+0x0/0x104 @ 1
[    4.416048] initcall hwmon_init+0x0/0x104 returned 0 after 0 usecs
[    4.423012] calling  md_init+0x0/0x16b @ 1
[    4.428566] initcall md_init+0x0/0x16b returned 0 after 1953 usecs
[    4.436026] calling  leds_init+0x0/0x3b @ 1
[    4.440042] initcall leds_init+0x0/0x3b returned 0 after 0 usecs
[    4.447011] calling  dmi_init+0x0/0x113 @ 1
[    4.452262] initcall dmi_init+0x0/0x113 returned 0 after 0 usecs
[    4.459013] calling  efisubsys_init+0x0/0x4e7 @ 1
[    4.465031] initcall efisubsys_init+0x0/0x4e7 returned 0 after 0 usecs
[    4.473013] calling  nvmem_init+0x0/0xc @ 1
[    4.478103] initcall nvmem_init+0x0/0xc returned 0 after 0 usecs
[    4.486018] calling  init_soundcore+0x0/0x33 @ 1
[    4.491050] initcall init_soundcore+0x0/0x33 returned 0 after 0 usecs
[    4.499011] calling  alsa_sound_init+0x0/0x8f @ 1
[    4.505090] Advanced Linux Sound Architecture Driver Initialized.
[    4.513013] initcall alsa_sound_init+0x0/0x8f returned 0 after 7812 usecs
[    4.521012] calling  alsa_seq_device_init+0x0/0x71 @ 1
[    4.527090] initcall alsa_seq_device_init+0x0/0x71 returned 0 after 0 usecs
[    4.536026] calling  hda_bus_init+0x0/0xc @ 1
[    4.541043] initcall hda_bus_init+0x0/0xc returned 0 after 0 usecs
[    4.549017] calling  proto_init+0x0/0xc @ 1
[    4.554130] initcall proto_init+0x0/0xc returned 0 after 976 usecs
[    4.563014] calling  net_dev_init+0x0/0x209 @ 1
[    4.569681] initcall net_dev_init+0x0/0x209 returned 0 after 976 usecs
[    4.578014] calling  neigh_init+0x0/0x84 @ 1
[    4.583018] initcall neigh_init+0x0/0x84 returned 0 after 0 usecs
[    4.591014] calling  fib_notifier_init+0x0/0xc @ 1
[    4.596136] initcall fib_notifier_init+0x0/0xc returned 0 after 0 usecs
[    4.605015] calling  fib_rules_init+0x0/0xab @ 1
[    4.611042] initcall fib_rules_init+0x0/0xab returned 0 after 0 usecs
[    4.620018] calling  pktsched_init+0x0/0x10e @ 1
[    4.627157] initcall pktsched_init+0x0/0x10e returned 0 after 0 usecs
[    4.634013] calling  tc_filter_init+0x0/0xfa @ 1
[    4.641145] initcall tc_filter_init+0x0/0xfa returned 0 after 976 usecs
[    4.650016] calling  tc_action_init+0x0/0x54 @ 1
[    4.656016] initcall tc_action_init+0x0/0x54 returned 0 after 0 usecs
[    4.665013] calling  ethnl_init+0x0/0x52 @ 1
[    4.670263] initcall ethnl_init+0x0/0x52 returned 0 after 0 usecs
[    4.679015] calling  nexthop_init+0x0/0xd8 @ 1
[    4.683466] initcall nexthop_init+0x0/0xd8 returned 0 after 1953 usecs
[    4.693095] calling  cipso_v4_init+0x0/0x5d @ 1
[    4.700128] initcall cipso_v4_init+0x0/0x5d returned 0 after 0 usecs
[    4.708014] calling  ieee80211_init+0x0/0x24 @ 1
[    4.714468] initcall ieee80211_init+0x0/0x24 returned 0 after 976 usecs
[    4.723013] calling  netlbl_init+0x0/0x78 @ 1
[    4.729026] NetLabel: Initializing
[    4.733010] NetLabel:  domain hash size = 128
[    4.739010] NetLabel:  protocols = UNLABELED CIPSOv4 CALIPSO
[    4.746022] NetLabel:  unlabeled traffic allowed by default
[    4.753015] initcall netlbl_init+0x0/0x78 returned 0 after 23437 usecs
[    4.761015] calling  rfkill_init+0x0/0x111 @ 1
[    4.768318] initcall rfkill_init+0x0/0x111 returned 0 after 976 usecs
[    4.776015] calling  pci_subsys_init+0x0/0x66 @ 1
[    4.781059] PCI: Using ACPI for IRQ routing
[    5.477449] PCI: pci_cache_line_size set to 64 bytes
[    5.483671] e820: reserve RAM buffer [mem 0x0009fc00-0x0009ffff]
[    5.490037] e820: reserve RAM buffer [mem 0x1ffdf000-0x1fffffff]
[    5.496079] initcall pci_subsys_init+0x0/0x66 returned 0 after 698242 usecs
[    5.505272] calling  nmi_warning_debugfs+0x0/0x26 @ 1
[    5.511119] initcall nmi_warning_debugfs+0x0/0x26 returned 0 after 0 usecs
[    5.518025] calling  save_microcode_in_initrd+0x0/0x51 @ 1
[    5.524032] initcall save_microcode_in_initrd+0x0/0x51 returned 0 after 0 usecs
[    5.532012] calling  hpet_late_init+0x0/0x20a @ 1
[    5.536073] hpet: 3 channels of 0 reserved for per-cpu timers
[    5.542117] hpet0: at MMIO 0xfed00000, IRQs 2, 8, 0
[    5.547009] hpet0: 3 comparators, 64-bit 100.000000 MHz counter
[    5.559013] initcall hpet_late_init+0x0/0x20a returned 0 after 22460 usecs
[    5.566012] calling  init_amd_nbs+0x0/0x11c @ 1
[    5.571038] initcall init_amd_nbs+0x0/0x11c returned 0 after 0 usecs
[    5.577031] calling  clocksource_done_booting+0x0/0x41 @ 1
[    5.584153] clocksource: Switched to clocksource kvm-clock
[    5.591364] initcall clocksource_done_booting+0x0/0x41 returned 0 after 8159 usecs
[    5.591911] calling  tracer_init_tracefs+0x0/0x242 @ 1
[    5.591911] initcall tracer_init_tracefs+0x0/0x242 returned 0 after 177516 usecs
[    5.591911] calling  init_trace_printk_function_export+0x0/0x2c @ 1
[    5.591911] initcall init_trace_printk_function_export+0x0/0x2c returned 0 after 106 usecs
[    5.591911] calling  init_kprobe_trace+0x0/0x1a9 @ 1
[    5.591911] initcall init_kprobe_trace+0x0/0x1a9 returned 0 after 136 usecs
[    5.591911] calling  init_dynamic_event+0x0/0x3d @ 1
[    5.591911] initcall init_dynamic_event+0x0/0x3d returned 0 after 47 usecs
[    5.591911] calling  init_uprobe_trace+0x0/0x5c @ 1
[    5.591911] initcall init_uprobe_trace+0x0/0x5c returned 0 after 93 usecs
[    5.591911] calling  init_pipe_fs+0x0/0x44 @ 1
[    5.854636] initcall init_pipe_fs+0x0/0x44 returned 0 after 1077 usecs
[    5.854636] calling  inotify_user_setup+0x0/0x47 @ 1
[    5.854636] initcall inotify_user_setup+0x0/0x47 returned 0 after 124 usecs
[    5.854636] calling  eventpoll_init+0x0/0xd4 @ 1
[    5.854636] initcall eventpoll_init+0x0/0xd4 returned 0 after 50 usecs
[    5.854636] calling  anon_inode_init+0x0/0x58 @ 1
[    5.854636] initcall anon_inode_init+0x0/0x58 returned 0 after 71 usecs
[    5.854636] calling  proc_locks_init+0x0/0x27 @ 1
[    5.854636] initcall proc_locks_init+0x0/0x27 returned 0 after 110 usecs
[    5.854636] calling  iomap_init+0x0/0x1b @ 1
[    5.854636] initcall iomap_init+0x0/0x1b returned 0 after 549 usecs
[    5.854636] calling  dquot_init+0x0/0x106 @ 1
[    5.854636] VFS: Disk quotas dquot_6.6.0
[    5.854636] VFS: Dquot-cache hash table entries: 512 (order 0, 4096 bytes)
[    5.854636] initcall dquot_init+0x0/0x106 returned 0 after 12250 usecs
[    5.854636] calling  quota_init+0x0/0x23 @ 1
[    5.854636] initcall quota_init+0x0/0x23 returned 0 after 3461 usecs
[    5.854636] calling  proc_cmdline_init+0x0/0x21 @ 1
[    5.854636] initcall proc_cmdline_init+0x0/0x21 returned 0 after 20 usecs
[    5.854636] calling  proc_consoles_init+0x0/0x24 @ 1
[    5.854636] initcall proc_consoles_init+0x0/0x24 returned 0 after 4 usecs
[    5.854636] calling  proc_cpuinfo_init+0x0/0x1e @ 1
[    5.854636] initcall proc_cpuinfo_init+0x0/0x1e returned 0 after 2 usecs
[    5.854636] calling  proc_devices_init+0x0/0x24 @ 1
[    5.854636] initcall proc_devices_init+0x0/0x24 returned 0 after 16 usecs
[    5.854636] calling  proc_interrupts_init+0x0/0x24 @ 1
[    5.854636] initcall proc_interrupts_init+0x0/0x24 returned 0 after 3 usecs
[    5.854636] calling  proc_loadavg_init+0x0/0x21 @ 1
[    5.854636] initcall proc_loadavg_init+0x0/0x21 returned 0 after 3 usecs
[    5.854636] calling  proc_meminfo_init+0x0/0x21 @ 1
[    5.854636] initcall proc_meminfo_init+0x0/0x21 returned 0 after 2 usecs
[    5.854636] calling  proc_stat_init+0x0/0x1e @ 1
[    5.854636] initcall proc_stat_init+0x0/0x1e returned 0 after 4 usecs
[    5.854636] calling  proc_uptime_init+0x0/0x21 @ 1
[    5.854636] initcall proc_uptime_init+0x0/0x21 returned 0 after 34 usecs
[    5.854636] calling  proc_version_init+0x0/0x21 @ 1
[    5.854636] initcall proc_version_init+0x0/0x21 returned 0 after 3 usecs
[    5.854636] calling  proc_softirqs_init+0x0/0x21 @ 1
[    5.854636] initcall proc_softirqs_init+0x0/0x21 returned 0 after 3 usecs
[    5.854636] calling  proc_kcore_init+0x0/0xea @ 1
[    5.854636] initcall proc_kcore_init+0x0/0xea returned 0 after 135 usecs
[    5.854636] calling  vmcore_init+0x0/0x578 @ 1
[    5.854636] initcall vmcore_init+0x0/0x578 returned 0 after 1 usecs
[    5.854636] calling  proc_kmsg_init+0x0/0x21 @ 1
[    5.854636] initcall proc_kmsg_init+0x0/0x21 returned 0 after 7 usecs
[    5.854636] calling  proc_page_init+0x0/0x3b @ 1
[    5.854636] initcall proc_page_init+0x0/0x3b returned 0 after 35 usecs
[    5.854636] calling  init_ramfs_fs+0x0/0xc @ 1
[    5.854636] initcall init_ramfs_fs+0x0/0xc returned 0 after 18 usecs
[    5.854636] calling  init_hugetlbfs_fs+0x0/0xf6 @ 1
[    5.854636] initcall init_hugetlbfs_fs+0x0/0xf6 returned 0 after 280 usecs
[    5.854636] calling  blk_scsi_ioctl_init+0x0/0x2a5 @ 1
[    5.854636] initcall blk_scsi_ioctl_init+0x0/0x2a5 returned 0 after 36 usecs
[    5.854636] calling  acpi_event_init+0x0/0x2c @ 1
[    5.854636] initcall acpi_event_init+0x0/0x2c returned 0 after 103 usecs
[    5.854636] calling  pnp_system_init+0x0/0xc @ 1
[    5.854636] initcall pnp_system_init+0x0/0xc returned 0 after 636 usecs
[    5.854636] calling  pnpacpi_init+0x0/0x69 @ 1
[    5.854636] pnp: PnP ACPI init
[    5.854636] pnp 00:00: Plug and Play ACPI device, IDs PNP0303 (active)
[    5.854636] pnp 00:01: Plug and Play ACPI device, IDs PNP0f13 (active)
[    5.854636] pnp 00:02: Plug and Play ACPI device, IDs PNP0400 (active)
[    5.854636] pnp 00:03: Plug and Play ACPI device, IDs PNP0501 (active)
[    5.854636] pnp 00:04: Plug and Play ACPI device, IDs PNP0b00 (active)
[    5.854636] system 00:05: [mem 0xb0000000-0xbfffffff window] has been reserved
[    5.854636] system 00:05: Plug and Play ACPI device, IDs PNP0c01 (active)
[    5.854636] pnp: PnP ACPI: found 6 devices
[    5.854636] initcall pnpacpi_init+0x0/0x69 returned 0 after 63145 usecs
[    5.854636] calling  chr_dev_init+0x0/0x14d @ 1
[    6.386885] initcall chr_dev_init+0x0/0x14d returned 0 after 71568 usecs
[    6.394555] calling  firmware_class_init+0x0/0xe7 @ 1
[    6.395463] initcall firmware_class_init+0x0/0xe7 returned 0 after 114 usecs
[    6.395463] calling  init_pcmcia_bus+0x0/0x5b @ 1
[    6.395463] initcall init_pcmcia_bus+0x0/0x5b returned 0 after 131 usecs
[    6.395463] calling  init_acpi_pm_clocksource+0x0/0xda @ 1
[    6.395463] clocksource: acpi_pm: mask: 0xffffff max_cycles: 0xffffff, max_idle_ns: 2085701024 ns
[    6.395463] initcall init_acpi_pm_clocksource+0x0/0xda returned 0 after 14918 usecs
[    6.395463] calling  sysctl_core_init+0x0/0x26 @ 1
[    6.395463] initcall sysctl_core_init+0x0/0x26 returned 0 after 958 usecs
[    6.395463] calling  eth_offload_init+0x0/0x13 @ 1
[    6.395463] initcall eth_offload_init+0x0/0x13 returned 0 after 25 usecs
[    6.484565] calling  ipv4_offload_init+0x0/0x73 @ 1
[    6.485397] initcall ipv4_offload_init+0x0/0x73 returned 0 after 101 usecs
[    6.485397] calling  inet_init+0x0/0x276 @ 1
[    6.485397] NET: Registered protocol family 2
[    6.485397] IP idents hash table entries: 8192 (order: 4, 65536 bytes, linear)
[    6.522987] tcp_listen_portaddr_hash hash table entries: 256 (order: 0, 4096 bytes, linear)
[    6.532871] TCP established hash table entries: 4096 (order: 3, 32768 bytes, linear)
[    6.543056] TCP bind hash table entries: 4096 (order: 4, 65536 bytes, linear)
[    6.551817] TCP: Hash tables configured (established 4096 bind 4096)
[    6.559856] UDP hash table entries: 256 (order: 1, 8192 bytes, linear)
[    6.567853] UDP-Lite hash table entries: 256 (order: 1, 8192 bytes, linear)
[    6.576589] initcall inet_init+0x0/0x276 returned 0 after 71026 usecs
[    6.584440] calling  af_unix_init+0x0/0x4d @ 1
[    6.589961] NET: Registered protocol family 1
[    6.595389] initcall af_unix_init+0x0/0x4d returned 0 after 5323 usecs
[    6.603410] calling  ipv6_offload_init+0x0/0x7e @ 1
[    6.609573] initcall ipv6_offload_init+0x0/0x7e returned 0 after 64 usecs
[    6.617873] calling  init_sunrpc+0x0/0x65 @ 1
[    6.626186] RPC: Registered named UNIX socket transport module.
[    6.633189] RPC: Registered udp transport module.
[    6.638645] RPC: Registered tcp transport module.
[    6.644228] RPC: Registered tcp NFSv4.1 backchannel transport module.
[    6.651708] initcall init_sunrpc+0x0/0x65 returned 0 after 27511 usecs
[    6.659157] calling  cfg80211_init+0x0/0xc5 @ 1
[    6.667010] initcall cfg80211_init+0x0/0xc5 returned 0 after 948 usecs
[    6.674640] calling  pcibios_assign_resources+0x0/0xbf @ 1
[    6.681335] pci_bus 0000:00: resource 4 [io  0x0000-0x0cf7 window]
[    6.688415] pci_bus 0000:00: resource 5 [io  0x0d00-0xffff window]
[    6.695641] pci_bus 0000:00: resource 6 [mem 0x000a0000-0x000bffff window]
[    6.703384] pci_bus 0000:00: resource 7 [mem 0x20000000-0xafffffff window]
[    6.711255] pci_bus 0000:00: resource 8 [mem 0xc0000000-0xfebfffff window]
[    6.719119] pci_bus 0000:00: resource 9 [mem 0x100000000-0x8ffffffff window]
[    6.727198] initcall pcibios_assign_resources+0x0/0xbf returned 0 after 45129 usecs
[    6.735869] calling  pci_apply_final_quirks+0x0/0x124 @ 1
[    6.742470] pci 0000:00:01.0: calling  pci_fixup_video+0x0/0xe0 @ 1
[    6.749995] pci 0000:00:01.0: Video device with shadowed ROM at [mem 0x000c0000-0x000dffff]
[    6.759590] pci 0000:00:01.0: pci_fixup_video+0x0/0xe0 took 9696 usecs
[    6.767456] PCI: CLS 0 bytes, default 64
[    6.772015] initcall pci_apply_final_quirks+0x0/0x124 returned 0 after 29195 usecs
[    6.780995] calling  acpi_reserve_resources+0x0/0xea @ 1
[    6.787051] initcall acpi_reserve_resources+0x0/0xea returned 0 after 39 usecs
[    6.797010] calling  populate_rootfs+0x0/0x102 @ 1
[    6.804800] initcall populate_rootfs+0x0/0x102 returned 0 after 932 usecs
[    6.813156] calling  pci_iommu_init+0x0/0x3e @ 1
[    6.818839] initcall pci_iommu_init+0x0/0x3e returned 0 after 103 usecs
[    6.828475] calling  ia32_binfmt_init+0x0/0x13 @ 1
[    6.834068] initcall ia32_binfmt_init+0x0/0x13 returned 0 after 5 usecs
[    6.842571] calling  rapl_pmu_init+0x0/0x267 @ 1
[    6.849235] initcall rapl_pmu_init+0x0/0x267 returned -19 after 58 usecs
[    6.858701] calling  amd_uncore_init+0x0/0x310 @ 1
[    6.865721] initcall amd_uncore_init+0x0/0x310 returned -19 after 0 usecs
[    6.875255] calling  amd_ibs_init+0x0/0x27b @ 1
[    6.880870] initcall amd_ibs_init+0x0/0x27b returned -19 after 8 usecs
[    6.888228] calling  amd_iommu_pc_init+0x0/0x215 @ 1
[    6.893879] initcall amd_iommu_pc_init+0x0/0x215 returned -19 after 47 usecs
[    6.902337] calling  msr_init+0x0/0x55 @ 1
[    6.908384] initcall msr_init+0x0/0x55 returned 0 after 111 usecs
[    6.917089] calling  intel_uncore_init+0x0/0x36f @ 1
[    6.924351] initcall intel_uncore_init+0x0/0x36f returned -19 after 39 usecs
[    6.934496] calling  cstate_pmu_init+0x0/0x1a1 @ 1
[    6.940823] initcall cstate_pmu_init+0x0/0x1a1 returned -19 after 0 usecs
[    6.948845] calling  register_kernel_offset_dumper+0x0/0x1a @ 1
[    6.956084] initcall register_kernel_offset_dumper+0x0/0x1a returned 0 after 15 usecs
[    6.965515] calling  i8259A_init_ops+0x0/0x20 @ 1
[    6.971165] initcall i8259A_init_ops+0x0/0x20 returned 0 after 1 usecs
[    6.978948] calling  init_tsc_clocksource+0x0/0xa4 @ 1
[    6.985275] clocksource: tsc: mask: 0xffffffffffffffff max_cycles: 0x39a85afc727, max_idle_ns: 881590685098 ns
[    6.997024] initcall init_tsc_clocksource+0x0/0xa4 returned 0 after 11473 usecs
[    7.005678] calling  add_rtc_cmos+0x0/0xb0 @ 1
[    7.011115] initcall add_rtc_cmos+0x0/0xb0 returned 0 after 91 usecs
[    7.018761] calling  i8237A_init_ops+0x0/0x3a @ 1
[    7.024646] initcall i8237A_init_ops+0x0/0x3a returned 0 after 121 usecs
[    7.032681] calling  umwait_init+0x0/0x94 @ 1
[    7.037947] initcall umwait_init+0x0/0x94 returned -19 after 36 usecs
[    7.045686] calling  thermal_throttle_init_device+0x0/0x3d @ 1
[    7.053729] initcall thermal_throttle_init_device+0x0/0x3d returned 0 after 43 usecs
[    7.062546] calling  msr_init+0x0/0xd7 @ 1
[    7.069569] initcall msr_init+0x0/0xd7 returned 0 after 2269 usecs
[    7.076652] calling  cpuid_init+0x0/0xd7 @ 1
[    7.083714] initcall cpuid_init+0x0/0xd7 returned 0 after 2052 usecs
[    7.092804] calling  ioapic_init_ops+0x0/0x13 @ 1
[    7.099760] initcall ioapic_init_ops+0x0/0x13 returned 0 after 44 usecs
[    7.109183] calling  add_pcspkr+0x0/0x6c @ 1
[    7.115469] initcall add_pcspkr+0x0/0x6c returned 0 after 96 usecs
[    7.122755] calling  start_periodic_check_for_corruption+0x0/0x30 @ 1
[    7.130103] check: Scanning for low memory corruption every 60 seconds
[    7.137441] initcall start_periodic_check_for_corruption+0x0/0x30 returned 0 after 7265 usecs
[    7.148230] calling  sysfb_init+0x0/0x9c @ 1
[    7.153369] initcall sysfb_init+0x0/0x9c returned 0 after 121 usecs
[    7.160445] calling  audit_classes_init+0x0/0xae @ 1
[    7.166582] initcall audit_classes_init+0x0/0xae returned 0 after 40 usecs
[    7.174745] calling  iosf_mbi_init+0x0/0x24 @ 1
[    7.180187] initcall iosf_mbi_init+0x0/0x24 returned 0 after 193 usecs
[    7.187727] calling  proc_execdomains_init+0x0/0x21 @ 1
[    7.194192] initcall proc_execdomains_init+0x0/0x21 returned 0 after 5 usecs
[    7.203878] calling  register_warn_debugfs+0x0/0x23 @ 1
[    7.211317] initcall register_warn_debugfs+0x0/0x23 returned 0 after 25 usecs
[    7.221313] calling  cpuhp_sysfs_init+0x0/0x79 @ 1
[    7.228214] initcall cpuhp_sysfs_init+0x0/0x79 returned 0 after 57 usecs
[    7.236187] calling  ioresources_init+0x0/0x49 @ 1
[    7.242374] initcall ioresources_init+0x0/0x49 returned 0 after 5 usecs
[    7.250819] calling  snapshot_device_init+0x0/0xc @ 1
[    7.258424] initcall snapshot_device_init+0x0/0xc returned 0 after 129 usecs
[    7.268602] calling  irq_pm_init_ops+0x0/0x13 @ 1
[    7.275603] initcall irq_pm_init_ops+0x0/0x13 returned 0 after 17 usecs
[    7.283633] calling  rcu_torture_init+0x0/0x9a6 @ 1
[    7.289398] tasks-torture:--- Start of test: nreaders=1 nfakewriters=4 stat_interval=15 verbose=1 test_no_idle_hz=1 shuffle_interval=3 stutter=5 irqreader=1 fqs_duration=0 fqs_holdoff=0 fqs_stutter=3 test_boost=1/0 test_boost_interval=7 test_boost_duration=4 shutdown_secs=1800 stall_cpu=0 stall_cpu_holdoff=10 stall_cpu_irqsoff=0 stall_cpu_block=0 n_barrier_cbs=4 onoff_interval=1000 onoff_holdoff=30 read_exit_delay=13 read_exit_burst=16
[    7.337894] tasks:  Start-test grace-period state: g0 f0x0
[    7.346006] tasks-torture: Creating rcu_torture_writer task
[    7.353478] tasks-torture: Creating rcu_torture_fakewriter task
[    7.360521] tasks-torture: rcu_torture_writer task started
[    7.367290] tasks-torture: GP expediting controlled from boot/sysfs for tasks.
[    7.367759] tasks-torture: Creating rcu_torture_fakewriter task
[    7.375701] tasks-torture: rcu_torture_fakewriter task started
[    7.375709] rcu_torture_writer: Testing expedited GPs.
[    7.375726] rcu_torture_writer: Testing asynchronous GPs.
[    7.375726] rcu_torture_writer: Testing normal GPs.
[    7.410135] tasks-torture: Creating rcu_torture_fakewriter task
[    7.410158] tasks-torture: rcu_torture_fakewriter task started
[    7.425245] tasks-torture: rcu_torture_fakewriter task started
[    7.425262] tasks-torture: Creating rcu_torture_fakewriter task
[    7.439958] tasks-torture: Creating rcu_torture_reader task
[    7.439987] tasks-torture: rcu_torture_fakewriter task started
[    7.454987] tasks-torture: Creating rcu_torture_stats task
[    7.455026] tasks-torture: rcu_torture_reader task started
[    7.470296] tasks-torture: Creating torture_shuffle task
[    7.470344] tasks-torture: rcu_torture_stats task started
[    7.487734] tasks-torture: Creating torture_stutter task
[    7.487753] tasks-torture: torture_shuffle task started
[    7.502485] tasks-torture: Creating torture_shutdown task
[    7.502519] tasks-torture: torture_stutter task started
[    7.517695] tasks-torture: Creating torture_onoff task
[    7.517697] tasks-torture: torture_shutdown task started
[    7.517740] tasks-torture:torture_shutdown task: 1799984 ms remaining
[    7.538809] tasks-torture: rcu_torture_fwd_prog_init: Disabled, unsupported by RCU flavor under test
[    7.538815] tasks-torture: torture_onoff task started
[    7.549766] tasks-torture: Creating rcu_torture_barrier_cbs task
[    7.555612] tasks-torture: torture_onoff begin holdoff
[    7.569487] tasks-torture: Creating rcu_torture_barrier_cbs task
[    7.569510] tasks-torture: rcu_torture_barrier_cbs task started
[    7.590994] tasks-torture: rcu_torture_barrier_cbs task started
[    7.591087] tasks-torture: Creating rcu_torture_barrier_cbs task
[    7.605837] tasks-torture: Creating rcu_torture_barrier_cbs task
[    7.605854] tasks-torture: rcu_torture_barrier_cbs task started
[    7.622641] tasks-torture: Creating rcu_torture_barrier task
[    7.623213] tasks-torture: rcu_torture_barrier_cbs task started
[    7.638794] tasks-torture: Creating rcu_torture_read_exit task
[    7.638817] tasks-torture: rcu_torture_barrier task starting
[    7.654979] tasks-torture: rcu_torture_read_exit: Start of test
[    7.655445] initcall rcu_torture_init+0x0/0x9a6 returned 0 after 357232 usecs
[    7.655466] calling  timekeeping_init_ops+0x0/0x13 @ 1
[    7.655466] initcall timekeeping_init_ops+0x0/0x13 returned 0 after 46 usecs
[    7.655466] calling  init_clocksource_sysfs+0x0/0x23 @ 1
[    7.655466] initcall init_clocksource_sysfs+0x0/0x23 returned 0 after 2286 usecs
[    7.655466] calling  init_timer_list_procfs+0x0/0x31 @ 1
[    7.655466] initcall init_timer_list_procfs+0x0/0x31 returned 0 after 224 usecs
[    7.655466] calling  alarmtimer_init+0x0/0xc7 @ 1
[    7.655466] initcall alarmtimer_init+0x0/0xc7 returned 0 after 483 usecs
[    7.730187] calling  init_posix_timers+0x0/0x29 @ 1
[    7.730187] initcall init_posix_timers+0x0/0x29 returned 0 after 69 usecs
[    7.730187] calling  clockevents_init_sysfs+0x0/0xbf @ 1
[    7.730187] initcall clockevents_init_sysfs+0x0/0xbf returned 0 after 211 usecs
[    7.730187] calling  proc_dma_init+0x0/0x21 @ 1
[    7.730187] initcall proc_dma_init+0x0/0x21 returned 0 after 20 usecs
[    7.730187] calling  proc_modules_init+0x0/0x1e @ 1
[    7.730187] initcall proc_modules_init+0x0/0x1e returned 0 after 19 usecs
[    7.730187] calling  kallsyms_init+0x0/0x21 @ 1
[    7.730187] initcall kallsyms_init+0x0/0x21 returned 0 after 4 usecs
[    7.730187] calling  pid_namespaces_init+0x0/0x2c @ 1
[    7.805640] initcall pid_namespaces_init+0x0/0x2c returned 0 after 234 usecs
[    7.814173] calling  audit_watch_init+0x0/0x37 @ 1
[    7.814797] initcall audit_watch_init+0x0/0x37 returned 0 after 50 usecs
[    7.814797] calling  audit_fsnotify_init+0x0/0x37 @ 1
[    7.814797] initcall audit_fsnotify_init+0x0/0x37 returned 0 after 1 usecs
[    7.842140] calling  audit_tree_init+0x0/0x6d @ 1
[    7.842140] initcall audit_tree_init+0x0/0x6d returned 0 after 18 usecs
[    7.842140] calling  seccomp_sysctl_init+0x0/0x2b @ 1
[    7.842140] initcall seccomp_sysctl_init+0x0/0x2b returned 0 after 157 usecs
[    7.842140] calling  utsname_sysctl_init+0x0/0x13 @ 1
[    7.842140] initcall utsname_sysctl_init+0x0/0x13 returned 0 after 90 usecs
[    7.842140] calling  init_tracepoints+0x0/0x27 @ 1
[    7.842140] initcall init_tracepoints+0x0/0x27 returned 0 after 52 usecs
[    7.842140] calling  init_blk_tracer+0x0/0x50 @ 1
[    7.902251] initcall init_blk_tracer+0x0/0x50 returned 0 after 709 usecs
[    7.902251] calling  perf_event_sysfs_init+0x0/0x81 @ 1
[    7.902251] initcall perf_event_sysfs_init+0x0/0x81 returned 0 after 600 usecs
[    7.902251] calling  system_trusted_keyring_init+0x0/0x60 @ 1
[    7.902251] Initialise system trusted keyrings
[    7.902251] initcall system_trusted_keyring_init+0x0/0x60 returned 0 after 5674 usecs
[    7.902251] calling  kswapd_init+0x0/0x5c @ 1
[    7.958746] initcall kswapd_init+0x0/0x5c returned 0 after 1015 usecs
[    7.968039] calling  extfrag_debug_init+0x0/0x54 @ 1
[    7.968785] initcall extfrag_debug_init+0x0/0x54 returned 0 after 576 usecs
[    7.968785] calling  mm_compute_batch_init+0x0/0x12 @ 1
[    7.968785] initcall mm_compute_batch_init+0x0/0x12 returned 0 after 1 usecs
[    7.968785] calling  slab_proc_init+0x0/0x21 @ 1
[    7.968785] initcall slab_proc_init+0x0/0x21 returned 0 after 239 usecs
[    7.968785] calling  workingset_init+0x0/0x8c @ 1
[    7.968785] workingset: timestamp_bits=56 max_order=17 bucket_order=0
[    7.968785] initcall workingset_init+0x0/0x8c returned 0 after 9340 usecs
[    7.968785] calling  proc_vmalloc_init+0x0/0x32 @ 1
[    7.968785] initcall proc_vmalloc_init+0x0/0x32 returned 0 after 5 usecs
[    7.968785] calling  procswaps_init+0x0/0x1e @ 1
[    8.064155] initcall procswaps_init+0x0/0x1e returned 0 after 214 usecs
[    8.064155] calling  slab_sysfs_init+0x0/0xea @ 1
[    8.064155] initcall slab_sysfs_init+0x0/0xea returned 0 after 3184 usecs
[    8.064155] calling  fcntl_init+0x0/0x29 @ 1
[    8.064155] initcall fcntl_init+0x0/0x29 returned 0 after 11 usecs
[    8.064155] calling  proc_filesystems_init+0x0/0x21 @ 1
[    8.064155] initcall proc_filesystems_init+0x0/0x21 returned 0 after 5 usecs
[    8.064155] calling  start_dirtytime_writeback+0x0/0x29 @ 1
[    8.064155] initcall start_dirtytime_writeback+0x0/0x29 returned 0 after 45 usecs
[    8.064155] calling  blkdev_init+0x0/0x1b @ 1
[    8.064155] initcall blkdev_init+0x0/0x1b returned 0 after 135 usecs
[    8.064155] calling  dio_init+0x0/0x2c @ 1
[    8.064155] initcall dio_init+0x0/0x2c returned 0 after 107 usecs
[    8.064155] calling  dnotify_init+0x0/0x78 @ 1
[    8.064155] initcall dnotify_init+0x0/0x78 returned 0 after 14 usecs
[    8.178122] calling  aio_setup+0x0/0x78 @ 1
[    8.178122] initcall aio_setup+0x0/0x78 returned 0 after 204 usecs
[    8.178122] calling  io_uring_init+0x0/0x2c @ 1
[    8.178122] initcall io_uring_init+0x0/0x2c returned 0 after 7 usecs
[    8.178122] calling  mbcache_init+0x0/0x30 @ 1
[    8.178122] initcall mbcache_init+0x0/0x30 returned 0 after 65 usecs
[    8.178122] calling  init_grace+0x0/0xc @ 1
[    8.178122] initcall init_grace+0x0/0xc returned 0 after 211 usecs
[    8.178122] calling  init_v2_quota_format+0x0/0x21 @ 1
[    8.178122] initcall init_v2_quota_format+0x0/0x21 returned 0 after 47 usecs
[    8.178122] calling  init_devpts_fs+0x0/0x27 @ 1
[    8.178122] initcall init_devpts_fs+0x0/0x27 returned 0 after 194 usecs
[    8.178122] calling  ext4_init_fs+0x0/0x1d0 @ 1
[    8.178122] initcall ext4_init_fs+0x0/0x1d0 returned 0 after 446 usecs
[    8.178122] calling  journal_init+0x0/0x11c @ 1
[    8.178122] initcall journal_init+0x0/0x11c returned 0 after 76 usecs
[    8.178122] calling  init_fat_fs+0x0/0x49 @ 1
[    8.178122] initcall init_fat_fs+0x0/0x49 returned 0 after 95 usecs
[    8.178122] calling  init_vfat_fs+0x0/0xc @ 1
[    8.178122] initcall init_vfat_fs+0x0/0xc returned 0 after 4 usecs
[    8.178122] calling  init_msdos_fs+0x0/0xc @ 1
[    8.178122] initcall init_msdos_fs+0x0/0xc returned 0 after 1 usecs
[    8.178122] calling  init_iso9660_fs+0x0/0x6c @ 1
[    8.178122] initcall init_iso9660_fs+0x0/0x6c returned 0 after 223 usecs
[    8.178122] calling  init_nfs_fs+0x0/0x13a @ 1
[    8.350257] initcall init_nfs_fs+0x0/0x13a returned 0 after 2336 usecs
[    8.358715] calling  init_nfs_v2+0x0/0x13 @ 1
[    8.364703] initcall init_nfs_v2+0x0/0x13 returned 0 after 350 usecs
[    8.373051] calling  init_nfs_v3+0x0/0x13 @ 1
[    8.378994] initcall init_nfs_v3+0x0/0x13 returned 0 after 18 usecs
[    8.388318] calling  init_nfs_v4+0x0/0x32 @ 1
[    8.394766] NFS: Registering the id_resolver key type
[    8.402449] Key type id_resolver registered
[    8.408481] Key type id_legacy registered
[    8.414314] initcall init_nfs_v4+0x0/0x32 returned 0 after 19130 usecs
[    8.423620] calling  init_nlm+0x0/0x5b @ 1
[    8.429144] initcall init_nlm+0x0/0x5b returned 0 after 177 usecs
[    8.437691] calling  init_nls_cp437+0x0/0xe @ 1
[    8.444838] initcall init_nls_cp437+0x0/0xe returned 0 after 67 usecs
[    8.455057] calling  init_nls_ascii+0x0/0xe @ 1
[    8.461199] initcall init_nls_ascii+0x0/0xe returned 0 after 0 usecs
[    8.469533] calling  init_nls_iso8859_1+0x0/0xe @ 1
[    8.475831] initcall init_nls_iso8859_1+0x0/0xe returned 0 after 1 usecs
[    8.484426] calling  init_nls_utf8+0x0/0x21 @ 1
[    8.490200] initcall init_nls_utf8+0x0/0x21 returned 0 after 1 usecs
[    8.498293] calling  init_autofs_fs+0x0/0x25 @ 1
[    8.505788] initcall init_autofs_fs+0x0/0x25 returned 0 after 1529 usecs
[    8.515378] calling  ipc_init+0x0/0x24 @ 1
[    8.520951] initcall ipc_init+0x0/0x24 returned 0 after 59 usecs
[    8.528641] calling  ipc_sysctl_init+0x0/0x13 @ 1
[    8.534516] initcall ipc_sysctl_init+0x0/0x13 returned 0 after 52 usecs
[    8.542595] calling  init_mqueue_fs+0x0/0x9a @ 1
[    8.548945] initcall init_mqueue_fs+0x0/0x9a returned 0 after 266 usecs
[    8.556996] calling  key_proc_init+0x0/0x63 @ 1
[    8.562944] initcall key_proc_init+0x0/0x63 returned 0 after 6 usecs
[    8.571111] calling  selinux_nf_ip_init+0x0/0x2e @ 1
[    8.577737] initcall selinux_nf_ip_init+0x0/0x2e returned 0 after 100 usecs
[    8.586711] calling  init_sel_fs+0x0/0x116 @ 1
[    8.592705] initcall init_sel_fs+0x0/0x116 returned 0 after 53 usecs
[    8.601065] calling  selnl_init+0x0/0x7c @ 1
[    8.606887] initcall selnl_init+0x0/0x7c returned 0 after 219 usecs
[    8.615098] calling  sel_netif_init+0x0/0x36 @ 1
[    8.621139] initcall sel_netif_init+0x0/0x36 returned 0 after 0 usecs
[    8.629350] calling  sel_netnode_init+0x0/0x33 @ 1
[    8.635723] initcall sel_netnode_init+0x0/0x33 returned 0 after 0 usecs
[    8.644487] calling  sel_netport_init+0x0/0x33 @ 1
[    8.650603] initcall sel_netport_init+0x0/0x33 returned 0 after 0 usecs
[    8.659136] calling  aurule_init+0x0/0x2a @ 1
[    8.664925] initcall aurule_init+0x0/0x2a returned 0 after 1 usecs
[    8.672768] calling  crypto_algapi_init+0x0/0xc @ 1
[    8.678978] initcall crypto_algapi_init+0x0/0xc returned 0 after 7 usecs
[    8.687445] calling  jent_mod_init+0x0/0x2d @ 1
[    8.717240] initcall jent_mod_init+0x0/0x2d returned 0 after 22845 usecs
[    8.718987] cryptomgr_test (79) used greatest stack depth: 14968 bytes left
[    8.719699] calling  asymmetric_key_init+0x0/0xc @ 1
[    8.745012] Key type asymmetric registered
[    8.750965] initcall asymmetric_key_init+0x0/0xc returned 0 after 6216 usecs
[    8.751617] calling  x509_key_init+0x0/0xc @ 1
[    8.751617] Asymmetric key parser 'x509' registered
[    8.751617] initcall x509_key_init+0x0/0xc returned 0 after 6464 usecs
[    8.751617] calling  proc_genhd_init+0x0/0x41 @ 1
[    8.751617] initcall proc_genhd_init+0x0/0x41 returned 0 after 441 usecs
[    8.751617] calling  bsg_init+0x0/0x113 @ 1
[    8.751617] Block layer SCSI generic (bsg) driver version 0.4 loaded (major 251)
[    8.751617] initcall bsg_init+0x0/0x113 returned 0 after 11079 usecs
[    8.751617] calling  deadline_init+0x0/0xc @ 1
[    8.751617] io scheduler mq-deadline registered
[    8.751617] initcall deadline_init+0x0/0xc returned 0 after 6834 usecs
[    8.751617] calling  kyber_init+0x0/0xc @ 1
[    8.751617] io scheduler kyber registered
[    8.858167] initcall kyber_init+0x0/0xc returned 0 after 6900 usecs
[    8.867845] calling  mod_init+0x0/0x7 @ 1
[    8.873480] initcall mod_init+0x0/0x7 returned 0 after 1 usecs
[    8.874121] calling  percpu_counter_startup+0x0/0x55 @ 1
[    8.889986] initcall percpu_counter_startup+0x0/0x55 returned 0 after 1831 usecs
[    8.901886] calling  sg_pool_init+0x0/0xb4 @ 1
[    8.902657] initcall sg_pool_init+0x0/0xb4 returned 0 after 2613 usecs
[    8.902657] calling  pcie_portdrv_init+0x0/0x39 @ 1
[    8.926283] initcall pcie_portdrv_init+0x0/0x39 returned 0 after 2520 usecs
[    8.926283] calling  pci_proc_init+0x0/0x68 @ 1
[    8.926283] initcall pci_proc_init+0x0/0x68 returned 0 after 147 usecs
[    8.926283] calling  pci_hotplug_init+0x0/0x7 @ 1
[    8.926283] initcall pci_hotplug_init+0x0/0x7 returned 0 after 0 usecs
[    8.969192] calling  efifb_driver_init+0x0/0xe @ 1
[    8.969192] initcall efifb_driver_init+0x0/0xe returned 0 after 373 usecs
[    8.969192] calling  ged_driver_init+0x0/0xe @ 1
[    8.969192] initcall ged_driver_init+0x0/0xe returned 0 after 136 usecs
[    8.969192] calling  acpi_ac_init+0x0/0x92 @ 1
[    8.969192] initcall acpi_ac_init+0x0/0x92 returned 0 after 730 usecs
[    8.969192] calling  acpi_button_driver_init+0x0/0x52 @ 1
[    8.969192] input: Power Button as /devices/LNXSYSTM:00/LNXPWRBN:00/input/input0
[    9.038442] ACPI: Power Button [PWRF]
[    9.044470] initcall acpi_button_driver_init+0x0/0x52 returned 0 after 19151 usecs
[    9.054856] calling  acpi_fan_driver_init+0x0/0xe @ 1
[    9.061999] initcall acpi_fan_driver_init+0x0/0xe returned 0 after 43 usecs
[    9.071145] calling  acpi_video_init+0x0/0xcb @ 1
[    9.071145] initcall acpi_video_init+0x0/0xcb returned 0 after 98 usecs
[    9.071145] calling  acpi_processor_driver_init+0x0/0xad @ 1
[    9.071145] initcall acpi_processor_driver_init+0x0/0xad returned 0 after 1655 usecs
[    9.071145] calling  acpi_thermal_init+0x0/0x71 @ 1
[    9.114972] initcall acpi_thermal_init+0x0/0x71 returned 0 after 1305 usecs
[    9.124511] calling  acpi_battery_init+0x0/0x32 @ 1
[    9.130197] initcall acpi_battery_init+0x0/0x32 returned 0 after 203 usecs
[    9.130197] calling  bgrt_init+0x0/0xb6 @ 1
[    9.130197] initcall bgrt_init+0x0/0xb6 returned -19 after 0 usecs
[    9.130197] calling  gpio_clk_driver_init+0x0/0xe @ 1
[    9.130197] initcall gpio_clk_driver_init+0x0/0xe returned 0 after 76 usecs
[    9.130197] calling  plt_clk_driver_init+0x0/0xe @ 1
[    9.180145] initcall plt_clk_driver_init+0x0/0xe returned 0 after 260 usecs
[    9.180145] calling  virtio_pci_driver_init+0x0/0x15 @ 1
[    9.180145] initcall virtio_pci_driver_init+0x0/0x15 returned 0 after 88 usecs
[    9.180145] calling  n_null_init+0x0/0x1e @ 1
[    9.180145] initcall n_null_init+0x0/0x1e returned 0 after 54 usecs
[    9.180145] calling  pty_init+0x0/0x1e8 @ 1
[    9.233892] initcall pty_init+0x0/0x1e8 returned 0 after 6731 usecs
[    9.243447] calling  sysrq_init+0x0/0x62 @ 1
[    9.250301] initcall sysrq_init+0x0/0x62 returned 0 after 16 usecs
[    9.260917] calling  serial8250_init+0x0/0x17e @ 1
[    9.268347] Serial: 8250/16550 driver, 4 ports, IRQ sharing enabled
[    9.282394] 00:03: ttyS0 at I/O 0x3f8 (irq = 4, base_baud = 115200) is a 16550A
[    9.296773] initcall serial8250_init+0x0/0x17e returned 0 after 27880 usecs
[    9.306874] calling  serial_pci_driver_init+0x0/0x15 @ 1
[    9.314504] initcall serial_pci_driver_init+0x0/0x15 returned 0 after 111 usecs
[    9.324495] calling  exar_pci_driver_init+0x0/0x15 @ 1
[    9.331949] initcall exar_pci_driver_init+0x0/0x15 returned 0 after 37 usecs
[    9.342397] calling  lpss8250_pci_driver_init+0x0/0x15 @ 1
[    9.350230] initcall lpss8250_pci_driver_init+0x0/0x15 returned 0 after 55 usecs
[    9.361167] calling  mid8250_pci_driver_init+0x0/0x15 @ 1
[    9.369223] initcall mid8250_pci_driver_init+0x0/0x15 returned 0 after 74 usecs
[    9.379643] calling  virtio_console_init+0x0/0xff @ 1
[    9.386957] initcall virtio_console_init+0x0/0xff returned 0 after 688 usecs
[    9.397328] calling  hpet_init+0x0/0x64 @ 1
[    9.404413] initcall hpet_init+0x0/0x64 returned 0 after 1394 usecs
[    9.413287] calling  nvram_module_init+0x0/0x83 @ 1
[    9.423829] Non-volatile memory driver v1.3
[    9.429999] initcall nvram_module_init+0x0/0x83 returned 0 after 6176 usecs
[    9.439929] calling  hwrng_modinit+0x0/0x8a @ 1
[    9.446724] initcall hwrng_modinit+0x0/0x8a returned 0 after 226 usecs
[    9.456320] calling  mod_init+0x0/0x48 @ 1
[    9.462404] initcall mod_init+0x0/0x48 returned -19 after 11 usecs
[    9.470893] calling  agp_init+0x0/0x23 @ 1
[    9.477121] Linux agpgart interface v0.103
[    9.483123] initcall agp_init+0x0/0x23 returned 0 after 5862 usecs
[    9.492216] calling  agp_amd64_mod_init+0x0/0x5 @ 1
[    9.499817] initcall agp_amd64_mod_init+0x0/0x5 returned -19 after 215 usecs
[    9.511005] calling  agp_intel_init+0x0/0x28 @ 1
[    9.518958] initcall agp_intel_init+0x0/0x28 returned 0 after 780 usecs
[    9.529759] calling  drm_kms_helper_init+0x0/0x7 @ 1
[    9.537484] initcall drm_kms_helper_init+0x0/0x7 returned 0 after 65 usecs
[    9.548358] calling  drm_core_init+0x0/0xa4 @ 1
[    9.556134] initcall drm_core_init+0x0/0xa4 returned 0 after 474 usecs
[    9.566740] calling  i915_init+0x0/0x6b @ 1
[    9.576626] initcall i915_init+0x0/0x6b returned 0 after 2954 usecs
[    9.586623] calling  cn_proc_init+0x0/0x35 @ 1
[    9.593569] initcall cn_proc_init+0x0/0x35 returned 0 after 15 usecs
[    9.603726] calling  topology_sysfs_init+0x0/0x27 @ 1
[    9.612221] initcall topology_sysfs_init+0x0/0x27 returned 0 after 198 usecs
[    9.623427] calling  cacheinfo_sysfs_init+0x0/0x27 @ 1
[    9.633941] initcall cacheinfo_sysfs_init+0x0/0x27 returned 0 after 1650 usecs
[    9.646683] calling  loop_init+0x0/0x168 @ 1
[    9.690807] loop: module loaded
[    9.696813] initcall loop_init+0x0/0x168 returned 0 after 40524 usecs
[    9.708593] calling  mac_hid_init+0x0/0x21 @ 1
[    9.716884] initcall mac_hid_init+0x0/0x21 returned 0 after 13 usecs
[    9.728790] calling  spi_transport_init+0x0/0x74 @ 1
[    9.738479] initcall spi_transport_init+0x0/0x74 returned 0 after 279 usecs
[    9.749651] calling  init_sd+0x0/0x18c @ 1
[    9.757309] initcall init_sd+0x0/0x18c returned 0 after 996 usecs
[    9.767215] calling  init_sr+0x0/0x43 @ 1
[    9.773783] initcall init_sr+0x0/0x43 returned 0 after 42 usecs
[    9.782844] calling  init_sg+0x0/0x1c0 @ 1
[    9.788771] initcall init_sg+0x0/0x1c0 returned 0 after 119 usecs
[    9.797905] calling  ahci_pci_driver_init+0x0/0x15 @ 1
[    9.808561] ahci 0000:00:1f.2: version 3.0
[    9.828007] PCI Interrupt Link [GSIA] enabled at IRQ 16
[    9.868590] ahci 0000:00:1f.2: AHCI 0001.0000 32 slots 6 ports 1.5 Gbps 0x3f impl SATA mode
[    9.882038] ahci 0000:00:1f.2: flags: 64bit ncq only 
[    9.916729] scsi host0: ahci
[    9.928557] scsi host1: ahci
[    9.937328] scsi host2: ahci
[    9.944333] scsi host3: ahci
[    9.950898] scsi host4: ahci
[    9.958392] scsi host5: ahci
[    9.965237] ata1: SATA max UDMA/133 abar m4096@0xfebf1000 port 0xfebf1100 irq 24
[    9.977823] ata2: SATA max UDMA/133 abar m4096@0xfebf1000 port 0xfebf1180 irq 24
[    9.990010] ata3: SATA max UDMA/133 abar m4096@0xfebf1000 port 0xfebf1200 irq 24
[   10.001945] ata4: SATA max UDMA/133 abar m4096@0xfebf1000 port 0xfebf1280 irq 24
[   10.014303] ata5: SATA max UDMA/133 abar m4096@0xfebf1000 port 0xfebf1300 irq 24
[   10.026339] ata6: SATA max UDMA/133 abar m4096@0xfebf1000 port 0xfebf1380 irq 24
[   10.040466] initcall ahci_pci_driver_init+0x0/0x15 returned 0 after 227840 usecs
[   10.056566] calling  piix_init+0x0/0x26 @ 1
[   10.065854] initcall piix_init+0x0/0x26 returned 0 after 1657 usecs
[   10.077023] calling  amd_pci_driver_init+0x0/0x15 @ 1
[   10.085239] initcall amd_pci_driver_init+0x0/0x15 returned 0 after 42 usecs
[   10.098002] calling  oldpiix_pci_driver_init+0x0/0x15 @ 1
[   10.107562] initcall oldpiix_pci_driver_init+0x0/0x15 returned 0 after 364 usecs
[   10.120281] calling  sch_pci_driver_init+0x0/0x15 @ 1
[   10.128931] initcall sch_pci_driver_init+0x0/0x15 returned 0 after 80 usecs
[   10.140454] calling  net_olddevs_init+0x0/0x55 @ 1
[   10.149810] initcall net_olddevs_init+0x0/0x55 returned 0 after 1468 usecs
[   10.160986] calling  blackhole_netdev_init+0x0/0x78 @ 1
[   10.170844] initcall blackhole_netdev_init+0x0/0x78 returned 0 after 1455 usecs
[   10.182889] calling  phy_module_init+0x0/0x13 @ 1
[   10.191393] initcall phy_module_init+0x0/0x13 returned 0 after 690 usecs
[   10.202692] calling  tg3_driver_init+0x0/0x15 @ 1
[   10.210421] initcall tg3_driver_init+0x0/0x15 returned 0 after 107 usecs
[   10.221791] calling  e100_init_module+0x0/0x4c @ 1
[   10.229701] e100: Intel(R) PRO/100 Network Driver
[   10.237789] e100: Copyright(c) 1999-2006 Intel Corporation
[   10.247511] initcall e100_init_module+0x0/0x4c returned 0 after 17499 usecs
[   10.259358] calling  e1000_init_module+0x0/0x72 @ 1
[   10.268192] e1000: Intel(R) PRO/1000 Network Driver
[   10.277587] e1000: Copyright (c) 1999-2006 Intel Corporation.
[   10.288193] initcall e1000_init_module+0x0/0x72 returned 0 after 20173 usecs
[   10.300404] calling  e1000_init_module+0x0/0x2d @ 1
[   10.309506] e1000e: Intel(R) PRO/1000 Network Driver
[   10.318630] e1000e: Copyright(c) 1999 - 2015 Intel Corporation.
[   10.331119] initcall e1000_init_module+0x0/0x2d returned 0 after 22010 usecs
[   10.342634] calling  sky2_init_module+0x0/0x21 @ 1
[   10.350868] sky2: driver version 1.30
[   10.358364] initcall sky2_init_module+0x0/0x21 returned 0 after 8031 usecs
[   10.372423] ata1: SATA link down (SStatus 0 SControl 300)
[   10.381174] calling  forcedeth_pci_driver_init+0x0/0x15 @ 1
[   10.395261] ata3: SATA link up 1.5 Gbps (SStatus 113 SControl 300)
[   10.406692] initcall forcedeth_pci_driver_init+0x0/0x15 returned 0 after 15193 usecs
[   10.425799] ata2: SATA link down (SStatus 0 SControl 300)
[   10.435427] calling  rtl8139_init_module+0x0/0x15 @ 1
[   10.448819] ata4: SATA link down (SStatus 0 SControl 300)
[   10.457560] initcall rtl8139_init_module+0x0/0x15 returned 0 after 15112 usecs
[   10.472299] ata6: SATA link down (SStatus 0 SControl 300)
[   10.479860] calling  rtl8169_pci_driver_init+0x0/0x15 @ 1
[   10.483777] ata5: SATA link down (SStatus 0 SControl 300)
[   10.481816] initcall rtl8169_pci_driver_init+0x0/0x15 returned 0 after 147 usecs
[   10.481816] calling  cdrom_init+0x0/0xc @ 1
[   10.481816] initcall cdrom_init+0x0/0xc returned 0 after 225 usecs
[   10.500369] ata3.00: ATAPI: QEMU DVD-ROM, 2.5+, max UDMA/100
[   10.481816] calling  nonstatic_sysfs_init+0x0/0xc @ 1
[   10.481816] initcall nonstatic_sysfs_init+0x0/0xc returned 0 after 166 usecs
[   10.481816] calling  yenta_cardbus_driver_init+0x0/0x15 @ 1
[   10.481816] initcall yenta_cardbus_driver_init+0x0/0x15 returned 0 after 572 usecs
[   10.518526] ata3.00: applying bridge limits
[   10.481816] calling  mon_init+0x0/0x12d @ 1
[   10.594697] initcall mon_init+0x0/0x12d returned 0 after 64635 usecs
[   10.597177] ata3.00: configured for UDMA/100
[   10.604391] calling  ehci_hcd_init+0x0/0x56 @ 1
[   10.618420] ehci_hcd: USB 2.0 'Enhanced' Host Controller (EHCI) Driver
[   10.633775] initcall ehci_hcd_init+0x0/0x56 returned 0 after 15269 usecs
[   10.635428] scsi 2:0:0:0: CD-ROM            QEMU     QEMU DVD-ROM     2.5+ PQ: 0 ANSI: 5
[   10.644227] calling  ehci_pci_init+0x0/0x64 @ 1
[   10.664278] ehci-pci: EHCI PCI platform driver
[   10.672552] initcall ehci_pci_init+0x0/0x64 returned 0 after 8092 usecs
[   10.683470] calling  ohci_hcd_mod_init+0x0/0x4e @ 1
[   10.692403] ohci_hcd: USB 1.1 'Open' Host Controller (OHCI) Driver
[   10.703986] initcall ohci_hcd_mod_init+0x0/0x4e returned 0 after 11408 usecs
[   10.707068] sr 2:0:0:0: [sr0] scsi3-mmc drive: 4x/4x cd/rw xa/form2 tray
[   10.715801] calling  ohci_pci_init+0x0/0x64 @ 1
[   10.728024] cdrom: Uniform CD-ROM driver Revision: 3.20
[   10.735715] ohci-pci: OHCI PCI platform driver
[   10.753873] initcall ohci_pci_init+0x0/0x64 returned 0 after 17745 usecs
[   10.766417] calling  uhci_hcd_init+0x0/0xa8 @ 1
[   10.775725] uhci_hcd: USB Universal Host Controller Interface driver
[   10.793601] initcall uhci_hcd_init+0x0/0xa8 returned 0 after 17472 usecs
[   10.804837] calling  xhci_hcd_init+0x0/0x1e @ 1
[   10.814104] initcall xhci_hcd_init+0x0/0x1e returned 0 after 854 usecs
[   10.824731] calling  xhci_pci_init+0x0/0x49 @ 1
[   10.831904] sr 2:0:0:0: Attached scsi CD-ROM sr0
[   10.835031] initcall xhci_pci_init+0x0/0x49 returned 0 after 1138 usecs
[   10.842325] sr 2:0:0:0: Attached scsi generic sg0 type 5
[   10.841809] calling  usblp_driver_init+0x0/0x15 @ 1
[   10.870576] usbcore: registered new interface driver usblp
[   10.880866] initcall usblp_driver_init+0x0/0x15 returned 0 after 10946 usecs
[   10.893982] calling  usb_storage_driver_init+0x0/0x2a @ 1
[   10.904721] usbcore: registered new interface driver usb-storage
[   10.916127] initcall usb_storage_driver_init+0x0/0x2a returned 0 after 11269 usecs
[   10.928685] calling  i8042_init+0x0/0x4c2 @ 1
[   10.936772] i8042: PNP: PS/2 Controller [PNP0303:KBD,PNP0f13:MOU] at 0x60,0x64 irq 1,12
[   10.971551] serio: i8042 KBD port at 0x60,0x64 irq 1
[   10.980703] serio: i8042 AUX port at 0x60,0x64 irq 12
[   10.989737] initcall i8042_init+0x0/0x4c2 returned 0 after 52018 usecs
[   11.002060] calling  serport_init+0x0/0x2c @ 1
[   11.010877] initcall serport_init+0x0/0x2c returned 0 after 1 usecs
[   11.022401] calling  input_leds_init+0x0/0xc @ 1
[   11.031898] initcall input_leds_init+0x0/0xc returned 0 after 84 usecs
[   11.044214] calling  evdev_init+0x0/0xc @ 1
[   11.052982] initcall evdev_init+0x0/0xc returned 0 after 189 usecs
[   11.064247] calling  atkbd_init+0x0/0x21 @ 1
[   11.075892] initcall atkbd_init+0x0/0x21 returned 0 after 3572 usecs
[   11.076446] input: AT Translated Set 2 keyboard as /devices/platform/i8042/serio0/input/input1
[   11.088320] calling  psmouse_init+0x0/0x7f @ 1
[   11.112740] initcall psmouse_init+0x0/0x7f returned 0 after 723 usecs
[   11.126595] calling  cmos_init+0x0/0x73 @ 1
[   11.142277] rtc_cmos 00:04: RTC can wake from S4
[   11.162696] rtc_cmos 00:04: registered as rtc0
[   11.172564] rtc_cmos 00:04: alarms up to one day, y3k, 242 bytes nvram, hpet irqs
[   11.187055] initcall cmos_init+0x0/0x73 returned 0 after 49905 usecs
[   11.198904] calling  smbalert_driver_init+0x0/0xe @ 1
[   11.220533] initcall smbalert_driver_init+0x0/0xe returned 0 after 203 usecs
[   11.234603] calling  i2c_i801_init+0x0/0xc5 @ 1
[   11.257536] i801_smbus 0000:00:1f.3: SMBus using PCI interrupt
[   11.273350] i2c i2c-0: 1/1 memory slots populated (from DMI)
[   11.284467] i2c i2c-0: Memory type 0x07 not supported yet, not instantiating SPD
[   11.298014] initcall i2c_i801_init+0x0/0xc5 returned 0 after 51714 usecs
[   11.309587] calling  ptp_kvm_init+0x0/0xf0 @ 1
[   11.320788] initcall ptp_kvm_init+0x0/0xf0 returned 0 after 874 usecs
[   11.332024] calling  dm_init+0x0/0x3c @ 1
[   11.344061] device-mapper: ioctl: 4.43.0-ioctl (2020-10-01) initialised: dm-devel@redhat.com
[   11.357990] initcall dm_init+0x0/0x3c returned 0 after 16903 usecs
[   11.368580] calling  dm_mirror_init+0x0/0x29 @ 1
[   11.377905] initcall dm_mirror_init+0x0/0x29 returned 0 after 375 usecs
[   11.390635] calling  dm_dirty_log_init+0x0/0x4f @ 1
[   11.402381] initcall dm_dirty_log_init+0x0/0x4f returned 0 after 460 usecs
[   11.415466] calling  dm_zero_init+0x0/0x29 @ 1
[   11.424067] initcall dm_zero_init+0x0/0x29 returned 0 after 237 usecs
[   11.435704] calling  intel_pstate_init+0x0/0x510 @ 1
[   11.445490] intel_pstate: CPU model not supported
[   11.455732] initcall intel_pstate_init+0x0/0x510 returned -19 after 10519 usecs
[   11.468265] calling  haltpoll_init+0x0/0xc0 @ 1
[   11.477475] initcall haltpoll_init+0x0/0xc0 returned -19 after 90 usecs
[   11.489085] calling  efivars_sysfs_init+0x0/0x30 @ 1
[   11.498421] initcall efivars_sysfs_init+0x0/0x30 returned 0 after 67 usecs
[   11.509947] calling  esrt_sysfs_init+0x0/0x2a2 @ 1
[   11.521600] initcall esrt_sysfs_init+0x0/0x2a2 returned -38 after 205 usecs
[   11.532738] calling  hid_init+0x0/0x5c @ 1
[   11.540505] hid: raw HID events driver (C) Jiri Kosina
[   11.549309] initcall hid_init+0x0/0x5c returned 0 after 8848 usecs
[   11.560343] calling  hid_generic_init+0x0/0x15 @ 1
[   11.568641] initcall hid_generic_init+0x0/0x15 returned 0 after 305 usecs
[   11.580162] calling  a4_driver_init+0x0/0x15 @ 1
[   11.588050] initcall a4_driver_init+0x0/0x15 returned 0 after 28 usecs
[   11.599038] calling  apple_driver_init+0x0/0x15 @ 1
[   11.606909] initcall apple_driver_init+0x0/0x15 returned 0 after 116 usecs
[   11.617651] calling  belkin_driver_init+0x0/0x15 @ 1
[   11.625096] initcall belkin_driver_init+0x0/0x15 returned 0 after 22 usecs
[   11.637412] calling  ch_driver_init+0x0/0x15 @ 1
[   11.645318] initcall ch_driver_init+0x0/0x15 returned 0 after 24 usecs
[   11.658929] calling  ch_driver_init+0x0/0x15 @ 1
[   11.667815] initcall ch_driver_init+0x0/0x15 returned 0 after 28 usecs
[   11.679338] calling  cp_driver_init+0x0/0x15 @ 1
[   11.688454] initcall cp_driver_init+0x0/0x15 returned 0 after 2537 usecs
[   11.699349] calling  ez_driver_init+0x0/0x15 @ 1
[   11.707564] initcall ez_driver_init+0x0/0x15 returned 0 after 273 usecs
[   11.718439] calling  gyration_driver_init+0x0/0x15 @ 1
[   11.727567] initcall gyration_driver_init+0x0/0x15 returned 0 after 425 usecs
[   11.739429] calling  ite_driver_init+0x0/0x15 @ 1
[   11.746703] initcall ite_driver_init+0x0/0x15 returned 0 after 234 usecs
[   11.756797] calling  ks_driver_init+0x0/0x15 @ 1
[   11.764437] initcall ks_driver_init+0x0/0x15 returned 0 after 390 usecs
[   11.774473] calling  lg_driver_init+0x0/0x15 @ 1
[   11.782280] initcall lg_driver_init+0x0/0x15 returned 0 after 308 usecs
[   11.795047] calling  lg_g15_driver_init+0x0/0x15 @ 1
[   11.802560] initcall lg_g15_driver_init+0x0/0x15 returned 0 after 346 usecs
[   11.812399] calling  ms_driver_init+0x0/0x15 @ 1
[   11.819368] initcall ms_driver_init+0x0/0x15 returned 0 after 22 usecs
[   11.830141] calling  mr_driver_init+0x0/0x15 @ 1
[   11.837586] initcall mr_driver_init+0x0/0x15 returned 0 after 23 usecs
[   11.848320] calling  ntrig_driver_init+0x0/0x15 @ 1
[   11.856256] initcall ntrig_driver_init+0x0/0x15 returned 0 after 42 usecs
[   11.866848] calling  pl_driver_init+0x0/0x15 @ 1
[   11.874363] initcall pl_driver_init+0x0/0x15 returned 0 after 29 usecs
[   11.884986] calling  pl_driver_init+0x0/0x15 @ 1
[   11.892239] initcall pl_driver_init+0x0/0x15 returned 0 after 22 usecs
[   11.902559] calling  redragon_driver_init+0x0/0x15 @ 1
[   11.910889] initcall redragon_driver_init+0x0/0x15 returned 0 after 57 usecs
[   11.922024] calling  samsung_driver_init+0x0/0x15 @ 1
[   11.930200] initcall samsung_driver_init+0x0/0x15 returned 0 after 23 usecs
[   11.941843] calling  sony_init+0x0/0x38 @ 1
[   11.948686] initcall sony_init+0x0/0x38 returned 0 after 120 usecs
[   11.958841] calling  sp_driver_init+0x0/0x15 @ 1
[   11.966249] initcall sp_driver_init+0x0/0x15 returned 0 after 28 usecs
[   11.976761] calling  ts_driver_init+0x0/0x15 @ 1
[   11.985228] initcall ts_driver_init+0x0/0x15 returned 0 after 27 usecs
[   11.996630] calling  hid_init+0x0/0x58 @ 1
[   12.002438] usbcore: registered new interface driver usbhid
[   12.010310] usbhid: USB HID core driver
[   12.031854] initcall hid_init+0x0/0x58 returned 0 after 28779 usecs
[   12.041367] calling  eeepc_laptop_init+0x0/0x57 @ 1
[   12.049273] initcall eeepc_laptop_init+0x0/0x57 returned -19 after 386 usecs
[   12.060567] calling  pmc_atom_init+0x0/0x27a @ 1
[   12.068297] initcall pmc_atom_init+0x0/0x27a returned -19 after 335 usecs
[   12.079461] calling  alsa_hwdep_init+0x0/0x5e @ 1
[   12.088582] initcall alsa_hwdep_init+0x0/0x5e returned 0 after 1101 usecs
[   12.099614] calling  alsa_timer_init+0x0/0x1f0 @ 1
[   12.108023] initcall alsa_timer_init+0x0/0x1f0 returned 0 after 677 usecs
[   12.118155] calling  snd_hrtimer_init+0x0/0x117 @ 1
[   12.125596] initcall snd_hrtimer_init+0x0/0x117 returned 0 after 229 usecs
[   12.135421] calling  alsa_pcm_init+0x0/0x64 @ 1
[   12.142791] initcall alsa_pcm_init+0x0/0x64 returned 0 after 7 usecs
[   12.151479] calling  alsa_seq_init+0x0/0x4a @ 1
[   12.162261] initcall alsa_seq_init+0x0/0x4a returned 0 after 358 usecs
[   12.171480] calling  alsa_seq_dummy_init+0x0/0x9c @ 1
[   12.179972] initcall alsa_seq_dummy_init+0x0/0x9c returned 0 after 32 usecs
[   12.189344] calling  azx_driver_init+0x0/0x15 @ 1
[   12.196343] initcall azx_driver_init+0x0/0x15 returned 0 after 160 usecs
[   12.205710] calling  sock_diag_init+0x0/0x2a @ 1
[   12.212388] initcall sock_diag_init+0x0/0x2a returned 0 after 292 usecs
[   12.221057] calling  blackhole_init+0x0/0xc @ 1
[   12.226851] initcall blackhole_init+0x0/0xc returned 0 after 2 usecs
[   12.235435] calling  nfnetlink_init+0x0/0x57 @ 1
[   12.242583] initcall nfnetlink_init+0x0/0x57 returned 0 after 110 usecs
[   12.252680] calling  nfnetlink_log_init+0x0/0x99 @ 1
[   12.260508] initcall nfnetlink_log_init+0x0/0x99 returned 0 after 191 usecs
[   12.271202] calling  nf_conntrack_standalone_init+0x0/0x87 @ 1
[   12.281138] initcall nf_conntrack_standalone_init+0x0/0x87 returned 0 after 706 usecs
[   12.293195] calling  ctnetlink_init+0x0/0x83 @ 1
[   12.300453] initcall ctnetlink_init+0x0/0x83 returned 0 after 18 usecs
[   12.310289] calling  nf_conntrack_ftp_init+0x0/0x12c @ 1
[   12.318489] initcall nf_conntrack_ftp_init+0x0/0x12c returned 0 after 31 usecs
[   12.330007] calling  nf_conntrack_irc_init+0x0/0x129 @ 1
[   12.338789] initcall nf_conntrack_irc_init+0x0/0x129 returned 0 after 333 usecs
[   12.350388] calling  nf_conntrack_sip_init+0x0/0x172 @ 1
[   12.359306] initcall nf_conntrack_sip_init+0x0/0x172 returned 0 after 401 usecs
[   12.369669] calling  nf_nat_init+0x0/0xd2 @ 1
[   12.377817] initcall nf_nat_init+0x0/0xd2 returned 0 after 1965 usecs
[   12.386885] calling  nf_nat_ftp_init+0x0/0x2a @ 1
[   12.393994] initcall nf_nat_ftp_init+0x0/0x2a returned 0 after 240 usecs
[   12.404140] calling  nf_nat_irc_init+0x0/0x2a @ 1
[   12.411549] initcall nf_nat_irc_init+0x0/0x2a returned 0 after 243 usecs
[   12.421711] calling  nf_nat_sip_init+0x0/0x36 @ 1
[   12.429211] initcall nf_nat_sip_init+0x0/0x36 returned 0 after 355 usecs
[   12.439684] calling  xt_init+0x0/0xf8 @ 1
[   12.446632] initcall xt_init+0x0/0xf8 returned 0 after 264 usecs
[   12.458354] calling  tcpudp_mt_init+0x0/0x11 @ 1
[   12.481282] initcall tcpudp_mt_init+0x0/0x11 returned 0 after 303 usecs
[   12.490504] calling  connsecmark_tg_init+0x0/0xc @ 1
[   12.515130] initcall connsecmark_tg_init+0x0/0xc returned 0 after 1032 usecs
[   12.544212] calling  nflog_tg_init+0x0/0xc @ 1
[   12.551681] initcall nflog_tg_init+0x0/0xc returned 0 after 690 usecs
[   12.561575] calling  secmark_tg_init+0x0/0x11 @ 1
[   12.568805] initcall secmark_tg_init+0x0/0x11 returned 0 after 244 usecs
[   12.579301] calling  tcpmss_tg_init+0x0/0x11 @ 1
[   12.602160] initcall tcpmss_tg_init+0x0/0x11 returned 0 after 15174 usecs
[   12.604963] input: ImExPS/2 Generic Explorer Mouse as /devices/platform/i8042/serio1/input/input3
[   12.614189] calling  conntrack_mt_init+0x0/0x11 @ 1
[   12.634979] initcall conntrack_mt_init+0x0/0x11 returned 0 after 720 usecs
[   12.645562] calling  policy_mt_init+0x0/0x11 @ 1
[   12.660611] initcall policy_mt_init+0x0/0x11 returned 0 after 3101 usecs
[   12.670802] calling  state_mt_init+0x0/0xc @ 1
[   12.677570] initcall state_mt_init+0x0/0xc returned 0 after 176 usecs
[   12.690747] calling  gre_offload_init+0x0/0x48 @ 1
[   12.697720] initcall gre_offload_init+0x0/0x48 returned 0 after 273 usecs
[   12.710172] calling  sysctl_ipv4_init+0x0/0x46 @ 1
[   12.720564] initcall sysctl_ipv4_init+0x0/0x46 returned 0 after 2455 usecs
[   12.730660] calling  tunnel4_init+0x0/0x58 @ 1
[   12.737986] initcall tunnel4_init+0x0/0x58 returned 0 after 405 usecs
[   12.749263] calling  nf_defrag_init+0x0/0xc @ 1
