c[?7l[2J[0mSeaBIOS (version 1.16.0-debian-1.16.0-4)
Booting from ROM...
early console in setup code
c[?7l[2J[    0.000000] Linux version 5.10.157+ (root@joelboxx.c.googlers.com) (gcc (Debian 12.2.0-3) 12.2.0, GNU ld (GNU Binutils for Debian) 2.39) #12 SMP PREEMPT Tue Dec 13 03:39:10 UTC 2022
[    0.000000] Command line: selinux=0 initcall_debug debug console=ttyS0 rcutorture.torture_type=tasks rcutorture.onoff_interval=1000 rcutorture.onoff_holdoff=30 rcutorture.n_barrier_cbs=4 rcutorture.stat_interval=15 rcutorture.shutdown_secs=1800 rcutorture.test_no_idle_hz=1 rcutorture.verbose=1
[    0.000000] x86/fpu: x87 FPU will use FXSAVE
[    0.000000] BIOS-provided physical RAM map:
[    0.000000] BIOS-e820: [mem 0x0000000000000000-0x000000000009fbff] usable
[    0.000000] BIOS-e820: [mem 0x000000000009fc00-0x000000000009ffff] reserved
[    0.000000] BIOS-e820: [mem 0x00000000000f0000-0x00000000000fffff] reserved
[    0.000000] BIOS-e820: [mem 0x0000000000100000-0x000000001ffdefff] usable
[    0.000000] BIOS-e820: [mem 0x000000001ffdf000-0x000000001fffffff] reserved
[    0.000000] BIOS-e820: [mem 0x00000000b0000000-0x00000000bfffffff] reserved
[    0.000000] BIOS-e820: [mem 0x00000000fed1c000-0x00000000fed1ffff] reserved
[    0.000000] BIOS-e820: [mem 0x00000000feffc000-0x00000000feffffff] reserved
[    0.000000] BIOS-e820: [mem 0x00000000fffc0000-0x00000000ffffffff] reserved
[    0.000000] NX (Execute Disable) protection: active
[    0.000000] SMBIOS 2.8 present.
[    0.000000] DMI: QEMU Standard PC (Q35 + ICH9, 2009), BIOS 1.16.0-debian-1.16.0-4 04/01/2014
[    0.000000] Hypervisor detected: KVM
[    0.000000] kvm-clock: Using msrs 4b564d01 and 4b564d00
[    0.000000] kvm-clock: cpu 0, msr 15f29001, primary cpu clock
[    0.000156] kvm-clock: using sched offset of 3332895216 cycles
[    0.000582] clocksource: kvm-clock: mask: 0xffffffffffffffff max_cycles: 0x1cd42e4dffb, max_idle_ns: 881590591483 ns
[    0.000890] tsc: Detected 1999.999 MHz processor
[    0.008441] e820: update [mem 0x00000000-0x00000fff] usable ==> reserved
[    0.008451] e820: remove [mem 0x000a0000-0x000fffff] usable
[    0.008461] last_pfn = 0x1ffdf max_arch_pfn = 0x400000000
[    0.009324] MTRR default type: write-back
[    0.009389] MTRR fixed ranges enabled:
[    0.009392]   00000-9FFFF write-back
[    0.009394]   A0000-BFFFF uncachable
[    0.009397]   C0000-FFFFF write-protect
[    0.009399] MTRR variable ranges enabled:
[    0.009402]   0 base 00C0000000 mask FFC0000000 uncachable
[    0.009405]   1 disabled
[    0.009407]   2 disabled
[    0.009409]   3 disabled
[    0.009411]   4 disabled
[    0.009413]   5 disabled
[    0.009415]   6 disabled
[    0.009417]   7 disabled
[    0.009951] x86/PAT: Configuration [0-7]: WB  WC  UC- UC  WB  WC  UC- UC  
[    0.019293] found SMP MP-table at [mem 0x000f5ba0-0x000f5baf]
[    0.022626] check: Scanning 1 areas for low memory corruption
[    0.042443] ACPI: Early table checksum verification disabled
[    0.045075] ACPI: RSDP 0x00000000000F59E0 000014 (v00 BOCHS )
[    0.045431] ACPI: RSDT 0x000000001FFE22F5 000038 (v01 BOCHS  BXPC     00000001 BXPC 00000001)
[    0.045827] ACPI: FACP 0x000000001FFE20E5 0000F4 (v03 BOCHS  BXPC     00000001 BXPC 00000001)
[    0.045931] ACPI: DSDT 0x000000001FFE0040 0020A5 (v01 BOCHS  BXPC     00000001 BXPC 00000001)
[    0.045940] ACPI: FACS 0x000000001FFE0000 000040
[    0.045947] ACPI: APIC 0x000000001FFE21D9 000080 (v01 BOCHS  BXPC     00000001 BXPC 00000001)
[    0.046036] ACPI: HPET 0x000000001FFE2259 000038 (v01 BOCHS  BXPC     00000001 BXPC 00000001)
[    0.046044] ACPI: MCFG 0x000000001FFE2291 00003C (v01 BOCHS  BXPC     00000001 BXPC 00000001)
[    0.046051] ACPI: WAET 0x000000001FFE22CD 000028 (v01 BOCHS  BXPC     00000001 BXPC 00000001)
[    0.046058] ACPI: Reserving FACP table memory at [mem 0x1ffe20e5-0x1ffe21d8]
[    0.046061] ACPI: Reserving DSDT table memory at [mem 0x1ffe0040-0x1ffe20e4]
[    0.046064] ACPI: Reserving FACS table memory at [mem 0x1ffe0000-0x1ffe003f]
[    0.046067] ACPI: Reserving APIC table memory at [mem 0x1ffe21d9-0x1ffe2258]
[    0.046069] ACPI: Reserving HPET table memory at [mem 0x1ffe2259-0x1ffe2290]
[    0.046072] ACPI: Reserving MCFG table memory at [mem 0x1ffe2291-0x1ffe22cc]
[    0.046074] ACPI: Reserving WAET table memory at [mem 0x1ffe22cd-0x1ffe22f4]
[    0.047786] ACPI: Local APIC address 0xfee00000
[    0.053178] No NUMA configuration found
[    0.053184] Faking a node at [mem 0x0000000000000000-0x000000001ffdefff]
[    0.053339] NODE_DATA(0) allocated [mem 0x1ffdb000-0x1ffdefff]
[    0.054698] Zone ranges:
[    0.054790]   DMA      [mem 0x0000000000001000-0x0000000000ffffff]
[    0.054852]   DMA32    [mem 0x0000000001000000-0x000000001ffdefff]
[    0.054912]   Normal   empty
[    0.054915] Movable zone start for each node
[    0.054918] Early memory node ranges
[    0.054921]   node   0: [mem 0x0000000000001000-0x000000000009efff]
[    0.054960]   node   0: [mem 0x0000000000100000-0x000000001ffdefff]
[    0.055041] Initmem setup node 0 [mem 0x0000000000001000-0x000000001ffdefff]
[    0.055075] On node 0 totalpages: 130941
[    0.055197]   DMA zone: 64 pages used for memmap
[    0.055200]   DMA zone: 21 pages reserved
[    0.055202]   DMA zone: 3998 pages, LIFO batch:0
[    0.055205]   DMA32 zone: 1984 pages used for memmap
[    0.055207]   DMA32 zone: 126943 pages, LIFO batch:31
[    0.058456] On node 0, zone DMA: 1 pages in unavailable ranges
[    0.058481] On node 0, zone DMA: 97 pages in unavailable ranges
[    0.168954] On node 0, zone DMA32: 33 pages in unavailable ranges
[    0.172556] ACPI: PM-Timer IO Port: 0x608
[    0.172563] ACPI: Local APIC address 0xfee00000
[    0.173060] ACPI: LAPIC_NMI (acpi_id[0xff] dfl dfl lint[0x1])
[    0.174997] IOAPIC[0]: apic_id 0, version 17, address 0xfec00000, GSI 0-23
[    0.175007] ACPI: INT_SRC_OVR (bus 0 bus_irq 0 global_irq 2 dfl dfl)
[    0.175136] ACPI: INT_SRC_OVR (bus 0 bus_irq 5 global_irq 5 high level)
[    0.175139] ACPI: INT_SRC_OVR (bus 0 bus_irq 9 global_irq 9 high level)
[    0.175273] ACPI: INT_SRC_OVR (bus 0 bus_irq 10 global_irq 10 high level)
[    0.175275] ACPI: INT_SRC_OVR (bus 0 bus_irq 11 global_irq 11 high level)
[    0.175279] ACPI: IRQ0 used by override.
[    0.175282] ACPI: IRQ5 used by override.
[    0.175284] ACPI: IRQ9 used by override.
[    0.175287] ACPI: IRQ10 used by override.
[    0.175289] ACPI: IRQ11 used by override.
[    0.175331] Using ACPI (MADT) for SMP configuration information
[    0.175454] ACPI: HPET id: 0x8086a201 base: 0xfed00000
[    0.175921] smpboot: Allowing 2 CPUs, 0 hotplug CPUs
[    0.178895] PM: hibernation: Registered nosave memory: [mem 0x00000000-0x00000fff]
[    0.178899] PM: hibernation: Registered nosave memory: [mem 0x0009f000-0x0009ffff]
[    0.178902] PM: hibernation: Registered nosave memory: [mem 0x000a0000-0x000effff]
[    0.178904] PM: hibernation: Registered nosave memory: [mem 0x000f0000-0x000fffff]
[    0.178972] [mem 0x20000000-0xafffffff] available for PCI devices
[    0.179037] Booting paravirtualized kernel on KVM
[    0.179786] clocksource: refined-jiffies: mask: 0xffffffff max_cycles: 0xffffffff, max_idle_ns: 1910969940391419 ns
[    0.217236] setup_percpu: NR_CPUS:2 nr_cpumask_bits:2 nr_cpu_ids:2 nr_node_ids:1
[    0.226767] percpu: Embedded 58 pages/cpu s198480 r8192 d30896 u1048576
[    0.226816] pcpu-alloc: s198480 r8192 d30896 u1048576 alloc=1*2097152
[    0.226877] pcpu-alloc: [0] 0 1 
[    0.227314] kvm-guest: stealtime: cpu 0, msr 1f41bb40
[    0.229248] Built 1 zonelists, mobility grouping on.  Total pages: 128872
[    0.229253] Policy zone: DMA32
[    0.229334] Kernel command line: selinux=0 initcall_debug debug console=ttyS0 rcutorture.torture_type=tasks rcutorture.onoff_interval=1000 rcutorture.onoff_holdoff=30 rcutorture.n_barrier_cbs=4 rcutorture.stat_interval=15 rcutorture.shutdown_secs=1800 rcutorture.test_no_idle_hz=1 rcutorture.verbose=1
[    0.237735] Dentry cache hash table entries: 65536 (order: 7, 524288 bytes, linear)
[    0.237779] Inode-cache hash table entries: 32768 (order: 6, 262144 bytes, linear)
[    0.238643] mem auto-init: stack:all(zero), heap alloc:off, heap free:off
[    0.248513] Memory: 466776K/523764K available (16398K kernel code, 2805K rwdata, 4836K rodata, 1516K init, 13268K bss, 56728K reserved, 0K cma-reserved)
[    0.249846] SLUB: HWalign=64, Order=0-3, MinObjects=0, CPUs=2, Nodes=1
[    0.250402] Kernel/User page tables isolation: enabled
[    0.262683] Running RCU self tests
[    0.263217] rcu: Preemptible hierarchical RCU implementation.
[    0.263223] rcu: 	RCU event tracing is enabled.
[    0.263227] rcu: 	RCU lockdep checking is enabled.
[    0.263306] 	Trampoline variant of Tasks RCU enabled.
[    0.263310] 	Rude variant of Tasks RCU enabled.
[    0.263313] 	Tracing variant of Tasks RCU enabled.
[    0.263502] rcu: RCU calculated value of scheduler-enlistment delay is 100 jiffies.
[    0.285679] NR_IRQS: 4352, nr_irqs: 440, preallocated irqs: 16
[    0.291087] calling  con_init+0x0/0x24f @ 0
[    0.429269] Console: colour VGA+ 80x25
[    0.429359] initcall con_init+0x0/0x24f returned 0 after 0 usecs
[    0.429365] calling  hvc_console_init+0x0/0x13 @ 0
[    0.429433] initcall hvc_console_init+0x0/0x13 returned 0 after 0 usecs
[    0.429436] calling  univ8250_console_init+0x0/0x26 @ 0
[    1.327416] printk: console [ttyS0] enabled
[    1.332070] initcall univ8250_console_init+0x0/0x26 returned 0 after 0 usecs
[    1.339901] Lock dependency validator: Copyright (c) 2006 Red Hat, Inc., Ingo Molnar
[    1.348370] ... MAX_LOCKDEP_SUBCLASSES:  8
[    1.352928] ... MAX_LOCK_DEPTH:          48
[    1.357570] ... MAX_LOCKDEP_KEYS:        8192
[    1.362401] ... CLASSHASH_SIZE:          4096
[    1.367252] ... MAX_LOCKDEP_ENTRIES:     32768
[    1.372173] ... MAX_LOCKDEP_CHAINS:      65536
[    1.377160] ... CHAINHASH_SIZE:          32768
[    1.382087]  memory used by lock dependency info: 6365 kB
[    1.388010]  memory used for stack traces: 4224 kB
[    1.393247]  per task-struct memory footprint: 1920 bytes
[    1.399405] ACPI: Core revision 20200925
[    1.405629] clocksource: hpet: mask: 0xffffffff max_cycles: 0xffffffff, max_idle_ns: 19112604467 ns
[    1.417076] APIC: Switch to symmetric I/O mode setup
[    1.437428] ..TIMER: vector=0x30 apic1=0 pin1=2 apic2=-1 pin2=-1
[    1.444155] clocksource: tsc-early: mask: 0xffffffffffffffff max_cycles: 0x39a85afc727, max_idle_ns: 881590685098 ns
[    1.456525] Calibrating delay loop (skipped) preset value.. 3999.99 BogoMIPS (lpj=1999999)
[    1.457474] pid_max: default: 32768 minimum: 301
[    1.459647] LSM: Security Framework initializing
[    1.460628] Mount-cache hash table entries: 1024 (order: 1, 8192 bytes, linear)
[    1.461500] Mountpoint-cache hash table entries: 1024 (order: 1, 8192 bytes, linear)
[    1.469941] Last level iTLB entries: 4KB 0, 2MB 0, 4MB 0
[    1.470499] Last level dTLB entries: 4KB 0, 2MB 0, 4MB 0, 1GB 0
[    1.472569] Spectre V1 : Mitigation: usercopy/swapgs barriers and __user pointer sanitization
[    1.473474] Spectre V2 : Mitigation: Retpolines
[    1.474471] Spectre V2 : Spectre v2 / SpectreRSB mitigation: Filling RSB on context switch
[    1.475471] Spectre V2 : Spectre v2 / SpectreRSB : Filling RSB on VMEXIT
[    1.476471] Speculative Store Bypass: Vulnerable
[    1.477478] MDS: Vulnerable: Clear CPU buffers attempted, no microcode
[    1.478472] MMIO Stale Data: Unknown: No mitigations
[    1.549964] Freeing SMP alternatives memory: 40K
[    1.655465] smpboot: CPU0: Intel Common KVM processor (family: 0xf, model: 0x6, stepping: 0x1)
[    1.658248] calling  init_hw_perf_events+0x0/0x6ce @ 1
[    1.658506] Performance Events: unsupported Netburst CPU model 6 no PMU driver, software events only.
[    1.659480] initcall init_hw_perf_events+0x0/0x6ce returned 0 after 976 usecs
[    1.660479] calling  init_real_mode+0x0/0x1e9 @ 1
[    1.662000] initcall init_real_mode+0x0/0x1e9 returned 0 after 0 usecs
[    1.662476] calling  trace_init_perf_perm_irq_work_exit+0x0/0x12 @ 1
[    1.663477] initcall trace_init_perf_perm_irq_work_exit+0x0/0x12 returned 0 after 0 usecs
[    1.664497] calling  validate_x2apic+0x0/0x4a @ 1
[    1.665499] initcall validate_x2apic+0x0/0x4a returned 0 after 0 usecs
[    1.666477] calling  register_nmi_cpu_backtrace_handler+0x0/0x15 @ 1
[    1.667494] initcall register_nmi_cpu_backtrace_handler+0x0/0x15 returned 0 after 0 usecs
[    1.668477] calling  kvm_setup_vsyscall_timeinfo+0x0/0xd1 @ 1
[    1.669477] initcall kvm_setup_vsyscall_timeinfo+0x0/0xd1 returned 0 after 0 usecs
[    1.670488] calling  spawn_ksoftirqd+0x0/0x38 @ 1
[    1.671797] initcall spawn_ksoftirqd+0x0/0x38 returned 0 after 0 usecs
[    1.674478] calling  migration_init+0x0/0x31 @ 1
[    1.675496] initcall migration_init+0x0/0x31 returned 0 after 0 usecs
[    1.676482] calling  srcu_bootup_announce+0x0/0x2f @ 1
[    1.677475] rcu: Hierarchical SRCU implementation.
[    1.678477] initcall srcu_bootup_announce+0x0/0x2f returned 0 after 976 usecs
[    1.679476] calling  rcu_spawn_gp_kthread+0x0/0x1b0 @ 1
[    1.681596] initcall rcu_spawn_gp_kthread+0x0/0x1b0 returned 0 after 976 usecs
[    1.682476] calling  check_cpu_stall_init+0x0/0x1a @ 1
[    1.683476] initcall check_cpu_stall_init+0x0/0x1a returned 0 after 0 usecs
[    1.684476] calling  rcu_sysrq_init+0x0/0x21 @ 1
[    1.685529] initcall rcu_sysrq_init+0x0/0x21 returned 0 after 0 usecs
[    1.686546] calling  trace_init_flags_sys_enter+0x0/0xe @ 1
[    1.687495] initcall trace_init_flags_sys_enter+0x0/0xe returned 0 after 0 usecs
[    1.688475] calling  trace_init_flags_sys_exit+0x0/0xe @ 1
[    1.689477] initcall trace_init_flags_sys_exit+0x0/0xe returned 0 after 0 usecs
[    1.690475] calling  cpu_stop_init+0x0/0x8d @ 1
[    1.692731] initcall cpu_stop_init+0x0/0x8d returned 0 after 0 usecs
[    1.693489] calling  init_kprobes+0x0/0x16e @ 1
[    1.696264] initcall init_kprobes+0x0/0x16e returned 0 after 976 usecs
[    1.696475] calling  init_events+0x0/0x3d @ 1
[    1.698484] initcall init_events+0x0/0x3d returned 0 after 976 usecs
[    1.699474] calling  init_trace_printk+0x0/0xc @ 1
[    1.700476] initcall init_trace_printk+0x0/0xc returned 0 after 0 usecs
[    1.701479] calling  event_trace_enable_again+0x0/0x23 @ 1
[    1.702519] initcall event_trace_enable_again+0x0/0x23 returned 0 after 0 usecs
[    1.704480] calling  static_call_init+0x0/0x79 @ 1
[    1.705480] initcall static_call_init+0x0/0x79 returned 0 after 0 usecs
[    1.706478] calling  jump_label_init_module+0x0/0xc @ 1
[    1.707478] initcall jump_label_init_module+0x0/0xc returned 0 after 0 usecs
[    1.708475] calling  init_zero_pfn+0x0/0x37 @ 1
[    1.709474] initcall init_zero_pfn+0x0/0x37 returned 0 after 0 usecs
[    1.710501] calling  initialize_ptr_random+0x0/0x54 @ 1
[    1.711538] initcall initialize_ptr_random+0x0/0x54 returned 0 after 0 usecs
[    1.712490] calling  efi_memreserve_root_init+0x0/0x25 @ 1
[    1.713538] initcall efi_memreserve_root_init+0x0/0x25 returned 0 after 0 usecs
[    1.714476] calling  efi_earlycon_remap_fb+0x0/0x51 @ 1
[    1.715475] initcall efi_earlycon_remap_fb+0x0/0x51 returned 0 after 0 usecs
[    1.716920] smp: Bringing up secondary CPUs ...
[    1.720072] x86: Booting SMP configuration:
[    1.720488] .... node  #0, CPUs:      #1
[    1.165199] kvm-clock: cpu 1, msr 15f29041, secondary cpu clock
[    1.746847] kvm-guest: stealtime: cpu 1, msr 1f51bb40
[    1.762103] smp: Brought up 1 node, 2 CPUs
[    1.762501] smpboot: Max logical packages: 1
[    1.763477] smpboot: Total of 2 processors activated (7999.99 BogoMIPS)
[    1.778203] devtmpfs: initialized
[    1.783621] calling  ipc_ns_init+0x0/0x3d @ 1
[    1.789545] initcall ipc_ns_init+0x0/0x3d returned 0 after 0 usecs
[    1.796480] calling  init_mmap_min_addr+0x0/0x21 @ 1
[    1.803481] initcall init_mmap_min_addr+0x0/0x21 returned 0 after 0 usecs
[    1.812478] calling  pci_realloc_setup_params+0x0/0x3f @ 1
[    1.819478] initcall pci_realloc_setup_params+0x0/0x3f returned 0 after 0 usecs
[    1.827479] calling  net_ns_init+0x0/0x140 @ 1
[    1.836129] initcall net_ns_init+0x0/0x140 returned 0 after 1953 usecs
[    1.836520] calling  e820__register_nvs_regions+0x0/0x37 @ 1
[    1.837484] initcall e820__register_nvs_regions+0x0/0x37 returned 0 after 0 usecs
[    1.838478] calling  cpufreq_register_tsc_scaling+0x0/0x2e @ 1
[    1.840478] initcall cpufreq_register_tsc_scaling+0x0/0x2e returned 0 after 0 usecs
[    1.841495] calling  reboot_init+0x0/0x3c @ 1
[    1.843491] initcall reboot_init+0x0/0x3c returned 0 after 976 usecs
[    1.844478] calling  init_lapic_sysfs+0x0/0x20 @ 1
[    1.845491] initcall init_lapic_sysfs+0x0/0x20 returned 0 after 0 usecs
[    1.846479] calling  alloc_frozen_cpus+0x0/0x7 @ 1
[    1.847477] initcall alloc_frozen_cpus+0x0/0x7 returned 0 after 0 usecs
[    1.848483] calling  cpu_hotplug_pm_sync_init+0x0/0x13 @ 1
[    1.849514] initcall cpu_hotplug_pm_sync_init+0x0/0x13 returned 0 after 0 usecs
[    1.850483] calling  wq_sysfs_init+0x0/0x2a @ 1
[    1.851675] initcall wq_sysfs_init+0x0/0x2a returned 0 after 0 usecs
[    1.852487] calling  ksysfs_init+0x0/0x92 @ 1
[    1.853537] initcall ksysfs_init+0x0/0x92 returned 0 after 0 usecs
[    1.854479] calling  schedutil_gov_init+0x0/0xc @ 1
[    1.855576] initcall schedutil_gov_init+0x0/0xc returned 0 after 0 usecs
[    1.856476] calling  pm_init+0x0/0x76 @ 1
[    1.857607] initcall pm_init+0x0/0x76 returned 0 after 0 usecs
[    1.858479] calling  pm_disk_init+0x0/0x13 @ 1
[    1.859523] initcall pm_disk_init+0x0/0x13 returned 0 after 0 usecs
[    1.860476] calling  swsusp_header_init+0x0/0x2b @ 1
[    1.861478] initcall swsusp_header_init+0x0/0x2b returned 0 after 0 usecs
[    1.862475] calling  rcu_set_runtime_mode+0x0/0x2a @ 1
[    1.864618] initcall rcu_set_runtime_mode+0x0/0x2a returned 0 after 976 usecs
[    1.865485] calling  init_jiffies_clocksource+0x0/0x13 @ 1
[    1.866475] clocksource: jiffies: mask: 0xffffffff max_cycles: 0xffffffff, max_idle_ns: 1911260446275000 ns
[    1.867481] initcall init_jiffies_clocksource+0x0/0x13 returned 0 after 976 usecs
[    1.868479] calling  futex_init+0x0/0x11b @ 1
[    1.869480] futex hash table entries: 512 (order: 4, 65536 bytes, linear)
[    1.871474] initcall futex_init+0x0/0x11b returned 0 after 1953 usecs
[    1.872476] calling  cgroup_wq_init+0x0/0x28 @ 1
[    1.873496] initcall cgroup_wq_init+0x0/0x28 returned 0 after 0 usecs
[    1.874478] calling  cgroup1_wq_init+0x0/0x28 @ 1
[    1.875486] initcall cgroup1_wq_init+0x0/0x28 returned 0 after 0 usecs
[    1.876476] calling  init_kprobe_trace_early+0x0/0x2a @ 1
[    1.877550] initcall init_kprobe_trace_early+0x0/0x2a returned 0 after 0 usecs
[    1.878480] calling  fsnotify_init+0x0/0x56 @ 1
[    1.880498] initcall fsnotify_init+0x0/0x56 returned 0 after 0 usecs
[    1.881476] calling  filelock_init+0x0/0xb3 @ 1
[    1.882493] initcall filelock_init+0x0/0xb3 returned 0 after 0 usecs
[    1.883475] calling  init_misc_binfmt+0x0/0x2c @ 1
[    1.884520] initcall init_misc_binfmt+0x0/0x2c returned 0 after 0 usecs
[    1.885475] calling  init_script_binfmt+0x0/0x15 @ 1
[    1.886498] initcall init_script_binfmt+0x0/0x15 returned 0 after 0 usecs
[    1.887478] calling  init_elf_binfmt+0x0/0x15 @ 1
[    1.888482] initcall init_elf_binfmt+0x0/0x15 returned 0 after 0 usecs
[    1.889482] calling  init_compat_elf_binfmt+0x0/0x15 @ 1
[    1.890484] initcall init_compat_elf_binfmt+0x0/0x15 returned 0 after 0 usecs
[    1.891488] calling  debugfs_init+0x0/0x5c @ 1
[    1.892519] initcall debugfs_init+0x0/0x5c returned 0 after 0 usecs
[    1.893478] calling  tracefs_init+0x0/0x3a @ 1
[    1.894493] initcall tracefs_init+0x0/0x3a returned 0 after 0 usecs
[    1.895479] calling  prandom_init_early+0x0/0x15d @ 1
[    1.896482] initcall prandom_init_early+0x0/0x15d returned 0 after 0 usecs
[    1.897537] calling  virtio_init+0x0/0x20 @ 1
[    1.899538] initcall virtio_init+0x0/0x20 returned 0 after 0 usecs
[    1.900477] calling  iommu_init+0x0/0x2a @ 1
[    1.901488] initcall iommu_init+0x0/0x2a returned 0 after 0 usecs
[    1.902485] calling  component_debug_init+0x0/0x1c @ 1
[    1.903781] initcall component_debug_init+0x0/0x1c returned 0 after 0 usecs
[    1.905475] calling  early_resume_init+0x0/0xb9 @ 1
[    1.907471] PM: RTC time: 03:48:46, date: 2022-12-13
[    1.908491] initcall early_resume_init+0x0/0xb9 returned 0 after 1953 usecs
[    1.909498] calling  cpufreq_core_init+0x0/0x62 @ 1
[    1.910495] initcall cpufreq_core_init+0x0/0x62 returned 0 after 0 usecs
[    1.911476] calling  cpufreq_gov_performance_init+0x0/0xc @ 1
[    1.912478] initcall cpufreq_gov_performance_init+0x0/0xc returned 0 after 0 usecs
[    1.913476] calling  cpufreq_gov_userspace_init+0x0/0xc @ 1
[    1.914482] initcall cpufreq_gov_userspace_init+0x0/0xc returned 0 after 0 usecs
[    1.915476] calling  CPU_FREQ_GOV_ONDEMAND_init+0x0/0xc @ 1
[    1.916495] initcall CPU_FREQ_GOV_ONDEMAND_init+0x0/0xc returned 0 after 0 usecs
[    1.917476] calling  cpuidle_init+0x0/0x1f @ 1
[    1.918511] initcall cpuidle_init+0x0/0x1f returned 0 after 0 usecs
[    1.919477] calling  capsule_reboot_register+0x0/0xc @ 1
[    1.920500] initcall capsule_reboot_register+0x0/0xc returned 0 after 0 usecs
[    1.921477] calling  sock_init+0x0/0x93 @ 1
[    1.924277] initcall sock_init+0x0/0x93 returned 0 after 976 usecs
[    1.924476] calling  net_inuse_init+0x0/0x23 @ 1
[    1.925515] initcall net_inuse_init+0x0/0x23 returned 0 after 0 usecs
[    1.926478] calling  net_defaults_init+0x0/0x23 @ 1
[    1.927481] initcall net_defaults_init+0x0/0x23 returned 0 after 0 usecs
[    1.928491] calling  init_default_flow_dissectors+0x0/0x4f @ 1
[    1.929658] initcall init_default_flow_dissectors+0x0/0x4f returned 0 after 0 usecs
[    1.930482] calling  netpoll_init+0x0/0x44 @ 1
[    1.932477] initcall netpoll_init+0x0/0x44 returned 0 after 0 usecs
[    1.933475] calling  netlink_proto_init+0x0/0x154 @ 1
[    1.934961] NET: Registered protocol family 16
[    1.935663] initcall netlink_proto_init+0x0/0x154 returned 0 after 976 usecs
[    1.936476] calling  genl_init+0x0/0x35 @ 1
[    1.937557] initcall genl_init+0x0/0x35 returned 0 after 0 usecs
[    1.938510] calling  bsp_pm_check_init+0x0/0x13 @ 1
[    1.940475] initcall bsp_pm_check_init+0x0/0x13 returned 0 after 0 usecs
[    1.941505] calling  irq_sysfs_init+0x0/0xb9 @ 1
[    1.943770] initcall irq_sysfs_init+0x0/0xb9 returned 0 after 976 usecs
[    1.944479] calling  audit_init+0x0/0x127 @ 1
[    1.945482] audit: initializing netlink subsys (disabled)
[    1.947542] initcall audit_init+0x0/0x127 returned 0 after 1953 usecs
[    1.947562] audit: type=2000 audit(1670903324.515:1): state=initialized audit_enabled=0 res=1
[    1.947542] calling  release_early_probes+0x0/0x32 @ 1
[    1.947542] initcall release_early_probes+0x0/0x32 returned 0 after 0 usecs
[    1.947542] calling  bdi_class_init+0x0/0x48 @ 1
[    1.947685] initcall bdi_class_init+0x0/0x48 returned 0 after 0 usecs
[    1.977482] calling  mm_sysfs_init+0x0/0x28 @ 1
[    1.982497] initcall mm_sysfs_init+0x0/0x28 returned 0 after 0 usecs
[    1.990479] calling  init_per_zone_wmark_min+0x0/0x6d @ 1
[    1.996535] initcall init_per_zone_wmark_min+0x0/0x6d returned 0 after 0 usecs
[    2.005478] calling  mpi_init+0x0/0x3e @ 1
[    2.010544] initcall mpi_init+0x0/0x3e returned 0 after 0 usecs
[    2.018476] calling  kobject_uevent_init+0x0/0xc @ 1
[    2.024590] initcall kobject_uevent_init+0x0/0xc returned 0 after 0 usecs
[    2.032477] calling  pcibus_class_init+0x0/0x13 @ 1
[    2.038552] initcall pcibus_class_init+0x0/0x13 returned 0 after 0 usecs
[    2.046475] calling  pci_driver_init+0x0/0x21 @ 1
[    2.052555] initcall pci_driver_init+0x0/0x21 returned 0 after 0 usecs
[    2.059493] calling  backlight_class_init+0x0/0xa8 @ 1
[    2.066533] initcall backlight_class_init+0x0/0xa8 returned 0 after 0 usecs
[    2.074490] calling  tty_class_init+0x0/0x33 @ 1
[    2.080507] initcall tty_class_init+0x0/0x33 returned 0 after 0 usecs
[    2.089482] calling  vtconsole_class_init+0x0/0xb5 @ 1
[    2.096747] initcall vtconsole_class_init+0x0/0xb5 returned 0 after 1953 usecs
[    2.108481] calling  iommu_dev_init+0x0/0x13 @ 1
[    2.114495] initcall iommu_dev_init+0x0/0x13 returned 0 after 0 usecs
[    2.121476] calling  mipi_dsi_bus_init+0x0/0xc @ 1
[    2.127500] initcall mipi_dsi_bus_init+0x0/0xc returned 0 after 0 usecs
[    2.135477] calling  devlink_class_init+0x0/0x40 @ 1
[    2.141548] initcall devlink_class_init+0x0/0x40 returned 0 after 0 usecs
[    2.149476] calling  software_node_init+0x0/0x2a @ 1
[    2.155485] initcall software_node_init+0x0/0x2a returned 0 after 0 usecs
[    2.163476] calling  wakeup_sources_debugfs_init+0x0/0x23 @ 1
[    2.170501] initcall wakeup_sources_debugfs_init+0x0/0x23 returned 0 after 0 usecs
[    2.178476] calling  wakeup_sources_sysfs_init+0x0/0x2c @ 1
[    2.185497] initcall wakeup_sources_sysfs_init+0x0/0x2c returned 0 after 0 usecs
[    2.194475] calling  register_node_type+0x0/0x13 @ 1
[    2.200498] initcall register_node_type+0x0/0x13 returned 0 after 0 usecs
[    2.209485] calling  regmap_initcall+0x0/0xc @ 1
[    2.214567] initcall regmap_initcall+0x0/0xc returned 0 after 0 usecs
[    2.222492] calling  i2c_init+0x0/0xb3 @ 1
[    2.227542] initcall i2c_init+0x0/0xb3 returned 0 after 0 usecs
[    2.234477] calling  thermal_init+0x0/0x116 @ 1
[    2.240553] thermal_sys: Registered thermal governor 'step_wise'
[    2.240557] thermal_sys: Registered thermal governor 'user_space'
[    2.246500] initcall thermal_init+0x0/0x116 returned 0 after 5859 usecs
[    2.262477] calling  init_menu+0x0/0xc @ 1
[    2.267613] cpuidle: using governor menu
[    2.272485] initcall init_menu+0x0/0xc returned 0 after 4882 usecs
[    2.279478] calling  pcc_init+0x0/0x4d @ 1
[    2.284524] initcall pcc_init+0x0/0x4d returned -19 after 0 usecs
[    2.292484] calling  amd_postcore_init+0x0/0x11e @ 1
[    2.299484] initcall amd_postcore_init+0x0/0x11e returned 0 after 0 usecs
[    2.308508] calling  bts_init+0x0/0xba @ 1
[    2.315487] initcall bts_init+0x0/0xba returned -19 after 0 usecs
[    2.323485] calling  pt_init+0x0/0x34d @ 1
[    2.328484] initcall pt_init+0x0/0x34d returned -19 after 0 usecs
[    2.335531] calling  boot_params_ksysfs_init+0x0/0x2ee @ 1
[    2.342594] initcall boot_params_ksysfs_init+0x0/0x2ee returned 0 after 0 usecs
[    2.351478] calling  sbf_init+0x0/0xea @ 1
[    2.356481] initcall sbf_init+0x0/0xea returned 0 after 0 usecs
[    2.363474] calling  arch_kdebugfs_init+0x0/0x219 @ 1
[    2.369549] initcall arch_kdebugfs_init+0x0/0x219 returned 0 after 0 usecs
[    2.378477] calling  intel_pconfig_init+0x0/0x85 @ 1
[    2.384478] initcall intel_pconfig_init+0x0/0x85 returned 0 after 0 usecs
[    2.392477] calling  mtrr_if_init+0x0/0x5d @ 1
[    2.397486] initcall mtrr_if_init+0x0/0x5d returned 0 after 0 usecs
[    2.405482] calling  activate_jump_labels+0x0/0x31 @ 1
[    2.411476] initcall activate_jump_labels+0x0/0x31 returned 0 after 0 usecs
[    2.419476] calling  ffh_cstate_init+0x0/0x29 @ 1
[    2.425483] initcall ffh_cstate_init+0x0/0x29 returned 0 after 0 usecs
[    2.433476] calling  activate_jump_labels+0x0/0x31 @ 1
[    2.439777] initcall activate_jump_labels+0x0/0x31 returned 0 after 976 usecs
[    2.448476] calling  kvm_alloc_cpumask+0x0/0x74 @ 1
[    2.454541] initcall kvm_alloc_cpumask+0x0/0x74 returned 0 after 0 usecs
[    2.462493] calling  kcmp_cookies_init+0x0/0x37 @ 1
[    2.468491] initcall kcmp_cookies_init+0x0/0x37 returned 0 after 0 usecs
[    2.476477] calling  cryptomgr_init+0x0/0xc @ 1
[    2.481574] initcall cryptomgr_init+0x0/0xc returned 0 after 976 usecs
[    2.488480] calling  acpi_pci_init+0x0/0x57 @ 1
[    2.493489] ACPI: bus type PCI registered
[    2.498477] initcall acpi_pci_init+0x0/0x57 returned 0 after 4882 usecs
[    2.507478] calling  dma_channel_table_init+0x0/0xd1 @ 1
[    2.513495] initcall dma_channel_table_init+0x0/0xd1 returned 0 after 0 usecs
[    2.522476] calling  dma_bus_init+0x0/0xdc @ 1
[    2.528580] initcall dma_bus_init+0x0/0xdc returned 0 after 0 usecs
[    2.536640] calling  iommu_dma_init+0x0/0x10 @ 1
[    2.542604] initcall iommu_dma_init+0x0/0x10 returned 0 after 0 usecs
[    2.551479] calling  dmi_id_init+0x0/0x37c @ 1
[    2.556805] initcall dmi_id_init+0x0/0x37c returned 0 after 976 usecs
[    2.565478] calling  pci_arch_init+0x0/0x71 @ 1
[    2.571594] PCI: MMCONFIG for domain 0000 [bus 00-ff] at [mem 0xb0000000-0xbfffffff] (base 0xb0000000)
[    2.583485] PCI: MMCONFIG at [mem 0xb0000000-0xbfffffff] reserved in E820
[    2.592594] PCI: Using configuration type 1 for base access
[    2.599627] initcall pci_arch_init+0x0/0x71 returned 0 after 28320 usecs
[    2.607499] calling  init_vdso+0x0/0x13 @ 1
[    2.613513] initcall init_vdso+0x0/0x13 returned 0 after 0 usecs
[    2.620476] calling  sysenter_setup+0x0/0x13 @ 1
[    2.626513] initcall sysenter_setup+0x0/0x13 returned 0 after 0 usecs
[    2.634476] calling  fixup_ht_bug+0x0/0xe5 @ 1
[    2.640476] initcall fixup_ht_bug+0x0/0xe5 returned 0 after 0 usecs
[    2.647476] calling  topology_init+0x0/0x88 @ 1
[    2.653935] initcall topology_init+0x0/0x88 returned 0 after 976 usecs
[    2.662485] calling  intel_epb_init+0x0/0x68 @ 1
[    2.668477] initcall intel_epb_init+0x0/0x68 returned -19 after 0 usecs
[    2.676479] calling  mtrr_init_finialize+0x0/0x3e @ 1
[    2.683481] initcall mtrr_init_finialize+0x0/0x3e returned 0 after 0 usecs
[    2.691482] calling  uid_cache_init+0x0/0x85 @ 1
[    2.697519] initcall uid_cache_init+0x0/0x85 returned 0 after 0 usecs
[    2.706481] calling  param_sysfs_init+0x0/0x1ba @ 1
[    2.727063] initcall param_sysfs_init+0x0/0x1ba returned 0 after 14648 usecs
[    2.736518] calling  user_namespace_sysctl_init+0x0/0x33 @ 1
[    2.743498] initcall user_namespace_sysctl_init+0x0/0x33 returned 0 after 0 usecs
[    2.752478] calling  proc_schedstat_init+0x0/0x24 @ 1
[    2.758487] initcall proc_schedstat_init+0x0/0x24 returned 0 after 0 usecs
[    2.767477] calling  pm_sysrq_init+0x0/0x18 @ 1
[    2.772570] initcall pm_sysrq_init+0x0/0x18 returned 0 after 0 usecs
[    2.780512] calling  create_proc_profile+0x0/0xd0 @ 1
[    2.787514] initcall create_proc_profile+0x0/0xd0 returned 0 after 0 usecs
[    2.795482] calling  time_ns_init+0x0/0x7 @ 1
[    2.801478] initcall time_ns_init+0x0/0x7 returned 0 after 0 usecs
[    2.808476] calling  crash_save_vmcoreinfo_init+0x0/0x722 @ 1
[    2.816626] initcall crash_save_vmcoreinfo_init+0x0/0x722 returned 0 after 0 usecs
[    2.825477] calling  crash_notes_memory_init+0x0/0x35 @ 1
[    2.832484] initcall crash_notes_memory_init+0x0/0x35 returned 0 after 0 usecs
[    2.841477] calling  cgroup_sysfs_init+0x0/0x13 @ 1
[    2.847766] initcall cgroup_sysfs_init+0x0/0x13 returned 0 after 0 usecs
[    2.856488] calling  cgroup_namespaces_init+0x0/0x7 @ 1
[    2.862483] initcall cgroup_namespaces_init+0x0/0x7 returned 0 after 0 usecs
[    2.871474] calling  init_optprobes+0x0/0x13 @ 1
[    2.877549] Kprobes globally optimized
[    2.882478] initcall init_optprobes+0x0/0x13 returned 0 after 4882 usecs
[    2.890479] calling  oom_init+0x0/0x2f @ 1
[    2.897660] initcall oom_init+0x0/0x2f returned 0 after 976 usecs
[    2.898483] calling  default_bdi_init+0x0/0xb3 @ 1
[    2.900690] initcall default_bdi_init+0x0/0xb3 returned 0 after 1953 usecs
[    2.909479] calling  percpu_enable_async+0x0/0xe @ 1
[    2.915477] initcall percpu_enable_async+0x0/0xe returned 0 after 0 usecs
[    2.924480] calling  kcompactd_init+0x0/0x8d @ 1
[    2.931690] initcall kcompactd_init+0x0/0x8d returned 0 after 976 usecs
[    2.932555] calling  init_user_reserve+0x0/0x40 @ 1
[    2.933476] initcall init_user_reserve+0x0/0x40 returned 0 after 0 usecs
[    2.934477] calling  init_admin_reserve+0x0/0x40 @ 1
[    2.935476] initcall init_admin_reserve+0x0/0x40 returned 0 after 0 usecs
[    2.936478] calling  init_reserve_notifier+0x0/0x7 @ 1
[    2.937477] initcall init_reserve_notifier+0x0/0x7 returned 0 after 0 usecs
[    2.938479] calling  swap_init_sysfs+0x0/0x62 @ 1
[    2.939497] initcall swap_init_sysfs+0x0/0x62 returned 0 after 0 usecs
[    2.940475] calling  swapfile_init+0x0/0x94 @ 1
[    2.941479] initcall swapfile_init+0x0/0x94 returned 0 after 0 usecs
[    2.942476] calling  hugetlb_init+0x0/0x49c @ 1
[    2.943482] HugeTLB registered 2.00 MiB page size, pre-allocated 0 pages
[    2.944516] initcall hugetlb_init+0x0/0x49c returned 0 after 976 usecs
[    2.945482] calling  io_wq_init+0x0/0x34 @ 1
[    2.946486] initcall io_wq_init+0x0/0x34 returned 0 after 0 usecs
[    2.947482] calling  seqiv_module_init+0x0/0xc @ 1
[    2.948583] initcall seqiv_module_init+0x0/0xc returned 0 after 0 usecs
[    2.949481] calling  echainiv_module_init+0x0/0xc @ 1
[    2.950478] initcall echainiv_module_init+0x0/0xc returned 0 after 0 usecs
[    2.951557] calling  rsa_init+0x0/0x50 @ 1
[    2.954501] initcall rsa_init+0x0/0x50 returned 0 after 1953 usecs
[    2.954891] cryptomgr_test (29) used greatest stack depth: 14864 bytes left
[    2.955488] calling  crypto_cmac_module_init+0x0/0xc @ 1
[    2.955496] initcall crypto_cmac_module_init+0x0/0xc returned 0 after 0 usecs
[    2.972485] calling  hmac_module_init+0x0/0xc @ 1
[    2.978482] initcall hmac_module_init+0x0/0xc returned 0 after 0 usecs
[    2.986479] calling  crypto_null_mod_init+0x0/0x65 @ 1
[    2.996736] initcall crypto_null_mod_init+0x0/0x65 returned 0 after 3906 usecs
[    3.005478] calling  md5_mod_init+0x0/0xc @ 1
[    3.012712] initcall md5_mod_init+0x0/0xc returned 0 after 976 usecs
[    3.013493] calling  sha256_generic_mod_init+0x0/0x11 @ 1
[    3.017623] initcall sha256_generic_mod_init+0x0/0x11 returned 0 after 2929 usecs
[    3.026497] calling  crypto_cbc_module_init+0x0/0xc @ 1
[    3.033477] initcall crypto_cbc_module_init+0x0/0xc returned 0 after 0 usecs
[    3.041476] calling  crypto_ctr_module_init+0x0/0x11 @ 1
[    3.047476] initcall crypto_ctr_module_init+0x0/0x11 returned 0 after 0 usecs
[    3.056475] calling  crypto_gcm_module_init+0x0/0x64 @ 1
[    3.060532] initcall crypto_gcm_module_init+0x0/0x64 returned 0 after 976 usecs
[    3.069484] calling  crypto_ccm_module_init+0x0/0x11 @ 1
[    3.076488] initcall crypto_ccm_module_init+0x0/0x11 returned 0 after 0 usecs
[    3.086465] calling  aes_init+0x0/0xc @ 1
[    3.094515] initcall aes_init+0x0/0xc returned 0 after 1953 usecs
[    3.095488] calling  crc32c_mod_init+0x0/0xc @ 1
[    3.096745] initcall crc32c_mod_init+0x0/0xc returned 0 after 0 usecs
[    3.105833] calling  crypto_authenc_module_init+0x0/0xc @ 1
[    3.110512] initcall crypto_authenc_module_init+0x0/0xc returned 0 after 0 usecs
[    3.119486] calling  crypto_authenc_esn_module_init+0x0/0xc @ 1
[    3.127566] initcall crypto_authenc_esn_module_init+0x0/0xc returned 0 after 0 usecs
[    3.134484] calling  drbg_init+0x0/0x7c @ 1
[    3.176792] initcall drbg_init+0x0/0x7c returned 0 after 36132 usecs
[    3.177485] calling  ghash_mod_init+0x0/0xc @ 1
[    3.183483] initcall ghash_mod_init+0x0/0xc returned 0 after 4882 usecs
[    3.191492] calling  init_bio+0x0/0x9a @ 1
[    3.198664] initcall init_bio+0x0/0x9a returned 0 after 976 usecs
[    3.206483] calling  blk_settings_init+0x0/0x29 @ 1
[    3.213400] initcall blk_settings_init+0x0/0x29 returned 0 after 0 usecs
[    3.221918] calling  blk_ioc_init+0x0/0x29 @ 1
[    3.227489] initcall blk_ioc_init+0x0/0x29 returned 0 after 0 usecs
[    3.236482] calling  blk_mq_init+0x0/0xb9 @ 1
[    3.241489] initcall blk_mq_init+0x0/0xb9 returned 0 after 0 usecs
[    3.249479] calling  genhd_device_init+0x0/0x75 @ 1
[    3.256815] initcall genhd_device_init+0x0/0x75 returned 0 after 976 usecs
[    3.257637] calling  pci_slot_init+0x0/0x40 @ 1
[    3.258493] initcall pci_slot_init+0x0/0x40 returned 0 after 0 usecs
[    3.259522] calling  fbmem_init+0x0/0xd8 @ 1
[    3.260666] initcall fbmem_init+0x0/0xd8 returned 0 after 0 usecs
[    3.261478] calling  acpi_init+0x0/0x319 @ 1
[    3.263633] ACPI: Added _OSI(Module Device)
[    3.264474] ACPI: Added _OSI(Processor Device)
[    3.265477] ACPI: Added _OSI(3.0 _SCP Extensions)
[    3.266474] ACPI: Added _OSI(Processor Aggregator Device)
[    3.267476] ACPI: Added _OSI(Linux-Dell-Video)
[    3.268477] ACPI: Added _OSI(Linux-Lenovo-NV-HDMI-Audio)
[    3.269479] ACPI: Added _OSI(Linux-HPI-Hybrid-Graphics)
[    3.276718] ACPI: 1 ACPI AML tables successfully acquired and loaded
[    3.283778] ACPI: Interpreter enabled
[    3.285546] ACPI: (supports S0 S3 S4 S5)
[    3.286475] ACPI: Using IOAPIC for interrupt routing
[    3.287569] PCI: Using host bridge windows from ACPI; if necessary, use "pci=nocrs" and report a bug
[    3.289173] ACPI: Enabled 2 GPEs in block 00 to 3F
[    3.300866] ACPI: PCI Root Bridge [PCI0] (domain 0000 [bus 00-ff])
[    3.301483] acpi PNP0A08:00: _OSC: OS supports [ExtendedConfig ASPM ClockPM Segments MSI HPX-Type3]
[    3.303821] acpi PNP0A08:00: _OSC: platform does not support [LTR]
[    3.304752] acpi PNP0A08:00: _OSC: OS now controls [PME PCIeCapability]
[    3.306678] PCI host bridge to bus 0000:00
[    3.307476] pci_bus 0000:00: root bus resource [io  0x0000-0x0cf7 window]
[    3.308503] pci_bus 0000:00: root bus resource [io  0x0d00-0xffff window]
[    3.309476] pci_bus 0000:00: root bus resource [mem 0x000a0000-0x000bffff window]
[    3.310477] pci_bus 0000:00: root bus resource [mem 0x20000000-0xafffffff window]
[    3.311521] pci_bus 0000:00: root bus resource [mem 0xc0000000-0xfebfffff window]
[    3.313475] pci_bus 0000:00: root bus resource [mem 0x100000000-0x8ffffffff window]
[    3.314476] pci_bus 0000:00: root bus resource [bus 00-ff]
[    3.316070] pci 0000:00:00.0: calling  quirk_mmio_always_on+0x0/0x10 @ 1
[    3.316496] pci 0000:00:00.0: quirk_mmio_always_on+0x0/0x10 took 0 usecs
[    3.317534] pci 0000:00:00.0: [8086:29c0] type 00 class 0x060000
[    3.322971] pci 0000:00:00.0: calling  quirk_igfx_skip_te_disable+0x0/0x80 @ 1
[    3.323487] pci 0000:00:00.0: quirk_igfx_skip_te_disable+0x0/0x80 took 0 usecs
[    3.327768] pci 0000:00:01.0: [1234:1111] type 00 class 0x030000
[    3.334465] pci 0000:00:01.0: reg 0x10: [mem 0xfd000000-0xfdffffff pref]
[    3.343460] pci 0000:00:01.0: reg 0x18: [mem 0xfebf0000-0xfebf0fff]
[    3.359383] pci 0000:00:01.0: reg 0x30: [mem 0xfebe0000-0xfebeffff pref]
[    3.364108] pci 0000:00:01.0: calling  efifb_fixup_resources+0x0/0xf0 @ 1
[    3.364508] pci 0000:00:01.0: efifb_fixup_resources+0x0/0xf0 took 0 usecs
[    3.375175] pci 0000:00:1f.0: [8086:2918] type 00 class 0x060100
[    3.382120] pci 0000:00:1f.0: calling  quirk_ich7_lpc+0x0/0x60 @ 1
[    3.383490] pci 0000:00:1f.0: quirk: [io  0x0600-0x067f] claimed by ICH6 ACPI/GPIO/TCO
[    3.384913] pci 0000:00:1f.0: quirk_ich7_lpc+0x0/0x60 took 1953 usecs
[    3.385563] pci 0000:00:1f.0: calling  quirk_igfx_skip_te_disable+0x0/0x80 @ 1
[    3.386520] pci 0000:00:1f.0: quirk_igfx_skip_te_disable+0x0/0x80 took 0 usecs
[    3.390831] pci 0000:00:1f.2: [8086:2922] type 00 class 0x010601
[    3.400476] pci 0000:00:1f.2: reg 0x20: [io  0xc040-0xc05f]
[    3.403474] pci 0000:00:1f.2: reg 0x24: [mem 0xfebf1000-0xfebf1fff]
[    3.406326] pci 0000:00:1f.2: calling  quirk_igfx_skip_te_disable+0x0/0x80 @ 1
[    3.406479] pci 0000:00:1f.2: quirk_igfx_skip_te_disable+0x0/0x80 took 0 usecs
[    3.412098] pci 0000:00:1f.3: [8086:2930] type 00 class 0x0c0500
[    3.420998] pci 0000:00:1f.3: reg 0x20: [io  0x0700-0x073f]
[    3.424505] pci 0000:00:1f.3: calling  quirk_igfx_skip_te_disable+0x0/0x80 @ 1
[    3.425485] pci 0000:00:1f.3: quirk_igfx_skip_te_disable+0x0/0x80 took 0 usecs
[    3.438176] ACPI: PCI Interrupt Link [LNKA] (IRQs 5 *10 11)
[    3.439818] ACPI: PCI Interrupt Link [LNKB] (IRQs 5 *10 11)
[    3.442840] ACPI: PCI Interrupt Link [LNKC] (IRQs 5 10 *11)
[    3.444171] ACPI: PCI Interrupt Link [LNKD] (IRQs 5 10 *11)
[    3.445824] ACPI: PCI Interrupt Link [LNKE] (IRQs 5 *10 11)
[    3.447629] ACPI: PCI Interrupt Link [LNKF] (IRQs 5 *10 11)
[    3.449547] ACPI: PCI Interrupt Link [LNKG] (IRQs 5 10 *11)
[    3.452536] ACPI: PCI Interrupt Link [LNKH] (IRQs 5 10 *11)
[    3.454763] ACPI: PCI Interrupt Link [GSIA] (IRQs *16)
[    3.456502] ACPI: PCI Interrupt Link [GSIB] (IRQs *17)
[    3.457601] ACPI: PCI Interrupt Link [GSIC] (IRQs *18)
[    3.459648] ACPI: PCI Interrupt Link [GSID] (IRQs *19)
[    3.460757] ACPI: PCI Interrupt Link [GSIE] (IRQs *20)
[    3.463498] ACPI: PCI Interrupt Link [GSIF] (IRQs *21)
[    3.464677] ACPI: PCI Interrupt Link [GSIG] (IRQs *22)
[    3.466515] ACPI: PCI Interrupt Link [GSIH] (IRQs *23)
[    3.501465] initcall acpi_init+0x0/0x319 returned 0 after 232421 usecs
[    3.505480] calling  pnp_init+0x0/0xc @ 1
[    3.507493] initcall pnp_init+0x0/0xc returned 0 after 976 usecs
[    3.508478] calling  misc_init+0x0/0xbf @ 1
[    3.514975] initcall misc_init+0x0/0xbf returned 0 after 4882 usecs
[    3.515478] calling  iommu_subsys_init+0x0/0x4e @ 1
[    3.517471] iommu: Default domain type: Translated 
[    3.518480] initcall iommu_subsys_init+0x0/0x4e returned 0 after 1953 usecs
[    3.519480] calling  vga_arb_device_init+0x0/0x261 @ 1
[    3.548465] pci 0000:00:01.0: vgaarb: setting as boot VGA device
[    3.548465] pci 0000:00:01.0: vgaarb: VGA device added: decodes=io+mem,owns=io+mem,locks=none
[    3.548485] pci 0000:00:01.0: vgaarb: bridge control possible
[    3.549476] vgaarb: loaded
[    3.550481] initcall vga_arb_device_init+0x0/0x261 returned 0 after 29296 usecs
[    3.552357] calling  cn_init+0x0/0xf0 @ 1
[    3.565898] initcall cn_init+0x0/0xf0 returned 0 after 11718 usecs
[    3.566482] calling  dma_buf_init+0x0/0xad @ 1
[    3.575510] initcall dma_buf_init+0x0/0xad returned 0 after 7812 usecs
[    3.576478] calling  dma_resv_lockdep+0x0/0x281 @ 1
[    3.588169] initcall dma_resv_lockdep+0x0/0x281 returned 0 after 9765 usecs
[    3.588479] calling  init_scsi+0x0/0x79 @ 1
[    3.607316] SCSI subsystem initialized
[    3.607486] initcall init_scsi+0x0/0x79 returned 0 after 17578 usecs
[    3.608477] calling  ata_init+0x0/0x332 @ 1
[    3.638472] libata version 3.00 loaded.
[    3.640486] initcall ata_init+0x0/0x332 returned 0 after 30273 usecs
[    3.645482] calling  phy_init+0x0/0x250 @ 1
[    3.653517] initcall phy_init+0x0/0x250 returned 0 after 3906 usecs
[    3.658481] calling  init_pcmcia_cs+0x0/0x35 @ 1
[    3.662495] initcall init_pcmcia_cs+0x0/0x35 returned 0 after 0 usecs
[    3.671478] calling  usb_common_init+0x0/0x1c @ 1
[    3.677678] initcall usb_common_init+0x0/0x1c returned 0 after 0 usecs
[    3.685480] calling  usb_init+0x0/0x12e @ 1
[    3.689038] ACPI: bus type USB registered
[    3.700452] usbcore: registered new interface driver usbfs
[    3.707692] usbcore: registered new interface driver hub
[    3.714675] usbcore: registered new device driver usb
[    3.720480] initcall usb_init+0x0/0x12e returned 0 after 31250 usecs
[    3.728477] calling  serio_init+0x0/0x29 @ 1
[    3.733644] initcall serio_init+0x0/0x29 returned 0 after 0 usecs
[    3.741479] calling  input_init+0x0/0xf6 @ 1
[    3.747480] initcall input_init+0x0/0xf6 returned 0 after 0 usecs
[    3.755477] calling  rtc_init+0x0/0x4d @ 1
[    3.760507] initcall rtc_init+0x0/0x4d returned 0 after 0 usecs
[    3.767476] calling  pps_init+0x0/0xa9 @ 1
[    3.772534] pps_core: LinuxPPS API ver. 1 registered
[    3.778473] pps_core: Software ver. 5.3.6 - Copyright 2005-2007 Rodolfo Giometti <giometti@linux.it>
[    3.789480] initcall pps_init+0x0/0xa9 returned 0 after 16601 usecs
[    3.796479] calling  ptp_init+0x0/0x98 @ 1
[    3.801547] PTP clock support registered
[    3.806476] initcall ptp_init+0x0/0x98 returned 0 after 4882 usecs
[    3.813477] calling  power_supply_class_init+0x0/0x3f @ 1
[    3.820641] initcall power_supply_class_init+0x0/0x3f returned 0 after 0 usecs
[    3.828484] calling  hwmon_init+0x0/0x104 @ 1
[    3.834505] initcall hwmon_init+0x0/0x104 returned 0 after 0 usecs
[    3.841475] calling  md_init+0x0/0x16b @ 1
[    3.848948] initcall md_init+0x0/0x16b returned 0 after 1953 usecs
[    3.849486] calling  leds_init+0x0/0x3b @ 1
[    3.850595] initcall leds_init+0x0/0x3b returned 0 after 0 usecs
[    3.851479] calling  dmi_init+0x0/0x113 @ 1
[    3.853774] initcall dmi_init+0x0/0x113 returned 0 after 976 usecs
[    3.854520] calling  efisubsys_init+0x0/0x4e7 @ 1
[    3.855502] initcall efisubsys_init+0x0/0x4e7 returned 0 after 0 usecs
[    3.856478] calling  nvmem_init+0x0/0xc @ 1
[    3.857554] initcall nvmem_init+0x0/0xc returned 0 after 0 usecs
[    3.858477] calling  init_soundcore+0x0/0x33 @ 1
[    3.859498] initcall init_soundcore+0x0/0x33 returned 0 after 0 usecs
[    3.860477] calling  alsa_sound_init+0x0/0x8f @ 1
[    3.863281] Advanced Linux Sound Architecture Driver Initialized.
[    3.863480] initcall alsa_sound_init+0x0/0x8f returned 0 after 1953 usecs
[    3.864479] calling  alsa_seq_device_init+0x0/0x71 @ 1
[    3.866812] initcall alsa_seq_device_init+0x0/0x71 returned 0 after 976 usecs
[    3.867479] calling  hda_bus_init+0x0/0xc @ 1
[    3.868628] initcall hda_bus_init+0x0/0xc returned 0 after 0 usecs
[    3.869478] calling  proto_init+0x0/0xc @ 1
[    3.870832] initcall proto_init+0x0/0xc returned 0 after 0 usecs
[    3.871477] calling  net_dev_init+0x0/0x27f @ 1
[    3.884476] initcall net_dev_init+0x0/0x27f returned 0 after 11718 usecs
[    3.885481] calling  neigh_init+0x0/0x84 @ 1
[    3.886497] initcall neigh_init+0x0/0x84 returned 0 after 0 usecs
[    3.888475] calling  fib_notifier_init+0x0/0xc @ 1
[    3.890475] initcall fib_notifier_init+0x0/0xc returned 0 after 976 usecs
[    3.891488] calling  fib_rules_init+0x0/0xab @ 1
[    3.892631] initcall fib_rules_init+0x0/0xab returned 0 after 0 usecs
[    3.893476] calling  pktsched_init+0x0/0x10e @ 1
[    3.894987] initcall pktsched_init+0x0/0x10e returned 0 after 0 usecs
[    3.895479] calling  tc_filter_init+0x0/0xfa @ 1
[    3.897705] initcall tc_filter_init+0x0/0xfa returned 0 after 0 usecs
[    3.898478] calling  tc_action_init+0x0/0x54 @ 1
[    3.899483] initcall tc_action_init+0x0/0x54 returned 0 after 0 usecs
[    3.900477] calling  ethnl_init+0x0/0x52 @ 1
[    3.902642] initcall ethnl_init+0x0/0x52 returned 0 after 976 usecs
[    3.903838] calling  nexthop_init+0x0/0xd8 @ 1
[    3.906493] initcall nexthop_init+0x0/0xd8 returned 0 after 976 usecs
[    3.907476] calling  cipso_v4_init+0x0/0x8d @ 1
[    3.909600] initcall cipso_v4_init+0x0/0x8d returned 0 after 976 usecs
[    3.911477] calling  ieee80211_init+0x0/0x24 @ 1
[    3.914682] initcall ieee80211_init+0x0/0x24 returned 0 after 1953 usecs
[    3.915476] calling  netlbl_init+0x0/0x78 @ 1
[    3.916593] NetLabel: Initializing
[    3.917473] NetLabel:  domain hash size = 128
[    3.918933] NetLabel:  protocols = UNLABELED CIPSOv4 CALIPSO
[    3.919750] NetLabel:  unlabeled traffic allowed by default
[    3.920479] initcall netlbl_init+0x0/0x78 returned 0 after 3906 usecs
[    3.921478] calling  rfkill_init+0x0/0x136 @ 1
[    3.924873] initcall rfkill_init+0x0/0x136 returned 0 after 1953 usecs
[    3.925480] calling  pci_subsys_init+0x0/0x66 @ 1
[    3.928162] PCI: Using ACPI for IRQ routing
[    4.715931] PCI: pci_cache_line_size set to 64 bytes
[    4.718213] e820: reserve RAM buffer [mem 0x0009fc00-0x0009ffff]
[    4.718882] e820: reserve RAM buffer [mem 0x1ffdf000-0x1fffffff]
[    4.719619] initcall pci_subsys_init+0x0/0x66 returned 0 after 774414 usecs
[    4.731936] calling  nmi_warning_debugfs+0x0/0x26 @ 1
[    4.733691] initcall nmi_warning_debugfs+0x0/0x26 returned 0 after 976 usecs
[    4.734746] calling  save_microcode_in_initrd+0x0/0x51 @ 1
[    4.737205] initcall save_microcode_in_initrd+0x0/0x51 returned 0 after 976 usecs
[    4.737478] calling  hpet_late_init+0x0/0x20a @ 1
[    4.739677] hpet: 3 channels of 0 reserved for per-cpu timers
[    4.740666] hpet0: at MMIO 0xfed00000, IRQs 2, 8, 0
[    4.741473] hpet0: 3 comparators, 64-bit 100.000000 MHz counter
[    4.747476] initcall hpet_late_init+0x0/0x20a returned 0 after 8789 usecs
[    4.748478] calling  init_amd_nbs+0x0/0x11c @ 1
[    4.749568] initcall init_amd_nbs+0x0/0x11c returned 0 after 0 usecs
[    4.751415] calling  clocksource_done_booting+0x0/0x43 @ 1
[    4.755216] clocksource: Switched to clocksource kvm-clock
[    4.763302] initcall clocksource_done_booting+0x0/0x43 returned 0 after 10575 usecs
[    4.773351] calling  tracer_init_tracefs+0x0/0x248 @ 1
[    5.089163] initcall tracer_init_tracefs+0x0/0x248 returned 0 after 300387 usecs
[    5.100892] calling  init_trace_printk_function_export+0x0/0x2c @ 1
[    5.110122] initcall init_trace_printk_function_export+0x0/0x2c returned 0 after 44 usecs
[    5.120147] calling  init_kprobe_trace+0x0/0x1ab @ 1
[    5.126288] initcall init_kprobe_trace+0x0/0x1ab returned 0 after 110 usecs
[    5.134531] calling  init_dynamic_event+0x0/0x3d @ 1
[    5.140478] initcall init_dynamic_event+0x0/0x3d returned 0 after 17 usecs
[    5.149486] calling  init_uprobe_trace+0x0/0x5c @ 1
[    5.156119] initcall init_uprobe_trace+0x0/0x5c returned 0 after 97 usecs
[    5.164298] calling  init_pipe_fs+0x0/0x44 @ 1
[    5.171773] initcall init_pipe_fs+0x0/0x44 returned 0 after 1983 usecs
[    5.179647] calling  inotify_user_setup+0x0/0x47 @ 1
[    5.185856] initcall inotify_user_setup+0x0/0x47 returned 0 after 243 usecs
[    5.194121] calling  eventpoll_init+0x0/0xeb @ 1
[    5.200148] initcall eventpoll_init+0x0/0xeb returned 0 after 198 usecs
[    5.209486] calling  anon_inode_init+0x0/0x58 @ 1
[    5.216969] initcall anon_inode_init+0x0/0x58 returned 0 after 480 usecs
[    5.226770] calling  proc_locks_init+0x0/0x27 @ 1
[    5.233808] initcall proc_locks_init+0x0/0x27 returned 0 after 110 usecs
[    5.245079] calling  iomap_init+0x0/0x1b @ 1
[    5.255691] initcall iomap_init+0x0/0x1b returned 0 after 5205 usecs
[    5.263371] calling  dquot_init+0x0/0x106 @ 1
[    5.269003] VFS: Disk quotas dquot_6.6.0
[    5.274270] VFS: Dquot-cache hash table entries: 512 (order 0, 4096 bytes)
[    5.284167] initcall dquot_init+0x0/0x106 returned 0 after 14867 usecs
[    5.293604] calling  quota_init+0x0/0x23 @ 1
[    5.300462] initcall quota_init+0x0/0x23 returned 0 after 502 usecs
[    5.309148] calling  proc_cmdline_init+0x0/0x21 @ 1
[    5.315120] initcall proc_cmdline_init+0x0/0x21 returned 0 after 8 usecs
[    5.322919] calling  proc_consoles_init+0x0/0x24 @ 1
[    5.328789] initcall proc_consoles_init+0x0/0x24 returned 0 after 8 usecs
[    5.336723] calling  proc_cpuinfo_init+0x0/0x1e @ 1
[    5.342347] initcall proc_cpuinfo_init+0x0/0x1e returned 0 after 8 usecs
[    5.350078] calling  proc_devices_init+0x0/0x24 @ 1
[    5.355803] initcall proc_devices_init+0x0/0x24 returned 0 after 28 usecs
[    5.365278] calling  proc_interrupts_init+0x0/0x24 @ 1
[    5.371813] initcall proc_interrupts_init+0x0/0x24 returned 0 after 8 usecs
[    5.379731] calling  proc_loadavg_init+0x0/0x21 @ 1
[    5.386928] initcall proc_loadavg_init+0x0/0x21 returned 0 after 9 usecs
[    5.396555] calling  proc_meminfo_init+0x0/0x21 @ 1
[    5.403645] initcall proc_meminfo_init+0x0/0x21 returned 0 after 9 usecs
[    5.413301] calling  proc_stat_init+0x0/0x1e @ 1
[    5.419295] initcall proc_stat_init+0x0/0x1e returned 0 after 8 usecs
[    5.427459] calling  proc_uptime_init+0x0/0x21 @ 1
[    5.433426] initcall proc_uptime_init+0x0/0x21 returned 0 after 7 usecs
[    5.441681] calling  proc_version_init+0x0/0x21 @ 1
[    5.447646] initcall proc_version_init+0x0/0x21 returned 0 after 6 usecs
[    5.455410] calling  proc_softirqs_init+0x0/0x21 @ 1
[    5.461309] initcall proc_softirqs_init+0x0/0x21 returned 0 after 6 usecs
[    5.469162] calling  proc_kcore_init+0x0/0xea @ 1
[    5.474978] initcall proc_kcore_init+0x0/0xea returned 0 after 378 usecs
[    5.482589] calling  vmcore_init+0x0/0x57b @ 1
[    5.487609] initcall vmcore_init+0x0/0x57b returned 0 after 1 usecs
[    5.494996] calling  proc_kmsg_init+0x0/0x21 @ 1
[    5.500506] initcall proc_kmsg_init+0x0/0x21 returned 0 after 8 usecs
[    5.508126] calling  proc_page_init+0x0/0x3b @ 1
[    5.513560] initcall proc_page_init+0x0/0x3b returned 0 after 25 usecs
[    5.521003] calling  init_ramfs_fs+0x0/0xc @ 1
[    5.526255] initcall init_ramfs_fs+0x0/0xc returned 0 after 24 usecs
[    5.534178] calling  init_hugetlbfs_fs+0x0/0xf6 @ 1
[    5.543032] initcall init_hugetlbfs_fs+0x0/0xf6 returned 0 after 2746 usecs
[    5.552155] calling  blk_scsi_ioctl_init+0x0/0x2a5 @ 1
[    5.559035] initcall blk_scsi_ioctl_init+0x0/0x2a5 returned 0 after 426 usecs
[    5.567483] calling  acpi_event_init+0x0/0x2c @ 1
[    5.573120] initcall acpi_event_init+0x0/0x2c returned 0 after 131 usecs
[    5.580839] calling  pnp_system_init+0x0/0xc @ 1
[    5.587632] initcall pnp_system_init+0x0/0xc returned 0 after 1155 usecs
[    5.596232] calling  pnpacpi_init+0x0/0x69 @ 1
[    5.601403] pnp: PnP ACPI init
[    5.607692] pnp 00:00: Plug and Play ACPI device, IDs PNP0303 (active)
[    5.615331] pnp 00:01: Plug and Play ACPI device, IDs PNP0f13 (active)
[    5.623053] pnp 00:02: Plug and Play ACPI device, IDs PNP0400 (active)
[    5.630645] pnp 00:03: Plug and Play ACPI device, IDs PNP0501 (active)
[    5.638331] pnp 00:04: Plug and Play ACPI device, IDs PNP0b00 (active)
[    5.646263] system 00:05: [mem 0xb0000000-0xbfffffff window] has been reserved
[    5.654823] system 00:05: Plug and Play ACPI device, IDs PNP0c01 (active)
[    5.664826] pnp: PnP ACPI: found 6 devices
[    5.669792] initcall pnpacpi_init+0x0/0x69 returned 0 after 66809 usecs
[    5.677643] calling  chr_dev_init+0x0/0x14d @ 1
[    5.794416] initcall chr_dev_init+0x0/0x14d returned 0 after 108688 usecs
[    5.801716] calling  firmware_class_init+0x0/0x14a @ 1
[    5.807391] initcall firmware_class_init+0x0/0x14a returned 0 after 106 usecs
[    5.815026] calling  init_pcmcia_bus+0x0/0x5b @ 1
[    5.821127] initcall init_pcmcia_bus+0x0/0x5b returned 0 after 228 usecs
[    5.829194] calling  init_acpi_pm_clocksource+0x0/0xda @ 1
[    5.841642] clocksource: acpi_pm: mask: 0xffffff max_cycles: 0xffffff, max_idle_ns: 2085701024 ns
[    5.851803] initcall init_acpi_pm_clocksource+0x0/0xda returned 0 after 15545 usecs
[    5.860543] calling  sysctl_core_init+0x0/0x26 @ 1
[    5.866406] initcall sysctl_core_init+0x0/0x26 returned 0 after 197 usecs
[    5.874149] calling  eth_offload_init+0x0/0x13 @ 1
[    5.879896] initcall eth_offload_init+0x0/0x13 returned 0 after 169 usecs
[    5.888460] calling  ipv4_offload_init+0x0/0x73 @ 1
[    5.894663] initcall ipv4_offload_init+0x0/0x73 returned 0 after 108 usecs
[    5.903278] calling  inet_init+0x0/0x276 @ 1
[    5.908820] NET: Registered protocol family 2
[    5.915352] IP idents hash table entries: 8192 (order: 4, 65536 bytes, linear)
[    5.927427] tcp_listen_portaddr_hash hash table entries: 256 (order: 2, 20480 bytes, linear)
[    5.939122] TCP established hash table entries: 4096 (order: 3, 32768 bytes, linear)
[    5.948824] TCP bind hash table entries: 4096 (order: 6, 294912 bytes, linear)
[    5.960478] TCP: Hash tables configured (established 4096 bind 4096)
[    5.969705] UDP hash table entries: 256 (order: 3, 40960 bytes, linear)
[    5.978168] UDP-Lite hash table entries: 256 (order: 3, 40960 bytes, linear)
[    5.987457] initcall inet_init+0x0/0x276 returned 0 after 76943 usecs
[    5.995263] calling  af_unix_init+0x0/0x4d @ 1
[    6.000204] NET: Registered protocol family 1
[    6.005103] initcall af_unix_init+0x0/0x4d returned 0 after 4803 usecs
[    6.012369] calling  ipv6_offload_init+0x0/0x7e @ 1
[    6.017690] initcall ipv6_offload_init+0x0/0x7e returned 0 after 57 usecs
[    6.024920] calling  init_sunrpc+0x0/0x65 @ 1
[    6.037761] RPC: Registered named UNIX socket transport module.
[    6.045174] RPC: Registered udp transport module.
[    6.050843] RPC: Registered tcp transport module.
[    6.056563] RPC: Registered tcp NFSv4.1 backchannel transport module.
[    6.064195] initcall init_sunrpc+0x0/0x65 returned 0 after 33554 usecs
[    6.072317] calling  cfg80211_init+0x0/0xc5 @ 1
[    6.084098] initcall cfg80211_init+0x0/0xc5 returned 0 after 5423 usecs
[    6.091306] calling  pcibios_assign_resources+0x0/0xbf @ 1
[    6.099201] pci_bus 0000:00: resource 4 [io  0x0000-0x0cf7 window]
[    6.106446] pci_bus 0000:00: resource 5 [io  0x0d00-0xffff window]
[    6.113702] pci_bus 0000:00: resource 6 [mem 0x000a0000-0x000bffff window]
[    6.121585] pci_bus 0000:00: resource 7 [mem 0x20000000-0xafffffff window]
[    6.129456] pci_bus 0000:00: resource 8 [mem 0xc0000000-0xfebfffff window]
[    6.137208] pci_bus 0000:00: resource 9 [mem 0x100000000-0x8ffffffff window]
[    6.145487] initcall pcibios_assign_resources+0x0/0xbf returned 0 after 45545 usecs
[    6.154449] calling  pci_apply_final_quirks+0x0/0x124 @ 1
[    6.161234] pci 0000:00:01.0: calling  pci_fixup_video+0x0/0xe0 @ 1
[    6.168963] pci 0000:00:01.0: Video device with shadowed ROM at [mem 0x000c0000-0x000dffff]
[    6.178568] pci 0000:00:01.0: pci_fixup_video+0x0/0xe0 took 9727 usecs
[    6.186672] PCI: CLS 0 bytes, default 64
[    6.191602] initcall pci_apply_final_quirks+0x0/0x124 returned 0 after 30030 usecs
[    6.200407] calling  acpi_reserve_resources+0x0/0xea @ 1
[    6.206705] initcall acpi_reserve_resources+0x0/0xea returned 0 after 29 usecs
[    6.215732] calling  populate_rootfs+0x0/0x102 @ 1
[    6.224283] initcall populate_rootfs+0x0/0x102 returned 0 after 2725 usecs
[    6.232746] calling  pci_iommu_init+0x0/0x3e @ 1
[    6.238690] initcall pci_iommu_init+0x0/0x3e returned 0 after 211 usecs
[    6.247467] calling  ia32_binfmt_init+0x0/0x13 @ 1
[    6.253284] initcall ia32_binfmt_init+0x0/0x13 returned 0 after 31 usecs
[    6.261168] calling  rapl_pmu_init+0x0/0x267 @ 1
[    6.267027] initcall rapl_pmu_init+0x0/0x267 returned -19 after 143 usecs
[    6.274961] calling  amd_uncore_init+0x0/0x310 @ 1
[    6.280681] initcall amd_uncore_init+0x0/0x310 returned -19 after 0 usecs
[    6.288622] calling  amd_ibs_init+0x0/0x27b @ 1
[    6.293965] initcall amd_ibs_init+0x0/0x27b returned -19 after 1 usecs
[    6.301598] calling  amd_iommu_pc_init+0x0/0x22c @ 1
[    6.307721] initcall amd_iommu_pc_init+0x0/0x22c returned -19 after 106 usecs
[    6.316062] calling  msr_init+0x0/0x55 @ 1
[    6.320992] initcall msr_init+0x0/0x55 returned 0 after 116 usecs
[    6.328160] calling  intel_uncore_init+0x0/0x36f @ 1
[    6.334055] initcall intel_uncore_init+0x0/0x36f returned -19 after 68 usecs
[    6.342296] calling  cstate_pmu_init+0x0/0x1a1 @ 1
[    6.348024] initcall cstate_pmu_init+0x0/0x1a1 returned -19 after 3 usecs
[    6.356140] calling  register_kernel_offset_dumper+0x0/0x1a @ 1
[    6.363117] initcall register_kernel_offset_dumper+0x0/0x1a returned 0 after 17 usecs
[    6.372424] calling  i8259A_init_ops+0x0/0x20 @ 1
[    6.378076] initcall i8259A_init_ops+0x0/0x20 returned 0 after 3 usecs
[    6.385835] calling  init_tsc_clocksource+0x0/0xa4 @ 1
[    6.391914] clocksource: tsc: mask: 0xffffffffffffffff max_cycles: 0x39a85afc727, max_idle_ns: 881590685098 ns
[    6.403427] initcall init_tsc_clocksource+0x0/0xa4 returned 0 after 11258 usecs
[    6.412129] calling  add_rtc_cmos+0x0/0xb0 @ 1
[    6.417349] initcall add_rtc_cmos+0x0/0xb0 returned 0 after 17 usecs
[    6.424732] calling  i8237A_init_ops+0x0/0x3a @ 1
[    6.430346] initcall i8237A_init_ops+0x0/0x3a returned 0 after 67 usecs
[    6.438064] calling  umwait_init+0x0/0x94 @ 1
[    6.443235] initcall umwait_init+0x0/0x94 returned -19 after 44 usecs
[    6.450832] calling  thermal_throttle_init_device+0x0/0x3d @ 1
[    6.457757] initcall thermal_throttle_init_device+0x0/0x3d returned 0 after 67 usecs
[    6.466702] calling  msr_init+0x0/0xd7 @ 1
[    6.475581] initcall msr_init+0x0/0xd7 returned 0 after 3961 usecs
[    6.482974] calling  cpuid_init+0x0/0xd7 @ 1
[    6.489910] initcall cpuid_init+0x0/0xd7 returned 0 after 1812 usecs
[    6.497239] calling  ioapic_init_ops+0x0/0x13 @ 1
[    6.502825] initcall ioapic_init_ops+0x0/0x13 returned 0 after 24 usecs
[    6.510600] calling  add_pcspkr+0x0/0x6c @ 1
[    6.515826] initcall add_pcspkr+0x0/0x6c returned 0 after 127 usecs
[    6.523891] calling  start_periodic_check_for_corruption+0x0/0x30 @ 1
[    6.531796] check: Scanning for low memory corruption every 60 seconds
[    6.539677] initcall start_periodic_check_for_corruption+0x0/0x30 returned 0 after 7865 usecs
[    6.551061] calling  sysfb_init+0x0/0x9c @ 1
[    6.556673] initcall sysfb_init+0x0/0x9c returned 0 after 370 usecs
[    6.564751] calling  audit_classes_init+0x0/0xae @ 1
[    6.570630] initcall audit_classes_init+0x0/0xae returned 0 after 72 usecs
[    6.578601] calling  iosf_mbi_init+0x0/0x24 @ 1
[    6.584641] initcall iosf_mbi_init+0x0/0x24 returned 0 after 572 usecs
[    6.592166] calling  proc_execdomains_init+0x0/0x21 @ 1
[    6.598401] initcall proc_execdomains_init+0x0/0x21 returned 0 after 10 usecs
[    6.606825] calling  register_warn_debugfs+0x0/0x23 @ 1
[    6.614617] initcall register_warn_debugfs+0x0/0x23 returned 0 after 173 usecs
[    6.623402] calling  cpuhp_sysfs_init+0x0/0x79 @ 1
[    6.629125] initcall cpuhp_sysfs_init+0x0/0x79 returned 0 after 132 usecs
[    6.637116] calling  ioresources_init+0x0/0x49 @ 1
[    6.642655] initcall ioresources_init+0x0/0x49 returned 0 after 12 usecs
[    6.650484] calling  lockdep_proc_init+0x0/0x64 @ 1
[    6.656659] initcall lockdep_proc_init+0x0/0x64 returned 0 after 180 usecs
[    6.664582] calling  snapshot_device_init+0x0/0xc @ 1
[    6.672073] initcall snapshot_device_init+0x0/0xc returned 0 after 1373 usecs
[    6.680696] calling  irq_pm_init_ops+0x0/0x13 @ 1
[    6.686345] initcall irq_pm_init_ops+0x0/0x13 returned 0 after 23 usecs
[    6.694341] calling  rcu_torture_init+0x0/0x9be @ 1
[    6.700316] tasks-torture:--- Start of test: nreaders=1 nfakewriters=4 stat_interval=15 verbose=1 test_no_idle_hz=1 shuffle_interval=3 stutter=5 irqreader=1 fqs_duration=0 fqs_holdoff=0 fqs_stutter=3 test_boost=1/0 test_boost_interval=7 test_boost_duration=4 shutdown_secs=1800 stall_cpu=0 stall_cpu_holdoff=10 stall_cpu_irqsoff=0 stall_cpu_block=0 n_barrier_cbs=4 onoff_interval=1000 onoff_holdoff=30 read_exit_delay=13 read_exit_burst=16
[    6.754031] tasks:  Start-test grace-period state: g0 f0x0
[    6.762102] tasks-torture: Creating rcu_torture_writer task
[    6.772928] tasks-torture: Creating rcu_torture_fakewriter task
[    6.773258] tasks-torture: rcu_torture_writer task started
[    6.780668] tasks-torture: Creating rcu_torture_fakewriter task
[    6.786829] tasks-torture: GP expediting controlled from boot/sysfs for tasks.
[    6.786855] rcu_torture_writer: Testing expedited GPs.
[    6.786858] rcu_torture_writer: Testing asynchronous GPs.
[    6.794250] tasks-torture: rcu_torture_fakewriter task started
[    6.802759] rcu_torture_writer: Testing normal GPs.
[    6.803168] tasks-torture: Creating rcu_torture_fakewriter task
[    6.809379] tasks-torture: rcu_torture_fakewriter task started
[    6.817156] tasks-torture: Creating rcu_torture_fakewriter task
[    6.823992] tasks-torture: rcu_torture_fakewriter task started
[    6.830064] tasks-torture: Creating rcu_torture_reader task
[    6.837121] tasks-torture: rcu_torture_fakewriter task started
[    6.847053] tasks-torture: Creating rcu_torture_stats task
[    6.850728] tasks-torture: rcu_torture_reader task started
[    6.857614] tasks-torture: Creating torture_shuffle task
[    6.864210] tasks-torture: rcu_torture_stats task started
[    6.884520] tasks-torture: Creating torture_stutter task
[    6.891119] tasks-torture: torture_shuffle task started
[    6.910767] tasks-torture: Creating torture_shutdown task
[    6.911325] tasks-torture: torture_stutter task started
[    6.917765] tasks-torture: Creating torture_onoff task
[    6.917795] tasks-torture: torture_shutdown task started
[    6.917799] tasks-torture:torture_shutdown task: 1799992 ms remaining
[    6.928762] tasks-torture: rcu_torture_fwd_prog_init: Disabled, unsupported by RCU flavor under test
[    6.930663] tasks-torture: torture_onoff task started
[    6.938049] tasks-torture: Creating rcu_torture_barrier_cbs task
[    6.946292] tasks-torture: torture_onoff begin holdoff
[    6.980385] tasks-torture: Creating rcu_torture_barrier_cbs task
[    6.981930] tasks-torture: rcu_torture_barrier_cbs task started
[    6.987779] tasks-torture: Creating rcu_torture_barrier_cbs task
[    6.994995] tasks-torture: rcu_torture_barrier_cbs task started
[    7.002689] tasks-torture: Creating rcu_torture_barrier_cbs task
[    7.009425] tasks-torture: rcu_torture_barrier_cbs task started
[    7.026011] tasks-torture: Creating rcu_torture_barrier task
[    7.026100] tasks-torture: rcu_torture_barrier_cbs task started
[    7.033390] tasks-torture: Creating rcu_torture_read_exit task
[    7.040240] tasks-torture: rcu_torture_barrier task starting
[    7.056611] initcall rcu_torture_init+0x0/0x9be returned 0 after 348070 usecs
[    7.056868] tasks-torture: rcu_torture_read_exit: Start of test
[    7.065278] calling  timekeeping_init_ops+0x0/0x13 @ 1
[    7.080333] initcall timekeeping_init_ops+0x0/0x13 returned 0 after 120 usecs
[    7.089236] calling  init_clocksource_sysfs+0x0/0x23 @ 1
[    7.096064] initcall init_clocksource_sysfs+0x0/0x23 returned 0 after 384 usecs
[    7.104990] calling  init_timer_list_procfs+0x0/0x31 @ 1
[    7.112242] initcall init_timer_list_procfs+0x0/0x31 returned 0 after 12 usecs
[    7.121523] calling  alarmtimer_init+0x0/0xf5 @ 1
[    7.127815] initcall alarmtimer_init+0x0/0xf5 returned 0 after 145 usecs
[    7.135828] calling  init_posix_timers+0x0/0x29 @ 1
[    7.141935] initcall init_posix_timers+0x0/0x29 returned 0 after 21 usecs
[    7.150047] calling  clockevents_init_sysfs+0x0/0xbf @ 1
[    7.157213] initcall clockevents_init_sysfs+0x0/0xbf returned 0 after 516 usecs
[    7.166102] calling  proc_dma_init+0x0/0x21 @ 1
[    7.171636] initcall proc_dma_init+0x0/0x21 returned 0 after 58 usecs
[    7.179648] calling  proc_modules_init+0x0/0x1e @ 1
[    7.185690] initcall proc_modules_init+0x0/0x1e returned 0 after 10 usecs
[    7.193610] calling  kallsyms_init+0x0/0x21 @ 1
[    7.199070] initcall kallsyms_init+0x0/0x21 returned 0 after 8 usecs
[    7.206655] calling  pid_namespaces_init+0x0/0x2c @ 1
[    7.212776] initcall pid_namespaces_init+0x0/0x2c returned 0 after 22 usecs
[    7.221272] calling  audit_watch_init+0x0/0x37 @ 1
[    7.227090] initcall audit_watch_init+0x0/0x37 returned 0 after 4 usecs
[    7.235092] calling  audit_fsnotify_init+0x0/0x37 @ 1
[    7.241444] initcall audit_fsnotify_init+0x0/0x37 returned 0 after 57 usecs
[    7.249667] calling  audit_tree_init+0x0/0x6d @ 1
[    7.255086] initcall audit_tree_init+0x0/0x6d returned 0 after 14 usecs
[    7.262811] calling  seccomp_sysctl_init+0x0/0x2b @ 1
[    7.268920] initcall seccomp_sysctl_init+0x0/0x2b returned 0 after 38 usecs
[    7.277082] calling  utsname_sysctl_init+0x0/0x13 @ 1
[    7.283126] initcall utsname_sysctl_init+0x0/0x13 returned 0 after 14 usecs
[    7.291406] calling  init_tracepoints+0x0/0x27 @ 1
[    7.297284] initcall init_tracepoints+0x0/0x27 returned 0 after 3 usecs
[    7.305091] calling  init_blk_tracer+0x0/0x50 @ 1
[    7.310784] initcall init_blk_tracer+0x0/0x50 returned 0 after 70 usecs
[    7.318773] calling  perf_event_sysfs_init+0x0/0x83 @ 1
[    7.325851] initcall perf_event_sysfs_init+0x0/0x83 returned 0 after 696 usecs
[    7.334575] calling  system_trusted_keyring_init+0x0/0x60 @ 1
[    7.341513] Initialise system trusted keyrings
[    7.347417] initcall system_trusted_keyring_init+0x0/0x60 returned 0 after 5762 usecs
[    7.357120] calling  kswapd_init+0x0/0x5c @ 1
[    7.364257] initcall kswapd_init+0x0/0x5c returned 0 after 1786 usecs
[    7.372393] calling  extfrag_debug_init+0x0/0x54 @ 1
[    7.379183] initcall extfrag_debug_init+0x0/0x54 returned 0 after 61 usecs
[    7.387588] calling  mm_compute_batch_init+0x0/0x12 @ 1
[    7.394312] initcall mm_compute_batch_init+0x0/0x12 returned 0 after 67 usecs
[    7.403521] calling  slab_proc_init+0x0/0x21 @ 1
[    7.409774] initcall slab_proc_init+0x0/0x21 returned 0 after 32 usecs
[    7.417842] calling  workingset_init+0x0/0x8c @ 1
[    7.423591] workingset: timestamp_bits=56 max_order=17 bucket_order=0
[    7.431471] initcall workingset_init+0x0/0x8c returned 0 after 7704 usecs
[    7.439718] calling  proc_vmalloc_init+0x0/0x32 @ 1
[    7.445779] initcall proc_vmalloc_init+0x0/0x32 returned 0 after 9 usecs
[    7.454057] calling  procswaps_init+0x0/0x1e @ 1
[    7.459817] initcall procswaps_init+0x0/0x1e returned 0 after 16 usecs
[    7.467785] calling  slab_sysfs_init+0x0/0xec @ 1
[    7.483959] initcall slab_sysfs_init+0x0/0xec returned 0 after 10088 usecs
[    7.493358] calling  fcntl_init+0x0/0x29 @ 1
[    7.500064] initcall fcntl_init+0x0/0x29 returned 0 after 237 usecs
[    7.508979] calling  proc_filesystems_init+0x0/0x21 @ 1
[    7.516651] initcall proc_filesystems_init+0x0/0x21 returned 0 after 10 usecs
[    7.526846] calling  start_dirtytime_writeback+0x0/0x29 @ 1
[    7.534708] initcall start_dirtytime_writeback+0x0/0x29 returned 0 after 4 usecs
[    7.545355] calling  blkdev_init+0x0/0x1b @ 1
[    7.552346] initcall blkdev_init+0x0/0x1b returned 0 after 678 usecs
[    7.560995] calling  dio_init+0x0/0x2c @ 1
[    7.566603] initcall dio_init+0x0/0x2c returned 0 after 211 usecs
[    7.574659] calling  dnotify_init+0x0/0x78 @ 1
[    7.580635] initcall dnotify_init+0x0/0x78 returned 0 after 229 usecs
[    7.589028] calling  aio_setup+0x0/0x78 @ 1
[    7.594839] initcall aio_setup+0x0/0x78 returned 0 after 369 usecs
[    7.602944] calling  io_uring_init+0x0/0x2c @ 1
[    7.609105] initcall io_uring_init+0x0/0x2c returned 0 after 18 usecs
[    7.617734] calling  mbcache_init+0x0/0x30 @ 1
[    7.626673] initcall mbcache_init+0x0/0x30 returned 0 after 330 usecs
[    7.635416] calling  init_grace+0x0/0xc @ 1
[    7.641833] initcall init_grace+0x0/0xc returned 0 after 10 usecs
[    7.651617] calling  init_v2_quota_format+0x0/0x21 @ 1
[    7.659209] initcall init_v2_quota_format+0x0/0x21 returned 0 after 182 usecs
[    7.670357] calling  init_devpts_fs+0x0/0x27 @ 1
[    7.678014] initcall init_devpts_fs+0x0/0x27 returned 0 after 120 usecs
[    7.688192] calling  ext4_init_fs+0x0/0x1c2 @ 1
[    7.696634] initcall ext4_init_fs+0x0/0x1c2 returned 0 after 1261 usecs
[    7.706267] calling  journal_init+0x0/0x11c @ 1
[    7.712985] initcall journal_init+0x0/0x11c returned 0 after 320 usecs
[    7.721981] calling  init_fat_fs+0x0/0x49 @ 1
[    7.728490] initcall init_fat_fs+0x0/0x49 returned 0 after 225 usecs
[    7.737372] calling  init_vfat_fs+0x0/0xc @ 1
[    7.743607] initcall init_vfat_fs+0x0/0xc returned 0 after 53 usecs
[    7.752262] calling  init_msdos_fs+0x0/0xc @ 1
[    7.768639] initcall init_msdos_fs+0x0/0xc returned 0 after 3284 usecs
[    7.779188] calling  init_iso9660_fs+0x0/0x6c @ 1
[    7.790894] initcall init_iso9660_fs+0x0/0x6c returned 0 after 4671 usecs
[    7.801978] calling  init_nfs_fs+0x0/0x13a @ 1
[    7.822689] initcall init_nfs_fs+0x0/0x13a returned 0 after 13285 usecs
[    7.832546] calling  init_nfs_v2+0x0/0x13 @ 1
[    7.852088] initcall init_nfs_v2+0x0/0x13 returned 0 after 11270 usecs
[    7.860606] calling  init_nfs_v3+0x0/0x13 @ 1
[    7.866329] initcall init_nfs_v3+0x0/0x13 returned 0 after 2 usecs
[    7.874093] calling  init_nfs_v4+0x0/0x32 @ 1
[    7.879769] NFS: Registering the id_resolver key type
[    7.887215] Key type id_resolver registered
[    7.892790] Key type id_legacy registered
[    7.898914] initcall init_nfs_v4+0x0/0x32 returned 0 after 18795 usecs
[    7.906971] calling  init_nlm+0x0/0x5b @ 1
[    7.912468] initcall init_nlm+0x0/0x5b returned 0 after 107 usecs
[    7.920212] calling  init_nls_cp437+0x0/0xe @ 1
[    7.926308] initcall init_nls_cp437+0x0/0xe returned 0 after 146 usecs
[    7.934724] calling  init_nls_ascii+0x0/0xe @ 1
[    7.940772] initcall init_nls_ascii+0x0/0xe returned 0 after 12 usecs
[    7.949084] calling  init_nls_iso8859_1+0x0/0xe @ 1
[    7.955283] initcall init_nls_iso8859_1+0x0/0xe returned 0 after 2 usecs
[    7.963992] calling  init_nls_utf8+0x0/0x21 @ 1
[    7.969922] initcall init_nls_utf8+0x0/0x21 returned 0 after 2 usecs
[    7.978049] calling  init_autofs_fs+0x0/0x25 @ 1
[    7.989132] initcall init_autofs_fs+0x0/0x25 returned 0 after 4801 usecs
[    8.000057] calling  ipc_init+0x0/0x24 @ 1
[    8.006039] initcall ipc_init+0x0/0x24 returned 0 after 204 usecs
[    8.015479] calling  ipc_sysctl_init+0x0/0x13 @ 1
[    8.022707] initcall ipc_sysctl_init+0x0/0x13 returned 0 after 80 usecs
[    8.031872] calling  init_mqueue_fs+0x0/0xb1 @ 1
[    8.044044] initcall init_mqueue_fs+0x0/0xb1 returned 0 after 3942 usecs
[    8.055465] calling  key_proc_init+0x0/0x63 @ 1
[    8.063266] initcall key_proc_init+0x0/0x63 returned 0 after 34 usecs
[    8.074015] calling  selinux_nf_ip_init+0x0/0x2e @ 1
[    8.082710] initcall selinux_nf_ip_init+0x0/0x2e returned 0 after 342 usecs
[    8.094438] calling  init_sel_fs+0x0/0x116 @ 1
[    8.100673] initcall init_sel_fs+0x0/0x116 returned 0 after 1 usecs
[    8.109373] calling  selnl_init+0x0/0x7c @ 1
[    8.115731] initcall selnl_init+0x0/0x7c returned 0 after 440 usecs
[    8.124325] calling  sel_netif_init+0x0/0x36 @ 1
[    8.130842] initcall sel_netif_init+0x0/0x36 returned 0 after 1 usecs
[    8.139778] calling  sel_netnode_init+0x0/0x33 @ 1
[    8.146553] initcall sel_netnode_init+0x0/0x33 returned 0 after 1 usecs
[    8.155784] calling  sel_netport_init+0x0/0x33 @ 1
[    8.162329] initcall sel_netport_init+0x0/0x33 returned 0 after 3 usecs
[    8.171128] calling  aurule_init+0x0/0x2a @ 1
[    8.177071] initcall aurule_init+0x0/0x2a returned 0 after 2 usecs
[    8.185539] calling  crypto_algapi_init+0x0/0xc @ 1
[    8.192317] initcall crypto_algapi_init+0x0/0xc returned 0 after 8 usecs
[    8.201481] calling  jent_mod_init+0x0/0x2d @ 1
[    8.220331] initcall jent_mod_init+0x0/0x2d returned 0 after 12148 usecs
[    8.230199] calling  asymmetric_key_init+0x0/0xc @ 1
[    8.237609] Key type asymmetric registered
[    8.244349] initcall asymmetric_key_init+0x0/0xc returned 0 after 6582 usecs
[    8.255890] calling  x509_key_init+0x0/0xc @ 1
[    8.264234] Asymmetric key parser 'x509' registered
[    8.273126] initcall x509_key_init+0x0/0xc returned 0 after 9576 usecs
[    8.284688] calling  proc_genhd_init+0x0/0x41 @ 1
[    8.292905] initcall proc_genhd_init+0x0/0x41 returned 0 after 70 usecs
[    8.303675] calling  bsg_init+0x0/0x113 @ 1
[    8.311499] Block layer SCSI generic (bsg) driver version 0.4 loaded (major 251)
[    8.323716] initcall bsg_init+0x0/0x113 returned 0 after 12639 usecs
[    8.333410] calling  deadline_init+0x0/0xc @ 1
[    8.341421] io scheduler mq-deadline registered
[    8.348009] initcall deadline_init+0x0/0xc returned 0 after 6705 usecs
[    8.357055] calling  kyber_init+0x0/0xc @ 1
[    8.362876] io scheduler kyber registered
[    8.368629] initcall kyber_init+0x0/0xc returned 0 after 5653 usecs
[    8.377233] calling  mod_init+0x0/0x7 @ 1
[    8.383055] initcall mod_init+0x0/0x7 returned 0 after 0 usecs
[    8.391766] calling  percpu_counter_startup+0x0/0x55 @ 1
[    8.400921] initcall percpu_counter_startup+0x0/0x55 returned 0 after 674 usecs
[    8.412911] calling  sg_pool_init+0x0/0xb4 @ 1
[    8.421937] initcall sg_pool_init+0x0/0xb4 returned 0 after 1467 usecs
[    8.432076] calling  pcie_portdrv_init+0x0/0x39 @ 1
[    8.441824] initcall pcie_portdrv_init+0x0/0x39 returned 0 after 2601 usecs
[    8.452468] calling  pci_proc_init+0x0/0x68 @ 1
[    8.459625] initcall pci_proc_init+0x0/0x68 returned 0 after 188 usecs
[    8.469601] calling  pci_hotplug_init+0x0/0x7 @ 1
[    8.476787] initcall pci_hotplug_init+0x0/0x7 returned 0 after 0 usecs
[    8.486637] calling  efifb_driver_init+0x0/0xe @ 1
[    8.495020] initcall efifb_driver_init+0x0/0xe returned 0 after 1220 usecs
[    8.505802] calling  ged_driver_init+0x0/0xe @ 1
[    8.513848] initcall ged_driver_init+0x0/0xe returned 0 after 531 usecs
[    8.523756] calling  acpi_ac_init+0x0/0x92 @ 1
[    8.532901] initcall acpi_ac_init+0x0/0x92 returned 0 after 2757 usecs
[    8.542213] calling  acpi_button_driver_init+0x0/0x52 @ 1
[    8.552692] input: Power Button as /devices/LNXSYSTM:00/LNXPWRBN:00/input/input0
[    8.569761] ACPI: Power Button [PWRF]
[    8.577728] initcall acpi_button_driver_init+0x0/0x52 returned 0 after 26811 usecs
[    8.590229] calling  acpi_fan_driver_init+0x0/0xe @ 1
[    8.597439] initcall acpi_fan_driver_init+0x0/0xe returned 0 after 66 usecs
[    8.607258] calling  acpi_video_init+0x0/0xcb @ 1
[    8.614191] initcall acpi_video_init+0x0/0xcb returned 0 after 327 usecs
[    8.623336] calling  acpi_processor_driver_init+0x0/0xad @ 1
[    8.634221] initcall acpi_processor_driver_init+0x0/0xad returned 0 after 2829 usecs
[    8.644431] calling  acpi_thermal_init+0x0/0x71 @ 1
[    8.652694] initcall acpi_thermal_init+0x0/0x71 returned 0 after 1785 usecs
[    8.663294] calling  acpi_battery_init+0x0/0x32 @ 1
[    8.670988] initcall acpi_battery_init+0x0/0x32 returned 0 after 111 usecs
[    8.681691] calling  bgrt_init+0x0/0xb6 @ 1
[    8.688672] initcall bgrt_init+0x0/0xb6 returned -19 after 1 usecs
[    8.698333] calling  gpio_clk_driver_init+0x0/0xe @ 1
[    8.706937] initcall gpio_clk_driver_init+0x0/0xe returned 0 after 151 usecs
[    8.717191] calling  plt_clk_driver_init+0x0/0xe @ 1
[    8.725847] initcall plt_clk_driver_init+0x0/0xe returned 0 after 44 usecs
[    8.737648] calling  virtio_pci_driver_init+0x0/0x15 @ 1
[    8.748060] initcall virtio_pci_driver_init+0x0/0x15 returned 0 after 341 usecs
[    8.760729] calling  n_null_init+0x0/0x1e @ 1
[    8.768633] initcall n_null_init+0x0/0x1e returned 0 after 72 usecs
[    8.779433] calling  pty_init+0x0/0x1e8 @ 1
[    8.789052] initcall pty_init+0x0/0x1e8 returned 0 after 2134 usecs
[    8.798918] calling  sysrq_init+0x0/0x62 @ 1
[    8.805246] initcall sysrq_init+0x0/0x62 returned 0 after 12 usecs
[    8.814497] calling  serial8250_init+0x0/0x17e @ 1
[    8.822650] Serial: 8250/16550 driver, 4 ports, IRQ sharing enabled
[    8.836316] 00:03: ttyS0 at I/O 0x3f8 (irq = 4, base_baud = 115200) is a 16550A
[    8.859435] initcall serial8250_init+0x0/0x17e returned 0 after 36079 usecs
[    8.869837] calling  serial_pci_driver_init+0x0/0x15 @ 1
[    8.877892] initcall serial_pci_driver_init+0x0/0x15 returned 0 after 193 usecs
[    8.887721] calling  exar_pci_driver_init+0x0/0x15 @ 1
[    8.895019] initcall exar_pci_driver_init+0x0/0x15 returned 0 after 146 usecs
[    8.905426] calling  lpss8250_pci_driver_init+0x0/0x15 @ 1
[    8.913265] initcall lpss8250_pci_driver_init+0x0/0x15 returned 0 after 142 usecs
[    8.923473] calling  mid8250_pci_driver_init+0x0/0x15 @ 1
[    8.930894] initcall mid8250_pci_driver_init+0x0/0x15 returned 0 after 63 usecs
[    8.940930] calling  virtio_console_init+0x0/0xff @ 1
[    8.950992] initcall virtio_console_init+0x0/0xff returned 0 after 1429 usecs
[    8.963589] calling  hpet_init+0x0/0x64 @ 1
[    8.974412] initcall hpet_init+0x0/0x64 returned 0 after 3203 usecs
[    8.983638] calling  nvram_module_init+0x0/0x83 @ 1
[    8.991626] Non-volatile memory driver v1.3
[    8.997419] initcall nvram_module_init+0x0/0x83 returned 0 after 6860 usecs
[    9.007223] calling  hwrng_modinit+0x0/0x8a @ 1
[    9.015138] initcall hwrng_modinit+0x0/0x8a returned 0 after 1516 usecs
[    9.025447] calling  mod_init+0x0/0x48 @ 1
[    9.031649] initcall mod_init+0x0/0x48 returned -19 after 1 usecs
[    9.040907] calling  agp_init+0x0/0x23 @ 1
[    9.046860] Linux agpgart interface v0.103
[    9.052769] initcall agp_init+0x0/0x23 returned 0 after 5766 usecs
[    9.061260] calling  agp_amd64_mod_init+0x0/0x5 @ 1
[    9.068986] initcall agp_amd64_mod_init+0x0/0x5 returned -19 after 1051 usecs
[    9.079225] calling  agp_intel_init+0x0/0x28 @ 1
[    9.086895] initcall agp_intel_init+0x0/0x28 returned 0 after 1023 usecs
[    9.096126] calling  drm_kms_helper_init+0x0/0x7 @ 1
[    9.103958] initcall drm_kms_helper_init+0x0/0x7 returned 0 after 630 usecs
[    9.113715] calling  drm_core_init+0x0/0xbd @ 1
[    9.120723] initcall drm_core_init+0x0/0xbd returned 0 after 388 usecs
[    9.129019] calling  i915_init+0x0/0x6b @ 1
[    9.142117] initcall i915_init+0x0/0x6b returned 0 after 7277 usecs
[    9.151401] calling  cn_proc_init+0x0/0x35 @ 1
[    9.157854] initcall cn_proc_init+0x0/0x35 returned 0 after 88 usecs
[    9.167013] calling  topology_sysfs_init+0x0/0x27 @ 1
[    9.174723] initcall topology_sysfs_init+0x0/0x27 returned 0 after 371 usecs
[    9.184842] calling  cacheinfo_sysfs_init+0x0/0x27 @ 1
[    9.196778] initcall cacheinfo_sysfs_init+0x0/0x27 returned 0 after 4021 usecs
[    9.207955] calling  loop_init+0x0/0x16a @ 1
[    9.296272] loop: module loaded
[    9.317608] initcall loop_init+0x0/0x16a returned 0 after 98923 usecs
[    9.333355] calling  mac_hid_init+0x0/0x21 @ 1
[    9.350145] initcall mac_hid_init+0x0/0x21 returned 0 after 8960 usecs
[    9.362200] calling  spi_transport_init+0x0/0x74 @ 1
[    9.382070] initcall spi_transport_init+0x0/0x74 returned 0 after 11932 usecs
[    9.392928] calling  init_sd+0x0/0x18c @ 1
[    9.404567] initcall init_sd+0x0/0x18c returned 0 after 3786 usecs
[    9.415183] calling  init_sr+0x0/0x43 @ 1
[    9.421761] initcall init_sr+0x0/0x43 returned 0 after 256 usecs
[    9.430729] calling  init_sg+0x0/0x1c0 @ 1
[    9.443389] initcall init_sg+0x0/0x1c0 returned 0 after 5685 usecs
[    9.453381] calling  ahci_pci_driver_init+0x0/0x15 @ 1
[    9.467035] ahci 0000:00:1f.2: version 3.0
[    9.482466] PCI Interrupt Link [GSIA] enabled at IRQ 16
[    9.509145] ahci 0000:00:1f.2: AHCI 0001.0000 32 slots 6 ports 1.5 Gbps 0x3f impl SATA mode
[    9.522704] ahci 0000:00:1f.2: flags: 64bit ncq only 
[    9.577433] scsi host0: ahci
[    9.597299] scsi host1: ahci
[    9.615146] scsi host2: ahci
[    9.631479] scsi host3: ahci
[    9.642463] scsi host4: ahci
[    9.657264] scsi host5: ahci
[    9.664408] ata1: SATA max UDMA/133 abar m4096@0xfebf1000 port 0xfebf1100 irq 24
[    9.675937] ata2: SATA max UDMA/133 abar m4096@0xfebf1000 port 0xfebf1180 irq 24
[    9.688589] ata3: SATA max UDMA/133 abar m4096@0xfebf1000 port 0xfebf1200 irq 24
[    9.700844] ata4: SATA max UDMA/133 abar m4096@0xfebf1000 port 0xfebf1280 irq 24
[    9.712972] ata5: SATA max UDMA/133 abar m4096@0xfebf1000 port 0xfebf1300 irq 24
[    9.725274] ata6: SATA max UDMA/133 abar m4096@0xfebf1000 port 0xfebf1380 irq 24
[    9.739425] initcall ahci_pci_driver_init+0x0/0x15 returned 0 after 271098 usecs
[    9.751125] calling  piix_init+0x0/0x26 @ 1
[    9.758736] initcall piix_init+0x0/0x26 returned 0 after 293 usecs
[    9.768943] calling  amd_pci_driver_init+0x0/0x15 @ 1
[    9.777996] initcall amd_pci_driver_init+0x0/0x15 returned 0 after 521 usecs
[    9.789769] calling  oldpiix_pci_driver_init+0x0/0x15 @ 1
[    9.798991] initcall oldpiix_pci_driver_init+0x0/0x15 returned 0 after 120 usecs
[    9.811061] calling  sch_pci_driver_init+0x0/0x15 @ 1
[    9.819024] initcall sch_pci_driver_init+0x0/0x15 returned 0 after 80 usecs
[    9.830237] calling  net_olddevs_init+0x0/0x55 @ 1
[    9.838152] initcall net_olddevs_init+0x0/0x55 returned 0 after 540 usecs
[    9.849132] calling  blackhole_netdev_init+0x0/0x78 @ 1
[    9.860338] initcall blackhole_netdev_init+0x0/0x78 returned 0 after 2403 usecs
[    9.872489] calling  phy_module_init+0x0/0x13 @ 1
[    9.881780] initcall phy_module_init+0x0/0x13 returned 0 after 788 usecs
[    9.893203] calling  tg3_driver_init+0x0/0x15 @ 1
[    9.901489] initcall tg3_driver_init+0x0/0x15 returned 0 after 494 usecs
[    9.913429] calling  e100_init_module+0x0/0x4c @ 1
[    9.922350] e100: Intel(R) PRO/100 Network Driver
[    9.930503] e100: Copyright(c) 1999-2006 Intel Corporation
[    9.941101] initcall e100_init_module+0x0/0x4c returned 0 after 18320 usecs
[    9.954050] calling  e1000_init_module+0x0/0x72 @ 1
[    9.963189] e1000: Intel(R) PRO/1000 Network Driver
[    9.972754] e1000: Copyright (c) 1999-2006 Intel Corporation.
[    9.981981] initcall e1000_init_module+0x0/0x72 returned 0 after 18392 usecs
[    9.993092] calling  e1000_init_module+0x0/0x2d @ 1
[   10.001398] e1000e: Intel(R) PRO/1000 Network Driver
[   10.009767] e1000e: Copyright(c) 1999 - 2015 Intel Corporation.
[   10.019442] initcall e1000_init_module+0x0/0x2d returned 0 after 17919 usecs
[   10.032094] calling  sky2_init_module+0x0/0x21 @ 1
[   10.040497] sky2: driver version 1.30
[   10.047125] initcall sky2_init_module+0x0/0x21 returned 0 after 6506 usecs
[   10.055445] ata4: SATA link down (SStatus 0 SControl 300)
[   10.058742] calling  forcedeth_pci_driver_init+0x0/0x15 @ 1
[   10.072048] ata1: SATA link down (SStatus 0 SControl 300)
[   10.078152] initcall forcedeth_pci_driver_init+0x0/0x15 returned 0 after 234 usecs
[   10.093482] ata3: SATA link up 1.5 Gbps (SStatus 113 SControl 300)
[   10.098348] calling  rtl8139_init_module+0x0/0x15 @ 1
[   10.098764] initcall rtl8139_init_module+0x0/0x15 returned 0 after 401 usecs
[   10.115271] ata2: SATA link down (SStatus 0 SControl 300)
[   10.118106] calling  rtl8169_pci_driver_init+0x0/0x15 @ 1
[   10.118288] initcall rtl8169_pci_driver_init+0x0/0x15 returned 0 after 173 usecs
[   10.134810] ata5: SATA link down (SStatus 0 SControl 300)
[   10.139250] calling  cdrom_init+0x0/0xc @ 1
[   10.153012] ata6: SATA link down (SStatus 0 SControl 300)
[   10.162779] initcall cdrom_init+0x0/0xc returned 0 after 287 usecs
[   10.174032] ata3.00: ATAPI: QEMU DVD-ROM, 2.5+, max UDMA/100
[   10.180340] calling  nonstatic_sysfs_init+0x0/0xc @ 1
[   10.190307] ata3.00: applying bridge limits
[   10.200293] initcall nonstatic_sysfs_init+0x0/0xc returned 0 after 148 usecs
[   10.211895] ata3.00: configured for UDMA/100
[   10.218247] calling  yenta_cardbus_driver_init+0x0/0x15 @ 1
[   10.244076] scsi 2:0:0:0: CD-ROM            QEMU     QEMU DVD-ROM     2.5+ PQ: 0 ANSI: 5
[   10.252848] initcall yenta_cardbus_driver_init+0x0/0x15 returned 0 after 244 usecs
[   10.279858] calling  mon_init+0x0/0x144 @ 1
[   10.296371] sr 2:0:0:0: [sr0] scsi3-mmc drive: 4x/4x cd/rw xa/form2 tray
[   10.300964] initcall mon_init+0x0/0x144 returned 0 after 13441 usecs
[   10.307512] cdrom: Uniform CD-ROM driver Revision: 3.20
[   10.317453] calling  ehci_hcd_init+0x0/0x56 @ 1
[   10.334143] ehci_hcd: USB 2.0 'Enhanced' Host Controller (EHCI) Driver
[   10.344216] initcall ehci_hcd_init+0x0/0x56 returned 0 after 10071 usecs
[   10.355427] calling  ehci_pci_init+0x0/0x64 @ 1
[   10.363449] ehci-pci: EHCI PCI platform driver
[   10.371425] initcall ehci_pci_init+0x0/0x64 returned 0 after 8110 usecs
[   10.373780] sr 2:0:0:0: Attached scsi CD-ROM sr0
[   10.381541] calling  ohci_hcd_mod_init+0x0/0x4e @ 1
[   10.391175] sr 2:0:0:0: Attached scsi generic sg0 type 5
[   10.396966] ohci_hcd: USB 1.1 'Open' Host Controller (OHCI) Driver
[   10.416082] initcall ohci_hcd_mod_init+0x0/0x4e returned 0 after 19328 usecs
[   10.429401] calling  ohci_pci_init+0x0/0x64 @ 1
[   10.436222] ohci-pci: OHCI PCI platform driver
[   10.443777] initcall ohci_pci_init+0x0/0x64 returned 0 after 7380 usecs
[   10.454141] calling  uhci_hcd_init+0x0/0xa8 @ 1
[   10.461384] uhci_hcd: USB Universal Host Controller Interface driver
[   10.473014] initcall uhci_hcd_init+0x0/0xa8 returned 0 after 11382 usecs
[   10.483463] calling  xhci_hcd_init+0x0/0x1e @ 1
[   10.491479] initcall xhci_hcd_init+0x0/0x1e returned 0 after 841 usecs
[   10.501219] calling  xhci_pci_init+0x0/0x49 @ 1
[   10.508984] initcall xhci_pci_init+0x0/0x49 returned 0 after 753 usecs
[   10.519183] calling  usblp_driver_init+0x0/0x15 @ 1
[   10.527510] usbcore: registered new interface driver usblp
[   10.536921] initcall usblp_driver_init+0x0/0x15 returned 0 after 9820 usecs
[   10.549436] calling  usb_storage_driver_init+0x0/0x2a @ 1
[   10.558424] usbcore: registered new interface driver usb-storage
[   10.567875] initcall usb_storage_driver_init+0x0/0x2a returned 0 after 10128 usecs
[   10.579308] calling  i8042_init+0x0/0x4c2 @ 1
[   10.589073] i8042: PNP: PS/2 Controller [PNP0303:KBD,PNP0f13:MOU] at 0x60,0x64 irq 1,12
[   10.621848] serio: i8042 KBD port at 0x60,0x64 irq 1
[   10.631078] serio: i8042 AUX port at 0x60,0x64 irq 12
[   10.639602] initcall i8042_init+0x0/0x4c2 returned 0 after 51848 usecs
[   10.651093] calling  serport_init+0x0/0x2c @ 1
[   10.660178] initcall serport_init+0x0/0x2c returned 0 after 944 usecs
[   10.671235] calling  input_leds_init+0x0/0xc @ 1
[   10.680077] initcall input_leds_init+0x0/0xc returned 0 after 347 usecs
[   10.691931] calling  evdev_init+0x0/0xc @ 1
[   10.702977] initcall evdev_init+0x0/0xc returned 0 after 3587 usecs
[   10.714998] calling  atkbd_init+0x0/0x21 @ 1
[   10.728015] initcall atkbd_init+0x0/0x21 returned 0 after 5721 usecs
[   10.740125] calling  psmouse_init+0x0/0x7f @ 1
[   10.751175] initcall psmouse_init+0x0/0x7f returned 0 after 2538 usecs
[   10.762058] calling  cmos_init+0x0/0x73 @ 1
[   10.772073] rtc_cmos 00:04: RTC can wake from S4
[   10.782824] input: AT Translated Set 2 keyboard as /devices/platform/i8042/serio0/input/input1
[   10.792518] rtc_cmos 00:04: registered as rtc0
[   10.808356] rtc_cmos 00:04: alarms up to one day, y3k, 242 bytes nvram, hpet irqs
[   10.825218] initcall cmos_init+0x0/0x73 returned 0 after 53788 usecs
[   10.837156] calling  smbalert_driver_init+0x0/0xe @ 1
[   10.846965] initcall smbalert_driver_init+0x0/0xe returned 0 after 299 usecs
[   10.859221] calling  i2c_i801_init+0x0/0xc5 @ 1
[   10.874806] i801_smbus 0000:00:1f.3: SMBus using PCI interrupt
[   10.891454] i2c i2c-0: 1/1 memory slots populated (from DMI)
[   10.901301] i2c i2c-0: Memory type 0x07 not supported yet, not instantiating SPD
[   10.915114] initcall i2c_i801_init+0x0/0xc5 returned 0 after 46938 usecs
[   10.925443] calling  ptp_kvm_init+0x0/0xf0 @ 1
[   10.938614] initcall ptp_kvm_init+0x0/0xf0 returned 0 after 6237 usecs
[   10.948161] calling  dm_init+0x0/0x3c @ 1
[   10.960759] device-mapper: ioctl: 4.43.0-ioctl (2020-10-01) initialised: dm-devel@redhat.com
[   10.973756] initcall dm_init+0x0/0x3c returned 0 after 18198 usecs
[   10.984963] calling  dm_mirror_init+0x0/0x29 @ 1
[   10.991962] initcall dm_mirror_init+0x0/0x29 returned 0 after 3 usecs
[   11.000946] calling  dm_dirty_log_init+0x0/0x4f @ 1
[   11.008870] initcall dm_dirty_log_init+0x0/0x4f returned 0 after 841 usecs
[   11.020182] calling  dm_zero_init+0x0/0x29 @ 1
[   11.026256] initcall dm_zero_init+0x0/0x29 returned 0 after 2 usecs
[   11.034878] calling  intel_pstate_init+0x0/0x512 @ 1
[   11.042676] intel_pstate: CPU model not supported
[   11.049915] initcall intel_pstate_init+0x0/0x512 returned -19 after 7356 usecs
[   11.062655] calling  haltpoll_init+0x0/0xc0 @ 1
[   11.070736] initcall haltpoll_init+0x0/0xc0 returned -19 after 39 usecs
[   11.082049] calling  efivars_sysfs_init+0x0/0x30 @ 1
[   11.090515] initcall efivars_sysfs_init+0x0/0x30 returned 0 after 84 usecs
[   11.102121] calling  esrt_sysfs_init+0x0/0x2a2 @ 1
[   11.110668] initcall esrt_sysfs_init+0x0/0x2a2 returned -38 after 193 usecs
[   11.122200] calling  hid_init+0x0/0x5c @ 1
[   11.131444] hid: raw HID events driver (C) Jiri Kosina
[   11.139963] initcall hid_init+0x0/0x5c returned 0 after 9776 usecs
[   11.150250] calling  hid_generic_init+0x0/0x15 @ 1
[   11.157807] initcall hid_generic_init+0x0/0x15 returned 0 after 131 usecs
[   11.167487] calling  a4_driver_init+0x0/0x15 @ 1
[   11.174463] initcall a4_driver_init+0x0/0x15 returned 0 after 66 usecs
[   11.184011] calling  apple_driver_init+0x0/0x15 @ 1
[   11.191344] initcall apple_driver_init+0x0/0x15 returned 0 after 134 usecs
[   11.202749] calling  belkin_driver_init+0x0/0x15 @ 1
[   11.211683] initcall belkin_driver_init+0x0/0x15 returned 0 after 45 usecs
[   11.223043] calling  ch_driver_init+0x0/0x15 @ 1
[   11.230550] initcall ch_driver_init+0x0/0x15 returned 0 after 69 usecs
[   11.240858] calling  ch_driver_init+0x0/0x15 @ 1
[   11.249008] initcall ch_driver_init+0x0/0x15 returned 0 after 113 usecs
[   11.259360] calling  cp_driver_init+0x0/0x15 @ 1
[   11.266871] initcall cp_driver_init+0x0/0x15 returned 0 after 44 usecs
[   11.277571] calling  ez_driver_init+0x0/0x15 @ 1
[   11.286273] initcall ez_driver_init+0x0/0x15 returned 0 after 47 usecs
[   11.296339] calling  gyration_driver_init+0x0/0x15 @ 1
[   11.304701] initcall gyration_driver_init+0x0/0x15 returned 0 after 42 usecs
[   11.316207] calling  ite_driver_init+0x0/0x15 @ 1
[   11.323866] initcall ite_driver_init+0x0/0x15 returned 0 after 45 usecs
[   11.335382] calling  ks_driver_init+0x0/0x15 @ 1
[   11.343185] initcall ks_driver_init+0x0/0x15 returned 0 after 171 usecs
[   11.353089] calling  lg_driver_init+0x0/0x15 @ 1
[   11.360096] initcall lg_driver_init+0x0/0x15 returned 0 after 54 usecs
[   11.371150] calling  lg_g15_driver_init+0x0/0x15 @ 1
[   11.379435] initcall lg_g15_driver_init+0x0/0x15 returned 0 after 119 usecs
[   11.390875] calling  ms_driver_init+0x0/0x15 @ 1
[   11.398492] initcall ms_driver_init+0x0/0x15 returned 0 after 104 usecs
[   11.408914] calling  mr_driver_init+0x0/0x15 @ 1
[   11.416109] initcall mr_driver_init+0x0/0x15 returned 0 after 104 usecs
[   11.429400] calling  ntrig_driver_init+0x0/0x15 @ 1
[   11.438349] initcall ntrig_driver_init+0x0/0x15 returned 0 after 130 usecs
[   11.450706] calling  pl_driver_init+0x0/0x15 @ 1
[   11.458923] initcall pl_driver_init+0x0/0x15 returned 0 after 51 usecs
[   11.470685] calling  pl_driver_init+0x0/0x15 @ 1
[   11.479076] initcall pl_driver_init+0x0/0x15 returned 0 after 48 usecs
[   11.491466] calling  redragon_driver_init+0x0/0x15 @ 1
[   11.501788] initcall redragon_driver_init+0x0/0x15 returned 0 after 112 usecs
[   11.513287] calling  samsung_driver_init+0x0/0x15 @ 1
[   11.521495] initcall samsung_driver_init+0x0/0x15 returned 0 after 147 usecs
[   11.523496] input: ImExPS/2 Generic Explorer Mouse as /devices/platform/i8042/serio1/input/input3
[   11.532922] calling  sony_init+0x0/0x38 @ 1
[   11.532977] initcall sony_init+0x0/0x38 returned 0 after 47 usecs
[   11.565180] calling  sp_driver_init+0x0/0x15 @ 1
[   11.573655] initcall sp_driver_init+0x0/0x15 returned 0 after 253 usecs
[   11.585127] calling  ts_driver_init+0x0/0x15 @ 1
[   11.592886] initcall ts_driver_init+0x0/0x15 returned 0 after 52 usecs
[   11.604296] calling  hid_init+0x0/0x58 @ 1
[   11.611806] usbcore: registered new interface driver usbhid
[   11.621039] usbhid: USB HID core driver
[   11.627320] initcall hid_init+0x0/0x58 returned 0 after 15545 usecs
[   11.637212] calling  eeepc_laptop_init+0x0/0x57 @ 1
[   11.646474] initcall eeepc_laptop_init+0x0/0x57 returned -19 after 1692 usecs
[   11.656578] calling  pmc_atom_init+0x0/0x27a @ 1
[   11.663338] initcall pmc_atom_init+0x0/0x27a returned -19 after 9 usecs
[   11.673019] calling  alsa_hwdep_init+0x0/0x5e @ 1
[   11.680871] initcall alsa_hwdep_init+0x0/0x5e returned 0 after 846 usecs
[   11.690896] calling  alsa_timer_init+0x0/0x1f9 @ 1
[   11.698922] initcall alsa_timer_init+0x0/0x1f9 returned 0 after 888 usecs
[   11.709659] calling  snd_hrtimer_init+0x0/0x117 @ 1
[   11.717410] initcall snd_hrtimer_init+0x0/0x117 returned 0 after 19 usecs
[   11.729699] calling  alsa_pcm_init+0x0/0x64 @ 1
[   11.736593] initcall alsa_pcm_init+0x0/0x64 returned 0 after 16 usecs
[   11.746392] calling  alsa_seq_init+0x0/0x4a @ 1
[   11.756893] initcall alsa_seq_init+0x0/0x4a returned 0 after 3533 usecs
[   11.766730] calling  alsa_seq_dummy_init+0x0/0x9c @ 1
[   11.776275] initcall alsa_seq_dummy_init+0x0/0x9c returned 0 after 744 usecs
[   11.785854] calling  azx_driver_init+0x0/0x15 @ 1
[   11.798118] initcall azx_driver_init+0x0/0x15 returned 0 after 833 usecs
[   11.824328] calling  sock_diag_init+0x0/0x2a @ 1
[   11.845314] initcall sock_diag_init+0x0/0x2a returned 0 after 1353 usecs
[   11.854931] calling  blackhole_init+0x0/0xc @ 1
[   11.878197] initcall blackhole_init+0x0/0xc returned 0 after 4 usecs
[   11.887258] calling  nfnetlink_init+0x0/0x61 @ 1
[   11.996722] initcall nfnetlink_init+0x0/0x61 returned 0 after 83869 usecs
[   12.008490] calling  nfnetlink_log_init+0x0/0x99 @ 1
[   12.021681] initcall nfnetlink_log_init+0x0/0x99 returned 0 after 5570 usecs
[   12.030999] tasks-torture: rcu_torture_read_exit: End of episode
[   12.031972] calling  nf_conntrack_standalone_init+0x0/0x87 @ 1
[   12.074826] initcall nf_conntrack_standalone_init+0x0/0x87 returned 0 after 4792 usecs
[   12.086598] calling  ctnetlink_init+0x0/0x83 @ 1
[   12.094360] initcall ctnetlink_init+0x0/0x83 returned 0 after 90 usecs
[   12.103710] calling  nf_conntrack_ftp_init+0x0/0x12c @ 1
[   12.112494] initcall nf_conntrack_ftp_init+0x0/0x12c returned 0 after 66 usecs
[   12.127245] calling  nf_conntrack_irc_init+0x0/0x129 @ 1
[   12.136809] initcall nf_conntrack_irc_init+0x0/0x129 returned 0 after 1291 usecs
[   12.147902] calling  nf_conntrack_sip_init+0x0/0x172 @ 1
[   12.160324] initcall nf_conntrack_sip_init+0x0/0x172 returned 0 after 13 usecs
[   12.170665] calling  nf_nat_init+0x0/0xf0 @ 1
[   12.181855] initcall nf_nat_init+0x0/0xf0 returned 0 after 1560 usecs
[   12.200312] calling  nf_nat_ftp_init+0x0/0x2a @ 1
[   12.207429] initcall nf_nat_ftp_init+0x0/0x2a returned 0 after 92 usecs
[   12.217468] calling  nf_nat_irc_init+0x0/0x2a @ 1
[   12.224419] initcall nf_nat_irc_init+0x0/0x2a returned 0 after 3 usecs
[   12.233751] calling  nf_nat_sip_init+0x0/0x36 @ 1
[   12.240648] initcall nf_nat_sip_init+0x0/0x36 returned 0 after 4 usecs
[   12.250397] calling  xt_init+0x0/0x146 @ 1
[   12.256480] initcall xt_init+0x0/0x146 returned 0 after 87 usecs
[   12.266003] calling  tcpudp_mt_init+0x0/0x11 @ 1
[   12.272979] initcall tcpudp_mt_init+0x0/0x11 returned 0 after 363 usecs
[   12.287000] calling  connsecmark_tg_init+0x0/0xc @ 1
[   12.294024] initcall connsecmark_tg_init+0x0/0xc returned 0 after 3 usecs
[   12.304410] calling  nflog_tg_init+0x0/0xc @ 1
[   12.310570] initcall nflog_tg_init+0x0/0xc returned 0 after 2 usecs
[   12.319222] calling  secmark_tg_init+0x0/0x11 @ 1
[   12.326080] initcall secmark_tg_init+0x0/0x11 returned 0 after 3 usecs
[   12.335405] calling  tcpmss_tg_init+0x0/0x11 @ 1
[   12.342073] initcall tcpmss_tg_init+0x0/0x11 returned 0 after 3 usecs
[   12.351833] calling  conntrack_mt_init+0x0/0x11 @ 1
