c[?7l[2J[0mSeaBIOS (version 1.16.0-debian-1.16.0-4)
Booting from ROM...
early console in setup code
c[?7l[2J[    0.000000] Linux version 5.10.152+ (root@joelboxx.c.googlers.com) (gcc (Debian 12.2.0-3) 12.2.0, GNU ld (GNU Binutils for Debian) 2.39) #2 SMP Tue Dec 13 08:08:05 UTC 2022
[    0.000000] Command line: selinux=0 initcall_debug debug console=ttyS0 nohz_full=2-9 rcutorture.onoff_interval=1000 rcutorture.onoff_holdoff=30 rcutorture.n_barrier_cbs=4 rcutorture.stat_interval=15 rcutorture.shutdown_secs=1800 rcutorture.test_no_idle_hz=1 rcutorture.verbose=1
[    0.000000] x86/fpu: x87 FPU will use FXSAVE
[    0.000000] BIOS-provided physical RAM map:
[    0.000000] BIOS-e820: [mem 0x0000000000000000-0x000000000009fbff] usable
[    0.000000] BIOS-e820: [mem 0x000000000009fc00-0x000000000009ffff] reserved
[    0.000000] BIOS-e820: [mem 0x00000000000f0000-0x00000000000fffff] reserved
[    0.000000] BIOS-e820: [mem 0x0000000000100000-0x000000001ffdefff] usable
[    0.000000] BIOS-e820: [mem 0x000000001ffdf000-0x000000001fffffff] reserved
[    0.000000] BIOS-e820: [mem 0x00000000b0000000-0x00000000bfffffff] reserved
[    0.000000] BIOS-e820: [mem 0x00000000fed1c000-0x00000000fed1ffff] reserved
[    0.000000] BIOS-e820: [mem 0x00000000feffc000-0x00000000feffffff] reserved
[    0.000000] BIOS-e820: [mem 0x00000000fffc0000-0x00000000ffffffff] reserved
[    0.000000] NX (Execute Disable) protection: active
[    0.000000] SMBIOS 2.8 present.
[    0.000000] DMI: QEMU Standard PC (Q35 + ICH9, 2009), BIOS 1.16.0-debian-1.16.0-4 04/01/2014
[    0.000000] Hypervisor detected: KVM
[    0.000000] kvm-clock: Using msrs 4b564d01 and 4b564d00
[    0.000000] kvm-clock: cpu 0, msr 78ac001, primary cpu clock
[    0.000001] kvm-clock: using sched offset of 1843588999 cycles
[    0.000153] clocksource: kvm-clock: mask: 0xffffffffffffffff max_cycles: 0x1cd42e4dffb, max_idle_ns: 881590591483 ns
[    0.000226] tsc: Detected 1999.999 MHz processor
[    0.008289] e820: update [mem 0x00000000-0x00000fff] usable ==> reserved
[    0.008294] e820: remove [mem 0x000a0000-0x000fffff] usable
[    0.008301] last_pfn = 0x1ffdf max_arch_pfn = 0x400000000
[    0.009145] MTRR default type: write-back
[    0.009210] MTRR fixed ranges enabled:
[    0.009212]   00000-9FFFF write-back
[    0.009213]   A0000-BFFFF uncachable
[    0.009214]   C0000-FFFFF write-protect
[    0.009216] MTRR variable ranges enabled:
[    0.009218]   0 base 00C0000000 mask FFC0000000 uncachable
[    0.009219]   1 disabled
[    0.009220]   2 disabled
[    0.009220]   3 disabled
[    0.009221]   4 disabled
[    0.009222]   5 disabled
[    0.009223]   6 disabled
[    0.009223]   7 disabled
[    0.009500] x86/PAT: Configuration [0-7]: WB  WC  UC- UC  WB  WC  UC- UC  
[    0.018749] found SMP MP-table at [mem 0x000f5ba0-0x000f5baf]
[    0.021836] check: Scanning 1 areas for low memory corruption
[    0.033709] ACPI: Early table checksum verification disabled
[    0.036089] ACPI: RSDP 0x00000000000F59E0 000014 (v00 BOCHS )
[    0.036521] ACPI: RSDT 0x000000001FFE281A 000038 (v01 BOCHS  BXPC     00000001 BXPC 00000001)
[    0.036776] ACPI: FACP 0x000000001FFE259A 0000F4 (v03 BOCHS  BXPC     00000001 BXPC 00000001)
[    0.036965] ACPI: DSDT 0x000000001FFE0040 00255A (v01 BOCHS  BXPC     00000001 BXPC 00000001)
[    0.036969] ACPI: FACS 0x000000001FFE0000 000040
[    0.036974] ACPI: APIC 0x000000001FFE268E 0000F0 (v01 BOCHS  BXPC     00000001 BXPC 00000001)
[    0.036978] ACPI: HPET 0x000000001FFE277E 000038 (v01 BOCHS  BXPC     00000001 BXPC 00000001)
[    0.036982] ACPI: MCFG 0x000000001FFE27B6 00003C (v01 BOCHS  BXPC     00000001 BXPC 00000001)
[    0.036986] ACPI: WAET 0x000000001FFE27F2 000028 (v01 BOCHS  BXPC     00000001 BXPC 00000001)
[    0.036990] ACPI: Reserving FACP table memory at [mem 0x1ffe259a-0x1ffe268d]
[    0.036992] ACPI: Reserving DSDT table memory at [mem 0x1ffe0040-0x1ffe2599]
[    0.036993] ACPI: Reserving FACS table memory at [mem 0x1ffe0000-0x1ffe003f]
[    0.036994] ACPI: Reserving APIC table memory at [mem 0x1ffe268e-0x1ffe277d]
[    0.036995] ACPI: Reserving HPET table memory at [mem 0x1ffe277e-0x1ffe27b5]
[    0.036996] ACPI: Reserving MCFG table memory at [mem 0x1ffe27b6-0x1ffe27f1]
[    0.036997] ACPI: Reserving WAET table memory at [mem 0x1ffe27f2-0x1ffe2819]
[    0.038204] ACPI: Local APIC address 0xfee00000
[    0.043101] No NUMA configuration found
[    0.043103] Faking a node at [mem 0x0000000000000000-0x000000001ffdefff]
[    0.043359] NODE_DATA(0) allocated [mem 0x1ffdb000-0x1ffdefff]
[    0.045470] Zone ranges:
[    0.045633]   DMA      [mem 0x0000000000001000-0x0000000000ffffff]
[    0.045699]   DMA32    [mem 0x0000000001000000-0x000000001ffdefff]
[    0.045701]   Normal   empty
[    0.045703] Movable zone start for each node
[    0.045705] Early memory node ranges
[    0.045778]   node   0: [mem 0x0000000000001000-0x000000000009efff]
[    0.045860]   node   0: [mem 0x0000000000100000-0x000000001ffdefff]
[    0.045996] Initmem setup node 0 [mem 0x0000000000001000-0x000000001ffdefff]
[    0.045999] On node 0 totalpages: 130941
[    0.046001]   DMA zone: 64 pages used for memmap
[    0.046002]   DMA zone: 21 pages reserved
[    0.046004]   DMA zone: 3998 pages, LIFO batch:0
[    0.046006]   DMA32 zone: 1984 pages used for memmap
[    0.046007]   DMA32 zone: 126943 pages, LIFO batch:31
[    0.049599] On node 0, zone DMA: 1 pages in unavailable ranges
[    0.055890] On node 0, zone DMA: 97 pages in unavailable ranges
[    0.243656] On node 0, zone DMA32: 33 pages in unavailable ranges
[    0.250594] ACPI: PM-Timer IO Port: 0x608
[    0.250772] ACPI: Local APIC address 0xfee00000
[    0.251496] ACPI: LAPIC_NMI (acpi_id[0xff] dfl dfl lint[0x1])
[    0.253461] IOAPIC[0]: apic_id 0, version 17, address 0xfec00000, GSI 0-23
[    0.253465] ACPI: INT_SRC_OVR (bus 0 bus_irq 0 global_irq 2 dfl dfl)
[    0.253755] ACPI: INT_SRC_OVR (bus 0 bus_irq 5 global_irq 5 high level)
[    0.253874] ACPI: INT_SRC_OVR (bus 0 bus_irq 9 global_irq 9 high level)
[    0.254104] ACPI: INT_SRC_OVR (bus 0 bus_irq 10 global_irq 10 high level)
[    0.254106] ACPI: INT_SRC_OVR (bus 0 bus_irq 11 global_irq 11 high level)
[    0.254108] ACPI: IRQ0 used by override.
[    0.254109] ACPI: IRQ5 used by override.
[    0.254110] ACPI: IRQ9 used by override.
[    0.254111] ACPI: IRQ10 used by override.
[    0.254112] ACPI: IRQ11 used by override.
[    0.254221] Using ACPI (MADT) for SMP configuration information
[    0.254342] ACPI: HPET id: 0x8086a201 base: 0xfed00000
[    0.255145] smpboot: Allowing 16 CPUs, 0 hotplug CPUs
[    0.257797] PM: hibernation: Registered nosave memory: [mem 0x00000000-0x00000fff]
[    0.257802] PM: hibernation: Registered nosave memory: [mem 0x0009f000-0x0009ffff]
[    0.257803] PM: hibernation: Registered nosave memory: [mem 0x000a0000-0x000effff]
[    0.257804] PM: hibernation: Registered nosave memory: [mem 0x000f0000-0x000fffff]
[    0.257899] [mem 0x20000000-0xafffffff] available for PCI devices
[    0.258076] Booting paravirtualized kernel on KVM
[    0.258656] clocksource: refined-jiffies: mask: 0xffffffff max_cycles: 0xffffffff, max_idle_ns: 1910969940391419 ns
[    0.304184] setup_percpu: NR_CPUS:16 nr_cpumask_bits:16 nr_cpu_ids:16 nr_node_ids:1
[    0.398978] percpu: Embedded 56 pages/cpu s191448 r8192 d29736 u262144
[    0.399079] pcpu-alloc: s191448 r8192 d29736 u262144 alloc=1*2097152
[    0.399164] pcpu-alloc: [0] 00 01 02 03 04 05 06 07 [0] 08 09 10 11 12 13 14 15 
[    0.399696] kvm-guest: stealtime: cpu 0, msr 1f21b600
[    0.400603] Built 1 zonelists, mobility grouping on.  Total pages: 128872
[    0.400605] Policy zone: DMA32
[    0.400777] Kernel command line: selinux=0 initcall_debug debug console=ttyS0 nohz_full=2-9 rcutorture.onoff_interval=1000 rcutorture.onoff_holdoff=30 rcutorture.n_barrier_cbs=4 rcutorture.stat_interval=15 rcutorture.shutdown_secs=1800 rcutorture.test_no_idle_hz=1 rcutorture.verbose=1
[    0.428398] Dentry cache hash table entries: 65536 (order: 7, 524288 bytes, linear)
[    0.434253] Inode-cache hash table entries: 32768 (order: 6, 262144 bytes, linear)
[    0.435256] mem auto-init: stack:all(zero), heap alloc:off, heap free:off
[    0.597627] Memory: 477988K/523764K available (14349K kernel code, 2565K rwdata, 4704K rodata, 1504K init, 1464K bss, 45516K reserved, 0K cma-reserved)
[    0.598531] SLUB: HWalign=64, Order=0-3, MinObjects=0, CPUs=16, Nodes=1
[    0.599279] Kernel/User page tables isolation: enabled
[    0.612944] rcu: Hierarchical RCU implementation.
[    0.612948] rcu: 	RCU event tracing is enabled.
[    0.612950] rcu: 	CONFIG_RCU_FANOUT set to non-default value of 2.
[    0.612951] rcu: 	Four(or more)-level hierarchy is enabled.
[    0.612952] rcu: 	Build-time adjustment of leaf fanout to 2.
[    0.613225] 	Trampoline variant of Tasks RCU enabled.
[    0.613227] 	Rude variant of Tasks RCU enabled.
[    0.613228] 	Tracing variant of Tasks RCU enabled.
[    0.613387] rcu: RCU calculated value of scheduler-enlistment delay is 100 jiffies.
[    0.646247] NR_IRQS: 4352, nr_irqs: 552, preallocated irqs: 16
[    0.650580] NO_HZ: Full dynticks CPUs: 2-9.
[    0.650584] rcu: 	Offload RCU callbacks from CPUs: 2-9.
[    0.656830] calling  con_init+0x0/0x22a @ 0
[    0.839244] Console: colour VGA+ 80x25
[    0.839257] initcall con_init+0x0/0x22a returned 0 after 0 usecs
[    0.839322] calling  hvc_console_init+0x0/0x13 @ 0
[    0.839380] initcall hvc_console_init+0x0/0x13 returned 0 after 0 usecs
[    0.839382] calling  univ8250_console_init+0x0/0x26 @ 0
[    1.789356] printk: console [ttyS0] enabled
[    1.794610] initcall univ8250_console_init+0x0/0x26 returned 0 after 0 usecs
[    1.803793] ACPI: Core revision 20200925
[    1.810835] clocksource: hpet: mask: 0xffffffff max_cycles: 0xffffffff, max_idle_ns: 19112604467 ns
[    1.821945] APIC: Switch to symmetric I/O mode setup
[    1.827810] Switched APIC routing to physical flat.
[    1.848478] ..TIMER: vector=0x30 apic1=0 pin1=2 apic2=-1 pin2=-1
[    1.856337] clocksource: tsc-early: mask: 0xffffffffffffffff max_cycles: 0x39a85afc727, max_idle_ns: 881590685098 ns
[    1.868336] Calibrating delay loop (skipped) preset value.. 3999.99 BogoMIPS (lpj=1999999)
[    1.869242] pid_max: default: 32768 minimum: 301
[    1.871207] LSM: Security Framework initializing
[    1.872477] Mount-cache hash table entries: 1024 (order: 1, 8192 bytes, linear)
[    1.874193] Mountpoint-cache hash table entries: 1024 (order: 1, 8192 bytes, linear)
[    1.881012] Last level iTLB entries: 4KB 0, 2MB 0, 4MB 0
[    1.881191] Last level dTLB entries: 4KB 0, 2MB 0, 4MB 0, 1GB 0
[    1.882274] Spectre V1 : Mitigation: usercopy/swapgs barriers and __user pointer sanitization
[    1.883193] Spectre V2 : Mitigation: Retpolines
[    1.884191] Spectre V2 : Spectre v2 / SpectreRSB mitigation: Filling RSB on context switch
[    1.885192] Spectre V2 : Spectre v2 / SpectreRSB : Filling RSB on VMEXIT
[    1.886193] Speculative Store Bypass: Vulnerable
[    1.887212] MDS: Vulnerable: Clear CPU buffers attempted, no microcode
[    1.888191] MMIO Stale Data: Unknown: No mitigations
[    1.948244] Freeing SMP alternatives memory: 44K
[    2.053187] smpboot: CPU0: Intel Common KVM processor (family: 0xf, model: 0x6, stepping: 0x1)
[    2.054008] calling  init_hw_perf_events+0x0/0x6ce @ 1
[    2.055190] Performance Events: unsupported Netburst CPU model 6 no PMU driver, software events only.
[    2.056197] initcall init_hw_perf_events+0x0/0x6ce returned 0 after 976 usecs
[    2.057196] calling  init_real_mode+0x0/0x1e9 @ 1
[    2.058542] initcall init_real_mode+0x0/0x1e9 returned 0 after 0 usecs
[    2.059196] calling  trace_init_perf_perm_irq_work_exit+0x0/0x12 @ 1
[    2.060259] initcall trace_init_perf_perm_irq_work_exit+0x0/0x12 returned 0 after 0 usecs
[    2.061212] calling  validate_x2apic+0x0/0x4a @ 1
[    2.062228] initcall validate_x2apic+0x0/0x4a returned 0 after 0 usecs
[    2.064194] calling  register_nmi_cpu_backtrace_handler+0x0/0x15 @ 1
[    2.065193] initcall register_nmi_cpu_backtrace_handler+0x0/0x15 returned 0 after 0 usecs
[    2.066194] calling  kvm_setup_vsyscall_timeinfo+0x0/0xce @ 1
[    2.067194] initcall kvm_setup_vsyscall_timeinfo+0x0/0xce returned 0 after 0 usecs
[    2.068194] calling  spawn_ksoftirqd+0x0/0x38 @ 1
[    2.069306] initcall spawn_ksoftirqd+0x0/0x38 returned 0 after 0 usecs
[    2.070194] calling  migration_init+0x0/0x3c @ 1
[    2.071194] initcall migration_init+0x0/0x3c returned 0 after 0 usecs
[    2.072207] calling  srcu_bootup_announce+0x0/0x2f @ 1
[    2.073190] rcu: Hierarchical SRCU implementation.
[    2.074216] initcall srcu_bootup_announce+0x0/0x2f returned 0 after 976 usecs
[    2.075192] calling  rcu_spawn_gp_kthread+0x0/0x1dd @ 1
[    2.076287] initcall rcu_spawn_gp_kthread+0x0/0x1dd returned 0 after 0 usecs
[    2.077205] calling  check_cpu_stall_init+0x0/0x1a @ 1
[    2.078194] initcall check_cpu_stall_init+0x0/0x1a returned 0 after 0 usecs
[    2.079195] calling  rcu_sysrq_init+0x0/0x21 @ 1
[    2.080193] initcall rcu_sysrq_init+0x0/0x21 returned 0 after 0 usecs
[    2.081194] calling  trace_init_flags_sys_enter+0x0/0xe @ 1
[    2.082207] initcall trace_init_flags_sys_enter+0x0/0xe returned 0 after 0 usecs
[    2.083193] calling  trace_init_flags_sys_exit+0x0/0xe @ 1
[    2.084193] initcall trace_init_flags_sys_exit+0x0/0xe returned 0 after 0 usecs
[    2.085197] calling  cpu_stop_init+0x0/0x6e @ 1
[    2.086323] initcall cpu_stop_init+0x0/0x6e returned 0 after 0 usecs
[    2.087201] calling  init_kprobes+0x0/0x165 @ 1
[    2.089969] initcall init_kprobes+0x0/0x165 returned 0 after 0 usecs
[    2.091253] calling  init_events+0x0/0x3d @ 1
[    2.092568] initcall init_events+0x0/0x3d returned 0 after 0 usecs
[    2.093194] calling  init_trace_printk+0x0/0xc @ 1
[    2.094194] initcall init_trace_printk+0x0/0xc returned 0 after 0 usecs
[    2.095194] calling  event_trace_enable_again+0x0/0x23 @ 1
[    2.096194] initcall event_trace_enable_again+0x0/0x23 returned 0 after 0 usecs
[    2.097194] calling  static_call_init+0x0/0x77 @ 1
[    2.098193] initcall static_call_init+0x0/0x77 returned 0 after 0 usecs
[    2.099194] calling  jump_label_init_module+0x0/0xc @ 1
[    2.100194] initcall jump_label_init_module+0x0/0xc returned 0 after 0 usecs
[    2.101194] calling  init_zero_pfn+0x0/0x37 @ 1
[    2.102194] initcall init_zero_pfn+0x0/0x37 returned 0 after 0 usecs
[    2.103193] calling  initialize_ptr_random+0x0/0x54 @ 1
[    2.104243] initcall initialize_ptr_random+0x0/0x54 returned 0 after 0 usecs
[    2.106199] calling  efi_memreserve_root_init+0x0/0x25 @ 1
[    2.107261] initcall efi_memreserve_root_init+0x0/0x25 returned 0 after 0 usecs
[    2.108198] calling  efi_earlycon_remap_fb+0x0/0x51 @ 1
[    2.109368] initcall efi_earlycon_remap_fb+0x0/0x51 returned 0 after 0 usecs
[    2.113088] smp: Bringing up secondary CPUs ...
[    2.113884] x86: Booting SMP configuration:
[    2.114224] .... node  #0, CPUs:        #1
[    1.213486] kvm-clock: cpu 1, msr 78ac041, secondary cpu clock
[    2.139414] kvm-guest: stealtime: cpu 1, msr 1f25b600
[    2.157198]   #2
[    1.213486] kvm-clock: cpu 2, msr 78ac081, secondary cpu clock
[    2.180606] kvm-guest: stealtime: cpu 2, msr 1f29b600
[    2.198065]   #3
[    1.213486] kvm-clock: cpu 3, msr 78ac0c1, secondary cpu clock
[    2.221188] kvm-guest: stealtime: cpu 3, msr 1f2db600
[    2.235698]   #4
[    1.213486] kvm-clock: cpu 4, msr 78ac101, secondary cpu clock
[    2.258188] kvm-guest: stealtime: cpu 4, msr 1f31b600
[    2.273782]   #5
[    1.213486] kvm-clock: cpu 5, msr 78ac141, secondary cpu clock
[    2.296577] kvm-guest: stealtime: cpu 5, msr 1f35b600
[    2.310824]   #6
[    1.213486] kvm-clock: cpu 6, msr 78ac181, secondary cpu clock
[    2.332516] kvm-guest: stealtime: cpu 6, msr 1f39b600
[    2.346872]   #7
[    1.213486] kvm-clock: cpu 7, msr 78ac1c1, secondary cpu clock
[    2.369514] kvm-guest: stealtime: cpu 7, msr 1f3db600
[    2.384101]   #8
[    1.213486] kvm-clock: cpu 8, msr 78ac201, secondary cpu clock
[    2.406524] kvm-guest: stealtime: cpu 8, msr 1f41b600
[    2.421692]   #9
[    1.213486] kvm-clock: cpu 9, msr 78ac241, secondary cpu clock
[    2.444664] kvm-guest: stealtime: cpu 9, msr 1f45b600
[    2.460756]  #10
[    1.213486] kvm-clock: cpu 10, msr 78ac281, secondary cpu clock
[    2.485333] kvm-guest: stealtime: cpu 10, msr 1f49b600
[    2.503195]  #11
[    1.213486] kvm-clock: cpu 11, msr 78ac2c1, secondary cpu clock
[    2.526466] kvm-guest: stealtime: cpu 11, msr 1f4db600
[    2.541034]  #12
[    1.213486] kvm-clock: cpu 12, msr 78ac301, secondary cpu clock
[    2.566594] kvm-guest: stealtime: cpu 12, msr 1f51b600
[    2.583862]  #13
[    1.213486] kvm-clock: cpu 13, msr 78ac341, secondary cpu clock
[    2.606392] kvm-guest: stealtime: cpu 13, msr 1f55b600
[    2.621605]  #14
[    1.213486] kvm-clock: cpu 14, msr 78ac381, secondary cpu clock
[    2.645345] kvm-guest: stealtime: cpu 14, msr 1f59b600
[    2.661857]  #15
[    1.213486] kvm-clock: cpu 15, msr 78ac3c1, secondary cpu clock
[    2.685336] kvm-guest: stealtime: cpu 15, msr 1f5db600
[    2.704205] smp: Brought up 1 node, 16 CPUs
[    2.705197] smpboot: Max logical packages: 1
[    2.706193] smpboot: Total of 16 processors activated (63999.96 BogoMIPS)
[    2.730449] devtmpfs: initialized
[    2.733883] calling  ipc_ns_init+0x0/0x3d @ 1
[    2.735198] initcall ipc_ns_init+0x0/0x3d returned 0 after 976 usecs
[    2.736193] calling  init_mmap_min_addr+0x0/0x21 @ 1
[    2.737196] initcall init_mmap_min_addr+0x0/0x21 returned 0 after 0 usecs
[    2.738195] calling  pci_realloc_setup_params+0x0/0x3f @ 1
[    2.739195] initcall pci_realloc_setup_params+0x0/0x3f returned 0 after 0 usecs
[    2.740211] calling  net_ns_init+0x0/0x11c @ 1
[    2.742394] initcall net_ns_init+0x0/0x11c returned 0 after 976 usecs
[    2.743214] calling  e820__register_nvs_regions+0x0/0x37 @ 1
[    2.744214] initcall e820__register_nvs_regions+0x0/0x37 returned 0 after 0 usecs
[    2.745207] calling  cpufreq_register_tsc_scaling+0x0/0x2e @ 1
[    2.746192] initcall cpufreq_register_tsc_scaling+0x0/0x2e returned 0 after 0 usecs
[    2.747194] calling  reboot_init+0x0/0x3c @ 1
[    2.748286] initcall reboot_init+0x0/0x3c returned 0 after 0 usecs
[    2.749197] calling  init_lapic_sysfs+0x0/0x20 @ 1
[    2.750196] initcall init_lapic_sysfs+0x0/0x20 returned 0 after 0 usecs
[    2.751195] calling  alloc_frozen_cpus+0x0/0x7 @ 1
[    2.752193] initcall alloc_frozen_cpus+0x0/0x7 returned 0 after 0 usecs
[    2.753197] calling  cpu_hotplug_pm_sync_init+0x0/0x13 @ 1
[    2.754195] initcall cpu_hotplug_pm_sync_init+0x0/0x13 returned 0 after 0 usecs
[    2.755195] calling  wq_sysfs_init+0x0/0x2a @ 1
[    2.757277] initcall wq_sysfs_init+0x0/0x2a returned 0 after 0 usecs
[    2.758195] calling  ksysfs_init+0x0/0x92 @ 1
[    2.759203] initcall ksysfs_init+0x0/0x92 returned 0 after 0 usecs
[    2.760194] calling  schedutil_gov_init+0x0/0xc @ 1
[    2.761251] initcall schedutil_gov_init+0x0/0xc returned 0 after 0 usecs
[    2.762195] calling  pm_init+0x0/0x76 @ 1
[    2.763260] initcall pm_init+0x0/0x76 returned 0 after 0 usecs
[    2.764193] calling  pm_disk_init+0x0/0x13 @ 1
[    2.765257] initcall pm_disk_init+0x0/0x13 returned 0 after 0 usecs
[    2.766193] calling  swsusp_header_init+0x0/0x2b @ 1
[    2.767195] initcall swsusp_header_init+0x0/0x2b returned 0 after 0 usecs
[    2.768192] calling  rcu_set_runtime_mode+0x0/0x16 @ 1
[    2.769235] initcall rcu_set_runtime_mode+0x0/0x16 returned 0 after 0 usecs
[    2.770198] calling  init_jiffies_clocksource+0x0/0x13 @ 1
[    2.771193] clocksource: jiffies: mask: 0xffffffff max_cycles: 0xffffffff, max_idle_ns: 1911260446275000 ns
[    2.772196] initcall init_jiffies_clocksource+0x0/0x13 returned 0 after 976 usecs
[    2.773194] calling  futex_init+0x0/0xf7 @ 1
[    2.774218] futex hash table entries: 4096 (order: 6, 262144 bytes, linear)
[    2.775959] initcall futex_init+0x0/0xf7 returned 0 after 976 usecs
[    2.776194] calling  cgroup_wq_init+0x0/0x28 @ 1
[    2.777207] initcall cgroup_wq_init+0x0/0x28 returned 0 after 0 usecs
[    2.778193] calling  cgroup1_wq_init+0x0/0x28 @ 1
[    2.779203] initcall cgroup1_wq_init+0x0/0x28 returned 0 after 0 usecs
[    2.780195] calling  init_kprobe_trace_early+0x0/0x2a @ 1
[    2.781250] initcall init_kprobe_trace_early+0x0/0x2a returned 0 after 0 usecs
[    2.782196] calling  fsnotify_init+0x0/0x48 @ 1
[    2.783236] initcall fsnotify_init+0x0/0x48 returned 0 after 0 usecs
[    2.784196] calling  filelock_init+0x0/0x96 @ 1
[    2.785227] initcall filelock_init+0x0/0x96 returned 0 after 0 usecs
[    2.786195] calling  init_misc_binfmt+0x0/0x2c @ 1
[    2.787214] initcall init_misc_binfmt+0x0/0x2c returned 0 after 0 usecs
[    2.788195] calling  init_script_binfmt+0x0/0x15 @ 1
[    2.789195] initcall init_script_binfmt+0x0/0x15 returned 0 after 0 usecs
[    2.790196] calling  init_elf_binfmt+0x0/0x15 @ 1
[    2.791196] initcall init_elf_binfmt+0x0/0x15 returned 0 after 0 usecs
[    2.792211] calling  init_compat_elf_binfmt+0x0/0x15 @ 1
[    2.793212] initcall init_compat_elf_binfmt+0x0/0x15 returned 0 after 0 usecs
[    2.794194] calling  debugfs_init+0x0/0x5c @ 1
[    2.795201] initcall debugfs_init+0x0/0x5c returned 0 after 0 usecs
[    2.796194] calling  tracefs_init+0x0/0x3a @ 1
[    2.797199] initcall tracefs_init+0x0/0x3a returned 0 after 0 usecs
[    2.798193] calling  prandom_init_early+0x0/0x15d @ 1
[    2.799241] initcall prandom_init_early+0x0/0x15d returned 0 after 0 usecs
[    2.800307] calling  virtio_init+0x0/0x20 @ 1
[    2.801226] initcall virtio_init+0x0/0x20 returned 0 after 0 usecs
[    2.802193] calling  iommu_init+0x0/0x2a @ 1
[    2.803242] initcall iommu_init+0x0/0x2a returned 0 after 0 usecs
[    2.804194] calling  component_debug_init+0x0/0x1c @ 1
[    2.805338] initcall component_debug_init+0x0/0x1c returned 0 after 0 usecs
[    2.806195] calling  early_resume_init+0x0/0xb9 @ 1
[    2.808753] PM: RTC time: 08:31:07, date: 2022-12-13
[    2.810194] initcall early_resume_init+0x0/0xb9 returned 0 after 2929 usecs
[    2.811196] calling  cpufreq_core_init+0x0/0x62 @ 1
[    2.812232] initcall cpufreq_core_init+0x0/0x62 returned 0 after 0 usecs
[    2.813200] calling  cpufreq_gov_performance_init+0x0/0xc @ 1
[    2.814209] initcall cpufreq_gov_performance_init+0x0/0xc returned 0 after 0 usecs
[    2.815218] calling  cpufreq_gov_userspace_init+0x0/0xc @ 1
[    2.816198] initcall cpufreq_gov_userspace_init+0x0/0xc returned 0 after 0 usecs
[    2.817196] calling  CPU_FREQ_GOV_ONDEMAND_init+0x0/0xc @ 1
[    2.818195] initcall CPU_FREQ_GOV_ONDEMAND_init+0x0/0xc returned 0 after 0 usecs
[    2.819197] calling  cpuidle_init+0x0/0x1f @ 1
[    2.820247] initcall cpuidle_init+0x0/0x1f returned 0 after 0 usecs
[    2.821198] calling  capsule_reboot_register+0x0/0xc @ 1
[    2.822245] initcall capsule_reboot_register+0x0/0xc returned 0 after 0 usecs
[    2.823195] calling  sock_init+0x0/0x93 @ 1
[    2.826031] initcall sock_init+0x0/0x93 returned 0 after 976 usecs
[    2.826194] calling  net_inuse_init+0x0/0x23 @ 1
[    2.827200] initcall net_inuse_init+0x0/0x23 returned 0 after 0 usecs
[    2.828193] calling  net_defaults_init+0x0/0x23 @ 1
[    2.829194] initcall net_defaults_init+0x0/0x23 returned 0 after 0 usecs
[    2.830193] calling  init_default_flow_dissectors+0x0/0x4f @ 1
[    2.832193] initcall init_default_flow_dissectors+0x0/0x4f returned 0 after 0 usecs
[    2.833193] calling  netpoll_init+0x0/0x26 @ 1
[    2.834192] initcall netpoll_init+0x0/0x26 returned 0 after 0 usecs
[    2.835192] calling  netlink_proto_init+0x0/0x14f @ 1
[    2.837368] NET: Registered protocol family 16
[    2.838215] initcall netlink_proto_init+0x0/0x14f returned 0 after 1953 usecs
[    2.839193] calling  genl_init+0x0/0x35 @ 1
[    2.841275] initcall genl_init+0x0/0x35 returned 0 after 976 usecs
[    2.842196] calling  bsp_pm_check_init+0x0/0x13 @ 1
[    2.843197] initcall bsp_pm_check_init+0x0/0x13 returned 0 after 0 usecs
[    2.844300] calling  irq_sysfs_init+0x0/0xb7 @ 1
[    2.845348] initcall irq_sysfs_init+0x0/0xb7 returned 0 after 0 usecs
[    2.846238] calling  audit_init+0x0/0x160 @ 1
[    2.847198] audit: initializing netlink subsys (disabled)
[    2.850803] initcall audit_init+0x0/0x160 returned 0 after 2929 usecs
[    2.850528] audit: type=2000 audit(1670920266.247:1): state=initialized audit_enabled=0 res=1
[    2.851197] calling  release_early_probes+0x0/0x32 @ 1
[    2.853196] initcall release_early_probes+0x0/0x32 returned 0 after 0 usecs
[    2.854194] calling  bdi_class_init+0x0/0x48 @ 1
[    2.855259] initcall bdi_class_init+0x0/0x48 returned 0 after 0 usecs
[    2.856194] calling  mm_sysfs_init+0x0/0x28 @ 1
[    2.857198] initcall mm_sysfs_init+0x0/0x28 returned 0 after 0 usecs
[    2.858194] calling  init_per_zone_wmark_min+0x0/0x6d @ 1
[    2.859199] initcall init_per_zone_wmark_min+0x0/0x6d returned 0 after 0 usecs
[    2.860193] calling  mpi_init+0x0/0x3e @ 1
[    2.861210] initcall mpi_init+0x0/0x3e returned 0 after 0 usecs
[    2.862197] calling  kobject_uevent_init+0x0/0xc @ 1
[    2.863201] initcall kobject_uevent_init+0x0/0xc returned 0 after 0 usecs
[    2.864193] calling  pcibus_class_init+0x0/0x13 @ 1
[    2.865220] initcall pcibus_class_init+0x0/0x13 returned 0 after 0 usecs
[    2.866193] calling  pci_driver_init+0x0/0x21 @ 1
[    2.867225] initcall pci_driver_init+0x0/0x21 returned 0 after 0 usecs
[    2.868192] calling  backlight_class_init+0x0/0xa8 @ 1
[    2.869227] initcall backlight_class_init+0x0/0xa8 returned 0 after 0 usecs
[    2.870198] calling  tty_class_init+0x0/0x33 @ 1
[    2.871207] initcall tty_class_init+0x0/0x33 returned 0 after 0 usecs
[    2.872197] calling  vtconsole_class_init+0x0/0xb5 @ 1
[    2.873680] initcall vtconsole_class_init+0x0/0xb5 returned 0 after 0 usecs
[    2.874195] calling  iommu_dev_init+0x0/0x13 @ 1
[    2.875240] initcall iommu_dev_init+0x0/0x13 returned 0 after 0 usecs
[    2.876194] calling  mipi_dsi_bus_init+0x0/0xc @ 1
[    2.877250] initcall mipi_dsi_bus_init+0x0/0xc returned 0 after 0 usecs
[    2.878196] calling  devlink_class_init+0x0/0x40 @ 1
[    2.879204] initcall devlink_class_init+0x0/0x40 returned 0 after 0 usecs
[    2.880195] calling  software_node_init+0x0/0x2a @ 1
[    2.881202] initcall software_node_init+0x0/0x2a returned 0 after 0 usecs
[    2.882195] calling  wakeup_sources_debugfs_init+0x0/0x23 @ 1
[    2.884262] initcall wakeup_sources_debugfs_init+0x0/0x23 returned 0 after 0 usecs
[    2.885197] calling  wakeup_sources_sysfs_init+0x0/0x2c @ 1
[    2.886211] initcall wakeup_sources_sysfs_init+0x0/0x2c returned 0 after 0 usecs
[    2.887194] calling  register_node_type+0x0/0x13 @ 1
[    2.888271] initcall register_node_type+0x0/0x13 returned 0 after 0 usecs
[    2.889195] calling  regmap_initcall+0x0/0xc @ 1
[    2.890282] initcall regmap_initcall+0x0/0xc returned 0 after 0 usecs
[    2.891197] calling  i2c_init+0x0/0xb3 @ 1
[    2.892306] initcall i2c_init+0x0/0xb3 returned 0 after 0 usecs
[    2.893196] calling  thermal_init+0x0/0xf2 @ 1
[    2.894223] thermal_sys: Registered thermal governor 'step_wise'
[    2.894224] thermal_sys: Registered thermal governor 'user_space'
[    2.895207] initcall thermal_init+0x0/0xf2 returned 0 after 976 usecs
[    2.897196] calling  init_menu+0x0/0xc @ 1
[    2.899430] cpuidle: using governor menu
[    2.905201] initcall init_menu+0x0/0xc returned 0 after 6835 usecs
[    2.912197] calling  pcc_init+0x0/0x4d @ 1
[    2.917223] initcall pcc_init+0x0/0x4d returned -19 after 0 usecs
[    2.924214] calling  amd_postcore_init+0x0/0x11e @ 1
[    2.930194] initcall amd_postcore_init+0x0/0x11e returned 0 after 0 usecs
[    2.938253] calling  bts_init+0x0/0xba @ 1
[    2.943200] initcall bts_init+0x0/0xba returned -19 after 0 usecs
[    2.951196] calling  pt_init+0x0/0x341 @ 1
[    2.956197] initcall pt_init+0x0/0x341 returned -19 after 0 usecs
[    2.964196] calling  boot_params_ksysfs_init+0x0/0x2ee @ 1
[    2.971226] initcall boot_params_ksysfs_init+0x0/0x2ee returned 0 after 0 usecs
[    2.979195] calling  sbf_init+0x0/0xea @ 1
[    2.985195] initcall sbf_init+0x0/0xea returned 0 after 0 usecs
[    2.992193] calling  arch_kdebugfs_init+0x0/0x219 @ 1
[    2.998492] initcall arch_kdebugfs_init+0x0/0x219 returned 0 after 0 usecs
[    3.007194] calling  intel_pconfig_init+0x0/0x85 @ 1
[    3.013196] initcall intel_pconfig_init+0x0/0x85 returned 0 after 0 usecs
[    3.022195] calling  mtrr_if_init+0x0/0x5d @ 1
[    3.028289] initcall mtrr_if_init+0x0/0x5d returned 0 after 0 usecs
[    3.036195] calling  activate_jump_labels+0x0/0x31 @ 1
[    3.042194] initcall activate_jump_labels+0x0/0x31 returned 0 after 0 usecs
[    3.050195] calling  ffh_cstate_init+0x0/0x29 @ 1
[    3.056199] initcall ffh_cstate_init+0x0/0x29 returned 0 after 0 usecs
[    3.064194] calling  activate_jump_labels+0x0/0x31 @ 1
[    3.071498] initcall activate_jump_labels+0x0/0x31 returned 0 after 976 usecs
[    3.080197] calling  kvm_alloc_cpumask+0x0/0x74 @ 1
[    3.087251] initcall kvm_alloc_cpumask+0x0/0x74 returned 0 after 0 usecs
[    3.096198] calling  kcmp_cookies_init+0x0/0x37 @ 1
[    3.102209] initcall kcmp_cookies_init+0x0/0x37 returned 0 after 0 usecs
[    3.111197] calling  cryptomgr_init+0x0/0xc @ 1
[    3.117238] initcall cryptomgr_init+0x0/0xc returned 0 after 0 usecs
[    3.125195] calling  acpi_pci_init+0x0/0x57 @ 1
[    3.131194] ACPI: bus type PCI registered
[    3.136195] initcall acpi_pci_init+0x0/0x57 returned 0 after 4882 usecs
[    3.144198] calling  dma_channel_table_init+0x0/0xd1 @ 1
[    3.151207] initcall dma_channel_table_init+0x0/0xd1 returned 0 after 0 usecs
[    3.160196] calling  dma_bus_init+0x0/0xdc @ 1
[    3.165666] initcall dma_bus_init+0x0/0xdc returned 0 after 1953 usecs
[    3.173286] calling  iommu_dma_init+0x0/0x10 @ 1
[    3.179204] initcall iommu_dma_init+0x0/0x10 returned 0 after 0 usecs
[    3.187197] calling  dmi_id_init+0x0/0x37c @ 1
[    3.194670] initcall dmi_id_init+0x0/0x37c returned 0 after 976 usecs
[    3.205217] calling  pci_arch_init+0x0/0x71 @ 1
[    3.213507] PCI: MMCONFIG for domain 0000 [bus 00-ff] at [mem 0xb0000000-0xbfffffff] (base 0xb0000000)
[    3.226198] PCI: MMCONFIG at [mem 0xb0000000-0xbfffffff] reserved in E820
[    3.234220] PCI: Using configuration type 1 for base access
[    3.241269] initcall pci_arch_init+0x0/0x71 returned 0 after 28320 usecs
[    3.250224] calling  init_vdso+0x0/0x13 @ 1
[    3.255234] initcall init_vdso+0x0/0x13 returned 0 after 0 usecs
[    3.262196] calling  sysenter_setup+0x0/0x13 @ 1
[    3.268211] initcall sysenter_setup+0x0/0x13 returned 0 after 0 usecs
[    3.276194] calling  fixup_ht_bug+0x0/0xe5 @ 1
[    3.281194] initcall fixup_ht_bug+0x0/0xe5 returned 0 after 0 usecs
[    3.289194] calling  topology_init+0x0/0x88 @ 1
[    3.295450] initcall topology_init+0x0/0x88 returned 0 after 0 usecs
[    3.303196] calling  intel_epb_init+0x0/0x68 @ 1
[    3.309194] initcall intel_epb_init+0x0/0x68 returned -19 after 0 usecs
[    3.317194] calling  mtrr_init_finialize+0x0/0x3e @ 1
[    3.323194] initcall mtrr_init_finialize+0x0/0x3e returned 0 after 0 usecs
[    3.332210] calling  uid_cache_init+0x0/0x81 @ 1
[    3.337201] initcall uid_cache_init+0x0/0x81 returned 0 after 0 usecs
[    3.345194] calling  param_sysfs_init+0x0/0x1ba @ 1
[    3.358269] initcall param_sysfs_init+0x0/0x1ba returned 0 after 6835 usecs
[    3.367198] calling  user_namespace_sysctl_init+0x0/0x33 @ 1
[    3.374207] initcall user_namespace_sysctl_init+0x0/0x33 returned 0 after 0 usecs
[    3.384196] calling  proc_schedstat_init+0x0/0x24 @ 1
[    3.391200] initcall proc_schedstat_init+0x0/0x24 returned 0 after 0 usecs
[    3.400200] calling  pm_sysrq_init+0x0/0x18 @ 1
[    3.410371] initcall pm_sysrq_init+0x0/0x18 returned 0 after 3906 usecs
[    3.419474] calling  create_proc_profile+0x0/0xd0 @ 1
[    3.426198] initcall create_proc_profile+0x0/0xd0 returned 0 after 0 usecs
[    3.435198] calling  time_ns_init+0x0/0x7 @ 1
[    3.440195] initcall time_ns_init+0x0/0x7 returned 0 after 0 usecs
[    3.448195] calling  crash_save_vmcoreinfo_init+0x0/0x722 @ 1
[    3.455353] initcall crash_save_vmcoreinfo_init+0x0/0x722 returned 0 after 0 usecs
[    3.465198] calling  crash_notes_memory_init+0x0/0x35 @ 1
[    3.472223] initcall crash_notes_memory_init+0x0/0x35 returned 0 after 0 usecs
[    3.481195] calling  cgroup_sysfs_init+0x0/0x13 @ 1
[    3.487376] initcall cgroup_sysfs_init+0x0/0x13 returned 0 after 0 usecs
[    3.496195] calling  cgroup_namespaces_init+0x0/0x7 @ 1
[    3.502193] initcall cgroup_namespaces_init+0x0/0x7 returned 0 after 0 usecs
[    3.511196] calling  init_optprobes+0x0/0x13 @ 1
[    3.517193] Kprobes globally optimized
[    3.521195] initcall init_optprobes+0x0/0x13 returned 0 after 3906 usecs
[    3.530195] calling  oom_init+0x0/0x2f @ 1
[    3.536503] initcall oom_init+0x0/0x2f returned 0 after 976 usecs
[    3.544196] calling  default_bdi_init+0x0/0xb3 @ 1
[    3.551456] initcall default_bdi_init+0x0/0xb3 returned 0 after 1953 usecs
[    3.561217] calling  percpu_enable_async+0x0/0xe @ 1
[    3.568196] initcall percpu_enable_async+0x0/0xe returned 0 after 0 usecs
[    3.577196] calling  kcompactd_init+0x0/0x8d @ 1
[    3.584364] initcall kcompactd_init+0x0/0x8d returned 0 after 976 usecs
[    3.593249] calling  init_user_reserve+0x0/0x40 @ 1
[    3.599198] initcall init_user_reserve+0x0/0x40 returned 0 after 0 usecs
[    3.607195] calling  init_admin_reserve+0x0/0x40 @ 1
[    3.613197] initcall init_admin_reserve+0x0/0x40 returned 0 after 0 usecs
[    3.622194] calling  init_reserve_notifier+0x0/0x7 @ 1
[    3.628195] initcall init_reserve_notifier+0x0/0x7 returned 0 after 0 usecs
[    3.637196] calling  swap_init_sysfs+0x0/0x62 @ 1
[    3.643205] initcall swap_init_sysfs+0x0/0x62 returned 0 after 0 usecs
[    3.652195] calling  swapfile_init+0x0/0x94 @ 1
[    3.657196] initcall swapfile_init+0x0/0x94 returned 0 after 0 usecs
[    3.666195] calling  hugetlb_init+0x0/0x496 @ 1
[    3.672202] HugeTLB registered 2.00 MiB page size, pre-allocated 0 pages
[    3.680218] initcall hugetlb_init+0x0/0x496 returned 0 after 7812 usecs
[    3.688196] calling  io_wq_init+0x0/0x34 @ 1
[    3.694195] initcall io_wq_init+0x0/0x34 returned 0 after 0 usecs
[    3.701195] calling  seqiv_module_init+0x0/0xc @ 1
[    3.707196] initcall seqiv_module_init+0x0/0xc returned 0 after 0 usecs
[    3.715194] calling  echainiv_module_init+0x0/0xc @ 1
[    3.722196] initcall echainiv_module_init+0x0/0xc returned 0 after 0 usecs
[    3.730285] calling  rsa_init+0x0/0x50 @ 1
[    3.737291] initcall rsa_init+0x0/0x50 returned 0 after 1953 usecs
[    3.736699] cryptomgr_test (119) used greatest stack depth: 15504 bytes left
[    3.744196] calling  crypto_cmac_module_init+0x0/0xc @ 1
[    3.744200] initcall crypto_cmac_module_init+0x0/0xc returned 0 after 0 usecs
[    3.744202] calling  hmac_module_init+0x0/0xc @ 1
[    3.744204] initcall hmac_module_init+0x0/0xc returned 0 after 0 usecs
[    3.744206] calling  crypto_null_mod_init+0x0/0x65 @ 1
[    3.749195] initcall crypto_null_mod_init+0x0/0x65 returned 0 after 4882 usecs
[    3.795199] calling  md5_mod_init+0x0/0xc @ 1
[    3.801515] initcall md5_mod_init+0x0/0xc returned 0 after 976 usecs
[    3.808324] calling  sha256_generic_mod_init+0x0/0x11 @ 1
[    3.817453] initcall sha256_generic_mod_init+0x0/0x11 returned 0 after 1953 usecs
[    3.827394] calling  crypto_cbc_module_init+0x0/0xc @ 1
[    3.833231] initcall crypto_cbc_module_init+0x0/0xc returned 0 after 0 usecs
[    3.842198] calling  crypto_ctr_module_init+0x0/0x11 @ 1
[    3.849200] initcall crypto_ctr_module_init+0x0/0x11 returned 0 after 0 usecs
[    3.859198] calling  crypto_gcm_module_init+0x0/0x64 @ 1
[    3.865241] initcall crypto_gcm_module_init+0x0/0x64 returned 0 after 0 usecs
[    3.874196] calling  crypto_ccm_module_init+0x0/0x11 @ 1
[    3.880196] initcall crypto_ccm_module_init+0x0/0x11 returned 0 after 0 usecs
[    3.889195] calling  aes_init+0x0/0xc @ 1
[    3.895396] initcall aes_init+0x0/0xc returned 0 after 976 usecs
[    3.903338] calling  crc32c_mod_init+0x0/0xc @ 1
[    3.910214] initcall crc32c_mod_init+0x0/0xc returned 0 after 1953 usecs
[    3.918196] calling  crypto_authenc_module_init+0x0/0xc @ 1
[    3.924196] initcall crypto_authenc_module_init+0x0/0xc returned 0 after 0 usecs
[    3.933196] calling  crypto_authenc_esn_module_init+0x0/0xc @ 1
[    3.941196] initcall crypto_authenc_esn_module_init+0x0/0xc returned 0 after 0 usecs
[    3.950193] calling  drbg_init+0x0/0x7c @ 1
[    3.964325] initcall drbg_init+0x0/0x7c returned 0 after 8789 usecs
[    3.971195] calling  ghash_mod_init+0x0/0xc @ 1
[    3.980201] initcall ghash_mod_init+0x0/0xc returned 0 after 2929 usecs
[    3.988197] calling  init_bio+0x0/0x9a @ 1
[    3.994238] initcall init_bio+0x0/0x9a returned 0 after 0 usecs
[    4.001195] calling  blk_settings_init+0x0/0x29 @ 1
[    4.008195] initcall blk_settings_init+0x0/0x29 returned 0 after 0 usecs
[    4.017195] calling  blk_ioc_init+0x0/0x29 @ 1
[    4.023266] initcall blk_ioc_init+0x0/0x29 returned 0 after 0 usecs
[    4.031193] calling  blk_mq_init+0x0/0xb9 @ 1
[    4.036196] initcall blk_mq_init+0x0/0xb9 returned 0 after 0 usecs
[    4.044194] calling  genhd_device_init+0x0/0x75 @ 1
[    4.055442] initcall genhd_device_init+0x0/0x75 returned 0 after 4882 usecs
[    4.058581] calling  pci_slot_init+0x0/0x40 @ 1
[    4.065169] initcall pci_slot_init+0x0/0x40 returned 0 after 2929 usecs
[    4.073451] calling  fbmem_init+0x0/0xd8 @ 1
[    4.080476] initcall fbmem_init+0x0/0xd8 returned 0 after 976 usecs
[    4.088329] calling  acpi_init+0x0/0x319 @ 1
[    4.096653] ACPI: Added _OSI(Module Device)
[    4.103192] ACPI: Added _OSI(Processor Device)
[    4.108190] ACPI: Added _OSI(3.0 _SCP Extensions)
[    4.114192] ACPI: Added _OSI(Processor Aggregator Device)
[    4.120248] ACPI: Added _OSI(Linux-Dell-Video)
[    4.126192] ACPI: Added _OSI(Linux-Lenovo-NV-HDMI-Audio)
[    4.133193] ACPI: Added _OSI(Linux-HPI-Hybrid-Graphics)
[    4.141340] ACPI: 1 ACPI AML tables successfully acquired and loaded
[    4.157416] ACPI: Interpreter enabled
[    4.162386] ACPI: (supports S0 S3 S4 S5)
[    4.168236] ACPI: Using IOAPIC for interrupt routing
[    4.174536] PCI: Using host bridge windows from ACPI; if necessary, use "pci=nocrs" and report a bug
[    4.187667] ACPI: Enabled 2 GPEs in block 00 to 3F
[    4.200508] ACPI: PCI Root Bridge [PCI0] (domain 0000 [bus 00-ff])
[    4.208473] acpi PNP0A08:00: _OSC: OS supports [ExtendedConfig ASPM ClockPM Segments MSI HPX-Type3]
[    4.220272] acpi PNP0A08:00: _OSC: platform does not support [LTR]
[    4.228274] acpi PNP0A08:00: _OSC: OS now controls [PME PCIeCapability]
[    4.236619] PCI host bridge to bus 0000:00
[    4.242215] pci_bus 0000:00: root bus resource [io  0x0000-0x0cf7 window]
[    4.250193] pci_bus 0000:00: root bus resource [io  0x0d00-0xffff window]
[    4.259192] pci_bus 0000:00: root bus resource [mem 0x000a0000-0x000bffff window]
[    4.268192] pci_bus 0000:00: root bus resource [mem 0x20000000-0xafffffff window]
[    4.277209] pci_bus 0000:00: root bus resource [mem 0xc0000000-0xfebfffff window]
[    4.286192] pci_bus 0000:00: root bus resource [mem 0x100000000-0x8ffffffff window]
[    4.296193] pci_bus 0000:00: root bus resource [bus 00-ff]
[    4.303727] pci 0000:00:00.0: calling  quirk_mmio_always_on+0x0/0x10 @ 1
[    4.312199] pci 0000:00:00.0: quirk_mmio_always_on+0x0/0x10 took 0 usecs
[    4.320262] pci 0000:00:00.0: [8086:29c0] type 00 class 0x060000
[    4.331900] pci 0000:00:00.0: calling  quirk_igfx_skip_te_disable+0x0/0x80 @ 1
[    4.341241] pci 0000:00:00.0: quirk_igfx_skip_te_disable+0x0/0x80 took 0 usecs
[    4.351793] pci 0000:00:01.0: [1234:1111] type 00 class 0x030000
[    4.366999] pci 0000:00:01.0: reg 0x10: [mem 0xfd000000-0xfdffffff pref]
[    4.390978] pci 0000:00:01.0: reg 0x18: [mem 0xfebf0000-0xfebf0fff]
[    4.430187] pci 0000:00:01.0: reg 0x30: [mem 0xfebe0000-0xfebeffff pref]
[    4.445187] pci 0000:00:01.0: calling  efifb_fixup_resources+0x0/0xf0 @ 1
[    4.456303] pci 0000:00:01.0: efifb_fixup_resources+0x0/0xf0 took 0 usecs
[    4.477238] pci 0000:00:1f.0: [8086:2918] type 00 class 0x060100
[    4.493340] pci 0000:00:1f.0: calling  quirk_ich7_lpc+0x0/0x60 @ 1
[    4.503583] pci 0000:00:1f.0: quirk: [io  0x0600-0x067f] claimed by ICH6 ACPI/GPIO/TCO
[    4.516642] pci 0000:00:1f.0: quirk_ich7_lpc+0x0/0x60 took 13671 usecs
[    4.525337] pci 0000:00:1f.0: calling  quirk_igfx_skip_te_disable+0x0/0x80 @ 1
[    4.534230] pci 0000:00:1f.0: quirk_igfx_skip_te_disable+0x0/0x80 took 0 usecs
[    4.545889] pci 0000:00:1f.2: [8086:2922] type 00 class 0x010601
[    4.562194] pci 0000:00:1f.2: reg 0x20: [io  0xc040-0xc05f]
[    4.570867] pci 0000:00:1f.2: reg 0x24: [mem 0xfebf1000-0xfebf1fff]
[    4.580390] pci 0000:00:1f.2: calling  quirk_igfx_skip_te_disable+0x0/0x80 @ 1
[    4.589287] pci 0000:00:1f.2: quirk_igfx_skip_te_disable+0x0/0x80 took 0 usecs
[    4.602458] pci 0000:00:1f.3: [8086:2930] type 00 class 0x0c0500
[    4.616193] pci 0000:00:1f.3: reg 0x20: [io  0x0700-0x073f]
[    4.625379] pci 0000:00:1f.3: calling  quirk_igfx_skip_te_disable+0x0/0x80 @ 1
[    4.634196] pci 0000:00:1f.3: quirk_igfx_skip_te_disable+0x0/0x80 took 0 usecs
[    4.646555] ACPI: PCI Interrupt Link [LNKA] (IRQs 5 *10 11)
[    4.654469] ACPI: PCI Interrupt Link [LNKB] (IRQs 5 *10 11)
[    4.663749] ACPI: PCI Interrupt Link [LNKC] (IRQs 5 10 *11)
[    4.672719] ACPI: PCI Interrupt Link [LNKD] (IRQs 5 10 *11)
[    4.683617] ACPI: PCI Interrupt Link [LNKE] (IRQs 5 *10 11)
[    4.691303] ACPI: PCI Interrupt Link [LNKF] (IRQs 5 *10 11)
[    4.698602] ACPI: PCI Interrupt Link [LNKG] (IRQs 5 10 *11)
[    4.707416] ACPI: PCI Interrupt Link [LNKH] (IRQs 5 10 *11)
[    4.715399] ACPI: PCI Interrupt Link [GSIA] (IRQs *16)
[    4.720209] ACPI: PCI Interrupt Link [GSIB] (IRQs *17)
[    4.728207] ACPI: PCI Interrupt Link [GSIC] (IRQs *18)
[    4.735209] ACPI: PCI Interrupt Link [GSID] (IRQs *19)
[    4.740212] ACPI: PCI Interrupt Link [GSIE] (IRQs *20)
[    4.746211] ACPI: PCI Interrupt Link [GSIF] (IRQs *21)
[    4.753212] ACPI: PCI Interrupt Link [GSIG] (IRQs *22)
[    4.761207] ACPI: PCI Interrupt Link [GSIH] (IRQs *23)
[    4.791187] initcall acpi_init+0x0/0x319 returned 0 after 680664 usecs
[    4.804973] calling  pnp_init+0x0/0xc @ 1
[    4.809945] initcall pnp_init+0x0/0xc returned 0 after 0 usecs
[    4.817202] calling  misc_init+0x0/0xbf @ 1
[    4.824013] initcall misc_init+0x0/0xbf returned 0 after 0 usecs
[    4.830201] calling  iommu_subsys_init+0x0/0x4e @ 1
[    4.839194] iommu: Default domain type: Translated 
[    4.846196] initcall iommu_subsys_init+0x0/0x4e returned 0 after 9765 usecs
[    4.854196] calling  vga_arb_device_init+0x0/0x261 @ 1
[    4.870884] pci 0000:00:01.0: vgaarb: setting as boot VGA device
[    4.871187] pci 0000:00:01.0: vgaarb: VGA device added: decodes=io+mem,owns=io+mem,locks=none
[    4.889198] pci 0000:00:01.0: vgaarb: bridge control possible
[    4.896192] vgaarb: loaded
[    4.900206] initcall vga_arb_device_init+0x0/0x261 returned 0 after 39062 usecs
[    4.910539] calling  cn_init+0x0/0xf0 @ 1
[    4.917228] initcall cn_init+0x0/0xf0 returned 0 after 976 usecs
[    4.924197] calling  dma_buf_init+0x0/0xad @ 1
[    4.931372] initcall dma_buf_init+0x0/0xad returned 0 after 976 usecs
[    4.939231] calling  init_scsi+0x0/0x79 @ 1
[    4.945970] SCSI subsystem initialized
[    4.951195] initcall init_scsi+0x0/0x79 returned 0 after 5859 usecs
[    4.959195] calling  ata_init+0x0/0x332 @ 1
[    4.966518] libata version 3.00 loaded.
[    4.971196] initcall ata_init+0x0/0x332 returned 0 after 6835 usecs
[    4.979194] calling  phy_init+0x0/0x250 @ 1
[    4.985432] initcall phy_init+0x0/0x250 returned 0 after 0 usecs
[    4.993194] calling  init_pcmcia_cs+0x0/0x35 @ 1
[    4.998271] initcall init_pcmcia_cs+0x0/0x35 returned 0 after 0 usecs
[    5.007194] calling  usb_common_init+0x0/0x1c @ 1
[    5.012557] initcall usb_common_init+0x0/0x1c returned 0 after 976 usecs
[    5.022195] calling  usb_init+0x0/0x12e @ 1
[    5.027521] ACPI: bus type USB registered
[    5.033421] usbcore: registered new interface driver usbfs
[    5.040236] usbcore: registered new interface driver hub
[    5.049511] usbcore: registered new device driver usb
[    5.056204] initcall usb_init+0x0/0x12e returned 0 after 28320 usecs
[    5.066201] calling  serio_init+0x0/0x29 @ 1
[    5.072206] initcall serio_init+0x0/0x29 returned 0 after 0 usecs
[    5.079195] calling  input_init+0x0/0xf6 @ 1
[    5.084275] initcall input_init+0x0/0xf6 returned 0 after 976 usecs
[    5.091195] calling  rtc_init+0x0/0x4d @ 1
[    5.097202] initcall rtc_init+0x0/0x4d returned 0 after 0 usecs
[    5.104195] calling  pps_init+0x0/0xa9 @ 1
[    5.107359] pps_core: LinuxPPS API ver. 1 registered
[    5.113191] pps_core: Software ver. 5.3.6 - Copyright 2005-2007 Rodolfo Giometti <giometti@linux.it>
[    5.126197] initcall pps_init+0x0/0xa9 returned 0 after 18554 usecs
[    5.132197] calling  ptp_init+0x0/0x98 @ 1
[    5.139206] PTP clock support registered
[    5.144398] initcall ptp_init+0x0/0x98 returned 0 after 4882 usecs
[    5.151226] calling  power_supply_class_init+0x0/0x3f @ 1
[    5.157966] initcall power_supply_class_init+0x0/0x3f returned 0 after 0 usecs
[    5.167196] calling  hwmon_init+0x0/0x104 @ 1
[    5.173211] initcall hwmon_init+0x0/0x104 returned 0 after 0 usecs
[    5.179195] calling  md_init+0x0/0x16b @ 1
[    5.194757] initcall md_init+0x0/0x16b returned 0 after 9765 usecs
[    5.197197] calling  leds_init+0x0/0x3b @ 1
[    5.201408] initcall leds_init+0x0/0x3b returned 0 after 0 usecs
[    5.206197] calling  dmi_init+0x0/0x113 @ 1
[    5.213430] initcall dmi_init+0x0/0x113 returned 0 after 1953 usecs
[    5.220196] calling  efisubsys_init+0x0/0x4e7 @ 1
[    5.224199] initcall efisubsys_init+0x0/0x4e7 returned 0 after 0 usecs
[    5.235340] calling  nvmem_init+0x0/0xc @ 1
[    5.240830] initcall nvmem_init+0x0/0xc returned 0 after 0 usecs
[    5.248196] calling  init_soundcore+0x0/0x33 @ 1
[    5.254431] initcall init_soundcore+0x0/0x33 returned 0 after 0 usecs
[    5.260195] calling  alsa_sound_init+0x0/0x8f @ 1
[    5.268755] Advanced Linux Sound Architecture Driver Initialized.
[    5.274194] initcall alsa_sound_init+0x0/0x8f returned 0 after 6835 usecs
[    5.283195] calling  alsa_seq_device_init+0x0/0x71 @ 1
[    5.288213] initcall alsa_seq_device_init+0x0/0x71 returned 0 after 0 usecs
[    5.297195] calling  hda_bus_init+0x0/0xc @ 1
[    5.301382] initcall hda_bus_init+0x0/0xc returned 0 after 0 usecs
[    5.307195] calling  proto_init+0x0/0xc @ 1
[    5.314300] initcall proto_init+0x0/0xc returned 0 after 0 usecs
[    5.322195] calling  net_dev_init+0x0/0x209 @ 1
[    5.330213] initcall net_dev_init+0x0/0x209 returned 0 after 1953 usecs
[    5.338195] calling  neigh_init+0x0/0x84 @ 1
[    5.343196] initcall neigh_init+0x0/0x84 returned 0 after 0 usecs
[    5.351195] calling  fib_notifier_init+0x0/0xc @ 1
[    5.358198] initcall fib_notifier_init+0x0/0xc returned 0 after 0 usecs
[    5.366195] calling  fib_rules_init+0x0/0xab @ 1
[    5.372364] initcall fib_rules_init+0x0/0xab returned 0 after 0 usecs
[    5.380195] calling  pktsched_init+0x0/0x10e @ 1
[    5.386419] initcall pktsched_init+0x0/0x10e returned 0 after 0 usecs
[    5.396197] calling  tc_filter_init+0x0/0xfa @ 1
[    5.401324] initcall tc_filter_init+0x0/0xfa returned 0 after 0 usecs
[    5.410195] calling  tc_action_init+0x0/0x54 @ 1
[    5.417197] initcall tc_action_init+0x0/0x54 returned 0 after 0 usecs
[    5.425194] calling  ethnl_init+0x0/0x52 @ 1
[    5.430687] initcall ethnl_init+0x0/0x52 returned 0 after 976 usecs
[    5.438195] calling  nexthop_init+0x0/0xd8 @ 1
[    5.444434] initcall nexthop_init+0x0/0xd8 returned 0 after 0 usecs
[    5.452195] calling  cipso_v4_init+0x0/0x5d @ 1
[    5.458291] initcall cipso_v4_init+0x0/0x5d returned 0 after 0 usecs
[    5.466195] calling  ieee80211_init+0x0/0x24 @ 1
[    5.472216] initcall ieee80211_init+0x0/0x24 returned 0 after 0 usecs
[    5.482197] calling  netlbl_init+0x0/0x78 @ 1
[    5.489213] NetLabel: Initializing
[    5.494192] NetLabel:  domain hash size = 128
[    5.498191] NetLabel:  protocols = UNLABELED CIPSOv4 CALIPSO
[    5.505923] NetLabel:  unlabeled traffic allowed by default
[    5.514198] initcall netlbl_init+0x0/0x78 returned 0 after 24414 usecs
[    5.523208] calling  rfkill_init+0x0/0x111 @ 1
[    5.536565] initcall rfkill_init+0x0/0x111 returned 0 after 5859 usecs
[    5.546196] calling  pci_subsys_init+0x0/0x66 @ 1
[    5.553625] PCI: Using ACPI for IRQ routing
[    6.339193] PCI: pci_cache_line_size set to 64 bytes
[    6.347621] e820: reserve RAM buffer [mem 0x0009fc00-0x0009ffff]
[    6.356224] e820: reserve RAM buffer [mem 0x1ffdf000-0x1fffffff]
[    6.365294] initcall pci_subsys_init+0x0/0x66 returned 0 after 792968 usecs
[    6.376579] calling  nmi_warning_debugfs+0x0/0x26 @ 1
[    6.382270] initcall nmi_warning_debugfs+0x0/0x26 returned 0 after 0 usecs
[    6.391195] calling  save_microcode_in_initrd+0x0/0x51 @ 1
[    6.397357] initcall save_microcode_in_initrd+0x0/0x51 returned 0 after 0 usecs
[    6.406210] calling  hpet_late_init+0x0/0x207 @ 1
[    6.412343] hpet: 3 channels of 0 reserved for per-cpu timers
[    6.419346] hpet0: at MMIO 0xfed00000, IRQs 2, 8, 0
[    6.425191] hpet0: 3 comparators, 64-bit 100.000000 MHz counter
[    6.436195] initcall hpet_late_init+0x0/0x207 returned 0 after 23437 usecs
[    6.444194] calling  init_amd_nbs+0x0/0x11c @ 1
[    6.449228] initcall init_amd_nbs+0x0/0x11c returned 0 after 0 usecs
[    6.457208] calling  clocksource_done_booting+0x0/0x41 @ 1
[    6.467074] clocksource: Switched to clocksource kvm-clock
[    6.473804] initcall clocksource_done_booting+0x0/0x41 returned 0 after 9380 usecs
[    6.484630] calling  tracer_init_tracefs+0x0/0x242 @ 1
[    6.680915] initcall tracer_init_tracefs+0x0/0x242 returned 0 after 185106 usecs
[    6.689973] calling  init_trace_printk_function_export+0x0/0x2c @ 1
[    6.697845] initcall init_trace_printk_function_export+0x0/0x2c returned 0 after 10 usecs
[    6.707836] calling  init_kprobe_trace+0x0/0x1a9 @ 1
[    6.713858] initcall init_kprobe_trace+0x0/0x1a9 returned 0 after 25 usecs
[    6.722347] calling  init_dynamic_event+0x0/0x3d @ 1
[    6.728528] initcall init_dynamic_event+0x0/0x3d returned 0 after 7 usecs
[    6.736630] calling  init_uprobe_trace+0x0/0x5c @ 1
[    6.742666] initcall init_uprobe_trace+0x0/0x5c returned 0 after 59 usecs
[    6.750858] calling  init_pipe_fs+0x0/0x44 @ 1
[    6.756744] initcall init_pipe_fs+0x0/0x44 returned 0 after 125 usecs
[    6.766497] calling  inotify_user_setup+0x0/0x47 @ 1
[    6.774488] initcall inotify_user_setup+0x0/0x47 returned 0 after 26 usecs
[    6.784930] calling  eventpoll_init+0x0/0xd4 @ 1
[    6.792108] initcall eventpoll_init+0x0/0xd4 returned 0 after 152 usecs
[    6.802006] calling  anon_inode_init+0x0/0x58 @ 1
[    6.809219] initcall anon_inode_init+0x0/0x58 returned 0 after 99 usecs
[    6.819322] calling  proc_locks_init+0x0/0x27 @ 1
[    6.826660] initcall proc_locks_init+0x0/0x27 returned 0 after 161 usecs
[    6.836584] calling  iomap_init+0x0/0x1b @ 1
[    6.843151] initcall iomap_init+0x0/0x1b returned 0 after 1179 usecs
[    6.850722] calling  dquot_init+0x0/0x106 @ 1
[    6.856062] VFS: Disk quotas dquot_6.6.0
[    6.860839] VFS: Dquot-cache hash table entries: 512 (order 0, 4096 bytes)
[    6.868937] initcall dquot_init+0x0/0x106 returned 0 after 12569 usecs
[    6.878654] calling  quota_init+0x0/0x23 @ 1
[    6.884951] initcall quota_init+0x0/0x23 returned 0 after 46 usecs
[    6.893827] calling  proc_cmdline_init+0x0/0x21 @ 1
[    6.900842] initcall proc_cmdline_init+0x0/0x21 returned 0 after 4 usecs
[    6.910177] calling  proc_consoles_init+0x0/0x24 @ 1
[    6.917337] initcall proc_consoles_init+0x0/0x24 returned 0 after 4 usecs
[    6.926991] calling  proc_cpuinfo_init+0x0/0x1e @ 1
[    6.933733] initcall proc_cpuinfo_init+0x0/0x1e returned 0 after 4 usecs
[    6.942971] calling  proc_devices_init+0x0/0x24 @ 1
[    6.949762] initcall proc_devices_init+0x0/0x24 returned 0 after 3 usecs
[    6.959191] calling  proc_interrupts_init+0x0/0x24 @ 1
[    6.966378] initcall proc_interrupts_init+0x0/0x24 returned 0 after 3 usecs
[    6.976002] calling  proc_loadavg_init+0x0/0x21 @ 1
[    6.982930] initcall proc_loadavg_init+0x0/0x21 returned 0 after 3 usecs
[    6.992167] calling  proc_meminfo_init+0x0/0x21 @ 1
[    7.000912] initcall proc_meminfo_init+0x0/0x21 returned 0 after 3 usecs
[    7.010189] calling  proc_stat_init+0x0/0x1e @ 1
[    7.016697] initcall proc_stat_init+0x0/0x1e returned 0 after 3 usecs
[    7.025405] calling  proc_uptime_init+0x0/0x21 @ 1
[    7.032170] initcall proc_uptime_init+0x0/0x21 returned 0 after 3 usecs
[    7.041303] calling  proc_version_init+0x0/0x21 @ 1
[    7.048161] initcall proc_version_init+0x0/0x21 returned 0 after 3 usecs
[    7.057756] calling  proc_softirqs_init+0x0/0x21 @ 1
[    7.064877] initcall proc_softirqs_init+0x0/0x21 returned 0 after 16 usecs
[    7.074959] calling  proc_kcore_init+0x0/0xea @ 1
[    7.081995] initcall proc_kcore_init+0x0/0xea returned 0 after 22 usecs
[    7.091755] calling  vmcore_init+0x0/0x578 @ 1
[    7.098446] initcall vmcore_init+0x0/0x578 returned 0 after 16 usecs
[    7.107856] calling  proc_kmsg_init+0x0/0x21 @ 1
[    7.114877] initcall proc_kmsg_init+0x0/0x21 returned 0 after 4 usecs
[    7.124393] calling  proc_page_init+0x0/0x3b @ 1
[    7.131364] initcall proc_page_init+0x0/0x3b returned 0 after 4 usecs
[    7.140962] calling  init_ramfs_fs+0x0/0xc @ 1
[    7.147764] initcall init_ramfs_fs+0x0/0xc returned 0 after 31 usecs
[    7.157179] calling  init_hugetlbfs_fs+0x0/0xf6 @ 1
[    7.164662] initcall init_hugetlbfs_fs+0x0/0xf6 returned 0 after 150 usecs
[    7.174783] calling  blk_scsi_ioctl_init+0x0/0x2a5 @ 1
[    7.182422] initcall blk_scsi_ioctl_init+0x0/0x2a5 returned 0 after 29 usecs
[    7.190868] calling  acpi_event_init+0x0/0x2c @ 1
[    7.196289] initcall acpi_event_init+0x0/0x2c returned 0 after 11 usecs
[    7.203986] calling  pnp_system_init+0x0/0xc @ 1
[    7.209549] initcall pnp_system_init+0x0/0xc returned 0 after 51 usecs
[    7.217617] calling  pnpacpi_init+0x0/0x69 @ 1
[    7.225435] pnp: PnP ACPI init
[    7.230783] pnp 00:00: Plug and Play ACPI device, IDs PNP0303 (active)
[    7.240361] pnp 00:01: Plug and Play ACPI device, IDs PNP0f13 (active)
[    7.249605] pnp 00:02: Plug and Play ACPI device, IDs PNP0400 (active)
[    7.257052] pnp 00:03: Plug and Play ACPI device, IDs PNP0501 (active)
[    7.264451] pnp 00:04: Plug and Play ACPI device, IDs PNP0b00 (active)
[    7.272044] system 00:05: [mem 0xb0000000-0xbfffffff window] has been reserved
[    7.280281] system 00:05: Plug and Play ACPI device, IDs PNP0c01 (active)
[    7.289103] pnp: PnP ACPI: found 6 devices
[    7.293830] initcall pnpacpi_init+0x0/0x69 returned 0 after 66944 usecs
[    7.301314] calling  chr_dev_init+0x0/0x14d @ 1
[    7.399254] initcall chr_dev_init+0x0/0x14d returned 0 after 90101 usecs
[    7.408309] calling  firmware_class_init+0x0/0xe7 @ 1
[    7.414484] initcall firmware_class_init+0x0/0xe7 returned 0 after 137 usecs
[    7.422702] calling  init_pcmcia_bus+0x0/0x5b @ 1
[    7.428408] initcall init_pcmcia_bus+0x0/0x5b returned 0 after 249 usecs
[    7.436072] calling  init_acpi_pm_clocksource+0x0/0xda @ 1
[    7.448205] clocksource: acpi_pm: mask: 0xffffff max_cycles: 0xffffff, max_idle_ns: 2085701024 ns
[    7.458357] initcall init_acpi_pm_clocksource+0x0/0xda returned 0 after 15335 usecs
[    7.467051] calling  sysctl_core_init+0x0/0x26 @ 1
[    7.472889] initcall sysctl_core_init+0x0/0x26 returned 0 after 320 usecs
[    7.480676] calling  eth_offload_init+0x0/0x13 @ 1
[    7.486074] initcall eth_offload_init+0x0/0x13 returned 0 after 18 usecs
[    7.493572] calling  ipv4_offload_init+0x0/0x73 @ 1
[    7.499364] initcall ipv4_offload_init+0x0/0x73 returned 0 after 57 usecs
[    7.506992] calling  inet_init+0x0/0x276 @ 1
[    7.513128] NET: Registered protocol family 2
[    7.519234] IP idents hash table entries: 8192 (order: 4, 65536 bytes, linear)
[    7.529944] tcp_listen_portaddr_hash hash table entries: 256 (order: 0, 4096 bytes, linear)
[    7.541083] TCP established hash table entries: 4096 (order: 3, 32768 bytes, linear)
[    7.552685] TCP bind hash table entries: 4096 (order: 4, 65536 bytes, linear)
[    7.563408] TCP: Hash tables configured (established 4096 bind 4096)
[    7.573107] UDP hash table entries: 256 (order: 1, 8192 bytes, linear)
[    7.580743] UDP-Lite hash table entries: 256 (order: 1, 8192 bytes, linear)
[    7.589076] initcall inet_init+0x0/0x276 returned 0 after 75423 usecs
[    7.596594] calling  af_unix_init+0x0/0x4d @ 1
[    7.601690] NET: Registered protocol family 1
[    7.607016] initcall af_unix_init+0x0/0x4d returned 0 after 5252 usecs
[    7.614689] calling  ipv6_offload_init+0x0/0x7e @ 1
[    7.620457] initcall ipv6_offload_init+0x0/0x7e returned 0 after 59 usecs
[    7.628407] calling  init_sunrpc+0x0/0x65 @ 1
[    7.640856] RPC: Registered named UNIX socket transport module.
[    7.648010] RPC: Registered udp transport module.
[    7.653696] RPC: Registered tcp transport module.
[    7.659320] RPC: Registered tcp NFSv4.1 backchannel transport module.
[    7.667965] initcall init_sunrpc+0x0/0x65 returned 0 after 33448 usecs
[    7.676032] calling  cfg80211_init+0x0/0xc5 @ 1
[    7.683525] initcall cfg80211_init+0x0/0xc5 returned 0 after 2021 usecs
[    7.691357] calling  pcibios_assign_resources+0x0/0xbf @ 1
[    7.699807] pci_bus 0000:00: resource 4 [io  0x0000-0x0cf7 window]
[    7.708762] pci_bus 0000:00: resource 5 [io  0x0d00-0xffff window]
[    7.717821] pci_bus 0000:00: resource 6 [mem 0x000a0000-0x000bffff window]
[    7.727683] pci_bus 0000:00: resource 7 [mem 0x20000000-0xafffffff window]
[    7.736508] pci_bus 0000:00: resource 8 [mem 0xc0000000-0xfebfffff window]
[    7.744446] pci_bus 0000:00: resource 9 [mem 0x100000000-0x8ffffffff window]
[    7.753105] initcall pcibios_assign_resources+0x0/0xbf returned 0 after 52381 usecs
[    7.761955] calling  pci_apply_final_quirks+0x0/0x124 @ 1
[    7.768924] pci 0000:00:01.0: calling  pci_fixup_video+0x0/0xe0 @ 1
[    7.776654] pci 0000:00:01.0: Video device with shadowed ROM at [mem 0x000c0000-0x000dffff]
[    7.786377] pci 0000:00:01.0: pci_fixup_video+0x0/0xe0 took 9761 usecs
[    7.794342] PCI: CLS 0 bytes, default 64
[    7.799473] initcall pci_apply_final_quirks+0x0/0x124 returned 0 after 30297 usecs
[    7.809020] calling  acpi_reserve_resources+0x0/0xea @ 1
[    7.816935] initcall acpi_reserve_resources+0x0/0xea returned 0 after 38 usecs
[    7.827789] calling  populate_rootfs+0x0/0x102 @ 1
[    7.837779] initcall populate_rootfs+0x0/0x102 returned 0 after 2852 usecs
[    7.838267] calling  pci_iommu_init+0x0/0x3e @ 1
[    7.838267] initcall pci_iommu_init+0x0/0x3e returned 0 after 42 usecs
[    7.838267] calling  ia32_binfmt_init+0x0/0x13 @ 1
[    7.838267] initcall ia32_binfmt_init+0x0/0x13 returned 0 after 24 usecs
[    7.838267] calling  rapl_pmu_init+0x0/0x267 @ 1
[    7.838267] initcall rapl_pmu_init+0x0/0x267 returned -19 after 45 usecs
[    7.838267] calling  amd_uncore_init+0x0/0x310 @ 1
[    7.838267] initcall amd_uncore_init+0x0/0x310 returned -19 after 0 usecs
[    7.838267] calling  amd_ibs_init+0x0/0x243 @ 1
[    7.838267] initcall amd_ibs_init+0x0/0x243 returned -19 after 0 usecs
[    7.838267] calling  amd_iommu_pc_init+0x0/0x215 @ 1
[    7.838267] initcall amd_iommu_pc_init+0x0/0x215 returned -19 after 34 usecs
[    7.838267] calling  msr_init+0x0/0x55 @ 1
[    7.838267] initcall msr_init+0x0/0x55 returned 0 after 102 usecs
[    7.838267] calling  intel_uncore_init+0x0/0x36f @ 1
[    7.838267] initcall intel_uncore_init+0x0/0x36f returned -19 after 24 usecs
[    7.838267] calling  cstate_pmu_init+0x0/0x1a1 @ 1
[    7.838267] initcall cstate_pmu_init+0x0/0x1a1 returned -19 after 0 usecs
[    7.838267] calling  register_kernel_offset_dumper+0x0/0x1a @ 1
[    7.838267] initcall register_kernel_offset_dumper+0x0/0x1a returned 0 after 18 usecs
[    7.838267] calling  i8259A_init_ops+0x0/0x20 @ 1
[    7.838267] initcall i8259A_init_ops+0x0/0x20 returned 0 after 1 usecs
[    7.838267] calling  init_tsc_clocksource+0x0/0xa4 @ 1
[    7.838267] clocksource: tsc: mask: 0xffffffffffffffff max_cycles: 0x39a85afc727, max_idle_ns: 881590685098 ns
[    7.838267] initcall init_tsc_clocksource+0x0/0xa4 returned 0 after 10486 usecs
[    7.838267] calling  add_rtc_cmos+0x0/0xb0 @ 1
[    7.838267] initcall add_rtc_cmos+0x0/0xb0 returned 0 after 89 usecs
[    7.838267] calling  i8237A_init_ops+0x0/0x3a @ 1
[    7.838267] initcall i8237A_init_ops+0x0/0x3a returned 0 after 64 usecs
[    7.838267] calling  umwait_init+0x0/0x94 @ 1
[    7.838267] initcall umwait_init+0x0/0x94 returned -19 after 12 usecs
[    7.838267] calling  thermal_throttle_init_device+0x0/0x3d @ 1
[    7.838267] initcall thermal_throttle_init_device+0x0/0x3d returned 0 after 29 usecs
[    7.838267] calling  msr_init+0x0/0xd7 @ 1
[    8.108132] initcall msr_init+0x0/0xd7 returned 0 after 35484 usecs
[    8.116288] calling  cpuid_init+0x0/0xd7 @ 1
[    8.146866] initcall cpuid_init+0x0/0xd7 returned 0 after 24636 usecs
[    8.154701] calling  ioapic_init_ops+0x0/0x13 @ 1
[    8.160338] initcall ioapic_init_ops+0x0/0x13 returned 0 after 18 usecs
[    8.168377] calling  add_pcspkr+0x0/0x6c @ 1
[    8.173742] initcall add_pcspkr+0x0/0x6c returned 0 after 76 usecs
[    8.181178] calling  start_periodic_check_for_corruption+0x0/0x30 @ 1
[    8.188974] check: Scanning for low memory corruption every 60 seconds
[    8.196705] initcall start_periodic_check_for_corruption+0x0/0x30 returned 0 after 7569 usecs
[    8.206917] calling  sysfb_init+0x0/0x9c @ 1
[    8.212104] initcall sysfb_init+0x0/0x9c returned 0 after 109 usecs
[    8.219729] calling  audit_classes_init+0x0/0xae @ 1
[    8.225941] initcall audit_classes_init+0x0/0xae returned 0 after 42 usecs
[    8.234956] calling  iosf_mbi_init+0x0/0x24 @ 1
[    8.241986] initcall iosf_mbi_init+0x0/0x24 returned 0 after 207 usecs
[    8.251572] calling  proc_execdomains_init+0x0/0x21 @ 1
[    8.259497] initcall proc_execdomains_init+0x0/0x21 returned 0 after 88 usecs
[    8.268083] calling  register_warn_debugfs+0x0/0x23 @ 1
[    8.274195] initcall register_warn_debugfs+0x0/0x23 returned 0 after 45 usecs
[    8.282585] calling  cpuhp_sysfs_init+0x0/0x79 @ 1
[    8.288452] initcall cpuhp_sysfs_init+0x0/0x79 returned 0 after 306 usecs
[    8.296405] calling  ioresources_init+0x0/0x49 @ 1
[    8.302097] initcall ioresources_init+0x0/0x49 returned 0 after 6 usecs
[    8.309851] calling  snapshot_device_init+0x0/0xc @ 1
[    8.316753] initcall snapshot_device_init+0x0/0xc returned 0 after 881 usecs
[    8.324787] calling  irq_pm_init_ops+0x0/0x13 @ 1
[    8.325497] initcall irq_pm_init_ops+0x0/0x13 returned 0 after 13 usecs
[    8.325497] calling  rcu_torture_init+0x0/0x9a6 @ 1
[    8.325497] rcu-torture:--- Start of test: nreaders=15 nfakewriters=4 stat_interval=15 verbose=1 test_no_idle_hz=1 shuffle_interval=3 stutter=5 irqreader=1 fqs_duration=0 fqs_holdoff=0 fqs_stutter=3 test_boost=1/0 test_boost_interval=7 test_boost_duration=4 shutdown_secs=1800 stall_cpu=0 stall_cpu_holdoff=10 stall_cpu_irqsoff=0 stall_cpu_block=0 n_barrier_cbs=4 onoff_interval=1000 onoff_holdoff=30 read_exit_delay=13 read_exit_burst=16
[    8.360503] rcu:  Start-test grace-period state: g-1028 f0x0
[    8.360503] rcu-torture: Creating rcu_torture_writer task
[    8.415578] rcu-torture: Creating rcu_torture_fakewriter task
[    8.415997] rcu-torture: rcu_torture_writer task started
[    8.423646] rcu-torture: Creating rcu_torture_fakewriter task
[    8.423895] rcu-torture: rcu_torture_fakewriter task started
[    8.430030] rcu-torture: GP expediting controlled from boot/sysfs for rcu.
[    8.439119] rcu-torture: Creating rcu_torture_fakewriter task
[    8.439457] rcu-torture: rcu_torture_fakewriter task started
[    8.445471] rcu_torture_writer: Testing conditional GPs.
[    8.445471] rcu_torture_writer: Testing expedited GPs.
[    8.445472] rcu_torture_writer: Testing asynchronous GPs.
[    8.445473] rcu_torture_writer: Testing normal GPs.
[    8.498200] rcu-torture: Creating rcu_torture_fakewriter task
[    8.498604] rcu-torture: rcu_torture_fakewriter task started
[    8.507115] rcu-torture: Creating rcu_torture_reader task
[    8.507511] rcu-torture: rcu_torture_fakewriter task started
[    8.526662] rcu-torture: Creating rcu_torture_reader task
[    8.526998] rcu-torture: rcu_torture_reader task started
[    8.535049] rcu-torture: Creating rcu_torture_reader task
[    8.535362] rcu-torture: rcu_torture_reader task started
[    8.561469] rcu-torture: rcu_torture_reader task started
[    8.561582] rcu-torture: Creating rcu_torture_reader task
[    8.575938] rcu-torture: Creating rcu_torture_reader task
[    8.576438] rcu-torture: rcu_torture_reader task started
[    8.584348] rcu-torture: Creating rcu_torture_reader task
[    8.584411] rcu-torture: rcu_torture_reader task started
[    8.603523] rcu-torture: Creating rcu_torture_reader task
[    8.603634] rcu-torture: rcu_torture_reader task started
[    8.610830] rcu-torture: Creating rcu_torture_reader task
[    8.610873] rcu-torture: rcu_torture_reader task started
[    8.630632] rcu-torture: Creating rcu_torture_reader task
[    8.630666] rcu-torture: rcu_torture_reader task started
[    8.644786] rcu-torture: Creating rcu_torture_reader task
[    8.644808] rcu-torture: rcu_torture_reader task started
[    8.655785] rcu-torture: Creating rcu_torture_reader task
[    8.655818] rcu-torture: rcu_torture_reader task started
[    8.671553] rcu-torture: Creating rcu_torture_reader task
[    8.671574] rcu-torture: rcu_torture_reader task started
[    8.685865] rcu-torture: Creating rcu_torture_reader task
[    8.690334] rcu-torture: rcu_torture_reader task started
[    8.693951] rcu-torture: Creating rcu_torture_reader task
[    8.697361] rcu-torture: rcu_torture_reader task started
[    8.715867] rcu-torture: Creating rcu_torture_reader task
[    8.715884] rcu-torture: rcu_torture_reader task started
[    8.723938] rcu-torture: Creating rcu_torture_stats task
[    8.724133] rcu-torture: rcu_torture_reader task started
[    8.743830] rcu-torture: Creating torture_shuffle task
[    8.747991] rcu-torture: rcu_torture_stats task started
[    8.757855] rcu-torture: Creating torture_stutter task
[    8.757901] rcu-torture: torture_shuffle task started
[    8.771639] rcu-torture: Creating torture_shutdown task
[    8.775318] rcu-torture: torture_stutter task started
[    8.779628] rcu-torture: Creating torture_onoff task
[    8.779653] rcu-torture: torture_shutdown task started
[    8.779655] rcu-torture:torture_shutdown task: 1799991 ms remaining
[    8.804923] rcu-torture: torture_onoff task started
[    8.804959] rcu-torture: Creating rcu_torture_fwd_prog task
[    8.812706] rcu-torture: torture_onoff begin holdoff
[    8.827056] rcu-torture: Creating rcu_torture_barrier_cbs task
[    8.827073] rcu-torture: rcu_torture_fwd_progress task started
[    8.835574] rcu-torture: Creating rcu_torture_barrier_cbs task
[    8.835788] rcu-torture: rcu_torture_barrier_cbs task started
[    8.857169] rcu-torture: Creating rcu_torture_barrier_cbs task
[    8.857186] rcu-torture: rcu_torture_barrier_cbs task started
[    8.865871] rcu-torture: Creating rcu_torture_barrier_cbs task
[    8.865898] rcu-torture: rcu_torture_barrier_cbs task started
[    8.887428] rcu-torture: Creating rcu_torture_barrier task
[    8.887484] rcu-torture: rcu_torture_barrier_cbs task started
[    8.896511] rcu-torture: Creating rcu_torture_read_exit task
[    8.896584] rcu-torture: rcu_torture_barrier task starting
[    8.916127] rcu-torture: rcu_torture_read_exit: Start of test
[    8.916995] initcall rcu_torture_init+0x0/0x9a6 returned 0 after 557977 usecs
[    8.917304] calling  timekeeping_init_ops+0x0/0x13 @ 1
[    8.917304] initcall timekeeping_init_ops+0x0/0x13 returned 0 after 40 usecs
[    8.917304] calling  init_clocksource_sysfs+0x0/0x23 @ 1
[    8.917304] initcall init_clocksource_sysfs+0x0/0x23 returned 0 after 927 usecs
[    8.917304] calling  init_timer_list_procfs+0x0/0x31 @ 1
[    8.917304] initcall init_timer_list_procfs+0x0/0x31 returned 0 after 241 usecs
[    8.917304] calling  alarmtimer_init+0x0/0xc7 @ 1
[    8.917304] initcall alarmtimer_init+0x0/0xc7 returned 0 after 227 usecs
[    8.917304] calling  init_posix_timers+0x0/0x29 @ 1
[    8.917304] initcall init_posix_timers+0x0/0x29 returned 0 after 51 usecs
[    8.917304] calling  clockevents_init_sysfs+0x0/0xbf @ 1
[    8.917304] initcall clockevents_init_sysfs+0x0/0xbf returned 0 after 190 usecs
[    8.917304] calling  proc_dma_init+0x0/0x21 @ 1
[    8.917304] initcall proc_dma_init+0x0/0x21 returned 0 after 68 usecs
[    8.917304] calling  proc_modules_init+0x0/0x1e @ 1
[    8.917304] initcall proc_modules_init+0x0/0x1e returned 0 after 38 usecs
[    8.917304] calling  kallsyms_init+0x0/0x21 @ 1
[    8.917304] initcall kallsyms_init+0x0/0x21 returned 0 after 4 usecs
[    8.917304] calling  pid_namespaces_init+0x0/0x2c @ 1
[    8.917304] initcall pid_namespaces_init+0x0/0x2c returned 0 after 265 usecs
[    8.917304] calling  audit_watch_init+0x0/0x37 @ 1
[    8.917304] initcall audit_watch_init+0x0/0x37 returned 0 after 28 usecs
[    8.917304] calling  audit_fsnotify_init+0x0/0x37 @ 1
[    8.917304] initcall audit_fsnotify_init+0x0/0x37 returned 0 after 1 usecs
[    8.917304] calling  audit_tree_init+0x0/0x6d @ 1
[    8.917304] initcall audit_tree_init+0x0/0x6d returned 0 after 6 usecs
[    8.917304] calling  seccomp_sysctl_init+0x0/0x2b @ 1
[    8.917304] initcall seccomp_sysctl_init+0x0/0x2b returned 0 after 96 usecs
[    8.917304] calling  utsname_sysctl_init+0x0/0x13 @ 1
[    8.917304] initcall utsname_sysctl_init+0x0/0x13 returned 0 after 100 usecs
[    8.917304] calling  init_tracepoints+0x0/0x27 @ 1
[    8.917304] initcall init_tracepoints+0x0/0x27 returned 0 after 102 usecs
[    8.917304] calling  init_blk_tracer+0x0/0x50 @ 1
[    8.917304] initcall init_blk_tracer+0x0/0x50 returned 0 after 1115 usecs
[    8.917304] calling  perf_event_sysfs_init+0x0/0x81 @ 1
[    8.917304] initcall perf_event_sysfs_init+0x0/0x81 returned 0 after 1539 usecs
[    8.917304] calling  system_trusted_keyring_init+0x0/0x60 @ 1
[    8.917304] Initialise system trusted keyrings
[    8.917304] initcall system_trusted_keyring_init+0x0/0x60 returned 0 after 5264 usecs
[    9.219432] calling  kswapd_init+0x0/0x5c @ 1
[    9.225913] initcall kswapd_init+0x0/0x5c returned 0 after 1124 usecs
[    9.234069] calling  extfrag_debug_init+0x0/0x54 @ 1
[    9.234773] initcall extfrag_debug_init+0x0/0x54 returned 0 after 283 usecs
[    9.234773] calling  mm_compute_batch_init+0x0/0x12 @ 1
[    9.234773] initcall mm_compute_batch_init+0x0/0x12 returned 0 after 1 usecs
[    9.234773] calling  slab_proc_init+0x0/0x21 @ 1
[    9.234773] initcall slab_proc_init+0x0/0x21 returned 0 after 47 usecs
[    9.234773] calling  workingset_init+0x0/0x8c @ 1
[    9.234773] workingset: timestamp_bits=56 max_order=17 bucket_order=0
[    9.234773] initcall workingset_init+0x0/0x8c returned 0 after 7630 usecs
[    9.234773] calling  proc_vmalloc_init+0x0/0x32 @ 1
[    9.234773] initcall proc_vmalloc_init+0x0/0x32 returned 0 after 20 usecs
[    9.234773] calling  procswaps_init+0x0/0x1e @ 1
[    9.234773] initcall procswaps_init+0x0/0x1e returned 0 after 47 usecs
[    9.234773] calling  slab_sysfs_init+0x0/0xea @ 1
[    9.234773] initcall slab_sysfs_init+0x0/0xea returned 0 after 3391 usecs
[    9.347697] calling  fcntl_init+0x0/0x29 @ 1
[    9.353051] initcall fcntl_init+0x0/0x29 returned 0 after 10 usecs
[    9.360655] calling  proc_filesystems_init+0x0/0x21 @ 1
[    9.367264] initcall proc_filesystems_init+0x0/0x21 returned 0 after 5 usecs
[    9.375960] calling  start_dirtytime_writeback+0x0/0x29 @ 1
[    9.382903] initcall start_dirtytime_writeback+0x0/0x29 returned 0 after 2 usecs
[    9.392092] calling  blkdev_init+0x0/0x1b @ 1
[    9.397667] initcall blkdev_init+0x0/0x1b returned 0 after 198 usecs
[    9.405387] calling  dio_init+0x0/0x2c @ 1
[    9.410627] initcall dio_init+0x0/0x2c returned 0 after 64 usecs
[    9.418152] calling  dnotify_init+0x0/0x78 @ 1
[    9.423668] initcall dnotify_init+0x0/0x78 returned 0 after 9 usecs
[    9.431485] calling  aio_setup+0x0/0x78 @ 1
[    9.437472] initcall aio_setup+0x0/0x78 returned 0 after 574 usecs
[    9.445105] calling  io_uring_init+0x0/0x2c @ 1
[    9.451007] initcall io_uring_init+0x0/0x2c returned 0 after 7 usecs
[    9.458889] calling  mbcache_init+0x0/0x30 @ 1
[    9.464779] initcall mbcache_init+0x0/0x30 returned 0 after 64 usecs
[    9.472600] calling  init_grace+0x0/0xc @ 1
[    9.477966] initcall init_grace+0x0/0xc returned 0 after 209 usecs
[    9.485593] calling  init_v2_quota_format+0x0/0x21 @ 1
[    9.492004] initcall init_v2_quota_format+0x0/0x21 returned 0 after 58 usecs
[    9.500723] calling  init_devpts_fs+0x0/0x27 @ 1
[    9.507045] initcall init_devpts_fs+0x0/0x27 returned 0 after 229 usecs
[    9.515541] calling  ext4_init_fs+0x0/0x1d0 @ 1
[    9.521922] initcall ext4_init_fs+0x0/0x1d0 returned 0 after 403 usecs
[    9.530088] calling  journal_init+0x0/0x11c @ 1
[    9.536597] initcall journal_init+0x0/0x11c returned 0 after 104 usecs
[    9.546036] calling  init_fat_fs+0x0/0x49 @ 1
[    9.552872] initcall init_fat_fs+0x0/0x49 returned 0 after 136 usecs
[    9.563373] calling  init_vfat_fs+0x0/0xc @ 1
[    9.570880] initcall init_vfat_fs+0x0/0xc returned 0 after 4 usecs
[    9.580826] calling  init_msdos_fs+0x0/0xc @ 1
[    9.587861] initcall init_msdos_fs+0x0/0xc returned 0 after 4 usecs
[    9.598070] calling  init_iso9660_fs+0x0/0x6c @ 1
[    9.605620] initcall init_iso9660_fs+0x0/0x6c returned 0 after 110 usecs
[    9.616836] calling  init_nfs_fs+0x0/0x13a @ 1
[    9.627275] initcall init_nfs_fs+0x0/0x13a returned 0 after 3112 usecs
[    9.627463] calling  init_nfs_v2+0x0/0x13 @ 1
[    9.627463] initcall init_nfs_v2+0x0/0x13 returned 0 after 90 usecs
[    9.627463] calling  init_nfs_v3+0x0/0x13 @ 1
[    9.627463] initcall init_nfs_v3+0x0/0x13 returned 0 after 20 usecs
[    9.627463] calling  init_nfs_v4+0x0/0x32 @ 1
[    9.627463] NFS: Registering the id_resolver key type
[    9.627463] Key type id_resolver registered
[    9.627463] Key type id_legacy registered
[    9.627463] initcall init_nfs_v4+0x0/0x32 returned 0 after 18389 usecs
[    9.627463] calling  init_nlm+0x0/0x5b @ 1
[    9.627463] initcall init_nlm+0x0/0x5b returned 0 after 135 usecs
[    9.627463] calling  init_nls_cp437+0x0/0xe @ 1
[    9.627463] initcall init_nls_cp437+0x0/0xe returned 0 after 55 usecs
[    9.627463] calling  init_nls_ascii+0x0/0xe @ 1
[    9.627463] initcall init_nls_ascii+0x0/0xe returned 0 after 1 usecs
[    9.627463] calling  init_nls_iso8859_1+0x0/0xe @ 1
[    9.627463] initcall init_nls_iso8859_1+0x0/0xe returned 0 after 1 usecs
[    9.627463] calling  init_nls_utf8+0x0/0x21 @ 1
[    9.627463] initcall init_nls_utf8+0x0/0x21 returned 0 after 1 usecs
[    9.627463] calling  init_autofs_fs+0x0/0x25 @ 1
[    9.789530] initcall init_autofs_fs+0x0/0x25 returned 0 after 1739 usecs
[    9.799259] calling  ipc_init+0x0/0x24 @ 1
[    9.799951] initcall ipc_init+0x0/0x24 returned 0 after 74 usecs
[    9.799951] calling  ipc_sysctl_init+0x0/0x13 @ 1
[    9.799951] initcall ipc_sysctl_init+0x0/0x13 returned 0 after 105 usecs
[    9.799951] calling  init_mqueue_fs+0x0/0x9a @ 1
[    9.799951] initcall init_mqueue_fs+0x0/0x9a returned 0 after 345 usecs
[    9.799951] calling  key_proc_init+0x0/0x63 @ 1
[    9.799951] initcall key_proc_init+0x0/0x63 returned 0 after 27 usecs
[    9.799951] calling  selinux_nf_ip_init+0x0/0x2e @ 1
[    9.799951] initcall selinux_nf_ip_init+0x0/0x2e returned 0 after 78 usecs
[    9.799951] calling  init_sel_fs+0x0/0x116 @ 1
[    9.799951] initcall init_sel_fs+0x0/0x116 returned 0 after 0 usecs
[    9.799951] calling  selnl_init+0x0/0x7c @ 1
[    9.899929] initcall selnl_init+0x0/0x7c returned 0 after 927 usecs
[    9.908577] calling  sel_netif_init+0x0/0x36 @ 1
[    9.914810] initcall sel_netif_init+0x0/0x36 returned 0 after 0 usecs
[    9.923505] calling  sel_netnode_init+0x0/0x33 @ 1
[    9.930018] initcall sel_netnode_init+0x0/0x33 returned 0 after 0 usecs
[    9.938828] calling  sel_netport_init+0x0/0x33 @ 1
[    9.945440] initcall sel_netport_init+0x0/0x33 returned 0 after 0 usecs
[    9.954076] calling  aurule_init+0x0/0x2a @ 1
[    9.959938] initcall aurule_init+0x0/0x2a returned 0 after 1 usecs
[    9.968107] calling  crypto_algapi_init+0x0/0xc @ 1
[    9.974838] initcall crypto_algapi_init+0x0/0xc returned 0 after 5 usecs
[    9.983750] calling  jent_mod_init+0x0/0x2d @ 1
[   10.000904] initcall jent_mod_init+0x0/0x2d returned 0 after 10574 usecs
[   10.010068] calling  asymmetric_key_init+0x0/0xc @ 1
[   10.010898] Key type asymmetric registered
[   10.010898] initcall asymmetric_key_init+0x0/0xc returned 0 after 5439 usecs
[   10.010898] calling  x509_key_init+0x0/0xc @ 1
[   10.010898] Asymmetric key parser 'x509' registered
[   10.010898] initcall x509_key_init+0x0/0xc returned 0 after 7341 usecs
[   10.010898] calling  proc_genhd_init+0x0/0x41 @ 1
[   10.010898] initcall proc_genhd_init+0x0/0x41 returned 0 after 7 usecs
[   10.010898] calling  bsg_init+0x0/0x113 @ 1
[   10.010898] Block layer SCSI generic (bsg) driver version 0.4 loaded (major 251)
[   10.010898] initcall bsg_init+0x0/0x113 returned 0 after 9772 usecs
[   10.010898] calling  deadline_init+0x0/0xc @ 1
[   10.010898] io scheduler mq-deadline registered
[   10.010898] initcall deadline_init+0x0/0xc returned 0 after 6113 usecs
[   10.010898] calling  kyber_init+0x0/0xc @ 1
[   10.010898] io scheduler kyber registered
[   10.010898] initcall kyber_init+0x0/0xc returned 0 after 5436 usecs
[   10.010898] calling  mod_init+0x0/0x7 @ 1
[   10.010898] initcall mod_init+0x0/0x7 returned 0 after 0 usecs
[   10.010898] calling  percpu_counter_startup+0x0/0x55 @ 1
[   10.178003] initcall percpu_counter_startup+0x0/0x55 returned 0 after 22595 usecs
[   10.188648] calling  sg_pool_init+0x0/0xb4 @ 1
[   10.189201] initcall sg_pool_init+0x0/0xb4 returned 0 after 569 usecs
[   10.189201] calling  pcie_portdrv_init+0x0/0x39 @ 1
[   10.189201] initcall pcie_portdrv_init+0x0/0x39 returned 0 after 1214 usecs
[   10.189201] calling  pci_proc_init+0x0/0x68 @ 1
[   10.189201] initcall pci_proc_init+0x0/0x68 returned 0 after 55 usecs
[   10.189201] calling  pci_hotplug_init+0x0/0x7 @ 1
[   10.189201] initcall pci_hotplug_init+0x0/0x7 returned 0 after 0 usecs
[   10.189201] calling  efifb_driver_init+0x0/0xe @ 1
[   10.189201] initcall efifb_driver_init+0x0/0xe returned 0 after 54 usecs
[   10.189201] calling  ged_driver_init+0x0/0xe @ 1
[   10.189201] initcall ged_driver_init+0x0/0xe returned 0 after 349 usecs
[   10.189201] calling  acpi_ac_init+0x0/0x92 @ 1
[   10.189201] initcall acpi_ac_init+0x0/0x92 returned 0 after 233 usecs
[   10.189201] calling  acpi_button_driver_init+0x0/0x52 @ 1
[   10.189201] input: Power Button as /devices/LNXSYSTM:00/LNXPWRBN:00/input/input0
[   10.324593] ACPI: Power Button [PWRF]
[   10.331536] initcall acpi_button_driver_init+0x0/0x52 returned 0 after 22318 usecs
[   10.331536] calling  acpi_fan_driver_init+0x0/0xe @ 1
[   10.331536] initcall acpi_fan_driver_init+0x0/0xe returned 0 after 17 usecs
[   10.331536] calling  acpi_video_init+0x0/0xcb @ 1
[   10.331536] initcall acpi_video_init+0x0/0xcb returned 0 after 145 usecs
[   10.331536] calling  acpi_processor_driver_init+0x0/0xad @ 1
[   10.331536] initcall acpi_processor_driver_init+0x0/0xad returned 0 after 3297 usecs
[   10.331536] calling  acpi_thermal_init+0x0/0x71 @ 1
[   10.413088] initcall acpi_thermal_init+0x0/0x71 returned 0 after 6417 usecs
[   10.413598] calling  acpi_battery_init+0x0/0x32 @ 1
[   10.430110] initcall acpi_battery_init+0x0/0x32 returned 0 after 204 usecs
[   10.430110] calling  bgrt_init+0x0/0xb6 @ 1
[   10.430110] initcall bgrt_init+0x0/0xb6 returned -19 after 70 usecs
[   10.430110] calling  gpio_clk_driver_init+0x0/0xe @ 1
[   10.430110] initcall gpio_clk_driver_init+0x0/0xe returned 0 after 335 usecs
[   10.430110] calling  plt_clk_driver_init+0x0/0xe @ 1
[   10.430110] initcall plt_clk_driver_init+0x0/0xe returned 0 after 82 usecs
[   10.430110] calling  virtio_pci_driver_init+0x0/0x15 @ 1
[   10.430110] initcall virtio_pci_driver_init+0x0/0x15 returned 0 after 45 usecs
[   10.430110] calling  n_null_init+0x0/0x1e @ 1
[   10.430110] initcall n_null_init+0x0/0x1e returned 0 after 198 usecs
[   10.430110] calling  pty_init+0x0/0x1e8 @ 1
[   10.540276] initcall pty_init+0x0/0x1e8 returned 0 after 7846 usecs
[   10.541310] calling  sysrq_init+0x0/0x62 @ 1
[   10.541310] initcall sysrq_init+0x0/0x62 returned 0 after 83 usecs
[   10.541310] calling  serial8250_init+0x0/0x17e @ 1
[   10.541310] Serial: 8250/16550 driver, 4 ports, IRQ sharing enabled
[   10.541310] 00:03: ttyS0 at I/O 0x3f8 (irq = 4, base_baud = 115200) is a 16550A
[   10.604799] initcall serial8250_init+0x0/0x17e returned 0 after 32335 usecs
[   10.605447] calling  serial_pci_driver_init+0x0/0x15 @ 1
[   10.605447] initcall serial_pci_driver_init+0x0/0x15 returned 0 after 114 usecs
[   10.605447] calling  exar_pci_driver_init+0x0/0x15 @ 1
[   10.605447] initcall exar_pci_driver_init+0x0/0x15 returned 0 after 53 usecs
[   10.605447] calling  lpss8250_pci_driver_init+0x0/0x15 @ 1
[   10.605447] initcall lpss8250_pci_driver_init+0x0/0x15 returned 0 after 65 usecs
[   10.605447] calling  mid8250_pci_driver_init+0x0/0x15 @ 1
[   10.605447] initcall mid8250_pci_driver_init+0x0/0x15 returned 0 after 159 usecs
[   10.605447] calling  virtio_console_init+0x0/0xff @ 1
[   10.605447] initcall virtio_console_init+0x0/0xff returned 0 after 98 usecs
[   10.605447] calling  hpet_init+0x0/0x64 @ 1
[   10.732311] initcall hpet_init+0x0/0x64 returned 0 after 5274 usecs
[   10.732311] calling  nvram_module_init+0x0/0x83 @ 1
[   10.752622] Non-volatile memory driver v1.3
[   10.759100] initcall nvram_module_init+0x0/0x83 returned 0 after 8127 usecs
[   10.759769] calling  hwrng_modinit+0x0/0x8a @ 1
[   10.779978] initcall hwrng_modinit+0x0/0x8a returned 0 after 3926 usecs
[   10.779978] calling  mod_init+0x0/0x48 @ 1
[   10.779978] initcall mod_init+0x0/0x48 returned -19 after 1 usecs
[   10.779978] calling  agp_init+0x0/0x23 @ 1
[   10.779978] Linux agpgart interface v0.103
[   10.779978] initcall agp_init+0x0/0x23 returned 0 after 8413 usecs
[   10.779978] calling  agp_amd64_mod_init+0x0/0x5 @ 1
[   10.779978] initcall agp_amd64_mod_init+0x0/0x5 returned -19 after 7522 usecs
[   10.779978] calling  agp_intel_init+0x0/0x28 @ 1
[   10.779978] initcall agp_intel_init+0x0/0x28 returned 0 after 1660 usecs
[   10.779978] calling  drm_kms_helper_init+0x0/0x7 @ 1
[   10.779978] initcall drm_kms_helper_init+0x0/0x7 returned 0 after 45 usecs
[   10.779978] calling  drm_core_init+0x0/0xa4 @ 1
[   10.779978] initcall drm_core_init+0x0/0xa4 returned 0 after 5663 usecs
[   10.779978] calling  i915_init+0x0/0x6b @ 1
[   10.779978] initcall i915_init+0x0/0x6b returned 0 after 19588 usecs
[   10.779978] calling  cn_proc_init+0x0/0x35 @ 1
[   10.779978] initcall cn_proc_init+0x0/0x35 returned 0 after 2 usecs
[   10.779978] calling  topology_sysfs_init+0x0/0x27 @ 1
[   10.779978] initcall topology_sysfs_init+0x0/0x27 returned 0 after 4432 usecs
[   11.047197] calling  cacheinfo_sysfs_init+0x0/0x27 @ 1
[   11.137877] initcall cacheinfo_sysfs_init+0x0/0x27 returned 0 after 78995 usecs
[   11.138633] calling  loop_init+0x0/0x168 @ 1
[   11.354333] loop: module loaded
[   11.354333] initcall loop_init+0x0/0x168 returned 0 after 198724 usecs
[   11.354333] calling  mac_hid_init+0x0/0x21 @ 1
[   11.381365] initcall mac_hid_init+0x0/0x21 returned 0 after 27 usecs
[   11.381954] calling  spi_transport_init+0x0/0x74 @ 1
[   11.381954] initcall spi_transport_init+0x0/0x74 returned 0 after 1720 usecs
[   11.381954] calling  init_sd+0x0/0x18c @ 1
[   11.381954] initcall init_sd+0x0/0x18c returned 0 after 594 usecs
[   11.432502] calling  init_sr+0x0/0x43 @ 1
[   11.432502] initcall init_sr+0x0/0x43 returned 0 after 120 usecs
[   11.432502] calling  init_sg+0x0/0x1c0 @ 1
[   11.432502] initcall init_sg+0x0/0x1c0 returned 0 after 342 usecs
[   11.432502] calling  ahci_pci_driver_init+0x0/0x15 @ 1
[   11.432502] ahci 0000:00:1f.2: version 3.0
[   11.432502] PCI Interrupt Link [GSIA] enabled at IRQ 16
[   11.432502] ahci 0000:00:1f.2: AHCI 0001.0000 32 slots 6 ports 1.5 Gbps 0x3f impl SATA mode
[   11.432502] ahci 0000:00:1f.2: flags: 64bit ncq only 
[   11.600831] scsi host0: ahci
[   11.616394] scsi host1: ahci
[   11.639514] scsi host2: ahci
[   11.656387] scsi host3: ahci
[   11.669327] scsi host4: ahci
[   11.681404] scsi host5: ahci
[   11.681404] ata1: SATA max UDMA/133 abar m4096@0xfebf1000 port 0xfebf1100 irq 24
[   11.681404] ata2: SATA max UDMA/133 abar m4096@0xfebf1000 port 0xfebf1180 irq 24
[   11.681404] ata3: SATA max UDMA/133 abar m4096@0xfebf1000 port 0xfebf1200 irq 24
[   11.681404] ata4: SATA max UDMA/133 abar m4096@0xfebf1000 port 0xfebf1280 irq 24
[   11.681404] ata5: SATA max UDMA/133 abar m4096@0xfebf1000 port 0xfebf1300 irq 24
[   11.681404] ata6: SATA max UDMA/133 abar m4096@0xfebf1000 port 0xfebf1380 irq 24
[   11.770869] initcall ahci_pci_driver_init+0x0/0x15 returned 0 after 282064 usecs
[   11.770869] calling  piix_init+0x0/0x26 @ 1
[   11.770869] initcall piix_init+0x0/0x26 returned 0 after 145 usecs
[   11.770869] calling  amd_pci_driver_init+0x0/0x15 @ 1
[   11.770869] initcall amd_pci_driver_init+0x0/0x15 returned 0 after 23 usecs
[   11.770869] calling  oldpiix_pci_driver_init+0x0/0x15 @ 1
[   11.770869] initcall oldpiix_pci_driver_init+0x0/0x15 returned 0 after 433 usecs
[   11.770869] calling  sch_pci_driver_init+0x0/0x15 @ 1
[   11.770869] initcall sch_pci_driver_init+0x0/0x15 returned 0 after 117 usecs
[   11.770869] calling  net_olddevs_init+0x0/0x55 @ 1
[   11.770869] initcall net_olddevs_init+0x0/0x55 returned 0 after 474 usecs
[   11.770869] calling  blackhole_netdev_init+0x0/0x78 @ 1
[   11.770869] initcall blackhole_netdev_init+0x0/0x78 returned 0 after 852 usecs
[   11.770869] calling  phy_module_init+0x0/0x13 @ 1
[   11.770869] initcall phy_module_init+0x0/0x13 returned 0 after 450 usecs
[   11.770869] calling  tg3_driver_init+0x0/0x15 @ 1
[   11.770869] initcall tg3_driver_init+0x0/0x15 returned 0 after 160 usecs
[   11.770869] calling  e100_init_module+0x0/0x4c @ 1
[   11.770869] e100: Intel(R) PRO/100 Network Driver
[   11.770869] e100: Copyright(c) 1999-2006 Intel Corporation
[   11.770869] initcall e100_init_module+0x0/0x4c returned 0 after 14261 usecs
[   11.770869] calling  e1000_init_module+0x0/0x72 @ 1
[   11.770869] e1000: Intel(R) PRO/1000 Network Driver
[   11.770869] e1000: Copyright (c) 1999-2006 Intel Corporation.
[   11.770869] initcall e1000_init_module+0x0/0x72 returned 0 after 16466 usecs
[   11.770869] calling  e1000_init_module+0x0/0x2d @ 1
[   11.770869] e1000e: Intel(R) PRO/1000 Network Driver
[   11.770869] e1000e: Copyright(c) 1999 - 2015 Intel Corporation.
[   11.770869] initcall e1000_init_module+0x0/0x2d returned 0 after 17102 usecs
[   11.770869] calling  sky2_init_module+0x0/0x21 @ 1
[   11.770869] sky2: driver version 1.30
[   11.770869] initcall sky2_init_module+0x0/0x21 returned 0 after 5937 usecs
[   11.770869] calling  forcedeth_pci_driver_init+0x0/0x15 @ 1
[   11.770869] initcall forcedeth_pci_driver_init+0x0/0x15 returned 0 after 26 usecs
[   11.770869] calling  rtl8139_init_module+0x0/0x15 @ 1
[   12.093498] ata2: SATA link down (SStatus 0 SControl 300)
[   11.770869] initcall rtl8139_init_module+0x0/0x15 returned 0 after 99 usecs
[   11.770869] calling  rtl8169_pci_driver_init+0x0/0x15 @ 1
[   11.770869] initcall rtl8169_pci_driver_init+0x0/0x15 returned 0 after 71 usecs
[   12.112070] ata4: SATA link down (SStatus 0 SControl 300)
[   11.770869] calling  cdrom_init+0x0/0xc @ 1
[   11.770869] initcall cdrom_init+0x0/0xc returned 0 after 166 usecs
[   12.133610] ata1: SATA link down (SStatus 0 SControl 300)
[   11.770869] calling  nonstatic_sysfs_init+0x0/0xc @ 1
[   11.770869] initcall nonstatic_sysfs_init+0x0/0xc returned 0 after 55 usecs
[   11.770869] calling  yenta_cardbus_driver_init+0x0/0x15 @ 1
[   11.770869] initcall yenta_cardbus_driver_init+0x0/0x15 returned 0 after 126 usecs
[   12.154505] ata3: SATA link up 1.5 Gbps (SStatus 113 SControl 300)
[   11.770869] calling  mon_init+0x0/0x12d @ 1
[   12.160226] initcall mon_init+0x0/0x12d returned 0 after 2827 usecs
[   12.172238] ata5: SATA link down (SStatus 0 SControl 300)
[   12.179981] calling  ehci_hcd_init+0x0/0x56 @ 1
[   12.188524] ata6: SATA link down (SStatus 0 SControl 300)
[   12.180777] ehci_hcd: USB 2.0 'Enhanced' Host Controller (EHCI) Driver
[   12.180777] initcall ehci_hcd_init+0x0/0x56 returned 0 after 110 usecs
[   12.180777] calling  ehci_pci_init+0x0/0x64 @ 1
[   12.180777] ehci-pci: EHCI PCI platform driver
[   12.180777] initcall ehci_pci_init+0x0/0x64 returned 0 after 32 usecs
[   12.209576] ata3.00: ATAPI: QEMU DVD-ROM, 2.5+, max UDMA/100
[   12.180777] calling  ohci_hcd_mod_init+0x0/0x4e @ 1
[   12.180777] ohci_hcd: USB 1.1 'Open' Host Controller (OHCI) Driver
[   12.180777] initcall ohci_hcd_mod_init+0x0/0x4e returned 0 after 10 usecs
[   12.180777] calling  ohci_pci_init+0x0/0x64 @ 1
[   12.180777] ohci-pci: OHCI PCI platform driver
[   12.180777] initcall ohci_pci_init+0x0/0x64 returned 0 after 28 usecs
[   12.180777] calling  uhci_hcd_init+0x0/0xa8 @ 1
[   12.180777] uhci_hcd: USB Universal Host Controller Interface driver
[   12.180777] initcall uhci_hcd_init+0x0/0xa8 returned 0 after 234 usecs
[   12.180777] calling  xhci_hcd_init+0x0/0x1e @ 1
[   12.180777] initcall xhci_hcd_init+0x0/0x1e returned 0 after 61 usecs
[   12.180777] calling  xhci_pci_init+0x0/0x49 @ 1
[   12.180777] initcall xhci_pci_init+0x0/0x49 returned 0 after 145 usecs
[   12.180777] calling  usblp_driver_init+0x0/0x15 @ 1
[   12.180777] usbcore: registered new interface driver usblp
[   12.180777] initcall usblp_driver_init+0x0/0x15 returned 0 after 164 usecs
[   12.180777] calling  usb_storage_driver_init+0x0/0x2a @ 1
[   12.180777] usbcore: registered new interface driver usb-storage
[   12.180777] initcall usb_storage_driver_init+0x0/0x2a returned 0 after 34 usecs
[   12.180777] calling  i8042_init+0x0/0x4c2 @ 1
[   12.180777] i8042: PNP: PS/2 Controller [PNP0303:KBD,PNP0f13:MOU] at 0x60,0x64 irq 1,12
[   12.232382] serio: i8042 KBD port at 0x60,0x64 irq 1
[   12.238852] serio: i8042 AUX port at 0x60,0x64 irq 12
[   12.238852] initcall i8042_init+0x0/0x4c2 returned 0 after 15486 usecs
[   12.238852] calling  serport_init+0x0/0x2c @ 1
[   12.238999] initcall serport_init+0x0/0x2c returned 0 after 150 usecs
[   12.238999] calling  input_leds_init+0x0/0xc @ 1
[   12.239957] initcall input_leds_init+0x0/0xc returned 0 after 875 usecs
[   12.239959] calling  evdev_init+0x0/0xc @ 1
[   12.244858] initcall evdev_init+0x0/0xc returned 0 after 4779 usecs
[   12.244861] calling  atkbd_init+0x0/0x21 @ 1
[   12.245389] initcall atkbd_init+0x0/0x21 returned 0 after 743 usecs
[   12.245389] calling  psmouse_init+0x0/0x7f @ 1
[   12.245389] initcall psmouse_init+0x0/0x7f returned 0 after 164 usecs
[   12.245389] calling  cmos_init+0x0/0x73 @ 1
[   12.247087] rtc_cmos 00:04: RTC can wake from S4
[   12.255324] rtc_cmos 00:04: registered as rtc0
[   12.261407] ata3.00: applying bridge limits
[   12.264107] input: AT Translated Set 2 keyboard as /devices/platform/i8042/serio0/input/input1
[   12.266988] rtc_cmos 00:04: alarms up to one day, y3k, 242 bytes nvram, hpet irqs
[   12.285387] ata3.00: configured for UDMA/100
[   12.288149] initcall cmos_init+0x0/0x73 returned 0 after 41953 usecs
[   12.301726] scsi 2:0:0:0: CD-ROM            QEMU     QEMU DVD-ROM     2.5+ PQ: 0 ANSI: 5
[   12.303455] calling  smbalert_driver_init+0x0/0xe @ 1
[   12.303455] initcall smbalert_driver_init+0x0/0xe returned 0 after 141 usecs
[   12.303455] calling  i2c_i801_init+0x0/0xc5 @ 1
[   12.309882] i801_smbus 0000:00:1f.3: SMBus using PCI interrupt
[   12.842923] i2c i2c-0: 1/1 memory slots populated (from DMI)
[   12.851920] i2c i2c-0: Memory type 0x07 not supported yet, not instantiating SPD
[   12.863601] initcall i2c_i801_init+0x0/0xc5 returned 0 after 545931 usecs
[   12.875741] calling  ptp_kvm_init+0x0/0xf0 @ 1
[   12.888998] initcall ptp_kvm_init+0x0/0xf0 returned 0 after 5475 usecs
[   12.902419] calling  dm_init+0x0/0x3c @ 1
[   12.920971] device-mapper: ioctl: 4.43.0-ioctl (2020-10-01) initialised: dm-devel@redhat.com
[   12.937496] initcall dm_init+0x0/0x3c returned 0 after 23102 usecs
[   12.947886] calling  dm_mirror_init+0x0/0x29 @ 1
[   12.955747] initcall dm_mirror_init+0x0/0x29 returned 0 after 170 usecs
[   12.966313] calling  dm_dirty_log_init+0x0/0x4f @ 1
[   12.974007] initcall dm_dirty_log_init+0x0/0x4f returned 0 after 35 usecs
[   12.984474] calling  dm_zero_init+0x0/0x29 @ 1
[   12.991481] initcall dm_zero_init+0x0/0x29 returned 0 after 16 usecs
[   13.001185] calling  intel_pstate_init+0x0/0x50d @ 1
[   13.009739] intel_pstate: CPU model not supported
[   13.017801] initcall intel_pstate_init+0x0/0x50d returned -19 after 7971 usecs
[   13.031322] calling  haltpoll_init+0x0/0xc0 @ 1
[   13.039483] initcall haltpoll_init+0x0/0xc0 returned -19 after 148 usecs
[   13.051181] calling  efivars_sysfs_init+0x0/0x30 @ 1
[   13.059843] initcall efivars_sysfs_init+0x0/0x30 returned 0 after 84 usecs
[   13.070731] calling  esrt_sysfs_init+0x0/0x2a2 @ 1
[   13.078931] initcall esrt_sysfs_init+0x0/0x2a2 returned -38 after 162 usecs
[   13.090657] calling  hid_init+0x0/0x5c @ 1
[   13.098482] hid: raw HID events driver (C) Jiri Kosina
[   13.107622] initcall hid_init+0x0/0x5c returned 0 after 9200 usecs
[   13.118704] calling  hid_generic_init+0x0/0x15 @ 1
[   13.127421] initcall hid_generic_init+0x0/0x15 returned 0 after 157 usecs
[   13.139842] calling  a4_driver_init+0x0/0x15 @ 1
[   13.148878] initcall a4_driver_init+0x0/0x15 returned 0 after 22 usecs
[   13.158355] calling  apple_driver_init+0x0/0x15 @ 1
[   13.167094] initcall apple_driver_init+0x0/0x15 returned 0 after 103 usecs
[   13.178730] calling  belkin_driver_init+0x0/0x15 @ 1
[   13.188032] initcall belkin_driver_init+0x0/0x15 returned 0 after 22 usecs
[   13.200572] calling  ch_driver_init+0x0/0x15 @ 1
[   13.209371] initcall ch_driver_init+0x0/0x15 returned 0 after 169 usecs
[   13.222105] calling  ch_driver_init+0x0/0x15 @ 1
[   13.230321] initcall ch_driver_init+0x0/0x15 returned 0 after 116 usecs
[   13.241686] calling  cp_driver_init+0x0/0x15 @ 1
[   13.249424] initcall cp_driver_init+0x0/0x15 returned 0 after 18 usecs
[   13.259794] calling  ez_driver_init+0x0/0x15 @ 1
[   13.267344] initcall ez_driver_init+0x0/0x15 returned 0 after 141 usecs
[   13.279143] calling  gyration_driver_init+0x0/0x15 @ 1
[   13.286659] initcall gyration_driver_init+0x0/0x15 returned 0 after 18 usecs
[   13.295957] calling  ite_driver_init+0x0/0x15 @ 1
[   13.302385] initcall ite_driver_init+0x0/0x15 returned 0 after 17 usecs
[   13.311869] calling  ks_driver_init+0x0/0x15 @ 1
[   13.319140] initcall ks_driver_init+0x0/0x15 returned 0 after 20 usecs
[   13.329778] calling  lg_driver_init+0x0/0x15 @ 1
[   13.337696] initcall lg_driver_init+0x0/0x15 returned 0 after 55 usecs
[   13.348953] calling  lg_g15_driver_init+0x0/0x15 @ 1
[   13.357116] initcall lg_g15_driver_init+0x0/0x15 returned 0 after 44 usecs
[   13.367347] calling  ms_driver_init+0x0/0x15 @ 1
[   13.374191] initcall ms_driver_init+0x0/0x15 returned 0 after 19 usecs
[   13.384079] calling  mr_driver_init+0x0/0x15 @ 1
[   13.391433] initcall mr_driver_init+0x0/0x15 returned 0 after 19 usecs
[   13.401456] calling  ntrig_driver_init+0x0/0x15 @ 1
[   13.408629] initcall ntrig_driver_init+0x0/0x15 returned 0 after 51 usecs
[   13.418488] calling  pl_driver_init+0x0/0x15 @ 1
[   13.448324] initcall pl_driver_init+0x0/0x15 returned 0 after 5167 usecs
[   13.458582] calling  pl_driver_init+0x0/0x15 @ 1
[   13.465606] initcall pl_driver_init+0x0/0x15 returned 0 after 46 usecs
[   13.475670] calling  redragon_driver_init+0x0/0x15 @ 1
[   13.484908] initcall redragon_driver_init+0x0/0x15 returned 0 after 23 usecs
[   13.496630] calling  samsung_driver_init+0x0/0x15 @ 1
[   13.504994] initcall samsung_driver_init+0x0/0x15 returned 0 after 23 usecs
[   13.516111] calling  sony_init+0x0/0x38 @ 1
[   13.537086] initcall sony_init+0x0/0x38 returned 0 after 45 usecs
[   13.549445] calling  sp_driver_init+0x0/0x15 @ 1
[   13.557439] initcall sp_driver_init+0x0/0x15 returned 0 after 65 usecs
[   13.567920] calling  ts_driver_init+0x0/0x15 @ 1
[   13.576160] initcall ts_driver_init+0x0/0x15 returned 0 after 47 usecs
[   13.585795] calling  hid_init+0x0/0x58 @ 1
[   13.594576] usbcore: registered new interface driver usbhid
[   13.603871] usbhid: USB HID core driver
[   13.610541] initcall hid_init+0x0/0x58 returned 0 after 17373 usecs
[   13.620943] calling  eeepc_laptop_init+0x0/0x57 @ 1
[   13.641910] initcall eeepc_laptop_init+0x0/0x57 returned -19 after 11894 usecs
[   13.643850] input: ImExPS/2 Generic Explorer Mouse as /devices/platform/i8042/serio1/input/input3
[   13.653115] calling  pmc_atom_init+0x0/0x27a @ 1
[   13.653404] initcall pmc_atom_init+0x0/0x27a returned -19 after 278 usecs
[   13.684559] calling  alsa_hwdep_init+0x0/0x5e @ 1
[   13.691996] initcall alsa_hwdep_init+0x0/0x5e returned 0 after 258 usecs
[   13.701791] calling  alsa_timer_init+0x0/0x1f0 @ 1
[   13.710400] initcall alsa_timer_init+0x0/0x1f0 returned 0 after 1302 usecs
[   13.720820] calling  snd_hrtimer_init+0x0/0x117 @ 1
[   13.728040] initcall snd_hrtimer_init+0x0/0x117 returned 0 after 22 usecs
[   13.737489] calling  alsa_pcm_init+0x0/0x64 @ 1
[   13.744408] initcall alsa_pcm_init+0x0/0x64 returned 0 after 6 usecs
[   13.753271] calling  alsa_seq_init+0x0/0x4a @ 1
[   13.761188] initcall alsa_seq_init+0x0/0x4a returned 0 after 1236 usecs
[   13.771543] calling  alsa_seq_dummy_init+0x0/0x9c @ 1
