c[?7l[2J[0mSeaBIOS (version 1.16.0-debian-1.16.0-4)
Booting from ROM...
early console in setup code
c[?7l[2J[    0.000000] Linux version 5.10.153+ (root@joelboxx.c.googlers.com) (gcc (Debian 12.2.0-3) 12.2.0, GNU ld (GNU Binutils for Debian) 2.39) #16 Tue Dec 13 07:30:12 UTC 2022
[    0.000000] Command line: selinux=0 initcall_debug debug console=ttyS0 rcutorture.torture_type=tasks rcutorture.n_barrier_cbs=4 rcutorture.stat_interval=15 rcutorture.shutdown_secs=1800 rcutorture.test_no_idle_hz=1 rcutorture.verbose=1
[    0.000000] x86/fpu: x87 FPU will use FXSAVE
[    0.000000] BIOS-provided physical RAM map:
[    0.000000] BIOS-e820: [mem 0x0000000000000000-0x000000000009fbff] usable
[    0.000000] BIOS-e820: [mem 0x000000000009fc00-0x000000000009ffff] reserved
[    0.000000] BIOS-e820: [mem 0x00000000000f0000-0x00000000000fffff] reserved
[    0.000000] BIOS-e820: [mem 0x0000000000100000-0x000000001ffdefff] usable
[    0.000000] BIOS-e820: [mem 0x000000001ffdf000-0x000000001fffffff] reserved
[    0.000000] BIOS-e820: [mem 0x00000000b0000000-0x00000000bfffffff] reserved
[    0.000000] BIOS-e820: [mem 0x00000000fed1c000-0x00000000fed1ffff] reserved
[    0.000000] BIOS-e820: [mem 0x00000000feffc000-0x00000000feffffff] reserved
[    0.000000] BIOS-e820: [mem 0x00000000fffc0000-0x00000000ffffffff] reserved
[    0.000000] NX (Execute Disable) protection: active
[    0.000000] SMBIOS 2.8 present.
[    0.000000] DMI: QEMU Standard PC (Q35 + ICH9, 2009), BIOS 1.16.0-debian-1.16.0-4 04/01/2014
[    0.000000] Hypervisor detected: KVM
[    0.000000] kvm-clock: Using msrs 4b564d01 and 4b564d00
[    0.000000] kvm-clock: cpu 0, msr c841001, primary cpu clock
[    0.000001] kvm-clock: using sched offset of 1845153355 cycles
[    0.000325] clocksource: kvm-clock: mask: 0xffffffffffffffff max_cycles: 0x1cd42e4dffb, max_idle_ns: 881590591483 ns
[    0.000474] tsc: Detected 1999.999 MHz processor
[    0.011490] e820: update [mem 0x00000000-0x00000fff] usable ==> reserved
[    0.011495] e820: remove [mem 0x000a0000-0x000fffff] usable
[    0.011502] last_pfn = 0x1ffdf max_arch_pfn = 0x400000000
[    0.012264] MTRR default type: write-back
[    0.012266] MTRR fixed ranges enabled:
[    0.012267]   00000-9FFFF write-back
[    0.012268]   A0000-BFFFF uncachable
[    0.012269]   C0000-FFFFF write-protect
[    0.012270] MTRR variable ranges enabled:
[    0.012272]   0 base 00C0000000 mask FFC0000000 uncachable
[    0.012273]   1 disabled
[    0.012273]   2 disabled
[    0.012274]   3 disabled
[    0.012275]   4 disabled
[    0.012275]   5 disabled
[    0.012276]   6 disabled
[    0.012276]   7 disabled
[    0.012862] x86/PAT: Configuration [0-7]: WB  WC  UC- UC  WB  WC  UC- UC  
[    0.025317] found SMP MP-table at [mem 0x000f5ba0-0x000f5baf]
[    0.028938] check: Scanning 1 areas for low memory corruption
[    0.046749] ACPI: Early table checksum verification disabled
[    0.050329] ACPI: RSDP 0x00000000000F59E0 000014 (v00 BOCHS )
[    0.050588] ACPI: RSDT 0x000000001FFE229A 000038 (v01 BOCHS  BXPC     00000001 BXPC 00000001)
[    0.051117] ACPI: FACP 0x000000001FFE2092 0000F4 (v03 BOCHS  BXPC     00000001 BXPC 00000001)
[    0.051217] ACPI: DSDT 0x000000001FFE0040 002052 (v01 BOCHS  BXPC     00000001 BXPC 00000001)
[    0.051304] ACPI: FACS 0x000000001FFE0000 000040
[    0.051308] ACPI: APIC 0x000000001FFE2186 000078 (v01 BOCHS  BXPC     00000001 BXPC 00000001)
[    0.051312] ACPI: HPET 0x000000001FFE21FE 000038 (v01 BOCHS  BXPC     00000001 BXPC 00000001)
[    0.051316] ACPI: MCFG 0x000000001FFE2236 00003C (v01 BOCHS  BXPC     00000001 BXPC 00000001)
[    0.051320] ACPI: WAET 0x000000001FFE2272 000028 (v01 BOCHS  BXPC     00000001 BXPC 00000001)
[    0.051324] ACPI: Reserving FACP table memory at [mem 0x1ffe2092-0x1ffe2185]
[    0.051326] ACPI: Reserving DSDT table memory at [mem 0x1ffe0040-0x1ffe2091]
[    0.051327] ACPI: Reserving FACS table memory at [mem 0x1ffe0000-0x1ffe003f]
[    0.051328] ACPI: Reserving APIC table memory at [mem 0x1ffe2186-0x1ffe21fd]
[    0.051329] ACPI: Reserving HPET table memory at [mem 0x1ffe21fe-0x1ffe2235]
[    0.051330] ACPI: Reserving MCFG table memory at [mem 0x1ffe2236-0x1ffe2271]
[    0.051331] ACPI: Reserving WAET table memory at [mem 0x1ffe2272-0x1ffe2299]
[    0.052342] ACPI: Local APIC address 0xfee00000
[    0.055152] Zone ranges:
[    0.055285]   DMA      [mem 0x0000000000001000-0x0000000000ffffff]
[    0.055377]   DMA32    [mem 0x0000000001000000-0x000000001ffdefff]
[    0.055487]   Normal   empty
[    0.055489] Movable zone start for each node
[    0.055490] Early memory node ranges
[    0.055491]   node   0: [mem 0x0000000000001000-0x000000000009efff]
[    0.055584]   node   0: [mem 0x0000000000100000-0x000000001ffdefff]
[    0.055676] Initmem setup node 0 [mem 0x0000000000001000-0x000000001ffdefff]
[    0.055758] On node 0 totalpages: 130941
[    0.055954]   DMA zone: 64 pages used for memmap
[    0.055955]   DMA zone: 21 pages reserved
[    0.056065]   DMA zone: 3998 pages, LIFO batch:0
[    0.056067]   DMA32 zone: 1984 pages used for memmap
[    0.056068]   DMA32 zone: 126943 pages, LIFO batch:31
[    0.058419] On node 0, zone DMA: 1 pages in unavailable ranges
[    0.064419] On node 0, zone DMA: 97 pages in unavailable ranges
[    0.289621] On node 0, zone DMA32: 33 pages in unavailable ranges
[    0.302483] ACPI: PM-Timer IO Port: 0x608
[    0.302746] ACPI: Local APIC address 0xfee00000
[    0.303781] ACPI: LAPIC_NMI (acpi_id[0xff] dfl dfl lint[0x1])
[    0.306227] IOAPIC[0]: apic_id 0, version 17, address 0xfec00000, GSI 0-23
[    0.306325] ACPI: INT_SRC_OVR (bus 0 bus_irq 0 global_irq 2 dfl dfl)
[    0.306327] ACPI: INT_SRC_OVR (bus 0 bus_irq 5 global_irq 5 high level)
[    0.306328] ACPI: INT_SRC_OVR (bus 0 bus_irq 9 global_irq 9 high level)
[    0.306560] ACPI: INT_SRC_OVR (bus 0 bus_irq 10 global_irq 10 high level)
[    0.306562] ACPI: INT_SRC_OVR (bus 0 bus_irq 11 global_irq 11 high level)
[    0.306563] ACPI: IRQ0 used by override.
[    0.306564] ACPI: IRQ5 used by override.
[    0.306565] ACPI: IRQ9 used by override.
[    0.306566] ACPI: IRQ10 used by override.
[    0.306567] ACPI: IRQ11 used by override.
[    0.306569] Using ACPI (MADT) for SMP configuration information
[    0.306571] ACPI: HPET id: 0x8086a201 base: 0xfed00000
[    0.309028] kvm-guest: stealtime: cpu 0, msr c04c780
[    0.311014] PM: hibernation: Registered nosave memory: [mem 0x00000000-0x00000fff]
[    0.311017] PM: hibernation: Registered nosave memory: [mem 0x0009f000-0x0009ffff]
[    0.311018] PM: hibernation: Registered nosave memory: [mem 0x000a0000-0x000effff]
[    0.311019] PM: hibernation: Registered nosave memory: [mem 0x000f0000-0x000fffff]
[    0.311141] [mem 0x20000000-0xafffffff] available for PCI devices
[    0.311237] Booting paravirtualized kernel on KVM
[    0.312006] clocksource: refined-jiffies: mask: 0xffffffff max_cycles: 0xffffffff, max_idle_ns: 1910969940391419 ns
[    0.364147] pcpu-alloc: s0 r0 d32768 u32768 alloc=1*32768
[    0.364152] pcpu-alloc: [0] 0 
[    0.365025] Built 1 zonelists, mobility grouping on.  Total pages: 128872
[    0.365301] Kernel command line: selinux=0 initcall_debug debug console=ttyS0 rcutorture.torture_type=tasks rcutorture.n_barrier_cbs=4 rcutorture.stat_interval=15 rcutorture.shutdown_secs=1800 rcutorture.test_no_idle_hz=1 rcutorture.verbose=1
[    0.389574] Dentry cache hash table entries: 65536 (order: 7, 524288 bytes, linear)
[    0.396673] Inode-cache hash table entries: 32768 (order: 6, 262144 bytes, linear)
[    0.398911] mem auto-init: stack:all(zero), heap alloc:off, heap free:off
[    0.422061] Memory: 481560K/523764K available (14349K kernel code, 2615K rwdata, 4612K rodata, 1248K init, 1884K bss, 41944K reserved, 0K cma-reserved)
[    0.423379] SLUB: HWalign=64, Order=0-3, MinObjects=0, CPUs=1, Nodes=1
[    0.424150] Kernel/User page tables isolation: enabled
[    0.455555] NR_IRQS: 4352, nr_irqs: 256, preallocated irqs: 16
[    0.461495] calling  con_init+0x0/0x22a @ 0
[    0.677472] Console: colour VGA+ 80x25
[    0.677483] initcall con_init+0x0/0x22a returned 0 after 0 usecs
[    0.677486] calling  hvc_console_init+0x0/0x13 @ 0
[    0.677573] initcall hvc_console_init+0x0/0x13 returned 0 after 0 usecs
[    0.677575] calling  univ8250_console_init+0x0/0x26 @ 0
[    1.469166] printk: console [ttyS0] enabled
[    1.473629] initcall univ8250_console_init+0x0/0x26 returned 0 after 0 usecs
[    1.481155] ACPI: Core revision 20200925
[    1.489487] clocksource: hpet: mask: 0xffffffff max_cycles: 0xffffffff, max_idle_ns: 19112604467 ns
[    1.502271] APIC: Switch to symmetric I/O mode setup
[    1.551481] ..TIMER: vector=0x30 apic1=0 pin1=2 apic2=-1 pin2=-1
[    1.558605] clocksource: tsc-early: mask: 0xffffffffffffffff max_cycles: 0x39a85afc727, max_idle_ns: 881590685098 ns
[    1.570120] Calibrating delay loop (skipped) preset value.. 3999.99 BogoMIPS (lpj=1999999)
[    1.571036] pid_max: default: 32768 minimum: 301
[    1.572321] LSM: Security Framework initializing
[    1.574040] Mount-cache hash table entries: 1024 (order: 1, 8192 bytes, linear)
[    1.576040] Mountpoint-cache hash table entries: 1024 (order: 1, 8192 bytes, linear)
[    1.590608] Last level iTLB entries: 4KB 0, 2MB 0, 4MB 0
[    1.592036] Last level dTLB entries: 4KB 0, 2MB 0, 4MB 0, 1GB 0
[    1.593039] CPU: Intel Common KVM processor (family: 0xf, model: 0x6, stepping: 0x1)
[    1.594088] Spectre V1 : Mitigation: usercopy/swapgs barriers and __user pointer sanitization
[    1.595037] Spectre V2 : Mitigation: Retpolines
[    1.596036] Spectre V2 : Spectre v2 / SpectreRSB mitigation: Filling RSB on context switch
[    1.597036] Spectre V2 : Spectre v2 / SpectreRSB : Filling RSB on VMEXIT
[    1.598038] Speculative Store Bypass: Vulnerable
[    1.599092] MDS: Vulnerable: Clear CPU buffers attempted, no microcode
[    1.600035] MMIO Stale Data: Unknown: No mitigations
[    1.776032] calling  init_hw_perf_events+0x0/0x6ce @ 1
[    1.777036] Performance Events: unsupported Netburst CPU model 6 no PMU driver, software events only.
[    1.778043] initcall init_hw_perf_events+0x0/0x6ce returned 0 after 976 usecs
[    1.779039] calling  init_real_mode+0x0/0x1e9 @ 1
[    1.782292] initcall init_real_mode+0x0/0x1e9 returned 0 after 1953 usecs
[    1.783039] calling  trace_init_perf_perm_irq_work_exit+0x0/0x12 @ 1
[    1.784039] initcall trace_init_perf_perm_irq_work_exit+0x0/0x12 returned 0 after 0 usecs
[    1.785039] calling  validate_x2apic+0x0/0x4a @ 1
[    1.786063] initcall validate_x2apic+0x0/0x4a returned 0 after 0 usecs
[    1.787038] calling  register_nmi_cpu_backtrace_handler+0x0/0x15 @ 1
[    1.788038] initcall register_nmi_cpu_backtrace_handler+0x0/0x15 returned 0 after 0 usecs
[    1.789042] calling  kvm_setup_vsyscall_timeinfo+0x0/0x34 @ 1
[    1.790042] initcall kvm_setup_vsyscall_timeinfo+0x0/0x34 returned 0 after 0 usecs
[    1.791044] calling  spawn_ksoftirqd+0x0/0x34 @ 1
[    1.792090] initcall spawn_ksoftirqd+0x0/0x34 returned 0 after 0 usecs
[    1.793068] calling  trace_init_flags_sys_enter+0x0/0xe @ 1
[    1.794042] initcall trace_init_flags_sys_enter+0x0/0xe returned 0 after 0 usecs
[    1.795041] calling  trace_init_flags_sys_exit+0x0/0xe @ 1
[    1.796040] initcall trace_init_flags_sys_exit+0x0/0xe returned 0 after 0 usecs
[    1.797041] calling  init_kprobes+0x0/0x14d @ 1
[    1.800103] initcall init_kprobes+0x0/0x14d returned 0 after 1953 usecs
[    1.801041] calling  init_events+0x0/0x3d @ 1
[    1.802047] initcall init_events+0x0/0x3d returned 0 after 0 usecs
[    1.803039] calling  init_trace_printk+0x0/0xc @ 1
[    1.804041] initcall init_trace_printk+0x0/0xc returned 0 after 0 usecs
[    1.805040] calling  event_trace_enable_again+0x0/0x23 @ 1
[    1.806040] initcall event_trace_enable_again+0x0/0x23 returned 0 after 0 usecs
[    1.807040] calling  static_call_init+0x0/0x6d @ 1
[    1.808039] initcall static_call_init+0x0/0x6d returned 0 after 0 usecs
[    1.809039] calling  jump_label_init_module+0x0/0xc @ 1
[    1.810062] initcall jump_label_init_module+0x0/0xc returned 0 after 0 usecs
[    1.811043] calling  init_zero_pfn+0x0/0x37 @ 1
[    1.812040] initcall init_zero_pfn+0x0/0x37 returned 0 after 0 usecs
[    1.813039] calling  initialize_ptr_random+0x0/0x54 @ 1
[    1.814041] initcall initialize_ptr_random+0x0/0x54 returned 0 after 0 usecs
[    1.815041] calling  efi_memreserve_root_init+0x0/0x25 @ 1
[    1.816058] initcall efi_memreserve_root_init+0x0/0x25 returned 0 after 0 usecs
[    1.817041] calling  efi_earlycon_remap_fb+0x0/0x51 @ 1
[    1.818039] initcall efi_earlycon_remap_fb+0x0/0x51 returned 0 after 0 usecs
[    1.922032] devtmpfs: initialized
[    1.922161] calling  ipc_ns_init+0x0/0x3d @ 1
[    1.923095] initcall ipc_ns_init+0x0/0x3d returned 0 after 0 usecs
[    1.924037] calling  init_mmap_min_addr+0x0/0x21 @ 1
[    1.925038] initcall init_mmap_min_addr+0x0/0x21 returned 0 after 0 usecs
[    1.926037] calling  pci_realloc_setup_params+0x0/0x3f @ 1
[    1.927037] initcall pci_realloc_setup_params+0x0/0x3f returned 0 after 0 usecs
[    1.928038] calling  net_ns_init+0x0/0x11c @ 1
[    1.929155] initcall net_ns_init+0x0/0x11c returned 0 after 0 usecs
[    1.930057] calling  e820__register_nvs_regions+0x0/0x37 @ 1
[    1.931037] initcall e820__register_nvs_regions+0x0/0x37 returned 0 after 0 usecs
[    1.932037] calling  cpufreq_register_tsc_scaling+0x0/0x2e @ 1
[    1.933038] initcall cpufreq_register_tsc_scaling+0x0/0x2e returned 0 after 0 usecs
[    1.934038] calling  reboot_init+0x0/0x3c @ 1
[    1.935111] initcall reboot_init+0x0/0x3c returned 0 after 0 usecs
[    1.936037] calling  init_lapic_sysfs+0x0/0x20 @ 1
[    1.937037] initcall init_lapic_sysfs+0x0/0x20 returned 0 after 0 usecs
[    1.938037] calling  wq_sysfs_init+0x0/0x2a @ 1
[    1.939074] initcall wq_sysfs_init+0x0/0x2a returned 0 after 0 usecs
[    1.940036] calling  ksysfs_init+0x0/0x92 @ 1
[    1.941044] initcall ksysfs_init+0x0/0x92 returned 0 after 0 usecs
[    1.942039] calling  pm_init+0x0/0x76 @ 1
[    1.943064] initcall pm_init+0x0/0x76 returned 0 after 0 usecs
[    1.944049] calling  pm_disk_init+0x0/0x13 @ 1
[    1.946039] initcall pm_disk_init+0x0/0x13 returned 0 after 976 usecs
[    1.947036] calling  swsusp_header_init+0x0/0x2b @ 1
[    1.948038] initcall swsusp_header_init+0x0/0x2b returned 0 after 0 usecs
[    1.949036] calling  rcu_set_runtime_mode+0x0/0x11 @ 1
[    1.950036] initcall rcu_set_runtime_mode+0x0/0x11 returned 0 after 0 usecs
[    1.951036] calling  init_jiffies_clocksource+0x0/0x13 @ 1
[    1.952037] clocksource: jiffies: mask: 0xffffffff max_cycles: 0xffffffff, max_idle_ns: 1911260446275000 ns
[    1.953039] initcall init_jiffies_clocksource+0x0/0x13 returned 0 after 976 usecs
[    1.954037] calling  futex_init+0x0/0xd5 @ 1
[    1.955039] futex hash table entries: 256 (order: 0, 6144 bytes, linear)
[    1.956068] initcall futex_init+0x0/0xd5 returned 0 after 976 usecs
[    1.957037] calling  cgroup_wq_init+0x0/0x28 @ 1
[    1.958043] initcall cgroup_wq_init+0x0/0x28 returned 0 after 0 usecs
[    1.959036] calling  cgroup1_wq_init+0x0/0x28 @ 1
[    1.960041] initcall cgroup1_wq_init+0x0/0x28 returned 0 after 0 usecs
[    1.961037] calling  init_kprobe_trace_early+0x0/0x2a @ 1
[    1.962039] initcall init_kprobe_trace_early+0x0/0x2a returned 0 after 0 usecs
[    1.963039] calling  fsnotify_init+0x0/0x48 @ 1
[    1.964048] initcall fsnotify_init+0x0/0x48 returned 0 after 0 usecs
[    1.965036] calling  filelock_init+0x0/0x60 @ 1
[    1.966043] initcall filelock_init+0x0/0x60 returned 0 after 0 usecs
[    1.967037] calling  init_misc_binfmt+0x0/0x2c @ 1
[    1.968039] initcall init_misc_binfmt+0x0/0x2c returned 0 after 0 usecs
[    1.969036] calling  init_script_binfmt+0x0/0x15 @ 1
[    1.970051] initcall init_script_binfmt+0x0/0x15 returned 0 after 0 usecs
[    1.971036] calling  init_elf_binfmt+0x0/0x15 @ 1
[    1.972035] initcall init_elf_binfmt+0x0/0x15 returned 0 after 0 usecs
[    1.973035] calling  init_compat_elf_binfmt+0x0/0x15 @ 1
[    1.974036] initcall init_compat_elf_binfmt+0x0/0x15 returned 0 after 0 usecs
[    1.975055] calling  debugfs_init+0x0/0x5c @ 1
[    1.976046] initcall debugfs_init+0x0/0x5c returned 0 after 0 usecs
[    1.977037] calling  tracefs_init+0x0/0x3a @ 1
[    1.978041] initcall tracefs_init+0x0/0x3a returned 0 after 0 usecs
[    1.979038] calling  prandom_init_early+0x0/0x111 @ 1
[    1.980041] initcall prandom_init_early+0x0/0x111 returned 0 after 0 usecs
[    1.981103] calling  virtio_init+0x0/0x20 @ 1
[    1.983050] initcall virtio_init+0x0/0x20 returned 0 after 976 usecs
[    1.984040] calling  iommu_init+0x0/0x2a @ 1
[    1.985076] initcall iommu_init+0x0/0x2a returned 0 after 0 usecs
[    1.986041] calling  component_debug_init+0x0/0x1c @ 1
[    1.987086] initcall component_debug_init+0x0/0x1c returned 0 after 0 usecs
[    1.988038] calling  early_resume_init+0x0/0xb9 @ 1
[    1.989655] PM: RTC time: 07:34:32, date: 2022-12-13
[    1.990039] initcall early_resume_init+0x0/0xb9 returned 0 after 976 usecs
[    1.991039] calling  cpufreq_core_init+0x0/0x62 @ 1
[    1.992087] initcall cpufreq_core_init+0x0/0x62 returned 0 after 0 usecs
[    1.993039] calling  cpufreq_gov_performance_init+0x0/0xc @ 1
[    1.994053] initcall cpufreq_gov_performance_init+0x0/0xc returned 0 after 0 usecs
[    1.995039] calling  cpufreq_gov_userspace_init+0x0/0xc @ 1
[    1.996039] initcall cpufreq_gov_userspace_init+0x0/0xc returned 0 after 0 usecs
[    1.997038] calling  CPU_FREQ_GOV_ONDEMAND_init+0x0/0xc @ 1
[    1.998038] initcall CPU_FREQ_GOV_ONDEMAND_init+0x0/0xc returned 0 after 0 usecs
[    1.999038] calling  cpuidle_init+0x0/0x1f @ 1
[    2.000050] initcall cpuidle_init+0x0/0x1f returned 0 after 0 usecs
[    2.001038] calling  capsule_reboot_register+0x0/0xc @ 1
[    2.002053] initcall capsule_reboot_register+0x0/0xc returned 0 after 0 usecs
[    2.003037] calling  sock_init+0x0/0x93 @ 1
[    2.004240] initcall sock_init+0x0/0x93 returned 0 after 0 usecs
[    2.005037] calling  net_inuse_init+0x0/0x23 @ 1
[    2.006043] initcall net_inuse_init+0x0/0x23 returned 0 after 0 usecs
[    2.007037] calling  net_defaults_init+0x0/0x23 @ 1
[    2.008037] initcall net_defaults_init+0x0/0x23 returned 0 after 0 usecs
[    2.009037] calling  init_default_flow_dissectors+0x0/0x4f @ 1
[    2.010042] initcall init_default_flow_dissectors+0x0/0x4f returned 0 after 0 usecs
[    2.011038] calling  netpoll_init+0x0/0x25 @ 1
[    2.012037] initcall netpoll_init+0x0/0x25 returned 0 after 0 usecs
[    2.013037] calling  netlink_proto_init+0x0/0x14f @ 1
[    2.014127] NET: Registered protocol family 16
[    2.015062] initcall netlink_proto_init+0x0/0x14f returned 0 after 976 usecs
[    2.016059] calling  genl_init+0x0/0x35 @ 1
[    2.017066] initcall genl_init+0x0/0x35 returned 0 after 0 usecs
[    2.018040] calling  bsp_pm_check_init+0x0/0x13 @ 1
[    2.019040] initcall bsp_pm_check_init+0x0/0x13 returned 0 after 0 usecs
[    2.020070] calling  irq_sysfs_init+0x0/0xb7 @ 1
[    2.021085] initcall irq_sysfs_init+0x0/0xb7 returned 0 after 0 usecs
[    2.022038] calling  audit_init+0x0/0x15d @ 1
[    2.023048] audit: initializing netlink subsys (disabled)
[    2.024099] initcall audit_init+0x0/0x15d returned 0 after 976 usecs
[    2.025038] calling  release_early_probes+0x0/0x32 @ 1
[    2.026037] initcall release_early_probes+0x0/0x32 returned 0 after 0 usecs
[    2.027038] calling  bdi_class_init+0x0/0x48 @ 1
[    2.028076] initcall bdi_class_init+0x0/0x48 returned 0 after 0 usecs
[    2.029038] calling  mm_sysfs_init+0x0/0x28 @ 1
[    2.030042] initcall mm_sysfs_init+0x0/0x28 returned 0 after 0 usecs
[    2.031038] calling  init_per_zone_wmark_min+0x0/0x5e @ 1
[    2.032041] initcall init_per_zone_wmark_min+0x0/0x5e returned 0 after 0 usecs
[    2.033040] calling  mpi_init+0x0/0x3e @ 1
[    2.034061] initcall mpi_init+0x0/0x3e returned 0 after 0 usecs
[    2.035038] calling  kobject_uevent_init+0x0/0xc @ 1
[    2.036050] initcall kobject_uevent_init+0x0/0xc returned 0 after 0 usecs
[    2.037039] calling  pcibus_class_init+0x0/0x13 @ 1
[    2.038052] initcall pcibus_class_init+0x0/0x13 returned 0 after 0 usecs
[    2.039092] calling  pci_driver_init+0x0/0x21 @ 1
[    2.040060] initcall pci_driver_init+0x0/0x21 returned 0 after 0 usecs
[    2.041038] calling  backlight_class_init+0x0/0xa8 @ 1
[    2.042054] initcall backlight_class_init+0x0/0xa8 returned 0 after 0 usecs
[    2.043040] calling  tty_class_init+0x0/0x33 @ 1
[    2.044045] initcall tty_class_init+0x0/0x33 returned 0 after 0 usecs
[    2.045038] calling  vtconsole_class_init+0x0/0xb5 @ 1
[    2.046087] initcall vtconsole_class_init+0x0/0xb5 returned 0 after 0 usecs
[    2.047037] calling  iommu_dev_init+0x0/0x13 @ 1
[    2.048042] initcall iommu_dev_init+0x0/0x13 returned 0 after 0 usecs
[    2.049038] calling  mipi_dsi_bus_init+0x0/0xc @ 1
[    2.050049] initcall mipi_dsi_bus_init+0x0/0xc returned 0 after 0 usecs
[    2.051038] calling  devlink_class_init+0x0/0x40 @ 1
[    2.052045] initcall devlink_class_init+0x0/0x40 returned 0 after 0 usecs
[    2.053039] calling  software_node_init+0x0/0x2a @ 1
[    2.054042] initcall software_node_init+0x0/0x2a returned 0 after 0 usecs
[    2.055038] calling  wakeup_sources_debugfs_init+0x0/0x23 @ 1
[    2.056049] initcall wakeup_sources_debugfs_init+0x0/0x23 returned 0 after 0 usecs
[    2.057038] calling  wakeup_sources_sysfs_init+0x0/0x2c @ 1
[    2.058046] initcall wakeup_sources_sysfs_init+0x0/0x2c returned 0 after 0 usecs
[    2.059038] calling  regmap_initcall+0x0/0xc @ 1
[    2.060047] initcall regmap_initcall+0x0/0xc returned 0 after 0 usecs
[    2.061038] calling  i2c_init+0x0/0xb3 @ 1
[    2.062109] initcall i2c_init+0x0/0xb3 returned 0 after 0 usecs
[    2.063039] calling  thermal_init+0x0/0xf2 @ 1
[    2.064064] thermal_sys: Registered thermal governor 'step_wise'
[    2.064065] thermal_sys: Registered thermal governor 'user_space'
[    2.065049] initcall thermal_init+0x0/0xf2 returned 0 after 976 usecs
[    2.067039] calling  init_menu+0x0/0xc @ 1
[    2.068037] cpuidle: using governor menu
[    2.069041] initcall init_menu+0x0/0xc returned 0 after 976 usecs
[    2.070038] calling  pcc_init+0x0/0x4d @ 1
[    2.071099] initcall pcc_init+0x0/0x4d returned -19 after 0 usecs
[    2.073038] calling  amd_postcore_init+0x0/0x11e @ 1
[    2.074037] initcall amd_postcore_init+0x0/0x11e returned 0 after 0 usecs
[    2.075079] calling  bts_init+0x0/0xba @ 1
[    2.076039] initcall bts_init+0x0/0xba returned -19 after 0 usecs
[    2.077041] calling  pt_init+0x0/0x2ef @ 1
[    2.078036] initcall pt_init+0x0/0x2ef returned -19 after 0 usecs
[    2.079038] calling  boot_params_ksysfs_init+0x0/0x2ee @ 1
[    2.080049] initcall boot_params_ksysfs_init+0x0/0x2ee returned 0 after 0 usecs
[    2.081037] calling  sbf_init+0x0/0xb9 @ 1
[    2.082037] initcall sbf_init+0x0/0xb9 returned 0 after 0 usecs
[    2.083037] calling  arch_kdebugfs_init+0x0/0x219 @ 1
[    2.084090] initcall arch_kdebugfs_init+0x0/0x219 returned 0 after 0 usecs
[    2.085040] calling  intel_pconfig_init+0x0/0x85 @ 1
[    2.086053] initcall intel_pconfig_init+0x0/0x85 returned 0 after 0 usecs
[    2.087038] calling  mtrr_if_init+0x0/0x5d @ 1
[    2.088044] initcall mtrr_if_init+0x0/0x5d returned 0 after 0 usecs
[    2.089039] calling  activate_jump_labels+0x0/0x31 @ 1
[    2.090039] initcall activate_jump_labels+0x0/0x31 returned 0 after 0 usecs
[    2.091040] calling  ffh_cstate_init+0x0/0x29 @ 1
[    2.092044] initcall ffh_cstate_init+0x0/0x29 returned 0 after 0 usecs
[    2.093038] calling  activate_jump_labels+0x0/0x31 @ 1
[    2.094052] initcall activate_jump_labels+0x0/0x31 returned 0 after 0 usecs
[    2.095039] calling  kvm_alloc_cpumask+0x0/0x2b @ 1
[    2.096063] initcall kvm_alloc_cpumask+0x0/0x2b returned 0 after 0 usecs
[    2.097040] calling  kcmp_cookies_init+0x0/0x37 @ 1
[    2.098051] initcall kcmp_cookies_init+0x0/0x37 returned 0 after 0 usecs
[    2.099041] calling  cryptomgr_init+0x0/0xc @ 1
[    2.100074] initcall cryptomgr_init+0x0/0xc returned 0 after 0 usecs
[    2.101038] calling  acpi_pci_init+0x0/0x57 @ 1
[    2.102037] ACPI: bus type PCI registered
[    2.103051] initcall acpi_pci_init+0x0/0x57 returned 0 after 976 usecs
[    2.104040] calling  dma_channel_table_init+0x0/0xce @ 1
[    2.105046] initcall dma_channel_table_init+0x0/0xce returned 0 after 0 usecs
[    2.106039] calling  dma_bus_init+0x0/0xdc @ 1
[    2.107072] initcall dma_bus_init+0x0/0xdc returned 0 after 0 usecs
[    2.108178] calling  iommu_dma_init+0x0/0x10 @ 1
[    2.109068] initcall iommu_dma_init+0x0/0x10 returned 0 after 0 usecs
[    2.110042] calling  dmi_id_init+0x0/0x37c @ 1
[    2.111149] initcall dmi_id_init+0x0/0x37c returned 0 after 0 usecs
[    2.112040] calling  pci_arch_init+0x0/0x71 @ 1
[    2.114350] PCI: MMCONFIG for domain 0000 [bus 00-ff] at [mem 0xb0000000-0xbfffffff] (base 0xb0000000)
[    2.115045] PCI: MMCONFIG at [mem 0xb0000000-0xbfffffff] reserved in E820
[    2.116085] PCI: Using configuration type 1 for base access
[    2.117082] initcall pci_arch_init+0x0/0x71 returned 0 after 3906 usecs
[    2.118075] calling  init_vdso+0x0/0x13 @ 1
[    2.119078] initcall init_vdso+0x0/0x13 returned 0 after 0 usecs
[    2.120039] calling  sysenter_setup+0x0/0x13 @ 1
[    2.121079] initcall sysenter_setup+0x0/0x13 returned 0 after 0 usecs
[    2.122039] calling  fixup_ht_bug+0x0/0x7f @ 1
[    2.123039] initcall fixup_ht_bug+0x0/0x7f returned 0 after 0 usecs
[    2.124038] calling  topology_init+0x0/0x15 @ 1
[    2.125094] initcall topology_init+0x0/0x15 returned 0 after 0 usecs
[    2.126039] calling  intel_epb_init+0x0/0x68 @ 1
[    2.127040] initcall intel_epb_init+0x0/0x68 returned -19 after 0 usecs
[    2.128042] calling  mtrr_init_finialize+0x0/0x3e @ 1
[    2.129041] initcall mtrr_init_finialize+0x0/0x3e returned 0 after 0 usecs
[    2.130041] calling  uid_cache_init+0x0/0x6f @ 1
[    2.131054] initcall uid_cache_init+0x0/0x6f returned 0 after 0 usecs
[    2.132038] calling  param_sysfs_init+0x0/0x1ba @ 1
[    2.135472] initcall param_sysfs_init+0x0/0x1ba returned 0 after 1953 usecs
[    2.136054] calling  user_namespace_sysctl_init+0x0/0x33 @ 1
[    2.137061] initcall user_namespace_sysctl_init+0x0/0x33 returned 0 after 0 usecs
[    2.138039] calling  proc_schedstat_init+0x0/0x24 @ 1
[    2.139045] initcall proc_schedstat_init+0x0/0x24 returned 0 after 0 usecs
[    2.140039] calling  pm_sysrq_init+0x0/0x18 @ 1
[    2.141040] initcall pm_sysrq_init+0x0/0x18 returned 0 after 0 usecs
[    2.142060] calling  create_proc_profile+0x0/0x50 @ 1
[    2.143043] initcall create_proc_profile+0x0/0x50 returned 0 after 0 usecs
[    2.144039] calling  time_ns_init+0x0/0x7 @ 1
[    2.145037] initcall time_ns_init+0x0/0x7 returned 0 after 0 usecs
[    2.146038] calling  crash_save_vmcoreinfo_init+0x0/0x756 @ 1
[    2.147091] initcall crash_save_vmcoreinfo_init+0x0/0x756 returned 0 after 0 usecs
[    2.148040] calling  crash_notes_memory_init+0x0/0x35 @ 1
[    2.149046] initcall crash_notes_memory_init+0x0/0x35 returned 0 after 0 usecs
[    2.150041] calling  cgroup_sysfs_init+0x0/0x13 @ 1
[    2.151067] initcall cgroup_sysfs_init+0x0/0x13 returned 0 after 0 usecs
[    2.152038] calling  cgroup_namespaces_init+0x0/0x7 @ 1
[    2.153039] initcall cgroup_namespaces_init+0x0/0x7 returned 0 after 0 usecs
[    2.154038] calling  init_optprobes+0x0/0x13 @ 1
[    2.155038] Kprobes globally optimized
[    2.156038] initcall init_optprobes+0x0/0x13 returned 0 after 976 usecs
[    2.157039] calling  oom_init+0x0/0x2f @ 1
[    2.158143] audit: type=2000 audit(1670916870.868:1): state=initialized audit_enabled=0 res=1
[    2.159053] initcall oom_init+0x0/0x2f returned 0 after 976 usecs
[    2.160038] calling  default_bdi_init+0x0/0x35 @ 1
[    2.161117] initcall default_bdi_init+0x0/0x35 returned 0 after 0 usecs
[    2.162038] calling  percpu_enable_async+0x0/0xe @ 1
[    2.163037] initcall percpu_enable_async+0x0/0xe returned 0 after 0 usecs
[    2.164038] calling  kcompactd_init+0x0/0x46 @ 1
[    2.165096] initcall kcompactd_init+0x0/0x46 returned 0 after 0 usecs
[    2.166285] calling  init_user_reserve+0x0/0x30 @ 1
[    2.169039] initcall init_user_reserve+0x0/0x30 returned 0 after 0 usecs
[    2.170038] calling  init_admin_reserve+0x0/0x30 @ 1
[    2.171039] initcall init_admin_reserve+0x0/0x30 returned 0 after 0 usecs
[    2.172040] calling  init_reserve_notifier+0x0/0x7 @ 1
[    2.173039] initcall init_reserve_notifier+0x0/0x7 returned 0 after 0 usecs
[    2.174042] calling  swap_init_sysfs+0x0/0x62 @ 1
[    2.175049] initcall swap_init_sysfs+0x0/0x62 returned 0 after 0 usecs
[    2.176039] calling  swapfile_init+0x0/0x46 @ 1
[    2.177039] initcall swapfile_init+0x0/0x46 returned 0 after 0 usecs
[    2.178038] calling  hugetlb_init+0x0/0x411 @ 1
[    2.179040] HugeTLB registered 2.00 MiB page size, pre-allocated 0 pages
[    2.180101] initcall hugetlb_init+0x0/0x411 returned 0 after 976 usecs
[    2.182063] calling  io_wq_init+0x0/0x34 @ 1
[    2.183040] initcall io_wq_init+0x0/0x34 returned 0 after 0 usecs
[    2.184039] calling  seqiv_module_init+0x0/0xc @ 1
[    2.185040] initcall seqiv_module_init+0x0/0xc returned 0 after 0 usecs
[    2.186058] calling  echainiv_module_init+0x0/0xc @ 1
[    2.187039] initcall echainiv_module_init+0x0/0xc returned 0 after 0 usecs
[    2.188116] calling  rsa_init+0x0/0x50 @ 1
[    2.189107] cryptomgr_test (17) used greatest stack depth: 15544 bytes left
[    2.190064] initcall rsa_init+0x0/0x50 returned 0 after 976 usecs
[    2.191051] calling  crypto_cmac_module_init+0x0/0xc @ 1
[    2.192041] initcall crypto_cmac_module_init+0x0/0xc returned 0 after 0 usecs
[    2.193041] calling  hmac_module_init+0x0/0xc @ 1
[    2.194043] initcall hmac_module_init+0x0/0xc returned 0 after 0 usecs
[    2.195041] calling  crypto_null_mod_init+0x0/0x65 @ 1
[    2.196172] initcall crypto_null_mod_init+0x0/0x65 returned 0 after 0 usecs
[    2.197044] calling  md5_mod_init+0x0/0xc @ 1
[    2.198093] initcall md5_mod_init+0x0/0xc returned 0 after 0 usecs
[    2.199040] calling  sha256_generic_mod_init+0x0/0x11 @ 1
[    2.200108] initcall sha256_generic_mod_init+0x0/0x11 returned 0 after 0 usecs
[    2.201039] calling  crypto_cbc_module_init+0x0/0xc @ 1
[    2.202039] initcall crypto_cbc_module_init+0x0/0xc returned 0 after 0 usecs
[    2.203039] calling  crypto_ctr_module_init+0x0/0x11 @ 1
[    2.204056] initcall crypto_ctr_module_init+0x0/0x11 returned 0 after 0 usecs
[    2.205040] calling  crypto_gcm_module_init+0x0/0x64 @ 1
[    2.206085] initcall crypto_gcm_module_init+0x0/0x64 returned 0 after 0 usecs
[    2.207041] calling  crypto_ccm_module_init+0x0/0x11 @ 1
[    2.208089] initcall crypto_ccm_module_init+0x0/0x11 returned 0 after 0 usecs
[    2.209040] calling  aes_init+0x0/0xc @ 1
[    2.210111] initcall aes_init+0x0/0xc returned 0 after 0 usecs
[    2.211038] calling  crc32c_mod_init+0x0/0xc @ 1
[    2.212084] initcall crc32c_mod_init+0x0/0xc returned 0 after 0 usecs
[    2.213038] calling  crypto_authenc_module_init+0x0/0xc @ 1
[    2.216032] initcall crypto_authenc_module_init+0x0/0xc returned 0 after 0 usecs
[    2.217324] calling  crypto_authenc_esn_module_init+0x0/0xc @ 1
[    2.218045] initcall crypto_authenc_esn_module_init+0x0/0xc returned 0 after 0 usecs
[    2.219042] calling  drbg_init+0x0/0x7c @ 1
[    2.227892] initcall drbg_init+0x0/0x7c returned 0 after 6835 usecs
[    2.228043] calling  ghash_mod_init+0x0/0xc @ 1
[    2.229115] initcall ghash_mod_init+0x0/0xc returned 0 after 0 usecs
[    2.230043] calling  init_bio+0x0/0x9a @ 1
[    2.232581] initcall init_bio+0x0/0x9a returned 0 after 976 usecs
[    2.233041] calling  blk_settings_init+0x0/0x29 @ 1
[    2.234040] initcall blk_settings_init+0x0/0x29 returned 0 after 0 usecs
[    2.235041] calling  blk_ioc_init+0x0/0x29 @ 1
[    2.236044] initcall blk_ioc_init+0x0/0x29 returned 0 after 0 usecs
[    2.237040] calling  blk_mq_init+0x0/0x96 @ 1
[    2.238101] initcall blk_mq_init+0x0/0x96 returned 0 after 0 usecs
[    2.239040] calling  genhd_device_init+0x0/0x75 @ 1
[    2.242168] initcall genhd_device_init+0x0/0x75 returned 0 after 1953 usecs
[    2.243266] calling  pci_slot_init+0x0/0x40 @ 1
[    2.244230] initcall pci_slot_init+0x0/0x40 returned 0 after 0 usecs
[    2.245041] calling  fbmem_init+0x0/0xd8 @ 1
[    2.248359] initcall fbmem_init+0x0/0xd8 returned 0 after 1953 usecs
[    2.249039] calling  acpi_init+0x0/0x316 @ 1
[    2.250362] ACPI: Added _OSI(Module Device)
[    2.251050] ACPI: Added _OSI(Processor Device)
[    2.252037] ACPI: Added _OSI(3.0 _SCP Extensions)
[    2.253037] ACPI: Added _OSI(Processor Aggregator Device)
[    2.254038] ACPI: Added _OSI(Linux-Dell-Video)
[    2.255038] ACPI: Added _OSI(Linux-Lenovo-NV-HDMI-Audio)
[    2.256038] ACPI: Added _OSI(Linux-HPI-Hybrid-Graphics)
[    2.260423] ACPI: 1 ACPI AML tables successfully acquired and loaded
[    2.266305] ACPI: Interpreter enabled
[    2.267260] ACPI: (supports S0 S3 S4 S5)
[    2.268117] ACPI: Using IOAPIC for interrupt routing
[    2.269248] PCI: Using host bridge windows from ACPI; if necessary, use "pci=nocrs" and report a bug
[    2.270357] ACPI: Enabled 2 GPEs in block 00 to 3F
[    2.276201] ACPI: PCI Root Bridge [PCI0] (domain 0000 [bus 00-ff])
[    2.277180] acpi PNP0A08:00: _OSC: OS supports [ExtendedConfig ASPM ClockPM Segments MSI HPX-Type3]
[    2.279087] acpi PNP0A08:00: _OSC: platform does not support [LTR]
[    2.280099] acpi PNP0A08:00: _OSC: OS now controls [PME PCIeCapability]
[    2.281325] PCI host bridge to bus 0000:00
[    2.282038] pci_bus 0000:00: root bus resource [io  0x0000-0x0cf7 window]
[    2.283037] pci_bus 0000:00: root bus resource [io  0x0d00-0xffff window]
[    2.284037] pci_bus 0000:00: root bus resource [mem 0x000a0000-0x000bffff window]
[    2.285037] pci_bus 0000:00: root bus resource [mem 0x20000000-0xafffffff window]
[    2.286038] pci_bus 0000:00: root bus resource [mem 0xc0000000-0xfebfffff window]
[    2.287037] pci_bus 0000:00: root bus resource [mem 0x100000000-0x8ffffffff window]
[    2.288037] pci_bus 0000:00: root bus resource [bus 00-ff]
[    2.289661] pci 0000:00:00.0: calling  quirk_mmio_always_on+0x0/0x10 @ 1
[    2.290040] pci 0000:00:00.0: quirk_mmio_always_on+0x0/0x10 took 0 usecs
[    2.291037] pci 0000:00:00.0: [8086:29c0] type 00 class 0x060000
[    2.295462] pci 0000:00:00.0: calling  quirk_igfx_skip_te_disable+0x0/0x80 @ 1
[    2.296103] pci 0000:00:00.0: quirk_igfx_skip_te_disable+0x0/0x80 took 0 usecs
[    2.299460] pci 0000:00:01.0: [1234:1111] type 00 class 0x030000
[    2.303771] pci 0000:00:01.0: reg 0x10: [mem 0xfd000000-0xfdffffff pref]
[    2.313899] pci 0000:00:01.0: reg 0x18: [mem 0xfebf0000-0xfebf0fff]
[    2.331032] pci 0000:00:01.0: reg 0x30: [mem 0xfebe0000-0xfebeffff pref]
[    2.334879] pci 0000:00:01.0: calling  efifb_fixup_resources+0x0/0xf0 @ 1
[    2.336054] pci 0000:00:01.0: efifb_fixup_resources+0x0/0xf0 took 0 usecs
[    2.344692] pci 0000:00:1f.0: [8086:2918] type 00 class 0x060100
[    2.350863] pci 0000:00:1f.0: calling  quirk_ich7_lpc+0x0/0x60 @ 1
[    2.351322] pci 0000:00:1f.0: quirk: [io  0x0600-0x067f] claimed by ICH6 ACPI/GPIO/TCO
[    2.352574] pci 0000:00:1f.0: quirk_ich7_lpc+0x0/0x60 took 976 usecs
[    2.353185] pci 0000:00:1f.0: calling  quirk_igfx_skip_te_disable+0x0/0x80 @ 1
[    2.354093] pci 0000:00:1f.0: quirk_igfx_skip_te_disable+0x0/0x80 took 0 usecs
[    2.358037] pci 0000:00:1f.2: [8086:2922] type 00 class 0x010601
[    2.367788] pci 0000:00:1f.2: reg 0x20: [io  0xc040-0xc05f]
[    2.369039] pci 0000:00:1f.2: reg 0x24: [mem 0xfebf1000-0xfebf1fff]
[    2.372057] pci 0000:00:1f.2: calling  quirk_igfx_skip_te_disable+0x0/0x80 @ 1
[    2.373043] pci 0000:00:1f.2: quirk_igfx_skip_te_disable+0x0/0x80 took 0 usecs
[    2.377542] pci 0000:00:1f.3: [8086:2930] type 00 class 0x0c0500
[    2.384038] pci 0000:00:1f.3: reg 0x20: [io  0x0700-0x073f]
[    2.387455] pci 0000:00:1f.3: calling  quirk_igfx_skip_te_disable+0x0/0x80 @ 1
[    2.389041] pci 0000:00:1f.3: quirk_igfx_skip_te_disable+0x0/0x80 took 0 usecs
[    2.391721] pci_bus 0000:00: on NUMA node 0
[    2.395247] ACPI: PCI Interrupt Link [LNKA] (IRQs 5 *10 11)
[    2.396436] ACPI: PCI Interrupt Link [LNKB] (IRQs 5 *10 11)
[    2.397510] ACPI: PCI Interrupt Link [LNKC] (IRQs 5 10 *11)
[    2.398422] ACPI: PCI Interrupt Link [LNKD] (IRQs 5 10 *11)
[    2.400190] ACPI: PCI Interrupt Link [LNKE] (IRQs 5 *10 11)
[    2.401551] ACPI: PCI Interrupt Link [LNKF] (IRQs 5 *10 11)
[    2.403414] ACPI: PCI Interrupt Link [LNKG] (IRQs 5 10 *11)
[    2.405185] ACPI: PCI Interrupt Link [LNKH] (IRQs 5 10 *11)
[    2.407047] ACPI: PCI Interrupt Link [GSIA] (IRQs *16)
[    2.409042] ACPI: PCI Interrupt Link [GSIB] (IRQs *17)
[    2.410056] ACPI: PCI Interrupt Link [GSIC] (IRQs *18)
[    2.411079] ACPI: PCI Interrupt Link [GSID] (IRQs *19)
[    2.413051] ACPI: PCI Interrupt Link [GSIE] (IRQs *20)
[    2.414065] ACPI: PCI Interrupt Link [GSIF] (IRQs *21)
[    2.415052] ACPI: PCI Interrupt Link [GSIG] (IRQs *22)
[    2.416052] ACPI: PCI Interrupt Link [GSIH] (IRQs *23)
[    2.420032] initcall acpi_init+0x0/0x316 returned 0 after 165039 usecs
[    2.421275] calling  pnp_init+0x0/0xc @ 1
[    2.422080] initcall pnp_init+0x0/0xc returned 0 after 0 usecs
[    2.423042] calling  misc_init+0x0/0xbf @ 1
[    2.425058] initcall misc_init+0x0/0xbf returned 0 after 976 usecs
[    2.426040] calling  iommu_subsys_init+0x0/0x4e @ 1
[    2.427093] iommu: Default domain type: Translated 
[    2.428039] initcall iommu_subsys_init+0x0/0x4e returned 0 after 976 usecs
[    2.429040] calling  vga_arb_device_init+0x0/0x26c @ 1
[    2.431616] pci 0000:00:01.0: vgaarb: setting as boot VGA device
[    2.432032] pci 0000:00:01.0: vgaarb: VGA device added: decodes=io+mem,owns=io+mem,locks=none
[    2.432037] pci 0000:00:01.0: vgaarb: bridge control possible
[    2.433037] vgaarb: loaded
[    2.434041] initcall vga_arb_device_init+0x0/0x26c returned 0 after 3906 usecs
[    2.435175] calling  cn_init+0x0/0xf0 @ 1
[    2.437158] initcall cn_init+0x0/0xf0 returned 0 after 976 usecs
[    2.438040] calling  dma_buf_init+0x0/0xad @ 1
[    2.439590] initcall dma_buf_init+0x0/0xad returned 0 after 0 usecs
[    2.440040] calling  init_scsi+0x0/0x79 @ 1
[    2.442124] SCSI subsystem initialized
[    2.444032] initcall init_scsi+0x0/0x79 returned 0 after 1953 usecs
[    2.445087] calling  ata_init+0x0/0x332 @ 1
[    2.448552] libata version 3.00 loaded.
[    2.449040] initcall ata_init+0x0/0x332 returned 0 after 2929 usecs
[    2.450040] calling  phy_init+0x0/0x250 @ 1
[    2.452502] initcall phy_init+0x0/0x250 returned 0 after 976 usecs
[    2.453040] calling  init_pcmcia_cs+0x0/0x35 @ 1
[    2.454287] initcall init_pcmcia_cs+0x0/0x35 returned 0 after 0 usecs
[    2.455040] calling  usb_common_init+0x0/0x1c @ 1
[    2.456081] initcall usb_common_init+0x0/0x1c returned 0 after 0 usecs
[    2.457038] calling  usb_init+0x0/0x12e @ 1
[    2.458227] ACPI: bus type USB registered
[    2.459298] usbcore: registered new interface driver usbfs
[    2.460101] usbcore: registered new interface driver hub
[    2.461118] usbcore: registered new device driver usb
[    2.462041] initcall usb_init+0x0/0x12e returned 0 after 3906 usecs
[    2.463041] calling  serio_init+0x0/0x29 @ 1
[    2.464095] initcall serio_init+0x0/0x29 returned 0 after 0 usecs
[    2.465039] calling  input_init+0x0/0xf6 @ 1
[    2.466107] initcall input_init+0x0/0xf6 returned 0 after 0 usecs
[    2.467041] calling  rtc_init+0x0/0x4d @ 1
[    2.468049] initcall rtc_init+0x0/0x4d returned 0 after 0 usecs
[    2.469038] calling  pps_init+0x0/0xa9 @ 1
[    2.470070] pps_core: LinuxPPS API ver. 1 registered
[    2.471035] pps_core: Software ver. 5.3.6 - Copyright 2005-2007 Rodolfo Giometti <giometti@linux.it>
[    2.472039] initcall pps_init+0x0/0xa9 returned 0 after 1953 usecs
[    2.473037] calling  ptp_init+0x0/0x98 @ 1
[    2.474045] PTP clock support registered
[    2.475038] initcall ptp_init+0x0/0x98 returned 0 after 976 usecs
[    2.476038] calling  power_supply_class_init+0x0/0x3f @ 1
[    2.477167] initcall power_supply_class_init+0x0/0x3f returned 0 after 0 usecs
[    2.478038] calling  hwmon_init+0x0/0x104 @ 1
[    2.479064] initcall hwmon_init+0x0/0x104 returned 0 after 0 usecs
[    2.480037] calling  md_init+0x0/0x16b @ 1
[    2.482094] initcall md_init+0x0/0x16b returned 0 after 976 usecs
[    2.483038] calling  leds_init+0x0/0x3b @ 1
[    2.484084] initcall leds_init+0x0/0x3b returned 0 after 0 usecs
[    2.485039] calling  dmi_init+0x0/0x113 @ 1
[    2.487169] initcall dmi_init+0x0/0x113 returned 0 after 976 usecs
[    2.488038] calling  efisubsys_init+0x0/0x4e6 @ 1
[    2.489067] initcall efisubsys_init+0x0/0x4e6 returned 0 after 0 usecs
[    2.490044] calling  nvmem_init+0x0/0xc @ 1
[    2.491116] initcall nvmem_init+0x0/0xc returned 0 after 0 usecs
[    2.492041] calling  init_soundcore+0x0/0x33 @ 1
[    2.493055] initcall init_soundcore+0x0/0x33 returned 0 after 0 usecs
[    2.494044] calling  alsa_sound_init+0x0/0x8f @ 1
[    2.495127] Advanced Linux Sound Architecture Driver Initialized.
[    2.496040] initcall alsa_sound_init+0x0/0x8f returned 0 after 976 usecs
[    2.497062] calling  alsa_seq_device_init+0x0/0x71 @ 1
[    2.498152] initcall alsa_seq_device_init+0x0/0x71 returned 0 after 0 usecs
[    2.499040] calling  hda_bus_init+0x0/0xc @ 1
[    2.500388] initcall hda_bus_init+0x0/0xc returned 0 after 0 usecs
[    2.501040] calling  proto_init+0x0/0xc @ 1
[    2.502082] initcall proto_init+0x0/0xc returned 0 after 0 usecs
[    2.503040] calling  net_dev_init+0x0/0x1cc @ 1
[    2.505769] initcall net_dev_init+0x0/0x1cc returned 0 after 976 usecs
[    2.506040] calling  neigh_init+0x0/0x84 @ 1
[    2.507041] initcall neigh_init+0x0/0x84 returned 0 after 0 usecs
[    2.508038] calling  fib_notifier_init+0x0/0xc @ 1
[    2.509062] initcall fib_notifier_init+0x0/0xc returned 0 after 0 usecs
[    2.510039] calling  fib_rules_init+0x0/0xab @ 1
[    2.511095] initcall fib_rules_init+0x0/0xab returned 0 after 0 usecs
[    2.512039] calling  pktsched_init+0x0/0x10e @ 1
[    2.513083] initcall pktsched_init+0x0/0x10e returned 0 after 0 usecs
[    2.514082] calling  tc_filter_init+0x0/0xfa @ 1
[    2.515080] initcall tc_filter_init+0x0/0xfa returned 0 after 0 usecs
[    2.516039] calling  tc_action_init+0x0/0x54 @ 1
[    2.517041] initcall tc_action_init+0x0/0x54 returned 0 after 0 usecs
[    2.518039] calling  ethnl_init+0x0/0x52 @ 1
[    2.520368] initcall ethnl_init+0x0/0x52 returned 0 after 976 usecs
[    2.521039] calling  nexthop_init+0x0/0xd8 @ 1
[    2.523231] initcall nexthop_init+0x0/0xd8 returned 0 after 976 usecs
[    2.524040] calling  cipso_v4_init+0x0/0x5a @ 1
[    2.525221] initcall cipso_v4_init+0x0/0x5a returned 0 after 0 usecs
[    2.526040] calling  ieee80211_init+0x0/0x24 @ 1
[    2.528039] initcall ieee80211_init+0x0/0x24 returned 0 after 976 usecs
[    2.529039] calling  netlbl_init+0x0/0x78 @ 1
[    2.530036] NetLabel: Initializing
[    2.531035] NetLabel:  domain hash size = 128
[    2.532035] NetLabel:  protocols = UNLABELED CIPSOv4 CALIPSO
[    2.534095] NetLabel:  unlabeled traffic allowed by default
[    2.535040] initcall netlbl_init+0x0/0x78 returned 0 after 4882 usecs
[    2.536044] calling  rfkill_init+0x0/0x111 @ 1
[    2.538041] initcall rfkill_init+0x0/0x111 returned 0 after 976 usecs
[    2.539042] calling  pci_subsys_init+0x0/0x66 @ 1
[    2.540174] PCI: Using ACPI for IRQ routing
[    3.307810] PCI: pci_cache_line_size set to 64 bytes
[    3.309912] e820: reserve RAM buffer [mem 0x0009fc00-0x0009ffff]
[    3.311038] e820: reserve RAM buffer [mem 0x1ffdf000-0x1fffffff]
[    3.312304] initcall pci_subsys_init+0x0/0x66 returned 0 after 753906 usecs
[    3.322259] calling  nmi_warning_debugfs+0x0/0x26 @ 1
[    3.324159] initcall nmi_warning_debugfs+0x0/0x26 returned 0 after 976 usecs
[    3.325042] calling  save_microcode_in_initrd+0x0/0x51 @ 1
[    3.326445] initcall save_microcode_in_initrd+0x0/0x51 returned 0 after 0 usecs
[    3.327078] calling  hpet_late_init+0x0/0x1f6 @ 1
[    3.329796] hpet: 3 channels of 0 reserved for per-cpu timers
[    3.331151] hpet0: at MMIO 0xfed00000, IRQs 2, 8, 0
[    3.332037] hpet0: 3 comparators, 64-bit 100.000000 MHz counter
[    3.339042] initcall hpet_late_init+0x0/0x1f6 returned 0 after 10742 usecs
[    3.340042] calling  init_amd_nbs+0x0/0x11c @ 1
[    3.341049] initcall init_amd_nbs+0x0/0x11c returned 0 after 0 usecs
[    3.342043] calling  clocksource_done_booting+0x0/0x41 @ 1
[    3.343621] clocksource: Switched to clocksource kvm-clock
[    3.353998] initcall clocksource_done_booting+0x0/0x41 returned 0 after 10700 usecs
[    3.364888] calling  tracer_init_tracefs+0x0/0x1fb @ 1
[    3.714681] initcall tracer_init_tracefs+0x0/0x1fb returned 0 after 333075 usecs
[    3.728508] calling  init_trace_printk_function_export+0x0/0x2c @ 1
[    3.739827] initcall init_trace_printk_function_export+0x0/0x2c returned 0 after 12 usecs
[    3.751652] calling  init_kprobe_trace+0x0/0x1a9 @ 1
[    3.757886] initcall init_kprobe_trace+0x0/0x1a9 returned 0 after 10 usecs
[    3.767325] calling  init_dynamic_event+0x0/0x3d @ 1
[    3.773748] initcall init_dynamic_event+0x0/0x3d returned 0 after 8 usecs
[    3.783121] calling  init_uprobe_trace+0x0/0x5c @ 1
[    3.789607] initcall init_uprobe_trace+0x0/0x5c returned 0 after 105 usecs
[    3.798534] calling  init_pipe_fs+0x0/0x44 @ 1
[    3.804600] initcall init_pipe_fs+0x0/0x44 returned 0 after 323 usecs
[    3.812831] calling  inotify_user_setup+0x0/0x47 @ 1
[    3.820535] initcall inotify_user_setup+0x0/0x47 returned 0 after 449 usecs
[    3.830174] calling  eventpoll_init+0x0/0xcc @ 1
[    3.837525] initcall eventpoll_init+0x0/0xcc returned 0 after 1229 usecs
[    3.846091] calling  anon_inode_init+0x0/0x58 @ 1
[    3.852643] initcall anon_inode_init+0x0/0x58 returned 0 after 529 usecs
[    3.875236] calling  proc_locks_init+0x0/0x27 @ 1
[    3.885061] initcall proc_locks_init+0x0/0x27 returned 0 after 2335 usecs
[    3.894082] calling  iomap_init+0x0/0x1b @ 1
[    3.911394] initcall iomap_init+0x0/0x1b returned 0 after 11309 usecs
[    3.919755] calling  dquot_init+0x0/0xd7 @ 1
[    3.925056] VFS: Disk quotas dquot_6.6.0
[    3.930653] VFS: Dquot-cache hash table entries: 512 (order 0, 4096 bytes)
[    3.940783] initcall dquot_init+0x0/0xd7 returned 0 after 15374 usecs
[    3.949343] calling  quota_init+0x0/0x23 @ 1
[    3.958001] initcall quota_init+0x0/0x23 returned 0 after 2866 usecs
[    3.966614] calling  proc_cmdline_init+0x0/0x21 @ 1
[    3.973336] initcall proc_cmdline_init+0x0/0x21 returned 0 after 92 usecs
[    3.982781] calling  proc_consoles_init+0x0/0x24 @ 1
[    3.989608] initcall proc_consoles_init+0x0/0x24 returned 0 after 100 usecs
[    3.998666] calling  proc_cpuinfo_init+0x0/0x1e @ 1
[    4.005095] initcall proc_cpuinfo_init+0x0/0x1e returned 0 after 4 usecs
[    4.013848] calling  proc_devices_init+0x0/0x24 @ 1
[    4.020945] initcall proc_devices_init+0x0/0x24 returned 0 after 4 usecs
[    4.029377] calling  proc_interrupts_init+0x0/0x24 @ 1
[    4.035708] initcall proc_interrupts_init+0x0/0x24 returned 0 after 5 usecs
[    4.044136] calling  proc_loadavg_init+0x0/0x21 @ 1
[    4.050555] initcall proc_loadavg_init+0x0/0x21 returned 0 after 4 usecs
[    4.059130] calling  proc_meminfo_init+0x0/0x21 @ 1
[    4.065424] initcall proc_meminfo_init+0x0/0x21 returned 0 after 4 usecs
[    4.074418] calling  proc_stat_init+0x0/0x1e @ 1
[    4.085082] initcall proc_stat_init+0x0/0x1e returned 0 after 4 usecs
[    4.093517] calling  proc_uptime_init+0x0/0x21 @ 1
[    4.100117] initcall proc_uptime_init+0x0/0x21 returned 0 after 3 usecs
[    4.109627] calling  proc_version_init+0x0/0x21 @ 1
[    4.116121] initcall proc_version_init+0x0/0x21 returned 0 after 3 usecs
[    4.125634] calling  proc_softirqs_init+0x0/0x21 @ 1
[    4.132176] initcall proc_softirqs_init+0x0/0x21 returned 0 after 4 usecs
[    4.140847] calling  proc_kcore_init+0x0/0xea @ 1
[    4.147760] initcall proc_kcore_init+0x0/0xea returned 0 after 975 usecs
[    4.156296] calling  vmcore_init+0x0/0x578 @ 1
[    4.162152] initcall vmcore_init+0x0/0x578 returned 0 after 125 usecs
[    4.170270] calling  proc_kmsg_init+0x0/0x21 @ 1
[    4.176350] initcall proc_kmsg_init+0x0/0x21 returned 0 after 5 usecs
[    4.185029] calling  proc_page_init+0x0/0x3b @ 1
[    4.191928] initcall proc_page_init+0x0/0x3b returned 0 after 5 usecs
[    4.200060] calling  init_ramfs_fs+0x0/0xc @ 1
[    4.208612] initcall init_ramfs_fs+0x0/0xc returned 0 after 2512 usecs
[    4.217390] calling  init_hugetlbfs_fs+0x0/0xf6 @ 1
[    4.231552] initcall init_hugetlbfs_fs+0x0/0xf6 returned 0 after 7409 usecs
[    4.242766] calling  blk_scsi_ioctl_init+0x0/0x2a5 @ 1
[    4.253256] initcall blk_scsi_ioctl_init+0x0/0x2a5 returned 0 after 1937 usecs
[    4.262812] calling  acpi_event_init+0x0/0x2c @ 1
[    4.269923] initcall acpi_event_init+0x0/0x2c returned 0 after 1169 usecs
[    4.278300] calling  pnp_system_init+0x0/0xc @ 1
[    4.290995] initcall pnp_system_init+0x0/0xc returned 0 after 6188 usecs
[    4.299409] calling  pnpacpi_init+0x0/0x69 @ 1
[    4.305178] pnp: PnP ACPI init
[    4.330785] pnp 00:00: Plug and Play ACPI device, IDs PNP0303 (active)
[    4.340158] pnp 00:01: Plug and Play ACPI device, IDs PNP0f13 (active)
[    4.348869] pnp 00:02: Plug and Play ACPI device, IDs PNP0400 (active)
[    4.358887] pnp 00:03: Plug and Play ACPI device, IDs PNP0501 (active)
[    4.369309] pnp 00:04: Plug and Play ACPI device, IDs PNP0b00 (active)
[    4.379518] system 00:05: [mem 0xb0000000-0xbfffffff window] has been reserved
[    4.389895] system 00:05: Plug and Play ACPI device, IDs PNP0c01 (active)
[    4.399902] pnp: PnP ACPI: found 6 devices
[    4.405024] initcall pnpacpi_init+0x0/0x69 returned 0 after 97659 usecs
[    4.413177] calling  chr_dev_init+0x0/0x14d @ 1
[    4.427370] initcall chr_dev_init+0x0/0x14d returned 0 after 8503 usecs
[    4.436180] calling  firmware_class_init+0x0/0xde @ 1
[    4.443824] initcall firmware_class_init+0x0/0xde returned 0 after 128 usecs
[    4.454568] calling  init_pcmcia_bus+0x0/0x5b @ 1
[    4.461193] initcall init_pcmcia_bus+0x0/0x5b returned 0 after 209 usecs
[    4.469366] calling  init_acpi_pm_clocksource+0x0/0xda @ 1
[    4.481633] clocksource: acpi_pm: mask: 0xffffff max_cycles: 0xffffff, max_idle_ns: 2085701024 ns
[    4.492263] initcall init_acpi_pm_clocksource+0x0/0xda returned 0 after 15863 usecs
[    4.501530] calling  sysctl_core_init+0x0/0x26 @ 1
[    4.507534] initcall sysctl_core_init+0x0/0x26 returned 0 after 161 usecs
[    4.515736] calling  eth_offload_init+0x0/0x13 @ 1
[    4.521781] initcall eth_offload_init+0x0/0x13 returned 0 after 14 usecs
[    4.531363] calling  ipv4_offload_init+0x0/0x73 @ 1
[    4.538772] initcall ipv4_offload_init+0x0/0x73 returned 0 after 107 usecs
[    4.548553] calling  inet_init+0x0/0x276 @ 1
[    4.553962] NET: Registered protocol family 2
[    4.560675] IP idents hash table entries: 8192 (order: 4, 65536 bytes, linear)
[    4.571637] tcp_listen_portaddr_hash hash table entries: 256 (order: 0, 4096 bytes, linear)
[    4.581847] TCP established hash table entries: 4096 (order: 3, 32768 bytes, linear)
[    4.591262] TCP bind hash table entries: 4096 (order: 3, 32768 bytes, linear)
[    4.600402] TCP: Hash tables configured (established 4096 bind 4096)
[    4.608591] UDP hash table entries: 256 (order: 1, 8192 bytes, linear)
[    4.616639] UDP-Lite hash table entries: 256 (order: 1, 8192 bytes, linear)
[    4.625584] initcall inet_init+0x0/0x276 returned 0 after 70082 usecs
[    4.633401] calling  af_unix_init+0x0/0x4d @ 1
[    4.638835] NET: Registered protocol family 1
[    4.644320] initcall af_unix_init+0x0/0x4d returned 0 after 5376 usecs
[    4.652161] calling  ipv6_offload_init+0x0/0x7e @ 1
[    4.658263] initcall ipv6_offload_init+0x0/0x7e returned 0 after 27 usecs
[    4.666393] calling  init_sunrpc+0x0/0x65 @ 1
[    4.673297] RPC: Registered named UNIX socket transport module.
[    4.680546] RPC: Registered udp transport module.
[    4.687473] RPC: Registered tcp transport module.
[    4.693849] RPC: Registered tcp NFSv4.1 backchannel transport module.
[    4.701740] initcall init_sunrpc+0x0/0x65 returned 0 after 29338 usecs
[    4.712954] calling  cfg80211_init+0x0/0xc5 @ 1
[    4.719985] initcall cfg80211_init+0x0/0xc5 returned 0 after 1276 usecs
[    4.728066] calling  pcibios_assign_resources+0x0/0xa8 @ 1
[    4.736704] pci_bus 0000:00: resource 4 [io  0x0000-0x0cf7 window]
[    4.744804] pci_bus 0000:00: resource 5 [io  0x0d00-0xffff window]
[    4.753923] pci_bus 0000:00: resource 6 [mem 0x000a0000-0x000bffff window]
[    4.763258] pci_bus 0000:00: resource 7 [mem 0x20000000-0xafffffff window]
[    4.773514] pci_bus 0000:00: resource 8 [mem 0xc0000000-0xfebfffff window]
[    4.783846] pci_bus 0000:00: resource 9 [mem 0x100000000-0x8ffffffff window]
[    4.793572] initcall pcibios_assign_resources+0x0/0xa8 returned 0 after 56871 usecs
[    4.802759] calling  pci_apply_final_quirks+0x0/0x124 @ 1
[    4.809639] pci 0000:00:01.0: calling  pci_fixup_video+0x0/0xe0 @ 1
[    4.817616] pci 0000:00:01.0: Video device with shadowed ROM at [mem 0x000c0000-0x000dffff]
[    4.827660] pci 0000:00:01.0: pci_fixup_video+0x0/0xe0 took 10128 usecs
[    4.836333] PCI: CLS 0 bytes, default 64
[    4.842038] initcall pci_apply_final_quirks+0x0/0x124 returned 0 after 31899 usecs
[    4.851167] calling  acpi_reserve_resources+0x0/0xea @ 1
[    4.857749] initcall acpi_reserve_resources+0x0/0xea returned 0 after 46 usecs
[    4.866477] calling  populate_rootfs+0x0/0x102 @ 1
[    4.873839] initcall populate_rootfs+0x0/0x102 returned 0 after 1549 usecs
[    4.882175] calling  pci_iommu_init+0x0/0x3e @ 1
[    4.888036] initcall pci_iommu_init+0x0/0x3e returned 0 after 118 usecs
[    4.897579] calling  ia32_binfmt_init+0x0/0x13 @ 1
[    4.903448] initcall ia32_binfmt_init+0x0/0x13 returned 0 after 34 usecs
[    4.911545] calling  rapl_pmu_init+0x0/0x25f @ 1
[    4.917292] initcall rapl_pmu_init+0x0/0x25f returned -19 after 57 usecs
[    4.925878] calling  amd_uncore_init+0x0/0x310 @ 1
[    4.931725] initcall amd_uncore_init+0x0/0x310 returned -19 after 0 usecs
[    4.939968] calling  amd_ibs_init+0x0/0x233 @ 1
[    4.945654] initcall amd_ibs_init+0x0/0x233 returned -19 after 0 usecs
[    4.953801] calling  amd_iommu_pc_init+0x0/0x20c @ 1
[    4.960018] initcall amd_iommu_pc_init+0x0/0x20c returned -19 after 54 usecs
[    4.968653] calling  msr_init+0x0/0x55 @ 1
[    4.973958] initcall msr_init+0x0/0x55 returned 0 after 150 usecs
[    4.981537] calling  intel_uncore_init+0x0/0x31e @ 1
[    4.987853] initcall intel_uncore_init+0x0/0x31e returned -19 after 77 usecs
[    4.996711] calling  cstate_pmu_init+0x0/0x181 @ 1
[    5.002735] initcall cstate_pmu_init+0x0/0x181 returned -19 after 0 usecs
[    5.011009] calling  register_kernel_offset_dumper+0x0/0x1a @ 1
[    5.018286] initcall register_kernel_offset_dumper+0x0/0x1a returned 0 after 16 usecs
[    5.027658] calling  i8259A_init_ops+0x0/0x20 @ 1
[    5.033357] initcall i8259A_init_ops+0x0/0x20 returned 0 after 1 usecs
[    5.041187] calling  init_tsc_clocksource+0x0/0xa4 @ 1
[    5.047299] clocksource: tsc: mask: 0xffffffffffffffff max_cycles: 0x39a85afc727, max_idle_ns: 881590685098 ns
[    5.059123] initcall init_tsc_clocksource+0x0/0xa4 returned 0 after 11523 usecs
[    5.067828] calling  add_rtc_cmos+0x0/0xb0 @ 1
[    5.073310] initcall add_rtc_cmos+0x0/0xb0 returned 0 after 2 usecs
[    5.080747] calling  i8237A_init_ops+0x0/0x3a @ 1
[    5.086707] initcall i8237A_init_ops+0x0/0x3a returned 0 after 187 usecs
[    5.094749] calling  umwait_init+0x0/0x94 @ 1
[    5.100184] initcall umwait_init+0x0/0x94 returned -19 after 24 usecs
[    5.107935] calling  thermal_throttle_init_device+0x0/0x3d @ 1
[    5.115019] initcall thermal_throttle_init_device+0x0/0x3d returned 0 after 51 usecs
[    5.124219] calling  msr_init+0x0/0xd7 @ 1
[    5.129431] initcall msr_init+0x0/0xd7 returned 0 after 160 usecs
[    5.136727] calling  cpuid_init+0x0/0xd7 @ 1
[    5.142339] initcall cpuid_init+0x0/0xd7 returned 0 after 318 usecs
[    5.149879] calling  ioapic_init_ops+0x0/0x13 @ 1
[    5.155653] initcall ioapic_init_ops+0x0/0x13 returned 0 after 30 usecs
[    5.163855] calling  add_pcspkr+0x0/0x6c @ 1
[    5.169465] initcall add_pcspkr+0x0/0x6c returned 0 after 66 usecs
[    5.177415] calling  start_periodic_check_for_corruption+0x0/0x30 @ 1
[    5.185494] check: Scanning for low memory corruption every 60 seconds
[    5.193638] initcall start_periodic_check_for_corruption+0x0/0x30 returned 0 after 7965 usecs
[    5.204303] calling  sysfb_init+0x0/0x9c @ 1
[    5.209816] initcall sysfb_init+0x0/0x9c returned 0 after 106 usecs
[    5.217632] calling  audit_classes_init+0x0/0xae @ 1
[    5.223926] initcall audit_classes_init+0x0/0xae returned 0 after 95 usecs
[    5.232572] calling  iosf_mbi_init+0x0/0x24 @ 1
[    5.238750] initcall iosf_mbi_init+0x0/0x24 returned 0 after 242 usecs
[    5.247027] calling  proc_execdomains_init+0x0/0x21 @ 1
[    5.253618] initcall proc_execdomains_init+0x0/0x21 returned 0 after 18 usecs
[    5.262589] calling  register_warn_debugfs+0x0/0x23 @ 1
[    5.269315] initcall register_warn_debugfs+0x0/0x23 returned 0 after 8 usecs
[    5.278173] calling  ioresources_init+0x0/0x49 @ 1
[    5.284282] initcall ioresources_init+0x0/0x49 returned 0 after 29 usecs
[    5.292855] calling  snapshot_device_init+0x0/0xc @ 1
[    5.301587] initcall snapshot_device_init+0x0/0xc returned 0 after 2214 usecs
[    5.310580] calling  irq_pm_init_ops+0x0/0x13 @ 1
[    5.316591] initcall irq_pm_init_ops+0x0/0x13 returned 0 after 68 usecs
[    5.324755] calling  rcu_torture_init+0x0/0x89f @ 1
[    5.330932] tasks-torture:--- Start of test: nreaders=1 nfakewriters=4 stat_interval=15 verbose=1 test_no_idle_hz=1 shuffle_interval=3 stutter=5 irqreader=1 fqs_duration=0 fqs_holdoff=0 fqs_stutter=3 test_boost=1/0 test_boost_interval=7 test_boost_duration=4 shutdown_secs=1800 stall_cpu=0 stall_cpu_holdoff=10 stall_cpu_irqsoff=0 stall_cpu_block=0 n_barrier_cbs=4 onoff_interval=0 onoff_holdoff=0 read_exit_delay=13 read_exit_burst=16
[    5.378767] tasks:  Start-test grace-period state: g0 f0x0
[    5.386072] tasks-torture: Creating rcu_torture_writer task
[    5.394533] tasks-torture: Creating rcu_torture_fakewriter task
[    5.403058] tasks-torture: rcu_torture_writer task started
[    5.409984] tasks-torture: GP expediting controlled from boot/sysfs for tasks.
[    5.418715] rcu_torture_writer: Testing expedited GPs.
[    5.427683] rcu_torture_writer: Testing asynchronous GPs.
[    5.434202] rcu_torture_writer: Testing normal GPs.
[    5.440114] tasks-torture: Creating rcu_torture_fakewriter task
[    5.447281] tasks-torture: rcu_torture_fakewriter task started
[    5.454591] tasks-torture: Creating rcu_torture_fakewriter task
[    5.463276] tasks-torture: rcu_torture_fakewriter task started
[    5.472748] tasks-torture: Creating rcu_torture_fakewriter task
[    5.481430] tasks-torture: rcu_torture_fakewriter task started
[    5.489276] tasks-torture: Creating rcu_torture_reader task
[    5.496157] tasks-torture: rcu_torture_fakewriter task started
[    5.503854] tasks-torture: Creating rcu_torture_stats task
[    5.510802] tasks-torture: rcu_torture_reader task started
[    5.520347] tasks-torture: Creating torture_shuffle task
[    5.526842] tasks-torture: rcu_torture_stats task started
[    5.534240] tasks-torture: Creating torture_stutter task
[    5.541730] tasks-torture: torture_shuffle task started
[    5.549772] tasks-torture: Creating torture_shutdown task
[    5.557942] tasks-torture: torture_stutter task started
[    5.565843] tasks-torture: rcu_torture_fwd_prog_init: Disabled, unsupported by RCU flavor under test
[    5.576646] tasks-torture: Creating rcu_torture_barrier_cbs task
[    5.585171] tasks-torture: torture_shutdown task started
[    5.591919] tasks-torture:torture_shutdown task: 1799957 ms remaining
[    5.599851] tasks-torture: Creating rcu_torture_barrier_cbs task
[    5.607070] tasks-torture: rcu_torture_barrier_cbs task started
[    5.614709] tasks-torture: Creating rcu_torture_barrier_cbs task
[    5.621864] tasks-torture: rcu_torture_barrier_cbs task started
[    5.629283] tasks-torture: Creating rcu_torture_barrier_cbs task
[    5.636399] tasks-torture: rcu_torture_barrier_cbs task started
[    5.643574] tasks-torture: Creating rcu_torture_barrier task
[    5.650438] tasks-torture: rcu_torture_barrier_cbs task started
[    5.658240] tasks-torture: Creating rcu_torture_read_exit task
[    5.665139] tasks-torture: rcu_torture_barrier task starting
[    5.671967] initcall rcu_torture_init+0x0/0x89f returned 0 after 333135 usecs
[    5.681209] calling  timekeeping_init_ops+0x0/0x13 @ 1
[    5.687267] initcall timekeeping_init_ops+0x0/0x13 returned 0 after 18 usecs
[    5.697288] calling  init_clocksource_sysfs+0x0/0x23 @ 1
[    5.705221] initcall init_clocksource_sysfs+0x0/0x23 returned 0 after 152 usecs
[    5.715833] calling  init_timer_list_procfs+0x0/0x31 @ 1
[    5.723712] initcall init_timer_list_procfs+0x0/0x31 returned 0 after 6 usecs
[    5.734175] calling  alarmtimer_init+0x0/0xb5 @ 1
[    5.739936] initcall alarmtimer_init+0x0/0xb5 returned 0 after 92 usecs
[    5.747873] calling  init_posix_timers+0x0/0x29 @ 1
[    5.754269] initcall init_posix_timers+0x0/0x29 returned 0 after 9 usecs
[    5.764354] calling  clockevents_init_sysfs+0x0/0x8b @ 1
[    5.772258] initcall clockevents_init_sysfs+0x0/0x8b returned 0 after 187 usecs
[    5.782930] calling  proc_dma_init+0x0/0x21 @ 1
[    5.790026] initcall proc_dma_init+0x0/0x21 returned 0 after 5 usecs
[    5.798583] calling  proc_modules_init+0x0/0x1e @ 1
[    5.806169] initcall proc_modules_init+0x0/0x1e returned 0 after 4 usecs
[    5.815141] calling  kallsyms_init+0x0/0x21 @ 1
[    5.821192] initcall kallsyms_init+0x0/0x21 returned 0 after 4 usecs
[    5.828875] calling  pid_namespaces_init+0x0/0x2c @ 1
[    5.835050] initcall pid_namespaces_init+0x0/0x2c returned 0 after 59 usecs
[    5.843539] calling  audit_watch_init+0x0/0x37 @ 1
[    5.849587] initcall audit_watch_init+0x0/0x37 returned 0 after 20 usecs
[    5.857745] calling  audit_fsnotify_init+0x0/0x37 @ 1
[    5.863971] initcall audit_fsnotify_init+0x0/0x37 returned 0 after 2 usecs
[    5.872394] calling  audit_tree_init+0x0/0x6d @ 1
[    5.889236] initcall audit_tree_init+0x0/0x6d returned 0 after 3689 usecs
[    5.901725] calling  seccomp_sysctl_init+0x0/0x2b @ 1
[    5.909872] initcall seccomp_sysctl_init+0x0/0x2b returned 0 after 1022 usecs
[    5.919991] calling  utsname_sysctl_init+0x0/0x13 @ 1
[    5.926142] initcall utsname_sysctl_init+0x0/0x13 returned 0 after 35 usecs
[    5.934401] calling  init_tracepoints+0x0/0x27 @ 1
[    5.940277] initcall init_tracepoints+0x0/0x27 returned 0 after 112 usecs
[    5.948444] calling  init_blk_tracer+0x0/0x50 @ 1
[    5.955558] initcall init_blk_tracer+0x0/0x50 returned 0 after 1386 usecs
[    5.963419] calling  perf_event_sysfs_init+0x0/0x81 @ 1
[    5.976702] initcall perf_event_sysfs_init+0x0/0x81 returned 0 after 4804 usecs
[    5.985236] calling  system_trusted_keyring_init+0x0/0x5f @ 1
[    5.992061] Initialise system trusted keyrings
[    5.997812] initcall system_trusted_keyring_init+0x0/0x5f returned 0 after 5612 usecs
[    6.007022] calling  kswapd_init+0x0/0x13 @ 1
[    6.013846] tasks-torture: rcu_torture_read_exit: Start of test
[    6.022445] initcall kswapd_init+0x0/0x13 returned 0 after 9438 usecs
[    6.031760] calling  extfrag_debug_init+0x0/0x54 @ 1
[    6.039283] initcall extfrag_debug_init+0x0/0x54 returned 0 after 309 usecs
[    6.049259] calling  slab_proc_init+0x0/0x21 @ 1
[    6.056207] initcall slab_proc_init+0x0/0x21 returned 0 after 246 usecs
[    6.065398] calling  workingset_init+0x0/0x8c @ 1
[    6.071183] workingset: timestamp_bits=62 max_order=17 bucket_order=0
[    6.078847] initcall workingset_init+0x0/0x8c returned 0 after 7481 usecs
[    6.088553] calling  proc_vmalloc_init+0x0/0x27 @ 1
[    6.095653] initcall proc_vmalloc_init+0x0/0x27 returned 0 after 30 usecs
[    6.105400] calling  procswaps_init+0x0/0x1e @ 1
[    6.111616] initcall procswaps_init+0x0/0x1e returned 0 after 57 usecs
[    6.119035] calling  slab_sysfs_init+0x0/0xea @ 1
[    6.127379] initcall slab_sysfs_init+0x0/0xea returned 0 after 2881 usecs
[    6.135166] calling  fcntl_init+0x0/0x29 @ 1
[    6.140172] initcall fcntl_init+0x0/0x29 returned 0 after 7 usecs
[    6.147149] calling  proc_filesystems_init+0x0/0x21 @ 1
[    6.153232] initcall proc_filesystems_init+0x0/0x21 returned 0 after 3 usecs
[    6.162625] calling  start_dirtytime_writeback+0x0/0x29 @ 1
[    6.169010] initcall start_dirtytime_writeback+0x0/0x29 returned 0 after 1 usecs
[    6.178675] calling  blkdev_init+0x0/0x1b @ 1
[    6.185291] initcall blkdev_init+0x0/0x1b returned 0 after 385 usecs
[    6.194154] calling  dio_init+0x0/0x2c @ 1
[    6.200095] initcall dio_init+0x0/0x2c returned 0 after 193 usecs
[    6.207651] calling  dnotify_init+0x0/0x78 @ 1
[    6.212727] initcall dnotify_init+0x0/0x78 returned 0 after 9 usecs
[    6.219962] calling  aio_setup+0x0/0x78 @ 1
[    6.225229] initcall aio_setup+0x0/0x78 returned 0 after 465 usecs
[    6.232153] calling  io_uring_init+0x0/0x2c @ 1
[    6.237402] initcall io_uring_init+0x0/0x2c returned 0 after 5 usecs
[    6.244580] calling  mbcache_init+0x0/0x30 @ 1
[    6.249814] initcall mbcache_init+0x0/0x30 returned 0 after 42 usecs
[    6.257086] calling  init_grace+0x0/0xc @ 1
[    6.262186] initcall init_grace+0x0/0xc returned 0 after 217 usecs
[    6.269258] calling  init_v2_quota_format+0x0/0x21 @ 1
[    6.275148] initcall init_v2_quota_format+0x0/0x21 returned 0 after 21 usecs
[    6.283145] calling  init_devpts_fs+0x0/0x27 @ 1
[    6.288587] initcall init_devpts_fs+0x0/0x27 returned 0 after 59 usecs
[    6.296089] calling  ext4_init_fs+0x0/0x1cb @ 1
[    6.301592] initcall ext4_init_fs+0x0/0x1cb returned 0 after 230 usecs
[    6.309137] calling  journal_init+0x0/0x11c @ 1
[    6.314535] initcall journal_init+0x0/0x11c returned 0 after 204 usecs
[    6.322975] calling  init_fat_fs+0x0/0x49 @ 1
[    6.328220] initcall init_fat_fs+0x0/0x49 returned 0 after 179 usecs
[    6.335538] calling  init_vfat_fs+0x0/0xc @ 1
[    6.340609] initcall init_vfat_fs+0x0/0xc returned 0 after 3 usecs
[    6.347787] calling  init_msdos_fs+0x0/0xc @ 1
[    6.353088] initcall init_msdos_fs+0x0/0xc returned 0 after 1 usecs
[    6.360427] calling  init_iso9660_fs+0x0/0x6c @ 1
[    6.366848] rcu_torture_rea (61) used greatest stack depth: 15536 bytes left
[    6.375190] initcall init_iso9660_fs+0x0/0x6c returned 0 after 9023 usecs
[    6.382915] calling  init_nfs_fs+0x0/0x13a @ 1
[    6.388980] initcall init_nfs_fs+0x0/0x13a returned 0 after 802 usecs
[    6.396488] calling  init_nfs_v2+0x0/0x13 @ 1
[    6.401771] initcall init_nfs_v2+0x0/0x13 returned 0 after 83 usecs
[    6.409038] calling  init_nfs_v3+0x0/0x13 @ 1
[    6.414183] initcall init_nfs_v3+0x0/0x13 returned 0 after 15 usecs
[    6.421538] calling  init_nfs_v4+0x0/0x32 @ 1
[    6.426981] NFS: Registering the id_resolver key type
[    6.433220] Key type id_resolver registered
[    6.438250] Key type id_legacy registered
[    6.443455] initcall init_nfs_v4+0x0/0x32 returned 0 after 16121 usecs
[    6.451367] calling  init_nlm+0x0/0x5b @ 1
[    6.456387] initcall init_nlm+0x0/0x5b returned 0 after 120 usecs
[    6.463722] calling  init_nls_cp437+0x0/0xe @ 1
[    6.469080] initcall init_nls_cp437+0x0/0xe returned 0 after 121 usecs
[    6.477049] calling  init_nls_ascii+0x0/0xe @ 1
[    6.482631] initcall init_nls_ascii+0x0/0xe returned 0 after 1 usecs
[    6.490175] calling  init_nls_iso8859_1+0x0/0xe @ 1
[    6.496147] initcall init_nls_iso8859_1+0x0/0xe returned 0 after 0 usecs
[    6.504578] calling  init_nls_utf8+0x0/0x21 @ 1
[    6.510164] initcall init_nls_utf8+0x0/0x21 returned 0 after 1 usecs
[    6.518397] calling  init_autofs_fs+0x0/0x25 @ 1
[    6.524635] initcall init_autofs_fs+0x0/0x25 returned 0 after 465 usecs
[    6.533831] calling  ipc_init+0x0/0x24 @ 1
[    6.539145] initcall ipc_init+0x0/0x24 returned 0 after 111 usecs
[    6.546231] calling  ipc_sysctl_init+0x0/0x13 @ 1
[    6.551891] initcall ipc_sysctl_init+0x0/0x13 returned 0 after 29 usecs
[    6.559845] calling  init_mqueue_fs+0x0/0x92 @ 1
[    6.565613] initcall init_mqueue_fs+0x0/0x92 returned 0 after 206 usecs
[    6.573456] calling  key_proc_init+0x0/0x63 @ 1
[    6.578884] initcall key_proc_init+0x0/0x63 returned 0 after 3 usecs
[    6.586475] calling  selinux_nf_ip_init+0x0/0x2e @ 1
[    6.592422] initcall selinux_nf_ip_init+0x0/0x2e returned 0 after 31 usecs
[    6.600459] calling  init_sel_fs+0x0/0x116 @ 1
[    6.605770] initcall init_sel_fs+0x0/0x116 returned 0 after 0 usecs
[    6.613130] calling  selnl_init+0x0/0x7c @ 1
[    6.619522] initcall selnl_init+0x0/0x7c returned 0 after 270 usecs
[    6.628616] calling  sel_netif_init+0x0/0x36 @ 1
[    6.635398] initcall sel_netif_init+0x0/0x36 returned 0 after 0 usecs
[    6.644753] calling  sel_netnode_init+0x0/0x33 @ 1
[    6.650569] initcall sel_netnode_init+0x0/0x33 returned 0 after 0 usecs
[    6.658295] calling  sel_netport_init+0x0/0x33 @ 1
[    6.663882] initcall sel_netport_init+0x0/0x33 returned 0 after 0 usecs
[    6.671509] calling  aurule_init+0x0/0x2a @ 1
[    6.677639] initcall aurule_init+0x0/0x2a returned 0 after 1 usecs
[    6.686623] calling  crypto_algapi_init+0x0/0xc @ 1
[    6.693900] initcall crypto_algapi_init+0x0/0xc returned 0 after 6 usecs
[    6.703569] calling  jent_mod_init+0x0/0x2d @ 1
[    6.720151] initcall jent_mod_init+0x0/0x2d returned 0 after 10792 usecs
[    6.727928] calling  asymmetric_key_init+0x0/0xc @ 1
[    6.733737] Key type asymmetric registered
[    6.738542] initcall asymmetric_key_init+0x0/0xc returned 0 after 4692 usecs
[    6.746889] calling  x509_key_init+0x0/0xc @ 1
[    6.752189] Asymmetric key parser 'x509' registered
[    6.757853] initcall x509_key_init+0x0/0xc returned 0 after 5550 usecs
[    6.765434] calling  proc_genhd_init+0x0/0x41 @ 1
[    6.771373] initcall proc_genhd_init+0x0/0x41 returned 0 after 5 usecs
[    6.778875] calling  bsg_init+0x0/0x113 @ 1
[    6.783803] Block layer SCSI generic (bsg) driver version 0.4 loaded (major 251)
[    6.792361] initcall bsg_init+0x0/0x113 returned 0 after 8406 usecs
[    6.799679] calling  deadline_init+0x0/0xc @ 1
[    6.805141] io scheduler mq-deadline registered
[    6.810501] initcall deadline_init+0x0/0xc returned 0 after 5246 usecs
[    6.818253] calling  kyber_init+0x0/0xc @ 1
[    6.823336] io scheduler kyber registered
[    6.828172] initcall kyber_init+0x0/0xc returned 0 after 4719 usecs
[    6.835615] calling  mod_init+0x0/0x7 @ 1
[    6.840413] initcall mod_init+0x0/0x7 returned 0 after 0 usecs
[    6.847166] calling  sg_pool_init+0x0/0xb4 @ 1
[    6.852511] initcall sg_pool_init+0x0/0xb4 returned 0 after 265 usecs
[    6.859778] calling  pcie_portdrv_init+0x0/0x39 @ 1
[    6.865895] initcall pcie_portdrv_init+0x0/0x39 returned 0 after 427 usecs
[    6.874009] calling  pci_proc_init+0x0/0x68 @ 1
[    6.879281] initcall pci_proc_init+0x0/0x68 returned 0 after 35 usecs
[    6.886701] calling  pci_hotplug_init+0x0/0x7 @ 1
[    6.892342] initcall pci_hotplug_init+0x0/0x7 returned 0 after 0 usecs
[    6.900000] calling  efifb_driver_init+0x0/0xe @ 1
[    6.905811] initcall efifb_driver_init+0x0/0xe returned 0 after 72 usecs
[    6.913724] calling  ged_driver_init+0x0/0xe @ 1
[    6.919273] initcall ged_driver_init+0x0/0xe returned 0 after 92 usecs
[    6.926976] calling  acpi_ac_init+0x0/0x92 @ 1
[    6.932925] initcall acpi_ac_init+0x0/0x92 returned 0 after 565 usecs
[    6.940421] calling  acpi_button_driver_init+0x0/0x52 @ 1
[    6.947179] input: Power Button as /devices/LNXSYSTM:00/LNXPWRBN:00/input/input0
[    6.956237] ACPI: Power Button [PWRF]
[    6.961196] initcall acpi_button_driver_init+0x0/0x52 returned 0 after 14108 usecs
[    6.970100] calling  acpi_fan_driver_init+0x0/0xe @ 1
[    6.976139] initcall acpi_fan_driver_init+0x0/0xe returned 0 after 81 usecs
[    6.984348] calling  acpi_video_init+0x0/0xcb @ 1
[    6.989969] initcall acpi_video_init+0x0/0xcb returned 0 after 67 usecs
[    6.997920] calling  acpi_processor_driver_init+0x0/0xad @ 1
[    7.005452] initcall acpi_processor_driver_init+0x0/0xad returned 0 after 704 usecs
[    7.015296] calling  acpi_thermal_init+0x0/0x71 @ 1
[    7.023253] initcall acpi_thermal_init+0x0/0x71 returned 0 after 354 usecs
[    7.032918] calling  acpi_battery_init+0x0/0x32 @ 1
[    7.040392] initcall acpi_battery_init+0x0/0x32 returned 0 after 3 usecs
[    7.050000] calling  bgrt_init+0x0/0xb6 @ 1
[    7.054885] initcall bgrt_init+0x0/0xb6 returned -19 after 0 usecs
[    7.062103] calling  gpio_clk_driver_init+0x0/0xe @ 1
[    7.068190] initcall gpio_clk_driver_init+0x0/0xe returned 0 after 51 usecs
[    7.076364] calling  plt_clk_driver_init+0x0/0xe @ 1
[    7.082390] initcall plt_clk_driver_init+0x0/0xe returned 0 after 17 usecs
[    7.090453] calling  virtio_pci_driver_init+0x0/0x15 @ 1
[    7.096774] initcall virtio_pci_driver_init+0x0/0x15 returned 0 after 58 usecs
[    7.105249] calling  n_null_init+0x0/0x1e @ 1
[    7.110448] initcall n_null_init+0x0/0x1e returned 0 after 15 usecs
[    7.118412] calling  pty_init+0x0/0x1e8 @ 1
[    7.123931] initcall pty_init+0x0/0x1e8 returned 0 after 451 usecs
[    7.131280] calling  sysrq_init+0x0/0x62 @ 1
[    7.136371] initcall sysrq_init+0x0/0x62 returned 0 after 5 usecs
[    7.143536] calling  serial8250_init+0x0/0x17e @ 1
[    7.149381] Serial: 8250/16550 driver, 4 ports, IRQ sharing enabled
[    7.158443] 00:03: ttyS0 at I/O 0x3f8 (irq = 4, base_baud = 115200) is a 16550A
[    7.168380] initcall serial8250_init+0x0/0x17e returned 0 after 18589 usecs
[    7.176559] calling  serial_pci_driver_init+0x0/0x15 @ 1
[    7.183089] initcall serial_pci_driver_init+0x0/0x15 returned 0 after 69 usecs
[    7.191623] calling  exar_pci_driver_init+0x0/0x15 @ 1
[    7.197727] initcall exar_pci_driver_init+0x0/0x15 returned 0 after 31 usecs
[    7.206019] calling  lpss8250_pci_driver_init+0x0/0x15 @ 1
[    7.212481] initcall lpss8250_pci_driver_init+0x0/0x15 returned 0 after 27 usecs
[    7.221037] calling  mid8250_pci_driver_init+0x0/0x15 @ 1
[    7.227385] initcall mid8250_pci_driver_init+0x0/0x15 returned 0 after 13 usecs
[    7.235768] calling  virtio_console_init+0x0/0xff @ 1
[    7.241864] initcall virtio_console_init+0x0/0xff returned 0 after 130 usecs
[    7.250262] calling  hpet_init+0x0/0x64 @ 1
[    7.257352] initcall hpet_init+0x0/0x64 returned 0 after 841 usecs
[    7.266372] calling  nvram_module_init+0x0/0x83 @ 1
[    7.273686] Non-volatile memory driver v1.3
[    7.279916] initcall nvram_module_init+0x0/0x83 returned 0 after 6176 usecs
[    7.290749] calling  hwrng_modinit+0x0/0x8a @ 1
[    7.297578] initcall hwrng_modinit+0x0/0x8a returned 0 after 344 usecs
[    7.307055] calling  mod_init+0x0/0x48 @ 1
[    7.313183] initcall mod_init+0x0/0x48 returned -19 after 0 usecs
[    7.321846] calling  agp_init+0x0/0x23 @ 1
[    7.327806] Linux agpgart interface v0.103
[    7.333824] initcall agp_init+0x0/0x23 returned 0 after 5860 usecs
[    7.342577] calling  agp_amd64_mod_init+0x0/0x5 @ 1
[    7.349811] initcall agp_amd64_mod_init+0x0/0x5 returned -19 after 171 usecs
[    7.359888] calling  agp_intel_init+0x0/0x28 @ 1
[    7.366973] initcall agp_intel_init+0x0/0x28 returned 0 after 514 usecs
[    7.376331] calling  drm_kms_helper_init+0x0/0x7 @ 1
[    7.383530] initcall drm_kms_helper_init+0x0/0x7 returned 0 after 22 usecs
[    7.393522] calling  drm_core_init+0x0/0x9e @ 1
[    7.400463] initcall drm_core_init+0x0/0x9e returned 0 after 261 usecs
[    7.409883] calling  i915_init+0x0/0x6b @ 1
[    7.416386] initcall i915_init+0x0/0x6b returned 0 after 412 usecs
[    7.425360] calling  cn_proc_init+0x0/0x35 @ 1
[    7.431877] initcall cn_proc_init+0x0/0x35 returned 0 after 21 usecs
[    7.441215] calling  topology_sysfs_init+0x0/0x27 @ 1
[    7.448638] initcall topology_sysfs_init+0x0/0x27 returned 0 after 33 usecs
[    7.458309] calling  cacheinfo_sysfs_init+0x0/0x27 @ 1
[    7.465705] initcall cacheinfo_sysfs_init+0x0/0x27 returned 0 after 221 usecs
[    7.473906] calling  loop_init+0x0/0x168 @ 1
[    7.491870] loop: module loaded
[    7.495658] initcall loop_init+0x0/0x168 returned 0 after 16258 usecs
[    7.503116] calling  mac_hid_init+0x0/0x21 @ 1
[    7.508344] initcall mac_hid_init+0x0/0x21 returned 0 after 20 usecs
[    7.515691] calling  spi_transport_init+0x0/0x74 @ 1
[    7.521670] initcall spi_transport_init+0x0/0x74 returned 0 after 144 usecs
[    7.529866] calling  init_sd+0x0/0x18c @ 1
[    7.534817] initcall init_sd+0x0/0x18c returned 0 after 121 usecs
[    7.541993] calling  init_sr+0x0/0x43 @ 1
[    7.546797] initcall init_sr+0x0/0x43 returned 0 after 22 usecs
[    7.553878] calling  init_sg+0x0/0x1c0 @ 1
[    7.558762] initcall init_sg+0x0/0x1c0 returned 0 after 48 usecs
[    7.565915] calling  ahci_pci_driver_init+0x0/0x15 @ 1
[    7.572418] ahci 0000:00:1f.2: version 3.0
[    7.578461] PCI Interrupt Link [GSIA] enabled at IRQ 16
[    7.592756] ahci 0000:00:1f.2: AHCI 0001.0000 32 slots 6 ports 1.5 Gbps 0x3f impl SATA mode
[    7.602555] ahci 0000:00:1f.2: flags: 64bit ncq only 
[    7.617839] scsi host0: ahci
[    7.621884] scsi host1: ahci
[    7.625863] scsi host2: ahci
[    7.633270] scsi host3: ahci
[    7.637512] scsi host4: ahci
[    7.641690] scsi host5: ahci
[    7.645705] ata1: SATA max UDMA/133 abar m4096@0xfebf1000 port 0xfebf1100 irq 24
[    7.654816] ata2: SATA max UDMA/133 abar m4096@0xfebf1000 port 0xfebf1180 irq 24
[    7.663824] ata3: SATA max UDMA/133 abar m4096@0xfebf1000 port 0xfebf1200 irq 24
[    7.672898] ata4: SATA max UDMA/133 abar m4096@0xfebf1000 port 0xfebf1280 irq 24
[    7.681753] ata5: SATA max UDMA/133 abar m4096@0xfebf1000 port 0xfebf1300 irq 24
[    7.690755] ata6: SATA max UDMA/133 abar m4096@0xfebf1000 port 0xfebf1380 irq 24
[    7.699606] initcall ahci_pci_driver_init+0x0/0x15 returned 0 after 124614 usecs
[    7.708792] calling  piix_init+0x0/0x26 @ 1
[    7.714297] initcall piix_init+0x0/0x26 returned 0 after 305 usecs
[    7.721829] calling  amd_pci_driver_init+0x0/0x15 @ 1
[    7.728124] initcall amd_pci_driver_init+0x0/0x15 returned 0 after 14 usecs
[    7.736864] calling  oldpiix_pci_driver_init+0x0/0x15 @ 1
[    7.743608] initcall oldpiix_pci_driver_init+0x0/0x15 returned 0 after 24 usecs
[    7.752347] calling  sch_pci_driver_init+0x0/0x15 @ 1
[    7.758734] initcall sch_pci_driver_init+0x0/0x15 returned 0 after 29 usecs
[    7.767451] calling  net_olddevs_init+0x0/0x55 @ 1
[    7.773630] initcall net_olddevs_init+0x0/0x55 returned 0 after 106 usecs
[    7.782056] calling  blackhole_netdev_init+0x0/0x78 @ 1
[    7.789247] initcall blackhole_netdev_init+0x0/0x78 returned 0 after 611 usecs
[    7.798177] calling  phy_module_init+0x0/0x13 @ 1
[    7.804227] initcall phy_module_init+0x0/0x13 returned 0 after 227 usecs
[    7.812415] calling  tg3_driver_init+0x0/0x15 @ 1
[    7.818497] initcall tg3_driver_init+0x0/0x15 returned 0 after 49 usecs
[    7.826844] calling  e100_init_module+0x0/0x4c @ 1
[    7.833160] e100: Intel(R) PRO/100 Network Driver
[    7.839198] e100: Copyright(c) 1999-2006 Intel Corporation
[    7.846380] initcall e100_init_module+0x0/0x4c returned 0 after 12926 usecs
[    7.855103] calling  e1000_init_module+0x0/0x72 @ 1
[    7.861454] e1000: Intel(R) PRO/1000 Network Driver
[    7.867774] e1000: Copyright (c) 1999-2006 Intel Corporation.
[    7.875006] initcall e1000_init_module+0x0/0x72 returned 0 after 13232 usecs
[    7.884025] calling  e1000_init_module+0x0/0x2d @ 1
[    7.900207] e1000e: Intel(R) PRO/1000 Network Driver
[    7.907179] e1000e: Copyright(c) 1999 - 2015 Intel Corporation.
[    7.919110] initcall e1000_init_module+0x0/0x2d returned 0 after 18447 usecs
[    7.928876] calling  sky2_init_module+0x0/0x21 @ 1
[    7.935420] sky2: driver version 1.30
[    7.940855] initcall sky2_init_module+0x0/0x21 returned 0 after 5302 usecs
[    7.950400] calling  forcedeth_pci_driver_init+0x0/0x15 @ 1
[    7.958812] initcall forcedeth_pci_driver_init+0x0/0x15 returned 0 after 394 usecs
[    7.968924] calling  rtl8139_init_module+0x0/0x15 @ 1
[    7.975633] initcall rtl8139_init_module+0x0/0x15 returned 0 after 131 usecs
[    7.986171] calling  rtl8169_pci_driver_init+0x0/0x15 @ 1
[    7.994611] initcall rtl8169_pci_driver_init+0x0/0x15 returned 0 after 179 usecs
[    8.006088] calling  cdrom_init+0x0/0xc @ 1
[    8.012748] initcall cdrom_init+0x0/0xc returned 0 after 445 usecs
[    8.021990] calling  nonstatic_sysfs_init+0x0/0xc @ 1
[    8.029156] initcall nonstatic_sysfs_init+0x0/0xc returned 0 after 70 usecs
[    8.038486] calling  yenta_cardbus_driver_init+0x0/0x15 @ 1
[    8.045945] initcall yenta_cardbus_driver_init+0x0/0x15 returned 0 after 106 usecs
[    8.055938] calling  mon_init+0x0/0x123 @ 1
[    8.077372] initcall mon_init+0x0/0x123 returned 0 after 15311 usecs
[    8.086025] calling  ehci_hcd_init+0x0/0x55 @ 1
[    8.092493] ehci_hcd: USB 2.0 'Enhanced' Host Controller (EHCI) Driver
[    8.102929] initcall ehci_hcd_init+0x0/0x55 returned 0 after 10267 usecs
[    8.113453] calling  ehci_pci_init+0x0/0x64 @ 1
[    8.121124] ehci-pci: EHCI PCI platform driver
[    8.126936] initcall ehci_pci_init+0x0/0x64 returned 0 after 5672 usecs
[    8.135365] calling  ohci_hcd_mod_init+0x0/0x4d @ 1
[    8.141768] ohci_hcd: USB 1.1 'Open' Host Controller (OHCI) Driver
[    8.150055] initcall ohci_hcd_mod_init+0x0/0x4d returned 0 after 8090 usecs
[    8.158756] calling  ohci_pci_init+0x0/0x64 @ 1
[    8.164884] ohci-pci: OHCI PCI platform driver
[    8.170922] initcall ohci_pci_init+0x0/0x64 returned 0 after 5912 usecs
[    8.179442] calling  uhci_hcd_init+0x0/0xa6 @ 1
[    8.185410] uhci_hcd: USB Universal Host Controller Interface driver
[    8.194723] initcall uhci_hcd_init+0x0/0xa6 returned 0 after 9092 usecs
[    8.203482] calling  xhci_hcd_init+0x0/0x1e @ 1
[    8.209727] initcall xhci_hcd_init+0x0/0x1e returned 0 after 71 usecs
[    8.218882] calling  xhci_pci_init+0x0/0x49 @ 1
[    8.226450] initcall xhci_pci_init+0x0/0x49 returned 0 after 457 usecs
[    8.235578] calling  usblp_driver_init+0x0/0x15 @ 1
[    8.242265] usbcore: registered new interface driver usblp
[    8.249840] initcall usblp_driver_init+0x0/0x15 returned 0 after 7538 usecs
[    8.260061] calling  usb_storage_driver_init+0x0/0x2a @ 1
[    8.267453] usbcore: registered new interface driver usb-storage
[    8.275214] initcall usb_storage_driver_init+0x0/0x2a returned 0 after 7683 usecs
[    8.284827] calling  i8042_init+0x0/0x4c2 @ 1
[    8.291358] i8042: PNP: PS/2 Controller [PNP0303:KBD,PNP0f13:MOU] at 0x60,0x64 irq 1,12
[    8.312273] serio: i8042 KBD port at 0x60,0x64 irq 1
[    8.319174] serio: i8042 AUX port at 0x60,0x64 irq 12
[    8.326263] initcall i8042_init+0x0/0x4c2 returned 0 after 34973 usecs
[    8.335612] calling  serport_init+0x0/0x2c @ 1
[    8.342716] initcall serport_init+0x0/0x2c returned 0 after 47 usecs
[    8.352331] calling  input_leds_init+0x0/0xc @ 1
[    8.359608] initcall input_leds_init+0x0/0xc returned 0 after 185 usecs
[    8.369634] calling  evdev_init+0x0/0xc @ 1
[    8.378575] initcall evdev_init+0x0/0xc returned 0 after 2691 usecs
[    8.387816] calling  atkbd_init+0x0/0x21 @ 1
[    8.394194] initcall atkbd_init+0x0/0x21 returned 0 after 58 usecs
[    8.402199] calling  psmouse_init+0x0/0x7f @ 1
[    8.409379] initcall psmouse_init+0x0/0x7f returned 0 after 390 usecs
[    8.418693] calling  cmos_init+0x0/0x73 @ 1
[    8.425589] rtc_cmos 00:04: RTC can wake from S4
[    8.443460] input: AT Translated Set 2 keyboard as /devices/platform/i8042/serio0/input/input1
[    8.481301] ata5: SATA link down (SStatus 0 SControl 300)
[    8.490934] ata1: SATA link down (SStatus 0 SControl 300)
[    8.500168] ata2: SATA link down (SStatus 0 SControl 300)
[    8.509978] ata3: SATA link up 1.5 Gbps (SStatus 113 SControl 300)
[    8.520835] ata3.00: ATAPI: QEMU DVD-ROM, 2.5+, max UDMA/100
[    8.530411] ata3.00: applying bridge limits
[    8.538823] ata3.00: configured for UDMA/100
[    8.550797] ata4: SATA link down (SStatus 0 SControl 300)
[    8.568180] scsi 2:0:0:0: CD-ROM            QEMU     QEMU DVD-ROM     2.5+ PQ: 0 ANSI: 5
[    8.589594] rtc_cmos 00:04: registered as rtc0
[    8.597700] rtc_cmos 00:04: alarms up to one day, y3k, 242 bytes nvram, hpet irqs
[    8.610049] initcall cmos_init+0x0/0x73 returned 0 after 181353 usecs
[    8.621406] calling  smbalert_driver_init+0x0/0xe @ 1
[    8.630897] initcall smbalert_driver_init+0x0/0xe returned 0 after 73 usecs
[    8.641407] calling  i2c_i801_init+0x0/0xc5 @ 1
[    8.657489] i801_smbus 0000:00:1f.3: SMBus using PCI interrupt
[    8.668360] i2c i2c-0: 1/1 memory slots populated (from DMI)
[    8.678141] i2c i2c-0: Memory type 0x07 not supported yet, not instantiating SPD
[    8.688902] initcall i2c_i801_init+0x0/0xc5 returned 0 after 39464 usecs
[    8.699201] calling  ptp_kvm_init+0x0/0xf0 @ 1
[    8.708940] ata6: SATA link down (SStatus 0 SControl 300)
[    8.729836] sr 2:0:0:0: [sr0] scsi3-mmc drive: 4x/4x cd/rw xa/form2 tray
[    8.739930] cdrom: Uniform CD-ROM driver Revision: 3.20
[    8.750965] initcall ptp_kvm_init+0x0/0xf0 returned 0 after 43226 usecs
[    8.760967] calling  dm_init+0x0/0x3c @ 1
[    8.786270] sr 2:0:0:0: Attached scsi CD-ROM sr0
[    8.796734] device-mapper: ioctl: 4.43.0-ioctl (2020-10-01) initialised: dm-devel@redhat.com
[    8.810777] initcall dm_init+0x0/0x3c returned 0 after 42022 usecs
[    8.820400] calling  dm_mirror_init+0x0/0x29 @ 1
[    8.827782] initcall dm_mirror_init+0x0/0x29 returned 0 after 1 usecs
[    8.837894] calling  dm_dirty_log_init+0x0/0x4f @ 1
[    8.845505] initcall dm_dirty_log_init+0x0/0x4f returned 0 after 57 usecs
[    8.856171] calling  dm_zero_init+0x0/0x29 @ 1
[    8.863335] initcall dm_zero_init+0x0/0x29 returned 0 after 1 usecs
[    8.872497] calling  intel_pstate_init+0x0/0x4a2 @ 1
[    8.879890] intel_pstate: CPU model not supported
[    8.887053] initcall intel_pstate_init+0x0/0x4a2 returned -19 after 7093 usecs
[    8.896966] calling  haltpoll_init+0x0/0xc0 @ 1
[    8.903450] initcall haltpoll_init+0x0/0xc0 returned -19 after 35 usecs
[    8.913890] calling  efivars_sysfs_init+0x0/0x30 @ 1
[    8.921746] initcall efivars_sysfs_init+0x0/0x30 returned 0 after 128 usecs
[    8.934159] calling  esrt_sysfs_init+0x0/0x2a2 @ 1
[    8.942498] initcall esrt_sysfs_init+0x0/0x2a2 returned -38 after 131 usecs
[    8.953285] calling  hid_init+0x0/0x5c @ 1
[    8.959851] hid: raw HID events driver (C) Jiri Kosina
[    8.967593] initcall hid_init+0x0/0x5c returned 0 after 8209 usecs
[    8.976117] calling  hid_generic_init+0x0/0x15 @ 1
[    8.983796] initcall hid_generic_init+0x0/0x15 returned 0 after 879 usecs
[    8.994108] calling  a4_driver_init+0x0/0x15 @ 1
[    9.002000] initcall a4_driver_init+0x0/0x15 returned 0 after 20 usecs
[    9.011255] calling  apple_driver_init+0x0/0x15 @ 1
[    9.018720] initcall apple_driver_init+0x0/0x15 returned 0 after 25 usecs
[    9.028882] calling  belkin_driver_init+0x0/0x15 @ 1
[    9.036231] initcall belkin_driver_init+0x0/0x15 returned 0 after 20 usecs
[    9.046378] calling  ch_driver_init+0x0/0x15 @ 1
[    9.053669] initcall ch_driver_init+0x0/0x15 returned 0 after 19 usecs
[    9.063416] calling  ch_driver_init+0x0/0x15 @ 1
[    9.070177] initcall ch_driver_init+0x0/0x15 returned 0 after 16 usecs
[    9.080166] calling  cp_driver_init+0x0/0x15 @ 1
[    9.087325] initcall cp_driver_init+0x0/0x15 returned 0 after 165 usecs
[    9.097486] calling  ez_driver_init+0x0/0x15 @ 1
[    9.104913] initcall ez_driver_init+0x0/0x15 returned 0 after 17 usecs
[    9.115789] calling  gyration_driver_init+0x0/0x15 @ 1
[    9.123062] initcall gyration_driver_init+0x0/0x15 returned 0 after 144 usecs
[    9.133775] calling  ite_driver_init+0x0/0x15 @ 1
[    9.140674] initcall ite_driver_init+0x0/0x15 returned 0 after 20 usecs
[    9.150263] calling  ks_driver_init+0x0/0x15 @ 1
[    9.157043] initcall ks_driver_init+0x0/0x15 returned 0 after 19 usecs
[    9.166805] calling  lg_driver_init+0x0/0x15 @ 1
[    9.175183] initcall lg_driver_init+0x0/0x15 returned 0 after 25 usecs
[    9.185201] calling  lg_g15_driver_init+0x0/0x15 @ 1
[    9.193510] initcall lg_g15_driver_init+0x0/0x15 returned 0 after 19 usecs
[    9.204443] calling  ms_driver_init+0x0/0x15 @ 1
[    9.212012] initcall ms_driver_init+0x0/0x15 returned 0 after 18 usecs
[    9.223134] calling  mr_driver_init+0x0/0x15 @ 1
[    9.231084] initcall mr_driver_init+0x0/0x15 returned 0 after 66 usecs
[    9.241569] calling  ntrig_driver_init+0x0/0x15 @ 1
[    9.249529] initcall ntrig_driver_init+0x0/0x15 returned 0 after 90 usecs
[    9.260125] calling  pl_driver_init+0x0/0x15 @ 1
[    9.267541] initcall pl_driver_init+0x0/0x15 returned 0 after 20 usecs
[    9.277583] calling  pl_driver_init+0x0/0x15 @ 1
[    9.284738] initcall pl_driver_init+0x0/0x15 returned 0 after 24 usecs
[    9.295472] calling  redragon_driver_init+0x0/0x15 @ 1
[    9.303916] initcall redragon_driver_init+0x0/0x15 returned 0 after 20 usecs
[    9.315182] calling  samsung_driver_init+0x0/0x15 @ 1
[    9.323612] initcall samsung_driver_init+0x0/0x15 returned 0 after 69 usecs
[    9.335404] calling  sony_init+0x0/0x38 @ 1
[    9.342536] initcall sony_init+0x0/0x38 returned 0 after 101 usecs
[    9.353544] calling  sp_driver_init+0x0/0x15 @ 1
[    9.360802] initcall sp_driver_init+0x0/0x15 returned 0 after 20 usecs
[    9.370633] calling  ts_driver_init+0x0/0x15 @ 1
[    9.377924] initcall ts_driver_init+0x0/0x15 returned 0 after 20 usecs
[    9.389140] calling  hid_init+0x0/0x58 @ 1
[    9.397267] usbcore: registered new interface driver usbhid
[    9.406539] usbhid: USB HID core driver
[    9.414177] initcall hid_init+0x0/0x58 returned 0 after 16736 usecs
[    9.423836] calling  eeepc_laptop_init+0x0/0x57 @ 1
[    9.431294] initcall eeepc_laptop_init+0x0/0x57 returned -19 after 244 usecs
[    9.442163] calling  pmc_atom_init+0x0/0x27a @ 1
[    9.449192] initcall pmc_atom_init+0x0/0x27a returned -19 after 38 usecs
[    9.459786] calling  alsa_hwdep_init+0x0/0x5e @ 1
[    9.467803] initcall alsa_hwdep_init+0x0/0x5e returned 0 after 449 usecs
[    9.477953] calling  alsa_timer_init+0x0/0x1f0 @ 1
[    9.494760] sr 2:0:0:0: Attached scsi generic sg0 type 5
[    9.504036] initcall alsa_timer_init+0x0/0x1f0 returned 0 after 17431 usecs
[    9.515885] calling  snd_hrtimer_init+0x0/0x117 @ 1
[    9.524018] initcall snd_hrtimer_init+0x0/0x117 returned 0 after 4 usecs
[    9.534451] calling  alsa_pcm_init+0x0/0x64 @ 1
[    9.542243] initcall alsa_pcm_init+0x0/0x64 returned 0 after 50 usecs
[    9.552928] calling  alsa_seq_init+0x0/0x4a @ 1
[    9.561044] initcall alsa_seq_init+0x0/0x4a returned 0 after 790 usecs
[    9.571800] calling  alsa_seq_dummy_init+0x0/0x9c @ 1
[    9.580442] initcall alsa_seq_dummy_init+0x0/0x9c returned 0 after 81 usecs
[    9.593042] calling  azx_driver_init+0x0/0x15 @ 1
[    9.601195] initcall azx_driver_init+0x0/0x15 returned 0 after 189 usecs
[    9.613005] calling  sock_diag_init+0x0/0x2a @ 1
[    9.623591] initcall sock_diag_init+0x0/0x2a returned 0 after 1463 usecs
[    9.634034] calling  blackhole_init+0x0/0xc @ 1
[    9.641310] initcall blackhole_init+0x0/0xc returned 0 after 51 usecs
[    9.651699] calling  nfnetlink_init+0x0/0x57 @ 1
[    9.659821] initcall nfnetlink_init+0x0/0x57 returned 0 after 351 usecs
[    9.669471] calling  nfnetlink_log_init+0x0/0x99 @ 1
[    9.677343] initcall nfnetlink_log_init+0x0/0x99 returned 0 after 146 usecs
[    9.689259] calling  nf_conntrack_standalone_init+0x0/0x87 @ 1
[    9.701509] initcall nf_conntrack_standalone_init+0x0/0x87 returned 0 after 2835 usecs
[    9.716309] calling  ctnetlink_init+0x0/0x83 @ 1
[    9.724906] initcall ctnetlink_init+0x0/0x83 returned 0 after 3 usecs
[    9.736318] calling  nf_conntrack_ftp_init+0x0/0x12c @ 1
[    9.744828] initcall nf_conntrack_ftp_init+0x0/0x12c returned 0 after 45 usecs
[    9.756331] calling  nf_conntrack_irc_init+0x0/0x129 @ 1
[    9.765768] initcall nf_conntrack_irc_init+0x0/0x129 returned 0 after 160 usecs
[    9.777845] calling  nf_conntrack_sip_init+0x0/0x172 @ 1
[    9.786148] initcall nf_conntrack_sip_init+0x0/0x172 returned 0 after 8 usecs
[    9.797296] calling  nf_nat_init+0x0/0xbb @ 1
[    9.804963] initcall nf_nat_init+0x0/0xbb returned 0 after 720 usecs
[    9.815055] calling  nf_nat_ftp_init+0x0/0x2a @ 1
[    9.822621] initcall nf_nat_ftp_init+0x0/0x2a returned 0 after 1 usecs
[    9.832950] calling  nf_nat_irc_init+0x0/0x2a @ 1
[    9.840806] initcall nf_nat_irc_init+0x0/0x2a returned 0 after 1 usecs
[    9.851519] calling  nf_nat_sip_init+0x0/0x36 @ 1
[    9.859315] initcall nf_nat_sip_init+0x0/0x36 returned 0 after 1 usecs
[    9.870393] calling  xt_init+0x0/0xcf @ 1
[    9.877564] initcall xt_init+0x0/0xcf returned 0 after 185 usecs
[    9.887683] calling  tcpudp_mt_init+0x0/0x11 @ 1
[    9.895153] initcall tcpudp_mt_init+0x0/0x11 returned 0 after 179 usecs
[    9.905277] calling  connsecmark_tg_init+0x0/0xc @ 1
[    9.913635] initcall connsecmark_tg_init+0x0/0xc returned 0 after 2 usecs
[    9.925922] calling  nflog_tg_init+0x0/0xc @ 1
[    9.933712] initcall nflog_tg_init+0x0/0xc returned 0 after 1 usecs
[    9.944595] calling  secmark_tg_init+0x0/0x11 @ 1
[    9.952464] initcall secmark_tg_init+0x0/0x11 returned 0 after 1 usecs
[    9.963295] calling  tcpmss_tg_init+0x0/0x11 @ 1
[    9.971021] initcall tcpmss_tg_init+0x0/0x11 returned 0 after 1 usecs
[    9.982420] calling  conntrack_mt_init+0x0/0x11 @ 1
[    9.991561] initcall conntrack_mt_init+0x0/0x11 returned 0 after 2 usecs
[   10.003542] calling  policy_mt_init+0x0/0x11 @ 1
[   10.010927] initcall policy_mt_init+0x0/0x11 returned 0 after 1 usecs
[   10.020597] calling  state_mt_init+0x0/0xc @ 1
[   10.027500] initcall state_mt_init+0x0/0xc returned 0 after 1 usecs
[   10.037883] calling  gre_offload_init+0x0/0x48 @ 1
[   10.045761] initcall gre_offload_init+0x0/0x48 returned 0 after 437 usecs
[   10.057636] calling  sysctl_ipv4_init+0x0/0x46 @ 1
[   10.066856] initcall sysctl_ipv4_init+0x0/0x46 returned 0 after 451 usecs
[   10.079257] calling  tunnel4_init+0x0/0x58 @ 1
[   10.087452] initcall tunnel4_init+0x0/0x58 returned 0 after 150 usecs
[   10.098614] calling  nf_defrag_init+0x0/0xc @ 1
[   10.106776] initcall nf_defrag_init+0x0/0xc returned 0 after 28 usecs
[   10.118639] calling  ip_tables_init+0x0/0x8d @ 1
[   10.127308] initcall ip_tables_init+0x0/0x8d returned 0 after 262 usecs
[   10.139512] calling  iptable_filter_init+0x0/0x4c @ 1
[   10.150338] initcall iptable_filter_init+0x0/0x4c returned 0 after 1878 usecs
[   10.163069] calling  iptable_mangle_init+0x0/0xb8 @ 1
[   10.172703] initcall iptable_mangle_init+0x0/0xb8 returned 0 after 209 usecs
[   10.184896] calling  reject_tg_init+0x0/0xc @ 1
[   10.193090] initcall reject_tg_init+0x0/0xc returned 0 after 1 usecs
[   10.204595] calling  cubictcp_register+0x0/0x53 @ 1
[   10.213498] initcall cubictcp_register+0x0/0x53 returned 0 after 141 usecs
[   10.225257] calling  xfrm_user_init+0x0/0x45 @ 1
[   10.233522] Initializing XFRM netlink socket
[   10.241444] initcall xfrm_user_init+0x0/0x45 returned 0 after 7787 usecs
[   10.253674] calling  inet6_init+0x0/0x35e @ 1
[   10.265386] NET: Registered protocol family 10
[   10.296876] input: ImExPS/2 Generic Explorer Mouse as /devices/platform/i8042/serio1/input/input3
[   11.094767] Segment Routing with IPv6
[   11.101466] initcall inet6_init+0x0/0x35e returned 0 after 820267 usecs
[   11.113107] calling  ah6_init+0x0/0x71 @ 1
[   11.119728] initcall ah6_init+0x0/0x71 returned 0 after 159 usecs
[   11.129835] calling  esp6_init+0x0/0x71 @ 1
[   11.135973] initcall esp6_init+0x0/0x71 returned 0 after 0 usecs
[   11.145380] calling  ip6_tables_init+0x0/0x8d @ 1
[   11.152577] initcall ip6_tables_init+0x0/0x8d returned 0 after 76 usecs
[   11.162239] calling  ip6table_filter_init+0x0/0x4c @ 1
[   11.171366] initcall ip6table_filter_init+0x0/0x4c returned 0 after 1043 usecs
[   11.182526] calling  ip6table_mangle_init+0x0/0xb8 @ 1
[   11.190793] initcall ip6table_mangle_init+0x0/0xb8 returned 0 after 194 usecs
[   11.201957] calling  nf_defrag_init+0x0/0x45 @ 1
[   11.209800] initcall nf_defrag_init+0x0/0x45 returned 0 after 178 usecs
[   11.220407] calling  ipv6header_mt6_init+0x0/0xc @ 1
[   11.228492] initcall ipv6header_mt6_init+0x0/0xc returned 0 after 0 usecs
[   11.240040] calling  reject_tg6_init+0x0/0xc @ 1
[   11.247891] initcall reject_tg6_init+0x0/0xc returned 0 after 0 usecs
[   11.259469] calling  sit_init+0x0/0xc3 @ 1
[   11.266706] sit: IPv6, IPv4 and MPLS over IPv4 tunneling driver
[   11.283927] initcall sit_init+0x0/0xc3 returned 0 after 16813 usecs
[   11.294918] calling  packet_init+0x0/0x75 @ 1
[   11.302456] NET: Registered protocol family 17
[   11.309694] initcall packet_init+0x0/0x75 returned 0 after 7065 usecs
[   11.319428] calling  init_rpcsec_gss+0x0/0x60 @ 1
[   11.328323] initcall init_rpcsec_gss+0x0/0x60 returned 0 after 1076 usecs
[   11.338665] calling  init_dns_resolver+0x0/0xca @ 1
[   11.347533] Key type dns_resolver registered
[   11.353939] initcall init_dns_resolver+0x0/0xca returned 0 after 6708 usecs
[   11.365078] calling  pm_check_save_msr+0x0/0x70 @ 1
[   11.373580] initcall pm_check_save_msr+0x0/0x70 returned 0 after 713 usecs
[   11.383828] calling  mcheck_init_device+0x0/0x112 @ 1
[   11.394094] initcall mcheck_init_device+0x0/0x112 returned 0 after 3084 usecs
[   11.413500] calling  mcheck_late_init+0x0/0x58 @ 1
[   11.420669] initcall mcheck_late_init+0x0/0x58 returned 0 after 460 usecs
[   11.429935] calling  severities_debugfs_init+0x0/0x29 @ 1
[   11.437448] initcall severities_debugfs_init+0x0/0x29 returned 0 after 424 usecs
[   11.447788] calling  microcode_init+0x0/0x1bd @ 1
[   11.454695] initcall microcode_init+0x0/0x1bd returned -22 after 70 usecs
[   11.464701] calling  hpet_insert_resource+0x0/0x22 @ 1
[   11.472701] initcall hpet_insert_resource+0x0/0x22 returned 0 after 562 usecs
[   11.482375] calling  start_sync_check_timer+0x0/0x4f @ 1
