c[?7l[2J[0mSeaBIOS (version 1.16.0-debian-1.16.0-4)
Booting from ROM...
early console in setup code
c[?7l[2J[    0.000000] Linux version 5.10.153+ (root@joelboxx.c.googlers.com) (gcc (Debian 12.2.0-3) 12.2.0, GNU ld (GNU Binutils for Debian) 2.39) #14 Tue Dec 13 07:27:38 UTC 2022
[    0.000000] Command line: selinux=0 initcall_debug debug console=ttyS0 rcutorture.torture_type=srcu rcutorture.n_barrier_cbs=4 rcutorture.stat_interval=15 rcutorture.shutdown_secs=1800 rcutorture.test_no_idle_hz=1 rcutorture.verbose=1
[    0.000000] x86/fpu: x87 FPU will use FXSAVE
[    0.000000] BIOS-provided physical RAM map:
[    0.000000] BIOS-e820: [mem 0x0000000000000000-0x000000000009fbff] usable
[    0.000000] BIOS-e820: [mem 0x000000000009fc00-0x000000000009ffff] reserved
[    0.000000] BIOS-e820: [mem 0x00000000000f0000-0x00000000000fffff] reserved
[    0.000000] BIOS-e820: [mem 0x0000000000100000-0x000000001ffdefff] usable
[    0.000000] BIOS-e820: [mem 0x000000001ffdf000-0x000000001fffffff] reserved
[    0.000000] BIOS-e820: [mem 0x00000000b0000000-0x00000000bfffffff] reserved
[    0.000000] BIOS-e820: [mem 0x00000000fed1c000-0x00000000fed1ffff] reserved
[    0.000000] BIOS-e820: [mem 0x00000000feffc000-0x00000000feffffff] reserved
[    0.000000] BIOS-e820: [mem 0x00000000fffc0000-0x00000000ffffffff] reserved
[    0.000000] NX (Execute Disable) protection: active
[    0.000000] SMBIOS 2.8 present.
[    0.000000] DMI: QEMU Standard PC (Q35 + ICH9, 2009), BIOS 1.16.0-debian-1.16.0-4 04/01/2014
[    0.000000] Hypervisor detected: KVM
[    0.000000] kvm-clock: Using msrs 4b564d01 and 4b564d00
[    0.000000] kvm-clock: cpu 0, msr 503f001, primary cpu clock
[    0.000001] kvm-clock: using sched offset of 2494519951 cycles
[    0.000338] clocksource: kvm-clock: mask: 0xffffffffffffffff max_cycles: 0x1cd42e4dffb, max_idle_ns: 881590591483 ns
[    0.000396] tsc: Detected 1999.999 MHz processor
[    0.008453] e820: update [mem 0x00000000-0x00000fff] usable ==> reserved
[    0.008457] e820: remove [mem 0x000a0000-0x000fffff] usable
[    0.008464] last_pfn = 0x1ffdf max_arch_pfn = 0x400000000
[    0.009364] MTRR default type: write-back
[    0.009441] MTRR fixed ranges enabled:
[    0.009443]   00000-9FFFF write-back
[    0.009444]   A0000-BFFFF uncachable
[    0.009445]   C0000-FFFFF write-protect
[    0.009446] MTRR variable ranges enabled:
[    0.009448]   0 base 00C0000000 mask FFC0000000 uncachable
[    0.009448]   1 disabled
[    0.009449]   2 disabled
[    0.009450]   3 disabled
[    0.009450]   4 disabled
[    0.009451]   5 disabled
[    0.009451]   6 disabled
[    0.009452]   7 disabled
[    0.009936] x86/PAT: Configuration [0-7]: WB  WC  UC- UC  WB  WC  UC- UC  
[    0.019499] found SMP MP-table at [mem 0x000f5ba0-0x000f5baf]
[    0.022197] check: Scanning 1 areas for low memory corruption
[    0.032655] ACPI: Early table checksum verification disabled
[    0.035196] ACPI: RSDP 0x00000000000F59E0 000014 (v00 BOCHS )
[    0.035482] ACPI: RSDT 0x000000001FFE229A 000038 (v01 BOCHS  BXPC     00000001 BXPC 00000001)
[    0.035769] ACPI: FACP 0x000000001FFE2092 0000F4 (v03 BOCHS  BXPC     00000001 BXPC 00000001)
[    0.035881] ACPI: DSDT 0x000000001FFE0040 002052 (v01 BOCHS  BXPC     00000001 BXPC 00000001)
[    0.035887] ACPI: FACS 0x000000001FFE0000 000040
[    0.035891] ACPI: APIC 0x000000001FFE2186 000078 (v01 BOCHS  BXPC     00000001 BXPC 00000001)
[    0.035895] ACPI: HPET 0x000000001FFE21FE 000038 (v01 BOCHS  BXPC     00000001 BXPC 00000001)
[    0.035898] ACPI: MCFG 0x000000001FFE2236 00003C (v01 BOCHS  BXPC     00000001 BXPC 00000001)
[    0.035902] ACPI: WAET 0x000000001FFE2272 000028 (v01 BOCHS  BXPC     00000001 BXPC 00000001)
[    0.035906] ACPI: Reserving FACP table memory at [mem 0x1ffe2092-0x1ffe2185]
[    0.035908] ACPI: Reserving DSDT table memory at [mem 0x1ffe0040-0x1ffe2091]
[    0.035909] ACPI: Reserving FACS table memory at [mem 0x1ffe0000-0x1ffe003f]
[    0.035910] ACPI: Reserving APIC table memory at [mem 0x1ffe2186-0x1ffe21fd]
[    0.035910] ACPI: Reserving HPET table memory at [mem 0x1ffe21fe-0x1ffe2235]
[    0.035911] ACPI: Reserving MCFG table memory at [mem 0x1ffe2236-0x1ffe2271]
[    0.035912] ACPI: Reserving WAET table memory at [mem 0x1ffe2272-0x1ffe2299]
[    0.036820] ACPI: Local APIC address 0xfee00000
[    0.039320] Zone ranges:
[    0.039536]   DMA      [mem 0x0000000000001000-0x0000000000ffffff]
[    0.039708]   DMA32    [mem 0x0000000001000000-0x000000001ffdefff]
[    0.039823]   Normal   empty
[    0.039824] Movable zone start for each node
[    0.039825] Early memory node ranges
[    0.039826]   node   0: [mem 0x0000000000001000-0x000000000009efff]
[    0.039910]   node   0: [mem 0x0000000000100000-0x000000001ffdefff]
[    0.039996] Initmem setup node 0 [mem 0x0000000000001000-0x000000001ffdefff]
[    0.039998] On node 0 totalpages: 130941
[    0.040217]   DMA zone: 64 pages used for memmap
[    0.040219]   DMA zone: 21 pages reserved
[    0.040310]   DMA zone: 3998 pages, LIFO batch:0
[    0.040311]   DMA32 zone: 1984 pages used for memmap
[    0.040312]   DMA32 zone: 126943 pages, LIFO batch:31
[    0.041393] On node 0, zone DMA: 1 pages in unavailable ranges
[    0.048606] On node 0, zone DMA: 97 pages in unavailable ranges
[    0.154106] On node 0, zone DMA32: 33 pages in unavailable ranges
[    0.157815] ACPI: PM-Timer IO Port: 0x608
[    0.157819] ACPI: Local APIC address 0xfee00000
[    0.158098] ACPI: LAPIC_NMI (acpi_id[0xff] dfl dfl lint[0x1])
[    0.159538] IOAPIC[0]: apic_id 0, version 17, address 0xfec00000, GSI 0-23
[    0.159614] ACPI: INT_SRC_OVR (bus 0 bus_irq 0 global_irq 2 dfl dfl)
[    0.159775] ACPI: INT_SRC_OVR (bus 0 bus_irq 5 global_irq 5 high level)
[    0.159776] ACPI: INT_SRC_OVR (bus 0 bus_irq 9 global_irq 9 high level)
[    0.159919] ACPI: INT_SRC_OVR (bus 0 bus_irq 10 global_irq 10 high level)
[    0.159920] ACPI: INT_SRC_OVR (bus 0 bus_irq 11 global_irq 11 high level)
[    0.159922] ACPI: IRQ0 used by override.
[    0.159923] ACPI: IRQ5 used by override.
[    0.159924] ACPI: IRQ9 used by override.
[    0.159925] ACPI: IRQ10 used by override.
[    0.159925] ACPI: IRQ11 used by override.
[    0.159928] Using ACPI (MADT) for SMP configuration information
[    0.159930] ACPI: HPET id: 0x8086a201 base: 0xfed00000
[    0.161036] kvm-guest: stealtime: cpu 0, msr 484c780
[    0.162248] PM: hibernation: Registered nosave memory: [mem 0x00000000-0x00000fff]
[    0.162250] PM: hibernation: Registered nosave memory: [mem 0x0009f000-0x0009ffff]
[    0.162251] PM: hibernation: Registered nosave memory: [mem 0x000a0000-0x000effff]
[    0.162252] PM: hibernation: Registered nosave memory: [mem 0x000f0000-0x000fffff]
[    0.162254] [mem 0x20000000-0xafffffff] available for PCI devices
[    0.162329] Booting paravirtualized kernel on KVM
[    0.163029] clocksource: refined-jiffies: mask: 0xffffffff max_cycles: 0xffffffff, max_idle_ns: 1910969940391419 ns
[    0.202034] pcpu-alloc: s0 r0 d32768 u32768 alloc=1*32768
[    0.202158] pcpu-alloc: [0] 0 
[    0.202663] Built 1 zonelists, mobility grouping on.  Total pages: 128872
[    0.202838] Kernel command line: selinux=0 initcall_debug debug console=ttyS0 rcutorture.torture_type=srcu rcutorture.n_barrier_cbs=4 rcutorture.stat_interval=15 rcutorture.shutdown_secs=1800 rcutorture.test_no_idle_hz=1 rcutorture.verbose=1
[    0.220957] Dentry cache hash table entries: 65536 (order: 7, 524288 bytes, linear)
[    0.225775] Inode-cache hash table entries: 32768 (order: 6, 262144 bytes, linear)
[    0.226996] mem auto-init: stack:all(zero), heap alloc:off, heap free:off
[    0.235981] Memory: 481560K/523764K available (14349K kernel code, 2609K rwdata, 4612K rodata, 1248K init, 1892K bss, 41944K reserved, 0K cma-reserved)
[    0.237129] SLUB: HWalign=64, Order=0-3, MinObjects=0, CPUs=1, Nodes=1
[    0.237890] Kernel/User page tables isolation: enabled
[    0.267214] NR_IRQS: 4352, nr_irqs: 256, preallocated irqs: 16
[    0.276493] calling  con_init+0x0/0x22a @ 0
[    0.467408] Console: colour VGA+ 80x25
[    0.467421] initcall con_init+0x0/0x22a returned 0 after 0 usecs
[    0.467425] calling  hvc_console_init+0x0/0x13 @ 0
[    0.467465] initcall hvc_console_init+0x0/0x13 returned 0 after 0 usecs
[    0.467467] calling  univ8250_console_init+0x0/0x26 @ 0
[    1.308194] printk: console [ttyS0] enabled
[    1.312863] initcall univ8250_console_init+0x0/0x26 returned 0 after 0 usecs
[    1.320701] ACPI: Core revision 20200925
[    1.326235] clocksource: hpet: mask: 0xffffffff max_cycles: 0xffffffff, max_idle_ns: 19112604467 ns
[    1.337999] APIC: Switch to symmetric I/O mode setup
[    1.362999] ..TIMER: vector=0x30 apic1=0 pin1=2 apic2=-1 pin2=-1
[    1.369930] clocksource: tsc-early: mask: 0xffffffffffffffff max_cycles: 0x39a85afc727, max_idle_ns: 881590685098 ns
[    1.381620] Calibrating delay loop (skipped) preset value.. 3999.99 BogoMIPS (lpj=1999999)
[    1.382603] pid_max: default: 32768 minimum: 301
[    1.383754] LSM: Security Framework initializing
[    1.385700] Mount-cache hash table entries: 1024 (order: 1, 8192 bytes, linear)
[    1.386631] Mountpoint-cache hash table entries: 1024 (order: 1, 8192 bytes, linear)
[    1.393163] Last level iTLB entries: 4KB 0, 2MB 0, 4MB 0
[    1.393602] Last level dTLB entries: 4KB 0, 2MB 0, 4MB 0, 1GB 0
[    1.394604] CPU: Intel Common KVM processor (family: 0xf, model: 0x6, stepping: 0x1)
[    1.395625] Spectre V1 : Mitigation: usercopy/swapgs barriers and __user pointer sanitization
[    1.396604] Spectre V2 : Mitigation: Retpolines
[    1.397602] Spectre V2 : Spectre v2 / SpectreRSB mitigation: Filling RSB on context switch
[    1.398602] Spectre V2 : Spectre v2 / SpectreRSB : Filling RSB on VMEXIT
[    1.399603] Speculative Store Bypass: Vulnerable
[    1.400625] MDS: Vulnerable: Clear CPU buffers attempted, no microcode
[    1.401602] MMIO Stale Data: Unknown: No mitigations
[    1.451513] calling  init_hw_perf_events+0x0/0x6ce @ 1
[    1.451604] Performance Events: unsupported Netburst CPU model 6 no PMU driver, software events only.
[    1.452611] initcall init_hw_perf_events+0x0/0x6ce returned 0 after 976 usecs
[    1.453609] calling  init_real_mode+0x0/0x1e9 @ 1
[    1.454999] initcall init_real_mode+0x0/0x1e9 returned 0 after 0 usecs
[    1.455608] calling  trace_init_perf_perm_irq_work_exit+0x0/0x12 @ 1
[    1.456608] initcall trace_init_perf_perm_irq_work_exit+0x0/0x12 returned 0 after 0 usecs
[    1.457620] calling  validate_x2apic+0x0/0x4a @ 1
[    1.458631] initcall validate_x2apic+0x0/0x4a returned 0 after 0 usecs
[    1.459606] calling  register_nmi_cpu_backtrace_handler+0x0/0x15 @ 1
[    1.460606] initcall register_nmi_cpu_backtrace_handler+0x0/0x15 returned 0 after 0 usecs
[    1.461607] calling  kvm_setup_vsyscall_timeinfo+0x0/0x34 @ 1
[    1.462607] initcall kvm_setup_vsyscall_timeinfo+0x0/0x34 returned 0 after 0 usecs
[    1.463608] calling  spawn_ksoftirqd+0x0/0x34 @ 1
[    1.464757] initcall spawn_ksoftirqd+0x0/0x34 returned 0 after 0 usecs
[    1.465653] calling  trace_init_flags_sys_enter+0x0/0xe @ 1
[    1.467626] initcall trace_init_flags_sys_enter+0x0/0xe returned 0 after 0 usecs
[    1.468606] calling  trace_init_flags_sys_exit+0x0/0xe @ 1
[    1.469606] initcall trace_init_flags_sys_exit+0x0/0xe returned 0 after 0 usecs
[    1.470607] calling  init_kprobes+0x0/0x14d @ 1
[    1.473091] initcall init_kprobes+0x0/0x14d returned 0 after 976 usecs
[    1.473620] calling  init_events+0x0/0x3d @ 1
[    1.475646] initcall init_events+0x0/0x3d returned 0 after 0 usecs
[    1.476606] calling  init_trace_printk+0x0/0xc @ 1
[    1.477606] initcall init_trace_printk+0x0/0xc returned 0 after 0 usecs
[    1.478606] calling  event_trace_enable_again+0x0/0x23 @ 1
[    1.479623] initcall event_trace_enable_again+0x0/0x23 returned 0 after 0 usecs
[    1.480607] calling  static_call_init+0x0/0x6d @ 1
[    1.481607] initcall static_call_init+0x0/0x6d returned 0 after 0 usecs
[    1.482607] calling  jump_label_init_module+0x0/0xc @ 1
[    1.483607] initcall jump_label_init_module+0x0/0xc returned 0 after 0 usecs
[    1.484607] calling  init_zero_pfn+0x0/0x37 @ 1
[    1.485606] initcall init_zero_pfn+0x0/0x37 returned 0 after 0 usecs
[    1.486607] calling  initialize_ptr_random+0x0/0x54 @ 1
[    1.487606] initcall initialize_ptr_random+0x0/0x54 returned 0 after 0 usecs
[    1.488630] calling  efi_memreserve_root_init+0x0/0x25 @ 1
[    1.489630] initcall efi_memreserve_root_init+0x0/0x25 returned 0 after 0 usecs
[    1.490620] calling  efi_earlycon_remap_fb+0x0/0x51 @ 1
[    1.491635] initcall efi_earlycon_remap_fb+0x0/0x51 returned 0 after 0 usecs
[    1.595826] devtmpfs: initialized
[    1.597859] calling  ipc_ns_init+0x0/0x3d @ 1
[    1.598662] initcall ipc_ns_init+0x0/0x3d returned 0 after 0 usecs
[    1.599608] calling  init_mmap_min_addr+0x0/0x21 @ 1
[    1.600607] initcall init_mmap_min_addr+0x0/0x21 returned 0 after 0 usecs
[    1.601606] calling  pci_realloc_setup_params+0x0/0x3f @ 1
[    1.602606] initcall pci_realloc_setup_params+0x0/0x3f returned 0 after 0 usecs
[    1.603606] calling  net_ns_init+0x0/0x128 @ 1
[    1.604883] initcall net_ns_init+0x0/0x128 returned 0 after 0 usecs
[    1.605627] calling  e820__register_nvs_regions+0x0/0x37 @ 1
[    1.606609] initcall e820__register_nvs_regions+0x0/0x37 returned 0 after 0 usecs
[    1.607608] calling  cpufreq_register_tsc_scaling+0x0/0x2e @ 1
[    1.608609] initcall cpufreq_register_tsc_scaling+0x0/0x2e returned 0 after 0 usecs
[    1.609607] calling  reboot_init+0x0/0x3c @ 1
[    1.610643] initcall reboot_init+0x0/0x3c returned 0 after 0 usecs
[    1.611605] calling  init_lapic_sysfs+0x0/0x20 @ 1
[    1.612605] initcall init_lapic_sysfs+0x0/0x20 returned 0 after 0 usecs
[    1.613605] calling  wq_sysfs_init+0x0/0x2a @ 1
[    1.615675] initcall wq_sysfs_init+0x0/0x2a returned 0 after 976 usecs
[    1.616605] calling  ksysfs_init+0x0/0x92 @ 1
[    1.617613] initcall ksysfs_init+0x0/0x92 returned 0 after 0 usecs
[    1.618604] calling  pm_init+0x0/0x76 @ 1
[    1.619673] initcall pm_init+0x0/0x76 returned 0 after 0 usecs
[    1.620618] calling  pm_disk_init+0x0/0x13 @ 1
[    1.621636] initcall pm_disk_init+0x0/0x13 returned 0 after 0 usecs
[    1.622604] calling  swsusp_header_init+0x0/0x2b @ 1
[    1.623606] initcall swsusp_header_init+0x0/0x2b returned 0 after 0 usecs
[    1.624604] calling  rcu_set_runtime_mode+0x0/0x11 @ 1
[    1.625603] initcall rcu_set_runtime_mode+0x0/0x11 returned 0 after 0 usecs
[    1.626608] calling  init_jiffies_clocksource+0x0/0x13 @ 1
[    1.627604] clocksource: jiffies: mask: 0xffffffff max_cycles: 0xffffffff, max_idle_ns: 1911260446275000 ns
[    1.628607] initcall init_jiffies_clocksource+0x0/0x13 returned 0 after 976 usecs
[    1.629604] calling  futex_init+0x0/0xf4 @ 1
[    1.630606] futex hash table entries: 256 (order: 0, 6144 bytes, linear)
[    1.631710] initcall futex_init+0x0/0xf4 returned 0 after 976 usecs
[    1.632605] calling  cgroup_wq_init+0x0/0x28 @ 1
[    1.633609] initcall cgroup_wq_init+0x0/0x28 returned 0 after 0 usecs
[    1.634604] calling  cgroup1_wq_init+0x0/0x28 @ 1
[    1.635609] initcall cgroup1_wq_init+0x0/0x28 returned 0 after 0 usecs
[    1.636604] calling  init_kprobe_trace_early+0x0/0x2a @ 1
[    1.637607] initcall init_kprobe_trace_early+0x0/0x2a returned 0 after 0 usecs
[    1.638605] calling  fsnotify_init+0x0/0x48 @ 1
[    1.639611] initcall fsnotify_init+0x0/0x48 returned 0 after 0 usecs
[    1.640605] calling  filelock_init+0x0/0x60 @ 1
[    1.641611] initcall filelock_init+0x0/0x60 returned 0 after 0 usecs
[    1.642603] calling  init_misc_binfmt+0x0/0x2c @ 1
[    1.643604] initcall init_misc_binfmt+0x0/0x2c returned 0 after 0 usecs
[    1.644603] calling  init_script_binfmt+0x0/0x15 @ 1
[    1.645619] initcall init_script_binfmt+0x0/0x15 returned 0 after 0 usecs
[    1.646603] calling  init_elf_binfmt+0x0/0x15 @ 1
[    1.647604] initcall init_elf_binfmt+0x0/0x15 returned 0 after 0 usecs
[    1.648604] calling  init_compat_elf_binfmt+0x0/0x15 @ 1
[    1.649603] initcall init_compat_elf_binfmt+0x0/0x15 returned 0 after 0 usecs
[    1.650632] calling  debugfs_init+0x0/0x5c @ 1
[    1.651614] initcall debugfs_init+0x0/0x5c returned 0 after 0 usecs
[    1.652603] calling  tracefs_init+0x0/0x3a @ 1
[    1.653606] initcall tracefs_init+0x0/0x3a returned 0 after 0 usecs
[    1.654608] calling  prandom_init_early+0x0/0x111 @ 1
[    1.655608] initcall prandom_init_early+0x0/0x111 returned 0 after 0 usecs
[    1.656694] calling  virtio_init+0x0/0x20 @ 1
[    1.657630] initcall virtio_init+0x0/0x20 returned 0 after 0 usecs
[    1.658607] calling  iommu_init+0x0/0x2a @ 1
[    1.659611] initcall iommu_init+0x0/0x2a returned 0 after 0 usecs
[    1.660604] calling  component_debug_init+0x0/0x1c @ 1
[    1.661668] initcall component_debug_init+0x0/0x1c returned 0 after 0 usecs
[    1.662604] calling  early_resume_init+0x0/0xb9 @ 1
[    1.664602] PM: RTC time: 07:34:32, date: 2022-12-13
[    1.665605] initcall early_resume_init+0x0/0xb9 returned 0 after 1953 usecs
[    1.666605] calling  cpufreq_core_init+0x0/0x62 @ 1
[    1.667649] initcall cpufreq_core_init+0x0/0x62 returned 0 after 0 usecs
[    1.668605] calling  cpufreq_gov_performance_init+0x0/0xc @ 1
[    1.669605] initcall cpufreq_gov_performance_init+0x0/0xc returned 0 after 0 usecs
[    1.670632] calling  cpufreq_gov_userspace_init+0x0/0xc @ 1
[    1.672605] initcall cpufreq_gov_userspace_init+0x0/0xc returned 0 after 0 usecs
[    1.673604] calling  CPU_FREQ_GOV_ONDEMAND_init+0x0/0xc @ 1
[    1.674605] initcall CPU_FREQ_GOV_ONDEMAND_init+0x0/0xc returned 0 after 0 usecs
[    1.675604] calling  cpuidle_init+0x0/0x1f @ 1
[    1.676659] initcall cpuidle_init+0x0/0x1f returned 0 after 0 usecs
[    1.677607] calling  capsule_reboot_register+0x0/0xc @ 1
[    1.678623] initcall capsule_reboot_register+0x0/0xc returned 0 after 0 usecs
[    1.679604] calling  sock_init+0x0/0x93 @ 1
[    1.680874] initcall sock_init+0x0/0x93 returned 0 after 0 usecs
[    1.681604] calling  net_inuse_init+0x0/0x23 @ 1
[    1.682610] initcall net_inuse_init+0x0/0x23 returned 0 after 0 usecs
[    1.683604] calling  net_defaults_init+0x0/0x23 @ 1
[    1.684604] initcall net_defaults_init+0x0/0x23 returned 0 after 0 usecs
[    1.685603] calling  init_default_flow_dissectors+0x0/0x4f @ 1
[    1.686604] initcall init_default_flow_dissectors+0x0/0x4f returned 0 after 0 usecs
[    1.687603] calling  netpoll_init+0x0/0x25 @ 1
[    1.688603] initcall netpoll_init+0x0/0x25 returned 0 after 0 usecs
[    1.689602] calling  netlink_proto_init+0x0/0x14f @ 1
[    1.690865] NET: Registered protocol family 16
[    1.691615] initcall netlink_proto_init+0x0/0x14f returned 0 after 976 usecs
[    1.692603] calling  genl_init+0x0/0x35 @ 1
[    1.693610] initcall genl_init+0x0/0x35 returned 0 after 0 usecs
[    1.694621] calling  bsp_pm_check_init+0x0/0x13 @ 1
[    1.695604] initcall bsp_pm_check_init+0x0/0x13 returned 0 after 0 usecs
[    1.696618] calling  irq_sysfs_init+0x0/0xb7 @ 1
[    1.697740] initcall irq_sysfs_init+0x0/0xb7 returned 0 after 0 usecs
[    1.698604] calling  audit_init+0x0/0x15d @ 1
[    1.699610] audit: initializing netlink subsys (disabled)
[    1.700959] initcall audit_init+0x0/0x15d returned 0 after 976 usecs
[    1.701605] calling  release_early_probes+0x0/0x32 @ 1
[    1.702603] initcall release_early_probes+0x0/0x32 returned 0 after 0 usecs
[    1.703603] calling  bdi_class_init+0x0/0x48 @ 1
[    1.704633] initcall bdi_class_init+0x0/0x48 returned 0 after 0 usecs
[    1.705603] calling  mm_sysfs_init+0x0/0x28 @ 1
[    1.706607] initcall mm_sysfs_init+0x0/0x28 returned 0 after 0 usecs
[    1.707604] calling  init_per_zone_wmark_min+0x0/0x5e @ 1
[    1.708605] initcall init_per_zone_wmark_min+0x0/0x5e returned 0 after 0 usecs
[    1.709605] calling  mpi_init+0x0/0x3e @ 1
[    1.710626] initcall mpi_init+0x0/0x3e returned 0 after 0 usecs
[    1.711605] calling  kobject_uevent_init+0x0/0xc @ 1
[    1.712685] initcall kobject_uevent_init+0x0/0xc returned 0 after 0 usecs
[    1.713604] calling  pcibus_class_init+0x0/0x13 @ 1
[    1.714696] initcall pcibus_class_init+0x0/0x13 returned 0 after 0 usecs
[    1.716619] calling  pci_driver_init+0x0/0x21 @ 1
[    1.717646] initcall pci_driver_init+0x0/0x21 returned 0 after 0 usecs
[    1.718606] calling  backlight_class_init+0x0/0xa8 @ 1
[    1.719633] initcall backlight_class_init+0x0/0xa8 returned 0 after 0 usecs
[    1.720606] calling  tty_class_init+0x0/0x33 @ 1
[    1.721616] initcall tty_class_init+0x0/0x33 returned 0 after 0 usecs
[    1.722608] calling  vtconsole_class_init+0x0/0xb5 @ 1
[    1.723695] initcall vtconsole_class_init+0x0/0xb5 returned 0 after 0 usecs
[    1.724605] calling  iommu_dev_init+0x0/0x13 @ 1
[    1.725631] initcall iommu_dev_init+0x0/0x13 returned 0 after 0 usecs
[    1.726606] calling  mipi_dsi_bus_init+0x0/0xc @ 1
[    1.727656] initcall mipi_dsi_bus_init+0x0/0xc returned 0 after 0 usecs
[    1.728605] calling  devlink_class_init+0x0/0x40 @ 1
[    1.729612] initcall devlink_class_init+0x0/0x40 returned 0 after 0 usecs
[    1.730604] calling  software_node_init+0x0/0x2a @ 1
[    1.731608] initcall software_node_init+0x0/0x2a returned 0 after 0 usecs
[    1.732604] calling  wakeup_sources_debugfs_init+0x0/0x23 @ 1
[    1.733630] initcall wakeup_sources_debugfs_init+0x0/0x23 returned 0 after 0 usecs
[    1.734604] calling  wakeup_sources_sysfs_init+0x0/0x2c @ 1
[    1.735624] initcall wakeup_sources_sysfs_init+0x0/0x2c returned 0 after 0 usecs
[    1.736610] calling  regmap_initcall+0x0/0xc @ 1
[    1.737613] initcall regmap_initcall+0x0/0xc returned 0 after 0 usecs
[    1.738605] calling  i2c_init+0x0/0xb3 @ 1
[    1.739672] initcall i2c_init+0x0/0xb3 returned 0 after 0 usecs
[    1.740604] calling  thermal_init+0x0/0xf2 @ 1
[    1.741648] thermal_sys: Registered thermal governor 'step_wise'
[    1.741649] thermal_sys: Registered thermal governor 'user_space'
[    1.742615] initcall thermal_init+0x0/0xf2 returned 0 after 976 usecs
[    1.744606] calling  init_menu+0x0/0xc @ 1
[    1.745603] cpuidle: using governor menu
[    1.747606] initcall init_menu+0x0/0xc returned 0 after 1953 usecs
[    1.748605] calling  pcc_init+0x0/0x4d @ 1
[    1.749625] initcall pcc_init+0x0/0x4d returned -19 after 0 usecs
[    1.750606] calling  amd_postcore_init+0x0/0x11e @ 1
[    1.752607] initcall amd_postcore_init+0x0/0x11e returned 0 after 0 usecs
[    1.753628] calling  bts_init+0x0/0xba @ 1
[    1.754608] initcall bts_init+0x0/0xba returned -19 after 0 usecs
[    1.755606] calling  pt_init+0x0/0x2ef @ 1
[    1.757604] initcall pt_init+0x0/0x2ef returned -19 after 0 usecs
[    1.758606] calling  boot_params_ksysfs_init+0x0/0x2ee @ 1
[    1.759627] initcall boot_params_ksysfs_init+0x0/0x2ee returned 0 after 0 usecs
[    1.760603] calling  sbf_init+0x0/0xd1 @ 1
[    1.761607] initcall sbf_init+0x0/0xd1 returned 0 after 0 usecs
[    1.762608] calling  arch_kdebugfs_init+0x0/0x219 @ 1
[    1.764661] initcall arch_kdebugfs_init+0x0/0x219 returned 0 after 0 usecs
[    1.765605] calling  intel_pconfig_init+0x0/0x85 @ 1
[    1.766624] initcall intel_pconfig_init+0x0/0x85 returned 0 after 0 usecs
[    1.767605] calling  mtrr_if_init+0x0/0x5d @ 1
[    1.768611] initcall mtrr_if_init+0x0/0x5d returned 0 after 0 usecs
[    1.769606] calling  activate_jump_labels+0x0/0x31 @ 1
[    1.770605] initcall activate_jump_labels+0x0/0x31 returned 0 after 0 usecs
[    1.771608] calling  ffh_cstate_init+0x0/0x29 @ 1
[    1.772613] initcall ffh_cstate_init+0x0/0x29 returned 0 after 0 usecs
[    1.773607] calling  activate_jump_labels+0x0/0x31 @ 1
[    1.774651] initcall activate_jump_labels+0x0/0x31 returned 0 after 0 usecs
[    1.776607] calling  kvm_alloc_cpumask+0x0/0x2b @ 1
[    1.777630] initcall kvm_alloc_cpumask+0x0/0x2b returned 0 after 0 usecs
[    1.778606] calling  kcmp_cookies_init+0x0/0x37 @ 1
[    1.779614] initcall kcmp_cookies_init+0x0/0x37 returned 0 after 0 usecs
[    1.780608] calling  cryptomgr_init+0x0/0xc @ 1
[    1.781624] initcall cryptomgr_init+0x0/0xc returned 0 after 0 usecs
[    1.782606] calling  acpi_pci_init+0x0/0x57 @ 1
[    1.783605] ACPI: bus type PCI registered
[    1.784608] initcall acpi_pci_init+0x0/0x57 returned 0 after 976 usecs
[    1.786609] calling  dma_channel_table_init+0x0/0xce @ 1
[    1.787616] initcall dma_channel_table_init+0x0/0xce returned 0 after 0 usecs
[    1.788607] calling  dma_bus_init+0x0/0xdc @ 1
[    1.789657] initcall dma_bus_init+0x0/0xdc returned 0 after 0 usecs
[    1.790780] calling  iommu_dma_init+0x0/0x10 @ 1
[    1.792680] initcall iommu_dma_init+0x0/0x10 returned 0 after 0 usecs
[    1.793609] calling  dmi_id_init+0x0/0x37c @ 1
[    1.794801] initcall dmi_id_init+0x0/0x37c returned 0 after 0 usecs
[    1.795610] calling  pci_arch_init+0x0/0x71 @ 1
[    1.797606] PCI: MMCONFIG for domain 0000 [bus 00-ff] at [mem 0xb0000000-0xbfffffff] (base 0xb0000000)
[    1.798606] PCI: MMCONFIG at [mem 0xb0000000-0xbfffffff] reserved in E820
[    1.799620] PCI: Using configuration type 1 for base access
[    1.800650] initcall pci_arch_init+0x0/0x71 returned 0 after 3906 usecs
[    1.801620] calling  init_vdso+0x0/0x13 @ 1
[    1.802671] initcall init_vdso+0x0/0x13 returned 0 after 0 usecs
[    1.803606] calling  sysenter_setup+0x0/0x13 @ 1
[    1.804638] initcall sysenter_setup+0x0/0x13 returned 0 after 0 usecs
[    1.805605] calling  fixup_ht_bug+0x0/0x7f @ 1
[    1.806609] initcall fixup_ht_bug+0x0/0x7f returned 0 after 0 usecs
[    1.807606] calling  topology_init+0x0/0x15 @ 1
[    1.808675] initcall topology_init+0x0/0x15 returned 0 after 0 usecs
[    1.809605] calling  intel_epb_init+0x0/0x68 @ 1
[    1.810605] initcall intel_epb_init+0x0/0x68 returned -19 after 0 usecs
[    1.811604] calling  mtrr_init_finialize+0x0/0x3e @ 1
[    1.812642] initcall mtrr_init_finialize+0x0/0x3e returned 0 after 0 usecs
[    1.813605] calling  uid_cache_init+0x0/0x7b @ 1
[    1.814610] initcall uid_cache_init+0x0/0x7b returned 0 after 0 usecs
[    1.815606] calling  param_sysfs_init+0x0/0x1ba @ 1
[    1.820134] initcall param_sysfs_init+0x0/0x1ba returned 0 after 2929 usecs
[    1.820630] calling  user_namespace_sysctl_init+0x0/0x33 @ 1
[    1.821692] initcall user_namespace_sysctl_init+0x0/0x33 returned 0 after 0 usecs
[    1.822606] calling  proc_schedstat_init+0x0/0x24 @ 1
[    1.823611] initcall proc_schedstat_init+0x0/0x24 returned 0 after 0 usecs
[    1.824605] calling  pm_sysrq_init+0x0/0x18 @ 1
[    1.825606] initcall pm_sysrq_init+0x0/0x18 returned 0 after 0 usecs
[    1.826652] calling  create_proc_profile+0x0/0x50 @ 1
[    1.827606] initcall create_proc_profile+0x0/0x50 returned 0 after 0 usecs
[    1.828607] calling  time_ns_init+0x0/0x7 @ 1
[    1.829607] initcall time_ns_init+0x0/0x7 returned 0 after 0 usecs
[    1.830606] calling  crash_save_vmcoreinfo_init+0x0/0x756 @ 1
[    1.831820] initcall crash_save_vmcoreinfo_init+0x0/0x756 returned 0 after 0 usecs
[    1.832604] calling  crash_notes_memory_init+0x0/0x35 @ 1
[    1.833608] initcall crash_notes_memory_init+0x0/0x35 returned 0 after 0 usecs
[    1.834604] calling  cgroup_sysfs_init+0x0/0x13 @ 1
[    1.835659] initcall cgroup_sysfs_init+0x0/0x13 returned 0 after 0 usecs
[    1.836604] calling  cgroup_namespaces_init+0x0/0x7 @ 1
[    1.837606] initcall cgroup_namespaces_init+0x0/0x7 returned 0 after 0 usecs
[    1.838607] calling  init_optprobes+0x0/0x13 @ 1
[    1.839603] Kprobes globally optimized
[    1.840607] initcall init_optprobes+0x0/0x13 returned 0 after 976 usecs
[    1.841606] calling  oom_init+0x0/0x2f @ 1
[    1.842790] audit: type=2000 audit(1670916871.839:1): state=initialized audit_enabled=0 res=1
[    1.843617] initcall oom_init+0x0/0x2f returned 0 after 976 usecs
[    1.844606] calling  default_bdi_init+0x0/0x35 @ 1
[    1.845745] initcall default_bdi_init+0x0/0x35 returned 0 after 0 usecs
[    1.848599] calling  percpu_enable_async+0x0/0xe @ 1
[    1.849733] initcall percpu_enable_async+0x0/0xe returned 0 after 0 usecs
[    1.851606] calling  kcompactd_init+0x0/0x46 @ 1
[    1.857040] initcall kcompactd_init+0x0/0x46 returned 0 after 3906 usecs
[    1.857802] calling  init_user_reserve+0x0/0x30 @ 1
[    1.858648] initcall init_user_reserve+0x0/0x30 returned 0 after 0 usecs
[    1.859606] calling  init_admin_reserve+0x0/0x30 @ 1
[    1.860605] initcall init_admin_reserve+0x0/0x30 returned 0 after 0 usecs
[    1.861657] calling  init_reserve_notifier+0x0/0x7 @ 1
[    1.862638] initcall init_reserve_notifier+0x0/0x7 returned 0 after 0 usecs
[    1.863608] calling  swap_init_sysfs+0x0/0x62 @ 1
[    1.865151] initcall swap_init_sysfs+0x0/0x62 returned 0 after 0 usecs
[    1.865608] calling  swapfile_init+0x0/0x46 @ 1
[    1.866609] initcall swapfile_init+0x0/0x46 returned 0 after 0 usecs
[    1.867605] calling  hugetlb_init+0x0/0x430 @ 1
[    1.868756] HugeTLB registered 2.00 MiB page size, pre-allocated 0 pages
[    1.869724] initcall hugetlb_init+0x0/0x430 returned 0 after 976 usecs
[    1.870605] calling  io_wq_init+0x0/0x34 @ 1
[    1.872620] initcall io_wq_init+0x0/0x34 returned 0 after 976 usecs
[    1.873647] calling  seqiv_module_init+0x0/0xc @ 1
[    1.874824] initcall seqiv_module_init+0x0/0xc returned 0 after 0 usecs
[    1.875632] calling  echainiv_module_init+0x0/0xc @ 1
[    1.876609] initcall echainiv_module_init+0x0/0xc returned 0 after 0 usecs
[    1.877776] calling  rsa_init+0x0/0x50 @ 1
[    1.880503] cryptomgr_test (17) used greatest stack depth: 15544 bytes left
[    1.880723] initcall rsa_init+0x0/0x50 returned 0 after 1953 usecs
[    1.881607] calling  crypto_cmac_module_init+0x0/0xc @ 1
[    1.882652] initcall crypto_cmac_module_init+0x0/0xc returned 0 after 0 usecs
[    1.883606] calling  hmac_module_init+0x0/0xc @ 1
[    1.884605] initcall hmac_module_init+0x0/0xc returned 0 after 0 usecs
[    1.885610] calling  crypto_null_mod_init+0x0/0x65 @ 1
[    1.886863] initcall crypto_null_mod_init+0x0/0x65 returned 0 after 0 usecs
[    1.887608] calling  md5_mod_init+0x0/0xc @ 1
[    1.888665] initcall md5_mod_init+0x0/0xc returned 0 after 0 usecs
[    1.889608] calling  sha256_generic_mod_init+0x0/0x11 @ 1
[    1.891637] initcall sha256_generic_mod_init+0x0/0x11 returned 0 after 976 usecs
[    1.892609] calling  crypto_cbc_module_init+0x0/0xc @ 1
[    1.893607] initcall crypto_cbc_module_init+0x0/0xc returned 0 after 0 usecs
[    1.894607] calling  crypto_ctr_module_init+0x0/0x11 @ 1
[    1.895633] initcall crypto_ctr_module_init+0x0/0x11 returned 0 after 0 usecs
[    1.896612] calling  crypto_gcm_module_init+0x0/0x64 @ 1
[    1.897977] initcall crypto_gcm_module_init+0x0/0x64 returned 0 after 0 usecs
[    1.899612] calling  crypto_ccm_module_init+0x0/0x11 @ 1
[    1.901610] initcall crypto_ccm_module_init+0x0/0x11 returned 0 after 0 usecs
[    1.902608] calling  aes_init+0x0/0xc @ 1
[    1.903677] initcall aes_init+0x0/0xc returned 0 after 0 usecs
[    1.904609] calling  crc32c_mod_init+0x0/0xc @ 1
[    1.905664] initcall crc32c_mod_init+0x0/0xc returned 0 after 0 usecs
[    1.906607] calling  crypto_authenc_module_init+0x0/0xc @ 1
[    1.907607] initcall crypto_authenc_module_init+0x0/0xc returned 0 after 0 usecs
[    1.908605] calling  crypto_authenc_esn_module_init+0x0/0xc @ 1
[    1.909609] initcall crypto_authenc_esn_module_init+0x0/0xc returned 0 after 0 usecs
[    1.910606] calling  drbg_init+0x0/0x7c @ 1
[    1.912719] initcall drbg_init+0x0/0x7c returned 0 after 976 usecs
[    1.913606] calling  ghash_mod_init+0x0/0xc @ 1
[    1.914665] initcall ghash_mod_init+0x0/0xc returned 0 after 0 usecs
[    1.915607] calling  init_bio+0x0/0x9a @ 1
[    1.917091] initcall init_bio+0x0/0x9a returned 0 after 0 usecs
[    1.917605] calling  blk_settings_init+0x0/0x29 @ 1
[    1.919604] initcall blk_settings_init+0x0/0x29 returned 0 after 0 usecs
[    1.920605] calling  blk_ioc_init+0x0/0x29 @ 1
[    1.921609] initcall blk_ioc_init+0x0/0x29 returned 0 after 0 usecs
[    1.922605] calling  blk_mq_init+0x0/0x96 @ 1
[    1.923638] initcall blk_mq_init+0x0/0x96 returned 0 after 0 usecs
[    1.924605] calling  genhd_device_init+0x0/0x75 @ 1
[    1.927381] initcall genhd_device_init+0x0/0x75 returned 0 after 976 usecs
[    1.927693] calling  pci_slot_init+0x0/0x40 @ 1
[    1.928747] initcall pci_slot_init+0x0/0x40 returned 0 after 0 usecs
[    1.929605] calling  fbmem_init+0x0/0xd8 @ 1
[    1.932409] initcall fbmem_init+0x0/0xd8 returned 0 after 976 usecs
[    1.932605] calling  acpi_init+0x0/0x316 @ 1
[    1.934648] ACPI: Added _OSI(Module Device)
[    1.935602] ACPI: Added _OSI(Processor Device)
[    1.936602] ACPI: Added _OSI(3.0 _SCP Extensions)
[    1.937602] ACPI: Added _OSI(Processor Aggregator Device)
[    1.938604] ACPI: Added _OSI(Linux-Dell-Video)
[    1.939602] ACPI: Added _OSI(Linux-Lenovo-NV-HDMI-Audio)
[    1.940602] ACPI: Added _OSI(Linux-HPI-Hybrid-Graphics)
[    1.944999] ACPI: 1 ACPI AML tables successfully acquired and loaded
[    1.951003] ACPI: Interpreter enabled
[    1.952703] ACPI: (supports S0 S3 S4 S5)
[    1.953676] ACPI: Using IOAPIC for interrupt routing
[    1.955666] PCI: Using host bridge windows from ACPI; if necessary, use "pci=nocrs" and report a bug
[    1.956987] ACPI: Enabled 2 GPEs in block 00 to 3F
[    1.965869] ACPI: PCI Root Bridge [PCI0] (domain 0000 [bus 00-ff])
[    1.968719] acpi PNP0A08:00: _OSC: OS supports [ExtendedConfig ASPM ClockPM Segments MSI HPX-Type3]
[    1.969684] acpi PNP0A08:00: _OSC: platform does not support [LTR]
[    1.970672] acpi PNP0A08:00: _OSC: OS now controls [PME PCIeCapability]
[    1.971955] PCI host bridge to bus 0000:00
[    1.972619] pci_bus 0000:00: root bus resource [io  0x0000-0x0cf7 window]
[    1.973605] pci_bus 0000:00: root bus resource [io  0x0d00-0xffff window]
[    1.974605] pci_bus 0000:00: root bus resource [mem 0x000a0000-0x000bffff window]
[    1.975622] pci_bus 0000:00: root bus resource [mem 0x20000000-0xafffffff window]
[    1.976606] pci_bus 0000:00: root bus resource [mem 0xc0000000-0xfebfffff window]
[    1.977605] pci_bus 0000:00: root bus resource [mem 0x100000000-0x8ffffffff window]
[    1.978606] pci_bus 0000:00: root bus resource [bus 00-ff]
[    1.980933] pci 0000:00:00.0: calling  quirk_mmio_always_on+0x0/0x10 @ 1
[    1.981608] pci 0000:00:00.0: quirk_mmio_always_on+0x0/0x10 took 0 usecs
[    1.982605] pci 0000:00:00.0: [8086:29c0] type 00 class 0x060000
[    1.987161] pci 0000:00:00.0: calling  quirk_igfx_skip_te_disable+0x0/0x80 @ 1
[    1.987728] pci 0000:00:00.0: quirk_igfx_skip_te_disable+0x0/0x80 took 0 usecs
[    1.992308] pci 0000:00:01.0: [1234:1111] type 00 class 0x030000
[    2.000599] pci 0000:00:01.0: reg 0x10: [mem 0xfd000000-0xfdffffff pref]
[    2.010343] pci 0000:00:01.0: reg 0x18: [mem 0xfebf0000-0xfebf0fff]
[    2.031401] pci 0000:00:01.0: reg 0x30: [mem 0xfebe0000-0xfebeffff pref]
[    2.035597] pci 0000:00:01.0: calling  efifb_fixup_resources+0x0/0xf0 @ 1
[    2.036653] pci 0000:00:01.0: efifb_fixup_resources+0x0/0xf0 took 0 usecs
[    2.046276] pci 0000:00:1f.0: [8086:2918] type 00 class 0x060100
[    2.052709] pci 0000:00:1f.0: calling  quirk_ich7_lpc+0x0/0x60 @ 1
[    2.054807] pci 0000:00:1f.0: quirk: [io  0x0600-0x067f] claimed by ICH6 ACPI/GPIO/TCO
[    2.056156] pci 0000:00:1f.0: quirk_ich7_lpc+0x0/0x60 took 1953 usecs
[    2.056726] pci 0000:00:1f.0: calling  quirk_igfx_skip_te_disable+0x0/0x80 @ 1
[    2.057654] pci 0000:00:1f.0: quirk_igfx_skip_te_disable+0x0/0x80 took 0 usecs
[    2.061034] pci 0000:00:1f.2: [8086:2922] type 00 class 0x010601
[    2.071562] pci 0000:00:1f.2: reg 0x20: [io  0xc040-0xc05f]
[    2.073946] pci 0000:00:1f.2: reg 0x24: [mem 0xfebf1000-0xfebf1fff]
[    2.075803] pci 0000:00:1f.2: calling  quirk_igfx_skip_te_disable+0x0/0x80 @ 1
[    2.076608] pci 0000:00:1f.2: quirk_igfx_skip_te_disable+0x0/0x80 took 0 usecs
[    2.081244] pci 0000:00:1f.3: [8086:2930] type 00 class 0x0c0500
[    2.087023] pci 0000:00:1f.3: reg 0x20: [io  0x0700-0x073f]
[    2.090385] pci 0000:00:1f.3: calling  quirk_igfx_skip_te_disable+0x0/0x80 @ 1
[    2.090608] pci 0000:00:1f.3: quirk_igfx_skip_te_disable+0x0/0x80 took 0 usecs
[    2.093840] pci_bus 0000:00: on NUMA node 0
[    2.098130] ACPI: PCI Interrupt Link [LNKA] (IRQs 5 *10 11)
[    2.099727] ACPI: PCI Interrupt Link [LNKB] (IRQs 5 *10 11)
[    2.101042] ACPI: PCI Interrupt Link [LNKC] (IRQs 5 10 *11)
[    2.102038] ACPI: PCI Interrupt Link [LNKD] (IRQs 5 10 *11)
[    2.103062] ACPI: PCI Interrupt Link [LNKE] (IRQs 5 *10 11)
[    2.104762] ACPI: PCI Interrupt Link [LNKF] (IRQs 5 *10 11)
[    2.106055] ACPI: PCI Interrupt Link [LNKG] (IRQs 5 10 *11)
[    2.107847] ACPI: PCI Interrupt Link [LNKH] (IRQs 5 10 *11)
[    2.108814] ACPI: PCI Interrupt Link [GSIA] (IRQs *16)
[    2.110632] ACPI: PCI Interrupt Link [GSIB] (IRQs *17)
[    2.111614] ACPI: PCI Interrupt Link [GSIC] (IRQs *18)
[    2.112659] ACPI: PCI Interrupt Link [GSID] (IRQs *19)
[    2.113615] ACPI: PCI Interrupt Link [GSIE] (IRQs *20)
[    2.115699] ACPI: PCI Interrupt Link [GSIF] (IRQs *21)
[    2.116616] ACPI: PCI Interrupt Link [GSIG] (IRQs *22)
[    2.117613] ACPI: PCI Interrupt Link [GSIH] (IRQs *23)
[    2.122599] initcall acpi_init+0x0/0x316 returned 0 after 183593 usecs
[    2.123749] calling  pnp_init+0x0/0xc @ 1
[    2.124652] initcall pnp_init+0x0/0xc returned 0 after 0 usecs
[    2.125698] calling  misc_init+0x0/0xbf @ 1
[    2.126887] initcall misc_init+0x0/0xbf returned 0 after 0 usecs
[    2.127606] calling  iommu_subsys_init+0x0/0x4e @ 1
[    2.128716] iommu: Default domain type: Translated 
[    2.130606] initcall iommu_subsys_init+0x0/0x4e returned 0 after 1953 usecs
[    2.131609] calling  vga_arb_device_init+0x0/0x26c @ 1
[    2.137066] pci 0000:00:01.0: vgaarb: setting as boot VGA device
[    2.137599] pci 0000:00:01.0: vgaarb: VGA device added: decodes=io+mem,owns=io+mem,locks=none
[    2.137611] pci 0000:00:01.0: vgaarb: bridge control possible
[    2.138603] vgaarb: loaded
[    2.139607] initcall vga_arb_device_init+0x0/0x26c returned 0 after 6835 usecs
[    2.140808] calling  cn_init+0x0/0xf0 @ 1
[    2.142169] initcall cn_init+0x0/0xf0 returned 0 after 0 usecs
[    2.142607] calling  dma_buf_init+0x0/0xad @ 1
[    2.147771] initcall dma_buf_init+0x0/0xad returned 0 after 3906 usecs
[    2.148606] calling  init_scsi+0x0/0x79 @ 1
[    2.153418] SCSI subsystem initialized
[    2.154599] initcall init_scsi+0x0/0x79 returned 0 after 3906 usecs
[    2.155713] calling  ata_init+0x0/0x332 @ 1
[    2.171602] libata version 3.00 loaded.
[    2.172609] initcall ata_init+0x0/0x332 returned 0 after 15625 usecs
[    2.173608] calling  phy_init+0x0/0x250 @ 1
[    2.177495] initcall phy_init+0x0/0x250 returned 0 after 1953 usecs
[    2.178609] calling  init_pcmcia_cs+0x0/0x35 @ 1
[    2.179738] initcall init_pcmcia_cs+0x0/0x35 returned 0 after 0 usecs
[    2.180608] calling  usb_common_init+0x0/0x1c @ 1
[    2.182215] initcall usb_common_init+0x0/0x1c returned 0 after 0 usecs
[    2.182606] calling  usb_init+0x0/0x12e @ 1
[    2.184602] ACPI: bus type USB registered
[    2.190273] usbcore: registered new interface driver usbfs
[    2.191774] usbcore: registered new interface driver hub
[    2.193124] usbcore: registered new device driver usb
[    2.193608] initcall usb_init+0x0/0x12e returned 0 after 9765 usecs
[    2.194608] calling  serio_init+0x0/0x29 @ 1
[    2.196020] initcall serio_init+0x0/0x29 returned 0 after 0 usecs
[    2.196608] calling  input_init+0x0/0xf6 @ 1
[    2.198396] initcall input_init+0x0/0xf6 returned 0 after 0 usecs
[    2.198609] calling  rtc_init+0x0/0x4d @ 1
[    2.200900] initcall rtc_init+0x0/0x4d returned 0 after 0 usecs
[    2.201612] calling  pps_init+0x0/0xa9 @ 1
[    2.203615] pps_core: LinuxPPS API ver. 1 registered
[    2.204604] pps_core: Software ver. 5.3.6 - Copyright 2005-2007 Rodolfo Giometti <giometti@linux.it>
[    2.205610] initcall pps_init+0x0/0xa9 returned 0 after 2929 usecs
[    2.206608] calling  ptp_init+0x0/0x98 @ 1
[    2.207617] PTP clock support registered
[    2.208606] initcall ptp_init+0x0/0x98 returned 0 after 976 usecs
[    2.209607] calling  power_supply_class_init+0x0/0x3f @ 1
[    2.211523] initcall power_supply_class_init+0x0/0x3f returned 0 after 0 usecs
[    2.211606] calling  hwmon_init+0x0/0x104 @ 1
[    2.212784] initcall hwmon_init+0x0/0x104 returned 0 after 0 usecs
[    2.213607] calling  md_init+0x0/0x16b @ 1
[    2.218144] initcall md_init+0x0/0x16b returned 0 after 2929 usecs
[    2.218606] calling  leds_init+0x0/0x3b @ 1
[    2.220614] initcall leds_init+0x0/0x3b returned 0 after 976 usecs
[    2.221606] calling  dmi_init+0x0/0x113 @ 1
[    2.224942] initcall dmi_init+0x0/0x113 returned 0 after 1953 usecs
[    2.225606] calling  efisubsys_init+0x0/0x4e6 @ 1
[    2.226762] initcall efisubsys_init+0x0/0x4e6 returned 0 after 0 usecs
[    2.227605] calling  nvmem_init+0x0/0xc @ 1
[    2.229618] initcall nvmem_init+0x0/0xc returned 0 after 976 usecs
[    2.231605] calling  init_soundcore+0x0/0x33 @ 1
[    2.232617] initcall init_soundcore+0x0/0x33 returned 0 after 0 usecs
[    2.233604] calling  alsa_sound_init+0x0/0x8f @ 1
[    2.234818] Advanced Linux Sound Architecture Driver Initialized.
[    2.235610] initcall alsa_sound_init+0x0/0x8f returned 0 after 976 usecs
[    2.236701] calling  alsa_seq_device_init+0x0/0x71 @ 1
[    2.238609] initcall alsa_seq_device_init+0x0/0x71 returned 0 after 976 usecs
[    2.239606] calling  hda_bus_init+0x0/0xc @ 1
[    2.242618] initcall hda_bus_init+0x0/0xc returned 0 after 976 usecs
[    2.243605] calling  proto_init+0x0/0xc @ 1
[    2.244734] initcall proto_init+0x0/0xc returned 0 after 0 usecs
[    2.245607] calling  net_dev_init+0x0/0x1cc @ 1
[    2.259186] initcall net_dev_init+0x0/0x1cc returned 0 after 11718 usecs
[    2.259610] calling  neigh_init+0x0/0x84 @ 1
[    2.260614] initcall neigh_init+0x0/0x84 returned 0 after 0 usecs
[    2.261612] calling  fib_notifier_init+0x0/0xc @ 1
[    2.262615] initcall fib_notifier_init+0x0/0xc returned 0 after 0 usecs
[    2.263610] calling  fib_rules_init+0x0/0xab @ 1
[    2.265195] initcall fib_rules_init+0x0/0xab returned 0 after 0 usecs
[    2.265607] calling  pktsched_init+0x0/0x10e @ 1
[    2.267757] initcall pktsched_init+0x0/0x10e returned 0 after 976 usecs
[    2.268606] calling  tc_filter_init+0x0/0xfa @ 1
[    2.270037] initcall tc_filter_init+0x0/0xfa returned 0 after 0 usecs
[    2.270606] calling  tc_action_init+0x0/0x54 @ 1
[    2.271607] initcall tc_action_init+0x0/0x54 returned 0 after 0 usecs
[    2.272605] calling  ethnl_init+0x0/0x52 @ 1
[    2.274874] initcall ethnl_init+0x0/0x52 returned 0 after 976 usecs
[    2.275720] calling  nexthop_init+0x0/0xd8 @ 1
[    2.276709] initcall nexthop_init+0x0/0xd8 returned 0 after 0 usecs
[    2.277606] calling  cipso_v4_init+0x0/0x5a @ 1
[    2.278734] initcall cipso_v4_init+0x0/0x5a returned 0 after 0 usecs
[    2.279607] calling  ieee80211_init+0x0/0x24 @ 1
[    2.281785] initcall ieee80211_init+0x0/0x24 returned 0 after 976 usecs
[    2.282607] calling  netlbl_init+0x0/0x78 @ 1
[    2.283671] NetLabel: Initializing
[    2.284603] NetLabel:  domain hash size = 128
[    2.285602] NetLabel:  protocols = UNLABELED CIPSOv4 CALIPSO
[    2.287008] NetLabel:  unlabeled traffic allowed by default
[    2.287610] initcall netlbl_init+0x0/0x78 returned 0 after 3906 usecs
[    2.288606] calling  rfkill_init+0x0/0x111 @ 1
[    2.290057] initcall rfkill_init+0x0/0x111 returned 0 after 0 usecs
[    2.290605] calling  pci_subsys_init+0x0/0x66 @ 1
[    2.291643] PCI: Using ACPI for IRQ routing
[    3.111628] PCI: pci_cache_line_size set to 64 bytes
[    3.114122] e820: reserve RAM buffer [mem 0x0009fc00-0x0009ffff]
[    3.115649] e820: reserve RAM buffer [mem 0x1ffdf000-0x1fffffff]
[    3.116649] initcall pci_subsys_init+0x0/0x66 returned 0 after 805664 usecs
[    3.120468] calling  nmi_warning_debugfs+0x0/0x26 @ 1
[    3.120817] initcall nmi_warning_debugfs+0x0/0x26 returned 0 after 0 usecs
[    3.121606] calling  save_microcode_in_initrd+0x0/0x51 @ 1
[    3.122777] initcall save_microcode_in_initrd+0x0/0x51 returned 0 after 0 usecs
[    3.123663] calling  hpet_late_init+0x0/0x1f6 @ 1
[    3.124790] hpet: 3 channels of 0 reserved for per-cpu timers
[    3.125744] hpet0: at MMIO 0xfed00000, IRQs 2, 8, 0
[    3.126602] hpet0: 3 comparators, 64-bit 100.000000 MHz counter
[    3.134606] initcall hpet_late_init+0x0/0x1f6 returned 0 after 9765 usecs
[    3.135606] calling  init_amd_nbs+0x0/0x11c @ 1
[    3.136621] initcall init_amd_nbs+0x0/0x11c returned 0 after 0 usecs
[    3.137620] calling  clocksource_done_booting+0x0/0x41 @ 1
[    3.138679] clocksource: Switched to clocksource kvm-clock
[    3.153361] initcall clocksource_done_booting+0x0/0x41 returned 0 after 13846 usecs
[    3.165286] calling  tracer_init_tracefs+0x0/0x1fb @ 1
[    3.353705] initcall tracer_init_tracefs+0x0/0x1fb returned 0 after 176789 usecs
[    3.363669] calling  init_trace_printk_function_export+0x0/0x2c @ 1
[    3.373114] initcall init_trace_printk_function_export+0x0/0x2c returned 0 after 8 usecs
[    3.385278] calling  init_kprobe_trace+0x0/0x1a9 @ 1
[    3.393046] initcall init_kprobe_trace+0x0/0x1a9 returned 0 after 27 usecs
[    3.401554] calling  init_dynamic_event+0x0/0x3d @ 1
[    3.407887] initcall init_dynamic_event+0x0/0x3d returned 0 after 180 usecs
[    3.416360] calling  init_uprobe_trace+0x0/0x5c @ 1
[    3.422391] initcall init_uprobe_trace+0x0/0x5c returned 0 after 48 usecs
[    3.430678] calling  init_pipe_fs+0x0/0x44 @ 1
[    3.436550] initcall init_pipe_fs+0x0/0x44 returned 0 after 368 usecs
[    3.444446] calling  inotify_user_setup+0x0/0x47 @ 1
[    3.450794] initcall inotify_user_setup+0x0/0x47 returned 0 after 220 usecs
[    3.459293] calling  eventpoll_init+0x0/0xcc @ 1
[    3.465071] initcall eventpoll_init+0x0/0xcc returned 0 after 120 usecs
[    3.473107] calling  anon_inode_init+0x0/0x58 @ 1
[    3.479077] initcall anon_inode_init+0x0/0x58 returned 0 after 139 usecs
[    3.487176] calling  proc_locks_init+0x0/0x27 @ 1
[    3.493355] initcall proc_locks_init+0x0/0x27 returned 0 after 411 usecs
[    3.501612] calling  iomap_init+0x0/0x1b @ 1
[    3.507911] initcall iomap_init+0x0/0x1b returned 0 after 951 usecs
[    3.515603] calling  dquot_init+0x0/0xd7 @ 1
[    3.520853] VFS: Disk quotas dquot_6.6.0
[    3.526028] VFS: Dquot-cache hash table entries: 512 (order 0, 4096 bytes)
[    3.534477] initcall dquot_init+0x0/0xd7 returned 0 after 13301 usecs
[    3.543107] calling  quota_init+0x0/0x23 @ 1
[    3.550243] initcall quota_init+0x0/0x23 returned 0 after 1927 usecs
[    3.557849] calling  proc_cmdline_init+0x0/0x21 @ 1
[    3.563871] initcall proc_cmdline_init+0x0/0x21 returned 0 after 32 usecs
[    3.572155] calling  proc_consoles_init+0x0/0x24 @ 1
[    3.578324] initcall proc_consoles_init+0x0/0x24 returned 0 after 59 usecs
[    3.586600] calling  proc_cpuinfo_init+0x0/0x1e @ 1
[    3.592743] initcall proc_cpuinfo_init+0x0/0x1e returned 0 after 2 usecs
[    3.601004] calling  proc_devices_init+0x0/0x24 @ 1
[    3.607179] initcall proc_devices_init+0x0/0x24 returned 0 after 21 usecs
[    3.615505] calling  proc_interrupts_init+0x0/0x24 @ 1
[    3.621842] initcall proc_interrupts_init+0x0/0x24 returned 0 after 4 usecs
[    3.630236] calling  proc_loadavg_init+0x0/0x21 @ 1
[    3.636562] initcall proc_loadavg_init+0x0/0x21 returned 0 after 4 usecs
[    3.646381] calling  proc_meminfo_init+0x0/0x21 @ 1
[    3.653600] initcall proc_meminfo_init+0x0/0x21 returned 0 after 5 usecs
[    3.663470] calling  proc_stat_init+0x0/0x1e @ 1
[    3.669371] initcall proc_stat_init+0x0/0x1e returned 0 after 5 usecs
[    3.676944] calling  proc_uptime_init+0x0/0x21 @ 1
[    3.682716] initcall proc_uptime_init+0x0/0x21 returned 0 after 3 usecs
[    3.690511] calling  proc_version_init+0x0/0x21 @ 1
[    3.696311] initcall proc_version_init+0x0/0x21 returned 0 after 4 usecs
[    3.704253] calling  proc_softirqs_init+0x0/0x21 @ 1
[    3.710254] initcall proc_softirqs_init+0x0/0x21 returned 0 after 28 usecs
[    3.718340] calling  proc_kcore_init+0x0/0xea @ 1
[    3.724059] initcall proc_kcore_init+0x0/0xea returned 0 after 93 usecs
[    3.731896] calling  vmcore_init+0x0/0x578 @ 1
[    3.737282] initcall vmcore_init+0x0/0x578 returned 0 after 0 usecs
[    3.744751] calling  proc_kmsg_init+0x0/0x21 @ 1
[    3.750290] initcall proc_kmsg_init+0x0/0x21 returned 0 after 4 usecs
[    3.757859] calling  proc_page_init+0x0/0x3b @ 1
[    3.763379] initcall proc_page_init+0x0/0x3b returned 0 after 3 usecs
[    3.771043] calling  init_ramfs_fs+0x0/0xc @ 1
[    3.776555] initcall init_ramfs_fs+0x0/0xc returned 0 after 54 usecs
[    3.784276] calling  init_hugetlbfs_fs+0x0/0xf6 @ 1
[    3.790717] initcall init_hugetlbfs_fs+0x0/0xf6 returned 0 after 404 usecs
[    3.799158] calling  blk_scsi_ioctl_init+0x0/0x2a5 @ 1
[    3.805500] initcall blk_scsi_ioctl_init+0x0/0x2a5 returned 0 after 42 usecs
[    3.814166] calling  acpi_event_init+0x0/0x2c @ 1
[    3.820180] initcall acpi_event_init+0x0/0x2c returned 0 after 144 usecs
[    3.828325] calling  pnp_system_init+0x0/0xc @ 1
[    3.834807] initcall pnp_system_init+0x0/0xc returned 0 after 792 usecs
[    3.843172] calling  pnpacpi_init+0x0/0x69 @ 1
[    3.850064] pnp: PnP ACPI init
[    3.858571] pnp 00:00: Plug and Play ACPI device, IDs PNP0303 (active)
[    3.866874] pnp 00:01: Plug and Play ACPI device, IDs PNP0f13 (active)
[    3.874999] pnp 00:02: Plug and Play ACPI device, IDs PNP0400 (active)
[    3.883227] pnp 00:03: Plug and Play ACPI device, IDs PNP0501 (active)
[    3.892470] pnp 00:04: Plug and Play ACPI device, IDs PNP0b00 (active)
[    3.903486] system 00:05: [mem 0xb0000000-0xbfffffff window] has been reserved
[    3.914728] system 00:05: Plug and Play ACPI device, IDs PNP0c01 (active)
[    3.926941] pnp: PnP ACPI: found 6 devices
[    3.932114] initcall pnpacpi_init+0x0/0x69 returned 0 after 80137 usecs
[    3.940354] calling  chr_dev_init+0x0/0x14d @ 1
[    3.952417] initcall chr_dev_init+0x0/0x14d returned 0 after 6283 usecs
[    3.960551] calling  firmware_class_init+0x0/0xde @ 1
[    3.968007] initcall firmware_class_init+0x0/0xde returned 0 after 248 usecs
[    3.978743] calling  init_pcmcia_bus+0x0/0x5b @ 1
[    3.986315] initcall init_pcmcia_bus+0x0/0x5b returned 0 after 211 usecs
[    3.996071] calling  init_acpi_pm_clocksource+0x0/0xda @ 1
[    4.009745] clocksource: acpi_pm: mask: 0xffffff max_cycles: 0xffffff, max_idle_ns: 2085701024 ns
[    4.020250] initcall init_acpi_pm_clocksource+0x0/0xda returned 0 after 16457 usecs
[    4.029291] calling  sysctl_core_init+0x0/0x26 @ 1
[    4.035398] initcall sysctl_core_init+0x0/0x26 returned 0 after 240 usecs
[    4.046429] calling  eth_offload_init+0x0/0x13 @ 1
[    4.053773] initcall eth_offload_init+0x0/0x13 returned 0 after 165 usecs
[    4.063896] calling  ipv4_offload_init+0x0/0x73 @ 1
[    4.071272] initcall ipv4_offload_init+0x0/0x73 returned 0 after 89 usecs
[    4.081371] calling  inet_init+0x0/0x276 @ 1
[    4.088013] NET: Registered protocol family 2
[    4.097031] IP idents hash table entries: 8192 (order: 4, 65536 bytes, linear)
[    4.110435] tcp_listen_portaddr_hash hash table entries: 256 (order: 0, 4096 bytes, linear)
[    4.122956] TCP established hash table entries: 4096 (order: 3, 32768 bytes, linear)
[    4.134886] TCP bind hash table entries: 4096 (order: 3, 32768 bytes, linear)
[    4.145759] TCP: Hash tables configured (established 4096 bind 4096)
[    4.155428] UDP hash table entries: 256 (order: 1, 8192 bytes, linear)
[    4.163397] UDP-Lite hash table entries: 256 (order: 1, 8192 bytes, linear)
[    4.172512] initcall inet_init+0x0/0x276 returned 0 after 82651 usecs
[    4.180326] calling  af_unix_init+0x0/0x4d @ 1
[    4.185678] NET: Registered protocol family 1
[    4.191902] initcall af_unix_init+0x0/0x4d returned 0 after 6207 usecs
[    4.201961] calling  ipv6_offload_init+0x0/0x7e @ 1
[    4.208067] initcall ipv6_offload_init+0x0/0x7e returned 0 after 90 usecs
[    4.216540] calling  init_sunrpc+0x0/0x65 @ 1
[    4.224044] RPC: Registered named UNIX socket transport module.
[    4.233160] RPC: Registered udp transport module.
[    4.240469] RPC: Registered tcp transport module.
[    4.247576] RPC: Registered tcp NFSv4.1 backchannel transport module.
[    4.256872] initcall init_sunrpc+0x0/0x65 returned 0 after 34081 usecs
[    4.264771] calling  cfg80211_init+0x0/0xc5 @ 1
[    4.271111] initcall cfg80211_init+0x0/0xc5 returned 0 after 777 usecs
[    4.278976] calling  pcibios_assign_resources+0x0/0xb4 @ 1
[    4.285790] pci_bus 0000:00: resource 4 [io  0x0000-0x0cf7 window]
[    4.293393] pci_bus 0000:00: resource 5 [io  0x0d00-0xffff window]
[    4.301160] pci_bus 0000:00: resource 6 [mem 0x000a0000-0x000bffff window]
[    4.309484] pci_bus 0000:00: resource 7 [mem 0x20000000-0xafffffff window]
[    4.317694] pci_bus 0000:00: resource 8 [mem 0xc0000000-0xfebfffff window]
[    4.325968] pci_bus 0000:00: resource 9 [mem 0x100000000-0x8ffffffff window]
[    4.334540] initcall pcibios_assign_resources+0x0/0xb4 returned 0 after 47932 usecs
[    4.343692] calling  pci_apply_final_quirks+0x0/0x124 @ 1
[    4.351241] pci 0000:00:01.0: calling  pci_fixup_video+0x0/0xe0 @ 1
[    4.359275] pci 0000:00:01.0: Video device with shadowed ROM at [mem 0x000c0000-0x000dffff]
[    4.369251] pci 0000:00:01.0: pci_fixup_video+0x0/0xe0 took 10061 usecs
[    4.377427] PCI: CLS 0 bytes, default 64
[    4.382399] initcall pci_apply_final_quirks+0x0/0x124 returned 0 after 31303 usecs
[    4.391396] calling  acpi_reserve_resources+0x0/0xea @ 1
[    4.397867] initcall acpi_reserve_resources+0x0/0xea returned 0 after 66 usecs
[    4.406875] calling  populate_rootfs+0x0/0x102 @ 1
[    4.420273] initcall populate_rootfs+0x0/0x102 returned 0 after 7290 usecs
[    4.428512] calling  pci_iommu_init+0x0/0x3e @ 1
[    4.434184] initcall pci_iommu_init+0x0/0x3e returned 0 after 230 usecs
[    4.443152] calling  ia32_binfmt_init+0x0/0x13 @ 1
[    4.449047] initcall ia32_binfmt_init+0x0/0x13 returned 0 after 22 usecs
[    4.457154] calling  rapl_pmu_init+0x0/0x25f @ 1
[    4.462901] initcall rapl_pmu_init+0x0/0x25f returned -19 after 45 usecs
[    4.470993] calling  amd_uncore_init+0x0/0x310 @ 1
[    4.476917] initcall amd_uncore_init+0x0/0x310 returned -19 after 0 usecs
[    4.485497] calling  amd_ibs_init+0x0/0x24b @ 1
[    4.491348] initcall amd_ibs_init+0x0/0x24b returned -19 after 1 usecs
[    4.499255] calling  amd_iommu_pc_init+0x0/0x20c @ 1
[    4.505271] initcall amd_iommu_pc_init+0x0/0x20c returned -19 after 113 usecs
[    4.515914] calling  msr_init+0x0/0x55 @ 1
[    4.521985] initcall msr_init+0x0/0x55 returned 0 after 1029 usecs
[    4.529575] calling  intel_uncore_init+0x0/0x31e @ 1
[    4.535615] initcall intel_uncore_init+0x0/0x31e returned -19 after 35 usecs
[    4.543838] calling  cstate_pmu_init+0x0/0x181 @ 1
[    4.549445] initcall cstate_pmu_init+0x0/0x181 returned -19 after 0 usecs
[    4.557776] calling  register_kernel_offset_dumper+0x0/0x1a @ 1
[    4.564819] initcall register_kernel_offset_dumper+0x0/0x1a returned 0 after 16 usecs
[    4.575023] calling  i8259A_init_ops+0x0/0x20 @ 1
[    4.580493] initcall i8259A_init_ops+0x0/0x20 returned 0 after 1 usecs
[    4.588856] calling  init_tsc_clocksource+0x0/0xa4 @ 1
[    4.595083] clocksource: tsc: mask: 0xffffffffffffffff max_cycles: 0x39a85afc727, max_idle_ns: 881590685098 ns
[    4.606604] initcall init_tsc_clocksource+0x0/0xa4 returned 0 after 11232 usecs
[    4.614933] calling  add_rtc_cmos+0x0/0xb0 @ 1
[    4.620262] initcall add_rtc_cmos+0x0/0xb0 returned 0 after 2 usecs
[    4.627730] calling  i8237A_init_ops+0x0/0x3a @ 1
[    4.633756] initcall i8237A_init_ops+0x0/0x3a returned 0 after 140 usecs
[    4.642536] calling  umwait_init+0x0/0x94 @ 1
[    4.648776] initcall umwait_init+0x0/0x94 returned -19 after 27 usecs
[    4.656340] calling  thermal_throttle_init_device+0x0/0x3d @ 1
[    4.663659] initcall thermal_throttle_init_device+0x0/0x3d returned 0 after 25 usecs
[    4.673424] calling  msr_init+0x0/0xd7 @ 1
[    4.678544] initcall msr_init+0x0/0xd7 returned 0 after 135 usecs
[    4.685697] calling  cpuid_init+0x0/0xd7 @ 1
[    4.690979] initcall cpuid_init+0x0/0xd7 returned 0 after 139 usecs
[    4.698454] calling  ioapic_init_ops+0x0/0x13 @ 1
[    4.704077] initcall ioapic_init_ops+0x0/0x13 returned 0 after 33 usecs
[    4.711837] calling  add_pcspkr+0x0/0x6c @ 1
[    4.717002] initcall add_pcspkr+0x0/0x6c returned 0 after 82 usecs
[    4.724497] calling  start_periodic_check_for_corruption+0x0/0x30 @ 1
[    4.732077] check: Scanning for low memory corruption every 60 seconds
[    4.739753] initcall start_periodic_check_for_corruption+0x0/0x30 returned 0 after 7537 usecs
[    4.749623] calling  sysfb_init+0x0/0x9c @ 1
[    4.754908] initcall sysfb_init+0x0/0x9c returned 0 after 127 usecs
[    4.762214] calling  audit_classes_init+0x0/0xae @ 1
[    4.768151] initcall audit_classes_init+0x0/0xae returned 0 after 66 usecs
[    4.776511] calling  iosf_mbi_init+0x0/0x24 @ 1
[    4.784526] initcall iosf_mbi_init+0x0/0x24 returned 0 after 2348 usecs
[    4.792166] calling  proc_execdomains_init+0x0/0x21 @ 1
[    4.798273] initcall proc_execdomains_init+0x0/0x21 returned 0 after 20 usecs
[    4.806383] calling  register_warn_debugfs+0x0/0x23 @ 1
[    4.812475] initcall register_warn_debugfs+0x0/0x23 returned 0 after 31 usecs
[    4.820600] calling  ioresources_init+0x0/0x49 @ 1
[    4.826172] initcall ioresources_init+0x0/0x49 returned 0 after 5 usecs
[    4.833720] calling  snapshot_device_init+0x0/0xc @ 1
[    4.840599] initcall snapshot_device_init+0x0/0xc returned 0 after 874 usecs
[    4.848712] calling  irq_pm_init_ops+0x0/0x13 @ 1
[    4.854296] initcall irq_pm_init_ops+0x0/0x13 returned 0 after 15 usecs
[    4.861944] calling  rcu_torture_init+0x0/0x89f @ 1
[    4.867762] srcu-torture:--- Start of test: nreaders=1 nfakewriters=4 stat_interval=15 verbose=1 test_no_idle_hz=1 shuffle_interval=3 stutter=5 irqreader=1 fqs_duration=0 fqs_holdoff=0 fqs_stutter=3 test_boost=1/0 test_boost_interval=7 test_boost_duration=4 shutdown_secs=1800 stall_cpu=0 stall_cpu_holdoff=10 stall_cpu_irqsoff=0 stall_cpu_block=0 n_barrier_cbs=4 onoff_interval=0 onoff_holdoff=0 read_exit_delay=13 read_exit_burst=16
[    4.913764] srcu:  Start-test grace-period state: g0 f0x0
[    4.921755] srcu-torture: Creating rcu_torture_writer task
[    4.930020] srcu-torture: Creating rcu_torture_fakewriter task
[    4.938337] srcu-torture: rcu_torture_writer task started
[    4.945549] srcu-torture: GP expediting controlled from boot/sysfs for srcu.
[    4.955161] rcu_torture_writer: Testing expedited GPs.
[    4.961567] rcu_torture_writer: Testing asynchronous GPs.
[    4.967919] rcu_torture_writer: Testing normal GPs.
[    4.973713] srcu-torture: Creating rcu_torture_fakewriter task
[    4.980538] srcu-torture: rcu_torture_fakewriter task started
[    4.987322] srcu-torture: Creating rcu_torture_fakewriter task
[    4.995799] srcu-torture: rcu_torture_fakewriter task started
[    5.004806] srcu-torture: Creating rcu_torture_fakewriter task
[    5.013282] srcu-torture: rcu_torture_fakewriter task started
[    5.022495] srcu-torture: Creating rcu_torture_reader task
[    5.030556] srcu-torture: rcu_torture_fakewriter task started
[    5.040331] srcu-torture: Creating rcu_torture_stats task
[    5.048563] srcu-torture: rcu_torture_reader task started
[    5.059760] srcu-torture: Creating torture_shuffle task
[    5.067819] srcu-torture: rcu_torture_stats task started
[    5.077007] srcu-torture: Creating torture_stutter task
[    5.084306] srcu-torture: torture_shuffle task started
[    5.093117] srcu-torture: Creating torture_shutdown task
[    5.099704] srcu-torture: torture_stutter task started
[    5.107349] srcu-torture: rcu_torture_fwd_prog_init: Disabled, unsupported by RCU flavor under test
[    5.118124] srcu-torture: Creating rcu_torture_barrier_cbs task
[    5.125823] srcu-torture: torture_shutdown task started
[    5.132618] srcu-torture:torture_shutdown task: 1799960 ms remaining
[    5.140368] srcu-torture: Creating rcu_torture_barrier_cbs task
[    5.147940] srcu-torture: rcu_torture_barrier_cbs task started
[    5.163307] srcu-torture: Creating rcu_torture_barrier_cbs task
[    5.170499] srcu-torture: rcu_torture_barrier_cbs task started
[    5.177728] srcu-torture: Creating rcu_torture_barrier_cbs task
[    5.184968] srcu-torture: rcu_torture_barrier_cbs task started
[    5.192116] srcu-torture: Creating rcu_torture_barrier task
[    5.198807] srcu-torture: rcu_torture_barrier_cbs task started
[    5.205879] srcu-torture: Creating rcu_torture_read_exit task
[    5.212754] srcu-torture: rcu_torture_barrier task starting
[    5.220864] initcall rcu_torture_init+0x0/0x89f returned 0 after 344531 usecs
[    5.229491] calling  timekeeping_init_ops+0x0/0x13 @ 1
[    5.235832] initcall timekeeping_init_ops+0x0/0x13 returned 0 after 105 usecs
[    5.244219] calling  init_clocksource_sysfs+0x0/0x23 @ 1
[    5.254573] initcall init_clocksource_sysfs+0x0/0x23 returned 0 after 1913 usecs
[    5.263396] calling  init_timer_list_procfs+0x0/0x31 @ 1
[    5.270412] initcall init_timer_list_procfs+0x0/0x31 returned 0 after 131 usecs
[    5.280926] calling  alarmtimer_init+0x0/0xb5 @ 1
[    5.288137] initcall alarmtimer_init+0x0/0xb5 returned 0 after 234 usecs
[    5.297767] calling  init_posix_timers+0x0/0x29 @ 1
[    5.303966] initcall init_posix_timers+0x0/0x29 returned 0 after 168 usecs
[    5.312081] calling  clockevents_init_sysfs+0x0/0x8b @ 1
[    5.318719] initcall clockevents_init_sysfs+0x0/0x8b returned 0 after 292 usecs
[    5.327254] calling  proc_dma_init+0x0/0x21 @ 1
[    5.333908] initcall proc_dma_init+0x0/0x21 returned 0 after 82 usecs
[    5.341260] calling  proc_modules_init+0x0/0x1e @ 1
[    5.346979] initcall proc_modules_init+0x0/0x1e returned 0 after 20 usecs
[    5.354781] calling  kallsyms_init+0x0/0x21 @ 1
[    5.360151] initcall kallsyms_init+0x0/0x21 returned 0 after 3 usecs
[    5.367574] calling  pid_namespaces_init+0x0/0x2c @ 1
[    5.373582] initcall pid_namespaces_init+0x0/0x2c returned 0 after 44 usecs
[    5.381672] calling  audit_watch_init+0x0/0x37 @ 1
[    5.388227] initcall audit_watch_init+0x0/0x37 returned 0 after 113 usecs
[    5.396743] calling  audit_fsnotify_init+0x0/0x37 @ 1
[    5.402705] initcall audit_fsnotify_init+0x0/0x37 returned 0 after 1 usecs
[    5.410741] calling  audit_tree_init+0x0/0x6d @ 1
[    5.416387] initcall audit_tree_init+0x0/0x6d returned 0 after 46 usecs
[    5.424136] calling  seccomp_sysctl_init+0x0/0x2b @ 1
[    5.430376] initcall seccomp_sysctl_init+0x0/0x2b returned 0 after 151 usecs
[    5.438796] calling  utsname_sysctl_init+0x0/0x13 @ 1
[    5.444939] initcall utsname_sysctl_init+0x0/0x13 returned 0 after 66 usecs
[    5.453275] calling  init_tracepoints+0x0/0x27 @ 1
[    5.458977] initcall init_tracepoints+0x0/0x27 returned 0 after 37 usecs
[    5.467701] calling  init_blk_tracer+0x0/0x50 @ 1
[    5.475866] initcall init_blk_tracer+0x0/0x50 returned 0 after 2547 usecs
[    5.483738] calling  perf_event_sysfs_init+0x0/0x81 @ 1
[    5.490924] initcall perf_event_sysfs_init+0x0/0x81 returned 0 after 799 usecs
[    5.499337] calling  system_trusted_keyring_init+0x0/0x5f @ 1
[    5.506122] Initialise system trusted keyrings
[    5.511597] initcall system_trusted_keyring_init+0x0/0x5f returned 0 after 5355 usecs
[    5.520851] calling  kswapd_init+0x0/0x13 @ 1
[    5.526188] srcu-torture: rcu_torture_read_exit: Start of test
[    5.533465] initcall kswapd_init+0x0/0x13 returned 0 after 7140 usecs
[    5.541174] calling  extfrag_debug_init+0x0/0x54 @ 1
[    5.547745] initcall extfrag_debug_init+0x0/0x54 returned 0 after 411 usecs
[    5.556376] calling  slab_proc_init+0x0/0x21 @ 1
[    5.563550] initcall slab_proc_init+0x0/0x21 returned 0 after 83 usecs
[    5.573142] calling  workingset_init+0x0/0x8c @ 1
[    5.580265] workingset: timestamp_bits=62 max_order=17 bucket_order=0
[    5.590040] initcall workingset_init+0x0/0x8c returned 0 after 9532 usecs
[    5.599269] calling  proc_vmalloc_init+0x0/0x27 @ 1
[    5.605122] initcall proc_vmalloc_init+0x0/0x27 returned 0 after 20 usecs
[    5.613245] calling  procswaps_init+0x0/0x1e @ 1
[    5.619059] initcall procswaps_init+0x0/0x1e returned 0 after 40 usecs
[    5.626928] calling  slab_sysfs_init+0x0/0xea @ 1
[    5.643480] initcall slab_sysfs_init+0x0/0xea returned 0 after 5929 usecs
[    5.651276] calling  fcntl_init+0x0/0x29 @ 1
[    5.656457] initcall fcntl_init+0x0/0x29 returned 0 after 7 usecs
[    5.664351] calling  proc_filesystems_init+0x0/0x21 @ 1
[    5.670611] initcall proc_filesystems_init+0x0/0x21 returned 0 after 4 usecs
[    5.678813] calling  start_dirtytime_writeback+0x0/0x29 @ 1
[    5.685481] initcall start_dirtytime_writeback+0x0/0x29 returned 0 after 17 usecs
[    5.694310] calling  blkdev_init+0x0/0x1b @ 1
[    5.699915] initcall blkdev_init+0x0/0x1b returned 0 after 283 usecs
[    5.707509] calling  dio_init+0x0/0x2c @ 1
[    5.712440] initcall dio_init+0x0/0x2c returned 0 after 55 usecs
[    5.719526] calling  dnotify_init+0x0/0x78 @ 1
[    5.724841] initcall dnotify_init+0x0/0x78 returned 0 after 8 usecs
[    5.732355] calling  aio_setup+0x0/0x78 @ 1
[    5.738518] initcall aio_setup+0x0/0x78 returned 0 after 298 usecs
[    5.746193] calling  io_uring_init+0x0/0x2c @ 1
[    5.751689] initcall io_uring_init+0x0/0x2c returned 0 after 6 usecs
[    5.759222] calling  mbcache_init+0x0/0x30 @ 1
[    5.764625] initcall mbcache_init+0x0/0x30 returned 0 after 61 usecs
[    5.772313] calling  init_grace+0x0/0xc @ 1
[    5.777552] initcall init_grace+0x0/0xc returned 0 after 146 usecs
[    5.785220] calling  init_v2_quota_format+0x0/0x21 @ 1
[    5.791426] initcall init_v2_quota_format+0x0/0x21 returned 0 after 46 usecs
[    5.801361] calling  init_devpts_fs+0x0/0x27 @ 1
[    5.807174] initcall init_devpts_fs+0x0/0x27 returned 0 after 184 usecs
[    5.815002] calling  ext4_init_fs+0x0/0x1cb @ 1
[    5.820894] initcall ext4_init_fs+0x0/0x1cb returned 0 after 459 usecs
[    5.828703] calling  journal_init+0x0/0x11c @ 1
[    5.834205] initcall journal_init+0x0/0x11c returned 0 after 116 usecs
[    5.841811] calling  init_fat_fs+0x0/0x49 @ 1
[    5.847898] initcall init_fat_fs+0x0/0x49 returned 0 after 91 usecs
[    5.857023] calling  init_vfat_fs+0x0/0xc @ 1
[    5.862587] initcall init_vfat_fs+0x0/0xc returned 0 after 4 usecs
[    5.869866] calling  init_msdos_fs+0x0/0xc @ 1
[    5.875228] initcall init_msdos_fs+0x0/0xc returned 0 after 2 usecs
[    5.882608] calling  init_iso9660_fs+0x0/0x6c @ 1
[    5.889043] initcall init_iso9660_fs+0x0/0x6c returned 0 after 787 usecs
[    5.896907] calling  init_nfs_fs+0x0/0x13a @ 1
[    5.903017] initcall init_nfs_fs+0x0/0x13a returned 0 after 772 usecs
[    5.910626] calling  init_nfs_v2+0x0/0x13 @ 1
[    5.916281] initcall init_nfs_v2+0x0/0x13 returned 0 after 375 usecs
[    5.923740] calling  init_nfs_v3+0x0/0x13 @ 1
[    5.928880] initcall init_nfs_v3+0x0/0x13 returned 0 after 11 usecs
[    5.937933] calling  init_nfs_v4+0x0/0x32 @ 1
[    5.944277] NFS: Registering the id_resolver key type
[    5.951830] Key type id_resolver registered
[    5.958154] Key type id_legacy registered
[    5.963508] initcall init_nfs_v4+0x0/0x32 returned 0 after 18823 usecs
[    5.971108] calling  init_nlm+0x0/0x5b @ 1
[    5.976155] initcall init_nlm+0x0/0x5b returned 0 after 125 usecs
[    5.983138] calling  init_nls_cp437+0x0/0xe @ 1
[    5.988346] initcall init_nls_cp437+0x0/0xe returned 0 after 13 usecs
[    5.995791] calling  init_nls_ascii+0x0/0xe @ 1
[    6.001261] initcall init_nls_ascii+0x0/0xe returned 0 after 0 usecs
[    6.008719] calling  init_nls_iso8859_1+0x0/0xe @ 1
[    6.014446] initcall init_nls_iso8859_1+0x0/0xe returned 0 after 0 usecs
[    6.022202] calling  init_nls_utf8+0x0/0x21 @ 1
[    6.027507] initcall init_nls_utf8+0x0/0x21 returned 0 after 1 usecs
[    6.034996] calling  init_autofs_fs+0x0/0x25 @ 1
[    6.041003] initcall init_autofs_fs+0x0/0x25 returned 0 after 540 usecs
[    6.048788] calling  ipc_init+0x0/0x24 @ 1
[    6.053690] initcall ipc_init+0x0/0x24 returned 0 after 29 usecs
[    6.060843] calling  ipc_sysctl_init+0x0/0x13 @ 1
[    6.067398] initcall ipc_sysctl_init+0x0/0x13 returned 0 after 63 usecs
[    6.075939] calling  init_mqueue_fs+0x0/0x92 @ 1
[    6.081698] initcall init_mqueue_fs+0x0/0x92 returned 0 after 312 usecs
[    6.089346] calling  key_proc_init+0x0/0x63 @ 1
[    6.094833] initcall key_proc_init+0x0/0x63 returned 0 after 5 usecs
[    6.102370] calling  selinux_nf_ip_init+0x0/0x2e @ 1
[    6.109634] initcall selinux_nf_ip_init+0x0/0x2e returned 0 after 117 usecs
[    6.117774] calling  init_sel_fs+0x0/0x116 @ 1
[    6.123030] initcall init_sel_fs+0x0/0x116 returned 0 after 1 usecs
[    6.130418] calling  selnl_init+0x0/0x7c @ 1
[    6.135909] initcall selnl_init+0x0/0x7c returned 0 after 270 usecs
[    6.143345] calling  sel_netif_init+0x0/0x36 @ 1
[    6.148946] initcall sel_netif_init+0x0/0x36 returned 0 after 0 usecs
[    6.156514] calling  sel_netnode_init+0x0/0x33 @ 1
[    6.162242] initcall sel_netnode_init+0x0/0x33 returned 0 after 0 usecs
[    6.170597] calling  sel_netport_init+0x0/0x33 @ 1
[    6.177230] initcall sel_netport_init+0x0/0x33 returned 0 after 0 usecs
[    6.185133] calling  aurule_init+0x0/0x2a @ 1
[    6.191365] initcall aurule_init+0x0/0x2a returned 0 after 1 usecs
[    6.200444] calling  crypto_algapi_init+0x0/0xc @ 1
[    6.207763] initcall crypto_algapi_init+0x0/0xc returned 0 after 5 usecs
[    6.217380] calling  jent_mod_init+0x0/0x2d @ 1
[    6.233271] initcall jent_mod_init+0x0/0x2d returned 0 after 10055 usecs
[    6.243196] calling  asymmetric_key_init+0x0/0xc @ 1
[    6.253239] Key type asymmetric registered
[    6.259550] initcall asymmetric_key_init+0x0/0xc returned 0 after 6159 usecs
[    6.270409] calling  x509_key_init+0x0/0xc @ 1
[    6.277905] Asymmetric key parser 'x509' registered
[    6.285413] initcall x509_key_init+0x0/0xc returned 0 after 7371 usecs
[    6.294918] calling  proc_genhd_init+0x0/0x41 @ 1
[    6.301117] initcall proc_genhd_init+0x0/0x41 returned 0 after 22 usecs
[    6.309855] calling  bsg_init+0x0/0x113 @ 1
[    6.316385] Block layer SCSI generic (bsg) driver version 0.4 loaded (major 251)
[    6.325727] initcall bsg_init+0x0/0x113 returned 0 after 9589 usecs
[    6.334107] calling  deadline_init+0x0/0xc @ 1
[    6.339810] io scheduler mq-deadline registered
[    6.345704] initcall deadline_init+0x0/0xc returned 0 after 5794 usecs
[    6.356036] calling  kyber_init+0x0/0xc @ 1
[    6.362806] io scheduler kyber registered
[    6.368936] initcall kyber_init+0x0/0xc returned 0 after 6038 usecs
[    6.378078] calling  mod_init+0x0/0x7 @ 1
[    6.383319] initcall mod_init+0x0/0x7 returned 0 after 0 usecs
[    6.391144] calling  sg_pool_init+0x0/0xb4 @ 1
[    6.398174] initcall sg_pool_init+0x0/0xb4 returned 0 after 368 usecs
[    6.406887] calling  pcie_portdrv_init+0x0/0x39 @ 1
[    6.414033] initcall pcie_portdrv_init+0x0/0x39 returned 0 after 629 usecs
[    6.424282] calling  pci_proc_init+0x0/0x68 @ 1
[    6.430035] initcall pci_proc_init+0x0/0x68 returned 0 after 33 usecs
[    6.438273] calling  pci_hotplug_init+0x0/0x7 @ 1
[    6.444278] initcall pci_hotplug_init+0x0/0x7 returned 0 after 0 usecs
[    6.452723] calling  efifb_driver_init+0x0/0xe @ 1
[    6.458846] initcall efifb_driver_init+0x0/0xe returned 0 after 47 usecs
[    6.467350] calling  ged_driver_init+0x0/0xe @ 1
[    6.473726] initcall ged_driver_init+0x0/0xe returned 0 after 291 usecs
[    6.482342] calling  acpi_ac_init+0x0/0x92 @ 1
[    6.488577] initcall acpi_ac_init+0x0/0x92 returned 0 after 363 usecs
[    6.496824] calling  acpi_button_driver_init+0x0/0x52 @ 1
[    6.504491] input: Power Button as /devices/LNXSYSTM:00/LNXPWRBN:00/input/input0
[    6.515554] ACPI: Power Button [PWRF]
[    6.521100] initcall acpi_button_driver_init+0x0/0x52 returned 0 after 16919 usecs
[    6.531265] calling  acpi_fan_driver_init+0x0/0xe @ 1
[    6.537576] initcall acpi_fan_driver_init+0x0/0xe returned 0 after 17 usecs
[    6.546367] calling  acpi_video_init+0x0/0xcb @ 1
[    6.552493] initcall acpi_video_init+0x0/0xcb returned 0 after 98 usecs
[    6.560982] calling  acpi_processor_driver_init+0x0/0xad @ 1
[    6.569453] initcall acpi_processor_driver_init+0x0/0xad returned 0 after 1190 usecs
[    6.579778] calling  acpi_thermal_init+0x0/0x71 @ 1
[    6.586189] initcall acpi_thermal_init+0x0/0x71 returned 0 after 138 usecs
[    6.594783] calling  acpi_battery_init+0x0/0x32 @ 1
[    6.601844] initcall acpi_battery_init+0x0/0x32 returned 0 after 51 usecs
[    6.612484] calling  bgrt_init+0x0/0xb6 @ 1
[    6.619252] initcall bgrt_init+0x0/0xb6 returned -19 after 0 usecs
[    6.628845] calling  gpio_clk_driver_init+0x0/0xe @ 1
[    6.637010] initcall gpio_clk_driver_init+0x0/0xe returned 0 after 57 usecs
[    6.646078] calling  plt_clk_driver_init+0x0/0xe @ 1
[    6.653252] initcall plt_clk_driver_init+0x0/0xe returned 0 after 20 usecs
[    6.662791] calling  virtio_pci_driver_init+0x0/0x15 @ 1
[    6.669721] initcall virtio_pci_driver_init+0x0/0x15 returned 0 after 150 usecs
[    6.678948] calling  n_null_init+0x0/0x1e @ 1
[    6.685297] initcall n_null_init+0x0/0x1e returned 0 after 34 usecs
[    6.695307] calling  pty_init+0x0/0x1e8 @ 1
[    6.702804] initcall pty_init+0x0/0x1e8 returned 0 after 641 usecs
[    6.712506] calling  sysrq_init+0x0/0x62 @ 1
[    6.718443] initcall sysrq_init+0x0/0x62 returned 0 after 22 usecs
[    6.726475] calling  serial8250_init+0x0/0x17e @ 1
[    6.732824] Serial: 8250/16550 driver, 4 ports, IRQ sharing enabled
[    6.743012] 00:03: ttyS0 at I/O 0x3f8 (irq = 4, base_baud = 115200) is a 16550A
[    6.756272] initcall serial8250_init+0x0/0x17e returned 0 after 22984 usecs
[    6.766478] calling  serial_pci_driver_init+0x0/0x15 @ 1
[    6.774296] initcall serial_pci_driver_init+0x0/0x15 returned 0 after 80 usecs
[    6.786325] calling  exar_pci_driver_init+0x0/0x15 @ 1
[    6.794516] initcall exar_pci_driver_init+0x0/0x15 returned 0 after 51 usecs
[    6.805758] calling  lpss8250_pci_driver_init+0x0/0x15 @ 1
[    6.814798] initcall lpss8250_pci_driver_init+0x0/0x15 returned 0 after 159 usecs
[    6.827039] calling  mid8250_pci_driver_init+0x0/0x15 @ 1
[    6.836536] initcall mid8250_pci_driver_init+0x0/0x15 returned 0 after 31 usecs
[    6.849205] calling  virtio_console_init+0x0/0xff @ 1
[    6.857998] initcall virtio_console_init+0x0/0xff returned 0 after 189 usecs
[    6.868866] calling  hpet_init+0x0/0x64 @ 1
[    6.875435] initcall hpet_init+0x0/0x64 returned 0 after 743 usecs
[    6.884991] calling  nvram_module_init+0x0/0x83 @ 1
[    6.891866] Non-volatile memory driver v1.3
[    6.897470] initcall nvram_module_init+0x0/0x83 returned 0 after 5877 usecs
[    6.908802] calling  hwrng_modinit+0x0/0x8a @ 1
[    6.916136] initcall hwrng_modinit+0x0/0x8a returned 0 after 191 usecs
[    6.926787] calling  mod_init+0x0/0x48 @ 1
[    6.931989] initcall mod_init+0x0/0x48 returned -19 after 0 usecs
[    6.939565] calling  agp_init+0x0/0x23 @ 1
[    6.944790] Linux agpgart interface v0.103
[    6.949986] initcall agp_init+0x0/0x23 returned 0 after 5072 usecs
[    6.957800] calling  agp_amd64_mod_init+0x0/0x5 @ 1
[    6.964044] initcall agp_amd64_mod_init+0x0/0x5 returned -19 after 161 usecs
[    6.972774] calling  agp_intel_init+0x0/0x28 @ 1
[    6.979922] initcall agp_intel_init+0x0/0x28 returned 0 after 1115 usecs
[    6.989787] calling  drm_kms_helper_init+0x0/0x7 @ 1
[    6.997788] initcall drm_kms_helper_init+0x0/0x7 returned 0 after 154 usecs
[    7.008685] calling  drm_core_init+0x0/0x9e @ 1
[    7.016340] initcall drm_core_init+0x0/0x9e returned 0 after 298 usecs
[    7.025265] calling  i915_init+0x0/0x6b @ 1
[    7.032217] initcall i915_init+0x0/0x6b returned 0 after 630 usecs
[    7.040994] calling  cn_proc_init+0x0/0x35 @ 1
[    7.047501] initcall cn_proc_init+0x0/0x35 returned 0 after 35 usecs
[    7.056666] calling  topology_sysfs_init+0x0/0x27 @ 1
[    7.064091] initcall topology_sysfs_init+0x0/0x27 returned 0 after 68 usecs
[    7.074378] calling  cacheinfo_sysfs_init+0x0/0x27 @ 1
[    7.082139] initcall cacheinfo_sysfs_init+0x0/0x27 returned 0 after 303 usecs
[    7.092367] calling  loop_init+0x0/0x168 @ 1
[    7.122389] loop: module loaded
[    7.127300] initcall loop_init+0x0/0x168 returned 0 after 27663 usecs
[    7.137130] calling  mac_hid_init+0x0/0x21 @ 1
[    7.144333] initcall mac_hid_init+0x0/0x21 returned 0 after 7 usecs
[    7.154941] calling  spi_transport_init+0x0/0x74 @ 1
[    7.164314] initcall spi_transport_init+0x0/0x74 returned 0 after 411 usecs
[    7.187901] calling  init_sd+0x0/0x18c @ 1
[    7.204474] initcall init_sd+0x0/0x18c returned 0 after 7254 usecs
[    7.213766] calling  init_sr+0x0/0x43 @ 1
[    7.220391] initcall init_sr+0x0/0x43 returned 0 after 48 usecs
[    7.229718] calling  init_sg+0x0/0x1c0 @ 1
[    7.238476] initcall init_sg+0x0/0x1c0 returned 0 after 868 usecs
[    7.247742] calling  ahci_pci_driver_init+0x0/0x15 @ 1
[    7.258614] ahci 0000:00:1f.2: version 3.0
[    7.274422] PCI Interrupt Link [GSIA] enabled at IRQ 16
[    7.297498] ahci 0000:00:1f.2: AHCI 0001.0000 32 slots 6 ports 1.5 Gbps 0x3f impl SATA mode
[    7.310364] ahci 0000:00:1f.2: flags: 64bit ncq only 
[    7.339493] scsi host0: ahci
[    7.347322] scsi host1: ahci
[    7.352922] scsi host2: ahci
[    7.360107] scsi host3: ahci
[    7.365428] scsi host4: ahci
[    7.370626] scsi host5: ahci
[    7.376039] ata1: SATA max UDMA/133 abar m4096@0xfebf1000 port 0xfebf1100 irq 24
[    7.387384] ata2: SATA max UDMA/133 abar m4096@0xfebf1000 port 0xfebf1180 irq 24
[    7.398369] ata3: SATA max UDMA/133 abar m4096@0xfebf1000 port 0xfebf1200 irq 24
[    7.410635] ata4: SATA max UDMA/133 abar m4096@0xfebf1000 port 0xfebf1280 irq 24
[    7.422039] ata5: SATA max UDMA/133 abar m4096@0xfebf1000 port 0xfebf1300 irq 24
[    7.434011] ata6: SATA max UDMA/133 abar m4096@0xfebf1000 port 0xfebf1380 irq 24
[    7.446344] initcall ahci_pci_driver_init+0x0/0x15 returned 0 after 186175 usecs
[    7.458148] calling  piix_init+0x0/0x26 @ 1
[    7.465289] initcall piix_init+0x0/0x26 returned 0 after 231 usecs
[    7.475222] calling  amd_pci_driver_init+0x0/0x15 @ 1
[    7.483347] initcall amd_pci_driver_init+0x0/0x15 returned 0 after 25 usecs
[    7.494086] calling  oldpiix_pci_driver_init+0x0/0x15 @ 1
[    7.504963] initcall oldpiix_pci_driver_init+0x0/0x15 returned 0 after 714 usecs
[    7.515355] calling  sch_pci_driver_init+0x0/0x15 @ 1
[    7.523514] initcall sch_pci_driver_init+0x0/0x15 returned 0 after 203 usecs
[    7.535531] calling  net_olddevs_init+0x0/0x55 @ 1
[    7.545233] initcall net_olddevs_init+0x0/0x55 returned 0 after 1053 usecs
[    7.557243] calling  blackhole_netdev_init+0x0/0x78 @ 1
[    7.569175] initcall blackhole_netdev_init+0x0/0x78 returned 0 after 4050 usecs
[    7.579597] calling  phy_module_init+0x0/0x13 @ 1
[    7.589171] initcall phy_module_init+0x0/0x13 returned 0 after 1251 usecs
[    7.599526] calling  tg3_driver_init+0x0/0x15 @ 1
[    7.607588] initcall tg3_driver_init+0x0/0x15 returned 0 after 504 usecs
[    7.618644] calling  e100_init_module+0x0/0x4c @ 1
[    7.626720] e100: Intel(R) PRO/100 Network Driver
[    7.634833] e100: Copyright(c) 1999-2006 Intel Corporation
[    7.644510] initcall e100_init_module+0x0/0x4c returned 0 after 17531 usecs
[    7.657131] calling  e1000_init_module+0x0/0x72 @ 1
[    7.665909] e1000: Intel(R) PRO/1000 Network Driver
[    7.673935] e1000: Copyright (c) 1999-2006 Intel Corporation.
[    7.682677] initcall e1000_init_module+0x0/0x72 returned 0 after 16598 usecs
[    7.693431] calling  e1000_init_module+0x0/0x2d @ 1
[    7.701266] e1000e: Intel(R) PRO/1000 Network Driver
[    7.709665] e1000e: Copyright(c) 1999 - 2015 Intel Corporation.
[    7.720321] initcall e1000_init_module+0x0/0x2d returned 0 after 18677 usecs
[    7.732210] calling  sky2_init_module+0x0/0x21 @ 1
[    7.740039] sky2: driver version 1.30
[    7.746648] initcall sky2_init_module+0x0/0x21 returned 0 after 6449 usecs
[    7.758048] calling  forcedeth_pci_driver_init+0x0/0x15 @ 1
[    7.767075] initcall forcedeth_pci_driver_init+0x0/0x15 returned 0 after 128 usecs
[    7.779046] calling  rtl8139_init_module+0x0/0x15 @ 1
[    7.786467] initcall rtl8139_init_module+0x0/0x15 returned 0 after 193 usecs
[    7.797535] calling  rtl8169_pci_driver_init+0x0/0x15 @ 1
[    7.806796] initcall rtl8169_pci_driver_init+0x0/0x15 returned 0 after 66 usecs
[    7.819391] calling  cdrom_init+0x0/0xc @ 1
[    7.827481] initcall cdrom_init+0x0/0xc returned 0 after 492 usecs
[    7.839235] calling  nonstatic_sysfs_init+0x0/0xc @ 1
[    7.848051] initcall nonstatic_sysfs_init+0x0/0xc returned 0 after 49 usecs
[    7.860682] calling  yenta_cardbus_driver_init+0x0/0x15 @ 1
[    7.870289] initcall yenta_cardbus_driver_init+0x0/0x15 returned 0 after 691 usecs
[    7.882077] calling  mon_init+0x0/0x123 @ 1
[    7.910870] initcall mon_init+0x0/0x123 returned 0 after 21513 usecs
[    7.922091] calling  ehci_hcd_init+0x0/0x55 @ 1
[    7.929550] ehci_hcd: USB 2.0 'Enhanced' Host Controller (EHCI) Driver
[    7.942262] initcall ehci_hcd_init+0x0/0x55 returned 0 after 12512 usecs
[    7.954194] calling  ehci_pci_init+0x0/0x64 @ 1
[    7.962134] ehci-pci: EHCI PCI platform driver
[    7.968877] initcall ehci_pci_init+0x0/0x64 returned 0 after 6583 usecs
[    7.979225] calling  ohci_hcd_mod_init+0x0/0x4d @ 1
[    7.987210] ohci_hcd: USB 1.1 'Open' Host Controller (OHCI) Driver
[    7.997361] initcall ohci_hcd_mod_init+0x0/0x4d returned 0 after 9942 usecs
[    8.008563] calling  ohci_pci_init+0x0/0x64 @ 1
[    8.016123] ohci-pci: OHCI PCI platform driver
[    8.023257] initcall ohci_pci_init+0x0/0x64 returned 0 after 6944 usecs
[    8.033569] calling  uhci_hcd_init+0x0/0xa6 @ 1
[    8.041127] uhci_hcd: USB Universal Host Controller Interface driver
[    8.053373] initcall uhci_hcd_init+0x0/0xa6 returned 0 after 11954 usecs
[    8.065309] calling  xhci_hcd_init+0x0/0x1e @ 1
[    8.073866] initcall xhci_hcd_init+0x0/0x1e returned 0 after 224 usecs
[    8.085595] calling  xhci_pci_init+0x0/0x49 @ 1
[    8.094271] initcall xhci_pci_init+0x0/0x49 returned 0 after 470 usecs
[    8.105599] calling  usblp_driver_init+0x0/0x15 @ 1
[    8.115227] usbcore: registered new interface driver usblp
[    8.124209] initcall usblp_driver_init+0x0/0x15 returned 0 after 9401 usecs
[    8.136331] calling  usb_storage_driver_init+0x0/0x2a @ 1
[    8.145632] usbcore: registered new interface driver usb-storage
[    8.155513] initcall usb_storage_driver_init+0x0/0x2a returned 0 after 9764 usecs
[    8.168072] calling  i8042_init+0x0/0x4c2 @ 1
[    8.177372] i8042: PNP: PS/2 Controller [PNP0303:KBD,PNP0f13:MOU] at 0x60,0x64 irq 1,12
[    8.202492] serio: i8042 KBD port at 0x60,0x64 irq 1
[    8.211621] serio: i8042 AUX port at 0x60,0x64 irq 12
[    8.220987] initcall i8042_init+0x0/0x4c2 returned 0 after 44478 usecs
[    8.231332] calling  serport_init+0x0/0x2c @ 1
[    8.238403] initcall serport_init+0x0/0x2c returned 0 after 55 usecs
[    8.248721] calling  input_leds_init+0x0/0xc @ 1
[    8.256415] initcall input_leds_init+0x0/0xc returned 0 after 260 usecs
[    8.267151] calling  evdev_init+0x0/0xc @ 1
[    8.280446] initcall evdev_init+0x0/0xc returned 0 after 5675 usecs
[    8.290095] calling  atkbd_init+0x0/0x21 @ 1
[    8.297054] initcall atkbd_init+0x0/0x21 returned 0 after 134 usecs
[    8.307461] calling  psmouse_init+0x0/0x7f @ 1
[    8.314904] initcall psmouse_init+0x0/0x7f returned 0 after 411 usecs
[    8.325322] calling  cmos_init+0x0/0x73 @ 1
[    8.333435] rtc_cmos 00:04: RTC can wake from S4
[    8.351463] input: AT Translated Set 2 keyboard as /devices/platform/i8042/serio0/input/input1
[    8.395916] ata1: SATA link down (SStatus 0 SControl 300)
[    8.409015] ata2: SATA link down (SStatus 0 SControl 300)
[    8.421247] ata3: SATA link up 1.5 Gbps (SStatus 113 SControl 300)
[    8.432942] ata3.00: ATAPI: QEMU DVD-ROM, 2.5+, max UDMA/100
[    8.442088] ata3.00: applying bridge limits
[    8.451861] ata3.00: configured for UDMA/100
[    8.463865] ata4: SATA link down (SStatus 0 SControl 300)
[    8.475596] ata5: SATA link down (SStatus 0 SControl 300)
[    8.493508] scsi 2:0:0:0: CD-ROM            QEMU     QEMU DVD-ROM     2.5+ PQ: 0 ANSI: 5
[    8.518388] rtc_cmos 00:04: registered as rtc0
[    8.526723] rtc_cmos 00:04: alarms up to one day, y3k, 242 bytes nvram, hpet irqs
[    8.537891] initcall cmos_init+0x0/0x73 returned 0 after 200850 usecs
[    8.548798] calling  smbalert_driver_init+0x0/0xe @ 1
[    8.557303] initcall smbalert_driver_init+0x0/0xe returned 0 after 211 usecs
[    8.568800] calling  i2c_i801_init+0x0/0xc5 @ 1
[    8.580052] i801_smbus 0000:00:1f.3: SMBus using PCI interrupt
[    8.592378] i2c i2c-0: 1/1 memory slots populated (from DMI)
[    8.600904] i2c i2c-0: Memory type 0x07 not supported yet, not instantiating SPD
[    8.612608] initcall i2c_i801_init+0x0/0xc5 returned 0 after 35294 usecs
[    8.623207] calling  ptp_kvm_init+0x0/0xf0 @ 1
[    8.633195] ata6: SATA link down (SStatus 0 SControl 300)
[    8.659271] sr 2:0:0:0: [sr0] scsi3-mmc drive: 4x/4x cd/rw xa/form2 tray
[    8.671149] cdrom: Uniform CD-ROM driver Revision: 3.20
[    8.680385] initcall ptp_kvm_init+0x0/0xf0 returned 0 after 48492 usecs
[    8.692373] calling  dm_init+0x0/0x3c @ 1
[    8.712888] sr 2:0:0:0: Attached scsi CD-ROM sr0
[    8.722117] device-mapper: ioctl: 4.43.0-ioctl (2020-10-01) initialised: dm-devel@redhat.com
[    8.736165] initcall dm_init+0x0/0x3c returned 0 after 36189 usecs
[    8.747142] calling  dm_mirror_init+0x0/0x29 @ 1
[    8.755494] initcall dm_mirror_init+0x0/0x29 returned 0 after 25 usecs
[    8.767096] calling  dm_dirty_log_init+0x0/0x4f @ 1
[    8.775984] initcall dm_dirty_log_init+0x0/0x4f returned 0 after 178 usecs
[    8.787766] calling  dm_zero_init+0x0/0x29 @ 1
[    8.794968] initcall dm_zero_init+0x0/0x29 returned 0 after 63 usecs
[    8.805721] calling  intel_pstate_init+0x0/0x4a2 @ 1
[    8.815380] intel_pstate: CPU model not supported
[    8.824474] initcall intel_pstate_init+0x0/0x4a2 returned -19 after 8776 usecs
[    8.836798] calling  haltpoll_init+0x0/0xc0 @ 1
[    8.844041] initcall haltpoll_init+0x0/0xc0 returned -19 after 114 usecs
[    8.855326] calling  efivars_sysfs_init+0x0/0x30 @ 1
[    8.863330] initcall efivars_sysfs_init+0x0/0x30 returned 0 after 45 usecs
[    8.874374] calling  esrt_sysfs_init+0x0/0x2a2 @ 1
[    8.881659] initcall esrt_sysfs_init+0x0/0x2a2 returned -38 after 79 usecs
[    8.892798] calling  hid_init+0x0/0x5c @ 1
[    8.899974] hid: raw HID events driver (C) Jiri Kosina
[    8.908564] initcall hid_init+0x0/0x5c returned 0 after 8836 usecs
[    8.918485] calling  hid_generic_init+0x0/0x15 @ 1
[    8.926607] initcall hid_generic_init+0x0/0x15 returned 0 after 220 usecs
[    8.937953] calling  a4_driver_init+0x0/0x15 @ 1
[    8.944943] initcall a4_driver_init+0x0/0x15 returned 0 after 21 usecs
[    8.954934] calling  apple_driver_init+0x0/0x15 @ 1
[    8.962904] initcall apple_driver_init+0x0/0x15 returned 0 after 282 usecs
[    8.973400] calling  belkin_driver_init+0x0/0x15 @ 1
[    8.981316] initcall belkin_driver_init+0x0/0x15 returned 0 after 21 usecs
[    8.992086] calling  ch_driver_init+0x0/0x15 @ 1
[    8.999458] initcall ch_driver_init+0x0/0x15 returned 0 after 19 usecs
[    9.010518] calling  ch_driver_init+0x0/0x15 @ 1
[    9.017840] initcall ch_driver_init+0x0/0x15 returned 0 after 24 usecs
[    9.027566] calling  cp_driver_init+0x0/0x15 @ 1
[    9.034914] initcall cp_driver_init+0x0/0x15 returned 0 after 194 usecs
[    9.045401] calling  ez_driver_init+0x0/0x15 @ 1
[    9.054920] initcall ez_driver_init+0x0/0x15 returned 0 after 25 usecs
[    9.064389] calling  gyration_driver_init+0x0/0x15 @ 1
[    9.072113] initcall gyration_driver_init+0x0/0x15 returned 0 after 146 usecs
[    9.083635] calling  ite_driver_init+0x0/0x15 @ 1
[    9.091165] initcall ite_driver_init+0x0/0x15 returned 0 after 24 usecs
[    9.103006] calling  ks_driver_init+0x0/0x15 @ 1
[    9.110352] initcall ks_driver_init+0x0/0x15 returned 0 after 23 usecs
[    9.120371] calling  lg_driver_init+0x0/0x15 @ 1
[    9.127641] initcall lg_driver_init+0x0/0x15 returned 0 after 26 usecs
[    9.138237] calling  lg_g15_driver_init+0x0/0x15 @ 1
[    9.146405] initcall lg_g15_driver_init+0x0/0x15 returned 0 after 22 usecs
[    9.157307] calling  ms_driver_init+0x0/0x15 @ 1
[    9.165211] initcall ms_driver_init+0x0/0x15 returned 0 after 49 usecs
[    9.175855] calling  mr_driver_init+0x0/0x15 @ 1
[    9.183321] initcall mr_driver_init+0x0/0x15 returned 0 after 166 usecs
[    9.208764] calling  ntrig_driver_init+0x0/0x15 @ 1
[    9.230099] initcall ntrig_driver_init+0x0/0x15 returned 0 after 9706 usecs
[    9.242172] calling  pl_driver_init+0x0/0x15 @ 1
[    9.250437] initcall pl_driver_init+0x0/0x15 returned 0 after 66 usecs
[    9.262187] calling  pl_driver_init+0x0/0x15 @ 1
[    9.270824] initcall pl_driver_init+0x0/0x15 returned 0 after 26 usecs
[    9.283182] calling  redragon_driver_init+0x0/0x15 @ 1
[    9.292022] initcall redragon_driver_init+0x0/0x15 returned 0 after 23 usecs
[    9.303003] calling  samsung_driver_init+0x0/0x15 @ 1
[    9.312623] initcall samsung_driver_init+0x0/0x15 returned 0 after 1246 usecs
[    9.324191] calling  sony_init+0x0/0x38 @ 1
[    9.331277] initcall sony_init+0x0/0x38 returned 0 after 198 usecs
[    9.341950] calling  sp_driver_init+0x0/0x15 @ 1
[    9.350259] initcall sp_driver_init+0x0/0x15 returned 0 after 31 usecs
[    9.362020] calling  ts_driver_init+0x0/0x15 @ 1
[    9.371682] initcall ts_driver_init+0x0/0x15 returned 0 after 30 usecs
[    9.382843] calling  hid_init+0x0/0x58 @ 1
[    9.391528] usbcore: registered new interface driver usbhid
[    9.400682] usbhid: USB HID core driver
[    9.408365] initcall hid_init+0x0/0x58 returned 0 after 17859 usecs
[    9.419762] calling  eeepc_laptop_init+0x0/0x57 @ 1
[    9.432237] initcall eeepc_laptop_init+0x0/0x57 returned -19 after 3895 usecs
[    9.444249] calling  pmc_atom_init+0x0/0x27a @ 1
[    9.452522] initcall pmc_atom_init+0x0/0x27a returned -19 after 430 usecs
[    9.463548] calling  alsa_hwdep_init+0x0/0x5e @ 1
[    9.473251] initcall alsa_hwdep_init+0x0/0x5e returned 0 after 1749 usecs
[    9.484574] calling  alsa_timer_init+0x0/0x1f0 @ 1
[    9.524809] sr 2:0:0:0: Attached scsi generic sg0 type 5
[    9.734389] input: ImExPS/2 Generic Explorer Mouse as /devices/platform/i8042/serio1/input/input3
[   10.413965] initcall alsa_timer_init+0x0/0x1f0 returned 0 after 900120 usecs
[   10.425466] calling  snd_hrtimer_init+0x0/0x117 @ 1
[   10.433463] initcall snd_hrtimer_init+0x0/0x117 returned 0 after 125 usecs
[   10.444449] calling  alsa_pcm_init+0x0/0x64 @ 1
[   10.451937] initcall alsa_pcm_init+0x0/0x64 returned 0 after 113 usecs
[   10.462211] calling  alsa_seq_init+0x0/0x4a @ 1
[   10.529905] initcall alsa_seq_init+0x0/0x4a returned 0 after 59217 usecs
[   10.540488] calling  alsa_seq_dummy_init+0x0/0x9c @ 1
[   10.552255] initcall alsa_seq_dummy_init+0x0/0x9c returned 0 after 149 usecs
[   10.563797] calling  azx_driver_init+0x0/0x15 @ 1
[   10.571614] initcall azx_driver_init+0x0/0x15 returned 0 after 446 usecs
[   10.581912] calling  sock_diag_init+0x0/0x2a @ 1
[   10.590219] initcall sock_diag_init+0x0/0x2a returned 0 after 931 usecs
[   10.600278] calling  blackhole_init+0x0/0xc @ 1
[   10.607615] initcall blackhole_init+0x0/0xc returned 0 after 78 usecs
[   10.617526] calling  nfnetlink_init+0x0/0x57 @ 1
[   10.624728] initcall nfnetlink_init+0x0/0x57 returned 0 after 222 usecs
[   10.634400] calling  nfnetlink_log_init+0x0/0x99 @ 1
[   10.642045] initcall nfnetlink_log_init+0x0/0x99 returned 0 after 189 usecs
[   10.652272] calling  nf_conntrack_standalone_init+0x0/0x87 @ 1
[   10.663604] initcall nf_conntrack_standalone_init+0x0/0x87 returned 0 after 2534 usecs
[   10.679465] calling  ctnetlink_init+0x0/0x83 @ 1
[   10.686792] initcall ctnetlink_init+0x0/0x83 returned 0 after 2 usecs
[   10.696357] calling  nf_conntrack_ftp_init+0x0/0x12c @ 1
[   10.704164] initcall nf_conntrack_ftp_init+0x0/0x12c returned 0 after 50 usecs
[   10.714859] calling  nf_conntrack_irc_init+0x0/0x129 @ 1
[   10.722575] initcall nf_conntrack_irc_init+0x0/0x129 returned 0 after 93 usecs
[   10.733303] calling  nf_conntrack_sip_init+0x0/0x172 @ 1
[   10.743336] initcall nf_conntrack_sip_init+0x0/0x172 returned 0 after 10 usecs
[   10.756688] calling  nf_nat_init+0x0/0xbb @ 1
[   10.762961] initcall nf_nat_init+0x0/0xbb returned 0 after 135 usecs
[   10.772041] calling  nf_nat_ftp_init+0x0/0x2a @ 1
[   10.778963] initcall nf_nat_ftp_init+0x0/0x2a returned 0 after 1 usecs
[   10.799239] calling  nf_nat_irc_init+0x0/0x2a @ 1
[   10.806230] initcall nf_nat_irc_init+0x0/0x2a returned 0 after 1 usecs
[   10.816088] calling  nf_nat_sip_init+0x0/0x36 @ 1
[   10.823253] initcall nf_nat_sip_init+0x0/0x36 returned 0 after 1 usecs
[   10.833221] calling  xt_init+0x0/0xcf @ 1
[   10.840849] initcall xt_init+0x0/0xcf returned 0 after 122 usecs
[   10.859834] calling  tcpudp_mt_init+0x0/0x11 @ 1
[   10.867188] initcall tcpudp_mt_init+0x0/0x11 returned 0 after 23 usecs
[   10.877541] calling  connsecmark_tg_init+0x0/0xc @ 1
[   10.887352] initcall connsecmark_tg_init+0x0/0xc returned 0 after 1 usecs
[   10.902197] calling  nflog_tg_init+0x0/0xc @ 1
[   10.908744] initcall nflog_tg_init+0x0/0xc returned 0 after 1 usecs
[   10.919127] calling  secmark_tg_init+0x0/0x11 @ 1
[   10.925859] initcall secmark_tg_init+0x0/0x11 returned 0 after 75 usecs
[   10.935817] calling  tcpmss_tg_init+0x0/0x11 @ 1
[   10.942753] initcall tcpmss_tg_init+0x0/0x11 returned 0 after 1 usecs
[   10.952272] calling  conntrack_mt_init+0x0/0x11 @ 1
[   10.959592] initcall conntrack_mt_init+0x0/0x11 returned 0 after 1 usecs
[   10.969455] calling  policy_mt_init+0x0/0x11 @ 1
[   10.976574] initcall policy_mt_init+0x0/0x11 returned 0 after 1 usecs
[   10.986244] calling  state_mt_init+0x0/0xc @ 1
[   10.993057] initcall state_mt_init+0x0/0xc returned 0 after 1 usecs
[   11.002825] calling  gre_offload_init+0x0/0x48 @ 1
[   11.010169] initcall gre_offload_init+0x0/0x48 returned 0 after 138 usecs
[   11.020136] calling  sysctl_ipv4_init+0x0/0x46 @ 1
[   11.027592] initcall sysctl_ipv4_init+0x0/0x46 returned 0 after 322 usecs
[   11.037463] calling  tunnel4_init+0x0/0x58 @ 1
[   11.044231] initcall tunnel4_init+0x0/0x58 returned 0 after 26 usecs
[   11.053999] calling  nf_defrag_init+0x0/0xc @ 1
[   11.061238] initcall nf_defrag_init+0x0/0xc returned 0 after 27 usecs
[   11.071891] calling  ip_tables_init+0x0/0x8d @ 1
[   11.079802] initcall ip_tables_init+0x0/0x8d returned 0 after 431 usecs
[   11.091049] calling  iptable_filter_init+0x0/0x4c @ 1
[   11.100991] initcall iptable_filter_init+0x0/0x4c returned 0 after 1778 usecs
[   11.111152] calling  iptable_mangle_init+0x0/0xb8 @ 1
[   11.118790] initcall iptable_mangle_init+0x0/0xb8 returned 0 after 222 usecs
[   11.128875] calling  reject_tg_init+0x0/0xc @ 1
[   11.135614] initcall reject_tg_init+0x0/0xc returned 0 after 1 usecs
[   11.147922] calling  cubictcp_register+0x0/0x53 @ 1
[   11.155367] initcall cubictcp_register+0x0/0x53 returned 0 after 35 usecs
[   11.165430] calling  xfrm_user_init+0x0/0x45 @ 1
[   11.172340] Initializing XFRM netlink socket
[   11.178819] initcall xfrm_user_init+0x0/0x45 returned 0 after 6323 usecs
[   11.188691] calling  inet6_init+0x0/0x35e @ 1
[   11.196223] NET: Registered protocol family 10
[   11.207431] srcu-torture: rcu_torture_read_exit: End of episode
[   11.222401] Segment Routing with IPv6
[   11.228032] initcall inet6_init+0x0/0x35e returned 0 after 32013 usecs
[   11.237760] calling  ah6_init+0x0/0x71 @ 1
[   11.244099] initcall ah6_init+0x0/0x71 returned 0 after 74 usecs
[   11.268743] calling  esp6_init+0x0/0x71 @ 1
[   11.279634] initcall esp6_init+0x0/0x71 returned 0 after 605 usecs
[   11.288949] calling  ip6_tables_init+0x0/0x8d @ 1
[   11.296955] initcall ip6_tables_init+0x0/0x8d returned 0 after 946 usecs
[   11.306631] calling  ip6table_filter_init+0x0/0x4c @ 1
[   11.317189] initcall ip6table_filter_init+0x0/0x4c returned 0 after 2222 usecs
[   11.328268] calling  ip6table_mangle_init+0x0/0xb8 @ 1
[   11.336475] initcall ip6table_mangle_init+0x0/0xb8 returned 0 after 447 usecs
[   11.351813] calling  nf_defrag_init+0x0/0x45 @ 1
[   11.360626] initcall nf_defrag_init+0x0/0x45 returned 0 after 1805 usecs
[   11.370818] calling  ipv6header_mt6_init+0x0/0xc @ 1
[   11.377821] initcall ipv6header_mt6_init+0x0/0xc returned 0 after 1 usecs
[   11.387336] calling  reject_tg6_init+0x0/0xc @ 1
[   11.394030] initcall reject_tg6_init+0x0/0xc returned 0 after 1 usecs
[   11.403033] calling  sit_init+0x0/0xc3 @ 1
[   11.408749] sit: IPv6, IPv4 and MPLS over IPv4 tunneling driver
[   11.423148] initcall sit_init+0x0/0xc3 returned 0 after 14057 usecs
[   11.432236] calling  packet_init+0x0/0x75 @ 1
[   11.438848] NET: Registered protocol family 17
[   11.445373] initcall packet_init+0x0/0x75 returned 0 after 6608 usecs
[   11.454686] calling  init_rpcsec_gss+0x0/0x60 @ 1
[   11.462442] initcall init_rpcsec_gss+0x0/0x60 returned 0 after 559 usecs
[   11.471957] calling  init_dns_resolver+0x0/0xca @ 1
[   11.479515] Key type dns_resolver registered
[   11.485737] initcall init_dns_resolver+0x0/0xca returned 0 after 6559 usecs
[   11.496125] calling  pm_check_save_msr+0x0/0x70 @ 1
[   11.505091] initcall pm_check_save_msr+0x0/0x70 returned 0 after 1483 usecs
[   11.515283] calling  mcheck_init_device+0x0/0x112 @ 1
[   11.524840] initcall mcheck_init_device+0x0/0x112 returned 0 after 1991 usecs
[   11.537228] calling  mcheck_late_init+0x0/0x58 @ 1
[   11.545069] initcall mcheck_late_init+0x0/0x58 returned 0 after 980 usecs
[   11.555094] calling  severities_debugfs_init+0x0/0x29 @ 1
[   11.562971] initcall severities_debugfs_init+0x0/0x29 returned 0 after 45 usecs
[   11.573476] calling  microcode_init+0x0/0x1bd @ 1
[   11.580410] initcall microcode_init+0x0/0x1bd returned -22 after 18 usecs
[   11.590998] calling  hpet_insert_resource+0x0/0x22 @ 1
[   11.599033] initcall hpet_insert_resource+0x0/0x22 returned 0 after 92 usecs
[   11.609407] calling  start_sync_check_timer+0x0/0x4f @ 1
[   11.617269] initcall start_sync_check_timer+0x0/0x4f returned 0 after 25 usecs
