c[?7l[2J[0mSeaBIOS (version 1.16.0-debian-1.16.0-4)
Booting from ROM...
early console in setup code
c[?7l[2J[    0.000000] Linux version 5.10.151+ (root@joelboxx.c.googlers.com) (gcc (Debian 12.2.0-3) 12.2.0, GNU ld (GNU Binutils for Debian) 2.39) #2 SMP Tue Dec 13 09:04:37 UTC 2022
[    0.000000] Command line: selinux=0 initcall_debug debug console=ttyS0 nohz_full=2-9 rcutorture.onoff_interval=1000 rcutorture.onoff_holdoff=30 rcutorture.n_barrier_cbs=4 rcutorture.stat_interval=15 rcutorture.shutdown_secs=1800 rcutorture.test_no_idle_hz=1 rcutorture.verbose=1
[    0.000000] x86/fpu: x87 FPU will use FXSAVE
[    0.000000] BIOS-provided physical RAM map:
[    0.000000] BIOS-e820: [mem 0x0000000000000000-0x000000000009fbff] usable
[    0.000000] BIOS-e820: [mem 0x000000000009fc00-0x000000000009ffff] reserved
[    0.000000] BIOS-e820: [mem 0x00000000000f0000-0x00000000000fffff] reserved
[    0.000000] BIOS-e820: [mem 0x0000000000100000-0x000000001ffdefff] usable
[    0.000000] BIOS-e820: [mem 0x000000001ffdf000-0x000000001fffffff] reserved
[    0.000000] BIOS-e820: [mem 0x00000000b0000000-0x00000000bfffffff] reserved
[    0.000000] BIOS-e820: [mem 0x00000000fed1c000-0x00000000fed1ffff] reserved
[    0.000000] BIOS-e820: [mem 0x00000000feffc000-0x00000000feffffff] reserved
[    0.000000] BIOS-e820: [mem 0x00000000fffc0000-0x00000000ffffffff] reserved
[    0.000000] NX (Execute Disable) protection: active
[    0.000000] SMBIOS 2.8 present.
[    0.000000] DMI: QEMU Standard PC (Q35 + ICH9, 2009), BIOS 1.16.0-debian-1.16.0-4 04/01/2014
[    0.000000] Hypervisor detected: KVM
[    0.000000] kvm-clock: Using msrs 4b564d01 and 4b564d00
[    0.000000] kvm-clock: cpu 0, msr 16aac001, primary cpu clock
[    0.000001] kvm-clock: using sched offset of 1866193519 cycles
[    0.000362] clocksource: kvm-clock: mask: 0xffffffffffffffff max_cycles: 0x1cd42e4dffb, max_idle_ns: 881590591483 ns
[    0.000520] tsc: Detected 1999.999 MHz processor
[    0.010183] e820: update [mem 0x00000000-0x00000fff] usable ==> reserved
[    0.010187] e820: remove [mem 0x000a0000-0x000fffff] usable
[    0.010195] last_pfn = 0x1ffdf max_arch_pfn = 0x400000000
[    0.011110] MTRR default type: write-back
[    0.011190] MTRR fixed ranges enabled:
[    0.011192]   00000-9FFFF write-back
[    0.011194]   A0000-BFFFF uncachable
[    0.011195]   C0000-FFFFF write-protect
[    0.011196] MTRR variable ranges enabled:
[    0.011198]   0 base 00C0000000 mask FFC0000000 uncachable
[    0.011199]   1 disabled
[    0.011200]   2 disabled
[    0.011201]   3 disabled
[    0.011201]   4 disabled
[    0.011202]   5 disabled
[    0.011203]   6 disabled
[    0.011203]   7 disabled
[    0.011849] x86/PAT: Configuration [0-7]: WB  WC  UC- UC  WB  WC  UC- UC  
[    0.021247] found SMP MP-table at [mem 0x000f5ba0-0x000f5baf]
[    0.024792] check: Scanning 1 areas for low memory corruption
[    0.039055] ACPI: Early table checksum verification disabled
[    0.041926] ACPI: RSDP 0x00000000000F59E0 000014 (v00 BOCHS )
[    0.042433] ACPI: RSDT 0x000000001FFE281A 000038 (v01 BOCHS  BXPC     00000001 BXPC 00000001)
[    0.042800] ACPI: FACP 0x000000001FFE259A 0000F4 (v03 BOCHS  BXPC     00000001 BXPC 00000001)
[    0.042906] ACPI: DSDT 0x000000001FFE0040 00255A (v01 BOCHS  BXPC     00000001 BXPC 00000001)
[    0.042910] ACPI: FACS 0x000000001FFE0000 000040
[    0.042915] ACPI: APIC 0x000000001FFE268E 0000F0 (v01 BOCHS  BXPC     00000001 BXPC 00000001)
[    0.042919] ACPI: HPET 0x000000001FFE277E 000038 (v01 BOCHS  BXPC     00000001 BXPC 00000001)
[    0.042923] ACPI: MCFG 0x000000001FFE27B6 00003C (v01 BOCHS  BXPC     00000001 BXPC 00000001)
[    0.042927] ACPI: WAET 0x000000001FFE27F2 000028 (v01 BOCHS  BXPC     00000001 BXPC 00000001)
[    0.042932] ACPI: Reserving FACP table memory at [mem 0x1ffe259a-0x1ffe268d]
[    0.042934] ACPI: Reserving DSDT table memory at [mem 0x1ffe0040-0x1ffe2599]
[    0.042935] ACPI: Reserving FACS table memory at [mem 0x1ffe0000-0x1ffe003f]
[    0.042936] ACPI: Reserving APIC table memory at [mem 0x1ffe268e-0x1ffe277d]
[    0.042937] ACPI: Reserving HPET table memory at [mem 0x1ffe277e-0x1ffe27b5]
[    0.042938] ACPI: Reserving MCFG table memory at [mem 0x1ffe27b6-0x1ffe27f1]
[    0.042939] ACPI: Reserving WAET table memory at [mem 0x1ffe27f2-0x1ffe2819]
[    0.044248] ACPI: Local APIC address 0xfee00000
[    0.049718] No NUMA configuration found
[    0.049721] Faking a node at [mem 0x0000000000000000-0x000000001ffdefff]
[    0.050004] NODE_DATA(0) allocated [mem 0x1ffdb000-0x1ffdefff]
[    0.053400] Zone ranges:
[    0.053714]   DMA      [mem 0x0000000000001000-0x0000000000ffffff]
[    0.053805]   DMA32    [mem 0x0000000001000000-0x000000001ffdefff]
[    0.053808]   Normal   empty
[    0.053903] Movable zone start for each node
[    0.053904] Early memory node ranges
[    0.053997]   node   0: [mem 0x0000000000001000-0x000000000009efff]
[    0.054098]   node   0: [mem 0x0000000000100000-0x000000001ffdefff]
[    0.054260] Initmem setup node 0 [mem 0x0000000000001000-0x000000001ffdefff]
[    0.054262] On node 0 totalpages: 130941
[    0.054505]   DMA zone: 64 pages used for memmap
[    0.054507]   DMA zone: 21 pages reserved
[    0.054508]   DMA zone: 3998 pages, LIFO batch:0
[    0.054510]   DMA32 zone: 1984 pages used for memmap
[    0.054511]   DMA32 zone: 126943 pages, LIFO batch:31
[    0.056752] On node 0, zone DMA: 1 pages in unavailable ranges
[    0.062260] On node 0, zone DMA: 97 pages in unavailable ranges
[    0.259309] On node 0, zone DMA32: 33 pages in unavailable ranges
[    0.265948] ACPI: PM-Timer IO Port: 0x608
[    0.266029] ACPI: Local APIC address 0xfee00000
[    0.267132] ACPI: LAPIC_NMI (acpi_id[0xff] dfl dfl lint[0x1])
[    0.272795] IOAPIC[0]: apic_id 0, version 17, address 0xfec00000, GSI 0-23
[    0.272804] ACPI: INT_SRC_OVR (bus 0 bus_irq 0 global_irq 2 dfl dfl)
[    0.273132] ACPI: INT_SRC_OVR (bus 0 bus_irq 5 global_irq 5 high level)
[    0.273211] ACPI: INT_SRC_OVR (bus 0 bus_irq 9 global_irq 9 high level)
[    0.273388] ACPI: INT_SRC_OVR (bus 0 bus_irq 10 global_irq 10 high level)
[    0.273389] ACPI: INT_SRC_OVR (bus 0 bus_irq 11 global_irq 11 high level)
[    0.273392] ACPI: IRQ0 used by override.
[    0.273394] ACPI: IRQ5 used by override.
[    0.273395] ACPI: IRQ9 used by override.
[    0.273396] ACPI: IRQ10 used by override.
[    0.273397] ACPI: IRQ11 used by override.
[    0.273508] Using ACPI (MADT) for SMP configuration information
[    0.273606] ACPI: HPET id: 0x8086a201 base: 0xfed00000
[    0.275823] smpboot: Allowing 16 CPUs, 0 hotplug CPUs
[    0.278762] PM: hibernation: Registered nosave memory: [mem 0x00000000-0x00000fff]
[    0.278765] PM: hibernation: Registered nosave memory: [mem 0x0009f000-0x0009ffff]
[    0.278767] PM: hibernation: Registered nosave memory: [mem 0x000a0000-0x000effff]
[    0.278768] PM: hibernation: Registered nosave memory: [mem 0x000f0000-0x000fffff]
[    0.278844] [mem 0x20000000-0xafffffff] available for PCI devices
[    0.279091] Booting paravirtualized kernel on KVM
[    0.279946] clocksource: refined-jiffies: mask: 0xffffffff max_cycles: 0xffffffff, max_idle_ns: 1910969940391419 ns
[    0.337027] setup_percpu: NR_CPUS:16 nr_cpumask_bits:16 nr_cpu_ids:16 nr_node_ids:1
[    0.393898] percpu: Embedded 56 pages/cpu s191448 r8192 d29736 u262144
[    0.394064] pcpu-alloc: s191448 r8192 d29736 u262144 alloc=1*2097152
[    0.394145] pcpu-alloc: [0] 00 01 02 03 04 05 06 07 [0] 08 09 10 11 12 13 14 15 
[    0.394720] kvm-guest: stealtime: cpu 0, msr 1f21b600
[    0.395359] Built 1 zonelists, mobility grouping on.  Total pages: 128872
[    0.395432] Policy zone: DMA32
[    0.395609] Kernel command line: selinux=0 initcall_debug debug console=ttyS0 nohz_full=2-9 rcutorture.onoff_interval=1000 rcutorture.onoff_holdoff=30 rcutorture.n_barrier_cbs=4 rcutorture.stat_interval=15 rcutorture.shutdown_secs=1800 rcutorture.test_no_idle_hz=1 rcutorture.verbose=1
[    0.405948] Dentry cache hash table entries: 65536 (order: 7, 524288 bytes, linear)
[    0.405992] Inode-cache hash table entries: 32768 (order: 6, 262144 bytes, linear)
[    0.409005] mem auto-init: stack:all(zero), heap alloc:off, heap free:off
[    0.535820] Memory: 477988K/523764K available (14349K kernel code, 2565K rwdata, 4704K rodata, 1504K init, 1464K bss, 45516K reserved, 0K cma-reserved)
[    0.537400] SLUB: HWalign=64, Order=0-3, MinObjects=0, CPUs=16, Nodes=1
[    0.538382] Kernel/User page tables isolation: enabled
[    0.551764] rcu: Hierarchical RCU implementation.
[    0.551768] rcu: 	RCU event tracing is enabled.
[    0.551769] rcu: 	CONFIG_RCU_FANOUT set to non-default value of 2.
[    0.551771] rcu: 	Four(or more)-level hierarchy is enabled.
[    0.551772] rcu: 	Build-time adjustment of leaf fanout to 2.
[    0.551912] 	Trampoline variant of Tasks RCU enabled.
[    0.551914] 	Rude variant of Tasks RCU enabled.
[    0.551915] 	Tracing variant of Tasks RCU enabled.
[    0.552078] rcu: RCU calculated value of scheduler-enlistment delay is 100 jiffies.
[    0.578968] NR_IRQS: 4352, nr_irqs: 552, preallocated irqs: 16
[    0.582471] NO_HZ: Full dynticks CPUs: 2-9.
[    0.582474] rcu: 	Offload RCU callbacks from CPUs: 2-9.
[    0.585413] calling  con_init+0x0/0x22a @ 0
[    0.785575] Console: colour VGA+ 80x25
[    0.785588] initcall con_init+0x0/0x22a returned 0 after 0 usecs
[    0.785673] calling  hvc_console_init+0x0/0x13 @ 0
[    0.785847] initcall hvc_console_init+0x0/0x13 returned 0 after 0 usecs
[    0.785849] calling  univ8250_console_init+0x0/0x26 @ 0
[    1.737646] printk: console [ttyS0] enabled
[    1.743489] initcall univ8250_console_init+0x0/0x26 returned 0 after 0 usecs
[    1.754029] ACPI: Core revision 20200925
[    1.762179] clocksource: hpet: mask: 0xffffffff max_cycles: 0xffffffff, max_idle_ns: 19112604467 ns
[    1.775580] APIC: Switch to symmetric I/O mode setup
[    1.783057] Switched APIC routing to physical flat.
[    1.808343] ..TIMER: vector=0x30 apic1=0 pin1=2 apic2=-1 pin2=-1
[    1.815393] clocksource: tsc-early: mask: 0xffffffffffffffff max_cycles: 0x39a85afc727, max_idle_ns: 881590685098 ns
[    1.827696] Calibrating delay loop (skipped) preset value.. 3999.99 BogoMIPS (lpj=1999999)
[    1.828504] pid_max: default: 32768 minimum: 301
[    1.829905] LSM: Security Framework initializing
[    1.831755] Mount-cache hash table entries: 1024 (order: 1, 8192 bytes, linear)
[    1.832474] Mountpoint-cache hash table entries: 1024 (order: 1, 8192 bytes, linear)
[    1.839928] Last level iTLB entries: 4KB 0, 2MB 0, 4MB 0
[    1.840444] Last level dTLB entries: 4KB 0, 2MB 0, 4MB 0, 1GB 0
[    1.841536] Spectre V1 : Mitigation: usercopy/swapgs barriers and __user pointer sanitization
[    1.842462] Spectre V2 : Mitigation: Retpolines
[    1.843443] Spectre V2 : Spectre v2 / SpectreRSB mitigation: Filling RSB on context switch
[    1.844442] Spectre V2 : Spectre v2 / SpectreRSB : Filling RSB on VMEXIT
[    1.845443] Speculative Store Bypass: Vulnerable
[    1.846472] MDS: Vulnerable: Clear CPU buffers attempted, no microcode
[    1.847442] MMIO Stale Data: Unknown: No mitigations
[    1.897829] Freeing SMP alternatives memory: 44K
[    2.002439] smpboot: CPU0: Intel Common KVM processor (family: 0xf, model: 0x6, stepping: 0x1)
[    2.003741] calling  init_hw_perf_events+0x0/0x6ce @ 1
[    2.004444] Performance Events: unsupported Netburst CPU model 6 no PMU driver, software events only.
[    2.005448] initcall init_hw_perf_events+0x0/0x6ce returned 0 after 976 usecs
[    2.006447] calling  init_real_mode+0x0/0x1e9 @ 1
[    2.008617] initcall init_real_mode+0x0/0x1e9 returned 0 after 976 usecs
[    2.009447] calling  trace_init_perf_perm_irq_work_exit+0x0/0x12 @ 1
[    2.010495] initcall trace_init_perf_perm_irq_work_exit+0x0/0x12 returned 0 after 0 usecs
[    2.011462] calling  validate_x2apic+0x0/0x4a @ 1
[    2.012472] initcall validate_x2apic+0x0/0x4a returned 0 after 0 usecs
[    2.013446] calling  register_nmi_cpu_backtrace_handler+0x0/0x15 @ 1
[    2.014447] initcall register_nmi_cpu_backtrace_handler+0x0/0x15 returned 0 after 0 usecs
[    2.015446] calling  kvm_setup_vsyscall_timeinfo+0x0/0xce @ 1
[    2.016446] initcall kvm_setup_vsyscall_timeinfo+0x0/0xce returned 0 after 0 usecs
[    2.017463] calling  spawn_ksoftirqd+0x0/0x38 @ 1
[    2.018541] initcall spawn_ksoftirqd+0x0/0x38 returned 0 after 0 usecs
[    2.019446] calling  migration_init+0x0/0x3c @ 1
[    2.020447] initcall migration_init+0x0/0x3c returned 0 after 0 usecs
[    2.021445] calling  srcu_bootup_announce+0x0/0x2f @ 1
[    2.022463] rcu: Hierarchical SRCU implementation.
[    2.023474] initcall srcu_bootup_announce+0x0/0x2f returned 0 after 976 usecs
[    2.024447] calling  rcu_spawn_gp_kthread+0x0/0x1dd @ 1
[    2.025538] initcall rcu_spawn_gp_kthread+0x0/0x1dd returned 0 after 0 usecs
[    2.026445] calling  check_cpu_stall_init+0x0/0x1a @ 1
[    2.027445] initcall check_cpu_stall_init+0x0/0x1a returned 0 after 0 usecs
[    2.028445] calling  rcu_sysrq_init+0x0/0x21 @ 1
[    2.029444] initcall rcu_sysrq_init+0x0/0x21 returned 0 after 0 usecs
[    2.030444] calling  trace_init_flags_sys_enter+0x0/0xe @ 1
[    2.031456] initcall trace_init_flags_sys_enter+0x0/0xe returned 0 after 0 usecs
[    2.032444] calling  trace_init_flags_sys_exit+0x0/0xe @ 1
[    2.033444] initcall trace_init_flags_sys_exit+0x0/0xe returned 0 after 0 usecs
[    2.035445] calling  cpu_stop_init+0x0/0x6e @ 1
[    2.036536] initcall cpu_stop_init+0x0/0x6e returned 0 after 0 usecs
[    2.037447] calling  init_kprobes+0x0/0x165 @ 1
[    2.039168] initcall init_kprobes+0x0/0x165 returned 0 after 0 usecs
[    2.039445] calling  init_events+0x0/0x3d @ 1
[    2.041524] initcall init_events+0x0/0x3d returned 0 after 976 usecs
[    2.042446] calling  init_trace_printk+0x0/0xc @ 1
[    2.043445] initcall init_trace_printk+0x0/0xc returned 0 after 0 usecs
[    2.044454] calling  event_trace_enable_again+0x0/0x23 @ 1
[    2.045445] initcall event_trace_enable_again+0x0/0x23 returned 0 after 0 usecs
[    2.046444] calling  static_call_init+0x0/0x77 @ 1
[    2.047445] initcall static_call_init+0x0/0x77 returned 0 after 0 usecs
[    2.048444] calling  jump_label_init_module+0x0/0xc @ 1
[    2.049445] initcall jump_label_init_module+0x0/0xc returned 0 after 0 usecs
[    2.050444] calling  init_zero_pfn+0x0/0x37 @ 1
[    2.051444] initcall init_zero_pfn+0x0/0x37 returned 0 after 0 usecs
[    2.053444] calling  initialize_ptr_random+0x0/0x54 @ 1
[    2.054444] initcall initialize_ptr_random+0x0/0x54 returned 0 after 0 usecs
[    2.055462] calling  efi_memreserve_root_init+0x0/0x25 @ 1
[    2.056492] initcall efi_memreserve_root_init+0x0/0x25 returned 0 after 0 usecs
[    2.057445] calling  efi_earlycon_remap_fb+0x0/0x51 @ 1
[    2.058472] initcall efi_earlycon_remap_fb+0x0/0x51 returned 0 after 0 usecs
[    2.062374] smp: Bringing up secondary CPUs ...
[    2.062882] x86: Booting SMP configuration:
[    2.063497] .... node  #0, CPUs:        #1
[    1.239674] kvm-clock: cpu 1, msr 16aac041, secondary cpu clock
[    2.088780] kvm-guest: stealtime: cpu 1, msr 1f25b600
[    2.101956]   #2
[    1.239674] kvm-clock: cpu 2, msr 16aac081, secondary cpu clock
[    2.124815] kvm-guest: stealtime: cpu 2, msr 1f29b600
[    2.141858]   #3
[    1.239674] kvm-clock: cpu 3, msr 16aac0c1, secondary cpu clock
[    2.164816] kvm-guest: stealtime: cpu 3, msr 1f2db600
[    2.181450]   #4
[    1.239674] kvm-clock: cpu 4, msr 16aac101, secondary cpu clock
[    2.202738] kvm-guest: stealtime: cpu 4, msr 1f31b600
[    2.215924]   #5
[    1.239674] kvm-clock: cpu 5, msr 16aac141, secondary cpu clock
[    2.242810] kvm-guest: stealtime: cpu 5, msr 1f35b600
[    2.256707]   #6
[    1.239674] kvm-clock: cpu 6, msr 16aac181, secondary cpu clock
[    2.278767] kvm-guest: stealtime: cpu 6, msr 1f39b600
[    2.291821]   #7
[    1.239674] kvm-clock: cpu 7, msr 16aac1c1, secondary cpu clock
[    2.314830] kvm-guest: stealtime: cpu 7, msr 1f3db600
[    2.331857]   #8
[    1.239674] kvm-clock: cpu 8, msr 16aac201, secondary cpu clock
[    2.353762] kvm-guest: stealtime: cpu 8, msr 1f41b600
[    2.367840]   #9
[    1.239674] kvm-clock: cpu 9, msr 16aac241, secondary cpu clock
[    2.391439] kvm-guest: stealtime: cpu 9, msr 1f45b600
[    2.404919]  #10
[    1.239674] kvm-clock: cpu 10, msr 16aac281, secondary cpu clock
[    2.426626] kvm-guest: stealtime: cpu 10, msr 1f49b600
[    2.441453]  #11
[    1.239674] kvm-clock: cpu 11, msr 16aac2c1, secondary cpu clock
[    2.463796] kvm-guest: stealtime: cpu 11, msr 1f4db600
[    2.477739]  #12
[    1.239674] kvm-clock: cpu 12, msr 16aac301, secondary cpu clock
[    2.499440] kvm-guest: stealtime: cpu 12, msr 1f51b600
[    2.514172]  #13
[    1.239674] kvm-clock: cpu 13, msr 16aac341, secondary cpu clock
[    2.538670] kvm-guest: stealtime: cpu 13, msr 1f55b600
[    2.553153]  #14
[    1.239674] kvm-clock: cpu 14, msr 16aac381, secondary cpu clock
[    2.574656] kvm-guest: stealtime: cpu 14, msr 1f59b600
[    2.589195]  #15
[    1.239674] kvm-clock: cpu 15, msr 16aac3c1, secondary cpu clock
[    2.610775] kvm-guest: stealtime: cpu 15, msr 1f5db600
[    2.625763] smp: Brought up 1 node, 16 CPUs
[    2.626443] smpboot: Max logical packages: 1
[    2.627445] smpboot: Total of 16 processors activated (63999.96 BogoMIPS)
[    2.648447] devtmpfs: initialized
[    2.652168] calling  ipc_ns_init+0x0/0x3d @ 1
[    2.652498] initcall ipc_ns_init+0x0/0x3d returned 0 after 0 usecs
[    2.653448] calling  init_mmap_min_addr+0x0/0x21 @ 1
[    2.654449] initcall init_mmap_min_addr+0x0/0x21 returned 0 after 0 usecs
[    2.655448] calling  pci_realloc_setup_params+0x0/0x3f @ 1
[    2.656447] initcall pci_realloc_setup_params+0x0/0x3f returned 0 after 0 usecs
[    2.657448] calling  net_ns_init+0x0/0x11c @ 1
[    2.659756] initcall net_ns_init+0x0/0x11c returned 0 after 976 usecs
[    2.660464] calling  e820__register_nvs_regions+0x0/0x37 @ 1
[    2.661468] initcall e820__register_nvs_regions+0x0/0x37 returned 0 after 0 usecs
[    2.662455] calling  cpufreq_register_tsc_scaling+0x0/0x2e @ 1
[    2.663484] initcall cpufreq_register_tsc_scaling+0x0/0x2e returned 0 after 0 usecs
[    2.664445] calling  reboot_init+0x0/0x3c @ 1
[    2.665524] initcall reboot_init+0x0/0x3c returned 0 after 0 usecs
[    2.666445] calling  init_lapic_sysfs+0x0/0x20 @ 1
[    2.667445] initcall init_lapic_sysfs+0x0/0x20 returned 0 after 0 usecs
[    2.668445] calling  alloc_frozen_cpus+0x0/0x7 @ 1
[    2.669444] initcall alloc_frozen_cpus+0x0/0x7 returned 0 after 0 usecs
[    2.671444] calling  cpu_hotplug_pm_sync_init+0x0/0x13 @ 1
[    2.672445] initcall cpu_hotplug_pm_sync_init+0x0/0x13 returned 0 after 0 usecs
[    2.673445] calling  wq_sysfs_init+0x0/0x2a @ 1
[    2.675495] initcall wq_sysfs_init+0x0/0x2a returned 0 after 976 usecs
[    2.676448] calling  ksysfs_init+0x0/0x92 @ 1
[    2.677462] initcall ksysfs_init+0x0/0x92 returned 0 after 0 usecs
[    2.678448] calling  schedutil_gov_init+0x0/0xc @ 1
[    2.679511] initcall schedutil_gov_init+0x0/0xc returned 0 after 0 usecs
[    2.680446] calling  pm_init+0x0/0x76 @ 1
[    2.681562] initcall pm_init+0x0/0x76 returned 0 after 0 usecs
[    2.682446] calling  pm_disk_init+0x0/0x13 @ 1
[    2.684464] initcall pm_disk_init+0x0/0x13 returned 0 after 0 usecs
[    2.685444] calling  swsusp_header_init+0x0/0x2b @ 1
[    2.686447] initcall swsusp_header_init+0x0/0x2b returned 0 after 0 usecs
[    2.687443] calling  rcu_set_runtime_mode+0x0/0x16 @ 1
[    2.688446] initcall rcu_set_runtime_mode+0x0/0x16 returned 0 after 0 usecs
[    2.689444] calling  init_jiffies_clocksource+0x0/0x13 @ 1
[    2.690444] clocksource: jiffies: mask: 0xffffffff max_cycles: 0xffffffff, max_idle_ns: 1911260446275000 ns
[    2.691446] initcall init_jiffies_clocksource+0x0/0x13 returned 0 after 976 usecs
[    2.692444] calling  futex_init+0x0/0xf7 @ 1
[    2.693447] futex hash table entries: 4096 (order: 6, 262144 bytes, linear)
[    2.695829] initcall futex_init+0x0/0xf7 returned 0 after 1953 usecs
[    2.696446] calling  cgroup_wq_init+0x0/0x28 @ 1
[    2.698456] initcall cgroup_wq_init+0x0/0x28 returned 0 after 0 usecs
[    2.699445] calling  cgroup1_wq_init+0x0/0x28 @ 1
[    2.700455] initcall cgroup1_wq_init+0x0/0x28 returned 0 after 0 usecs
[    2.701445] calling  init_kprobe_trace_early+0x0/0x2a @ 1
[    2.702516] initcall init_kprobe_trace_early+0x0/0x2a returned 0 after 0 usecs
[    2.703447] calling  fsnotify_init+0x0/0x48 @ 1
[    2.704476] initcall fsnotify_init+0x0/0x48 returned 0 after 0 usecs
[    2.705446] calling  filelock_init+0x0/0x96 @ 1
[    2.706470] initcall filelock_init+0x0/0x96 returned 0 after 0 usecs
[    2.707447] calling  init_misc_binfmt+0x0/0x2c @ 1
[    2.708469] initcall init_misc_binfmt+0x0/0x2c returned 0 after 0 usecs
[    2.709446] calling  init_script_binfmt+0x0/0x15 @ 1
[    2.710445] initcall init_script_binfmt+0x0/0x15 returned 0 after 0 usecs
[    2.711445] calling  init_elf_binfmt+0x0/0x15 @ 1
[    2.712446] initcall init_elf_binfmt+0x0/0x15 returned 0 after 0 usecs
[    2.713463] calling  init_compat_elf_binfmt+0x0/0x15 @ 1
[    2.714460] initcall init_compat_elf_binfmt+0x0/0x15 returned 0 after 0 usecs
[    2.715448] calling  debugfs_init+0x0/0x5c @ 1
[    2.716473] initcall debugfs_init+0x0/0x5c returned 0 after 0 usecs
[    2.717448] calling  tracefs_init+0x0/0x3a @ 1
[    2.718455] initcall tracefs_init+0x0/0x3a returned 0 after 0 usecs
[    2.719447] calling  prandom_init_early+0x0/0x15d @ 1
[    2.720447] initcall prandom_init_early+0x0/0x15d returned 0 after 0 usecs
[    2.721558] calling  virtio_init+0x0/0x20 @ 1
[    2.722497] initcall virtio_init+0x0/0x20 returned 0 after 0 usecs
[    2.723446] calling  iommu_init+0x0/0x2a @ 1
[    2.724514] initcall iommu_init+0x0/0x2a returned 0 after 0 usecs
[    2.725445] calling  component_debug_init+0x0/0x1c @ 1
[    2.726487] initcall component_debug_init+0x0/0x1c returned 0 after 0 usecs
[    2.727445] calling  early_resume_init+0x0/0xb9 @ 1
[    2.729442] PM: RTC time: 09:27:29, date: 2022-12-13
[    2.730462] initcall early_resume_init+0x0/0xb9 returned 0 after 1953 usecs
[    2.731446] calling  cpufreq_core_init+0x0/0x62 @ 1
[    2.732450] initcall cpufreq_core_init+0x0/0x62 returned 0 after 0 usecs
[    2.733446] calling  cpufreq_gov_performance_init+0x0/0xc @ 1
[    2.734446] initcall cpufreq_gov_performance_init+0x0/0xc returned 0 after 0 usecs
[    2.735461] calling  cpufreq_gov_userspace_init+0x0/0xc @ 1
[    2.736446] initcall cpufreq_gov_userspace_init+0x0/0xc returned 0 after 0 usecs
[    2.737445] calling  CPU_FREQ_GOV_ONDEMAND_init+0x0/0xc @ 1
[    2.738445] initcall CPU_FREQ_GOV_ONDEMAND_init+0x0/0xc returned 0 after 0 usecs
[    2.739446] calling  cpuidle_init+0x0/0x1f @ 1
[    2.740483] initcall cpuidle_init+0x0/0x1f returned 0 after 0 usecs
[    2.741447] calling  capsule_reboot_register+0x0/0xc @ 1
[    2.742475] initcall capsule_reboot_register+0x0/0xc returned 0 after 0 usecs
[    2.743446] calling  sock_init+0x0/0x93 @ 1
[    2.747294] initcall sock_init+0x0/0x93 returned 0 after 1953 usecs
[    2.747446] calling  net_inuse_init+0x0/0x23 @ 1
[    2.748450] initcall net_inuse_init+0x0/0x23 returned 0 after 0 usecs
[    2.749443] calling  net_defaults_init+0x0/0x23 @ 1
[    2.750445] initcall net_defaults_init+0x0/0x23 returned 0 after 0 usecs
[    2.751443] calling  init_default_flow_dissectors+0x0/0x4f @ 1
[    2.752463] initcall init_default_flow_dissectors+0x0/0x4f returned 0 after 0 usecs
[    2.754443] calling  netpoll_init+0x0/0x26 @ 1
[    2.755444] initcall netpoll_init+0x0/0x26 returned 0 after 0 usecs
[    2.756444] calling  netlink_proto_init+0x0/0x14f @ 1
[    2.758831] NET: Registered protocol family 16
[    2.759458] initcall netlink_proto_init+0x0/0x14f returned 0 after 1953 usecs
[    2.760444] calling  genl_init+0x0/0x35 @ 1
[    2.761560] initcall genl_init+0x0/0x35 returned 0 after 0 usecs
[    2.762455] calling  bsp_pm_check_init+0x0/0x13 @ 1
[    2.763444] initcall bsp_pm_check_init+0x0/0x13 returned 0 after 0 usecs
[    2.764477] calling  irq_sysfs_init+0x0/0xb7 @ 1
[    2.765538] initcall irq_sysfs_init+0x0/0xb7 returned 0 after 0 usecs
[    2.766445] calling  audit_init+0x0/0x160 @ 1
[    2.767446] audit: initializing netlink subsys (disabled)
[    2.770006] initcall audit_init+0x0/0x160 returned 0 after 1953 usecs
[    2.769877] audit: type=2000 audit(1670923647.648:1): state=initialized audit_enabled=0 res=1
[    2.770448] calling  release_early_probes+0x0/0x32 @ 1
[    2.772448] initcall release_early_probes+0x0/0x32 returned 0 after 0 usecs
[    2.773448] calling  bdi_class_init+0x0/0x48 @ 1
[    2.774485] initcall bdi_class_init+0x0/0x48 returned 0 after 0 usecs
[    2.775447] calling  mm_sysfs_init+0x0/0x28 @ 1
[    2.776455] initcall mm_sysfs_init+0x0/0x28 returned 0 after 0 usecs
[    2.777447] calling  init_per_zone_wmark_min+0x0/0x6d @ 1
[    2.778452] initcall init_per_zone_wmark_min+0x0/0x6d returned 0 after 0 usecs
[    2.779448] calling  mpi_init+0x0/0x3e @ 1
[    2.780477] initcall mpi_init+0x0/0x3e returned 0 after 0 usecs
[    2.781445] calling  kobject_uevent_init+0x0/0xc @ 1
[    2.782458] initcall kobject_uevent_init+0x0/0xc returned 0 after 0 usecs
[    2.783448] calling  pcibus_class_init+0x0/0x13 @ 1
[    2.784486] initcall pcibus_class_init+0x0/0x13 returned 0 after 0 usecs
[    2.786447] calling  pci_driver_init+0x0/0x21 @ 1
[    2.787493] initcall pci_driver_init+0x0/0x21 returned 0 after 0 usecs
[    2.788451] calling  backlight_class_init+0x0/0xa8 @ 1
[    2.789491] initcall backlight_class_init+0x0/0xa8 returned 0 after 0 usecs
[    2.790446] calling  tty_class_init+0x0/0x33 @ 1
[    2.791452] initcall tty_class_init+0x0/0x33 returned 0 after 0 usecs
[    2.792448] calling  vtconsole_class_init+0x0/0xb5 @ 1
[    2.793561] initcall vtconsole_class_init+0x0/0xb5 returned 0 after 0 usecs
[    2.794445] calling  iommu_dev_init+0x0/0x13 @ 1
[    2.796450] initcall iommu_dev_init+0x0/0x13 returned 0 after 976 usecs
[    2.797445] calling  mipi_dsi_bus_init+0x0/0xc @ 1
[    2.798496] initcall mipi_dsi_bus_init+0x0/0xc returned 0 after 0 usecs
[    2.799450] calling  devlink_class_init+0x0/0x40 @ 1
[    2.800460] initcall devlink_class_init+0x0/0x40 returned 0 after 0 usecs
[    2.801447] calling  software_node_init+0x0/0x2a @ 1
[    2.802449] initcall software_node_init+0x0/0x2a returned 0 after 0 usecs
[    2.803445] calling  wakeup_sources_debugfs_init+0x0/0x23 @ 1
[    2.804453] initcall wakeup_sources_debugfs_init+0x0/0x23 returned 0 after 0 usecs
[    2.805445] calling  wakeup_sources_sysfs_init+0x0/0x2c @ 1
[    2.806456] initcall wakeup_sources_sysfs_init+0x0/0x2c returned 0 after 0 usecs
[    2.807445] calling  register_node_type+0x0/0x13 @ 1
[    2.808506] initcall register_node_type+0x0/0x13 returned 0 after 0 usecs
[    2.809444] calling  regmap_initcall+0x0/0xc @ 1
[    2.810465] initcall regmap_initcall+0x0/0xc returned 0 after 0 usecs
[    2.811445] calling  i2c_init+0x0/0xb3 @ 1
[    2.812502] initcall i2c_init+0x0/0xb3 returned 0 after 0 usecs
[    2.813445] calling  thermal_init+0x0/0xf2 @ 1
[    2.814468] thermal_sys: Registered thermal governor 'step_wise'
[    2.814470] thermal_sys: Registered thermal governor 'user_space'
[    2.815453] initcall thermal_init+0x0/0xf2 returned 0 after 976 usecs
[    2.817445] calling  init_menu+0x0/0xc @ 1
[    2.820660] cpuidle: using governor menu
[    2.826455] initcall init_menu+0x0/0xc returned 0 after 7812 usecs
[    2.836453] calling  pcc_init+0x0/0x4d @ 1
[    2.841449] initcall pcc_init+0x0/0x4d returned -19 after 0 usecs
[    2.848450] calling  amd_postcore_init+0x0/0x11e @ 1
[    2.854446] initcall amd_postcore_init+0x0/0x11e returned 0 after 0 usecs
[    2.862467] calling  bts_init+0x0/0xba @ 1
[    2.867447] initcall bts_init+0x0/0xba returned -19 after 0 usecs
[    2.875446] calling  pt_init+0x0/0x341 @ 1
[    2.880446] initcall pt_init+0x0/0x341 returned -19 after 0 usecs
[    2.887446] calling  boot_params_ksysfs_init+0x0/0x2ee @ 1
[    2.894491] initcall boot_params_ksysfs_init+0x0/0x2ee returned 0 after 0 usecs
[    2.903447] calling  sbf_init+0x0/0xea @ 1
[    2.908447] initcall sbf_init+0x0/0xea returned 0 after 0 usecs
[    2.915446] calling  arch_kdebugfs_init+0x0/0x219 @ 1
[    2.921555] initcall arch_kdebugfs_init+0x0/0x219 returned 0 after 0 usecs
[    2.930447] calling  intel_pconfig_init+0x0/0x85 @ 1
[    2.936446] initcall intel_pconfig_init+0x0/0x85 returned 0 after 0 usecs
[    2.943446] calling  mtrr_if_init+0x0/0x5d @ 1
[    2.949592] initcall mtrr_if_init+0x0/0x5d returned 0 after 0 usecs
[    2.957447] calling  activate_jump_labels+0x0/0x31 @ 1
[    2.962447] initcall activate_jump_labels+0x0/0x31 returned 0 after 0 usecs
[    2.972447] calling  ffh_cstate_init+0x0/0x29 @ 1
[    2.977452] initcall ffh_cstate_init+0x0/0x29 returned 0 after 0 usecs
[    2.986447] calling  activate_jump_labels+0x0/0x31 @ 1
[    2.994182] initcall activate_jump_labels+0x0/0x31 returned 0 after 0 usecs
[    3.003445] calling  kvm_alloc_cpumask+0x0/0x74 @ 1
[    3.009496] initcall kvm_alloc_cpumask+0x0/0x74 returned 0 after 0 usecs
[    3.017447] calling  kcmp_cookies_init+0x0/0x37 @ 1
[    3.022451] initcall kcmp_cookies_init+0x0/0x37 returned 0 after 0 usecs
[    3.031448] calling  cryptomgr_init+0x0/0xc @ 1
[    3.037490] initcall cryptomgr_init+0x0/0xc returned 0 after 0 usecs
[    3.045447] calling  acpi_pci_init+0x0/0x57 @ 1
[    3.051445] ACPI: bus type PCI registered
[    3.057447] initcall acpi_pci_init+0x0/0x57 returned 0 after 5859 usecs
[    3.065450] calling  dma_channel_table_init+0x0/0xd1 @ 1
[    3.072467] initcall dma_channel_table_init+0x0/0xd1 returned 0 after 0 usecs
[    3.081447] calling  dma_bus_init+0x0/0xdc @ 1
[    3.087634] initcall dma_bus_init+0x0/0xdc returned 0 after 976 usecs
[    3.095543] calling  iommu_dma_init+0x0/0x10 @ 1
[    3.101462] initcall iommu_dma_init+0x0/0x10 returned 0 after 0 usecs
[    3.107447] calling  dmi_id_init+0x0/0x37c @ 1
[    3.114955] initcall dmi_id_init+0x0/0x37c returned 0 after 1953 usecs
[    3.123535] calling  pci_arch_init+0x0/0x71 @ 1
[    3.131184] PCI: MMCONFIG for domain 0000 [bus 00-ff] at [mem 0xb0000000-0xbfffffff] (base 0xb0000000)
[    3.142448] PCI: MMCONFIG at [mem 0xb0000000-0xbfffffff] reserved in E820
[    3.150474] PCI: Using configuration type 1 for base access
[    3.157486] initcall pci_arch_init+0x0/0x71 returned 0 after 27343 usecs
[    3.165469] calling  init_vdso+0x0/0x13 @ 1
[    3.170486] initcall init_vdso+0x0/0x13 returned 0 after 0 usecs
[    3.178446] calling  sysenter_setup+0x0/0x13 @ 1
[    3.184485] initcall sysenter_setup+0x0/0x13 returned 0 after 0 usecs
[    3.192471] calling  fixup_ht_bug+0x0/0xe5 @ 1
[    3.197446] initcall fixup_ht_bug+0x0/0xe5 returned 0 after 0 usecs
[    3.205505] calling  topology_init+0x0/0x88 @ 1
[    3.211446] initcall topology_init+0x0/0x88 returned 0 after 0 usecs
[    3.219447] calling  intel_epb_init+0x0/0x68 @ 1
[    3.225446] initcall intel_epb_init+0x0/0x68 returned -19 after 0 usecs
[    3.233445] calling  mtrr_init_finialize+0x0/0x3e @ 1
[    3.240498] initcall mtrr_init_finialize+0x0/0x3e returned 0 after 0 usecs
[    3.249448] calling  uid_cache_init+0x0/0x81 @ 1
[    3.255456] initcall uid_cache_init+0x0/0x81 returned 0 after 0 usecs
[    3.263447] calling  param_sysfs_init+0x0/0x1ba @ 1
[    3.279253] initcall param_sysfs_init+0x0/0x1ba returned 0 after 8789 usecs
[    3.288451] calling  user_namespace_sysctl_init+0x0/0x33 @ 1
[    3.295458] initcall user_namespace_sysctl_init+0x0/0x33 returned 0 after 0 usecs
[    3.305448] calling  proc_schedstat_init+0x0/0x24 @ 1
[    3.312452] initcall proc_schedstat_init+0x0/0x24 returned 0 after 0 usecs
[    3.321454] calling  pm_sysrq_init+0x0/0x18 @ 1
[    3.328625] initcall pm_sysrq_init+0x0/0x18 returned 0 after 976 usecs
[    3.337533] calling  create_proc_profile+0x0/0xd0 @ 1
[    3.344449] initcall create_proc_profile+0x0/0xd0 returned 0 after 0 usecs
[    3.352449] calling  time_ns_init+0x0/0x7 @ 1
[    3.358447] initcall time_ns_init+0x0/0x7 returned 0 after 0 usecs
[    3.366446] calling  crash_save_vmcoreinfo_init+0x0/0x722 @ 1
[    3.373633] initcall crash_save_vmcoreinfo_init+0x0/0x722 returned 0 after 0 usecs
[    3.383446] calling  crash_notes_memory_init+0x0/0x35 @ 1
[    3.390452] initcall crash_notes_memory_init+0x0/0x35 returned 0 after 0 usecs
[    3.399446] calling  cgroup_sysfs_init+0x0/0x13 @ 1
[    3.405533] initcall cgroup_sysfs_init+0x0/0x13 returned 0 after 0 usecs
[    3.414445] calling  cgroup_namespaces_init+0x0/0x7 @ 1
[    3.420446] initcall cgroup_namespaces_init+0x0/0x7 returned 0 after 0 usecs
[    3.429446] calling  init_optprobes+0x0/0x13 @ 1
[    3.435444] Kprobes globally optimized
[    3.440447] initcall init_optprobes+0x0/0x13 returned 0 after 4882 usecs
[    3.448445] calling  oom_init+0x0/0x2f @ 1
[    3.452710] initcall oom_init+0x0/0x2f returned 0 after 1953 usecs
[    3.460447] calling  default_bdi_init+0x0/0xb3 @ 1
[    3.467807] initcall default_bdi_init+0x0/0xb3 returned 0 after 1953 usecs
[    3.477485] calling  percpu_enable_async+0x0/0xe @ 1
[    3.483447] initcall percpu_enable_async+0x0/0xe returned 0 after 0 usecs
[    3.491446] calling  kcompactd_init+0x0/0x8d @ 1
[    3.499615] initcall kcompactd_init+0x0/0x8d returned 0 after 1953 usecs
[    3.507514] calling  init_user_reserve+0x0/0x40 @ 1
[    3.514449] initcall init_user_reserve+0x0/0x40 returned 0 after 0 usecs
[    3.522445] calling  init_admin_reserve+0x0/0x40 @ 1
[    3.528447] initcall init_admin_reserve+0x0/0x40 returned 0 after 0 usecs
[    3.536450] calling  init_reserve_notifier+0x0/0x7 @ 1
[    3.543446] initcall init_reserve_notifier+0x0/0x7 returned 0 after 0 usecs
[    3.551448] calling  swap_init_sysfs+0x0/0x62 @ 1
[    3.557459] initcall swap_init_sysfs+0x0/0x62 returned 0 after 0 usecs
[    3.564445] calling  swapfile_init+0x0/0x94 @ 1
[    3.570449] initcall swapfile_init+0x0/0x94 returned 0 after 0 usecs
[    3.578447] calling  hugetlb_init+0x0/0x496 @ 1
[    3.584480] HugeTLB registered 2.00 MiB page size, pre-allocated 0 pages
[    3.592482] initcall hugetlb_init+0x0/0x496 returned 0 after 7812 usecs
[    3.600447] calling  io_wq_init+0x0/0x34 @ 1
[    3.605447] initcall io_wq_init+0x0/0x34 returned 0 after 0 usecs
[    3.613457] calling  seqiv_module_init+0x0/0xc @ 1
[    3.619446] initcall seqiv_module_init+0x0/0xc returned 0 after 0 usecs
[    3.628450] calling  echainiv_module_init+0x0/0xc @ 1
[    3.636449] initcall echainiv_module_init+0x0/0xc returned 0 after 0 usecs
[    3.647519] calling  rsa_init+0x0/0x50 @ 1
[    3.655469] cryptomgr_test (118) used greatest stack depth: 15504 bytes left
[    3.655465] initcall rsa_init+0x0/0x50 returned 0 after 1953 usecs
[    3.671452] calling  crypto_cmac_module_init+0x0/0xc @ 1
[    3.678447] initcall crypto_cmac_module_init+0x0/0xc returned 0 after 0 usecs
[    3.687447] calling  hmac_module_init+0x0/0xc @ 1
[    3.692447] initcall hmac_module_init+0x0/0xc returned 0 after 0 usecs
[    3.700446] calling  crypto_null_mod_init+0x0/0x65 @ 1
[    3.711447] initcall crypto_null_mod_init+0x0/0x65 returned 0 after 4882 usecs
[    3.720447] calling  md5_mod_init+0x0/0xc @ 1
[    3.726606] initcall md5_mod_init+0x0/0xc returned 0 after 976 usecs
[    3.734580] calling  sha256_generic_mod_init+0x0/0x11 @ 1
[    3.742757] initcall sha256_generic_mod_init+0x0/0x11 returned 0 after 1953 usecs
[    3.751626] calling  crypto_cbc_module_init+0x0/0xc @ 1
[    3.757473] initcall crypto_cbc_module_init+0x0/0xc returned 0 after 0 usecs
[    3.766446] calling  crypto_ctr_module_init+0x0/0x11 @ 1
[    3.772448] initcall crypto_ctr_module_init+0x0/0x11 returned 0 after 0 usecs
[    3.781445] calling  crypto_gcm_module_init+0x0/0x64 @ 1
[    3.787484] initcall crypto_gcm_module_init+0x0/0x64 returned 0 after 0 usecs
[    3.795445] calling  crypto_ccm_module_init+0x0/0x11 @ 1
[    3.802446] initcall crypto_ccm_module_init+0x0/0x11 returned 0 after 0 usecs
[    3.810444] calling  aes_init+0x0/0xc @ 1
[    3.815715] initcall aes_init+0x0/0xc returned 0 after 976 usecs
[    3.825449] calling  crc32c_mod_init+0x0/0xc @ 1
[    3.833778] initcall crc32c_mod_init+0x0/0xc returned 0 after 976 usecs
[    3.843450] calling  crypto_authenc_module_init+0x0/0xc @ 1
[    3.851448] initcall crypto_authenc_module_init+0x0/0xc returned 0 after 0 usecs
[    3.860446] calling  crypto_authenc_esn_module_init+0x0/0xc @ 1
[    3.867446] initcall crypto_authenc_esn_module_init+0x0/0xc returned 0 after 0 usecs
[    3.876446] calling  drbg_init+0x0/0x7c @ 1
[    3.891601] initcall drbg_init+0x0/0x7c returned 0 after 9765 usecs
[    3.898574] calling  ghash_mod_init+0x0/0xc @ 1
[    3.905580] initcall ghash_mod_init+0x0/0xc returned 0 after 976 usecs
[    3.912446] calling  init_bio+0x0/0x9a @ 1
[    3.919837] initcall init_bio+0x0/0x9a returned 0 after 0 usecs
[    3.926446] calling  blk_settings_init+0x0/0x29 @ 1
[    3.932445] initcall blk_settings_init+0x0/0x29 returned 0 after 0 usecs
[    3.940445] calling  blk_ioc_init+0x0/0x29 @ 1
[    3.946451] initcall blk_ioc_init+0x0/0x29 returned 0 after 0 usecs
[    3.952446] calling  blk_mq_init+0x0/0xb9 @ 1
[    3.957448] initcall blk_mq_init+0x0/0xb9 returned 0 after 0 usecs
[    3.965445] calling  genhd_device_init+0x0/0x75 @ 1
[    3.973449] initcall genhd_device_init+0x0/0x75 returned 0 after 1953 usecs
[    3.982753] calling  pci_slot_init+0x0/0x40 @ 1
[    3.988454] initcall pci_slot_init+0x0/0x40 returned 0 after 0 usecs
[    3.995447] calling  fbmem_init+0x0/0xd8 @ 1
[    4.018439] initcall fbmem_init+0x0/0xd8 returned 0 after 8789 usecs
[    4.027446] calling  acpi_init+0x0/0x319 @ 1
[    4.033015] ACPI: Added _OSI(Module Device)
[    4.038451] ACPI: Added _OSI(Processor Device)
[    4.043445] ACPI: Added _OSI(3.0 _SCP Extensions)
[    4.049444] ACPI: Added _OSI(Processor Aggregator Device)
[    4.055486] ACPI: Added _OSI(Linux-Dell-Video)
[    4.061445] ACPI: Added _OSI(Linux-Lenovo-NV-HDMI-Audio)
[    4.067444] ACPI: Added _OSI(Linux-HPI-Hybrid-Graphics)
[    4.076774] ACPI: 1 ACPI AML tables successfully acquired and loaded
[    4.090450] ACPI: Interpreter enabled
[    4.094626] ACPI: (supports S0 S3 S4 S5)
[    4.099512] ACPI: Using IOAPIC for interrupt routing
[    4.105719] PCI: Using host bridge windows from ACPI; if necessary, use "pci=nocrs" and report a bug
[    4.119017] ACPI: Enabled 2 GPEs in block 00 to 3F
[    4.136925] ACPI: PCI Root Bridge [PCI0] (domain 0000 [bus 00-ff])
[    4.144685] acpi PNP0A08:00: _OSC: OS supports [ExtendedConfig ASPM ClockPM Segments MSI HPX-Type3]
[    4.156523] acpi PNP0A08:00: _OSC: platform does not support [LTR]
[    4.164507] acpi PNP0A08:00: _OSC: OS now controls [PME PCIeCapability]
[    4.172972] PCI host bridge to bus 0000:00
[    4.177460] pci_bus 0000:00: root bus resource [io  0x0000-0x0cf7 window]
[    4.186447] pci_bus 0000:00: root bus resource [io  0x0d00-0xffff window]
[    4.194451] pci_bus 0000:00: root bus resource [mem 0x000a0000-0x000bffff window]
[    4.203446] pci_bus 0000:00: root bus resource [mem 0x20000000-0xafffffff window]
[    4.212461] pci_bus 0000:00: root bus resource [mem 0xc0000000-0xfebfffff window]
[    4.221443] pci_bus 0000:00: root bus resource [mem 0x100000000-0x8ffffffff window]
[    4.230460] pci_bus 0000:00: root bus resource [bus 00-ff]
[    4.237861] pci 0000:00:00.0: calling  quirk_mmio_always_on+0x0/0x10 @ 1
[    4.245469] pci 0000:00:00.0: quirk_mmio_always_on+0x0/0x10 took 0 usecs
[    4.256445] pci 0000:00:00.0: [8086:29c0] type 00 class 0x060000
[    4.267316] pci 0000:00:00.0: calling  quirk_igfx_skip_te_disable+0x0/0x80 @ 1
[    4.275511] pci 0000:00:00.0: quirk_igfx_skip_te_disable+0x0/0x80 took 0 usecs
[    4.287266] pci 0000:00:01.0: [1234:1111] type 00 class 0x030000
[    4.303698] pci 0000:00:01.0: reg 0x10: [mem 0xfd000000-0xfdffffff pref]
[    4.334566] pci 0000:00:01.0: reg 0x18: [mem 0xfebf0000-0xfebf0fff]
[    4.372357] pci 0000:00:01.0: reg 0x30: [mem 0xfebe0000-0xfebeffff pref]
[    4.390447] pci 0000:00:01.0: calling  efifb_fixup_resources+0x0/0xf0 @ 1
[    4.401521] pci 0000:00:01.0: efifb_fixup_resources+0x0/0xf0 took 0 usecs
[    4.425998] pci 0000:00:1f.0: [8086:2918] type 00 class 0x060100
[    4.441146] pci 0000:00:1f.0: calling  quirk_ich7_lpc+0x0/0x60 @ 1
[    4.452659] pci 0000:00:1f.0: quirk: [io  0x0600-0x067f] claimed by ICH6 ACPI/GPIO/TCO
[    4.465557] pci 0000:00:1f.0: quirk_ich7_lpc+0x0/0x60 took 13671 usecs
[    4.475524] pci 0000:00:1f.0: calling  quirk_igfx_skip_te_disable+0x0/0x80 @ 1
[    4.486468] pci 0000:00:1f.0: quirk_igfx_skip_te_disable+0x0/0x80 took 0 usecs
[    4.500858] pci 0000:00:1f.2: [8086:2922] type 00 class 0x010601
[    4.518448] pci 0000:00:1f.2: reg 0x20: [io  0xc040-0xc05f]
[    4.530444] pci 0000:00:1f.2: reg 0x24: [mem 0xfebf1000-0xfebf1fff]
[    4.542671] pci 0000:00:1f.2: calling  quirk_igfx_skip_te_disable+0x0/0x80 @ 1
[    4.553451] pci 0000:00:1f.2: quirk_igfx_skip_te_disable+0x0/0x80 took 0 usecs
[    4.568447] pci 0000:00:1f.3: [8086:2930] type 00 class 0x0c0500
[    4.580482] pci 0000:00:1f.3: reg 0x20: [io  0x0700-0x073f]
[    4.590469] pci 0000:00:1f.3: calling  quirk_igfx_skip_te_disable+0x0/0x80 @ 1
[    4.599454] pci 0000:00:1f.3: quirk_igfx_skip_te_disable+0x0/0x80 took 0 usecs
[    4.611760] ACPI: PCI Interrupt Link [LNKA] (IRQs 5 *10 11)
[    4.618863] ACPI: PCI Interrupt Link [LNKB] (IRQs 5 *10 11)
[    4.626461] ACPI: PCI Interrupt Link [LNKC] (IRQs 5 10 *11)
[    4.634461] ACPI: PCI Interrupt Link [LNKD] (IRQs 5 10 *11)
[    4.641886] ACPI: PCI Interrupt Link [LNKE] (IRQs 5 *10 11)
[    4.649924] ACPI: PCI Interrupt Link [LNKF] (IRQs 5 *10 11)
[    4.657943] ACPI: PCI Interrupt Link [LNKG] (IRQs 5 10 *11)
[    4.665764] ACPI: PCI Interrupt Link [LNKH] (IRQs 5 10 *11)
[    4.672649] ACPI: PCI Interrupt Link [GSIA] (IRQs *16)
[    4.679460] ACPI: PCI Interrupt Link [GSIB] (IRQs *17)
[    4.686473] ACPI: PCI Interrupt Link [GSIC] (IRQs *18)
[    4.693460] ACPI: PCI Interrupt Link [GSID] (IRQs *19)
[    4.699506] ACPI: PCI Interrupt Link [GSIE] (IRQs *20)
[    4.706459] ACPI: PCI Interrupt Link [GSIF] (IRQs *21)
[    4.713475] ACPI: PCI Interrupt Link [GSIG] (IRQs *22)
[    4.720473] ACPI: PCI Interrupt Link [GSIH] (IRQs *23)
[    4.731449] initcall acpi_init+0x0/0x319 returned 0 after 681640 usecs
[    4.740446] calling  pnp_init+0x0/0xc @ 1
[    4.745544] initcall pnp_init+0x0/0xc returned 0 after 0 usecs
[    4.752448] calling  misc_init+0x0/0xbf @ 1
[    4.758636] initcall misc_init+0x0/0xbf returned 0 after 976 usecs
[    4.765446] calling  iommu_subsys_init+0x0/0x4e @ 1
[    4.772443] iommu: Default domain type: Translated 
[    4.779447] initcall iommu_subsys_init+0x0/0x4e returned 0 after 8789 usecs
[    4.788447] calling  vga_arb_device_init+0x0/0x261 @ 1
[    4.802271] pci 0000:00:01.0: vgaarb: setting as boot VGA device
[    4.802439] pci 0000:00:01.0: vgaarb: VGA device added: decodes=io+mem,owns=io+mem,locks=none
[    4.820448] pci 0000:00:01.0: vgaarb: bridge control possible
[    4.827444] vgaarb: loaded
[    4.830448] initcall vga_arb_device_init+0x0/0x261 returned 0 after 35156 usecs
[    4.840981] calling  cn_init+0x0/0xf0 @ 1
[    4.850451] initcall cn_init+0x0/0xf0 returned 0 after 4882 usecs
[    4.857450] calling  dma_buf_init+0x0/0xad @ 1
[    4.863956] initcall dma_buf_init+0x0/0xad returned 0 after 0 usecs
[    4.872579] calling  init_scsi+0x0/0x79 @ 1
[    4.880814] SCSI subsystem initialized
[    4.886446] initcall init_scsi+0x0/0x79 returned 0 after 8789 usecs
[    4.894448] calling  ata_init+0x0/0x332 @ 1
[    4.910371] libata version 3.00 loaded.
[    4.915450] initcall ata_init+0x0/0x332 returned 0 after 14648 usecs
[    4.921455] calling  phy_init+0x0/0x250 @ 1
[    4.929458] initcall phy_init+0x0/0x250 returned 0 after 2929 usecs
[    4.935451] calling  init_pcmcia_cs+0x0/0x35 @ 1
[    4.942792] initcall init_pcmcia_cs+0x0/0x35 returned 0 after 0 usecs
[    4.948455] calling  usb_common_init+0x0/0x1c @ 1
[    4.956456] initcall usb_common_init+0x0/0x1c returned 0 after 976 usecs
[    4.963448] calling  usb_init+0x0/0x12e @ 1
[    4.968643] ACPI: bus type USB registered
[    4.977206] usbcore: registered new interface driver usbfs
[    4.984459] usbcore: registered new interface driver hub
[    4.991577] usbcore: registered new device driver usb
[    4.999451] initcall usb_init+0x0/0x12e returned 0 after 30273 usecs
[    5.007448] calling  serio_init+0x0/0x29 @ 1
[    5.011630] initcall serio_init+0x0/0x29 returned 0 after 0 usecs
[    5.020447] calling  input_init+0x0/0xf6 @ 1
[    5.028038] initcall input_init+0x0/0xf6 returned 0 after 0 usecs
[    5.035514] calling  rtc_init+0x0/0x4d @ 1
[    5.041530] initcall rtc_init+0x0/0x4d returned 0 after 0 usecs
[    5.048447] calling  pps_init+0x0/0xa9 @ 1
[    5.054510] pps_core: LinuxPPS API ver. 1 registered
[    5.060442] pps_core: Software ver. 5.3.6 - Copyright 2005-2007 Rodolfo Giometti <giometti@linux.it>
[    5.072458] initcall pps_init+0x0/0xa9 returned 0 after 17578 usecs
[    5.080449] calling  ptp_init+0x0/0x98 @ 1
[    5.086463] PTP clock support registered
[    5.090575] initcall ptp_init+0x0/0x98 returned 0 after 3906 usecs
[    5.098448] calling  power_supply_class_init+0x0/0x3f @ 1
[    5.105947] initcall power_supply_class_init+0x0/0x3f returned 0 after 0 usecs
[    5.113447] calling  hwmon_init+0x0/0x104 @ 1
[    5.120565] initcall hwmon_init+0x0/0x104 returned 0 after 0 usecs
[    5.127446] calling  md_init+0x0/0x16b @ 1
[    5.135859] initcall md_init+0x0/0x16b returned 0 after 1953 usecs
[    5.143447] calling  leds_init+0x0/0x3b @ 1
[    5.148561] initcall leds_init+0x0/0x3b returned 0 after 0 usecs
[    5.156445] calling  dmi_init+0x0/0x113 @ 1
[    5.163447] initcall dmi_init+0x0/0x113 returned 0 after 1953 usecs
[    5.170447] calling  efisubsys_init+0x0/0x4e7 @ 1
[    5.175530] initcall efisubsys_init+0x0/0x4e7 returned 0 after 0 usecs
[    5.184455] calling  nvmem_init+0x0/0xc @ 1
[    5.190567] initcall nvmem_init+0x0/0xc returned 0 after 0 usecs
[    5.198448] calling  init_soundcore+0x0/0x33 @ 1
[    5.204713] initcall init_soundcore+0x0/0x33 returned 0 after 0 usecs
[    5.212446] calling  alsa_sound_init+0x0/0x8f @ 1
[    5.218043] Advanced Linux Sound Architecture Driver Initialized.
[    5.227446] initcall alsa_sound_init+0x0/0x8f returned 0 after 9765 usecs
[    5.235448] calling  alsa_seq_device_init+0x0/0x71 @ 1
[    5.242471] initcall alsa_seq_device_init+0x0/0x71 returned 0 after 0 usecs
[    5.250446] calling  hda_bus_init+0x0/0xc @ 1
[    5.256477] initcall hda_bus_init+0x0/0xc returned 0 after 0 usecs
[    5.263445] calling  proto_init+0x0/0xc @ 1
[    5.268446] initcall proto_init+0x0/0xc returned 0 after 0 usecs
[    5.276445] calling  net_dev_init+0x0/0x209 @ 1
[    5.285775] initcall net_dev_init+0x0/0x209 returned 0 after 2929 usecs
[    5.294448] calling  neigh_init+0x0/0x84 @ 1
[    5.299447] initcall neigh_init+0x0/0x84 returned 0 after 0 usecs
[    5.307445] calling  fib_notifier_init+0x0/0xc @ 1
[    5.313448] initcall fib_notifier_init+0x0/0xc returned 0 after 0 usecs
[    5.321446] calling  fib_rules_init+0x0/0xab @ 1
[    5.327840] initcall fib_rules_init+0x0/0xab returned 0 after 0 usecs
[    5.336448] calling  pktsched_init+0x0/0x10e @ 1
[    5.341446] initcall pktsched_init+0x0/0x10e returned 0 after 0 usecs
[    5.349447] calling  tc_filter_init+0x0/0xfa @ 1
[    5.356524] initcall tc_filter_init+0x0/0xfa returned 0 after 0 usecs
[    5.363446] calling  tc_action_init+0x0/0x54 @ 1
[    5.369447] initcall tc_action_init+0x0/0x54 returned 0 after 0 usecs
[    5.378446] calling  ethnl_init+0x0/0x52 @ 1
[    5.383921] initcall ethnl_init+0x0/0x52 returned 0 after 0 usecs
[    5.391446] calling  nexthop_init+0x0/0xd8 @ 1
[    5.396573] initcall nexthop_init+0x0/0xd8 returned 0 after 0 usecs
[    5.404446] calling  cipso_v4_init+0x0/0x5d @ 1
[    5.409488] initcall cipso_v4_init+0x0/0x5d returned 0 after 0 usecs
[    5.417446] calling  ieee80211_init+0x0/0x24 @ 1
[    5.422580] initcall ieee80211_init+0x0/0x24 returned 0 after 0 usecs
[    5.430447] calling  netlbl_init+0x0/0x78 @ 1
[    5.435455] NetLabel: Initializing
[    5.439448] NetLabel:  domain hash size = 128
[    5.445443] NetLabel:  protocols = UNLABELED CIPSOv4 CALIPSO
[    5.452563] NetLabel:  unlabeled traffic allowed by default
[    5.458448] initcall netlbl_init+0x0/0x78 returned 0 after 22460 usecs
[    5.466449] calling  rfkill_init+0x0/0x111 @ 1
[    5.472457] initcall rfkill_init+0x0/0x111 returned 0 after 976 usecs
[    5.480449] calling  pci_subsys_init+0x0/0x66 @ 1
[    5.487339] PCI: Using ACPI for IRQ routing
[    6.257240] PCI: pci_cache_line_size set to 64 bytes
[    6.265273] e820: reserve RAM buffer [mem 0x0009fc00-0x0009ffff]
[    6.272642] e820: reserve RAM buffer [mem 0x1ffdf000-0x1fffffff]
[    6.280944] initcall pci_subsys_init+0x0/0x66 returned 0 after 775390 usecs
[    6.291284] calling  nmi_warning_debugfs+0x0/0x26 @ 1
[    6.298245] initcall nmi_warning_debugfs+0x0/0x26 returned 0 after 0 usecs
[    6.306464] calling  save_microcode_in_initrd+0x0/0x51 @ 1
[    6.313659] initcall save_microcode_in_initrd+0x0/0x51 returned 0 after 0 usecs
[    6.323450] calling  hpet_late_init+0x0/0x207 @ 1
[    6.332084] hpet: 3 channels of 0 reserved for per-cpu timers
[    6.340761] hpet0: at MMIO 0xfed00000, IRQs 2, 8, 0
[    6.348445] hpet0: 3 comparators, 64-bit 100.000000 MHz counter
[    6.361452] initcall hpet_late_init+0x0/0x207 returned 0 after 29296 usecs
[    6.369447] calling  init_amd_nbs+0x0/0x11c @ 1
[    6.375628] initcall init_amd_nbs+0x0/0x11c returned 0 after 0 usecs
[    6.383461] calling  clocksource_done_booting+0x0/0x41 @ 1
[    6.393439] clocksource: Switched to clocksource kvm-clock
[    6.400412] initcall clocksource_done_booting+0x0/0x41 returned 0 after 10708 usecs
[    6.409861] calling  tracer_init_tracefs+0x0/0x242 @ 1
[    6.607742] initcall tracer_init_tracefs+0x0/0x242 returned 0 after 187095 usecs
[    6.616752] calling  init_trace_printk_function_export+0x0/0x2c @ 1
[    6.625122] initcall init_trace_printk_function_export+0x0/0x2c returned 0 after 12 usecs
[    6.635687] calling  init_kprobe_trace+0x0/0x1a9 @ 1
[    6.642376] initcall init_kprobe_trace+0x0/0x1a9 returned 0 after 19 usecs
[    6.651220] calling  init_dynamic_event+0x0/0x3d @ 1
[    6.657863] initcall init_dynamic_event+0x0/0x3d returned 0 after 11 usecs
[    6.666696] calling  init_uprobe_trace+0x0/0x5c @ 1
[    6.673067] initcall init_uprobe_trace+0x0/0x5c returned 0 after 70 usecs
[    6.681929] calling  init_pipe_fs+0x0/0x44 @ 1
[    6.688112] initcall init_pipe_fs+0x0/0x44 returned 0 after 467 usecs
[    6.696226] calling  inotify_user_setup+0x0/0x47 @ 1
[    6.702917] initcall inotify_user_setup+0x0/0x47 returned 0 after 131 usecs
[    6.711716] calling  eventpoll_init+0x0/0xd4 @ 1
[    6.717333] initcall eventpoll_init+0x0/0xd4 returned 0 after 62 usecs
[    6.725375] calling  anon_inode_init+0x0/0x58 @ 1
[    6.731259] initcall anon_inode_init+0x0/0x58 returned 0 after 98 usecs
[    6.739966] calling  proc_locks_init+0x0/0x27 @ 1
[    6.746265] initcall proc_locks_init+0x0/0x27 returned 0 after 326 usecs
[    6.754401] calling  iomap_init+0x0/0x1b @ 1
[    6.760247] initcall iomap_init+0x0/0x1b returned 0 after 592 usecs
[    6.768013] calling  dquot_init+0x0/0x106 @ 1
[    6.773366] VFS: Disk quotas dquot_6.6.0
[    6.778742] VFS: Dquot-cache hash table entries: 512 (order 0, 4096 bytes)
[    6.787232] initcall dquot_init+0x0/0x106 returned 0 after 13549 usecs
[    6.795072] calling  quota_init+0x0/0x23 @ 1
[    6.800868] initcall quota_init+0x0/0x23 returned 0 after 570 usecs
[    6.808679] calling  proc_cmdline_init+0x0/0x21 @ 1
[    6.814592] initcall proc_cmdline_init+0x0/0x21 returned 0 after 19 usecs
[    6.822818] calling  proc_consoles_init+0x0/0x24 @ 1
[    6.829010] initcall proc_consoles_init+0x0/0x24 returned 0 after 5 usecs
[    6.837168] calling  proc_cpuinfo_init+0x0/0x1e @ 1
[    6.843141] initcall proc_cpuinfo_init+0x0/0x1e returned 0 after 5 usecs
[    6.851505] calling  proc_devices_init+0x0/0x24 @ 1
[    6.857429] initcall proc_devices_init+0x0/0x24 returned 0 after 27 usecs
[    6.866542] calling  proc_interrupts_init+0x0/0x24 @ 1
[    6.872824] initcall proc_interrupts_init+0x0/0x24 returned 0 after 6 usecs
[    6.881218] calling  proc_loadavg_init+0x0/0x21 @ 1
[    6.887254] initcall proc_loadavg_init+0x0/0x21 returned 0 after 4 usecs
[    6.895481] calling  proc_meminfo_init+0x0/0x21 @ 1
[    6.901269] initcall proc_meminfo_init+0x0/0x21 returned 0 after 4 usecs
[    6.909370] calling  proc_stat_init+0x0/0x1e @ 1
[    6.915098] initcall proc_stat_init+0x0/0x1e returned 0 after 4 usecs
[    6.922655] calling  proc_uptime_init+0x0/0x21 @ 1
[    6.928302] initcall proc_uptime_init+0x0/0x21 returned 0 after 3 usecs
[    6.936233] calling  proc_version_init+0x0/0x21 @ 1
[    6.942870] initcall proc_version_init+0x0/0x21 returned 0 after 3 usecs
[    6.950694] calling  proc_softirqs_init+0x0/0x21 @ 1
[    6.956649] initcall proc_softirqs_init+0x0/0x21 returned 0 after 16 usecs
[    6.964616] calling  proc_kcore_init+0x0/0xea @ 1
[    6.970212] initcall proc_kcore_init+0x0/0xea returned 0 after 68 usecs
[    6.978239] calling  vmcore_init+0x0/0x578 @ 1
[    6.983504] initcall vmcore_init+0x0/0x578 returned 0 after 14 usecs
[    6.990916] calling  proc_kmsg_init+0x0/0x21 @ 1
[    6.996619] initcall proc_kmsg_init+0x0/0x21 returned 0 after 3 usecs
[    7.004318] calling  proc_page_init+0x0/0x3b @ 1
[    7.009743] initcall proc_page_init+0x0/0x3b returned 0 after 17 usecs
[    7.017451] calling  init_ramfs_fs+0x0/0xc @ 1
[    7.022773] initcall init_ramfs_fs+0x0/0xc returned 0 after 42 usecs
[    7.030166] calling  init_hugetlbfs_fs+0x0/0xf6 @ 1
[    7.036190] initcall init_hugetlbfs_fs+0x0/0xf6 returned 0 after 180 usecs
[    7.044195] calling  blk_scsi_ioctl_init+0x0/0x2a5 @ 1
[    7.050248] initcall blk_scsi_ioctl_init+0x0/0x2a5 returned 0 after 27 usecs
[    7.058769] calling  acpi_event_init+0x0/0x2c @ 1
[    7.064316] initcall acpi_event_init+0x0/0x2c returned 0 after 58 usecs
[    7.073514] calling  pnp_system_init+0x0/0xc @ 1
[    7.079878] initcall pnp_system_init+0x0/0xc returned 0 after 749 usecs
[    7.087533] calling  pnpacpi_init+0x0/0x69 @ 1
[    7.092860] pnp: PnP ACPI init
[    7.098720] pnp 00:00: Plug and Play ACPI device, IDs PNP0303 (active)
[    7.106672] pnp 00:01: Plug and Play ACPI device, IDs PNP0f13 (active)
[    7.114935] pnp 00:02: Plug and Play ACPI device, IDs PNP0400 (active)
[    7.122774] pnp 00:03: Plug and Play ACPI device, IDs PNP0501 (active)
[    7.131455] pnp 00:04: Plug and Play ACPI device, IDs PNP0b00 (active)
[    7.139852] system 00:05: [mem 0xb0000000-0xbfffffff window] has been reserved
[    7.149551] system 00:05: Plug and Play ACPI device, IDs PNP0c01 (active)
[    7.159128] pnp: PnP ACPI: found 6 devices
[    7.164021] initcall pnpacpi_init+0x0/0x69 returned 0 after 69507 usecs
[    7.172031] calling  chr_dev_init+0x0/0x14d @ 1
[    7.264884] initcall chr_dev_init+0x0/0x14d returned 0 after 85084 usecs
[    7.272810] calling  firmware_class_init+0x0/0xe7 @ 1
[    7.278835] initcall firmware_class_init+0x0/0xe7 returned 0 after 80 usecs
[    7.286999] calling  init_pcmcia_bus+0x0/0x5b @ 1
[    7.292882] initcall init_pcmcia_bus+0x0/0x5b returned 0 after 116 usecs
[    7.300841] calling  init_acpi_pm_clocksource+0x0/0xda @ 1
[    7.313429] clocksource: acpi_pm: mask: 0xffffff max_cycles: 0xffffff, max_idle_ns: 2085701024 ns
[    7.323935] initcall init_acpi_pm_clocksource+0x0/0xda returned 0 after 16087 usecs
[    7.332774] calling  sysctl_core_init+0x0/0x26 @ 1
[    7.338737] initcall sysctl_core_init+0x0/0x26 returned 0 after 184 usecs
[    7.346694] calling  eth_offload_init+0x0/0x13 @ 1
[    7.352351] initcall eth_offload_init+0x0/0x13 returned 0 after 15 usecs
[    7.360268] calling  ipv4_offload_init+0x0/0x73 @ 1
[    7.366136] initcall ipv4_offload_init+0x0/0x73 returned 0 after 68 usecs
[    7.374108] calling  inet_init+0x0/0x276 @ 1
[    7.379303] NET: Registered protocol family 2
[    7.385344] IP idents hash table entries: 8192 (order: 4, 65536 bytes, linear)
[    7.400513] tcp_listen_portaddr_hash hash table entries: 256 (order: 0, 4096 bytes, linear)
[    7.413157] TCP established hash table entries: 4096 (order: 3, 32768 bytes, linear)
[    7.425038] TCP bind hash table entries: 4096 (order: 4, 65536 bytes, linear)
[    7.435837] TCP: Hash tables configured (established 4096 bind 4096)
[    7.446025] UDP hash table entries: 256 (order: 1, 8192 bytes, linear)
[    7.455792] UDP-Lite hash table entries: 256 (order: 1, 8192 bytes, linear)
[    7.466227] initcall inet_init+0x0/0x276 returned 0 after 84999 usecs
[    7.473788] calling  af_unix_init+0x0/0x4d @ 1
[    7.479127] NET: Registered protocol family 1
[    7.484450] initcall af_unix_init+0x0/0x4d returned 0 after 5202 usecs
[    7.492059] calling  ipv6_offload_init+0x0/0x7e @ 1
[    7.497927] initcall ipv6_offload_init+0x0/0x7e returned 0 after 66 usecs
[    7.508424] calling  init_sunrpc+0x0/0x65 @ 1
[    7.519447] RPC: Registered named UNIX socket transport module.
[    7.526944] RPC: Registered udp transport module.
[    7.533562] RPC: Registered tcp transport module.
[    7.539094] RPC: Registered tcp NFSv4.1 backchannel transport module.
[    7.546793] initcall init_sunrpc+0x0/0x65 returned 0 after 32480 usecs
[    7.557077] calling  cfg80211_init+0x0/0xc5 @ 1
[    7.566921] initcall cfg80211_init+0x0/0xc5 returned 0 after 2723 usecs
[    7.576752] calling  pcibios_assign_resources+0x0/0xbf @ 1
[    7.585024] pci_bus 0000:00: resource 4 [io  0x0000-0x0cf7 window]
[    7.592555] pci_bus 0000:00: resource 5 [io  0x0d00-0xffff window]
[    7.599808] pci_bus 0000:00: resource 6 [mem 0x000a0000-0x000bffff window]
[    7.608032] pci_bus 0000:00: resource 7 [mem 0x20000000-0xafffffff window]
[    7.624345] pci_bus 0000:00: resource 8 [mem 0xc0000000-0xfebfffff window]
[    7.632968] pci_bus 0000:00: resource 9 [mem 0x100000000-0x8ffffffff window]
[    7.643359] initcall pcibios_assign_resources+0x0/0xbf returned 0 after 56715 usecs
[    7.652759] calling  pci_apply_final_quirks+0x0/0x124 @ 1
[    7.660660] pci 0000:00:01.0: calling  pci_fixup_video+0x0/0xe0 @ 1
[    7.668969] pci 0000:00:01.0: Video device with shadowed ROM at [mem 0x000c0000-0x000dffff]
[    7.679414] pci 0000:00:01.0: pci_fixup_video+0x0/0xe0 took 10675 usecs
[    7.687874] PCI: CLS 0 bytes, default 64
[    7.692622] initcall pci_apply_final_quirks+0x0/0x124 returned 0 after 32102 usecs
[    7.701914] calling  acpi_reserve_resources+0x0/0xea @ 1
[    7.708665] initcall acpi_reserve_resources+0x0/0xea returned 0 after 169 usecs
[    7.717588] calling  populate_rootfs+0x0/0x102 @ 1
[    7.729776] initcall populate_rootfs+0x0/0x102 returned 0 after 6051 usecs
[    7.738167] calling  pci_iommu_init+0x0/0x3e @ 1
[    7.744106] initcall pci_iommu_init+0x0/0x3e returned 0 after 110 usecs
[    7.754802] calling  ia32_binfmt_init+0x0/0x13 @ 1
[    7.761042] initcall ia32_binfmt_init+0x0/0x13 returned 0 after 225 usecs
[    7.769149] calling  rapl_pmu_init+0x0/0x267 @ 1
[    7.775747] initcall rapl_pmu_init+0x0/0x267 returned -19 after 138 usecs
[    7.784689] calling  amd_uncore_init+0x0/0x310 @ 1
[    7.790998] initcall amd_uncore_init+0x0/0x310 returned -19 after 0 usecs
[    7.799450] calling  amd_ibs_init+0x0/0x243 @ 1
[    7.805128] initcall amd_ibs_init+0x0/0x243 returned -19 after 0 usecs
[    7.813006] calling  amd_iommu_pc_init+0x0/0x215 @ 1
[    7.819187] initcall amd_iommu_pc_init+0x0/0x215 returned -19 after 33 usecs
[    7.827816] calling  msr_init+0x0/0x55 @ 1
[    7.833066] initcall msr_init+0x0/0x55 returned 0 after 165 usecs
[    7.840636] calling  intel_uncore_init+0x0/0x36f @ 1
[    7.846769] initcall intel_uncore_init+0x0/0x36f returned -19 after 38 usecs
[    7.855568] calling  cstate_pmu_init+0x0/0x1a1 @ 1
[    7.861792] initcall cstate_pmu_init+0x0/0x1a1 returned -19 after 0 usecs
[    7.870150] calling  register_kernel_offset_dumper+0x0/0x1a @ 1
[    7.877372] initcall register_kernel_offset_dumper+0x0/0x1a returned 0 after 48 usecs
[    7.887237] calling  i8259A_init_ops+0x0/0x20 @ 1
[    7.893123] initcall i8259A_init_ops+0x0/0x20 returned 0 after 66 usecs
[    7.901476] calling  init_tsc_clocksource+0x0/0xa4 @ 1
[    7.908104] clocksource: tsc: mask: 0xffffffffffffffff max_cycles: 0x39a85afc727, max_idle_ns: 881590685098 ns
[    7.920406] initcall init_tsc_clocksource+0x0/0xa4 returned 0 after 12064 usecs
[    7.929439] calling  add_rtc_cmos+0x0/0xb0 @ 1
[    7.935138] initcall add_rtc_cmos+0x0/0xb0 returned 0 after 129 usecs
[    7.943089] calling  i8237A_init_ops+0x0/0x3a @ 1
[    7.949265] initcall i8237A_init_ops+0x0/0x3a returned 0 after 137 usecs
[    7.958896] calling  umwait_init+0x0/0x94 @ 1
[    7.964292] initcall umwait_init+0x0/0x94 returned -19 after 25 usecs
[    7.972197] calling  thermal_throttle_init_device+0x0/0x3d @ 1
[    7.979416] initcall thermal_throttle_init_device+0x0/0x3d returned 0 after 32 usecs
[    7.988689] calling  msr_init+0x0/0xd7 @ 1
[    8.027098] initcall msr_init+0x0/0xd7 returned 0 after 32785 usecs
[    8.035558] calling  cpuid_init+0x0/0xd7 @ 1
[    8.060953] initcall cpuid_init+0x0/0xd7 returned 0 after 18909 usecs
[    8.068649] calling  ioapic_init_ops+0x0/0x13 @ 1
[    8.074536] initcall ioapic_init_ops+0x0/0x13 returned 0 after 26 usecs
[    8.082439] calling  add_pcspkr+0x0/0x6c @ 1
[    8.087878] initcall add_pcspkr+0x0/0x6c returned 0 after 234 usecs
[    8.095699] calling  start_periodic_check_for_corruption+0x0/0x30 @ 1
[    8.103690] check: Scanning for low memory corruption every 60 seconds
[    8.111957] initcall start_periodic_check_for_corruption+0x0/0x30 returned 0 after 8090 usecs
[    8.123465] calling  sysfb_init+0x0/0x9c @ 1
[    8.128989] initcall sysfb_init+0x0/0x9c returned 0 after 212 usecs
[    8.136521] calling  audit_classes_init+0x0/0xae @ 1
[    8.142638] initcall audit_classes_init+0x0/0xae returned 0 after 80 usecs
[    8.151118] calling  iosf_mbi_init+0x0/0x24 @ 1
[    8.157098] initcall iosf_mbi_init+0x0/0x24 returned 0 after 276 usecs
[    8.164962] calling  proc_execdomains_init+0x0/0x21 @ 1
[    8.171680] initcall proc_execdomains_init+0x0/0x21 returned 0 after 141 usecs
[    8.180528] calling  register_warn_debugfs+0x0/0x23 @ 1
[    8.186937] initcall register_warn_debugfs+0x0/0x23 returned 0 after 98 usecs
[    8.195968] calling  cpuhp_sysfs_init+0x0/0x79 @ 1
[    8.202869] initcall cpuhp_sysfs_init+0x0/0x79 returned 0 after 694 usecs
[    8.212357] calling  ioresources_init+0x0/0x49 @ 1
[    8.218249] initcall ioresources_init+0x0/0x49 returned 0 after 5 usecs
[    8.226079] calling  snapshot_device_init+0x0/0xc @ 1
[    8.233758] initcall snapshot_device_init+0x0/0xc returned 0 after 1402 usecs
[    8.242236] calling  irq_pm_init_ops+0x0/0x13 @ 1
[    8.248076] initcall irq_pm_init_ops+0x0/0x13 returned 0 after 14 usecs
[    8.255985] calling  rcu_torture_init+0x0/0x9a6 @ 1
[    8.261986] rcu-torture:--- Start of test: nreaders=15 nfakewriters=4 stat_interval=15 verbose=1 test_no_idle_hz=1 shuffle_interval=3 stutter=5 irqreader=1 fqs_duration=0 fqs_holdoff=0 fqs_stutter=3 test_boost=1/0 test_boost_interval=7 test_boost_duration=4 shutdown_secs=1800 stall_cpu=0 stall_cpu_holdoff=10 stall_cpu_irqsoff=0 stall_cpu_block=0 n_barrier_cbs=4 onoff_interval=1000 onoff_holdoff=30 read_exit_delay=13 read_exit_burst=16
[    8.306785] rcu:  Start-test grace-period state: g-1024 f0x0
[    8.313720] rcu-torture: Creating rcu_torture_writer task
[    8.326845] rcu-torture: Creating rcu_torture_fakewriter task
[    8.327425] rcu-torture: rcu_torture_writer task started
[    8.336720] rcu-torture: Creating rcu_torture_fakewriter task
[    8.336985] rcu-torture: rcu_torture_fakewriter task started
[    8.340416] rcu-torture: GP expediting controlled from boot/sysfs for rcu.
[    8.340418] rcu_torture_writer: Testing conditional GPs.
[    8.340419] rcu_torture_writer: Testing expedited GPs.
[    8.340419] rcu_torture_writer: Testing asynchronous GPs.
[    8.340420] rcu_torture_writer: Testing normal GPs.
[    8.394752] rcu-torture: Creating rcu_torture_fakewriter task
[    8.394889] rcu-torture: rcu_torture_fakewriter task started
[    8.403868] rcu-torture: Creating rcu_torture_fakewriter task
[    8.403890] rcu-torture: rcu_torture_fakewriter task started
[    8.426033] rcu-torture: Creating rcu_torture_reader task
[    8.426381] rcu-torture: rcu_torture_fakewriter task started
[    8.434212] rcu-torture: Creating rcu_torture_reader task
[    8.434623] rcu-torture: rcu_torture_reader task started
[    8.457982] rcu-torture: Creating rcu_torture_reader task
[    8.458393] rcu-torture: rcu_torture_reader task started
[    8.466065] rcu-torture: Creating rcu_torture_reader task
[    8.466412] rcu-torture: rcu_torture_reader task started
[    8.486130] rcu-torture: Creating rcu_torture_reader task
[    8.486165] rcu-torture: rcu_torture_reader task started
[    8.493661] rcu-torture: rcu_torture_reader task started
[    8.493708] rcu-torture: Creating rcu_torture_reader task
[    8.495187] rcu-torture: Creating rcu_torture_reader task
[    8.495580] rcu-torture: rcu_torture_reader task started
[    8.496059] rcu-torture: Creating rcu_torture_reader task
[    8.496444] rcu-torture: rcu_torture_reader task started
[    8.497017] rcu-torture: Creating rcu_torture_reader task
[    8.497043] rcu-torture: rcu_torture_reader task started
[    8.498135] rcu-torture: Creating rcu_torture_reader task
[    8.498154] rcu-torture: rcu_torture_reader task started
[    8.499131] rcu-torture: Creating rcu_torture_reader task
[    8.499168] rcu-torture: rcu_torture_reader task started
[    8.499908] rcu-torture: Creating rcu_torture_reader task
[    8.500603] rcu-torture: rcu_torture_reader task started
[    8.596024] rcu-torture: Creating rcu_torture_reader task
[    8.596228] rcu-torture: rcu_torture_reader task started
[    8.614185] rcu-torture: Creating rcu_torture_reader task
[    8.614210] rcu-torture: rcu_torture_reader task started
[    8.624220] rcu-torture: Creating rcu_torture_reader task
[    8.624240] rcu-torture: rcu_torture_reader task started
[    8.646502] rcu-torture: Creating rcu_torture_stats task
[    8.646514] rcu-torture: rcu_torture_reader task started
[    8.662935] rcu-torture: rcu_torture_stats task started
[    8.663312] rcu-torture: Creating torture_shuffle task
[    8.678237] rcu-torture: Creating torture_stutter task
[    8.678315] rcu-torture: torture_shuffle task started
[    8.692928] rcu-torture: Creating torture_shutdown task
[    8.692954] rcu-torture: torture_stutter task started
[    8.707608] rcu-torture: torture_shutdown task started
[    8.707763] rcu-torture: Creating torture_onoff task
[    8.713879] rcu-torture:torture_shutdown task: 1799979 ms remaining
[    8.722388] rcu-torture: torture_onoff task started
[    8.722402] rcu-torture: Creating rcu_torture_fwd_prog task
[    8.723415] rcu-torture: rcu_torture_fwd_progress task started
[    8.723422] rcu-torture: Creating rcu_torture_barrier_cbs task
[    8.725360] rcu-torture: Creating rcu_torture_barrier_cbs task
[    8.725376] rcu-torture: rcu_torture_barrier_cbs task started
[    8.726413] rcu-torture: Creating rcu_torture_barrier_cbs task
[    8.726430] rcu-torture: rcu_torture_barrier_cbs task started
[    8.727651] rcu-torture: rcu_torture_barrier_cbs task started
[    8.727788] rcu-torture: Creating rcu_torture_barrier_cbs task
[    8.728802] rcu-torture: Creating rcu_torture_barrier task
[    8.728831] rcu-torture: rcu_torture_barrier_cbs task started
[    8.729831] rcu-torture: Creating rcu_torture_read_exit task
[    8.729848] rcu-torture: rcu_torture_barrier task starting
[    8.730759] rcu-torture: rcu_torture_read_exit: Start of test
[    8.730801] initcall rcu_torture_init+0x0/0x9a6 returned 0 after 458005 usecs
[    8.730805] calling  timekeeping_init_ops+0x0/0x13 @ 1
[    8.730839] initcall timekeeping_init_ops+0x0/0x13 returned 0 after 30 usecs
[    8.730840] calling  init_clocksource_sysfs+0x0/0x23 @ 1
[    8.731085] initcall init_clocksource_sysfs+0x0/0x23 returned 0 after 236 usecs
[    8.731087] calling  init_timer_list_procfs+0x0/0x31 @ 1
[    8.731153] initcall init_timer_list_procfs+0x0/0x31 returned 0 after 62 usecs
[    8.731155] calling  alarmtimer_init+0x0/0xc7 @ 1
[    8.731340] initcall alarmtimer_init+0x0/0xc7 returned 0 after 179 usecs
[    8.731342] calling  init_posix_timers+0x0/0x29 @ 1
[    8.731393] initcall init_posix_timers+0x0/0x29 returned 0 after 47 usecs
[    8.731395] calling  clockevents_init_sysfs+0x0/0xbf @ 1
[    8.732239] initcall clockevents_init_sysfs+0x0/0xbf returned 0 after 821 usecs
[    8.732243] calling  proc_dma_init+0x0/0x21 @ 1
[    8.732265] initcall proc_dma_init+0x0/0x21 returned 0 after 20 usecs
[    8.732267] calling  proc_modules_init+0x0/0x1e @ 1
[    8.732271] initcall proc_modules_init+0x0/0x1e returned 0 after 2 usecs
[    8.732273] calling  kallsyms_init+0x0/0x21 @ 1
[    8.732275] initcall kallsyms_init+0x0/0x21 returned 0 after 1 usecs
[    8.732278] calling  pid_namespaces_init+0x0/0x2c @ 1
[    8.732514] initcall pid_namespaces_init+0x0/0x2c returned 0 after 267 usecs
[    8.732514] calling  audit_watch_init+0x0/0x37 @ 1
[    8.732514] initcall audit_watch_init+0x0/0x37 returned 0 after 14 usecs
[    8.732514] calling  audit_fsnotify_init+0x0/0x37 @ 1
[    8.732514] initcall audit_fsnotify_init+0x0/0x37 returned 0 after 0 usecs
[    8.732514] calling  audit_tree_init+0x0/0x6d @ 1
[    8.732514] initcall audit_tree_init+0x0/0x6d returned 0 after 2 usecs
[    8.732514] calling  seccomp_sysctl_init+0x0/0x2b @ 1
[    8.732514] initcall seccomp_sysctl_init+0x0/0x2b returned 0 after 44 usecs
[    8.732514] calling  utsname_sysctl_init+0x0/0x13 @ 1
[    8.732514] initcall utsname_sysctl_init+0x0/0x13 returned 0 after 82 usecs
[    8.732514] calling  init_tracepoints+0x0/0x27 @ 1
[    8.732514] initcall init_tracepoints+0x0/0x27 returned 0 after 28 usecs
[    8.732514] calling  init_blk_tracer+0x0/0x50 @ 1
[    8.732514] initcall init_blk_tracer+0x0/0x50 returned 0 after 640 usecs
[    8.732514] calling  perf_event_sysfs_init+0x0/0x81 @ 1
[    8.732514] initcall perf_event_sysfs_init+0x0/0x81 returned 0 after 445 usecs
[    8.732514] calling  system_trusted_keyring_init+0x0/0x60 @ 1
[    8.732514] Initialise system trusted keyrings
[    8.732514] initcall system_trusted_keyring_init+0x0/0x60 returned 0 after 122 usecs
[    8.732514] calling  kswapd_init+0x0/0x5c @ 1
[    8.735300] rcu-torture: torture_onoff begin holdoff
[    8.735335] initcall kswapd_init+0x0/0x5c returned 0 after 1270 usecs
[    8.735338] calling  extfrag_debug_init+0x0/0x54 @ 1
[    8.735350] initcall extfrag_debug_init+0x0/0x54 returned 0 after 9 usecs
[    8.735352] calling  mm_compute_batch_init+0x0/0x12 @ 1
[    8.735355] initcall mm_compute_batch_init+0x0/0x12 returned 0 after 0 usecs
[    8.735357] calling  slab_proc_init+0x0/0x21 @ 1
[    8.735851] initcall slab_proc_init+0x0/0x21 returned 0 after 479 usecs
[    8.735853] calling  workingset_init+0x0/0x8c @ 1
[    8.735855] workingset: timestamp_bits=56 max_order=17 bucket_order=0
[    8.735952] initcall workingset_init+0x0/0x8c returned 0 after 95 usecs
[    8.735955] calling  proc_vmalloc_init+0x0/0x32 @ 1
[    8.735969] initcall proc_vmalloc_init+0x0/0x32 returned 0 after 11 usecs
[    8.735972] calling  procswaps_init+0x0/0x1e @ 1
[    8.736028] initcall procswaps_init+0x0/0x1e returned 0 after 52 usecs
[    8.736030] calling  slab_sysfs_init+0x0/0xea @ 1
[    8.736531] initcall slab_sysfs_init+0x0/0xea returned 0 after 2940 usecs
[    8.736531] calling  fcntl_init+0x0/0x29 @ 1
[    8.736531] initcall fcntl_init+0x0/0x29 returned 0 after 13 usecs
[    8.736531] calling  proc_filesystems_init+0x0/0x21 @ 1
[    8.736531] initcall proc_filesystems_init+0x0/0x21 returned 0 after 5 usecs
[    9.277722] calling  start_dirtytime_writeback+0x0/0x29 @ 1
[    9.277722] initcall start_dirtytime_writeback+0x0/0x29 returned 0 after 2 usecs
[    9.277722] calling  blkdev_init+0x0/0x1b @ 1
[    9.277722] initcall blkdev_init+0x0/0x1b returned 0 after 254 usecs
[    9.277722] calling  dio_init+0x0/0x2c @ 1
[    9.277722] initcall dio_init+0x0/0x2c returned 0 after 57 usecs
[    9.277722] calling  dnotify_init+0x0/0x78 @ 1
[    9.277722] initcall dnotify_init+0x0/0x78 returned 0 after 24 usecs
[    9.277722] calling  aio_setup+0x0/0x78 @ 1
[    9.277722] initcall aio_setup+0x0/0x78 returned 0 after 755 usecs
[    9.277722] calling  io_uring_init+0x0/0x2c @ 1
[    9.277722] initcall io_uring_init+0x0/0x2c returned 0 after 6 usecs
[    9.277722] calling  mbcache_init+0x0/0x30 @ 1
[    9.277722] initcall mbcache_init+0x0/0x30 returned 0 after 65 usecs
[    9.277722] calling  init_grace+0x0/0xc @ 1
[    9.277722] initcall init_grace+0x0/0xc returned 0 after 97 usecs
[    9.277722] calling  init_v2_quota_format+0x0/0x21 @ 1
[    9.277722] initcall init_v2_quota_format+0x0/0x21 returned 0 after 61 usecs
[    9.277722] calling  init_devpts_fs+0x0/0x27 @ 1
[    9.277722] initcall init_devpts_fs+0x0/0x27 returned 0 after 141 usecs
[    9.277722] calling  ext4_init_fs+0x0/0x1d0 @ 1
[    9.277722] initcall ext4_init_fs+0x0/0x1d0 returned 0 after 336 usecs
[    9.277722] calling  journal_init+0x0/0x11c @ 1
[    9.277722] initcall journal_init+0x0/0x11c returned 0 after 119 usecs
[    9.277722] calling  init_fat_fs+0x0/0x49 @ 1
[    9.277722] initcall init_fat_fs+0x0/0x49 returned 0 after 89 usecs
[    9.277722] calling  init_vfat_fs+0x0/0xc @ 1
[    9.277722] initcall init_vfat_fs+0x0/0xc returned 0 after 6 usecs
[    9.277722] calling  init_msdos_fs+0x0/0xc @ 1
[    9.277722] initcall init_msdos_fs+0x0/0xc returned 0 after 3 usecs
[    9.277722] calling  init_iso9660_fs+0x0/0x6c @ 1
[    9.511596] initcall init_iso9660_fs+0x0/0x6c returned 0 after 98 usecs
[    9.511596] calling  init_nfs_fs+0x0/0x13a @ 1
[    9.528394] initcall init_nfs_fs+0x0/0x13a returned 0 after 2880 usecs
[    9.536562] calling  init_nfs_v2+0x0/0x13 @ 1
[    9.542205] initcall init_nfs_v2+0x0/0x13 returned 0 after 89 usecs
[    9.549970] calling  init_nfs_v3+0x0/0x13 @ 1
[    9.555792] initcall init_nfs_v3+0x0/0x13 returned 0 after 17 usecs
[    9.563462] calling  init_nfs_v4+0x0/0x32 @ 1
[    9.568971] NFS: Registering the id_resolver key type
[    9.575588] Key type id_resolver registered
[    9.580903] Key type id_legacy registered
[    9.586152] initcall init_nfs_v4+0x0/0x32 returned 0 after 16807 usecs
[    9.594246] calling  init_nlm+0x0/0x5b @ 1
[    9.599889] initcall init_nlm+0x0/0x5b returned 0 after 436 usecs
[    9.607629] calling  init_nls_cp437+0x0/0xe @ 1
[    9.613604] initcall init_nls_cp437+0x0/0xe returned 0 after 161 usecs
[    9.621780] calling  init_nls_ascii+0x0/0xe @ 1
[    9.627677] initcall init_nls_ascii+0x0/0xe returned 0 after 1 usecs
[    9.635834] calling  init_nls_iso8859_1+0x0/0xe @ 1
[    9.642100] initcall init_nls_iso8859_1+0x0/0xe returned 0 after 1 usecs
[    9.650816] calling  init_nls_utf8+0x0/0x21 @ 1
[    9.656429] initcall init_nls_utf8+0x0/0x21 returned 0 after 1 usecs
[    9.664198] calling  init_autofs_fs+0x0/0x25 @ 1
[    9.670824] initcall init_autofs_fs+0x0/0x25 returned 0 after 646 usecs
[    9.679837] calling  ipc_init+0x0/0x24 @ 1
[    9.685907] initcall ipc_init+0x0/0x24 returned 0 after 96 usecs
[    9.694075] calling  ipc_sysctl_init+0x0/0x13 @ 1
[    9.700392] initcall ipc_sysctl_init+0x0/0x13 returned 0 after 28 usecs
[    9.708868] calling  init_mqueue_fs+0x0/0x9a @ 1
[    9.715021] initcall init_mqueue_fs+0x0/0x9a returned 0 after 288 usecs
[    9.723371] calling  key_proc_init+0x0/0x63 @ 1
[    9.729654] initcall key_proc_init+0x0/0x63 returned 0 after 8 usecs
[    9.739286] calling  selinux_nf_ip_init+0x0/0x2e @ 1
[    9.745985] initcall selinux_nf_ip_init+0x0/0x2e returned 0 after 122 usecs
[    9.756592] calling  init_sel_fs+0x0/0x116 @ 1
[    9.762189] initcall init_sel_fs+0x0/0x116 returned 0 after 0 usecs
[    9.770493] calling  selnl_init+0x0/0x7c @ 1
[    9.776236] initcall selnl_init+0x0/0x7c returned 0 after 194 usecs
[    9.784088] calling  sel_netif_init+0x0/0x36 @ 1
[    9.790097] initcall sel_netif_init+0x0/0x36 returned 0 after 0 usecs
[    9.798118] calling  sel_netnode_init+0x0/0x33 @ 1
[    9.804320] initcall sel_netnode_init+0x0/0x33 returned 0 after 0 usecs
[    9.814164] calling  sel_netport_init+0x0/0x33 @ 1
[    9.822038] initcall sel_netport_init+0x0/0x33 returned 0 after 0 usecs
[    9.832439] calling  aurule_init+0x0/0x2a @ 1
[    9.839209] initcall aurule_init+0x0/0x2a returned 0 after 1 usecs
[    9.846964] calling  crypto_algapi_init+0x0/0xc @ 1
[    9.853267] initcall crypto_algapi_init+0x0/0xc returned 0 after 5 usecs
[    9.861722] calling  jent_mod_init+0x0/0x2d @ 1
[    9.880113] initcall jent_mod_init+0x0/0x2d returned 0 after 12250 usecs
[    9.890899] calling  asymmetric_key_init+0x0/0xc @ 1
[    9.898692] Key type asymmetric registered
[    9.905164] initcall asymmetric_key_init+0x0/0xc returned 0 after 6317 usecs
[    9.915586] calling  x509_key_init+0x0/0xc @ 1
[    9.922647] Asymmetric key parser 'x509' registered
[    9.929565] initcall x509_key_init+0x0/0xc returned 0 after 6775 usecs
[    9.939949] calling  proc_genhd_init+0x0/0x41 @ 1
[    9.947755] initcall proc_genhd_init+0x0/0x41 returned 0 after 79 usecs
[    9.958280] calling  bsg_init+0x0/0x113 @ 1
[    9.965434] Block layer SCSI generic (bsg) driver version 0.4 loaded (major 251)
[    9.977261] initcall bsg_init+0x0/0x113 returned 0 after 11986 usecs
[    9.987542] calling  deadline_init+0x0/0xc @ 1
[    9.994825] io scheduler mq-deadline registered
[   10.002443] initcall deadline_init+0x0/0xc returned 0 after 7495 usecs
[   10.013109] calling  kyber_init+0x0/0xc @ 1
[   10.020035] io scheduler kyber registered
[   10.026731] initcall kyber_init+0x0/0xc returned 0 after 6559 usecs
[   10.036836] calling  mod_init+0x0/0x7 @ 1
[   10.043588] initcall mod_init+0x0/0x7 returned 0 after 0 usecs
[   10.053283] calling  percpu_counter_startup+0x0/0x55 @ 1
[   10.076067] initcall percpu_counter_startup+0x0/0x55 returned 0 after 13764 usecs
[   10.076663] calling  sg_pool_init+0x0/0xb4 @ 1
[   10.076663] initcall sg_pool_init+0x0/0xb4 returned 0 after 866 usecs
[   10.076663] calling  pcie_portdrv_init+0x0/0x39 @ 1
[   10.076663] initcall pcie_portdrv_init+0x0/0x39 returned 0 after 108 usecs
[   10.076663] calling  pci_proc_init+0x0/0x68 @ 1
[   10.076663] initcall pci_proc_init+0x0/0x68 returned 0 after 44 usecs
[   10.076663] calling  pci_hotplug_init+0x0/0x7 @ 1
[   10.076663] initcall pci_hotplug_init+0x0/0x7 returned 0 after 0 usecs
[   10.076663] calling  efifb_driver_init+0x0/0xe @ 1
[   10.076663] initcall efifb_driver_init+0x0/0xe returned 0 after 27 usecs
[   10.076663] calling  ged_driver_init+0x0/0xe @ 1
[   10.076663] initcall ged_driver_init+0x0/0xe returned 0 after 121 usecs
[   10.076663] calling  acpi_ac_init+0x0/0x92 @ 1
[   10.076663] initcall acpi_ac_init+0x0/0x92 returned 0 after 1413 usecs
[   10.076663] calling  acpi_button_driver_init+0x0/0x52 @ 1
[   10.076663] input: Power Button as /devices/LNXSYSTM:00/LNXPWRBN:00/input/input0
[   10.225850] ACPI: Power Button [PWRF]
[   10.231616] initcall acpi_button_driver_init+0x0/0x52 returned 0 after 18080 usecs
[   10.231894] calling  acpi_fan_driver_init+0x0/0xe @ 1
[   10.231894] initcall acpi_fan_driver_init+0x0/0xe returned 0 after 18 usecs
[   10.231894] calling  acpi_video_init+0x0/0xcb @ 1
[   10.231894] initcall acpi_video_init+0x0/0xcb returned 0 after 62 usecs
[   10.231894] calling  acpi_processor_driver_init+0x0/0xad @ 1
[   10.231894] initcall acpi_processor_driver_init+0x0/0xad returned 0 after 2298 usecs
[   10.231894] calling  acpi_thermal_init+0x0/0x71 @ 1
[   10.303823] initcall acpi_thermal_init+0x0/0x71 returned 0 after 1770 usecs
[   10.304531] calling  acpi_battery_init+0x0/0x32 @ 1
[   10.320241] initcall acpi_battery_init+0x0/0x32 returned 0 after 185 usecs
[   10.320241] calling  bgrt_init+0x0/0xb6 @ 1
[   10.320241] initcall bgrt_init+0x0/0xb6 returned -19 after 22 usecs
[   10.320241] calling  gpio_clk_driver_init+0x0/0xe @ 1
[   10.320241] initcall gpio_clk_driver_init+0x0/0xe returned 0 after 60 usecs
[   10.320241] calling  plt_clk_driver_init+0x0/0xe @ 1
[   10.320241] initcall plt_clk_driver_init+0x0/0xe returned 0 after 30 usecs
[   10.320241] calling  virtio_pci_driver_init+0x0/0x15 @ 1
[   10.320241] initcall virtio_pci_driver_init+0x0/0x15 returned 0 after 61 usecs
[   10.320241] calling  n_null_init+0x0/0x1e @ 1
[   10.320241] initcall n_null_init+0x0/0x1e returned 0 after 38 usecs
[   10.320241] calling  pty_init+0x0/0x1e8 @ 1
[   10.415024] initcall pty_init+0x0/0x1e8 returned 0 after 1343 usecs
[   10.415663] calling  sysrq_init+0x0/0x62 @ 1
[   10.415663] initcall sysrq_init+0x0/0x62 returned 0 after 24 usecs
[   10.415663] calling  serial8250_init+0x0/0x17e @ 1
[   10.415663] Serial: 8250/16550 driver, 4 ports, IRQ sharing enabled
[   10.415663] 00:03: ttyS0 at I/O 0x3f8 (irq = 4, base_baud = 115200) is a 16550A
[   10.479114] initcall serial8250_init+0x0/0x17e returned 0 after 31997 usecs
[   10.490852] calling  serial_pci_driver_init+0x0/0x15 @ 1
[   10.491624] initcall serial_pci_driver_init+0x0/0x15 returned 0 after 136 usecs
[   10.491624] calling  exar_pci_driver_init+0x0/0x15 @ 1
[   10.491624] initcall exar_pci_driver_init+0x0/0x15 returned 0 after 83 usecs
[   10.491624] calling  lpss8250_pci_driver_init+0x0/0x15 @ 1
[   10.491624] initcall lpss8250_pci_driver_init+0x0/0x15 returned 0 after 75 usecs
[   10.491624] calling  mid8250_pci_driver_init+0x0/0x15 @ 1
[   10.491624] initcall mid8250_pci_driver_init+0x0/0x15 returned 0 after 29 usecs
[   10.491624] calling  virtio_console_init+0x0/0xff @ 1
[   10.491624] initcall virtio_console_init+0x0/0xff returned 0 after 11449 usecs
[   10.491624] calling  hpet_init+0x0/0x64 @ 1
[   10.633124] initcall hpet_init+0x0/0x64 returned 0 after 9330 usecs
[   10.643184] calling  nvram_module_init+0x0/0x83 @ 1
[   10.652021] Non-volatile memory driver v1.3
[   10.658893] initcall nvram_module_init+0x0/0x83 returned 0 after 8440 usecs
[   10.659441] calling  hwrng_modinit+0x0/0x8a @ 1
[   10.677343] initcall hwrng_modinit+0x0/0x8a returned 0 after 896 usecs
[   10.677343] calling  mod_init+0x0/0x48 @ 1
[   10.677343] initcall mod_init+0x0/0x48 returned -19 after 0 usecs
[   10.677343] calling  agp_init+0x0/0x23 @ 1
[   10.677343] Linux agpgart interface v0.103
[   10.677343] initcall agp_init+0x0/0x23 returned 0 after 5527 usecs
[   10.677343] calling  agp_amd64_mod_init+0x0/0x5 @ 1
[   10.677343] initcall agp_amd64_mod_init+0x0/0x5 returned -19 after 1155 usecs
[   10.677343] calling  agp_intel_init+0x0/0x28 @ 1
[   10.677343] initcall agp_intel_init+0x0/0x28 returned 0 after 1272 usecs
[   10.677343] calling  drm_kms_helper_init+0x0/0x7 @ 1
[   10.677343] initcall drm_kms_helper_init+0x0/0x7 returned 0 after 39 usecs
[   10.677343] calling  drm_core_init+0x0/0xa4 @ 1
[   10.677343] initcall drm_core_init+0x0/0xa4 returned 0 after 2093 usecs
[   10.677343] calling  i915_init+0x0/0x6b @ 1
[   10.677343] initcall i915_init+0x0/0x6b returned 0 after 5264 usecs
[   10.677343] calling  cn_proc_init+0x0/0x35 @ 1
[   10.677343] initcall cn_proc_init+0x0/0x35 returned 0 after 2 usecs
[   10.677343] calling  topology_sysfs_init+0x0/0x27 @ 1
[   10.677343] initcall topology_sysfs_init+0x0/0x27 returned 0 after 1868 usecs
[   10.677343] calling  cacheinfo_sysfs_init+0x0/0x27 @ 1
[   10.931354] initcall cacheinfo_sysfs_init+0x0/0x27 returned 0 after 66872 usecs
[   10.932084] calling  loop_init+0x0/0x168 @ 1
[   11.099064] loop: module loaded
[   11.104605] initcall loop_init+0x0/0x168 returned 0 after 152434 usecs
[   11.115208] calling  mac_hid_init+0x0/0x21 @ 1
[   11.122269] initcall mac_hid_init+0x0/0x21 returned 0 after 239 usecs
[   11.132338] calling  spi_transport_init+0x0/0x74 @ 1
[   11.141041] initcall spi_transport_init+0x0/0x74 returned 0 after 631 usecs
[   11.151249] calling  init_sd+0x0/0x18c @ 1
[   11.156989] initcall init_sd+0x0/0x18c returned 0 after 175 usecs
[   11.165163] calling  init_sr+0x0/0x43 @ 1
[   11.171404] initcall init_sr+0x0/0x43 returned 0 after 37 usecs
[   11.179926] calling  init_sg+0x0/0x1c0 @ 1
[   11.186264] initcall init_sg+0x0/0x1c0 returned 0 after 240 usecs
[   11.195766] calling  ahci_pci_driver_init+0x0/0x15 @ 1
[   11.204747] ahci 0000:00:1f.2: version 3.0
[   11.213446] PCI Interrupt Link [GSIA] enabled at IRQ 16
[   11.234094] ahci 0000:00:1f.2: AHCI 0001.0000 32 slots 6 ports 1.5 Gbps 0x3f impl SATA mode
[   11.246535] ahci 0000:00:1f.2: flags: 64bit ncq only 
[   11.276937] scsi host0: ahci
[   11.285969] scsi host1: ahci
[   11.297952] scsi host2: ahci
[   11.307151] scsi host3: ahci
[   11.324815] scsi host4: ahci
[   11.335243] scsi host5: ahci
[   11.335569] ata1: SATA max UDMA/133 abar m4096@0xfebf1000 port 0xfebf1100 irq 24
[   11.335569] ata2: SATA max UDMA/133 abar m4096@0xfebf1000 port 0xfebf1180 irq 24
[   11.335569] ata3: SATA max UDMA/133 abar m4096@0xfebf1000 port 0xfebf1200 irq 24
[   11.335569] ata4: SATA max UDMA/133 abar m4096@0xfebf1000 port 0xfebf1280 irq 24
[   11.335569] ata5: SATA max UDMA/133 abar m4096@0xfebf1000 port 0xfebf1300 irq 24
[   11.335569] ata6: SATA max UDMA/133 abar m4096@0xfebf1000 port 0xfebf1380 irq 24
[   11.403161] initcall ahci_pci_driver_init+0x0/0x15 returned 0 after 195109 usecs
[   11.403161] calling  piix_init+0x0/0x26 @ 1
[   11.403161] initcall piix_init+0x0/0x26 returned 0 after 117 usecs
[   11.403161] calling  amd_pci_driver_init+0x0/0x15 @ 1
[   11.403161] initcall amd_pci_driver_init+0x0/0x15 returned 0 after 156 usecs
[   11.403161] calling  oldpiix_pci_driver_init+0x0/0x15 @ 1
[   11.403161] initcall oldpiix_pci_driver_init+0x0/0x15 returned 0 after 115 usecs
[   11.403161] calling  sch_pci_driver_init+0x0/0x15 @ 1
[   11.403161] initcall sch_pci_driver_init+0x0/0x15 returned 0 after 27 usecs
[   11.403161] calling  net_olddevs_init+0x0/0x55 @ 1
[   11.403161] initcall net_olddevs_init+0x0/0x55 returned 0 after 212 usecs
[   11.403161] calling  blackhole_netdev_init+0x0/0x78 @ 1
[   11.403161] initcall blackhole_netdev_init+0x0/0x78 returned 0 after 633 usecs
[   11.403161] calling  phy_module_init+0x0/0x13 @ 1
[   11.403161] initcall phy_module_init+0x0/0x13 returned 0 after 455 usecs
[   11.403161] calling  tg3_driver_init+0x0/0x15 @ 1
[   11.403161] initcall tg3_driver_init+0x0/0x15 returned 0 after 75 usecs
[   11.403161] calling  e100_init_module+0x0/0x4c @ 1
[   11.403161] e100: Intel(R) PRO/100 Network Driver
[   11.403161] e100: Copyright(c) 1999-2006 Intel Corporation
[   11.403161] initcall e100_init_module+0x0/0x4c returned 0 after 12124 usecs
[   11.403161] calling  e1000_init_module+0x0/0x72 @ 1
[   11.403161] e1000: Intel(R) PRO/1000 Network Driver
[   11.583288] e1000: Copyright (c) 1999-2006 Intel Corporation.
[   11.591180] initcall e1000_init_module+0x0/0x72 returned 0 after 13745 usecs
[   11.601236] calling  e1000_init_module+0x0/0x2d @ 1
[   11.608040] e1000e: Intel(R) PRO/1000 Network Driver
[   11.614983] e1000e: Copyright(c) 1999 - 2015 Intel Corporation.
[   11.623229] initcall e1000_init_module+0x0/0x2d returned 0 after 14803 usecs
[   11.633414] calling  sky2_init_module+0x0/0x21 @ 1
[   11.640216] sky2: driver version 1.30
[   11.645771] initcall sky2_init_module+0x0/0x21 returned 0 after 5421 usecs
[   11.655638] calling  forcedeth_pci_driver_init+0x0/0x15 @ 1
[   11.664159] initcall forcedeth_pci_driver_init+0x0/0x15 returned 0 after 58 usecs
[   11.675661] calling  rtl8139_init_module+0x0/0x15 @ 1
[   11.684088] initcall rtl8139_init_module+0x0/0x15 returned 0 after 74 usecs
[   11.694307] calling  rtl8169_pci_driver_init+0x0/0x15 @ 1
[   11.702009] initcall rtl8169_pci_driver_init+0x0/0x15 returned 0 after 68 usecs
[   11.712303] calling  cdrom_init+0x0/0xc @ 1
[   11.716959] ata1: SATA link down (SStatus 0 SControl 300)
[   11.718668] initcall cdrom_init+0x0/0xc returned 0 after 194 usecs
[   11.729421] ata4: SATA link down (SStatus 0 SControl 300)
[   11.735990] calling  nonstatic_sysfs_init+0x0/0xc @ 1
[   11.736064] initcall nonstatic_sysfs_init+0x0/0xc returned 0 after 49 usecs
[   11.747424] ata2: SATA link down (SStatus 0 SControl 300)
[   11.752540] calling  yenta_cardbus_driver_init+0x0/0x15 @ 1
[   11.766148] ata5: SATA link down (SStatus 0 SControl 300)
[   11.772454] initcall yenta_cardbus_driver_init+0x0/0x15 returned 0 after 269 usecs
[   11.800854] calling  mon_init+0x0/0x12d @ 1
[   11.811158] initcall mon_init+0x0/0x12d returned 0 after 3690 usecs
[   11.818444] ata6: SATA link down (SStatus 0 SControl 300)
[   11.820909] calling  ehci_hcd_init+0x0/0x56 @ 1
[   11.833046] ata3: SATA link up 1.5 Gbps (SStatus 113 SControl 300)
[   11.821685] ehci_hcd: USB 2.0 'Enhanced' Host Controller (EHCI) Driver
[   11.821685] initcall ehci_hcd_init+0x0/0x56 returned 0 after 289 usecs
[   11.852822] ata3.00: ATAPI: QEMU DVD-ROM, 2.5+, max UDMA/100
[   11.821685] calling  ehci_pci_init+0x0/0x64 @ 1
[   11.821685] ehci-pci: EHCI PCI platform driver
[   11.821685] initcall ehci_pci_init+0x0/0x64 returned 0 after 198 usecs
[   11.821685] calling  ohci_hcd_mod_init+0x0/0x4e @ 1
[   11.821685] ohci_hcd: USB 1.1 'Open' Host Controller (OHCI) Driver
[   11.821685] initcall ohci_hcd_mod_init+0x0/0x4e returned 0 after 26 usecs
[   11.866199] ata3.00: applying bridge limits
[   11.821685] calling  ohci_pci_init+0x0/0x64 @ 1
[   11.821685] ohci-pci: OHCI PCI platform driver
[   11.821685] initcall ohci_pci_init+0x0/0x64 returned 0 after 142 usecs
[   11.886488] ata3.00: configured for UDMA/100
[   11.821685] calling  uhci_hcd_init+0x0/0xa8 @ 1
[   11.821685] uhci_hcd: USB Universal Host Controller Interface driver
[   11.821685] initcall uhci_hcd_init+0x0/0xa8 returned 0 after 485 usecs
[   11.910904] scsi 2:0:0:0: CD-ROM            QEMU     QEMU DVD-ROM     2.5+ PQ: 0 ANSI: 5
[   11.821685] calling  xhci_hcd_init+0x0/0x1e @ 1
[   11.821685] initcall xhci_hcd_init+0x0/0x1e returned 0 after 82 usecs
[   11.821685] calling  xhci_pci_init+0x0/0x49 @ 1
[   11.821685] initcall xhci_pci_init+0x0/0x49 returned 0 after 298 usecs
[   11.821685] calling  usblp_driver_init+0x0/0x15 @ 1
[   11.821685] usbcore: registered new interface driver usblp
[   11.821685] initcall usblp_driver_init+0x0/0x15 returned 0 after 8088 usecs
[   11.821685] calling  usb_storage_driver_init+0x0/0x2a @ 1
[   11.821685] usbcore: registered new interface driver usb-storage
[   11.821685] initcall usb_storage_driver_init+0x0/0x2a returned 0 after 8823 usecs
[   11.821685] calling  i8042_init+0x0/0x4c2 @ 1
[   11.821685] i8042: PNP: PS/2 Controller [PNP0303:KBD,PNP0f13:MOU] at 0x60,0x64 irq 1,12
[   12.113539] serio: i8042 KBD port at 0x60,0x64 irq 1
[   12.127954] serio: i8042 AUX port at 0x60,0x64 irq 12
[   12.136620] initcall i8042_init+0x0/0x4c2 returned 0 after 41762 usecs
[   12.147586] calling  serport_init+0x0/0x2c @ 1
[   12.155111] initcall serport_init+0x0/0x2c returned 0 after 76 usecs
[   12.164041] calling  input_leds_init+0x0/0xc @ 1
[   12.171300] initcall input_leds_init+0x0/0xc returned 0 after 177 usecs
[   12.181017] calling  evdev_init+0x0/0xc @ 1
[   12.192056] initcall evdev_init+0x0/0xc returned 0 after 3549 usecs
[   12.201186] sr 2:0:0:0: [sr0] scsi3-mmc drive: 4x/4x cd/rw xa/form2 tray
[   12.192580] calling  atkbd_init+0x0/0x21 @ 1
[   12.215194] cdrom: Uniform CD-ROM driver Revision: 3.20
[   12.218979] initcall atkbd_init+0x0/0x21 returned 0 after 585 usecs
[   12.236824] calling  psmouse_init+0x0/0x7f @ 1
[   12.243686] initcall psmouse_init+0x0/0x7f returned 0 after 286 usecs
[   12.252370] calling  cmos_init+0x0/0x73 @ 1
[   12.259300] rtc_cmos 00:04: RTC can wake from S4
[   12.274123] rtc_cmos 00:04: registered as rtc0
[   12.282006] input: AT Translated Set 2 keyboard as /devices/platform/i8042/serio0/input/input1
[   12.274551] rtc_cmos 00:04: alarms up to one day, y3k, 242 bytes nvram, hpet irqs
[   12.274551] initcall cmos_init+0x0/0x73 returned 0 after 47051 usecs
[   12.274551] calling  smbalert_driver_init+0x0/0xe @ 1
[   12.274551] initcall smbalert_driver_init+0x0/0xe returned 0 after 200 usecs
[   12.274551] calling  i2c_i801_init+0x0/0xc5 @ 1
[   12.350695] i801_smbus 0000:00:1f.3: SMBus using PCI interrupt
[   12.350695] i2c i2c-0: 1/1 memory slots populated (from DMI)
[   12.350695] i2c i2c-0: Memory type 0x07 not supported yet, not instantiating SPD
[   12.382258] initcall i2c_i801_init+0x0/0xc5 returned 0 after 34105 usecs
[   12.394033] calling  ptp_kvm_init+0x0/0xf0 @ 1
[   12.403647] initcall ptp_kvm_init+0x0/0xf0 returned 0 after 2811 usecs
[   12.404682] calling  dm_init+0x0/0x3c @ 1
[   12.426274] device-mapper: ioctl: 4.43.0-ioctl (2020-10-01) initialised: dm-devel@redhat.com
[   12.426802] initcall dm_init+0x0/0x3c returned 0 after 16904 usecs
[   12.426802] calling  dm_mirror_init+0x0/0x29 @ 1
[   12.426802] initcall dm_mirror_init+0x0/0x29 returned 0 after 177 usecs
[   12.426802] calling  dm_dirty_log_init+0x0/0x4f @ 1
[   12.426802] initcall dm_dirty_log_init+0x0/0x4f returned 0 after 96 usecs
[   12.426802] calling  dm_zero_init+0x0/0x29 @ 1
[   12.426802] initcall dm_zero_init+0x0/0x29 returned 0 after 2 usecs
[   12.426802] calling  intel_pstate_init+0x0/0x50d @ 1
[   12.426802] intel_pstate: CPU model not supported
[   12.426802] initcall intel_pstate_init+0x0/0x50d returned -19 after 7241 usecs
[   12.426802] calling  haltpoll_init+0x0/0xc0 @ 1
[   12.426802] initcall haltpoll_init+0x0/0xc0 returned -19 after 64 usecs
[   12.543231] calling  efivars_sysfs_init+0x0/0x30 @ 1
[   12.543231] initcall efivars_sysfs_init+0x0/0x30 returned 0 after 132 usecs
[   12.543231] calling  esrt_sysfs_init+0x0/0x2a2 @ 1
[   12.543231] initcall esrt_sysfs_init+0x0/0x2a2 returned -38 after 194 usecs
[   12.543231] calling  hid_init+0x0/0x5c @ 1
[   12.543231] hid: raw HID events driver (C) Jiri Kosina
[   12.543231] initcall hid_init+0x0/0x5c returned 0 after 7598 usecs
[   12.543231] calling  hid_generic_init+0x0/0x15 @ 1
[   12.543231] initcall hid_generic_init+0x0/0x15 returned 0 after 145 usecs
[   12.543231] calling  a4_driver_init+0x0/0x15 @ 1
[   12.543231] initcall a4_driver_init+0x0/0x15 returned 0 after 25 usecs
[   12.543231] calling  apple_driver_init+0x0/0x15 @ 1
[   12.641754] initcall apple_driver_init+0x0/0x15 returned 0 after 42 usecs
[   12.650894] calling  belkin_driver_init+0x0/0x15 @ 1
[   12.658301] initcall belkin_driver_init+0x0/0x15 returned 0 after 27 usecs
[   12.668185] calling  ch_driver_init+0x0/0x15 @ 1
[   12.675149] initcall ch_driver_init+0x0/0x15 returned 0 after 24 usecs
[   12.684370] calling  ch_driver_init+0x0/0x15 @ 1
[   12.691161] initcall ch_driver_init+0x0/0x15 returned 0 after 23 usecs
[   12.700533] calling  cp_driver_init+0x0/0x15 @ 1
[   12.707281] initcall cp_driver_init+0x0/0x15 returned 0 after 74 usecs
[   12.716883] calling  ez_driver_init+0x0/0x15 @ 1
[   12.724758] initcall ez_driver_init+0x0/0x15 returned 0 after 66 usecs
[   12.735934] calling  gyration_driver_init+0x0/0x15 @ 1
[   12.744181] initcall gyration_driver_init+0x0/0x15 returned 0 after 23 usecs
[   12.754191] calling  ite_driver_init+0x0/0x15 @ 1
[   12.761148] initcall ite_driver_init+0x0/0x15 returned 0 after 24 usecs
[   12.771391] calling  ks_driver_init+0x0/0x15 @ 1
[   12.778674] initcall ks_driver_init+0x0/0x15 returned 0 after 23 usecs
[   12.788382] calling  lg_driver_init+0x0/0x15 @ 1
[   12.795620] initcall lg_driver_init+0x0/0x15 returned 0 after 52 usecs
[   12.806152] calling  lg_g15_driver_init+0x0/0x15 @ 1
[   12.813696] initcall lg_g15_driver_init+0x0/0x15 returned 0 after 118 usecs
[   12.824186] calling  ms_driver_init+0x0/0x15 @ 1
[   12.831758] initcall ms_driver_init+0x0/0x15 returned 0 after 36 usecs
[   12.842102] calling  mr_driver_init+0x0/0x15 @ 1
[   12.848802] initcall mr_driver_init+0x0/0x15 returned 0 after 27 usecs
[   12.859658] calling  ntrig_driver_init+0x0/0x15 @ 1
[   12.867739] initcall ntrig_driver_init+0x0/0x15 returned 0 after 164 usecs
[   12.878797] calling  pl_driver_init+0x0/0x15 @ 1
[   12.885734] initcall pl_driver_init+0x0/0x15 returned 0 after 26 usecs
[   12.894603] calling  pl_driver_init+0x0/0x15 @ 1
[   12.900936] initcall pl_driver_init+0x0/0x15 returned 0 after 54 usecs
[   12.909872] calling  redragon_driver_init+0x0/0x15 @ 1
[   12.916611] initcall redragon_driver_init+0x0/0x15 returned 0 after 22 usecs
[   12.926289] calling  samsung_driver_init+0x0/0x15 @ 1
[   12.933675] initcall samsung_driver_init+0x0/0x15 returned 0 after 28 usecs
[   12.943971] calling  sony_init+0x0/0x38 @ 1
[   12.950728] initcall sony_init+0x0/0x38 returned 0 after 82 usecs
[   12.959025] calling  sp_driver_init+0x0/0x15 @ 1
[   13.000626] initcall sp_driver_init+0x0/0x15 returned 0 after 11764 usecs
[   13.013812] calling  ts_driver_init+0x0/0x15 @ 1
[   13.044317] initcall ts_driver_init+0x0/0x15 returned 0 after 38 usecs
[   13.054291] calling  hid_init+0x0/0x58 @ 1
[   13.064038] usbcore: registered new interface driver usbhid
[   13.072807] usbhid: USB HID core driver
[   13.078834] initcall hid_init+0x0/0x58 returned 0 after 17781 usecs
[   13.088089] calling  eeepc_laptop_init+0x0/0x57 @ 1
[   13.100822] input: ImExPS/2 Generic Explorer Mouse as /devices/platform/i8042/serio1/input/input3
[   13.100684] initcall eeepc_laptop_init+0x0/0x57 returned -19 after 10661 usecs
[   13.118121] sr 2:0:0:0: Attached scsi CD-ROM sr0
[   13.100684] calling  pmc_atom_init+0x0/0x27a @ 1
[   13.100684] initcall pmc_atom_init+0x0/0x27a returned -19 after 256 usecs
[   13.134979] sr 2:0:0:0: Attached scsi generic sg0 type 5
[   13.100684] calling  alsa_hwdep_init+0x0/0x5e @ 1
[   13.100684] initcall alsa_hwdep_init+0x0/0x5e returned 0 after 1149 usecs
[   13.100684] calling  alsa_timer_init+0x0/0x1f0 @ 1
[   13.186142] initcall alsa_timer_init+0x0/0x1f0 returned 0 after 1863 usecs
[   13.186849] calling  snd_hrtimer_init+0x0/0x117 @ 1
[   13.186849] initcall snd_hrtimer_init+0x0/0x117 returned 0 after 3 usecs
[   13.186849] calling  alsa_pcm_init+0x0/0x64 @ 1
