c[?7l[2J[0mSeaBIOS (version 1.16.0-debian-1.16.0-4)
Booting from ROM...
early console in setup code
c[?7l[2J[    0.000000] Linux version 5.10.158+ (root@joelboxx.c.googlers.com) (gcc (Debian 12.2.0-3) 12.2.0, GNU ld (GNU Binutils for Debian) 2.39) #19 PREEMPT Tue Dec 13 02:51:51 UTC 2022
[    0.000000] Command line: selinux=0 initcall_debug debug console=ttyS0 rcutorture.n_barrier_cbs=4 rcutorture.stat_interval=15 rcutorture.shutdown_secs=1800 rcutorture.test_no_idle_hz=1 rcutorture.verbose=1
[    0.000000] x86/fpu: x87 FPU will use FXSAVE
[    0.000000] BIOS-provided physical RAM map:
[    0.000000] BIOS-e820: [mem 0x0000000000000000-0x000000000009fbff] usable
[    0.000000] BIOS-e820: [mem 0x000000000009fc00-0x000000000009ffff] reserved
[    0.000000] BIOS-e820: [mem 0x00000000000f0000-0x00000000000fffff] reserved
[    0.000000] BIOS-e820: [mem 0x0000000000100000-0x000000001ffdefff] usable
[    0.000000] BIOS-e820: [mem 0x000000001ffdf000-0x000000001fffffff] reserved
[    0.000000] BIOS-e820: [mem 0x00000000b0000000-0x00000000bfffffff] reserved
[    0.000000] BIOS-e820: [mem 0x00000000fed1c000-0x00000000fed1ffff] reserved
[    0.000000] BIOS-e820: [mem 0x00000000feffc000-0x00000000feffffff] reserved
[    0.000000] BIOS-e820: [mem 0x00000000fffc0000-0x00000000ffffffff] reserved
[    0.000000] NX (Execute Disable) protection: active
[    0.000000] SMBIOS 2.8 present.
[    0.000000] DMI: QEMU Standard PC (Q35 + ICH9, 2009), BIOS 1.16.0-debian-1.16.0-4 04/01/2014
[    0.000000] Hypervisor detected: KVM
[    0.000000] kvm-clock: Using msrs 4b564d01 and 4b564d00
[    0.000000] kvm-clock: cpu 0, msr f462001, primary cpu clock
[    0.000076] kvm-clock: using sched offset of 2902456444 cycles
[    0.000300] clocksource: kvm-clock: mask: 0xffffffffffffffff max_cycles: 0x1cd42e4dffb, max_idle_ns: 881590591483 ns
[    0.000440] tsc: Detected 1999.999 MHz processor
[    0.008194] e820: update [mem 0x00000000-0x00000fff] usable ==> reserved
[    0.008201] e820: remove [mem 0x000a0000-0x000fffff] usable
[    0.008209] last_pfn = 0x1ffdf max_arch_pfn = 0x400000000
[    0.009091] MTRR default type: write-back
[    0.009164] MTRR fixed ranges enabled:
[    0.009166]   00000-9FFFF write-back
[    0.009167]   A0000-BFFFF uncachable
[    0.009169]   C0000-FFFFF write-protect
[    0.009169] MTRR variable ranges enabled:
[    0.009172]   0 base 00C0000000 mask FFC0000000 uncachable
[    0.009172]   1 disabled
[    0.009173]   2 disabled
[    0.009174]   3 disabled
[    0.009175]   4 disabled
[    0.009175]   5 disabled
[    0.009176]   6 disabled
[    0.009177]   7 disabled
[    0.009508] x86/PAT: Configuration [0-7]: WB  WC  UC- UC  WB  WC  UC- UC  
[    0.018478] found SMP MP-table at [mem 0x000f5ba0-0x000f5baf]
[    0.021157] check: Scanning 1 areas for low memory corruption
[    0.030475] ACPI: Early table checksum verification disabled
[    0.032336] ACPI: RSDP 0x00000000000F59E0 000014 (v00 BOCHS )
[    0.032880] ACPI: RSDT 0x000000001FFE229A 000038 (v01 BOCHS  BXPC     00000001 BXPC 00000001)
[    0.033525] ACPI: FACP 0x000000001FFE2092 0000F4 (v03 BOCHS  BXPC     00000001 BXPC 00000001)
[    0.033659] ACPI: DSDT 0x000000001FFE0040 002052 (v01 BOCHS  BXPC     00000001 BXPC 00000001)
[    0.033667] ACPI: FACS 0x000000001FFE0000 000040
[    0.033672] ACPI: APIC 0x000000001FFE2186 000078 (v01 BOCHS  BXPC     00000001 BXPC 00000001)
[    0.033678] ACPI: HPET 0x000000001FFE21FE 000038 (v01 BOCHS  BXPC     00000001 BXPC 00000001)
[    0.033684] ACPI: MCFG 0x000000001FFE2236 00003C (v01 BOCHS  BXPC     00000001 BXPC 00000001)
[    0.033690] ACPI: WAET 0x000000001FFE2272 000028 (v01 BOCHS  BXPC     00000001 BXPC 00000001)
[    0.033696] ACPI: Reserving FACP table memory at [mem 0x1ffe2092-0x1ffe2185]
[    0.033699] ACPI: Reserving DSDT table memory at [mem 0x1ffe0040-0x1ffe2091]
[    0.033700] ACPI: Reserving FACS table memory at [mem 0x1ffe0000-0x1ffe003f]
[    0.033702] ACPI: Reserving APIC table memory at [mem 0x1ffe2186-0x1ffe21fd]
[    0.033703] ACPI: Reserving HPET table memory at [mem 0x1ffe21fe-0x1ffe2235]
[    0.033756] ACPI: Reserving MCFG table memory at [mem 0x1ffe2236-0x1ffe2271]
[    0.033758] ACPI: Reserving WAET table memory at [mem 0x1ffe2272-0x1ffe2299]
[    0.034362] ACPI: Local APIC address 0xfee00000
[    0.036363] Zone ranges:
[    0.036562]   DMA      [mem 0x0000000000001000-0x0000000000ffffff]
[    0.036705]   DMA32    [mem 0x0000000001000000-0x000000001ffdefff]
[    0.036768]   Normal   empty
[    0.036770] Movable zone start for each node
[    0.036771] Early memory node ranges
[    0.036773]   node   0: [mem 0x0000000000001000-0x000000000009efff]
[    0.036868]   node   0: [mem 0x0000000000100000-0x000000001ffdefff]
[    0.036872] Initmem setup node 0 [mem 0x0000000000001000-0x000000001ffdefff]
[    0.036875] On node 0 totalpages: 130941
[    0.037087]   DMA zone: 64 pages used for memmap
[    0.037089]   DMA zone: 21 pages reserved
[    0.037167]   DMA zone: 3998 pages, LIFO batch:0
[    0.037170]   DMA32 zone: 1984 pages used for memmap
[    0.037172]   DMA32 zone: 126943 pages, LIFO batch:31
[    0.040087] On node 0, zone DMA: 1 pages in unavailable ranges
[    0.044150] On node 0, zone DMA: 97 pages in unavailable ranges
[    0.214414] On node 0, zone DMA32: 33 pages in unavailable ranges
[    0.220195] ACPI: PM-Timer IO Port: 0x608
[    0.220303] ACPI: Local APIC address 0xfee00000
[    0.220621] ACPI: LAPIC_NMI (acpi_id[0xff] dfl dfl lint[0x1])
[    0.221810] IOAPIC[0]: apic_id 0, version 17, address 0xfec00000, GSI 0-23
[    0.222123] ACPI: INT_SRC_OVR (bus 0 bus_irq 0 global_irq 2 dfl dfl)
[    0.222449] ACPI: INT_SRC_OVR (bus 0 bus_irq 5 global_irq 5 high level)
[    0.222452] ACPI: INT_SRC_OVR (bus 0 bus_irq 9 global_irq 9 high level)
[    0.222860] ACPI: INT_SRC_OVR (bus 0 bus_irq 10 global_irq 10 high level)
[    0.222863] ACPI: INT_SRC_OVR (bus 0 bus_irq 11 global_irq 11 high level)
[    0.222867] ACPI: IRQ0 used by override.
[    0.222869] ACPI: IRQ5 used by override.
[    0.222871] ACPI: IRQ9 used by override.
[    0.222872] ACPI: IRQ10 used by override.
[    0.222873] ACPI: IRQ11 used by override.
[    0.222877] Using ACPI (MADT) for SMP configuration information
[    0.222982] ACPI: HPET id: 0x8086a201 base: 0xfed00000
[    0.224080] kvm-guest: stealtime: cpu 0, msr ec4d780
[    0.225041] PM: hibernation: Registered nosave memory: [mem 0x00000000-0x00000fff]
[    0.225045] PM: hibernation: Registered nosave memory: [mem 0x0009f000-0x0009ffff]
[    0.225047] PM: hibernation: Registered nosave memory: [mem 0x000a0000-0x000effff]
[    0.225049] PM: hibernation: Registered nosave memory: [mem 0x000f0000-0x000fffff]
[    0.225125] [mem 0x20000000-0xafffffff] available for PCI devices
[    0.225127] Booting paravirtualized kernel on KVM
[    0.225557] clocksource: refined-jiffies: mask: 0xffffffff max_cycles: 0xffffffff, max_idle_ns: 1910969940391419 ns
[    0.259119] pcpu-alloc: s0 r0 d32768 u32768 alloc=1*32768
[    0.259172] pcpu-alloc: [0] 0 
[    0.259530] Built 1 zonelists, mobility grouping on.  Total pages: 128872
[    0.259633] Kernel command line: selinux=0 initcall_debug debug console=ttyS0 rcutorture.n_barrier_cbs=4 rcutorture.stat_interval=15 rcutorture.shutdown_secs=1800 rcutorture.test_no_idle_hz=1 rcutorture.verbose=1
[    0.272154] Dentry cache hash table entries: 65536 (order: 7, 524288 bytes, linear)
[    0.277564] Inode-cache hash table entries: 32768 (order: 6, 262144 bytes, linear)
[    0.278889] mem auto-init: stack:all(zero), heap alloc:off, heap free:off
[    0.336572] Memory: 481560K/523764K available (14349K kernel code, 2620K rwdata, 4608K rodata, 1240K init, 1752K bss, 41944K reserved, 0K cma-reserved)
[    0.337457] SLUB: HWalign=64, Order=0-3, MinObjects=0, CPUs=1, Nodes=1
[    0.337991] Kernel/User page tables isolation: enabled
[    0.362325] rcu: Preemptible hierarchical RCU implementation.
[    0.362379] 	Trampoline variant of Tasks RCU enabled.
[    0.362381] 	Rude variant of Tasks RCU enabled.
[    0.362382] 	Tracing variant of Tasks RCU enabled.
[    0.362490] rcu: RCU calculated value of scheduler-enlistment delay is 100 jiffies.
[    0.382568] NR_IRQS: 4352, nr_irqs: 256, preallocated irqs: 16
[    0.386477] calling  con_init+0x0/0x22a @ 0
[    0.514060] Console: colour VGA+ 80x25
[    0.514073] initcall con_init+0x0/0x22a returned 0 after 0 usecs
[    0.514076] calling  hvc_console_init+0x0/0x13 @ 0
[    0.514108] initcall hvc_console_init+0x0/0x13 returned 0 after 0 usecs
[    0.514110] calling  univ8250_console_init+0x0/0x26 @ 0
[    1.343310] printk: console [ttyS0] enabled
[    1.347878] initcall univ8250_console_init+0x0/0x26 returned 0 after 0 usecs
[    1.355454] ACPI: Core revision 20200925
[    1.361092] clocksource: hpet: mask: 0xffffffff max_cycles: 0xffffffff, max_idle_ns: 19112604467 ns
[    1.371751] APIC: Switch to symmetric I/O mode setup
[    1.390941] ..TIMER: vector=0x30 apic1=0 pin1=2 apic2=-1 pin2=-1
[    1.397714] clocksource: tsc-early: mask: 0xffffffffffffffff max_cycles: 0x39a85afc727, max_idle_ns: 881590685098 ns
[    1.410339] Calibrating delay loop (skipped) preset value.. 3999.99 BogoMIPS (lpj=1999999)
[    1.411343] pid_max: default: 32768 minimum: 301
[    1.412409] LSM: Security Framework initializing
[    1.413475] Mount-cache hash table entries: 1024 (order: 1, 8192 bytes, linear)
[    1.415360] Mountpoint-cache hash table entries: 1024 (order: 1, 8192 bytes, linear)
[    1.421348] Last level iTLB entries: 4KB 0, 2MB 0, 4MB 0
[    1.422339] Last level dTLB entries: 4KB 0, 2MB 0, 4MB 0, 1GB 0
[    1.423342] CPU: Intel Common KVM processor (family: 0xf, model: 0x6, stepping: 0x1)
[    1.424363] Spectre V1 : Mitigation: usercopy/swapgs barriers and __user pointer sanitization
[    1.425341] Spectre V2 : Mitigation: Retpolines
[    1.426338] Spectre V2 : Spectre v2 / SpectreRSB mitigation: Filling RSB on context switch
[    1.427338] Spectre V2 : Spectre v2 / SpectreRSB : Filling RSB on VMEXIT
[    1.428338] Speculative Store Bypass: Vulnerable
[    1.429355] MDS: Vulnerable: Clear CPU buffers attempted, no microcode
[    1.430337] MMIO Stale Data: Unknown: No mitigations
[    1.529952] calling  init_hw_perf_events+0x0/0x6ce @ 1
[    1.530341] Performance Events: unsupported Netburst CPU model 6 no PMU driver, software events only.
[    1.531406] initcall init_hw_perf_events+0x0/0x6ce returned 0 after 976 usecs
[    1.532347] calling  init_real_mode+0x0/0x1e9 @ 1
[    1.534645] initcall init_real_mode+0x0/0x1e9 returned 0 after 976 usecs
[    1.535343] calling  trace_init_perf_perm_irq_work_exit+0x0/0x12 @ 1
[    1.536343] initcall trace_init_perf_perm_irq_work_exit+0x0/0x12 returned 0 after 0 usecs
[    1.537369] calling  validate_x2apic+0x0/0x4a @ 1
[    1.539341] initcall validate_x2apic+0x0/0x4a returned 0 after 976 usecs
[    1.540360] calling  register_nmi_cpu_backtrace_handler+0x0/0x15 @ 1
[    1.541343] initcall register_nmi_cpu_backtrace_handler+0x0/0x15 returned 0 after 0 usecs
[    1.542343] calling  kvm_setup_vsyscall_timeinfo+0x0/0x34 @ 1
[    1.543342] initcall kvm_setup_vsyscall_timeinfo+0x0/0x34 returned 0 after 0 usecs
[    1.544383] calling  spawn_ksoftirqd+0x0/0x34 @ 1
[    1.545531] initcall spawn_ksoftirqd+0x0/0x34 returned 0 after 0 usecs
[    1.546342] calling  srcu_bootup_announce+0x0/0x2f @ 1
[    1.547338] rcu: Hierarchical SRCU implementation.
[    1.549345] initcall srcu_bootup_announce+0x0/0x2f returned 0 after 1953 usecs
[    1.550349] calling  rcu_spawn_gp_kthread+0x0/0x195 @ 1
[    1.551448] initcall rcu_spawn_gp_kthread+0x0/0x195 returned 0 after 0 usecs
[    1.552340] calling  check_cpu_stall_init+0x0/0x1a @ 1
[    1.553340] initcall check_cpu_stall_init+0x0/0x1a returned 0 after 0 usecs
[    1.554340] calling  rcu_sysrq_init+0x0/0x21 @ 1
[    1.555345] initcall rcu_sysrq_init+0x0/0x21 returned 0 after 0 usecs
[    1.556339] calling  trace_init_flags_sys_enter+0x0/0xe @ 1
[    1.557346] initcall trace_init_flags_sys_enter+0x0/0xe returned 0 after 0 usecs
[    1.558339] calling  trace_init_flags_sys_exit+0x0/0xe @ 1
[    1.559341] initcall trace_init_flags_sys_exit+0x0/0xe returned 0 after 0 usecs
[    1.560341] calling  init_kprobes+0x0/0x14d @ 1
[    1.562870] initcall init_kprobes+0x0/0x14d returned 0 after 976 usecs
[    1.563341] calling  init_events+0x0/0x3d @ 1
[    1.564351] initcall init_events+0x0/0x3d returned 0 after 0 usecs
[    1.565339] calling  init_trace_printk+0x0/0xc @ 1
[    1.566342] initcall init_trace_printk+0x0/0xc returned 0 after 0 usecs
[    1.567343] calling  event_trace_enable_again+0x0/0x23 @ 1
[    1.569342] initcall event_trace_enable_again+0x0/0x23 returned 0 after 0 usecs
[    1.570341] calling  static_call_init+0x0/0x6d @ 1
[    1.571340] initcall static_call_init+0x0/0x6d returned 0 after 0 usecs
[    1.572340] calling  jump_label_init_module+0x0/0xc @ 1
[    1.573341] initcall jump_label_init_module+0x0/0xc returned 0 after 0 usecs
[    1.574341] calling  init_zero_pfn+0x0/0x37 @ 1
[    1.575341] initcall init_zero_pfn+0x0/0x37 returned 0 after 0 usecs
[    1.576342] calling  initialize_ptr_random+0x0/0x54 @ 1
[    1.577342] initcall initialize_ptr_random+0x0/0x54 returned 0 after 0 usecs
[    1.578362] calling  efi_memreserve_root_init+0x0/0x25 @ 1
[    1.579343] initcall efi_memreserve_root_init+0x0/0x25 returned 0 after 0 usecs
[    1.580341] calling  efi_earlycon_remap_fb+0x0/0x51 @ 1
[    1.581341] initcall efi_earlycon_remap_fb+0x0/0x51 returned 0 after 0 usecs
[    1.685334] devtmpfs: initialized
[    1.685677] calling  ipc_ns_init+0x0/0x3d @ 1
[    1.686392] initcall ipc_ns_init+0x0/0x3d returned 0 after 0 usecs
[    1.687343] calling  init_mmap_min_addr+0x0/0x21 @ 1
[    1.688345] initcall init_mmap_min_addr+0x0/0x21 returned 0 after 0 usecs
[    1.689343] calling  pci_realloc_setup_params+0x0/0x3f @ 1
[    1.690343] initcall pci_realloc_setup_params+0x0/0x3f returned 0 after 0 usecs
[    1.691364] calling  net_ns_init+0x0/0x13f @ 1
[    1.692478] initcall net_ns_init+0x0/0x13f returned 0 after 0 usecs
[    1.693359] calling  e820__register_nvs_regions+0x0/0x37 @ 1
[    1.694345] initcall e820__register_nvs_regions+0x0/0x37 returned 0 after 0 usecs
[    1.695341] calling  cpufreq_register_tsc_scaling+0x0/0x2e @ 1
[    1.696346] initcall cpufreq_register_tsc_scaling+0x0/0x2e returned 0 after 0 usecs
[    1.697340] calling  reboot_init+0x0/0x3c @ 1
[    1.698342] initcall reboot_init+0x0/0x3c returned 0 after 0 usecs
[    1.699341] calling  init_lapic_sysfs+0x0/0x20 @ 1
[    1.700341] initcall init_lapic_sysfs+0x0/0x20 returned 0 after 0 usecs
[    1.701339] calling  wq_sysfs_init+0x0/0x2a @ 1
[    1.702442] initcall wq_sysfs_init+0x0/0x2a returned 0 after 0 usecs
[    1.703339] calling  ksysfs_init+0x0/0x92 @ 1
[    1.704347] initcall ksysfs_init+0x0/0x92 returned 0 after 0 usecs
[    1.705339] calling  pm_init+0x0/0x76 @ 1
[    1.706390] initcall pm_init+0x0/0x76 returned 0 after 0 usecs
[    1.707340] calling  pm_disk_init+0x0/0x13 @ 1
[    1.708359] initcall pm_disk_init+0x0/0x13 returned 0 after 0 usecs
[    1.709338] calling  swsusp_header_init+0x0/0x2b @ 1
[    1.710340] initcall swsusp_header_init+0x0/0x2b returned 0 after 0 usecs
[    1.711340] calling  rcu_set_runtime_mode+0x0/0x16 @ 1
[    1.712339] initcall rcu_set_runtime_mode+0x0/0x16 returned 0 after 0 usecs
[    1.713338] calling  init_jiffies_clocksource+0x0/0x13 @ 1
[    1.714339] clocksource: jiffies: mask: 0xffffffff max_cycles: 0xffffffff, max_idle_ns: 1911260446275000 ns
[    1.716343] initcall init_jiffies_clocksource+0x0/0x13 returned 0 after 1953 usecs
[    1.717342] calling  futex_init+0x0/0xd5 @ 1
[    1.718341] futex hash table entries: 256 (order: 0, 6144 bytes, linear)
[    1.719414] initcall futex_init+0x0/0xd5 returned 0 after 976 usecs
[    1.720339] calling  cgroup_wq_init+0x0/0x28 @ 1
[    1.721347] initcall cgroup_wq_init+0x0/0x28 returned 0 after 0 usecs
[    1.722341] calling  cgroup1_wq_init+0x0/0x28 @ 1
[    1.723373] initcall cgroup1_wq_init+0x0/0x28 returned 0 after 0 usecs
[    1.724342] calling  init_kprobe_trace_early+0x0/0x2a @ 1
[    1.725343] initcall init_kprobe_trace_early+0x0/0x2a returned 0 after 0 usecs
[    1.726342] calling  fsnotify_init+0x0/0x48 @ 1
[    1.727354] initcall fsnotify_init+0x0/0x48 returned 0 after 0 usecs
[    1.728340] calling  filelock_init+0x0/0x60 @ 1
[    1.729353] initcall filelock_init+0x0/0x60 returned 0 after 0 usecs
[    1.730341] calling  init_misc_binfmt+0x0/0x2c @ 1
[    1.731344] initcall init_misc_binfmt+0x0/0x2c returned 0 after 0 usecs
[    1.732339] calling  init_script_binfmt+0x0/0x15 @ 1
[    1.733341] initcall init_script_binfmt+0x0/0x15 returned 0 after 0 usecs
[    1.734340] calling  init_elf_binfmt+0x0/0x15 @ 1
[    1.735340] initcall init_elf_binfmt+0x0/0x15 returned 0 after 0 usecs
[    1.736340] calling  init_compat_elf_binfmt+0x0/0x15 @ 1
[    1.737340] initcall init_compat_elf_binfmt+0x0/0x15 returned 0 after 0 usecs
[    1.738341] calling  debugfs_init+0x0/0x5c @ 1
[    1.739365] initcall debugfs_init+0x0/0x5c returned 0 after 0 usecs
[    1.740339] calling  tracefs_init+0x0/0x3a @ 1
[    1.741347] initcall tracefs_init+0x0/0x3a returned 0 after 0 usecs
[    1.742339] calling  prandom_init_early+0x0/0x111 @ 1
[    1.743341] initcall prandom_init_early+0x0/0x111 returned 0 after 0 usecs
[    1.744444] calling  virtio_init+0x0/0x20 @ 1
[    1.745394] initcall virtio_init+0x0/0x20 returned 0 after 0 usecs
[    1.746341] calling  iommu_init+0x0/0x2a @ 1
[    1.747345] initcall iommu_init+0x0/0x2a returned 0 after 0 usecs
[    1.748343] calling  component_debug_init+0x0/0x1c @ 1
[    1.749386] initcall component_debug_init+0x0/0x1c returned 0 after 0 usecs
[    1.750344] calling  early_resume_init+0x0/0xb9 @ 1
[    1.752343] PM: RTC time: 02:52:21, date: 2022-12-13
[    1.753346] initcall early_resume_init+0x0/0xb9 returned 0 after 1953 usecs
[    1.754342] calling  cpufreq_core_init+0x0/0x62 @ 1
[    1.755365] initcall cpufreq_core_init+0x0/0x62 returned 0 after 0 usecs
[    1.756340] calling  cpufreq_gov_performance_init+0x0/0xc @ 1
[    1.757340] initcall cpufreq_gov_performance_init+0x0/0xc returned 0 after 0 usecs
[    1.758340] calling  cpufreq_gov_userspace_init+0x0/0xc @ 1
[    1.759340] initcall cpufreq_gov_userspace_init+0x0/0xc returned 0 after 0 usecs
[    1.760341] calling  CPU_FREQ_GOV_ONDEMAND_init+0x0/0xc @ 1
[    1.761346] initcall CPU_FREQ_GOV_ONDEMAND_init+0x0/0xc returned 0 after 0 usecs
[    1.762341] calling  cpuidle_init+0x0/0x1f @ 1
[    1.763384] initcall cpuidle_init+0x0/0x1f returned 0 after 0 usecs
[    1.764341] calling  capsule_reboot_register+0x0/0xc @ 1
[    1.765342] initcall capsule_reboot_register+0x0/0xc returned 0 after 0 usecs
[    1.766343] calling  sock_init+0x0/0x93 @ 1
[    1.768452] initcall sock_init+0x0/0x93 returned 0 after 976 usecs
[    1.769341] calling  net_inuse_init+0x0/0x23 @ 1
[    1.770346] initcall net_inuse_init+0x0/0x23 returned 0 after 0 usecs
[    1.771340] calling  net_defaults_init+0x0/0x23 @ 1
[    1.772341] initcall net_defaults_init+0x0/0x23 returned 0 after 0 usecs
[    1.773340] calling  init_default_flow_dissectors+0x0/0x4f @ 1
[    1.774340] initcall init_default_flow_dissectors+0x0/0x4f returned 0 after 0 usecs
[    1.775339] calling  netpoll_init+0x0/0x25 @ 1
[    1.776339] initcall netpoll_init+0x0/0x25 returned 0 after 0 usecs
[    1.777339] calling  netlink_proto_init+0x0/0x14f @ 1
[    1.778845] NET: Registered protocol family 16
[    1.779355] initcall netlink_proto_init+0x0/0x14f returned 0 after 976 usecs
[    1.780342] calling  genl_init+0x0/0x35 @ 1
[    1.781357] initcall genl_init+0x0/0x35 returned 0 after 0 usecs
[    1.782342] calling  bsp_pm_check_init+0x0/0x13 @ 1
[    1.783344] initcall bsp_pm_check_init+0x0/0x13 returned 0 after 0 usecs
[    1.784361] calling  irq_sysfs_init+0x0/0xb7 @ 1
[    1.785451] initcall irq_sysfs_init+0x0/0xb7 returned 0 after 0 usecs
[    1.786343] calling  audit_init+0x0/0x15d @ 1
[    1.787369] audit: initializing netlink subsys (disabled)
[    1.788792] initcall audit_init+0x0/0x15d returned 0 after 976 usecs
[    1.789343] calling  release_early_probes+0x0/0x32 @ 1
[    1.790342] initcall release_early_probes+0x0/0x32 returned 0 after 0 usecs
[    1.791344] calling  bdi_class_init+0x0/0x48 @ 1
[    1.792345] audit: type=2000 audit(1670899939.827:1): state=initialized audit_enabled=0 res=1
[    1.793370] initcall bdi_class_init+0x0/0x48 returned 0 after 976 usecs
[    1.794341] calling  mm_sysfs_init+0x0/0x28 @ 1
[    1.796346] initcall mm_sysfs_init+0x0/0x28 returned 0 after 0 usecs
[    1.797341] calling  init_per_zone_wmark_min+0x0/0x5e @ 1
[    1.798342] initcall init_per_zone_wmark_min+0x0/0x5e returned 0 after 0 usecs
[    1.799340] calling  mpi_init+0x0/0x3e @ 1
[    1.800358] initcall mpi_init+0x0/0x3e returned 0 after 0 usecs
[    1.801339] calling  kobject_uevent_init+0x0/0xc @ 1
[    1.802348] initcall kobject_uevent_init+0x0/0xc returned 0 after 0 usecs
[    1.803339] calling  pcibus_class_init+0x0/0x13 @ 1
[    1.804374] initcall pcibus_class_init+0x0/0x13 returned 0 after 0 usecs
[    1.805340] calling  pci_driver_init+0x0/0x21 @ 1
[    1.807347] initcall pci_driver_init+0x0/0x21 returned 0 after 976 usecs
[    1.808339] calling  backlight_class_init+0x0/0xa8 @ 1
[    1.810344] initcall backlight_class_init+0x0/0xa8 returned 0 after 976 usecs
[    1.811342] calling  tty_class_init+0x0/0x33 @ 1
[    1.812349] initcall tty_class_init+0x0/0x33 returned 0 after 0 usecs
[    1.813342] calling  vtconsole_class_init+0x0/0xb5 @ 1
[    1.814415] initcall vtconsole_class_init+0x0/0xb5 returned 0 after 0 usecs
[    1.815340] calling  iommu_dev_init+0x0/0x13 @ 1
[    1.816361] initcall iommu_dev_init+0x0/0x13 returned 0 after 0 usecs
[    1.817341] calling  mipi_dsi_bus_init+0x0/0xc @ 1
[    1.819395] initcall mipi_dsi_bus_init+0x0/0xc returned 0 after 976 usecs
[    1.820341] calling  devlink_class_init+0x0/0x40 @ 1
[    1.821350] initcall devlink_class_init+0x0/0x40 returned 0 after 0 usecs
[    1.822340] calling  software_node_init+0x0/0x2a @ 1
[    1.823344] initcall software_node_init+0x0/0x2a returned 0 after 0 usecs
[    1.824341] calling  wakeup_sources_debugfs_init+0x0/0x23 @ 1
[    1.825352] initcall wakeup_sources_debugfs_init+0x0/0x23 returned 0 after 0 usecs
[    1.826340] calling  wakeup_sources_sysfs_init+0x0/0x2c @ 1
[    1.827349] initcall wakeup_sources_sysfs_init+0x0/0x2c returned 0 after 0 usecs
[    1.828341] calling  regmap_initcall+0x0/0xc @ 1
[    1.829349] initcall regmap_initcall+0x0/0xc returned 0 after 0 usecs
[    1.830343] calling  i2c_init+0x0/0xb3 @ 1
[    1.831427] initcall i2c_init+0x0/0xb3 returned 0 after 0 usecs
[    1.832342] calling  thermal_init+0x0/0xf2 @ 1
[    1.833340] thermal_sys: Registered thermal governor 'step_wise'
[    1.833341] thermal_sys: Registered thermal governor 'user_space'
[    1.834382] initcall thermal_init+0x0/0xf2 returned 0 after 976 usecs
[    1.836341] calling  init_menu+0x0/0xc @ 1
[    1.837447] cpuidle: using governor menu
[    1.838357] initcall init_menu+0x0/0xc returned 0 after 976 usecs
[    1.839339] calling  pcc_init+0x0/0x4d @ 1
[    1.840340] initcall pcc_init+0x0/0x4d returned -19 after 0 usecs
[    1.841344] calling  amd_postcore_init+0x0/0x11e @ 1
[    1.842339] initcall amd_postcore_init+0x0/0x11e returned 0 after 0 usecs
[    1.843356] calling  bts_init+0x0/0xba @ 1
[    1.844340] initcall bts_init+0x0/0xba returned -19 after 0 usecs
[    1.845340] calling  pt_init+0x0/0x2ef @ 1
[    1.846340] initcall pt_init+0x0/0x2ef returned -19 after 0 usecs
[    1.847346] calling  boot_params_ksysfs_init+0x0/0x2ee @ 1
[    1.848380] initcall boot_params_ksysfs_init+0x0/0x2ee returned 0 after 0 usecs
[    1.849339] calling  sbf_init+0x0/0xfe @ 1
[    1.850339] initcall sbf_init+0x0/0xfe returned 0 after 0 usecs
[    1.851341] calling  arch_kdebugfs_init+0x0/0x219 @ 1
[    1.852353] initcall arch_kdebugfs_init+0x0/0x219 returned 0 after 0 usecs
[    1.853342] calling  intel_pconfig_init+0x0/0x85 @ 1
[    1.854340] initcall intel_pconfig_init+0x0/0x85 returned 0 after 0 usecs
[    1.855339] calling  mtrr_if_init+0x0/0x5d @ 1
[    1.856342] initcall mtrr_if_init+0x0/0x5d returned 0 after 0 usecs
[    1.857339] calling  activate_jump_labels+0x0/0x31 @ 1
[    1.858339] initcall activate_jump_labels+0x0/0x31 returned 0 after 0 usecs
[    1.859338] calling  ffh_cstate_init+0x0/0x29 @ 1
[    1.860342] initcall ffh_cstate_init+0x0/0x29 returned 0 after 0 usecs
[    1.861340] calling  activate_jump_labels+0x0/0x31 @ 1
[    1.862390] initcall activate_jump_labels+0x0/0x31 returned 0 after 0 usecs
[    1.863339] calling  kvm_alloc_cpumask+0x0/0x2b @ 1
[    1.864366] initcall kvm_alloc_cpumask+0x0/0x2b returned 0 after 0 usecs
[    1.865342] calling  kcmp_cookies_init+0x0/0x37 @ 1
[    1.866347] initcall kcmp_cookies_init+0x0/0x37 returned 0 after 0 usecs
[    1.867345] calling  cryptomgr_init+0x0/0xc @ 1
[    1.868366] initcall cryptomgr_init+0x0/0xc returned 0 after 0 usecs
[    1.869341] calling  acpi_pci_init+0x0/0x57 @ 1
[    1.871339] ACPI: bus type PCI registered
[    1.873341] initcall acpi_pci_init+0x0/0x57 returned 0 after 1953 usecs
[    1.874347] calling  dma_channel_table_init+0x0/0xce @ 1
[    1.875347] initcall dma_channel_table_init+0x0/0xce returned 0 after 0 usecs
[    1.876341] calling  dma_bus_init+0x0/0xdc @ 1
[    1.877378] initcall dma_bus_init+0x0/0xdc returned 0 after 0 usecs
[    1.878419] calling  iommu_dma_init+0x0/0x10 @ 1
[    1.879360] initcall iommu_dma_init+0x0/0x10 returned 0 after 0 usecs
[    1.880340] calling  dmi_id_init+0x0/0x37c @ 1
[    1.881465] initcall dmi_id_init+0x0/0x37c returned 0 after 0 usecs
[    1.882340] calling  pci_arch_init+0x0/0x71 @ 1
[    1.884717] PCI: MMCONFIG for domain 0000 [bus 00-ff] at [mem 0xb0000000-0xbfffffff] (base 0xb0000000)
[    1.885343] PCI: MMCONFIG at [mem 0xb0000000-0xbfffffff] reserved in E820
[    1.886357] PCI: Using configuration type 1 for base access
[    1.887343] initcall pci_arch_init+0x0/0x71 returned 0 after 3906 usecs
[    1.888454] calling  init_vdso+0x0/0x13 @ 1
[    1.889374] initcall init_vdso+0x0/0x13 returned 0 after 0 usecs
[    1.890341] calling  sysenter_setup+0x0/0x13 @ 1
[    1.891370] initcall sysenter_setup+0x0/0x13 returned 0 after 0 usecs
[    1.892340] calling  fixup_ht_bug+0x0/0x7f @ 1
[    1.893340] initcall fixup_ht_bug+0x0/0x7f returned 0 after 0 usecs
[    1.894341] calling  topology_init+0x0/0x15 @ 1
[    1.895380] initcall topology_init+0x0/0x15 returned 0 after 0 usecs
[    1.896341] calling  intel_epb_init+0x0/0x68 @ 1
[    1.897344] initcall intel_epb_init+0x0/0x68 returned -19 after 0 usecs
[    1.898387] calling  mtrr_init_finialize+0x0/0x3e @ 1
[    1.899341] initcall mtrr_init_finialize+0x0/0x3e returned 0 after 0 usecs
[    1.900339] calling  uid_cache_init+0x0/0x92 @ 1
[    1.901345] initcall uid_cache_init+0x0/0x92 returned 0 after 0 usecs
[    1.902340] calling  param_sysfs_init+0x0/0x1ba @ 1
[    1.907097] initcall param_sysfs_init+0x0/0x1ba returned 0 after 2929 usecs
[    1.907376] calling  user_namespace_sysctl_init+0x0/0x33 @ 1
[    1.908403] initcall user_namespace_sysctl_init+0x0/0x33 returned 0 after 0 usecs
[    1.909340] calling  proc_schedstat_init+0x0/0x24 @ 1
[    1.910342] initcall proc_schedstat_init+0x0/0x24 returned 0 after 0 usecs
[    1.911342] calling  pm_sysrq_init+0x0/0x18 @ 1
[    1.913348] initcall pm_sysrq_init+0x0/0x18 returned 0 after 0 usecs
[    1.914391] calling  create_proc_profile+0x0/0x50 @ 1
[    1.915339] initcall create_proc_profile+0x0/0x50 returned 0 after 0 usecs
[    1.916340] calling  time_ns_init+0x0/0x7 @ 1
[    1.917338] initcall time_ns_init+0x0/0x7 returned 0 after 0 usecs
[    1.918339] calling  crash_save_vmcoreinfo_init+0x0/0x756 @ 1
[    1.919428] initcall crash_save_vmcoreinfo_init+0x0/0x756 returned 0 after 0 usecs
[    1.921339] calling  crash_notes_memory_init+0x0/0x35 @ 1
[    1.922343] initcall crash_notes_memory_init+0x0/0x35 returned 0 after 0 usecs
[    1.923339] calling  cgroup_sysfs_init+0x0/0x13 @ 1
[    1.924363] initcall cgroup_sysfs_init+0x0/0x13 returned 0 after 0 usecs
[    1.925340] calling  cgroup_namespaces_init+0x0/0x7 @ 1
[    1.926339] initcall cgroup_namespaces_init+0x0/0x7 returned 0 after 0 usecs
[    1.927340] calling  init_optprobes+0x0/0x13 @ 1
[    1.928337] Kprobes globally optimized
[    1.929339] initcall init_optprobes+0x0/0x13 returned 0 after 976 usecs
[    1.930339] calling  oom_init+0x0/0x2f @ 1
[    1.932419] initcall oom_init+0x0/0x2f returned 0 after 976 usecs
[    1.933339] calling  default_bdi_init+0x0/0x35 @ 1
[    1.934595] initcall default_bdi_init+0x0/0x35 returned 0 after 0 usecs
[    1.935342] calling  percpu_enable_async+0x0/0xe @ 1
[    1.936340] initcall percpu_enable_async+0x0/0xe returned 0 after 0 usecs
[    1.937340] calling  kcompactd_init+0x0/0x46 @ 1
[    1.938456] initcall kcompactd_init+0x0/0x46 returned 0 after 0 usecs
[    1.939459] calling  init_user_reserve+0x0/0x30 @ 1
[    1.940363] initcall init_user_reserve+0x0/0x30 returned 0 after 0 usecs
[    1.941344] calling  init_admin_reserve+0x0/0x30 @ 1
[    1.942352] initcall init_admin_reserve+0x0/0x30 returned 0 after 0 usecs
[    1.944342] calling  init_reserve_notifier+0x0/0x7 @ 1
[    1.945343] initcall init_reserve_notifier+0x0/0x7 returned 0 after 0 usecs
[    1.946351] calling  swap_init_sysfs+0x0/0x62 @ 1
[    1.947388] initcall swap_init_sysfs+0x0/0x62 returned 0 after 0 usecs
[    1.948344] calling  swapfile_init+0x0/0x46 @ 1
[    1.949345] initcall swapfile_init+0x0/0x46 returned 0 after 0 usecs
[    1.950343] calling  hugetlb_init+0x0/0x42f @ 1
[    1.951343] HugeTLB registered 2.00 MiB page size, pre-allocated 0 pages
[    1.952380] initcall hugetlb_init+0x0/0x42f returned 0 after 976 usecs
[    1.953345] calling  io_wq_init+0x0/0x34 @ 1
[    1.954345] initcall io_wq_init+0x0/0x34 returned 0 after 0 usecs
[    1.955343] calling  seqiv_module_init+0x0/0xc @ 1
[    1.956341] initcall seqiv_module_init+0x0/0xc returned 0 after 0 usecs
[    1.957340] calling  echainiv_module_init+0x0/0xc @ 1
[    1.958341] initcall echainiv_module_init+0x0/0xc returned 0 after 0 usecs
[    1.959404] calling  rsa_init+0x0/0x50 @ 1
[    1.961595] initcall rsa_init+0x0/0x50 returned 0 after 976 usecs
[    1.962341] calling  crypto_cmac_module_init+0x0/0xc @ 1
[    1.963343] initcall crypto_cmac_module_init+0x0/0xc returned 0 after 0 usecs
[    1.964343] calling  hmac_module_init+0x0/0xc @ 1
[    1.965396] cryptomgr_test (21) used greatest stack depth: 15528 bytes left
[    1.966357] initcall hmac_module_init+0x0/0xc returned 0 after 976 usecs
[    1.967351] calling  crypto_null_mod_init+0x0/0x65 @ 1
[    1.969396] initcall crypto_null_mod_init+0x0/0x65 returned 0 after 976 usecs
[    1.970356] calling  md5_mod_init+0x0/0xc @ 1
[    1.971406] initcall md5_mod_init+0x0/0xc returned 0 after 0 usecs
[    1.972351] calling  sha256_generic_mod_init+0x0/0x11 @ 1
[    1.973484] initcall sha256_generic_mod_init+0x0/0x11 returned 0 after 0 usecs
[    1.974348] calling  crypto_cbc_module_init+0x0/0xc @ 1
[    1.975342] initcall crypto_cbc_module_init+0x0/0xc returned 0 after 0 usecs
[    1.976344] calling  crypto_ctr_module_init+0x0/0x11 @ 1
[    1.977379] initcall crypto_ctr_module_init+0x0/0x11 returned 0 after 0 usecs
[    1.978347] calling  crypto_gcm_module_init+0x0/0x64 @ 1
[    1.979345] initcall crypto_gcm_module_init+0x0/0x64 returned 0 after 0 usecs
[    1.980346] calling  crypto_ccm_module_init+0x0/0x11 @ 1
[    1.981346] initcall crypto_ccm_module_init+0x0/0x11 returned 0 after 0 usecs
[    1.982342] calling  aes_init+0x0/0xc @ 1
[    1.984352] initcall aes_init+0x0/0xc returned 0 after 976 usecs
[    1.985339] calling  crc32c_mod_init+0x0/0xc @ 1
[    1.986404] initcall crc32c_mod_init+0x0/0xc returned 0 after 0 usecs
[    1.987354] calling  crypto_authenc_module_init+0x0/0xc @ 1
[    1.988380] initcall crypto_authenc_module_init+0x0/0xc returned 0 after 0 usecs
[    1.989359] calling  crypto_authenc_esn_module_init+0x0/0xc @ 1
[    1.990354] initcall crypto_authenc_esn_module_init+0x0/0xc returned 0 after 0 usecs
[    1.991391] calling  drbg_init+0x0/0x7c @ 1
[    1.992557] initcall drbg_init+0x0/0x7c returned 0 after 0 usecs
[    1.993344] calling  ghash_mod_init+0x0/0xc @ 1
[    1.994383] initcall ghash_mod_init+0x0/0xc returned 0 after 0 usecs
[    1.995345] calling  init_bio+0x0/0x9a @ 1
[    1.997421] initcall init_bio+0x0/0x9a returned 0 after 976 usecs
[    2.001334] calling  blk_settings_init+0x0/0x29 @ 1
[    2.002345] initcall blk_settings_init+0x0/0x29 returned 0 after 0 usecs
[    2.003343] calling  blk_ioc_init+0x0/0x29 @ 1
[    2.005344] initcall blk_ioc_init+0x0/0x29 returned 0 after 976 usecs
[    2.006339] calling  blk_mq_init+0x0/0x96 @ 1
[    2.008376] initcall blk_mq_init+0x0/0x96 returned 0 after 976 usecs
[    2.009340] calling  genhd_device_init+0x0/0x75 @ 1
[    2.013351] initcall genhd_device_init+0x0/0x75 returned 0 after 2929 usecs
[    2.014481] calling  pci_slot_init+0x0/0x40 @ 1
[    2.016379] initcall pci_slot_init+0x0/0x40 returned 0 after 976 usecs
[    2.017342] calling  fbmem_init+0x0/0xd8 @ 1
[    2.019378] initcall fbmem_init+0x0/0xd8 returned 0 after 976 usecs
[    2.020486] calling  acpi_init+0x0/0x316 @ 1
[    2.023882] ACPI: Added _OSI(Module Device)
[    2.024339] ACPI: Added _OSI(Processor Device)
[    2.025339] ACPI: Added _OSI(3.0 _SCP Extensions)
[    2.026338] ACPI: Added _OSI(Processor Aggregator Device)
[    2.027342] ACPI: Added _OSI(Linux-Dell-Video)
[    2.028343] ACPI: Added _OSI(Linux-Lenovo-NV-HDMI-Audio)
[    2.029341] ACPI: Added _OSI(Linux-HPI-Hybrid-Graphics)
[    2.041835] ACPI: 1 ACPI AML tables successfully acquired and loaded
[    2.054138] ACPI: Interpreter enabled
[    2.056344] ACPI: (supports S0 S3 S4 S5)
[    2.057496] ACPI: Using IOAPIC for interrupt routing
[    2.058489] PCI: Using host bridge windows from ACPI; if necessary, use "pci=nocrs" and report a bug
[    2.060058] ACPI: Enabled 2 GPEs in block 00 to 3F
[    2.071910] ACPI: PCI Root Bridge [PCI0] (domain 0000 [bus 00-ff])
[    2.073338] acpi PNP0A08:00: _OSC: OS supports [ExtendedConfig ASPM ClockPM Segments MSI HPX-Type3]
[    2.074414] acpi PNP0A08:00: _OSC: platform does not support [LTR]
[    2.075399] acpi PNP0A08:00: _OSC: OS now controls [PME PCIeCapability]
[    2.077466] PCI host bridge to bus 0000:00
[    2.078406] pci_bus 0000:00: root bus resource [io  0x0000-0x0cf7 window]
[    2.079340] pci_bus 0000:00: root bus resource [io  0x0d00-0xffff window]
[    2.080340] pci_bus 0000:00: root bus resource [mem 0x000a0000-0x000bffff window]
[    2.081341] pci_bus 0000:00: root bus resource [mem 0x20000000-0xafffffff window]
[    2.082340] pci_bus 0000:00: root bus resource [mem 0xc0000000-0xfebfffff window]
[    2.083340] pci_bus 0000:00: root bus resource [mem 0x100000000-0x8ffffffff window]
[    2.084341] pci_bus 0000:00: root bus resource [bus 00-ff]
[    2.086772] pci 0000:00:00.0: calling  quirk_mmio_always_on+0x0/0x10 @ 1
[    2.087343] pci 0000:00:00.0: quirk_mmio_always_on+0x0/0x10 took 0 usecs
[    2.088449] pci 0000:00:00.0: [8086:29c0] type 00 class 0x060000
[    2.093198] pci 0000:00:00.0: calling  quirk_igfx_skip_te_disable+0x0/0x80 @ 1
[    2.094342] pci 0000:00:00.0: quirk_igfx_skip_te_disable+0x0/0x80 took 976 usecs
[    2.099425] pci 0000:00:01.0: [1234:1111] type 00 class 0x030000
[    2.105334] pci 0000:00:01.0: reg 0x10: [mem 0xfd000000-0xfdffffff pref]
[    2.121334] pci 0000:00:01.0: reg 0x18: [mem 0xfebf0000-0xfebf0fff]
[    2.147690] pci 0000:00:01.0: reg 0x30: [mem 0xfebe0000-0xfebeffff pref]
[    2.162334] pci 0000:00:01.0: calling  efifb_fixup_resources+0x0/0xf0 @ 1
[    2.164836] pci 0000:00:01.0: efifb_fixup_resources+0x0/0xf0 took 976 usecs
[    2.191522] pci 0000:00:1f.0: [8086:2918] type 00 class 0x060100
[    2.199668] pci 0000:00:1f.0: calling  quirk_ich7_lpc+0x0/0x60 @ 1
[    2.202525] pci 0000:00:1f.0: quirk: [io  0x0600-0x067f] claimed by ICH6 ACPI/GPIO/TCO
[    2.204757] pci 0000:00:1f.0: quirk_ich7_lpc+0x0/0x60 took 3906 usecs
[    2.205965] pci 0000:00:1f.0: calling  quirk_igfx_skip_te_disable+0x0/0x80 @ 1
[    2.207738] pci 0000:00:1f.0: quirk_igfx_skip_te_disable+0x0/0x80 took 976 usecs
[    2.212655] pci 0000:00:1f.2: [8086:2922] type 00 class 0x010601
[    2.225343] pci 0000:00:1f.2: reg 0x20: [io  0xc040-0xc05f]
[    2.227818] pci 0000:00:1f.2: reg 0x24: [mem 0xfebf1000-0xfebf1fff]
[    2.230560] pci 0000:00:1f.2: calling  quirk_igfx_skip_te_disable+0x0/0x80 @ 1
[    2.231354] pci 0000:00:1f.2: quirk_igfx_skip_te_disable+0x0/0x80 took 0 usecs
[    2.236503] pci 0000:00:1f.3: [8086:2930] type 00 class 0x0c0500
[    2.245191] pci 0000:00:1f.3: reg 0x20: [io  0x0700-0x073f]
[    2.248584] pci 0000:00:1f.3: calling  quirk_igfx_skip_te_disable+0x0/0x80 @ 1
[    2.249351] pci 0000:00:1f.3: quirk_igfx_skip_te_disable+0x0/0x80 took 0 usecs
[    2.252518] pci_bus 0000:00: on NUMA node 0
[    2.256998] ACPI: PCI Interrupt Link [LNKA] (IRQs 5 *10 11)
[    2.257810] ACPI: PCI Interrupt Link [LNKB] (IRQs 5 *10 11)
[    2.259453] ACPI: PCI Interrupt Link [LNKC] (IRQs 5 10 *11)
[    2.260764] ACPI: PCI Interrupt Link [LNKD] (IRQs 5 10 *11)
[    2.262756] ACPI: PCI Interrupt Link [LNKE] (IRQs 5 *10 11)
[    2.264465] ACPI: PCI Interrupt Link [LNKF] (IRQs 5 *10 11)
[    2.265784] ACPI: PCI Interrupt Link [LNKG] (IRQs 5 10 *11)
[    2.266769] ACPI: PCI Interrupt Link [LNKH] (IRQs 5 10 *11)
[    2.268484] ACPI: PCI Interrupt Link [GSIA] (IRQs *16)
[    2.269354] ACPI: PCI Interrupt Link [GSIB] (IRQs *17)
[    2.270540] ACPI: PCI Interrupt Link [GSIC] (IRQs *18)
[    2.271386] ACPI: PCI Interrupt Link [GSID] (IRQs *19)
[    2.272367] ACPI: PCI Interrupt Link [GSIE] (IRQs *20)
[    2.273352] ACPI: PCI Interrupt Link [GSIF] (IRQs *21)
[    2.274358] ACPI: PCI Interrupt Link [GSIG] (IRQs *22)
[    2.275387] ACPI: PCI Interrupt Link [GSIH] (IRQs *23)
[    2.279830] initcall acpi_init+0x0/0x316 returned 0 after 251953 usecs
[    2.280377] calling  pnp_init+0x0/0xc @ 1
[    2.281395] initcall pnp_init+0x0/0xc returned 0 after 0 usecs
[    2.282341] calling  misc_init+0x0/0xbf @ 1
[    2.284977] initcall misc_init+0x0/0xbf returned 0 after 976 usecs
[    2.285340] calling  iommu_subsys_init+0x0/0x4e @ 1
[    2.286416] iommu: Default domain type: Translated 
[    2.287341] initcall iommu_subsys_init+0x0/0x4e returned 0 after 976 usecs
[    2.288342] calling  vga_arb_device_init+0x0/0x26c @ 1
[    2.298544] pci 0000:00:01.0: vgaarb: setting as boot VGA device
[    2.299334] pci 0000:00:01.0: vgaarb: VGA device added: decodes=io+mem,owns=io+mem,locks=none
[    2.299343] pci 0000:00:01.0: vgaarb: bridge control possible
[    2.300339] vgaarb: loaded
[    2.301348] initcall vga_arb_device_init+0x0/0x26c returned 0 after 11718 usecs
[    2.302713] calling  cn_init+0x0/0xf0 @ 1
[    2.304746] initcall cn_init+0x0/0xf0 returned 0 after 0 usecs
[    2.305344] calling  dma_buf_init+0x0/0xad @ 1
[    2.311639] initcall dma_buf_init+0x0/0xad returned 0 after 4882 usecs
[    2.312343] calling  init_scsi+0x0/0x79 @ 1
[    2.317455] SCSI subsystem initialized
[    2.318343] initcall init_scsi+0x0/0x79 returned 0 after 3906 usecs
[    2.319342] calling  ata_init+0x0/0x332 @ 1
[    2.330334] libata version 3.00 loaded.
[    2.331344] initcall ata_init+0x0/0x332 returned 0 after 10742 usecs
[    2.332352] calling  phy_init+0x0/0x250 @ 1
[    2.336460] initcall phy_init+0x0/0x250 returned 0 after 2929 usecs
[    2.337347] calling  init_pcmcia_cs+0x0/0x35 @ 1
[    2.339354] initcall init_pcmcia_cs+0x0/0x35 returned 0 after 976 usecs
[    2.340343] calling  usb_common_init+0x0/0x1c @ 1
[    2.341401] initcall usb_common_init+0x0/0x1c returned 0 after 0 usecs
[    2.342342] calling  usb_init+0x0/0x12e @ 1
[    2.344251] ACPI: bus type USB registered
[    2.348231] usbcore: registered new interface driver usbfs
[    2.349871] usbcore: registered new interface driver hub
[    2.350352] usbcore: registered new device driver usb
[    2.351342] initcall usb_init+0x0/0x12e returned 0 after 7812 usecs
[    2.353341] calling  serio_init+0x0/0x29 @ 1
[    2.354386] initcall serio_init+0x0/0x29 returned 0 after 0 usecs
[    2.355342] calling  input_init+0x0/0xf6 @ 1
[    2.356453] initcall input_init+0x0/0xf6 returned 0 after 0 usecs
[    2.357342] calling  rtc_init+0x0/0x4d @ 1
[    2.358426] initcall rtc_init+0x0/0x4d returned 0 after 0 usecs
[    2.359343] calling  pps_init+0x0/0xa9 @ 1
[    2.361338] pps_core: LinuxPPS API ver. 1 registered
[    2.362337] pps_core: Software ver. 5.3.6 - Copyright 2005-2007 Rodolfo Giometti <giometti@linux.it>
[    2.363343] initcall pps_init+0x0/0xa9 returned 0 after 2929 usecs
[    2.364344] calling  ptp_init+0x0/0x98 @ 1
[    2.365356] PTP clock support registered
[    2.366343] initcall ptp_init+0x0/0x98 returned 0 after 976 usecs
[    2.367344] calling  power_supply_class_init+0x0/0x3f @ 1
[    2.369464] initcall power_supply_class_init+0x0/0x3f returned 0 after 976 usecs
[    2.370341] calling  hwmon_init+0x0/0x104 @ 1
[    2.371383] initcall hwmon_init+0x0/0x104 returned 0 after 0 usecs
[    2.372340] calling  md_init+0x0/0x16b @ 1
[    2.373922] initcall md_init+0x0/0x16b returned 0 after 0 usecs
[    2.374340] calling  leds_init+0x0/0x3b @ 1
[    2.375350] initcall leds_init+0x0/0x3b returned 0 after 0 usecs
[    2.376341] calling  dmi_init+0x0/0x113 @ 1
[    2.378452] initcall dmi_init+0x0/0x113 returned 0 after 976 usecs
[    2.379433] calling  efisubsys_init+0x0/0x4e6 @ 1
[    2.380343] initcall efisubsys_init+0x0/0x4e6 returned 0 after 0 usecs
[    2.381341] calling  nvmem_init+0x0/0xc @ 1
[    2.382712] initcall nvmem_init+0x0/0xc returned 0 after 0 usecs
[    2.383340] calling  init_soundcore+0x0/0x33 @ 1
[    2.384366] initcall init_soundcore+0x0/0x33 returned 0 after 0 usecs
[    2.385342] calling  alsa_sound_init+0x0/0x8f @ 1
[    2.389339] Advanced Linux Sound Architecture Driver Initialized.
[    2.390343] initcall alsa_sound_init+0x0/0x8f returned 0 after 3906 usecs
[    2.391345] calling  alsa_seq_device_init+0x0/0x71 @ 1
[    2.392367] initcall alsa_seq_device_init+0x0/0x71 returned 0 after 0 usecs
[    2.393342] calling  hda_bus_init+0x0/0xc @ 1
[    2.394483] initcall hda_bus_init+0x0/0xc returned 0 after 0 usecs
[    2.395342] calling  proto_init+0x0/0xc @ 1
[    2.396627] initcall proto_init+0x0/0xc returned 0 after 0 usecs
[    2.397343] calling  net_dev_init+0x0/0x1cc @ 1
[    2.408783] initcall net_dev_init+0x0/0x1cc returned 0 after 9765 usecs
[    2.409343] calling  neigh_init+0x0/0x84 @ 1
[    2.410344] initcall neigh_init+0x0/0x84 returned 0 after 0 usecs
[    2.411340] calling  fib_notifier_init+0x0/0xc @ 1
[    2.412345] initcall fib_notifier_init+0x0/0xc returned 0 after 0 usecs
[    2.413342] calling  fib_rules_init+0x0/0xab @ 1
[    2.414644] initcall fib_rules_init+0x0/0xab returned 0 after 0 usecs
[    2.418678] calling  pktsched_init+0x0/0x10e @ 1
[    2.420343] initcall pktsched_init+0x0/0x10e returned 0 after 976 usecs
[    2.421342] calling  tc_filter_init+0x0/0xfa @ 1
[    2.423341] initcall tc_filter_init+0x0/0xfa returned 0 after 976 usecs
[    2.424341] calling  tc_action_init+0x0/0x54 @ 1
[    2.425345] initcall tc_action_init+0x0/0x54 returned 0 after 0 usecs
[    2.426341] calling  ethnl_init+0x0/0x52 @ 1
[    2.427936] initcall ethnl_init+0x0/0x52 returned 0 after 0 usecs
[    2.428341] calling  nexthop_init+0x0/0xd8 @ 1
[    2.430635] initcall nexthop_init+0x0/0xd8 returned 0 after 976 usecs
[    2.431341] calling  cipso_v4_init+0x0/0x5a @ 1
[    2.432344] initcall cipso_v4_init+0x0/0x5a returned 0 after 0 usecs
[    2.433342] calling  ieee80211_init+0x0/0x24 @ 1
[    2.435345] initcall ieee80211_init+0x0/0x24 returned 0 after 976 usecs
[    2.436341] calling  netlbl_init+0x0/0x78 @ 1
[    2.437356] NetLabel: Initializing
[    2.438338] NetLabel:  domain hash size = 128
[    2.439364] NetLabel:  protocols = UNLABELED CIPSOv4 CALIPSO
[    2.440491] NetLabel:  unlabeled traffic allowed by default
[    2.441344] initcall netlbl_init+0x0/0x78 returned 0 after 3906 usecs
[    2.442344] calling  rfkill_init+0x0/0x111 @ 1
[    2.443641] initcall rfkill_init+0x0/0x111 returned 0 after 0 usecs
[    2.444342] calling  pci_subsys_init+0x0/0x66 @ 1
[    2.445338] PCI: Using ACPI for IRQ routing
[    3.213425] PCI: pci_cache_line_size set to 64 bytes
[    3.215847] e820: reserve RAM buffer [mem 0x0009fc00-0x0009ffff]
[    3.216342] e820: reserve RAM buffer [mem 0x1ffdf000-0x1fffffff]
[    3.217348] initcall pci_subsys_init+0x0/0x66 returned 0 after 753906 usecs
[    3.220848] calling  nmi_warning_debugfs+0x0/0x26 @ 1
[    3.222351] initcall nmi_warning_debugfs+0x0/0x26 returned 0 after 976 usecs
[    3.223359] calling  save_microcode_in_initrd+0x0/0x51 @ 1
[    3.224506] initcall save_microcode_in_initrd+0x0/0x51 returned 0 after 0 usecs
[    3.225341] calling  hpet_late_init+0x0/0x1f6 @ 1
[    3.226559] hpet: 3 channels of 0 reserved for per-cpu timers
[    3.227474] hpet0: at MMIO 0xfed00000, IRQs 2, 8, 0
[    3.228338] hpet0: 3 comparators, 64-bit 100.000000 MHz counter
[    3.235342] initcall hpet_late_init+0x0/0x1f6 returned 0 after 8789 usecs
[    3.236342] calling  init_amd_nbs+0x0/0x11c @ 1
[    3.237394] initcall init_amd_nbs+0x0/0x11c returned 0 after 0 usecs
[    3.238359] calling  clocksource_done_booting+0x0/0x41 @ 1
[    3.239372] clocksource: Switched to clocksource kvm-clock
[    3.250036] initcall clocksource_done_booting+0x0/0x41 returned 0 after 10444 usecs
[    3.261418] calling  tracer_init_tracefs+0x0/0x1fb @ 1
[    3.502954] initcall tracer_init_tracefs+0x0/0x1fb returned 0 after 228562 usecs
[    3.511470] calling  init_trace_printk_function_export+0x0/0x2c @ 1
[    3.518768] initcall init_trace_printk_function_export+0x0/0x2c returned 0 after 8 usecs
[    3.528156] calling  init_kprobe_trace+0x0/0x1a9 @ 1
[    3.533842] initcall init_kprobe_trace+0x0/0x1a9 returned 0 after 8 usecs
[    3.541709] calling  init_dynamic_event+0x0/0x3d @ 1
[    3.547540] initcall init_dynamic_event+0x0/0x3d returned 0 after 53 usecs
[    3.555708] calling  init_uprobe_trace+0x0/0x5c @ 1
[    3.570416] initcall init_uprobe_trace+0x0/0x5c returned 0 after 1436 usecs
[    3.579556] calling  init_pipe_fs+0x0/0x44 @ 1
[    3.587020] initcall init_pipe_fs+0x0/0x44 returned 0 after 2072 usecs
[    3.594758] calling  inotify_user_setup+0x0/0x47 @ 1
[    3.600843] initcall inotify_user_setup+0x0/0x47 returned 0 after 96 usecs
[    3.608922] calling  eventpoll_init+0x0/0xcc @ 1
[    3.614639] initcall eventpoll_init+0x0/0xcc returned 0 after 181 usecs
[    3.622301] calling  anon_inode_init+0x0/0x58 @ 1
[    3.628505] initcall anon_inode_init+0x0/0x58 returned 0 after 470 usecs
[    3.636461] calling  proc_locks_init+0x0/0x27 @ 1
[    3.642206] initcall proc_locks_init+0x0/0x27 returned 0 after 219 usecs
[    3.649992] calling  iomap_init+0x0/0x1b @ 1
[    3.655844] initcall iomap_init+0x0/0x1b returned 0 after 809 usecs
[    3.663177] calling  dquot_init+0x0/0xd7 @ 1
[    3.668312] VFS: Disk quotas dquot_6.6.0
[    3.673337] VFS: Dquot-cache hash table entries: 512 (order 0, 4096 bytes)
[    3.681403] initcall dquot_init+0x0/0xd7 returned 0 after 12789 usecs
[    3.688842] calling  quota_init+0x0/0x23 @ 1
[    3.694433] initcall quota_init+0x0/0x23 returned 0 after 538 usecs
[    3.701654] calling  proc_cmdline_init+0x0/0x21 @ 1
[    3.707646] initcall proc_cmdline_init+0x0/0x21 returned 0 after 43 usecs
[    3.715597] calling  proc_consoles_init+0x0/0x24 @ 1
[    3.721740] initcall proc_consoles_init+0x0/0x24 returned 0 after 172 usecs
[    3.730007] calling  proc_cpuinfo_init+0x0/0x1e @ 1
[    3.735984] initcall proc_cpuinfo_init+0x0/0x1e returned 0 after 3 usecs
[    3.745019] calling  proc_devices_init+0x0/0x24 @ 1
[    3.751359] initcall proc_devices_init+0x0/0x24 returned 0 after 28 usecs
[    3.759655] calling  proc_interrupts_init+0x0/0x24 @ 1
[    3.766021] initcall proc_interrupts_init+0x0/0x24 returned 0 after 3 usecs
[    3.776355] calling  proc_loadavg_init+0x0/0x21 @ 1
[    3.783536] initcall proc_loadavg_init+0x0/0x21 returned 0 after 3 usecs
[    3.793514] calling  proc_meminfo_init+0x0/0x21 @ 1
[    3.800690] initcall proc_meminfo_init+0x0/0x21 returned 0 after 3 usecs
[    3.808825] calling  proc_stat_init+0x0/0x1e @ 1
[    3.814598] initcall proc_stat_init+0x0/0x1e returned 0 after 48 usecs
[    3.822538] calling  proc_uptime_init+0x0/0x21 @ 1
[    3.829346] initcall proc_uptime_init+0x0/0x21 returned 0 after 73 usecs
[    3.837915] calling  proc_version_init+0x0/0x21 @ 1
[    3.844162] initcall proc_version_init+0x0/0x21 returned 0 after 118 usecs
[    3.852531] calling  proc_softirqs_init+0x0/0x21 @ 1
[    3.858503] initcall proc_softirqs_init+0x0/0x21 returned 0 after 2 usecs
[    3.866644] calling  proc_kcore_init+0x0/0xea @ 1
[    3.872994] initcall proc_kcore_init+0x0/0xea returned 0 after 517 usecs
[    3.881222] calling  vmcore_init+0x0/0x578 @ 1
[    3.886793] initcall vmcore_init+0x0/0x578 returned 0 after 36 usecs
[    3.894494] calling  proc_kmsg_init+0x0/0x21 @ 1
[    3.900277] initcall proc_kmsg_init+0x0/0x21 returned 0 after 12 usecs
[    3.908312] calling  proc_page_init+0x0/0x3b @ 1
[    3.914604] initcall proc_page_init+0x0/0x3b returned 0 after 3 usecs
[    3.922434] calling  init_ramfs_fs+0x0/0xc @ 1
[    3.927991] initcall init_ramfs_fs+0x0/0xc returned 0 after 26 usecs
[    3.935653] calling  init_hugetlbfs_fs+0x0/0xf6 @ 1
[    3.942259] initcall init_hugetlbfs_fs+0x0/0xf6 returned 0 after 415 usecs
[    3.950476] calling  blk_scsi_ioctl_init+0x0/0x2a5 @ 1
[    3.957656] initcall blk_scsi_ioctl_init+0x0/0x2a5 returned 0 after 1 usecs
[    3.969229] calling  acpi_event_init+0x0/0x2c @ 1
[    3.978471] initcall acpi_event_init+0x0/0x2c returned 0 after 152 usecs
[    3.988293] calling  pnp_system_init+0x0/0xc @ 1
[    3.998625] initcall pnp_system_init+0x0/0xc returned 0 after 3248 usecs
[    4.006709] calling  pnpacpi_init+0x0/0x69 @ 1
[    4.012039] pnp: PnP ACPI init
[    4.026064] pnp 00:00: Plug and Play ACPI device, IDs PNP0303 (active)
[    4.034207] pnp 00:01: Plug and Play ACPI device, IDs PNP0f13 (active)
[    4.042327] pnp 00:02: Plug and Play ACPI device, IDs PNP0400 (active)
[    4.050267] pnp 00:03: Plug and Play ACPI device, IDs PNP0501 (active)
[    4.058226] pnp 00:04: Plug and Play ACPI device, IDs PNP0b00 (active)
[    4.068490] system 00:05: [mem 0xb0000000-0xbfffffff window] has been reserved
[    4.077245] system 00:05: Plug and Play ACPI device, IDs PNP0c01 (active)
[    4.088050] pnp: PnP ACPI: found 6 devices
[    4.092910] initcall pnpacpi_init+0x0/0x69 returned 0 after 78970 usecs
[    4.100523] calling  chr_dev_init+0x0/0x14d @ 1
[    4.115025] initcall chr_dev_init+0x0/0x14d returned 0 after 8882 usecs
[    4.123267] calling  firmware_class_init+0x0/0xde @ 1
[    4.129457] initcall firmware_class_init+0x0/0xde returned 0 after 161 usecs
[    4.139216] calling  init_pcmcia_bus+0x0/0x5b @ 1
[    4.145665] initcall init_pcmcia_bus+0x0/0x5b returned 0 after 329 usecs
[    4.155152] calling  init_acpi_pm_clocksource+0x0/0xda @ 1
[    4.168846] clocksource: acpi_pm: mask: 0xffffff max_cycles: 0xffffff, max_idle_ns: 2085701024 ns
[    4.179155] initcall init_acpi_pm_clocksource+0x0/0xda returned 0 after 15800 usecs
[    4.189816] calling  sysctl_core_init+0x0/0x26 @ 1
[    4.196919] initcall sysctl_core_init+0x0/0x26 returned 0 after 204 usecs
[    4.206452] calling  eth_offload_init+0x0/0x13 @ 1
[    4.213271] initcall eth_offload_init+0x0/0x13 returned 0 after 29 usecs
[    4.221436] calling  ipv4_offload_init+0x0/0x73 @ 1
[    4.227569] initcall ipv4_offload_init+0x0/0x73 returned 0 after 210 usecs
[    4.235734] calling  inet_init+0x0/0x276 @ 1
[    4.241050] NET: Registered protocol family 2
[    4.247605] IP idents hash table entries: 8192 (order: 4, 65536 bytes, linear)
[    4.259786] tcp_listen_portaddr_hash hash table entries: 256 (order: 0, 4096 bytes, linear)
[    4.269633] TCP established hash table entries: 4096 (order: 3, 32768 bytes, linear)
[    4.278758] TCP bind hash table entries: 4096 (order: 3, 32768 bytes, linear)
[    4.287752] TCP: Hash tables configured (established 4096 bind 4096)
[    4.295877] UDP hash table entries: 256 (order: 1, 8192 bytes, linear)
[    4.303635] UDP-Lite hash table entries: 256 (order: 1, 8192 bytes, linear)
[    4.312906] initcall inet_init+0x0/0x276 returned 0 after 70338 usecs
[    4.320322] calling  af_unix_init+0x0/0x4d @ 1
[    4.325654] NET: Registered protocol family 1
[    4.330979] initcall af_unix_init+0x0/0x4d returned 0 after 5214 usecs
[    4.338559] calling  ipv6_offload_init+0x0/0x7e @ 1
[    4.344310] initcall ipv6_offload_init+0x0/0x7e returned 0 after 55 usecs
[    4.352212] calling  init_sunrpc+0x0/0x65 @ 1
[    4.359208] RPC: Registered named UNIX socket transport module.
[    4.366036] RPC: Registered udp transport module.
[    4.371529] RPC: Registered tcp transport module.
[    4.377020] RPC: Registered tcp NFSv4.1 backchannel transport module.
[    4.384496] initcall init_sunrpc+0x0/0x65 returned 0 after 26428 usecs
[    4.392059] calling  cfg80211_init+0x0/0xc5 @ 1
[    4.398891] initcall cfg80211_init+0x0/0xc5 returned 0 after 1496 usecs
[    4.406538] calling  pcibios_assign_resources+0x0/0xcb @ 1
[    4.413646] pci_bus 0000:00: resource 4 [io  0x0000-0x0cf7 window]
[    4.420664] pci_bus 0000:00: resource 5 [io  0x0d00-0xffff window]
[    4.427844] pci_bus 0000:00: resource 6 [mem 0x000a0000-0x000bffff window]
[    4.436050] pci_bus 0000:00: resource 7 [mem 0x20000000-0xafffffff window]
[    4.445319] pci_bus 0000:00: resource 8 [mem 0xc0000000-0xfebfffff window]
[    4.453721] pci_bus 0000:00: resource 9 [mem 0x100000000-0x8ffffffff window]
[    4.462501] initcall pcibios_assign_resources+0x0/0xcb returned 0 after 48404 usecs
[    4.471263] calling  pci_apply_final_quirks+0x0/0x124 @ 1
[    4.478354] pci 0000:00:01.0: calling  pci_fixup_video+0x0/0xe0 @ 1
[    4.487408] pci 0000:00:01.0: Video device with shadowed ROM at [mem 0x000c0000-0x000dffff]
[    4.499588] pci 0000:00:01.0: pci_fixup_video+0x0/0xe0 took 12501 usecs
[    4.508186] PCI: CLS 0 bytes, default 64
[    4.513152] initcall pci_apply_final_quirks+0x0/0x124 returned 0 after 34649 usecs
[    4.522212] calling  acpi_reserve_resources+0x0/0xea @ 1
[    4.528586] initcall acpi_reserve_resources+0x0/0xea returned 0 after 44 usecs
[    4.536976] calling  populate_rootfs+0x0/0x102 @ 1
[    4.543694] initcall populate_rootfs+0x0/0x102 returned 0 after 1239 usecs
[    4.551474] calling  pci_iommu_init+0x0/0x3e @ 1
[    4.556776] initcall pci_iommu_init+0x0/0x3e returned 0 after 4 usecs
[    4.565347] calling  ia32_binfmt_init+0x0/0x13 @ 1
[    4.570796] initcall ia32_binfmt_init+0x0/0x13 returned 0 after 22 usecs
[    4.582708] calling  rapl_pmu_init+0x0/0x25f @ 1
[    4.588347] initcall rapl_pmu_init+0x0/0x25f returned -19 after 35 usecs
[    4.596695] calling  amd_uncore_init+0x0/0x310 @ 1
[    4.602170] initcall amd_uncore_init+0x0/0x310 returned -19 after 0 usecs
[    4.610016] calling  amd_ibs_init+0x0/0x273 @ 1
[    4.615189] initcall amd_ibs_init+0x0/0x273 returned -19 after 0 usecs
[    4.622862] calling  amd_iommu_pc_init+0x0/0x20c @ 1
[    4.628907] initcall amd_iommu_pc_init+0x0/0x20c returned -19 after 95 usecs
[    4.637298] calling  msr_init+0x0/0x55 @ 1
[    4.642722] initcall msr_init+0x0/0x55 returned 0 after 496 usecs
[    4.649872] calling  intel_uncore_init+0x0/0x322 @ 1
[    4.655652] initcall intel_uncore_init+0x0/0x322 returned -19 after 1 usecs
[    4.663708] calling  cstate_pmu_init+0x0/0x181 @ 1
[    4.669408] initcall cstate_pmu_init+0x0/0x181 returned -19 after 0 usecs
[    4.677389] calling  register_kernel_offset_dumper+0x0/0x1a @ 1
[    4.684391] initcall register_kernel_offset_dumper+0x0/0x1a returned 0 after 28 usecs
[    4.693656] calling  i8259A_init_ops+0x0/0x20 @ 1
[    4.699115] initcall i8259A_init_ops+0x0/0x20 returned 0 after 121 usecs
[    4.706972] calling  init_tsc_clocksource+0x0/0xa4 @ 1
[    4.713301] clocksource: tsc: mask: 0xffffffffffffffff max_cycles: 0x39a85afc727, max_idle_ns: 881590685098 ns
[    4.725629] initcall init_tsc_clocksource+0x0/0xa4 returned 0 after 12132 usecs
[    4.733728] calling  add_rtc_cmos+0x0/0xb0 @ 1
[    4.738987] initcall add_rtc_cmos+0x0/0xb0 returned 0 after 180 usecs
[    4.746218] calling  i8237A_init_ops+0x0/0x3a @ 1
[    4.751653] initcall i8237A_init_ops+0x0/0x3a returned 0 after 140 usecs
[    4.759130] calling  umwait_init+0x0/0x94 @ 1
[    4.764033] initcall umwait_init+0x0/0x94 returned -19 after 1 usecs
[    4.771063] calling  thermal_throttle_init_device+0x0/0x3d @ 1
[    4.777665] initcall thermal_throttle_init_device+0x0/0x3d returned 0 after 1 usecs
[    4.786233] calling  msr_init+0x0/0xd7 @ 1
[    4.794316] initcall msr_init+0x0/0xd7 returned 0 after 3225 usecs
[    4.801456] calling  cpuid_init+0x0/0xd7 @ 1
[    4.806713] initcall cpuid_init+0x0/0xd7 returned 0 after 376 usecs
[    4.813790] calling  ioapic_init_ops+0x0/0x13 @ 1
[    4.819169] initcall ioapic_init_ops+0x0/0x13 returned 0 after 0 usecs
[    4.826460] calling  add_pcspkr+0x0/0x6c @ 1
[    4.831553] initcall add_pcspkr+0x0/0x6c returned 0 after 289 usecs
[    4.838850] calling  start_periodic_check_for_corruption+0x0/0x30 @ 1
[    4.846165] check: Scanning for low memory corruption every 60 seconds
[    4.853686] initcall start_periodic_check_for_corruption+0x0/0x30 returned 0 after 7365 usecs
[    4.864066] calling  sysfb_init+0x0/0x9c @ 1
[    4.869044] initcall sysfb_init+0x0/0x9c returned 0 after 58 usecs
[    4.876061] calling  audit_classes_init+0x0/0xae @ 1
[    4.881764] initcall audit_classes_init+0x0/0xae returned 0 after 26 usecs
[    4.889490] calling  iosf_mbi_init+0x0/0x24 @ 1
[    4.895485] initcall iosf_mbi_init+0x0/0x24 returned 0 after 788 usecs
[    4.902893] calling  proc_execdomains_init+0x0/0x21 @ 1
[    4.909082] initcall proc_execdomains_init+0x0/0x21 returned 0 after 138 usecs
[    4.917205] calling  register_warn_debugfs+0x0/0x23 @ 1
[    4.923635] initcall register_warn_debugfs+0x0/0x23 returned 0 after 362 usecs
[    4.931867] calling  ioresources_init+0x0/0x49 @ 1
[    4.937398] initcall ioresources_init+0x0/0x49 returned 0 after 21 usecs
[    4.945091] calling  snapshot_device_init+0x0/0xc @ 1
[    4.951316] initcall snapshot_device_init+0x0/0xc returned 0 after 387 usecs
[    4.959516] calling  irq_pm_init_ops+0x0/0x13 @ 1
[    4.965047] initcall irq_pm_init_ops+0x0/0x13 returned 0 after 22 usecs
[    4.972771] calling  rcu_torture_init+0x0/0x964 @ 1
[    4.978764] rcu-torture:--- Start of test: nreaders=1 nfakewriters=4 stat_interval=15 verbose=1 test_no_idle_hz=1 shuffle_interval=3 stutter=5 irqreader=1 fqs_duration=0 fqs_holdoff=0 fqs_stutter=3 test_boost=1/0 test_boost_interval=7 test_boost_duration=4 shutdown_secs=1800 stall_cpu=0 stall_cpu_holdoff=10 stall_cpu_irqsoff=0 stall_cpu_block=0 n_barrier_cbs=4 onoff_interval=0 onoff_holdoff=0 read_exit_delay=13 read_exit_burst=16
[    5.024323] rcu:  Start-test grace-period state: g-1096 f0x0
[    5.031154] rcu-torture: Creating rcu_torture_writer task
[    5.040196] rcu-torture: Creating rcu_torture_fakewriter task
[    5.047078] rcu-torture: rcu_torture_writer task started
[    5.055117] rcu-torture: Creating rcu_torture_fakewriter task
[    5.063957] rcu-torture: rcu_torture_fakewriter task started
[    5.072587] rcu-torture: GP expediting controlled from boot/sysfs for rcu.
[    5.083715] rcu-torture: Creating rcu_torture_fakewriter task
[    5.092303] rcu-torture: rcu_torture_fakewriter task started
[    5.099449] rcu_torture_writer: Testing conditional GPs.
[    5.106472] rcu-torture: Creating rcu_torture_fakewriter task
[    5.115287] rcu-torture: rcu_torture_fakewriter task started
[    5.122067] rcu_torture_writer: Testing expedited GPs.
[    5.128448] rcu-torture: Creating rcu_torture_reader task
[    5.134914] rcu-torture: rcu_torture_fakewriter task started
[    5.141808] rcu_torture_writer: Testing asynchronous GPs.
[    5.148509] rcu-torture: Creating rcu_torture_stats task
[    5.154917] rcu-torture: rcu_torture_reader task started
[    5.161360] rcu_torture_writer: Testing normal GPs.
[    5.168232] rcu-torture: Creating torture_shuffle task
[    5.174272] rcu-torture: rcu_torture_stats task started
[    5.180922] rcu-torture: Creating torture_stutter task
[    5.188102] rcu-torture: torture_shuffle task started
[    5.194497] rcu-torture: Creating torture_shutdown task
[    5.200953] rcu-torture: torture_stutter task started
[    5.211052] rcu-torture: Creating rcu_torture_fwd_prog task
[    5.217962] rcu-torture: torture_shutdown task started
[    5.224293] rcu-torture: Creating rcu_torture_barrier_cbs task
[    5.231293] rcu-torture: rcu_torture_fwd_progress task started
[    5.238291] rcu-torture:torture_shutdown task: 1799956 ms remaining
[    5.246103] rcu-torture: Creating rcu_torture_barrier_cbs task
[    5.253005] rcu-torture: rcu_torture_barrier_cbs task started
[    5.260095] rcu-torture: Creating rcu_torture_barrier_cbs task
[    5.266989] rcu-torture: rcu_torture_barrier_cbs task started
[    5.273885] rcu-torture: Creating rcu_torture_barrier_cbs task
[    5.280836] rcu-torture: rcu_torture_barrier_cbs task started
[    5.287795] rcu-torture: Creating rcu_torture_barrier task
[    5.294482] rcu-torture: rcu_torture_barrier_cbs task started
[    5.301608] rcu-torture: Creating rcu_torture_read_exit task
[    5.308441] rcu-torture: rcu_torture_barrier task starting
[    5.315198] initcall rcu_torture_init+0x0/0x964 returned 0 after 328675 usecs
[    5.323873] rcu-torture: rcu_torture_read_exit: Start of test
[    5.330761] calling  timekeeping_init_ops+0x0/0x13 @ 1
[    5.337131] initcall timekeeping_init_ops+0x0/0x13 returned 0 after 6 usecs
[    5.345484] calling  init_clocksource_sysfs+0x0/0x23 @ 1
[    5.352031] initcall init_clocksource_sysfs+0x0/0x23 returned 0 after 174 usecs
[    5.360877] calling  init_timer_list_procfs+0x0/0x31 @ 1
[    5.367427] initcall init_timer_list_procfs+0x0/0x31 returned 0 after 29 usecs
[    5.376102] calling  alarmtimer_init+0x0/0xb5 @ 1
[    5.382034] initcall alarmtimer_init+0x0/0xb5 returned 0 after 261 usecs
[    5.389987] calling  init_posix_timers+0x0/0x29 @ 1
[    5.395999] initcall init_posix_timers+0x0/0x29 returned 0 after 100 usecs
[    5.404162] calling  clockevents_init_sysfs+0x0/0x8b @ 1
[    5.410770] initcall clockevents_init_sysfs+0x0/0x8b returned 0 after 113 usecs
[    5.419638] calling  proc_dma_init+0x0/0x21 @ 1
[    5.425285] initcall proc_dma_init+0x0/0x21 returned 0 after 18 usecs
[    5.433123] calling  proc_modules_init+0x0/0x1e @ 1
[    5.439334] initcall proc_modules_init+0x0/0x1e returned 0 after 40 usecs
[    5.447632] calling  kallsyms_init+0x0/0x21 @ 1
[    5.453170] initcall kallsyms_init+0x0/0x21 returned 0 after 10 usecs
[    5.461017] calling  pid_namespaces_init+0x0/0x2c @ 1
[    5.467150] initcall pid_namespaces_init+0x0/0x2c returned 0 after 31 usecs
[    5.475514] calling  audit_watch_init+0x0/0x37 @ 1
[    5.481463] initcall audit_watch_init+0x0/0x37 returned 0 after 5 usecs
[    5.489451] calling  audit_fsnotify_init+0x0/0x37 @ 1
[    5.495662] initcall audit_fsnotify_init+0x0/0x37 returned 0 after 5 usecs
[    5.503935] calling  audit_tree_init+0x0/0x6d @ 1
[    5.509655] initcall audit_tree_init+0x0/0x6d returned 0 after 22 usecs
[    5.517397] calling  seccomp_sysctl_init+0x0/0x2b @ 1
[    5.523492] initcall seccomp_sysctl_init+0x0/0x2b returned 0 after 81 usecs
[    5.531527] calling  utsname_sysctl_init+0x0/0x13 @ 1
[    5.537465] initcall utsname_sysctl_init+0x0/0x13 returned 0 after 59 usecs
[    5.546374] calling  init_tracepoints+0x0/0x27 @ 1
[    5.553189] initcall init_tracepoints+0x0/0x27 returned 0 after 69 usecs
[    5.561160] calling  init_blk_tracer+0x0/0x50 @ 1
[    5.567474] initcall init_blk_tracer+0x0/0x50 returned 0 after 704 usecs
[    5.575432] calling  perf_event_sysfs_init+0x0/0x81 @ 1
[    5.582002] initcall perf_event_sysfs_init+0x0/0x81 returned 0 after 320 usecs
[    5.594250] calling  system_trusted_keyring_init+0x0/0x5f @ 1
[    5.601236] Initialise system trusted keyrings
[    5.607030] initcall system_trusted_keyring_init+0x0/0x5f returned 0 after 5660 usecs
[    5.616231] calling  kswapd_init+0x0/0x13 @ 1
[    5.621919] initcall kswapd_init+0x0/0x13 returned 0 after 251 usecs
[    5.629525] calling  extfrag_debug_init+0x0/0x54 @ 1
[    5.636876] initcall extfrag_debug_init+0x0/0x54 returned 0 after 163 usecs
[    5.645533] calling  slab_proc_init+0x0/0x21 @ 1
[    5.651236] initcall slab_proc_init+0x0/0x21 returned 0 after 39 usecs
[    5.658886] calling  workingset_init+0x0/0x8c @ 1
[    5.664396] workingset: timestamp_bits=62 max_order=17 bucket_order=0
[    5.671917] initcall workingset_init+0x0/0x8c returned 0 after 7385 usecs
[    5.679878] calling  proc_vmalloc_init+0x0/0x27 @ 1
[    5.685486] initcall proc_vmalloc_init+0x0/0x27 returned 0 after 23 usecs
[    5.693288] calling  procswaps_init+0x0/0x1e @ 1
[    5.698936] initcall procswaps_init+0x0/0x1e returned 0 after 51 usecs
[    5.707856] calling  slab_sysfs_init+0x0/0xea @ 1
[    5.715934] initcall slab_sysfs_init+0x0/0xea returned 0 after 2553 usecs
[    5.723879] calling  fcntl_init+0x0/0x29 @ 1
[    5.729438] initcall fcntl_init+0x0/0x29 returned 0 after 17 usecs
[    5.738417] calling  proc_filesystems_init+0x0/0x21 @ 1
[    5.746054] initcall proc_filesystems_init+0x0/0x21 returned 0 after 34 usecs
[    5.756433] calling  start_dirtytime_writeback+0x0/0x29 @ 1
[    5.764648] initcall start_dirtytime_writeback+0x0/0x29 returned 0 after 7 usecs
[    5.775563] calling  blkdev_init+0x0/0x1b @ 1
[    5.782577] initcall blkdev_init+0x0/0x1b returned 0 after 410 usecs
[    5.792315] calling  dio_init+0x0/0x2c @ 1
[    5.798244] initcall dio_init+0x0/0x2c returned 0 after 752 usecs
[    5.805931] calling  dnotify_init+0x0/0x78 @ 1
[    5.812353] initcall dnotify_init+0x0/0x78 returned 0 after 18 usecs
[    5.820444] calling  aio_setup+0x0/0x78 @ 1
[    5.826100] initcall aio_setup+0x0/0x78 returned 0 after 293 usecs
[    5.833859] calling  io_uring_init+0x0/0x2c @ 1
[    5.839661] initcall io_uring_init+0x0/0x2c returned 0 after 14 usecs
[    5.847961] calling  mbcache_init+0x0/0x30 @ 1
[    5.853776] initcall mbcache_init+0x0/0x30 returned 0 after 145 usecs
[    5.862211] calling  init_grace+0x0/0xc @ 1
[    5.867772] initcall init_grace+0x0/0xc returned 0 after 221 usecs
[    5.875511] calling  init_v2_quota_format+0x0/0x21 @ 1
[    5.882324] initcall init_v2_quota_format+0x0/0x21 returned 0 after 64 usecs
[    5.892254] calling  init_devpts_fs+0x0/0x27 @ 1
[    5.899255] initcall init_devpts_fs+0x0/0x27 returned 0 after 178 usecs
[    5.909040] calling  ext4_init_fs+0x0/0x1cb @ 1
[    5.916347] initcall ext4_init_fs+0x0/0x1cb returned 0 after 437 usecs
[    5.925941] calling  journal_init+0x0/0x11c @ 1
[    5.931646] initcall journal_init+0x0/0x11c returned 0 after 136 usecs
[    5.939513] calling  init_fat_fs+0x0/0x49 @ 1
[    5.945832] initcall init_fat_fs+0x0/0x49 returned 0 after 100 usecs
[    5.954139] calling  init_vfat_fs+0x0/0xc @ 1
[    5.959585] initcall init_vfat_fs+0x0/0xc returned 0 after 10 usecs
[    5.967239] calling  init_msdos_fs+0x0/0xc @ 1
[    5.972776] initcall init_msdos_fs+0x0/0xc returned 0 after 7 usecs
[    5.980700] calling  init_iso9660_fs+0x0/0x6c @ 1
[    5.986799] initcall init_iso9660_fs+0x0/0x6c returned 0 after 125 usecs
[    5.995224] calling  init_nfs_fs+0x0/0x13a @ 1
[    6.002482] initcall init_nfs_fs+0x0/0x13a returned 0 after 1365 usecs
[    6.012150] calling  init_nfs_v2+0x0/0x13 @ 1
[    6.017830] initcall init_nfs_v2+0x0/0x13 returned 0 after 95 usecs
[    6.025743] calling  init_nfs_v3+0x0/0x13 @ 1
[    6.032492] initcall init_nfs_v3+0x0/0x13 returned 0 after 8 usecs
[    6.042167] calling  init_nfs_v4+0x0/0x32 @ 1
[    6.049470] NFS: Registering the id_resolver key type
[    6.057616] Key type id_resolver registered
[    6.063190] Key type id_legacy registered
[    6.069980] initcall init_nfs_v4+0x0/0x32 returned 0 after 20196 usecs
[    6.080485] calling  init_nlm+0x0/0x5b @ 1
[    6.087067] initcall init_nlm+0x0/0x5b returned 0 after 118 usecs
[    6.096082] calling  init_nls_cp437+0x0/0xe @ 1
[    6.101913] initcall init_nls_cp437+0x0/0xe returned 0 after 52 usecs
[    6.110041] calling  init_nls_ascii+0x0/0xe @ 1
[    6.115878] initcall init_nls_ascii+0x0/0xe returned 0 after 5 usecs
[    6.124039] calling  init_nls_iso8859_1+0x0/0xe @ 1
[    6.130233] initcall init_nls_iso8859_1+0x0/0xe returned 0 after 4 usecs
[    6.138920] calling  init_nls_utf8+0x0/0x21 @ 1
[    6.144868] initcall init_nls_utf8+0x0/0x21 returned 0 after 5 usecs
[    6.153466] calling  init_autofs_fs+0x0/0x25 @ 1
[    6.160360] initcall init_autofs_fs+0x0/0x25 returned 0 after 1170 usecs
[    6.168585] calling  ipc_init+0x0/0x24 @ 1
[    6.174175] initcall ipc_init+0x0/0x24 returned 0 after 106 usecs
[    6.181914] calling  ipc_sysctl_init+0x0/0x13 @ 1
[    6.187924] initcall ipc_sysctl_init+0x0/0x13 returned 0 after 30 usecs
[    6.196228] calling  init_mqueue_fs+0x0/0x92 @ 1
[    6.202283] initcall init_mqueue_fs+0x0/0x92 returned 0 after 176 usecs
[    6.210660] calling  key_proc_init+0x0/0x63 @ 1
[    6.216414] initcall key_proc_init+0x0/0x63 returned 0 after 26 usecs
[    6.225634] calling  selinux_nf_ip_init+0x0/0x2e @ 1
[    6.232069] initcall selinux_nf_ip_init+0x0/0x2e returned 0 after 5 usecs
[    6.240713] calling  init_sel_fs+0x0/0x116 @ 1
[    6.246485] initcall init_sel_fs+0x0/0x116 returned 0 after 2 usecs
[    6.254481] calling  selnl_init+0x0/0x7c @ 1
[    6.260458] initcall selnl_init+0x0/0x7c returned 0 after 345 usecs
[    6.268442] calling  sel_netif_init+0x0/0x36 @ 1
[    6.274481] initcall sel_netif_init+0x0/0x36 returned 0 after 8 usecs
[    6.282693] calling  sel_netnode_init+0x0/0x33 @ 1
[    6.292424] initcall sel_netnode_init+0x0/0x33 returned 0 after 4 usecs
[    6.300719] calling  sel_netport_init+0x0/0x33 @ 1
[    6.306783] initcall sel_netport_init+0x0/0x33 returned 0 after 5 usecs
[    6.315022] calling  aurule_init+0x0/0x2a @ 1
[    6.320575] initcall aurule_init+0x0/0x2a returned 0 after 7 usecs
[    6.328511] calling  crypto_algapi_init+0x0/0xc @ 1
[    6.334975] initcall crypto_algapi_init+0x0/0xc returned 0 after 7 usecs
[    6.343143] calling  jent_mod_init+0x0/0x2d @ 1
[    6.358608] initcall jent_mod_init+0x0/0x2d returned 0 after 9431 usecs
[    6.366900] calling  asymmetric_key_init+0x0/0xc @ 1
[    6.373250] Key type asymmetric registered
[    6.378449] initcall asymmetric_key_init+0x0/0xc returned 0 after 5080 usecs
[    6.387782] calling  x509_key_init+0x0/0xc @ 1
[    6.393471] Asymmetric key parser 'x509' registered
[    6.399810] initcall x509_key_init+0x0/0xc returned 0 after 6209 usecs
[    6.408295] calling  proc_genhd_init+0x0/0x41 @ 1
[    6.414455] initcall proc_genhd_init+0x0/0x41 returned 0 after 94 usecs
[    6.422913] calling  bsg_init+0x0/0x113 @ 1
[    6.428457] Block layer SCSI generic (bsg) driver version 0.4 loaded (major 251)
[    6.438762] initcall bsg_init+0x0/0x113 returned 0 after 10104 usecs
[    6.448719] calling  deadline_init+0x0/0xc @ 1
[    6.456326] io scheduler mq-deadline registered
[    6.463971] initcall deadline_init+0x0/0xc returned 0 after 7510 usecs
[    6.474855] calling  kyber_init+0x0/0xc @ 1
[    6.482744] io scheduler kyber registered
[    6.488855] initcall kyber_init+0x0/0xc returned 0 after 5957 usecs
[    6.497337] calling  mod_init+0x0/0x7 @ 1
[    6.503109] initcall mod_init+0x0/0x7 returned 0 after 8 usecs
[    6.511813] calling  sg_pool_init+0x0/0xb4 @ 1
[    6.518867] initcall sg_pool_init+0x0/0xb4 returned 0 after 637 usecs
[    6.528173] calling  pcie_portdrv_init+0x0/0x39 @ 1
[    6.535858] initcall pcie_portdrv_init+0x0/0x39 returned 0 after 313 usecs
[    6.550518] calling  pci_proc_init+0x0/0x68 @ 1
[    6.558696] initcall pci_proc_init+0x0/0x68 returned 0 after 161 usecs
[    6.568183] calling  pci_hotplug_init+0x0/0x7 @ 1
[    6.576625] initcall pci_hotplug_init+0x0/0x7 returned 0 after 14 usecs
[    6.585982] calling  efifb_driver_init+0x0/0xe @ 1
[    6.593580] initcall efifb_driver_init+0x0/0xe returned 0 after 82 usecs
[    6.604045] calling  ged_driver_init+0x0/0xe @ 1
[    6.610240] initcall ged_driver_init+0x0/0xe returned 0 after 146 usecs
[    6.618870] calling  acpi_ac_init+0x0/0x92 @ 1
[    6.625638] initcall acpi_ac_init+0x0/0x92 returned 0 after 837 usecs
[    6.633949] calling  acpi_button_driver_init+0x0/0x52 @ 1
[    6.642284] input: Power Button as /devices/LNXSYSTM:00/LNXPWRBN:00/input/input0
[    6.658993] ACPI: Power Button [PWRF]
[    6.664877] initcall acpi_button_driver_init+0x0/0x52 returned 0 after 23298 usecs
[    6.674573] calling  acpi_fan_driver_init+0x0/0xe @ 1
[    6.681164] initcall acpi_fan_driver_init+0x0/0xe returned 0 after 22 usecs
[    6.690221] calling  acpi_video_init+0x0/0xcb @ 1
[    6.696830] initcall acpi_video_init+0x0/0xcb returned 0 after 470 usecs
[    6.705475] calling  acpi_processor_driver_init+0x0/0xad @ 1
[    6.714178] initcall acpi_processor_driver_init+0x0/0xad returned 0 after 1094 usecs
[    6.725650] calling  acpi_thermal_init+0x0/0x71 @ 1
[    6.733689] initcall acpi_thermal_init+0x0/0x71 returned 0 after 91 usecs
[    6.744599] calling  acpi_battery_init+0x0/0x32 @ 1
[    6.752115] initcall acpi_battery_init+0x0/0x32 returned 0 after 49 usecs
[    6.761554] calling  bgrt_init+0x0/0xb6 @ 1
[    6.767056] initcall bgrt_init+0x0/0xb6 returned -19 after 2 usecs
[    6.775217] calling  gpio_clk_driver_init+0x0/0xe @ 1
[    6.782001] initcall gpio_clk_driver_init+0x0/0xe returned 0 after 35 usecs
[    6.791823] calling  plt_clk_driver_init+0x0/0xe @ 1
[    6.799860] initcall plt_clk_driver_init+0x0/0xe returned 0 after 30 usecs
[    6.810706] calling  virtio_pci_driver_init+0x0/0x15 @ 1
[    6.819099] initcall virtio_pci_driver_init+0x0/0x15 returned 0 after 109 usecs
[    6.829443] calling  n_null_init+0x0/0x1e @ 1
[    6.837778] initcall n_null_init+0x0/0x1e returned 0 after 70 usecs
[    6.846322] calling  pty_init+0x0/0x1e8 @ 1
[    6.852553] initcall pty_init+0x0/0x1e8 returned 0 after 390 usecs
[    6.861117] calling  sysrq_init+0x0/0x62 @ 1
[    6.867851] initcall sysrq_init+0x0/0x62 returned 0 after 27 usecs
[    6.877076] calling  serial8250_init+0x0/0x17e @ 1
[    6.884066] Serial: 8250/16550 driver, 4 ports, IRQ sharing enabled
[    6.895493] 00:03: ttyS0 at I/O 0x3f8 (irq = 4, base_baud = 115200) is a 16550A
[    6.908533] initcall serial8250_init+0x0/0x17e returned 0 after 23965 usecs
[    6.918769] calling  serial_pci_driver_init+0x0/0x15 @ 1
[    6.925977] initcall serial_pci_driver_init+0x0/0x15 returned 0 after 95 usecs
[    6.935468] calling  exar_pci_driver_init+0x0/0x15 @ 1
[    6.942522] initcall exar_pci_driver_init+0x0/0x15 returned 0 after 26 usecs
[    6.951956] calling  lpss8250_pci_driver_init+0x0/0x15 @ 1
[    6.959317] initcall lpss8250_pci_driver_init+0x0/0x15 returned 0 after 36 usecs
[    6.968803] calling  mid8250_pci_driver_init+0x0/0x15 @ 1
[    6.976034] initcall mid8250_pci_driver_init+0x0/0x15 returned 0 after 25 usecs
[    6.985769] calling  virtio_console_init+0x0/0xff @ 1
[    6.992682] initcall virtio_console_init+0x0/0xff returned 0 after 206 usecs
[    7.001900] calling  hpet_init+0x0/0x64 @ 1
[    7.008642] initcall hpet_init+0x0/0x64 returned 0 after 1315 usecs
[    7.017304] calling  nvram_module_init+0x0/0x83 @ 1
[    7.024339] Non-volatile memory driver v1.3
[    7.030239] initcall nvram_module_init+0x0/0x83 returned 0 after 5950 usecs
[    7.039875] calling  hwrng_modinit+0x0/0x8a @ 1
[    7.046344] initcall hwrng_modinit+0x0/0x8a returned 0 after 78 usecs
[    7.055515] calling  mod_init+0x0/0x48 @ 1
[    7.061345] initcall mod_init+0x0/0x48 returned -19 after 36 usecs
[    7.070158] calling  agp_init+0x0/0x23 @ 1
[    7.076017] Linux agpgart interface v0.103
[    7.082016] initcall agp_init+0x0/0x23 returned 0 after 5859 usecs
[    7.090781] calling  agp_amd64_mod_init+0x0/0x5 @ 1
[    7.097777] initcall agp_amd64_mod_init+0x0/0x5 returned -19 after 101 usecs
[    7.107980] calling  agp_intel_init+0x0/0x28 @ 1
[    7.115863] initcall agp_intel_init+0x0/0x28 returned 0 after 1132 usecs
[    7.125618] calling  drm_kms_helper_init+0x0/0x7 @ 1
[    7.132856] initcall drm_kms_helper_init+0x0/0x7 returned 0 after 7 usecs
[    7.142791] calling  drm_core_init+0x0/0x9e @ 1
[    7.150501] initcall drm_core_init+0x0/0x9e returned 0 after 669 usecs
[    7.159834] calling  i915_init+0x0/0x6b @ 1
[    7.168108] initcall i915_init+0x0/0x6b returned 0 after 2055 usecs
[    7.177347] calling  cn_proc_init+0x0/0x35 @ 1
[    7.184967] initcall cn_proc_init+0x0/0x35 returned 0 after 13 usecs
[    7.197236] calling  topology_sysfs_init+0x0/0x27 @ 1
[    7.206057] initcall topology_sysfs_init+0x0/0x27 returned 0 after 59 usecs
[    7.216976] calling  cacheinfo_sysfs_init+0x0/0x27 @ 1
[    7.225887] initcall cacheinfo_sysfs_init+0x0/0x27 returned 0 after 623 usecs
[    7.236871] calling  loop_init+0x0/0x168 @ 1
[    7.266548] loop: module loaded
[    7.271343] initcall loop_init+0x0/0x168 returned 0 after 26837 usecs
[    7.281447] calling  mac_hid_init+0x0/0x21 @ 1
[    7.288556] initcall mac_hid_init+0x0/0x21 returned 0 after 188 usecs
[    7.298333] calling  spi_transport_init+0x0/0x74 @ 1
[    7.307209] initcall spi_transport_init+0x0/0x74 returned 0 after 615 usecs
[    7.318924] calling  init_sd+0x0/0x18c @ 1
[    7.326368] initcall init_sd+0x0/0x18c returned 0 after 631 usecs
[    7.336551] calling  init_sr+0x0/0x43 @ 1
[    7.342514] initcall init_sr+0x0/0x43 returned 0 after 150 usecs
[    7.350907] calling  init_sg+0x0/0x1c0 @ 1
[    7.357672] initcall init_sg+0x0/0x1c0 returned 0 after 158 usecs
[    7.367127] calling  ahci_pci_driver_init+0x0/0x15 @ 1
[    7.376901] ahci 0000:00:1f.2: version 3.0
[    7.390565] PCI Interrupt Link [GSIA] enabled at IRQ 16
[    7.415143] ahci 0000:00:1f.2: AHCI 0001.0000 32 slots 6 ports 1.5 Gbps 0x3f impl SATA mode
[    7.427108] ahci 0000:00:1f.2: flags: 64bit ncq only 
[    7.445639] scsi host0: ahci
[    7.450882] scsi host1: ahci
[    7.459990] scsi host2: ahci
[    7.467019] scsi host3: ahci
[    7.473038] scsi host4: ahci
[    7.479698] scsi host5: ahci
[    7.486424] ata1: SATA max UDMA/133 abar m4096@0xfebf1000 port 0xfebf1100 irq 24
[    7.498677] ata2: SATA max UDMA/133 abar m4096@0xfebf1000 port 0xfebf1180 irq 24
[    7.511293] ata3: SATA max UDMA/133 abar m4096@0xfebf1000 port 0xfebf1200 irq 24
[    7.523917] ata4: SATA max UDMA/133 abar m4096@0xfebf1000 port 0xfebf1280 irq 24
[    7.537633] ata5: SATA max UDMA/133 abar m4096@0xfebf1000 port 0xfebf1300 irq 24
[    7.550228] ata6: SATA max UDMA/133 abar m4096@0xfebf1000 port 0xfebf1380 irq 24
[    7.564727] initcall ahci_pci_driver_init+0x0/0x15 returned 0 after 186510 usecs
[    7.583625] calling  piix_init+0x0/0x26 @ 1
[    7.591108] initcall piix_init+0x0/0x26 returned 0 after 1372 usecs
[    7.599215] calling  amd_pci_driver_init+0x0/0x15 @ 1
[    7.606901] initcall amd_pci_driver_init+0x0/0x15 returned 0 after 27 usecs
[    7.617545] calling  oldpiix_pci_driver_init+0x0/0x15 @ 1
[    7.626236] initcall oldpiix_pci_driver_init+0x0/0x15 returned 0 after 204 usecs
[    7.637500] calling  sch_pci_driver_init+0x0/0x15 @ 1
[    7.645667] initcall sch_pci_driver_init+0x0/0x15 returned 0 after 119 usecs
[    7.656608] calling  net_olddevs_init+0x0/0x55 @ 1
[    7.664997] initcall net_olddevs_init+0x0/0x55 returned 0 after 103 usecs
[    7.676985] calling  blackhole_netdev_init+0x0/0x78 @ 1
[    7.686892] initcall blackhole_netdev_init+0x0/0x78 returned 0 after 977 usecs
[    7.697982] calling  phy_module_init+0x0/0x13 @ 1
[    7.706038] initcall phy_module_init+0x0/0x13 returned 0 after 399 usecs
[    7.716647] calling  tg3_driver_init+0x0/0x15 @ 1
[    7.724626] initcall tg3_driver_init+0x0/0x15 returned 0 after 86 usecs
[    7.734707] calling  e100_init_module+0x0/0x4c @ 1
[    7.742491] e100: Intel(R) PRO/100 Network Driver
[    7.749707] e100: Copyright(c) 1999-2006 Intel Corporation
[    7.758668] initcall e100_init_module+0x0/0x4c returned 0 after 15844 usecs
[    7.769487] calling  e1000_init_module+0x0/0x72 @ 1
[    7.777258] e1000: Intel(R) PRO/1000 Network Driver
[    7.785613] e1000: Copyright (c) 1999-2006 Intel Corporation.
[    7.795903] initcall e1000_init_module+0x0/0x72 returned 0 after 18236 usecs
[    7.807909] calling  e1000_init_module+0x0/0x2d @ 1
[    7.816374] e1000e: Intel(R) PRO/1000 Network Driver
[    7.825005] e1000e: Copyright(c) 1999 - 2015 Intel Corporation.
[    7.834314] initcall e1000_init_module+0x0/0x2d returned 0 after 18361 usecs
[    7.845616] calling  sky2_init_module+0x0/0x21 @ 1
[    7.854000] sky2: driver version 1.30
[    7.860635] initcall sky2_init_module+0x0/0x21 returned 0 after 7144 usecs
[    7.872041] calling  forcedeth_pci_driver_init+0x0/0x15 @ 1
[    7.881947] initcall forcedeth_pci_driver_init+0x0/0x15 returned 0 after 1067 usecs
[    7.897335] ata4: SATA link down (SStatus 0 SControl 300)
[    7.906264] calling  rtl8139_init_module+0x0/0x15 @ 1
[    7.914231] initcall rtl8139_init_module+0x0/0x15 returned 0 after 145 usecs
[    7.928137] ata3: SATA link up 1.5 Gbps (SStatus 113 SControl 300)
[    7.938043] calling  rtl8169_pci_driver_init+0x0/0x15 @ 1
[    7.953150] ata2: SATA link down (SStatus 0 SControl 300)
[    7.961580] initcall rtl8169_pci_driver_init+0x0/0x15 returned 0 after 14726 usecs
[    7.975849] ata1: SATA link down (SStatus 0 SControl 300)
[    7.984742] calling  cdrom_init+0x0/0xc @ 1
[    7.992975] ata6: SATA link down (SStatus 0 SControl 300)
[    8.001510] initcall cdrom_init+0x0/0xc returned 0 after 10304 usecs
[    8.018081] ata5: SATA link down (SStatus 0 SControl 300)
[    8.026253] calling  nonstatic_sysfs_init+0x0/0xc @ 1
[    8.034859] ata3.00: ATAPI: QEMU DVD-ROM, 2.5+, max UDMA/100
[    8.043566] initcall nonstatic_sysfs_init+0x0/0xc returned 0 after 9356 usecs
[    8.053772] ata3.00: applying bridge limits
[    8.061952] ata3.00: configured for UDMA/100
[    8.068170] calling  yenta_cardbus_driver_init+0x0/0x15 @ 1
[    8.080134] initcall yenta_cardbus_driver_init+0x0/0x15 returned 0 after 3730 usecs
[    8.093372] calling  mon_init+0x0/0x123 @ 1
[    8.102790] initcall mon_init+0x0/0x123 returned 0 after 1975 usecs
[    8.123736] scsi 2:0:0:0: CD-ROM            QEMU     QEMU DVD-ROM     2.5+ PQ: 0 ANSI: 5
[    8.137618] calling  ehci_hcd_init+0x0/0x55 @ 1
[    8.145829] ehci_hcd: USB 2.0 'Enhanced' Host Controller (EHCI) Driver
[    8.165881] initcall ehci_hcd_init+0x0/0x55 returned 0 after 19951 usecs
[    8.176988] calling  ehci_pci_init+0x0/0x64 @ 1
[    8.184567] ehci-pci: EHCI PCI platform driver
[    8.192692] initcall ehci_pci_init+0x0/0x64 returned 0 after 7934 usecs
[    8.208196] sr 2:0:0:0: [sr0] scsi3-mmc drive: 4x/4x cd/rw xa/form2 tray
[    8.219971] calling  ohci_hcd_mod_init+0x0/0x4d @ 1
[    8.228799] ohci_hcd: USB 1.1 'Open' Host Controller (OHCI) Driver
[    8.239945] cdrom: Uniform CD-ROM driver Revision: 3.20
[    8.249817] initcall ohci_hcd_mod_init+0x0/0x4d returned 0 after 20597 usecs
[    8.262033] calling  ohci_pci_init+0x0/0x64 @ 1
[    8.268220] ohci-pci: OHCI PCI platform driver
[    8.278037] initcall ohci_pci_init+0x0/0x64 returned 0 after 9668 usecs
[    8.292741] calling  uhci_hcd_init+0x0/0xa6 @ 1
[    8.303859] sr 2:0:0:0: Attached scsi CD-ROM sr0
[    8.310523] uhci_hcd: USB Universal Host Controller Interface driver
[    8.321286] sr 2:0:0:0: Attached scsi generic sg0 type 5
[    8.329374] initcall uhci_hcd_init+0x0/0xa6 returned 0 after 29169 usecs
[    8.339347] calling  xhci_hcd_init+0x0/0x1e @ 1
[    8.345950] initcall xhci_hcd_init+0x0/0x1e returned 0 after 116 usecs
[    8.355709] calling  xhci_pci_init+0x0/0x49 @ 1
[    8.362776] initcall xhci_pci_init+0x0/0x49 returned 0 after 457 usecs
[    8.371909] calling  usblp_driver_init+0x0/0x15 @ 1
[    8.380122] usbcore: registered new interface driver usblp
[    8.388126] initcall usblp_driver_init+0x0/0x15 returned 0 after 8920 usecs
[    8.398079] calling  usb_storage_driver_init+0x0/0x2a @ 1
[    8.406477] usbcore: registered new interface driver usb-storage
[    8.415701] initcall usb_storage_driver_init+0x0/0x2a returned 0 after 9624 usecs
[    8.426689] calling  i8042_init+0x0/0x4c2 @ 1
[    8.434165] i8042: PNP: PS/2 Controller [PNP0303:KBD,PNP0f13:MOU] at 0x60,0x64 irq 1,12
[    8.456298] serio: i8042 KBD port at 0x60,0x64 irq 1
[    8.464351] serio: i8042 AUX port at 0x60,0x64 irq 12
[    8.471474] initcall i8042_init+0x0/0x4c2 returned 0 after 37334 usecs
[    8.480723] calling  serport_init+0x0/0x2c @ 1
[    8.486990] initcall serport_init+0x0/0x2c returned 0 after 9 usecs
[    8.496011] calling  input_leds_init+0x0/0xc @ 1
[    8.502945] initcall input_leds_init+0x0/0xc returned 0 after 5 usecs
[    8.512254] calling  evdev_init+0x0/0xc @ 1
[    8.520067] initcall evdev_init+0x0/0xc returned 0 after 966 usecs
[    8.529551] calling  atkbd_init+0x0/0x21 @ 1
[    8.540268] input: AT Translated Set 2 keyboard as /devices/platform/i8042/serio0/input/input1
[    8.553181] initcall atkbd_init+0x0/0x21 returned 0 after 16550 usecs
[    8.562685] calling  psmouse_init+0x0/0x7f @ 1
[    8.572110] initcall psmouse_init+0x0/0x7f returned 0 after 2932 usecs
[    8.628685] calling  cmos_init+0x0/0x73 @ 1
[    8.665394] rtc_cmos 00:04: RTC can wake from S4
[    8.740048] rtc_cmos 00:04: registered as rtc0
[    8.748737] rtc_cmos 00:04: alarms up to one day, y3k, 242 bytes nvram, hpet irqs
[    8.760086] initcall cmos_init+0x0/0x73 returned 0 after 116107 usecs
[    8.768903] calling  smbalert_driver_init+0x0/0xe @ 1
[    8.776491] initcall smbalert_driver_init+0x0/0xe returned 0 after 296 usecs
[    8.786404] calling  i2c_i801_init+0x0/0xc5 @ 1
[    8.817807] i801_smbus 0000:00:1f.3: SMBus using PCI interrupt
[    8.829250] i2c i2c-0: 1/1 memory slots populated (from DMI)
[    8.836993] i2c i2c-0: Memory type 0x07 not supported yet, not instantiating SPD
[    8.850351] initcall i2c_i801_init+0x0/0xc5 returned 0 after 56067 usecs
[    8.860035] calling  ptp_kvm_init+0x0/0xf0 @ 1
[    8.867263] initcall ptp_kvm_init+0x0/0xf0 returned 0 after 822 usecs
[    8.876703] calling  dm_init+0x0/0x3c @ 1
[    8.888674] device-mapper: ioctl: 4.43.0-ioctl (2020-10-01) initialised: dm-devel@redhat.com
[    8.900387] initcall dm_init+0x0/0x3c returned 0 after 17267 usecs
[    8.913087] calling  dm_mirror_init+0x0/0x29 @ 1
[    8.927352] initcall dm_mirror_init+0x0/0x29 returned 0 after 7639 usecs
[    8.937406] calling  dm_dirty_log_init+0x0/0x4f @ 1
[    8.944366] initcall dm_dirty_log_init+0x0/0x4f returned 0 after 313 usecs
[    8.953925] calling  dm_zero_init+0x0/0x29 @ 1
[    8.960503] initcall dm_zero_init+0x0/0x29 returned 0 after 113 usecs
[    8.969642] calling  intel_pstate_init+0x0/0x4a2 @ 1
[    8.976889] intel_pstate: CPU model not supported
[    8.983394] initcall intel_pstate_init+0x0/0x4a2 returned -19 after 6831 usecs
[    8.993134] calling  haltpoll_init+0x0/0xc0 @ 1
[    8.999799] initcall haltpoll_init+0x0/0xc0 returned -19 after 555 usecs
[    9.009656] calling  efivars_sysfs_init+0x0/0x30 @ 1
[    9.017449] initcall efivars_sysfs_init+0x0/0x30 returned 0 after 221 usecs
[    9.027146] calling  esrt_sysfs_init+0x0/0x2a2 @ 1
[    9.034166] initcall esrt_sysfs_init+0x0/0x2a2 returned -38 after 27 usecs
[    9.043590] calling  hid_init+0x0/0x5c @ 1
[    9.050271] hid: raw HID events driver (C) Jiri Kosina
[    9.058774] initcall hid_init+0x0/0x5c returned 0 after 8854 usecs
[    9.067326] calling  hid_generic_init+0x0/0x15 @ 1
[    9.075255] initcall hid_generic_init+0x0/0x15 returned 0 after 700 usecs
[    9.086051] calling  a4_driver_init+0x0/0x15 @ 1
[    9.093034] initcall a4_driver_init+0x0/0x15 returned 0 after 279 usecs
[    9.104023] calling  apple_driver_init+0x0/0x15 @ 1
[    9.111372] initcall apple_driver_init+0x0/0x15 returned 0 after 404 usecs
[    9.121014] calling  belkin_driver_init+0x0/0x15 @ 1
[    9.128994] initcall belkin_driver_init+0x0/0x15 returned 0 after 133 usecs
[    9.138926] calling  ch_driver_init+0x0/0x15 @ 1
[    9.149216] initcall ch_driver_init+0x0/0x15 returned 0 after 3464 usecs
[    9.163022] calling  ch_driver_init+0x0/0x15 @ 1
[    9.170318] initcall ch_driver_init+0x0/0x15 returned 0 after 90 usecs
[    9.179963] calling  cp_driver_init+0x0/0x15 @ 1
[    9.187098] initcall cp_driver_init+0x0/0x15 returned 0 after 37 usecs
[    9.196700] calling  ez_driver_init+0x0/0x15 @ 1
[    9.203574] initcall ez_driver_init+0x0/0x15 returned 0 after 28 usecs
[    9.212955] calling  gyration_driver_init+0x0/0x15 @ 1
[    9.220495] initcall gyration_driver_init+0x0/0x15 returned 0 after 42 usecs
[    9.231060] calling  ite_driver_init+0x0/0x15 @ 1
[    9.238190] initcall ite_driver_init+0x0/0x15 returned 0 after 29 usecs
[    9.248287] calling  ks_driver_init+0x0/0x15 @ 1
[    9.258672] initcall ks_driver_init+0x0/0x15 returned 0 after 3070 usecs
[    9.286566] calling  lg_driver_init+0x0/0x15 @ 1
[    9.301016] initcall lg_driver_init+0x0/0x15 returned 0 after 7283 usecs
[    9.321747] calling  lg_g15_driver_init+0x0/0x15 @ 1
[    9.337815] initcall lg_g15_driver_init+0x0/0x15 returned 0 after 8014 usecs
[    9.359930] calling  ms_driver_init+0x0/0x15 @ 1
[    9.385607] initcall ms_driver_init+0x0/0x15 returned 0 after 17989 usecs
[    9.405389] input: ImExPS/2 Generic Explorer Mouse as /devices/platform/i8042/serio1/input/input3
[    9.426540] calling  mr_driver_init+0x0/0x15 @ 1
[    9.447620] initcall mr_driver_init+0x0/0x15 returned 0 after 12464 usecs
[    9.470580] calling  ntrig_driver_init+0x0/0x15 @ 1
[    9.485767] initcall ntrig_driver_init+0x0/0x15 returned 0 after 7536 usecs
[    9.509530] calling  pl_driver_init+0x0/0x15 @ 1
[    9.523566] initcall pl_driver_init+0x0/0x15 returned 0 after 6554 usecs
[    9.545674] calling  pl_driver_init+0x0/0x15 @ 1
[    9.560766] initcall pl_driver_init+0x0/0x15 returned 0 after 7532 usecs
[    9.583578] calling  redragon_driver_init+0x0/0x15 @ 1
[    9.599770] initcall redragon_driver_init+0x0/0x15 returned 0 after 7750 usecs
[    9.621557] calling  samsung_driver_init+0x0/0x15 @ 1
[    9.637634] initcall samsung_driver_init+0x0/0x15 returned 0 after 8103 usecs
[    9.659689] calling  sony_init+0x0/0x38 @ 1
[    9.671572] initcall sony_init+0x0/0x38 returned 0 after 5758 usecs
[    9.690521] calling  sp_driver_init+0x0/0x15 @ 1
[    9.704674] initcall sp_driver_init+0x0/0x15 returned 0 after 6701 usecs
[    9.730515] calling  ts_driver_init+0x0/0x15 @ 1
[    9.744616] initcall ts_driver_init+0x0/0x15 returned 0 after 6730 usecs
[    9.766526] calling  hid_init+0x0/0x58 @ 1
[    9.780209] usbcore: registered new interface driver usbhid
[    9.798561] usbhid: USB HID core driver
[    9.810524] initcall hid_init+0x0/0x58 returned 0 after 36775 usecs
[    9.831609] calling  eeepc_laptop_init+0x0/0x57 @ 1
[    9.847381] initcall eeepc_laptop_init+0x0/0x57 returned -19 after 7979 usecs
[    9.875572] calling  pmc_atom_init+0x0/0x27a @ 1
[    9.889526] initcall pmc_atom_init+0x0/0x27a returned -19 after 6468 usecs
[    9.910506] calling  alsa_hwdep_init+0x0/0x5e @ 1
[    9.924901] initcall alsa_hwdep_init+0x0/0x5e returned 0 after 7131 usecs
[    9.947559] calling  alsa_timer_init+0x0/0x1f0 @ 1
[    9.966971] initcall alsa_timer_init+0x0/0x1f0 returned 0 after 11694 usecs
[    9.989510] calling  snd_hrtimer_init+0x0/0x117 @ 1
[   10.008530] initcall snd_hrtimer_init+0x0/0x117 returned 0 after 10485 usecs
[   10.032488] calling  alsa_pcm_init+0x0/0x64 @ 1
[   10.047622] initcall alsa_pcm_init+0x0/0x64 returned 0 after 7453 usecs
[   10.069498] calling  alsa_seq_init+0x0/0x4a @ 1
[   10.086956] initcall alsa_seq_init+0x0/0x4a returned 0 after 9382 usecs
[   10.113805] calling  alsa_seq_dummy_init+0x0/0x9c @ 1
[   10.125533] initcall alsa_seq_dummy_init+0x0/0x9c returned 0 after 4672 usecs
[   10.147524] calling  azx_driver_init+0x0/0x15 @ 1
[   10.164840] initcall azx_driver_init+0x0/0x15 returned 0 after 9376 usecs
[   10.187539] calling  sock_diag_init+0x0/0x2a @ 1
[   10.202094] initcall sock_diag_init+0x0/0x2a returned 0 after 7447 usecs
[   10.227750] calling  blackhole_init+0x0/0xc @ 1
[   10.240556] initcall blackhole_init+0x0/0xc returned 0 after 4862 usecs
[   10.264676] calling  nfnetlink_init+0x0/0x57 @ 1
[   10.275202] initcall nfnetlink_init+0x0/0x57 returned 0 after 4173 usecs
[   10.287263] rcu_torture_rea (92) used greatest stack depth: 15464 bytes left
[   10.299202] calling  nfnetlink_log_init+0x0/0x99 @ 1
[   10.312152] initcall nfnetlink_log_init+0x0/0x99 returned 0 after 2135 usecs
[   10.327070] rcu-torture: rcu_torture_read_exit: End of episode
[   10.338925] calling  nf_conntrack_standalone_init+0x0/0x87 @ 1
[   10.352268] initcall nf_conntrack_standalone_init+0x0/0x87 returned 0 after 2192 usecs
[   10.364033] calling  ctnetlink_init+0x0/0x83 @ 1
[   10.371564] initcall ctnetlink_init+0x0/0x83 returned 0 after 844 usecs
[   10.381962] calling  nf_conntrack_ftp_init+0x0/0x12c @ 1
[   10.389456] initcall nf_conntrack_ftp_init+0x0/0x12c returned 0 after 12 usecs
[   10.400122] calling  nf_conntrack_irc_init+0x0/0x129 @ 1
[   10.412306] initcall nf_conntrack_irc_init+0x0/0x129 returned 0 after 308 usecs
[   10.423638] calling  nf_conntrack_sip_init+0x0/0x172 @ 1
[   10.435547] initcall nf_conntrack_sip_init+0x0/0x172 returned 0 after 1930 usecs
[   10.447006] calling  nf_nat_init+0x0/0xbb @ 1
[   10.453965] initcall nf_nat_init+0x0/0xbb returned 0 after 253 usecs
[   10.477585] calling  nf_nat_ftp_init+0x0/0x2a @ 1
[   10.484816] initcall nf_nat_ftp_init+0x0/0x2a returned 0 after 11 usecs
[   10.499984] calling  nf_nat_irc_init+0x0/0x2a @ 1
[   10.508689] initcall nf_nat_irc_init+0x0/0x2a returned 0 after 1372 usecs
[   10.520703] calling  nf_nat_sip_init+0x0/0x36 @ 1
[   10.527801] initcall nf_nat_sip_init+0x0/0x36 returned 0 after 8 usecs
[   10.539976] calling  xt_init+0x0/0xcf @ 1
[   10.546267] initcall xt_init+0x0/0xcf returned 0 after 213 usecs
[   10.555593] calling  tcpudp_mt_init+0x0/0x11 @ 1
[   10.562904] initcall tcpudp_mt_init+0x0/0x11 returned 0 after 33 usecs
[   10.572834] calling  connsecmark_tg_init+0x0/0xc @ 1
[   10.580347] initcall connsecmark_tg_init+0x0/0xc returned 0 after 3 usecs
[   10.590431] calling  nflog_tg_init+0x0/0xc @ 1
[   10.597142] initcall nflog_tg_init+0x0/0xc returned 0 after 3 usecs
[   10.607066] calling  secmark_tg_init+0x0/0x11 @ 1
[   10.614035] initcall secmark_tg_init+0x0/0x11 returned 0 after 7 usecs
[   10.623294] calling  tcpmss_tg_init+0x0/0x11 @ 1
[   10.639438] initcall tcpmss_tg_init+0x0/0x11 returned 0 after 9058 usecs
[   10.649940] calling  conntrack_mt_init+0x0/0x11 @ 1
[   10.657767] initcall conntrack_mt_init+0x0/0x11 returned 0 after 776 usecs
[   10.668223] calling  policy_mt_init+0x0/0x11 @ 1
[   10.675572] initcall policy_mt_init+0x0/0x11 returned 0 after 774 usecs
[   10.686362] calling  state_mt_init+0x0/0xc @ 1
[   10.693268] initcall state_mt_init+0x0/0xc returned 0 after 50 usecs
[   10.712427] calling  gre_offload_init+0x0/0x48 @ 1
[   10.721671] initcall gre_offload_init+0x0/0x48 returned 0 after 1279 usecs
[   10.736826] calling  sysctl_ipv4_init+0x0/0x46 @ 1
[   10.750247] initcall sysctl_ipv4_init+0x0/0x46 returned 0 after 3497 usecs
[   10.760980] calling  tunnel4_init+0x0/0x58 @ 1
[   10.767860] initcall tunnel4_init+0x0/0x58 returned 0 after 249 usecs
[   10.778793] calling  nf_defrag_init+0x0/0xc @ 1
[   10.786869] initcall nf_defrag_init+0x0/0xc returned 0 after 1343 usecs
[   10.797188] calling  ip_tables_init+0x0/0x8d @ 1
[   10.806225] initcall ip_tables_init+0x0/0x8d returned 0 after 2332 usecs
[   10.816196] calling  iptable_filter_init+0x0/0x4c @ 1
[   10.826302] initcall iptable_filter_init+0x0/0x4c returned 0 after 2280 usecs
[   10.837560] calling  iptable_mangle_init+0x0/0xb8 @ 1
[   10.846916] initcall iptable_mangle_init+0x0/0xb8 returned 0 after 1469 usecs
[   10.859439] calling  reject_tg_init+0x0/0xc @ 1
[   10.866352] initcall reject_tg_init+0x0/0xc returned 0 after 4 usecs
[   10.875825] calling  cubictcp_register+0x0/0x53 @ 1
[   10.883289] initcall cubictcp_register+0x0/0x53 returned 0 after 40 usecs
[   10.893395] calling  xfrm_user_init+0x0/0x45 @ 1
[   10.900253] Initializing XFRM netlink socket
[   10.907751] initcall xfrm_user_init+0x0/0x45 returned 0 after 7321 usecs
[   10.917943] calling  inet6_init+0x0/0x35e @ 1
[   10.926485] NET: Registered protocol family 10
[   10.950709] Segment Routing with IPv6
[   10.956627] initcall inet6_init+0x0/0x35e returned 0 after 31780 usecs
[   10.972485] calling  ah6_init+0x0/0x71 @ 1
[   10.981883] initcall ah6_init+0x0/0x71 returned 0 after 1821 usecs
[   10.992818] calling  esp6_init+0x0/0x71 @ 1
[   11.000724] initcall esp6_init+0x0/0x71 returned 0 after 1216 usecs
[   11.012465] calling  ip6_tables_init+0x0/0x8d @ 1
[   11.020505] initcall ip6_tables_init+0x0/0x8d returned 0 after 850 usecs
[   11.031115] calling  ip6table_filter_init+0x0/0x4c @ 1
[   11.039616] initcall ip6table_filter_init+0x0/0x4c returned 0 after 537 usecs
[   11.050335] calling  ip6table_mangle_init+0x0/0xb8 @ 1
[   11.058179] initcall ip6table_mangle_init+0x0/0xb8 returned 0 after 83 usecs
[   11.068766] calling  nf_defrag_init+0x0/0x45 @ 1
[   11.076001] initcall nf_defrag_init+0x0/0x45 returned 0 after 208 usecs
[   11.085940] calling  ipv6header_mt6_init+0x0/0xc @ 1
[   11.096341] initcall ipv6header_mt6_init+0x0/0xc returned 0 after 2987 usecs
[   11.107121] calling  reject_tg6_init+0x0/0xc @ 1
[   11.114473] initcall reject_tg6_init+0x0/0xc returned 0 after 188 usecs
[   11.125063] calling  sit_init+0x0/0xc3 @ 1
[   11.131679] sit: IPv6, IPv4 and MPLS over IPv4 tunneling driver
[   11.144282] initcall sit_init+0x0/0xc3 returned 0 after 12310 usecs
[   11.153235] calling  packet_init+0x0/0x75 @ 1
[   11.159276] NET: Registered protocol family 17
[   11.168503] initcall packet_init+0x0/0x75 returned 0 after 9244 usecs
[   11.177580] calling  init_rpcsec_gss+0x0/0x60 @ 1
[   11.185954] initcall init_rpcsec_gss+0x0/0x60 returned 0 after 1608 usecs
