c[?7l[2J[0mSeaBIOS (version 1.16.0-debian-1.16.0-4)
Booting from ROM...
early console in setup code
c[?7l[2J[    0.000000] Linux version 5.10.154+ (root@joelboxx.c.googlers.com) (gcc (Debian 12.2.0-3) 12.2.0, GNU ld (GNU Binutils for Debian) 2.39) #5 SMP PREEMPT Tue Dec 13 06:19:18 UTC 2022
[    0.000000] Command line: selinux=0 initcall_debug debug console=ttyS0 rcutorture.onoff_interval=1000 rcutorture.onoff_holdoff=30 rcutorture.n_barrier_cbs=4 rcutorture.stat_interval=15 rcutorture.shutdown_secs=1800 rcutorture.test_no_idle_hz=1 rcutorture.verbose=1
[    0.000000] x86/fpu: x87 FPU will use FXSAVE
[    0.000000] BIOS-provided physical RAM map:
[    0.000000] BIOS-e820: [mem 0x0000000000000000-0x000000000009fbff] usable
[    0.000000] BIOS-e820: [mem 0x000000000009fc00-0x000000000009ffff] reserved
[    0.000000] BIOS-e820: [mem 0x00000000000f0000-0x00000000000fffff] reserved
[    0.000000] BIOS-e820: [mem 0x0000000000100000-0x000000001ffdefff] usable
[    0.000000] BIOS-e820: [mem 0x000000001ffdf000-0x000000001fffffff] reserved
[    0.000000] BIOS-e820: [mem 0x00000000b0000000-0x00000000bfffffff] reserved
[    0.000000] BIOS-e820: [mem 0x00000000fed1c000-0x00000000fed1ffff] reserved
[    0.000000] BIOS-e820: [mem 0x00000000feffc000-0x00000000feffffff] reserved
[    0.000000] BIOS-e820: [mem 0x00000000fffc0000-0x00000000ffffffff] reserved
[    0.000000] NX (Execute Disable) protection: active
[    0.000000] SMBIOS 2.8 present.
[    0.000000] DMI: QEMU Standard PC (Q35 + ICH9, 2009), BIOS 1.16.0-debian-1.16.0-4 04/01/2014
[    0.000000] Hypervisor detected: KVM
[    0.000000] kvm-clock: Using msrs 4b564d01 and 4b564d00
[    0.000000] kvm-clock: cpu 0, msr 5b23001, primary cpu clock
[    0.000078] kvm-clock: using sched offset of 1742277499 cycles
[    0.000431] clocksource: kvm-clock: mask: 0xffffffffffffffff max_cycles: 0x1cd42e4dffb, max_idle_ns: 881590591483 ns
[    0.000900] tsc: Detected 1999.999 MHz processor
[    0.010142] e820: update [mem 0x00000000-0x00000fff] usable ==> reserved
[    0.010150] e820: remove [mem 0x000a0000-0x000fffff] usable
[    0.010158] last_pfn = 0x1ffdf max_arch_pfn = 0x400000000
[    0.011068] MTRR default type: write-back
[    0.011126] MTRR fixed ranges enabled:
[    0.011128]   00000-9FFFF write-back
[    0.011131]   A0000-BFFFF uncachable
[    0.011133]   C0000-FFFFF write-protect
[    0.011135] MTRR variable ranges enabled:
[    0.011137]   0 base 00C0000000 mask FFC0000000 uncachable
[    0.011139]   1 disabled
[    0.011141]   2 disabled
[    0.011142]   3 disabled
[    0.011144]   4 disabled
[    0.011146]   5 disabled
[    0.011147]   6 disabled
[    0.011149]   7 disabled
[    0.011603] x86/PAT: Configuration [0-7]: WB  WC  UC- UC  WB  WC  UC- UC  
[    0.020845] found SMP MP-table at [mem 0x000f5ba0-0x000f5baf]
[    0.023958] check: Scanning 1 areas for low memory corruption
[    0.040095] ACPI: Early table checksum verification disabled
[    0.043001] ACPI: RSDP 0x00000000000F59E0 000014 (v00 BOCHS )
[    0.043621] ACPI: RSDT 0x000000001FFE252A 000038 (v01 BOCHS  BXPC     00000001 BXPC 00000001)
[    0.044000] ACPI: FACP 0x000000001FFE22EA 0000F4 (v03 BOCHS  BXPC     00000001 BXPC 00000001)
[    0.044185] ACPI: DSDT 0x000000001FFE0040 0022AA (v01 BOCHS  BXPC     00000001 BXPC 00000001)
[    0.044253] ACPI: FACS 0x000000001FFE0000 000040
[    0.044259] ACPI: APIC 0x000000001FFE23DE 0000B0 (v01 BOCHS  BXPC     00000001 BXPC 00000001)
[    0.044265] ACPI: HPET 0x000000001FFE248E 000038 (v01 BOCHS  BXPC     00000001 BXPC 00000001)
[    0.044271] ACPI: MCFG 0x000000001FFE24C6 00003C (v01 BOCHS  BXPC     00000001 BXPC 00000001)
[    0.044277] ACPI: WAET 0x000000001FFE2502 000028 (v01 BOCHS  BXPC     00000001 BXPC 00000001)
[    0.044358] ACPI: Reserving FACP table memory at [mem 0x1ffe22ea-0x1ffe23dd]
[    0.044361] ACPI: Reserving DSDT table memory at [mem 0x1ffe0040-0x1ffe22e9]
[    0.044363] ACPI: Reserving FACS table memory at [mem 0x1ffe0000-0x1ffe003f]
[    0.044366] ACPI: Reserving APIC table memory at [mem 0x1ffe23de-0x1ffe248d]
[    0.044368] ACPI: Reserving HPET table memory at [mem 0x1ffe248e-0x1ffe24c5]
[    0.044370] ACPI: Reserving MCFG table memory at [mem 0x1ffe24c6-0x1ffe2501]
[    0.044372] ACPI: Reserving WAET table memory at [mem 0x1ffe2502-0x1ffe2529]
[    0.045496] ACPI: Local APIC address 0xfee00000
[    0.050520] No NUMA configuration found
[    0.050524] Faking a node at [mem 0x0000000000000000-0x000000001ffdefff]
[    0.050814] NODE_DATA(0) allocated [mem 0x1ffdb000-0x1ffdefff]
[    0.053370] Zone ranges:
[    0.053546]   DMA      [mem 0x0000000000001000-0x0000000000ffffff]
[    0.053632]   DMA32    [mem 0x0000000001000000-0x000000001ffdefff]
[    0.053635]   Normal   empty
[    0.053638] Movable zone start for each node
[    0.053640] Early memory node ranges
[    0.053642]   node   0: [mem 0x0000000000001000-0x000000000009efff]
[    0.053714]   node   0: [mem 0x0000000000100000-0x000000001ffdefff]
[    0.053771] Initmem setup node 0 [mem 0x0000000000001000-0x000000001ffdefff]
[    0.053837] On node 0 totalpages: 130941
[    0.053984]   DMA zone: 64 pages used for memmap
[    0.053986]   DMA zone: 21 pages reserved
[    0.054057]   DMA zone: 3998 pages, LIFO batch:0
[    0.054059]   DMA32 zone: 1984 pages used for memmap
[    0.054061]   DMA32 zone: 126943 pages, LIFO batch:31
[    0.055257] On node 0, zone DMA: 1 pages in unavailable ranges
[    0.059966] On node 0, zone DMA: 97 pages in unavailable ranges
[    0.241377] On node 0, zone DMA32: 33 pages in unavailable ranges
[    0.244974] ACPI: PM-Timer IO Port: 0x608
[    0.244981] ACPI: Local APIC address 0xfee00000
[    0.245397] ACPI: LAPIC_NMI (acpi_id[0xff] dfl dfl lint[0x1])
[    0.247213] IOAPIC[0]: apic_id 0, version 17, address 0xfec00000, GSI 0-23
[    0.247294] ACPI: INT_SRC_OVR (bus 0 bus_irq 0 global_irq 2 dfl dfl)
[    0.247351] ACPI: INT_SRC_OVR (bus 0 bus_irq 5 global_irq 5 high level)
[    0.247354] ACPI: INT_SRC_OVR (bus 0 bus_irq 9 global_irq 9 high level)
[    0.247566] ACPI: INT_SRC_OVR (bus 0 bus_irq 10 global_irq 10 high level)
[    0.247569] ACPI: INT_SRC_OVR (bus 0 bus_irq 11 global_irq 11 high level)
[    0.247573] ACPI: IRQ0 used by override.
[    0.247575] ACPI: IRQ5 used by override.
[    0.247578] ACPI: IRQ9 used by override.
[    0.247579] ACPI: IRQ10 used by override.
[    0.247664] ACPI: IRQ11 used by override.
[    0.247668] Using ACPI (MADT) for SMP configuration information
[    0.247745] ACPI: HPET id: 0x8086a201 base: 0xfed00000
[    0.248440] smpboot: Allowing 8 CPUs, 0 hotplug CPUs
[    0.251202] PM: hibernation: Registered nosave memory: [mem 0x00000000-0x00000fff]
[    0.251282] PM: hibernation: Registered nosave memory: [mem 0x0009f000-0x0009ffff]
[    0.251284] PM: hibernation: Registered nosave memory: [mem 0x000a0000-0x000effff]
[    0.251286] PM: hibernation: Registered nosave memory: [mem 0x000f0000-0x000fffff]
[    0.251292] [mem 0x20000000-0xafffffff] available for PCI devices
[    0.251472] Booting paravirtualized kernel on KVM
[    0.252459] clocksource: refined-jiffies: mask: 0xffffffff max_cycles: 0xffffffff, max_idle_ns: 1910969940391419 ns
[    0.281673] setup_percpu: NR_CPUS:8 nr_cpumask_bits:8 nr_cpu_ids:8 nr_node_ids:1
[    0.289369] percpu: Embedded 58 pages/cpu s197776 r8192 d31600 u262144
[    0.289479] pcpu-alloc: s197776 r8192 d31600 u262144 alloc=1*2097152
[    0.289557] pcpu-alloc: [0] 0 1 2 3 4 5 6 7 
[    0.290081] kvm-guest: stealtime: cpu 0, msr 1f41bac0
[    0.290549] Built 1 zonelists, mobility grouping on.  Total pages: 128872
[    0.290552] Policy zone: DMA32
[    0.290761] Kernel command line: selinux=0 initcall_debug debug console=ttyS0 rcutorture.onoff_interval=1000 rcutorture.onoff_holdoff=30 rcutorture.n_barrier_cbs=4 rcutorture.stat_interval=15 rcutorture.shutdown_secs=1800 rcutorture.test_no_idle_hz=1 rcutorture.verbose=1
[    0.311889] Dentry cache hash table entries: 65536 (order: 7, 524288 bytes, linear)
[    0.326248] Inode-cache hash table entries: 32768 (order: 6, 262144 bytes, linear)
[    0.331990] mem auto-init: stack:all(zero), heap alloc:off, heap free:off
[    0.488012] Memory: 471528K/523764K available (16397K kernel code, 2794K rwdata, 4784K rodata, 1556K init, 7148K bss, 51976K reserved, 0K cma-reserved)
[    0.490372] SLUB: HWalign=64, Order=0-3, MinObjects=0, CPUs=8, Nodes=1
[    0.518487] Kernel/User page tables isolation: enabled
[    0.535036] rcu: Preemptible hierarchical RCU implementation.
[    0.535040] rcu: 	CONFIG_RCU_FANOUT set to non-default value of 3.
[    0.535042] rcu: 	Build-time adjustment of leaf fanout to 3.
[    0.535115] rcu: 	RCU callback double-/use-after-free debug enabled.
[    0.535271] 	Trampoline variant of Tasks RCU enabled.
[    0.535274] 	Rude variant of Tasks RCU enabled.
[    0.535275] 	Tracing variant of Tasks RCU enabled.
[    0.535520] rcu: RCU calculated value of scheduler-enlistment delay is 100 jiffies.
[    0.558842] NR_IRQS: 4352, nr_irqs: 488, preallocated irqs: 16
[    0.570067] calling  con_init+0x0/0x24f @ 0
[    0.778190] Console: colour VGA+ 80x25
[    0.778204] initcall con_init+0x0/0x24f returned 0 after 0 usecs
[    0.778209] calling  hvc_console_init+0x0/0x13 @ 0
[    0.778328] initcall hvc_console_init+0x0/0x13 returned 0 after 0 usecs
[    0.778332] calling  univ8250_console_init+0x0/0x26 @ 0
[    1.683284] printk: console [ttyS0] enabled
[    1.689051] initcall univ8250_console_init+0x0/0x26 returned 0 after 0 usecs
[    1.698744] Lock dependency validator: Copyright (c) 2006 Red Hat, Inc., Ingo Molnar
[    1.709805] ... MAX_LOCKDEP_SUBCLASSES:  8
[    1.716082] ... MAX_LOCK_DEPTH:          48
[    1.721844] ... MAX_LOCKDEP_KEYS:        8192
[    1.727785] ... CLASSHASH_SIZE:          4096
[    1.733782] ... MAX_LOCKDEP_ENTRIES:     32768
[    1.739852] ... MAX_LOCKDEP_CHAINS:      65536
[    1.744982] ... CHAINHASH_SIZE:          32768
[    1.749874]  memory used by lock dependency info: 3637 kB
[    1.755860]  per task-struct memory footprint: 1920 bytes
[    1.763222] ACPI: Core revision 20200925
[    1.771181] clocksource: hpet: mask: 0xffffffff max_cycles: 0xffffffff, max_idle_ns: 19112604467 ns
[    1.782345] APIC: Switch to symmetric I/O mode setup
[    1.817234] ..TIMER: vector=0x30 apic1=0 pin1=2 apic2=-1 pin2=-1
[    1.824441] clocksource: tsc-early: mask: 0xffffffffffffffff max_cycles: 0x39a85afc727, max_idle_ns: 881590685098 ns
[    1.836804] Calibrating delay loop (skipped) preset value.. 3999.99 BogoMIPS (lpj=1999999)
[    1.837780] pid_max: default: 32768 minimum: 301
[    1.839860] LSM: Security Framework initializing
[    1.841018] Mount-cache hash table entries: 1024 (order: 1, 8192 bytes, linear)
[    1.842799] Mountpoint-cache hash table entries: 1024 (order: 1, 8192 bytes, linear)
[    1.852000] Last level iTLB entries: 4KB 0, 2MB 0, 4MB 0
[    1.852777] Last level dTLB entries: 4KB 0, 2MB 0, 4MB 0, 1GB 0
[    1.853951] Spectre V1 : Mitigation: usercopy/swapgs barriers and __user pointer sanitization
[    1.854802] Spectre V2 : Mitigation: Retpolines
[    1.855776] Spectre V2 : Spectre v2 / SpectreRSB mitigation: Filling RSB on context switch
[    1.856777] Spectre V2 : Spectre v2 / SpectreRSB : Filling RSB on VMEXIT
[    1.857777] Speculative Store Bypass: Vulnerable
[    1.858797] MDS: Vulnerable: Clear CPU buffers attempted, no microcode
[    1.859776] MMIO Stale Data: Unknown: No mitigations
[    1.901441] Freeing SMP alternatives memory: 40K
[    2.005610] smpboot: CPU0: Intel Common KVM processor (family: 0xf, model: 0x6, stepping: 0x1)
[    2.007469] calling  init_hw_perf_events+0x0/0x6ce @ 1
[    2.007778] Performance Events: unsupported Netburst CPU model 6 no PMU driver, software events only.
[    2.008782] initcall init_hw_perf_events+0x0/0x6ce returned 0 after 976 usecs
[    2.009779] calling  init_real_mode+0x0/0x1e9 @ 1
[    2.012085] initcall init_real_mode+0x0/0x1e9 returned 0 after 976 usecs
[    2.012795] calling  trace_init_perf_perm_irq_work_exit+0x0/0x12 @ 1
[    2.013779] initcall trace_init_perf_perm_irq_work_exit+0x0/0x12 returned 0 after 0 usecs
[    2.014795] calling  validate_x2apic+0x0/0x4a @ 1
[    2.015804] initcall validate_x2apic+0x0/0x4a returned 0 after 0 usecs
[    2.016778] calling  register_nmi_cpu_backtrace_handler+0x0/0x15 @ 1
[    2.017786] initcall register_nmi_cpu_backtrace_handler+0x0/0x15 returned 0 after 0 usecs
[    2.018778] calling  kvm_setup_vsyscall_timeinfo+0x0/0xce @ 1
[    2.019778] initcall kvm_setup_vsyscall_timeinfo+0x0/0xce returned 0 after 0 usecs
[    2.020819] calling  spawn_ksoftirqd+0x0/0x38 @ 1
[    2.022950] initcall spawn_ksoftirqd+0x0/0x38 returned 0 after 0 usecs
[    2.023778] calling  migration_init+0x0/0x31 @ 1
[    2.024778] initcall migration_init+0x0/0x31 returned 0 after 0 usecs
[    2.025778] calling  srcu_bootup_announce+0x0/0x2f @ 1
[    2.026783] rcu: Hierarchical SRCU implementation.
[    2.027777] initcall srcu_bootup_announce+0x0/0x2f returned 0 after 976 usecs
[    2.028778] calling  rcu_spawn_gp_kthread+0x0/0x1b0 @ 1
[    2.030906] initcall rcu_spawn_gp_kthread+0x0/0x1b0 returned 0 after 976 usecs
[    2.031778] calling  check_cpu_stall_init+0x0/0x1a @ 1
[    2.032778] initcall check_cpu_stall_init+0x0/0x1a returned 0 after 0 usecs
[    2.033787] calling  rcu_sysrq_init+0x0/0x21 @ 1
[    2.034835] initcall rcu_sysrq_init+0x0/0x21 returned 0 after 0 usecs
[    2.035841] calling  trace_init_flags_sys_enter+0x0/0xe @ 1
[    2.036802] initcall trace_init_flags_sys_enter+0x0/0xe returned 0 after 0 usecs
[    2.037784] calling  trace_init_flags_sys_exit+0x0/0xe @ 1
[    2.038785] initcall trace_init_flags_sys_exit+0x0/0xe returned 0 after 0 usecs
[    2.039781] calling  cpu_stop_init+0x0/0x8d @ 1
[    2.040922] initcall cpu_stop_init+0x0/0x8d returned 0 after 0 usecs
[    2.041782] calling  init_kprobes+0x0/0x16e @ 1
[    2.043477] initcall init_kprobes+0x0/0x16e returned 0 after 0 usecs
[    2.043781] calling  init_events+0x0/0x3d @ 1
[    2.044793] initcall init_events+0x0/0x3d returned 0 after 0 usecs
[    2.045780] calling  init_trace_printk+0x0/0xc @ 1
[    2.046780] initcall init_trace_printk+0x0/0xc returned 0 after 0 usecs
[    2.047779] calling  event_trace_enable_again+0x0/0x23 @ 1
[    2.048779] initcall event_trace_enable_again+0x0/0x23 returned 0 after 0 usecs
[    2.049778] calling  static_call_init+0x0/0x79 @ 1
[    2.050783] initcall static_call_init+0x0/0x79 returned 0 after 0 usecs
[    2.051780] calling  jump_label_init_module+0x0/0xc @ 1
[    2.052780] initcall jump_label_init_module+0x0/0xc returned 0 after 0 usecs
[    2.053779] calling  init_zero_pfn+0x0/0x37 @ 1
[    2.054779] initcall init_zero_pfn+0x0/0x37 returned 0 after 0 usecs
[    2.055796] calling  initialize_ptr_random+0x0/0x54 @ 1
[    2.056788] initcall initialize_ptr_random+0x0/0x54 returned 0 after 0 usecs
[    2.057793] calling  efi_memreserve_root_init+0x0/0x25 @ 1
[    2.058814] initcall efi_memreserve_root_init+0x0/0x25 returned 0 after 0 usecs
[    2.059780] calling  efi_earlycon_remap_fb+0x0/0x51 @ 1
[    2.060796] initcall efi_earlycon_remap_fb+0x0/0x51 returned 0 after 0 usecs
[    2.063943] smp: Bringing up secondary CPUs ...
[    2.066485] x86: Booting SMP configuration:
[    2.066804] .... node  #0, CPUs:      #1
[    1.267423] kvm-clock: cpu 1, msr 5b23041, secondary cpu clock
[    2.093970] kvm-guest: stealtime: cpu 1, msr 1f45bac0
[    2.111134]  #2
[    1.267423] kvm-clock: cpu 2, msr 5b23081, secondary cpu clock
[    2.132946] kvm-guest: stealtime: cpu 2, msr 1f49bac0
[    2.147420]  #3
[    1.267423] kvm-clock: cpu 3, msr 5b230c1, secondary cpu clock
[    2.171972] kvm-guest: stealtime: cpu 3, msr 1f4dbac0
[    2.186154]  #4
[    1.267423] kvm-clock: cpu 4, msr 5b23101, secondary cpu clock
[    2.208966] kvm-guest: stealtime: cpu 4, msr 1f51bac0
[    2.227428]  #5
[    1.267423] kvm-clock: cpu 5, msr 5b23141, secondary cpu clock
[    2.251950] kvm-guest: stealtime: cpu 5, msr 1f55bac0
[    2.268784]  #6
[    1.267423] kvm-clock: cpu 6, msr 5b23181, secondary cpu clock
[    2.290982] kvm-guest: stealtime: cpu 6, msr 1f59bac0
[    2.306169]  #7
[    1.267423] kvm-clock: cpu 7, msr 5b231c1, secondary cpu clock
[    2.328965] kvm-guest: stealtime: cpu 7, msr 1f5dbac0
[    2.344360] smp: Brought up 1 node, 8 CPUs
[    2.344791] smpboot: Max logical packages: 1
[    2.345777] smpboot: Total of 8 processors activated (31999.98 BogoMIPS)
[    2.353344] devtmpfs: initialized
[    2.356816] calling  ipc_ns_init+0x0/0x3d @ 1
[    2.357838] initcall ipc_ns_init+0x0/0x3d returned 0 after 0 usecs
[    2.358786] calling  init_mmap_min_addr+0x0/0x21 @ 1
[    2.359783] initcall init_mmap_min_addr+0x0/0x21 returned 0 after 0 usecs
[    2.360782] calling  pci_realloc_setup_params+0x0/0x3f @ 1
[    2.361781] initcall pci_realloc_setup_params+0x0/0x3f returned 0 after 0 usecs
[    2.362781] calling  net_ns_init+0x0/0x140 @ 1
[    2.365859] initcall net_ns_init+0x0/0x140 returned 0 after 1953 usecs
[    2.366798] calling  e820__register_nvs_regions+0x0/0x37 @ 1
[    2.367781] initcall e820__register_nvs_regions+0x0/0x37 returned 0 after 0 usecs
[    2.368780] calling  cpufreq_register_tsc_scaling+0x0/0x2e @ 1
[    2.369779] initcall cpufreq_register_tsc_scaling+0x0/0x2e returned 0 after 0 usecs
[    2.370780] calling  reboot_init+0x0/0x3c @ 1
[    2.372887] initcall reboot_init+0x0/0x3c returned 0 after 0 usecs
[    2.373780] calling  init_lapic_sysfs+0x0/0x20 @ 1
[    2.374780] initcall init_lapic_sysfs+0x0/0x20 returned 0 after 0 usecs
[    2.375779] calling  alloc_frozen_cpus+0x0/0x7 @ 1
[    2.376781] initcall alloc_frozen_cpus+0x0/0x7 returned 0 after 0 usecs
[    2.377780] calling  cpu_hotplug_pm_sync_init+0x0/0x13 @ 1
[    2.378789] initcall cpu_hotplug_pm_sync_init+0x0/0x13 returned 0 after 0 usecs
[    2.379779] calling  wq_sysfs_init+0x0/0x2a @ 1
[    2.380852] initcall wq_sysfs_init+0x0/0x2a returned 0 after 0 usecs
[    2.381778] calling  ksysfs_init+0x0/0x92 @ 1
[    2.382793] initcall ksysfs_init+0x0/0x92 returned 0 after 0 usecs
[    2.383777] calling  schedutil_gov_init+0x0/0xc @ 1
[    2.384807] initcall schedutil_gov_init+0x0/0xc returned 0 after 0 usecs
[    2.385778] calling  pm_init+0x0/0x76 @ 1
[    2.387861] initcall pm_init+0x0/0x76 returned 0 after 976 usecs
[    2.388812] calling  pm_disk_init+0x0/0x13 @ 1
[    2.389821] initcall pm_disk_init+0x0/0x13 returned 0 after 0 usecs
[    2.390782] calling  swsusp_header_init+0x0/0x2b @ 1
[    2.391783] initcall swsusp_header_init+0x0/0x2b returned 0 after 0 usecs
[    2.392779] calling  rcu_set_runtime_mode+0x0/0x16 @ 1
[    2.393792] initcall rcu_set_runtime_mode+0x0/0x16 returned 0 after 0 usecs
[    2.394780] calling  init_jiffies_clocksource+0x0/0x13 @ 1
[    2.395778] clocksource: jiffies: mask: 0xffffffff max_cycles: 0xffffffff, max_idle_ns: 1911260446275000 ns
[    2.396787] initcall init_jiffies_clocksource+0x0/0x13 returned 0 after 976 usecs
[    2.397781] calling  futex_init+0x0/0x118 @ 1
[    2.399777] futex hash table entries: 2048 (order: 6, 262144 bytes, linear)
[    2.403333] initcall futex_init+0x0/0x118 returned 0 after 3906 usecs
[    2.403780] calling  cgroup_wq_init+0x0/0x28 @ 1
[    2.404795] initcall cgroup_wq_init+0x0/0x28 returned 0 after 0 usecs
[    2.405780] calling  cgroup1_wq_init+0x0/0x28 @ 1
[    2.406793] initcall cgroup1_wq_init+0x0/0x28 returned 0 after 0 usecs
[    2.407783] calling  init_kprobe_trace_early+0x0/0x2a @ 1
[    2.408832] initcall init_kprobe_trace_early+0x0/0x2a returned 0 after 0 usecs
[    2.409782] calling  fsnotify_init+0x0/0x56 @ 1
[    2.410797] initcall fsnotify_init+0x0/0x56 returned 0 after 0 usecs
[    2.411782] calling  filelock_init+0x0/0xb3 @ 1
[    2.412833] initcall filelock_init+0x0/0xb3 returned 0 after 0 usecs
[    2.413783] calling  init_misc_binfmt+0x0/0x2c @ 1
[    2.414797] initcall init_misc_binfmt+0x0/0x2c returned 0 after 0 usecs
[    2.415783] calling  init_script_binfmt+0x0/0x15 @ 1
[    2.416784] initcall init_script_binfmt+0x0/0x15 returned 0 after 0 usecs
[    2.417780] calling  init_elf_binfmt+0x0/0x15 @ 1
[    2.418785] initcall init_elf_binfmt+0x0/0x15 returned 0 after 0 usecs
[    2.419783] calling  init_compat_elf_binfmt+0x0/0x15 @ 1
[    2.420784] initcall init_compat_elf_binfmt+0x0/0x15 returned 0 after 0 usecs
[    2.421781] calling  debugfs_init+0x0/0x5c @ 1
[    2.422789] initcall debugfs_init+0x0/0x5c returned 0 after 0 usecs
[    2.423778] calling  tracefs_init+0x0/0x3a @ 1
[    2.424788] initcall tracefs_init+0x0/0x3a returned 0 after 0 usecs
[    2.425791] calling  prandom_init_early+0x0/0x15d @ 1
[    2.426784] initcall prandom_init_early+0x0/0x15d returned 0 after 0 usecs
[    2.428059] calling  virtio_init+0x0/0x20 @ 1
[    2.429885] initcall virtio_init+0x0/0x20 returned 0 after 0 usecs
[    2.430781] calling  iommu_init+0x0/0x2a @ 1
[    2.431811] initcall iommu_init+0x0/0x2a returned 0 after 0 usecs
[    2.432783] calling  component_debug_init+0x0/0x1c @ 1
[    2.433880] initcall component_debug_init+0x0/0x1c returned 0 after 0 usecs
[    2.434783] calling  early_resume_init+0x0/0xb9 @ 1
[    2.436356] PM: RTC time: 06:38:14, date: 2022-12-13
[    2.436781] initcall early_resume_init+0x0/0xb9 returned 0 after 976 usecs
[    2.437782] calling  cpufreq_core_init+0x0/0x62 @ 1
[    2.438789] initcall cpufreq_core_init+0x0/0x62 returned 0 after 0 usecs
[    2.439778] calling  cpufreq_gov_performance_init+0x0/0xc @ 1
[    2.440780] initcall cpufreq_gov_performance_init+0x0/0xc returned 0 after 0 usecs
[    2.441778] calling  cpufreq_gov_userspace_init+0x0/0xc @ 1
[    2.442781] initcall cpufreq_gov_userspace_init+0x0/0xc returned 0 after 0 usecs
[    2.443783] calling  CPU_FREQ_GOV_ONDEMAND_init+0x0/0xc @ 1
[    2.444782] initcall CPU_FREQ_GOV_ONDEMAND_init+0x0/0xc returned 0 after 0 usecs
[    2.445781] calling  cpuidle_init+0x0/0x1f @ 1
[    2.446808] initcall cpuidle_init+0x0/0x1f returned 0 after 0 usecs
[    2.447784] calling  capsule_reboot_register+0x0/0xc @ 1
[    2.448801] initcall capsule_reboot_register+0x0/0xc returned 0 after 0 usecs
[    2.449786] calling  sock_init+0x0/0x93 @ 1
[    2.452859] initcall sock_init+0x0/0x93 returned 0 after 1953 usecs
[    2.453785] calling  net_inuse_init+0x0/0x23 @ 1
[    2.454794] initcall net_inuse_init+0x0/0x23 returned 0 after 0 usecs
[    2.455784] calling  net_defaults_init+0x0/0x23 @ 1
[    2.456785] initcall net_defaults_init+0x0/0x23 returned 0 after 0 usecs
[    2.457781] calling  init_default_flow_dissectors+0x0/0x4f @ 1
[    2.458797] initcall init_default_flow_dissectors+0x0/0x4f returned 0 after 0 usecs
[    2.459780] calling  netpoll_init+0x0/0x44 @ 1
[    2.460780] initcall netpoll_init+0x0/0x44 returned 0 after 0 usecs
[    2.461781] calling  netlink_proto_init+0x0/0x154 @ 1
[    2.463240] NET: Registered protocol family 16
[    2.463910] initcall netlink_proto_init+0x0/0x154 returned 0 after 976 usecs
[    2.464780] calling  genl_init+0x0/0x35 @ 1
[    2.465820] initcall genl_init+0x0/0x35 returned 0 after 0 usecs
[    2.466783] calling  bsp_pm_check_init+0x0/0x13 @ 1
[    2.467782] initcall bsp_pm_check_init+0x0/0x13 returned 0 after 0 usecs
[    2.468798] calling  irq_sysfs_init+0x0/0xb9 @ 1
[    2.470059] initcall irq_sysfs_init+0x0/0xb9 returned 0 after 0 usecs
[    2.470782] calling  audit_init+0x0/0x127 @ 1
[    2.471785] audit: initializing netlink subsys (disabled)
[    2.477067] initcall audit_init+0x0/0x127 returned 0 after 4882 usecs
[    2.476911] audit: type=2000 audit(1670913492.032:1): state=initialized audit_enabled=0 res=1
[    2.477781] calling  release_early_probes+0x0/0x32 @ 1
[    2.479780] initcall release_early_probes+0x0/0x32 returned 0 after 0 usecs
[    2.480779] calling  bdi_class_init+0x0/0x48 @ 1
[    2.481846] initcall bdi_class_init+0x0/0x48 returned 0 after 0 usecs
[    2.482792] calling  mm_sysfs_init+0x0/0x28 @ 1
[    2.483785] initcall mm_sysfs_init+0x0/0x28 returned 0 after 0 usecs
[    2.484792] calling  init_per_zone_wmark_min+0x0/0x6d @ 1
[    2.485807] initcall init_per_zone_wmark_min+0x0/0x6d returned 0 after 0 usecs
[    2.486779] calling  mpi_init+0x0/0x3e @ 1
[    2.487796] initcall mpi_init+0x0/0x3e returned 0 after 0 usecs
[    2.488791] calling  kobject_uevent_init+0x0/0xc @ 1
[    2.489795] initcall kobject_uevent_init+0x0/0xc returned 0 after 0 usecs
[    2.490778] calling  pcibus_class_init+0x0/0x13 @ 1
[    2.491810] initcall pcibus_class_init+0x0/0x13 returned 0 after 0 usecs
[    2.492779] calling  pci_driver_init+0x0/0x21 @ 1
[    2.493823] initcall pci_driver_init+0x0/0x21 returned 0 after 0 usecs
[    2.494778] calling  backlight_class_init+0x0/0xa8 @ 1
[    2.495816] initcall backlight_class_init+0x0/0xa8 returned 0 after 0 usecs
[    2.496784] calling  tty_class_init+0x0/0x33 @ 1
[    2.497804] initcall tty_class_init+0x0/0x33 returned 0 after 0 usecs
[    2.498783] calling  vtconsole_class_init+0x0/0xb5 @ 1
[    2.500956] initcall vtconsole_class_init+0x0/0xb5 returned 0 after 0 usecs
[    2.501785] calling  iommu_dev_init+0x0/0x13 @ 1
[    2.503855] initcall iommu_dev_init+0x0/0x13 returned 0 after 0 usecs
[    2.504795] calling  mipi_dsi_bus_init+0x0/0xc @ 1
[    2.505829] initcall mipi_dsi_bus_init+0x0/0xc returned 0 after 0 usecs
[    2.506782] calling  devlink_class_init+0x0/0x40 @ 1
[    2.507808] initcall devlink_class_init+0x0/0x40 returned 0 after 0 usecs
[    2.508781] calling  software_node_init+0x0/0x2a @ 1
[    2.510786] initcall software_node_init+0x0/0x2a returned 0 after 976 usecs
[    2.511780] calling  wakeup_sources_debugfs_init+0x0/0x23 @ 1
[    2.512822] initcall wakeup_sources_debugfs_init+0x0/0x23 returned 0 after 0 usecs
[    2.513781] calling  wakeup_sources_sysfs_init+0x0/0x2c @ 1
[    2.514794] initcall wakeup_sources_sysfs_init+0x0/0x2c returned 0 after 0 usecs
[    2.515779] calling  register_node_type+0x0/0x13 @ 1
[    2.517788] initcall register_node_type+0x0/0x13 returned 0 after 976 usecs
[    2.518779] calling  regmap_initcall+0x0/0xc @ 1
[    2.519829] initcall regmap_initcall+0x0/0xc returned 0 after 0 usecs
[    2.520779] calling  i2c_init+0x0/0xb3 @ 1
[    2.521875] initcall i2c_init+0x0/0xb3 returned 0 after 0 usecs
[    2.522779] calling  thermal_init+0x0/0x116 @ 1
[    2.523790] thermal_sys: Registered thermal governor 'step_wise'
[    2.523792] thermal_sys: Registered thermal governor 'user_space'
[    2.524798] initcall thermal_init+0x0/0x116 returned 0 after 976 usecs
[    2.526783] calling  init_menu+0x0/0xc @ 1
[    2.529777] cpuidle: using governor menu
[    2.533785] initcall init_menu+0x0/0xc returned 0 after 5859 usecs
[    2.541790] calling  pcc_init+0x0/0x4d @ 1
[    2.546783] initcall pcc_init+0x0/0x4d returned -19 after 0 usecs
[    2.553784] calling  amd_postcore_init+0x0/0x11e @ 1
[    2.560781] initcall amd_postcore_init+0x0/0x11e returned 0 after 0 usecs
[    2.569786] calling  bts_init+0x0/0xba @ 1
[    2.574782] initcall bts_init+0x0/0xba returned -19 after 0 usecs
[    2.582781] calling  pt_init+0x0/0x34d @ 1
[    2.587781] initcall pt_init+0x0/0x34d returned -19 after 0 usecs
[    2.594780] calling  boot_params_ksysfs_init+0x0/0x2ee @ 1
[    2.601819] initcall boot_params_ksysfs_init+0x0/0x2ee returned 0 after 0 usecs
[    2.610783] calling  sbf_init+0x0/0xea @ 1
[    2.617782] initcall sbf_init+0x0/0xea returned 0 after 0 usecs
[    2.624794] calling  arch_kdebugfs_init+0x0/0x219 @ 1
[    2.632173] initcall arch_kdebugfs_init+0x0/0x219 returned 0 after 0 usecs
[    2.640782] calling  intel_pconfig_init+0x0/0x85 @ 1
[    2.646783] initcall intel_pconfig_init+0x0/0x85 returned 0 after 0 usecs
[    2.654782] calling  mtrr_if_init+0x0/0x5d @ 1
[    2.659796] initcall mtrr_if_init+0x0/0x5d returned 0 after 0 usecs
[    2.667791] calling  activate_jump_labels+0x0/0x31 @ 1
[    2.673789] initcall activate_jump_labels+0x0/0x31 returned 0 after 0 usecs
[    2.682785] calling  ffh_cstate_init+0x0/0x29 @ 1
[    2.688786] initcall ffh_cstate_init+0x0/0x29 returned 0 after 0 usecs
[    2.696782] calling  activate_jump_labels+0x0/0x31 @ 1
[    2.703960] initcall activate_jump_labels+0x0/0x31 returned 0 after 976 usecs
[    2.712859] calling  kvm_alloc_cpumask+0x0/0x74 @ 1
[    2.718836] initcall kvm_alloc_cpumask+0x0/0x74 returned 0 after 0 usecs
[    2.726800] calling  kcmp_cookies_init+0x0/0x37 @ 1
[    2.732784] initcall kcmp_cookies_init+0x0/0x37 returned 0 after 0 usecs
[    2.740781] calling  cryptomgr_init+0x0/0xc @ 1
[    2.746851] initcall cryptomgr_init+0x0/0xc returned 0 after 0 usecs
[    2.754782] calling  acpi_pci_init+0x0/0x57 @ 1
[    2.759779] ACPI: bus type PCI registered
[    2.764781] initcall acpi_pci_init+0x0/0x57 returned 0 after 4882 usecs
[    2.772787] calling  dma_channel_table_init+0x0/0xd1 @ 1
[    2.779802] initcall dma_channel_table_init+0x0/0xd1 returned 0 after 976 usecs
[    2.788818] calling  dma_bus_init+0x0/0xdc @ 1
[    2.794811] initcall dma_bus_init+0x0/0xdc returned 0 after 976 usecs
[    2.803816] calling  iommu_dma_init+0x0/0x10 @ 1
[    2.809799] initcall iommu_dma_init+0x0/0x10 returned 0 after 0 usecs
[    2.817783] calling  dmi_id_init+0x0/0x37c @ 1
[    2.824949] initcall dmi_id_init+0x0/0x37c returned 0 after 0 usecs
[    2.833825] calling  pci_arch_init+0x0/0x71 @ 1
[    2.840614] PCI: MMCONFIG for domain 0000 [bus 00-ff] at [mem 0xb0000000-0xbfffffff] (base 0xb0000000)
[    2.853845] PCI: MMCONFIG at [mem 0xb0000000-0xbfffffff] reserved in E820
[    2.861814] PCI: Using configuration type 1 for base access
[    2.868874] initcall pci_arch_init+0x0/0x71 returned 0 after 28320 usecs
[    2.877804] calling  init_vdso+0x0/0x13 @ 1
[    2.882817] initcall init_vdso+0x0/0x13 returned 0 after 0 usecs
[    2.890781] calling  sysenter_setup+0x0/0x13 @ 1
[    2.896815] initcall sysenter_setup+0x0/0x13 returned 0 after 0 usecs
[    2.903789] calling  fixup_ht_bug+0x0/0xe5 @ 1
[    2.909780] initcall fixup_ht_bug+0x0/0xe5 returned 0 after 0 usecs
[    2.916782] calling  topology_init+0x0/0x88 @ 1
[    2.923094] initcall topology_init+0x0/0x88 returned 0 after 0 usecs
[    2.930781] calling  intel_epb_init+0x0/0x68 @ 1
[    2.935778] initcall intel_epb_init+0x0/0x68 returned -19 after 0 usecs
[    2.943781] calling  mtrr_init_finialize+0x0/0x3e @ 1
[    2.949784] initcall mtrr_init_finialize+0x0/0x3e returned 0 after 0 usecs
[    2.957786] calling  uid_cache_init+0x0/0x85 @ 1
[    2.963817] initcall uid_cache_init+0x0/0x85 returned 0 after 0 usecs
[    2.972785] calling  param_sysfs_init+0x0/0x1ba @ 1
[    2.986697] initcall param_sysfs_init+0x0/0x1ba returned 0 after 6835 usecs
[    2.994854] calling  user_namespace_sysctl_init+0x0/0x33 @ 1
[    3.002794] initcall user_namespace_sysctl_init+0x0/0x33 returned 0 after 0 usecs
[    3.011780] calling  proc_schedstat_init+0x0/0x24 @ 1
[    3.018787] initcall proc_schedstat_init+0x0/0x24 returned 0 after 0 usecs
[    3.027785] calling  pm_sysrq_init+0x0/0x18 @ 1
[    3.034782] initcall pm_sysrq_init+0x0/0x18 returned 0 after 1953 usecs
[    3.043010] calling  create_proc_profile+0x0/0xd0 @ 1
[    3.049787] initcall create_proc_profile+0x0/0xd0 returned 0 after 0 usecs
[    3.057798] calling  time_ns_init+0x0/0x7 @ 1
[    3.063782] initcall time_ns_init+0x0/0x7 returned 0 after 0 usecs
[    3.071782] calling  crash_save_vmcoreinfo_init+0x0/0x722 @ 1
[    3.078886] initcall crash_save_vmcoreinfo_init+0x0/0x722 returned 0 after 0 usecs
[    3.087780] calling  crash_notes_memory_init+0x0/0x35 @ 1
[    3.094787] initcall crash_notes_memory_init+0x0/0x35 returned 0 after 0 usecs
[    3.103781] calling  cgroup_sysfs_init+0x0/0x13 @ 1
[    3.109893] initcall cgroup_sysfs_init+0x0/0x13 returned 0 after 0 usecs
[    3.117781] calling  cgroup_namespaces_init+0x0/0x7 @ 1
[    3.124781] initcall cgroup_namespaces_init+0x0/0x7 returned 0 after 0 usecs
[    3.132780] calling  init_optprobes+0x0/0x13 @ 1
[    3.138796] Kprobes globally optimized
[    3.143784] initcall init_optprobes+0x0/0x13 returned 0 after 4882 usecs
[    3.151780] calling  oom_init+0x0/0x2f @ 1
[    3.158020] initcall oom_init+0x0/0x2f returned 0 after 976 usecs
[    3.164780] calling  default_bdi_init+0x0/0xb3 @ 1
[    3.173796] initcall default_bdi_init+0x0/0xb3 returned 0 after 3906 usecs
[    3.182783] calling  percpu_enable_async+0x0/0xe @ 1
[    3.188854] initcall percpu_enable_async+0x0/0xe returned 0 after 0 usecs
[    3.197780] calling  kcompactd_init+0x0/0x8d @ 1
[    3.206352] initcall kcompactd_init+0x0/0x8d returned 0 after 2929 usecs
[    3.216913] calling  init_user_reserve+0x0/0x40 @ 1
[    3.224789] initcall init_user_reserve+0x0/0x40 returned 0 after 0 usecs
[    3.234784] calling  init_admin_reserve+0x0/0x40 @ 1
[    3.242216] initcall init_admin_reserve+0x0/0x40 returned 0 after 0 usecs
[    3.252784] calling  init_reserve_notifier+0x0/0x7 @ 1
[    3.261784] initcall init_reserve_notifier+0x0/0x7 returned 0 after 0 usecs
[    3.271787] calling  swap_init_sysfs+0x0/0x62 @ 1
[    3.278803] initcall swap_init_sysfs+0x0/0x62 returned 0 after 0 usecs
[    3.288784] calling  swapfile_init+0x0/0x94 @ 1
[    3.296783] initcall swapfile_init+0x0/0x94 returned 0 after 0 usecs
[    3.305782] calling  hugetlb_init+0x0/0x499 @ 1
[    3.312785] HugeTLB registered 2.00 MiB page size, pre-allocated 0 pages
[    3.322852] initcall hugetlb_init+0x0/0x499 returned 0 after 9765 usecs
[    3.332782] calling  io_wq_init+0x0/0x34 @ 1
[    3.338784] initcall io_wq_init+0x0/0x34 returned 0 after 0 usecs
[    3.348801] calling  seqiv_module_init+0x0/0xc @ 1
[    3.355811] initcall seqiv_module_init+0x0/0xc returned 0 after 0 usecs
[    3.365786] calling  echainiv_module_init+0x0/0xc @ 1
[    3.372817] initcall echainiv_module_init+0x0/0xc returned 0 after 0 usecs
[    3.381831] calling  rsa_init+0x0/0x50 @ 1
[    3.387969] initcall rsa_init+0x0/0x50 returned 0 after 976 usecs
[    3.388039] cryptomgr_test (61) used greatest stack depth: 15400 bytes left
[    3.394784] calling  crypto_cmac_module_init+0x0/0xc @ 1
[    3.394787] initcall crypto_cmac_module_init+0x0/0xc returned 0 after 0 usecs
[    3.394789] calling  hmac_module_init+0x0/0xc @ 1
[    3.394817] initcall hmac_module_init+0x0/0xc returned 0 after 0 usecs
[    3.394845] calling  crypto_null_mod_init+0x0/0x65 @ 1
[    3.399922] initcall crypto_null_mod_init+0x0/0x65 returned 0 after 4882 usecs
[    3.403890] cryptomgr_test (63) used greatest stack depth: 15256 bytes left
[    3.410783] calling  md5_mod_init+0x0/0xc @ 1
[    3.411947] initcall md5_mod_init+0x0/0xc returned 0 after 976 usecs
[    3.474788] calling  sha256_generic_mod_init+0x0/0x11 @ 1
[    3.483816] initcall sha256_generic_mod_init+0x0/0x11 returned 0 after 2929 usecs
[    3.492924] calling  crypto_cbc_module_init+0x0/0xc @ 1
[    3.499784] initcall crypto_cbc_module_init+0x0/0xc returned 0 after 0 usecs
[    3.507779] calling  crypto_ctr_module_init+0x0/0x11 @ 1
[    3.514783] initcall crypto_ctr_module_init+0x0/0x11 returned 0 after 0 usecs
[    3.523780] calling  crypto_gcm_module_init+0x0/0x64 @ 1
[    3.530871] initcall crypto_gcm_module_init+0x0/0x64 returned 0 after 0 usecs
[    3.539782] calling  crypto_ccm_module_init+0x0/0x11 @ 1
[    3.546781] initcall crypto_ccm_module_init+0x0/0x11 returned 0 after 0 usecs
[    3.555780] calling  aes_init+0x0/0xc @ 1
[    3.561953] initcall aes_init+0x0/0xc returned 0 after 976 usecs
[    3.569943] calling  crc32c_mod_init+0x0/0xc @ 1
[    3.577287] initcall crc32c_mod_init+0x0/0xc returned 0 after 976 usecs
[    3.585785] calling  crypto_authenc_module_init+0x0/0xc @ 1
[    3.591782] initcall crypto_authenc_module_init+0x0/0xc returned 0 after 0 usecs
[    3.603226] calling  crypto_authenc_esn_module_init+0x0/0xc @ 1
[    3.611817] initcall crypto_authenc_esn_module_init+0x0/0xc returned 0 after 0 usecs
[    3.621932] calling  drbg_init+0x0/0x7c @ 1
[    3.636785] initcall drbg_init+0x0/0x7c returned 0 after 9765 usecs
[    3.643784] calling  ghash_mod_init+0x0/0xc @ 1
[    3.651104] initcall ghash_mod_init+0x0/0xc returned 0 after 976 usecs
[    3.658781] calling  init_bio+0x0/0x9a @ 1
[    3.663974] initcall init_bio+0x0/0x9a returned 0 after 976 usecs
[    3.670780] calling  blk_settings_init+0x0/0x29 @ 1
[    3.676780] initcall blk_settings_init+0x0/0x29 returned 0 after 0 usecs
[    3.684779] calling  blk_ioc_init+0x0/0x29 @ 1
[    3.689786] initcall blk_ioc_init+0x0/0x29 returned 0 after 0 usecs
[    3.697780] calling  blk_mq_init+0x0/0xb9 @ 1
[    3.702783] initcall blk_mq_init+0x0/0xb9 returned 0 after 0 usecs
[    3.710780] calling  genhd_device_init+0x0/0x75 @ 1
[    3.718330] initcall genhd_device_init+0x0/0x75 returned 0 after 976 usecs
[    3.726832] calling  pci_slot_init+0x0/0x40 @ 1
[    3.732798] initcall pci_slot_init+0x0/0x40 returned 0 after 0 usecs
[    3.740785] calling  fbmem_init+0x0/0xd8 @ 1
[    3.745951] initcall fbmem_init+0x0/0xd8 returned 0 after 0 usecs
[    3.753784] calling  acpi_init+0x0/0x319 @ 1
[    3.758854] ACPI: Added _OSI(Module Device)
[    3.763780] ACPI: Added _OSI(Processor Device)
[    3.769778] ACPI: Added _OSI(3.0 _SCP Extensions)
[    3.775797] ACPI: Added _OSI(Processor Aggregator Device)
[    3.782796] ACPI: Added _OSI(Linux-Dell-Video)
[    3.789782] ACPI: Added _OSI(Linux-Lenovo-NV-HDMI-Audio)
[    3.796781] ACPI: Added _OSI(Linux-HPI-Hybrid-Graphics)
[    3.806539] ACPI: 1 ACPI AML tables successfully acquired and loaded
[    3.819389] ACPI: Interpreter enabled
[    3.823887] ACPI: (supports S0 S3 S4 S5)
[    3.828779] ACPI: Using IOAPIC for interrupt routing
[    3.834839] PCI: Using host bridge windows from ACPI; if necessary, use "pci=nocrs" and report a bug
[    3.846250] ACPI: Enabled 2 GPEs in block 00 to 3F
[    3.863057] ACPI: PCI Root Bridge [PCI0] (domain 0000 [bus 00-ff])
[    3.870787] acpi PNP0A08:00: _OSC: OS supports [ExtendedConfig ASPM ClockPM Segments MSI HPX-Type3]
[    3.881955] acpi PNP0A08:00: _OSC: platform does not support [LTR]
[    3.888923] acpi PNP0A08:00: _OSC: OS now controls [PME PCIeCapability]
[    3.897913] PCI host bridge to bus 0000:00
[    3.902838] pci_bus 0000:00: root bus resource [io  0x0000-0x0cf7 window]
[    3.913790] pci_bus 0000:00: root bus resource [io  0x0d00-0xffff window]
[    3.923783] pci_bus 0000:00: root bus resource [mem 0x000a0000-0x000bffff window]
[    3.932781] pci_bus 0000:00: root bus resource [mem 0x20000000-0xafffffff window]
[    3.942781] pci_bus 0000:00: root bus resource [mem 0xc0000000-0xfebfffff window]
[    3.951780] pci_bus 0000:00: root bus resource [mem 0x100000000-0x8ffffffff window]
[    3.961785] pci_bus 0000:00: root bus resource [bus 00-ff]
[    3.970118] pci 0000:00:00.0: calling  quirk_mmio_always_on+0x0/0x10 @ 1
[    3.978791] pci 0000:00:00.0: quirk_mmio_always_on+0x0/0x10 took 0 usecs
[    3.988802] pci 0000:00:00.0: [8086:29c0] type 00 class 0x060000
[    4.001926] pci 0000:00:00.0: calling  quirk_igfx_skip_te_disable+0x0/0x80 @ 1
[    4.010785] pci 0000:00:00.0: quirk_igfx_skip_te_disable+0x0/0x80 took 0 usecs
[    4.020952] pci 0000:00:01.0: [1234:1111] type 00 class 0x030000
[    4.037269] pci 0000:00:01.0: reg 0x10: [mem 0xfd000000-0xfdffffff pref]
[    4.063772] pci 0000:00:01.0: reg 0x18: [mem 0xfebf0000-0xfebf0fff]
[    4.110772] pci 0000:00:01.0: reg 0x30: [mem 0xfebe0000-0xfebeffff pref]
[    4.125173] pci 0000:00:01.0: calling  efifb_fixup_resources+0x0/0xf0 @ 1
[    4.132944] pci 0000:00:01.0: efifb_fixup_resources+0x0/0xf0 took 0 usecs
[    4.155922] pci 0000:00:1f.0: [8086:2918] type 00 class 0x060100
[    4.167733] pci 0000:00:1f.0: calling  quirk_ich7_lpc+0x0/0x60 @ 1
[    4.176889] pci 0000:00:1f.0: quirk: [io  0x0600-0x067f] claimed by ICH6 ACPI/GPIO/TCO
[    4.186784] pci 0000:00:1f.0: quirk_ich7_lpc+0x0/0x60 took 10742 usecs
[    4.193920] pci 0000:00:1f.0: calling  quirk_igfx_skip_te_disable+0x0/0x80 @ 1
[    4.202848] pci 0000:00:1f.0: quirk_igfx_skip_te_disable+0x0/0x80 took 0 usecs
[    4.214779] pci 0000:00:1f.2: [8086:2922] type 00 class 0x010601
[    4.230780] pci 0000:00:1f.2: reg 0x20: [io  0xc040-0xc05f]
[    4.239316] pci 0000:00:1f.2: reg 0x24: [mem 0xfebf1000-0xfebf1fff]
[    4.248350] pci 0000:00:1f.2: calling  quirk_igfx_skip_te_disable+0x0/0x80 @ 1
[    4.256785] pci 0000:00:1f.2: quirk_igfx_skip_te_disable+0x0/0x80 took 0 usecs
[    4.269324] pci 0000:00:1f.3: [8086:2930] type 00 class 0x0c0500
[    4.282136] pci 0000:00:1f.3: reg 0x20: [io  0x0700-0x073f]
[    4.291421] pci 0000:00:1f.3: calling  quirk_igfx_skip_te_disable+0x0/0x80 @ 1
[    4.299785] pci 0000:00:1f.3: quirk_igfx_skip_te_disable+0x0/0x80 took 0 usecs
[    4.312861] ACPI: PCI Interrupt Link [LNKA] (IRQs 5 *10 11)
[    4.320005] ACPI: PCI Interrupt Link [LNKB] (IRQs 5 *10 11)
[    4.327129] ACPI: PCI Interrupt Link [LNKC] (IRQs 5 10 *11)
[    4.330283] ACPI: PCI Interrupt Link [LNKD] (IRQs 5 10 *11)
[    4.338268] ACPI: PCI Interrupt Link [LNKE] (IRQs 5 *10 11)
[    4.346233] ACPI: PCI Interrupt Link [LNKF] (IRQs 5 *10 11)
[    4.353939] ACPI: PCI Interrupt Link [LNKG] (IRQs 5 10 *11)
[    4.361222] ACPI: PCI Interrupt Link [LNKH] (IRQs 5 10 *11)
[    4.367978] ACPI: PCI Interrupt Link [GSIA] (IRQs *16)
[    4.374842] ACPI: PCI Interrupt Link [GSIB] (IRQs *17)
[    4.380795] ACPI: PCI Interrupt Link [GSIC] (IRQs *18)
[    4.385870] ACPI: PCI Interrupt Link [GSID] (IRQs *19)
[    4.392800] ACPI: PCI Interrupt Link [GSIE] (IRQs *20)
[    4.400117] ACPI: PCI Interrupt Link [GSIF] (IRQs *21)
[    4.405800] ACPI: PCI Interrupt Link [GSIG] (IRQs *22)
[    4.411868] ACPI: PCI Interrupt Link [GSIH] (IRQs *23)
[    4.422489] initcall acpi_init+0x0/0x319 returned 0 after 647460 usecs
[    4.429238] calling  pnp_init+0x0/0xc @ 1
[    4.433834] initcall pnp_init+0x0/0xc returned 0 after 0 usecs
[    4.440783] calling  misc_init+0x0/0xbf @ 1
[    4.446877] initcall misc_init+0x0/0xbf returned 0 after 0 usecs
[    4.454781] calling  iommu_subsys_init+0x0/0x4e @ 1
[    4.460895] iommu: Default domain type: Translated 
[    4.466780] initcall iommu_subsys_init+0x0/0x4e returned 0 after 5859 usecs
[    4.472783] calling  vga_arb_device_init+0x0/0x261 @ 1
[    4.480964] pci 0000:00:01.0: vgaarb: setting as boot VGA device
[    4.481772] pci 0000:00:01.0: vgaarb: VGA device added: decodes=io+mem,owns=io+mem,locks=none
[    4.498785] pci 0000:00:01.0: vgaarb: bridge control possible
[    4.505778] vgaarb: loaded
[    4.509782] initcall vga_arb_device_init+0x0/0x261 returned 0 after 30273 usecs
[    4.519883] calling  cn_init+0x0/0xf0 @ 1
[    4.525416] initcall cn_init+0x0/0xf0 returned 0 after 0 usecs
[    4.532786] calling  dma_buf_init+0x0/0xad @ 1
[    4.539959] initcall dma_buf_init+0x0/0xad returned 0 after 976 usecs
[    4.547781] calling  dma_resv_lockdep+0x0/0x276 @ 1
[    4.557066] initcall dma_resv_lockdep+0x0/0x276 returned 0 after 2929 usecs
[    4.565781] calling  init_scsi+0x0/0x79 @ 1
[    4.573349] SCSI subsystem initialized
[    4.577781] initcall init_scsi+0x0/0x79 returned 0 after 5859 usecs
[    4.585781] calling  ata_init+0x0/0x332 @ 1
[    4.593907] libata version 3.00 loaded.
[    4.598824] initcall ata_init+0x0/0x332 returned 0 after 7812 usecs
[    4.605780] calling  phy_init+0x0/0x250 @ 1
[    4.611939] initcall phy_init+0x0/0x250 returned 0 after 0 usecs
[    4.618779] calling  init_pcmcia_cs+0x0/0x35 @ 1
[    4.624843] initcall init_pcmcia_cs+0x0/0x35 returned 0 after 0 usecs
[    4.632800] calling  usb_common_init+0x0/0x1c @ 1
[    4.638839] initcall usb_common_init+0x0/0x1c returned 0 after 0 usecs
[    4.646781] calling  usb_init+0x0/0x12e @ 1
[    4.652856] ACPI: bus type USB registered
[    4.661432] usbcore: registered new interface driver usbfs
[    4.668108] usbcore: registered new interface driver hub
[    4.671136] usbcore: registered new device driver usb
[    4.675786] initcall usb_init+0x0/0x12e returned 0 after 22460 usecs
[    4.685785] calling  serio_init+0x0/0x29 @ 1
[    4.692889] initcall serio_init+0x0/0x29 returned 0 after 0 usecs
[    4.701781] calling  input_init+0x0/0xf6 @ 1
[    4.707956] initcall input_init+0x0/0xf6 returned 0 after 0 usecs
[    4.714781] calling  rtc_init+0x0/0x4d @ 1
[    4.719796] initcall rtc_init+0x0/0x4d returned 0 after 0 usecs
[    4.726781] calling  pps_init+0x0/0xa9 @ 1
[    4.733156] pps_core: LinuxPPS API ver. 1 registered
[    4.737778] pps_core: Software ver. 5.3.6 - Copyright 2005-2007 Rodolfo Giometti <giometti@linux.it>
[    4.748785] initcall pps_init+0x0/0xa9 returned 0 after 15625 usecs
[    4.758785] calling  ptp_init+0x0/0x98 @ 1
[    4.765965] PTP clock support registered
[    4.771785] initcall ptp_init+0x0/0x98 returned 0 after 5859 usecs
[    4.779816] calling  power_supply_class_init+0x0/0x3f @ 1
[    4.787807] initcall power_supply_class_init+0x0/0x3f returned 0 after 0 usecs
[    4.795782] calling  hwmon_init+0x0/0x104 @ 1
[    4.802790] initcall hwmon_init+0x0/0x104 returned 0 after 976 usecs
[    4.810781] calling  md_init+0x0/0x16b @ 1
[    4.821821] initcall md_init+0x0/0x16b returned 0 after 5859 usecs
[    4.829883] calling  leds_init+0x0/0x3b @ 1
[    4.835847] initcall leds_init+0x0/0x3b returned 0 after 0 usecs
[    4.843782] calling  dmi_init+0x0/0x113 @ 1
[    4.849052] initcall dmi_init+0x0/0x113 returned 0 after 0 usecs
[    4.858787] calling  efisubsys_init+0x0/0x4e7 @ 1
[    4.863955] initcall efisubsys_init+0x0/0x4e7 returned 0 after 0 usecs
[    4.874784] calling  nvmem_init+0x0/0xc @ 1
[    4.881784] initcall nvmem_init+0x0/0xc returned 0 after 976 usecs
[    4.890782] calling  init_soundcore+0x0/0x33 @ 1
[    4.897828] initcall init_soundcore+0x0/0x33 returned 0 after 0 usecs
[    4.907781] calling  alsa_sound_init+0x0/0x8f @ 1
[    4.914975] Advanced Linux Sound Architecture Driver Initialized.
[    4.923785] initcall alsa_sound_init+0x0/0x8f returned 0 after 8789 usecs
[    4.933783] calling  alsa_seq_device_init+0x0/0x71 @ 1
[    4.940847] initcall alsa_seq_device_init+0x0/0x71 returned 0 after 0 usecs
[    4.949796] calling  hda_bus_init+0x0/0xc @ 1
[    4.954800] initcall hda_bus_init+0x0/0xc returned 0 after 0 usecs
[    4.963784] calling  proto_init+0x0/0xc @ 1
[    4.968787] initcall proto_init+0x0/0xc returned 0 after 0 usecs
[    4.975782] calling  net_dev_init+0x0/0x27f @ 1
[    4.981904] initcall net_dev_init+0x0/0x27f returned 0 after 976 usecs
[    4.989795] calling  neigh_init+0x0/0x84 @ 1
[    4.995847] initcall neigh_init+0x0/0x84 returned 0 after 0 usecs
[    5.002779] calling  fib_notifier_init+0x0/0xc @ 1
[    5.009797] initcall fib_notifier_init+0x0/0xc returned 0 after 0 usecs
[    5.019784] calling  fib_rules_init+0x0/0xab @ 1
[    5.026792] initcall fib_rules_init+0x0/0xab returned 0 after 0 usecs
[    5.035781] calling  pktsched_init+0x0/0x10e @ 1
[    5.041806] initcall pktsched_init+0x0/0x10e returned 0 after 0 usecs
[    5.048779] calling  tc_filter_init+0x0/0xfa @ 1
[    5.054798] initcall tc_filter_init+0x0/0xfa returned 0 after 0 usecs
[    5.061779] calling  tc_action_init+0x0/0x54 @ 1
[    5.067830] initcall tc_action_init+0x0/0x54 returned 0 after 0 usecs
[    5.074784] calling  ethnl_init+0x0/0x52 @ 1
[    5.080878] initcall ethnl_init+0x0/0x52 returned 0 after 976 usecs
[    5.087779] calling  nexthop_init+0x0/0xd8 @ 1
[    5.094974] initcall nexthop_init+0x0/0xd8 returned 0 after 0 usecs
[    5.102779] calling  cipso_v4_init+0x0/0x8d @ 1
[    5.108885] initcall cipso_v4_init+0x0/0x8d returned 0 after 0 usecs
[    5.115779] calling  ieee80211_init+0x0/0x24 @ 1
[    5.121843] initcall ieee80211_init+0x0/0x24 returned 0 after 0 usecs
[    5.129779] calling  netlbl_init+0x0/0x78 @ 1
[    5.134790] NetLabel: Initializing
[    5.138775] NetLabel:  domain hash size = 128
[    5.144775] NetLabel:  protocols = UNLABELED CIPSOv4 CALIPSO
[    5.151813] NetLabel:  unlabeled traffic allowed by default
[    5.157780] initcall netlbl_init+0x0/0x78 returned 0 after 22460 usecs
[    5.165778] calling  rfkill_init+0x0/0x136 @ 1
[    5.171915] initcall rfkill_init+0x0/0x136 returned 0 after 976 usecs
[    5.179784] calling  pci_subsys_init+0x0/0x66 @ 1
[    5.185845] PCI: Using ACPI for IRQ routing
[    5.948596] PCI: pci_cache_line_size set to 64 bytes
[    5.956895] e820: reserve RAM buffer [mem 0x0009fc00-0x0009ffff]
[    5.963862] e820: reserve RAM buffer [mem 0x1ffdf000-0x1fffffff]
[    5.972198] initcall pci_subsys_init+0x0/0x66 returned 0 after 767578 usecs
[    5.984372] calling  nmi_warning_debugfs+0x0/0x26 @ 1
[    5.991371] initcall nmi_warning_debugfs+0x0/0x26 returned 0 after 976 usecs
[    5.999802] calling  save_microcode_in_initrd+0x0/0x51 @ 1
[    6.007073] initcall save_microcode_in_initrd+0x0/0x51 returned 0 after 976 usecs
[    6.015782] calling  hpet_late_init+0x0/0x207 @ 1
[    6.021849] hpet: 3 channels of 0 reserved for per-cpu timers
[    6.028884] hpet0: at MMIO 0xfed00000, IRQs 2, 8, 0
[    6.034780] hpet0: 3 comparators, 64-bit 100.000000 MHz counter
[    6.046782] initcall hpet_late_init+0x0/0x207 returned 0 after 25390 usecs
[    6.054784] calling  init_amd_nbs+0x0/0x11c @ 1
[    6.060006] initcall init_amd_nbs+0x0/0x11c returned 0 after 0 usecs
[    6.066937] calling  clocksource_done_booting+0x0/0x43 @ 1
[    6.076399] clocksource: Switched to clocksource kvm-clock
[    6.083061] initcall clocksource_done_booting+0x0/0x43 returned 0 after 9065 usecs
[    6.091773] calling  tracer_init_tracefs+0x0/0x248 @ 1
[    6.347347] initcall tracer_init_tracefs+0x0/0x248 returned 0 after 243483 usecs
[    6.356009] calling  init_trace_printk_function_export+0x0/0x2c @ 1
[    6.363384] initcall init_trace_printk_function_export+0x0/0x2c returned 0 after 12 usecs
[    6.372879] calling  init_kprobe_trace+0x0/0x1ab @ 1
[    6.378890] initcall init_kprobe_trace+0x0/0x1ab returned 0 after 109 usecs
[    6.387168] calling  init_dynamic_event+0x0/0x3d @ 1
[    6.393101] initcall init_dynamic_event+0x0/0x3d returned 0 after 9 usecs
[    6.401189] calling  init_uprobe_trace+0x0/0x5c @ 1
[    6.407116] initcall init_uprobe_trace+0x0/0x5c returned 0 after 127 usecs
[    6.415259] calling  init_pipe_fs+0x0/0x44 @ 1
[    6.422024] initcall init_pipe_fs+0x0/0x44 returned 0 after 247 usecs
[    6.429516] calling  inotify_user_setup+0x0/0x47 @ 1
[    6.435329] initcall inotify_user_setup+0x0/0x47 returned 0 after 92 usecs
[    6.443153] calling  eventpoll_init+0x0/0xeb @ 1
[    6.448547] initcall eventpoll_init+0x0/0xeb returned 0 after 67 usecs
[    6.456010] calling  anon_inode_init+0x0/0x58 @ 1
[    6.461560] initcall anon_inode_init+0x0/0x58 returned 0 after 80 usecs
[    6.469052] calling  proc_locks_init+0x0/0x27 @ 1
[    6.474596] initcall proc_locks_init+0x0/0x27 returned 0 after 70 usecs
[    6.482199] calling  iomap_init+0x0/0x1b @ 1
[    6.488038] initcall iomap_init+0x0/0x1b returned 0 after 807 usecs
[    6.495357] calling  dquot_init+0x0/0x106 @ 1
[    6.500466] VFS: Disk quotas dquot_6.6.0
[    6.505222] VFS: Dquot-cache hash table entries: 512 (order 0, 4096 bytes)
[    6.513090] initcall dquot_init+0x0/0x106 returned 0 after 12378 usecs
[    6.520550] calling  quota_init+0x0/0x23 @ 1
[    6.525781] initcall quota_init+0x0/0x23 returned 0 after 216 usecs
[    6.533434] calling  proc_cmdline_init+0x0/0x21 @ 1
[    6.539749] initcall proc_cmdline_init+0x0/0x21 returned 0 after 230 usecs
[    6.549206] calling  proc_consoles_init+0x0/0x24 @ 1
[    6.555113] initcall proc_consoles_init+0x0/0x24 returned 0 after 7 usecs
[    6.564188] calling  proc_cpuinfo_init+0x0/0x1e @ 1
[    6.571490] initcall proc_cpuinfo_init+0x0/0x1e returned 0 after 10 usecs
[    6.581521] calling  proc_devices_init+0x0/0x24 @ 1
[    6.588881] initcall proc_devices_init+0x0/0x24 returned 0 after 9 usecs
[    6.597066] calling  proc_interrupts_init+0x0/0x24 @ 1
[    6.603060] initcall proc_interrupts_init+0x0/0x24 returned 0 after 6 usecs
[    6.611216] calling  proc_loadavg_init+0x0/0x21 @ 1
[    6.617187] initcall proc_loadavg_init+0x0/0x21 returned 0 after 7 usecs
[    6.625019] calling  proc_meminfo_init+0x0/0x21 @ 1
[    6.630959] initcall proc_meminfo_init+0x0/0x21 returned 0 after 46 usecs
[    6.638885] calling  proc_stat_init+0x0/0x1e @ 1
[    6.644372] initcall proc_stat_init+0x0/0x1e returned 0 after 8 usecs
[    6.651977] calling  proc_uptime_init+0x0/0x21 @ 1
[    6.658607] initcall proc_uptime_init+0x0/0x21 returned 0 after 8 usecs
[    6.668241] calling  proc_version_init+0x0/0x21 @ 1
[    6.675665] initcall proc_version_init+0x0/0x21 returned 0 after 9 usecs
[    6.685723] calling  proc_softirqs_init+0x0/0x21 @ 1
[    6.691737] initcall proc_softirqs_init+0x0/0x21 returned 0 after 7 usecs
[    6.700306] calling  proc_kcore_init+0x0/0xea @ 1
[    6.705893] initcall proc_kcore_init+0x0/0xea returned 0 after 52 usecs
[    6.713675] calling  vmcore_init+0x0/0x57b @ 1
[    6.719621] initcall vmcore_init+0x0/0x57b returned 0 after 1 usecs
[    6.727899] calling  proc_kmsg_init+0x0/0x21 @ 1
[    6.733504] initcall proc_kmsg_init+0x0/0x21 returned 0 after 9 usecs
[    6.742547] calling  proc_page_init+0x0/0x3b @ 1
[    6.749075] initcall proc_page_init+0x0/0x3b returned 0 after 26 usecs
[    6.756836] calling  init_ramfs_fs+0x0/0xc @ 1
[    6.762967] initcall init_ramfs_fs+0x0/0xc returned 0 after 160 usecs
[    6.772335] calling  init_hugetlbfs_fs+0x0/0xf6 @ 1
[    6.780479] initcall init_hugetlbfs_fs+0x0/0xf6 returned 0 after 278 usecs
[    6.789941] calling  blk_scsi_ioctl_init+0x0/0x2a5 @ 1
[    6.796058] initcall blk_scsi_ioctl_init+0x0/0x2a5 returned 0 after 38 usecs
[    6.804486] calling  acpi_event_init+0x0/0x2c @ 1
[    6.810195] initcall acpi_event_init+0x0/0x2c returned 0 after 87 usecs
[    6.818051] calling  pnp_system_init+0x0/0xc @ 1
[    6.824041] initcall pnp_system_init+0x0/0xc returned 0 after 504 usecs
[    6.831861] calling  pnpacpi_init+0x0/0x69 @ 1
[    6.837144] pnp: PnP ACPI init
[    6.843983] pnp 00:00: Plug and Play ACPI device, IDs PNP0303 (active)
[    6.853244] pnp 00:01: Plug and Play ACPI device, IDs PNP0f13 (active)
[    6.860774] pnp 00:02: Plug and Play ACPI device, IDs PNP0400 (active)
[    6.868311] pnp 00:03: Plug and Play ACPI device, IDs PNP0501 (active)
[    6.876004] pnp 00:04: Plug and Play ACPI device, IDs PNP0b00 (active)
[    6.883606] system 00:05: [mem 0xb0000000-0xbfffffff window] has been reserved
[    6.891854] system 00:05: Plug and Play ACPI device, IDs PNP0c01 (active)
[    6.901251] pnp: PnP ACPI: found 6 devices
[    6.906053] initcall pnpacpi_init+0x0/0x69 returned 0 after 67345 usecs
[    6.915097] calling  chr_dev_init+0x0/0x14d @ 1
[    7.014622] initcall chr_dev_init+0x0/0x14d returned 0 after 92090 usecs
[    7.022752] calling  firmware_class_init+0x0/0x14a @ 1
[    7.028932] initcall firmware_class_init+0x0/0x14a returned 0 after 137 usecs
[    7.037187] calling  init_pcmcia_bus+0x0/0x5b @ 1
[    7.042978] initcall init_pcmcia_bus+0x0/0x5b returned 0 after 105 usecs
[    7.050867] calling  init_acpi_pm_clocksource+0x0/0xda @ 1
[    7.062967] clocksource: acpi_pm: mask: 0xffffff max_cycles: 0xffffff, max_idle_ns: 2085701024 ns
[    7.073310] initcall init_acpi_pm_clocksource+0x0/0xda returned 0 after 15458 usecs
[    7.082322] calling  sysctl_core_init+0x0/0x26 @ 1
[    7.088068] initcall sysctl_core_init+0x0/0x26 returned 0 after 57 usecs
[    7.096093] calling  eth_offload_init+0x0/0x13 @ 1
[    7.101831] initcall eth_offload_init+0x0/0x13 returned 0 after 28 usecs
[    7.109825] calling  ipv4_offload_init+0x0/0x73 @ 1
[    7.115729] initcall ipv4_offload_init+0x0/0x73 returned 0 after 161 usecs
[    7.132866] calling  inet_init+0x0/0x276 @ 1
[    7.141033] NET: Registered protocol family 2
[    7.150780] IP idents hash table entries: 8192 (order: 4, 65536 bytes, linear)
[    7.168278] tcp_listen_portaddr_hash hash table entries: 256 (order: 2, 20480 bytes, linear)
[    7.181606] TCP established hash table entries: 4096 (order: 3, 32768 bytes, linear)
[    7.194295] TCP bind hash table entries: 4096 (order: 6, 294912 bytes, linear)
[    7.207001] TCP: Hash tables configured (established 4096 bind 4096)
[    7.217007] UDP hash table entries: 256 (order: 3, 40960 bytes, linear)
[    7.227604] UDP-Lite hash table entries: 256 (order: 3, 40960 bytes, linear)
[    7.238971] initcall inet_init+0x0/0x276 returned 0 after 96782 usecs
[    7.248596] calling  af_unix_init+0x0/0x4d @ 1
[    7.255275] NET: Registered protocol family 1
[    7.262148] initcall af_unix_init+0x0/0x4d returned 0 after 6742 usecs
[    7.272104] calling  ipv6_offload_init+0x0/0x7e @ 1
[    7.279569] initcall ipv6_offload_init+0x0/0x7e returned 0 after 17 usecs
[    7.289855] calling  init_sunrpc+0x0/0x65 @ 1
[    7.309577] RPC: Registered named UNIX socket transport module.
[    7.317155] RPC: Registered udp transport module.
[    7.322918] RPC: Registered tcp transport module.
[    7.328708] RPC: Registered tcp NFSv4.1 backchannel transport module.
[    7.336587] initcall init_sunrpc+0x0/0x65 returned 0 after 39037 usecs
[    7.344647] calling  cfg80211_init+0x0/0xc5 @ 1
[    7.354735] initcall cfg80211_init+0x0/0xc5 returned 0 after 4373 usecs
[    7.362911] calling  pcibios_assign_resources+0x0/0xbf @ 1
[    7.370597] pci_bus 0000:00: resource 4 [io  0x0000-0x0cf7 window]
[    7.379115] pci_bus 0000:00: resource 5 [io  0x0d00-0xffff window]
[    7.386432] pci_bus 0000:00: resource 6 [mem 0x000a0000-0x000bffff window]
[    7.394659] pci_bus 0000:00: resource 7 [mem 0x20000000-0xafffffff window]
[    7.402744] pci_bus 0000:00: resource 8 [mem 0xc0000000-0xfebfffff window]
[    7.411109] pci_bus 0000:00: resource 9 [mem 0x100000000-0x8ffffffff window]
[    7.420154] initcall pcibios_assign_resources+0x0/0xbf returned 0 after 49476 usecs
[    7.429205] calling  pci_apply_final_quirks+0x0/0x124 @ 1
[    7.436321] pci 0000:00:01.0: calling  pci_fixup_video+0x0/0xe0 @ 1
[    7.444125] pci 0000:00:01.0: Video device with shadowed ROM at [mem 0x000c0000-0x000dffff]
[    7.453912] pci 0000:00:01.0: pci_fixup_video+0x0/0xe0 took 10035 usecs
[    7.462071] PCI: CLS 0 bytes, default 64
[    7.466728] initcall pci_apply_final_quirks+0x0/0x124 returned 0 after 30397 usecs
[    7.475556] calling  acpi_reserve_resources+0x0/0xea @ 1
[    7.481883] initcall acpi_reserve_resources+0x0/0xea returned 0 after 22 usecs
[    7.490377] calling  populate_rootfs+0x0/0x102 @ 1
[    7.497583] initcall populate_rootfs+0x0/0x102 returned 0 after 1551 usecs
[    7.505727] calling  pci_iommu_init+0x0/0x3e @ 1
[    7.511447] initcall pci_iommu_init+0x0/0x3e returned 0 after 109 usecs
[    7.520520] calling  ia32_binfmt_init+0x0/0x13 @ 1
[    7.526120] initcall ia32_binfmt_init+0x0/0x13 returned 0 after 7 usecs
[    7.533946] calling  rapl_pmu_init+0x0/0x267 @ 1
[    7.539599] initcall rapl_pmu_init+0x0/0x267 returned -19 after 105 usecs
[    7.547533] calling  amd_uncore_init+0x0/0x310 @ 1
[    7.553089] initcall amd_uncore_init+0x0/0x310 returned -19 after 0 usecs
[    7.561026] calling  amd_ibs_init+0x0/0x27b @ 1
[    7.566386] initcall amd_ibs_init+0x0/0x27b returned -19 after 0 usecs
[    7.573973] calling  amd_iommu_pc_init+0x0/0x22c @ 1
[    7.580028] initcall amd_iommu_pc_init+0x0/0x22c returned -19 after 247 usecs
[    7.588406] calling  msr_init+0x0/0x55 @ 1
[    7.593524] initcall msr_init+0x0/0x55 returned 0 after 235 usecs
[    7.600583] calling  intel_uncore_init+0x0/0x36f @ 1
[    7.606553] initcall intel_uncore_init+0x0/0x36f returned -19 after 28 usecs
[    7.614918] calling  cstate_pmu_init+0x0/0x1a1 @ 1
[    7.620540] initcall cstate_pmu_init+0x0/0x1a1 returned -19 after 0 usecs
[    7.631297] calling  register_kernel_offset_dumper+0x0/0x1a @ 1
[    7.638173] initcall register_kernel_offset_dumper+0x0/0x1a returned 0 after 83 usecs
[    7.647221] calling  i8259A_init_ops+0x0/0x20 @ 1
[    7.652899] initcall i8259A_init_ops+0x0/0x20 returned 0 after 1 usecs
[    7.660549] calling  init_tsc_clocksource+0x0/0xa4 @ 1
[    7.666648] clocksource: tsc: mask: 0xffffffffffffffff max_cycles: 0x39a85afc727, max_idle_ns: 881590685098 ns
[    7.678236] initcall init_tsc_clocksource+0x0/0xa4 returned 0 after 11339 usecs
[    7.686988] calling  add_rtc_cmos+0x0/0xb0 @ 1
[    7.692426] initcall add_rtc_cmos+0x0/0xb0 returned 0 after 157 usecs
[    7.699912] calling  i8237A_init_ops+0x0/0x3a @ 1
[    7.705680] initcall i8237A_init_ops+0x0/0x3a returned 0 after 100 usecs
[    7.713489] calling  umwait_init+0x0/0x94 @ 1
[    7.718620] initcall umwait_init+0x0/0x94 returned -19 after 18 usecs
[    7.728168] calling  thermal_throttle_init_device+0x0/0x3d @ 1
[    7.734892] initcall thermal_throttle_init_device+0x0/0x3d returned 0 after 67 usecs
[    7.743757] calling  msr_init+0x0/0xd7 @ 1
[    7.763089] initcall msr_init+0x0/0xd7 returned 0 after 14230 usecs
[    7.770648] calling  cpuid_init+0x0/0xd7 @ 1
[    7.791460] initcall cpuid_init+0x0/0xd7 returned 0 after 15392 usecs
[    7.799035] calling  ioapic_init_ops+0x0/0x13 @ 1
[    7.804582] initcall ioapic_init_ops+0x0/0x13 returned 0 after 28 usecs
[    7.812212] calling  add_pcspkr+0x0/0x6c @ 1
[    7.817466] initcall add_pcspkr+0x0/0x6c returned 0 after 126 usecs
[    7.825128] calling  start_periodic_check_for_corruption+0x0/0x30 @ 1
[    7.832693] check: Scanning for low memory corruption every 60 seconds
[    7.840522] initcall start_periodic_check_for_corruption+0x0/0x30 returned 0 after 7679 usecs
[    7.851182] calling  sysfb_init+0x0/0x9c @ 1
[    7.856374] initcall sysfb_init+0x0/0x9c returned 0 after 96 usecs
[    7.863672] calling  audit_classes_init+0x0/0xae @ 1
[    7.869515] initcall audit_classes_init+0x0/0xae returned 0 after 28 usecs
[    7.877524] calling  iosf_mbi_init+0x0/0x24 @ 1
[    7.883249] initcall iosf_mbi_init+0x0/0x24 returned 0 after 297 usecs
[    7.891017] calling  proc_execdomains_init+0x0/0x21 @ 1
[    7.897674] initcall proc_execdomains_init+0x0/0x21 returned 0 after 61 usecs
[    7.906254] calling  register_warn_debugfs+0x0/0x23 @ 1
[    7.914118] initcall register_warn_debugfs+0x0/0x23 returned 0 after 174 usecs
[    7.924038] calling  cpuhp_sysfs_init+0x0/0x79 @ 1
[    7.929905] initcall cpuhp_sysfs_init+0x0/0x79 returned 0 after 183 usecs
[    7.938240] calling  ioresources_init+0x0/0x49 @ 1
[    7.943886] initcall ioresources_init+0x0/0x49 returned 0 after 7 usecs
[    7.951602] calling  lockdep_proc_init+0x0/0x44 @ 1
[    7.957673] initcall lockdep_proc_init+0x0/0x44 returned 0 after 39 usecs
[    7.966451] calling  snapshot_device_init+0x0/0xc @ 1
[    7.975369] initcall snapshot_device_init+0x0/0xc returned 0 after 1387 usecs
[    7.986005] calling  irq_pm_init_ops+0x0/0x13 @ 1
[    7.993081] initcall irq_pm_init_ops+0x0/0x13 returned 0 after 36 usecs
[    8.002885] calling  rcu_torture_init+0x0/0xaad @ 1
[    8.010310] rcu-torture:--- Start of test: nreaders=7 nfakewriters=4 stat_interval=15 verbose=1 test_no_idle_hz=1 shuffle_interval=3 stutter=5 irqreader=1 fqs_duration=0 fqs_holdoff=0 fqs_stutter=3 test_boost=1/0 test_boost_interval=7 test_boost_duration=4 shutdown_secs=1800 stall_cpu=0 stall_cpu_holdoff=10 stall_cpu_irqsoff=0 stall_cpu_block=0 n_barrier_cbs=4 onoff_interval=1000 onoff_holdoff=30 read_exit_delay=13 read_exit_burst=16
[    8.056389] rcu:  Start-test grace-period state: g-1052 f0x0
[    8.063176] rcu-torture: Creating rcu_torture_writer task
[    8.074448] rcu-torture: Creating rcu_torture_fakewriter task
[    8.074917] rcu-torture: rcu_torture_writer task started
[    8.083207] rcu-torture: Creating rcu_torture_fakewriter task
[    8.083529] rcu-torture: rcu_torture_fakewriter task started
[    8.087608] rcu-torture: GP expediting controlled from boot/sysfs for rcu.
[    8.096125] rcu-torture: Creating rcu_torture_fakewriter task
[    8.096301] rcu-torture: rcu_torture_fakewriter task started
[    8.101388] rcu_torture_writer: Testing conditional GPs.
[    8.112972] rcu-torture: Creating rcu_torture_fakewriter task
[    8.113111] rcu-torture: rcu_torture_fakewriter task started
[    8.118350] rcu_torture_writer: Testing expedited GPs.
[    8.128392] rcu-torture: Creating rcu_torture_reader task
[    8.128707] rcu-torture: rcu_torture_fakewriter task started
[    8.132983] rcu_torture_writer: Testing asynchronous GPs.
[    8.141695] rcu-torture: Creating rcu_torture_reader task
[    8.141974] rcu-torture: rcu_torture_reader task started
[    8.146978] rcu_torture_writer: Testing normal GPs.
[    8.156464] rcu-torture: Creating rcu_torture_reader task
[    8.156755] rcu-torture: rcu_torture_reader task started
[    8.207763] rcu-torture: Creating rcu_torture_reader task
[    8.208365] rcu-torture: rcu_torture_reader task started
[    8.216786] rcu-torture: Creating rcu_torture_reader task
[    8.217201] rcu-torture: rcu_torture_reader task started
[    8.236637] rcu-torture: Creating rcu_torture_reader task
[    8.236892] rcu-torture: rcu_torture_reader task started
[    8.245195] rcu-torture: Creating rcu_torture_reader task
[    8.245604] rcu-torture: rcu_torture_reader task started
[    8.264424] rcu-torture: Creating rcu_torture_stats task
[    8.264686] rcu-torture: rcu_torture_reader task started
[    8.272668] rcu-torture: Creating torture_shuffle task
[    8.272685] rcu-torture: rcu_torture_stats task started
[    8.292191] rcu-torture: Creating torture_stutter task
[    8.292212] rcu-torture: torture_shuffle task started
[    8.299680] rcu-torture: Creating torture_shutdown task
[    8.299698] rcu-torture: torture_stutter task started
[    8.320530] rcu-torture: Creating torture_onoff task
[    8.321085] rcu-torture: torture_shutdown task started
[    8.328705] rcu-torture: Creating rcu_torture_fwd_prog task
[    8.328956] rcu-torture: torture_onoff task started
[    8.328958] rcu-torture: torture_onoff begin holdoff
[    8.333743] rcu-torture:torture_shutdown task: 1799965 ms remaining
[    8.364247] rcu-torture: Creating rcu_torture_barrier_cbs task
[    8.364585] rcu-torture: rcu_torture_fwd_progress task started
[    8.372633] rcu-torture: Creating rcu_torture_barrier_cbs task
[    8.372686] rcu-torture: rcu_torture_barrier_cbs task started
[    8.395037] rcu-torture: Creating rcu_torture_barrier_cbs task
[    8.395565] rcu-torture: rcu_torture_barrier_cbs task started
[    8.404256] rcu-torture: Creating rcu_torture_barrier_cbs task
[    8.404352] rcu-torture: rcu_torture_barrier_cbs task started
[    8.427097] rcu-torture: Creating rcu_torture_barrier task
[    8.427119] rcu-torture: rcu_torture_barrier_cbs task started
[    8.436394] rcu-torture: Creating rcu_torture_read_exit task
[    8.436487] rcu-torture: rcu_torture_barrier task starting
[    8.456783] initcall rcu_torture_init+0x0/0xaad returned 0 after 436118 usecs
[    8.457154] rcu-torture: rcu_torture_read_exit: Start of test
[    8.465979] calling  timekeeping_init_ops+0x0/0x13 @ 1
[    8.480682] initcall timekeeping_init_ops+0x0/0x13 returned 0 after 16 usecs
[    8.489632] calling  init_clocksource_sysfs+0x0/0x23 @ 1
[    8.496549] initcall init_clocksource_sysfs+0x0/0x23 returned 0 after 133 usecs
[    8.505888] calling  init_timer_list_procfs+0x0/0x31 @ 1
[    8.512707] initcall init_timer_list_procfs+0x0/0x31 returned 0 after 5 usecs
[    8.521652] calling  alarmtimer_init+0x0/0xf5 @ 1
[    8.528132] initcall alarmtimer_init+0x0/0xf5 returned 0 after 420 usecs
[    8.536742] calling  init_posix_timers+0x0/0x29 @ 1
[    8.543138] initcall init_posix_timers+0x0/0x29 returned 0 after 155 usecs
[    8.551790] calling  clockevents_init_sysfs+0x0/0xbf @ 1
[    8.559347] initcall clockevents_init_sysfs+0x0/0xbf returned 0 after 665 usecs
[    8.568649] calling  proc_dma_init+0x0/0x21 @ 1
[    8.574665] initcall proc_dma_init+0x0/0x21 returned 0 after 31 usecs
[    8.582913] calling  proc_modules_init+0x0/0x1e @ 1
[    8.589182] initcall proc_modules_init+0x0/0x1e returned 0 after 16 usecs
[    8.600134] calling  kallsyms_init+0x0/0x21 @ 1
[    8.606346] initcall kallsyms_init+0x0/0x21 returned 0 after 6 usecs
[    8.615110] calling  pid_namespaces_init+0x0/0x2c @ 1
[    8.623177] initcall pid_namespaces_init+0x0/0x2c returned 0 after 14 usecs
[    8.632007] calling  audit_watch_init+0x0/0x37 @ 1
[    8.637985] initcall audit_watch_init+0x0/0x37 returned 0 after 2 usecs
[    8.646364] calling  audit_fsnotify_init+0x0/0x37 @ 1
[    8.653004] initcall audit_fsnotify_init+0x0/0x37 returned 0 after 2 usecs
[    8.662471] calling  audit_tree_init+0x0/0x6d @ 1
[    8.669728] initcall audit_tree_init+0x0/0x6d returned 0 after 9 usecs
[    8.679699] calling  seccomp_sysctl_init+0x0/0x2b @ 1
[    8.687307] initcall seccomp_sysctl_init+0x0/0x2b returned 0 after 42 usecs
[    8.696321] calling  utsname_sysctl_init+0x0/0x13 @ 1
[    8.702661] initcall utsname_sysctl_init+0x0/0x13 returned 0 after 39 usecs
[    8.711150] calling  init_tracepoints+0x0/0x27 @ 1
[    8.717283] initcall init_tracepoints+0x0/0x27 returned 0 after 83 usecs
[    8.725521] calling  init_blk_tracer+0x0/0x50 @ 1
[    8.732484] initcall init_blk_tracer+0x0/0x50 returned 0 after 857 usecs
[    8.740922] calling  perf_event_sysfs_init+0x0/0x83 @ 1
[    8.748235] initcall perf_event_sysfs_init+0x0/0x83 returned 0 after 720 usecs
[    8.757079] calling  system_trusted_keyring_init+0x0/0x60 @ 1
[    8.765014] Initialise system trusted keyrings
[    8.770602] initcall system_trusted_keyring_init+0x0/0x60 returned 0 after 5453 usecs
[    8.779947] calling  kswapd_init+0x0/0x5c @ 1
[    8.787685] initcall kswapd_init+0x0/0x5c returned 0 after 2202 usecs
[    8.796453] calling  extfrag_debug_init+0x0/0x54 @ 1
[    8.803436] initcall extfrag_debug_init+0x0/0x54 returned 0 after 124 usecs
[    8.812833] calling  mm_compute_batch_init+0x0/0x12 @ 1
[    8.819903] initcall mm_compute_batch_init+0x0/0x12 returned 0 after 17 usecs
[    8.829865] calling  slab_proc_init+0x0/0x21 @ 1
[    8.836893] initcall slab_proc_init+0x0/0x21 returned 0 after 49 usecs
[    8.847284] calling  workingset_init+0x0/0x8c @ 1
[    8.855316] workingset: timestamp_bits=56 max_order=17 bucket_order=0
[    8.865081] initcall workingset_init+0x0/0x8c returned 0 after 9532 usecs
[    8.875234] calling  proc_vmalloc_init+0x0/0x32 @ 1
[    8.882774] initcall proc_vmalloc_init+0x0/0x32 returned 0 after 7 usecs
[    8.892864] calling  procswaps_init+0x0/0x1e @ 1
[    8.900236] initcall procswaps_init+0x0/0x1e returned 0 after 23 usecs
[    8.910230] calling  slab_sysfs_init+0x0/0xec @ 1
[    8.946690] initcall slab_sysfs_init+0x0/0xec returned 0 after 28813 usecs
[    8.956207] calling  fcntl_init+0x0/0x29 @ 1
[    8.962516] initcall fcntl_init+0x0/0x29 returned 0 after 80 usecs
[    8.970884] calling  proc_filesystems_init+0x0/0x21 @ 1
[    8.978178] initcall proc_filesystems_init+0x0/0x21 returned 0 after 6 usecs
[    8.988020] calling  start_dirtytime_writeback+0x0/0x29 @ 1
[    8.995869] initcall start_dirtytime_writeback+0x0/0x29 returned 0 after 2 usecs
[    9.005929] calling  blkdev_init+0x0/0x1b @ 1
[    9.012351] initcall blkdev_init+0x0/0x1b returned 0 after 174 usecs
[    9.022384] calling  dio_init+0x0/0x2c @ 1
[    9.028425] initcall dio_init+0x0/0x2c returned 0 after 124 usecs
[    9.036941] calling  dnotify_init+0x0/0x78 @ 1
[    9.043343] initcall dnotify_init+0x0/0x78 returned 0 after 95 usecs
[    9.053149] calling  aio_setup+0x0/0x78 @ 1
[    9.059542] initcall aio_setup+0x0/0x78 returned 0 after 130 usecs
[    9.069598] calling  io_uring_init+0x0/0x2c @ 1
[    9.076382] initcall io_uring_init+0x0/0x2c returned 0 after 10 usecs
[    9.085903] calling  mbcache_init+0x0/0x30 @ 1
[    9.093001] initcall mbcache_init+0x0/0x30 returned 0 after 130 usecs
[    9.102795] calling  init_grace+0x0/0xc @ 1
[    9.108895] initcall init_grace+0x0/0xc returned 0 after 6 usecs
[    9.117724] calling  init_v2_quota_format+0x0/0x21 @ 1
[    9.126051] initcall init_v2_quota_format+0x0/0x21 returned 0 after 252 usecs
[    9.137391] calling  init_devpts_fs+0x0/0x27 @ 1
[    9.144244] initcall init_devpts_fs+0x0/0x27 returned 0 after 78 usecs
[    9.154716] calling  ext4_init_fs+0x0/0x1c2 @ 1
[    9.162902] initcall ext4_init_fs+0x0/0x1c2 returned 0 after 753 usecs
[    9.171633] calling  journal_init+0x0/0x11c @ 1
[    9.178092] initcall journal_init+0x0/0x11c returned 0 after 380 usecs
[    9.186780] calling  init_fat_fs+0x0/0x49 @ 1
[    9.192645] initcall init_fat_fs+0x0/0x49 returned 0 after 105 usecs
[    9.200790] calling  init_vfat_fs+0x0/0xc @ 1
[    9.206691] initcall init_vfat_fs+0x0/0xc returned 0 after 17 usecs
[    9.214988] calling  init_msdos_fs+0x0/0xc @ 1
[    9.221292] initcall init_msdos_fs+0x0/0xc returned 0 after 3 usecs
[    9.229750] calling  init_iso9660_fs+0x0/0x6c @ 1
[    9.236361] initcall init_iso9660_fs+0x0/0x6c returned 0 after 94 usecs
[    9.245679] calling  init_nfs_fs+0x0/0x13a @ 1
[    9.255213] initcall init_nfs_fs+0x0/0x13a returned 0 after 2753 usecs
[    9.264311] calling  init_nfs_v2+0x0/0x13 @ 1
[    9.271326] initcall init_nfs_v2+0x0/0x13 returned 0 after 66 usecs
[    9.279635] calling  init_nfs_v3+0x0/0x13 @ 1
[    9.285730] initcall init_nfs_v3+0x0/0x13 returned 0 after 37 usecs
[    9.294469] calling  init_nfs_v4+0x0/0x32 @ 1
[    9.300400] NFS: Registering the id_resolver key type
[    9.307543] Key type id_resolver registered
[    9.313273] Key type id_legacy registered
[    9.318938] initcall init_nfs_v4+0x0/0x32 returned 0 after 18157 usecs
[    9.327763] calling  init_nlm+0x0/0x5b @ 1
[    9.333750] initcall init_nlm+0x0/0x5b returned 0 after 17 usecs
[    9.342289] calling  init_nls_cp437+0x0/0xe @ 1
[    9.348516] initcall init_nls_cp437+0x0/0xe returned 0 after 16 usecs
[    9.357612] calling  init_nls_ascii+0x0/0xe @ 1
[    9.364283] initcall init_nls_ascii+0x0/0xe returned 0 after 1 usecs
[    9.373090] calling  init_nls_iso8859_1+0x0/0xe @ 1
[    9.379785] initcall init_nls_iso8859_1+0x0/0xe returned 0 after 1 usecs
[    9.388990] calling  init_nls_utf8+0x0/0x21 @ 1
[    9.395593] initcall init_nls_utf8+0x0/0x21 returned 0 after 2 usecs
[    9.404296] calling  init_autofs_fs+0x0/0x25 @ 1
[    9.411661] initcall init_autofs_fs+0x0/0x25 returned 0 after 972 usecs
[    9.421388] calling  ipc_init+0x0/0x24 @ 1
[    9.427309] initcall ipc_init+0x0/0x24 returned 0 after 70 usecs
[    9.435894] calling  ipc_sysctl_init+0x0/0x13 @ 1
[    9.442173] initcall ipc_sysctl_init+0x0/0x13 returned 0 after 12 usecs
[    9.451176] calling  init_mqueue_fs+0x0/0xb1 @ 1
[    9.458180] initcall init_mqueue_fs+0x0/0xb1 returned 0 after 274 usecs
[    9.467847] calling  key_proc_init+0x0/0x63 @ 1
[    9.474570] initcall key_proc_init+0x0/0x63 returned 0 after 11 usecs
[    9.482456] calling  selinux_nf_ip_init+0x0/0x2e @ 1
[    9.488516] initcall selinux_nf_ip_init+0x0/0x2e returned 0 after 47 usecs
[    9.496840] calling  init_sel_fs+0x0/0x116 @ 1
[    9.502355] initcall init_sel_fs+0x0/0x116 returned 0 after 0 usecs
[    9.509998] calling  selnl_init+0x0/0x7c @ 1
[    9.515314] initcall selnl_init+0x0/0x7c returned 0 after 76 usecs
[    9.522941] calling  sel_netif_init+0x0/0x36 @ 1
[    9.529991] initcall sel_netif_init+0x0/0x36 returned 0 after 1 usecs
[    9.538571] calling  sel_netnode_init+0x0/0x33 @ 1
[    9.544990] initcall sel_netnode_init+0x0/0x33 returned 0 after 10 usecs
[    9.555749] calling  sel_netport_init+0x0/0x33 @ 1
[    9.562677] initcall sel_netport_init+0x0/0x33 returned 0 after 0 usecs
[    9.571679] calling  aurule_init+0x0/0x2a @ 1
[    9.577629] initcall aurule_init+0x0/0x2a returned 0 after 2 usecs
[    9.585735] calling  crypto_algapi_init+0x0/0xc @ 1
[    9.592630] initcall crypto_algapi_init+0x0/0xc returned 0 after 7 usecs
[    9.601656] calling  jent_mod_init+0x0/0x2d @ 1
[    9.621453] initcall jent_mod_init+0x0/0x2d returned 0 after 12506 usecs
[    9.629903] calling  asymmetric_key_init+0x0/0xc @ 1
[    9.636703] Key type asymmetric registered
[    9.643189] initcall asymmetric_key_init+0x0/0xc returned 0 after 6331 usecs
[    9.654132] calling  x509_key_init+0x0/0xc @ 1
[    9.661232] Asymmetric key parser 'x509' registered
[    9.668601] initcall x509_key_init+0x0/0xc returned 0 after 7245 usecs
[    9.678260] calling  proc_genhd_init+0x0/0x41 @ 1
[    9.685919] initcall proc_genhd_init+0x0/0x41 returned 0 after 9 usecs
[    9.696200] calling  bsg_init+0x0/0x113 @ 1
[    9.702903] Block layer SCSI generic (bsg) driver version 0.4 loaded (major 251)
[    9.713410] initcall bsg_init+0x0/0x113 returned 0 after 10281 usecs
[    9.721787] calling  deadline_init+0x0/0xc @ 1
[    9.727722] io scheduler mq-deadline registered
[    9.733794] initcall deadline_init+0x0/0xc returned 0 after 5978 usecs
[    9.742298] calling  kyber_init+0x0/0xc @ 1
[    9.747552] io scheduler kyber registered
[    9.752919] initcall kyber_init+0x0/0xc returned 0 after 5221 usecs
[    9.760924] calling  mod_init+0x0/0x7 @ 1
[    9.765982] initcall mod_init+0x0/0x7 returned 0 after 0 usecs
[    9.773571] calling  debug_objects_init_debugfs+0x0/0x3b @ 1
[    9.780885] initcall debug_objects_init_debugfs+0x0/0x3b returned 0 after 232 usecs
[    9.790661] calling  percpu_counter_startup+0x0/0x55 @ 1
[    9.802580] initcall percpu_counter_startup+0x0/0x55 returned 0 after 4888 usecs
[    9.813217] calling  sg_pool_init+0x0/0xb4 @ 1
[    9.819728] initcall sg_pool_init+0x0/0xb4 returned 0 after 352 usecs
[    9.828165] calling  pcie_portdrv_init+0x0/0x39 @ 1
[    9.835255] initcall pcie_portdrv_init+0x0/0x39 returned 0 after 106 usecs
[    9.844953] calling  pci_proc_init+0x0/0x68 @ 1
[    9.851107] initcall pci_proc_init+0x0/0x68 returned 0 after 26 usecs
[    9.859442] calling  pci_hotplug_init+0x0/0x7 @ 1
[    9.865709] initcall pci_hotplug_init+0x0/0x7 returned 0 after 0 usecs
[    9.875302] calling  efifb_driver_init+0x0/0xe @ 1
[    9.883237] initcall efifb_driver_init+0x0/0xe returned 0 after 38 usecs
[    9.891625] calling  ged_driver_init+0x0/0xe @ 1
[    9.897621] initcall ged_driver_init+0x0/0xe returned 0 after 77 usecs
[    9.905652] calling  acpi_ac_init+0x0/0x92 @ 1
[    9.911922] initcall acpi_ac_init+0x0/0x92 returned 0 after 555 usecs
[    9.920500] calling  acpi_button_driver_init+0x0/0x52 @ 1
[    9.929257] input: Power Button as /devices/LNXSYSTM:00/LNXPWRBN:00/input/input0
[    9.941274] ACPI: Power Button [PWRF]
[    9.947671] initcall acpi_button_driver_init+0x0/0x52 returned 0 after 18586 usecs
[    9.958585] calling  acpi_fan_driver_init+0x0/0xe @ 1
[    9.966461] initcall acpi_fan_driver_init+0x0/0xe returned 0 after 32 usecs
[    9.976933] calling  acpi_video_init+0x0/0xcb @ 1
[    9.984289] initcall acpi_video_init+0x0/0xcb returned 0 after 115 usecs
[    9.994751] calling  acpi_processor_driver_init+0x0/0xad @ 1
[   10.003498] initcall acpi_processor_driver_init+0x0/0xad returned 0 after 939 usecs
[   10.014278] calling  acpi_thermal_init+0x0/0x71 @ 1
[   10.023560] initcall acpi_thermal_init+0x0/0x71 returned 0 after 2078 usecs
[   10.033307] calling  acpi_battery_init+0x0/0x32 @ 1
[   10.039923] initcall acpi_battery_init+0x0/0x32 returned 0 after 72 usecs
[   10.049669] calling  bgrt_init+0x0/0xb6 @ 1
[   10.055573] initcall bgrt_init+0x0/0xb6 returned -19 after 0 usecs
[   10.063993] calling  gpio_clk_driver_init+0x0/0xe @ 1
[   10.071017] initcall gpio_clk_driver_init+0x0/0xe returned 0 after 57 usecs
[   10.080876] calling  plt_clk_driver_init+0x0/0xe @ 1
[   10.089246] initcall plt_clk_driver_init+0x0/0xe returned 0 after 30 usecs
[   10.100538] calling  virtio_pci_driver_init+0x0/0x15 @ 1
[   10.109178] initcall virtio_pci_driver_init+0x0/0x15 returned 0 after 198 usecs
[   10.121552] calling  n_null_init+0x0/0x1e @ 1
[   10.128465] initcall n_null_init+0x0/0x1e returned 0 after 78 usecs
[   10.137472] calling  pty_init+0x0/0x1e8 @ 1
[   10.144501] initcall pty_init+0x0/0x1e8 returned 0 after 1354 usecs
[   10.153191] calling  sysrq_init+0x0/0x62 @ 1
[   10.158871] initcall sysrq_init+0x0/0x62 returned 0 after 9 usecs
[   10.167149] calling  serial8250_init+0x0/0x17e @ 1
[   10.174128] Serial: 8250/16550 driver, 4 ports, IRQ sharing enabled
[   10.185900] 00:03: ttyS0 at I/O 0x3f8 (irq = 4, base_baud = 115200) is a 16550A
[   10.205292] initcall serial8250_init+0x0/0x17e returned 0 after 30830 usecs
[   10.215471] calling  serial_pci_driver_init+0x0/0x15 @ 1
[   10.222902] initcall serial_pci_driver_init+0x0/0x15 returned 0 after 165 usecs
[   10.232752] calling  exar_pci_driver_init+0x0/0x15 @ 1
[   10.239951] initcall exar_pci_driver_init+0x0/0x15 returned 0 after 175 usecs
[   10.249552] calling  lpss8250_pci_driver_init+0x0/0x15 @ 1
[   10.256984] initcall lpss8250_pci_driver_init+0x0/0x15 returned 0 after 40 usecs
[   10.267175] calling  mid8250_pci_driver_init+0x0/0x15 @ 1
[   10.274983] initcall mid8250_pci_driver_init+0x0/0x15 returned 0 after 34 usecs
[   10.285350] calling  virtio_console_init+0x0/0xff @ 1
[   10.293423] initcall virtio_console_init+0x0/0xff returned 0 after 226 usecs
[   10.303335] calling  hpet_init+0x0/0x64 @ 1
[   10.311710] initcall hpet_init+0x0/0x64 returned 0 after 2177 usecs
[   10.320759] calling  nvram_module_init+0x0/0x83 @ 1
[   10.330327] Non-volatile memory driver v1.3
[   10.337561] initcall nvram_module_init+0x0/0x83 returned 0 after 9413 usecs
[   10.348273] calling  hwrng_modinit+0x0/0x8a @ 1
[   10.360272] initcall hwrng_modinit+0x0/0x8a returned 0 after 4610 usecs
[   10.370407] calling  mod_init+0x0/0x48 @ 1
[   10.376929] initcall mod_init+0x0/0x48 returned -19 after 0 usecs
[   10.386514] calling  agp_init+0x0/0x23 @ 1
[   10.393428] Linux agpgart interface v0.103
[   10.400190] initcall agp_init+0x0/0x23 returned 0 after 6646 usecs
[   10.409774] calling  agp_amd64_mod_init+0x0/0x5 @ 1
[   10.418459] initcall agp_amd64_mod_init+0x0/0x5 returned -19 after 822 usecs
[   10.453039] calling  agp_intel_init+0x0/0x28 @ 1
[   10.502162] initcall agp_intel_init+0x0/0x28 returned 0 after 34169 usecs
[   10.514271] calling  drm_kms_helper_init+0x0/0x7 @ 1
[   10.523020] initcall drm_kms_helper_init+0x0/0x7 returned 0 after 58 usecs
[   10.535043] calling  drm_core_init+0x0/0xbd @ 1
[   10.548784] initcall drm_core_init+0x0/0xbd returned 0 after 6161 usecs
[   10.559769] calling  i915_init+0x0/0x6b @ 1
[   10.579716] initcall i915_init+0x0/0x6b returned 0 after 12864 usecs
[   10.590397] calling  cn_proc_init+0x0/0x35 @ 1
[   10.604212] initcall cn_proc_init+0x0/0x35 returned 0 after 4870 usecs
[   10.614710] calling  topology_sysfs_init+0x0/0x27 @ 1
[   10.624709] initcall topology_sysfs_init+0x0/0x27 returned 0 after 1838 usecs
[   10.637121] calling  cacheinfo_sysfs_init+0x0/0x27 @ 1
[   10.667801] initcall cacheinfo_sysfs_init+0x0/0x27 returned 0 after 21665 usecs
[   10.682043] calling  loop_init+0x0/0x16a @ 1
[   10.863239] loop: module loaded
[   10.867984] initcall loop_init+0x0/0x16a returned 0 after 173329 usecs
[   10.878163] calling  mac_hid_init+0x0/0x21 @ 1
[   10.885560] initcall mac_hid_init+0x0/0x21 returned 0 after 114 usecs
[   10.895738] calling  spi_transport_init+0x0/0x74 @ 1
[   10.904659] initcall spi_transport_init+0x0/0x74 returned 0 after 1363 usecs
[   10.915785] calling  init_sd+0x0/0x18c @ 1
[   10.923459] initcall init_sd+0x0/0x18c returned 0 after 293 usecs
[   10.933507] calling  init_sr+0x0/0x43 @ 1
[   10.940456] initcall init_sr+0x0/0x43 returned 0 after 289 usecs
[   10.950566] calling  init_sg+0x0/0x1c0 @ 1
[   10.958648] initcall init_sg+0x0/0x1c0 returned 0 after 1215 usecs
[   10.969328] calling  ahci_pci_driver_init+0x0/0x15 @ 1
[   10.978605] ahci 0000:00:1f.2: version 3.0
[   10.992701] PCI Interrupt Link [GSIA] enabled at IRQ 16
[   11.023189] ahci 0000:00:1f.2: AHCI 0001.0000 32 slots 6 ports 1.5 Gbps 0x3f impl SATA mode
[   11.039156] ahci 0000:00:1f.2: flags: 64bit ncq only 
[   11.099809] scsi host0: ahci
[   11.117710] scsi host1: ahci
[   11.158444] scsi host2: ahci
[   11.181805] scsi host3: ahci
[   11.200243] scsi host4: ahci
[   11.221409] scsi host5: ahci
[   11.231297] ata1: SATA max UDMA/133 abar m4096@0xfebf1000 port 0xfebf1100 irq 24
[   11.242968] ata2: SATA max UDMA/133 abar m4096@0xfebf1000 port 0xfebf1180 irq 24
[   11.254927] ata3: SATA max UDMA/133 abar m4096@0xfebf1000 port 0xfebf1200 irq 24
[   11.267443] ata4: SATA max UDMA/133 abar m4096@0xfebf1000 port 0xfebf1280 irq 24
[   11.281401] ata5: SATA max UDMA/133 abar m4096@0xfebf1000 port 0xfebf1300 irq 24
[   11.294737] ata6: SATA max UDMA/133 abar m4096@0xfebf1000 port 0xfebf1380 irq 24
[   11.307380] initcall ahci_pci_driver_init+0x0/0x15 returned 0 after 321996 usecs
[   11.320494] calling  piix_init+0x0/0x26 @ 1
[   11.328270] initcall piix_init+0x0/0x26 returned 0 after 524 usecs
[   11.341264] calling  amd_pci_driver_init+0x0/0x15 @ 1
[   11.350584] initcall amd_pci_driver_init+0x0/0x15 returned 0 after 129 usecs
[   11.364292] calling  oldpiix_pci_driver_init+0x0/0x15 @ 1
[   11.373965] initcall oldpiix_pci_driver_init+0x0/0x15 returned 0 after 44 usecs
[   11.385989] calling  sch_pci_driver_init+0x0/0x15 @ 1
[   11.394288] initcall sch_pci_driver_init+0x0/0x15 returned 0 after 99 usecs
[   11.404950] calling  net_olddevs_init+0x0/0x55 @ 1
[   11.413345] initcall net_olddevs_init+0x0/0x55 returned 0 after 481 usecs
[   11.425104] calling  blackhole_netdev_init+0x0/0x78 @ 1
[   11.434264] initcall blackhole_netdev_init+0x0/0x78 returned 0 after 434 usecs
[   11.446561] calling  phy_module_init+0x0/0x13 @ 1
[   11.455781] initcall phy_module_init+0x0/0x13 returned 0 after 514 usecs
[   11.468390] calling  tg3_driver_init+0x0/0x15 @ 1
[   11.479280] initcall tg3_driver_init+0x0/0x15 returned 0 after 215 usecs
[   11.490700] calling  e100_init_module+0x0/0x4c @ 1
[   11.498895] e100: Intel(R) PRO/100 Network Driver
[   11.506581] e100: Copyright(c) 1999-2006 Intel Corporation
[   11.516416] initcall e100_init_module+0x0/0x4c returned 0 after 17025 usecs
[   11.527757] calling  e1000_init_module+0x0/0x72 @ 1
[   11.535902] e1000: Intel(R) PRO/1000 Network Driver
[   11.545057] e1000: Copyright (c) 1999-2006 Intel Corporation.
[   11.554697] initcall e1000_init_module+0x0/0x72 returned 0 after 18449 usecs
[   11.566660] calling  e1000_init_module+0x0/0x2d @ 1
[   11.575163] e1000e: Intel(R) PRO/1000 Network Driver
[   11.586096] e1000e: Copyright(c) 1999 - 2015 Intel Corporation.
[   11.597475] initcall e1000_init_module+0x0/0x2d returned 0 after 21904 usecs
[   11.609458] calling  sky2_init_module+0x0/0x21 @ 1
[   11.617475] sky2: driver version 1.30
[   11.623690] initcall sky2_init_module+0x0/0x21 returned 0 after 6066 usecs
[   11.626636] ata1: SATA link down (SStatus 0 SControl 300)
[   11.634964] calling  forcedeth_pci_driver_init+0x0/0x15 @ 1
[   11.635036] initcall forcedeth_pci_driver_init+0x0/0x15 returned 0 after 66 usecs
[   11.647640] ata5: SATA link down (SStatus 0 SControl 300)
[   11.653984] calling  rtl8139_init_module+0x0/0x15 @ 1
[   11.672105] ata3: SATA link up 1.5 Gbps (SStatus 113 SControl 300)
[   11.675955] initcall rtl8139_init_module+0x0/0x15 returned 0 after 95 usecs
[   11.675958] calling  rtl8169_pci_driver_init+0x0/0x15 @ 1
[   11.676103] initcall rtl8169_pci_driver_init+0x0/0x15 returned 0 after 137 usecs
[   11.676105] calling  cdrom_init+0x0/0xc @ 1
[   11.676319] initcall cdrom_init+0x0/0xc returned 0 after 206 usecs
[   11.676320] calling  nonstatic_sysfs_init+0x0/0xc @ 1
[   11.676323] initcall nonstatic_sysfs_init+0x0/0xc returned 0 after 1 usecs
[   11.676325] calling  yenta_cardbus_driver_init+0x0/0x15 @ 1
[   11.676461] initcall yenta_cardbus_driver_init+0x0/0x15 returned 0 after 130 usecs
[   11.676462] calling  mon_init+0x0/0x144 @ 1
[   11.678522] initcall mon_init+0x0/0x144 returned 0 after 2007 usecs
[   11.691062] ata2: SATA link down (SStatus 0 SControl 300)
[   11.697379] calling  ehci_hcd_init+0x0/0x56 @ 1
[   11.708776] ata3.00: ATAPI: QEMU DVD-ROM, 2.5+, max UDMA/100
[   11.717940] ehci_hcd: USB 2.0 'Enhanced' Host Controller (EHCI) Driver
[   11.729047] ata3.00: applying bridge limits
[   11.731579] ata4: SATA link down (SStatus 0 SControl 300)
[   11.736028] initcall ehci_hcd_init+0x0/0x56 returned 0 after 17781 usecs
[   11.750408] ata6: SATA link down (SStatus 0 SControl 300)
[   11.754121] calling  ehci_pci_init+0x0/0x64 @ 1
[   11.754124] ehci-pci: EHCI PCI platform driver
[   11.754256] initcall ehci_pci_init+0x0/0x64 returned 0 after 128 usecs
[   11.765533] ata3.00: configured for UDMA/100
[   11.774035] calling  ohci_hcd_mod_init+0x0/0x4e @ 1
[   11.774101] ohci_hcd: USB 1.1 'Open' Host Controller (OHCI) Driver
[   11.774208] initcall ohci_hcd_mod_init+0x0/0x4e returned 0 after 166 usecs
[   11.794553] scsi 2:0:0:0: CD-ROM            QEMU     QEMU DVD-ROM     2.5+ PQ: 0 ANSI: 5
[   11.803894] calling  ohci_pci_init+0x0/0x64 @ 1
[   11.803922] ohci-pci: OHCI PCI platform driver
[   11.803994] initcall ohci_pci_init+0x0/0x64 returned 0 after 62 usecs
[   11.803996] calling  uhci_hcd_init+0x0/0xa8 @ 1
[   11.803998] uhci_hcd: USB Universal Host Controller Interface driver
[   11.804198] initcall uhci_hcd_init+0x0/0xa8 returned 0 after 195 usecs
[   12.020936] calling  xhci_hcd_init+0x0/0x1e @ 1
[   12.033339] initcall xhci_hcd_init+0x0/0x1e returned 0 after 3358 usecs
[   12.042795] sr 2:0:0:0: [sr0] scsi3-mmc drive: 4x/4x cd/rw xa/form2 tray
[   12.044779] calling  xhci_pci_init+0x0/0x49 @ 1
[   12.057902] cdrom: Uniform CD-ROM driver Revision: 3.20
[   12.070221] initcall xhci_pci_init+0x0/0x49 returned 0 after 5203 usecs
[   12.083913] calling  usblp_driver_init+0x0/0x15 @ 1
[   12.092810] usbcore: registered new interface driver usblp
[   12.101039] initcall usblp_driver_init+0x0/0x15 returned 0 after 9255 usecs
[   12.112117] calling  usb_storage_driver_init+0x0/0x2a @ 1
[   12.121432] usbcore: registered new interface driver usb-storage
[   12.131213] initcall usb_storage_driver_init+0x0/0x2a returned 0 after 10273 usecs
[   12.143528] calling  i8042_init+0x0/0x4c2 @ 1
[   12.153686] i8042: PNP: PS/2 Controller [PNP0303:KBD,PNP0f13:MOU] at 0x60,0x64 irq 1,12
[   12.157668] sr 2:0:0:0: Attached scsi CD-ROM sr0
[   12.178259] sr 2:0:0:0: Attached scsi generic sg0 type 5
[   12.187232] serio: i8042 KBD port at 0x60,0x64 irq 1
[   12.196700] serio: i8042 AUX port at 0x60,0x64 irq 12
[   12.204707] initcall i8042_init+0x0/0x4c2 returned 0 after 52756 usecs
[   12.214906] calling  serport_init+0x0/0x2c @ 1
[   12.222813] initcall serport_init+0x0/0x2c returned 0 after 191 usecs
[   12.233735] calling  input_leds_init+0x0/0xc @ 1
[   12.241529] initcall input_leds_init+0x0/0xc returned 0 after 82 usecs
[   12.253277] calling  evdev_init+0x0/0xc @ 1
[   12.270332] initcall evdev_init+0x0/0xc returned 0 after 9275 usecs
[   12.281671] calling  atkbd_init+0x0/0x21 @ 1
[   12.289504] initcall atkbd_init+0x0/0x21 returned 0 after 606 usecs
[   12.301205] calling  psmouse_init+0x0/0x7f @ 1
[   12.311736] initcall psmouse_init+0x0/0x7f returned 0 after 3277 usecs
[   12.323378] calling  cmos_init+0x0/0x73 @ 1
[   12.331308] input: AT Translated Set 2 keyboard as /devices/platform/i8042/serio0/input/input1
[   12.335774] rtc_cmos 00:04: RTC can wake from S4
[   12.367183] rtc_cmos 00:04: registered as rtc0
[   12.375594] rtc_cmos 00:04: alarms up to one day, y3k, 242 bytes nvram, hpet irqs
[   12.388715] initcall cmos_init+0x0/0x73 returned 0 after 56379 usecs
[   12.400607] calling  smbalert_driver_init+0x0/0xe @ 1
[   12.409473] initcall smbalert_driver_init+0x0/0xe returned 0 after 98 usecs
[   12.421164] calling  i2c_i801_init+0x0/0xc5 @ 1
[   12.438569] i801_smbus 0000:00:1f.3: SMBus using PCI interrupt
[   12.449397] i2c i2c-0: 1/1 memory slots populated (from DMI)
[   12.459236] i2c i2c-0: Memory type 0x07 not supported yet, not instantiating SPD
[   12.475401] initcall i2c_i801_init+0x0/0xc5 returned 0 after 45063 usecs
[   12.487668] calling  ptp_kvm_init+0x0/0xf0 @ 1
[   12.497396] initcall ptp_kvm_init+0x0/0xf0 returned 0 after 1780 usecs
[   12.508401] calling  dm_init+0x0/0x3c @ 1
[   12.519714] device-mapper: ioctl: 4.43.0-ioctl (2020-10-01) initialised: dm-devel@redhat.com
[   12.534665] initcall dm_init+0x0/0x3c returned 0 after 19195 usecs
[   12.546031] calling  dm_mirror_init+0x0/0x29 @ 1
[   12.553244] initcall dm_mirror_init+0x0/0x29 returned 0 after 2 usecs
[   12.563164] calling  dm_dirty_log_init+0x0/0x4f @ 1
[   12.571169] initcall dm_dirty_log_init+0x0/0x4f returned 0 after 25 usecs
[   12.580674] calling  dm_zero_init+0x0/0x29 @ 1
[   12.587359] initcall dm_zero_init+0x0/0x29 returned 0 after 3 usecs
[   12.596857] calling  intel_pstate_init+0x0/0x50f @ 1
[   12.605341] intel_pstate: CPU model not supported
[   12.612971] initcall intel_pstate_init+0x0/0x50f returned -19 after 8047 usecs
[   12.623772] calling  haltpoll_init+0x0/0xc0 @ 1
[   12.630684] initcall haltpoll_init+0x0/0xc0 returned -19 after 38 usecs
[   12.642014] calling  efivars_sysfs_init+0x0/0x30 @ 1
[   12.651379] initcall efivars_sysfs_init+0x0/0x30 returned 0 after 607 usecs
[   12.664459] calling  esrt_sysfs_init+0x0/0x2a2 @ 1
[   12.673249] initcall esrt_sysfs_init+0x0/0x2a2 returned -38 after 443 usecs
[   12.684821] calling  hid_init+0x0/0x5c @ 1
[   12.692724] hid: raw HID events driver (C) Jiri Kosina
[   12.702586] initcall hid_init+0x0/0x5c returned 0 after 10396 usecs
[   12.713551] calling  hid_generic_init+0x0/0x15 @ 1
[   12.722427] initcall hid_generic_init+0x0/0x15 returned 0 after 241 usecs
[   12.734278] calling  a4_driver_init+0x0/0x15 @ 1
[   12.746413] initcall a4_driver_init+0x0/0x15 returned 0 after 345 usecs
[   12.758202] calling  apple_driver_init+0x0/0x15 @ 1
[   12.767460] initcall apple_driver_init+0x0/0x15 returned 0 after 350 usecs
[   12.779301] calling  belkin_driver_init+0x0/0x15 @ 1
[   12.788633] initcall belkin_driver_init+0x0/0x15 returned 0 after 70 usecs
[   12.801332] calling  ch_driver_init+0x0/0x15 @ 1
[   12.809544] initcall ch_driver_init+0x0/0x15 returned 0 after 30 usecs
[   12.820733] calling  ch_driver_init+0x0/0x15 @ 1
[   12.828851] initcall ch_driver_init+0x0/0x15 returned 0 after 105 usecs
[   12.840149] calling  cp_driver_init+0x0/0x15 @ 1
[   12.848153] initcall cp_driver_init+0x0/0x15 returned 0 after 29 usecs
[   12.859416] calling  ez_driver_init+0x0/0x15 @ 1
[   12.867621] initcall ez_driver_init+0x0/0x15 returned 0 after 31 usecs
[   12.878982] calling  gyration_driver_init+0x0/0x15 @ 1
[   12.888162] initcall gyration_driver_init+0x0/0x15 returned 0 after 93 usecs
[   12.900329] calling  ite_driver_init+0x0/0x15 @ 1
[   12.909413] initcall ite_driver_init+0x0/0x15 returned 0 after 40 usecs
[   12.920722] calling  ks_driver_init+0x0/0x15 @ 1
[   12.927991] initcall ks_driver_init+0x0/0x15 returned 0 after 34 usecs
[   12.938629] calling  lg_driver_init+0x0/0x15 @ 1
[   12.946621] initcall lg_driver_init+0x0/0x15 returned 0 after 34 usecs
[   12.957438] calling  lg_g15_driver_init+0x0/0x15 @ 1
[   12.966571] initcall lg_g15_driver_init+0x0/0x15 returned 0 after 155 usecs
[   12.978989] calling  ms_driver_init+0x0/0x15 @ 1
[   12.987836] initcall ms_driver_init+0x0/0x15 returned 0 after 1101 usecs
[   12.998827] calling  mr_driver_init+0x0/0x15 @ 1
[   13.007309] initcall mr_driver_init+0x0/0x15 returned 0 after 288 usecs
[   13.018155] calling  ntrig_driver_init+0x0/0x15 @ 1
[   13.026708] initcall ntrig_driver_init+0x0/0x15 returned 0 after 330 usecs
[   13.038153] calling  pl_driver_init+0x0/0x15 @ 1
[   13.046282] initcall pl_driver_init+0x0/0x15 returned 0 after 544 usecs
[   13.057506] calling  pl_driver_init+0x0/0x15 @ 1
[   13.065574] initcall pl_driver_init+0x0/0x15 returned 0 after 276 usecs
[   13.075776] calling  redragon_driver_init+0x0/0x15 @ 1
[   13.084489] initcall redragon_driver_init+0x0/0x15 returned 0 after 280 usecs
[   13.095831] calling  samsung_driver_init+0x0/0x15 @ 1
[   13.103032] initcall samsung_driver_init+0x0/0x15 returned 0 after 33 usecs
[   13.113754] calling  sony_init+0x0/0x38 @ 1
[   13.120629] initcall sony_init+0x0/0x38 returned 0 after 34 usecs
[   13.130302] calling  sp_driver_init+0x0/0x15 @ 1
[   13.138569] initcall sp_driver_init+0x0/0x15 returned 0 after 838 usecs
[   13.148822] calling  ts_driver_init+0x0/0x15 @ 1
[   13.156363] initcall ts_driver_init+0x0/0x15 returned 0 after 35 usecs
[   13.166598] calling  hid_init+0x0/0x58 @ 1
[   13.172992] usbcore: registered new interface driver usbhid
[   13.181861] usbhid: USB HID core driver
[   13.187938] initcall hid_init+0x0/0x58 returned 0 after 14662 usecs
[   13.196966] calling  eeepc_laptop_init+0x0/0x57 @ 1
[   13.205066] initcall eeepc_laptop_init+0x0/0x57 returned -19 after 907 usecs
[   13.215559] calling  pmc_atom_init+0x0/0x27a @ 1
[   13.222778] initcall pmc_atom_init+0x0/0x27a returned -19 after 6 usecs
[   13.232742] calling  alsa_hwdep_init+0x0/0x5e @ 1
[   13.240591] initcall alsa_hwdep_init+0x0/0x5e returned 0 after 204 usecs
[   13.251705] calling  alsa_timer_init+0x0/0x1f9 @ 1
[   13.260095] initcall alsa_timer_init+0x0/0x1f9 returned 0 after 632 usecs
[   13.271360] calling  snd_hrtimer_init+0x0/0x117 @ 1
[   13.279419] initcall snd_hrtimer_init+0x0/0x117 returned 0 after 4 usecs
[   13.289597] calling  alsa_pcm_init+0x0/0x64 @ 1
[   13.297762] initcall alsa_pcm_init+0x0/0x64 returned 0 after 256 usecs
[   13.310044] calling  alsa_seq_init+0x0/0x4a @ 1
[   13.319625] initcall alsa_seq_init+0x0/0x4a returned 0 after 1574 usecs
[   13.331373] calling  alsa_seq_dummy_init+0x0/0x9c @ 1
[   13.340151] initcall alsa_seq_dummy_init+0x0/0x9c returned 0 after 282 usecs
[   13.352140] calling  azx_driver_init+0x0/0x15 @ 1
[   13.360733] initcall azx_driver_init+0x0/0x15 returned 0 after 483 usecs
[   13.372194] calling  sock_diag_init+0x0/0x2a @ 1
[   13.383297] initcall sock_diag_init+0x0/0x2a returned 0 after 3328 usecs
[   13.393739] calling  blackhole_init+0x0/0xc @ 1
[   13.401340] initcall blackhole_init+0x0/0xc returned 0 after 238 usecs
[   13.411598] calling  nfnetlink_init+0x0/0x61 @ 1
[   13.421139] initcall nfnetlink_init+0x0/0x61 returned 0 after 1633 usecs
[   13.432174] calling  nfnetlink_log_init+0x0/0x99 @ 1
[   13.441110] initcall nfnetlink_log_init+0x0/0x99 returned 0 after 1003 usecs
[   13.451708] rcu-torture: rcu_torture_read_exit: End of episode
[   13.454747] calling  nf_conntrack_standalone_init+0x0/0x87 @ 1
[   13.456726] input: ImExPS/2 Generic Explorer Mouse as /devices/platform/i8042/serio1/input/input3
[   13.457029] initcall nf_conntrack_standalone_init+0x0/0x87 returned 0 after 2222 usecs
[   13.457034] calling  ctnetlink_init+0x0/0x83 @ 1
[   13.457052] initcall ctnetlink_init+0x0/0x83 returned 0 after 14 usecs
